[2024-08-23T15:28:59.217+0800] Using Serial
[2024-08-23T15:28:59.218+0800] Version: 17.0.11+1-LTS (release)
[2024-08-23T15:28:59.218+0800] CPUs: 12 total, 12 available
[2024-08-23T15:28:59.218+0800] Memory: 32620M
[2024-08-23T15:28:59.218+0800] Large Page Support: Disabled
[2024-08-23T15:28:59.218+0800] NUMA Support: Disabled
[2024-08-23T15:28:59.218+0800] Compressed Oops: Enabled (32-bit)
[2024-08-23T15:28:59.218+0800] Heap Min Capacity: 512M
[2024-08-23T15:28:59.218+0800] Heap Initial Capacity: 512M
[2024-08-23T15:28:59.218+0800] Heap Max Capacity: 512M
[2024-08-23T15:28:59.218+0800] Pre-touch: Disabled
[2024-08-23T15:28:59.218+0800] Parallel Workers: 6
[2024-08-23T15:28:59.226+0800] CDS archive(s) mapped at: [0x000001bb26000000-0x000001bb26bc0000-0x000001bb26bc0000), size 12320768, SharedBaseAddress: 0x000001bb26000000, ArchiveRelocationMode: 1.
[2024-08-23T15:28:59.226+0800] Compressed class space mapped at: 0x000001bb27000000-0x000001bb67000000, reserved size: 1073741824
[2024-08-23T15:28:59.226+0800] Narrow klass base: 0x000001bb26000000, Narrow klass shift: 0, Narrow klass range: 0x100000000
[2024-08-23T15:29:00.601+0800] GC(0) Pause Young (Allocation Failure)
[2024-08-23T15:29:00.619+0800] GC(0) DefNew: 132290K(157248K)->5888K(157248K) Eden: 132290K(139776K)->0K(139776K) From: 0K(17472K)->5888K(17472K)
[2024-08-23T15:29:00.619+0800] GC(0) Tenured: 0K(349568K)->51200K(349568K)
[2024-08-23T15:29:00.619+0800] GC(0) Metaspace: 234K(448K)->234K(448K) NonClass: 226K(320K)->226K(320K) Class: 7K(128K)->7K(128K)
[2024-08-23T15:29:00.619+0800] GC(0) Pause Young (Allocation Failure) 129M->55M(494M) 18.572ms
[2024-08-23T15:29:00.619+0800] GC(0) User=0.00s Sys=0.02s Real=0.02s
[2024-08-23T15:29:01.606+0800] GC(1) Pause Young (Allocation Failure)
[2024-08-23T15:29:01.610+0800] GC(1) DefNew: 141715K(157248K)->12031K(157248K) Eden: 135827K(139776K)->0K(139776K) From: 5888K(17472K)->12031K(17472K)
[2024-08-23T15:29:01.610+0800] GC(1) Tenured: 51200K(349568K)->51200K(349568K)
[2024-08-23T15:29:01.610+0800] GC(1) Metaspace: 234K(448K)->234K(448K) NonClass: 226K(320K)->226K(320K) Class: 7K(128K)->7K(128K)
[2024-08-23T15:29:01.610+0800] GC(1) Pause Young (Allocation Failure) 188M->61M(494M) 4.483ms
[2024-08-23T15:29:01.610+0800] GC(1) User=0.00s Sys=0.00s Real=0.00s
[2024-08-23T15:29:02.045+0800] GC(2) Pause Young (Allocation Failure)
[2024-08-23T15:29:02.063+0800] GC(2) DefNew: 106925K(157248K)->6144K(157248K) Eden: 94893K(139776K)->0K(139776K) From: 12031K(17472K)->6144K(17472K)
[2024-08-23T15:29:02.063+0800] GC(2) Tenured: 51200K(349568K)->108287K(349568K)
[2024-08-23T15:29:02.063+0800] GC(2) Metaspace: 234K(448K)->234K(448K) NonClass: 226K(320K)->226K(320K) Class: 7K(128K)->7K(128K)
[2024-08-23T15:29:02.063+0800] GC(2) Pause Young (Allocation Failure) 154M->111M(494M) 19.148ms
[2024-08-23T15:29:02.063+0800] GC(2) User=0.00s Sys=0.02s Real=0.02s
[2024-08-23T15:29:03.061+0800] GC(3) Pause Young (Allocation Failure)
[2024-08-23T15:29:03.062+0800] GC(3) DefNew: 142012K(157248K)->12288K(157248K) Eden: 135868K(139776K)->0K(139776K) From: 6144K(17472K)->12288K(17472K)
[2024-08-23T15:29:03.062+0800] GC(3) Tenured: 108287K(349568K)->108287K(349568K)
[2024-08-23T15:29:03.062+0800] GC(3) Metaspace: 234K(448K)->234K(448K) NonClass: 226K(320K)->226K(320K) Class: 7K(128K)->7K(128K)
[2024-08-23T15:29:03.062+0800] GC(3) Pause Young (Allocation Failure) 244M->117M(494M) 1.199ms
[2024-08-23T15:29:03.062+0800] GC(3) User=0.00s Sys=0.00s Real=0.00s
[2024-08-23T15:29:04.918+0800] GC(4) Pause Young (Allocation Failure)
[2024-08-23T15:29:04.945+0800] GC(4) DefNew: 148153K(157248K)->15360K(157248K) Eden: 135865K(139776K)->0K(139776K) From: 12288K(17472K)->15360K(17472K)
[2024-08-23T15:29:04.945+0800] GC(4) Tenured: 108287K(349568K)->159487K(349568K)
[2024-08-23T15:29:04.945+0800] GC(4) Metaspace: 235K(448K)->235K(448K) NonClass: 228K(320K)->228K(320K) Class: 7K(128K)->7K(128K)
[2024-08-23T15:29:04.945+0800] GC(4) Pause Young (Allocation Failure) 250M->170M(494M) 27.398ms
[2024-08-23T15:29:04.945+0800] GC(4) User=0.00s Sys=0.02s Real=0.03s
[2024-08-23T15:29:05.930+0800] GC(5) Pause Young (Allocation Failure)
[2024-08-23T15:29:05.936+0800] GC(5) DefNew: 151237K(157248K)->10240K(157248K) Eden: 135877K(139776K)->0K(139776K) From: 15360K(17472K)->10240K(17472K)
[2024-08-23T15:29:05.936+0800] GC(5) Tenured: 159487K(349568K)->174848K(349568K)
[2024-08-23T15:29:05.936+0800] GC(5) Metaspace: 236K(448K)->236K(448K) NonClass: 229K(320K)->229K(320K) Class: 7K(128K)->7K(128K)
[2024-08-23T15:29:05.936+0800] GC(5) Pause Young (Allocation Failure) 303M->180M(494M) 6.423ms
[2024-08-23T15:29:05.936+0800] GC(5) User=0.00s Sys=0.00s Real=0.01s
[2024-08-23T15:29:06.367+0800] GC(6) Pause Young (Allocation Failure)
[2024-08-23T15:29:06.394+0800] GC(6) DefNew: 105158K(157248K)->0K(157248K) Eden: 94918K(139776K)->0K(139776K) From: 10240K(17472K)->0K(17472K)
[2024-08-23T15:29:06.394+0800] GC(6) Tenured: 174848K(349568K)->251648K(349568K)
[2024-08-23T15:29:06.394+0800] GC(6) Metaspace: 238K(448K)->238K(448K) NonClass: 230K(320K)->230K(320K) Class: 7K(128K)->7K(128K)
[2024-08-23T15:29:06.394+0800] GC(6) Pause Young (Allocation Failure) 273M->245M(494M) 26.469ms
[2024-08-23T15:29:06.394+0800] GC(6) User=0.00s Sys=0.02s Real=0.03s
[2024-08-23T15:29:07.600+0800] GC(7) Pause Young (Allocation Failure)
[2024-08-23T15:29:07.600+0800] GC(7) DefNew: 120524K(157248K)->5120K(157248K) Eden: 120524K(139776K)->0K(139776K) From: 0K(17472K)->5120K(17472K)
[2024-08-23T15:29:07.600+0800] GC(7) Tenured: 251648K(349568K)->251648K(349568K)
[2024-08-23T15:29:07.600+0800] GC(7) Metaspace: 238K(448K)->238K(448K) NonClass: 231K(320K)->231K(320K) Class: 7K(128K)->7K(128K)
[2024-08-23T15:29:07.600+0800] GC(7) Pause Young (Allocation Failure) 363M->250M(494M) 0.808ms
[2024-08-23T15:29:07.600+0800] GC(7) User=0.00s Sys=0.00s Real=0.00s
[2024-08-23T15:29:07.819+0800] GC(8) Pause Young (Allocation Failure)
[2024-08-23T15:29:07.852+0800] GC(8) DefNew: 79552K(157248K)->0K(157248K) Eden: 74432K(139776K)->0K(139776K) From: 5120K(17472K)->0K(17472K)
[2024-08-23T15:29:07.852+0800] GC(8) Tenured: 251648K(349568K)->302848K(349568K)
[2024-08-23T15:29:07.852+0800] GC(8) Metaspace: 238K(448K)->238K(448K) NonClass: 231K(320K)->231K(320K) Class: 7K(128K)->7K(128K)
[2024-08-23T15:29:07.852+0800] GC(8) Pause Young (Allocation Failure) 323M->295M(494M) 33.970ms
[2024-08-23T15:29:07.853+0800] GC(8) User=0.02s Sys=0.02s Real=0.03s
[2024-08-23T15:29:08.832+0800] GC(9) Pause Young (Allocation Failure)
[2024-08-23T15:29:08.832+0800] GC(9) Pause Young (Allocation Failure) 429M->429M(494M) 0.060ms
[2024-08-23T15:29:08.832+0800] GC(9) User=0.00s Sys=0.00s Real=0.00s
[2024-08-23T15:29:08.832+0800] GC(10) Pause Full (Allocation Failure)
[2024-08-23T15:29:08.832+0800] GC(10) Phase 1: Mark live objects
[2024-08-23T15:29:08.832+0800] GC(10) Phase 1: Mark live objects 0.594ms
[2024-08-23T15:29:08.832+0800] GC(10) Phase 2: Compute new object addresses
[2024-08-23T15:29:08.832+0800] GC(10) Phase 2: Compute new object addresses 0.141ms
[2024-08-23T15:29:08.832+0800] GC(10) Phase 3: Adjust pointers
[2024-08-23T15:29:08.832+0800] GC(10) Phase 3: Adjust pointers 0.300ms
[2024-08-23T15:29:08.832+0800] GC(10) Phase 4: Move objects
[2024-08-23T15:29:08.837+0800] GC(10) Phase 4: Move objects 4.639ms
[2024-08-23T15:29:08.837+0800] GC(10) DefNew: 137276K(157248K)->0K(157248K) Eden: 137276K(139776K)->0K(139776K) From: 0K(17472K)->0K(17472K)
[2024-08-23T15:29:08.837+0800] GC(10) Tenured: 302848K(349568K)->62208K(349568K)
[2024-08-23T15:29:08.837+0800] GC(10) Metaspace: 241K(448K)->241K(448K) NonClass: 233K(320K)->233K(320K) Class: 7K(128K)->7K(128K)
[2024-08-23T15:29:08.837+0800] GC(10) Pause Full (Allocation Failure) 429M->60M(494M) 5.835ms
[2024-08-23T15:29:08.837+0800] GC(10) User=0.00s Sys=0.00s Real=0.00s
[2024-08-23T15:29:09.270+0800] GC(11) Pause Young (Allocation Failure)
[2024-08-23T15:29:09.274+0800] GC(11) DefNew: 94901K(157248K)->0K(157248K) Eden: 94901K(139776K)->0K(139776K) From: 0K(17472K)->0K(17472K)
[2024-08-23T15:29:09.274+0800] GC(11) Tenured: 62208K(349568K)->113408K(349568K)
[2024-08-23T15:29:09.274+0800] GC(11) Metaspace: 241K(448K)->241K(448K) NonClass: 233K(320K)->233K(320K) Class: 7K(128K)->7K(128K)
[2024-08-23T15:29:09.274+0800] GC(11) Pause Young (Allocation Failure) 153M->110M(494M) 4.308ms
[2024-08-23T15:29:09.274+0800] GC(11) User=0.00s Sys=0.00s Real=0.00s
[2024-08-23T15:29:10.254+0800] GC(12) Pause Young (Allocation Failure)
[2024-08-23T15:29:10.263+0800] GC(12) DefNew: 135873K(157248K)->10240K(157248K) Eden: 135873K(139776K)->0K(139776K) From: 0K(17472K)->10240K(17472K)
[2024-08-23T15:29:10.263+0800] GC(12) Tenured: 113408K(349568K)->215808K(349568K)
[2024-08-23T15:29:10.263+0800] GC(12) Metaspace: 241K(448K)->241K(448K) NonClass: 233K(320K)->233K(320K) Class: 7K(128K)->7K(128K)
[2024-08-23T15:29:10.263+0800] GC(12) Pause Young (Allocation Failure) 243M->220M(494M) 10.524ms
[2024-08-23T15:29:10.263+0800] GC(12) User=0.00s Sys=0.00s Real=0.01s
[2024-08-23T15:29:10.704+0800] GC(13) Pause Young (Allocation Failure)
[2024-08-23T15:29:10.708+0800] GC(13) DefNew: 105148K(157248K)->0K(157248K) Eden: 94908K(139776K)->0K(139776K) From: 10240K(17472K)->0K(17472K)
[2024-08-23T15:29:10.708+0800] GC(13) Tenured: 215808K(349568K)->272128K(349568K)
[2024-08-23T15:29:10.708+0800] GC(13) Metaspace: 241K(448K)->241K(448K) NonClass: 233K(320K)->233K(320K) Class: 7K(128K)->7K(128K)
[2024-08-23T15:29:10.708+0800] GC(13) Pause Young (Allocation Failure) 313M->265M(494M) 4.824ms
[2024-08-23T15:29:10.708+0800] GC(13) User=0.00s Sys=0.00s Real=0.00s
[2024-08-23T15:29:11.904+0800] GC(14) Pause Young (Allocation Failure)
[2024-08-23T15:29:11.904+0800] GC(14) Pause Young (Allocation Failure) 399M->399M(494M) 0.083ms
[2024-08-23T15:29:11.904+0800] GC(14) User=0.00s Sys=0.00s Real=0.00s
[2024-08-23T15:29:11.904+0800] GC(15) Pause Full (Allocation Failure)
[2024-08-23T15:29:11.904+0800] GC(15) Phase 1: Mark live objects
[2024-08-23T15:29:11.905+0800] GC(15) Phase 1: Mark live objects 0.579ms
[2024-08-23T15:29:11.905+0800] GC(15) Phase 2: Compute new object addresses
[2024-08-23T15:29:11.905+0800] GC(15) Phase 2: Compute new object addresses 0.153ms
[2024-08-23T15:29:11.905+0800] GC(15) Phase 3: Adjust pointers
[2024-08-23T15:29:11.905+0800] GC(15) Phase 3: Adjust pointers 0.341ms
[2024-08-23T15:29:11.905+0800] GC(15) Phase 4: Move objects
[2024-08-23T15:29:11.906+0800] GC(15) Phase 4: Move objects 1.628ms
[2024-08-23T15:29:11.906+0800] GC(15) DefNew: 136786K(157248K)->0K(157248K) Eden: 136786K(139776K)->0K(139776K) From: 0K(17472K)->0K(17472K)
[2024-08-23T15:29:11.906+0800] GC(15) Tenured: 272128K(349568K)->16128K(349568K)
[2024-08-23T15:29:11.906+0800] GC(15) Metaspace: 242K(448K)->242K(448K) NonClass: 235K(320K)->235K(320K) Class: 7K(128K)->7K(128K)
[2024-08-23T15:29:11.906+0800] GC(15) Pause Full (Allocation Failure) 399M->15M(494M) 2.899ms
[2024-08-23T15:29:11.906+0800] GC(15) User=0.00s Sys=0.00s Real=0.00s
[2024-08-23T15:29:12.123+0800] GC(16) Pause Young (Allocation Failure)
[2024-08-23T15:29:12.127+0800] GC(16) DefNew: 74424K(157248K)->0K(157248K) Eden: 74424K(139776K)->0K(139776K) From: 0K(17472K)->0K(17472K)
[2024-08-23T15:29:12.127+0800] GC(16) Tenured: 16128K(349568K)->67328K(349568K)
[2024-08-23T15:29:12.127+0800] GC(16) Metaspace: 242K(448K)->242K(448K) NonClass: 235K(320K)->235K(320K) Class: 7K(128K)->7K(128K)
[2024-08-23T15:29:12.127+0800] GC(16) Pause Young (Allocation Failure) 88M->65M(494M) 4.325ms
[2024-08-23T15:29:12.127+0800] GC(16) User=0.00s Sys=0.00s Real=0.00s
[2024-08-23T15:29:13.105+0800] GC(17) Pause Young (Allocation Failure)
[2024-08-23T15:29:13.106+0800] GC(17) DefNew: 135860K(157248K)->6144K(157248K) Eden: 135860K(139776K)->0K(139776K) From: 0K(17472K)->6144K(17472K)
[2024-08-23T15:29:13.106+0800] GC(17) Tenured: 67328K(349568K)->67328K(349568K)
[2024-08-23T15:29:13.106+0800] GC(17) Metaspace: 246K(448K)->246K(448K) NonClass: 239K(320K)->239K(320K) Class: 7K(128K)->7K(128K)
[2024-08-23T15:29:13.106+0800] GC(17) Pause Young (Allocation Failure) 198M->71M(494M) 0.765ms
[2024-08-23T15:29:13.106+0800] GC(17) User=0.00s Sys=0.00s Real=0.00s
[2024-08-23T15:29:13.544+0800] GC(18) Pause Young (Allocation Failure)
[2024-08-23T15:29:13.549+0800] GC(18) DefNew: 101043K(157248K)->11264K(157248K) Eden: 94899K(139776K)->0K(139776K) From: 6144K(17472K)->11264K(17472K)
[2024-08-23T15:29:13.549+0800] GC(18) Tenured: 67328K(349568K)->118528K(349568K)
[2024-08-23T15:29:13.549+0800] GC(18) Metaspace: 247K(448K)->247K(448K) NonClass: 240K(320K)->240K(320K) Class: 7K(128K)->7K(128K)
[2024-08-23T15:29:13.549+0800] GC(18) Pause Young (Allocation Failure) 164M->126M(494M) 5.306ms
[2024-08-23T15:29:13.549+0800] GC(18) User=0.00s Sys=0.00s Real=0.01s
[2024-08-23T15:29:14.539+0800] GC(19) Pause Young (Allocation Failure)
[2024-08-23T15:29:14.541+0800] GC(19) DefNew: 147136K(157248K)->10240K(157248K) Eden: 135872K(139776K)->0K(139776K) From: 11264K(17472K)->10240K(17472K)
[2024-08-23T15:29:14.541+0800] GC(19) Tenured: 118528K(349568K)->129792K(349568K)
[2024-08-23T15:29:14.541+0800] GC(19) Metaspace: 247K(448K)->247K(448K) NonClass: 240K(320K)->240K(320K) Class: 7K(128K)->7K(128K)
[2024-08-23T15:29:14.541+0800] GC(19) Pause Young (Allocation Failure) 259M->136M(494M) 2.117ms
[2024-08-23T15:29:14.541+0800] GC(19) User=0.00s Sys=0.00s Real=0.00s
[2024-08-23T15:29:16.287+0800] GC(20) Pause Young (Allocation Failure)
[2024-08-23T15:29:16.290+0800] GC(20) DefNew: 105147K(157248K)->5120K(157248K) Eden: 94907K(139776K)->0K(139776K) From: 10240K(17472K)->5120K(17472K)
[2024-08-23T15:29:16.290+0800] GC(20) Tenured: 129792K(349568K)->150272K(349568K)
[2024-08-23T15:29:16.290+0800] GC(20) Metaspace: 247K(448K)->247K(448K) NonClass: 240K(320K)->240K(320K) Class: 7K(128K)->7K(128K)
[2024-08-23T15:29:16.290+0800] GC(20) Pause Young (Allocation Failure) 229M->151M(494M) 3.670ms
[2024-08-23T15:29:16.290+0800] GC(20) User=0.00s Sys=0.00s Real=0.00s
[2024-08-23T15:29:16.396+0800] GC(21) Pause Young (Allocation Failure)
[2024-08-23T15:29:16.403+0800] GC(21) DefNew: 59077K(157248K)->5120K(157248K) Eden: 53957K(139776K)->0K(139776K) From: 5120K(17472K)->5120K(17472K)
[2024-08-23T15:29:16.403+0800] GC(21) Tenured: 150272K(349568K)->201472K(349568K)
[2024-08-23T15:29:16.403+0800] GC(21) Metaspace: 247K(448K)->247K(448K) NonClass: 240K(320K)->240K(320K) Class: 7K(128K)->7K(128K)
[2024-08-23T15:29:16.403+0800] GC(21) Pause Young (Allocation Failure) 204M->201M(494M) 6.851ms
[2024-08-23T15:29:16.403+0800] GC(21) User=0.02s Sys=0.00s Real=0.01s
[2024-08-23T15:29:17.395+0800] GC(22) Pause Young (Allocation Failure)
[2024-08-23T15:29:17.396+0800] GC(22) DefNew: 140997K(157248K)->15360K(157248K) Eden: 135877K(139776K)->0K(139776K) From: 5120K(17472K)->15360K(17472K)
[2024-08-23T15:29:17.396+0800] GC(22) Tenured: 201472K(349568K)->201472K(349568K)
[2024-08-23T15:29:17.396+0800] GC(22) Metaspace: 247K(448K)->247K(448K) NonClass: 240K(320K)->240K(320K) Class: 7K(128K)->7K(128K)
[2024-08-23T15:29:17.396+0800] GC(22) Pause Young (Allocation Failure) 334M->211M(494M) 1.499ms
[2024-08-23T15:29:17.396+0800] GC(22) User=0.00s Sys=0.00s Real=0.00s
[2024-08-23T15:29:17.831+0800] GC(23) Pause Young (Allocation Failure)
[2024-08-23T15:29:17.836+0800] GC(23) DefNew: 110270K(157248K)->0K(157248K) Eden: 94910K(139776K)->0K(139776K) From: 15360K(17472K)->0K(17472K)
[2024-08-23T15:29:17.836+0800] GC(23) Tenured: 201472K(349568K)->262912K(349568K)
[2024-08-23T15:29:17.836+0800] GC(23) Metaspace: 247K(448K)->247K(448K) NonClass: 240K(320K)->240K(320K) Class: 7K(128K)->7K(128K)
[2024-08-23T15:29:17.836+0800] GC(23) Pause Young (Allocation Failure) 304M->256M(494M) 5.242ms
[2024-08-23T15:29:17.836+0800] GC(23) User=0.00s Sys=0.00s Real=0.00s
[2024-08-23T15:29:19.142+0800] GC(24) Pause Young (Allocation Failure)
[2024-08-23T15:29:19.142+0800] GC(24) Pause Young (Allocation Failure) 380M->380M(494M) 0.061ms
[2024-08-23T15:29:19.142+0800] GC(24) User=0.00s Sys=0.00s Real=0.00s
[2024-08-23T15:29:19.142+0800] GC(25) Pause Full (Allocation Failure)
[2024-08-23T15:29:19.142+0800] GC(25) Phase 1: Mark live objects
[2024-08-23T15:29:19.142+0800] GC(25) Phase 1: Mark live objects 0.557ms
[2024-08-23T15:29:19.142+0800] GC(25) Phase 2: Compute new object addresses
[2024-08-23T15:29:19.143+0800] GC(25) Phase 2: Compute new object addresses 0.161ms
[2024-08-23T15:29:19.143+0800] GC(25) Phase 3: Adjust pointers
[2024-08-23T15:29:19.143+0800] GC(25) Phase 3: Adjust pointers 0.306ms
[2024-08-23T15:29:19.143+0800] GC(25) Phase 4: Move objects
[2024-08-23T15:29:19.143+0800] GC(25) Phase 4: Move objects 0.409ms
[2024-08-23T15:29:19.143+0800] GC(25) DefNew: 126229K(157248K)->0K(157248K) Eden: 126229K(139776K)->0K(139776K) From: 0K(17472K)->0K(17472K)
[2024-08-23T15:29:19.143+0800] GC(25) Tenured: 262912K(349568K)->5888K(349568K)
[2024-08-23T15:29:19.143+0800] GC(25) Metaspace: 251K(448K)->251K(448K) NonClass: 243K(320K)->243K(320K) Class: 7K(128K)->7K(128K)
[2024-08-23T15:29:19.143+0800] GC(25) Pause Full (Allocation Failure) 380M->5M(494M) 1.617ms
[2024-08-23T15:29:19.143+0800] GC(25) User=0.00s Sys=0.00s Real=0.00s
[2024-08-23T15:29:19.252+0800] GC(26) Pause Young (Allocation Failure)
[2024-08-23T15:29:19.256+0800] GC(26) DefNew: 53945K(157248K)->0K(157248K) Eden: 53945K(139776K)->0K(139776K) From: 0K(17472K)->0K(17472K)
[2024-08-23T15:29:19.256+0800] GC(26) Tenured: 5888K(349568K)->57088K(349568K)
[2024-08-23T15:29:19.256+0800] GC(26) Metaspace: 251K(448K)->251K(448K) NonClass: 243K(320K)->243K(320K) Class: 7K(128K)->7K(128K)
[2024-08-23T15:29:19.256+0800] GC(26) Pause Young (Allocation Failure) 58M->55M(494M) 5.301ms
[2024-08-23T15:29:19.256+0800] GC(26) User=0.00s Sys=0.00s Real=0.00s
[2024-08-23T15:29:20.245+0800] GC(27) Pause Young (Allocation Failure)
[2024-08-23T15:29:20.254+0800] GC(27) DefNew: 136249K(157248K)->10240K(157248K) Eden: 136249K(139776K)->0K(139776K) From: 0K(17472K)->10240K(17472K)
[2024-08-23T15:29:20.254+0800] GC(27) Tenured: 57088K(349568K)->159488K(349568K)
[2024-08-23T15:29:20.254+0800] GC(27) Metaspace: 253K(448K)->253K(448K) NonClass: 246K(320K)->246K(320K) Class: 7K(128K)->7K(128K)
[2024-08-23T15:29:20.254+0800] GC(27) Pause Young (Allocation Failure) 188M->165M(494M) 10.027ms
[2024-08-23T15:29:20.254+0800] GC(27) User=0.00s Sys=0.00s Real=0.01s
[2024-08-23T15:29:20.695+0800] GC(28) Pause Young (Allocation Failure)
[2024-08-23T15:29:20.699+0800] GC(28) DefNew: 105141K(157248K)->0K(157248K) Eden: 94900K(139776K)->0K(139776K) From: 10240K(17472K)->0K(17472K)
[2024-08-23T15:29:20.699+0800] GC(28) Tenured: 159488K(349568K)->215808K(349568K)
[2024-08-23T15:29:20.699+0800] GC(28) Metaspace: 253K(448K)->253K(448K) NonClass: 246K(320K)->246K(320K) Class: 7K(128K)->7K(128K)
[2024-08-23T15:29:20.699+0800] GC(28) Pause Young (Allocation Failure) 258M->210M(494M) 4.815ms
[2024-08-23T15:29:20.699+0800] GC(28) User=0.00s Sys=0.00s Real=0.00s
[2024-08-23T15:29:21.681+0800] GC(29) Pause Young (Allocation Failure)
[2024-08-23T15:29:21.681+0800] GC(29) DefNew: 135872K(157248K)->6144K(157248K) Eden: 135872K(139776K)->0K(139776K) From: 0K(17472K)->6144K(17472K)
[2024-08-23T15:29:21.681+0800] GC(29) Tenured: 215808K(349568K)->215808K(349568K)
[2024-08-23T15:29:21.681+0800] GC(29) Metaspace: 253K(448K)->253K(448K) NonClass: 246K(320K)->246K(320K) Class: 7K(128K)->7K(128K)
[2024-08-23T15:29:21.681+0800] GC(29) Pause Young (Allocation Failure) 343M->216M(494M) 0.713ms
[2024-08-23T15:29:21.681+0800] GC(29) User=0.00s Sys=0.00s Real=0.00s
[2024-08-23T15:29:22.116+0800] GC(30) Pause Young (Allocation Failure)
[2024-08-23T15:29:22.121+0800] GC(30) DefNew: 101052K(157248K)->6144K(157248K) Eden: 94908K(139776K)->0K(139776K) From: 6144K(17472K)->6144K(17472K)
[2024-08-23T15:29:22.121+0800] GC(30) Tenured: 215808K(349568K)->267008K(349568K)
[2024-08-23T15:29:22.121+0800] GC(30) Metaspace: 253K(448K)->253K(448K) NonClass: 246K(320K)->246K(320K) Class: 7K(128K)->7K(128K)
[2024-08-23T15:29:22.121+0800] GC(30) Pause Young (Allocation Failure) 309M->266M(494M) 5.203ms
[2024-08-23T15:29:22.121+0800] GC(30) User=0.00s Sys=0.00s Real=0.01s
[2024-08-23T15:29:23.321+0800] GC(31) Pause Young (Allocation Failure)
[2024-08-23T15:29:23.321+0800] GC(31) Pause Young (Allocation Failure) 394M->394M(494M) 0.090ms
[2024-08-23T15:29:23.321+0800] GC(31) User=0.00s Sys=0.00s Real=0.00s
[2024-08-23T15:29:23.321+0800] GC(32) Pause Full (Allocation Failure)
[2024-08-23T15:29:23.321+0800] GC(32) Phase 1: Mark live objects
[2024-08-23T15:29:23.321+0800] GC(32) Phase 1: Mark live objects 0.770ms
[2024-08-23T15:29:23.321+0800] GC(32) Phase 2: Compute new object addresses
[2024-08-23T15:29:23.321+0800] GC(32) Phase 2: Compute new object addresses 0.196ms
[2024-08-23T15:29:23.321+0800] GC(32) Phase 3: Adjust pointers
[2024-08-23T15:29:23.322+0800] GC(32) Phase 3: Adjust pointers 0.394ms
[2024-08-23T15:29:23.322+0800] GC(32) Phase 4: Move objects
[2024-08-23T15:29:23.323+0800] GC(32) Phase 4: Move objects 1.588ms
[2024-08-23T15:29:23.323+0800] GC(32) DefNew: 136901K(157248K)->0K(157248K) Eden: 130757K(139776K)->0K(139776K) From: 6144K(17472K)->0K(17472K)
[2024-08-23T15:29:23.323+0800] GC(32) Tenured: 267008K(349568K)->21248K(349568K)
[2024-08-23T15:29:23.323+0800] GC(32) Metaspace: 254K(448K)->254K(448K) NonClass: 246K(320K)->246K(320K) Class: 7K(128K)->7K(128K)
[2024-08-23T15:29:23.323+0800] GC(32) Pause Full (Allocation Failure) 394M->20M(494M) 3.178ms
[2024-08-23T15:29:23.323+0800] GC(32) User=0.00s Sys=0.00s Real=0.00s
[2024-08-23T15:29:23.538+0800] GC(33) Pause Young (Allocation Failure)
[2024-08-23T15:29:23.541+0800] GC(33) DefNew: 74430K(157248K)->0K(157248K) Eden: 74430K(139776K)->0K(139776K) From: 0K(17472K)->0K(17472K)
[2024-08-23T15:29:23.542+0800] GC(33) Tenured: 21248K(349568K)->72448K(349568K)
[2024-08-23T15:29:23.542+0800] GC(33) Metaspace: 254K(448K)->254K(448K) NonClass: 246K(320K)->246K(320K) Class: 7K(128K)->7K(128K)
[2024-08-23T15:29:23.542+0800] GC(33) Pause Young (Allocation Failure) 93M->70M(494M) 4.191ms
[2024-08-23T15:29:23.542+0800] GC(33) User=0.00s Sys=0.00s Real=0.00s
[2024-08-23T15:29:24.524+0800] GC(34) Pause Young (Allocation Failure)
[2024-08-23T15:29:24.525+0800] GC(34) DefNew: 135876K(157248K)->10240K(157248K) Eden: 135876K(139776K)->0K(139776K) From: 0K(17472K)->10240K(17472K)
[2024-08-23T15:29:24.525+0800] GC(34) Tenured: 72448K(349568K)->72448K(349568K)
[2024-08-23T15:29:24.525+0800] GC(34) Metaspace: 254K(448K)->254K(448K) NonClass: 246K(320K)->246K(320K) Class: 7K(128K)->7K(128K)
[2024-08-23T15:29:24.525+0800] GC(34) Pause Young (Allocation Failure) 203M->80M(494M) 1.350ms
[2024-08-23T15:29:24.525+0800] GC(34) User=0.00s Sys=0.00s Real=0.00s
[2024-08-23T15:29:24.961+0800] GC(35) Pause Young (Allocation Failure)
[2024-08-23T15:29:24.967+0800] GC(35) DefNew: 105150K(157248K)->10240K(157248K) Eden: 94910K(139776K)->0K(139776K) From: 10240K(17472K)->10240K(17472K)
[2024-08-23T15:29:24.967+0800] GC(35) Tenured: 72448K(349568K)->128768K(349568K)
[2024-08-23T15:29:24.967+0800] GC(35) Metaspace: 255K(448K)->255K(448K) NonClass: 247K(320K)->247K(320K) Class: 7K(128K)->7K(128K)
[2024-08-23T15:29:24.967+0800] GC(35) Pause Young (Allocation Failure) 173M->135M(494M) 7.107ms
[2024-08-23T15:29:24.967+0800] GC(35) User=0.00s Sys=0.00s Real=0.01s
[2024-08-23T15:29:25.958+0800] GC(36) Pause Young (Allocation Failure)
[2024-08-23T15:29:25.960+0800] GC(36) DefNew: 146119K(157248K)->10240K(157248K) Eden: 135879K(139776K)->0K(139776K) From: 10240K(17472K)->10240K(17472K)
[2024-08-23T15:29:25.960+0800] GC(36) Tenured: 128768K(349568K)->139008K(349568K)
[2024-08-23T15:29:25.960+0800] GC(36) Metaspace: 255K(448K)->255K(448K) NonClass: 247K(320K)->247K(320K) Class: 7K(128K)->7K(128K)
[2024-08-23T15:29:25.960+0800] GC(36) Pause Young (Allocation Failure) 268M->145M(494M) 1.954ms
[2024-08-23T15:29:25.960+0800] GC(36) User=0.00s Sys=0.00s Real=0.00s
[2024-08-23T15:29:27.705+0800] GC(37) Pause Young (Allocation Failure)
[2024-08-23T15:29:27.707+0800] GC(37) DefNew: 120761K(157248K)->5120K(157248K) Eden: 110521K(139776K)->0K(139776K) From: 10240K(17472K)->5120K(17472K)
[2024-08-23T15:29:27.707+0800] GC(37) Tenured: 139008K(349568K)->159488K(349568K)
[2024-08-23T15:29:27.707+0800] GC(37) Metaspace: 269K(448K)->269K(448K) NonClass: 261K(320K)->261K(320K) Class: 7K(128K)->7K(128K)
[2024-08-23T15:29:27.708+0800] GC(37) Pause Young (Allocation Failure) 253M->160M(494M) 2.907ms
[2024-08-23T15:29:27.708+0800] GC(37) User=0.00s Sys=0.00s Real=0.00s
[2024-08-23T15:29:27.815+0800] GC(38) Pause Young (Allocation Failure)
[2024-08-23T15:29:27.820+0800] GC(38) DefNew: 59079K(157248K)->5120K(157248K) Eden: 53958K(139776K)->0K(139776K) From: 5120K(17472K)->5120K(17472K)
[2024-08-23T15:29:27.820+0800] GC(38) Tenured: 159488K(349568K)->210688K(349568K)
[2024-08-23T15:29:27.821+0800] GC(38) Metaspace: 269K(448K)->269K(448K) NonClass: 261K(320K)->261K(320K) Class: 7K(128K)->7K(128K)
[2024-08-23T15:29:27.821+0800] GC(38) Pause Young (Allocation Failure) 213M->210M(494M) 5.368ms
[2024-08-23T15:29:27.821+0800] GC(38) User=0.00s Sys=0.00s Real=0.01s
[2024-08-23T15:29:28.812+0800] GC(39) Pause Young (Allocation Failure)
[2024-08-23T15:29:28.814+0800] GC(39) DefNew: 140999K(157248K)->15360K(157248K) Eden: 135878K(139776K)->0K(139776K) From: 5120K(17472K)->15360K(17472K)
[2024-08-23T15:29:28.814+0800] GC(39) Tenured: 210688K(349568K)->210688K(349568K)
[2024-08-23T15:29:28.814+0800] GC(39) Metaspace: 269K(448K)->269K(448K) NonClass: 261K(320K)->261K(320K) Class: 7K(128K)->7K(128K)
[2024-08-23T15:29:28.814+0800] GC(39) Pause Young (Allocation Failure) 343M->220M(494M) 2.690ms
[2024-08-23T15:29:28.814+0800] GC(39) User=0.00s Sys=0.00s Real=0.00s
[2024-08-23T15:29:29.251+0800] GC(40) Pause Young (Allocation Failure)
[2024-08-23T15:29:29.256+0800] GC(40) DefNew: 110272K(157248K)->0K(157248K) Eden: 94911K(139776K)->0K(139776K) From: 15360K(17472K)->0K(17472K)
[2024-08-23T15:29:29.256+0800] GC(40) Tenured: 210688K(349568K)->272129K(349568K)
[2024-08-23T15:29:29.256+0800] GC(40) Metaspace: 269K(448K)->269K(448K) NonClass: 261K(320K)->261K(320K) Class: 7K(128K)->7K(128K)
[2024-08-23T15:29:29.256+0800] GC(40) Pause Young (Allocation Failure) 313M->265M(494M) 5.290ms
[2024-08-23T15:29:29.256+0800] GC(40) User=0.00s Sys=0.00s Real=0.01s
[2024-08-23T15:29:30.684+0800] GC(41) Pause Young (Allocation Failure)
[2024-08-23T15:29:30.684+0800] GC(41) Pause Young (Allocation Failure) 393M->393M(494M) 0.058ms
[2024-08-23T15:29:30.684+0800] GC(41) User=0.00s Sys=0.00s Real=0.00s
[2024-08-23T15:29:30.684+0800] GC(42) Pause Full (Allocation Failure)
[2024-08-23T15:29:30.684+0800] GC(42) Phase 1: Mark live objects
[2024-08-23T15:29:30.684+0800] GC(42) Phase 1: Mark live objects 0.572ms
[2024-08-23T15:29:30.684+0800] GC(42) Phase 2: Compute new object addresses
[2024-08-23T15:29:30.685+0800] GC(42) Phase 2: Compute new object addresses 0.146ms
[2024-08-23T15:29:30.685+0800] GC(42) Phase 3: Adjust pointers
[2024-08-23T15:29:30.685+0800] GC(42) Phase 3: Adjust pointers 0.309ms
[2024-08-23T15:29:30.685+0800] GC(42) Phase 4: Move objects
[2024-08-23T15:29:30.685+0800] GC(42) Phase 4: Move objects 0.418ms
[2024-08-23T15:29:30.685+0800] GC(42) DefNew: 130759K(157248K)->0K(157248K) Eden: 130759K(139776K)->0K(139776K) From: 0K(17472K)->0K(17472K)
[2024-08-23T15:29:30.685+0800] GC(42) Tenured: 272129K(349568K)->5888K(349568K)
[2024-08-23T15:29:30.685+0800] GC(42) Metaspace: 269K(448K)->269K(448K) NonClass: 261K(320K)->261K(320K) Class: 7K(128K)->7K(128K)
[2024-08-23T15:29:30.685+0800] GC(42) Pause Full (Allocation Failure) 393M->5M(494M) 1.587ms
[2024-08-23T15:29:30.685+0800] GC(42) User=0.00s Sys=0.00s Real=0.00s
[2024-08-23T15:29:31.672+0800] GC(43) Pause Young (Allocation Failure)
[2024-08-23T15:29:31.672+0800] GC(43) DefNew: 135871K(157248K)->6144K(157248K) Eden: 135871K(139776K)->0K(139776K) From: 0K(17472K)->6144K(17472K)
[2024-08-23T15:29:31.672+0800] GC(43) Tenured: 5888K(349568K)->5888K(349568K)
[2024-08-23T15:29:31.672+0800] GC(43) Metaspace: 269K(448K)->269K(448K) NonClass: 261K(320K)->261K(320K) Class: 7K(128K)->7K(128K)
[2024-08-23T15:29:31.672+0800] GC(43) Pause Young (Allocation Failure) 138M->11M(494M) 0.800ms
[2024-08-23T15:29:31.672+0800] GC(43) User=0.00s Sys=0.00s Real=0.00s
[2024-08-23T15:29:32.110+0800] GC(44) Pause Young (Allocation Failure)
[2024-08-23T15:29:32.117+0800] GC(44) DefNew: 101066K(157248K)->6144K(157248K) Eden: 94922K(139776K)->0K(139776K) From: 6144K(17472K)->6144K(17472K)
[2024-08-23T15:29:32.117+0800] GC(44) Tenured: 5888K(349568K)->57088K(349568K)
[2024-08-23T15:29:32.117+0800] GC(44) Metaspace: 269K(448K)->269K(448K) NonClass: 261K(320K)->261K(320K) Class: 7K(128K)->7K(128K)
[2024-08-23T15:29:32.117+0800] GC(44) Pause Young (Allocation Failure) 104M->61M(494M) 6.921ms
[2024-08-23T15:29:32.117+0800] GC(44) User=0.00s Sys=0.00s Real=0.01s
[2024-08-23T15:29:33.106+0800] GC(45) Pause Young (Allocation Failure)
[2024-08-23T15:29:33.107+0800] GC(45) DefNew: 142030K(157248K)->12288K(157248K) Eden: 135886K(139776K)->0K(139776K) From: 6144K(17472K)->12288K(17472K)
[2024-08-23T15:29:33.107+0800] GC(45) Tenured: 57088K(349568K)->57088K(349568K)
[2024-08-23T15:29:33.107+0800] GC(45) Metaspace: 269K(448K)->269K(448K) NonClass: 261K(320K)->261K(320K) Class: 7K(128K)->7K(128K)
[2024-08-23T15:29:33.107+0800] GC(45) Pause Young (Allocation Failure) 194M->67M(494M) 1.645ms
[2024-08-23T15:29:33.107+0800] GC(45) User=0.00s Sys=0.00s Real=0.00s
[2024-08-23T15:29:33.545+0800] GC(46) Pause Young (Allocation Failure)
[2024-08-23T15:29:33.551+0800] GC(46) DefNew: 107204K(157248K)->11264K(157248K) Eden: 94916K(139776K)->0K(139776K) From: 12288K(17472K)->11264K(17472K)
[2024-08-23T15:29:33.552+0800] GC(46) Tenured: 57088K(349568K)->114433K(349568K)
[2024-08-23T15:29:33.552+0800] GC(46) Metaspace: 269K(448K)->269K(448K) NonClass: 261K(320K)->261K(320K) Class: 7K(128K)->7K(128K)
[2024-08-23T15:29:33.552+0800] GC(46) Pause Young (Allocation Failure) 160M->122M(494M) 6.376ms
[2024-08-23T15:29:33.552+0800] GC(46) User=0.00s Sys=0.00s Real=0.01s
[2024-08-23T15:29:34.761+0800] GC(47) Pause Young (Allocation Failure)
[2024-08-23T15:29:34.762+0800] GC(47) DefNew: 142027K(157248K)->10240K(157248K) Eden: 130763K(139776K)->0K(139776K) From: 11264K(17472K)->10240K(17472K)
[2024-08-23T15:29:34.762+0800] GC(47) Tenured: 114433K(349568K)->114433K(349568K)
[2024-08-23T15:29:34.762+0800] GC(47) Metaspace: 269K(448K)->269K(448K) NonClass: 261K(320K)->261K(320K) Class: 7K(128K)->7K(128K)
[2024-08-23T15:29:34.762+0800] GC(47) Pause Young (Allocation Failure) 250M->121M(494M) 1.237ms
[2024-08-23T15:29:34.762+0800] GC(47) User=0.00s Sys=0.00s Real=0.00s
[2024-08-23T15:29:34.980+0800] GC(48) Pause Young (Allocation Failure)
[2024-08-23T15:29:34.985+0800] GC(48) DefNew: 84673K(157248K)->0K(157248K) Eden: 74433K(139776K)->0K(139776K) From: 10240K(17472K)->0K(17472K)
[2024-08-23T15:29:34.985+0800] GC(48) Tenured: 114433K(349568K)->175873K(349568K)
[2024-08-23T15:29:34.985+0800] GC(48) Metaspace: 269K(448K)->269K(448K) NonClass: 261K(320K)->261K(320K) Class: 7K(128K)->7K(128K)
[2024-08-23T15:29:34.985+0800] GC(48) Pause Young (Allocation Failure) 194M->171M(494M) 5.296ms
[2024-08-23T15:29:34.985+0800] GC(48) User=0.00s Sys=0.00s Real=0.00s
[2024-08-23T15:29:35.961+0800] GC(49) Pause Young (Allocation Failure)
[2024-08-23T15:29:35.962+0800] GC(49) DefNew: 135879K(157248K)->10240K(157248K) Eden: 135879K(139776K)->0K(139776K) From: 0K(17472K)->10240K(17472K)
[2024-08-23T15:29:35.962+0800] GC(49) Tenured: 175873K(349568K)->175873K(349568K)
[2024-08-23T15:29:35.962+0800] GC(49) Metaspace: 269K(448K)->269K(448K) NonClass: 261K(320K)->261K(320K) Class: 7K(128K)->7K(128K)
[2024-08-23T15:29:35.962+0800] GC(49) Pause Young (Allocation Failure) 304M->181M(494M) 1.177ms
[2024-08-23T15:29:35.962+0800] GC(49) User=0.00s Sys=0.00s Real=0.00s
[2024-08-23T15:29:36.394+0800] GC(50) Pause Young (Allocation Failure)
[2024-08-23T15:29:36.400+0800] GC(50) DefNew: 105152K(157248K)->0K(157248K) Eden: 94912K(139776K)->0K(139776K) From: 10240K(17472K)->0K(17472K)
[2024-08-23T15:29:36.400+0800] GC(50) Tenured: 175873K(349568K)->252673K(349568K)
[2024-08-23T15:29:36.400+0800] GC(50) Metaspace: 269K(448K)->269K(448K) NonClass: 261K(320K)->261K(320K) Class: 7K(128K)->7K(128K)
[2024-08-23T15:29:36.400+0800] GC(50) Pause Young (Allocation Failure) 274M->246M(494M) 6.473ms
[2024-08-23T15:29:36.400+0800] GC(50) User=0.00s Sys=0.00s Real=0.01s
[2024-08-23T15:29:37.393+0800] GC(51) Pause Young (Allocation Failure)
[2024-08-23T15:29:37.393+0800] GC(51) Pause Young (Allocation Failure) 379M->379M(494M) 0.080ms
[2024-08-23T15:29:37.393+0800] GC(51) User=0.00s Sys=0.00s Real=0.00s
[2024-08-23T15:29:37.393+0800] GC(52) Pause Full (Allocation Failure)
[2024-08-23T15:29:37.393+0800] GC(52) Phase 1: Mark live objects
[2024-08-23T15:29:37.393+0800] GC(52) Phase 1: Mark live objects 0.696ms
[2024-08-23T15:29:37.394+0800] GC(52) Phase 2: Compute new object addresses
[2024-08-23T15:29:37.394+0800] GC(52) Phase 2: Compute new object addresses 0.171ms
[2024-08-23T15:29:37.394+0800] GC(52) Phase 3: Adjust pointers
[2024-08-23T15:29:37.394+0800] GC(52) Phase 3: Adjust pointers 0.363ms
[2024-08-23T15:29:37.394+0800] GC(52) Phase 4: Move objects
[2024-08-23T15:29:37.398+0800] GC(52) Phase 4: Move objects 4.042ms
[2024-08-23T15:29:37.398+0800] GC(52) DefNew: 135880K(157248K)->0K(157248K) Eden: 135880K(139776K)->0K(139776K) From: 0K(17472K)->0K(17472K)
[2024-08-23T15:29:37.398+0800] GC(52) Tenured: 252673K(349568K)->46849K(349568K)
[2024-08-23T15:29:37.398+0800] GC(52) Metaspace: 269K(448K)->269K(448K) NonClass: 261K(320K)->261K(320K) Class: 7K(128K)->7K(128K)
[2024-08-23T15:29:37.398+0800] GC(52) Pause Full (Allocation Failure) 379M->45M(494M) 5.473ms
[2024-08-23T15:29:37.398+0800] GC(52) User=0.00s Sys=0.00s Real=0.01s
[2024-08-23T15:29:39.026+0800] GC(53) Pause Young (Allocation Failure)
[2024-08-23T15:29:39.027+0800] GC(53) DefNew: 135872K(157248K)->15360K(157248K) Eden: 135872K(139776K)->0K(139776K) From: 0K(17472K)->15360K(17472K)
[2024-08-23T15:29:39.027+0800] GC(53) Tenured: 46849K(349568K)->46849K(349568K)
[2024-08-23T15:29:39.027+0800] GC(53) Metaspace: 269K(448K)->269K(448K) NonClass: 261K(320K)->261K(320K) Class: 7K(128K)->7K(128K)
[2024-08-23T15:29:39.027+0800] GC(53) Pause Young (Allocation Failure) 178M->60M(494M) 1.311ms
[2024-08-23T15:29:39.027+0800] GC(53) User=0.00s Sys=0.00s Real=0.00s
[2024-08-23T15:29:39.246+0800] GC(54) Pause Young (Allocation Failure)
[2024-08-23T15:29:39.250+0800] GC(54) DefNew: 89802K(157248K)->0K(157248K) Eden: 74442K(139776K)->0K(139776K) From: 15360K(17472K)->0K(17472K)
[2024-08-23T15:29:39.250+0800] GC(54) Tenured: 46849K(349568K)->103169K(349568K)
[2024-08-23T15:29:39.250+0800] GC(54) Metaspace: 269K(448K)->269K(448K) NonClass: 261K(320K)->261K(320K) Class: 7K(128K)->7K(128K)
[2024-08-23T15:29:39.250+0800] GC(54) Pause Young (Allocation Failure) 133M->100M(494M) 4.620ms
[2024-08-23T15:29:39.250+0800] GC(54) User=0.00s Sys=0.00s Real=0.00s
[2024-08-23T15:29:40.241+0800] GC(55) Pause Young (Allocation Failure)
[2024-08-23T15:29:40.250+0800] GC(55) DefNew: 135857K(157248K)->10240K(157248K) Eden: 135857K(139776K)->0K(139776K) From: 0K(17472K)->10240K(17472K)
[2024-08-23T15:29:40.250+0800] GC(55) Tenured: 103169K(349568K)->205569K(349568K)
[2024-08-23T15:29:40.250+0800] GC(55) Metaspace: 271K(448K)->271K(448K) NonClass: 263K(320K)->263K(320K) Class: 7K(128K)->7K(128K)
[2024-08-23T15:29:40.250+0800] GC(55) Pause Young (Allocation Failure) 233M->210M(494M) 10.364ms
[2024-08-23T15:29:40.250+0800] GC(55) User=0.00s Sys=0.00s Real=0.01s
[2024-08-23T15:29:40.692+0800] GC(56) Pause Young (Allocation Failure)
[2024-08-23T15:29:40.697+0800] GC(56) DefNew: 105138K(157248K)->0K(157248K) Eden: 94898K(139776K)->0K(139776K) From: 10240K(17472K)->0K(17472K)
[2024-08-23T15:29:40.697+0800] GC(56) Tenured: 205569K(349568K)->261889K(349568K)
[2024-08-23T15:29:40.697+0800] GC(56) Metaspace: 275K(448K)->275K(448K) NonClass: 267K(320K)->267K(320K) Class: 7K(128K)->7K(128K)
[2024-08-23T15:29:40.697+0800] GC(56) Pause Young (Allocation Failure) 303M->255M(494M) 4.645ms
[2024-08-23T15:29:40.697+0800] GC(56) User=0.00s Sys=0.00s Real=0.01s
[2024-08-23T15:29:42.443+0800] GC(57) Pause Young (Allocation Failure)
[2024-08-23T15:29:42.443+0800] GC(57) Pause Young (Allocation Failure) 390M->390M(494M) 0.064ms
[2024-08-23T15:29:42.443+0800] GC(57) User=0.00s Sys=0.00s Real=0.00s
[2024-08-23T15:29:42.443+0800] GC(58) Pause Full (Allocation Failure)
[2024-08-23T15:29:42.443+0800] GC(58) Phase 1: Mark live objects
[2024-08-23T15:29:42.443+0800] GC(58) Phase 1: Mark live objects 0.578ms
[2024-08-23T15:29:42.443+0800] GC(58) Phase 2: Compute new object addresses
[2024-08-23T15:29:42.444+0800] GC(58) Phase 2: Compute new object addresses 0.155ms
[2024-08-23T15:29:42.444+0800] GC(58) Phase 3: Adjust pointers
[2024-08-23T15:29:42.444+0800] GC(58) Phase 3: Adjust pointers 0.336ms
[2024-08-23T15:29:42.444+0800] GC(58) Phase 4: Move objects
[2024-08-23T15:29:42.444+0800] GC(58) Phase 4: Move objects 0.099ms
[2024-08-23T15:29:42.444+0800] GC(58) DefNew: 138081K(157248K)->0K(157248K) Eden: 138081K(139776K)->0K(139776K) From: 0K(17472K)->0K(17472K)
[2024-08-23T15:29:42.444+0800] GC(58) Tenured: 261889K(349568K)->1793K(349568K)
[2024-08-23T15:29:42.444+0800] GC(58) Metaspace: 278K(512K)->278K(512K) NonClass: 271K(384K)->271K(384K) Class: 7K(128K)->7K(128K)
[2024-08-23T15:29:42.444+0800] GC(58) Pause Full (Allocation Failure) 390M->1M(494M) 1.316ms
[2024-08-23T15:29:42.444+0800] GC(58) User=0.00s Sys=0.00s Real=0.00s
[2024-08-23T15:29:43.534+0800] GC(59) Pause Young (Allocation Failure)
[2024-08-23T15:29:43.540+0800] GC(59) DefNew: 125626K(157248K)->10240K(157248K) Eden: 125626K(139776K)->0K(139776K) From: 0K(17472K)->10240K(17472K)
[2024-08-23T15:29:43.541+0800] GC(59) Tenured: 1793K(349568K)->52993K(349568K)
[2024-08-23T15:29:43.541+0800] GC(59) Metaspace: 278K(512K)->278K(512K) NonClass: 271K(384K)->271K(384K) Class: 7K(128K)->7K(128K)
[2024-08-23T15:29:43.541+0800] GC(59) Pause Young (Allocation Failure) 124M->61M(494M) 6.302ms
[2024-08-23T15:29:43.541+0800] GC(59) User=0.00s Sys=0.00s Real=0.01s
[2024-08-23T15:29:44.531+0800] GC(60) Pause Young (Allocation Failure)
[2024-08-23T15:29:44.532+0800] GC(60) DefNew: 146118K(157248K)->10240K(157248K) Eden: 135878K(139776K)->0K(139776K) From: 10240K(17472K)->10240K(17472K)
[2024-08-23T15:29:44.533+0800] GC(60) Tenured: 52993K(349568K)->63233K(349568K)
[2024-08-23T15:29:44.533+0800] GC(60) Metaspace: 278K(512K)->278K(512K) NonClass: 271K(384K)->271K(384K) Class: 7K(128K)->7K(128K)
[2024-08-23T15:29:44.533+0800] GC(60) Pause Young (Allocation Failure) 194M->71M(494M) 1.805ms
[2024-08-23T15:29:44.533+0800] GC(60) User=0.00s Sys=0.00s Real=0.00s
[2024-08-23T15:29:44.968+0800] GC(61) Pause Young (Allocation Failure)
[2024-08-23T15:29:44.975+0800] GC(61) DefNew: 105151K(157248K)->10240K(157248K) Eden: 94911K(139776K)->0K(139776K) From: 10240K(17472K)->10240K(17472K)
[2024-08-23T15:29:44.975+0800] GC(61) Tenured: 63233K(349568K)->119553K(349568K)
[2024-08-23T15:29:44.975+0800] GC(61) Metaspace: 278K(512K)->278K(512K) NonClass: 271K(384K)->271K(384K) Class: 7K(128K)->7K(128K)
[2024-08-23T15:29:44.975+0800] GC(61) Pause Young (Allocation Failure) 164M->126M(494M) 6.628ms
[2024-08-23T15:29:44.975+0800] GC(61) User=0.00s Sys=0.00s Real=0.01s
[2024-08-23T15:29:46.186+0800] GC(62) Pause Young (Allocation Failure)
[2024-08-23T15:29:46.187+0800] GC(62) DefNew: 135879K(157248K)->10240K(157248K) Eden: 125639K(139776K)->0K(139776K) From: 10240K(17472K)->10240K(17472K)
[2024-08-23T15:29:46.187+0800] GC(62) Tenured: 119553K(349568K)->119553K(349568K)
[2024-08-23T15:29:46.187+0800] GC(62) Metaspace: 278K(512K)->278K(512K) NonClass: 271K(384K)->271K(384K) Class: 7K(128K)->7K(128K)
[2024-08-23T15:29:46.187+0800] GC(62) Pause Young (Allocation Failure) 249M->126M(494M) 1.695ms
[2024-08-23T15:29:46.187+0800] GC(62) User=0.00s Sys=0.00s Real=0.00s
[2024-08-23T15:29:46.402+0800] GC(63) Pause Young (Allocation Failure)
[2024-08-23T15:29:46.408+0800] GC(63) DefNew: 84670K(157248K)->0K(157248K) Eden: 74430K(139776K)->0K(139776K) From: 10240K(17472K)->0K(17472K)
[2024-08-23T15:29:46.408+0800] GC(63) Tenured: 119553K(349568K)->191233K(349568K)
[2024-08-23T15:29:46.408+0800] GC(63) Metaspace: 278K(512K)->278K(512K) NonClass: 271K(384K)->271K(384K) Class: 7K(128K)->7K(128K)
[2024-08-23T15:29:46.408+0800] GC(63) Pause Young (Allocation Failure) 199M->186M(494M) 6.561ms
[2024-08-23T15:29:46.408+0800] GC(63) User=0.00s Sys=0.00s Real=0.01s
[2024-08-23T15:29:47.400+0800] GC(64) Pause Young (Allocation Failure)
[2024-08-23T15:29:47.401+0800] GC(64) DefNew: 135877K(157248K)->10240K(157248K) Eden: 135877K(139776K)->0K(139776K) From: 0K(17472K)->10240K(17472K)
[2024-08-23T15:29:47.401+0800] GC(64) Tenured: 191233K(349568K)->191233K(349568K)
[2024-08-23T15:29:47.401+0800] GC(64) Metaspace: 278K(512K)->278K(512K) NonClass: 271K(384K)->271K(384K) Class: 7K(128K)->7K(128K)
[2024-08-23T15:29:47.401+0800] GC(64) Pause Young (Allocation Failure) 319M->196M(494M) 0.978ms
[2024-08-23T15:29:47.401+0800] GC(64) User=0.00s Sys=0.00s Real=0.00s
[2024-08-23T15:29:47.836+0800] GC(65) Pause Young (Allocation Failure)
[2024-08-23T15:29:47.842+0800] GC(65) DefNew: 105150K(157248K)->0K(157248K) Eden: 94910K(139776K)->0K(139776K) From: 10240K(17472K)->0K(17472K)
[2024-08-23T15:29:47.842+0800] GC(65) Tenured: 191233K(349568K)->247553K(349568K)
[2024-08-23T15:29:47.842+0800] GC(65) Metaspace: 278K(512K)->278K(512K) NonClass: 271K(384K)->271K(384K) Class: 7K(128K)->7K(128K)
[2024-08-23T15:29:47.842+0800] GC(65) Pause Young (Allocation Failure) 289M->241M(494M) 6.086ms
[2024-08-23T15:29:47.842+0800] GC(65) User=0.00s Sys=0.00s Real=0.01s
[2024-08-23T15:29:48.837+0800] GC(66) Pause Young (Allocation Failure)
[2024-08-23T15:29:48.837+0800] GC(66) Pause Young (Allocation Failure) 374M->374M(494M) 0.074ms
[2024-08-23T15:29:48.837+0800] GC(66) User=0.00s Sys=0.00s Real=0.00s
[2024-08-23T15:29:48.837+0800] GC(67) Pause Full (Allocation Failure)
[2024-08-23T15:29:48.837+0800] GC(67) Phase 1: Mark live objects
[2024-08-23T15:29:48.838+0800] GC(67) Phase 1: Mark live objects 0.588ms
[2024-08-23T15:29:48.838+0800] GC(67) Phase 2: Compute new object addresses
[2024-08-23T15:29:48.838+0800] GC(67) Phase 2: Compute new object addresses 0.158ms
[2024-08-23T15:29:48.838+0800] GC(67) Phase 3: Adjust pointers
[2024-08-23T15:29:48.838+0800] GC(67) Phase 3: Adjust pointers 0.406ms
[2024-08-23T15:29:48.838+0800] GC(67) Phase 4: Move objects
[2024-08-23T15:29:48.846+0800] GC(67) Phase 4: Move objects 8.102ms
[2024-08-23T15:29:48.846+0800] GC(67) DefNew: 135879K(157248K)->0K(157248K) Eden: 135879K(139776K)->0K(139776K) From: 0K(17472K)->0K(17472K)
[2024-08-23T15:29:48.846+0800] GC(67) Tenured: 247553K(349568K)->87809K(349568K)
[2024-08-23T15:29:48.846+0800] GC(67) Metaspace: 278K(512K)->278K(512K) NonClass: 271K(384K)->271K(384K) Class: 7K(128K)->7K(128K)
[2024-08-23T15:29:48.846+0800] GC(67) Pause Full (Allocation Failure) 374M->85M(494M) 9.433ms
[2024-08-23T15:29:48.846+0800] GC(67) User=0.00s Sys=0.00s Real=0.01s
[2024-08-23T15:29:49.288+0800] GC(68) Pause Young (Allocation Failure)
[2024-08-23T15:29:49.292+0800] GC(68) DefNew: 94912K(157248K)->0K(157248K) Eden: 94912K(139776K)->0K(139776K) From: 0K(17472K)->0K(17472K)
[2024-08-23T15:29:49.292+0800] GC(68) Tenured: 87809K(349568K)->139009K(349568K)
[2024-08-23T15:29:49.292+0800] GC(68) Metaspace: 278K(512K)->278K(512K) NonClass: 271K(384K)->271K(384K) Class: 7K(128K)->7K(128K)
[2024-08-23T15:29:49.292+0800] GC(68) Pause Young (Allocation Failure) 178M->135M(494M) 4.910ms
[2024-08-23T15:29:49.292+0800] GC(68) User=0.00s Sys=0.00s Real=0.00s
[2024-08-23T15:29:50.398+0800] GC(69) Pause Young (Allocation Failure)
[2024-08-23T15:29:50.400+0800] GC(69) DefNew: 130760K(157248K)->15360K(157248K) Eden: 130760K(139776K)->0K(139776K) From: 0K(17472K)->15360K(17472K)
[2024-08-23T15:29:50.400+0800] GC(69) Tenured: 139009K(349568K)->139009K(349568K)
[2024-08-23T15:29:50.400+0800] GC(69) Metaspace: 278K(512K)->278K(512K) NonClass: 271K(384K)->271K(384K) Class: 7K(128K)->7K(128K)
[2024-08-23T15:29:50.400+0800] GC(69) Pause Young (Allocation Failure) 263M->150M(494M) 1.484ms
[2024-08-23T15:29:50.400+0800] GC(69) User=0.00s Sys=0.00s Real=0.00s
[2024-08-23T15:29:50.726+0800] GC(70) Pause Young (Allocation Failure)
[2024-08-23T15:29:50.730+0800] GC(70) DefNew: 100031K(157248K)->0K(157248K) Eden: 84671K(139776K)->0K(139776K) From: 15360K(17472K)->0K(17472K)
[2024-08-23T15:29:50.730+0800] GC(70) Tenured: 139009K(349568K)->195329K(349568K)
[2024-08-23T15:29:50.730+0800] GC(70) Metaspace: 278K(512K)->278K(512K) NonClass: 271K(384K)->271K(384K) Class: 7K(128K)->7K(128K)
[2024-08-23T15:29:50.731+0800] GC(70) Pause Young (Allocation Failure) 233M->190M(494M) 5.358ms
[2024-08-23T15:29:50.731+0800] GC(70) User=0.02s Sys=0.00s Real=0.00s
[2024-08-23T15:29:51.722+0800] GC(71) Pause Young (Allocation Failure)
[2024-08-23T15:29:51.722+0800] GC(71) DefNew: 135855K(157248K)->6144K(157248K) Eden: 135855K(139776K)->0K(139776K) From: 0K(17472K)->6144K(17472K)
[2024-08-23T15:29:51.722+0800] GC(71) Tenured: 195329K(349568K)->195329K(349568K)
[2024-08-23T15:29:51.722+0800] GC(71) Metaspace: 278K(512K)->278K(512K) NonClass: 271K(384K)->271K(384K) Class: 7K(128K)->7K(128K)
[2024-08-23T15:29:51.722+0800] GC(71) Pause Young (Allocation Failure) 323M->196M(494M) 0.745ms
[2024-08-23T15:29:51.722+0800] GC(71) User=0.00s Sys=0.00s Real=0.00s
[2024-08-23T15:29:52.159+0800] GC(72) Pause Young (Allocation Failure)
[2024-08-23T15:29:52.164+0800] GC(72) DefNew: 101040K(157248K)->6144K(157248K) Eden: 94896K(139776K)->0K(139776K) From: 6144K(17472K)->6144K(17472K)
[2024-08-23T15:29:52.164+0800] GC(72) Tenured: 195329K(349568K)->246529K(349568K)
[2024-08-23T15:29:52.164+0800] GC(72) Metaspace: 278K(512K)->278K(512K) NonClass: 271K(384K)->271K(384K) Class: 7K(128K)->7K(128K)
[2024-08-23T15:29:52.164+0800] GC(72) Pause Young (Allocation Failure) 289M->246M(494M) 5.472ms
[2024-08-23T15:29:52.164+0800] GC(72) User=0.00s Sys=0.00s Real=0.01s
[2024-08-23T15:29:53.141+0800] GC(73) Pause Young (Allocation Failure)
[2024-08-23T15:29:53.141+0800] GC(73) Pause Young (Allocation Failure) 379M->379M(494M) 0.061ms
[2024-08-23T15:29:53.141+0800] GC(73) User=0.00s Sys=0.00s Real=0.00s
[2024-08-23T15:29:53.141+0800] GC(74) Pause Full (Allocation Failure)
[2024-08-23T15:29:53.141+0800] GC(74) Phase 1: Mark live objects
[2024-08-23T15:29:53.141+0800] GC(74) Phase 1: Mark live objects 0.561ms
[2024-08-23T15:29:53.141+0800] GC(74) Phase 2: Compute new object addresses
[2024-08-23T15:29:53.142+0800] GC(74) Phase 2: Compute new object addresses 0.137ms
[2024-08-23T15:29:53.142+0800] GC(74) Phase 3: Adjust pointers
[2024-08-23T15:29:53.142+0800] GC(74) Phase 3: Adjust pointers 0.324ms
[2024-08-23T15:29:53.142+0800] GC(74) Phase 4: Move objects
[2024-08-23T15:29:53.143+0800] GC(74) Phase 4: Move objects 1.520ms
[2024-08-23T15:29:53.143+0800] GC(74) DefNew: 142014K(157248K)->0K(157248K) Eden: 135870K(139776K)->0K(139776K) From: 6144K(17472K)->0K(17472K)
[2024-08-23T15:29:53.143+0800] GC(74) Tenured: 246529K(349568K)->18177K(349568K)
[2024-08-23T15:29:53.143+0800] GC(74) Metaspace: 278K(512K)->278K(512K) NonClass: 271K(384K)->271K(384K) Class: 7K(128K)->7K(128K)
[2024-08-23T15:29:53.143+0800] GC(74) Pause Full (Allocation Failure) 379M->17M(494M) 2.693ms
[2024-08-23T15:29:53.144+0800] GC(74) User=0.00s Sys=0.00s Real=0.00s
[2024-08-23T15:29:54.998+0800] GC(75) Pause Young (Allocation Failure)
[2024-08-23T15:29:55.003+0800] GC(75) DefNew: 135866K(157248K)->15360K(157248K) Eden: 135866K(139776K)->0K(139776K) From: 0K(17472K)->15360K(17472K)
[2024-08-23T15:29:55.003+0800] GC(75) Tenured: 18177K(349568K)->69377K(349568K)
[2024-08-23T15:29:55.003+0800] GC(75) Metaspace: 301K(512K)->301K(512K) NonClass: 293K(384K)->293K(384K) Class: 7K(128K)->7K(128K)
[2024-08-23T15:29:55.003+0800] GC(75) Pause Young (Allocation Failure) 150M->82M(494M) 5.692ms
[2024-08-23T15:29:55.003+0800] GC(75) User=0.00s Sys=0.00s Real=0.01s
[2024-08-23T15:29:55.995+0800] GC(76) Pause Young (Allocation Failure)
[2024-08-23T15:29:55.997+0800] GC(76) DefNew: 151238K(157248K)->10240K(157248K) Eden: 135878K(139776K)->0K(139776K) From: 15360K(17472K)->10240K(17472K)
[2024-08-23T15:29:55.997+0800] GC(76) Tenured: 69377K(349568K)->84737K(349568K)
[2024-08-23T15:29:55.997+0800] GC(76) Metaspace: 307K(512K)->307K(512K) NonClass: 300K(384K)->300K(384K) Class: 7K(128K)->7K(128K)
[2024-08-23T15:29:55.997+0800] GC(76) Pause Young (Allocation Failure) 215M->92M(494M) 2.241ms
[2024-08-23T15:29:55.997+0800] GC(76) User=0.00s Sys=0.00s Real=0.00s
[2024-08-23T15:29:56.432+0800] GC(77) Pause Young (Allocation Failure)
[2024-08-23T15:29:56.438+0800] GC(77) DefNew: 105159K(157248K)->0K(157248K) Eden: 94919K(139776K)->0K(139776K) From: 10240K(17472K)->0K(17472K)
[2024-08-23T15:29:56.438+0800] GC(77) Tenured: 84737K(349568K)->161537K(349568K)
[2024-08-23T15:29:56.438+0800] GC(77) Metaspace: 307K(512K)->307K(512K) NonClass: 300K(384K)->300K(384K) Class: 7K(128K)->7K(128K)
[2024-08-23T15:29:56.438+0800] GC(77) Pause Young (Allocation Failure) 185M->157M(494M) 6.081ms
[2024-08-23T15:29:56.438+0800] GC(77) User=0.00s Sys=0.00s Real=0.01s
[2024-08-23T15:29:57.650+0800] GC(78) Pause Young (Allocation Failure)
[2024-08-23T15:29:57.650+0800] GC(78) DefNew: 120524K(157248K)->5120K(157248K) Eden: 120524K(139776K)->0K(139776K) From: 0K(17472K)->5120K(17472K)
[2024-08-23T15:29:57.650+0800] GC(78) Tenured: 161537K(349568K)->161537K(349568K)
[2024-08-23T15:29:57.650+0800] GC(78) Metaspace: 307K(512K)->307K(512K) NonClass: 300K(384K)->300K(384K) Class: 7K(128K)->7K(128K)
[2024-08-23T15:29:57.650+0800] GC(78) Pause Young (Allocation Failure) 275M->162M(494M) 0.604ms
[2024-08-23T15:29:57.650+0800] GC(78) User=0.00s Sys=0.00s Real=0.00s
[2024-08-23T15:29:57.868+0800] GC(79) Pause Young (Allocation Failure)
[2024-08-23T15:29:57.872+0800] GC(79) DefNew: 79552K(157248K)->0K(157248K) Eden: 74432K(139776K)->0K(139776K) From: 5120K(17472K)->0K(17472K)
[2024-08-23T15:29:57.872+0800] GC(79) Tenured: 161537K(349568K)->212737K(349568K)
[2024-08-23T15:29:57.872+0800] GC(79) Metaspace: 307K(512K)->307K(512K) NonClass: 300K(384K)->300K(384K) Class: 7K(128K)->7K(128K)
[2024-08-23T15:29:57.872+0800] GC(79) Pause Young (Allocation Failure) 235M->207M(494M) 4.807ms
[2024-08-23T15:29:57.872+0800] GC(79) User=0.00s Sys=0.00s Real=0.00s
[2024-08-23T15:29:58.846+0800] GC(80) Pause Young (Allocation Failure)
[2024-08-23T15:29:58.846+0800] GC(80) DefNew: 135878K(157248K)->10240K(157248K) Eden: 135878K(139776K)->0K(139776K) From: 0K(17472K)->10240K(17472K)
[2024-08-23T15:29:58.846+0800] GC(80) Tenured: 212737K(349568K)->212737K(349568K)
[2024-08-23T15:29:58.846+0800] GC(80) Metaspace: 307K(512K)->307K(512K) NonClass: 300K(384K)->300K(384K) Class: 7K(128K)->7K(128K)
[2024-08-23T15:29:58.846+0800] GC(80) Pause Young (Allocation Failure) 340M->217M(494M) 0.997ms
[2024-08-23T15:29:58.846+0800] GC(80) User=0.00s Sys=0.00s Real=0.00s
[2024-08-23T15:29:59.285+0800] GC(81) Pause Young (Allocation Failure)
[2024-08-23T15:29:59.289+0800] GC(81) DefNew: 105151K(157248K)->0K(157248K) Eden: 94911K(139776K)->0K(139776K) From: 10240K(17472K)->0K(17472K)
[2024-08-23T15:29:59.289+0800] GC(81) Tenured: 212737K(349568K)->269057K(349568K)
[2024-08-23T15:29:59.289+0800] GC(81) Metaspace: 307K(512K)->307K(512K) NonClass: 300K(384K)->300K(384K) Class: 7K(128K)->7K(128K)
[2024-08-23T15:29:59.289+0800] GC(81) Pause Young (Allocation Failure) 310M->262M(494M) 4.759ms
[2024-08-23T15:29:59.289+0800] GC(81) User=0.00s Sys=0.00s Real=0.00s
[2024-08-23T15:30:00.284+0800] GC(82) Pause Young (Allocation Failure)
[2024-08-23T15:30:00.284+0800] GC(82) Pause Young (Allocation Failure) 395M->395M(494M) 0.063ms
[2024-08-23T15:30:00.284+0800] GC(82) User=0.00s Sys=0.00s Real=0.00s
[2024-08-23T15:30:00.284+0800] GC(83) Pause Full (Allocation Failure)
[2024-08-23T15:30:00.284+0800] GC(83) Phase 1: Mark live objects
[2024-08-23T15:30:00.284+0800] GC(83) Phase 1: Mark live objects 0.601ms
[2024-08-23T15:30:00.284+0800] GC(83) Phase 2: Compute new object addresses
[2024-08-23T15:30:00.284+0800] GC(83) Phase 2: Compute new object addresses 0.145ms
[2024-08-23T15:30:00.284+0800] GC(83) Phase 3: Adjust pointers
[2024-08-23T15:30:00.284+0800] GC(83) Phase 3: Adjust pointers 0.324ms
[2024-08-23T15:30:00.284+0800] GC(83) Phase 4: Move objects
[2024-08-23T15:30:00.297+0800] GC(83) Phase 4: Move objects 13.047ms
[2024-08-23T15:30:00.297+0800] GC(83) DefNew: 135879K(157248K)->0K(157248K) Eden: 135879K(139776K)->0K(139776K) From: 0K(17472K)->0K(17472K)
[2024-08-23T15:30:00.297+0800] GC(83) Tenured: 269057K(349568K)->169729K(349568K)
[2024-08-23T15:30:00.297+0800] GC(83) Metaspace: 307K(512K)->307K(512K) NonClass: 300K(384K)->300K(384K) Class: 7K(128K)->7K(128K)
[2024-08-23T15:30:00.297+0800] GC(83) Pause Full (Allocation Failure) 395M->165M(494M) 14.278ms
[2024-08-23T15:30:00.297+0800] GC(83) User=0.00s Sys=0.00s Real=0.01s
[2024-08-23T15:30:00.734+0800] GC(84) Pause Young (Allocation Failure)
[2024-08-23T15:30:00.738+0800] GC(84) DefNew: 94912K(157248K)->0K(157248K) Eden: 94912K(139776K)->0K(139776K) From: 0K(17472K)->0K(17472K)
[2024-08-23T15:30:00.738+0800] GC(84) Tenured: 169729K(349568K)->220929K(349568K)
[2024-08-23T15:30:00.738+0800] GC(84) Metaspace: 307K(512K)->307K(512K) NonClass: 300K(384K)->300K(384K) Class: 7K(128K)->7K(128K)
[2024-08-23T15:30:00.738+0800] GC(84) Pause Young (Allocation Failure) 258M->215M(494M) 4.508ms
[2024-08-23T15:30:00.738+0800] GC(84) User=0.00s Sys=0.00s Real=0.00s
[2024-08-23T15:30:01.935+0800] GC(85) Pause Young (Allocation Failure)
[2024-08-23T15:30:01.936+0800] GC(85) DefNew: 135880K(157248K)->15360K(157248K) Eden: 135880K(139776K)->0K(139776K) From: 0K(17472K)->15360K(17472K)
[2024-08-23T15:30:01.936+0800] GC(85) Tenured: 220929K(349568K)->220929K(349568K)
[2024-08-23T15:30:01.936+0800] GC(85) Metaspace: 307K(512K)->307K(512K) NonClass: 300K(384K)->300K(384K) Class: 7K(128K)->7K(128K)
[2024-08-23T15:30:01.936+0800] GC(85) Pause Young (Allocation Failure) 348M->230M(494M) 1.417ms
[2024-08-23T15:30:01.936+0800] GC(85) User=0.00s Sys=0.00s Real=0.00s
[2024-08-23T15:30:02.152+0800] GC(86) Pause Young (Allocation Failure)
[2024-08-23T15:30:02.157+0800] GC(86) DefNew: 89792K(157248K)->0K(157248K) Eden: 74432K(139776K)->0K(139776K) From: 15360K(17472K)->0K(17472K)
[2024-08-23T15:30:02.157+0800] GC(86) Tenured: 220929K(349568K)->277249K(349568K)
[2024-08-23T15:30:02.157+0800] GC(86) Metaspace: 307K(512K)->307K(512K) NonClass: 300K(384K)->300K(384K) Class: 7K(128K)->7K(128K)
[2024-08-23T15:30:02.157+0800] GC(86) Pause Young (Allocation Failure) 303M->270M(494M) 4.750ms
[2024-08-23T15:30:02.157+0800] GC(86) User=0.00s Sys=0.00s Real=0.01s
[2024-08-23T15:30:03.137+0800] GC(87) Pause Young (Allocation Failure)
[2024-08-23T15:30:03.137+0800] GC(87) Pause Young (Allocation Failure) 403M->403M(494M) 0.076ms
[2024-08-23T15:30:03.137+0800] GC(87) User=0.00s Sys=0.00s Real=0.00s
[2024-08-23T15:30:03.137+0800] GC(88) Pause Full (Allocation Failure)
[2024-08-23T15:30:03.137+0800] GC(88) Phase 1: Mark live objects
[2024-08-23T15:30:03.137+0800] GC(88) Phase 1: Mark live objects 0.640ms
[2024-08-23T15:30:03.137+0800] GC(88) Phase 2: Compute new object addresses
[2024-08-23T15:30:03.138+0800] GC(88) Phase 2: Compute new object addresses 0.163ms
[2024-08-23T15:30:03.138+0800] GC(88) Phase 3: Adjust pointers
[2024-08-23T15:30:03.139+0800] GC(88) Phase 3: Adjust pointers 0.586ms
[2024-08-23T15:30:03.139+0800] GC(88) Phase 4: Move objects
[2024-08-23T15:30:03.140+0800] GC(88) Phase 4: Move objects 0.924ms
[2024-08-23T15:30:03.140+0800] GC(88) DefNew: 135865K(157248K)->0K(157248K) Eden: 135865K(139776K)->0K(139776K) From: 0K(17472K)->0K(17472K)
[2024-08-23T15:30:03.140+0800] GC(88) Tenured: 277249K(349568K)->12033K(349568K)
[2024-08-23T15:30:03.140+0800] GC(88) Metaspace: 307K(512K)->307K(512K) NonClass: 300K(384K)->300K(384K) Class: 7K(128K)->7K(128K)
[2024-08-23T15:30:03.140+0800] GC(88) Pause Full (Allocation Failure) 403M->11M(494M) 2.477ms
[2024-08-23T15:30:03.140+0800] GC(88) User=0.00s Sys=0.00s Real=0.00s
[2024-08-23T15:30:03.573+0800] GC(89) Pause Young (Allocation Failure)
[2024-08-23T15:30:03.578+0800] GC(89) DefNew: 94903K(157248K)->10240K(157248K) Eden: 94903K(139776K)->0K(139776K) From: 0K(17472K)->10240K(17472K)
[2024-08-23T15:30:03.578+0800] GC(89) Tenured: 12033K(349568K)->63233K(349568K)
[2024-08-23T15:30:03.578+0800] GC(89) Metaspace: 307K(512K)->307K(512K) NonClass: 300K(384K)->300K(384K) Class: 7K(128K)->7K(128K)
[2024-08-23T15:30:03.578+0800] GC(89) Pause Young (Allocation Failure) 104M->71M(494M) 5.009ms
[2024-08-23T15:30:03.578+0800] GC(89) User=0.00s Sys=0.00s Real=0.01s
[2024-08-23T15:30:04.555+0800] GC(90) Pause Young (Allocation Failure)
[2024-08-23T15:30:04.557+0800] GC(90) DefNew: 146114K(157248K)->10240K(157248K) Eden: 135874K(139776K)->0K(139776K) From: 10240K(17472K)->10240K(17472K)
[2024-08-23T15:30:04.557+0800] GC(90) Tenured: 63233K(349568K)->73473K(349568K)
[2024-08-23T15:30:04.557+0800] GC(90) Metaspace: 307K(512K)->307K(512K) NonClass: 300K(384K)->300K(384K) Class: 7K(128K)->7K(128K)
[2024-08-23T15:30:04.557+0800] GC(90) Pause Young (Allocation Failure) 204M->81M(494M) 1.938ms
[2024-08-23T15:30:04.557+0800] GC(90) User=0.00s Sys=0.00s Real=0.00s
[2024-08-23T15:30:06.295+0800] GC(91) Pause Young (Allocation Failure)
[2024-08-23T15:30:06.296+0800] GC(91) DefNew: 105149K(157248K)->5120K(157248K) Eden: 94909K(139776K)->0K(139776K) From: 10240K(17472K)->5120K(17472K)
[2024-08-23T15:30:06.296+0800] GC(91) Tenured: 73473K(349568K)->93953K(349568K)
[2024-08-23T15:30:06.296+0800] GC(91) Metaspace: 307K(512K)->307K(512K) NonClass: 300K(384K)->300K(384K) Class: 7K(128K)->7K(128K)
[2024-08-23T15:30:06.296+0800] GC(91) Pause Young (Allocation Failure) 174M->96M(494M) 2.433ms
[2024-08-23T15:30:06.296+0800] GC(91) User=0.00s Sys=0.00s Real=0.00s
[2024-08-23T15:30:06.403+0800] GC(92) Pause Young (Allocation Failure)
[2024-08-23T15:30:06.408+0800] GC(92) DefNew: 59078K(157248K)->5120K(157248K) Eden: 53958K(139776K)->0K(139776K) From: 5120K(17472K)->5120K(17472K)
[2024-08-23T15:30:06.408+0800] GC(92) Tenured: 93953K(349568K)->145153K(349568K)
[2024-08-23T15:30:06.408+0800] GC(92) Metaspace: 307K(512K)->307K(512K) NonClass: 300K(384K)->300K(384K) Class: 7K(128K)->7K(128K)
[2024-08-23T15:30:06.408+0800] GC(92) Pause Young (Allocation Failure) 149M->146M(494M) 4.861ms
[2024-08-23T15:30:06.408+0800] GC(92) User=0.00s Sys=0.00s Real=0.00s
[2024-08-23T15:30:07.386+0800] GC(93) Pause Young (Allocation Failure)
[2024-08-23T15:30:07.387+0800] GC(93) DefNew: 140998K(157248K)->15360K(157248K) Eden: 135878K(139776K)->0K(139776K) From: 5120K(17472K)->15360K(17472K)
[2024-08-23T15:30:07.387+0800] GC(93) Tenured: 145153K(349568K)->145153K(349568K)
[2024-08-23T15:30:07.387+0800] GC(93) Metaspace: 307K(512K)->307K(512K) NonClass: 300K(384K)->300K(384K) Class: 7K(128K)->7K(128K)
[2024-08-23T15:30:07.387+0800] GC(93) Pause Young (Allocation Failure) 279M->156M(494M) 1.609ms
[2024-08-23T15:30:07.387+0800] GC(93) User=0.00s Sys=0.00s Real=0.00s
[2024-08-23T15:30:07.823+0800] GC(94) Pause Young (Allocation Failure)
[2024-08-23T15:30:07.828+0800] GC(94) DefNew: 110271K(157248K)->0K(157248K) Eden: 94911K(139776K)->0K(139776K) From: 15360K(17472K)->0K(17472K)
[2024-08-23T15:30:07.828+0800] GC(94) Tenured: 145153K(349568K)->206593K(349568K)
[2024-08-23T15:30:07.828+0800] GC(94) Metaspace: 307K(512K)->307K(512K) NonClass: 300K(384K)->300K(384K) Class: 7K(128K)->7K(128K)
[2024-08-23T15:30:07.828+0800] GC(94) Pause Young (Allocation Failure) 249M->201M(494M) 4.941ms
[2024-08-23T15:30:07.828+0800] GC(94) User=0.00s Sys=0.00s Real=0.01s
[2024-08-23T15:30:09.145+0800] GC(95) Pause Young (Allocation Failure)
[2024-08-23T15:30:09.145+0800] GC(95) DefNew: 125639K(157248K)->5120K(157248K) Eden: 125639K(139776K)->0K(139776K) From: 0K(17472K)->5120K(17472K)
[2024-08-23T15:30:09.145+0800] GC(95) Tenured: 206593K(349568K)->206593K(349568K)
[2024-08-23T15:30:09.145+0800] GC(95) Metaspace: 307K(512K)->307K(512K) NonClass: 300K(384K)->300K(384K) Class: 7K(128K)->7K(128K)
[2024-08-23T15:30:09.145+0800] GC(95) Pause Young (Allocation Failure) 324M->206M(494M) 0.650ms
[2024-08-23T15:30:09.145+0800] GC(95) User=0.00s Sys=0.00s Real=0.00s
[2024-08-23T15:30:09.254+0800] GC(96) Pause Young (Allocation Failure)
[2024-08-23T15:30:09.257+0800] GC(96) DefNew: 59070K(157248K)->0K(157248K) Eden: 53950K(139776K)->0K(139776K) From: 5120K(17472K)->0K(17472K)
[2024-08-23T15:30:09.257+0800] GC(96) Tenured: 206593K(349568K)->257793K(349568K)
[2024-08-23T15:30:09.257+0800] GC(96) Metaspace: 307K(512K)->307K(512K) NonClass: 300K(384K)->300K(384K) Class: 7K(128K)->7K(128K)
[2024-08-23T15:30:09.257+0800] GC(96) Pause Young (Allocation Failure) 259M->251M(494M) 4.483ms
[2024-08-23T15:30:09.257+0800] GC(96) User=0.00s Sys=0.00s Real=0.00s
[2024-08-23T15:30:10.232+0800] GC(97) Pause Young (Allocation Failure)
[2024-08-23T15:30:10.232+0800] GC(97) Pause Young (Allocation Failure) 384M->384M(494M) 0.063ms
[2024-08-23T15:30:10.232+0800] GC(97) User=0.00s Sys=0.00s Real=0.00s
[2024-08-23T15:30:10.232+0800] GC(98) Pause Full (Allocation Failure)
[2024-08-23T15:30:10.232+0800] GC(98) Phase 1: Mark live objects
[2024-08-23T15:30:10.232+0800] GC(98) Phase 1: Mark live objects 0.609ms
[2024-08-23T15:30:10.232+0800] GC(98) Phase 2: Compute new object addresses
[2024-08-23T15:30:10.233+0800] GC(98) Phase 2: Compute new object addresses 0.153ms
[2024-08-23T15:30:10.233+0800] GC(98) Phase 3: Adjust pointers
[2024-08-23T15:30:10.233+0800] GC(98) Phase 3: Adjust pointers 0.331ms
[2024-08-23T15:30:10.233+0800] GC(98) Phase 4: Move objects
[2024-08-23T15:30:10.243+0800] GC(98) Phase 4: Move objects 9.538ms
[2024-08-23T15:30:10.243+0800] GC(98) DefNew: 135870K(157248K)->0K(157248K) Eden: 135870K(139776K)->0K(139776K) From: 0K(17472K)->0K(17472K)
[2024-08-23T15:30:10.243+0800] GC(98) Tenured: 257793K(349568K)->113409K(349568K)
[2024-08-23T15:30:10.243+0800] GC(98) Metaspace: 308K(512K)->308K(512K) NonClass: 300K(384K)->300K(384K) Class: 7K(128K)->7K(128K)
[2024-08-23T15:30:10.243+0800] GC(98) Pause Full (Allocation Failure) 384M->110M(494M) 10.799ms
[2024-08-23T15:30:10.243+0800] GC(98) User=0.00s Sys=0.00s Real=0.01s
[2024-08-23T15:30:10.686+0800] GC(99) Pause Young (Allocation Failure)
[2024-08-23T15:30:10.690+0800] GC(99) DefNew: 94906K(157248K)->0K(157248K) Eden: 94906K(139776K)->0K(139776K) From: 0K(17472K)->0K(17472K)
[2024-08-23T15:30:10.690+0800] GC(99) Tenured: 113409K(349568K)->164609K(349568K)
[2024-08-23T15:30:10.690+0800] GC(99) Metaspace: 308K(512K)->308K(512K) NonClass: 300K(384K)->300K(384K) Class: 7K(128K)->7K(128K)
[2024-08-23T15:30:10.690+0800] GC(99) Pause Young (Allocation Failure) 203M->160M(494M) 4.335ms
[2024-08-23T15:30:10.690+0800] GC(99) User=0.00s Sys=0.00s Real=0.00s
[2024-08-23T15:30:11.666+0800] GC(100) Pause Young (Allocation Failure)
[2024-08-23T15:30:11.666+0800] GC(100) DefNew: 135876K(157248K)->6144K(157248K) Eden: 135876K(139776K)->0K(139776K) From: 0K(17472K)->6144K(17472K)
[2024-08-23T15:30:11.666+0800] GC(100) Tenured: 164609K(349568K)->164609K(349568K)
[2024-08-23T15:30:11.666+0800] GC(100) Metaspace: 308K(512K)->308K(512K) NonClass: 300K(384K)->300K(384K) Class: 7K(128K)->7K(128K)
[2024-08-23T15:30:11.666+0800] GC(100) Pause Young (Allocation Failure) 293M->166M(494M) 0.750ms
[2024-08-23T15:30:11.666+0800] GC(100) User=0.00s Sys=0.00s Real=0.00s
[2024-08-23T15:30:12.107+0800] GC(101) Pause Young (Allocation Failure)
[2024-08-23T15:30:12.113+0800] GC(101) DefNew: 101054K(157248K)->6144K(157248K) Eden: 94910K(139776K)->0K(139776K) From: 6144K(17472K)->6144K(17472K)
[2024-08-23T15:30:12.113+0800] GC(101) Tenured: 164609K(349568K)->215809K(349568K)
[2024-08-23T15:30:12.113+0800] GC(101) Metaspace: 308K(512K)->308K(512K) NonClass: 300K(384K)->300K(384K) Class: 7K(128K)->7K(128K)
[2024-08-23T15:30:12.113+0800] GC(101) Pause Young (Allocation Failure) 259M->216M(494M) 6.430ms
[2024-08-23T15:30:12.113+0800] GC(101) User=0.00s Sys=0.00s Real=0.01s
[2024-08-23T15:30:13.327+0800] GC(102) Pause Young (Allocation Failure)
[2024-08-23T15:30:13.328+0800] GC(102) DefNew: 136903K(157248K)->10240K(157248K) Eden: 130759K(139776K)->0K(139776K) From: 6144K(17472K)->10240K(17472K)
[2024-08-23T15:30:13.328+0800] GC(102) Tenured: 215809K(349568K)->226049K(349568K)
[2024-08-23T15:30:13.328+0800] GC(102) Metaspace: 308K(512K)->308K(512K) NonClass: 300K(384K)->300K(384K) Class: 7K(128K)->7K(128K)
[2024-08-23T15:30:13.328+0800] GC(102) Pause Young (Allocation Failure) 344M->230M(494M) 1.880ms
[2024-08-23T15:30:13.328+0800] GC(102) User=0.00s Sys=0.00s Real=0.00s
[2024-08-23T15:30:13.545+0800] GC(103) Pause Young (Allocation Failure)
[2024-08-23T15:30:13.549+0800] GC(103) DefNew: 84671K(157248K)->0K(157248K) Eden: 74431K(139776K)->0K(139776K) From: 10240K(17472K)->0K(17472K)
[2024-08-23T15:30:13.549+0800] GC(103) Tenured: 226049K(349568K)->277249K(349568K)
[2024-08-23T15:30:13.549+0800] GC(103) Metaspace: 308K(512K)->308K(512K) NonClass: 300K(384K)->300K(384K) Class: 7K(128K)->7K(128K)
[2024-08-23T15:30:13.549+0800] GC(103) Pause Young (Allocation Failure) 303M->270M(494M) 4.315ms
[2024-08-23T15:30:13.549+0800] GC(103) User=0.00s Sys=0.00s Real=0.00s
[2024-08-23T15:30:14.539+0800] GC(104) Pause Young (Allocation Failure)
[2024-08-23T15:30:14.539+0800] GC(104) Pause Young (Allocation Failure) 403M->403M(494M) 0.083ms
[2024-08-23T15:30:14.539+0800] GC(104) User=0.00s Sys=0.00s Real=0.00s
[2024-08-23T15:30:14.539+0800] GC(105) Pause Full (Allocation Failure)
[2024-08-23T15:30:14.539+0800] GC(105) Phase 1: Mark live objects
[2024-08-23T15:30:14.539+0800] GC(105) Phase 1: Mark live objects 0.622ms
[2024-08-23T15:30:14.539+0800] GC(105) Phase 2: Compute new object addresses
[2024-08-23T15:30:14.540+0800] GC(105) Phase 2: Compute new object addresses 0.135ms
[2024-08-23T15:30:14.540+0800] GC(105) Phase 3: Adjust pointers
[2024-08-23T15:30:14.540+0800] GC(105) Phase 3: Adjust pointers 0.329ms
[2024-08-23T15:30:14.540+0800] GC(105) Phase 4: Move objects
[2024-08-23T15:30:14.541+0800] GC(105) Phase 4: Move objects 1.509ms
[2024-08-23T15:30:14.541+0800] GC(105) DefNew: 135877K(157248K)->0K(157248K) Eden: 135877K(139776K)->0K(139776K) From: 0K(17472K)->0K(17472K)
[2024-08-23T15:30:14.541+0800] GC(105) Tenured: 277249K(349568K)->21249K(349568K)
[2024-08-23T15:30:14.541+0800] GC(105) Metaspace: 308K(512K)->308K(512K) NonClass: 300K(384K)->300K(384K) Class: 7K(128K)->7K(128K)
[2024-08-23T15:30:14.541+0800] GC(105) Pause Full (Allocation Failure) 403M->20M(494M) 2.740ms
[2024-08-23T15:30:14.541+0800] GC(105) User=0.00s Sys=0.00s Real=0.00s
[2024-08-23T15:30:14.975+0800] GC(106) Pause Young (Allocation Failure)
[2024-08-23T15:30:14.982+0800] GC(106) DefNew: 94910K(157248K)->10240K(157248K) Eden: 94910K(139776K)->0K(139776K) From: 0K(17472K)->10240K(17472K)
[2024-08-23T15:30:14.982+0800] GC(106) Tenured: 21249K(349568K)->72449K(349568K)
[2024-08-23T15:30:14.982+0800] GC(106) Metaspace: 308K(512K)->308K(512K) NonClass: 300K(384K)->300K(384K) Class: 7K(128K)->7K(128K)
[2024-08-23T15:30:14.982+0800] GC(106) Pause Young (Allocation Failure) 113M->80M(494M) 7.192ms
[2024-08-23T15:30:14.982+0800] GC(106) User=0.00s Sys=0.00s Real=0.01s
[2024-08-23T15:30:15.973+0800] GC(107) Pause Young (Allocation Failure)
[2024-08-23T15:30:15.974+0800] GC(107) DefNew: 146119K(157248K)->10240K(157248K) Eden: 135879K(139776K)->0K(139776K) From: 10240K(17472K)->10240K(17472K)
[2024-08-23T15:30:15.974+0800] GC(107) Tenured: 72449K(349568K)->82689K(349568K)
[2024-08-23T15:30:15.974+0800] GC(107) Metaspace: 308K(512K)->308K(512K) NonClass: 300K(384K)->300K(384K) Class: 7K(128K)->7K(128K)
[2024-08-23T15:30:15.974+0800] GC(107) Pause Young (Allocation Failure) 213M->90M(494M) 1.890ms
[2024-08-23T15:30:15.974+0800] GC(107) User=0.00s Sys=0.00s Real=0.00s
[2024-08-23T15:30:17.720+0800] GC(108) Pause Young (Allocation Failure)
[2024-08-23T15:30:17.722+0800] GC(108) DefNew: 120512K(157248K)->5120K(157248K) Eden: 110272K(139776K)->0K(139776K) From: 10240K(17472K)->5120K(17472K)
[2024-08-23T15:30:17.722+0800] GC(108) Tenured: 82689K(349568K)->103169K(349568K)
[2024-08-23T15:30:17.722+0800] GC(108) Metaspace: 308K(512K)->308K(512K) NonClass: 300K(384K)->300K(384K) Class: 7K(128K)->7K(128K)
[2024-08-23T15:30:17.722+0800] GC(108) Pause Young (Allocation Failure) 198M->105M(494M) 2.684ms
[2024-08-23T15:30:17.722+0800] GC(108) User=0.00s Sys=0.00s Real=0.00s
[2024-08-23T15:30:17.830+0800] GC(109) Pause Young (Allocation Failure)
[2024-08-23T15:30:17.834+0800] GC(109) DefNew: 59081K(157248K)->5120K(157248K) Eden: 53961K(139776K)->0K(139776K) From: 5120K(17472K)->5120K(17472K)
[2024-08-23T15:30:17.834+0800] GC(109) Tenured: 103169K(349568K)->154369K(349568K)
[2024-08-23T15:30:17.834+0800] GC(109) Metaspace: 308K(512K)->308K(512K) NonClass: 300K(384K)->300K(384K) Class: 7K(128K)->7K(128K)
[2024-08-23T15:30:17.834+0800] GC(109) Pause Young (Allocation Failure) 158M->155M(494M) 4.826ms
[2024-08-23T15:30:17.834+0800] GC(109) User=0.00s Sys=0.00s Real=0.00s
[2024-08-23T15:30:18.813+0800] GC(110) Pause Young (Allocation Failure)
[2024-08-23T15:30:18.813+0800] GC(110) DefNew: 141001K(157248K)->15360K(157248K) Eden: 135881K(139776K)->0K(139776K) From: 5120K(17472K)->15360K(17472K)
[2024-08-23T15:30:18.813+0800] GC(110) Tenured: 154369K(349568K)->154369K(349568K)
[2024-08-23T15:30:18.813+0800] GC(110) Metaspace: 308K(512K)->308K(512K) NonClass: 300K(384K)->300K(384K) Class: 7K(128K)->7K(128K)
[2024-08-23T15:30:18.814+0800] GC(110) Pause Young (Allocation Failure) 288M->165M(494M) 1.486ms
[2024-08-23T15:30:18.814+0800] GC(110) User=0.00s Sys=0.00s Real=0.00s
[2024-08-23T15:30:19.251+0800] GC(111) Pause Young (Allocation Failure)
[2024-08-23T15:30:19.255+0800] GC(111) DefNew: 110273K(157248K)->0K(157248K) Eden: 94913K(139776K)->0K(139776K) From: 15360K(17472K)->0K(17472K)
[2024-08-23T15:30:19.255+0800] GC(111) Tenured: 154369K(349568K)->215809K(349568K)
[2024-08-23T15:30:19.255+0800] GC(111) Metaspace: 308K(512K)->308K(512K) NonClass: 300K(384K)->300K(384K) Class: 7K(128K)->7K(128K)
[2024-08-23T15:30:19.256+0800] GC(111) Pause Young (Allocation Failure) 258M->210M(494M) 4.875ms
[2024-08-23T15:30:19.256+0800] GC(111) User=0.00s Sys=0.00s Real=0.01s
[2024-08-23T15:30:20.670+0800] GC(112) Pause Young (Allocation Failure)
[2024-08-23T15:30:20.671+0800] GC(112) DefNew: 130760K(157248K)->5120K(157248K) Eden: 130760K(139776K)->0K(139776K) From: 0K(17472K)->5120K(17472K)
[2024-08-23T15:30:20.671+0800] GC(112) Tenured: 215809K(349568K)->215809K(349568K)
[2024-08-23T15:30:20.671+0800] GC(112) Metaspace: 308K(512K)->308K(512K) NonClass: 300K(384K)->300K(384K) Class: 7K(128K)->7K(128K)
[2024-08-23T15:30:20.671+0800] GC(112) Pause Young (Allocation Failure) 338M->215M(494M) 0.983ms
[2024-08-23T15:30:20.671+0800] GC(112) User=0.00s Sys=0.00s Real=0.00s
[2024-08-23T15:30:21.654+0800] GC(113) Pause Young (Allocation Failure)
[2024-08-23T15:30:21.654+0800] GC(113) DefNew: 140992K(157248K)->6144K(157248K) Eden: 135872K(139776K)->0K(139776K) From: 5120K(17472K)->6144K(17472K)
[2024-08-23T15:30:21.654+0800] GC(113) Tenured: 215809K(349568K)->215809K(349568K)
[2024-08-23T15:30:21.654+0800] GC(113) Metaspace: 308K(512K)->308K(512K) NonClass: 300K(384K)->300K(384K) Class: 7K(128K)->7K(128K)
[2024-08-23T15:30:21.654+0800] GC(113) Pause Young (Allocation Failure) 348M->216M(494M) 0.687ms
[2024-08-23T15:30:21.654+0800] GC(113) User=0.00s Sys=0.00s Real=0.00s
[2024-08-23T15:30:22.090+0800] GC(114) Pause Young (Allocation Failure)
[2024-08-23T15:30:22.095+0800] GC(114) DefNew: 101066K(157248K)->6144K(157248K) Eden: 94922K(139776K)->0K(139776K) From: 6144K(17472K)->6144K(17472K)
[2024-08-23T15:30:22.095+0800] GC(114) Tenured: 215809K(349568K)->267009K(349568K)
[2024-08-23T15:30:22.095+0800] GC(114) Metaspace: 308K(512K)->308K(512K) NonClass: 300K(384K)->300K(384K) Class: 7K(128K)->7K(128K)
[2024-08-23T15:30:22.095+0800] GC(114) Pause Young (Allocation Failure) 309M->266M(494M) 5.205ms
[2024-08-23T15:30:22.095+0800] GC(114) User=0.00s Sys=0.00s Real=0.01s
[2024-08-23T15:30:23.090+0800] GC(115) Pause Young (Allocation Failure)
[2024-08-23T15:30:23.090+0800] GC(115) Pause Young (Allocation Failure) 399M->399M(494M) 0.059ms
[2024-08-23T15:30:23.090+0800] GC(115) User=0.00s Sys=0.00s Real=0.00s
[2024-08-23T15:30:23.090+0800] GC(116) Pause Full (Allocation Failure)
[2024-08-23T15:30:23.090+0800] GC(116) Phase 1: Mark live objects
[2024-08-23T15:30:23.090+0800] GC(116) Phase 1: Mark live objects 0.638ms
[2024-08-23T15:30:23.090+0800] GC(116) Phase 2: Compute new object addresses
[2024-08-23T15:30:23.091+0800] GC(116) Phase 2: Compute new object addresses 0.146ms
[2024-08-23T15:30:23.091+0800] GC(116) Phase 3: Adjust pointers
[2024-08-23T15:30:23.091+0800] GC(116) Phase 3: Adjust pointers 0.343ms
[2024-08-23T15:30:23.091+0800] GC(116) Phase 4: Move objects
[2024-08-23T15:30:23.092+0800] GC(116) Phase 4: Move objects 1.039ms
[2024-08-23T15:30:23.092+0800] GC(116) DefNew: 142030K(157248K)->0K(157248K) Eden: 135886K(139776K)->0K(139776K) From: 6144K(17472K)->0K(17472K)
[2024-08-23T15:30:23.092+0800] GC(116) Tenured: 267009K(349568K)->13057K(349568K)
[2024-08-23T15:30:23.092+0800] GC(116) Metaspace: 308K(512K)->308K(512K) NonClass: 300K(384K)->300K(384K) Class: 7K(128K)->7K(128K)
[2024-08-23T15:30:23.092+0800] GC(116) Pause Full (Allocation Failure) 399M->12M(494M) 2.319ms
[2024-08-23T15:30:23.092+0800] GC(116) User=0.00s Sys=0.00s Real=0.00s
[2024-08-23T15:30:23.528+0800] GC(117) Pause Young (Allocation Failure)
[2024-08-23T15:30:23.534+0800] GC(117) DefNew: 94916K(157248K)->10240K(157248K) Eden: 94916K(139776K)->0K(139776K) From: 0K(17472K)->10240K(17472K)
[2024-08-23T15:30:23.534+0800] GC(117) Tenured: 13057K(349568K)->64257K(349568K)
[2024-08-23T15:30:23.534+0800] GC(117) Metaspace: 308K(512K)->308K(512K) NonClass: 300K(384K)->300K(384K) Class: 7K(128K)->7K(128K)
[2024-08-23T15:30:23.534+0800] GC(117) Pause Young (Allocation Failure) 105M->72M(494M) 6.036ms
[2024-08-23T15:30:23.534+0800] GC(117) User=0.00s Sys=0.00s Real=0.01s
[2024-08-23T15:30:24.743+0800] GC(118) Pause Young (Allocation Failure)
[2024-08-23T15:30:24.743+0800] GC(118) DefNew: 141003K(157248K)->10240K(157248K) Eden: 130763K(139776K)->0K(139776K) From: 10240K(17472K)->10240K(17472K)
[2024-08-23T15:30:24.743+0800] GC(118) Tenured: 64257K(349568K)->64257K(349568K)
[2024-08-23T15:30:24.743+0800] GC(118) Metaspace: 308K(512K)->308K(512K) NonClass: 300K(384K)->300K(384K) Class: 7K(128K)->7K(128K)
[2024-08-23T15:30:24.743+0800] GC(118) Pause Young (Allocation Failure) 200M->72M(494M) 1.033ms
[2024-08-23T15:30:24.743+0800] GC(118) User=0.00s Sys=0.00s Real=0.00s
[2024-08-23T15:30:24.962+0800] GC(119) Pause Young (Allocation Failure)
[2024-08-23T15:30:24.966+0800] GC(119) DefNew: 84673K(157248K)->0K(157248K) Eden: 74433K(139776K)->0K(139776K) From: 10240K(17472K)->0K(17472K)
[2024-08-23T15:30:24.966+0800] GC(119) Tenured: 64257K(349568K)->125697K(349568K)
[2024-08-23T15:30:24.966+0800] GC(119) Metaspace: 308K(512K)->308K(512K) NonClass: 300K(384K)->300K(384K) Class: 7K(128K)->7K(128K)
[2024-08-23T15:30:24.966+0800] GC(119) Pause Young (Allocation Failure) 145M->122M(494M) 4.932ms
[2024-08-23T15:30:24.966+0800] GC(119) User=0.00s Sys=0.00s Real=0.00s
[2024-08-23T15:30:25.959+0800] GC(120) Pause Young (Allocation Failure)
[2024-08-23T15:30:25.959+0800] GC(120) DefNew: 135879K(157248K)->10240K(157248K) Eden: 135879K(139776K)->0K(139776K) From: 0K(17472K)->10240K(17472K)
[2024-08-23T15:30:25.959+0800] GC(120) Tenured: 125697K(349568K)->125697K(349568K)
[2024-08-23T15:30:25.959+0800] GC(120) Metaspace: 308K(512K)->308K(512K) NonClass: 300K(384K)->300K(384K) Class: 7K(128K)->7K(128K)
[2024-08-23T15:30:25.959+0800] GC(120) Pause Young (Allocation Failure) 255M->132M(494M) 1.089ms
[2024-08-23T15:30:25.959+0800] GC(120) User=0.00s Sys=0.00s Real=0.00s
[2024-08-23T15:30:26.394+0800] GC(121) Pause Young (Allocation Failure)
[2024-08-23T15:30:26.399+0800] GC(121) DefNew: 105152K(157248K)->0K(157248K) Eden: 94912K(139776K)->0K(139776K) From: 10240K(17472K)->0K(17472K)
[2024-08-23T15:30:26.399+0800] GC(121) Tenured: 125697K(349568K)->202497K(349568K)
[2024-08-23T15:30:26.399+0800] GC(121) Metaspace: 308K(512K)->308K(512K) NonClass: 300K(384K)->300K(384K) Class: 7K(128K)->7K(128K)
[2024-08-23T15:30:26.399+0800] GC(121) Pause Young (Allocation Failure) 225M->197M(494M) 6.339ms
[2024-08-23T15:30:26.399+0800] GC(121) User=0.02s Sys=0.00s Real=0.00s
[2024-08-23T15:30:27.392+0800] GC(122) Pause Young (Allocation Failure)
[2024-08-23T15:30:27.393+0800] GC(122) DefNew: 135880K(157248K)->10240K(157248K) Eden: 135880K(139776K)->0K(139776K) From: 0K(17472K)->10240K(17472K)
[2024-08-23T15:30:27.393+0800] GC(122) Tenured: 202497K(349568K)->202497K(349568K)
[2024-08-23T15:30:27.393+0800] GC(122) Metaspace: 308K(512K)->308K(512K) NonClass: 300K(384K)->300K(384K) Class: 7K(128K)->7K(128K)
[2024-08-23T15:30:27.393+0800] GC(122) Pause Young (Allocation Failure) 330M->207M(494M) 1.468ms
[2024-08-23T15:30:27.393+0800] GC(122) User=0.00s Sys=0.00s Real=0.00s
[2024-08-23T15:30:29.028+0800] GC(123) Pause Young (Allocation Failure)
[2024-08-23T15:30:29.029+0800] GC(123) DefNew: 146112K(157248K)->15360K(157248K) Eden: 135872K(139776K)->0K(139776K) From: 10240K(17472K)->15360K(17472K)
[2024-08-23T15:30:29.029+0800] GC(123) Tenured: 202497K(349568K)->202497K(349568K)
[2024-08-23T15:30:29.029+0800] GC(123) Metaspace: 308K(512K)->308K(512K) NonClass: 300K(384K)->300K(384K) Class: 7K(128K)->7K(128K)
[2024-08-23T15:30:29.029+0800] GC(123) Pause Young (Allocation Failure) 340M->212M(494M) 1.559ms
[2024-08-23T15:30:29.029+0800] GC(123) User=0.00s Sys=0.00s Real=0.00s
[2024-08-23T15:30:29.246+0800] GC(124) Pause Young (Allocation Failure)
[2024-08-23T15:30:29.250+0800] GC(124) DefNew: 89802K(157248K)->0K(157248K) Eden: 74442K(139776K)->0K(139776K) From: 15360K(17472K)->0K(17472K)
[2024-08-23T15:30:29.250+0800] GC(124) Tenured: 202497K(349568K)->258817K(349568K)
[2024-08-23T15:30:29.250+0800] GC(124) Metaspace: 308K(512K)->308K(512K) NonClass: 300K(384K)->300K(384K) Class: 7K(128K)->7K(128K)
[2024-08-23T15:30:29.250+0800] GC(124) Pause Young (Allocation Failure) 285M->252M(494M) 4.598ms
[2024-08-23T15:30:29.250+0800] GC(124) User=0.00s Sys=0.00s Real=0.00s
[2024-08-23T15:30:30.231+0800] GC(125) Pause Young (Allocation Failure)
[2024-08-23T15:30:30.231+0800] GC(125) Pause Young (Allocation Failure) 385M->385M(494M) 0.066ms
[2024-08-23T15:30:30.231+0800] GC(125) User=0.00s Sys=0.00s Real=0.00s
[2024-08-23T15:30:30.231+0800] GC(126) Pause Full (Allocation Failure)
[2024-08-23T15:30:30.231+0800] GC(126) Phase 1: Mark live objects
[2024-08-23T15:30:30.231+0800] GC(126) Phase 1: Mark live objects 0.643ms
[2024-08-23T15:30:30.231+0800] GC(126) Phase 2: Compute new object addresses
[2024-08-23T15:30:30.231+0800] GC(126) Phase 2: Compute new object addresses 0.158ms
[2024-08-23T15:30:30.231+0800] GC(126) Phase 3: Adjust pointers
[2024-08-23T15:30:30.231+0800] GC(126) Phase 3: Adjust pointers 0.343ms
[2024-08-23T15:30:30.231+0800] GC(126) Phase 4: Move objects
[2024-08-23T15:30:30.241+0800] GC(126) Phase 4: Move objects 9.654ms
[2024-08-23T15:30:30.242+0800] GC(126) DefNew: 135857K(157248K)->0K(157248K) Eden: 135857K(139776K)->0K(139776K) From: 0K(17472K)->0K(17472K)
[2024-08-23T15:30:30.242+0800] GC(126) Tenured: 258817K(349568K)->118529K(349568K)
[2024-08-23T15:30:30.242+0800] GC(126) Metaspace: 308K(512K)->308K(512K) NonClass: 300K(384K)->300K(384K) Class: 7K(128K)->7K(128K)
[2024-08-23T15:30:30.242+0800] GC(126) Pause Full (Allocation Failure) 385M->115M(494M) 10.994ms
[2024-08-23T15:30:30.242+0800] GC(126) User=0.00s Sys=0.00s Real=0.01s
[2024-08-23T15:30:30.684+0800] GC(127) Pause Young (Allocation Failure)
[2024-08-23T15:30:30.688+0800] GC(127) DefNew: 94898K(157248K)->0K(157248K) Eden: 94898K(139776K)->0K(139776K) From: 0K(17472K)->0K(17472K)
[2024-08-23T15:30:30.688+0800] GC(127) Tenured: 118529K(349568K)->169729K(349568K)
[2024-08-23T15:30:30.689+0800] GC(127) Metaspace: 308K(512K)->308K(512K) NonClass: 300K(384K)->300K(384K) Class: 7K(128K)->7K(128K)
[2024-08-23T15:30:30.689+0800] GC(127) Pause Young (Allocation Failure) 208M->165M(494M) 4.363ms
[2024-08-23T15:30:30.689+0800] GC(127) User=0.00s Sys=0.00s Real=0.00s
[2024-08-23T15:30:32.445+0800] GC(128) Pause Young (Allocation Failure)
[2024-08-23T15:30:32.445+0800] GC(128) DefNew: 137919K(157248K)->1024K(157248K) Eden: 137919K(139776K)->0K(139776K) From: 0K(17472K)->1024K(17472K)
[2024-08-23T15:30:32.445+0800] GC(128) Tenured: 169729K(349568K)->169729K(349568K)
[2024-08-23T15:30:32.445+0800] GC(128) Metaspace: 308K(512K)->308K(512K) NonClass: 300K(384K)->300K(384K) Class: 7K(128K)->7K(128K)
[2024-08-23T15:30:32.445+0800] GC(128) Pause Young (Allocation Failure) 300M->166M(494M) 0.284ms
[2024-08-23T15:30:32.445+0800] GC(128) User=0.00s Sys=0.00s Real=0.00s
[2024-08-23T15:30:33.533+0800] GC(129) Pause Young (Allocation Failure)
[2024-08-23T15:30:33.538+0800] GC(129) DefNew: 126651K(157248K)->11264K(157248K) Eden: 125627K(139776K)->0K(139776K) From: 1024K(17472K)->11264K(17472K)
[2024-08-23T15:30:33.538+0800] GC(129) Tenured: 169729K(349568K)->220929K(349568K)
[2024-08-23T15:30:33.538+0800] GC(129) Metaspace: 308K(512K)->308K(512K) NonClass: 300K(384K)->300K(384K) Class: 7K(128K)->7K(128K)
[2024-08-23T15:30:33.538+0800] GC(129) Pause Young (Allocation Failure) 289M->226M(494M) 5.704ms
[2024-08-23T15:30:33.538+0800] GC(129) User=0.00s Sys=0.00s Real=0.01s
[2024-08-23T15:30:34.515+0800] GC(130) Pause Young (Allocation Failure)
[2024-08-23T15:30:34.517+0800] GC(130) DefNew: 147142K(157248K)->10240K(157248K) Eden: 135878K(139776K)->0K(139776K) From: 11264K(17472K)->10240K(17472K)
[2024-08-23T15:30:34.517+0800] GC(130) Tenured: 220929K(349568K)->232193K(349568K)
[2024-08-23T15:30:34.517+0800] GC(130) Metaspace: 308K(512K)->308K(512K) NonClass: 300K(384K)->300K(384K) Class: 7K(128K)->7K(128K)
[2024-08-23T15:30:34.517+0800] GC(130) Pause Young (Allocation Failure) 359M->236M(494M) 2.441ms
[2024-08-23T15:30:34.517+0800] GC(130) User=0.00s Sys=0.00s Real=0.00s
[2024-08-23T15:30:34.952+0800] GC(131) Pause Young (Allocation Failure)
[2024-08-23T15:30:34.957+0800] GC(131) DefNew: 105151K(157248K)->10240K(157248K) Eden: 94911K(139776K)->0K(139776K) From: 10240K(17472K)->10240K(17472K)
[2024-08-23T15:30:34.957+0800] GC(131) Tenured: 232193K(349568K)->288513K(349568K)
[2024-08-23T15:30:34.957+0800] GC(131) Metaspace: 308K(512K)->308K(512K) NonClass: 300K(384K)->300K(384K) Class: 7K(128K)->7K(128K)
[2024-08-23T15:30:34.957+0800] GC(131) Pause Young (Allocation Failure) 329M->291M(494M) 5.508ms
[2024-08-23T15:30:34.957+0800] GC(131) User=0.00s Sys=0.00s Real=0.01s
[2024-08-23T15:30:36.166+0800] GC(132) Pause Young (Allocation Failure)
[2024-08-23T15:30:36.166+0800] GC(132) Pause Young (Allocation Failure) 414M->414M(494M) 0.060ms
[2024-08-23T15:30:36.166+0800] GC(132) User=0.00s Sys=0.00s Real=0.00s
[2024-08-23T15:30:36.166+0800] GC(133) Pause Full (Allocation Failure)
[2024-08-23T15:30:36.166+0800] GC(133) Phase 1: Mark live objects
[2024-08-23T15:30:36.166+0800] GC(133) Phase 1: Mark live objects 0.618ms
[2024-08-23T15:30:36.166+0800] GC(133) Phase 2: Compute new object addresses
[2024-08-23T15:30:36.167+0800] GC(133) Phase 2: Compute new object addresses 0.180ms
[2024-08-23T15:30:36.167+0800] GC(133) Phase 3: Adjust pointers
[2024-08-23T15:30:36.167+0800] GC(133) Phase 3: Adjust pointers 0.350ms
[2024-08-23T15:30:36.167+0800] GC(133) Phase 4: Move objects
[2024-08-23T15:30:36.168+0800] GC(133) Phase 4: Move objects 0.909ms
[2024-08-23T15:30:36.168+0800] GC(133) DefNew: 135879K(157248K)->0K(157248K) Eden: 125639K(139776K)->0K(139776K) From: 10240K(17472K)->0K(17472K)
[2024-08-23T15:30:36.168+0800] GC(133) Tenured: 288513K(349568K)->11009K(349568K)
[2024-08-23T15:30:36.168+0800] GC(133) Metaspace: 308K(512K)->308K(512K) NonClass: 300K(384K)->300K(384K) Class: 7K(128K)->7K(128K)
[2024-08-23T15:30:36.168+0800] GC(133) Pause Full (Allocation Failure) 414M->10M(494M) 2.219ms
[2024-08-23T15:30:36.168+0800] GC(133) User=0.00s Sys=0.00s Real=0.00s
[2024-08-23T15:30:36.385+0800] GC(134) Pause Young (Allocation Failure)
[2024-08-23T15:30:36.390+0800] GC(134) DefNew: 74430K(157248K)->0K(157248K) Eden: 74430K(139776K)->0K(139776K) From: 0K(17472K)->0K(17472K)
[2024-08-23T15:30:36.390+0800] GC(134) Tenured: 11009K(349568K)->82689K(349568K)
[2024-08-23T15:30:36.390+0800] GC(134) Metaspace: 308K(512K)->308K(512K) NonClass: 300K(384K)->300K(384K) Class: 7K(128K)->7K(128K)
[2024-08-23T15:30:36.391+0800] GC(134) Pause Young (Allocation Failure) 83M->80M(494M) 6.391ms
[2024-08-23T15:30:36.391+0800] GC(134) User=0.00s Sys=0.00s Real=0.01s
[2024-08-23T15:30:37.385+0800] GC(135) Pause Young (Allocation Failure)
[2024-08-23T15:30:37.385+0800] GC(135) DefNew: 135877K(157248K)->10240K(157248K) Eden: 135877K(139776K)->0K(139776K) From: 0K(17472K)->10240K(17472K)
[2024-08-23T15:30:37.385+0800] GC(135) Tenured: 82689K(349568K)->82689K(349568K)
[2024-08-23T15:30:37.385+0800] GC(135) Metaspace: 308K(512K)->308K(512K) NonClass: 300K(384K)->300K(384K) Class: 7K(128K)->7K(128K)
[2024-08-23T15:30:37.385+0800] GC(135) Pause Young (Allocation Failure) 213M->90M(494M) 1.079ms
[2024-08-23T15:30:37.385+0800] GC(135) User=0.00s Sys=0.00s Real=0.00s
[2024-08-23T15:30:37.817+0800] GC(136) Pause Young (Allocation Failure)
[2024-08-23T15:30:37.821+0800] GC(136) DefNew: 105150K(157248K)->0K(157248K) Eden: 94910K(139776K)->0K(139776K) From: 10240K(17472K)->0K(17472K)
[2024-08-23T15:30:37.821+0800] GC(136) Tenured: 82689K(349568K)->139009K(349568K)
[2024-08-23T15:30:37.821+0800] GC(136) Metaspace: 308K(512K)->308K(512K) NonClass: 300K(384K)->300K(384K) Class: 7K(128K)->7K(128K)
[2024-08-23T15:30:37.821+0800] GC(136) Pause Young (Allocation Failure) 183M->135M(494M) 4.770ms
[2024-08-23T15:30:37.821+0800] GC(136) User=0.00s Sys=0.00s Real=0.00s
[2024-08-23T15:30:38.816+0800] GC(137) Pause Young (Allocation Failure)
[2024-08-23T15:30:38.817+0800] GC(137) DefNew: 135879K(157248K)->10240K(157248K) Eden: 135879K(139776K)->0K(139776K) From: 0K(17472K)->10240K(17472K)
[2024-08-23T15:30:38.817+0800] GC(137) Tenured: 139009K(349568K)->139009K(349568K)
[2024-08-23T15:30:38.817+0800] GC(137) Metaspace: 308K(512K)->308K(512K) NonClass: 300K(384K)->300K(384K) Class: 7K(128K)->7K(128K)
[2024-08-23T15:30:38.817+0800] GC(137) Pause Young (Allocation Failure) 268M->145M(494M) 1.325ms
[2024-08-23T15:30:38.817+0800] GC(137) User=0.00s Sys=0.00s Real=0.00s
[2024-08-23T15:30:39.253+0800] GC(138) Pause Young (Allocation Failure)
[2024-08-23T15:30:39.257+0800] GC(138) DefNew: 105152K(157248K)->0K(157248K) Eden: 94912K(139776K)->0K(139776K) From: 10240K(17472K)->0K(17472K)
[2024-08-23T15:30:39.257+0800] GC(138) Tenured: 139009K(349568K)->195329K(349568K)
[2024-08-23T15:30:39.257+0800] GC(138) Metaspace: 308K(512K)->308K(512K) NonClass: 300K(384K)->300K(384K) Class: 7K(128K)->7K(128K)
[2024-08-23T15:30:39.257+0800] GC(138) Pause Young (Allocation Failure) 238M->190M(494M) 4.794ms
[2024-08-23T15:30:39.257+0800] GC(138) User=0.00s Sys=0.00s Real=0.00s
[2024-08-23T15:30:40.360+0800] GC(139) Pause Young (Allocation Failure)
[2024-08-23T15:30:40.361+0800] GC(139) DefNew: 130760K(157248K)->15360K(157248K) Eden: 130760K(139776K)->0K(139776K) From: 0K(17472K)->15360K(17472K)
[2024-08-23T15:30:40.361+0800] GC(139) Tenured: 195329K(349568K)->195329K(349568K)
[2024-08-23T15:30:40.361+0800] GC(139) Metaspace: 308K(512K)->308K(512K) NonClass: 300K(384K)->300K(384K) Class: 7K(128K)->7K(128K)
[2024-08-23T15:30:40.361+0800] GC(139) Pause Young (Allocation Failure) 318M->205M(494M) 1.404ms
[2024-08-23T15:30:40.361+0800] GC(139) User=0.00s Sys=0.00s Real=0.00s
[2024-08-23T15:30:40.687+0800] GC(140) Pause Young (Allocation Failure)
[2024-08-23T15:30:40.692+0800] GC(140) DefNew: 100031K(157248K)->0K(157248K) Eden: 84671K(139776K)->0K(139776K) From: 15360K(17472K)->0K(17472K)
[2024-08-23T15:30:40.692+0800] GC(140) Tenured: 195329K(349568K)->251649K(349568K)
[2024-08-23T15:30:40.692+0800] GC(140) Metaspace: 308K(512K)->308K(512K) NonClass: 300K(384K)->300K(384K) Class: 7K(128K)->7K(128K)
[2024-08-23T15:30:40.692+0800] GC(140) Pause Young (Allocation Failure) 288M->245M(494M) 4.931ms
[2024-08-23T15:30:40.692+0800] GC(140) User=0.00s Sys=0.00s Real=0.00s
[2024-08-23T15:30:41.671+0800] GC(141) Pause Young (Allocation Failure)
[2024-08-23T15:30:41.671+0800] GC(141) Pause Young (Allocation Failure) 378M->378M(494M) 0.072ms
[2024-08-23T15:30:41.671+0800] GC(141) User=0.00s Sys=0.00s Real=0.00s
[2024-08-23T15:30:41.671+0800] GC(142) Pause Full (Allocation Failure)
[2024-08-23T15:30:41.671+0800] GC(142) Phase 1: Mark live objects
[2024-08-23T15:30:41.671+0800] GC(142) Phase 1: Mark live objects 0.600ms
[2024-08-23T15:30:41.671+0800] GC(142) Phase 2: Compute new object addresses
[2024-08-23T15:30:41.672+0800] GC(142) Phase 2: Compute new object addresses 0.134ms
[2024-08-23T15:30:41.672+0800] GC(142) Phase 3: Adjust pointers
[2024-08-23T15:30:41.672+0800] GC(142) Phase 3: Adjust pointers 0.348ms
[2024-08-23T15:30:41.672+0800] GC(142) Phase 4: Move objects
[2024-08-23T15:30:41.673+0800] GC(142) Phase 4: Move objects 0.907ms
[2024-08-23T15:30:41.673+0800] GC(142) DefNew: 135855K(157248K)->0K(157248K) Eden: 135855K(139776K)->0K(139776K) From: 0K(17472K)->0K(17472K)
[2024-08-23T15:30:41.673+0800] GC(142) Tenured: 251649K(349568K)->12033K(349568K)
[2024-08-23T15:30:41.673+0800] GC(142) Metaspace: 308K(512K)->308K(512K) NonClass: 300K(384K)->300K(384K) Class: 7K(128K)->7K(128K)
[2024-08-23T15:30:41.673+0800] GC(142) Pause Full (Allocation Failure) 378M->11M(494M) 2.132ms
[2024-08-23T15:30:41.673+0800] GC(142) User=0.00s Sys=0.00s Real=0.00s
[2024-08-23T15:30:42.105+0800] GC(143) Pause Young (Allocation Failure)
[2024-08-23T15:30:42.110+0800] GC(143) DefNew: 94896K(157248K)->0K(157248K) Eden: 94896K(139776K)->0K(139776K) From: 0K(17472K)->0K(17472K)
[2024-08-23T15:30:42.110+0800] GC(143) Tenured: 12033K(349568K)->63233K(349568K)
[2024-08-23T15:30:42.110+0800] GC(143) Metaspace: 308K(512K)->308K(512K) NonClass: 300K(384K)->300K(384K) Class: 7K(128K)->7K(128K)
[2024-08-23T15:30:42.110+0800] GC(143) Pause Young (Allocation Failure) 104M->61M(494M) 5.219ms
[2024-08-23T15:30:42.110+0800] GC(143) User=0.00s Sys=0.00s Real=0.00s
[2024-08-23T15:30:43.102+0800] GC(144) Pause Young (Allocation Failure)
[2024-08-23T15:30:43.103+0800] GC(144) DefNew: 135870K(157248K)->6144K(157248K) Eden: 135870K(139776K)->0K(139776K) From: 0K(17472K)->6144K(17472K)
[2024-08-23T15:30:43.103+0800] GC(144) Tenured: 63233K(349568K)->63233K(349568K)
[2024-08-23T15:30:43.103+0800] GC(144) Metaspace: 308K(512K)->308K(512K) NonClass: 300K(384K)->300K(384K) Class: 7K(128K)->7K(128K)
[2024-08-23T15:30:43.103+0800] GC(144) Pause Young (Allocation Failure) 194M->67M(494M) 0.726ms
[2024-08-23T15:30:43.103+0800] GC(144) User=0.00s Sys=0.00s Real=0.00s
[2024-08-23T15:30:44.960+0800] GC(145) Pause Young (Allocation Failure)
[2024-08-23T15:30:44.965+0800] GC(145) DefNew: 142010K(157248K)->15360K(157248K) Eden: 135866K(139776K)->0K(139776K) From: 6144K(17472K)->15360K(17472K)
[2024-08-23T15:30:44.965+0800] GC(145) Tenured: 63233K(349568K)->114433K(349568K)
[2024-08-23T15:30:44.965+0800] GC(145) Metaspace: 308K(512K)->308K(512K) NonClass: 300K(384K)->300K(384K) Class: 7K(128K)->7K(128K)
[2024-08-23T15:30:44.965+0800] GC(145) Pause Young (Allocation Failure) 200M->126M(494M) 5.298ms
[2024-08-23T15:30:44.965+0800] GC(145) User=0.00s Sys=0.00s Real=0.00s
[2024-08-23T15:30:45.942+0800] GC(146) Pause Young (Allocation Failure)
[2024-08-23T15:30:45.944+0800] GC(146) DefNew: 151238K(157248K)->10240K(157248K) Eden: 135878K(139776K)->0K(139776K) From: 15360K(17472K)->10240K(17472K)
[2024-08-23T15:30:45.944+0800] GC(146) Tenured: 114433K(349568K)->129793K(349568K)
[2024-08-23T15:30:45.944+0800] GC(146) Metaspace: 308K(512K)->308K(512K) NonClass: 300K(384K)->300K(384K) Class: 7K(128K)->7K(128K)
[2024-08-23T15:30:45.944+0800] GC(146) Pause Young (Allocation Failure) 259M->136M(494M) 2.334ms
[2024-08-23T15:30:45.944+0800] GC(146) User=0.00s Sys=0.00s Real=0.00s
[2024-08-23T15:30:46.380+0800] GC(147) Pause Young (Allocation Failure)
[2024-08-23T15:30:46.386+0800] GC(147) DefNew: 105159K(157248K)->0K(157248K) Eden: 94919K(139776K)->0K(139776K) From: 10240K(17472K)->0K(17472K)
[2024-08-23T15:30:46.386+0800] GC(147) Tenured: 129793K(349568K)->206593K(349568K)
[2024-08-23T15:30:46.386+0800] GC(147) Metaspace: 308K(512K)->308K(512K) NonClass: 300K(384K)->300K(384K) Class: 7K(128K)->7K(128K)
[2024-08-23T15:30:46.386+0800] GC(147) Pause Young (Allocation Failure) 229M->201M(494M) 6.099ms
[2024-08-23T15:30:46.386+0800] GC(147) User=0.00s Sys=0.00s Real=0.01s
[2024-08-23T15:30:47.595+0800] GC(148) Pause Young (Allocation Failure)
[2024-08-23T15:30:47.596+0800] GC(148) DefNew: 120524K(157248K)->5120K(157248K) Eden: 120524K(139776K)->0K(139776K) From: 0K(17472K)->5120K(17472K)
[2024-08-23T15:30:47.596+0800] GC(148) Tenured: 206593K(349568K)->206593K(349568K)
[2024-08-23T15:30:47.596+0800] GC(148) Metaspace: 308K(512K)->308K(512K) NonClass: 300K(384K)->300K(384K) Class: 7K(128K)->7K(128K)
[2024-08-23T15:30:47.596+0800] GC(148) Pause Young (Allocation Failure) 319M->206M(494M) 0.838ms
[2024-08-23T15:30:47.596+0800] GC(148) User=0.00s Sys=0.00s Real=0.00s
[2024-08-23T15:30:47.812+0800] GC(149) Pause Young (Allocation Failure)
[2024-08-23T15:30:47.816+0800] GC(149) DefNew: 79552K(157248K)->0K(157248K) Eden: 74432K(139776K)->0K(139776K) From: 5120K(17472K)->0K(17472K)
[2024-08-23T15:30:47.816+0800] GC(149) Tenured: 206593K(349568K)->257793K(349568K)
[2024-08-23T15:30:47.816+0800] GC(149) Metaspace: 308K(512K)->308K(512K) NonClass: 300K(384K)->300K(384K) Class: 7K(128K)->7K(128K)
[2024-08-23T15:30:47.816+0800] GC(149) Pause Young (Allocation Failure) 279M->251M(494M) 4.490ms
[2024-08-23T15:30:47.816+0800] GC(149) User=0.00s Sys=0.00s Real=0.00s
[2024-08-23T15:30:48.795+0800] GC(150) Pause Young (Allocation Failure)
[2024-08-23T15:30:48.795+0800] GC(150) Pause Young (Allocation Failure) 384M->384M(494M) 0.081ms
[2024-08-23T15:30:48.795+0800] GC(150) User=0.00s Sys=0.00s Real=0.00s
[2024-08-23T15:30:48.795+0800] GC(151) Pause Full (Allocation Failure)
[2024-08-23T15:30:48.795+0800] GC(151) Phase 1: Mark live objects
[2024-08-23T15:30:48.795+0800] GC(151) Phase 1: Mark live objects 0.643ms
[2024-08-23T15:30:48.795+0800] GC(151) Phase 2: Compute new object addresses
[2024-08-23T15:30:48.796+0800] GC(151) Phase 2: Compute new object addresses 0.145ms
[2024-08-23T15:30:48.796+0800] GC(151) Phase 3: Adjust pointers
[2024-08-23T15:30:48.796+0800] GC(151) Phase 3: Adjust pointers 0.349ms
[2024-08-23T15:30:48.796+0800] GC(151) Phase 4: Move objects
[2024-08-23T15:30:48.801+0800] GC(151) Phase 4: Move objects 5.733ms
[2024-08-23T15:30:48.801+0800] GC(151) DefNew: 135878K(157248K)->0K(157248K) Eden: 135878K(139776K)->0K(139776K) From: 0K(17472K)->0K(17472K)
[2024-08-23T15:30:48.801+0800] GC(151) Tenured: 257793K(349568K)->62209K(349568K)
[2024-08-23T15:30:48.801+0800] GC(151) Metaspace: 308K(512K)->308K(512K) NonClass: 300K(384K)->300K(384K) Class: 7K(128K)->7K(128K)
[2024-08-23T15:30:48.801+0800] GC(151) Pause Full (Allocation Failure) 384M->60M(494M) 7.055ms
[2024-08-23T15:30:48.801+0800] GC(151) User=0.00s Sys=0.00s Real=0.01s
[2024-08-23T15:30:49.230+0800] GC(152) Pause Young (Allocation Failure)
[2024-08-23T15:30:49.234+0800] GC(152) DefNew: 94911K(157248K)->0K(157248K) Eden: 94911K(139776K)->0K(139776K) From: 0K(17472K)->0K(17472K)
[2024-08-23T15:30:49.234+0800] GC(152) Tenured: 62209K(349568K)->113409K(349568K)
[2024-08-23T15:30:49.234+0800] GC(152) Metaspace: 308K(512K)->308K(512K) NonClass: 300K(384K)->300K(384K) Class: 7K(128K)->7K(128K)
[2024-08-23T15:30:49.234+0800] GC(152) Pause Young (Allocation Failure) 153M->110M(494M) 4.324ms
[2024-08-23T15:30:49.234+0800] GC(152) User=0.00s Sys=0.00s Real=0.00s
[2024-08-23T15:30:50.213+0800] GC(153) Pause Young (Allocation Failure)
[2024-08-23T15:30:50.222+0800] GC(153) DefNew: 135879K(157248K)->10240K(157248K) Eden: 135879K(139776K)->0K(139776K) From: 0K(17472K)->10240K(17472K)
[2024-08-23T15:30:50.222+0800] GC(153) Tenured: 113409K(349568K)->215809K(349568K)
[2024-08-23T15:30:50.222+0800] GC(153) Metaspace: 308K(512K)->308K(512K) NonClass: 300K(384K)->300K(384K) Class: 7K(128K)->7K(128K)
[2024-08-23T15:30:50.222+0800] GC(153) Pause Young (Allocation Failure) 243M->220M(494M) 9.685ms
[2024-08-23T15:30:50.222+0800] GC(153) User=0.00s Sys=0.00s Real=0.01s
[2024-08-23T15:30:50.666+0800] GC(154) Pause Young (Allocation Failure)
[2024-08-23T15:30:50.670+0800] GC(154) DefNew: 105152K(157248K)->0K(157248K) Eden: 94912K(139776K)->0K(139776K) From: 10240K(17472K)->0K(17472K)
[2024-08-23T15:30:50.670+0800] GC(154) Tenured: 215809K(349568K)->272129K(349568K)
[2024-08-23T15:30:50.670+0800] GC(154) Metaspace: 308K(512K)->308K(512K) NonClass: 300K(384K)->300K(384K) Class: 7K(128K)->7K(128K)
[2024-08-23T15:30:50.670+0800] GC(154) Pause Young (Allocation Failure) 313M->265M(494M) 4.828ms
[2024-08-23T15:30:50.670+0800] GC(154) User=0.00s Sys=0.00s Real=0.00s
[2024-08-23T15:30:51.866+0800] GC(155) Pause Young (Allocation Failure)
[2024-08-23T15:30:51.866+0800] GC(155) Pause Young (Allocation Failure) 398M->398M(494M) 0.059ms
[2024-08-23T15:30:51.866+0800] GC(155) User=0.00s Sys=0.00s Real=0.00s
[2024-08-23T15:30:51.866+0800] GC(156) Pause Full (Allocation Failure)
[2024-08-23T15:30:51.866+0800] GC(156) Phase 1: Mark live objects
[2024-08-23T15:30:51.866+0800] GC(156) Phase 1: Mark live objects 0.580ms
[2024-08-23T15:30:51.866+0800] GC(156) Phase 2: Compute new object addresses
[2024-08-23T15:30:51.867+0800] GC(156) Phase 2: Compute new object addresses 0.133ms
[2024-08-23T15:30:51.867+0800] GC(156) Phase 3: Adjust pointers
[2024-08-23T15:30:51.867+0800] GC(156) Phase 3: Adjust pointers 0.321ms
[2024-08-23T15:30:51.867+0800] GC(156) Phase 4: Move objects
[2024-08-23T15:30:51.869+0800] GC(156) Phase 4: Move objects 1.264ms
[2024-08-23T15:30:51.869+0800] GC(156) DefNew: 135880K(157248K)->0K(157248K) Eden: 135880K(139776K)->0K(139776K) From: 0K(17472K)->0K(17472K)
[2024-08-23T15:30:51.869+0800] GC(156) Tenured: 272129K(349568K)->16129K(349568K)
[2024-08-23T15:30:51.869+0800] GC(156) Metaspace: 308K(512K)->308K(512K) NonClass: 300K(384K)->300K(384K) Class: 7K(128K)->7K(128K)
[2024-08-23T15:30:51.869+0800] GC(156) Pause Full (Allocation Failure) 398M->15M(494M) 2.436ms
[2024-08-23T15:30:51.869+0800] GC(156) User=0.00s Sys=0.00s Real=0.00s
[2024-08-23T15:30:52.084+0800] GC(157) Pause Young (Allocation Failure)
[2024-08-23T15:30:52.087+0800] GC(157) DefNew: 74432K(157248K)->0K(157248K) Eden: 74432K(139776K)->0K(139776K) From: 0K(17472K)->0K(17472K)
[2024-08-23T15:30:52.087+0800] GC(157) Tenured: 16129K(349568K)->67329K(349568K)
[2024-08-23T15:30:52.087+0800] GC(157) Metaspace: 308K(512K)->308K(512K) NonClass: 300K(384K)->300K(384K) Class: 7K(128K)->7K(128K)
[2024-08-23T15:30:52.087+0800] GC(157) Pause Young (Allocation Failure) 88M->65M(494M) 4.304ms
[2024-08-23T15:30:52.087+0800] GC(157) User=0.00s Sys=0.00s Real=0.00s
[2024-08-23T15:30:53.066+0800] GC(158) Pause Young (Allocation Failure)
[2024-08-23T15:30:53.066+0800] GC(158) DefNew: 135865K(157248K)->6144K(157248K) Eden: 135865K(139776K)->0K(139776K) From: 0K(17472K)->6144K(17472K)
[2024-08-23T15:30:53.066+0800] GC(158) Tenured: 67329K(349568K)->67329K(349568K)
[2024-08-23T15:30:53.066+0800] GC(158) Metaspace: 308K(512K)->308K(512K) NonClass: 300K(384K)->300K(384K) Class: 7K(128K)->7K(128K)
[2024-08-23T15:30:53.066+0800] GC(158) Pause Young (Allocation Failure) 198M->71M(494M) 0.726ms
[2024-08-23T15:30:53.066+0800] GC(158) User=0.00s Sys=0.00s Real=0.00s
[2024-08-23T15:30:53.504+0800] GC(159) Pause Young (Allocation Failure)
[2024-08-23T15:30:53.508+0800] GC(159) DefNew: 101047K(157248K)->11264K(157248K) Eden: 94903K(139776K)->0K(139776K) From: 6144K(17472K)->11264K(17472K)
[2024-08-23T15:30:53.508+0800] GC(159) Tenured: 67329K(349568K)->118529K(349568K)
[2024-08-23T15:30:53.508+0800] GC(159) Metaspace: 308K(512K)->308K(512K) NonClass: 300K(384K)->300K(384K) Class: 7K(128K)->7K(128K)
[2024-08-23T15:30:53.508+0800] GC(159) Pause Young (Allocation Failure) 164M->126M(494M) 5.187ms
[2024-08-23T15:30:53.508+0800] GC(159) User=0.00s Sys=0.00s Real=0.00s
[2024-08-23T15:30:54.487+0800] GC(160) Pause Young (Allocation Failure)
[2024-08-23T15:30:54.489+0800] GC(160) DefNew: 147138K(157248K)->10240K(157248K) Eden: 135874K(139776K)->0K(139776K) From: 11264K(17472K)->10240K(17472K)
[2024-08-23T15:30:54.489+0800] GC(160) Tenured: 118529K(349568K)->129793K(349568K)
[2024-08-23T15:30:54.489+0800] GC(160) Metaspace: 308K(512K)->308K(512K) NonClass: 300K(384K)->300K(384K) Class: 7K(128K)->7K(128K)
[2024-08-23T15:30:54.489+0800] GC(160) Pause Young (Allocation Failure) 259M->136M(494M) 2.188ms
[2024-08-23T15:30:54.489+0800] GC(160) User=0.00s Sys=0.00s Real=0.00s
[2024-08-23T15:30:56.232+0800] GC(161) Pause Young (Allocation Failure)
[2024-08-23T15:30:56.234+0800] GC(161) DefNew: 105149K(157248K)->5120K(157248K) Eden: 94909K(139776K)->0K(139776K) From: 10240K(17472K)->5120K(17472K)
[2024-08-23T15:30:56.234+0800] GC(161) Tenured: 129793K(349568K)->150273K(349568K)
[2024-08-23T15:30:56.234+0800] GC(161) Metaspace: 308K(512K)->308K(512K) NonClass: 300K(384K)->300K(384K) Class: 7K(128K)->7K(128K)
[2024-08-23T15:30:56.234+0800] GC(161) Pause Young (Allocation Failure) 229M->151M(494M) 2.358ms
[2024-08-23T15:30:56.234+0800] GC(161) User=0.00s Sys=0.00s Real=0.00s
[2024-08-23T15:30:56.343+0800] GC(162) Pause Young (Allocation Failure)
[2024-08-23T15:30:56.347+0800] GC(162) DefNew: 59078K(157248K)->5120K(157248K) Eden: 53958K(139776K)->0K(139776K) From: 5120K(17472K)->5120K(17472K)
[2024-08-23T15:30:56.347+0800] GC(162) Tenured: 150273K(349568K)->201473K(349568K)
[2024-08-23T15:30:56.347+0800] GC(162) Metaspace: 308K(512K)->308K(512K) NonClass: 300K(384K)->300K(384K) Class: 7K(128K)->7K(128K)
[2024-08-23T15:30:56.347+0800] GC(162) Pause Young (Allocation Failure) 204M->201M(494M) 4.822ms
[2024-08-23T15:30:56.347+0800] GC(162) User=0.00s Sys=0.00s Real=0.00s
[2024-08-23T15:30:57.324+0800] GC(163) Pause Young (Allocation Failure)
[2024-08-23T15:30:57.325+0800] GC(163) DefNew: 140998K(157248K)->15360K(157248K) Eden: 135878K(139776K)->0K(139776K) From: 5120K(17472K)->15360K(17472K)
[2024-08-23T15:30:57.325+0800] GC(163) Tenured: 201473K(349568K)->201473K(349568K)
[2024-08-23T15:30:57.325+0800] GC(163) Metaspace: 308K(512K)->308K(512K) NonClass: 300K(384K)->300K(384K) Class: 7K(128K)->7K(128K)
[2024-08-23T15:30:57.325+0800] GC(163) Pause Young (Allocation Failure) 334M->211M(494M) 1.460ms
[2024-08-23T15:30:57.325+0800] GC(163) User=0.00s Sys=0.00s Real=0.00s
[2024-08-23T15:30:57.763+0800] GC(164) Pause Young (Allocation Failure)
[2024-08-23T15:30:57.767+0800] GC(164) DefNew: 110271K(157248K)->0K(157248K) Eden: 94911K(139776K)->0K(139776K) From: 15360K(17472K)->0K(17472K)
[2024-08-23T15:30:57.767+0800] GC(164) Tenured: 201473K(349568K)->262913K(349568K)
[2024-08-23T15:30:57.767+0800] GC(164) Metaspace: 308K(512K)->308K(512K) NonClass: 300K(384K)->300K(384K) Class: 7K(128K)->7K(128K)
[2024-08-23T15:30:57.767+0800] GC(164) Pause Young (Allocation Failure) 304M->256M(494M) 5.208ms
[2024-08-23T15:30:57.767+0800] GC(164) User=0.00s Sys=0.00s Real=0.00s
[2024-08-23T15:30:59.072+0800] GC(165) Pause Young (Allocation Failure)
[2024-08-23T15:30:59.072+0800] GC(165) Pause Young (Allocation Failure) 379M->379M(494M) 0.094ms
[2024-08-23T15:30:59.072+0800] GC(165) User=0.00s Sys=0.00s Real=0.00s
[2024-08-23T15:30:59.072+0800] GC(166) Pause Full (Allocation Failure)
[2024-08-23T15:30:59.072+0800] GC(166) Phase 1: Mark live objects
[2024-08-23T15:30:59.072+0800] GC(166) Phase 1: Mark live objects 0.612ms
[2024-08-23T15:30:59.072+0800] GC(166) Phase 2: Compute new object addresses
[2024-08-23T15:30:59.072+0800] GC(166) Phase 2: Compute new object addresses 0.138ms
[2024-08-23T15:30:59.073+0800] GC(166) Phase 3: Adjust pointers
[2024-08-23T15:30:59.073+0800] GC(166) Phase 3: Adjust pointers 0.334ms
[2024-08-23T15:30:59.073+0800] GC(166) Phase 4: Move objects
[2024-08-23T15:30:59.073+0800] GC(166) Phase 4: Move objects 0.422ms
[2024-08-23T15:30:59.073+0800] GC(166) DefNew: 125639K(157248K)->0K(157248K) Eden: 125639K(139776K)->0K(139776K) From: 0K(17472K)->0K(17472K)
[2024-08-23T15:30:59.073+0800] GC(166) Tenured: 262913K(349568K)->5889K(349568K)
[2024-08-23T15:30:59.073+0800] GC(166) Metaspace: 308K(512K)->308K(512K) NonClass: 300K(384K)->300K(384K) Class: 7K(128K)->7K(128K)
[2024-08-23T15:30:59.073+0800] GC(166) Pause Full (Allocation Failure) 379M->5M(494M) 1.645ms
[2024-08-23T15:30:59.073+0800] GC(166) User=0.00s Sys=0.00s Real=0.00s
[2024-08-23T15:30:59.182+0800] GC(167) Pause Young (Allocation Failure)
[2024-08-23T15:30:59.186+0800] GC(167) DefNew: 53950K(157248K)->0K(157248K) Eden: 53950K(139776K)->0K(139776K) From: 0K(17472K)->0K(17472K)
[2024-08-23T15:30:59.186+0800] GC(167) Tenured: 5889K(349568K)->57089K(349568K)
[2024-08-23T15:30:59.187+0800] GC(167) Metaspace: 308K(512K)->308K(512K) NonClass: 300K(384K)->300K(384K) Class: 7K(128K)->7K(128K)
[2024-08-23T15:30:59.187+0800] GC(167) Pause Young (Allocation Failure) 58M->55M(494M) 4.400ms
[2024-08-23T15:30:59.187+0800] GC(167) User=0.00s Sys=0.00s Real=0.01s
[2024-08-23T15:31:00.167+0800] GC(168) Pause Young (Allocation Failure)
[2024-08-23T15:31:00.175+0800] GC(168) DefNew: 135870K(157248K)->10240K(157248K) Eden: 135870K(139776K)->0K(139776K) From: 0K(17472K)->10240K(17472K)
[2024-08-23T15:31:00.175+0800] GC(168) Tenured: 57089K(349568K)->159489K(349568K)
[2024-08-23T15:31:00.175+0800] GC(168) Metaspace: 308K(512K)->308K(512K) NonClass: 300K(384K)->300K(384K) Class: 7K(128K)->7K(128K)
[2024-08-23T15:31:00.175+0800] GC(168) Pause Young (Allocation Failure) 188M->165M(494M) 9.092ms
[2024-08-23T15:31:00.175+0800] GC(168) User=0.00s Sys=0.00s Real=0.01s
[2024-08-23T15:31:00.621+0800] GC(169) Pause Young (Allocation Failure)
[2024-08-23T15:31:00.625+0800] GC(169) DefNew: 105146K(157248K)->0K(157248K) Eden: 94906K(139776K)->0K(139776K) From: 10240K(17472K)->0K(17472K)
[2024-08-23T15:31:00.625+0800] GC(169) Tenured: 159489K(349568K)->215809K(349568K)
[2024-08-23T15:31:00.625+0800] GC(169) Metaspace: 308K(512K)->308K(512K) NonClass: 300K(384K)->300K(384K) Class: 7K(128K)->7K(128K)
[2024-08-23T15:31:00.625+0800] GC(169) Pause Young (Allocation Failure) 258M->210M(494M) 4.609ms
[2024-08-23T15:31:00.625+0800] GC(169) User=0.00s Sys=0.00s Real=0.00s
[2024-08-23T15:31:01.605+0800] GC(170) Pause Young (Allocation Failure)
[2024-08-23T15:31:01.605+0800] GC(170) DefNew: 135876K(157248K)->6144K(157248K) Eden: 135876K(139776K)->0K(139776K) From: 0K(17472K)->6144K(17472K)
[2024-08-23T15:31:01.605+0800] GC(170) Tenured: 215809K(349568K)->215809K(349568K)
[2024-08-23T15:31:01.605+0800] GC(170) Metaspace: 308K(512K)->308K(512K) NonClass: 300K(384K)->300K(384K) Class: 7K(128K)->7K(128K)
[2024-08-23T15:31:01.605+0800] GC(170) Pause Young (Allocation Failure) 343M->216M(494M) 0.763ms
[2024-08-23T15:31:01.605+0800] GC(170) User=0.00s Sys=0.00s Real=0.00s
[2024-08-23T15:31:02.042+0800] GC(171) Pause Young (Allocation Failure)
[2024-08-23T15:31:02.047+0800] GC(171) DefNew: 101054K(157248K)->6144K(157248K) Eden: 94910K(139776K)->0K(139776K) From: 6144K(17472K)->6144K(17472K)
[2024-08-23T15:31:02.047+0800] GC(171) Tenured: 215809K(349568K)->267009K(349568K)
[2024-08-23T15:31:02.047+0800] GC(171) Metaspace: 308K(512K)->308K(512K) NonClass: 300K(384K)->300K(384K) Class: 7K(128K)->7K(128K)
[2024-08-23T15:31:02.047+0800] GC(171) Pause Young (Allocation Failure) 309M->266M(494M) 5.538ms
[2024-08-23T15:31:02.047+0800] GC(171) User=0.00s Sys=0.00s Real=0.00s
[2024-08-23T15:31:03.256+0800] GC(172) Pause Young (Allocation Failure)
[2024-08-23T15:31:03.256+0800] GC(172) Pause Young (Allocation Failure) 394M->394M(494M) 0.087ms
[2024-08-23T15:31:03.256+0800] GC(172) User=0.00s Sys=0.00s Real=0.00s
[2024-08-23T15:31:03.256+0800] GC(173) Pause Full (Allocation Failure)
[2024-08-23T15:31:03.256+0800] GC(173) Phase 1: Mark live objects
[2024-08-23T15:31:03.257+0800] GC(173) Phase 1: Mark live objects 0.993ms
[2024-08-23T15:31:03.257+0800] GC(173) Phase 2: Compute new object addresses
[2024-08-23T15:31:03.257+0800] GC(173) Phase 2: Compute new object addresses 0.242ms
[2024-08-23T15:31:03.257+0800] GC(173) Phase 3: Adjust pointers
[2024-08-23T15:31:03.258+0800] GC(173) Phase 3: Adjust pointers 0.438ms
[2024-08-23T15:31:03.258+0800] GC(173) Phase 4: Move objects
[2024-08-23T15:31:03.259+0800] GC(173) Phase 4: Move objects 2.181ms
[2024-08-23T15:31:03.259+0800] GC(173) DefNew: 136903K(157248K)->0K(157248K) Eden: 130759K(139776K)->0K(139776K) From: 6144K(17472K)->0K(17472K)
[2024-08-23T15:31:03.259+0800] GC(173) Tenured: 267009K(349568K)->21249K(349568K)
[2024-08-23T15:31:03.259+0800] GC(173) Metaspace: 308K(512K)->308K(512K) NonClass: 300K(384K)->300K(384K) Class: 7K(128K)->7K(128K)
[2024-08-23T15:31:03.259+0800] GC(173) Pause Full (Allocation Failure) 394M->20M(494M) 4.068ms
[2024-08-23T15:31:03.259+0800] GC(173) User=0.00s Sys=0.00s Real=0.00s
[2024-08-23T15:31:03.474+0800] GC(174) Pause Young (Allocation Failure)
[2024-08-23T15:31:03.478+0800] GC(174) DefNew: 74431K(157248K)->0K(157248K) Eden: 74431K(139776K)->0K(139776K) From: 0K(17472K)->0K(17472K)
[2024-08-23T15:31:03.478+0800] GC(174) Tenured: 21249K(349568K)->72449K(349568K)
[2024-08-23T15:31:03.478+0800] GC(174) Metaspace: 308K(512K)->308K(512K) NonClass: 300K(384K)->300K(384K) Class: 7K(128K)->7K(128K)
[2024-08-23T15:31:03.478+0800] GC(174) Pause Young (Allocation Failure) 93M->70M(494M) 4.730ms
[2024-08-23T15:31:03.478+0800] GC(174) User=0.02s Sys=0.00s Real=0.00s
[2024-08-23T15:31:04.455+0800] GC(175) Pause Young (Allocation Failure)
[2024-08-23T15:31:04.455+0800] GC(175) DefNew: 135877K(157248K)->10240K(157248K) Eden: 135877K(139776K)->0K(139776K) From: 0K(17472K)->10240K(17472K)
[2024-08-23T15:31:04.455+0800] GC(175) Tenured: 72449K(349568K)->72449K(349568K)
[2024-08-23T15:31:04.455+0800] GC(175) Metaspace: 308K(512K)->308K(512K) NonClass: 300K(384K)->300K(384K) Class: 7K(128K)->7K(128K)
[2024-08-23T15:31:04.455+0800] GC(175) Pause Young (Allocation Failure) 203M->80M(494M) 1.397ms
[2024-08-23T15:31:04.455+0800] GC(175) User=0.02s Sys=0.00s Real=0.00s
[2024-08-23T15:31:04.891+0800] GC(176) Pause Young (Allocation Failure)
[2024-08-23T15:31:04.896+0800] GC(176) DefNew: 105151K(157248K)->10240K(157248K) Eden: 94910K(139776K)->0K(139776K) From: 10240K(17472K)->10240K(17472K)
[2024-08-23T15:31:04.896+0800] GC(176) Tenured: 72449K(349568K)->128769K(349568K)
[2024-08-23T15:31:04.896+0800] GC(176) Metaspace: 308K(512K)->308K(512K) NonClass: 300K(384K)->300K(384K) Class: 7K(128K)->7K(128K)
[2024-08-23T15:31:04.896+0800] GC(176) Pause Young (Allocation Failure) 173M->135M(494M) 5.805ms
[2024-08-23T15:31:04.896+0800] GC(176) User=0.00s Sys=0.00s Real=0.00s
[2024-08-23T15:31:05.874+0800] GC(177) Pause Young (Allocation Failure)
[2024-08-23T15:31:05.876+0800] GC(177) DefNew: 146119K(157248K)->10240K(157248K) Eden: 135879K(139776K)->0K(139776K) From: 10240K(17472K)->10240K(17472K)
[2024-08-23T15:31:05.876+0800] GC(177) Tenured: 128769K(349568K)->139009K(349568K)
[2024-08-23T15:31:05.876+0800] GC(177) Metaspace: 308K(512K)->308K(512K) NonClass: 300K(384K)->300K(384K) Class: 7K(128K)->7K(128K)
[2024-08-23T15:31:05.876+0800] GC(177) Pause Young (Allocation Failure) 268M->145M(494M) 1.874ms
[2024-08-23T15:31:05.876+0800] GC(177) User=0.00s Sys=0.00s Real=0.00s
[2024-08-23T15:31:07.619+0800] GC(178) Pause Young (Allocation Failure)
[2024-08-23T15:31:07.621+0800] GC(178) DefNew: 120512K(157248K)->5120K(157248K) Eden: 110272K(139776K)->0K(139776K) From: 10240K(17472K)->5120K(17472K)
[2024-08-23T15:31:07.621+0800] GC(178) Tenured: 139009K(349568K)->159489K(349568K)
[2024-08-23T15:31:07.621+0800] GC(178) Metaspace: 308K(512K)->308K(512K) NonClass: 300K(384K)->300K(384K) Class: 7K(128K)->7K(128K)
[2024-08-23T15:31:07.621+0800] GC(178) Pause Young (Allocation Failure) 253M->160M(494M) 2.327ms
[2024-08-23T15:31:07.621+0800] GC(178) User=0.00s Sys=0.00s Real=0.00s
[2024-08-23T15:31:07.728+0800] GC(179) Pause Young (Allocation Failure)
[2024-08-23T15:31:07.734+0800] GC(179) DefNew: 59081K(157248K)->5120K(157248K) Eden: 53961K(139776K)->0K(139776K) From: 5120K(17472K)->5120K(17472K)
[2024-08-23T15:31:07.734+0800] GC(179) Tenured: 159489K(349568K)->210689K(349568K)
[2024-08-23T15:31:07.734+0800] GC(179) Metaspace: 308K(512K)->308K(512K) NonClass: 300K(384K)->300K(384K) Class: 7K(128K)->7K(128K)
[2024-08-23T15:31:07.734+0800] GC(179) Pause Young (Allocation Failure) 213M->210M(494M) 6.412ms
[2024-08-23T15:31:07.734+0800] GC(179) User=0.00s Sys=0.00s Real=0.01s
[2024-08-23T15:31:08.726+0800] GC(180) Pause Young (Allocation Failure)
[2024-08-23T15:31:08.727+0800] GC(180) DefNew: 141001K(157248K)->15360K(157248K) Eden: 135881K(139776K)->0K(139776K) From: 5120K(17472K)->15360K(17472K)
[2024-08-23T15:31:08.727+0800] GC(180) Tenured: 210689K(349568K)->210689K(349568K)
[2024-08-23T15:31:08.727+0800] GC(180) Metaspace: 308K(512K)->308K(512K) NonClass: 300K(384K)->300K(384K) Class: 7K(128K)->7K(128K)
[2024-08-23T15:31:08.727+0800] GC(180) Pause Young (Allocation Failure) 343M->220M(494M) 1.512ms
[2024-08-23T15:31:08.727+0800] GC(180) User=0.00s Sys=0.00s Real=0.00s
[2024-08-23T15:31:09.160+0800] GC(181) Pause Young (Allocation Failure)
[2024-08-23T15:31:09.164+0800] GC(181) DefNew: 110273K(157248K)->0K(157248K) Eden: 94913K(139776K)->0K(139776K) From: 15360K(17472K)->0K(17472K)
[2024-08-23T15:31:09.165+0800] GC(181) Tenured: 210689K(349568K)->272129K(349568K)
[2024-08-23T15:31:09.165+0800] GC(181) Metaspace: 308K(512K)->308K(512K) NonClass: 300K(384K)->300K(384K) Class: 7K(128K)->7K(128K)
[2024-08-23T15:31:09.165+0800] GC(181) Pause Young (Allocation Failure) 313M->265M(494M) 4.873ms
[2024-08-23T15:31:09.165+0800] GC(181) User=0.00s Sys=0.00s Real=0.00s
[2024-08-23T15:31:10.597+0800] GC(182) Pause Young (Allocation Failure)
[2024-08-23T15:31:10.597+0800] GC(182) Pause Young (Allocation Failure) 393M->393M(494M) 0.068ms
[2024-08-23T15:31:10.597+0800] GC(182) User=0.00s Sys=0.00s Real=0.00s
[2024-08-23T15:31:10.597+0800] GC(183) Pause Full (Allocation Failure)
[2024-08-23T15:31:10.597+0800] GC(183) Phase 1: Mark live objects
[2024-08-23T15:31:10.597+0800] GC(183) Phase 1: Mark live objects 0.608ms
[2024-08-23T15:31:10.597+0800] GC(183) Phase 2: Compute new object addresses
[2024-08-23T15:31:10.597+0800] GC(183) Phase 2: Compute new object addresses 0.135ms
[2024-08-23T15:31:10.597+0800] GC(183) Phase 3: Adjust pointers
[2024-08-23T15:31:10.597+0800] GC(183) Phase 3: Adjust pointers 0.335ms
[2024-08-23T15:31:10.597+0800] GC(183) Phase 4: Move objects
[2024-08-23T15:31:10.598+0800] GC(183) Phase 4: Move objects 0.450ms
[2024-08-23T15:31:10.598+0800] GC(183) DefNew: 130760K(157248K)->0K(157248K) Eden: 130760K(139776K)->0K(139776K) From: 0K(17472K)->0K(17472K)
[2024-08-23T15:31:10.598+0800] GC(183) Tenured: 272129K(349568K)->5889K(349568K)
[2024-08-23T15:31:10.598+0800] GC(183) Metaspace: 308K(512K)->308K(512K) NonClass: 300K(384K)->300K(384K) Class: 7K(128K)->7K(128K)
[2024-08-23T15:31:10.598+0800] GC(183) Pause Full (Allocation Failure) 393M->5M(494M) 1.672ms
[2024-08-23T15:31:10.598+0800] GC(183) User=0.00s Sys=0.00s Real=0.00s
[2024-08-23T15:31:11.585+0800] GC(184) Pause Young (Allocation Failure)
[2024-08-23T15:31:11.586+0800] GC(184) DefNew: 135872K(157248K)->6144K(157248K) Eden: 135872K(139776K)->0K(139776K) From: 0K(17472K)->6144K(17472K)
[2024-08-23T15:31:11.586+0800] GC(184) Tenured: 5889K(349568K)->5889K(349568K)
[2024-08-23T15:31:11.586+0800] GC(184) Metaspace: 308K(512K)->308K(512K) NonClass: 300K(384K)->300K(384K) Class: 7K(128K)->7K(128K)
[2024-08-23T15:31:11.586+0800] GC(184) Pause Young (Allocation Failure) 138M->11M(494M) 0.867ms
[2024-08-23T15:31:11.586+0800] GC(184) User=0.00s Sys=0.00s Real=0.00s
[2024-08-23T15:31:12.022+0800] GC(185) Pause Young (Allocation Failure)
[2024-08-23T15:31:12.026+0800] GC(185) DefNew: 101066K(157248K)->6144K(157248K) Eden: 94922K(139776K)->0K(139776K) From: 6144K(17472K)->6144K(17472K)
[2024-08-23T15:31:12.026+0800] GC(185) Tenured: 5889K(349568K)->57089K(349568K)
[2024-08-23T15:31:12.026+0800] GC(185) Metaspace: 308K(512K)->308K(512K) NonClass: 300K(384K)->300K(384K) Class: 7K(128K)->7K(128K)
[2024-08-23T15:31:12.026+0800] GC(185) Pause Young (Allocation Failure) 104M->61M(494M) 4.770ms
[2024-08-23T15:31:12.027+0800] GC(185) User=0.00s Sys=0.00s Real=0.00s
[2024-08-23T15:31:13.006+0800] GC(186) Pause Young (Allocation Failure)
[2024-08-23T15:31:13.006+0800] GC(186) DefNew: 142030K(157248K)->12288K(157248K) Eden: 135886K(139776K)->0K(139776K) From: 6144K(17472K)->12288K(17472K)
[2024-08-23T15:31:13.006+0800] GC(186) Tenured: 57089K(349568K)->57089K(349568K)
[2024-08-23T15:31:13.006+0800] GC(186) Metaspace: 308K(512K)->308K(512K) NonClass: 300K(384K)->300K(384K) Class: 7K(128K)->7K(128K)
[2024-08-23T15:31:13.006+0800] GC(186) Pause Young (Allocation Failure) 194M->67M(494M) 1.304ms
[2024-08-23T15:31:13.006+0800] GC(186) User=0.00s Sys=0.00s Real=0.00s
[2024-08-23T15:31:13.441+0800] GC(187) Pause Young (Allocation Failure)
[2024-08-23T15:31:13.447+0800] GC(187) DefNew: 107204K(157248K)->11264K(157248K) Eden: 94916K(139776K)->0K(139776K) From: 12288K(17472K)->11264K(17472K)
[2024-08-23T15:31:13.447+0800] GC(187) Tenured: 57089K(349568K)->114433K(349568K)
[2024-08-23T15:31:13.447+0800] GC(187) Metaspace: 308K(512K)->308K(512K) NonClass: 300K(384K)->300K(384K) Class: 7K(128K)->7K(128K)
[2024-08-23T15:31:13.447+0800] GC(187) Pause Young (Allocation Failure) 160M->122M(494M) 6.437ms
[2024-08-23T15:31:13.447+0800] GC(187) User=0.00s Sys=0.00s Real=0.01s
[2024-08-23T15:31:14.653+0800] GC(188) Pause Young (Allocation Failure)
[2024-08-23T15:31:14.654+0800] GC(188) DefNew: 142027K(157248K)->10240K(157248K) Eden: 130763K(139776K)->0K(139776K) From: 11264K(17472K)->10240K(17472K)
[2024-08-23T15:31:14.654+0800] GC(188) Tenured: 114433K(349568K)->114433K(349568K)
[2024-08-23T15:31:14.654+0800] GC(188) Metaspace: 308K(512K)->308K(512K) NonClass: 300K(384K)->300K(384K) Class: 7K(128K)->7K(128K)
[2024-08-23T15:31:14.654+0800] GC(188) Pause Young (Allocation Failure) 250M->121M(494M) 1.272ms
[2024-08-23T15:31:14.654+0800] GC(188) User=0.00s Sys=0.00s Real=0.00s
[2024-08-23T15:31:14.872+0800] GC(189) Pause Young (Allocation Failure)
[2024-08-23T15:31:14.877+0800] GC(189) DefNew: 84673K(157248K)->0K(157248K) Eden: 74433K(139776K)->0K(139776K) From: 10240K(17472K)->0K(17472K)
[2024-08-23T15:31:14.877+0800] GC(189) Tenured: 114433K(349568K)->175873K(349568K)
[2024-08-23T15:31:14.877+0800] GC(189) Metaspace: 308K(512K)->308K(512K) NonClass: 300K(384K)->300K(384K) Class: 7K(128K)->7K(128K)
[2024-08-23T15:31:14.877+0800] GC(189) Pause Young (Allocation Failure) 194M->171M(494M) 5.056ms
[2024-08-23T15:31:14.877+0800] GC(189) User=0.00s Sys=0.00s Real=0.01s
[2024-08-23T15:31:15.856+0800] GC(190) Pause Young (Allocation Failure)
[2024-08-23T15:31:15.857+0800] GC(190) DefNew: 135879K(157248K)->10240K(157248K) Eden: 135879K(139776K)->0K(139776K) From: 0K(17472K)->10240K(17472K)
[2024-08-23T15:31:15.857+0800] GC(190) Tenured: 175873K(349568K)->175873K(349568K)
[2024-08-23T15:31:15.857+0800] GC(190) Metaspace: 308K(512K)->308K(512K) NonClass: 300K(384K)->300K(384K) Class: 7K(128K)->7K(128K)
[2024-08-23T15:31:15.857+0800] GC(190) Pause Young (Allocation Failure) 304M->181M(494M) 1.140ms
[2024-08-23T15:31:15.857+0800] GC(190) User=0.00s Sys=0.00s Real=0.00s
[2024-08-23T15:31:16.293+0800] GC(191) Pause Young (Allocation Failure)
[2024-08-23T15:31:16.299+0800] GC(191) DefNew: 105152K(157248K)->0K(157248K) Eden: 94912K(139776K)->0K(139776K) From: 10240K(17472K)->0K(17472K)
[2024-08-23T15:31:16.299+0800] GC(191) Tenured: 175873K(349568K)->252673K(349568K)
[2024-08-23T15:31:16.299+0800] GC(191) Metaspace: 308K(512K)->308K(512K) NonClass: 300K(384K)->300K(384K) Class: 7K(128K)->7K(128K)
[2024-08-23T15:31:16.299+0800] GC(191) Pause Young (Allocation Failure) 274M->246M(494M) 6.400ms
[2024-08-23T15:31:16.299+0800] GC(191) User=0.00s Sys=0.00s Real=0.01s
[2024-08-23T15:31:17.292+0800] GC(192) Pause Young (Allocation Failure)
[2024-08-23T15:31:17.292+0800] GC(192) Pause Young (Allocation Failure) 379M->379M(494M) 0.074ms
[2024-08-23T15:31:17.292+0800] GC(192) User=0.00s Sys=0.00s Real=0.00s
[2024-08-23T15:31:17.292+0800] GC(193) Pause Full (Allocation Failure)
[2024-08-23T15:31:17.292+0800] GC(193) Phase 1: Mark live objects
[2024-08-23T15:31:17.293+0800] GC(193) Phase 1: Mark live objects 0.773ms
[2024-08-23T15:31:17.293+0800] GC(193) Phase 2: Compute new object addresses
[2024-08-23T15:31:17.293+0800] GC(193) Phase 2: Compute new object addresses 0.147ms
[2024-08-23T15:31:17.293+0800] GC(193) Phase 3: Adjust pointers
[2024-08-23T15:31:17.293+0800] GC(193) Phase 3: Adjust pointers 0.352ms
[2024-08-23T15:31:17.293+0800] GC(193) Phase 4: Move objects
[2024-08-23T15:31:17.298+0800] GC(193) Phase 4: Move objects 4.758ms
[2024-08-23T15:31:17.298+0800] GC(193) DefNew: 135880K(157248K)->0K(157248K) Eden: 135880K(139776K)->0K(139776K) From: 0K(17472K)->0K(17472K)
[2024-08-23T15:31:17.298+0800] GC(193) Tenured: 252673K(349568K)->46849K(349568K)
[2024-08-23T15:31:17.298+0800] GC(193) Metaspace: 308K(512K)->308K(512K) NonClass: 300K(384K)->300K(384K) Class: 7K(128K)->7K(128K)
[2024-08-23T15:31:17.298+0800] GC(193) Pause Full (Allocation Failure) 379M->45M(494M) 6.269ms
[2024-08-23T15:31:17.298+0800] GC(193) User=0.00s Sys=0.00s Real=0.01s
[2024-08-23T15:31:18.933+0800] GC(194) Pause Young (Allocation Failure)
[2024-08-23T15:31:18.935+0800] GC(194) DefNew: 135872K(157248K)->15360K(157248K) Eden: 135872K(139776K)->0K(139776K) From: 0K(17472K)->15360K(17472K)
[2024-08-23T15:31:18.935+0800] GC(194) Tenured: 46849K(349568K)->46849K(349568K)
[2024-08-23T15:31:18.935+0800] GC(194) Metaspace: 308K(512K)->308K(512K) NonClass: 300K(384K)->300K(384K) Class: 7K(128K)->7K(128K)
[2024-08-23T15:31:18.935+0800] GC(194) Pause Young (Allocation Failure) 178M->60M(494M) 1.662ms
[2024-08-23T15:31:18.935+0800] GC(194) User=0.00s Sys=0.00s Real=0.00s
[2024-08-23T15:31:19.153+0800] GC(195) Pause Young (Allocation Failure)
[2024-08-23T15:31:19.157+0800] GC(195) DefNew: 89802K(157248K)->0K(157248K) Eden: 74442K(139776K)->0K(139776K) From: 15360K(17472K)->0K(17472K)
[2024-08-23T15:31:19.157+0800] GC(195) Tenured: 46849K(349568K)->103169K(349568K)
[2024-08-23T15:31:19.157+0800] GC(195) Metaspace: 308K(512K)->308K(512K) NonClass: 300K(384K)->300K(384K) Class: 7K(128K)->7K(128K)
[2024-08-23T15:31:19.157+0800] GC(195) Pause Young (Allocation Failure) 133M->100M(494M) 5.591ms
[2024-08-23T15:31:19.157+0800] GC(195) User=0.00s Sys=0.00s Real=0.00s
[2024-08-23T15:31:20.150+0800] GC(196) Pause Young (Allocation Failure)
[2024-08-23T15:31:20.159+0800] GC(196) DefNew: 135857K(157248K)->10240K(157248K) Eden: 135857K(139776K)->0K(139776K) From: 0K(17472K)->10240K(17472K)
[2024-08-23T15:31:20.159+0800] GC(196) Tenured: 103169K(349568K)->205569K(349568K)
[2024-08-23T15:31:20.159+0800] GC(196) Metaspace: 308K(512K)->308K(512K) NonClass: 300K(384K)->300K(384K) Class: 7K(128K)->7K(128K)
[2024-08-23T15:31:20.159+0800] GC(196) Pause Young (Allocation Failure) 233M->210M(494M) 9.527ms
[2024-08-23T15:31:20.159+0800] GC(196) User=0.00s Sys=0.00s Real=0.01s
[2024-08-23T15:31:20.598+0800] GC(197) Pause Young (Allocation Failure)
[2024-08-23T15:31:20.604+0800] GC(197) DefNew: 105138K(157248K)->0K(157248K) Eden: 94898K(139776K)->0K(139776K) From: 10240K(17472K)->0K(17472K)
[2024-08-23T15:31:20.604+0800] GC(197) Tenured: 205569K(349568K)->261889K(349568K)
[2024-08-23T15:31:20.604+0800] GC(197) Metaspace: 308K(512K)->308K(512K) NonClass: 300K(384K)->300K(384K) Class: 7K(128K)->7K(128K)
[2024-08-23T15:31:20.604+0800] GC(197) Pause Young (Allocation Failure) 303M->255M(494M) 5.337ms
[2024-08-23T15:31:20.604+0800] GC(197) User=0.00s Sys=0.00s Real=0.01s
[2024-08-23T15:31:22.360+0800] GC(198) Pause Young (Allocation Failure)
[2024-08-23T15:31:22.360+0800] GC(198) Pause Young (Allocation Failure) 390M->390M(494M) 0.060ms
[2024-08-23T15:31:22.360+0800] GC(198) User=0.00s Sys=0.00s Real=0.00s
[2024-08-23T15:31:22.360+0800] GC(199) Pause Full (Allocation Failure)
[2024-08-23T15:31:22.360+0800] GC(199) Phase 1: Mark live objects
[2024-08-23T15:31:22.360+0800] GC(199) Phase 1: Mark live objects 0.590ms
[2024-08-23T15:31:22.360+0800] GC(199) Phase 2: Compute new object addresses
[2024-08-23T15:31:22.361+0800] GC(199) Phase 2: Compute new object addresses 0.137ms
[2024-08-23T15:31:22.361+0800] GC(199) Phase 3: Adjust pointers
[2024-08-23T15:31:22.361+0800] GC(199) Phase 3: Adjust pointers 0.333ms
[2024-08-23T15:31:22.361+0800] GC(199) Phase 4: Move objects
[2024-08-23T15:31:22.361+0800] GC(199) Phase 4: Move objects 0.095ms
[2024-08-23T15:31:22.361+0800] GC(199) DefNew: 137919K(157248K)->0K(157248K) Eden: 137919K(139776K)->0K(139776K) From: 0K(17472K)->0K(17472K)
[2024-08-23T15:31:22.361+0800] GC(199) Tenured: 261889K(349568K)->1793K(349568K)
[2024-08-23T15:31:22.361+0800] GC(199) Metaspace: 308K(512K)->308K(512K) NonClass: 300K(384K)->300K(384K) Class: 7K(128K)->7K(128K)
[2024-08-23T15:31:22.361+0800] GC(199) Pause Full (Allocation Failure) 390M->1M(494M) 1.282ms
[2024-08-23T15:31:22.361+0800] GC(199) User=0.00s Sys=0.00s Real=0.00s
[2024-08-23T15:31:23.457+0800] GC(200) Pause Young (Allocation Failure)
[2024-08-23T15:31:23.461+0800] GC(200) DefNew: 125627K(157248K)->10240K(157248K) Eden: 125627K(139776K)->0K(139776K) From: 0K(17472K)->10240K(17472K)
[2024-08-23T15:31:23.461+0800] GC(200) Tenured: 1793K(349568K)->52993K(349568K)
[2024-08-23T15:31:23.461+0800] GC(200) Metaspace: 308K(512K)->308K(512K) NonClass: 300K(384K)->300K(384K) Class: 7K(128K)->7K(128K)
[2024-08-23T15:31:23.461+0800] GC(200) Pause Young (Allocation Failure) 124M->61M(494M) 5.081ms
[2024-08-23T15:31:23.461+0800] GC(200) User=0.00s Sys=0.00s Real=0.00s
[2024-08-23T15:31:24.452+0800] GC(201) Pause Young (Allocation Failure)
[2024-08-23T15:31:24.454+0800] GC(201) DefNew: 146118K(157248K)->10240K(157248K) Eden: 135878K(139776K)->0K(139776K) From: 10240K(17472K)->10240K(17472K)
[2024-08-23T15:31:24.454+0800] GC(201) Tenured: 52993K(349568K)->63233K(349568K)
[2024-08-23T15:31:24.454+0800] GC(201) Metaspace: 308K(512K)->308K(512K) NonClass: 300K(384K)->300K(384K) Class: 7K(128K)->7K(128K)
[2024-08-23T15:31:24.454+0800] GC(201) Pause Young (Allocation Failure) 194M->71M(494M) 2.100ms
[2024-08-23T15:31:24.454+0800] GC(201) User=0.00s Sys=0.00s Real=0.00s
[2024-08-23T15:31:24.890+0800] GC(202) Pause Young (Allocation Failure)
[2024-08-23T15:31:24.895+0800] GC(202) DefNew: 105151K(157248K)->10240K(157248K) Eden: 94911K(139776K)->0K(139776K) From: 10240K(17472K)->10240K(17472K)
[2024-08-23T15:31:24.895+0800] GC(202) Tenured: 63233K(349568K)->119553K(349568K)
[2024-08-23T15:31:24.895+0800] GC(202) Metaspace: 308K(512K)->308K(512K) NonClass: 300K(384K)->300K(384K) Class: 7K(128K)->7K(128K)
[2024-08-23T15:31:24.895+0800] GC(202) Pause Young (Allocation Failure) 164M->126M(494M) 5.765ms
[2024-08-23T15:31:24.895+0800] GC(202) User=0.00s Sys=0.00s Real=0.00s
[2024-08-23T15:31:26.104+0800] GC(203) Pause Young (Allocation Failure)
[2024-08-23T15:31:26.105+0800] GC(203) DefNew: 135879K(157248K)->10240K(157248K) Eden: 125639K(139776K)->0K(139776K) From: 10240K(17472K)->10240K(17472K)
[2024-08-23T15:31:26.105+0800] GC(203) Tenured: 119553K(349568K)->119553K(349568K)
[2024-08-23T15:31:26.105+0800] GC(203) Metaspace: 308K(512K)->308K(512K) NonClass: 300K(384K)->300K(384K) Class: 7K(128K)->7K(128K)
[2024-08-23T15:31:26.105+0800] GC(203) Pause Young (Allocation Failure) 249M->126M(494M) 1.456ms
[2024-08-23T15:31:26.105+0800] GC(203) User=0.00s Sys=0.00s Real=0.00s
[2024-08-23T15:31:26.323+0800] GC(204) Pause Young (Allocation Failure)
[2024-08-23T15:31:26.328+0800] GC(204) DefNew: 84670K(157248K)->0K(157248K) Eden: 74430K(139776K)->0K(139776K) From: 10240K(17472K)->0K(17472K)
[2024-08-23T15:31:26.328+0800] GC(204) Tenured: 119553K(349568K)->191233K(349568K)
[2024-08-23T15:31:26.328+0800] GC(204) Metaspace: 308K(512K)->308K(512K) NonClass: 300K(384K)->300K(384K) Class: 7K(128K)->7K(128K)
[2024-08-23T15:31:26.328+0800] GC(204) Pause Young (Allocation Failure) 199M->186M(494M) 5.984ms
[2024-08-23T15:31:26.329+0800] GC(204) User=0.00s Sys=0.00s Real=0.01s
[2024-08-23T15:31:27.320+0800] GC(205) Pause Young (Allocation Failure)
[2024-08-23T15:31:27.321+0800] GC(205) DefNew: 135877K(157248K)->10240K(157248K) Eden: 135877K(139776K)->0K(139776K) From: 0K(17472K)->10240K(17472K)
[2024-08-23T15:31:27.321+0800] GC(205) Tenured: 191233K(349568K)->191233K(349568K)
[2024-08-23T15:31:27.321+0800] GC(205) Metaspace: 308K(512K)->308K(512K) NonClass: 300K(384K)->300K(384K) Class: 7K(128K)->7K(128K)
[2024-08-23T15:31:27.321+0800] GC(205) Pause Young (Allocation Failure) 319M->196M(494M) 1.335ms
[2024-08-23T15:31:27.321+0800] GC(205) User=0.00s Sys=0.00s Real=0.00s
[2024-08-23T15:31:27.757+0800] GC(206) Pause Young (Allocation Failure)
[2024-08-23T15:31:27.761+0800] GC(206) DefNew: 105150K(157248K)->0K(157248K) Eden: 94910K(139776K)->0K(139776K) From: 10240K(17472K)->0K(17472K)
[2024-08-23T15:31:27.761+0800] GC(206) Tenured: 191233K(349568K)->247553K(349568K)
[2024-08-23T15:31:27.761+0800] GC(206) Metaspace: 308K(512K)->308K(512K) NonClass: 300K(384K)->300K(384K) Class: 7K(128K)->7K(128K)
[2024-08-23T15:31:27.761+0800] GC(206) Pause Young (Allocation Failure) 289M->241M(494M) 4.842ms
[2024-08-23T15:31:27.761+0800] GC(206) User=0.00s Sys=0.00s Real=0.00s
[2024-08-23T15:31:28.739+0800] GC(207) Pause Young (Allocation Failure)
[2024-08-23T15:31:28.739+0800] GC(207) Pause Young (Allocation Failure) 374M->374M(494M) 0.067ms
[2024-08-23T15:31:28.739+0800] GC(207) User=0.00s Sys=0.00s Real=0.00s
[2024-08-23T15:31:28.739+0800] GC(208) Pause Full (Allocation Failure)
[2024-08-23T15:31:28.739+0800] GC(208) Phase 1: Mark live objects
[2024-08-23T15:31:28.739+0800] GC(208) Phase 1: Mark live objects 0.668ms
[2024-08-23T15:31:28.739+0800] GC(208) Phase 2: Compute new object addresses
[2024-08-23T15:31:28.740+0800] GC(208) Phase 2: Compute new object addresses 0.149ms
[2024-08-23T15:31:28.740+0800] GC(208) Phase 3: Adjust pointers
[2024-08-23T15:31:28.740+0800] GC(208) Phase 3: Adjust pointers 0.343ms
[2024-08-23T15:31:28.740+0800] GC(208) Phase 4: Move objects
[2024-08-23T15:31:28.747+0800] GC(208) Phase 4: Move objects 6.929ms
[2024-08-23T15:31:28.747+0800] GC(208) DefNew: 135879K(157248K)->0K(157248K) Eden: 135879K(139776K)->0K(139776K) From: 0K(17472K)->0K(17472K)
[2024-08-23T15:31:28.747+0800] GC(208) Tenured: 247553K(349568K)->87809K(349568K)
[2024-08-23T15:31:28.747+0800] GC(208) Metaspace: 308K(512K)->308K(512K) NonClass: 300K(384K)->300K(384K) Class: 7K(128K)->7K(128K)
[2024-08-23T15:31:28.747+0800] GC(208) Pause Full (Allocation Failure) 374M->85M(494M) 8.242ms
[2024-08-23T15:31:28.747+0800] GC(208) User=0.00s Sys=0.00s Real=0.01s
[2024-08-23T15:31:29.174+0800] GC(209) Pause Young (Allocation Failure)
[2024-08-23T15:31:29.178+0800] GC(209) DefNew: 94912K(157248K)->0K(157248K) Eden: 94912K(139776K)->0K(139776K) From: 0K(17472K)->0K(17472K)
[2024-08-23T15:31:29.178+0800] GC(209) Tenured: 87809K(349568K)->139009K(349568K)
[2024-08-23T15:31:29.178+0800] GC(209) Metaspace: 308K(512K)->308K(512K) NonClass: 300K(384K)->300K(384K) Class: 7K(128K)->7K(128K)
[2024-08-23T15:31:29.178+0800] GC(209) Pause Young (Allocation Failure) 178M->135M(494M) 4.566ms
[2024-08-23T15:31:29.178+0800] GC(209) User=0.00s Sys=0.00s Real=0.00s
[2024-08-23T15:31:30.266+0800] GC(210) Pause Young (Allocation Failure)
[2024-08-23T15:31:30.267+0800] GC(210) DefNew: 130760K(157248K)->15360K(157248K) Eden: 130760K(139776K)->0K(139776K) From: 0K(17472K)->15360K(17472K)
[2024-08-23T15:31:30.267+0800] GC(210) Tenured: 139009K(349568K)->139009K(349568K)
[2024-08-23T15:31:30.267+0800] GC(210) Metaspace: 308K(512K)->308K(512K) NonClass: 300K(384K)->300K(384K) Class: 7K(128K)->7K(128K)
[2024-08-23T15:31:30.267+0800] GC(210) Pause Young (Allocation Failure) 263M->150M(494M) 1.718ms
[2024-08-23T15:31:30.267+0800] GC(210) User=0.00s Sys=0.00s Real=0.00s
[2024-08-23T15:31:30.594+0800] GC(211) Pause Young (Allocation Failure)
[2024-08-23T15:31:30.599+0800] GC(211) DefNew: 100031K(157248K)->0K(157248K) Eden: 84671K(139776K)->0K(139776K) From: 15360K(17472K)->0K(17472K)
[2024-08-23T15:31:30.599+0800] GC(211) Tenured: 139009K(349568K)->195329K(349568K)
[2024-08-23T15:31:30.599+0800] GC(211) Metaspace: 308K(512K)->308K(512K) NonClass: 300K(384K)->300K(384K) Class: 7K(128K)->7K(128K)
[2024-08-23T15:31:30.599+0800] GC(211) Pause Young (Allocation Failure) 233M->190M(494M) 4.944ms
[2024-08-23T15:31:30.599+0800] GC(211) User=0.00s Sys=0.00s Real=0.00s
[2024-08-23T15:31:31.573+0800] GC(212) Pause Young (Allocation Failure)
[2024-08-23T15:31:31.573+0800] GC(212) DefNew: 135855K(157248K)->6144K(157248K) Eden: 135855K(139776K)->0K(139776K) From: 0K(17472K)->6144K(17472K)
[2024-08-23T15:31:31.573+0800] GC(212) Tenured: 195329K(349568K)->195329K(349568K)
[2024-08-23T15:31:31.573+0800] GC(212) Metaspace: 308K(512K)->308K(512K) NonClass: 300K(384K)->300K(384K) Class: 7K(128K)->7K(128K)
[2024-08-23T15:31:31.573+0800] GC(212) Pause Young (Allocation Failure) 323M->196M(494M) 0.845ms
[2024-08-23T15:31:31.573+0800] GC(212) User=0.00s Sys=0.00s Real=0.00s
[2024-08-23T15:31:32.008+0800] GC(213) Pause Young (Allocation Failure)
[2024-08-23T15:31:32.013+0800] GC(213) DefNew: 101040K(157248K)->6144K(157248K) Eden: 94896K(139776K)->0K(139776K) From: 6144K(17472K)->6144K(17472K)
[2024-08-23T15:31:32.013+0800] GC(213) Tenured: 195329K(349568K)->246529K(349568K)
[2024-08-23T15:31:32.013+0800] GC(213) Metaspace: 308K(512K)->308K(512K) NonClass: 300K(384K)->300K(384K) Class: 7K(128K)->7K(128K)
[2024-08-23T15:31:32.013+0800] GC(213) Pause Young (Allocation Failure) 289M->246M(494M) 5.340ms
[2024-08-23T15:31:32.013+0800] GC(213) User=0.00s Sys=0.00s Real=0.01s
[2024-08-23T15:31:32.989+0800] GC(214) Pause Young (Allocation Failure)
[2024-08-23T15:31:32.989+0800] GC(214) Pause Young (Allocation Failure) 379M->379M(494M) 0.065ms
[2024-08-23T15:31:32.989+0800] GC(214) User=0.00s Sys=0.00s Real=0.00s
[2024-08-23T15:31:32.989+0800] GC(215) Pause Full (Allocation Failure)
[2024-08-23T15:31:32.989+0800] GC(215) Phase 1: Mark live objects
[2024-08-23T15:31:32.989+0800] GC(215) Phase 1: Mark live objects 0.610ms
[2024-08-23T15:31:32.989+0800] GC(215) Phase 2: Compute new object addresses
[2024-08-23T15:31:32.990+0800] GC(215) Phase 2: Compute new object addresses 0.139ms
[2024-08-23T15:31:32.990+0800] GC(215) Phase 3: Adjust pointers
[2024-08-23T15:31:32.990+0800] GC(215) Phase 3: Adjust pointers 0.336ms
[2024-08-23T15:31:32.990+0800] GC(215) Phase 4: Move objects
[2024-08-23T15:31:32.992+0800] GC(215) Phase 4: Move objects 1.758ms
[2024-08-23T15:31:32.992+0800] GC(215) DefNew: 142014K(157248K)->0K(157248K) Eden: 135870K(139776K)->0K(139776K) From: 6144K(17472K)->0K(17472K)
[2024-08-23T15:31:32.992+0800] GC(215) Tenured: 246529K(349568K)->18177K(349568K)
[2024-08-23T15:31:32.992+0800] GC(215) Metaspace: 308K(512K)->308K(512K) NonClass: 300K(384K)->300K(384K) Class: 7K(128K)->7K(128K)
[2024-08-23T15:31:32.992+0800] GC(215) Pause Full (Allocation Failure) 379M->17M(494M) 2.989ms
[2024-08-23T15:31:32.992+0800] GC(215) User=0.00s Sys=0.00s Real=0.00s
[2024-08-23T15:31:34.843+0800] GC(216) Pause Young (Allocation Failure)
[2024-08-23T15:31:34.848+0800] GC(216) DefNew: 135866K(157248K)->15360K(157248K) Eden: 135866K(139776K)->0K(139776K) From: 0K(17472K)->15360K(17472K)
[2024-08-23T15:31:34.848+0800] GC(216) Tenured: 18177K(349568K)->69377K(349568K)
[2024-08-23T15:31:34.848+0800] GC(216) Metaspace: 308K(512K)->308K(512K) NonClass: 300K(384K)->300K(384K) Class: 7K(128K)->7K(128K)
[2024-08-23T15:31:34.848+0800] GC(216) Pause Young (Allocation Failure) 150M->82M(494M) 5.828ms
[2024-08-23T15:31:34.848+0800] GC(216) User=0.00s Sys=0.00s Real=0.01s
[2024-08-23T15:31:35.825+0800] GC(217) Pause Young (Allocation Failure)
[2024-08-23T15:31:35.827+0800] GC(217) DefNew: 151238K(157248K)->10240K(157248K) Eden: 135878K(139776K)->0K(139776K) From: 15360K(17472K)->10240K(17472K)
[2024-08-23T15:31:35.827+0800] GC(217) Tenured: 69377K(349568K)->84737K(349568K)
[2024-08-23T15:31:35.827+0800] GC(217) Metaspace: 308K(512K)->308K(512K) NonClass: 300K(384K)->300K(384K) Class: 7K(128K)->7K(128K)
[2024-08-23T15:31:35.827+0800] GC(217) Pause Young (Allocation Failure) 215M->92M(494M) 2.800ms
[2024-08-23T15:31:35.827+0800] GC(217) User=0.00s Sys=0.00s Real=0.00s
[2024-08-23T15:31:36.262+0800] GC(218) Pause Young (Allocation Failure)
[2024-08-23T15:31:36.269+0800] GC(218) DefNew: 105159K(157248K)->0K(157248K) Eden: 94919K(139776K)->0K(139776K) From: 10240K(17472K)->0K(17472K)
[2024-08-23T15:31:36.269+0800] GC(218) Tenured: 84737K(349568K)->161537K(349568K)
[2024-08-23T15:31:36.269+0800] GC(218) Metaspace: 308K(512K)->308K(512K) NonClass: 300K(384K)->300K(384K) Class: 7K(128K)->7K(128K)
[2024-08-23T15:31:36.269+0800] GC(218) Pause Young (Allocation Failure) 185M->157M(494M) 7.532ms
[2024-08-23T15:31:36.269+0800] GC(218) User=0.00s Sys=0.00s Real=0.01s
[2024-08-23T15:31:37.474+0800] GC(219) Pause Young (Allocation Failure)
[2024-08-23T15:31:37.474+0800] GC(219) DefNew: 120524K(157248K)->5120K(157248K) Eden: 120524K(139776K)->0K(139776K) From: 0K(17472K)->5120K(17472K)
[2024-08-23T15:31:37.474+0800] GC(219) Tenured: 161537K(349568K)->161537K(349568K)
[2024-08-23T15:31:37.474+0800] GC(219) Metaspace: 308K(512K)->308K(512K) NonClass: 300K(384K)->300K(384K) Class: 7K(128K)->7K(128K)
[2024-08-23T15:31:37.474+0800] GC(219) Pause Young (Allocation Failure) 275M->162M(494M) 0.813ms
[2024-08-23T15:31:37.474+0800] GC(219) User=0.00s Sys=0.00s Real=0.00s
[2024-08-23T15:31:37.690+0800] GC(220) Pause Young (Allocation Failure)
[2024-08-23T15:31:37.695+0800] GC(220) DefNew: 79552K(157248K)->0K(157248K) Eden: 74432K(139776K)->0K(139776K) From: 5120K(17472K)->0K(17472K)
[2024-08-23T15:31:37.695+0800] GC(220) Tenured: 161537K(349568K)->212737K(349568K)
[2024-08-23T15:31:37.695+0800] GC(220) Metaspace: 308K(512K)->308K(512K) NonClass: 300K(384K)->300K(384K) Class: 7K(128K)->7K(128K)
[2024-08-23T15:31:37.695+0800] GC(220) Pause Young (Allocation Failure) 235M->207M(494M) 5.205ms
[2024-08-23T15:31:37.695+0800] GC(220) User=0.00s Sys=0.00s Real=0.00s
[2024-08-23T15:31:38.688+0800] GC(221) Pause Young (Allocation Failure)
[2024-08-23T15:31:38.689+0800] GC(221) DefNew: 135878K(157248K)->10240K(157248K) Eden: 135878K(139776K)->0K(139776K) From: 0K(17472K)->10240K(17472K)
[2024-08-23T15:31:38.689+0800] GC(221) Tenured: 212737K(349568K)->212737K(349568K)
[2024-08-23T15:31:38.689+0800] GC(221) Metaspace: 308K(512K)->308K(512K) NonClass: 300K(384K)->300K(384K) Class: 7K(128K)->7K(128K)
[2024-08-23T15:31:38.689+0800] GC(221) Pause Young (Allocation Failure) 340M->217M(494M) 1.137ms
[2024-08-23T15:31:38.689+0800] GC(221) User=0.00s Sys=0.00s Real=0.00s
[2024-08-23T15:31:39.122+0800] GC(222) Pause Young (Allocation Failure)
[2024-08-23T15:31:39.128+0800] GC(222) DefNew: 105151K(157248K)->0K(157248K) Eden: 94911K(139776K)->0K(139776K) From: 10240K(17472K)->0K(17472K)
[2024-08-23T15:31:39.128+0800] GC(222) Tenured: 212737K(349568K)->269057K(349568K)
[2024-08-23T15:31:39.128+0800] GC(222) Metaspace: 308K(512K)->308K(512K) NonClass: 300K(384K)->300K(384K) Class: 7K(128K)->7K(128K)
[2024-08-23T15:31:39.128+0800] GC(222) Pause Young (Allocation Failure) 310M->262M(494M) 6.308ms
[2024-08-23T15:31:39.128+0800] GC(222) User=0.00s Sys=0.00s Real=0.01s
[2024-08-23T15:31:40.117+0800] GC(223) Pause Young (Allocation Failure)
[2024-08-23T15:31:40.117+0800] GC(223) Pause Young (Allocation Failure) 395M->395M(494M) 0.084ms
[2024-08-23T15:31:40.117+0800] GC(223) User=0.00s Sys=0.00s Real=0.00s
[2024-08-23T15:31:40.117+0800] GC(224) Pause Full (Allocation Failure)
[2024-08-23T15:31:40.117+0800] GC(224) Phase 1: Mark live objects
[2024-08-23T15:31:40.117+0800] GC(224) Phase 1: Mark live objects 0.834ms
[2024-08-23T15:31:40.117+0800] GC(224) Phase 2: Compute new object addresses
[2024-08-23T15:31:40.118+0800] GC(224) Phase 2: Compute new object addresses 0.246ms
[2024-08-23T15:31:40.118+0800] GC(224) Phase 3: Adjust pointers
[2024-08-23T15:31:40.119+0800] GC(224) Phase 3: Adjust pointers 0.504ms
[2024-08-23T15:31:40.119+0800] GC(224) Phase 4: Move objects
[2024-08-23T15:31:40.136+0800] GC(224) Phase 4: Move objects 16.977ms
[2024-08-23T15:31:40.136+0800] GC(224) DefNew: 135879K(157248K)->0K(157248K) Eden: 135879K(139776K)->0K(139776K) From: 0K(17472K)->0K(17472K)
[2024-08-23T15:31:40.136+0800] GC(224) Tenured: 269057K(349568K)->169729K(349568K)
[2024-08-23T15:31:40.136+0800] GC(224) Metaspace: 308K(512K)->308K(512K) NonClass: 300K(384K)->300K(384K) Class: 7K(128K)->7K(128K)
[2024-08-23T15:31:40.136+0800] GC(224) Pause Full (Allocation Failure) 395M->165M(494M) 18.801ms
[2024-08-23T15:31:40.136+0800] GC(224) User=0.02s Sys=0.00s Real=0.02s
[2024-08-23T15:31:40.566+0800] GC(225) Pause Young (Allocation Failure)
[2024-08-23T15:31:40.573+0800] GC(225) DefNew: 94912K(157248K)->0K(157248K) Eden: 94912K(139776K)->0K(139776K) From: 0K(17472K)->0K(17472K)
[2024-08-23T15:31:40.573+0800] GC(225) Tenured: 169729K(349568K)->220929K(349568K)
[2024-08-23T15:31:40.573+0800] GC(225) Metaspace: 308K(512K)->308K(512K) NonClass: 300K(384K)->300K(384K) Class: 7K(128K)->7K(128K)
[2024-08-23T15:31:40.573+0800] GC(225) Pause Young (Allocation Failure) 258M->215M(494M) 7.314ms
[2024-08-23T15:31:40.573+0800] GC(225) User=0.00s Sys=0.00s Real=0.01s
[2024-08-23T15:31:41.778+0800] GC(226) Pause Young (Allocation Failure)
[2024-08-23T15:31:41.779+0800] GC(226) DefNew: 135880K(157248K)->15360K(157248K) Eden: 135880K(139776K)->0K(139776K) From: 0K(17472K)->15360K(17472K)
[2024-08-23T15:31:41.779+0800] GC(226) Tenured: 220929K(349568K)->220929K(349568K)
[2024-08-23T15:31:41.779+0800] GC(226) Metaspace: 308K(512K)->308K(512K) NonClass: 300K(384K)->300K(384K) Class: 7K(128K)->7K(128K)
[2024-08-23T15:31:41.779+0800] GC(226) Pause Young (Allocation Failure) 348M->230M(494M) 1.794ms
[2024-08-23T15:31:41.779+0800] GC(226) User=0.00s Sys=0.00s Real=0.00s
[2024-08-23T15:31:41.994+0800] GC(227) Pause Young (Allocation Failure)
[2024-08-23T15:31:41.999+0800] GC(227) DefNew: 89792K(157248K)->0K(157248K) Eden: 74432K(139776K)->0K(139776K) From: 15360K(17472K)->0K(17472K)
[2024-08-23T15:31:41.999+0800] GC(227) Tenured: 220929K(349568K)->277249K(349568K)
[2024-08-23T15:31:41.999+0800] GC(227) Metaspace: 308K(512K)->308K(512K) NonClass: 300K(384K)->300K(384K) Class: 7K(128K)->7K(128K)
[2024-08-23T15:31:41.999+0800] GC(227) Pause Young (Allocation Failure) 303M->270M(494M) 4.937ms
[2024-08-23T15:31:41.999+0800] GC(227) User=0.00s Sys=0.00s Real=0.01s
[2024-08-23T15:31:42.996+0800] GC(228) Pause Young (Allocation Failure)
[2024-08-23T15:31:42.996+0800] GC(228) Pause Young (Allocation Failure) 403M->403M(494M) 0.080ms
[2024-08-23T15:31:42.996+0800] GC(228) User=0.00s Sys=0.00s Real=0.00s
[2024-08-23T15:31:42.996+0800] GC(229) Pause Full (Allocation Failure)
[2024-08-23T15:31:42.996+0800] GC(229) Phase 1: Mark live objects
[2024-08-23T15:31:42.996+0800] GC(229) Phase 1: Mark live objects 0.604ms
[2024-08-23T15:31:42.996+0800] GC(229) Phase 2: Compute new object addresses
[2024-08-23T15:31:42.997+0800] GC(229) Phase 2: Compute new object addresses 0.139ms
[2024-08-23T15:31:42.997+0800] GC(229) Phase 3: Adjust pointers
[2024-08-23T15:31:42.997+0800] GC(229) Phase 3: Adjust pointers 0.332ms
[2024-08-23T15:31:42.997+0800] GC(229) Phase 4: Move objects
[2024-08-23T15:31:42.998+0800] GC(229) Phase 4: Move objects 0.925ms
[2024-08-23T15:31:42.998+0800] GC(229) DefNew: 135865K(157248K)->0K(157248K) Eden: 135865K(139776K)->0K(139776K) From: 0K(17472K)->0K(17472K)
[2024-08-23T15:31:42.998+0800] GC(229) Tenured: 277249K(349568K)->12033K(349568K)
[2024-08-23T15:31:42.998+0800] GC(229) Metaspace: 308K(512K)->308K(512K) NonClass: 300K(384K)->300K(384K) Class: 7K(128K)->7K(128K)
[2024-08-23T15:31:42.998+0800] GC(229) Pause Full (Allocation Failure) 403M->11M(494M) 2.143ms
[2024-08-23T15:31:42.998+0800] GC(229) User=0.00s Sys=0.00s Real=0.00s
[2024-08-23T15:31:43.434+0800] GC(230) Pause Young (Allocation Failure)
[2024-08-23T15:31:43.439+0800] GC(230) DefNew: 94903K(157248K)->10240K(157248K) Eden: 94903K(139776K)->0K(139776K) From: 0K(17472K)->10240K(17472K)
[2024-08-23T15:31:43.439+0800] GC(230) Tenured: 12033K(349568K)->63233K(349568K)
[2024-08-23T15:31:43.439+0800] GC(230) Metaspace: 308K(512K)->308K(512K) NonClass: 300K(384K)->300K(384K) Class: 7K(128K)->7K(128K)
[2024-08-23T15:31:43.439+0800] GC(230) Pause Young (Allocation Failure) 104M->71M(494M) 5.822ms
[2024-08-23T15:31:43.439+0800] GC(230) User=0.00s Sys=0.00s Real=0.00s
[2024-08-23T15:31:44.430+0800] GC(231) Pause Young (Allocation Failure)
[2024-08-23T15:31:44.431+0800] GC(231) DefNew: 146114K(157248K)->10240K(157248K) Eden: 135874K(139776K)->0K(139776K) From: 10240K(17472K)->10240K(17472K)
[2024-08-23T15:31:44.431+0800] GC(231) Tenured: 63233K(349568K)->73473K(349568K)
[2024-08-23T15:31:44.431+0800] GC(231) Metaspace: 308K(512K)->308K(512K) NonClass: 300K(384K)->300K(384K) Class: 7K(128K)->7K(128K)
[2024-08-23T15:31:44.431+0800] GC(231) Pause Young (Allocation Failure) 204M->81M(494M) 1.905ms
[2024-08-23T15:31:44.431+0800] GC(231) User=0.00s Sys=0.00s Real=0.00s
[2024-08-23T15:31:46.167+0800] GC(232) Pause Young (Allocation Failure)
[2024-08-23T15:31:46.170+0800] GC(232) DefNew: 105149K(157248K)->5120K(157248K) Eden: 94909K(139776K)->0K(139776K) From: 10240K(17472K)->5120K(17472K)
[2024-08-23T15:31:46.170+0800] GC(232) Tenured: 73473K(349568K)->93953K(349568K)
[2024-08-23T15:31:46.170+0800] GC(232) Metaspace: 308K(512K)->308K(512K) NonClass: 300K(384K)->300K(384K) Class: 7K(128K)->7K(128K)
[2024-08-23T15:31:46.170+0800] GC(232) Pause Young (Allocation Failure) 174M->96M(494M) 2.969ms
[2024-08-23T15:31:46.170+0800] GC(232) User=0.00s Sys=0.00s Real=0.00s
[2024-08-23T15:31:46.276+0800] GC(233) Pause Young (Allocation Failure)
[2024-08-23T15:31:46.280+0800] GC(233) DefNew: 59078K(157248K)->5120K(157248K) Eden: 53958K(139776K)->0K(139776K) From: 5120K(17472K)->5120K(17472K)
[2024-08-23T15:31:46.280+0800] GC(233) Tenured: 93953K(349568K)->145153K(349568K)
[2024-08-23T15:31:46.280+0800] GC(233) Metaspace: 308K(512K)->308K(512K) NonClass: 300K(384K)->300K(384K) Class: 7K(128K)->7K(128K)
[2024-08-23T15:31:46.280+0800] GC(233) Pause Young (Allocation Failure) 149M->146M(494M) 4.618ms
[2024-08-23T15:31:46.280+0800] GC(233) User=0.00s Sys=0.00s Real=0.00s
[2024-08-23T15:31:47.264+0800] GC(234) Pause Young (Allocation Failure)
[2024-08-23T15:31:47.265+0800] GC(234) DefNew: 140998K(157248K)->15360K(157248K) Eden: 135878K(139776K)->0K(139776K) From: 5120K(17472K)->15360K(17472K)
[2024-08-23T15:31:47.265+0800] GC(234) Tenured: 145153K(349568K)->145153K(349568K)
[2024-08-23T15:31:47.265+0800] GC(234) Metaspace: 308K(512K)->308K(512K) NonClass: 300K(384K)->300K(384K) Class: 7K(128K)->7K(128K)
[2024-08-23T15:31:47.265+0800] GC(234) Pause Young (Allocation Failure) 279M->156M(494M) 1.810ms
[2024-08-23T15:31:47.265+0800] GC(234) User=0.00s Sys=0.00s Real=0.00s
[2024-08-23T15:31:47.700+0800] GC(235) Pause Young (Allocation Failure)
[2024-08-23T15:31:47.705+0800] GC(235) DefNew: 110271K(157248K)->0K(157248K) Eden: 94911K(139776K)->0K(139776K) From: 15360K(17472K)->0K(17472K)
[2024-08-23T15:31:47.705+0800] GC(235) Tenured: 145153K(349568K)->206593K(349568K)
[2024-08-23T15:31:47.705+0800] GC(235) Metaspace: 308K(512K)->308K(512K) NonClass: 300K(384K)->300K(384K) Class: 7K(128K)->7K(128K)
[2024-08-23T15:31:47.705+0800] GC(235) Pause Young (Allocation Failure) 249M->201M(494M) 4.908ms
[2024-08-23T15:31:47.705+0800] GC(235) User=0.00s Sys=0.00s Real=0.00s
[2024-08-23T15:31:48.998+0800] GC(236) Pause Young (Allocation Failure)
[2024-08-23T15:31:48.999+0800] GC(236) DefNew: 125639K(157248K)->5120K(157248K) Eden: 125639K(139776K)->0K(139776K) From: 0K(17472K)->5120K(17472K)
[2024-08-23T15:31:48.999+0800] GC(236) Tenured: 206593K(349568K)->206593K(349568K)
[2024-08-23T15:31:48.999+0800] GC(236) Metaspace: 308K(512K)->308K(512K) NonClass: 300K(384K)->300K(384K) Class: 7K(128K)->7K(128K)
[2024-08-23T15:31:48.999+0800] GC(236) Pause Young (Allocation Failure) 324M->206M(494M) 0.793ms
[2024-08-23T15:31:48.999+0800] GC(236) User=0.00s Sys=0.00s Real=0.00s
[2024-08-23T15:31:49.107+0800] GC(237) Pause Young (Allocation Failure)
[2024-08-23T15:31:49.112+0800] GC(237) DefNew: 59070K(157248K)->0K(157248K) Eden: 53950K(139776K)->0K(139776K) From: 5120K(17472K)->0K(17472K)
[2024-08-23T15:31:49.112+0800] GC(237) Tenured: 206593K(349568K)->257793K(349568K)
[2024-08-23T15:31:49.112+0800] GC(237) Metaspace: 308K(512K)->308K(512K) NonClass: 300K(384K)->300K(384K) Class: 7K(128K)->7K(128K)
[2024-08-23T15:31:49.112+0800] GC(237) Pause Young (Allocation Failure) 259M->251M(494M) 5.401ms
[2024-08-23T15:31:49.112+0800] GC(237) User=0.00s Sys=0.00s Real=0.00s
[2024-08-23T15:31:50.094+0800] GC(238) Pause Young (Allocation Failure)
[2024-08-23T15:31:50.094+0800] GC(238) Pause Young (Allocation Failure) 384M->384M(494M) 0.080ms
[2024-08-23T15:31:50.094+0800] GC(238) User=0.00s Sys=0.00s Real=0.00s
[2024-08-23T15:31:50.094+0800] GC(239) Pause Full (Allocation Failure)
[2024-08-23T15:31:50.094+0800] GC(239) Phase 1: Mark live objects
[2024-08-23T15:31:50.095+0800] GC(239) Phase 1: Mark live objects 0.702ms
[2024-08-23T15:31:50.095+0800] GC(239) Phase 2: Compute new object addresses
[2024-08-23T15:31:50.095+0800] GC(239) Phase 2: Compute new object addresses 0.150ms
[2024-08-23T15:31:50.095+0800] GC(239) Phase 3: Adjust pointers
[2024-08-23T15:31:50.095+0800] GC(239) Phase 3: Adjust pointers 0.368ms
[2024-08-23T15:31:50.095+0800] GC(239) Phase 4: Move objects
[2024-08-23T15:31:50.105+0800] GC(239) Phase 4: Move objects 9.772ms
[2024-08-23T15:31:50.105+0800] GC(239) DefNew: 135870K(157248K)->0K(157248K) Eden: 135870K(139776K)->0K(139776K) From: 0K(17472K)->0K(17472K)
[2024-08-23T15:31:50.105+0800] GC(239) Tenured: 257793K(349568K)->113409K(349568K)
[2024-08-23T15:31:50.105+0800] GC(239) Metaspace: 308K(512K)->308K(512K) NonClass: 300K(384K)->300K(384K) Class: 7K(128K)->7K(128K)
[2024-08-23T15:31:50.105+0800] GC(239) Pause Full (Allocation Failure) 384M->110M(494M) 11.175ms
[2024-08-23T15:31:50.105+0800] GC(239) User=0.00s Sys=0.00s Real=0.01s
[2024-08-23T15:31:50.545+0800] GC(240) Pause Young (Allocation Failure)
[2024-08-23T15:31:50.550+0800] GC(240) DefNew: 94906K(157248K)->0K(157248K) Eden: 94906K(139776K)->0K(139776K) From: 0K(17472K)->0K(17472K)
[2024-08-23T15:31:50.550+0800] GC(240) Tenured: 113409K(349568K)->164609K(349568K)
[2024-08-23T15:31:50.550+0800] GC(240) Metaspace: 308K(512K)->308K(512K) NonClass: 300K(384K)->300K(384K) Class: 7K(128K)->7K(128K)
[2024-08-23T15:31:50.550+0800] GC(240) Pause Young (Allocation Failure) 203M->160M(494M) 4.693ms
[2024-08-23T15:31:50.550+0800] GC(240) User=0.00s Sys=0.00s Real=0.00s
[2024-08-23T15:31:51.543+0800] GC(241) Pause Young (Allocation Failure)
[2024-08-23T15:31:51.543+0800] GC(241) DefNew: 135876K(157248K)->6144K(157248K) Eden: 135876K(139776K)->0K(139776K) From: 0K(17472K)->6144K(17472K)
[2024-08-23T15:31:51.543+0800] GC(241) Tenured: 164609K(349568K)->164609K(349568K)
[2024-08-23T15:31:51.543+0800] GC(241) Metaspace: 308K(512K)->308K(512K) NonClass: 300K(384K)->300K(384K) Class: 7K(128K)->7K(128K)
[2024-08-23T15:31:51.544+0800] GC(241) Pause Young (Allocation Failure) 293M->166M(494M) 0.694ms
[2024-08-23T15:31:51.544+0800] GC(241) User=0.00s Sys=0.00s Real=0.00s
[2024-08-23T15:31:51.978+0800] GC(242) Pause Young (Allocation Failure)
[2024-08-23T15:31:51.983+0800] GC(242) DefNew: 101054K(157248K)->6144K(157248K) Eden: 94910K(139776K)->0K(139776K) From: 6144K(17472K)->6144K(17472K)
[2024-08-23T15:31:51.983+0800] GC(242) Tenured: 164609K(349568K)->215809K(349568K)
[2024-08-23T15:31:51.983+0800] GC(242) Metaspace: 308K(512K)->308K(512K) NonClass: 300K(384K)->300K(384K) Class: 7K(128K)->7K(128K)
[2024-08-23T15:31:51.983+0800] GC(242) Pause Young (Allocation Failure) 259M->216M(494M) 5.068ms
[2024-08-23T15:31:51.983+0800] GC(242) User=0.02s Sys=0.00s Real=0.01s
[2024-08-23T15:31:53.185+0800] GC(243) Pause Young (Allocation Failure)
[2024-08-23T15:31:53.187+0800] GC(243) DefNew: 136903K(157248K)->10240K(157248K) Eden: 130759K(139776K)->0K(139776K) From: 6144K(17472K)->10240K(17472K)
[2024-08-23T15:31:53.187+0800] GC(243) Tenured: 215809K(349568K)->226049K(349568K)
[2024-08-23T15:31:53.187+0800] GC(243) Metaspace: 308K(512K)->308K(512K) NonClass: 300K(384K)->300K(384K) Class: 7K(128K)->7K(128K)
[2024-08-23T15:31:53.187+0800] GC(243) Pause Young (Allocation Failure) 344M->230M(494M) 2.054ms
[2024-08-23T15:31:53.187+0800] GC(243) User=0.00s Sys=0.00s Real=0.00s
[2024-08-23T15:31:53.402+0800] GC(244) Pause Young (Allocation Failure)
[2024-08-23T15:31:53.406+0800] GC(244) DefNew: 84671K(157248K)->0K(157248K) Eden: 74431K(139776K)->0K(139776K) From: 10240K(17472K)->0K(17472K)
[2024-08-23T15:31:53.406+0800] GC(244) Tenured: 226049K(349568K)->277249K(349568K)
[2024-08-23T15:31:53.406+0800] GC(244) Metaspace: 308K(512K)->308K(512K) NonClass: 300K(384K)->300K(384K) Class: 7K(128K)->7K(128K)
[2024-08-23T15:31:53.406+0800] GC(244) Pause Young (Allocation Failure) 303M->270M(494M) 4.610ms
[2024-08-23T15:31:53.406+0800] GC(244) User=0.00s Sys=0.00s Real=0.00s
[2024-08-23T15:31:54.384+0800] GC(245) Pause Young (Allocation Failure)
[2024-08-23T15:31:54.384+0800] GC(245) Pause Young (Allocation Failure) 403M->403M(494M) 0.073ms
[2024-08-23T15:31:54.384+0800] GC(245) User=0.00s Sys=0.00s Real=0.00s
[2024-08-23T15:31:54.384+0800] GC(246) Pause Full (Allocation Failure)
[2024-08-23T15:31:54.384+0800] GC(246) Phase 1: Mark live objects
[2024-08-23T15:31:54.384+0800] GC(246) Phase 1: Mark live objects 0.607ms
[2024-08-23T15:31:54.384+0800] GC(246) Phase 2: Compute new object addresses
[2024-08-23T15:31:54.385+0800] GC(246) Phase 2: Compute new object addresses 0.137ms
[2024-08-23T15:31:54.385+0800] GC(246) Phase 3: Adjust pointers
[2024-08-23T15:31:54.385+0800] GC(246) Phase 3: Adjust pointers 0.329ms
[2024-08-23T15:31:54.385+0800] GC(246) Phase 4: Move objects
[2024-08-23T15:31:54.387+0800] GC(246) Phase 4: Move objects 1.575ms
[2024-08-23T15:31:54.387+0800] GC(246) DefNew: 135877K(157248K)->0K(157248K) Eden: 135877K(139776K)->0K(139776K) From: 0K(17472K)->0K(17472K)
[2024-08-23T15:31:54.387+0800] GC(246) Tenured: 277249K(349568K)->21249K(349568K)
[2024-08-23T15:31:54.387+0800] GC(246) Metaspace: 308K(512K)->308K(512K) NonClass: 300K(384K)->300K(384K) Class: 7K(128K)->7K(128K)
[2024-08-23T15:31:54.387+0800] GC(246) Pause Full (Allocation Failure) 403M->20M(494M) 2.795ms
[2024-08-23T15:31:54.387+0800] GC(246) User=0.00s Sys=0.00s Real=0.00s
[2024-08-23T15:31:54.819+0800] GC(247) Pause Young (Allocation Failure)
[2024-08-23T15:31:54.824+0800] GC(247) DefNew: 94910K(157248K)->10240K(157248K) Eden: 94910K(139776K)->0K(139776K) From: 0K(17472K)->10240K(17472K)
[2024-08-23T15:31:54.824+0800] GC(247) Tenured: 21249K(349568K)->72449K(349568K)
[2024-08-23T15:31:54.824+0800] GC(247) Metaspace: 308K(512K)->308K(512K) NonClass: 300K(384K)->300K(384K) Class: 7K(128K)->7K(128K)
[2024-08-23T15:31:54.824+0800] GC(247) Pause Young (Allocation Failure) 113M->80M(494M) 5.613ms
[2024-08-23T15:31:54.824+0800] GC(247) User=0.00s Sys=0.00s Real=0.00s
[2024-08-23T15:31:55.807+0800] GC(248) Pause Young (Allocation Failure)
[2024-08-23T15:31:55.808+0800] GC(248) DefNew: 146119K(157248K)->10240K(157248K) Eden: 135879K(139776K)->0K(139776K) From: 10240K(17472K)->10240K(17472K)
[2024-08-23T15:31:55.808+0800] GC(248) Tenured: 72449K(349568K)->82689K(349568K)
[2024-08-23T15:31:55.808+0800] GC(248) Metaspace: 308K(512K)->308K(512K) NonClass: 300K(384K)->300K(384K) Class: 7K(128K)->7K(128K)
[2024-08-23T15:31:55.808+0800] GC(248) Pause Young (Allocation Failure) 213M->90M(494M) 2.032ms
[2024-08-23T15:31:55.808+0800] GC(248) User=0.00s Sys=0.00s Real=0.00s
[2024-08-23T15:31:57.543+0800] GC(249) Pause Young (Allocation Failure)
[2024-08-23T15:31:57.545+0800] GC(249) DefNew: 120512K(157248K)->5120K(157248K) Eden: 110272K(139776K)->0K(139776K) From: 10240K(17472K)->5120K(17472K)
[2024-08-23T15:31:57.545+0800] GC(249) Tenured: 82689K(349568K)->103169K(349568K)
[2024-08-23T15:31:57.545+0800] GC(249) Metaspace: 308K(512K)->308K(512K) NonClass: 300K(384K)->300K(384K) Class: 7K(128K)->7K(128K)
[2024-08-23T15:31:57.545+0800] GC(249) Pause Young (Allocation Failure) 198M->105M(494M) 2.265ms
[2024-08-23T15:31:57.545+0800] GC(249) User=0.00s Sys=0.00s Real=0.00s
[2024-08-23T15:31:57.652+0800] GC(250) Pause Young (Allocation Failure)
[2024-08-23T15:31:57.656+0800] GC(250) DefNew: 59081K(157248K)->5120K(157248K) Eden: 53961K(139776K)->0K(139776K) From: 5120K(17472K)->5120K(17472K)
[2024-08-23T15:31:57.656+0800] GC(250) Tenured: 103169K(349568K)->154369K(349568K)
[2024-08-23T15:31:57.656+0800] GC(250) Metaspace: 308K(512K)->308K(512K) NonClass: 300K(384K)->300K(384K) Class: 7K(128K)->7K(128K)
[2024-08-23T15:31:57.656+0800] GC(250) Pause Young (Allocation Failure) 158M->155M(494M) 4.769ms
[2024-08-23T15:31:57.657+0800] GC(250) User=0.00s Sys=0.00s Real=0.01s
[2024-08-23T15:31:58.629+0800] GC(251) Pause Young (Allocation Failure)
[2024-08-23T15:31:58.630+0800] GC(251) DefNew: 141001K(157248K)->15360K(157248K) Eden: 135881K(139776K)->0K(139776K) From: 5120K(17472K)->15360K(17472K)
[2024-08-23T15:31:58.630+0800] GC(251) Tenured: 154369K(349568K)->154369K(349568K)
[2024-08-23T15:31:58.630+0800] GC(251) Metaspace: 308K(512K)->308K(512K) NonClass: 300K(384K)->300K(384K) Class: 7K(128K)->7K(128K)
[2024-08-23T15:31:58.630+0800] GC(251) Pause Young (Allocation Failure) 288M->165M(494M) 1.780ms
[2024-08-23T15:31:58.630+0800] GC(251) User=0.00s Sys=0.00s Real=0.00s
[2024-08-23T15:31:59.064+0800] GC(252) Pause Young (Allocation Failure)
[2024-08-23T15:31:59.068+0800] GC(252) DefNew: 110273K(157248K)->0K(157248K) Eden: 94913K(139776K)->0K(139776K) From: 15360K(17472K)->0K(17472K)
[2024-08-23T15:31:59.068+0800] GC(252) Tenured: 154369K(349568K)->215809K(349568K)
[2024-08-23T15:31:59.068+0800] GC(252) Metaspace: 308K(512K)->308K(512K) NonClass: 300K(384K)->300K(384K) Class: 7K(128K)->7K(128K)
[2024-08-23T15:31:59.068+0800] GC(252) Pause Young (Allocation Failure) 258M->210M(494M) 4.800ms
[2024-08-23T15:31:59.068+0800] GC(252) User=0.00s Sys=0.00s Real=0.00s
[2024-08-23T15:32:00.473+0800] GC(253) Pause Young (Allocation Failure)
[2024-08-23T15:32:00.473+0800] GC(253) DefNew: 130760K(157248K)->5120K(157248K) Eden: 130760K(139776K)->0K(139776K) From: 0K(17472K)->5120K(17472K)
[2024-08-23T15:32:00.473+0800] GC(253) Tenured: 215809K(349568K)->215809K(349568K)
[2024-08-23T15:32:00.473+0800] GC(253) Metaspace: 308K(512K)->308K(512K) NonClass: 300K(384K)->300K(384K) Class: 7K(128K)->7K(128K)
[2024-08-23T15:32:00.473+0800] GC(253) Pause Young (Allocation Failure) 338M->215M(494M) 0.597ms
[2024-08-23T15:32:00.473+0800] GC(253) User=0.00s Sys=0.00s Real=0.00s
[2024-08-23T15:32:01.451+0800] GC(254) Pause Young (Allocation Failure)
[2024-08-23T15:32:01.451+0800] GC(254) DefNew: 140992K(157248K)->6144K(157248K) Eden: 135872K(139776K)->0K(139776K) From: 5120K(17472K)->6144K(17472K)
[2024-08-23T15:32:01.451+0800] GC(254) Tenured: 215809K(349568K)->215809K(349568K)
[2024-08-23T15:32:01.451+0800] GC(254) Metaspace: 308K(512K)->308K(512K) NonClass: 300K(384K)->300K(384K) Class: 7K(128K)->7K(128K)
[2024-08-23T15:32:01.451+0800] GC(254) Pause Young (Allocation Failure) 348M->216M(494M) 0.657ms
[2024-08-23T15:32:01.451+0800] GC(254) User=0.00s Sys=0.00s Real=0.00s
[2024-08-23T15:32:01.888+0800] GC(255) Pause Young (Allocation Failure)
[2024-08-23T15:32:01.892+0800] GC(255) DefNew: 101066K(157248K)->6144K(157248K) Eden: 94922K(139776K)->0K(139776K) From: 6144K(17472K)->6144K(17472K)
[2024-08-23T15:32:01.892+0800] GC(255) Tenured: 215809K(349568K)->267009K(349568K)
[2024-08-23T15:32:01.892+0800] GC(255) Metaspace: 308K(512K)->308K(512K) NonClass: 300K(384K)->300K(384K) Class: 7K(128K)->7K(128K)
[2024-08-23T15:32:01.892+0800] GC(255) Pause Young (Allocation Failure) 309M->266M(494M) 4.543ms
[2024-08-23T15:32:01.892+0800] GC(255) User=0.00s Sys=0.00s Real=0.00s
[2024-08-23T15:32:02.868+0800] GC(256) Pause Young (Allocation Failure)
[2024-08-23T15:32:02.868+0800] GC(256) Pause Young (Allocation Failure) 399M->399M(494M) 0.061ms
[2024-08-23T15:32:02.868+0800] GC(256) User=0.00s Sys=0.00s Real=0.00s
[2024-08-23T15:32:02.868+0800] GC(257) Pause Full (Allocation Failure)
[2024-08-23T15:32:02.868+0800] GC(257) Phase 1: Mark live objects
[2024-08-23T15:32:02.869+0800] GC(257) Phase 1: Mark live objects 0.709ms
[2024-08-23T15:32:02.869+0800] GC(257) Phase 2: Compute new object addresses
[2024-08-23T15:32:02.869+0800] GC(257) Phase 2: Compute new object addresses 0.269ms
[2024-08-23T15:32:02.869+0800] GC(257) Phase 3: Adjust pointers
[2024-08-23T15:32:02.870+0800] GC(257) Phase 3: Adjust pointers 0.384ms
[2024-08-23T15:32:02.870+0800] GC(257) Phase 4: Move objects
[2024-08-23T15:32:02.871+0800] GC(257) Phase 4: Move objects 1.224ms
[2024-08-23T15:32:02.871+0800] GC(257) DefNew: 142030K(157248K)->0K(157248K) Eden: 135886K(139776K)->0K(139776K) From: 6144K(17472K)->0K(17472K)
[2024-08-23T15:32:02.871+0800] GC(257) Tenured: 267009K(349568K)->13057K(349568K)
[2024-08-23T15:32:02.871+0800] GC(257) Metaspace: 308K(512K)->308K(512K) NonClass: 300K(384K)->300K(384K) Class: 7K(128K)->7K(128K)
[2024-08-23T15:32:02.871+0800] GC(257) Pause Full (Allocation Failure) 399M->12M(494M) 2.760ms
[2024-08-23T15:32:02.871+0800] GC(257) User=0.00s Sys=0.00s Real=0.00s
[2024-08-23T15:32:03.302+0800] GC(258) Pause Young (Allocation Failure)
[2024-08-23T15:32:03.307+0800] GC(258) DefNew: 94916K(157248K)->10240K(157248K) Eden: 94916K(139776K)->0K(139776K) From: 0K(17472K)->10240K(17472K)
[2024-08-23T15:32:03.307+0800] GC(258) Tenured: 13057K(349568K)->64257K(349568K)
[2024-08-23T15:32:03.307+0800] GC(258) Metaspace: 308K(512K)->308K(512K) NonClass: 300K(384K)->300K(384K) Class: 7K(128K)->7K(128K)
[2024-08-23T15:32:03.308+0800] GC(258) Pause Young (Allocation Failure) 105M->72M(494M) 5.877ms
[2024-08-23T15:32:03.308+0800] GC(258) User=0.00s Sys=0.00s Real=0.01s
[2024-08-23T15:32:04.521+0800] GC(259) Pause Young (Allocation Failure)
[2024-08-23T15:32:04.522+0800] GC(259) DefNew: 141003K(157248K)->10240K(157248K) Eden: 130763K(139776K)->0K(139776K) From: 10240K(17472K)->10240K(17472K)
[2024-08-23T15:32:04.522+0800] GC(259) Tenured: 64257K(349568K)->64257K(349568K)
[2024-08-23T15:32:04.522+0800] GC(259) Metaspace: 308K(512K)->308K(512K) NonClass: 300K(384K)->300K(384K) Class: 7K(128K)->7K(128K)
[2024-08-23T15:32:04.522+0800] GC(259) Pause Young (Allocation Failure) 200M->72M(494M) 0.989ms
[2024-08-23T15:32:04.522+0800] GC(259) User=0.00s Sys=0.00s Real=0.00s
[2024-08-23T15:32:04.739+0800] GC(260) Pause Young (Allocation Failure)
[2024-08-23T15:32:04.743+0800] GC(260) DefNew: 84673K(157248K)->0K(157248K) Eden: 74433K(139776K)->0K(139776K) From: 10240K(17472K)->0K(17472K)
[2024-08-23T15:32:04.743+0800] GC(260) Tenured: 64257K(349568K)->125697K(349568K)
[2024-08-23T15:32:04.743+0800] GC(260) Metaspace: 308K(512K)->308K(512K) NonClass: 300K(384K)->300K(384K) Class: 7K(128K)->7K(128K)
[2024-08-23T15:32:04.743+0800] GC(260) Pause Young (Allocation Failure) 145M->122M(494M) 4.867ms
[2024-08-23T15:32:04.743+0800] GC(260) User=0.00s Sys=0.00s Real=0.00s
[2024-08-23T15:32:05.720+0800] GC(261) Pause Young (Allocation Failure)
[2024-08-23T15:32:05.721+0800] GC(261) DefNew: 135879K(157248K)->10240K(157248K) Eden: 135879K(139776K)->0K(139776K) From: 0K(17472K)->10240K(17472K)
[2024-08-23T15:32:05.721+0800] GC(261) Tenured: 125697K(349568K)->125697K(349568K)
[2024-08-23T15:32:05.721+0800] GC(261) Metaspace: 308K(512K)->308K(512K) NonClass: 300K(384K)->300K(384K) Class: 7K(128K)->7K(128K)
[2024-08-23T15:32:05.721+0800] GC(261) Pause Young (Allocation Failure) 255M->132M(494M) 1.114ms
[2024-08-23T15:32:05.721+0800] GC(261) User=0.00s Sys=0.00s Real=0.00s
[2024-08-23T15:32:06.156+0800] GC(262) Pause Young (Allocation Failure)
[2024-08-23T15:32:06.162+0800] GC(262) DefNew: 105152K(157248K)->0K(157248K) Eden: 94912K(139776K)->0K(139776K) From: 10240K(17472K)->0K(17472K)
[2024-08-23T15:32:06.162+0800] GC(262) Tenured: 125697K(349568K)->202497K(349568K)
[2024-08-23T15:32:06.162+0800] GC(262) Metaspace: 308K(512K)->308K(512K) NonClass: 300K(384K)->300K(384K) Class: 7K(128K)->7K(128K)
[2024-08-23T15:32:06.162+0800] GC(262) Pause Young (Allocation Failure) 225M->197M(494M) 6.621ms
[2024-08-23T15:32:06.162+0800] GC(262) User=0.00s Sys=0.00s Real=0.01s
[2024-08-23T15:32:07.152+0800] GC(263) Pause Young (Allocation Failure)
[2024-08-23T15:32:07.153+0800] GC(263) DefNew: 135880K(157248K)->10240K(157248K) Eden: 135880K(139776K)->0K(139776K) From: 0K(17472K)->10240K(17472K)
[2024-08-23T15:32:07.153+0800] GC(263) Tenured: 202497K(349568K)->202497K(349568K)
[2024-08-23T15:32:07.153+0800] GC(263) Metaspace: 308K(512K)->308K(512K) NonClass: 300K(384K)->300K(384K) Class: 7K(128K)->7K(128K)
[2024-08-23T15:32:07.153+0800] GC(263) Pause Young (Allocation Failure) 330M->207M(494M) 0.943ms
[2024-08-23T15:32:07.153+0800] GC(263) User=0.00s Sys=0.00s Real=0.00s
[2024-08-23T15:32:08.793+0800] GC(264) Pause Young (Allocation Failure)
[2024-08-23T15:32:08.794+0800] GC(264) DefNew: 146112K(157248K)->15360K(157248K) Eden: 135872K(139776K)->0K(139776K) From: 10240K(17472K)->15360K(17472K)
[2024-08-23T15:32:08.794+0800] GC(264) Tenured: 202497K(349568K)->202497K(349568K)
[2024-08-23T15:32:08.794+0800] GC(264) Metaspace: 308K(512K)->308K(512K) NonClass: 300K(384K)->300K(384K) Class: 7K(128K)->7K(128K)
[2024-08-23T15:32:08.794+0800] GC(264) Pause Young (Allocation Failure) 340M->212M(494M) 1.467ms
[2024-08-23T15:32:08.794+0800] GC(264) User=0.00s Sys=0.00s Real=0.00s
[2024-08-23T15:32:09.013+0800] GC(265) Pause Young (Allocation Failure)
[2024-08-23T15:32:09.017+0800] GC(265) DefNew: 89802K(157248K)->0K(157248K) Eden: 74442K(139776K)->0K(139776K) From: 15360K(17472K)->0K(17472K)
[2024-08-23T15:32:09.017+0800] GC(265) Tenured: 202497K(349568K)->258817K(349568K)
[2024-08-23T15:32:09.017+0800] GC(265) Metaspace: 308K(512K)->308K(512K) NonClass: 300K(384K)->300K(384K) Class: 7K(128K)->7K(128K)
[2024-08-23T15:32:09.017+0800] GC(265) Pause Young (Allocation Failure) 285M->252M(494M) 4.532ms
[2024-08-23T15:32:09.017+0800] GC(265) User=0.00s Sys=0.00s Real=0.00s
[2024-08-23T15:32:09.996+0800] GC(266) Pause Young (Allocation Failure)
[2024-08-23T15:32:09.996+0800] GC(266) Pause Young (Allocation Failure) 385M->385M(494M) 0.080ms
[2024-08-23T15:32:09.996+0800] GC(266) User=0.00s Sys=0.00s Real=0.00s
[2024-08-23T15:32:09.996+0800] GC(267) Pause Full (Allocation Failure)
[2024-08-23T15:32:09.996+0800] GC(267) Phase 1: Mark live objects
[2024-08-23T15:32:09.996+0800] GC(267) Phase 1: Mark live objects 0.618ms
[2024-08-23T15:32:09.996+0800] GC(267) Phase 2: Compute new object addresses
[2024-08-23T15:32:09.997+0800] GC(267) Phase 2: Compute new object addresses 0.175ms
[2024-08-23T15:32:09.997+0800] GC(267) Phase 3: Adjust pointers
[2024-08-23T15:32:09.997+0800] GC(267) Phase 3: Adjust pointers 0.354ms
[2024-08-23T15:32:09.997+0800] GC(267) Phase 4: Move objects
[2024-08-23T15:32:10.006+0800] GC(267) Phase 4: Move objects 9.784ms
[2024-08-23T15:32:10.006+0800] GC(267) DefNew: 135857K(157248K)->0K(157248K) Eden: 135857K(139776K)->0K(139776K) From: 0K(17472K)->0K(17472K)
[2024-08-23T15:32:10.006+0800] GC(267) Tenured: 258817K(349568K)->118529K(349568K)
[2024-08-23T15:32:10.006+0800] GC(267) Metaspace: 308K(512K)->308K(512K) NonClass: 300K(384K)->300K(384K) Class: 7K(128K)->7K(128K)
[2024-08-23T15:32:10.006+0800] GC(267) Pause Full (Allocation Failure) 385M->115M(494M) 11.116ms
[2024-08-23T15:32:10.006+0800] GC(267) User=0.00s Sys=0.00s Real=0.01s
[2024-08-23T15:32:10.450+0800] GC(268) Pause Young (Allocation Failure)
[2024-08-23T15:32:10.454+0800] GC(268) DefNew: 94898K(157248K)->0K(157248K) Eden: 94898K(139776K)->0K(139776K) From: 0K(17472K)->0K(17472K)
[2024-08-23T15:32:10.454+0800] GC(268) Tenured: 118529K(349568K)->169729K(349568K)
[2024-08-23T15:32:10.454+0800] GC(268) Metaspace: 308K(512K)->308K(512K) NonClass: 300K(384K)->300K(384K) Class: 7K(128K)->7K(128K)
[2024-08-23T15:32:10.454+0800] GC(268) Pause Young (Allocation Failure) 208M->165M(494M) 4.110ms
[2024-08-23T15:32:10.454+0800] GC(268) User=0.00s Sys=0.00s Real=0.00s
[2024-08-23T15:32:12.196+0800] GC(269) Pause Young (Allocation Failure)
[2024-08-23T15:32:12.196+0800] GC(269) DefNew: 137920K(157248K)->1024K(157248K) Eden: 137919K(139776K)->0K(139776K) From: 0K(17472K)->1024K(17472K)
[2024-08-23T15:32:12.196+0800] GC(269) Tenured: 169729K(349568K)->169729K(349568K)
[2024-08-23T15:32:12.196+0800] GC(269) Metaspace: 308K(512K)->308K(512K) NonClass: 300K(384K)->300K(384K) Class: 7K(128K)->7K(128K)
[2024-08-23T15:32:12.196+0800] GC(269) Pause Young (Allocation Failure) 300M->166M(494M) 0.292ms
[2024-08-23T15:32:12.196+0800] GC(269) User=0.00s Sys=0.00s Real=0.00s
[2024-08-23T15:32:13.287+0800] GC(270) Pause Young (Allocation Failure)
[2024-08-23T15:32:13.292+0800] GC(270) DefNew: 126652K(157248K)->11264K(157248K) Eden: 125627K(139776K)->0K(139776K) From: 1024K(17472K)->11264K(17472K)
[2024-08-23T15:32:13.292+0800] GC(270) Tenured: 169729K(349568K)->220929K(349568K)
[2024-08-23T15:32:13.292+0800] GC(270) Metaspace: 308K(512K)->308K(512K) NonClass: 300K(384K)->300K(384K) Class: 7K(128K)->7K(128K)
[2024-08-23T15:32:13.292+0800] GC(270) Pause Young (Allocation Failure) 289M->226M(494M) 5.286ms
[2024-08-23T15:32:13.292+0800] GC(270) User=0.00s Sys=0.00s Real=0.01s
[2024-08-23T15:32:14.285+0800] GC(271) Pause Young (Allocation Failure)
[2024-08-23T15:32:14.287+0800] GC(271) DefNew: 147143K(157248K)->10240K(157248K) Eden: 135878K(139776K)->0K(139776K) From: 11264K(17472K)->10240K(17472K)
[2024-08-23T15:32:14.287+0800] GC(271) Tenured: 220929K(349568K)->232193K(349568K)
[2024-08-23T15:32:14.287+0800] GC(271) Metaspace: 308K(512K)->308K(512K) NonClass: 300K(384K)->300K(384K) Class: 7K(128K)->7K(128K)
[2024-08-23T15:32:14.287+0800] GC(271) Pause Young (Allocation Failure) 359M->236M(494M) 1.872ms
[2024-08-23T15:32:14.287+0800] GC(271) User=0.00s Sys=0.00s Real=0.00s
[2024-08-23T15:32:14.720+0800] GC(272) Pause Young (Allocation Failure)
[2024-08-23T15:32:14.725+0800] GC(272) DefNew: 105151K(157248K)->10240K(157248K) Eden: 94911K(139776K)->0K(139776K) From: 10240K(17472K)->10240K(17472K)
[2024-08-23T15:32:14.725+0800] GC(272) Tenured: 232193K(349568K)->288513K(349568K)
[2024-08-23T15:32:14.725+0800] GC(272) Metaspace: 308K(512K)->308K(512K) NonClass: 300K(384K)->300K(384K) Class: 7K(128K)->7K(128K)
[2024-08-23T15:32:14.725+0800] GC(272) Pause Young (Allocation Failure) 329M->291M(494M) 5.534ms
[2024-08-23T15:32:14.725+0800] GC(272) User=0.00s Sys=0.00s Real=0.00s
[2024-08-23T15:32:15.922+0800] GC(273) Pause Young (Allocation Failure)
[2024-08-23T15:32:15.922+0800] GC(273) Pause Young (Allocation Failure) 414M->414M(494M) 0.076ms
[2024-08-23T15:32:15.922+0800] GC(273) User=0.00s Sys=0.00s Real=0.00s
[2024-08-23T15:32:15.922+0800] GC(274) Pause Full (Allocation Failure)
[2024-08-23T15:32:15.922+0800] GC(274) Phase 1: Mark live objects
[2024-08-23T15:32:15.922+0800] GC(274) Phase 1: Mark live objects 0.611ms
[2024-08-23T15:32:15.922+0800] GC(274) Phase 2: Compute new object addresses
[2024-08-23T15:32:15.922+0800] GC(274) Phase 2: Compute new object addresses 0.134ms
[2024-08-23T15:32:15.922+0800] GC(274) Phase 3: Adjust pointers
[2024-08-23T15:32:15.922+0800] GC(274) Phase 3: Adjust pointers 0.331ms
[2024-08-23T15:32:15.922+0800] GC(274) Phase 4: Move objects
[2024-08-23T15:32:15.923+0800] GC(274) Phase 4: Move objects 0.799ms
[2024-08-23T15:32:15.923+0800] GC(274) DefNew: 135879K(157248K)->0K(157248K) Eden: 125639K(139776K)->0K(139776K) From: 10240K(17472K)->0K(17472K)
[2024-08-23T15:32:15.923+0800] GC(274) Tenured: 288513K(349568K)->11009K(349568K)
[2024-08-23T15:32:15.923+0800] GC(274) Metaspace: 308K(512K)->308K(512K) NonClass: 300K(384K)->300K(384K) Class: 7K(128K)->7K(128K)
[2024-08-23T15:32:15.923+0800] GC(274) Pause Full (Allocation Failure) 414M->10M(494M) 2.019ms
[2024-08-23T15:32:15.923+0800] GC(274) User=0.00s Sys=0.00s Real=0.00s
[2024-08-23T15:32:16.137+0800] GC(275) Pause Young (Allocation Failure)
[2024-08-23T15:32:16.144+0800] GC(275) DefNew: 74430K(157248K)->0K(157248K) Eden: 74430K(139776K)->0K(139776K) From: 0K(17472K)->0K(17472K)
[2024-08-23T15:32:16.144+0800] GC(275) Tenured: 11009K(349568K)->82689K(349568K)
[2024-08-23T15:32:16.144+0800] GC(275) Metaspace: 308K(512K)->308K(512K) NonClass: 300K(384K)->300K(384K) Class: 7K(128K)->7K(128K)
[2024-08-23T15:32:16.144+0800] GC(275) Pause Young (Allocation Failure) 83M->80M(494M) 6.806ms
[2024-08-23T15:32:16.144+0800] GC(275) User=0.00s Sys=0.00s Real=0.01s
[2024-08-23T15:32:17.132+0800] GC(276) Pause Young (Allocation Failure)
[2024-08-23T15:32:17.133+0800] GC(276) DefNew: 135877K(157248K)->10240K(157248K) Eden: 135877K(139776K)->0K(139776K) From: 0K(17472K)->10240K(17472K)
[2024-08-23T15:32:17.133+0800] GC(276) Tenured: 82689K(349568K)->82689K(349568K)
[2024-08-23T15:32:17.133+0800] GC(276) Metaspace: 308K(512K)->308K(512K) NonClass: 300K(384K)->300K(384K) Class: 7K(128K)->7K(128K)
[2024-08-23T15:32:17.133+0800] GC(276) Pause Young (Allocation Failure) 213M->90M(494M) 1.009ms
[2024-08-23T15:32:17.133+0800] GC(276) User=0.00s Sys=0.00s Real=0.00s
[2024-08-23T15:32:17.570+0800] GC(277) Pause Young (Allocation Failure)
[2024-08-23T15:32:17.573+0800] GC(277) DefNew: 105150K(157248K)->0K(157248K) Eden: 94910K(139776K)->0K(139776K) From: 10240K(17472K)->0K(17472K)
[2024-08-23T15:32:17.573+0800] GC(277) Tenured: 82689K(349568K)->139009K(349568K)
[2024-08-23T15:32:17.573+0800] GC(277) Metaspace: 308K(512K)->308K(512K) NonClass: 300K(384K)->300K(384K) Class: 7K(128K)->7K(128K)
[2024-08-23T15:32:17.573+0800] GC(277) Pause Young (Allocation Failure) 183M->135M(494M) 4.355ms
[2024-08-23T15:32:17.573+0800] GC(277) User=0.00s Sys=0.00s Real=0.00s
[2024-08-23T15:32:18.552+0800] GC(278) Pause Young (Allocation Failure)
[2024-08-23T15:32:18.552+0800] GC(278) DefNew: 135879K(157248K)->10240K(157248K) Eden: 135879K(139776K)->0K(139776K) From: 0K(17472K)->10240K(17472K)
[2024-08-23T15:32:18.552+0800] GC(278) Tenured: 139009K(349568K)->139009K(349568K)
[2024-08-23T15:32:18.552+0800] GC(278) Metaspace: 308K(512K)->308K(512K) NonClass: 300K(384K)->300K(384K) Class: 7K(128K)->7K(128K)
[2024-08-23T15:32:18.553+0800] GC(278) Pause Young (Allocation Failure) 268M->145M(494M) 1.094ms
[2024-08-23T15:32:18.553+0800] GC(278) User=0.00s Sys=0.00s Real=0.00s
[2024-08-23T15:32:18.991+0800] GC(279) Pause Young (Allocation Failure)
[2024-08-23T15:32:18.995+0800] GC(279) DefNew: 105152K(157248K)->0K(157248K) Eden: 94912K(139776K)->0K(139776K) From: 10240K(17472K)->0K(17472K)
[2024-08-23T15:32:18.995+0800] GC(279) Tenured: 139009K(349568K)->195329K(349568K)
[2024-08-23T15:32:18.995+0800] GC(279) Metaspace: 308K(512K)->308K(512K) NonClass: 300K(384K)->300K(384K) Class: 7K(128K)->7K(128K)
[2024-08-23T15:32:18.995+0800] GC(279) Pause Young (Allocation Failure) 238M->190M(494M) 4.615ms
[2024-08-23T15:32:18.995+0800] GC(279) User=0.00s Sys=0.00s Real=0.00s
[2024-08-23T15:32:20.080+0800] GC(280) Pause Young (Allocation Failure)
[2024-08-23T15:32:20.081+0800] GC(280) DefNew: 130760K(157248K)->15360K(157248K) Eden: 130760K(139776K)->0K(139776K) From: 0K(17472K)->15360K(17472K)
[2024-08-23T15:32:20.081+0800] GC(280) Tenured: 195329K(349568K)->195329K(349568K)
[2024-08-23T15:32:20.081+0800] GC(280) Metaspace: 308K(512K)->308K(512K) NonClass: 301K(384K)->301K(384K) Class: 7K(128K)->7K(128K)
[2024-08-23T15:32:20.081+0800] GC(280) Pause Young (Allocation Failure) 318M->205M(494M) 1.692ms
[2024-08-23T15:32:20.081+0800] GC(280) User=0.00s Sys=0.00s Real=0.00s
[2024-08-23T15:32:20.406+0800] GC(281) Pause Young (Allocation Failure)
[2024-08-23T15:32:20.410+0800] GC(281) DefNew: 100031K(157248K)->0K(157248K) Eden: 84671K(139776K)->0K(139776K) From: 15360K(17472K)->0K(17472K)
[2024-08-23T15:32:20.410+0800] GC(281) Tenured: 195329K(349568K)->251649K(349568K)
[2024-08-23T15:32:20.410+0800] GC(281) Metaspace: 308K(512K)->308K(512K) NonClass: 301K(384K)->301K(384K) Class: 7K(128K)->7K(128K)
[2024-08-23T15:32:20.410+0800] GC(281) Pause Young (Allocation Failure) 288M->245M(494M) 4.712ms
[2024-08-23T15:32:20.410+0800] GC(281) User=0.00s Sys=0.00s Real=0.00s
[2024-08-23T15:32:21.386+0800] GC(282) Pause Young (Allocation Failure)
[2024-08-23T15:32:21.386+0800] GC(282) Pause Young (Allocation Failure) 378M->378M(494M) 0.080ms
[2024-08-23T15:32:21.386+0800] GC(282) User=0.00s Sys=0.00s Real=0.00s
[2024-08-23T15:32:21.386+0800] GC(283) Pause Full (Allocation Failure)
[2024-08-23T15:32:21.386+0800] GC(283) Phase 1: Mark live objects
[2024-08-23T15:32:21.386+0800] GC(283) Phase 1: Mark live objects 0.665ms
[2024-08-23T15:32:21.386+0800] GC(283) Phase 2: Compute new object addresses
[2024-08-23T15:32:21.387+0800] GC(283) Phase 2: Compute new object addresses 0.162ms
[2024-08-23T15:32:21.387+0800] GC(283) Phase 3: Adjust pointers
[2024-08-23T15:32:21.387+0800] GC(283) Phase 3: Adjust pointers 0.342ms
[2024-08-23T15:32:21.387+0800] GC(283) Phase 4: Move objects
[2024-08-23T15:32:21.388+0800] GC(283) Phase 4: Move objects 0.930ms
[2024-08-23T15:32:21.388+0800] GC(283) DefNew: 135855K(157248K)->0K(157248K) Eden: 135855K(139776K)->0K(139776K) From: 0K(17472K)->0K(17472K)
[2024-08-23T15:32:21.388+0800] GC(283) Tenured: 251649K(349568K)->12033K(349568K)
[2024-08-23T15:32:21.388+0800] GC(283) Metaspace: 308K(512K)->308K(512K) NonClass: 301K(384K)->301K(384K) Class: 7K(128K)->7K(128K)
[2024-08-23T15:32:21.388+0800] GC(283) Pause Full (Allocation Failure) 378M->11M(494M) 2.261ms
[2024-08-23T15:32:21.389+0800] GC(283) User=0.00s Sys=0.00s Real=0.00s
[2024-08-23T15:32:21.824+0800] GC(284) Pause Young (Allocation Failure)
[2024-08-23T15:32:21.828+0800] GC(284) DefNew: 94896K(157248K)->0K(157248K) Eden: 94896K(139776K)->0K(139776K) From: 0K(17472K)->0K(17472K)
[2024-08-23T15:32:21.828+0800] GC(284) Tenured: 12033K(349568K)->63233K(349568K)
[2024-08-23T15:32:21.828+0800] GC(284) Metaspace: 308K(512K)->308K(512K) NonClass: 301K(384K)->301K(384K) Class: 7K(128K)->7K(128K)
[2024-08-23T15:32:21.828+0800] GC(284) Pause Young (Allocation Failure) 104M->61M(494M) 4.321ms
[2024-08-23T15:32:21.828+0800] GC(284) User=0.00s Sys=0.00s Real=0.00s
[2024-08-23T15:32:22.804+0800] GC(285) Pause Young (Allocation Failure)
[2024-08-23T15:32:22.805+0800] GC(285) DefNew: 135870K(157248K)->6144K(157248K) Eden: 135870K(139776K)->0K(139776K) From: 0K(17472K)->6144K(17472K)
[2024-08-23T15:32:22.805+0800] GC(285) Tenured: 63233K(349568K)->63233K(349568K)
[2024-08-23T15:32:22.805+0800] GC(285) Metaspace: 308K(512K)->308K(512K) NonClass: 301K(384K)->301K(384K) Class: 7K(128K)->7K(128K)
[2024-08-23T15:32:22.805+0800] GC(285) Pause Young (Allocation Failure) 194M->67M(494M) 0.714ms
[2024-08-23T15:32:22.805+0800] GC(285) User=0.00s Sys=0.00s Real=0.00s
[2024-08-23T15:32:24.652+0800] GC(286) Pause Young (Allocation Failure)
[2024-08-23T15:32:24.659+0800] GC(286) DefNew: 142010K(157248K)->15360K(157248K) Eden: 135866K(139776K)->0K(139776K) From: 6144K(17472K)->15360K(17472K)
[2024-08-23T15:32:24.659+0800] GC(286) Tenured: 63233K(349568K)->114433K(349568K)
[2024-08-23T15:32:24.659+0800] GC(286) Metaspace: 308K(512K)->308K(512K) NonClass: 301K(384K)->301K(384K) Class: 7K(128K)->7K(128K)
[2024-08-23T15:32:24.659+0800] GC(286) Pause Young (Allocation Failure) 200M->126M(494M) 6.928ms
[2024-08-23T15:32:24.659+0800] GC(286) User=0.00s Sys=0.00s Real=0.01s
[2024-08-23T15:32:25.651+0800] GC(287) Pause Young (Allocation Failure)
[2024-08-23T15:32:25.652+0800] GC(287) DefNew: 151238K(157248K)->10240K(157248K) Eden: 135878K(139776K)->0K(139776K) From: 15360K(17472K)->10240K(17472K)
[2024-08-23T15:32:25.652+0800] GC(287) Tenured: 114433K(349568K)->129793K(349568K)
[2024-08-23T15:32:25.652+0800] GC(287) Metaspace: 308K(512K)->308K(512K) NonClass: 301K(384K)->301K(384K) Class: 7K(128K)->7K(128K)
[2024-08-23T15:32:25.652+0800] GC(287) Pause Young (Allocation Failure) 259M->136M(494M) 2.253ms
[2024-08-23T15:32:25.652+0800] GC(287) User=0.00s Sys=0.00s Real=0.00s
[2024-08-23T15:32:26.085+0800] GC(288) Pause Young (Allocation Failure)
[2024-08-23T15:32:26.092+0800] GC(288) DefNew: 105159K(157248K)->0K(157248K) Eden: 94919K(139776K)->0K(139776K) From: 10240K(17472K)->0K(17472K)
[2024-08-23T15:32:26.092+0800] GC(288) Tenured: 129793K(349568K)->206593K(349568K)
[2024-08-23T15:32:26.092+0800] GC(288) Metaspace: 308K(512K)->308K(512K) NonClass: 301K(384K)->301K(384K) Class: 7K(128K)->7K(128K)
[2024-08-23T15:32:26.092+0800] GC(288) Pause Young (Allocation Failure) 229M->201M(494M) 6.896ms
[2024-08-23T15:32:26.092+0800] GC(288) User=0.00s Sys=0.00s Real=0.01s
[2024-08-23T15:32:27.299+0800] GC(289) Pause Young (Allocation Failure)
[2024-08-23T15:32:27.299+0800] GC(289) DefNew: 120524K(157248K)->5120K(157248K) Eden: 120524K(139776K)->0K(139776K) From: 0K(17472K)->5120K(17472K)
[2024-08-23T15:32:27.299+0800] GC(289) Tenured: 206593K(349568K)->206593K(349568K)
[2024-08-23T15:32:27.299+0800] GC(289) Metaspace: 308K(512K)->308K(512K) NonClass: 301K(384K)->301K(384K) Class: 7K(128K)->7K(128K)
[2024-08-23T15:32:27.299+0800] GC(289) Pause Young (Allocation Failure) 319M->206M(494M) 0.612ms
[2024-08-23T15:32:27.299+0800] GC(289) User=0.00s Sys=0.00s Real=0.00s
[2024-08-23T15:32:27.517+0800] GC(290) Pause Young (Allocation Failure)
[2024-08-23T15:32:27.520+0800] GC(290) DefNew: 79552K(157248K)->0K(157248K) Eden: 74432K(139776K)->0K(139776K) From: 5120K(17472K)->0K(17472K)
[2024-08-23T15:32:27.520+0800] GC(290) Tenured: 206593K(349568K)->257793K(349568K)
[2024-08-23T15:32:27.520+0800] GC(290) Metaspace: 308K(512K)->308K(512K) NonClass: 301K(384K)->301K(384K) Class: 7K(128K)->7K(128K)
[2024-08-23T15:32:27.520+0800] GC(290) Pause Young (Allocation Failure) 279M->251M(494M) 4.344ms
[2024-08-23T15:32:27.520+0800] GC(290) User=0.00s Sys=0.00s Real=0.00s
[2024-08-23T15:32:28.494+0800] GC(291) Pause Young (Allocation Failure)
[2024-08-23T15:32:28.494+0800] GC(291) Pause Young (Allocation Failure) 384M->384M(494M) 0.084ms
[2024-08-23T15:32:28.494+0800] GC(291) User=0.00s Sys=0.00s Real=0.00s
[2024-08-23T15:32:28.494+0800] GC(292) Pause Full (Allocation Failure)
[2024-08-23T15:32:28.494+0800] GC(292) Phase 1: Mark live objects
[2024-08-23T15:32:28.495+0800] GC(292) Phase 1: Mark live objects 0.739ms
[2024-08-23T15:32:28.495+0800] GC(292) Phase 2: Compute new object addresses
[2024-08-23T15:32:28.495+0800] GC(292) Phase 2: Compute new object addresses 0.181ms
[2024-08-23T15:32:28.495+0800] GC(292) Phase 3: Adjust pointers
[2024-08-23T15:32:28.495+0800] GC(292) Phase 3: Adjust pointers 0.358ms
[2024-08-23T15:32:28.495+0800] GC(292) Phase 4: Move objects
[2024-08-23T15:32:28.500+0800] GC(292) Phase 4: Move objects 4.683ms
[2024-08-23T15:32:28.500+0800] GC(292) DefNew: 135878K(157248K)->0K(157248K) Eden: 135878K(139776K)->0K(139776K) From: 0K(17472K)->0K(17472K)
[2024-08-23T15:32:28.500+0800] GC(292) Tenured: 257793K(349568K)->62209K(349568K)
[2024-08-23T15:32:28.500+0800] GC(292) Metaspace: 308K(512K)->308K(512K) NonClass: 301K(384K)->301K(384K) Class: 7K(128K)->7K(128K)
[2024-08-23T15:32:28.500+0800] GC(292) Pause Full (Allocation Failure) 384M->60M(494M) 6.151ms
[2024-08-23T15:32:28.500+0800] GC(292) User=0.00s Sys=0.00s Real=0.01s
[2024-08-23T15:32:28.928+0800] GC(293) Pause Young (Allocation Failure)
[2024-08-23T15:32:28.933+0800] GC(293) DefNew: 94911K(157248K)->0K(157248K) Eden: 94911K(139776K)->0K(139776K) From: 0K(17472K)->0K(17472K)
[2024-08-23T15:32:28.933+0800] GC(293) Tenured: 62209K(349568K)->113409K(349568K)
[2024-08-23T15:32:28.933+0800] GC(293) Metaspace: 308K(512K)->308K(512K) NonClass: 301K(384K)->301K(384K) Class: 7K(128K)->7K(128K)
[2024-08-23T15:32:28.933+0800] GC(293) Pause Young (Allocation Failure) 153M->110M(494M) 4.447ms
[2024-08-23T15:32:28.933+0800] GC(293) User=0.00s Sys=0.00s Real=0.01s
[2024-08-23T15:32:29.902+0800] GC(294) Pause Young (Allocation Failure)
[2024-08-23T15:32:29.913+0800] GC(294) DefNew: 135879K(157248K)->10240K(157248K) Eden: 135879K(139776K)->0K(139776K) From: 0K(17472K)->10240K(17472K)
[2024-08-23T15:32:29.913+0800] GC(294) Tenured: 113409K(349568K)->215809K(349568K)
[2024-08-23T15:32:29.913+0800] GC(294) Metaspace: 308K(512K)->308K(512K) NonClass: 301K(384K)->301K(384K) Class: 7K(128K)->7K(128K)
[2024-08-23T15:32:29.913+0800] GC(294) Pause Young (Allocation Failure) 243M->220M(494M) 11.321ms
[2024-08-23T15:32:29.913+0800] GC(294) User=0.00s Sys=0.00s Real=0.01s
[2024-08-23T15:32:30.350+0800] GC(295) Pause Young (Allocation Failure)
[2024-08-23T15:32:30.354+0800] GC(295) DefNew: 105152K(157248K)->0K(157248K) Eden: 94912K(139776K)->0K(139776K) From: 10240K(17472K)->0K(17472K)
[2024-08-23T15:32:30.354+0800] GC(295) Tenured: 215809K(349568K)->272129K(349568K)
[2024-08-23T15:32:30.354+0800] GC(295) Metaspace: 308K(512K)->308K(512K) NonClass: 301K(384K)->301K(384K) Class: 7K(128K)->7K(128K)
[2024-08-23T15:32:30.354+0800] GC(295) Pause Young (Allocation Failure) 313M->265M(494M) 4.633ms
[2024-08-23T15:32:30.354+0800] GC(295) User=0.00s Sys=0.00s Real=0.00s
[2024-08-23T15:32:31.565+0800] GC(296) Pause Young (Allocation Failure)
[2024-08-23T15:32:31.565+0800] GC(296) Pause Young (Allocation Failure) 398M->398M(494M) 0.062ms
[2024-08-23T15:32:31.565+0800] GC(296) User=0.00s Sys=0.00s Real=0.00s
[2024-08-23T15:32:31.565+0800] GC(297) Pause Full (Allocation Failure)
[2024-08-23T15:32:31.565+0800] GC(297) Phase 1: Mark live objects
[2024-08-23T15:32:31.565+0800] GC(297) Phase 1: Mark live objects 0.656ms
[2024-08-23T15:32:31.565+0800] GC(297) Phase 2: Compute new object addresses
[2024-08-23T15:32:31.565+0800] GC(297) Phase 2: Compute new object addresses 0.144ms
[2024-08-23T15:32:31.565+0800] GC(297) Phase 3: Adjust pointers
[2024-08-23T15:32:31.566+0800] GC(297) Phase 3: Adjust pointers 0.367ms
[2024-08-23T15:32:31.566+0800] GC(297) Phase 4: Move objects
[2024-08-23T15:32:31.567+0800] GC(297) Phase 4: Move objects 1.516ms
[2024-08-23T15:32:31.567+0800] GC(297) DefNew: 135880K(157248K)->0K(157248K) Eden: 135880K(139776K)->0K(139776K) From: 0K(17472K)->0K(17472K)
[2024-08-23T15:32:31.567+0800] GC(297) Tenured: 272129K(349568K)->16129K(349568K)
[2024-08-23T15:32:31.567+0800] GC(297) Metaspace: 308K(512K)->308K(512K) NonClass: 301K(384K)->301K(384K) Class: 7K(128K)->7K(128K)
[2024-08-23T15:32:31.567+0800] GC(297) Pause Full (Allocation Failure) 398M->15M(494M) 2.856ms
[2024-08-23T15:32:31.567+0800] GC(297) User=0.00s Sys=0.00s Real=0.00s
[2024-08-23T15:32:31.783+0800] GC(298) Pause Young (Allocation Failure)
[2024-08-23T15:32:31.787+0800] GC(298) DefNew: 74432K(157248K)->0K(157248K) Eden: 74432K(139776K)->0K(139776K) From: 0K(17472K)->0K(17472K)
[2024-08-23T15:32:31.787+0800] GC(298) Tenured: 16129K(349568K)->67329K(349568K)
[2024-08-23T15:32:31.787+0800] GC(298) Metaspace: 308K(512K)->308K(512K) NonClass: 301K(384K)->301K(384K) Class: 7K(128K)->7K(128K)
[2024-08-23T15:32:31.787+0800] GC(298) Pause Young (Allocation Failure) 88M->65M(494M) 4.255ms
[2024-08-23T15:32:31.787+0800] GC(298) User=0.00s Sys=0.00s Real=0.00s
[2024-08-23T15:32:32.761+0800] GC(299) Pause Young (Allocation Failure)
[2024-08-23T15:32:32.761+0800] GC(299) DefNew: 135865K(157248K)->6144K(157248K) Eden: 135865K(139776K)->0K(139776K) From: 0K(17472K)->6144K(17472K)
[2024-08-23T15:32:32.761+0800] GC(299) Tenured: 67329K(349568K)->67329K(349568K)
[2024-08-23T15:32:32.761+0800] GC(299) Metaspace: 308K(512K)->308K(512K) NonClass: 301K(384K)->301K(384K) Class: 7K(128K)->7K(128K)
[2024-08-23T15:32:32.761+0800] GC(299) Pause Young (Allocation Failure) 198M->71M(494M) 0.700ms
[2024-08-23T15:32:32.761+0800] GC(299) User=0.00s Sys=0.00s Real=0.00s
[2024-08-23T15:32:33.195+0800] GC(300) Pause Young (Allocation Failure)
[2024-08-23T15:32:33.201+0800] GC(300) DefNew: 101047K(157248K)->11264K(157248K) Eden: 94903K(139776K)->0K(139776K) From: 6144K(17472K)->11264K(17472K)
[2024-08-23T15:32:33.201+0800] GC(300) Tenured: 67329K(349568K)->118529K(349568K)
[2024-08-23T15:32:33.201+0800] GC(300) Metaspace: 308K(512K)->308K(512K) NonClass: 301K(384K)->301K(384K) Class: 7K(128K)->7K(128K)
[2024-08-23T15:32:33.201+0800] GC(300) Pause Young (Allocation Failure) 164M->126M(494M) 5.512ms
[2024-08-23T15:32:33.201+0800] GC(300) User=0.00s Sys=0.00s Real=0.01s
[2024-08-23T15:32:34.180+0800] GC(301) Pause Young (Allocation Failure)
[2024-08-23T15:32:34.182+0800] GC(301) DefNew: 147138K(157248K)->10240K(157248K) Eden: 135874K(139776K)->0K(139776K) From: 11264K(17472K)->10240K(17472K)
[2024-08-23T15:32:34.182+0800] GC(301) Tenured: 118529K(349568K)->129793K(349568K)
[2024-08-23T15:32:34.182+0800] GC(301) Metaspace: 308K(512K)->308K(512K) NonClass: 301K(384K)->301K(384K) Class: 7K(128K)->7K(128K)
[2024-08-23T15:32:34.182+0800] GC(301) Pause Young (Allocation Failure) 259M->136M(494M) 2.304ms
[2024-08-23T15:32:34.182+0800] GC(301) User=0.00s Sys=0.00s Real=0.00s
[2024-08-23T15:32:35.926+0800] GC(302) Pause Young (Allocation Failure)
[2024-08-23T15:32:35.927+0800] GC(302) DefNew: 105149K(157248K)->5120K(157248K) Eden: 94909K(139776K)->0K(139776K) From: 10240K(17472K)->5120K(17472K)
[2024-08-23T15:32:35.927+0800] GC(302) Tenured: 129793K(349568K)->150273K(349568K)
[2024-08-23T15:32:35.927+0800] GC(302) Metaspace: 308K(512K)->308K(512K) NonClass: 301K(384K)->301K(384K) Class: 7K(128K)->7K(128K)
[2024-08-23T15:32:35.927+0800] GC(302) Pause Young (Allocation Failure) 229M->151M(494M) 2.402ms
[2024-08-23T15:32:35.927+0800] GC(302) User=0.00s Sys=0.00s Real=0.00s
[2024-08-23T15:32:36.034+0800] GC(303) Pause Young (Allocation Failure)
[2024-08-23T15:32:36.039+0800] GC(303) DefNew: 59078K(157248K)->5120K(157248K) Eden: 53958K(139776K)->0K(139776K) From: 5120K(17472K)->5120K(17472K)
[2024-08-23T15:32:36.039+0800] GC(303) Tenured: 150273K(349568K)->201473K(349568K)
[2024-08-23T15:32:36.039+0800] GC(303) Metaspace: 308K(512K)->308K(512K) NonClass: 301K(384K)->301K(384K) Class: 7K(128K)->7K(128K)
[2024-08-23T15:32:36.039+0800] GC(303) Pause Young (Allocation Failure) 204M->201M(494M) 4.827ms
[2024-08-23T15:32:36.039+0800] GC(303) User=0.00s Sys=0.00s Real=0.01s
[2024-08-23T15:32:37.030+0800] GC(304) Pause Young (Allocation Failure)
[2024-08-23T15:32:37.031+0800] GC(304) DefNew: 140998K(157248K)->15360K(157248K) Eden: 135878K(139776K)->0K(139776K) From: 5120K(17472K)->15360K(17472K)
[2024-08-23T15:32:37.031+0800] GC(304) Tenured: 201473K(349568K)->201473K(349568K)
[2024-08-23T15:32:37.031+0800] GC(304) Metaspace: 308K(512K)->308K(512K) NonClass: 301K(384K)->301K(384K) Class: 7K(128K)->7K(128K)
[2024-08-23T15:32:37.031+0800] GC(304) Pause Young (Allocation Failure) 334M->211M(494M) 1.704ms
[2024-08-23T15:32:37.031+0800] GC(304) User=0.00s Sys=0.00s Real=0.00s
[2024-08-23T15:32:37.466+0800] GC(305) Pause Young (Allocation Failure)
[2024-08-23T15:32:37.472+0800] GC(305) DefNew: 110271K(157248K)->0K(157248K) Eden: 94911K(139776K)->0K(139776K) From: 15360K(17472K)->0K(17472K)
[2024-08-23T15:32:37.472+0800] GC(305) Tenured: 201473K(349568K)->262913K(349568K)
[2024-08-23T15:32:37.472+0800] GC(305) Metaspace: 308K(512K)->308K(512K) NonClass: 301K(384K)->301K(384K) Class: 7K(128K)->7K(128K)
[2024-08-23T15:32:37.472+0800] GC(305) Pause Young (Allocation Failure) 304M->256M(494M) 5.571ms
[2024-08-23T15:32:37.472+0800] GC(305) User=0.00s Sys=0.00s Real=0.01s
[2024-08-23T15:32:38.769+0800] GC(306) Pause Young (Allocation Failure)
[2024-08-23T15:32:38.769+0800] GC(306) Pause Young (Allocation Failure) 379M->379M(494M) 0.063ms
[2024-08-23T15:32:38.769+0800] GC(306) User=0.00s Sys=0.00s Real=0.00s
[2024-08-23T15:32:38.769+0800] GC(307) Pause Full (Allocation Failure)
[2024-08-23T15:32:38.769+0800] GC(307) Phase 1: Mark live objects
[2024-08-23T15:32:38.769+0800] GC(307) Phase 1: Mark live objects 0.655ms
[2024-08-23T15:32:38.769+0800] GC(307) Phase 2: Compute new object addresses
[2024-08-23T15:32:38.769+0800] GC(307) Phase 2: Compute new object addresses 0.144ms
[2024-08-23T15:32:38.769+0800] GC(307) Phase 3: Adjust pointers
[2024-08-23T15:32:38.769+0800] GC(307) Phase 3: Adjust pointers 0.346ms
[2024-08-23T15:32:38.769+0800] GC(307) Phase 4: Move objects
[2024-08-23T15:32:38.770+0800] GC(307) Phase 4: Move objects 0.439ms
[2024-08-23T15:32:38.770+0800] GC(307) DefNew: 125639K(157248K)->0K(157248K) Eden: 125639K(139776K)->0K(139776K) From: 0K(17472K)->0K(17472K)
[2024-08-23T15:32:38.770+0800] GC(307) Tenured: 262913K(349568K)->5889K(349568K)
[2024-08-23T15:32:38.770+0800] GC(307) Metaspace: 308K(512K)->308K(512K) NonClass: 301K(384K)->301K(384K) Class: 7K(128K)->7K(128K)
[2024-08-23T15:32:38.770+0800] GC(307) Pause Full (Allocation Failure) 379M->5M(494M) 1.734ms
[2024-08-23T15:32:38.770+0800] GC(307) User=0.00s Sys=0.00s Real=0.00s
[2024-08-23T15:32:38.878+0800] GC(308) Pause Young (Allocation Failure)
[2024-08-23T15:32:38.882+0800] GC(308) DefNew: 53950K(157248K)->0K(157248K) Eden: 53950K(139776K)->0K(139776K) From: 0K(17472K)->0K(17472K)
[2024-08-23T15:32:38.882+0800] GC(308) Tenured: 5889K(349568K)->57089K(349568K)
[2024-08-23T15:32:38.882+0800] GC(308) Metaspace: 308K(512K)->308K(512K) NonClass: 301K(384K)->301K(384K) Class: 7K(128K)->7K(128K)
[2024-08-23T15:32:38.882+0800] GC(308) Pause Young (Allocation Failure) 58M->55M(494M) 4.379ms
[2024-08-23T15:32:38.882+0800] GC(308) User=0.00s Sys=0.00s Real=0.00s
[2024-08-23T15:32:39.860+0800] GC(309) Pause Young (Allocation Failure)
[2024-08-23T15:32:39.869+0800] GC(309) DefNew: 135870K(157248K)->10240K(157248K) Eden: 135870K(139776K)->0K(139776K) From: 0K(17472K)->10240K(17472K)
[2024-08-23T15:32:39.869+0800] GC(309) Tenured: 57089K(349568K)->159489K(349568K)
[2024-08-23T15:32:39.869+0800] GC(309) Metaspace: 308K(512K)->308K(512K) NonClass: 301K(384K)->301K(384K) Class: 7K(128K)->7K(128K)
[2024-08-23T15:32:39.869+0800] GC(309) Pause Young (Allocation Failure) 188M->165M(494M) 9.401ms
[2024-08-23T15:32:39.869+0800] GC(309) User=0.00s Sys=0.00s Real=0.01s
[2024-08-23T15:32:40.313+0800] GC(310) Pause Young (Allocation Failure)
[2024-08-23T15:32:40.317+0800] GC(310) DefNew: 105146K(157248K)->0K(157248K) Eden: 94906K(139776K)->0K(139776K) From: 10240K(17472K)->0K(17472K)
[2024-08-23T15:32:40.317+0800] GC(310) Tenured: 159489K(349568K)->215809K(349568K)
[2024-08-23T15:32:40.317+0800] GC(310) Metaspace: 308K(512K)->308K(512K) NonClass: 301K(384K)->301K(384K) Class: 7K(128K)->7K(128K)
[2024-08-23T15:32:40.317+0800] GC(310) Pause Young (Allocation Failure) 258M->210M(494M) 5.093ms
[2024-08-23T15:32:40.317+0800] GC(310) User=0.00s Sys=0.00s Real=0.00s
[2024-08-23T15:32:41.297+0800] GC(311) Pause Young (Allocation Failure)
[2024-08-23T15:32:41.297+0800] GC(311) DefNew: 135876K(157248K)->6144K(157248K) Eden: 135876K(139776K)->0K(139776K) From: 0K(17472K)->6144K(17472K)
[2024-08-23T15:32:41.297+0800] GC(311) Tenured: 215809K(349568K)->215809K(349568K)
[2024-08-23T15:32:41.297+0800] GC(311) Metaspace: 308K(512K)->308K(512K) NonClass: 301K(384K)->301K(384K) Class: 7K(128K)->7K(128K)
[2024-08-23T15:32:41.297+0800] GC(311) Pause Young (Allocation Failure) 343M->216M(494M) 0.763ms
[2024-08-23T15:32:41.297+0800] GC(311) User=0.00s Sys=0.00s Real=0.00s
[2024-08-23T15:32:41.732+0800] GC(312) Pause Young (Allocation Failure)
[2024-08-23T15:32:41.736+0800] GC(312) DefNew: 101054K(157248K)->6144K(157248K) Eden: 94910K(139776K)->0K(139776K) From: 6144K(17472K)->6144K(17472K)
[2024-08-23T15:32:41.736+0800] GC(312) Tenured: 215809K(349568K)->267009K(349568K)
[2024-08-23T15:32:41.736+0800] GC(312) Metaspace: 308K(512K)->308K(512K) NonClass: 301K(384K)->301K(384K) Class: 7K(128K)->7K(128K)
[2024-08-23T15:32:41.736+0800] GC(312) Pause Young (Allocation Failure) 309M->266M(494M) 4.687ms
[2024-08-23T15:32:41.736+0800] GC(312) User=0.00s Sys=0.00s Real=0.00s
[2024-08-23T15:32:42.934+0800] GC(313) Pause Young (Allocation Failure)
[2024-08-23T15:32:42.934+0800] GC(313) Pause Young (Allocation Failure) 394M->394M(494M) 0.082ms
[2024-08-23T15:32:42.934+0800] GC(313) User=0.00s Sys=0.00s Real=0.00s
[2024-08-23T15:32:42.934+0800] GC(314) Pause Full (Allocation Failure)
[2024-08-23T15:32:42.934+0800] GC(314) Phase 1: Mark live objects
[2024-08-23T15:32:42.935+0800] GC(314) Phase 1: Mark live objects 0.879ms
[2024-08-23T15:32:42.935+0800] GC(314) Phase 2: Compute new object addresses
[2024-08-23T15:32:42.935+0800] GC(314) Phase 2: Compute new object addresses 0.221ms
[2024-08-23T15:32:42.935+0800] GC(314) Phase 3: Adjust pointers
[2024-08-23T15:32:42.935+0800] GC(314) Phase 3: Adjust pointers 0.475ms
[2024-08-23T15:32:42.935+0800] GC(314) Phase 4: Move objects
[2024-08-23T15:32:42.937+0800] GC(314) Phase 4: Move objects 2.389ms
[2024-08-23T15:32:42.937+0800] GC(314) DefNew: 136903K(157248K)->0K(157248K) Eden: 130759K(139776K)->0K(139776K) From: 6144K(17472K)->0K(17472K)
[2024-08-23T15:32:42.937+0800] GC(314) Tenured: 267009K(349568K)->21249K(349568K)
[2024-08-23T15:32:42.937+0800] GC(314) Metaspace: 308K(512K)->308K(512K) NonClass: 301K(384K)->301K(384K) Class: 7K(128K)->7K(128K)
[2024-08-23T15:32:42.939+0800] GC(314) Pause Full (Allocation Failure) 394M->20M(494M) 4.243ms
[2024-08-23T15:32:42.939+0800] GC(314) User=0.00s Sys=0.00s Real=0.00s
[2024-08-23T15:32:43.152+0800] GC(315) Pause Young (Allocation Failure)
[2024-08-23T15:32:43.156+0800] GC(315) DefNew: 74431K(157248K)->0K(157248K) Eden: 74431K(139776K)->0K(139776K) From: 0K(17472K)->0K(17472K)
[2024-08-23T15:32:43.156+0800] GC(315) Tenured: 21249K(349568K)->72449K(349568K)
[2024-08-23T15:32:43.156+0800] GC(315) Metaspace: 308K(512K)->308K(512K) NonClass: 301K(384K)->301K(384K) Class: 7K(128K)->7K(128K)
[2024-08-23T15:32:43.156+0800] GC(315) Pause Young (Allocation Failure) 93M->70M(494M) 4.339ms
[2024-08-23T15:32:43.156+0800] GC(315) User=0.00s Sys=0.00s Real=0.00s
[2024-08-23T15:32:44.134+0800] GC(316) Pause Young (Allocation Failure)
[2024-08-23T15:32:44.135+0800] GC(316) DefNew: 135877K(157248K)->10240K(157248K) Eden: 135877K(139776K)->0K(139776K) From: 0K(17472K)->10240K(17472K)
[2024-08-23T15:32:44.135+0800] GC(316) Tenured: 72449K(349568K)->72449K(349568K)
[2024-08-23T15:32:44.135+0800] GC(316) Metaspace: 308K(512K)->308K(512K) NonClass: 301K(384K)->301K(384K) Class: 7K(128K)->7K(128K)
[2024-08-23T15:32:44.135+0800] GC(316) Pause Young (Allocation Failure) 203M->80M(494M) 1.061ms
[2024-08-23T15:32:44.135+0800] GC(316) User=0.00s Sys=0.00s Real=0.00s
[2024-08-23T15:32:44.570+0800] GC(317) Pause Young (Allocation Failure)
[2024-08-23T15:32:44.576+0800] GC(317) DefNew: 105151K(157248K)->10240K(157248K) Eden: 94910K(139776K)->0K(139776K) From: 10240K(17472K)->10240K(17472K)
[2024-08-23T15:32:44.576+0800] GC(317) Tenured: 72449K(349568K)->128769K(349568K)
[2024-08-23T15:32:44.576+0800] GC(317) Metaspace: 308K(512K)->308K(512K) NonClass: 301K(384K)->301K(384K) Class: 7K(128K)->7K(128K)
[2024-08-23T15:32:44.576+0800] GC(317) Pause Young (Allocation Failure) 173M->135M(494M) 6.645ms
[2024-08-23T15:32:44.576+0800] GC(317) User=0.00s Sys=0.00s Real=0.01s
[2024-08-23T15:32:45.569+0800] GC(318) Pause Young (Allocation Failure)
[2024-08-23T15:32:45.571+0800] GC(318) DefNew: 146119K(157248K)->10240K(157248K) Eden: 135879K(139776K)->0K(139776K) From: 10240K(17472K)->10240K(17472K)
[2024-08-23T15:32:45.571+0800] GC(318) Tenured: 128769K(349568K)->139009K(349568K)
[2024-08-23T15:32:45.571+0800] GC(318) Metaspace: 308K(512K)->308K(512K) NonClass: 301K(384K)->301K(384K) Class: 7K(128K)->7K(128K)
[2024-08-23T15:32:45.571+0800] GC(318) Pause Young (Allocation Failure) 268M->145M(494M) 1.964ms
[2024-08-23T15:32:45.571+0800] GC(318) User=0.00s Sys=0.00s Real=0.00s
[2024-08-23T15:32:47.314+0800] GC(319) Pause Young (Allocation Failure)
[2024-08-23T15:32:47.317+0800] GC(319) DefNew: 120512K(157248K)->5120K(157248K) Eden: 110272K(139776K)->0K(139776K) From: 10240K(17472K)->5120K(17472K)
[2024-08-23T15:32:47.317+0800] GC(319) Tenured: 139009K(349568K)->159489K(349568K)
[2024-08-23T15:32:47.317+0800] GC(319) Metaspace: 308K(512K)->308K(512K) NonClass: 301K(384K)->301K(384K) Class: 7K(128K)->7K(128K)
[2024-08-23T15:32:47.317+0800] GC(319) Pause Young (Allocation Failure) 253M->160M(494M) 2.840ms
[2024-08-23T15:32:47.317+0800] GC(319) User=0.00s Sys=0.00s Real=0.00s
[2024-08-23T15:32:47.424+0800] GC(320) Pause Young (Allocation Failure)
[2024-08-23T15:32:47.427+0800] GC(320) DefNew: 59081K(157248K)->5120K(157248K) Eden: 53961K(139776K)->0K(139776K) From: 5120K(17472K)->5120K(17472K)
[2024-08-23T15:32:47.427+0800] GC(320) Tenured: 159489K(349568K)->210689K(349568K)
[2024-08-23T15:32:47.427+0800] GC(320) Metaspace: 308K(512K)->308K(512K) NonClass: 301K(384K)->301K(384K) Class: 7K(128K)->7K(128K)
[2024-08-23T15:32:47.427+0800] GC(320) Pause Young (Allocation Failure) 213M->210M(494M) 4.834ms
[2024-08-23T15:32:47.427+0800] GC(320) User=0.00s Sys=0.00s Real=0.00s
[2024-08-23T15:32:48.406+0800] GC(321) Pause Young (Allocation Failure)
[2024-08-23T15:32:48.407+0800] GC(321) DefNew: 141001K(157248K)->15360K(157248K) Eden: 135881K(139776K)->0K(139776K) From: 5120K(17472K)->15360K(17472K)
[2024-08-23T15:32:48.407+0800] GC(321) Tenured: 210689K(349568K)->210689K(349568K)
[2024-08-23T15:32:48.407+0800] GC(321) Metaspace: 308K(512K)->308K(512K) NonClass: 301K(384K)->301K(384K) Class: 7K(128K)->7K(128K)
[2024-08-23T15:32:48.407+0800] GC(321) Pause Young (Allocation Failure) 343M->220M(494M) 1.434ms
[2024-08-23T15:32:48.407+0800] GC(321) User=0.00s Sys=0.00s Real=0.00s
[2024-08-23T15:32:48.845+0800] GC(322) Pause Young (Allocation Failure)
[2024-08-23T15:32:48.851+0800] GC(322) DefNew: 110273K(157248K)->0K(157248K) Eden: 94913K(139776K)->0K(139776K) From: 15360K(17472K)->0K(17472K)
[2024-08-23T15:32:48.851+0800] GC(322) Tenured: 210689K(349568K)->272129K(349568K)
[2024-08-23T15:32:48.851+0800] GC(322) Metaspace: 308K(512K)->308K(512K) NonClass: 301K(384K)->301K(384K) Class: 7K(128K)->7K(128K)
[2024-08-23T15:32:48.851+0800] GC(322) Pause Young (Allocation Failure) 313M->265M(494M) 6.110ms
[2024-08-23T15:32:48.851+0800] GC(322) User=0.00s Sys=0.00s Real=0.01s
[2024-08-23T15:32:50.274+0800] GC(323) Pause Young (Allocation Failure)
[2024-08-23T15:32:50.274+0800] GC(323) Pause Young (Allocation Failure) 393M->393M(494M) 0.066ms
[2024-08-23T15:32:50.274+0800] GC(323) User=0.00s Sys=0.00s Real=0.00s
[2024-08-23T15:32:50.274+0800] GC(324) Pause Full (Allocation Failure)
[2024-08-23T15:32:50.274+0800] GC(324) Phase 1: Mark live objects
[2024-08-23T15:32:50.275+0800] GC(324) Phase 1: Mark live objects 0.601ms
[2024-08-23T15:32:50.275+0800] GC(324) Phase 2: Compute new object addresses
[2024-08-23T15:32:50.275+0800] GC(324) Phase 2: Compute new object addresses 0.141ms
[2024-08-23T15:32:50.275+0800] GC(324) Phase 3: Adjust pointers
[2024-08-23T15:32:50.275+0800] GC(324) Phase 3: Adjust pointers 0.341ms
[2024-08-23T15:32:50.275+0800] GC(324) Phase 4: Move objects
[2024-08-23T15:32:50.276+0800] GC(324) Phase 4: Move objects 0.428ms
[2024-08-23T15:32:50.276+0800] GC(324) DefNew: 130760K(157248K)->0K(157248K) Eden: 130760K(139776K)->0K(139776K) From: 0K(17472K)->0K(17472K)
[2024-08-23T15:32:50.276+0800] GC(324) Tenured: 272129K(349568K)->5889K(349568K)
[2024-08-23T15:32:50.276+0800] GC(324) Metaspace: 308K(512K)->308K(512K) NonClass: 301K(384K)->301K(384K) Class: 7K(128K)->7K(128K)
[2024-08-23T15:32:50.276+0800] GC(324) Pause Full (Allocation Failure) 393M->5M(494M) 1.653ms
[2024-08-23T15:32:50.276+0800] GC(324) User=0.00s Sys=0.00s Real=0.00s
[2024-08-23T15:32:51.256+0800] GC(325) Pause Young (Allocation Failure)
[2024-08-23T15:32:51.256+0800] GC(325) DefNew: 135872K(157248K)->6144K(157248K) Eden: 135872K(139776K)->0K(139776K) From: 0K(17472K)->6144K(17472K)
[2024-08-23T15:32:51.256+0800] GC(325) Tenured: 5889K(349568K)->5889K(349568K)
[2024-08-23T15:32:51.256+0800] GC(325) Metaspace: 308K(512K)->308K(512K) NonClass: 301K(384K)->301K(384K) Class: 7K(128K)->7K(128K)
[2024-08-23T15:32:51.256+0800] GC(325) Pause Young (Allocation Failure) 138M->11M(494M) 0.638ms
[2024-08-23T15:32:51.256+0800] GC(325) User=0.00s Sys=0.00s Real=0.00s
[2024-08-23T15:32:51.692+0800] GC(326) Pause Young (Allocation Failure)
[2024-08-23T15:32:51.696+0800] GC(326) DefNew: 101066K(157248K)->6144K(157248K) Eden: 94922K(139776K)->0K(139776K) From: 6144K(17472K)->6144K(17472K)
[2024-08-23T15:32:51.696+0800] GC(326) Tenured: 5889K(349568K)->57089K(349568K)
[2024-08-23T15:32:51.696+0800] GC(326) Metaspace: 308K(512K)->308K(512K) NonClass: 301K(384K)->301K(384K) Class: 7K(128K)->7K(128K)
[2024-08-23T15:32:51.696+0800] GC(326) Pause Young (Allocation Failure) 104M->61M(494M) 5.085ms
[2024-08-23T15:32:51.696+0800] GC(326) User=0.00s Sys=0.00s Real=0.00s
[2024-08-23T15:32:52.674+0800] GC(327) Pause Young (Allocation Failure)
[2024-08-23T15:32:52.675+0800] GC(327) DefNew: 142030K(157248K)->12288K(157248K) Eden: 135886K(139776K)->0K(139776K) From: 6144K(17472K)->12288K(17472K)
[2024-08-23T15:32:52.675+0800] GC(327) Tenured: 57089K(349568K)->57089K(349568K)
[2024-08-23T15:32:52.675+0800] GC(327) Metaspace: 308K(512K)->308K(512K) NonClass: 301K(384K)->301K(384K) Class: 7K(128K)->7K(128K)
[2024-08-23T15:32:52.675+0800] GC(327) Pause Young (Allocation Failure) 194M->67M(494M) 1.200ms
[2024-08-23T15:32:52.675+0800] GC(327) User=0.00s Sys=0.00s Real=0.00s
[2024-08-23T15:32:53.111+0800] GC(328) Pause Young (Allocation Failure)
[2024-08-23T15:32:53.117+0800] GC(328) DefNew: 107204K(157248K)->11264K(157248K) Eden: 94916K(139776K)->0K(139776K) From: 12288K(17472K)->11264K(17472K)
[2024-08-23T15:32:53.117+0800] GC(328) Tenured: 57089K(349568K)->114433K(349568K)
[2024-08-23T15:32:53.117+0800] GC(328) Metaspace: 308K(512K)->308K(512K) NonClass: 301K(384K)->301K(384K) Class: 7K(128K)->7K(128K)
[2024-08-23T15:32:53.117+0800] GC(328) Pause Young (Allocation Failure) 160M->122M(494M) 5.546ms
[2024-08-23T15:32:53.117+0800] GC(328) User=0.00s Sys=0.00s Real=0.01s
[2024-08-23T15:32:54.328+0800] GC(329) Pause Young (Allocation Failure)
[2024-08-23T15:32:54.328+0800] GC(329) DefNew: 142027K(157248K)->10240K(157248K) Eden: 130763K(139776K)->0K(139776K) From: 11264K(17472K)->10240K(17472K)
[2024-08-23T15:32:54.329+0800] GC(329) Tenured: 114433K(349568K)->114433K(349568K)
[2024-08-23T15:32:54.329+0800] GC(329) Metaspace: 308K(512K)->308K(512K) NonClass: 301K(384K)->301K(384K) Class: 7K(128K)->7K(128K)
[2024-08-23T15:32:54.329+0800] GC(329) Pause Young (Allocation Failure) 250M->121M(494M) 1.010ms
[2024-08-23T15:32:54.329+0800] GC(329) User=0.00s Sys=0.00s Real=0.00s
[2024-08-23T15:32:54.546+0800] GC(330) Pause Young (Allocation Failure)
[2024-08-23T15:32:54.552+0800] GC(330) DefNew: 84673K(157248K)->0K(157248K) Eden: 74433K(139776K)->0K(139776K) From: 10240K(17472K)->0K(17472K)
[2024-08-23T15:32:54.552+0800] GC(330) Tenured: 114433K(349568K)->175873K(349568K)
[2024-08-23T15:32:54.552+0800] GC(330) Metaspace: 308K(512K)->308K(512K) NonClass: 301K(384K)->301K(384K) Class: 7K(128K)->7K(128K)
[2024-08-23T15:32:54.552+0800] GC(330) Pause Young (Allocation Failure) 194M->171M(494M) 6.839ms
[2024-08-23T15:32:54.552+0800] GC(330) User=0.00s Sys=0.00s Real=0.01s
[2024-08-23T15:32:55.545+0800] GC(331) Pause Young (Allocation Failure)
[2024-08-23T15:32:55.545+0800] GC(331) DefNew: 135879K(157248K)->10240K(157248K) Eden: 135879K(139776K)->0K(139776K) From: 0K(17472K)->10240K(17472K)
[2024-08-23T15:32:55.545+0800] GC(331) Tenured: 175873K(349568K)->175873K(349568K)
[2024-08-23T15:32:55.545+0800] GC(331) Metaspace: 308K(512K)->308K(512K) NonClass: 301K(384K)->301K(384K) Class: 7K(128K)->7K(128K)
[2024-08-23T15:32:55.545+0800] GC(331) Pause Young (Allocation Failure) 304M->181M(494M) 1.040ms
[2024-08-23T15:32:55.545+0800] GC(331) User=0.00s Sys=0.00s Real=0.00s
[2024-08-23T15:32:55.982+0800] GC(332) Pause Young (Allocation Failure)
[2024-08-23T15:32:55.988+0800] GC(332) DefNew: 105152K(157248K)->0K(157248K) Eden: 94912K(139776K)->0K(139776K) From: 10240K(17472K)->0K(17472K)
[2024-08-23T15:32:55.988+0800] GC(332) Tenured: 175873K(349568K)->252673K(349568K)
[2024-08-23T15:32:55.988+0800] GC(332) Metaspace: 308K(512K)->308K(512K) NonClass: 301K(384K)->301K(384K) Class: 7K(128K)->7K(128K)
[2024-08-23T15:32:55.988+0800] GC(332) Pause Young (Allocation Failure) 274M->246M(494M) 6.250ms
[2024-08-23T15:32:55.988+0800] GC(332) User=0.00s Sys=0.00s Real=0.01s
[2024-08-23T15:32:56.980+0800] GC(333) Pause Young (Allocation Failure)
[2024-08-23T15:32:56.980+0800] GC(333) Pause Young (Allocation Failure) 379M->379M(494M) 0.058ms
[2024-08-23T15:32:56.980+0800] GC(333) User=0.00s Sys=0.00s Real=0.00s
[2024-08-23T15:32:56.980+0800] GC(334) Pause Full (Allocation Failure)
[2024-08-23T15:32:56.980+0800] GC(334) Phase 1: Mark live objects
[2024-08-23T15:32:56.980+0800] GC(334) Phase 1: Mark live objects 0.605ms
[2024-08-23T15:32:56.980+0800] GC(334) Phase 2: Compute new object addresses
[2024-08-23T15:32:56.981+0800] GC(334) Phase 2: Compute new object addresses 0.154ms
[2024-08-23T15:32:56.981+0800] GC(334) Phase 3: Adjust pointers
[2024-08-23T15:32:56.981+0800] GC(334) Phase 3: Adjust pointers 0.350ms
[2024-08-23T15:32:56.981+0800] GC(334) Phase 4: Move objects
[2024-08-23T15:32:56.984+0800] GC(334) Phase 4: Move objects 3.443ms
[2024-08-23T15:32:56.984+0800] GC(334) DefNew: 135880K(157248K)->0K(157248K) Eden: 135880K(139776K)->0K(139776K) From: 0K(17472K)->0K(17472K)
[2024-08-23T15:32:56.984+0800] GC(334) Tenured: 252673K(349568K)->46849K(349568K)
[2024-08-23T15:32:56.984+0800] GC(334) Metaspace: 308K(512K)->308K(512K) NonClass: 301K(384K)->301K(384K) Class: 7K(128K)->7K(128K)
[2024-08-23T15:32:56.984+0800] GC(334) Pause Full (Allocation Failure) 379M->45M(494M) 4.698ms
[2024-08-23T15:32:56.984+0800] GC(334) User=0.00s Sys=0.00s Real=0.00s
[2024-08-23T15:32:58.617+0800] GC(335) Pause Young (Allocation Failure)
[2024-08-23T15:32:58.617+0800] GC(335) DefNew: 135872K(157248K)->15360K(157248K) Eden: 135872K(139776K)->0K(139776K) From: 0K(17472K)->15360K(17472K)
[2024-08-23T15:32:58.617+0800] GC(335) Tenured: 46849K(349568K)->46849K(349568K)
[2024-08-23T15:32:58.617+0800] GC(335) Metaspace: 308K(512K)->308K(512K) NonClass: 301K(384K)->301K(384K) Class: 7K(128K)->7K(128K)
[2024-08-23T15:32:58.617+0800] GC(335) Pause Young (Allocation Failure) 178M->60M(494M) 1.314ms
[2024-08-23T15:32:58.617+0800] GC(335) User=0.00s Sys=0.00s Real=0.00s
[2024-08-23T15:32:58.834+0800] GC(336) Pause Young (Allocation Failure)
[2024-08-23T15:32:58.839+0800] GC(336) DefNew: 89802K(157248K)->0K(157248K) Eden: 74442K(139776K)->0K(139776K) From: 15360K(17472K)->0K(17472K)
[2024-08-23T15:32:58.839+0800] GC(336) Tenured: 46849K(349568K)->103169K(349568K)
[2024-08-23T15:32:58.839+0800] GC(336) Metaspace: 308K(512K)->308K(512K) NonClass: 301K(384K)->301K(384K) Class: 7K(128K)->7K(128K)
[2024-08-23T15:32:58.839+0800] GC(336) Pause Young (Allocation Failure) 133M->100M(494M) 4.979ms
[2024-08-23T15:32:58.839+0800] GC(336) User=0.00s Sys=0.00s Real=0.00s
[2024-08-23T15:32:59.817+0800] GC(337) Pause Young (Allocation Failure)
[2024-08-23T15:32:59.825+0800] GC(337) DefNew: 135857K(157248K)->10240K(157248K) Eden: 135857K(139776K)->0K(139776K) From: 0K(17472K)->10240K(17472K)
[2024-08-23T15:32:59.825+0800] GC(337) Tenured: 103169K(349568K)->205569K(349568K)
[2024-08-23T15:32:59.825+0800] GC(337) Metaspace: 308K(512K)->308K(512K) NonClass: 301K(384K)->301K(384K) Class: 7K(128K)->7K(128K)
[2024-08-23T15:32:59.825+0800] GC(337) Pause Young (Allocation Failure) 233M->210M(494M) 9.191ms
[2024-08-23T15:32:59.825+0800] GC(337) User=0.00s Sys=0.00s Real=0.01s
[2024-08-23T15:33:00.252+0800] GC(338) Pause Young (Allocation Failure)
[2024-08-23T15:33:00.256+0800] GC(338) DefNew: 105138K(157248K)->0K(157248K) Eden: 94898K(139776K)->0K(139776K) From: 10240K(17472K)->0K(17472K)
[2024-08-23T15:33:00.257+0800] GC(338) Tenured: 205569K(349568K)->261889K(349568K)
[2024-08-23T15:33:00.257+0800] GC(338) Metaspace: 308K(512K)->308K(512K) NonClass: 301K(384K)->301K(384K) Class: 7K(128K)->7K(128K)
[2024-08-23T15:33:00.257+0800] GC(338) Pause Young (Allocation Failure) 303M->255M(494M) 4.645ms
[2024-08-23T15:33:00.257+0800] GC(338) User=0.00s Sys=0.00s Real=0.00s
[2024-08-23T15:33:02.001+0800] GC(339) Pause Young (Allocation Failure)
[2024-08-23T15:33:02.001+0800] GC(339) Pause Young (Allocation Failure) 390M->390M(494M) 0.069ms
[2024-08-23T15:33:02.001+0800] GC(339) User=0.00s Sys=0.00s Real=0.00s
[2024-08-23T15:33:02.001+0800] GC(340) Pause Full (Allocation Failure)
[2024-08-23T15:33:02.001+0800] GC(340) Phase 1: Mark live objects
[2024-08-23T15:33:02.001+0800] GC(340) Phase 1: Mark live objects 0.616ms
[2024-08-23T15:33:02.001+0800] GC(340) Phase 2: Compute new object addresses
[2024-08-23T15:33:02.001+0800] GC(340) Phase 2: Compute new object addresses 0.142ms
[2024-08-23T15:33:02.001+0800] GC(340) Phase 3: Adjust pointers
[2024-08-23T15:33:02.002+0800] GC(340) Phase 3: Adjust pointers 0.342ms
[2024-08-23T15:33:02.002+0800] GC(340) Phase 4: Move objects
[2024-08-23T15:33:02.002+0800] GC(340) Phase 4: Move objects 0.101ms
[2024-08-23T15:33:02.002+0800] GC(340) DefNew: 137919K(157248K)->0K(157248K) Eden: 137919K(139776K)->0K(139776K) From: 0K(17472K)->0K(17472K)
[2024-08-23T15:33:02.002+0800] GC(340) Tenured: 261889K(349568K)->1793K(349568K)
[2024-08-23T15:33:02.002+0800] GC(340) Metaspace: 308K(512K)->308K(512K) NonClass: 301K(384K)->301K(384K) Class: 7K(128K)->7K(128K)
[2024-08-23T15:33:02.002+0800] GC(340) Pause Full (Allocation Failure) 390M->1M(494M) 1.339ms
[2024-08-23T15:33:02.002+0800] GC(340) User=0.00s Sys=0.00s Real=0.00s
[2024-08-23T15:33:03.093+0800] GC(341) Pause Young (Allocation Failure)
[2024-08-23T15:33:03.098+0800] GC(341) DefNew: 125627K(157248K)->10240K(157248K) Eden: 125627K(139776K)->0K(139776K) From: 0K(17472K)->10240K(17472K)
[2024-08-23T15:33:03.098+0800] GC(341) Tenured: 1793K(349568K)->52993K(349568K)
[2024-08-23T15:33:03.098+0800] GC(341) Metaspace: 308K(512K)->308K(512K) NonClass: 301K(384K)->301K(384K) Class: 7K(128K)->7K(128K)
[2024-08-23T15:33:03.098+0800] GC(341) Pause Young (Allocation Failure) 124M->61M(494M) 4.990ms
[2024-08-23T15:33:03.098+0800] GC(341) User=0.00s Sys=0.00s Real=0.01s
[2024-08-23T15:33:04.076+0800] GC(342) Pause Young (Allocation Failure)
[2024-08-23T15:33:04.076+0800] GC(342) DefNew: 146118K(157248K)->10240K(157248K) Eden: 135878K(139776K)->0K(139776K) From: 10240K(17472K)->10240K(17472K)
[2024-08-23T15:33:04.076+0800] GC(342) Tenured: 52993K(349568K)->63233K(349568K)
[2024-08-23T15:33:04.076+0800] GC(342) Metaspace: 308K(512K)->308K(512K) NonClass: 301K(384K)->301K(384K) Class: 7K(128K)->7K(128K)
[2024-08-23T15:33:04.076+0800] GC(342) Pause Young (Allocation Failure) 194M->71M(494M) 1.840ms
[2024-08-23T15:33:04.076+0800] GC(342) User=0.00s Sys=0.00s Real=0.00s
[2024-08-23T15:33:04.512+0800] GC(343) Pause Young (Allocation Failure)
[2024-08-23T15:33:04.517+0800] GC(343) DefNew: 105151K(157248K)->10240K(157248K) Eden: 94911K(139776K)->0K(139776K) From: 10240K(17472K)->10240K(17472K)
[2024-08-23T15:33:04.517+0800] GC(343) Tenured: 63233K(349568K)->119553K(349568K)
[2024-08-23T15:33:04.517+0800] GC(343) Metaspace: 308K(512K)->308K(512K) NonClass: 301K(384K)->301K(384K) Class: 7K(128K)->7K(128K)
[2024-08-23T15:33:04.517+0800] GC(343) Pause Young (Allocation Failure) 164M->126M(494M) 5.481ms
[2024-08-23T15:33:04.517+0800] GC(343) User=0.00s Sys=0.00s Real=0.00s
[2024-08-23T15:33:05.725+0800] GC(344) Pause Young (Allocation Failure)
[2024-08-23T15:33:05.726+0800] GC(344) DefNew: 135879K(157248K)->10240K(157248K) Eden: 125639K(139776K)->0K(139776K) From: 10240K(17472K)->10240K(17472K)
[2024-08-23T15:33:05.726+0800] GC(344) Tenured: 119553K(349568K)->119553K(349568K)
[2024-08-23T15:33:05.726+0800] GC(344) Metaspace: 308K(512K)->308K(512K) NonClass: 301K(384K)->301K(384K) Class: 7K(128K)->7K(128K)
[2024-08-23T15:33:05.726+0800] GC(344) Pause Young (Allocation Failure) 249M->126M(494M) 1.150ms
[2024-08-23T15:33:05.726+0800] GC(344) User=0.00s Sys=0.00s Real=0.00s
[2024-08-23T15:33:05.943+0800] GC(345) Pause Young (Allocation Failure)
[2024-08-23T15:33:05.949+0800] GC(345) DefNew: 84670K(157248K)->0K(157248K) Eden: 74430K(139776K)->0K(139776K) From: 10240K(17472K)->0K(17472K)
[2024-08-23T15:33:05.949+0800] GC(345) Tenured: 119553K(349568K)->191233K(349568K)
[2024-08-23T15:33:05.949+0800] GC(345) Metaspace: 308K(512K)->308K(512K) NonClass: 301K(384K)->301K(384K) Class: 7K(128K)->7K(128K)
[2024-08-23T15:33:05.949+0800] GC(345) Pause Young (Allocation Failure) 199M->186M(494M) 6.854ms
[2024-08-23T15:33:05.949+0800] GC(345) User=0.00s Sys=0.00s Real=0.01s
[2024-08-23T15:33:06.942+0800] GC(346) Pause Young (Allocation Failure)
[2024-08-23T15:33:06.942+0800] GC(346) DefNew: 135877K(157248K)->10240K(157248K) Eden: 135877K(139776K)->0K(139776K) From: 0K(17472K)->10240K(17472K)
[2024-08-23T15:33:06.942+0800] GC(346) Tenured: 191233K(349568K)->191233K(349568K)
[2024-08-23T15:33:06.942+0800] GC(346) Metaspace: 308K(512K)->308K(512K) NonClass: 301K(384K)->301K(384K) Class: 7K(128K)->7K(128K)
[2024-08-23T15:33:06.942+0800] GC(346) Pause Young (Allocation Failure) 319M->196M(494M) 1.125ms
[2024-08-23T15:33:06.942+0800] GC(346) User=0.00s Sys=0.00s Real=0.00s
[2024-08-23T15:33:07.379+0800] GC(347) Pause Young (Allocation Failure)
[2024-08-23T15:33:07.383+0800] GC(347) DefNew: 105150K(157248K)->0K(157248K) Eden: 94910K(139776K)->0K(139776K) From: 10240K(17472K)->0K(17472K)
[2024-08-23T15:33:07.383+0800] GC(347) Tenured: 191233K(349568K)->247553K(349568K)
[2024-08-23T15:33:07.383+0800] GC(347) Metaspace: 308K(512K)->308K(512K) NonClass: 301K(384K)->301K(384K) Class: 7K(128K)->7K(128K)
[2024-08-23T15:33:07.383+0800] GC(347) Pause Young (Allocation Failure) 289M->241M(494M) 4.498ms
[2024-08-23T15:33:07.383+0800] GC(347) User=0.00s Sys=0.00s Real=0.00s
[2024-08-23T15:33:08.361+0800] GC(348) Pause Young (Allocation Failure)
[2024-08-23T15:33:08.361+0800] GC(348) Pause Young (Allocation Failure) 374M->374M(494M) 0.083ms
[2024-08-23T15:33:08.361+0800] GC(348) User=0.00s Sys=0.00s Real=0.00s
[2024-08-23T15:33:08.361+0800] GC(349) Pause Full (Allocation Failure)
[2024-08-23T15:33:08.361+0800] GC(349) Phase 1: Mark live objects
[2024-08-23T15:33:08.361+0800] GC(349) Phase 1: Mark live objects 0.638ms
[2024-08-23T15:33:08.361+0800] GC(349) Phase 2: Compute new object addresses
[2024-08-23T15:33:08.362+0800] GC(349) Phase 2: Compute new object addresses 0.153ms
[2024-08-23T15:33:08.362+0800] GC(349) Phase 3: Adjust pointers
[2024-08-23T15:33:08.362+0800] GC(349) Phase 3: Adjust pointers 0.339ms
[2024-08-23T15:33:08.362+0800] GC(349) Phase 4: Move objects
[2024-08-23T15:33:08.368+0800] GC(349) Phase 4: Move objects 6.407ms
[2024-08-23T15:33:08.368+0800] GC(349) DefNew: 135879K(157248K)->0K(157248K) Eden: 135879K(139776K)->0K(139776K) From: 0K(17472K)->0K(17472K)
[2024-08-23T15:33:08.368+0800] GC(349) Tenured: 247553K(349568K)->87809K(349568K)
[2024-08-23T15:33:08.368+0800] GC(349) Metaspace: 308K(512K)->308K(512K) NonClass: 301K(384K)->301K(384K) Class: 7K(128K)->7K(128K)
[2024-08-23T15:33:08.368+0800] GC(349) Pause Full (Allocation Failure) 374M->85M(494M) 7.689ms
[2024-08-23T15:33:08.368+0800] GC(349) User=0.00s Sys=0.00s Real=0.01s
[2024-08-23T15:33:08.799+0800] GC(350) Pause Young (Allocation Failure)
[2024-08-23T15:33:08.802+0800] GC(350) DefNew: 94912K(157248K)->0K(157248K) Eden: 94912K(139776K)->0K(139776K) From: 0K(17472K)->0K(17472K)
[2024-08-23T15:33:08.802+0800] GC(350) Tenured: 87809K(349568K)->139009K(349568K)
[2024-08-23T15:33:08.802+0800] GC(350) Metaspace: 308K(512K)->308K(512K) NonClass: 301K(384K)->301K(384K) Class: 7K(128K)->7K(128K)
[2024-08-23T15:33:08.802+0800] GC(350) Pause Young (Allocation Failure) 178M->135M(494M) 4.282ms
[2024-08-23T15:33:08.802+0800] GC(350) User=0.00s Sys=0.00s Real=0.00s
[2024-08-23T15:33:09.892+0800] GC(351) Pause Young (Allocation Failure)
[2024-08-23T15:33:09.893+0800] GC(351) DefNew: 130760K(157248K)->15360K(157248K) Eden: 130760K(139776K)->0K(139776K) From: 0K(17472K)->15360K(17472K)
[2024-08-23T15:33:09.893+0800] GC(351) Tenured: 139009K(349568K)->139009K(349568K)
[2024-08-23T15:33:09.893+0800] GC(351) Metaspace: 308K(512K)->308K(512K) NonClass: 301K(384K)->301K(384K) Class: 7K(128K)->7K(128K)
[2024-08-23T15:33:09.893+0800] GC(351) Pause Young (Allocation Failure) 263M->150M(494M) 1.435ms
[2024-08-23T15:33:09.893+0800] GC(351) User=0.00s Sys=0.00s Real=0.00s
[2024-08-23T15:33:10.221+0800] GC(352) Pause Young (Allocation Failure)
[2024-08-23T15:33:10.225+0800] GC(352) DefNew: 100031K(157248K)->0K(157248K) Eden: 84671K(139776K)->0K(139776K) From: 15360K(17472K)->0K(17472K)
[2024-08-23T15:33:10.225+0800] GC(352) Tenured: 139009K(349568K)->195329K(349568K)
[2024-08-23T15:33:10.225+0800] GC(352) Metaspace: 308K(512K)->308K(512K) NonClass: 301K(384K)->301K(384K) Class: 7K(128K)->7K(128K)
[2024-08-23T15:33:10.225+0800] GC(352) Pause Young (Allocation Failure) 233M->190M(494M) 4.727ms
[2024-08-23T15:33:10.225+0800] GC(352) User=0.00s Sys=0.00s Real=0.00s
[2024-08-23T15:33:11.206+0800] GC(353) Pause Young (Allocation Failure)
[2024-08-23T15:33:11.206+0800] GC(353) DefNew: 135855K(157248K)->6144K(157248K) Eden: 135855K(139776K)->0K(139776K) From: 0K(17472K)->6144K(17472K)
[2024-08-23T15:33:11.206+0800] GC(353) Tenured: 195329K(349568K)->195329K(349568K)
[2024-08-23T15:33:11.206+0800] GC(353) Metaspace: 308K(512K)->308K(512K) NonClass: 301K(384K)->301K(384K) Class: 7K(128K)->7K(128K)
[2024-08-23T15:33:11.206+0800] GC(353) Pause Young (Allocation Failure) 323M->196M(494M) 0.694ms
[2024-08-23T15:33:11.206+0800] GC(353) User=0.00s Sys=0.00s Real=0.00s
[2024-08-23T15:33:11.643+0800] GC(354) Pause Young (Allocation Failure)
[2024-08-23T15:33:11.648+0800] GC(354) DefNew: 101040K(157248K)->6144K(157248K) Eden: 94896K(139776K)->0K(139776K) From: 6144K(17472K)->6144K(17472K)
[2024-08-23T15:33:11.648+0800] GC(354) Tenured: 195329K(349568K)->246529K(349568K)
[2024-08-23T15:33:11.648+0800] GC(354) Metaspace: 308K(512K)->308K(512K) NonClass: 301K(384K)->301K(384K) Class: 7K(128K)->7K(128K)
[2024-08-23T15:33:11.648+0800] GC(354) Pause Young (Allocation Failure) 289M->246M(494M) 4.935ms
[2024-08-23T15:33:11.648+0800] GC(354) User=0.00s Sys=0.00s Real=0.01s
[2024-08-23T15:33:12.641+0800] GC(355) Pause Young (Allocation Failure)
[2024-08-23T15:33:12.641+0800] GC(355) Pause Young (Allocation Failure) 379M->379M(494M) 0.087ms
[2024-08-23T15:33:12.641+0800] GC(355) User=0.00s Sys=0.00s Real=0.00s
[2024-08-23T15:33:12.641+0800] GC(356) Pause Full (Allocation Failure)
[2024-08-23T15:33:12.641+0800] GC(356) Phase 1: Mark live objects
[2024-08-23T15:33:12.641+0800] GC(356) Phase 1: Mark live objects 0.601ms
[2024-08-23T15:33:12.641+0800] GC(356) Phase 2: Compute new object addresses
[2024-08-23T15:33:12.642+0800] GC(356) Phase 2: Compute new object addresses 0.140ms
[2024-08-23T15:33:12.642+0800] GC(356) Phase 3: Adjust pointers
[2024-08-23T15:33:12.642+0800] GC(356) Phase 3: Adjust pointers 0.329ms
[2024-08-23T15:33:12.642+0800] GC(356) Phase 4: Move objects
[2024-08-23T15:33:12.643+0800] GC(356) Phase 4: Move objects 1.469ms
[2024-08-23T15:33:12.643+0800] GC(356) DefNew: 142014K(157248K)->0K(157248K) Eden: 135870K(139776K)->0K(139776K) From: 6144K(17472K)->0K(17472K)
[2024-08-23T15:33:12.643+0800] GC(356) Tenured: 246529K(349568K)->18177K(349568K)
[2024-08-23T15:33:12.643+0800] GC(356) Metaspace: 308K(512K)->308K(512K) NonClass: 301K(384K)->301K(384K) Class: 7K(128K)->7K(128K)
[2024-08-23T15:33:12.644+0800] GC(356) Pause Full (Allocation Failure) 379M->17M(494M) 2.697ms
[2024-08-23T15:33:12.644+0800] GC(356) User=0.00s Sys=0.00s Real=0.00s
[2024-08-23T15:33:14.497+0800] GC(357) Pause Young (Allocation Failure)
[2024-08-23T15:33:14.502+0800] GC(357) DefNew: 135866K(157248K)->15360K(157248K) Eden: 135866K(139776K)->0K(139776K) From: 0K(17472K)->15360K(17472K)
[2024-08-23T15:33:14.502+0800] GC(357) Tenured: 18177K(349568K)->69377K(349568K)
[2024-08-23T15:33:14.502+0800] GC(357) Metaspace: 308K(512K)->308K(512K) NonClass: 301K(384K)->301K(384K) Class: 7K(128K)->7K(128K)
[2024-08-23T15:33:14.502+0800] GC(357) Pause Young (Allocation Failure) 150M->82M(494M) 5.311ms
[2024-08-23T15:33:14.502+0800] GC(357) User=0.00s Sys=0.00s Real=0.01s
[2024-08-23T15:33:15.477+0800] GC(358) Pause Young (Allocation Failure)
[2024-08-23T15:33:15.479+0800] GC(358) DefNew: 151238K(157248K)->10240K(157248K) Eden: 135878K(139776K)->0K(139776K) From: 15360K(17472K)->10240K(17472K)
[2024-08-23T15:33:15.479+0800] GC(358) Tenured: 69377K(349568K)->84737K(349568K)
[2024-08-23T15:33:15.479+0800] GC(358) Metaspace: 308K(512K)->308K(512K) NonClass: 301K(384K)->301K(384K) Class: 7K(128K)->7K(128K)
[2024-08-23T15:33:15.479+0800] GC(358) Pause Young (Allocation Failure) 215M->92M(494M) 2.163ms
[2024-08-23T15:33:15.479+0800] GC(358) User=0.00s Sys=0.00s Real=0.00s
[2024-08-23T15:33:15.914+0800] GC(359) Pause Young (Allocation Failure)
[2024-08-23T15:33:15.920+0800] GC(359) DefNew: 105159K(157248K)->0K(157248K) Eden: 94919K(139776K)->0K(139776K) From: 10240K(17472K)->0K(17472K)
[2024-08-23T15:33:15.920+0800] GC(359) Tenured: 84737K(349568K)->161537K(349568K)
[2024-08-23T15:33:15.920+0800] GC(359) Metaspace: 308K(512K)->308K(512K) NonClass: 301K(384K)->301K(384K) Class: 7K(128K)->7K(128K)
[2024-08-23T15:33:15.920+0800] GC(359) Pause Young (Allocation Failure) 185M->157M(494M) 6.570ms
[2024-08-23T15:33:15.920+0800] GC(359) User=0.00s Sys=0.00s Real=0.01s
[2024-08-23T15:33:17.131+0800] GC(360) Pause Young (Allocation Failure)
[2024-08-23T15:33:17.131+0800] GC(360) DefNew: 120524K(157248K)->5120K(157248K) Eden: 120524K(139776K)->0K(139776K) From: 0K(17472K)->5120K(17472K)
[2024-08-23T15:33:17.131+0800] GC(360) Tenured: 161537K(349568K)->161537K(349568K)
[2024-08-23T15:33:17.131+0800] GC(360) Metaspace: 308K(512K)->308K(512K) NonClass: 301K(384K)->301K(384K) Class: 7K(128K)->7K(128K)
[2024-08-23T15:33:17.131+0800] GC(360) Pause Young (Allocation Failure) 275M->162M(494M) 0.620ms
[2024-08-23T15:33:17.131+0800] GC(360) User=0.00s Sys=0.00s Real=0.00s
[2024-08-23T15:33:17.350+0800] GC(361) Pause Young (Allocation Failure)
[2024-08-23T15:33:17.354+0800] GC(361) DefNew: 79552K(157248K)->0K(157248K) Eden: 74432K(139776K)->0K(139776K) From: 5120K(17472K)->0K(17472K)
[2024-08-23T15:33:17.354+0800] GC(361) Tenured: 161537K(349568K)->212737K(349568K)
[2024-08-23T15:33:17.354+0800] GC(361) Metaspace: 308K(512K)->308K(512K) NonClass: 301K(384K)->301K(384K) Class: 7K(128K)->7K(128K)
[2024-08-23T15:33:17.354+0800] GC(361) Pause Young (Allocation Failure) 235M->207M(494M) 4.588ms
[2024-08-23T15:33:17.354+0800] GC(361) User=0.00s Sys=0.00s Real=0.00s
[2024-08-23T15:33:18.345+0800] GC(362) Pause Young (Allocation Failure)
[2024-08-23T15:33:18.345+0800] GC(362) DefNew: 135878K(157248K)->10240K(157248K) Eden: 135878K(139776K)->0K(139776K) From: 0K(17472K)->10240K(17472K)
[2024-08-23T15:33:18.345+0800] GC(362) Tenured: 212737K(349568K)->212737K(349568K)
[2024-08-23T15:33:18.345+0800] GC(362) Metaspace: 308K(512K)->308K(512K) NonClass: 301K(384K)->301K(384K) Class: 7K(128K)->7K(128K)
[2024-08-23T15:33:18.345+0800] GC(362) Pause Young (Allocation Failure) 340M->217M(494M) 1.097ms
[2024-08-23T15:33:18.345+0800] GC(362) User=0.00s Sys=0.00s Real=0.00s
[2024-08-23T15:33:18.782+0800] GC(363) Pause Young (Allocation Failure)
[2024-08-23T15:33:18.786+0800] GC(363) DefNew: 105151K(157248K)->0K(157248K) Eden: 94911K(139776K)->0K(139776K) From: 10240K(17472K)->0K(17472K)
[2024-08-23T15:33:18.786+0800] GC(363) Tenured: 212737K(349568K)->269057K(349568K)
[2024-08-23T15:33:18.786+0800] GC(363) Metaspace: 308K(512K)->308K(512K) NonClass: 301K(384K)->301K(384K) Class: 7K(128K)->7K(128K)
[2024-08-23T15:33:18.786+0800] GC(363) Pause Young (Allocation Failure) 310M->262M(494M) 4.516ms
[2024-08-23T15:33:18.786+0800] GC(363) User=0.00s Sys=0.00s Real=0.00s
[2024-08-23T15:33:19.779+0800] GC(364) Pause Young (Allocation Failure)
[2024-08-23T15:33:19.779+0800] GC(364) Pause Young (Allocation Failure) 395M->395M(494M) 0.080ms
[2024-08-23T15:33:19.779+0800] GC(364) User=0.00s Sys=0.00s Real=0.00s
[2024-08-23T15:33:19.779+0800] GC(365) Pause Full (Allocation Failure)
[2024-08-23T15:33:19.779+0800] GC(365) Phase 1: Mark live objects
[2024-08-23T15:33:19.779+0800] GC(365) Phase 1: Mark live objects 0.610ms
[2024-08-23T15:33:19.779+0800] GC(365) Phase 2: Compute new object addresses
[2024-08-23T15:33:19.779+0800] GC(365) Phase 2: Compute new object addresses 0.149ms
[2024-08-23T15:33:19.779+0800] GC(365) Phase 3: Adjust pointers
[2024-08-23T15:33:19.779+0800] GC(365) Phase 3: Adjust pointers 0.342ms
[2024-08-23T15:33:19.779+0800] GC(365) Phase 4: Move objects
[2024-08-23T15:33:19.793+0800] GC(365) Phase 4: Move objects 12.894ms
[2024-08-23T15:33:19.793+0800] GC(365) DefNew: 135879K(157248K)->0K(157248K) Eden: 135879K(139776K)->0K(139776K) From: 0K(17472K)->0K(17472K)
[2024-08-23T15:33:19.793+0800] GC(365) Tenured: 269057K(349568K)->169729K(349568K)
[2024-08-23T15:33:19.793+0800] GC(365) Metaspace: 308K(512K)->308K(512K) NonClass: 301K(384K)->301K(384K) Class: 7K(128K)->7K(128K)
[2024-08-23T15:33:19.793+0800] GC(365) Pause Full (Allocation Failure) 395M->165M(494M) 14.151ms
[2024-08-23T15:33:19.793+0800] GC(365) User=0.00s Sys=0.00s Real=0.01s
[2024-08-23T15:33:20.230+0800] GC(366) Pause Young (Allocation Failure)
[2024-08-23T15:33:20.234+0800] GC(366) DefNew: 94912K(157248K)->0K(157248K) Eden: 94912K(139776K)->0K(139776K) From: 0K(17472K)->0K(17472K)
[2024-08-23T15:33:20.234+0800] GC(366) Tenured: 169729K(349568K)->220929K(349568K)
[2024-08-23T15:33:20.234+0800] GC(366) Metaspace: 308K(512K)->308K(512K) NonClass: 301K(384K)->301K(384K) Class: 7K(128K)->7K(128K)
[2024-08-23T15:33:20.234+0800] GC(366) Pause Young (Allocation Failure) 258M->215M(494M) 4.253ms
[2024-08-23T15:33:20.234+0800] GC(366) User=0.00s Sys=0.00s Real=0.00s
[2024-08-23T15:33:21.431+0800] GC(367) Pause Young (Allocation Failure)
[2024-08-23T15:33:21.431+0800] GC(367) DefNew: 135880K(157248K)->15360K(157248K) Eden: 135880K(139776K)->0K(139776K) From: 0K(17472K)->15360K(17472K)
[2024-08-23T15:33:21.431+0800] GC(367) Tenured: 220929K(349568K)->220929K(349568K)
[2024-08-23T15:33:21.431+0800] GC(367) Metaspace: 308K(512K)->308K(512K) NonClass: 301K(384K)->301K(384K) Class: 7K(128K)->7K(128K)
[2024-08-23T15:33:21.431+0800] GC(367) Pause Young (Allocation Failure) 348M->230M(494M) 1.430ms
[2024-08-23T15:33:21.431+0800] GC(367) User=0.00s Sys=0.00s Real=0.00s
[2024-08-23T15:33:21.649+0800] GC(368) Pause Young (Allocation Failure)
[2024-08-23T15:33:21.653+0800] GC(368) DefNew: 89792K(157248K)->0K(157248K) Eden: 74432K(139776K)->0K(139776K) From: 15360K(17472K)->0K(17472K)
[2024-08-23T15:33:21.653+0800] GC(368) Tenured: 220929K(349568K)->277249K(349568K)
[2024-08-23T15:33:21.653+0800] GC(368) Metaspace: 308K(512K)->308K(512K) NonClass: 301K(384K)->301K(384K) Class: 7K(128K)->7K(128K)
[2024-08-23T15:33:21.653+0800] GC(368) Pause Young (Allocation Failure) 303M->270M(494M) 4.804ms
[2024-08-23T15:33:21.653+0800] GC(368) User=0.00s Sys=0.00s Real=0.00s
[2024-08-23T15:33:22.632+0800] GC(369) Pause Young (Allocation Failure)
[2024-08-23T15:33:22.632+0800] GC(369) Pause Young (Allocation Failure) 403M->403M(494M) 0.073ms
[2024-08-23T15:33:22.632+0800] GC(369) User=0.00s Sys=0.00s Real=0.00s
[2024-08-23T15:33:22.632+0800] GC(370) Pause Full (Allocation Failure)
[2024-08-23T15:33:22.632+0800] GC(370) Phase 1: Mark live objects
[2024-08-23T15:33:22.632+0800] GC(370) Phase 1: Mark live objects 0.595ms
[2024-08-23T15:33:22.632+0800] GC(370) Phase 2: Compute new object addresses
[2024-08-23T15:33:22.633+0800] GC(370) Phase 2: Compute new object addresses 0.135ms
[2024-08-23T15:33:22.633+0800] GC(370) Phase 3: Adjust pointers
[2024-08-23T15:33:22.633+0800] GC(370) Phase 3: Adjust pointers 0.328ms
[2024-08-23T15:33:22.633+0800] GC(370) Phase 4: Move objects
[2024-08-23T15:33:22.634+0800] GC(370) Phase 4: Move objects 0.877ms
[2024-08-23T15:33:22.634+0800] GC(370) DefNew: 135865K(157248K)->0K(157248K) Eden: 135865K(139776K)->0K(139776K) From: 0K(17472K)->0K(17472K)
[2024-08-23T15:33:22.634+0800] GC(370) Tenured: 277249K(349568K)->12033K(349568K)
[2024-08-23T15:33:22.634+0800] GC(370) Metaspace: 308K(512K)->308K(512K) NonClass: 301K(384K)->301K(384K) Class: 7K(128K)->7K(128K)
[2024-08-23T15:33:22.634+0800] GC(370) Pause Full (Allocation Failure) 403M->11M(494M) 2.069ms
[2024-08-23T15:33:22.634+0800] GC(370) User=0.00s Sys=0.00s Real=0.00s
[2024-08-23T15:33:23.069+0800] GC(371) Pause Young (Allocation Failure)
[2024-08-23T15:33:23.074+0800] GC(371) DefNew: 94903K(157248K)->10240K(157248K) Eden: 94903K(139776K)->0K(139776K) From: 0K(17472K)->10240K(17472K)
[2024-08-23T15:33:23.074+0800] GC(371) Tenured: 12033K(349568K)->63233K(349568K)
[2024-08-23T15:33:23.074+0800] GC(371) Metaspace: 308K(512K)->308K(512K) NonClass: 301K(384K)->301K(384K) Class: 7K(128K)->7K(128K)
[2024-08-23T15:33:23.074+0800] GC(371) Pause Young (Allocation Failure) 104M->71M(494M) 5.062ms
[2024-08-23T15:33:23.074+0800] GC(371) User=0.00s Sys=0.00s Real=0.00s
[2024-08-23T15:33:24.060+0800] GC(372) Pause Young (Allocation Failure)
[2024-08-23T15:33:24.061+0800] GC(372) DefNew: 146114K(157248K)->10240K(157248K) Eden: 135874K(139776K)->0K(139776K) From: 10240K(17472K)->10240K(17472K)
[2024-08-23T15:33:24.061+0800] GC(372) Tenured: 63233K(349568K)->73473K(349568K)
[2024-08-23T15:33:24.061+0800] GC(372) Metaspace: 308K(512K)->308K(512K) NonClass: 301K(384K)->301K(384K) Class: 7K(128K)->7K(128K)
[2024-08-23T15:33:24.061+0800] GC(372) Pause Young (Allocation Failure) 204M->81M(494M) 1.711ms
[2024-08-23T15:33:24.061+0800] GC(372) User=0.00s Sys=0.00s Real=0.00s
[2024-08-23T15:33:25.803+0800] GC(373) Pause Young (Allocation Failure)
[2024-08-23T15:33:25.805+0800] GC(373) DefNew: 105149K(157248K)->5120K(157248K) Eden: 94909K(139776K)->0K(139776K) From: 10240K(17472K)->5120K(17472K)
[2024-08-23T15:33:25.805+0800] GC(373) Tenured: 73473K(349568K)->93953K(349568K)
[2024-08-23T15:33:25.805+0800] GC(373) Metaspace: 308K(512K)->308K(512K) NonClass: 301K(384K)->301K(384K) Class: 7K(128K)->7K(128K)
[2024-08-23T15:33:25.805+0800] GC(373) Pause Young (Allocation Failure) 174M->96M(494M) 2.871ms
[2024-08-23T15:33:25.805+0800] GC(373) User=0.00s Sys=0.00s Real=0.00s
[2024-08-23T15:33:25.913+0800] GC(374) Pause Young (Allocation Failure)
[2024-08-23T15:33:25.916+0800] GC(374) DefNew: 59078K(157248K)->5120K(157248K) Eden: 53958K(139776K)->0K(139776K) From: 5120K(17472K)->5120K(17472K)
[2024-08-23T15:33:25.916+0800] GC(374) Tenured: 93953K(349568K)->145153K(349568K)
[2024-08-23T15:33:25.916+0800] GC(374) Metaspace: 308K(512K)->308K(512K) NonClass: 301K(384K)->301K(384K) Class: 7K(128K)->7K(128K)
[2024-08-23T15:33:25.917+0800] GC(374) Pause Young (Allocation Failure) 149M->146M(494M) 4.440ms
[2024-08-23T15:33:25.917+0800] GC(374) User=0.00s Sys=0.00s Real=0.00s
[2024-08-23T15:33:26.909+0800] GC(375) Pause Young (Allocation Failure)
[2024-08-23T15:33:26.910+0800] GC(375) DefNew: 140998K(157248K)->15360K(157248K) Eden: 135878K(139776K)->0K(139776K) From: 5120K(17472K)->15360K(17472K)
[2024-08-23T15:33:26.910+0800] GC(375) Tenured: 145153K(349568K)->145153K(349568K)
[2024-08-23T15:33:26.910+0800] GC(375) Metaspace: 308K(512K)->308K(512K) NonClass: 301K(384K)->301K(384K) Class: 7K(128K)->7K(128K)
[2024-08-23T15:33:26.910+0800] GC(375) Pause Young (Allocation Failure) 279M->156M(494M) 1.465ms
[2024-08-23T15:33:26.910+0800] GC(375) User=0.00s Sys=0.00s Real=0.00s
[2024-08-23T15:33:27.343+0800] GC(376) Pause Young (Allocation Failure)
[2024-08-23T15:33:27.349+0800] GC(376) DefNew: 110271K(157248K)->0K(157248K) Eden: 94911K(139776K)->0K(139776K) From: 15360K(17472K)->0K(17472K)
[2024-08-23T15:33:27.349+0800] GC(376) Tenured: 145153K(349568K)->206593K(349568K)
[2024-08-23T15:33:27.349+0800] GC(376) Metaspace: 308K(512K)->308K(512K) NonClass: 301K(384K)->301K(384K) Class: 7K(128K)->7K(128K)
[2024-08-23T15:33:27.349+0800] GC(376) Pause Young (Allocation Failure) 249M->201M(494M) 6.550ms
[2024-08-23T15:33:27.349+0800] GC(376) User=0.00s Sys=0.00s Real=0.01s
[2024-08-23T15:33:28.653+0800] GC(377) Pause Young (Allocation Failure)
[2024-08-23T15:33:28.653+0800] GC(377) DefNew: 125639K(157248K)->5120K(157248K) Eden: 125639K(139776K)->0K(139776K) From: 0K(17472K)->5120K(17472K)
[2024-08-23T15:33:28.653+0800] GC(377) Tenured: 206593K(349568K)->206593K(349568K)
[2024-08-23T15:33:28.653+0800] GC(377) Metaspace: 308K(512K)->308K(512K) NonClass: 301K(384K)->301K(384K) Class: 7K(128K)->7K(128K)
[2024-08-23T15:33:28.653+0800] GC(377) Pause Young (Allocation Failure) 324M->206M(494M) 0.613ms
[2024-08-23T15:33:28.653+0800] GC(377) User=0.00s Sys=0.00s Real=0.00s
[2024-08-23T15:33:28.762+0800] GC(378) Pause Young (Allocation Failure)
[2024-08-23T15:33:28.767+0800] GC(378) DefNew: 59070K(157248K)->0K(157248K) Eden: 53950K(139776K)->0K(139776K) From: 5120K(17472K)->0K(17472K)
[2024-08-23T15:33:28.767+0800] GC(378) Tenured: 206593K(349568K)->257793K(349568K)
[2024-08-23T15:33:28.767+0800] GC(378) Metaspace: 308K(512K)->308K(512K) NonClass: 301K(384K)->301K(384K) Class: 7K(128K)->7K(128K)
[2024-08-23T15:33:28.767+0800] GC(378) Pause Young (Allocation Failure) 259M->251M(494M) 5.445ms
[2024-08-23T15:33:28.767+0800] GC(378) User=0.00s Sys=0.00s Real=0.00s
[2024-08-23T15:33:29.743+0800] GC(379) Pause Young (Allocation Failure)
[2024-08-23T15:33:29.743+0800] GC(379) Pause Young (Allocation Failure) 384M->384M(494M) 0.065ms
[2024-08-23T15:33:29.743+0800] GC(379) User=0.00s Sys=0.00s Real=0.00s
[2024-08-23T15:33:29.743+0800] GC(380) Pause Full (Allocation Failure)
[2024-08-23T15:33:29.743+0800] GC(380) Phase 1: Mark live objects
[2024-08-23T15:33:29.743+0800] GC(380) Phase 1: Mark live objects 0.761ms
[2024-08-23T15:33:29.743+0800] GC(380) Phase 2: Compute new object addresses
[2024-08-23T15:33:29.744+0800] GC(380) Phase 2: Compute new object addresses 0.177ms
[2024-08-23T15:33:29.744+0800] GC(380) Phase 3: Adjust pointers
[2024-08-23T15:33:29.744+0800] GC(380) Phase 3: Adjust pointers 0.344ms
[2024-08-23T15:33:29.744+0800] GC(380) Phase 4: Move objects
[2024-08-23T15:33:29.753+0800] GC(380) Phase 4: Move objects 9.122ms
[2024-08-23T15:33:29.753+0800] GC(380) DefNew: 135870K(157248K)->0K(157248K) Eden: 135870K(139776K)->0K(139776K) From: 0K(17472K)->0K(17472K)
[2024-08-23T15:33:29.753+0800] GC(380) Tenured: 257793K(349568K)->113409K(349568K)
[2024-08-23T15:33:29.753+0800] GC(380) Metaspace: 308K(512K)->308K(512K) NonClass: 301K(384K)->301K(384K) Class: 7K(128K)->7K(128K)
[2024-08-23T15:33:29.753+0800] GC(380) Pause Full (Allocation Failure) 384M->110M(494M) 10.590ms
[2024-08-23T15:33:29.753+0800] GC(380) User=0.00s Sys=0.00s Real=0.01s
[2024-08-23T15:33:30.194+0800] GC(381) Pause Young (Allocation Failure)
[2024-08-23T15:33:30.197+0800] GC(381) DefNew: 94906K(157248K)->0K(157248K) Eden: 94906K(139776K)->0K(139776K) From: 0K(17472K)->0K(17472K)
[2024-08-23T15:33:30.197+0800] GC(381) Tenured: 113409K(349568K)->164609K(349568K)
[2024-08-23T15:33:30.197+0800] GC(381) Metaspace: 308K(512K)->308K(512K) NonClass: 301K(384K)->301K(384K) Class: 7K(128K)->7K(128K)
[2024-08-23T15:33:30.197+0800] GC(381) Pause Young (Allocation Failure) 203M->160M(494M) 4.077ms
[2024-08-23T15:33:30.197+0800] GC(381) User=0.00s Sys=0.00s Real=0.00s
[2024-08-23T15:33:31.174+0800] GC(382) Pause Young (Allocation Failure)
[2024-08-23T15:33:31.175+0800] GC(382) DefNew: 135876K(157248K)->6144K(157248K) Eden: 135876K(139776K)->0K(139776K) From: 0K(17472K)->6144K(17472K)
[2024-08-23T15:33:31.175+0800] GC(382) Tenured: 164609K(349568K)->164609K(349568K)
[2024-08-23T15:33:31.175+0800] GC(382) Metaspace: 308K(512K)->308K(512K) NonClass: 301K(384K)->301K(384K) Class: 7K(128K)->7K(128K)
[2024-08-23T15:33:31.175+0800] GC(382) Pause Young (Allocation Failure) 293M->166M(494M) 0.727ms
[2024-08-23T15:33:31.175+0800] GC(382) User=0.00s Sys=0.00s Real=0.00s
[2024-08-23T15:33:31.612+0800] GC(383) Pause Young (Allocation Failure)
[2024-08-23T15:33:31.616+0800] GC(383) DefNew: 101054K(157248K)->6144K(157248K) Eden: 94910K(139776K)->0K(139776K) From: 6144K(17472K)->6144K(17472K)
[2024-08-23T15:33:31.616+0800] GC(383) Tenured: 164609K(349568K)->215809K(349568K)
[2024-08-23T15:33:31.617+0800] GC(383) Metaspace: 308K(512K)->308K(512K) NonClass: 301K(384K)->301K(384K) Class: 7K(128K)->7K(128K)
[2024-08-23T15:33:31.617+0800] GC(383) Pause Young (Allocation Failure) 259M->216M(494M) 4.898ms
[2024-08-23T15:33:31.617+0800] GC(383) User=0.00s Sys=0.00s Real=0.01s
[2024-08-23T15:33:32.809+0800] GC(384) Pause Young (Allocation Failure)
[2024-08-23T15:33:32.811+0800] GC(384) DefNew: 136903K(157248K)->10240K(157248K) Eden: 130759K(139776K)->0K(139776K) From: 6144K(17472K)->10240K(17472K)
[2024-08-23T15:33:32.811+0800] GC(384) Tenured: 215809K(349568K)->226049K(349568K)
[2024-08-23T15:33:32.811+0800] GC(384) Metaspace: 308K(512K)->308K(512K) NonClass: 301K(384K)->301K(384K) Class: 7K(128K)->7K(128K)
[2024-08-23T15:33:32.811+0800] GC(384) Pause Young (Allocation Failure) 344M->230M(494M) 1.911ms
[2024-08-23T15:33:32.811+0800] GC(384) User=0.00s Sys=0.00s Real=0.00s
[2024-08-23T15:33:33.027+0800] GC(385) Pause Young (Allocation Failure)
[2024-08-23T15:33:33.031+0800] GC(385) DefNew: 84671K(157248K)->0K(157248K) Eden: 74431K(139776K)->0K(139776K) From: 10240K(17472K)->0K(17472K)
[2024-08-23T15:33:33.031+0800] GC(385) Tenured: 226049K(349568K)->277249K(349568K)
[2024-08-23T15:33:33.031+0800] GC(385) Metaspace: 308K(512K)->308K(512K) NonClass: 301K(384K)->301K(384K) Class: 7K(128K)->7K(128K)
[2024-08-23T15:33:33.031+0800] GC(385) Pause Young (Allocation Failure) 303M->270M(494M) 3.951ms
[2024-08-23T15:33:33.031+0800] GC(385) User=0.00s Sys=0.00s Real=0.00s
[2024-08-23T15:33:34.009+0800] GC(386) Pause Young (Allocation Failure)
[2024-08-23T15:33:34.009+0800] GC(386) Pause Young (Allocation Failure) 403M->403M(494M) 0.057ms
[2024-08-23T15:33:34.009+0800] GC(386) User=0.00s Sys=0.00s Real=0.00s
[2024-08-23T15:33:34.009+0800] GC(387) Pause Full (Allocation Failure)
[2024-08-23T15:33:34.009+0800] GC(387) Phase 1: Mark live objects
[2024-08-23T15:33:34.009+0800] GC(387) Phase 1: Mark live objects 0.594ms
[2024-08-23T15:33:34.009+0800] GC(387) Phase 2: Compute new object addresses
[2024-08-23T15:33:34.009+0800] GC(387) Phase 2: Compute new object addresses 0.141ms
[2024-08-23T15:33:34.009+0800] GC(387) Phase 3: Adjust pointers
[2024-08-23T15:33:34.010+0800] GC(387) Phase 3: Adjust pointers 0.335ms
[2024-08-23T15:33:34.010+0800] GC(387) Phase 4: Move objects
[2024-08-23T15:33:34.011+0800] GC(387) Phase 4: Move objects 1.659ms
[2024-08-23T15:33:34.011+0800] GC(387) DefNew: 135877K(157248K)->0K(157248K) Eden: 135877K(139776K)->0K(139776K) From: 0K(17472K)->0K(17472K)
[2024-08-23T15:33:34.011+0800] GC(387) Tenured: 277249K(349568K)->21249K(349568K)
[2024-08-23T15:33:34.011+0800] GC(387) Metaspace: 308K(512K)->308K(512K) NonClass: 301K(384K)->301K(384K) Class: 7K(128K)->7K(128K)
[2024-08-23T15:33:34.011+0800] GC(387) Pause Full (Allocation Failure) 403M->20M(494M) 2.882ms
[2024-08-23T15:33:34.011+0800] GC(387) User=0.00s Sys=0.00s Real=0.00s
[2024-08-23T15:33:34.446+0800] GC(388) Pause Young (Allocation Failure)
[2024-08-23T15:33:34.451+0800] GC(388) DefNew: 94910K(157248K)->10240K(157248K) Eden: 94910K(139776K)->0K(139776K) From: 0K(17472K)->10240K(17472K)
[2024-08-23T15:33:34.451+0800] GC(388) Tenured: 21249K(349568K)->72449K(349568K)
[2024-08-23T15:33:34.451+0800] GC(388) Metaspace: 308K(512K)->308K(512K) NonClass: 301K(384K)->301K(384K) Class: 7K(128K)->7K(128K)
[2024-08-23T15:33:34.451+0800] GC(388) Pause Young (Allocation Failure) 113M->80M(494M) 5.081ms
[2024-08-23T15:33:34.451+0800] GC(388) User=0.00s Sys=0.00s Real=0.00s
[2024-08-23T15:33:35.443+0800] GC(389) Pause Young (Allocation Failure)
[2024-08-23T15:33:35.445+0800] GC(389) DefNew: 146119K(157248K)->10240K(157248K) Eden: 135879K(139776K)->0K(139776K) From: 10240K(17472K)->10240K(17472K)
[2024-08-23T15:33:35.445+0800] GC(389) Tenured: 72449K(349568K)->82689K(349568K)
[2024-08-23T15:33:35.445+0800] GC(389) Metaspace: 308K(512K)->308K(512K) NonClass: 301K(384K)->301K(384K) Class: 7K(128K)->7K(128K)
[2024-08-23T15:33:35.445+0800] GC(389) Pause Young (Allocation Failure) 213M->90M(494M) 1.930ms
[2024-08-23T15:33:35.445+0800] GC(389) User=0.00s Sys=0.00s Real=0.00s
[2024-08-23T15:33:37.186+0800] GC(390) Pause Young (Allocation Failure)
[2024-08-23T15:33:37.188+0800] GC(390) DefNew: 120512K(157248K)->5120K(157248K) Eden: 110272K(139776K)->0K(139776K) From: 10240K(17472K)->5120K(17472K)
[2024-08-23T15:33:37.188+0800] GC(390) Tenured: 82689K(349568K)->103169K(349568K)
[2024-08-23T15:33:37.188+0800] GC(390) Metaspace: 308K(512K)->308K(512K) NonClass: 301K(384K)->301K(384K) Class: 7K(128K)->7K(128K)
[2024-08-23T15:33:37.188+0800] GC(390) Pause Young (Allocation Failure) 198M->105M(494M) 2.332ms
[2024-08-23T15:33:37.188+0800] GC(390) User=0.00s Sys=0.00s Real=0.00s
[2024-08-23T15:33:37.295+0800] GC(391) Pause Young (Allocation Failure)
[2024-08-23T15:33:37.299+0800] GC(391) DefNew: 59081K(157248K)->5120K(157248K) Eden: 53961K(139776K)->0K(139776K) From: 5120K(17472K)->5120K(17472K)
[2024-08-23T15:33:37.300+0800] GC(391) Tenured: 103169K(349568K)->154369K(349568K)
[2024-08-23T15:33:37.300+0800] GC(391) Metaspace: 308K(512K)->308K(512K) NonClass: 301K(384K)->301K(384K) Class: 7K(128K)->7K(128K)
[2024-08-23T15:33:37.300+0800] GC(391) Pause Young (Allocation Failure) 158M->155M(494M) 4.490ms
[2024-08-23T15:33:37.300+0800] GC(391) User=0.00s Sys=0.00s Real=0.00s
[2024-08-23T15:33:38.278+0800] GC(392) Pause Young (Allocation Failure)
[2024-08-23T15:33:38.279+0800] GC(392) DefNew: 141001K(157248K)->15360K(157248K) Eden: 135881K(139776K)->0K(139776K) From: 5120K(17472K)->15360K(17472K)
[2024-08-23T15:33:38.279+0800] GC(392) Tenured: 154369K(349568K)->154369K(349568K)
[2024-08-23T15:33:38.279+0800] GC(392) Metaspace: 308K(512K)->308K(512K) NonClass: 301K(384K)->301K(384K) Class: 7K(128K)->7K(128K)
[2024-08-23T15:33:38.279+0800] GC(392) Pause Young (Allocation Failure) 288M->165M(494M) 1.358ms
[2024-08-23T15:33:38.279+0800] GC(392) User=0.00s Sys=0.00s Real=0.00s
[2024-08-23T15:33:38.712+0800] GC(393) Pause Young (Allocation Failure)
[2024-08-23T15:33:38.717+0800] GC(393) DefNew: 110273K(157248K)->0K(157248K) Eden: 94913K(139776K)->0K(139776K) From: 15360K(17472K)->0K(17472K)
[2024-08-23T15:33:38.717+0800] GC(393) Tenured: 154369K(349568K)->215809K(349568K)
[2024-08-23T15:33:38.717+0800] GC(393) Metaspace: 308K(512K)->308K(512K) NonClass: 301K(384K)->301K(384K) Class: 7K(128K)->7K(128K)
[2024-08-23T15:33:38.717+0800] GC(393) Pause Young (Allocation Failure) 258M->210M(494M) 5.869ms
[2024-08-23T15:33:38.717+0800] GC(393) User=0.00s Sys=0.00s Real=0.01s
[2024-08-23T15:33:40.145+0800] GC(394) Pause Young (Allocation Failure)
[2024-08-23T15:33:40.146+0800] GC(394) DefNew: 130760K(157248K)->5120K(157248K) Eden: 130760K(139776K)->0K(139776K) From: 0K(17472K)->5120K(17472K)
[2024-08-23T15:33:40.146+0800] GC(394) Tenured: 215809K(349568K)->215809K(349568K)
[2024-08-23T15:33:40.146+0800] GC(394) Metaspace: 308K(512K)->308K(512K) NonClass: 301K(384K)->301K(384K) Class: 7K(128K)->7K(128K)
[2024-08-23T15:33:40.146+0800] GC(394) Pause Young (Allocation Failure) 338M->215M(494M) 0.901ms
[2024-08-23T15:33:40.146+0800] GC(394) User=0.00s Sys=0.00s Real=0.00s
[2024-08-23T15:33:41.124+0800] GC(395) Pause Young (Allocation Failure)
[2024-08-23T15:33:41.124+0800] GC(395) DefNew: 140992K(157248K)->6144K(157248K) Eden: 135872K(139776K)->0K(139776K) From: 5120K(17472K)->6144K(17472K)
[2024-08-23T15:33:41.124+0800] GC(395) Tenured: 215809K(349568K)->215809K(349568K)
[2024-08-23T15:33:41.124+0800] GC(395) Metaspace: 308K(512K)->308K(512K) NonClass: 301K(384K)->301K(384K) Class: 7K(128K)->7K(128K)
[2024-08-23T15:33:41.124+0800] GC(395) Pause Young (Allocation Failure) 348M->216M(494M) 0.679ms
[2024-08-23T15:33:41.124+0800] GC(395) User=0.00s Sys=0.00s Real=0.00s
[2024-08-23T15:33:41.562+0800] GC(396) Pause Young (Allocation Failure)
[2024-08-23T15:33:41.566+0800] GC(396) DefNew: 101066K(157248K)->6144K(157248K) Eden: 94922K(139776K)->0K(139776K) From: 6144K(17472K)->6144K(17472K)
[2024-08-23T15:33:41.566+0800] GC(396) Tenured: 215809K(349568K)->267009K(349568K)
[2024-08-23T15:33:41.566+0800] GC(396) Metaspace: 308K(512K)->308K(512K) NonClass: 301K(384K)->301K(384K) Class: 7K(128K)->7K(128K)
[2024-08-23T15:33:41.566+0800] GC(396) Pause Young (Allocation Failure) 309M->266M(494M) 4.493ms
[2024-08-23T15:33:41.566+0800] GC(396) User=0.00s Sys=0.00s Real=0.00s
[2024-08-23T15:33:42.543+0800] GC(397) Pause Young (Allocation Failure)
[2024-08-23T15:33:42.543+0800] GC(397) Pause Young (Allocation Failure) 399M->399M(494M) 0.060ms
[2024-08-23T15:33:42.543+0800] GC(397) User=0.00s Sys=0.00s Real=0.00s
[2024-08-23T15:33:42.543+0800] GC(398) Pause Full (Allocation Failure)
[2024-08-23T15:33:42.543+0800] GC(398) Phase 1: Mark live objects
[2024-08-23T15:33:42.543+0800] GC(398) Phase 1: Mark live objects 0.584ms
[2024-08-23T15:33:42.543+0800] GC(398) Phase 2: Compute new object addresses
[2024-08-23T15:33:42.544+0800] GC(398) Phase 2: Compute new object addresses 0.133ms
[2024-08-23T15:33:42.544+0800] GC(398) Phase 3: Adjust pointers
[2024-08-23T15:33:42.544+0800] GC(398) Phase 3: Adjust pointers 0.327ms
[2024-08-23T15:33:42.544+0800] GC(398) Phase 4: Move objects
[2024-08-23T15:33:42.545+0800] GC(398) Phase 4: Move objects 0.984ms
[2024-08-23T15:33:42.545+0800] GC(398) DefNew: 142030K(157248K)->0K(157248K) Eden: 135886K(139776K)->0K(139776K) From: 6144K(17472K)->0K(17472K)
[2024-08-23T15:33:42.545+0800] GC(398) Tenured: 267009K(349568K)->13057K(349568K)
[2024-08-23T15:33:42.545+0800] GC(398) Metaspace: 308K(512K)->308K(512K) NonClass: 301K(384K)->301K(384K) Class: 7K(128K)->7K(128K)
[2024-08-23T15:33:42.545+0800] GC(398) Pause Full (Allocation Failure) 399M->12M(494M) 2.173ms
[2024-08-23T15:33:42.545+0800] GC(398) User=0.00s Sys=0.00s Real=0.00s
[2024-08-23T15:33:42.981+0800] GC(399) Pause Young (Allocation Failure)
[2024-08-23T15:33:42.986+0800] GC(399) DefNew: 94916K(157248K)->10240K(157248K) Eden: 94916K(139776K)->0K(139776K) From: 0K(17472K)->10240K(17472K)
[2024-08-23T15:33:42.986+0800] GC(399) Tenured: 13057K(349568K)->64257K(349568K)
[2024-08-23T15:33:42.986+0800] GC(399) Metaspace: 308K(512K)->308K(512K) NonClass: 301K(384K)->301K(384K) Class: 7K(128K)->7K(128K)
[2024-08-23T15:33:42.986+0800] GC(399) Pause Young (Allocation Failure) 105M->72M(494M) 5.176ms
[2024-08-23T15:33:42.986+0800] GC(399) User=0.00s Sys=0.00s Real=0.01s
[2024-08-23T15:33:44.192+0800] GC(400) Pause Young (Allocation Failure)
[2024-08-23T15:33:44.193+0800] GC(400) DefNew: 141003K(157248K)->10240K(157248K) Eden: 130763K(139776K)->0K(139776K) From: 10240K(17472K)->10240K(17472K)
[2024-08-23T15:33:44.193+0800] GC(400) Tenured: 64257K(349568K)->64257K(349568K)
[2024-08-23T15:33:44.193+0800] GC(400) Metaspace: 308K(512K)->308K(512K) NonClass: 301K(384K)->301K(384K) Class: 7K(128K)->7K(128K)
[2024-08-23T15:33:44.193+0800] GC(400) Pause Young (Allocation Failure) 200M->72M(494M) 1.275ms
[2024-08-23T15:33:44.193+0800] GC(400) User=0.00s Sys=0.00s Real=0.00s
[2024-08-23T15:33:44.408+0800] GC(401) Pause Young (Allocation Failure)
[2024-08-23T15:33:44.412+0800] GC(401) DefNew: 84673K(157248K)->0K(157248K) Eden: 74433K(139776K)->0K(139776K) From: 10240K(17472K)->0K(17472K)
[2024-08-23T15:33:44.412+0800] GC(401) Tenured: 64257K(349568K)->125697K(349568K)
[2024-08-23T15:33:44.412+0800] GC(401) Metaspace: 308K(512K)->308K(512K) NonClass: 301K(384K)->301K(384K) Class: 7K(128K)->7K(128K)
[2024-08-23T15:33:44.412+0800] GC(401) Pause Young (Allocation Failure) 145M->122M(494M) 4.753ms
[2024-08-23T15:33:44.412+0800] GC(401) User=0.00s Sys=0.00s Real=0.00s
[2024-08-23T15:33:45.389+0800] GC(402) Pause Young (Allocation Failure)
[2024-08-23T15:33:45.390+0800] GC(402) DefNew: 135879K(157248K)->10240K(157248K) Eden: 135879K(139776K)->0K(139776K) From: 0K(17472K)->10240K(17472K)
[2024-08-23T15:33:45.390+0800] GC(402) Tenured: 125697K(349568K)->125697K(349568K)
[2024-08-23T15:33:45.390+0800] GC(402) Metaspace: 308K(512K)->308K(512K) NonClass: 301K(384K)->301K(384K) Class: 7K(128K)->7K(128K)
[2024-08-23T15:33:45.390+0800] GC(402) Pause Young (Allocation Failure) 255M->132M(494M) 1.174ms
[2024-08-23T15:33:45.390+0800] GC(402) User=0.00s Sys=0.00s Real=0.00s
[2024-08-23T15:33:45.826+0800] GC(403) Pause Young (Allocation Failure)
[2024-08-23T15:33:45.832+0800] GC(403) DefNew: 105152K(157248K)->0K(157248K) Eden: 94912K(139776K)->0K(139776K) From: 10240K(17472K)->0K(17472K)
[2024-08-23T15:33:45.832+0800] GC(403) Tenured: 125697K(349568K)->202497K(349568K)
[2024-08-23T15:33:45.832+0800] GC(403) Metaspace: 308K(512K)->308K(512K) NonClass: 301K(384K)->301K(384K) Class: 7K(128K)->7K(128K)
[2024-08-23T15:33:45.832+0800] GC(403) Pause Young (Allocation Failure) 225M->197M(494M) 7.291ms
[2024-08-23T15:33:45.832+0800] GC(403) User=0.00s Sys=0.00s Real=0.01s
[2024-08-23T15:33:46.819+0800] GC(404) Pause Young (Allocation Failure)
[2024-08-23T15:33:46.820+0800] GC(404) DefNew: 135880K(157248K)->10240K(157248K) Eden: 135880K(139776K)->0K(139776K) From: 0K(17472K)->10240K(17472K)
[2024-08-23T15:33:46.820+0800] GC(404) Tenured: 202497K(349568K)->202497K(349568K)
[2024-08-23T15:33:46.820+0800] GC(404) Metaspace: 308K(512K)->308K(512K) NonClass: 301K(384K)->301K(384K) Class: 7K(128K)->7K(128K)
[2024-08-23T15:33:46.820+0800] GC(404) Pause Young (Allocation Failure) 330M->207M(494M) 1.087ms
[2024-08-23T15:33:46.820+0800] GC(404) User=0.00s Sys=0.00s Real=0.00s
[2024-08-23T15:33:48.454+0800] GC(405) Pause Young (Allocation Failure)
[2024-08-23T15:33:48.455+0800] GC(405) DefNew: 146112K(157248K)->15360K(157248K) Eden: 135872K(139776K)->0K(139776K) From: 10240K(17472K)->15360K(17472K)
[2024-08-23T15:33:48.455+0800] GC(405) Tenured: 202497K(349568K)->202497K(349568K)
[2024-08-23T15:33:48.455+0800] GC(405) Metaspace: 308K(512K)->308K(512K) NonClass: 301K(384K)->301K(384K) Class: 7K(128K)->7K(128K)
[2024-08-23T15:33:48.455+0800] GC(405) Pause Young (Allocation Failure) 340M->212M(494M) 1.332ms
[2024-08-23T15:33:48.455+0800] GC(405) User=0.00s Sys=0.00s Real=0.00s
[2024-08-23T15:33:48.674+0800] GC(406) Pause Young (Allocation Failure)
[2024-08-23T15:33:48.678+0800] GC(406) DefNew: 89802K(157248K)->0K(157248K) Eden: 74442K(139776K)->0K(139776K) From: 15360K(17472K)->0K(17472K)
[2024-08-23T15:33:48.678+0800] GC(406) Tenured: 202497K(349568K)->258817K(349568K)
[2024-08-23T15:33:48.678+0800] GC(406) Metaspace: 308K(512K)->308K(512K) NonClass: 301K(384K)->301K(384K) Class: 7K(128K)->7K(128K)
[2024-08-23T15:33:48.678+0800] GC(406) Pause Young (Allocation Failure) 285M->252M(494M) 4.739ms
[2024-08-23T15:33:48.678+0800] GC(406) User=0.00s Sys=0.00s Real=0.00s
[2024-08-23T15:33:49.653+0800] GC(407) Pause Young (Allocation Failure)
[2024-08-23T15:33:49.653+0800] GC(407) Pause Young (Allocation Failure) 385M->385M(494M) 0.061ms
[2024-08-23T15:33:49.653+0800] GC(407) User=0.00s Sys=0.00s Real=0.00s
[2024-08-23T15:33:49.653+0800] GC(408) Pause Full (Allocation Failure)
[2024-08-23T15:33:49.653+0800] GC(408) Phase 1: Mark live objects
[2024-08-23T15:33:49.653+0800] GC(408) Phase 1: Mark live objects 0.604ms
[2024-08-23T15:33:49.653+0800] GC(408) Phase 2: Compute new object addresses
[2024-08-23T15:33:49.654+0800] GC(408) Phase 2: Compute new object addresses 0.148ms
[2024-08-23T15:33:49.654+0800] GC(408) Phase 3: Adjust pointers
[2024-08-23T15:33:49.654+0800] GC(408) Phase 3: Adjust pointers 0.331ms
[2024-08-23T15:33:49.654+0800] GC(408) Phase 4: Move objects
[2024-08-23T15:33:49.662+0800] GC(408) Phase 4: Move objects 8.838ms
[2024-08-23T15:33:49.662+0800] GC(408) DefNew: 135857K(157248K)->0K(157248K) Eden: 135857K(139776K)->0K(139776K) From: 0K(17472K)->0K(17472K)
[2024-08-23T15:33:49.662+0800] GC(408) Tenured: 258817K(349568K)->118529K(349568K)
[2024-08-23T15:33:49.662+0800] GC(408) Metaspace: 308K(512K)->308K(512K) NonClass: 301K(384K)->301K(384K) Class: 7K(128K)->7K(128K)
[2024-08-23T15:33:49.662+0800] GC(408) Pause Full (Allocation Failure) 385M->115M(494M) 10.079ms
[2024-08-23T15:33:49.662+0800] GC(408) User=0.00s Sys=0.00s Real=0.01s
[2024-08-23T15:33:50.106+0800] GC(409) Pause Young (Allocation Failure)
[2024-08-23T15:33:50.109+0800] GC(409) DefNew: 94898K(157248K)->0K(157248K) Eden: 94898K(139776K)->0K(139776K) From: 0K(17472K)->0K(17472K)
[2024-08-23T15:33:50.109+0800] GC(409) Tenured: 118529K(349568K)->169729K(349568K)
[2024-08-23T15:33:50.109+0800] GC(409) Metaspace: 308K(512K)->308K(512K) NonClass: 301K(384K)->301K(384K) Class: 7K(128K)->7K(128K)
[2024-08-23T15:33:50.109+0800] GC(409) Pause Young (Allocation Failure) 208M->165M(494M) 3.972ms
[2024-08-23T15:33:50.109+0800] GC(409) User=0.00s Sys=0.00s Real=0.00s
[2024-08-23T15:33:51.851+0800] GC(410) Pause Young (Allocation Failure)
[2024-08-23T15:33:51.851+0800] GC(410) DefNew: 137919K(157248K)->1024K(157248K) Eden: 137919K(139776K)->0K(139776K) From: 0K(17472K)->1024K(17472K)
[2024-08-23T15:33:51.851+0800] GC(410) Tenured: 169729K(349568K)->169729K(349568K)
[2024-08-23T15:33:51.851+0800] GC(410) Metaspace: 308K(512K)->308K(512K) NonClass: 301K(384K)->301K(384K) Class: 7K(128K)->7K(128K)
[2024-08-23T15:33:51.851+0800] GC(410) Pause Young (Allocation Failure) 300M->166M(494M) 0.292ms
[2024-08-23T15:33:51.851+0800] GC(410) User=0.00s Sys=0.00s Real=0.00s
[2024-08-23T15:33:52.942+0800] GC(411) Pause Young (Allocation Failure)
[2024-08-23T15:33:52.947+0800] GC(411) DefNew: 126651K(157248K)->11264K(157248K) Eden: 125627K(139776K)->0K(139776K) From: 1024K(17472K)->11264K(17472K)
[2024-08-23T15:33:52.947+0800] GC(411) Tenured: 169729K(349568K)->220929K(349568K)
[2024-08-23T15:33:52.947+0800] GC(411) Metaspace: 308K(512K)->308K(512K) NonClass: 301K(384K)->301K(384K) Class: 7K(128K)->7K(128K)
[2024-08-23T15:33:52.947+0800] GC(411) Pause Young (Allocation Failure) 289M->226M(494M) 5.348ms
[2024-08-23T15:33:52.947+0800] GC(411) User=0.00s Sys=0.00s Real=0.01s
[2024-08-23T15:33:53.937+0800] GC(412) Pause Young (Allocation Failure)
[2024-08-23T15:33:53.939+0800] GC(412) DefNew: 147142K(157248K)->10240K(157248K) Eden: 135878K(139776K)->0K(139776K) From: 11264K(17472K)->10240K(17472K)
[2024-08-23T15:33:53.939+0800] GC(412) Tenured: 220929K(349568K)->232193K(349568K)
[2024-08-23T15:33:53.939+0800] GC(412) Metaspace: 308K(512K)->308K(512K) NonClass: 301K(384K)->301K(384K) Class: 7K(128K)->7K(128K)
[2024-08-23T15:33:53.939+0800] GC(412) Pause Young (Allocation Failure) 359M->236M(494M) 1.954ms
[2024-08-23T15:33:53.939+0800] GC(412) User=0.00s Sys=0.00s Real=0.00s
[2024-08-23T15:33:54.375+0800] GC(413) Pause Young (Allocation Failure)
[2024-08-23T15:33:54.379+0800] GC(413) DefNew: 105151K(157248K)->10240K(157248K) Eden: 94911K(139776K)->0K(139776K) From: 10240K(17472K)->10240K(17472K)
[2024-08-23T15:33:54.379+0800] GC(413) Tenured: 232193K(349568K)->288513K(349568K)
[2024-08-23T15:33:54.379+0800] GC(413) Metaspace: 308K(512K)->308K(512K) NonClass: 301K(384K)->301K(384K) Class: 7K(128K)->7K(128K)
[2024-08-23T15:33:54.379+0800] GC(413) Pause Young (Allocation Failure) 329M->291M(494M) 5.359ms
[2024-08-23T15:33:54.380+0800] GC(413) User=0.00s Sys=0.00s Real=0.01s
[2024-08-23T15:33:55.586+0800] GC(414) Pause Young (Allocation Failure)
[2024-08-23T15:33:55.586+0800] GC(414) Pause Young (Allocation Failure) 414M->414M(494M) 0.061ms
[2024-08-23T15:33:55.586+0800] GC(414) User=0.00s Sys=0.00s Real=0.00s
[2024-08-23T15:33:55.586+0800] GC(415) Pause Full (Allocation Failure)
[2024-08-23T15:33:55.586+0800] GC(415) Phase 1: Mark live objects
[2024-08-23T15:33:55.586+0800] GC(415) Phase 1: Mark live objects 0.598ms
[2024-08-23T15:33:55.586+0800] GC(415) Phase 2: Compute new object addresses
[2024-08-23T15:33:55.587+0800] GC(415) Phase 2: Compute new object addresses 0.136ms
[2024-08-23T15:33:55.587+0800] GC(415) Phase 3: Adjust pointers
[2024-08-23T15:33:55.587+0800] GC(415) Phase 3: Adjust pointers 0.335ms
[2024-08-23T15:33:55.587+0800] GC(415) Phase 4: Move objects
[2024-08-23T15:33:55.588+0800] GC(415) Phase 4: Move objects 0.945ms
[2024-08-23T15:33:55.588+0800] GC(415) DefNew: 135879K(157248K)->0K(157248K) Eden: 125639K(139776K)->0K(139776K) From: 10240K(17472K)->0K(17472K)
[2024-08-23T15:33:55.588+0800] GC(415) Tenured: 288513K(349568K)->11009K(349568K)
[2024-08-23T15:33:55.588+0800] GC(415) Metaspace: 308K(512K)->308K(512K) NonClass: 301K(384K)->301K(384K) Class: 7K(128K)->7K(128K)
[2024-08-23T15:33:55.588+0800] GC(415) Pause Full (Allocation Failure) 414M->10M(494M) 2.166ms
[2024-08-23T15:33:55.588+0800] GC(415) User=0.00s Sys=0.00s Real=0.00s
[2024-08-23T15:33:55.805+0800] GC(416) Pause Young (Allocation Failure)
[2024-08-23T15:33:55.810+0800] GC(416) DefNew: 74430K(157248K)->0K(157248K) Eden: 74430K(139776K)->0K(139776K) From: 0K(17472K)->0K(17472K)
[2024-08-23T15:33:55.810+0800] GC(416) Tenured: 11009K(349568K)->82689K(349568K)
[2024-08-23T15:33:55.810+0800] GC(416) Metaspace: 308K(512K)->308K(512K) NonClass: 301K(384K)->301K(384K) Class: 7K(128K)->7K(128K)
[2024-08-23T15:33:55.810+0800] GC(416) Pause Young (Allocation Failure) 83M->80M(494M) 5.818ms
[2024-08-23T15:33:55.810+0800] GC(416) User=0.00s Sys=0.00s Real=0.00s
[2024-08-23T15:33:56.785+0800] GC(417) Pause Young (Allocation Failure)
[2024-08-23T15:33:56.786+0800] GC(417) DefNew: 135877K(157248K)->10240K(157248K) Eden: 135877K(139776K)->0K(139776K) From: 0K(17472K)->10240K(17472K)
[2024-08-23T15:33:56.786+0800] GC(417) Tenured: 82689K(349568K)->82689K(349568K)
[2024-08-23T15:33:56.786+0800] GC(417) Metaspace: 308K(512K)->308K(512K) NonClass: 301K(384K)->301K(384K) Class: 7K(128K)->7K(128K)
[2024-08-23T15:33:56.786+0800] GC(417) Pause Young (Allocation Failure) 213M->90M(494M) 0.958ms
[2024-08-23T15:33:56.786+0800] GC(417) User=0.00s Sys=0.00s Real=0.00s
[2024-08-23T15:33:57.221+0800] GC(418) Pause Young (Allocation Failure)
[2024-08-23T15:33:57.226+0800] GC(418) DefNew: 105150K(157248K)->0K(157248K) Eden: 94910K(139776K)->0K(139776K) From: 10240K(17472K)->0K(17472K)
[2024-08-23T15:33:57.226+0800] GC(418) Tenured: 82689K(349568K)->139009K(349568K)
[2024-08-23T15:33:57.226+0800] GC(418) Metaspace: 308K(512K)->308K(512K) NonClass: 301K(384K)->301K(384K) Class: 7K(128K)->7K(128K)
[2024-08-23T15:33:57.226+0800] GC(418) Pause Young (Allocation Failure) 183M->135M(494M) 4.385ms
[2024-08-23T15:33:57.226+0800] GC(418) User=0.00s Sys=0.00s Real=0.01s
[2024-08-23T15:33:58.204+0800] GC(419) Pause Young (Allocation Failure)
[2024-08-23T15:33:58.205+0800] GC(419) DefNew: 135879K(157248K)->10240K(157248K) Eden: 135879K(139776K)->0K(139776K) From: 0K(17472K)->10240K(17472K)
[2024-08-23T15:33:58.205+0800] GC(419) Tenured: 139009K(349568K)->139009K(349568K)
[2024-08-23T15:33:58.205+0800] GC(419) Metaspace: 308K(512K)->308K(512K) NonClass: 301K(384K)->301K(384K) Class: 7K(128K)->7K(128K)
[2024-08-23T15:33:58.205+0800] GC(419) Pause Young (Allocation Failure) 268M->145M(494M) 1.014ms
[2024-08-23T15:33:58.205+0800] GC(419) User=0.00s Sys=0.00s Real=0.00s
[2024-08-23T15:33:58.641+0800] GC(420) Pause Young (Allocation Failure)
[2024-08-23T15:33:58.645+0800] GC(420) DefNew: 105152K(157248K)->0K(157248K) Eden: 94912K(139776K)->0K(139776K) From: 10240K(17472K)->0K(17472K)
[2024-08-23T15:33:58.645+0800] GC(420) Tenured: 139009K(349568K)->195329K(349568K)
[2024-08-23T15:33:58.645+0800] GC(420) Metaspace: 308K(512K)->308K(512K) NonClass: 301K(384K)->301K(384K) Class: 7K(128K)->7K(128K)
[2024-08-23T15:33:58.645+0800] GC(420) Pause Young (Allocation Failure) 238M->190M(494M) 4.546ms
[2024-08-23T15:33:58.645+0800] GC(420) User=0.00s Sys=0.00s Real=0.00s
[2024-08-23T15:33:59.732+0800] GC(421) Pause Young (Allocation Failure)
[2024-08-23T15:33:59.733+0800] GC(421) DefNew: 130760K(157248K)->15360K(157248K) Eden: 130760K(139776K)->0K(139776K) From: 0K(17472K)->15360K(17472K)
[2024-08-23T15:33:59.733+0800] GC(421) Tenured: 195329K(349568K)->195329K(349568K)
[2024-08-23T15:33:59.733+0800] GC(421) Metaspace: 308K(512K)->308K(512K) NonClass: 301K(384K)->301K(384K) Class: 7K(128K)->7K(128K)
[2024-08-23T15:33:59.733+0800] GC(421) Pause Young (Allocation Failure) 318M->205M(494M) 1.380ms
[2024-08-23T15:33:59.733+0800] GC(421) User=0.00s Sys=0.00s Real=0.00s
[2024-08-23T15:34:00.058+0800] GC(422) Pause Young (Allocation Failure)
[2024-08-23T15:34:00.063+0800] GC(422) DefNew: 100031K(157248K)->0K(157248K) Eden: 84671K(139776K)->0K(139776K) From: 15360K(17472K)->0K(17472K)
[2024-08-23T15:34:00.063+0800] GC(422) Tenured: 195329K(349568K)->251649K(349568K)
[2024-08-23T15:34:00.063+0800] GC(422) Metaspace: 308K(512K)->308K(512K) NonClass: 301K(384K)->301K(384K) Class: 7K(128K)->7K(128K)
[2024-08-23T15:34:00.063+0800] GC(422) Pause Young (Allocation Failure) 288M->245M(494M) 5.298ms
[2024-08-23T15:34:00.063+0800] GC(422) User=0.00s Sys=0.00s Real=0.00s
[2024-08-23T15:34:01.044+0800] GC(423) Pause Young (Allocation Failure)
[2024-08-23T15:34:01.044+0800] GC(423) Pause Young (Allocation Failure) 378M->378M(494M) 0.056ms
[2024-08-23T15:34:01.044+0800] GC(423) User=0.00s Sys=0.00s Real=0.00s
[2024-08-23T15:34:01.044+0800] GC(424) Pause Full (Allocation Failure)
[2024-08-23T15:34:01.044+0800] GC(424) Phase 1: Mark live objects
[2024-08-23T15:34:01.045+0800] GC(424) Phase 1: Mark live objects 0.623ms
[2024-08-23T15:34:01.045+0800] GC(424) Phase 2: Compute new object addresses
[2024-08-23T15:34:01.045+0800] GC(424) Phase 2: Compute new object addresses 0.147ms
[2024-08-23T15:34:01.045+0800] GC(424) Phase 3: Adjust pointers
[2024-08-23T15:34:01.045+0800] GC(424) Phase 3: Adjust pointers 0.346ms
[2024-08-23T15:34:01.045+0800] GC(424) Phase 4: Move objects
[2024-08-23T15:34:01.046+0800] GC(424) Phase 4: Move objects 0.925ms
[2024-08-23T15:34:01.046+0800] GC(424) DefNew: 135855K(157248K)->0K(157248K) Eden: 135855K(139776K)->0K(139776K) From: 0K(17472K)->0K(17472K)
[2024-08-23T15:34:01.046+0800] GC(424) Tenured: 251649K(349568K)->12033K(349568K)
[2024-08-23T15:34:01.046+0800] GC(424) Metaspace: 308K(512K)->308K(512K) NonClass: 301K(384K)->301K(384K) Class: 7K(128K)->7K(128K)
[2024-08-23T15:34:01.046+0800] GC(424) Pause Full (Allocation Failure) 378M->11M(494M) 2.190ms
[2024-08-23T15:34:01.046+0800] GC(424) User=0.00s Sys=0.00s Real=0.00s
[2024-08-23T15:34:01.484+0800] GC(425) Pause Young (Allocation Failure)
[2024-08-23T15:34:01.488+0800] GC(425) DefNew: 94896K(157248K)->0K(157248K) Eden: 94896K(139776K)->0K(139776K) From: 0K(17472K)->0K(17472K)
[2024-08-23T15:34:01.488+0800] GC(425) Tenured: 12033K(349568K)->63233K(349568K)
[2024-08-23T15:34:01.488+0800] GC(425) Metaspace: 308K(512K)->308K(512K) NonClass: 301K(384K)->301K(384K) Class: 7K(128K)->7K(128K)
[2024-08-23T15:34:01.488+0800] GC(425) Pause Young (Allocation Failure) 104M->61M(494M) 4.294ms
[2024-08-23T15:34:01.488+0800] GC(425) User=0.00s Sys=0.00s Real=0.00s
[2024-08-23T15:34:02.478+0800] GC(426) Pause Young (Allocation Failure)
[2024-08-23T15:34:02.479+0800] GC(426) DefNew: 135870K(157248K)->6144K(157248K) Eden: 135870K(139776K)->0K(139776K) From: 0K(17472K)->6144K(17472K)
[2024-08-23T15:34:02.479+0800] GC(426) Tenured: 63233K(349568K)->63233K(349568K)
[2024-08-23T15:34:02.479+0800] GC(426) Metaspace: 308K(512K)->308K(512K) NonClass: 301K(384K)->301K(384K) Class: 7K(128K)->7K(128K)
[2024-08-23T15:34:02.479+0800] GC(426) Pause Young (Allocation Failure) 194M->67M(494M) 0.759ms
[2024-08-23T15:34:02.479+0800] GC(426) User=0.00s Sys=0.00s Real=0.00s
[2024-08-23T15:34:04.326+0800] GC(427) Pause Young (Allocation Failure)
[2024-08-23T15:34:04.331+0800] GC(427) DefNew: 142010K(157248K)->15360K(157248K) Eden: 135866K(139776K)->0K(139776K) From: 6144K(17472K)->15360K(17472K)
[2024-08-23T15:34:04.332+0800] GC(427) Tenured: 63233K(349568K)->114433K(349568K)
[2024-08-23T15:34:04.332+0800] GC(427) Metaspace: 308K(512K)->308K(512K) NonClass: 301K(384K)->301K(384K) Class: 7K(128K)->7K(128K)
[2024-08-23T15:34:04.332+0800] GC(427) Pause Young (Allocation Failure) 200M->126M(494M) 5.358ms
[2024-08-23T15:34:04.332+0800] GC(427) User=0.00s Sys=0.00s Real=0.01s
[2024-08-23T15:34:05.325+0800] GC(428) Pause Young (Allocation Failure)
[2024-08-23T15:34:05.327+0800] GC(428) DefNew: 151238K(157248K)->10240K(157248K) Eden: 135878K(139776K)->0K(139776K) From: 15360K(17472K)->10240K(17472K)
[2024-08-23T15:34:05.327+0800] GC(428) Tenured: 114433K(349568K)->129793K(349568K)
[2024-08-23T15:34:05.327+0800] GC(428) Metaspace: 308K(512K)->308K(512K) NonClass: 301K(384K)->301K(384K) Class: 7K(128K)->7K(128K)
[2024-08-23T15:34:05.327+0800] GC(428) Pause Young (Allocation Failure) 259M->136M(494M) 2.212ms
[2024-08-23T15:34:05.327+0800] GC(428) User=0.00s Sys=0.00s Real=0.00s
[2024-08-23T15:34:05.762+0800] GC(429) Pause Young (Allocation Failure)
[2024-08-23T15:34:05.768+0800] GC(429) DefNew: 105159K(157248K)->0K(157248K) Eden: 94919K(139776K)->0K(139776K) From: 10240K(17472K)->0K(17472K)
[2024-08-23T15:34:05.768+0800] GC(429) Tenured: 129793K(349568K)->206593K(349568K)
[2024-08-23T15:34:05.768+0800] GC(429) Metaspace: 308K(512K)->308K(512K) NonClass: 301K(384K)->301K(384K) Class: 7K(128K)->7K(128K)
[2024-08-23T15:34:05.768+0800] GC(429) Pause Young (Allocation Failure) 229M->201M(494M) 5.986ms
[2024-08-23T15:34:05.768+0800] GC(429) User=0.00s Sys=0.00s Real=0.01s
[2024-08-23T15:34:06.979+0800] GC(430) Pause Young (Allocation Failure)
[2024-08-23T15:34:06.979+0800] GC(430) DefNew: 120524K(157248K)->5120K(157248K) Eden: 120524K(139776K)->0K(139776K) From: 0K(17472K)->5120K(17472K)
[2024-08-23T15:34:06.979+0800] GC(430) Tenured: 206593K(349568K)->206593K(349568K)
[2024-08-23T15:34:06.979+0800] GC(430) Metaspace: 308K(512K)->308K(512K) NonClass: 301K(384K)->301K(384K) Class: 7K(128K)->7K(128K)
[2024-08-23T15:34:06.979+0800] GC(430) Pause Young (Allocation Failure) 319M->206M(494M) 0.634ms
[2024-08-23T15:34:06.979+0800] GC(430) User=0.00s Sys=0.00s Real=0.00s
[2024-08-23T15:34:07.196+0800] GC(431) Pause Young (Allocation Failure)
[2024-08-23T15:34:07.201+0800] GC(431) DefNew: 79552K(157248K)->0K(157248K) Eden: 74432K(139776K)->0K(139776K) From: 5120K(17472K)->0K(17472K)
[2024-08-23T15:34:07.201+0800] GC(431) Tenured: 206593K(349568K)->257793K(349568K)
[2024-08-23T15:34:07.201+0800] GC(431) Metaspace: 308K(512K)->308K(512K) NonClass: 301K(384K)->301K(384K) Class: 7K(128K)->7K(128K)
[2024-08-23T15:34:07.201+0800] GC(431) Pause Young (Allocation Failure) 279M->251M(494M) 5.039ms
[2024-08-23T15:34:07.201+0800] GC(431) User=0.00s Sys=0.00s Real=0.00s
[2024-08-23T15:34:08.184+0800] GC(432) Pause Young (Allocation Failure)
[2024-08-23T15:34:08.184+0800] GC(432) Pause Young (Allocation Failure) 384M->384M(494M) 0.064ms
[2024-08-23T15:34:08.184+0800] GC(432) User=0.00s Sys=0.00s Real=0.00s
[2024-08-23T15:34:08.184+0800] GC(433) Pause Full (Allocation Failure)
[2024-08-23T15:34:08.184+0800] GC(433) Phase 1: Mark live objects
[2024-08-23T15:34:08.184+0800] GC(433) Phase 1: Mark live objects 0.591ms
[2024-08-23T15:34:08.184+0800] GC(433) Phase 2: Compute new object addresses
[2024-08-23T15:34:08.185+0800] GC(433) Phase 2: Compute new object addresses 0.138ms
[2024-08-23T15:34:08.185+0800] GC(433) Phase 3: Adjust pointers
[2024-08-23T15:34:08.185+0800] GC(433) Phase 3: Adjust pointers 0.331ms
[2024-08-23T15:34:08.185+0800] GC(433) Phase 4: Move objects
[2024-08-23T15:34:08.189+0800] GC(433) Phase 4: Move objects 4.819ms
[2024-08-23T15:34:08.189+0800] GC(433) DefNew: 135878K(157248K)->0K(157248K) Eden: 135878K(139776K)->0K(139776K) From: 0K(17472K)->0K(17472K)
[2024-08-23T15:34:08.189+0800] GC(433) Tenured: 257793K(349568K)->62209K(349568K)
[2024-08-23T15:34:08.189+0800] GC(433) Metaspace: 308K(512K)->308K(512K) NonClass: 301K(384K)->301K(384K) Class: 7K(128K)->7K(128K)
[2024-08-23T15:34:08.189+0800] GC(433) Pause Full (Allocation Failure) 384M->60M(494M) 6.027ms
[2024-08-23T15:34:08.189+0800] GC(433) User=0.00s Sys=0.00s Real=0.00s
[2024-08-23T15:34:08.618+0800] GC(434) Pause Young (Allocation Failure)
[2024-08-23T15:34:08.622+0800] GC(434) DefNew: 94911K(157248K)->0K(157248K) Eden: 94911K(139776K)->0K(139776K) From: 0K(17472K)->0K(17472K)
[2024-08-23T15:34:08.622+0800] GC(434) Tenured: 62209K(349568K)->113409K(349568K)
[2024-08-23T15:34:08.622+0800] GC(434) Metaspace: 308K(512K)->308K(512K) NonClass: 301K(384K)->301K(384K) Class: 7K(128K)->7K(128K)
[2024-08-23T15:34:08.622+0800] GC(434) Pause Young (Allocation Failure) 153M->110M(494M) 4.048ms
[2024-08-23T15:34:08.622+0800] GC(434) User=0.00s Sys=0.00s Real=0.00s
[2024-08-23T15:34:09.606+0800] GC(435) Pause Young (Allocation Failure)
[2024-08-23T15:34:09.615+0800] GC(435) DefNew: 135879K(157248K)->10240K(157248K) Eden: 135879K(139776K)->0K(139776K) From: 0K(17472K)->10240K(17472K)
[2024-08-23T15:34:09.615+0800] GC(435) Tenured: 113409K(349568K)->215809K(349568K)
[2024-08-23T15:34:09.615+0800] GC(435) Metaspace: 308K(512K)->308K(512K) NonClass: 301K(384K)->301K(384K) Class: 7K(128K)->7K(128K)
[2024-08-23T15:34:09.615+0800] GC(435) Pause Young (Allocation Failure) 243M->220M(494M) 9.532ms
[2024-08-23T15:34:09.615+0800] GC(435) User=0.00s Sys=0.00s Real=0.01s
[2024-08-23T15:34:10.057+0800] GC(436) Pause Young (Allocation Failure)
[2024-08-23T15:34:10.061+0800] GC(436) DefNew: 105152K(157248K)->0K(157248K) Eden: 94912K(139776K)->0K(139776K) From: 10240K(17472K)->0K(17472K)
[2024-08-23T15:34:10.061+0800] GC(436) Tenured: 215809K(349568K)->272129K(349568K)
[2024-08-23T15:34:10.061+0800] GC(436) Metaspace: 308K(512K)->308K(512K) NonClass: 301K(384K)->301K(384K) Class: 7K(128K)->7K(128K)
[2024-08-23T15:34:10.061+0800] GC(436) Pause Young (Allocation Failure) 313M->265M(494M) 4.880ms
[2024-08-23T15:34:10.061+0800] GC(436) User=0.00s Sys=0.00s Real=0.00s
[2024-08-23T15:34:11.254+0800] GC(437) Pause Young (Allocation Failure)
[2024-08-23T15:34:11.254+0800] GC(437) Pause Young (Allocation Failure) 398M->398M(494M) 0.061ms
[2024-08-23T15:34:11.254+0800] GC(437) User=0.00s Sys=0.00s Real=0.00s
[2024-08-23T15:34:11.254+0800] GC(438) Pause Full (Allocation Failure)
[2024-08-23T15:34:11.254+0800] GC(438) Phase 1: Mark live objects
[2024-08-23T15:34:11.254+0800] GC(438) Phase 1: Mark live objects 0.593ms
[2024-08-23T15:34:11.254+0800] GC(438) Phase 2: Compute new object addresses
[2024-08-23T15:34:11.255+0800] GC(438) Phase 2: Compute new object addresses 0.145ms
[2024-08-23T15:34:11.255+0800] GC(438) Phase 3: Adjust pointers
[2024-08-23T15:34:11.255+0800] GC(438) Phase 3: Adjust pointers 0.330ms
[2024-08-23T15:34:11.255+0800] GC(438) Phase 4: Move objects
[2024-08-23T15:34:11.256+0800] GC(438) Phase 4: Move objects 1.225ms
[2024-08-23T15:34:11.256+0800] GC(438) DefNew: 135880K(157248K)->0K(157248K) Eden: 135880K(139776K)->0K(139776K) From: 0K(17472K)->0K(17472K)
[2024-08-23T15:34:11.256+0800] GC(438) Tenured: 272129K(349568K)->16129K(349568K)
[2024-08-23T15:34:11.256+0800] GC(438) Metaspace: 308K(512K)->308K(512K) NonClass: 301K(384K)->301K(384K) Class: 7K(128K)->7K(128K)
[2024-08-23T15:34:11.256+0800] GC(438) Pause Full (Allocation Failure) 398M->15M(494M) 2.431ms
[2024-08-23T15:34:11.256+0800] GC(438) User=0.00s Sys=0.00s Real=0.00s
[2024-08-23T15:34:11.472+0800] GC(439) Pause Young (Allocation Failure)
[2024-08-23T15:34:11.476+0800] GC(439) DefNew: 74432K(157248K)->0K(157248K) Eden: 74432K(139776K)->0K(139776K) From: 0K(17472K)->0K(17472K)
[2024-08-23T15:34:11.476+0800] GC(439) Tenured: 16129K(349568K)->67329K(349568K)
[2024-08-23T15:34:11.476+0800] GC(439) Metaspace: 308K(512K)->308K(512K) NonClass: 301K(384K)->301K(384K) Class: 7K(128K)->7K(128K)
[2024-08-23T15:34:11.476+0800] GC(439) Pause Young (Allocation Failure) 88M->65M(494M) 4.196ms
[2024-08-23T15:34:11.476+0800] GC(439) User=0.00s Sys=0.00s Real=0.00s
[2024-08-23T15:34:12.455+0800] GC(440) Pause Young (Allocation Failure)
[2024-08-23T15:34:12.455+0800] GC(440) DefNew: 135865K(157248K)->6144K(157248K) Eden: 135865K(139776K)->0K(139776K) From: 0K(17472K)->6144K(17472K)
[2024-08-23T15:34:12.455+0800] GC(440) Tenured: 67329K(349568K)->67329K(349568K)
[2024-08-23T15:34:12.455+0800] GC(440) Metaspace: 308K(512K)->308K(512K) NonClass: 301K(384K)->301K(384K) Class: 7K(128K)->7K(128K)
[2024-08-23T15:34:12.455+0800] GC(440) Pause Young (Allocation Failure) 198M->71M(494M) 0.698ms
[2024-08-23T15:34:12.455+0800] GC(440) User=0.00s Sys=0.00s Real=0.00s
[2024-08-23T15:34:12.891+0800] GC(441) Pause Young (Allocation Failure)
[2024-08-23T15:34:12.895+0800] GC(441) DefNew: 101047K(157248K)->11264K(157248K) Eden: 94903K(139776K)->0K(139776K) From: 6144K(17472K)->11264K(17472K)
[2024-08-23T15:34:12.895+0800] GC(441) Tenured: 67329K(349568K)->118529K(349568K)
[2024-08-23T15:34:12.895+0800] GC(441) Metaspace: 308K(512K)->308K(512K) NonClass: 301K(384K)->301K(384K) Class: 7K(128K)->7K(128K)
[2024-08-23T15:34:12.895+0800] GC(441) Pause Young (Allocation Failure) 164M->126M(494M) 4.939ms
[2024-08-23T15:34:12.895+0800] GC(441) User=0.00s Sys=0.00s Real=0.00s
[2024-08-23T15:34:13.886+0800] GC(442) Pause Young (Allocation Failure)
[2024-08-23T15:34:13.888+0800] GC(442) DefNew: 147138K(157248K)->10240K(157248K) Eden: 135874K(139776K)->0K(139776K) From: 11264K(17472K)->10240K(17472K)
[2024-08-23T15:34:13.888+0800] GC(442) Tenured: 118529K(349568K)->129793K(349568K)
[2024-08-23T15:34:13.888+0800] GC(442) Metaspace: 308K(512K)->308K(512K) NonClass: 301K(384K)->301K(384K) Class: 7K(128K)->7K(128K)
[2024-08-23T15:34:13.888+0800] GC(442) Pause Young (Allocation Failure) 259M->136M(494M) 1.854ms
[2024-08-23T15:34:13.888+0800] GC(442) User=0.00s Sys=0.00s Real=0.00s
[2024-08-23T15:34:15.634+0800] GC(443) Pause Young (Allocation Failure)
[2024-08-23T15:34:15.636+0800] GC(443) DefNew: 105149K(157248K)->5120K(157248K) Eden: 94909K(139776K)->0K(139776K) From: 10240K(17472K)->5120K(17472K)
[2024-08-23T15:34:15.636+0800] GC(443) Tenured: 129793K(349568K)->150273K(349568K)
[2024-08-23T15:34:15.636+0800] GC(443) Metaspace: 308K(512K)->308K(512K) NonClass: 301K(384K)->301K(384K) Class: 7K(128K)->7K(128K)
[2024-08-23T15:34:15.636+0800] GC(443) Pause Young (Allocation Failure) 229M->151M(494M) 2.258ms
[2024-08-23T15:34:15.636+0800] GC(443) User=0.00s Sys=0.00s Real=0.00s
[2024-08-23T15:34:15.743+0800] GC(444) Pause Young (Allocation Failure)
[2024-08-23T15:34:15.747+0800] GC(444) DefNew: 59078K(157248K)->5120K(157248K) Eden: 53958K(139776K)->0K(139776K) From: 5120K(17472K)->5120K(17472K)
[2024-08-23T15:34:15.747+0800] GC(444) Tenured: 150273K(349568K)->201473K(349568K)
[2024-08-23T15:34:15.747+0800] GC(444) Metaspace: 308K(512K)->308K(512K) NonClass: 301K(384K)->301K(384K) Class: 7K(128K)->7K(128K)
[2024-08-23T15:34:15.747+0800] GC(444) Pause Young (Allocation Failure) 204M->201M(494M) 4.426ms
[2024-08-23T15:34:15.747+0800] GC(444) User=0.00s Sys=0.00s Real=0.00s
[2024-08-23T15:34:16.724+0800] GC(445) Pause Young (Allocation Failure)
[2024-08-23T15:34:16.725+0800] GC(445) DefNew: 140998K(157248K)->15360K(157248K) Eden: 135878K(139776K)->0K(139776K) From: 5120K(17472K)->15360K(17472K)
[2024-08-23T15:34:16.725+0800] GC(445) Tenured: 201473K(349568K)->201473K(349568K)
[2024-08-23T15:34:16.725+0800] GC(445) Metaspace: 308K(512K)->308K(512K) NonClass: 301K(384K)->301K(384K) Class: 7K(128K)->7K(128K)
[2024-08-23T15:34:16.725+0800] GC(445) Pause Young (Allocation Failure) 334M->211M(494M) 1.424ms
[2024-08-23T15:34:16.725+0800] GC(445) User=0.00s Sys=0.00s Real=0.00s
[2024-08-23T15:34:17.162+0800] GC(446) Pause Young (Allocation Failure)
[2024-08-23T15:34:17.167+0800] GC(446) DefNew: 110271K(157248K)->0K(157248K) Eden: 94911K(139776K)->0K(139776K) From: 15360K(17472K)->0K(17472K)
[2024-08-23T15:34:17.167+0800] GC(446) Tenured: 201473K(349568K)->262913K(349568K)
[2024-08-23T15:34:17.167+0800] GC(446) Metaspace: 308K(512K)->308K(512K) NonClass: 301K(384K)->301K(384K) Class: 7K(128K)->7K(128K)
[2024-08-23T15:34:17.167+0800] GC(446) Pause Young (Allocation Failure) 304M->256M(494M) 5.723ms
[2024-08-23T15:34:17.167+0800] GC(446) User=0.00s Sys=0.00s Real=0.01s
[2024-08-23T15:34:18.469+0800] GC(447) Pause Young (Allocation Failure)
[2024-08-23T15:34:18.469+0800] GC(447) Pause Young (Allocation Failure) 379M->379M(494M) 0.084ms
[2024-08-23T15:34:18.469+0800] GC(447) User=0.00s Sys=0.00s Real=0.00s
[2024-08-23T15:34:18.469+0800] GC(448) Pause Full (Allocation Failure)
[2024-08-23T15:34:18.469+0800] GC(448) Phase 1: Mark live objects
[2024-08-23T15:34:18.470+0800] GC(448) Phase 1: Mark live objects 0.836ms
[2024-08-23T15:34:18.470+0800] GC(448) Phase 2: Compute new object addresses
[2024-08-23T15:34:18.470+0800] GC(448) Phase 2: Compute new object addresses 0.156ms
[2024-08-23T15:34:18.470+0800] GC(448) Phase 3: Adjust pointers
[2024-08-23T15:34:18.470+0800] GC(448) Phase 3: Adjust pointers 0.361ms
[2024-08-23T15:34:18.470+0800] GC(448) Phase 4: Move objects
[2024-08-23T15:34:18.471+0800] GC(448) Phase 4: Move objects 0.464ms
[2024-08-23T15:34:18.471+0800] GC(448) DefNew: 125639K(157248K)->0K(157248K) Eden: 125639K(139776K)->0K(139776K) From: 0K(17472K)->0K(17472K)
[2024-08-23T15:34:18.471+0800] GC(448) Tenured: 262913K(349568K)->5889K(349568K)
[2024-08-23T15:34:18.471+0800] GC(448) Metaspace: 308K(512K)->308K(512K) NonClass: 301K(384K)->301K(384K) Class: 7K(128K)->7K(128K)
[2024-08-23T15:34:18.471+0800] GC(448) Pause Full (Allocation Failure) 379M->5M(494M) 1.988ms
[2024-08-23T15:34:18.471+0800] GC(448) User=0.00s Sys=0.00s Real=0.00s
[2024-08-23T15:34:18.577+0800] GC(449) Pause Young (Allocation Failure)
[2024-08-23T15:34:18.580+0800] GC(449) DefNew: 53950K(157248K)->0K(157248K) Eden: 53950K(139776K)->0K(139776K) From: 0K(17472K)->0K(17472K)
[2024-08-23T15:34:18.580+0800] GC(449) Tenured: 5889K(349568K)->57089K(349568K)
[2024-08-23T15:34:18.580+0800] GC(449) Metaspace: 308K(512K)->308K(512K) NonClass: 301K(384K)->301K(384K) Class: 7K(128K)->7K(128K)
[2024-08-23T15:34:18.580+0800] GC(449) Pause Young (Allocation Failure) 58M->55M(494M) 4.013ms
[2024-08-23T15:34:18.580+0800] GC(449) User=0.00s Sys=0.00s Real=0.00s
[2024-08-23T15:34:19.559+0800] GC(450) Pause Young (Allocation Failure)
[2024-08-23T15:34:19.567+0800] GC(450) DefNew: 135870K(157248K)->10240K(157248K) Eden: 135870K(139776K)->0K(139776K) From: 0K(17472K)->10240K(17472K)
[2024-08-23T15:34:19.567+0800] GC(450) Tenured: 57089K(349568K)->159489K(349568K)
[2024-08-23T15:34:19.567+0800] GC(450) Metaspace: 308K(512K)->308K(512K) NonClass: 301K(384K)->301K(384K) Class: 7K(128K)->7K(128K)
[2024-08-23T15:34:19.568+0800] GC(450) Pause Young (Allocation Failure) 188M->165M(494M) 8.881ms
[2024-08-23T15:34:19.568+0800] GC(450) User=0.00s Sys=0.00s Real=0.01s
[2024-08-23T15:34:20.009+0800] GC(451) Pause Young (Allocation Failure)
[2024-08-23T15:34:20.013+0800] GC(451) DefNew: 105146K(157248K)->0K(157248K) Eden: 94906K(139776K)->0K(139776K) From: 10240K(17472K)->0K(17472K)
[2024-08-23T15:34:20.013+0800] GC(451) Tenured: 159489K(349568K)->215809K(349568K)
[2024-08-23T15:34:20.013+0800] GC(451) Metaspace: 308K(512K)->308K(512K) NonClass: 301K(384K)->301K(384K) Class: 7K(128K)->7K(128K)
[2024-08-23T15:34:20.013+0800] GC(451) Pause Young (Allocation Failure) 258M->210M(494M) 4.864ms
[2024-08-23T15:34:20.013+0800] GC(451) User=0.00s Sys=0.00s Real=0.00s
[2024-08-23T15:34:20.992+0800] GC(452) Pause Young (Allocation Failure)
[2024-08-23T15:34:20.993+0800] GC(452) DefNew: 135876K(157248K)->6144K(157248K) Eden: 135876K(139776K)->0K(139776K) From: 0K(17472K)->6144K(17472K)
[2024-08-23T15:34:20.993+0800] GC(452) Tenured: 215809K(349568K)->215809K(349568K)
[2024-08-23T15:34:20.993+0800] GC(452) Metaspace: 308K(512K)->308K(512K) NonClass: 301K(384K)->301K(384K) Class: 7K(128K)->7K(128K)
[2024-08-23T15:34:20.993+0800] GC(452) Pause Young (Allocation Failure) 343M->216M(494M) 0.664ms
[2024-08-23T15:34:20.993+0800] GC(452) User=0.00s Sys=0.00s Real=0.00s
[2024-08-23T15:34:21.428+0800] GC(453) Pause Young (Allocation Failure)
[2024-08-23T15:34:21.433+0800] GC(453) DefNew: 101054K(157248K)->6144K(157248K) Eden: 94910K(139776K)->0K(139776K) From: 6144K(17472K)->6144K(17472K)
[2024-08-23T15:34:21.433+0800] GC(453) Tenured: 215809K(349568K)->267009K(349568K)
[2024-08-23T15:34:21.433+0800] GC(453) Metaspace: 308K(512K)->308K(512K) NonClass: 301K(384K)->301K(384K) Class: 7K(128K)->7K(128K)
[2024-08-23T15:34:21.433+0800] GC(453) Pause Young (Allocation Failure) 309M->266M(494M) 4.756ms
[2024-08-23T15:34:21.433+0800] GC(453) User=0.00s Sys=0.00s Real=0.01s
[2024-08-23T15:34:22.632+0800] GC(454) Pause Young (Allocation Failure)
[2024-08-23T15:34:22.632+0800] GC(454) Pause Young (Allocation Failure) 394M->394M(494M) 0.060ms
[2024-08-23T15:34:22.632+0800] GC(454) User=0.00s Sys=0.00s Real=0.00s
[2024-08-23T15:34:22.632+0800] GC(455) Pause Full (Allocation Failure)
[2024-08-23T15:34:22.632+0800] GC(455) Phase 1: Mark live objects
[2024-08-23T15:34:22.632+0800] GC(455) Phase 1: Mark live objects 0.610ms
[2024-08-23T15:34:22.632+0800] GC(455) Phase 2: Compute new object addresses
[2024-08-23T15:34:22.633+0800] GC(455) Phase 2: Compute new object addresses 0.148ms
[2024-08-23T15:34:22.633+0800] GC(455) Phase 3: Adjust pointers
[2024-08-23T15:34:22.633+0800] GC(455) Phase 3: Adjust pointers 0.338ms
[2024-08-23T15:34:22.633+0800] GC(455) Phase 4: Move objects
[2024-08-23T15:34:22.635+0800] GC(455) Phase 4: Move objects 1.730ms
[2024-08-23T15:34:22.635+0800] GC(455) DefNew: 136903K(157248K)->0K(157248K) Eden: 130759K(139776K)->0K(139776K) From: 6144K(17472K)->0K(17472K)
[2024-08-23T15:34:22.635+0800] GC(455) Tenured: 267009K(349568K)->21249K(349568K)
[2024-08-23T15:34:22.635+0800] GC(455) Metaspace: 308K(512K)->308K(512K) NonClass: 301K(384K)->301K(384K) Class: 7K(128K)->7K(128K)
[2024-08-23T15:34:22.635+0800] GC(455) Pause Full (Allocation Failure) 394M->20M(494M) 2.969ms
[2024-08-23T15:34:22.635+0800] GC(455) User=0.00s Sys=0.00s Real=0.00s
[2024-08-23T15:34:22.852+0800] GC(456) Pause Young (Allocation Failure)
[2024-08-23T15:34:22.856+0800] GC(456) DefNew: 74431K(157248K)->0K(157248K) Eden: 74431K(139776K)->0K(139776K) From: 0K(17472K)->0K(17472K)
[2024-08-23T15:34:22.856+0800] GC(456) Tenured: 21249K(349568K)->72449K(349568K)
[2024-08-23T15:34:22.856+0800] GC(456) Metaspace: 308K(512K)->308K(512K) NonClass: 301K(384K)->301K(384K) Class: 7K(128K)->7K(128K)
[2024-08-23T15:34:22.856+0800] GC(456) Pause Young (Allocation Failure) 93M->70M(494M) 4.362ms
[2024-08-23T15:34:22.856+0800] GC(456) User=0.00s Sys=0.00s Real=0.00s
[2024-08-23T15:34:23.833+0800] GC(457) Pause Young (Allocation Failure)
[2024-08-23T15:34:23.834+0800] GC(457) DefNew: 135877K(157248K)->10240K(157248K) Eden: 135877K(139776K)->0K(139776K) From: 0K(17472K)->10240K(17472K)
[2024-08-23T15:34:23.834+0800] GC(457) Tenured: 72449K(349568K)->72449K(349568K)
[2024-08-23T15:34:23.834+0800] GC(457) Metaspace: 308K(512K)->308K(512K) NonClass: 301K(384K)->301K(384K) Class: 7K(128K)->7K(128K)
[2024-08-23T15:34:23.834+0800] GC(457) Pause Young (Allocation Failure) 203M->80M(494M) 1.059ms
[2024-08-23T15:34:23.834+0800] GC(457) User=0.00s Sys=0.00s Real=0.00s
[2024-08-23T15:34:24.268+0800] GC(458) Pause Young (Allocation Failure)
[2024-08-23T15:34:24.273+0800] GC(458) DefNew: 105151K(157248K)->10240K(157248K) Eden: 94910K(139776K)->0K(139776K) From: 10240K(17472K)->10240K(17472K)
[2024-08-23T15:34:24.273+0800] GC(458) Tenured: 72449K(349568K)->128769K(349568K)
[2024-08-23T15:34:24.273+0800] GC(458) Metaspace: 308K(512K)->308K(512K) NonClass: 301K(384K)->301K(384K) Class: 7K(128K)->7K(128K)
[2024-08-23T15:34:24.273+0800] GC(458) Pause Young (Allocation Failure) 173M->135M(494M) 5.279ms
[2024-08-23T15:34:24.273+0800] GC(458) User=0.00s Sys=0.00s Real=0.01s
[2024-08-23T15:34:25.268+0800] GC(459) Pause Young (Allocation Failure)
[2024-08-23T15:34:25.269+0800] GC(459) DefNew: 146119K(157248K)->10240K(157248K) Eden: 135879K(139776K)->0K(139776K) From: 10240K(17472K)->10240K(17472K)
[2024-08-23T15:34:25.269+0800] GC(459) Tenured: 128769K(349568K)->139009K(349568K)
[2024-08-23T15:34:25.269+0800] GC(459) Metaspace: 308K(512K)->308K(512K) NonClass: 301K(384K)->301K(384K) Class: 7K(128K)->7K(128K)
[2024-08-23T15:34:25.269+0800] GC(459) Pause Young (Allocation Failure) 268M->145M(494M) 1.941ms
[2024-08-23T15:34:25.269+0800] GC(459) User=0.00s Sys=0.00s Real=0.00s
[2024-08-23T15:34:27.007+0800] GC(460) Pause Young (Allocation Failure)
[2024-08-23T15:34:27.009+0800] GC(460) DefNew: 120512K(157248K)->5120K(157248K) Eden: 110272K(139776K)->0K(139776K) From: 10240K(17472K)->5120K(17472K)
[2024-08-23T15:34:27.009+0800] GC(460) Tenured: 139009K(349568K)->159489K(349568K)
[2024-08-23T15:34:27.009+0800] GC(460) Metaspace: 308K(512K)->308K(512K) NonClass: 301K(384K)->301K(384K) Class: 7K(128K)->7K(128K)
[2024-08-23T15:34:27.009+0800] GC(460) Pause Young (Allocation Failure) 253M->160M(494M) 2.171ms
[2024-08-23T15:34:27.009+0800] GC(460) User=0.00s Sys=0.00s Real=0.00s
[2024-08-23T15:34:27.116+0800] GC(461) Pause Young (Allocation Failure)
[2024-08-23T15:34:27.120+0800] GC(461) DefNew: 59081K(157248K)->5120K(157248K) Eden: 53961K(139776K)->0K(139776K) From: 5120K(17472K)->5120K(17472K)
[2024-08-23T15:34:27.121+0800] GC(461) Tenured: 159489K(349568K)->210689K(349568K)
[2024-08-23T15:34:27.121+0800] GC(461) Metaspace: 308K(512K)->308K(512K) NonClass: 301K(384K)->301K(384K) Class: 7K(128K)->7K(128K)
[2024-08-23T15:34:27.121+0800] GC(461) Pause Young (Allocation Failure) 213M->210M(494M) 4.342ms
[2024-08-23T15:34:27.121+0800] GC(461) User=0.00s Sys=0.00s Real=0.01s
[2024-08-23T15:34:28.103+0800] GC(462) Pause Young (Allocation Failure)
[2024-08-23T15:34:28.104+0800] GC(462) DefNew: 141001K(157248K)->15360K(157248K) Eden: 135881K(139776K)->0K(139776K) From: 5120K(17472K)->15360K(17472K)
[2024-08-23T15:34:28.104+0800] GC(462) Tenured: 210689K(349568K)->210689K(349568K)
[2024-08-23T15:34:28.104+0800] GC(462) Metaspace: 308K(512K)->308K(512K) NonClass: 301K(384K)->301K(384K) Class: 7K(128K)->7K(128K)
[2024-08-23T15:34:28.104+0800] GC(462) Pause Young (Allocation Failure) 343M->220M(494M) 1.615ms
[2024-08-23T15:34:28.104+0800] GC(462) User=0.00s Sys=0.00s Real=0.00s
[2024-08-23T15:34:28.540+0800] GC(463) Pause Young (Allocation Failure)
[2024-08-23T15:34:28.546+0800] GC(463) DefNew: 110273K(157248K)->0K(157248K) Eden: 94913K(139776K)->0K(139776K) From: 15360K(17472K)->0K(17472K)
[2024-08-23T15:34:28.546+0800] GC(463) Tenured: 210689K(349568K)->272129K(349568K)
[2024-08-23T15:34:28.546+0800] GC(463) Metaspace: 308K(512K)->308K(512K) NonClass: 301K(384K)->301K(384K) Class: 7K(128K)->7K(128K)
[2024-08-23T15:34:28.546+0800] GC(463) Pause Young (Allocation Failure) 313M->265M(494M) 6.338ms
[2024-08-23T15:34:28.546+0800] GC(463) User=0.00s Sys=0.00s Real=0.01s
[2024-08-23T15:34:29.976+0800] GC(464) Pause Young (Allocation Failure)
[2024-08-23T15:34:29.976+0800] GC(464) Pause Young (Allocation Failure) 393M->393M(494M) 0.061ms
[2024-08-23T15:34:29.976+0800] GC(464) User=0.00s Sys=0.00s Real=0.00s
[2024-08-23T15:34:29.976+0800] GC(465) Pause Full (Allocation Failure)
[2024-08-23T15:34:29.976+0800] GC(465) Phase 1: Mark live objects
[2024-08-23T15:34:29.976+0800] GC(465) Phase 1: Mark live objects 0.590ms
[2024-08-23T15:34:29.976+0800] GC(465) Phase 2: Compute new object addresses
[2024-08-23T15:34:29.976+0800] GC(465) Phase 2: Compute new object addresses 0.133ms
[2024-08-23T15:34:29.976+0800] GC(465) Phase 3: Adjust pointers
[2024-08-23T15:34:29.977+0800] GC(465) Phase 3: Adjust pointers 0.327ms
[2024-08-23T15:34:29.977+0800] GC(465) Phase 4: Move objects
[2024-08-23T15:34:29.977+0800] GC(465) Phase 4: Move objects 0.428ms
[2024-08-23T15:34:29.977+0800] GC(465) DefNew: 130760K(157248K)->0K(157248K) Eden: 130760K(139776K)->0K(139776K) From: 0K(17472K)->0K(17472K)
[2024-08-23T15:34:29.977+0800] GC(465) Tenured: 272129K(349568K)->5889K(349568K)
[2024-08-23T15:34:29.977+0800] GC(465) Metaspace: 308K(512K)->308K(512K) NonClass: 301K(384K)->301K(384K) Class: 7K(128K)->7K(128K)
[2024-08-23T15:34:29.977+0800] GC(465) Pause Full (Allocation Failure) 393M->5M(494M) 1.612ms
[2024-08-23T15:34:29.977+0800] GC(465) User=0.00s Sys=0.00s Real=0.00s
[2024-08-23T15:34:30.956+0800] GC(466) Pause Young (Allocation Failure)
[2024-08-23T15:34:30.957+0800] GC(466) DefNew: 135872K(157248K)->6144K(157248K) Eden: 135872K(139776K)->0K(139776K) From: 0K(17472K)->6144K(17472K)
[2024-08-23T15:34:30.957+0800] GC(466) Tenured: 5889K(349568K)->5889K(349568K)
[2024-08-23T15:34:30.957+0800] GC(466) Metaspace: 308K(512K)->308K(512K) NonClass: 301K(384K)->301K(384K) Class: 7K(128K)->7K(128K)
[2024-08-23T15:34:30.957+0800] GC(466) Pause Young (Allocation Failure) 138M->11M(494M) 0.668ms
[2024-08-23T15:34:30.957+0800] GC(466) User=0.00s Sys=0.00s Real=0.00s
[2024-08-23T15:34:31.397+0800] GC(467) Pause Young (Allocation Failure)
[2024-08-23T15:34:31.401+0800] GC(467) DefNew: 101066K(157248K)->6144K(157248K) Eden: 94922K(139776K)->0K(139776K) From: 6144K(17472K)->6144K(17472K)
[2024-08-23T15:34:31.401+0800] GC(467) Tenured: 5889K(349568K)->57089K(349568K)
[2024-08-23T15:34:31.401+0800] GC(467) Metaspace: 308K(512K)->308K(512K) NonClass: 301K(384K)->301K(384K) Class: 7K(128K)->7K(128K)
[2024-08-23T15:34:31.401+0800] GC(467) Pause Young (Allocation Failure) 104M->61M(494M) 4.644ms
[2024-08-23T15:34:31.401+0800] GC(467) User=0.02s Sys=0.00s Real=0.00s
[2024-08-23T15:34:32.379+0800] GC(468) Pause Young (Allocation Failure)
[2024-08-23T15:34:32.380+0800] GC(468) DefNew: 142030K(157248K)->12288K(157248K) Eden: 135886K(139776K)->0K(139776K) From: 6144K(17472K)->12288K(17472K)
[2024-08-23T15:34:32.380+0800] GC(468) Tenured: 57089K(349568K)->57089K(349568K)
[2024-08-23T15:34:32.380+0800] GC(468) Metaspace: 308K(512K)->308K(512K) NonClass: 301K(384K)->301K(384K) Class: 7K(128K)->7K(128K)
[2024-08-23T15:34:32.380+0800] GC(468) Pause Young (Allocation Failure) 194M->67M(494M) 1.197ms
[2024-08-23T15:34:32.380+0800] GC(468) User=0.00s Sys=0.00s Real=0.00s
[2024-08-23T15:34:32.816+0800] GC(469) Pause Young (Allocation Failure)
[2024-08-23T15:34:32.822+0800] GC(469) DefNew: 107204K(157248K)->11264K(157248K) Eden: 94916K(139776K)->0K(139776K) From: 12288K(17472K)->11264K(17472K)
[2024-08-23T15:34:32.822+0800] GC(469) Tenured: 57089K(349568K)->114433K(349568K)
[2024-08-23T15:34:32.822+0800] GC(469) Metaspace: 308K(512K)->308K(512K) NonClass: 301K(384K)->301K(384K) Class: 7K(128K)->7K(128K)
[2024-08-23T15:34:32.822+0800] GC(469) Pause Young (Allocation Failure) 160M->122M(494M) 6.234ms
[2024-08-23T15:34:32.822+0800] GC(469) User=0.00s Sys=0.00s Real=0.01s
[2024-08-23T15:34:34.032+0800] GC(470) Pause Young (Allocation Failure)
[2024-08-23T15:34:34.033+0800] GC(470) DefNew: 142027K(157248K)->10240K(157248K) Eden: 130763K(139776K)->0K(139776K) From: 11264K(17472K)->10240K(17472K)
[2024-08-23T15:34:34.033+0800] GC(470) Tenured: 114433K(349568K)->114433K(349568K)
[2024-08-23T15:34:34.033+0800] GC(470) Metaspace: 308K(512K)->308K(512K) NonClass: 301K(384K)->301K(384K) Class: 7K(128K)->7K(128K)
[2024-08-23T15:34:34.033+0800] GC(470) Pause Young (Allocation Failure) 250M->121M(494M) 1.130ms
[2024-08-23T15:34:34.033+0800] GC(470) User=0.00s Sys=0.00s Real=0.00s
[2024-08-23T15:34:34.250+0800] GC(471) Pause Young (Allocation Failure)
[2024-08-23T15:34:34.254+0800] GC(471) DefNew: 84673K(157248K)->0K(157248K) Eden: 74433K(139776K)->0K(139776K) From: 10240K(17472K)->0K(17472K)
[2024-08-23T15:34:34.254+0800] GC(471) Tenured: 114433K(349568K)->175873K(349568K)
[2024-08-23T15:34:34.254+0800] GC(471) Metaspace: 308K(512K)->308K(512K) NonClass: 301K(384K)->301K(384K) Class: 7K(128K)->7K(128K)
[2024-08-23T15:34:34.254+0800] GC(471) Pause Young (Allocation Failure) 194M->171M(494M) 4.903ms
[2024-08-23T15:34:34.254+0800] GC(471) User=0.00s Sys=0.00s Real=0.00s
[2024-08-23T15:34:35.235+0800] GC(472) Pause Young (Allocation Failure)
[2024-08-23T15:34:35.236+0800] GC(472) DefNew: 135879K(157248K)->10240K(157248K) Eden: 135879K(139776K)->0K(139776K) From: 0K(17472K)->10240K(17472K)
[2024-08-23T15:34:35.236+0800] GC(472) Tenured: 175873K(349568K)->175873K(349568K)
[2024-08-23T15:34:35.236+0800] GC(472) Metaspace: 308K(512K)->308K(512K) NonClass: 301K(384K)->301K(384K) Class: 7K(128K)->7K(128K)
[2024-08-23T15:34:35.236+0800] GC(472) Pause Young (Allocation Failure) 304M->181M(494M) 1.073ms
[2024-08-23T15:34:35.236+0800] GC(472) User=0.00s Sys=0.00s Real=0.00s
[2024-08-23T15:34:35.671+0800] GC(473) Pause Young (Allocation Failure)
[2024-08-23T15:34:35.676+0800] GC(473) DefNew: 105152K(157248K)->0K(157248K) Eden: 94912K(139776K)->0K(139776K) From: 10240K(17472K)->0K(17472K)
[2024-08-23T15:34:35.676+0800] GC(473) Tenured: 175873K(349568K)->252673K(349568K)
[2024-08-23T15:34:35.676+0800] GC(473) Metaspace: 308K(512K)->308K(512K) NonClass: 301K(384K)->301K(384K) Class: 7K(128K)->7K(128K)
[2024-08-23T15:34:35.677+0800] GC(473) Pause Young (Allocation Failure) 274M->246M(494M) 5.940ms
[2024-08-23T15:34:35.677+0800] GC(473) User=0.00s Sys=0.00s Real=0.01s
[2024-08-23T15:34:36.670+0800] GC(474) Pause Young (Allocation Failure)
[2024-08-23T15:34:36.670+0800] GC(474) Pause Young (Allocation Failure) 379M->379M(494M) 0.064ms
[2024-08-23T15:34:36.670+0800] GC(474) User=0.00s Sys=0.00s Real=0.00s
[2024-08-23T15:34:36.670+0800] GC(475) Pause Full (Allocation Failure)
[2024-08-23T15:34:36.670+0800] GC(475) Phase 1: Mark live objects
[2024-08-23T15:34:36.670+0800] GC(475) Phase 1: Mark live objects 0.621ms
[2024-08-23T15:34:36.670+0800] GC(475) Phase 2: Compute new object addresses
[2024-08-23T15:34:36.671+0800] GC(475) Phase 2: Compute new object addresses 0.146ms
[2024-08-23T15:34:36.671+0800] GC(475) Phase 3: Adjust pointers
[2024-08-23T15:34:36.671+0800] GC(475) Phase 3: Adjust pointers 0.341ms
[2024-08-23T15:34:36.671+0800] GC(475) Phase 4: Move objects
[2024-08-23T15:34:36.674+0800] GC(475) Phase 4: Move objects 3.463ms
[2024-08-23T15:34:36.674+0800] GC(475) DefNew: 135880K(157248K)->0K(157248K) Eden: 135880K(139776K)->0K(139776K) From: 0K(17472K)->0K(17472K)
[2024-08-23T15:34:36.674+0800] GC(475) Tenured: 252673K(349568K)->46849K(349568K)
[2024-08-23T15:34:36.674+0800] GC(475) Metaspace: 308K(512K)->308K(512K) NonClass: 301K(384K)->301K(384K) Class: 7K(128K)->7K(128K)
[2024-08-23T15:34:36.674+0800] GC(475) Pause Full (Allocation Failure) 379M->45M(494M) 4.718ms
[2024-08-23T15:34:36.674+0800] GC(475) User=0.00s Sys=0.00s Real=0.00s
[2024-08-23T15:34:38.305+0800] GC(476) Pause Young (Allocation Failure)
[2024-08-23T15:34:38.306+0800] GC(476) DefNew: 135872K(157248K)->15360K(157248K) Eden: 135872K(139776K)->0K(139776K) From: 0K(17472K)->15360K(17472K)
[2024-08-23T15:34:38.306+0800] GC(476) Tenured: 46849K(349568K)->46849K(349568K)
[2024-08-23T15:34:38.306+0800] GC(476) Metaspace: 308K(512K)->308K(512K) NonClass: 301K(384K)->301K(384K) Class: 7K(128K)->7K(128K)
[2024-08-23T15:34:38.306+0800] GC(476) Pause Young (Allocation Failure) 178M->60M(494M) 1.338ms
[2024-08-23T15:34:38.306+0800] GC(476) User=0.00s Sys=0.00s Real=0.00s
[2024-08-23T15:34:38.524+0800] GC(477) Pause Young (Allocation Failure)
[2024-08-23T15:34:38.528+0800] GC(477) DefNew: 89802K(157248K)->0K(157248K) Eden: 74442K(139776K)->0K(139776K) From: 15360K(17472K)->0K(17472K)
[2024-08-23T15:34:38.528+0800] GC(477) Tenured: 46849K(349568K)->103169K(349568K)
[2024-08-23T15:34:38.528+0800] GC(477) Metaspace: 308K(512K)->308K(512K) NonClass: 301K(384K)->301K(384K) Class: 7K(128K)->7K(128K)
[2024-08-23T15:34:38.528+0800] GC(477) Pause Young (Allocation Failure) 133M->100M(494M) 4.707ms
[2024-08-23T15:34:38.529+0800] GC(477) User=0.00s Sys=0.00s Real=0.01s
[2024-08-23T15:34:39.507+0800] GC(478) Pause Young (Allocation Failure)
[2024-08-23T15:34:39.515+0800] GC(478) DefNew: 135857K(157248K)->10240K(157248K) Eden: 135857K(139776K)->0K(139776K) From: 0K(17472K)->10240K(17472K)
[2024-08-23T15:34:39.516+0800] GC(478) Tenured: 103169K(349568K)->205569K(349568K)
[2024-08-23T15:34:39.516+0800] GC(478) Metaspace: 308K(512K)->308K(512K) NonClass: 301K(384K)->301K(384K) Class: 7K(128K)->7K(128K)
[2024-08-23T15:34:39.516+0800] GC(478) Pause Young (Allocation Failure) 233M->210M(494M) 9.050ms
[2024-08-23T15:34:39.516+0800] GC(478) User=0.00s Sys=0.00s Real=0.01s
[2024-08-23T15:34:39.959+0800] GC(479) Pause Young (Allocation Failure)
[2024-08-23T15:34:39.963+0800] GC(479) DefNew: 105138K(157248K)->0K(157248K) Eden: 94898K(139776K)->0K(139776K) From: 10240K(17472K)->0K(17472K)
[2024-08-23T15:34:39.963+0800] GC(479) Tenured: 205569K(349568K)->261889K(349568K)
[2024-08-23T15:34:39.963+0800] GC(479) Metaspace: 308K(512K)->308K(512K) NonClass: 301K(384K)->301K(384K) Class: 7K(128K)->7K(128K)
[2024-08-23T15:34:39.963+0800] GC(479) Pause Young (Allocation Failure) 303M->255M(494M) 4.777ms
[2024-08-23T15:34:39.963+0800] GC(479) User=0.00s Sys=0.00s Real=0.00s
[2024-08-23T15:34:41.705+0800] GC(480) Pause Young (Allocation Failure)
[2024-08-23T15:34:41.705+0800] GC(480) Pause Young (Allocation Failure) 390M->390M(494M) 0.084ms
[2024-08-23T15:34:41.705+0800] GC(480) User=0.00s Sys=0.00s Real=0.00s
[2024-08-23T15:34:41.705+0800] GC(481) Pause Full (Allocation Failure)
[2024-08-23T15:34:41.705+0800] GC(481) Phase 1: Mark live objects
[2024-08-23T15:34:41.706+0800] GC(481) Phase 1: Mark live objects 0.665ms
[2024-08-23T15:34:41.706+0800] GC(481) Phase 2: Compute new object addresses
[2024-08-23T15:34:41.706+0800] GC(481) Phase 2: Compute new object addresses 0.149ms
[2024-08-23T15:34:41.706+0800] GC(481) Phase 3: Adjust pointers
[2024-08-23T15:34:41.706+0800] GC(481) Phase 3: Adjust pointers 0.346ms
[2024-08-23T15:34:41.706+0800] GC(481) Phase 4: Move objects
[2024-08-23T15:34:41.706+0800] GC(481) Phase 4: Move objects 0.090ms
[2024-08-23T15:34:41.706+0800] GC(481) DefNew: 137919K(157248K)->0K(157248K) Eden: 137919K(139776K)->0K(139776K) From: 0K(17472K)->0K(17472K)
[2024-08-23T15:34:41.706+0800] GC(481) Tenured: 261889K(349568K)->1793K(349568K)
[2024-08-23T15:34:41.706+0800] GC(481) Metaspace: 308K(512K)->308K(512K) NonClass: 301K(384K)->301K(384K) Class: 7K(128K)->7K(128K)
[2024-08-23T15:34:41.706+0800] GC(481) Pause Full (Allocation Failure) 390M->1M(494M) 1.391ms
[2024-08-23T15:34:41.706+0800] GC(481) User=0.00s Sys=0.00s Real=0.00s
[2024-08-23T15:34:42.796+0800] GC(482) Pause Young (Allocation Failure)
[2024-08-23T15:34:42.800+0800] GC(482) DefNew: 125627K(157248K)->10240K(157248K) Eden: 125627K(139776K)->0K(139776K) From: 0K(17472K)->10240K(17472K)
[2024-08-23T15:34:42.800+0800] GC(482) Tenured: 1793K(349568K)->52993K(349568K)
[2024-08-23T15:34:42.800+0800] GC(482) Metaspace: 308K(512K)->308K(512K) NonClass: 301K(384K)->301K(384K) Class: 7K(128K)->7K(128K)
[2024-08-23T15:34:42.800+0800] GC(482) Pause Young (Allocation Failure) 124M->61M(494M) 4.975ms
[2024-08-23T15:34:42.800+0800] GC(482) User=0.00s Sys=0.00s Real=0.00s
[2024-08-23T15:34:43.793+0800] GC(483) Pause Young (Allocation Failure)
[2024-08-23T15:34:43.794+0800] GC(483) DefNew: 146118K(157248K)->10240K(157248K) Eden: 135878K(139776K)->0K(139776K) From: 10240K(17472K)->10240K(17472K)
[2024-08-23T15:34:43.794+0800] GC(483) Tenured: 52993K(349568K)->63233K(349568K)
[2024-08-23T15:34:43.795+0800] GC(483) Metaspace: 308K(512K)->308K(512K) NonClass: 301K(384K)->301K(384K) Class: 7K(128K)->7K(128K)
[2024-08-23T15:34:43.795+0800] GC(483) Pause Young (Allocation Failure) 194M->71M(494M) 1.889ms
[2024-08-23T15:34:43.795+0800] GC(483) User=0.00s Sys=0.00s Real=0.00s
[2024-08-23T15:34:44.227+0800] GC(484) Pause Young (Allocation Failure)
[2024-08-23T15:34:44.233+0800] GC(484) DefNew: 105151K(157248K)->10240K(157248K) Eden: 94911K(139776K)->0K(139776K) From: 10240K(17472K)->10240K(17472K)
[2024-08-23T15:34:44.233+0800] GC(484) Tenured: 63233K(349568K)->119553K(349568K)
[2024-08-23T15:34:44.233+0800] GC(484) Metaspace: 308K(512K)->308K(512K) NonClass: 301K(384K)->301K(384K) Class: 7K(128K)->7K(128K)
[2024-08-23T15:34:44.233+0800] GC(484) Pause Young (Allocation Failure) 164M->126M(494M) 5.571ms
[2024-08-23T15:34:44.233+0800] GC(484) User=0.00s Sys=0.00s Real=0.01s
[2024-08-23T15:34:45.443+0800] GC(485) Pause Young (Allocation Failure)
[2024-08-23T15:34:45.444+0800] GC(485) DefNew: 135879K(157248K)->10240K(157248K) Eden: 125639K(139776K)->0K(139776K) From: 10240K(17472K)->10240K(17472K)
[2024-08-23T15:34:45.444+0800] GC(485) Tenured: 119553K(349568K)->119553K(349568K)
[2024-08-23T15:34:45.444+0800] GC(485) Metaspace: 308K(512K)->308K(512K) NonClass: 301K(384K)->301K(384K) Class: 7K(128K)->7K(128K)
[2024-08-23T15:34:45.444+0800] GC(485) Pause Young (Allocation Failure) 249M->126M(494M) 0.986ms
[2024-08-23T15:34:45.444+0800] GC(485) User=0.00s Sys=0.00s Real=0.00s
[2024-08-23T15:34:45.661+0800] GC(486) Pause Young (Allocation Failure)
[2024-08-23T15:34:45.667+0800] GC(486) DefNew: 84670K(157248K)->0K(157248K) Eden: 74430K(139776K)->0K(139776K) From: 10240K(17472K)->0K(17472K)
[2024-08-23T15:34:45.667+0800] GC(486) Tenured: 119553K(349568K)->191233K(349568K)
[2024-08-23T15:34:45.667+0800] GC(486) Metaspace: 308K(512K)->308K(512K) NonClass: 301K(384K)->301K(384K) Class: 7K(128K)->7K(128K)
[2024-08-23T15:34:45.667+0800] GC(486) Pause Young (Allocation Failure) 199M->186M(494M) 6.439ms
[2024-08-23T15:34:45.667+0800] GC(486) User=0.00s Sys=0.00s Real=0.01s
[2024-08-23T15:34:46.657+0800] GC(487) Pause Young (Allocation Failure)
[2024-08-23T15:34:46.657+0800] GC(487) DefNew: 135877K(157248K)->10240K(157248K) Eden: 135877K(139776K)->0K(139776K) From: 0K(17472K)->10240K(17472K)
[2024-08-23T15:34:46.657+0800] GC(487) Tenured: 191233K(349568K)->191233K(349568K)
[2024-08-23T15:34:46.657+0800] GC(487) Metaspace: 308K(512K)->308K(512K) NonClass: 301K(384K)->301K(384K) Class: 7K(128K)->7K(128K)
[2024-08-23T15:34:46.657+0800] GC(487) Pause Young (Allocation Failure) 319M->196M(494M) 1.053ms
[2024-08-23T15:34:46.657+0800] GC(487) User=0.00s Sys=0.00s Real=0.00s
[2024-08-23T15:34:47.093+0800] GC(488) Pause Young (Allocation Failure)
[2024-08-23T15:34:47.097+0800] GC(488) DefNew: 105150K(157248K)->0K(157248K) Eden: 94910K(139776K)->0K(139776K) From: 10240K(17472K)->0K(17472K)
[2024-08-23T15:34:47.097+0800] GC(488) Tenured: 191233K(349568K)->247553K(349568K)
[2024-08-23T15:34:47.097+0800] GC(488) Metaspace: 308K(512K)->308K(512K) NonClass: 301K(384K)->301K(384K) Class: 7K(128K)->7K(128K)
[2024-08-23T15:34:47.097+0800] GC(488) Pause Young (Allocation Failure) 289M->241M(494M) 4.445ms
[2024-08-23T15:34:47.097+0800] GC(488) User=0.00s Sys=0.00s Real=0.00s
[2024-08-23T15:34:48.076+0800] GC(489) Pause Young (Allocation Failure)
[2024-08-23T15:34:48.076+0800] GC(489) Pause Young (Allocation Failure) 374M->374M(494M) 0.067ms
[2024-08-23T15:34:48.076+0800] GC(489) User=0.00s Sys=0.00s Real=0.00s
[2024-08-23T15:34:48.076+0800] GC(490) Pause Full (Allocation Failure)
[2024-08-23T15:34:48.076+0800] GC(490) Phase 1: Mark live objects
[2024-08-23T15:34:48.076+0800] GC(490) Phase 1: Mark live objects 0.596ms
[2024-08-23T15:34:48.076+0800] GC(490) Phase 2: Compute new object addresses
[2024-08-23T15:34:48.077+0800] GC(490) Phase 2: Compute new object addresses 0.181ms
[2024-08-23T15:34:48.077+0800] GC(490) Phase 3: Adjust pointers
[2024-08-23T15:34:48.077+0800] GC(490) Phase 3: Adjust pointers 0.343ms
[2024-08-23T15:34:48.077+0800] GC(490) Phase 4: Move objects
[2024-08-23T15:34:48.083+0800] GC(490) Phase 4: Move objects 6.926ms
[2024-08-23T15:34:48.083+0800] GC(490) DefNew: 135879K(157248K)->0K(157248K) Eden: 135879K(139776K)->0K(139776K) From: 0K(17472K)->0K(17472K)
[2024-08-23T15:34:48.083+0800] GC(490) Tenured: 247553K(349568K)->87809K(349568K)
[2024-08-23T15:34:48.083+0800] GC(490) Metaspace: 308K(512K)->308K(512K) NonClass: 301K(384K)->301K(384K) Class: 7K(128K)->7K(128K)
[2024-08-23T15:34:48.083+0800] GC(490) Pause Full (Allocation Failure) 374M->85M(494M) 8.209ms
[2024-08-23T15:34:48.083+0800] GC(490) User=0.00s Sys=0.00s Real=0.01s
[2024-08-23T15:34:48.513+0800] GC(491) Pause Young (Allocation Failure)
[2024-08-23T15:34:48.516+0800] GC(491) DefNew: 94912K(157248K)->0K(157248K) Eden: 94912K(139776K)->0K(139776K) From: 0K(17472K)->0K(17472K)
[2024-08-23T15:34:48.516+0800] GC(491) Tenured: 87809K(349568K)->139009K(349568K)
[2024-08-23T15:34:48.516+0800] GC(491) Metaspace: 308K(512K)->308K(512K) NonClass: 301K(384K)->301K(384K) Class: 7K(128K)->7K(128K)
[2024-08-23T15:34:48.517+0800] GC(491) Pause Young (Allocation Failure) 178M->135M(494M) 4.192ms
[2024-08-23T15:34:48.517+0800] GC(491) User=0.00s Sys=0.00s Real=0.00s
[2024-08-23T15:34:49.611+0800] GC(492) Pause Young (Allocation Failure)
[2024-08-23T15:34:49.612+0800] GC(492) DefNew: 130760K(157248K)->15360K(157248K) Eden: 130760K(139776K)->0K(139776K) From: 0K(17472K)->15360K(17472K)
[2024-08-23T15:34:49.612+0800] GC(492) Tenured: 139009K(349568K)->139009K(349568K)
[2024-08-23T15:34:49.612+0800] GC(492) Metaspace: 308K(512K)->308K(512K) NonClass: 301K(384K)->301K(384K) Class: 7K(128K)->7K(128K)
[2024-08-23T15:34:49.612+0800] GC(492) Pause Young (Allocation Failure) 263M->150M(494M) 1.376ms
[2024-08-23T15:34:49.612+0800] GC(492) User=0.00s Sys=0.00s Real=0.00s
[2024-08-23T15:34:49.939+0800] GC(493) Pause Young (Allocation Failure)
[2024-08-23T15:34:49.943+0800] GC(493) DefNew: 100031K(157248K)->0K(157248K) Eden: 84671K(139776K)->0K(139776K) From: 15360K(17472K)->0K(17472K)
[2024-08-23T15:34:49.944+0800] GC(493) Tenured: 139009K(349568K)->195329K(349568K)
[2024-08-23T15:34:49.944+0800] GC(493) Metaspace: 308K(512K)->308K(512K) NonClass: 301K(384K)->301K(384K) Class: 7K(128K)->7K(128K)
[2024-08-23T15:34:49.944+0800] GC(493) Pause Young (Allocation Failure) 233M->190M(494M) 4.855ms
[2024-08-23T15:34:49.944+0800] GC(493) User=0.00s Sys=0.00s Real=0.01s
[2024-08-23T15:34:50.936+0800] GC(494) Pause Young (Allocation Failure)
[2024-08-23T15:34:50.936+0800] GC(494) DefNew: 135855K(157248K)->6144K(157248K) Eden: 135855K(139776K)->0K(139776K) From: 0K(17472K)->6144K(17472K)
[2024-08-23T15:34:50.936+0800] GC(494) Tenured: 195329K(349568K)->195329K(349568K)
[2024-08-23T15:34:50.936+0800] GC(494) Metaspace: 308K(512K)->308K(512K) NonClass: 301K(384K)->301K(384K) Class: 7K(128K)->7K(128K)
[2024-08-23T15:34:50.936+0800] GC(494) Pause Young (Allocation Failure) 323M->196M(494M) 0.741ms
[2024-08-23T15:34:50.936+0800] GC(494) User=0.00s Sys=0.00s Real=0.00s
[2024-08-23T15:34:51.375+0800] GC(495) Pause Young (Allocation Failure)
[2024-08-23T15:34:51.380+0800] GC(495) DefNew: 101040K(157248K)->6144K(157248K) Eden: 94896K(139776K)->0K(139776K) From: 6144K(17472K)->6144K(17472K)
[2024-08-23T15:34:51.380+0800] GC(495) Tenured: 195329K(349568K)->246529K(349568K)
[2024-08-23T15:34:51.380+0800] GC(495) Metaspace: 308K(512K)->308K(512K) NonClass: 301K(384K)->301K(384K) Class: 7K(128K)->7K(128K)
[2024-08-23T15:34:51.380+0800] GC(495) Pause Young (Allocation Failure) 289M->246M(494M) 4.942ms
[2024-08-23T15:34:51.380+0800] GC(495) User=0.00s Sys=0.00s Real=0.01s
[2024-08-23T15:34:52.367+0800] GC(496) Pause Young (Allocation Failure)
[2024-08-23T15:34:52.367+0800] GC(496) Pause Young (Allocation Failure) 379M->379M(494M) 0.060ms
[2024-08-23T15:34:52.367+0800] GC(496) User=0.00s Sys=0.00s Real=0.00s
[2024-08-23T15:34:52.367+0800] GC(497) Pause Full (Allocation Failure)
[2024-08-23T15:34:52.367+0800] GC(497) Phase 1: Mark live objects
[2024-08-23T15:34:52.367+0800] GC(497) Phase 1: Mark live objects 0.585ms
[2024-08-23T15:34:52.367+0800] GC(497) Phase 2: Compute new object addresses
[2024-08-23T15:34:52.367+0800] GC(497) Phase 2: Compute new object addresses 0.133ms
[2024-08-23T15:34:52.367+0800] GC(497) Phase 3: Adjust pointers
[2024-08-23T15:34:52.367+0800] GC(497) Phase 3: Adjust pointers 0.333ms
[2024-08-23T15:34:52.367+0800] GC(497) Phase 4: Move objects
[2024-08-23T15:34:52.370+0800] GC(497) Phase 4: Move objects 1.349ms
[2024-08-23T15:34:52.370+0800] GC(497) DefNew: 142014K(157248K)->0K(157248K) Eden: 135870K(139776K)->0K(139776K) From: 6144K(17472K)->0K(17472K)
[2024-08-23T15:34:52.370+0800] GC(497) Tenured: 246529K(349568K)->18177K(349568K)
[2024-08-23T15:34:52.370+0800] GC(497) Metaspace: 308K(512K)->308K(512K) NonClass: 301K(384K)->301K(384K) Class: 7K(128K)->7K(128K)
[2024-08-23T15:34:52.370+0800] GC(497) Pause Full (Allocation Failure) 379M->17M(494M) 2.535ms
[2024-08-23T15:34:52.370+0800] GC(497) User=0.00s Sys=0.00s Real=0.00s
[2024-08-23T15:34:54.226+0800] GC(498) Pause Young (Allocation Failure)
[2024-08-23T15:34:54.231+0800] GC(498) DefNew: 135866K(157248K)->15360K(157248K) Eden: 135866K(139776K)->0K(139776K) From: 0K(17472K)->15360K(17472K)
[2024-08-23T15:34:54.231+0800] GC(498) Tenured: 18177K(349568K)->69377K(349568K)
[2024-08-23T15:34:54.231+0800] GC(498) Metaspace: 308K(512K)->308K(512K) NonClass: 301K(384K)->301K(384K) Class: 7K(128K)->7K(128K)
[2024-08-23T15:34:54.231+0800] GC(498) Pause Young (Allocation Failure) 150M->82M(494M) 5.784ms
[2024-08-23T15:34:54.231+0800] GC(498) User=0.02s Sys=0.00s Real=0.00s
[2024-08-23T15:34:55.212+0800] GC(499) Pause Young (Allocation Failure)
[2024-08-23T15:34:55.214+0800] GC(499) DefNew: 151238K(157248K)->10240K(157248K) Eden: 135878K(139776K)->0K(139776K) From: 15360K(17472K)->10240K(17472K)
[2024-08-23T15:34:55.214+0800] GC(499) Tenured: 69377K(349568K)->84737K(349568K)
[2024-08-23T15:34:55.214+0800] GC(499) Metaspace: 308K(512K)->308K(512K) NonClass: 301K(384K)->301K(384K) Class: 7K(128K)->7K(128K)
[2024-08-23T15:34:55.214+0800] GC(499) Pause Young (Allocation Failure) 215M->92M(494M) 2.312ms
[2024-08-23T15:34:55.214+0800] GC(499) User=0.00s Sys=0.00s Real=0.00s
[2024-08-23T15:34:55.645+0800] GC(500) Pause Young (Allocation Failure)
[2024-08-23T15:34:55.652+0800] GC(500) DefNew: 105159K(157248K)->0K(157248K) Eden: 94919K(139776K)->0K(139776K) From: 10240K(17472K)->0K(17472K)
[2024-08-23T15:34:55.652+0800] GC(500) Tenured: 84737K(349568K)->161537K(349568K)
[2024-08-23T15:34:55.652+0800] GC(500) Metaspace: 308K(512K)->308K(512K) NonClass: 301K(384K)->301K(384K) Class: 7K(128K)->7K(128K)
[2024-08-23T15:34:55.652+0800] GC(500) Pause Young (Allocation Failure) 185M->157M(494M) 6.651ms
[2024-08-23T15:34:55.652+0800] GC(500) User=0.00s Sys=0.00s Real=0.01s
[2024-08-23T15:34:56.862+0800] GC(501) Pause Young (Allocation Failure)
[2024-08-23T15:34:56.862+0800] GC(501) DefNew: 120524K(157248K)->5120K(157248K) Eden: 120524K(139776K)->0K(139776K) From: 0K(17472K)->5120K(17472K)
[2024-08-23T15:34:56.862+0800] GC(501) Tenured: 161537K(349568K)->161537K(349568K)
[2024-08-23T15:34:56.862+0800] GC(501) Metaspace: 308K(512K)->308K(512K) NonClass: 301K(384K)->301K(384K) Class: 7K(128K)->7K(128K)
[2024-08-23T15:34:56.862+0800] GC(501) Pause Young (Allocation Failure) 275M->162M(494M) 0.663ms
[2024-08-23T15:34:56.862+0800] GC(501) User=0.00s Sys=0.00s Real=0.00s
[2024-08-23T15:34:57.081+0800] GC(502) Pause Young (Allocation Failure)
[2024-08-23T15:34:57.086+0800] GC(502) DefNew: 79552K(157248K)->0K(157248K) Eden: 74432K(139776K)->0K(139776K) From: 5120K(17472K)->0K(17472K)
[2024-08-23T15:34:57.086+0800] GC(502) Tenured: 161537K(349568K)->212737K(349568K)
[2024-08-23T15:34:57.086+0800] GC(502) Metaspace: 308K(512K)->308K(512K) NonClass: 301K(384K)->301K(384K) Class: 7K(128K)->7K(128K)
[2024-08-23T15:34:57.086+0800] GC(502) Pause Young (Allocation Failure) 235M->207M(494M) 4.996ms
[2024-08-23T15:34:57.086+0800] GC(502) User=0.00s Sys=0.00s Real=0.00s
[2024-08-23T15:34:58.075+0800] GC(503) Pause Young (Allocation Failure)
[2024-08-23T15:34:58.076+0800] GC(503) DefNew: 135878K(157248K)->10240K(157248K) Eden: 135878K(139776K)->0K(139776K) From: 0K(17472K)->10240K(17472K)
[2024-08-23T15:34:58.076+0800] GC(503) Tenured: 212737K(349568K)->212737K(349568K)
[2024-08-23T15:34:58.076+0800] GC(503) Metaspace: 308K(512K)->308K(512K) NonClass: 301K(384K)->301K(384K) Class: 7K(128K)->7K(128K)
[2024-08-23T15:34:58.076+0800] GC(503) Pause Young (Allocation Failure) 340M->217M(494M) 1.002ms
[2024-08-23T15:34:58.076+0800] GC(503) User=0.00s Sys=0.00s Real=0.00s
[2024-08-23T15:34:58.512+0800] GC(504) Pause Young (Allocation Failure)
[2024-08-23T15:34:58.517+0800] GC(504) DefNew: 105151K(157248K)->0K(157248K) Eden: 94911K(139776K)->0K(139776K) From: 10240K(17472K)->0K(17472K)
[2024-08-23T15:34:58.517+0800] GC(504) Tenured: 212737K(349568K)->269057K(349568K)
[2024-08-23T15:34:58.517+0800] GC(504) Metaspace: 308K(512K)->308K(512K) NonClass: 301K(384K)->301K(384K) Class: 7K(128K)->7K(128K)
[2024-08-23T15:34:58.517+0800] GC(504) Pause Young (Allocation Failure) 310M->262M(494M) 5.055ms
[2024-08-23T15:34:58.517+0800] GC(504) User=0.00s Sys=0.00s Real=0.00s
[2024-08-23T15:34:59.512+0800] GC(505) Pause Young (Allocation Failure)
[2024-08-23T15:34:59.512+0800] GC(505) Pause Young (Allocation Failure) 395M->395M(494M) 0.067ms
[2024-08-23T15:34:59.512+0800] GC(505) User=0.00s Sys=0.00s Real=0.00s
[2024-08-23T15:34:59.512+0800] GC(506) Pause Full (Allocation Failure)
[2024-08-23T15:34:59.512+0800] GC(506) Phase 1: Mark live objects
[2024-08-23T15:34:59.513+0800] GC(506) Phase 1: Mark live objects 0.630ms
[2024-08-23T15:34:59.513+0800] GC(506) Phase 2: Compute new object addresses
[2024-08-23T15:34:59.513+0800] GC(506) Phase 2: Compute new object addresses 0.168ms
[2024-08-23T15:34:59.513+0800] GC(506) Phase 3: Adjust pointers
[2024-08-23T15:34:59.513+0800] GC(506) Phase 3: Adjust pointers 0.346ms
[2024-08-23T15:34:59.513+0800] GC(506) Phase 4: Move objects
[2024-08-23T15:34:59.525+0800] GC(506) Phase 4: Move objects 12.859ms
[2024-08-23T15:34:59.526+0800] GC(506) DefNew: 135879K(157248K)->0K(157248K) Eden: 135879K(139776K)->0K(139776K) From: 0K(17472K)->0K(17472K)
[2024-08-23T15:34:59.526+0800] GC(506) Tenured: 269057K(349568K)->169729K(349568K)
[2024-08-23T15:34:59.526+0800] GC(506) Metaspace: 308K(512K)->308K(512K) NonClass: 301K(384K)->301K(384K) Class: 7K(128K)->7K(128K)
[2024-08-23T15:34:59.526+0800] GC(506) Pause Full (Allocation Failure) 395M->165M(494M) 14.178ms
[2024-08-23T15:34:59.526+0800] GC(506) User=0.00s Sys=0.00s Real=0.01s
[2024-08-23T15:34:59.963+0800] GC(507) Pause Young (Allocation Failure)
[2024-08-23T15:34:59.967+0800] GC(507) DefNew: 94912K(157248K)->0K(157248K) Eden: 94912K(139776K)->0K(139776K) From: 0K(17472K)->0K(17472K)
[2024-08-23T15:34:59.967+0800] GC(507) Tenured: 169729K(349568K)->220929K(349568K)
[2024-08-23T15:34:59.967+0800] GC(507) Metaspace: 308K(512K)->308K(512K) NonClass: 301K(384K)->301K(384K) Class: 7K(128K)->7K(128K)
[2024-08-23T15:34:59.967+0800] GC(507) Pause Young (Allocation Failure) 258M->215M(494M) 4.925ms
[2024-08-23T15:34:59.967+0800] GC(507) User=0.00s Sys=0.00s Real=0.00s
[2024-08-23T15:35:01.161+0800] GC(508) Pause Young (Allocation Failure)
[2024-08-23T15:35:01.162+0800] GC(508) DefNew: 135880K(157248K)->15360K(157248K) Eden: 135880K(139776K)->0K(139776K) From: 0K(17472K)->15360K(17472K)
[2024-08-23T15:35:01.162+0800] GC(508) Tenured: 220929K(349568K)->220929K(349568K)
[2024-08-23T15:35:01.162+0800] GC(508) Metaspace: 308K(512K)->308K(512K) NonClass: 301K(384K)->301K(384K) Class: 7K(128K)->7K(128K)
[2024-08-23T15:35:01.162+0800] GC(508) Pause Young (Allocation Failure) 348M->230M(494M) 1.484ms
[2024-08-23T15:35:01.162+0800] GC(508) User=0.00s Sys=0.00s Real=0.00s
[2024-08-23T15:35:01.379+0800] GC(509) Pause Young (Allocation Failure)
[2024-08-23T15:35:01.383+0800] GC(509) DefNew: 89792K(157248K)->0K(157248K) Eden: 74432K(139776K)->0K(139776K) From: 15360K(17472K)->0K(17472K)
[2024-08-23T15:35:01.383+0800] GC(509) Tenured: 220929K(349568K)->277249K(349568K)
[2024-08-23T15:35:01.383+0800] GC(509) Metaspace: 308K(512K)->308K(512K) NonClass: 301K(384K)->301K(384K) Class: 7K(128K)->7K(128K)
[2024-08-23T15:35:01.383+0800] GC(509) Pause Young (Allocation Failure) 303M->270M(494M) 5.084ms
[2024-08-23T15:35:01.383+0800] GC(509) User=0.00s Sys=0.00s Real=0.00s
[2024-08-23T15:35:02.360+0800] GC(510) Pause Young (Allocation Failure)
[2024-08-23T15:35:02.360+0800] GC(510) Pause Young (Allocation Failure) 403M->403M(494M) 0.068ms
[2024-08-23T15:35:02.360+0800] GC(510) User=0.00s Sys=0.00s Real=0.00s
[2024-08-23T15:35:02.360+0800] GC(511) Pause Full (Allocation Failure)
[2024-08-23T15:35:02.360+0800] GC(511) Phase 1: Mark live objects
[2024-08-23T15:35:02.361+0800] GC(511) Phase 1: Mark live objects 1.010ms
[2024-08-23T15:35:02.361+0800] GC(511) Phase 2: Compute new object addresses
[2024-08-23T15:35:02.361+0800] GC(511) Phase 2: Compute new object addresses 0.142ms
[2024-08-23T15:35:02.361+0800] GC(511) Phase 3: Adjust pointers
[2024-08-23T15:35:02.361+0800] GC(511) Phase 3: Adjust pointers 0.350ms
[2024-08-23T15:35:02.361+0800] GC(511) Phase 4: Move objects
[2024-08-23T15:35:02.362+0800] GC(511) Phase 4: Move objects 0.937ms
[2024-08-23T15:35:02.362+0800] GC(511) DefNew: 135865K(157248K)->0K(157248K) Eden: 135865K(139776K)->0K(139776K) From: 0K(17472K)->0K(17472K)
[2024-08-23T15:35:02.362+0800] GC(511) Tenured: 277249K(349568K)->12033K(349568K)
[2024-08-23T15:35:02.362+0800] GC(511) Metaspace: 308K(512K)->303K(512K) NonClass: 301K(384K)->297K(384K) Class: 7K(128K)->6K(128K)
[2024-08-23T15:35:02.362+0800] GC(511) Pause Full (Allocation Failure) 403M->11M(494M) 2.613ms
[2024-08-23T15:35:02.362+0800] GC(511) User=0.00s Sys=0.00s Real=0.00s
[2024-08-23T15:35:02.796+0800] GC(512) Pause Young (Allocation Failure)
[2024-08-23T15:35:02.801+0800] GC(512) DefNew: 94903K(157248K)->10240K(157248K) Eden: 94903K(139776K)->0K(139776K) From: 0K(17472K)->10240K(17472K)
[2024-08-23T15:35:02.801+0800] GC(512) Tenured: 12033K(349568K)->63233K(349568K)
[2024-08-23T15:35:02.801+0800] GC(512) Metaspace: 303K(512K)->303K(512K) NonClass: 297K(384K)->297K(384K) Class: 6K(128K)->6K(128K)
[2024-08-23T15:35:02.801+0800] GC(512) Pause Young (Allocation Failure) 104M->71M(494M) 4.777ms
[2024-08-23T15:35:02.801+0800] GC(512) User=0.00s Sys=0.00s Real=0.01s
[2024-08-23T15:35:03.795+0800] GC(513) Pause Young (Allocation Failure)
[2024-08-23T15:35:03.796+0800] GC(513) DefNew: 146114K(157248K)->10240K(157248K) Eden: 135874K(139776K)->0K(139776K) From: 10240K(17472K)->10240K(17472K)
[2024-08-23T15:35:03.796+0800] GC(513) Tenured: 63233K(349568K)->73473K(349568K)
[2024-08-23T15:35:03.796+0800] GC(513) Metaspace: 303K(512K)->303K(512K) NonClass: 297K(384K)->297K(384K) Class: 6K(128K)->6K(128K)
[2024-08-23T15:35:03.796+0800] GC(513) Pause Young (Allocation Failure) 204M->81M(494M) 1.855ms
[2024-08-23T15:35:03.796+0800] GC(513) User=0.00s Sys=0.00s Real=0.00s
[2024-08-23T15:35:05.537+0800] GC(514) Pause Young (Allocation Failure)
[2024-08-23T15:35:05.539+0800] GC(514) DefNew: 105149K(157248K)->5120K(157248K) Eden: 94909K(139776K)->0K(139776K) From: 10240K(17472K)->5120K(17472K)
[2024-08-23T15:35:05.539+0800] GC(514) Tenured: 73473K(349568K)->93953K(349568K)
[2024-08-23T15:35:05.539+0800] GC(514) Metaspace: 303K(512K)->303K(512K) NonClass: 297K(384K)->297K(384K) Class: 6K(128K)->6K(128K)
[2024-08-23T15:35:05.539+0800] GC(514) Pause Young (Allocation Failure) 174M->96M(494M) 2.324ms
[2024-08-23T15:35:05.539+0800] GC(514) User=0.00s Sys=0.00s Real=0.00s
[2024-08-23T15:35:05.647+0800] GC(515) Pause Young (Allocation Failure)
[2024-08-23T15:35:05.651+0800] GC(515) DefNew: 59078K(157248K)->5120K(157248K) Eden: 53958K(139776K)->0K(139776K) From: 5120K(17472K)->5120K(17472K)
[2024-08-23T15:35:05.651+0800] GC(515) Tenured: 93953K(349568K)->145153K(349568K)
[2024-08-23T15:35:05.651+0800] GC(515) Metaspace: 303K(512K)->303K(512K) NonClass: 297K(384K)->297K(384K) Class: 6K(128K)->6K(128K)
[2024-08-23T15:35:05.651+0800] GC(515) Pause Young (Allocation Failure) 149M->146M(494M) 4.478ms
[2024-08-23T15:35:05.651+0800] GC(515) User=0.00s Sys=0.00s Real=0.00s
[2024-08-23T15:35:06.643+0800] GC(516) Pause Young (Allocation Failure)
[2024-08-23T15:35:06.644+0800] GC(516) DefNew: 140998K(157248K)->15360K(157248K) Eden: 135878K(139776K)->0K(139776K) From: 5120K(17472K)->15360K(17472K)
[2024-08-23T15:35:06.644+0800] GC(516) Tenured: 145153K(349568K)->145153K(349568K)
[2024-08-23T15:35:06.644+0800] GC(516) Metaspace: 303K(512K)->303K(512K) NonClass: 297K(384K)->297K(384K) Class: 6K(128K)->6K(128K)
[2024-08-23T15:35:06.644+0800] GC(516) Pause Young (Allocation Failure) 279M->156M(494M) 1.871ms
[2024-08-23T15:35:06.645+0800] GC(516) User=0.00s Sys=0.00s Real=0.00s
[2024-08-23T15:35:07.079+0800] GC(517) Pause Young (Allocation Failure)
[2024-08-23T15:35:07.084+0800] GC(517) DefNew: 110271K(157248K)->0K(157248K) Eden: 94911K(139776K)->0K(139776K) From: 15360K(17472K)->0K(17472K)
[2024-08-23T15:35:07.084+0800] GC(517) Tenured: 145153K(349568K)->206593K(349568K)
[2024-08-23T15:35:07.084+0800] GC(517) Metaspace: 303K(512K)->303K(512K) NonClass: 297K(384K)->297K(384K) Class: 6K(128K)->6K(128K)
[2024-08-23T15:35:07.084+0800] GC(517) Pause Young (Allocation Failure) 249M->201M(494M) 5.762ms
[2024-08-23T15:35:07.084+0800] GC(517) User=0.00s Sys=0.00s Real=0.01s
[2024-08-23T15:35:08.391+0800] GC(518) Pause Young (Allocation Failure)
[2024-08-23T15:35:08.391+0800] GC(518) DefNew: 125639K(157248K)->5120K(157248K) Eden: 125639K(139776K)->0K(139776K) From: 0K(17472K)->5120K(17472K)
[2024-08-23T15:35:08.391+0800] GC(518) Tenured: 206593K(349568K)->206593K(349568K)
[2024-08-23T15:35:08.391+0800] GC(518) Metaspace: 303K(512K)->303K(512K) NonClass: 297K(384K)->297K(384K) Class: 6K(128K)->6K(128K)
[2024-08-23T15:35:08.391+0800] GC(518) Pause Young (Allocation Failure) 324M->206M(494M) 0.722ms
[2024-08-23T15:35:08.391+0800] GC(518) User=0.00s Sys=0.00s Real=0.00s
[2024-08-23T15:35:08.500+0800] GC(519) Pause Young (Allocation Failure)
[2024-08-23T15:35:08.504+0800] GC(519) DefNew: 59070K(157248K)->0K(157248K) Eden: 53950K(139776K)->0K(139776K) From: 5120K(17472K)->0K(17472K)
[2024-08-23T15:35:08.504+0800] GC(519) Tenured: 206593K(349568K)->257793K(349568K)
[2024-08-23T15:35:08.504+0800] GC(519) Metaspace: 303K(512K)->303K(512K) NonClass: 297K(384K)->297K(384K) Class: 6K(128K)->6K(128K)
[2024-08-23T15:35:08.504+0800] GC(519) Pause Young (Allocation Failure) 259M->251M(494M) 4.136ms
[2024-08-23T15:35:08.504+0800] GC(519) User=0.00s Sys=0.00s Real=0.00s
[2024-08-23T15:35:09.481+0800] GC(520) Pause Young (Allocation Failure)
[2024-08-23T15:35:09.481+0800] GC(520) Pause Young (Allocation Failure) 384M->384M(494M) 0.062ms
[2024-08-23T15:35:09.481+0800] GC(520) User=0.00s Sys=0.00s Real=0.00s
[2024-08-23T15:35:09.481+0800] GC(521) Pause Full (Allocation Failure)
[2024-08-23T15:35:09.481+0800] GC(521) Phase 1: Mark live objects
[2024-08-23T15:35:09.481+0800] GC(521) Phase 1: Mark live objects 0.603ms
[2024-08-23T15:35:09.481+0800] GC(521) Phase 2: Compute new object addresses
[2024-08-23T15:35:09.482+0800] GC(521) Phase 2: Compute new object addresses 0.154ms
[2024-08-23T15:35:09.482+0800] GC(521) Phase 3: Adjust pointers
[2024-08-23T15:35:09.482+0800] GC(521) Phase 3: Adjust pointers 0.336ms
[2024-08-23T15:35:09.482+0800] GC(521) Phase 4: Move objects
[2024-08-23T15:35:09.492+0800] GC(521) Phase 4: Move objects 9.139ms
[2024-08-23T15:35:09.492+0800] GC(521) DefNew: 135870K(157248K)->0K(157248K) Eden: 135870K(139776K)->0K(139776K) From: 0K(17472K)->0K(17472K)
[2024-08-23T15:35:09.492+0800] GC(521) Tenured: 257793K(349568K)->113409K(349568K)
[2024-08-23T15:35:09.492+0800] GC(521) Metaspace: 303K(512K)->303K(512K) NonClass: 297K(384K)->297K(384K) Class: 6K(128K)->6K(128K)
[2024-08-23T15:35:09.492+0800] GC(521) Pause Full (Allocation Failure) 384M->110M(494M) 10.402ms
[2024-08-23T15:35:09.492+0800] GC(521) User=0.00s Sys=0.00s Real=0.01s
[2024-08-23T15:35:09.935+0800] GC(522) Pause Young (Allocation Failure)
[2024-08-23T15:35:09.939+0800] GC(522) DefNew: 94906K(157248K)->0K(157248K) Eden: 94906K(139776K)->0K(139776K) From: 0K(17472K)->0K(17472K)
[2024-08-23T15:35:09.939+0800] GC(522) Tenured: 113409K(349568K)->164609K(349568K)
[2024-08-23T15:35:09.939+0800] GC(522) Metaspace: 303K(512K)->303K(512K) NonClass: 297K(384K)->297K(384K) Class: 6K(128K)->6K(128K)
[2024-08-23T15:35:09.939+0800] GC(522) Pause Young (Allocation Failure) 203M->160M(494M) 4.216ms
[2024-08-23T15:35:09.939+0800] GC(522) User=0.00s Sys=0.00s Real=0.00s
[2024-08-23T15:35:10.916+0800] GC(523) Pause Young (Allocation Failure)
[2024-08-23T15:35:10.916+0800] GC(523) DefNew: 135876K(157248K)->6144K(157248K) Eden: 135876K(139776K)->0K(139776K) From: 0K(17472K)->6144K(17472K)
[2024-08-23T15:35:10.916+0800] GC(523) Tenured: 164609K(349568K)->164609K(349568K)
[2024-08-23T15:35:10.916+0800] GC(523) Metaspace: 303K(512K)->303K(512K) NonClass: 297K(384K)->297K(384K) Class: 6K(128K)->6K(128K)
[2024-08-23T15:35:10.916+0800] GC(523) Pause Young (Allocation Failure) 293M->166M(494M) 0.681ms
[2024-08-23T15:35:10.916+0800] GC(523) User=0.00s Sys=0.00s Real=0.00s
[2024-08-23T15:35:11.352+0800] GC(524) Pause Young (Allocation Failure)
[2024-08-23T15:35:11.356+0800] GC(524) DefNew: 101054K(157248K)->6144K(157248K) Eden: 94910K(139776K)->0K(139776K) From: 6144K(17472K)->6144K(17472K)
[2024-08-23T15:35:11.356+0800] GC(524) Tenured: 164609K(349568K)->215809K(349568K)
[2024-08-23T15:35:11.356+0800] GC(524) Metaspace: 303K(512K)->303K(512K) NonClass: 297K(384K)->297K(384K) Class: 6K(128K)->6K(128K)
[2024-08-23T15:35:11.356+0800] GC(524) Pause Young (Allocation Failure) 259M->216M(494M) 4.529ms
[2024-08-23T15:35:11.356+0800] GC(524) User=0.00s Sys=0.00s Real=0.00s
[2024-08-23T15:35:12.566+0800] GC(525) Pause Young (Allocation Failure)
[2024-08-23T15:35:12.568+0800] GC(525) DefNew: 136903K(157248K)->10240K(157248K) Eden: 130759K(139776K)->0K(139776K) From: 6144K(17472K)->10240K(17472K)
[2024-08-23T15:35:12.568+0800] GC(525) Tenured: 215809K(349568K)->226049K(349568K)
[2024-08-23T15:35:12.568+0800] GC(525) Metaspace: 303K(512K)->303K(512K) NonClass: 297K(384K)->297K(384K) Class: 6K(128K)->6K(128K)
[2024-08-23T15:35:12.568+0800] GC(525) Pause Young (Allocation Failure) 344M->230M(494M) 1.835ms
[2024-08-23T15:35:12.568+0800] GC(525) User=0.00s Sys=0.00s Real=0.00s
[2024-08-23T15:35:12.786+0800] GC(526) Pause Young (Allocation Failure)
[2024-08-23T15:35:12.789+0800] GC(526) DefNew: 84671K(157248K)->0K(157248K) Eden: 74431K(139776K)->0K(139776K) From: 10240K(17472K)->0K(17472K)
[2024-08-23T15:35:12.789+0800] GC(526) Tenured: 226049K(349568K)->277249K(349568K)
[2024-08-23T15:35:12.789+0800] GC(526) Metaspace: 303K(512K)->303K(512K) NonClass: 297K(384K)->297K(384K) Class: 6K(128K)->6K(128K)
[2024-08-23T15:35:12.789+0800] GC(526) Pause Young (Allocation Failure) 303M->270M(494M) 4.226ms
[2024-08-23T15:35:12.789+0800] GC(526) User=0.00s Sys=0.00s Real=0.00s
[2024-08-23T15:35:13.767+0800] GC(527) Pause Young (Allocation Failure)
[2024-08-23T15:35:13.767+0800] GC(527) Pause Young (Allocation Failure) 403M->403M(494M) 0.062ms
[2024-08-23T15:35:13.767+0800] GC(527) User=0.00s Sys=0.00s Real=0.00s
[2024-08-23T15:35:13.767+0800] GC(528) Pause Full (Allocation Failure)
[2024-08-23T15:35:13.767+0800] GC(528) Phase 1: Mark live objects
[2024-08-23T15:35:13.767+0800] GC(528) Phase 1: Mark live objects 0.639ms
[2024-08-23T15:35:13.767+0800] GC(528) Phase 2: Compute new object addresses
[2024-08-23T15:35:13.768+0800] GC(528) Phase 2: Compute new object addresses 0.137ms
[2024-08-23T15:35:13.768+0800] GC(528) Phase 3: Adjust pointers
[2024-08-23T15:35:13.768+0800] GC(528) Phase 3: Adjust pointers 0.353ms
[2024-08-23T15:35:13.768+0800] GC(528) Phase 4: Move objects
[2024-08-23T15:35:13.770+0800] GC(528) Phase 4: Move objects 1.875ms
[2024-08-23T15:35:13.770+0800] GC(528) DefNew: 135877K(157248K)->0K(157248K) Eden: 135877K(139776K)->0K(139776K) From: 0K(17472K)->0K(17472K)
[2024-08-23T15:35:13.770+0800] GC(528) Tenured: 277249K(349568K)->21246K(349568K)
[2024-08-23T15:35:13.770+0800] GC(528) Metaspace: 303K(512K)->303K(512K) NonClass: 297K(384K)->297K(384K) Class: 6K(128K)->6K(128K)
[2024-08-23T15:35:13.770+0800] GC(528) Pause Full (Allocation Failure) 403M->20M(494M) 3.163ms
[2024-08-23T15:35:13.770+0800] GC(528) User=0.00s Sys=0.00s Real=0.00s
[2024-08-23T15:35:14.205+0800] GC(529) Pause Young (Allocation Failure)
[2024-08-23T15:35:14.210+0800] GC(529) DefNew: 94910K(157248K)->10240K(157248K) Eden: 94910K(139776K)->0K(139776K) From: 0K(17472K)->10240K(17472K)
[2024-08-23T15:35:14.210+0800] GC(529) Tenured: 21246K(349568K)->72446K(349568K)
[2024-08-23T15:35:14.210+0800] GC(529) Metaspace: 303K(512K)->303K(512K) NonClass: 297K(384K)->297K(384K) Class: 6K(128K)->6K(128K)
[2024-08-23T15:35:14.210+0800] GC(529) Pause Young (Allocation Failure) 113M->80M(494M) 5.131ms
[2024-08-23T15:35:14.210+0800] GC(529) User=0.00s Sys=0.00s Real=0.01s
[2024-08-23T15:35:15.202+0800] GC(530) Pause Young (Allocation Failure)
[2024-08-23T15:35:15.203+0800] GC(530) DefNew: 146119K(157248K)->10240K(157248K) Eden: 135879K(139776K)->0K(139776K) From: 10240K(17472K)->10240K(17472K)
[2024-08-23T15:35:15.203+0800] GC(530) Tenured: 72446K(349568K)->82686K(349568K)
[2024-08-23T15:35:15.204+0800] GC(530) Metaspace: 303K(512K)->303K(512K) NonClass: 297K(384K)->297K(384K) Class: 6K(128K)->6K(128K)
[2024-08-23T15:35:15.204+0800] GC(530) Pause Young (Allocation Failure) 213M->90M(494M) 1.804ms
[2024-08-23T15:35:15.204+0800] GC(530) User=0.00s Sys=0.00s Real=0.00s
[2024-08-23T15:35:16.945+0800] GC(531) Pause Young (Allocation Failure)
[2024-08-23T15:35:16.947+0800] GC(531) DefNew: 120512K(157248K)->5120K(157248K) Eden: 110272K(139776K)->0K(139776K) From: 10240K(17472K)->5120K(17472K)
[2024-08-23T15:35:16.947+0800] GC(531) Tenured: 82686K(349568K)->103166K(349568K)
[2024-08-23T15:35:16.947+0800] GC(531) Metaspace: 303K(512K)->303K(512K) NonClass: 297K(384K)->297K(384K) Class: 6K(128K)->6K(128K)
[2024-08-23T15:35:16.947+0800] GC(531) Pause Young (Allocation Failure) 198M->105M(494M) 2.335ms
[2024-08-23T15:35:16.947+0800] GC(531) User=0.00s Sys=0.00s Real=0.00s
[2024-08-23T15:35:17.053+0800] GC(532) Pause Young (Allocation Failure)
[2024-08-23T15:35:17.058+0800] GC(532) DefNew: 59081K(157248K)->5120K(157248K) Eden: 53961K(139776K)->0K(139776K) From: 5120K(17472K)->5120K(17472K)
[2024-08-23T15:35:17.058+0800] GC(532) Tenured: 103166K(349568K)->154366K(349568K)
[2024-08-23T15:35:17.058+0800] GC(532) Metaspace: 303K(512K)->303K(512K) NonClass: 297K(384K)->297K(384K) Class: 6K(128K)->6K(128K)
[2024-08-23T15:35:17.058+0800] GC(532) Pause Young (Allocation Failure) 158M->155M(494M) 4.738ms
[2024-08-23T15:35:17.058+0800] GC(532) User=0.00s Sys=0.00s Real=0.01s
[2024-08-23T15:35:18.037+0800] GC(533) Pause Young (Allocation Failure)
[2024-08-23T15:35:18.037+0800] GC(533) DefNew: 141001K(157248K)->15360K(157248K) Eden: 135881K(139776K)->0K(139776K) From: 5120K(17472K)->15360K(17472K)
[2024-08-23T15:35:18.037+0800] GC(533) Tenured: 154366K(349568K)->154366K(349568K)
[2024-08-23T15:35:18.037+0800] GC(533) Metaspace: 303K(512K)->303K(512K) NonClass: 297K(384K)->297K(384K) Class: 6K(128K)->6K(128K)
[2024-08-23T15:35:18.037+0800] GC(533) Pause Young (Allocation Failure) 288M->165M(494M) 1.351ms
[2024-08-23T15:35:18.037+0800] GC(533) User=0.00s Sys=0.00s Real=0.00s
[2024-08-23T15:35:18.473+0800] GC(534) Pause Young (Allocation Failure)
[2024-08-23T15:35:18.478+0800] GC(534) DefNew: 110273K(157248K)->0K(157248K) Eden: 94913K(139776K)->0K(139776K) From: 15360K(17472K)->0K(17472K)
[2024-08-23T15:35:18.478+0800] GC(534) Tenured: 154366K(349568K)->215806K(349568K)
[2024-08-23T15:35:18.478+0800] GC(534) Metaspace: 303K(512K)->303K(512K) NonClass: 297K(384K)->297K(384K) Class: 6K(128K)->6K(128K)
[2024-08-23T15:35:18.478+0800] GC(534) Pause Young (Allocation Failure) 258M->210M(494M) 5.083ms
[2024-08-23T15:35:18.478+0800] GC(534) User=0.00s Sys=0.00s Real=0.00s
[2024-08-23T15:35:19.904+0800] GC(535) Pause Young (Allocation Failure)
[2024-08-23T15:35:19.904+0800] GC(535) DefNew: 130760K(157248K)->5120K(157248K) Eden: 130760K(139776K)->0K(139776K) From: 0K(17472K)->5120K(17472K)
[2024-08-23T15:35:19.904+0800] GC(535) Tenured: 215806K(349568K)->215806K(349568K)
[2024-08-23T15:35:19.904+0800] GC(535) Metaspace: 303K(512K)->303K(512K) NonClass: 297K(384K)->297K(384K) Class: 6K(128K)->6K(128K)
[2024-08-23T15:35:19.904+0800] GC(535) Pause Young (Allocation Failure) 338M->215M(494M) 0.579ms
[2024-08-23T15:35:19.904+0800] GC(535) User=0.00s Sys=0.00s Real=0.00s
[2024-08-23T15:35:20.886+0800] GC(536) Pause Young (Allocation Failure)
[2024-08-23T15:35:20.886+0800] GC(536) DefNew: 140992K(157248K)->6144K(157248K) Eden: 135872K(139776K)->0K(139776K) From: 5120K(17472K)->6144K(17472K)
[2024-08-23T15:35:20.886+0800] GC(536) Tenured: 215806K(349568K)->215806K(349568K)
[2024-08-23T15:35:20.886+0800] GC(536) Metaspace: 303K(512K)->303K(512K) NonClass: 297K(384K)->297K(384K) Class: 6K(128K)->6K(128K)
[2024-08-23T15:35:20.886+0800] GC(536) Pause Young (Allocation Failure) 348M->216M(494M) 0.652ms
[2024-08-23T15:35:20.886+0800] GC(536) User=0.00s Sys=0.00s Real=0.00s
[2024-08-23T15:35:21.322+0800] GC(537) Pause Young (Allocation Failure)
[2024-08-23T15:35:21.326+0800] GC(537) DefNew: 101066K(157248K)->6144K(157248K) Eden: 94922K(139776K)->0K(139776K) From: 6144K(17472K)->6144K(17472K)
[2024-08-23T15:35:21.326+0800] GC(537) Tenured: 215806K(349568K)->267006K(349568K)
[2024-08-23T15:35:21.326+0800] GC(537) Metaspace: 303K(512K)->303K(512K) NonClass: 297K(384K)->297K(384K) Class: 6K(128K)->6K(128K)
[2024-08-23T15:35:21.326+0800] GC(537) Pause Young (Allocation Failure) 309M->266M(494M) 4.403ms
[2024-08-23T15:35:21.326+0800] GC(537) User=0.00s Sys=0.00s Real=0.00s
[2024-08-23T15:35:22.320+0800] GC(538) Pause Young (Allocation Failure)
[2024-08-23T15:35:22.320+0800] GC(538) Pause Young (Allocation Failure) 399M->399M(494M) 0.061ms
[2024-08-23T15:35:22.320+0800] GC(538) User=0.00s Sys=0.00s Real=0.00s
[2024-08-23T15:35:22.320+0800] GC(539) Pause Full (Allocation Failure)
[2024-08-23T15:35:22.320+0800] GC(539) Phase 1: Mark live objects
[2024-08-23T15:35:22.321+0800] GC(539) Phase 1: Mark live objects 0.626ms
[2024-08-23T15:35:22.321+0800] GC(539) Phase 2: Compute new object addresses
[2024-08-23T15:35:22.321+0800] GC(539) Phase 2: Compute new object addresses 0.134ms
[2024-08-23T15:35:22.321+0800] GC(539) Phase 3: Adjust pointers
[2024-08-23T15:35:22.321+0800] GC(539) Phase 3: Adjust pointers 0.350ms
[2024-08-23T15:35:22.321+0800] GC(539) Phase 4: Move objects
[2024-08-23T15:35:22.322+0800] GC(539) Phase 4: Move objects 0.967ms
[2024-08-23T15:35:22.322+0800] GC(539) DefNew: 142030K(157248K)->0K(157248K) Eden: 135886K(139776K)->0K(139776K) From: 6144K(17472K)->0K(17472K)
[2024-08-23T15:35:22.322+0800] GC(539) Tenured: 267006K(349568K)->13054K(349568K)
[2024-08-23T15:35:22.322+0800] GC(539) Metaspace: 303K(512K)->303K(512K) NonClass: 297K(384K)->297K(384K) Class: 6K(128K)->6K(128K)
[2024-08-23T15:35:22.322+0800] GC(539) Pause Full (Allocation Failure) 399M->12M(494M) 2.231ms
[2024-08-23T15:35:22.322+0800] GC(539) User=0.02s Sys=0.00s Real=0.00s
[2024-08-23T15:35:22.757+0800] GC(540) Pause Young (Allocation Failure)
[2024-08-23T15:35:22.761+0800] GC(540) DefNew: 94916K(157248K)->10240K(157248K) Eden: 94916K(139776K)->0K(139776K) From: 0K(17472K)->10240K(17472K)
[2024-08-23T15:35:22.761+0800] GC(540) Tenured: 13054K(349568K)->64254K(349568K)
[2024-08-23T15:35:22.761+0800] GC(540) Metaspace: 303K(512K)->303K(512K) NonClass: 297K(384K)->297K(384K) Class: 6K(128K)->6K(128K)
[2024-08-23T15:35:22.761+0800] GC(540) Pause Young (Allocation Failure) 105M->72M(494M) 5.025ms
[2024-08-23T15:35:22.761+0800] GC(540) User=0.00s Sys=0.00s Real=0.00s
[2024-08-23T15:35:23.972+0800] GC(541) Pause Young (Allocation Failure)
[2024-08-23T15:35:23.972+0800] GC(541) DefNew: 141003K(157248K)->10240K(157248K) Eden: 130763K(139776K)->0K(139776K) From: 10240K(17472K)->10240K(17472K)
[2024-08-23T15:35:23.972+0800] GC(541) Tenured: 64254K(349568K)->64254K(349568K)
[2024-08-23T15:35:23.972+0800] GC(541) Metaspace: 303K(512K)->303K(512K) NonClass: 297K(384K)->297K(384K) Class: 6K(128K)->6K(128K)
[2024-08-23T15:35:23.972+0800] GC(541) Pause Young (Allocation Failure) 200M->72M(494M) 0.992ms
[2024-08-23T15:35:23.972+0800] GC(541) User=0.00s Sys=0.00s Real=0.00s
[2024-08-23T15:35:24.190+0800] GC(542) Pause Young (Allocation Failure)
[2024-08-23T15:35:24.195+0800] GC(542) DefNew: 84673K(157248K)->0K(157248K) Eden: 74433K(139776K)->0K(139776K) From: 10240K(17472K)->0K(17472K)
[2024-08-23T15:35:24.195+0800] GC(542) Tenured: 64254K(349568K)->125694K(349568K)
[2024-08-23T15:35:24.195+0800] GC(542) Metaspace: 303K(512K)->303K(512K) NonClass: 297K(384K)->297K(384K) Class: 6K(128K)->6K(128K)
[2024-08-23T15:35:24.195+0800] GC(542) Pause Young (Allocation Failure) 145M->122M(494M) 5.378ms
[2024-08-23T15:35:24.195+0800] GC(542) User=0.00s Sys=0.00s Real=0.00s
[2024-08-23T15:35:25.171+0800] GC(543) Pause Young (Allocation Failure)
[2024-08-23T15:35:25.172+0800] GC(543) DefNew: 135879K(157248K)->10240K(157248K) Eden: 135879K(139776K)->0K(139776K) From: 0K(17472K)->10240K(17472K)
[2024-08-23T15:35:25.172+0800] GC(543) Tenured: 125694K(349568K)->125694K(349568K)
[2024-08-23T15:35:25.172+0800] GC(543) Metaspace: 303K(512K)->303K(512K) NonClass: 297K(384K)->297K(384K) Class: 6K(128K)->6K(128K)
[2024-08-23T15:35:25.172+0800] GC(543) Pause Young (Allocation Failure) 255M->132M(494M) 1.091ms
[2024-08-23T15:35:25.172+0800] GC(543) User=0.00s Sys=0.00s Real=0.00s
[2024-08-23T15:35:25.607+0800] GC(544) Pause Young (Allocation Failure)
[2024-08-23T15:35:25.612+0800] GC(544) DefNew: 105152K(157248K)->0K(157248K) Eden: 94912K(139776K)->0K(139776K) From: 10240K(17472K)->0K(17472K)
[2024-08-23T15:35:25.612+0800] GC(544) Tenured: 125694K(349568K)->202494K(349568K)
[2024-08-23T15:35:25.612+0800] GC(544) Metaspace: 303K(512K)->303K(512K) NonClass: 297K(384K)->297K(384K) Class: 6K(128K)->6K(128K)
[2024-08-23T15:35:25.612+0800] GC(544) Pause Young (Allocation Failure) 225M->197M(494M) 6.178ms
[2024-08-23T15:35:25.612+0800] GC(544) User=0.00s Sys=0.00s Real=0.00s
[2024-08-23T15:35:26.604+0800] GC(545) Pause Young (Allocation Failure)
[2024-08-23T15:35:26.605+0800] GC(545) DefNew: 135880K(157248K)->10240K(157248K) Eden: 135880K(139776K)->0K(139776K) From: 0K(17472K)->10240K(17472K)
[2024-08-23T15:35:26.605+0800] GC(545) Tenured: 202494K(349568K)->202494K(349568K)
[2024-08-23T15:35:26.605+0800] GC(545) Metaspace: 303K(512K)->303K(512K) NonClass: 297K(384K)->297K(384K) Class: 6K(128K)->6K(128K)
[2024-08-23T15:35:26.605+0800] GC(545) Pause Young (Allocation Failure) 330M->207M(494M) 1.085ms
[2024-08-23T15:35:26.605+0800] GC(545) User=0.00s Sys=0.00s Real=0.00s
[2024-08-23T15:35:28.238+0800] GC(546) Pause Young (Allocation Failure)
[2024-08-23T15:35:28.239+0800] GC(546) DefNew: 146112K(157248K)->15360K(157248K) Eden: 135872K(139776K)->0K(139776K) From: 10240K(17472K)->15360K(17472K)
[2024-08-23T15:35:28.239+0800] GC(546) Tenured: 202494K(349568K)->202494K(349568K)
[2024-08-23T15:35:28.239+0800] GC(546) Metaspace: 303K(512K)->303K(512K) NonClass: 297K(384K)->297K(384K) Class: 6K(128K)->6K(128K)
[2024-08-23T15:35:28.239+0800] GC(546) Pause Young (Allocation Failure) 340M->212M(494M) 1.368ms
[2024-08-23T15:35:28.239+0800] GC(546) User=0.00s Sys=0.00s Real=0.00s
[2024-08-23T15:35:28.454+0800] GC(547) Pause Young (Allocation Failure)
[2024-08-23T15:35:28.458+0800] GC(547) DefNew: 89802K(157248K)->0K(157248K) Eden: 74442K(139776K)->0K(139776K) From: 15360K(17472K)->0K(17472K)
[2024-08-23T15:35:28.458+0800] GC(547) Tenured: 202494K(349568K)->258814K(349568K)
[2024-08-23T15:35:28.458+0800] GC(547) Metaspace: 303K(512K)->303K(512K) NonClass: 297K(384K)->297K(384K) Class: 6K(128K)->6K(128K)
[2024-08-23T15:35:28.458+0800] GC(547) Pause Young (Allocation Failure) 285M->252M(494M) 4.594ms
[2024-08-23T15:35:28.458+0800] GC(547) User=0.00s Sys=0.00s Real=0.00s
[2024-08-23T15:35:29.450+0800] GC(548) Pause Young (Allocation Failure)
[2024-08-23T15:35:29.450+0800] GC(548) Pause Young (Allocation Failure) 385M->385M(494M) 0.090ms
[2024-08-23T15:35:29.450+0800] GC(548) User=0.00s Sys=0.00s Real=0.00s
[2024-08-23T15:35:29.450+0800] GC(549) Pause Full (Allocation Failure)
[2024-08-23T15:35:29.450+0800] GC(549) Phase 1: Mark live objects
[2024-08-23T15:35:29.451+0800] GC(549) Phase 1: Mark live objects 0.626ms
[2024-08-23T15:35:29.451+0800] GC(549) Phase 2: Compute new object addresses
[2024-08-23T15:35:29.451+0800] GC(549) Phase 2: Compute new object addresses 0.158ms
[2024-08-23T15:35:29.451+0800] GC(549) Phase 3: Adjust pointers
[2024-08-23T15:35:29.451+0800] GC(549) Phase 3: Adjust pointers 0.354ms
[2024-08-23T15:35:29.451+0800] GC(549) Phase 4: Move objects
[2024-08-23T15:35:29.462+0800] GC(549) Phase 4: Move objects 10.037ms
[2024-08-23T15:35:29.462+0800] GC(549) DefNew: 135857K(157248K)->0K(157248K) Eden: 135857K(139776K)->0K(139776K) From: 0K(17472K)->0K(17472K)
[2024-08-23T15:35:29.462+0800] GC(549) Tenured: 258814K(349568K)->118526K(349568K)
[2024-08-23T15:35:29.462+0800] GC(549) Metaspace: 303K(512K)->303K(512K) NonClass: 297K(384K)->297K(384K) Class: 6K(128K)->6K(128K)
[2024-08-23T15:35:29.462+0800] GC(549) Pause Full (Allocation Failure) 385M->115M(494M) 11.373ms
[2024-08-23T15:35:29.462+0800] GC(549) User=0.00s Sys=0.00s Real=0.01s
[2024-08-23T15:35:29.899+0800] GC(550) Pause Young (Allocation Failure)
[2024-08-23T15:35:29.903+0800] GC(550) DefNew: 94898K(157248K)->0K(157248K) Eden: 94898K(139776K)->0K(139776K) From: 0K(17472K)->0K(17472K)
[2024-08-23T15:35:29.903+0800] GC(550) Tenured: 118526K(349568K)->169726K(349568K)
[2024-08-23T15:35:29.903+0800] GC(550) Metaspace: 303K(512K)->303K(512K) NonClass: 297K(384K)->297K(384K) Class: 6K(128K)->6K(128K)
[2024-08-23T15:35:29.903+0800] GC(550) Pause Young (Allocation Failure) 208M->165M(494M) 4.178ms
[2024-08-23T15:35:29.903+0800] GC(550) User=0.00s Sys=0.00s Real=0.00s
[2024-08-23T15:35:31.641+0800] GC(551) Pause Young (Allocation Failure)
[2024-08-23T15:35:31.641+0800] GC(551) DefNew: 137919K(157248K)->1024K(157248K) Eden: 137919K(139776K)->0K(139776K) From: 0K(17472K)->1024K(17472K)
[2024-08-23T15:35:31.641+0800] GC(551) Tenured: 169726K(349568K)->169726K(349568K)
[2024-08-23T15:35:31.641+0800] GC(551) Metaspace: 303K(512K)->303K(512K) NonClass: 297K(384K)->297K(384K) Class: 6K(128K)->6K(128K)
[2024-08-23T15:35:31.641+0800] GC(551) Pause Young (Allocation Failure) 300M->166M(494M) 0.313ms
[2024-08-23T15:35:31.641+0800] GC(551) User=0.00s Sys=0.00s Real=0.00s
[2024-08-23T15:35:32.732+0800] GC(552) Pause Young (Allocation Failure)
[2024-08-23T15:35:32.737+0800] GC(552) DefNew: 126651K(157248K)->11264K(157248K) Eden: 125627K(139776K)->0K(139776K) From: 1024K(17472K)->11264K(17472K)
[2024-08-23T15:35:32.737+0800] GC(552) Tenured: 169726K(349568K)->220926K(349568K)
[2024-08-23T15:35:32.737+0800] GC(552) Metaspace: 303K(512K)->303K(512K) NonClass: 297K(384K)->297K(384K) Class: 6K(128K)->6K(128K)
[2024-08-23T15:35:32.737+0800] GC(552) Pause Young (Allocation Failure) 289M->226M(494M) 5.231ms
[2024-08-23T15:35:32.737+0800] GC(552) User=0.00s Sys=0.00s Real=0.00s
[2024-08-23T15:35:33.714+0800] GC(553) Pause Young (Allocation Failure)
[2024-08-23T15:35:33.715+0800] GC(553) DefNew: 147142K(157248K)->10240K(157248K) Eden: 135878K(139776K)->0K(139776K) From: 11264K(17472K)->10240K(17472K)
[2024-08-23T15:35:33.716+0800] GC(553) Tenured: 220926K(349568K)->232190K(349568K)
[2024-08-23T15:35:33.716+0800] GC(553) Metaspace: 303K(512K)->303K(512K) NonClass: 297K(384K)->297K(384K) Class: 6K(128K)->6K(128K)
[2024-08-23T15:35:33.716+0800] GC(553) Pause Young (Allocation Failure) 359M->236M(494M) 1.929ms
[2024-08-23T15:35:33.716+0800] GC(553) User=0.00s Sys=0.00s Real=0.00s
[2024-08-23T15:35:34.151+0800] GC(554) Pause Young (Allocation Failure)
[2024-08-23T15:35:34.157+0800] GC(554) DefNew: 105151K(157248K)->10240K(157248K) Eden: 94911K(139776K)->0K(139776K) From: 10240K(17472K)->10240K(17472K)
[2024-08-23T15:35:34.157+0800] GC(554) Tenured: 232190K(349568K)->288510K(349568K)
[2024-08-23T15:35:34.157+0800] GC(554) Metaspace: 303K(512K)->303K(512K) NonClass: 297K(384K)->297K(384K) Class: 6K(128K)->6K(128K)
[2024-08-23T15:35:34.157+0800] GC(554) Pause Young (Allocation Failure) 329M->291M(494M) 6.122ms
[2024-08-23T15:35:34.157+0800] GC(554) User=0.00s Sys=0.00s Real=0.01s
[2024-08-23T15:35:35.368+0800] GC(555) Pause Young (Allocation Failure)
[2024-08-23T15:35:35.368+0800] GC(555) Pause Young (Allocation Failure) 414M->414M(494M) 0.062ms
[2024-08-23T15:35:35.368+0800] GC(555) User=0.00s Sys=0.00s Real=0.00s
[2024-08-23T15:35:35.368+0800] GC(556) Pause Full (Allocation Failure)
[2024-08-23T15:35:35.368+0800] GC(556) Phase 1: Mark live objects
[2024-08-23T15:35:35.369+0800] GC(556) Phase 1: Mark live objects 0.633ms
[2024-08-23T15:35:35.369+0800] GC(556) Phase 2: Compute new object addresses
[2024-08-23T15:35:35.369+0800] GC(556) Phase 2: Compute new object addresses 0.142ms
[2024-08-23T15:35:35.369+0800] GC(556) Phase 3: Adjust pointers
[2024-08-23T15:35:35.369+0800] GC(556) Phase 3: Adjust pointers 0.353ms
[2024-08-23T15:35:35.369+0800] GC(556) Phase 4: Move objects
[2024-08-23T15:35:35.370+0800] GC(556) Phase 4: Move objects 0.896ms
[2024-08-23T15:35:35.370+0800] GC(556) DefNew: 135879K(157248K)->0K(157248K) Eden: 125639K(139776K)->0K(139776K) From: 10240K(17472K)->0K(17472K)
[2024-08-23T15:35:35.370+0800] GC(556) Tenured: 288510K(349568K)->11006K(349568K)
[2024-08-23T15:35:35.370+0800] GC(556) Metaspace: 303K(512K)->303K(512K) NonClass: 297K(384K)->297K(384K) Class: 6K(128K)->6K(128K)
[2024-08-23T15:35:35.370+0800] GC(556) Pause Full (Allocation Failure) 414M->10M(494M) 2.179ms
[2024-08-23T15:35:35.370+0800] GC(556) User=0.00s Sys=0.00s Real=0.00s
[2024-08-23T15:35:35.587+0800] GC(557) Pause Young (Allocation Failure)
[2024-08-23T15:35:35.592+0800] GC(557) DefNew: 74430K(157248K)->0K(157248K) Eden: 74430K(139776K)->0K(139776K) From: 0K(17472K)->0K(17472K)
[2024-08-23T15:35:35.592+0800] GC(557) Tenured: 11006K(349568K)->82686K(349568K)
[2024-08-23T15:35:35.592+0800] GC(557) Metaspace: 303K(512K)->303K(512K) NonClass: 297K(384K)->297K(384K) Class: 6K(128K)->6K(128K)
[2024-08-23T15:35:35.592+0800] GC(557) Pause Young (Allocation Failure) 83M->80M(494M) 5.622ms
[2024-08-23T15:35:35.592+0800] GC(557) User=0.00s Sys=0.00s Real=0.01s
[2024-08-23T15:35:36.585+0800] GC(558) Pause Young (Allocation Failure)
[2024-08-23T15:35:36.586+0800] GC(558) DefNew: 135877K(157248K)->10240K(157248K) Eden: 135877K(139776K)->0K(139776K) From: 0K(17472K)->10240K(17472K)
[2024-08-23T15:35:36.586+0800] GC(558) Tenured: 82686K(349568K)->82686K(349568K)
[2024-08-23T15:35:36.586+0800] GC(558) Metaspace: 303K(512K)->303K(512K) NonClass: 297K(384K)->297K(384K) Class: 6K(128K)->6K(128K)
[2024-08-23T15:35:36.586+0800] GC(558) Pause Young (Allocation Failure) 213M->90M(494M) 1.043ms
[2024-08-23T15:35:36.586+0800] GC(558) User=0.00s Sys=0.00s Real=0.00s
[2024-08-23T15:35:37.023+0800] GC(559) Pause Young (Allocation Failure)
[2024-08-23T15:35:37.028+0800] GC(559) DefNew: 105150K(157248K)->0K(157248K) Eden: 94910K(139776K)->0K(139776K) From: 10240K(17472K)->0K(17472K)
[2024-08-23T15:35:37.028+0800] GC(559) Tenured: 82686K(349568K)->139006K(349568K)
[2024-08-23T15:35:37.028+0800] GC(559) Metaspace: 303K(512K)->303K(512K) NonClass: 297K(384K)->297K(384K) Class: 6K(128K)->6K(128K)
[2024-08-23T15:35:37.028+0800] GC(559) Pause Young (Allocation Failure) 183M->135M(494M) 4.573ms
[2024-08-23T15:35:37.028+0800] GC(559) User=0.02s Sys=0.00s Real=0.01s
[2024-08-23T15:35:38.008+0800] GC(560) Pause Young (Allocation Failure)
[2024-08-23T15:35:38.009+0800] GC(560) DefNew: 135879K(157248K)->10240K(157248K) Eden: 135879K(139776K)->0K(139776K) From: 0K(17472K)->10240K(17472K)
[2024-08-23T15:35:38.009+0800] GC(560) Tenured: 139006K(349568K)->139006K(349568K)
[2024-08-23T15:35:38.009+0800] GC(560) Metaspace: 303K(512K)->303K(512K) NonClass: 297K(384K)->297K(384K) Class: 6K(128K)->6K(128K)
[2024-08-23T15:35:38.009+0800] GC(560) Pause Young (Allocation Failure) 268M->145M(494M) 1.076ms
[2024-08-23T15:35:38.009+0800] GC(560) User=0.00s Sys=0.00s Real=0.00s
[2024-08-23T15:35:38.444+0800] GC(561) Pause Young (Allocation Failure)
[2024-08-23T15:35:38.449+0800] GC(561) DefNew: 105152K(157248K)->0K(157248K) Eden: 94912K(139776K)->0K(139776K) From: 10240K(17472K)->0K(17472K)
[2024-08-23T15:35:38.449+0800] GC(561) Tenured: 139006K(349568K)->195326K(349568K)
[2024-08-23T15:35:38.449+0800] GC(561) Metaspace: 303K(512K)->303K(512K) NonClass: 297K(384K)->297K(384K) Class: 6K(128K)->6K(128K)
[2024-08-23T15:35:38.449+0800] GC(561) Pause Young (Allocation Failure) 238M->190M(494M) 5.095ms
[2024-08-23T15:35:38.449+0800] GC(561) User=0.00s Sys=0.00s Real=0.00s
[2024-08-23T15:35:39.546+0800] GC(562) Pause Young (Allocation Failure)
[2024-08-23T15:35:39.547+0800] GC(562) DefNew: 130760K(157248K)->15360K(157248K) Eden: 130760K(139776K)->0K(139776K) From: 0K(17472K)->15360K(17472K)
[2024-08-23T15:35:39.547+0800] GC(562) Tenured: 195326K(349568K)->195326K(349568K)
[2024-08-23T15:35:39.547+0800] GC(562) Metaspace: 303K(512K)->303K(512K) NonClass: 297K(384K)->297K(384K) Class: 6K(128K)->6K(128K)
[2024-08-23T15:35:39.547+0800] GC(562) Pause Young (Allocation Failure) 318M->205M(494M) 1.387ms
[2024-08-23T15:35:39.547+0800] GC(562) User=0.00s Sys=0.00s Real=0.00s
[2024-08-23T15:35:39.872+0800] GC(563) Pause Young (Allocation Failure)
[2024-08-23T15:35:39.876+0800] GC(563) DefNew: 100031K(157248K)->0K(157248K) Eden: 84671K(139776K)->0K(139776K) From: 15360K(17472K)->0K(17472K)
[2024-08-23T15:35:39.876+0800] GC(563) Tenured: 195326K(349568K)->251646K(349568K)
[2024-08-23T15:35:39.876+0800] GC(563) Metaspace: 303K(512K)->303K(512K) NonClass: 297K(384K)->297K(384K) Class: 6K(128K)->6K(128K)
[2024-08-23T15:35:39.876+0800] GC(563) Pause Young (Allocation Failure) 288M->245M(494M) 4.720ms
[2024-08-23T15:35:39.876+0800] GC(563) User=0.00s Sys=0.00s Real=0.00s
[2024-08-23T15:35:40.851+0800] GC(564) Pause Young (Allocation Failure)
[2024-08-23T15:35:40.851+0800] GC(564) Pause Young (Allocation Failure) 378M->378M(494M) 0.066ms
[2024-08-23T15:35:40.851+0800] GC(564) User=0.00s Sys=0.00s Real=0.00s
[2024-08-23T15:35:40.851+0800] GC(565) Pause Full (Allocation Failure)
[2024-08-23T15:35:40.851+0800] GC(565) Phase 1: Mark live objects
[2024-08-23T15:35:40.851+0800] GC(565) Phase 1: Mark live objects 0.611ms
[2024-08-23T15:35:40.851+0800] GC(565) Phase 2: Compute new object addresses
[2024-08-23T15:35:40.851+0800] GC(565) Phase 2: Compute new object addresses 0.131ms
[2024-08-23T15:35:40.852+0800] GC(565) Phase 3: Adjust pointers
[2024-08-23T15:35:40.852+0800] GC(565) Phase 3: Adjust pointers 0.324ms
[2024-08-23T15:35:40.852+0800] GC(565) Phase 4: Move objects
[2024-08-23T15:35:40.853+0800] GC(565) Phase 4: Move objects 0.875ms
[2024-08-23T15:35:40.853+0800] GC(565) DefNew: 135855K(157248K)->0K(157248K) Eden: 135855K(139776K)->0K(139776K) From: 0K(17472K)->0K(17472K)
[2024-08-23T15:35:40.853+0800] GC(565) Tenured: 251646K(349568K)->12030K(349568K)
[2024-08-23T15:35:40.853+0800] GC(565) Metaspace: 303K(512K)->303K(512K) NonClass: 297K(384K)->297K(384K) Class: 6K(128K)->6K(128K)
[2024-08-23T15:35:40.853+0800] GC(565) Pause Full (Allocation Failure) 378M->11M(494M) 2.074ms
[2024-08-23T15:35:40.853+0800] GC(565) User=0.00s Sys=0.00s Real=0.00s
[2024-08-23T15:35:41.291+0800] GC(566) Pause Young (Allocation Failure)
[2024-08-23T15:35:41.295+0800] GC(566) DefNew: 94896K(157248K)->0K(157248K) Eden: 94896K(139776K)->0K(139776K) From: 0K(17472K)->0K(17472K)
[2024-08-23T15:35:41.295+0800] GC(566) Tenured: 12030K(349568K)->63230K(349568K)
[2024-08-23T15:35:41.295+0800] GC(566) Metaspace: 303K(512K)->303K(512K) NonClass: 297K(384K)->297K(384K) Class: 6K(128K)->6K(128K)
[2024-08-23T15:35:41.295+0800] GC(566) Pause Young (Allocation Failure) 104M->61M(494M) 4.267ms
[2024-08-23T15:35:41.295+0800] GC(566) User=0.00s Sys=0.00s Real=0.00s
[2024-08-23T15:35:42.273+0800] GC(567) Pause Young (Allocation Failure)
[2024-08-23T15:35:42.273+0800] GC(567) DefNew: 135870K(157248K)->6144K(157248K) Eden: 135870K(139776K)->0K(139776K) From: 0K(17472K)->6144K(17472K)
[2024-08-23T15:35:42.273+0800] GC(567) Tenured: 63230K(349568K)->63230K(349568K)
[2024-08-23T15:35:42.273+0800] GC(567) Metaspace: 303K(512K)->303K(512K) NonClass: 297K(384K)->297K(384K) Class: 6K(128K)->6K(128K)
[2024-08-23T15:35:42.273+0800] GC(567) Pause Young (Allocation Failure) 194M->67M(494M) 0.698ms
[2024-08-23T15:35:42.273+0800] GC(567) User=0.00s Sys=0.00s Real=0.00s
[2024-08-23T15:35:44.129+0800] GC(568) Pause Young (Allocation Failure)
[2024-08-23T15:35:44.134+0800] GC(568) DefNew: 142010K(157248K)->15360K(157248K) Eden: 135866K(139776K)->0K(139776K) From: 6144K(17472K)->15360K(17472K)
[2024-08-23T15:35:44.134+0800] GC(568) Tenured: 63230K(349568K)->114430K(349568K)
[2024-08-23T15:35:44.134+0800] GC(568) Metaspace: 303K(512K)->303K(512K) NonClass: 297K(384K)->297K(384K) Class: 6K(128K)->6K(128K)
[2024-08-23T15:35:44.134+0800] GC(568) Pause Young (Allocation Failure) 200M->126M(494M) 5.122ms
[2024-08-23T15:35:44.134+0800] GC(568) User=0.00s Sys=0.00s Real=0.01s
[2024-08-23T15:35:45.111+0800] GC(569) Pause Young (Allocation Failure)
[2024-08-23T15:35:45.113+0800] GC(569) DefNew: 151238K(157248K)->10240K(157248K) Eden: 135878K(139776K)->0K(139776K) From: 15360K(17472K)->10240K(17472K)
[2024-08-23T15:35:45.113+0800] GC(569) Tenured: 114430K(349568K)->129790K(349568K)
[2024-08-23T15:35:45.113+0800] GC(569) Metaspace: 303K(512K)->303K(512K) NonClass: 297K(384K)->297K(384K) Class: 6K(128K)->6K(128K)
[2024-08-23T15:35:45.113+0800] GC(569) Pause Young (Allocation Failure) 259M->136M(494M) 2.155ms
[2024-08-23T15:35:45.113+0800] GC(569) User=0.00s Sys=0.00s Real=0.00s
[2024-08-23T15:35:45.549+0800] GC(570) Pause Young (Allocation Failure)
[2024-08-23T15:35:45.555+0800] GC(570) DefNew: 105159K(157248K)->0K(157248K) Eden: 94919K(139776K)->0K(139776K) From: 10240K(17472K)->0K(17472K)
[2024-08-23T15:35:45.555+0800] GC(570) Tenured: 129790K(349568K)->206590K(349568K)
[2024-08-23T15:35:45.555+0800] GC(570) Metaspace: 303K(512K)->303K(512K) NonClass: 297K(384K)->297K(384K) Class: 6K(128K)->6K(128K)
[2024-08-23T15:35:45.555+0800] GC(570) Pause Young (Allocation Failure) 229M->201M(494M) 6.205ms
[2024-08-23T15:35:45.555+0800] GC(570) User=0.00s Sys=0.00s Real=0.01s
[2024-08-23T15:35:46.764+0800] GC(571) Pause Young (Allocation Failure)
[2024-08-23T15:35:46.765+0800] GC(571) DefNew: 120524K(157248K)->5120K(157248K) Eden: 120524K(139776K)->0K(139776K) From: 0K(17472K)->5120K(17472K)
[2024-08-23T15:35:46.765+0800] GC(571) Tenured: 206590K(349568K)->206590K(349568K)
[2024-08-23T15:35:46.765+0800] GC(571) Metaspace: 303K(512K)->303K(512K) NonClass: 297K(384K)->297K(384K) Class: 6K(128K)->6K(128K)
[2024-08-23T15:35:46.765+0800] GC(571) Pause Young (Allocation Failure) 319M->206M(494M) 0.881ms
[2024-08-23T15:35:46.765+0800] GC(571) User=0.00s Sys=0.00s Real=0.00s
[2024-08-23T15:35:46.982+0800] GC(572) Pause Young (Allocation Failure)
[2024-08-23T15:35:46.986+0800] GC(572) DefNew: 79552K(157248K)->0K(157248K) Eden: 74432K(139776K)->0K(139776K) From: 5120K(17472K)->0K(17472K)
[2024-08-23T15:35:46.986+0800] GC(572) Tenured: 206590K(349568K)->257790K(349568K)
[2024-08-23T15:35:46.986+0800] GC(572) Metaspace: 303K(512K)->303K(512K) NonClass: 297K(384K)->297K(384K) Class: 6K(128K)->6K(128K)
[2024-08-23T15:35:46.986+0800] GC(572) Pause Young (Allocation Failure) 279M->251M(494M) 4.455ms
[2024-08-23T15:35:46.986+0800] GC(572) User=0.00s Sys=0.00s Real=0.00s
[2024-08-23T15:35:47.961+0800] GC(573) Pause Young (Allocation Failure)
[2024-08-23T15:35:47.961+0800] GC(573) Pause Young (Allocation Failure) 384M->384M(494M) 0.084ms
[2024-08-23T15:35:47.961+0800] GC(573) User=0.00s Sys=0.00s Real=0.00s
[2024-08-23T15:35:47.961+0800] GC(574) Pause Full (Allocation Failure)
[2024-08-23T15:35:47.961+0800] GC(574) Phase 1: Mark live objects
[2024-08-23T15:35:47.961+0800] GC(574) Phase 1: Mark live objects 0.590ms
[2024-08-23T15:35:47.961+0800] GC(574) Phase 2: Compute new object addresses
[2024-08-23T15:35:47.961+0800] GC(574) Phase 2: Compute new object addresses 0.138ms
[2024-08-23T15:35:47.962+0800] GC(574) Phase 3: Adjust pointers
[2024-08-23T15:35:47.962+0800] GC(574) Phase 3: Adjust pointers 0.338ms
[2024-08-23T15:35:47.962+0800] GC(574) Phase 4: Move objects
[2024-08-23T15:35:47.966+0800] GC(574) Phase 4: Move objects 4.602ms
[2024-08-23T15:35:47.967+0800] GC(574) DefNew: 135878K(157248K)->0K(157248K) Eden: 135878K(139776K)->0K(139776K) From: 0K(17472K)->0K(17472K)
[2024-08-23T15:35:47.967+0800] GC(574) Tenured: 257790K(349568K)->62206K(349568K)
[2024-08-23T15:35:47.967+0800] GC(574) Metaspace: 303K(512K)->303K(512K) NonClass: 297K(384K)->297K(384K) Class: 6K(128K)->6K(128K)
[2024-08-23T15:35:47.967+0800] GC(574) Pause Full (Allocation Failure) 384M->60M(494M) 5.827ms
[2024-08-23T15:35:47.967+0800] GC(574) User=0.00s Sys=0.00s Real=0.01s
[2024-08-23T15:35:48.399+0800] GC(575) Pause Young (Allocation Failure)
[2024-08-23T15:35:48.403+0800] GC(575) DefNew: 94911K(157248K)->0K(157248K) Eden: 94911K(139776K)->0K(139776K) From: 0K(17472K)->0K(17472K)
[2024-08-23T15:35:48.403+0800] GC(575) Tenured: 62206K(349568K)->113406K(349568K)
[2024-08-23T15:35:48.403+0800] GC(575) Metaspace: 303K(512K)->303K(512K) NonClass: 297K(384K)->297K(384K) Class: 6K(128K)->6K(128K)
[2024-08-23T15:35:48.403+0800] GC(575) Pause Young (Allocation Failure) 153M->110M(494M) 4.376ms
[2024-08-23T15:35:48.403+0800] GC(575) User=0.00s Sys=0.00s Real=0.00s
[2024-08-23T15:35:49.383+0800] GC(576) Pause Young (Allocation Failure)
[2024-08-23T15:35:49.391+0800] GC(576) DefNew: 135879K(157248K)->10240K(157248K) Eden: 135879K(139776K)->0K(139776K) From: 0K(17472K)->10240K(17472K)
[2024-08-23T15:35:49.391+0800] GC(576) Tenured: 113406K(349568K)->215806K(349568K)
[2024-08-23T15:35:49.391+0800] GC(576) Metaspace: 303K(512K)->303K(512K) NonClass: 297K(384K)->297K(384K) Class: 6K(128K)->6K(128K)
[2024-08-23T15:35:49.391+0800] GC(576) Pause Young (Allocation Failure) 243M->220M(494M) 9.182ms
[2024-08-23T15:35:49.391+0800] GC(576) User=0.00s Sys=0.00s Real=0.01s
[2024-08-23T15:35:49.835+0800] GC(577) Pause Young (Allocation Failure)
[2024-08-23T15:35:49.841+0800] GC(577) DefNew: 105152K(157248K)->0K(157248K) Eden: 94912K(139776K)->0K(139776K) From: 10240K(17472K)->0K(17472K)
[2024-08-23T15:35:49.841+0800] GC(577) Tenured: 215806K(349568K)->272126K(349568K)
[2024-08-23T15:35:49.841+0800] GC(577) Metaspace: 303K(512K)->303K(512K) NonClass: 297K(384K)->297K(384K) Class: 6K(128K)->6K(128K)
[2024-08-23T15:35:49.841+0800] GC(577) Pause Young (Allocation Failure) 313M->265M(494M) 5.827ms
[2024-08-23T15:35:49.841+0800] GC(577) User=0.00s Sys=0.00s Real=0.01s
[2024-08-23T15:35:51.037+0800] GC(578) Pause Young (Allocation Failure)
[2024-08-23T15:35:51.037+0800] GC(578) Pause Young (Allocation Failure) 398M->398M(494M) 0.068ms
[2024-08-23T15:35:51.037+0800] GC(578) User=0.00s Sys=0.00s Real=0.00s
[2024-08-23T15:35:51.037+0800] GC(579) Pause Full (Allocation Failure)
[2024-08-23T15:35:51.037+0800] GC(579) Phase 1: Mark live objects
[2024-08-23T15:35:51.037+0800] GC(579) Phase 1: Mark live objects 0.687ms
[2024-08-23T15:35:51.037+0800] GC(579) Phase 2: Compute new object addresses
[2024-08-23T15:35:51.037+0800] GC(579) Phase 2: Compute new object addresses 0.154ms
[2024-08-23T15:35:51.037+0800] GC(579) Phase 3: Adjust pointers
[2024-08-23T15:35:51.039+0800] GC(579) Phase 3: Adjust pointers 0.374ms
[2024-08-23T15:35:51.039+0800] GC(579) Phase 4: Move objects
[2024-08-23T15:35:51.040+0800] GC(579) Phase 4: Move objects 1.436ms
[2024-08-23T15:35:51.040+0800] GC(579) DefNew: 135880K(157248K)->0K(157248K) Eden: 135880K(139776K)->0K(139776K) From: 0K(17472K)->0K(17472K)
[2024-08-23T15:35:51.040+0800] GC(579) Tenured: 272126K(349568K)->16126K(349568K)
[2024-08-23T15:35:51.040+0800] GC(579) Metaspace: 303K(512K)->303K(512K) NonClass: 297K(384K)->297K(384K) Class: 6K(128K)->6K(128K)
[2024-08-23T15:35:51.040+0800] GC(579) Pause Full (Allocation Failure) 398M->15M(494M) 2.818ms
[2024-08-23T15:35:51.040+0800] GC(579) User=0.00s Sys=0.00s Real=0.00s
[2024-08-23T15:35:51.253+0800] GC(580) Pause Young (Allocation Failure)
[2024-08-23T15:35:51.257+0800] GC(580) DefNew: 74432K(157248K)->0K(157248K) Eden: 74432K(139776K)->0K(139776K) From: 0K(17472K)->0K(17472K)
[2024-08-23T15:35:51.257+0800] GC(580) Tenured: 16126K(349568K)->67326K(349568K)
[2024-08-23T15:35:51.257+0800] GC(580) Metaspace: 303K(512K)->303K(512K) NonClass: 297K(384K)->297K(384K) Class: 6K(128K)->6K(128K)
[2024-08-23T15:35:51.257+0800] GC(580) Pause Young (Allocation Failure) 88M->65M(494M) 4.620ms
[2024-08-23T15:35:51.257+0800] GC(580) User=0.00s Sys=0.00s Real=0.00s
[2024-08-23T15:35:52.241+0800] GC(581) Pause Young (Allocation Failure)
[2024-08-23T15:35:52.242+0800] GC(581) DefNew: 135865K(157248K)->6144K(157248K) Eden: 135865K(139776K)->0K(139776K) From: 0K(17472K)->6144K(17472K)
[2024-08-23T15:35:52.242+0800] GC(581) Tenured: 67326K(349568K)->67326K(349568K)
[2024-08-23T15:35:52.242+0800] GC(581) Metaspace: 303K(512K)->303K(512K) NonClass: 297K(384K)->297K(384K) Class: 6K(128K)->6K(128K)
[2024-08-23T15:35:52.242+0800] GC(581) Pause Young (Allocation Failure) 198M->71M(494M) 0.766ms
[2024-08-23T15:35:52.242+0800] GC(581) User=0.00s Sys=0.00s Real=0.00s
[2024-08-23T15:35:52.677+0800] GC(582) Pause Young (Allocation Failure)
[2024-08-23T15:35:52.683+0800] GC(582) DefNew: 101047K(157248K)->11264K(157248K) Eden: 94903K(139776K)->0K(139776K) From: 6144K(17472K)->11264K(17472K)
[2024-08-23T15:35:52.683+0800] GC(582) Tenured: 67326K(349568K)->118526K(349568K)
[2024-08-23T15:35:52.683+0800] GC(582) Metaspace: 303K(512K)->303K(512K) NonClass: 297K(384K)->297K(384K) Class: 6K(128K)->6K(128K)
[2024-08-23T15:35:52.683+0800] GC(582) Pause Young (Allocation Failure) 164M->126M(494M) 6.200ms
[2024-08-23T15:35:52.683+0800] GC(582) User=0.00s Sys=0.00s Real=0.01s
[2024-08-23T15:35:53.670+0800] GC(583) Pause Young (Allocation Failure)
[2024-08-23T15:35:53.672+0800] GC(583) DefNew: 147138K(157248K)->10240K(157248K) Eden: 135874K(139776K)->0K(139776K) From: 11264K(17472K)->10240K(17472K)
[2024-08-23T15:35:53.672+0800] GC(583) Tenured: 118526K(349568K)->129790K(349568K)
[2024-08-23T15:35:53.672+0800] GC(583) Metaspace: 303K(512K)->303K(512K) NonClass: 297K(384K)->297K(384K) Class: 6K(128K)->6K(128K)
[2024-08-23T15:35:53.672+0800] GC(583) Pause Young (Allocation Failure) 259M->136M(494M) 2.093ms
[2024-08-23T15:35:53.672+0800] GC(583) User=0.00s Sys=0.00s Real=0.00s
[2024-08-23T15:35:55.412+0800] GC(584) Pause Young (Allocation Failure)
[2024-08-23T15:35:55.414+0800] GC(584) DefNew: 105149K(157248K)->5120K(157248K) Eden: 94909K(139776K)->0K(139776K) From: 10240K(17472K)->5120K(17472K)
[2024-08-23T15:35:55.414+0800] GC(584) Tenured: 129790K(349568K)->150270K(349568K)
[2024-08-23T15:35:55.414+0800] GC(584) Metaspace: 303K(512K)->303K(512K) NonClass: 297K(384K)->297K(384K) Class: 6K(128K)->6K(128K)
[2024-08-23T15:35:55.414+0800] GC(584) Pause Young (Allocation Failure) 229M->151M(494M) 2.497ms
[2024-08-23T15:35:55.414+0800] GC(584) User=0.00s Sys=0.00s Real=0.00s
[2024-08-23T15:35:55.523+0800] GC(585) Pause Young (Allocation Failure)
[2024-08-23T15:35:55.527+0800] GC(585) DefNew: 59078K(157248K)->5120K(157248K) Eden: 53958K(139776K)->0K(139776K) From: 5120K(17472K)->5120K(17472K)
[2024-08-23T15:35:55.527+0800] GC(585) Tenured: 150270K(349568K)->201470K(349568K)
[2024-08-23T15:35:55.527+0800] GC(585) Metaspace: 303K(512K)->303K(512K) NonClass: 297K(384K)->297K(384K) Class: 6K(128K)->6K(128K)
[2024-08-23T15:35:55.527+0800] GC(585) Pause Young (Allocation Failure) 204M->201M(494M) 4.710ms
[2024-08-23T15:35:55.527+0800] GC(585) User=0.00s Sys=0.00s Real=0.00s
[2024-08-23T15:35:56.511+0800] GC(586) Pause Young (Allocation Failure)
[2024-08-23T15:35:56.512+0800] GC(586) DefNew: 140998K(157248K)->15360K(157248K) Eden: 135878K(139776K)->0K(139776K) From: 5120K(17472K)->15360K(17472K)
[2024-08-23T15:35:56.512+0800] GC(586) Tenured: 201470K(349568K)->201470K(349568K)
[2024-08-23T15:35:56.512+0800] GC(586) Metaspace: 303K(512K)->303K(512K) NonClass: 297K(384K)->297K(384K) Class: 6K(128K)->6K(128K)
[2024-08-23T15:35:56.512+0800] GC(586) Pause Young (Allocation Failure) 334M->211M(494M) 1.554ms
[2024-08-23T15:35:56.512+0800] GC(586) User=0.00s Sys=0.00s Real=0.00s
[2024-08-23T15:35:56.949+0800] GC(587) Pause Young (Allocation Failure)
[2024-08-23T15:35:56.954+0800] GC(587) DefNew: 110271K(157248K)->0K(157248K) Eden: 94911K(139776K)->0K(139776K) From: 15360K(17472K)->0K(17472K)
[2024-08-23T15:35:56.954+0800] GC(587) Tenured: 201470K(349568K)->262910K(349568K)
[2024-08-23T15:35:56.954+0800] GC(587) Metaspace: 303K(512K)->303K(512K) NonClass: 297K(384K)->297K(384K) Class: 6K(128K)->6K(128K)
[2024-08-23T15:35:56.954+0800] GC(587) Pause Young (Allocation Failure) 304M->256M(494M) 5.720ms
[2024-08-23T15:35:56.954+0800] GC(587) User=0.00s Sys=0.00s Real=0.01s
[2024-08-23T15:35:58.252+0800] GC(588) Pause Young (Allocation Failure)
[2024-08-23T15:35:58.252+0800] GC(588) Pause Young (Allocation Failure) 379M->379M(494M) 0.058ms
[2024-08-23T15:35:58.252+0800] GC(588) User=0.00s Sys=0.00s Real=0.00s
[2024-08-23T15:35:58.252+0800] GC(589) Pause Full (Allocation Failure)
[2024-08-23T15:35:58.252+0800] GC(589) Phase 1: Mark live objects
[2024-08-23T15:35:58.252+0800] GC(589) Phase 1: Mark live objects 0.644ms
[2024-08-23T15:35:58.252+0800] GC(589) Phase 2: Compute new object addresses
[2024-08-23T15:35:58.253+0800] GC(589) Phase 2: Compute new object addresses 0.149ms
[2024-08-23T15:35:58.253+0800] GC(589) Phase 3: Adjust pointers
[2024-08-23T15:35:58.253+0800] GC(589) Phase 3: Adjust pointers 0.360ms
[2024-08-23T15:35:58.253+0800] GC(589) Phase 4: Move objects
[2024-08-23T15:35:58.253+0800] GC(589) Phase 4: Move objects 0.404ms
[2024-08-23T15:35:58.253+0800] GC(589) DefNew: 125639K(157248K)->0K(157248K) Eden: 125639K(139776K)->0K(139776K) From: 0K(17472K)->0K(17472K)
[2024-08-23T15:35:58.253+0800] GC(589) Tenured: 262910K(349568K)->5886K(349568K)
[2024-08-23T15:35:58.253+0800] GC(589) Metaspace: 303K(512K)->303K(512K) NonClass: 297K(384K)->297K(384K) Class: 6K(128K)->6K(128K)
[2024-08-23T15:35:58.254+0800] GC(589) Pause Full (Allocation Failure) 379M->5M(494M) 1.703ms
[2024-08-23T15:35:58.254+0800] GC(589) User=0.00s Sys=0.00s Real=0.00s
[2024-08-23T15:35:58.362+0800] GC(590) Pause Young (Allocation Failure)
[2024-08-23T15:35:58.366+0800] GC(590) DefNew: 53950K(157248K)->0K(157248K) Eden: 53950K(139776K)->0K(139776K) From: 0K(17472K)->0K(17472K)
[2024-08-23T15:35:58.366+0800] GC(590) Tenured: 5886K(349568K)->57086K(349568K)
[2024-08-23T15:35:58.366+0800] GC(590) Metaspace: 303K(512K)->303K(512K) NonClass: 297K(384K)->297K(384K) Class: 6K(128K)->6K(128K)
[2024-08-23T15:35:58.366+0800] GC(590) Pause Young (Allocation Failure) 58M->55M(494M) 4.014ms
[2024-08-23T15:35:58.366+0800] GC(590) User=0.00s Sys=0.00s Real=0.00s
[2024-08-23T15:35:59.343+0800] GC(591) Pause Young (Allocation Failure)
[2024-08-23T15:35:59.352+0800] GC(591) DefNew: 135870K(157248K)->10240K(157248K) Eden: 135870K(139776K)->0K(139776K) From: 0K(17472K)->10240K(17472K)
[2024-08-23T15:35:59.352+0800] GC(591) Tenured: 57086K(349568K)->159486K(349568K)
[2024-08-23T15:35:59.352+0800] GC(591) Metaspace: 303K(512K)->303K(512K) NonClass: 297K(384K)->297K(384K) Class: 6K(128K)->6K(128K)
[2024-08-23T15:35:59.352+0800] GC(591) Pause Young (Allocation Failure) 188M->165M(494M) 9.122ms
[2024-08-23T15:35:59.352+0800] GC(591) User=0.00s Sys=0.00s Real=0.01s
[2024-08-23T15:35:59.795+0800] GC(592) Pause Young (Allocation Failure)
[2024-08-23T15:35:59.799+0800] GC(592) DefNew: 105146K(157248K)->0K(157248K) Eden: 94906K(139776K)->0K(139776K) From: 10240K(17472K)->0K(17472K)
[2024-08-23T15:35:59.799+0800] GC(592) Tenured: 159486K(349568K)->215806K(349568K)
[2024-08-23T15:35:59.799+0800] GC(592) Metaspace: 303K(512K)->303K(512K) NonClass: 297K(384K)->297K(384K) Class: 6K(128K)->6K(128K)
[2024-08-23T15:35:59.799+0800] GC(592) Pause Young (Allocation Failure) 258M->210M(494M) 4.743ms
[2024-08-23T15:35:59.799+0800] GC(592) User=0.00s Sys=0.00s Real=0.00s
[2024-08-23T15:36:00.776+0800] GC(593) Pause Young (Allocation Failure)
[2024-08-23T15:36:00.776+0800] GC(593) DefNew: 135876K(157248K)->6144K(157248K) Eden: 135876K(139776K)->0K(139776K) From: 0K(17472K)->6144K(17472K)
[2024-08-23T15:36:00.777+0800] GC(593) Tenured: 215806K(349568K)->215806K(349568K)
[2024-08-23T15:36:00.777+0800] GC(593) Metaspace: 303K(512K)->303K(512K) NonClass: 297K(384K)->297K(384K) Class: 6K(128K)->6K(128K)
[2024-08-23T15:36:00.777+0800] GC(593) Pause Young (Allocation Failure) 343M->216M(494M) 0.892ms
[2024-08-23T15:36:00.777+0800] GC(593) User=0.00s Sys=0.00s Real=0.00s
[2024-08-23T15:36:01.213+0800] GC(594) Pause Young (Allocation Failure)
[2024-08-23T15:36:01.217+0800] GC(594) DefNew: 101054K(157248K)->6144K(157248K) Eden: 94910K(139776K)->0K(139776K) From: 6144K(17472K)->6144K(17472K)
[2024-08-23T15:36:01.217+0800] GC(594) Tenured: 215806K(349568K)->267006K(349568K)
[2024-08-23T15:36:01.217+0800] GC(594) Metaspace: 303K(512K)->303K(512K) NonClass: 297K(384K)->297K(384K) Class: 6K(128K)->6K(128K)
[2024-08-23T15:36:01.217+0800] GC(594) Pause Young (Allocation Failure) 309M->266M(494M) 4.650ms
[2024-08-23T15:36:01.217+0800] GC(594) User=0.00s Sys=0.00s Real=0.00s
[2024-08-23T15:36:02.412+0800] GC(595) Pause Young (Allocation Failure)
[2024-08-23T15:36:02.412+0800] GC(595) Pause Young (Allocation Failure) 394M->394M(494M) 0.071ms
[2024-08-23T15:36:02.412+0800] GC(595) User=0.00s Sys=0.00s Real=0.00s
[2024-08-23T15:36:02.412+0800] GC(596) Pause Full (Allocation Failure)
[2024-08-23T15:36:02.412+0800] GC(596) Phase 1: Mark live objects
[2024-08-23T15:36:02.412+0800] GC(596) Phase 1: Mark live objects 0.587ms
[2024-08-23T15:36:02.412+0800] GC(596) Phase 2: Compute new object addresses
[2024-08-23T15:36:02.413+0800] GC(596) Phase 2: Compute new object addresses 0.133ms
[2024-08-23T15:36:02.413+0800] GC(596) Phase 3: Adjust pointers
[2024-08-23T15:36:02.413+0800] GC(596) Phase 3: Adjust pointers 0.325ms
[2024-08-23T15:36:02.413+0800] GC(596) Phase 4: Move objects
[2024-08-23T15:36:02.414+0800] GC(596) Phase 4: Move objects 1.601ms
[2024-08-23T15:36:02.414+0800] GC(596) DefNew: 136903K(157248K)->0K(157248K) Eden: 130759K(139776K)->0K(139776K) From: 6144K(17472K)->0K(17472K)
[2024-08-23T15:36:02.415+0800] GC(596) Tenured: 267006K(349568K)->21246K(349568K)
[2024-08-23T15:36:02.415+0800] GC(596) Metaspace: 303K(512K)->303K(512K) NonClass: 297K(384K)->297K(384K) Class: 6K(128K)->6K(128K)
[2024-08-23T15:36:02.415+0800] GC(596) Pause Full (Allocation Failure) 394M->20M(494M) 2.782ms
[2024-08-23T15:36:02.415+0800] GC(596) User=0.00s Sys=0.00s Real=0.00s
[2024-08-23T15:36:02.631+0800] GC(597) Pause Young (Allocation Failure)
[2024-08-23T15:36:02.635+0800] GC(597) DefNew: 74431K(157248K)->0K(157248K) Eden: 74431K(139776K)->0K(139776K) From: 0K(17472K)->0K(17472K)
[2024-08-23T15:36:02.635+0800] GC(597) Tenured: 21246K(349568K)->72446K(349568K)
[2024-08-23T15:36:02.635+0800] GC(597) Metaspace: 303K(512K)->303K(512K) NonClass: 297K(384K)->297K(384K) Class: 6K(128K)->6K(128K)
[2024-08-23T15:36:02.635+0800] GC(597) Pause Young (Allocation Failure) 93M->70M(494M) 4.186ms
[2024-08-23T15:36:02.635+0800] GC(597) User=0.00s Sys=0.00s Real=0.00s
[2024-08-23T15:36:03.615+0800] GC(598) Pause Young (Allocation Failure)
[2024-08-23T15:36:03.616+0800] GC(598) DefNew: 135877K(157248K)->10240K(157248K) Eden: 135877K(139776K)->0K(139776K) From: 0K(17472K)->10240K(17472K)
[2024-08-23T15:36:03.616+0800] GC(598) Tenured: 72446K(349568K)->72446K(349568K)
[2024-08-23T15:36:03.616+0800] GC(598) Metaspace: 303K(512K)->303K(512K) NonClass: 297K(384K)->297K(384K) Class: 6K(128K)->6K(128K)
[2024-08-23T15:36:03.616+0800] GC(598) Pause Young (Allocation Failure) 203M->80M(494M) 0.990ms
[2024-08-23T15:36:03.616+0800] GC(598) User=0.00s Sys=0.00s Real=0.00s
[2024-08-23T15:36:04.050+0800] GC(599) Pause Young (Allocation Failure)
[2024-08-23T15:36:04.055+0800] GC(599) DefNew: 105151K(157248K)->10240K(157248K) Eden: 94910K(139776K)->0K(139776K) From: 10240K(17472K)->10240K(17472K)
[2024-08-23T15:36:04.055+0800] GC(599) Tenured: 72446K(349568K)->128766K(349568K)
[2024-08-23T15:36:04.055+0800] GC(599) Metaspace: 303K(512K)->303K(512K) NonClass: 297K(384K)->297K(384K) Class: 6K(128K)->6K(128K)
[2024-08-23T15:36:04.055+0800] GC(599) Pause Young (Allocation Failure) 173M->135M(494M) 5.279ms
[2024-08-23T15:36:04.055+0800] GC(599) User=0.00s Sys=0.00s Real=0.01s
[2024-08-23T15:36:05.049+0800] GC(600) Pause Young (Allocation Failure)
[2024-08-23T15:36:05.051+0800] GC(600) DefNew: 146119K(157248K)->10240K(157248K) Eden: 135879K(139776K)->0K(139776K) From: 10240K(17472K)->10240K(17472K)
[2024-08-23T15:36:05.051+0800] GC(600) Tenured: 128766K(349568K)->139006K(349568K)
[2024-08-23T15:36:05.051+0800] GC(600) Metaspace: 303K(512K)->303K(512K) NonClass: 297K(384K)->297K(384K) Class: 6K(128K)->6K(128K)
[2024-08-23T15:36:05.051+0800] GC(600) Pause Young (Allocation Failure) 268M->145M(494M) 1.804ms
[2024-08-23T15:36:05.051+0800] GC(600) User=0.00s Sys=0.00s Real=0.00s
[2024-08-23T15:36:06.796+0800] GC(601) Pause Young (Allocation Failure)
[2024-08-23T15:36:06.798+0800] GC(601) DefNew: 120512K(157248K)->5120K(157248K) Eden: 110272K(139776K)->0K(139776K) From: 10240K(17472K)->5120K(17472K)
[2024-08-23T15:36:06.798+0800] GC(601) Tenured: 139006K(349568K)->159486K(349568K)
[2024-08-23T15:36:06.798+0800] GC(601) Metaspace: 303K(512K)->303K(512K) NonClass: 297K(384K)->297K(384K) Class: 6K(128K)->6K(128K)
[2024-08-23T15:36:06.798+0800] GC(601) Pause Young (Allocation Failure) 253M->160M(494M) 2.147ms
[2024-08-23T15:36:06.798+0800] GC(601) User=0.00s Sys=0.00s Real=0.00s
[2024-08-23T15:36:06.904+0800] GC(602) Pause Young (Allocation Failure)
[2024-08-23T15:36:06.908+0800] GC(602) DefNew: 59081K(157248K)->5120K(157248K) Eden: 53961K(139776K)->0K(139776K) From: 5120K(17472K)->5120K(17472K)
[2024-08-23T15:36:06.908+0800] GC(602) Tenured: 159486K(349568K)->210686K(349568K)
[2024-08-23T15:36:06.908+0800] GC(602) Metaspace: 303K(512K)->303K(512K) NonClass: 297K(384K)->297K(384K) Class: 6K(128K)->6K(128K)
[2024-08-23T15:36:06.908+0800] GC(602) Pause Young (Allocation Failure) 213M->210M(494M) 4.746ms
[2024-08-23T15:36:06.908+0800] GC(602) User=0.00s Sys=0.00s Real=0.00s
[2024-08-23T15:36:07.886+0800] GC(603) Pause Young (Allocation Failure)
[2024-08-23T15:36:07.887+0800] GC(603) DefNew: 141001K(157248K)->15360K(157248K) Eden: 135881K(139776K)->0K(139776K) From: 5120K(17472K)->15360K(17472K)
[2024-08-23T15:36:07.887+0800] GC(603) Tenured: 210686K(349568K)->210686K(349568K)
[2024-08-23T15:36:07.887+0800] GC(603) Metaspace: 303K(512K)->303K(512K) NonClass: 297K(384K)->297K(384K) Class: 6K(128K)->6K(128K)
[2024-08-23T15:36:07.887+0800] GC(603) Pause Young (Allocation Failure) 343M->220M(494M) 1.491ms
[2024-08-23T15:36:07.887+0800] GC(603) User=0.00s Sys=0.00s Real=0.00s
[2024-08-23T15:36:08.321+0800] GC(604) Pause Young (Allocation Failure)
[2024-08-23T15:36:08.326+0800] GC(604) DefNew: 110273K(157248K)->0K(157248K) Eden: 94913K(139776K)->0K(139776K) From: 15360K(17472K)->0K(17472K)
[2024-08-23T15:36:08.326+0800] GC(604) Tenured: 210686K(349568K)->272126K(349568K)
[2024-08-23T15:36:08.326+0800] GC(604) Metaspace: 303K(512K)->303K(512K) NonClass: 297K(384K)->297K(384K) Class: 6K(128K)->6K(128K)
[2024-08-23T15:36:08.326+0800] GC(604) Pause Young (Allocation Failure) 313M->265M(494M) 5.131ms
[2024-08-23T15:36:08.326+0800] GC(604) User=0.00s Sys=0.00s Real=0.00s
[2024-08-23T15:36:09.739+0800] GC(605) Pause Young (Allocation Failure)
[2024-08-23T15:36:09.739+0800] GC(605) Pause Young (Allocation Failure) 393M->393M(494M) 0.068ms
[2024-08-23T15:36:09.739+0800] GC(605) User=0.00s Sys=0.00s Real=0.00s
[2024-08-23T15:36:09.739+0800] GC(606) Pause Full (Allocation Failure)
[2024-08-23T15:36:09.739+0800] GC(606) Phase 1: Mark live objects
[2024-08-23T15:36:09.739+0800] GC(606) Phase 1: Mark live objects 0.635ms
[2024-08-23T15:36:09.739+0800] GC(606) Phase 2: Compute new object addresses
[2024-08-23T15:36:09.740+0800] GC(606) Phase 2: Compute new object addresses 0.140ms
[2024-08-23T15:36:09.740+0800] GC(606) Phase 3: Adjust pointers
[2024-08-23T15:36:09.740+0800] GC(606) Phase 3: Adjust pointers 0.338ms
[2024-08-23T15:36:09.740+0800] GC(606) Phase 4: Move objects
[2024-08-23T15:36:09.740+0800] GC(606) Phase 4: Move objects 0.421ms
[2024-08-23T15:36:09.740+0800] GC(606) DefNew: 130760K(157248K)->0K(157248K) Eden: 130760K(139776K)->0K(139776K) From: 0K(17472K)->0K(17472K)
[2024-08-23T15:36:09.740+0800] GC(606) Tenured: 272126K(349568K)->5886K(349568K)
[2024-08-23T15:36:09.740+0800] GC(606) Metaspace: 303K(512K)->303K(512K) NonClass: 297K(384K)->297K(384K) Class: 6K(128K)->6K(128K)
[2024-08-23T15:36:09.740+0800] GC(606) Pause Full (Allocation Failure) 393M->5M(494M) 1.694ms
[2024-08-23T15:36:09.740+0800] GC(606) User=0.00s Sys=0.00s Real=0.00s
[2024-08-23T15:36:10.720+0800] GC(607) Pause Young (Allocation Failure)
[2024-08-23T15:36:10.720+0800] GC(607) DefNew: 135872K(157248K)->6144K(157248K) Eden: 135872K(139776K)->0K(139776K) From: 0K(17472K)->6144K(17472K)
[2024-08-23T15:36:10.720+0800] GC(607) Tenured: 5886K(349568K)->5886K(349568K)
[2024-08-23T15:36:10.720+0800] GC(607) Metaspace: 303K(512K)->303K(512K) NonClass: 297K(384K)->297K(384K) Class: 6K(128K)->6K(128K)
[2024-08-23T15:36:10.720+0800] GC(607) Pause Young (Allocation Failure) 138M->11M(494M) 0.616ms
[2024-08-23T15:36:10.720+0800] GC(607) User=0.00s Sys=0.00s Real=0.00s
[2024-08-23T15:36:11.156+0800] GC(608) Pause Young (Allocation Failure)
[2024-08-23T15:36:11.161+0800] GC(608) DefNew: 101066K(157248K)->6144K(157248K) Eden: 94922K(139776K)->0K(139776K) From: 6144K(17472K)->6144K(17472K)
[2024-08-23T15:36:11.161+0800] GC(608) Tenured: 5886K(349568K)->57086K(349568K)
[2024-08-23T15:36:11.161+0800] GC(608) Metaspace: 303K(512K)->303K(512K) NonClass: 297K(384K)->297K(384K) Class: 6K(128K)->6K(128K)
[2024-08-23T15:36:11.161+0800] GC(608) Pause Young (Allocation Failure) 104M->61M(494M) 4.623ms
[2024-08-23T15:36:11.161+0800] GC(608) User=0.00s Sys=0.00s Real=0.01s
[2024-08-23T15:36:12.138+0800] GC(609) Pause Young (Allocation Failure)
[2024-08-23T15:36:12.139+0800] GC(609) DefNew: 142030K(157248K)->12288K(157248K) Eden: 135886K(139776K)->0K(139776K) From: 6144K(17472K)->12288K(17472K)
[2024-08-23T15:36:12.139+0800] GC(609) Tenured: 57086K(349568K)->57086K(349568K)
[2024-08-23T15:36:12.139+0800] GC(609) Metaspace: 303K(512K)->303K(512K) NonClass: 297K(384K)->297K(384K) Class: 6K(128K)->6K(128K)
[2024-08-23T15:36:12.139+0800] GC(609) Pause Young (Allocation Failure) 194M->67M(494M) 1.283ms
[2024-08-23T15:36:12.139+0800] GC(609) User=0.00s Sys=0.00s Real=0.00s
[2024-08-23T15:36:12.575+0800] GC(610) Pause Young (Allocation Failure)
[2024-08-23T15:36:12.580+0800] GC(610) DefNew: 107204K(157248K)->11264K(157248K) Eden: 94916K(139776K)->0K(139776K) From: 12288K(17472K)->11264K(17472K)
[2024-08-23T15:36:12.580+0800] GC(610) Tenured: 57086K(349568K)->114430K(349568K)
[2024-08-23T15:36:12.580+0800] GC(610) Metaspace: 303K(512K)->303K(512K) NonClass: 297K(384K)->297K(384K) Class: 6K(128K)->6K(128K)
[2024-08-23T15:36:12.580+0800] GC(610) Pause Young (Allocation Failure) 160M->122M(494M) 5.577ms
[2024-08-23T15:36:12.580+0800] GC(610) User=0.00s Sys=0.00s Real=0.00s
[2024-08-23T15:36:13.789+0800] GC(611) Pause Young (Allocation Failure)
[2024-08-23T15:36:13.790+0800] GC(611) DefNew: 142027K(157248K)->10240K(157248K) Eden: 130763K(139776K)->0K(139776K) From: 11264K(17472K)->10240K(17472K)
[2024-08-23T15:36:13.790+0800] GC(611) Tenured: 114430K(349568K)->114430K(349568K)
[2024-08-23T15:36:13.790+0800] GC(611) Metaspace: 303K(512K)->303K(512K) NonClass: 297K(384K)->297K(384K) Class: 6K(128K)->6K(128K)
[2024-08-23T15:36:13.790+0800] GC(611) Pause Young (Allocation Failure) 250M->121M(494M) 1.023ms
[2024-08-23T15:36:13.790+0800] GC(611) User=0.00s Sys=0.00s Real=0.00s
[2024-08-23T15:36:14.008+0800] GC(612) Pause Young (Allocation Failure)
[2024-08-23T15:36:14.012+0800] GC(612) DefNew: 84673K(157248K)->0K(157248K) Eden: 74433K(139776K)->0K(139776K) From: 10240K(17472K)->0K(17472K)
[2024-08-23T15:36:14.012+0800] GC(612) Tenured: 114430K(349568K)->175870K(349568K)
[2024-08-23T15:36:14.013+0800] GC(612) Metaspace: 303K(512K)->303K(512K) NonClass: 297K(384K)->297K(384K) Class: 6K(128K)->6K(128K)
[2024-08-23T15:36:14.013+0800] GC(612) Pause Young (Allocation Failure) 194M->171M(494M) 5.388ms
[2024-08-23T15:36:14.013+0800] GC(612) User=0.00s Sys=0.00s Real=0.01s
[2024-08-23T15:36:15.006+0800] GC(613) Pause Young (Allocation Failure)
[2024-08-23T15:36:15.006+0800] GC(613) DefNew: 135879K(157248K)->10240K(157248K) Eden: 135879K(139776K)->0K(139776K) From: 0K(17472K)->10240K(17472K)
[2024-08-23T15:36:15.006+0800] GC(613) Tenured: 175870K(349568K)->175870K(349568K)
[2024-08-23T15:36:15.006+0800] GC(613) Metaspace: 303K(512K)->303K(512K) NonClass: 297K(384K)->297K(384K) Class: 6K(128K)->6K(128K)
[2024-08-23T15:36:15.006+0800] GC(613) Pause Young (Allocation Failure) 304M->181M(494M) 1.057ms
[2024-08-23T15:36:15.006+0800] GC(613) User=0.00s Sys=0.00s Real=0.00s
[2024-08-23T15:36:15.444+0800] GC(614) Pause Young (Allocation Failure)
[2024-08-23T15:36:15.449+0800] GC(614) DefNew: 105152K(157248K)->0K(157248K) Eden: 94912K(139776K)->0K(139776K) From: 10240K(17472K)->0K(17472K)
[2024-08-23T15:36:15.449+0800] GC(614) Tenured: 175870K(349568K)->252670K(349568K)
[2024-08-23T15:36:15.449+0800] GC(614) Metaspace: 303K(512K)->303K(512K) NonClass: 297K(384K)->297K(384K) Class: 6K(128K)->6K(128K)
[2024-08-23T15:36:15.449+0800] GC(614) Pause Young (Allocation Failure) 274M->246M(494M) 6.246ms
[2024-08-23T15:36:15.449+0800] GC(614) User=0.00s Sys=0.00s Real=0.00s
[2024-08-23T15:36:16.444+0800] GC(615) Pause Young (Allocation Failure)
[2024-08-23T15:36:16.444+0800] GC(615) Pause Young (Allocation Failure) 379M->379M(494M) 0.061ms
[2024-08-23T15:36:16.444+0800] GC(615) User=0.00s Sys=0.00s Real=0.00s
[2024-08-23T15:36:16.444+0800] GC(616) Pause Full (Allocation Failure)
[2024-08-23T15:36:16.444+0800] GC(616) Phase 1: Mark live objects
[2024-08-23T15:36:16.444+0800] GC(616) Phase 1: Mark live objects 0.612ms
[2024-08-23T15:36:16.444+0800] GC(616) Phase 2: Compute new object addresses
[2024-08-23T15:36:16.445+0800] GC(616) Phase 2: Compute new object addresses 0.138ms
[2024-08-23T15:36:16.445+0800] GC(616) Phase 3: Adjust pointers
[2024-08-23T15:36:16.445+0800] GC(616) Phase 3: Adjust pointers 0.327ms
[2024-08-23T15:36:16.445+0800] GC(616) Phase 4: Move objects
[2024-08-23T15:36:16.448+0800] GC(616) Phase 4: Move objects 3.552ms
[2024-08-23T15:36:16.448+0800] GC(616) DefNew: 135880K(157248K)->0K(157248K) Eden: 135880K(139776K)->0K(139776K) From: 0K(17472K)->0K(17472K)
[2024-08-23T15:36:16.448+0800] GC(616) Tenured: 252670K(349568K)->46846K(349568K)
[2024-08-23T15:36:16.448+0800] GC(616) Metaspace: 303K(512K)->303K(512K) NonClass: 297K(384K)->297K(384K) Class: 6K(128K)->6K(128K)
[2024-08-23T15:36:16.448+0800] GC(616) Pause Full (Allocation Failure) 379M->45M(494M) 4.790ms
[2024-08-23T15:36:16.448+0800] GC(616) User=0.00s Sys=0.00s Real=0.00s
[2024-08-23T15:36:18.079+0800] GC(617) Pause Young (Allocation Failure)
[2024-08-23T15:36:18.081+0800] GC(617) DefNew: 135872K(157248K)->15360K(157248K) Eden: 135872K(139776K)->0K(139776K) From: 0K(17472K)->15360K(17472K)
[2024-08-23T15:36:18.081+0800] GC(617) Tenured: 46846K(349568K)->46846K(349568K)
[2024-08-23T15:36:18.081+0800] GC(617) Metaspace: 303K(512K)->303K(512K) NonClass: 297K(384K)->297K(384K) Class: 6K(128K)->6K(128K)
[2024-08-23T15:36:18.081+0800] GC(617) Pause Young (Allocation Failure) 178M->60M(494M) 2.049ms
[2024-08-23T15:36:18.081+0800] GC(617) User=0.00s Sys=0.00s Real=0.00s
[2024-08-23T15:36:18.296+0800] GC(618) Pause Young (Allocation Failure)
[2024-08-23T15:36:18.301+0800] GC(618) DefNew: 89802K(157248K)->0K(157248K) Eden: 74442K(139776K)->0K(139776K) From: 15360K(17472K)->0K(17472K)
[2024-08-23T15:36:18.301+0800] GC(618) Tenured: 46846K(349568K)->103166K(349568K)
[2024-08-23T15:36:18.301+0800] GC(618) Metaspace: 303K(512K)->303K(512K) NonClass: 297K(384K)->297K(384K) Class: 6K(128K)->6K(128K)
[2024-08-23T15:36:18.301+0800] GC(618) Pause Young (Allocation Failure) 133M->100M(494M) 5.100ms
[2024-08-23T15:36:18.301+0800] GC(618) User=0.00s Sys=0.00s Real=0.01s
[2024-08-23T15:36:19.279+0800] GC(619) Pause Young (Allocation Failure)
[2024-08-23T15:36:19.287+0800] GC(619) DefNew: 135857K(157248K)->10240K(157248K) Eden: 135857K(139776K)->0K(139776K) From: 0K(17472K)->10240K(17472K)
[2024-08-23T15:36:19.287+0800] GC(619) Tenured: 103166K(349568K)->205566K(349568K)
[2024-08-23T15:36:19.287+0800] GC(619) Metaspace: 303K(512K)->303K(512K) NonClass: 297K(384K)->297K(384K) Class: 6K(128K)->6K(128K)
[2024-08-23T15:36:19.287+0800] GC(619) Pause Young (Allocation Failure) 233M->210M(494M) 9.342ms
[2024-08-23T15:36:19.287+0800] GC(619) User=0.00s Sys=0.00s Real=0.01s
[2024-08-23T15:36:19.713+0800] GC(620) Pause Young (Allocation Failure)
[2024-08-23T15:36:19.719+0800] GC(620) DefNew: 105138K(157248K)->0K(157248K) Eden: 94898K(139776K)->0K(139776K) From: 10240K(17472K)->0K(17472K)
[2024-08-23T15:36:19.719+0800] GC(620) Tenured: 205566K(349568K)->261886K(349568K)
[2024-08-23T15:36:19.719+0800] GC(620) Metaspace: 303K(512K)->303K(512K) NonClass: 297K(384K)->297K(384K) Class: 6K(128K)->6K(128K)
[2024-08-23T15:36:19.719+0800] GC(620) Pause Young (Allocation Failure) 303M->255M(494M) 6.133ms
[2024-08-23T15:36:19.719+0800] GC(620) User=0.00s Sys=0.00s Real=0.01s
[2024-08-23T15:36:21.465+0800] GC(621) Pause Young (Allocation Failure)
[2024-08-23T15:36:21.465+0800] GC(621) Pause Young (Allocation Failure) 390M->390M(494M) 0.110ms
[2024-08-23T15:36:21.465+0800] GC(621) User=0.00s Sys=0.00s Real=0.00s
[2024-08-23T15:36:21.465+0800] GC(622) Pause Full (Allocation Failure)
[2024-08-23T15:36:21.465+0800] GC(622) Phase 1: Mark live objects
[2024-08-23T15:36:21.466+0800] GC(622) Phase 1: Mark live objects 0.782ms
[2024-08-23T15:36:21.466+0800] GC(622) Phase 2: Compute new object addresses
[2024-08-23T15:36:21.466+0800] GC(622) Phase 2: Compute new object addresses 0.227ms
[2024-08-23T15:36:21.466+0800] GC(622) Phase 3: Adjust pointers
[2024-08-23T15:36:21.467+0800] GC(622) Phase 3: Adjust pointers 0.500ms
[2024-08-23T15:36:21.467+0800] GC(622) Phase 4: Move objects
[2024-08-23T15:36:21.467+0800] GC(622) Phase 4: Move objects 0.130ms
[2024-08-23T15:36:21.467+0800] GC(622) DefNew: 137919K(157248K)->0K(157248K) Eden: 137919K(139776K)->0K(139776K) From: 0K(17472K)->0K(17472K)
[2024-08-23T15:36:21.467+0800] GC(622) Tenured: 261886K(349568K)->1790K(349568K)
[2024-08-23T15:36:21.467+0800] GC(622) Metaspace: 303K(512K)->303K(512K) NonClass: 297K(384K)->297K(384K) Class: 6K(128K)->6K(128K)
[2024-08-23T15:36:21.467+0800] GC(622) Pause Full (Allocation Failure) 390M->1M(494M) 1.872ms
[2024-08-23T15:36:21.467+0800] GC(622) User=0.00s Sys=0.00s Real=0.00s
[2024-08-23T15:36:22.555+0800] GC(623) Pause Young (Allocation Failure)
[2024-08-23T15:36:22.560+0800] GC(623) DefNew: 125627K(157248K)->10240K(157248K) Eden: 125627K(139776K)->0K(139776K) From: 0K(17472K)->10240K(17472K)
[2024-08-23T15:36:22.560+0800] GC(623) Tenured: 1790K(349568K)->52990K(349568K)
[2024-08-23T15:36:22.560+0800] GC(623) Metaspace: 303K(512K)->303K(512K) NonClass: 297K(384K)->297K(384K) Class: 6K(128K)->6K(128K)
[2024-08-23T15:36:22.560+0800] GC(623) Pause Young (Allocation Failure) 124M->61M(494M) 4.933ms
[2024-08-23T15:36:22.560+0800] GC(623) User=0.00s Sys=0.00s Real=0.00s
[2024-08-23T15:36:23.538+0800] GC(624) Pause Young (Allocation Failure)
[2024-08-23T15:36:23.540+0800] GC(624) DefNew: 146118K(157248K)->10240K(157248K) Eden: 135878K(139776K)->0K(139776K) From: 10240K(17472K)->10240K(17472K)
[2024-08-23T15:36:23.540+0800] GC(624) Tenured: 52990K(349568K)->63230K(349568K)
[2024-08-23T15:36:23.540+0800] GC(624) Metaspace: 303K(512K)->303K(512K) NonClass: 297K(384K)->297K(384K) Class: 6K(128K)->6K(128K)
[2024-08-23T15:36:23.540+0800] GC(624) Pause Young (Allocation Failure) 194M->71M(494M) 2.150ms
[2024-08-23T15:36:23.540+0800] GC(624) User=0.00s Sys=0.00s Real=0.00s
[2024-08-23T15:36:23.975+0800] GC(625) Pause Young (Allocation Failure)
[2024-08-23T15:36:23.979+0800] GC(625) DefNew: 105151K(157248K)->10240K(157248K) Eden: 94911K(139776K)->0K(139776K) From: 10240K(17472K)->10240K(17472K)
[2024-08-23T15:36:23.979+0800] GC(625) Tenured: 63230K(349568K)->119550K(349568K)
[2024-08-23T15:36:23.979+0800] GC(625) Metaspace: 303K(512K)->303K(512K) NonClass: 297K(384K)->297K(384K) Class: 6K(128K)->6K(128K)
[2024-08-23T15:36:23.979+0800] GC(625) Pause Young (Allocation Failure) 164M->126M(494M) 5.312ms
[2024-08-23T15:36:23.979+0800] GC(625) User=0.00s Sys=0.00s Real=0.00s
[2024-08-23T15:36:25.186+0800] GC(626) Pause Young (Allocation Failure)
[2024-08-23T15:36:25.187+0800] GC(626) DefNew: 135879K(157248K)->10240K(157248K) Eden: 125639K(139776K)->0K(139776K) From: 10240K(17472K)->10240K(17472K)
[2024-08-23T15:36:25.187+0800] GC(626) Tenured: 119550K(349568K)->119550K(349568K)
[2024-08-23T15:36:25.187+0800] GC(626) Metaspace: 303K(512K)->303K(512K) NonClass: 297K(384K)->297K(384K) Class: 6K(128K)->6K(128K)
[2024-08-23T15:36:25.187+0800] GC(626) Pause Young (Allocation Failure) 249M->126M(494M) 1.302ms
[2024-08-23T15:36:25.187+0800] GC(626) User=0.00s Sys=0.00s Real=0.00s
[2024-08-23T15:36:25.406+0800] GC(627) Pause Young (Allocation Failure)
[2024-08-23T15:36:25.411+0800] GC(627) DefNew: 84670K(157248K)->0K(157248K) Eden: 74430K(139776K)->0K(139776K) From: 10240K(17472K)->0K(17472K)
[2024-08-23T15:36:25.411+0800] GC(627) Tenured: 119550K(349568K)->191230K(349568K)
[2024-08-23T15:36:25.411+0800] GC(627) Metaspace: 303K(512K)->303K(512K) NonClass: 297K(384K)->297K(384K) Class: 6K(128K)->6K(128K)
[2024-08-23T15:36:25.411+0800] GC(627) Pause Young (Allocation Failure) 199M->186M(494M) 5.996ms
[2024-08-23T15:36:25.411+0800] GC(627) User=0.00s Sys=0.00s Real=0.01s
[2024-08-23T15:36:26.399+0800] GC(628) Pause Young (Allocation Failure)
[2024-08-23T15:36:26.399+0800] GC(628) DefNew: 135877K(157248K)->10240K(157248K) Eden: 135877K(139776K)->0K(139776K) From: 0K(17472K)->10240K(17472K)
[2024-08-23T15:36:26.399+0800] GC(628) Tenured: 191230K(349568K)->191230K(349568K)
[2024-08-23T15:36:26.399+0800] GC(628) Metaspace: 303K(512K)->303K(512K) NonClass: 297K(384K)->297K(384K) Class: 6K(128K)->6K(128K)
[2024-08-23T15:36:26.399+0800] GC(628) Pause Young (Allocation Failure) 319M->196M(494M) 1.024ms
[2024-08-23T15:36:26.399+0800] GC(628) User=0.00s Sys=0.00s Real=0.00s
[2024-08-23T15:36:26.836+0800] GC(629) Pause Young (Allocation Failure)
[2024-08-23T15:36:26.840+0800] GC(629) DefNew: 105150K(157248K)->0K(157248K) Eden: 94910K(139776K)->0K(139776K) From: 10240K(17472K)->0K(17472K)
[2024-08-23T15:36:26.841+0800] GC(629) Tenured: 191230K(349568K)->247550K(349568K)
[2024-08-23T15:36:26.841+0800] GC(629) Metaspace: 303K(512K)->303K(512K) NonClass: 297K(384K)->297K(384K) Class: 6K(128K)->6K(128K)
[2024-08-23T15:36:26.841+0800] GC(629) Pause Young (Allocation Failure) 289M->241M(494M) 4.545ms
[2024-08-23T15:36:26.841+0800] GC(629) User=0.00s Sys=0.00s Real=0.01s
[2024-08-23T15:36:27.819+0800] GC(630) Pause Young (Allocation Failure)
[2024-08-23T15:36:27.819+0800] GC(630) Pause Young (Allocation Failure) 374M->374M(494M) 0.057ms
[2024-08-23T15:36:27.819+0800] GC(630) User=0.00s Sys=0.00s Real=0.00s
[2024-08-23T15:36:27.819+0800] GC(631) Pause Full (Allocation Failure)
[2024-08-23T15:36:27.819+0800] GC(631) Phase 1: Mark live objects
[2024-08-23T15:36:27.819+0800] GC(631) Phase 1: Mark live objects 0.604ms
[2024-08-23T15:36:27.819+0800] GC(631) Phase 2: Compute new object addresses
[2024-08-23T15:36:27.819+0800] GC(631) Phase 2: Compute new object addresses 0.138ms
[2024-08-23T15:36:27.819+0800] GC(631) Phase 3: Adjust pointers
[2024-08-23T15:36:27.819+0800] GC(631) Phase 3: Adjust pointers 0.331ms
[2024-08-23T15:36:27.819+0800] GC(631) Phase 4: Move objects
[2024-08-23T15:36:27.827+0800] GC(631) Phase 4: Move objects 7.456ms
[2024-08-23T15:36:27.827+0800] GC(631) DefNew: 135879K(157248K)->0K(157248K) Eden: 135879K(139776K)->0K(139776K) From: 0K(17472K)->0K(17472K)
[2024-08-23T15:36:27.827+0800] GC(631) Tenured: 247550K(349568K)->87806K(349568K)
[2024-08-23T15:36:27.827+0800] GC(631) Metaspace: 303K(512K)->303K(512K) NonClass: 297K(384K)->297K(384K) Class: 6K(128K)->6K(128K)
[2024-08-23T15:36:27.827+0800] GC(631) Pause Full (Allocation Failure) 374M->85M(494M) 8.727ms
[2024-08-23T15:36:27.827+0800] GC(631) User=0.00s Sys=0.00s Real=0.01s
[2024-08-23T15:36:28.257+0800] GC(632) Pause Young (Allocation Failure)
[2024-08-23T15:36:28.260+0800] GC(632) DefNew: 94912K(157248K)->0K(157248K) Eden: 94912K(139776K)->0K(139776K) From: 0K(17472K)->0K(17472K)
[2024-08-23T15:36:28.260+0800] GC(632) Tenured: 87806K(349568K)->139006K(349568K)
[2024-08-23T15:36:28.260+0800] GC(632) Metaspace: 303K(512K)->303K(512K) NonClass: 297K(384K)->297K(384K) Class: 6K(128K)->6K(128K)
[2024-08-23T15:36:28.260+0800] GC(632) Pause Young (Allocation Failure) 178M->135M(494M) 4.165ms
[2024-08-23T15:36:28.260+0800] GC(632) User=0.02s Sys=0.00s Real=0.00s
[2024-08-23T15:36:29.351+0800] GC(633) Pause Young (Allocation Failure)
[2024-08-23T15:36:29.351+0800] GC(633) DefNew: 130760K(157248K)->15360K(157248K) Eden: 130760K(139776K)->0K(139776K) From: 0K(17472K)->15360K(17472K)
[2024-08-23T15:36:29.351+0800] GC(633) Tenured: 139006K(349568K)->139006K(349568K)
[2024-08-23T15:36:29.351+0800] GC(633) Metaspace: 303K(512K)->303K(512K) NonClass: 297K(384K)->297K(384K) Class: 6K(128K)->6K(128K)
[2024-08-23T15:36:29.351+0800] GC(633) Pause Young (Allocation Failure) 263M->150M(494M) 1.353ms
[2024-08-23T15:36:29.351+0800] GC(633) User=0.00s Sys=0.00s Real=0.00s
[2024-08-23T15:36:29.675+0800] GC(634) Pause Young (Allocation Failure)
[2024-08-23T15:36:29.680+0800] GC(634) DefNew: 100031K(157248K)->0K(157248K) Eden: 84671K(139776K)->0K(139776K) From: 15360K(17472K)->0K(17472K)
[2024-08-23T15:36:29.680+0800] GC(634) Tenured: 139006K(349568K)->195326K(349568K)
[2024-08-23T15:36:29.680+0800] GC(634) Metaspace: 303K(512K)->303K(512K) NonClass: 297K(384K)->297K(384K) Class: 6K(128K)->6K(128K)
[2024-08-23T15:36:29.680+0800] GC(634) Pause Young (Allocation Failure) 233M->190M(494M) 4.811ms
[2024-08-23T15:36:29.680+0800] GC(634) User=0.00s Sys=0.00s Real=0.01s
[2024-08-23T15:36:30.658+0800] GC(635) Pause Young (Allocation Failure)
[2024-08-23T15:36:30.659+0800] GC(635) DefNew: 135855K(157248K)->6144K(157248K) Eden: 135855K(139776K)->0K(139776K) From: 0K(17472K)->6144K(17472K)
[2024-08-23T15:36:30.659+0800] GC(635) Tenured: 195326K(349568K)->195326K(349568K)
[2024-08-23T15:36:30.659+0800] GC(635) Metaspace: 303K(512K)->303K(512K) NonClass: 297K(384K)->297K(384K) Class: 6K(128K)->6K(128K)
[2024-08-23T15:36:30.659+0800] GC(635) Pause Young (Allocation Failure) 323M->196M(494M) 0.958ms
[2024-08-23T15:36:30.659+0800] GC(635) User=0.00s Sys=0.00s Real=0.00s
[2024-08-23T15:36:31.096+0800] GC(636) Pause Young (Allocation Failure)
[2024-08-23T15:36:31.100+0800] GC(636) DefNew: 101040K(157248K)->6144K(157248K) Eden: 94896K(139776K)->0K(139776K) From: 6144K(17472K)->6144K(17472K)
[2024-08-23T15:36:31.100+0800] GC(636) Tenured: 195326K(349568K)->246526K(349568K)
[2024-08-23T15:36:31.100+0800] GC(636) Metaspace: 303K(512K)->303K(512K) NonClass: 297K(384K)->297K(384K) Class: 6K(128K)->6K(128K)
[2024-08-23T15:36:31.100+0800] GC(636) Pause Young (Allocation Failure) 289M->246M(494M) 4.655ms
[2024-08-23T15:36:31.100+0800] GC(636) User=0.00s Sys=0.00s Real=0.00s
[2024-08-23T15:36:32.091+0800] GC(637) Pause Young (Allocation Failure)
[2024-08-23T15:36:32.091+0800] GC(637) Pause Young (Allocation Failure) 379M->379M(494M) 0.070ms
[2024-08-23T15:36:32.091+0800] GC(637) User=0.00s Sys=0.00s Real=0.00s
[2024-08-23T15:36:32.091+0800] GC(638) Pause Full (Allocation Failure)
[2024-08-23T15:36:32.091+0800] GC(638) Phase 1: Mark live objects
[2024-08-23T15:36:32.091+0800] GC(638) Phase 1: Mark live objects 0.604ms
[2024-08-23T15:36:32.091+0800] GC(638) Phase 2: Compute new object addresses
[2024-08-23T15:36:32.092+0800] GC(638) Phase 2: Compute new object addresses 0.132ms
[2024-08-23T15:36:32.092+0800] GC(638) Phase 3: Adjust pointers
[2024-08-23T15:36:32.092+0800] GC(638) Phase 3: Adjust pointers 0.330ms
[2024-08-23T15:36:32.092+0800] GC(638) Phase 4: Move objects
[2024-08-23T15:36:32.093+0800] GC(638) Phase 4: Move objects 1.458ms
[2024-08-23T15:36:32.093+0800] GC(638) DefNew: 142014K(157248K)->0K(157248K) Eden: 135870K(139776K)->0K(139776K) From: 6144K(17472K)->0K(17472K)
[2024-08-23T15:36:32.093+0800] GC(638) Tenured: 246526K(349568K)->18174K(349568K)
[2024-08-23T15:36:32.093+0800] GC(638) Metaspace: 303K(512K)->303K(512K) NonClass: 297K(384K)->297K(384K) Class: 6K(128K)->6K(128K)
[2024-08-23T15:36:32.093+0800] GC(638) Pause Full (Allocation Failure) 379M->17M(494M) 2.675ms
[2024-08-23T15:36:32.093+0800] GC(638) User=0.00s Sys=0.00s Real=0.00s
[2024-08-23T15:36:33.948+0800] GC(639) Pause Young (Allocation Failure)
[2024-08-23T15:36:33.953+0800] GC(639) DefNew: 135866K(157248K)->15360K(157248K) Eden: 135866K(139776K)->0K(139776K) From: 0K(17472K)->15360K(17472K)
[2024-08-23T15:36:33.953+0800] GC(639) Tenured: 18174K(349568K)->69374K(349568K)
[2024-08-23T15:36:33.953+0800] GC(639) Metaspace: 303K(512K)->303K(512K) NonClass: 297K(384K)->297K(384K) Class: 6K(128K)->6K(128K)
[2024-08-23T15:36:33.953+0800] GC(639) Pause Young (Allocation Failure) 150M->82M(494M) 5.209ms
[2024-08-23T15:36:33.953+0800] GC(639) User=0.00s Sys=0.00s Real=0.01s
[2024-08-23T15:36:34.930+0800] GC(640) Pause Young (Allocation Failure)
[2024-08-23T15:36:34.932+0800] GC(640) DefNew: 151238K(157248K)->10240K(157248K) Eden: 135878K(139776K)->0K(139776K) From: 15360K(17472K)->10240K(17472K)
[2024-08-23T15:36:34.932+0800] GC(640) Tenured: 69374K(349568K)->84734K(349568K)
[2024-08-23T15:36:34.932+0800] GC(640) Metaspace: 303K(512K)->303K(512K) NonClass: 297K(384K)->297K(384K) Class: 6K(128K)->6K(128K)
[2024-08-23T15:36:34.932+0800] GC(640) Pause Young (Allocation Failure) 215M->92M(494M) 2.200ms
[2024-08-23T15:36:34.932+0800] GC(640) User=0.00s Sys=0.00s Real=0.00s
[2024-08-23T15:36:35.366+0800] GC(641) Pause Young (Allocation Failure)
[2024-08-23T15:36:35.372+0800] GC(641) DefNew: 105159K(157248K)->0K(157248K) Eden: 94919K(139776K)->0K(139776K) From: 10240K(17472K)->0K(17472K)
[2024-08-23T15:36:35.372+0800] GC(641) Tenured: 84734K(349568K)->161534K(349568K)
[2024-08-23T15:36:35.372+0800] GC(641) Metaspace: 303K(512K)->303K(512K) NonClass: 297K(384K)->297K(384K) Class: 6K(128K)->6K(128K)
[2024-08-23T15:36:35.372+0800] GC(641) Pause Young (Allocation Failure) 185M->157M(494M) 6.673ms
[2024-08-23T15:36:35.372+0800] GC(641) User=0.02s Sys=0.00s Real=0.01s
[2024-08-23T15:36:36.577+0800] GC(642) Pause Young (Allocation Failure)
[2024-08-23T15:36:36.578+0800] GC(642) DefNew: 120524K(157248K)->5120K(157248K) Eden: 120524K(139776K)->0K(139776K) From: 0K(17472K)->5120K(17472K)
[2024-08-23T15:36:36.578+0800] GC(642) Tenured: 161534K(349568K)->161534K(349568K)
[2024-08-23T15:36:36.578+0800] GC(642) Metaspace: 303K(512K)->303K(512K) NonClass: 297K(384K)->297K(384K) Class: 6K(128K)->6K(128K)
[2024-08-23T15:36:36.578+0800] GC(642) Pause Young (Allocation Failure) 275M->162M(494M) 0.593ms
[2024-08-23T15:36:36.578+0800] GC(642) User=0.00s Sys=0.00s Real=0.00s
[2024-08-23T15:36:36.796+0800] GC(643) Pause Young (Allocation Failure)
[2024-08-23T15:36:36.801+0800] GC(643) DefNew: 79552K(157248K)->0K(157248K) Eden: 74432K(139776K)->0K(139776K) From: 5120K(17472K)->0K(17472K)
[2024-08-23T15:36:36.801+0800] GC(643) Tenured: 161534K(349568K)->212734K(349568K)
[2024-08-23T15:36:36.801+0800] GC(643) Metaspace: 303K(512K)->303K(512K) NonClass: 297K(384K)->297K(384K) Class: 6K(128K)->6K(128K)
[2024-08-23T15:36:36.801+0800] GC(643) Pause Young (Allocation Failure) 235M->207M(494M) 4.919ms
[2024-08-23T15:36:36.801+0800] GC(643) User=0.00s Sys=0.00s Real=0.01s
[2024-08-23T15:36:37.792+0800] GC(644) Pause Young (Allocation Failure)
[2024-08-23T15:36:37.793+0800] GC(644) DefNew: 135878K(157248K)->10240K(157248K) Eden: 135878K(139776K)->0K(139776K) From: 0K(17472K)->10240K(17472K)
[2024-08-23T15:36:37.793+0800] GC(644) Tenured: 212734K(349568K)->212734K(349568K)
[2024-08-23T15:36:37.793+0800] GC(644) Metaspace: 303K(512K)->303K(512K) NonClass: 297K(384K)->297K(384K) Class: 6K(128K)->6K(128K)
[2024-08-23T15:36:37.793+0800] GC(644) Pause Young (Allocation Failure) 340M->217M(494M) 0.994ms
[2024-08-23T15:36:37.793+0800] GC(644) User=0.00s Sys=0.00s Real=0.00s
[2024-08-23T15:36:38.226+0800] GC(645) Pause Young (Allocation Failure)
[2024-08-23T15:36:38.230+0800] GC(645) DefNew: 105151K(157248K)->0K(157248K) Eden: 94911K(139776K)->0K(139776K) From: 10240K(17472K)->0K(17472K)
[2024-08-23T15:36:38.230+0800] GC(645) Tenured: 212734K(349568K)->269054K(349568K)
[2024-08-23T15:36:38.230+0800] GC(645) Metaspace: 303K(512K)->303K(512K) NonClass: 297K(384K)->297K(384K) Class: 6K(128K)->6K(128K)
[2024-08-23T15:36:38.230+0800] GC(645) Pause Young (Allocation Failure) 310M->262M(494M) 4.609ms
[2024-08-23T15:36:38.230+0800] GC(645) User=0.00s Sys=0.00s Real=0.00s
[2024-08-23T15:36:39.207+0800] GC(646) Pause Young (Allocation Failure)
[2024-08-23T15:36:39.207+0800] GC(646) Pause Young (Allocation Failure) 395M->395M(494M) 0.070ms
[2024-08-23T15:36:39.207+0800] GC(646) User=0.00s Sys=0.00s Real=0.00s
[2024-08-23T15:36:39.207+0800] GC(647) Pause Full (Allocation Failure)
[2024-08-23T15:36:39.207+0800] GC(647) Phase 1: Mark live objects
[2024-08-23T15:36:39.207+0800] GC(647) Phase 1: Mark live objects 0.610ms
[2024-08-23T15:36:39.207+0800] GC(647) Phase 2: Compute new object addresses
[2024-08-23T15:36:39.208+0800] GC(647) Phase 2: Compute new object addresses 0.169ms
[2024-08-23T15:36:39.208+0800] GC(647) Phase 3: Adjust pointers
[2024-08-23T15:36:39.208+0800] GC(647) Phase 3: Adjust pointers 0.364ms
[2024-08-23T15:36:39.208+0800] GC(647) Phase 4: Move objects
[2024-08-23T15:36:39.222+0800] GC(647) Phase 4: Move objects 14.456ms
[2024-08-23T15:36:39.222+0800] GC(647) DefNew: 135879K(157248K)->0K(157248K) Eden: 135879K(139776K)->0K(139776K) From: 0K(17472K)->0K(17472K)
[2024-08-23T15:36:39.222+0800] GC(647) Tenured: 269054K(349568K)->169726K(349568K)
[2024-08-23T15:36:39.222+0800] GC(647) Metaspace: 303K(512K)->303K(512K) NonClass: 297K(384K)->297K(384K) Class: 6K(128K)->6K(128K)
[2024-08-23T15:36:39.222+0800] GC(647) Pause Full (Allocation Failure) 395M->165M(494M) 15.789ms
[2024-08-23T15:36:39.222+0800] GC(647) User=0.00s Sys=0.00s Real=0.01s
[2024-08-23T15:36:39.657+0800] GC(648) Pause Young (Allocation Failure)
[2024-08-23T15:36:39.661+0800] GC(648) DefNew: 94912K(157248K)->0K(157248K) Eden: 94912K(139776K)->0K(139776K) From: 0K(17472K)->0K(17472K)
[2024-08-23T15:36:39.661+0800] GC(648) Tenured: 169726K(349568K)->220926K(349568K)
[2024-08-23T15:36:39.661+0800] GC(648) Metaspace: 303K(512K)->303K(512K) NonClass: 297K(384K)->297K(384K) Class: 6K(128K)->6K(128K)
[2024-08-23T15:36:39.661+0800] GC(648) Pause Young (Allocation Failure) 258M->215M(494M) 4.352ms
[2024-08-23T15:36:39.661+0800] GC(648) User=0.00s Sys=0.00s Real=0.00s
[2024-08-23T15:36:40.860+0800] GC(649) Pause Young (Allocation Failure)
[2024-08-23T15:36:40.861+0800] GC(649) DefNew: 135880K(157248K)->15360K(157248K) Eden: 135880K(139776K)->0K(139776K) From: 0K(17472K)->15360K(17472K)
[2024-08-23T15:36:40.861+0800] GC(649) Tenured: 220926K(349568K)->220926K(349568K)
[2024-08-23T15:36:40.861+0800] GC(649) Metaspace: 303K(512K)->303K(512K) NonClass: 297K(384K)->297K(384K) Class: 6K(128K)->6K(128K)
[2024-08-23T15:36:40.861+0800] GC(649) Pause Young (Allocation Failure) 348M->230M(494M) 1.376ms
[2024-08-23T15:36:40.861+0800] GC(649) User=0.00s Sys=0.00s Real=0.00s
[2024-08-23T15:36:41.079+0800] GC(650) Pause Young (Allocation Failure)
[2024-08-23T15:36:41.083+0800] GC(650) DefNew: 89792K(157248K)->0K(157248K) Eden: 74432K(139776K)->0K(139776K) From: 15360K(17472K)->0K(17472K)
[2024-08-23T15:36:41.083+0800] GC(650) Tenured: 220926K(349568K)->277246K(349568K)
[2024-08-23T15:36:41.083+0800] GC(650) Metaspace: 303K(512K)->303K(512K) NonClass: 297K(384K)->297K(384K) Class: 6K(128K)->6K(128K)
[2024-08-23T15:36:41.083+0800] GC(650) Pause Young (Allocation Failure) 303M->270M(494M) 4.524ms
[2024-08-23T15:36:41.083+0800] GC(650) User=0.00s Sys=0.00s Real=0.00s
[2024-08-23T15:36:42.062+0800] GC(651) Pause Young (Allocation Failure)
[2024-08-23T15:36:42.062+0800] GC(651) Pause Young (Allocation Failure) 403M->403M(494M) 0.054ms
[2024-08-23T15:36:42.062+0800] GC(651) User=0.00s Sys=0.00s Real=0.00s
[2024-08-23T15:36:42.062+0800] GC(652) Pause Full (Allocation Failure)
[2024-08-23T15:36:42.062+0800] GC(652) Phase 1: Mark live objects
[2024-08-23T15:36:42.062+0800] GC(652) Phase 1: Mark live objects 0.586ms
[2024-08-23T15:36:42.062+0800] GC(652) Phase 2: Compute new object addresses
[2024-08-23T15:36:42.062+0800] GC(652) Phase 2: Compute new object addresses 0.131ms
[2024-08-23T15:36:42.062+0800] GC(652) Phase 3: Adjust pointers
[2024-08-23T15:36:42.062+0800] GC(652) Phase 3: Adjust pointers 0.332ms
[2024-08-23T15:36:42.062+0800] GC(652) Phase 4: Move objects
[2024-08-23T15:36:42.063+0800] GC(652) Phase 4: Move objects 0.945ms
[2024-08-23T15:36:42.063+0800] GC(652) DefNew: 135865K(157248K)->0K(157248K) Eden: 135865K(139776K)->0K(139776K) From: 0K(17472K)->0K(17472K)
[2024-08-23T15:36:42.063+0800] GC(652) Tenured: 277246K(349568K)->12030K(349568K)
[2024-08-23T15:36:42.063+0800] GC(652) Metaspace: 303K(512K)->303K(512K) NonClass: 297K(384K)->297K(384K) Class: 6K(128K)->6K(128K)
[2024-08-23T15:36:42.063+0800] GC(652) Pause Full (Allocation Failure) 403M->11M(494M) 2.148ms
[2024-08-23T15:36:42.063+0800] GC(652) User=0.00s Sys=0.00s Real=0.00s
[2024-08-23T15:36:42.499+0800] GC(653) Pause Young (Allocation Failure)
[2024-08-23T15:36:42.504+0800] GC(653) DefNew: 94903K(157248K)->10240K(157248K) Eden: 94903K(139776K)->0K(139776K) From: 0K(17472K)->10240K(17472K)
[2024-08-23T15:36:42.504+0800] GC(653) Tenured: 12030K(349568K)->63230K(349568K)
[2024-08-23T15:36:42.504+0800] GC(653) Metaspace: 303K(512K)->303K(512K) NonClass: 297K(384K)->297K(384K) Class: 6K(128K)->6K(128K)
[2024-08-23T15:36:42.504+0800] GC(653) Pause Young (Allocation Failure) 104M->71M(494M) 4.937ms
[2024-08-23T15:36:42.504+0800] GC(653) User=0.00s Sys=0.00s Real=0.00s
[2024-08-23T15:36:43.486+0800] GC(654) Pause Young (Allocation Failure)
[2024-08-23T15:36:43.488+0800] GC(654) DefNew: 146114K(157248K)->10240K(157248K) Eden: 135874K(139776K)->0K(139776K) From: 10240K(17472K)->10240K(17472K)
[2024-08-23T15:36:43.488+0800] GC(654) Tenured: 63230K(349568K)->73470K(349568K)
[2024-08-23T15:36:43.488+0800] GC(654) Metaspace: 303K(512K)->303K(512K) NonClass: 297K(384K)->297K(384K) Class: 6K(128K)->6K(128K)
[2024-08-23T15:36:43.488+0800] GC(654) Pause Young (Allocation Failure) 204M->81M(494M) 2.488ms
[2024-08-23T15:36:43.488+0800] GC(654) User=0.00s Sys=0.00s Real=0.00s
[2024-08-23T15:36:45.232+0800] GC(655) Pause Young (Allocation Failure)
[2024-08-23T15:36:45.234+0800] GC(655) DefNew: 105149K(157248K)->5120K(157248K) Eden: 94909K(139776K)->0K(139776K) From: 10240K(17472K)->5120K(17472K)
[2024-08-23T15:36:45.234+0800] GC(655) Tenured: 73470K(349568K)->93950K(349568K)
[2024-08-23T15:36:45.234+0800] GC(655) Metaspace: 303K(512K)->303K(512K) NonClass: 297K(384K)->297K(384K) Class: 6K(128K)->6K(128K)
[2024-08-23T15:36:45.234+0800] GC(655) Pause Young (Allocation Failure) 174M->96M(494M) 2.170ms
[2024-08-23T15:36:45.234+0800] GC(655) User=0.00s Sys=0.00s Real=0.00s
[2024-08-23T15:36:45.341+0800] GC(656) Pause Young (Allocation Failure)
[2024-08-23T15:36:45.345+0800] GC(656) DefNew: 59078K(157248K)->5120K(157248K) Eden: 53958K(139776K)->0K(139776K) From: 5120K(17472K)->5120K(17472K)
[2024-08-23T15:36:45.345+0800] GC(656) Tenured: 93950K(349568K)->145150K(349568K)
[2024-08-23T15:36:45.345+0800] GC(656) Metaspace: 303K(512K)->303K(512K) NonClass: 297K(384K)->297K(384K) Class: 6K(128K)->6K(128K)
[2024-08-23T15:36:45.345+0800] GC(656) Pause Young (Allocation Failure) 149M->146M(494M) 4.614ms
[2024-08-23T15:36:45.345+0800] GC(656) User=0.00s Sys=0.00s Real=0.00s
[2024-08-23T15:36:46.338+0800] GC(657) Pause Young (Allocation Failure)
[2024-08-23T15:36:46.340+0800] GC(657) DefNew: 140998K(157248K)->15360K(157248K) Eden: 135878K(139776K)->0K(139776K) From: 5120K(17472K)->15360K(17472K)
[2024-08-23T15:36:46.340+0800] GC(657) Tenured: 145150K(349568K)->145150K(349568K)
[2024-08-23T15:36:46.340+0800] GC(657) Metaspace: 303K(512K)->303K(512K) NonClass: 297K(384K)->297K(384K) Class: 6K(128K)->6K(128K)
[2024-08-23T15:36:46.340+0800] GC(657) Pause Young (Allocation Failure) 279M->156M(494M) 1.424ms
[2024-08-23T15:36:46.340+0800] GC(657) User=0.00s Sys=0.00s Real=0.00s
[2024-08-23T15:36:46.774+0800] GC(658) Pause Young (Allocation Failure)
[2024-08-23T15:36:46.779+0800] GC(658) DefNew: 110271K(157248K)->0K(157248K) Eden: 94911K(139776K)->0K(139776K) From: 15360K(17472K)->0K(17472K)
[2024-08-23T15:36:46.779+0800] GC(658) Tenured: 145150K(349568K)->206590K(349568K)
[2024-08-23T15:36:46.779+0800] GC(658) Metaspace: 303K(512K)->303K(512K) NonClass: 297K(384K)->297K(384K) Class: 6K(128K)->6K(128K)
[2024-08-23T15:36:46.779+0800] GC(658) Pause Young (Allocation Failure) 249M->201M(494M) 4.963ms
[2024-08-23T15:36:46.779+0800] GC(658) User=0.00s Sys=0.00s Real=0.01s
[2024-08-23T15:36:48.082+0800] GC(659) Pause Young (Allocation Failure)
[2024-08-23T15:36:48.082+0800] GC(659) DefNew: 125639K(157248K)->5120K(157248K) Eden: 125639K(139776K)->0K(139776K) From: 0K(17472K)->5120K(17472K)
[2024-08-23T15:36:48.082+0800] GC(659) Tenured: 206590K(349568K)->206590K(349568K)
[2024-08-23T15:36:48.082+0800] GC(659) Metaspace: 304K(512K)->304K(512K) NonClass: 297K(384K)->297K(384K) Class: 6K(128K)->6K(128K)
[2024-08-23T15:36:48.082+0800] GC(659) Pause Young (Allocation Failure) 324M->206M(494M) 0.631ms
[2024-08-23T15:36:48.082+0800] GC(659) User=0.00s Sys=0.00s Real=0.00s
[2024-08-23T15:36:48.191+0800] GC(660) Pause Young (Allocation Failure)
[2024-08-23T15:36:48.195+0800] GC(660) DefNew: 59070K(157248K)->0K(157248K) Eden: 53950K(139776K)->0K(139776K) From: 5120K(17472K)->0K(17472K)
[2024-08-23T15:36:48.195+0800] GC(660) Tenured: 206590K(349568K)->257790K(349568K)
[2024-08-23T15:36:48.195+0800] GC(660) Metaspace: 304K(512K)->304K(512K) NonClass: 297K(384K)->297K(384K) Class: 6K(128K)->6K(128K)
[2024-08-23T15:36:48.195+0800] GC(660) Pause Young (Allocation Failure) 259M->251M(494M) 4.271ms
[2024-08-23T15:36:48.195+0800] GC(660) User=0.00s Sys=0.00s Real=0.00s
[2024-08-23T15:36:49.171+0800] GC(661) Pause Young (Allocation Failure)
[2024-08-23T15:36:49.171+0800] GC(661) Pause Young (Allocation Failure) 384M->384M(494M) 0.058ms
[2024-08-23T15:36:49.171+0800] GC(661) User=0.00s Sys=0.00s Real=0.00s
[2024-08-23T15:36:49.171+0800] GC(662) Pause Full (Allocation Failure)
[2024-08-23T15:36:49.171+0800] GC(662) Phase 1: Mark live objects
[2024-08-23T15:36:49.171+0800] GC(662) Phase 1: Mark live objects 0.623ms
[2024-08-23T15:36:49.171+0800] GC(662) Phase 2: Compute new object addresses
[2024-08-23T15:36:49.172+0800] GC(662) Phase 2: Compute new object addresses 0.150ms
[2024-08-23T15:36:49.172+0800] GC(662) Phase 3: Adjust pointers
[2024-08-23T15:36:49.172+0800] GC(662) Phase 3: Adjust pointers 0.349ms
[2024-08-23T15:36:49.172+0800] GC(662) Phase 4: Move objects
[2024-08-23T15:36:49.182+0800] GC(662) Phase 4: Move objects 9.133ms
[2024-08-23T15:36:49.182+0800] GC(662) DefNew: 135870K(157248K)->0K(157248K) Eden: 135870K(139776K)->0K(139776K) From: 0K(17472K)->0K(17472K)
[2024-08-23T15:36:49.182+0800] GC(662) Tenured: 257790K(349568K)->113406K(349568K)
[2024-08-23T15:36:49.182+0800] GC(662) Metaspace: 304K(512K)->304K(512K) NonClass: 297K(384K)->297K(384K) Class: 6K(128K)->6K(128K)
[2024-08-23T15:36:49.182+0800] GC(662) Pause Full (Allocation Failure) 384M->110M(494M) 10.437ms
[2024-08-23T15:36:49.182+0800] GC(662) User=0.00s Sys=0.00s Real=0.01s
[2024-08-23T15:36:49.608+0800] GC(663) Pause Young (Allocation Failure)
[2024-08-23T15:36:49.611+0800] GC(663) DefNew: 94906K(157248K)->0K(157248K) Eden: 94906K(139776K)->0K(139776K) From: 0K(17472K)->0K(17472K)
[2024-08-23T15:36:49.611+0800] GC(663) Tenured: 113406K(349568K)->164606K(349568K)
[2024-08-23T15:36:49.611+0800] GC(663) Metaspace: 304K(512K)->304K(512K) NonClass: 297K(384K)->297K(384K) Class: 6K(128K)->6K(128K)
[2024-08-23T15:36:49.611+0800] GC(663) Pause Young (Allocation Failure) 203M->160M(494M) 4.355ms
[2024-08-23T15:36:49.611+0800] GC(663) User=0.00s Sys=0.00s Real=0.00s
[2024-08-23T15:36:50.588+0800] GC(664) Pause Young (Allocation Failure)
[2024-08-23T15:36:50.588+0800] GC(664) DefNew: 135876K(157248K)->6144K(157248K) Eden: 135876K(139776K)->0K(139776K) From: 0K(17472K)->6144K(17472K)
[2024-08-23T15:36:50.588+0800] GC(664) Tenured: 164606K(349568K)->164606K(349568K)
[2024-08-23T15:36:50.588+0800] GC(664) Metaspace: 304K(512K)->304K(512K) NonClass: 297K(384K)->297K(384K) Class: 6K(128K)->6K(128K)
[2024-08-23T15:36:50.588+0800] GC(664) Pause Young (Allocation Failure) 293M->166M(494M) 0.833ms
[2024-08-23T15:36:50.588+0800] GC(664) User=0.00s Sys=0.00s Real=0.00s
[2024-08-23T15:36:51.024+0800] GC(665) Pause Young (Allocation Failure)
[2024-08-23T15:36:51.028+0800] GC(665) DefNew: 101054K(157248K)->6144K(157248K) Eden: 94910K(139776K)->0K(139776K) From: 6144K(17472K)->6144K(17472K)
[2024-08-23T15:36:51.028+0800] GC(665) Tenured: 164606K(349568K)->215806K(349568K)
[2024-08-23T15:36:51.028+0800] GC(665) Metaspace: 304K(512K)->304K(512K) NonClass: 297K(384K)->297K(384K) Class: 6K(128K)->6K(128K)
[2024-08-23T15:36:51.028+0800] GC(665) Pause Young (Allocation Failure) 259M->216M(494M) 4.698ms
[2024-08-23T15:36:51.028+0800] GC(665) User=0.00s Sys=0.00s Real=0.00s
[2024-08-23T15:36:52.241+0800] GC(666) Pause Young (Allocation Failure)
[2024-08-23T15:36:52.243+0800] GC(666) DefNew: 136903K(157248K)->10240K(157248K) Eden: 130759K(139776K)->0K(139776K) From: 6144K(17472K)->10240K(17472K)
[2024-08-23T15:36:52.243+0800] GC(666) Tenured: 215806K(349568K)->226046K(349568K)
[2024-08-23T15:36:52.243+0800] GC(666) Metaspace: 304K(512K)->304K(512K) NonClass: 297K(384K)->297K(384K) Class: 6K(128K)->6K(128K)
[2024-08-23T15:36:52.243+0800] GC(666) Pause Young (Allocation Failure) 344M->230M(494M) 1.861ms
[2024-08-23T15:36:52.243+0800] GC(666) User=0.00s Sys=0.00s Real=0.00s
[2024-08-23T15:36:52.461+0800] GC(667) Pause Young (Allocation Failure)
[2024-08-23T15:36:52.465+0800] GC(667) DefNew: 84671K(157248K)->0K(157248K) Eden: 74431K(139776K)->0K(139776K) From: 10240K(17472K)->0K(17472K)
[2024-08-23T15:36:52.465+0800] GC(667) Tenured: 226046K(349568K)->277246K(349568K)
[2024-08-23T15:36:52.465+0800] GC(667) Metaspace: 304K(512K)->304K(512K) NonClass: 297K(384K)->297K(384K) Class: 6K(128K)->6K(128K)
[2024-08-23T15:36:52.465+0800] GC(667) Pause Young (Allocation Failure) 303M->270M(494M) 4.680ms
[2024-08-23T15:36:52.465+0800] GC(667) User=0.02s Sys=0.00s Real=0.00s
[2024-08-23T15:36:53.459+0800] GC(668) Pause Young (Allocation Failure)
[2024-08-23T15:36:53.459+0800] GC(668) Pause Young (Allocation Failure) 403M->403M(494M) 0.060ms
[2024-08-23T15:36:53.459+0800] GC(668) User=0.00s Sys=0.00s Real=0.00s
[2024-08-23T15:36:53.459+0800] GC(669) Pause Full (Allocation Failure)
[2024-08-23T15:36:53.459+0800] GC(669) Phase 1: Mark live objects
[2024-08-23T15:36:53.459+0800] GC(669) Phase 1: Mark live objects 0.598ms
[2024-08-23T15:36:53.459+0800] GC(669) Phase 2: Compute new object addresses
[2024-08-23T15:36:53.460+0800] GC(669) Phase 2: Compute new object addresses 0.132ms
[2024-08-23T15:36:53.460+0800] GC(669) Phase 3: Adjust pointers
[2024-08-23T15:36:53.460+0800] GC(669) Phase 3: Adjust pointers 0.340ms
[2024-08-23T15:36:53.460+0800] GC(669) Phase 4: Move objects
[2024-08-23T15:36:53.462+0800] GC(669) Phase 4: Move objects 1.684ms
[2024-08-23T15:36:53.462+0800] GC(669) DefNew: 135877K(157248K)->0K(157248K) Eden: 135877K(139776K)->0K(139776K) From: 0K(17472K)->0K(17472K)
[2024-08-23T15:36:53.462+0800] GC(669) Tenured: 277246K(349568K)->21246K(349568K)
[2024-08-23T15:36:53.462+0800] GC(669) Metaspace: 304K(512K)->304K(512K) NonClass: 297K(384K)->297K(384K) Class: 6K(128K)->6K(128K)
[2024-08-23T15:36:53.462+0800] GC(669) Pause Full (Allocation Failure) 403M->20M(494M) 2.915ms
[2024-08-23T15:36:53.462+0800] GC(669) User=0.00s Sys=0.00s Real=0.00s
[2024-08-23T15:36:53.894+0800] GC(670) Pause Young (Allocation Failure)
[2024-08-23T15:36:53.899+0800] GC(670) DefNew: 94910K(157248K)->10240K(157248K) Eden: 94910K(139776K)->0K(139776K) From: 0K(17472K)->10240K(17472K)
[2024-08-23T15:36:53.899+0800] GC(670) Tenured: 21246K(349568K)->72446K(349568K)
[2024-08-23T15:36:53.899+0800] GC(670) Metaspace: 304K(512K)->304K(512K) NonClass: 297K(384K)->297K(384K) Class: 6K(128K)->6K(128K)
[2024-08-23T15:36:53.899+0800] GC(670) Pause Young (Allocation Failure) 113M->80M(494M) 5.111ms
[2024-08-23T15:36:53.899+0800] GC(670) User=0.00s Sys=0.00s Real=0.00s
[2024-08-23T15:36:54.877+0800] GC(671) Pause Young (Allocation Failure)
[2024-08-23T15:36:54.879+0800] GC(671) DefNew: 146120K(157248K)->10240K(157248K) Eden: 135879K(139776K)->0K(139776K) From: 10240K(17472K)->10240K(17472K)
[2024-08-23T15:36:54.879+0800] GC(671) Tenured: 72446K(349568K)->82686K(349568K)
[2024-08-23T15:36:54.879+0800] GC(671) Metaspace: 304K(512K)->304K(512K) NonClass: 297K(384K)->297K(384K) Class: 6K(128K)->6K(128K)
[2024-08-23T15:36:54.879+0800] GC(671) Pause Young (Allocation Failure) 213M->90M(494M) 1.852ms
[2024-08-23T15:36:54.879+0800] GC(671) User=0.00s Sys=0.00s Real=0.00s
[2024-08-23T15:36:56.624+0800] GC(672) Pause Young (Allocation Failure)
[2024-08-23T15:36:56.626+0800] GC(672) DefNew: 120512K(157248K)->5120K(157248K) Eden: 110272K(139776K)->0K(139776K) From: 10240K(17472K)->5120K(17472K)
[2024-08-23T15:36:56.626+0800] GC(672) Tenured: 82686K(349568K)->103166K(349568K)
[2024-08-23T15:36:56.626+0800] GC(672) Metaspace: 304K(512K)->304K(512K) NonClass: 297K(384K)->297K(384K) Class: 6K(128K)->6K(128K)
[2024-08-23T15:36:56.626+0800] GC(672) Pause Young (Allocation Failure) 198M->105M(494M) 2.160ms
[2024-08-23T15:36:56.626+0800] GC(672) User=0.00s Sys=0.00s Real=0.00s
[2024-08-23T15:36:56.735+0800] GC(673) Pause Young (Allocation Failure)
[2024-08-23T15:36:56.740+0800] GC(673) DefNew: 59081K(157248K)->5120K(157248K) Eden: 53961K(139776K)->0K(139776K) From: 5120K(17472K)->5120K(17472K)
[2024-08-23T15:36:56.740+0800] GC(673) Tenured: 103166K(349568K)->154366K(349568K)
[2024-08-23T15:36:56.740+0800] GC(673) Metaspace: 304K(512K)->304K(512K) NonClass: 297K(384K)->297K(384K) Class: 6K(128K)->6K(128K)
[2024-08-23T15:36:56.740+0800] GC(673) Pause Young (Allocation Failure) 158M->155M(494M) 4.832ms
[2024-08-23T15:36:56.740+0800] GC(673) User=0.00s Sys=0.00s Real=0.01s
[2024-08-23T15:36:57.733+0800] GC(674) Pause Young (Allocation Failure)
[2024-08-23T15:36:57.734+0800] GC(674) DefNew: 141001K(157248K)->15360K(157248K) Eden: 135881K(139776K)->0K(139776K) From: 5120K(17472K)->15360K(17472K)
[2024-08-23T15:36:57.734+0800] GC(674) Tenured: 154366K(349568K)->154366K(349568K)
[2024-08-23T15:36:57.734+0800] GC(674) Metaspace: 304K(512K)->304K(512K) NonClass: 297K(384K)->297K(384K) Class: 6K(128K)->6K(128K)
[2024-08-23T15:36:57.735+0800] GC(674) Pause Young (Allocation Failure) 288M->165M(494M) 1.491ms
[2024-08-23T15:36:57.735+0800] GC(674) User=0.00s Sys=0.00s Real=0.00s
[2024-08-23T15:36:58.174+0800] GC(675) Pause Young (Allocation Failure)
[2024-08-23T15:36:58.179+0800] GC(675) DefNew: 110273K(157248K)->0K(157248K) Eden: 94913K(139776K)->0K(139776K) From: 15360K(17472K)->0K(17472K)
[2024-08-23T15:36:58.179+0800] GC(675) Tenured: 154366K(349568K)->215806K(349568K)
[2024-08-23T15:36:58.179+0800] GC(675) Metaspace: 304K(512K)->304K(512K) NonClass: 297K(384K)->297K(384K) Class: 6K(128K)->6K(128K)
[2024-08-23T15:36:58.179+0800] GC(675) Pause Young (Allocation Failure) 258M->210M(494M) 4.986ms
[2024-08-23T15:36:58.179+0800] GC(675) User=0.00s Sys=0.00s Real=0.00s
[2024-08-23T15:36:59.589+0800] GC(676) Pause Young (Allocation Failure)
[2024-08-23T15:36:59.590+0800] GC(676) DefNew: 130760K(157248K)->5120K(157248K) Eden: 130760K(139776K)->0K(139776K) From: 0K(17472K)->5120K(17472K)
[2024-08-23T15:36:59.590+0800] GC(676) Tenured: 215806K(349568K)->215806K(349568K)
[2024-08-23T15:36:59.590+0800] GC(676) Metaspace: 304K(512K)->304K(512K) NonClass: 297K(384K)->297K(384K) Class: 6K(128K)->6K(128K)
[2024-08-23T15:36:59.590+0800] GC(676) Pause Young (Allocation Failure) 338M->215M(494M) 0.612ms
[2024-08-23T15:36:59.590+0800] GC(676) User=0.00s Sys=0.00s Real=0.00s
[2024-08-23T15:37:00.573+0800] GC(677) Pause Young (Allocation Failure)
[2024-08-23T15:37:00.574+0800] GC(677) DefNew: 140992K(157248K)->6144K(157248K) Eden: 135872K(139776K)->0K(139776K) From: 5120K(17472K)->6144K(17472K)
[2024-08-23T15:37:00.574+0800] GC(677) Tenured: 215806K(349568K)->215806K(349568K)
[2024-08-23T15:37:00.574+0800] GC(677) Metaspace: 304K(512K)->304K(512K) NonClass: 297K(384K)->297K(384K) Class: 6K(128K)->6K(128K)
[2024-08-23T15:37:00.574+0800] GC(677) Pause Young (Allocation Failure) 348M->216M(494M) 0.798ms
[2024-08-23T15:37:00.574+0800] GC(677) User=0.00s Sys=0.00s Real=0.00s
[2024-08-23T15:37:01.006+0800] GC(678) Pause Young (Allocation Failure)
[2024-08-23T15:37:01.011+0800] GC(678) DefNew: 101066K(157248K)->6144K(157248K) Eden: 94922K(139776K)->0K(139776K) From: 6144K(17472K)->6144K(17472K)
[2024-08-23T15:37:01.011+0800] GC(678) Tenured: 215806K(349568K)->267007K(349568K)
[2024-08-23T15:37:01.011+0800] GC(678) Metaspace: 304K(512K)->304K(512K) NonClass: 297K(384K)->297K(384K) Class: 6K(128K)->6K(128K)
[2024-08-23T15:37:01.011+0800] GC(678) Pause Young (Allocation Failure) 309M->266M(494M) 5.133ms
[2024-08-23T15:37:01.011+0800] GC(678) User=0.00s Sys=0.00s Real=0.00s
[2024-08-23T15:37:01.990+0800] GC(679) Pause Young (Allocation Failure)
[2024-08-23T15:37:01.990+0800] GC(679) Pause Young (Allocation Failure) 399M->399M(494M) 0.060ms
[2024-08-23T15:37:01.990+0800] GC(679) User=0.00s Sys=0.00s Real=0.00s
[2024-08-23T15:37:01.990+0800] GC(680) Pause Full (Allocation Failure)
[2024-08-23T15:37:01.990+0800] GC(680) Phase 1: Mark live objects
[2024-08-23T15:37:01.990+0800] GC(680) Phase 1: Mark live objects 0.598ms
[2024-08-23T15:37:01.990+0800] GC(680) Phase 2: Compute new object addresses
[2024-08-23T15:37:01.991+0800] GC(680) Phase 2: Compute new object addresses 0.147ms
[2024-08-23T15:37:01.991+0800] GC(680) Phase 3: Adjust pointers
[2024-08-23T15:37:01.991+0800] GC(680) Phase 3: Adjust pointers 0.339ms
[2024-08-23T15:37:01.991+0800] GC(680) Phase 4: Move objects
[2024-08-23T15:37:01.992+0800] GC(680) Phase 4: Move objects 1.015ms
[2024-08-23T15:37:01.992+0800] GC(680) DefNew: 142030K(157248K)->0K(157248K) Eden: 135886K(139776K)->0K(139776K) From: 6144K(17472K)->0K(17472K)
[2024-08-23T15:37:01.992+0800] GC(680) Tenured: 267007K(349568K)->13054K(349568K)
[2024-08-23T15:37:01.992+0800] GC(680) Metaspace: 304K(512K)->304K(512K) NonClass: 297K(384K)->297K(384K) Class: 6K(128K)->6K(128K)
[2024-08-23T15:37:01.992+0800] GC(680) Pause Full (Allocation Failure) 399M->12M(494M) 2.246ms
[2024-08-23T15:37:01.992+0800] GC(680) User=0.00s Sys=0.00s Real=0.00s
[2024-08-23T15:37:02.426+0800] GC(681) Pause Young (Allocation Failure)
[2024-08-23T15:37:02.431+0800] GC(681) DefNew: 94916K(157248K)->10240K(157248K) Eden: 94916K(139776K)->0K(139776K) From: 0K(17472K)->10240K(17472K)
[2024-08-23T15:37:02.431+0800] GC(681) Tenured: 13054K(349568K)->64254K(349568K)
[2024-08-23T15:37:02.431+0800] GC(681) Metaspace: 304K(512K)->304K(512K) NonClass: 297K(384K)->297K(384K) Class: 6K(128K)->6K(128K)
[2024-08-23T15:37:02.431+0800] GC(681) Pause Young (Allocation Failure) 105M->72M(494M) 5.201ms
[2024-08-23T15:37:02.431+0800] GC(681) User=0.00s Sys=0.00s Real=0.00s
[2024-08-23T15:37:03.628+0800] GC(682) Pause Young (Allocation Failure)
[2024-08-23T15:37:03.629+0800] GC(682) DefNew: 141003K(157248K)->10240K(157248K) Eden: 130763K(139776K)->0K(139776K) From: 10240K(17472K)->10240K(17472K)
[2024-08-23T15:37:03.629+0800] GC(682) Tenured: 64254K(349568K)->64254K(349568K)
[2024-08-23T15:37:03.629+0800] GC(682) Metaspace: 304K(512K)->304K(512K) NonClass: 297K(384K)->297K(384K) Class: 6K(128K)->6K(128K)
[2024-08-23T15:37:03.629+0800] GC(682) Pause Young (Allocation Failure) 200M->72M(494M) 1.040ms
[2024-08-23T15:37:03.629+0800] GC(682) User=0.00s Sys=0.00s Real=0.00s
[2024-08-23T15:37:03.848+0800] GC(683) Pause Young (Allocation Failure)
[2024-08-23T15:37:03.853+0800] GC(683) DefNew: 84673K(157248K)->0K(157248K) Eden: 74433K(139776K)->0K(139776K) From: 10240K(17472K)->0K(17472K)
[2024-08-23T15:37:03.853+0800] GC(683) Tenured: 64254K(349568K)->125694K(349568K)
[2024-08-23T15:37:03.853+0800] GC(683) Metaspace: 304K(512K)->304K(512K) NonClass: 297K(384K)->297K(384K) Class: 6K(128K)->6K(128K)
[2024-08-23T15:37:03.853+0800] GC(683) Pause Young (Allocation Failure) 145M->122M(494M) 4.928ms
[2024-08-23T15:37:03.853+0800] GC(683) User=0.00s Sys=0.00s Real=0.00s
[2024-08-23T15:37:04.845+0800] GC(684) Pause Young (Allocation Failure)
[2024-08-23T15:37:04.846+0800] GC(684) DefNew: 135879K(157248K)->10240K(157248K) Eden: 135879K(139776K)->0K(139776K) From: 0K(17472K)->10240K(17472K)
[2024-08-23T15:37:04.846+0800] GC(684) Tenured: 125694K(349568K)->125694K(349568K)
[2024-08-23T15:37:04.846+0800] GC(684) Metaspace: 304K(512K)->304K(512K) NonClass: 297K(384K)->297K(384K) Class: 6K(128K)->6K(128K)
[2024-08-23T15:37:04.846+0800] GC(684) Pause Young (Allocation Failure) 255M->132M(494M) 1.052ms
[2024-08-23T15:37:04.846+0800] GC(684) User=0.00s Sys=0.00s Real=0.00s
[2024-08-23T15:37:05.280+0800] GC(685) Pause Young (Allocation Failure)
[2024-08-23T15:37:05.286+0800] GC(685) DefNew: 105152K(157248K)->0K(157248K) Eden: 94912K(139776K)->0K(139776K) From: 10240K(17472K)->0K(17472K)
[2024-08-23T15:37:05.286+0800] GC(685) Tenured: 125694K(349568K)->202494K(349568K)
[2024-08-23T15:37:05.286+0800] GC(685) Metaspace: 304K(512K)->304K(512K) NonClass: 297K(384K)->297K(384K) Class: 6K(128K)->6K(128K)
[2024-08-23T15:37:05.286+0800] GC(685) Pause Young (Allocation Failure) 225M->197M(494M) 6.454ms
[2024-08-23T15:37:05.286+0800] GC(685) User=0.00s Sys=0.00s Real=0.01s
[2024-08-23T15:37:06.280+0800] GC(686) Pause Young (Allocation Failure)
[2024-08-23T15:37:06.282+0800] GC(686) DefNew: 135880K(157248K)->10240K(157248K) Eden: 135880K(139776K)->0K(139776K) From: 0K(17472K)->10240K(17472K)
[2024-08-23T15:37:06.282+0800] GC(686) Tenured: 202494K(349568K)->202494K(349568K)
[2024-08-23T15:37:06.282+0800] GC(686) Metaspace: 304K(512K)->304K(512K) NonClass: 297K(384K)->297K(384K) Class: 6K(128K)->6K(128K)
[2024-08-23T15:37:06.282+0800] GC(686) Pause Young (Allocation Failure) 330M->207M(494M) 2.277ms
[2024-08-23T15:37:06.282+0800] GC(686) User=0.00s Sys=0.00s Real=0.00s
[2024-08-23T15:37:07.915+0800] GC(687) Pause Young (Allocation Failure)
[2024-08-23T15:37:07.916+0800] GC(687) DefNew: 146112K(157248K)->15360K(157248K) Eden: 135872K(139776K)->0K(139776K) From: 10240K(17472K)->15360K(17472K)
[2024-08-23T15:37:07.916+0800] GC(687) Tenured: 202494K(349568K)->202494K(349568K)
[2024-08-23T15:37:07.916+0800] GC(687) Metaspace: 304K(512K)->304K(512K) NonClass: 297K(384K)->297K(384K) Class: 6K(128K)->6K(128K)
[2024-08-23T15:37:07.916+0800] GC(687) Pause Young (Allocation Failure) 340M->212M(494M) 1.674ms
[2024-08-23T15:37:07.916+0800] GC(687) User=0.00s Sys=0.00s Real=0.00s
[2024-08-23T15:37:08.132+0800] GC(688) Pause Young (Allocation Failure)
[2024-08-23T15:37:08.137+0800] GC(688) DefNew: 89802K(157248K)->0K(157248K) Eden: 74442K(139776K)->0K(139776K) From: 15360K(17472K)->0K(17472K)
[2024-08-23T15:37:08.137+0800] GC(688) Tenured: 202494K(349568K)->258815K(349568K)
[2024-08-23T15:37:08.137+0800] GC(688) Metaspace: 304K(512K)->304K(512K) NonClass: 297K(384K)->297K(384K) Class: 6K(128K)->6K(128K)
[2024-08-23T15:37:08.137+0800] GC(688) Pause Young (Allocation Failure) 285M->252M(494M) 5.907ms
[2024-08-23T15:37:08.138+0800] GC(688) User=0.00s Sys=0.00s Real=0.01s
[2024-08-23T15:37:09.131+0800] GC(689) Pause Young (Allocation Failure)
[2024-08-23T15:37:09.131+0800] GC(689) Pause Young (Allocation Failure) 385M->385M(494M) 0.060ms
[2024-08-23T15:37:09.131+0800] GC(689) User=0.00s Sys=0.00s Real=0.00s
[2024-08-23T15:37:09.131+0800] GC(690) Pause Full (Allocation Failure)
[2024-08-23T15:37:09.131+0800] GC(690) Phase 1: Mark live objects
[2024-08-23T15:37:09.131+0800] GC(690) Phase 1: Mark live objects 0.613ms
[2024-08-23T15:37:09.131+0800] GC(690) Phase 2: Compute new object addresses
[2024-08-23T15:37:09.132+0800] GC(690) Phase 2: Compute new object addresses 0.155ms
[2024-08-23T15:37:09.132+0800] GC(690) Phase 3: Adjust pointers
[2024-08-23T15:37:09.132+0800] GC(690) Phase 3: Adjust pointers 0.350ms
[2024-08-23T15:37:09.132+0800] GC(690) Phase 4: Move objects
[2024-08-23T15:37:09.141+0800] GC(690) Phase 4: Move objects 8.866ms
[2024-08-23T15:37:09.141+0800] GC(690) DefNew: 135857K(157248K)->0K(157248K) Eden: 135857K(139776K)->0K(139776K) From: 0K(17472K)->0K(17472K)
[2024-08-23T15:37:09.141+0800] GC(690) Tenured: 258815K(349568K)->118526K(349568K)
[2024-08-23T15:37:09.141+0800] GC(690) Metaspace: 304K(512K)->304K(512K) NonClass: 297K(384K)->297K(384K) Class: 6K(128K)->6K(128K)
[2024-08-23T15:37:09.141+0800] GC(690) Pause Full (Allocation Failure) 385M->115M(494M) 10.132ms
[2024-08-23T15:37:09.141+0800] GC(690) User=0.00s Sys=0.00s Real=0.01s
[2024-08-23T15:37:09.568+0800] GC(691) Pause Young (Allocation Failure)
[2024-08-23T15:37:09.573+0800] GC(691) DefNew: 94898K(157248K)->0K(157248K) Eden: 94898K(139776K)->0K(139776K) From: 0K(17472K)->0K(17472K)
[2024-08-23T15:37:09.573+0800] GC(691) Tenured: 118526K(349568K)->169726K(349568K)
[2024-08-23T15:37:09.573+0800] GC(691) Metaspace: 304K(512K)->304K(512K) NonClass: 297K(384K)->297K(384K) Class: 6K(128K)->6K(128K)
[2024-08-23T15:37:09.573+0800] GC(691) Pause Young (Allocation Failure) 208M->165M(494M) 4.582ms
[2024-08-23T15:37:09.573+0800] GC(691) User=0.02s Sys=0.00s Real=0.00s
[2024-08-23T15:37:11.315+0800] GC(692) Pause Young (Allocation Failure)
[2024-08-23T15:37:11.315+0800] GC(692) DefNew: 137919K(157248K)->1024K(157248K) Eden: 137919K(139776K)->0K(139776K) From: 0K(17472K)->1024K(17472K)
[2024-08-23T15:37:11.315+0800] GC(692) Tenured: 169726K(349568K)->169726K(349568K)
[2024-08-23T15:37:11.315+0800] GC(692) Metaspace: 304K(512K)->304K(512K) NonClass: 297K(384K)->297K(384K) Class: 6K(128K)->6K(128K)
[2024-08-23T15:37:11.315+0800] GC(692) Pause Young (Allocation Failure) 300M->166M(494M) 0.322ms
[2024-08-23T15:37:11.315+0800] GC(692) User=0.00s Sys=0.00s Real=0.00s
[2024-08-23T15:37:12.402+0800] GC(693) Pause Young (Allocation Failure)
[2024-08-23T15:37:12.407+0800] GC(693) DefNew: 126651K(157248K)->11264K(157248K) Eden: 125627K(139776K)->0K(139776K) From: 1024K(17472K)->11264K(17472K)
[2024-08-23T15:37:12.407+0800] GC(693) Tenured: 169726K(349568K)->220926K(349568K)
[2024-08-23T15:37:12.407+0800] GC(693) Metaspace: 304K(512K)->304K(512K) NonClass: 297K(384K)->297K(384K) Class: 6K(128K)->6K(128K)
[2024-08-23T15:37:12.407+0800] GC(693) Pause Young (Allocation Failure) 289M->226M(494M) 4.930ms
[2024-08-23T15:37:12.407+0800] GC(693) User=0.00s Sys=0.00s Real=0.01s
[2024-08-23T15:37:13.386+0800] GC(694) Pause Young (Allocation Failure)
[2024-08-23T15:37:13.389+0800] GC(694) DefNew: 147142K(157248K)->10240K(157248K) Eden: 135878K(139776K)->0K(139776K) From: 11264K(17472K)->10240K(17472K)
[2024-08-23T15:37:13.389+0800] GC(694) Tenured: 220926K(349568K)->232190K(349568K)
[2024-08-23T15:37:13.389+0800] GC(694) Metaspace: 304K(512K)->304K(512K) NonClass: 297K(384K)->297K(384K) Class: 6K(128K)->6K(128K)
[2024-08-23T15:37:13.389+0800] GC(694) Pause Young (Allocation Failure) 359M->236M(494M) 2.543ms
[2024-08-23T15:37:13.389+0800] GC(694) User=0.00s Sys=0.00s Real=0.00s
[2024-08-23T15:37:13.822+0800] GC(695) Pause Young (Allocation Failure)
[2024-08-23T15:37:13.827+0800] GC(695) DefNew: 105151K(157248K)->10240K(157248K) Eden: 94911K(139776K)->0K(139776K) From: 10240K(17472K)->10240K(17472K)
[2024-08-23T15:37:13.827+0800] GC(695) Tenured: 232190K(349568K)->288510K(349568K)
[2024-08-23T15:37:13.827+0800] GC(695) Metaspace: 304K(512K)->304K(512K) NonClass: 297K(384K)->297K(384K) Class: 6K(128K)->6K(128K)
[2024-08-23T15:37:13.827+0800] GC(695) Pause Young (Allocation Failure) 329M->291M(494M) 5.331ms
[2024-08-23T15:37:13.827+0800] GC(695) User=0.00s Sys=0.00s Real=0.00s
[2024-08-23T15:37:15.023+0800] GC(696) Pause Young (Allocation Failure)
[2024-08-23T15:37:15.023+0800] GC(696) Pause Young (Allocation Failure) 414M->414M(494M) 0.068ms
[2024-08-23T15:37:15.023+0800] GC(696) User=0.00s Sys=0.00s Real=0.00s
[2024-08-23T15:37:15.023+0800] GC(697) Pause Full (Allocation Failure)
[2024-08-23T15:37:15.023+0800] GC(697) Phase 1: Mark live objects
[2024-08-23T15:37:15.023+0800] GC(697) Phase 1: Mark live objects 0.626ms
[2024-08-23T15:37:15.023+0800] GC(697) Phase 2: Compute new object addresses
[2024-08-23T15:37:15.024+0800] GC(697) Phase 2: Compute new object addresses 0.133ms
[2024-08-23T15:37:15.024+0800] GC(697) Phase 3: Adjust pointers
[2024-08-23T15:37:15.024+0800] GC(697) Phase 3: Adjust pointers 0.327ms
[2024-08-23T15:37:15.024+0800] GC(697) Phase 4: Move objects
[2024-08-23T15:37:15.025+0800] GC(697) Phase 4: Move objects 0.771ms
[2024-08-23T15:37:15.025+0800] GC(697) DefNew: 135879K(157248K)->0K(157248K) Eden: 125639K(139776K)->0K(139776K) From: 10240K(17472K)->0K(17472K)
[2024-08-23T15:37:15.025+0800] GC(697) Tenured: 288510K(349568K)->11006K(349568K)
[2024-08-23T15:37:15.025+0800] GC(697) Metaspace: 304K(512K)->304K(512K) NonClass: 297K(384K)->297K(384K) Class: 6K(128K)->6K(128K)
[2024-08-23T15:37:15.025+0800] GC(697) Pause Full (Allocation Failure) 414M->10M(494M) 1.994ms
[2024-08-23T15:37:15.025+0800] GC(697) User=0.00s Sys=0.00s Real=0.00s
[2024-08-23T15:37:15.243+0800] GC(698) Pause Young (Allocation Failure)
[2024-08-23T15:37:15.248+0800] GC(698) DefNew: 74430K(157248K)->0K(157248K) Eden: 74430K(139776K)->0K(139776K) From: 0K(17472K)->0K(17472K)
[2024-08-23T15:37:15.248+0800] GC(698) Tenured: 11006K(349568K)->82686K(349568K)
[2024-08-23T15:37:15.248+0800] GC(698) Metaspace: 304K(512K)->304K(512K) NonClass: 297K(384K)->297K(384K) Class: 6K(128K)->6K(128K)
[2024-08-23T15:37:15.248+0800] GC(698) Pause Young (Allocation Failure) 83M->80M(494M) 5.373ms
[2024-08-23T15:37:15.248+0800] GC(698) User=0.00s Sys=0.00s Real=0.00s
[2024-08-23T15:37:16.225+0800] GC(699) Pause Young (Allocation Failure)
[2024-08-23T15:37:16.225+0800] GC(699) DefNew: 135877K(157248K)->10240K(157248K) Eden: 135877K(139776K)->0K(139776K) From: 0K(17472K)->10240K(17472K)
[2024-08-23T15:37:16.225+0800] GC(699) Tenured: 82686K(349568K)->82686K(349568K)
[2024-08-23T15:37:16.225+0800] GC(699) Metaspace: 304K(512K)->304K(512K) NonClass: 297K(384K)->297K(384K) Class: 6K(128K)->6K(128K)
[2024-08-23T15:37:16.225+0800] GC(699) Pause Young (Allocation Failure) 213M->90M(494M) 0.930ms
[2024-08-23T15:37:16.225+0800] GC(699) User=0.00s Sys=0.00s Real=0.00s
[2024-08-23T15:37:16.660+0800] GC(700) Pause Young (Allocation Failure)
[2024-08-23T15:37:16.664+0800] GC(700) DefNew: 105150K(157248K)->0K(157248K) Eden: 94910K(139776K)->0K(139776K) From: 10240K(17472K)->0K(17472K)
[2024-08-23T15:37:16.664+0800] GC(700) Tenured: 82686K(349568K)->139006K(349568K)
[2024-08-23T15:37:16.664+0800] GC(700) Metaspace: 304K(512K)->304K(512K) NonClass: 297K(384K)->297K(384K) Class: 6K(128K)->6K(128K)
[2024-08-23T15:37:16.664+0800] GC(700) Pause Young (Allocation Failure) 183M->135M(494M) 4.484ms
[2024-08-23T15:37:16.664+0800] GC(700) User=0.00s Sys=0.00s Real=0.00s
[2024-08-23T15:37:17.642+0800] GC(701) Pause Young (Allocation Failure)
[2024-08-23T15:37:17.643+0800] GC(701) DefNew: 135879K(157248K)->10240K(157248K) Eden: 135879K(139776K)->0K(139776K) From: 0K(17472K)->10240K(17472K)
[2024-08-23T15:37:17.643+0800] GC(701) Tenured: 139006K(349568K)->139006K(349568K)
[2024-08-23T15:37:17.643+0800] GC(701) Metaspace: 304K(512K)->304K(512K) NonClass: 297K(384K)->297K(384K) Class: 6K(128K)->6K(128K)
[2024-08-23T15:37:17.643+0800] GC(701) Pause Young (Allocation Failure) 268M->145M(494M) 1.197ms
[2024-08-23T15:37:17.643+0800] GC(701) User=0.00s Sys=0.00s Real=0.00s
[2024-08-23T15:37:18.078+0800] GC(702) Pause Young (Allocation Failure)
[2024-08-23T15:37:18.083+0800] GC(702) DefNew: 105152K(157248K)->0K(157248K) Eden: 94912K(139776K)->0K(139776K) From: 10240K(17472K)->0K(17472K)
[2024-08-23T15:37:18.083+0800] GC(702) Tenured: 139006K(349568K)->195326K(349568K)
[2024-08-23T15:37:18.083+0800] GC(702) Metaspace: 304K(512K)->304K(512K) NonClass: 297K(384K)->297K(384K) Class: 6K(128K)->6K(128K)
[2024-08-23T15:37:18.083+0800] GC(702) Pause Young (Allocation Failure) 238M->190M(494M) 4.692ms
[2024-08-23T15:37:18.083+0800] GC(702) User=0.00s Sys=0.00s Real=0.00s
[2024-08-23T15:37:19.169+0800] GC(703) Pause Young (Allocation Failure)
[2024-08-23T15:37:19.170+0800] GC(703) DefNew: 130760K(157248K)->15360K(157248K) Eden: 130760K(139776K)->0K(139776K) From: 0K(17472K)->15360K(17472K)
[2024-08-23T15:37:19.170+0800] GC(703) Tenured: 195326K(349568K)->195326K(349568K)
[2024-08-23T15:37:19.170+0800] GC(703) Metaspace: 304K(512K)->304K(512K) NonClass: 297K(384K)->297K(384K) Class: 6K(128K)->6K(128K)
[2024-08-23T15:37:19.170+0800] GC(703) Pause Young (Allocation Failure) 318M->205M(494M) 1.502ms
[2024-08-23T15:37:19.170+0800] GC(703) User=0.00s Sys=0.00s Real=0.00s
[2024-08-23T15:37:19.493+0800] GC(704) Pause Young (Allocation Failure)
[2024-08-23T15:37:19.497+0800] GC(704) DefNew: 100031K(157248K)->0K(157248K) Eden: 84671K(139776K)->0K(139776K) From: 15360K(17472K)->0K(17472K)
[2024-08-23T15:37:19.497+0800] GC(704) Tenured: 195326K(349568K)->251646K(349568K)
[2024-08-23T15:37:19.497+0800] GC(704) Metaspace: 304K(512K)->304K(512K) NonClass: 297K(384K)->297K(384K) Class: 6K(128K)->6K(128K)
[2024-08-23T15:37:19.497+0800] GC(704) Pause Young (Allocation Failure) 288M->245M(494M) 4.800ms
[2024-08-23T15:37:19.497+0800] GC(704) User=0.00s Sys=0.00s Real=0.00s
[2024-08-23T15:37:20.477+0800] GC(705) Pause Young (Allocation Failure)
[2024-08-23T15:37:20.477+0800] GC(705) Pause Young (Allocation Failure) 378M->378M(494M) 0.085ms
[2024-08-23T15:37:20.477+0800] GC(705) User=0.00s Sys=0.00s Real=0.00s
[2024-08-23T15:37:20.477+0800] GC(706) Pause Full (Allocation Failure)
[2024-08-23T15:37:20.477+0800] GC(706) Phase 1: Mark live objects
[2024-08-23T15:37:20.478+0800] GC(706) Phase 1: Mark live objects 0.723ms
[2024-08-23T15:37:20.478+0800] GC(706) Phase 2: Compute new object addresses
[2024-08-23T15:37:20.478+0800] GC(706) Phase 2: Compute new object addresses 0.177ms
[2024-08-23T15:37:20.478+0800] GC(706) Phase 3: Adjust pointers
[2024-08-23T15:37:20.478+0800] GC(706) Phase 3: Adjust pointers 0.362ms
[2024-08-23T15:37:20.479+0800] GC(706) Phase 4: Move objects
[2024-08-23T15:37:20.480+0800] GC(706) Phase 4: Move objects 1.254ms
[2024-08-23T15:37:20.480+0800] GC(706) DefNew: 135855K(157248K)->0K(157248K) Eden: 135855K(139776K)->0K(139776K) From: 0K(17472K)->0K(17472K)
[2024-08-23T15:37:20.480+0800] GC(706) Tenured: 251646K(349568K)->12030K(349568K)
[2024-08-23T15:37:20.480+0800] GC(706) Metaspace: 304K(512K)->304K(512K) NonClass: 297K(384K)->297K(384K) Class: 6K(128K)->6K(128K)
[2024-08-23T15:37:20.480+0800] GC(706) Pause Full (Allocation Failure) 378M->11M(494M) 2.730ms
[2024-08-23T15:37:20.480+0800] GC(706) User=0.00s Sys=0.00s Real=0.00s
[2024-08-23T15:37:20.915+0800] GC(707) Pause Young (Allocation Failure)
[2024-08-23T15:37:20.920+0800] GC(707) DefNew: 94896K(157248K)->0K(157248K) Eden: 94896K(139776K)->0K(139776K) From: 0K(17472K)->0K(17472K)
[2024-08-23T15:37:20.920+0800] GC(707) Tenured: 12030K(349568K)->63230K(349568K)
[2024-08-23T15:37:20.920+0800] GC(707) Metaspace: 304K(512K)->304K(512K) NonClass: 297K(384K)->297K(384K) Class: 6K(128K)->6K(128K)
[2024-08-23T15:37:20.920+0800] GC(707) Pause Young (Allocation Failure) 104M->61M(494M) 5.053ms
[2024-08-23T15:37:20.920+0800] GC(707) User=0.00s Sys=0.00s Real=0.01s
[2024-08-23T15:37:21.898+0800] GC(708) Pause Young (Allocation Failure)
[2024-08-23T15:37:21.898+0800] GC(708) DefNew: 135870K(157248K)->6144K(157248K) Eden: 135870K(139776K)->0K(139776K) From: 0K(17472K)->6144K(17472K)
[2024-08-23T15:37:21.898+0800] GC(708) Tenured: 63230K(349568K)->63230K(349568K)
[2024-08-23T15:37:21.898+0800] GC(708) Metaspace: 304K(512K)->304K(512K) NonClass: 297K(384K)->297K(384K) Class: 6K(128K)->6K(128K)
[2024-08-23T15:37:21.898+0800] GC(708) Pause Young (Allocation Failure) 194M->67M(494M) 0.750ms
[2024-08-23T15:37:21.898+0800] GC(708) User=0.00s Sys=0.00s Real=0.00s
[2024-08-23T15:37:23.758+0800] GC(709) Pause Young (Allocation Failure)
[2024-08-23T15:37:23.764+0800] GC(709) DefNew: 142010K(157248K)->15360K(157248K) Eden: 135866K(139776K)->0K(139776K) From: 6144K(17472K)->15360K(17472K)
[2024-08-23T15:37:23.764+0800] GC(709) Tenured: 63230K(349568K)->114430K(349568K)
[2024-08-23T15:37:23.764+0800] GC(709) Metaspace: 304K(512K)->304K(512K) NonClass: 297K(384K)->297K(384K) Class: 6K(128K)->6K(128K)
[2024-08-23T15:37:23.764+0800] GC(709) Pause Young (Allocation Failure) 200M->126M(494M) 5.869ms
[2024-08-23T15:37:23.764+0800] GC(709) User=0.00s Sys=0.00s Real=0.01s
[2024-08-23T15:37:24.756+0800] GC(710) Pause Young (Allocation Failure)
[2024-08-23T15:37:24.758+0800] GC(710) DefNew: 151238K(157248K)->10240K(157248K) Eden: 135878K(139776K)->0K(139776K) From: 15360K(17472K)->10240K(17472K)
[2024-08-23T15:37:24.758+0800] GC(710) Tenured: 114430K(349568K)->129790K(349568K)
[2024-08-23T15:37:24.758+0800] GC(710) Metaspace: 304K(512K)->304K(512K) NonClass: 297K(384K)->297K(384K) Class: 6K(128K)->6K(128K)
[2024-08-23T15:37:24.758+0800] GC(710) Pause Young (Allocation Failure) 259M->136M(494M) 2.187ms
[2024-08-23T15:37:24.758+0800] GC(710) User=0.00s Sys=0.00s Real=0.00s
[2024-08-23T15:37:25.190+0800] GC(711) Pause Young (Allocation Failure)
[2024-08-23T15:37:25.197+0800] GC(711) DefNew: 105159K(157248K)->0K(157248K) Eden: 94919K(139776K)->0K(139776K) From: 10240K(17472K)->0K(17472K)
[2024-08-23T15:37:25.197+0800] GC(711) Tenured: 129790K(349568K)->206590K(349568K)
[2024-08-23T15:37:25.197+0800] GC(711) Metaspace: 304K(512K)->304K(512K) NonClass: 297K(384K)->297K(384K) Class: 6K(128K)->6K(128K)
[2024-08-23T15:37:25.197+0800] GC(711) Pause Young (Allocation Failure) 229M->201M(494M) 6.699ms
[2024-08-23T15:37:25.197+0800] GC(711) User=0.02s Sys=0.00s Real=0.01s
[2024-08-23T15:37:26.409+0800] GC(712) Pause Young (Allocation Failure)
[2024-08-23T15:37:26.409+0800] GC(712) DefNew: 120524K(157248K)->5120K(157248K) Eden: 120524K(139776K)->0K(139776K) From: 0K(17472K)->5120K(17472K)
[2024-08-23T15:37:26.409+0800] GC(712) Tenured: 206590K(349568K)->206590K(349568K)
[2024-08-23T15:37:26.409+0800] GC(712) Metaspace: 304K(512K)->304K(512K) NonClass: 297K(384K)->297K(384K) Class: 6K(128K)->6K(128K)
[2024-08-23T15:37:26.409+0800] GC(712) Pause Young (Allocation Failure) 319M->206M(494M) 0.649ms
[2024-08-23T15:37:26.409+0800] GC(712) User=0.00s Sys=0.00s Real=0.00s
[2024-08-23T15:37:26.629+0800] GC(713) Pause Young (Allocation Failure)
[2024-08-23T15:37:26.634+0800] GC(713) DefNew: 79552K(157248K)->0K(157248K) Eden: 74432K(139776K)->0K(139776K) From: 5120K(17472K)->0K(17472K)
[2024-08-23T15:37:26.634+0800] GC(713) Tenured: 206590K(349568K)->257791K(349568K)
[2024-08-23T15:37:26.634+0800] GC(713) Metaspace: 304K(512K)->304K(512K) NonClass: 297K(384K)->297K(384K) Class: 6K(128K)->6K(128K)
[2024-08-23T15:37:26.634+0800] GC(713) Pause Young (Allocation Failure) 279M->251M(494M) 5.348ms
[2024-08-23T15:37:26.634+0800] GC(713) User=0.02s Sys=0.00s Real=0.01s
[2024-08-23T15:37:27.625+0800] GC(714) Pause Young (Allocation Failure)
[2024-08-23T15:37:27.625+0800] GC(714) Pause Young (Allocation Failure) 384M->384M(494M) 0.061ms
[2024-08-23T15:37:27.625+0800] GC(714) User=0.00s Sys=0.00s Real=0.00s
[2024-08-23T15:37:27.625+0800] GC(715) Pause Full (Allocation Failure)
[2024-08-23T15:37:27.625+0800] GC(715) Phase 1: Mark live objects
[2024-08-23T15:37:27.625+0800] GC(715) Phase 1: Mark live objects 0.589ms
[2024-08-23T15:37:27.625+0800] GC(715) Phase 2: Compute new object addresses
[2024-08-23T15:37:27.626+0800] GC(715) Phase 2: Compute new object addresses 0.147ms
[2024-08-23T15:37:27.626+0800] GC(715) Phase 3: Adjust pointers
[2024-08-23T15:37:27.626+0800] GC(715) Phase 3: Adjust pointers 0.331ms
[2024-08-23T15:37:27.626+0800] GC(715) Phase 4: Move objects
[2024-08-23T15:37:27.632+0800] GC(715) Phase 4: Move objects 5.398ms
[2024-08-23T15:37:27.632+0800] GC(715) DefNew: 135878K(157248K)->0K(157248K) Eden: 135878K(139776K)->0K(139776K) From: 0K(17472K)->0K(17472K)
[2024-08-23T15:37:27.632+0800] GC(715) Tenured: 257791K(349568K)->62206K(349568K)
[2024-08-23T15:37:27.632+0800] GC(715) Metaspace: 304K(512K)->304K(512K) NonClass: 297K(384K)->297K(384K) Class: 6K(128K)->6K(128K)
[2024-08-23T15:37:27.632+0800] GC(715) Pause Full (Allocation Failure) 384M->60M(494M) 6.614ms
[2024-08-23T15:37:27.632+0800] GC(715) User=0.00s Sys=0.00s Real=0.01s
[2024-08-23T15:37:28.062+0800] GC(716) Pause Young (Allocation Failure)
[2024-08-23T15:37:28.066+0800] GC(716) DefNew: 94911K(157248K)->0K(157248K) Eden: 94911K(139776K)->0K(139776K) From: 0K(17472K)->0K(17472K)
[2024-08-23T15:37:28.066+0800] GC(716) Tenured: 62206K(349568K)->113406K(349568K)
[2024-08-23T15:37:28.066+0800] GC(716) Metaspace: 304K(512K)->304K(512K) NonClass: 297K(384K)->297K(384K) Class: 6K(128K)->6K(128K)
[2024-08-23T15:37:28.066+0800] GC(716) Pause Young (Allocation Failure) 153M->110M(494M) 4.056ms
[2024-08-23T15:37:28.066+0800] GC(716) User=0.00s Sys=0.00s Real=0.00s
[2024-08-23T15:37:29.043+0800] GC(717) Pause Young (Allocation Failure)
[2024-08-23T15:37:29.052+0800] GC(717) DefNew: 135879K(157248K)->10240K(157248K) Eden: 135879K(139776K)->0K(139776K) From: 0K(17472K)->10240K(17472K)
[2024-08-23T15:37:29.052+0800] GC(717) Tenured: 113406K(349568K)->215806K(349568K)
[2024-08-23T15:37:29.052+0800] GC(717) Metaspace: 304K(512K)->304K(512K) NonClass: 297K(384K)->297K(384K) Class: 6K(128K)->6K(128K)
[2024-08-23T15:37:29.052+0800] GC(717) Pause Young (Allocation Failure) 243M->220M(494M) 9.146ms
[2024-08-23T15:37:29.052+0800] GC(717) User=0.00s Sys=0.00s Real=0.01s
[2024-08-23T15:37:29.482+0800] GC(718) Pause Young (Allocation Failure)
[2024-08-23T15:37:29.486+0800] GC(718) DefNew: 105152K(157248K)->0K(157248K) Eden: 94912K(139776K)->0K(139776K) From: 10240K(17472K)->0K(17472K)
[2024-08-23T15:37:29.486+0800] GC(718) Tenured: 215806K(349568K)->272126K(349568K)
[2024-08-23T15:37:29.486+0800] GC(718) Metaspace: 304K(512K)->304K(512K) NonClass: 297K(384K)->297K(384K) Class: 6K(128K)->6K(128K)
[2024-08-23T15:37:29.486+0800] GC(718) Pause Young (Allocation Failure) 313M->265M(494M) 4.722ms
[2024-08-23T15:37:29.486+0800] GC(718) User=0.00s Sys=0.00s Real=0.00s
[2024-08-23T15:37:30.693+0800] GC(719) Pause Young (Allocation Failure)
[2024-08-23T15:37:30.693+0800] GC(719) Pause Young (Allocation Failure) 398M->398M(494M) 0.083ms
[2024-08-23T15:37:30.693+0800] GC(719) User=0.00s Sys=0.00s Real=0.00s
[2024-08-23T15:37:30.693+0800] GC(720) Pause Full (Allocation Failure)
[2024-08-23T15:37:30.693+0800] GC(720) Phase 1: Mark live objects
[2024-08-23T15:37:30.694+0800] GC(720) Phase 1: Mark live objects 0.816ms
[2024-08-23T15:37:30.694+0800] GC(720) Phase 2: Compute new object addresses
[2024-08-23T15:37:30.694+0800] GC(720) Phase 2: Compute new object addresses 0.187ms
[2024-08-23T15:37:30.694+0800] GC(720) Phase 3: Adjust pointers
[2024-08-23T15:37:30.694+0800] GC(720) Phase 3: Adjust pointers 0.408ms
[2024-08-23T15:37:30.694+0800] GC(720) Phase 4: Move objects
[2024-08-23T15:37:30.696+0800] GC(720) Phase 4: Move objects 1.267ms
[2024-08-23T15:37:30.696+0800] GC(720) DefNew: 135880K(157248K)->0K(157248K) Eden: 135880K(139776K)->0K(139776K) From: 0K(17472K)->0K(17472K)
[2024-08-23T15:37:30.696+0800] GC(720) Tenured: 272126K(349568K)->16127K(349568K)
[2024-08-23T15:37:30.696+0800] GC(720) Metaspace: 304K(512K)->304K(512K) NonClass: 297K(384K)->297K(384K) Class: 6K(128K)->6K(128K)
[2024-08-23T15:37:30.696+0800] GC(720) Pause Full (Allocation Failure) 398M->15M(494M) 2.859ms
[2024-08-23T15:37:30.696+0800] GC(720) User=0.00s Sys=0.00s Real=0.00s
[2024-08-23T15:37:30.912+0800] GC(721) Pause Young (Allocation Failure)
[2024-08-23T15:37:30.917+0800] GC(721) DefNew: 74432K(157248K)->0K(157248K) Eden: 74432K(139776K)->0K(139776K) From: 0K(17472K)->0K(17472K)
[2024-08-23T15:37:30.917+0800] GC(721) Tenured: 16127K(349568K)->67327K(349568K)
[2024-08-23T15:37:30.917+0800] GC(721) Metaspace: 304K(512K)->304K(512K) NonClass: 297K(384K)->297K(384K) Class: 6K(128K)->6K(128K)
[2024-08-23T15:37:30.917+0800] GC(721) Pause Young (Allocation Failure) 88M->65M(494M) 5.177ms
[2024-08-23T15:37:30.917+0800] GC(721) User=0.00s Sys=0.00s Real=0.01s
[2024-08-23T15:37:31.908+0800] GC(722) Pause Young (Allocation Failure)
[2024-08-23T15:37:31.908+0800] GC(722) DefNew: 135865K(157248K)->6144K(157248K) Eden: 135865K(139776K)->0K(139776K) From: 0K(17472K)->6144K(17472K)
[2024-08-23T15:37:31.908+0800] GC(722) Tenured: 67327K(349568K)->67327K(349568K)
[2024-08-23T15:37:31.908+0800] GC(722) Metaspace: 304K(512K)->304K(512K) NonClass: 297K(384K)->297K(384K) Class: 6K(128K)->6K(128K)
[2024-08-23T15:37:31.908+0800] GC(722) Pause Young (Allocation Failure) 198M->71M(494M) 0.713ms
[2024-08-23T15:37:31.908+0800] GC(722) User=0.00s Sys=0.00s Real=0.00s
[2024-08-23T15:37:32.343+0800] GC(723) Pause Young (Allocation Failure)
[2024-08-23T15:37:32.348+0800] GC(723) DefNew: 101047K(157248K)->11264K(157248K) Eden: 94903K(139776K)->0K(139776K) From: 6144K(17472K)->11264K(17472K)
[2024-08-23T15:37:32.348+0800] GC(723) Tenured: 67327K(349568K)->118527K(349568K)
[2024-08-23T15:37:32.348+0800] GC(723) Metaspace: 304K(512K)->304K(512K) NonClass: 297K(384K)->297K(384K) Class: 6K(128K)->6K(128K)
[2024-08-23T15:37:32.348+0800] GC(723) Pause Young (Allocation Failure) 164M->126M(494M) 5.640ms
[2024-08-23T15:37:32.348+0800] GC(723) User=0.00s Sys=0.00s Real=0.01s
[2024-08-23T15:37:33.324+0800] GC(724) Pause Young (Allocation Failure)
[2024-08-23T15:37:33.325+0800] GC(724) DefNew: 147138K(157248K)->10240K(157248K) Eden: 135874K(139776K)->0K(139776K) From: 11264K(17472K)->10240K(17472K)
[2024-08-23T15:37:33.325+0800] GC(724) Tenured: 118527K(349568K)->129791K(349568K)
[2024-08-23T15:37:33.325+0800] GC(724) Metaspace: 304K(512K)->304K(512K) NonClass: 297K(384K)->297K(384K) Class: 6K(128K)->6K(128K)
[2024-08-23T15:37:33.325+0800] GC(724) Pause Young (Allocation Failure) 259M->136M(494M) 2.034ms
[2024-08-23T15:37:33.325+0800] GC(724) User=0.00s Sys=0.00s Real=0.00s
[2024-08-23T15:37:35.071+0800] GC(725) Pause Young (Allocation Failure)
[2024-08-23T15:37:35.073+0800] GC(725) DefNew: 105149K(157248K)->5120K(157248K) Eden: 94909K(139776K)->0K(139776K) From: 10240K(17472K)->5120K(17472K)
[2024-08-23T15:37:35.073+0800] GC(725) Tenured: 129791K(349568K)->150271K(349568K)
[2024-08-23T15:37:35.073+0800] GC(725) Metaspace: 304K(512K)->304K(512K) NonClass: 297K(384K)->297K(384K) Class: 6K(128K)->6K(128K)
[2024-08-23T15:37:35.073+0800] GC(725) Pause Young (Allocation Failure) 229M->151M(494M) 2.495ms
[2024-08-23T15:37:35.073+0800] GC(725) User=0.00s Sys=0.00s Real=0.00s
[2024-08-23T15:37:35.181+0800] GC(726) Pause Young (Allocation Failure)
[2024-08-23T15:37:35.185+0800] GC(726) DefNew: 59078K(157248K)->5120K(157248K) Eden: 53958K(139776K)->0K(139776K) From: 5120K(17472K)->5120K(17472K)
[2024-08-23T15:37:35.185+0800] GC(726) Tenured: 150271K(349568K)->201471K(349568K)
[2024-08-23T15:37:35.185+0800] GC(726) Metaspace: 304K(512K)->304K(512K) NonClass: 297K(384K)->297K(384K) Class: 6K(128K)->6K(128K)
[2024-08-23T15:37:35.185+0800] GC(726) Pause Young (Allocation Failure) 204M->201M(494M) 4.689ms
[2024-08-23T15:37:35.185+0800] GC(726) User=0.00s Sys=0.00s Real=0.00s
[2024-08-23T15:37:36.164+0800] GC(727) Pause Young (Allocation Failure)
[2024-08-23T15:37:36.166+0800] GC(727) DefNew: 140998K(157248K)->15360K(157248K) Eden: 135878K(139776K)->0K(139776K) From: 5120K(17472K)->15360K(17472K)
[2024-08-23T15:37:36.166+0800] GC(727) Tenured: 201471K(349568K)->201471K(349568K)
[2024-08-23T15:37:36.166+0800] GC(727) Metaspace: 304K(512K)->304K(512K) NonClass: 297K(384K)->297K(384K) Class: 6K(128K)->6K(128K)
[2024-08-23T15:37:36.166+0800] GC(727) Pause Young (Allocation Failure) 334M->211M(494M) 2.358ms
[2024-08-23T15:37:36.166+0800] GC(727) User=0.00s Sys=0.00s Real=0.00s
[2024-08-23T15:37:36.601+0800] GC(728) Pause Young (Allocation Failure)
[2024-08-23T15:37:36.606+0800] GC(728) DefNew: 110271K(157248K)->0K(157248K) Eden: 94911K(139776K)->0K(139776K) From: 15360K(17472K)->0K(17472K)
[2024-08-23T15:37:36.606+0800] GC(728) Tenured: 201471K(349568K)->262911K(349568K)
[2024-08-23T15:37:36.606+0800] GC(728) Metaspace: 304K(512K)->304K(512K) NonClass: 297K(384K)->297K(384K) Class: 6K(128K)->6K(128K)
[2024-08-23T15:37:36.606+0800] GC(728) Pause Young (Allocation Failure) 304M->256M(494M) 5.986ms
[2024-08-23T15:37:36.606+0800] GC(728) User=0.00s Sys=0.00s Real=0.00s
[2024-08-23T15:37:37.926+0800] GC(729) Pause Young (Allocation Failure)
[2024-08-23T15:37:37.926+0800] GC(729) Pause Young (Allocation Failure) 379M->379M(494M) 0.078ms
[2024-08-23T15:37:37.926+0800] GC(729) User=0.00s Sys=0.00s Real=0.00s
[2024-08-23T15:37:37.926+0800] GC(730) Pause Full (Allocation Failure)
[2024-08-23T15:37:37.926+0800] GC(730) Phase 1: Mark live objects
[2024-08-23T15:37:37.926+0800] GC(730) Phase 1: Mark live objects 0.627ms
[2024-08-23T15:37:37.926+0800] GC(730) Phase 2: Compute new object addresses
[2024-08-23T15:37:37.927+0800] GC(730) Phase 2: Compute new object addresses 0.150ms
[2024-08-23T15:37:37.927+0800] GC(730) Phase 3: Adjust pointers
[2024-08-23T15:37:37.927+0800] GC(730) Phase 3: Adjust pointers 0.357ms
[2024-08-23T15:37:37.927+0800] GC(730) Phase 4: Move objects
[2024-08-23T15:37:37.927+0800] GC(730) Phase 4: Move objects 0.522ms
[2024-08-23T15:37:37.928+0800] GC(730) DefNew: 125639K(157248K)->0K(157248K) Eden: 125639K(139776K)->0K(139776K) From: 0K(17472K)->0K(17472K)
[2024-08-23T15:37:37.928+0800] GC(730) Tenured: 262911K(349568K)->5887K(349568K)
[2024-08-23T15:37:37.928+0800] GC(730) Metaspace: 304K(512K)->304K(512K) NonClass: 297K(384K)->297K(384K) Class: 6K(128K)->6K(128K)
[2024-08-23T15:37:37.928+0800] GC(730) Pause Full (Allocation Failure) 379M->5M(494M) 1.807ms
[2024-08-23T15:37:37.928+0800] GC(730) User=0.00s Sys=0.00s Real=0.00s
[2024-08-23T15:37:38.035+0800] GC(731) Pause Young (Allocation Failure)
[2024-08-23T15:37:38.040+0800] GC(731) DefNew: 53950K(157248K)->0K(157248K) Eden: 53950K(139776K)->0K(139776K) From: 0K(17472K)->0K(17472K)
[2024-08-23T15:37:38.040+0800] GC(731) Tenured: 5887K(349568K)->57087K(349568K)
[2024-08-23T15:37:38.040+0800] GC(731) Metaspace: 304K(512K)->304K(512K) NonClass: 297K(384K)->297K(384K) Class: 6K(128K)->6K(128K)
[2024-08-23T15:37:38.040+0800] GC(731) Pause Young (Allocation Failure) 58M->55M(494M) 4.685ms
[2024-08-23T15:37:38.040+0800] GC(731) User=0.00s Sys=0.00s Real=0.00s
[2024-08-23T15:37:39.014+0800] GC(732) Pause Young (Allocation Failure)
[2024-08-23T15:37:39.023+0800] GC(732) DefNew: 135870K(157248K)->10240K(157248K) Eden: 135870K(139776K)->0K(139776K) From: 0K(17472K)->10240K(17472K)
[2024-08-23T15:37:39.023+0800] GC(732) Tenured: 57087K(349568K)->159487K(349568K)
[2024-08-23T15:37:39.023+0800] GC(732) Metaspace: 304K(512K)->304K(512K) NonClass: 297K(384K)->297K(384K) Class: 6K(128K)->6K(128K)
[2024-08-23T15:37:39.023+0800] GC(732) Pause Young (Allocation Failure) 188M->165M(494M) 9.007ms
[2024-08-23T15:37:39.023+0800] GC(732) User=0.00s Sys=0.00s Real=0.01s
[2024-08-23T15:37:39.468+0800] GC(733) Pause Young (Allocation Failure)
[2024-08-23T15:37:39.474+0800] GC(733) DefNew: 105146K(157248K)->0K(157248K) Eden: 94906K(139776K)->0K(139776K) From: 10240K(17472K)->0K(17472K)
[2024-08-23T15:37:39.474+0800] GC(733) Tenured: 159487K(349568K)->215807K(349568K)
[2024-08-23T15:37:39.474+0800] GC(733) Metaspace: 304K(512K)->304K(512K) NonClass: 297K(384K)->297K(384K) Class: 6K(128K)->6K(128K)
[2024-08-23T15:37:39.474+0800] GC(733) Pause Young (Allocation Failure) 258M->210M(494M) 5.663ms
[2024-08-23T15:37:39.474+0800] GC(733) User=0.00s Sys=0.00s Real=0.01s
[2024-08-23T15:37:40.466+0800] GC(734) Pause Young (Allocation Failure)
[2024-08-23T15:37:40.467+0800] GC(734) DefNew: 135876K(157248K)->6144K(157248K) Eden: 135876K(139776K)->0K(139776K) From: 0K(17472K)->6144K(17472K)
[2024-08-23T15:37:40.467+0800] GC(734) Tenured: 215807K(349568K)->215807K(349568K)
[2024-08-23T15:37:40.467+0800] GC(734) Metaspace: 304K(512K)->304K(512K) NonClass: 297K(384K)->297K(384K) Class: 6K(128K)->6K(128K)
[2024-08-23T15:37:40.467+0800] GC(734) Pause Young (Allocation Failure) 343M->216M(494M) 1.450ms
[2024-08-23T15:37:40.468+0800] GC(734) User=0.02s Sys=0.00s Real=0.00s
[2024-08-23T15:37:40.900+0800] GC(735) Pause Young (Allocation Failure)
[2024-08-23T15:37:40.904+0800] GC(735) DefNew: 101054K(157248K)->6144K(157248K) Eden: 94910K(139776K)->0K(139776K) From: 6144K(17472K)->6144K(17472K)
[2024-08-23T15:37:40.904+0800] GC(735) Tenured: 215807K(349568K)->267007K(349568K)
[2024-08-23T15:37:40.904+0800] GC(735) Metaspace: 304K(512K)->304K(512K) NonClass: 297K(384K)->297K(384K) Class: 6K(128K)->6K(128K)
[2024-08-23T15:37:40.905+0800] GC(735) Pause Young (Allocation Failure) 309M->266M(494M) 4.797ms
[2024-08-23T15:37:40.905+0800] GC(735) User=0.00s Sys=0.00s Real=0.00s
[2024-08-23T15:37:42.100+0800] GC(736) Pause Young (Allocation Failure)
[2024-08-23T15:37:42.100+0800] GC(736) Pause Young (Allocation Failure) 394M->394M(494M) 0.071ms
[2024-08-23T15:37:42.100+0800] GC(736) User=0.00s Sys=0.00s Real=0.00s
[2024-08-23T15:37:42.100+0800] GC(737) Pause Full (Allocation Failure)
[2024-08-23T15:37:42.100+0800] GC(737) Phase 1: Mark live objects
[2024-08-23T15:37:42.101+0800] GC(737) Phase 1: Mark live objects 0.611ms
[2024-08-23T15:37:42.101+0800] GC(737) Phase 2: Compute new object addresses
[2024-08-23T15:37:42.101+0800] GC(737) Phase 2: Compute new object addresses 0.143ms
[2024-08-23T15:37:42.101+0800] GC(737) Phase 3: Adjust pointers
[2024-08-23T15:37:42.101+0800] GC(737) Phase 3: Adjust pointers 0.335ms
[2024-08-23T15:37:42.101+0800] GC(737) Phase 4: Move objects
[2024-08-23T15:37:42.103+0800] GC(737) Phase 4: Move objects 1.574ms
[2024-08-23T15:37:42.103+0800] GC(737) DefNew: 136903K(157248K)->0K(157248K) Eden: 130759K(139776K)->0K(139776K) From: 6144K(17472K)->0K(17472K)
[2024-08-23T15:37:42.103+0800] GC(737) Tenured: 267007K(349568K)->21247K(349568K)
[2024-08-23T15:37:42.103+0800] GC(737) Metaspace: 304K(512K)->304K(512K) NonClass: 297K(384K)->297K(384K) Class: 6K(128K)->6K(128K)
[2024-08-23T15:37:42.103+0800] GC(737) Pause Full (Allocation Failure) 394M->20M(494M) 2.861ms
[2024-08-23T15:37:42.103+0800] GC(737) User=0.00s Sys=0.00s Real=0.00s
[2024-08-23T15:37:42.317+0800] GC(738) Pause Young (Allocation Failure)
[2024-08-23T15:37:42.321+0800] GC(738) DefNew: 74431K(157248K)->0K(157248K) Eden: 74431K(139776K)->0K(139776K) From: 0K(17472K)->0K(17472K)
[2024-08-23T15:37:42.321+0800] GC(738) Tenured: 21247K(349568K)->72447K(349568K)
[2024-08-23T15:37:42.321+0800] GC(738) Metaspace: 304K(512K)->304K(512K) NonClass: 297K(384K)->297K(384K) Class: 6K(128K)->6K(128K)
[2024-08-23T15:37:42.321+0800] GC(738) Pause Young (Allocation Failure) 93M->70M(494M) 4.852ms
[2024-08-23T15:37:42.321+0800] GC(738) User=0.00s Sys=0.00s Real=0.00s
[2024-08-23T15:37:43.299+0800] GC(739) Pause Young (Allocation Failure)
[2024-08-23T15:37:43.300+0800] GC(739) DefNew: 135877K(157248K)->10240K(157248K) Eden: 135877K(139776K)->0K(139776K) From: 0K(17472K)->10240K(17472K)
[2024-08-23T15:37:43.300+0800] GC(739) Tenured: 72447K(349568K)->72447K(349568K)
[2024-08-23T15:37:43.300+0800] GC(739) Metaspace: 304K(512K)->304K(512K) NonClass: 297K(384K)->297K(384K) Class: 6K(128K)->6K(128K)
[2024-08-23T15:37:43.300+0800] GC(739) Pause Young (Allocation Failure) 203M->80M(494M) 1.013ms
[2024-08-23T15:37:43.300+0800] GC(739) User=0.00s Sys=0.00s Real=0.00s
[2024-08-23T15:37:43.732+0800] GC(740) Pause Young (Allocation Failure)
[2024-08-23T15:37:43.737+0800] GC(740) DefNew: 105151K(157248K)->10240K(157248K) Eden: 94910K(139776K)->0K(139776K) From: 10240K(17472K)->10240K(17472K)
[2024-08-23T15:37:43.737+0800] GC(740) Tenured: 72447K(349568K)->128767K(349568K)
[2024-08-23T15:37:43.737+0800] GC(740) Metaspace: 304K(512K)->304K(512K) NonClass: 297K(384K)->297K(384K) Class: 6K(128K)->6K(128K)
[2024-08-23T15:37:43.737+0800] GC(740) Pause Young (Allocation Failure) 173M->135M(494M) 5.601ms
[2024-08-23T15:37:43.737+0800] GC(740) User=0.00s Sys=0.00s Real=0.00s
[2024-08-23T15:37:44.730+0800] GC(741) Pause Young (Allocation Failure)
[2024-08-23T15:37:44.732+0800] GC(741) DefNew: 146119K(157248K)->10240K(157248K) Eden: 135879K(139776K)->0K(139776K) From: 10240K(17472K)->10240K(17472K)
[2024-08-23T15:37:44.732+0800] GC(741) Tenured: 128767K(349568K)->139007K(349568K)
[2024-08-23T15:37:44.732+0800] GC(741) Metaspace: 304K(512K)->304K(512K) NonClass: 297K(384K)->297K(384K) Class: 6K(128K)->6K(128K)
[2024-08-23T15:37:44.732+0800] GC(741) Pause Young (Allocation Failure) 268M->145M(494M) 2.293ms
[2024-08-23T15:37:44.732+0800] GC(741) User=0.00s Sys=0.00s Real=0.00s
[2024-08-23T15:37:46.475+0800] GC(742) Pause Young (Allocation Failure)
[2024-08-23T15:37:46.477+0800] GC(742) DefNew: 120512K(157248K)->5120K(157248K) Eden: 110272K(139776K)->0K(139776K) From: 10240K(17472K)->5120K(17472K)
[2024-08-23T15:37:46.477+0800] GC(742) Tenured: 139007K(349568K)->159487K(349568K)
[2024-08-23T15:37:46.477+0800] GC(742) Metaspace: 304K(512K)->304K(512K) NonClass: 297K(384K)->297K(384K) Class: 6K(128K)->6K(128K)
[2024-08-23T15:37:46.477+0800] GC(742) Pause Young (Allocation Failure) 253M->160M(494M) 2.434ms
[2024-08-23T15:37:46.477+0800] GC(742) User=0.00s Sys=0.00s Real=0.00s
[2024-08-23T15:37:46.584+0800] GC(743) Pause Young (Allocation Failure)
[2024-08-23T15:37:46.589+0800] GC(743) DefNew: 59081K(157248K)->5120K(157248K) Eden: 53961K(139776K)->0K(139776K) From: 5120K(17472K)->5120K(17472K)
[2024-08-23T15:37:46.589+0800] GC(743) Tenured: 159487K(349568K)->210687K(349568K)
[2024-08-23T15:37:46.589+0800] GC(743) Metaspace: 304K(512K)->304K(512K) NonClass: 297K(384K)->297K(384K) Class: 6K(128K)->6K(128K)
[2024-08-23T15:37:46.589+0800] GC(743) Pause Young (Allocation Failure) 213M->210M(494M) 5.259ms
[2024-08-23T15:37:46.589+0800] GC(743) User=0.00s Sys=0.00s Real=0.00s
[2024-08-23T15:37:47.569+0800] GC(744) Pause Young (Allocation Failure)
[2024-08-23T15:37:47.571+0800] GC(744) DefNew: 141001K(157248K)->15360K(157248K) Eden: 135881K(139776K)->0K(139776K) From: 5120K(17472K)->15360K(17472K)
[2024-08-23T15:37:47.571+0800] GC(744) Tenured: 210687K(349568K)->210687K(349568K)
[2024-08-23T15:37:47.571+0800] GC(744) Metaspace: 304K(512K)->304K(512K) NonClass: 297K(384K)->297K(384K) Class: 6K(128K)->6K(128K)
[2024-08-23T15:37:47.571+0800] GC(744) Pause Young (Allocation Failure) 343M->220M(494M) 1.828ms
[2024-08-23T15:37:47.571+0800] GC(744) User=0.00s Sys=0.00s Real=0.00s
[2024-08-23T15:37:48.006+0800] GC(745) Pause Young (Allocation Failure)
[2024-08-23T15:37:48.010+0800] GC(745) DefNew: 110273K(157248K)->0K(157248K) Eden: 94913K(139776K)->0K(139776K) From: 15360K(17472K)->0K(17472K)
[2024-08-23T15:37:48.010+0800] GC(745) Tenured: 210687K(349568K)->272127K(349568K)
[2024-08-23T15:37:48.010+0800] GC(745) Metaspace: 304K(512K)->304K(512K) NonClass: 297K(384K)->297K(384K) Class: 6K(128K)->6K(128K)
[2024-08-23T15:37:48.010+0800] GC(745) Pause Young (Allocation Failure) 313M->265M(494M) 5.033ms
[2024-08-23T15:37:48.010+0800] GC(745) User=0.00s Sys=0.00s Real=0.00s
[2024-08-23T15:37:49.428+0800] GC(746) Pause Young (Allocation Failure)
[2024-08-23T15:37:49.428+0800] GC(746) Pause Young (Allocation Failure) 393M->393M(494M) 0.086ms
[2024-08-23T15:37:49.428+0800] GC(746) User=0.00s Sys=0.00s Real=0.00s
[2024-08-23T15:37:49.428+0800] GC(747) Pause Full (Allocation Failure)
[2024-08-23T15:37:49.428+0800] GC(747) Phase 1: Mark live objects
[2024-08-23T15:37:49.428+0800] GC(747) Phase 1: Mark live objects 0.631ms
[2024-08-23T15:37:49.428+0800] GC(747) Phase 2: Compute new object addresses
[2024-08-23T15:37:49.429+0800] GC(747) Phase 2: Compute new object addresses 0.148ms
[2024-08-23T15:37:49.429+0800] GC(747) Phase 3: Adjust pointers
[2024-08-23T15:37:49.429+0800] GC(747) Phase 3: Adjust pointers 0.348ms
[2024-08-23T15:37:49.429+0800] GC(747) Phase 4: Move objects
[2024-08-23T15:37:49.429+0800] GC(747) Phase 4: Move objects 0.423ms
[2024-08-23T15:37:49.429+0800] GC(747) DefNew: 130760K(157248K)->0K(157248K) Eden: 130760K(139776K)->0K(139776K) From: 0K(17472K)->0K(17472K)
[2024-08-23T15:37:49.429+0800] GC(747) Tenured: 272127K(349568K)->5887K(349568K)
[2024-08-23T15:37:49.429+0800] GC(747) Metaspace: 304K(512K)->304K(512K) NonClass: 297K(384K)->297K(384K) Class: 6K(128K)->6K(128K)
[2024-08-23T15:37:49.429+0800] GC(747) Pause Full (Allocation Failure) 393M->5M(494M) 1.702ms
[2024-08-23T15:37:49.429+0800] GC(747) User=0.00s Sys=0.00s Real=0.00s
[2024-08-23T15:37:50.412+0800] GC(748) Pause Young (Allocation Failure)
[2024-08-23T15:37:50.412+0800] GC(748) DefNew: 135872K(157248K)->6144K(157248K) Eden: 135872K(139776K)->0K(139776K) From: 0K(17472K)->6144K(17472K)
[2024-08-23T15:37:50.412+0800] GC(748) Tenured: 5887K(349568K)->5887K(349568K)
[2024-08-23T15:37:50.412+0800] GC(748) Metaspace: 304K(512K)->304K(512K) NonClass: 297K(384K)->297K(384K) Class: 6K(128K)->6K(128K)
[2024-08-23T15:37:50.412+0800] GC(748) Pause Young (Allocation Failure) 138M->11M(494M) 0.669ms
[2024-08-23T15:37:50.412+0800] GC(748) User=0.00s Sys=0.00s Real=0.00s
[2024-08-23T15:37:50.847+0800] GC(749) Pause Young (Allocation Failure)
[2024-08-23T15:37:50.854+0800] GC(749) DefNew: 101066K(157248K)->6144K(157248K) Eden: 94922K(139776K)->0K(139776K) From: 6144K(17472K)->6144K(17472K)
[2024-08-23T15:37:50.854+0800] GC(749) Tenured: 5887K(349568K)->57087K(349568K)
[2024-08-23T15:37:50.854+0800] GC(749) Metaspace: 304K(512K)->304K(512K) NonClass: 297K(384K)->297K(384K) Class: 6K(128K)->6K(128K)
[2024-08-23T15:37:50.854+0800] GC(749) Pause Young (Allocation Failure) 104M->61M(494M) 7.251ms
[2024-08-23T15:37:50.854+0800] GC(749) User=0.00s Sys=0.00s Real=0.01s
[2024-08-23T15:37:51.844+0800] GC(750) Pause Young (Allocation Failure)
[2024-08-23T15:37:51.845+0800] GC(750) DefNew: 142030K(157248K)->12288K(157248K) Eden: 135886K(139776K)->0K(139776K) From: 6144K(17472K)->12288K(17472K)
[2024-08-23T15:37:51.845+0800] GC(750) Tenured: 57087K(349568K)->57087K(349568K)
[2024-08-23T15:37:51.845+0800] GC(750) Metaspace: 304K(512K)->304K(512K) NonClass: 297K(384K)->297K(384K) Class: 6K(128K)->6K(128K)
[2024-08-23T15:37:51.845+0800] GC(750) Pause Young (Allocation Failure) 194M->67M(494M) 1.193ms
[2024-08-23T15:37:51.845+0800] GC(750) User=0.00s Sys=0.00s Real=0.00s
[2024-08-23T15:37:52.283+0800] GC(751) Pause Young (Allocation Failure)
[2024-08-23T15:37:52.288+0800] GC(751) DefNew: 107204K(157248K)->11264K(157248K) Eden: 94916K(139776K)->0K(139776K) From: 12288K(17472K)->11264K(17472K)
[2024-08-23T15:37:52.288+0800] GC(751) Tenured: 57087K(349568K)->114431K(349568K)
[2024-08-23T15:37:52.288+0800] GC(751) Metaspace: 304K(512K)->304K(512K) NonClass: 297K(384K)->297K(384K) Class: 6K(128K)->6K(128K)
[2024-08-23T15:37:52.288+0800] GC(751) Pause Young (Allocation Failure) 160M->122M(494M) 5.401ms
[2024-08-23T15:37:52.288+0800] GC(751) User=0.00s Sys=0.00s Real=0.01s
[2024-08-23T15:37:53.499+0800] GC(752) Pause Young (Allocation Failure)
[2024-08-23T15:37:53.501+0800] GC(752) DefNew: 142027K(157248K)->10240K(157248K) Eden: 130763K(139776K)->0K(139776K) From: 11264K(17472K)->10240K(17472K)
[2024-08-23T15:37:53.501+0800] GC(752) Tenured: 114431K(349568K)->114431K(349568K)
[2024-08-23T15:37:53.501+0800] GC(752) Metaspace: 304K(512K)->304K(512K) NonClass: 297K(384K)->297K(384K) Class: 6K(128K)->6K(128K)
[2024-08-23T15:37:53.501+0800] GC(752) Pause Young (Allocation Failure) 250M->121M(494M) 1.159ms
[2024-08-23T15:37:53.501+0800] GC(752) User=0.00s Sys=0.00s Real=0.00s
[2024-08-23T15:37:53.719+0800] GC(753) Pause Young (Allocation Failure)
[2024-08-23T15:37:53.724+0800] GC(753) DefNew: 84673K(157248K)->0K(157248K) Eden: 74433K(139776K)->0K(139776K) From: 10240K(17472K)->0K(17472K)
[2024-08-23T15:37:53.724+0800] GC(753) Tenured: 114431K(349568K)->175871K(349568K)
[2024-08-23T15:37:53.724+0800] GC(753) Metaspace: 304K(512K)->304K(512K) NonClass: 297K(384K)->297K(384K) Class: 6K(128K)->6K(128K)
[2024-08-23T15:37:53.724+0800] GC(753) Pause Young (Allocation Failure) 194M->171M(494M) 4.999ms
[2024-08-23T15:37:53.724+0800] GC(753) User=0.00s Sys=0.00s Real=0.00s
[2024-08-23T15:37:54.712+0800] GC(754) Pause Young (Allocation Failure)
[2024-08-23T15:37:54.712+0800] GC(754) DefNew: 135879K(157248K)->10240K(157248K) Eden: 135879K(139776K)->0K(139776K) From: 0K(17472K)->10240K(17472K)
[2024-08-23T15:37:54.712+0800] GC(754) Tenured: 175871K(349568K)->175871K(349568K)
[2024-08-23T15:37:54.712+0800] GC(754) Metaspace: 304K(512K)->304K(512K) NonClass: 297K(384K)->297K(384K) Class: 6K(128K)->6K(128K)
[2024-08-23T15:37:54.712+0800] GC(754) Pause Young (Allocation Failure) 304M->181M(494M) 1.040ms
[2024-08-23T15:37:54.712+0800] GC(754) User=0.00s Sys=0.00s Real=0.00s
[2024-08-23T15:37:55.148+0800] GC(755) Pause Young (Allocation Failure)
[2024-08-23T15:37:55.154+0800] GC(755) DefNew: 105152K(157248K)->0K(157248K) Eden: 94912K(139776K)->0K(139776K) From: 10240K(17472K)->0K(17472K)
[2024-08-23T15:37:55.154+0800] GC(755) Tenured: 175871K(349568K)->252671K(349568K)
[2024-08-23T15:37:55.154+0800] GC(755) Metaspace: 304K(512K)->304K(512K) NonClass: 297K(384K)->297K(384K) Class: 6K(128K)->6K(128K)
[2024-08-23T15:37:55.154+0800] GC(755) Pause Young (Allocation Failure) 274M->246M(494M) 6.361ms
[2024-08-23T15:37:55.154+0800] GC(755) User=0.00s Sys=0.00s Real=0.01s
[2024-08-23T15:37:56.145+0800] GC(756) Pause Young (Allocation Failure)
[2024-08-23T15:37:56.145+0800] GC(756) Pause Young (Allocation Failure) 379M->379M(494M) 0.062ms
[2024-08-23T15:37:56.145+0800] GC(756) User=0.00s Sys=0.00s Real=0.00s
[2024-08-23T15:37:56.145+0800] GC(757) Pause Full (Allocation Failure)
[2024-08-23T15:37:56.145+0800] GC(757) Phase 1: Mark live objects
[2024-08-23T15:37:56.145+0800] GC(757) Phase 1: Mark live objects 0.611ms
[2024-08-23T15:37:56.145+0800] GC(757) Phase 2: Compute new object addresses
[2024-08-23T15:37:56.145+0800] GC(757) Phase 2: Compute new object addresses 0.137ms
[2024-08-23T15:37:56.145+0800] GC(757) Phase 3: Adjust pointers
[2024-08-23T15:37:56.146+0800] GC(757) Phase 3: Adjust pointers 0.337ms
[2024-08-23T15:37:56.146+0800] GC(757) Phase 4: Move objects
[2024-08-23T15:37:56.149+0800] GC(757) Phase 4: Move objects 3.444ms
[2024-08-23T15:37:56.149+0800] GC(757) DefNew: 135880K(157248K)->0K(157248K) Eden: 135880K(139776K)->0K(139776K) From: 0K(17472K)->0K(17472K)
[2024-08-23T15:37:56.149+0800] GC(757) Tenured: 252671K(349568K)->46847K(349568K)
[2024-08-23T15:37:56.149+0800] GC(757) Metaspace: 304K(512K)->304K(512K) NonClass: 297K(384K)->297K(384K) Class: 6K(128K)->6K(128K)
[2024-08-23T15:37:56.149+0800] GC(757) Pause Full (Allocation Failure) 379M->45M(494M) 4.687ms
[2024-08-23T15:37:56.149+0800] GC(757) User=0.00s Sys=0.00s Real=0.00s
[2024-08-23T15:37:57.782+0800] GC(758) Pause Young (Allocation Failure)
[2024-08-23T15:37:57.783+0800] GC(758) DefNew: 135872K(157248K)->15360K(157248K) Eden: 135872K(139776K)->0K(139776K) From: 0K(17472K)->15360K(17472K)
[2024-08-23T15:37:57.783+0800] GC(758) Tenured: 46847K(349568K)->46847K(349568K)
[2024-08-23T15:37:57.783+0800] GC(758) Metaspace: 304K(512K)->304K(512K) NonClass: 297K(384K)->297K(384K) Class: 6K(128K)->6K(128K)
[2024-08-23T15:37:57.783+0800] GC(758) Pause Young (Allocation Failure) 178M->60M(494M) 1.320ms
[2024-08-23T15:37:57.783+0800] GC(758) User=0.00s Sys=0.00s Real=0.00s
[2024-08-23T15:37:57.999+0800] GC(759) Pause Young (Allocation Failure)
[2024-08-23T15:37:58.004+0800] GC(759) DefNew: 89802K(157248K)->0K(157248K) Eden: 74442K(139776K)->0K(139776K) From: 15360K(17472K)->0K(17472K)
[2024-08-23T15:37:58.004+0800] GC(759) Tenured: 46847K(349568K)->103167K(349568K)
[2024-08-23T15:37:58.004+0800] GC(759) Metaspace: 304K(512K)->304K(512K) NonClass: 297K(384K)->297K(384K) Class: 6K(128K)->6K(128K)
[2024-08-23T15:37:58.004+0800] GC(759) Pause Young (Allocation Failure) 133M->100M(494M) 5.941ms
[2024-08-23T15:37:58.004+0800] GC(759) User=0.00s Sys=0.00s Real=0.00s
[2024-08-23T15:37:59.000+0800] GC(760) Pause Young (Allocation Failure)
[2024-08-23T15:37:59.009+0800] GC(760) DefNew: 135857K(157248K)->10240K(157248K) Eden: 135857K(139776K)->0K(139776K) From: 0K(17472K)->10240K(17472K)
[2024-08-23T15:37:59.009+0800] GC(760) Tenured: 103167K(349568K)->205567K(349568K)
[2024-08-23T15:37:59.009+0800] GC(760) Metaspace: 304K(512K)->304K(512K) NonClass: 297K(384K)->297K(384K) Class: 6K(128K)->6K(128K)
[2024-08-23T15:37:59.009+0800] GC(760) Pause Young (Allocation Failure) 233M->210M(494M) 9.956ms
[2024-08-23T15:37:59.009+0800] GC(760) User=0.02s Sys=0.00s Real=0.01s
[2024-08-23T15:37:59.450+0800] GC(761) Pause Young (Allocation Failure)
[2024-08-23T15:37:59.455+0800] GC(761) DefNew: 105138K(157248K)->0K(157248K) Eden: 94898K(139776K)->0K(139776K) From: 10240K(17472K)->0K(17472K)
[2024-08-23T15:37:59.455+0800] GC(761) Tenured: 205567K(349568K)->261887K(349568K)
[2024-08-23T15:37:59.455+0800] GC(761) Metaspace: 304K(512K)->304K(512K) NonClass: 297K(384K)->297K(384K) Class: 6K(128K)->6K(128K)
[2024-08-23T15:37:59.455+0800] GC(761) Pause Young (Allocation Failure) 303M->255M(494M) 4.735ms
[2024-08-23T15:37:59.455+0800] GC(761) User=0.00s Sys=0.00s Real=0.00s
[2024-08-23T15:38:01.198+0800] GC(762) Pause Young (Allocation Failure)
[2024-08-23T15:38:01.198+0800] GC(762) Pause Young (Allocation Failure) 390M->390M(494M) 0.058ms
[2024-08-23T15:38:01.198+0800] GC(762) User=0.00s Sys=0.00s Real=0.00s
[2024-08-23T15:38:01.198+0800] GC(763) Pause Full (Allocation Failure)
[2024-08-23T15:38:01.198+0800] GC(763) Phase 1: Mark live objects
[2024-08-23T15:38:01.198+0800] GC(763) Phase 1: Mark live objects 0.640ms
[2024-08-23T15:38:01.198+0800] GC(763) Phase 2: Compute new object addresses
[2024-08-23T15:38:01.198+0800] GC(763) Phase 2: Compute new object addresses 0.147ms
[2024-08-23T15:38:01.198+0800] GC(763) Phase 3: Adjust pointers
[2024-08-23T15:38:01.198+0800] GC(763) Phase 3: Adjust pointers 0.367ms
[2024-08-23T15:38:01.198+0800] GC(763) Phase 4: Move objects
[2024-08-23T15:38:01.199+0800] GC(763) Phase 4: Move objects 0.126ms
[2024-08-23T15:38:01.199+0800] GC(763) DefNew: 137919K(157248K)->0K(157248K) Eden: 137919K(139776K)->0K(139776K) From: 0K(17472K)->0K(17472K)
[2024-08-23T15:38:01.199+0800] GC(763) Tenured: 261887K(349568K)->1791K(349568K)
[2024-08-23T15:38:01.199+0800] GC(763) Metaspace: 304K(512K)->304K(512K) NonClass: 297K(384K)->297K(384K) Class: 6K(128K)->6K(128K)
[2024-08-23T15:38:01.199+0800] GC(763) Pause Full (Allocation Failure) 390M->1M(494M) 1.430ms
[2024-08-23T15:38:01.199+0800] GC(763) User=0.00s Sys=0.00s Real=0.00s
[2024-08-23T15:38:02.287+0800] GC(764) Pause Young (Allocation Failure)
[2024-08-23T15:38:02.292+0800] GC(764) DefNew: 125627K(157248K)->10240K(157248K) Eden: 125627K(139776K)->0K(139776K) From: 0K(17472K)->10240K(17472K)
[2024-08-23T15:38:02.292+0800] GC(764) Tenured: 1791K(349568K)->52991K(349568K)
[2024-08-23T15:38:02.292+0800] GC(764) Metaspace: 304K(512K)->304K(512K) NonClass: 297K(384K)->297K(384K) Class: 6K(128K)->6K(128K)
[2024-08-23T15:38:02.292+0800] GC(764) Pause Young (Allocation Failure) 124M->61M(494M) 4.881ms
[2024-08-23T15:38:02.292+0800] GC(764) User=0.00s Sys=0.00s Real=0.01s
[2024-08-23T15:38:03.280+0800] GC(765) Pause Young (Allocation Failure)
[2024-08-23T15:38:03.282+0800] GC(765) DefNew: 146118K(157248K)->10240K(157248K) Eden: 135878K(139776K)->0K(139776K) From: 10240K(17472K)->10240K(17472K)
[2024-08-23T15:38:03.282+0800] GC(765) Tenured: 52991K(349568K)->63231K(349568K)
[2024-08-23T15:38:03.282+0800] GC(765) Metaspace: 304K(512K)->304K(512K) NonClass: 297K(384K)->297K(384K) Class: 6K(128K)->6K(128K)
[2024-08-23T15:38:03.282+0800] GC(765) Pause Young (Allocation Failure) 194M->71M(494M) 1.966ms
[2024-08-23T15:38:03.282+0800] GC(765) User=0.00s Sys=0.00s Real=0.00s
[2024-08-23T15:38:03.718+0800] GC(766) Pause Young (Allocation Failure)
[2024-08-23T15:38:03.724+0800] GC(766) DefNew: 105151K(157248K)->10240K(157248K) Eden: 94911K(139776K)->0K(139776K) From: 10240K(17472K)->10240K(17472K)
[2024-08-23T15:38:03.724+0800] GC(766) Tenured: 63231K(349568K)->119551K(349568K)
[2024-08-23T15:38:03.724+0800] GC(766) Metaspace: 304K(512K)->304K(512K) NonClass: 297K(384K)->297K(384K) Class: 6K(128K)->6K(128K)
[2024-08-23T15:38:03.724+0800] GC(766) Pause Young (Allocation Failure) 164M->126M(494M) 5.496ms
[2024-08-23T15:38:03.724+0800] GC(766) User=0.00s Sys=0.00s Real=0.01s
[2024-08-23T15:38:04.920+0800] GC(767) Pause Young (Allocation Failure)
[2024-08-23T15:38:04.921+0800] GC(767) DefNew: 135879K(157248K)->10240K(157248K) Eden: 125639K(139776K)->0K(139776K) From: 10240K(17472K)->10240K(17472K)
[2024-08-23T15:38:04.921+0800] GC(767) Tenured: 119551K(349568K)->119551K(349568K)
[2024-08-23T15:38:04.921+0800] GC(767) Metaspace: 304K(512K)->304K(512K) NonClass: 297K(384K)->297K(384K) Class: 6K(128K)->6K(128K)
[2024-08-23T15:38:04.921+0800] GC(767) Pause Young (Allocation Failure) 249M->126M(494M) 1.135ms
[2024-08-23T15:38:04.921+0800] GC(767) User=0.00s Sys=0.00s Real=0.00s
[2024-08-23T15:38:05.136+0800] GC(768) Pause Young (Allocation Failure)
[2024-08-23T15:38:05.143+0800] GC(768) DefNew: 84670K(157248K)->0K(157248K) Eden: 74430K(139776K)->0K(139776K) From: 10240K(17472K)->0K(17472K)
[2024-08-23T15:38:05.143+0800] GC(768) Tenured: 119551K(349568K)->191231K(349568K)
[2024-08-23T15:38:05.143+0800] GC(768) Metaspace: 304K(512K)->304K(512K) NonClass: 297K(384K)->297K(384K) Class: 6K(128K)->6K(128K)
[2024-08-23T15:38:05.143+0800] GC(768) Pause Young (Allocation Failure) 199M->186M(494M) 7.087ms
[2024-08-23T15:38:05.143+0800] GC(768) User=0.00s Sys=0.00s Real=0.01s
[2024-08-23T15:38:06.136+0800] GC(769) Pause Young (Allocation Failure)
[2024-08-23T15:38:06.137+0800] GC(769) DefNew: 135877K(157248K)->10240K(157248K) Eden: 135877K(139776K)->0K(139776K) From: 0K(17472K)->10240K(17472K)
[2024-08-23T15:38:06.137+0800] GC(769) Tenured: 191231K(349568K)->191231K(349568K)
[2024-08-23T15:38:06.137+0800] GC(769) Metaspace: 304K(512K)->304K(512K) NonClass: 297K(384K)->297K(384K) Class: 6K(128K)->6K(128K)
[2024-08-23T15:38:06.137+0800] GC(769) Pause Young (Allocation Failure) 319M->196M(494M) 1.264ms
[2024-08-23T15:38:06.137+0800] GC(769) User=0.00s Sys=0.00s Real=0.00s
[2024-08-23T15:38:06.568+0800] GC(770) Pause Young (Allocation Failure)
[2024-08-23T15:38:06.573+0800] GC(770) DefNew: 105150K(157248K)->0K(157248K) Eden: 94910K(139776K)->0K(139776K) From: 10240K(17472K)->0K(17472K)
[2024-08-23T15:38:06.573+0800] GC(770) Tenured: 191231K(349568K)->247551K(349568K)
[2024-08-23T15:38:06.573+0800] GC(770) Metaspace: 304K(512K)->304K(512K) NonClass: 297K(384K)->297K(384K) Class: 6K(128K)->6K(128K)
[2024-08-23T15:38:06.573+0800] GC(770) Pause Young (Allocation Failure) 289M->241M(494M) 5.174ms
[2024-08-23T15:38:06.573+0800] GC(770) User=0.00s Sys=0.00s Real=0.00s
[2024-08-23T15:38:07.550+0800] Heap
[2024-08-23T15:38:07.550+0800]  def new generation   total 157248K, used 138675K [0x00000000e0000000, 0x00000000eaaa0000, 0x00000000eaaa0000)
[2024-08-23T15:38:07.550+0800]   eden space 139776K,  99% used [0x00000000e0000000, 0x00000000e876ccf0, 0x00000000e8880000)
[2024-08-23T15:38:07.550+0800]   from space 17472K,   0% used [0x00000000e9990000, 0x00000000e9990000, 0x00000000eaaa0000)
[2024-08-23T15:38:07.550+0800]   to   space 17472K,   0% used [0x00000000e8880000, 0x00000000e8880000, 0x00000000e9990000)
[2024-08-23T15:38:07.550+0800]  tenured generation   total 349568K, used 247551K [0x00000000eaaa0000, 0x0000000100000000, 0x0000000100000000)
[2024-08-23T15:38:07.550+0800]    the space 349568K,  70% used [0x00000000eaaa0000, 0x00000000f9c5fcc0, 0x00000000f9c5fe00, 0x0000000100000000)
[2024-08-23T15:38:07.550+0800]  Metaspace       used 304K, committed 512K, reserved 1114112K
[2024-08-23T15:38:07.550+0800]   class space    used 6K, committed 128K, reserved 1048576K
