[2024-08-23T15:47:16.192+0800] Using G1
[2024-08-23T15:47:16.195+0800] Version: 17.0.11+1-LTS (release)
[2024-08-23T15:47:16.195+0800] CPUs: 12 total, 12 available
[2024-08-23T15:47:16.195+0800] Memory: 32620M
[2024-08-23T15:47:16.195+0800] Large Page Support: Disabled
[2024-08-23T15:47:16.195+0800] NUMA Support: Disabled
[2024-08-23T15:47:16.195+0800] Compressed Oops: Enabled (32-bit)
[2024-08-23T15:47:16.195+0800] Heap Region Size: 1M
[2024-08-23T15:47:16.195+0800] Heap Min Capacity: 512M
[2024-08-23T15:47:16.195+0800] Heap Initial Capacity: 512M
[2024-08-23T15:47:16.195+0800] Heap Max Capacity: 512M
[2024-08-23T15:47:16.195+0800] Pre-touch: Disabled
[2024-08-23T15:47:16.195+0800] Parallel Workers: 6
[2024-08-23T15:47:16.195+0800] Concurrent Workers: 2
[2024-08-23T15:47:16.195+0800] Concurrent Refinement Workers: 6
[2024-08-23T15:47:16.195+0800] Periodic GC: Disabled
[2024-08-23T15:47:16.203+0800] CDS archive(s) mapped at: [0x0000016455000000-0x0000016455bc0000-0x0000016455bc0000), size 12320768, SharedBaseAddress: 0x0000016455000000, ArchiveRelocationMode: 1.
[2024-08-23T15:47:16.203+0800] Compressed class space mapped at: 0x0000016456000000-0x0000016496000000, reserved size: 1073741824
[2024-08-23T15:47:16.203+0800] Narrow klass base: 0x0000016455000000, Narrow klass shift: 0, Narrow klass range: 0x100000000
[2024-08-23T15:47:17.566+0800] GC(0) Pause Young (Concurrent Start) (G1 Humongous Allocation)
[2024-08-23T15:47:17.566+0800] GC(0) Using 6 workers of 6 for evacuation
[2024-08-23T15:47:17.567+0800] GC(0)   Pre Evacuate Collection Set: 0.1ms
[2024-08-23T15:47:17.567+0800] GC(0)   Merge Heap Roots: 0.1ms
[2024-08-23T15:47:17.567+0800] GC(0)   Evacuate Collection Set: 0.6ms
[2024-08-23T15:47:17.567+0800] GC(0)   Post Evacuate Collection Set: 0.5ms
[2024-08-23T15:47:17.567+0800] GC(0)   Other: 0.3ms
[2024-08-23T15:47:17.567+0800] GC(0) Eden regions: 3->0(24)
[2024-08-23T15:47:17.567+0800] GC(0) Survivor regions: 0->1(4)
[2024-08-23T15:47:17.567+0800] GC(0) Old regions: 0->0
[2024-08-23T15:47:17.567+0800] GC(0) Archive regions: 0->0
[2024-08-23T15:47:17.567+0800] GC(0) Humongous regions: 134->57
[2024-08-23T15:47:17.567+0800] GC(0) Metaspace: 233K(448K)->233K(448K) NonClass: 225K(320K)->225K(320K) Class: 7K(128K)->7K(128K)
[2024-08-23T15:47:17.567+0800] GC(0) Pause Young (Concurrent Start) (G1 Humongous Allocation) 136M->57M(512M) 1.667ms
[2024-08-23T15:47:17.567+0800] GC(0) User=0.00s Sys=0.00s Real=0.00s
[2024-08-23T15:47:17.567+0800] GC(1) Concurrent Undo Cycle
[2024-08-23T15:47:17.567+0800] GC(1) Concurrent Cleanup for Next Mark
[2024-08-23T15:47:17.570+0800] GC(1) Concurrent Cleanup for Next Mark 3.197ms
[2024-08-23T15:47:17.571+0800] GC(1) Concurrent Undo Cycle 3.273ms
[2024-08-23T15:47:18.800+0800] GC(2) Pause Young (Concurrent Start) (G1 Humongous Allocation)
[2024-08-23T15:47:18.800+0800] GC(2) Using 6 workers of 6 for evacuation
[2024-08-23T15:47:18.801+0800] GC(2)   Pre Evacuate Collection Set: 0.1ms
[2024-08-23T15:47:18.801+0800] GC(2)   Merge Heap Roots: 0.0ms
[2024-08-23T15:47:18.801+0800] GC(2)   Evacuate Collection Set: 0.4ms
[2024-08-23T15:47:18.801+0800] GC(2)   Post Evacuate Collection Set: 0.6ms
[2024-08-23T15:47:18.801+0800] GC(2)   Other: 0.1ms
[2024-08-23T15:47:18.801+0800] GC(2) Eden regions: 1->0(44)
[2024-08-23T15:47:18.801+0800] GC(2) Survivor regions: 1->1(4)
[2024-08-23T15:47:18.801+0800] GC(2) Old regions: 0->0
[2024-08-23T15:47:18.801+0800] GC(2) Archive regions: 0->0
[2024-08-23T15:47:18.801+0800] GC(2) Humongous regions: 220->25
[2024-08-23T15:47:18.801+0800] GC(2) Metaspace: 233K(448K)->233K(448K) NonClass: 226K(320K)->226K(320K) Class: 7K(128K)->7K(128K)
[2024-08-23T15:47:18.801+0800] GC(2) Pause Young (Concurrent Start) (G1 Humongous Allocation) 221M->25M(512M) 1.318ms
[2024-08-23T15:47:18.801+0800] GC(2) User=0.00s Sys=0.00s Real=0.00s
[2024-08-23T15:47:18.801+0800] GC(3) Concurrent Undo Cycle
[2024-08-23T15:47:18.801+0800] GC(3) Concurrent Cleanup for Next Mark
[2024-08-23T15:47:18.801+0800] GC(3) Concurrent Cleanup for Next Mark 0.372ms
[2024-08-23T15:47:18.801+0800] GC(3) Concurrent Undo Cycle 0.492ms
[2024-08-23T15:47:19.783+0800] GC(4) Pause Young (Concurrent Start) (G1 Humongous Allocation)
[2024-08-23T15:47:19.783+0800] GC(4) Using 6 workers of 6 for evacuation
[2024-08-23T15:47:19.784+0800] GC(4)   Pre Evacuate Collection Set: 0.1ms
[2024-08-23T15:47:19.784+0800] GC(4)   Merge Heap Roots: 0.0ms
[2024-08-23T15:47:19.784+0800] GC(4)   Evacuate Collection Set: 0.5ms
[2024-08-23T15:47:19.784+0800] GC(4)   Post Evacuate Collection Set: 0.3ms
[2024-08-23T15:47:19.784+0800] GC(4)   Other: 0.1ms
[2024-08-23T15:47:19.784+0800] GC(4) Eden regions: 1->0(93)
[2024-08-23T15:47:19.784+0800] GC(4) Survivor regions: 1->1(6)
[2024-08-23T15:47:19.784+0800] GC(4) Old regions: 0->0
[2024-08-23T15:47:19.784+0800] GC(4) Archive regions: 0->0
[2024-08-23T15:47:19.784+0800] GC(4) Humongous regions: 226->22
[2024-08-23T15:47:19.784+0800] GC(4) Metaspace: 233K(448K)->233K(448K) NonClass: 226K(320K)->226K(320K) Class: 7K(128K)->7K(128K)
[2024-08-23T15:47:19.784+0800] GC(4) Pause Young (Concurrent Start) (G1 Humongous Allocation) 227M->22M(512M) 1.053ms
[2024-08-23T15:47:19.784+0800] GC(4) User=0.00s Sys=0.00s Real=0.00s
[2024-08-23T15:47:19.784+0800] GC(5) Concurrent Undo Cycle
[2024-08-23T15:47:19.784+0800] GC(5) Concurrent Cleanup for Next Mark
[2024-08-23T15:47:19.784+0800] GC(5) Concurrent Cleanup for Next Mark 0.418ms
[2024-08-23T15:47:19.784+0800] GC(5) Concurrent Undo Cycle 0.496ms
[2024-08-23T15:47:21.861+0800] GC(6) Pause Young (Concurrent Start) (G1 Humongous Allocation)
[2024-08-23T15:47:21.861+0800] GC(6) Using 6 workers of 6 for evacuation
[2024-08-23T15:47:21.861+0800] GC(6)   Pre Evacuate Collection Set: 0.0ms
[2024-08-23T15:47:21.861+0800] GC(6)   Merge Heap Roots: 0.0ms
[2024-08-23T15:47:21.861+0800] GC(6)   Evacuate Collection Set: 0.4ms
[2024-08-23T15:47:21.861+0800] GC(6)   Post Evacuate Collection Set: 0.2ms
[2024-08-23T15:47:21.861+0800] GC(6)   Other: 0.1ms
[2024-08-23T15:47:21.861+0800] GC(6) Eden regions: 1->0(150)
[2024-08-23T15:47:21.861+0800] GC(6) Survivor regions: 1->1(12)
[2024-08-23T15:47:21.861+0800] GC(6) Old regions: 0->0
[2024-08-23T15:47:21.861+0800] GC(6) Archive regions: 0->0
[2024-08-23T15:47:21.861+0800] GC(6) Humongous regions: 177->68
[2024-08-23T15:47:21.861+0800] GC(6) Metaspace: 235K(448K)->235K(448K) NonClass: 227K(320K)->227K(320K) Class: 7K(128K)->7K(128K)
[2024-08-23T15:47:21.861+0800] GC(6) Pause Young (Concurrent Start) (G1 Humongous Allocation) 178M->68M(512M) 0.833ms
[2024-08-23T15:47:21.861+0800] GC(6) User=0.00s Sys=0.00s Real=0.00s
[2024-08-23T15:47:21.861+0800] GC(7) Concurrent Undo Cycle
[2024-08-23T15:47:21.862+0800] GC(7) Concurrent Cleanup for Next Mark
[2024-08-23T15:47:21.862+0800] GC(7) Concurrent Cleanup for Next Mark 0.430ms
[2024-08-23T15:47:21.862+0800] GC(7) Concurrent Undo Cycle 0.522ms
[2024-08-23T15:47:23.077+0800] GC(8) Pause Young (Concurrent Start) (G1 Humongous Allocation)
[2024-08-23T15:47:23.077+0800] GC(8) Using 6 workers of 6 for evacuation
[2024-08-23T15:47:23.078+0800] GC(8)   Pre Evacuate Collection Set: 0.1ms
[2024-08-23T15:47:23.078+0800] GC(8)   Merge Heap Roots: 0.1ms
[2024-08-23T15:47:23.078+0800] GC(8)   Evacuate Collection Set: 0.4ms
[2024-08-23T15:47:23.078+0800] GC(8)   Post Evacuate Collection Set: 0.5ms
[2024-08-23T15:47:23.078+0800] GC(8)   Other: 0.1ms
[2024-08-23T15:47:23.078+0800] GC(8) Eden regions: 1->0(240)
[2024-08-23T15:47:23.078+0800] GC(8) Survivor regions: 1->1(19)
[2024-08-23T15:47:23.078+0800] GC(8) Old regions: 0->0
[2024-08-23T15:47:23.078+0800] GC(8) Archive regions: 0->0
[2024-08-23T15:47:23.078+0800] GC(8) Humongous regions: 231->34
[2024-08-23T15:47:23.078+0800] GC(8) Metaspace: 236K(448K)->236K(448K) NonClass: 228K(320K)->228K(320K) Class: 7K(128K)->7K(128K)
[2024-08-23T15:47:23.078+0800] GC(8) Pause Young (Concurrent Start) (G1 Humongous Allocation) 232M->34M(512M) 1.235ms
[2024-08-23T15:47:23.078+0800] GC(8) User=0.00s Sys=0.00s Real=0.00s
[2024-08-23T15:47:23.078+0800] GC(9) Concurrent Undo Cycle
[2024-08-23T15:47:23.078+0800] GC(9) Concurrent Cleanup for Next Mark
[2024-08-23T15:47:23.079+0800] GC(9) Concurrent Cleanup for Next Mark 0.478ms
[2024-08-23T15:47:23.079+0800] GC(9) Concurrent Undo Cycle 0.589ms
[2024-08-23T15:47:24.497+0800] GC(10) Pause Young (Concurrent Start) (G1 Humongous Allocation)
[2024-08-23T15:47:24.497+0800] GC(10) Using 6 workers of 6 for evacuation
[2024-08-23T15:47:24.498+0800] GC(10)   Pre Evacuate Collection Set: 0.1ms
[2024-08-23T15:47:24.498+0800] GC(10)   Merge Heap Roots: 0.0ms
[2024-08-23T15:47:24.498+0800] GC(10)   Evacuate Collection Set: 0.4ms
[2024-08-23T15:47:24.498+0800] GC(10)   Post Evacuate Collection Set: 0.3ms
[2024-08-23T15:47:24.498+0800] GC(10)   Other: 0.1ms
[2024-08-23T15:47:24.498+0800] GC(10) Eden regions: 1->0(306)
[2024-08-23T15:47:24.498+0800] GC(10) Survivor regions: 1->1(31)
[2024-08-23T15:47:24.498+0800] GC(10) Old regions: 0->0
[2024-08-23T15:47:24.498+0800] GC(10) Archive regions: 0->0
[2024-08-23T15:47:24.498+0800] GC(10) Humongous regions: 229->6
[2024-08-23T15:47:24.498+0800] GC(10) Metaspace: 237K(448K)->237K(448K) NonClass: 230K(320K)->230K(320K) Class: 7K(128K)->7K(128K)
[2024-08-23T15:47:24.498+0800] GC(10) Pause Young (Concurrent Start) (G1 Humongous Allocation) 230M->6M(512M) 1.029ms
[2024-08-23T15:47:24.498+0800] GC(10) User=0.00s Sys=0.00s Real=0.00s
[2024-08-23T15:47:24.498+0800] GC(11) Concurrent Undo Cycle
[2024-08-23T15:47:24.498+0800] GC(11) Concurrent Cleanup for Next Mark
[2024-08-23T15:47:24.498+0800] GC(11) Concurrent Cleanup for Next Mark 0.342ms
[2024-08-23T15:47:24.499+0800] GC(11) Concurrent Undo Cycle 0.394ms
[2024-08-23T15:47:25.802+0800] GC(12) Pause Young (Concurrent Start) (G1 Humongous Allocation)
[2024-08-23T15:47:25.802+0800] GC(12) Using 6 workers of 6 for evacuation
[2024-08-23T15:47:25.803+0800] GC(12)   Pre Evacuate Collection Set: 0.1ms
[2024-08-23T15:47:25.803+0800] GC(12)   Merge Heap Roots: 0.1ms
[2024-08-23T15:47:25.803+0800] GC(12)   Evacuate Collection Set: 0.4ms
[2024-08-23T15:47:25.803+0800] GC(12)   Post Evacuate Collection Set: 0.4ms
[2024-08-23T15:47:25.803+0800] GC(12)   Other: 0.1ms
[2024-08-23T15:47:25.803+0800] GC(12) Eden regions: 1->0(306)
[2024-08-23T15:47:25.803+0800] GC(12) Survivor regions: 1->1(39)
[2024-08-23T15:47:25.803+0800] GC(12) Old regions: 0->0
[2024-08-23T15:47:25.803+0800] GC(12) Archive regions: 0->0
[2024-08-23T15:47:25.803+0800] GC(12) Humongous regions: 230->68
[2024-08-23T15:47:25.803+0800] GC(12) Metaspace: 240K(448K)->240K(448K) NonClass: 232K(320K)->232K(320K) Class: 7K(128K)->7K(128K)
[2024-08-23T15:47:25.803+0800] GC(12) Pause Young (Concurrent Start) (G1 Humongous Allocation) 231M->68M(512M) 1.116ms
[2024-08-23T15:47:25.803+0800] GC(12) User=0.00s Sys=0.00s Real=0.00s
[2024-08-23T15:47:25.803+0800] GC(13) Concurrent Undo Cycle
[2024-08-23T15:47:25.803+0800] GC(13) Concurrent Cleanup for Next Mark
[2024-08-23T15:47:25.803+0800] GC(13) Concurrent Cleanup for Next Mark 0.442ms
[2024-08-23T15:47:25.803+0800] GC(13) Concurrent Undo Cycle 0.519ms
[2024-08-23T15:47:26.130+0800] GC(14) Pause Young (Concurrent Start) (G1 Humongous Allocation)
[2024-08-23T15:47:26.130+0800] GC(14) Using 6 workers of 6 for evacuation
[2024-08-23T15:47:26.131+0800] GC(14)   Pre Evacuate Collection Set: 0.1ms
[2024-08-23T15:47:26.131+0800] GC(14)   Merge Heap Roots: 0.1ms
[2024-08-23T15:47:26.131+0800] GC(14)   Evacuate Collection Set: 0.5ms
[2024-08-23T15:47:26.131+0800] GC(14)   Post Evacuate Collection Set: 0.4ms
[2024-08-23T15:47:26.131+0800] GC(14)   Other: 0.2ms
[2024-08-23T15:47:26.131+0800] GC(14) Eden regions: 1->0(291)
[2024-08-23T15:47:26.131+0800] GC(14) Survivor regions: 1->1(39)
[2024-08-23T15:47:26.131+0800] GC(14) Old regions: 0->0
[2024-08-23T15:47:26.131+0800] GC(14) Archive regions: 0->0
[2024-08-23T15:47:26.131+0800] GC(14) Humongous regions: 151->108
[2024-08-23T15:47:26.131+0800] GC(14) Metaspace: 240K(448K)->240K(448K) NonClass: 232K(320K)->232K(320K) Class: 7K(128K)->7K(128K)
[2024-08-23T15:47:26.131+0800] GC(14) Pause Young (Concurrent Start) (G1 Humongous Allocation) 152M->108M(512M) 1.314ms
[2024-08-23T15:47:26.131+0800] GC(14) User=0.00s Sys=0.00s Real=0.00s
[2024-08-23T15:47:26.131+0800] GC(15) Concurrent Undo Cycle
[2024-08-23T15:47:26.131+0800] GC(15) Concurrent Cleanup for Next Mark
[2024-08-23T15:47:26.131+0800] GC(15) Concurrent Cleanup for Next Mark 0.469ms
[2024-08-23T15:47:26.131+0800] GC(15) Concurrent Undo Cycle 0.558ms
[2024-08-23T15:47:26.784+0800] GC(16) Pause Young (Concurrent Start) (G1 Humongous Allocation)
[2024-08-23T15:47:26.784+0800] GC(16) Using 6 workers of 6 for evacuation
[2024-08-23T15:47:26.785+0800] GC(16)   Pre Evacuate Collection Set: 0.1ms
[2024-08-23T15:47:26.785+0800] GC(16)   Merge Heap Roots: 0.1ms
[2024-08-23T15:47:26.785+0800] GC(16)   Evacuate Collection Set: 0.4ms
[2024-08-23T15:47:26.785+0800] GC(16)   Post Evacuate Collection Set: 0.3ms
[2024-08-23T15:47:26.785+0800] GC(16)   Other: 0.1ms
[2024-08-23T15:47:26.785+0800] GC(16) Eden regions: 1->0(253)
[2024-08-23T15:47:26.785+0800] GC(16) Survivor regions: 1->1(37)
[2024-08-23T15:47:26.785+0800] GC(16) Old regions: 0->0
[2024-08-23T15:47:26.785+0800] GC(16) Archive regions: 0->0
[2024-08-23T15:47:26.785+0800] GC(16) Humongous regions: 231->164
[2024-08-23T15:47:26.785+0800] GC(16) Metaspace: 240K(448K)->240K(448K) NonClass: 232K(320K)->232K(320K) Class: 7K(128K)->7K(128K)
[2024-08-23T15:47:26.785+0800] GC(16) Pause Young (Concurrent Start) (G1 Humongous Allocation) 232M->164M(512M) 1.165ms
[2024-08-23T15:47:26.785+0800] GC(16) User=0.00s Sys=0.00s Real=0.00s
[2024-08-23T15:47:26.785+0800] GC(17) Concurrent Undo Cycle
[2024-08-23T15:47:26.785+0800] GC(17) Concurrent Cleanup for Next Mark
[2024-08-23T15:47:26.785+0800] GC(17) Concurrent Cleanup for Next Mark 0.430ms
[2024-08-23T15:47:26.785+0800] GC(17) Concurrent Undo Cycle 0.496ms
[2024-08-23T15:47:27.438+0800] GC(18) Pause Young (Concurrent Start) (G1 Humongous Allocation)
[2024-08-23T15:47:27.438+0800] GC(18) Using 6 workers of 6 for evacuation
[2024-08-23T15:47:27.438+0800] GC(18)   Pre Evacuate Collection Set: 0.0ms
[2024-08-23T15:47:27.438+0800] GC(18)   Merge Heap Roots: 0.0ms
[2024-08-23T15:47:27.438+0800] GC(18)   Evacuate Collection Set: 0.4ms
[2024-08-23T15:47:27.438+0800] GC(18)   Post Evacuate Collection Set: 0.1ms
[2024-08-23T15:47:27.438+0800] GC(18)   Other: 0.1ms
[2024-08-23T15:47:27.438+0800] GC(18) Eden regions: 1->0(242)
[2024-08-23T15:47:27.438+0800] GC(18) Survivor regions: 1->1(32)
[2024-08-23T15:47:27.438+0800] GC(18) Old regions: 0->0
[2024-08-23T15:47:27.438+0800] GC(18) Archive regions: 0->0
[2024-08-23T15:47:27.438+0800] GC(18) Humongous regions: 225->185
[2024-08-23T15:47:27.438+0800] GC(18) Metaspace: 240K(448K)->240K(448K) NonClass: 232K(320K)->232K(320K) Class: 7K(128K)->7K(128K)
[2024-08-23T15:47:27.438+0800] GC(18) Pause Young (Concurrent Start) (G1 Humongous Allocation) 226M->185M(512M) 0.841ms
[2024-08-23T15:47:27.438+0800] GC(18) User=0.00s Sys=0.00s Real=0.00s
[2024-08-23T15:47:27.438+0800] GC(19) Concurrent Undo Cycle
[2024-08-23T15:47:27.439+0800] GC(19) Concurrent Cleanup for Next Mark
[2024-08-23T15:47:27.439+0800] GC(19) Concurrent Cleanup for Next Mark 0.398ms
[2024-08-23T15:47:27.439+0800] GC(19) Concurrent Undo Cycle 0.492ms
[2024-08-23T15:47:27.564+0800] GC(20) Pause Young (Concurrent Start) (G1 Humongous Allocation)
[2024-08-23T15:47:27.564+0800] GC(20) Using 6 workers of 6 for evacuation
[2024-08-23T15:47:27.565+0800] GC(20)   Pre Evacuate Collection Set: 0.1ms
[2024-08-23T15:47:27.565+0800] GC(20)   Merge Heap Roots: 0.1ms
[2024-08-23T15:47:27.565+0800] GC(20)   Evacuate Collection Set: 0.6ms
[2024-08-23T15:47:27.565+0800] GC(20)   Post Evacuate Collection Set: 0.4ms
[2024-08-23T15:47:27.565+0800] GC(20)   Other: 0.2ms
[2024-08-23T15:47:27.565+0800] GC(20) Eden regions: 1->0(221)
[2024-08-23T15:47:27.565+0800] GC(20) Survivor regions: 1->1(31)
[2024-08-23T15:47:27.565+0800] GC(20) Old regions: 0->0
[2024-08-23T15:47:27.565+0800] GC(20) Archive regions: 0->0
[2024-08-23T15:47:27.565+0800] GC(20) Humongous regions: 236->215
[2024-08-23T15:47:27.565+0800] GC(20) Metaspace: 240K(448K)->240K(448K) NonClass: 232K(320K)->232K(320K) Class: 7K(128K)->7K(128K)
[2024-08-23T15:47:27.565+0800] GC(20) Pause Young (Concurrent Start) (G1 Humongous Allocation) 237M->215M(512M) 1.676ms
[2024-08-23T15:47:27.565+0800] GC(20) User=0.00s Sys=0.00s Real=0.00s
[2024-08-23T15:47:27.566+0800] GC(21) Concurrent Undo Cycle
[2024-08-23T15:47:27.566+0800] GC(21) Concurrent Cleanup for Next Mark
[2024-08-23T15:47:27.566+0800] GC(21) Concurrent Cleanup for Next Mark 0.389ms
[2024-08-23T15:47:27.566+0800] GC(21) Concurrent Undo Cycle 0.439ms
[2024-08-23T15:47:27.706+0800] GC(22) Pause Young (Concurrent Start) (G1 Humongous Allocation)
[2024-08-23T15:47:27.706+0800] GC(22) Using 6 workers of 6 for evacuation
[2024-08-23T15:47:27.706+0800] GC(22)   Pre Evacuate Collection Set: 0.0ms
[2024-08-23T15:47:27.706+0800] GC(22)   Merge Heap Roots: 0.0ms
[2024-08-23T15:47:27.706+0800] GC(22)   Evacuate Collection Set: 0.4ms
[2024-08-23T15:47:27.706+0800] GC(22)   Post Evacuate Collection Set: 0.2ms
[2024-08-23T15:47:27.706+0800] GC(22)   Other: 0.1ms
[2024-08-23T15:47:27.706+0800] GC(22) Eden regions: 1->0(179)
[2024-08-23T15:47:27.706+0800] GC(22) Survivor regions: 1->1(28)
[2024-08-23T15:47:27.706+0800] GC(22) Old regions: 0->0
[2024-08-23T15:47:27.706+0800] GC(22) Archive regions: 0->0
[2024-08-23T15:47:27.706+0800] GC(22) Humongous regions: 316->265
[2024-08-23T15:47:27.706+0800] GC(22) Metaspace: 240K(448K)->240K(448K) NonClass: 232K(320K)->232K(320K) Class: 7K(128K)->7K(128K)
[2024-08-23T15:47:27.706+0800] GC(22) Pause Young (Concurrent Start) (G1 Humongous Allocation) 317M->265M(512M) 0.805ms
[2024-08-23T15:47:27.706+0800] GC(22) User=0.00s Sys=0.00s Real=0.00s
[2024-08-23T15:47:27.707+0800] GC(23) Concurrent Mark Cycle
[2024-08-23T15:47:27.707+0800] GC(23) Concurrent Clear Claimed Marks
[2024-08-23T15:47:27.707+0800] GC(23) Concurrent Clear Claimed Marks 0.010ms
[2024-08-23T15:47:27.707+0800] GC(23) Concurrent Scan Root Regions
[2024-08-23T15:47:27.707+0800] GC(23) Concurrent Scan Root Regions 0.337ms
[2024-08-23T15:47:27.707+0800] GC(23) Concurrent Mark
[2024-08-23T15:47:27.707+0800] GC(23) Concurrent Mark From Roots
[2024-08-23T15:47:27.707+0800] GC(23) Using 2 workers of 2 for marking
[2024-08-23T15:47:27.707+0800] GC(23) Concurrent Mark From Roots 0.208ms
[2024-08-23T15:47:27.707+0800] GC(23) Concurrent Preclean
[2024-08-23T15:47:27.707+0800] GC(23) Concurrent Preclean 0.033ms
[2024-08-23T15:47:27.707+0800] GC(23) Pause Remark
[2024-08-23T15:47:27.708+0800] GC(23) Pause Remark 268M->268M(512M) 0.277ms
[2024-08-23T15:47:27.708+0800] GC(23) User=0.00s Sys=0.00s Real=0.00s
[2024-08-23T15:47:27.708+0800] GC(23) Concurrent Mark 0.673ms
[2024-08-23T15:47:27.708+0800] GC(23) Concurrent Rebuild Remembered Sets
[2024-08-23T15:47:27.708+0800] GC(23) Concurrent Rebuild Remembered Sets 0.009ms
[2024-08-23T15:47:27.708+0800] GC(23) Pause Cleanup
[2024-08-23T15:47:27.708+0800] GC(23) Pause Cleanup 268M->268M(512M) 0.018ms
[2024-08-23T15:47:27.708+0800] GC(23) User=0.00s Sys=0.00s Real=0.00s
[2024-08-23T15:47:27.708+0800] GC(23) Concurrent Cleanup for Next Mark
[2024-08-23T15:47:27.709+0800] GC(23) Concurrent Cleanup for Next Mark 1.713ms
[2024-08-23T15:47:27.709+0800] GC(23) Concurrent Mark Cycle 2.923ms
[2024-08-23T15:47:28.360+0800] GC(24) Pause Young (Concurrent Start) (G1 Humongous Allocation)
[2024-08-23T15:47:28.360+0800] GC(24) Using 6 workers of 6 for evacuation
[2024-08-23T15:47:28.360+0800] GC(24)   Pre Evacuate Collection Set: 0.0ms
[2024-08-23T15:47:28.360+0800] GC(24)   Merge Heap Roots: 0.0ms
[2024-08-23T15:47:28.360+0800] GC(24)   Evacuate Collection Set: 0.3ms
[2024-08-23T15:47:28.360+0800] GC(24)   Post Evacuate Collection Set: 0.3ms
[2024-08-23T15:47:28.360+0800] GC(24)   Other: 0.1ms
[2024-08-23T15:47:28.360+0800] GC(24) Eden regions: 1->0(306)
[2024-08-23T15:47:28.360+0800] GC(24) Survivor regions: 1->1(23)
[2024-08-23T15:47:28.360+0800] GC(24) Old regions: 0->0
[2024-08-23T15:47:28.360+0800] GC(24) Archive regions: 0->0
[2024-08-23T15:47:28.360+0800] GC(24) Humongous regions: 267->2
[2024-08-23T15:47:28.360+0800] GC(24) Metaspace: 241K(448K)->241K(448K) NonClass: 233K(320K)->233K(320K) Class: 7K(128K)->7K(128K)
[2024-08-23T15:47:28.360+0800] GC(24) Pause Young (Concurrent Start) (G1 Humongous Allocation) 268M->2M(512M) 0.935ms
[2024-08-23T15:47:28.360+0800] GC(24) User=0.00s Sys=0.00s Real=0.00s
[2024-08-23T15:47:28.360+0800] GC(25) Concurrent Undo Cycle
[2024-08-23T15:47:28.361+0800] GC(25) Concurrent Cleanup for Next Mark
[2024-08-23T15:47:28.361+0800] GC(25) Concurrent Cleanup for Next Mark 0.326ms
[2024-08-23T15:47:28.361+0800] GC(25) Concurrent Undo Cycle 0.403ms
[2024-08-23T15:47:29.673+0800] GC(26) Pause Young (Concurrent Start) (G1 Humongous Allocation)
[2024-08-23T15:47:29.673+0800] GC(26) Using 6 workers of 6 for evacuation
[2024-08-23T15:47:29.673+0800] GC(26)   Pre Evacuate Collection Set: 0.0ms
[2024-08-23T15:47:29.673+0800] GC(26)   Merge Heap Roots: 0.0ms
[2024-08-23T15:47:29.673+0800] GC(26)   Evacuate Collection Set: 0.4ms
[2024-08-23T15:47:29.673+0800] GC(26)   Post Evacuate Collection Set: 0.2ms
[2024-08-23T15:47:29.673+0800] GC(26)   Other: 0.1ms
[2024-08-23T15:47:29.673+0800] GC(26) Eden regions: 1->0(306)
[2024-08-23T15:47:29.673+0800] GC(26) Survivor regions: 1->1(39)
[2024-08-23T15:47:29.673+0800] GC(26) Old regions: 0->0
[2024-08-23T15:47:29.673+0800] GC(26) Archive regions: 0->0
[2024-08-23T15:47:29.673+0800] GC(26) Humongous regions: 231->14
[2024-08-23T15:47:29.674+0800] GC(26) Metaspace: 242K(448K)->242K(448K) NonClass: 234K(320K)->234K(320K) Class: 7K(128K)->7K(128K)
[2024-08-23T15:47:29.674+0800] GC(26) Pause Young (Concurrent Start) (G1 Humongous Allocation) 232M->14M(512M) 0.883ms
[2024-08-23T15:47:29.674+0800] GC(26) User=0.00s Sys=0.00s Real=0.00s
[2024-08-23T15:47:29.674+0800] GC(27) Concurrent Undo Cycle
[2024-08-23T15:47:29.674+0800] GC(27) Concurrent Cleanup for Next Mark
[2024-08-23T15:47:29.674+0800] GC(27) Concurrent Cleanup for Next Mark 0.369ms
[2024-08-23T15:47:29.674+0800] GC(27) Concurrent Undo Cycle 0.438ms
[2024-08-23T15:47:30.774+0800] GC(28) Pause Young (Concurrent Start) (G1 Humongous Allocation)
[2024-08-23T15:47:30.774+0800] GC(28) Using 6 workers of 6 for evacuation
[2024-08-23T15:47:30.774+0800] GC(28)   Pre Evacuate Collection Set: 0.0ms
[2024-08-23T15:47:30.774+0800] GC(28)   Merge Heap Roots: 0.0ms
[2024-08-23T15:47:30.774+0800] GC(28)   Evacuate Collection Set: 0.4ms
[2024-08-23T15:47:30.774+0800] GC(28)   Post Evacuate Collection Set: 0.2ms
[2024-08-23T15:47:30.774+0800] GC(28)   Other: 0.1ms
[2024-08-23T15:47:30.774+0800] GC(28) Eden regions: 1->0(306)
[2024-08-23T15:47:30.775+0800] GC(28) Survivor regions: 1->1(39)
[2024-08-23T15:47:30.775+0800] GC(28) Old regions: 0->0
[2024-08-23T15:47:30.775+0800] GC(28) Archive regions: 0->0
[2024-08-23T15:47:30.775+0800] GC(28) Humongous regions: 231->21
[2024-08-23T15:47:30.775+0800] GC(28) Metaspace: 247K(448K)->247K(448K) NonClass: 239K(320K)->239K(320K) Class: 7K(128K)->7K(128K)
[2024-08-23T15:47:30.775+0800] GC(28) Pause Young (Concurrent Start) (G1 Humongous Allocation) 232M->21M(512M) 0.989ms
[2024-08-23T15:47:30.775+0800] GC(28) User=0.00s Sys=0.00s Real=0.00s
[2024-08-23T15:47:30.775+0800] GC(29) Concurrent Undo Cycle
[2024-08-23T15:47:30.775+0800] GC(29) Concurrent Cleanup for Next Mark
[2024-08-23T15:47:30.775+0800] GC(29) Concurrent Cleanup for Next Mark 0.320ms
[2024-08-23T15:47:30.775+0800] GC(29) Concurrent Undo Cycle 0.382ms
[2024-08-23T15:47:33.278+0800] GC(30) Pause Young (Concurrent Start) (G1 Humongous Allocation)
[2024-08-23T15:47:33.278+0800] GC(30) Using 6 workers of 6 for evacuation
[2024-08-23T15:47:33.279+0800] GC(30)   Pre Evacuate Collection Set: 0.1ms
[2024-08-23T15:47:33.279+0800] GC(30)   Merge Heap Roots: 0.1ms
[2024-08-23T15:47:33.279+0800] GC(30)   Evacuate Collection Set: 0.4ms
[2024-08-23T15:47:33.279+0800] GC(30)   Post Evacuate Collection Set: 0.2ms
[2024-08-23T15:47:33.279+0800] GC(30)   Other: 0.1ms
[2024-08-23T15:47:33.279+0800] GC(30) Eden regions: 1->0(306)
[2024-08-23T15:47:33.279+0800] GC(30) Survivor regions: 1->1(39)
[2024-08-23T15:47:33.279+0800] GC(30) Old regions: 0->1
[2024-08-23T15:47:33.279+0800] GC(30) Archive regions: 0->0
[2024-08-23T15:47:33.279+0800] GC(30) Humongous regions: 209->78
[2024-08-23T15:47:33.279+0800] GC(30) Metaspace: 247K(448K)->247K(448K) NonClass: 239K(320K)->239K(320K) Class: 7K(128K)->7K(128K)
[2024-08-23T15:47:33.279+0800] GC(30) Pause Young (Concurrent Start) (G1 Humongous Allocation) 210M->78M(512M) 1.100ms
[2024-08-23T15:47:33.279+0800] GC(30) User=0.00s Sys=0.00s Real=0.00s
[2024-08-23T15:47:33.279+0800] GC(31) Concurrent Undo Cycle
[2024-08-23T15:47:33.279+0800] GC(31) Concurrent Cleanup for Next Mark
[2024-08-23T15:47:33.279+0800] GC(31) Concurrent Cleanup for Next Mark 0.235ms
[2024-08-23T15:47:33.279+0800] GC(31) Concurrent Undo Cycle 0.298ms
[2024-08-23T15:47:34.370+0800] GC(32) Pause Young (Concurrent Start) (G1 Humongous Allocation)
[2024-08-23T15:47:34.370+0800] GC(32) Using 6 workers of 6 for evacuation
[2024-08-23T15:47:34.370+0800] GC(32)   Pre Evacuate Collection Set: 0.1ms
[2024-08-23T15:47:34.370+0800] GC(32)   Merge Heap Roots: 0.1ms
[2024-08-23T15:47:34.370+0800] GC(32)   Evacuate Collection Set: 0.2ms
[2024-08-23T15:47:34.370+0800] GC(32)   Post Evacuate Collection Set: 0.3ms
[2024-08-23T15:47:34.370+0800] GC(32)   Other: 0.1ms
[2024-08-23T15:47:34.370+0800] GC(32) Eden regions: 1->0(306)
[2024-08-23T15:47:34.370+0800] GC(32) Survivor regions: 1->1(39)
[2024-08-23T15:47:34.370+0800] GC(32) Old regions: 1->1
[2024-08-23T15:47:34.370+0800] GC(32) Archive regions: 0->0
[2024-08-23T15:47:34.370+0800] GC(32) Humongous regions: 230->44
[2024-08-23T15:47:34.370+0800] GC(32) Metaspace: 247K(448K)->247K(448K) NonClass: 239K(320K)->239K(320K) Class: 7K(128K)->7K(128K)
[2024-08-23T15:47:34.370+0800] GC(32) Pause Young (Concurrent Start) (G1 Humongous Allocation) 231M->44M(512M) 0.836ms
[2024-08-23T15:47:34.370+0800] GC(32) User=0.00s Sys=0.00s Real=0.00s
[2024-08-23T15:47:34.371+0800] GC(33) Concurrent Undo Cycle
[2024-08-23T15:47:34.371+0800] GC(33) Concurrent Cleanup for Next Mark
[2024-08-23T15:47:34.371+0800] GC(33) Concurrent Cleanup for Next Mark 0.244ms
[2024-08-23T15:47:34.371+0800] GC(33) Concurrent Undo Cycle 0.307ms
[2024-08-23T15:47:34.915+0800] GC(34) Pause Young (Concurrent Start) (G1 Humongous Allocation)
[2024-08-23T15:47:34.915+0800] GC(34) Using 6 workers of 6 for evacuation
[2024-08-23T15:47:34.915+0800] GC(34)   Pre Evacuate Collection Set: 0.1ms
[2024-08-23T15:47:34.915+0800] GC(34)   Merge Heap Roots: 0.1ms
[2024-08-23T15:47:34.915+0800] GC(34)   Evacuate Collection Set: 0.1ms
[2024-08-23T15:47:34.915+0800] GC(34)   Post Evacuate Collection Set: 0.3ms
[2024-08-23T15:47:34.915+0800] GC(34)   Other: 0.1ms
[2024-08-23T15:47:34.916+0800] GC(34) Eden regions: 1->0(306)
[2024-08-23T15:47:34.916+0800] GC(34) Survivor regions: 1->1(39)
[2024-08-23T15:47:34.916+0800] GC(34) Old regions: 1->1
[2024-08-23T15:47:34.916+0800] GC(34) Archive regions: 0->0
[2024-08-23T15:47:34.916+0800] GC(34) Humongous regions: 230->86
[2024-08-23T15:47:34.916+0800] GC(34) Metaspace: 247K(448K)->247K(448K) NonClass: 239K(320K)->239K(320K) Class: 7K(128K)->7K(128K)
[2024-08-23T15:47:34.916+0800] GC(34) Pause Young (Concurrent Start) (G1 Humongous Allocation) 231M->86M(512M) 0.846ms
[2024-08-23T15:47:34.916+0800] GC(34) User=0.00s Sys=0.00s Real=0.00s
[2024-08-23T15:47:34.916+0800] GC(35) Concurrent Undo Cycle
[2024-08-23T15:47:34.916+0800] GC(35) Concurrent Cleanup for Next Mark
[2024-08-23T15:47:34.916+0800] GC(35) Concurrent Cleanup for Next Mark 0.234ms
[2024-08-23T15:47:34.916+0800] GC(35) Concurrent Undo Cycle 0.285ms
[2024-08-23T15:47:36.118+0800] GC(36) Pause Young (Concurrent Start) (G1 Humongous Allocation)
[2024-08-23T15:47:36.118+0800] GC(36) Using 6 workers of 6 for evacuation
[2024-08-23T15:47:36.118+0800] GC(36)   Pre Evacuate Collection Set: 0.0ms
[2024-08-23T15:47:36.118+0800] GC(36)   Merge Heap Roots: 0.0ms
[2024-08-23T15:47:36.118+0800] GC(36)   Evacuate Collection Set: 0.1ms
[2024-08-23T15:47:36.118+0800] GC(36)   Post Evacuate Collection Set: 0.2ms
[2024-08-23T15:47:36.118+0800] GC(36)   Other: 0.1ms
[2024-08-23T15:47:36.118+0800] GC(36) Eden regions: 1->0(306)
[2024-08-23T15:47:36.118+0800] GC(36) Survivor regions: 1->1(39)
[2024-08-23T15:47:36.118+0800] GC(36) Old regions: 1->1
[2024-08-23T15:47:36.118+0800] GC(36) Archive regions: 0->0
[2024-08-23T15:47:36.118+0800] GC(36) Humongous regions: 163->51
[2024-08-23T15:47:36.118+0800] GC(36) Metaspace: 250K(448K)->250K(448K) NonClass: 242K(320K)->242K(320K) Class: 7K(128K)->7K(128K)
[2024-08-23T15:47:36.118+0800] GC(36) Pause Young (Concurrent Start) (G1 Humongous Allocation) 164M->51M(512M) 0.608ms
[2024-08-23T15:47:36.118+0800] GC(36) User=0.00s Sys=0.00s Real=0.00s
[2024-08-23T15:47:36.118+0800] GC(37) Concurrent Undo Cycle
[2024-08-23T15:47:36.118+0800] GC(37) Concurrent Cleanup for Next Mark
[2024-08-23T15:47:36.118+0800] GC(37) Concurrent Cleanup for Next Mark 0.269ms
[2024-08-23T15:47:36.118+0800] GC(37) Concurrent Undo Cycle 0.335ms
[2024-08-23T15:47:37.315+0800] GC(38) Pause Young (Concurrent Start) (G1 Humongous Allocation)
[2024-08-23T15:47:37.315+0800] GC(38) Using 6 workers of 6 for evacuation
[2024-08-23T15:47:37.316+0800] GC(38)   Pre Evacuate Collection Set: 0.1ms
[2024-08-23T15:47:37.316+0800] GC(38)   Merge Heap Roots: 0.1ms
[2024-08-23T15:47:37.316+0800] GC(38)   Evacuate Collection Set: 0.1ms
[2024-08-23T15:47:37.316+0800] GC(38)   Post Evacuate Collection Set: 0.4ms
[2024-08-23T15:47:37.316+0800] GC(38)   Other: 0.1ms
[2024-08-23T15:47:37.316+0800] GC(38) Eden regions: 1->0(306)
[2024-08-23T15:47:37.316+0800] GC(38) Survivor regions: 1->1(39)
[2024-08-23T15:47:37.316+0800] GC(38) Old regions: 1->1
[2024-08-23T15:47:37.316+0800] GC(38) Archive regions: 0->0
[2024-08-23T15:47:37.316+0800] GC(38) Humongous regions: 214->118
[2024-08-23T15:47:37.316+0800] GC(38) Metaspace: 252K(448K)->252K(448K) NonClass: 245K(320K)->245K(320K) Class: 7K(128K)->7K(128K)
[2024-08-23T15:47:37.316+0800] GC(38) Pause Young (Concurrent Start) (G1 Humongous Allocation) 215M->118M(512M) 0.866ms
[2024-08-23T15:47:37.316+0800] GC(38) User=0.00s Sys=0.00s Real=0.00s
[2024-08-23T15:47:37.316+0800] GC(39) Concurrent Undo Cycle
[2024-08-23T15:47:37.316+0800] GC(39) Concurrent Cleanup for Next Mark
[2024-08-23T15:47:37.316+0800] GC(39) Concurrent Cleanup for Next Mark 0.391ms
[2024-08-23T15:47:37.316+0800] GC(39) Concurrent Undo Cycle 0.472ms
[2024-08-23T15:47:37.534+0800] GC(40) Pause Young (Concurrent Start) (G1 Humongous Allocation)
[2024-08-23T15:47:37.534+0800] GC(40) Using 6 workers of 6 for evacuation
[2024-08-23T15:47:37.534+0800] GC(40)   Pre Evacuate Collection Set: 0.1ms
[2024-08-23T15:47:37.534+0800] GC(40)   Merge Heap Roots: 0.1ms
[2024-08-23T15:47:37.534+0800] GC(40)   Evacuate Collection Set: 0.1ms
[2024-08-23T15:47:37.534+0800] GC(40)   Post Evacuate Collection Set: 0.3ms
[2024-08-23T15:47:37.534+0800] GC(40)   Other: 0.1ms
[2024-08-23T15:47:37.534+0800] GC(40) Eden regions: 1->0(295)
[2024-08-23T15:47:37.534+0800] GC(40) Survivor regions: 1->1(39)
[2024-08-23T15:47:37.534+0800] GC(40) Old regions: 1->1
[2024-08-23T15:47:37.534+0800] GC(40) Archive regions: 0->0
[2024-08-23T15:47:37.534+0800] GC(40) Humongous regions: 190->158
[2024-08-23T15:47:37.534+0800] GC(40) Metaspace: 252K(448K)->252K(448K) NonClass: 245K(320K)->245K(320K) Class: 7K(128K)->7K(128K)
[2024-08-23T15:47:37.534+0800] GC(40) Pause Young (Concurrent Start) (G1 Humongous Allocation) 191M->158M(512M) 0.776ms
[2024-08-23T15:47:37.534+0800] GC(40) User=0.00s Sys=0.00s Real=0.00s
[2024-08-23T15:47:37.534+0800] GC(41) Concurrent Undo Cycle
[2024-08-23T15:47:37.534+0800] GC(41) Concurrent Cleanup for Next Mark
[2024-08-23T15:47:37.535+0800] GC(41) Concurrent Cleanup for Next Mark 0.243ms
[2024-08-23T15:47:37.535+0800] GC(41) Concurrent Undo Cycle 0.312ms
[2024-08-23T15:47:37.644+0800] GC(42) Pause Young (Concurrent Start) (G1 Humongous Allocation)
[2024-08-23T15:47:37.644+0800] GC(42) Using 6 workers of 6 for evacuation
[2024-08-23T15:47:37.645+0800] GC(42)   Pre Evacuate Collection Set: 0.1ms
[2024-08-23T15:47:37.645+0800] GC(42)   Merge Heap Roots: 0.1ms
[2024-08-23T15:47:37.645+0800] GC(42)   Evacuate Collection Set: 0.2ms
[2024-08-23T15:47:37.645+0800] GC(42)   Post Evacuate Collection Set: 0.4ms
[2024-08-23T15:47:37.645+0800] GC(42)   Other: 0.1ms
[2024-08-23T15:47:37.645+0800] GC(42) Eden regions: 1->0(247)
[2024-08-23T15:47:37.645+0800] GC(42) Survivor regions: 1->1(37)
[2024-08-23T15:47:37.645+0800] GC(42) Old regions: 1->1
[2024-08-23T15:47:37.645+0800] GC(42) Archive regions: 0->0
[2024-08-23T15:47:37.645+0800] GC(42) Humongous regions: 259->208
[2024-08-23T15:47:37.645+0800] GC(42) Metaspace: 252K(448K)->252K(448K) NonClass: 245K(320K)->245K(320K) Class: 7K(128K)->7K(128K)
[2024-08-23T15:47:37.645+0800] GC(42) Pause Young (Concurrent Start) (G1 Humongous Allocation) 260M->208M(512M) 1.060ms
[2024-08-23T15:47:37.645+0800] GC(42) User=0.00s Sys=0.00s Real=0.00s
[2024-08-23T15:47:37.645+0800] GC(43) Concurrent Undo Cycle
[2024-08-23T15:47:37.645+0800] GC(43) Concurrent Cleanup for Next Mark
[2024-08-23T15:47:37.645+0800] GC(43) Concurrent Cleanup for Next Mark 0.205ms
[2024-08-23T15:47:37.645+0800] GC(43) Concurrent Undo Cycle 0.255ms
[2024-08-23T15:47:38.190+0800] GC(44) Pause Young (Concurrent Start) (G1 Humongous Allocation)
[2024-08-23T15:47:38.190+0800] GC(44) Using 6 workers of 6 for evacuation
[2024-08-23T15:47:38.190+0800] GC(44)   Pre Evacuate Collection Set: 0.1ms
[2024-08-23T15:47:38.190+0800] GC(44)   Merge Heap Roots: 0.1ms
[2024-08-23T15:47:38.190+0800] GC(44)   Evacuate Collection Set: 0.1ms
[2024-08-23T15:47:38.190+0800] GC(44)   Post Evacuate Collection Set: 0.3ms
[2024-08-23T15:47:38.190+0800] GC(44)   Other: 0.1ms
[2024-08-23T15:47:38.190+0800] GC(44) Eden regions: 1->0(306)
[2024-08-23T15:47:38.190+0800] GC(44) Survivor regions: 1->1(31)
[2024-08-23T15:47:38.190+0800] GC(44) Old regions: 1->1
[2024-08-23T15:47:38.190+0800] GC(44) Archive regions: 0->0
[2024-08-23T15:47:38.190+0800] GC(44) Humongous regions: 230->115
[2024-08-23T15:47:38.190+0800] GC(44) Metaspace: 252K(448K)->252K(448K) NonClass: 245K(320K)->245K(320K) Class: 7K(128K)->7K(128K)
[2024-08-23T15:47:38.190+0800] GC(44) Pause Young (Concurrent Start) (G1 Humongous Allocation) 231M->115M(512M) 0.715ms
[2024-08-23T15:47:38.190+0800] GC(44) User=0.00s Sys=0.00s Real=0.00s
[2024-08-23T15:47:38.190+0800] GC(45) Concurrent Undo Cycle
[2024-08-23T15:47:38.190+0800] GC(45) Concurrent Cleanup for Next Mark
[2024-08-23T15:47:38.191+0800] GC(45) Concurrent Cleanup for Next Mark 0.308ms
[2024-08-23T15:47:38.191+0800] GC(45) Concurrent Undo Cycle 0.376ms
[2024-08-23T15:47:38.954+0800] GC(46) Pause Young (Concurrent Start) (G1 Humongous Allocation)
[2024-08-23T15:47:38.954+0800] GC(46) Using 6 workers of 6 for evacuation
[2024-08-23T15:47:38.954+0800] GC(46)   Pre Evacuate Collection Set: 0.1ms
[2024-08-23T15:47:38.954+0800] GC(46)   Merge Heap Roots: 0.1ms
[2024-08-23T15:47:38.954+0800] GC(46)   Evacuate Collection Set: 0.1ms
[2024-08-23T15:47:38.954+0800] GC(46)   Post Evacuate Collection Set: 0.3ms
[2024-08-23T15:47:38.954+0800] GC(46)   Other: 0.1ms
[2024-08-23T15:47:38.954+0800] GC(46) Eden regions: 1->0(289)
[2024-08-23T15:47:38.954+0800] GC(46) Survivor regions: 1->1(39)
[2024-08-23T15:47:38.954+0800] GC(46) Old regions: 1->1
[2024-08-23T15:47:38.954+0800] GC(46) Archive regions: 0->0
[2024-08-23T15:47:38.954+0800] GC(46) Humongous regions: 227->166
[2024-08-23T15:47:38.954+0800] GC(46) Metaspace: 252K(448K)->252K(448K) NonClass: 245K(320K)->245K(320K) Class: 7K(128K)->7K(128K)
[2024-08-23T15:47:38.954+0800] GC(46) Pause Young (Concurrent Start) (G1 Humongous Allocation) 228M->166M(512M) 0.828ms
[2024-08-23T15:47:38.954+0800] GC(46) User=0.00s Sys=0.00s Real=0.00s
[2024-08-23T15:47:38.954+0800] GC(47) Concurrent Undo Cycle
[2024-08-23T15:47:38.954+0800] GC(47) Concurrent Cleanup for Next Mark
[2024-08-23T15:47:38.955+0800] GC(47) Concurrent Cleanup for Next Mark 0.222ms
[2024-08-23T15:47:38.955+0800] GC(47) Concurrent Undo Cycle 0.290ms
[2024-08-23T15:47:39.062+0800] GC(48) Pause Young (Concurrent Start) (G1 Humongous Allocation)
[2024-08-23T15:47:39.062+0800] GC(48) Using 6 workers of 6 for evacuation
[2024-08-23T15:47:39.062+0800] GC(48)   Pre Evacuate Collection Set: 0.1ms
[2024-08-23T15:47:39.062+0800] GC(48)   Merge Heap Roots: 0.0ms
[2024-08-23T15:47:39.062+0800] GC(48)   Evacuate Collection Set: 0.1ms
[2024-08-23T15:47:39.062+0800] GC(48)   Post Evacuate Collection Set: 0.1ms
[2024-08-23T15:47:39.062+0800] GC(48)   Other: 0.1ms
[2024-08-23T15:47:39.062+0800] GC(48) Eden regions: 1->0(240)
[2024-08-23T15:47:39.062+0800] GC(48) Survivor regions: 1->1(37)
[2024-08-23T15:47:39.062+0800] GC(48) Old regions: 1->1
[2024-08-23T15:47:39.062+0800] GC(48) Archive regions: 0->0
[2024-08-23T15:47:39.062+0800] GC(48) Humongous regions: 267->216
[2024-08-23T15:47:39.062+0800] GC(48) Metaspace: 252K(448K)->252K(448K) NonClass: 245K(320K)->245K(320K) Class: 7K(128K)->7K(128K)
[2024-08-23T15:47:39.062+0800] GC(48) Pause Young (Concurrent Start) (G1 Humongous Allocation) 268M->216M(512M) 0.524ms
[2024-08-23T15:47:39.062+0800] GC(48) User=0.00s Sys=0.00s Real=0.00s
[2024-08-23T15:47:39.062+0800] GC(49) Concurrent Undo Cycle
[2024-08-23T15:47:39.062+0800] GC(49) Concurrent Cleanup for Next Mark
[2024-08-23T15:47:39.062+0800] GC(49) Concurrent Cleanup for Next Mark 0.204ms
[2024-08-23T15:47:39.063+0800] GC(49) Concurrent Undo Cycle 0.248ms
[2024-08-23T15:47:39.937+0800] GC(50) Pause Young (Concurrent Start) (G1 Humongous Allocation)
[2024-08-23T15:47:39.937+0800] GC(50) Using 6 workers of 6 for evacuation
[2024-08-23T15:47:39.938+0800] GC(50)   Pre Evacuate Collection Set: 0.1ms
[2024-08-23T15:47:39.938+0800] GC(50)   Merge Heap Roots: 0.1ms
[2024-08-23T15:47:39.938+0800] GC(50)   Evacuate Collection Set: 0.1ms
[2024-08-23T15:47:39.938+0800] GC(50)   Post Evacuate Collection Set: 0.4ms
[2024-08-23T15:47:39.938+0800] GC(50)   Other: 0.1ms
[2024-08-23T15:47:39.938+0800] GC(50) Eden regions: 1->0(306)
[2024-08-23T15:47:39.938+0800] GC(50) Survivor regions: 1->1(31)
[2024-08-23T15:47:39.938+0800] GC(50) Old regions: 1->1
[2024-08-23T15:47:39.938+0800] GC(50) Archive regions: 0->0
[2024-08-23T15:47:39.938+0800] GC(50) Humongous regions: 226->6
[2024-08-23T15:47:39.938+0800] GC(50) Metaspace: 252K(448K)->252K(448K) NonClass: 245K(320K)->245K(320K) Class: 7K(128K)->7K(128K)
[2024-08-23T15:47:39.938+0800] GC(50) Pause Young (Concurrent Start) (G1 Humongous Allocation) 227M->6M(512M) 0.905ms
[2024-08-23T15:47:39.938+0800] GC(50) User=0.00s Sys=0.00s Real=0.00s
[2024-08-23T15:47:39.938+0800] GC(51) Concurrent Undo Cycle
[2024-08-23T15:47:39.938+0800] GC(51) Concurrent Cleanup for Next Mark
[2024-08-23T15:47:39.938+0800] GC(51) Concurrent Cleanup for Next Mark 0.252ms
[2024-08-23T15:47:39.938+0800] GC(51) Concurrent Undo Cycle 0.324ms
[2024-08-23T15:47:41.136+0800] GC(52) Pause Young (Concurrent Start) (G1 Humongous Allocation)
[2024-08-23T15:47:41.136+0800] GC(52) Using 6 workers of 6 for evacuation
[2024-08-23T15:47:41.136+0800] GC(52)   Pre Evacuate Collection Set: 0.1ms
[2024-08-23T15:47:41.137+0800] GC(52)   Merge Heap Roots: 0.1ms
[2024-08-23T15:47:41.137+0800] GC(52)   Evacuate Collection Set: 0.2ms
[2024-08-23T15:47:41.137+0800] GC(52)   Post Evacuate Collection Set: 0.3ms
[2024-08-23T15:47:41.137+0800] GC(52)   Other: 0.1ms
[2024-08-23T15:47:41.137+0800] GC(52) Eden regions: 1->0(306)
[2024-08-23T15:47:41.137+0800] GC(52) Survivor regions: 1->1(39)
[2024-08-23T15:47:41.137+0800] GC(52) Old regions: 1->1
[2024-08-23T15:47:41.137+0800] GC(52) Archive regions: 0->0
[2024-08-23T15:47:41.137+0800] GC(52) Humongous regions: 229->23
[2024-08-23T15:47:41.137+0800] GC(52) Metaspace: 253K(448K)->253K(448K) NonClass: 245K(320K)->245K(320K) Class: 7K(128K)->7K(128K)
[2024-08-23T15:47:41.137+0800] GC(52) Pause Young (Concurrent Start) (G1 Humongous Allocation) 230M->23M(512M) 0.910ms
[2024-08-23T15:47:41.137+0800] GC(52) User=0.00s Sys=0.00s Real=0.00s
[2024-08-23T15:47:41.137+0800] GC(53) Concurrent Undo Cycle
[2024-08-23T15:47:41.137+0800] GC(53) Concurrent Cleanup for Next Mark
[2024-08-23T15:47:41.137+0800] GC(53) Concurrent Cleanup for Next Mark 0.230ms
[2024-08-23T15:47:41.137+0800] GC(53) Concurrent Undo Cycle 0.298ms
[2024-08-23T15:47:41.898+0800] GC(54) Pause Young (Concurrent Start) (G1 Humongous Allocation)
[2024-08-23T15:47:41.898+0800] GC(54) Using 6 workers of 6 for evacuation
[2024-08-23T15:47:41.899+0800] GC(54)   Pre Evacuate Collection Set: 0.1ms
[2024-08-23T15:47:41.899+0800] GC(54)   Merge Heap Roots: 0.1ms
[2024-08-23T15:47:41.899+0800] GC(54)   Evacuate Collection Set: 0.1ms
[2024-08-23T15:47:41.899+0800] GC(54)   Post Evacuate Collection Set: 0.4ms
[2024-08-23T15:47:41.899+0800] GC(54)   Other: 0.1ms
[2024-08-23T15:47:41.899+0800] GC(54) Eden regions: 1->0(306)
[2024-08-23T15:47:41.899+0800] GC(54) Survivor regions: 1->1(39)
[2024-08-23T15:47:41.899+0800] GC(54) Old regions: 1->1
[2024-08-23T15:47:41.899+0800] GC(54) Archive regions: 0->0
[2024-08-23T15:47:41.899+0800] GC(54) Humongous regions: 230->129
[2024-08-23T15:47:41.899+0800] GC(54) Metaspace: 254K(448K)->254K(448K) NonClass: 246K(320K)->246K(320K) Class: 7K(128K)->7K(128K)
[2024-08-23T15:47:41.899+0800] GC(54) Pause Young (Concurrent Start) (G1 Humongous Allocation) 231M->129M(512M) 0.923ms
[2024-08-23T15:47:41.899+0800] GC(54) User=0.00s Sys=0.00s Real=0.00s
[2024-08-23T15:47:41.899+0800] GC(55) Concurrent Undo Cycle
[2024-08-23T15:47:41.899+0800] GC(55) Concurrent Cleanup for Next Mark
[2024-08-23T15:47:41.899+0800] GC(55) Concurrent Cleanup for Next Mark 0.240ms
[2024-08-23T15:47:41.899+0800] GC(55) Concurrent Undo Cycle 0.290ms
[2024-08-23T15:47:43.964+0800] GC(56) Pause Young (Concurrent Start) (G1 Humongous Allocation)
[2024-08-23T15:47:43.964+0800] GC(56) Using 6 workers of 6 for evacuation
[2024-08-23T15:47:43.965+0800] GC(56)   Pre Evacuate Collection Set: 0.1ms
[2024-08-23T15:47:43.965+0800] GC(56)   Merge Heap Roots: 0.1ms
[2024-08-23T15:47:43.965+0800] GC(56)   Evacuate Collection Set: 0.1ms
[2024-08-23T15:47:43.965+0800] GC(56)   Post Evacuate Collection Set: 0.4ms
[2024-08-23T15:47:43.965+0800] GC(56)   Other: 0.1ms
[2024-08-23T15:47:43.965+0800] GC(56) Eden regions: 1->0(306)
[2024-08-23T15:47:43.965+0800] GC(56) Survivor regions: 1->1(39)
[2024-08-23T15:47:43.965+0800] GC(56) Old regions: 1->1
[2024-08-23T15:47:43.965+0800] GC(56) Archive regions: 0->0
[2024-08-23T15:47:43.965+0800] GC(56) Humongous regions: 230->12
[2024-08-23T15:47:43.965+0800] GC(56) Metaspace: 263K(448K)->263K(448K) NonClass: 255K(320K)->255K(320K) Class: 7K(128K)->7K(128K)
[2024-08-23T15:47:43.965+0800] GC(56) Pause Young (Concurrent Start) (G1 Humongous Allocation) 231M->12M(512M) 0.952ms
[2024-08-23T15:47:43.965+0800] GC(56) User=0.00s Sys=0.00s Real=0.00s
[2024-08-23T15:47:43.965+0800] GC(57) Concurrent Undo Cycle
[2024-08-23T15:47:43.965+0800] GC(57) Concurrent Cleanup for Next Mark
[2024-08-23T15:47:43.965+0800] GC(57) Concurrent Cleanup for Next Mark 0.294ms
[2024-08-23T15:47:43.965+0800] GC(57) Concurrent Undo Cycle 0.350ms
[2024-08-23T15:47:45.060+0800] GC(58) Pause Young (Concurrent Start) (G1 Humongous Allocation)
[2024-08-23T15:47:45.060+0800] GC(58) Using 6 workers of 6 for evacuation
[2024-08-23T15:47:45.061+0800] GC(58)   Pre Evacuate Collection Set: 0.1ms
[2024-08-23T15:47:45.061+0800] GC(58)   Merge Heap Roots: 0.1ms
[2024-08-23T15:47:45.061+0800] GC(58)   Evacuate Collection Set: 0.2ms
[2024-08-23T15:47:45.061+0800] GC(58)   Post Evacuate Collection Set: 0.4ms
[2024-08-23T15:47:45.061+0800] GC(58)   Other: 0.1ms
[2024-08-23T15:47:45.061+0800] GC(58) Eden regions: 1->0(306)
[2024-08-23T15:47:45.061+0800] GC(58) Survivor regions: 1->1(39)
[2024-08-23T15:47:45.061+0800] GC(58) Old regions: 1->1
[2024-08-23T15:47:45.061+0800] GC(58) Archive regions: 0->0
[2024-08-23T15:47:45.061+0800] GC(58) Humongous regions: 229->63
[2024-08-23T15:47:45.061+0800] GC(58) Metaspace: 266K(448K)->266K(448K) NonClass: 259K(320K)->259K(320K) Class: 7K(128K)->7K(128K)
[2024-08-23T15:47:45.061+0800] GC(58) Pause Young (Concurrent Start) (G1 Humongous Allocation) 230M->63M(512M) 0.985ms
[2024-08-23T15:47:45.061+0800] GC(58) User=0.00s Sys=0.00s Real=0.00s
[2024-08-23T15:47:45.061+0800] GC(59) Concurrent Undo Cycle
[2024-08-23T15:47:45.061+0800] GC(59) Concurrent Cleanup for Next Mark
[2024-08-23T15:47:45.061+0800] GC(59) Concurrent Cleanup for Next Mark 0.272ms
[2024-08-23T15:47:45.061+0800] GC(59) Concurrent Undo Cycle 0.328ms
[2024-08-23T15:47:46.045+0800] GC(60) Pause Young (Concurrent Start) (G1 Humongous Allocation)
[2024-08-23T15:47:46.045+0800] GC(60) Using 6 workers of 6 for evacuation
[2024-08-23T15:47:46.045+0800] GC(60)   Pre Evacuate Collection Set: 0.0ms
[2024-08-23T15:47:46.045+0800] GC(60)   Merge Heap Roots: 0.0ms
[2024-08-23T15:47:46.045+0800] GC(60)   Evacuate Collection Set: 0.1ms
[2024-08-23T15:47:46.045+0800] GC(60)   Post Evacuate Collection Set: 0.1ms
[2024-08-23T15:47:46.045+0800] GC(60)   Other: 0.1ms
[2024-08-23T15:47:46.045+0800] GC(60) Eden regions: 1->0(306)
[2024-08-23T15:47:46.045+0800] GC(60) Survivor regions: 1->1(39)
[2024-08-23T15:47:46.045+0800] GC(60) Old regions: 1->1
[2024-08-23T15:47:46.045+0800] GC(60) Archive regions: 0->0
[2024-08-23T15:47:46.045+0800] GC(60) Humongous regions: 187->114
[2024-08-23T15:47:46.045+0800] GC(60) Metaspace: 266K(448K)->266K(448K) NonClass: 259K(320K)->259K(320K) Class: 7K(128K)->7K(128K)
[2024-08-23T15:47:46.046+0800] GC(60) Pause Young (Concurrent Start) (G1 Humongous Allocation) 188M->114M(512M) 0.487ms
[2024-08-23T15:47:46.046+0800] GC(60) User=0.00s Sys=0.00s Real=0.00s
[2024-08-23T15:47:46.046+0800] GC(61) Concurrent Undo Cycle
[2024-08-23T15:47:46.046+0800] GC(61) Concurrent Cleanup for Next Mark
[2024-08-23T15:47:46.046+0800] GC(61) Concurrent Cleanup for Next Mark 0.235ms
[2024-08-23T15:47:46.046+0800] GC(61) Concurrent Undo Cycle 0.299ms
[2024-08-23T15:47:46.479+0800] GC(62) Pause Young (Concurrent Start) (G1 Humongous Allocation)
[2024-08-23T15:47:46.479+0800] GC(62) Using 6 workers of 6 for evacuation
[2024-08-23T15:47:46.479+0800] GC(62)   Pre Evacuate Collection Set: 0.0ms
[2024-08-23T15:47:46.479+0800] GC(62)   Merge Heap Roots: 0.0ms
[2024-08-23T15:47:46.479+0800] GC(62)   Evacuate Collection Set: 0.1ms
[2024-08-23T15:47:46.479+0800] GC(62)   Post Evacuate Collection Set: 0.1ms
[2024-08-23T15:47:46.479+0800] GC(62)   Other: 0.1ms
[2024-08-23T15:47:46.479+0800] GC(62) Eden regions: 1->0(287)
[2024-08-23T15:47:46.479+0800] GC(62) Survivor regions: 1->1(39)
[2024-08-23T15:47:46.479+0800] GC(62) Old regions: 1->1
[2024-08-23T15:47:46.479+0800] GC(62) Archive regions: 0->0
[2024-08-23T15:47:46.479+0800] GC(62) Humongous regions: 225->170
[2024-08-23T15:47:46.479+0800] GC(62) Metaspace: 266K(448K)->266K(448K) NonClass: 259K(320K)->259K(320K) Class: 7K(128K)->7K(128K)
[2024-08-23T15:47:46.480+0800] GC(62) Pause Young (Concurrent Start) (G1 Humongous Allocation) 226M->170M(512M) 0.520ms
[2024-08-23T15:47:46.480+0800] GC(62) User=0.00s Sys=0.00s Real=0.00s
[2024-08-23T15:47:46.480+0800] GC(63) Concurrent Undo Cycle
[2024-08-23T15:47:46.480+0800] GC(63) Concurrent Cleanup for Next Mark
[2024-08-23T15:47:46.480+0800] GC(63) Concurrent Cleanup for Next Mark 0.282ms
[2024-08-23T15:47:46.480+0800] GC(63) Concurrent Undo Cycle 0.354ms
[2024-08-23T15:47:47.461+0800] GC(64) Pause Young (Concurrent Start) (G1 Humongous Allocation)
[2024-08-23T15:47:47.461+0800] GC(64) Using 6 workers of 6 for evacuation
[2024-08-23T15:47:47.462+0800] GC(64)   Pre Evacuate Collection Set: 0.0ms
[2024-08-23T15:47:47.462+0800] GC(64)   Merge Heap Roots: 0.0ms
[2024-08-23T15:47:47.462+0800] GC(64)   Evacuate Collection Set: 0.1ms
[2024-08-23T15:47:47.462+0800] GC(64)   Post Evacuate Collection Set: 0.2ms
[2024-08-23T15:47:47.462+0800] GC(64)   Other: 0.1ms
[2024-08-23T15:47:47.462+0800] GC(64) Eden regions: 1->0(306)
[2024-08-23T15:47:47.462+0800] GC(64) Survivor regions: 1->1(36)
[2024-08-23T15:47:47.462+0800] GC(64) Old regions: 1->1
[2024-08-23T15:47:47.462+0800] GC(64) Archive regions: 0->0
[2024-08-23T15:47:47.462+0800] GC(64) Humongous regions: 194->6
[2024-08-23T15:47:47.462+0800] GC(64) Metaspace: 266K(448K)->266K(448K) NonClass: 259K(320K)->259K(320K) Class: 7K(128K)->7K(128K)
[2024-08-23T15:47:47.462+0800] GC(64) Pause Young (Concurrent Start) (G1 Humongous Allocation) 195M->6M(512M) 0.612ms
[2024-08-23T15:47:47.462+0800] GC(64) User=0.00s Sys=0.00s Real=0.00s
[2024-08-23T15:47:47.462+0800] GC(65) Concurrent Undo Cycle
[2024-08-23T15:47:47.462+0800] GC(65) Concurrent Cleanup for Next Mark
[2024-08-23T15:47:47.462+0800] GC(65) Concurrent Cleanup for Next Mark 0.290ms
[2024-08-23T15:47:47.462+0800] GC(65) Concurrent Undo Cycle 0.382ms
[2024-08-23T15:47:48.773+0800] GC(66) Pause Young (Concurrent Start) (G1 Humongous Allocation)
[2024-08-23T15:47:48.773+0800] GC(66) Using 6 workers of 6 for evacuation
[2024-08-23T15:47:48.774+0800] GC(66)   Pre Evacuate Collection Set: 0.1ms
[2024-08-23T15:47:48.774+0800] GC(66)   Merge Heap Roots: 0.1ms
[2024-08-23T15:47:48.774+0800] GC(66)   Evacuate Collection Set: 0.1ms
[2024-08-23T15:47:48.774+0800] GC(66)   Post Evacuate Collection Set: 0.4ms
[2024-08-23T15:47:48.774+0800] GC(66)   Other: 0.1ms
[2024-08-23T15:47:48.774+0800] GC(66) Eden regions: 1->0(306)
[2024-08-23T15:47:48.774+0800] GC(66) Survivor regions: 1->1(39)
[2024-08-23T15:47:48.774+0800] GC(66) Old regions: 1->1
[2024-08-23T15:47:48.774+0800] GC(66) Archive regions: 0->0
[2024-08-23T15:47:48.774+0800] GC(66) Humongous regions: 190->29
[2024-08-23T15:47:48.774+0800] GC(66) Metaspace: 266K(448K)->266K(448K) NonClass: 259K(320K)->259K(320K) Class: 7K(128K)->7K(128K)
[2024-08-23T15:47:48.774+0800] GC(66) Pause Young (Concurrent Start) (G1 Humongous Allocation) 191M->29M(512M) 0.914ms
[2024-08-23T15:47:48.774+0800] GC(66) User=0.00s Sys=0.00s Real=0.00s
[2024-08-23T15:47:48.774+0800] GC(67) Concurrent Undo Cycle
[2024-08-23T15:47:48.774+0800] GC(67) Concurrent Cleanup for Next Mark
[2024-08-23T15:47:48.774+0800] GC(67) Concurrent Cleanup for Next Mark 0.283ms
[2024-08-23T15:47:48.774+0800] GC(67) Concurrent Undo Cycle 0.351ms
[2024-08-23T15:47:49.864+0800] GC(68) Pause Young (Concurrent Start) (G1 Humongous Allocation)
[2024-08-23T15:47:49.864+0800] GC(68) Using 6 workers of 6 for evacuation
[2024-08-23T15:47:49.864+0800] GC(68)   Pre Evacuate Collection Set: 0.0ms
[2024-08-23T15:47:49.864+0800] GC(68)   Merge Heap Roots: 0.0ms
[2024-08-23T15:47:49.864+0800] GC(68)   Evacuate Collection Set: 0.1ms
[2024-08-23T15:47:49.864+0800] GC(68)   Post Evacuate Collection Set: 0.2ms
[2024-08-23T15:47:49.864+0800] GC(68)   Other: 0.1ms
[2024-08-23T15:47:49.864+0800] GC(68) Eden regions: 1->0(306)
[2024-08-23T15:47:49.864+0800] GC(68) Survivor regions: 1->1(39)
[2024-08-23T15:47:49.864+0800] GC(68) Old regions: 1->1
[2024-08-23T15:47:49.864+0800] GC(68) Archive regions: 0->0
[2024-08-23T15:47:49.864+0800] GC(68) Humongous regions: 221->16
[2024-08-23T15:47:49.864+0800] GC(68) Metaspace: 266K(448K)->266K(448K) NonClass: 259K(320K)->259K(320K) Class: 7K(128K)->7K(128K)
[2024-08-23T15:47:49.864+0800] GC(68) Pause Young (Concurrent Start) (G1 Humongous Allocation) 222M->16M(512M) 0.535ms
[2024-08-23T15:47:49.864+0800] GC(68) User=0.00s Sys=0.00s Real=0.00s
[2024-08-23T15:47:49.864+0800] GC(69) Concurrent Undo Cycle
[2024-08-23T15:47:49.864+0800] GC(69) Concurrent Cleanup for Next Mark
[2024-08-23T15:47:49.864+0800] GC(69) Concurrent Cleanup for Next Mark 0.251ms
[2024-08-23T15:47:49.865+0800] GC(69) Concurrent Undo Cycle 0.331ms
[2024-08-23T15:47:51.284+0800] GC(70) Pause Young (Concurrent Start) (G1 Humongous Allocation)
[2024-08-23T15:47:51.284+0800] GC(70) Using 6 workers of 6 for evacuation
[2024-08-23T15:47:51.284+0800] GC(70)   Pre Evacuate Collection Set: 0.0ms
[2024-08-23T15:47:51.284+0800] GC(70)   Merge Heap Roots: 0.0ms
[2024-08-23T15:47:51.284+0800] GC(70)   Evacuate Collection Set: 0.1ms
[2024-08-23T15:47:51.284+0800] GC(70)   Post Evacuate Collection Set: 0.2ms
[2024-08-23T15:47:51.284+0800] GC(70)   Other: 0.1ms
[2024-08-23T15:47:51.284+0800] GC(70) Eden regions: 1->0(306)
[2024-08-23T15:47:51.284+0800] GC(70) Survivor regions: 1->1(39)
[2024-08-23T15:47:51.284+0800] GC(70) Old regions: 1->1
[2024-08-23T15:47:51.284+0800] GC(70) Archive regions: 0->0
[2024-08-23T15:47:51.284+0800] GC(70) Humongous regions: 221->6
[2024-08-23T15:47:51.284+0800] GC(70) Metaspace: 266K(448K)->266K(448K) NonClass: 259K(320K)->259K(320K) Class: 7K(128K)->7K(128K)
[2024-08-23T15:47:51.284+0800] GC(70) Pause Young (Concurrent Start) (G1 Humongous Allocation) 222M->6M(512M) 0.520ms
[2024-08-23T15:47:51.284+0800] GC(70) User=0.00s Sys=0.00s Real=0.00s
[2024-08-23T15:47:51.284+0800] GC(71) Concurrent Undo Cycle
[2024-08-23T15:47:51.284+0800] GC(71) Concurrent Cleanup for Next Mark
[2024-08-23T15:47:51.284+0800] GC(71) Concurrent Cleanup for Next Mark 0.261ms
[2024-08-23T15:47:51.285+0800] GC(71) Concurrent Undo Cycle 0.355ms
[2024-08-23T15:47:52.484+0800] GC(72) Pause Young (Concurrent Start) (G1 Humongous Allocation)
[2024-08-23T15:47:52.484+0800] GC(72) Using 6 workers of 6 for evacuation
[2024-08-23T15:47:52.484+0800] GC(72)   Pre Evacuate Collection Set: 0.0ms
[2024-08-23T15:47:52.484+0800] GC(72)   Merge Heap Roots: 0.0ms
[2024-08-23T15:47:52.484+0800] GC(72)   Evacuate Collection Set: 0.1ms
[2024-08-23T15:47:52.484+0800] GC(72)   Post Evacuate Collection Set: 0.2ms
[2024-08-23T15:47:52.484+0800] GC(72)   Other: 0.1ms
[2024-08-23T15:47:52.484+0800] GC(72) Eden regions: 1->0(306)
[2024-08-23T15:47:52.484+0800] GC(72) Survivor regions: 1->1(39)
[2024-08-23T15:47:52.484+0800] GC(72) Old regions: 1->1
[2024-08-23T15:47:52.484+0800] GC(72) Archive regions: 0->0
[2024-08-23T15:47:52.484+0800] GC(72) Humongous regions: 229->23
[2024-08-23T15:47:52.484+0800] GC(72) Metaspace: 266K(448K)->266K(448K) NonClass: 259K(320K)->259K(320K) Class: 7K(128K)->7K(128K)
[2024-08-23T15:47:52.484+0800] GC(72) Pause Young (Concurrent Start) (G1 Humongous Allocation) 230M->23M(512M) 0.526ms
[2024-08-23T15:47:52.484+0800] GC(72) User=0.00s Sys=0.00s Real=0.00s
[2024-08-23T15:47:52.484+0800] GC(73) Concurrent Undo Cycle
[2024-08-23T15:47:52.484+0800] GC(73) Concurrent Cleanup for Next Mark
[2024-08-23T15:47:52.484+0800] GC(73) Concurrent Cleanup for Next Mark 0.261ms
[2024-08-23T15:47:52.484+0800] GC(73) Concurrent Undo Cycle 0.329ms
[2024-08-23T15:47:53.250+0800] GC(74) Pause Young (Concurrent Start) (G1 Humongous Allocation)
[2024-08-23T15:47:53.250+0800] GC(74) Using 6 workers of 6 for evacuation
[2024-08-23T15:47:53.250+0800] GC(74)   Pre Evacuate Collection Set: 0.1ms
[2024-08-23T15:47:53.251+0800] GC(74)   Merge Heap Roots: 0.1ms
[2024-08-23T15:47:53.251+0800] GC(74)   Evacuate Collection Set: 0.1ms
[2024-08-23T15:47:53.251+0800] GC(74)   Post Evacuate Collection Set: 0.5ms
[2024-08-23T15:47:53.251+0800] GC(74)   Other: 0.1ms
[2024-08-23T15:47:53.251+0800] GC(74) Eden regions: 1->0(306)
[2024-08-23T15:47:53.251+0800] GC(74) Survivor regions: 1->1(39)
[2024-08-23T15:47:53.251+0800] GC(74) Old regions: 1->1
[2024-08-23T15:47:53.251+0800] GC(74) Archive regions: 0->0
[2024-08-23T15:47:53.251+0800] GC(74) Humongous regions: 230->139
[2024-08-23T15:47:53.251+0800] GC(74) Metaspace: 266K(448K)->266K(448K) NonClass: 259K(320K)->259K(320K) Class: 7K(128K)->7K(128K)
[2024-08-23T15:47:53.251+0800] GC(74) Pause Young (Concurrent Start) (G1 Humongous Allocation) 231M->139M(512M) 0.931ms
[2024-08-23T15:47:53.251+0800] GC(74) User=0.00s Sys=0.00s Real=0.00s
[2024-08-23T15:47:53.251+0800] GC(75) Concurrent Undo Cycle
[2024-08-23T15:47:53.251+0800] GC(75) Concurrent Cleanup for Next Mark
[2024-08-23T15:47:53.251+0800] GC(75) Concurrent Cleanup for Next Mark 0.257ms
[2024-08-23T15:47:53.251+0800] GC(75) Concurrent Undo Cycle 0.306ms
[2024-08-23T15:47:54.443+0800] GC(76) Pause Young (Concurrent Start) (G1 Humongous Allocation)
[2024-08-23T15:47:54.443+0800] GC(76) Using 6 workers of 6 for evacuation
[2024-08-23T15:47:54.443+0800] GC(76)   Pre Evacuate Collection Set: 0.0ms
[2024-08-23T15:47:54.443+0800] GC(76)   Merge Heap Roots: 0.0ms
[2024-08-23T15:47:54.443+0800] GC(76)   Evacuate Collection Set: 0.1ms
[2024-08-23T15:47:54.443+0800] GC(76)   Post Evacuate Collection Set: 0.2ms
[2024-08-23T15:47:54.443+0800] GC(76)   Other: 0.2ms
[2024-08-23T15:47:54.443+0800] GC(76) Eden regions: 1->0(306)
[2024-08-23T15:47:54.443+0800] GC(76) Survivor regions: 1->1(39)
[2024-08-23T15:47:54.443+0800] GC(76) Old regions: 1->1
[2024-08-23T15:47:54.443+0800] GC(76) Archive regions: 0->0
[2024-08-23T15:47:54.443+0800] GC(76) Humongous regions: 222->65
[2024-08-23T15:47:54.443+0800] GC(76) Metaspace: 266K(448K)->266K(448K) NonClass: 259K(320K)->259K(320K) Class: 7K(128K)->7K(128K)
[2024-08-23T15:47:54.443+0800] GC(76) Pause Young (Concurrent Start) (G1 Humongous Allocation) 223M->65M(512M) 0.589ms
[2024-08-23T15:47:54.443+0800] GC(76) User=0.00s Sys=0.00s Real=0.00s
[2024-08-23T15:47:54.443+0800] GC(77) Concurrent Undo Cycle
[2024-08-23T15:47:54.443+0800] GC(77) Concurrent Cleanup for Next Mark
[2024-08-23T15:47:54.443+0800] GC(77) Concurrent Cleanup for Next Mark 0.281ms
[2024-08-23T15:47:54.443+0800] GC(77) Concurrent Undo Cycle 0.375ms
[2024-08-23T15:47:55.856+0800] GC(78) Pause Young (Concurrent Start) (G1 Humongous Allocation)
[2024-08-23T15:47:55.856+0800] GC(78) Using 6 workers of 6 for evacuation
[2024-08-23T15:47:55.857+0800] GC(78)   Pre Evacuate Collection Set: 0.1ms
[2024-08-23T15:47:55.857+0800] GC(78)   Merge Heap Roots: 0.1ms
[2024-08-23T15:47:55.857+0800] GC(78)   Evacuate Collection Set: 0.2ms
[2024-08-23T15:47:55.857+0800] GC(78)   Post Evacuate Collection Set: 0.3ms
[2024-08-23T15:47:55.857+0800] GC(78)   Other: 0.1ms
[2024-08-23T15:47:55.857+0800] GC(78) Eden regions: 1->0(306)
[2024-08-23T15:47:55.857+0800] GC(78) Survivor regions: 1->1(39)
[2024-08-23T15:47:55.857+0800] GC(78) Old regions: 1->1
[2024-08-23T15:47:55.857+0800] GC(78) Archive regions: 0->0
[2024-08-23T15:47:55.857+0800] GC(78) Humongous regions: 183->27
[2024-08-23T15:47:55.857+0800] GC(78) Metaspace: 266K(448K)->266K(448K) NonClass: 259K(320K)->259K(320K) Class: 7K(128K)->7K(128K)
[2024-08-23T15:47:55.857+0800] GC(78) Pause Young (Concurrent Start) (G1 Humongous Allocation) 184M->27M(512M) 0.818ms
[2024-08-23T15:47:55.857+0800] GC(78) User=0.00s Sys=0.00s Real=0.00s
[2024-08-23T15:47:55.857+0800] GC(79) Concurrent Undo Cycle
[2024-08-23T15:47:55.857+0800] GC(79) Concurrent Cleanup for Next Mark
[2024-08-23T15:47:55.857+0800] GC(79) Concurrent Cleanup for Next Mark 0.278ms
[2024-08-23T15:47:55.857+0800] GC(79) Concurrent Undo Cycle 0.333ms
[2024-08-23T15:47:57.060+0800] GC(80) Pause Young (Concurrent Start) (G1 Humongous Allocation)
[2024-08-23T15:47:57.061+0800] GC(80) Using 6 workers of 6 for evacuation
[2024-08-23T15:47:57.061+0800] GC(80)   Pre Evacuate Collection Set: 0.1ms
[2024-08-23T15:47:57.061+0800] GC(80)   Merge Heap Roots: 0.1ms
[2024-08-23T15:47:57.061+0800] GC(80)   Evacuate Collection Set: 0.1ms
[2024-08-23T15:47:57.061+0800] GC(80)   Post Evacuate Collection Set: 0.3ms
[2024-08-23T15:47:57.061+0800] GC(80)   Other: 0.1ms
[2024-08-23T15:47:57.061+0800] GC(80) Eden regions: 1->0(306)
[2024-08-23T15:47:57.061+0800] GC(80) Survivor regions: 1->1(39)
[2024-08-23T15:47:57.061+0800] GC(80) Old regions: 1->1
[2024-08-23T15:47:57.061+0800] GC(80) Archive regions: 0->0
[2024-08-23T15:47:57.061+0800] GC(80) Humongous regions: 230->124
[2024-08-23T15:47:57.061+0800] GC(80) Metaspace: 269K(448K)->269K(448K) NonClass: 261K(320K)->261K(320K) Class: 7K(128K)->7K(128K)
[2024-08-23T15:47:57.061+0800] GC(80) Pause Young (Concurrent Start) (G1 Humongous Allocation) 231M->124M(512M) 0.790ms
[2024-08-23T15:47:57.061+0800] GC(80) User=0.00s Sys=0.00s Real=0.00s
[2024-08-23T15:47:57.061+0800] GC(81) Concurrent Undo Cycle
[2024-08-23T15:47:57.061+0800] GC(81) Concurrent Cleanup for Next Mark
[2024-08-23T15:47:57.061+0800] GC(81) Concurrent Cleanup for Next Mark 0.244ms
[2024-08-23T15:47:57.061+0800] GC(81) Concurrent Undo Cycle 0.315ms
[2024-08-23T15:47:57.391+0800] GC(82) Pause Young (Concurrent Start) (G1 Humongous Allocation)
[2024-08-23T15:47:57.391+0800] GC(82) Using 6 workers of 6 for evacuation
[2024-08-23T15:47:57.391+0800] GC(82)   Pre Evacuate Collection Set: 0.0ms
[2024-08-23T15:47:57.391+0800] GC(82)   Merge Heap Roots: 0.1ms
[2024-08-23T15:47:57.391+0800] GC(82)   Evacuate Collection Set: 0.2ms
[2024-08-23T15:47:57.391+0800] GC(82)   Post Evacuate Collection Set: 0.2ms
[2024-08-23T15:47:57.391+0800] GC(82)   Other: 0.1ms
[2024-08-23T15:47:57.391+0800] GC(82) Eden regions: 1->0(293)
[2024-08-23T15:47:57.391+0800] GC(82) Survivor regions: 1->1(39)
[2024-08-23T15:47:57.391+0800] GC(82) Old regions: 1->1
[2024-08-23T15:47:57.391+0800] GC(82) Archive regions: 0->0
[2024-08-23T15:47:57.391+0800] GC(82) Humongous regions: 207->164
[2024-08-23T15:47:57.391+0800] GC(82) Metaspace: 274K(448K)->274K(448K) NonClass: 266K(320K)->266K(320K) Class: 7K(128K)->7K(128K)
[2024-08-23T15:47:57.391+0800] GC(82) Pause Young (Concurrent Start) (G1 Humongous Allocation) 208M->164M(512M) 0.762ms
[2024-08-23T15:47:57.391+0800] GC(82) User=0.00s Sys=0.00s Real=0.00s
[2024-08-23T15:47:57.391+0800] GC(83) Concurrent Undo Cycle
[2024-08-23T15:47:57.391+0800] GC(83) Concurrent Cleanup for Next Mark
[2024-08-23T15:47:57.391+0800] GC(83) Concurrent Cleanup for Next Mark 0.317ms
[2024-08-23T15:47:57.391+0800] GC(83) Concurrent Undo Cycle 0.408ms
[2024-08-23T15:47:57.500+0800] GC(84) Pause Young (Concurrent Start) (G1 Humongous Allocation)
[2024-08-23T15:47:57.500+0800] GC(84) Using 6 workers of 6 for evacuation
[2024-08-23T15:47:57.501+0800] GC(84)   Pre Evacuate Collection Set: 0.1ms
[2024-08-23T15:47:57.501+0800] GC(84)   Merge Heap Roots: 0.1ms
[2024-08-23T15:47:57.501+0800] GC(84)   Evacuate Collection Set: 0.2ms
[2024-08-23T15:47:57.501+0800] GC(84)   Post Evacuate Collection Set: 0.4ms
[2024-08-23T15:47:57.501+0800] GC(84)   Other: 0.1ms
[2024-08-23T15:47:57.501+0800] GC(84) Eden regions: 1->0(243)
[2024-08-23T15:47:57.501+0800] GC(84) Survivor regions: 1->1(37)
[2024-08-23T15:47:57.501+0800] GC(84) Old regions: 1->1
[2024-08-23T15:47:57.501+0800] GC(84) Archive regions: 0->0
[2024-08-23T15:47:57.501+0800] GC(84) Humongous regions: 265->214
[2024-08-23T15:47:57.501+0800] GC(84) Metaspace: 274K(448K)->274K(448K) NonClass: 266K(320K)->266K(320K) Class: 7K(128K)->7K(128K)
[2024-08-23T15:47:57.501+0800] GC(84) Pause Young (Concurrent Start) (G1 Humongous Allocation) 266M->214M(512M) 0.985ms
[2024-08-23T15:47:57.501+0800] GC(84) User=0.00s Sys=0.00s Real=0.00s
[2024-08-23T15:47:57.501+0800] GC(85) Concurrent Undo Cycle
[2024-08-23T15:47:57.501+0800] GC(85) Concurrent Cleanup for Next Mark
[2024-08-23T15:47:57.501+0800] GC(85) Concurrent Cleanup for Next Mark 0.226ms
[2024-08-23T15:47:57.502+0800] GC(85) Concurrent Undo Cycle 0.283ms
[2024-08-23T15:47:57.935+0800] GC(86) Pause Young (Concurrent Start) (G1 Humongous Allocation)
[2024-08-23T15:47:57.935+0800] GC(86) Using 6 workers of 6 for evacuation
[2024-08-23T15:47:57.935+0800] GC(86)   Pre Evacuate Collection Set: 0.1ms
[2024-08-23T15:47:57.935+0800] GC(86)   Merge Heap Roots: 0.1ms
[2024-08-23T15:47:57.935+0800] GC(86)   Evacuate Collection Set: 0.1ms
[2024-08-23T15:47:57.935+0800] GC(86)   Post Evacuate Collection Set: 0.4ms
[2024-08-23T15:47:57.935+0800] GC(86)   Other: 0.1ms
[2024-08-23T15:47:57.935+0800] GC(86) Eden regions: 1->0(306)
[2024-08-23T15:47:57.935+0800] GC(86) Survivor regions: 1->1(31)
[2024-08-23T15:47:57.935+0800] GC(86) Old regions: 1->1
[2024-08-23T15:47:57.935+0800] GC(86) Archive regions: 0->0
[2024-08-23T15:47:57.935+0800] GC(86) Humongous regions: 230->121
[2024-08-23T15:47:57.935+0800] GC(86) Metaspace: 274K(448K)->274K(448K) NonClass: 266K(320K)->266K(320K) Class: 7K(128K)->7K(128K)
[2024-08-23T15:47:57.935+0800] GC(86) Pause Young (Concurrent Start) (G1 Humongous Allocation) 231M->121M(512M) 0.954ms
[2024-08-23T15:47:57.935+0800] GC(86) User=0.00s Sys=0.00s Real=0.00s
[2024-08-23T15:47:57.935+0800] GC(87) Concurrent Undo Cycle
[2024-08-23T15:47:57.935+0800] GC(87) Concurrent Cleanup for Next Mark
[2024-08-23T15:47:57.935+0800] GC(87) Concurrent Cleanup for Next Mark 0.302ms
[2024-08-23T15:47:57.935+0800] GC(87) Concurrent Undo Cycle 0.410ms
[2024-08-23T15:48:00.122+0800] GC(88) Pause Young (Concurrent Start) (G1 Humongous Allocation)
[2024-08-23T15:48:00.122+0800] GC(88) Using 6 workers of 6 for evacuation
[2024-08-23T15:48:00.122+0800] GC(88)   Pre Evacuate Collection Set: 0.0ms
[2024-08-23T15:48:00.122+0800] GC(88)   Merge Heap Roots: 0.0ms
[2024-08-23T15:48:00.122+0800] GC(88)   Evacuate Collection Set: 0.1ms
[2024-08-23T15:48:00.122+0800] GC(88)   Post Evacuate Collection Set: 0.2ms
[2024-08-23T15:48:00.122+0800] GC(88)   Other: 0.1ms
[2024-08-23T15:48:00.122+0800] GC(88) Eden regions: 1->0(306)
[2024-08-23T15:48:00.122+0800] GC(88) Survivor regions: 1->1(39)
[2024-08-23T15:48:00.122+0800] GC(88) Old regions: 1->1
[2024-08-23T15:48:00.122+0800] GC(88) Archive regions: 0->0
[2024-08-23T15:48:00.122+0800] GC(88) Humongous regions: 228->34
[2024-08-23T15:48:00.122+0800] GC(88) Metaspace: 277K(512K)->277K(512K) NonClass: 269K(384K)->269K(384K) Class: 7K(128K)->7K(128K)
[2024-08-23T15:48:00.122+0800] GC(88) Pause Young (Concurrent Start) (G1 Humongous Allocation) 229M->34M(512M) 0.546ms
[2024-08-23T15:48:00.122+0800] GC(88) User=0.00s Sys=0.00s Real=0.00s
[2024-08-23T15:48:00.122+0800] GC(89) Concurrent Undo Cycle
[2024-08-23T15:48:00.122+0800] GC(89) Concurrent Cleanup for Next Mark
[2024-08-23T15:48:00.122+0800] GC(89) Concurrent Cleanup for Next Mark 0.250ms
[2024-08-23T15:48:00.123+0800] GC(89) Concurrent Undo Cycle 0.321ms
[2024-08-23T15:48:01.210+0800] GC(90) Pause Young (Concurrent Start) (G1 Humongous Allocation)
[2024-08-23T15:48:01.210+0800] GC(90) Using 6 workers of 6 for evacuation
[2024-08-23T15:48:01.210+0800] GC(90)   Pre Evacuate Collection Set: 0.0ms
[2024-08-23T15:48:01.210+0800] GC(90)   Merge Heap Roots: 0.0ms
[2024-08-23T15:48:01.210+0800] GC(90)   Evacuate Collection Set: 0.1ms
[2024-08-23T15:48:01.210+0800] GC(90)   Post Evacuate Collection Set: 0.1ms
[2024-08-23T15:48:01.210+0800] GC(90)   Other: 0.1ms
[2024-08-23T15:48:01.210+0800] GC(90) Eden regions: 1->0(306)
[2024-08-23T15:48:01.210+0800] GC(90) Survivor regions: 1->1(39)
[2024-08-23T15:48:01.210+0800] GC(90) Old regions: 1->1
[2024-08-23T15:48:01.210+0800] GC(90) Archive regions: 0->0
[2024-08-23T15:48:01.210+0800] GC(90) Humongous regions: 226->25
[2024-08-23T15:48:01.210+0800] GC(90) Metaspace: 277K(512K)->277K(512K) NonClass: 269K(384K)->269K(384K) Class: 7K(128K)->7K(128K)
[2024-08-23T15:48:01.210+0800] GC(90) Pause Young (Concurrent Start) (G1 Humongous Allocation) 227M->25M(512M) 0.497ms
[2024-08-23T15:48:01.210+0800] GC(90) User=0.00s Sys=0.00s Real=0.00s
[2024-08-23T15:48:01.210+0800] GC(91) Concurrent Undo Cycle
[2024-08-23T15:48:01.210+0800] GC(91) Concurrent Cleanup for Next Mark
[2024-08-23T15:48:01.210+0800] GC(91) Concurrent Cleanup for Next Mark 0.222ms
[2024-08-23T15:48:01.211+0800] GC(91) Concurrent Undo Cycle 0.280ms
[2024-08-23T15:48:02.083+0800] GC(92) Pause Young (Concurrent Start) (G1 Humongous Allocation)
[2024-08-23T15:48:02.083+0800] GC(92) Using 6 workers of 6 for evacuation
[2024-08-23T15:48:02.084+0800] GC(92)   Pre Evacuate Collection Set: 0.1ms
[2024-08-23T15:48:02.084+0800] GC(92)   Merge Heap Roots: 0.1ms
[2024-08-23T15:48:02.084+0800] GC(92)   Evacuate Collection Set: 0.2ms
[2024-08-23T15:48:02.084+0800] GC(92)   Post Evacuate Collection Set: 0.4ms
[2024-08-23T15:48:02.084+0800] GC(92)   Other: 0.1ms
[2024-08-23T15:48:02.084+0800] GC(92) Eden regions: 1->0(306)
[2024-08-23T15:48:02.084+0800] GC(92) Survivor regions: 1->1(39)
[2024-08-23T15:48:02.084+0800] GC(92) Old regions: 1->1
[2024-08-23T15:48:02.084+0800] GC(92) Archive regions: 0->0
[2024-08-23T15:48:02.084+0800] GC(92) Humongous regions: 230->36
[2024-08-23T15:48:02.084+0800] GC(92) Metaspace: 277K(512K)->277K(512K) NonClass: 269K(384K)->269K(384K) Class: 7K(128K)->7K(128K)
[2024-08-23T15:48:02.084+0800] GC(92) Pause Young (Concurrent Start) (G1 Humongous Allocation) 231M->36M(512M) 0.944ms
[2024-08-23T15:48:02.084+0800] GC(92) User=0.00s Sys=0.00s Real=0.00s
[2024-08-23T15:48:02.084+0800] GC(93) Concurrent Undo Cycle
[2024-08-23T15:48:02.084+0800] GC(93) Concurrent Cleanup for Next Mark
[2024-08-23T15:48:02.084+0800] GC(93) Concurrent Cleanup for Next Mark 0.284ms
[2024-08-23T15:48:02.084+0800] GC(93) Concurrent Undo Cycle 0.344ms
[2024-08-23T15:48:03.391+0800] GC(94) Pause Young (Concurrent Start) (G1 Humongous Allocation)
[2024-08-23T15:48:03.391+0800] GC(94) Using 6 workers of 6 for evacuation
[2024-08-23T15:48:03.391+0800] GC(94)   Pre Evacuate Collection Set: 0.0ms
[2024-08-23T15:48:03.391+0800] GC(94)   Merge Heap Roots: 0.0ms
[2024-08-23T15:48:03.391+0800] GC(94)   Evacuate Collection Set: 0.1ms
[2024-08-23T15:48:03.391+0800] GC(94)   Post Evacuate Collection Set: 0.2ms
[2024-08-23T15:48:03.391+0800] GC(94)   Other: 0.2ms
[2024-08-23T15:48:03.391+0800] GC(94) Eden regions: 1->0(306)
[2024-08-23T15:48:03.391+0800] GC(94) Survivor regions: 1->1(39)
[2024-08-23T15:48:03.391+0800] GC(94) Old regions: 1->1
[2024-08-23T15:48:03.391+0800] GC(94) Archive regions: 0->0
[2024-08-23T15:48:03.391+0800] GC(94) Humongous regions: 230->23
[2024-08-23T15:48:03.391+0800] GC(94) Metaspace: 277K(512K)->277K(512K) NonClass: 269K(384K)->269K(384K) Class: 7K(128K)->7K(128K)
[2024-08-23T15:48:03.391+0800] GC(94) Pause Young (Concurrent Start) (G1 Humongous Allocation) 231M->23M(512M) 0.623ms
[2024-08-23T15:48:03.391+0800] GC(94) User=0.00s Sys=0.00s Real=0.00s
[2024-08-23T15:48:03.391+0800] GC(95) Concurrent Undo Cycle
[2024-08-23T15:48:03.391+0800] GC(95) Concurrent Cleanup for Next Mark
[2024-08-23T15:48:03.392+0800] GC(95) Concurrent Cleanup for Next Mark 0.298ms
[2024-08-23T15:48:03.392+0800] GC(95) Concurrent Undo Cycle 0.366ms
[2024-08-23T15:48:04.482+0800] GC(96) Pause Young (Concurrent Start) (G1 Humongous Allocation)
[2024-08-23T15:48:04.482+0800] GC(96) Using 6 workers of 6 for evacuation
[2024-08-23T15:48:04.482+0800] GC(96)   Pre Evacuate Collection Set: 0.1ms
[2024-08-23T15:48:04.482+0800] GC(96)   Merge Heap Roots: 0.0ms
[2024-08-23T15:48:04.482+0800] GC(96)   Evacuate Collection Set: 0.1ms
[2024-08-23T15:48:04.482+0800] GC(96)   Post Evacuate Collection Set: 0.3ms
[2024-08-23T15:48:04.482+0800] GC(96)   Other: 0.1ms
[2024-08-23T15:48:04.482+0800] GC(96) Eden regions: 1->0(306)
[2024-08-23T15:48:04.482+0800] GC(96) Survivor regions: 1->1(39)
[2024-08-23T15:48:04.482+0800] GC(96) Old regions: 1->1
[2024-08-23T15:48:04.482+0800] GC(96) Archive regions: 0->0
[2024-08-23T15:48:04.482+0800] GC(96) Humongous regions: 153->78
[2024-08-23T15:48:04.482+0800] GC(96) Metaspace: 277K(512K)->277K(512K) NonClass: 269K(384K)->269K(384K) Class: 7K(128K)->7K(128K)
[2024-08-23T15:48:04.482+0800] GC(96) Pause Young (Concurrent Start) (G1 Humongous Allocation) 154M->78M(512M) 0.750ms
[2024-08-23T15:48:04.482+0800] GC(96) User=0.00s Sys=0.00s Real=0.00s
[2024-08-23T15:48:04.482+0800] GC(97) Concurrent Undo Cycle
[2024-08-23T15:48:04.482+0800] GC(97) Concurrent Cleanup for Next Mark
[2024-08-23T15:48:04.482+0800] GC(97) Concurrent Cleanup for Next Mark 0.258ms
[2024-08-23T15:48:04.482+0800] GC(97) Concurrent Undo Cycle 0.327ms
[2024-08-23T15:48:05.572+0800] GC(98) Pause Young (Concurrent Start) (G1 Humongous Allocation)
[2024-08-23T15:48:05.572+0800] GC(98) Using 6 workers of 6 for evacuation
[2024-08-23T15:48:05.572+0800] GC(98)   Pre Evacuate Collection Set: 0.0ms
[2024-08-23T15:48:05.572+0800] GC(98)   Merge Heap Roots: 0.0ms
[2024-08-23T15:48:05.572+0800] GC(98)   Evacuate Collection Set: 0.1ms
[2024-08-23T15:48:05.572+0800] GC(98)   Post Evacuate Collection Set: 0.2ms
[2024-08-23T15:48:05.572+0800] GC(98)   Other: 0.1ms
[2024-08-23T15:48:05.572+0800] GC(98) Eden regions: 1->0(306)
[2024-08-23T15:48:05.572+0800] GC(98) Survivor regions: 1->1(39)
[2024-08-23T15:48:05.572+0800] GC(98) Old regions: 1->1
[2024-08-23T15:48:05.572+0800] GC(98) Archive regions: 0->0
[2024-08-23T15:48:05.572+0800] GC(98) Humongous regions: 230->95
[2024-08-23T15:48:05.572+0800] GC(98) Metaspace: 277K(512K)->277K(512K) NonClass: 269K(384K)->269K(384K) Class: 7K(128K)->7K(128K)
[2024-08-23T15:48:05.572+0800] GC(98) Pause Young (Concurrent Start) (G1 Humongous Allocation) 231M->95M(512M) 0.533ms
[2024-08-23T15:48:05.572+0800] GC(98) User=0.00s Sys=0.00s Real=0.00s
[2024-08-23T15:48:05.572+0800] GC(99) Concurrent Undo Cycle
[2024-08-23T15:48:05.572+0800] GC(99) Concurrent Cleanup for Next Mark
[2024-08-23T15:48:05.573+0800] GC(99) Concurrent Cleanup for Next Mark 0.269ms
[2024-08-23T15:48:05.573+0800] GC(99) Concurrent Undo Cycle 0.347ms
[2024-08-23T15:48:05.901+0800] GC(100) Pause Young (Concurrent Start) (G1 Humongous Allocation)
[2024-08-23T15:48:05.901+0800] GC(100) Using 6 workers of 6 for evacuation
[2024-08-23T15:48:05.902+0800] GC(100)   Pre Evacuate Collection Set: 0.1ms
[2024-08-23T15:48:05.902+0800] GC(100)   Merge Heap Roots: 0.1ms
[2024-08-23T15:48:05.902+0800] GC(100)   Evacuate Collection Set: 0.2ms
[2024-08-23T15:48:05.902+0800] GC(100)   Post Evacuate Collection Set: 0.4ms
[2024-08-23T15:48:05.902+0800] GC(100)   Other: 0.1ms
[2024-08-23T15:48:05.902+0800] GC(100) Eden regions: 1->0(306)
[2024-08-23T15:48:05.902+0800] GC(100) Survivor regions: 1->1(39)
[2024-08-23T15:48:05.902+0800] GC(100) Old regions: 1->1
[2024-08-23T15:48:05.902+0800] GC(100) Archive regions: 0->0
[2024-08-23T15:48:05.902+0800] GC(100) Humongous regions: 178->135
[2024-08-23T15:48:05.902+0800] GC(100) Metaspace: 277K(512K)->277K(512K) NonClass: 269K(384K)->269K(384K) Class: 7K(128K)->7K(128K)
[2024-08-23T15:48:05.902+0800] GC(100) Pause Young (Concurrent Start) (G1 Humongous Allocation) 179M->135M(512M) 0.955ms
[2024-08-23T15:48:05.902+0800] GC(100) User=0.00s Sys=0.00s Real=0.00s
[2024-08-23T15:48:05.902+0800] GC(101) Concurrent Undo Cycle
[2024-08-23T15:48:05.902+0800] GC(101) Concurrent Cleanup for Next Mark
[2024-08-23T15:48:05.902+0800] GC(101) Concurrent Cleanup for Next Mark 0.275ms
[2024-08-23T15:48:05.902+0800] GC(101) Concurrent Undo Cycle 0.350ms
[2024-08-23T15:48:06.557+0800] GC(102) Pause Young (Concurrent Start) (G1 Humongous Allocation)
[2024-08-23T15:48:06.557+0800] GC(102) Using 6 workers of 6 for evacuation
[2024-08-23T15:48:06.557+0800] GC(102)   Pre Evacuate Collection Set: 0.0ms
[2024-08-23T15:48:06.557+0800] GC(102)   Merge Heap Roots: 0.0ms
[2024-08-23T15:48:06.557+0800] GC(102)   Evacuate Collection Set: 0.1ms
[2024-08-23T15:48:06.557+0800] GC(102)   Post Evacuate Collection Set: 0.1ms
[2024-08-23T15:48:06.557+0800] GC(102)   Other: 0.1ms
[2024-08-23T15:48:06.557+0800] GC(102) Eden regions: 1->0(306)
[2024-08-23T15:48:06.557+0800] GC(102) Survivor regions: 1->1(39)
[2024-08-23T15:48:06.557+0800] GC(102) Old regions: 1->1
[2024-08-23T15:48:06.557+0800] GC(102) Archive regions: 0->0
[2024-08-23T15:48:06.557+0800] GC(102) Humongous regions: 236->101
[2024-08-23T15:48:06.557+0800] GC(102) Metaspace: 277K(512K)->277K(512K) NonClass: 269K(384K)->269K(384K) Class: 7K(128K)->7K(128K)
[2024-08-23T15:48:06.557+0800] GC(102) Pause Young (Concurrent Start) (G1 Humongous Allocation) 237M->101M(512M) 0.501ms
[2024-08-23T15:48:06.557+0800] GC(102) User=0.00s Sys=0.00s Real=0.00s
[2024-08-23T15:48:06.557+0800] GC(103) Concurrent Undo Cycle
[2024-08-23T15:48:06.557+0800] GC(103) Concurrent Cleanup for Next Mark
[2024-08-23T15:48:06.558+0800] GC(103) Concurrent Cleanup for Next Mark 0.405ms
[2024-08-23T15:48:06.558+0800] GC(103) Concurrent Undo Cycle 0.473ms
[2024-08-23T15:48:07.320+0800] GC(104) Pause Young (Concurrent Start) (G1 Humongous Allocation)
[2024-08-23T15:48:07.320+0800] GC(104) Using 6 workers of 6 for evacuation
[2024-08-23T15:48:07.320+0800] GC(104)   Pre Evacuate Collection Set: 0.0ms
[2024-08-23T15:48:07.320+0800] GC(104)   Merge Heap Roots: 0.0ms
[2024-08-23T15:48:07.320+0800] GC(104)   Evacuate Collection Set: 0.1ms
[2024-08-23T15:48:07.320+0800] GC(104)   Post Evacuate Collection Set: 0.1ms
[2024-08-23T15:48:07.320+0800] GC(104)   Other: 0.1ms
[2024-08-23T15:48:07.320+0800] GC(104) Eden regions: 1->0(306)
[2024-08-23T15:48:07.320+0800] GC(104) Survivor regions: 1->1(39)
[2024-08-23T15:48:07.320+0800] GC(104) Old regions: 1->1
[2024-08-23T15:48:07.320+0800] GC(104) Archive regions: 0->0
[2024-08-23T15:48:07.320+0800] GC(104) Humongous regions: 213->57
[2024-08-23T15:48:07.320+0800] GC(104) Metaspace: 277K(512K)->277K(512K) NonClass: 269K(384K)->269K(384K) Class: 7K(128K)->7K(128K)
[2024-08-23T15:48:07.320+0800] GC(104) Pause Young (Concurrent Start) (G1 Humongous Allocation) 214M->57M(512M) 0.507ms
[2024-08-23T15:48:07.320+0800] GC(104) User=0.00s Sys=0.00s Real=0.00s
[2024-08-23T15:48:07.320+0800] GC(105) Concurrent Undo Cycle
[2024-08-23T15:48:07.320+0800] GC(105) Concurrent Cleanup for Next Mark
[2024-08-23T15:48:07.320+0800] GC(105) Concurrent Cleanup for Next Mark 0.284ms
[2024-08-23T15:48:07.321+0800] GC(105) Concurrent Undo Cycle 0.367ms
[2024-08-23T15:48:08.520+0800] GC(106) Pause Young (Concurrent Start) (G1 Humongous Allocation)
[2024-08-23T15:48:08.520+0800] GC(106) Using 6 workers of 6 for evacuation
[2024-08-23T15:48:08.520+0800] GC(106)   Pre Evacuate Collection Set: 0.1ms
[2024-08-23T15:48:08.520+0800] GC(106)   Merge Heap Roots: 0.0ms
[2024-08-23T15:48:08.520+0800] GC(106)   Evacuate Collection Set: 0.1ms
[2024-08-23T15:48:08.520+0800] GC(106)   Post Evacuate Collection Set: 0.2ms
[2024-08-23T15:48:08.520+0800] GC(106)   Other: 0.1ms
[2024-08-23T15:48:08.520+0800] GC(106) Eden regions: 1->0(306)
[2024-08-23T15:48:08.520+0800] GC(106) Survivor regions: 1->1(39)
[2024-08-23T15:48:08.520+0800] GC(106) Old regions: 1->1
[2024-08-23T15:48:08.520+0800] GC(106) Archive regions: 0->0
[2024-08-23T15:48:08.520+0800] GC(106) Humongous regions: 220->25
[2024-08-23T15:48:08.520+0800] GC(106) Metaspace: 277K(512K)->277K(512K) NonClass: 269K(384K)->269K(384K) Class: 7K(128K)->7K(128K)
[2024-08-23T15:48:08.520+0800] GC(106) Pause Young (Concurrent Start) (G1 Humongous Allocation) 221M->25M(512M) 0.523ms
[2024-08-23T15:48:08.520+0800] GC(106) User=0.00s Sys=0.00s Real=0.00s
[2024-08-23T15:48:08.520+0800] GC(107) Concurrent Undo Cycle
[2024-08-23T15:48:08.520+0800] GC(107) Concurrent Cleanup for Next Mark
[2024-08-23T15:48:08.521+0800] GC(107) Concurrent Cleanup for Next Mark 0.282ms
[2024-08-23T15:48:08.521+0800] GC(107) Concurrent Undo Cycle 0.370ms
[2024-08-23T15:48:09.503+0800] GC(108) Pause Young (Concurrent Start) (G1 Humongous Allocation)
[2024-08-23T15:48:09.503+0800] GC(108) Using 6 workers of 6 for evacuation
[2024-08-23T15:48:09.503+0800] GC(108)   Pre Evacuate Collection Set: 0.0ms
[2024-08-23T15:48:09.503+0800] GC(108)   Merge Heap Roots: 0.0ms
[2024-08-23T15:48:09.503+0800] GC(108)   Evacuate Collection Set: 0.1ms
[2024-08-23T15:48:09.503+0800] GC(108)   Post Evacuate Collection Set: 0.4ms
[2024-08-23T15:48:09.503+0800] GC(108)   Other: 0.1ms
[2024-08-23T15:48:09.503+0800] GC(108) Eden regions: 1->0(306)
[2024-08-23T15:48:09.503+0800] GC(108) Survivor regions: 1->1(39)
[2024-08-23T15:48:09.503+0800] GC(108) Old regions: 1->1
[2024-08-23T15:48:09.503+0800] GC(108) Archive regions: 0->0
[2024-08-23T15:48:09.503+0800] GC(108) Humongous regions: 226->22
[2024-08-23T15:48:09.503+0800] GC(108) Metaspace: 277K(512K)->277K(512K) NonClass: 269K(384K)->269K(384K) Class: 7K(128K)->7K(128K)
[2024-08-23T15:48:09.503+0800] GC(108) Pause Young (Concurrent Start) (G1 Humongous Allocation) 227M->22M(512M) 0.723ms
[2024-08-23T15:48:09.503+0800] GC(108) User=0.00s Sys=0.00s Real=0.00s
[2024-08-23T15:48:09.503+0800] GC(109) Concurrent Undo Cycle
[2024-08-23T15:48:09.503+0800] GC(109) Concurrent Cleanup for Next Mark
[2024-08-23T15:48:09.504+0800] GC(109) Concurrent Cleanup for Next Mark 0.224ms
[2024-08-23T15:48:09.504+0800] GC(109) Concurrent Undo Cycle 0.280ms
[2024-08-23T15:48:11.577+0800] GC(110) Pause Young (Concurrent Start) (G1 Humongous Allocation)
[2024-08-23T15:48:11.577+0800] GC(110) Using 6 workers of 6 for evacuation
[2024-08-23T15:48:11.578+0800] GC(110)   Pre Evacuate Collection Set: 0.1ms
[2024-08-23T15:48:11.578+0800] GC(110)   Merge Heap Roots: 0.1ms
[2024-08-23T15:48:11.578+0800] GC(110)   Evacuate Collection Set: 0.1ms
[2024-08-23T15:48:11.578+0800] GC(110)   Post Evacuate Collection Set: 0.4ms
[2024-08-23T15:48:11.578+0800] GC(110)   Other: 0.1ms
[2024-08-23T15:48:11.578+0800] GC(110) Eden regions: 1->0(306)
[2024-08-23T15:48:11.578+0800] GC(110) Survivor regions: 1->1(39)
[2024-08-23T15:48:11.578+0800] GC(110) Old regions: 1->1
[2024-08-23T15:48:11.578+0800] GC(110) Archive regions: 0->0
[2024-08-23T15:48:11.578+0800] GC(110) Humongous regions: 177->68
[2024-08-23T15:48:11.578+0800] GC(110) Metaspace: 300K(512K)->300K(512K) NonClass: 292K(384K)->292K(384K) Class: 7K(128K)->7K(128K)
[2024-08-23T15:48:11.578+0800] GC(110) Pause Young (Concurrent Start) (G1 Humongous Allocation) 178M->68M(512M) 0.875ms
[2024-08-23T15:48:11.578+0800] GC(110) User=0.00s Sys=0.00s Real=0.00s
[2024-08-23T15:48:11.578+0800] GC(111) Concurrent Undo Cycle
[2024-08-23T15:48:11.578+0800] GC(111) Concurrent Cleanup for Next Mark
[2024-08-23T15:48:11.578+0800] GC(111) Concurrent Cleanup for Next Mark 0.279ms
[2024-08-23T15:48:11.578+0800] GC(111) Concurrent Undo Cycle 0.350ms
[2024-08-23T15:48:12.670+0800] GC(112) Pause Young (Concurrent Start) (G1 Humongous Allocation)
[2024-08-23T15:48:12.670+0800] GC(112) Using 6 workers of 6 for evacuation
[2024-08-23T15:48:12.670+0800] GC(112)   Pre Evacuate Collection Set: 0.1ms
[2024-08-23T15:48:12.670+0800] GC(112)   Merge Heap Roots: 0.1ms
[2024-08-23T15:48:12.670+0800] GC(112)   Evacuate Collection Set: 0.1ms
[2024-08-23T15:48:12.670+0800] GC(112)   Post Evacuate Collection Set: 0.2ms
[2024-08-23T15:48:12.670+0800] GC(112)   Other: 0.1ms
[2024-08-23T15:48:12.670+0800] GC(112) Eden regions: 1->0(306)
[2024-08-23T15:48:12.670+0800] GC(112) Survivor regions: 1->1(39)
[2024-08-23T15:48:12.670+0800] GC(112) Old regions: 1->1
[2024-08-23T15:48:12.670+0800] GC(112) Archive regions: 0->0
[2024-08-23T15:48:12.670+0800] GC(112) Humongous regions: 220->34
[2024-08-23T15:48:12.670+0800] GC(112) Metaspace: 306K(512K)->306K(512K) NonClass: 299K(384K)->299K(384K) Class: 7K(128K)->7K(128K)
[2024-08-23T15:48:12.670+0800] GC(112) Pause Young (Concurrent Start) (G1 Humongous Allocation) 221M->34M(512M) 0.720ms
[2024-08-23T15:48:12.670+0800] GC(112) User=0.00s Sys=0.00s Real=0.00s
[2024-08-23T15:48:12.670+0800] GC(113) Concurrent Undo Cycle
[2024-08-23T15:48:12.671+0800] GC(113) Concurrent Cleanup for Next Mark
[2024-08-23T15:48:12.671+0800] GC(113) Concurrent Cleanup for Next Mark 0.315ms
[2024-08-23T15:48:12.671+0800] GC(113) Concurrent Undo Cycle 0.424ms
[2024-08-23T15:48:13.432+0800] GC(114) Pause Young (Concurrent Start) (G1 Humongous Allocation)
[2024-08-23T15:48:13.432+0800] GC(114) Using 6 workers of 6 for evacuation
[2024-08-23T15:48:13.433+0800] GC(114)   Pre Evacuate Collection Set: 0.1ms
[2024-08-23T15:48:13.433+0800] GC(114)   Merge Heap Roots: 0.1ms
[2024-08-23T15:48:13.433+0800] GC(114)   Evacuate Collection Set: 0.2ms
[2024-08-23T15:48:13.433+0800] GC(114)   Post Evacuate Collection Set: 0.4ms
[2024-08-23T15:48:13.433+0800] GC(114)   Other: 0.1ms
[2024-08-23T15:48:13.433+0800] GC(114) Eden regions: 1->0(306)
[2024-08-23T15:48:13.433+0800] GC(114) Survivor regions: 1->1(39)
[2024-08-23T15:48:13.433+0800] GC(114) Old regions: 1->1
[2024-08-23T15:48:13.433+0800] GC(114) Archive regions: 0->0
[2024-08-23T15:48:13.433+0800] GC(114) Humongous regions: 228->50
[2024-08-23T15:48:13.433+0800] GC(114) Metaspace: 306K(512K)->306K(512K) NonClass: 299K(384K)->299K(384K) Class: 7K(128K)->7K(128K)
[2024-08-23T15:48:13.433+0800] GC(114) Pause Young (Concurrent Start) (G1 Humongous Allocation) 229M->50M(512M) 0.938ms
[2024-08-23T15:48:13.433+0800] GC(114) User=0.00s Sys=0.00s Real=0.00s
[2024-08-23T15:48:13.433+0800] GC(115) Concurrent Undo Cycle
[2024-08-23T15:48:13.433+0800] GC(115) Concurrent Cleanup for Next Mark
[2024-08-23T15:48:13.433+0800] GC(115) Concurrent Cleanup for Next Mark 0.269ms
[2024-08-23T15:48:13.433+0800] GC(115) Concurrent Undo Cycle 0.329ms
[2024-08-23T15:48:14.412+0800] GC(116) Pause Young (Concurrent Start) (G1 Humongous Allocation)
[2024-08-23T15:48:14.412+0800] GC(116) Using 6 workers of 6 for evacuation
[2024-08-23T15:48:14.413+0800] GC(116)   Pre Evacuate Collection Set: 0.1ms
[2024-08-23T15:48:14.413+0800] GC(116)   Merge Heap Roots: 0.1ms
[2024-08-23T15:48:14.413+0800] GC(116)   Evacuate Collection Set: 0.1ms
[2024-08-23T15:48:14.413+0800] GC(116)   Post Evacuate Collection Set: 0.2ms
[2024-08-23T15:48:14.413+0800] GC(116)   Other: 0.2ms
[2024-08-23T15:48:14.413+0800] GC(116) Eden regions: 1->0(306)
[2024-08-23T15:48:14.413+0800] GC(116) Survivor regions: 1->1(39)
[2024-08-23T15:48:14.413+0800] GC(116) Old regions: 1->1
[2024-08-23T15:48:14.413+0800] GC(116) Archive regions: 0->0
[2024-08-23T15:48:14.413+0800] GC(116) Humongous regions: 134->51
[2024-08-23T15:48:14.413+0800] GC(116) Metaspace: 306K(512K)->306K(512K) NonClass: 299K(384K)->299K(384K) Class: 7K(128K)->7K(128K)
[2024-08-23T15:48:14.413+0800] GC(116) Pause Young (Concurrent Start) (G1 Humongous Allocation) 135M->51M(512M) 0.845ms
[2024-08-23T15:48:14.413+0800] GC(116) User=0.00s Sys=0.00s Real=0.00s
[2024-08-23T15:48:14.413+0800] GC(117) Concurrent Undo Cycle
[2024-08-23T15:48:14.413+0800] GC(117) Concurrent Cleanup for Next Mark
[2024-08-23T15:48:14.413+0800] GC(117) Concurrent Cleanup for Next Mark 0.336ms
[2024-08-23T15:48:14.413+0800] GC(117) Concurrent Undo Cycle 0.440ms
[2024-08-23T15:48:15.615+0800] GC(118) Pause Young (Concurrent Start) (G1 Humongous Allocation)
[2024-08-23T15:48:15.615+0800] GC(118) Using 6 workers of 6 for evacuation
[2024-08-23T15:48:15.616+0800] GC(118)   Pre Evacuate Collection Set: 0.1ms
[2024-08-23T15:48:15.616+0800] GC(118)   Merge Heap Roots: 0.1ms
[2024-08-23T15:48:15.616+0800] GC(118)   Evacuate Collection Set: 0.1ms
[2024-08-23T15:48:15.616+0800] GC(118)   Post Evacuate Collection Set: 0.4ms
[2024-08-23T15:48:15.616+0800] GC(118)   Other: 0.1ms
[2024-08-23T15:48:15.616+0800] GC(118) Eden regions: 1->0(307)
[2024-08-23T15:48:15.616+0800] GC(118) Survivor regions: 1->0(39)
[2024-08-23T15:48:15.616+0800] GC(118) Old regions: 1->1
[2024-08-23T15:48:15.616+0800] GC(118) Archive regions: 0->0
[2024-08-23T15:48:15.616+0800] GC(118) Humongous regions: 214->68
[2024-08-23T15:48:15.616+0800] GC(118) Metaspace: 306K(512K)->306K(512K) NonClass: 299K(384K)->299K(384K) Class: 7K(128K)->7K(128K)
[2024-08-23T15:48:15.616+0800] GC(118) Pause Young (Concurrent Start) (G1 Humongous Allocation) 215M->68M(512M) 0.929ms
[2024-08-23T15:48:15.616+0800] GC(118) User=0.00s Sys=0.00s Real=0.00s
[2024-08-23T15:48:15.616+0800] GC(119) Concurrent Undo Cycle
[2024-08-23T15:48:15.616+0800] GC(119) Concurrent Cleanup for Next Mark
[2024-08-23T15:48:15.616+0800] GC(119) Concurrent Cleanup for Next Mark 0.293ms
[2024-08-23T15:48:15.616+0800] GC(119) Concurrent Undo Cycle 0.363ms
[2024-08-23T15:48:15.835+0800] GC(120) Pause Young (Concurrent Start) (G1 Humongous Allocation)
[2024-08-23T15:48:15.835+0800] GC(120) Using 6 workers of 6 for evacuation
[2024-08-23T15:48:15.836+0800] GC(120)   Pre Evacuate Collection Set: 0.1ms
[2024-08-23T15:48:15.836+0800] GC(120)   Merge Heap Roots: 0.1ms
[2024-08-23T15:48:15.836+0800] GC(120)   Evacuate Collection Set: 0.2ms
[2024-08-23T15:48:15.836+0800] GC(120)   Post Evacuate Collection Set: 0.3ms
[2024-08-23T15:48:15.836+0800] GC(120)   Other: 0.1ms
[2024-08-23T15:48:15.836+0800] GC(120) Eden regions: 1->0(307)
[2024-08-23T15:48:15.836+0800] GC(120) Survivor regions: 0->0(39)
[2024-08-23T15:48:15.836+0800] GC(120) Old regions: 1->1
[2024-08-23T15:48:15.836+0800] GC(120) Archive regions: 0->0
[2024-08-23T15:48:15.836+0800] GC(120) Humongous regions: 140->108
[2024-08-23T15:48:15.836+0800] GC(120) Metaspace: 306K(512K)->306K(512K) NonClass: 299K(384K)->299K(384K) Class: 7K(128K)->7K(128K)
[2024-08-23T15:48:15.836+0800] GC(120) Pause Young (Concurrent Start) (G1 Humongous Allocation) 141M->108M(512M) 0.971ms
[2024-08-23T15:48:15.836+0800] GC(120) User=0.00s Sys=0.00s Real=0.00s
[2024-08-23T15:48:15.836+0800] GC(121) Concurrent Undo Cycle
[2024-08-23T15:48:15.836+0800] GC(121) Concurrent Cleanup for Next Mark
[2024-08-23T15:48:15.837+0800] GC(121) Concurrent Cleanup for Next Mark 0.338ms
[2024-08-23T15:48:15.837+0800] GC(121) Concurrent Undo Cycle 0.413ms
[2024-08-23T15:48:16.382+0800] GC(122) Pause Young (Concurrent Start) (G1 Humongous Allocation)
[2024-08-23T15:48:16.382+0800] GC(122) Using 6 workers of 6 for evacuation
[2024-08-23T15:48:16.382+0800] GC(122)   Pre Evacuate Collection Set: 0.0ms
[2024-08-23T15:48:16.382+0800] GC(122)   Merge Heap Roots: 0.0ms
[2024-08-23T15:48:16.382+0800] GC(122)   Evacuate Collection Set: 0.1ms
[2024-08-23T15:48:16.382+0800] GC(122)   Post Evacuate Collection Set: 0.1ms
[2024-08-23T15:48:16.382+0800] GC(122)   Other: 0.1ms
[2024-08-23T15:48:16.382+0800] GC(122) Eden regions: 1->0(294)
[2024-08-23T15:48:16.382+0800] GC(122) Survivor regions: 0->0(39)
[2024-08-23T15:48:16.382+0800] GC(122) Old regions: 1->1
[2024-08-23T15:48:16.382+0800] GC(122) Archive regions: 0->0
[2024-08-23T15:48:16.382+0800] GC(122) Humongous regions: 225->164
[2024-08-23T15:48:16.382+0800] GC(122) Metaspace: 306K(512K)->306K(512K) NonClass: 299K(384K)->299K(384K) Class: 7K(128K)->7K(128K)
[2024-08-23T15:48:16.382+0800] GC(122) Pause Young (Concurrent Start) (G1 Humongous Allocation) 226M->164M(512M) 0.483ms
[2024-08-23T15:48:16.382+0800] GC(122) User=0.00s Sys=0.00s Real=0.00s
[2024-08-23T15:48:16.382+0800] GC(123) Concurrent Undo Cycle
[2024-08-23T15:48:16.382+0800] GC(123) Concurrent Cleanup for Next Mark
[2024-08-23T15:48:16.382+0800] GC(123) Concurrent Cleanup for Next Mark 0.260ms
[2024-08-23T15:48:16.382+0800] GC(123) Concurrent Undo Cycle 0.345ms
[2024-08-23T15:48:17.037+0800] GC(124) Pause Young (Concurrent Start) (G1 Humongous Allocation)
[2024-08-23T15:48:17.037+0800] GC(124) Using 6 workers of 6 for evacuation
[2024-08-23T15:48:17.037+0800] GC(124)   Pre Evacuate Collection Set: 0.0ms
[2024-08-23T15:48:17.037+0800] GC(124)   Merge Heap Roots: 0.0ms
[2024-08-23T15:48:17.037+0800] GC(124)   Evacuate Collection Set: 0.1ms
[2024-08-23T15:48:17.037+0800] GC(124)   Post Evacuate Collection Set: 0.1ms
[2024-08-23T15:48:17.037+0800] GC(124)   Other: 0.1ms
[2024-08-23T15:48:17.037+0800] GC(124) Eden regions: 1->0(283)
[2024-08-23T15:48:17.037+0800] GC(124) Survivor regions: 0->0(37)
[2024-08-23T15:48:17.037+0800] GC(124) Old regions: 1->1
[2024-08-23T15:48:17.037+0800] GC(124) Archive regions: 0->0
[2024-08-23T15:48:17.038+0800] GC(124) Humongous regions: 210->175
[2024-08-23T15:48:17.038+0800] GC(124) Metaspace: 306K(512K)->306K(512K) NonClass: 299K(384K)->299K(384K) Class: 7K(128K)->7K(128K)
[2024-08-23T15:48:17.038+0800] GC(124) Pause Young (Concurrent Start) (G1 Humongous Allocation) 211M->175M(512M) 0.490ms
[2024-08-23T15:48:17.038+0800] GC(124) User=0.00s Sys=0.00s Real=0.00s
[2024-08-23T15:48:17.038+0800] GC(125) Concurrent Undo Cycle
[2024-08-23T15:48:17.038+0800] GC(125) Concurrent Cleanup for Next Mark
[2024-08-23T15:48:17.038+0800] GC(125) Concurrent Cleanup for Next Mark 0.231ms
[2024-08-23T15:48:17.038+0800] GC(125) Concurrent Undo Cycle 0.299ms
[2024-08-23T15:48:17.148+0800] GC(126) Pause Young (Concurrent Start) (G1 Humongous Allocation)
[2024-08-23T15:48:17.148+0800] GC(126) Using 6 workers of 6 for evacuation
[2024-08-23T15:48:17.148+0800] GC(126)   Pre Evacuate Collection Set: 0.0ms
[2024-08-23T15:48:17.148+0800] GC(126)   Merge Heap Roots: 0.0ms
[2024-08-23T15:48:17.148+0800] GC(126)   Evacuate Collection Set: 0.1ms
[2024-08-23T15:48:17.148+0800] GC(126)   Post Evacuate Collection Set: 0.1ms
[2024-08-23T15:48:17.148+0800] GC(126)   Other: 0.1ms
[2024-08-23T15:48:17.148+0800] GC(126) Eden regions: 1->0(273)
[2024-08-23T15:48:17.148+0800] GC(126) Survivor regions: 0->0(36)
[2024-08-23T15:48:17.148+0800] GC(126) Old regions: 1->1
[2024-08-23T15:48:17.148+0800] GC(126) Archive regions: 0->0
[2024-08-23T15:48:17.148+0800] GC(126) Humongous regions: 196->185
[2024-08-23T15:48:17.148+0800] GC(126) Metaspace: 306K(512K)->306K(512K) NonClass: 299K(384K)->299K(384K) Class: 7K(128K)->7K(128K)
[2024-08-23T15:48:17.148+0800] GC(126) Pause Young (Concurrent Start) (G1 Humongous Allocation) 197M->185M(512M) 0.487ms
[2024-08-23T15:48:17.148+0800] GC(126) User=0.00s Sys=0.00s Real=0.00s
[2024-08-23T15:48:17.148+0800] GC(127) Concurrent Undo Cycle
[2024-08-23T15:48:17.148+0800] GC(127) Concurrent Cleanup for Next Mark
[2024-08-23T15:48:17.148+0800] GC(127) Concurrent Cleanup for Next Mark 0.281ms
[2024-08-23T15:48:17.149+0800] GC(127) Concurrent Undo Cycle 0.362ms
[2024-08-23T15:48:17.258+0800] GC(128) Pause Young (Concurrent Start) (G1 Humongous Allocation)
[2024-08-23T15:48:17.258+0800] GC(128) Using 6 workers of 6 for evacuation
[2024-08-23T15:48:17.258+0800] GC(128)   Pre Evacuate Collection Set: 0.1ms
[2024-08-23T15:48:17.258+0800] GC(128)   Merge Heap Roots: 0.0ms
[2024-08-23T15:48:17.258+0800] GC(128)   Evacuate Collection Set: 0.1ms
[2024-08-23T15:48:17.258+0800] GC(128)   Post Evacuate Collection Set: 0.1ms
[2024-08-23T15:48:17.258+0800] GC(128)   Other: 0.1ms
[2024-08-23T15:48:17.258+0800] GC(128) Eden regions: 1->0(243)
[2024-08-23T15:48:17.258+0800] GC(128) Survivor regions: 0->0(35)
[2024-08-23T15:48:17.258+0800] GC(128) Old regions: 1->1
[2024-08-23T15:48:17.258+0800] GC(128) Archive regions: 0->0
[2024-08-23T15:48:17.258+0800] GC(128) Humongous regions: 236->215
[2024-08-23T15:48:17.258+0800] GC(128) Metaspace: 306K(512K)->306K(512K) NonClass: 299K(384K)->299K(384K) Class: 7K(128K)->7K(128K)
[2024-08-23T15:48:17.258+0800] GC(128) Pause Young (Concurrent Start) (G1 Humongous Allocation) 237M->215M(512M) 0.600ms
[2024-08-23T15:48:17.258+0800] GC(128) User=0.00s Sys=0.00s Real=0.00s
[2024-08-23T15:48:17.258+0800] GC(129) Concurrent Undo Cycle
[2024-08-23T15:48:17.258+0800] GC(129) Concurrent Cleanup for Next Mark
[2024-08-23T15:48:17.258+0800] GC(129) Concurrent Cleanup for Next Mark 0.241ms
[2024-08-23T15:48:17.258+0800] GC(129) Concurrent Undo Cycle 0.309ms
[2024-08-23T15:48:17.366+0800] GC(130) Pause Young (Concurrent Start) (G1 Humongous Allocation)
[2024-08-23T15:48:17.366+0800] GC(130) Using 6 workers of 6 for evacuation
[2024-08-23T15:48:17.366+0800] GC(130)   Pre Evacuate Collection Set: 0.1ms
[2024-08-23T15:48:17.366+0800] GC(130)   Merge Heap Roots: 0.0ms
[2024-08-23T15:48:17.366+0800] GC(130)   Evacuate Collection Set: 0.1ms
[2024-08-23T15:48:17.366+0800] GC(130)   Post Evacuate Collection Set: 0.1ms
[2024-08-23T15:48:17.366+0800] GC(130)   Other: 0.1ms
[2024-08-23T15:48:17.366+0800] GC(130) Eden regions: 1->0(193)
[2024-08-23T15:48:17.366+0800] GC(130) Survivor regions: 0->0(31)
[2024-08-23T15:48:17.366+0800] GC(130) Old regions: 1->1
[2024-08-23T15:48:17.366+0800] GC(130) Archive regions: 0->0
[2024-08-23T15:48:17.366+0800] GC(130) Humongous regions: 316->265
[2024-08-23T15:48:17.366+0800] GC(130) Metaspace: 306K(512K)->306K(512K) NonClass: 299K(384K)->299K(384K) Class: 7K(128K)->7K(128K)
[2024-08-23T15:48:17.366+0800] GC(130) Pause Young (Concurrent Start) (G1 Humongous Allocation) 317M->265M(512M) 0.489ms
[2024-08-23T15:48:17.366+0800] GC(130) User=0.00s Sys=0.00s Real=0.00s
[2024-08-23T15:48:17.366+0800] GC(131) Concurrent Mark Cycle
[2024-08-23T15:48:17.366+0800] GC(131) Concurrent Clear Claimed Marks
[2024-08-23T15:48:17.366+0800] GC(131) Concurrent Clear Claimed Marks 0.010ms
[2024-08-23T15:48:17.366+0800] GC(131) Concurrent Scan Root Regions
[2024-08-23T15:48:17.366+0800] GC(131) Concurrent Scan Root Regions 0.008ms
[2024-08-23T15:48:17.366+0800] GC(131) Concurrent Mark
[2024-08-23T15:48:17.366+0800] GC(131) Concurrent Mark From Roots
[2024-08-23T15:48:17.366+0800] GC(131) Using 2 workers of 2 for marking
[2024-08-23T15:48:17.367+0800] GC(131) Concurrent Mark From Roots 0.856ms
[2024-08-23T15:48:17.367+0800] GC(131) Concurrent Preclean
[2024-08-23T15:48:17.367+0800] GC(131) Concurrent Preclean 0.034ms
[2024-08-23T15:48:17.367+0800] GC(131) Pause Remark
[2024-08-23T15:48:17.367+0800] GC(131) Pause Remark 268M->268M(512M) 0.266ms
[2024-08-23T15:48:17.367+0800] GC(131) User=0.00s Sys=0.00s Real=0.00s
[2024-08-23T15:48:17.367+0800] GC(131) Concurrent Mark 1.270ms
[2024-08-23T15:48:17.367+0800] GC(131) Concurrent Rebuild Remembered Sets
[2024-08-23T15:48:17.367+0800] GC(131) Concurrent Rebuild Remembered Sets 0.423ms
[2024-08-23T15:48:17.369+0800] GC(131) Pause Cleanup
[2024-08-23T15:48:17.369+0800] GC(131) Pause Cleanup 268M->268M(512M) 0.068ms
[2024-08-23T15:48:17.369+0800] GC(131) User=0.00s Sys=0.00s Real=0.00s
[2024-08-23T15:48:17.369+0800] GC(131) Concurrent Cleanup for Next Mark
[2024-08-23T15:48:17.369+0800] GC(131) Concurrent Cleanup for Next Mark 0.204ms
[2024-08-23T15:48:17.369+0800] GC(131) Concurrent Mark Cycle 2.162ms
[2024-08-23T15:48:18.019+0800] GC(132) Pause Young (Concurrent Start) (G1 Humongous Allocation)
[2024-08-23T15:48:18.019+0800] GC(132) Using 6 workers of 6 for evacuation
[2024-08-23T15:48:18.019+0800] GC(132)   Pre Evacuate Collection Set: 0.0ms
[2024-08-23T15:48:18.019+0800] GC(132)   Merge Heap Roots: 0.0ms
[2024-08-23T15:48:18.019+0800] GC(132)   Evacuate Collection Set: 0.1ms
[2024-08-23T15:48:18.019+0800] GC(132)   Post Evacuate Collection Set: 0.3ms
[2024-08-23T15:48:18.019+0800] GC(132)   Other: 0.1ms
[2024-08-23T15:48:18.019+0800] GC(132) Eden regions: 1->0(307)
[2024-08-23T15:48:18.019+0800] GC(132) Survivor regions: 0->0(25)
[2024-08-23T15:48:18.019+0800] GC(132) Old regions: 1->1
[2024-08-23T15:48:18.019+0800] GC(132) Archive regions: 0->0
[2024-08-23T15:48:18.019+0800] GC(132) Humongous regions: 267->2
[2024-08-23T15:48:18.019+0800] GC(132) Metaspace: 306K(512K)->306K(512K) NonClass: 299K(384K)->299K(384K) Class: 7K(128K)->7K(128K)
[2024-08-23T15:48:18.019+0800] GC(132) Pause Young (Concurrent Start) (G1 Humongous Allocation) 268M->2M(512M) 0.713ms
[2024-08-23T15:48:18.019+0800] GC(132) User=0.00s Sys=0.00s Real=0.00s
[2024-08-23T15:48:18.019+0800] GC(133) Concurrent Undo Cycle
[2024-08-23T15:48:18.019+0800] GC(133) Concurrent Cleanup for Next Mark
[2024-08-23T15:48:18.020+0800] GC(133) Concurrent Cleanup for Next Mark 0.281ms
[2024-08-23T15:48:18.020+0800] GC(133) Concurrent Undo Cycle 0.357ms
[2024-08-23T15:48:19.215+0800] GC(134) Pause Young (Concurrent Start) (G1 Humongous Allocation)
[2024-08-23T15:48:19.215+0800] GC(134) Using 6 workers of 6 for evacuation
[2024-08-23T15:48:19.216+0800] GC(134)   Pre Evacuate Collection Set: 0.1ms
[2024-08-23T15:48:19.216+0800] GC(134)   Merge Heap Roots: 0.1ms
[2024-08-23T15:48:19.216+0800] GC(134)   Evacuate Collection Set: 0.2ms
[2024-08-23T15:48:19.216+0800] GC(134)   Post Evacuate Collection Set: 0.3ms
[2024-08-23T15:48:19.216+0800] GC(134)   Other: 0.1ms
[2024-08-23T15:48:19.216+0800] GC(134) Eden regions: 1->0(307)
[2024-08-23T15:48:19.216+0800] GC(134) Survivor regions: 0->0(39)
[2024-08-23T15:48:19.216+0800] GC(134) Old regions: 1->1
[2024-08-23T15:48:19.216+0800] GC(134) Archive regions: 0->0
[2024-08-23T15:48:19.216+0800] GC(134) Humongous regions: 225->14
[2024-08-23T15:48:19.216+0800] GC(134) Metaspace: 306K(512K)->306K(512K) NonClass: 299K(384K)->299K(384K) Class: 7K(128K)->7K(128K)
[2024-08-23T15:48:19.216+0800] GC(134) Pause Young (Concurrent Start) (G1 Humongous Allocation) 226M->14M(512M) 0.901ms
[2024-08-23T15:48:19.216+0800] GC(134) User=0.00s Sys=0.00s Real=0.00s
[2024-08-23T15:48:19.216+0800] GC(135) Concurrent Undo Cycle
[2024-08-23T15:48:19.216+0800] GC(135) Concurrent Cleanup for Next Mark
[2024-08-23T15:48:19.216+0800] GC(135) Concurrent Cleanup for Next Mark 0.217ms
[2024-08-23T15:48:19.216+0800] GC(135) Concurrent Undo Cycle 0.295ms
[2024-08-23T15:48:20.086+0800] GC(136) Pause Young (Concurrent Start) (G1 Humongous Allocation)
[2024-08-23T15:48:20.086+0800] GC(136) Using 6 workers of 6 for evacuation
[2024-08-23T15:48:20.086+0800] GC(136)   Pre Evacuate Collection Set: 0.0ms
[2024-08-23T15:48:20.086+0800] GC(136)   Merge Heap Roots: 0.0ms
[2024-08-23T15:48:20.086+0800] GC(136)   Evacuate Collection Set: 0.1ms
[2024-08-23T15:48:20.086+0800] GC(136)   Post Evacuate Collection Set: 0.1ms
[2024-08-23T15:48:20.086+0800] GC(136)   Other: 0.1ms
[2024-08-23T15:48:20.086+0800] GC(136) Eden regions: 1->0(307)
[2024-08-23T15:48:20.086+0800] GC(136) Survivor regions: 0->0(39)
[2024-08-23T15:48:20.086+0800] GC(136) Old regions: 1->1
[2024-08-23T15:48:20.086+0800] GC(136) Archive regions: 0->0
[2024-08-23T15:48:20.086+0800] GC(136) Humongous regions: 132->70
[2024-08-23T15:48:20.086+0800] GC(136) Metaspace: 306K(512K)->306K(512K) NonClass: 299K(384K)->299K(384K) Class: 7K(128K)->7K(128K)
[2024-08-23T15:48:20.086+0800] GC(136) Pause Young (Concurrent Start) (G1 Humongous Allocation) 133M->70M(512M) 0.538ms
[2024-08-23T15:48:20.086+0800] GC(136) User=0.00s Sys=0.00s Real=0.00s
[2024-08-23T15:48:20.086+0800] GC(137) Concurrent Undo Cycle
[2024-08-23T15:48:20.086+0800] GC(137) Concurrent Cleanup for Next Mark
[2024-08-23T15:48:20.086+0800] GC(137) Concurrent Cleanup for Next Mark 0.244ms
[2024-08-23T15:48:20.086+0800] GC(137) Concurrent Undo Cycle 0.304ms
[2024-08-23T15:48:21.178+0800] GC(138) Pause Young (Concurrent Start) (G1 Humongous Allocation)
[2024-08-23T15:48:21.178+0800] GC(138) Using 6 workers of 6 for evacuation
[2024-08-23T15:48:21.178+0800] GC(138)   Pre Evacuate Collection Set: 0.0ms
[2024-08-23T15:48:21.178+0800] GC(138)   Merge Heap Roots: 0.0ms
[2024-08-23T15:48:21.178+0800] GC(138)   Evacuate Collection Set: 0.1ms
[2024-08-23T15:48:21.178+0800] GC(138)   Post Evacuate Collection Set: 0.2ms
[2024-08-23T15:48:21.178+0800] GC(138)   Other: 0.1ms
[2024-08-23T15:48:21.178+0800] GC(138) Eden regions: 1->0(307)
[2024-08-23T15:48:21.178+0800] GC(138) Survivor regions: 0->0(39)
[2024-08-23T15:48:21.178+0800] GC(138) Old regions: 1->1
[2024-08-23T15:48:21.178+0800] GC(138) Archive regions: 0->0
[2024-08-23T15:48:21.178+0800] GC(138) Humongous regions: 222->36
[2024-08-23T15:48:21.178+0800] GC(138) Metaspace: 306K(512K)->306K(512K) NonClass: 299K(384K)->299K(384K) Class: 7K(128K)->7K(128K)
[2024-08-23T15:48:21.178+0800] GC(138) Pause Young (Concurrent Start) (G1 Humongous Allocation) 223M->36M(512M) 0.505ms
[2024-08-23T15:48:21.178+0800] GC(138) User=0.00s Sys=0.00s Real=0.00s
[2024-08-23T15:48:21.178+0800] GC(139) Concurrent Undo Cycle
[2024-08-23T15:48:21.178+0800] GC(139) Concurrent Cleanup for Next Mark
[2024-08-23T15:48:21.178+0800] GC(139) Concurrent Cleanup for Next Mark 0.237ms
[2024-08-23T15:48:21.178+0800] GC(139) Concurrent Undo Cycle 0.315ms
[2024-08-23T15:48:22.923+0800] GC(140) Pause Young (Concurrent Start) (G1 Humongous Allocation)
[2024-08-23T15:48:22.923+0800] GC(140) Using 6 workers of 6 for evacuation
[2024-08-23T15:48:22.923+0800] GC(140)   Pre Evacuate Collection Set: 0.0ms
[2024-08-23T15:48:22.924+0800] GC(140)   Merge Heap Roots: 0.0ms
[2024-08-23T15:48:22.924+0800] GC(140)   Evacuate Collection Set: 0.1ms
[2024-08-23T15:48:22.924+0800] GC(140)   Post Evacuate Collection Set: 0.2ms
[2024-08-23T15:48:22.924+0800] GC(140)   Other: 0.1ms
[2024-08-23T15:48:22.924+0800] GC(140) Eden regions: 1->0(307)
[2024-08-23T15:48:22.924+0800] GC(140) Survivor regions: 0->0(39)
[2024-08-23T15:48:22.924+0800] GC(140) Old regions: 1->1
[2024-08-23T15:48:22.924+0800] GC(140) Archive regions: 0->0
[2024-08-23T15:48:22.924+0800] GC(140) Humongous regions: 177->78
[2024-08-23T15:48:22.924+0800] GC(140) Metaspace: 306K(512K)->306K(512K) NonClass: 299K(384K)->299K(384K) Class: 7K(128K)->7K(128K)
[2024-08-23T15:48:22.924+0800] GC(140) Pause Young (Concurrent Start) (G1 Humongous Allocation) 178M->78M(512M) 0.529ms
[2024-08-23T15:48:22.924+0800] GC(140) User=0.00s Sys=0.00s Real=0.00s
[2024-08-23T15:48:22.924+0800] GC(141) Concurrent Undo Cycle
[2024-08-23T15:48:22.924+0800] GC(141) Concurrent Cleanup for Next Mark
[2024-08-23T15:48:22.924+0800] GC(141) Concurrent Cleanup for Next Mark 0.349ms
[2024-08-23T15:48:22.924+0800] GC(141) Concurrent Undo Cycle 0.462ms
[2024-08-23T15:48:24.019+0800] GC(142) Pause Young (Concurrent Start) (G1 Humongous Allocation)
[2024-08-23T15:48:24.019+0800] GC(142) Using 6 workers of 6 for evacuation
[2024-08-23T15:48:24.019+0800] GC(142)   Pre Evacuate Collection Set: 0.0ms
[2024-08-23T15:48:24.019+0800] GC(142)   Merge Heap Roots: 0.0ms
[2024-08-23T15:48:24.019+0800] GC(142)   Evacuate Collection Set: 0.1ms
[2024-08-23T15:48:24.019+0800] GC(142)   Post Evacuate Collection Set: 0.2ms
[2024-08-23T15:48:24.019+0800] GC(142)   Other: 0.1ms
[2024-08-23T15:48:24.019+0800] GC(142) Eden regions: 1->0(307)
[2024-08-23T15:48:24.019+0800] GC(142) Survivor regions: 0->0(39)
[2024-08-23T15:48:24.019+0800] GC(142) Old regions: 1->1
[2024-08-23T15:48:24.019+0800] GC(142) Archive regions: 0->0
[2024-08-23T15:48:24.019+0800] GC(142) Humongous regions: 230->44
[2024-08-23T15:48:24.019+0800] GC(142) Metaspace: 306K(512K)->306K(512K) NonClass: 299K(384K)->299K(384K) Class: 7K(128K)->7K(128K)
[2024-08-23T15:48:24.019+0800] GC(142) Pause Young (Concurrent Start) (G1 Humongous Allocation) 231M->44M(512M) 0.582ms
[2024-08-23T15:48:24.019+0800] GC(142) User=0.00s Sys=0.00s Real=0.00s
[2024-08-23T15:48:24.019+0800] GC(143) Concurrent Undo Cycle
[2024-08-23T15:48:24.019+0800] GC(143) Concurrent Cleanup for Next Mark
[2024-08-23T15:48:24.020+0800] GC(143) Concurrent Cleanup for Next Mark 0.233ms
[2024-08-23T15:48:24.020+0800] GC(143) Concurrent Undo Cycle 0.303ms
[2024-08-23T15:48:24.563+0800] GC(144) Pause Young (Concurrent Start) (G1 Humongous Allocation)
[2024-08-23T15:48:24.563+0800] GC(144) Using 6 workers of 6 for evacuation
[2024-08-23T15:48:24.563+0800] GC(144)   Pre Evacuate Collection Set: 0.1ms
[2024-08-23T15:48:24.564+0800] GC(144)   Merge Heap Roots: 0.1ms
[2024-08-23T15:48:24.564+0800] GC(144)   Evacuate Collection Set: 0.2ms
[2024-08-23T15:48:24.564+0800] GC(144)   Post Evacuate Collection Set: 0.4ms
[2024-08-23T15:48:24.564+0800] GC(144)   Other: 0.1ms
[2024-08-23T15:48:24.564+0800] GC(144) Eden regions: 1->0(307)
[2024-08-23T15:48:24.564+0800] GC(144) Survivor regions: 0->0(39)
[2024-08-23T15:48:24.564+0800] GC(144) Old regions: 1->1
[2024-08-23T15:48:24.564+0800] GC(144) Archive regions: 0->0
[2024-08-23T15:48:24.564+0800] GC(144) Humongous regions: 230->86
[2024-08-23T15:48:24.564+0800] GC(144) Metaspace: 306K(512K)->306K(512K) NonClass: 299K(384K)->299K(384K) Class: 7K(128K)->7K(128K)
[2024-08-23T15:48:24.564+0800] GC(144) Pause Young (Concurrent Start) (G1 Humongous Allocation) 231M->86M(512M) 0.943ms
[2024-08-23T15:48:24.564+0800] GC(144) User=0.00s Sys=0.00s Real=0.00s
[2024-08-23T15:48:24.564+0800] GC(145) Concurrent Undo Cycle
[2024-08-23T15:48:24.564+0800] GC(145) Concurrent Cleanup for Next Mark
[2024-08-23T15:48:24.564+0800] GC(145) Concurrent Cleanup for Next Mark 0.210ms
[2024-08-23T15:48:24.564+0800] GC(145) Concurrent Undo Cycle 0.259ms
[2024-08-23T15:48:25.763+0800] GC(146) Pause Young (Concurrent Start) (G1 Humongous Allocation)
[2024-08-23T15:48:25.763+0800] GC(146) Using 6 workers of 6 for evacuation
[2024-08-23T15:48:25.764+0800] GC(146)   Pre Evacuate Collection Set: 0.1ms
[2024-08-23T15:48:25.764+0800] GC(146)   Merge Heap Roots: 0.1ms
[2024-08-23T15:48:25.764+0800] GC(146)   Evacuate Collection Set: 0.1ms
[2024-08-23T15:48:25.764+0800] GC(146)   Post Evacuate Collection Set: 0.5ms
[2024-08-23T15:48:25.764+0800] GC(146)   Other: 0.1ms
[2024-08-23T15:48:25.764+0800] GC(146) Eden regions: 1->0(307)
[2024-08-23T15:48:25.764+0800] GC(146) Survivor regions: 0->0(39)
[2024-08-23T15:48:25.764+0800] GC(146) Old regions: 1->1
[2024-08-23T15:48:25.764+0800] GC(146) Archive regions: 0->0
[2024-08-23T15:48:25.764+0800] GC(146) Humongous regions: 163->51
[2024-08-23T15:48:25.764+0800] GC(146) Metaspace: 306K(512K)->306K(512K) NonClass: 299K(384K)->299K(384K) Class: 7K(128K)->7K(128K)
[2024-08-23T15:48:25.764+0800] GC(146) Pause Young (Concurrent Start) (G1 Humongous Allocation) 164M->51M(512M) 0.965ms
[2024-08-23T15:48:25.764+0800] GC(146) User=0.00s Sys=0.00s Real=0.00s
[2024-08-23T15:48:25.764+0800] GC(147) Concurrent Undo Cycle
[2024-08-23T15:48:25.764+0800] GC(147) Concurrent Cleanup for Next Mark
[2024-08-23T15:48:25.764+0800] GC(147) Concurrent Cleanup for Next Mark 0.321ms
[2024-08-23T15:48:25.764+0800] GC(147) Concurrent Undo Cycle 0.396ms
[2024-08-23T15:48:26.962+0800] GC(148) Pause Young (Concurrent Start) (G1 Humongous Allocation)
[2024-08-23T15:48:26.962+0800] GC(148) Using 6 workers of 6 for evacuation
[2024-08-23T15:48:26.962+0800] GC(148)   Pre Evacuate Collection Set: 0.1ms
[2024-08-23T15:48:26.963+0800] GC(148)   Merge Heap Roots: 0.1ms
[2024-08-23T15:48:26.963+0800] GC(148)   Evacuate Collection Set: 0.1ms
[2024-08-23T15:48:26.963+0800] GC(148)   Post Evacuate Collection Set: 0.4ms
[2024-08-23T15:48:26.963+0800] GC(148)   Other: 0.1ms
[2024-08-23T15:48:26.963+0800] GC(148) Eden regions: 1->0(307)
[2024-08-23T15:48:26.963+0800] GC(148) Survivor regions: 0->0(39)
[2024-08-23T15:48:26.963+0800] GC(148) Old regions: 1->1
[2024-08-23T15:48:26.963+0800] GC(148) Archive regions: 0->0
[2024-08-23T15:48:26.963+0800] GC(148) Humongous regions: 214->118
[2024-08-23T15:48:26.963+0800] GC(148) Metaspace: 307K(512K)->307K(512K) NonClass: 299K(384K)->299K(384K) Class: 7K(128K)->7K(128K)
[2024-08-23T15:48:26.963+0800] GC(148) Pause Young (Concurrent Start) (G1 Humongous Allocation) 215M->118M(512M) 0.875ms
[2024-08-23T15:48:26.963+0800] GC(148) User=0.00s Sys=0.00s Real=0.00s
[2024-08-23T15:48:26.963+0800] GC(149) Concurrent Undo Cycle
[2024-08-23T15:48:26.963+0800] GC(149) Concurrent Cleanup for Next Mark
[2024-08-23T15:48:26.963+0800] GC(149) Concurrent Cleanup for Next Mark 0.287ms
[2024-08-23T15:48:26.963+0800] GC(149) Concurrent Undo Cycle 0.360ms
[2024-08-23T15:48:27.181+0800] GC(150) Pause Young (Concurrent Start) (G1 Humongous Allocation)
[2024-08-23T15:48:27.181+0800] GC(150) Using 6 workers of 6 for evacuation
[2024-08-23T15:48:27.182+0800] GC(150)   Pre Evacuate Collection Set: 0.0ms
[2024-08-23T15:48:27.182+0800] GC(150)   Merge Heap Roots: 0.1ms
[2024-08-23T15:48:27.182+0800] GC(150)   Evacuate Collection Set: 0.1ms
[2024-08-23T15:48:27.182+0800] GC(150)   Post Evacuate Collection Set: 0.2ms
[2024-08-23T15:48:27.182+0800] GC(150)   Other: 0.1ms
[2024-08-23T15:48:27.182+0800] GC(150) Eden regions: 1->0(300)
[2024-08-23T15:48:27.182+0800] GC(150) Survivor regions: 0->0(39)
[2024-08-23T15:48:27.182+0800] GC(150) Old regions: 1->1
[2024-08-23T15:48:27.182+0800] GC(150) Archive regions: 0->0
[2024-08-23T15:48:27.182+0800] GC(150) Humongous regions: 190->158
[2024-08-23T15:48:27.182+0800] GC(150) Metaspace: 307K(512K)->307K(512K) NonClass: 299K(384K)->299K(384K) Class: 7K(128K)->7K(128K)
[2024-08-23T15:48:27.182+0800] GC(150) Pause Young (Concurrent Start) (G1 Humongous Allocation) 191M->158M(512M) 0.649ms
[2024-08-23T15:48:27.182+0800] GC(150) User=0.00s Sys=0.00s Real=0.00s
[2024-08-23T15:48:27.182+0800] GC(151) Concurrent Undo Cycle
[2024-08-23T15:48:27.182+0800] GC(151) Concurrent Cleanup for Next Mark
[2024-08-23T15:48:27.182+0800] GC(151) Concurrent Cleanup for Next Mark 0.230ms
[2024-08-23T15:48:27.182+0800] GC(151) Concurrent Undo Cycle 0.297ms
[2024-08-23T15:48:27.289+0800] GC(152) Pause Young (Concurrent Start) (G1 Humongous Allocation)
[2024-08-23T15:48:27.289+0800] GC(152) Using 6 workers of 6 for evacuation
[2024-08-23T15:48:27.290+0800] GC(152)   Pre Evacuate Collection Set: 0.1ms
[2024-08-23T15:48:27.290+0800] GC(152)   Merge Heap Roots: 0.1ms
[2024-08-23T15:48:27.290+0800] GC(152)   Evacuate Collection Set: 0.1ms
[2024-08-23T15:48:27.290+0800] GC(152)   Post Evacuate Collection Set: 0.4ms
[2024-08-23T15:48:27.290+0800] GC(152)   Other: 0.1ms
[2024-08-23T15:48:27.290+0800] GC(152) Eden regions: 1->0(250)
[2024-08-23T15:48:27.290+0800] GC(152) Survivor regions: 0->0(38)
[2024-08-23T15:48:27.290+0800] GC(152) Old regions: 1->1
[2024-08-23T15:48:27.290+0800] GC(152) Archive regions: 0->0
[2024-08-23T15:48:27.290+0800] GC(152) Humongous regions: 259->208
[2024-08-23T15:48:27.290+0800] GC(152) Metaspace: 307K(512K)->307K(512K) NonClass: 299K(384K)->299K(384K) Class: 7K(128K)->7K(128K)
[2024-08-23T15:48:27.290+0800] GC(152) Pause Young (Concurrent Start) (G1 Humongous Allocation) 260M->208M(512M) 0.879ms
[2024-08-23T15:48:27.290+0800] GC(152) User=0.00s Sys=0.00s Real=0.00s
[2024-08-23T15:48:27.290+0800] GC(153) Concurrent Undo Cycle
[2024-08-23T15:48:27.290+0800] GC(153) Concurrent Cleanup for Next Mark
[2024-08-23T15:48:27.290+0800] GC(153) Concurrent Cleanup for Next Mark 0.258ms
[2024-08-23T15:48:27.290+0800] GC(153) Concurrent Undo Cycle 0.307ms
[2024-08-23T15:48:27.837+0800] GC(154) Pause Young (Concurrent Start) (G1 Humongous Allocation)
[2024-08-23T15:48:27.837+0800] GC(154) Using 6 workers of 6 for evacuation
[2024-08-23T15:48:27.837+0800] GC(154)   Pre Evacuate Collection Set: 0.0ms
[2024-08-23T15:48:27.837+0800] GC(154)   Merge Heap Roots: 0.0ms
[2024-08-23T15:48:27.837+0800] GC(154)   Evacuate Collection Set: 0.1ms
[2024-08-23T15:48:27.837+0800] GC(154)   Post Evacuate Collection Set: 0.1ms
[2024-08-23T15:48:27.837+0800] GC(154)   Other: 0.1ms
[2024-08-23T15:48:27.837+0800] GC(154) Eden regions: 1->0(307)
[2024-08-23T15:48:27.837+0800] GC(154) Survivor regions: 0->0(32)
[2024-08-23T15:48:27.837+0800] GC(154) Old regions: 1->1
[2024-08-23T15:48:27.837+0800] GC(154) Archive regions: 0->0
[2024-08-23T15:48:27.837+0800] GC(154) Humongous regions: 230->115
[2024-08-23T15:48:27.837+0800] GC(154) Metaspace: 307K(512K)->307K(512K) NonClass: 299K(384K)->299K(384K) Class: 7K(128K)->7K(128K)
[2024-08-23T15:48:27.837+0800] GC(154) Pause Young (Concurrent Start) (G1 Humongous Allocation) 231M->115M(512M) 0.502ms
[2024-08-23T15:48:27.837+0800] GC(154) User=0.00s Sys=0.00s Real=0.00s
[2024-08-23T15:48:27.837+0800] GC(155) Concurrent Undo Cycle
[2024-08-23T15:48:27.837+0800] GC(155) Concurrent Cleanup for Next Mark
[2024-08-23T15:48:27.837+0800] GC(155) Concurrent Cleanup for Next Mark 0.227ms
[2024-08-23T15:48:27.837+0800] GC(155) Concurrent Undo Cycle 0.284ms
[2024-08-23T15:48:28.600+0800] GC(156) Pause Young (Concurrent Start) (G1 Humongous Allocation)
[2024-08-23T15:48:28.600+0800] GC(156) Using 6 workers of 6 for evacuation
[2024-08-23T15:48:28.600+0800] GC(156)   Pre Evacuate Collection Set: 0.0ms
[2024-08-23T15:48:28.600+0800] GC(156)   Merge Heap Roots: 0.0ms
[2024-08-23T15:48:28.600+0800] GC(156)   Evacuate Collection Set: 0.1ms
[2024-08-23T15:48:28.600+0800] GC(156)   Post Evacuate Collection Set: 0.1ms
[2024-08-23T15:48:28.600+0800] GC(156)   Other: 0.1ms
[2024-08-23T15:48:28.600+0800] GC(156) Eden regions: 1->0(292)
[2024-08-23T15:48:28.600+0800] GC(156) Survivor regions: 0->0(39)
[2024-08-23T15:48:28.600+0800] GC(156) Old regions: 1->1
[2024-08-23T15:48:28.600+0800] GC(156) Archive regions: 0->0
[2024-08-23T15:48:28.600+0800] GC(156) Humongous regions: 227->166
[2024-08-23T15:48:28.600+0800] GC(156) Metaspace: 307K(512K)->307K(512K) NonClass: 299K(384K)->299K(384K) Class: 7K(128K)->7K(128K)
[2024-08-23T15:48:28.600+0800] GC(156) Pause Young (Concurrent Start) (G1 Humongous Allocation) 228M->166M(512M) 0.522ms
[2024-08-23T15:48:28.600+0800] GC(156) User=0.00s Sys=0.00s Real=0.00s
[2024-08-23T15:48:28.600+0800] GC(157) Concurrent Undo Cycle
[2024-08-23T15:48:28.600+0800] GC(157) Concurrent Cleanup for Next Mark
[2024-08-23T15:48:28.600+0800] GC(157) Concurrent Cleanup for Next Mark 0.218ms
[2024-08-23T15:48:28.600+0800] GC(157) Concurrent Undo Cycle 0.282ms
[2024-08-23T15:48:28.709+0800] GC(158) Pause Young (Concurrent Start) (G1 Humongous Allocation)
[2024-08-23T15:48:28.709+0800] GC(158) Using 6 workers of 6 for evacuation
[2024-08-23T15:48:28.709+0800] GC(158)   Pre Evacuate Collection Set: 0.0ms
[2024-08-23T15:48:28.709+0800] GC(158)   Merge Heap Roots: 0.0ms
[2024-08-23T15:48:28.709+0800] GC(158)   Evacuate Collection Set: 0.1ms
[2024-08-23T15:48:28.709+0800] GC(158)   Post Evacuate Collection Set: 0.1ms
[2024-08-23T15:48:28.709+0800] GC(158)   Other: 0.1ms
[2024-08-23T15:48:28.709+0800] GC(158) Eden regions: 1->0(242)
[2024-08-23T15:48:28.709+0800] GC(158) Survivor regions: 0->0(37)
[2024-08-23T15:48:28.709+0800] GC(158) Old regions: 1->1
[2024-08-23T15:48:28.709+0800] GC(158) Archive regions: 0->0
[2024-08-23T15:48:28.709+0800] GC(158) Humongous regions: 267->216
[2024-08-23T15:48:28.709+0800] GC(158) Metaspace: 307K(512K)->307K(512K) NonClass: 299K(384K)->299K(384K) Class: 7K(128K)->7K(128K)
[2024-08-23T15:48:28.709+0800] GC(158) Pause Young (Concurrent Start) (G1 Humongous Allocation) 268M->216M(512M) 0.467ms
[2024-08-23T15:48:28.709+0800] GC(158) User=0.00s Sys=0.00s Real=0.00s
[2024-08-23T15:48:28.709+0800] GC(159) Concurrent Undo Cycle
[2024-08-23T15:48:28.709+0800] GC(159) Concurrent Cleanup for Next Mark
[2024-08-23T15:48:28.709+0800] GC(159) Concurrent Cleanup for Next Mark 0.196ms
[2024-08-23T15:48:28.709+0800] GC(159) Concurrent Undo Cycle 0.239ms
[2024-08-23T15:48:29.582+0800] GC(160) Pause Young (Concurrent Start) (G1 Humongous Allocation)
[2024-08-23T15:48:29.582+0800] GC(160) Using 6 workers of 6 for evacuation
[2024-08-23T15:48:29.583+0800] GC(160)   Pre Evacuate Collection Set: 0.1ms
[2024-08-23T15:48:29.583+0800] GC(160)   Merge Heap Roots: 0.1ms
[2024-08-23T15:48:29.583+0800] GC(160)   Evacuate Collection Set: 0.2ms
[2024-08-23T15:48:29.583+0800] GC(160)   Post Evacuate Collection Set: 0.6ms
[2024-08-23T15:48:29.583+0800] GC(160)   Other: 0.2ms
[2024-08-23T15:48:29.583+0800] GC(160) Eden regions: 1->0(307)
[2024-08-23T15:48:29.583+0800] GC(160) Survivor regions: 0->0(31)
[2024-08-23T15:48:29.583+0800] GC(160) Old regions: 1->1
[2024-08-23T15:48:29.583+0800] GC(160) Archive regions: 0->0
[2024-08-23T15:48:29.583+0800] GC(160) Humongous regions: 226->6
[2024-08-23T15:48:29.583+0800] GC(160) Metaspace: 307K(512K)->307K(512K) NonClass: 299K(384K)->299K(384K) Class: 7K(128K)->7K(128K)
[2024-08-23T15:48:29.583+0800] GC(160) Pause Young (Concurrent Start) (G1 Humongous Allocation) 227M->6M(512M) 1.360ms
[2024-08-23T15:48:29.583+0800] GC(160) User=0.00s Sys=0.00s Real=0.00s
[2024-08-23T15:48:29.583+0800] GC(161) Concurrent Undo Cycle
[2024-08-23T15:48:29.583+0800] GC(161) Concurrent Cleanup for Next Mark
[2024-08-23T15:48:29.583+0800] GC(161) Concurrent Cleanup for Next Mark 0.263ms
[2024-08-23T15:48:29.583+0800] GC(161) Concurrent Undo Cycle 0.345ms
[2024-08-23T15:48:30.783+0800] GC(162) Pause Young (Concurrent Start) (G1 Humongous Allocation)
[2024-08-23T15:48:30.783+0800] GC(162) Using 6 workers of 6 for evacuation
[2024-08-23T15:48:30.783+0800] GC(162)   Pre Evacuate Collection Set: 0.1ms
[2024-08-23T15:48:30.783+0800] GC(162)   Merge Heap Roots: 0.1ms
[2024-08-23T15:48:30.783+0800] GC(162)   Evacuate Collection Set: 0.1ms
[2024-08-23T15:48:30.783+0800] GC(162)   Post Evacuate Collection Set: 0.4ms
[2024-08-23T15:48:30.784+0800] GC(162)   Other: 0.1ms
[2024-08-23T15:48:30.784+0800] GC(162) Eden regions: 1->0(307)
[2024-08-23T15:48:30.784+0800] GC(162) Survivor regions: 0->0(39)
[2024-08-23T15:48:30.784+0800] GC(162) Old regions: 1->1
[2024-08-23T15:48:30.784+0800] GC(162) Archive regions: 0->0
[2024-08-23T15:48:30.784+0800] GC(162) Humongous regions: 229->23
[2024-08-23T15:48:30.784+0800] GC(162) Metaspace: 307K(512K)->307K(512K) NonClass: 299K(384K)->299K(384K) Class: 7K(128K)->7K(128K)
[2024-08-23T15:48:30.784+0800] GC(162) Pause Young (Concurrent Start) (G1 Humongous Allocation) 230M->23M(512M) 0.858ms
[2024-08-23T15:48:30.784+0800] GC(162) User=0.00s Sys=0.00s Real=0.00s
[2024-08-23T15:48:30.784+0800] GC(163) Concurrent Undo Cycle
[2024-08-23T15:48:30.784+0800] GC(163) Concurrent Cleanup for Next Mark
[2024-08-23T15:48:30.784+0800] GC(163) Concurrent Cleanup for Next Mark 0.287ms
[2024-08-23T15:48:30.784+0800] GC(163) Concurrent Undo Cycle 0.352ms
[2024-08-23T15:48:31.551+0800] GC(164) Pause Young (Concurrent Start) (G1 Humongous Allocation)
[2024-08-23T15:48:31.551+0800] GC(164) Using 6 workers of 6 for evacuation
[2024-08-23T15:48:31.551+0800] GC(164)   Pre Evacuate Collection Set: 0.0ms
[2024-08-23T15:48:31.551+0800] GC(164)   Merge Heap Roots: 0.0ms
[2024-08-23T15:48:31.551+0800] GC(164)   Evacuate Collection Set: 0.1ms
[2024-08-23T15:48:31.551+0800] GC(164)   Post Evacuate Collection Set: 0.1ms
[2024-08-23T15:48:31.551+0800] GC(164)   Other: 0.1ms
[2024-08-23T15:48:31.551+0800] GC(164) Eden regions: 1->0(307)
[2024-08-23T15:48:31.551+0800] GC(164) Survivor regions: 0->0(39)
[2024-08-23T15:48:31.551+0800] GC(164) Old regions: 1->1
[2024-08-23T15:48:31.551+0800] GC(164) Archive regions: 0->0
[2024-08-23T15:48:31.551+0800] GC(164) Humongous regions: 230->129
[2024-08-23T15:48:31.551+0800] GC(164) Metaspace: 307K(512K)->307K(512K) NonClass: 299K(384K)->299K(384K) Class: 7K(128K)->7K(128K)
[2024-08-23T15:48:31.551+0800] GC(164) Pause Young (Concurrent Start) (G1 Humongous Allocation) 231M->129M(512M) 0.495ms
[2024-08-23T15:48:31.551+0800] GC(164) User=0.00s Sys=0.00s Real=0.00s
[2024-08-23T15:48:31.551+0800] GC(165) Concurrent Undo Cycle
[2024-08-23T15:48:31.551+0800] GC(165) Concurrent Cleanup for Next Mark
[2024-08-23T15:48:31.551+0800] GC(165) Concurrent Cleanup for Next Mark 0.207ms
[2024-08-23T15:48:31.551+0800] GC(165) Concurrent Undo Cycle 0.258ms
[2024-08-23T15:48:33.622+0800] GC(166) Pause Young (Concurrent Start) (G1 Humongous Allocation)
[2024-08-23T15:48:33.622+0800] GC(166) Using 6 workers of 6 for evacuation
[2024-08-23T15:48:33.622+0800] GC(166)   Pre Evacuate Collection Set: 0.0ms
[2024-08-23T15:48:33.622+0800] GC(166)   Merge Heap Roots: 0.0ms
[2024-08-23T15:48:33.622+0800] GC(166)   Evacuate Collection Set: 0.1ms
[2024-08-23T15:48:33.622+0800] GC(166)   Post Evacuate Collection Set: 0.2ms
[2024-08-23T15:48:33.622+0800] GC(166)   Other: 0.1ms
[2024-08-23T15:48:33.622+0800] GC(166) Eden regions: 1->0(307)
[2024-08-23T15:48:33.622+0800] GC(166) Survivor regions: 0->0(39)
[2024-08-23T15:48:33.622+0800] GC(166) Old regions: 1->1
[2024-08-23T15:48:33.622+0800] GC(166) Archive regions: 0->0
[2024-08-23T15:48:33.622+0800] GC(166) Humongous regions: 230->12
[2024-08-23T15:48:33.622+0800] GC(166) Metaspace: 307K(512K)->307K(512K) NonClass: 299K(384K)->299K(384K) Class: 7K(128K)->7K(128K)
[2024-08-23T15:48:33.622+0800] GC(166) Pause Young (Concurrent Start) (G1 Humongous Allocation) 231M->12M(512M) 0.695ms
[2024-08-23T15:48:33.622+0800] GC(166) User=0.00s Sys=0.00s Real=0.00s
[2024-08-23T15:48:33.622+0800] GC(167) Concurrent Undo Cycle
[2024-08-23T15:48:33.622+0800] GC(167) Concurrent Cleanup for Next Mark
[2024-08-23T15:48:33.623+0800] GC(167) Concurrent Cleanup for Next Mark 0.292ms
[2024-08-23T15:48:33.623+0800] GC(167) Concurrent Undo Cycle 0.363ms
[2024-08-23T15:48:34.710+0800] GC(168) Pause Young (Concurrent Start) (G1 Humongous Allocation)
[2024-08-23T15:48:34.710+0800] GC(168) Using 6 workers of 6 for evacuation
[2024-08-23T15:48:34.710+0800] GC(168)   Pre Evacuate Collection Set: 0.1ms
[2024-08-23T15:48:34.710+0800] GC(168)   Merge Heap Roots: 0.0ms
[2024-08-23T15:48:34.710+0800] GC(168)   Evacuate Collection Set: 0.1ms
[2024-08-23T15:48:34.710+0800] GC(168)   Post Evacuate Collection Set: 0.2ms
[2024-08-23T15:48:34.710+0800] GC(168)   Other: 0.1ms
[2024-08-23T15:48:34.710+0800] GC(168) Eden regions: 1->0(307)
[2024-08-23T15:48:34.710+0800] GC(168) Survivor regions: 0->0(39)
[2024-08-23T15:48:34.710+0800] GC(168) Old regions: 1->1
[2024-08-23T15:48:34.710+0800] GC(168) Archive regions: 0->0
[2024-08-23T15:48:34.710+0800] GC(168) Humongous regions: 229->63
[2024-08-23T15:48:34.710+0800] GC(168) Metaspace: 307K(512K)->307K(512K) NonClass: 299K(384K)->299K(384K) Class: 7K(128K)->7K(128K)
[2024-08-23T15:48:34.710+0800] GC(168) Pause Young (Concurrent Start) (G1 Humongous Allocation) 230M->63M(512M) 0.527ms
[2024-08-23T15:48:34.710+0800] GC(168) User=0.00s Sys=0.00s Real=0.00s
[2024-08-23T15:48:34.710+0800] GC(169) Concurrent Undo Cycle
[2024-08-23T15:48:34.710+0800] GC(169) Concurrent Cleanup for Next Mark
[2024-08-23T15:48:34.710+0800] GC(169) Concurrent Cleanup for Next Mark 0.231ms
[2024-08-23T15:48:34.710+0800] GC(169) Concurrent Undo Cycle 0.292ms
[2024-08-23T15:48:35.683+0800] GC(170) Pause Young (Concurrent Start) (G1 Humongous Allocation)
[2024-08-23T15:48:35.683+0800] GC(170) Using 6 workers of 6 for evacuation
[2024-08-23T15:48:35.683+0800] GC(170)   Pre Evacuate Collection Set: 0.0ms
[2024-08-23T15:48:35.683+0800] GC(170)   Merge Heap Roots: 0.0ms
[2024-08-23T15:48:35.683+0800] GC(170)   Evacuate Collection Set: 0.1ms
[2024-08-23T15:48:35.683+0800] GC(170)   Post Evacuate Collection Set: 0.1ms
[2024-08-23T15:48:35.683+0800] GC(170)   Other: 0.1ms
[2024-08-23T15:48:35.683+0800] GC(170) Eden regions: 1->0(307)
[2024-08-23T15:48:35.683+0800] GC(170) Survivor regions: 0->0(39)
[2024-08-23T15:48:35.683+0800] GC(170) Old regions: 1->1
[2024-08-23T15:48:35.683+0800] GC(170) Archive regions: 0->0
[2024-08-23T15:48:35.683+0800] GC(170) Humongous regions: 187->114
[2024-08-23T15:48:35.683+0800] GC(170) Metaspace: 307K(512K)->307K(512K) NonClass: 299K(384K)->299K(384K) Class: 7K(128K)->7K(128K)
[2024-08-23T15:48:35.684+0800] GC(170) Pause Young (Concurrent Start) (G1 Humongous Allocation) 188M->114M(512M) 0.501ms
[2024-08-23T15:48:35.684+0800] GC(170) User=0.00s Sys=0.00s Real=0.00s
[2024-08-23T15:48:35.684+0800] GC(171) Concurrent Undo Cycle
[2024-08-23T15:48:35.684+0800] GC(171) Concurrent Cleanup for Next Mark
[2024-08-23T15:48:35.684+0800] GC(171) Concurrent Cleanup for Next Mark 0.227ms
[2024-08-23T15:48:35.684+0800] GC(171) Concurrent Undo Cycle 0.292ms
[2024-08-23T15:48:36.118+0800] GC(172) Pause Young (Concurrent Start) (G1 Humongous Allocation)
[2024-08-23T15:48:36.118+0800] GC(172) Using 6 workers of 6 for evacuation
[2024-08-23T15:48:36.118+0800] GC(172)   Pre Evacuate Collection Set: 0.0ms
[2024-08-23T15:48:36.118+0800] GC(172)   Merge Heap Roots: 0.0ms
[2024-08-23T15:48:36.118+0800] GC(172)   Evacuate Collection Set: 0.1ms
[2024-08-23T15:48:36.118+0800] GC(172)   Post Evacuate Collection Set: 0.2ms
[2024-08-23T15:48:36.119+0800] GC(172)   Other: 0.1ms
[2024-08-23T15:48:36.119+0800] GC(172) Eden regions: 1->0(288)
[2024-08-23T15:48:36.119+0800] GC(172) Survivor regions: 0->0(39)
[2024-08-23T15:48:36.119+0800] GC(172) Old regions: 1->1
[2024-08-23T15:48:36.119+0800] GC(172) Archive regions: 0->0
[2024-08-23T15:48:36.119+0800] GC(172) Humongous regions: 225->170
[2024-08-23T15:48:36.119+0800] GC(172) Metaspace: 307K(512K)->307K(512K) NonClass: 299K(384K)->299K(384K) Class: 7K(128K)->7K(128K)
[2024-08-23T15:48:36.119+0800] GC(172) Pause Young (Concurrent Start) (G1 Humongous Allocation) 226M->170M(512M) 0.560ms
[2024-08-23T15:48:36.119+0800] GC(172) User=0.00s Sys=0.00s Real=0.00s
[2024-08-23T15:48:36.119+0800] GC(173) Concurrent Undo Cycle
[2024-08-23T15:48:36.119+0800] GC(173) Concurrent Cleanup for Next Mark
[2024-08-23T15:48:36.119+0800] GC(173) Concurrent Cleanup for Next Mark 0.441ms
[2024-08-23T15:48:36.119+0800] GC(173) Concurrent Undo Cycle 0.506ms
[2024-08-23T15:48:37.100+0800] GC(174) Pause Young (Concurrent Start) (G1 Humongous Allocation)
[2024-08-23T15:48:37.100+0800] GC(174) Using 6 workers of 6 for evacuation
[2024-08-23T15:48:37.101+0800] GC(174)   Pre Evacuate Collection Set: 0.0ms
[2024-08-23T15:48:37.101+0800] GC(174)   Merge Heap Roots: 0.0ms
[2024-08-23T15:48:37.101+0800] GC(174)   Evacuate Collection Set: 0.1ms
[2024-08-23T15:48:37.101+0800] GC(174)   Post Evacuate Collection Set: 0.2ms
[2024-08-23T15:48:37.101+0800] GC(174)   Other: 0.1ms
[2024-08-23T15:48:37.101+0800] GC(174) Eden regions: 1->0(307)
[2024-08-23T15:48:37.101+0800] GC(174) Survivor regions: 0->0(36)
[2024-08-23T15:48:37.101+0800] GC(174) Old regions: 1->1
[2024-08-23T15:48:37.101+0800] GC(174) Archive regions: 0->0
[2024-08-23T15:48:37.101+0800] GC(174) Humongous regions: 194->6
[2024-08-23T15:48:37.101+0800] GC(174) Metaspace: 307K(512K)->307K(512K) NonClass: 299K(384K)->299K(384K) Class: 7K(128K)->7K(128K)
[2024-08-23T15:48:37.101+0800] GC(174) Pause Young (Concurrent Start) (G1 Humongous Allocation) 195M->6M(512M) 0.700ms
[2024-08-23T15:48:37.101+0800] GC(174) User=0.00s Sys=0.00s Real=0.00s
[2024-08-23T15:48:37.101+0800] GC(175) Concurrent Undo Cycle
[2024-08-23T15:48:37.101+0800] GC(175) Concurrent Cleanup for Next Mark
[2024-08-23T15:48:37.102+0800] GC(175) Concurrent Cleanup for Next Mark 0.412ms
[2024-08-23T15:48:37.102+0800] GC(175) Concurrent Undo Cycle 0.545ms
[2024-08-23T15:48:38.410+0800] GC(176) Pause Young (Concurrent Start) (G1 Humongous Allocation)
[2024-08-23T15:48:38.410+0800] GC(176) Using 6 workers of 6 for evacuation
[2024-08-23T15:48:38.410+0800] GC(176)   Pre Evacuate Collection Set: 0.0ms
[2024-08-23T15:48:38.410+0800] GC(176)   Merge Heap Roots: 0.0ms
[2024-08-23T15:48:38.410+0800] GC(176)   Evacuate Collection Set: 0.1ms
[2024-08-23T15:48:38.410+0800] GC(176)   Post Evacuate Collection Set: 0.2ms
[2024-08-23T15:48:38.410+0800] GC(176)   Other: 0.1ms
[2024-08-23T15:48:38.410+0800] GC(176) Eden regions: 1->0(307)
[2024-08-23T15:48:38.410+0800] GC(176) Survivor regions: 0->0(39)
[2024-08-23T15:48:38.410+0800] GC(176) Old regions: 1->1
[2024-08-23T15:48:38.410+0800] GC(176) Archive regions: 0->0
[2024-08-23T15:48:38.410+0800] GC(176) Humongous regions: 190->29
[2024-08-23T15:48:38.410+0800] GC(176) Metaspace: 307K(512K)->307K(512K) NonClass: 299K(384K)->299K(384K) Class: 7K(128K)->7K(128K)
[2024-08-23T15:48:38.410+0800] GC(176) Pause Young (Concurrent Start) (G1 Humongous Allocation) 191M->29M(512M) 0.589ms
[2024-08-23T15:48:38.410+0800] GC(176) User=0.00s Sys=0.00s Real=0.00s
[2024-08-23T15:48:38.410+0800] GC(177) Concurrent Undo Cycle
[2024-08-23T15:48:38.410+0800] GC(177) Concurrent Cleanup for Next Mark
[2024-08-23T15:48:38.410+0800] GC(177) Concurrent Cleanup for Next Mark 0.282ms
[2024-08-23T15:48:38.410+0800] GC(177) Concurrent Undo Cycle 0.366ms
[2024-08-23T15:48:39.502+0800] GC(178) Pause Young (Concurrent Start) (G1 Humongous Allocation)
[2024-08-23T15:48:39.502+0800] GC(178) Using 6 workers of 6 for evacuation
[2024-08-23T15:48:39.502+0800] GC(178)   Pre Evacuate Collection Set: 0.0ms
[2024-08-23T15:48:39.502+0800] GC(178)   Merge Heap Roots: 0.0ms
[2024-08-23T15:48:39.502+0800] GC(178)   Evacuate Collection Set: 0.1ms
[2024-08-23T15:48:39.502+0800] GC(178)   Post Evacuate Collection Set: 0.2ms
[2024-08-23T15:48:39.502+0800] GC(178)   Other: 0.1ms
[2024-08-23T15:48:39.502+0800] GC(178) Eden regions: 1->0(307)
[2024-08-23T15:48:39.502+0800] GC(178) Survivor regions: 0->0(39)
[2024-08-23T15:48:39.502+0800] GC(178) Old regions: 1->1
[2024-08-23T15:48:39.502+0800] GC(178) Archive regions: 0->0
[2024-08-23T15:48:39.502+0800] GC(178) Humongous regions: 221->16
[2024-08-23T15:48:39.502+0800] GC(178) Metaspace: 307K(512K)->307K(512K) NonClass: 299K(384K)->299K(384K) Class: 7K(128K)->7K(128K)
[2024-08-23T15:48:39.502+0800] GC(178) Pause Young (Concurrent Start) (G1 Humongous Allocation) 222M->16M(512M) 0.539ms
[2024-08-23T15:48:39.502+0800] GC(178) User=0.00s Sys=0.00s Real=0.00s
[2024-08-23T15:48:39.502+0800] GC(179) Concurrent Undo Cycle
[2024-08-23T15:48:39.502+0800] GC(179) Concurrent Cleanup for Next Mark
[2024-08-23T15:48:39.503+0800] GC(179) Concurrent Cleanup for Next Mark 0.414ms
[2024-08-23T15:48:39.503+0800] GC(179) Concurrent Undo Cycle 0.522ms
[2024-08-23T15:48:40.916+0800] GC(180) Pause Young (Concurrent Start) (G1 Humongous Allocation)
[2024-08-23T15:48:40.916+0800] GC(180) Using 6 workers of 6 for evacuation
[2024-08-23T15:48:40.916+0800] GC(180)   Pre Evacuate Collection Set: 0.0ms
[2024-08-23T15:48:40.916+0800] GC(180)   Merge Heap Roots: 0.0ms
[2024-08-23T15:48:40.916+0800] GC(180)   Evacuate Collection Set: 0.1ms
[2024-08-23T15:48:40.916+0800] GC(180)   Post Evacuate Collection Set: 0.2ms
[2024-08-23T15:48:40.916+0800] GC(180)   Other: 0.1ms
[2024-08-23T15:48:40.916+0800] GC(180) Eden regions: 1->0(307)
[2024-08-23T15:48:40.916+0800] GC(180) Survivor regions: 0->0(39)
[2024-08-23T15:48:40.916+0800] GC(180) Old regions: 1->1
[2024-08-23T15:48:40.916+0800] GC(180) Archive regions: 0->0
[2024-08-23T15:48:40.916+0800] GC(180) Humongous regions: 221->6
[2024-08-23T15:48:40.916+0800] GC(180) Metaspace: 307K(512K)->307K(512K) NonClass: 299K(384K)->299K(384K) Class: 7K(128K)->7K(128K)
[2024-08-23T15:48:40.916+0800] GC(180) Pause Young (Concurrent Start) (G1 Humongous Allocation) 222M->6M(512M) 0.516ms
[2024-08-23T15:48:40.916+0800] GC(180) User=0.00s Sys=0.00s Real=0.00s
[2024-08-23T15:48:40.916+0800] GC(181) Concurrent Undo Cycle
[2024-08-23T15:48:40.916+0800] GC(181) Concurrent Cleanup for Next Mark
[2024-08-23T15:48:40.917+0800] GC(181) Concurrent Cleanup for Next Mark 0.237ms
[2024-08-23T15:48:40.917+0800] GC(181) Concurrent Undo Cycle 0.316ms
[2024-08-23T15:48:42.116+0800] GC(182) Pause Young (Concurrent Start) (G1 Humongous Allocation)
[2024-08-23T15:48:42.116+0800] GC(182) Using 6 workers of 6 for evacuation
[2024-08-23T15:48:42.116+0800] GC(182)   Pre Evacuate Collection Set: 0.0ms
[2024-08-23T15:48:42.116+0800] GC(182)   Merge Heap Roots: 0.0ms
[2024-08-23T15:48:42.116+0800] GC(182)   Evacuate Collection Set: 0.1ms
[2024-08-23T15:48:42.116+0800] GC(182)   Post Evacuate Collection Set: 0.1ms
[2024-08-23T15:48:42.116+0800] GC(182)   Other: 0.1ms
[2024-08-23T15:48:42.116+0800] GC(182) Eden regions: 1->0(307)
[2024-08-23T15:48:42.116+0800] GC(182) Survivor regions: 0->0(39)
[2024-08-23T15:48:42.116+0800] GC(182) Old regions: 1->1
[2024-08-23T15:48:42.116+0800] GC(182) Archive regions: 0->0
[2024-08-23T15:48:42.116+0800] GC(182) Humongous regions: 229->23
[2024-08-23T15:48:42.116+0800] GC(182) Metaspace: 307K(512K)->307K(512K) NonClass: 299K(384K)->299K(384K) Class: 7K(128K)->7K(128K)
[2024-08-23T15:48:42.116+0800] GC(182) Pause Young (Concurrent Start) (G1 Humongous Allocation) 230M->23M(512M) 0.504ms
[2024-08-23T15:48:42.116+0800] GC(182) User=0.00s Sys=0.00s Real=0.00s
[2024-08-23T15:48:42.116+0800] GC(183) Concurrent Undo Cycle
[2024-08-23T15:48:42.116+0800] GC(183) Concurrent Cleanup for Next Mark
[2024-08-23T15:48:42.116+0800] GC(183) Concurrent Cleanup for Next Mark 0.210ms
[2024-08-23T15:48:42.116+0800] GC(183) Concurrent Undo Cycle 0.258ms
[2024-08-23T15:48:42.875+0800] GC(184) Pause Young (Concurrent Start) (G1 Humongous Allocation)
[2024-08-23T15:48:42.875+0800] GC(184) Using 6 workers of 6 for evacuation
[2024-08-23T15:48:42.875+0800] GC(184)   Pre Evacuate Collection Set: 0.0ms
[2024-08-23T15:48:42.875+0800] GC(184)   Merge Heap Roots: 0.0ms
[2024-08-23T15:48:42.875+0800] GC(184)   Evacuate Collection Set: 0.1ms
[2024-08-23T15:48:42.875+0800] GC(184)   Post Evacuate Collection Set: 0.1ms
[2024-08-23T15:48:42.875+0800] GC(184)   Other: 0.1ms
[2024-08-23T15:48:42.875+0800] GC(184) Eden regions: 1->0(307)
[2024-08-23T15:48:42.875+0800] GC(184) Survivor regions: 0->0(39)
[2024-08-23T15:48:42.876+0800] GC(184) Old regions: 1->1
[2024-08-23T15:48:42.876+0800] GC(184) Archive regions: 0->0
[2024-08-23T15:48:42.876+0800] GC(184) Humongous regions: 230->139
[2024-08-23T15:48:42.876+0800] GC(184) Metaspace: 307K(512K)->307K(512K) NonClass: 299K(384K)->299K(384K) Class: 7K(128K)->7K(128K)
[2024-08-23T15:48:42.876+0800] GC(184) Pause Young (Concurrent Start) (G1 Humongous Allocation) 231M->139M(512M) 0.543ms
[2024-08-23T15:48:42.876+0800] GC(184) User=0.00s Sys=0.00s Real=0.00s
[2024-08-23T15:48:42.876+0800] GC(185) Concurrent Undo Cycle
[2024-08-23T15:48:42.876+0800] GC(185) Concurrent Cleanup for Next Mark
[2024-08-23T15:48:42.876+0800] GC(185) Concurrent Cleanup for Next Mark 0.207ms
[2024-08-23T15:48:42.876+0800] GC(185) Concurrent Undo Cycle 0.260ms
[2024-08-23T15:48:44.070+0800] GC(186) Pause Young (Concurrent Start) (G1 Humongous Allocation)
[2024-08-23T15:48:44.070+0800] GC(186) Using 6 workers of 6 for evacuation
[2024-08-23T15:48:44.071+0800] GC(186)   Pre Evacuate Collection Set: 0.1ms
[2024-08-23T15:48:44.071+0800] GC(186)   Merge Heap Roots: 0.1ms
[2024-08-23T15:48:44.071+0800] GC(186)   Evacuate Collection Set: 0.1ms
[2024-08-23T15:48:44.071+0800] GC(186)   Post Evacuate Collection Set: 0.2ms
[2024-08-23T15:48:44.071+0800] GC(186)   Other: 0.1ms
[2024-08-23T15:48:44.071+0800] GC(186) Eden regions: 1->0(307)
[2024-08-23T15:48:44.071+0800] GC(186) Survivor regions: 0->0(39)
[2024-08-23T15:48:44.071+0800] GC(186) Old regions: 1->1
[2024-08-23T15:48:44.071+0800] GC(186) Archive regions: 0->0
[2024-08-23T15:48:44.071+0800] GC(186) Humongous regions: 222->65
[2024-08-23T15:48:44.071+0800] GC(186) Metaspace: 307K(512K)->307K(512K) NonClass: 299K(384K)->299K(384K) Class: 7K(128K)->7K(128K)
[2024-08-23T15:48:44.071+0800] GC(186) Pause Young (Concurrent Start) (G1 Humongous Allocation) 223M->65M(512M) 0.626ms
[2024-08-23T15:48:44.071+0800] GC(186) User=0.00s Sys=0.00s Real=0.00s
[2024-08-23T15:48:44.071+0800] GC(187) Concurrent Undo Cycle
[2024-08-23T15:48:44.071+0800] GC(187) Concurrent Cleanup for Next Mark
[2024-08-23T15:48:44.071+0800] GC(187) Concurrent Cleanup for Next Mark 0.268ms
[2024-08-23T15:48:44.071+0800] GC(187) Concurrent Undo Cycle 0.341ms
[2024-08-23T15:48:45.489+0800] GC(188) Pause Young (Concurrent Start) (G1 Humongous Allocation)
[2024-08-23T15:48:45.489+0800] GC(188) Using 6 workers of 6 for evacuation
[2024-08-23T15:48:45.489+0800] GC(188)   Pre Evacuate Collection Set: 0.1ms
[2024-08-23T15:48:45.489+0800] GC(188)   Merge Heap Roots: 0.1ms
[2024-08-23T15:48:45.489+0800] GC(188)   Evacuate Collection Set: 0.1ms
[2024-08-23T15:48:45.489+0800] GC(188)   Post Evacuate Collection Set: 0.2ms
[2024-08-23T15:48:45.489+0800] GC(188)   Other: 0.1ms
[2024-08-23T15:48:45.489+0800] GC(188) Eden regions: 1->0(307)
[2024-08-23T15:48:45.489+0800] GC(188) Survivor regions: 0->0(39)
[2024-08-23T15:48:45.489+0800] GC(188) Old regions: 1->1
[2024-08-23T15:48:45.489+0800] GC(188) Archive regions: 0->0
[2024-08-23T15:48:45.489+0800] GC(188) Humongous regions: 183->27
[2024-08-23T15:48:45.489+0800] GC(188) Metaspace: 307K(512K)->307K(512K) NonClass: 299K(384K)->299K(384K) Class: 7K(128K)->7K(128K)
[2024-08-23T15:48:45.489+0800] GC(188) Pause Young (Concurrent Start) (G1 Humongous Allocation) 184M->27M(512M) 0.584ms
[2024-08-23T15:48:45.489+0800] GC(188) User=0.00s Sys=0.00s Real=0.00s
[2024-08-23T15:48:45.489+0800] GC(189) Concurrent Undo Cycle
[2024-08-23T15:48:45.489+0800] GC(189) Concurrent Cleanup for Next Mark
[2024-08-23T15:48:45.490+0800] GC(189) Concurrent Cleanup for Next Mark 0.292ms
[2024-08-23T15:48:45.490+0800] GC(189) Concurrent Undo Cycle 0.358ms
[2024-08-23T15:48:46.693+0800] GC(190) Pause Young (Concurrent Start) (G1 Humongous Allocation)
[2024-08-23T15:48:46.693+0800] GC(190) Using 6 workers of 6 for evacuation
[2024-08-23T15:48:46.693+0800] GC(190)   Pre Evacuate Collection Set: 0.0ms
[2024-08-23T15:48:46.693+0800] GC(190)   Merge Heap Roots: 0.0ms
[2024-08-23T15:48:46.693+0800] GC(190)   Evacuate Collection Set: 0.1ms
[2024-08-23T15:48:46.693+0800] GC(190)   Post Evacuate Collection Set: 0.1ms
[2024-08-23T15:48:46.693+0800] GC(190)   Other: 0.1ms
[2024-08-23T15:48:46.693+0800] GC(190) Eden regions: 1->0(307)
[2024-08-23T15:48:46.693+0800] GC(190) Survivor regions: 0->0(39)
[2024-08-23T15:48:46.693+0800] GC(190) Old regions: 1->1
[2024-08-23T15:48:46.693+0800] GC(190) Archive regions: 0->0
[2024-08-23T15:48:46.693+0800] GC(190) Humongous regions: 230->124
[2024-08-23T15:48:46.693+0800] GC(190) Metaspace: 307K(512K)->307K(512K) NonClass: 299K(384K)->299K(384K) Class: 7K(128K)->7K(128K)
[2024-08-23T15:48:46.693+0800] GC(190) Pause Young (Concurrent Start) (G1 Humongous Allocation) 231M->124M(512M) 0.522ms
[2024-08-23T15:48:46.693+0800] GC(190) User=0.00s Sys=0.00s Real=0.00s
[2024-08-23T15:48:46.693+0800] GC(191) Concurrent Undo Cycle
[2024-08-23T15:48:46.693+0800] GC(191) Concurrent Cleanup for Next Mark
[2024-08-23T15:48:46.694+0800] GC(191) Concurrent Cleanup for Next Mark 0.329ms
[2024-08-23T15:48:46.694+0800] GC(191) Concurrent Undo Cycle 0.431ms
[2024-08-23T15:48:47.020+0800] GC(192) Pause Young (Concurrent Start) (G1 Humongous Allocation)
[2024-08-23T15:48:47.020+0800] GC(192) Using 6 workers of 6 for evacuation
[2024-08-23T15:48:47.021+0800] GC(192)   Pre Evacuate Collection Set: 0.2ms
[2024-08-23T15:48:47.021+0800] GC(192)   Merge Heap Roots: 0.1ms
[2024-08-23T15:48:47.021+0800] GC(192)   Evacuate Collection Set: 0.1ms
[2024-08-23T15:48:47.021+0800] GC(192)   Post Evacuate Collection Set: 0.4ms
[2024-08-23T15:48:47.021+0800] GC(192)   Other: 0.1ms
[2024-08-23T15:48:47.021+0800] GC(192) Eden regions: 1->0(294)
[2024-08-23T15:48:47.021+0800] GC(192) Survivor regions: 0->0(39)
[2024-08-23T15:48:47.021+0800] GC(192) Old regions: 1->1
[2024-08-23T15:48:47.021+0800] GC(192) Archive regions: 0->0
[2024-08-23T15:48:47.021+0800] GC(192) Humongous regions: 207->164
[2024-08-23T15:48:47.021+0800] GC(192) Metaspace: 307K(512K)->307K(512K) NonClass: 299K(384K)->299K(384K) Class: 7K(128K)->7K(128K)
[2024-08-23T15:48:47.021+0800] GC(192) Pause Young (Concurrent Start) (G1 Humongous Allocation) 208M->164M(512M) 1.015ms
[2024-08-23T15:48:47.021+0800] GC(192) User=0.00s Sys=0.00s Real=0.00s
[2024-08-23T15:48:47.021+0800] GC(193) Concurrent Undo Cycle
[2024-08-23T15:48:47.021+0800] GC(193) Concurrent Cleanup for Next Mark
[2024-08-23T15:48:47.021+0800] GC(193) Concurrent Cleanup for Next Mark 0.262ms
[2024-08-23T15:48:47.021+0800] GC(193) Concurrent Undo Cycle 0.322ms
[2024-08-23T15:48:47.130+0800] GC(194) Pause Young (Concurrent Start) (G1 Humongous Allocation)
[2024-08-23T15:48:47.130+0800] GC(194) Using 6 workers of 6 for evacuation
[2024-08-23T15:48:47.130+0800] GC(194)   Pre Evacuate Collection Set: 0.0ms
[2024-08-23T15:48:47.130+0800] GC(194)   Merge Heap Roots: 0.1ms
[2024-08-23T15:48:47.130+0800] GC(194)   Evacuate Collection Set: 0.1ms
[2024-08-23T15:48:47.130+0800] GC(194)   Post Evacuate Collection Set: 0.2ms
[2024-08-23T15:48:47.130+0800] GC(194)   Other: 0.1ms
[2024-08-23T15:48:47.130+0800] GC(194) Eden regions: 1->0(244)
[2024-08-23T15:48:47.130+0800] GC(194) Survivor regions: 0->0(37)
[2024-08-23T15:48:47.130+0800] GC(194) Old regions: 1->1
[2024-08-23T15:48:47.130+0800] GC(194) Archive regions: 0->0
[2024-08-23T15:48:47.130+0800] GC(194) Humongous regions: 265->214
[2024-08-23T15:48:47.130+0800] GC(194) Metaspace: 307K(512K)->307K(512K) NonClass: 299K(384K)->299K(384K) Class: 7K(128K)->7K(128K)
[2024-08-23T15:48:47.130+0800] GC(194) Pause Young (Concurrent Start) (G1 Humongous Allocation) 266M->214M(512M) 0.587ms
[2024-08-23T15:48:47.130+0800] GC(194) User=0.00s Sys=0.00s Real=0.00s
[2024-08-23T15:48:47.130+0800] GC(195) Concurrent Undo Cycle
[2024-08-23T15:48:47.130+0800] GC(195) Concurrent Cleanup for Next Mark
[2024-08-23T15:48:47.130+0800] GC(195) Concurrent Cleanup for Next Mark 0.188ms
[2024-08-23T15:48:47.130+0800] GC(195) Concurrent Undo Cycle 0.233ms
[2024-08-23T15:48:47.566+0800] GC(196) Pause Young (Concurrent Start) (G1 Humongous Allocation)
[2024-08-23T15:48:47.566+0800] GC(196) Using 6 workers of 6 for evacuation
[2024-08-23T15:48:47.566+0800] GC(196)   Pre Evacuate Collection Set: 0.0ms
[2024-08-23T15:48:47.566+0800] GC(196)   Merge Heap Roots: 0.0ms
[2024-08-23T15:48:47.566+0800] GC(196)   Evacuate Collection Set: 0.1ms
[2024-08-23T15:48:47.566+0800] GC(196)   Post Evacuate Collection Set: 0.1ms
[2024-08-23T15:48:47.566+0800] GC(196)   Other: 0.1ms
[2024-08-23T15:48:47.566+0800] GC(196) Eden regions: 1->0(307)
[2024-08-23T15:48:47.566+0800] GC(196) Survivor regions: 0->0(31)
[2024-08-23T15:48:47.566+0800] GC(196) Old regions: 1->1
[2024-08-23T15:48:47.566+0800] GC(196) Archive regions: 0->0
[2024-08-23T15:48:47.566+0800] GC(196) Humongous regions: 230->121
[2024-08-23T15:48:47.566+0800] GC(196) Metaspace: 307K(512K)->307K(512K) NonClass: 299K(384K)->299K(384K) Class: 7K(128K)->7K(128K)
[2024-08-23T15:48:47.566+0800] GC(196) Pause Young (Concurrent Start) (G1 Humongous Allocation) 231M->121M(512M) 0.495ms
[2024-08-23T15:48:47.567+0800] GC(196) User=0.00s Sys=0.00s Real=0.00s
[2024-08-23T15:48:47.567+0800] GC(197) Concurrent Undo Cycle
[2024-08-23T15:48:47.567+0800] GC(197) Concurrent Cleanup for Next Mark
[2024-08-23T15:48:47.567+0800] GC(197) Concurrent Cleanup for Next Mark 0.239ms
[2024-08-23T15:48:47.567+0800] GC(197) Concurrent Undo Cycle 0.307ms
[2024-08-23T15:48:49.749+0800] GC(198) Pause Young (Concurrent Start) (G1 Humongous Allocation)
[2024-08-23T15:48:49.749+0800] GC(198) Using 6 workers of 6 for evacuation
[2024-08-23T15:48:49.750+0800] GC(198)   Pre Evacuate Collection Set: 0.2ms
[2024-08-23T15:48:49.750+0800] GC(198)   Merge Heap Roots: 0.2ms
[2024-08-23T15:48:49.750+0800] GC(198)   Evacuate Collection Set: 0.2ms
[2024-08-23T15:48:49.750+0800] GC(198)   Post Evacuate Collection Set: 0.2ms
[2024-08-23T15:48:49.750+0800] GC(198)   Other: 0.1ms
[2024-08-23T15:48:49.750+0800] GC(198) Eden regions: 1->0(307)
[2024-08-23T15:48:49.750+0800] GC(198) Survivor regions: 0->0(39)
[2024-08-23T15:48:49.750+0800] GC(198) Old regions: 1->1
[2024-08-23T15:48:49.750+0800] GC(198) Archive regions: 0->0
[2024-08-23T15:48:49.750+0800] GC(198) Humongous regions: 228->34
[2024-08-23T15:48:49.750+0800] GC(198) Metaspace: 307K(512K)->307K(512K) NonClass: 299K(384K)->299K(384K) Class: 7K(128K)->7K(128K)
[2024-08-23T15:48:49.750+0800] GC(198) Pause Young (Concurrent Start) (G1 Humongous Allocation) 229M->34M(512M) 1.004ms
[2024-08-23T15:48:49.750+0800] GC(198) User=0.00s Sys=0.00s Real=0.00s
[2024-08-23T15:48:49.750+0800] GC(199) Concurrent Undo Cycle
[2024-08-23T15:48:49.750+0800] GC(199) Concurrent Cleanup for Next Mark
[2024-08-23T15:48:49.750+0800] GC(199) Concurrent Cleanup for Next Mark 0.250ms
[2024-08-23T15:48:49.750+0800] GC(199) Concurrent Undo Cycle 0.309ms
[2024-08-23T15:48:50.841+0800] GC(200) Pause Young (Concurrent Start) (G1 Humongous Allocation)
[2024-08-23T15:48:50.841+0800] GC(200) Using 6 workers of 6 for evacuation
[2024-08-23T15:48:50.841+0800] GC(200)   Pre Evacuate Collection Set: 0.1ms
[2024-08-23T15:48:50.841+0800] GC(200)   Merge Heap Roots: 0.1ms
[2024-08-23T15:48:50.841+0800] GC(200)   Evacuate Collection Set: 0.1ms
[2024-08-23T15:48:50.842+0800] GC(200)   Post Evacuate Collection Set: 0.4ms
[2024-08-23T15:48:50.842+0800] GC(200)   Other: 0.1ms
[2024-08-23T15:48:50.842+0800] GC(200) Eden regions: 1->0(307)
[2024-08-23T15:48:50.842+0800] GC(200) Survivor regions: 0->0(39)
[2024-08-23T15:48:50.842+0800] GC(200) Old regions: 1->1
[2024-08-23T15:48:50.842+0800] GC(200) Archive regions: 0->0
[2024-08-23T15:48:50.842+0800] GC(200) Humongous regions: 226->25
[2024-08-23T15:48:50.842+0800] GC(200) Metaspace: 307K(512K)->307K(512K) NonClass: 299K(384K)->299K(384K) Class: 7K(128K)->7K(128K)
[2024-08-23T15:48:50.842+0800] GC(200) Pause Young (Concurrent Start) (G1 Humongous Allocation) 227M->25M(512M) 0.917ms
[2024-08-23T15:48:50.842+0800] GC(200) User=0.00s Sys=0.00s Real=0.00s
[2024-08-23T15:48:50.842+0800] GC(201) Concurrent Undo Cycle
[2024-08-23T15:48:50.842+0800] GC(201) Concurrent Cleanup for Next Mark
[2024-08-23T15:48:50.842+0800] GC(201) Concurrent Cleanup for Next Mark 0.243ms
[2024-08-23T15:48:50.842+0800] GC(201) Concurrent Undo Cycle 0.310ms
[2024-08-23T15:48:51.712+0800] GC(202) Pause Young (Concurrent Start) (G1 Humongous Allocation)
[2024-08-23T15:48:51.712+0800] GC(202) Using 6 workers of 6 for evacuation
[2024-08-23T15:48:51.713+0800] GC(202)   Pre Evacuate Collection Set: 0.1ms
[2024-08-23T15:48:51.713+0800] GC(202)   Merge Heap Roots: 0.1ms
[2024-08-23T15:48:51.713+0800] GC(202)   Evacuate Collection Set: 0.1ms
[2024-08-23T15:48:51.713+0800] GC(202)   Post Evacuate Collection Set: 0.4ms
[2024-08-23T15:48:51.713+0800] GC(202)   Other: 0.1ms
[2024-08-23T15:48:51.713+0800] GC(202) Eden regions: 1->0(307)
[2024-08-23T15:48:51.713+0800] GC(202) Survivor regions: 0->0(39)
[2024-08-23T15:48:51.713+0800] GC(202) Old regions: 1->1
[2024-08-23T15:48:51.713+0800] GC(202) Archive regions: 0->0
[2024-08-23T15:48:51.713+0800] GC(202) Humongous regions: 230->36
[2024-08-23T15:48:51.713+0800] GC(202) Metaspace: 307K(512K)->307K(512K) NonClass: 299K(384K)->299K(384K) Class: 7K(128K)->7K(128K)
[2024-08-23T15:48:51.713+0800] GC(202) Pause Young (Concurrent Start) (G1 Humongous Allocation) 231M->36M(512M) 0.871ms
[2024-08-23T15:48:51.713+0800] GC(202) User=0.00s Sys=0.00s Real=0.00s
[2024-08-23T15:48:51.713+0800] GC(203) Concurrent Undo Cycle
[2024-08-23T15:48:51.713+0800] GC(203) Concurrent Cleanup for Next Mark
[2024-08-23T15:48:51.713+0800] GC(203) Concurrent Cleanup for Next Mark 0.334ms
[2024-08-23T15:48:51.713+0800] GC(203) Concurrent Undo Cycle 0.408ms
[2024-08-23T15:48:53.018+0800] GC(204) Pause Young (Concurrent Start) (G1 Humongous Allocation)
[2024-08-23T15:48:53.018+0800] GC(204) Using 6 workers of 6 for evacuation
[2024-08-23T15:48:53.019+0800] GC(204)   Pre Evacuate Collection Set: 0.1ms
[2024-08-23T15:48:53.019+0800] GC(204)   Merge Heap Roots: 0.1ms
[2024-08-23T15:48:53.019+0800] GC(204)   Evacuate Collection Set: 0.2ms
[2024-08-23T15:48:53.019+0800] GC(204)   Post Evacuate Collection Set: 0.3ms
[2024-08-23T15:48:53.019+0800] GC(204)   Other: 0.1ms
[2024-08-23T15:48:53.019+0800] GC(204) Eden regions: 1->0(307)
[2024-08-23T15:48:53.019+0800] GC(204) Survivor regions: 0->0(39)
[2024-08-23T15:48:53.019+0800] GC(204) Old regions: 1->1
[2024-08-23T15:48:53.019+0800] GC(204) Archive regions: 0->0
[2024-08-23T15:48:53.019+0800] GC(204) Humongous regions: 230->23
[2024-08-23T15:48:53.019+0800] GC(204) Metaspace: 307K(512K)->307K(512K) NonClass: 299K(384K)->299K(384K) Class: 7K(128K)->7K(128K)
[2024-08-23T15:48:53.019+0800] GC(204) Pause Young (Concurrent Start) (G1 Humongous Allocation) 231M->23M(512M) 0.896ms
[2024-08-23T15:48:53.019+0800] GC(204) User=0.00s Sys=0.00s Real=0.00s
[2024-08-23T15:48:53.019+0800] GC(205) Concurrent Undo Cycle
[2024-08-23T15:48:53.019+0800] GC(205) Concurrent Cleanup for Next Mark
[2024-08-23T15:48:53.019+0800] GC(205) Concurrent Cleanup for Next Mark 0.345ms
[2024-08-23T15:48:53.019+0800] GC(205) Concurrent Undo Cycle 0.402ms
[2024-08-23T15:48:54.110+0800] GC(206) Pause Young (Concurrent Start) (G1 Humongous Allocation)
[2024-08-23T15:48:54.110+0800] GC(206) Using 6 workers of 6 for evacuation
[2024-08-23T15:48:54.110+0800] GC(206)   Pre Evacuate Collection Set: 0.0ms
[2024-08-23T15:48:54.110+0800] GC(206)   Merge Heap Roots: 0.0ms
[2024-08-23T15:48:54.110+0800] GC(206)   Evacuate Collection Set: 0.1ms
[2024-08-23T15:48:54.110+0800] GC(206)   Post Evacuate Collection Set: 0.1ms
[2024-08-23T15:48:54.110+0800] GC(206)   Other: 0.1ms
[2024-08-23T15:48:54.110+0800] GC(206) Eden regions: 1->0(307)
[2024-08-23T15:48:54.110+0800] GC(206) Survivor regions: 0->0(39)
[2024-08-23T15:48:54.110+0800] GC(206) Old regions: 1->1
[2024-08-23T15:48:54.110+0800] GC(206) Archive regions: 0->0
[2024-08-23T15:48:54.110+0800] GC(206) Humongous regions: 153->78
[2024-08-23T15:48:54.110+0800] GC(206) Metaspace: 307K(512K)->307K(512K) NonClass: 299K(384K)->299K(384K) Class: 7K(128K)->7K(128K)
[2024-08-23T15:48:54.110+0800] GC(206) Pause Young (Concurrent Start) (G1 Humongous Allocation) 154M->78M(512M) 0.506ms
[2024-08-23T15:48:54.110+0800] GC(206) User=0.00s Sys=0.00s Real=0.00s
[2024-08-23T15:48:54.110+0800] GC(207) Concurrent Undo Cycle
[2024-08-23T15:48:54.110+0800] GC(207) Concurrent Cleanup for Next Mark
[2024-08-23T15:48:54.110+0800] GC(207) Concurrent Cleanup for Next Mark 0.233ms
[2024-08-23T15:48:54.110+0800] GC(207) Concurrent Undo Cycle 0.309ms
[2024-08-23T15:48:55.202+0800] GC(208) Pause Young (Concurrent Start) (G1 Humongous Allocation)
[2024-08-23T15:48:55.202+0800] GC(208) Using 6 workers of 6 for evacuation
[2024-08-23T15:48:55.203+0800] GC(208)   Pre Evacuate Collection Set: 0.1ms
[2024-08-23T15:48:55.203+0800] GC(208)   Merge Heap Roots: 0.1ms
[2024-08-23T15:48:55.203+0800] GC(208)   Evacuate Collection Set: 0.2ms
[2024-08-23T15:48:55.203+0800] GC(208)   Post Evacuate Collection Set: 0.4ms
[2024-08-23T15:48:55.203+0800] GC(208)   Other: 0.1ms
[2024-08-23T15:48:55.203+0800] GC(208) Eden regions: 1->0(307)
[2024-08-23T15:48:55.203+0800] GC(208) Survivor regions: 0->0(39)
[2024-08-23T15:48:55.203+0800] GC(208) Old regions: 1->1
[2024-08-23T15:48:55.203+0800] GC(208) Archive regions: 0->0
[2024-08-23T15:48:55.203+0800] GC(208) Humongous regions: 230->95
[2024-08-23T15:48:55.203+0800] GC(208) Metaspace: 307K(512K)->307K(512K) NonClass: 299K(384K)->299K(384K) Class: 7K(128K)->7K(128K)
[2024-08-23T15:48:55.203+0800] GC(208) Pause Young (Concurrent Start) (G1 Humongous Allocation) 231M->95M(512M) 0.944ms
[2024-08-23T15:48:55.203+0800] GC(208) User=0.00s Sys=0.00s Real=0.00s
[2024-08-23T15:48:55.203+0800] GC(209) Concurrent Undo Cycle
[2024-08-23T15:48:55.203+0800] GC(209) Concurrent Cleanup for Next Mark
[2024-08-23T15:48:55.203+0800] GC(209) Concurrent Cleanup for Next Mark 0.255ms
[2024-08-23T15:48:55.203+0800] GC(209) Concurrent Undo Cycle 0.323ms
[2024-08-23T15:48:55.529+0800] GC(210) Pause Young (Concurrent Start) (G1 Humongous Allocation)
[2024-08-23T15:48:55.529+0800] GC(210) Using 6 workers of 6 for evacuation
[2024-08-23T15:48:55.529+0800] GC(210)   Pre Evacuate Collection Set: 0.0ms
[2024-08-23T15:48:55.529+0800] GC(210)   Merge Heap Roots: 0.0ms
[2024-08-23T15:48:55.529+0800] GC(210)   Evacuate Collection Set: 0.1ms
[2024-08-23T15:48:55.530+0800] GC(210)   Post Evacuate Collection Set: 0.1ms
[2024-08-23T15:48:55.530+0800] GC(210)   Other: 0.1ms
[2024-08-23T15:48:55.530+0800] GC(210) Eden regions: 1->0(307)
[2024-08-23T15:48:55.530+0800] GC(210) Survivor regions: 0->0(39)
[2024-08-23T15:48:55.530+0800] GC(210) Old regions: 1->1
[2024-08-23T15:48:55.530+0800] GC(210) Archive regions: 0->0
[2024-08-23T15:48:55.530+0800] GC(210) Humongous regions: 178->135
[2024-08-23T15:48:55.530+0800] GC(210) Metaspace: 307K(512K)->307K(512K) NonClass: 299K(384K)->299K(384K) Class: 7K(128K)->7K(128K)
[2024-08-23T15:48:55.530+0800] GC(210) Pause Young (Concurrent Start) (G1 Humongous Allocation) 179M->135M(512M) 0.515ms
[2024-08-23T15:48:55.530+0800] GC(210) User=0.00s Sys=0.00s Real=0.00s
[2024-08-23T15:48:55.530+0800] GC(211) Concurrent Undo Cycle
[2024-08-23T15:48:55.530+0800] GC(211) Concurrent Cleanup for Next Mark
[2024-08-23T15:48:55.530+0800] GC(211) Concurrent Cleanup for Next Mark 0.269ms
[2024-08-23T15:48:55.530+0800] GC(211) Concurrent Undo Cycle 0.342ms
[2024-08-23T15:48:56.184+0800] GC(212) Pause Young (Concurrent Start) (G1 Humongous Allocation)
[2024-08-23T15:48:56.184+0800] GC(212) Using 6 workers of 6 for evacuation
[2024-08-23T15:48:56.184+0800] GC(212)   Pre Evacuate Collection Set: 0.0ms
[2024-08-23T15:48:56.184+0800] GC(212)   Merge Heap Roots: 0.0ms
[2024-08-23T15:48:56.184+0800] GC(212)   Evacuate Collection Set: 0.1ms
[2024-08-23T15:48:56.184+0800] GC(212)   Post Evacuate Collection Set: 0.2ms
[2024-08-23T15:48:56.184+0800] GC(212)   Other: 0.1ms
[2024-08-23T15:48:56.184+0800] GC(212) Eden regions: 1->0(307)
[2024-08-23T15:48:56.184+0800] GC(212) Survivor regions: 0->0(39)
[2024-08-23T15:48:56.184+0800] GC(212) Old regions: 1->1
[2024-08-23T15:48:56.184+0800] GC(212) Archive regions: 0->0
[2024-08-23T15:48:56.184+0800] GC(212) Humongous regions: 236->101
[2024-08-23T15:48:56.184+0800] GC(212) Metaspace: 307K(512K)->307K(512K) NonClass: 299K(384K)->299K(384K) Class: 7K(128K)->7K(128K)
[2024-08-23T15:48:56.184+0800] GC(212) Pause Young (Concurrent Start) (G1 Humongous Allocation) 237M->101M(512M) 0.553ms
[2024-08-23T15:48:56.184+0800] GC(212) User=0.00s Sys=0.00s Real=0.00s
[2024-08-23T15:48:56.184+0800] GC(213) Concurrent Undo Cycle
[2024-08-23T15:48:56.184+0800] GC(213) Concurrent Cleanup for Next Mark
[2024-08-23T15:48:56.185+0800] GC(213) Concurrent Cleanup for Next Mark 0.316ms
[2024-08-23T15:48:56.185+0800] GC(213) Concurrent Undo Cycle 0.413ms
[2024-08-23T15:48:56.947+0800] GC(214) Pause Young (Concurrent Start) (G1 Humongous Allocation)
[2024-08-23T15:48:56.947+0800] GC(214) Using 6 workers of 6 for evacuation
[2024-08-23T15:48:56.947+0800] GC(214)   Pre Evacuate Collection Set: 0.1ms
[2024-08-23T15:48:56.948+0800] GC(214)   Merge Heap Roots: 0.1ms
[2024-08-23T15:48:56.948+0800] GC(214)   Evacuate Collection Set: 0.2ms
[2024-08-23T15:48:56.948+0800] GC(214)   Post Evacuate Collection Set: 0.3ms
[2024-08-23T15:48:56.948+0800] GC(214)   Other: 0.1ms
[2024-08-23T15:48:56.948+0800] GC(214) Eden regions: 1->0(307)
[2024-08-23T15:48:56.948+0800] GC(214) Survivor regions: 0->0(39)
[2024-08-23T15:48:56.948+0800] GC(214) Old regions: 1->1
[2024-08-23T15:48:56.948+0800] GC(214) Archive regions: 0->0
[2024-08-23T15:48:56.948+0800] GC(214) Humongous regions: 213->57
[2024-08-23T15:48:56.948+0800] GC(214) Metaspace: 307K(512K)->307K(512K) NonClass: 299K(384K)->299K(384K) Class: 7K(128K)->7K(128K)
[2024-08-23T15:48:56.948+0800] GC(214) Pause Young (Concurrent Start) (G1 Humongous Allocation) 214M->57M(512M) 0.859ms
[2024-08-23T15:48:56.948+0800] GC(214) User=0.00s Sys=0.00s Real=0.00s
[2024-08-23T15:48:56.948+0800] GC(215) Concurrent Undo Cycle
[2024-08-23T15:48:56.948+0800] GC(215) Concurrent Cleanup for Next Mark
[2024-08-23T15:48:56.948+0800] GC(215) Concurrent Cleanup for Next Mark 0.221ms
[2024-08-23T15:48:56.948+0800] GC(215) Concurrent Undo Cycle 0.289ms
[2024-08-23T15:48:58.142+0800] GC(216) Pause Young (Concurrent Start) (G1 Humongous Allocation)
[2024-08-23T15:48:58.142+0800] GC(216) Using 6 workers of 6 for evacuation
[2024-08-23T15:48:58.142+0800] GC(216)   Pre Evacuate Collection Set: 0.0ms
[2024-08-23T15:48:58.142+0800] GC(216)   Merge Heap Roots: 0.0ms
[2024-08-23T15:48:58.142+0800] GC(216)   Evacuate Collection Set: 0.1ms
[2024-08-23T15:48:58.142+0800] GC(216)   Post Evacuate Collection Set: 0.1ms
[2024-08-23T15:48:58.142+0800] GC(216)   Other: 0.1ms
[2024-08-23T15:48:58.143+0800] GC(216) Eden regions: 1->0(307)
[2024-08-23T15:48:58.143+0800] GC(216) Survivor regions: 0->0(39)
[2024-08-23T15:48:58.143+0800] GC(216) Old regions: 1->1
[2024-08-23T15:48:58.143+0800] GC(216) Archive regions: 0->0
[2024-08-23T15:48:58.143+0800] GC(216) Humongous regions: 220->25
[2024-08-23T15:48:58.143+0800] GC(216) Metaspace: 307K(512K)->307K(512K) NonClass: 299K(384K)->299K(384K) Class: 7K(128K)->7K(128K)
[2024-08-23T15:48:58.143+0800] GC(216) Pause Young (Concurrent Start) (G1 Humongous Allocation) 221M->25M(512M) 0.530ms
[2024-08-23T15:48:58.143+0800] GC(216) User=0.00s Sys=0.00s Real=0.00s
[2024-08-23T15:48:58.143+0800] GC(217) Concurrent Undo Cycle
[2024-08-23T15:48:58.143+0800] GC(217) Concurrent Cleanup for Next Mark
[2024-08-23T15:48:58.143+0800] GC(217) Concurrent Cleanup for Next Mark 0.259ms
[2024-08-23T15:48:58.143+0800] GC(217) Concurrent Undo Cycle 0.315ms
[2024-08-23T15:48:59.124+0800] GC(218) Pause Young (Concurrent Start) (G1 Humongous Allocation)
[2024-08-23T15:48:59.124+0800] GC(218) Using 6 workers of 6 for evacuation
[2024-08-23T15:48:59.124+0800] GC(218)   Pre Evacuate Collection Set: 0.1ms
[2024-08-23T15:48:59.124+0800] GC(218)   Merge Heap Roots: 0.1ms
[2024-08-23T15:48:59.124+0800] GC(218)   Evacuate Collection Set: 0.1ms
[2024-08-23T15:48:59.124+0800] GC(218)   Post Evacuate Collection Set: 0.4ms
[2024-08-23T15:48:59.124+0800] GC(218)   Other: 0.1ms
[2024-08-23T15:48:59.125+0800] GC(218) Eden regions: 1->0(307)
[2024-08-23T15:48:59.125+0800] GC(218) Survivor regions: 0->0(39)
[2024-08-23T15:48:59.125+0800] GC(218) Old regions: 1->1
[2024-08-23T15:48:59.125+0800] GC(218) Archive regions: 0->0
[2024-08-23T15:48:59.125+0800] GC(218) Humongous regions: 226->22
[2024-08-23T15:48:59.125+0800] GC(218) Metaspace: 307K(512K)->307K(512K) NonClass: 299K(384K)->299K(384K) Class: 7K(128K)->7K(128K)
[2024-08-23T15:48:59.125+0800] GC(218) Pause Young (Concurrent Start) (G1 Humongous Allocation) 227M->22M(512M) 0.844ms
[2024-08-23T15:48:59.125+0800] GC(218) User=0.00s Sys=0.00s Real=0.00s
[2024-08-23T15:48:59.125+0800] GC(219) Concurrent Undo Cycle
[2024-08-23T15:48:59.125+0800] GC(219) Concurrent Cleanup for Next Mark
[2024-08-23T15:48:59.125+0800] GC(219) Concurrent Cleanup for Next Mark 0.238ms
[2024-08-23T15:48:59.125+0800] GC(219) Concurrent Undo Cycle 0.299ms
[2024-08-23T15:49:01.196+0800] GC(220) Pause Young (Concurrent Start) (G1 Humongous Allocation)
[2024-08-23T15:49:01.196+0800] GC(220) Using 6 workers of 6 for evacuation
[2024-08-23T15:49:01.196+0800] GC(220)   Pre Evacuate Collection Set: 0.1ms
[2024-08-23T15:49:01.196+0800] GC(220)   Merge Heap Roots: 0.1ms
[2024-08-23T15:49:01.196+0800] GC(220)   Evacuate Collection Set: 0.1ms
[2024-08-23T15:49:01.196+0800] GC(220)   Post Evacuate Collection Set: 0.3ms
[2024-08-23T15:49:01.196+0800] GC(220)   Other: 0.1ms
[2024-08-23T15:49:01.196+0800] GC(220) Eden regions: 1->0(307)
[2024-08-23T15:49:01.196+0800] GC(220) Survivor regions: 0->0(39)
[2024-08-23T15:49:01.196+0800] GC(220) Old regions: 1->1
[2024-08-23T15:49:01.196+0800] GC(220) Archive regions: 0->0
[2024-08-23T15:49:01.196+0800] GC(220) Humongous regions: 177->68
[2024-08-23T15:49:01.196+0800] GC(220) Metaspace: 307K(512K)->307K(512K) NonClass: 299K(384K)->299K(384K) Class: 7K(128K)->7K(128K)
[2024-08-23T15:49:01.196+0800] GC(220) Pause Young (Concurrent Start) (G1 Humongous Allocation) 178M->68M(512M) 0.764ms
[2024-08-23T15:49:01.196+0800] GC(220) User=0.00s Sys=0.00s Real=0.00s
[2024-08-23T15:49:01.197+0800] GC(221) Concurrent Undo Cycle
[2024-08-23T15:49:01.197+0800] GC(221) Concurrent Cleanup for Next Mark
[2024-08-23T15:49:01.197+0800] GC(221) Concurrent Cleanup for Next Mark 0.249ms
[2024-08-23T15:49:01.197+0800] GC(221) Concurrent Undo Cycle 0.317ms
[2024-08-23T15:49:02.289+0800] GC(222) Pause Young (Concurrent Start) (G1 Humongous Allocation)
[2024-08-23T15:49:02.289+0800] GC(222) Using 6 workers of 6 for evacuation
[2024-08-23T15:49:02.290+0800] GC(222)   Pre Evacuate Collection Set: 0.1ms
[2024-08-23T15:49:02.290+0800] GC(222)   Merge Heap Roots: 0.1ms
[2024-08-23T15:49:02.290+0800] GC(222)   Evacuate Collection Set: 0.2ms
[2024-08-23T15:49:02.290+0800] GC(222)   Post Evacuate Collection Set: 0.3ms
[2024-08-23T15:49:02.290+0800] GC(222)   Other: 0.1ms
[2024-08-23T15:49:02.290+0800] GC(222) Eden regions: 1->0(307)
[2024-08-23T15:49:02.290+0800] GC(222) Survivor regions: 0->0(39)
[2024-08-23T15:49:02.290+0800] GC(222) Old regions: 1->1
[2024-08-23T15:49:02.290+0800] GC(222) Archive regions: 0->0
[2024-08-23T15:49:02.290+0800] GC(222) Humongous regions: 220->34
[2024-08-23T15:49:02.290+0800] GC(222) Metaspace: 307K(512K)->307K(512K) NonClass: 299K(384K)->299K(384K) Class: 7K(128K)->7K(128K)
[2024-08-23T15:49:02.290+0800] GC(222) Pause Young (Concurrent Start) (G1 Humongous Allocation) 221M->34M(512M) 0.869ms
[2024-08-23T15:49:02.290+0800] GC(222) User=0.00s Sys=0.00s Real=0.00s
[2024-08-23T15:49:02.290+0800] GC(223) Concurrent Undo Cycle
[2024-08-23T15:49:02.290+0800] GC(223) Concurrent Cleanup for Next Mark
[2024-08-23T15:49:02.290+0800] GC(223) Concurrent Cleanup for Next Mark 0.438ms
[2024-08-23T15:49:02.290+0800] GC(223) Concurrent Undo Cycle 0.529ms
[2024-08-23T15:49:03.051+0800] GC(224) Pause Young (Concurrent Start) (G1 Humongous Allocation)
[2024-08-23T15:49:03.051+0800] GC(224) Using 6 workers of 6 for evacuation
[2024-08-23T15:49:03.052+0800] GC(224)   Pre Evacuate Collection Set: 0.1ms
[2024-08-23T15:49:03.052+0800] GC(224)   Merge Heap Roots: 0.1ms
[2024-08-23T15:49:03.052+0800] GC(224)   Evacuate Collection Set: 0.2ms
[2024-08-23T15:49:03.052+0800] GC(224)   Post Evacuate Collection Set: 0.4ms
[2024-08-23T15:49:03.052+0800] GC(224)   Other: 0.1ms
[2024-08-23T15:49:03.052+0800] GC(224) Eden regions: 1->0(307)
[2024-08-23T15:49:03.052+0800] GC(224) Survivor regions: 0->0(39)
[2024-08-23T15:49:03.052+0800] GC(224) Old regions: 1->1
[2024-08-23T15:49:03.052+0800] GC(224) Archive regions: 0->0
[2024-08-23T15:49:03.052+0800] GC(224) Humongous regions: 228->50
[2024-08-23T15:49:03.052+0800] GC(224) Metaspace: 307K(512K)->307K(512K) NonClass: 299K(384K)->299K(384K) Class: 7K(128K)->7K(128K)
[2024-08-23T15:49:03.052+0800] GC(224) Pause Young (Concurrent Start) (G1 Humongous Allocation) 229M->50M(512M) 0.959ms
[2024-08-23T15:49:03.052+0800] GC(224) User=0.00s Sys=0.00s Real=0.00s
[2024-08-23T15:49:03.052+0800] GC(225) Concurrent Undo Cycle
[2024-08-23T15:49:03.052+0800] GC(225) Concurrent Cleanup for Next Mark
[2024-08-23T15:49:03.052+0800] GC(225) Concurrent Cleanup for Next Mark 0.293ms
[2024-08-23T15:49:03.052+0800] GC(225) Concurrent Undo Cycle 0.352ms
[2024-08-23T15:49:04.033+0800] GC(226) Pause Young (Concurrent Start) (G1 Humongous Allocation)
[2024-08-23T15:49:04.033+0800] GC(226) Using 6 workers of 6 for evacuation
[2024-08-23T15:49:04.033+0800] GC(226)   Pre Evacuate Collection Set: 0.1ms
[2024-08-23T15:49:04.033+0800] GC(226)   Merge Heap Roots: 0.1ms
[2024-08-23T15:49:04.033+0800] GC(226)   Evacuate Collection Set: 0.1ms
[2024-08-23T15:49:04.033+0800] GC(226)   Post Evacuate Collection Set: 0.3ms
[2024-08-23T15:49:04.033+0800] GC(226)   Other: 0.1ms
[2024-08-23T15:49:04.033+0800] GC(226) Eden regions: 1->0(307)
[2024-08-23T15:49:04.033+0800] GC(226) Survivor regions: 0->0(39)
[2024-08-23T15:49:04.033+0800] GC(226) Old regions: 1->1
[2024-08-23T15:49:04.033+0800] GC(226) Archive regions: 0->0
[2024-08-23T15:49:04.033+0800] GC(226) Humongous regions: 134->51
[2024-08-23T15:49:04.033+0800] GC(226) Metaspace: 307K(512K)->307K(512K) NonClass: 299K(384K)->299K(384K) Class: 7K(128K)->7K(128K)
[2024-08-23T15:49:04.033+0800] GC(226) Pause Young (Concurrent Start) (G1 Humongous Allocation) 135M->51M(512M) 0.729ms
[2024-08-23T15:49:04.033+0800] GC(226) User=0.00s Sys=0.00s Real=0.00s
[2024-08-23T15:49:04.033+0800] GC(227) Concurrent Undo Cycle
[2024-08-23T15:49:04.034+0800] GC(227) Concurrent Cleanup for Next Mark
[2024-08-23T15:49:04.034+0800] GC(227) Concurrent Cleanup for Next Mark 0.251ms
[2024-08-23T15:49:04.034+0800] GC(227) Concurrent Undo Cycle 0.316ms
[2024-08-23T15:49:05.232+0800] GC(228) Pause Young (Concurrent Start) (G1 Humongous Allocation)
[2024-08-23T15:49:05.232+0800] GC(228) Using 6 workers of 6 for evacuation
[2024-08-23T15:49:05.233+0800] GC(228)   Pre Evacuate Collection Set: 0.0ms
[2024-08-23T15:49:05.233+0800] GC(228)   Merge Heap Roots: 0.0ms
[2024-08-23T15:49:05.233+0800] GC(228)   Evacuate Collection Set: 0.1ms
[2024-08-23T15:49:05.233+0800] GC(228)   Post Evacuate Collection Set: 0.3ms
[2024-08-23T15:49:05.233+0800] GC(228)   Other: 0.1ms
[2024-08-23T15:49:05.233+0800] GC(228) Eden regions: 1->0(307)
[2024-08-23T15:49:05.233+0800] GC(228) Survivor regions: 0->0(39)
[2024-08-23T15:49:05.233+0800] GC(228) Old regions: 1->1
[2024-08-23T15:49:05.233+0800] GC(228) Archive regions: 0->0
[2024-08-23T15:49:05.233+0800] GC(228) Humongous regions: 214->68
[2024-08-23T15:49:05.233+0800] GC(228) Metaspace: 307K(512K)->307K(512K) NonClass: 299K(384K)->299K(384K) Class: 7K(128K)->7K(128K)
[2024-08-23T15:49:05.233+0800] GC(228) Pause Young (Concurrent Start) (G1 Humongous Allocation) 215M->68M(512M) 0.689ms
[2024-08-23T15:49:05.233+0800] GC(228) User=0.00s Sys=0.00s Real=0.00s
[2024-08-23T15:49:05.233+0800] GC(229) Concurrent Undo Cycle
[2024-08-23T15:49:05.233+0800] GC(229) Concurrent Cleanup for Next Mark
[2024-08-23T15:49:05.233+0800] GC(229) Concurrent Cleanup for Next Mark 0.218ms
[2024-08-23T15:49:05.233+0800] GC(229) Concurrent Undo Cycle 0.274ms
[2024-08-23T15:49:05.448+0800] GC(230) Pause Young (Concurrent Start) (G1 Humongous Allocation)
[2024-08-23T15:49:05.448+0800] GC(230) Using 6 workers of 6 for evacuation
[2024-08-23T15:49:05.449+0800] GC(230)   Pre Evacuate Collection Set: 0.1ms
[2024-08-23T15:49:05.449+0800] GC(230)   Merge Heap Roots: 0.1ms
[2024-08-23T15:49:05.449+0800] GC(230)   Evacuate Collection Set: 0.1ms
[2024-08-23T15:49:05.449+0800] GC(230)   Post Evacuate Collection Set: 0.3ms
[2024-08-23T15:49:05.449+0800] GC(230)   Other: 0.1ms
[2024-08-23T15:49:05.449+0800] GC(230) Eden regions: 1->0(307)
[2024-08-23T15:49:05.449+0800] GC(230) Survivor regions: 0->0(39)
[2024-08-23T15:49:05.449+0800] GC(230) Old regions: 1->1
[2024-08-23T15:49:05.449+0800] GC(230) Archive regions: 0->0
[2024-08-23T15:49:05.449+0800] GC(230) Humongous regions: 140->108
[2024-08-23T15:49:05.449+0800] GC(230) Metaspace: 307K(512K)->307K(512K) NonClass: 299K(384K)->299K(384K) Class: 7K(128K)->7K(128K)
[2024-08-23T15:49:05.449+0800] GC(230) Pause Young (Concurrent Start) (G1 Humongous Allocation) 141M->108M(512M) 0.845ms
[2024-08-23T15:49:05.449+0800] GC(230) User=0.00s Sys=0.00s Real=0.00s
[2024-08-23T15:49:05.449+0800] GC(231) Concurrent Undo Cycle
[2024-08-23T15:49:05.449+0800] GC(231) Concurrent Cleanup for Next Mark
[2024-08-23T15:49:05.449+0800] GC(231) Concurrent Cleanup for Next Mark 0.437ms
[2024-08-23T15:49:05.449+0800] GC(231) Concurrent Undo Cycle 0.531ms
[2024-08-23T15:49:05.995+0800] GC(232) Pause Young (Concurrent Start) (G1 Humongous Allocation)
[2024-08-23T15:49:05.995+0800] GC(232) Using 6 workers of 6 for evacuation
[2024-08-23T15:49:05.995+0800] GC(232)   Pre Evacuate Collection Set: 0.1ms
[2024-08-23T15:49:05.995+0800] GC(232)   Merge Heap Roots: 0.1ms
[2024-08-23T15:49:05.995+0800] GC(232)   Evacuate Collection Set: 0.1ms
[2024-08-23T15:49:05.995+0800] GC(232)   Post Evacuate Collection Set: 0.4ms
[2024-08-23T15:49:05.995+0800] GC(232)   Other: 0.1ms
[2024-08-23T15:49:05.995+0800] GC(232) Eden regions: 1->0(294)
[2024-08-23T15:49:05.995+0800] GC(232) Survivor regions: 0->0(39)
[2024-08-23T15:49:05.995+0800] GC(232) Old regions: 1->1
[2024-08-23T15:49:05.995+0800] GC(232) Archive regions: 0->0
[2024-08-23T15:49:05.995+0800] GC(232) Humongous regions: 225->164
[2024-08-23T15:49:05.995+0800] GC(232) Metaspace: 307K(512K)->307K(512K) NonClass: 299K(384K)->299K(384K) Class: 7K(128K)->7K(128K)
[2024-08-23T15:49:05.996+0800] GC(232) Pause Young (Concurrent Start) (G1 Humongous Allocation) 226M->164M(512M) 0.888ms
[2024-08-23T15:49:05.996+0800] GC(232) User=0.00s Sys=0.00s Real=0.00s
[2024-08-23T15:49:05.996+0800] GC(233) Concurrent Undo Cycle
[2024-08-23T15:49:05.996+0800] GC(233) Concurrent Cleanup for Next Mark
[2024-08-23T15:49:05.996+0800] GC(233) Concurrent Cleanup for Next Mark 0.260ms
[2024-08-23T15:49:05.996+0800] GC(233) Concurrent Undo Cycle 0.321ms
[2024-08-23T15:49:06.646+0800] GC(234) Pause Young (Concurrent Start) (G1 Humongous Allocation)
[2024-08-23T15:49:06.646+0800] GC(234) Using 6 workers of 6 for evacuation
[2024-08-23T15:49:06.647+0800] GC(234)   Pre Evacuate Collection Set: 0.1ms
[2024-08-23T15:49:06.647+0800] GC(234)   Merge Heap Roots: 0.1ms
[2024-08-23T15:49:06.647+0800] GC(234)   Evacuate Collection Set: 0.1ms
[2024-08-23T15:49:06.647+0800] GC(234)   Post Evacuate Collection Set: 0.4ms
[2024-08-23T15:49:06.647+0800] GC(234)   Other: 0.1ms
[2024-08-23T15:49:06.647+0800] GC(234) Eden regions: 1->0(283)
[2024-08-23T15:49:06.647+0800] GC(234) Survivor regions: 0->0(37)
[2024-08-23T15:49:06.647+0800] GC(234) Old regions: 1->1
[2024-08-23T15:49:06.647+0800] GC(234) Archive regions: 0->0
[2024-08-23T15:49:06.647+0800] GC(234) Humongous regions: 210->175
[2024-08-23T15:49:06.647+0800] GC(234) Metaspace: 307K(512K)->307K(512K) NonClass: 299K(384K)->299K(384K) Class: 7K(128K)->7K(128K)
[2024-08-23T15:49:06.647+0800] GC(234) Pause Young (Concurrent Start) (G1 Humongous Allocation) 211M->175M(512M) 0.971ms
[2024-08-23T15:49:06.647+0800] GC(234) User=0.00s Sys=0.00s Real=0.00s
[2024-08-23T15:49:06.647+0800] GC(235) Concurrent Undo Cycle
[2024-08-23T15:49:06.647+0800] GC(235) Concurrent Cleanup for Next Mark
[2024-08-23T15:49:06.647+0800] GC(235) Concurrent Cleanup for Next Mark 0.260ms
[2024-08-23T15:49:06.647+0800] GC(235) Concurrent Undo Cycle 0.326ms
[2024-08-23T15:49:06.755+0800] GC(236) Pause Young (Concurrent Start) (G1 Humongous Allocation)
[2024-08-23T15:49:06.755+0800] GC(236) Using 6 workers of 6 for evacuation
[2024-08-23T15:49:06.756+0800] GC(236)   Pre Evacuate Collection Set: 0.1ms
[2024-08-23T15:49:06.756+0800] GC(236)   Merge Heap Roots: 0.1ms
[2024-08-23T15:49:06.756+0800] GC(236)   Evacuate Collection Set: 0.1ms
[2024-08-23T15:49:06.756+0800] GC(236)   Post Evacuate Collection Set: 0.3ms
[2024-08-23T15:49:06.756+0800] GC(236)   Other: 0.1ms
[2024-08-23T15:49:06.756+0800] GC(236) Eden regions: 1->0(273)
[2024-08-23T15:49:06.756+0800] GC(236) Survivor regions: 0->0(36)
[2024-08-23T15:49:06.756+0800] GC(236) Old regions: 1->1
[2024-08-23T15:49:06.756+0800] GC(236) Archive regions: 0->0
[2024-08-23T15:49:06.756+0800] GC(236) Humongous regions: 196->185
[2024-08-23T15:49:06.756+0800] GC(236) Metaspace: 307K(512K)->307K(512K) NonClass: 299K(384K)->299K(384K) Class: 7K(128K)->7K(128K)
[2024-08-23T15:49:06.756+0800] GC(236) Pause Young (Concurrent Start) (G1 Humongous Allocation) 197M->185M(512M) 0.859ms
[2024-08-23T15:49:06.756+0800] GC(236) User=0.00s Sys=0.00s Real=0.00s
[2024-08-23T15:49:06.756+0800] GC(237) Concurrent Undo Cycle
[2024-08-23T15:49:06.756+0800] GC(237) Concurrent Cleanup for Next Mark
[2024-08-23T15:49:06.756+0800] GC(237) Concurrent Cleanup for Next Mark 0.296ms
[2024-08-23T15:49:06.756+0800] GC(237) Concurrent Undo Cycle 0.363ms
[2024-08-23T15:49:06.865+0800] GC(238) Pause Young (Concurrent Start) (G1 Humongous Allocation)
[2024-08-23T15:49:06.865+0800] GC(238) Using 6 workers of 6 for evacuation
[2024-08-23T15:49:06.866+0800] GC(238)   Pre Evacuate Collection Set: 0.1ms
[2024-08-23T15:49:06.866+0800] GC(238)   Merge Heap Roots: 0.1ms
[2024-08-23T15:49:06.866+0800] GC(238)   Evacuate Collection Set: 0.1ms
[2024-08-23T15:49:06.866+0800] GC(238)   Post Evacuate Collection Set: 0.4ms
[2024-08-23T15:49:06.866+0800] GC(238)   Other: 0.1ms
[2024-08-23T15:49:06.866+0800] GC(238) Eden regions: 1->0(243)
[2024-08-23T15:49:06.866+0800] GC(238) Survivor regions: 0->0(35)
[2024-08-23T15:49:06.866+0800] GC(238) Old regions: 1->1
[2024-08-23T15:49:06.866+0800] GC(238) Archive regions: 0->0
[2024-08-23T15:49:06.866+0800] GC(238) Humongous regions: 236->215
[2024-08-23T15:49:06.866+0800] GC(238) Metaspace: 307K(512K)->307K(512K) NonClass: 299K(384K)->299K(384K) Class: 7K(128K)->7K(128K)
[2024-08-23T15:49:06.866+0800] GC(238) Pause Young (Concurrent Start) (G1 Humongous Allocation) 237M->215M(512M) 0.896ms
[2024-08-23T15:49:06.866+0800] GC(238) User=0.00s Sys=0.00s Real=0.00s
[2024-08-23T15:49:06.866+0800] GC(239) Concurrent Undo Cycle
[2024-08-23T15:49:06.866+0800] GC(239) Concurrent Cleanup for Next Mark
[2024-08-23T15:49:06.866+0800] GC(239) Concurrent Cleanup for Next Mark 0.242ms
[2024-08-23T15:49:06.866+0800] GC(239) Concurrent Undo Cycle 0.302ms
[2024-08-23T15:49:06.975+0800] GC(240) Pause Young (Concurrent Start) (G1 Humongous Allocation)
[2024-08-23T15:49:06.975+0800] GC(240) Using 6 workers of 6 for evacuation
[2024-08-23T15:49:06.976+0800] GC(240)   Pre Evacuate Collection Set: 0.1ms
[2024-08-23T15:49:06.976+0800] GC(240)   Merge Heap Roots: 0.1ms
[2024-08-23T15:49:06.976+0800] GC(240)   Evacuate Collection Set: 0.2ms
[2024-08-23T15:49:06.976+0800] GC(240)   Post Evacuate Collection Set: 0.4ms
[2024-08-23T15:49:06.976+0800] GC(240)   Other: 0.1ms
[2024-08-23T15:49:06.976+0800] GC(240) Eden regions: 1->0(193)
[2024-08-23T15:49:06.976+0800] GC(240) Survivor regions: 0->0(31)
[2024-08-23T15:49:06.976+0800] GC(240) Old regions: 1->1
[2024-08-23T15:49:06.976+0800] GC(240) Archive regions: 0->0
[2024-08-23T15:49:06.976+0800] GC(240) Humongous regions: 316->265
[2024-08-23T15:49:06.976+0800] GC(240) Metaspace: 307K(512K)->307K(512K) NonClass: 299K(384K)->299K(384K) Class: 7K(128K)->7K(128K)
[2024-08-23T15:49:06.976+0800] GC(240) Pause Young (Concurrent Start) (G1 Humongous Allocation) 317M->265M(512M) 0.925ms
[2024-08-23T15:49:06.976+0800] GC(240) User=0.00s Sys=0.00s Real=0.00s
[2024-08-23T15:49:06.976+0800] GC(241) Concurrent Mark Cycle
[2024-08-23T15:49:06.976+0800] GC(241) Concurrent Clear Claimed Marks
[2024-08-23T15:49:06.976+0800] GC(241) Concurrent Clear Claimed Marks 0.010ms
[2024-08-23T15:49:06.976+0800] GC(241) Concurrent Scan Root Regions
[2024-08-23T15:49:06.976+0800] GC(241) Concurrent Scan Root Regions 0.008ms
[2024-08-23T15:49:06.976+0800] GC(241) Concurrent Mark
[2024-08-23T15:49:06.976+0800] GC(241) Concurrent Mark From Roots
[2024-08-23T15:49:06.976+0800] GC(241) Using 2 workers of 2 for marking
[2024-08-23T15:49:06.977+0800] GC(241) Concurrent Mark From Roots 0.927ms
[2024-08-23T15:49:06.977+0800] GC(241) Concurrent Preclean
[2024-08-23T15:49:06.977+0800] GC(241) Concurrent Preclean 0.034ms
[2024-08-23T15:49:06.977+0800] GC(241) Pause Remark
[2024-08-23T15:49:06.977+0800] GC(241) Pause Remark 268M->268M(512M) 0.539ms
[2024-08-23T15:49:06.977+0800] GC(241) User=0.00s Sys=0.00s Real=0.00s
[2024-08-23T15:49:06.977+0800] GC(241) Concurrent Mark 1.663ms
[2024-08-23T15:49:06.977+0800] GC(241) Concurrent Rebuild Remembered Sets
[2024-08-23T15:49:06.978+0800] GC(241) Concurrent Rebuild Remembered Sets 0.435ms
[2024-08-23T15:49:06.978+0800] GC(241) Pause Cleanup
[2024-08-23T15:49:06.978+0800] GC(241) Pause Cleanup 268M->268M(512M) 0.126ms
[2024-08-23T15:49:06.978+0800] GC(241) User=0.00s Sys=0.00s Real=0.00s
[2024-08-23T15:49:06.978+0800] GC(241) Concurrent Cleanup for Next Mark
[2024-08-23T15:49:06.978+0800] GC(241) Concurrent Cleanup for Next Mark 0.200ms
[2024-08-23T15:49:06.978+0800] GC(241) Concurrent Mark Cycle 2.632ms
[2024-08-23T15:49:07.629+0800] GC(242) Pause Young (Concurrent Start) (G1 Humongous Allocation)
[2024-08-23T15:49:07.629+0800] GC(242) Using 6 workers of 6 for evacuation
[2024-08-23T15:49:07.630+0800] GC(242)   Pre Evacuate Collection Set: 0.0ms
[2024-08-23T15:49:07.630+0800] GC(242)   Merge Heap Roots: 0.1ms
[2024-08-23T15:49:07.630+0800] GC(242)   Evacuate Collection Set: 0.1ms
[2024-08-23T15:49:07.630+0800] GC(242)   Post Evacuate Collection Set: 0.3ms
[2024-08-23T15:49:07.630+0800] GC(242)   Other: 0.1ms
[2024-08-23T15:49:07.630+0800] GC(242) Eden regions: 1->0(307)
[2024-08-23T15:49:07.630+0800] GC(242) Survivor regions: 0->0(25)
[2024-08-23T15:49:07.630+0800] GC(242) Old regions: 1->1
[2024-08-23T15:49:07.630+0800] GC(242) Archive regions: 0->0
[2024-08-23T15:49:07.630+0800] GC(242) Humongous regions: 267->2
[2024-08-23T15:49:07.630+0800] GC(242) Metaspace: 307K(512K)->307K(512K) NonClass: 299K(384K)->299K(384K) Class: 7K(128K)->7K(128K)
[2024-08-23T15:49:07.630+0800] GC(242) Pause Young (Concurrent Start) (G1 Humongous Allocation) 268M->2M(512M) 0.687ms
[2024-08-23T15:49:07.630+0800] GC(242) User=0.00s Sys=0.00s Real=0.00s
[2024-08-23T15:49:07.630+0800] GC(243) Concurrent Undo Cycle
[2024-08-23T15:49:07.630+0800] GC(243) Concurrent Cleanup for Next Mark
[2024-08-23T15:49:07.630+0800] GC(243) Concurrent Cleanup for Next Mark 0.255ms
[2024-08-23T15:49:07.630+0800] GC(243) Concurrent Undo Cycle 0.323ms
[2024-08-23T15:49:08.834+0800] GC(244) Pause Young (Concurrent Start) (G1 Humongous Allocation)
[2024-08-23T15:49:08.834+0800] GC(244) Using 6 workers of 6 for evacuation
[2024-08-23T15:49:08.834+0800] GC(244)   Pre Evacuate Collection Set: 0.1ms
[2024-08-23T15:49:08.834+0800] GC(244)   Merge Heap Roots: 0.1ms
[2024-08-23T15:49:08.834+0800] GC(244)   Evacuate Collection Set: 0.1ms
[2024-08-23T15:49:08.834+0800] GC(244)   Post Evacuate Collection Set: 0.3ms
[2024-08-23T15:49:08.834+0800] GC(244)   Other: 0.1ms
[2024-08-23T15:49:08.834+0800] GC(244) Eden regions: 1->0(307)
[2024-08-23T15:49:08.834+0800] GC(244) Survivor regions: 0->0(39)
[2024-08-23T15:49:08.834+0800] GC(244) Old regions: 1->1
[2024-08-23T15:49:08.834+0800] GC(244) Archive regions: 0->0
[2024-08-23T15:49:08.834+0800] GC(244) Humongous regions: 225->14
[2024-08-23T15:49:08.834+0800] GC(244) Metaspace: 307K(512K)->307K(512K) NonClass: 299K(384K)->299K(384K) Class: 7K(128K)->7K(128K)
[2024-08-23T15:49:08.834+0800] GC(244) Pause Young (Concurrent Start) (G1 Humongous Allocation) 226M->14M(512M) 0.747ms
[2024-08-23T15:49:08.834+0800] GC(244) User=0.00s Sys=0.00s Real=0.00s
[2024-08-23T15:49:08.834+0800] GC(245) Concurrent Undo Cycle
[2024-08-23T15:49:08.834+0800] GC(245) Concurrent Cleanup for Next Mark
[2024-08-23T15:49:08.835+0800] GC(245) Concurrent Cleanup for Next Mark 0.227ms
[2024-08-23T15:49:08.835+0800] GC(245) Concurrent Undo Cycle 0.280ms
[2024-08-23T15:49:09.707+0800] GC(246) Pause Young (Concurrent Start) (G1 Humongous Allocation)
[2024-08-23T15:49:09.707+0800] GC(246) Using 6 workers of 6 for evacuation
[2024-08-23T15:49:09.708+0800] GC(246)   Pre Evacuate Collection Set: 0.1ms
[2024-08-23T15:49:09.708+0800] GC(246)   Merge Heap Roots: 0.1ms
[2024-08-23T15:49:09.708+0800] GC(246)   Evacuate Collection Set: 0.2ms
[2024-08-23T15:49:09.708+0800] GC(246)   Post Evacuate Collection Set: 0.4ms
[2024-08-23T15:49:09.708+0800] GC(246)   Other: 0.1ms
[2024-08-23T15:49:09.708+0800] GC(246) Eden regions: 1->0(307)
[2024-08-23T15:49:09.708+0800] GC(246) Survivor regions: 0->0(39)
[2024-08-23T15:49:09.708+0800] GC(246) Old regions: 1->1
[2024-08-23T15:49:09.708+0800] GC(246) Archive regions: 0->0
[2024-08-23T15:49:09.708+0800] GC(246) Humongous regions: 132->70
[2024-08-23T15:49:09.708+0800] GC(246) Metaspace: 307K(512K)->307K(512K) NonClass: 299K(384K)->299K(384K) Class: 7K(128K)->7K(128K)
[2024-08-23T15:49:09.708+0800] GC(246) Pause Young (Concurrent Start) (G1 Humongous Allocation) 133M->70M(512M) 0.938ms
[2024-08-23T15:49:09.708+0800] GC(246) User=0.00s Sys=0.00s Real=0.00s
[2024-08-23T15:49:09.708+0800] GC(247) Concurrent Undo Cycle
[2024-08-23T15:49:09.708+0800] GC(247) Concurrent Cleanup for Next Mark
[2024-08-23T15:49:09.708+0800] GC(247) Concurrent Cleanup for Next Mark 0.253ms
[2024-08-23T15:49:09.708+0800] GC(247) Concurrent Undo Cycle 0.322ms
[2024-08-23T15:49:10.791+0800] GC(248) Pause Young (Concurrent Start) (G1 Humongous Allocation)
[2024-08-23T15:49:10.791+0800] GC(248) Using 6 workers of 6 for evacuation
[2024-08-23T15:49:10.791+0800] GC(248)   Pre Evacuate Collection Set: 0.0ms
[2024-08-23T15:49:10.791+0800] GC(248)   Merge Heap Roots: 0.1ms
[2024-08-23T15:49:10.791+0800] GC(248)   Evacuate Collection Set: 0.2ms
[2024-08-23T15:49:10.791+0800] GC(248)   Post Evacuate Collection Set: 0.4ms
[2024-08-23T15:49:10.791+0800] GC(248)   Other: 0.1ms
[2024-08-23T15:49:10.791+0800] GC(248) Eden regions: 1->0(307)
[2024-08-23T15:49:10.791+0800] GC(248) Survivor regions: 0->0(39)
[2024-08-23T15:49:10.791+0800] GC(248) Old regions: 1->1
[2024-08-23T15:49:10.791+0800] GC(248) Archive regions: 0->0
[2024-08-23T15:49:10.791+0800] GC(248) Humongous regions: 222->36
[2024-08-23T15:49:10.791+0800] GC(248) Metaspace: 307K(512K)->307K(512K) NonClass: 299K(384K)->299K(384K) Class: 7K(128K)->7K(128K)
[2024-08-23T15:49:10.791+0800] GC(248) Pause Young (Concurrent Start) (G1 Humongous Allocation) 223M->36M(512M) 0.923ms
[2024-08-23T15:49:10.791+0800] GC(248) User=0.00s Sys=0.00s Real=0.00s
[2024-08-23T15:49:10.791+0800] GC(249) Concurrent Undo Cycle
[2024-08-23T15:49:10.791+0800] GC(249) Concurrent Cleanup for Next Mark
[2024-08-23T15:49:10.792+0800] GC(249) Concurrent Cleanup for Next Mark 0.287ms
[2024-08-23T15:49:10.792+0800] GC(249) Concurrent Undo Cycle 0.355ms
[2024-08-23T15:49:12.532+0800] GC(250) Pause Young (Concurrent Start) (G1 Humongous Allocation)
[2024-08-23T15:49:12.532+0800] GC(250) Using 6 workers of 6 for evacuation
[2024-08-23T15:49:12.532+0800] GC(250)   Pre Evacuate Collection Set: 0.1ms
[2024-08-23T15:49:12.532+0800] GC(250)   Merge Heap Roots: 0.1ms
[2024-08-23T15:49:12.532+0800] GC(250)   Evacuate Collection Set: 0.1ms
[2024-08-23T15:49:12.532+0800] GC(250)   Post Evacuate Collection Set: 0.3ms
[2024-08-23T15:49:12.532+0800] GC(250)   Other: 0.1ms
[2024-08-23T15:49:12.532+0800] GC(250) Eden regions: 1->0(307)
[2024-08-23T15:49:12.532+0800] GC(250) Survivor regions: 0->0(39)
[2024-08-23T15:49:12.532+0800] GC(250) Old regions: 1->1
[2024-08-23T15:49:12.532+0800] GC(250) Archive regions: 0->0
[2024-08-23T15:49:12.532+0800] GC(250) Humongous regions: 177->78
[2024-08-23T15:49:12.532+0800] GC(250) Metaspace: 307K(512K)->307K(512K) NonClass: 299K(384K)->299K(384K) Class: 7K(128K)->7K(128K)
[2024-08-23T15:49:12.532+0800] GC(250) Pause Young (Concurrent Start) (G1 Humongous Allocation) 178M->78M(512M) 0.696ms
[2024-08-23T15:49:12.532+0800] GC(250) User=0.00s Sys=0.00s Real=0.00s
[2024-08-23T15:49:12.532+0800] GC(251) Concurrent Undo Cycle
[2024-08-23T15:49:12.532+0800] GC(251) Concurrent Cleanup for Next Mark
[2024-08-23T15:49:12.533+0800] GC(251) Concurrent Cleanup for Next Mark 0.250ms
[2024-08-23T15:49:12.533+0800] GC(251) Concurrent Undo Cycle 0.328ms
[2024-08-23T15:49:13.622+0800] GC(252) Pause Young (Concurrent Start) (G1 Humongous Allocation)
[2024-08-23T15:49:13.622+0800] GC(252) Using 6 workers of 6 for evacuation
[2024-08-23T15:49:13.622+0800] GC(252)   Pre Evacuate Collection Set: 0.0ms
[2024-08-23T15:49:13.622+0800] GC(252)   Merge Heap Roots: 0.0ms
[2024-08-23T15:49:13.622+0800] GC(252)   Evacuate Collection Set: 0.1ms
[2024-08-23T15:49:13.622+0800] GC(252)   Post Evacuate Collection Set: 0.2ms
[2024-08-23T15:49:13.622+0800] GC(252)   Other: 0.1ms
[2024-08-23T15:49:13.622+0800] GC(252) Eden regions: 1->0(307)
[2024-08-23T15:49:13.622+0800] GC(252) Survivor regions: 0->0(39)
[2024-08-23T15:49:13.622+0800] GC(252) Old regions: 1->1
[2024-08-23T15:49:13.622+0800] GC(252) Archive regions: 0->0
[2024-08-23T15:49:13.622+0800] GC(252) Humongous regions: 230->44
[2024-08-23T15:49:13.622+0800] GC(252) Metaspace: 307K(512K)->307K(512K) NonClass: 299K(384K)->299K(384K) Class: 7K(128K)->7K(128K)
[2024-08-23T15:49:13.622+0800] GC(252) Pause Young (Concurrent Start) (G1 Humongous Allocation) 231M->44M(512M) 0.619ms
[2024-08-23T15:49:13.622+0800] GC(252) User=0.00s Sys=0.00s Real=0.00s
[2024-08-23T15:49:13.622+0800] GC(253) Concurrent Undo Cycle
[2024-08-23T15:49:13.622+0800] GC(253) Concurrent Cleanup for Next Mark
[2024-08-23T15:49:13.622+0800] GC(253) Concurrent Cleanup for Next Mark 0.293ms
[2024-08-23T15:49:13.622+0800] GC(253) Concurrent Undo Cycle 0.365ms
[2024-08-23T15:49:14.172+0800] GC(254) Pause Young (Concurrent Start) (G1 Humongous Allocation)
[2024-08-23T15:49:14.172+0800] GC(254) Using 6 workers of 6 for evacuation
[2024-08-23T15:49:14.172+0800] GC(254)   Pre Evacuate Collection Set: 0.0ms
[2024-08-23T15:49:14.172+0800] GC(254)   Merge Heap Roots: 0.0ms
[2024-08-23T15:49:14.172+0800] GC(254)   Evacuate Collection Set: 0.1ms
[2024-08-23T15:49:14.172+0800] GC(254)   Post Evacuate Collection Set: 0.1ms
[2024-08-23T15:49:14.172+0800] GC(254)   Other: 0.1ms
[2024-08-23T15:49:14.172+0800] GC(254) Eden regions: 1->0(307)
[2024-08-23T15:49:14.172+0800] GC(254) Survivor regions: 0->0(39)
[2024-08-23T15:49:14.172+0800] GC(254) Old regions: 1->1
[2024-08-23T15:49:14.172+0800] GC(254) Archive regions: 0->0
[2024-08-23T15:49:14.172+0800] GC(254) Humongous regions: 230->86
[2024-08-23T15:49:14.172+0800] GC(254) Metaspace: 307K(512K)->307K(512K) NonClass: 299K(384K)->299K(384K) Class: 7K(128K)->7K(128K)
[2024-08-23T15:49:14.172+0800] GC(254) Pause Young (Concurrent Start) (G1 Humongous Allocation) 231M->86M(512M) 0.493ms
[2024-08-23T15:49:14.172+0800] GC(254) User=0.00s Sys=0.00s Real=0.00s
[2024-08-23T15:49:14.172+0800] GC(255) Concurrent Undo Cycle
[2024-08-23T15:49:14.172+0800] GC(255) Concurrent Cleanup for Next Mark
[2024-08-23T15:49:14.172+0800] GC(255) Concurrent Cleanup for Next Mark 0.198ms
[2024-08-23T15:49:14.172+0800] GC(255) Concurrent Undo Cycle 0.245ms
[2024-08-23T15:49:15.368+0800] GC(256) Pause Young (Concurrent Start) (G1 Humongous Allocation)
[2024-08-23T15:49:15.368+0800] GC(256) Using 6 workers of 6 for evacuation
[2024-08-23T15:49:15.369+0800] GC(256)   Pre Evacuate Collection Set: 0.1ms
[2024-08-23T15:49:15.369+0800] GC(256)   Merge Heap Roots: 0.1ms
[2024-08-23T15:49:15.369+0800] GC(256)   Evacuate Collection Set: 0.1ms
[2024-08-23T15:49:15.369+0800] GC(256)   Post Evacuate Collection Set: 0.4ms
[2024-08-23T15:49:15.369+0800] GC(256)   Other: 0.1ms
[2024-08-23T15:49:15.369+0800] GC(256) Eden regions: 1->0(307)
[2024-08-23T15:49:15.369+0800] GC(256) Survivor regions: 0->0(39)
[2024-08-23T15:49:15.369+0800] GC(256) Old regions: 1->1
[2024-08-23T15:49:15.369+0800] GC(256) Archive regions: 0->0
[2024-08-23T15:49:15.369+0800] GC(256) Humongous regions: 163->51
[2024-08-23T15:49:15.369+0800] GC(256) Metaspace: 307K(512K)->307K(512K) NonClass: 299K(384K)->299K(384K) Class: 7K(128K)->7K(128K)
[2024-08-23T15:49:15.369+0800] GC(256) Pause Young (Concurrent Start) (G1 Humongous Allocation) 164M->51M(512M) 0.915ms
[2024-08-23T15:49:15.369+0800] GC(256) User=0.00s Sys=0.00s Real=0.00s
[2024-08-23T15:49:15.369+0800] GC(257) Concurrent Undo Cycle
[2024-08-23T15:49:15.369+0800] GC(257) Concurrent Cleanup for Next Mark
[2024-08-23T15:49:15.369+0800] GC(257) Concurrent Cleanup for Next Mark 0.302ms
[2024-08-23T15:49:15.369+0800] GC(257) Concurrent Undo Cycle 0.369ms
[2024-08-23T15:49:16.567+0800] GC(258) Pause Young (Concurrent Start) (G1 Humongous Allocation)
[2024-08-23T15:49:16.567+0800] GC(258) Using 6 workers of 6 for evacuation
[2024-08-23T15:49:16.567+0800] GC(258)   Pre Evacuate Collection Set: 0.1ms
[2024-08-23T15:49:16.567+0800] GC(258)   Merge Heap Roots: 0.1ms
[2024-08-23T15:49:16.567+0800] GC(258)   Evacuate Collection Set: 0.2ms
[2024-08-23T15:49:16.567+0800] GC(258)   Post Evacuate Collection Set: 0.3ms
[2024-08-23T15:49:16.567+0800] GC(258)   Other: 0.1ms
[2024-08-23T15:49:16.567+0800] GC(258) Eden regions: 1->0(307)
[2024-08-23T15:49:16.567+0800] GC(258) Survivor regions: 0->0(39)
[2024-08-23T15:49:16.567+0800] GC(258) Old regions: 1->1
[2024-08-23T15:49:16.567+0800] GC(258) Archive regions: 0->0
[2024-08-23T15:49:16.567+0800] GC(258) Humongous regions: 214->118
[2024-08-23T15:49:16.567+0800] GC(258) Metaspace: 307K(512K)->307K(512K) NonClass: 299K(384K)->299K(384K) Class: 7K(128K)->7K(128K)
[2024-08-23T15:49:16.567+0800] GC(258) Pause Young (Concurrent Start) (G1 Humongous Allocation) 215M->118M(512M) 0.806ms
[2024-08-23T15:49:16.567+0800] GC(258) User=0.00s Sys=0.00s Real=0.00s
[2024-08-23T15:49:16.567+0800] GC(259) Concurrent Undo Cycle
[2024-08-23T15:49:16.567+0800] GC(259) Concurrent Cleanup for Next Mark
[2024-08-23T15:49:16.567+0800] GC(259) Concurrent Cleanup for Next Mark 0.252ms
[2024-08-23T15:49:16.567+0800] GC(259) Concurrent Undo Cycle 0.321ms
[2024-08-23T15:49:16.786+0800] GC(260) Pause Young (Concurrent Start) (G1 Humongous Allocation)
[2024-08-23T15:49:16.786+0800] GC(260) Using 6 workers of 6 for evacuation
[2024-08-23T15:49:16.786+0800] GC(260)   Pre Evacuate Collection Set: 0.1ms
[2024-08-23T15:49:16.786+0800] GC(260)   Merge Heap Roots: 0.1ms
[2024-08-23T15:49:16.786+0800] GC(260)   Evacuate Collection Set: 0.1ms
[2024-08-23T15:49:16.786+0800] GC(260)   Post Evacuate Collection Set: 0.3ms
[2024-08-23T15:49:16.786+0800] GC(260)   Other: 0.1ms
[2024-08-23T15:49:16.786+0800] GC(260) Eden regions: 1->0(300)
[2024-08-23T15:49:16.786+0800] GC(260) Survivor regions: 0->0(39)
[2024-08-23T15:49:16.786+0800] GC(260) Old regions: 1->1
[2024-08-23T15:49:16.786+0800] GC(260) Archive regions: 0->0
[2024-08-23T15:49:16.787+0800] GC(260) Humongous regions: 190->158
[2024-08-23T15:49:16.787+0800] GC(260) Metaspace: 307K(512K)->307K(512K) NonClass: 299K(384K)->299K(384K) Class: 7K(128K)->7K(128K)
[2024-08-23T15:49:16.787+0800] GC(260) Pause Young (Concurrent Start) (G1 Humongous Allocation) 191M->158M(512M) 0.846ms
[2024-08-23T15:49:16.787+0800] GC(260) User=0.00s Sys=0.00s Real=0.00s
[2024-08-23T15:49:16.787+0800] GC(261) Concurrent Undo Cycle
[2024-08-23T15:49:16.787+0800] GC(261) Concurrent Cleanup for Next Mark
[2024-08-23T15:49:16.787+0800] GC(261) Concurrent Cleanup for Next Mark 0.284ms
[2024-08-23T15:49:16.787+0800] GC(261) Concurrent Undo Cycle 0.360ms
[2024-08-23T15:49:16.897+0800] GC(262) Pause Young (Concurrent Start) (G1 Humongous Allocation)
[2024-08-23T15:49:16.897+0800] GC(262) Using 6 workers of 6 for evacuation
[2024-08-23T15:49:16.898+0800] GC(262)   Pre Evacuate Collection Set: 0.1ms
[2024-08-23T15:49:16.898+0800] GC(262)   Merge Heap Roots: 0.1ms
[2024-08-23T15:49:16.898+0800] GC(262)   Evacuate Collection Set: 0.1ms
[2024-08-23T15:49:16.898+0800] GC(262)   Post Evacuate Collection Set: 0.4ms
[2024-08-23T15:49:16.898+0800] GC(262)   Other: 0.1ms
[2024-08-23T15:49:16.898+0800] GC(262) Eden regions: 1->0(250)
[2024-08-23T15:49:16.898+0800] GC(262) Survivor regions: 0->0(38)
[2024-08-23T15:49:16.898+0800] GC(262) Old regions: 1->1
[2024-08-23T15:49:16.898+0800] GC(262) Archive regions: 0->0
[2024-08-23T15:49:16.898+0800] GC(262) Humongous regions: 259->208
[2024-08-23T15:49:16.898+0800] GC(262) Metaspace: 307K(512K)->307K(512K) NonClass: 299K(384K)->299K(384K) Class: 7K(128K)->7K(128K)
[2024-08-23T15:49:16.898+0800] GC(262) Pause Young (Concurrent Start) (G1 Humongous Allocation) 260M->208M(512M) 0.921ms
[2024-08-23T15:49:16.898+0800] GC(262) User=0.00s Sys=0.00s Real=0.00s
[2024-08-23T15:49:16.898+0800] GC(263) Concurrent Undo Cycle
[2024-08-23T15:49:16.898+0800] GC(263) Concurrent Cleanup for Next Mark
[2024-08-23T15:49:16.898+0800] GC(263) Concurrent Cleanup for Next Mark 0.319ms
[2024-08-23T15:49:16.898+0800] GC(263) Concurrent Undo Cycle 0.368ms
[2024-08-23T15:49:17.443+0800] GC(264) Pause Young (Concurrent Start) (G1 Humongous Allocation)
[2024-08-23T15:49:17.443+0800] GC(264) Using 6 workers of 6 for evacuation
[2024-08-23T15:49:17.443+0800] GC(264)   Pre Evacuate Collection Set: 0.1ms
[2024-08-23T15:49:17.443+0800] GC(264)   Merge Heap Roots: 0.1ms
[2024-08-23T15:49:17.443+0800] GC(264)   Evacuate Collection Set: 0.2ms
[2024-08-23T15:49:17.443+0800] GC(264)   Post Evacuate Collection Set: 0.3ms
[2024-08-23T15:49:17.443+0800] GC(264)   Other: 0.1ms
[2024-08-23T15:49:17.444+0800] GC(264) Eden regions: 1->0(307)
[2024-08-23T15:49:17.444+0800] GC(264) Survivor regions: 0->0(32)
[2024-08-23T15:49:17.444+0800] GC(264) Old regions: 1->1
[2024-08-23T15:49:17.444+0800] GC(264) Archive regions: 0->0
[2024-08-23T15:49:17.444+0800] GC(264) Humongous regions: 230->115
[2024-08-23T15:49:17.444+0800] GC(264) Metaspace: 307K(512K)->307K(512K) NonClass: 299K(384K)->299K(384K) Class: 7K(128K)->7K(128K)
[2024-08-23T15:49:17.444+0800] GC(264) Pause Young (Concurrent Start) (G1 Humongous Allocation) 231M->115M(512M) 0.971ms
[2024-08-23T15:49:17.444+0800] GC(264) User=0.00s Sys=0.00s Real=0.00s
[2024-08-23T15:49:17.444+0800] GC(265) Concurrent Undo Cycle
[2024-08-23T15:49:17.444+0800] GC(265) Concurrent Cleanup for Next Mark
[2024-08-23T15:49:17.444+0800] GC(265) Concurrent Cleanup for Next Mark 0.254ms
[2024-08-23T15:49:17.444+0800] GC(265) Concurrent Undo Cycle 0.311ms
[2024-08-23T15:49:18.206+0800] GC(266) Pause Young (Concurrent Start) (G1 Humongous Allocation)
[2024-08-23T15:49:18.206+0800] GC(266) Using 6 workers of 6 for evacuation
[2024-08-23T15:49:18.207+0800] GC(266)   Pre Evacuate Collection Set: 0.1ms
[2024-08-23T15:49:18.207+0800] GC(266)   Merge Heap Roots: 0.1ms
[2024-08-23T15:49:18.207+0800] GC(266)   Evacuate Collection Set: 0.2ms
[2024-08-23T15:49:18.207+0800] GC(266)   Post Evacuate Collection Set: 0.4ms
[2024-08-23T15:49:18.207+0800] GC(266)   Other: 0.1ms
[2024-08-23T15:49:18.207+0800] GC(266) Eden regions: 1->0(292)
[2024-08-23T15:49:18.207+0800] GC(266) Survivor regions: 0->0(39)
[2024-08-23T15:49:18.207+0800] GC(266) Old regions: 1->1
[2024-08-23T15:49:18.207+0800] GC(266) Archive regions: 0->0
[2024-08-23T15:49:18.207+0800] GC(266) Humongous regions: 227->166
[2024-08-23T15:49:18.207+0800] GC(266) Metaspace: 307K(512K)->307K(512K) NonClass: 299K(384K)->299K(384K) Class: 7K(128K)->7K(128K)
[2024-08-23T15:49:18.207+0800] GC(266) Pause Young (Concurrent Start) (G1 Humongous Allocation) 228M->166M(512M) 1.033ms
[2024-08-23T15:49:18.207+0800] GC(266) User=0.00s Sys=0.00s Real=0.00s
[2024-08-23T15:49:18.207+0800] GC(267) Concurrent Undo Cycle
[2024-08-23T15:49:18.207+0800] GC(267) Concurrent Cleanup for Next Mark
[2024-08-23T15:49:18.207+0800] GC(267) Concurrent Cleanup for Next Mark 0.232ms
[2024-08-23T15:49:18.207+0800] GC(267) Concurrent Undo Cycle 0.295ms
[2024-08-23T15:49:18.315+0800] GC(268) Pause Young (Concurrent Start) (G1 Humongous Allocation)
[2024-08-23T15:49:18.315+0800] GC(268) Using 6 workers of 6 for evacuation
[2024-08-23T15:49:18.315+0800] GC(268)   Pre Evacuate Collection Set: 0.1ms
[2024-08-23T15:49:18.315+0800] GC(268)   Merge Heap Roots: 0.1ms
[2024-08-23T15:49:18.315+0800] GC(268)   Evacuate Collection Set: 0.1ms
[2024-08-23T15:49:18.315+0800] GC(268)   Post Evacuate Collection Set: 0.3ms
[2024-08-23T15:49:18.315+0800] GC(268)   Other: 0.1ms
[2024-08-23T15:49:18.315+0800] GC(268) Eden regions: 1->0(242)
[2024-08-23T15:49:18.315+0800] GC(268) Survivor regions: 0->0(37)
[2024-08-23T15:49:18.315+0800] GC(268) Old regions: 1->1
[2024-08-23T15:49:18.316+0800] GC(268) Archive regions: 0->0
[2024-08-23T15:49:18.316+0800] GC(268) Humongous regions: 267->216
[2024-08-23T15:49:18.316+0800] GC(268) Metaspace: 307K(512K)->307K(512K) NonClass: 299K(384K)->299K(384K) Class: 7K(128K)->7K(128K)
[2024-08-23T15:49:18.316+0800] GC(268) Pause Young (Concurrent Start) (G1 Humongous Allocation) 268M->216M(512M) 0.817ms
[2024-08-23T15:49:18.316+0800] GC(268) User=0.00s Sys=0.00s Real=0.00s
[2024-08-23T15:49:18.316+0800] GC(269) Concurrent Undo Cycle
[2024-08-23T15:49:18.316+0800] GC(269) Concurrent Cleanup for Next Mark
[2024-08-23T15:49:18.316+0800] GC(269) Concurrent Cleanup for Next Mark 0.210ms
[2024-08-23T15:49:18.316+0800] GC(269) Concurrent Undo Cycle 0.261ms
[2024-08-23T15:49:19.187+0800] GC(270) Pause Young (Concurrent Start) (G1 Humongous Allocation)
[2024-08-23T15:49:19.187+0800] GC(270) Using 6 workers of 6 for evacuation
[2024-08-23T15:49:19.188+0800] GC(270)   Pre Evacuate Collection Set: 0.1ms
[2024-08-23T15:49:19.188+0800] GC(270)   Merge Heap Roots: 0.1ms
[2024-08-23T15:49:19.188+0800] GC(270)   Evacuate Collection Set: 0.1ms
[2024-08-23T15:49:19.188+0800] GC(270)   Post Evacuate Collection Set: 0.3ms
[2024-08-23T15:49:19.188+0800] GC(270)   Other: 0.1ms
[2024-08-23T15:49:19.188+0800] GC(270) Eden regions: 1->0(307)
[2024-08-23T15:49:19.188+0800] GC(270) Survivor regions: 0->0(31)
[2024-08-23T15:49:19.188+0800] GC(270) Old regions: 1->1
[2024-08-23T15:49:19.188+0800] GC(270) Archive regions: 0->0
[2024-08-23T15:49:19.188+0800] GC(270) Humongous regions: 226->6
[2024-08-23T15:49:19.188+0800] GC(270) Metaspace: 307K(512K)->307K(512K) NonClass: 299K(384K)->299K(384K) Class: 7K(128K)->7K(128K)
[2024-08-23T15:49:19.188+0800] GC(270) Pause Young (Concurrent Start) (G1 Humongous Allocation) 227M->6M(512M) 0.881ms
[2024-08-23T15:49:19.188+0800] GC(270) User=0.00s Sys=0.00s Real=0.00s
[2024-08-23T15:49:19.188+0800] GC(271) Concurrent Undo Cycle
[2024-08-23T15:49:19.188+0800] GC(271) Concurrent Cleanup for Next Mark
[2024-08-23T15:49:19.188+0800] GC(271) Concurrent Cleanup for Next Mark 0.301ms
[2024-08-23T15:49:19.188+0800] GC(271) Concurrent Undo Cycle 0.374ms
[2024-08-23T15:49:20.384+0800] GC(272) Pause Young (Concurrent Start) (G1 Humongous Allocation)
[2024-08-23T15:49:20.384+0800] GC(272) Using 6 workers of 6 for evacuation
[2024-08-23T15:49:20.384+0800] GC(272)   Pre Evacuate Collection Set: 0.1ms
[2024-08-23T15:49:20.384+0800] GC(272)   Merge Heap Roots: 0.1ms
[2024-08-23T15:49:20.384+0800] GC(272)   Evacuate Collection Set: 0.1ms
[2024-08-23T15:49:20.384+0800] GC(272)   Post Evacuate Collection Set: 0.3ms
[2024-08-23T15:49:20.384+0800] GC(272)   Other: 0.1ms
[2024-08-23T15:49:20.384+0800] GC(272) Eden regions: 1->0(307)
[2024-08-23T15:49:20.384+0800] GC(272) Survivor regions: 0->0(39)
[2024-08-23T15:49:20.384+0800] GC(272) Old regions: 1->1
[2024-08-23T15:49:20.384+0800] GC(272) Archive regions: 0->0
[2024-08-23T15:49:20.384+0800] GC(272) Humongous regions: 229->23
[2024-08-23T15:49:20.384+0800] GC(272) Metaspace: 307K(512K)->307K(512K) NonClass: 299K(384K)->299K(384K) Class: 7K(128K)->7K(128K)
[2024-08-23T15:49:20.384+0800] GC(272) Pause Young (Concurrent Start) (G1 Humongous Allocation) 230M->23M(512M) 0.725ms
[2024-08-23T15:49:20.384+0800] GC(272) User=0.00s Sys=0.00s Real=0.00s
[2024-08-23T15:49:20.384+0800] GC(273) Concurrent Undo Cycle
[2024-08-23T15:49:20.384+0800] GC(273) Concurrent Cleanup for Next Mark
[2024-08-23T15:49:20.384+0800] GC(273) Concurrent Cleanup for Next Mark 0.272ms
[2024-08-23T15:49:20.384+0800] GC(273) Concurrent Undo Cycle 0.331ms
[2024-08-23T15:49:21.147+0800] GC(274) Pause Young (Concurrent Start) (G1 Humongous Allocation)
[2024-08-23T15:49:21.147+0800] GC(274) Using 6 workers of 6 for evacuation
[2024-08-23T15:49:21.147+0800] GC(274)   Pre Evacuate Collection Set: 0.1ms
[2024-08-23T15:49:21.147+0800] GC(274)   Merge Heap Roots: 0.1ms
[2024-08-23T15:49:21.147+0800] GC(274)   Evacuate Collection Set: 0.1ms
[2024-08-23T15:49:21.147+0800] GC(274)   Post Evacuate Collection Set: 0.3ms
[2024-08-23T15:49:21.147+0800] GC(274)   Other: 0.1ms
[2024-08-23T15:49:21.147+0800] GC(274) Eden regions: 1->0(307)
[2024-08-23T15:49:21.147+0800] GC(274) Survivor regions: 0->0(39)
[2024-08-23T15:49:21.147+0800] GC(274) Old regions: 1->1
[2024-08-23T15:49:21.147+0800] GC(274) Archive regions: 0->0
[2024-08-23T15:49:21.147+0800] GC(274) Humongous regions: 230->129
[2024-08-23T15:49:21.147+0800] GC(274) Metaspace: 307K(512K)->307K(512K) NonClass: 299K(384K)->299K(384K) Class: 7K(128K)->7K(128K)
[2024-08-23T15:49:21.148+0800] GC(274) Pause Young (Concurrent Start) (G1 Humongous Allocation) 231M->129M(512M) 0.745ms
[2024-08-23T15:49:21.148+0800] GC(274) User=0.00s Sys=0.00s Real=0.00s
[2024-08-23T15:49:21.148+0800] GC(275) Concurrent Undo Cycle
[2024-08-23T15:49:21.148+0800] GC(275) Concurrent Cleanup for Next Mark
[2024-08-23T15:49:21.148+0800] GC(275) Concurrent Cleanup for Next Mark 0.210ms
[2024-08-23T15:49:21.148+0800] GC(275) Concurrent Undo Cycle 0.254ms
[2024-08-23T15:49:23.222+0800] GC(276) Pause Young (Concurrent Start) (G1 Humongous Allocation)
[2024-08-23T15:49:23.222+0800] GC(276) Using 6 workers of 6 for evacuation
[2024-08-23T15:49:23.223+0800] GC(276)   Pre Evacuate Collection Set: 0.0ms
[2024-08-23T15:49:23.223+0800] GC(276)   Merge Heap Roots: 0.1ms
[2024-08-23T15:49:23.223+0800] GC(276)   Evacuate Collection Set: 0.1ms
[2024-08-23T15:49:23.223+0800] GC(276)   Post Evacuate Collection Set: 0.3ms
[2024-08-23T15:49:23.223+0800] GC(276)   Other: 0.1ms
[2024-08-23T15:49:23.223+0800] GC(276) Eden regions: 1->0(307)
[2024-08-23T15:49:23.223+0800] GC(276) Survivor regions: 0->0(39)
[2024-08-23T15:49:23.223+0800] GC(276) Old regions: 1->1
[2024-08-23T15:49:23.223+0800] GC(276) Archive regions: 0->0
[2024-08-23T15:49:23.223+0800] GC(276) Humongous regions: 230->12
[2024-08-23T15:49:23.223+0800] GC(276) Metaspace: 307K(512K)->307K(512K) NonClass: 299K(384K)->299K(384K) Class: 7K(128K)->7K(128K)
[2024-08-23T15:49:23.223+0800] GC(276) Pause Young (Concurrent Start) (G1 Humongous Allocation) 231M->12M(512M) 0.695ms
[2024-08-23T15:49:23.223+0800] GC(276) User=0.00s Sys=0.00s Real=0.00s
[2024-08-23T15:49:23.223+0800] GC(277) Concurrent Undo Cycle
[2024-08-23T15:49:23.223+0800] GC(277) Concurrent Cleanup for Next Mark
[2024-08-23T15:49:23.223+0800] GC(277) Concurrent Cleanup for Next Mark 0.305ms
[2024-08-23T15:49:23.223+0800] GC(277) Concurrent Undo Cycle 0.384ms
[2024-08-23T15:49:24.314+0800] GC(278) Pause Young (Concurrent Start) (G1 Humongous Allocation)
[2024-08-23T15:49:24.314+0800] GC(278) Using 6 workers of 6 for evacuation
[2024-08-23T15:49:24.315+0800] GC(278)   Pre Evacuate Collection Set: 0.1ms
[2024-08-23T15:49:24.315+0800] GC(278)   Merge Heap Roots: 0.1ms
[2024-08-23T15:49:24.315+0800] GC(278)   Evacuate Collection Set: 0.1ms
[2024-08-23T15:49:24.315+0800] GC(278)   Post Evacuate Collection Set: 0.4ms
[2024-08-23T15:49:24.315+0800] GC(278)   Other: 0.1ms
[2024-08-23T15:49:24.315+0800] GC(278) Eden regions: 1->0(307)
[2024-08-23T15:49:24.315+0800] GC(278) Survivor regions: 0->0(39)
[2024-08-23T15:49:24.315+0800] GC(278) Old regions: 1->1
[2024-08-23T15:49:24.315+0800] GC(278) Archive regions: 0->0
[2024-08-23T15:49:24.315+0800] GC(278) Humongous regions: 229->63
[2024-08-23T15:49:24.315+0800] GC(278) Metaspace: 307K(512K)->307K(512K) NonClass: 299K(384K)->299K(384K) Class: 7K(128K)->7K(128K)
[2024-08-23T15:49:24.315+0800] GC(278) Pause Young (Concurrent Start) (G1 Humongous Allocation) 230M->63M(512M) 0.932ms
[2024-08-23T15:49:24.315+0800] GC(278) User=0.00s Sys=0.00s Real=0.00s
[2024-08-23T15:49:24.315+0800] GC(279) Concurrent Undo Cycle
[2024-08-23T15:49:24.315+0800] GC(279) Concurrent Cleanup for Next Mark
[2024-08-23T15:49:24.315+0800] GC(279) Concurrent Cleanup for Next Mark 0.265ms
[2024-08-23T15:49:24.315+0800] GC(279) Concurrent Undo Cycle 0.321ms
[2024-08-23T15:49:25.298+0800] GC(280) Pause Young (Concurrent Start) (G1 Humongous Allocation)
[2024-08-23T15:49:25.298+0800] GC(280) Using 6 workers of 6 for evacuation
[2024-08-23T15:49:25.298+0800] GC(280)   Pre Evacuate Collection Set: 0.1ms
[2024-08-23T15:49:25.298+0800] GC(280)   Merge Heap Roots: 0.1ms
[2024-08-23T15:49:25.298+0800] GC(280)   Evacuate Collection Set: 0.1ms
[2024-08-23T15:49:25.298+0800] GC(280)   Post Evacuate Collection Set: 0.4ms
[2024-08-23T15:49:25.298+0800] GC(280)   Other: 0.1ms
[2024-08-23T15:49:25.298+0800] GC(280) Eden regions: 1->0(307)
[2024-08-23T15:49:25.298+0800] GC(280) Survivor regions: 0->0(39)
[2024-08-23T15:49:25.298+0800] GC(280) Old regions: 1->1
[2024-08-23T15:49:25.298+0800] GC(280) Archive regions: 0->0
[2024-08-23T15:49:25.298+0800] GC(280) Humongous regions: 187->114
[2024-08-23T15:49:25.298+0800] GC(280) Metaspace: 307K(512K)->307K(512K) NonClass: 299K(384K)->299K(384K) Class: 7K(128K)->7K(128K)
[2024-08-23T15:49:25.298+0800] GC(280) Pause Young (Concurrent Start) (G1 Humongous Allocation) 188M->114M(512M) 0.945ms
[2024-08-23T15:49:25.298+0800] GC(280) User=0.00s Sys=0.00s Real=0.00s
[2024-08-23T15:49:25.298+0800] GC(281) Concurrent Undo Cycle
[2024-08-23T15:49:25.298+0800] GC(281) Concurrent Cleanup for Next Mark
[2024-08-23T15:49:25.298+0800] GC(281) Concurrent Cleanup for Next Mark 0.293ms
[2024-08-23T15:49:25.298+0800] GC(281) Concurrent Undo Cycle 0.372ms
[2024-08-23T15:49:25.732+0800] GC(282) Pause Young (Concurrent Start) (G1 Humongous Allocation)
[2024-08-23T15:49:25.732+0800] GC(282) Using 6 workers of 6 for evacuation
[2024-08-23T15:49:25.732+0800] GC(282)   Pre Evacuate Collection Set: 0.1ms
[2024-08-23T15:49:25.732+0800] GC(282)   Merge Heap Roots: 0.1ms
[2024-08-23T15:49:25.732+0800] GC(282)   Evacuate Collection Set: 0.1ms
[2024-08-23T15:49:25.732+0800] GC(282)   Post Evacuate Collection Set: 0.2ms
[2024-08-23T15:49:25.733+0800] GC(282)   Other: 0.1ms
[2024-08-23T15:49:25.733+0800] GC(282) Eden regions: 1->0(288)
[2024-08-23T15:49:25.733+0800] GC(282) Survivor regions: 0->0(39)
[2024-08-23T15:49:25.733+0800] GC(282) Old regions: 1->1
[2024-08-23T15:49:25.733+0800] GC(282) Archive regions: 0->0
[2024-08-23T15:49:25.733+0800] GC(282) Humongous regions: 225->170
[2024-08-23T15:49:25.733+0800] GC(282) Metaspace: 307K(512K)->307K(512K) NonClass: 299K(384K)->299K(384K) Class: 7K(128K)->7K(128K)
[2024-08-23T15:49:25.733+0800] GC(282) Pause Young (Concurrent Start) (G1 Humongous Allocation) 226M->170M(512M) 0.735ms
[2024-08-23T15:49:25.733+0800] GC(282) User=0.00s Sys=0.00s Real=0.00s
[2024-08-23T15:49:25.733+0800] GC(283) Concurrent Undo Cycle
[2024-08-23T15:49:25.733+0800] GC(283) Concurrent Cleanup for Next Mark
[2024-08-23T15:49:25.733+0800] GC(283) Concurrent Cleanup for Next Mark 0.267ms
[2024-08-23T15:49:25.733+0800] GC(283) Concurrent Undo Cycle 0.331ms
[2024-08-23T15:49:26.714+0800] GC(284) Pause Young (Concurrent Start) (G1 Humongous Allocation)
[2024-08-23T15:49:26.714+0800] GC(284) Using 6 workers of 6 for evacuation
[2024-08-23T15:49:26.714+0800] GC(284)   Pre Evacuate Collection Set: 0.1ms
[2024-08-23T15:49:26.714+0800] GC(284)   Merge Heap Roots: 0.1ms
[2024-08-23T15:49:26.714+0800] GC(284)   Evacuate Collection Set: 0.1ms
[2024-08-23T15:49:26.714+0800] GC(284)   Post Evacuate Collection Set: 0.4ms
[2024-08-23T15:49:26.714+0800] GC(284)   Other: 0.1ms
[2024-08-23T15:49:26.714+0800] GC(284) Eden regions: 1->0(307)
[2024-08-23T15:49:26.714+0800] GC(284) Survivor regions: 0->0(36)
[2024-08-23T15:49:26.714+0800] GC(284) Old regions: 1->1
[2024-08-23T15:49:26.714+0800] GC(284) Archive regions: 0->0
[2024-08-23T15:49:26.714+0800] GC(284) Humongous regions: 194->6
[2024-08-23T15:49:26.714+0800] GC(284) Metaspace: 307K(512K)->307K(512K) NonClass: 299K(384K)->299K(384K) Class: 7K(128K)->7K(128K)
[2024-08-23T15:49:26.714+0800] GC(284) Pause Young (Concurrent Start) (G1 Humongous Allocation) 195M->6M(512M) 0.861ms
[2024-08-23T15:49:26.714+0800] GC(284) User=0.00s Sys=0.00s Real=0.00s
[2024-08-23T15:49:26.714+0800] GC(285) Concurrent Undo Cycle
[2024-08-23T15:49:26.714+0800] GC(285) Concurrent Cleanup for Next Mark
[2024-08-23T15:49:26.714+0800] GC(285) Concurrent Cleanup for Next Mark 0.253ms
[2024-08-23T15:49:26.714+0800] GC(285) Concurrent Undo Cycle 0.322ms
[2024-08-23T15:49:28.021+0800] GC(286) Pause Young (Concurrent Start) (G1 Humongous Allocation)
[2024-08-23T15:49:28.021+0800] GC(286) Using 6 workers of 6 for evacuation
[2024-08-23T15:49:28.021+0800] GC(286)   Pre Evacuate Collection Set: 0.1ms
[2024-08-23T15:49:28.021+0800] GC(286)   Merge Heap Roots: 0.1ms
[2024-08-23T15:49:28.021+0800] GC(286)   Evacuate Collection Set: 0.1ms
[2024-08-23T15:49:28.021+0800] GC(286)   Post Evacuate Collection Set: 0.3ms
[2024-08-23T15:49:28.021+0800] GC(286)   Other: 0.1ms
[2024-08-23T15:49:28.021+0800] GC(286) Eden regions: 1->0(307)
[2024-08-23T15:49:28.021+0800] GC(286) Survivor regions: 0->0(39)
[2024-08-23T15:49:28.021+0800] GC(286) Old regions: 1->1
[2024-08-23T15:49:28.022+0800] GC(286) Archive regions: 0->0
[2024-08-23T15:49:28.022+0800] GC(286) Humongous regions: 190->29
[2024-08-23T15:49:28.022+0800] GC(286) Metaspace: 307K(512K)->307K(512K) NonClass: 299K(384K)->299K(384K) Class: 7K(128K)->7K(128K)
[2024-08-23T15:49:28.022+0800] GC(286) Pause Young (Concurrent Start) (G1 Humongous Allocation) 191M->29M(512M) 0.891ms
[2024-08-23T15:49:28.022+0800] GC(286) User=0.00s Sys=0.00s Real=0.00s
[2024-08-23T15:49:28.022+0800] GC(287) Concurrent Undo Cycle
[2024-08-23T15:49:28.022+0800] GC(287) Concurrent Cleanup for Next Mark
[2024-08-23T15:49:28.022+0800] GC(287) Concurrent Cleanup for Next Mark 0.282ms
[2024-08-23T15:49:28.022+0800] GC(287) Concurrent Undo Cycle 0.353ms
[2024-08-23T15:49:29.116+0800] GC(288) Pause Young (Concurrent Start) (G1 Humongous Allocation)
[2024-08-23T15:49:29.116+0800] GC(288) Using 6 workers of 6 for evacuation
[2024-08-23T15:49:29.116+0800] GC(288)   Pre Evacuate Collection Set: 0.1ms
[2024-08-23T15:49:29.116+0800] GC(288)   Merge Heap Roots: 0.1ms
[2024-08-23T15:49:29.116+0800] GC(288)   Evacuate Collection Set: 0.2ms
[2024-08-23T15:49:29.116+0800] GC(288)   Post Evacuate Collection Set: 0.4ms
[2024-08-23T15:49:29.116+0800] GC(288)   Other: 0.1ms
[2024-08-23T15:49:29.116+0800] GC(288) Eden regions: 1->0(307)
[2024-08-23T15:49:29.116+0800] GC(288) Survivor regions: 0->0(39)
[2024-08-23T15:49:29.116+0800] GC(288) Old regions: 1->1
[2024-08-23T15:49:29.116+0800] GC(288) Archive regions: 0->0
[2024-08-23T15:49:29.116+0800] GC(288) Humongous regions: 221->16
[2024-08-23T15:49:29.116+0800] GC(288) Metaspace: 307K(512K)->307K(512K) NonClass: 299K(384K)->299K(384K) Class: 7K(128K)->7K(128K)
[2024-08-23T15:49:29.116+0800] GC(288) Pause Young (Concurrent Start) (G1 Humongous Allocation) 222M->16M(512M) 0.974ms
[2024-08-23T15:49:29.116+0800] GC(288) User=0.00s Sys=0.00s Real=0.00s
[2024-08-23T15:49:29.116+0800] GC(289) Concurrent Undo Cycle
[2024-08-23T15:49:29.116+0800] GC(289) Concurrent Cleanup for Next Mark
[2024-08-23T15:49:29.117+0800] GC(289) Concurrent Cleanup for Next Mark 0.294ms
[2024-08-23T15:49:29.117+0800] GC(289) Concurrent Undo Cycle 0.361ms
[2024-08-23T15:49:30.535+0800] GC(290) Pause Young (Concurrent Start) (G1 Humongous Allocation)
[2024-08-23T15:49:30.535+0800] GC(290) Using 6 workers of 6 for evacuation
[2024-08-23T15:49:30.536+0800] GC(290)   Pre Evacuate Collection Set: 0.1ms
[2024-08-23T15:49:30.536+0800] GC(290)   Merge Heap Roots: 0.1ms
[2024-08-23T15:49:30.536+0800] GC(290)   Evacuate Collection Set: 0.2ms
[2024-08-23T15:49:30.536+0800] GC(290)   Post Evacuate Collection Set: 0.4ms
[2024-08-23T15:49:30.536+0800] GC(290)   Other: 0.1ms
[2024-08-23T15:49:30.536+0800] GC(290) Eden regions: 1->0(307)
[2024-08-23T15:49:30.536+0800] GC(290) Survivor regions: 0->0(39)
[2024-08-23T15:49:30.536+0800] GC(290) Old regions: 1->1
[2024-08-23T15:49:30.536+0800] GC(290) Archive regions: 0->0
[2024-08-23T15:49:30.536+0800] GC(290) Humongous regions: 221->6
[2024-08-23T15:49:30.536+0800] GC(290) Metaspace: 307K(512K)->307K(512K) NonClass: 299K(384K)->299K(384K) Class: 7K(128K)->7K(128K)
[2024-08-23T15:49:30.536+0800] GC(290) Pause Young (Concurrent Start) (G1 Humongous Allocation) 222M->6M(512M) 0.949ms
[2024-08-23T15:49:30.536+0800] GC(290) User=0.00s Sys=0.00s Real=0.00s
[2024-08-23T15:49:30.536+0800] GC(291) Concurrent Undo Cycle
[2024-08-23T15:49:30.536+0800] GC(291) Concurrent Cleanup for Next Mark
[2024-08-23T15:49:30.536+0800] GC(291) Concurrent Cleanup for Next Mark 0.269ms
[2024-08-23T15:49:30.536+0800] GC(291) Concurrent Undo Cycle 0.340ms
[2024-08-23T15:49:31.730+0800] GC(292) Pause Young (Concurrent Start) (G1 Humongous Allocation)
[2024-08-23T15:49:31.730+0800] GC(292) Using 6 workers of 6 for evacuation
[2024-08-23T15:49:31.731+0800] GC(292)   Pre Evacuate Collection Set: 0.1ms
[2024-08-23T15:49:31.731+0800] GC(292)   Merge Heap Roots: 0.1ms
[2024-08-23T15:49:31.731+0800] GC(292)   Evacuate Collection Set: 0.2ms
[2024-08-23T15:49:31.731+0800] GC(292)   Post Evacuate Collection Set: 0.4ms
[2024-08-23T15:49:31.731+0800] GC(292)   Other: 0.1ms
[2024-08-23T15:49:31.731+0800] GC(292) Eden regions: 1->0(307)
[2024-08-23T15:49:31.731+0800] GC(292) Survivor regions: 0->0(39)
[2024-08-23T15:49:31.731+0800] GC(292) Old regions: 1->1
[2024-08-23T15:49:31.731+0800] GC(292) Archive regions: 0->0
[2024-08-23T15:49:31.731+0800] GC(292) Humongous regions: 229->23
[2024-08-23T15:49:31.731+0800] GC(292) Metaspace: 307K(512K)->307K(512K) NonClass: 299K(384K)->299K(384K) Class: 7K(128K)->7K(128K)
[2024-08-23T15:49:31.731+0800] GC(292) Pause Young (Concurrent Start) (G1 Humongous Allocation) 230M->23M(512M) 0.976ms
[2024-08-23T15:49:31.731+0800] GC(292) User=0.00s Sys=0.00s Real=0.00s
[2024-08-23T15:49:31.731+0800] GC(293) Concurrent Undo Cycle
[2024-08-23T15:49:31.731+0800] GC(293) Concurrent Cleanup for Next Mark
[2024-08-23T15:49:31.731+0800] GC(293) Concurrent Cleanup for Next Mark 0.337ms
[2024-08-23T15:49:31.731+0800] GC(293) Concurrent Undo Cycle 0.412ms
[2024-08-23T15:49:32.495+0800] GC(294) Pause Young (Concurrent Start) (G1 Humongous Allocation)
[2024-08-23T15:49:32.495+0800] GC(294) Using 6 workers of 6 for evacuation
[2024-08-23T15:49:32.495+0800] GC(294)   Pre Evacuate Collection Set: 0.0ms
[2024-08-23T15:49:32.495+0800] GC(294)   Merge Heap Roots: 0.0ms
[2024-08-23T15:49:32.495+0800] GC(294)   Evacuate Collection Set: 0.1ms
[2024-08-23T15:49:32.495+0800] GC(294)   Post Evacuate Collection Set: 0.1ms
[2024-08-23T15:49:32.495+0800] GC(294)   Other: 0.1ms
[2024-08-23T15:49:32.495+0800] GC(294) Eden regions: 1->0(307)
[2024-08-23T15:49:32.495+0800] GC(294) Survivor regions: 0->0(39)
[2024-08-23T15:49:32.495+0800] GC(294) Old regions: 1->1
[2024-08-23T15:49:32.495+0800] GC(294) Archive regions: 0->0
[2024-08-23T15:49:32.495+0800] GC(294) Humongous regions: 230->139
[2024-08-23T15:49:32.495+0800] GC(294) Metaspace: 307K(512K)->307K(512K) NonClass: 299K(384K)->299K(384K) Class: 7K(128K)->7K(128K)
[2024-08-23T15:49:32.495+0800] GC(294) Pause Young (Concurrent Start) (G1 Humongous Allocation) 231M->139M(512M) 0.478ms
[2024-08-23T15:49:32.495+0800] GC(294) User=0.00s Sys=0.00s Real=0.00s
[2024-08-23T15:49:32.495+0800] GC(295) Concurrent Undo Cycle
[2024-08-23T15:49:32.495+0800] GC(295) Concurrent Cleanup for Next Mark
[2024-08-23T15:49:32.495+0800] GC(295) Concurrent Cleanup for Next Mark 0.210ms
[2024-08-23T15:49:32.495+0800] GC(295) Concurrent Undo Cycle 0.253ms
[2024-08-23T15:49:33.695+0800] GC(296) Pause Young (Concurrent Start) (G1 Humongous Allocation)
[2024-08-23T15:49:33.695+0800] GC(296) Using 6 workers of 6 for evacuation
[2024-08-23T15:49:33.696+0800] GC(296)   Pre Evacuate Collection Set: 0.1ms
[2024-08-23T15:49:33.696+0800] GC(296)   Merge Heap Roots: 0.1ms
[2024-08-23T15:49:33.696+0800] GC(296)   Evacuate Collection Set: 0.2ms
[2024-08-23T15:49:33.696+0800] GC(296)   Post Evacuate Collection Set: 0.4ms
[2024-08-23T15:49:33.696+0800] GC(296)   Other: 0.1ms
[2024-08-23T15:49:33.696+0800] GC(296) Eden regions: 1->0(307)
[2024-08-23T15:49:33.696+0800] GC(296) Survivor regions: 0->0(39)
[2024-08-23T15:49:33.696+0800] GC(296) Old regions: 1->1
[2024-08-23T15:49:33.696+0800] GC(296) Archive regions: 0->0
[2024-08-23T15:49:33.696+0800] GC(296) Humongous regions: 222->65
[2024-08-23T15:49:33.696+0800] GC(296) Metaspace: 307K(512K)->307K(512K) NonClass: 299K(384K)->299K(384K) Class: 7K(128K)->7K(128K)
[2024-08-23T15:49:33.696+0800] GC(296) Pause Young (Concurrent Start) (G1 Humongous Allocation) 223M->65M(512M) 1.043ms
[2024-08-23T15:49:33.696+0800] GC(296) User=0.00s Sys=0.00s Real=0.00s
[2024-08-23T15:49:33.696+0800] GC(297) Concurrent Undo Cycle
[2024-08-23T15:49:33.696+0800] GC(297) Concurrent Cleanup for Next Mark
[2024-08-23T15:49:33.696+0800] GC(297) Concurrent Cleanup for Next Mark 0.293ms
[2024-08-23T15:49:33.696+0800] GC(297) Concurrent Undo Cycle 0.357ms
[2024-08-23T15:49:35.119+0800] GC(298) Pause Young (Concurrent Start) (G1 Humongous Allocation)
[2024-08-23T15:49:35.119+0800] GC(298) Using 6 workers of 6 for evacuation
[2024-08-23T15:49:35.119+0800] GC(298)   Pre Evacuate Collection Set: 0.0ms
[2024-08-23T15:49:35.119+0800] GC(298)   Merge Heap Roots: 0.0ms
[2024-08-23T15:49:35.119+0800] GC(298)   Evacuate Collection Set: 0.1ms
[2024-08-23T15:49:35.119+0800] GC(298)   Post Evacuate Collection Set: 0.2ms
[2024-08-23T15:49:35.119+0800] GC(298)   Other: 0.1ms
[2024-08-23T15:49:35.119+0800] GC(298) Eden regions: 1->0(307)
[2024-08-23T15:49:35.119+0800] GC(298) Survivor regions: 0->0(39)
[2024-08-23T15:49:35.119+0800] GC(298) Old regions: 1->1
[2024-08-23T15:49:35.119+0800] GC(298) Archive regions: 0->0
[2024-08-23T15:49:35.119+0800] GC(298) Humongous regions: 183->27
[2024-08-23T15:49:35.119+0800] GC(298) Metaspace: 307K(512K)->307K(512K) NonClass: 299K(384K)->299K(384K) Class: 7K(128K)->7K(128K)
[2024-08-23T15:49:35.119+0800] GC(298) Pause Young (Concurrent Start) (G1 Humongous Allocation) 184M->27M(512M) 0.609ms
[2024-08-23T15:49:35.119+0800] GC(298) User=0.00s Sys=0.00s Real=0.00s
[2024-08-23T15:49:35.119+0800] GC(299) Concurrent Undo Cycle
[2024-08-23T15:49:35.119+0800] GC(299) Concurrent Cleanup for Next Mark
[2024-08-23T15:49:35.119+0800] GC(299) Concurrent Cleanup for Next Mark 0.224ms
[2024-08-23T15:49:35.119+0800] GC(299) Concurrent Undo Cycle 0.289ms
[2024-08-23T15:49:36.318+0800] GC(300) Pause Young (Concurrent Start) (G1 Humongous Allocation)
[2024-08-23T15:49:36.318+0800] GC(300) Using 6 workers of 6 for evacuation
[2024-08-23T15:49:36.318+0800] GC(300)   Pre Evacuate Collection Set: 0.0ms
[2024-08-23T15:49:36.318+0800] GC(300)   Merge Heap Roots: 0.0ms
[2024-08-23T15:49:36.318+0800] GC(300)   Evacuate Collection Set: 0.1ms
[2024-08-23T15:49:36.318+0800] GC(300)   Post Evacuate Collection Set: 0.1ms
[2024-08-23T15:49:36.318+0800] GC(300)   Other: 0.1ms
[2024-08-23T15:49:36.318+0800] GC(300) Eden regions: 1->0(307)
[2024-08-23T15:49:36.318+0800] GC(300) Survivor regions: 0->0(39)
[2024-08-23T15:49:36.318+0800] GC(300) Old regions: 1->1
[2024-08-23T15:49:36.318+0800] GC(300) Archive regions: 0->0
[2024-08-23T15:49:36.318+0800] GC(300) Humongous regions: 230->124
[2024-08-23T15:49:36.318+0800] GC(300) Metaspace: 307K(512K)->307K(512K) NonClass: 299K(384K)->299K(384K) Class: 7K(128K)->7K(128K)
[2024-08-23T15:49:36.318+0800] GC(300) Pause Young (Concurrent Start) (G1 Humongous Allocation) 231M->124M(512M) 0.490ms
[2024-08-23T15:49:36.318+0800] GC(300) User=0.00s Sys=0.00s Real=0.00s
[2024-08-23T15:49:36.318+0800] GC(301) Concurrent Undo Cycle
[2024-08-23T15:49:36.318+0800] GC(301) Concurrent Cleanup for Next Mark
[2024-08-23T15:49:36.318+0800] GC(301) Concurrent Cleanup for Next Mark 0.225ms
[2024-08-23T15:49:36.318+0800] GC(301) Concurrent Undo Cycle 0.281ms
[2024-08-23T15:49:36.643+0800] GC(302) Pause Young (Concurrent Start) (G1 Humongous Allocation)
[2024-08-23T15:49:36.643+0800] GC(302) Using 6 workers of 6 for evacuation
[2024-08-23T15:49:36.643+0800] GC(302)   Pre Evacuate Collection Set: 0.1ms
[2024-08-23T15:49:36.643+0800] GC(302)   Merge Heap Roots: 0.1ms
[2024-08-23T15:49:36.643+0800] GC(302)   Evacuate Collection Set: 0.1ms
[2024-08-23T15:49:36.643+0800] GC(302)   Post Evacuate Collection Set: 0.4ms
[2024-08-23T15:49:36.643+0800] GC(302)   Other: 0.1ms
[2024-08-23T15:49:36.643+0800] GC(302) Eden regions: 1->0(294)
[2024-08-23T15:49:36.643+0800] GC(302) Survivor regions: 0->0(39)
[2024-08-23T15:49:36.643+0800] GC(302) Old regions: 1->1
[2024-08-23T15:49:36.643+0800] GC(302) Archive regions: 0->0
[2024-08-23T15:49:36.643+0800] GC(302) Humongous regions: 207->164
[2024-08-23T15:49:36.643+0800] GC(302) Metaspace: 307K(512K)->307K(512K) NonClass: 299K(384K)->299K(384K) Class: 7K(128K)->7K(128K)
[2024-08-23T15:49:36.643+0800] GC(302) Pause Young (Concurrent Start) (G1 Humongous Allocation) 208M->164M(512M) 0.871ms
[2024-08-23T15:49:36.643+0800] GC(302) User=0.00s Sys=0.00s Real=0.00s
[2024-08-23T15:49:36.643+0800] GC(303) Concurrent Undo Cycle
[2024-08-23T15:49:36.643+0800] GC(303) Concurrent Cleanup for Next Mark
[2024-08-23T15:49:36.643+0800] GC(303) Concurrent Cleanup for Next Mark 0.318ms
[2024-08-23T15:49:36.643+0800] GC(303) Concurrent Undo Cycle 0.391ms
[2024-08-23T15:49:36.751+0800] GC(304) Pause Young (Concurrent Start) (G1 Humongous Allocation)
[2024-08-23T15:49:36.751+0800] GC(304) Using 6 workers of 6 for evacuation
[2024-08-23T15:49:36.751+0800] GC(304)   Pre Evacuate Collection Set: 0.1ms
[2024-08-23T15:49:36.751+0800] GC(304)   Merge Heap Roots: 0.1ms
[2024-08-23T15:49:36.751+0800] GC(304)   Evacuate Collection Set: 0.1ms
[2024-08-23T15:49:36.751+0800] GC(304)   Post Evacuate Collection Set: 0.3ms
[2024-08-23T15:49:36.751+0800] GC(304)   Other: 0.1ms
[2024-08-23T15:49:36.751+0800] GC(304) Eden regions: 1->0(244)
[2024-08-23T15:49:36.752+0800] GC(304) Survivor regions: 0->0(37)
[2024-08-23T15:49:36.752+0800] GC(304) Old regions: 1->1
[2024-08-23T15:49:36.752+0800] GC(304) Archive regions: 0->0
[2024-08-23T15:49:36.752+0800] GC(304) Humongous regions: 265->214
[2024-08-23T15:49:36.752+0800] GC(304) Metaspace: 307K(512K)->307K(512K) NonClass: 299K(384K)->299K(384K) Class: 7K(128K)->7K(128K)
[2024-08-23T15:49:36.752+0800] GC(304) Pause Young (Concurrent Start) (G1 Humongous Allocation) 266M->214M(512M) 0.831ms
[2024-08-23T15:49:36.752+0800] GC(304) User=0.00s Sys=0.00s Real=0.00s
[2024-08-23T15:49:36.752+0800] GC(305) Concurrent Undo Cycle
[2024-08-23T15:49:36.752+0800] GC(305) Concurrent Cleanup for Next Mark
[2024-08-23T15:49:36.752+0800] GC(305) Concurrent Cleanup for Next Mark 0.239ms
[2024-08-23T15:49:36.752+0800] GC(305) Concurrent Undo Cycle 0.289ms
[2024-08-23T15:49:37.190+0800] GC(306) Pause Young (Concurrent Start) (G1 Humongous Allocation)
[2024-08-23T15:49:37.190+0800] GC(306) Using 6 workers of 6 for evacuation
[2024-08-23T15:49:37.190+0800] GC(306)   Pre Evacuate Collection Set: 0.0ms
[2024-08-23T15:49:37.190+0800] GC(306)   Merge Heap Roots: 0.0ms
[2024-08-23T15:49:37.190+0800] GC(306)   Evacuate Collection Set: 0.1ms
[2024-08-23T15:49:37.190+0800] GC(306)   Post Evacuate Collection Set: 0.3ms
[2024-08-23T15:49:37.190+0800] GC(306)   Other: 0.1ms
[2024-08-23T15:49:37.190+0800] GC(306) Eden regions: 1->0(307)
[2024-08-23T15:49:37.190+0800] GC(306) Survivor regions: 0->0(31)
[2024-08-23T15:49:37.190+0800] GC(306) Old regions: 1->1
[2024-08-23T15:49:37.190+0800] GC(306) Archive regions: 0->0
[2024-08-23T15:49:37.190+0800] GC(306) Humongous regions: 230->121
[2024-08-23T15:49:37.190+0800] GC(306) Metaspace: 307K(512K)->307K(512K) NonClass: 299K(384K)->299K(384K) Class: 7K(128K)->7K(128K)
[2024-08-23T15:49:37.190+0800] GC(306) Pause Young (Concurrent Start) (G1 Humongous Allocation) 231M->121M(512M) 0.681ms
[2024-08-23T15:49:37.190+0800] GC(306) User=0.00s Sys=0.00s Real=0.00s
[2024-08-23T15:49:37.190+0800] GC(307) Concurrent Undo Cycle
[2024-08-23T15:49:37.190+0800] GC(307) Concurrent Cleanup for Next Mark
[2024-08-23T15:49:37.190+0800] GC(307) Concurrent Cleanup for Next Mark 0.229ms
[2024-08-23T15:49:37.190+0800] GC(307) Concurrent Undo Cycle 0.280ms
[2024-08-23T15:49:39.370+0800] GC(308) Pause Young (Concurrent Start) (G1 Humongous Allocation)
[2024-08-23T15:49:39.370+0800] GC(308) Using 6 workers of 6 for evacuation
[2024-08-23T15:49:39.370+0800] GC(308)   Pre Evacuate Collection Set: 0.0ms
[2024-08-23T15:49:39.370+0800] GC(308)   Merge Heap Roots: 0.0ms
[2024-08-23T15:49:39.370+0800] GC(308)   Evacuate Collection Set: 0.1ms
[2024-08-23T15:49:39.370+0800] GC(308)   Post Evacuate Collection Set: 0.2ms
[2024-08-23T15:49:39.370+0800] GC(308)   Other: 0.1ms
[2024-08-23T15:49:39.370+0800] GC(308) Eden regions: 1->0(307)
[2024-08-23T15:49:39.370+0800] GC(308) Survivor regions: 0->0(39)
[2024-08-23T15:49:39.370+0800] GC(308) Old regions: 1->1
[2024-08-23T15:49:39.370+0800] GC(308) Archive regions: 0->0
[2024-08-23T15:49:39.370+0800] GC(308) Humongous regions: 228->34
[2024-08-23T15:49:39.370+0800] GC(308) Metaspace: 307K(512K)->307K(512K) NonClass: 299K(384K)->299K(384K) Class: 7K(128K)->7K(128K)
[2024-08-23T15:49:39.370+0800] GC(308) Pause Young (Concurrent Start) (G1 Humongous Allocation) 229M->34M(512M) 0.528ms
[2024-08-23T15:49:39.370+0800] GC(308) User=0.00s Sys=0.00s Real=0.00s
[2024-08-23T15:49:39.370+0800] GC(309) Concurrent Undo Cycle
[2024-08-23T15:49:39.370+0800] GC(309) Concurrent Cleanup for Next Mark
[2024-08-23T15:49:39.370+0800] GC(309) Concurrent Cleanup for Next Mark 0.237ms
[2024-08-23T15:49:39.371+0800] GC(309) Concurrent Undo Cycle 0.320ms
[2024-08-23T15:49:40.462+0800] GC(310) Pause Young (Concurrent Start) (G1 Humongous Allocation)
[2024-08-23T15:49:40.462+0800] GC(310) Using 6 workers of 6 for evacuation
[2024-08-23T15:49:40.462+0800] GC(310)   Pre Evacuate Collection Set: 0.1ms
[2024-08-23T15:49:40.462+0800] GC(310)   Merge Heap Roots: 0.0ms
[2024-08-23T15:49:40.462+0800] GC(310)   Evacuate Collection Set: 0.1ms
[2024-08-23T15:49:40.462+0800] GC(310)   Post Evacuate Collection Set: 0.2ms
[2024-08-23T15:49:40.463+0800] GC(310)   Other: 0.1ms
[2024-08-23T15:49:40.463+0800] GC(310) Eden regions: 1->0(307)
[2024-08-23T15:49:40.463+0800] GC(310) Survivor regions: 0->0(39)
[2024-08-23T15:49:40.463+0800] GC(310) Old regions: 1->1
[2024-08-23T15:49:40.463+0800] GC(310) Archive regions: 0->0
[2024-08-23T15:49:40.463+0800] GC(310) Humongous regions: 226->25
[2024-08-23T15:49:40.463+0800] GC(310) Metaspace: 307K(512K)->307K(512K) NonClass: 299K(384K)->299K(384K) Class: 7K(128K)->7K(128K)
[2024-08-23T15:49:40.463+0800] GC(310) Pause Young (Concurrent Start) (G1 Humongous Allocation) 227M->25M(512M) 0.575ms
[2024-08-23T15:49:40.463+0800] GC(310) User=0.00s Sys=0.00s Real=0.00s
[2024-08-23T15:49:40.463+0800] GC(311) Concurrent Undo Cycle
[2024-08-23T15:49:40.463+0800] GC(311) Concurrent Cleanup for Next Mark
[2024-08-23T15:49:40.463+0800] GC(311) Concurrent Cleanup for Next Mark 0.343ms
[2024-08-23T15:49:40.463+0800] GC(311) Concurrent Undo Cycle 0.424ms
[2024-08-23T15:49:41.337+0800] GC(312) Pause Young (Concurrent Start) (G1 Humongous Allocation)
[2024-08-23T15:49:41.337+0800] GC(312) Using 6 workers of 6 for evacuation
[2024-08-23T15:49:41.337+0800] GC(312)   Pre Evacuate Collection Set: 0.1ms
[2024-08-23T15:49:41.337+0800] GC(312)   Merge Heap Roots: 0.1ms
[2024-08-23T15:49:41.337+0800] GC(312)   Evacuate Collection Set: 0.2ms
[2024-08-23T15:49:41.337+0800] GC(312)   Post Evacuate Collection Set: 0.2ms
[2024-08-23T15:49:41.337+0800] GC(312)   Other: 0.1ms
[2024-08-23T15:49:41.337+0800] GC(312) Eden regions: 1->0(307)
[2024-08-23T15:49:41.337+0800] GC(312) Survivor regions: 0->0(39)
[2024-08-23T15:49:41.337+0800] GC(312) Old regions: 1->1
[2024-08-23T15:49:41.337+0800] GC(312) Archive regions: 0->0
[2024-08-23T15:49:41.337+0800] GC(312) Humongous regions: 230->36
[2024-08-23T15:49:41.337+0800] GC(312) Metaspace: 307K(512K)->307K(512K) NonClass: 299K(384K)->299K(384K) Class: 7K(128K)->7K(128K)
[2024-08-23T15:49:41.337+0800] GC(312) Pause Young (Concurrent Start) (G1 Humongous Allocation) 231M->36M(512M) 0.725ms
[2024-08-23T15:49:41.337+0800] GC(312) User=0.00s Sys=0.00s Real=0.00s
[2024-08-23T15:49:41.337+0800] GC(313) Concurrent Undo Cycle
[2024-08-23T15:49:41.337+0800] GC(313) Concurrent Cleanup for Next Mark
[2024-08-23T15:49:41.337+0800] GC(313) Concurrent Cleanup for Next Mark 0.247ms
[2024-08-23T15:49:41.337+0800] GC(313) Concurrent Undo Cycle 0.314ms
[2024-08-23T15:49:42.646+0800] GC(314) Pause Young (Concurrent Start) (G1 Humongous Allocation)
[2024-08-23T15:49:42.646+0800] GC(314) Using 6 workers of 6 for evacuation
[2024-08-23T15:49:42.646+0800] GC(314)   Pre Evacuate Collection Set: 0.1ms
[2024-08-23T15:49:42.646+0800] GC(314)   Merge Heap Roots: 0.0ms
[2024-08-23T15:49:42.646+0800] GC(314)   Evacuate Collection Set: 0.1ms
[2024-08-23T15:49:42.646+0800] GC(314)   Post Evacuate Collection Set: 0.3ms
[2024-08-23T15:49:42.646+0800] GC(314)   Other: 0.1ms
[2024-08-23T15:49:42.646+0800] GC(314) Eden regions: 1->0(307)
[2024-08-23T15:49:42.646+0800] GC(314) Survivor regions: 0->0(39)
[2024-08-23T15:49:42.646+0800] GC(314) Old regions: 1->1
[2024-08-23T15:49:42.646+0800] GC(314) Archive regions: 0->0
[2024-08-23T15:49:42.646+0800] GC(314) Humongous regions: 230->23
[2024-08-23T15:49:42.646+0800] GC(314) Metaspace: 307K(512K)->307K(512K) NonClass: 299K(384K)->299K(384K) Class: 7K(128K)->7K(128K)
[2024-08-23T15:49:42.646+0800] GC(314) Pause Young (Concurrent Start) (G1 Humongous Allocation) 231M->23M(512M) 0.714ms
[2024-08-23T15:49:42.646+0800] GC(314) User=0.00s Sys=0.00s Real=0.00s
[2024-08-23T15:49:42.646+0800] GC(315) Concurrent Undo Cycle
[2024-08-23T15:49:42.646+0800] GC(315) Concurrent Cleanup for Next Mark
[2024-08-23T15:49:42.647+0800] GC(315) Concurrent Cleanup for Next Mark 0.298ms
[2024-08-23T15:49:42.647+0800] GC(315) Concurrent Undo Cycle 0.372ms
[2024-08-23T15:49:43.735+0800] GC(316) Pause Young (Concurrent Start) (G1 Humongous Allocation)
[2024-08-23T15:49:43.735+0800] GC(316) Using 6 workers of 6 for evacuation
[2024-08-23T15:49:43.735+0800] GC(316)   Pre Evacuate Collection Set: 0.1ms
[2024-08-23T15:49:43.735+0800] GC(316)   Merge Heap Roots: 0.0ms
[2024-08-23T15:49:43.735+0800] GC(316)   Evacuate Collection Set: 0.1ms
[2024-08-23T15:49:43.735+0800] GC(316)   Post Evacuate Collection Set: 0.1ms
[2024-08-23T15:49:43.735+0800] GC(316)   Other: 0.1ms
[2024-08-23T15:49:43.735+0800] GC(316) Eden regions: 1->0(307)
[2024-08-23T15:49:43.735+0800] GC(316) Survivor regions: 0->0(39)
[2024-08-23T15:49:43.735+0800] GC(316) Old regions: 1->1
[2024-08-23T15:49:43.735+0800] GC(316) Archive regions: 0->0
[2024-08-23T15:49:43.735+0800] GC(316) Humongous regions: 153->78
[2024-08-23T15:49:43.735+0800] GC(316) Metaspace: 307K(512K)->307K(512K) NonClass: 299K(384K)->299K(384K) Class: 7K(128K)->7K(128K)
[2024-08-23T15:49:43.735+0800] GC(316) Pause Young (Concurrent Start) (G1 Humongous Allocation) 154M->78M(512M) 0.531ms
[2024-08-23T15:49:43.735+0800] GC(316) User=0.00s Sys=0.00s Real=0.00s
[2024-08-23T15:49:43.735+0800] GC(317) Concurrent Undo Cycle
[2024-08-23T15:49:43.735+0800] GC(317) Concurrent Cleanup for Next Mark
[2024-08-23T15:49:43.735+0800] GC(317) Concurrent Cleanup for Next Mark 0.224ms
[2024-08-23T15:49:43.735+0800] GC(317) Concurrent Undo Cycle 0.277ms
[2024-08-23T15:49:44.823+0800] GC(318) Pause Young (Concurrent Start) (G1 Humongous Allocation)
[2024-08-23T15:49:44.823+0800] GC(318) Using 6 workers of 6 for evacuation
[2024-08-23T15:49:44.824+0800] GC(318)   Pre Evacuate Collection Set: 0.1ms
[2024-08-23T15:49:44.824+0800] GC(318)   Merge Heap Roots: 0.1ms
[2024-08-23T15:49:44.824+0800] GC(318)   Evacuate Collection Set: 0.2ms
[2024-08-23T15:49:44.824+0800] GC(318)   Post Evacuate Collection Set: 0.4ms
[2024-08-23T15:49:44.824+0800] GC(318)   Other: 0.1ms
[2024-08-23T15:49:44.824+0800] GC(318) Eden regions: 1->0(307)
[2024-08-23T15:49:44.824+0800] GC(318) Survivor regions: 0->0(39)
[2024-08-23T15:49:44.824+0800] GC(318) Old regions: 1->1
[2024-08-23T15:49:44.824+0800] GC(318) Archive regions: 0->0
[2024-08-23T15:49:44.824+0800] GC(318) Humongous regions: 230->95
[2024-08-23T15:49:44.824+0800] GC(318) Metaspace: 307K(512K)->307K(512K) NonClass: 299K(384K)->299K(384K) Class: 7K(128K)->7K(128K)
[2024-08-23T15:49:44.824+0800] GC(318) Pause Young (Concurrent Start) (G1 Humongous Allocation) 231M->95M(512M) 0.930ms
[2024-08-23T15:49:44.824+0800] GC(318) User=0.00s Sys=0.00s Real=0.00s
[2024-08-23T15:49:44.824+0800] GC(319) Concurrent Undo Cycle
[2024-08-23T15:49:44.824+0800] GC(319) Concurrent Cleanup for Next Mark
[2024-08-23T15:49:44.824+0800] GC(319) Concurrent Cleanup for Next Mark 0.268ms
[2024-08-23T15:49:44.824+0800] GC(319) Concurrent Undo Cycle 0.342ms
[2024-08-23T15:49:45.152+0800] GC(320) Pause Young (Concurrent Start) (G1 Humongous Allocation)
[2024-08-23T15:49:45.152+0800] GC(320) Using 6 workers of 6 for evacuation
[2024-08-23T15:49:45.152+0800] GC(320)   Pre Evacuate Collection Set: 0.0ms
[2024-08-23T15:49:45.152+0800] GC(320)   Merge Heap Roots: 0.0ms
[2024-08-23T15:49:45.152+0800] GC(320)   Evacuate Collection Set: 0.1ms
[2024-08-23T15:49:45.152+0800] GC(320)   Post Evacuate Collection Set: 0.2ms
[2024-08-23T15:49:45.152+0800] GC(320)   Other: 0.1ms
[2024-08-23T15:49:45.152+0800] GC(320) Eden regions: 1->0(307)
[2024-08-23T15:49:45.152+0800] GC(320) Survivor regions: 0->0(39)
[2024-08-23T15:49:45.152+0800] GC(320) Old regions: 1->1
[2024-08-23T15:49:45.152+0800] GC(320) Archive regions: 0->0
[2024-08-23T15:49:45.152+0800] GC(320) Humongous regions: 178->135
[2024-08-23T15:49:45.152+0800] GC(320) Metaspace: 307K(512K)->307K(512K) NonClass: 299K(384K)->299K(384K) Class: 7K(128K)->7K(128K)
[2024-08-23T15:49:45.152+0800] GC(320) Pause Young (Concurrent Start) (G1 Humongous Allocation) 179M->135M(512M) 0.604ms
[2024-08-23T15:49:45.152+0800] GC(320) User=0.00s Sys=0.00s Real=0.00s
[2024-08-23T15:49:45.152+0800] GC(321) Concurrent Undo Cycle
[2024-08-23T15:49:45.152+0800] GC(321) Concurrent Cleanup for Next Mark
[2024-08-23T15:49:45.153+0800] GC(321) Concurrent Cleanup for Next Mark 0.351ms
[2024-08-23T15:49:45.153+0800] GC(321) Concurrent Undo Cycle 0.447ms
[2024-08-23T15:49:45.807+0800] GC(322) Pause Young (Concurrent Start) (G1 Humongous Allocation)
[2024-08-23T15:49:45.807+0800] GC(322) Using 6 workers of 6 for evacuation
[2024-08-23T15:49:45.807+0800] GC(322)   Pre Evacuate Collection Set: 0.1ms
[2024-08-23T15:49:45.807+0800] GC(322)   Merge Heap Roots: 0.0ms
[2024-08-23T15:49:45.807+0800] GC(322)   Evacuate Collection Set: 0.1ms
[2024-08-23T15:49:45.807+0800] GC(322)   Post Evacuate Collection Set: 0.2ms
[2024-08-23T15:49:45.807+0800] GC(322)   Other: 0.1ms
[2024-08-23T15:49:45.807+0800] GC(322) Eden regions: 1->0(307)
[2024-08-23T15:49:45.807+0800] GC(322) Survivor regions: 0->0(39)
[2024-08-23T15:49:45.807+0800] GC(322) Old regions: 1->1
[2024-08-23T15:49:45.807+0800] GC(322) Archive regions: 0->0
[2024-08-23T15:49:45.807+0800] GC(322) Humongous regions: 236->101
[2024-08-23T15:49:45.807+0800] GC(322) Metaspace: 307K(512K)->307K(512K) NonClass: 299K(384K)->299K(384K) Class: 7K(128K)->7K(128K)
[2024-08-23T15:49:45.807+0800] GC(322) Pause Young (Concurrent Start) (G1 Humongous Allocation) 237M->101M(512M) 0.639ms
[2024-08-23T15:49:45.807+0800] GC(322) User=0.00s Sys=0.00s Real=0.00s
[2024-08-23T15:49:45.807+0800] GC(323) Concurrent Undo Cycle
[2024-08-23T15:49:45.807+0800] GC(323) Concurrent Cleanup for Next Mark
[2024-08-23T15:49:45.808+0800] GC(323) Concurrent Cleanup for Next Mark 0.326ms
[2024-08-23T15:49:45.808+0800] GC(323) Concurrent Undo Cycle 0.410ms
[2024-08-23T15:49:46.571+0800] GC(324) Pause Young (Concurrent Start) (G1 Humongous Allocation)
[2024-08-23T15:49:46.571+0800] GC(324) Using 6 workers of 6 for evacuation
[2024-08-23T15:49:46.571+0800] GC(324)   Pre Evacuate Collection Set: 0.0ms
[2024-08-23T15:49:46.572+0800] GC(324)   Merge Heap Roots: 0.0ms
[2024-08-23T15:49:46.572+0800] GC(324)   Evacuate Collection Set: 0.1ms
[2024-08-23T15:49:46.572+0800] GC(324)   Post Evacuate Collection Set: 0.1ms
[2024-08-23T15:49:46.572+0800] GC(324)   Other: 0.1ms
[2024-08-23T15:49:46.572+0800] GC(324) Eden regions: 1->0(307)
[2024-08-23T15:49:46.572+0800] GC(324) Survivor regions: 0->0(39)
[2024-08-23T15:49:46.572+0800] GC(324) Old regions: 1->1
[2024-08-23T15:49:46.572+0800] GC(324) Archive regions: 0->0
[2024-08-23T15:49:46.572+0800] GC(324) Humongous regions: 213->57
[2024-08-23T15:49:46.572+0800] GC(324) Metaspace: 307K(512K)->307K(512K) NonClass: 299K(384K)->299K(384K) Class: 7K(128K)->7K(128K)
[2024-08-23T15:49:46.572+0800] GC(324) Pause Young (Concurrent Start) (G1 Humongous Allocation) 214M->57M(512M) 0.514ms
[2024-08-23T15:49:46.572+0800] GC(324) User=0.00s Sys=0.00s Real=0.00s
[2024-08-23T15:49:46.572+0800] GC(325) Concurrent Undo Cycle
[2024-08-23T15:49:46.572+0800] GC(325) Concurrent Cleanup for Next Mark
[2024-08-23T15:49:46.572+0800] GC(325) Concurrent Cleanup for Next Mark 0.237ms
[2024-08-23T15:49:46.572+0800] GC(325) Concurrent Undo Cycle 0.309ms
[2024-08-23T15:49:47.768+0800] GC(326) Pause Young (Concurrent Start) (G1 Humongous Allocation)
[2024-08-23T15:49:47.768+0800] GC(326) Using 6 workers of 6 for evacuation
[2024-08-23T15:49:47.769+0800] GC(326)   Pre Evacuate Collection Set: 0.1ms
[2024-08-23T15:49:47.769+0800] GC(326)   Merge Heap Roots: 0.1ms
[2024-08-23T15:49:47.769+0800] GC(326)   Evacuate Collection Set: 0.1ms
[2024-08-23T15:49:47.769+0800] GC(326)   Post Evacuate Collection Set: 0.3ms
[2024-08-23T15:49:47.769+0800] GC(326)   Other: 0.1ms
[2024-08-23T15:49:47.769+0800] GC(326) Eden regions: 1->0(307)
[2024-08-23T15:49:47.769+0800] GC(326) Survivor regions: 0->0(39)
[2024-08-23T15:49:47.769+0800] GC(326) Old regions: 1->1
[2024-08-23T15:49:47.769+0800] GC(326) Archive regions: 0->0
[2024-08-23T15:49:47.769+0800] GC(326) Humongous regions: 220->25
[2024-08-23T15:49:47.769+0800] GC(326) Metaspace: 307K(512K)->307K(512K) NonClass: 299K(384K)->299K(384K) Class: 7K(128K)->7K(128K)
[2024-08-23T15:49:47.769+0800] GC(326) Pause Young (Concurrent Start) (G1 Humongous Allocation) 221M->25M(512M) 0.876ms
[2024-08-23T15:49:47.769+0800] GC(326) User=0.00s Sys=0.00s Real=0.00s
[2024-08-23T15:49:47.769+0800] GC(327) Concurrent Undo Cycle
[2024-08-23T15:49:47.769+0800] GC(327) Concurrent Cleanup for Next Mark
[2024-08-23T15:49:47.769+0800] GC(327) Concurrent Cleanup for Next Mark 0.280ms
[2024-08-23T15:49:47.769+0800] GC(327) Concurrent Undo Cycle 0.347ms
[2024-08-23T15:49:48.754+0800] GC(328) Pause Young (Concurrent Start) (G1 Humongous Allocation)
[2024-08-23T15:49:48.754+0800] GC(328) Using 6 workers of 6 for evacuation
[2024-08-23T15:49:48.754+0800] GC(328)   Pre Evacuate Collection Set: 0.1ms
[2024-08-23T15:49:48.754+0800] GC(328)   Merge Heap Roots: 0.1ms
[2024-08-23T15:49:48.754+0800] GC(328)   Evacuate Collection Set: 0.1ms
[2024-08-23T15:49:48.754+0800] GC(328)   Post Evacuate Collection Set: 0.2ms
[2024-08-23T15:49:48.754+0800] GC(328)   Other: 0.1ms
[2024-08-23T15:49:48.754+0800] GC(328) Eden regions: 1->0(307)
[2024-08-23T15:49:48.754+0800] GC(328) Survivor regions: 0->0(39)
[2024-08-23T15:49:48.754+0800] GC(328) Old regions: 1->1
[2024-08-23T15:49:48.754+0800] GC(328) Archive regions: 0->0
[2024-08-23T15:49:48.754+0800] GC(328) Humongous regions: 226->22
[2024-08-23T15:49:48.754+0800] GC(328) Metaspace: 307K(512K)->307K(512K) NonClass: 299K(384K)->299K(384K) Class: 7K(128K)->7K(128K)
[2024-08-23T15:49:48.754+0800] GC(328) Pause Young (Concurrent Start) (G1 Humongous Allocation) 227M->22M(512M) 0.670ms
[2024-08-23T15:49:48.754+0800] GC(328) User=0.00s Sys=0.00s Real=0.00s
[2024-08-23T15:49:48.754+0800] GC(329) Concurrent Undo Cycle
[2024-08-23T15:49:48.754+0800] GC(329) Concurrent Cleanup for Next Mark
[2024-08-23T15:49:48.754+0800] GC(329) Concurrent Cleanup for Next Mark 0.235ms
[2024-08-23T15:49:48.755+0800] GC(329) Concurrent Undo Cycle 0.302ms
[2024-08-23T15:49:50.823+0800] GC(330) Pause Young (Concurrent Start) (G1 Humongous Allocation)
[2024-08-23T15:49:50.823+0800] GC(330) Using 6 workers of 6 for evacuation
[2024-08-23T15:49:50.823+0800] GC(330)   Pre Evacuate Collection Set: 0.0ms
[2024-08-23T15:49:50.823+0800] GC(330)   Merge Heap Roots: 0.0ms
[2024-08-23T15:49:50.823+0800] GC(330)   Evacuate Collection Set: 0.1ms
[2024-08-23T15:49:50.823+0800] GC(330)   Post Evacuate Collection Set: 0.1ms
[2024-08-23T15:49:50.823+0800] GC(330)   Other: 0.1ms
[2024-08-23T15:49:50.823+0800] GC(330) Eden regions: 1->0(307)
[2024-08-23T15:49:50.823+0800] GC(330) Survivor regions: 0->0(39)
[2024-08-23T15:49:50.823+0800] GC(330) Old regions: 1->1
[2024-08-23T15:49:50.823+0800] GC(330) Archive regions: 0->0
[2024-08-23T15:49:50.823+0800] GC(330) Humongous regions: 177->68
[2024-08-23T15:49:50.823+0800] GC(330) Metaspace: 307K(512K)->307K(512K) NonClass: 299K(384K)->299K(384K) Class: 7K(128K)->7K(128K)
[2024-08-23T15:49:50.823+0800] GC(330) Pause Young (Concurrent Start) (G1 Humongous Allocation) 178M->68M(512M) 0.494ms
[2024-08-23T15:49:50.823+0800] GC(330) User=0.00s Sys=0.00s Real=0.00s
[2024-08-23T15:49:50.823+0800] GC(331) Concurrent Undo Cycle
[2024-08-23T15:49:50.823+0800] GC(331) Concurrent Cleanup for Next Mark
[2024-08-23T15:49:50.823+0800] GC(331) Concurrent Cleanup for Next Mark 0.235ms
[2024-08-23T15:49:50.824+0800] GC(331) Concurrent Undo Cycle 0.298ms
[2024-08-23T15:49:51.915+0800] GC(332) Pause Young (Concurrent Start) (G1 Humongous Allocation)
[2024-08-23T15:49:51.915+0800] GC(332) Using 6 workers of 6 for evacuation
[2024-08-23T15:49:51.916+0800] GC(332)   Pre Evacuate Collection Set: 0.1ms
[2024-08-23T15:49:51.916+0800] GC(332)   Merge Heap Roots: 0.1ms
[2024-08-23T15:49:51.916+0800] GC(332)   Evacuate Collection Set: 0.2ms
[2024-08-23T15:49:51.916+0800] GC(332)   Post Evacuate Collection Set: 0.4ms
[2024-08-23T15:49:51.916+0800] GC(332)   Other: 0.1ms
[2024-08-23T15:49:51.916+0800] GC(332) Eden regions: 1->0(307)
[2024-08-23T15:49:51.916+0800] GC(332) Survivor regions: 0->0(39)
[2024-08-23T15:49:51.916+0800] GC(332) Old regions: 1->1
[2024-08-23T15:49:51.916+0800] GC(332) Archive regions: 0->0
[2024-08-23T15:49:51.916+0800] GC(332) Humongous regions: 220->34
[2024-08-23T15:49:51.916+0800] GC(332) Metaspace: 307K(512K)->307K(512K) NonClass: 299K(384K)->299K(384K) Class: 7K(128K)->7K(128K)
[2024-08-23T15:49:51.916+0800] GC(332) Pause Young (Concurrent Start) (G1 Humongous Allocation) 221M->34M(512M) 1.006ms
[2024-08-23T15:49:51.916+0800] GC(332) User=0.00s Sys=0.00s Real=0.00s
[2024-08-23T15:49:51.916+0800] GC(333) Concurrent Undo Cycle
[2024-08-23T15:49:51.916+0800] GC(333) Concurrent Cleanup for Next Mark
[2024-08-23T15:49:51.916+0800] GC(333) Concurrent Cleanup for Next Mark 0.368ms
[2024-08-23T15:49:51.916+0800] GC(333) Concurrent Undo Cycle 0.435ms
[2024-08-23T15:49:52.679+0800] GC(334) Pause Young (Concurrent Start) (G1 Humongous Allocation)
[2024-08-23T15:49:52.679+0800] GC(334) Using 6 workers of 6 for evacuation
[2024-08-23T15:49:52.679+0800] GC(334)   Pre Evacuate Collection Set: 0.1ms
[2024-08-23T15:49:52.679+0800] GC(334)   Merge Heap Roots: 0.1ms
[2024-08-23T15:49:52.679+0800] GC(334)   Evacuate Collection Set: 0.2ms
[2024-08-23T15:49:52.679+0800] GC(334)   Post Evacuate Collection Set: 0.3ms
[2024-08-23T15:49:52.679+0800] GC(334)   Other: 0.1ms
[2024-08-23T15:49:52.679+0800] GC(334) Eden regions: 1->0(307)
[2024-08-23T15:49:52.679+0800] GC(334) Survivor regions: 0->0(39)
[2024-08-23T15:49:52.679+0800] GC(334) Old regions: 1->1
[2024-08-23T15:49:52.679+0800] GC(334) Archive regions: 0->0
[2024-08-23T15:49:52.679+0800] GC(334) Humongous regions: 228->50
[2024-08-23T15:49:52.679+0800] GC(334) Metaspace: 307K(512K)->307K(512K) NonClass: 299K(384K)->299K(384K) Class: 7K(128K)->7K(128K)
[2024-08-23T15:49:52.679+0800] GC(334) Pause Young (Concurrent Start) (G1 Humongous Allocation) 229M->50M(512M) 0.860ms
[2024-08-23T15:49:52.679+0800] GC(334) User=0.00s Sys=0.00s Real=0.00s
[2024-08-23T15:49:52.679+0800] GC(335) Concurrent Undo Cycle
[2024-08-23T15:49:52.679+0800] GC(335) Concurrent Cleanup for Next Mark
[2024-08-23T15:49:52.680+0800] GC(335) Concurrent Cleanup for Next Mark 0.277ms
[2024-08-23T15:49:52.680+0800] GC(335) Concurrent Undo Cycle 0.343ms
[2024-08-23T15:49:53.656+0800] GC(336) Pause Young (Concurrent Start) (G1 Humongous Allocation)
[2024-08-23T15:49:53.656+0800] GC(336) Using 6 workers of 6 for evacuation
[2024-08-23T15:49:53.656+0800] GC(336)   Pre Evacuate Collection Set: 0.1ms
[2024-08-23T15:49:53.656+0800] GC(336)   Merge Heap Roots: 0.1ms
[2024-08-23T15:49:53.656+0800] GC(336)   Evacuate Collection Set: 0.1ms
[2024-08-23T15:49:53.656+0800] GC(336)   Post Evacuate Collection Set: 0.3ms
[2024-08-23T15:49:53.656+0800] GC(336)   Other: 0.1ms
[2024-08-23T15:49:53.656+0800] GC(336) Eden regions: 1->0(307)
[2024-08-23T15:49:53.656+0800] GC(336) Survivor regions: 0->0(39)
[2024-08-23T15:49:53.656+0800] GC(336) Old regions: 1->1
[2024-08-23T15:49:53.656+0800] GC(336) Archive regions: 0->0
[2024-08-23T15:49:53.656+0800] GC(336) Humongous regions: 134->51
[2024-08-23T15:49:53.656+0800] GC(336) Metaspace: 307K(512K)->307K(512K) NonClass: 299K(384K)->299K(384K) Class: 7K(128K)->7K(128K)
[2024-08-23T15:49:53.656+0800] GC(336) Pause Young (Concurrent Start) (G1 Humongous Allocation) 135M->51M(512M) 0.810ms
[2024-08-23T15:49:53.657+0800] GC(336) User=0.00s Sys=0.00s Real=0.00s
[2024-08-23T15:49:53.657+0800] GC(337) Concurrent Undo Cycle
[2024-08-23T15:49:53.657+0800] GC(337) Concurrent Cleanup for Next Mark
[2024-08-23T15:49:53.657+0800] GC(337) Concurrent Cleanup for Next Mark 0.319ms
[2024-08-23T15:49:53.657+0800] GC(337) Concurrent Undo Cycle 0.394ms
[2024-08-23T15:49:54.859+0800] GC(338) Pause Young (Concurrent Start) (G1 Humongous Allocation)
[2024-08-23T15:49:54.859+0800] GC(338) Using 6 workers of 6 for evacuation
[2024-08-23T15:49:54.859+0800] GC(338)   Pre Evacuate Collection Set: 0.0ms
[2024-08-23T15:49:54.859+0800] GC(338)   Merge Heap Roots: 0.0ms
[2024-08-23T15:49:54.859+0800] GC(338)   Evacuate Collection Set: 0.1ms
[2024-08-23T15:49:54.859+0800] GC(338)   Post Evacuate Collection Set: 0.2ms
[2024-08-23T15:49:54.859+0800] GC(338)   Other: 0.1ms
[2024-08-23T15:49:54.859+0800] GC(338) Eden regions: 1->0(307)
[2024-08-23T15:49:54.859+0800] GC(338) Survivor regions: 0->0(39)
[2024-08-23T15:49:54.859+0800] GC(338) Old regions: 1->1
[2024-08-23T15:49:54.859+0800] GC(338) Archive regions: 0->0
[2024-08-23T15:49:54.859+0800] GC(338) Humongous regions: 214->68
[2024-08-23T15:49:54.859+0800] GC(338) Metaspace: 307K(512K)->307K(512K) NonClass: 299K(384K)->299K(384K) Class: 7K(128K)->7K(128K)
[2024-08-23T15:49:54.859+0800] GC(338) Pause Young (Concurrent Start) (G1 Humongous Allocation) 215M->68M(512M) 0.648ms
[2024-08-23T15:49:54.859+0800] GC(338) User=0.00s Sys=0.00s Real=0.00s
[2024-08-23T15:49:54.859+0800] GC(339) Concurrent Undo Cycle
[2024-08-23T15:49:54.859+0800] GC(339) Concurrent Cleanup for Next Mark
[2024-08-23T15:49:54.860+0800] GC(339) Concurrent Cleanup for Next Mark 0.282ms
[2024-08-23T15:49:54.860+0800] GC(339) Concurrent Undo Cycle 0.358ms
[2024-08-23T15:49:55.076+0800] GC(340) Pause Young (Concurrent Start) (G1 Humongous Allocation)
[2024-08-23T15:49:55.076+0800] GC(340) Using 6 workers of 6 for evacuation
[2024-08-23T15:49:55.077+0800] GC(340)   Pre Evacuate Collection Set: 0.1ms
[2024-08-23T15:49:55.077+0800] GC(340)   Merge Heap Roots: 0.1ms
[2024-08-23T15:49:55.077+0800] GC(340)   Evacuate Collection Set: 0.1ms
[2024-08-23T15:49:55.077+0800] GC(340)   Post Evacuate Collection Set: 0.2ms
[2024-08-23T15:49:55.077+0800] GC(340)   Other: 0.1ms
[2024-08-23T15:49:55.077+0800] GC(340) Eden regions: 1->0(307)
[2024-08-23T15:49:55.077+0800] GC(340) Survivor regions: 0->0(39)
[2024-08-23T15:49:55.077+0800] GC(340) Old regions: 1->1
[2024-08-23T15:49:55.077+0800] GC(340) Archive regions: 0->0
[2024-08-23T15:49:55.077+0800] GC(340) Humongous regions: 140->108
[2024-08-23T15:49:55.077+0800] GC(340) Metaspace: 307K(512K)->307K(512K) NonClass: 299K(384K)->299K(384K) Class: 7K(128K)->7K(128K)
[2024-08-23T15:49:55.077+0800] GC(340) Pause Young (Concurrent Start) (G1 Humongous Allocation) 141M->108M(512M) 0.642ms
[2024-08-23T15:49:55.077+0800] GC(340) User=0.00s Sys=0.00s Real=0.00s
[2024-08-23T15:49:55.077+0800] GC(341) Concurrent Undo Cycle
[2024-08-23T15:49:55.077+0800] GC(341) Concurrent Cleanup for Next Mark
[2024-08-23T15:49:55.077+0800] GC(341) Concurrent Cleanup for Next Mark 0.209ms
[2024-08-23T15:49:55.077+0800] GC(341) Concurrent Undo Cycle 0.259ms
[2024-08-23T15:49:55.621+0800] GC(342) Pause Young (Concurrent Start) (G1 Humongous Allocation)
[2024-08-23T15:49:55.621+0800] GC(342) Using 6 workers of 6 for evacuation
[2024-08-23T15:49:55.621+0800] GC(342)   Pre Evacuate Collection Set: 0.0ms
[2024-08-23T15:49:55.621+0800] GC(342)   Merge Heap Roots: 0.0ms
[2024-08-23T15:49:55.621+0800] GC(342)   Evacuate Collection Set: 0.1ms
[2024-08-23T15:49:55.621+0800] GC(342)   Post Evacuate Collection Set: 0.1ms
[2024-08-23T15:49:55.621+0800] GC(342)   Other: 0.1ms
[2024-08-23T15:49:55.621+0800] GC(342) Eden regions: 1->0(294)
[2024-08-23T15:49:55.621+0800] GC(342) Survivor regions: 0->0(39)
[2024-08-23T15:49:55.621+0800] GC(342) Old regions: 1->1
[2024-08-23T15:49:55.621+0800] GC(342) Archive regions: 0->0
[2024-08-23T15:49:55.621+0800] GC(342) Humongous regions: 225->164
[2024-08-23T15:49:55.621+0800] GC(342) Metaspace: 307K(512K)->307K(512K) NonClass: 299K(384K)->299K(384K) Class: 7K(128K)->7K(128K)
[2024-08-23T15:49:55.621+0800] GC(342) Pause Young (Concurrent Start) (G1 Humongous Allocation) 226M->164M(512M) 0.500ms
[2024-08-23T15:49:55.621+0800] GC(342) User=0.00s Sys=0.00s Real=0.00s
[2024-08-23T15:49:55.621+0800] GC(343) Concurrent Undo Cycle
[2024-08-23T15:49:55.621+0800] GC(343) Concurrent Cleanup for Next Mark
[2024-08-23T15:49:55.621+0800] GC(343) Concurrent Cleanup for Next Mark 0.263ms
[2024-08-23T15:49:55.622+0800] GC(343) Concurrent Undo Cycle 0.336ms
[2024-08-23T15:49:56.276+0800] GC(344) Pause Young (Concurrent Start) (G1 Humongous Allocation)
[2024-08-23T15:49:56.276+0800] GC(344) Using 6 workers of 6 for evacuation
[2024-08-23T15:49:56.276+0800] GC(344)   Pre Evacuate Collection Set: 0.1ms
[2024-08-23T15:49:56.276+0800] GC(344)   Merge Heap Roots: 0.0ms
[2024-08-23T15:49:56.276+0800] GC(344)   Evacuate Collection Set: 0.1ms
[2024-08-23T15:49:56.276+0800] GC(344)   Post Evacuate Collection Set: 0.2ms
[2024-08-23T15:49:56.276+0800] GC(344)   Other: 0.1ms
[2024-08-23T15:49:56.276+0800] GC(344) Eden regions: 1->0(283)
[2024-08-23T15:49:56.276+0800] GC(344) Survivor regions: 0->0(37)
[2024-08-23T15:49:56.276+0800] GC(344) Old regions: 1->1
[2024-08-23T15:49:56.276+0800] GC(344) Archive regions: 0->0
[2024-08-23T15:49:56.276+0800] GC(344) Humongous regions: 210->175
[2024-08-23T15:49:56.276+0800] GC(344) Metaspace: 307K(512K)->307K(512K) NonClass: 299K(384K)->299K(384K) Class: 7K(128K)->7K(128K)
[2024-08-23T15:49:56.276+0800] GC(344) Pause Young (Concurrent Start) (G1 Humongous Allocation) 211M->175M(512M) 0.561ms
[2024-08-23T15:49:56.276+0800] GC(344) User=0.00s Sys=0.00s Real=0.00s
[2024-08-23T15:49:56.276+0800] GC(345) Concurrent Undo Cycle
[2024-08-23T15:49:56.276+0800] GC(345) Concurrent Cleanup for Next Mark
[2024-08-23T15:49:56.277+0800] GC(345) Concurrent Cleanup for Next Mark 0.314ms
[2024-08-23T15:49:56.277+0800] GC(345) Concurrent Undo Cycle 0.410ms
[2024-08-23T15:49:56.385+0800] GC(346) Pause Young (Concurrent Start) (G1 Humongous Allocation)
[2024-08-23T15:49:56.385+0800] GC(346) Using 6 workers of 6 for evacuation
[2024-08-23T15:49:56.385+0800] GC(346)   Pre Evacuate Collection Set: 0.0ms
[2024-08-23T15:49:56.385+0800] GC(346)   Merge Heap Roots: 0.0ms
[2024-08-23T15:49:56.385+0800] GC(346)   Evacuate Collection Set: 0.1ms
[2024-08-23T15:49:56.385+0800] GC(346)   Post Evacuate Collection Set: 0.1ms
[2024-08-23T15:49:56.385+0800] GC(346)   Other: 0.1ms
[2024-08-23T15:49:56.385+0800] GC(346) Eden regions: 1->0(273)
[2024-08-23T15:49:56.385+0800] GC(346) Survivor regions: 0->0(36)
[2024-08-23T15:49:56.385+0800] GC(346) Old regions: 1->1
[2024-08-23T15:49:56.385+0800] GC(346) Archive regions: 0->0
[2024-08-23T15:49:56.385+0800] GC(346) Humongous regions: 196->185
[2024-08-23T15:49:56.385+0800] GC(346) Metaspace: 307K(512K)->307K(512K) NonClass: 299K(384K)->299K(384K) Class: 7K(128K)->7K(128K)
[2024-08-23T15:49:56.385+0800] GC(346) Pause Young (Concurrent Start) (G1 Humongous Allocation) 197M->185M(512M) 0.482ms
[2024-08-23T15:49:56.385+0800] GC(346) User=0.00s Sys=0.00s Real=0.00s
[2024-08-23T15:49:56.385+0800] GC(347) Concurrent Undo Cycle
[2024-08-23T15:49:56.385+0800] GC(347) Concurrent Cleanup for Next Mark
[2024-08-23T15:49:56.385+0800] GC(347) Concurrent Cleanup for Next Mark 0.223ms
[2024-08-23T15:49:56.386+0800] GC(347) Concurrent Undo Cycle 0.303ms
[2024-08-23T15:49:56.494+0800] GC(348) Pause Young (Concurrent Start) (G1 Humongous Allocation)
[2024-08-23T15:49:56.494+0800] GC(348) Using 6 workers of 6 for evacuation
[2024-08-23T15:49:56.494+0800] GC(348)   Pre Evacuate Collection Set: 0.0ms
[2024-08-23T15:49:56.494+0800] GC(348)   Merge Heap Roots: 0.0ms
[2024-08-23T15:49:56.494+0800] GC(348)   Evacuate Collection Set: 0.1ms
[2024-08-23T15:49:56.494+0800] GC(348)   Post Evacuate Collection Set: 0.1ms
[2024-08-23T15:49:56.494+0800] GC(348)   Other: 0.1ms
[2024-08-23T15:49:56.494+0800] GC(348) Eden regions: 1->0(243)
[2024-08-23T15:49:56.494+0800] GC(348) Survivor regions: 0->0(35)
[2024-08-23T15:49:56.494+0800] GC(348) Old regions: 1->1
[2024-08-23T15:49:56.494+0800] GC(348) Archive regions: 0->0
[2024-08-23T15:49:56.494+0800] GC(348) Humongous regions: 236->215
[2024-08-23T15:49:56.494+0800] GC(348) Metaspace: 307K(512K)->307K(512K) NonClass: 299K(384K)->299K(384K) Class: 7K(128K)->7K(128K)
[2024-08-23T15:49:56.494+0800] GC(348) Pause Young (Concurrent Start) (G1 Humongous Allocation) 237M->215M(512M) 0.466ms
[2024-08-23T15:49:56.494+0800] GC(348) User=0.00s Sys=0.00s Real=0.00s
[2024-08-23T15:49:56.494+0800] GC(349) Concurrent Undo Cycle
[2024-08-23T15:49:56.494+0800] GC(349) Concurrent Cleanup for Next Mark
[2024-08-23T15:49:56.495+0800] GC(349) Concurrent Cleanup for Next Mark 0.267ms
[2024-08-23T15:49:56.495+0800] GC(349) Concurrent Undo Cycle 0.341ms
[2024-08-23T15:49:56.604+0800] GC(350) Pause Young (Concurrent Start) (G1 Humongous Allocation)
[2024-08-23T15:49:56.604+0800] GC(350) Using 6 workers of 6 for evacuation
[2024-08-23T15:49:56.604+0800] GC(350)   Pre Evacuate Collection Set: 0.0ms
[2024-08-23T15:49:56.604+0800] GC(350)   Merge Heap Roots: 0.0ms
[2024-08-23T15:49:56.604+0800] GC(350)   Evacuate Collection Set: 0.1ms
[2024-08-23T15:49:56.604+0800] GC(350)   Post Evacuate Collection Set: 0.1ms
[2024-08-23T15:49:56.604+0800] GC(350)   Other: 0.1ms
[2024-08-23T15:49:56.604+0800] GC(350) Eden regions: 1->0(193)
[2024-08-23T15:49:56.604+0800] GC(350) Survivor regions: 0->0(31)
[2024-08-23T15:49:56.604+0800] GC(350) Old regions: 1->1
[2024-08-23T15:49:56.604+0800] GC(350) Archive regions: 0->0
[2024-08-23T15:49:56.604+0800] GC(350) Humongous regions: 316->265
[2024-08-23T15:49:56.604+0800] GC(350) Metaspace: 307K(512K)->307K(512K) NonClass: 299K(384K)->299K(384K) Class: 7K(128K)->7K(128K)
[2024-08-23T15:49:56.604+0800] GC(350) Pause Young (Concurrent Start) (G1 Humongous Allocation) 317M->265M(512M) 0.504ms
[2024-08-23T15:49:56.604+0800] GC(350) User=0.00s Sys=0.00s Real=0.00s
[2024-08-23T15:49:56.604+0800] GC(351) Concurrent Mark Cycle
[2024-08-23T15:49:56.604+0800] GC(351) Concurrent Clear Claimed Marks
[2024-08-23T15:49:56.604+0800] GC(351) Concurrent Clear Claimed Marks 0.010ms
[2024-08-23T15:49:56.604+0800] GC(351) Concurrent Scan Root Regions
[2024-08-23T15:49:56.604+0800] GC(351) Concurrent Scan Root Regions 0.008ms
[2024-08-23T15:49:56.604+0800] GC(351) Concurrent Mark
[2024-08-23T15:49:56.604+0800] GC(351) Concurrent Mark From Roots
[2024-08-23T15:49:56.604+0800] GC(351) Using 2 workers of 2 for marking
[2024-08-23T15:49:56.605+0800] GC(351) Concurrent Mark From Roots 0.839ms
[2024-08-23T15:49:56.605+0800] GC(351) Concurrent Preclean
[2024-08-23T15:49:56.605+0800] GC(351) Concurrent Preclean 0.033ms
[2024-08-23T15:49:56.605+0800] GC(351) Pause Remark
[2024-08-23T15:49:56.605+0800] GC(351) Pause Remark 268M->268M(512M) 0.237ms
[2024-08-23T15:49:56.605+0800] GC(351) User=0.00s Sys=0.00s Real=0.00s
[2024-08-23T15:49:56.605+0800] GC(351) Concurrent Mark 1.209ms
[2024-08-23T15:49:56.605+0800] GC(351) Concurrent Rebuild Remembered Sets
[2024-08-23T15:49:56.606+0800] GC(351) Concurrent Rebuild Remembered Sets 0.405ms
[2024-08-23T15:49:56.606+0800] GC(351) Pause Cleanup
[2024-08-23T15:49:56.606+0800] GC(351) Pause Cleanup 268M->268M(512M) 0.061ms
[2024-08-23T15:49:56.606+0800] GC(351) User=0.00s Sys=0.00s Real=0.00s
[2024-08-23T15:49:56.606+0800] GC(351) Concurrent Cleanup for Next Mark
[2024-08-23T15:49:56.606+0800] GC(351) Concurrent Cleanup for Next Mark 0.187ms
[2024-08-23T15:49:56.606+0800] GC(351) Concurrent Mark Cycle 2.032ms
[2024-08-23T15:49:57.259+0800] GC(352) Pause Young (Concurrent Start) (G1 Humongous Allocation)
[2024-08-23T15:49:57.259+0800] GC(352) Using 6 workers of 6 for evacuation
[2024-08-23T15:49:57.259+0800] GC(352)   Pre Evacuate Collection Set: 0.0ms
[2024-08-23T15:49:57.259+0800] GC(352)   Merge Heap Roots: 0.0ms
[2024-08-23T15:49:57.259+0800] GC(352)   Evacuate Collection Set: 0.1ms
[2024-08-23T15:49:57.259+0800] GC(352)   Post Evacuate Collection Set: 0.2ms
[2024-08-23T15:49:57.259+0800] GC(352)   Other: 0.1ms
[2024-08-23T15:49:57.259+0800] GC(352) Eden regions: 1->0(307)
[2024-08-23T15:49:57.259+0800] GC(352) Survivor regions: 0->0(25)
[2024-08-23T15:49:57.259+0800] GC(352) Old regions: 1->1
[2024-08-23T15:49:57.259+0800] GC(352) Archive regions: 0->0
[2024-08-23T15:49:57.259+0800] GC(352) Humongous regions: 267->2
[2024-08-23T15:49:57.259+0800] GC(352) Metaspace: 307K(512K)->307K(512K) NonClass: 299K(384K)->299K(384K) Class: 7K(128K)->7K(128K)
[2024-08-23T15:49:57.259+0800] GC(352) Pause Young (Concurrent Start) (G1 Humongous Allocation) 268M->2M(512M) 0.622ms
[2024-08-23T15:49:57.259+0800] GC(352) User=0.00s Sys=0.00s Real=0.00s
[2024-08-23T15:49:57.259+0800] GC(353) Concurrent Undo Cycle
[2024-08-23T15:49:57.259+0800] GC(353) Concurrent Cleanup for Next Mark
[2024-08-23T15:49:57.259+0800] GC(353) Concurrent Cleanup for Next Mark 0.235ms
[2024-08-23T15:49:57.259+0800] GC(353) Concurrent Undo Cycle 0.306ms
[2024-08-23T15:49:58.460+0800] GC(354) Pause Young (Concurrent Start) (G1 Humongous Allocation)
[2024-08-23T15:49:58.460+0800] GC(354) Using 6 workers of 6 for evacuation
[2024-08-23T15:49:58.460+0800] GC(354)   Pre Evacuate Collection Set: 0.0ms
[2024-08-23T15:49:58.460+0800] GC(354)   Merge Heap Roots: 0.0ms
[2024-08-23T15:49:58.460+0800] GC(354)   Evacuate Collection Set: 0.1ms
[2024-08-23T15:49:58.460+0800] GC(354)   Post Evacuate Collection Set: 0.2ms
[2024-08-23T15:49:58.460+0800] GC(354)   Other: 0.1ms
[2024-08-23T15:49:58.460+0800] GC(354) Eden regions: 1->0(307)
[2024-08-23T15:49:58.460+0800] GC(354) Survivor regions: 0->0(39)
[2024-08-23T15:49:58.460+0800] GC(354) Old regions: 1->1
[2024-08-23T15:49:58.460+0800] GC(354) Archive regions: 0->0
[2024-08-23T15:49:58.460+0800] GC(354) Humongous regions: 225->14
[2024-08-23T15:49:58.460+0800] GC(354) Metaspace: 307K(512K)->307K(512K) NonClass: 299K(384K)->299K(384K) Class: 7K(128K)->7K(128K)
[2024-08-23T15:49:58.460+0800] GC(354) Pause Young (Concurrent Start) (G1 Humongous Allocation) 226M->14M(512M) 0.610ms
[2024-08-23T15:49:58.460+0800] GC(354) User=0.00s Sys=0.00s Real=0.00s
[2024-08-23T15:49:58.460+0800] GC(355) Concurrent Undo Cycle
[2024-08-23T15:49:58.460+0800] GC(355) Concurrent Cleanup for Next Mark
[2024-08-23T15:49:58.460+0800] GC(355) Concurrent Cleanup for Next Mark 0.304ms
[2024-08-23T15:49:58.460+0800] GC(355) Concurrent Undo Cycle 0.380ms
[2024-08-23T15:49:59.331+0800] GC(356) Pause Young (Concurrent Start) (G1 Humongous Allocation)
[2024-08-23T15:49:59.331+0800] GC(356) Using 6 workers of 6 for evacuation
[2024-08-23T15:49:59.331+0800] GC(356)   Pre Evacuate Collection Set: 0.0ms
[2024-08-23T15:49:59.331+0800] GC(356)   Merge Heap Roots: 0.0ms
[2024-08-23T15:49:59.331+0800] GC(356)   Evacuate Collection Set: 0.1ms
[2024-08-23T15:49:59.331+0800] GC(356)   Post Evacuate Collection Set: 0.1ms
[2024-08-23T15:49:59.331+0800] GC(356)   Other: 0.1ms
[2024-08-23T15:49:59.331+0800] GC(356) Eden regions: 1->0(307)
[2024-08-23T15:49:59.331+0800] GC(356) Survivor regions: 0->0(39)
[2024-08-23T15:49:59.331+0800] GC(356) Old regions: 1->1
[2024-08-23T15:49:59.331+0800] GC(356) Archive regions: 0->0
[2024-08-23T15:49:59.331+0800] GC(356) Humongous regions: 132->70
[2024-08-23T15:49:59.331+0800] GC(356) Metaspace: 307K(512K)->307K(512K) NonClass: 299K(384K)->299K(384K) Class: 7K(128K)->7K(128K)
[2024-08-23T15:49:59.331+0800] GC(356) Pause Young (Concurrent Start) (G1 Humongous Allocation) 133M->70M(512M) 0.473ms
[2024-08-23T15:49:59.331+0800] GC(356) User=0.00s Sys=0.00s Real=0.00s
[2024-08-23T15:49:59.331+0800] GC(357) Concurrent Undo Cycle
[2024-08-23T15:49:59.331+0800] GC(357) Concurrent Cleanup for Next Mark
[2024-08-23T15:49:59.331+0800] GC(357) Concurrent Cleanup for Next Mark 0.256ms
[2024-08-23T15:49:59.331+0800] GC(357) Concurrent Undo Cycle 0.324ms
[2024-08-23T15:50:00.424+0800] GC(358) Pause Young (Concurrent Start) (G1 Humongous Allocation)
[2024-08-23T15:50:00.424+0800] GC(358) Using 6 workers of 6 for evacuation
[2024-08-23T15:50:00.425+0800] GC(358)   Pre Evacuate Collection Set: 0.0ms
[2024-08-23T15:50:00.425+0800] GC(358)   Merge Heap Roots: 0.0ms
[2024-08-23T15:50:00.425+0800] GC(358)   Evacuate Collection Set: 0.1ms
[2024-08-23T15:50:00.425+0800] GC(358)   Post Evacuate Collection Set: 0.2ms
[2024-08-23T15:50:00.425+0800] GC(358)   Other: 0.1ms
[2024-08-23T15:50:00.425+0800] GC(358) Eden regions: 1->0(307)
[2024-08-23T15:50:00.425+0800] GC(358) Survivor regions: 0->0(39)
[2024-08-23T15:50:00.425+0800] GC(358) Old regions: 1->1
[2024-08-23T15:50:00.425+0800] GC(358) Archive regions: 0->0
[2024-08-23T15:50:00.425+0800] GC(358) Humongous regions: 222->36
[2024-08-23T15:50:00.425+0800] GC(358) Metaspace: 307K(512K)->307K(512K) NonClass: 299K(384K)->299K(384K) Class: 7K(128K)->7K(128K)
[2024-08-23T15:50:00.425+0800] GC(358) Pause Young (Concurrent Start) (G1 Humongous Allocation) 223M->36M(512M) 0.626ms
[2024-08-23T15:50:00.425+0800] GC(358) User=0.00s Sys=0.00s Real=0.00s
[2024-08-23T15:50:00.425+0800] GC(359) Concurrent Undo Cycle
[2024-08-23T15:50:00.425+0800] GC(359) Concurrent Cleanup for Next Mark
[2024-08-23T15:50:00.425+0800] GC(359) Concurrent Cleanup for Next Mark 0.323ms
[2024-08-23T15:50:00.425+0800] GC(359) Concurrent Undo Cycle 0.407ms
[2024-08-23T15:50:02.171+0800] GC(360) Pause Young (Concurrent Start) (G1 Humongous Allocation)
[2024-08-23T15:50:02.171+0800] GC(360) Using 6 workers of 6 for evacuation
[2024-08-23T15:50:02.172+0800] GC(360)   Pre Evacuate Collection Set: 0.0ms
[2024-08-23T15:50:02.172+0800] GC(360)   Merge Heap Roots: 0.0ms
[2024-08-23T15:50:02.172+0800] GC(360)   Evacuate Collection Set: 0.1ms
[2024-08-23T15:50:02.172+0800] GC(360)   Post Evacuate Collection Set: 0.2ms
[2024-08-23T15:50:02.172+0800] GC(360)   Other: 0.1ms
[2024-08-23T15:50:02.172+0800] GC(360) Eden regions: 1->0(307)
[2024-08-23T15:50:02.172+0800] GC(360) Survivor regions: 0->0(39)
[2024-08-23T15:50:02.172+0800] GC(360) Old regions: 1->1
[2024-08-23T15:50:02.172+0800] GC(360) Archive regions: 0->0
[2024-08-23T15:50:02.172+0800] GC(360) Humongous regions: 177->78
[2024-08-23T15:50:02.172+0800] GC(360) Metaspace: 307K(512K)->307K(512K) NonClass: 299K(384K)->299K(384K) Class: 7K(128K)->7K(128K)
[2024-08-23T15:50:02.172+0800] GC(360) Pause Young (Concurrent Start) (G1 Humongous Allocation) 178M->78M(512M) 0.591ms
[2024-08-23T15:50:02.172+0800] GC(360) User=0.00s Sys=0.00s Real=0.00s
[2024-08-23T15:50:02.172+0800] GC(361) Concurrent Undo Cycle
[2024-08-23T15:50:02.172+0800] GC(361) Concurrent Cleanup for Next Mark
[2024-08-23T15:50:02.172+0800] GC(361) Concurrent Cleanup for Next Mark 0.351ms
[2024-08-23T15:50:02.172+0800] GC(361) Concurrent Undo Cycle 0.443ms
[2024-08-23T15:50:03.265+0800] GC(362) Pause Young (Concurrent Start) (G1 Humongous Allocation)
[2024-08-23T15:50:03.265+0800] GC(362) Using 6 workers of 6 for evacuation
[2024-08-23T15:50:03.266+0800] GC(362)   Pre Evacuate Collection Set: 0.1ms
[2024-08-23T15:50:03.266+0800] GC(362)   Merge Heap Roots: 0.1ms
[2024-08-23T15:50:03.266+0800] GC(362)   Evacuate Collection Set: 0.2ms
[2024-08-23T15:50:03.266+0800] GC(362)   Post Evacuate Collection Set: 0.4ms
[2024-08-23T15:50:03.266+0800] GC(362)   Other: 0.1ms
[2024-08-23T15:50:03.266+0800] GC(362) Eden regions: 1->0(307)
[2024-08-23T15:50:03.266+0800] GC(362) Survivor regions: 0->0(39)
[2024-08-23T15:50:03.266+0800] GC(362) Old regions: 1->1
[2024-08-23T15:50:03.266+0800] GC(362) Archive regions: 0->0
[2024-08-23T15:50:03.266+0800] GC(362) Humongous regions: 230->44
[2024-08-23T15:50:03.266+0800] GC(362) Metaspace: 307K(512K)->307K(512K) NonClass: 299K(384K)->299K(384K) Class: 7K(128K)->7K(128K)
[2024-08-23T15:50:03.266+0800] GC(362) Pause Young (Concurrent Start) (G1 Humongous Allocation) 231M->44M(512M) 0.986ms
[2024-08-23T15:50:03.266+0800] GC(362) User=0.00s Sys=0.00s Real=0.00s
[2024-08-23T15:50:03.266+0800] GC(363) Concurrent Undo Cycle
[2024-08-23T15:50:03.266+0800] GC(363) Concurrent Cleanup for Next Mark
[2024-08-23T15:50:03.266+0800] GC(363) Concurrent Cleanup for Next Mark 0.265ms
[2024-08-23T15:50:03.266+0800] GC(363) Concurrent Undo Cycle 0.332ms
[2024-08-23T15:50:03.810+0800] GC(364) Pause Young (Concurrent Start) (G1 Humongous Allocation)
[2024-08-23T15:50:03.810+0800] GC(364) Using 6 workers of 6 for evacuation
[2024-08-23T15:50:03.810+0800] GC(364)   Pre Evacuate Collection Set: 0.0ms
[2024-08-23T15:50:03.810+0800] GC(364)   Merge Heap Roots: 0.0ms
[2024-08-23T15:50:03.810+0800] GC(364)   Evacuate Collection Set: 0.1ms
[2024-08-23T15:50:03.810+0800] GC(364)   Post Evacuate Collection Set: 0.1ms
[2024-08-23T15:50:03.810+0800] GC(364)   Other: 0.1ms
[2024-08-23T15:50:03.810+0800] GC(364) Eden regions: 1->0(307)
[2024-08-23T15:50:03.810+0800] GC(364) Survivor regions: 0->0(39)
[2024-08-23T15:50:03.810+0800] GC(364) Old regions: 1->1
[2024-08-23T15:50:03.810+0800] GC(364) Archive regions: 0->0
[2024-08-23T15:50:03.810+0800] GC(364) Humongous regions: 230->86
[2024-08-23T15:50:03.811+0800] GC(364) Metaspace: 307K(512K)->307K(512K) NonClass: 299K(384K)->299K(384K) Class: 7K(128K)->7K(128K)
[2024-08-23T15:50:03.811+0800] GC(364) Pause Young (Concurrent Start) (G1 Humongous Allocation) 231M->86M(512M) 0.503ms
[2024-08-23T15:50:03.811+0800] GC(364) User=0.00s Sys=0.00s Real=0.00s
[2024-08-23T15:50:03.811+0800] GC(365) Concurrent Undo Cycle
[2024-08-23T15:50:03.811+0800] GC(365) Concurrent Cleanup for Next Mark
[2024-08-23T15:50:03.811+0800] GC(365) Concurrent Cleanup for Next Mark 0.192ms
[2024-08-23T15:50:03.811+0800] GC(365) Concurrent Undo Cycle 0.247ms
[2024-08-23T15:50:05.009+0800] GC(366) Pause Young (Concurrent Start) (G1 Humongous Allocation)
[2024-08-23T15:50:05.009+0800] GC(366) Using 6 workers of 6 for evacuation
[2024-08-23T15:50:05.009+0800] GC(366)   Pre Evacuate Collection Set: 0.1ms
[2024-08-23T15:50:05.009+0800] GC(366)   Merge Heap Roots: 0.0ms
[2024-08-23T15:50:05.009+0800] GC(366)   Evacuate Collection Set: 0.1ms
[2024-08-23T15:50:05.009+0800] GC(366)   Post Evacuate Collection Set: 0.1ms
[2024-08-23T15:50:05.009+0800] GC(366)   Other: 0.1ms
[2024-08-23T15:50:05.009+0800] GC(366) Eden regions: 1->0(307)
[2024-08-23T15:50:05.009+0800] GC(366) Survivor regions: 0->0(39)
[2024-08-23T15:50:05.009+0800] GC(366) Old regions: 1->1
[2024-08-23T15:50:05.009+0800] GC(366) Archive regions: 0->0
[2024-08-23T15:50:05.009+0800] GC(366) Humongous regions: 163->51
[2024-08-23T15:50:05.009+0800] GC(366) Metaspace: 307K(512K)->307K(512K) NonClass: 299K(384K)->299K(384K) Class: 7K(128K)->7K(128K)
[2024-08-23T15:50:05.009+0800] GC(366) Pause Young (Concurrent Start) (G1 Humongous Allocation) 164M->51M(512M) 0.572ms
[2024-08-23T15:50:05.009+0800] GC(366) User=0.00s Sys=0.00s Real=0.00s
[2024-08-23T15:50:05.009+0800] GC(367) Concurrent Undo Cycle
[2024-08-23T15:50:05.009+0800] GC(367) Concurrent Cleanup for Next Mark
[2024-08-23T15:50:05.010+0800] GC(367) Concurrent Cleanup for Next Mark 0.269ms
[2024-08-23T15:50:05.010+0800] GC(367) Concurrent Undo Cycle 0.347ms
[2024-08-23T15:50:06.203+0800] GC(368) Pause Young (Concurrent Start) (G1 Humongous Allocation)
[2024-08-23T15:50:06.203+0800] GC(368) Using 6 workers of 6 for evacuation
[2024-08-23T15:50:06.203+0800] GC(368)   Pre Evacuate Collection Set: 0.1ms
[2024-08-23T15:50:06.203+0800] GC(368)   Merge Heap Roots: 0.1ms
[2024-08-23T15:50:06.203+0800] GC(368)   Evacuate Collection Set: 0.1ms
[2024-08-23T15:50:06.203+0800] GC(368)   Post Evacuate Collection Set: 0.4ms
[2024-08-23T15:50:06.203+0800] GC(368)   Other: 0.1ms
[2024-08-23T15:50:06.203+0800] GC(368) Eden regions: 1->0(307)
[2024-08-23T15:50:06.203+0800] GC(368) Survivor regions: 0->0(39)
[2024-08-23T15:50:06.203+0800] GC(368) Old regions: 1->1
[2024-08-23T15:50:06.203+0800] GC(368) Archive regions: 0->0
[2024-08-23T15:50:06.203+0800] GC(368) Humongous regions: 214->118
[2024-08-23T15:50:06.203+0800] GC(368) Metaspace: 307K(512K)->307K(512K) NonClass: 299K(384K)->299K(384K) Class: 7K(128K)->7K(128K)
[2024-08-23T15:50:06.203+0800] GC(368) Pause Young (Concurrent Start) (G1 Humongous Allocation) 215M->118M(512M) 0.825ms
[2024-08-23T15:50:06.203+0800] GC(368) User=0.00s Sys=0.00s Real=0.00s
[2024-08-23T15:50:06.203+0800] GC(369) Concurrent Undo Cycle
[2024-08-23T15:50:06.203+0800] GC(369) Concurrent Cleanup for Next Mark
[2024-08-23T15:50:06.203+0800] GC(369) Concurrent Cleanup for Next Mark 0.226ms
[2024-08-23T15:50:06.203+0800] GC(369) Concurrent Undo Cycle 0.285ms
[2024-08-23T15:50:06.418+0800] GC(370) Pause Young (Concurrent Start) (G1 Humongous Allocation)
[2024-08-23T15:50:06.418+0800] GC(370) Using 6 workers of 6 for evacuation
[2024-08-23T15:50:06.418+0800] GC(370)   Pre Evacuate Collection Set: 0.0ms
[2024-08-23T15:50:06.418+0800] GC(370)   Merge Heap Roots: 0.0ms
[2024-08-23T15:50:06.418+0800] GC(370)   Evacuate Collection Set: 0.1ms
[2024-08-23T15:50:06.418+0800] GC(370)   Post Evacuate Collection Set: 0.1ms
[2024-08-23T15:50:06.418+0800] GC(370)   Other: 0.1ms
[2024-08-23T15:50:06.418+0800] GC(370) Eden regions: 1->0(300)
[2024-08-23T15:50:06.418+0800] GC(370) Survivor regions: 0->0(39)
[2024-08-23T15:50:06.418+0800] GC(370) Old regions: 1->1
[2024-08-23T15:50:06.418+0800] GC(370) Archive regions: 0->0
[2024-08-23T15:50:06.418+0800] GC(370) Humongous regions: 190->158
[2024-08-23T15:50:06.418+0800] GC(370) Metaspace: 307K(512K)->307K(512K) NonClass: 299K(384K)->299K(384K) Class: 7K(128K)->7K(128K)
[2024-08-23T15:50:06.419+0800] GC(370) Pause Young (Concurrent Start) (G1 Humongous Allocation) 191M->158M(512M) 0.470ms
[2024-08-23T15:50:06.419+0800] GC(370) User=0.00s Sys=0.00s Real=0.00s
[2024-08-23T15:50:06.419+0800] GC(371) Concurrent Undo Cycle
[2024-08-23T15:50:06.419+0800] GC(371) Concurrent Cleanup for Next Mark
[2024-08-23T15:50:06.419+0800] GC(371) Concurrent Cleanup for Next Mark 0.255ms
[2024-08-23T15:50:06.419+0800] GC(371) Concurrent Undo Cycle 0.331ms
[2024-08-23T15:50:06.526+0800] GC(372) Pause Young (Concurrent Start) (G1 Humongous Allocation)
[2024-08-23T15:50:06.526+0800] GC(372) Using 6 workers of 6 for evacuation
[2024-08-23T15:50:06.526+0800] GC(372)   Pre Evacuate Collection Set: 0.1ms
[2024-08-23T15:50:06.526+0800] GC(372)   Merge Heap Roots: 0.0ms
[2024-08-23T15:50:06.526+0800] GC(372)   Evacuate Collection Set: 0.1ms
[2024-08-23T15:50:06.526+0800] GC(372)   Post Evacuate Collection Set: 0.2ms
[2024-08-23T15:50:06.526+0800] GC(372)   Other: 0.1ms
[2024-08-23T15:50:06.526+0800] GC(372) Eden regions: 1->0(250)
[2024-08-23T15:50:06.526+0800] GC(372) Survivor regions: 0->0(38)
[2024-08-23T15:50:06.526+0800] GC(372) Old regions: 1->1
[2024-08-23T15:50:06.526+0800] GC(372) Archive regions: 0->0
[2024-08-23T15:50:06.526+0800] GC(372) Humongous regions: 259->208
[2024-08-23T15:50:06.526+0800] GC(372) Metaspace: 307K(512K)->307K(512K) NonClass: 299K(384K)->299K(384K) Class: 7K(128K)->7K(128K)
[2024-08-23T15:50:06.526+0800] GC(372) Pause Young (Concurrent Start) (G1 Humongous Allocation) 260M->208M(512M) 0.660ms
[2024-08-23T15:50:06.526+0800] GC(372) User=0.00s Sys=0.00s Real=0.00s
[2024-08-23T15:50:06.526+0800] GC(373) Concurrent Undo Cycle
[2024-08-23T15:50:06.526+0800] GC(373) Concurrent Cleanup for Next Mark
[2024-08-23T15:50:06.526+0800] GC(373) Concurrent Cleanup for Next Mark 0.213ms
[2024-08-23T15:50:06.526+0800] GC(373) Concurrent Undo Cycle 0.269ms
[2024-08-23T15:50:07.068+0800] GC(374) Pause Young (Concurrent Start) (G1 Humongous Allocation)
[2024-08-23T15:50:07.068+0800] GC(374) Using 6 workers of 6 for evacuation
[2024-08-23T15:50:07.068+0800] GC(374)   Pre Evacuate Collection Set: 0.0ms
[2024-08-23T15:50:07.068+0800] GC(374)   Merge Heap Roots: 0.0ms
[2024-08-23T15:50:07.068+0800] GC(374)   Evacuate Collection Set: 0.1ms
[2024-08-23T15:50:07.068+0800] GC(374)   Post Evacuate Collection Set: 0.2ms
[2024-08-23T15:50:07.068+0800] GC(374)   Other: 0.1ms
[2024-08-23T15:50:07.068+0800] GC(374) Eden regions: 1->0(307)
[2024-08-23T15:50:07.068+0800] GC(374) Survivor regions: 0->0(32)
[2024-08-23T15:50:07.068+0800] GC(374) Old regions: 1->1
[2024-08-23T15:50:07.068+0800] GC(374) Archive regions: 0->0
[2024-08-23T15:50:07.068+0800] GC(374) Humongous regions: 230->115
[2024-08-23T15:50:07.068+0800] GC(374) Metaspace: 307K(512K)->307K(512K) NonClass: 299K(384K)->299K(384K) Class: 7K(128K)->7K(128K)
[2024-08-23T15:50:07.068+0800] GC(374) Pause Young (Concurrent Start) (G1 Humongous Allocation) 231M->115M(512M) 0.635ms
[2024-08-23T15:50:07.068+0800] GC(374) User=0.00s Sys=0.00s Real=0.00s
[2024-08-23T15:50:07.068+0800] GC(375) Concurrent Undo Cycle
[2024-08-23T15:50:07.068+0800] GC(375) Concurrent Cleanup for Next Mark
[2024-08-23T15:50:07.068+0800] GC(375) Concurrent Cleanup for Next Mark 0.290ms
[2024-08-23T15:50:07.068+0800] GC(375) Concurrent Undo Cycle 0.357ms
[2024-08-23T15:50:07.830+0800] GC(376) Pause Young (Concurrent Start) (G1 Humongous Allocation)
[2024-08-23T15:50:07.830+0800] GC(376) Using 6 workers of 6 for evacuation
[2024-08-23T15:50:07.830+0800] GC(376)   Pre Evacuate Collection Set: 0.0ms
[2024-08-23T15:50:07.830+0800] GC(376)   Merge Heap Roots: 0.0ms
[2024-08-23T15:50:07.830+0800] GC(376)   Evacuate Collection Set: 0.1ms
[2024-08-23T15:50:07.830+0800] GC(376)   Post Evacuate Collection Set: 0.2ms
[2024-08-23T15:50:07.830+0800] GC(376)   Other: 0.1ms
[2024-08-23T15:50:07.830+0800] GC(376) Eden regions: 1->0(292)
[2024-08-23T15:50:07.830+0800] GC(376) Survivor regions: 0->0(39)
[2024-08-23T15:50:07.830+0800] GC(376) Old regions: 1->1
[2024-08-23T15:50:07.830+0800] GC(376) Archive regions: 0->0
[2024-08-23T15:50:07.830+0800] GC(376) Humongous regions: 227->166
[2024-08-23T15:50:07.830+0800] GC(376) Metaspace: 307K(512K)->307K(512K) NonClass: 299K(384K)->299K(384K) Class: 7K(128K)->7K(128K)
[2024-08-23T15:50:07.830+0800] GC(376) Pause Young (Concurrent Start) (G1 Humongous Allocation) 228M->166M(512M) 0.668ms
[2024-08-23T15:50:07.830+0800] GC(376) User=0.00s Sys=0.00s Real=0.00s
[2024-08-23T15:50:07.830+0800] GC(377) Concurrent Undo Cycle
[2024-08-23T15:50:07.830+0800] GC(377) Concurrent Cleanup for Next Mark
[2024-08-23T15:50:07.831+0800] GC(377) Concurrent Cleanup for Next Mark 0.317ms
[2024-08-23T15:50:07.831+0800] GC(377) Concurrent Undo Cycle 0.405ms
[2024-08-23T15:50:07.939+0800] GC(378) Pause Young (Concurrent Start) (G1 Humongous Allocation)
[2024-08-23T15:50:07.939+0800] GC(378) Using 6 workers of 6 for evacuation
[2024-08-23T15:50:07.940+0800] GC(378)   Pre Evacuate Collection Set: 0.0ms
[2024-08-23T15:50:07.940+0800] GC(378)   Merge Heap Roots: 0.0ms
[2024-08-23T15:50:07.940+0800] GC(378)   Evacuate Collection Set: 0.1ms
[2024-08-23T15:50:07.940+0800] GC(378)   Post Evacuate Collection Set: 0.2ms
[2024-08-23T15:50:07.940+0800] GC(378)   Other: 0.1ms
[2024-08-23T15:50:07.940+0800] GC(378) Eden regions: 1->0(242)
[2024-08-23T15:50:07.940+0800] GC(378) Survivor regions: 0->0(37)
[2024-08-23T15:50:07.940+0800] GC(378) Old regions: 1->1
[2024-08-23T15:50:07.940+0800] GC(378) Archive regions: 0->0
[2024-08-23T15:50:07.940+0800] GC(378) Humongous regions: 267->216
[2024-08-23T15:50:07.940+0800] GC(378) Metaspace: 307K(512K)->307K(512K) NonClass: 299K(384K)->299K(384K) Class: 7K(128K)->7K(128K)
[2024-08-23T15:50:07.940+0800] GC(378) Pause Young (Concurrent Start) (G1 Humongous Allocation) 268M->216M(512M) 0.507ms
[2024-08-23T15:50:07.940+0800] GC(378) User=0.00s Sys=0.00s Real=0.00s
[2024-08-23T15:50:07.940+0800] GC(379) Concurrent Undo Cycle
[2024-08-23T15:50:07.940+0800] GC(379) Concurrent Cleanup for Next Mark
[2024-08-23T15:50:07.940+0800] GC(379) Concurrent Cleanup for Next Mark 0.216ms
[2024-08-23T15:50:07.940+0800] GC(379) Concurrent Undo Cycle 0.273ms
[2024-08-23T15:50:08.806+0800] GC(380) Pause Young (Concurrent Start) (G1 Humongous Allocation)
[2024-08-23T15:50:08.806+0800] GC(380) Using 6 workers of 6 for evacuation
[2024-08-23T15:50:08.807+0800] GC(380)   Pre Evacuate Collection Set: 0.0ms
[2024-08-23T15:50:08.807+0800] GC(380)   Merge Heap Roots: 0.0ms
[2024-08-23T15:50:08.807+0800] GC(380)   Evacuate Collection Set: 0.1ms
[2024-08-23T15:50:08.807+0800] GC(380)   Post Evacuate Collection Set: 0.2ms
[2024-08-23T15:50:08.807+0800] GC(380)   Other: 0.1ms
[2024-08-23T15:50:08.807+0800] GC(380) Eden regions: 1->0(307)
[2024-08-23T15:50:08.807+0800] GC(380) Survivor regions: 0->0(31)
[2024-08-23T15:50:08.807+0800] GC(380) Old regions: 1->1
[2024-08-23T15:50:08.807+0800] GC(380) Archive regions: 0->0
[2024-08-23T15:50:08.807+0800] GC(380) Humongous regions: 226->6
[2024-08-23T15:50:08.807+0800] GC(380) Metaspace: 307K(512K)->307K(512K) NonClass: 299K(384K)->299K(384K) Class: 7K(128K)->7K(128K)
[2024-08-23T15:50:08.807+0800] GC(380) Pause Young (Concurrent Start) (G1 Humongous Allocation) 227M->6M(512M) 0.537ms
[2024-08-23T15:50:08.807+0800] GC(380) User=0.00s Sys=0.00s Real=0.00s
[2024-08-23T15:50:08.807+0800] GC(381) Concurrent Undo Cycle
[2024-08-23T15:50:08.807+0800] GC(381) Concurrent Cleanup for Next Mark
[2024-08-23T15:50:08.807+0800] GC(381) Concurrent Cleanup for Next Mark 0.239ms
[2024-08-23T15:50:08.807+0800] GC(381) Concurrent Undo Cycle 0.310ms
[2024-08-23T15:50:10.008+0800] GC(382) Pause Young (Concurrent Start) (G1 Humongous Allocation)
[2024-08-23T15:50:10.008+0800] GC(382) Using 6 workers of 6 for evacuation
[2024-08-23T15:50:10.008+0800] GC(382)   Pre Evacuate Collection Set: 0.1ms
[2024-08-23T15:50:10.009+0800] GC(382)   Merge Heap Roots: 0.1ms
[2024-08-23T15:50:10.009+0800] GC(382)   Evacuate Collection Set: 0.1ms
[2024-08-23T15:50:10.009+0800] GC(382)   Post Evacuate Collection Set: 0.4ms
[2024-08-23T15:50:10.009+0800] GC(382)   Other: 0.1ms
[2024-08-23T15:50:10.009+0800] GC(382) Eden regions: 1->0(307)
[2024-08-23T15:50:10.009+0800] GC(382) Survivor regions: 0->0(39)
[2024-08-23T15:50:10.009+0800] GC(382) Old regions: 1->1
[2024-08-23T15:50:10.009+0800] GC(382) Archive regions: 0->0
[2024-08-23T15:50:10.009+0800] GC(382) Humongous regions: 229->23
[2024-08-23T15:50:10.009+0800] GC(382) Metaspace: 307K(512K)->307K(512K) NonClass: 299K(384K)->299K(384K) Class: 7K(128K)->7K(128K)
[2024-08-23T15:50:10.009+0800] GC(382) Pause Young (Concurrent Start) (G1 Humongous Allocation) 230M->23M(512M) 0.851ms
[2024-08-23T15:50:10.009+0800] GC(382) User=0.00s Sys=0.00s Real=0.00s
[2024-08-23T15:50:10.009+0800] GC(383) Concurrent Undo Cycle
[2024-08-23T15:50:10.009+0800] GC(383) Concurrent Cleanup for Next Mark
[2024-08-23T15:50:10.009+0800] GC(383) Concurrent Cleanup for Next Mark 0.301ms
[2024-08-23T15:50:10.009+0800] GC(383) Concurrent Undo Cycle 0.359ms
[2024-08-23T15:50:10.774+0800] GC(384) Pause Young (Concurrent Start) (G1 Humongous Allocation)
[2024-08-23T15:50:10.774+0800] GC(384) Using 6 workers of 6 for evacuation
[2024-08-23T15:50:10.774+0800] GC(384)   Pre Evacuate Collection Set: 0.1ms
[2024-08-23T15:50:10.775+0800] GC(384)   Merge Heap Roots: 0.1ms
[2024-08-23T15:50:10.775+0800] GC(384)   Evacuate Collection Set: 0.1ms
[2024-08-23T15:50:10.775+0800] GC(384)   Post Evacuate Collection Set: 0.4ms
[2024-08-23T15:50:10.775+0800] GC(384)   Other: 0.1ms
[2024-08-23T15:50:10.775+0800] GC(384) Eden regions: 1->0(307)
[2024-08-23T15:50:10.775+0800] GC(384) Survivor regions: 0->0(39)
[2024-08-23T15:50:10.775+0800] GC(384) Old regions: 1->1
[2024-08-23T15:50:10.775+0800] GC(384) Archive regions: 0->0
[2024-08-23T15:50:10.775+0800] GC(384) Humongous regions: 230->129
[2024-08-23T15:50:10.775+0800] GC(384) Metaspace: 307K(512K)->307K(512K) NonClass: 299K(384K)->299K(384K) Class: 7K(128K)->7K(128K)
[2024-08-23T15:50:10.775+0800] GC(384) Pause Young (Concurrent Start) (G1 Humongous Allocation) 231M->129M(512M) 0.982ms
[2024-08-23T15:50:10.775+0800] GC(384) User=0.00s Sys=0.02s Real=0.00s
[2024-08-23T15:50:10.775+0800] GC(385) Concurrent Undo Cycle
[2024-08-23T15:50:10.775+0800] GC(385) Concurrent Cleanup for Next Mark
[2024-08-23T15:50:10.775+0800] GC(385) Concurrent Cleanup for Next Mark 0.211ms
[2024-08-23T15:50:10.775+0800] GC(385) Concurrent Undo Cycle 0.257ms
[2024-08-23T15:50:12.844+0800] GC(386) Pause Young (Concurrent Start) (G1 Humongous Allocation)
[2024-08-23T15:50:12.844+0800] GC(386) Using 6 workers of 6 for evacuation
[2024-08-23T15:50:12.845+0800] GC(386)   Pre Evacuate Collection Set: 0.1ms
[2024-08-23T15:50:12.845+0800] GC(386)   Merge Heap Roots: 0.1ms
[2024-08-23T15:50:12.845+0800] GC(386)   Evacuate Collection Set: 0.2ms
[2024-08-23T15:50:12.845+0800] GC(386)   Post Evacuate Collection Set: 0.4ms
[2024-08-23T15:50:12.845+0800] GC(386)   Other: 0.1ms
[2024-08-23T15:50:12.845+0800] GC(386) Eden regions: 1->0(307)
[2024-08-23T15:50:12.845+0800] GC(386) Survivor regions: 0->0(39)
[2024-08-23T15:50:12.845+0800] GC(386) Old regions: 1->1
[2024-08-23T15:50:12.845+0800] GC(386) Archive regions: 0->0
[2024-08-23T15:50:12.845+0800] GC(386) Humongous regions: 230->12
[2024-08-23T15:50:12.845+0800] GC(386) Metaspace: 307K(512K)->307K(512K) NonClass: 299K(384K)->299K(384K) Class: 7K(128K)->7K(128K)
[2024-08-23T15:50:12.845+0800] GC(386) Pause Young (Concurrent Start) (G1 Humongous Allocation) 231M->12M(512M) 1.020ms
[2024-08-23T15:50:12.845+0800] GC(386) User=0.00s Sys=0.00s Real=0.00s
[2024-08-23T15:50:12.845+0800] GC(387) Concurrent Undo Cycle
[2024-08-23T15:50:12.845+0800] GC(387) Concurrent Cleanup for Next Mark
[2024-08-23T15:50:12.845+0800] GC(387) Concurrent Cleanup for Next Mark 0.212ms
[2024-08-23T15:50:12.845+0800] GC(387) Concurrent Undo Cycle 0.276ms
[2024-08-23T15:50:13.930+0800] GC(388) Pause Young (Concurrent Start) (G1 Humongous Allocation)
[2024-08-23T15:50:13.930+0800] GC(388) Using 6 workers of 6 for evacuation
[2024-08-23T15:50:13.931+0800] GC(388)   Pre Evacuate Collection Set: 0.1ms
[2024-08-23T15:50:13.931+0800] GC(388)   Merge Heap Roots: 0.0ms
[2024-08-23T15:50:13.931+0800] GC(388)   Evacuate Collection Set: 0.2ms
[2024-08-23T15:50:13.931+0800] GC(388)   Post Evacuate Collection Set: 0.4ms
[2024-08-23T15:50:13.931+0800] GC(388)   Other: 0.1ms
[2024-08-23T15:50:13.931+0800] GC(388) Eden regions: 1->0(307)
[2024-08-23T15:50:13.931+0800] GC(388) Survivor regions: 0->0(39)
[2024-08-23T15:50:13.931+0800] GC(388) Old regions: 1->1
[2024-08-23T15:50:13.931+0800] GC(388) Archive regions: 0->0
[2024-08-23T15:50:13.931+0800] GC(388) Humongous regions: 229->63
[2024-08-23T15:50:13.931+0800] GC(388) Metaspace: 307K(512K)->307K(512K) NonClass: 299K(384K)->299K(384K) Class: 7K(128K)->7K(128K)
[2024-08-23T15:50:13.931+0800] GC(388) Pause Young (Concurrent Start) (G1 Humongous Allocation) 230M->63M(512M) 0.914ms
[2024-08-23T15:50:13.931+0800] GC(388) User=0.00s Sys=0.00s Real=0.00s
[2024-08-23T15:50:13.931+0800] GC(389) Concurrent Undo Cycle
[2024-08-23T15:50:13.931+0800] GC(389) Concurrent Cleanup for Next Mark
[2024-08-23T15:50:13.931+0800] GC(389) Concurrent Cleanup for Next Mark 0.382ms
[2024-08-23T15:50:13.931+0800] GC(389) Concurrent Undo Cycle 0.484ms
[2024-08-23T15:50:14.909+0800] GC(390) Pause Young (Concurrent Start) (G1 Humongous Allocation)
[2024-08-23T15:50:14.909+0800] GC(390) Using 6 workers of 6 for evacuation
[2024-08-23T15:50:14.909+0800] GC(390)   Pre Evacuate Collection Set: 0.1ms
[2024-08-23T15:50:14.909+0800] GC(390)   Merge Heap Roots: 0.1ms
[2024-08-23T15:50:14.909+0800] GC(390)   Evacuate Collection Set: 0.2ms
[2024-08-23T15:50:14.909+0800] GC(390)   Post Evacuate Collection Set: 0.3ms
[2024-08-23T15:50:14.909+0800] GC(390)   Other: 0.1ms
[2024-08-23T15:50:14.909+0800] GC(390) Eden regions: 1->0(307)
[2024-08-23T15:50:14.909+0800] GC(390) Survivor regions: 0->0(39)
[2024-08-23T15:50:14.909+0800] GC(390) Old regions: 1->1
[2024-08-23T15:50:14.909+0800] GC(390) Archive regions: 0->0
[2024-08-23T15:50:14.909+0800] GC(390) Humongous regions: 187->114
[2024-08-23T15:50:14.909+0800] GC(390) Metaspace: 307K(512K)->307K(512K) NonClass: 299K(384K)->299K(384K) Class: 7K(128K)->7K(128K)
[2024-08-23T15:50:14.909+0800] GC(390) Pause Young (Concurrent Start) (G1 Humongous Allocation) 188M->114M(512M) 0.850ms
[2024-08-23T15:50:14.909+0800] GC(390) User=0.00s Sys=0.00s Real=0.00s
[2024-08-23T15:50:14.909+0800] GC(391) Concurrent Undo Cycle
[2024-08-23T15:50:14.909+0800] GC(391) Concurrent Cleanup for Next Mark
[2024-08-23T15:50:14.909+0800] GC(391) Concurrent Cleanup for Next Mark 0.247ms
[2024-08-23T15:50:14.909+0800] GC(391) Concurrent Undo Cycle 0.309ms
[2024-08-23T15:50:15.345+0800] GC(392) Pause Young (Concurrent Start) (G1 Humongous Allocation)
[2024-08-23T15:50:15.345+0800] GC(392) Using 6 workers of 6 for evacuation
[2024-08-23T15:50:15.345+0800] GC(392)   Pre Evacuate Collection Set: 0.1ms
[2024-08-23T15:50:15.345+0800] GC(392)   Merge Heap Roots: 0.1ms
[2024-08-23T15:50:15.345+0800] GC(392)   Evacuate Collection Set: 0.1ms
[2024-08-23T15:50:15.345+0800] GC(392)   Post Evacuate Collection Set: 0.3ms
[2024-08-23T15:50:15.345+0800] GC(392)   Other: 0.1ms
[2024-08-23T15:50:15.345+0800] GC(392) Eden regions: 1->0(288)
[2024-08-23T15:50:15.345+0800] GC(392) Survivor regions: 0->0(39)
[2024-08-23T15:50:15.345+0800] GC(392) Old regions: 1->1
[2024-08-23T15:50:15.345+0800] GC(392) Archive regions: 0->0
[2024-08-23T15:50:15.345+0800] GC(392) Humongous regions: 225->170
[2024-08-23T15:50:15.345+0800] GC(392) Metaspace: 307K(512K)->307K(512K) NonClass: 299K(384K)->299K(384K) Class: 7K(128K)->7K(128K)
[2024-08-23T15:50:15.345+0800] GC(392) Pause Young (Concurrent Start) (G1 Humongous Allocation) 226M->170M(512M) 0.794ms
[2024-08-23T15:50:15.345+0800] GC(392) User=0.00s Sys=0.00s Real=0.00s
[2024-08-23T15:50:15.345+0800] GC(393) Concurrent Undo Cycle
[2024-08-23T15:50:15.345+0800] GC(393) Concurrent Cleanup for Next Mark
[2024-08-23T15:50:15.345+0800] GC(393) Concurrent Cleanup for Next Mark 0.216ms
[2024-08-23T15:50:15.345+0800] GC(393) Concurrent Undo Cycle 0.269ms
[2024-08-23T15:50:16.327+0800] GC(394) Pause Young (Concurrent Start) (G1 Humongous Allocation)
[2024-08-23T15:50:16.327+0800] GC(394) Using 6 workers of 6 for evacuation
[2024-08-23T15:50:16.327+0800] GC(394)   Pre Evacuate Collection Set: 0.1ms
[2024-08-23T15:50:16.327+0800] GC(394)   Merge Heap Roots: 0.1ms
[2024-08-23T15:50:16.328+0800] GC(394)   Evacuate Collection Set: 0.1ms
[2024-08-23T15:50:16.328+0800] GC(394)   Post Evacuate Collection Set: 0.3ms
[2024-08-23T15:50:16.328+0800] GC(394)   Other: 0.1ms
[2024-08-23T15:50:16.328+0800] GC(394) Eden regions: 1->0(307)
[2024-08-23T15:50:16.328+0800] GC(394) Survivor regions: 0->0(36)
[2024-08-23T15:50:16.328+0800] GC(394) Old regions: 1->1
[2024-08-23T15:50:16.328+0800] GC(394) Archive regions: 0->0
[2024-08-23T15:50:16.328+0800] GC(394) Humongous regions: 194->6
[2024-08-23T15:50:16.328+0800] GC(394) Metaspace: 307K(512K)->307K(512K) NonClass: 299K(384K)->299K(384K) Class: 7K(128K)->7K(128K)
[2024-08-23T15:50:16.328+0800] GC(394) Pause Young (Concurrent Start) (G1 Humongous Allocation) 195M->6M(512M) 0.875ms
[2024-08-23T15:50:16.328+0800] GC(394) User=0.00s Sys=0.00s Real=0.00s
[2024-08-23T15:50:16.328+0800] GC(395) Concurrent Undo Cycle
[2024-08-23T15:50:16.328+0800] GC(395) Concurrent Cleanup for Next Mark
[2024-08-23T15:50:16.328+0800] GC(395) Concurrent Cleanup for Next Mark 0.263ms
[2024-08-23T15:50:16.328+0800] GC(395) Concurrent Undo Cycle 0.321ms
[2024-08-23T15:50:17.636+0800] GC(396) Pause Young (Concurrent Start) (G1 Humongous Allocation)
[2024-08-23T15:50:17.636+0800] GC(396) Using 6 workers of 6 for evacuation
[2024-08-23T15:50:17.637+0800] GC(396)   Pre Evacuate Collection Set: 0.1ms
[2024-08-23T15:50:17.637+0800] GC(396)   Merge Heap Roots: 0.1ms
[2024-08-23T15:50:17.637+0800] GC(396)   Evacuate Collection Set: 0.2ms
[2024-08-23T15:50:17.637+0800] GC(396)   Post Evacuate Collection Set: 0.4ms
[2024-08-23T15:50:17.637+0800] GC(396)   Other: 0.1ms
[2024-08-23T15:50:17.637+0800] GC(396) Eden regions: 1->0(307)
[2024-08-23T15:50:17.637+0800] GC(396) Survivor regions: 0->0(39)
[2024-08-23T15:50:17.637+0800] GC(396) Old regions: 1->1
[2024-08-23T15:50:17.637+0800] GC(396) Archive regions: 0->0
[2024-08-23T15:50:17.637+0800] GC(396) Humongous regions: 190->29
[2024-08-23T15:50:17.637+0800] GC(396) Metaspace: 307K(512K)->307K(512K) NonClass: 299K(384K)->299K(384K) Class: 7K(128K)->7K(128K)
[2024-08-23T15:50:17.637+0800] GC(396) Pause Young (Concurrent Start) (G1 Humongous Allocation) 191M->29M(512M) 1.057ms
[2024-08-23T15:50:17.637+0800] GC(396) User=0.00s Sys=0.00s Real=0.00s
[2024-08-23T15:50:17.637+0800] GC(397) Concurrent Undo Cycle
[2024-08-23T15:50:17.637+0800] GC(397) Concurrent Cleanup for Next Mark
[2024-08-23T15:50:17.637+0800] GC(397) Concurrent Cleanup for Next Mark 0.288ms
[2024-08-23T15:50:17.637+0800] GC(397) Concurrent Undo Cycle 0.359ms
[2024-08-23T15:50:18.727+0800] GC(398) Pause Young (Concurrent Start) (G1 Humongous Allocation)
[2024-08-23T15:50:18.727+0800] GC(398) Using 6 workers of 6 for evacuation
[2024-08-23T15:50:18.728+0800] GC(398)   Pre Evacuate Collection Set: 0.1ms
[2024-08-23T15:50:18.728+0800] GC(398)   Merge Heap Roots: 0.1ms
[2024-08-23T15:50:18.728+0800] GC(398)   Evacuate Collection Set: 0.1ms
[2024-08-23T15:50:18.728+0800] GC(398)   Post Evacuate Collection Set: 0.3ms
[2024-08-23T15:50:18.728+0800] GC(398)   Other: 0.1ms
[2024-08-23T15:50:18.728+0800] GC(398) Eden regions: 1->0(307)
[2024-08-23T15:50:18.728+0800] GC(398) Survivor regions: 0->0(39)
[2024-08-23T15:50:18.728+0800] GC(398) Old regions: 1->1
[2024-08-23T15:50:18.728+0800] GC(398) Archive regions: 0->0
[2024-08-23T15:50:18.728+0800] GC(398) Humongous regions: 221->16
[2024-08-23T15:50:18.728+0800] GC(398) Metaspace: 307K(512K)->307K(512K) NonClass: 299K(384K)->299K(384K) Class: 7K(128K)->7K(128K)
[2024-08-23T15:50:18.728+0800] GC(398) Pause Young (Concurrent Start) (G1 Humongous Allocation) 222M->16M(512M) 0.878ms
[2024-08-23T15:50:18.728+0800] GC(398) User=0.00s Sys=0.00s Real=0.00s
[2024-08-23T15:50:18.728+0800] GC(399) Concurrent Undo Cycle
[2024-08-23T15:50:18.728+0800] GC(399) Concurrent Cleanup for Next Mark
[2024-08-23T15:50:18.728+0800] GC(399) Concurrent Cleanup for Next Mark 0.315ms
[2024-08-23T15:50:18.728+0800] GC(399) Concurrent Undo Cycle 0.383ms
[2024-08-23T15:50:20.144+0800] GC(400) Pause Young (Concurrent Start) (G1 Humongous Allocation)
[2024-08-23T15:50:20.144+0800] GC(400) Using 6 workers of 6 for evacuation
[2024-08-23T15:50:20.145+0800] GC(400)   Pre Evacuate Collection Set: 0.1ms
[2024-08-23T15:50:20.145+0800] GC(400)   Merge Heap Roots: 0.1ms
[2024-08-23T15:50:20.145+0800] GC(400)   Evacuate Collection Set: 0.1ms
[2024-08-23T15:50:20.145+0800] GC(400)   Post Evacuate Collection Set: 0.4ms
[2024-08-23T15:50:20.145+0800] GC(400)   Other: 0.1ms
[2024-08-23T15:50:20.145+0800] GC(400) Eden regions: 1->0(307)
[2024-08-23T15:50:20.145+0800] GC(400) Survivor regions: 0->0(39)
[2024-08-23T15:50:20.145+0800] GC(400) Old regions: 1->1
[2024-08-23T15:50:20.145+0800] GC(400) Archive regions: 0->0
[2024-08-23T15:50:20.145+0800] GC(400) Humongous regions: 221->6
[2024-08-23T15:50:20.145+0800] GC(400) Metaspace: 307K(512K)->307K(512K) NonClass: 299K(384K)->299K(384K) Class: 7K(128K)->7K(128K)
[2024-08-23T15:50:20.145+0800] GC(400) Pause Young (Concurrent Start) (G1 Humongous Allocation) 222M->6M(512M) 0.830ms
[2024-08-23T15:50:20.145+0800] GC(400) User=0.00s Sys=0.00s Real=0.00s
[2024-08-23T15:50:20.145+0800] GC(401) Concurrent Undo Cycle
[2024-08-23T15:50:20.145+0800] GC(401) Concurrent Cleanup for Next Mark
[2024-08-23T15:50:20.145+0800] GC(401) Concurrent Cleanup for Next Mark 0.251ms
[2024-08-23T15:50:20.145+0800] GC(401) Concurrent Undo Cycle 0.323ms
[2024-08-23T15:50:21.344+0800] GC(402) Pause Young (Concurrent Start) (G1 Humongous Allocation)
[2024-08-23T15:50:21.344+0800] GC(402) Using 6 workers of 6 for evacuation
[2024-08-23T15:50:21.344+0800] GC(402)   Pre Evacuate Collection Set: 0.0ms
[2024-08-23T15:50:21.344+0800] GC(402)   Merge Heap Roots: 0.0ms
[2024-08-23T15:50:21.344+0800] GC(402)   Evacuate Collection Set: 0.1ms
[2024-08-23T15:50:21.344+0800] GC(402)   Post Evacuate Collection Set: 0.2ms
[2024-08-23T15:50:21.344+0800] GC(402)   Other: 0.1ms
[2024-08-23T15:50:21.344+0800] GC(402) Eden regions: 1->0(307)
[2024-08-23T15:50:21.344+0800] GC(402) Survivor regions: 0->0(39)
[2024-08-23T15:50:21.344+0800] GC(402) Old regions: 1->1
[2024-08-23T15:50:21.344+0800] GC(402) Archive regions: 0->0
[2024-08-23T15:50:21.344+0800] GC(402) Humongous regions: 229->23
[2024-08-23T15:50:21.344+0800] GC(402) Metaspace: 307K(512K)->307K(512K) NonClass: 299K(384K)->299K(384K) Class: 7K(128K)->7K(128K)
[2024-08-23T15:50:21.344+0800] GC(402) Pause Young (Concurrent Start) (G1 Humongous Allocation) 230M->23M(512M) 0.524ms
[2024-08-23T15:50:21.344+0800] GC(402) User=0.00s Sys=0.00s Real=0.00s
[2024-08-23T15:50:21.344+0800] GC(403) Concurrent Undo Cycle
[2024-08-23T15:50:21.344+0800] GC(403) Concurrent Cleanup for Next Mark
[2024-08-23T15:50:21.345+0800] GC(403) Concurrent Cleanup for Next Mark 0.253ms
[2024-08-23T15:50:21.345+0800] GC(403) Concurrent Undo Cycle 0.318ms
[2024-08-23T15:50:22.106+0800] GC(404) Pause Young (Concurrent Start) (G1 Humongous Allocation)
[2024-08-23T15:50:22.106+0800] GC(404) Using 6 workers of 6 for evacuation
[2024-08-23T15:50:22.106+0800] GC(404)   Pre Evacuate Collection Set: 0.1ms
[2024-08-23T15:50:22.106+0800] GC(404)   Merge Heap Roots: 0.0ms
[2024-08-23T15:50:22.106+0800] GC(404)   Evacuate Collection Set: 0.1ms
[2024-08-23T15:50:22.106+0800] GC(404)   Post Evacuate Collection Set: 0.3ms
[2024-08-23T15:50:22.106+0800] GC(404)   Other: 0.1ms
[2024-08-23T15:50:22.106+0800] GC(404) Eden regions: 1->0(307)
[2024-08-23T15:50:22.106+0800] GC(404) Survivor regions: 0->0(39)
[2024-08-23T15:50:22.106+0800] GC(404) Old regions: 1->1
[2024-08-23T15:50:22.106+0800] GC(404) Archive regions: 0->0
[2024-08-23T15:50:22.106+0800] GC(404) Humongous regions: 230->139
[2024-08-23T15:50:22.106+0800] GC(404) Metaspace: 307K(512K)->307K(512K) NonClass: 299K(384K)->299K(384K) Class: 7K(128K)->7K(128K)
[2024-08-23T15:50:22.106+0800] GC(404) Pause Young (Concurrent Start) (G1 Humongous Allocation) 231M->139M(512M) 0.758ms
[2024-08-23T15:50:22.106+0800] GC(404) User=0.00s Sys=0.00s Real=0.00s
[2024-08-23T15:50:22.106+0800] GC(405) Concurrent Undo Cycle
[2024-08-23T15:50:22.106+0800] GC(405) Concurrent Cleanup for Next Mark
[2024-08-23T15:50:22.106+0800] GC(405) Concurrent Cleanup for Next Mark 0.231ms
[2024-08-23T15:50:22.106+0800] GC(405) Concurrent Undo Cycle 0.293ms
[2024-08-23T15:50:23.305+0800] GC(406) Pause Young (Concurrent Start) (G1 Humongous Allocation)
[2024-08-23T15:50:23.305+0800] GC(406) Using 6 workers of 6 for evacuation
[2024-08-23T15:50:23.305+0800] GC(406)   Pre Evacuate Collection Set: 0.0ms
[2024-08-23T15:50:23.305+0800] GC(406)   Merge Heap Roots: 0.1ms
[2024-08-23T15:50:23.305+0800] GC(406)   Evacuate Collection Set: 0.1ms
[2024-08-23T15:50:23.305+0800] GC(406)   Post Evacuate Collection Set: 0.3ms
[2024-08-23T15:50:23.305+0800] GC(406)   Other: 0.1ms
[2024-08-23T15:50:23.305+0800] GC(406) Eden regions: 1->0(307)
[2024-08-23T15:50:23.305+0800] GC(406) Survivor regions: 0->0(39)
[2024-08-23T15:50:23.305+0800] GC(406) Old regions: 1->1
[2024-08-23T15:50:23.305+0800] GC(406) Archive regions: 0->0
[2024-08-23T15:50:23.305+0800] GC(406) Humongous regions: 222->65
[2024-08-23T15:50:23.305+0800] GC(406) Metaspace: 307K(512K)->307K(512K) NonClass: 299K(384K)->299K(384K) Class: 7K(128K)->7K(128K)
[2024-08-23T15:50:23.305+0800] GC(406) Pause Young (Concurrent Start) (G1 Humongous Allocation) 223M->65M(512M) 0.689ms
[2024-08-23T15:50:23.305+0800] GC(406) User=0.00s Sys=0.00s Real=0.00s
[2024-08-23T15:50:23.305+0800] GC(407) Concurrent Undo Cycle
[2024-08-23T15:50:23.305+0800] GC(407) Concurrent Cleanup for Next Mark
[2024-08-23T15:50:23.305+0800] GC(407) Concurrent Cleanup for Next Mark 0.208ms
[2024-08-23T15:50:23.305+0800] GC(407) Concurrent Undo Cycle 0.260ms
[2024-08-23T15:50:24.726+0800] GC(408) Pause Young (Concurrent Start) (G1 Humongous Allocation)
[2024-08-23T15:50:24.726+0800] GC(408) Using 6 workers of 6 for evacuation
[2024-08-23T15:50:24.726+0800] GC(408)   Pre Evacuate Collection Set: 0.0ms
[2024-08-23T15:50:24.726+0800] GC(408)   Merge Heap Roots: 0.0ms
[2024-08-23T15:50:24.726+0800] GC(408)   Evacuate Collection Set: 0.1ms
[2024-08-23T15:50:24.726+0800] GC(408)   Post Evacuate Collection Set: 0.2ms
[2024-08-23T15:50:24.726+0800] GC(408)   Other: 0.1ms
[2024-08-23T15:50:24.726+0800] GC(408) Eden regions: 1->0(307)
[2024-08-23T15:50:24.726+0800] GC(408) Survivor regions: 0->0(39)
[2024-08-23T15:50:24.726+0800] GC(408) Old regions: 1->1
[2024-08-23T15:50:24.726+0800] GC(408) Archive regions: 0->0
[2024-08-23T15:50:24.726+0800] GC(408) Humongous regions: 183->27
[2024-08-23T15:50:24.726+0800] GC(408) Metaspace: 307K(512K)->307K(512K) NonClass: 299K(384K)->299K(384K) Class: 7K(128K)->7K(128K)
[2024-08-23T15:50:24.726+0800] GC(408) Pause Young (Concurrent Start) (G1 Humongous Allocation) 184M->27M(512M) 0.523ms
[2024-08-23T15:50:24.726+0800] GC(408) User=0.00s Sys=0.00s Real=0.00s
[2024-08-23T15:50:24.726+0800] GC(409) Concurrent Undo Cycle
[2024-08-23T15:50:24.726+0800] GC(409) Concurrent Cleanup for Next Mark
[2024-08-23T15:50:24.726+0800] GC(409) Concurrent Cleanup for Next Mark 0.343ms
[2024-08-23T15:50:24.726+0800] GC(409) Concurrent Undo Cycle 0.438ms
[2024-08-23T15:50:25.923+0800] GC(410) Pause Young (Concurrent Start) (G1 Humongous Allocation)
[2024-08-23T15:50:25.923+0800] GC(410) Using 6 workers of 6 for evacuation
[2024-08-23T15:50:25.923+0800] GC(410)   Pre Evacuate Collection Set: 0.0ms
[2024-08-23T15:50:25.923+0800] GC(410)   Merge Heap Roots: 0.1ms
[2024-08-23T15:50:25.923+0800] GC(410)   Evacuate Collection Set: 0.1ms
[2024-08-23T15:50:25.923+0800] GC(410)   Post Evacuate Collection Set: 0.2ms
[2024-08-23T15:50:25.923+0800] GC(410)   Other: 0.1ms
[2024-08-23T15:50:25.923+0800] GC(410) Eden regions: 1->0(307)
[2024-08-23T15:50:25.923+0800] GC(410) Survivor regions: 0->0(39)
[2024-08-23T15:50:25.923+0800] GC(410) Old regions: 1->1
[2024-08-23T15:50:25.923+0800] GC(410) Archive regions: 0->0
[2024-08-23T15:50:25.923+0800] GC(410) Humongous regions: 230->124
[2024-08-23T15:50:25.923+0800] GC(410) Metaspace: 307K(512K)->307K(512K) NonClass: 299K(384K)->299K(384K) Class: 7K(128K)->7K(128K)
[2024-08-23T15:50:25.923+0800] GC(410) Pause Young (Concurrent Start) (G1 Humongous Allocation) 231M->124M(512M) 0.567ms
[2024-08-23T15:50:25.923+0800] GC(410) User=0.00s Sys=0.00s Real=0.00s
[2024-08-23T15:50:25.923+0800] GC(411) Concurrent Undo Cycle
[2024-08-23T15:50:25.923+0800] GC(411) Concurrent Cleanup for Next Mark
[2024-08-23T15:50:25.923+0800] GC(411) Concurrent Cleanup for Next Mark 0.266ms
[2024-08-23T15:50:25.923+0800] GC(411) Concurrent Undo Cycle 0.349ms
[2024-08-23T15:50:26.247+0800] GC(412) Pause Young (Concurrent Start) (G1 Humongous Allocation)
[2024-08-23T15:50:26.247+0800] GC(412) Using 6 workers of 6 for evacuation
[2024-08-23T15:50:26.247+0800] GC(412)   Pre Evacuate Collection Set: 0.0ms
[2024-08-23T15:50:26.247+0800] GC(412)   Merge Heap Roots: 0.0ms
[2024-08-23T15:50:26.247+0800] GC(412)   Evacuate Collection Set: 0.1ms
[2024-08-23T15:50:26.247+0800] GC(412)   Post Evacuate Collection Set: 0.1ms
[2024-08-23T15:50:26.247+0800] GC(412)   Other: 0.1ms
[2024-08-23T15:50:26.247+0800] GC(412) Eden regions: 1->0(293)
[2024-08-23T15:50:26.247+0800] GC(412) Survivor regions: 0->1(39)
[2024-08-23T15:50:26.247+0800] GC(412) Old regions: 1->1
[2024-08-23T15:50:26.247+0800] GC(412) Archive regions: 0->0
[2024-08-23T15:50:26.247+0800] GC(412) Humongous regions: 207->164
[2024-08-23T15:50:26.247+0800] GC(412) Metaspace: 307K(512K)->307K(512K) NonClass: 299K(384K)->299K(384K) Class: 7K(128K)->7K(128K)
[2024-08-23T15:50:26.247+0800] GC(412) Pause Young (Concurrent Start) (G1 Humongous Allocation) 208M->164M(512M) 0.480ms
[2024-08-23T15:50:26.247+0800] GC(412) User=0.00s Sys=0.00s Real=0.00s
[2024-08-23T15:50:26.247+0800] GC(413) Concurrent Undo Cycle
[2024-08-23T15:50:26.247+0800] GC(413) Concurrent Cleanup for Next Mark
[2024-08-23T15:50:26.248+0800] GC(413) Concurrent Cleanup for Next Mark 0.260ms
[2024-08-23T15:50:26.248+0800] GC(413) Concurrent Undo Cycle 0.349ms
[2024-08-23T15:50:26.357+0800] GC(414) Pause Young (Concurrent Start) (G1 Humongous Allocation)
[2024-08-23T15:50:26.357+0800] GC(414) Using 6 workers of 6 for evacuation
[2024-08-23T15:50:26.357+0800] GC(414)   Pre Evacuate Collection Set: 0.0ms
[2024-08-23T15:50:26.357+0800] GC(414)   Merge Heap Roots: 0.0ms
[2024-08-23T15:50:26.357+0800] GC(414)   Evacuate Collection Set: 0.1ms
[2024-08-23T15:50:26.357+0800] GC(414)   Post Evacuate Collection Set: 0.1ms
[2024-08-23T15:50:26.357+0800] GC(414)   Other: 0.1ms
[2024-08-23T15:50:26.357+0800] GC(414) Eden regions: 1->0(243)
[2024-08-23T15:50:26.357+0800] GC(414) Survivor regions: 1->1(37)
[2024-08-23T15:50:26.357+0800] GC(414) Old regions: 1->1
[2024-08-23T15:50:26.357+0800] GC(414) Archive regions: 0->0
[2024-08-23T15:50:26.357+0800] GC(414) Humongous regions: 265->214
[2024-08-23T15:50:26.357+0800] GC(414) Metaspace: 307K(512K)->307K(512K) NonClass: 299K(384K)->299K(384K) Class: 7K(128K)->7K(128K)
[2024-08-23T15:50:26.357+0800] GC(414) Pause Young (Concurrent Start) (G1 Humongous Allocation) 266M->214M(512M) 0.481ms
[2024-08-23T15:50:26.357+0800] GC(414) User=0.00s Sys=0.00s Real=0.00s
[2024-08-23T15:50:26.357+0800] GC(415) Concurrent Undo Cycle
[2024-08-23T15:50:26.357+0800] GC(415) Concurrent Cleanup for Next Mark
[2024-08-23T15:50:26.358+0800] GC(415) Concurrent Cleanup for Next Mark 0.304ms
[2024-08-23T15:50:26.358+0800] GC(415) Concurrent Undo Cycle 0.370ms
[2024-08-23T15:50:26.793+0800] GC(416) Pause Young (Concurrent Start) (G1 Humongous Allocation)
[2024-08-23T15:50:26.793+0800] GC(416) Using 6 workers of 6 for evacuation
[2024-08-23T15:50:26.794+0800] GC(416)   Pre Evacuate Collection Set: 0.1ms
[2024-08-23T15:50:26.794+0800] GC(416)   Merge Heap Roots: 0.0ms
[2024-08-23T15:50:26.794+0800] GC(416)   Evacuate Collection Set: 0.2ms
[2024-08-23T15:50:26.794+0800] GC(416)   Post Evacuate Collection Set: 0.6ms
[2024-08-23T15:50:26.794+0800] GC(416)   Other: 0.1ms
[2024-08-23T15:50:26.794+0800] GC(416) Eden regions: 1->0(306)
[2024-08-23T15:50:26.794+0800] GC(416) Survivor regions: 1->1(31)
[2024-08-23T15:50:26.794+0800] GC(416) Old regions: 1->1
[2024-08-23T15:50:26.794+0800] GC(416) Archive regions: 0->0
[2024-08-23T15:50:26.794+0800] GC(416) Humongous regions: 230->121
[2024-08-23T15:50:26.794+0800] GC(416) Metaspace: 307K(512K)->307K(512K) NonClass: 299K(384K)->299K(384K) Class: 7K(128K)->7K(128K)
[2024-08-23T15:50:26.794+0800] GC(416) Pause Young (Concurrent Start) (G1 Humongous Allocation) 231M->121M(512M) 1.040ms
[2024-08-23T15:50:26.794+0800] GC(416) User=0.00s Sys=0.00s Real=0.00s
[2024-08-23T15:50:26.794+0800] GC(417) Concurrent Undo Cycle
[2024-08-23T15:50:26.794+0800] GC(417) Concurrent Cleanup for Next Mark
[2024-08-23T15:50:26.794+0800] GC(417) Concurrent Cleanup for Next Mark 0.319ms
[2024-08-23T15:50:26.794+0800] GC(417) Concurrent Undo Cycle 0.375ms
[2024-08-23T15:50:28.975+0800] GC(418) Pause Young (Concurrent Start) (G1 Humongous Allocation)
[2024-08-23T15:50:28.975+0800] GC(418) Using 6 workers of 6 for evacuation
[2024-08-23T15:50:28.976+0800] GC(418)   Pre Evacuate Collection Set: 0.1ms
[2024-08-23T15:50:28.976+0800] GC(418)   Merge Heap Roots: 0.1ms
[2024-08-23T15:50:28.976+0800] GC(418)   Evacuate Collection Set: 0.2ms
[2024-08-23T15:50:28.976+0800] GC(418)   Post Evacuate Collection Set: 0.5ms
[2024-08-23T15:50:28.976+0800] GC(418)   Other: 0.1ms
[2024-08-23T15:50:28.976+0800] GC(418) Eden regions: 1->0(306)
[2024-08-23T15:50:28.976+0800] GC(418) Survivor regions: 1->1(39)
[2024-08-23T15:50:28.976+0800] GC(418) Old regions: 1->1
[2024-08-23T15:50:28.976+0800] GC(418) Archive regions: 0->0
[2024-08-23T15:50:28.976+0800] GC(418) Humongous regions: 228->34
[2024-08-23T15:50:28.976+0800] GC(418) Metaspace: 307K(512K)->307K(512K) NonClass: 299K(384K)->299K(384K) Class: 7K(128K)->7K(128K)
[2024-08-23T15:50:28.976+0800] GC(418) Pause Young (Concurrent Start) (G1 Humongous Allocation) 229M->34M(512M) 1.104ms
[2024-08-23T15:50:28.976+0800] GC(418) User=0.00s Sys=0.00s Real=0.00s
[2024-08-23T15:50:28.976+0800] GC(419) Concurrent Undo Cycle
[2024-08-23T15:50:28.976+0800] GC(419) Concurrent Cleanup for Next Mark
[2024-08-23T15:50:28.976+0800] GC(419) Concurrent Cleanup for Next Mark 0.251ms
[2024-08-23T15:50:28.976+0800] GC(419) Concurrent Undo Cycle 0.311ms
[2024-08-23T15:50:30.063+0800] GC(420) Pause Young (Concurrent Start) (G1 Humongous Allocation)
[2024-08-23T15:50:30.063+0800] GC(420) Using 6 workers of 6 for evacuation
[2024-08-23T15:50:30.063+0800] GC(420)   Pre Evacuate Collection Set: 0.1ms
[2024-08-23T15:50:30.063+0800] GC(420)   Merge Heap Roots: 0.1ms
[2024-08-23T15:50:30.063+0800] GC(420)   Evacuate Collection Set: 0.1ms
[2024-08-23T15:50:30.063+0800] GC(420)   Post Evacuate Collection Set: 0.2ms
[2024-08-23T15:50:30.063+0800] GC(420)   Other: 0.1ms
[2024-08-23T15:50:30.063+0800] GC(420) Eden regions: 1->0(306)
[2024-08-23T15:50:30.063+0800] GC(420) Survivor regions: 1->1(39)
[2024-08-23T15:50:30.063+0800] GC(420) Old regions: 1->1
[2024-08-23T15:50:30.063+0800] GC(420) Archive regions: 0->0
[2024-08-23T15:50:30.063+0800] GC(420) Humongous regions: 226->25
[2024-08-23T15:50:30.063+0800] GC(420) Metaspace: 307K(512K)->307K(512K) NonClass: 299K(384K)->299K(384K) Class: 7K(128K)->7K(128K)
[2024-08-23T15:50:30.063+0800] GC(420) Pause Young (Concurrent Start) (G1 Humongous Allocation) 227M->25M(512M) 0.727ms
[2024-08-23T15:50:30.063+0800] GC(420) User=0.00s Sys=0.00s Real=0.00s
[2024-08-23T15:50:30.063+0800] GC(421) Concurrent Undo Cycle
[2024-08-23T15:50:30.063+0800] GC(421) Concurrent Cleanup for Next Mark
[2024-08-23T15:50:30.063+0800] GC(421) Concurrent Cleanup for Next Mark 0.303ms
[2024-08-23T15:50:30.063+0800] GC(421) Concurrent Undo Cycle 0.376ms
[2024-08-23T15:50:30.933+0800] GC(422) Pause Young (Concurrent Start) (G1 Humongous Allocation)
[2024-08-23T15:50:30.933+0800] GC(422) Using 6 workers of 6 for evacuation
[2024-08-23T15:50:30.933+0800] GC(422)   Pre Evacuate Collection Set: 0.1ms
[2024-08-23T15:50:30.933+0800] GC(422)   Merge Heap Roots: 0.0ms
[2024-08-23T15:50:30.933+0800] GC(422)   Evacuate Collection Set: 0.1ms
[2024-08-23T15:50:30.933+0800] GC(422)   Post Evacuate Collection Set: 0.2ms
[2024-08-23T15:50:30.933+0800] GC(422)   Other: 0.1ms
[2024-08-23T15:50:30.933+0800] GC(422) Eden regions: 1->0(306)
[2024-08-23T15:50:30.933+0800] GC(422) Survivor regions: 1->1(39)
[2024-08-23T15:50:30.933+0800] GC(422) Old regions: 1->1
[2024-08-23T15:50:30.933+0800] GC(422) Archive regions: 0->0
[2024-08-23T15:50:30.933+0800] GC(422) Humongous regions: 230->36
[2024-08-23T15:50:30.933+0800] GC(422) Metaspace: 307K(512K)->307K(512K) NonClass: 299K(384K)->299K(384K) Class: 7K(128K)->7K(128K)
[2024-08-23T15:50:30.933+0800] GC(422) Pause Young (Concurrent Start) (G1 Humongous Allocation) 231M->36M(512M) 0.644ms
[2024-08-23T15:50:30.933+0800] GC(422) User=0.00s Sys=0.00s Real=0.00s
[2024-08-23T15:50:30.933+0800] GC(423) Concurrent Undo Cycle
[2024-08-23T15:50:30.933+0800] GC(423) Concurrent Cleanup for Next Mark
[2024-08-23T15:50:30.934+0800] GC(423) Concurrent Cleanup for Next Mark 0.247ms
[2024-08-23T15:50:30.934+0800] GC(423) Concurrent Undo Cycle 0.307ms
[2024-08-23T15:50:32.244+0800] GC(424) Pause Young (Concurrent Start) (G1 Humongous Allocation)
[2024-08-23T15:50:32.244+0800] GC(424) Using 6 workers of 6 for evacuation
[2024-08-23T15:50:32.244+0800] GC(424)   Pre Evacuate Collection Set: 0.1ms
[2024-08-23T15:50:32.244+0800] GC(424)   Merge Heap Roots: 0.1ms
[2024-08-23T15:50:32.244+0800] GC(424)   Evacuate Collection Set: 0.2ms
[2024-08-23T15:50:32.244+0800] GC(424)   Post Evacuate Collection Set: 0.4ms
[2024-08-23T15:50:32.244+0800] GC(424)   Other: 0.1ms
[2024-08-23T15:50:32.244+0800] GC(424) Eden regions: 1->0(306)
[2024-08-23T15:50:32.244+0800] GC(424) Survivor regions: 1->1(39)
[2024-08-23T15:50:32.244+0800] GC(424) Old regions: 1->1
[2024-08-23T15:50:32.244+0800] GC(424) Archive regions: 0->0
[2024-08-23T15:50:32.244+0800] GC(424) Humongous regions: 230->23
[2024-08-23T15:50:32.244+0800] GC(424) Metaspace: 307K(512K)->307K(512K) NonClass: 299K(384K)->299K(384K) Class: 7K(128K)->7K(128K)
[2024-08-23T15:50:32.244+0800] GC(424) Pause Young (Concurrent Start) (G1 Humongous Allocation) 231M->23M(512M) 1.029ms
[2024-08-23T15:50:32.244+0800] GC(424) User=0.00s Sys=0.00s Real=0.00s
[2024-08-23T15:50:32.244+0800] GC(425) Concurrent Undo Cycle
[2024-08-23T15:50:32.244+0800] GC(425) Concurrent Cleanup for Next Mark
[2024-08-23T15:50:32.244+0800] GC(425) Concurrent Cleanup for Next Mark 0.291ms
[2024-08-23T15:50:32.245+0800] GC(425) Concurrent Undo Cycle 0.351ms
[2024-08-23T15:50:33.333+0800] GC(426) Pause Young (Concurrent Start) (G1 Humongous Allocation)
[2024-08-23T15:50:33.333+0800] GC(426) Using 6 workers of 6 for evacuation
[2024-08-23T15:50:33.333+0800] GC(426)   Pre Evacuate Collection Set: 0.0ms
[2024-08-23T15:50:33.333+0800] GC(426)   Merge Heap Roots: 0.0ms
[2024-08-23T15:50:33.333+0800] GC(426)   Evacuate Collection Set: 0.1ms
[2024-08-23T15:50:33.334+0800] GC(426)   Post Evacuate Collection Set: 0.2ms
[2024-08-23T15:50:33.334+0800] GC(426)   Other: 0.1ms
[2024-08-23T15:50:33.334+0800] GC(426) Eden regions: 1->0(306)
[2024-08-23T15:50:33.334+0800] GC(426) Survivor regions: 1->1(39)
[2024-08-23T15:50:33.334+0800] GC(426) Old regions: 1->1
[2024-08-23T15:50:33.334+0800] GC(426) Archive regions: 0->0
[2024-08-23T15:50:33.334+0800] GC(426) Humongous regions: 153->78
[2024-08-23T15:50:33.334+0800] GC(426) Metaspace: 307K(512K)->307K(512K) NonClass: 299K(384K)->299K(384K) Class: 7K(128K)->7K(128K)
[2024-08-23T15:50:33.334+0800] GC(426) Pause Young (Concurrent Start) (G1 Humongous Allocation) 154M->78M(512M) 0.580ms
[2024-08-23T15:50:33.334+0800] GC(426) User=0.00s Sys=0.00s Real=0.00s
[2024-08-23T15:50:33.334+0800] GC(427) Concurrent Undo Cycle
[2024-08-23T15:50:33.334+0800] GC(427) Concurrent Cleanup for Next Mark
[2024-08-23T15:50:33.334+0800] GC(427) Concurrent Cleanup for Next Mark 0.276ms
[2024-08-23T15:50:33.334+0800] GC(427) Concurrent Undo Cycle 0.347ms
[2024-08-23T15:50:34.420+0800] GC(428) Pause Young (Concurrent Start) (G1 Humongous Allocation)
[2024-08-23T15:50:34.420+0800] GC(428) Using 6 workers of 6 for evacuation
[2024-08-23T15:50:34.420+0800] GC(428)   Pre Evacuate Collection Set: 0.0ms
[2024-08-23T15:50:34.420+0800] GC(428)   Merge Heap Roots: 0.0ms
[2024-08-23T15:50:34.420+0800] GC(428)   Evacuate Collection Set: 0.1ms
[2024-08-23T15:50:34.420+0800] GC(428)   Post Evacuate Collection Set: 0.1ms
[2024-08-23T15:50:34.420+0800] GC(428)   Other: 0.1ms
[2024-08-23T15:50:34.420+0800] GC(428) Eden regions: 1->0(306)
[2024-08-23T15:50:34.420+0800] GC(428) Survivor regions: 1->1(39)
[2024-08-23T15:50:34.420+0800] GC(428) Old regions: 1->1
[2024-08-23T15:50:34.420+0800] GC(428) Archive regions: 0->0
[2024-08-23T15:50:34.420+0800] GC(428) Humongous regions: 230->95
[2024-08-23T15:50:34.420+0800] GC(428) Metaspace: 307K(512K)->307K(512K) NonClass: 299K(384K)->299K(384K) Class: 7K(128K)->7K(128K)
[2024-08-23T15:50:34.420+0800] GC(428) Pause Young (Concurrent Start) (G1 Humongous Allocation) 231M->95M(512M) 0.515ms
[2024-08-23T15:50:34.420+0800] GC(428) User=0.00s Sys=0.00s Real=0.00s
[2024-08-23T15:50:34.420+0800] GC(429) Concurrent Undo Cycle
[2024-08-23T15:50:34.420+0800] GC(429) Concurrent Cleanup for Next Mark
[2024-08-23T15:50:34.421+0800] GC(429) Concurrent Cleanup for Next Mark 0.467ms
[2024-08-23T15:50:34.421+0800] GC(429) Concurrent Undo Cycle 0.554ms
[2024-08-23T15:50:34.750+0800] GC(430) Pause Young (Concurrent Start) (G1 Humongous Allocation)
[2024-08-23T15:50:34.750+0800] GC(430) Using 6 workers of 6 for evacuation
[2024-08-23T15:50:34.750+0800] GC(430)   Pre Evacuate Collection Set: 0.0ms
[2024-08-23T15:50:34.750+0800] GC(430)   Merge Heap Roots: 0.0ms
[2024-08-23T15:50:34.750+0800] GC(430)   Evacuate Collection Set: 0.1ms
[2024-08-23T15:50:34.750+0800] GC(430)   Post Evacuate Collection Set: 0.1ms
[2024-08-23T15:50:34.750+0800] GC(430)   Other: 0.1ms
[2024-08-23T15:50:34.750+0800] GC(430) Eden regions: 1->0(306)
[2024-08-23T15:50:34.750+0800] GC(430) Survivor regions: 1->1(39)
[2024-08-23T15:50:34.750+0800] GC(430) Old regions: 1->1
[2024-08-23T15:50:34.750+0800] GC(430) Archive regions: 0->0
[2024-08-23T15:50:34.750+0800] GC(430) Humongous regions: 178->135
[2024-08-23T15:50:34.750+0800] GC(430) Metaspace: 307K(512K)->307K(512K) NonClass: 299K(384K)->299K(384K) Class: 7K(128K)->7K(128K)
[2024-08-23T15:50:34.750+0800] GC(430) Pause Young (Concurrent Start) (G1 Humongous Allocation) 179M->135M(512M) 0.482ms
[2024-08-23T15:50:34.750+0800] GC(430) User=0.00s Sys=0.00s Real=0.00s
[2024-08-23T15:50:34.750+0800] GC(431) Concurrent Undo Cycle
[2024-08-23T15:50:34.750+0800] GC(431) Concurrent Cleanup for Next Mark
[2024-08-23T15:50:34.750+0800] GC(431) Concurrent Cleanup for Next Mark 0.249ms
[2024-08-23T15:50:34.750+0800] GC(431) Concurrent Undo Cycle 0.318ms
[2024-08-23T15:50:35.401+0800] GC(432) Pause Young (Concurrent Start) (G1 Humongous Allocation)
[2024-08-23T15:50:35.401+0800] GC(432) Using 6 workers of 6 for evacuation
[2024-08-23T15:50:35.401+0800] GC(432)   Pre Evacuate Collection Set: 0.1ms
[2024-08-23T15:50:35.402+0800] GC(432)   Merge Heap Roots: 0.1ms
[2024-08-23T15:50:35.402+0800] GC(432)   Evacuate Collection Set: 0.1ms
[2024-08-23T15:50:35.402+0800] GC(432)   Post Evacuate Collection Set: 0.4ms
[2024-08-23T15:50:35.402+0800] GC(432)   Other: 0.1ms
[2024-08-23T15:50:35.402+0800] GC(432) Eden regions: 1->0(306)
[2024-08-23T15:50:35.402+0800] GC(432) Survivor regions: 1->1(39)
[2024-08-23T15:50:35.402+0800] GC(432) Old regions: 1->1
[2024-08-23T15:50:35.402+0800] GC(432) Archive regions: 0->0
[2024-08-23T15:50:35.402+0800] GC(432) Humongous regions: 236->101
[2024-08-23T15:50:35.402+0800] GC(432) Metaspace: 307K(512K)->307K(512K) NonClass: 300K(384K)->300K(384K) Class: 7K(128K)->7K(128K)
[2024-08-23T15:50:35.402+0800] GC(432) Pause Young (Concurrent Start) (G1 Humongous Allocation) 237M->101M(512M) 0.882ms
[2024-08-23T15:50:35.402+0800] GC(432) User=0.00s Sys=0.00s Real=0.00s
[2024-08-23T15:50:35.402+0800] GC(433) Concurrent Undo Cycle
[2024-08-23T15:50:35.402+0800] GC(433) Concurrent Cleanup for Next Mark
[2024-08-23T15:50:35.402+0800] GC(433) Concurrent Cleanup for Next Mark 0.246ms
[2024-08-23T15:50:35.402+0800] GC(433) Concurrent Undo Cycle 0.301ms
[2024-08-23T15:50:36.165+0800] GC(434) Pause Young (Concurrent Start) (G1 Humongous Allocation)
[2024-08-23T15:50:36.165+0800] GC(434) Using 6 workers of 6 for evacuation
[2024-08-23T15:50:36.165+0800] GC(434)   Pre Evacuate Collection Set: 0.1ms
[2024-08-23T15:50:36.165+0800] GC(434)   Merge Heap Roots: 0.1ms
[2024-08-23T15:50:36.165+0800] GC(434)   Evacuate Collection Set: 0.1ms
[2024-08-23T15:50:36.165+0800] GC(434)   Post Evacuate Collection Set: 0.3ms
[2024-08-23T15:50:36.165+0800] GC(434)   Other: 0.1ms
[2024-08-23T15:50:36.165+0800] GC(434) Eden regions: 1->0(306)
[2024-08-23T15:50:36.165+0800] GC(434) Survivor regions: 1->1(39)
[2024-08-23T15:50:36.165+0800] GC(434) Old regions: 1->1
[2024-08-23T15:50:36.165+0800] GC(434) Archive regions: 0->0
[2024-08-23T15:50:36.165+0800] GC(434) Humongous regions: 213->57
[2024-08-23T15:50:36.165+0800] GC(434) Metaspace: 307K(512K)->307K(512K) NonClass: 300K(384K)->300K(384K) Class: 7K(128K)->7K(128K)
[2024-08-23T15:50:36.165+0800] GC(434) Pause Young (Concurrent Start) (G1 Humongous Allocation) 214M->57M(512M) 0.723ms
[2024-08-23T15:50:36.165+0800] GC(434) User=0.00s Sys=0.00s Real=0.00s
[2024-08-23T15:50:36.165+0800] GC(435) Concurrent Undo Cycle
[2024-08-23T15:50:36.165+0800] GC(435) Concurrent Cleanup for Next Mark
[2024-08-23T15:50:36.166+0800] GC(435) Concurrent Cleanup for Next Mark 0.242ms
[2024-08-23T15:50:36.166+0800] GC(435) Concurrent Undo Cycle 0.306ms
[2024-08-23T15:50:37.365+0800] GC(436) Pause Young (Concurrent Start) (G1 Humongous Allocation)
[2024-08-23T15:50:37.365+0800] GC(436) Using 6 workers of 6 for evacuation
[2024-08-23T15:50:37.365+0800] GC(436)   Pre Evacuate Collection Set: 0.0ms
[2024-08-23T15:50:37.365+0800] GC(436)   Merge Heap Roots: 0.0ms
[2024-08-23T15:50:37.365+0800] GC(436)   Evacuate Collection Set: 0.1ms
[2024-08-23T15:50:37.365+0800] GC(436)   Post Evacuate Collection Set: 0.2ms
[2024-08-23T15:50:37.365+0800] GC(436)   Other: 0.1ms
[2024-08-23T15:50:37.365+0800] GC(436) Eden regions: 1->0(306)
[2024-08-23T15:50:37.365+0800] GC(436) Survivor regions: 1->1(39)
[2024-08-23T15:50:37.365+0800] GC(436) Old regions: 1->1
[2024-08-23T15:50:37.365+0800] GC(436) Archive regions: 0->0
[2024-08-23T15:50:37.365+0800] GC(436) Humongous regions: 220->25
[2024-08-23T15:50:37.365+0800] GC(436) Metaspace: 307K(512K)->307K(512K) NonClass: 300K(384K)->300K(384K) Class: 7K(128K)->7K(128K)
[2024-08-23T15:50:37.365+0800] GC(436) Pause Young (Concurrent Start) (G1 Humongous Allocation) 221M->25M(512M) 0.540ms
[2024-08-23T15:50:37.365+0800] GC(436) User=0.00s Sys=0.00s Real=0.00s
[2024-08-23T15:50:37.365+0800] GC(437) Concurrent Undo Cycle
[2024-08-23T15:50:37.365+0800] GC(437) Concurrent Cleanup for Next Mark
[2024-08-23T15:50:37.365+0800] GC(437) Concurrent Cleanup for Next Mark 0.238ms
[2024-08-23T15:50:37.366+0800] GC(437) Concurrent Undo Cycle 0.315ms
[2024-08-23T15:50:38.348+0800] GC(438) Pause Young (Concurrent Start) (G1 Humongous Allocation)
[2024-08-23T15:50:38.348+0800] GC(438) Using 6 workers of 6 for evacuation
[2024-08-23T15:50:38.348+0800] GC(438)   Pre Evacuate Collection Set: 0.1ms
[2024-08-23T15:50:38.348+0800] GC(438)   Merge Heap Roots: 0.1ms
[2024-08-23T15:50:38.348+0800] GC(438)   Evacuate Collection Set: 0.1ms
[2024-08-23T15:50:38.348+0800] GC(438)   Post Evacuate Collection Set: 0.3ms
[2024-08-23T15:50:38.348+0800] GC(438)   Other: 0.1ms
[2024-08-23T15:50:38.348+0800] GC(438) Eden regions: 1->0(306)
[2024-08-23T15:50:38.348+0800] GC(438) Survivor regions: 1->1(39)
[2024-08-23T15:50:38.348+0800] GC(438) Old regions: 1->1
[2024-08-23T15:50:38.348+0800] GC(438) Archive regions: 0->0
[2024-08-23T15:50:38.348+0800] GC(438) Humongous regions: 226->22
[2024-08-23T15:50:38.348+0800] GC(438) Metaspace: 307K(512K)->307K(512K) NonClass: 300K(384K)->300K(384K) Class: 7K(128K)->7K(128K)
[2024-08-23T15:50:38.348+0800] GC(438) Pause Young (Concurrent Start) (G1 Humongous Allocation) 227M->22M(512M) 0.836ms
[2024-08-23T15:50:38.348+0800] GC(438) User=0.00s Sys=0.00s Real=0.00s
[2024-08-23T15:50:38.348+0800] GC(439) Concurrent Undo Cycle
[2024-08-23T15:50:38.348+0800] GC(439) Concurrent Cleanup for Next Mark
[2024-08-23T15:50:38.348+0800] GC(439) Concurrent Cleanup for Next Mark 0.426ms
[2024-08-23T15:50:38.348+0800] GC(439) Concurrent Undo Cycle 0.511ms
[2024-08-23T15:50:40.422+0800] GC(440) Pause Young (Concurrent Start) (G1 Humongous Allocation)
[2024-08-23T15:50:40.422+0800] GC(440) Using 6 workers of 6 for evacuation
[2024-08-23T15:50:40.422+0800] GC(440)   Pre Evacuate Collection Set: 0.0ms
[2024-08-23T15:50:40.422+0800] GC(440)   Merge Heap Roots: 0.0ms
[2024-08-23T15:50:40.422+0800] GC(440)   Evacuate Collection Set: 0.1ms
[2024-08-23T15:50:40.422+0800] GC(440)   Post Evacuate Collection Set: 0.1ms
[2024-08-23T15:50:40.422+0800] GC(440)   Other: 0.1ms
[2024-08-23T15:50:40.422+0800] GC(440) Eden regions: 1->0(306)
[2024-08-23T15:50:40.422+0800] GC(440) Survivor regions: 1->1(39)
[2024-08-23T15:50:40.422+0800] GC(440) Old regions: 1->1
[2024-08-23T15:50:40.422+0800] GC(440) Archive regions: 0->0
[2024-08-23T15:50:40.422+0800] GC(440) Humongous regions: 177->68
[2024-08-23T15:50:40.422+0800] GC(440) Metaspace: 307K(512K)->307K(512K) NonClass: 300K(384K)->300K(384K) Class: 7K(128K)->7K(128K)
[2024-08-23T15:50:40.422+0800] GC(440) Pause Young (Concurrent Start) (G1 Humongous Allocation) 178M->68M(512M) 0.515ms
[2024-08-23T15:50:40.422+0800] GC(440) User=0.00s Sys=0.00s Real=0.00s
[2024-08-23T15:50:40.422+0800] GC(441) Concurrent Undo Cycle
[2024-08-23T15:50:40.422+0800] GC(441) Concurrent Cleanup for Next Mark
[2024-08-23T15:50:40.423+0800] GC(441) Concurrent Cleanup for Next Mark 0.274ms
[2024-08-23T15:50:40.423+0800] GC(441) Concurrent Undo Cycle 0.347ms
[2024-08-23T15:50:41.511+0800] GC(442) Pause Young (Concurrent Start) (G1 Humongous Allocation)
[2024-08-23T15:50:41.511+0800] GC(442) Using 6 workers of 6 for evacuation
[2024-08-23T15:50:41.512+0800] GC(442)   Pre Evacuate Collection Set: 0.1ms
[2024-08-23T15:50:41.512+0800] GC(442)   Merge Heap Roots: 0.1ms
[2024-08-23T15:50:41.512+0800] GC(442)   Evacuate Collection Set: 0.1ms
[2024-08-23T15:50:41.512+0800] GC(442)   Post Evacuate Collection Set: 0.3ms
[2024-08-23T15:50:41.512+0800] GC(442)   Other: 0.1ms
[2024-08-23T15:50:41.512+0800] GC(442) Eden regions: 1->0(307)
[2024-08-23T15:50:41.512+0800] GC(442) Survivor regions: 1->0(39)
[2024-08-23T15:50:41.512+0800] GC(442) Old regions: 1->1
[2024-08-23T15:50:41.512+0800] GC(442) Archive regions: 0->0
[2024-08-23T15:50:41.512+0800] GC(442) Humongous regions: 220->34
[2024-08-23T15:50:41.512+0800] GC(442) Metaspace: 307K(512K)->307K(512K) NonClass: 300K(384K)->300K(384K) Class: 7K(128K)->7K(128K)
[2024-08-23T15:50:41.512+0800] GC(442) Pause Young (Concurrent Start) (G1 Humongous Allocation) 221M->34M(512M) 0.784ms
[2024-08-23T15:50:41.512+0800] GC(442) User=0.00s Sys=0.00s Real=0.00s
[2024-08-23T15:50:41.512+0800] GC(443) Concurrent Undo Cycle
[2024-08-23T15:50:41.512+0800] GC(443) Concurrent Cleanup for Next Mark
[2024-08-23T15:50:41.512+0800] GC(443) Concurrent Cleanup for Next Mark 0.257ms
[2024-08-23T15:50:41.512+0800] GC(443) Concurrent Undo Cycle 0.318ms
[2024-08-23T15:50:42.277+0800] GC(444) Pause Young (Concurrent Start) (G1 Humongous Allocation)
[2024-08-23T15:50:42.277+0800] GC(444) Using 6 workers of 6 for evacuation
[2024-08-23T15:50:42.277+0800] GC(444)   Pre Evacuate Collection Set: 0.1ms
[2024-08-23T15:50:42.277+0800] GC(444)   Merge Heap Roots: 0.1ms
[2024-08-23T15:50:42.277+0800] GC(444)   Evacuate Collection Set: 0.1ms
[2024-08-23T15:50:42.277+0800] GC(444)   Post Evacuate Collection Set: 0.4ms
[2024-08-23T15:50:42.277+0800] GC(444)   Other: 0.1ms
[2024-08-23T15:50:42.277+0800] GC(444) Eden regions: 1->0(307)
[2024-08-23T15:50:42.277+0800] GC(444) Survivor regions: 0->0(39)
[2024-08-23T15:50:42.277+0800] GC(444) Old regions: 1->1
[2024-08-23T15:50:42.277+0800] GC(444) Archive regions: 0->0
[2024-08-23T15:50:42.277+0800] GC(444) Humongous regions: 228->50
[2024-08-23T15:50:42.277+0800] GC(444) Metaspace: 307K(512K)->307K(512K) NonClass: 300K(384K)->300K(384K) Class: 7K(128K)->7K(128K)
[2024-08-23T15:50:42.277+0800] GC(444) Pause Young (Concurrent Start) (G1 Humongous Allocation) 229M->50M(512M) 0.811ms
[2024-08-23T15:50:42.277+0800] GC(444) User=0.00s Sys=0.00s Real=0.00s
[2024-08-23T15:50:42.277+0800] GC(445) Concurrent Undo Cycle
[2024-08-23T15:50:42.277+0800] GC(445) Concurrent Cleanup for Next Mark
[2024-08-23T15:50:42.278+0800] GC(445) Concurrent Cleanup for Next Mark 0.289ms
[2024-08-23T15:50:42.278+0800] GC(445) Concurrent Undo Cycle 0.349ms
[2024-08-23T15:50:43.260+0800] GC(446) Pause Young (Concurrent Start) (G1 Humongous Allocation)
[2024-08-23T15:50:43.260+0800] GC(446) Using 6 workers of 6 for evacuation
[2024-08-23T15:50:43.260+0800] GC(446)   Pre Evacuate Collection Set: 0.1ms
[2024-08-23T15:50:43.260+0800] GC(446)   Merge Heap Roots: 0.1ms
[2024-08-23T15:50:43.260+0800] GC(446)   Evacuate Collection Set: 0.1ms
[2024-08-23T15:50:43.260+0800] GC(446)   Post Evacuate Collection Set: 0.3ms
[2024-08-23T15:50:43.260+0800] GC(446)   Other: 0.1ms
[2024-08-23T15:50:43.260+0800] GC(446) Eden regions: 1->0(307)
[2024-08-23T15:50:43.260+0800] GC(446) Survivor regions: 0->0(39)
[2024-08-23T15:50:43.260+0800] GC(446) Old regions: 1->1
[2024-08-23T15:50:43.260+0800] GC(446) Archive regions: 0->0
[2024-08-23T15:50:43.260+0800] GC(446) Humongous regions: 134->51
[2024-08-23T15:50:43.260+0800] GC(446) Metaspace: 307K(512K)->307K(512K) NonClass: 300K(384K)->300K(384K) Class: 7K(128K)->7K(128K)
[2024-08-23T15:50:43.261+0800] GC(446) Pause Young (Concurrent Start) (G1 Humongous Allocation) 135M->51M(512M) 0.887ms
[2024-08-23T15:50:43.261+0800] GC(446) User=0.00s Sys=0.00s Real=0.00s
[2024-08-23T15:50:43.261+0800] GC(447) Concurrent Undo Cycle
[2024-08-23T15:50:43.261+0800] GC(447) Concurrent Cleanup for Next Mark
[2024-08-23T15:50:43.261+0800] GC(447) Concurrent Cleanup for Next Mark 0.275ms
[2024-08-23T15:50:43.261+0800] GC(447) Concurrent Undo Cycle 0.345ms
[2024-08-23T15:50:44.459+0800] GC(448) Pause Young (Concurrent Start) (G1 Humongous Allocation)
[2024-08-23T15:50:44.459+0800] GC(448) Using 6 workers of 6 for evacuation
[2024-08-23T15:50:44.459+0800] GC(448)   Pre Evacuate Collection Set: 0.1ms
[2024-08-23T15:50:44.459+0800] GC(448)   Merge Heap Roots: 0.1ms
[2024-08-23T15:50:44.459+0800] GC(448)   Evacuate Collection Set: 0.1ms
[2024-08-23T15:50:44.460+0800] GC(448)   Post Evacuate Collection Set: 0.2ms
[2024-08-23T15:50:44.460+0800] GC(448)   Other: 0.1ms
[2024-08-23T15:50:44.460+0800] GC(448) Eden regions: 1->0(307)
[2024-08-23T15:50:44.460+0800] GC(448) Survivor regions: 0->0(39)
[2024-08-23T15:50:44.460+0800] GC(448) Old regions: 1->1
[2024-08-23T15:50:44.460+0800] GC(448) Archive regions: 0->0
[2024-08-23T15:50:44.460+0800] GC(448) Humongous regions: 214->68
[2024-08-23T15:50:44.460+0800] GC(448) Metaspace: 307K(512K)->307K(512K) NonClass: 300K(384K)->300K(384K) Class: 7K(128K)->7K(128K)
[2024-08-23T15:50:44.460+0800] GC(448) Pause Young (Concurrent Start) (G1 Humongous Allocation) 215M->68M(512M) 0.804ms
[2024-08-23T15:50:44.460+0800] GC(448) User=0.00s Sys=0.00s Real=0.00s
[2024-08-23T15:50:44.460+0800] GC(449) Concurrent Undo Cycle
[2024-08-23T15:50:44.460+0800] GC(449) Concurrent Cleanup for Next Mark
[2024-08-23T15:50:44.460+0800] GC(449) Concurrent Cleanup for Next Mark 0.403ms
[2024-08-23T15:50:44.460+0800] GC(449) Concurrent Undo Cycle 0.498ms
[2024-08-23T15:50:44.679+0800] GC(450) Pause Young (Concurrent Start) (G1 Humongous Allocation)
[2024-08-23T15:50:44.679+0800] GC(450) Using 6 workers of 6 for evacuation
[2024-08-23T15:50:44.679+0800] GC(450)   Pre Evacuate Collection Set: 0.1ms
[2024-08-23T15:50:44.679+0800] GC(450)   Merge Heap Roots: 0.1ms
[2024-08-23T15:50:44.679+0800] GC(450)   Evacuate Collection Set: 0.1ms
[2024-08-23T15:50:44.679+0800] GC(450)   Post Evacuate Collection Set: 0.4ms
[2024-08-23T15:50:44.679+0800] GC(450)   Other: 0.1ms
[2024-08-23T15:50:44.679+0800] GC(450) Eden regions: 1->0(307)
[2024-08-23T15:50:44.679+0800] GC(450) Survivor regions: 0->0(39)
[2024-08-23T15:50:44.679+0800] GC(450) Old regions: 1->1
[2024-08-23T15:50:44.679+0800] GC(450) Archive regions: 0->0
[2024-08-23T15:50:44.679+0800] GC(450) Humongous regions: 140->108
[2024-08-23T15:50:44.679+0800] GC(450) Metaspace: 307K(512K)->307K(512K) NonClass: 300K(384K)->300K(384K) Class: 7K(128K)->7K(128K)
[2024-08-23T15:50:44.679+0800] GC(450) Pause Young (Concurrent Start) (G1 Humongous Allocation) 141M->108M(512M) 0.926ms
[2024-08-23T15:50:44.679+0800] GC(450) User=0.00s Sys=0.00s Real=0.00s
[2024-08-23T15:50:44.679+0800] GC(451) Concurrent Undo Cycle
[2024-08-23T15:50:44.679+0800] GC(451) Concurrent Cleanup for Next Mark
[2024-08-23T15:50:44.679+0800] GC(451) Concurrent Cleanup for Next Mark 0.307ms
[2024-08-23T15:50:44.679+0800] GC(451) Concurrent Undo Cycle 0.384ms
[2024-08-23T15:50:45.227+0800] GC(452) Pause Young (Concurrent Start) (G1 Humongous Allocation)
[2024-08-23T15:50:45.227+0800] GC(452) Using 6 workers of 6 for evacuation
[2024-08-23T15:50:45.227+0800] GC(452)   Pre Evacuate Collection Set: 0.0ms
[2024-08-23T15:50:45.227+0800] GC(452)   Merge Heap Roots: 0.0ms
[2024-08-23T15:50:45.227+0800] GC(452)   Evacuate Collection Set: 0.1ms
[2024-08-23T15:50:45.227+0800] GC(452)   Post Evacuate Collection Set: 0.1ms
[2024-08-23T15:50:45.227+0800] GC(452)   Other: 0.1ms
[2024-08-23T15:50:45.227+0800] GC(452) Eden regions: 1->0(294)
[2024-08-23T15:50:45.227+0800] GC(452) Survivor regions: 0->0(39)
[2024-08-23T15:50:45.227+0800] GC(452) Old regions: 1->1
[2024-08-23T15:50:45.227+0800] GC(452) Archive regions: 0->0
[2024-08-23T15:50:45.227+0800] GC(452) Humongous regions: 225->164
[2024-08-23T15:50:45.227+0800] GC(452) Metaspace: 307K(512K)->307K(512K) NonClass: 300K(384K)->300K(384K) Class: 7K(128K)->7K(128K)
[2024-08-23T15:50:45.227+0800] GC(452) Pause Young (Concurrent Start) (G1 Humongous Allocation) 226M->164M(512M) 0.516ms
[2024-08-23T15:50:45.227+0800] GC(452) User=0.00s Sys=0.00s Real=0.00s
[2024-08-23T15:50:45.227+0800] GC(453) Concurrent Undo Cycle
[2024-08-23T15:50:45.227+0800] GC(453) Concurrent Cleanup for Next Mark
[2024-08-23T15:50:45.227+0800] GC(453) Concurrent Cleanup for Next Mark 0.288ms
[2024-08-23T15:50:45.228+0800] GC(453) Concurrent Undo Cycle 0.362ms
[2024-08-23T15:50:45.880+0800] GC(454) Pause Young (Concurrent Start) (G1 Humongous Allocation)
[2024-08-23T15:50:45.880+0800] GC(454) Using 6 workers of 6 for evacuation
[2024-08-23T15:50:45.881+0800] GC(454)   Pre Evacuate Collection Set: 0.1ms
[2024-08-23T15:50:45.881+0800] GC(454)   Merge Heap Roots: 0.0ms
[2024-08-23T15:50:45.881+0800] GC(454)   Evacuate Collection Set: 0.1ms
[2024-08-23T15:50:45.881+0800] GC(454)   Post Evacuate Collection Set: 0.3ms
[2024-08-23T15:50:45.881+0800] GC(454)   Other: 0.1ms
[2024-08-23T15:50:45.881+0800] GC(454) Eden regions: 1->0(283)
[2024-08-23T15:50:45.881+0800] GC(454) Survivor regions: 0->0(37)
[2024-08-23T15:50:45.881+0800] GC(454) Old regions: 1->1
[2024-08-23T15:50:45.881+0800] GC(454) Archive regions: 0->0
[2024-08-23T15:50:45.881+0800] GC(454) Humongous regions: 210->175
[2024-08-23T15:50:45.881+0800] GC(454) Metaspace: 307K(512K)->307K(512K) NonClass: 300K(384K)->300K(384K) Class: 7K(128K)->7K(128K)
[2024-08-23T15:50:45.881+0800] GC(454) Pause Young (Concurrent Start) (G1 Humongous Allocation) 211M->175M(512M) 0.800ms
[2024-08-23T15:50:45.881+0800] GC(454) User=0.00s Sys=0.00s Real=0.00s
[2024-08-23T15:50:45.881+0800] GC(455) Concurrent Undo Cycle
[2024-08-23T15:50:45.881+0800] GC(455) Concurrent Cleanup for Next Mark
[2024-08-23T15:50:45.881+0800] GC(455) Concurrent Cleanup for Next Mark 0.260ms
[2024-08-23T15:50:45.881+0800] GC(455) Concurrent Undo Cycle 0.333ms
[2024-08-23T15:50:45.990+0800] GC(456) Pause Young (Concurrent Start) (G1 Humongous Allocation)
[2024-08-23T15:50:45.990+0800] GC(456) Using 6 workers of 6 for evacuation
[2024-08-23T15:50:45.990+0800] GC(456)   Pre Evacuate Collection Set: 0.1ms
[2024-08-23T15:50:45.990+0800] GC(456)   Merge Heap Roots: 0.1ms
[2024-08-23T15:50:45.990+0800] GC(456)   Evacuate Collection Set: 0.1ms
[2024-08-23T15:50:45.990+0800] GC(456)   Post Evacuate Collection Set: 0.3ms
[2024-08-23T15:50:45.990+0800] GC(456)   Other: 0.1ms
[2024-08-23T15:50:45.990+0800] GC(456) Eden regions: 1->0(273)
[2024-08-23T15:50:45.990+0800] GC(456) Survivor regions: 0->0(36)
[2024-08-23T15:50:45.990+0800] GC(456) Old regions: 1->1
[2024-08-23T15:50:45.990+0800] GC(456) Archive regions: 0->0
[2024-08-23T15:50:45.990+0800] GC(456) Humongous regions: 196->185
[2024-08-23T15:50:45.990+0800] GC(456) Metaspace: 307K(512K)->307K(512K) NonClass: 300K(384K)->300K(384K) Class: 7K(128K)->7K(128K)
[2024-08-23T15:50:45.990+0800] GC(456) Pause Young (Concurrent Start) (G1 Humongous Allocation) 197M->185M(512M) 0.812ms
[2024-08-23T15:50:45.990+0800] GC(456) User=0.00s Sys=0.00s Real=0.00s
[2024-08-23T15:50:45.990+0800] GC(457) Concurrent Undo Cycle
[2024-08-23T15:50:45.990+0800] GC(457) Concurrent Cleanup for Next Mark
[2024-08-23T15:50:45.990+0800] GC(457) Concurrent Cleanup for Next Mark 0.233ms
[2024-08-23T15:50:45.990+0800] GC(457) Concurrent Undo Cycle 0.299ms
[2024-08-23T15:50:46.098+0800] GC(458) Pause Young (Concurrent Start) (G1 Humongous Allocation)
[2024-08-23T15:50:46.098+0800] GC(458) Using 6 workers of 6 for evacuation
[2024-08-23T15:50:46.099+0800] GC(458)   Pre Evacuate Collection Set: 0.1ms
[2024-08-23T15:50:46.099+0800] GC(458)   Merge Heap Roots: 0.1ms
[2024-08-23T15:50:46.099+0800] GC(458)   Evacuate Collection Set: 0.1ms
[2024-08-23T15:50:46.099+0800] GC(458)   Post Evacuate Collection Set: 0.3ms
[2024-08-23T15:50:46.099+0800] GC(458)   Other: 0.1ms
[2024-08-23T15:50:46.099+0800] GC(458) Eden regions: 1->0(243)
[2024-08-23T15:50:46.099+0800] GC(458) Survivor regions: 0->0(35)
[2024-08-23T15:50:46.099+0800] GC(458) Old regions: 1->1
[2024-08-23T15:50:46.099+0800] GC(458) Archive regions: 0->0
[2024-08-23T15:50:46.099+0800] GC(458) Humongous regions: 236->215
[2024-08-23T15:50:46.099+0800] GC(458) Metaspace: 307K(512K)->307K(512K) NonClass: 300K(384K)->300K(384K) Class: 7K(128K)->7K(128K)
[2024-08-23T15:50:46.099+0800] GC(458) Pause Young (Concurrent Start) (G1 Humongous Allocation) 237M->215M(512M) 0.722ms
[2024-08-23T15:50:46.099+0800] GC(458) User=0.00s Sys=0.00s Real=0.00s
[2024-08-23T15:50:46.099+0800] GC(459) Concurrent Undo Cycle
[2024-08-23T15:50:46.099+0800] GC(459) Concurrent Cleanup for Next Mark
[2024-08-23T15:50:46.099+0800] GC(459) Concurrent Cleanup for Next Mark 0.402ms
[2024-08-23T15:50:46.099+0800] GC(459) Concurrent Undo Cycle 0.476ms
[2024-08-23T15:50:46.206+0800] GC(460) Pause Young (Concurrent Start) (G1 Humongous Allocation)
[2024-08-23T15:50:46.206+0800] GC(460) Using 6 workers of 6 for evacuation
[2024-08-23T15:50:46.206+0800] GC(460)   Pre Evacuate Collection Set: 0.0ms
[2024-08-23T15:50:46.206+0800] GC(460)   Merge Heap Roots: 0.1ms
[2024-08-23T15:50:46.206+0800] GC(460)   Evacuate Collection Set: 0.1ms
[2024-08-23T15:50:46.206+0800] GC(460)   Post Evacuate Collection Set: 0.2ms
[2024-08-23T15:50:46.206+0800] GC(460)   Other: 0.1ms
[2024-08-23T15:50:46.206+0800] GC(460) Eden regions: 1->0(193)
[2024-08-23T15:50:46.206+0800] GC(460) Survivor regions: 0->0(31)
[2024-08-23T15:50:46.206+0800] GC(460) Old regions: 1->1
[2024-08-23T15:50:46.206+0800] GC(460) Archive regions: 0->0
[2024-08-23T15:50:46.206+0800] GC(460) Humongous regions: 316->265
[2024-08-23T15:50:46.206+0800] GC(460) Metaspace: 307K(512K)->307K(512K) NonClass: 300K(384K)->300K(384K) Class: 7K(128K)->7K(128K)
[2024-08-23T15:50:46.206+0800] GC(460) Pause Young (Concurrent Start) (G1 Humongous Allocation) 317M->265M(512M) 0.643ms
[2024-08-23T15:50:46.206+0800] GC(460) User=0.00s Sys=0.00s Real=0.00s
[2024-08-23T15:50:46.206+0800] GC(461) Concurrent Mark Cycle
[2024-08-23T15:50:46.206+0800] GC(461) Concurrent Clear Claimed Marks
[2024-08-23T15:50:46.206+0800] GC(461) Concurrent Clear Claimed Marks 0.009ms
[2024-08-23T15:50:46.206+0800] GC(461) Concurrent Scan Root Regions
[2024-08-23T15:50:46.206+0800] GC(461) Concurrent Scan Root Regions 0.008ms
[2024-08-23T15:50:46.206+0800] GC(461) Concurrent Mark
[2024-08-23T15:50:46.206+0800] GC(461) Concurrent Mark From Roots
[2024-08-23T15:50:46.206+0800] GC(461) Using 2 workers of 2 for marking
[2024-08-23T15:50:46.207+0800] GC(461) Concurrent Mark From Roots 0.992ms
[2024-08-23T15:50:46.207+0800] GC(461) Concurrent Preclean
[2024-08-23T15:50:46.208+0800] GC(461) Concurrent Preclean 0.036ms
[2024-08-23T15:50:46.208+0800] GC(461) Pause Remark
[2024-08-23T15:50:46.208+0800] GC(461) Pause Remark 268M->268M(512M) 0.328ms
[2024-08-23T15:50:46.208+0800] GC(461) User=0.00s Sys=0.00s Real=0.00s
[2024-08-23T15:50:46.208+0800] GC(461) Concurrent Mark 1.488ms
[2024-08-23T15:50:46.208+0800] GC(461) Concurrent Rebuild Remembered Sets
[2024-08-23T15:50:46.209+0800] GC(461) Concurrent Rebuild Remembered Sets 0.532ms
[2024-08-23T15:50:46.209+0800] GC(461) Pause Cleanup
[2024-08-23T15:50:46.209+0800] GC(461) Pause Cleanup 268M->268M(512M) 0.088ms
[2024-08-23T15:50:46.209+0800] GC(461) User=0.00s Sys=0.00s Real=0.00s
[2024-08-23T15:50:46.209+0800] GC(461) Concurrent Cleanup for Next Mark
[2024-08-23T15:50:46.209+0800] GC(461) Concurrent Cleanup for Next Mark 0.256ms
[2024-08-23T15:50:46.209+0800] GC(461) Concurrent Mark Cycle 2.566ms
[2024-08-23T15:50:46.861+0800] GC(462) Pause Young (Concurrent Start) (G1 Humongous Allocation)
[2024-08-23T15:50:46.861+0800] GC(462) Using 6 workers of 6 for evacuation
[2024-08-23T15:50:46.861+0800] GC(462)   Pre Evacuate Collection Set: 0.1ms
[2024-08-23T15:50:46.861+0800] GC(462)   Merge Heap Roots: 0.0ms
[2024-08-23T15:50:46.861+0800] GC(462)   Evacuate Collection Set: 0.1ms
[2024-08-23T15:50:46.861+0800] GC(462)   Post Evacuate Collection Set: 0.2ms
[2024-08-23T15:50:46.861+0800] GC(462)   Other: 0.1ms
[2024-08-23T15:50:46.861+0800] GC(462) Eden regions: 1->0(307)
[2024-08-23T15:50:46.861+0800] GC(462) Survivor regions: 0->0(25)
[2024-08-23T15:50:46.861+0800] GC(462) Old regions: 1->1
[2024-08-23T15:50:46.861+0800] GC(462) Archive regions: 0->0
[2024-08-23T15:50:46.861+0800] GC(462) Humongous regions: 267->2
[2024-08-23T15:50:46.861+0800] GC(462) Metaspace: 307K(512K)->307K(512K) NonClass: 300K(384K)->300K(384K) Class: 7K(128K)->7K(128K)
[2024-08-23T15:50:46.861+0800] GC(462) Pause Young (Concurrent Start) (G1 Humongous Allocation) 268M->2M(512M) 0.681ms
[2024-08-23T15:50:46.861+0800] GC(462) User=0.00s Sys=0.00s Real=0.00s
[2024-08-23T15:50:46.861+0800] GC(463) Concurrent Undo Cycle
[2024-08-23T15:50:46.861+0800] GC(463) Concurrent Cleanup for Next Mark
[2024-08-23T15:50:46.862+0800] GC(463) Concurrent Cleanup for Next Mark 0.362ms
[2024-08-23T15:50:46.862+0800] GC(463) Concurrent Undo Cycle 0.438ms
[2024-08-23T15:50:48.062+0800] GC(464) Pause Young (Concurrent Start) (G1 Humongous Allocation)
[2024-08-23T15:50:48.062+0800] GC(464) Using 6 workers of 6 for evacuation
[2024-08-23T15:50:48.062+0800] GC(464)   Pre Evacuate Collection Set: 0.0ms
[2024-08-23T15:50:48.062+0800] GC(464)   Merge Heap Roots: 0.0ms
[2024-08-23T15:50:48.062+0800] GC(464)   Evacuate Collection Set: 0.1ms
[2024-08-23T15:50:48.062+0800] GC(464)   Post Evacuate Collection Set: 0.3ms
[2024-08-23T15:50:48.062+0800] GC(464)   Other: 0.1ms
[2024-08-23T15:50:48.062+0800] GC(464) Eden regions: 1->0(307)
[2024-08-23T15:50:48.062+0800] GC(464) Survivor regions: 0->0(39)
[2024-08-23T15:50:48.062+0800] GC(464) Old regions: 1->1
[2024-08-23T15:50:48.062+0800] GC(464) Archive regions: 0->0
[2024-08-23T15:50:48.062+0800] GC(464) Humongous regions: 225->14
[2024-08-23T15:50:48.062+0800] GC(464) Metaspace: 307K(512K)->307K(512K) NonClass: 300K(384K)->300K(384K) Class: 7K(128K)->7K(128K)
[2024-08-23T15:50:48.062+0800] GC(464) Pause Young (Concurrent Start) (G1 Humongous Allocation) 226M->14M(512M) 0.650ms
[2024-08-23T15:50:48.062+0800] GC(464) User=0.00s Sys=0.00s Real=0.00s
[2024-08-23T15:50:48.062+0800] GC(465) Concurrent Undo Cycle
[2024-08-23T15:50:48.062+0800] GC(465) Concurrent Cleanup for Next Mark
[2024-08-23T15:50:48.063+0800] GC(465) Concurrent Cleanup for Next Mark 0.270ms
[2024-08-23T15:50:48.063+0800] GC(465) Concurrent Undo Cycle 0.339ms
[2024-08-23T15:50:48.935+0800] GC(466) Pause Young (Concurrent Start) (G1 Humongous Allocation)
[2024-08-23T15:50:48.935+0800] GC(466) Using 6 workers of 6 for evacuation
[2024-08-23T15:50:48.935+0800] GC(466)   Pre Evacuate Collection Set: 0.0ms
[2024-08-23T15:50:48.935+0800] GC(466)   Merge Heap Roots: 0.0ms
[2024-08-23T15:50:48.935+0800] GC(466)   Evacuate Collection Set: 0.1ms
[2024-08-23T15:50:48.935+0800] GC(466)   Post Evacuate Collection Set: 0.1ms
[2024-08-23T15:50:48.935+0800] GC(466)   Other: 0.1ms
[2024-08-23T15:50:48.935+0800] GC(466) Eden regions: 1->0(307)
[2024-08-23T15:50:48.935+0800] GC(466) Survivor regions: 0->0(39)
[2024-08-23T15:50:48.935+0800] GC(466) Old regions: 1->1
[2024-08-23T15:50:48.935+0800] GC(466) Archive regions: 0->0
[2024-08-23T15:50:48.935+0800] GC(466) Humongous regions: 132->70
[2024-08-23T15:50:48.935+0800] GC(466) Metaspace: 307K(512K)->307K(512K) NonClass: 300K(384K)->300K(384K) Class: 7K(128K)->7K(128K)
[2024-08-23T15:50:48.935+0800] GC(466) Pause Young (Concurrent Start) (G1 Humongous Allocation) 133M->70M(512M) 0.512ms
[2024-08-23T15:50:48.935+0800] GC(466) User=0.00s Sys=0.00s Real=0.00s
[2024-08-23T15:50:48.935+0800] GC(467) Concurrent Undo Cycle
[2024-08-23T15:50:48.935+0800] GC(467) Concurrent Cleanup for Next Mark
[2024-08-23T15:50:48.935+0800] GC(467) Concurrent Cleanup for Next Mark 0.217ms
[2024-08-23T15:50:48.936+0800] GC(467) Concurrent Undo Cycle 0.298ms
[2024-08-23T15:50:50.027+0800] GC(468) Pause Young (Concurrent Start) (G1 Humongous Allocation)
[2024-08-23T15:50:50.027+0800] GC(468) Using 6 workers of 6 for evacuation
[2024-08-23T15:50:50.027+0800] GC(468)   Pre Evacuate Collection Set: 0.0ms
[2024-08-23T15:50:50.027+0800] GC(468)   Merge Heap Roots: 0.0ms
[2024-08-23T15:50:50.027+0800] GC(468)   Evacuate Collection Set: 0.1ms
[2024-08-23T15:50:50.027+0800] GC(468)   Post Evacuate Collection Set: 0.2ms
[2024-08-23T15:50:50.027+0800] GC(468)   Other: 0.1ms
[2024-08-23T15:50:50.027+0800] GC(468) Eden regions: 1->0(307)
[2024-08-23T15:50:50.027+0800] GC(468) Survivor regions: 0->0(39)
[2024-08-23T15:50:50.027+0800] GC(468) Old regions: 1->1
[2024-08-23T15:50:50.027+0800] GC(468) Archive regions: 0->0
[2024-08-23T15:50:50.027+0800] GC(468) Humongous regions: 222->36
[2024-08-23T15:50:50.027+0800] GC(468) Metaspace: 307K(512K)->307K(512K) NonClass: 300K(384K)->300K(384K) Class: 7K(128K)->7K(128K)
[2024-08-23T15:50:50.027+0800] GC(468) Pause Young (Concurrent Start) (G1 Humongous Allocation) 223M->36M(512M) 0.674ms
[2024-08-23T15:50:50.027+0800] GC(468) User=0.00s Sys=0.00s Real=0.00s
[2024-08-23T15:50:50.027+0800] GC(469) Concurrent Undo Cycle
[2024-08-23T15:50:50.027+0800] GC(469) Concurrent Cleanup for Next Mark
[2024-08-23T15:50:50.028+0800] GC(469) Concurrent Cleanup for Next Mark 0.478ms
[2024-08-23T15:50:50.028+0800] GC(469) Concurrent Undo Cycle 0.582ms
[2024-08-23T15:50:51.762+0800] GC(470) Pause Young (Concurrent Start) (G1 Humongous Allocation)
[2024-08-23T15:50:51.762+0800] GC(470) Using 6 workers of 6 for evacuation
[2024-08-23T15:50:51.762+0800] GC(470)   Pre Evacuate Collection Set: 0.1ms
[2024-08-23T15:50:51.762+0800] GC(470)   Merge Heap Roots: 0.0ms
[2024-08-23T15:50:51.762+0800] GC(470)   Evacuate Collection Set: 0.1ms
[2024-08-23T15:50:51.762+0800] GC(470)   Post Evacuate Collection Set: 0.3ms
[2024-08-23T15:50:51.762+0800] GC(470)   Other: 0.1ms
[2024-08-23T15:50:51.762+0800] GC(470) Eden regions: 1->0(307)
[2024-08-23T15:50:51.762+0800] GC(470) Survivor regions: 0->0(39)
[2024-08-23T15:50:51.762+0800] GC(470) Old regions: 1->1
[2024-08-23T15:50:51.762+0800] GC(470) Archive regions: 0->0
[2024-08-23T15:50:51.762+0800] GC(470) Humongous regions: 177->78
[2024-08-23T15:50:51.762+0800] GC(470) Metaspace: 307K(512K)->307K(512K) NonClass: 300K(384K)->300K(384K) Class: 7K(128K)->7K(128K)
[2024-08-23T15:50:51.762+0800] GC(470) Pause Young (Concurrent Start) (G1 Humongous Allocation) 178M->78M(512M) 0.758ms
[2024-08-23T15:50:51.763+0800] GC(470) User=0.00s Sys=0.00s Real=0.00s
[2024-08-23T15:50:51.763+0800] GC(471) Concurrent Undo Cycle
[2024-08-23T15:50:51.763+0800] GC(471) Concurrent Cleanup for Next Mark
[2024-08-23T15:50:51.763+0800] GC(471) Concurrent Cleanup for Next Mark 0.337ms
[2024-08-23T15:50:51.763+0800] GC(471) Concurrent Undo Cycle 0.423ms
[2024-08-23T15:50:52.844+0800] GC(472) Pause Young (Concurrent Start) (G1 Humongous Allocation)
[2024-08-23T15:50:52.844+0800] GC(472) Using 6 workers of 6 for evacuation
[2024-08-23T15:50:52.844+0800] GC(472)   Pre Evacuate Collection Set: 0.0ms
[2024-08-23T15:50:52.844+0800] GC(472)   Merge Heap Roots: 0.0ms
[2024-08-23T15:50:52.844+0800] GC(472)   Evacuate Collection Set: 0.1ms
[2024-08-23T15:50:52.844+0800] GC(472)   Post Evacuate Collection Set: 0.2ms
[2024-08-23T15:50:52.844+0800] GC(472)   Other: 0.1ms
[2024-08-23T15:50:52.844+0800] GC(472) Eden regions: 1->0(307)
[2024-08-23T15:50:52.844+0800] GC(472) Survivor regions: 0->0(39)
[2024-08-23T15:50:52.844+0800] GC(472) Old regions: 1->1
[2024-08-23T15:50:52.844+0800] GC(472) Archive regions: 0->0
[2024-08-23T15:50:52.844+0800] GC(472) Humongous regions: 230->44
[2024-08-23T15:50:52.844+0800] GC(472) Metaspace: 307K(512K)->307K(512K) NonClass: 300K(384K)->300K(384K) Class: 7K(128K)->7K(128K)
[2024-08-23T15:50:52.844+0800] GC(472) Pause Young (Concurrent Start) (G1 Humongous Allocation) 231M->44M(512M) 0.505ms
[2024-08-23T15:50:52.844+0800] GC(472) User=0.00s Sys=0.00s Real=0.00s
[2024-08-23T15:50:52.844+0800] GC(473) Concurrent Undo Cycle
[2024-08-23T15:50:52.844+0800] GC(473) Concurrent Cleanup for Next Mark
[2024-08-23T15:50:52.845+0800] GC(473) Concurrent Cleanup for Next Mark 0.243ms
[2024-08-23T15:50:52.845+0800] GC(473) Concurrent Undo Cycle 0.318ms
[2024-08-23T15:50:53.381+0800] GC(474) Pause Young (Concurrent Start) (G1 Humongous Allocation)
[2024-08-23T15:50:53.381+0800] GC(474) Using 6 workers of 6 for evacuation
[2024-08-23T15:50:53.381+0800] GC(474)   Pre Evacuate Collection Set: 0.1ms
[2024-08-23T15:50:53.381+0800] GC(474)   Merge Heap Roots: 0.0ms
[2024-08-23T15:50:53.381+0800] GC(474)   Evacuate Collection Set: 0.1ms
[2024-08-23T15:50:53.381+0800] GC(474)   Post Evacuate Collection Set: 0.3ms
[2024-08-23T15:50:53.381+0800] GC(474)   Other: 0.1ms
[2024-08-23T15:50:53.381+0800] GC(474) Eden regions: 1->0(307)
[2024-08-23T15:50:53.381+0800] GC(474) Survivor regions: 0->0(39)
[2024-08-23T15:50:53.381+0800] GC(474) Old regions: 1->1
[2024-08-23T15:50:53.381+0800] GC(474) Archive regions: 0->0
[2024-08-23T15:50:53.381+0800] GC(474) Humongous regions: 230->86
[2024-08-23T15:50:53.381+0800] GC(474) Metaspace: 307K(512K)->307K(512K) NonClass: 300K(384K)->300K(384K) Class: 7K(128K)->7K(128K)
[2024-08-23T15:50:53.381+0800] GC(474) Pause Young (Concurrent Start) (G1 Humongous Allocation) 231M->86M(512M) 0.769ms
[2024-08-23T15:50:53.381+0800] GC(474) User=0.00s Sys=0.00s Real=0.00s
[2024-08-23T15:50:53.381+0800] GC(475) Concurrent Undo Cycle
[2024-08-23T15:50:53.382+0800] GC(475) Concurrent Cleanup for Next Mark
[2024-08-23T15:50:53.382+0800] GC(475) Concurrent Cleanup for Next Mark 0.223ms
[2024-08-23T15:50:53.382+0800] GC(475) Concurrent Undo Cycle 0.281ms
[2024-08-23T15:50:54.577+0800] GC(476) Pause Young (Concurrent Start) (G1 Humongous Allocation)
[2024-08-23T15:50:54.577+0800] GC(476) Using 6 workers of 6 for evacuation
[2024-08-23T15:50:54.577+0800] GC(476)   Pre Evacuate Collection Set: 0.0ms
[2024-08-23T15:50:54.577+0800] GC(476)   Merge Heap Roots: 0.0ms
[2024-08-23T15:50:54.577+0800] GC(476)   Evacuate Collection Set: 0.1ms
[2024-08-23T15:50:54.577+0800] GC(476)   Post Evacuate Collection Set: 0.1ms
[2024-08-23T15:50:54.577+0800] GC(476)   Other: 0.1ms
[2024-08-23T15:50:54.577+0800] GC(476) Eden regions: 1->0(307)
[2024-08-23T15:50:54.577+0800] GC(476) Survivor regions: 0->0(39)
[2024-08-23T15:50:54.577+0800] GC(476) Old regions: 1->1
[2024-08-23T15:50:54.577+0800] GC(476) Archive regions: 0->0
[2024-08-23T15:50:54.577+0800] GC(476) Humongous regions: 163->51
[2024-08-23T15:50:54.577+0800] GC(476) Metaspace: 307K(512K)->307K(512K) NonClass: 300K(384K)->300K(384K) Class: 7K(128K)->7K(128K)
[2024-08-23T15:50:54.577+0800] GC(476) Pause Young (Concurrent Start) (G1 Humongous Allocation) 164M->51M(512M) 0.494ms
[2024-08-23T15:50:54.577+0800] GC(476) User=0.00s Sys=0.00s Real=0.00s
[2024-08-23T15:50:54.577+0800] GC(477) Concurrent Undo Cycle
[2024-08-23T15:50:54.577+0800] GC(477) Concurrent Cleanup for Next Mark
[2024-08-23T15:50:54.577+0800] GC(477) Concurrent Cleanup for Next Mark 0.230ms
[2024-08-23T15:50:54.577+0800] GC(477) Concurrent Undo Cycle 0.305ms
[2024-08-23T15:50:55.768+0800] GC(478) Pause Young (Concurrent Start) (G1 Humongous Allocation)
[2024-08-23T15:50:55.768+0800] GC(478) Using 6 workers of 6 for evacuation
[2024-08-23T15:50:55.768+0800] GC(478)   Pre Evacuate Collection Set: 0.1ms
[2024-08-23T15:50:55.768+0800] GC(478)   Merge Heap Roots: 0.0ms
[2024-08-23T15:50:55.768+0800] GC(478)   Evacuate Collection Set: 0.1ms
[2024-08-23T15:50:55.768+0800] GC(478)   Post Evacuate Collection Set: 0.2ms
[2024-08-23T15:50:55.768+0800] GC(478)   Other: 0.1ms
[2024-08-23T15:50:55.768+0800] GC(478) Eden regions: 1->0(307)
[2024-08-23T15:50:55.768+0800] GC(478) Survivor regions: 0->0(39)
[2024-08-23T15:50:55.768+0800] GC(478) Old regions: 1->1
[2024-08-23T15:50:55.768+0800] GC(478) Archive regions: 0->0
[2024-08-23T15:50:55.768+0800] GC(478) Humongous regions: 214->118
[2024-08-23T15:50:55.768+0800] GC(478) Metaspace: 307K(512K)->307K(512K) NonClass: 300K(384K)->300K(384K) Class: 7K(128K)->7K(128K)
[2024-08-23T15:50:55.768+0800] GC(478) Pause Young (Concurrent Start) (G1 Humongous Allocation) 215M->118M(512M) 0.603ms
[2024-08-23T15:50:55.768+0800] GC(478) User=0.00s Sys=0.00s Real=0.00s
[2024-08-23T15:50:55.768+0800] GC(479) Concurrent Undo Cycle
[2024-08-23T15:50:55.768+0800] GC(479) Concurrent Cleanup for Next Mark
[2024-08-23T15:50:55.768+0800] GC(479) Concurrent Cleanup for Next Mark 0.299ms
[2024-08-23T15:50:55.768+0800] GC(479) Concurrent Undo Cycle 0.391ms
[2024-08-23T15:50:55.988+0800] GC(480) Pause Young (Concurrent Start) (G1 Humongous Allocation)
[2024-08-23T15:50:55.988+0800] GC(480) Using 6 workers of 6 for evacuation
[2024-08-23T15:50:55.989+0800] GC(480)   Pre Evacuate Collection Set: 0.0ms
[2024-08-23T15:50:55.989+0800] GC(480)   Merge Heap Roots: 0.0ms
[2024-08-23T15:50:55.989+0800] GC(480)   Evacuate Collection Set: 0.1ms
[2024-08-23T15:50:55.989+0800] GC(480)   Post Evacuate Collection Set: 0.1ms
[2024-08-23T15:50:55.989+0800] GC(480)   Other: 0.1ms
[2024-08-23T15:50:55.989+0800] GC(480) Eden regions: 1->0(300)
[2024-08-23T15:50:55.989+0800] GC(480) Survivor regions: 0->0(39)
[2024-08-23T15:50:55.989+0800] GC(480) Old regions: 1->1
[2024-08-23T15:50:55.989+0800] GC(480) Archive regions: 0->0
[2024-08-23T15:50:55.989+0800] GC(480) Humongous regions: 190->158
[2024-08-23T15:50:55.989+0800] GC(480) Metaspace: 307K(512K)->307K(512K) NonClass: 300K(384K)->300K(384K) Class: 7K(128K)->7K(128K)
[2024-08-23T15:50:55.989+0800] GC(480) Pause Young (Concurrent Start) (G1 Humongous Allocation) 191M->158M(512M) 0.520ms
[2024-08-23T15:50:55.989+0800] GC(480) User=0.00s Sys=0.00s Real=0.00s
[2024-08-23T15:50:55.989+0800] GC(481) Concurrent Undo Cycle
[2024-08-23T15:50:55.989+0800] GC(481) Concurrent Cleanup for Next Mark
[2024-08-23T15:50:55.989+0800] GC(481) Concurrent Cleanup for Next Mark 0.289ms
[2024-08-23T15:50:55.989+0800] GC(481) Concurrent Undo Cycle 0.394ms
[2024-08-23T15:50:56.099+0800] GC(482) Pause Young (Concurrent Start) (G1 Humongous Allocation)
[2024-08-23T15:50:56.099+0800] GC(482) Using 6 workers of 6 for evacuation
[2024-08-23T15:50:56.099+0800] GC(482)   Pre Evacuate Collection Set: 0.0ms
[2024-08-23T15:50:56.099+0800] GC(482)   Merge Heap Roots: 0.0ms
[2024-08-23T15:50:56.099+0800] GC(482)   Evacuate Collection Set: 0.1ms
[2024-08-23T15:50:56.099+0800] GC(482)   Post Evacuate Collection Set: 0.1ms
[2024-08-23T15:50:56.099+0800] GC(482)   Other: 0.1ms
[2024-08-23T15:50:56.099+0800] GC(482) Eden regions: 1->0(250)
[2024-08-23T15:50:56.099+0800] GC(482) Survivor regions: 0->0(38)
[2024-08-23T15:50:56.099+0800] GC(482) Old regions: 1->1
[2024-08-23T15:50:56.099+0800] GC(482) Archive regions: 0->0
[2024-08-23T15:50:56.099+0800] GC(482) Humongous regions: 259->208
[2024-08-23T15:50:56.099+0800] GC(482) Metaspace: 307K(512K)->307K(512K) NonClass: 300K(384K)->300K(384K) Class: 7K(128K)->7K(128K)
[2024-08-23T15:50:56.099+0800] GC(482) Pause Young (Concurrent Start) (G1 Humongous Allocation) 260M->208M(512M) 0.463ms
[2024-08-23T15:50:56.099+0800] GC(482) User=0.00s Sys=0.00s Real=0.00s
[2024-08-23T15:50:56.099+0800] GC(483) Concurrent Undo Cycle
[2024-08-23T15:50:56.099+0800] GC(483) Concurrent Cleanup for Next Mark
[2024-08-23T15:50:56.100+0800] GC(483) Concurrent Cleanup for Next Mark 0.192ms
[2024-08-23T15:50:56.100+0800] GC(483) Concurrent Undo Cycle 0.235ms
[2024-08-23T15:50:56.641+0800] GC(484) Pause Young (Concurrent Start) (G1 Humongous Allocation)
[2024-08-23T15:50:56.641+0800] GC(484) Using 6 workers of 6 for evacuation
[2024-08-23T15:50:56.642+0800] GC(484)   Pre Evacuate Collection Set: 0.1ms
[2024-08-23T15:50:56.642+0800] GC(484)   Merge Heap Roots: 0.1ms
[2024-08-23T15:50:56.642+0800] GC(484)   Evacuate Collection Set: 0.1ms
[2024-08-23T15:50:56.642+0800] GC(484)   Post Evacuate Collection Set: 0.3ms
[2024-08-23T15:50:56.642+0800] GC(484)   Other: 0.1ms
[2024-08-23T15:50:56.642+0800] GC(484) Eden regions: 1->0(307)
[2024-08-23T15:50:56.642+0800] GC(484) Survivor regions: 0->0(32)
[2024-08-23T15:50:56.642+0800] GC(484) Old regions: 1->1
[2024-08-23T15:50:56.642+0800] GC(484) Archive regions: 0->0
[2024-08-23T15:50:56.642+0800] GC(484) Humongous regions: 230->115
[2024-08-23T15:50:56.642+0800] GC(484) Metaspace: 307K(512K)->307K(512K) NonClass: 300K(384K)->300K(384K) Class: 7K(128K)->7K(128K)
[2024-08-23T15:50:56.642+0800] GC(484) Pause Young (Concurrent Start) (G1 Humongous Allocation) 231M->115M(512M) 0.725ms
[2024-08-23T15:50:56.642+0800] GC(484) User=0.00s Sys=0.00s Real=0.00s
[2024-08-23T15:50:56.642+0800] GC(485) Concurrent Undo Cycle
[2024-08-23T15:50:56.642+0800] GC(485) Concurrent Cleanup for Next Mark
[2024-08-23T15:50:56.642+0800] GC(485) Concurrent Cleanup for Next Mark 0.235ms
[2024-08-23T15:50:56.642+0800] GC(485) Concurrent Undo Cycle 0.301ms
[2024-08-23T15:50:57.397+0800] GC(486) Pause Young (Concurrent Start) (G1 Humongous Allocation)
[2024-08-23T15:50:57.397+0800] GC(486) Using 6 workers of 6 for evacuation
[2024-08-23T15:50:57.397+0800] GC(486)   Pre Evacuate Collection Set: 0.0ms
[2024-08-23T15:50:57.397+0800] GC(486)   Merge Heap Roots: 0.0ms
[2024-08-23T15:50:57.397+0800] GC(486)   Evacuate Collection Set: 0.1ms
[2024-08-23T15:50:57.397+0800] GC(486)   Post Evacuate Collection Set: 0.1ms
[2024-08-23T15:50:57.397+0800] GC(486)   Other: 0.1ms
[2024-08-23T15:50:57.397+0800] GC(486) Eden regions: 1->0(292)
[2024-08-23T15:50:57.397+0800] GC(486) Survivor regions: 0->0(39)
[2024-08-23T15:50:57.397+0800] GC(486) Old regions: 1->1
[2024-08-23T15:50:57.397+0800] GC(486) Archive regions: 0->0
[2024-08-23T15:50:57.397+0800] GC(486) Humongous regions: 227->166
[2024-08-23T15:50:57.397+0800] GC(486) Metaspace: 307K(512K)->307K(512K) NonClass: 300K(384K)->300K(384K) Class: 7K(128K)->7K(128K)
[2024-08-23T15:50:57.397+0800] GC(486) Pause Young (Concurrent Start) (G1 Humongous Allocation) 228M->166M(512M) 0.549ms
[2024-08-23T15:50:57.397+0800] GC(486) User=0.00s Sys=0.00s Real=0.00s
[2024-08-23T15:50:57.397+0800] GC(487) Concurrent Undo Cycle
[2024-08-23T15:50:57.397+0800] GC(487) Concurrent Cleanup for Next Mark
[2024-08-23T15:50:57.397+0800] GC(487) Concurrent Cleanup for Next Mark 0.234ms
[2024-08-23T15:50:57.398+0800] GC(487) Concurrent Undo Cycle 0.311ms
[2024-08-23T15:50:57.504+0800] GC(488) Pause Young (Concurrent Start) (G1 Humongous Allocation)
[2024-08-23T15:50:57.504+0800] GC(488) Using 6 workers of 6 for evacuation
[2024-08-23T15:50:57.504+0800] GC(488)   Pre Evacuate Collection Set: 0.0ms
[2024-08-23T15:50:57.504+0800] GC(488)   Merge Heap Roots: 0.0ms
[2024-08-23T15:50:57.504+0800] GC(488)   Evacuate Collection Set: 0.1ms
[2024-08-23T15:50:57.504+0800] GC(488)   Post Evacuate Collection Set: 0.1ms
[2024-08-23T15:50:57.504+0800] GC(488)   Other: 0.1ms
[2024-08-23T15:50:57.504+0800] GC(488) Eden regions: 1->0(242)
[2024-08-23T15:50:57.504+0800] GC(488) Survivor regions: 0->0(37)
[2024-08-23T15:50:57.504+0800] GC(488) Old regions: 1->1
[2024-08-23T15:50:57.504+0800] GC(488) Archive regions: 0->0
[2024-08-23T15:50:57.504+0800] GC(488) Humongous regions: 267->216
[2024-08-23T15:50:57.504+0800] GC(488) Metaspace: 307K(512K)->307K(512K) NonClass: 300K(384K)->300K(384K) Class: 7K(128K)->7K(128K)
[2024-08-23T15:50:57.504+0800] GC(488) Pause Young (Concurrent Start) (G1 Humongous Allocation) 268M->216M(512M) 0.481ms
[2024-08-23T15:50:57.504+0800] GC(488) User=0.00s Sys=0.00s Real=0.00s
[2024-08-23T15:50:57.504+0800] GC(489) Concurrent Undo Cycle
[2024-08-23T15:50:57.504+0800] GC(489) Concurrent Cleanup for Next Mark
[2024-08-23T15:50:57.504+0800] GC(489) Concurrent Cleanup for Next Mark 0.226ms
[2024-08-23T15:50:57.504+0800] GC(489) Concurrent Undo Cycle 0.281ms
[2024-08-23T15:50:58.372+0800] GC(490) Pause Young (Concurrent Start) (G1 Humongous Allocation)
[2024-08-23T15:50:58.372+0800] GC(490) Using 6 workers of 6 for evacuation
[2024-08-23T15:50:58.372+0800] GC(490)   Pre Evacuate Collection Set: 0.0ms
[2024-08-23T15:50:58.372+0800] GC(490)   Merge Heap Roots: 0.0ms
[2024-08-23T15:50:58.372+0800] GC(490)   Evacuate Collection Set: 0.1ms
[2024-08-23T15:50:58.372+0800] GC(490)   Post Evacuate Collection Set: 0.2ms
[2024-08-23T15:50:58.372+0800] GC(490)   Other: 0.1ms
[2024-08-23T15:50:58.372+0800] GC(490) Eden regions: 1->0(307)
[2024-08-23T15:50:58.372+0800] GC(490) Survivor regions: 0->0(31)
[2024-08-23T15:50:58.372+0800] GC(490) Old regions: 1->1
[2024-08-23T15:50:58.372+0800] GC(490) Archive regions: 0->0
[2024-08-23T15:50:58.372+0800] GC(490) Humongous regions: 226->6
[2024-08-23T15:50:58.372+0800] GC(490) Metaspace: 307K(512K)->307K(512K) NonClass: 300K(384K)->300K(384K) Class: 7K(128K)->7K(128K)
[2024-08-23T15:50:58.372+0800] GC(490) Pause Young (Concurrent Start) (G1 Humongous Allocation) 227M->6M(512M) 0.560ms
[2024-08-23T15:50:58.372+0800] GC(490) User=0.00s Sys=0.00s Real=0.00s
[2024-08-23T15:50:58.372+0800] GC(491) Concurrent Undo Cycle
[2024-08-23T15:50:58.372+0800] GC(491) Concurrent Cleanup for Next Mark
[2024-08-23T15:50:58.372+0800] GC(491) Concurrent Cleanup for Next Mark 0.277ms
[2024-08-23T15:50:58.372+0800] GC(491) Concurrent Undo Cycle 0.355ms
[2024-08-23T15:50:59.563+0800] GC(492) Pause Young (Concurrent Start) (G1 Humongous Allocation)
[2024-08-23T15:50:59.563+0800] GC(492) Using 6 workers of 6 for evacuation
[2024-08-23T15:50:59.563+0800] GC(492)   Pre Evacuate Collection Set: 0.0ms
[2024-08-23T15:50:59.563+0800] GC(492)   Merge Heap Roots: 0.0ms
[2024-08-23T15:50:59.563+0800] GC(492)   Evacuate Collection Set: 0.1ms
[2024-08-23T15:50:59.563+0800] GC(492)   Post Evacuate Collection Set: 0.2ms
[2024-08-23T15:50:59.563+0800] GC(492)   Other: 0.1ms
[2024-08-23T15:50:59.563+0800] GC(492) Eden regions: 1->0(307)
[2024-08-23T15:50:59.563+0800] GC(492) Survivor regions: 0->0(39)
[2024-08-23T15:50:59.563+0800] GC(492) Old regions: 1->1
[2024-08-23T15:50:59.563+0800] GC(492) Archive regions: 0->0
[2024-08-23T15:50:59.563+0800] GC(492) Humongous regions: 229->23
[2024-08-23T15:50:59.563+0800] GC(492) Metaspace: 307K(512K)->307K(512K) NonClass: 300K(384K)->300K(384K) Class: 7K(128K)->7K(128K)
[2024-08-23T15:50:59.563+0800] GC(492) Pause Young (Concurrent Start) (G1 Humongous Allocation) 230M->23M(512M) 0.556ms
[2024-08-23T15:50:59.563+0800] GC(492) User=0.00s Sys=0.00s Real=0.00s
[2024-08-23T15:50:59.563+0800] GC(493) Concurrent Undo Cycle
[2024-08-23T15:50:59.563+0800] GC(493) Concurrent Cleanup for Next Mark
[2024-08-23T15:50:59.563+0800] GC(493) Concurrent Cleanup for Next Mark 0.249ms
[2024-08-23T15:50:59.563+0800] GC(493) Concurrent Undo Cycle 0.318ms
[2024-08-23T15:51:00.320+0800] GC(494) Pause Young (Concurrent Start) (G1 Humongous Allocation)
[2024-08-23T15:51:00.320+0800] GC(494) Using 6 workers of 6 for evacuation
[2024-08-23T15:51:00.321+0800] GC(494)   Pre Evacuate Collection Set: 0.1ms
[2024-08-23T15:51:00.321+0800] GC(494)   Merge Heap Roots: 0.1ms
[2024-08-23T15:51:00.321+0800] GC(494)   Evacuate Collection Set: 0.2ms
[2024-08-23T15:51:00.321+0800] GC(494)   Post Evacuate Collection Set: 0.4ms
[2024-08-23T15:51:00.321+0800] GC(494)   Other: 0.1ms
[2024-08-23T15:51:00.321+0800] GC(494) Eden regions: 1->0(307)
[2024-08-23T15:51:00.321+0800] GC(494) Survivor regions: 0->0(39)
[2024-08-23T15:51:00.321+0800] GC(494) Old regions: 1->1
[2024-08-23T15:51:00.321+0800] GC(494) Archive regions: 0->0
[2024-08-23T15:51:00.321+0800] GC(494) Humongous regions: 230->129
[2024-08-23T15:51:00.321+0800] GC(494) Metaspace: 307K(512K)->307K(512K) NonClass: 300K(384K)->300K(384K) Class: 7K(128K)->7K(128K)
[2024-08-23T15:51:00.321+0800] GC(494) Pause Young (Concurrent Start) (G1 Humongous Allocation) 231M->129M(512M) 1.144ms
[2024-08-23T15:51:00.321+0800] GC(494) User=0.00s Sys=0.00s Real=0.00s
[2024-08-23T15:51:00.321+0800] GC(495) Concurrent Undo Cycle
[2024-08-23T15:51:00.321+0800] GC(495) Concurrent Cleanup for Next Mark
[2024-08-23T15:51:00.321+0800] GC(495) Concurrent Cleanup for Next Mark 0.194ms
[2024-08-23T15:51:00.321+0800] GC(495) Concurrent Undo Cycle 0.237ms
[2024-08-23T15:51:02.383+0800] GC(496) Pause Young (Concurrent Start) (G1 Humongous Allocation)
[2024-08-23T15:51:02.383+0800] GC(496) Using 6 workers of 6 for evacuation
[2024-08-23T15:51:02.384+0800] GC(496)   Pre Evacuate Collection Set: 0.0ms
[2024-08-23T15:51:02.384+0800] GC(496)   Merge Heap Roots: 0.1ms
[2024-08-23T15:51:02.384+0800] GC(496)   Evacuate Collection Set: 0.1ms
[2024-08-23T15:51:02.384+0800] GC(496)   Post Evacuate Collection Set: 0.3ms
[2024-08-23T15:51:02.384+0800] GC(496)   Other: 0.1ms
[2024-08-23T15:51:02.384+0800] GC(496) Eden regions: 1->0(307)
[2024-08-23T15:51:02.384+0800] GC(496) Survivor regions: 0->0(39)
[2024-08-23T15:51:02.384+0800] GC(496) Old regions: 1->1
[2024-08-23T15:51:02.384+0800] GC(496) Archive regions: 0->0
[2024-08-23T15:51:02.384+0800] GC(496) Humongous regions: 230->12
[2024-08-23T15:51:02.384+0800] GC(496) Metaspace: 307K(512K)->307K(512K) NonClass: 300K(384K)->300K(384K) Class: 7K(128K)->7K(128K)
[2024-08-23T15:51:02.384+0800] GC(496) Pause Young (Concurrent Start) (G1 Humongous Allocation) 231M->12M(512M) 0.725ms
[2024-08-23T15:51:02.384+0800] GC(496) User=0.00s Sys=0.00s Real=0.00s
[2024-08-23T15:51:02.384+0800] GC(497) Concurrent Undo Cycle
[2024-08-23T15:51:02.384+0800] GC(497) Concurrent Cleanup for Next Mark
[2024-08-23T15:51:02.384+0800] GC(497) Concurrent Cleanup for Next Mark 0.218ms
[2024-08-23T15:51:02.384+0800] GC(497) Concurrent Undo Cycle 0.299ms
[2024-08-23T15:51:03.465+0800] GC(498) Pause Young (Concurrent Start) (G1 Humongous Allocation)
[2024-08-23T15:51:03.465+0800] GC(498) Using 6 workers of 6 for evacuation
[2024-08-23T15:51:03.466+0800] GC(498)   Pre Evacuate Collection Set: 0.1ms
[2024-08-23T15:51:03.466+0800] GC(498)   Merge Heap Roots: 0.0ms
[2024-08-23T15:51:03.466+0800] GC(498)   Evacuate Collection Set: 0.1ms
[2024-08-23T15:51:03.466+0800] GC(498)   Post Evacuate Collection Set: 0.2ms
[2024-08-23T15:51:03.466+0800] GC(498)   Other: 0.1ms
[2024-08-23T15:51:03.466+0800] GC(498) Eden regions: 1->0(307)
[2024-08-23T15:51:03.466+0800] GC(498) Survivor regions: 0->0(39)
[2024-08-23T15:51:03.466+0800] GC(498) Old regions: 1->1
[2024-08-23T15:51:03.466+0800] GC(498) Archive regions: 0->0
[2024-08-23T15:51:03.466+0800] GC(498) Humongous regions: 229->63
[2024-08-23T15:51:03.466+0800] GC(498) Metaspace: 307K(512K)->307K(512K) NonClass: 300K(384K)->300K(384K) Class: 7K(128K)->7K(128K)
[2024-08-23T15:51:03.466+0800] GC(498) Pause Young (Concurrent Start) (G1 Humongous Allocation) 230M->63M(512M) 0.754ms
[2024-08-23T15:51:03.466+0800] GC(498) User=0.00s Sys=0.00s Real=0.00s
[2024-08-23T15:51:03.466+0800] GC(499) Concurrent Undo Cycle
[2024-08-23T15:51:03.466+0800] GC(499) Concurrent Cleanup for Next Mark
[2024-08-23T15:51:03.466+0800] GC(499) Concurrent Cleanup for Next Mark 0.351ms
[2024-08-23T15:51:03.466+0800] GC(499) Concurrent Undo Cycle 0.448ms
[2024-08-23T15:51:04.444+0800] GC(500) Pause Young (Concurrent Start) (G1 Humongous Allocation)
[2024-08-23T15:51:04.445+0800] GC(500) Using 6 workers of 6 for evacuation
[2024-08-23T15:51:04.445+0800] GC(500)   Pre Evacuate Collection Set: 0.1ms
[2024-08-23T15:51:04.445+0800] GC(500)   Merge Heap Roots: 0.1ms
[2024-08-23T15:51:04.445+0800] GC(500)   Evacuate Collection Set: 0.2ms
[2024-08-23T15:51:04.445+0800] GC(500)   Post Evacuate Collection Set: 0.4ms
[2024-08-23T15:51:04.445+0800] GC(500)   Other: 0.1ms
[2024-08-23T15:51:04.445+0800] GC(500) Eden regions: 1->0(307)
[2024-08-23T15:51:04.445+0800] GC(500) Survivor regions: 0->0(39)
[2024-08-23T15:51:04.445+0800] GC(500) Old regions: 1->1
[2024-08-23T15:51:04.445+0800] GC(500) Archive regions: 0->0
[2024-08-23T15:51:04.445+0800] GC(500) Humongous regions: 187->114
[2024-08-23T15:51:04.445+0800] GC(500) Metaspace: 307K(512K)->307K(512K) NonClass: 300K(384K)->300K(384K) Class: 7K(128K)->7K(128K)
[2024-08-23T15:51:04.445+0800] GC(500) Pause Young (Concurrent Start) (G1 Humongous Allocation) 188M->114M(512M) 1.020ms
[2024-08-23T15:51:04.445+0800] GC(500) User=0.00s Sys=0.00s Real=0.00s
[2024-08-23T15:51:04.445+0800] GC(501) Concurrent Undo Cycle
[2024-08-23T15:51:04.445+0800] GC(501) Concurrent Cleanup for Next Mark
[2024-08-23T15:51:04.446+0800] GC(501) Concurrent Cleanup for Next Mark 0.258ms
[2024-08-23T15:51:04.446+0800] GC(501) Concurrent Undo Cycle 0.335ms
[2024-08-23T15:51:04.878+0800] GC(502) Pause Young (Concurrent Start) (G1 Humongous Allocation)
[2024-08-23T15:51:04.878+0800] GC(502) Using 6 workers of 6 for evacuation
[2024-08-23T15:51:04.878+0800] GC(502)   Pre Evacuate Collection Set: 0.1ms
[2024-08-23T15:51:04.878+0800] GC(502)   Merge Heap Roots: 0.1ms
[2024-08-23T15:51:04.878+0800] GC(502)   Evacuate Collection Set: 0.1ms
[2024-08-23T15:51:04.878+0800] GC(502)   Post Evacuate Collection Set: 0.4ms
[2024-08-23T15:51:04.878+0800] GC(502)   Other: 0.1ms
[2024-08-23T15:51:04.878+0800] GC(502) Eden regions: 1->0(288)
[2024-08-23T15:51:04.878+0800] GC(502) Survivor regions: 0->0(39)
[2024-08-23T15:51:04.878+0800] GC(502) Old regions: 1->1
[2024-08-23T15:51:04.878+0800] GC(502) Archive regions: 0->0
[2024-08-23T15:51:04.878+0800] GC(502) Humongous regions: 225->170
[2024-08-23T15:51:04.878+0800] GC(502) Metaspace: 307K(512K)->307K(512K) NonClass: 300K(384K)->300K(384K) Class: 7K(128K)->7K(128K)
[2024-08-23T15:51:04.878+0800] GC(502) Pause Young (Concurrent Start) (G1 Humongous Allocation) 226M->170M(512M) 0.960ms
[2024-08-23T15:51:04.878+0800] GC(502) User=0.00s Sys=0.00s Real=0.00s
[2024-08-23T15:51:04.878+0800] GC(503) Concurrent Undo Cycle
[2024-08-23T15:51:04.878+0800] GC(503) Concurrent Cleanup for Next Mark
[2024-08-23T15:51:04.878+0800] GC(503) Concurrent Cleanup for Next Mark 0.295ms
[2024-08-23T15:51:04.878+0800] GC(503) Concurrent Undo Cycle 0.355ms
[2024-08-23T15:51:05.855+0800] GC(504) Pause Young (Concurrent Start) (G1 Humongous Allocation)
[2024-08-23T15:51:05.855+0800] GC(504) Using 6 workers of 6 for evacuation
[2024-08-23T15:51:05.855+0800] GC(504)   Pre Evacuate Collection Set: 0.1ms
[2024-08-23T15:51:05.855+0800] GC(504)   Merge Heap Roots: 0.1ms
[2024-08-23T15:51:05.856+0800] GC(504)   Evacuate Collection Set: 0.1ms
[2024-08-23T15:51:05.856+0800] GC(504)   Post Evacuate Collection Set: 0.4ms
[2024-08-23T15:51:05.856+0800] GC(504)   Other: 0.1ms
[2024-08-23T15:51:05.856+0800] GC(504) Eden regions: 1->0(307)
[2024-08-23T15:51:05.856+0800] GC(504) Survivor regions: 0->0(36)
[2024-08-23T15:51:05.856+0800] GC(504) Old regions: 1->1
[2024-08-23T15:51:05.856+0800] GC(504) Archive regions: 0->0
[2024-08-23T15:51:05.856+0800] GC(504) Humongous regions: 194->6
[2024-08-23T15:51:05.856+0800] GC(504) Metaspace: 307K(512K)->307K(512K) NonClass: 300K(384K)->300K(384K) Class: 7K(128K)->7K(128K)
[2024-08-23T15:51:05.856+0800] GC(504) Pause Young (Concurrent Start) (G1 Humongous Allocation) 195M->6M(512M) 0.841ms
[2024-08-23T15:51:05.856+0800] GC(504) User=0.00s Sys=0.00s Real=0.00s
[2024-08-23T15:51:05.856+0800] GC(505) Concurrent Undo Cycle
[2024-08-23T15:51:05.856+0800] GC(505) Concurrent Cleanup for Next Mark
[2024-08-23T15:51:05.856+0800] GC(505) Concurrent Cleanup for Next Mark 0.287ms
[2024-08-23T15:51:05.857+0800] GC(505) Concurrent Undo Cycle 0.362ms
[2024-08-23T15:51:07.154+0800] GC(506) Pause Young (Concurrent Start) (G1 Humongous Allocation)
[2024-08-23T15:51:07.154+0800] GC(506) Using 6 workers of 6 for evacuation
[2024-08-23T15:51:07.154+0800] GC(506)   Pre Evacuate Collection Set: 0.1ms
[2024-08-23T15:51:07.154+0800] GC(506)   Merge Heap Roots: 0.1ms
[2024-08-23T15:51:07.154+0800] GC(506)   Evacuate Collection Set: 0.1ms
[2024-08-23T15:51:07.154+0800] GC(506)   Post Evacuate Collection Set: 0.2ms
[2024-08-23T15:51:07.154+0800] GC(506)   Other: 0.1ms
[2024-08-23T15:51:07.154+0800] GC(506) Eden regions: 1->0(307)
[2024-08-23T15:51:07.154+0800] GC(506) Survivor regions: 0->0(39)
[2024-08-23T15:51:07.154+0800] GC(506) Old regions: 1->1
[2024-08-23T15:51:07.154+0800] GC(506) Archive regions: 0->0
[2024-08-23T15:51:07.154+0800] GC(506) Humongous regions: 190->29
[2024-08-23T15:51:07.154+0800] GC(506) Metaspace: 307K(512K)->307K(512K) NonClass: 300K(384K)->300K(384K) Class: 7K(128K)->7K(128K)
[2024-08-23T15:51:07.154+0800] GC(506) Pause Young (Concurrent Start) (G1 Humongous Allocation) 191M->29M(512M) 0.786ms
[2024-08-23T15:51:07.154+0800] GC(506) User=0.00s Sys=0.00s Real=0.00s
[2024-08-23T15:51:07.154+0800] GC(507) Concurrent Undo Cycle
[2024-08-23T15:51:07.154+0800] GC(507) Concurrent Cleanup for Next Mark
[2024-08-23T15:51:07.155+0800] GC(507) Concurrent Cleanup for Next Mark 0.329ms
[2024-08-23T15:51:07.155+0800] GC(507) Concurrent Undo Cycle 0.404ms
[2024-08-23T15:51:08.241+0800] GC(508) Pause Young (Concurrent Start) (G1 Humongous Allocation)
[2024-08-23T15:51:08.241+0800] GC(508) Using 6 workers of 6 for evacuation
[2024-08-23T15:51:08.241+0800] GC(508)   Pre Evacuate Collection Set: 0.1ms
[2024-08-23T15:51:08.241+0800] GC(508)   Merge Heap Roots: 0.1ms
[2024-08-23T15:51:08.241+0800] GC(508)   Evacuate Collection Set: 0.1ms
[2024-08-23T15:51:08.241+0800] GC(508)   Post Evacuate Collection Set: 0.4ms
[2024-08-23T15:51:08.241+0800] GC(508)   Other: 0.1ms
[2024-08-23T15:51:08.241+0800] GC(508) Eden regions: 1->0(307)
[2024-08-23T15:51:08.241+0800] GC(508) Survivor regions: 0->0(39)
[2024-08-23T15:51:08.241+0800] GC(508) Old regions: 1->1
[2024-08-23T15:51:08.241+0800] GC(508) Archive regions: 0->0
[2024-08-23T15:51:08.241+0800] GC(508) Humongous regions: 221->16
[2024-08-23T15:51:08.242+0800] GC(508) Metaspace: 307K(512K)->307K(512K) NonClass: 300K(384K)->300K(384K) Class: 7K(128K)->7K(128K)
[2024-08-23T15:51:08.242+0800] GC(508) Pause Young (Concurrent Start) (G1 Humongous Allocation) 222M->16M(512M) 0.859ms
[2024-08-23T15:51:08.242+0800] GC(508) User=0.00s Sys=0.00s Real=0.00s
[2024-08-23T15:51:08.242+0800] GC(509) Concurrent Undo Cycle
[2024-08-23T15:51:08.242+0800] GC(509) Concurrent Cleanup for Next Mark
[2024-08-23T15:51:08.242+0800] GC(509) Concurrent Cleanup for Next Mark 0.284ms
[2024-08-23T15:51:08.242+0800] GC(509) Concurrent Undo Cycle 0.347ms
[2024-08-23T15:51:09.648+0800] GC(510) Pause Young (Concurrent Start) (G1 Humongous Allocation)
[2024-08-23T15:51:09.648+0800] GC(510) Using 6 workers of 6 for evacuation
[2024-08-23T15:51:09.649+0800] GC(510)   Pre Evacuate Collection Set: 0.1ms
[2024-08-23T15:51:09.649+0800] GC(510)   Merge Heap Roots: 0.1ms
[2024-08-23T15:51:09.649+0800] GC(510)   Evacuate Collection Set: 0.3ms
[2024-08-23T15:51:09.649+0800] GC(510)   Post Evacuate Collection Set: 0.5ms
[2024-08-23T15:51:09.649+0800] GC(510)   Other: 0.1ms
[2024-08-23T15:51:09.649+0800] GC(510) Eden regions: 1->0(307)
[2024-08-23T15:51:09.649+0800] GC(510) Survivor regions: 0->0(39)
[2024-08-23T15:51:09.649+0800] GC(510) Old regions: 1->1
[2024-08-23T15:51:09.649+0800] GC(510) Archive regions: 0->0
[2024-08-23T15:51:09.649+0800] GC(510) Humongous regions: 221->6
[2024-08-23T15:51:09.649+0800] GC(510) Metaspace: 307K(512K)->307K(512K) NonClass: 300K(384K)->300K(384K) Class: 7K(128K)->7K(128K)
[2024-08-23T15:51:09.649+0800] GC(510) Pause Young (Concurrent Start) (G1 Humongous Allocation) 222M->6M(512M) 1.218ms
[2024-08-23T15:51:09.649+0800] GC(510) User=0.00s Sys=0.00s Real=0.00s
[2024-08-23T15:51:09.649+0800] GC(511) Concurrent Undo Cycle
[2024-08-23T15:51:09.649+0800] GC(511) Concurrent Cleanup for Next Mark
[2024-08-23T15:51:09.649+0800] GC(511) Concurrent Cleanup for Next Mark 0.311ms
[2024-08-23T15:51:09.650+0800] GC(511) Concurrent Undo Cycle 0.411ms
[2024-08-23T15:51:10.839+0800] GC(512) Pause Young (Concurrent Start) (G1 Humongous Allocation)
[2024-08-23T15:51:10.839+0800] GC(512) Using 6 workers of 6 for evacuation
[2024-08-23T15:51:10.840+0800] GC(512)   Pre Evacuate Collection Set: 0.0ms
[2024-08-23T15:51:10.840+0800] GC(512)   Merge Heap Roots: 0.1ms
[2024-08-23T15:51:10.840+0800] GC(512)   Evacuate Collection Set: 0.1ms
[2024-08-23T15:51:10.840+0800] GC(512)   Post Evacuate Collection Set: 0.4ms
[2024-08-23T15:51:10.840+0800] GC(512)   Other: 0.1ms
[2024-08-23T15:51:10.840+0800] GC(512) Eden regions: 1->0(307)
[2024-08-23T15:51:10.840+0800] GC(512) Survivor regions: 0->0(39)
[2024-08-23T15:51:10.840+0800] GC(512) Old regions: 1->1
[2024-08-23T15:51:10.840+0800] GC(512) Archive regions: 0->0
[2024-08-23T15:51:10.840+0800] GC(512) Humongous regions: 229->23
[2024-08-23T15:51:10.840+0800] GC(512) Metaspace: 307K(512K)->307K(512K) NonClass: 300K(384K)->300K(384K) Class: 7K(128K)->7K(128K)
[2024-08-23T15:51:10.840+0800] GC(512) Pause Young (Concurrent Start) (G1 Humongous Allocation) 230M->23M(512M) 0.862ms
[2024-08-23T15:51:10.840+0800] GC(512) User=0.00s Sys=0.00s Real=0.00s
[2024-08-23T15:51:10.840+0800] GC(513) Concurrent Undo Cycle
[2024-08-23T15:51:10.840+0800] GC(513) Concurrent Cleanup for Next Mark
[2024-08-23T15:51:10.840+0800] GC(513) Concurrent Cleanup for Next Mark 0.392ms
[2024-08-23T15:51:10.840+0800] GC(513) Concurrent Undo Cycle 0.481ms
[2024-08-23T15:51:11.603+0800] GC(514) Pause Young (Concurrent Start) (G1 Humongous Allocation)
[2024-08-23T15:51:11.603+0800] GC(514) Using 6 workers of 6 for evacuation
[2024-08-23T15:51:11.603+0800] GC(514)   Pre Evacuate Collection Set: 0.1ms
[2024-08-23T15:51:11.603+0800] GC(514)   Merge Heap Roots: 0.1ms
[2024-08-23T15:51:11.603+0800] GC(514)   Evacuate Collection Set: 0.1ms
[2024-08-23T15:51:11.603+0800] GC(514)   Post Evacuate Collection Set: 0.5ms
[2024-08-23T15:51:11.603+0800] GC(514)   Other: 0.1ms
[2024-08-23T15:51:11.603+0800] GC(514) Eden regions: 1->0(307)
[2024-08-23T15:51:11.603+0800] GC(514) Survivor regions: 0->0(39)
[2024-08-23T15:51:11.603+0800] GC(514) Old regions: 1->1
[2024-08-23T15:51:11.603+0800] GC(514) Archive regions: 0->0
[2024-08-23T15:51:11.603+0800] GC(514) Humongous regions: 230->139
[2024-08-23T15:51:11.603+0800] GC(514) Metaspace: 307K(512K)->307K(512K) NonClass: 300K(384K)->300K(384K) Class: 7K(128K)->7K(128K)
[2024-08-23T15:51:11.603+0800] GC(514) Pause Young (Concurrent Start) (G1 Humongous Allocation) 231M->139M(512M) 0.938ms
[2024-08-23T15:51:11.603+0800] GC(514) User=0.00s Sys=0.00s Real=0.00s
[2024-08-23T15:51:11.603+0800] GC(515) Concurrent Undo Cycle
[2024-08-23T15:51:11.603+0800] GC(515) Concurrent Cleanup for Next Mark
[2024-08-23T15:51:11.603+0800] GC(515) Concurrent Cleanup for Next Mark 0.231ms
[2024-08-23T15:51:11.603+0800] GC(515) Concurrent Undo Cycle 0.280ms
[2024-08-23T15:51:12.803+0800] GC(516) Pause Young (Concurrent Start) (G1 Humongous Allocation)
[2024-08-23T15:51:12.803+0800] GC(516) Using 6 workers of 6 for evacuation
[2024-08-23T15:51:12.803+0800] GC(516)   Pre Evacuate Collection Set: 0.1ms
[2024-08-23T15:51:12.803+0800] GC(516)   Merge Heap Roots: 0.1ms
[2024-08-23T15:51:12.803+0800] GC(516)   Evacuate Collection Set: 0.1ms
[2024-08-23T15:51:12.803+0800] GC(516)   Post Evacuate Collection Set: 0.2ms
[2024-08-23T15:51:12.803+0800] GC(516)   Other: 0.1ms
[2024-08-23T15:51:12.803+0800] GC(516) Eden regions: 1->0(307)
[2024-08-23T15:51:12.803+0800] GC(516) Survivor regions: 0->0(39)
[2024-08-23T15:51:12.803+0800] GC(516) Old regions: 1->1
[2024-08-23T15:51:12.803+0800] GC(516) Archive regions: 0->0
[2024-08-23T15:51:12.803+0800] GC(516) Humongous regions: 222->65
[2024-08-23T15:51:12.803+0800] GC(516) Metaspace: 307K(512K)->307K(512K) NonClass: 300K(384K)->300K(384K) Class: 7K(128K)->7K(128K)
[2024-08-23T15:51:12.803+0800] GC(516) Pause Young (Concurrent Start) (G1 Humongous Allocation) 223M->65M(512M) 0.654ms
[2024-08-23T15:51:12.803+0800] GC(516) User=0.00s Sys=0.00s Real=0.00s
[2024-08-23T15:51:12.803+0800] GC(517) Concurrent Undo Cycle
[2024-08-23T15:51:12.803+0800] GC(517) Concurrent Cleanup for Next Mark
[2024-08-23T15:51:12.804+0800] GC(517) Concurrent Cleanup for Next Mark 0.227ms
[2024-08-23T15:51:12.804+0800] GC(517) Concurrent Undo Cycle 0.298ms
[2024-08-23T15:51:14.225+0800] GC(518) Pause Young (Concurrent Start) (G1 Humongous Allocation)
[2024-08-23T15:51:14.225+0800] GC(518) Using 6 workers of 6 for evacuation
[2024-08-23T15:51:14.225+0800] GC(518)   Pre Evacuate Collection Set: 0.0ms
[2024-08-23T15:51:14.225+0800] GC(518)   Merge Heap Roots: 0.0ms
[2024-08-23T15:51:14.225+0800] GC(518)   Evacuate Collection Set: 0.1ms
[2024-08-23T15:51:14.225+0800] GC(518)   Post Evacuate Collection Set: 0.1ms
[2024-08-23T15:51:14.225+0800] GC(518)   Other: 0.1ms
[2024-08-23T15:51:14.225+0800] GC(518) Eden regions: 1->0(307)
[2024-08-23T15:51:14.225+0800] GC(518) Survivor regions: 0->0(39)
[2024-08-23T15:51:14.225+0800] GC(518) Old regions: 1->1
[2024-08-23T15:51:14.225+0800] GC(518) Archive regions: 0->0
[2024-08-23T15:51:14.225+0800] GC(518) Humongous regions: 183->27
[2024-08-23T15:51:14.225+0800] GC(518) Metaspace: 307K(512K)->307K(512K) NonClass: 300K(384K)->300K(384K) Class: 7K(128K)->7K(128K)
[2024-08-23T15:51:14.225+0800] GC(518) Pause Young (Concurrent Start) (G1 Humongous Allocation) 184M->27M(512M) 0.515ms
[2024-08-23T15:51:14.225+0800] GC(518) User=0.00s Sys=0.00s Real=0.00s
[2024-08-23T15:51:14.225+0800] GC(519) Concurrent Undo Cycle
[2024-08-23T15:51:14.225+0800] GC(519) Concurrent Cleanup for Next Mark
[2024-08-23T15:51:14.226+0800] GC(519) Concurrent Cleanup for Next Mark 0.320ms
[2024-08-23T15:51:14.226+0800] GC(519) Concurrent Undo Cycle 0.420ms
[2024-08-23T15:51:15.421+0800] GC(520) Pause Young (Concurrent Start) (G1 Humongous Allocation)
[2024-08-23T15:51:15.421+0800] GC(520) Using 6 workers of 6 for evacuation
[2024-08-23T15:51:15.421+0800] GC(520)   Pre Evacuate Collection Set: 0.0ms
[2024-08-23T15:51:15.421+0800] GC(520)   Merge Heap Roots: 0.0ms
[2024-08-23T15:51:15.421+0800] GC(520)   Evacuate Collection Set: 0.1ms
[2024-08-23T15:51:15.421+0800] GC(520)   Post Evacuate Collection Set: 0.1ms
[2024-08-23T15:51:15.421+0800] GC(520)   Other: 0.1ms
[2024-08-23T15:51:15.421+0800] GC(520) Eden regions: 1->0(307)
[2024-08-23T15:51:15.421+0800] GC(520) Survivor regions: 0->0(39)
[2024-08-23T15:51:15.421+0800] GC(520) Old regions: 1->1
[2024-08-23T15:51:15.421+0800] GC(520) Archive regions: 0->0
[2024-08-23T15:51:15.421+0800] GC(520) Humongous regions: 230->124
[2024-08-23T15:51:15.421+0800] GC(520) Metaspace: 307K(512K)->307K(512K) NonClass: 300K(384K)->300K(384K) Class: 7K(128K)->7K(128K)
[2024-08-23T15:51:15.421+0800] GC(520) Pause Young (Concurrent Start) (G1 Humongous Allocation) 231M->124M(512M) 0.512ms
[2024-08-23T15:51:15.421+0800] GC(520) User=0.00s Sys=0.00s Real=0.00s
[2024-08-23T15:51:15.421+0800] GC(521) Concurrent Undo Cycle
[2024-08-23T15:51:15.421+0800] GC(521) Concurrent Cleanup for Next Mark
[2024-08-23T15:51:15.422+0800] GC(521) Concurrent Cleanup for Next Mark 0.337ms
[2024-08-23T15:51:15.422+0800] GC(521) Concurrent Undo Cycle 0.423ms
[2024-08-23T15:51:15.750+0800] GC(522) Pause Young (Concurrent Start) (G1 Humongous Allocation)
[2024-08-23T15:51:15.750+0800] GC(522) Using 6 workers of 6 for evacuation
[2024-08-23T15:51:15.750+0800] GC(522)   Pre Evacuate Collection Set: 0.1ms
[2024-08-23T15:51:15.750+0800] GC(522)   Merge Heap Roots: 0.0ms
[2024-08-23T15:51:15.750+0800] GC(522)   Evacuate Collection Set: 0.2ms
[2024-08-23T15:51:15.750+0800] GC(522)   Post Evacuate Collection Set: 0.3ms
[2024-08-23T15:51:15.750+0800] GC(522)   Other: 0.2ms
[2024-08-23T15:51:15.750+0800] GC(522) Eden regions: 1->0(294)
[2024-08-23T15:51:15.750+0800] GC(522) Survivor regions: 0->0(39)
[2024-08-23T15:51:15.750+0800] GC(522) Old regions: 1->1
[2024-08-23T15:51:15.750+0800] GC(522) Archive regions: 0->0
[2024-08-23T15:51:15.750+0800] GC(522) Humongous regions: 207->164
[2024-08-23T15:51:15.750+0800] GC(522) Metaspace: 307K(512K)->307K(512K) NonClass: 300K(384K)->300K(384K) Class: 7K(128K)->7K(128K)
[2024-08-23T15:51:15.750+0800] GC(522) Pause Young (Concurrent Start) (G1 Humongous Allocation) 208M->164M(512M) 0.873ms
[2024-08-23T15:51:15.750+0800] GC(522) User=0.00s Sys=0.00s Real=0.00s
[2024-08-23T15:51:15.750+0800] GC(523) Concurrent Undo Cycle
[2024-08-23T15:51:15.750+0800] GC(523) Concurrent Cleanup for Next Mark
[2024-08-23T15:51:15.750+0800] GC(523) Concurrent Cleanup for Next Mark 0.272ms
[2024-08-23T15:51:15.750+0800] GC(523) Concurrent Undo Cycle 0.375ms
[2024-08-23T15:51:15.859+0800] GC(524) Pause Young (Concurrent Start) (G1 Humongous Allocation)
[2024-08-23T15:51:15.859+0800] GC(524) Using 6 workers of 6 for evacuation
[2024-08-23T15:51:15.859+0800] GC(524)   Pre Evacuate Collection Set: 0.0ms
[2024-08-23T15:51:15.859+0800] GC(524)   Merge Heap Roots: 0.0ms
[2024-08-23T15:51:15.859+0800] GC(524)   Evacuate Collection Set: 0.1ms
[2024-08-23T15:51:15.859+0800] GC(524)   Post Evacuate Collection Set: 0.1ms
[2024-08-23T15:51:15.859+0800] GC(524)   Other: 0.1ms
[2024-08-23T15:51:15.859+0800] GC(524) Eden regions: 1->0(244)
[2024-08-23T15:51:15.859+0800] GC(524) Survivor regions: 0->0(37)
[2024-08-23T15:51:15.859+0800] GC(524) Old regions: 1->1
[2024-08-23T15:51:15.859+0800] GC(524) Archive regions: 0->0
[2024-08-23T15:51:15.859+0800] GC(524) Humongous regions: 265->214
[2024-08-23T15:51:15.859+0800] GC(524) Metaspace: 307K(512K)->307K(512K) NonClass: 300K(384K)->300K(384K) Class: 7K(128K)->7K(128K)
[2024-08-23T15:51:15.859+0800] GC(524) Pause Young (Concurrent Start) (G1 Humongous Allocation) 266M->214M(512M) 0.513ms
[2024-08-23T15:51:15.859+0800] GC(524) User=0.00s Sys=0.00s Real=0.00s
[2024-08-23T15:51:15.859+0800] GC(525) Concurrent Undo Cycle
[2024-08-23T15:51:15.859+0800] GC(525) Concurrent Cleanup for Next Mark
[2024-08-23T15:51:15.859+0800] GC(525) Concurrent Cleanup for Next Mark 0.203ms
[2024-08-23T15:51:15.859+0800] GC(525) Concurrent Undo Cycle 0.293ms
[2024-08-23T15:51:16.298+0800] GC(526) Pause Young (Concurrent Start) (G1 Humongous Allocation)
[2024-08-23T15:51:16.298+0800] GC(526) Using 6 workers of 6 for evacuation
[2024-08-23T15:51:16.299+0800] GC(526)   Pre Evacuate Collection Set: 0.1ms
[2024-08-23T15:51:16.299+0800] GC(526)   Merge Heap Roots: 0.1ms
[2024-08-23T15:51:16.299+0800] GC(526)   Evacuate Collection Set: 0.2ms
[2024-08-23T15:51:16.299+0800] GC(526)   Post Evacuate Collection Set: 0.5ms
[2024-08-23T15:51:16.299+0800] GC(526)   Other: 0.1ms
[2024-08-23T15:51:16.299+0800] GC(526) Eden regions: 1->0(307)
[2024-08-23T15:51:16.299+0800] GC(526) Survivor regions: 0->0(31)
[2024-08-23T15:51:16.299+0800] GC(526) Old regions: 1->1
[2024-08-23T15:51:16.299+0800] GC(526) Archive regions: 0->0
[2024-08-23T15:51:16.299+0800] GC(526) Humongous regions: 230->121
[2024-08-23T15:51:16.299+0800] GC(526) Metaspace: 307K(512K)->307K(512K) NonClass: 300K(384K)->300K(384K) Class: 7K(128K)->7K(128K)
[2024-08-23T15:51:16.299+0800] GC(526) Pause Young (Concurrent Start) (G1 Humongous Allocation) 231M->121M(512M) 1.184ms
[2024-08-23T15:51:16.299+0800] GC(526) User=0.00s Sys=0.00s Real=0.00s
[2024-08-23T15:51:16.299+0800] GC(527) Concurrent Undo Cycle
[2024-08-23T15:51:16.299+0800] GC(527) Concurrent Cleanup for Next Mark
[2024-08-23T15:51:16.299+0800] GC(527) Concurrent Cleanup for Next Mark 0.407ms
[2024-08-23T15:51:16.299+0800] GC(527) Concurrent Undo Cycle 0.495ms
[2024-08-23T15:51:18.483+0800] GC(528) Pause Young (Concurrent Start) (G1 Humongous Allocation)
[2024-08-23T15:51:18.483+0800] GC(528) Using 6 workers of 6 for evacuation
[2024-08-23T15:51:18.483+0800] GC(528)   Pre Evacuate Collection Set: 0.0ms
[2024-08-23T15:51:18.483+0800] GC(528)   Merge Heap Roots: 0.0ms
[2024-08-23T15:51:18.483+0800] GC(528)   Evacuate Collection Set: 0.1ms
[2024-08-23T15:51:18.483+0800] GC(528)   Post Evacuate Collection Set: 0.2ms
[2024-08-23T15:51:18.483+0800] GC(528)   Other: 0.1ms
[2024-08-23T15:51:18.483+0800] GC(528) Eden regions: 1->0(307)
[2024-08-23T15:51:18.483+0800] GC(528) Survivor regions: 0->0(39)
[2024-08-23T15:51:18.483+0800] GC(528) Old regions: 1->1
[2024-08-23T15:51:18.483+0800] GC(528) Archive regions: 0->0
[2024-08-23T15:51:18.483+0800] GC(528) Humongous regions: 228->34
[2024-08-23T15:51:18.483+0800] GC(528) Metaspace: 307K(512K)->307K(512K) NonClass: 300K(384K)->300K(384K) Class: 7K(128K)->7K(128K)
[2024-08-23T15:51:18.483+0800] GC(528) Pause Young (Concurrent Start) (G1 Humongous Allocation) 229M->34M(512M) 0.537ms
[2024-08-23T15:51:18.483+0800] GC(528) User=0.00s Sys=0.00s Real=0.00s
[2024-08-23T15:51:18.483+0800] GC(529) Concurrent Undo Cycle
[2024-08-23T15:51:18.483+0800] GC(529) Concurrent Cleanup for Next Mark
[2024-08-23T15:51:18.484+0800] GC(529) Concurrent Cleanup for Next Mark 0.273ms
[2024-08-23T15:51:18.484+0800] GC(529) Concurrent Undo Cycle 0.344ms
[2024-08-23T15:51:19.573+0800] GC(530) Pause Young (Concurrent Start) (G1 Humongous Allocation)
[2024-08-23T15:51:19.573+0800] GC(530) Using 6 workers of 6 for evacuation
[2024-08-23T15:51:19.573+0800] GC(530)   Pre Evacuate Collection Set: 0.0ms
[2024-08-23T15:51:19.573+0800] GC(530)   Merge Heap Roots: 0.0ms
[2024-08-23T15:51:19.573+0800] GC(530)   Evacuate Collection Set: 0.1ms
[2024-08-23T15:51:19.573+0800] GC(530)   Post Evacuate Collection Set: 0.2ms
[2024-08-23T15:51:19.573+0800] GC(530)   Other: 0.1ms
[2024-08-23T15:51:19.573+0800] GC(530) Eden regions: 1->0(307)
[2024-08-23T15:51:19.573+0800] GC(530) Survivor regions: 0->0(39)
[2024-08-23T15:51:19.573+0800] GC(530) Old regions: 1->1
[2024-08-23T15:51:19.573+0800] GC(530) Archive regions: 0->0
[2024-08-23T15:51:19.573+0800] GC(530) Humongous regions: 226->25
[2024-08-23T15:51:19.573+0800] GC(530) Metaspace: 307K(512K)->307K(512K) NonClass: 300K(384K)->300K(384K) Class: 7K(128K)->7K(128K)
[2024-08-23T15:51:19.573+0800] GC(530) Pause Young (Concurrent Start) (G1 Humongous Allocation) 227M->25M(512M) 0.532ms
[2024-08-23T15:51:19.573+0800] GC(530) User=0.00s Sys=0.00s Real=0.00s
[2024-08-23T15:51:19.573+0800] GC(531) Concurrent Undo Cycle
[2024-08-23T15:51:19.573+0800] GC(531) Concurrent Cleanup for Next Mark
[2024-08-23T15:51:19.574+0800] GC(531) Concurrent Cleanup for Next Mark 0.358ms
[2024-08-23T15:51:19.574+0800] GC(531) Concurrent Undo Cycle 0.494ms
[2024-08-23T15:51:20.447+0800] GC(532) Pause Young (Concurrent Start) (G1 Humongous Allocation)
[2024-08-23T15:51:20.447+0800] GC(532) Using 6 workers of 6 for evacuation
[2024-08-23T15:51:20.448+0800] GC(532)   Pre Evacuate Collection Set: 0.1ms
[2024-08-23T15:51:20.448+0800] GC(532)   Merge Heap Roots: 0.1ms
[2024-08-23T15:51:20.448+0800] GC(532)   Evacuate Collection Set: 0.1ms
[2024-08-23T15:51:20.448+0800] GC(532)   Post Evacuate Collection Set: 0.4ms
[2024-08-23T15:51:20.448+0800] GC(532)   Other: 0.1ms
[2024-08-23T15:51:20.448+0800] GC(532) Eden regions: 1->0(307)
[2024-08-23T15:51:20.448+0800] GC(532) Survivor regions: 0->0(39)
[2024-08-23T15:51:20.448+0800] GC(532) Old regions: 1->1
[2024-08-23T15:51:20.448+0800] GC(532) Archive regions: 0->0
[2024-08-23T15:51:20.448+0800] GC(532) Humongous regions: 230->36
[2024-08-23T15:51:20.448+0800] GC(532) Metaspace: 307K(512K)->307K(512K) NonClass: 300K(384K)->300K(384K) Class: 7K(128K)->7K(128K)
[2024-08-23T15:51:20.448+0800] GC(532) Pause Young (Concurrent Start) (G1 Humongous Allocation) 231M->36M(512M) 0.898ms
[2024-08-23T15:51:20.448+0800] GC(532) User=0.00s Sys=0.00s Real=0.00s
[2024-08-23T15:51:20.448+0800] GC(533) Concurrent Undo Cycle
[2024-08-23T15:51:20.448+0800] GC(533) Concurrent Cleanup for Next Mark
[2024-08-23T15:51:20.448+0800] GC(533) Concurrent Cleanup for Next Mark 0.248ms
[2024-08-23T15:51:20.448+0800] GC(533) Concurrent Undo Cycle 0.307ms
[2024-08-23T15:51:21.751+0800] GC(534) Pause Young (Concurrent Start) (G1 Humongous Allocation)
[2024-08-23T15:51:21.751+0800] GC(534) Using 6 workers of 6 for evacuation
[2024-08-23T15:51:21.752+0800] GC(534)   Pre Evacuate Collection Set: 0.1ms
[2024-08-23T15:51:21.752+0800] GC(534)   Merge Heap Roots: 0.1ms
[2024-08-23T15:51:21.752+0800] GC(534)   Evacuate Collection Set: 0.2ms
[2024-08-23T15:51:21.752+0800] GC(534)   Post Evacuate Collection Set: 0.3ms
[2024-08-23T15:51:21.752+0800] GC(534)   Other: 0.1ms
[2024-08-23T15:51:21.752+0800] GC(534) Eden regions: 1->0(307)
[2024-08-23T15:51:21.752+0800] GC(534) Survivor regions: 0->0(39)
[2024-08-23T15:51:21.752+0800] GC(534) Old regions: 1->1
[2024-08-23T15:51:21.752+0800] GC(534) Archive regions: 0->0
[2024-08-23T15:51:21.752+0800] GC(534) Humongous regions: 230->23
[2024-08-23T15:51:21.752+0800] GC(534) Metaspace: 307K(512K)->307K(512K) NonClass: 300K(384K)->300K(384K) Class: 7K(128K)->7K(128K)
[2024-08-23T15:51:21.752+0800] GC(534) Pause Young (Concurrent Start) (G1 Humongous Allocation) 231M->23M(512M) 0.891ms
[2024-08-23T15:51:21.752+0800] GC(534) User=0.00s Sys=0.00s Real=0.00s
[2024-08-23T15:51:21.752+0800] GC(535) Concurrent Undo Cycle
[2024-08-23T15:51:21.752+0800] GC(535) Concurrent Cleanup for Next Mark
[2024-08-23T15:51:21.752+0800] GC(535) Concurrent Cleanup for Next Mark 0.291ms
[2024-08-23T15:51:21.752+0800] GC(535) Concurrent Undo Cycle 0.352ms
[2024-08-23T15:51:22.845+0800] GC(536) Pause Young (Concurrent Start) (G1 Humongous Allocation)
[2024-08-23T15:51:22.845+0800] GC(536) Using 6 workers of 6 for evacuation
[2024-08-23T15:51:22.845+0800] GC(536)   Pre Evacuate Collection Set: 0.1ms
[2024-08-23T15:51:22.845+0800] GC(536)   Merge Heap Roots: 0.1ms
[2024-08-23T15:51:22.845+0800] GC(536)   Evacuate Collection Set: 0.1ms
[2024-08-23T15:51:22.845+0800] GC(536)   Post Evacuate Collection Set: 0.3ms
[2024-08-23T15:51:22.845+0800] GC(536)   Other: 0.1ms
[2024-08-23T15:51:22.845+0800] GC(536) Eden regions: 1->0(307)
[2024-08-23T15:51:22.845+0800] GC(536) Survivor regions: 0->0(39)
[2024-08-23T15:51:22.845+0800] GC(536) Old regions: 1->1
[2024-08-23T15:51:22.845+0800] GC(536) Archive regions: 0->0
[2024-08-23T15:51:22.845+0800] GC(536) Humongous regions: 153->78
[2024-08-23T15:51:22.846+0800] GC(536) Metaspace: 307K(512K)->307K(512K) NonClass: 300K(384K)->300K(384K) Class: 7K(128K)->7K(128K)
[2024-08-23T15:51:22.846+0800] GC(536) Pause Young (Concurrent Start) (G1 Humongous Allocation) 154M->78M(512M) 0.910ms
[2024-08-23T15:51:22.846+0800] GC(536) User=0.00s Sys=0.00s Real=0.00s
[2024-08-23T15:51:22.846+0800] GC(537) Concurrent Undo Cycle
[2024-08-23T15:51:22.846+0800] GC(537) Concurrent Cleanup for Next Mark
[2024-08-23T15:51:22.846+0800] GC(537) Concurrent Cleanup for Next Mark 0.309ms
[2024-08-23T15:51:22.846+0800] GC(537) Concurrent Undo Cycle 0.391ms
[2024-08-23T15:51:23.936+0800] GC(538) Pause Young (Concurrent Start) (G1 Humongous Allocation)
[2024-08-23T15:51:23.936+0800] GC(538) Using 6 workers of 6 for evacuation
[2024-08-23T15:51:23.936+0800] GC(538)   Pre Evacuate Collection Set: 0.1ms
[2024-08-23T15:51:23.937+0800] GC(538)   Merge Heap Roots: 0.1ms
[2024-08-23T15:51:23.937+0800] GC(538)   Evacuate Collection Set: 0.2ms
[2024-08-23T15:51:23.937+0800] GC(538)   Post Evacuate Collection Set: 0.3ms
[2024-08-23T15:51:23.937+0800] GC(538)   Other: 0.1ms
[2024-08-23T15:51:23.937+0800] GC(538) Eden regions: 1->0(307)
[2024-08-23T15:51:23.937+0800] GC(538) Survivor regions: 0->0(39)
[2024-08-23T15:51:23.937+0800] GC(538) Old regions: 1->1
[2024-08-23T15:51:23.937+0800] GC(538) Archive regions: 0->0
[2024-08-23T15:51:23.937+0800] GC(538) Humongous regions: 230->95
[2024-08-23T15:51:23.937+0800] GC(538) Metaspace: 307K(512K)->307K(512K) NonClass: 300K(384K)->300K(384K) Class: 7K(128K)->7K(128K)
[2024-08-23T15:51:23.937+0800] GC(538) Pause Young (Concurrent Start) (G1 Humongous Allocation) 231M->95M(512M) 0.872ms
[2024-08-23T15:51:23.937+0800] GC(538) User=0.00s Sys=0.00s Real=0.00s
[2024-08-23T15:51:23.937+0800] GC(539) Concurrent Undo Cycle
[2024-08-23T15:51:23.937+0800] GC(539) Concurrent Cleanup for Next Mark
[2024-08-23T15:51:23.937+0800] GC(539) Concurrent Cleanup for Next Mark 0.263ms
[2024-08-23T15:51:23.937+0800] GC(539) Concurrent Undo Cycle 0.337ms
[2024-08-23T15:51:24.264+0800] GC(540) Pause Young (Concurrent Start) (G1 Humongous Allocation)
[2024-08-23T15:51:24.264+0800] GC(540) Using 6 workers of 6 for evacuation
[2024-08-23T15:51:24.264+0800] GC(540)   Pre Evacuate Collection Set: 0.0ms
[2024-08-23T15:51:24.264+0800] GC(540)   Merge Heap Roots: 0.0ms
[2024-08-23T15:51:24.264+0800] GC(540)   Evacuate Collection Set: 0.1ms
[2024-08-23T15:51:24.264+0800] GC(540)   Post Evacuate Collection Set: 0.1ms
[2024-08-23T15:51:24.264+0800] GC(540)   Other: 0.1ms
[2024-08-23T15:51:24.264+0800] GC(540) Eden regions: 1->0(307)
[2024-08-23T15:51:24.264+0800] GC(540) Survivor regions: 0->0(39)
[2024-08-23T15:51:24.264+0800] GC(540) Old regions: 1->1
[2024-08-23T15:51:24.264+0800] GC(540) Archive regions: 0->0
[2024-08-23T15:51:24.264+0800] GC(540) Humongous regions: 178->135
[2024-08-23T15:51:24.264+0800] GC(540) Metaspace: 307K(512K)->307K(512K) NonClass: 300K(384K)->300K(384K) Class: 7K(128K)->7K(128K)
[2024-08-23T15:51:24.264+0800] GC(540) Pause Young (Concurrent Start) (G1 Humongous Allocation) 179M->135M(512M) 0.527ms
[2024-08-23T15:51:24.264+0800] GC(540) User=0.00s Sys=0.00s Real=0.00s
[2024-08-23T15:51:24.264+0800] GC(541) Concurrent Undo Cycle
[2024-08-23T15:51:24.264+0800] GC(541) Concurrent Cleanup for Next Mark
[2024-08-23T15:51:24.264+0800] GC(541) Concurrent Cleanup for Next Mark 0.233ms
[2024-08-23T15:51:24.264+0800] GC(541) Concurrent Undo Cycle 0.304ms
[2024-08-23T15:51:24.918+0800] GC(542) Pause Young (Concurrent Start) (G1 Humongous Allocation)
[2024-08-23T15:51:24.918+0800] GC(542) Using 6 workers of 6 for evacuation
[2024-08-23T15:51:24.918+0800] GC(542)   Pre Evacuate Collection Set: 0.1ms
[2024-08-23T15:51:24.918+0800] GC(542)   Merge Heap Roots: 0.1ms
[2024-08-23T15:51:24.918+0800] GC(542)   Evacuate Collection Set: 0.1ms
[2024-08-23T15:51:24.918+0800] GC(542)   Post Evacuate Collection Set: 0.1ms
[2024-08-23T15:51:24.918+0800] GC(542)   Other: 0.1ms
[2024-08-23T15:51:24.918+0800] GC(542) Eden regions: 1->0(307)
[2024-08-23T15:51:24.918+0800] GC(542) Survivor regions: 0->0(39)
[2024-08-23T15:51:24.918+0800] GC(542) Old regions: 1->1
[2024-08-23T15:51:24.918+0800] GC(542) Archive regions: 0->0
[2024-08-23T15:51:24.918+0800] GC(542) Humongous regions: 236->101
[2024-08-23T15:51:24.918+0800] GC(542) Metaspace: 307K(512K)->307K(512K) NonClass: 300K(384K)->300K(384K) Class: 7K(128K)->7K(128K)
[2024-08-23T15:51:24.918+0800] GC(542) Pause Young (Concurrent Start) (G1 Humongous Allocation) 237M->101M(512M) 0.557ms
[2024-08-23T15:51:24.918+0800] GC(542) User=0.00s Sys=0.00s Real=0.00s
[2024-08-23T15:51:24.918+0800] GC(543) Concurrent Undo Cycle
[2024-08-23T15:51:24.918+0800] GC(543) Concurrent Cleanup for Next Mark
[2024-08-23T15:51:24.919+0800] GC(543) Concurrent Cleanup for Next Mark 0.296ms
[2024-08-23T15:51:24.919+0800] GC(543) Concurrent Undo Cycle 0.359ms
[2024-08-23T15:51:25.685+0800] GC(544) Pause Young (Concurrent Start) (G1 Humongous Allocation)
[2024-08-23T15:51:25.685+0800] GC(544) Using 6 workers of 6 for evacuation
[2024-08-23T15:51:25.685+0800] GC(544)   Pre Evacuate Collection Set: 0.0ms
[2024-08-23T15:51:25.685+0800] GC(544)   Merge Heap Roots: 0.0ms
[2024-08-23T15:51:25.685+0800] GC(544)   Evacuate Collection Set: 0.1ms
[2024-08-23T15:51:25.685+0800] GC(544)   Post Evacuate Collection Set: 0.2ms
[2024-08-23T15:51:25.685+0800] GC(544)   Other: 0.1ms
[2024-08-23T15:51:25.685+0800] GC(544) Eden regions: 1->0(307)
[2024-08-23T15:51:25.685+0800] GC(544) Survivor regions: 0->0(39)
[2024-08-23T15:51:25.685+0800] GC(544) Old regions: 1->1
[2024-08-23T15:51:25.685+0800] GC(544) Archive regions: 0->0
[2024-08-23T15:51:25.685+0800] GC(544) Humongous regions: 213->57
[2024-08-23T15:51:25.685+0800] GC(544) Metaspace: 307K(512K)->307K(512K) NonClass: 300K(384K)->300K(384K) Class: 7K(128K)->7K(128K)
[2024-08-23T15:51:25.685+0800] GC(544) Pause Young (Concurrent Start) (G1 Humongous Allocation) 214M->57M(512M) 0.574ms
[2024-08-23T15:51:25.685+0800] GC(544) User=0.00s Sys=0.00s Real=0.00s
[2024-08-23T15:51:25.685+0800] GC(545) Concurrent Undo Cycle
[2024-08-23T15:51:25.685+0800] GC(545) Concurrent Cleanup for Next Mark
[2024-08-23T15:51:25.686+0800] GC(545) Concurrent Cleanup for Next Mark 0.287ms
[2024-08-23T15:51:25.686+0800] GC(545) Concurrent Undo Cycle 0.361ms
[2024-08-23T15:51:26.887+0800] GC(546) Pause Young (Concurrent Start) (G1 Humongous Allocation)
[2024-08-23T15:51:26.887+0800] GC(546) Using 6 workers of 6 for evacuation
[2024-08-23T15:51:26.887+0800] GC(546)   Pre Evacuate Collection Set: 0.0ms
[2024-08-23T15:51:26.887+0800] GC(546)   Merge Heap Roots: 0.0ms
[2024-08-23T15:51:26.887+0800] GC(546)   Evacuate Collection Set: 0.1ms
[2024-08-23T15:51:26.887+0800] GC(546)   Post Evacuate Collection Set: 0.2ms
[2024-08-23T15:51:26.887+0800] GC(546)   Other: 0.1ms
[2024-08-23T15:51:26.887+0800] GC(546) Eden regions: 1->0(307)
[2024-08-23T15:51:26.887+0800] GC(546) Survivor regions: 0->0(39)
[2024-08-23T15:51:26.887+0800] GC(546) Old regions: 1->1
[2024-08-23T15:51:26.887+0800] GC(546) Archive regions: 0->0
[2024-08-23T15:51:26.887+0800] GC(546) Humongous regions: 220->25
[2024-08-23T15:51:26.887+0800] GC(546) Metaspace: 307K(512K)->307K(512K) NonClass: 300K(384K)->300K(384K) Class: 7K(128K)->7K(128K)
[2024-08-23T15:51:26.887+0800] GC(546) Pause Young (Concurrent Start) (G1 Humongous Allocation) 221M->25M(512M) 0.519ms
[2024-08-23T15:51:26.887+0800] GC(546) User=0.00s Sys=0.00s Real=0.00s
[2024-08-23T15:51:26.887+0800] GC(547) Concurrent Undo Cycle
[2024-08-23T15:51:26.887+0800] GC(547) Concurrent Cleanup for Next Mark
[2024-08-23T15:51:26.887+0800] GC(547) Concurrent Cleanup for Next Mark 0.222ms
[2024-08-23T15:51:26.887+0800] GC(547) Concurrent Undo Cycle 0.282ms
[2024-08-23T15:51:27.865+0800] GC(548) Pause Young (Concurrent Start) (G1 Humongous Allocation)
[2024-08-23T15:51:27.865+0800] GC(548) Using 6 workers of 6 for evacuation
[2024-08-23T15:51:27.866+0800] GC(548)   Pre Evacuate Collection Set: 0.1ms
[2024-08-23T15:51:27.866+0800] GC(548)   Merge Heap Roots: 0.1ms
[2024-08-23T15:51:27.866+0800] GC(548)   Evacuate Collection Set: 0.1ms
[2024-08-23T15:51:27.866+0800] GC(548)   Post Evacuate Collection Set: 0.5ms
[2024-08-23T15:51:27.866+0800] GC(548)   Other: 0.1ms
[2024-08-23T15:51:27.866+0800] GC(548) Eden regions: 1->0(307)
[2024-08-23T15:51:27.866+0800] GC(548) Survivor regions: 0->0(39)
[2024-08-23T15:51:27.866+0800] GC(548) Old regions: 1->1
[2024-08-23T15:51:27.866+0800] GC(548) Archive regions: 0->0
[2024-08-23T15:51:27.866+0800] GC(548) Humongous regions: 226->22
[2024-08-23T15:51:27.866+0800] GC(548) Metaspace: 307K(512K)->307K(512K) NonClass: 300K(384K)->300K(384K) Class: 7K(128K)->7K(128K)
[2024-08-23T15:51:27.866+0800] GC(548) Pause Young (Concurrent Start) (G1 Humongous Allocation) 227M->22M(512M) 0.965ms
[2024-08-23T15:51:27.866+0800] GC(548) User=0.00s Sys=0.00s Real=0.00s
[2024-08-23T15:51:27.866+0800] GC(549) Concurrent Undo Cycle
[2024-08-23T15:51:27.866+0800] GC(549) Concurrent Cleanup for Next Mark
[2024-08-23T15:51:27.866+0800] GC(549) Concurrent Cleanup for Next Mark 0.266ms
[2024-08-23T15:51:27.866+0800] GC(549) Concurrent Undo Cycle 0.332ms
[2024-08-23T15:51:29.939+0800] GC(550) Pause Young (Concurrent Start) (G1 Humongous Allocation)
[2024-08-23T15:51:29.939+0800] GC(550) Using 6 workers of 6 for evacuation
[2024-08-23T15:51:29.939+0800] GC(550)   Pre Evacuate Collection Set: 0.0ms
[2024-08-23T15:51:29.939+0800] GC(550)   Merge Heap Roots: 0.0ms
[2024-08-23T15:51:29.939+0800] GC(550)   Evacuate Collection Set: 0.1ms
[2024-08-23T15:51:29.939+0800] GC(550)   Post Evacuate Collection Set: 0.1ms
[2024-08-23T15:51:29.939+0800] GC(550)   Other: 0.1ms
[2024-08-23T15:51:29.939+0800] GC(550) Eden regions: 1->0(307)
[2024-08-23T15:51:29.939+0800] GC(550) Survivor regions: 0->0(39)
[2024-08-23T15:51:29.939+0800] GC(550) Old regions: 1->1
[2024-08-23T15:51:29.939+0800] GC(550) Archive regions: 0->0
[2024-08-23T15:51:29.939+0800] GC(550) Humongous regions: 177->68
[2024-08-23T15:51:29.939+0800] GC(550) Metaspace: 307K(512K)->307K(512K) NonClass: 300K(384K)->300K(384K) Class: 7K(128K)->7K(128K)
[2024-08-23T15:51:29.939+0800] GC(550) Pause Young (Concurrent Start) (G1 Humongous Allocation) 178M->68M(512M) 0.476ms
[2024-08-23T15:51:29.939+0800] GC(550) User=0.00s Sys=0.00s Real=0.00s
[2024-08-23T15:51:29.939+0800] GC(551) Concurrent Undo Cycle
[2024-08-23T15:51:29.939+0800] GC(551) Concurrent Cleanup for Next Mark
[2024-08-23T15:51:29.939+0800] GC(551) Concurrent Cleanup for Next Mark 0.285ms
[2024-08-23T15:51:29.940+0800] GC(551) Concurrent Undo Cycle 0.365ms
[2024-08-23T15:51:31.030+0800] GC(552) Pause Young (Concurrent Start) (G1 Humongous Allocation)
[2024-08-23T15:51:31.030+0800] GC(552) Using 6 workers of 6 for evacuation
[2024-08-23T15:51:31.030+0800] GC(552)   Pre Evacuate Collection Set: 0.1ms
[2024-08-23T15:51:31.030+0800] GC(552)   Merge Heap Roots: 0.1ms
[2024-08-23T15:51:31.030+0800] GC(552)   Evacuate Collection Set: 0.1ms
[2024-08-23T15:51:31.030+0800] GC(552)   Post Evacuate Collection Set: 0.4ms
[2024-08-23T15:51:31.030+0800] GC(552)   Other: 0.1ms
[2024-08-23T15:51:31.030+0800] GC(552) Eden regions: 1->0(307)
[2024-08-23T15:51:31.030+0800] GC(552) Survivor regions: 0->0(39)
[2024-08-23T15:51:31.030+0800] GC(552) Old regions: 1->1
[2024-08-23T15:51:31.030+0800] GC(552) Archive regions: 0->0
[2024-08-23T15:51:31.030+0800] GC(552) Humongous regions: 220->34
[2024-08-23T15:51:31.030+0800] GC(552) Metaspace: 307K(512K)->307K(512K) NonClass: 300K(384K)->300K(384K) Class: 7K(128K)->7K(128K)
[2024-08-23T15:51:31.030+0800] GC(552) Pause Young (Concurrent Start) (G1 Humongous Allocation) 221M->34M(512M) 0.947ms
[2024-08-23T15:51:31.030+0800] GC(552) User=0.00s Sys=0.00s Real=0.00s
[2024-08-23T15:51:31.030+0800] GC(553) Concurrent Undo Cycle
[2024-08-23T15:51:31.030+0800] GC(553) Concurrent Cleanup for Next Mark
[2024-08-23T15:51:31.032+0800] GC(553) Concurrent Cleanup for Next Mark 0.326ms
[2024-08-23T15:51:31.032+0800] GC(553) Concurrent Undo Cycle 0.395ms
[2024-08-23T15:51:31.795+0800] GC(554) Pause Young (Concurrent Start) (G1 Humongous Allocation)
[2024-08-23T15:51:31.795+0800] GC(554) Using 6 workers of 6 for evacuation
[2024-08-23T15:51:31.795+0800] GC(554)   Pre Evacuate Collection Set: 0.1ms
[2024-08-23T15:51:31.795+0800] GC(554)   Merge Heap Roots: 0.1ms
[2024-08-23T15:51:31.795+0800] GC(554)   Evacuate Collection Set: 0.1ms
[2024-08-23T15:51:31.795+0800] GC(554)   Post Evacuate Collection Set: 0.4ms
[2024-08-23T15:51:31.795+0800] GC(554)   Other: 0.1ms
[2024-08-23T15:51:31.795+0800] GC(554) Eden regions: 1->0(307)
[2024-08-23T15:51:31.795+0800] GC(554) Survivor regions: 0->0(39)
[2024-08-23T15:51:31.795+0800] GC(554) Old regions: 1->1
[2024-08-23T15:51:31.795+0800] GC(554) Archive regions: 0->0
[2024-08-23T15:51:31.795+0800] GC(554) Humongous regions: 228->50
[2024-08-23T15:51:31.795+0800] GC(554) Metaspace: 307K(512K)->307K(512K) NonClass: 300K(384K)->300K(384K) Class: 7K(128K)->7K(128K)
[2024-08-23T15:51:31.795+0800] GC(554) Pause Young (Concurrent Start) (G1 Humongous Allocation) 229M->50M(512M) 0.913ms
[2024-08-23T15:51:31.795+0800] GC(554) User=0.00s Sys=0.00s Real=0.00s
[2024-08-23T15:51:31.795+0800] GC(555) Concurrent Undo Cycle
[2024-08-23T15:51:31.795+0800] GC(555) Concurrent Cleanup for Next Mark
[2024-08-23T15:51:31.795+0800] GC(555) Concurrent Cleanup for Next Mark 0.235ms
[2024-08-23T15:51:31.795+0800] GC(555) Concurrent Undo Cycle 0.288ms
[2024-08-23T15:51:32.775+0800] GC(556) Pause Young (Concurrent Start) (G1 Humongous Allocation)
[2024-08-23T15:51:32.775+0800] GC(556) Using 6 workers of 6 for evacuation
[2024-08-23T15:51:32.775+0800] GC(556)   Pre Evacuate Collection Set: 0.1ms
[2024-08-23T15:51:32.775+0800] GC(556)   Merge Heap Roots: 0.0ms
[2024-08-23T15:51:32.775+0800] GC(556)   Evacuate Collection Set: 0.1ms
[2024-08-23T15:51:32.775+0800] GC(556)   Post Evacuate Collection Set: 0.1ms
[2024-08-23T15:51:32.775+0800] GC(556)   Other: 0.1ms
[2024-08-23T15:51:32.775+0800] GC(556) Eden regions: 1->0(307)
[2024-08-23T15:51:32.775+0800] GC(556) Survivor regions: 0->0(39)
[2024-08-23T15:51:32.775+0800] GC(556) Old regions: 1->1
[2024-08-23T15:51:32.775+0800] GC(556) Archive regions: 0->0
[2024-08-23T15:51:32.775+0800] GC(556) Humongous regions: 134->51
[2024-08-23T15:51:32.775+0800] GC(556) Metaspace: 307K(512K)->307K(512K) NonClass: 300K(384K)->300K(384K) Class: 7K(128K)->7K(128K)
[2024-08-23T15:51:32.775+0800] GC(556) Pause Young (Concurrent Start) (G1 Humongous Allocation) 135M->51M(512M) 0.507ms
[2024-08-23T15:51:32.775+0800] GC(556) User=0.00s Sys=0.00s Real=0.00s
[2024-08-23T15:51:32.775+0800] GC(557) Concurrent Undo Cycle
[2024-08-23T15:51:32.775+0800] GC(557) Concurrent Cleanup for Next Mark
[2024-08-23T15:51:32.776+0800] GC(557) Concurrent Cleanup for Next Mark 0.232ms
[2024-08-23T15:51:32.776+0800] GC(557) Concurrent Undo Cycle 0.302ms
[2024-08-23T15:51:33.975+0800] GC(558) Pause Young (Concurrent Start) (G1 Humongous Allocation)
[2024-08-23T15:51:33.975+0800] GC(558) Using 6 workers of 6 for evacuation
[2024-08-23T15:51:33.976+0800] GC(558)   Pre Evacuate Collection Set: 0.1ms
[2024-08-23T15:51:33.976+0800] GC(558)   Merge Heap Roots: 0.1ms
[2024-08-23T15:51:33.976+0800] GC(558)   Evacuate Collection Set: 0.1ms
[2024-08-23T15:51:33.976+0800] GC(558)   Post Evacuate Collection Set: 0.4ms
[2024-08-23T15:51:33.976+0800] GC(558)   Other: 0.1ms
[2024-08-23T15:51:33.976+0800] GC(558) Eden regions: 1->0(307)
[2024-08-23T15:51:33.976+0800] GC(558) Survivor regions: 0->0(39)
[2024-08-23T15:51:33.976+0800] GC(558) Old regions: 1->1
[2024-08-23T15:51:33.976+0800] GC(558) Archive regions: 0->0
[2024-08-23T15:51:33.976+0800] GC(558) Humongous regions: 214->68
[2024-08-23T15:51:33.976+0800] GC(558) Metaspace: 307K(512K)->307K(512K) NonClass: 300K(384K)->300K(384K) Class: 7K(128K)->7K(128K)
[2024-08-23T15:51:33.976+0800] GC(558) Pause Young (Concurrent Start) (G1 Humongous Allocation) 215M->68M(512M) 0.922ms
[2024-08-23T15:51:33.976+0800] GC(558) User=0.00s Sys=0.00s Real=0.00s
[2024-08-23T15:51:33.976+0800] GC(559) Concurrent Undo Cycle
[2024-08-23T15:51:33.976+0800] GC(559) Concurrent Cleanup for Next Mark
[2024-08-23T15:51:33.976+0800] GC(559) Concurrent Cleanup for Next Mark 0.285ms
[2024-08-23T15:51:33.976+0800] GC(559) Concurrent Undo Cycle 0.356ms
[2024-08-23T15:51:34.195+0800] GC(560) Pause Young (Concurrent Start) (G1 Humongous Allocation)
[2024-08-23T15:51:34.195+0800] GC(560) Using 6 workers of 6 for evacuation
[2024-08-23T15:51:34.195+0800] GC(560)   Pre Evacuate Collection Set: 0.1ms
[2024-08-23T15:51:34.195+0800] GC(560)   Merge Heap Roots: 0.1ms
[2024-08-23T15:51:34.195+0800] GC(560)   Evacuate Collection Set: 0.1ms
[2024-08-23T15:51:34.195+0800] GC(560)   Post Evacuate Collection Set: 0.3ms
[2024-08-23T15:51:34.195+0800] GC(560)   Other: 0.1ms
[2024-08-23T15:51:34.195+0800] GC(560) Eden regions: 1->0(307)
[2024-08-23T15:51:34.195+0800] GC(560) Survivor regions: 0->0(39)
[2024-08-23T15:51:34.195+0800] GC(560) Old regions: 1->1
[2024-08-23T15:51:34.195+0800] GC(560) Archive regions: 0->0
[2024-08-23T15:51:34.195+0800] GC(560) Humongous regions: 140->108
[2024-08-23T15:51:34.195+0800] GC(560) Metaspace: 307K(512K)->307K(512K) NonClass: 300K(384K)->300K(384K) Class: 7K(128K)->7K(128K)
[2024-08-23T15:51:34.195+0800] GC(560) Pause Young (Concurrent Start) (G1 Humongous Allocation) 141M->108M(512M) 0.758ms
[2024-08-23T15:51:34.195+0800] GC(560) User=0.00s Sys=0.00s Real=0.00s
[2024-08-23T15:51:34.196+0800] GC(561) Concurrent Undo Cycle
[2024-08-23T15:51:34.196+0800] GC(561) Concurrent Cleanup for Next Mark
[2024-08-23T15:51:34.196+0800] GC(561) Concurrent Cleanup for Next Mark 0.283ms
[2024-08-23T15:51:34.196+0800] GC(561) Concurrent Undo Cycle 0.355ms
[2024-08-23T15:51:34.739+0800] GC(562) Pause Young (Concurrent Start) (G1 Humongous Allocation)
[2024-08-23T15:51:34.739+0800] GC(562) Using 6 workers of 6 for evacuation
[2024-08-23T15:51:34.740+0800] GC(562)   Pre Evacuate Collection Set: 0.1ms
[2024-08-23T15:51:34.740+0800] GC(562)   Merge Heap Roots: 0.1ms
[2024-08-23T15:51:34.740+0800] GC(562)   Evacuate Collection Set: 0.1ms
[2024-08-23T15:51:34.740+0800] GC(562)   Post Evacuate Collection Set: 0.4ms
[2024-08-23T15:51:34.740+0800] GC(562)   Other: 0.1ms
[2024-08-23T15:51:34.740+0800] GC(562) Eden regions: 1->0(294)
[2024-08-23T15:51:34.740+0800] GC(562) Survivor regions: 0->0(39)
[2024-08-23T15:51:34.740+0800] GC(562) Old regions: 1->1
[2024-08-23T15:51:34.740+0800] GC(562) Archive regions: 0->0
[2024-08-23T15:51:34.740+0800] GC(562) Humongous regions: 225->164
[2024-08-23T15:51:34.740+0800] GC(562) Metaspace: 307K(512K)->307K(512K) NonClass: 300K(384K)->300K(384K) Class: 7K(128K)->7K(128K)
[2024-08-23T15:51:34.740+0800] GC(562) Pause Young (Concurrent Start) (G1 Humongous Allocation) 226M->164M(512M) 0.918ms
[2024-08-23T15:51:34.740+0800] GC(562) User=0.00s Sys=0.00s Real=0.00s
[2024-08-23T15:51:34.740+0800] GC(563) Concurrent Undo Cycle
[2024-08-23T15:51:34.740+0800] GC(563) Concurrent Cleanup for Next Mark
[2024-08-23T15:51:34.740+0800] GC(563) Concurrent Cleanup for Next Mark 0.260ms
[2024-08-23T15:51:34.740+0800] GC(563) Concurrent Undo Cycle 0.342ms
[2024-08-23T15:51:35.390+0800] GC(564) Pause Young (Concurrent Start) (G1 Humongous Allocation)
[2024-08-23T15:51:35.390+0800] GC(564) Using 6 workers of 6 for evacuation
[2024-08-23T15:51:35.390+0800] GC(564)   Pre Evacuate Collection Set: 0.1ms
[2024-08-23T15:51:35.390+0800] GC(564)   Merge Heap Roots: 0.1ms
[2024-08-23T15:51:35.390+0800] GC(564)   Evacuate Collection Set: 0.2ms
[2024-08-23T15:51:35.390+0800] GC(564)   Post Evacuate Collection Set: 0.3ms
[2024-08-23T15:51:35.390+0800] GC(564)   Other: 0.1ms
[2024-08-23T15:51:35.390+0800] GC(564) Eden regions: 1->0(283)
[2024-08-23T15:51:35.390+0800] GC(564) Survivor regions: 0->0(37)
[2024-08-23T15:51:35.391+0800] GC(564) Old regions: 1->1
[2024-08-23T15:51:35.391+0800] GC(564) Archive regions: 0->0
[2024-08-23T15:51:35.391+0800] GC(564) Humongous regions: 210->175
[2024-08-23T15:51:35.391+0800] GC(564) Metaspace: 307K(512K)->307K(512K) NonClass: 300K(384K)->300K(384K) Class: 7K(128K)->7K(128K)
[2024-08-23T15:51:35.391+0800] GC(564) Pause Young (Concurrent Start) (G1 Humongous Allocation) 211M->175M(512M) 0.870ms
[2024-08-23T15:51:35.391+0800] GC(564) User=0.00s Sys=0.00s Real=0.00s
[2024-08-23T15:51:35.391+0800] GC(565) Concurrent Undo Cycle
[2024-08-23T15:51:35.391+0800] GC(565) Concurrent Cleanup for Next Mark
[2024-08-23T15:51:35.391+0800] GC(565) Concurrent Cleanup for Next Mark 0.239ms
[2024-08-23T15:51:35.391+0800] GC(565) Concurrent Undo Cycle 0.308ms
[2024-08-23T15:51:35.499+0800] GC(566) Pause Young (Concurrent Start) (G1 Humongous Allocation)
[2024-08-23T15:51:35.499+0800] GC(566) Using 6 workers of 6 for evacuation
[2024-08-23T15:51:35.499+0800] GC(566)   Pre Evacuate Collection Set: 0.1ms
[2024-08-23T15:51:35.499+0800] GC(566)   Merge Heap Roots: 0.1ms
[2024-08-23T15:51:35.500+0800] GC(566)   Evacuate Collection Set: 0.1ms
[2024-08-23T15:51:35.500+0800] GC(566)   Post Evacuate Collection Set: 0.4ms
[2024-08-23T15:51:35.500+0800] GC(566)   Other: 0.1ms
[2024-08-23T15:51:35.500+0800] GC(566) Eden regions: 1->0(273)
[2024-08-23T15:51:35.500+0800] GC(566) Survivor regions: 0->0(36)
[2024-08-23T15:51:35.500+0800] GC(566) Old regions: 1->1
[2024-08-23T15:51:35.500+0800] GC(566) Archive regions: 0->0
[2024-08-23T15:51:35.500+0800] GC(566) Humongous regions: 196->185
[2024-08-23T15:51:35.500+0800] GC(566) Metaspace: 307K(512K)->307K(512K) NonClass: 300K(384K)->300K(384K) Class: 7K(128K)->7K(128K)
[2024-08-23T15:51:35.500+0800] GC(566) Pause Young (Concurrent Start) (G1 Humongous Allocation) 197M->185M(512M) 0.940ms
[2024-08-23T15:51:35.500+0800] GC(566) User=0.00s Sys=0.00s Real=0.00s
[2024-08-23T15:51:35.500+0800] GC(567) Concurrent Undo Cycle
[2024-08-23T15:51:35.500+0800] GC(567) Concurrent Cleanup for Next Mark
[2024-08-23T15:51:35.500+0800] GC(567) Concurrent Cleanup for Next Mark 0.229ms
[2024-08-23T15:51:35.500+0800] GC(567) Concurrent Undo Cycle 0.297ms
[2024-08-23T15:51:35.608+0800] GC(568) Pause Young (Concurrent Start) (G1 Humongous Allocation)
[2024-08-23T15:51:35.608+0800] GC(568) Using 6 workers of 6 for evacuation
[2024-08-23T15:51:35.609+0800] GC(568)   Pre Evacuate Collection Set: 0.1ms
[2024-08-23T15:51:35.609+0800] GC(568)   Merge Heap Roots: 0.1ms
[2024-08-23T15:51:35.609+0800] GC(568)   Evacuate Collection Set: 0.1ms
[2024-08-23T15:51:35.609+0800] GC(568)   Post Evacuate Collection Set: 0.4ms
[2024-08-23T15:51:35.609+0800] GC(568)   Other: 0.1ms
[2024-08-23T15:51:35.609+0800] GC(568) Eden regions: 1->0(243)
[2024-08-23T15:51:35.609+0800] GC(568) Survivor regions: 0->0(35)
[2024-08-23T15:51:35.609+0800] GC(568) Old regions: 1->1
[2024-08-23T15:51:35.609+0800] GC(568) Archive regions: 0->0
[2024-08-23T15:51:35.609+0800] GC(568) Humongous regions: 236->215
[2024-08-23T15:51:35.609+0800] GC(568) Metaspace: 307K(512K)->307K(512K) NonClass: 300K(384K)->300K(384K) Class: 7K(128K)->7K(128K)
[2024-08-23T15:51:35.609+0800] GC(568) Pause Young (Concurrent Start) (G1 Humongous Allocation) 237M->215M(512M) 0.898ms
[2024-08-23T15:51:35.609+0800] GC(568) User=0.00s Sys=0.00s Real=0.00s
[2024-08-23T15:51:35.609+0800] GC(569) Concurrent Undo Cycle
[2024-08-23T15:51:35.609+0800] GC(569) Concurrent Cleanup for Next Mark
[2024-08-23T15:51:35.609+0800] GC(569) Concurrent Cleanup for Next Mark 0.285ms
[2024-08-23T15:51:35.609+0800] GC(569) Concurrent Undo Cycle 0.358ms
[2024-08-23T15:51:35.716+0800] GC(570) Pause Young (Concurrent Start) (G1 Humongous Allocation)
[2024-08-23T15:51:35.716+0800] GC(570) Using 6 workers of 6 for evacuation
[2024-08-23T15:51:35.716+0800] GC(570)   Pre Evacuate Collection Set: 0.1ms
[2024-08-23T15:51:35.716+0800] GC(570)   Merge Heap Roots: 0.1ms
[2024-08-23T15:51:35.716+0800] GC(570)   Evacuate Collection Set: 0.2ms
[2024-08-23T15:51:35.716+0800] GC(570)   Post Evacuate Collection Set: 0.3ms
[2024-08-23T15:51:35.716+0800] GC(570)   Other: 0.1ms
[2024-08-23T15:51:35.716+0800] GC(570) Eden regions: 1->0(193)
[2024-08-23T15:51:35.716+0800] GC(570) Survivor regions: 0->0(31)
[2024-08-23T15:51:35.716+0800] GC(570) Old regions: 1->1
[2024-08-23T15:51:35.716+0800] GC(570) Archive regions: 0->0
[2024-08-23T15:51:35.716+0800] GC(570) Humongous regions: 316->265
[2024-08-23T15:51:35.716+0800] GC(570) Metaspace: 307K(512K)->307K(512K) NonClass: 300K(384K)->300K(384K) Class: 7K(128K)->7K(128K)
[2024-08-23T15:51:35.716+0800] GC(570) Pause Young (Concurrent Start) (G1 Humongous Allocation) 317M->265M(512M) 0.785ms
[2024-08-23T15:51:35.716+0800] GC(570) User=0.00s Sys=0.00s Real=0.00s
[2024-08-23T15:51:35.716+0800] GC(571) Concurrent Mark Cycle
[2024-08-23T15:51:35.716+0800] GC(571) Concurrent Clear Claimed Marks
[2024-08-23T15:51:35.716+0800] GC(571) Concurrent Clear Claimed Marks 0.010ms
[2024-08-23T15:51:35.716+0800] GC(571) Concurrent Scan Root Regions
[2024-08-23T15:51:35.716+0800] GC(571) Concurrent Scan Root Regions 0.008ms
[2024-08-23T15:51:35.716+0800] GC(571) Concurrent Mark
[2024-08-23T15:51:35.716+0800] GC(571) Concurrent Mark From Roots
[2024-08-23T15:51:35.716+0800] GC(571) Using 2 workers of 2 for marking
[2024-08-23T15:51:35.717+0800] GC(571) Concurrent Mark From Roots 0.936ms
[2024-08-23T15:51:35.717+0800] GC(571) Concurrent Preclean
[2024-08-23T15:51:35.717+0800] GC(571) Concurrent Preclean 0.046ms
[2024-08-23T15:51:35.717+0800] GC(571) Pause Remark
[2024-08-23T15:51:35.718+0800] GC(571) Pause Remark 268M->268M(512M) 0.521ms
[2024-08-23T15:51:35.718+0800] GC(571) User=0.00s Sys=0.00s Real=0.00s
[2024-08-23T15:51:35.718+0800] GC(571) Concurrent Mark 1.615ms
[2024-08-23T15:51:35.718+0800] GC(571) Concurrent Rebuild Remembered Sets
[2024-08-23T15:51:35.718+0800] GC(571) Concurrent Rebuild Remembered Sets 0.420ms
[2024-08-23T15:51:35.718+0800] GC(571) Pause Cleanup
[2024-08-23T15:51:35.719+0800] GC(571) Pause Cleanup 268M->268M(512M) 0.085ms
[2024-08-23T15:51:35.719+0800] GC(571) User=0.00s Sys=0.00s Real=0.00s
[2024-08-23T15:51:35.719+0800] GC(571) Concurrent Cleanup for Next Mark
[2024-08-23T15:51:35.719+0800] GC(571) Concurrent Cleanup for Next Mark 0.208ms
[2024-08-23T15:51:35.719+0800] GC(571) Concurrent Mark Cycle 2.506ms
[2024-08-23T15:51:36.371+0800] GC(572) Pause Young (Concurrent Start) (G1 Humongous Allocation)
[2024-08-23T15:51:36.371+0800] GC(572) Using 6 workers of 6 for evacuation
[2024-08-23T15:51:36.371+0800] GC(572)   Pre Evacuate Collection Set: 0.1ms
[2024-08-23T15:51:36.371+0800] GC(572)   Merge Heap Roots: 0.0ms
[2024-08-23T15:51:36.371+0800] GC(572)   Evacuate Collection Set: 0.1ms
[2024-08-23T15:51:36.371+0800] GC(572)   Post Evacuate Collection Set: 0.2ms
[2024-08-23T15:51:36.371+0800] GC(572)   Other: 0.1ms
[2024-08-23T15:51:36.371+0800] GC(572) Eden regions: 1->0(307)
[2024-08-23T15:51:36.371+0800] GC(572) Survivor regions: 0->0(25)
[2024-08-23T15:51:36.371+0800] GC(572) Old regions: 1->1
[2024-08-23T15:51:36.371+0800] GC(572) Archive regions: 0->0
[2024-08-23T15:51:36.371+0800] GC(572) Humongous regions: 267->2
[2024-08-23T15:51:36.371+0800] GC(572) Metaspace: 302K(512K)->302K(512K) NonClass: 296K(384K)->296K(384K) Class: 6K(128K)->6K(128K)
[2024-08-23T15:51:36.371+0800] GC(572) Pause Young (Concurrent Start) (G1 Humongous Allocation) 268M->2M(512M) 0.660ms
[2024-08-23T15:51:36.371+0800] GC(572) User=0.00s Sys=0.00s Real=0.00s
[2024-08-23T15:51:36.371+0800] GC(573) Concurrent Undo Cycle
[2024-08-23T15:51:36.371+0800] GC(573) Concurrent Cleanup for Next Mark
[2024-08-23T15:51:36.371+0800] GC(573) Concurrent Cleanup for Next Mark 0.242ms
[2024-08-23T15:51:36.371+0800] GC(573) Concurrent Undo Cycle 0.316ms
[2024-08-23T15:51:37.570+0800] GC(574) Pause Young (Concurrent Start) (G1 Humongous Allocation)
[2024-08-23T15:51:37.570+0800] GC(574) Using 6 workers of 6 for evacuation
[2024-08-23T15:51:37.571+0800] GC(574)   Pre Evacuate Collection Set: 0.1ms
[2024-08-23T15:51:37.571+0800] GC(574)   Merge Heap Roots: 0.1ms
[2024-08-23T15:51:37.571+0800] GC(574)   Evacuate Collection Set: 0.1ms
[2024-08-23T15:51:37.571+0800] GC(574)   Post Evacuate Collection Set: 0.4ms
[2024-08-23T15:51:37.571+0800] GC(574)   Other: 0.1ms
[2024-08-23T15:51:37.571+0800] GC(574) Eden regions: 1->0(307)
[2024-08-23T15:51:37.571+0800] GC(574) Survivor regions: 0->0(39)
[2024-08-23T15:51:37.571+0800] GC(574) Old regions: 1->1
[2024-08-23T15:51:37.571+0800] GC(574) Archive regions: 0->0
[2024-08-23T15:51:37.571+0800] GC(574) Humongous regions: 225->14
[2024-08-23T15:51:37.571+0800] GC(574) Metaspace: 302K(512K)->302K(512K) NonClass: 296K(384K)->296K(384K) Class: 6K(128K)->6K(128K)
[2024-08-23T15:51:37.571+0800] GC(574) Pause Young (Concurrent Start) (G1 Humongous Allocation) 226M->14M(512M) 0.949ms
[2024-08-23T15:51:37.571+0800] GC(574) User=0.00s Sys=0.00s Real=0.00s
[2024-08-23T15:51:37.571+0800] GC(575) Concurrent Undo Cycle
[2024-08-23T15:51:37.571+0800] GC(575) Concurrent Cleanup for Next Mark
[2024-08-23T15:51:37.571+0800] GC(575) Concurrent Cleanup for Next Mark 0.256ms
[2024-08-23T15:51:37.571+0800] GC(575) Concurrent Undo Cycle 0.322ms
[2024-08-23T15:51:38.443+0800] GC(576) Pause Young (Concurrent Start) (G1 Humongous Allocation)
[2024-08-23T15:51:38.443+0800] GC(576) Using 6 workers of 6 for evacuation
[2024-08-23T15:51:38.444+0800] GC(576)   Pre Evacuate Collection Set: 0.1ms
[2024-08-23T15:51:38.444+0800] GC(576)   Merge Heap Roots: 0.1ms
[2024-08-23T15:51:38.444+0800] GC(576)   Evacuate Collection Set: 0.3ms
[2024-08-23T15:51:38.444+0800] GC(576)   Post Evacuate Collection Set: 0.4ms
[2024-08-23T15:51:38.444+0800] GC(576)   Other: 0.1ms
[2024-08-23T15:51:38.444+0800] GC(576) Eden regions: 1->0(307)
[2024-08-23T15:51:38.444+0800] GC(576) Survivor regions: 0->0(39)
[2024-08-23T15:51:38.444+0800] GC(576) Old regions: 1->1
[2024-08-23T15:51:38.444+0800] GC(576) Archive regions: 0->0
[2024-08-23T15:51:38.444+0800] GC(576) Humongous regions: 132->70
[2024-08-23T15:51:38.444+0800] GC(576) Metaspace: 302K(512K)->302K(512K) NonClass: 296K(384K)->296K(384K) Class: 6K(128K)->6K(128K)
[2024-08-23T15:51:38.444+0800] GC(576) Pause Young (Concurrent Start) (G1 Humongous Allocation) 133M->70M(512M) 1.010ms
[2024-08-23T15:51:38.444+0800] GC(576) User=0.00s Sys=0.00s Real=0.00s
[2024-08-23T15:51:38.444+0800] GC(577) Concurrent Undo Cycle
[2024-08-23T15:51:38.444+0800] GC(577) Concurrent Cleanup for Next Mark
[2024-08-23T15:51:38.444+0800] GC(577) Concurrent Cleanup for Next Mark 0.228ms
[2024-08-23T15:51:38.444+0800] GC(577) Concurrent Undo Cycle 0.282ms
[2024-08-23T15:51:39.538+0800] GC(578) Pause Young (Concurrent Start) (G1 Humongous Allocation)
[2024-08-23T15:51:39.538+0800] GC(578) Using 6 workers of 6 for evacuation
[2024-08-23T15:51:39.539+0800] GC(578)   Pre Evacuate Collection Set: 0.1ms
[2024-08-23T15:51:39.539+0800] GC(578)   Merge Heap Roots: 0.1ms
[2024-08-23T15:51:39.539+0800] GC(578)   Evacuate Collection Set: 0.2ms
[2024-08-23T15:51:39.539+0800] GC(578)   Post Evacuate Collection Set: 0.4ms
[2024-08-23T15:51:39.539+0800] GC(578)   Other: 0.2ms
[2024-08-23T15:51:39.539+0800] GC(578) Eden regions: 1->0(307)
[2024-08-23T15:51:39.539+0800] GC(578) Survivor regions: 0->0(39)
[2024-08-23T15:51:39.539+0800] GC(578) Old regions: 1->1
[2024-08-23T15:51:39.539+0800] GC(578) Archive regions: 0->0
[2024-08-23T15:51:39.539+0800] GC(578) Humongous regions: 222->36
[2024-08-23T15:51:39.539+0800] GC(578) Metaspace: 302K(512K)->302K(512K) NonClass: 296K(384K)->296K(384K) Class: 6K(128K)->6K(128K)
[2024-08-23T15:51:39.539+0800] GC(578) Pause Young (Concurrent Start) (G1 Humongous Allocation) 223M->36M(512M) 1.029ms
[2024-08-23T15:51:39.539+0800] GC(578) User=0.00s Sys=0.00s Real=0.00s
[2024-08-23T15:51:39.539+0800] GC(579) Concurrent Undo Cycle
[2024-08-23T15:51:39.539+0800] GC(579) Concurrent Cleanup for Next Mark
[2024-08-23T15:51:39.539+0800] GC(579) Concurrent Cleanup for Next Mark 0.251ms
[2024-08-23T15:51:39.539+0800] GC(579) Concurrent Undo Cycle 0.320ms
[2024-08-23T15:51:41.284+0800] GC(580) Pause Young (Concurrent Start) (G1 Humongous Allocation)
[2024-08-23T15:51:41.284+0800] GC(580) Using 6 workers of 6 for evacuation
[2024-08-23T15:51:41.284+0800] GC(580)   Pre Evacuate Collection Set: 0.1ms
[2024-08-23T15:51:41.284+0800] GC(580)   Merge Heap Roots: 0.1ms
[2024-08-23T15:51:41.284+0800] GC(580)   Evacuate Collection Set: 0.1ms
[2024-08-23T15:51:41.284+0800] GC(580)   Post Evacuate Collection Set: 0.3ms
[2024-08-23T15:51:41.284+0800] GC(580)   Other: 0.1ms
[2024-08-23T15:51:41.284+0800] GC(580) Eden regions: 1->0(307)
[2024-08-23T15:51:41.284+0800] GC(580) Survivor regions: 0->0(39)
[2024-08-23T15:51:41.284+0800] GC(580) Old regions: 1->1
[2024-08-23T15:51:41.284+0800] GC(580) Archive regions: 0->0
[2024-08-23T15:51:41.284+0800] GC(580) Humongous regions: 177->78
[2024-08-23T15:51:41.284+0800] GC(580) Metaspace: 302K(512K)->302K(512K) NonClass: 296K(384K)->296K(384K) Class: 6K(128K)->6K(128K)
[2024-08-23T15:51:41.284+0800] GC(580) Pause Young (Concurrent Start) (G1 Humongous Allocation) 178M->78M(512M) 0.747ms
[2024-08-23T15:51:41.284+0800] GC(580) User=0.00s Sys=0.00s Real=0.00s
[2024-08-23T15:51:41.284+0800] GC(581) Concurrent Undo Cycle
[2024-08-23T15:51:41.284+0800] GC(581) Concurrent Cleanup for Next Mark
[2024-08-23T15:51:41.285+0800] GC(581) Concurrent Cleanup for Next Mark 0.243ms
[2024-08-23T15:51:41.285+0800] GC(581) Concurrent Undo Cycle 0.307ms
[2024-08-23T15:51:42.372+0800] GC(582) Pause Young (Concurrent Start) (G1 Humongous Allocation)
[2024-08-23T15:51:42.372+0800] GC(582) Using 6 workers of 6 for evacuation
[2024-08-23T15:51:42.372+0800] GC(582)   Pre Evacuate Collection Set: 0.1ms
[2024-08-23T15:51:42.372+0800] GC(582)   Merge Heap Roots: 0.1ms
[2024-08-23T15:51:42.372+0800] GC(582)   Evacuate Collection Set: 0.1ms
[2024-08-23T15:51:42.372+0800] GC(582)   Post Evacuate Collection Set: 0.3ms
[2024-08-23T15:51:42.372+0800] GC(582)   Other: 0.1ms
[2024-08-23T15:51:42.372+0800] GC(582) Eden regions: 1->0(307)
[2024-08-23T15:51:42.372+0800] GC(582) Survivor regions: 0->0(39)
[2024-08-23T15:51:42.372+0800] GC(582) Old regions: 1->1
[2024-08-23T15:51:42.372+0800] GC(582) Archive regions: 0->0
[2024-08-23T15:51:42.372+0800] GC(582) Humongous regions: 230->44
[2024-08-23T15:51:42.372+0800] GC(582) Metaspace: 302K(512K)->302K(512K) NonClass: 296K(384K)->296K(384K) Class: 6K(128K)->6K(128K)
[2024-08-23T15:51:42.372+0800] GC(582) Pause Young (Concurrent Start) (G1 Humongous Allocation) 231M->44M(512M) 0.779ms
[2024-08-23T15:51:42.372+0800] GC(582) User=0.00s Sys=0.00s Real=0.00s
[2024-08-23T15:51:42.373+0800] GC(583) Concurrent Undo Cycle
[2024-08-23T15:51:42.373+0800] GC(583) Concurrent Cleanup for Next Mark
[2024-08-23T15:51:42.373+0800] GC(583) Concurrent Cleanup for Next Mark 0.258ms
[2024-08-23T15:51:42.373+0800] GC(583) Concurrent Undo Cycle 0.336ms
[2024-08-23T15:51:42.916+0800] GC(584) Pause Young (Concurrent Start) (G1 Humongous Allocation)
[2024-08-23T15:51:42.916+0800] GC(584) Using 6 workers of 6 for evacuation
[2024-08-23T15:51:42.917+0800] GC(584)   Pre Evacuate Collection Set: 0.1ms
[2024-08-23T15:51:42.917+0800] GC(584)   Merge Heap Roots: 0.1ms
[2024-08-23T15:51:42.917+0800] GC(584)   Evacuate Collection Set: 0.1ms
[2024-08-23T15:51:42.917+0800] GC(584)   Post Evacuate Collection Set: 0.2ms
[2024-08-23T15:51:42.917+0800] GC(584)   Other: 0.1ms
[2024-08-23T15:51:42.917+0800] GC(584) Eden regions: 1->0(307)
[2024-08-23T15:51:42.917+0800] GC(584) Survivor regions: 0->0(39)
[2024-08-23T15:51:42.917+0800] GC(584) Old regions: 1->1
[2024-08-23T15:51:42.917+0800] GC(584) Archive regions: 0->0
[2024-08-23T15:51:42.917+0800] GC(584) Humongous regions: 230->86
[2024-08-23T15:51:42.917+0800] GC(584) Metaspace: 302K(512K)->302K(512K) NonClass: 296K(384K)->296K(384K) Class: 6K(128K)->6K(128K)
[2024-08-23T15:51:42.917+0800] GC(584) Pause Young (Concurrent Start) (G1 Humongous Allocation) 231M->86M(512M) 0.671ms
[2024-08-23T15:51:42.917+0800] GC(584) User=0.00s Sys=0.00s Real=0.00s
[2024-08-23T15:51:42.917+0800] GC(585) Concurrent Undo Cycle
[2024-08-23T15:51:42.917+0800] GC(585) Concurrent Cleanup for Next Mark
[2024-08-23T15:51:42.917+0800] GC(585) Concurrent Cleanup for Next Mark 0.221ms
[2024-08-23T15:51:42.917+0800] GC(585) Concurrent Undo Cycle 0.271ms
[2024-08-23T15:51:44.117+0800] GC(586) Pause Young (Concurrent Start) (G1 Humongous Allocation)
[2024-08-23T15:51:44.117+0800] GC(586) Using 6 workers of 6 for evacuation
[2024-08-23T15:51:44.117+0800] GC(586)   Pre Evacuate Collection Set: 0.0ms
[2024-08-23T15:51:44.117+0800] GC(586)   Merge Heap Roots: 0.0ms
[2024-08-23T15:51:44.117+0800] GC(586)   Evacuate Collection Set: 0.1ms
[2024-08-23T15:51:44.117+0800] GC(586)   Post Evacuate Collection Set: 0.1ms
[2024-08-23T15:51:44.117+0800] GC(586)   Other: 0.1ms
[2024-08-23T15:51:44.117+0800] GC(586) Eden regions: 1->0(307)
[2024-08-23T15:51:44.117+0800] GC(586) Survivor regions: 0->0(39)
[2024-08-23T15:51:44.117+0800] GC(586) Old regions: 1->1
[2024-08-23T15:51:44.117+0800] GC(586) Archive regions: 0->0
[2024-08-23T15:51:44.117+0800] GC(586) Humongous regions: 163->51
[2024-08-23T15:51:44.117+0800] GC(586) Metaspace: 302K(512K)->302K(512K) NonClass: 296K(384K)->296K(384K) Class: 6K(128K)->6K(128K)
[2024-08-23T15:51:44.117+0800] GC(586) Pause Young (Concurrent Start) (G1 Humongous Allocation) 164M->51M(512M) 0.499ms
[2024-08-23T15:51:44.117+0800] GC(586) User=0.00s Sys=0.00s Real=0.00s
[2024-08-23T15:51:44.117+0800] GC(587) Concurrent Undo Cycle
[2024-08-23T15:51:44.117+0800] GC(587) Concurrent Cleanup for Next Mark
[2024-08-23T15:51:44.117+0800] GC(587) Concurrent Cleanup for Next Mark 0.249ms
[2024-08-23T15:51:44.118+0800] GC(587) Concurrent Undo Cycle 0.318ms
[2024-08-23T15:51:45.313+0800] GC(588) Pause Young (Concurrent Start) (G1 Humongous Allocation)
[2024-08-23T15:51:45.313+0800] GC(588) Using 6 workers of 6 for evacuation
[2024-08-23T15:51:45.313+0800] GC(588)   Pre Evacuate Collection Set: 0.1ms
[2024-08-23T15:51:45.314+0800] GC(588)   Merge Heap Roots: 0.1ms
[2024-08-23T15:51:45.314+0800] GC(588)   Evacuate Collection Set: 0.1ms
[2024-08-23T15:51:45.314+0800] GC(588)   Post Evacuate Collection Set: 0.4ms
[2024-08-23T15:51:45.314+0800] GC(588)   Other: 0.1ms
[2024-08-23T15:51:45.314+0800] GC(588) Eden regions: 1->0(307)
[2024-08-23T15:51:45.314+0800] GC(588) Survivor regions: 0->0(39)
[2024-08-23T15:51:45.314+0800] GC(588) Old regions: 1->1
[2024-08-23T15:51:45.314+0800] GC(588) Archive regions: 0->0
[2024-08-23T15:51:45.314+0800] GC(588) Humongous regions: 214->118
[2024-08-23T15:51:45.314+0800] GC(588) Metaspace: 302K(512K)->302K(512K) NonClass: 296K(384K)->296K(384K) Class: 6K(128K)->6K(128K)
[2024-08-23T15:51:45.314+0800] GC(588) Pause Young (Concurrent Start) (G1 Humongous Allocation) 215M->118M(512M) 0.827ms
[2024-08-23T15:51:45.314+0800] GC(588) User=0.00s Sys=0.00s Real=0.00s
[2024-08-23T15:51:45.314+0800] GC(589) Concurrent Undo Cycle
[2024-08-23T15:51:45.314+0800] GC(589) Concurrent Cleanup for Next Mark
[2024-08-23T15:51:45.314+0800] GC(589) Concurrent Cleanup for Next Mark 0.258ms
[2024-08-23T15:51:45.314+0800] GC(589) Concurrent Undo Cycle 0.328ms
[2024-08-23T15:51:45.532+0800] GC(590) Pause Young (Concurrent Start) (G1 Humongous Allocation)
[2024-08-23T15:51:45.532+0800] GC(590) Using 6 workers of 6 for evacuation
[2024-08-23T15:51:45.532+0800] GC(590)   Pre Evacuate Collection Set: 0.0ms
[2024-08-23T15:51:45.532+0800] GC(590)   Merge Heap Roots: 0.0ms
[2024-08-23T15:51:45.532+0800] GC(590)   Evacuate Collection Set: 0.1ms
[2024-08-23T15:51:45.532+0800] GC(590)   Post Evacuate Collection Set: 0.1ms
[2024-08-23T15:51:45.532+0800] GC(590)   Other: 0.1ms
[2024-08-23T15:51:45.532+0800] GC(590) Eden regions: 1->0(300)
[2024-08-23T15:51:45.532+0800] GC(590) Survivor regions: 0->0(39)
[2024-08-23T15:51:45.532+0800] GC(590) Old regions: 1->1
[2024-08-23T15:51:45.532+0800] GC(590) Archive regions: 0->0
[2024-08-23T15:51:45.532+0800] GC(590) Humongous regions: 190->158
[2024-08-23T15:51:45.532+0800] GC(590) Metaspace: 302K(512K)->302K(512K) NonClass: 296K(384K)->296K(384K) Class: 6K(128K)->6K(128K)
[2024-08-23T15:51:45.532+0800] GC(590) Pause Young (Concurrent Start) (G1 Humongous Allocation) 191M->158M(512M) 0.473ms
[2024-08-23T15:51:45.532+0800] GC(590) User=0.00s Sys=0.00s Real=0.00s
[2024-08-23T15:51:45.532+0800] GC(591) Concurrent Undo Cycle
[2024-08-23T15:51:45.532+0800] GC(591) Concurrent Cleanup for Next Mark
[2024-08-23T15:51:45.532+0800] GC(591) Concurrent Cleanup for Next Mark 0.232ms
[2024-08-23T15:51:45.532+0800] GC(591) Concurrent Undo Cycle 0.295ms
[2024-08-23T15:51:45.643+0800] GC(592) Pause Young (Concurrent Start) (G1 Humongous Allocation)
[2024-08-23T15:51:45.643+0800] GC(592) Using 6 workers of 6 for evacuation
[2024-08-23T15:51:45.643+0800] GC(592)   Pre Evacuate Collection Set: 0.0ms
[2024-08-23T15:51:45.643+0800] GC(592)   Merge Heap Roots: 0.0ms
[2024-08-23T15:51:45.643+0800] GC(592)   Evacuate Collection Set: 0.1ms
[2024-08-23T15:51:45.643+0800] GC(592)   Post Evacuate Collection Set: 0.1ms
[2024-08-23T15:51:45.643+0800] GC(592)   Other: 0.1ms
[2024-08-23T15:51:45.643+0800] GC(592) Eden regions: 1->0(250)
[2024-08-23T15:51:45.643+0800] GC(592) Survivor regions: 0->0(38)
[2024-08-23T15:51:45.643+0800] GC(592) Old regions: 1->1
[2024-08-23T15:51:45.643+0800] GC(592) Archive regions: 0->0
[2024-08-23T15:51:45.643+0800] GC(592) Humongous regions: 259->208
[2024-08-23T15:51:45.643+0800] GC(592) Metaspace: 302K(512K)->302K(512K) NonClass: 296K(384K)->296K(384K) Class: 6K(128K)->6K(128K)
[2024-08-23T15:51:45.643+0800] GC(592) Pause Young (Concurrent Start) (G1 Humongous Allocation) 260M->208M(512M) 0.491ms
[2024-08-23T15:51:45.643+0800] GC(592) User=0.00s Sys=0.00s Real=0.00s
[2024-08-23T15:51:45.643+0800] GC(593) Concurrent Undo Cycle
[2024-08-23T15:51:45.643+0800] GC(593) Concurrent Cleanup for Next Mark
[2024-08-23T15:51:45.643+0800] GC(593) Concurrent Cleanup for Next Mark 0.187ms
[2024-08-23T15:51:45.643+0800] GC(593) Concurrent Undo Cycle 0.228ms
[2024-08-23T15:51:46.188+0800] GC(594) Pause Young (Concurrent Start) (G1 Humongous Allocation)
[2024-08-23T15:51:46.188+0800] GC(594) Using 6 workers of 6 for evacuation
[2024-08-23T15:51:46.188+0800] GC(594)   Pre Evacuate Collection Set: 0.0ms
[2024-08-23T15:51:46.188+0800] GC(594)   Merge Heap Roots: 0.0ms
[2024-08-23T15:51:46.188+0800] GC(594)   Evacuate Collection Set: 0.1ms
[2024-08-23T15:51:46.188+0800] GC(594)   Post Evacuate Collection Set: 0.1ms
[2024-08-23T15:51:46.188+0800] GC(594)   Other: 0.1ms
[2024-08-23T15:51:46.188+0800] GC(594) Eden regions: 1->0(307)
[2024-08-23T15:51:46.188+0800] GC(594) Survivor regions: 0->0(32)
[2024-08-23T15:51:46.188+0800] GC(594) Old regions: 1->1
[2024-08-23T15:51:46.188+0800] GC(594) Archive regions: 0->0
[2024-08-23T15:51:46.188+0800] GC(594) Humongous regions: 230->115
[2024-08-23T15:51:46.188+0800] GC(594) Metaspace: 302K(512K)->302K(512K) NonClass: 296K(384K)->296K(384K) Class: 6K(128K)->6K(128K)
[2024-08-23T15:51:46.188+0800] GC(594) Pause Young (Concurrent Start) (G1 Humongous Allocation) 231M->115M(512M) 0.531ms
[2024-08-23T15:51:46.188+0800] GC(594) User=0.00s Sys=0.00s Real=0.00s
[2024-08-23T15:51:46.188+0800] GC(595) Concurrent Undo Cycle
[2024-08-23T15:51:46.188+0800] GC(595) Concurrent Cleanup for Next Mark
[2024-08-23T15:51:46.188+0800] GC(595) Concurrent Cleanup for Next Mark 0.234ms
[2024-08-23T15:51:46.188+0800] GC(595) Concurrent Undo Cycle 0.287ms
[2024-08-23T15:51:46.949+0800] GC(596) Pause Young (Concurrent Start) (G1 Humongous Allocation)
[2024-08-23T15:51:46.949+0800] GC(596) Using 6 workers of 6 for evacuation
[2024-08-23T15:51:46.949+0800] GC(596)   Pre Evacuate Collection Set: 0.0ms
[2024-08-23T15:51:46.949+0800] GC(596)   Merge Heap Roots: 0.0ms
[2024-08-23T15:51:46.949+0800] GC(596)   Evacuate Collection Set: 0.1ms
[2024-08-23T15:51:46.949+0800] GC(596)   Post Evacuate Collection Set: 0.1ms
[2024-08-23T15:51:46.949+0800] GC(596)   Other: 0.1ms
[2024-08-23T15:51:46.949+0800] GC(596) Eden regions: 1->0(292)
[2024-08-23T15:51:46.949+0800] GC(596) Survivor regions: 0->0(39)
[2024-08-23T15:51:46.949+0800] GC(596) Old regions: 1->1
[2024-08-23T15:51:46.949+0800] GC(596) Archive regions: 0->0
[2024-08-23T15:51:46.949+0800] GC(596) Humongous regions: 227->166
[2024-08-23T15:51:46.949+0800] GC(596) Metaspace: 302K(512K)->302K(512K) NonClass: 296K(384K)->296K(384K) Class: 6K(128K)->6K(128K)
[2024-08-23T15:51:46.949+0800] GC(596) Pause Young (Concurrent Start) (G1 Humongous Allocation) 228M->166M(512M) 0.476ms
[2024-08-23T15:51:46.949+0800] GC(596) User=0.00s Sys=0.00s Real=0.00s
[2024-08-23T15:51:46.949+0800] GC(597) Concurrent Undo Cycle
[2024-08-23T15:51:46.949+0800] GC(597) Concurrent Cleanup for Next Mark
[2024-08-23T15:51:46.949+0800] GC(597) Concurrent Cleanup for Next Mark 0.236ms
[2024-08-23T15:51:46.949+0800] GC(597) Concurrent Undo Cycle 0.299ms
[2024-08-23T15:51:47.056+0800] GC(598) Pause Young (Concurrent Start) (G1 Humongous Allocation)
[2024-08-23T15:51:47.056+0800] GC(598) Using 6 workers of 6 for evacuation
[2024-08-23T15:51:47.056+0800] GC(598)   Pre Evacuate Collection Set: 0.0ms
[2024-08-23T15:51:47.056+0800] GC(598)   Merge Heap Roots: 0.0ms
[2024-08-23T15:51:47.056+0800] GC(598)   Evacuate Collection Set: 0.1ms
[2024-08-23T15:51:47.056+0800] GC(598)   Post Evacuate Collection Set: 0.1ms
[2024-08-23T15:51:47.056+0800] GC(598)   Other: 0.1ms
[2024-08-23T15:51:47.056+0800] GC(598) Eden regions: 1->0(242)
[2024-08-23T15:51:47.056+0800] GC(598) Survivor regions: 0->0(37)
[2024-08-23T15:51:47.057+0800] GC(598) Old regions: 1->1
[2024-08-23T15:51:47.057+0800] GC(598) Archive regions: 0->0
[2024-08-23T15:51:47.057+0800] GC(598) Humongous regions: 267->216
[2024-08-23T15:51:47.057+0800] GC(598) Metaspace: 302K(512K)->302K(512K) NonClass: 296K(384K)->296K(384K) Class: 6K(128K)->6K(128K)
[2024-08-23T15:51:47.057+0800] GC(598) Pause Young (Concurrent Start) (G1 Humongous Allocation) 268M->216M(512M) 0.461ms
[2024-08-23T15:51:47.057+0800] GC(598) User=0.00s Sys=0.00s Real=0.00s
[2024-08-23T15:51:47.057+0800] GC(599) Concurrent Undo Cycle
[2024-08-23T15:51:47.057+0800] GC(599) Concurrent Cleanup for Next Mark
[2024-08-23T15:51:47.057+0800] GC(599) Concurrent Cleanup for Next Mark 0.198ms
[2024-08-23T15:51:47.057+0800] GC(599) Concurrent Undo Cycle 0.250ms
[2024-08-23T15:51:47.923+0800] GC(600) Pause Young (Concurrent Start) (G1 Humongous Allocation)
[2024-08-23T15:51:47.923+0800] GC(600) Using 6 workers of 6 for evacuation
[2024-08-23T15:51:47.923+0800] GC(600)   Pre Evacuate Collection Set: 0.1ms
[2024-08-23T15:51:47.923+0800] GC(600)   Merge Heap Roots: 0.1ms
[2024-08-23T15:51:47.923+0800] GC(600)   Evacuate Collection Set: 0.1ms
[2024-08-23T15:51:47.923+0800] GC(600)   Post Evacuate Collection Set: 0.3ms
[2024-08-23T15:51:47.923+0800] GC(600)   Other: 0.1ms
[2024-08-23T15:51:47.923+0800] GC(600) Eden regions: 1->0(307)
[2024-08-23T15:51:47.923+0800] GC(600) Survivor regions: 0->0(31)
[2024-08-23T15:51:47.923+0800] GC(600) Old regions: 1->1
[2024-08-23T15:51:47.923+0800] GC(600) Archive regions: 0->0
[2024-08-23T15:51:47.923+0800] GC(600) Humongous regions: 226->6
[2024-08-23T15:51:47.923+0800] GC(600) Metaspace: 302K(512K)->302K(512K) NonClass: 296K(384K)->296K(384K) Class: 6K(128K)->6K(128K)
[2024-08-23T15:51:47.923+0800] GC(600) Pause Young (Concurrent Start) (G1 Humongous Allocation) 227M->6M(512M) 0.847ms
[2024-08-23T15:51:47.923+0800] GC(600) User=0.00s Sys=0.00s Real=0.00s
[2024-08-23T15:51:47.923+0800] GC(601) Concurrent Undo Cycle
[2024-08-23T15:51:47.923+0800] GC(601) Concurrent Cleanup for Next Mark
[2024-08-23T15:51:47.924+0800] GC(601) Concurrent Cleanup for Next Mark 0.248ms
[2024-08-23T15:51:47.924+0800] GC(601) Concurrent Undo Cycle 0.314ms
[2024-08-23T15:51:49.115+0800] GC(602) Pause Young (Concurrent Start) (G1 Humongous Allocation)
[2024-08-23T15:51:49.115+0800] GC(602) Using 6 workers of 6 for evacuation
[2024-08-23T15:51:49.115+0800] GC(602)   Pre Evacuate Collection Set: 0.1ms
[2024-08-23T15:51:49.115+0800] GC(602)   Merge Heap Roots: 0.1ms
[2024-08-23T15:51:49.115+0800] GC(602)   Evacuate Collection Set: 0.1ms
[2024-08-23T15:51:49.115+0800] GC(602)   Post Evacuate Collection Set: 0.2ms
[2024-08-23T15:51:49.115+0800] GC(602)   Other: 0.1ms
[2024-08-23T15:51:49.115+0800] GC(602) Eden regions: 1->0(307)
[2024-08-23T15:51:49.115+0800] GC(602) Survivor regions: 0->0(39)
[2024-08-23T15:51:49.115+0800] GC(602) Old regions: 1->1
[2024-08-23T15:51:49.115+0800] GC(602) Archive regions: 0->0
[2024-08-23T15:51:49.115+0800] GC(602) Humongous regions: 229->23
[2024-08-23T15:51:49.115+0800] GC(602) Metaspace: 302K(512K)->302K(512K) NonClass: 296K(384K)->296K(384K) Class: 6K(128K)->6K(128K)
[2024-08-23T15:51:49.115+0800] GC(602) Pause Young (Concurrent Start) (G1 Humongous Allocation) 230M->23M(512M) 0.658ms
[2024-08-23T15:51:49.115+0800] GC(602) User=0.00s Sys=0.00s Real=0.00s
[2024-08-23T15:51:49.115+0800] GC(603) Concurrent Undo Cycle
[2024-08-23T15:51:49.115+0800] GC(603) Concurrent Cleanup for Next Mark
[2024-08-23T15:51:49.116+0800] GC(603) Concurrent Cleanup for Next Mark 0.259ms
[2024-08-23T15:51:49.116+0800] GC(603) Concurrent Undo Cycle 0.314ms
[2024-08-23T15:51:49.881+0800] GC(604) Pause Young (Concurrent Start) (G1 Humongous Allocation)
[2024-08-23T15:51:49.881+0800] GC(604) Using 6 workers of 6 for evacuation
[2024-08-23T15:51:49.881+0800] GC(604)   Pre Evacuate Collection Set: 0.1ms
[2024-08-23T15:51:49.881+0800] GC(604)   Merge Heap Roots: 0.1ms
[2024-08-23T15:51:49.881+0800] GC(604)   Evacuate Collection Set: 0.2ms
[2024-08-23T15:51:49.881+0800] GC(604)   Post Evacuate Collection Set: 0.4ms
[2024-08-23T15:51:49.881+0800] GC(604)   Other: 0.1ms
[2024-08-23T15:51:49.881+0800] GC(604) Eden regions: 1->0(307)
[2024-08-23T15:51:49.881+0800] GC(604) Survivor regions: 0->0(39)
[2024-08-23T15:51:49.881+0800] GC(604) Old regions: 1->1
[2024-08-23T15:51:49.881+0800] GC(604) Archive regions: 0->0
[2024-08-23T15:51:49.881+0800] GC(604) Humongous regions: 230->129
[2024-08-23T15:51:49.881+0800] GC(604) Metaspace: 302K(512K)->302K(512K) NonClass: 296K(384K)->296K(384K) Class: 6K(128K)->6K(128K)
[2024-08-23T15:51:49.881+0800] GC(604) Pause Young (Concurrent Start) (G1 Humongous Allocation) 231M->129M(512M) 0.988ms
[2024-08-23T15:51:49.881+0800] GC(604) User=0.00s Sys=0.00s Real=0.00s
[2024-08-23T15:51:49.881+0800] GC(605) Concurrent Undo Cycle
[2024-08-23T15:51:49.881+0800] GC(605) Concurrent Cleanup for Next Mark
[2024-08-23T15:51:49.882+0800] GC(605) Concurrent Cleanup for Next Mark 0.261ms
[2024-08-23T15:51:49.882+0800] GC(605) Concurrent Undo Cycle 0.308ms
[2024-08-23T15:51:51.951+0800] GC(606) Pause Young (Concurrent Start) (G1 Humongous Allocation)
[2024-08-23T15:51:51.951+0800] GC(606) Using 6 workers of 6 for evacuation
[2024-08-23T15:51:51.952+0800] GC(606)   Pre Evacuate Collection Set: 0.1ms
[2024-08-23T15:51:51.952+0800] GC(606)   Merge Heap Roots: 0.1ms
[2024-08-23T15:51:51.952+0800] GC(606)   Evacuate Collection Set: 0.1ms
[2024-08-23T15:51:51.952+0800] GC(606)   Post Evacuate Collection Set: 0.2ms
[2024-08-23T15:51:51.952+0800] GC(606)   Other: 0.1ms
[2024-08-23T15:51:51.952+0800] GC(606) Eden regions: 1->0(307)
[2024-08-23T15:51:51.952+0800] GC(606) Survivor regions: 0->0(39)
[2024-08-23T15:51:51.952+0800] GC(606) Old regions: 1->1
[2024-08-23T15:51:51.952+0800] GC(606) Archive regions: 0->0
[2024-08-23T15:51:51.952+0800] GC(606) Humongous regions: 230->12
[2024-08-23T15:51:51.952+0800] GC(606) Metaspace: 302K(512K)->302K(512K) NonClass: 296K(384K)->296K(384K) Class: 6K(128K)->6K(128K)
[2024-08-23T15:51:51.952+0800] GC(606) Pause Young (Concurrent Start) (G1 Humongous Allocation) 231M->12M(512M) 0.643ms
[2024-08-23T15:51:51.952+0800] GC(606) User=0.00s Sys=0.00s Real=0.00s
[2024-08-23T15:51:51.952+0800] GC(607) Concurrent Undo Cycle
[2024-08-23T15:51:51.952+0800] GC(607) Concurrent Cleanup for Next Mark
[2024-08-23T15:51:51.952+0800] GC(607) Concurrent Cleanup for Next Mark 0.252ms
[2024-08-23T15:51:51.952+0800] GC(607) Concurrent Undo Cycle 0.304ms
[2024-08-23T15:51:53.046+0800] GC(608) Pause Young (Concurrent Start) (G1 Humongous Allocation)
[2024-08-23T15:51:53.046+0800] GC(608) Using 6 workers of 6 for evacuation
[2024-08-23T15:51:53.046+0800] GC(608)   Pre Evacuate Collection Set: 0.1ms
[2024-08-23T15:51:53.046+0800] GC(608)   Merge Heap Roots: 0.1ms
[2024-08-23T15:51:53.046+0800] GC(608)   Evacuate Collection Set: 0.1ms
[2024-08-23T15:51:53.046+0800] GC(608)   Post Evacuate Collection Set: 0.4ms
[2024-08-23T15:51:53.046+0800] GC(608)   Other: 0.1ms
[2024-08-23T15:51:53.046+0800] GC(608) Eden regions: 1->0(306)
[2024-08-23T15:51:53.046+0800] GC(608) Survivor regions: 0->1(39)
[2024-08-23T15:51:53.046+0800] GC(608) Old regions: 1->1
[2024-08-23T15:51:53.046+0800] GC(608) Archive regions: 0->0
[2024-08-23T15:51:53.046+0800] GC(608) Humongous regions: 229->63
[2024-08-23T15:51:53.046+0800] GC(608) Metaspace: 302K(512K)->302K(512K) NonClass: 296K(384K)->296K(384K) Class: 6K(128K)->6K(128K)
[2024-08-23T15:51:53.046+0800] GC(608) Pause Young (Concurrent Start) (G1 Humongous Allocation) 230M->63M(512M) 1.022ms
[2024-08-23T15:51:53.046+0800] GC(608) User=0.00s Sys=0.00s Real=0.00s
[2024-08-23T15:51:53.046+0800] GC(609) Concurrent Undo Cycle
[2024-08-23T15:51:53.046+0800] GC(609) Concurrent Cleanup for Next Mark
[2024-08-23T15:51:53.046+0800] GC(609) Concurrent Cleanup for Next Mark 0.242ms
[2024-08-23T15:51:53.046+0800] GC(609) Concurrent Undo Cycle 0.315ms
[2024-08-23T15:51:54.028+0800] GC(610) Pause Young (Concurrent Start) (G1 Humongous Allocation)
[2024-08-23T15:51:54.028+0800] GC(610) Using 6 workers of 6 for evacuation
[2024-08-23T15:51:54.028+0800] GC(610)   Pre Evacuate Collection Set: 0.1ms
[2024-08-23T15:51:54.028+0800] GC(610)   Merge Heap Roots: 0.1ms
[2024-08-23T15:51:54.029+0800] GC(610)   Evacuate Collection Set: 0.1ms
[2024-08-23T15:51:54.029+0800] GC(610)   Post Evacuate Collection Set: 0.1ms
[2024-08-23T15:51:54.029+0800] GC(610)   Other: 0.1ms
[2024-08-23T15:51:54.029+0800] GC(610) Eden regions: 1->0(306)
[2024-08-23T15:51:54.029+0800] GC(610) Survivor regions: 1->1(39)
[2024-08-23T15:51:54.029+0800] GC(610) Old regions: 1->1
[2024-08-23T15:51:54.029+0800] GC(610) Archive regions: 0->0
[2024-08-23T15:51:54.029+0800] GC(610) Humongous regions: 187->114
[2024-08-23T15:51:54.029+0800] GC(610) Metaspace: 302K(512K)->302K(512K) NonClass: 296K(384K)->296K(384K) Class: 6K(128K)->6K(128K)
[2024-08-23T15:51:54.029+0800] GC(610) Pause Young (Concurrent Start) (G1 Humongous Allocation) 188M->114M(512M) 0.570ms
[2024-08-23T15:51:54.029+0800] GC(610) User=0.00s Sys=0.00s Real=0.00s
[2024-08-23T15:51:54.029+0800] GC(611) Concurrent Undo Cycle
[2024-08-23T15:51:54.029+0800] GC(611) Concurrent Cleanup for Next Mark
[2024-08-23T15:51:54.029+0800] GC(611) Concurrent Cleanup for Next Mark 0.277ms
[2024-08-23T15:51:54.029+0800] GC(611) Concurrent Undo Cycle 0.349ms
[2024-08-23T15:51:54.465+0800] GC(612) Pause Young (Concurrent Start) (G1 Humongous Allocation)
[2024-08-23T15:51:54.465+0800] GC(612) Using 6 workers of 6 for evacuation
[2024-08-23T15:51:54.465+0800] GC(612)   Pre Evacuate Collection Set: 0.0ms
[2024-08-23T15:51:54.465+0800] GC(612)   Merge Heap Roots: 0.0ms
[2024-08-23T15:51:54.465+0800] GC(612)   Evacuate Collection Set: 0.1ms
[2024-08-23T15:51:54.465+0800] GC(612)   Post Evacuate Collection Set: 0.1ms
[2024-08-23T15:51:54.465+0800] GC(612)   Other: 0.1ms
[2024-08-23T15:51:54.465+0800] GC(612) Eden regions: 1->0(287)
[2024-08-23T15:51:54.465+0800] GC(612) Survivor regions: 1->1(39)
[2024-08-23T15:51:54.465+0800] GC(612) Old regions: 1->1
[2024-08-23T15:51:54.465+0800] GC(612) Archive regions: 0->0
[2024-08-23T15:51:54.465+0800] GC(612) Humongous regions: 225->170
[2024-08-23T15:51:54.465+0800] GC(612) Metaspace: 302K(512K)->302K(512K) NonClass: 296K(384K)->296K(384K) Class: 6K(128K)->6K(128K)
[2024-08-23T15:51:54.465+0800] GC(612) Pause Young (Concurrent Start) (G1 Humongous Allocation) 226M->170M(512M) 0.550ms
[2024-08-23T15:51:54.465+0800] GC(612) User=0.00s Sys=0.00s Real=0.00s
[2024-08-23T15:51:54.465+0800] GC(613) Concurrent Undo Cycle
[2024-08-23T15:51:54.465+0800] GC(613) Concurrent Cleanup for Next Mark
[2024-08-23T15:51:54.466+0800] GC(613) Concurrent Cleanup for Next Mark 0.427ms
[2024-08-23T15:51:54.466+0800] GC(613) Concurrent Undo Cycle 0.525ms
[2024-08-23T15:51:55.449+0800] GC(614) Pause Young (Concurrent Start) (G1 Humongous Allocation)
[2024-08-23T15:51:55.449+0800] GC(614) Using 6 workers of 6 for evacuation
[2024-08-23T15:51:55.449+0800] GC(614)   Pre Evacuate Collection Set: 0.1ms
[2024-08-23T15:51:55.449+0800] GC(614)   Merge Heap Roots: 0.1ms
[2024-08-23T15:51:55.449+0800] GC(614)   Evacuate Collection Set: 0.2ms
[2024-08-23T15:51:55.449+0800] GC(614)   Post Evacuate Collection Set: 0.4ms
[2024-08-23T15:51:55.449+0800] GC(614)   Other: 0.1ms
[2024-08-23T15:51:55.449+0800] GC(614) Eden regions: 1->0(306)
[2024-08-23T15:51:55.449+0800] GC(614) Survivor regions: 1->1(36)
[2024-08-23T15:51:55.449+0800] GC(614) Old regions: 1->1
[2024-08-23T15:51:55.449+0800] GC(614) Archive regions: 0->0
[2024-08-23T15:51:55.449+0800] GC(614) Humongous regions: 194->6
[2024-08-23T15:51:55.449+0800] GC(614) Metaspace: 302K(512K)->302K(512K) NonClass: 296K(384K)->296K(384K) Class: 6K(128K)->6K(128K)
[2024-08-23T15:51:55.449+0800] GC(614) Pause Young (Concurrent Start) (G1 Humongous Allocation) 195M->6M(512M) 1.026ms
[2024-08-23T15:51:55.449+0800] GC(614) User=0.00s Sys=0.00s Real=0.00s
[2024-08-23T15:51:55.449+0800] GC(615) Concurrent Undo Cycle
[2024-08-23T15:51:55.449+0800] GC(615) Concurrent Cleanup for Next Mark
[2024-08-23T15:51:55.449+0800] GC(615) Concurrent Cleanup for Next Mark 0.257ms
[2024-08-23T15:51:55.449+0800] GC(615) Concurrent Undo Cycle 0.316ms
[2024-08-23T15:51:56.759+0800] GC(616) Pause Young (Concurrent Start) (G1 Humongous Allocation)
[2024-08-23T15:51:56.759+0800] GC(616) Using 6 workers of 6 for evacuation
[2024-08-23T15:51:56.759+0800] GC(616)   Pre Evacuate Collection Set: 0.0ms
[2024-08-23T15:51:56.759+0800] GC(616)   Merge Heap Roots: 0.0ms
[2024-08-23T15:51:56.759+0800] GC(616)   Evacuate Collection Set: 0.1ms
[2024-08-23T15:51:56.759+0800] GC(616)   Post Evacuate Collection Set: 0.2ms
[2024-08-23T15:51:56.759+0800] GC(616)   Other: 0.1ms
[2024-08-23T15:51:56.759+0800] GC(616) Eden regions: 1->0(306)
[2024-08-23T15:51:56.759+0800] GC(616) Survivor regions: 1->1(39)
[2024-08-23T15:51:56.759+0800] GC(616) Old regions: 1->1
[2024-08-23T15:51:56.759+0800] GC(616) Archive regions: 0->0
[2024-08-23T15:51:56.759+0800] GC(616) Humongous regions: 190->29
[2024-08-23T15:51:56.759+0800] GC(616) Metaspace: 302K(512K)->302K(512K) NonClass: 296K(384K)->296K(384K) Class: 6K(128K)->6K(128K)
[2024-08-23T15:51:56.759+0800] GC(616) Pause Young (Concurrent Start) (G1 Humongous Allocation) 191M->29M(512M) 0.541ms
[2024-08-23T15:51:56.759+0800] GC(616) User=0.00s Sys=0.00s Real=0.00s
[2024-08-23T15:51:56.759+0800] GC(617) Concurrent Undo Cycle
[2024-08-23T15:51:56.759+0800] GC(617) Concurrent Cleanup for Next Mark
[2024-08-23T15:51:56.759+0800] GC(617) Concurrent Cleanup for Next Mark 0.268ms
[2024-08-23T15:51:56.759+0800] GC(617) Concurrent Undo Cycle 0.348ms
[2024-08-23T15:51:57.852+0800] GC(618) Pause Young (Concurrent Start) (G1 Humongous Allocation)
[2024-08-23T15:51:57.852+0800] GC(618) Using 6 workers of 6 for evacuation
[2024-08-23T15:51:57.852+0800] GC(618)   Pre Evacuate Collection Set: 0.1ms
[2024-08-23T15:51:57.852+0800] GC(618)   Merge Heap Roots: 0.0ms
[2024-08-23T15:51:57.852+0800] GC(618)   Evacuate Collection Set: 0.1ms
[2024-08-23T15:51:57.852+0800] GC(618)   Post Evacuate Collection Set: 0.2ms
[2024-08-23T15:51:57.853+0800] GC(618)   Other: 0.1ms
[2024-08-23T15:51:57.853+0800] GC(618) Eden regions: 1->0(306)
[2024-08-23T15:51:57.853+0800] GC(618) Survivor regions: 1->1(39)
[2024-08-23T15:51:57.853+0800] GC(618) Old regions: 1->1
[2024-08-23T15:51:57.853+0800] GC(618) Archive regions: 0->0
[2024-08-23T15:51:57.853+0800] GC(618) Humongous regions: 221->16
[2024-08-23T15:51:57.853+0800] GC(618) Metaspace: 302K(512K)->302K(512K) NonClass: 296K(384K)->296K(384K) Class: 6K(128K)->6K(128K)
[2024-08-23T15:51:57.853+0800] GC(618) Pause Young (Concurrent Start) (G1 Humongous Allocation) 222M->16M(512M) 0.675ms
[2024-08-23T15:51:57.853+0800] GC(618) User=0.00s Sys=0.00s Real=0.00s
[2024-08-23T15:51:57.853+0800] GC(619) Concurrent Undo Cycle
[2024-08-23T15:51:57.853+0800] GC(619) Concurrent Cleanup for Next Mark
[2024-08-23T15:51:57.853+0800] GC(619) Concurrent Cleanup for Next Mark 0.428ms
[2024-08-23T15:51:57.853+0800] GC(619) Concurrent Undo Cycle 0.520ms
[2024-08-23T15:51:59.269+0800] GC(620) Pause Young (Concurrent Start) (G1 Humongous Allocation)
[2024-08-23T15:51:59.269+0800] GC(620) Using 6 workers of 6 for evacuation
[2024-08-23T15:51:59.269+0800] GC(620)   Pre Evacuate Collection Set: 0.0ms
[2024-08-23T15:51:59.269+0800] GC(620)   Merge Heap Roots: 0.0ms
[2024-08-23T15:51:59.269+0800] GC(620)   Evacuate Collection Set: 0.1ms
[2024-08-23T15:51:59.269+0800] GC(620)   Post Evacuate Collection Set: 0.3ms
[2024-08-23T15:51:59.269+0800] GC(620)   Other: 0.1ms
[2024-08-23T15:51:59.269+0800] GC(620) Eden regions: 1->0(306)
[2024-08-23T15:51:59.269+0800] GC(620) Survivor regions: 1->1(39)
[2024-08-23T15:51:59.269+0800] GC(620) Old regions: 1->1
[2024-08-23T15:51:59.269+0800] GC(620) Archive regions: 0->0
[2024-08-23T15:51:59.269+0800] GC(620) Humongous regions: 221->6
[2024-08-23T15:51:59.269+0800] GC(620) Metaspace: 302K(512K)->302K(512K) NonClass: 296K(384K)->296K(384K) Class: 6K(128K)->6K(128K)
[2024-08-23T15:51:59.269+0800] GC(620) Pause Young (Concurrent Start) (G1 Humongous Allocation) 222M->6M(512M) 0.767ms
[2024-08-23T15:51:59.269+0800] GC(620) User=0.00s Sys=0.00s Real=0.00s
[2024-08-23T15:51:59.269+0800] GC(621) Concurrent Undo Cycle
[2024-08-23T15:51:59.269+0800] GC(621) Concurrent Cleanup for Next Mark
[2024-08-23T15:51:59.269+0800] GC(621) Concurrent Cleanup for Next Mark 0.310ms
[2024-08-23T15:51:59.269+0800] GC(621) Concurrent Undo Cycle 0.404ms
[2024-08-23T15:52:00.468+0800] GC(622) Pause Young (Concurrent Start) (G1 Humongous Allocation)
[2024-08-23T15:52:00.468+0800] GC(622) Using 6 workers of 6 for evacuation
[2024-08-23T15:52:00.468+0800] GC(622)   Pre Evacuate Collection Set: 0.0ms
[2024-08-23T15:52:00.468+0800] GC(622)   Merge Heap Roots: 0.0ms
[2024-08-23T15:52:00.468+0800] GC(622)   Evacuate Collection Set: 0.1ms
[2024-08-23T15:52:00.468+0800] GC(622)   Post Evacuate Collection Set: 0.2ms
[2024-08-23T15:52:00.468+0800] GC(622)   Other: 0.1ms
[2024-08-23T15:52:00.468+0800] GC(622) Eden regions: 1->0(306)
[2024-08-23T15:52:00.468+0800] GC(622) Survivor regions: 1->1(39)
[2024-08-23T15:52:00.468+0800] GC(622) Old regions: 1->1
[2024-08-23T15:52:00.468+0800] GC(622) Archive regions: 0->0
[2024-08-23T15:52:00.468+0800] GC(622) Humongous regions: 229->23
[2024-08-23T15:52:00.468+0800] GC(622) Metaspace: 302K(512K)->302K(512K) NonClass: 296K(384K)->296K(384K) Class: 6K(128K)->6K(128K)
[2024-08-23T15:52:00.468+0800] GC(622) Pause Young (Concurrent Start) (G1 Humongous Allocation) 230M->23M(512M) 0.662ms
[2024-08-23T15:52:00.468+0800] GC(622) User=0.00s Sys=0.00s Real=0.00s
[2024-08-23T15:52:00.468+0800] GC(623) Concurrent Undo Cycle
[2024-08-23T15:52:00.468+0800] GC(623) Concurrent Cleanup for Next Mark
[2024-08-23T15:52:00.469+0800] GC(623) Concurrent Cleanup for Next Mark 0.348ms
[2024-08-23T15:52:00.469+0800] GC(623) Concurrent Undo Cycle 0.412ms
[2024-08-23T15:52:01.231+0800] GC(624) Pause Young (Concurrent Start) (G1 Humongous Allocation)
[2024-08-23T15:52:01.231+0800] GC(624) Using 6 workers of 6 for evacuation
[2024-08-23T15:52:01.231+0800] GC(624)   Pre Evacuate Collection Set: 0.0ms
[2024-08-23T15:52:01.231+0800] GC(624)   Merge Heap Roots: 0.0ms
[2024-08-23T15:52:01.231+0800] GC(624)   Evacuate Collection Set: 0.1ms
[2024-08-23T15:52:01.231+0800] GC(624)   Post Evacuate Collection Set: 0.1ms
[2024-08-23T15:52:01.231+0800] GC(624)   Other: 0.1ms
[2024-08-23T15:52:01.231+0800] GC(624) Eden regions: 1->0(306)
[2024-08-23T15:52:01.231+0800] GC(624) Survivor regions: 1->1(39)
[2024-08-23T15:52:01.231+0800] GC(624) Old regions: 1->1
[2024-08-23T15:52:01.231+0800] GC(624) Archive regions: 0->0
[2024-08-23T15:52:01.231+0800] GC(624) Humongous regions: 230->139
[2024-08-23T15:52:01.231+0800] GC(624) Metaspace: 302K(512K)->302K(512K) NonClass: 296K(384K)->296K(384K) Class: 6K(128K)->6K(128K)
[2024-08-23T15:52:01.231+0800] GC(624) Pause Young (Concurrent Start) (G1 Humongous Allocation) 231M->139M(512M) 0.510ms
[2024-08-23T15:52:01.231+0800] GC(624) User=0.00s Sys=0.00s Real=0.00s
[2024-08-23T15:52:01.231+0800] GC(625) Concurrent Undo Cycle
[2024-08-23T15:52:01.231+0800] GC(625) Concurrent Cleanup for Next Mark
[2024-08-23T15:52:01.231+0800] GC(625) Concurrent Cleanup for Next Mark 0.237ms
[2024-08-23T15:52:01.231+0800] GC(625) Concurrent Undo Cycle 0.298ms
[2024-08-23T15:52:02.431+0800] GC(626) Pause Young (Concurrent Start) (G1 Humongous Allocation)
[2024-08-23T15:52:02.431+0800] GC(626) Using 6 workers of 6 for evacuation
[2024-08-23T15:52:02.431+0800] GC(626)   Pre Evacuate Collection Set: 0.1ms
[2024-08-23T15:52:02.431+0800] GC(626)   Merge Heap Roots: 0.1ms
[2024-08-23T15:52:02.431+0800] GC(626)   Evacuate Collection Set: 0.2ms
[2024-08-23T15:52:02.431+0800] GC(626)   Post Evacuate Collection Set: 0.3ms
[2024-08-23T15:52:02.431+0800] GC(626)   Other: 0.1ms
[2024-08-23T15:52:02.431+0800] GC(626) Eden regions: 1->0(306)
[2024-08-23T15:52:02.431+0800] GC(626) Survivor regions: 1->1(39)
[2024-08-23T15:52:02.431+0800] GC(626) Old regions: 1->1
[2024-08-23T15:52:02.431+0800] GC(626) Archive regions: 0->0
[2024-08-23T15:52:02.431+0800] GC(626) Humongous regions: 222->65
[2024-08-23T15:52:02.431+0800] GC(626) Metaspace: 302K(512K)->302K(512K) NonClass: 296K(384K)->296K(384K) Class: 6K(128K)->6K(128K)
[2024-08-23T15:52:02.431+0800] GC(626) Pause Young (Concurrent Start) (G1 Humongous Allocation) 223M->65M(512M) 0.881ms
[2024-08-23T15:52:02.431+0800] GC(626) User=0.00s Sys=0.00s Real=0.00s
[2024-08-23T15:52:02.431+0800] GC(627) Concurrent Undo Cycle
[2024-08-23T15:52:02.431+0800] GC(627) Concurrent Cleanup for Next Mark
[2024-08-23T15:52:02.431+0800] GC(627) Concurrent Cleanup for Next Mark 0.255ms
[2024-08-23T15:52:02.431+0800] GC(627) Concurrent Undo Cycle 0.322ms
[2024-08-23T15:52:03.839+0800] GC(628) Pause Young (Concurrent Start) (G1 Humongous Allocation)
[2024-08-23T15:52:03.839+0800] GC(628) Using 6 workers of 6 for evacuation
[2024-08-23T15:52:03.840+0800] GC(628)   Pre Evacuate Collection Set: 0.1ms
[2024-08-23T15:52:03.840+0800] GC(628)   Merge Heap Roots: 0.1ms
[2024-08-23T15:52:03.840+0800] GC(628)   Evacuate Collection Set: 0.2ms
[2024-08-23T15:52:03.840+0800] GC(628)   Post Evacuate Collection Set: 0.2ms
[2024-08-23T15:52:03.840+0800] GC(628)   Other: 0.1ms
[2024-08-23T15:52:03.840+0800] GC(628) Eden regions: 1->0(306)
[2024-08-23T15:52:03.840+0800] GC(628) Survivor regions: 1->1(39)
[2024-08-23T15:52:03.840+0800] GC(628) Old regions: 1->1
[2024-08-23T15:52:03.840+0800] GC(628) Archive regions: 0->0
[2024-08-23T15:52:03.840+0800] GC(628) Humongous regions: 183->27
[2024-08-23T15:52:03.840+0800] GC(628) Metaspace: 302K(512K)->302K(512K) NonClass: 296K(384K)->296K(384K) Class: 6K(128K)->6K(128K)
[2024-08-23T15:52:03.840+0800] GC(628) Pause Young (Concurrent Start) (G1 Humongous Allocation) 184M->27M(512M) 0.837ms
[2024-08-23T15:52:03.840+0800] GC(628) User=0.00s Sys=0.00s Real=0.00s
[2024-08-23T15:52:03.840+0800] GC(629) Concurrent Undo Cycle
[2024-08-23T15:52:03.840+0800] GC(629) Concurrent Cleanup for Next Mark
[2024-08-23T15:52:03.840+0800] GC(629) Concurrent Cleanup for Next Mark 0.277ms
[2024-08-23T15:52:03.840+0800] GC(629) Concurrent Undo Cycle 0.349ms
[2024-08-23T15:52:05.031+0800] GC(630) Pause Young (Concurrent Start) (G1 Humongous Allocation)
[2024-08-23T15:52:05.031+0800] GC(630) Using 6 workers of 6 for evacuation
[2024-08-23T15:52:05.031+0800] GC(630)   Pre Evacuate Collection Set: 0.1ms
[2024-08-23T15:52:05.031+0800] GC(630)   Merge Heap Roots: 0.1ms
[2024-08-23T15:52:05.031+0800] GC(630)   Evacuate Collection Set: 0.2ms
[2024-08-23T15:52:05.032+0800] GC(630)   Post Evacuate Collection Set: 0.3ms
[2024-08-23T15:52:05.032+0800] GC(630)   Other: 0.1ms
[2024-08-23T15:52:05.032+0800] GC(630) Eden regions: 1->0(306)
[2024-08-23T15:52:05.032+0800] GC(630) Survivor regions: 1->1(39)
[2024-08-23T15:52:05.032+0800] GC(630) Old regions: 1->1
[2024-08-23T15:52:05.032+0800] GC(630) Archive regions: 0->0
[2024-08-23T15:52:05.032+0800] GC(630) Humongous regions: 230->124
[2024-08-23T15:52:05.032+0800] GC(630) Metaspace: 302K(512K)->302K(512K) NonClass: 296K(384K)->296K(384K) Class: 6K(128K)->6K(128K)
[2024-08-23T15:52:05.032+0800] GC(630) Pause Young (Concurrent Start) (G1 Humongous Allocation) 231M->124M(512M) 0.890ms
[2024-08-23T15:52:05.032+0800] GC(630) User=0.00s Sys=0.00s Real=0.00s
[2024-08-23T15:52:05.032+0800] GC(631) Concurrent Undo Cycle
[2024-08-23T15:52:05.032+0800] GC(631) Concurrent Cleanup for Next Mark
[2024-08-23T15:52:05.032+0800] GC(631) Concurrent Cleanup for Next Mark 0.207ms
[2024-08-23T15:52:05.032+0800] GC(631) Concurrent Undo Cycle 0.272ms
[2024-08-23T15:52:05.356+0800] GC(632) Pause Young (Concurrent Start) (G1 Humongous Allocation)
[2024-08-23T15:52:05.356+0800] GC(632) Using 6 workers of 6 for evacuation
[2024-08-23T15:52:05.356+0800] GC(632)   Pre Evacuate Collection Set: 0.0ms
[2024-08-23T15:52:05.356+0800] GC(632)   Merge Heap Roots: 0.0ms
[2024-08-23T15:52:05.356+0800] GC(632)   Evacuate Collection Set: 0.1ms
[2024-08-23T15:52:05.356+0800] GC(632)   Post Evacuate Collection Set: 0.1ms
[2024-08-23T15:52:05.356+0800] GC(632)   Other: 0.1ms
[2024-08-23T15:52:05.356+0800] GC(632) Eden regions: 1->0(293)
[2024-08-23T15:52:05.356+0800] GC(632) Survivor regions: 1->1(39)
[2024-08-23T15:52:05.356+0800] GC(632) Old regions: 1->1
[2024-08-23T15:52:05.356+0800] GC(632) Archive regions: 0->0
[2024-08-23T15:52:05.356+0800] GC(632) Humongous regions: 207->164
[2024-08-23T15:52:05.356+0800] GC(632) Metaspace: 302K(512K)->302K(512K) NonClass: 296K(384K)->296K(384K) Class: 6K(128K)->6K(128K)
[2024-08-23T15:52:05.356+0800] GC(632) Pause Young (Concurrent Start) (G1 Humongous Allocation) 208M->164M(512M) 0.530ms
[2024-08-23T15:52:05.356+0800] GC(632) User=0.00s Sys=0.00s Real=0.00s
[2024-08-23T15:52:05.356+0800] GC(633) Concurrent Undo Cycle
[2024-08-23T15:52:05.356+0800] GC(633) Concurrent Cleanup for Next Mark
[2024-08-23T15:52:05.356+0800] GC(633) Concurrent Cleanup for Next Mark 0.315ms
[2024-08-23T15:52:05.356+0800] GC(633) Concurrent Undo Cycle 0.413ms
[2024-08-23T15:52:05.465+0800] GC(634) Pause Young (Concurrent Start) (G1 Humongous Allocation)
[2024-08-23T15:52:05.465+0800] GC(634) Using 6 workers of 6 for evacuation
[2024-08-23T15:52:05.465+0800] GC(634)   Pre Evacuate Collection Set: 0.1ms
[2024-08-23T15:52:05.465+0800] GC(634)   Merge Heap Roots: 0.0ms
[2024-08-23T15:52:05.465+0800] GC(634)   Evacuate Collection Set: 0.1ms
[2024-08-23T15:52:05.465+0800] GC(634)   Post Evacuate Collection Set: 0.1ms
[2024-08-23T15:52:05.465+0800] GC(634)   Other: 0.1ms
[2024-08-23T15:52:05.465+0800] GC(634) Eden regions: 1->0(243)
[2024-08-23T15:52:05.465+0800] GC(634) Survivor regions: 1->1(37)
[2024-08-23T15:52:05.465+0800] GC(634) Old regions: 1->1
[2024-08-23T15:52:05.465+0800] GC(634) Archive regions: 0->0
[2024-08-23T15:52:05.465+0800] GC(634) Humongous regions: 265->214
[2024-08-23T15:52:05.465+0800] GC(634) Metaspace: 302K(512K)->302K(512K) NonClass: 296K(384K)->296K(384K) Class: 6K(128K)->6K(128K)
[2024-08-23T15:52:05.465+0800] GC(634) Pause Young (Concurrent Start) (G1 Humongous Allocation) 266M->214M(512M) 0.622ms
[2024-08-23T15:52:05.465+0800] GC(634) User=0.00s Sys=0.00s Real=0.00s
[2024-08-23T15:52:05.465+0800] GC(635) Concurrent Undo Cycle
[2024-08-23T15:52:05.465+0800] GC(635) Concurrent Cleanup for Next Mark
[2024-08-23T15:52:05.465+0800] GC(635) Concurrent Cleanup for Next Mark 0.311ms
[2024-08-23T15:52:05.465+0800] GC(635) Concurrent Undo Cycle 0.396ms
[2024-08-23T15:52:05.897+0800] GC(636) Pause Young (Concurrent Start) (G1 Humongous Allocation)
[2024-08-23T15:52:05.897+0800] GC(636) Using 6 workers of 6 for evacuation
[2024-08-23T15:52:05.898+0800] GC(636)   Pre Evacuate Collection Set: 0.1ms
[2024-08-23T15:52:05.898+0800] GC(636)   Merge Heap Roots: 0.1ms
[2024-08-23T15:52:05.898+0800] GC(636)   Evacuate Collection Set: 0.2ms
[2024-08-23T15:52:05.898+0800] GC(636)   Post Evacuate Collection Set: 0.4ms
[2024-08-23T15:52:05.898+0800] GC(636)   Other: 0.1ms
[2024-08-23T15:52:05.898+0800] GC(636) Eden regions: 1->0(306)
[2024-08-23T15:52:05.898+0800] GC(636) Survivor regions: 1->1(31)
[2024-08-23T15:52:05.898+0800] GC(636) Old regions: 1->1
[2024-08-23T15:52:05.898+0800] GC(636) Archive regions: 0->0
[2024-08-23T15:52:05.898+0800] GC(636) Humongous regions: 230->121
[2024-08-23T15:52:05.898+0800] GC(636) Metaspace: 302K(512K)->302K(512K) NonClass: 296K(384K)->296K(384K) Class: 6K(128K)->6K(128K)
[2024-08-23T15:52:05.898+0800] GC(636) Pause Young (Concurrent Start) (G1 Humongous Allocation) 231M->121M(512M) 0.927ms
[2024-08-23T15:52:05.898+0800] GC(636) User=0.00s Sys=0.00s Real=0.00s
[2024-08-23T15:52:05.898+0800] GC(637) Concurrent Undo Cycle
[2024-08-23T15:52:05.898+0800] GC(637) Concurrent Cleanup for Next Mark
[2024-08-23T15:52:05.898+0800] GC(637) Concurrent Cleanup for Next Mark 0.299ms
[2024-08-23T15:52:05.898+0800] GC(637) Concurrent Undo Cycle 0.366ms
[2024-08-23T15:52:08.063+0800] GC(638) Pause Young (Concurrent Start) (G1 Humongous Allocation)
[2024-08-23T15:52:08.063+0800] GC(638) Using 6 workers of 6 for evacuation
[2024-08-23T15:52:08.064+0800] GC(638)   Pre Evacuate Collection Set: 0.1ms
[2024-08-23T15:52:08.064+0800] GC(638)   Merge Heap Roots: 0.1ms
[2024-08-23T15:52:08.064+0800] GC(638)   Evacuate Collection Set: 0.1ms
[2024-08-23T15:52:08.064+0800] GC(638)   Post Evacuate Collection Set: 0.3ms
[2024-08-23T15:52:08.064+0800] GC(638)   Other: 0.1ms
[2024-08-23T15:52:08.064+0800] GC(638) Eden regions: 1->0(306)
[2024-08-23T15:52:08.064+0800] GC(638) Survivor regions: 1->1(39)
[2024-08-23T15:52:08.064+0800] GC(638) Old regions: 1->1
[2024-08-23T15:52:08.064+0800] GC(638) Archive regions: 0->0
[2024-08-23T15:52:08.064+0800] GC(638) Humongous regions: 228->34
[2024-08-23T15:52:08.064+0800] GC(638) Metaspace: 302K(512K)->302K(512K) NonClass: 296K(384K)->296K(384K) Class: 6K(128K)->6K(128K)
[2024-08-23T15:52:08.064+0800] GC(638) Pause Young (Concurrent Start) (G1 Humongous Allocation) 229M->34M(512M) 0.741ms
[2024-08-23T15:52:08.064+0800] GC(638) User=0.00s Sys=0.00s Real=0.00s
[2024-08-23T15:52:08.064+0800] GC(639) Concurrent Undo Cycle
[2024-08-23T15:52:08.064+0800] GC(639) Concurrent Cleanup for Next Mark
[2024-08-23T15:52:08.064+0800] GC(639) Concurrent Cleanup for Next Mark 0.365ms
[2024-08-23T15:52:08.064+0800] GC(639) Concurrent Undo Cycle 0.456ms
[2024-08-23T15:52:09.147+0800] GC(640) Pause Young (Concurrent Start) (G1 Humongous Allocation)
[2024-08-23T15:52:09.147+0800] GC(640) Using 6 workers of 6 for evacuation
[2024-08-23T15:52:09.147+0800] GC(640)   Pre Evacuate Collection Set: 0.0ms
[2024-08-23T15:52:09.147+0800] GC(640)   Merge Heap Roots: 0.0ms
[2024-08-23T15:52:09.147+0800] GC(640)   Evacuate Collection Set: 0.1ms
[2024-08-23T15:52:09.147+0800] GC(640)   Post Evacuate Collection Set: 0.2ms
[2024-08-23T15:52:09.147+0800] GC(640)   Other: 0.1ms
[2024-08-23T15:52:09.147+0800] GC(640) Eden regions: 1->0(306)
[2024-08-23T15:52:09.147+0800] GC(640) Survivor regions: 1->1(39)
[2024-08-23T15:52:09.147+0800] GC(640) Old regions: 1->1
[2024-08-23T15:52:09.147+0800] GC(640) Archive regions: 0->0
[2024-08-23T15:52:09.147+0800] GC(640) Humongous regions: 226->25
[2024-08-23T15:52:09.147+0800] GC(640) Metaspace: 302K(512K)->302K(512K) NonClass: 296K(384K)->296K(384K) Class: 6K(128K)->6K(128K)
[2024-08-23T15:52:09.147+0800] GC(640) Pause Young (Concurrent Start) (G1 Humongous Allocation) 227M->25M(512M) 0.564ms
[2024-08-23T15:52:09.147+0800] GC(640) User=0.00s Sys=0.00s Real=0.00s
[2024-08-23T15:52:09.147+0800] GC(641) Concurrent Undo Cycle
[2024-08-23T15:52:09.147+0800] GC(641) Concurrent Cleanup for Next Mark
[2024-08-23T15:52:09.148+0800] GC(641) Concurrent Cleanup for Next Mark 0.301ms
[2024-08-23T15:52:09.148+0800] GC(641) Concurrent Undo Cycle 0.388ms
[2024-08-23T15:52:10.016+0800] GC(642) Pause Young (Concurrent Start) (G1 Humongous Allocation)
[2024-08-23T15:52:10.016+0800] GC(642) Using 6 workers of 6 for evacuation
[2024-08-23T15:52:10.016+0800] GC(642)   Pre Evacuate Collection Set: 0.1ms
[2024-08-23T15:52:10.017+0800] GC(642)   Merge Heap Roots: 0.0ms
[2024-08-23T15:52:10.017+0800] GC(642)   Evacuate Collection Set: 0.1ms
[2024-08-23T15:52:10.017+0800] GC(642)   Post Evacuate Collection Set: 0.2ms
[2024-08-23T15:52:10.017+0800] GC(642)   Other: 0.1ms
[2024-08-23T15:52:10.017+0800] GC(642) Eden regions: 1->0(306)
[2024-08-23T15:52:10.017+0800] GC(642) Survivor regions: 1->1(39)
[2024-08-23T15:52:10.017+0800] GC(642) Old regions: 1->1
[2024-08-23T15:52:10.017+0800] GC(642) Archive regions: 0->0
[2024-08-23T15:52:10.017+0800] GC(642) Humongous regions: 230->36
[2024-08-23T15:52:10.017+0800] GC(642) Metaspace: 302K(512K)->302K(512K) NonClass: 296K(384K)->296K(384K) Class: 6K(128K)->6K(128K)
[2024-08-23T15:52:10.017+0800] GC(642) Pause Young (Concurrent Start) (G1 Humongous Allocation) 231M->36M(512M) 0.545ms
[2024-08-23T15:52:10.017+0800] GC(642) User=0.00s Sys=0.00s Real=0.00s
[2024-08-23T15:52:10.017+0800] GC(643) Concurrent Undo Cycle
[2024-08-23T15:52:10.017+0800] GC(643) Concurrent Cleanup for Next Mark
[2024-08-23T15:52:10.017+0800] GC(643) Concurrent Cleanup for Next Mark 0.247ms
[2024-08-23T15:52:10.017+0800] GC(643) Concurrent Undo Cycle 0.312ms
[2024-08-23T15:52:11.323+0800] GC(644) Pause Young (Concurrent Start) (G1 Humongous Allocation)
[2024-08-23T15:52:11.323+0800] GC(644) Using 6 workers of 6 for evacuation
[2024-08-23T15:52:11.323+0800] GC(644)   Pre Evacuate Collection Set: 0.0ms
[2024-08-23T15:52:11.323+0800] GC(644)   Merge Heap Roots: 0.0ms
[2024-08-23T15:52:11.323+0800] GC(644)   Evacuate Collection Set: 0.1ms
[2024-08-23T15:52:11.323+0800] GC(644)   Post Evacuate Collection Set: 0.2ms
[2024-08-23T15:52:11.323+0800] GC(644)   Other: 0.1ms
[2024-08-23T15:52:11.323+0800] GC(644) Eden regions: 1->0(306)
[2024-08-23T15:52:11.323+0800] GC(644) Survivor regions: 1->1(39)
[2024-08-23T15:52:11.323+0800] GC(644) Old regions: 1->1
[2024-08-23T15:52:11.323+0800] GC(644) Archive regions: 0->0
[2024-08-23T15:52:11.323+0800] GC(644) Humongous regions: 230->23
[2024-08-23T15:52:11.323+0800] GC(644) Metaspace: 302K(512K)->302K(512K) NonClass: 296K(384K)->296K(384K) Class: 6K(128K)->6K(128K)
[2024-08-23T15:52:11.323+0800] GC(644) Pause Young (Concurrent Start) (G1 Humongous Allocation) 231M->23M(512M) 0.515ms
[2024-08-23T15:52:11.323+0800] GC(644) User=0.00s Sys=0.00s Real=0.00s
[2024-08-23T15:52:11.323+0800] GC(645) Concurrent Undo Cycle
[2024-08-23T15:52:11.323+0800] GC(645) Concurrent Cleanup for Next Mark
[2024-08-23T15:52:11.323+0800] GC(645) Concurrent Cleanup for Next Mark 0.259ms
[2024-08-23T15:52:11.324+0800] GC(645) Concurrent Undo Cycle 0.325ms
[2024-08-23T15:52:12.407+0800] GC(646) Pause Young (Concurrent Start) (G1 Humongous Allocation)
[2024-08-23T15:52:12.407+0800] GC(646) Using 6 workers of 6 for evacuation
[2024-08-23T15:52:12.407+0800] GC(646)   Pre Evacuate Collection Set: 0.0ms
[2024-08-23T15:52:12.407+0800] GC(646)   Merge Heap Roots: 0.0ms
[2024-08-23T15:52:12.407+0800] GC(646)   Evacuate Collection Set: 0.1ms
[2024-08-23T15:52:12.407+0800] GC(646)   Post Evacuate Collection Set: 0.1ms
[2024-08-23T15:52:12.407+0800] GC(646)   Other: 0.1ms
[2024-08-23T15:52:12.407+0800] GC(646) Eden regions: 1->0(306)
[2024-08-23T15:52:12.407+0800] GC(646) Survivor regions: 1->1(39)
[2024-08-23T15:52:12.407+0800] GC(646) Old regions: 1->1
[2024-08-23T15:52:12.407+0800] GC(646) Archive regions: 0->0
[2024-08-23T15:52:12.407+0800] GC(646) Humongous regions: 153->78
[2024-08-23T15:52:12.407+0800] GC(646) Metaspace: 302K(512K)->302K(512K) NonClass: 296K(384K)->296K(384K) Class: 6K(128K)->6K(128K)
[2024-08-23T15:52:12.407+0800] GC(646) Pause Young (Concurrent Start) (G1 Humongous Allocation) 154M->78M(512M) 0.502ms
[2024-08-23T15:52:12.407+0800] GC(646) User=0.00s Sys=0.00s Real=0.00s
[2024-08-23T15:52:12.407+0800] GC(647) Concurrent Undo Cycle
[2024-08-23T15:52:12.407+0800] GC(647) Concurrent Cleanup for Next Mark
[2024-08-23T15:52:12.407+0800] GC(647) Concurrent Cleanup for Next Mark 0.238ms
[2024-08-23T15:52:12.408+0800] GC(647) Concurrent Undo Cycle 0.316ms
[2024-08-23T15:52:13.490+0800] GC(648) Pause Young (Concurrent Start) (G1 Humongous Allocation)
[2024-08-23T15:52:13.490+0800] GC(648) Using 6 workers of 6 for evacuation
[2024-08-23T15:52:13.491+0800] GC(648)   Pre Evacuate Collection Set: 0.1ms
[2024-08-23T15:52:13.491+0800] GC(648)   Merge Heap Roots: 0.1ms
[2024-08-23T15:52:13.491+0800] GC(648)   Evacuate Collection Set: 0.1ms
[2024-08-23T15:52:13.491+0800] GC(648)   Post Evacuate Collection Set: 0.3ms
[2024-08-23T15:52:13.491+0800] GC(648)   Other: 0.1ms
[2024-08-23T15:52:13.491+0800] GC(648) Eden regions: 1->0(306)
[2024-08-23T15:52:13.491+0800] GC(648) Survivor regions: 1->1(39)
[2024-08-23T15:52:13.491+0800] GC(648) Old regions: 1->1
[2024-08-23T15:52:13.491+0800] GC(648) Archive regions: 0->0
[2024-08-23T15:52:13.491+0800] GC(648) Humongous regions: 230->95
[2024-08-23T15:52:13.491+0800] GC(648) Metaspace: 302K(512K)->302K(512K) NonClass: 296K(384K)->296K(384K) Class: 6K(128K)->6K(128K)
[2024-08-23T15:52:13.491+0800] GC(648) Pause Young (Concurrent Start) (G1 Humongous Allocation) 231M->95M(512M) 0.735ms
[2024-08-23T15:52:13.491+0800] GC(648) User=0.00s Sys=0.00s Real=0.00s
[2024-08-23T15:52:13.491+0800] GC(649) Concurrent Undo Cycle
[2024-08-23T15:52:13.491+0800] GC(649) Concurrent Cleanup for Next Mark
[2024-08-23T15:52:13.491+0800] GC(649) Concurrent Cleanup for Next Mark 0.288ms
[2024-08-23T15:52:13.491+0800] GC(649) Concurrent Undo Cycle 0.377ms
[2024-08-23T15:52:13.816+0800] GC(650) Pause Young (Concurrent Start) (G1 Humongous Allocation)
[2024-08-23T15:52:13.816+0800] GC(650) Using 6 workers of 6 for evacuation
[2024-08-23T15:52:13.816+0800] GC(650)   Pre Evacuate Collection Set: 0.0ms
[2024-08-23T15:52:13.816+0800] GC(650)   Merge Heap Roots: 0.0ms
[2024-08-23T15:52:13.816+0800] GC(650)   Evacuate Collection Set: 0.1ms
[2024-08-23T15:52:13.816+0800] GC(650)   Post Evacuate Collection Set: 0.1ms
[2024-08-23T15:52:13.816+0800] GC(650)   Other: 0.1ms
[2024-08-23T15:52:13.816+0800] GC(650) Eden regions: 1->0(306)
[2024-08-23T15:52:13.816+0800] GC(650) Survivor regions: 1->1(39)
[2024-08-23T15:52:13.816+0800] GC(650) Old regions: 1->1
[2024-08-23T15:52:13.816+0800] GC(650) Archive regions: 0->0
[2024-08-23T15:52:13.816+0800] GC(650) Humongous regions: 178->135
[2024-08-23T15:52:13.816+0800] GC(650) Metaspace: 302K(512K)->302K(512K) NonClass: 296K(384K)->296K(384K) Class: 6K(128K)->6K(128K)
[2024-08-23T15:52:13.817+0800] GC(650) Pause Young (Concurrent Start) (G1 Humongous Allocation) 179M->135M(512M) 0.509ms
[2024-08-23T15:52:13.817+0800] GC(650) User=0.00s Sys=0.00s Real=0.00s
[2024-08-23T15:52:13.817+0800] GC(651) Concurrent Undo Cycle
[2024-08-23T15:52:13.817+0800] GC(651) Concurrent Cleanup for Next Mark
[2024-08-23T15:52:13.817+0800] GC(651) Concurrent Cleanup for Next Mark 0.210ms
[2024-08-23T15:52:13.817+0800] GC(651) Concurrent Undo Cycle 0.271ms
[2024-08-23T15:52:14.467+0800] GC(652) Pause Young (Concurrent Start) (G1 Humongous Allocation)
[2024-08-23T15:52:14.467+0800] GC(652) Using 6 workers of 6 for evacuation
[2024-08-23T15:52:14.467+0800] GC(652)   Pre Evacuate Collection Set: 0.0ms
[2024-08-23T15:52:14.467+0800] GC(652)   Merge Heap Roots: 0.0ms
[2024-08-23T15:52:14.467+0800] GC(652)   Evacuate Collection Set: 0.1ms
[2024-08-23T15:52:14.467+0800] GC(652)   Post Evacuate Collection Set: 0.2ms
[2024-08-23T15:52:14.467+0800] GC(652)   Other: 0.1ms
[2024-08-23T15:52:14.467+0800] GC(652) Eden regions: 1->0(306)
[2024-08-23T15:52:14.467+0800] GC(652) Survivor regions: 1->1(39)
[2024-08-23T15:52:14.467+0800] GC(652) Old regions: 1->1
[2024-08-23T15:52:14.467+0800] GC(652) Archive regions: 0->0
[2024-08-23T15:52:14.467+0800] GC(652) Humongous regions: 236->101
[2024-08-23T15:52:14.467+0800] GC(652) Metaspace: 302K(512K)->302K(512K) NonClass: 296K(384K)->296K(384K) Class: 6K(128K)->6K(128K)
[2024-08-23T15:52:14.467+0800] GC(652) Pause Young (Concurrent Start) (G1 Humongous Allocation) 237M->101M(512M) 0.581ms
[2024-08-23T15:52:14.467+0800] GC(652) User=0.00s Sys=0.00s Real=0.00s
[2024-08-23T15:52:14.467+0800] GC(653) Concurrent Undo Cycle
[2024-08-23T15:52:14.467+0800] GC(653) Concurrent Cleanup for Next Mark
[2024-08-23T15:52:14.468+0800] GC(653) Concurrent Cleanup for Next Mark 0.356ms
[2024-08-23T15:52:14.468+0800] GC(653) Concurrent Undo Cycle 0.470ms
[2024-08-23T15:52:15.226+0800] GC(654) Pause Young (Concurrent Start) (G1 Humongous Allocation)
[2024-08-23T15:52:15.226+0800] GC(654) Using 6 workers of 6 for evacuation
[2024-08-23T15:52:15.226+0800] GC(654)   Pre Evacuate Collection Set: 0.1ms
[2024-08-23T15:52:15.226+0800] GC(654)   Merge Heap Roots: 0.0ms
[2024-08-23T15:52:15.226+0800] GC(654)   Evacuate Collection Set: 0.1ms
[2024-08-23T15:52:15.226+0800] GC(654)   Post Evacuate Collection Set: 0.2ms
[2024-08-23T15:52:15.226+0800] GC(654)   Other: 0.1ms
[2024-08-23T15:52:15.226+0800] GC(654) Eden regions: 1->0(306)
[2024-08-23T15:52:15.226+0800] GC(654) Survivor regions: 1->1(39)
[2024-08-23T15:52:15.226+0800] GC(654) Old regions: 1->1
[2024-08-23T15:52:15.226+0800] GC(654) Archive regions: 0->0
[2024-08-23T15:52:15.226+0800] GC(654) Humongous regions: 213->57
[2024-08-23T15:52:15.226+0800] GC(654) Metaspace: 302K(512K)->302K(512K) NonClass: 296K(384K)->296K(384K) Class: 6K(128K)->6K(128K)
[2024-08-23T15:52:15.227+0800] GC(654) Pause Young (Concurrent Start) (G1 Humongous Allocation) 214M->57M(512M) 0.571ms
[2024-08-23T15:52:15.227+0800] GC(654) User=0.00s Sys=0.02s Real=0.00s
[2024-08-23T15:52:15.227+0800] GC(655) Concurrent Undo Cycle
[2024-08-23T15:52:15.227+0800] GC(655) Concurrent Cleanup for Next Mark
[2024-08-23T15:52:15.227+0800] GC(655) Concurrent Cleanup for Next Mark 0.217ms
[2024-08-23T15:52:15.227+0800] GC(655) Concurrent Undo Cycle 0.276ms
[2024-08-23T15:52:16.420+0800] GC(656) Pause Young (Concurrent Start) (G1 Humongous Allocation)
[2024-08-23T15:52:16.420+0800] GC(656) Using 6 workers of 6 for evacuation
[2024-08-23T15:52:16.420+0800] GC(656)   Pre Evacuate Collection Set: 0.0ms
[2024-08-23T15:52:16.420+0800] GC(656)   Merge Heap Roots: 0.0ms
[2024-08-23T15:52:16.420+0800] GC(656)   Evacuate Collection Set: 0.1ms
[2024-08-23T15:52:16.420+0800] GC(656)   Post Evacuate Collection Set: 0.2ms
[2024-08-23T15:52:16.420+0800] GC(656)   Other: 0.1ms
[2024-08-23T15:52:16.420+0800] GC(656) Eden regions: 1->0(307)
[2024-08-23T15:52:16.420+0800] GC(656) Survivor regions: 1->0(39)
[2024-08-23T15:52:16.420+0800] GC(656) Old regions: 1->1
[2024-08-23T15:52:16.420+0800] GC(656) Archive regions: 0->0
[2024-08-23T15:52:16.420+0800] GC(656) Humongous regions: 220->25
[2024-08-23T15:52:16.420+0800] GC(656) Metaspace: 302K(512K)->302K(512K) NonClass: 296K(384K)->296K(384K) Class: 6K(128K)->6K(128K)
[2024-08-23T15:52:16.420+0800] GC(656) Pause Young (Concurrent Start) (G1 Humongous Allocation) 221M->25M(512M) 0.562ms
[2024-08-23T15:52:16.420+0800] GC(656) User=0.00s Sys=0.00s Real=0.00s
[2024-08-23T15:52:16.420+0800] GC(657) Concurrent Undo Cycle
[2024-08-23T15:52:16.420+0800] GC(657) Concurrent Cleanup for Next Mark
[2024-08-23T15:52:16.420+0800] GC(657) Concurrent Cleanup for Next Mark 0.307ms
[2024-08-23T15:52:16.420+0800] GC(657) Concurrent Undo Cycle 0.399ms
[2024-08-23T15:52:17.395+0800] GC(658) Pause Young (Concurrent Start) (G1 Humongous Allocation)
[2024-08-23T15:52:17.395+0800] GC(658) Using 6 workers of 6 for evacuation
[2024-08-23T15:52:17.395+0800] GC(658)   Pre Evacuate Collection Set: 0.0ms
[2024-08-23T15:52:17.395+0800] GC(658)   Merge Heap Roots: 0.0ms
[2024-08-23T15:52:17.395+0800] GC(658)   Evacuate Collection Set: 0.1ms
[2024-08-23T15:52:17.395+0800] GC(658)   Post Evacuate Collection Set: 0.2ms
[2024-08-23T15:52:17.395+0800] GC(658)   Other: 0.1ms
[2024-08-23T15:52:17.395+0800] GC(658) Eden regions: 1->0(307)
[2024-08-23T15:52:17.395+0800] GC(658) Survivor regions: 0->0(39)
[2024-08-23T15:52:17.395+0800] GC(658) Old regions: 1->1
[2024-08-23T15:52:17.395+0800] GC(658) Archive regions: 0->0
[2024-08-23T15:52:17.395+0800] GC(658) Humongous regions: 226->22
[2024-08-23T15:52:17.395+0800] GC(658) Metaspace: 302K(512K)->302K(512K) NonClass: 296K(384K)->296K(384K) Class: 6K(128K)->6K(128K)
[2024-08-23T15:52:17.395+0800] GC(658) Pause Young (Concurrent Start) (G1 Humongous Allocation) 227M->22M(512M) 0.589ms
[2024-08-23T15:52:17.395+0800] GC(658) User=0.00s Sys=0.00s Real=0.00s
[2024-08-23T15:52:17.395+0800] GC(659) Concurrent Undo Cycle
[2024-08-23T15:52:17.395+0800] GC(659) Concurrent Cleanup for Next Mark
[2024-08-23T15:52:17.395+0800] GC(659) Concurrent Cleanup for Next Mark 0.240ms
[2024-08-23T15:52:17.395+0800] GC(659) Concurrent Undo Cycle 0.304ms
[2024-08-23T15:52:19.458+0800] GC(660) Pause Young (Concurrent Start) (G1 Humongous Allocation)
[2024-08-23T15:52:19.458+0800] GC(660) Using 6 workers of 6 for evacuation
[2024-08-23T15:52:19.459+0800] GC(660)   Pre Evacuate Collection Set: 0.0ms
[2024-08-23T15:52:19.459+0800] GC(660)   Merge Heap Roots: 0.0ms
[2024-08-23T15:52:19.459+0800] GC(660)   Evacuate Collection Set: 0.1ms
[2024-08-23T15:52:19.459+0800] GC(660)   Post Evacuate Collection Set: 0.2ms
[2024-08-23T15:52:19.459+0800] GC(660)   Other: 0.2ms
[2024-08-23T15:52:19.459+0800] GC(660) Eden regions: 1->0(307)
[2024-08-23T15:52:19.459+0800] GC(660) Survivor regions: 0->0(39)
[2024-08-23T15:52:19.459+0800] GC(660) Old regions: 1->1
[2024-08-23T15:52:19.459+0800] GC(660) Archive regions: 0->0
[2024-08-23T15:52:19.459+0800] GC(660) Humongous regions: 177->68
[2024-08-23T15:52:19.459+0800] GC(660) Metaspace: 302K(512K)->302K(512K) NonClass: 296K(384K)->296K(384K) Class: 6K(128K)->6K(128K)
[2024-08-23T15:52:19.459+0800] GC(660) Pause Young (Concurrent Start) (G1 Humongous Allocation) 178M->68M(512M) 0.652ms
[2024-08-23T15:52:19.459+0800] GC(660) User=0.00s Sys=0.00s Real=0.00s
[2024-08-23T15:52:19.459+0800] GC(661) Concurrent Undo Cycle
[2024-08-23T15:52:19.459+0800] GC(661) Concurrent Cleanup for Next Mark
[2024-08-23T15:52:19.459+0800] GC(661) Concurrent Cleanup for Next Mark 0.410ms
[2024-08-23T15:52:19.459+0800] GC(661) Concurrent Undo Cycle 0.533ms
[2024-08-23T15:52:20.549+0800] GC(662) Pause Young (Concurrent Start) (G1 Humongous Allocation)
[2024-08-23T15:52:20.549+0800] GC(662) Using 6 workers of 6 for evacuation
[2024-08-23T15:52:20.549+0800] GC(662)   Pre Evacuate Collection Set: 0.1ms
[2024-08-23T15:52:20.550+0800] GC(662)   Merge Heap Roots: 0.1ms
[2024-08-23T15:52:20.550+0800] GC(662)   Evacuate Collection Set: 0.2ms
[2024-08-23T15:52:20.550+0800] GC(662)   Post Evacuate Collection Set: 0.4ms
[2024-08-23T15:52:20.550+0800] GC(662)   Other: 0.1ms
[2024-08-23T15:52:20.550+0800] GC(662) Eden regions: 1->0(307)
[2024-08-23T15:52:20.550+0800] GC(662) Survivor regions: 0->0(39)
[2024-08-23T15:52:20.550+0800] GC(662) Old regions: 1->1
[2024-08-23T15:52:20.550+0800] GC(662) Archive regions: 0->0
[2024-08-23T15:52:20.550+0800] GC(662) Humongous regions: 220->34
[2024-08-23T15:52:20.550+0800] GC(662) Metaspace: 302K(512K)->302K(512K) NonClass: 296K(384K)->296K(384K) Class: 6K(128K)->6K(128K)
[2024-08-23T15:52:20.550+0800] GC(662) Pause Young (Concurrent Start) (G1 Humongous Allocation) 221M->34M(512M) 0.918ms
[2024-08-23T15:52:20.550+0800] GC(662) User=0.00s Sys=0.00s Real=0.00s
[2024-08-23T15:52:20.550+0800] GC(663) Concurrent Undo Cycle
[2024-08-23T15:52:20.550+0800] GC(663) Concurrent Cleanup for Next Mark
[2024-08-23T15:52:20.550+0800] GC(663) Concurrent Cleanup for Next Mark 0.335ms
[2024-08-23T15:52:20.550+0800] GC(663) Concurrent Undo Cycle 0.417ms
[2024-08-23T15:52:21.310+0800] GC(664) Pause Young (Concurrent Start) (G1 Humongous Allocation)
[2024-08-23T15:52:21.310+0800] GC(664) Using 6 workers of 6 for evacuation
[2024-08-23T15:52:21.311+0800] GC(664)   Pre Evacuate Collection Set: 0.1ms
[2024-08-23T15:52:21.311+0800] GC(664)   Merge Heap Roots: 0.1ms
[2024-08-23T15:52:21.311+0800] GC(664)   Evacuate Collection Set: 0.1ms
[2024-08-23T15:52:21.311+0800] GC(664)   Post Evacuate Collection Set: 0.4ms
[2024-08-23T15:52:21.311+0800] GC(664)   Other: 0.1ms
[2024-08-23T15:52:21.311+0800] GC(664) Eden regions: 1->0(307)
[2024-08-23T15:52:21.311+0800] GC(664) Survivor regions: 0->0(39)
[2024-08-23T15:52:21.311+0800] GC(664) Old regions: 1->1
[2024-08-23T15:52:21.311+0800] GC(664) Archive regions: 0->0
[2024-08-23T15:52:21.311+0800] GC(664) Humongous regions: 228->50
[2024-08-23T15:52:21.311+0800] GC(664) Metaspace: 302K(512K)->302K(512K) NonClass: 296K(384K)->296K(384K) Class: 6K(128K)->6K(128K)
[2024-08-23T15:52:21.311+0800] GC(664) Pause Young (Concurrent Start) (G1 Humongous Allocation) 229M->50M(512M) 0.875ms
[2024-08-23T15:52:21.311+0800] GC(664) User=0.00s Sys=0.00s Real=0.00s
[2024-08-23T15:52:21.311+0800] GC(665) Concurrent Undo Cycle
[2024-08-23T15:52:21.311+0800] GC(665) Concurrent Cleanup for Next Mark
[2024-08-23T15:52:21.311+0800] GC(665) Concurrent Cleanup for Next Mark 0.259ms
[2024-08-23T15:52:21.312+0800] GC(665) Concurrent Undo Cycle 0.324ms
[2024-08-23T15:52:22.291+0800] GC(666) Pause Young (Concurrent Start) (G1 Humongous Allocation)
[2024-08-23T15:52:22.291+0800] GC(666) Using 6 workers of 6 for evacuation
[2024-08-23T15:52:22.291+0800] GC(666)   Pre Evacuate Collection Set: 0.1ms
[2024-08-23T15:52:22.291+0800] GC(666)   Merge Heap Roots: 0.1ms
[2024-08-23T15:52:22.291+0800] GC(666)   Evacuate Collection Set: 0.1ms
[2024-08-23T15:52:22.291+0800] GC(666)   Post Evacuate Collection Set: 0.3ms
[2024-08-23T15:52:22.291+0800] GC(666)   Other: 0.1ms
[2024-08-23T15:52:22.291+0800] GC(666) Eden regions: 1->0(307)
[2024-08-23T15:52:22.291+0800] GC(666) Survivor regions: 0->0(39)
[2024-08-23T15:52:22.291+0800] GC(666) Old regions: 1->1
[2024-08-23T15:52:22.291+0800] GC(666) Archive regions: 0->0
[2024-08-23T15:52:22.291+0800] GC(666) Humongous regions: 134->51
[2024-08-23T15:52:22.291+0800] GC(666) Metaspace: 302K(512K)->302K(512K) NonClass: 296K(384K)->296K(384K) Class: 6K(128K)->6K(128K)
[2024-08-23T15:52:22.291+0800] GC(666) Pause Young (Concurrent Start) (G1 Humongous Allocation) 135M->51M(512M) 0.728ms
[2024-08-23T15:52:22.291+0800] GC(666) User=0.00s Sys=0.00s Real=0.00s
[2024-08-23T15:52:22.291+0800] GC(667) Concurrent Undo Cycle
[2024-08-23T15:52:22.291+0800] GC(667) Concurrent Cleanup for Next Mark
[2024-08-23T15:52:22.292+0800] GC(667) Concurrent Cleanup for Next Mark 0.283ms
[2024-08-23T15:52:22.292+0800] GC(667) Concurrent Undo Cycle 0.366ms
[2024-08-23T15:52:23.482+0800] GC(668) Pause Young (Concurrent Start) (G1 Humongous Allocation)
[2024-08-23T15:52:23.482+0800] GC(668) Using 6 workers of 6 for evacuation
[2024-08-23T15:52:23.482+0800] GC(668)   Pre Evacuate Collection Set: 0.0ms
[2024-08-23T15:52:23.482+0800] GC(668)   Merge Heap Roots: 0.0ms
[2024-08-23T15:52:23.482+0800] GC(668)   Evacuate Collection Set: 0.1ms
[2024-08-23T15:52:23.482+0800] GC(668)   Post Evacuate Collection Set: 0.1ms
[2024-08-23T15:52:23.482+0800] GC(668)   Other: 0.1ms
[2024-08-23T15:52:23.482+0800] GC(668) Eden regions: 1->0(307)
[2024-08-23T15:52:23.482+0800] GC(668) Survivor regions: 0->0(39)
[2024-08-23T15:52:23.482+0800] GC(668) Old regions: 1->1
[2024-08-23T15:52:23.482+0800] GC(668) Archive regions: 0->0
[2024-08-23T15:52:23.482+0800] GC(668) Humongous regions: 214->68
[2024-08-23T15:52:23.482+0800] GC(668) Metaspace: 302K(512K)->302K(512K) NonClass: 296K(384K)->296K(384K) Class: 6K(128K)->6K(128K)
[2024-08-23T15:52:23.483+0800] GC(668) Pause Young (Concurrent Start) (G1 Humongous Allocation) 215M->68M(512M) 0.519ms
[2024-08-23T15:52:23.483+0800] GC(668) User=0.00s Sys=0.00s Real=0.00s
[2024-08-23T15:52:23.483+0800] GC(669) Concurrent Undo Cycle
[2024-08-23T15:52:23.483+0800] GC(669) Concurrent Cleanup for Next Mark
[2024-08-23T15:52:23.483+0800] GC(669) Concurrent Cleanup for Next Mark 0.252ms
[2024-08-23T15:52:23.483+0800] GC(669) Concurrent Undo Cycle 0.323ms
[2024-08-23T15:52:23.700+0800] GC(670) Pause Young (Concurrent Start) (G1 Humongous Allocation)
[2024-08-23T15:52:23.700+0800] GC(670) Using 6 workers of 6 for evacuation
[2024-08-23T15:52:23.700+0800] GC(670)   Pre Evacuate Collection Set: 0.0ms
[2024-08-23T15:52:23.700+0800] GC(670)   Merge Heap Roots: 0.0ms
[2024-08-23T15:52:23.700+0800] GC(670)   Evacuate Collection Set: 0.1ms
[2024-08-23T15:52:23.700+0800] GC(670)   Post Evacuate Collection Set: 0.1ms
[2024-08-23T15:52:23.700+0800] GC(670)   Other: 0.1ms
[2024-08-23T15:52:23.700+0800] GC(670) Eden regions: 1->0(307)
[2024-08-23T15:52:23.700+0800] GC(670) Survivor regions: 0->0(39)
[2024-08-23T15:52:23.700+0800] GC(670) Old regions: 1->1
[2024-08-23T15:52:23.700+0800] GC(670) Archive regions: 0->0
[2024-08-23T15:52:23.700+0800] GC(670) Humongous regions: 140->108
[2024-08-23T15:52:23.700+0800] GC(670) Metaspace: 302K(512K)->302K(512K) NonClass: 296K(384K)->296K(384K) Class: 6K(128K)->6K(128K)
[2024-08-23T15:52:23.700+0800] GC(670) Pause Young (Concurrent Start) (G1 Humongous Allocation) 141M->108M(512M) 0.481ms
[2024-08-23T15:52:23.700+0800] GC(670) User=0.00s Sys=0.00s Real=0.00s
[2024-08-23T15:52:23.700+0800] GC(671) Concurrent Undo Cycle
[2024-08-23T15:52:23.700+0800] GC(671) Concurrent Cleanup for Next Mark
[2024-08-23T15:52:23.700+0800] GC(671) Concurrent Cleanup for Next Mark 0.227ms
[2024-08-23T15:52:23.700+0800] GC(671) Concurrent Undo Cycle 0.286ms
[2024-08-23T15:52:24.244+0800] GC(672) Pause Young (Concurrent Start) (G1 Humongous Allocation)
[2024-08-23T15:52:24.244+0800] GC(672) Using 6 workers of 6 for evacuation
[2024-08-23T15:52:24.244+0800] GC(672)   Pre Evacuate Collection Set: 0.0ms
[2024-08-23T15:52:24.244+0800] GC(672)   Merge Heap Roots: 0.0ms
[2024-08-23T15:52:24.244+0800] GC(672)   Evacuate Collection Set: 0.1ms
[2024-08-23T15:52:24.244+0800] GC(672)   Post Evacuate Collection Set: 0.1ms
[2024-08-23T15:52:24.244+0800] GC(672)   Other: 0.1ms
[2024-08-23T15:52:24.244+0800] GC(672) Eden regions: 1->0(294)
[2024-08-23T15:52:24.244+0800] GC(672) Survivor regions: 0->0(39)
[2024-08-23T15:52:24.244+0800] GC(672) Old regions: 1->1
[2024-08-23T15:52:24.244+0800] GC(672) Archive regions: 0->0
[2024-08-23T15:52:24.244+0800] GC(672) Humongous regions: 225->164
[2024-08-23T15:52:24.244+0800] GC(672) Metaspace: 302K(512K)->302K(512K) NonClass: 296K(384K)->296K(384K) Class: 6K(128K)->6K(128K)
[2024-08-23T15:52:24.244+0800] GC(672) Pause Young (Concurrent Start) (G1 Humongous Allocation) 226M->164M(512M) 0.506ms
[2024-08-23T15:52:24.244+0800] GC(672) User=0.00s Sys=0.00s Real=0.00s
[2024-08-23T15:52:24.244+0800] GC(673) Concurrent Undo Cycle
[2024-08-23T15:52:24.244+0800] GC(673) Concurrent Cleanup for Next Mark
[2024-08-23T15:52:24.244+0800] GC(673) Concurrent Cleanup for Next Mark 0.272ms
[2024-08-23T15:52:24.244+0800] GC(673) Concurrent Undo Cycle 0.329ms
[2024-08-23T15:52:24.900+0800] GC(674) Pause Young (Concurrent Start) (G1 Humongous Allocation)
[2024-08-23T15:52:24.900+0800] GC(674) Using 6 workers of 6 for evacuation
[2024-08-23T15:52:24.901+0800] GC(674)   Pre Evacuate Collection Set: 0.1ms
[2024-08-23T15:52:24.901+0800] GC(674)   Merge Heap Roots: 0.1ms
[2024-08-23T15:52:24.901+0800] GC(674)   Evacuate Collection Set: 0.1ms
[2024-08-23T15:52:24.901+0800] GC(674)   Post Evacuate Collection Set: 0.2ms
[2024-08-23T15:52:24.901+0800] GC(674)   Other: 0.1ms
[2024-08-23T15:52:24.901+0800] GC(674) Eden regions: 1->0(283)
[2024-08-23T15:52:24.901+0800] GC(674) Survivor regions: 0->0(37)
[2024-08-23T15:52:24.901+0800] GC(674) Old regions: 1->1
[2024-08-23T15:52:24.901+0800] GC(674) Archive regions: 0->0
[2024-08-23T15:52:24.901+0800] GC(674) Humongous regions: 210->175
[2024-08-23T15:52:24.901+0800] GC(674) Metaspace: 302K(512K)->302K(512K) NonClass: 296K(384K)->296K(384K) Class: 6K(128K)->6K(128K)
[2024-08-23T15:52:24.901+0800] GC(674) Pause Young (Concurrent Start) (G1 Humongous Allocation) 211M->175M(512M) 0.708ms
[2024-08-23T15:52:24.901+0800] GC(674) User=0.00s Sys=0.00s Real=0.00s
[2024-08-23T15:52:24.901+0800] GC(675) Concurrent Undo Cycle
[2024-08-23T15:52:24.901+0800] GC(675) Concurrent Cleanup for Next Mark
[2024-08-23T15:52:24.901+0800] GC(675) Concurrent Cleanup for Next Mark 0.240ms
[2024-08-23T15:52:24.901+0800] GC(675) Concurrent Undo Cycle 0.302ms
[2024-08-23T15:52:25.009+0800] GC(676) Pause Young (Concurrent Start) (G1 Humongous Allocation)
[2024-08-23T15:52:25.009+0800] GC(676) Using 6 workers of 6 for evacuation
[2024-08-23T15:52:25.009+0800] GC(676)   Pre Evacuate Collection Set: 0.0ms
[2024-08-23T15:52:25.009+0800] GC(676)   Merge Heap Roots: 0.0ms
[2024-08-23T15:52:25.009+0800] GC(676)   Evacuate Collection Set: 0.1ms
[2024-08-23T15:52:25.009+0800] GC(676)   Post Evacuate Collection Set: 0.1ms
[2024-08-23T15:52:25.009+0800] GC(676)   Other: 0.1ms
[2024-08-23T15:52:25.009+0800] GC(676) Eden regions: 1->0(273)
[2024-08-23T15:52:25.009+0800] GC(676) Survivor regions: 0->0(36)
[2024-08-23T15:52:25.009+0800] GC(676) Old regions: 1->1
[2024-08-23T15:52:25.009+0800] GC(676) Archive regions: 0->0
[2024-08-23T15:52:25.009+0800] GC(676) Humongous regions: 196->185
[2024-08-23T15:52:25.009+0800] GC(676) Metaspace: 302K(512K)->302K(512K) NonClass: 296K(384K)->296K(384K) Class: 6K(128K)->6K(128K)
[2024-08-23T15:52:25.009+0800] GC(676) Pause Young (Concurrent Start) (G1 Humongous Allocation) 197M->185M(512M) 0.504ms
[2024-08-23T15:52:25.009+0800] GC(676) User=0.00s Sys=0.00s Real=0.00s
[2024-08-23T15:52:25.009+0800] GC(677) Concurrent Undo Cycle
[2024-08-23T15:52:25.009+0800] GC(677) Concurrent Cleanup for Next Mark
[2024-08-23T15:52:25.009+0800] GC(677) Concurrent Cleanup for Next Mark 0.229ms
[2024-08-23T15:52:25.009+0800] GC(677) Concurrent Undo Cycle 0.291ms
[2024-08-23T15:52:25.119+0800] GC(678) Pause Young (Concurrent Start) (G1 Humongous Allocation)
[2024-08-23T15:52:25.119+0800] GC(678) Using 6 workers of 6 for evacuation
[2024-08-23T15:52:25.119+0800] GC(678)   Pre Evacuate Collection Set: 0.0ms
[2024-08-23T15:52:25.119+0800] GC(678)   Merge Heap Roots: 0.0ms
[2024-08-23T15:52:25.119+0800] GC(678)   Evacuate Collection Set: 0.1ms
[2024-08-23T15:52:25.119+0800] GC(678)   Post Evacuate Collection Set: 0.1ms
[2024-08-23T15:52:25.119+0800] GC(678)   Other: 0.1ms
[2024-08-23T15:52:25.119+0800] GC(678) Eden regions: 1->0(243)
[2024-08-23T15:52:25.119+0800] GC(678) Survivor regions: 0->0(35)
[2024-08-23T15:52:25.119+0800] GC(678) Old regions: 1->1
[2024-08-23T15:52:25.119+0800] GC(678) Archive regions: 0->0
[2024-08-23T15:52:25.119+0800] GC(678) Humongous regions: 236->215
[2024-08-23T15:52:25.119+0800] GC(678) Metaspace: 302K(512K)->302K(512K) NonClass: 296K(384K)->296K(384K) Class: 6K(128K)->6K(128K)
[2024-08-23T15:52:25.119+0800] GC(678) Pause Young (Concurrent Start) (G1 Humongous Allocation) 237M->215M(512M) 0.498ms
[2024-08-23T15:52:25.119+0800] GC(678) User=0.00s Sys=0.00s Real=0.00s
[2024-08-23T15:52:25.119+0800] GC(679) Concurrent Undo Cycle
[2024-08-23T15:52:25.119+0800] GC(679) Concurrent Cleanup for Next Mark
[2024-08-23T15:52:25.119+0800] GC(679) Concurrent Cleanup for Next Mark 0.287ms
[2024-08-23T15:52:25.120+0800] GC(679) Concurrent Undo Cycle 0.356ms
[2024-08-23T15:52:25.228+0800] GC(680) Pause Young (Concurrent Start) (G1 Humongous Allocation)
[2024-08-23T15:52:25.228+0800] GC(680) Using 6 workers of 6 for evacuation
[2024-08-23T15:52:25.228+0800] GC(680)   Pre Evacuate Collection Set: 0.1ms
[2024-08-23T15:52:25.228+0800] GC(680)   Merge Heap Roots: 0.0ms
[2024-08-23T15:52:25.228+0800] GC(680)   Evacuate Collection Set: 0.1ms
[2024-08-23T15:52:25.228+0800] GC(680)   Post Evacuate Collection Set: 0.1ms
[2024-08-23T15:52:25.228+0800] GC(680)   Other: 0.1ms
[2024-08-23T15:52:25.228+0800] GC(680) Eden regions: 1->0(193)
[2024-08-23T15:52:25.228+0800] GC(680) Survivor regions: 0->0(31)
[2024-08-23T15:52:25.228+0800] GC(680) Old regions: 1->1
[2024-08-23T15:52:25.228+0800] GC(680) Archive regions: 0->0
[2024-08-23T15:52:25.228+0800] GC(680) Humongous regions: 316->265
[2024-08-23T15:52:25.228+0800] GC(680) Metaspace: 302K(512K)->302K(512K) NonClass: 296K(384K)->296K(384K) Class: 6K(128K)->6K(128K)
[2024-08-23T15:52:25.228+0800] GC(680) Pause Young (Concurrent Start) (G1 Humongous Allocation) 317M->265M(512M) 0.515ms
[2024-08-23T15:52:25.228+0800] GC(680) User=0.00s Sys=0.00s Real=0.00s
[2024-08-23T15:52:25.228+0800] GC(681) Concurrent Mark Cycle
[2024-08-23T15:52:25.228+0800] GC(681) Concurrent Clear Claimed Marks
[2024-08-23T15:52:25.228+0800] GC(681) Concurrent Clear Claimed Marks 0.010ms
[2024-08-23T15:52:25.228+0800] GC(681) Concurrent Scan Root Regions
[2024-08-23T15:52:25.228+0800] GC(681) Concurrent Scan Root Regions 0.008ms
[2024-08-23T15:52:25.228+0800] GC(681) Concurrent Mark
[2024-08-23T15:52:25.228+0800] GC(681) Concurrent Mark From Roots
[2024-08-23T15:52:25.228+0800] GC(681) Using 2 workers of 2 for marking
[2024-08-23T15:52:25.229+0800] GC(681) Concurrent Mark From Roots 0.830ms
[2024-08-23T15:52:25.229+0800] GC(681) Concurrent Preclean
[2024-08-23T15:52:25.229+0800] GC(681) Concurrent Preclean 0.036ms
[2024-08-23T15:52:25.229+0800] GC(681) Pause Remark
[2024-08-23T15:52:25.229+0800] GC(681) Pause Remark 268M->268M(512M) 0.390ms
[2024-08-23T15:52:25.229+0800] GC(681) User=0.00s Sys=0.00s Real=0.00s
[2024-08-23T15:52:25.229+0800] GC(681) Concurrent Mark 1.360ms
[2024-08-23T15:52:25.229+0800] GC(681) Concurrent Rebuild Remembered Sets
[2024-08-23T15:52:25.231+0800] GC(681) Concurrent Rebuild Remembered Sets 0.403ms
[2024-08-23T15:52:25.231+0800] GC(681) Pause Cleanup
[2024-08-23T15:52:25.231+0800] GC(681) Pause Cleanup 268M->268M(512M) 0.058ms
[2024-08-23T15:52:25.231+0800] GC(681) User=0.00s Sys=0.00s Real=0.00s
[2024-08-23T15:52:25.231+0800] GC(681) Concurrent Cleanup for Next Mark
[2024-08-23T15:52:25.231+0800] GC(681) Concurrent Cleanup for Next Mark 0.189ms
[2024-08-23T15:52:25.231+0800] GC(681) Concurrent Mark Cycle 2.178ms
[2024-08-23T15:52:25.881+0800] GC(682) Pause Young (Concurrent Start) (G1 Humongous Allocation)
[2024-08-23T15:52:25.881+0800] GC(682) Using 6 workers of 6 for evacuation
[2024-08-23T15:52:25.881+0800] GC(682)   Pre Evacuate Collection Set: 0.1ms
[2024-08-23T15:52:25.881+0800] GC(682)   Merge Heap Roots: 0.1ms
[2024-08-23T15:52:25.881+0800] GC(682)   Evacuate Collection Set: 0.1ms
[2024-08-23T15:52:25.881+0800] GC(682)   Post Evacuate Collection Set: 0.3ms
[2024-08-23T15:52:25.881+0800] GC(682)   Other: 0.1ms
[2024-08-23T15:52:25.881+0800] GC(682) Eden regions: 1->0(307)
[2024-08-23T15:52:25.881+0800] GC(682) Survivor regions: 0->0(25)
[2024-08-23T15:52:25.881+0800] GC(682) Old regions: 1->1
[2024-08-23T15:52:25.881+0800] GC(682) Archive regions: 0->0
[2024-08-23T15:52:25.881+0800] GC(682) Humongous regions: 267->2
[2024-08-23T15:52:25.881+0800] GC(682) Metaspace: 302K(512K)->302K(512K) NonClass: 296K(384K)->296K(384K) Class: 6K(128K)->6K(128K)
[2024-08-23T15:52:25.882+0800] GC(682) Pause Young (Concurrent Start) (G1 Humongous Allocation) 268M->2M(512M) 0.816ms
[2024-08-23T15:52:25.882+0800] GC(682) User=0.00s Sys=0.00s Real=0.00s
[2024-08-23T15:52:25.882+0800] GC(683) Concurrent Undo Cycle
[2024-08-23T15:52:25.882+0800] GC(683) Concurrent Cleanup for Next Mark
[2024-08-23T15:52:25.882+0800] GC(683) Concurrent Cleanup for Next Mark 0.281ms
[2024-08-23T15:52:25.882+0800] GC(683) Concurrent Undo Cycle 0.335ms
[2024-08-23T15:52:27.082+0800] GC(684) Pause Young (Concurrent Start) (G1 Humongous Allocation)
[2024-08-23T15:52:27.082+0800] GC(684) Using 6 workers of 6 for evacuation
[2024-08-23T15:52:27.082+0800] GC(684)   Pre Evacuate Collection Set: 0.1ms
[2024-08-23T15:52:27.082+0800] GC(684)   Merge Heap Roots: 0.1ms
[2024-08-23T15:52:27.082+0800] GC(684)   Evacuate Collection Set: 0.1ms
[2024-08-23T15:52:27.082+0800] GC(684)   Post Evacuate Collection Set: 0.4ms
[2024-08-23T15:52:27.082+0800] GC(684)   Other: 0.1ms
[2024-08-23T15:52:27.082+0800] GC(684) Eden regions: 1->0(307)
[2024-08-23T15:52:27.082+0800] GC(684) Survivor regions: 0->0(39)
[2024-08-23T15:52:27.082+0800] GC(684) Old regions: 1->1
[2024-08-23T15:52:27.082+0800] GC(684) Archive regions: 0->0
[2024-08-23T15:52:27.082+0800] GC(684) Humongous regions: 225->14
[2024-08-23T15:52:27.082+0800] GC(684) Metaspace: 302K(512K)->302K(512K) NonClass: 296K(384K)->296K(384K) Class: 6K(128K)->6K(128K)
[2024-08-23T15:52:27.082+0800] GC(684) Pause Young (Concurrent Start) (G1 Humongous Allocation) 226M->14M(512M) 0.977ms
[2024-08-23T15:52:27.082+0800] GC(684) User=0.00s Sys=0.00s Real=0.00s
[2024-08-23T15:52:27.082+0800] GC(685) Concurrent Undo Cycle
[2024-08-23T15:52:27.082+0800] GC(685) Concurrent Cleanup for Next Mark
[2024-08-23T15:52:27.082+0800] GC(685) Concurrent Cleanup for Next Mark 0.282ms
[2024-08-23T15:52:27.082+0800] GC(685) Concurrent Undo Cycle 0.342ms
[2024-08-23T15:52:27.955+0800] GC(686) Pause Young (Concurrent Start) (G1 Humongous Allocation)
[2024-08-23T15:52:27.955+0800] GC(686) Using 6 workers of 6 for evacuation
[2024-08-23T15:52:27.955+0800] GC(686)   Pre Evacuate Collection Set: 0.1ms
[2024-08-23T15:52:27.955+0800] GC(686)   Merge Heap Roots: 0.1ms
[2024-08-23T15:52:27.955+0800] GC(686)   Evacuate Collection Set: 0.1ms
[2024-08-23T15:52:27.955+0800] GC(686)   Post Evacuate Collection Set: 0.3ms
[2024-08-23T15:52:27.955+0800] GC(686)   Other: 0.1ms
[2024-08-23T15:52:27.955+0800] GC(686) Eden regions: 1->0(307)
[2024-08-23T15:52:27.955+0800] GC(686) Survivor regions: 0->0(39)
[2024-08-23T15:52:27.955+0800] GC(686) Old regions: 1->1
[2024-08-23T15:52:27.955+0800] GC(686) Archive regions: 0->0
[2024-08-23T15:52:27.955+0800] GC(686) Humongous regions: 132->70
[2024-08-23T15:52:27.955+0800] GC(686) Metaspace: 302K(512K)->302K(512K) NonClass: 296K(384K)->296K(384K) Class: 6K(128K)->6K(128K)
[2024-08-23T15:52:27.955+0800] GC(686) Pause Young (Concurrent Start) (G1 Humongous Allocation) 133M->70M(512M) 0.856ms
[2024-08-23T15:52:27.955+0800] GC(686) User=0.00s Sys=0.00s Real=0.00s
[2024-08-23T15:52:27.956+0800] GC(687) Concurrent Undo Cycle
[2024-08-23T15:52:27.956+0800] GC(687) Concurrent Cleanup for Next Mark
[2024-08-23T15:52:27.956+0800] GC(687) Concurrent Cleanup for Next Mark 0.246ms
[2024-08-23T15:52:27.956+0800] GC(687) Concurrent Undo Cycle 0.308ms
[2024-08-23T15:52:29.046+0800] GC(688) Pause Young (Concurrent Start) (G1 Humongous Allocation)
[2024-08-23T15:52:29.046+0800] GC(688) Using 6 workers of 6 for evacuation
[2024-08-23T15:52:29.046+0800] GC(688)   Pre Evacuate Collection Set: 0.0ms
[2024-08-23T15:52:29.046+0800] GC(688)   Merge Heap Roots: 0.0ms
[2024-08-23T15:52:29.046+0800] GC(688)   Evacuate Collection Set: 0.1ms
[2024-08-23T15:52:29.046+0800] GC(688)   Post Evacuate Collection Set: 0.2ms
[2024-08-23T15:52:29.046+0800] GC(688)   Other: 0.1ms
[2024-08-23T15:52:29.046+0800] GC(688) Eden regions: 1->0(307)
[2024-08-23T15:52:29.046+0800] GC(688) Survivor regions: 0->0(39)
[2024-08-23T15:52:29.046+0800] GC(688) Old regions: 1->1
[2024-08-23T15:52:29.046+0800] GC(688) Archive regions: 0->0
[2024-08-23T15:52:29.046+0800] GC(688) Humongous regions: 222->36
[2024-08-23T15:52:29.046+0800] GC(688) Metaspace: 302K(512K)->302K(512K) NonClass: 296K(384K)->296K(384K) Class: 6K(128K)->6K(128K)
[2024-08-23T15:52:29.046+0800] GC(688) Pause Young (Concurrent Start) (G1 Humongous Allocation) 223M->36M(512M) 0.511ms
[2024-08-23T15:52:29.046+0800] GC(688) User=0.00s Sys=0.00s Real=0.00s
[2024-08-23T15:52:29.046+0800] GC(689) Concurrent Undo Cycle
[2024-08-23T15:52:29.046+0800] GC(689) Concurrent Cleanup for Next Mark
[2024-08-23T15:52:29.046+0800] GC(689) Concurrent Cleanup for Next Mark 0.249ms
[2024-08-23T15:52:29.046+0800] GC(689) Concurrent Undo Cycle 0.325ms
[2024-08-23T15:52:30.791+0800] GC(690) Pause Young (Concurrent Start) (G1 Humongous Allocation)
[2024-08-23T15:52:30.791+0800] GC(690) Using 6 workers of 6 for evacuation
[2024-08-23T15:52:30.791+0800] GC(690)   Pre Evacuate Collection Set: 0.0ms
[2024-08-23T15:52:30.791+0800] GC(690)   Merge Heap Roots: 0.0ms
[2024-08-23T15:52:30.791+0800] GC(690)   Evacuate Collection Set: 0.1ms
[2024-08-23T15:52:30.791+0800] GC(690)   Post Evacuate Collection Set: 0.1ms
[2024-08-23T15:52:30.791+0800] GC(690)   Other: 0.1ms
[2024-08-23T15:52:30.791+0800] GC(690) Eden regions: 1->0(307)
[2024-08-23T15:52:30.791+0800] GC(690) Survivor regions: 0->0(39)
[2024-08-23T15:52:30.791+0800] GC(690) Old regions: 1->1
[2024-08-23T15:52:30.791+0800] GC(690) Archive regions: 0->0
[2024-08-23T15:52:30.791+0800] GC(690) Humongous regions: 177->78
[2024-08-23T15:52:30.791+0800] GC(690) Metaspace: 302K(512K)->302K(512K) NonClass: 296K(384K)->296K(384K) Class: 6K(128K)->6K(128K)
[2024-08-23T15:52:30.791+0800] GC(690) Pause Young (Concurrent Start) (G1 Humongous Allocation) 178M->78M(512M) 0.531ms
[2024-08-23T15:52:30.791+0800] GC(690) User=0.00s Sys=0.00s Real=0.00s
[2024-08-23T15:52:30.791+0800] GC(691) Concurrent Undo Cycle
[2024-08-23T15:52:30.791+0800] GC(691) Concurrent Cleanup for Next Mark
[2024-08-23T15:52:30.791+0800] GC(691) Concurrent Cleanup for Next Mark 0.248ms
[2024-08-23T15:52:30.791+0800] GC(691) Concurrent Undo Cycle 0.322ms
[2024-08-23T15:52:31.879+0800] GC(692) Pause Young (Concurrent Start) (G1 Humongous Allocation)
[2024-08-23T15:52:31.879+0800] GC(692) Using 6 workers of 6 for evacuation
[2024-08-23T15:52:31.879+0800] GC(692)   Pre Evacuate Collection Set: 0.1ms
[2024-08-23T15:52:31.879+0800] GC(692)   Merge Heap Roots: 0.1ms
[2024-08-23T15:52:31.879+0800] GC(692)   Evacuate Collection Set: 0.2ms
[2024-08-23T15:52:31.879+0800] GC(692)   Post Evacuate Collection Set: 0.4ms
[2024-08-23T15:52:31.879+0800] GC(692)   Other: 0.1ms
[2024-08-23T15:52:31.879+0800] GC(692) Eden regions: 1->0(307)
[2024-08-23T15:52:31.879+0800] GC(692) Survivor regions: 0->0(39)
[2024-08-23T15:52:31.879+0800] GC(692) Old regions: 1->1
[2024-08-23T15:52:31.879+0800] GC(692) Archive regions: 0->0
[2024-08-23T15:52:31.879+0800] GC(692) Humongous regions: 230->44
[2024-08-23T15:52:31.879+0800] GC(692) Metaspace: 302K(512K)->302K(512K) NonClass: 296K(384K)->296K(384K) Class: 6K(128K)->6K(128K)
[2024-08-23T15:52:31.879+0800] GC(692) Pause Young (Concurrent Start) (G1 Humongous Allocation) 231M->44M(512M) 0.877ms
[2024-08-23T15:52:31.879+0800] GC(692) User=0.00s Sys=0.00s Real=0.00s
[2024-08-23T15:52:31.879+0800] GC(693) Concurrent Undo Cycle
[2024-08-23T15:52:31.879+0800] GC(693) Concurrent Cleanup for Next Mark
[2024-08-23T15:52:31.879+0800] GC(693) Concurrent Cleanup for Next Mark 0.242ms
[2024-08-23T15:52:31.879+0800] GC(693) Concurrent Undo Cycle 0.311ms
[2024-08-23T15:52:32.421+0800] GC(694) Pause Young (Concurrent Start) (G1 Humongous Allocation)
[2024-08-23T15:52:32.421+0800] GC(694) Using 6 workers of 6 for evacuation
[2024-08-23T15:52:32.422+0800] GC(694)   Pre Evacuate Collection Set: 0.1ms
[2024-08-23T15:52:32.422+0800] GC(694)   Merge Heap Roots: 0.1ms
[2024-08-23T15:52:32.422+0800] GC(694)   Evacuate Collection Set: 0.1ms
[2024-08-23T15:52:32.422+0800] GC(694)   Post Evacuate Collection Set: 0.4ms
[2024-08-23T15:52:32.422+0800] GC(694)   Other: 0.1ms
[2024-08-23T15:52:32.422+0800] GC(694) Eden regions: 1->0(307)
[2024-08-23T15:52:32.422+0800] GC(694) Survivor regions: 0->0(39)
[2024-08-23T15:52:32.422+0800] GC(694) Old regions: 1->1
[2024-08-23T15:52:32.422+0800] GC(694) Archive regions: 0->0
[2024-08-23T15:52:32.422+0800] GC(694) Humongous regions: 230->86
[2024-08-23T15:52:32.422+0800] GC(694) Metaspace: 302K(512K)->302K(512K) NonClass: 296K(384K)->296K(384K) Class: 6K(128K)->6K(128K)
[2024-08-23T15:52:32.422+0800] GC(694) Pause Young (Concurrent Start) (G1 Humongous Allocation) 231M->86M(512M) 0.898ms
[2024-08-23T15:52:32.422+0800] GC(694) User=0.00s Sys=0.00s Real=0.00s
[2024-08-23T15:52:32.422+0800] GC(695) Concurrent Undo Cycle
[2024-08-23T15:52:32.422+0800] GC(695) Concurrent Cleanup for Next Mark
[2024-08-23T15:52:32.423+0800] GC(695) Concurrent Cleanup for Next Mark 0.238ms
[2024-08-23T15:52:32.423+0800] GC(695) Concurrent Undo Cycle 0.287ms
[2024-08-23T15:52:33.623+0800] GC(696) Pause Young (Concurrent Start) (G1 Humongous Allocation)
[2024-08-23T15:52:33.623+0800] GC(696) Using 6 workers of 6 for evacuation
[2024-08-23T15:52:33.623+0800] GC(696)   Pre Evacuate Collection Set: 0.0ms
[2024-08-23T15:52:33.623+0800] GC(696)   Merge Heap Roots: 0.0ms
[2024-08-23T15:52:33.623+0800] GC(696)   Evacuate Collection Set: 0.1ms
[2024-08-23T15:52:33.623+0800] GC(696)   Post Evacuate Collection Set: 0.1ms
[2024-08-23T15:52:33.623+0800] GC(696)   Other: 0.1ms
[2024-08-23T15:52:33.623+0800] GC(696) Eden regions: 1->0(307)
[2024-08-23T15:52:33.623+0800] GC(696) Survivor regions: 0->0(39)
[2024-08-23T15:52:33.623+0800] GC(696) Old regions: 1->1
[2024-08-23T15:52:33.623+0800] GC(696) Archive regions: 0->0
[2024-08-23T15:52:33.623+0800] GC(696) Humongous regions: 163->51
[2024-08-23T15:52:33.623+0800] GC(696) Metaspace: 302K(512K)->302K(512K) NonClass: 296K(384K)->296K(384K) Class: 6K(128K)->6K(128K)
[2024-08-23T15:52:33.623+0800] GC(696) Pause Young (Concurrent Start) (G1 Humongous Allocation) 164M->51M(512M) 0.514ms
[2024-08-23T15:52:33.623+0800] GC(696) User=0.00s Sys=0.00s Real=0.00s
[2024-08-23T15:52:33.623+0800] GC(697) Concurrent Undo Cycle
[2024-08-23T15:52:33.623+0800] GC(697) Concurrent Cleanup for Next Mark
[2024-08-23T15:52:33.623+0800] GC(697) Concurrent Cleanup for Next Mark 0.268ms
[2024-08-23T15:52:33.624+0800] GC(697) Concurrent Undo Cycle 0.339ms
[2024-08-23T15:52:34.822+0800] GC(698) Pause Young (Concurrent Start) (G1 Humongous Allocation)
[2024-08-23T15:52:34.822+0800] GC(698) Using 6 workers of 6 for evacuation
[2024-08-23T15:52:34.822+0800] GC(698)   Pre Evacuate Collection Set: 0.0ms
[2024-08-23T15:52:34.822+0800] GC(698)   Merge Heap Roots: 0.0ms
[2024-08-23T15:52:34.822+0800] GC(698)   Evacuate Collection Set: 0.1ms
[2024-08-23T15:52:34.822+0800] GC(698)   Post Evacuate Collection Set: 0.1ms
[2024-08-23T15:52:34.822+0800] GC(698)   Other: 0.1ms
[2024-08-23T15:52:34.822+0800] GC(698) Eden regions: 1->0(307)
[2024-08-23T15:52:34.822+0800] GC(698) Survivor regions: 0->0(39)
[2024-08-23T15:52:34.823+0800] GC(698) Old regions: 1->1
[2024-08-23T15:52:34.823+0800] GC(698) Archive regions: 0->0
[2024-08-23T15:52:34.823+0800] GC(698) Humongous regions: 214->118
[2024-08-23T15:52:34.823+0800] GC(698) Metaspace: 302K(512K)->302K(512K) NonClass: 296K(384K)->296K(384K) Class: 6K(128K)->6K(128K)
[2024-08-23T15:52:34.823+0800] GC(698) Pause Young (Concurrent Start) (G1 Humongous Allocation) 215M->118M(512M) 0.497ms
[2024-08-23T15:52:34.823+0800] GC(698) User=0.00s Sys=0.00s Real=0.00s
[2024-08-23T15:52:34.823+0800] GC(699) Concurrent Undo Cycle
[2024-08-23T15:52:34.823+0800] GC(699) Concurrent Cleanup for Next Mark
[2024-08-23T15:52:34.823+0800] GC(699) Concurrent Cleanup for Next Mark 0.230ms
[2024-08-23T15:52:34.823+0800] GC(699) Concurrent Undo Cycle 0.294ms
[2024-08-23T15:52:35.041+0800] GC(700) Pause Young (Concurrent Start) (G1 Humongous Allocation)
[2024-08-23T15:52:35.041+0800] GC(700) Using 6 workers of 6 for evacuation
[2024-08-23T15:52:35.041+0800] GC(700)   Pre Evacuate Collection Set: 0.1ms
[2024-08-23T15:52:35.041+0800] GC(700)   Merge Heap Roots: 0.1ms
[2024-08-23T15:52:35.041+0800] GC(700)   Evacuate Collection Set: 0.2ms
[2024-08-23T15:52:35.041+0800] GC(700)   Post Evacuate Collection Set: 0.3ms
[2024-08-23T15:52:35.041+0800] GC(700)   Other: 0.2ms
[2024-08-23T15:52:35.041+0800] GC(700) Eden regions: 1->0(300)
[2024-08-23T15:52:35.041+0800] GC(700) Survivor regions: 0->0(39)
[2024-08-23T15:52:35.041+0800] GC(700) Old regions: 1->1
[2024-08-23T15:52:35.041+0800] GC(700) Archive regions: 0->0
[2024-08-23T15:52:35.041+0800] GC(700) Humongous regions: 190->158
[2024-08-23T15:52:35.041+0800] GC(700) Metaspace: 302K(512K)->302K(512K) NonClass: 296K(384K)->296K(384K) Class: 6K(128K)->6K(128K)
[2024-08-23T15:52:35.041+0800] GC(700) Pause Young (Concurrent Start) (G1 Humongous Allocation) 191M->158M(512M) 0.990ms
[2024-08-23T15:52:35.041+0800] GC(700) User=0.00s Sys=0.00s Real=0.00s
[2024-08-23T15:52:35.041+0800] GC(701) Concurrent Undo Cycle
[2024-08-23T15:52:35.041+0800] GC(701) Concurrent Cleanup for Next Mark
[2024-08-23T15:52:35.041+0800] GC(701) Concurrent Cleanup for Next Mark 0.248ms
[2024-08-23T15:52:35.041+0800] GC(701) Concurrent Undo Cycle 0.316ms
[2024-08-23T15:52:35.149+0800] GC(702) Pause Young (Concurrent Start) (G1 Humongous Allocation)
[2024-08-23T15:52:35.149+0800] GC(702) Using 6 workers of 6 for evacuation
[2024-08-23T15:52:35.150+0800] GC(702)   Pre Evacuate Collection Set: 0.1ms
[2024-08-23T15:52:35.150+0800] GC(702)   Merge Heap Roots: 0.1ms
[2024-08-23T15:52:35.150+0800] GC(702)   Evacuate Collection Set: 0.1ms
[2024-08-23T15:52:35.150+0800] GC(702)   Post Evacuate Collection Set: 0.4ms
[2024-08-23T15:52:35.150+0800] GC(702)   Other: 0.1ms
[2024-08-23T15:52:35.150+0800] GC(702) Eden regions: 1->0(250)
[2024-08-23T15:52:35.150+0800] GC(702) Survivor regions: 0->0(38)
[2024-08-23T15:52:35.150+0800] GC(702) Old regions: 1->1
[2024-08-23T15:52:35.150+0800] GC(702) Archive regions: 0->0
[2024-08-23T15:52:35.150+0800] GC(702) Humongous regions: 259->208
[2024-08-23T15:52:35.150+0800] GC(702) Metaspace: 302K(512K)->302K(512K) NonClass: 296K(384K)->296K(384K) Class: 6K(128K)->6K(128K)
[2024-08-23T15:52:35.150+0800] GC(702) Pause Young (Concurrent Start) (G1 Humongous Allocation) 260M->208M(512M) 0.991ms
[2024-08-23T15:52:35.150+0800] GC(702) User=0.00s Sys=0.00s Real=0.00s
[2024-08-23T15:52:35.150+0800] GC(703) Concurrent Undo Cycle
[2024-08-23T15:52:35.150+0800] GC(703) Concurrent Cleanup for Next Mark
[2024-08-23T15:52:35.150+0800] GC(703) Concurrent Cleanup for Next Mark 0.195ms
[2024-08-23T15:52:35.150+0800] GC(703) Concurrent Undo Cycle 0.240ms
[2024-08-23T15:52:35.695+0800] GC(704) Pause Young (Concurrent Start) (G1 Humongous Allocation)
[2024-08-23T15:52:35.695+0800] GC(704) Using 6 workers of 6 for evacuation
[2024-08-23T15:52:35.695+0800] GC(704)   Pre Evacuate Collection Set: 0.0ms
[2024-08-23T15:52:35.695+0800] GC(704)   Merge Heap Roots: 0.0ms
[2024-08-23T15:52:35.695+0800] GC(704)   Evacuate Collection Set: 0.1ms
[2024-08-23T15:52:35.695+0800] GC(704)   Post Evacuate Collection Set: 0.1ms
[2024-08-23T15:52:35.695+0800] GC(704)   Other: 0.1ms
[2024-08-23T15:52:35.695+0800] GC(704) Eden regions: 1->0(307)
[2024-08-23T15:52:35.695+0800] GC(704) Survivor regions: 0->0(32)
[2024-08-23T15:52:35.695+0800] GC(704) Old regions: 1->1
[2024-08-23T15:52:35.695+0800] GC(704) Archive regions: 0->0
[2024-08-23T15:52:35.695+0800] GC(704) Humongous regions: 230->115
[2024-08-23T15:52:35.695+0800] GC(704) Metaspace: 302K(512K)->302K(512K) NonClass: 296K(384K)->296K(384K) Class: 6K(128K)->6K(128K)
[2024-08-23T15:52:35.695+0800] GC(704) Pause Young (Concurrent Start) (G1 Humongous Allocation) 231M->115M(512M) 0.498ms
[2024-08-23T15:52:35.695+0800] GC(704) User=0.00s Sys=0.00s Real=0.00s
[2024-08-23T15:52:35.695+0800] GC(705) Concurrent Undo Cycle
[2024-08-23T15:52:35.695+0800] GC(705) Concurrent Cleanup for Next Mark
[2024-08-23T15:52:35.695+0800] GC(705) Concurrent Cleanup for Next Mark 0.218ms
[2024-08-23T15:52:35.695+0800] GC(705) Concurrent Undo Cycle 0.270ms
[2024-08-23T15:52:36.461+0800] GC(706) Pause Young (Concurrent Start) (G1 Humongous Allocation)
[2024-08-23T15:52:36.461+0800] GC(706) Using 6 workers of 6 for evacuation
[2024-08-23T15:52:36.461+0800] GC(706)   Pre Evacuate Collection Set: 0.0ms
[2024-08-23T15:52:36.461+0800] GC(706)   Merge Heap Roots: 0.0ms
[2024-08-23T15:52:36.461+0800] GC(706)   Evacuate Collection Set: 0.1ms
[2024-08-23T15:52:36.461+0800] GC(706)   Post Evacuate Collection Set: 0.1ms
[2024-08-23T15:52:36.461+0800] GC(706)   Other: 0.2ms
[2024-08-23T15:52:36.461+0800] GC(706) Eden regions: 1->0(292)
[2024-08-23T15:52:36.461+0800] GC(706) Survivor regions: 0->0(39)
[2024-08-23T15:52:36.461+0800] GC(706) Old regions: 1->1
[2024-08-23T15:52:36.461+0800] GC(706) Archive regions: 0->0
[2024-08-23T15:52:36.461+0800] GC(706) Humongous regions: 227->166
[2024-08-23T15:52:36.461+0800] GC(706) Metaspace: 302K(512K)->302K(512K) NonClass: 296K(384K)->296K(384K) Class: 6K(128K)->6K(128K)
[2024-08-23T15:52:36.461+0800] GC(706) Pause Young (Concurrent Start) (G1 Humongous Allocation) 228M->166M(512M) 0.579ms
[2024-08-23T15:52:36.461+0800] GC(706) User=0.00s Sys=0.00s Real=0.00s
[2024-08-23T15:52:36.461+0800] GC(707) Concurrent Undo Cycle
[2024-08-23T15:52:36.461+0800] GC(707) Concurrent Cleanup for Next Mark
[2024-08-23T15:52:36.461+0800] GC(707) Concurrent Cleanup for Next Mark 0.308ms
[2024-08-23T15:52:36.461+0800] GC(707) Concurrent Undo Cycle 0.398ms
[2024-08-23T15:52:36.568+0800] GC(708) Pause Young (Concurrent Start) (G1 Humongous Allocation)
[2024-08-23T15:52:36.568+0800] GC(708) Using 6 workers of 6 for evacuation
[2024-08-23T15:52:36.568+0800] GC(708)   Pre Evacuate Collection Set: 0.0ms
[2024-08-23T15:52:36.568+0800] GC(708)   Merge Heap Roots: 0.0ms
[2024-08-23T15:52:36.568+0800] GC(708)   Evacuate Collection Set: 0.1ms
[2024-08-23T15:52:36.568+0800] GC(708)   Post Evacuate Collection Set: 0.1ms
[2024-08-23T15:52:36.568+0800] GC(708)   Other: 0.1ms
[2024-08-23T15:52:36.568+0800] GC(708) Eden regions: 1->0(242)
[2024-08-23T15:52:36.568+0800] GC(708) Survivor regions: 0->0(37)
[2024-08-23T15:52:36.568+0800] GC(708) Old regions: 1->1
[2024-08-23T15:52:36.568+0800] GC(708) Archive regions: 0->0
[2024-08-23T15:52:36.568+0800] GC(708) Humongous regions: 267->216
[2024-08-23T15:52:36.568+0800] GC(708) Metaspace: 302K(512K)->302K(512K) NonClass: 296K(384K)->296K(384K) Class: 6K(128K)->6K(128K)
[2024-08-23T15:52:36.568+0800] GC(708) Pause Young (Concurrent Start) (G1 Humongous Allocation) 268M->216M(512M) 0.556ms
[2024-08-23T15:52:36.568+0800] GC(708) User=0.00s Sys=0.00s Real=0.00s
[2024-08-23T15:52:36.568+0800] GC(709) Concurrent Undo Cycle
[2024-08-23T15:52:36.568+0800] GC(709) Concurrent Cleanup for Next Mark
[2024-08-23T15:52:36.568+0800] GC(709) Concurrent Cleanup for Next Mark 0.197ms
[2024-08-23T15:52:36.568+0800] GC(709) Concurrent Undo Cycle 0.246ms
[2024-08-23T15:52:37.439+0800] GC(710) Pause Young (Concurrent Start) (G1 Humongous Allocation)
[2024-08-23T15:52:37.439+0800] GC(710) Using 6 workers of 6 for evacuation
[2024-08-23T15:52:37.439+0800] GC(710)   Pre Evacuate Collection Set: 0.0ms
[2024-08-23T15:52:37.439+0800] GC(710)   Merge Heap Roots: 0.0ms
[2024-08-23T15:52:37.439+0800] GC(710)   Evacuate Collection Set: 0.1ms
[2024-08-23T15:52:37.439+0800] GC(710)   Post Evacuate Collection Set: 0.2ms
[2024-08-23T15:52:37.439+0800] GC(710)   Other: 0.1ms
[2024-08-23T15:52:37.439+0800] GC(710) Eden regions: 1->0(307)
[2024-08-23T15:52:37.439+0800] GC(710) Survivor regions: 0->0(31)
[2024-08-23T15:52:37.439+0800] GC(710) Old regions: 1->1
[2024-08-23T15:52:37.439+0800] GC(710) Archive regions: 0->0
[2024-08-23T15:52:37.439+0800] GC(710) Humongous regions: 226->6
[2024-08-23T15:52:37.439+0800] GC(710) Metaspace: 302K(512K)->302K(512K) NonClass: 296K(384K)->296K(384K) Class: 6K(128K)->6K(128K)
[2024-08-23T15:52:37.439+0800] GC(710) Pause Young (Concurrent Start) (G1 Humongous Allocation) 227M->6M(512M) 0.526ms
[2024-08-23T15:52:37.439+0800] GC(710) User=0.00s Sys=0.00s Real=0.00s
[2024-08-23T15:52:37.439+0800] GC(711) Concurrent Undo Cycle
[2024-08-23T15:52:37.439+0800] GC(711) Concurrent Cleanup for Next Mark
[2024-08-23T15:52:37.439+0800] GC(711) Concurrent Cleanup for Next Mark 0.231ms
[2024-08-23T15:52:37.439+0800] GC(711) Concurrent Undo Cycle 0.302ms
[2024-08-23T15:52:38.641+0800] GC(712) Pause Young (Concurrent Start) (G1 Humongous Allocation)
[2024-08-23T15:52:38.641+0800] GC(712) Using 6 workers of 6 for evacuation
[2024-08-23T15:52:38.641+0800] GC(712)   Pre Evacuate Collection Set: 0.0ms
[2024-08-23T15:52:38.641+0800] GC(712)   Merge Heap Roots: 0.0ms
[2024-08-23T15:52:38.641+0800] GC(712)   Evacuate Collection Set: 0.1ms
[2024-08-23T15:52:38.641+0800] GC(712)   Post Evacuate Collection Set: 0.2ms
[2024-08-23T15:52:38.641+0800] GC(712)   Other: 0.1ms
[2024-08-23T15:52:38.641+0800] GC(712) Eden regions: 1->0(307)
[2024-08-23T15:52:38.641+0800] GC(712) Survivor regions: 0->0(39)
[2024-08-23T15:52:38.641+0800] GC(712) Old regions: 1->1
[2024-08-23T15:52:38.641+0800] GC(712) Archive regions: 0->0
[2024-08-23T15:52:38.641+0800] GC(712) Humongous regions: 229->23
[2024-08-23T15:52:38.641+0800] GC(712) Metaspace: 302K(512K)->302K(512K) NonClass: 296K(384K)->296K(384K) Class: 6K(128K)->6K(128K)
[2024-08-23T15:52:38.641+0800] GC(712) Pause Young (Concurrent Start) (G1 Humongous Allocation) 230M->23M(512M) 0.535ms
[2024-08-23T15:52:38.641+0800] GC(712) User=0.00s Sys=0.00s Real=0.00s
[2024-08-23T15:52:38.641+0800] GC(713) Concurrent Undo Cycle
[2024-08-23T15:52:38.641+0800] GC(713) Concurrent Cleanup for Next Mark
[2024-08-23T15:52:38.642+0800] GC(713) Concurrent Cleanup for Next Mark 0.302ms
[2024-08-23T15:52:38.642+0800] GC(713) Concurrent Undo Cycle 0.376ms
[2024-08-23T15:52:39.403+0800] GC(714) Pause Young (Concurrent Start) (G1 Humongous Allocation)
[2024-08-23T15:52:39.403+0800] GC(714) Using 6 workers of 6 for evacuation
[2024-08-23T15:52:39.404+0800] GC(714)   Pre Evacuate Collection Set: 0.1ms
[2024-08-23T15:52:39.404+0800] GC(714)   Merge Heap Roots: 0.1ms
[2024-08-23T15:52:39.404+0800] GC(714)   Evacuate Collection Set: 0.1ms
[2024-08-23T15:52:39.404+0800] GC(714)   Post Evacuate Collection Set: 0.4ms
[2024-08-23T15:52:39.404+0800] GC(714)   Other: 0.1ms
[2024-08-23T15:52:39.404+0800] GC(714) Eden regions: 1->0(307)
[2024-08-23T15:52:39.404+0800] GC(714) Survivor regions: 0->0(39)
[2024-08-23T15:52:39.404+0800] GC(714) Old regions: 1->1
[2024-08-23T15:52:39.404+0800] GC(714) Archive regions: 0->0
[2024-08-23T15:52:39.404+0800] GC(714) Humongous regions: 230->129
[2024-08-23T15:52:39.404+0800] GC(714) Metaspace: 302K(512K)->302K(512K) NonClass: 296K(384K)->296K(384K) Class: 6K(128K)->6K(128K)
[2024-08-23T15:52:39.404+0800] GC(714) Pause Young (Concurrent Start) (G1 Humongous Allocation) 231M->129M(512M) 0.932ms
[2024-08-23T15:52:39.404+0800] GC(714) User=0.00s Sys=0.00s Real=0.00s
[2024-08-23T15:52:39.404+0800] GC(715) Concurrent Undo Cycle
[2024-08-23T15:52:39.404+0800] GC(715) Concurrent Cleanup for Next Mark
[2024-08-23T15:52:39.404+0800] GC(715) Concurrent Cleanup for Next Mark 0.295ms
[2024-08-23T15:52:39.404+0800] GC(715) Concurrent Undo Cycle 0.344ms
[2024-08-23T15:52:41.479+0800] GC(716) Pause Young (Concurrent Start) (G1 Humongous Allocation)
[2024-08-23T15:52:41.479+0800] GC(716) Using 6 workers of 6 for evacuation
[2024-08-23T15:52:41.479+0800] GC(716)   Pre Evacuate Collection Set: 0.0ms
[2024-08-23T15:52:41.479+0800] GC(716)   Merge Heap Roots: 0.0ms
[2024-08-23T15:52:41.479+0800] GC(716)   Evacuate Collection Set: 0.1ms
[2024-08-23T15:52:41.479+0800] GC(716)   Post Evacuate Collection Set: 0.2ms
[2024-08-23T15:52:41.479+0800] GC(716)   Other: 0.1ms
[2024-08-23T15:52:41.479+0800] GC(716) Eden regions: 1->0(307)
[2024-08-23T15:52:41.479+0800] GC(716) Survivor regions: 0->0(39)
[2024-08-23T15:52:41.479+0800] GC(716) Old regions: 1->1
[2024-08-23T15:52:41.479+0800] GC(716) Archive regions: 0->0
[2024-08-23T15:52:41.479+0800] GC(716) Humongous regions: 230->12
[2024-08-23T15:52:41.479+0800] GC(716) Metaspace: 302K(512K)->302K(512K) NonClass: 296K(384K)->296K(384K) Class: 6K(128K)->6K(128K)
[2024-08-23T15:52:41.479+0800] GC(716) Pause Young (Concurrent Start) (G1 Humongous Allocation) 231M->12M(512M) 0.532ms
[2024-08-23T15:52:41.479+0800] GC(716) User=0.00s Sys=0.00s Real=0.00s
[2024-08-23T15:52:41.479+0800] GC(717) Concurrent Undo Cycle
[2024-08-23T15:52:41.479+0800] GC(717) Concurrent Cleanup for Next Mark
[2024-08-23T15:52:41.479+0800] GC(717) Concurrent Cleanup for Next Mark 0.311ms
[2024-08-23T15:52:41.479+0800] GC(717) Concurrent Undo Cycle 0.372ms
[2024-08-23T15:52:42.568+0800] GC(718) Pause Young (Concurrent Start) (G1 Humongous Allocation)
[2024-08-23T15:52:42.568+0800] GC(718) Using 6 workers of 6 for evacuation
[2024-08-23T15:52:42.568+0800] GC(718)   Pre Evacuate Collection Set: 0.0ms
[2024-08-23T15:52:42.568+0800] GC(718)   Merge Heap Roots: 0.0ms
[2024-08-23T15:52:42.568+0800] GC(718)   Evacuate Collection Set: 0.1ms
[2024-08-23T15:52:42.568+0800] GC(718)   Post Evacuate Collection Set: 0.3ms
[2024-08-23T15:52:42.568+0800] GC(718)   Other: 0.1ms
[2024-08-23T15:52:42.568+0800] GC(718) Eden regions: 1->0(307)
[2024-08-23T15:52:42.568+0800] GC(718) Survivor regions: 0->0(39)
[2024-08-23T15:52:42.568+0800] GC(718) Old regions: 1->1
[2024-08-23T15:52:42.568+0800] GC(718) Archive regions: 0->0
[2024-08-23T15:52:42.568+0800] GC(718) Humongous regions: 229->63
[2024-08-23T15:52:42.568+0800] GC(718) Metaspace: 302K(512K)->302K(512K) NonClass: 296K(384K)->296K(384K) Class: 6K(128K)->6K(128K)
[2024-08-23T15:52:42.568+0800] GC(718) Pause Young (Concurrent Start) (G1 Humongous Allocation) 230M->63M(512M) 0.661ms
[2024-08-23T15:52:42.568+0800] GC(718) User=0.00s Sys=0.00s Real=0.00s
[2024-08-23T15:52:42.568+0800] GC(719) Concurrent Undo Cycle
[2024-08-23T15:52:42.568+0800] GC(719) Concurrent Cleanup for Next Mark
[2024-08-23T15:52:42.568+0800] GC(719) Concurrent Cleanup for Next Mark 0.253ms
[2024-08-23T15:52:42.568+0800] GC(719) Concurrent Undo Cycle 0.305ms
[2024-08-23T15:52:43.553+0800] GC(720) Pause Young (Concurrent Start) (G1 Humongous Allocation)
[2024-08-23T15:52:43.553+0800] GC(720) Using 6 workers of 6 for evacuation
[2024-08-23T15:52:43.553+0800] GC(720)   Pre Evacuate Collection Set: 0.1ms
[2024-08-23T15:52:43.554+0800] GC(720)   Merge Heap Roots: 0.1ms
[2024-08-23T15:52:43.554+0800] GC(720)   Evacuate Collection Set: 0.1ms
[2024-08-23T15:52:43.554+0800] GC(720)   Post Evacuate Collection Set: 0.4ms
[2024-08-23T15:52:43.554+0800] GC(720)   Other: 0.1ms
[2024-08-23T15:52:43.554+0800] GC(720) Eden regions: 1->0(307)
[2024-08-23T15:52:43.554+0800] GC(720) Survivor regions: 0->0(39)
[2024-08-23T15:52:43.554+0800] GC(720) Old regions: 1->1
[2024-08-23T15:52:43.554+0800] GC(720) Archive regions: 0->0
[2024-08-23T15:52:43.554+0800] GC(720) Humongous regions: 187->114
[2024-08-23T15:52:43.554+0800] GC(720) Metaspace: 302K(512K)->302K(512K) NonClass: 296K(384K)->296K(384K) Class: 6K(128K)->6K(128K)
[2024-08-23T15:52:43.554+0800] GC(720) Pause Young (Concurrent Start) (G1 Humongous Allocation) 188M->114M(512M) 0.997ms
[2024-08-23T15:52:43.554+0800] GC(720) User=0.00s Sys=0.00s Real=0.00s
[2024-08-23T15:52:43.554+0800] GC(721) Concurrent Undo Cycle
[2024-08-23T15:52:43.554+0800] GC(721) Concurrent Cleanup for Next Mark
[2024-08-23T15:52:43.554+0800] GC(721) Concurrent Cleanup for Next Mark 0.309ms
[2024-08-23T15:52:43.554+0800] GC(721) Concurrent Undo Cycle 0.381ms
[2024-08-23T15:52:43.987+0800] GC(722) Pause Young (Concurrent Start) (G1 Humongous Allocation)
[2024-08-23T15:52:43.987+0800] GC(722) Using 6 workers of 6 for evacuation
[2024-08-23T15:52:43.988+0800] GC(722)   Pre Evacuate Collection Set: 0.1ms
[2024-08-23T15:52:43.988+0800] GC(722)   Merge Heap Roots: 0.1ms
[2024-08-23T15:52:43.988+0800] GC(722)   Evacuate Collection Set: 0.1ms
[2024-08-23T15:52:43.988+0800] GC(722)   Post Evacuate Collection Set: 0.4ms
[2024-08-23T15:52:43.988+0800] GC(722)   Other: 0.1ms
[2024-08-23T15:52:43.988+0800] GC(722) Eden regions: 1->0(288)
[2024-08-23T15:52:43.988+0800] GC(722) Survivor regions: 0->0(39)
[2024-08-23T15:52:43.988+0800] GC(722) Old regions: 1->1
[2024-08-23T15:52:43.988+0800] GC(722) Archive regions: 0->0
[2024-08-23T15:52:43.988+0800] GC(722) Humongous regions: 225->170
[2024-08-23T15:52:43.988+0800] GC(722) Metaspace: 302K(512K)->302K(512K) NonClass: 296K(384K)->296K(384K) Class: 6K(128K)->6K(128K)
[2024-08-23T15:52:43.988+0800] GC(722) Pause Young (Concurrent Start) (G1 Humongous Allocation) 226M->170M(512M) 1.005ms
[2024-08-23T15:52:43.988+0800] GC(722) User=0.00s Sys=0.00s Real=0.00s
[2024-08-23T15:52:43.988+0800] GC(723) Concurrent Undo Cycle
[2024-08-23T15:52:43.988+0800] GC(723) Concurrent Cleanup for Next Mark
[2024-08-23T15:52:43.988+0800] GC(723) Concurrent Cleanup for Next Mark 0.252ms
[2024-08-23T15:52:43.988+0800] GC(723) Concurrent Undo Cycle 0.319ms
[2024-08-23T15:52:44.969+0800] GC(724) Pause Young (Concurrent Start) (G1 Humongous Allocation)
[2024-08-23T15:52:44.969+0800] GC(724) Using 6 workers of 6 for evacuation
[2024-08-23T15:52:44.970+0800] GC(724)   Pre Evacuate Collection Set: 0.1ms
[2024-08-23T15:52:44.970+0800] GC(724)   Merge Heap Roots: 0.1ms
[2024-08-23T15:52:44.970+0800] GC(724)   Evacuate Collection Set: 0.2ms
[2024-08-23T15:52:44.970+0800] GC(724)   Post Evacuate Collection Set: 0.4ms
[2024-08-23T15:52:44.970+0800] GC(724)   Other: 0.1ms
[2024-08-23T15:52:44.970+0800] GC(724) Eden regions: 1->0(307)
[2024-08-23T15:52:44.970+0800] GC(724) Survivor regions: 0->0(36)
[2024-08-23T15:52:44.970+0800] GC(724) Old regions: 1->1
[2024-08-23T15:52:44.970+0800] GC(724) Archive regions: 0->0
[2024-08-23T15:52:44.970+0800] GC(724) Humongous regions: 194->6
[2024-08-23T15:52:44.970+0800] GC(724) Metaspace: 302K(512K)->302K(512K) NonClass: 296K(384K)->296K(384K) Class: 6K(128K)->6K(128K)
[2024-08-23T15:52:44.970+0800] GC(724) Pause Young (Concurrent Start) (G1 Humongous Allocation) 195M->6M(512M) 0.999ms
[2024-08-23T15:52:44.970+0800] GC(724) User=0.00s Sys=0.00s Real=0.00s
[2024-08-23T15:52:44.970+0800] GC(725) Concurrent Undo Cycle
[2024-08-23T15:52:44.970+0800] GC(725) Concurrent Cleanup for Next Mark
[2024-08-23T15:52:44.970+0800] GC(725) Concurrent Cleanup for Next Mark 0.290ms
[2024-08-23T15:52:44.970+0800] GC(725) Concurrent Undo Cycle 0.354ms
[2024-08-23T15:52:46.278+0800] GC(726) Pause Young (Concurrent Start) (G1 Humongous Allocation)
[2024-08-23T15:52:46.278+0800] GC(726) Using 6 workers of 6 for evacuation
[2024-08-23T15:52:46.278+0800] GC(726)   Pre Evacuate Collection Set: 0.1ms
[2024-08-23T15:52:46.278+0800] GC(726)   Merge Heap Roots: 0.1ms
[2024-08-23T15:52:46.278+0800] GC(726)   Evacuate Collection Set: 0.1ms
[2024-08-23T15:52:46.278+0800] GC(726)   Post Evacuate Collection Set: 0.4ms
[2024-08-23T15:52:46.278+0800] GC(726)   Other: 0.1ms
[2024-08-23T15:52:46.279+0800] GC(726) Eden regions: 1->0(307)
[2024-08-23T15:52:46.279+0800] GC(726) Survivor regions: 0->0(39)
[2024-08-23T15:52:46.279+0800] GC(726) Old regions: 1->1
[2024-08-23T15:52:46.279+0800] GC(726) Archive regions: 0->0
[2024-08-23T15:52:46.279+0800] GC(726) Humongous regions: 190->29
[2024-08-23T15:52:46.279+0800] GC(726) Metaspace: 302K(512K)->302K(512K) NonClass: 296K(384K)->296K(384K) Class: 6K(128K)->6K(128K)
[2024-08-23T15:52:46.279+0800] GC(726) Pause Young (Concurrent Start) (G1 Humongous Allocation) 191M->29M(512M) 0.890ms
[2024-08-23T15:52:46.279+0800] GC(726) User=0.00s Sys=0.00s Real=0.00s
[2024-08-23T15:52:46.279+0800] GC(727) Concurrent Undo Cycle
[2024-08-23T15:52:46.279+0800] GC(727) Concurrent Cleanup for Next Mark
[2024-08-23T15:52:46.279+0800] GC(727) Concurrent Cleanup for Next Mark 0.331ms
[2024-08-23T15:52:46.279+0800] GC(727) Concurrent Undo Cycle 0.419ms
[2024-08-23T15:52:47.368+0800] GC(728) Pause Young (Concurrent Start) (G1 Humongous Allocation)
[2024-08-23T15:52:47.368+0800] GC(728) Using 6 workers of 6 for evacuation
[2024-08-23T15:52:47.369+0800] GC(728)   Pre Evacuate Collection Set: 0.1ms
[2024-08-23T15:52:47.369+0800] GC(728)   Merge Heap Roots: 0.1ms
[2024-08-23T15:52:47.369+0800] GC(728)   Evacuate Collection Set: 0.1ms
[2024-08-23T15:52:47.369+0800] GC(728)   Post Evacuate Collection Set: 0.4ms
[2024-08-23T15:52:47.369+0800] GC(728)   Other: 0.1ms
[2024-08-23T15:52:47.369+0800] GC(728) Eden regions: 1->0(307)
[2024-08-23T15:52:47.369+0800] GC(728) Survivor regions: 0->0(39)
[2024-08-23T15:52:47.369+0800] GC(728) Old regions: 1->1
[2024-08-23T15:52:47.369+0800] GC(728) Archive regions: 0->0
[2024-08-23T15:52:47.369+0800] GC(728) Humongous regions: 221->16
[2024-08-23T15:52:47.369+0800] GC(728) Metaspace: 302K(512K)->302K(512K) NonClass: 296K(384K)->296K(384K) Class: 6K(128K)->6K(128K)
[2024-08-23T15:52:47.369+0800] GC(728) Pause Young (Concurrent Start) (G1 Humongous Allocation) 222M->16M(512M) 0.986ms
[2024-08-23T15:52:47.369+0800] GC(728) User=0.00s Sys=0.00s Real=0.00s
[2024-08-23T15:52:47.369+0800] GC(729) Concurrent Undo Cycle
[2024-08-23T15:52:47.369+0800] GC(729) Concurrent Cleanup for Next Mark
[2024-08-23T15:52:47.369+0800] GC(729) Concurrent Cleanup for Next Mark 0.286ms
[2024-08-23T15:52:47.369+0800] GC(729) Concurrent Undo Cycle 0.358ms
[2024-08-23T15:52:48.790+0800] GC(730) Pause Young (Concurrent Start) (G1 Humongous Allocation)
[2024-08-23T15:52:48.790+0800] GC(730) Using 6 workers of 6 for evacuation
[2024-08-23T15:52:48.790+0800] GC(730)   Pre Evacuate Collection Set: 0.0ms
[2024-08-23T15:52:48.790+0800] GC(730)   Merge Heap Roots: 0.0ms
[2024-08-23T15:52:48.790+0800] GC(730)   Evacuate Collection Set: 0.1ms
[2024-08-23T15:52:48.790+0800] GC(730)   Post Evacuate Collection Set: 0.2ms
[2024-08-23T15:52:48.790+0800] GC(730)   Other: 0.1ms
[2024-08-23T15:52:48.790+0800] GC(730) Eden regions: 1->0(307)
[2024-08-23T15:52:48.790+0800] GC(730) Survivor regions: 0->0(39)
[2024-08-23T15:52:48.790+0800] GC(730) Old regions: 1->1
[2024-08-23T15:52:48.790+0800] GC(730) Archive regions: 0->0
[2024-08-23T15:52:48.790+0800] GC(730) Humongous regions: 221->6
[2024-08-23T15:52:48.790+0800] GC(730) Metaspace: 302K(512K)->302K(512K) NonClass: 296K(384K)->296K(384K) Class: 6K(128K)->6K(128K)
[2024-08-23T15:52:48.790+0800] GC(730) Pause Young (Concurrent Start) (G1 Humongous Allocation) 222M->6M(512M) 0.570ms
[2024-08-23T15:52:48.790+0800] GC(730) User=0.00s Sys=0.00s Real=0.00s
[2024-08-23T15:52:48.790+0800] GC(731) Concurrent Undo Cycle
[2024-08-23T15:52:48.790+0800] GC(731) Concurrent Cleanup for Next Mark
[2024-08-23T15:52:48.791+0800] GC(731) Concurrent Cleanup for Next Mark 0.269ms
[2024-08-23T15:52:48.791+0800] GC(731) Concurrent Undo Cycle 0.339ms
[2024-08-23T15:52:49.986+0800] GC(732) Pause Young (Concurrent Start) (G1 Humongous Allocation)
[2024-08-23T15:52:49.986+0800] GC(732) Using 6 workers of 6 for evacuation
[2024-08-23T15:52:49.986+0800] GC(732)   Pre Evacuate Collection Set: 0.0ms
[2024-08-23T15:52:49.986+0800] GC(732)   Merge Heap Roots: 0.0ms
[2024-08-23T15:52:49.986+0800] GC(732)   Evacuate Collection Set: 0.1ms
[2024-08-23T15:52:49.986+0800] GC(732)   Post Evacuate Collection Set: 0.2ms
[2024-08-23T15:52:49.986+0800] GC(732)   Other: 0.1ms
[2024-08-23T15:52:49.986+0800] GC(732) Eden regions: 1->0(307)
[2024-08-23T15:52:49.986+0800] GC(732) Survivor regions: 0->0(39)
[2024-08-23T15:52:49.986+0800] GC(732) Old regions: 1->1
[2024-08-23T15:52:49.986+0800] GC(732) Archive regions: 0->0
[2024-08-23T15:52:49.986+0800] GC(732) Humongous regions: 229->23
[2024-08-23T15:52:49.986+0800] GC(732) Metaspace: 302K(512K)->302K(512K) NonClass: 296K(384K)->296K(384K) Class: 6K(128K)->6K(128K)
[2024-08-23T15:52:49.986+0800] GC(732) Pause Young (Concurrent Start) (G1 Humongous Allocation) 230M->23M(512M) 0.535ms
[2024-08-23T15:52:49.986+0800] GC(732) User=0.00s Sys=0.00s Real=0.00s
[2024-08-23T15:52:49.986+0800] GC(733) Concurrent Undo Cycle
[2024-08-23T15:52:49.986+0800] GC(733) Concurrent Cleanup for Next Mark
[2024-08-23T15:52:49.987+0800] GC(733) Concurrent Cleanup for Next Mark 0.267ms
[2024-08-23T15:52:49.987+0800] GC(733) Concurrent Undo Cycle 0.329ms
[2024-08-23T15:52:50.755+0800] GC(734) Pause Young (Concurrent Start) (G1 Humongous Allocation)
[2024-08-23T15:52:50.755+0800] GC(734) Using 6 workers of 6 for evacuation
[2024-08-23T15:52:50.755+0800] GC(734)   Pre Evacuate Collection Set: 0.1ms
[2024-08-23T15:52:50.755+0800] GC(734)   Merge Heap Roots: 0.1ms
[2024-08-23T15:52:50.755+0800] GC(734)   Evacuate Collection Set: 0.1ms
[2024-08-23T15:52:50.755+0800] GC(734)   Post Evacuate Collection Set: 0.4ms
[2024-08-23T15:52:50.755+0800] GC(734)   Other: 0.1ms
[2024-08-23T15:52:50.755+0800] GC(734) Eden regions: 1->0(307)
[2024-08-23T15:52:50.755+0800] GC(734) Survivor regions: 0->0(39)
[2024-08-23T15:52:50.755+0800] GC(734) Old regions: 1->1
[2024-08-23T15:52:50.756+0800] GC(734) Archive regions: 0->0
[2024-08-23T15:52:50.756+0800] GC(734) Humongous regions: 230->139
[2024-08-23T15:52:50.756+0800] GC(734) Metaspace: 302K(512K)->302K(512K) NonClass: 296K(384K)->296K(384K) Class: 6K(128K)->6K(128K)
[2024-08-23T15:52:50.756+0800] GC(734) Pause Young (Concurrent Start) (G1 Humongous Allocation) 231M->139M(512M) 0.835ms
[2024-08-23T15:52:50.756+0800] GC(734) User=0.00s Sys=0.00s Real=0.00s
[2024-08-23T15:52:50.756+0800] GC(735) Concurrent Undo Cycle
[2024-08-23T15:52:50.756+0800] GC(735) Concurrent Cleanup for Next Mark
[2024-08-23T15:52:50.756+0800] GC(735) Concurrent Cleanup for Next Mark 0.260ms
[2024-08-23T15:52:50.756+0800] GC(735) Concurrent Undo Cycle 0.310ms
[2024-08-23T15:52:51.957+0800] GC(736) Pause Young (Concurrent Start) (G1 Humongous Allocation)
[2024-08-23T15:52:51.957+0800] GC(736) Using 6 workers of 6 for evacuation
[2024-08-23T15:52:51.957+0800] GC(736)   Pre Evacuate Collection Set: 0.1ms
[2024-08-23T15:52:51.957+0800] GC(736)   Merge Heap Roots: 0.1ms
[2024-08-23T15:52:51.957+0800] GC(736)   Evacuate Collection Set: 0.1ms
[2024-08-23T15:52:51.957+0800] GC(736)   Post Evacuate Collection Set: 0.4ms
[2024-08-23T15:52:51.957+0800] GC(736)   Other: 0.1ms
[2024-08-23T15:52:51.957+0800] GC(736) Eden regions: 1->0(307)
[2024-08-23T15:52:51.957+0800] GC(736) Survivor regions: 0->0(39)
[2024-08-23T15:52:51.957+0800] GC(736) Old regions: 1->1
[2024-08-23T15:52:51.957+0800] GC(736) Archive regions: 0->0
[2024-08-23T15:52:51.957+0800] GC(736) Humongous regions: 222->65
[2024-08-23T15:52:51.957+0800] GC(736) Metaspace: 302K(512K)->302K(512K) NonClass: 296K(384K)->296K(384K) Class: 6K(128K)->6K(128K)
[2024-08-23T15:52:51.957+0800] GC(736) Pause Young (Concurrent Start) (G1 Humongous Allocation) 223M->65M(512M) 0.941ms
[2024-08-23T15:52:51.957+0800] GC(736) User=0.00s Sys=0.00s Real=0.00s
[2024-08-23T15:52:51.957+0800] GC(737) Concurrent Undo Cycle
[2024-08-23T15:52:51.957+0800] GC(737) Concurrent Cleanup for Next Mark
[2024-08-23T15:52:51.958+0800] GC(737) Concurrent Cleanup for Next Mark 0.359ms
[2024-08-23T15:52:51.958+0800] GC(737) Concurrent Undo Cycle 0.461ms
[2024-08-23T15:52:53.374+0800] GC(738) Pause Young (Concurrent Start) (G1 Humongous Allocation)
[2024-08-23T15:52:53.374+0800] GC(738) Using 6 workers of 6 for evacuation
[2024-08-23T15:52:53.375+0800] GC(738)   Pre Evacuate Collection Set: 0.1ms
[2024-08-23T15:52:53.375+0800] GC(738)   Merge Heap Roots: 0.1ms
[2024-08-23T15:52:53.375+0800] GC(738)   Evacuate Collection Set: 0.1ms
[2024-08-23T15:52:53.375+0800] GC(738)   Post Evacuate Collection Set: 0.4ms
[2024-08-23T15:52:53.375+0800] GC(738)   Other: 0.1ms
[2024-08-23T15:52:53.375+0800] GC(738) Eden regions: 1->0(307)
[2024-08-23T15:52:53.375+0800] GC(738) Survivor regions: 0->0(39)
[2024-08-23T15:52:53.375+0800] GC(738) Old regions: 1->1
[2024-08-23T15:52:53.375+0800] GC(738) Archive regions: 0->0
[2024-08-23T15:52:53.375+0800] GC(738) Humongous regions: 183->27
[2024-08-23T15:52:53.375+0800] GC(738) Metaspace: 302K(512K)->302K(512K) NonClass: 296K(384K)->296K(384K) Class: 6K(128K)->6K(128K)
[2024-08-23T15:52:53.375+0800] GC(738) Pause Young (Concurrent Start) (G1 Humongous Allocation) 184M->27M(512M) 0.883ms
[2024-08-23T15:52:53.375+0800] GC(738) User=0.00s Sys=0.00s Real=0.00s
[2024-08-23T15:52:53.375+0800] GC(739) Concurrent Undo Cycle
[2024-08-23T15:52:53.375+0800] GC(739) Concurrent Cleanup for Next Mark
[2024-08-23T15:52:53.375+0800] GC(739) Concurrent Cleanup for Next Mark 0.244ms
[2024-08-23T15:52:53.375+0800] GC(739) Concurrent Undo Cycle 0.308ms
[2024-08-23T15:52:54.574+0800] GC(740) Pause Young (Concurrent Start) (G1 Humongous Allocation)
[2024-08-23T15:52:54.574+0800] GC(740) Using 6 workers of 6 for evacuation
[2024-08-23T15:52:54.574+0800] GC(740)   Pre Evacuate Collection Set: 0.1ms
[2024-08-23T15:52:54.574+0800] GC(740)   Merge Heap Roots: 0.1ms
[2024-08-23T15:52:54.574+0800] GC(740)   Evacuate Collection Set: 0.1ms
[2024-08-23T15:52:54.574+0800] GC(740)   Post Evacuate Collection Set: 0.2ms
[2024-08-23T15:52:54.574+0800] GC(740)   Other: 0.1ms
[2024-08-23T15:52:54.574+0800] GC(740) Eden regions: 1->0(307)
[2024-08-23T15:52:54.574+0800] GC(740) Survivor regions: 0->0(39)
[2024-08-23T15:52:54.574+0800] GC(740) Old regions: 1->1
[2024-08-23T15:52:54.574+0800] GC(740) Archive regions: 0->0
[2024-08-23T15:52:54.574+0800] GC(740) Humongous regions: 230->124
[2024-08-23T15:52:54.574+0800] GC(740) Metaspace: 302K(512K)->302K(512K) NonClass: 296K(384K)->296K(384K) Class: 6K(128K)->6K(128K)
[2024-08-23T15:52:54.574+0800] GC(740) Pause Young (Concurrent Start) (G1 Humongous Allocation) 231M->124M(512M) 0.580ms
[2024-08-23T15:52:54.574+0800] GC(740) User=0.00s Sys=0.00s Real=0.00s
[2024-08-23T15:52:54.574+0800] GC(741) Concurrent Undo Cycle
[2024-08-23T15:52:54.574+0800] GC(741) Concurrent Cleanup for Next Mark
[2024-08-23T15:52:54.575+0800] GC(741) Concurrent Cleanup for Next Mark 0.260ms
[2024-08-23T15:52:54.575+0800] GC(741) Concurrent Undo Cycle 0.327ms
[2024-08-23T15:52:54.900+0800] GC(742) Pause Young (Concurrent Start) (G1 Humongous Allocation)
[2024-08-23T15:52:54.900+0800] GC(742) Using 6 workers of 6 for evacuation
[2024-08-23T15:52:54.900+0800] GC(742)   Pre Evacuate Collection Set: 0.1ms
[2024-08-23T15:52:54.900+0800] GC(742)   Merge Heap Roots: 0.1ms
[2024-08-23T15:52:54.900+0800] GC(742)   Evacuate Collection Set: 0.1ms
[2024-08-23T15:52:54.900+0800] GC(742)   Post Evacuate Collection Set: 0.4ms
[2024-08-23T15:52:54.900+0800] GC(742)   Other: 0.1ms
[2024-08-23T15:52:54.900+0800] GC(742) Eden regions: 1->0(294)
[2024-08-23T15:52:54.900+0800] GC(742) Survivor regions: 0->0(39)
[2024-08-23T15:52:54.900+0800] GC(742) Old regions: 1->1
[2024-08-23T15:52:54.900+0800] GC(742) Archive regions: 0->0
[2024-08-23T15:52:54.900+0800] GC(742) Humongous regions: 207->164
[2024-08-23T15:52:54.900+0800] GC(742) Metaspace: 302K(512K)->302K(512K) NonClass: 296K(384K)->296K(384K) Class: 6K(128K)->6K(128K)
[2024-08-23T15:52:54.900+0800] GC(742) Pause Young (Concurrent Start) (G1 Humongous Allocation) 208M->164M(512M) 0.872ms
[2024-08-23T15:52:54.900+0800] GC(742) User=0.00s Sys=0.00s Real=0.00s
[2024-08-23T15:52:54.900+0800] GC(743) Concurrent Undo Cycle
[2024-08-23T15:52:54.900+0800] GC(743) Concurrent Cleanup for Next Mark
[2024-08-23T15:52:54.902+0800] GC(743) Concurrent Cleanup for Next Mark 0.272ms
[2024-08-23T15:52:54.902+0800] GC(743) Concurrent Undo Cycle 0.352ms
[2024-08-23T15:52:55.009+0800] GC(744) Pause Young (Concurrent Start) (G1 Humongous Allocation)
[2024-08-23T15:52:55.009+0800] GC(744) Using 6 workers of 6 for evacuation
[2024-08-23T15:52:55.009+0800] GC(744)   Pre Evacuate Collection Set: 0.1ms
[2024-08-23T15:52:55.009+0800] GC(744)   Merge Heap Roots: 0.1ms
[2024-08-23T15:52:55.009+0800] GC(744)   Evacuate Collection Set: 0.2ms
[2024-08-23T15:52:55.009+0800] GC(744)   Post Evacuate Collection Set: 0.4ms
[2024-08-23T15:52:55.009+0800] GC(744)   Other: 0.1ms
[2024-08-23T15:52:55.009+0800] GC(744) Eden regions: 1->0(244)
[2024-08-23T15:52:55.009+0800] GC(744) Survivor regions: 0->0(37)
[2024-08-23T15:52:55.009+0800] GC(744) Old regions: 1->1
[2024-08-23T15:52:55.009+0800] GC(744) Archive regions: 0->0
[2024-08-23T15:52:55.009+0800] GC(744) Humongous regions: 265->214
[2024-08-23T15:52:55.009+0800] GC(744) Metaspace: 302K(512K)->302K(512K) NonClass: 296K(384K)->296K(384K) Class: 6K(128K)->6K(128K)
[2024-08-23T15:52:55.009+0800] GC(744) Pause Young (Concurrent Start) (G1 Humongous Allocation) 266M->214M(512M) 0.954ms
[2024-08-23T15:52:55.009+0800] GC(744) User=0.00s Sys=0.00s Real=0.00s
[2024-08-23T15:52:55.009+0800] GC(745) Concurrent Undo Cycle
[2024-08-23T15:52:55.009+0800] GC(745) Concurrent Cleanup for Next Mark
[2024-08-23T15:52:55.010+0800] GC(745) Concurrent Cleanup for Next Mark 0.240ms
[2024-08-23T15:52:55.010+0800] GC(745) Concurrent Undo Cycle 0.291ms
[2024-08-23T15:52:55.447+0800] GC(746) Pause Young (Concurrent Start) (G1 Humongous Allocation)
[2024-08-23T15:52:55.447+0800] GC(746) Using 6 workers of 6 for evacuation
[2024-08-23T15:52:55.447+0800] GC(746)   Pre Evacuate Collection Set: 0.0ms
[2024-08-23T15:52:55.447+0800] GC(746)   Merge Heap Roots: 0.0ms
[2024-08-23T15:52:55.447+0800] GC(746)   Evacuate Collection Set: 0.1ms
[2024-08-23T15:52:55.447+0800] GC(746)   Post Evacuate Collection Set: 0.1ms
[2024-08-23T15:52:55.447+0800] GC(746)   Other: 0.1ms
[2024-08-23T15:52:55.447+0800] GC(746) Eden regions: 1->0(307)
[2024-08-23T15:52:55.447+0800] GC(746) Survivor regions: 0->0(31)
[2024-08-23T15:52:55.447+0800] GC(746) Old regions: 1->1
[2024-08-23T15:52:55.447+0800] GC(746) Archive regions: 0->0
[2024-08-23T15:52:55.447+0800] GC(746) Humongous regions: 230->121
[2024-08-23T15:52:55.447+0800] GC(746) Metaspace: 302K(512K)->302K(512K) NonClass: 296K(384K)->296K(384K) Class: 6K(128K)->6K(128K)
[2024-08-23T15:52:55.447+0800] GC(746) Pause Young (Concurrent Start) (G1 Humongous Allocation) 231M->121M(512M) 0.522ms
[2024-08-23T15:52:55.447+0800] GC(746) User=0.00s Sys=0.00s Real=0.00s
[2024-08-23T15:52:55.447+0800] GC(747) Concurrent Undo Cycle
[2024-08-23T15:52:55.447+0800] GC(747) Concurrent Cleanup for Next Mark
[2024-08-23T15:52:55.447+0800] GC(747) Concurrent Cleanup for Next Mark 0.253ms
[2024-08-23T15:52:55.447+0800] GC(747) Concurrent Undo Cycle 0.320ms
[2024-08-23T15:52:57.634+0800] GC(748) Pause Young (Concurrent Start) (G1 Humongous Allocation)
[2024-08-23T15:52:57.634+0800] GC(748) Using 6 workers of 6 for evacuation
[2024-08-23T15:52:57.634+0800] GC(748)   Pre Evacuate Collection Set: 0.1ms
[2024-08-23T15:52:57.634+0800] GC(748)   Merge Heap Roots: 0.1ms
[2024-08-23T15:52:57.634+0800] GC(748)   Evacuate Collection Set: 0.1ms
[2024-08-23T15:52:57.634+0800] GC(748)   Post Evacuate Collection Set: 0.4ms
[2024-08-23T15:52:57.634+0800] GC(748)   Other: 0.1ms
[2024-08-23T15:52:57.634+0800] GC(748) Eden regions: 1->0(307)
[2024-08-23T15:52:57.634+0800] GC(748) Survivor regions: 0->0(39)
[2024-08-23T15:52:57.634+0800] GC(748) Old regions: 1->1
[2024-08-23T15:52:57.634+0800] GC(748) Archive regions: 0->0
[2024-08-23T15:52:57.634+0800] GC(748) Humongous regions: 228->34
[2024-08-23T15:52:57.634+0800] GC(748) Metaspace: 302K(512K)->302K(512K) NonClass: 296K(384K)->296K(384K) Class: 6K(128K)->6K(128K)
[2024-08-23T15:52:57.634+0800] GC(748) Pause Young (Concurrent Start) (G1 Humongous Allocation) 229M->34M(512M) 0.900ms
[2024-08-23T15:52:57.634+0800] GC(748) User=0.00s Sys=0.00s Real=0.00s
[2024-08-23T15:52:57.634+0800] GC(749) Concurrent Undo Cycle
[2024-08-23T15:52:57.634+0800] GC(749) Concurrent Cleanup for Next Mark
[2024-08-23T15:52:57.634+0800] GC(749) Concurrent Cleanup for Next Mark 0.249ms
[2024-08-23T15:52:57.634+0800] GC(749) Concurrent Undo Cycle 0.322ms
[2024-08-23T15:52:58.726+0800] GC(750) Pause Young (Concurrent Start) (G1 Humongous Allocation)
[2024-08-23T15:52:58.726+0800] GC(750) Using 6 workers of 6 for evacuation
[2024-08-23T15:52:58.727+0800] GC(750)   Pre Evacuate Collection Set: 0.1ms
[2024-08-23T15:52:58.727+0800] GC(750)   Merge Heap Roots: 0.1ms
[2024-08-23T15:52:58.727+0800] GC(750)   Evacuate Collection Set: 0.2ms
[2024-08-23T15:52:58.727+0800] GC(750)   Post Evacuate Collection Set: 0.4ms
[2024-08-23T15:52:58.727+0800] GC(750)   Other: 0.1ms
[2024-08-23T15:52:58.727+0800] GC(750) Eden regions: 1->0(307)
[2024-08-23T15:52:58.727+0800] GC(750) Survivor regions: 0->0(39)
[2024-08-23T15:52:58.727+0800] GC(750) Old regions: 1->1
[2024-08-23T15:52:58.727+0800] GC(750) Archive regions: 0->0
[2024-08-23T15:52:58.727+0800] GC(750) Humongous regions: 226->25
[2024-08-23T15:52:58.727+0800] GC(750) Metaspace: 302K(512K)->302K(512K) NonClass: 296K(384K)->296K(384K) Class: 6K(128K)->6K(128K)
[2024-08-23T15:52:58.727+0800] GC(750) Pause Young (Concurrent Start) (G1 Humongous Allocation) 227M->25M(512M) 1.014ms
[2024-08-23T15:52:58.727+0800] GC(750) User=0.00s Sys=0.00s Real=0.00s
[2024-08-23T15:52:58.727+0800] GC(751) Concurrent Undo Cycle
[2024-08-23T15:52:58.727+0800] GC(751) Concurrent Cleanup for Next Mark
[2024-08-23T15:52:58.728+0800] GC(751) Concurrent Cleanup for Next Mark 0.351ms
[2024-08-23T15:52:58.728+0800] GC(751) Concurrent Undo Cycle 0.447ms
[2024-08-23T15:52:59.596+0800] GC(752) Pause Young (Concurrent Start) (G1 Humongous Allocation)
[2024-08-23T15:52:59.596+0800] GC(752) Using 6 workers of 6 for evacuation
[2024-08-23T15:52:59.596+0800] GC(752)   Pre Evacuate Collection Set: 0.1ms
[2024-08-23T15:52:59.596+0800] GC(752)   Merge Heap Roots: 0.1ms
[2024-08-23T15:52:59.596+0800] GC(752)   Evacuate Collection Set: 0.1ms
[2024-08-23T15:52:59.596+0800] GC(752)   Post Evacuate Collection Set: 0.4ms
[2024-08-23T15:52:59.596+0800] GC(752)   Other: 0.1ms
[2024-08-23T15:52:59.596+0800] GC(752) Eden regions: 1->0(307)
[2024-08-23T15:52:59.596+0800] GC(752) Survivor regions: 0->0(39)
[2024-08-23T15:52:59.596+0800] GC(752) Old regions: 1->1
[2024-08-23T15:52:59.596+0800] GC(752) Archive regions: 0->0
[2024-08-23T15:52:59.596+0800] GC(752) Humongous regions: 230->36
[2024-08-23T15:52:59.596+0800] GC(752) Metaspace: 302K(512K)->302K(512K) NonClass: 296K(384K)->296K(384K) Class: 6K(128K)->6K(128K)
[2024-08-23T15:52:59.597+0800] GC(752) Pause Young (Concurrent Start) (G1 Humongous Allocation) 231M->36M(512M) 0.862ms
[2024-08-23T15:52:59.597+0800] GC(752) User=0.00s Sys=0.00s Real=0.00s
[2024-08-23T15:52:59.597+0800] GC(753) Concurrent Undo Cycle
[2024-08-23T15:52:59.597+0800] GC(753) Concurrent Cleanup for Next Mark
[2024-08-23T15:52:59.597+0800] GC(753) Concurrent Cleanup for Next Mark 0.240ms
[2024-08-23T15:52:59.597+0800] GC(753) Concurrent Undo Cycle 0.299ms
[2024-08-23T15:53:00.907+0800] GC(754) Pause Young (Concurrent Start) (G1 Humongous Allocation)
[2024-08-23T15:53:00.907+0800] GC(754) Using 6 workers of 6 for evacuation
[2024-08-23T15:53:00.907+0800] GC(754)   Pre Evacuate Collection Set: 0.0ms
[2024-08-23T15:53:00.907+0800] GC(754)   Merge Heap Roots: 0.0ms
[2024-08-23T15:53:00.907+0800] GC(754)   Evacuate Collection Set: 0.1ms
[2024-08-23T15:53:00.907+0800] GC(754)   Post Evacuate Collection Set: 0.2ms
[2024-08-23T15:53:00.907+0800] GC(754)   Other: 0.1ms
[2024-08-23T15:53:00.907+0800] GC(754) Eden regions: 1->0(307)
[2024-08-23T15:53:00.907+0800] GC(754) Survivor regions: 0->0(39)
[2024-08-23T15:53:00.907+0800] GC(754) Old regions: 1->1
[2024-08-23T15:53:00.907+0800] GC(754) Archive regions: 0->0
[2024-08-23T15:53:00.907+0800] GC(754) Humongous regions: 230->23
[2024-08-23T15:53:00.907+0800] GC(754) Metaspace: 302K(512K)->302K(512K) NonClass: 296K(384K)->296K(384K) Class: 6K(128K)->6K(128K)
[2024-08-23T15:53:00.907+0800] GC(754) Pause Young (Concurrent Start) (G1 Humongous Allocation) 231M->23M(512M) 0.532ms
[2024-08-23T15:53:00.907+0800] GC(754) User=0.00s Sys=0.00s Real=0.00s
[2024-08-23T15:53:00.907+0800] GC(755) Concurrent Undo Cycle
[2024-08-23T15:53:00.907+0800] GC(755) Concurrent Cleanup for Next Mark
[2024-08-23T15:53:00.907+0800] GC(755) Concurrent Cleanup for Next Mark 0.229ms
[2024-08-23T15:53:00.908+0800] GC(755) Concurrent Undo Cycle 0.289ms
[2024-08-23T15:53:01.998+0800] GC(756) Pause Young (Concurrent Start) (G1 Humongous Allocation)
[2024-08-23T15:53:01.998+0800] GC(756) Using 6 workers of 6 for evacuation
[2024-08-23T15:53:01.998+0800] GC(756)   Pre Evacuate Collection Set: 0.1ms
[2024-08-23T15:53:01.998+0800] GC(756)   Merge Heap Roots: 0.0ms
[2024-08-23T15:53:01.998+0800] GC(756)   Evacuate Collection Set: 0.1ms
[2024-08-23T15:53:01.998+0800] GC(756)   Post Evacuate Collection Set: 0.2ms
[2024-08-23T15:53:01.998+0800] GC(756)   Other: 0.1ms
[2024-08-23T15:53:01.998+0800] GC(756) Eden regions: 1->0(307)
[2024-08-23T15:53:01.998+0800] GC(756) Survivor regions: 0->0(39)
[2024-08-23T15:53:01.998+0800] GC(756) Old regions: 1->1
[2024-08-23T15:53:01.998+0800] GC(756) Archive regions: 0->0
[2024-08-23T15:53:01.998+0800] GC(756) Humongous regions: 153->78
[2024-08-23T15:53:01.998+0800] GC(756) Metaspace: 302K(512K)->302K(512K) NonClass: 296K(384K)->296K(384K) Class: 6K(128K)->6K(128K)
[2024-08-23T15:53:01.998+0800] GC(756) Pause Young (Concurrent Start) (G1 Humongous Allocation) 154M->78M(512M) 0.553ms
[2024-08-23T15:53:01.998+0800] GC(756) User=0.00s Sys=0.00s Real=0.00s
[2024-08-23T15:53:01.998+0800] GC(757) Concurrent Undo Cycle
[2024-08-23T15:53:01.998+0800] GC(757) Concurrent Cleanup for Next Mark
[2024-08-23T15:53:01.998+0800] GC(757) Concurrent Cleanup for Next Mark 0.279ms
[2024-08-23T15:53:01.999+0800] GC(757) Concurrent Undo Cycle 0.358ms
[2024-08-23T15:53:03.091+0800] GC(758) Pause Young (Concurrent Start) (G1 Humongous Allocation)
[2024-08-23T15:53:03.091+0800] GC(758) Using 6 workers of 6 for evacuation
[2024-08-23T15:53:03.092+0800] GC(758)   Pre Evacuate Collection Set: 0.1ms
[2024-08-23T15:53:03.092+0800] GC(758)   Merge Heap Roots: 0.1ms
[2024-08-23T15:53:03.092+0800] GC(758)   Evacuate Collection Set: 0.2ms
[2024-08-23T15:53:03.092+0800] GC(758)   Post Evacuate Collection Set: 0.4ms
[2024-08-23T15:53:03.092+0800] GC(758)   Other: 0.1ms
[2024-08-23T15:53:03.092+0800] GC(758) Eden regions: 1->0(307)
[2024-08-23T15:53:03.092+0800] GC(758) Survivor regions: 0->0(39)
[2024-08-23T15:53:03.092+0800] GC(758) Old regions: 1->1
[2024-08-23T15:53:03.092+0800] GC(758) Archive regions: 0->0
[2024-08-23T15:53:03.092+0800] GC(758) Humongous regions: 230->95
[2024-08-23T15:53:03.092+0800] GC(758) Metaspace: 302K(512K)->302K(512K) NonClass: 296K(384K)->296K(384K) Class: 6K(128K)->6K(128K)
[2024-08-23T15:53:03.092+0800] GC(758) Pause Young (Concurrent Start) (G1 Humongous Allocation) 231M->95M(512M) 1.000ms
[2024-08-23T15:53:03.092+0800] GC(758) User=0.00s Sys=0.00s Real=0.00s
[2024-08-23T15:53:03.092+0800] GC(759) Concurrent Undo Cycle
[2024-08-23T15:53:03.092+0800] GC(759) Concurrent Cleanup for Next Mark
[2024-08-23T15:53:03.092+0800] GC(759) Concurrent Cleanup for Next Mark 0.239ms
[2024-08-23T15:53:03.092+0800] GC(759) Concurrent Undo Cycle 0.298ms
[2024-08-23T15:53:03.418+0800] GC(760) Pause Young (Concurrent Start) (G1 Humongous Allocation)
[2024-08-23T15:53:03.418+0800] GC(760) Using 6 workers of 6 for evacuation
[2024-08-23T15:53:03.418+0800] GC(760)   Pre Evacuate Collection Set: 0.1ms
[2024-08-23T15:53:03.418+0800] GC(760)   Merge Heap Roots: 0.0ms
[2024-08-23T15:53:03.418+0800] GC(760)   Evacuate Collection Set: 0.2ms
[2024-08-23T15:53:03.418+0800] GC(760)   Post Evacuate Collection Set: 0.3ms
[2024-08-23T15:53:03.418+0800] GC(760)   Other: 0.1ms
[2024-08-23T15:53:03.418+0800] GC(760) Eden regions: 1->0(307)
[2024-08-23T15:53:03.418+0800] GC(760) Survivor regions: 0->0(39)
[2024-08-23T15:53:03.418+0800] GC(760) Old regions: 1->1
[2024-08-23T15:53:03.418+0800] GC(760) Archive regions: 0->0
[2024-08-23T15:53:03.418+0800] GC(760) Humongous regions: 178->135
[2024-08-23T15:53:03.418+0800] GC(760) Metaspace: 302K(512K)->302K(512K) NonClass: 296K(384K)->296K(384K) Class: 6K(128K)->6K(128K)
[2024-08-23T15:53:03.418+0800] GC(760) Pause Young (Concurrent Start) (G1 Humongous Allocation) 179M->135M(512M) 0.849ms
[2024-08-23T15:53:03.418+0800] GC(760) User=0.00s Sys=0.00s Real=0.00s
[2024-08-23T15:53:03.418+0800] GC(761) Concurrent Undo Cycle
[2024-08-23T15:53:03.418+0800] GC(761) Concurrent Cleanup for Next Mark
[2024-08-23T15:53:03.418+0800] GC(761) Concurrent Cleanup for Next Mark 0.309ms
[2024-08-23T15:53:03.418+0800] GC(761) Concurrent Undo Cycle 0.391ms
[2024-08-23T15:53:04.072+0800] GC(762) Pause Young (Concurrent Start) (G1 Humongous Allocation)
[2024-08-23T15:53:04.072+0800] GC(762) Using 6 workers of 6 for evacuation
[2024-08-23T15:53:04.072+0800] GC(762)   Pre Evacuate Collection Set: 0.1ms
[2024-08-23T15:53:04.072+0800] GC(762)   Merge Heap Roots: 0.1ms
[2024-08-23T15:53:04.072+0800] GC(762)   Evacuate Collection Set: 0.2ms
[2024-08-23T15:53:04.072+0800] GC(762)   Post Evacuate Collection Set: 0.3ms
[2024-08-23T15:53:04.072+0800] GC(762)   Other: 0.1ms
[2024-08-23T15:53:04.073+0800] GC(762) Eden regions: 1->0(307)
[2024-08-23T15:53:04.073+0800] GC(762) Survivor regions: 0->0(39)
[2024-08-23T15:53:04.073+0800] GC(762) Old regions: 1->1
[2024-08-23T15:53:04.073+0800] GC(762) Archive regions: 0->0
[2024-08-23T15:53:04.073+0800] GC(762) Humongous regions: 236->101
[2024-08-23T15:53:04.073+0800] GC(762) Metaspace: 302K(512K)->302K(512K) NonClass: 296K(384K)->296K(384K) Class: 6K(128K)->6K(128K)
[2024-08-23T15:53:04.073+0800] GC(762) Pause Young (Concurrent Start) (G1 Humongous Allocation) 237M->101M(512M) 0.883ms
[2024-08-23T15:53:04.073+0800] GC(762) User=0.00s Sys=0.00s Real=0.00s
[2024-08-23T15:53:04.073+0800] GC(763) Concurrent Undo Cycle
[2024-08-23T15:53:04.073+0800] GC(763) Concurrent Cleanup for Next Mark
[2024-08-23T15:53:04.073+0800] GC(763) Concurrent Cleanup for Next Mark 0.235ms
[2024-08-23T15:53:04.073+0800] GC(763) Concurrent Undo Cycle 0.294ms
[2024-08-23T15:53:04.834+0800] GC(764) Pause Young (Concurrent Start) (G1 Humongous Allocation)
[2024-08-23T15:53:04.834+0800] GC(764) Using 6 workers of 6 for evacuation
[2024-08-23T15:53:04.834+0800] GC(764)   Pre Evacuate Collection Set: 0.0ms
[2024-08-23T15:53:04.834+0800] GC(764)   Merge Heap Roots: 0.0ms
[2024-08-23T15:53:04.834+0800] GC(764)   Evacuate Collection Set: 0.1ms
[2024-08-23T15:53:04.834+0800] GC(764)   Post Evacuate Collection Set: 0.2ms
[2024-08-23T15:53:04.834+0800] GC(764)   Other: 0.1ms
[2024-08-23T15:53:04.834+0800] GC(764) Eden regions: 1->0(307)
[2024-08-23T15:53:04.834+0800] GC(764) Survivor regions: 0->0(39)
[2024-08-23T15:53:04.834+0800] GC(764) Old regions: 1->1
[2024-08-23T15:53:04.834+0800] GC(764) Archive regions: 0->0
[2024-08-23T15:53:04.834+0800] GC(764) Humongous regions: 213->57
[2024-08-23T15:53:04.834+0800] GC(764) Metaspace: 302K(512K)->302K(512K) NonClass: 296K(384K)->296K(384K) Class: 6K(128K)->6K(128K)
[2024-08-23T15:53:04.834+0800] GC(764) Pause Young (Concurrent Start) (G1 Humongous Allocation) 214M->57M(512M) 0.516ms
[2024-08-23T15:53:04.834+0800] GC(764) User=0.00s Sys=0.00s Real=0.00s
[2024-08-23T15:53:04.834+0800] GC(765) Concurrent Undo Cycle
[2024-08-23T15:53:04.834+0800] GC(765) Concurrent Cleanup for Next Mark
[2024-08-23T15:53:04.834+0800] GC(765) Concurrent Cleanup for Next Mark 0.214ms
[2024-08-23T15:53:04.834+0800] GC(765) Concurrent Undo Cycle 0.269ms
[2024-08-23T15:53:06.032+0800] GC(766) Pause Young (Concurrent Start) (G1 Humongous Allocation)
[2024-08-23T15:53:06.032+0800] GC(766) Using 6 workers of 6 for evacuation
[2024-08-23T15:53:06.032+0800] GC(766)   Pre Evacuate Collection Set: 0.1ms
[2024-08-23T15:53:06.032+0800] GC(766)   Merge Heap Roots: 0.0ms
[2024-08-23T15:53:06.032+0800] GC(766)   Evacuate Collection Set: 0.1ms
[2024-08-23T15:53:06.032+0800] GC(766)   Post Evacuate Collection Set: 0.3ms
[2024-08-23T15:53:06.032+0800] GC(766)   Other: 0.1ms
[2024-08-23T15:53:06.032+0800] GC(766) Eden regions: 1->0(307)
[2024-08-23T15:53:06.032+0800] GC(766) Survivor regions: 0->0(39)
[2024-08-23T15:53:06.032+0800] GC(766) Old regions: 1->1
[2024-08-23T15:53:06.032+0800] GC(766) Archive regions: 0->0
[2024-08-23T15:53:06.032+0800] GC(766) Humongous regions: 220->25
[2024-08-23T15:53:06.032+0800] GC(766) Metaspace: 302K(512K)->302K(512K) NonClass: 296K(384K)->296K(384K) Class: 6K(128K)->6K(128K)
[2024-08-23T15:53:06.032+0800] GC(766) Pause Young (Concurrent Start) (G1 Humongous Allocation) 221M->25M(512M) 0.707ms
[2024-08-23T15:53:06.032+0800] GC(766) User=0.00s Sys=0.00s Real=0.00s
[2024-08-23T15:53:06.032+0800] GC(767) Concurrent Undo Cycle
[2024-08-23T15:53:06.032+0800] GC(767) Concurrent Cleanup for Next Mark
[2024-08-23T15:53:06.033+0800] GC(767) Concurrent Cleanup for Next Mark 0.283ms
[2024-08-23T15:53:06.033+0800] GC(767) Concurrent Undo Cycle 0.362ms
[2024-08-23T15:53:07.012+0800] GC(768) Pause Young (Concurrent Start) (G1 Humongous Allocation)
[2024-08-23T15:53:07.012+0800] GC(768) Using 6 workers of 6 for evacuation
[2024-08-23T15:53:07.012+0800] GC(768)   Pre Evacuate Collection Set: 0.1ms
[2024-08-23T15:53:07.012+0800] GC(768)   Merge Heap Roots: 0.1ms
[2024-08-23T15:53:07.012+0800] GC(768)   Evacuate Collection Set: 0.1ms
[2024-08-23T15:53:07.012+0800] GC(768)   Post Evacuate Collection Set: 0.2ms
[2024-08-23T15:53:07.012+0800] GC(768)   Other: 0.1ms
[2024-08-23T15:53:07.012+0800] GC(768) Eden regions: 1->0(307)
[2024-08-23T15:53:07.012+0800] GC(768) Survivor regions: 0->0(39)
[2024-08-23T15:53:07.012+0800] GC(768) Old regions: 1->1
[2024-08-23T15:53:07.012+0800] GC(768) Archive regions: 0->0
[2024-08-23T15:53:07.012+0800] GC(768) Humongous regions: 226->22
[2024-08-23T15:53:07.012+0800] GC(768) Metaspace: 302K(512K)->302K(512K) NonClass: 296K(384K)->296K(384K) Class: 6K(128K)->6K(128K)
[2024-08-23T15:53:07.012+0800] GC(768) Pause Young (Concurrent Start) (G1 Humongous Allocation) 227M->22M(512M) 0.558ms
[2024-08-23T15:53:07.012+0800] GC(768) User=0.00s Sys=0.00s Real=0.00s
[2024-08-23T15:53:07.012+0800] GC(769) Concurrent Undo Cycle
[2024-08-23T15:53:07.012+0800] GC(769) Concurrent Cleanup for Next Mark
[2024-08-23T15:53:07.012+0800] GC(769) Concurrent Cleanup for Next Mark 0.324ms
[2024-08-23T15:53:07.012+0800] GC(769) Concurrent Undo Cycle 0.391ms
[2024-08-23T15:53:09.082+0800] GC(770) Pause Young (Concurrent Start) (G1 Humongous Allocation)
[2024-08-23T15:53:09.082+0800] GC(770) Using 6 workers of 6 for evacuation
[2024-08-23T15:53:09.083+0800] GC(770)   Pre Evacuate Collection Set: 0.1ms
[2024-08-23T15:53:09.083+0800] GC(770)   Merge Heap Roots: 0.1ms
[2024-08-23T15:53:09.083+0800] GC(770)   Evacuate Collection Set: 0.2ms
[2024-08-23T15:53:09.083+0800] GC(770)   Post Evacuate Collection Set: 0.4ms
[2024-08-23T15:53:09.083+0800] GC(770)   Other: 0.1ms
[2024-08-23T15:53:09.083+0800] GC(770) Eden regions: 1->0(307)
[2024-08-23T15:53:09.083+0800] GC(770) Survivor regions: 0->0(39)
[2024-08-23T15:53:09.083+0800] GC(770) Old regions: 1->1
[2024-08-23T15:53:09.083+0800] GC(770) Archive regions: 0->0
[2024-08-23T15:53:09.083+0800] GC(770) Humongous regions: 177->68
[2024-08-23T15:53:09.083+0800] GC(770) Metaspace: 302K(512K)->302K(512K) NonClass: 296K(384K)->296K(384K) Class: 6K(128K)->6K(128K)
[2024-08-23T15:53:09.083+0800] GC(770) Pause Young (Concurrent Start) (G1 Humongous Allocation) 178M->68M(512M) 0.940ms
[2024-08-23T15:53:09.083+0800] GC(770) User=0.00s Sys=0.00s Real=0.00s
[2024-08-23T15:53:09.083+0800] GC(771) Concurrent Undo Cycle
[2024-08-23T15:53:09.083+0800] GC(771) Concurrent Cleanup for Next Mark
[2024-08-23T15:53:09.083+0800] GC(771) Concurrent Cleanup for Next Mark 0.304ms
[2024-08-23T15:53:09.083+0800] GC(771) Concurrent Undo Cycle 0.381ms
[2024-08-23T15:53:10.171+0800] GC(772) Pause Young (Concurrent Start) (G1 Humongous Allocation)
[2024-08-23T15:53:10.171+0800] GC(772) Using 6 workers of 6 for evacuation
[2024-08-23T15:53:10.171+0800] GC(772)   Pre Evacuate Collection Set: 0.0ms
[2024-08-23T15:53:10.171+0800] GC(772)   Merge Heap Roots: 0.0ms
[2024-08-23T15:53:10.171+0800] GC(772)   Evacuate Collection Set: 0.1ms
[2024-08-23T15:53:10.171+0800] GC(772)   Post Evacuate Collection Set: 0.1ms
[2024-08-23T15:53:10.171+0800] GC(772)   Other: 0.1ms
[2024-08-23T15:53:10.171+0800] GC(772) Eden regions: 1->0(307)
[2024-08-23T15:53:10.171+0800] GC(772) Survivor regions: 0->0(39)
[2024-08-23T15:53:10.171+0800] GC(772) Old regions: 1->1
[2024-08-23T15:53:10.171+0800] GC(772) Archive regions: 0->0
[2024-08-23T15:53:10.171+0800] GC(772) Humongous regions: 220->34
[2024-08-23T15:53:10.171+0800] GC(772) Metaspace: 302K(512K)->302K(512K) NonClass: 296K(384K)->296K(384K) Class: 6K(128K)->6K(128K)
[2024-08-23T15:53:10.171+0800] GC(772) Pause Young (Concurrent Start) (G1 Humongous Allocation) 221M->34M(512M) 0.510ms
[2024-08-23T15:53:10.171+0800] GC(772) User=0.00s Sys=0.00s Real=0.00s
[2024-08-23T15:53:10.171+0800] GC(773) Concurrent Undo Cycle
[2024-08-23T15:53:10.171+0800] GC(773) Concurrent Cleanup for Next Mark
[2024-08-23T15:53:10.171+0800] GC(773) Concurrent Cleanup for Next Mark 0.254ms
[2024-08-23T15:53:10.171+0800] GC(773) Concurrent Undo Cycle 0.318ms
[2024-08-23T15:53:10.939+0800] GC(774) Pause Young (Concurrent Start) (G1 Humongous Allocation)
[2024-08-23T15:53:10.939+0800] GC(774) Using 6 workers of 6 for evacuation
[2024-08-23T15:53:10.939+0800] GC(774)   Pre Evacuate Collection Set: 0.1ms
[2024-08-23T15:53:10.939+0800] GC(774)   Merge Heap Roots: 0.0ms
[2024-08-23T15:53:10.939+0800] GC(774)   Evacuate Collection Set: 0.1ms
[2024-08-23T15:53:10.939+0800] GC(774)   Post Evacuate Collection Set: 0.2ms
[2024-08-23T15:53:10.939+0800] GC(774)   Other: 0.1ms
[2024-08-23T15:53:10.939+0800] GC(774) Eden regions: 1->0(307)
[2024-08-23T15:53:10.939+0800] GC(774) Survivor regions: 0->0(39)
[2024-08-23T15:53:10.939+0800] GC(774) Old regions: 1->1
[2024-08-23T15:53:10.939+0800] GC(774) Archive regions: 0->0
[2024-08-23T15:53:10.939+0800] GC(774) Humongous regions: 228->50
[2024-08-23T15:53:10.939+0800] GC(774) Metaspace: 302K(512K)->302K(512K) NonClass: 296K(384K)->296K(384K) Class: 6K(128K)->6K(128K)
[2024-08-23T15:53:10.939+0800] GC(774) Pause Young (Concurrent Start) (G1 Humongous Allocation) 229M->50M(512M) 0.540ms
[2024-08-23T15:53:10.939+0800] GC(774) User=0.00s Sys=0.00s Real=0.00s
[2024-08-23T15:53:10.939+0800] GC(775) Concurrent Undo Cycle
[2024-08-23T15:53:10.939+0800] GC(775) Concurrent Cleanup for Next Mark
[2024-08-23T15:53:10.939+0800] GC(775) Concurrent Cleanup for Next Mark 0.249ms
[2024-08-23T15:53:10.940+0800] GC(775) Concurrent Undo Cycle 0.311ms
[2024-08-23T15:53:11.918+0800] GC(776) Pause Young (Concurrent Start) (G1 Humongous Allocation)
[2024-08-23T15:53:11.918+0800] GC(776) Using 6 workers of 6 for evacuation
[2024-08-23T15:53:11.918+0800] GC(776)   Pre Evacuate Collection Set: 0.0ms
[2024-08-23T15:53:11.918+0800] GC(776)   Merge Heap Roots: 0.1ms
[2024-08-23T15:53:11.918+0800] GC(776)   Evacuate Collection Set: 0.1ms
[2024-08-23T15:53:11.918+0800] GC(776)   Post Evacuate Collection Set: 0.2ms
[2024-08-23T15:53:11.918+0800] GC(776)   Other: 0.1ms
[2024-08-23T15:53:11.918+0800] GC(776) Eden regions: 1->0(307)
[2024-08-23T15:53:11.918+0800] GC(776) Survivor regions: 0->0(39)
[2024-08-23T15:53:11.918+0800] GC(776) Old regions: 1->1
[2024-08-23T15:53:11.918+0800] GC(776) Archive regions: 0->0
[2024-08-23T15:53:11.918+0800] GC(776) Humongous regions: 134->51
[2024-08-23T15:53:11.918+0800] GC(776) Metaspace: 302K(512K)->302K(512K) NonClass: 296K(384K)->296K(384K) Class: 6K(128K)->6K(128K)
[2024-08-23T15:53:11.918+0800] GC(776) Pause Young (Concurrent Start) (G1 Humongous Allocation) 135M->51M(512M) 0.563ms
[2024-08-23T15:53:11.918+0800] GC(776) User=0.00s Sys=0.00s Real=0.00s
[2024-08-23T15:53:11.918+0800] GC(777) Concurrent Undo Cycle
[2024-08-23T15:53:11.918+0800] GC(777) Concurrent Cleanup for Next Mark
[2024-08-23T15:53:11.919+0800] GC(777) Concurrent Cleanup for Next Mark 0.272ms
[2024-08-23T15:53:11.919+0800] GC(777) Concurrent Undo Cycle 0.349ms
[2024-08-23T15:53:13.119+0800] GC(778) Pause Young (Concurrent Start) (G1 Humongous Allocation)
[2024-08-23T15:53:13.119+0800] GC(778) Using 6 workers of 6 for evacuation
[2024-08-23T15:53:13.119+0800] GC(778)   Pre Evacuate Collection Set: 0.0ms
[2024-08-23T15:53:13.119+0800] GC(778)   Merge Heap Roots: 0.0ms
[2024-08-23T15:53:13.119+0800] GC(778)   Evacuate Collection Set: 0.1ms
[2024-08-23T15:53:13.119+0800] GC(778)   Post Evacuate Collection Set: 0.1ms
[2024-08-23T15:53:13.119+0800] GC(778)   Other: 0.1ms
[2024-08-23T15:53:13.119+0800] GC(778) Eden regions: 1->0(307)
[2024-08-23T15:53:13.119+0800] GC(778) Survivor regions: 0->0(39)
[2024-08-23T15:53:13.119+0800] GC(778) Old regions: 1->1
[2024-08-23T15:53:13.119+0800] GC(778) Archive regions: 0->0
[2024-08-23T15:53:13.119+0800] GC(778) Humongous regions: 214->68
[2024-08-23T15:53:13.119+0800] GC(778) Metaspace: 302K(512K)->302K(512K) NonClass: 296K(384K)->296K(384K) Class: 6K(128K)->6K(128K)
[2024-08-23T15:53:13.119+0800] GC(778) Pause Young (Concurrent Start) (G1 Humongous Allocation) 215M->68M(512M) 0.513ms
[2024-08-23T15:53:13.119+0800] GC(778) User=0.00s Sys=0.00s Real=0.00s
[2024-08-23T15:53:13.119+0800] GC(779) Concurrent Undo Cycle
[2024-08-23T15:53:13.119+0800] GC(779) Concurrent Cleanup for Next Mark
[2024-08-23T15:53:13.119+0800] GC(779) Concurrent Cleanup for Next Mark 0.239ms
[2024-08-23T15:53:13.119+0800] GC(779) Concurrent Undo Cycle 0.306ms
[2024-08-23T15:53:13.335+0800] GC(780) Pause Young (Concurrent Start) (G1 Humongous Allocation)
[2024-08-23T15:53:13.335+0800] GC(780) Using 6 workers of 6 for evacuation
[2024-08-23T15:53:13.335+0800] GC(780)   Pre Evacuate Collection Set: 0.0ms
[2024-08-23T15:53:13.335+0800] GC(780)   Merge Heap Roots: 0.0ms
[2024-08-23T15:53:13.335+0800] GC(780)   Evacuate Collection Set: 0.1ms
[2024-08-23T15:53:13.335+0800] GC(780)   Post Evacuate Collection Set: 0.1ms
[2024-08-23T15:53:13.335+0800] GC(780)   Other: 0.2ms
[2024-08-23T15:53:13.335+0800] GC(780) Eden regions: 1->0(307)
[2024-08-23T15:53:13.335+0800] GC(780) Survivor regions: 0->0(39)
[2024-08-23T15:53:13.335+0800] GC(780) Old regions: 1->1
[2024-08-23T15:53:13.335+0800] GC(780) Archive regions: 0->0
[2024-08-23T15:53:13.335+0800] GC(780) Humongous regions: 140->108
[2024-08-23T15:53:13.335+0800] GC(780) Metaspace: 302K(512K)->302K(512K) NonClass: 296K(384K)->296K(384K) Class: 6K(128K)->6K(128K)
[2024-08-23T15:53:13.335+0800] GC(780) Pause Young (Concurrent Start) (G1 Humongous Allocation) 141M->108M(512M) 0.599ms
[2024-08-23T15:53:13.335+0800] GC(780) User=0.00s Sys=0.00s Real=0.00s
[2024-08-23T15:53:13.335+0800] GC(781) Concurrent Undo Cycle
[2024-08-23T15:53:13.335+0800] GC(781) Concurrent Cleanup for Next Mark
[2024-08-23T15:53:13.336+0800] GC(781) Concurrent Cleanup for Next Mark 0.217ms
[2024-08-23T15:53:13.336+0800] GC(781) Concurrent Undo Cycle 0.274ms
[2024-08-23T15:53:13.880+0800] GC(782) Pause Young (Concurrent Start) (G1 Humongous Allocation)
[2024-08-23T15:53:13.880+0800] GC(782) Using 6 workers of 6 for evacuation
[2024-08-23T15:53:13.881+0800] GC(782)   Pre Evacuate Collection Set: 0.1ms
[2024-08-23T15:53:13.881+0800] GC(782)   Merge Heap Roots: 0.1ms
[2024-08-23T15:53:13.881+0800] GC(782)   Evacuate Collection Set: 0.1ms
[2024-08-23T15:53:13.881+0800] GC(782)   Post Evacuate Collection Set: 0.4ms
[2024-08-23T15:53:13.881+0800] GC(782)   Other: 0.1ms
[2024-08-23T15:53:13.881+0800] GC(782) Eden regions: 1->0(294)
[2024-08-23T15:53:13.881+0800] GC(782) Survivor regions: 0->0(39)
[2024-08-23T15:53:13.881+0800] GC(782) Old regions: 1->1
[2024-08-23T15:53:13.881+0800] GC(782) Archive regions: 0->0
[2024-08-23T15:53:13.881+0800] GC(782) Humongous regions: 225->164
[2024-08-23T15:53:13.881+0800] GC(782) Metaspace: 302K(512K)->302K(512K) NonClass: 296K(384K)->296K(384K) Class: 6K(128K)->6K(128K)
[2024-08-23T15:53:13.881+0800] GC(782) Pause Young (Concurrent Start) (G1 Humongous Allocation) 226M->164M(512M) 0.879ms
[2024-08-23T15:53:13.881+0800] GC(782) User=0.00s Sys=0.00s Real=0.00s
[2024-08-23T15:53:13.881+0800] GC(783) Concurrent Undo Cycle
[2024-08-23T15:53:13.881+0800] GC(783) Concurrent Cleanup for Next Mark
[2024-08-23T15:53:13.881+0800] GC(783) Concurrent Cleanup for Next Mark 0.258ms
[2024-08-23T15:53:13.881+0800] GC(783) Concurrent Undo Cycle 0.324ms
[2024-08-23T15:53:14.535+0800] GC(784) Pause Young (Concurrent Start) (G1 Humongous Allocation)
[2024-08-23T15:53:14.535+0800] GC(784) Using 6 workers of 6 for evacuation
[2024-08-23T15:53:14.535+0800] GC(784)   Pre Evacuate Collection Set: 0.0ms
[2024-08-23T15:53:14.535+0800] GC(784)   Merge Heap Roots: 0.0ms
[2024-08-23T15:53:14.535+0800] GC(784)   Evacuate Collection Set: 0.1ms
[2024-08-23T15:53:14.535+0800] GC(784)   Post Evacuate Collection Set: 0.1ms
[2024-08-23T15:53:14.535+0800] GC(784)   Other: 0.1ms
[2024-08-23T15:53:14.535+0800] GC(784) Eden regions: 1->0(283)
[2024-08-23T15:53:14.535+0800] GC(784) Survivor regions: 0->0(37)
[2024-08-23T15:53:14.535+0800] GC(784) Old regions: 1->1
[2024-08-23T15:53:14.535+0800] GC(784) Archive regions: 0->0
[2024-08-23T15:53:14.535+0800] GC(784) Humongous regions: 210->175
[2024-08-23T15:53:14.535+0800] GC(784) Metaspace: 302K(512K)->302K(512K) NonClass: 296K(384K)->296K(384K) Class: 6K(128K)->6K(128K)
[2024-08-23T15:53:14.535+0800] GC(784) Pause Young (Concurrent Start) (G1 Humongous Allocation) 211M->175M(512M) 0.463ms
[2024-08-23T15:53:14.535+0800] GC(784) User=0.00s Sys=0.00s Real=0.00s
[2024-08-23T15:53:14.535+0800] GC(785) Concurrent Undo Cycle
[2024-08-23T15:53:14.535+0800] GC(785) Concurrent Cleanup for Next Mark
[2024-08-23T15:53:14.535+0800] GC(785) Concurrent Cleanup for Next Mark 0.259ms
[2024-08-23T15:53:14.536+0800] GC(785) Concurrent Undo Cycle 0.351ms
[2024-08-23T15:53:14.646+0800] GC(786) Pause Young (Concurrent Start) (G1 Humongous Allocation)
[2024-08-23T15:53:14.646+0800] GC(786) Using 6 workers of 6 for evacuation
[2024-08-23T15:53:14.647+0800] GC(786)   Pre Evacuate Collection Set: 0.1ms
[2024-08-23T15:53:14.647+0800] GC(786)   Merge Heap Roots: 0.1ms
[2024-08-23T15:53:14.647+0800] GC(786)   Evacuate Collection Set: 0.1ms
[2024-08-23T15:53:14.647+0800] GC(786)   Post Evacuate Collection Set: 0.5ms
[2024-08-23T15:53:14.647+0800] GC(786)   Other: 0.1ms
[2024-08-23T15:53:14.647+0800] GC(786) Eden regions: 1->0(273)
[2024-08-23T15:53:14.647+0800] GC(786) Survivor regions: 0->0(36)
[2024-08-23T15:53:14.647+0800] GC(786) Old regions: 1->1
[2024-08-23T15:53:14.647+0800] GC(786) Archive regions: 0->0
[2024-08-23T15:53:14.647+0800] GC(786) Humongous regions: 196->185
[2024-08-23T15:53:14.647+0800] GC(786) Metaspace: 302K(512K)->302K(512K) NonClass: 296K(384K)->296K(384K) Class: 6K(128K)->6K(128K)
[2024-08-23T15:53:14.647+0800] GC(786) Pause Young (Concurrent Start) (G1 Humongous Allocation) 197M->185M(512M) 1.001ms
[2024-08-23T15:53:14.647+0800] GC(786) User=0.00s Sys=0.00s Real=0.00s
[2024-08-23T15:53:14.647+0800] GC(787) Concurrent Undo Cycle
[2024-08-23T15:53:14.647+0800] GC(787) Concurrent Cleanup for Next Mark
[2024-08-23T15:53:14.647+0800] GC(787) Concurrent Cleanup for Next Mark 0.305ms
[2024-08-23T15:53:14.647+0800] GC(787) Concurrent Undo Cycle 0.372ms
[2024-08-23T15:53:14.755+0800] GC(788) Pause Young (Concurrent Start) (G1 Humongous Allocation)
[2024-08-23T15:53:14.755+0800] GC(788) Using 6 workers of 6 for evacuation
[2024-08-23T15:53:14.755+0800] GC(788)   Pre Evacuate Collection Set: 0.1ms
[2024-08-23T15:53:14.755+0800] GC(788)   Merge Heap Roots: 0.1ms
[2024-08-23T15:53:14.756+0800] GC(788)   Evacuate Collection Set: 0.2ms
[2024-08-23T15:53:14.756+0800] GC(788)   Post Evacuate Collection Set: 0.4ms
[2024-08-23T15:53:14.756+0800] GC(788)   Other: 0.1ms
[2024-08-23T15:53:14.756+0800] GC(788) Eden regions: 1->0(243)
[2024-08-23T15:53:14.756+0800] GC(788) Survivor regions: 0->0(35)
[2024-08-23T15:53:14.756+0800] GC(788) Old regions: 1->1
[2024-08-23T15:53:14.756+0800] GC(788) Archive regions: 0->0
[2024-08-23T15:53:14.756+0800] GC(788) Humongous regions: 236->215
[2024-08-23T15:53:14.756+0800] GC(788) Metaspace: 302K(512K)->302K(512K) NonClass: 296K(384K)->296K(384K) Class: 6K(128K)->6K(128K)
[2024-08-23T15:53:14.756+0800] GC(788) Pause Young (Concurrent Start) (G1 Humongous Allocation) 237M->215M(512M) 0.853ms
[2024-08-23T15:53:14.756+0800] GC(788) User=0.00s Sys=0.00s Real=0.00s
[2024-08-23T15:53:14.756+0800] GC(789) Concurrent Undo Cycle
[2024-08-23T15:53:14.756+0800] GC(789) Concurrent Cleanup for Next Mark
[2024-08-23T15:53:14.756+0800] GC(789) Concurrent Cleanup for Next Mark 0.291ms
[2024-08-23T15:53:14.756+0800] GC(789) Concurrent Undo Cycle 0.378ms
[2024-08-23T15:53:14.864+0800] GC(790) Pause Young (Concurrent Start) (G1 Humongous Allocation)
[2024-08-23T15:53:14.864+0800] GC(790) Using 6 workers of 6 for evacuation
[2024-08-23T15:53:14.864+0800] GC(790)   Pre Evacuate Collection Set: 0.1ms
[2024-08-23T15:53:14.864+0800] GC(790)   Merge Heap Roots: 0.1ms
[2024-08-23T15:53:14.864+0800] GC(790)   Evacuate Collection Set: 0.1ms
[2024-08-23T15:53:14.864+0800] GC(790)   Post Evacuate Collection Set: 0.3ms
[2024-08-23T15:53:14.864+0800] GC(790)   Other: 0.1ms
[2024-08-23T15:53:14.864+0800] GC(790) Eden regions: 1->0(193)
[2024-08-23T15:53:14.864+0800] GC(790) Survivor regions: 0->0(31)
[2024-08-23T15:53:14.864+0800] GC(790) Old regions: 1->1
[2024-08-23T15:53:14.864+0800] GC(790) Archive regions: 0->0
[2024-08-23T15:53:14.864+0800] GC(790) Humongous regions: 316->265
[2024-08-23T15:53:14.864+0800] GC(790) Metaspace: 302K(512K)->302K(512K) NonClass: 296K(384K)->296K(384K) Class: 6K(128K)->6K(128K)
[2024-08-23T15:53:14.864+0800] GC(790) Pause Young (Concurrent Start) (G1 Humongous Allocation) 317M->265M(512M) 0.727ms
[2024-08-23T15:53:14.864+0800] GC(790) User=0.00s Sys=0.00s Real=0.00s
[2024-08-23T15:53:14.864+0800] GC(791) Concurrent Mark Cycle
[2024-08-23T15:53:14.865+0800] GC(791) Concurrent Clear Claimed Marks
[2024-08-23T15:53:14.865+0800] GC(791) Concurrent Clear Claimed Marks 0.010ms
[2024-08-23T15:53:14.865+0800] GC(791) Concurrent Scan Root Regions
[2024-08-23T15:53:14.865+0800] GC(791) Concurrent Scan Root Regions 0.008ms
[2024-08-23T15:53:14.865+0800] GC(791) Concurrent Mark
[2024-08-23T15:53:14.865+0800] GC(791) Concurrent Mark From Roots
[2024-08-23T15:53:14.865+0800] GC(791) Using 2 workers of 2 for marking
[2024-08-23T15:53:14.865+0800] GC(791) Concurrent Mark From Roots 0.862ms
[2024-08-23T15:53:14.865+0800] GC(791) Concurrent Preclean
[2024-08-23T15:53:14.865+0800] GC(791) Concurrent Preclean 0.034ms
[2024-08-23T15:53:14.865+0800] GC(791) Pause Remark
[2024-08-23T15:53:14.866+0800] GC(791) Pause Remark 268M->268M(512M) 0.450ms
[2024-08-23T15:53:14.866+0800] GC(791) User=0.00s Sys=0.00s Real=0.00s
[2024-08-23T15:53:14.866+0800] GC(791) Concurrent Mark 1.438ms
[2024-08-23T15:53:14.866+0800] GC(791) Concurrent Rebuild Remembered Sets
[2024-08-23T15:53:14.866+0800] GC(791) Concurrent Rebuild Remembered Sets 0.397ms
[2024-08-23T15:53:14.866+0800] GC(791) Pause Cleanup
[2024-08-23T15:53:14.867+0800] GC(791) Pause Cleanup 268M->268M(512M) 0.090ms
[2024-08-23T15:53:14.867+0800] GC(791) User=0.00s Sys=0.00s Real=0.00s
[2024-08-23T15:53:14.867+0800] GC(791) Concurrent Cleanup for Next Mark
[2024-08-23T15:53:14.867+0800] GC(791) Concurrent Cleanup for Next Mark 0.495ms
[2024-08-23T15:53:14.867+0800] GC(791) Concurrent Mark Cycle 2.625ms
[2024-08-23T15:53:15.518+0800] GC(792) Pause Young (Concurrent Start) (G1 Humongous Allocation)
[2024-08-23T15:53:15.518+0800] GC(792) Using 6 workers of 6 for evacuation
[2024-08-23T15:53:15.518+0800] GC(792)   Pre Evacuate Collection Set: 0.1ms
[2024-08-23T15:53:15.518+0800] GC(792)   Merge Heap Roots: 0.1ms
[2024-08-23T15:53:15.518+0800] GC(792)   Evacuate Collection Set: 0.1ms
[2024-08-23T15:53:15.518+0800] GC(792)   Post Evacuate Collection Set: 0.3ms
[2024-08-23T15:53:15.519+0800] GC(792)   Other: 0.1ms
[2024-08-23T15:53:15.519+0800] GC(792) Eden regions: 1->0(307)
[2024-08-23T15:53:15.519+0800] GC(792) Survivor regions: 0->0(25)
[2024-08-23T15:53:15.519+0800] GC(792) Old regions: 1->1
[2024-08-23T15:53:15.519+0800] GC(792) Archive regions: 0->0
[2024-08-23T15:53:15.519+0800] GC(792) Humongous regions: 267->2
[2024-08-23T15:53:15.519+0800] GC(792) Metaspace: 302K(512K)->302K(512K) NonClass: 296K(384K)->296K(384K) Class: 6K(128K)->6K(128K)
[2024-08-23T15:53:15.519+0800] GC(792) Pause Young (Concurrent Start) (G1 Humongous Allocation) 268M->2M(512M) 0.853ms
[2024-08-23T15:53:15.519+0800] GC(792) User=0.00s Sys=0.00s Real=0.00s
[2024-08-23T15:53:15.519+0800] GC(793) Concurrent Undo Cycle
[2024-08-23T15:53:15.519+0800] GC(793) Concurrent Cleanup for Next Mark
[2024-08-23T15:53:15.519+0800] GC(793) Concurrent Cleanup for Next Mark 0.245ms
[2024-08-23T15:53:15.519+0800] GC(793) Concurrent Undo Cycle 0.299ms
[2024-08-23T15:53:16.718+0800] GC(794) Pause Young (Concurrent Start) (G1 Humongous Allocation)
[2024-08-23T15:53:16.718+0800] GC(794) Using 6 workers of 6 for evacuation
[2024-08-23T15:53:16.718+0800] GC(794)   Pre Evacuate Collection Set: 0.0ms
[2024-08-23T15:53:16.718+0800] GC(794)   Merge Heap Roots: 0.0ms
[2024-08-23T15:53:16.718+0800] GC(794)   Evacuate Collection Set: 0.1ms
[2024-08-23T15:53:16.718+0800] GC(794)   Post Evacuate Collection Set: 0.2ms
[2024-08-23T15:53:16.718+0800] GC(794)   Other: 0.1ms
[2024-08-23T15:53:16.718+0800] GC(794) Eden regions: 1->0(307)
[2024-08-23T15:53:16.718+0800] GC(794) Survivor regions: 0->0(39)
[2024-08-23T15:53:16.718+0800] GC(794) Old regions: 1->1
[2024-08-23T15:53:16.718+0800] GC(794) Archive regions: 0->0
[2024-08-23T15:53:16.718+0800] GC(794) Humongous regions: 225->14
[2024-08-23T15:53:16.718+0800] GC(794) Metaspace: 302K(512K)->302K(512K) NonClass: 296K(384K)->296K(384K) Class: 6K(128K)->6K(128K)
[2024-08-23T15:53:16.718+0800] GC(794) Pause Young (Concurrent Start) (G1 Humongous Allocation) 226M->14M(512M) 0.499ms
[2024-08-23T15:53:16.718+0800] GC(794) User=0.00s Sys=0.00s Real=0.00s
[2024-08-23T15:53:16.718+0800] GC(795) Concurrent Undo Cycle
[2024-08-23T15:53:16.718+0800] GC(795) Concurrent Cleanup for Next Mark
[2024-08-23T15:53:16.718+0800] GC(795) Concurrent Cleanup for Next Mark 0.248ms
[2024-08-23T15:53:16.718+0800] GC(795) Concurrent Undo Cycle 0.317ms
[2024-08-23T15:53:17.589+0800] GC(796) Pause Young (Concurrent Start) (G1 Humongous Allocation)
[2024-08-23T15:53:17.589+0800] GC(796) Using 6 workers of 6 for evacuation
[2024-08-23T15:53:17.589+0800] GC(796)   Pre Evacuate Collection Set: 0.1ms
[2024-08-23T15:53:17.589+0800] GC(796)   Merge Heap Roots: 0.1ms
[2024-08-23T15:53:17.589+0800] GC(796)   Evacuate Collection Set: 0.1ms
[2024-08-23T15:53:17.589+0800] GC(796)   Post Evacuate Collection Set: 0.3ms
[2024-08-23T15:53:17.589+0800] GC(796)   Other: 0.1ms
[2024-08-23T15:53:17.589+0800] GC(796) Eden regions: 1->0(307)
[2024-08-23T15:53:17.590+0800] GC(796) Survivor regions: 0->0(39)
[2024-08-23T15:53:17.590+0800] GC(796) Old regions: 1->1
[2024-08-23T15:53:17.590+0800] GC(796) Archive regions: 0->0
[2024-08-23T15:53:17.590+0800] GC(796) Humongous regions: 132->70
[2024-08-23T15:53:17.590+0800] GC(796) Metaspace: 302K(512K)->302K(512K) NonClass: 296K(384K)->296K(384K) Class: 6K(128K)->6K(128K)
[2024-08-23T15:53:17.590+0800] GC(796) Pause Young (Concurrent Start) (G1 Humongous Allocation) 133M->70M(512M) 0.881ms
[2024-08-23T15:53:17.590+0800] GC(796) User=0.00s Sys=0.00s Real=0.00s
[2024-08-23T15:53:17.590+0800] GC(797) Concurrent Undo Cycle
[2024-08-23T15:53:17.590+0800] GC(797) Concurrent Cleanup for Next Mark
[2024-08-23T15:53:17.590+0800] GC(797) Concurrent Cleanup for Next Mark 0.269ms
[2024-08-23T15:53:17.590+0800] GC(797) Concurrent Undo Cycle 0.338ms
[2024-08-23T15:53:18.681+0800] GC(798) Pause Young (Concurrent Start) (G1 Humongous Allocation)
[2024-08-23T15:53:18.681+0800] GC(798) Using 6 workers of 6 for evacuation
[2024-08-23T15:53:18.682+0800] GC(798)   Pre Evacuate Collection Set: 0.1ms
[2024-08-23T15:53:18.682+0800] GC(798)   Merge Heap Roots: 0.1ms
[2024-08-23T15:53:18.682+0800] GC(798)   Evacuate Collection Set: 0.2ms
[2024-08-23T15:53:18.682+0800] GC(798)   Post Evacuate Collection Set: 0.4ms
[2024-08-23T15:53:18.682+0800] GC(798)   Other: 0.1ms
[2024-08-23T15:53:18.682+0800] GC(798) Eden regions: 1->0(307)
[2024-08-23T15:53:18.682+0800] GC(798) Survivor regions: 0->0(39)
[2024-08-23T15:53:18.682+0800] GC(798) Old regions: 1->1
[2024-08-23T15:53:18.682+0800] GC(798) Archive regions: 0->0
[2024-08-23T15:53:18.682+0800] GC(798) Humongous regions: 222->36
[2024-08-23T15:53:18.682+0800] GC(798) Metaspace: 302K(512K)->302K(512K) NonClass: 296K(384K)->296K(384K) Class: 6K(128K)->6K(128K)
[2024-08-23T15:53:18.682+0800] GC(798) Pause Young (Concurrent Start) (G1 Humongous Allocation) 223M->36M(512M) 0.944ms
[2024-08-23T15:53:18.682+0800] GC(798) User=0.00s Sys=0.00s Real=0.00s
[2024-08-23T15:53:18.682+0800] GC(799) Concurrent Undo Cycle
[2024-08-23T15:53:18.682+0800] GC(799) Concurrent Cleanup for Next Mark
[2024-08-23T15:53:18.682+0800] GC(799) Concurrent Cleanup for Next Mark 0.293ms
[2024-08-23T15:53:18.682+0800] GC(799) Concurrent Undo Cycle 0.368ms
[2024-08-23T15:53:20.425+0800] GC(800) Pause Young (Concurrent Start) (G1 Humongous Allocation)
[2024-08-23T15:53:20.425+0800] GC(800) Using 6 workers of 6 for evacuation
[2024-08-23T15:53:20.425+0800] GC(800)   Pre Evacuate Collection Set: 0.0ms
[2024-08-23T15:53:20.425+0800] GC(800)   Merge Heap Roots: 0.0ms
[2024-08-23T15:53:20.425+0800] GC(800)   Evacuate Collection Set: 0.1ms
[2024-08-23T15:53:20.425+0800] GC(800)   Post Evacuate Collection Set: 0.1ms
[2024-08-23T15:53:20.425+0800] GC(800)   Other: 0.1ms
[2024-08-23T15:53:20.425+0800] GC(800) Eden regions: 1->0(307)
[2024-08-23T15:53:20.425+0800] GC(800) Survivor regions: 0->0(39)
[2024-08-23T15:53:20.425+0800] GC(800) Old regions: 1->1
[2024-08-23T15:53:20.425+0800] GC(800) Archive regions: 0->0
[2024-08-23T15:53:20.425+0800] GC(800) Humongous regions: 177->78
[2024-08-23T15:53:20.425+0800] GC(800) Metaspace: 302K(512K)->302K(512K) NonClass: 296K(384K)->296K(384K) Class: 6K(128K)->6K(128K)
[2024-08-23T15:53:20.425+0800] GC(800) Pause Young (Concurrent Start) (G1 Humongous Allocation) 178M->78M(512M) 0.485ms
[2024-08-23T15:53:20.425+0800] GC(800) User=0.00s Sys=0.00s Real=0.00s
[2024-08-23T15:53:20.425+0800] GC(801) Concurrent Undo Cycle
[2024-08-23T15:53:20.425+0800] GC(801) Concurrent Cleanup for Next Mark
[2024-08-23T15:53:20.425+0800] GC(801) Concurrent Cleanup for Next Mark 0.214ms
[2024-08-23T15:53:20.425+0800] GC(801) Concurrent Undo Cycle 0.271ms
[2024-08-23T15:53:21.515+0800] GC(802) Pause Young (Concurrent Start) (G1 Humongous Allocation)
[2024-08-23T15:53:21.515+0800] GC(802) Using 6 workers of 6 for evacuation
[2024-08-23T15:53:21.515+0800] GC(802)   Pre Evacuate Collection Set: 0.1ms
[2024-08-23T15:53:21.515+0800] GC(802)   Merge Heap Roots: 0.1ms
[2024-08-23T15:53:21.515+0800] GC(802)   Evacuate Collection Set: 0.2ms
[2024-08-23T15:53:21.515+0800] GC(802)   Post Evacuate Collection Set: 0.5ms
[2024-08-23T15:53:21.515+0800] GC(802)   Other: 0.1ms
[2024-08-23T15:53:21.515+0800] GC(802) Eden regions: 1->0(307)
[2024-08-23T15:53:21.515+0800] GC(802) Survivor regions: 0->0(39)
[2024-08-23T15:53:21.515+0800] GC(802) Old regions: 1->1
[2024-08-23T15:53:21.515+0800] GC(802) Archive regions: 0->0
[2024-08-23T15:53:21.515+0800] GC(802) Humongous regions: 230->44
[2024-08-23T15:53:21.515+0800] GC(802) Metaspace: 302K(512K)->302K(512K) NonClass: 296K(384K)->296K(384K) Class: 6K(128K)->6K(128K)
[2024-08-23T15:53:21.515+0800] GC(802) Pause Young (Concurrent Start) (G1 Humongous Allocation) 231M->44M(512M) 1.178ms
[2024-08-23T15:53:21.515+0800] GC(802) User=0.00s Sys=0.00s Real=0.00s
[2024-08-23T15:53:21.515+0800] GC(803) Concurrent Undo Cycle
[2024-08-23T15:53:21.515+0800] GC(803) Concurrent Cleanup for Next Mark
[2024-08-23T15:53:21.516+0800] GC(803) Concurrent Cleanup for Next Mark 0.288ms
[2024-08-23T15:53:21.516+0800] GC(803) Concurrent Undo Cycle 0.367ms
[2024-08-23T15:53:22.060+0800] GC(804) Pause Young (Concurrent Start) (G1 Humongous Allocation)
[2024-08-23T15:53:22.060+0800] GC(804) Using 6 workers of 6 for evacuation
[2024-08-23T15:53:22.061+0800] GC(804)   Pre Evacuate Collection Set: 0.1ms
[2024-08-23T15:53:22.061+0800] GC(804)   Merge Heap Roots: 0.1ms
[2024-08-23T15:53:22.061+0800] GC(804)   Evacuate Collection Set: 0.1ms
[2024-08-23T15:53:22.061+0800] GC(804)   Post Evacuate Collection Set: 0.2ms
[2024-08-23T15:53:22.061+0800] GC(804)   Other: 0.1ms
[2024-08-23T15:53:22.061+0800] GC(804) Eden regions: 1->0(307)
[2024-08-23T15:53:22.061+0800] GC(804) Survivor regions: 0->0(39)
[2024-08-23T15:53:22.061+0800] GC(804) Old regions: 1->1
[2024-08-23T15:53:22.061+0800] GC(804) Archive regions: 0->0
[2024-08-23T15:53:22.061+0800] GC(804) Humongous regions: 230->86
[2024-08-23T15:53:22.061+0800] GC(804) Metaspace: 302K(512K)->302K(512K) NonClass: 296K(384K)->296K(384K) Class: 6K(128K)->6K(128K)
[2024-08-23T15:53:22.061+0800] GC(804) Pause Young (Concurrent Start) (G1 Humongous Allocation) 231M->86M(512M) 0.660ms
[2024-08-23T15:53:22.061+0800] GC(804) User=0.00s Sys=0.00s Real=0.00s
[2024-08-23T15:53:22.061+0800] GC(805) Concurrent Undo Cycle
[2024-08-23T15:53:22.061+0800] GC(805) Concurrent Cleanup for Next Mark
[2024-08-23T15:53:22.061+0800] GC(805) Concurrent Cleanup for Next Mark 0.207ms
[2024-08-23T15:53:22.061+0800] GC(805) Concurrent Undo Cycle 0.254ms
[2024-08-23T15:53:23.261+0800] GC(806) Pause Young (Concurrent Start) (G1 Humongous Allocation)
[2024-08-23T15:53:23.261+0800] GC(806) Using 6 workers of 6 for evacuation
[2024-08-23T15:53:23.261+0800] GC(806)   Pre Evacuate Collection Set: 0.1ms
[2024-08-23T15:53:23.261+0800] GC(806)   Merge Heap Roots: 0.1ms
[2024-08-23T15:53:23.261+0800] GC(806)   Evacuate Collection Set: 0.1ms
[2024-08-23T15:53:23.261+0800] GC(806)   Post Evacuate Collection Set: 0.4ms
[2024-08-23T15:53:23.261+0800] GC(806)   Other: 0.1ms
[2024-08-23T15:53:23.261+0800] GC(806) Eden regions: 1->0(307)
[2024-08-23T15:53:23.261+0800] GC(806) Survivor regions: 0->0(39)
[2024-08-23T15:53:23.261+0800] GC(806) Old regions: 1->1
[2024-08-23T15:53:23.261+0800] GC(806) Archive regions: 0->0
[2024-08-23T15:53:23.261+0800] GC(806) Humongous regions: 163->51
[2024-08-23T15:53:23.261+0800] GC(806) Metaspace: 302K(512K)->302K(512K) NonClass: 296K(384K)->296K(384K) Class: 6K(128K)->6K(128K)
[2024-08-23T15:53:23.261+0800] GC(806) Pause Young (Concurrent Start) (G1 Humongous Allocation) 164M->51M(512M) 0.935ms
[2024-08-23T15:53:23.261+0800] GC(806) User=0.00s Sys=0.00s Real=0.00s
[2024-08-23T15:53:23.261+0800] GC(807) Concurrent Undo Cycle
[2024-08-23T15:53:23.261+0800] GC(807) Concurrent Cleanup for Next Mark
[2024-08-23T15:53:23.261+0800] GC(807) Concurrent Cleanup for Next Mark 0.283ms
[2024-08-23T15:53:23.261+0800] GC(807) Concurrent Undo Cycle 0.362ms
[2024-08-23T15:53:24.463+0800] GC(808) Pause Young (Concurrent Start) (G1 Humongous Allocation)
[2024-08-23T15:53:24.463+0800] GC(808) Using 6 workers of 6 for evacuation
[2024-08-23T15:53:24.463+0800] GC(808)   Pre Evacuate Collection Set: 0.0ms
[2024-08-23T15:53:24.463+0800] GC(808)   Merge Heap Roots: 0.0ms
[2024-08-23T15:53:24.463+0800] GC(808)   Evacuate Collection Set: 0.1ms
[2024-08-23T15:53:24.463+0800] GC(808)   Post Evacuate Collection Set: 0.2ms
[2024-08-23T15:53:24.463+0800] GC(808)   Other: 0.1ms
[2024-08-23T15:53:24.463+0800] GC(808) Eden regions: 1->0(307)
[2024-08-23T15:53:24.463+0800] GC(808) Survivor regions: 0->0(39)
[2024-08-23T15:53:24.463+0800] GC(808) Old regions: 1->1
[2024-08-23T15:53:24.463+0800] GC(808) Archive regions: 0->0
[2024-08-23T15:53:24.463+0800] GC(808) Humongous regions: 214->118
[2024-08-23T15:53:24.463+0800] GC(808) Metaspace: 302K(512K)->302K(512K) NonClass: 296K(384K)->296K(384K) Class: 6K(128K)->6K(128K)
[2024-08-23T15:53:24.463+0800] GC(808) Pause Young (Concurrent Start) (G1 Humongous Allocation) 215M->118M(512M) 0.544ms
[2024-08-23T15:53:24.463+0800] GC(808) User=0.00s Sys=0.00s Real=0.00s
[2024-08-23T15:53:24.463+0800] GC(809) Concurrent Undo Cycle
[2024-08-23T15:53:24.463+0800] GC(809) Concurrent Cleanup for Next Mark
[2024-08-23T15:53:24.464+0800] GC(809) Concurrent Cleanup for Next Mark 0.406ms
[2024-08-23T15:53:24.464+0800] GC(809) Concurrent Undo Cycle 0.506ms
[2024-08-23T15:53:24.682+0800] GC(810) Pause Young (Concurrent Start) (G1 Humongous Allocation)
[2024-08-23T15:53:24.682+0800] GC(810) Using 6 workers of 6 for evacuation
[2024-08-23T15:53:24.682+0800] GC(810)   Pre Evacuate Collection Set: 0.1ms
[2024-08-23T15:53:24.682+0800] GC(810)   Merge Heap Roots: 0.1ms
[2024-08-23T15:53:24.682+0800] GC(810)   Evacuate Collection Set: 0.1ms
[2024-08-23T15:53:24.682+0800] GC(810)   Post Evacuate Collection Set: 0.3ms
[2024-08-23T15:53:24.682+0800] GC(810)   Other: 0.1ms
[2024-08-23T15:53:24.682+0800] GC(810) Eden regions: 1->0(300)
[2024-08-23T15:53:24.682+0800] GC(810) Survivor regions: 0->0(39)
[2024-08-23T15:53:24.682+0800] GC(810) Old regions: 1->1
[2024-08-23T15:53:24.682+0800] GC(810) Archive regions: 0->0
[2024-08-23T15:53:24.682+0800] GC(810) Humongous regions: 190->158
[2024-08-23T15:53:24.682+0800] GC(810) Metaspace: 302K(512K)->302K(512K) NonClass: 296K(384K)->296K(384K) Class: 6K(128K)->6K(128K)
[2024-08-23T15:53:24.682+0800] GC(810) Pause Young (Concurrent Start) (G1 Humongous Allocation) 191M->158M(512M) 0.813ms
[2024-08-23T15:53:24.682+0800] GC(810) User=0.00s Sys=0.00s Real=0.00s
[2024-08-23T15:53:24.683+0800] GC(811) Concurrent Undo Cycle
[2024-08-23T15:53:24.683+0800] GC(811) Concurrent Cleanup for Next Mark
[2024-08-23T15:53:24.683+0800] GC(811) Concurrent Cleanup for Next Mark 0.286ms
[2024-08-23T15:53:24.683+0800] GC(811) Concurrent Undo Cycle 0.361ms
[2024-08-23T15:53:24.791+0800] GC(812) Pause Young (Concurrent Start) (G1 Humongous Allocation)
[2024-08-23T15:53:24.791+0800] GC(812) Using 6 workers of 6 for evacuation
[2024-08-23T15:53:24.791+0800] GC(812)   Pre Evacuate Collection Set: 0.1ms
[2024-08-23T15:53:24.791+0800] GC(812)   Merge Heap Roots: 0.1ms
[2024-08-23T15:53:24.791+0800] GC(812)   Evacuate Collection Set: 0.1ms
[2024-08-23T15:53:24.791+0800] GC(812)   Post Evacuate Collection Set: 0.4ms
[2024-08-23T15:53:24.791+0800] GC(812)   Other: 0.1ms
[2024-08-23T15:53:24.791+0800] GC(812) Eden regions: 1->0(250)
[2024-08-23T15:53:24.791+0800] GC(812) Survivor regions: 0->0(38)
[2024-08-23T15:53:24.791+0800] GC(812) Old regions: 1->1
[2024-08-23T15:53:24.791+0800] GC(812) Archive regions: 0->0
[2024-08-23T15:53:24.791+0800] GC(812) Humongous regions: 259->208
[2024-08-23T15:53:24.791+0800] GC(812) Metaspace: 302K(512K)->302K(512K) NonClass: 296K(384K)->296K(384K) Class: 6K(128K)->6K(128K)
[2024-08-23T15:53:24.791+0800] GC(812) Pause Young (Concurrent Start) (G1 Humongous Allocation) 260M->208M(512M) 0.914ms
[2024-08-23T15:53:24.791+0800] GC(812) User=0.00s Sys=0.00s Real=0.00s
[2024-08-23T15:53:24.791+0800] GC(813) Concurrent Undo Cycle
[2024-08-23T15:53:24.791+0800] GC(813) Concurrent Cleanup for Next Mark
[2024-08-23T15:53:24.792+0800] GC(813) Concurrent Cleanup for Next Mark 0.270ms
[2024-08-23T15:53:24.792+0800] GC(813) Concurrent Undo Cycle 0.316ms
[2024-08-23T15:53:25.336+0800] GC(814) Pause Young (Concurrent Start) (G1 Humongous Allocation)
[2024-08-23T15:53:25.336+0800] GC(814) Using 6 workers of 6 for evacuation
[2024-08-23T15:53:25.337+0800] GC(814)   Pre Evacuate Collection Set: 0.1ms
[2024-08-23T15:53:25.337+0800] GC(814)   Merge Heap Roots: 0.1ms
[2024-08-23T15:53:25.337+0800] GC(814)   Evacuate Collection Set: 0.2ms
[2024-08-23T15:53:25.337+0800] GC(814)   Post Evacuate Collection Set: 0.4ms
[2024-08-23T15:53:25.337+0800] GC(814)   Other: 0.1ms
[2024-08-23T15:53:25.337+0800] GC(814) Eden regions: 1->0(307)
[2024-08-23T15:53:25.337+0800] GC(814) Survivor regions: 0->0(32)
[2024-08-23T15:53:25.337+0800] GC(814) Old regions: 1->1
[2024-08-23T15:53:25.337+0800] GC(814) Archive regions: 0->0
[2024-08-23T15:53:25.337+0800] GC(814) Humongous regions: 230->115
[2024-08-23T15:53:25.337+0800] GC(814) Metaspace: 302K(512K)->302K(512K) NonClass: 296K(384K)->296K(384K) Class: 6K(128K)->6K(128K)
[2024-08-23T15:53:25.337+0800] GC(814) Pause Young (Concurrent Start) (G1 Humongous Allocation) 231M->115M(512M) 0.975ms
[2024-08-23T15:53:25.337+0800] GC(814) User=0.00s Sys=0.00s Real=0.00s
[2024-08-23T15:53:25.337+0800] GC(815) Concurrent Undo Cycle
[2024-08-23T15:53:25.337+0800] GC(815) Concurrent Cleanup for Next Mark
[2024-08-23T15:53:25.337+0800] GC(815) Concurrent Cleanup for Next Mark 0.264ms
[2024-08-23T15:53:25.337+0800] GC(815) Concurrent Undo Cycle 0.318ms
[2024-08-23T15:53:26.100+0800] GC(816) Pause Young (Concurrent Start) (G1 Humongous Allocation)
[2024-08-23T15:53:26.100+0800] GC(816) Using 6 workers of 6 for evacuation
[2024-08-23T15:53:26.100+0800] GC(816)   Pre Evacuate Collection Set: 0.1ms
[2024-08-23T15:53:26.100+0800] GC(816)   Merge Heap Roots: 0.1ms
[2024-08-23T15:53:26.100+0800] GC(816)   Evacuate Collection Set: 0.2ms
[2024-08-23T15:53:26.100+0800] GC(816)   Post Evacuate Collection Set: 0.3ms
[2024-08-23T15:53:26.100+0800] GC(816)   Other: 0.1ms
[2024-08-23T15:53:26.100+0800] GC(816) Eden regions: 1->0(292)
[2024-08-23T15:53:26.100+0800] GC(816) Survivor regions: 0->0(39)
[2024-08-23T15:53:26.100+0800] GC(816) Old regions: 1->1
[2024-08-23T15:53:26.100+0800] GC(816) Archive regions: 0->0
[2024-08-23T15:53:26.100+0800] GC(816) Humongous regions: 227->166
[2024-08-23T15:53:26.100+0800] GC(816) Metaspace: 302K(512K)->302K(512K) NonClass: 296K(384K)->296K(384K) Class: 6K(128K)->6K(128K)
[2024-08-23T15:53:26.100+0800] GC(816) Pause Young (Concurrent Start) (G1 Humongous Allocation) 228M->166M(512M) 0.824ms
[2024-08-23T15:53:26.100+0800] GC(816) User=0.00s Sys=0.00s Real=0.00s
[2024-08-23T15:53:26.100+0800] GC(817) Concurrent Undo Cycle
[2024-08-23T15:53:26.100+0800] GC(817) Concurrent Cleanup for Next Mark
[2024-08-23T15:53:26.101+0800] GC(817) Concurrent Cleanup for Next Mark 0.227ms
[2024-08-23T15:53:26.101+0800] GC(817) Concurrent Undo Cycle 0.289ms
[2024-08-23T15:53:26.209+0800] GC(818) Pause Young (Concurrent Start) (G1 Humongous Allocation)
[2024-08-23T15:53:26.209+0800] GC(818) Using 6 workers of 6 for evacuation
[2024-08-23T15:53:26.209+0800] GC(818)   Pre Evacuate Collection Set: 0.1ms
[2024-08-23T15:53:26.209+0800] GC(818)   Merge Heap Roots: 0.1ms
[2024-08-23T15:53:26.209+0800] GC(818)   Evacuate Collection Set: 0.1ms
[2024-08-23T15:53:26.209+0800] GC(818)   Post Evacuate Collection Set: 0.4ms
[2024-08-23T15:53:26.209+0800] GC(818)   Other: 0.1ms
[2024-08-23T15:53:26.209+0800] GC(818) Eden regions: 1->0(242)
[2024-08-23T15:53:26.209+0800] GC(818) Survivor regions: 0->0(37)
[2024-08-23T15:53:26.209+0800] GC(818) Old regions: 1->1
[2024-08-23T15:53:26.209+0800] GC(818) Archive regions: 0->0
[2024-08-23T15:53:26.209+0800] GC(818) Humongous regions: 267->216
[2024-08-23T15:53:26.209+0800] GC(818) Metaspace: 302K(512K)->302K(512K) NonClass: 296K(384K)->296K(384K) Class: 6K(128K)->6K(128K)
[2024-08-23T15:53:26.209+0800] GC(818) Pause Young (Concurrent Start) (G1 Humongous Allocation) 268M->216M(512M) 0.892ms
[2024-08-23T15:53:26.209+0800] GC(818) User=0.00s Sys=0.00s Real=0.00s
[2024-08-23T15:53:26.209+0800] GC(819) Concurrent Undo Cycle
[2024-08-23T15:53:26.209+0800] GC(819) Concurrent Cleanup for Next Mark
[2024-08-23T15:53:26.209+0800] GC(819) Concurrent Cleanup for Next Mark 0.249ms
[2024-08-23T15:53:26.209+0800] GC(819) Concurrent Undo Cycle 0.302ms
[2024-08-23T15:53:27.082+0800] GC(820) Pause Young (Concurrent Start) (G1 Humongous Allocation)
[2024-08-23T15:53:27.082+0800] GC(820) Using 6 workers of 6 for evacuation
[2024-08-23T15:53:27.083+0800] GC(820)   Pre Evacuate Collection Set: 0.1ms
[2024-08-23T15:53:27.083+0800] GC(820)   Merge Heap Roots: 0.1ms
[2024-08-23T15:53:27.083+0800] GC(820)   Evacuate Collection Set: 0.1ms
[2024-08-23T15:53:27.083+0800] GC(820)   Post Evacuate Collection Set: 0.5ms
[2024-08-23T15:53:27.083+0800] GC(820)   Other: 0.1ms
[2024-08-23T15:53:27.083+0800] GC(820) Eden regions: 1->0(307)
[2024-08-23T15:53:27.083+0800] GC(820) Survivor regions: 0->0(31)
[2024-08-23T15:53:27.083+0800] GC(820) Old regions: 1->1
[2024-08-23T15:53:27.083+0800] GC(820) Archive regions: 0->0
[2024-08-23T15:53:27.083+0800] GC(820) Humongous regions: 226->6
[2024-08-23T15:53:27.083+0800] GC(820) Metaspace: 302K(512K)->302K(512K) NonClass: 296K(384K)->296K(384K) Class: 6K(128K)->6K(128K)
[2024-08-23T15:53:27.083+0800] GC(820) Pause Young (Concurrent Start) (G1 Humongous Allocation) 227M->6M(512M) 0.936ms
[2024-08-23T15:53:27.083+0800] GC(820) User=0.00s Sys=0.00s Real=0.00s
[2024-08-23T15:53:27.083+0800] GC(821) Concurrent Undo Cycle
[2024-08-23T15:53:27.083+0800] GC(821) Concurrent Cleanup for Next Mark
[2024-08-23T15:53:27.083+0800] GC(821) Concurrent Cleanup for Next Mark 0.236ms
[2024-08-23T15:53:27.083+0800] GC(821) Concurrent Undo Cycle 0.293ms
[2024-08-23T15:53:28.285+0800] GC(822) Pause Young (Concurrent Start) (G1 Humongous Allocation)
[2024-08-23T15:53:28.285+0800] GC(822) Using 6 workers of 6 for evacuation
[2024-08-23T15:53:28.286+0800] GC(822)   Pre Evacuate Collection Set: 0.1ms
[2024-08-23T15:53:28.286+0800] GC(822)   Merge Heap Roots: 0.1ms
[2024-08-23T15:53:28.286+0800] GC(822)   Evacuate Collection Set: 0.1ms
[2024-08-23T15:53:28.286+0800] GC(822)   Post Evacuate Collection Set: 0.4ms
[2024-08-23T15:53:28.286+0800] GC(822)   Other: 0.1ms
[2024-08-23T15:53:28.286+0800] GC(822) Eden regions: 1->0(307)
[2024-08-23T15:53:28.286+0800] GC(822) Survivor regions: 0->0(39)
[2024-08-23T15:53:28.286+0800] GC(822) Old regions: 1->1
[2024-08-23T15:53:28.286+0800] GC(822) Archive regions: 0->0
[2024-08-23T15:53:28.286+0800] GC(822) Humongous regions: 229->23
[2024-08-23T15:53:28.286+0800] GC(822) Metaspace: 302K(512K)->302K(512K) NonClass: 296K(384K)->296K(384K) Class: 6K(128K)->6K(128K)
[2024-08-23T15:53:28.286+0800] GC(822) Pause Young (Concurrent Start) (G1 Humongous Allocation) 230M->23M(512M) 0.893ms
[2024-08-23T15:53:28.286+0800] GC(822) User=0.00s Sys=0.00s Real=0.00s
[2024-08-23T15:53:28.286+0800] GC(823) Concurrent Undo Cycle
[2024-08-23T15:53:28.286+0800] GC(823) Concurrent Cleanup for Next Mark
[2024-08-23T15:53:28.286+0800] GC(823) Concurrent Cleanup for Next Mark 0.255ms
[2024-08-23T15:53:28.286+0800] GC(823) Concurrent Undo Cycle 0.316ms
[2024-08-23T15:53:29.051+0800] GC(824) Pause Young (Concurrent Start) (G1 Humongous Allocation)
[2024-08-23T15:53:29.051+0800] GC(824) Using 6 workers of 6 for evacuation
[2024-08-23T15:53:29.051+0800] GC(824)   Pre Evacuate Collection Set: 0.1ms
[2024-08-23T15:53:29.051+0800] GC(824)   Merge Heap Roots: 0.1ms
[2024-08-23T15:53:29.051+0800] GC(824)   Evacuate Collection Set: 0.1ms
[2024-08-23T15:53:29.051+0800] GC(824)   Post Evacuate Collection Set: 0.4ms
[2024-08-23T15:53:29.051+0800] GC(824)   Other: 0.1ms
[2024-08-23T15:53:29.051+0800] GC(824) Eden regions: 1->0(307)
[2024-08-23T15:53:29.051+0800] GC(824) Survivor regions: 0->0(39)
[2024-08-23T15:53:29.051+0800] GC(824) Old regions: 1->1
[2024-08-23T15:53:29.051+0800] GC(824) Archive regions: 0->0
[2024-08-23T15:53:29.051+0800] GC(824) Humongous regions: 230->129
[2024-08-23T15:53:29.051+0800] GC(824) Metaspace: 302K(512K)->302K(512K) NonClass: 296K(384K)->296K(384K) Class: 6K(128K)->6K(128K)
[2024-08-23T15:53:29.051+0800] GC(824) Pause Young (Concurrent Start) (G1 Humongous Allocation) 231M->129M(512M) 0.856ms
[2024-08-23T15:53:29.051+0800] GC(824) User=0.00s Sys=0.00s Real=0.00s
[2024-08-23T15:53:29.051+0800] GC(825) Concurrent Undo Cycle
[2024-08-23T15:53:29.051+0800] GC(825) Concurrent Cleanup for Next Mark
[2024-08-23T15:53:29.051+0800] GC(825) Concurrent Cleanup for Next Mark 0.241ms
[2024-08-23T15:53:29.051+0800] GC(825) Concurrent Undo Cycle 0.293ms
[2024-08-23T15:53:31.122+0800] GC(826) Pause Young (Concurrent Start) (G1 Humongous Allocation)
[2024-08-23T15:53:31.122+0800] GC(826) Using 6 workers of 6 for evacuation
[2024-08-23T15:53:31.122+0800] GC(826)   Pre Evacuate Collection Set: 0.0ms
[2024-08-23T15:53:31.122+0800] GC(826)   Merge Heap Roots: 0.0ms
[2024-08-23T15:53:31.122+0800] GC(826)   Evacuate Collection Set: 0.1ms
[2024-08-23T15:53:31.122+0800] GC(826)   Post Evacuate Collection Set: 0.2ms
[2024-08-23T15:53:31.122+0800] GC(826)   Other: 0.1ms
[2024-08-23T15:53:31.122+0800] GC(826) Eden regions: 1->0(307)
[2024-08-23T15:53:31.122+0800] GC(826) Survivor regions: 0->0(39)
[2024-08-23T15:53:31.122+0800] GC(826) Old regions: 1->1
[2024-08-23T15:53:31.122+0800] GC(826) Archive regions: 0->0
[2024-08-23T15:53:31.122+0800] GC(826) Humongous regions: 230->12
[2024-08-23T15:53:31.122+0800] GC(826) Metaspace: 302K(512K)->302K(512K) NonClass: 296K(384K)->296K(384K) Class: 6K(128K)->6K(128K)
[2024-08-23T15:53:31.122+0800] GC(826) Pause Young (Concurrent Start) (G1 Humongous Allocation) 231M->12M(512M) 0.510ms
[2024-08-23T15:53:31.122+0800] GC(826) User=0.00s Sys=0.00s Real=0.00s
[2024-08-23T15:53:31.122+0800] GC(827) Concurrent Undo Cycle
[2024-08-23T15:53:31.122+0800] GC(827) Concurrent Cleanup for Next Mark
[2024-08-23T15:53:31.122+0800] GC(827) Concurrent Cleanup for Next Mark 0.210ms
[2024-08-23T15:53:31.122+0800] GC(827) Concurrent Undo Cycle 0.260ms
[2024-08-23T15:53:32.216+0800] GC(828) Pause Young (Concurrent Start) (G1 Humongous Allocation)
[2024-08-23T15:53:32.216+0800] GC(828) Using 6 workers of 6 for evacuation
[2024-08-23T15:53:32.217+0800] GC(828)   Pre Evacuate Collection Set: 0.1ms
[2024-08-23T15:53:32.217+0800] GC(828)   Merge Heap Roots: 0.1ms
[2024-08-23T15:53:32.217+0800] GC(828)   Evacuate Collection Set: 0.2ms
[2024-08-23T15:53:32.217+0800] GC(828)   Post Evacuate Collection Set: 0.3ms
[2024-08-23T15:53:32.217+0800] GC(828)   Other: 0.1ms
[2024-08-23T15:53:32.217+0800] GC(828) Eden regions: 1->0(307)
[2024-08-23T15:53:32.217+0800] GC(828) Survivor regions: 0->0(39)
[2024-08-23T15:53:32.217+0800] GC(828) Old regions: 1->1
[2024-08-23T15:53:32.217+0800] GC(828) Archive regions: 0->0
[2024-08-23T15:53:32.217+0800] GC(828) Humongous regions: 229->63
[2024-08-23T15:53:32.217+0800] GC(828) Metaspace: 302K(512K)->302K(512K) NonClass: 296K(384K)->296K(384K) Class: 6K(128K)->6K(128K)
[2024-08-23T15:53:32.217+0800] GC(828) Pause Young (Concurrent Start) (G1 Humongous Allocation) 230M->63M(512M) 0.897ms
[2024-08-23T15:53:32.217+0800] GC(828) User=0.00s Sys=0.00s Real=0.00s
[2024-08-23T15:53:32.217+0800] GC(829) Concurrent Undo Cycle
[2024-08-23T15:53:32.217+0800] GC(829) Concurrent Cleanup for Next Mark
[2024-08-23T15:53:32.217+0800] GC(829) Concurrent Cleanup for Next Mark 0.271ms
[2024-08-23T15:53:32.217+0800] GC(829) Concurrent Undo Cycle 0.335ms
[2024-08-23T15:53:33.201+0800] GC(830) Pause Young (Concurrent Start) (G1 Humongous Allocation)
[2024-08-23T15:53:33.201+0800] GC(830) Using 6 workers of 6 for evacuation
[2024-08-23T15:53:33.201+0800] GC(830)   Pre Evacuate Collection Set: 0.1ms
[2024-08-23T15:53:33.201+0800] GC(830)   Merge Heap Roots: 0.1ms
[2024-08-23T15:53:33.201+0800] GC(830)   Evacuate Collection Set: 0.1ms
[2024-08-23T15:53:33.201+0800] GC(830)   Post Evacuate Collection Set: 0.3ms
[2024-08-23T15:53:33.201+0800] GC(830)   Other: 0.1ms
[2024-08-23T15:53:33.201+0800] GC(830) Eden regions: 1->0(307)
[2024-08-23T15:53:33.201+0800] GC(830) Survivor regions: 0->0(39)
[2024-08-23T15:53:33.201+0800] GC(830) Old regions: 1->1
[2024-08-23T15:53:33.201+0800] GC(830) Archive regions: 0->0
[2024-08-23T15:53:33.201+0800] GC(830) Humongous regions: 187->114
[2024-08-23T15:53:33.201+0800] GC(830) Metaspace: 302K(512K)->302K(512K) NonClass: 296K(384K)->296K(384K) Class: 6K(128K)->6K(128K)
[2024-08-23T15:53:33.201+0800] GC(830) Pause Young (Concurrent Start) (G1 Humongous Allocation) 188M->114M(512M) 0.794ms
[2024-08-23T15:53:33.201+0800] GC(830) User=0.00s Sys=0.00s Real=0.00s
[2024-08-23T15:53:33.201+0800] GC(831) Concurrent Undo Cycle
[2024-08-23T15:53:33.201+0800] GC(831) Concurrent Cleanup for Next Mark
[2024-08-23T15:53:33.201+0800] GC(831) Concurrent Cleanup for Next Mark 0.292ms
[2024-08-23T15:53:33.201+0800] GC(831) Concurrent Undo Cycle 0.375ms
[2024-08-23T15:53:33.637+0800] GC(832) Pause Young (Concurrent Start) (G1 Humongous Allocation)
[2024-08-23T15:53:33.637+0800] GC(832) Using 6 workers of 6 for evacuation
[2024-08-23T15:53:33.637+0800] GC(832)   Pre Evacuate Collection Set: 0.0ms
[2024-08-23T15:53:33.637+0800] GC(832)   Merge Heap Roots: 0.0ms
[2024-08-23T15:53:33.637+0800] GC(832)   Evacuate Collection Set: 0.1ms
[2024-08-23T15:53:33.637+0800] GC(832)   Post Evacuate Collection Set: 0.1ms
[2024-08-23T15:53:33.637+0800] GC(832)   Other: 0.1ms
[2024-08-23T15:53:33.637+0800] GC(832) Eden regions: 1->0(288)
[2024-08-23T15:53:33.637+0800] GC(832) Survivor regions: 0->0(39)
[2024-08-23T15:53:33.637+0800] GC(832) Old regions: 1->1
[2024-08-23T15:53:33.637+0800] GC(832) Archive regions: 0->0
[2024-08-23T15:53:33.637+0800] GC(832) Humongous regions: 225->170
[2024-08-23T15:53:33.637+0800] GC(832) Metaspace: 302K(512K)->302K(512K) NonClass: 296K(384K)->296K(384K) Class: 6K(128K)->6K(128K)
[2024-08-23T15:53:33.637+0800] GC(832) Pause Young (Concurrent Start) (G1 Humongous Allocation) 226M->170M(512M) 0.504ms
[2024-08-23T15:53:33.637+0800] GC(832) User=0.00s Sys=0.00s Real=0.00s
[2024-08-23T15:53:33.637+0800] GC(833) Concurrent Undo Cycle
[2024-08-23T15:53:33.637+0800] GC(833) Concurrent Cleanup for Next Mark
[2024-08-23T15:53:33.637+0800] GC(833) Concurrent Cleanup for Next Mark 0.223ms
[2024-08-23T15:53:33.638+0800] GC(833) Concurrent Undo Cycle 0.286ms
[2024-08-23T15:53:34.618+0800] GC(834) Pause Young (Concurrent Start) (G1 Humongous Allocation)
[2024-08-23T15:53:34.618+0800] GC(834) Using 6 workers of 6 for evacuation
[2024-08-23T15:53:34.618+0800] GC(834)   Pre Evacuate Collection Set: 0.1ms
[2024-08-23T15:53:34.618+0800] GC(834)   Merge Heap Roots: 0.1ms
[2024-08-23T15:53:34.618+0800] GC(834)   Evacuate Collection Set: 0.1ms
[2024-08-23T15:53:34.618+0800] GC(834)   Post Evacuate Collection Set: 0.3ms
[2024-08-23T15:53:34.618+0800] GC(834)   Other: 0.1ms
[2024-08-23T15:53:34.618+0800] GC(834) Eden regions: 1->0(307)
[2024-08-23T15:53:34.618+0800] GC(834) Survivor regions: 0->0(36)
[2024-08-23T15:53:34.618+0800] GC(834) Old regions: 1->1
[2024-08-23T15:53:34.618+0800] GC(834) Archive regions: 0->0
[2024-08-23T15:53:34.618+0800] GC(834) Humongous regions: 194->6
[2024-08-23T15:53:34.618+0800] GC(834) Metaspace: 302K(512K)->302K(512K) NonClass: 296K(384K)->296K(384K) Class: 6K(128K)->6K(128K)
[2024-08-23T15:53:34.618+0800] GC(834) Pause Young (Concurrent Start) (G1 Humongous Allocation) 195M->6M(512M) 0.734ms
[2024-08-23T15:53:34.618+0800] GC(834) User=0.00s Sys=0.00s Real=0.00s
[2024-08-23T15:53:34.618+0800] GC(835) Concurrent Undo Cycle
[2024-08-23T15:53:34.619+0800] GC(835) Concurrent Cleanup for Next Mark
[2024-08-23T15:53:34.619+0800] GC(835) Concurrent Cleanup for Next Mark 0.220ms
[2024-08-23T15:53:34.619+0800] GC(835) Concurrent Undo Cycle 0.285ms
[2024-08-23T15:53:35.929+0800] GC(836) Pause Young (Concurrent Start) (G1 Humongous Allocation)
[2024-08-23T15:53:35.929+0800] GC(836) Using 6 workers of 6 for evacuation
[2024-08-23T15:53:35.929+0800] GC(836)   Pre Evacuate Collection Set: 0.1ms
[2024-08-23T15:53:35.929+0800] GC(836)   Merge Heap Roots: 0.1ms
[2024-08-23T15:53:35.929+0800] GC(836)   Evacuate Collection Set: 0.1ms
[2024-08-23T15:53:35.929+0800] GC(836)   Post Evacuate Collection Set: 0.3ms
[2024-08-23T15:53:35.929+0800] GC(836)   Other: 0.1ms
[2024-08-23T15:53:35.929+0800] GC(836) Eden regions: 1->0(307)
[2024-08-23T15:53:35.929+0800] GC(836) Survivor regions: 0->0(39)
[2024-08-23T15:53:35.929+0800] GC(836) Old regions: 1->1
[2024-08-23T15:53:35.929+0800] GC(836) Archive regions: 0->0
[2024-08-23T15:53:35.929+0800] GC(836) Humongous regions: 190->29
[2024-08-23T15:53:35.929+0800] GC(836) Metaspace: 302K(512K)->302K(512K) NonClass: 296K(384K)->296K(384K) Class: 6K(128K)->6K(128K)
[2024-08-23T15:53:35.929+0800] GC(836) Pause Young (Concurrent Start) (G1 Humongous Allocation) 191M->29M(512M) 0.842ms
[2024-08-23T15:53:35.929+0800] GC(836) User=0.00s Sys=0.00s Real=0.00s
[2024-08-23T15:53:35.929+0800] GC(837) Concurrent Undo Cycle
[2024-08-23T15:53:35.929+0800] GC(837) Concurrent Cleanup for Next Mark
[2024-08-23T15:53:35.929+0800] GC(837) Concurrent Cleanup for Next Mark 0.258ms
[2024-08-23T15:53:35.929+0800] GC(837) Concurrent Undo Cycle 0.324ms
[2024-08-23T15:53:37.019+0800] GC(838) Pause Young (Concurrent Start) (G1 Humongous Allocation)
[2024-08-23T15:53:37.019+0800] GC(838) Using 6 workers of 6 for evacuation
[2024-08-23T15:53:37.019+0800] GC(838)   Pre Evacuate Collection Set: 0.0ms
[2024-08-23T15:53:37.019+0800] GC(838)   Merge Heap Roots: 0.0ms
[2024-08-23T15:53:37.019+0800] GC(838)   Evacuate Collection Set: 0.1ms
[2024-08-23T15:53:37.019+0800] GC(838)   Post Evacuate Collection Set: 0.1ms
[2024-08-23T15:53:37.019+0800] GC(838)   Other: 0.1ms
[2024-08-23T15:53:37.019+0800] GC(838) Eden regions: 1->0(307)
[2024-08-23T15:53:37.019+0800] GC(838) Survivor regions: 0->0(39)
[2024-08-23T15:53:37.019+0800] GC(838) Old regions: 1->1
[2024-08-23T15:53:37.019+0800] GC(838) Archive regions: 0->0
[2024-08-23T15:53:37.019+0800] GC(838) Humongous regions: 221->16
[2024-08-23T15:53:37.019+0800] GC(838) Metaspace: 302K(512K)->302K(512K) NonClass: 296K(384K)->296K(384K) Class: 6K(128K)->6K(128K)
[2024-08-23T15:53:37.019+0800] GC(838) Pause Young (Concurrent Start) (G1 Humongous Allocation) 222M->16M(512M) 0.490ms
[2024-08-23T15:53:37.019+0800] GC(838) User=0.00s Sys=0.00s Real=0.00s
[2024-08-23T15:53:37.019+0800] GC(839) Concurrent Undo Cycle
[2024-08-23T15:53:37.019+0800] GC(839) Concurrent Cleanup for Next Mark
[2024-08-23T15:53:37.019+0800] GC(839) Concurrent Cleanup for Next Mark 0.233ms
[2024-08-23T15:53:37.020+0800] GC(839) Concurrent Undo Cycle 0.306ms
[2024-08-23T15:53:38.437+0800] GC(840) Pause Young (Concurrent Start) (G1 Humongous Allocation)
[2024-08-23T15:53:38.437+0800] GC(840) Using 6 workers of 6 for evacuation
[2024-08-23T15:53:38.437+0800] GC(840)   Pre Evacuate Collection Set: 0.1ms
[2024-08-23T15:53:38.437+0800] GC(840)   Merge Heap Roots: 0.1ms
[2024-08-23T15:53:38.437+0800] GC(840)   Evacuate Collection Set: 0.1ms
[2024-08-23T15:53:38.437+0800] GC(840)   Post Evacuate Collection Set: 0.2ms
[2024-08-23T15:53:38.437+0800] GC(840)   Other: 0.1ms
[2024-08-23T15:53:38.437+0800] GC(840) Eden regions: 1->0(307)
[2024-08-23T15:53:38.437+0800] GC(840) Survivor regions: 0->0(39)
[2024-08-23T15:53:38.437+0800] GC(840) Old regions: 1->1
[2024-08-23T15:53:38.437+0800] GC(840) Archive regions: 0->0
[2024-08-23T15:53:38.437+0800] GC(840) Humongous regions: 221->6
[2024-08-23T15:53:38.437+0800] GC(840) Metaspace: 302K(512K)->302K(512K) NonClass: 296K(384K)->296K(384K) Class: 6K(128K)->6K(128K)
[2024-08-23T15:53:38.437+0800] GC(840) Pause Young (Concurrent Start) (G1 Humongous Allocation) 222M->6M(512M) 0.647ms
[2024-08-23T15:53:38.437+0800] GC(840) User=0.00s Sys=0.00s Real=0.00s
[2024-08-23T15:53:38.437+0800] GC(841) Concurrent Undo Cycle
[2024-08-23T15:53:38.437+0800] GC(841) Concurrent Cleanup for Next Mark
[2024-08-23T15:53:38.438+0800] GC(841) Concurrent Cleanup for Next Mark 0.277ms
[2024-08-23T15:53:38.438+0800] GC(841) Concurrent Undo Cycle 0.366ms
[2024-08-23T15:53:39.637+0800] GC(842) Pause Young (Concurrent Start) (G1 Humongous Allocation)
[2024-08-23T15:53:39.637+0800] GC(842) Using 6 workers of 6 for evacuation
[2024-08-23T15:53:39.637+0800] GC(842)   Pre Evacuate Collection Set: 0.1ms
[2024-08-23T15:53:39.637+0800] GC(842)   Merge Heap Roots: 0.1ms
[2024-08-23T15:53:39.637+0800] GC(842)   Evacuate Collection Set: 0.2ms
[2024-08-23T15:53:39.637+0800] GC(842)   Post Evacuate Collection Set: 0.4ms
[2024-08-23T15:53:39.637+0800] GC(842)   Other: 0.1ms
[2024-08-23T15:53:39.637+0800] GC(842) Eden regions: 1->0(307)
[2024-08-23T15:53:39.637+0800] GC(842) Survivor regions: 0->0(39)
[2024-08-23T15:53:39.637+0800] GC(842) Old regions: 1->1
[2024-08-23T15:53:39.637+0800] GC(842) Archive regions: 0->0
[2024-08-23T15:53:39.637+0800] GC(842) Humongous regions: 229->23
[2024-08-23T15:53:39.637+0800] GC(842) Metaspace: 302K(512K)->302K(512K) NonClass: 296K(384K)->296K(384K) Class: 6K(128K)->6K(128K)
[2024-08-23T15:53:39.637+0800] GC(842) Pause Young (Concurrent Start) (G1 Humongous Allocation) 230M->23M(512M) 0.918ms
[2024-08-23T15:53:39.637+0800] GC(842) User=0.00s Sys=0.00s Real=0.00s
[2024-08-23T15:53:39.637+0800] GC(843) Concurrent Undo Cycle
[2024-08-23T15:53:39.637+0800] GC(843) Concurrent Cleanup for Next Mark
[2024-08-23T15:53:39.637+0800] GC(843) Concurrent Cleanup for Next Mark 0.244ms
[2024-08-23T15:53:39.637+0800] GC(843) Concurrent Undo Cycle 0.303ms
[2024-08-23T15:53:40.400+0800] GC(844) Pause Young (Concurrent Start) (G1 Humongous Allocation)
[2024-08-23T15:53:40.400+0800] GC(844) Using 6 workers of 6 for evacuation
[2024-08-23T15:53:40.400+0800] GC(844)   Pre Evacuate Collection Set: 0.0ms
[2024-08-23T15:53:40.400+0800] GC(844)   Merge Heap Roots: 0.0ms
[2024-08-23T15:53:40.400+0800] GC(844)   Evacuate Collection Set: 0.1ms
[2024-08-23T15:53:40.400+0800] GC(844)   Post Evacuate Collection Set: 0.1ms
[2024-08-23T15:53:40.400+0800] GC(844)   Other: 0.1ms
[2024-08-23T15:53:40.400+0800] GC(844) Eden regions: 1->0(307)
[2024-08-23T15:53:40.400+0800] GC(844) Survivor regions: 0->0(39)
[2024-08-23T15:53:40.400+0800] GC(844) Old regions: 1->1
[2024-08-23T15:53:40.400+0800] GC(844) Archive regions: 0->0
[2024-08-23T15:53:40.400+0800] GC(844) Humongous regions: 230->139
[2024-08-23T15:53:40.400+0800] GC(844) Metaspace: 302K(512K)->302K(512K) NonClass: 296K(384K)->296K(384K) Class: 6K(128K)->6K(128K)
[2024-08-23T15:53:40.400+0800] GC(844) Pause Young (Concurrent Start) (G1 Humongous Allocation) 231M->139M(512M) 0.536ms
[2024-08-23T15:53:40.400+0800] GC(844) User=0.00s Sys=0.00s Real=0.00s
[2024-08-23T15:53:40.400+0800] GC(845) Concurrent Undo Cycle
[2024-08-23T15:53:40.400+0800] GC(845) Concurrent Cleanup for Next Mark
[2024-08-23T15:53:40.400+0800] GC(845) Concurrent Cleanup for Next Mark 0.199ms
[2024-08-23T15:53:40.400+0800] GC(845) Concurrent Undo Cycle 0.250ms
[2024-08-23T15:53:41.600+0800] GC(846) Pause Young (Concurrent Start) (G1 Humongous Allocation)
[2024-08-23T15:53:41.600+0800] GC(846) Using 6 workers of 6 for evacuation
[2024-08-23T15:53:41.600+0800] GC(846)   Pre Evacuate Collection Set: 0.1ms
[2024-08-23T15:53:41.600+0800] GC(846)   Merge Heap Roots: 0.0ms
[2024-08-23T15:53:41.600+0800] GC(846)   Evacuate Collection Set: 0.1ms
[2024-08-23T15:53:41.600+0800] GC(846)   Post Evacuate Collection Set: 0.2ms
[2024-08-23T15:53:41.600+0800] GC(846)   Other: 0.1ms
[2024-08-23T15:53:41.600+0800] GC(846) Eden regions: 1->0(307)
[2024-08-23T15:53:41.600+0800] GC(846) Survivor regions: 0->0(39)
[2024-08-23T15:53:41.600+0800] GC(846) Old regions: 1->1
[2024-08-23T15:53:41.600+0800] GC(846) Archive regions: 0->0
[2024-08-23T15:53:41.600+0800] GC(846) Humongous regions: 222->65
[2024-08-23T15:53:41.600+0800] GC(846) Metaspace: 302K(512K)->302K(512K) NonClass: 296K(384K)->296K(384K) Class: 6K(128K)->6K(128K)
[2024-08-23T15:53:41.600+0800] GC(846) Pause Young (Concurrent Start) (G1 Humongous Allocation) 223M->65M(512M) 0.670ms
[2024-08-23T15:53:41.600+0800] GC(846) User=0.00s Sys=0.00s Real=0.00s
[2024-08-23T15:53:41.600+0800] GC(847) Concurrent Undo Cycle
[2024-08-23T15:53:41.600+0800] GC(847) Concurrent Cleanup for Next Mark
[2024-08-23T15:53:41.601+0800] GC(847) Concurrent Cleanup for Next Mark 0.483ms
[2024-08-23T15:53:41.601+0800] GC(847) Concurrent Undo Cycle 0.598ms
[2024-08-23T15:53:43.015+0800] GC(848) Pause Young (Concurrent Start) (G1 Humongous Allocation)
[2024-08-23T15:53:43.015+0800] GC(848) Using 6 workers of 6 for evacuation
[2024-08-23T15:53:43.015+0800] GC(848)   Pre Evacuate Collection Set: 0.0ms
[2024-08-23T15:53:43.015+0800] GC(848)   Merge Heap Roots: 0.0ms
[2024-08-23T15:53:43.015+0800] GC(848)   Evacuate Collection Set: 0.1ms
[2024-08-23T15:53:43.015+0800] GC(848)   Post Evacuate Collection Set: 0.1ms
[2024-08-23T15:53:43.015+0800] GC(848)   Other: 0.1ms
[2024-08-23T15:53:43.015+0800] GC(848) Eden regions: 1->0(307)
[2024-08-23T15:53:43.015+0800] GC(848) Survivor regions: 0->0(39)
[2024-08-23T15:53:43.015+0800] GC(848) Old regions: 1->1
[2024-08-23T15:53:43.015+0800] GC(848) Archive regions: 0->0
[2024-08-23T15:53:43.015+0800] GC(848) Humongous regions: 183->27
[2024-08-23T15:53:43.015+0800] GC(848) Metaspace: 302K(512K)->302K(512K) NonClass: 296K(384K)->296K(384K) Class: 6K(128K)->6K(128K)
[2024-08-23T15:53:43.015+0800] GC(848) Pause Young (Concurrent Start) (G1 Humongous Allocation) 184M->27M(512M) 0.509ms
[2024-08-23T15:53:43.015+0800] GC(848) User=0.00s Sys=0.00s Real=0.00s
[2024-08-23T15:53:43.015+0800] GC(849) Concurrent Undo Cycle
[2024-08-23T15:53:43.015+0800] GC(849) Concurrent Cleanup for Next Mark
[2024-08-23T15:53:43.015+0800] GC(849) Concurrent Cleanup for Next Mark 0.236ms
[2024-08-23T15:53:43.015+0800] GC(849) Concurrent Undo Cycle 0.312ms
[2024-08-23T15:53:44.210+0800] GC(850) Pause Young (Concurrent Start) (G1 Humongous Allocation)
[2024-08-23T15:53:44.210+0800] GC(850) Using 6 workers of 6 for evacuation
[2024-08-23T15:53:44.211+0800] GC(850)   Pre Evacuate Collection Set: 0.1ms
[2024-08-23T15:53:44.211+0800] GC(850)   Merge Heap Roots: 0.1ms
[2024-08-23T15:53:44.211+0800] GC(850)   Evacuate Collection Set: 0.1ms
[2024-08-23T15:53:44.211+0800] GC(850)   Post Evacuate Collection Set: 0.2ms
[2024-08-23T15:53:44.211+0800] GC(850)   Other: 0.1ms
[2024-08-23T15:53:44.211+0800] GC(850) Eden regions: 1->0(307)
[2024-08-23T15:53:44.211+0800] GC(850) Survivor regions: 0->0(39)
[2024-08-23T15:53:44.211+0800] GC(850) Old regions: 1->1
[2024-08-23T15:53:44.211+0800] GC(850) Archive regions: 0->0
[2024-08-23T15:53:44.211+0800] GC(850) Humongous regions: 230->124
[2024-08-23T15:53:44.211+0800] GC(850) Metaspace: 302K(512K)->302K(512K) NonClass: 296K(384K)->296K(384K) Class: 6K(128K)->6K(128K)
[2024-08-23T15:53:44.211+0800] GC(850) Pause Young (Concurrent Start) (G1 Humongous Allocation) 231M->124M(512M) 0.620ms
[2024-08-23T15:53:44.211+0800] GC(850) User=0.00s Sys=0.00s Real=0.00s
[2024-08-23T15:53:44.211+0800] GC(851) Concurrent Undo Cycle
[2024-08-23T15:53:44.211+0800] GC(851) Concurrent Cleanup for Next Mark
[2024-08-23T15:53:44.211+0800] GC(851) Concurrent Cleanup for Next Mark 0.329ms
[2024-08-23T15:53:44.211+0800] GC(851) Concurrent Undo Cycle 0.435ms
[2024-08-23T15:53:44.537+0800] GC(852) Pause Young (Concurrent Start) (G1 Humongous Allocation)
[2024-08-23T15:53:44.537+0800] GC(852) Using 6 workers of 6 for evacuation
[2024-08-23T15:53:44.537+0800] GC(852)   Pre Evacuate Collection Set: 0.0ms
[2024-08-23T15:53:44.537+0800] GC(852)   Merge Heap Roots: 0.0ms
[2024-08-23T15:53:44.537+0800] GC(852)   Evacuate Collection Set: 0.1ms
[2024-08-23T15:53:44.537+0800] GC(852)   Post Evacuate Collection Set: 0.1ms
[2024-08-23T15:53:44.537+0800] GC(852)   Other: 0.1ms
[2024-08-23T15:53:44.537+0800] GC(852) Eden regions: 1->0(294)
[2024-08-23T15:53:44.537+0800] GC(852) Survivor regions: 0->0(39)
[2024-08-23T15:53:44.537+0800] GC(852) Old regions: 1->1
[2024-08-23T15:53:44.537+0800] GC(852) Archive regions: 0->0
[2024-08-23T15:53:44.537+0800] GC(852) Humongous regions: 207->164
[2024-08-23T15:53:44.537+0800] GC(852) Metaspace: 302K(512K)->302K(512K) NonClass: 296K(384K)->296K(384K) Class: 6K(128K)->6K(128K)
[2024-08-23T15:53:44.538+0800] GC(852) Pause Young (Concurrent Start) (G1 Humongous Allocation) 208M->164M(512M) 0.505ms
[2024-08-23T15:53:44.538+0800] GC(852) User=0.00s Sys=0.00s Real=0.00s
[2024-08-23T15:53:44.538+0800] GC(853) Concurrent Undo Cycle
[2024-08-23T15:53:44.538+0800] GC(853) Concurrent Cleanup for Next Mark
[2024-08-23T15:53:44.538+0800] GC(853) Concurrent Cleanup for Next Mark 0.304ms
[2024-08-23T15:53:44.538+0800] GC(853) Concurrent Undo Cycle 0.393ms
[2024-08-23T15:53:44.645+0800] GC(854) Pause Young (Concurrent Start) (G1 Humongous Allocation)
[2024-08-23T15:53:44.645+0800] GC(854) Using 6 workers of 6 for evacuation
[2024-08-23T15:53:44.645+0800] GC(854)   Pre Evacuate Collection Set: 0.0ms
[2024-08-23T15:53:44.645+0800] GC(854)   Merge Heap Roots: 0.0ms
[2024-08-23T15:53:44.645+0800] GC(854)   Evacuate Collection Set: 0.1ms
[2024-08-23T15:53:44.645+0800] GC(854)   Post Evacuate Collection Set: 0.3ms
[2024-08-23T15:53:44.645+0800] GC(854)   Other: 0.1ms
[2024-08-23T15:53:44.645+0800] GC(854) Eden regions: 1->0(244)
[2024-08-23T15:53:44.645+0800] GC(854) Survivor regions: 0->0(37)
[2024-08-23T15:53:44.645+0800] GC(854) Old regions: 1->1
[2024-08-23T15:53:44.645+0800] GC(854) Archive regions: 0->0
[2024-08-23T15:53:44.645+0800] GC(854) Humongous regions: 265->214
[2024-08-23T15:53:44.645+0800] GC(854) Metaspace: 302K(512K)->302K(512K) NonClass: 296K(384K)->296K(384K) Class: 6K(128K)->6K(128K)
[2024-08-23T15:53:44.645+0800] GC(854) Pause Young (Concurrent Start) (G1 Humongous Allocation) 266M->214M(512M) 0.669ms
[2024-08-23T15:53:44.645+0800] GC(854) User=0.00s Sys=0.00s Real=0.00s
[2024-08-23T15:53:44.645+0800] GC(855) Concurrent Undo Cycle
[2024-08-23T15:53:44.645+0800] GC(855) Concurrent Cleanup for Next Mark
[2024-08-23T15:53:44.645+0800] GC(855) Concurrent Cleanup for Next Mark 0.226ms
[2024-08-23T15:53:44.646+0800] GC(855) Concurrent Undo Cycle 0.293ms
[2024-08-23T15:53:45.078+0800] GC(856) Pause Young (Concurrent Start) (G1 Humongous Allocation)
[2024-08-23T15:53:45.078+0800] GC(856) Using 6 workers of 6 for evacuation
[2024-08-23T15:53:45.078+0800] GC(856)   Pre Evacuate Collection Set: 0.0ms
[2024-08-23T15:53:45.078+0800] GC(856)   Merge Heap Roots: 0.0ms
[2024-08-23T15:53:45.078+0800] GC(856)   Evacuate Collection Set: 0.1ms
[2024-08-23T15:53:45.078+0800] GC(856)   Post Evacuate Collection Set: 0.1ms
[2024-08-23T15:53:45.078+0800] GC(856)   Other: 0.1ms
[2024-08-23T15:53:45.078+0800] GC(856) Eden regions: 1->0(307)
[2024-08-23T15:53:45.078+0800] GC(856) Survivor regions: 0->0(31)
[2024-08-23T15:53:45.078+0800] GC(856) Old regions: 1->1
[2024-08-23T15:53:45.078+0800] GC(856) Archive regions: 0->0
[2024-08-23T15:53:45.078+0800] GC(856) Humongous regions: 230->121
[2024-08-23T15:53:45.078+0800] GC(856) Metaspace: 302K(512K)->302K(512K) NonClass: 296K(384K)->296K(384K) Class: 6K(128K)->6K(128K)
[2024-08-23T15:53:45.078+0800] GC(856) Pause Young (Concurrent Start) (G1 Humongous Allocation) 231M->121M(512M) 0.488ms
[2024-08-23T15:53:45.078+0800] GC(856) User=0.00s Sys=0.00s Real=0.00s
[2024-08-23T15:53:45.078+0800] GC(857) Concurrent Undo Cycle
[2024-08-23T15:53:45.078+0800] GC(857) Concurrent Cleanup for Next Mark
[2024-08-23T15:53:45.079+0800] GC(857) Concurrent Cleanup for Next Mark 0.287ms
[2024-08-23T15:53:45.079+0800] GC(857) Concurrent Undo Cycle 0.357ms
[2024-08-23T15:53:47.263+0800] GC(858) Pause Young (Concurrent Start) (G1 Humongous Allocation)
[2024-08-23T15:53:47.263+0800] GC(858) Using 6 workers of 6 for evacuation
[2024-08-23T15:53:47.263+0800] GC(858)   Pre Evacuate Collection Set: 0.0ms
[2024-08-23T15:53:47.263+0800] GC(858)   Merge Heap Roots: 0.0ms
[2024-08-23T15:53:47.263+0800] GC(858)   Evacuate Collection Set: 0.1ms
[2024-08-23T15:53:47.263+0800] GC(858)   Post Evacuate Collection Set: 0.2ms
[2024-08-23T15:53:47.263+0800] GC(858)   Other: 0.1ms
[2024-08-23T15:53:47.263+0800] GC(858) Eden regions: 1->0(307)
[2024-08-23T15:53:47.263+0800] GC(858) Survivor regions: 0->0(39)
[2024-08-23T15:53:47.263+0800] GC(858) Old regions: 1->1
[2024-08-23T15:53:47.263+0800] GC(858) Archive regions: 0->0
[2024-08-23T15:53:47.263+0800] GC(858) Humongous regions: 228->34
[2024-08-23T15:53:47.263+0800] GC(858) Metaspace: 302K(512K)->302K(512K) NonClass: 296K(384K)->296K(384K) Class: 6K(128K)->6K(128K)
[2024-08-23T15:53:47.263+0800] GC(858) Pause Young (Concurrent Start) (G1 Humongous Allocation) 229M->34M(512M) 0.590ms
[2024-08-23T15:53:47.263+0800] GC(858) User=0.00s Sys=0.00s Real=0.00s
[2024-08-23T15:53:47.263+0800] GC(859) Concurrent Undo Cycle
[2024-08-23T15:53:47.263+0800] GC(859) Concurrent Cleanup for Next Mark
[2024-08-23T15:53:47.264+0800] GC(859) Concurrent Cleanup for Next Mark 0.305ms
[2024-08-23T15:53:47.264+0800] GC(859) Concurrent Undo Cycle 0.376ms
[2024-08-23T15:53:48.353+0800] GC(860) Pause Young (Concurrent Start) (G1 Humongous Allocation)
[2024-08-23T15:53:48.353+0800] GC(860) Using 6 workers of 6 for evacuation
[2024-08-23T15:53:48.354+0800] GC(860)   Pre Evacuate Collection Set: 0.1ms
[2024-08-23T15:53:48.354+0800] GC(860)   Merge Heap Roots: 0.1ms
[2024-08-23T15:53:48.354+0800] GC(860)   Evacuate Collection Set: 0.2ms
[2024-08-23T15:53:48.354+0800] GC(860)   Post Evacuate Collection Set: 0.3ms
[2024-08-23T15:53:48.354+0800] GC(860)   Other: 0.1ms
[2024-08-23T15:53:48.354+0800] GC(860) Eden regions: 1->0(307)
[2024-08-23T15:53:48.354+0800] GC(860) Survivor regions: 0->0(39)
[2024-08-23T15:53:48.354+0800] GC(860) Old regions: 1->1
[2024-08-23T15:53:48.354+0800] GC(860) Archive regions: 0->0
[2024-08-23T15:53:48.354+0800] GC(860) Humongous regions: 226->25
[2024-08-23T15:53:48.354+0800] GC(860) Metaspace: 302K(512K)->302K(512K) NonClass: 296K(384K)->296K(384K) Class: 6K(128K)->6K(128K)
[2024-08-23T15:53:48.354+0800] GC(860) Pause Young (Concurrent Start) (G1 Humongous Allocation) 227M->25M(512M) 0.938ms
[2024-08-23T15:53:48.354+0800] GC(860) User=0.00s Sys=0.00s Real=0.00s
[2024-08-23T15:53:48.354+0800] GC(861) Concurrent Undo Cycle
[2024-08-23T15:53:48.354+0800] GC(861) Concurrent Cleanup for Next Mark
[2024-08-23T15:53:48.354+0800] GC(861) Concurrent Cleanup for Next Mark 0.354ms
[2024-08-23T15:53:48.354+0800] GC(861) Concurrent Undo Cycle 0.433ms
[2024-08-23T15:53:49.221+0800] GC(862) Pause Young (Concurrent Start) (G1 Humongous Allocation)
[2024-08-23T15:53:49.221+0800] GC(862) Using 6 workers of 6 for evacuation
[2024-08-23T15:53:49.221+0800] GC(862)   Pre Evacuate Collection Set: 0.0ms
[2024-08-23T15:53:49.221+0800] GC(862)   Merge Heap Roots: 0.0ms
[2024-08-23T15:53:49.221+0800] GC(862)   Evacuate Collection Set: 0.1ms
[2024-08-23T15:53:49.221+0800] GC(862)   Post Evacuate Collection Set: 0.2ms
[2024-08-23T15:53:49.221+0800] GC(862)   Other: 0.1ms
[2024-08-23T15:53:49.221+0800] GC(862) Eden regions: 1->0(307)
[2024-08-23T15:53:49.221+0800] GC(862) Survivor regions: 0->0(39)
[2024-08-23T15:53:49.221+0800] GC(862) Old regions: 1->1
[2024-08-23T15:53:49.221+0800] GC(862) Archive regions: 0->0
[2024-08-23T15:53:49.221+0800] GC(862) Humongous regions: 230->36
[2024-08-23T15:53:49.221+0800] GC(862) Metaspace: 302K(512K)->302K(512K) NonClass: 296K(384K)->296K(384K) Class: 6K(128K)->6K(128K)
[2024-08-23T15:53:49.221+0800] GC(862) Pause Young (Concurrent Start) (G1 Humongous Allocation) 231M->36M(512M) 0.515ms
[2024-08-23T15:53:49.221+0800] GC(862) User=0.00s Sys=0.00s Real=0.00s
[2024-08-23T15:53:49.221+0800] GC(863) Concurrent Undo Cycle
[2024-08-23T15:53:49.221+0800] GC(863) Concurrent Cleanup for Next Mark
[2024-08-23T15:53:49.222+0800] GC(863) Concurrent Cleanup for Next Mark 0.356ms
[2024-08-23T15:53:49.222+0800] GC(863) Concurrent Undo Cycle 0.427ms
[2024-08-23T15:53:50.526+0800] GC(864) Pause Young (Concurrent Start) (G1 Humongous Allocation)
[2024-08-23T15:53:50.526+0800] GC(864) Using 6 workers of 6 for evacuation
[2024-08-23T15:53:50.526+0800] GC(864)   Pre Evacuate Collection Set: 0.0ms
[2024-08-23T15:53:50.526+0800] GC(864)   Merge Heap Roots: 0.1ms
[2024-08-23T15:53:50.526+0800] GC(864)   Evacuate Collection Set: 0.1ms
[2024-08-23T15:53:50.526+0800] GC(864)   Post Evacuate Collection Set: 0.3ms
[2024-08-23T15:53:50.526+0800] GC(864)   Other: 0.1ms
[2024-08-23T15:53:50.526+0800] GC(864) Eden regions: 1->0(307)
[2024-08-23T15:53:50.526+0800] GC(864) Survivor regions: 0->0(39)
[2024-08-23T15:53:50.526+0800] GC(864) Old regions: 1->1
[2024-08-23T15:53:50.526+0800] GC(864) Archive regions: 0->0
[2024-08-23T15:53:50.526+0800] GC(864) Humongous regions: 230->23
[2024-08-23T15:53:50.526+0800] GC(864) Metaspace: 302K(512K)->302K(512K) NonClass: 296K(384K)->296K(384K) Class: 6K(128K)->6K(128K)
[2024-08-23T15:53:50.526+0800] GC(864) Pause Young (Concurrent Start) (G1 Humongous Allocation) 231M->23M(512M) 0.725ms
[2024-08-23T15:53:50.526+0800] GC(864) User=0.00s Sys=0.00s Real=0.00s
[2024-08-23T15:53:50.526+0800] GC(865) Concurrent Undo Cycle
[2024-08-23T15:53:50.526+0800] GC(865) Concurrent Cleanup for Next Mark
[2024-08-23T15:53:50.527+0800] GC(865) Concurrent Cleanup for Next Mark 0.317ms
[2024-08-23T15:53:50.527+0800] GC(865) Concurrent Undo Cycle 0.384ms
[2024-08-23T15:53:51.607+0800] GC(866) Pause Young (Concurrent Start) (G1 Humongous Allocation)
[2024-08-23T15:53:51.607+0800] GC(866) Using 6 workers of 6 for evacuation
[2024-08-23T15:53:51.607+0800] GC(866)   Pre Evacuate Collection Set: 0.0ms
[2024-08-23T15:53:51.607+0800] GC(866)   Merge Heap Roots: 0.0ms
[2024-08-23T15:53:51.607+0800] GC(866)   Evacuate Collection Set: 0.1ms
[2024-08-23T15:53:51.607+0800] GC(866)   Post Evacuate Collection Set: 0.1ms
[2024-08-23T15:53:51.607+0800] GC(866)   Other: 0.1ms
[2024-08-23T15:53:51.607+0800] GC(866) Eden regions: 1->0(307)
[2024-08-23T15:53:51.607+0800] GC(866) Survivor regions: 0->0(39)
[2024-08-23T15:53:51.607+0800] GC(866) Old regions: 1->1
[2024-08-23T15:53:51.607+0800] GC(866) Archive regions: 0->0
[2024-08-23T15:53:51.607+0800] GC(866) Humongous regions: 153->78
[2024-08-23T15:53:51.607+0800] GC(866) Metaspace: 302K(512K)->302K(512K) NonClass: 296K(384K)->296K(384K) Class: 6K(128K)->6K(128K)
[2024-08-23T15:53:51.607+0800] GC(866) Pause Young (Concurrent Start) (G1 Humongous Allocation) 154M->78M(512M) 0.482ms
[2024-08-23T15:53:51.607+0800] GC(866) User=0.00s Sys=0.00s Real=0.00s
[2024-08-23T15:53:51.607+0800] GC(867) Concurrent Undo Cycle
[2024-08-23T15:53:51.607+0800] GC(867) Concurrent Cleanup for Next Mark
[2024-08-23T15:53:51.607+0800] GC(867) Concurrent Cleanup for Next Mark 0.305ms
[2024-08-23T15:53:51.607+0800] GC(867) Concurrent Undo Cycle 0.408ms
[2024-08-23T15:53:52.699+0800] GC(868) Pause Young (Concurrent Start) (G1 Humongous Allocation)
[2024-08-23T15:53:52.699+0800] GC(868) Using 6 workers of 6 for evacuation
[2024-08-23T15:53:52.699+0800] GC(868)   Pre Evacuate Collection Set: 0.0ms
[2024-08-23T15:53:52.699+0800] GC(868)   Merge Heap Roots: 0.0ms
[2024-08-23T15:53:52.699+0800] GC(868)   Evacuate Collection Set: 0.1ms
[2024-08-23T15:53:52.699+0800] GC(868)   Post Evacuate Collection Set: 0.2ms
[2024-08-23T15:53:52.699+0800] GC(868)   Other: 0.1ms
[2024-08-23T15:53:52.699+0800] GC(868) Eden regions: 1->0(307)
[2024-08-23T15:53:52.699+0800] GC(868) Survivor regions: 0->0(39)
[2024-08-23T15:53:52.699+0800] GC(868) Old regions: 1->1
[2024-08-23T15:53:52.699+0800] GC(868) Archive regions: 0->0
[2024-08-23T15:53:52.699+0800] GC(868) Humongous regions: 230->95
[2024-08-23T15:53:52.699+0800] GC(868) Metaspace: 302K(512K)->302K(512K) NonClass: 296K(384K)->296K(384K) Class: 6K(128K)->6K(128K)
[2024-08-23T15:53:52.699+0800] GC(868) Pause Young (Concurrent Start) (G1 Humongous Allocation) 231M->95M(512M) 0.596ms
[2024-08-23T15:53:52.699+0800] GC(868) User=0.00s Sys=0.00s Real=0.00s
[2024-08-23T15:53:52.699+0800] GC(869) Concurrent Undo Cycle
[2024-08-23T15:53:52.699+0800] GC(869) Concurrent Cleanup for Next Mark
[2024-08-23T15:53:52.700+0800] GC(869) Concurrent Cleanup for Next Mark 0.387ms
[2024-08-23T15:53:52.700+0800] GC(869) Concurrent Undo Cycle 0.504ms
[2024-08-23T15:53:53.026+0800] GC(870) Pause Young (Concurrent Start) (G1 Humongous Allocation)
[2024-08-23T15:53:53.026+0800] GC(870) Using 6 workers of 6 for evacuation
[2024-08-23T15:53:53.026+0800] GC(870)   Pre Evacuate Collection Set: 0.1ms
[2024-08-23T15:53:53.026+0800] GC(870)   Merge Heap Roots: 0.0ms
[2024-08-23T15:53:53.026+0800] GC(870)   Evacuate Collection Set: 0.1ms
[2024-08-23T15:53:53.026+0800] GC(870)   Post Evacuate Collection Set: 0.2ms
[2024-08-23T15:53:53.026+0800] GC(870)   Other: 0.1ms
[2024-08-23T15:53:53.026+0800] GC(870) Eden regions: 1->0(307)
[2024-08-23T15:53:53.026+0800] GC(870) Survivor regions: 0->0(39)
[2024-08-23T15:53:53.026+0800] GC(870) Old regions: 1->1
[2024-08-23T15:53:53.026+0800] GC(870) Archive regions: 0->0
[2024-08-23T15:53:53.026+0800] GC(870) Humongous regions: 178->135
[2024-08-23T15:53:53.026+0800] GC(870) Metaspace: 302K(512K)->302K(512K) NonClass: 296K(384K)->296K(384K) Class: 6K(128K)->6K(128K)
[2024-08-23T15:53:53.026+0800] GC(870) Pause Young (Concurrent Start) (G1 Humongous Allocation) 179M->135M(512M) 0.635ms
[2024-08-23T15:53:53.026+0800] GC(870) User=0.00s Sys=0.00s Real=0.00s
[2024-08-23T15:53:53.026+0800] GC(871) Concurrent Undo Cycle
[2024-08-23T15:53:53.026+0800] GC(871) Concurrent Cleanup for Next Mark
[2024-08-23T15:53:53.027+0800] GC(871) Concurrent Cleanup for Next Mark 0.255ms
[2024-08-23T15:53:53.027+0800] GC(871) Concurrent Undo Cycle 0.327ms
[2024-08-23T15:53:53.679+0800] GC(872) Pause Young (Concurrent Start) (G1 Humongous Allocation)
[2024-08-23T15:53:53.679+0800] GC(872) Using 6 workers of 6 for evacuation
[2024-08-23T15:53:53.679+0800] GC(872)   Pre Evacuate Collection Set: 0.0ms
[2024-08-23T15:53:53.679+0800] GC(872)   Merge Heap Roots: 0.0ms
[2024-08-23T15:53:53.679+0800] GC(872)   Evacuate Collection Set: 0.1ms
[2024-08-23T15:53:53.679+0800] GC(872)   Post Evacuate Collection Set: 0.2ms
[2024-08-23T15:53:53.679+0800] GC(872)   Other: 0.2ms
[2024-08-23T15:53:53.679+0800] GC(872) Eden regions: 1->0(307)
[2024-08-23T15:53:53.679+0800] GC(872) Survivor regions: 0->0(39)
[2024-08-23T15:53:53.679+0800] GC(872) Old regions: 1->1
[2024-08-23T15:53:53.679+0800] GC(872) Archive regions: 0->0
[2024-08-23T15:53:53.679+0800] GC(872) Humongous regions: 236->101
[2024-08-23T15:53:53.679+0800] GC(872) Metaspace: 302K(512K)->302K(512K) NonClass: 296K(384K)->296K(384K) Class: 6K(128K)->6K(128K)
[2024-08-23T15:53:53.679+0800] GC(872) Pause Young (Concurrent Start) (G1 Humongous Allocation) 237M->101M(512M) 0.620ms
[2024-08-23T15:53:53.679+0800] GC(872) User=0.00s Sys=0.00s Real=0.00s
[2024-08-23T15:53:53.679+0800] GC(873) Concurrent Undo Cycle
[2024-08-23T15:53:53.679+0800] GC(873) Concurrent Cleanup for Next Mark
[2024-08-23T15:53:53.679+0800] GC(873) Concurrent Cleanup for Next Mark 0.375ms
[2024-08-23T15:53:53.679+0800] GC(873) Concurrent Undo Cycle 0.465ms
[2024-08-23T15:53:54.435+0800] GC(874) Pause Young (Concurrent Start) (G1 Humongous Allocation)
[2024-08-23T15:53:54.435+0800] GC(874) Using 6 workers of 6 for evacuation
[2024-08-23T15:53:54.435+0800] GC(874)   Pre Evacuate Collection Set: 0.0ms
[2024-08-23T15:53:54.435+0800] GC(874)   Merge Heap Roots: 0.0ms
[2024-08-23T15:53:54.435+0800] GC(874)   Evacuate Collection Set: 0.1ms
[2024-08-23T15:53:54.435+0800] GC(874)   Post Evacuate Collection Set: 0.2ms
[2024-08-23T15:53:54.435+0800] GC(874)   Other: 0.1ms
[2024-08-23T15:53:54.435+0800] GC(874) Eden regions: 1->0(307)
[2024-08-23T15:53:54.435+0800] GC(874) Survivor regions: 0->0(39)
[2024-08-23T15:53:54.435+0800] GC(874) Old regions: 1->1
[2024-08-23T15:53:54.435+0800] GC(874) Archive regions: 0->0
[2024-08-23T15:53:54.435+0800] GC(874) Humongous regions: 213->57
[2024-08-23T15:53:54.435+0800] GC(874) Metaspace: 302K(512K)->302K(512K) NonClass: 296K(384K)->296K(384K) Class: 6K(128K)->6K(128K)
[2024-08-23T15:53:54.435+0800] GC(874) Pause Young (Concurrent Start) (G1 Humongous Allocation) 214M->57M(512M) 0.607ms
[2024-08-23T15:53:54.435+0800] GC(874) User=0.00s Sys=0.00s Real=0.00s
[2024-08-23T15:53:54.435+0800] GC(875) Concurrent Undo Cycle
[2024-08-23T15:53:54.435+0800] GC(875) Concurrent Cleanup for Next Mark
[2024-08-23T15:53:54.435+0800] GC(875) Concurrent Cleanup for Next Mark 0.340ms
[2024-08-23T15:53:54.436+0800] GC(875) Concurrent Undo Cycle 0.550ms
[2024-08-23T15:53:55.629+0800] GC(876) Pause Young (Concurrent Start) (G1 Humongous Allocation)
[2024-08-23T15:53:55.629+0800] GC(876) Using 6 workers of 6 for evacuation
[2024-08-23T15:53:55.629+0800] GC(876)   Pre Evacuate Collection Set: 0.0ms
[2024-08-23T15:53:55.629+0800] GC(876)   Merge Heap Roots: 0.0ms
[2024-08-23T15:53:55.629+0800] GC(876)   Evacuate Collection Set: 0.1ms
[2024-08-23T15:53:55.629+0800] GC(876)   Post Evacuate Collection Set: 0.2ms
[2024-08-23T15:53:55.629+0800] GC(876)   Other: 0.1ms
[2024-08-23T15:53:55.629+0800] GC(876) Eden regions: 1->0(307)
[2024-08-23T15:53:55.629+0800] GC(876) Survivor regions: 0->0(39)
[2024-08-23T15:53:55.629+0800] GC(876) Old regions: 1->1
[2024-08-23T15:53:55.629+0800] GC(876) Archive regions: 0->0
[2024-08-23T15:53:55.629+0800] GC(876) Humongous regions: 220->25
[2024-08-23T15:53:55.629+0800] GC(876) Metaspace: 302K(512K)->302K(512K) NonClass: 296K(384K)->296K(384K) Class: 6K(128K)->6K(128K)
[2024-08-23T15:53:55.629+0800] GC(876) Pause Young (Concurrent Start) (G1 Humongous Allocation) 221M->25M(512M) 0.578ms
[2024-08-23T15:53:55.629+0800] GC(876) User=0.00s Sys=0.00s Real=0.00s
[2024-08-23T15:53:55.629+0800] GC(877) Concurrent Undo Cycle
[2024-08-23T15:53:55.629+0800] GC(877) Concurrent Cleanup for Next Mark
[2024-08-23T15:53:55.630+0800] GC(877) Concurrent Cleanup for Next Mark 0.328ms
[2024-08-23T15:53:55.630+0800] GC(877) Concurrent Undo Cycle 0.413ms
[2024-08-23T15:53:56.606+0800] GC(878) Pause Young (Concurrent Start) (G1 Humongous Allocation)
[2024-08-23T15:53:56.606+0800] GC(878) Using 6 workers of 6 for evacuation
[2024-08-23T15:53:56.606+0800] GC(878)   Pre Evacuate Collection Set: 0.0ms
[2024-08-23T15:53:56.606+0800] GC(878)   Merge Heap Roots: 0.0ms
[2024-08-23T15:53:56.606+0800] GC(878)   Evacuate Collection Set: 0.1ms
[2024-08-23T15:53:56.606+0800] GC(878)   Post Evacuate Collection Set: 0.2ms
[2024-08-23T15:53:56.606+0800] GC(878)   Other: 0.1ms
[2024-08-23T15:53:56.606+0800] GC(878) Eden regions: 1->0(307)
[2024-08-23T15:53:56.606+0800] GC(878) Survivor regions: 0->0(39)
[2024-08-23T15:53:56.606+0800] GC(878) Old regions: 1->1
[2024-08-23T15:53:56.606+0800] GC(878) Archive regions: 0->0
[2024-08-23T15:53:56.606+0800] GC(878) Humongous regions: 226->22
[2024-08-23T15:53:56.606+0800] GC(878) Metaspace: 302K(512K)->302K(512K) NonClass: 296K(384K)->296K(384K) Class: 6K(128K)->6K(128K)
[2024-08-23T15:53:56.606+0800] GC(878) Pause Young (Concurrent Start) (G1 Humongous Allocation) 227M->22M(512M) 0.557ms
[2024-08-23T15:53:56.606+0800] GC(878) User=0.00s Sys=0.00s Real=0.00s
[2024-08-23T15:53:56.606+0800] GC(879) Concurrent Undo Cycle
[2024-08-23T15:53:56.606+0800] GC(879) Concurrent Cleanup for Next Mark
[2024-08-23T15:53:56.607+0800] GC(879) Concurrent Cleanup for Next Mark 0.297ms
[2024-08-23T15:53:56.607+0800] GC(879) Concurrent Undo Cycle 0.379ms
[2024-08-23T15:53:58.668+0800] GC(880) Pause Young (Concurrent Start) (G1 Humongous Allocation)
[2024-08-23T15:53:58.668+0800] GC(880) Using 6 workers of 6 for evacuation
[2024-08-23T15:53:58.669+0800] GC(880)   Pre Evacuate Collection Set: 0.1ms
[2024-08-23T15:53:58.669+0800] GC(880)   Merge Heap Roots: 0.1ms
[2024-08-23T15:53:58.669+0800] GC(880)   Evacuate Collection Set: 0.1ms
[2024-08-23T15:53:58.669+0800] GC(880)   Post Evacuate Collection Set: 0.2ms
[2024-08-23T15:53:58.669+0800] GC(880)   Other: 0.1ms
[2024-08-23T15:53:58.669+0800] GC(880) Eden regions: 1->0(307)
[2024-08-23T15:53:58.669+0800] GC(880) Survivor regions: 0->0(39)
[2024-08-23T15:53:58.669+0800] GC(880) Old regions: 1->1
[2024-08-23T15:53:58.669+0800] GC(880) Archive regions: 0->0
[2024-08-23T15:53:58.669+0800] GC(880) Humongous regions: 177->68
[2024-08-23T15:53:58.669+0800] GC(880) Metaspace: 302K(512K)->302K(512K) NonClass: 296K(384K)->296K(384K) Class: 6K(128K)->6K(128K)
[2024-08-23T15:53:58.669+0800] GC(880) Pause Young (Concurrent Start) (G1 Humongous Allocation) 178M->68M(512M) 0.579ms
[2024-08-23T15:53:58.669+0800] GC(880) User=0.00s Sys=0.00s Real=0.00s
[2024-08-23T15:53:58.669+0800] GC(881) Concurrent Undo Cycle
[2024-08-23T15:53:58.669+0800] GC(881) Concurrent Cleanup for Next Mark
[2024-08-23T15:53:58.669+0800] GC(881) Concurrent Cleanup for Next Mark 0.406ms
[2024-08-23T15:53:58.669+0800] GC(881) Concurrent Undo Cycle 0.520ms
[2024-08-23T15:53:59.756+0800] GC(882) Pause Young (Concurrent Start) (G1 Humongous Allocation)
[2024-08-23T15:53:59.756+0800] GC(882) Using 6 workers of 6 for evacuation
[2024-08-23T15:53:59.756+0800] GC(882)   Pre Evacuate Collection Set: 0.1ms
[2024-08-23T15:53:59.756+0800] GC(882)   Merge Heap Roots: 0.0ms
[2024-08-23T15:53:59.756+0800] GC(882)   Evacuate Collection Set: 0.1ms
[2024-08-23T15:53:59.756+0800] GC(882)   Post Evacuate Collection Set: 0.3ms
[2024-08-23T15:53:59.756+0800] GC(882)   Other: 0.1ms
[2024-08-23T15:53:59.756+0800] GC(882) Eden regions: 1->0(307)
[2024-08-23T15:53:59.756+0800] GC(882) Survivor regions: 0->0(39)
[2024-08-23T15:53:59.756+0800] GC(882) Old regions: 1->1
[2024-08-23T15:53:59.756+0800] GC(882) Archive regions: 0->0
[2024-08-23T15:53:59.756+0800] GC(882) Humongous regions: 220->34
[2024-08-23T15:53:59.756+0800] GC(882) Metaspace: 302K(512K)->302K(512K) NonClass: 296K(384K)->296K(384K) Class: 6K(128K)->6K(128K)
[2024-08-23T15:53:59.756+0800] GC(882) Pause Young (Concurrent Start) (G1 Humongous Allocation) 221M->34M(512M) 0.733ms
[2024-08-23T15:53:59.756+0800] GC(882) User=0.00s Sys=0.00s Real=0.00s
[2024-08-23T15:53:59.756+0800] GC(883) Concurrent Undo Cycle
[2024-08-23T15:53:59.756+0800] GC(883) Concurrent Cleanup for Next Mark
[2024-08-23T15:53:59.757+0800] GC(883) Concurrent Cleanup for Next Mark 0.478ms
[2024-08-23T15:53:59.757+0800] GC(883) Concurrent Undo Cycle 0.580ms
[2024-08-23T15:54:00.516+0800] GC(884) Pause Young (Concurrent Start) (G1 Humongous Allocation)
[2024-08-23T15:54:00.516+0800] GC(884) Using 6 workers of 6 for evacuation
[2024-08-23T15:54:00.516+0800] GC(884)   Pre Evacuate Collection Set: 0.1ms
[2024-08-23T15:54:00.516+0800] GC(884)   Merge Heap Roots: 0.0ms
[2024-08-23T15:54:00.516+0800] GC(884)   Evacuate Collection Set: 0.1ms
[2024-08-23T15:54:00.516+0800] GC(884)   Post Evacuate Collection Set: 0.2ms
[2024-08-23T15:54:00.516+0800] GC(884)   Other: 0.1ms
[2024-08-23T15:54:00.516+0800] GC(884) Eden regions: 1->0(307)
[2024-08-23T15:54:00.516+0800] GC(884) Survivor regions: 0->0(39)
[2024-08-23T15:54:00.516+0800] GC(884) Old regions: 1->1
[2024-08-23T15:54:00.516+0800] GC(884) Archive regions: 0->0
[2024-08-23T15:54:00.516+0800] GC(884) Humongous regions: 228->50
[2024-08-23T15:54:00.516+0800] GC(884) Metaspace: 302K(512K)->302K(512K) NonClass: 296K(384K)->296K(384K) Class: 6K(128K)->6K(128K)
[2024-08-23T15:54:00.516+0800] GC(884) Pause Young (Concurrent Start) (G1 Humongous Allocation) 229M->50M(512M) 0.595ms
[2024-08-23T15:54:00.516+0800] GC(884) User=0.00s Sys=0.00s Real=0.00s
[2024-08-23T15:54:00.516+0800] GC(885) Concurrent Undo Cycle
[2024-08-23T15:54:00.516+0800] GC(885) Concurrent Cleanup for Next Mark
[2024-08-23T15:54:00.517+0800] GC(885) Concurrent Cleanup for Next Mark 0.349ms
[2024-08-23T15:54:00.517+0800] GC(885) Concurrent Undo Cycle 0.410ms
[2024-08-23T15:54:01.494+0800] GC(886) Pause Young (Concurrent Start) (G1 Humongous Allocation)
[2024-08-23T15:54:01.494+0800] GC(886) Using 6 workers of 6 for evacuation
[2024-08-23T15:54:01.494+0800] GC(886)   Pre Evacuate Collection Set: 0.0ms
[2024-08-23T15:54:01.494+0800] GC(886)   Merge Heap Roots: 0.0ms
[2024-08-23T15:54:01.494+0800] GC(886)   Evacuate Collection Set: 0.1ms
[2024-08-23T15:54:01.494+0800] GC(886)   Post Evacuate Collection Set: 0.1ms
[2024-08-23T15:54:01.494+0800] GC(886)   Other: 0.1ms
[2024-08-23T15:54:01.494+0800] GC(886) Eden regions: 1->0(307)
[2024-08-23T15:54:01.494+0800] GC(886) Survivor regions: 0->0(39)
[2024-08-23T15:54:01.494+0800] GC(886) Old regions: 1->1
[2024-08-23T15:54:01.494+0800] GC(886) Archive regions: 0->0
[2024-08-23T15:54:01.494+0800] GC(886) Humongous regions: 134->51
[2024-08-23T15:54:01.494+0800] GC(886) Metaspace: 302K(512K)->302K(512K) NonClass: 296K(384K)->296K(384K) Class: 6K(128K)->6K(128K)
[2024-08-23T15:54:01.494+0800] GC(886) Pause Young (Concurrent Start) (G1 Humongous Allocation) 135M->51M(512M) 0.570ms
[2024-08-23T15:54:01.494+0800] GC(886) User=0.00s Sys=0.00s Real=0.00s
[2024-08-23T15:54:01.494+0800] GC(887) Concurrent Undo Cycle
[2024-08-23T15:54:01.494+0800] GC(887) Concurrent Cleanup for Next Mark
[2024-08-23T15:54:01.494+0800] GC(887) Concurrent Cleanup for Next Mark 0.295ms
[2024-08-23T15:54:01.495+0800] GC(887) Concurrent Undo Cycle 0.398ms
[2024-08-23T15:54:02.687+0800] GC(888) Pause Young (Concurrent Start) (G1 Humongous Allocation)
[2024-08-23T15:54:02.687+0800] GC(888) Using 6 workers of 6 for evacuation
[2024-08-23T15:54:02.688+0800] GC(888)   Pre Evacuate Collection Set: 0.0ms
[2024-08-23T15:54:02.688+0800] GC(888)   Merge Heap Roots: 0.1ms
[2024-08-23T15:54:02.688+0800] GC(888)   Evacuate Collection Set: 0.2ms
[2024-08-23T15:54:02.688+0800] GC(888)   Post Evacuate Collection Set: 0.4ms
[2024-08-23T15:54:02.688+0800] GC(888)   Other: 0.1ms
[2024-08-23T15:54:02.688+0800] GC(888) Eden regions: 1->0(307)
[2024-08-23T15:54:02.688+0800] GC(888) Survivor regions: 0->0(39)
[2024-08-23T15:54:02.688+0800] GC(888) Old regions: 1->1
[2024-08-23T15:54:02.688+0800] GC(888) Archive regions: 0->0
[2024-08-23T15:54:02.688+0800] GC(888) Humongous regions: 214->68
[2024-08-23T15:54:02.688+0800] GC(888) Metaspace: 302K(512K)->302K(512K) NonClass: 296K(384K)->296K(384K) Class: 6K(128K)->6K(128K)
[2024-08-23T15:54:02.688+0800] GC(888) Pause Young (Concurrent Start) (G1 Humongous Allocation) 215M->68M(512M) 0.929ms
[2024-08-23T15:54:02.688+0800] GC(888) User=0.00s Sys=0.00s Real=0.00s
[2024-08-23T15:54:02.688+0800] GC(889) Concurrent Undo Cycle
[2024-08-23T15:54:02.688+0800] GC(889) Concurrent Cleanup for Next Mark
[2024-08-23T15:54:02.688+0800] GC(889) Concurrent Cleanup for Next Mark 0.284ms
[2024-08-23T15:54:02.688+0800] GC(889) Concurrent Undo Cycle 0.348ms
[2024-08-23T15:54:02.907+0800] GC(890) Pause Young (Concurrent Start) (G1 Humongous Allocation)
[2024-08-23T15:54:02.907+0800] GC(890) Using 6 workers of 6 for evacuation
[2024-08-23T15:54:02.907+0800] GC(890)   Pre Evacuate Collection Set: 0.0ms
[2024-08-23T15:54:02.907+0800] GC(890)   Merge Heap Roots: 0.0ms
[2024-08-23T15:54:02.907+0800] GC(890)   Evacuate Collection Set: 0.1ms
[2024-08-23T15:54:02.907+0800] GC(890)   Post Evacuate Collection Set: 0.1ms
[2024-08-23T15:54:02.907+0800] GC(890)   Other: 0.1ms
[2024-08-23T15:54:02.907+0800] GC(890) Eden regions: 1->0(307)
[2024-08-23T15:54:02.907+0800] GC(890) Survivor regions: 0->0(39)
[2024-08-23T15:54:02.908+0800] GC(890) Old regions: 1->1
[2024-08-23T15:54:02.908+0800] GC(890) Archive regions: 0->0
[2024-08-23T15:54:02.908+0800] GC(890) Humongous regions: 140->108
[2024-08-23T15:54:02.908+0800] GC(890) Metaspace: 302K(512K)->302K(512K) NonClass: 296K(384K)->296K(384K) Class: 6K(128K)->6K(128K)
[2024-08-23T15:54:02.908+0800] GC(890) Pause Young (Concurrent Start) (G1 Humongous Allocation) 141M->108M(512M) 0.531ms
[2024-08-23T15:54:02.908+0800] GC(890) User=0.00s Sys=0.00s Real=0.00s
[2024-08-23T15:54:02.908+0800] GC(891) Concurrent Undo Cycle
[2024-08-23T15:54:02.908+0800] GC(891) Concurrent Cleanup for Next Mark
[2024-08-23T15:54:02.908+0800] GC(891) Concurrent Cleanup for Next Mark 0.388ms
[2024-08-23T15:54:02.908+0800] GC(891) Concurrent Undo Cycle 0.497ms
[2024-08-23T15:54:03.449+0800] GC(892) Pause Young (Concurrent Start) (G1 Humongous Allocation)
[2024-08-23T15:54:03.449+0800] GC(892) Using 6 workers of 6 for evacuation
[2024-08-23T15:54:03.449+0800] GC(892)   Pre Evacuate Collection Set: 0.0ms
[2024-08-23T15:54:03.449+0800] GC(892)   Merge Heap Roots: 0.0ms
[2024-08-23T15:54:03.449+0800] GC(892)   Evacuate Collection Set: 0.1ms
[2024-08-23T15:54:03.449+0800] GC(892)   Post Evacuate Collection Set: 0.1ms
[2024-08-23T15:54:03.449+0800] GC(892)   Other: 0.1ms
[2024-08-23T15:54:03.449+0800] GC(892) Eden regions: 1->0(294)
[2024-08-23T15:54:03.450+0800] GC(892) Survivor regions: 0->0(39)
[2024-08-23T15:54:03.450+0800] GC(892) Old regions: 1->1
[2024-08-23T15:54:03.450+0800] GC(892) Archive regions: 0->0
[2024-08-23T15:54:03.450+0800] GC(892) Humongous regions: 225->164
[2024-08-23T15:54:03.450+0800] GC(892) Metaspace: 302K(512K)->302K(512K) NonClass: 296K(384K)->296K(384K) Class: 6K(128K)->6K(128K)
[2024-08-23T15:54:03.450+0800] GC(892) Pause Young (Concurrent Start) (G1 Humongous Allocation) 226M->164M(512M) 0.519ms
[2024-08-23T15:54:03.450+0800] GC(892) User=0.00s Sys=0.00s Real=0.00s
[2024-08-23T15:54:03.450+0800] GC(893) Concurrent Undo Cycle
[2024-08-23T15:54:03.450+0800] GC(893) Concurrent Cleanup for Next Mark
[2024-08-23T15:54:03.450+0800] GC(893) Concurrent Cleanup for Next Mark 0.294ms
[2024-08-23T15:54:03.450+0800] GC(893) Concurrent Undo Cycle 0.365ms
[2024-08-23T15:54:04.102+0800] GC(894) Pause Young (Concurrent Start) (G1 Humongous Allocation)
[2024-08-23T15:54:04.102+0800] GC(894) Using 6 workers of 6 for evacuation
[2024-08-23T15:54:04.103+0800] GC(894)   Pre Evacuate Collection Set: 0.0ms
[2024-08-23T15:54:04.103+0800] GC(894)   Merge Heap Roots: 0.0ms
[2024-08-23T15:54:04.103+0800] GC(894)   Evacuate Collection Set: 0.1ms
[2024-08-23T15:54:04.103+0800] GC(894)   Post Evacuate Collection Set: 0.1ms
[2024-08-23T15:54:04.103+0800] GC(894)   Other: 0.1ms
[2024-08-23T15:54:04.103+0800] GC(894) Eden regions: 1->0(283)
[2024-08-23T15:54:04.103+0800] GC(894) Survivor regions: 0->0(37)
[2024-08-23T15:54:04.103+0800] GC(894) Old regions: 1->1
[2024-08-23T15:54:04.103+0800] GC(894) Archive regions: 0->0
[2024-08-23T15:54:04.103+0800] GC(894) Humongous regions: 210->175
[2024-08-23T15:54:04.103+0800] GC(894) Metaspace: 302K(512K)->302K(512K) NonClass: 296K(384K)->296K(384K) Class: 6K(128K)->6K(128K)
[2024-08-23T15:54:04.103+0800] GC(894) Pause Young (Concurrent Start) (G1 Humongous Allocation) 211M->175M(512M) 0.548ms
[2024-08-23T15:54:04.103+0800] GC(894) User=0.00s Sys=0.00s Real=0.00s
[2024-08-23T15:54:04.103+0800] GC(895) Concurrent Undo Cycle
[2024-08-23T15:54:04.103+0800] GC(895) Concurrent Cleanup for Next Mark
[2024-08-23T15:54:04.103+0800] GC(895) Concurrent Cleanup for Next Mark 0.280ms
[2024-08-23T15:54:04.103+0800] GC(895) Concurrent Undo Cycle 0.357ms
[2024-08-23T15:54:04.212+0800] GC(896) Pause Young (Concurrent Start) (G1 Humongous Allocation)
[2024-08-23T15:54:04.212+0800] GC(896) Using 6 workers of 6 for evacuation
[2024-08-23T15:54:04.212+0800] GC(896)   Pre Evacuate Collection Set: 0.0ms
[2024-08-23T15:54:04.212+0800] GC(896)   Merge Heap Roots: 0.0ms
[2024-08-23T15:54:04.212+0800] GC(896)   Evacuate Collection Set: 0.1ms
[2024-08-23T15:54:04.212+0800] GC(896)   Post Evacuate Collection Set: 0.1ms
[2024-08-23T15:54:04.212+0800] GC(896)   Other: 0.1ms
[2024-08-23T15:54:04.212+0800] GC(896) Eden regions: 1->0(273)
[2024-08-23T15:54:04.212+0800] GC(896) Survivor regions: 0->0(36)
[2024-08-23T15:54:04.212+0800] GC(896) Old regions: 1->1
[2024-08-23T15:54:04.212+0800] GC(896) Archive regions: 0->0
[2024-08-23T15:54:04.212+0800] GC(896) Humongous regions: 196->185
[2024-08-23T15:54:04.212+0800] GC(896) Metaspace: 302K(512K)->302K(512K) NonClass: 296K(384K)->296K(384K) Class: 6K(128K)->6K(128K)
[2024-08-23T15:54:04.212+0800] GC(896) Pause Young (Concurrent Start) (G1 Humongous Allocation) 197M->185M(512M) 0.548ms
[2024-08-23T15:54:04.212+0800] GC(896) User=0.00s Sys=0.00s Real=0.00s
[2024-08-23T15:54:04.212+0800] GC(897) Concurrent Undo Cycle
[2024-08-23T15:54:04.212+0800] GC(897) Concurrent Cleanup for Next Mark
[2024-08-23T15:54:04.213+0800] GC(897) Concurrent Cleanup for Next Mark 0.292ms
[2024-08-23T15:54:04.213+0800] GC(897) Concurrent Undo Cycle 0.370ms
[2024-08-23T15:54:04.322+0800] GC(898) Pause Young (Concurrent Start) (G1 Humongous Allocation)
[2024-08-23T15:54:04.322+0800] GC(898) Using 6 workers of 6 for evacuation
[2024-08-23T15:54:04.322+0800] GC(898)   Pre Evacuate Collection Set: 0.0ms
[2024-08-23T15:54:04.322+0800] GC(898)   Merge Heap Roots: 0.0ms
[2024-08-23T15:54:04.322+0800] GC(898)   Evacuate Collection Set: 0.1ms
[2024-08-23T15:54:04.322+0800] GC(898)   Post Evacuate Collection Set: 0.1ms
[2024-08-23T15:54:04.322+0800] GC(898)   Other: 0.1ms
[2024-08-23T15:54:04.322+0800] GC(898) Eden regions: 1->0(243)
[2024-08-23T15:54:04.322+0800] GC(898) Survivor regions: 0->0(35)
[2024-08-23T15:54:04.322+0800] GC(898) Old regions: 1->1
[2024-08-23T15:54:04.322+0800] GC(898) Archive regions: 0->0
[2024-08-23T15:54:04.322+0800] GC(898) Humongous regions: 236->215
[2024-08-23T15:54:04.322+0800] GC(898) Metaspace: 302K(512K)->302K(512K) NonClass: 296K(384K)->296K(384K) Class: 6K(128K)->6K(128K)
[2024-08-23T15:54:04.322+0800] GC(898) Pause Young (Concurrent Start) (G1 Humongous Allocation) 237M->215M(512M) 0.511ms
[2024-08-23T15:54:04.322+0800] GC(898) User=0.00s Sys=0.00s Real=0.00s
[2024-08-23T15:54:04.322+0800] GC(899) Concurrent Undo Cycle
[2024-08-23T15:54:04.322+0800] GC(899) Concurrent Cleanup for Next Mark
[2024-08-23T15:54:04.323+0800] GC(899) Concurrent Cleanup for Next Mark 0.290ms
[2024-08-23T15:54:04.323+0800] GC(899) Concurrent Undo Cycle 0.368ms
[2024-08-23T15:54:04.430+0800] GC(900) Pause Young (Concurrent Start) (G1 Humongous Allocation)
[2024-08-23T15:54:04.430+0800] GC(900) Using 6 workers of 6 for evacuation
[2024-08-23T15:54:04.431+0800] GC(900)   Pre Evacuate Collection Set: 0.0ms
[2024-08-23T15:54:04.431+0800] GC(900)   Merge Heap Roots: 0.0ms
[2024-08-23T15:54:04.431+0800] GC(900)   Evacuate Collection Set: 0.1ms
[2024-08-23T15:54:04.431+0800] GC(900)   Post Evacuate Collection Set: 0.1ms
[2024-08-23T15:54:04.431+0800] GC(900)   Other: 0.1ms
[2024-08-23T15:54:04.431+0800] GC(900) Eden regions: 1->0(193)
[2024-08-23T15:54:04.431+0800] GC(900) Survivor regions: 0->0(31)
[2024-08-23T15:54:04.431+0800] GC(900) Old regions: 1->1
[2024-08-23T15:54:04.431+0800] GC(900) Archive regions: 0->0
[2024-08-23T15:54:04.431+0800] GC(900) Humongous regions: 316->265
[2024-08-23T15:54:04.431+0800] GC(900) Metaspace: 302K(512K)->302K(512K) NonClass: 296K(384K)->296K(384K) Class: 6K(128K)->6K(128K)
[2024-08-23T15:54:04.431+0800] GC(900) Pause Young (Concurrent Start) (G1 Humongous Allocation) 317M->265M(512M) 0.487ms
[2024-08-23T15:54:04.431+0800] GC(900) User=0.00s Sys=0.00s Real=0.00s
[2024-08-23T15:54:04.431+0800] GC(901) Concurrent Mark Cycle
[2024-08-23T15:54:04.431+0800] GC(901) Concurrent Clear Claimed Marks
[2024-08-23T15:54:04.431+0800] GC(901) Concurrent Clear Claimed Marks 0.010ms
[2024-08-23T15:54:04.431+0800] GC(901) Concurrent Scan Root Regions
[2024-08-23T15:54:04.431+0800] GC(901) Concurrent Scan Root Regions 0.008ms
[2024-08-23T15:54:04.431+0800] GC(901) Concurrent Mark
[2024-08-23T15:54:04.431+0800] GC(901) Concurrent Mark From Roots
[2024-08-23T15:54:04.431+0800] GC(901) Using 2 workers of 2 for marking
[2024-08-23T15:54:04.432+0800] GC(901) Concurrent Mark From Roots 0.904ms
[2024-08-23T15:54:04.432+0800] GC(901) Concurrent Preclean
[2024-08-23T15:54:04.432+0800] GC(901) Concurrent Preclean 0.035ms
[2024-08-23T15:54:04.432+0800] GC(901) Pause Remark
[2024-08-23T15:54:04.432+0800] GC(901) Pause Remark 268M->268M(512M) 0.240ms
[2024-08-23T15:54:04.432+0800] GC(901) User=0.00s Sys=0.00s Real=0.00s
[2024-08-23T15:54:04.432+0800] GC(901) Concurrent Mark 1.279ms
[2024-08-23T15:54:04.432+0800] GC(901) Concurrent Rebuild Remembered Sets
[2024-08-23T15:54:04.433+0800] GC(901) Concurrent Rebuild Remembered Sets 0.396ms
[2024-08-23T15:54:04.433+0800] GC(901) Pause Cleanup
[2024-08-23T15:54:04.433+0800] GC(901) Pause Cleanup 268M->268M(512M) 0.057ms
[2024-08-23T15:54:04.433+0800] GC(901) User=0.00s Sys=0.00s Real=0.00s
[2024-08-23T15:54:04.433+0800] GC(901) Concurrent Cleanup for Next Mark
[2024-08-23T15:54:04.433+0800] GC(901) Concurrent Cleanup for Next Mark 0.189ms
[2024-08-23T15:54:04.433+0800] GC(901) Concurrent Mark Cycle 2.094ms
[2024-08-23T15:54:05.081+0800] GC(902) Pause Young (Concurrent Start) (G1 Humongous Allocation)
[2024-08-23T15:54:05.081+0800] GC(902) Using 6 workers of 6 for evacuation
[2024-08-23T15:54:05.081+0800] GC(902)   Pre Evacuate Collection Set: 0.0ms
[2024-08-23T15:54:05.081+0800] GC(902)   Merge Heap Roots: 0.0ms
[2024-08-23T15:54:05.081+0800] GC(902)   Evacuate Collection Set: 0.1ms
[2024-08-23T15:54:05.081+0800] GC(902)   Post Evacuate Collection Set: 0.2ms
[2024-08-23T15:54:05.081+0800] GC(902)   Other: 0.1ms
[2024-08-23T15:54:05.081+0800] GC(902) Eden regions: 1->0(307)
[2024-08-23T15:54:05.081+0800] GC(902) Survivor regions: 0->0(25)
[2024-08-23T15:54:05.081+0800] GC(902) Old regions: 1->1
[2024-08-23T15:54:05.081+0800] GC(902) Archive regions: 0->0
[2024-08-23T15:54:05.081+0800] GC(902) Humongous regions: 267->2
[2024-08-23T15:54:05.081+0800] GC(902) Metaspace: 302K(512K)->302K(512K) NonClass: 296K(384K)->296K(384K) Class: 6K(128K)->6K(128K)
[2024-08-23T15:54:05.081+0800] GC(902) Pause Young (Concurrent Start) (G1 Humongous Allocation) 268M->2M(512M) 0.600ms
[2024-08-23T15:54:05.081+0800] GC(902) User=0.00s Sys=0.00s Real=0.00s
[2024-08-23T15:54:05.081+0800] GC(903) Concurrent Undo Cycle
[2024-08-23T15:54:05.081+0800] GC(903) Concurrent Cleanup for Next Mark
[2024-08-23T15:54:05.082+0800] GC(903) Concurrent Cleanup for Next Mark 0.289ms
[2024-08-23T15:54:05.082+0800] GC(903) Concurrent Undo Cycle 0.378ms
[2024-08-23T15:54:06.267+0800] GC(904) Pause Young (Concurrent Start) (G1 Humongous Allocation)
[2024-08-23T15:54:06.267+0800] GC(904) Using 6 workers of 6 for evacuation
[2024-08-23T15:54:06.267+0800] GC(904)   Pre Evacuate Collection Set: 0.1ms
[2024-08-23T15:54:06.267+0800] GC(904)   Merge Heap Roots: 0.0ms
[2024-08-23T15:54:06.267+0800] GC(904)   Evacuate Collection Set: 0.1ms
[2024-08-23T15:54:06.267+0800] GC(904)   Post Evacuate Collection Set: 0.2ms
[2024-08-23T15:54:06.267+0800] GC(904)   Other: 0.1ms
[2024-08-23T15:54:06.267+0800] GC(904) Eden regions: 1->0(307)
[2024-08-23T15:54:06.267+0800] GC(904) Survivor regions: 0->0(39)
[2024-08-23T15:54:06.267+0800] GC(904) Old regions: 1->1
[2024-08-23T15:54:06.267+0800] GC(904) Archive regions: 0->0
[2024-08-23T15:54:06.267+0800] GC(904) Humongous regions: 225->14
[2024-08-23T15:54:06.267+0800] GC(904) Metaspace: 302K(512K)->302K(512K) NonClass: 296K(384K)->296K(384K) Class: 6K(128K)->6K(128K)
[2024-08-23T15:54:06.267+0800] GC(904) Pause Young (Concurrent Start) (G1 Humongous Allocation) 226M->14M(512M) 0.659ms
[2024-08-23T15:54:06.267+0800] GC(904) User=0.00s Sys=0.00s Real=0.00s
[2024-08-23T15:54:06.267+0800] GC(905) Concurrent Undo Cycle
[2024-08-23T15:54:06.267+0800] GC(905) Concurrent Cleanup for Next Mark
[2024-08-23T15:54:06.268+0800] GC(905) Concurrent Cleanup for Next Mark 0.358ms
[2024-08-23T15:54:06.268+0800] GC(905) Concurrent Undo Cycle 0.471ms
[2024-08-23T15:54:07.129+0800] GC(906) Pause Young (Concurrent Start) (G1 Humongous Allocation)
[2024-08-23T15:54:07.129+0800] GC(906) Using 6 workers of 6 for evacuation
[2024-08-23T15:54:07.129+0800] GC(906)   Pre Evacuate Collection Set: 0.0ms
[2024-08-23T15:54:07.129+0800] GC(906)   Merge Heap Roots: 0.0ms
[2024-08-23T15:54:07.129+0800] GC(906)   Evacuate Collection Set: 0.1ms
[2024-08-23T15:54:07.129+0800] GC(906)   Post Evacuate Collection Set: 0.2ms
[2024-08-23T15:54:07.129+0800] GC(906)   Other: 0.1ms
[2024-08-23T15:54:07.129+0800] GC(906) Eden regions: 1->0(307)
[2024-08-23T15:54:07.129+0800] GC(906) Survivor regions: 0->0(39)
[2024-08-23T15:54:07.129+0800] GC(906) Old regions: 1->1
[2024-08-23T15:54:07.129+0800] GC(906) Archive regions: 0->0
[2024-08-23T15:54:07.129+0800] GC(906) Humongous regions: 132->70
[2024-08-23T15:54:07.129+0800] GC(906) Metaspace: 302K(512K)->302K(512K) NonClass: 296K(384K)->296K(384K) Class: 6K(128K)->6K(128K)
[2024-08-23T15:54:07.130+0800] GC(906) Pause Young (Concurrent Start) (G1 Humongous Allocation) 133M->70M(512M) 0.622ms
[2024-08-23T15:54:07.130+0800] GC(906) User=0.00s Sys=0.00s Real=0.00s
[2024-08-23T15:54:07.130+0800] GC(907) Concurrent Undo Cycle
[2024-08-23T15:54:07.130+0800] GC(907) Concurrent Cleanup for Next Mark
[2024-08-23T15:54:07.130+0800] GC(907) Concurrent Cleanup for Next Mark 0.312ms
[2024-08-23T15:54:07.130+0800] GC(907) Concurrent Undo Cycle 0.409ms
[2024-08-23T15:54:08.204+0800] GC(908) Pause Young (Concurrent Start) (G1 Humongous Allocation)
[2024-08-23T15:54:08.204+0800] GC(908) Using 6 workers of 6 for evacuation
[2024-08-23T15:54:08.204+0800] GC(908)   Pre Evacuate Collection Set: 0.0ms
[2024-08-23T15:54:08.204+0800] GC(908)   Merge Heap Roots: 0.0ms
[2024-08-23T15:54:08.204+0800] GC(908)   Evacuate Collection Set: 0.1ms
[2024-08-23T15:54:08.204+0800] GC(908)   Post Evacuate Collection Set: 0.2ms
[2024-08-23T15:54:08.204+0800] GC(908)   Other: 0.1ms
[2024-08-23T15:54:08.204+0800] GC(908) Eden regions: 1->0(307)
[2024-08-23T15:54:08.204+0800] GC(908) Survivor regions: 0->0(39)
[2024-08-23T15:54:08.204+0800] GC(908) Old regions: 1->1
[2024-08-23T15:54:08.204+0800] GC(908) Archive regions: 0->0
[2024-08-23T15:54:08.204+0800] GC(908) Humongous regions: 222->36
[2024-08-23T15:54:08.204+0800] GC(908) Metaspace: 302K(512K)->302K(512K) NonClass: 296K(384K)->296K(384K) Class: 6K(128K)->6K(128K)
[2024-08-23T15:54:08.204+0800] GC(908) Pause Young (Concurrent Start) (G1 Humongous Allocation) 223M->36M(512M) 0.541ms
[2024-08-23T15:54:08.204+0800] GC(908) User=0.00s Sys=0.00s Real=0.00s
[2024-08-23T15:54:08.204+0800] GC(909) Concurrent Undo Cycle
[2024-08-23T15:54:08.204+0800] GC(909) Concurrent Cleanup for Next Mark
[2024-08-23T15:54:08.204+0800] GC(909) Concurrent Cleanup for Next Mark 0.270ms
[2024-08-23T15:54:08.205+0800] GC(909) Concurrent Undo Cycle 0.339ms
[2024-08-23T15:54:09.932+0800] GC(910) Pause Young (Concurrent Start) (G1 Humongous Allocation)
[2024-08-23T15:54:09.932+0800] GC(910) Using 6 workers of 6 for evacuation
[2024-08-23T15:54:09.932+0800] GC(910)   Pre Evacuate Collection Set: 0.0ms
[2024-08-23T15:54:09.932+0800] GC(910)   Merge Heap Roots: 0.1ms
[2024-08-23T15:54:09.933+0800] GC(910)   Evacuate Collection Set: 0.1ms
[2024-08-23T15:54:09.933+0800] GC(910)   Post Evacuate Collection Set: 0.2ms
[2024-08-23T15:54:09.933+0800] GC(910)   Other: 0.1ms
[2024-08-23T15:54:09.933+0800] GC(910) Eden regions: 1->0(307)
[2024-08-23T15:54:09.933+0800] GC(910) Survivor regions: 0->0(39)
[2024-08-23T15:54:09.933+0800] GC(910) Old regions: 1->1
[2024-08-23T15:54:09.933+0800] GC(910) Archive regions: 0->0
[2024-08-23T15:54:09.933+0800] GC(910) Humongous regions: 177->78
[2024-08-23T15:54:09.933+0800] GC(910) Metaspace: 302K(512K)->302K(512K) NonClass: 296K(384K)->296K(384K) Class: 6K(128K)->6K(128K)
[2024-08-23T15:54:09.933+0800] GC(910) Pause Young (Concurrent Start) (G1 Humongous Allocation) 178M->78M(512M) 0.621ms
[2024-08-23T15:54:09.933+0800] GC(910) User=0.00s Sys=0.00s Real=0.00s
[2024-08-23T15:54:09.933+0800] GC(911) Concurrent Undo Cycle
[2024-08-23T15:54:09.933+0800] GC(911) Concurrent Cleanup for Next Mark
[2024-08-23T15:54:09.933+0800] GC(911) Concurrent Cleanup for Next Mark 0.245ms
[2024-08-23T15:54:09.933+0800] GC(911) Concurrent Undo Cycle 0.327ms
[2024-08-23T15:54:11.017+0800] GC(912) Pause Young (Concurrent Start) (G1 Humongous Allocation)
[2024-08-23T15:54:11.017+0800] GC(912) Using 6 workers of 6 for evacuation
[2024-08-23T15:54:11.017+0800] GC(912)   Pre Evacuate Collection Set: 0.1ms
[2024-08-23T15:54:11.017+0800] GC(912)   Merge Heap Roots: 0.1ms
[2024-08-23T15:54:11.017+0800] GC(912)   Evacuate Collection Set: 0.1ms
[2024-08-23T15:54:11.017+0800] GC(912)   Post Evacuate Collection Set: 0.2ms
[2024-08-23T15:54:11.017+0800] GC(912)   Other: 0.1ms
[2024-08-23T15:54:11.017+0800] GC(912) Eden regions: 1->0(307)
[2024-08-23T15:54:11.017+0800] GC(912) Survivor regions: 0->0(39)
[2024-08-23T15:54:11.017+0800] GC(912) Old regions: 1->1
[2024-08-23T15:54:11.017+0800] GC(912) Archive regions: 0->0
[2024-08-23T15:54:11.017+0800] GC(912) Humongous regions: 230->44
[2024-08-23T15:54:11.017+0800] GC(912) Metaspace: 302K(512K)->302K(512K) NonClass: 296K(384K)->296K(384K) Class: 6K(128K)->6K(128K)
[2024-08-23T15:54:11.017+0800] GC(912) Pause Young (Concurrent Start) (G1 Humongous Allocation) 231M->44M(512M) 0.695ms
[2024-08-23T15:54:11.017+0800] GC(912) User=0.00s Sys=0.00s Real=0.00s
[2024-08-23T15:54:11.017+0800] GC(913) Concurrent Undo Cycle
[2024-08-23T15:54:11.017+0800] GC(913) Concurrent Cleanup for Next Mark
[2024-08-23T15:54:11.017+0800] GC(913) Concurrent Cleanup for Next Mark 0.326ms
[2024-08-23T15:54:11.017+0800] GC(913) Concurrent Undo Cycle 0.435ms
[2024-08-23T15:54:11.555+0800] GC(914) Pause Young (Concurrent Start) (G1 Humongous Allocation)
[2024-08-23T15:54:11.555+0800] GC(914) Using 6 workers of 6 for evacuation
[2024-08-23T15:54:11.555+0800] GC(914)   Pre Evacuate Collection Set: 0.0ms
[2024-08-23T15:54:11.555+0800] GC(914)   Merge Heap Roots: 0.0ms
[2024-08-23T15:54:11.555+0800] GC(914)   Evacuate Collection Set: 0.1ms
[2024-08-23T15:54:11.555+0800] GC(914)   Post Evacuate Collection Set: 0.2ms
[2024-08-23T15:54:11.555+0800] GC(914)   Other: 0.1ms
[2024-08-23T15:54:11.555+0800] GC(914) Eden regions: 1->0(307)
[2024-08-23T15:54:11.555+0800] GC(914) Survivor regions: 0->0(39)
[2024-08-23T15:54:11.555+0800] GC(914) Old regions: 1->1
[2024-08-23T15:54:11.555+0800] GC(914) Archive regions: 0->0
[2024-08-23T15:54:11.555+0800] GC(914) Humongous regions: 230->86
[2024-08-23T15:54:11.555+0800] GC(914) Metaspace: 302K(512K)->302K(512K) NonClass: 296K(384K)->296K(384K) Class: 6K(128K)->6K(128K)
[2024-08-23T15:54:11.555+0800] GC(914) Pause Young (Concurrent Start) (G1 Humongous Allocation) 231M->86M(512M) 0.544ms
[2024-08-23T15:54:11.555+0800] GC(914) User=0.00s Sys=0.00s Real=0.00s
[2024-08-23T15:54:11.555+0800] GC(915) Concurrent Undo Cycle
[2024-08-23T15:54:11.555+0800] GC(915) Concurrent Cleanup for Next Mark
[2024-08-23T15:54:11.555+0800] GC(915) Concurrent Cleanup for Next Mark 0.193ms
[2024-08-23T15:54:11.555+0800] GC(915) Concurrent Undo Cycle 0.241ms
[2024-08-23T15:54:12.750+0800] GC(916) Pause Young (Concurrent Start) (G1 Humongous Allocation)
[2024-08-23T15:54:12.751+0800] GC(916) Using 6 workers of 6 for evacuation
[2024-08-23T15:54:12.751+0800] GC(916)   Pre Evacuate Collection Set: 0.0ms
[2024-08-23T15:54:12.751+0800] GC(916)   Merge Heap Roots: 0.0ms
[2024-08-23T15:54:12.751+0800] GC(916)   Evacuate Collection Set: 0.2ms
[2024-08-23T15:54:12.751+0800] GC(916)   Post Evacuate Collection Set: 0.2ms
[2024-08-23T15:54:12.751+0800] GC(916)   Other: 0.1ms
[2024-08-23T15:54:12.751+0800] GC(916) Eden regions: 1->0(307)
[2024-08-23T15:54:12.751+0800] GC(916) Survivor regions: 0->0(39)
[2024-08-23T15:54:12.751+0800] GC(916) Old regions: 1->1
[2024-08-23T15:54:12.751+0800] GC(916) Archive regions: 0->0
[2024-08-23T15:54:12.751+0800] GC(916) Humongous regions: 163->51
[2024-08-23T15:54:12.751+0800] GC(916) Metaspace: 302K(512K)->302K(512K) NonClass: 296K(384K)->296K(384K) Class: 6K(128K)->6K(128K)
[2024-08-23T15:54:12.751+0800] GC(916) Pause Young (Concurrent Start) (G1 Humongous Allocation) 164M->51M(512M) 0.782ms
[2024-08-23T15:54:12.751+0800] GC(916) User=0.00s Sys=0.00s Real=0.00s
[2024-08-23T15:54:12.751+0800] GC(917) Concurrent Undo Cycle
[2024-08-23T15:54:12.751+0800] GC(917) Concurrent Cleanup for Next Mark
[2024-08-23T15:54:12.751+0800] GC(917) Concurrent Cleanup for Next Mark 0.338ms
[2024-08-23T15:54:12.751+0800] GC(917) Concurrent Undo Cycle 0.449ms
[2024-08-23T15:54:13.941+0800] GC(918) Pause Young (Concurrent Start) (G1 Humongous Allocation)
[2024-08-23T15:54:13.941+0800] GC(918) Using 6 workers of 6 for evacuation
[2024-08-23T15:54:13.941+0800] GC(918)   Pre Evacuate Collection Set: 0.1ms
[2024-08-23T15:54:13.942+0800] GC(918)   Merge Heap Roots: 0.1ms
[2024-08-23T15:54:13.942+0800] GC(918)   Evacuate Collection Set: 0.1ms
[2024-08-23T15:54:13.942+0800] GC(918)   Post Evacuate Collection Set: 0.3ms
[2024-08-23T15:54:13.942+0800] GC(918)   Other: 0.1ms
[2024-08-23T15:54:13.942+0800] GC(918) Eden regions: 1->0(307)
[2024-08-23T15:54:13.942+0800] GC(918) Survivor regions: 0->0(39)
[2024-08-23T15:54:13.942+0800] GC(918) Old regions: 1->1
[2024-08-23T15:54:13.942+0800] GC(918) Archive regions: 0->0
[2024-08-23T15:54:13.942+0800] GC(918) Humongous regions: 214->118
[2024-08-23T15:54:13.942+0800] GC(918) Metaspace: 302K(512K)->302K(512K) NonClass: 296K(384K)->296K(384K) Class: 6K(128K)->6K(128K)
[2024-08-23T15:54:13.942+0800] GC(918) Pause Young (Concurrent Start) (G1 Humongous Allocation) 215M->118M(512M) 0.845ms
[2024-08-23T15:54:13.942+0800] GC(918) User=0.00s Sys=0.00s Real=0.00s
[2024-08-23T15:54:13.942+0800] GC(919) Concurrent Undo Cycle
[2024-08-23T15:54:13.942+0800] GC(919) Concurrent Cleanup for Next Mark
[2024-08-23T15:54:13.942+0800] GC(919) Concurrent Cleanup for Next Mark 0.271ms
[2024-08-23T15:54:13.942+0800] GC(919) Concurrent Undo Cycle 0.337ms
[2024-08-23T15:54:14.159+0800] GC(920) Pause Young (Concurrent Start) (G1 Humongous Allocation)
[2024-08-23T15:54:14.159+0800] GC(920) Using 6 workers of 6 for evacuation
[2024-08-23T15:54:14.159+0800] GC(920)   Pre Evacuate Collection Set: 0.1ms
[2024-08-23T15:54:14.159+0800] GC(920)   Merge Heap Roots: 0.1ms
[2024-08-23T15:54:14.159+0800] GC(920)   Evacuate Collection Set: 0.1ms
[2024-08-23T15:54:14.159+0800] GC(920)   Post Evacuate Collection Set: 0.3ms
[2024-08-23T15:54:14.159+0800] GC(920)   Other: 0.1ms
[2024-08-23T15:54:14.159+0800] GC(920) Eden regions: 1->0(300)
[2024-08-23T15:54:14.159+0800] GC(920) Survivor regions: 0->0(39)
[2024-08-23T15:54:14.159+0800] GC(920) Old regions: 1->1
[2024-08-23T15:54:14.159+0800] GC(920) Archive regions: 0->0
[2024-08-23T15:54:14.159+0800] GC(920) Humongous regions: 190->158
[2024-08-23T15:54:14.159+0800] GC(920) Metaspace: 302K(512K)->302K(512K) NonClass: 296K(384K)->296K(384K) Class: 6K(128K)->6K(128K)
[2024-08-23T15:54:14.160+0800] GC(920) Pause Young (Concurrent Start) (G1 Humongous Allocation) 191M->158M(512M) 0.783ms
[2024-08-23T15:54:14.160+0800] GC(920) User=0.00s Sys=0.00s Real=0.00s
[2024-08-23T15:54:14.160+0800] GC(921) Concurrent Undo Cycle
[2024-08-23T15:54:14.160+0800] GC(921) Concurrent Cleanup for Next Mark
[2024-08-23T15:54:14.160+0800] GC(921) Concurrent Cleanup for Next Mark 0.276ms
[2024-08-23T15:54:14.160+0800] GC(921) Concurrent Undo Cycle 0.347ms
[2024-08-23T15:54:14.270+0800] GC(922) Pause Young (Concurrent Start) (G1 Humongous Allocation)
[2024-08-23T15:54:14.270+0800] GC(922) Using 6 workers of 6 for evacuation
[2024-08-23T15:54:14.270+0800] GC(922)   Pre Evacuate Collection Set: 0.0ms
[2024-08-23T15:54:14.270+0800] GC(922)   Merge Heap Roots: 0.1ms
[2024-08-23T15:54:14.270+0800] GC(922)   Evacuate Collection Set: 0.1ms
[2024-08-23T15:54:14.270+0800] GC(922)   Post Evacuate Collection Set: 0.3ms
[2024-08-23T15:54:14.270+0800] GC(922)   Other: 0.1ms
[2024-08-23T15:54:14.270+0800] GC(922) Eden regions: 1->0(250)
[2024-08-23T15:54:14.270+0800] GC(922) Survivor regions: 0->0(38)
[2024-08-23T15:54:14.270+0800] GC(922) Old regions: 1->1
[2024-08-23T15:54:14.270+0800] GC(922) Archive regions: 0->0
[2024-08-23T15:54:14.270+0800] GC(922) Humongous regions: 259->208
[2024-08-23T15:54:14.270+0800] GC(922) Metaspace: 302K(512K)->302K(512K) NonClass: 296K(384K)->296K(384K) Class: 6K(128K)->6K(128K)
[2024-08-23T15:54:14.270+0800] GC(922) Pause Young (Concurrent Start) (G1 Humongous Allocation) 260M->208M(512M) 0.713ms
[2024-08-23T15:54:14.270+0800] GC(922) User=0.00s Sys=0.00s Real=0.00s
[2024-08-23T15:54:14.270+0800] GC(923) Concurrent Undo Cycle
[2024-08-23T15:54:14.270+0800] GC(923) Concurrent Cleanup for Next Mark
[2024-08-23T15:54:14.271+0800] GC(923) Concurrent Cleanup for Next Mark 0.209ms
[2024-08-23T15:54:14.271+0800] GC(923) Concurrent Undo Cycle 0.259ms
[2024-08-23T15:54:14.814+0800] GC(924) Pause Young (Concurrent Start) (G1 Humongous Allocation)
[2024-08-23T15:54:14.814+0800] GC(924) Using 6 workers of 6 for evacuation
[2024-08-23T15:54:14.814+0800] GC(924)   Pre Evacuate Collection Set: 0.0ms
[2024-08-23T15:54:14.814+0800] GC(924)   Merge Heap Roots: 0.0ms
[2024-08-23T15:54:14.814+0800] GC(924)   Evacuate Collection Set: 0.1ms
[2024-08-23T15:54:14.814+0800] GC(924)   Post Evacuate Collection Set: 0.1ms
[2024-08-23T15:54:14.814+0800] GC(924)   Other: 0.1ms
[2024-08-23T15:54:14.814+0800] GC(924) Eden regions: 1->0(307)
[2024-08-23T15:54:14.814+0800] GC(924) Survivor regions: 0->0(32)
[2024-08-23T15:54:14.814+0800] GC(924) Old regions: 1->1
[2024-08-23T15:54:14.814+0800] GC(924) Archive regions: 0->0
[2024-08-23T15:54:14.814+0800] GC(924) Humongous regions: 230->115
[2024-08-23T15:54:14.814+0800] GC(924) Metaspace: 302K(512K)->302K(512K) NonClass: 296K(384K)->296K(384K) Class: 6K(128K)->6K(128K)
[2024-08-23T15:54:14.814+0800] GC(924) Pause Young (Concurrent Start) (G1 Humongous Allocation) 231M->115M(512M) 0.502ms
[2024-08-23T15:54:14.814+0800] GC(924) User=0.00s Sys=0.00s Real=0.00s
[2024-08-23T15:54:14.814+0800] GC(925) Concurrent Undo Cycle
[2024-08-23T15:54:14.814+0800] GC(925) Concurrent Cleanup for Next Mark
[2024-08-23T15:54:14.814+0800] GC(925) Concurrent Cleanup for Next Mark 0.231ms
[2024-08-23T15:54:14.814+0800] GC(925) Concurrent Undo Cycle 0.286ms
[2024-08-23T15:54:15.578+0800] GC(926) Pause Young (Concurrent Start) (G1 Humongous Allocation)
[2024-08-23T15:54:15.578+0800] GC(926) Using 6 workers of 6 for evacuation
[2024-08-23T15:54:15.578+0800] GC(926)   Pre Evacuate Collection Set: 0.1ms
[2024-08-23T15:54:15.579+0800] GC(926)   Merge Heap Roots: 0.1ms
[2024-08-23T15:54:15.579+0800] GC(926)   Evacuate Collection Set: 0.1ms
[2024-08-23T15:54:15.579+0800] GC(926)   Post Evacuate Collection Set: 0.3ms
[2024-08-23T15:54:15.579+0800] GC(926)   Other: 0.1ms
[2024-08-23T15:54:15.579+0800] GC(926) Eden regions: 1->0(292)
[2024-08-23T15:54:15.579+0800] GC(926) Survivor regions: 0->0(39)
[2024-08-23T15:54:15.579+0800] GC(926) Old regions: 1->1
[2024-08-23T15:54:15.579+0800] GC(926) Archive regions: 0->0
[2024-08-23T15:54:15.579+0800] GC(926) Humongous regions: 227->166
[2024-08-23T15:54:15.579+0800] GC(926) Metaspace: 302K(512K)->302K(512K) NonClass: 296K(384K)->296K(384K) Class: 6K(128K)->6K(128K)
[2024-08-23T15:54:15.579+0800] GC(926) Pause Young (Concurrent Start) (G1 Humongous Allocation) 228M->166M(512M) 0.903ms
[2024-08-23T15:54:15.579+0800] GC(926) User=0.00s Sys=0.00s Real=0.00s
[2024-08-23T15:54:15.579+0800] GC(927) Concurrent Undo Cycle
[2024-08-23T15:54:15.579+0800] GC(927) Concurrent Cleanup for Next Mark
[2024-08-23T15:54:15.579+0800] GC(927) Concurrent Cleanup for Next Mark 0.242ms
[2024-08-23T15:54:15.579+0800] GC(927) Concurrent Undo Cycle 0.308ms
[2024-08-23T15:54:15.687+0800] GC(928) Pause Young (Concurrent Start) (G1 Humongous Allocation)
[2024-08-23T15:54:15.687+0800] GC(928) Using 6 workers of 6 for evacuation
[2024-08-23T15:54:15.688+0800] GC(928)   Pre Evacuate Collection Set: 0.2ms
[2024-08-23T15:54:15.688+0800] GC(928)   Merge Heap Roots: 0.1ms
[2024-08-23T15:54:15.688+0800] GC(928)   Evacuate Collection Set: 0.1ms
[2024-08-23T15:54:15.688+0800] GC(928)   Post Evacuate Collection Set: 0.4ms
[2024-08-23T15:54:15.688+0800] GC(928)   Other: 0.1ms
[2024-08-23T15:54:15.688+0800] GC(928) Eden regions: 1->0(242)
[2024-08-23T15:54:15.688+0800] GC(928) Survivor regions: 0->0(37)
[2024-08-23T15:54:15.688+0800] GC(928) Old regions: 1->1
[2024-08-23T15:54:15.688+0800] GC(928) Archive regions: 0->0
[2024-08-23T15:54:15.688+0800] GC(928) Humongous regions: 267->216
[2024-08-23T15:54:15.688+0800] GC(928) Metaspace: 302K(512K)->302K(512K) NonClass: 296K(384K)->296K(384K) Class: 6K(128K)->6K(128K)
[2024-08-23T15:54:15.688+0800] GC(928) Pause Young (Concurrent Start) (G1 Humongous Allocation) 268M->216M(512M) 0.882ms
[2024-08-23T15:54:15.688+0800] GC(928) User=0.00s Sys=0.00s Real=0.00s
[2024-08-23T15:54:15.688+0800] GC(929) Concurrent Undo Cycle
[2024-08-23T15:54:15.688+0800] GC(929) Concurrent Cleanup for Next Mark
[2024-08-23T15:54:15.688+0800] GC(929) Concurrent Cleanup for Next Mark 0.268ms
[2024-08-23T15:54:15.688+0800] GC(929) Concurrent Undo Cycle 0.318ms
[2024-08-23T15:54:16.559+0800] GC(930) Pause Young (Concurrent Start) (G1 Humongous Allocation)
[2024-08-23T15:54:16.559+0800] GC(930) Using 6 workers of 6 for evacuation
[2024-08-23T15:54:16.559+0800] GC(930)   Pre Evacuate Collection Set: 0.1ms
[2024-08-23T15:54:16.559+0800] GC(930)   Merge Heap Roots: 0.1ms
[2024-08-23T15:54:16.559+0800] GC(930)   Evacuate Collection Set: 0.1ms
[2024-08-23T15:54:16.559+0800] GC(930)   Post Evacuate Collection Set: 0.3ms
[2024-08-23T15:54:16.559+0800] GC(930)   Other: 0.1ms
[2024-08-23T15:54:16.559+0800] GC(930) Eden regions: 1->0(307)
[2024-08-23T15:54:16.559+0800] GC(930) Survivor regions: 0->0(31)
[2024-08-23T15:54:16.559+0800] GC(930) Old regions: 1->1
[2024-08-23T15:54:16.559+0800] GC(930) Archive regions: 0->0
[2024-08-23T15:54:16.559+0800] GC(930) Humongous regions: 226->6
[2024-08-23T15:54:16.559+0800] GC(930) Metaspace: 302K(512K)->302K(512K) NonClass: 296K(384K)->296K(384K) Class: 6K(128K)->6K(128K)
[2024-08-23T15:54:16.559+0800] GC(930) Pause Young (Concurrent Start) (G1 Humongous Allocation) 227M->6M(512M) 0.758ms
[2024-08-23T15:54:16.560+0800] GC(930) User=0.00s Sys=0.00s Real=0.00s
[2024-08-23T15:54:16.560+0800] GC(931) Concurrent Undo Cycle
[2024-08-23T15:54:16.560+0800] GC(931) Concurrent Cleanup for Next Mark
[2024-08-23T15:54:16.560+0800] GC(931) Concurrent Cleanup for Next Mark 0.229ms
[2024-08-23T15:54:16.560+0800] GC(931) Concurrent Undo Cycle 0.286ms
[2024-08-23T15:54:17.759+0800] GC(932) Pause Young (Concurrent Start) (G1 Humongous Allocation)
[2024-08-23T15:54:17.759+0800] GC(932) Using 6 workers of 6 for evacuation
[2024-08-23T15:54:17.759+0800] GC(932)   Pre Evacuate Collection Set: 0.1ms
[2024-08-23T15:54:17.759+0800] GC(932)   Merge Heap Roots: 0.1ms
[2024-08-23T15:54:17.759+0800] GC(932)   Evacuate Collection Set: 0.2ms
[2024-08-23T15:54:17.759+0800] GC(932)   Post Evacuate Collection Set: 0.4ms
[2024-08-23T15:54:17.759+0800] GC(932)   Other: 0.1ms
[2024-08-23T15:54:17.759+0800] GC(932) Eden regions: 1->0(307)
[2024-08-23T15:54:17.759+0800] GC(932) Survivor regions: 0->0(39)
[2024-08-23T15:54:17.759+0800] GC(932) Old regions: 1->1
[2024-08-23T15:54:17.759+0800] GC(932) Archive regions: 0->0
[2024-08-23T15:54:17.759+0800] GC(932) Humongous regions: 229->23
[2024-08-23T15:54:17.759+0800] GC(932) Metaspace: 302K(512K)->302K(512K) NonClass: 296K(384K)->296K(384K) Class: 6K(128K)->6K(128K)
[2024-08-23T15:54:17.759+0800] GC(932) Pause Young (Concurrent Start) (G1 Humongous Allocation) 230M->23M(512M) 0.990ms
[2024-08-23T15:54:17.759+0800] GC(932) User=0.00s Sys=0.00s Real=0.00s
[2024-08-23T15:54:17.759+0800] GC(933) Concurrent Undo Cycle
[2024-08-23T15:54:17.759+0800] GC(933) Concurrent Cleanup for Next Mark
[2024-08-23T15:54:17.761+0800] GC(933) Concurrent Cleanup for Next Mark 0.352ms
[2024-08-23T15:54:17.761+0800] GC(933) Concurrent Undo Cycle 0.409ms
[2024-08-23T15:54:18.524+0800] GC(934) Pause Young (Concurrent Start) (G1 Humongous Allocation)
[2024-08-23T15:54:18.524+0800] GC(934) Using 6 workers of 6 for evacuation
[2024-08-23T15:54:18.525+0800] GC(934)   Pre Evacuate Collection Set: 0.1ms
[2024-08-23T15:54:18.525+0800] GC(934)   Merge Heap Roots: 0.1ms
[2024-08-23T15:54:18.525+0800] GC(934)   Evacuate Collection Set: 0.1ms
[2024-08-23T15:54:18.525+0800] GC(934)   Post Evacuate Collection Set: 0.4ms
[2024-08-23T15:54:18.525+0800] GC(934)   Other: 0.1ms
[2024-08-23T15:54:18.525+0800] GC(934) Eden regions: 1->0(307)
[2024-08-23T15:54:18.525+0800] GC(934) Survivor regions: 0->0(39)
[2024-08-23T15:54:18.525+0800] GC(934) Old regions: 1->1
[2024-08-23T15:54:18.525+0800] GC(934) Archive regions: 0->0
[2024-08-23T15:54:18.525+0800] GC(934) Humongous regions: 230->129
[2024-08-23T15:54:18.525+0800] GC(934) Metaspace: 302K(512K)->302K(512K) NonClass: 296K(384K)->296K(384K) Class: 6K(128K)->6K(128K)
[2024-08-23T15:54:18.525+0800] GC(934) Pause Young (Concurrent Start) (G1 Humongous Allocation) 231M->129M(512M) 0.889ms
[2024-08-23T15:54:18.525+0800] GC(934) User=0.00s Sys=0.00s Real=0.00s
[2024-08-23T15:54:18.525+0800] GC(935) Concurrent Undo Cycle
[2024-08-23T15:54:18.525+0800] GC(935) Concurrent Cleanup for Next Mark
[2024-08-23T15:54:18.525+0800] GC(935) Concurrent Cleanup for Next Mark 0.260ms
[2024-08-23T15:54:18.525+0800] GC(935) Concurrent Undo Cycle 0.309ms
[2024-08-23T15:54:20.598+0800] GC(936) Pause Young (Concurrent Start) (G1 Humongous Allocation)
[2024-08-23T15:54:20.598+0800] GC(936) Using 6 workers of 6 for evacuation
[2024-08-23T15:54:20.599+0800] GC(936)   Pre Evacuate Collection Set: 0.1ms
[2024-08-23T15:54:20.599+0800] GC(936)   Merge Heap Roots: 0.1ms
[2024-08-23T15:54:20.599+0800] GC(936)   Evacuate Collection Set: 0.1ms
[2024-08-23T15:54:20.599+0800] GC(936)   Post Evacuate Collection Set: 0.3ms
[2024-08-23T15:54:20.599+0800] GC(936)   Other: 0.1ms
[2024-08-23T15:54:20.599+0800] GC(936) Eden regions: 1->0(307)
[2024-08-23T15:54:20.599+0800] GC(936) Survivor regions: 0->0(39)
[2024-08-23T15:54:20.599+0800] GC(936) Old regions: 1->1
[2024-08-23T15:54:20.599+0800] GC(936) Archive regions: 0->0
[2024-08-23T15:54:20.599+0800] GC(936) Humongous regions: 230->12
[2024-08-23T15:54:20.599+0800] GC(936) Metaspace: 302K(512K)->302K(512K) NonClass: 296K(384K)->296K(384K) Class: 6K(128K)->6K(128K)
[2024-08-23T15:54:20.599+0800] GC(936) Pause Young (Concurrent Start) (G1 Humongous Allocation) 231M->12M(512M) 0.765ms
[2024-08-23T15:54:20.599+0800] GC(936) User=0.00s Sys=0.00s Real=0.00s
[2024-08-23T15:54:20.599+0800] GC(937) Concurrent Undo Cycle
[2024-08-23T15:54:20.599+0800] GC(937) Concurrent Cleanup for Next Mark
[2024-08-23T15:54:20.599+0800] GC(937) Concurrent Cleanup for Next Mark 0.259ms
[2024-08-23T15:54:20.599+0800] GC(937) Concurrent Undo Cycle 0.316ms
[2024-08-23T15:54:21.688+0800] GC(938) Pause Young (Concurrent Start) (G1 Humongous Allocation)
[2024-08-23T15:54:21.688+0800] GC(938) Using 6 workers of 6 for evacuation
[2024-08-23T15:54:21.688+0800] GC(938)   Pre Evacuate Collection Set: 0.1ms
[2024-08-23T15:54:21.688+0800] GC(938)   Merge Heap Roots: 0.1ms
[2024-08-23T15:54:21.688+0800] GC(938)   Evacuate Collection Set: 0.2ms
[2024-08-23T15:54:21.688+0800] GC(938)   Post Evacuate Collection Set: 0.4ms
[2024-08-23T15:54:21.688+0800] GC(938)   Other: 0.1ms
[2024-08-23T15:54:21.688+0800] GC(938) Eden regions: 1->0(307)
[2024-08-23T15:54:21.688+0800] GC(938) Survivor regions: 0->0(39)
[2024-08-23T15:54:21.688+0800] GC(938) Old regions: 1->1
[2024-08-23T15:54:21.688+0800] GC(938) Archive regions: 0->0
[2024-08-23T15:54:21.688+0800] GC(938) Humongous regions: 229->63
[2024-08-23T15:54:21.688+0800] GC(938) Metaspace: 302K(512K)->302K(512K) NonClass: 296K(384K)->296K(384K) Class: 6K(128K)->6K(128K)
[2024-08-23T15:54:21.688+0800] GC(938) Pause Young (Concurrent Start) (G1 Humongous Allocation) 230M->63M(512M) 1.040ms
[2024-08-23T15:54:21.688+0800] GC(938) User=0.00s Sys=0.00s Real=0.00s
[2024-08-23T15:54:21.688+0800] GC(939) Concurrent Undo Cycle
[2024-08-23T15:54:21.688+0800] GC(939) Concurrent Cleanup for Next Mark
[2024-08-23T15:54:21.688+0800] GC(939) Concurrent Cleanup for Next Mark 0.221ms
[2024-08-23T15:54:21.688+0800] GC(939) Concurrent Undo Cycle 0.285ms
[2024-08-23T15:54:22.672+0800] GC(940) Pause Young (Concurrent Start) (G1 Humongous Allocation)
[2024-08-23T15:54:22.672+0800] GC(940) Using 6 workers of 6 for evacuation
[2024-08-23T15:54:22.672+0800] GC(940)   Pre Evacuate Collection Set: 0.1ms
[2024-08-23T15:54:22.673+0800] GC(940)   Merge Heap Roots: 0.1ms
[2024-08-23T15:54:22.673+0800] GC(940)   Evacuate Collection Set: 0.1ms
[2024-08-23T15:54:22.673+0800] GC(940)   Post Evacuate Collection Set: 0.4ms
[2024-08-23T15:54:22.673+0800] GC(940)   Other: 0.1ms
[2024-08-23T15:54:22.673+0800] GC(940) Eden regions: 1->0(307)
[2024-08-23T15:54:22.673+0800] GC(940) Survivor regions: 0->0(39)
[2024-08-23T15:54:22.673+0800] GC(940) Old regions: 1->1
[2024-08-23T15:54:22.673+0800] GC(940) Archive regions: 0->0
[2024-08-23T15:54:22.673+0800] GC(940) Humongous regions: 187->114
[2024-08-23T15:54:22.673+0800] GC(940) Metaspace: 302K(512K)->302K(512K) NonClass: 296K(384K)->296K(384K) Class: 6K(128K)->6K(128K)
[2024-08-23T15:54:22.673+0800] GC(940) Pause Young (Concurrent Start) (G1 Humongous Allocation) 188M->114M(512M) 1.000ms
[2024-08-23T15:54:22.673+0800] GC(940) User=0.00s Sys=0.00s Real=0.00s
[2024-08-23T15:54:22.673+0800] GC(941) Concurrent Undo Cycle
[2024-08-23T15:54:22.673+0800] GC(941) Concurrent Cleanup for Next Mark
[2024-08-23T15:54:22.673+0800] GC(941) Concurrent Cleanup for Next Mark 0.267ms
[2024-08-23T15:54:22.673+0800] GC(941) Concurrent Undo Cycle 0.340ms
[2024-08-23T15:54:23.108+0800] GC(942) Pause Young (Concurrent Start) (G1 Humongous Allocation)
[2024-08-23T15:54:23.108+0800] GC(942) Using 6 workers of 6 for evacuation
[2024-08-23T15:54:23.109+0800] GC(942)   Pre Evacuate Collection Set: 0.1ms
[2024-08-23T15:54:23.109+0800] GC(942)   Merge Heap Roots: 0.1ms
[2024-08-23T15:54:23.109+0800] GC(942)   Evacuate Collection Set: 0.2ms
[2024-08-23T15:54:23.109+0800] GC(942)   Post Evacuate Collection Set: 0.4ms
[2024-08-23T15:54:23.109+0800] GC(942)   Other: 0.1ms
[2024-08-23T15:54:23.109+0800] GC(942) Eden regions: 1->0(288)
[2024-08-23T15:54:23.109+0800] GC(942) Survivor regions: 0->0(39)
[2024-08-23T15:54:23.109+0800] GC(942) Old regions: 1->1
[2024-08-23T15:54:23.109+0800] GC(942) Archive regions: 0->0
[2024-08-23T15:54:23.109+0800] GC(942) Humongous regions: 225->170
[2024-08-23T15:54:23.109+0800] GC(942) Metaspace: 302K(512K)->302K(512K) NonClass: 296K(384K)->296K(384K) Class: 6K(128K)->6K(128K)
[2024-08-23T15:54:23.109+0800] GC(942) Pause Young (Concurrent Start) (G1 Humongous Allocation) 226M->170M(512M) 0.920ms
[2024-08-23T15:54:23.109+0800] GC(942) User=0.00s Sys=0.00s Real=0.00s
[2024-08-23T15:54:23.109+0800] GC(943) Concurrent Undo Cycle
[2024-08-23T15:54:23.109+0800] GC(943) Concurrent Cleanup for Next Mark
[2024-08-23T15:54:23.109+0800] GC(943) Concurrent Cleanup for Next Mark 0.289ms
[2024-08-23T15:54:23.109+0800] GC(943) Concurrent Undo Cycle 0.346ms
[2024-08-23T15:54:24.092+0800] GC(944) Pause Young (Concurrent Start) (G1 Humongous Allocation)
[2024-08-23T15:54:24.092+0800] GC(944) Using 6 workers of 6 for evacuation
[2024-08-23T15:54:24.093+0800] GC(944)   Pre Evacuate Collection Set: 0.1ms
[2024-08-23T15:54:24.093+0800] GC(944)   Merge Heap Roots: 0.0ms
[2024-08-23T15:54:24.093+0800] GC(944)   Evacuate Collection Set: 0.1ms
[2024-08-23T15:54:24.093+0800] GC(944)   Post Evacuate Collection Set: 0.2ms
[2024-08-23T15:54:24.093+0800] GC(944)   Other: 0.1ms
[2024-08-23T15:54:24.093+0800] GC(944) Eden regions: 1->0(307)
[2024-08-23T15:54:24.093+0800] GC(944) Survivor regions: 0->0(36)
[2024-08-23T15:54:24.093+0800] GC(944) Old regions: 1->1
[2024-08-23T15:54:24.093+0800] GC(944) Archive regions: 0->0
[2024-08-23T15:54:24.093+0800] GC(944) Humongous regions: 194->6
[2024-08-23T15:54:24.093+0800] GC(944) Metaspace: 302K(512K)->302K(512K) NonClass: 296K(384K)->296K(384K) Class: 6K(128K)->6K(128K)
[2024-08-23T15:54:24.093+0800] GC(944) Pause Young (Concurrent Start) (G1 Humongous Allocation) 195M->6M(512M) 0.600ms
[2024-08-23T15:54:24.093+0800] GC(944) User=0.00s Sys=0.00s Real=0.00s
[2024-08-23T15:54:24.093+0800] GC(945) Concurrent Undo Cycle
[2024-08-23T15:54:24.093+0800] GC(945) Concurrent Cleanup for Next Mark
[2024-08-23T15:54:24.093+0800] GC(945) Concurrent Cleanup for Next Mark 0.326ms
[2024-08-23T15:54:24.093+0800] GC(945) Concurrent Undo Cycle 0.406ms
[2024-08-23T15:54:25.406+0800] GC(946) Pause Young (Concurrent Start) (G1 Humongous Allocation)
[2024-08-23T15:54:25.406+0800] GC(946) Using 6 workers of 6 for evacuation
[2024-08-23T15:54:25.406+0800] GC(946)   Pre Evacuate Collection Set: 0.0ms
[2024-08-23T15:54:25.406+0800] GC(946)   Merge Heap Roots: 0.0ms
[2024-08-23T15:54:25.406+0800] GC(946)   Evacuate Collection Set: 0.1ms
[2024-08-23T15:54:25.406+0800] GC(946)   Post Evacuate Collection Set: 0.2ms
[2024-08-23T15:54:25.406+0800] GC(946)   Other: 0.1ms
[2024-08-23T15:54:25.406+0800] GC(946) Eden regions: 1->0(307)
[2024-08-23T15:54:25.406+0800] GC(946) Survivor regions: 0->0(39)
[2024-08-23T15:54:25.406+0800] GC(946) Old regions: 1->1
[2024-08-23T15:54:25.406+0800] GC(946) Archive regions: 0->0
[2024-08-23T15:54:25.406+0800] GC(946) Humongous regions: 190->29
[2024-08-23T15:54:25.406+0800] GC(946) Metaspace: 302K(512K)->302K(512K) NonClass: 296K(384K)->296K(384K) Class: 6K(128K)->6K(128K)
[2024-08-23T15:54:25.406+0800] GC(946) Pause Young (Concurrent Start) (G1 Humongous Allocation) 191M->29M(512M) 0.551ms
[2024-08-23T15:54:25.406+0800] GC(946) User=0.00s Sys=0.00s Real=0.00s
[2024-08-23T15:54:25.406+0800] GC(947) Concurrent Undo Cycle
[2024-08-23T15:54:25.406+0800] GC(947) Concurrent Cleanup for Next Mark
[2024-08-23T15:54:25.406+0800] GC(947) Concurrent Cleanup for Next Mark 0.280ms
[2024-08-23T15:54:25.406+0800] GC(947) Concurrent Undo Cycle 0.359ms
[2024-08-23T15:54:26.494+0800] GC(948) Pause Young (Concurrent Start) (G1 Humongous Allocation)
[2024-08-23T15:54:26.494+0800] GC(948) Using 6 workers of 6 for evacuation
[2024-08-23T15:54:26.494+0800] GC(948)   Pre Evacuate Collection Set: 0.1ms
[2024-08-23T15:54:26.494+0800] GC(948)   Merge Heap Roots: 0.1ms
[2024-08-23T15:54:26.494+0800] GC(948)   Evacuate Collection Set: 0.1ms
[2024-08-23T15:54:26.494+0800] GC(948)   Post Evacuate Collection Set: 0.2ms
[2024-08-23T15:54:26.494+0800] GC(948)   Other: 0.1ms
[2024-08-23T15:54:26.494+0800] GC(948) Eden regions: 1->0(307)
[2024-08-23T15:54:26.494+0800] GC(948) Survivor regions: 0->0(39)
[2024-08-23T15:54:26.494+0800] GC(948) Old regions: 1->1
[2024-08-23T15:54:26.494+0800] GC(948) Archive regions: 0->0
[2024-08-23T15:54:26.494+0800] GC(948) Humongous regions: 221->16
[2024-08-23T15:54:26.494+0800] GC(948) Metaspace: 302K(512K)->302K(512K) NonClass: 296K(384K)->296K(384K) Class: 6K(128K)->6K(128K)
[2024-08-23T15:54:26.494+0800] GC(948) Pause Young (Concurrent Start) (G1 Humongous Allocation) 222M->16M(512M) 0.731ms
[2024-08-23T15:54:26.494+0800] GC(948) User=0.00s Sys=0.00s Real=0.00s
[2024-08-23T15:54:26.494+0800] GC(949) Concurrent Undo Cycle
[2024-08-23T15:54:26.494+0800] GC(949) Concurrent Cleanup for Next Mark
[2024-08-23T15:54:26.495+0800] GC(949) Concurrent Cleanup for Next Mark 0.283ms
[2024-08-23T15:54:26.495+0800] GC(949) Concurrent Undo Cycle 0.345ms
[2024-08-23T15:54:27.914+0800] GC(950) Pause Young (Concurrent Start) (G1 Humongous Allocation)
[2024-08-23T15:54:27.914+0800] GC(950) Using 6 workers of 6 for evacuation
[2024-08-23T15:54:27.914+0800] GC(950)   Pre Evacuate Collection Set: 0.0ms
[2024-08-23T15:54:27.914+0800] GC(950)   Merge Heap Roots: 0.0ms
[2024-08-23T15:54:27.914+0800] GC(950)   Evacuate Collection Set: 0.1ms
[2024-08-23T15:54:27.914+0800] GC(950)   Post Evacuate Collection Set: 0.2ms
[2024-08-23T15:54:27.914+0800] GC(950)   Other: 0.1ms
[2024-08-23T15:54:27.914+0800] GC(950) Eden regions: 1->0(307)
[2024-08-23T15:54:27.914+0800] GC(950) Survivor regions: 0->0(39)
[2024-08-23T15:54:27.914+0800] GC(950) Old regions: 1->1
[2024-08-23T15:54:27.914+0800] GC(950) Archive regions: 0->0
[2024-08-23T15:54:27.914+0800] GC(950) Humongous regions: 221->6
[2024-08-23T15:54:27.914+0800] GC(950) Metaspace: 302K(512K)->302K(512K) NonClass: 296K(384K)->296K(384K) Class: 6K(128K)->6K(128K)
[2024-08-23T15:54:27.914+0800] GC(950) Pause Young (Concurrent Start) (G1 Humongous Allocation) 222M->6M(512M) 0.527ms
[2024-08-23T15:54:27.914+0800] GC(950) User=0.00s Sys=0.00s Real=0.00s
[2024-08-23T15:54:27.914+0800] GC(951) Concurrent Undo Cycle
[2024-08-23T15:54:27.914+0800] GC(951) Concurrent Cleanup for Next Mark
[2024-08-23T15:54:27.915+0800] GC(951) Concurrent Cleanup for Next Mark 0.255ms
[2024-08-23T15:54:27.915+0800] GC(951) Concurrent Undo Cycle 0.321ms
[2024-08-23T15:54:29.112+0800] GC(952) Pause Young (Concurrent Start) (G1 Humongous Allocation)
[2024-08-23T15:54:29.112+0800] GC(952) Using 6 workers of 6 for evacuation
[2024-08-23T15:54:29.112+0800] GC(952)   Pre Evacuate Collection Set: 0.0ms
[2024-08-23T15:54:29.112+0800] GC(952)   Merge Heap Roots: 0.0ms
[2024-08-23T15:54:29.112+0800] GC(952)   Evacuate Collection Set: 0.1ms
[2024-08-23T15:54:29.112+0800] GC(952)   Post Evacuate Collection Set: 0.2ms
[2024-08-23T15:54:29.112+0800] GC(952)   Other: 0.1ms
[2024-08-23T15:54:29.112+0800] GC(952) Eden regions: 1->0(307)
[2024-08-23T15:54:29.112+0800] GC(952) Survivor regions: 0->0(39)
[2024-08-23T15:54:29.112+0800] GC(952) Old regions: 1->1
[2024-08-23T15:54:29.112+0800] GC(952) Archive regions: 0->0
[2024-08-23T15:54:29.112+0800] GC(952) Humongous regions: 229->23
[2024-08-23T15:54:29.112+0800] GC(952) Metaspace: 302K(512K)->302K(512K) NonClass: 296K(384K)->296K(384K) Class: 6K(128K)->6K(128K)
[2024-08-23T15:54:29.112+0800] GC(952) Pause Young (Concurrent Start) (G1 Humongous Allocation) 230M->23M(512M) 0.529ms
[2024-08-23T15:54:29.112+0800] GC(952) User=0.00s Sys=0.00s Real=0.00s
[2024-08-23T15:54:29.112+0800] GC(953) Concurrent Undo Cycle
[2024-08-23T15:54:29.112+0800] GC(953) Concurrent Cleanup for Next Mark
[2024-08-23T15:54:29.112+0800] GC(953) Concurrent Cleanup for Next Mark 0.263ms
[2024-08-23T15:54:29.112+0800] GC(953) Concurrent Undo Cycle 0.333ms
[2024-08-23T15:54:29.876+0800] GC(954) Pause Young (Concurrent Start) (G1 Humongous Allocation)
[2024-08-23T15:54:29.876+0800] GC(954) Using 6 workers of 6 for evacuation
[2024-08-23T15:54:29.876+0800] GC(954)   Pre Evacuate Collection Set: 0.0ms
[2024-08-23T15:54:29.876+0800] GC(954)   Merge Heap Roots: 0.0ms
[2024-08-23T15:54:29.876+0800] GC(954)   Evacuate Collection Set: 0.1ms
[2024-08-23T15:54:29.876+0800] GC(954)   Post Evacuate Collection Set: 0.1ms
[2024-08-23T15:54:29.876+0800] GC(954)   Other: 0.1ms
[2024-08-23T15:54:29.876+0800] GC(954) Eden regions: 1->0(307)
[2024-08-23T15:54:29.876+0800] GC(954) Survivor regions: 0->0(39)
[2024-08-23T15:54:29.876+0800] GC(954) Old regions: 1->1
[2024-08-23T15:54:29.876+0800] GC(954) Archive regions: 0->0
[2024-08-23T15:54:29.876+0800] GC(954) Humongous regions: 230->139
[2024-08-23T15:54:29.876+0800] GC(954) Metaspace: 302K(512K)->302K(512K) NonClass: 296K(384K)->296K(384K) Class: 6K(128K)->6K(128K)
[2024-08-23T15:54:29.876+0800] GC(954) Pause Young (Concurrent Start) (G1 Humongous Allocation) 231M->139M(512M) 0.516ms
[2024-08-23T15:54:29.876+0800] GC(954) User=0.00s Sys=0.00s Real=0.00s
[2024-08-23T15:54:29.876+0800] GC(955) Concurrent Undo Cycle
[2024-08-23T15:54:29.876+0800] GC(955) Concurrent Cleanup for Next Mark
[2024-08-23T15:54:29.876+0800] GC(955) Concurrent Cleanup for Next Mark 0.224ms
[2024-08-23T15:54:29.876+0800] GC(955) Concurrent Undo Cycle 0.278ms
[2024-08-23T15:54:31.077+0800] GC(956) Pause Young (Concurrent Start) (G1 Humongous Allocation)
[2024-08-23T15:54:31.077+0800] GC(956) Using 6 workers of 6 for evacuation
[2024-08-23T15:54:31.077+0800] GC(956)   Pre Evacuate Collection Set: 0.1ms
[2024-08-23T15:54:31.077+0800] GC(956)   Merge Heap Roots: 0.1ms
[2024-08-23T15:54:31.077+0800] GC(956)   Evacuate Collection Set: 0.2ms
[2024-08-23T15:54:31.077+0800] GC(956)   Post Evacuate Collection Set: 0.4ms
[2024-08-23T15:54:31.077+0800] GC(956)   Other: 0.1ms
[2024-08-23T15:54:31.077+0800] GC(956) Eden regions: 1->0(307)
[2024-08-23T15:54:31.077+0800] GC(956) Survivor regions: 0->0(39)
[2024-08-23T15:54:31.077+0800] GC(956) Old regions: 1->1
[2024-08-23T15:54:31.077+0800] GC(956) Archive regions: 0->0
[2024-08-23T15:54:31.077+0800] GC(956) Humongous regions: 222->65
[2024-08-23T15:54:31.077+0800] GC(956) Metaspace: 302K(512K)->302K(512K) NonClass: 296K(384K)->296K(384K) Class: 6K(128K)->6K(128K)
[2024-08-23T15:54:31.077+0800] GC(956) Pause Young (Concurrent Start) (G1 Humongous Allocation) 223M->65M(512M) 0.903ms
[2024-08-23T15:54:31.077+0800] GC(956) User=0.00s Sys=0.00s Real=0.00s
[2024-08-23T15:54:31.077+0800] GC(957) Concurrent Undo Cycle
[2024-08-23T15:54:31.077+0800] GC(957) Concurrent Cleanup for Next Mark
[2024-08-23T15:54:31.077+0800] GC(957) Concurrent Cleanup for Next Mark 0.296ms
[2024-08-23T15:54:31.078+0800] GC(957) Concurrent Undo Cycle 0.375ms
[2024-08-23T15:54:32.487+0800] GC(958) Pause Young (Concurrent Start) (G1 Humongous Allocation)
[2024-08-23T15:54:32.487+0800] GC(958) Using 6 workers of 6 for evacuation
[2024-08-23T15:54:32.487+0800] GC(958)   Pre Evacuate Collection Set: 0.1ms
[2024-08-23T15:54:32.487+0800] GC(958)   Merge Heap Roots: 0.1ms
[2024-08-23T15:54:32.487+0800] GC(958)   Evacuate Collection Set: 0.1ms
[2024-08-23T15:54:32.487+0800] GC(958)   Post Evacuate Collection Set: 0.3ms
[2024-08-23T15:54:32.487+0800] GC(958)   Other: 0.1ms
[2024-08-23T15:54:32.487+0800] GC(958) Eden regions: 1->0(307)
[2024-08-23T15:54:32.487+0800] GC(958) Survivor regions: 0->0(39)
[2024-08-23T15:54:32.487+0800] GC(958) Old regions: 1->1
[2024-08-23T15:54:32.487+0800] GC(958) Archive regions: 0->0
[2024-08-23T15:54:32.487+0800] GC(958) Humongous regions: 183->27
[2024-08-23T15:54:32.487+0800] GC(958) Metaspace: 302K(512K)->302K(512K) NonClass: 296K(384K)->296K(384K) Class: 6K(128K)->6K(128K)
[2024-08-23T15:54:32.488+0800] GC(958) Pause Young (Concurrent Start) (G1 Humongous Allocation) 184M->27M(512M) 0.739ms
[2024-08-23T15:54:32.488+0800] GC(958) User=0.00s Sys=0.00s Real=0.00s
[2024-08-23T15:54:32.488+0800] GC(959) Concurrent Undo Cycle
[2024-08-23T15:54:32.488+0800] GC(959) Concurrent Cleanup for Next Mark
[2024-08-23T15:54:32.488+0800] GC(959) Concurrent Cleanup for Next Mark 0.240ms
[2024-08-23T15:54:32.488+0800] GC(959) Concurrent Undo Cycle 0.307ms
[2024-08-23T15:54:33.679+0800] GC(960) Pause Young (Concurrent Start) (G1 Humongous Allocation)
[2024-08-23T15:54:33.679+0800] GC(960) Using 6 workers of 6 for evacuation
[2024-08-23T15:54:33.679+0800] GC(960)   Pre Evacuate Collection Set: 0.0ms
[2024-08-23T15:54:33.679+0800] GC(960)   Merge Heap Roots: 0.1ms
[2024-08-23T15:54:33.679+0800] GC(960)   Evacuate Collection Set: 0.2ms
[2024-08-23T15:54:33.679+0800] GC(960)   Post Evacuate Collection Set: 0.3ms
[2024-08-23T15:54:33.679+0800] GC(960)   Other: 0.1ms
[2024-08-23T15:54:33.679+0800] GC(960) Eden regions: 1->0(307)
[2024-08-23T15:54:33.679+0800] GC(960) Survivor regions: 0->0(39)
[2024-08-23T15:54:33.679+0800] GC(960) Old regions: 1->1
[2024-08-23T15:54:33.679+0800] GC(960) Archive regions: 0->0
[2024-08-23T15:54:33.679+0800] GC(960) Humongous regions: 230->124
[2024-08-23T15:54:33.679+0800] GC(960) Metaspace: 302K(512K)->302K(512K) NonClass: 296K(384K)->296K(384K) Class: 6K(128K)->6K(128K)
[2024-08-23T15:54:33.679+0800] GC(960) Pause Young (Concurrent Start) (G1 Humongous Allocation) 231M->124M(512M) 0.836ms
[2024-08-23T15:54:33.679+0800] GC(960) User=0.00s Sys=0.00s Real=0.00s
[2024-08-23T15:54:33.680+0800] GC(961) Concurrent Undo Cycle
[2024-08-23T15:54:33.680+0800] GC(961) Concurrent Cleanup for Next Mark
[2024-08-23T15:54:33.680+0800] GC(961) Concurrent Cleanup for Next Mark 0.260ms
[2024-08-23T15:54:33.680+0800] GC(961) Concurrent Undo Cycle 0.327ms
[2024-08-23T15:54:34.004+0800] GC(962) Pause Young (Concurrent Start) (G1 Humongous Allocation)
[2024-08-23T15:54:34.004+0800] GC(962) Using 6 workers of 6 for evacuation
[2024-08-23T15:54:34.005+0800] GC(962)   Pre Evacuate Collection Set: 0.1ms
[2024-08-23T15:54:34.005+0800] GC(962)   Merge Heap Roots: 0.1ms
[2024-08-23T15:54:34.005+0800] GC(962)   Evacuate Collection Set: 0.1ms
[2024-08-23T15:54:34.005+0800] GC(962)   Post Evacuate Collection Set: 0.2ms
[2024-08-23T15:54:34.005+0800] GC(962)   Other: 0.1ms
[2024-08-23T15:54:34.005+0800] GC(962) Eden regions: 1->0(294)
[2024-08-23T15:54:34.005+0800] GC(962) Survivor regions: 0->0(39)
[2024-08-23T15:54:34.005+0800] GC(962) Old regions: 1->1
[2024-08-23T15:54:34.005+0800] GC(962) Archive regions: 0->0
[2024-08-23T15:54:34.005+0800] GC(962) Humongous regions: 207->164
[2024-08-23T15:54:34.005+0800] GC(962) Metaspace: 302K(512K)->302K(512K) NonClass: 296K(384K)->296K(384K) Class: 6K(128K)->6K(128K)
[2024-08-23T15:54:34.005+0800] GC(962) Pause Young (Concurrent Start) (G1 Humongous Allocation) 208M->164M(512M) 0.622ms
[2024-08-23T15:54:34.005+0800] GC(962) User=0.00s Sys=0.00s Real=0.00s
[2024-08-23T15:54:34.005+0800] GC(963) Concurrent Undo Cycle
[2024-08-23T15:54:34.005+0800] GC(963) Concurrent Cleanup for Next Mark
[2024-08-23T15:54:34.005+0800] GC(963) Concurrent Cleanup for Next Mark 0.305ms
[2024-08-23T15:54:34.005+0800] GC(963) Concurrent Undo Cycle 0.404ms
[2024-08-23T15:54:34.112+0800] GC(964) Pause Young (Concurrent Start) (G1 Humongous Allocation)
[2024-08-23T15:54:34.112+0800] GC(964) Using 6 workers of 6 for evacuation
[2024-08-23T15:54:34.113+0800] GC(964)   Pre Evacuate Collection Set: 0.1ms
[2024-08-23T15:54:34.113+0800] GC(964)   Merge Heap Roots: 0.1ms
[2024-08-23T15:54:34.113+0800] GC(964)   Evacuate Collection Set: 0.2ms
[2024-08-23T15:54:34.113+0800] GC(964)   Post Evacuate Collection Set: 0.2ms
[2024-08-23T15:54:34.113+0800] GC(964)   Other: 0.1ms
[2024-08-23T15:54:34.113+0800] GC(964) Eden regions: 1->0(244)
[2024-08-23T15:54:34.113+0800] GC(964) Survivor regions: 0->0(37)
[2024-08-23T15:54:34.113+0800] GC(964) Old regions: 1->1
[2024-08-23T15:54:34.113+0800] GC(964) Archive regions: 0->0
[2024-08-23T15:54:34.113+0800] GC(964) Humongous regions: 265->214
[2024-08-23T15:54:34.113+0800] GC(964) Metaspace: 302K(512K)->302K(512K) NonClass: 296K(384K)->296K(384K) Class: 6K(128K)->6K(128K)
[2024-08-23T15:54:34.113+0800] GC(964) Pause Young (Concurrent Start) (G1 Humongous Allocation) 266M->214M(512M) 0.783ms
[2024-08-23T15:54:34.113+0800] GC(964) User=0.00s Sys=0.00s Real=0.00s
[2024-08-23T15:54:34.113+0800] GC(965) Concurrent Undo Cycle
[2024-08-23T15:54:34.113+0800] GC(965) Concurrent Cleanup for Next Mark
[2024-08-23T15:54:34.113+0800] GC(965) Concurrent Cleanup for Next Mark 0.249ms
[2024-08-23T15:54:34.113+0800] GC(965) Concurrent Undo Cycle 0.301ms
[2024-08-23T15:54:34.546+0800] GC(966) Pause Young (Concurrent Start) (G1 Humongous Allocation)
[2024-08-23T15:54:34.546+0800] GC(966) Using 6 workers of 6 for evacuation
[2024-08-23T15:54:34.547+0800] GC(966)   Pre Evacuate Collection Set: 0.1ms
[2024-08-23T15:54:34.547+0800] GC(966)   Merge Heap Roots: 0.1ms
[2024-08-23T15:54:34.547+0800] GC(966)   Evacuate Collection Set: 0.2ms
[2024-08-23T15:54:34.547+0800] GC(966)   Post Evacuate Collection Set: 0.5ms
[2024-08-23T15:54:34.547+0800] GC(966)   Other: 0.1ms
[2024-08-23T15:54:34.547+0800] GC(966) Eden regions: 1->0(307)
[2024-08-23T15:54:34.547+0800] GC(966) Survivor regions: 0->0(31)
[2024-08-23T15:54:34.547+0800] GC(966) Old regions: 1->1
[2024-08-23T15:54:34.547+0800] GC(966) Archive regions: 0->0
[2024-08-23T15:54:34.547+0800] GC(966) Humongous regions: 230->121
[2024-08-23T15:54:34.547+0800] GC(966) Metaspace: 302K(512K)->302K(512K) NonClass: 296K(384K)->296K(384K) Class: 6K(128K)->6K(128K)
[2024-08-23T15:54:34.547+0800] GC(966) Pause Young (Concurrent Start) (G1 Humongous Allocation) 231M->121M(512M) 1.244ms
[2024-08-23T15:54:34.548+0800] GC(966) User=0.00s Sys=0.00s Real=0.00s
[2024-08-23T15:54:34.548+0800] GC(967) Concurrent Undo Cycle
[2024-08-23T15:54:34.548+0800] GC(967) Concurrent Cleanup for Next Mark
[2024-08-23T15:54:34.548+0800] GC(967) Concurrent Cleanup for Next Mark 0.252ms
[2024-08-23T15:54:34.548+0800] GC(967) Concurrent Undo Cycle 0.324ms
[2024-08-23T15:54:36.708+0800] GC(968) Pause Young (Concurrent Start) (G1 Humongous Allocation)
[2024-08-23T15:54:36.708+0800] GC(968) Using 6 workers of 6 for evacuation
[2024-08-23T15:54:36.708+0800] GC(968)   Pre Evacuate Collection Set: 0.0ms
[2024-08-23T15:54:36.708+0800] GC(968)   Merge Heap Roots: 0.0ms
[2024-08-23T15:54:36.708+0800] GC(968)   Evacuate Collection Set: 0.1ms
[2024-08-23T15:54:36.708+0800] GC(968)   Post Evacuate Collection Set: 0.2ms
[2024-08-23T15:54:36.708+0800] GC(968)   Other: 0.1ms
[2024-08-23T15:54:36.708+0800] GC(968) Eden regions: 1->0(307)
[2024-08-23T15:54:36.708+0800] GC(968) Survivor regions: 0->0(39)
[2024-08-23T15:54:36.708+0800] GC(968) Old regions: 1->1
[2024-08-23T15:54:36.708+0800] GC(968) Archive regions: 0->0
[2024-08-23T15:54:36.708+0800] GC(968) Humongous regions: 228->34
[2024-08-23T15:54:36.708+0800] GC(968) Metaspace: 302K(512K)->302K(512K) NonClass: 296K(384K)->296K(384K) Class: 6K(128K)->6K(128K)
[2024-08-23T15:54:36.709+0800] GC(968) Pause Young (Concurrent Start) (G1 Humongous Allocation) 229M->34M(512M) 0.532ms
[2024-08-23T15:54:36.709+0800] GC(968) User=0.00s Sys=0.00s Real=0.00s
[2024-08-23T15:54:36.709+0800] GC(969) Concurrent Undo Cycle
[2024-08-23T15:54:36.709+0800] GC(969) Concurrent Cleanup for Next Mark
[2024-08-23T15:54:36.709+0800] GC(969) Concurrent Cleanup for Next Mark 0.250ms
[2024-08-23T15:54:36.709+0800] GC(969) Concurrent Undo Cycle 0.319ms
[2024-08-23T15:54:37.790+0800] GC(970) Pause Young (Concurrent Start) (G1 Humongous Allocation)
[2024-08-23T15:54:37.790+0800] GC(970) Using 6 workers of 6 for evacuation
[2024-08-23T15:54:37.790+0800] GC(970)   Pre Evacuate Collection Set: 0.1ms
[2024-08-23T15:54:37.790+0800] GC(970)   Merge Heap Roots: 0.1ms
[2024-08-23T15:54:37.790+0800] GC(970)   Evacuate Collection Set: 0.1ms
[2024-08-23T15:54:37.790+0800] GC(970)   Post Evacuate Collection Set: 0.4ms
[2024-08-23T15:54:37.790+0800] GC(970)   Other: 0.1ms
[2024-08-23T15:54:37.790+0800] GC(970) Eden regions: 1->0(307)
[2024-08-23T15:54:37.790+0800] GC(970) Survivor regions: 0->0(39)
[2024-08-23T15:54:37.790+0800] GC(970) Old regions: 1->1
[2024-08-23T15:54:37.790+0800] GC(970) Archive regions: 0->0
[2024-08-23T15:54:37.790+0800] GC(970) Humongous regions: 226->25
[2024-08-23T15:54:37.790+0800] GC(970) Metaspace: 302K(512K)->302K(512K) NonClass: 296K(384K)->296K(384K) Class: 6K(128K)->6K(128K)
[2024-08-23T15:54:37.790+0800] GC(970) Pause Young (Concurrent Start) (G1 Humongous Allocation) 227M->25M(512M) 0.962ms
[2024-08-23T15:54:37.790+0800] GC(970) User=0.00s Sys=0.00s Real=0.00s
[2024-08-23T15:54:37.791+0800] GC(971) Concurrent Undo Cycle
[2024-08-23T15:54:37.791+0800] GC(971) Concurrent Cleanup for Next Mark
[2024-08-23T15:54:37.791+0800] GC(971) Concurrent Cleanup for Next Mark 0.253ms
[2024-08-23T15:54:37.791+0800] GC(971) Concurrent Undo Cycle 0.326ms
[2024-08-23T15:54:38.651+0800] GC(972) Pause Young (Concurrent Start) (G1 Humongous Allocation)
[2024-08-23T15:54:38.651+0800] GC(972) Using 6 workers of 6 for evacuation
[2024-08-23T15:54:38.652+0800] GC(972)   Pre Evacuate Collection Set: 0.1ms
[2024-08-23T15:54:38.652+0800] GC(972)   Merge Heap Roots: 0.0ms
[2024-08-23T15:54:38.652+0800] GC(972)   Evacuate Collection Set: 0.1ms
[2024-08-23T15:54:38.652+0800] GC(972)   Post Evacuate Collection Set: 0.2ms
[2024-08-23T15:54:38.652+0800] GC(972)   Other: 0.1ms
[2024-08-23T15:54:38.652+0800] GC(972) Eden regions: 1->0(307)
[2024-08-23T15:54:38.652+0800] GC(972) Survivor regions: 0->0(39)
[2024-08-23T15:54:38.652+0800] GC(972) Old regions: 1->1
[2024-08-23T15:54:38.652+0800] GC(972) Archive regions: 0->0
[2024-08-23T15:54:38.652+0800] GC(972) Humongous regions: 230->36
[2024-08-23T15:54:38.652+0800] GC(972) Metaspace: 302K(512K)->302K(512K) NonClass: 296K(384K)->296K(384K) Class: 6K(128K)->6K(128K)
[2024-08-23T15:54:38.652+0800] GC(972) Pause Young (Concurrent Start) (G1 Humongous Allocation) 231M->36M(512M) 0.687ms
[2024-08-23T15:54:38.652+0800] GC(972) User=0.00s Sys=0.00s Real=0.00s
[2024-08-23T15:54:38.652+0800] GC(973) Concurrent Undo Cycle
[2024-08-23T15:54:38.652+0800] GC(973) Concurrent Cleanup for Next Mark
[2024-08-23T15:54:38.652+0800] GC(973) Concurrent Cleanup for Next Mark 0.326ms
[2024-08-23T15:54:38.652+0800] GC(973) Concurrent Undo Cycle 0.406ms
[2024-08-23T15:54:39.956+0800] GC(974) Pause Young (Concurrent Start) (G1 Humongous Allocation)
[2024-08-23T15:54:39.956+0800] GC(974) Using 6 workers of 6 for evacuation
[2024-08-23T15:54:39.956+0800] GC(974)   Pre Evacuate Collection Set: 0.1ms
[2024-08-23T15:54:39.956+0800] GC(974)   Merge Heap Roots: 0.1ms
[2024-08-23T15:54:39.956+0800] GC(974)   Evacuate Collection Set: 0.1ms
[2024-08-23T15:54:39.956+0800] GC(974)   Post Evacuate Collection Set: 0.3ms
[2024-08-23T15:54:39.956+0800] GC(974)   Other: 0.1ms
[2024-08-23T15:54:39.956+0800] GC(974) Eden regions: 1->0(307)
[2024-08-23T15:54:39.956+0800] GC(974) Survivor regions: 0->0(39)
[2024-08-23T15:54:39.956+0800] GC(974) Old regions: 1->1
[2024-08-23T15:54:39.956+0800] GC(974) Archive regions: 0->0
[2024-08-23T15:54:39.956+0800] GC(974) Humongous regions: 230->23
[2024-08-23T15:54:39.956+0800] GC(974) Metaspace: 302K(512K)->302K(512K) NonClass: 296K(384K)->296K(384K) Class: 6K(128K)->6K(128K)
[2024-08-23T15:54:39.956+0800] GC(974) Pause Young (Concurrent Start) (G1 Humongous Allocation) 231M->23M(512M) 0.702ms
[2024-08-23T15:54:39.956+0800] GC(974) User=0.00s Sys=0.00s Real=0.00s
[2024-08-23T15:54:39.956+0800] GC(975) Concurrent Undo Cycle
[2024-08-23T15:54:39.956+0800] GC(975) Concurrent Cleanup for Next Mark
[2024-08-23T15:54:39.957+0800] GC(975) Concurrent Cleanup for Next Mark 0.269ms
[2024-08-23T15:54:39.957+0800] GC(975) Concurrent Undo Cycle 0.332ms
[2024-08-23T15:54:41.040+0800] GC(976) Pause Young (Concurrent Start) (G1 Humongous Allocation)
[2024-08-23T15:54:41.040+0800] GC(976) Using 6 workers of 6 for evacuation
[2024-08-23T15:54:41.040+0800] GC(976)   Pre Evacuate Collection Set: 0.0ms
[2024-08-23T15:54:41.040+0800] GC(976)   Merge Heap Roots: 0.1ms
[2024-08-23T15:54:41.040+0800] GC(976)   Evacuate Collection Set: 0.1ms
[2024-08-23T15:54:41.040+0800] GC(976)   Post Evacuate Collection Set: 0.2ms
[2024-08-23T15:54:41.040+0800] GC(976)   Other: 0.1ms
[2024-08-23T15:54:41.040+0800] GC(976) Eden regions: 1->0(307)
[2024-08-23T15:54:41.040+0800] GC(976) Survivor regions: 0->0(39)
[2024-08-23T15:54:41.040+0800] GC(976) Old regions: 1->1
[2024-08-23T15:54:41.040+0800] GC(976) Archive regions: 0->0
[2024-08-23T15:54:41.040+0800] GC(976) Humongous regions: 153->78
[2024-08-23T15:54:41.040+0800] GC(976) Metaspace: 302K(512K)->302K(512K) NonClass: 296K(384K)->296K(384K) Class: 6K(128K)->6K(128K)
[2024-08-23T15:54:41.040+0800] GC(976) Pause Young (Concurrent Start) (G1 Humongous Allocation) 154M->78M(512M) 0.628ms
[2024-08-23T15:54:41.040+0800] GC(976) User=0.00s Sys=0.00s Real=0.00s
[2024-08-23T15:54:41.040+0800] GC(977) Concurrent Undo Cycle
[2024-08-23T15:54:41.040+0800] GC(977) Concurrent Cleanup for Next Mark
[2024-08-23T15:54:41.041+0800] GC(977) Concurrent Cleanup for Next Mark 0.319ms
[2024-08-23T15:54:41.041+0800] GC(977) Concurrent Undo Cycle 0.418ms
[2024-08-23T15:54:42.116+0800] GC(978) Pause Young (Concurrent Start) (G1 Humongous Allocation)
[2024-08-23T15:54:42.116+0800] GC(978) Using 6 workers of 6 for evacuation
[2024-08-23T15:54:42.116+0800] GC(978)   Pre Evacuate Collection Set: 0.0ms
[2024-08-23T15:54:42.116+0800] GC(978)   Merge Heap Roots: 0.0ms
[2024-08-23T15:54:42.116+0800] GC(978)   Evacuate Collection Set: 0.1ms
[2024-08-23T15:54:42.116+0800] GC(978)   Post Evacuate Collection Set: 0.2ms
[2024-08-23T15:54:42.116+0800] GC(978)   Other: 0.1ms
[2024-08-23T15:54:42.116+0800] GC(978) Eden regions: 1->0(307)
[2024-08-23T15:54:42.116+0800] GC(978) Survivor regions: 0->0(39)
[2024-08-23T15:54:42.116+0800] GC(978) Old regions: 1->1
[2024-08-23T15:54:42.116+0800] GC(978) Archive regions: 0->0
[2024-08-23T15:54:42.116+0800] GC(978) Humongous regions: 230->95
[2024-08-23T15:54:42.116+0800] GC(978) Metaspace: 302K(512K)->302K(512K) NonClass: 296K(384K)->296K(384K) Class: 6K(128K)->6K(128K)
[2024-08-23T15:54:42.116+0800] GC(978) Pause Young (Concurrent Start) (G1 Humongous Allocation) 231M->95M(512M) 0.558ms
[2024-08-23T15:54:42.116+0800] GC(978) User=0.00s Sys=0.00s Real=0.00s
[2024-08-23T15:54:42.116+0800] GC(979) Concurrent Undo Cycle
[2024-08-23T15:54:42.116+0800] GC(979) Concurrent Cleanup for Next Mark
[2024-08-23T15:54:42.117+0800] GC(979) Concurrent Cleanup for Next Mark 0.436ms
[2024-08-23T15:54:42.117+0800] GC(979) Concurrent Undo Cycle 0.567ms
[2024-08-23T15:54:42.442+0800] GC(980) Pause Young (Concurrent Start) (G1 Humongous Allocation)
[2024-08-23T15:54:42.442+0800] GC(980) Using 6 workers of 6 for evacuation
[2024-08-23T15:54:42.442+0800] GC(980)   Pre Evacuate Collection Set: 0.1ms
[2024-08-23T15:54:42.442+0800] GC(980)   Merge Heap Roots: 0.1ms
[2024-08-23T15:54:42.442+0800] GC(980)   Evacuate Collection Set: 0.1ms
[2024-08-23T15:54:42.442+0800] GC(980)   Post Evacuate Collection Set: 0.4ms
[2024-08-23T15:54:42.442+0800] GC(980)   Other: 0.1ms
[2024-08-23T15:54:42.442+0800] GC(980) Eden regions: 1->0(307)
[2024-08-23T15:54:42.442+0800] GC(980) Survivor regions: 0->0(39)
[2024-08-23T15:54:42.442+0800] GC(980) Old regions: 1->1
[2024-08-23T15:54:42.442+0800] GC(980) Archive regions: 0->0
[2024-08-23T15:54:42.442+0800] GC(980) Humongous regions: 178->135
[2024-08-23T15:54:42.442+0800] GC(980) Metaspace: 302K(512K)->302K(512K) NonClass: 296K(384K)->296K(384K) Class: 6K(128K)->6K(128K)
[2024-08-23T15:54:42.443+0800] GC(980) Pause Young (Concurrent Start) (G1 Humongous Allocation) 179M->135M(512M) 0.879ms
[2024-08-23T15:54:42.443+0800] GC(980) User=0.00s Sys=0.00s Real=0.00s
[2024-08-23T15:54:42.443+0800] GC(981) Concurrent Undo Cycle
[2024-08-23T15:54:42.443+0800] GC(981) Concurrent Cleanup for Next Mark
[2024-08-23T15:54:42.443+0800] GC(981) Concurrent Cleanup for Next Mark 0.269ms
[2024-08-23T15:54:42.443+0800] GC(981) Concurrent Undo Cycle 0.341ms
[2024-08-23T15:54:43.088+0800] GC(982) Pause Young (Concurrent Start) (G1 Humongous Allocation)
[2024-08-23T15:54:43.088+0800] GC(982) Using 6 workers of 6 for evacuation
[2024-08-23T15:54:43.088+0800] GC(982)   Pre Evacuate Collection Set: 0.1ms
[2024-08-23T15:54:43.088+0800] GC(982)   Merge Heap Roots: 0.1ms
[2024-08-23T15:54:43.088+0800] GC(982)   Evacuate Collection Set: 0.1ms
[2024-08-23T15:54:43.088+0800] GC(982)   Post Evacuate Collection Set: 0.3ms
[2024-08-23T15:54:43.088+0800] GC(982)   Other: 0.1ms
[2024-08-23T15:54:43.088+0800] GC(982) Eden regions: 1->0(307)
[2024-08-23T15:54:43.088+0800] GC(982) Survivor regions: 0->0(39)
[2024-08-23T15:54:43.088+0800] GC(982) Old regions: 1->1
[2024-08-23T15:54:43.088+0800] GC(982) Archive regions: 0->0
[2024-08-23T15:54:43.088+0800] GC(982) Humongous regions: 236->101
[2024-08-23T15:54:43.088+0800] GC(982) Metaspace: 302K(512K)->302K(512K) NonClass: 296K(384K)->296K(384K) Class: 6K(128K)->6K(128K)
[2024-08-23T15:54:43.088+0800] GC(982) Pause Young (Concurrent Start) (G1 Humongous Allocation) 237M->101M(512M) 0.708ms
[2024-08-23T15:54:43.088+0800] GC(982) User=0.00s Sys=0.00s Real=0.00s
[2024-08-23T15:54:43.088+0800] GC(983) Concurrent Undo Cycle
[2024-08-23T15:54:43.089+0800] GC(983) Concurrent Cleanup for Next Mark
[2024-08-23T15:54:43.089+0800] GC(983) Concurrent Cleanup for Next Mark 0.229ms
[2024-08-23T15:54:43.089+0800] GC(983) Concurrent Undo Cycle 0.286ms
[2024-08-23T15:54:43.843+0800] GC(984) Pause Young (Concurrent Start) (G1 Humongous Allocation)
[2024-08-23T15:54:43.843+0800] GC(984) Using 6 workers of 6 for evacuation
[2024-08-23T15:54:43.843+0800] GC(984)   Pre Evacuate Collection Set: 0.1ms
[2024-08-23T15:54:43.844+0800] GC(984)   Merge Heap Roots: 0.1ms
[2024-08-23T15:54:43.844+0800] GC(984)   Evacuate Collection Set: 0.1ms
[2024-08-23T15:54:43.844+0800] GC(984)   Post Evacuate Collection Set: 0.4ms
[2024-08-23T15:54:43.844+0800] GC(984)   Other: 0.1ms
[2024-08-23T15:54:43.844+0800] GC(984) Eden regions: 1->0(307)
[2024-08-23T15:54:43.844+0800] GC(984) Survivor regions: 0->0(39)
[2024-08-23T15:54:43.844+0800] GC(984) Old regions: 1->1
[2024-08-23T15:54:43.844+0800] GC(984) Archive regions: 0->0
[2024-08-23T15:54:43.844+0800] GC(984) Humongous regions: 213->57
[2024-08-23T15:54:43.844+0800] GC(984) Metaspace: 302K(512K)->302K(512K) NonClass: 296K(384K)->296K(384K) Class: 6K(128K)->6K(128K)
[2024-08-23T15:54:43.844+0800] GC(984) Pause Young (Concurrent Start) (G1 Humongous Allocation) 214M->57M(512M) 0.877ms
[2024-08-23T15:54:43.844+0800] GC(984) User=0.00s Sys=0.00s Real=0.00s
[2024-08-23T15:54:43.844+0800] GC(985) Concurrent Undo Cycle
[2024-08-23T15:54:43.844+0800] GC(985) Concurrent Cleanup for Next Mark
[2024-08-23T15:54:43.844+0800] GC(985) Concurrent Cleanup for Next Mark 0.232ms
[2024-08-23T15:54:43.844+0800] GC(985) Concurrent Undo Cycle 0.281ms
[2024-08-23T15:54:45.025+0800] GC(986) Pause Young (Concurrent Start) (G1 Humongous Allocation)
[2024-08-23T15:54:45.025+0800] GC(986) Using 6 workers of 6 for evacuation
[2024-08-23T15:54:45.025+0800] GC(986)   Pre Evacuate Collection Set: 0.1ms
[2024-08-23T15:54:45.025+0800] GC(986)   Merge Heap Roots: 0.1ms
[2024-08-23T15:54:45.025+0800] GC(986)   Evacuate Collection Set: 0.1ms
[2024-08-23T15:54:45.025+0800] GC(986)   Post Evacuate Collection Set: 0.2ms
[2024-08-23T15:54:45.025+0800] GC(986)   Other: 0.1ms
[2024-08-23T15:54:45.025+0800] GC(986) Eden regions: 1->0(307)
[2024-08-23T15:54:45.025+0800] GC(986) Survivor regions: 0->0(39)
[2024-08-23T15:54:45.025+0800] GC(986) Old regions: 1->1
[2024-08-23T15:54:45.025+0800] GC(986) Archive regions: 0->0
[2024-08-23T15:54:45.025+0800] GC(986) Humongous regions: 220->25
[2024-08-23T15:54:45.025+0800] GC(986) Metaspace: 302K(512K)->302K(512K) NonClass: 296K(384K)->296K(384K) Class: 6K(128K)->6K(128K)
[2024-08-23T15:54:45.025+0800] GC(986) Pause Young (Concurrent Start) (G1 Humongous Allocation) 221M->25M(512M) 0.716ms
[2024-08-23T15:54:45.025+0800] GC(986) User=0.00s Sys=0.00s Real=0.00s
[2024-08-23T15:54:45.025+0800] GC(987) Concurrent Undo Cycle
[2024-08-23T15:54:45.025+0800] GC(987) Concurrent Cleanup for Next Mark
[2024-08-23T15:54:45.026+0800] GC(987) Concurrent Cleanup for Next Mark 0.262ms
[2024-08-23T15:54:45.026+0800] GC(987) Concurrent Undo Cycle 0.338ms
[2024-08-23T15:54:45.996+0800] GC(988) Pause Young (Concurrent Start) (G1 Humongous Allocation)
[2024-08-23T15:54:45.996+0800] GC(988) Using 6 workers of 6 for evacuation
[2024-08-23T15:54:45.996+0800] GC(988)   Pre Evacuate Collection Set: 0.2ms
[2024-08-23T15:54:45.996+0800] GC(988)   Merge Heap Roots: 0.1ms
[2024-08-23T15:54:45.996+0800] GC(988)   Evacuate Collection Set: 0.1ms
[2024-08-23T15:54:45.996+0800] GC(988)   Post Evacuate Collection Set: 0.3ms
[2024-08-23T15:54:45.996+0800] GC(988)   Other: 0.1ms
[2024-08-23T15:54:45.996+0800] GC(988) Eden regions: 1->0(307)
[2024-08-23T15:54:45.996+0800] GC(988) Survivor regions: 0->0(39)
[2024-08-23T15:54:45.996+0800] GC(988) Old regions: 1->1
[2024-08-23T15:54:45.996+0800] GC(988) Archive regions: 0->0
[2024-08-23T15:54:45.996+0800] GC(988) Humongous regions: 226->22
[2024-08-23T15:54:45.996+0800] GC(988) Metaspace: 302K(512K)->302K(512K) NonClass: 296K(384K)->296K(384K) Class: 6K(128K)->6K(128K)
[2024-08-23T15:54:45.996+0800] GC(988) Pause Young (Concurrent Start) (G1 Humongous Allocation) 227M->22M(512M) 0.775ms
[2024-08-23T15:54:45.996+0800] GC(988) User=0.00s Sys=0.00s Real=0.00s
[2024-08-23T15:54:45.996+0800] GC(989) Concurrent Undo Cycle
[2024-08-23T15:54:45.997+0800] GC(989) Concurrent Cleanup for Next Mark
[2024-08-23T15:54:45.997+0800] GC(989) Concurrent Cleanup for Next Mark 0.292ms
[2024-08-23T15:54:45.997+0800] GC(989) Concurrent Undo Cycle 0.355ms
[2024-08-23T15:54:48.053+0800] GC(990) Pause Young (Concurrent Start) (G1 Humongous Allocation)
[2024-08-23T15:54:48.053+0800] GC(990) Using 6 workers of 6 for evacuation
[2024-08-23T15:54:48.053+0800] GC(990)   Pre Evacuate Collection Set: 0.1ms
[2024-08-23T15:54:48.053+0800] GC(990)   Merge Heap Roots: 0.1ms
[2024-08-23T15:54:48.053+0800] GC(990)   Evacuate Collection Set: 0.1ms
[2024-08-23T15:54:48.053+0800] GC(990)   Post Evacuate Collection Set: 0.3ms
[2024-08-23T15:54:48.053+0800] GC(990)   Other: 0.1ms
[2024-08-23T15:54:48.053+0800] GC(990) Eden regions: 1->0(307)
[2024-08-23T15:54:48.053+0800] GC(990) Survivor regions: 0->0(39)
[2024-08-23T15:54:48.053+0800] GC(990) Old regions: 1->1
[2024-08-23T15:54:48.053+0800] GC(990) Archive regions: 0->0
[2024-08-23T15:54:48.053+0800] GC(990) Humongous regions: 177->68
[2024-08-23T15:54:48.053+0800] GC(990) Metaspace: 302K(512K)->302K(512K) NonClass: 296K(384K)->296K(384K) Class: 6K(128K)->6K(128K)
[2024-08-23T15:54:48.053+0800] GC(990) Pause Young (Concurrent Start) (G1 Humongous Allocation) 178M->68M(512M) 0.742ms
[2024-08-23T15:54:48.053+0800] GC(990) User=0.00s Sys=0.00s Real=0.00s
[2024-08-23T15:54:48.053+0800] GC(991) Concurrent Undo Cycle
[2024-08-23T15:54:48.053+0800] GC(991) Concurrent Cleanup for Next Mark
[2024-08-23T15:54:48.053+0800] GC(991) Concurrent Cleanup for Next Mark 0.294ms
[2024-08-23T15:54:48.054+0800] GC(991) Concurrent Undo Cycle 0.379ms
[2024-08-23T15:54:49.140+0800] GC(992) Pause Young (Concurrent Start) (G1 Humongous Allocation)
[2024-08-23T15:54:49.140+0800] GC(992) Using 6 workers of 6 for evacuation
[2024-08-23T15:54:49.141+0800] GC(992)   Pre Evacuate Collection Set: 0.1ms
[2024-08-23T15:54:49.141+0800] GC(992)   Merge Heap Roots: 0.1ms
[2024-08-23T15:54:49.141+0800] GC(992)   Evacuate Collection Set: 0.2ms
[2024-08-23T15:54:49.141+0800] GC(992)   Post Evacuate Collection Set: 0.3ms
[2024-08-23T15:54:49.141+0800] GC(992)   Other: 0.1ms
[2024-08-23T15:54:49.141+0800] GC(992) Eden regions: 1->0(307)
[2024-08-23T15:54:49.141+0800] GC(992) Survivor regions: 0->0(39)
[2024-08-23T15:54:49.141+0800] GC(992) Old regions: 1->1
[2024-08-23T15:54:49.141+0800] GC(992) Archive regions: 0->0
[2024-08-23T15:54:49.141+0800] GC(992) Humongous regions: 220->34
[2024-08-23T15:54:49.141+0800] GC(992) Metaspace: 302K(512K)->302K(512K) NonClass: 296K(384K)->296K(384K) Class: 6K(128K)->6K(128K)
[2024-08-23T15:54:49.141+0800] GC(992) Pause Young (Concurrent Start) (G1 Humongous Allocation) 221M->34M(512M) 0.930ms
[2024-08-23T15:54:49.141+0800] GC(992) User=0.00s Sys=0.00s Real=0.00s
[2024-08-23T15:54:49.141+0800] GC(993) Concurrent Undo Cycle
[2024-08-23T15:54:49.141+0800] GC(993) Concurrent Cleanup for Next Mark
[2024-08-23T15:54:49.141+0800] GC(993) Concurrent Cleanup for Next Mark 0.232ms
[2024-08-23T15:54:49.141+0800] GC(993) Concurrent Undo Cycle 0.294ms
[2024-08-23T15:54:49.894+0800] GC(994) Pause Young (Concurrent Start) (G1 Humongous Allocation)
[2024-08-23T15:54:49.894+0800] GC(994) Using 6 workers of 6 for evacuation
[2024-08-23T15:54:49.894+0800] GC(994)   Pre Evacuate Collection Set: 0.0ms
[2024-08-23T15:54:49.894+0800] GC(994)   Merge Heap Roots: 0.1ms
[2024-08-23T15:54:49.894+0800] GC(994)   Evacuate Collection Set: 0.1ms
[2024-08-23T15:54:49.894+0800] GC(994)   Post Evacuate Collection Set: 0.2ms
[2024-08-23T15:54:49.894+0800] GC(994)   Other: 0.1ms
[2024-08-23T15:54:49.894+0800] GC(994) Eden regions: 1->0(307)
[2024-08-23T15:54:49.894+0800] GC(994) Survivor regions: 0->0(39)
[2024-08-23T15:54:49.894+0800] GC(994) Old regions: 1->1
[2024-08-23T15:54:49.894+0800] GC(994) Archive regions: 0->0
[2024-08-23T15:54:49.894+0800] GC(994) Humongous regions: 228->50
[2024-08-23T15:54:49.894+0800] GC(994) Metaspace: 302K(512K)->302K(512K) NonClass: 296K(384K)->296K(384K) Class: 6K(128K)->6K(128K)
[2024-08-23T15:54:49.894+0800] GC(994) Pause Young (Concurrent Start) (G1 Humongous Allocation) 229M->50M(512M) 0.636ms
[2024-08-23T15:54:49.894+0800] GC(994) User=0.00s Sys=0.00s Real=0.00s
[2024-08-23T15:54:49.894+0800] GC(995) Concurrent Undo Cycle
[2024-08-23T15:54:49.894+0800] GC(995) Concurrent Cleanup for Next Mark
[2024-08-23T15:54:49.894+0800] GC(995) Concurrent Cleanup for Next Mark 0.234ms
[2024-08-23T15:54:49.894+0800] GC(995) Concurrent Undo Cycle 0.305ms
[2024-08-23T15:54:50.869+0800] GC(996) Pause Young (Concurrent Start) (G1 Humongous Allocation)
[2024-08-23T15:54:50.869+0800] GC(996) Using 6 workers of 6 for evacuation
[2024-08-23T15:54:50.869+0800] GC(996)   Pre Evacuate Collection Set: 0.0ms
[2024-08-23T15:54:50.869+0800] GC(996)   Merge Heap Roots: 0.1ms
[2024-08-23T15:54:50.869+0800] GC(996)   Evacuate Collection Set: 0.2ms
[2024-08-23T15:54:50.869+0800] GC(996)   Post Evacuate Collection Set: 0.4ms
[2024-08-23T15:54:50.869+0800] GC(996)   Other: 0.1ms
[2024-08-23T15:54:50.869+0800] GC(996) Eden regions: 1->0(307)
[2024-08-23T15:54:50.869+0800] GC(996) Survivor regions: 0->0(39)
[2024-08-23T15:54:50.869+0800] GC(996) Old regions: 1->1
[2024-08-23T15:54:50.869+0800] GC(996) Archive regions: 0->0
[2024-08-23T15:54:50.869+0800] GC(996) Humongous regions: 134->51
[2024-08-23T15:54:50.869+0800] GC(996) Metaspace: 302K(512K)->302K(512K) NonClass: 296K(384K)->296K(384K) Class: 6K(128K)->6K(128K)
[2024-08-23T15:54:50.869+0800] GC(996) Pause Young (Concurrent Start) (G1 Humongous Allocation) 135M->51M(512M) 0.936ms
[2024-08-23T15:54:50.869+0800] GC(996) User=0.00s Sys=0.00s Real=0.00s
[2024-08-23T15:54:50.869+0800] GC(997) Concurrent Undo Cycle
[2024-08-23T15:54:50.869+0800] GC(997) Concurrent Cleanup for Next Mark
[2024-08-23T15:54:50.869+0800] GC(997) Concurrent Cleanup for Next Mark 0.228ms
[2024-08-23T15:54:50.871+0800] GC(997) Concurrent Undo Cycle 0.297ms
[2024-08-23T15:54:52.060+0800] GC(998) Pause Young (Concurrent Start) (G1 Humongous Allocation)
[2024-08-23T15:54:52.060+0800] GC(998) Using 6 workers of 6 for evacuation
[2024-08-23T15:54:52.060+0800] GC(998)   Pre Evacuate Collection Set: 0.0ms
[2024-08-23T15:54:52.060+0800] GC(998)   Merge Heap Roots: 0.0ms
[2024-08-23T15:54:52.060+0800] GC(998)   Evacuate Collection Set: 0.1ms
[2024-08-23T15:54:52.060+0800] GC(998)   Post Evacuate Collection Set: 0.1ms
[2024-08-23T15:54:52.060+0800] GC(998)   Other: 0.1ms
[2024-08-23T15:54:52.060+0800] GC(998) Eden regions: 1->0(307)
[2024-08-23T15:54:52.061+0800] GC(998) Survivor regions: 0->0(39)
[2024-08-23T15:54:52.061+0800] GC(998) Old regions: 1->1
[2024-08-23T15:54:52.061+0800] GC(998) Archive regions: 0->0
[2024-08-23T15:54:52.061+0800] GC(998) Humongous regions: 214->68
[2024-08-23T15:54:52.061+0800] GC(998) Metaspace: 302K(512K)->302K(512K) NonClass: 296K(384K)->296K(384K) Class: 6K(128K)->6K(128K)
[2024-08-23T15:54:52.061+0800] GC(998) Pause Young (Concurrent Start) (G1 Humongous Allocation) 215M->68M(512M) 0.499ms
[2024-08-23T15:54:52.061+0800] GC(998) User=0.00s Sys=0.00s Real=0.00s
[2024-08-23T15:54:52.061+0800] GC(999) Concurrent Undo Cycle
[2024-08-23T15:54:52.061+0800] GC(999) Concurrent Cleanup for Next Mark
[2024-08-23T15:54:52.061+0800] GC(999) Concurrent Cleanup for Next Mark 0.261ms
[2024-08-23T15:54:52.061+0800] GC(999) Concurrent Undo Cycle 0.330ms
[2024-08-23T15:54:52.277+0800] GC(1000) Pause Young (Concurrent Start) (G1 Humongous Allocation)
[2024-08-23T15:54:52.277+0800] GC(1000) Using 6 workers of 6 for evacuation
[2024-08-23T15:54:52.278+0800] GC(1000)   Pre Evacuate Collection Set: 0.1ms
[2024-08-23T15:54:52.278+0800] GC(1000)   Merge Heap Roots: 0.1ms
[2024-08-23T15:54:52.278+0800] GC(1000)   Evacuate Collection Set: 0.1ms
[2024-08-23T15:54:52.278+0800] GC(1000)   Post Evacuate Collection Set: 0.4ms
[2024-08-23T15:54:52.278+0800] GC(1000)   Other: 0.1ms
[2024-08-23T15:54:52.278+0800] GC(1000) Eden regions: 1->0(307)
[2024-08-23T15:54:52.278+0800] GC(1000) Survivor regions: 0->0(39)
[2024-08-23T15:54:52.278+0800] GC(1000) Old regions: 1->1
[2024-08-23T15:54:52.278+0800] GC(1000) Archive regions: 0->0
[2024-08-23T15:54:52.278+0800] GC(1000) Humongous regions: 140->108
[2024-08-23T15:54:52.278+0800] GC(1000) Metaspace: 302K(512K)->302K(512K) NonClass: 296K(384K)->296K(384K) Class: 6K(128K)->6K(128K)
[2024-08-23T15:54:52.278+0800] GC(1000) Pause Young (Concurrent Start) (G1 Humongous Allocation) 141M->108M(512M) 0.933ms
[2024-08-23T15:54:52.278+0800] GC(1000) User=0.00s Sys=0.00s Real=0.00s
[2024-08-23T15:54:52.278+0800] GC(1001) Concurrent Undo Cycle
[2024-08-23T15:54:52.278+0800] GC(1001) Concurrent Cleanup for Next Mark
[2024-08-23T15:54:52.278+0800] GC(1001) Concurrent Cleanup for Next Mark 0.252ms
[2024-08-23T15:54:52.278+0800] GC(1001) Concurrent Undo Cycle 0.318ms
[2024-08-23T15:54:52.819+0800] GC(1002) Pause Young (Concurrent Start) (G1 Humongous Allocation)
[2024-08-23T15:54:52.819+0800] GC(1002) Using 6 workers of 6 for evacuation
[2024-08-23T15:54:52.819+0800] GC(1002)   Pre Evacuate Collection Set: 0.0ms
[2024-08-23T15:54:52.819+0800] GC(1002)   Merge Heap Roots: 0.0ms
[2024-08-23T15:54:52.819+0800] GC(1002)   Evacuate Collection Set: 0.1ms
[2024-08-23T15:54:52.819+0800] GC(1002)   Post Evacuate Collection Set: 0.1ms
[2024-08-23T15:54:52.819+0800] GC(1002)   Other: 0.1ms
[2024-08-23T15:54:52.819+0800] GC(1002) Eden regions: 1->0(294)
[2024-08-23T15:54:52.819+0800] GC(1002) Survivor regions: 0->0(39)
[2024-08-23T15:54:52.819+0800] GC(1002) Old regions: 1->1
[2024-08-23T15:54:52.819+0800] GC(1002) Archive regions: 0->0
[2024-08-23T15:54:52.819+0800] GC(1002) Humongous regions: 225->164
[2024-08-23T15:54:52.819+0800] GC(1002) Metaspace: 302K(512K)->302K(512K) NonClass: 296K(384K)->296K(384K) Class: 6K(128K)->6K(128K)
[2024-08-23T15:54:52.819+0800] GC(1002) Pause Young (Concurrent Start) (G1 Humongous Allocation) 226M->164M(512M) 0.469ms
[2024-08-23T15:54:52.820+0800] GC(1002) User=0.00s Sys=0.00s Real=0.00s
[2024-08-23T15:54:52.820+0800] GC(1003) Concurrent Undo Cycle
[2024-08-23T15:54:52.820+0800] GC(1003) Concurrent Cleanup for Next Mark
[2024-08-23T15:54:52.820+0800] GC(1003) Concurrent Cleanup for Next Mark 0.221ms
[2024-08-23T15:54:52.820+0800] GC(1003) Concurrent Undo Cycle 0.276ms
[2024-08-23T15:54:53.470+0800] GC(1004) Pause Young (Concurrent Start) (G1 Humongous Allocation)
[2024-08-23T15:54:53.470+0800] GC(1004) Using 6 workers of 6 for evacuation
[2024-08-23T15:54:53.470+0800] GC(1004)   Pre Evacuate Collection Set: 0.0ms
[2024-08-23T15:54:53.470+0800] GC(1004)   Merge Heap Roots: 0.0ms
[2024-08-23T15:54:53.470+0800] GC(1004)   Evacuate Collection Set: 0.1ms
[2024-08-23T15:54:53.470+0800] GC(1004)   Post Evacuate Collection Set: 0.1ms
[2024-08-23T15:54:53.470+0800] GC(1004)   Other: 0.1ms
[2024-08-23T15:54:53.470+0800] GC(1004) Eden regions: 1->0(283)
[2024-08-23T15:54:53.470+0800] GC(1004) Survivor regions: 0->0(37)
[2024-08-23T15:54:53.470+0800] GC(1004) Old regions: 1->1
[2024-08-23T15:54:53.470+0800] GC(1004) Archive regions: 0->0
[2024-08-23T15:54:53.470+0800] GC(1004) Humongous regions: 210->175
[2024-08-23T15:54:53.470+0800] GC(1004) Metaspace: 302K(512K)->302K(512K) NonClass: 296K(384K)->296K(384K) Class: 6K(128K)->6K(128K)
[2024-08-23T15:54:53.470+0800] GC(1004) Pause Young (Concurrent Start) (G1 Humongous Allocation) 211M->175M(512M) 0.549ms
[2024-08-23T15:54:53.470+0800] GC(1004) User=0.00s Sys=0.00s Real=0.00s
[2024-08-23T15:54:53.470+0800] GC(1005) Concurrent Undo Cycle
[2024-08-23T15:54:53.470+0800] GC(1005) Concurrent Cleanup for Next Mark
[2024-08-23T15:54:53.471+0800] GC(1005) Concurrent Cleanup for Next Mark 0.420ms
[2024-08-23T15:54:53.471+0800] GC(1005) Concurrent Undo Cycle 0.524ms
[2024-08-23T15:54:53.577+0800] GC(1006) Pause Young (Concurrent Start) (G1 Humongous Allocation)
[2024-08-23T15:54:53.577+0800] GC(1006) Using 6 workers of 6 for evacuation
[2024-08-23T15:54:53.577+0800] GC(1006)   Pre Evacuate Collection Set: 0.0ms
[2024-08-23T15:54:53.577+0800] GC(1006)   Merge Heap Roots: 0.0ms
[2024-08-23T15:54:53.577+0800] GC(1006)   Evacuate Collection Set: 0.1ms
[2024-08-23T15:54:53.577+0800] GC(1006)   Post Evacuate Collection Set: 0.1ms
[2024-08-23T15:54:53.577+0800] GC(1006)   Other: 0.1ms
[2024-08-23T15:54:53.577+0800] GC(1006) Eden regions: 1->0(273)
[2024-08-23T15:54:53.577+0800] GC(1006) Survivor regions: 0->0(36)
[2024-08-23T15:54:53.577+0800] GC(1006) Old regions: 1->1
[2024-08-23T15:54:53.577+0800] GC(1006) Archive regions: 0->0
[2024-08-23T15:54:53.577+0800] GC(1006) Humongous regions: 196->185
[2024-08-23T15:54:53.577+0800] GC(1006) Metaspace: 302K(512K)->302K(512K) NonClass: 296K(384K)->296K(384K) Class: 6K(128K)->6K(128K)
[2024-08-23T15:54:53.577+0800] GC(1006) Pause Young (Concurrent Start) (G1 Humongous Allocation) 197M->185M(512M) 0.478ms
[2024-08-23T15:54:53.577+0800] GC(1006) User=0.00s Sys=0.00s Real=0.00s
[2024-08-23T15:54:53.577+0800] GC(1007) Concurrent Undo Cycle
[2024-08-23T15:54:53.578+0800] GC(1007) Concurrent Cleanup for Next Mark
[2024-08-23T15:54:53.578+0800] GC(1007) Concurrent Cleanup for Next Mark 0.225ms
[2024-08-23T15:54:53.578+0800] GC(1007) Concurrent Undo Cycle 0.290ms
[2024-08-23T15:54:53.686+0800] GC(1008) Pause Young (Concurrent Start) (G1 Humongous Allocation)
[2024-08-23T15:54:53.686+0800] GC(1008) Using 6 workers of 6 for evacuation
[2024-08-23T15:54:53.687+0800] GC(1008)   Pre Evacuate Collection Set: 0.0ms
[2024-08-23T15:54:53.687+0800] GC(1008)   Merge Heap Roots: 0.0ms
[2024-08-23T15:54:53.687+0800] GC(1008)   Evacuate Collection Set: 0.1ms
[2024-08-23T15:54:53.687+0800] GC(1008)   Post Evacuate Collection Set: 0.3ms
[2024-08-23T15:54:53.687+0800] GC(1008)   Other: 0.1ms
[2024-08-23T15:54:53.687+0800] GC(1008) Eden regions: 1->0(243)
[2024-08-23T15:54:53.687+0800] GC(1008) Survivor regions: 0->0(35)
[2024-08-23T15:54:53.687+0800] GC(1008) Old regions: 1->1
[2024-08-23T15:54:53.687+0800] GC(1008) Archive regions: 0->0
[2024-08-23T15:54:53.687+0800] GC(1008) Humongous regions: 236->215
[2024-08-23T15:54:53.687+0800] GC(1008) Metaspace: 302K(512K)->302K(512K) NonClass: 296K(384K)->296K(384K) Class: 6K(128K)->6K(128K)
[2024-08-23T15:54:53.687+0800] GC(1008) Pause Young (Concurrent Start) (G1 Humongous Allocation) 237M->215M(512M) 0.707ms
[2024-08-23T15:54:53.687+0800] GC(1008) User=0.00s Sys=0.00s Real=0.00s
[2024-08-23T15:54:53.687+0800] GC(1009) Concurrent Undo Cycle
[2024-08-23T15:54:53.687+0800] GC(1009) Concurrent Cleanup for Next Mark
[2024-08-23T15:54:53.688+0800] GC(1009) Concurrent Cleanup for Next Mark 0.329ms
[2024-08-23T15:54:53.688+0800] GC(1009) Concurrent Undo Cycle 0.410ms
[2024-08-23T15:54:53.795+0800] GC(1010) Pause Young (Concurrent Start) (G1 Humongous Allocation)
[2024-08-23T15:54:53.795+0800] GC(1010) Using 6 workers of 6 for evacuation
[2024-08-23T15:54:53.796+0800] GC(1010)   Pre Evacuate Collection Set: 0.1ms
[2024-08-23T15:54:53.796+0800] GC(1010)   Merge Heap Roots: 0.1ms
[2024-08-23T15:54:53.796+0800] GC(1010)   Evacuate Collection Set: 0.1ms
[2024-08-23T15:54:53.796+0800] GC(1010)   Post Evacuate Collection Set: 0.4ms
[2024-08-23T15:54:53.796+0800] GC(1010)   Other: 0.1ms
[2024-08-23T15:54:53.796+0800] GC(1010) Eden regions: 1->0(193)
[2024-08-23T15:54:53.796+0800] GC(1010) Survivor regions: 0->0(31)
[2024-08-23T15:54:53.796+0800] GC(1010) Old regions: 1->1
[2024-08-23T15:54:53.796+0800] GC(1010) Archive regions: 0->0
[2024-08-23T15:54:53.796+0800] GC(1010) Humongous regions: 316->265
[2024-08-23T15:54:53.796+0800] GC(1010) Metaspace: 302K(512K)->302K(512K) NonClass: 296K(384K)->296K(384K) Class: 6K(128K)->6K(128K)
[2024-08-23T15:54:53.796+0800] GC(1010) Pause Young (Concurrent Start) (G1 Humongous Allocation) 317M->265M(512M) 0.890ms
[2024-08-23T15:54:53.796+0800] GC(1010) User=0.00s Sys=0.00s Real=0.00s
[2024-08-23T15:54:53.796+0800] GC(1011) Concurrent Mark Cycle
[2024-08-23T15:54:53.796+0800] GC(1011) Concurrent Clear Claimed Marks
[2024-08-23T15:54:53.796+0800] GC(1011) Concurrent Clear Claimed Marks 0.010ms
[2024-08-23T15:54:53.796+0800] GC(1011) Concurrent Scan Root Regions
[2024-08-23T15:54:53.796+0800] GC(1011) Concurrent Scan Root Regions 0.008ms
[2024-08-23T15:54:53.796+0800] GC(1011) Concurrent Mark
[2024-08-23T15:54:53.796+0800] GC(1011) Concurrent Mark From Roots
[2024-08-23T15:54:53.796+0800] GC(1011) Using 2 workers of 2 for marking
[2024-08-23T15:54:53.797+0800] GC(1011) Concurrent Mark From Roots 0.855ms
[2024-08-23T15:54:53.797+0800] GC(1011) Concurrent Preclean
[2024-08-23T15:54:53.797+0800] GC(1011) Concurrent Preclean 0.033ms
[2024-08-23T15:54:53.797+0800] GC(1011) Pause Remark
[2024-08-23T15:54:53.797+0800] GC(1011) Pause Remark 268M->268M(512M) 0.346ms
[2024-08-23T15:54:53.797+0800] GC(1011) User=0.00s Sys=0.00s Real=0.00s
[2024-08-23T15:54:53.797+0800] GC(1011) Concurrent Mark 1.377ms
[2024-08-23T15:54:53.797+0800] GC(1011) Concurrent Rebuild Remembered Sets
[2024-08-23T15:54:53.798+0800] GC(1011) Concurrent Rebuild Remembered Sets 0.412ms
[2024-08-23T15:54:53.798+0800] GC(1011) Pause Cleanup
[2024-08-23T15:54:53.798+0800] GC(1011) Pause Cleanup 268M->268M(512M) 0.086ms
[2024-08-23T15:54:53.798+0800] GC(1011) User=0.00s Sys=0.00s Real=0.00s
[2024-08-23T15:54:53.798+0800] GC(1011) Concurrent Cleanup for Next Mark
[2024-08-23T15:54:53.798+0800] GC(1011) Concurrent Cleanup for Next Mark 0.208ms
[2024-08-23T15:54:53.798+0800] GC(1011) Concurrent Mark Cycle 2.268ms
[2024-08-23T15:54:54.447+0800] GC(1012) Pause Young (Concurrent Start) (G1 Humongous Allocation)
[2024-08-23T15:54:54.447+0800] GC(1012) Using 6 workers of 6 for evacuation
[2024-08-23T15:54:54.447+0800] GC(1012)   Pre Evacuate Collection Set: 0.0ms
[2024-08-23T15:54:54.447+0800] GC(1012)   Merge Heap Roots: 0.0ms
[2024-08-23T15:54:54.447+0800] GC(1012)   Evacuate Collection Set: 0.1ms
[2024-08-23T15:54:54.447+0800] GC(1012)   Post Evacuate Collection Set: 0.2ms
[2024-08-23T15:54:54.447+0800] GC(1012)   Other: 0.1ms
[2024-08-23T15:54:54.447+0800] GC(1012) Eden regions: 1->0(307)
[2024-08-23T15:54:54.447+0800] GC(1012) Survivor regions: 0->0(25)
[2024-08-23T15:54:54.447+0800] GC(1012) Old regions: 1->1
[2024-08-23T15:54:54.447+0800] GC(1012) Archive regions: 0->0
[2024-08-23T15:54:54.447+0800] GC(1012) Humongous regions: 267->2
[2024-08-23T15:54:54.447+0800] GC(1012) Metaspace: 302K(512K)->302K(512K) NonClass: 296K(384K)->296K(384K) Class: 6K(128K)->6K(128K)
[2024-08-23T15:54:54.448+0800] GC(1012) Pause Young (Concurrent Start) (G1 Humongous Allocation) 268M->2M(512M) 0.518ms
[2024-08-23T15:54:54.448+0800] GC(1012) User=0.00s Sys=0.00s Real=0.00s
[2024-08-23T15:54:54.448+0800] GC(1013) Concurrent Undo Cycle
[2024-08-23T15:54:54.448+0800] GC(1013) Concurrent Cleanup for Next Mark
[2024-08-23T15:54:54.448+0800] GC(1013) Concurrent Cleanup for Next Mark 0.220ms
[2024-08-23T15:54:54.448+0800] GC(1013) Concurrent Undo Cycle 0.283ms
[2024-08-23T15:54:55.640+0800] GC(1014) Pause Young (Concurrent Start) (G1 Humongous Allocation)
[2024-08-23T15:54:55.640+0800] GC(1014) Using 6 workers of 6 for evacuation
[2024-08-23T15:54:55.640+0800] GC(1014)   Pre Evacuate Collection Set: 0.0ms
[2024-08-23T15:54:55.640+0800] GC(1014)   Merge Heap Roots: 0.0ms
[2024-08-23T15:54:55.640+0800] GC(1014)   Evacuate Collection Set: 0.1ms
[2024-08-23T15:54:55.640+0800] GC(1014)   Post Evacuate Collection Set: 0.2ms
[2024-08-23T15:54:55.640+0800] GC(1014)   Other: 0.1ms
[2024-08-23T15:54:55.640+0800] GC(1014) Eden regions: 1->0(307)
[2024-08-23T15:54:55.640+0800] GC(1014) Survivor regions: 0->0(39)
[2024-08-23T15:54:55.640+0800] GC(1014) Old regions: 1->1
[2024-08-23T15:54:55.640+0800] GC(1014) Archive regions: 0->0
[2024-08-23T15:54:55.640+0800] GC(1014) Humongous regions: 225->14
[2024-08-23T15:54:55.640+0800] GC(1014) Metaspace: 302K(512K)->302K(512K) NonClass: 296K(384K)->296K(384K) Class: 6K(128K)->6K(128K)
[2024-08-23T15:54:55.640+0800] GC(1014) Pause Young (Concurrent Start) (G1 Humongous Allocation) 226M->14M(512M) 0.526ms
[2024-08-23T15:54:55.640+0800] GC(1014) User=0.00s Sys=0.00s Real=0.00s
[2024-08-23T15:54:55.640+0800] GC(1015) Concurrent Undo Cycle
[2024-08-23T15:54:55.640+0800] GC(1015) Concurrent Cleanup for Next Mark
[2024-08-23T15:54:55.640+0800] GC(1015) Concurrent Cleanup for Next Mark 0.245ms
[2024-08-23T15:54:55.640+0800] GC(1015) Concurrent Undo Cycle 0.308ms
[2024-08-23T15:54:56.508+0800] GC(1016) Pause Young (Concurrent Start) (G1 Humongous Allocation)
[2024-08-23T15:54:56.508+0800] GC(1016) Using 6 workers of 6 for evacuation
[2024-08-23T15:54:56.509+0800] GC(1016)   Pre Evacuate Collection Set: 0.1ms
[2024-08-23T15:54:56.509+0800] GC(1016)   Merge Heap Roots: 0.1ms
[2024-08-23T15:54:56.509+0800] GC(1016)   Evacuate Collection Set: 0.1ms
[2024-08-23T15:54:56.509+0800] GC(1016)   Post Evacuate Collection Set: 0.3ms
[2024-08-23T15:54:56.509+0800] GC(1016)   Other: 0.1ms
[2024-08-23T15:54:56.509+0800] GC(1016) Eden regions: 1->0(307)
[2024-08-23T15:54:56.509+0800] GC(1016) Survivor regions: 0->0(39)
[2024-08-23T15:54:56.509+0800] GC(1016) Old regions: 1->1
[2024-08-23T15:54:56.509+0800] GC(1016) Archive regions: 0->0
[2024-08-23T15:54:56.509+0800] GC(1016) Humongous regions: 132->70
[2024-08-23T15:54:56.509+0800] GC(1016) Metaspace: 302K(512K)->302K(512K) NonClass: 296K(384K)->296K(384K) Class: 6K(128K)->6K(128K)
[2024-08-23T15:54:56.509+0800] GC(1016) Pause Young (Concurrent Start) (G1 Humongous Allocation) 133M->70M(512M) 0.722ms
[2024-08-23T15:54:56.509+0800] GC(1016) User=0.00s Sys=0.00s Real=0.00s
[2024-08-23T15:54:56.509+0800] GC(1017) Concurrent Undo Cycle
[2024-08-23T15:54:56.509+0800] GC(1017) Concurrent Cleanup for Next Mark
[2024-08-23T15:54:56.509+0800] GC(1017) Concurrent Cleanup for Next Mark 0.237ms
[2024-08-23T15:54:56.509+0800] GC(1017) Concurrent Undo Cycle 0.302ms
[2024-08-23T15:54:57.590+0800] GC(1018) Pause Young (Concurrent Start) (G1 Humongous Allocation)
[2024-08-23T15:54:57.590+0800] GC(1018) Using 6 workers of 6 for evacuation
[2024-08-23T15:54:57.590+0800] GC(1018)   Pre Evacuate Collection Set: 0.1ms
[2024-08-23T15:54:57.590+0800] GC(1018)   Merge Heap Roots: 0.0ms
[2024-08-23T15:54:57.590+0800] GC(1018)   Evacuate Collection Set: 0.1ms
[2024-08-23T15:54:57.590+0800] GC(1018)   Post Evacuate Collection Set: 0.2ms
[2024-08-23T15:54:57.591+0800] GC(1018)   Other: 0.1ms
[2024-08-23T15:54:57.591+0800] GC(1018) Eden regions: 1->0(307)
[2024-08-23T15:54:57.591+0800] GC(1018) Survivor regions: 0->0(39)
[2024-08-23T15:54:57.591+0800] GC(1018) Old regions: 1->1
[2024-08-23T15:54:57.591+0800] GC(1018) Archive regions: 0->0
[2024-08-23T15:54:57.591+0800] GC(1018) Humongous regions: 222->36
[2024-08-23T15:54:57.591+0800] GC(1018) Metaspace: 302K(512K)->302K(512K) NonClass: 296K(384K)->296K(384K) Class: 6K(128K)->6K(128K)
[2024-08-23T15:54:57.591+0800] GC(1018) Pause Young (Concurrent Start) (G1 Humongous Allocation) 223M->36M(512M) 0.552ms
[2024-08-23T15:54:57.591+0800] GC(1018) User=0.00s Sys=0.00s Real=0.00s
[2024-08-23T15:54:57.591+0800] GC(1019) Concurrent Undo Cycle
[2024-08-23T15:54:57.591+0800] GC(1019) Concurrent Cleanup for Next Mark
[2024-08-23T15:54:57.591+0800] GC(1019) Concurrent Cleanup for Next Mark 0.248ms
[2024-08-23T15:54:57.591+0800] GC(1019) Concurrent Undo Cycle 0.306ms
[2024-08-23T15:54:59.322+0800] GC(1020) Pause Young (Concurrent Start) (G1 Humongous Allocation)
[2024-08-23T15:54:59.322+0800] GC(1020) Using 6 workers of 6 for evacuation
[2024-08-23T15:54:59.322+0800] GC(1020)   Pre Evacuate Collection Set: 0.1ms
[2024-08-23T15:54:59.322+0800] GC(1020)   Merge Heap Roots: 0.1ms
[2024-08-23T15:54:59.322+0800] GC(1020)   Evacuate Collection Set: 0.1ms
[2024-08-23T15:54:59.322+0800] GC(1020)   Post Evacuate Collection Set: 0.3ms
[2024-08-23T15:54:59.322+0800] GC(1020)   Other: 0.1ms
[2024-08-23T15:54:59.322+0800] GC(1020) Eden regions: 1->0(307)
[2024-08-23T15:54:59.322+0800] GC(1020) Survivor regions: 0->0(39)
[2024-08-23T15:54:59.322+0800] GC(1020) Old regions: 1->1
[2024-08-23T15:54:59.322+0800] GC(1020) Archive regions: 0->0
[2024-08-23T15:54:59.322+0800] GC(1020) Humongous regions: 177->78
[2024-08-23T15:54:59.322+0800] GC(1020) Metaspace: 302K(512K)->302K(512K) NonClass: 296K(384K)->296K(384K) Class: 6K(128K)->6K(128K)
[2024-08-23T15:54:59.322+0800] GC(1020) Pause Young (Concurrent Start) (G1 Humongous Allocation) 178M->78M(512M) 0.793ms
[2024-08-23T15:54:59.322+0800] GC(1020) User=0.00s Sys=0.00s Real=0.00s
[2024-08-23T15:54:59.322+0800] GC(1021) Concurrent Undo Cycle
[2024-08-23T15:54:59.322+0800] GC(1021) Concurrent Cleanup for Next Mark
[2024-08-23T15:54:59.323+0800] GC(1021) Concurrent Cleanup for Next Mark 0.256ms
[2024-08-23T15:54:59.323+0800] GC(1021) Concurrent Undo Cycle 0.331ms
[2024-08-23T15:55:00.404+0800] GC(1022) Pause Young (Concurrent Start) (G1 Humongous Allocation)
[2024-08-23T15:55:00.404+0800] GC(1022) Using 6 workers of 6 for evacuation
[2024-08-23T15:55:00.405+0800] GC(1022)   Pre Evacuate Collection Set: 0.1ms
[2024-08-23T15:55:00.405+0800] GC(1022)   Merge Heap Roots: 0.1ms
[2024-08-23T15:55:00.405+0800] GC(1022)   Evacuate Collection Set: 0.1ms
[2024-08-23T15:55:00.405+0800] GC(1022)   Post Evacuate Collection Set: 0.3ms
[2024-08-23T15:55:00.405+0800] GC(1022)   Other: 0.1ms
[2024-08-23T15:55:00.405+0800] GC(1022) Eden regions: 1->0(307)
[2024-08-23T15:55:00.405+0800] GC(1022) Survivor regions: 0->0(39)
[2024-08-23T15:55:00.405+0800] GC(1022) Old regions: 1->1
[2024-08-23T15:55:00.405+0800] GC(1022) Archive regions: 0->0
[2024-08-23T15:55:00.405+0800] GC(1022) Humongous regions: 230->44
[2024-08-23T15:55:00.405+0800] GC(1022) Metaspace: 302K(512K)->302K(512K) NonClass: 296K(384K)->296K(384K) Class: 6K(128K)->6K(128K)
[2024-08-23T15:55:00.405+0800] GC(1022) Pause Young (Concurrent Start) (G1 Humongous Allocation) 231M->44M(512M) 0.856ms
[2024-08-23T15:55:00.405+0800] GC(1022) User=0.00s Sys=0.00s Real=0.00s
[2024-08-23T15:55:00.405+0800] GC(1023) Concurrent Undo Cycle
[2024-08-23T15:55:00.405+0800] GC(1023) Concurrent Cleanup for Next Mark
[2024-08-23T15:55:00.405+0800] GC(1023) Concurrent Cleanup for Next Mark 0.278ms
[2024-08-23T15:55:00.405+0800] GC(1023) Concurrent Undo Cycle 0.351ms
[2024-08-23T15:55:00.947+0800] GC(1024) Pause Young (Concurrent Start) (G1 Humongous Allocation)
[2024-08-23T15:55:00.947+0800] GC(1024) Using 6 workers of 6 for evacuation
[2024-08-23T15:55:00.947+0800] GC(1024)   Pre Evacuate Collection Set: 0.0ms
[2024-08-23T15:55:00.947+0800] GC(1024)   Merge Heap Roots: 0.0ms
[2024-08-23T15:55:00.947+0800] GC(1024)   Evacuate Collection Set: 0.1ms
[2024-08-23T15:55:00.947+0800] GC(1024)   Post Evacuate Collection Set: 0.2ms
[2024-08-23T15:55:00.947+0800] GC(1024)   Other: 0.1ms
[2024-08-23T15:55:00.947+0800] GC(1024) Eden regions: 1->0(307)
[2024-08-23T15:55:00.947+0800] GC(1024) Survivor regions: 0->0(39)
[2024-08-23T15:55:00.947+0800] GC(1024) Old regions: 1->1
[2024-08-23T15:55:00.947+0800] GC(1024) Archive regions: 0->0
[2024-08-23T15:55:00.947+0800] GC(1024) Humongous regions: 230->86
[2024-08-23T15:55:00.947+0800] GC(1024) Metaspace: 302K(512K)->302K(512K) NonClass: 296K(384K)->296K(384K) Class: 6K(128K)->6K(128K)
[2024-08-23T15:55:00.947+0800] GC(1024) Pause Young (Concurrent Start) (G1 Humongous Allocation) 231M->86M(512M) 0.651ms
[2024-08-23T15:55:00.947+0800] GC(1024) User=0.00s Sys=0.00s Real=0.00s
[2024-08-23T15:55:00.947+0800] GC(1025) Concurrent Undo Cycle
[2024-08-23T15:55:00.947+0800] GC(1025) Concurrent Cleanup for Next Mark
[2024-08-23T15:55:00.947+0800] GC(1025) Concurrent Cleanup for Next Mark 0.186ms
[2024-08-23T15:55:00.947+0800] GC(1025) Concurrent Undo Cycle 0.235ms
[2024-08-23T15:55:02.137+0800] GC(1026) Pause Young (Concurrent Start) (G1 Humongous Allocation)
[2024-08-23T15:55:02.137+0800] GC(1026) Using 6 workers of 6 for evacuation
[2024-08-23T15:55:02.137+0800] GC(1026)   Pre Evacuate Collection Set: 0.1ms
[2024-08-23T15:55:02.137+0800] GC(1026)   Merge Heap Roots: 0.1ms
[2024-08-23T15:55:02.137+0800] GC(1026)   Evacuate Collection Set: 0.1ms
[2024-08-23T15:55:02.137+0800] GC(1026)   Post Evacuate Collection Set: 0.4ms
[2024-08-23T15:55:02.137+0800] GC(1026)   Other: 0.1ms
[2024-08-23T15:55:02.137+0800] GC(1026) Eden regions: 1->0(307)
[2024-08-23T15:55:02.137+0800] GC(1026) Survivor regions: 0->0(39)
[2024-08-23T15:55:02.137+0800] GC(1026) Old regions: 1->1
[2024-08-23T15:55:02.137+0800] GC(1026) Archive regions: 0->0
[2024-08-23T15:55:02.137+0800] GC(1026) Humongous regions: 163->51
[2024-08-23T15:55:02.137+0800] GC(1026) Metaspace: 303K(512K)->303K(512K) NonClass: 296K(384K)->296K(384K) Class: 6K(128K)->6K(128K)
[2024-08-23T15:55:02.137+0800] GC(1026) Pause Young (Concurrent Start) (G1 Humongous Allocation) 164M->51M(512M) 0.832ms
[2024-08-23T15:55:02.137+0800] GC(1026) User=0.00s Sys=0.00s Real=0.00s
[2024-08-23T15:55:02.137+0800] GC(1027) Concurrent Undo Cycle
[2024-08-23T15:55:02.137+0800] GC(1027) Concurrent Cleanup for Next Mark
[2024-08-23T15:55:02.137+0800] GC(1027) Concurrent Cleanup for Next Mark 0.259ms
[2024-08-23T15:55:02.137+0800] GC(1027) Concurrent Undo Cycle 0.343ms
[2024-08-23T15:55:03.326+0800] GC(1028) Pause Young (Concurrent Start) (G1 Humongous Allocation)
[2024-08-23T15:55:03.326+0800] GC(1028) Using 6 workers of 6 for evacuation
[2024-08-23T15:55:03.326+0800] GC(1028)   Pre Evacuate Collection Set: 0.0ms
[2024-08-23T15:55:03.326+0800] GC(1028)   Merge Heap Roots: 0.0ms
[2024-08-23T15:55:03.326+0800] GC(1028)   Evacuate Collection Set: 0.1ms
[2024-08-23T15:55:03.326+0800] GC(1028)   Post Evacuate Collection Set: 0.2ms
[2024-08-23T15:55:03.326+0800] GC(1028)   Other: 0.1ms
[2024-08-23T15:55:03.326+0800] GC(1028) Eden regions: 1->0(307)
[2024-08-23T15:55:03.326+0800] GC(1028) Survivor regions: 0->0(39)
[2024-08-23T15:55:03.326+0800] GC(1028) Old regions: 1->1
[2024-08-23T15:55:03.326+0800] GC(1028) Archive regions: 0->0
[2024-08-23T15:55:03.326+0800] GC(1028) Humongous regions: 214->118
[2024-08-23T15:55:03.326+0800] GC(1028) Metaspace: 303K(512K)->303K(512K) NonClass: 296K(384K)->296K(384K) Class: 6K(128K)->6K(128K)
[2024-08-23T15:55:03.326+0800] GC(1028) Pause Young (Concurrent Start) (G1 Humongous Allocation) 215M->118M(512M) 0.549ms
[2024-08-23T15:55:03.326+0800] GC(1028) User=0.00s Sys=0.00s Real=0.00s
[2024-08-23T15:55:03.326+0800] GC(1029) Concurrent Undo Cycle
[2024-08-23T15:55:03.326+0800] GC(1029) Concurrent Cleanup for Next Mark
[2024-08-23T15:55:03.326+0800] GC(1029) Concurrent Cleanup for Next Mark 0.292ms
[2024-08-23T15:55:03.326+0800] GC(1029) Concurrent Undo Cycle 0.359ms
[2024-08-23T15:55:03.543+0800] GC(1030) Pause Young (Concurrent Start) (G1 Humongous Allocation)
[2024-08-23T15:55:03.543+0800] GC(1030) Using 6 workers of 6 for evacuation
[2024-08-23T15:55:03.544+0800] GC(1030)   Pre Evacuate Collection Set: 0.1ms
[2024-08-23T15:55:03.544+0800] GC(1030)   Merge Heap Roots: 0.1ms
[2024-08-23T15:55:03.544+0800] GC(1030)   Evacuate Collection Set: 0.1ms
[2024-08-23T15:55:03.544+0800] GC(1030)   Post Evacuate Collection Set: 0.3ms
[2024-08-23T15:55:03.544+0800] GC(1030)   Other: 0.1ms
[2024-08-23T15:55:03.544+0800] GC(1030) Eden regions: 1->0(300)
[2024-08-23T15:55:03.544+0800] GC(1030) Survivor regions: 0->0(39)
[2024-08-23T15:55:03.544+0800] GC(1030) Old regions: 1->1
[2024-08-23T15:55:03.544+0800] GC(1030) Archive regions: 0->0
[2024-08-23T15:55:03.544+0800] GC(1030) Humongous regions: 190->158
[2024-08-23T15:55:03.544+0800] GC(1030) Metaspace: 303K(512K)->303K(512K) NonClass: 296K(384K)->296K(384K) Class: 6K(128K)->6K(128K)
[2024-08-23T15:55:03.544+0800] GC(1030) Pause Young (Concurrent Start) (G1 Humongous Allocation) 191M->158M(512M) 0.722ms
[2024-08-23T15:55:03.544+0800] GC(1030) User=0.00s Sys=0.00s Real=0.00s
[2024-08-23T15:55:03.544+0800] GC(1031) Concurrent Undo Cycle
[2024-08-23T15:55:03.544+0800] GC(1031) Concurrent Cleanup for Next Mark
[2024-08-23T15:55:03.544+0800] GC(1031) Concurrent Cleanup for Next Mark 0.270ms
[2024-08-23T15:55:03.544+0800] GC(1031) Concurrent Undo Cycle 0.339ms
[2024-08-23T15:55:03.651+0800] GC(1032) Pause Young (Concurrent Start) (G1 Humongous Allocation)
[2024-08-23T15:55:03.651+0800] GC(1032) Using 6 workers of 6 for evacuation
[2024-08-23T15:55:03.651+0800] GC(1032)   Pre Evacuate Collection Set: 0.1ms
[2024-08-23T15:55:03.651+0800] GC(1032)   Merge Heap Roots: 0.1ms
[2024-08-23T15:55:03.651+0800] GC(1032)   Evacuate Collection Set: 0.2ms
[2024-08-23T15:55:03.651+0800] GC(1032)   Post Evacuate Collection Set: 0.3ms
[2024-08-23T15:55:03.651+0800] GC(1032)   Other: 0.1ms
[2024-08-23T15:55:03.651+0800] GC(1032) Eden regions: 1->0(250)
[2024-08-23T15:55:03.651+0800] GC(1032) Survivor regions: 0->0(38)
[2024-08-23T15:55:03.651+0800] GC(1032) Old regions: 1->1
[2024-08-23T15:55:03.651+0800] GC(1032) Archive regions: 0->0
[2024-08-23T15:55:03.651+0800] GC(1032) Humongous regions: 259->208
[2024-08-23T15:55:03.651+0800] GC(1032) Metaspace: 303K(512K)->303K(512K) NonClass: 296K(384K)->296K(384K) Class: 6K(128K)->6K(128K)
[2024-08-23T15:55:03.651+0800] GC(1032) Pause Young (Concurrent Start) (G1 Humongous Allocation) 260M->208M(512M) 0.893ms
[2024-08-23T15:55:03.651+0800] GC(1032) User=0.00s Sys=0.00s Real=0.00s
[2024-08-23T15:55:03.651+0800] GC(1033) Concurrent Undo Cycle
[2024-08-23T15:55:03.651+0800] GC(1033) Concurrent Cleanup for Next Mark
[2024-08-23T15:55:03.651+0800] GC(1033) Concurrent Cleanup for Next Mark 0.228ms
[2024-08-23T15:55:03.651+0800] GC(1033) Concurrent Undo Cycle 0.275ms
[2024-08-23T15:55:04.192+0800] GC(1034) Pause Young (Concurrent Start) (G1 Humongous Allocation)
[2024-08-23T15:55:04.192+0800] GC(1034) Using 6 workers of 6 for evacuation
[2024-08-23T15:55:04.192+0800] GC(1034)   Pre Evacuate Collection Set: 0.0ms
[2024-08-23T15:55:04.192+0800] GC(1034)   Merge Heap Roots: 0.0ms
[2024-08-23T15:55:04.192+0800] GC(1034)   Evacuate Collection Set: 0.1ms
[2024-08-23T15:55:04.192+0800] GC(1034)   Post Evacuate Collection Set: 0.2ms
[2024-08-23T15:55:04.192+0800] GC(1034)   Other: 0.1ms
[2024-08-23T15:55:04.192+0800] GC(1034) Eden regions: 1->0(307)
[2024-08-23T15:55:04.192+0800] GC(1034) Survivor regions: 0->0(32)
[2024-08-23T15:55:04.192+0800] GC(1034) Old regions: 1->1
[2024-08-23T15:55:04.192+0800] GC(1034) Archive regions: 0->0
[2024-08-23T15:55:04.192+0800] GC(1034) Humongous regions: 230->115
[2024-08-23T15:55:04.192+0800] GC(1034) Metaspace: 303K(512K)->303K(512K) NonClass: 296K(384K)->296K(384K) Class: 6K(128K)->6K(128K)
[2024-08-23T15:55:04.192+0800] GC(1034) Pause Young (Concurrent Start) (G1 Humongous Allocation) 231M->115M(512M) 0.617ms
[2024-08-23T15:55:04.192+0800] GC(1034) User=0.00s Sys=0.00s Real=0.00s
[2024-08-23T15:55:04.192+0800] GC(1035) Concurrent Undo Cycle
[2024-08-23T15:55:04.192+0800] GC(1035) Concurrent Cleanup for Next Mark
[2024-08-23T15:55:04.192+0800] GC(1035) Concurrent Cleanup for Next Mark 0.390ms
[2024-08-23T15:55:04.192+0800] GC(1035) Concurrent Undo Cycle 0.480ms
[2024-08-23T15:55:04.948+0800] GC(1036) Pause Young (Concurrent Start) (G1 Humongous Allocation)
[2024-08-23T15:55:04.948+0800] GC(1036) Using 6 workers of 6 for evacuation
[2024-08-23T15:55:04.948+0800] GC(1036)   Pre Evacuate Collection Set: 0.1ms
[2024-08-23T15:55:04.948+0800] GC(1036)   Merge Heap Roots: 0.1ms
[2024-08-23T15:55:04.948+0800] GC(1036)   Evacuate Collection Set: 0.1ms
[2024-08-23T15:55:04.948+0800] GC(1036)   Post Evacuate Collection Set: 0.2ms
[2024-08-23T15:55:04.948+0800] GC(1036)   Other: 0.1ms
[2024-08-23T15:55:04.948+0800] GC(1036) Eden regions: 1->0(292)
[2024-08-23T15:55:04.948+0800] GC(1036) Survivor regions: 0->0(39)
[2024-08-23T15:55:04.948+0800] GC(1036) Old regions: 1->1
[2024-08-23T15:55:04.948+0800] GC(1036) Archive regions: 0->0
[2024-08-23T15:55:04.948+0800] GC(1036) Humongous regions: 227->166
[2024-08-23T15:55:04.948+0800] GC(1036) Metaspace: 303K(512K)->303K(512K) NonClass: 296K(384K)->296K(384K) Class: 6K(128K)->6K(128K)
[2024-08-23T15:55:04.948+0800] GC(1036) Pause Young (Concurrent Start) (G1 Humongous Allocation) 228M->166M(512M) 0.720ms
[2024-08-23T15:55:04.948+0800] GC(1036) User=0.00s Sys=0.00s Real=0.00s
[2024-08-23T15:55:04.948+0800] GC(1037) Concurrent Undo Cycle
[2024-08-23T15:55:04.948+0800] GC(1037) Concurrent Cleanup for Next Mark
[2024-08-23T15:55:04.949+0800] GC(1037) Concurrent Cleanup for Next Mark 0.252ms
[2024-08-23T15:55:04.949+0800] GC(1037) Concurrent Undo Cycle 0.336ms
[2024-08-23T15:55:05.057+0800] GC(1038) Pause Young (Concurrent Start) (G1 Humongous Allocation)
[2024-08-23T15:55:05.057+0800] GC(1038) Using 6 workers of 6 for evacuation
[2024-08-23T15:55:05.057+0800] GC(1038)   Pre Evacuate Collection Set: 0.0ms
[2024-08-23T15:55:05.057+0800] GC(1038)   Merge Heap Roots: 0.0ms
[2024-08-23T15:55:05.057+0800] GC(1038)   Evacuate Collection Set: 0.1ms
[2024-08-23T15:55:05.057+0800] GC(1038)   Post Evacuate Collection Set: 0.1ms
[2024-08-23T15:55:05.057+0800] GC(1038)   Other: 0.1ms
[2024-08-23T15:55:05.057+0800] GC(1038) Eden regions: 1->0(242)
[2024-08-23T15:55:05.057+0800] GC(1038) Survivor regions: 0->0(37)
[2024-08-23T15:55:05.057+0800] GC(1038) Old regions: 1->1
[2024-08-23T15:55:05.057+0800] GC(1038) Archive regions: 0->0
[2024-08-23T15:55:05.057+0800] GC(1038) Humongous regions: 267->216
[2024-08-23T15:55:05.057+0800] GC(1038) Metaspace: 303K(512K)->303K(512K) NonClass: 296K(384K)->296K(384K) Class: 6K(128K)->6K(128K)
[2024-08-23T15:55:05.057+0800] GC(1038) Pause Young (Concurrent Start) (G1 Humongous Allocation) 268M->216M(512M) 0.463ms
[2024-08-23T15:55:05.057+0800] GC(1038) User=0.00s Sys=0.00s Real=0.00s
[2024-08-23T15:55:05.057+0800] GC(1039) Concurrent Undo Cycle
[2024-08-23T15:55:05.057+0800] GC(1039) Concurrent Cleanup for Next Mark
[2024-08-23T15:55:05.057+0800] GC(1039) Concurrent Cleanup for Next Mark 0.185ms
[2024-08-23T15:55:05.057+0800] GC(1039) Concurrent Undo Cycle 0.237ms
[2024-08-23T15:55:05.920+0800] GC(1040) Pause Young (Concurrent Start) (G1 Humongous Allocation)
[2024-08-23T15:55:05.920+0800] GC(1040) Using 6 workers of 6 for evacuation
[2024-08-23T15:55:05.920+0800] GC(1040)   Pre Evacuate Collection Set: 0.1ms
[2024-08-23T15:55:05.920+0800] GC(1040)   Merge Heap Roots: 0.0ms
[2024-08-23T15:55:05.920+0800] GC(1040)   Evacuate Collection Set: 0.1ms
[2024-08-23T15:55:05.920+0800] GC(1040)   Post Evacuate Collection Set: 0.2ms
[2024-08-23T15:55:05.920+0800] GC(1040)   Other: 0.1ms
[2024-08-23T15:55:05.920+0800] GC(1040) Eden regions: 1->0(307)
[2024-08-23T15:55:05.920+0800] GC(1040) Survivor regions: 0->0(31)
[2024-08-23T15:55:05.920+0800] GC(1040) Old regions: 1->1
[2024-08-23T15:55:05.920+0800] GC(1040) Archive regions: 0->0
[2024-08-23T15:55:05.920+0800] GC(1040) Humongous regions: 226->6
[2024-08-23T15:55:05.920+0800] GC(1040) Metaspace: 303K(512K)->303K(512K) NonClass: 296K(384K)->296K(384K) Class: 6K(128K)->6K(128K)
[2024-08-23T15:55:05.920+0800] GC(1040) Pause Young (Concurrent Start) (G1 Humongous Allocation) 227M->6M(512M) 0.673ms
[2024-08-23T15:55:05.920+0800] GC(1040) User=0.00s Sys=0.00s Real=0.00s
[2024-08-23T15:55:05.920+0800] GC(1041) Concurrent Undo Cycle
[2024-08-23T15:55:05.920+0800] GC(1041) Concurrent Cleanup for Next Mark
[2024-08-23T15:55:05.921+0800] GC(1041) Concurrent Cleanup for Next Mark 0.302ms
[2024-08-23T15:55:05.921+0800] GC(1041) Concurrent Undo Cycle 0.372ms
[2024-08-23T15:55:07.183+0800] GC(1042) Pause Young (Concurrent Start) (G1 Humongous Allocation)
[2024-08-23T15:55:07.183+0800] GC(1042) Using 6 workers of 6 for evacuation
[2024-08-23T15:55:07.183+0800] GC(1042)   Pre Evacuate Collection Set: 0.0ms
[2024-08-23T15:55:07.183+0800] GC(1042)   Merge Heap Roots: 0.0ms
[2024-08-23T15:55:07.183+0800] GC(1042)   Evacuate Collection Set: 0.1ms
[2024-08-23T15:55:07.183+0800] GC(1042)   Post Evacuate Collection Set: 0.2ms
[2024-08-23T15:55:07.183+0800] GC(1042)   Other: 0.1ms
[2024-08-23T15:55:07.183+0800] GC(1042) Eden regions: 1->0(307)
[2024-08-23T15:55:07.183+0800] GC(1042) Survivor regions: 0->0(39)
[2024-08-23T15:55:07.183+0800] GC(1042) Old regions: 1->1
[2024-08-23T15:55:07.183+0800] GC(1042) Archive regions: 0->0
[2024-08-23T15:55:07.183+0800] GC(1042) Humongous regions: 229->23
[2024-08-23T15:55:07.183+0800] GC(1042) Metaspace: 303K(512K)->303K(512K) NonClass: 296K(384K)->296K(384K) Class: 6K(128K)->6K(128K)
[2024-08-23T15:55:07.183+0800] GC(1042) Pause Young (Concurrent Start) (G1 Humongous Allocation) 230M->23M(512M) 0.526ms
[2024-08-23T15:55:07.183+0800] GC(1042) User=0.00s Sys=0.00s Real=0.00s
[2024-08-23T15:55:07.183+0800] GC(1043) Concurrent Undo Cycle
[2024-08-23T15:55:07.183+0800] GC(1043) Concurrent Cleanup for Next Mark
[2024-08-23T15:55:07.183+0800] GC(1043) Concurrent Cleanup for Next Mark 0.241ms
[2024-08-23T15:55:07.183+0800] GC(1043) Concurrent Undo Cycle 0.309ms
[2024-08-23T15:55:07.939+0800] GC(1044) Pause Young (Concurrent Start) (G1 Humongous Allocation)
[2024-08-23T15:55:07.939+0800] GC(1044) Using 6 workers of 6 for evacuation
[2024-08-23T15:55:07.940+0800] GC(1044)   Pre Evacuate Collection Set: 0.1ms
[2024-08-23T15:55:07.940+0800] GC(1044)   Merge Heap Roots: 0.1ms
[2024-08-23T15:55:07.940+0800] GC(1044)   Evacuate Collection Set: 0.2ms
[2024-08-23T15:55:07.940+0800] GC(1044)   Post Evacuate Collection Set: 0.4ms
[2024-08-23T15:55:07.940+0800] GC(1044)   Other: 0.1ms
[2024-08-23T15:55:07.940+0800] GC(1044) Eden regions: 1->0(306)
[2024-08-23T15:55:07.940+0800] GC(1044) Survivor regions: 0->1(39)
[2024-08-23T15:55:07.940+0800] GC(1044) Old regions: 1->1
[2024-08-23T15:55:07.940+0800] GC(1044) Archive regions: 0->0
[2024-08-23T15:55:07.940+0800] GC(1044) Humongous regions: 230->129
[2024-08-23T15:55:07.940+0800] GC(1044) Metaspace: 303K(512K)->303K(512K) NonClass: 296K(384K)->296K(384K) Class: 6K(128K)->6K(128K)
[2024-08-23T15:55:07.940+0800] GC(1044) Pause Young (Concurrent Start) (G1 Humongous Allocation) 231M->129M(512M) 0.900ms
[2024-08-23T15:55:07.940+0800] GC(1044) User=0.00s Sys=0.00s Real=0.00s
[2024-08-23T15:55:07.940+0800] GC(1045) Concurrent Undo Cycle
[2024-08-23T15:55:07.940+0800] GC(1045) Concurrent Cleanup for Next Mark
[2024-08-23T15:55:07.940+0800] GC(1045) Concurrent Cleanup for Next Mark 0.237ms
[2024-08-23T15:55:07.940+0800] GC(1045) Concurrent Undo Cycle 0.289ms
[2024-08-23T15:55:10.000+0800] GC(1046) Pause Young (Concurrent Start) (G1 Humongous Allocation)
[2024-08-23T15:55:10.000+0800] GC(1046) Using 6 workers of 6 for evacuation
[2024-08-23T15:55:10.001+0800] GC(1046)   Pre Evacuate Collection Set: 0.0ms
[2024-08-23T15:55:10.001+0800] GC(1046)   Merge Heap Roots: 0.0ms
[2024-08-23T15:55:10.001+0800] GC(1046)   Evacuate Collection Set: 0.1ms
[2024-08-23T15:55:10.001+0800] GC(1046)   Post Evacuate Collection Set: 0.2ms
[2024-08-23T15:55:10.001+0800] GC(1046)   Other: 0.1ms
[2024-08-23T15:55:10.001+0800] GC(1046) Eden regions: 1->0(306)
[2024-08-23T15:55:10.001+0800] GC(1046) Survivor regions: 1->1(39)
[2024-08-23T15:55:10.001+0800] GC(1046) Old regions: 1->1
[2024-08-23T15:55:10.001+0800] GC(1046) Archive regions: 0->0
[2024-08-23T15:55:10.001+0800] GC(1046) Humongous regions: 230->12
[2024-08-23T15:55:10.001+0800] GC(1046) Metaspace: 303K(512K)->303K(512K) NonClass: 296K(384K)->296K(384K) Class: 6K(128K)->6K(128K)
[2024-08-23T15:55:10.001+0800] GC(1046) Pause Young (Concurrent Start) (G1 Humongous Allocation) 231M->12M(512M) 0.609ms
[2024-08-23T15:55:10.001+0800] GC(1046) User=0.00s Sys=0.00s Real=0.00s
[2024-08-23T15:55:10.001+0800] GC(1047) Concurrent Undo Cycle
[2024-08-23T15:55:10.001+0800] GC(1047) Concurrent Cleanup for Next Mark
[2024-08-23T15:55:10.001+0800] GC(1047) Concurrent Cleanup for Next Mark 0.279ms
[2024-08-23T15:55:10.001+0800] GC(1047) Concurrent Undo Cycle 0.351ms
[2024-08-23T15:55:11.078+0800] GC(1048) Pause Young (Concurrent Start) (G1 Humongous Allocation)
[2024-08-23T15:55:11.078+0800] GC(1048) Using 6 workers of 6 for evacuation
[2024-08-23T15:55:11.079+0800] GC(1048)   Pre Evacuate Collection Set: 0.1ms
[2024-08-23T15:55:11.079+0800] GC(1048)   Merge Heap Roots: 0.1ms
[2024-08-23T15:55:11.079+0800] GC(1048)   Evacuate Collection Set: 0.2ms
[2024-08-23T15:55:11.079+0800] GC(1048)   Post Evacuate Collection Set: 0.4ms
[2024-08-23T15:55:11.079+0800] GC(1048)   Other: 0.1ms
[2024-08-23T15:55:11.079+0800] GC(1048) Eden regions: 1->0(306)
[2024-08-23T15:55:11.079+0800] GC(1048) Survivor regions: 1->1(39)
[2024-08-23T15:55:11.079+0800] GC(1048) Old regions: 1->1
[2024-08-23T15:55:11.079+0800] GC(1048) Archive regions: 0->0
[2024-08-23T15:55:11.079+0800] GC(1048) Humongous regions: 229->63
[2024-08-23T15:55:11.079+0800] GC(1048) Metaspace: 303K(512K)->303K(512K) NonClass: 296K(384K)->296K(384K) Class: 6K(128K)->6K(128K)
[2024-08-23T15:55:11.079+0800] GC(1048) Pause Young (Concurrent Start) (G1 Humongous Allocation) 230M->63M(512M) 0.931ms
[2024-08-23T15:55:11.079+0800] GC(1048) User=0.00s Sys=0.00s Real=0.00s
[2024-08-23T15:55:11.079+0800] GC(1049) Concurrent Undo Cycle
[2024-08-23T15:55:11.079+0800] GC(1049) Concurrent Cleanup for Next Mark
[2024-08-23T15:55:11.079+0800] GC(1049) Concurrent Cleanup for Next Mark 0.252ms
[2024-08-23T15:55:11.079+0800] GC(1049) Concurrent Undo Cycle 0.310ms
[2024-08-23T15:55:12.049+0800] GC(1050) Pause Young (Concurrent Start) (G1 Humongous Allocation)
[2024-08-23T15:55:12.049+0800] GC(1050) Using 6 workers of 6 for evacuation
[2024-08-23T15:55:12.049+0800] GC(1050)   Pre Evacuate Collection Set: 0.0ms
[2024-08-23T15:55:12.049+0800] GC(1050)   Merge Heap Roots: 0.1ms
[2024-08-23T15:55:12.049+0800] GC(1050)   Evacuate Collection Set: 0.1ms
[2024-08-23T15:55:12.049+0800] GC(1050)   Post Evacuate Collection Set: 0.1ms
[2024-08-23T15:55:12.049+0800] GC(1050)   Other: 0.1ms
[2024-08-23T15:55:12.049+0800] GC(1050) Eden regions: 1->0(306)
[2024-08-23T15:55:12.049+0800] GC(1050) Survivor regions: 1->1(39)
[2024-08-23T15:55:12.049+0800] GC(1050) Old regions: 1->1
[2024-08-23T15:55:12.049+0800] GC(1050) Archive regions: 0->0
[2024-08-23T15:55:12.049+0800] GC(1050) Humongous regions: 187->114
[2024-08-23T15:55:12.049+0800] GC(1050) Metaspace: 303K(512K)->303K(512K) NonClass: 296K(384K)->296K(384K) Class: 6K(128K)->6K(128K)
[2024-08-23T15:55:12.049+0800] GC(1050) Pause Young (Concurrent Start) (G1 Humongous Allocation) 188M->114M(512M) 0.499ms
[2024-08-23T15:55:12.049+0800] GC(1050) User=0.00s Sys=0.00s Real=0.00s
[2024-08-23T15:55:12.049+0800] GC(1051) Concurrent Undo Cycle
[2024-08-23T15:55:12.049+0800] GC(1051) Concurrent Cleanup for Next Mark
[2024-08-23T15:55:12.049+0800] GC(1051) Concurrent Cleanup for Next Mark 0.218ms
[2024-08-23T15:55:12.049+0800] GC(1051) Concurrent Undo Cycle 0.287ms
[2024-08-23T15:55:12.483+0800] GC(1052) Pause Young (Concurrent Start) (G1 Humongous Allocation)
[2024-08-23T15:55:12.483+0800] GC(1052) Using 6 workers of 6 for evacuation
[2024-08-23T15:55:12.484+0800] GC(1052)   Pre Evacuate Collection Set: 0.1ms
[2024-08-23T15:55:12.484+0800] GC(1052)   Merge Heap Roots: 0.1ms
[2024-08-23T15:55:12.484+0800] GC(1052)   Evacuate Collection Set: 0.2ms
[2024-08-23T15:55:12.484+0800] GC(1052)   Post Evacuate Collection Set: 0.4ms
[2024-08-23T15:55:12.484+0800] GC(1052)   Other: 0.1ms
[2024-08-23T15:55:12.484+0800] GC(1052) Eden regions: 1->0(287)
[2024-08-23T15:55:12.484+0800] GC(1052) Survivor regions: 1->1(39)
[2024-08-23T15:55:12.484+0800] GC(1052) Old regions: 1->1
[2024-08-23T15:55:12.484+0800] GC(1052) Archive regions: 0->0
[2024-08-23T15:55:12.484+0800] GC(1052) Humongous regions: 225->170
[2024-08-23T15:55:12.484+0800] GC(1052) Metaspace: 303K(512K)->303K(512K) NonClass: 296K(384K)->296K(384K) Class: 6K(128K)->6K(128K)
[2024-08-23T15:55:12.484+0800] GC(1052) Pause Young (Concurrent Start) (G1 Humongous Allocation) 226M->170M(512M) 1.157ms
[2024-08-23T15:55:12.484+0800] GC(1052) User=0.00s Sys=0.00s Real=0.00s
[2024-08-23T15:55:12.484+0800] GC(1053) Concurrent Undo Cycle
[2024-08-23T15:55:12.484+0800] GC(1053) Concurrent Cleanup for Next Mark
[2024-08-23T15:55:12.485+0800] GC(1053) Concurrent Cleanup for Next Mark 0.303ms
[2024-08-23T15:55:12.485+0800] GC(1053) Concurrent Undo Cycle 0.378ms
[2024-08-23T15:55:13.461+0800] GC(1054) Pause Young (Concurrent Start) (G1 Humongous Allocation)
[2024-08-23T15:55:13.461+0800] GC(1054) Using 6 workers of 6 for evacuation
[2024-08-23T15:55:13.461+0800] GC(1054)   Pre Evacuate Collection Set: 0.0ms
[2024-08-23T15:55:13.461+0800] GC(1054)   Merge Heap Roots: 0.0ms
[2024-08-23T15:55:13.461+0800] GC(1054)   Evacuate Collection Set: 0.1ms
[2024-08-23T15:55:13.461+0800] GC(1054)   Post Evacuate Collection Set: 0.2ms
[2024-08-23T15:55:13.461+0800] GC(1054)   Other: 0.1ms
[2024-08-23T15:55:13.461+0800] GC(1054) Eden regions: 1->0(306)
[2024-08-23T15:55:13.461+0800] GC(1054) Survivor regions: 1->1(36)
[2024-08-23T15:55:13.461+0800] GC(1054) Old regions: 1->1
[2024-08-23T15:55:13.461+0800] GC(1054) Archive regions: 0->0
[2024-08-23T15:55:13.461+0800] GC(1054) Humongous regions: 194->6
[2024-08-23T15:55:13.461+0800] GC(1054) Metaspace: 303K(512K)->303K(512K) NonClass: 296K(384K)->296K(384K) Class: 6K(128K)->6K(128K)
[2024-08-23T15:55:13.461+0800] GC(1054) Pause Young (Concurrent Start) (G1 Humongous Allocation) 195M->6M(512M) 0.582ms
[2024-08-23T15:55:13.461+0800] GC(1054) User=0.00s Sys=0.00s Real=0.00s
[2024-08-23T15:55:13.461+0800] GC(1055) Concurrent Undo Cycle
[2024-08-23T15:55:13.461+0800] GC(1055) Concurrent Cleanup for Next Mark
[2024-08-23T15:55:13.462+0800] GC(1055) Concurrent Cleanup for Next Mark 0.291ms
[2024-08-23T15:55:13.462+0800] GC(1055) Concurrent Undo Cycle 0.370ms
[2024-08-23T15:55:14.756+0800] GC(1056) Pause Young (Concurrent Start) (G1 Humongous Allocation)
[2024-08-23T15:55:14.756+0800] GC(1056) Using 6 workers of 6 for evacuation
[2024-08-23T15:55:14.756+0800] GC(1056)   Pre Evacuate Collection Set: 0.1ms
[2024-08-23T15:55:14.757+0800] GC(1056)   Merge Heap Roots: 0.1ms
[2024-08-23T15:55:14.757+0800] GC(1056)   Evacuate Collection Set: 0.1ms
[2024-08-23T15:55:14.757+0800] GC(1056)   Post Evacuate Collection Set: 0.4ms
[2024-08-23T15:55:14.757+0800] GC(1056)   Other: 0.1ms
[2024-08-23T15:55:14.757+0800] GC(1056) Eden regions: 1->0(306)
[2024-08-23T15:55:14.757+0800] GC(1056) Survivor regions: 1->1(39)
[2024-08-23T15:55:14.757+0800] GC(1056) Old regions: 1->1
[2024-08-23T15:55:14.757+0800] GC(1056) Archive regions: 0->0
[2024-08-23T15:55:14.757+0800] GC(1056) Humongous regions: 190->29
[2024-08-23T15:55:14.757+0800] GC(1056) Metaspace: 303K(512K)->303K(512K) NonClass: 296K(384K)->296K(384K) Class: 6K(128K)->6K(128K)
[2024-08-23T15:55:14.757+0800] GC(1056) Pause Young (Concurrent Start) (G1 Humongous Allocation) 191M->29M(512M) 0.892ms
[2024-08-23T15:55:14.757+0800] GC(1056) User=0.00s Sys=0.00s Real=0.00s
[2024-08-23T15:55:14.757+0800] GC(1057) Concurrent Undo Cycle
[2024-08-23T15:55:14.757+0800] GC(1057) Concurrent Cleanup for Next Mark
[2024-08-23T15:55:14.757+0800] GC(1057) Concurrent Cleanup for Next Mark 0.273ms
[2024-08-23T15:55:14.757+0800] GC(1057) Concurrent Undo Cycle 0.335ms
[2024-08-23T15:55:15.836+0800] GC(1058) Pause Young (Concurrent Start) (G1 Humongous Allocation)
[2024-08-23T15:55:15.836+0800] GC(1058) Using 6 workers of 6 for evacuation
[2024-08-23T15:55:15.836+0800] GC(1058)   Pre Evacuate Collection Set: 0.0ms
[2024-08-23T15:55:15.836+0800] GC(1058)   Merge Heap Roots: 0.0ms
[2024-08-23T15:55:15.836+0800] GC(1058)   Evacuate Collection Set: 0.1ms
[2024-08-23T15:55:15.836+0800] GC(1058)   Post Evacuate Collection Set: 0.2ms
[2024-08-23T15:55:15.836+0800] GC(1058)   Other: 0.1ms
[2024-08-23T15:55:15.836+0800] GC(1058) Eden regions: 1->0(306)
[2024-08-23T15:55:15.836+0800] GC(1058) Survivor regions: 1->1(39)
[2024-08-23T15:55:15.836+0800] GC(1058) Old regions: 1->1
[2024-08-23T15:55:15.836+0800] GC(1058) Archive regions: 0->0
[2024-08-23T15:55:15.836+0800] GC(1058) Humongous regions: 221->16
[2024-08-23T15:55:15.836+0800] GC(1058) Metaspace: 303K(512K)->303K(512K) NonClass: 296K(384K)->296K(384K) Class: 6K(128K)->6K(128K)
[2024-08-23T15:55:15.836+0800] GC(1058) Pause Young (Concurrent Start) (G1 Humongous Allocation) 222M->16M(512M) 0.509ms
[2024-08-23T15:55:15.836+0800] GC(1058) User=0.00s Sys=0.00s Real=0.00s
[2024-08-23T15:55:15.836+0800] GC(1059) Concurrent Undo Cycle
[2024-08-23T15:55:15.836+0800] GC(1059) Concurrent Cleanup for Next Mark
[2024-08-23T15:55:15.836+0800] GC(1059) Concurrent Cleanup for Next Mark 0.261ms
[2024-08-23T15:55:15.836+0800] GC(1059) Concurrent Undo Cycle 0.336ms
[2024-08-23T15:55:17.236+0800] GC(1060) Pause Young (Concurrent Start) (G1 Humongous Allocation)
[2024-08-23T15:55:17.236+0800] GC(1060) Using 6 workers of 6 for evacuation
[2024-08-23T15:55:17.236+0800] GC(1060)   Pre Evacuate Collection Set: 0.1ms
[2024-08-23T15:55:17.237+0800] GC(1060)   Merge Heap Roots: 0.0ms
[2024-08-23T15:55:17.237+0800] GC(1060)   Evacuate Collection Set: 0.1ms
[2024-08-23T15:55:17.237+0800] GC(1060)   Post Evacuate Collection Set: 0.2ms
[2024-08-23T15:55:17.237+0800] GC(1060)   Other: 0.1ms
[2024-08-23T15:55:17.237+0800] GC(1060) Eden regions: 1->0(306)
[2024-08-23T15:55:17.237+0800] GC(1060) Survivor regions: 1->1(39)
[2024-08-23T15:55:17.237+0800] GC(1060) Old regions: 1->1
[2024-08-23T15:55:17.237+0800] GC(1060) Archive regions: 0->0
[2024-08-23T15:55:17.237+0800] GC(1060) Humongous regions: 221->6
[2024-08-23T15:55:17.237+0800] GC(1060) Metaspace: 303K(512K)->303K(512K) NonClass: 296K(384K)->296K(384K) Class: 6K(128K)->6K(128K)
[2024-08-23T15:55:17.237+0800] GC(1060) Pause Young (Concurrent Start) (G1 Humongous Allocation) 222M->6M(512M) 0.623ms
[2024-08-23T15:55:17.237+0800] GC(1060) User=0.00s Sys=0.00s Real=0.00s
[2024-08-23T15:55:17.237+0800] GC(1061) Concurrent Undo Cycle
[2024-08-23T15:55:17.237+0800] GC(1061) Concurrent Cleanup for Next Mark
[2024-08-23T15:55:17.237+0800] GC(1061) Concurrent Cleanup for Next Mark 0.271ms
[2024-08-23T15:55:17.237+0800] GC(1061) Concurrent Undo Cycle 0.396ms
[2024-08-23T15:55:18.426+0800] GC(1062) Pause Young (Concurrent Start) (G1 Humongous Allocation)
[2024-08-23T15:55:18.426+0800] GC(1062) Using 6 workers of 6 for evacuation
[2024-08-23T15:55:18.426+0800] GC(1062)   Pre Evacuate Collection Set: 0.1ms
[2024-08-23T15:55:18.426+0800] GC(1062)   Merge Heap Roots: 0.1ms
[2024-08-23T15:55:18.426+0800] GC(1062)   Evacuate Collection Set: 0.1ms
[2024-08-23T15:55:18.426+0800] GC(1062)   Post Evacuate Collection Set: 0.3ms
[2024-08-23T15:55:18.426+0800] GC(1062)   Other: 0.1ms
[2024-08-23T15:55:18.426+0800] GC(1062) Eden regions: 1->0(306)
[2024-08-23T15:55:18.426+0800] GC(1062) Survivor regions: 1->1(39)
[2024-08-23T15:55:18.426+0800] GC(1062) Old regions: 1->1
[2024-08-23T15:55:18.426+0800] GC(1062) Archive regions: 0->0
[2024-08-23T15:55:18.426+0800] GC(1062) Humongous regions: 229->23
[2024-08-23T15:55:18.426+0800] GC(1062) Metaspace: 303K(512K)->303K(512K) NonClass: 296K(384K)->296K(384K) Class: 6K(128K)->6K(128K)
[2024-08-23T15:55:18.426+0800] GC(1062) Pause Young (Concurrent Start) (G1 Humongous Allocation) 230M->23M(512M) 0.904ms
[2024-08-23T15:55:18.426+0800] GC(1062) User=0.00s Sys=0.00s Real=0.00s
[2024-08-23T15:55:18.426+0800] GC(1063) Concurrent Undo Cycle
[2024-08-23T15:55:18.426+0800] GC(1063) Concurrent Cleanup for Next Mark
[2024-08-23T15:55:18.426+0800] GC(1063) Concurrent Cleanup for Next Mark 0.256ms
[2024-08-23T15:55:18.426+0800] GC(1063) Concurrent Undo Cycle 0.325ms
[2024-08-23T15:55:19.184+0800] GC(1064) Pause Young (Concurrent Start) (G1 Humongous Allocation)
[2024-08-23T15:55:19.184+0800] GC(1064) Using 6 workers of 6 for evacuation
[2024-08-23T15:55:19.184+0800] GC(1064)   Pre Evacuate Collection Set: 0.0ms
[2024-08-23T15:55:19.184+0800] GC(1064)   Merge Heap Roots: 0.1ms
[2024-08-23T15:55:19.184+0800] GC(1064)   Evacuate Collection Set: 0.1ms
[2024-08-23T15:55:19.184+0800] GC(1064)   Post Evacuate Collection Set: 0.1ms
[2024-08-23T15:55:19.184+0800] GC(1064)   Other: 0.1ms
[2024-08-23T15:55:19.184+0800] GC(1064) Eden regions: 1->0(306)
[2024-08-23T15:55:19.184+0800] GC(1064) Survivor regions: 1->1(39)
[2024-08-23T15:55:19.184+0800] GC(1064) Old regions: 1->1
[2024-08-23T15:55:19.184+0800] GC(1064) Archive regions: 0->0
[2024-08-23T15:55:19.184+0800] GC(1064) Humongous regions: 230->139
[2024-08-23T15:55:19.184+0800] GC(1064) Metaspace: 303K(512K)->303K(512K) NonClass: 296K(384K)->296K(384K) Class: 6K(128K)->6K(128K)
[2024-08-23T15:55:19.184+0800] GC(1064) Pause Young (Concurrent Start) (G1 Humongous Allocation) 231M->139M(512M) 0.530ms
[2024-08-23T15:55:19.184+0800] GC(1064) User=0.00s Sys=0.00s Real=0.00s
[2024-08-23T15:55:19.184+0800] GC(1065) Concurrent Undo Cycle
[2024-08-23T15:55:19.184+0800] GC(1065) Concurrent Cleanup for Next Mark
[2024-08-23T15:55:19.184+0800] GC(1065) Concurrent Cleanup for Next Mark 0.198ms
[2024-08-23T15:55:19.184+0800] GC(1065) Concurrent Undo Cycle 0.246ms
[2024-08-23T15:55:20.376+0800] GC(1066) Pause Young (Concurrent Start) (G1 Humongous Allocation)
[2024-08-23T15:55:20.376+0800] GC(1066) Using 6 workers of 6 for evacuation
[2024-08-23T15:55:20.376+0800] GC(1066)   Pre Evacuate Collection Set: 0.0ms
[2024-08-23T15:55:20.376+0800] GC(1066)   Merge Heap Roots: 0.0ms
[2024-08-23T15:55:20.377+0800] GC(1066)   Evacuate Collection Set: 0.1ms
[2024-08-23T15:55:20.377+0800] GC(1066)   Post Evacuate Collection Set: 0.2ms
[2024-08-23T15:55:20.377+0800] GC(1066)   Other: 0.1ms
[2024-08-23T15:55:20.377+0800] GC(1066) Eden regions: 1->0(306)
[2024-08-23T15:55:20.377+0800] GC(1066) Survivor regions: 1->1(39)
[2024-08-23T15:55:20.377+0800] GC(1066) Old regions: 1->1
[2024-08-23T15:55:20.377+0800] GC(1066) Archive regions: 0->0
[2024-08-23T15:55:20.377+0800] GC(1066) Humongous regions: 222->65
[2024-08-23T15:55:20.377+0800] GC(1066) Metaspace: 303K(512K)->303K(512K) NonClass: 296K(384K)->296K(384K) Class: 6K(128K)->6K(128K)
[2024-08-23T15:55:20.377+0800] GC(1066) Pause Young (Concurrent Start) (G1 Humongous Allocation) 223M->65M(512M) 0.584ms
[2024-08-23T15:55:20.377+0800] GC(1066) User=0.00s Sys=0.00s Real=0.00s
[2024-08-23T15:55:20.377+0800] GC(1067) Concurrent Undo Cycle
[2024-08-23T15:55:20.377+0800] GC(1067) Concurrent Cleanup for Next Mark
[2024-08-23T15:55:20.377+0800] GC(1067) Concurrent Cleanup for Next Mark 0.262ms
[2024-08-23T15:55:20.377+0800] GC(1067) Concurrent Undo Cycle 0.340ms
[2024-08-23T15:55:21.784+0800] GC(1068) Pause Young (Concurrent Start) (G1 Humongous Allocation)
[2024-08-23T15:55:21.784+0800] GC(1068) Using 6 workers of 6 for evacuation
[2024-08-23T15:55:21.784+0800] GC(1068)   Pre Evacuate Collection Set: 0.0ms
[2024-08-23T15:55:21.784+0800] GC(1068)   Merge Heap Roots: 0.0ms
[2024-08-23T15:55:21.784+0800] GC(1068)   Evacuate Collection Set: 0.1ms
[2024-08-23T15:55:21.784+0800] GC(1068)   Post Evacuate Collection Set: 0.2ms
[2024-08-23T15:55:21.784+0800] GC(1068)   Other: 0.1ms
[2024-08-23T15:55:21.784+0800] GC(1068) Eden regions: 1->0(306)
[2024-08-23T15:55:21.784+0800] GC(1068) Survivor regions: 1->1(39)
[2024-08-23T15:55:21.784+0800] GC(1068) Old regions: 1->1
[2024-08-23T15:55:21.784+0800] GC(1068) Archive regions: 0->0
[2024-08-23T15:55:21.784+0800] GC(1068) Humongous regions: 183->27
[2024-08-23T15:55:21.784+0800] GC(1068) Metaspace: 303K(512K)->303K(512K) NonClass: 296K(384K)->296K(384K) Class: 6K(128K)->6K(128K)
[2024-08-23T15:55:21.784+0800] GC(1068) Pause Young (Concurrent Start) (G1 Humongous Allocation) 184M->27M(512M) 0.579ms
[2024-08-23T15:55:21.784+0800] GC(1068) User=0.00s Sys=0.00s Real=0.00s
[2024-08-23T15:55:21.784+0800] GC(1069) Concurrent Undo Cycle
[2024-08-23T15:55:21.784+0800] GC(1069) Concurrent Cleanup for Next Mark
[2024-08-23T15:55:21.785+0800] GC(1069) Concurrent Cleanup for Next Mark 0.303ms
[2024-08-23T15:55:21.785+0800] GC(1069) Concurrent Undo Cycle 0.388ms
[2024-08-23T15:55:22.975+0800] GC(1070) Pause Young (Concurrent Start) (G1 Humongous Allocation)
[2024-08-23T15:55:22.975+0800] GC(1070) Using 6 workers of 6 for evacuation
[2024-08-23T15:55:22.975+0800] GC(1070)   Pre Evacuate Collection Set: 0.0ms
[2024-08-23T15:55:22.975+0800] GC(1070)   Merge Heap Roots: 0.0ms
[2024-08-23T15:55:22.975+0800] GC(1070)   Evacuate Collection Set: 0.1ms
[2024-08-23T15:55:22.975+0800] GC(1070)   Post Evacuate Collection Set: 0.2ms
[2024-08-23T15:55:22.975+0800] GC(1070)   Other: 0.1ms
[2024-08-23T15:55:22.975+0800] GC(1070) Eden regions: 1->0(306)
[2024-08-23T15:55:22.975+0800] GC(1070) Survivor regions: 1->1(39)
[2024-08-23T15:55:22.975+0800] GC(1070) Old regions: 1->1
[2024-08-23T15:55:22.975+0800] GC(1070) Archive regions: 0->0
[2024-08-23T15:55:22.975+0800] GC(1070) Humongous regions: 230->124
[2024-08-23T15:55:22.975+0800] GC(1070) Metaspace: 303K(512K)->303K(512K) NonClass: 296K(384K)->296K(384K) Class: 6K(128K)->6K(128K)
[2024-08-23T15:55:22.975+0800] GC(1070) Pause Young (Concurrent Start) (G1 Humongous Allocation) 231M->124M(512M) 0.594ms
[2024-08-23T15:55:22.975+0800] GC(1070) User=0.00s Sys=0.00s Real=0.00s
[2024-08-23T15:55:22.975+0800] GC(1071) Concurrent Undo Cycle
[2024-08-23T15:55:22.975+0800] GC(1071) Concurrent Cleanup for Next Mark
[2024-08-23T15:55:22.976+0800] GC(1071) Concurrent Cleanup for Next Mark 0.216ms
[2024-08-23T15:55:22.976+0800] GC(1071) Concurrent Undo Cycle 0.267ms
[2024-08-23T15:55:23.301+0800] GC(1072) Pause Young (Concurrent Start) (G1 Humongous Allocation)
[2024-08-23T15:55:23.301+0800] GC(1072) Using 6 workers of 6 for evacuation
[2024-08-23T15:55:23.302+0800] GC(1072)   Pre Evacuate Collection Set: 0.1ms
[2024-08-23T15:55:23.302+0800] GC(1072)   Merge Heap Roots: 0.1ms
[2024-08-23T15:55:23.302+0800] GC(1072)   Evacuate Collection Set: 0.1ms
[2024-08-23T15:55:23.302+0800] GC(1072)   Post Evacuate Collection Set: 0.3ms
[2024-08-23T15:55:23.302+0800] GC(1072)   Other: 0.1ms
[2024-08-23T15:55:23.302+0800] GC(1072) Eden regions: 1->0(293)
[2024-08-23T15:55:23.302+0800] GC(1072) Survivor regions: 1->1(39)
[2024-08-23T15:55:23.302+0800] GC(1072) Old regions: 1->1
[2024-08-23T15:55:23.302+0800] GC(1072) Archive regions: 0->0
[2024-08-23T15:55:23.302+0800] GC(1072) Humongous regions: 207->164
[2024-08-23T15:55:23.302+0800] GC(1072) Metaspace: 303K(512K)->303K(512K) NonClass: 296K(384K)->296K(384K) Class: 6K(128K)->6K(128K)
[2024-08-23T15:55:23.302+0800] GC(1072) Pause Young (Concurrent Start) (G1 Humongous Allocation) 208M->164M(512M) 0.765ms
[2024-08-23T15:55:23.302+0800] GC(1072) User=0.00s Sys=0.00s Real=0.00s
[2024-08-23T15:55:23.302+0800] GC(1073) Concurrent Undo Cycle
[2024-08-23T15:55:23.302+0800] GC(1073) Concurrent Cleanup for Next Mark
[2024-08-23T15:55:23.302+0800] GC(1073) Concurrent Cleanup for Next Mark 0.309ms
[2024-08-23T15:55:23.302+0800] GC(1073) Concurrent Undo Cycle 0.378ms
[2024-08-23T15:55:23.408+0800] GC(1074) Pause Young (Concurrent Start) (G1 Humongous Allocation)
[2024-08-23T15:55:23.408+0800] GC(1074) Using 6 workers of 6 for evacuation
[2024-08-23T15:55:23.408+0800] GC(1074)   Pre Evacuate Collection Set: 0.0ms
[2024-08-23T15:55:23.408+0800] GC(1074)   Merge Heap Roots: 0.1ms
[2024-08-23T15:55:23.408+0800] GC(1074)   Evacuate Collection Set: 0.1ms
[2024-08-23T15:55:23.408+0800] GC(1074)   Post Evacuate Collection Set: 0.3ms
[2024-08-23T15:55:23.408+0800] GC(1074)   Other: 0.1ms
[2024-08-23T15:55:23.408+0800] GC(1074) Eden regions: 1->0(244)
[2024-08-23T15:55:23.408+0800] GC(1074) Survivor regions: 1->0(37)
[2024-08-23T15:55:23.408+0800] GC(1074) Old regions: 1->1
[2024-08-23T15:55:23.408+0800] GC(1074) Archive regions: 0->0
[2024-08-23T15:55:23.408+0800] GC(1074) Humongous regions: 265->214
[2024-08-23T15:55:23.408+0800] GC(1074) Metaspace: 303K(512K)->303K(512K) NonClass: 296K(384K)->296K(384K) Class: 6K(128K)->6K(128K)
[2024-08-23T15:55:23.408+0800] GC(1074) Pause Young (Concurrent Start) (G1 Humongous Allocation) 266M->214M(512M) 0.759ms
[2024-08-23T15:55:23.408+0800] GC(1074) User=0.00s Sys=0.00s Real=0.00s
[2024-08-23T15:55:23.408+0800] GC(1075) Concurrent Undo Cycle
[2024-08-23T15:55:23.408+0800] GC(1075) Concurrent Cleanup for Next Mark
[2024-08-23T15:55:23.409+0800] GC(1075) Concurrent Cleanup for Next Mark 0.209ms
[2024-08-23T15:55:23.409+0800] GC(1075) Concurrent Undo Cycle 0.255ms
[2024-08-23T15:55:23.843+0800] GC(1076) Pause Young (Concurrent Start) (G1 Humongous Allocation)
[2024-08-23T15:55:23.843+0800] GC(1076) Using 6 workers of 6 for evacuation
[2024-08-23T15:55:23.844+0800] GC(1076)   Pre Evacuate Collection Set: 0.1ms
[2024-08-23T15:55:23.844+0800] GC(1076)   Merge Heap Roots: 0.1ms
[2024-08-23T15:55:23.844+0800] GC(1076)   Evacuate Collection Set: 0.1ms
[2024-08-23T15:55:23.844+0800] GC(1076)   Post Evacuate Collection Set: 0.4ms
[2024-08-23T15:55:23.844+0800] GC(1076)   Other: 0.1ms
[2024-08-23T15:55:23.844+0800] GC(1076) Eden regions: 1->0(307)
[2024-08-23T15:55:23.844+0800] GC(1076) Survivor regions: 0->0(31)
[2024-08-23T15:55:23.844+0800] GC(1076) Old regions: 1->1
[2024-08-23T15:55:23.844+0800] GC(1076) Archive regions: 0->0
[2024-08-23T15:55:23.844+0800] GC(1076) Humongous regions: 230->121
[2024-08-23T15:55:23.844+0800] GC(1076) Metaspace: 303K(512K)->303K(512K) NonClass: 296K(384K)->296K(384K) Class: 6K(128K)->6K(128K)
[2024-08-23T15:55:23.844+0800] GC(1076) Pause Young (Concurrent Start) (G1 Humongous Allocation) 231M->121M(512M) 0.949ms
[2024-08-23T15:55:23.844+0800] GC(1076) User=0.00s Sys=0.00s Real=0.00s
[2024-08-23T15:55:23.844+0800] GC(1077) Concurrent Undo Cycle
[2024-08-23T15:55:23.844+0800] GC(1077) Concurrent Cleanup for Next Mark
[2024-08-23T15:55:23.844+0800] GC(1077) Concurrent Cleanup for Next Mark 0.263ms
[2024-08-23T15:55:23.844+0800] GC(1077) Concurrent Undo Cycle 0.322ms
[2024-08-23T15:55:26.008+0800] GC(1078) Pause Young (Concurrent Start) (G1 Humongous Allocation)
[2024-08-23T15:55:26.008+0800] GC(1078) Using 6 workers of 6 for evacuation
[2024-08-23T15:55:26.008+0800] GC(1078)   Pre Evacuate Collection Set: 0.0ms
[2024-08-23T15:55:26.008+0800] GC(1078)   Merge Heap Roots: 0.0ms
[2024-08-23T15:55:26.008+0800] GC(1078)   Evacuate Collection Set: 0.1ms
[2024-08-23T15:55:26.008+0800] GC(1078)   Post Evacuate Collection Set: 0.2ms
[2024-08-23T15:55:26.008+0800] GC(1078)   Other: 0.1ms
[2024-08-23T15:55:26.008+0800] GC(1078) Eden regions: 1->0(307)
[2024-08-23T15:55:26.008+0800] GC(1078) Survivor regions: 0->0(39)
[2024-08-23T15:55:26.008+0800] GC(1078) Old regions: 1->1
[2024-08-23T15:55:26.008+0800] GC(1078) Archive regions: 0->0
[2024-08-23T15:55:26.008+0800] GC(1078) Humongous regions: 228->34
[2024-08-23T15:55:26.008+0800] GC(1078) Metaspace: 303K(512K)->303K(512K) NonClass: 296K(384K)->296K(384K) Class: 6K(128K)->6K(128K)
[2024-08-23T15:55:26.008+0800] GC(1078) Pause Young (Concurrent Start) (G1 Humongous Allocation) 229M->34M(512M) 0.601ms
[2024-08-23T15:55:26.008+0800] GC(1078) User=0.00s Sys=0.00s Real=0.00s
[2024-08-23T15:55:26.008+0800] GC(1079) Concurrent Undo Cycle
[2024-08-23T15:55:26.008+0800] GC(1079) Concurrent Cleanup for Next Mark
[2024-08-23T15:55:26.009+0800] GC(1079) Concurrent Cleanup for Next Mark 0.250ms
[2024-08-23T15:55:26.009+0800] GC(1079) Concurrent Undo Cycle 0.319ms
[2024-08-23T15:55:27.090+0800] GC(1080) Pause Young (Concurrent Start) (G1 Humongous Allocation)
[2024-08-23T15:55:27.090+0800] GC(1080) Using 6 workers of 6 for evacuation
[2024-08-23T15:55:27.090+0800] GC(1080)   Pre Evacuate Collection Set: 0.0ms
[2024-08-23T15:55:27.090+0800] GC(1080)   Merge Heap Roots: 0.0ms
[2024-08-23T15:55:27.090+0800] GC(1080)   Evacuate Collection Set: 0.1ms
[2024-08-23T15:55:27.090+0800] GC(1080)   Post Evacuate Collection Set: 0.2ms
[2024-08-23T15:55:27.090+0800] GC(1080)   Other: 0.1ms
[2024-08-23T15:55:27.090+0800] GC(1080) Eden regions: 1->0(307)
[2024-08-23T15:55:27.090+0800] GC(1080) Survivor regions: 0->0(39)
[2024-08-23T15:55:27.090+0800] GC(1080) Old regions: 1->1
[2024-08-23T15:55:27.090+0800] GC(1080) Archive regions: 0->0
[2024-08-23T15:55:27.090+0800] GC(1080) Humongous regions: 226->25
[2024-08-23T15:55:27.090+0800] GC(1080) Metaspace: 303K(512K)->303K(512K) NonClass: 296K(384K)->296K(384K) Class: 6K(128K)->6K(128K)
[2024-08-23T15:55:27.090+0800] GC(1080) Pause Young (Concurrent Start) (G1 Humongous Allocation) 227M->25M(512M) 0.556ms
[2024-08-23T15:55:27.090+0800] GC(1080) User=0.00s Sys=0.00s Real=0.00s
[2024-08-23T15:55:27.090+0800] GC(1081) Concurrent Undo Cycle
[2024-08-23T15:55:27.090+0800] GC(1081) Concurrent Cleanup for Next Mark
[2024-08-23T15:55:27.090+0800] GC(1081) Concurrent Cleanup for Next Mark 0.300ms
[2024-08-23T15:55:27.090+0800] GC(1081) Concurrent Undo Cycle 0.371ms
[2024-08-23T15:55:27.953+0800] GC(1082) Pause Young (Concurrent Start) (G1 Humongous Allocation)
[2024-08-23T15:55:27.953+0800] GC(1082) Using 6 workers of 6 for evacuation
[2024-08-23T15:55:27.953+0800] GC(1082)   Pre Evacuate Collection Set: 0.0ms
[2024-08-23T15:55:27.953+0800] GC(1082)   Merge Heap Roots: 0.1ms
[2024-08-23T15:55:27.953+0800] GC(1082)   Evacuate Collection Set: 0.1ms
[2024-08-23T15:55:27.953+0800] GC(1082)   Post Evacuate Collection Set: 0.3ms
[2024-08-23T15:55:27.953+0800] GC(1082)   Other: 0.1ms
[2024-08-23T15:55:27.953+0800] GC(1082) Eden regions: 1->0(307)
[2024-08-23T15:55:27.953+0800] GC(1082) Survivor regions: 0->0(39)
[2024-08-23T15:55:27.953+0800] GC(1082) Old regions: 1->1
[2024-08-23T15:55:27.953+0800] GC(1082) Archive regions: 0->0
[2024-08-23T15:55:27.953+0800] GC(1082) Humongous regions: 230->36
[2024-08-23T15:55:27.953+0800] GC(1082) Metaspace: 303K(512K)->303K(512K) NonClass: 296K(384K)->296K(384K) Class: 6K(128K)->6K(128K)
[2024-08-23T15:55:27.953+0800] GC(1082) Pause Young (Concurrent Start) (G1 Humongous Allocation) 231M->36M(512M) 0.666ms
[2024-08-23T15:55:27.953+0800] GC(1082) User=0.00s Sys=0.00s Real=0.00s
[2024-08-23T15:55:27.953+0800] GC(1083) Concurrent Undo Cycle
[2024-08-23T15:55:27.953+0800] GC(1083) Concurrent Cleanup for Next Mark
[2024-08-23T15:55:27.954+0800] GC(1083) Concurrent Cleanup for Next Mark 0.301ms
[2024-08-23T15:55:27.954+0800] GC(1083) Concurrent Undo Cycle 0.372ms
[2024-08-23T15:55:29.252+0800] GC(1084) Pause Young (Concurrent Start) (G1 Humongous Allocation)
[2024-08-23T15:55:29.252+0800] GC(1084) Using 6 workers of 6 for evacuation
[2024-08-23T15:55:29.252+0800] GC(1084)   Pre Evacuate Collection Set: 0.0ms
[2024-08-23T15:55:29.252+0800] GC(1084)   Merge Heap Roots: 0.0ms
[2024-08-23T15:55:29.252+0800] GC(1084)   Evacuate Collection Set: 0.1ms
[2024-08-23T15:55:29.252+0800] GC(1084)   Post Evacuate Collection Set: 0.2ms
[2024-08-23T15:55:29.252+0800] GC(1084)   Other: 0.1ms
[2024-08-23T15:55:29.252+0800] GC(1084) Eden regions: 1->0(307)
[2024-08-23T15:55:29.252+0800] GC(1084) Survivor regions: 0->0(39)
[2024-08-23T15:55:29.252+0800] GC(1084) Old regions: 1->1
[2024-08-23T15:55:29.252+0800] GC(1084) Archive regions: 0->0
[2024-08-23T15:55:29.252+0800] GC(1084) Humongous regions: 230->23
[2024-08-23T15:55:29.252+0800] GC(1084) Metaspace: 303K(512K)->303K(512K) NonClass: 296K(384K)->296K(384K) Class: 6K(128K)->6K(128K)
[2024-08-23T15:55:29.252+0800] GC(1084) Pause Young (Concurrent Start) (G1 Humongous Allocation) 231M->23M(512M) 0.576ms
[2024-08-23T15:55:29.252+0800] GC(1084) User=0.00s Sys=0.00s Real=0.00s
[2024-08-23T15:55:29.252+0800] GC(1085) Concurrent Undo Cycle
[2024-08-23T15:55:29.252+0800] GC(1085) Concurrent Cleanup for Next Mark
[2024-08-23T15:55:29.252+0800] GC(1085) Concurrent Cleanup for Next Mark 0.347ms
[2024-08-23T15:55:29.253+0800] GC(1085) Concurrent Undo Cycle 0.448ms
[2024-08-23T15:55:30.335+0800] GC(1086) Pause Young (Concurrent Start) (G1 Humongous Allocation)
[2024-08-23T15:55:30.335+0800] GC(1086) Using 6 workers of 6 for evacuation
[2024-08-23T15:55:30.335+0800] GC(1086)   Pre Evacuate Collection Set: 0.0ms
[2024-08-23T15:55:30.335+0800] GC(1086)   Merge Heap Roots: 0.0ms
[2024-08-23T15:55:30.335+0800] GC(1086)   Evacuate Collection Set: 0.1ms
[2024-08-23T15:55:30.335+0800] GC(1086)   Post Evacuate Collection Set: 0.1ms
[2024-08-23T15:55:30.335+0800] GC(1086)   Other: 0.1ms
[2024-08-23T15:55:30.335+0800] GC(1086) Eden regions: 1->0(307)
[2024-08-23T15:55:30.335+0800] GC(1086) Survivor regions: 0->0(39)
[2024-08-23T15:55:30.335+0800] GC(1086) Old regions: 1->1
[2024-08-23T15:55:30.336+0800] GC(1086) Archive regions: 0->0
[2024-08-23T15:55:30.336+0800] GC(1086) Humongous regions: 153->78
[2024-08-23T15:55:30.336+0800] GC(1086) Metaspace: 303K(512K)->303K(512K) NonClass: 296K(384K)->296K(384K) Class: 6K(128K)->6K(128K)
[2024-08-23T15:55:30.336+0800] GC(1086) Pause Young (Concurrent Start) (G1 Humongous Allocation) 154M->78M(512M) 0.484ms
[2024-08-23T15:55:30.336+0800] GC(1086) User=0.00s Sys=0.00s Real=0.00s
[2024-08-23T15:55:30.336+0800] GC(1087) Concurrent Undo Cycle
[2024-08-23T15:55:30.336+0800] GC(1087) Concurrent Cleanup for Next Mark
[2024-08-23T15:55:30.336+0800] GC(1087) Concurrent Cleanup for Next Mark 0.218ms
[2024-08-23T15:55:30.336+0800] GC(1087) Concurrent Undo Cycle 0.272ms
[2024-08-23T15:55:31.417+0800] GC(1088) Pause Young (Concurrent Start) (G1 Humongous Allocation)
[2024-08-23T15:55:31.417+0800] GC(1088) Using 6 workers of 6 for evacuation
[2024-08-23T15:55:31.417+0800] GC(1088)   Pre Evacuate Collection Set: 0.1ms
[2024-08-23T15:55:31.417+0800] GC(1088)   Merge Heap Roots: 0.0ms
[2024-08-23T15:55:31.417+0800] GC(1088)   Evacuate Collection Set: 0.1ms
[2024-08-23T15:55:31.417+0800] GC(1088)   Post Evacuate Collection Set: 0.2ms
[2024-08-23T15:55:31.417+0800] GC(1088)   Other: 0.2ms
[2024-08-23T15:55:31.417+0800] GC(1088) Eden regions: 1->0(307)
[2024-08-23T15:55:31.417+0800] GC(1088) Survivor regions: 0->0(39)
[2024-08-23T15:55:31.417+0800] GC(1088) Old regions: 1->1
[2024-08-23T15:55:31.417+0800] GC(1088) Archive regions: 0->0
[2024-08-23T15:55:31.417+0800] GC(1088) Humongous regions: 230->95
[2024-08-23T15:55:31.417+0800] GC(1088) Metaspace: 303K(512K)->303K(512K) NonClass: 296K(384K)->296K(384K) Class: 6K(128K)->6K(128K)
[2024-08-23T15:55:31.417+0800] GC(1088) Pause Young (Concurrent Start) (G1 Humongous Allocation) 231M->95M(512M) 0.700ms
[2024-08-23T15:55:31.417+0800] GC(1088) User=0.00s Sys=0.00s Real=0.00s
[2024-08-23T15:55:31.417+0800] GC(1089) Concurrent Undo Cycle
[2024-08-23T15:55:31.417+0800] GC(1089) Concurrent Cleanup for Next Mark
[2024-08-23T15:55:31.417+0800] GC(1089) Concurrent Cleanup for Next Mark 0.283ms
[2024-08-23T15:55:31.418+0800] GC(1089) Concurrent Undo Cycle 0.374ms
[2024-08-23T15:55:31.741+0800] GC(1090) Pause Young (Concurrent Start) (G1 Humongous Allocation)
[2024-08-23T15:55:31.741+0800] GC(1090) Using 6 workers of 6 for evacuation
[2024-08-23T15:55:31.741+0800] GC(1090)   Pre Evacuate Collection Set: 0.0ms
[2024-08-23T15:55:31.741+0800] GC(1090)   Merge Heap Roots: 0.0ms
[2024-08-23T15:55:31.741+0800] GC(1090)   Evacuate Collection Set: 0.1ms
[2024-08-23T15:55:31.741+0800] GC(1090)   Post Evacuate Collection Set: 0.1ms
[2024-08-23T15:55:31.741+0800] GC(1090)   Other: 0.1ms
[2024-08-23T15:55:31.741+0800] GC(1090) Eden regions: 1->0(307)
[2024-08-23T15:55:31.741+0800] GC(1090) Survivor regions: 0->0(39)
[2024-08-23T15:55:31.741+0800] GC(1090) Old regions: 1->1
[2024-08-23T15:55:31.741+0800] GC(1090) Archive regions: 0->0
[2024-08-23T15:55:31.741+0800] GC(1090) Humongous regions: 178->135
[2024-08-23T15:55:31.741+0800] GC(1090) Metaspace: 303K(512K)->303K(512K) NonClass: 296K(384K)->296K(384K) Class: 6K(128K)->6K(128K)
[2024-08-23T15:55:31.741+0800] GC(1090) Pause Young (Concurrent Start) (G1 Humongous Allocation) 179M->135M(512M) 0.488ms
[2024-08-23T15:55:31.741+0800] GC(1090) User=0.00s Sys=0.00s Real=0.00s
[2024-08-23T15:55:31.741+0800] GC(1091) Concurrent Undo Cycle
[2024-08-23T15:55:31.741+0800] GC(1091) Concurrent Cleanup for Next Mark
[2024-08-23T15:55:31.741+0800] GC(1091) Concurrent Cleanup for Next Mark 0.281ms
[2024-08-23T15:55:31.741+0800] GC(1091) Concurrent Undo Cycle 0.362ms
[2024-08-23T15:55:32.390+0800] GC(1092) Pause Young (Concurrent Start) (G1 Humongous Allocation)
[2024-08-23T15:55:32.390+0800] GC(1092) Using 6 workers of 6 for evacuation
[2024-08-23T15:55:32.390+0800] GC(1092)   Pre Evacuate Collection Set: 0.0ms
[2024-08-23T15:55:32.390+0800] GC(1092)   Merge Heap Roots: 0.0ms
[2024-08-23T15:55:32.390+0800] GC(1092)   Evacuate Collection Set: 0.1ms
[2024-08-23T15:55:32.390+0800] GC(1092)   Post Evacuate Collection Set: 0.2ms
[2024-08-23T15:55:32.391+0800] GC(1092)   Other: 0.1ms
[2024-08-23T15:55:32.391+0800] GC(1092) Eden regions: 1->0(307)
[2024-08-23T15:55:32.391+0800] GC(1092) Survivor regions: 0->0(39)
[2024-08-23T15:55:32.391+0800] GC(1092) Old regions: 1->1
[2024-08-23T15:55:32.391+0800] GC(1092) Archive regions: 0->0
[2024-08-23T15:55:32.391+0800] GC(1092) Humongous regions: 236->101
[2024-08-23T15:55:32.391+0800] GC(1092) Metaspace: 303K(512K)->303K(512K) NonClass: 296K(384K)->296K(384K) Class: 6K(128K)->6K(128K)
[2024-08-23T15:55:32.391+0800] GC(1092) Pause Young (Concurrent Start) (G1 Humongous Allocation) 237M->101M(512M) 0.543ms
[2024-08-23T15:55:32.391+0800] GC(1092) User=0.00s Sys=0.00s Real=0.00s
[2024-08-23T15:55:32.391+0800] GC(1093) Concurrent Undo Cycle
[2024-08-23T15:55:32.391+0800] GC(1093) Concurrent Cleanup for Next Mark
[2024-08-23T15:55:32.391+0800] GC(1093) Concurrent Cleanup for Next Mark 0.228ms
[2024-08-23T15:55:32.391+0800] GC(1093) Concurrent Undo Cycle 0.291ms
[2024-08-23T15:55:33.146+0800] GC(1094) Pause Young (Concurrent Start) (G1 Humongous Allocation)
[2024-08-23T15:55:33.146+0800] GC(1094) Using 6 workers of 6 for evacuation
[2024-08-23T15:55:33.146+0800] GC(1094)   Pre Evacuate Collection Set: 0.1ms
[2024-08-23T15:55:33.146+0800] GC(1094)   Merge Heap Roots: 0.1ms
[2024-08-23T15:55:33.146+0800] GC(1094)   Evacuate Collection Set: 0.2ms
[2024-08-23T15:55:33.146+0800] GC(1094)   Post Evacuate Collection Set: 0.4ms
[2024-08-23T15:55:33.146+0800] GC(1094)   Other: 0.1ms
[2024-08-23T15:55:33.146+0800] GC(1094) Eden regions: 1->0(307)
[2024-08-23T15:55:33.146+0800] GC(1094) Survivor regions: 0->0(39)
[2024-08-23T15:55:33.146+0800] GC(1094) Old regions: 1->1
[2024-08-23T15:55:33.146+0800] GC(1094) Archive regions: 0->0
[2024-08-23T15:55:33.146+0800] GC(1094) Humongous regions: 213->57
[2024-08-23T15:55:33.146+0800] GC(1094) Metaspace: 303K(512K)->303K(512K) NonClass: 296K(384K)->296K(384K) Class: 6K(128K)->6K(128K)
[2024-08-23T15:55:33.146+0800] GC(1094) Pause Young (Concurrent Start) (G1 Humongous Allocation) 214M->57M(512M) 1.056ms
[2024-08-23T15:55:33.146+0800] GC(1094) User=0.00s Sys=0.00s Real=0.00s
[2024-08-23T15:55:33.146+0800] GC(1095) Concurrent Undo Cycle
[2024-08-23T15:55:33.146+0800] GC(1095) Concurrent Cleanup for Next Mark
[2024-08-23T15:55:33.146+0800] GC(1095) Concurrent Cleanup for Next Mark 0.262ms
[2024-08-23T15:55:33.146+0800] GC(1095) Concurrent Undo Cycle 0.332ms
[2024-08-23T15:55:34.339+0800] GC(1096) Pause Young (Concurrent Start) (G1 Humongous Allocation)
[2024-08-23T15:55:34.339+0800] GC(1096) Using 6 workers of 6 for evacuation
[2024-08-23T15:55:34.339+0800] GC(1096)   Pre Evacuate Collection Set: 0.1ms
[2024-08-23T15:55:34.339+0800] GC(1096)   Merge Heap Roots: 0.1ms
[2024-08-23T15:55:34.339+0800] GC(1096)   Evacuate Collection Set: 0.1ms
[2024-08-23T15:55:34.339+0800] GC(1096)   Post Evacuate Collection Set: 0.3ms
[2024-08-23T15:55:34.339+0800] GC(1096)   Other: 0.1ms
[2024-08-23T15:55:34.339+0800] GC(1096) Eden regions: 1->0(307)
[2024-08-23T15:55:34.339+0800] GC(1096) Survivor regions: 0->0(39)
[2024-08-23T15:55:34.339+0800] GC(1096) Old regions: 1->1
[2024-08-23T15:55:34.339+0800] GC(1096) Archive regions: 0->0
[2024-08-23T15:55:34.339+0800] GC(1096) Humongous regions: 220->25
[2024-08-23T15:55:34.339+0800] GC(1096) Metaspace: 303K(512K)->303K(512K) NonClass: 296K(384K)->296K(384K) Class: 6K(128K)->6K(128K)
[2024-08-23T15:55:34.339+0800] GC(1096) Pause Young (Concurrent Start) (G1 Humongous Allocation) 221M->25M(512M) 0.719ms
[2024-08-23T15:55:34.339+0800] GC(1096) User=0.00s Sys=0.00s Real=0.00s
[2024-08-23T15:55:34.339+0800] GC(1097) Concurrent Undo Cycle
[2024-08-23T15:55:34.340+0800] GC(1097) Concurrent Cleanup for Next Mark
[2024-08-23T15:55:34.340+0800] GC(1097) Concurrent Cleanup for Next Mark 0.277ms
[2024-08-23T15:55:34.340+0800] GC(1097) Concurrent Undo Cycle 0.346ms
[2024-08-23T15:55:35.313+0800] GC(1098) Pause Young (Concurrent Start) (G1 Humongous Allocation)
[2024-08-23T15:55:35.313+0800] GC(1098) Using 6 workers of 6 for evacuation
[2024-08-23T15:55:35.313+0800] GC(1098)   Pre Evacuate Collection Set: 0.1ms
[2024-08-23T15:55:35.313+0800] GC(1098)   Merge Heap Roots: 0.1ms
[2024-08-23T15:55:35.313+0800] GC(1098)   Evacuate Collection Set: 0.1ms
[2024-08-23T15:55:35.313+0800] GC(1098)   Post Evacuate Collection Set: 0.3ms
[2024-08-23T15:55:35.313+0800] GC(1098)   Other: 0.1ms
[2024-08-23T15:55:35.313+0800] GC(1098) Eden regions: 1->0(307)
[2024-08-23T15:55:35.313+0800] GC(1098) Survivor regions: 0->0(39)
[2024-08-23T15:55:35.313+0800] GC(1098) Old regions: 1->1
[2024-08-23T15:55:35.313+0800] GC(1098) Archive regions: 0->0
[2024-08-23T15:55:35.313+0800] GC(1098) Humongous regions: 226->22
[2024-08-23T15:55:35.313+0800] GC(1098) Metaspace: 303K(512K)->303K(512K) NonClass: 296K(384K)->296K(384K) Class: 6K(128K)->6K(128K)
[2024-08-23T15:55:35.313+0800] GC(1098) Pause Young (Concurrent Start) (G1 Humongous Allocation) 227M->22M(512M) 0.803ms
[2024-08-23T15:55:35.313+0800] GC(1098) User=0.00s Sys=0.00s Real=0.00s
[2024-08-23T15:55:35.313+0800] GC(1099) Concurrent Undo Cycle
[2024-08-23T15:55:35.313+0800] GC(1099) Concurrent Cleanup for Next Mark
[2024-08-23T15:55:35.314+0800] GC(1099) Concurrent Cleanup for Next Mark 0.266ms
[2024-08-23T15:55:35.314+0800] GC(1099) Concurrent Undo Cycle 0.329ms
[2024-08-23T15:55:37.376+0800] GC(1100) Pause Young (Concurrent Start) (G1 Humongous Allocation)
[2024-08-23T15:55:37.376+0800] GC(1100) Using 6 workers of 6 for evacuation
[2024-08-23T15:55:37.376+0800] GC(1100)   Pre Evacuate Collection Set: 0.0ms
[2024-08-23T15:55:37.376+0800] GC(1100)   Merge Heap Roots: 0.0ms
[2024-08-23T15:55:37.376+0800] GC(1100)   Evacuate Collection Set: 0.1ms
[2024-08-23T15:55:37.376+0800] GC(1100)   Post Evacuate Collection Set: 0.1ms
[2024-08-23T15:55:37.376+0800] GC(1100)   Other: 0.1ms
[2024-08-23T15:55:37.376+0800] GC(1100) Eden regions: 1->0(307)
[2024-08-23T15:55:37.376+0800] GC(1100) Survivor regions: 0->0(39)
[2024-08-23T15:55:37.376+0800] GC(1100) Old regions: 1->1
[2024-08-23T15:55:37.376+0800] GC(1100) Archive regions: 0->0
[2024-08-23T15:55:37.376+0800] GC(1100) Humongous regions: 177->68
[2024-08-23T15:55:37.376+0800] GC(1100) Metaspace: 303K(512K)->303K(512K) NonClass: 296K(384K)->296K(384K) Class: 6K(128K)->6K(128K)
[2024-08-23T15:55:37.376+0800] GC(1100) Pause Young (Concurrent Start) (G1 Humongous Allocation) 178M->68M(512M) 0.508ms
[2024-08-23T15:55:37.376+0800] GC(1100) User=0.00s Sys=0.00s Real=0.00s
[2024-08-23T15:55:37.376+0800] GC(1101) Concurrent Undo Cycle
[2024-08-23T15:55:37.376+0800] GC(1101) Concurrent Cleanup for Next Mark
[2024-08-23T15:55:37.376+0800] GC(1101) Concurrent Cleanup for Next Mark 0.238ms
[2024-08-23T15:55:37.376+0800] GC(1101) Concurrent Undo Cycle 0.387ms
[2024-08-23T15:55:38.460+0800] GC(1102) Pause Young (Concurrent Start) (G1 Humongous Allocation)
[2024-08-23T15:55:38.460+0800] GC(1102) Using 6 workers of 6 for evacuation
[2024-08-23T15:55:38.460+0800] GC(1102)   Pre Evacuate Collection Set: 0.0ms
[2024-08-23T15:55:38.460+0800] GC(1102)   Merge Heap Roots: 0.0ms
[2024-08-23T15:55:38.460+0800] GC(1102)   Evacuate Collection Set: 0.1ms
[2024-08-23T15:55:38.460+0800] GC(1102)   Post Evacuate Collection Set: 0.2ms
[2024-08-23T15:55:38.460+0800] GC(1102)   Other: 0.1ms
[2024-08-23T15:55:38.460+0800] GC(1102) Eden regions: 1->0(307)
[2024-08-23T15:55:38.460+0800] GC(1102) Survivor regions: 0->0(39)
[2024-08-23T15:55:38.460+0800] GC(1102) Old regions: 1->1
[2024-08-23T15:55:38.460+0800] GC(1102) Archive regions: 0->0
[2024-08-23T15:55:38.460+0800] GC(1102) Humongous regions: 220->34
[2024-08-23T15:55:38.460+0800] GC(1102) Metaspace: 303K(512K)->303K(512K) NonClass: 296K(384K)->296K(384K) Class: 6K(128K)->6K(128K)
[2024-08-23T15:55:38.460+0800] GC(1102) Pause Young (Concurrent Start) (G1 Humongous Allocation) 221M->34M(512M) 0.662ms
[2024-08-23T15:55:38.460+0800] GC(1102) User=0.00s Sys=0.00s Real=0.00s
[2024-08-23T15:55:38.460+0800] GC(1103) Concurrent Undo Cycle
[2024-08-23T15:55:38.460+0800] GC(1103) Concurrent Cleanup for Next Mark
[2024-08-23T15:55:38.461+0800] GC(1103) Concurrent Cleanup for Next Mark 0.408ms
[2024-08-23T15:55:38.461+0800] GC(1103) Concurrent Undo Cycle 0.534ms
[2024-08-23T15:55:39.219+0800] GC(1104) Pause Young (Concurrent Start) (G1 Humongous Allocation)
[2024-08-23T15:55:39.219+0800] GC(1104) Using 6 workers of 6 for evacuation
[2024-08-23T15:55:39.219+0800] GC(1104)   Pre Evacuate Collection Set: 0.0ms
[2024-08-23T15:55:39.219+0800] GC(1104)   Merge Heap Roots: 0.0ms
[2024-08-23T15:55:39.219+0800] GC(1104)   Evacuate Collection Set: 0.1ms
[2024-08-23T15:55:39.219+0800] GC(1104)   Post Evacuate Collection Set: 0.1ms
[2024-08-23T15:55:39.219+0800] GC(1104)   Other: 0.1ms
[2024-08-23T15:55:39.219+0800] GC(1104) Eden regions: 1->0(307)
[2024-08-23T15:55:39.219+0800] GC(1104) Survivor regions: 0->0(39)
[2024-08-23T15:55:39.219+0800] GC(1104) Old regions: 1->1
[2024-08-23T15:55:39.219+0800] GC(1104) Archive regions: 0->0
[2024-08-23T15:55:39.219+0800] GC(1104) Humongous regions: 228->50
[2024-08-23T15:55:39.219+0800] GC(1104) Metaspace: 303K(512K)->303K(512K) NonClass: 296K(384K)->296K(384K) Class: 6K(128K)->6K(128K)
[2024-08-23T15:55:39.219+0800] GC(1104) Pause Young (Concurrent Start) (G1 Humongous Allocation) 229M->50M(512M) 0.506ms
[2024-08-23T15:55:39.219+0800] GC(1104) User=0.00s Sys=0.00s Real=0.00s
[2024-08-23T15:55:39.219+0800] GC(1105) Concurrent Undo Cycle
[2024-08-23T15:55:39.219+0800] GC(1105) Concurrent Cleanup for Next Mark
[2024-08-23T15:55:39.219+0800] GC(1105) Concurrent Cleanup for Next Mark 0.229ms
[2024-08-23T15:55:39.219+0800] GC(1105) Concurrent Undo Cycle 0.292ms
[2024-08-23T15:55:40.195+0800] GC(1106) Pause Young (Concurrent Start) (G1 Humongous Allocation)
[2024-08-23T15:55:40.195+0800] GC(1106) Using 6 workers of 6 for evacuation
[2024-08-23T15:55:40.195+0800] GC(1106)   Pre Evacuate Collection Set: 0.0ms
[2024-08-23T15:55:40.195+0800] GC(1106)   Merge Heap Roots: 0.0ms
[2024-08-23T15:55:40.195+0800] GC(1106)   Evacuate Collection Set: 0.1ms
[2024-08-23T15:55:40.195+0800] GC(1106)   Post Evacuate Collection Set: 0.2ms
[2024-08-23T15:55:40.195+0800] GC(1106)   Other: 0.1ms
[2024-08-23T15:55:40.195+0800] GC(1106) Eden regions: 1->0(307)
[2024-08-23T15:55:40.195+0800] GC(1106) Survivor regions: 0->0(39)
[2024-08-23T15:55:40.195+0800] GC(1106) Old regions: 1->1
[2024-08-23T15:55:40.195+0800] GC(1106) Archive regions: 0->0
[2024-08-23T15:55:40.195+0800] GC(1106) Humongous regions: 134->51
[2024-08-23T15:55:40.195+0800] GC(1106) Metaspace: 303K(512K)->303K(512K) NonClass: 296K(384K)->296K(384K) Class: 6K(128K)->6K(128K)
[2024-08-23T15:55:40.195+0800] GC(1106) Pause Young (Concurrent Start) (G1 Humongous Allocation) 135M->51M(512M) 0.507ms
[2024-08-23T15:55:40.195+0800] GC(1106) User=0.00s Sys=0.00s Real=0.00s
[2024-08-23T15:55:40.195+0800] GC(1107) Concurrent Undo Cycle
[2024-08-23T15:55:40.195+0800] GC(1107) Concurrent Cleanup for Next Mark
[2024-08-23T15:55:40.195+0800] GC(1107) Concurrent Cleanup for Next Mark 0.228ms
[2024-08-23T15:55:40.195+0800] GC(1107) Concurrent Undo Cycle 0.298ms
[2024-08-23T15:55:41.386+0800] GC(1108) Pause Young (Concurrent Start) (G1 Humongous Allocation)
[2024-08-23T15:55:41.386+0800] GC(1108) Using 6 workers of 6 for evacuation
[2024-08-23T15:55:41.386+0800] GC(1108)   Pre Evacuate Collection Set: 0.1ms
[2024-08-23T15:55:41.386+0800] GC(1108)   Merge Heap Roots: 0.1ms
[2024-08-23T15:55:41.386+0800] GC(1108)   Evacuate Collection Set: 0.1ms
[2024-08-23T15:55:41.386+0800] GC(1108)   Post Evacuate Collection Set: 0.3ms
[2024-08-23T15:55:41.386+0800] GC(1108)   Other: 0.1ms
[2024-08-23T15:55:41.386+0800] GC(1108) Eden regions: 1->0(307)
[2024-08-23T15:55:41.387+0800] GC(1108) Survivor regions: 0->0(39)
[2024-08-23T15:55:41.387+0800] GC(1108) Old regions: 1->1
[2024-08-23T15:55:41.387+0800] GC(1108) Archive regions: 0->0
[2024-08-23T15:55:41.387+0800] GC(1108) Humongous regions: 214->68
[2024-08-23T15:55:41.387+0800] GC(1108) Metaspace: 303K(512K)->303K(512K) NonClass: 296K(384K)->296K(384K) Class: 6K(128K)->6K(128K)
[2024-08-23T15:55:41.387+0800] GC(1108) Pause Young (Concurrent Start) (G1 Humongous Allocation) 215M->68M(512M) 0.815ms
[2024-08-23T15:55:41.387+0800] GC(1108) User=0.00s Sys=0.00s Real=0.00s
[2024-08-23T15:55:41.387+0800] GC(1109) Concurrent Undo Cycle
[2024-08-23T15:55:41.387+0800] GC(1109) Concurrent Cleanup for Next Mark
[2024-08-23T15:55:41.387+0800] GC(1109) Concurrent Cleanup for Next Mark 0.233ms
[2024-08-23T15:55:41.387+0800] GC(1109) Concurrent Undo Cycle 0.300ms
[2024-08-23T15:55:41.605+0800] GC(1110) Pause Young (Concurrent Start) (G1 Humongous Allocation)
[2024-08-23T15:55:41.605+0800] GC(1110) Using 6 workers of 6 for evacuation
[2024-08-23T15:55:41.605+0800] GC(1110)   Pre Evacuate Collection Set: 0.0ms
[2024-08-23T15:55:41.605+0800] GC(1110)   Merge Heap Roots: 0.0ms
[2024-08-23T15:55:41.605+0800] GC(1110)   Evacuate Collection Set: 0.1ms
[2024-08-23T15:55:41.605+0800] GC(1110)   Post Evacuate Collection Set: 0.1ms
[2024-08-23T15:55:41.605+0800] GC(1110)   Other: 0.1ms
[2024-08-23T15:55:41.605+0800] GC(1110) Eden regions: 1->0(307)
[2024-08-23T15:55:41.605+0800] GC(1110) Survivor regions: 0->0(39)
[2024-08-23T15:55:41.605+0800] GC(1110) Old regions: 1->1
[2024-08-23T15:55:41.605+0800] GC(1110) Archive regions: 0->0
[2024-08-23T15:55:41.605+0800] GC(1110) Humongous regions: 140->108
[2024-08-23T15:55:41.606+0800] GC(1110) Metaspace: 303K(512K)->303K(512K) NonClass: 296K(384K)->296K(384K) Class: 6K(128K)->6K(128K)
[2024-08-23T15:55:41.606+0800] GC(1110) Pause Young (Concurrent Start) (G1 Humongous Allocation) 141M->108M(512M) 0.526ms
[2024-08-23T15:55:41.606+0800] GC(1110) User=0.00s Sys=0.00s Real=0.00s
[2024-08-23T15:55:41.606+0800] GC(1111) Concurrent Undo Cycle
[2024-08-23T15:55:41.606+0800] GC(1111) Concurrent Cleanup for Next Mark
[2024-08-23T15:55:41.606+0800] GC(1111) Concurrent Cleanup for Next Mark 0.296ms
[2024-08-23T15:55:41.606+0800] GC(1111) Concurrent Undo Cycle 0.377ms
[2024-08-23T15:55:42.146+0800] GC(1112) Pause Young (Concurrent Start) (G1 Humongous Allocation)
[2024-08-23T15:55:42.146+0800] GC(1112) Using 6 workers of 6 for evacuation
[2024-08-23T15:55:42.146+0800] GC(1112)   Pre Evacuate Collection Set: 0.0ms
[2024-08-23T15:55:42.146+0800] GC(1112)   Merge Heap Roots: 0.0ms
[2024-08-23T15:55:42.146+0800] GC(1112)   Evacuate Collection Set: 0.1ms
[2024-08-23T15:55:42.146+0800] GC(1112)   Post Evacuate Collection Set: 0.1ms
[2024-08-23T15:55:42.146+0800] GC(1112)   Other: 0.1ms
[2024-08-23T15:55:42.146+0800] GC(1112) Eden regions: 1->0(294)
[2024-08-23T15:55:42.146+0800] GC(1112) Survivor regions: 0->0(39)
[2024-08-23T15:55:42.146+0800] GC(1112) Old regions: 1->1
[2024-08-23T15:55:42.146+0800] GC(1112) Archive regions: 0->0
[2024-08-23T15:55:42.146+0800] GC(1112) Humongous regions: 225->164
[2024-08-23T15:55:42.146+0800] GC(1112) Metaspace: 303K(512K)->303K(512K) NonClass: 296K(384K)->296K(384K) Class: 6K(128K)->6K(128K)
[2024-08-23T15:55:42.146+0800] GC(1112) Pause Young (Concurrent Start) (G1 Humongous Allocation) 226M->164M(512M) 0.584ms
[2024-08-23T15:55:42.146+0800] GC(1112) User=0.00s Sys=0.00s Real=0.00s
[2024-08-23T15:55:42.146+0800] GC(1113) Concurrent Undo Cycle
[2024-08-23T15:55:42.146+0800] GC(1113) Concurrent Cleanup for Next Mark
[2024-08-23T15:55:42.146+0800] GC(1113) Concurrent Cleanup for Next Mark 0.296ms
[2024-08-23T15:55:42.146+0800] GC(1113) Concurrent Undo Cycle 0.376ms
[2024-08-23T15:55:42.792+0800] GC(1114) Pause Young (Concurrent Start) (G1 Humongous Allocation)
[2024-08-23T15:55:42.792+0800] GC(1114) Using 6 workers of 6 for evacuation
[2024-08-23T15:55:42.793+0800] GC(1114)   Pre Evacuate Collection Set: 0.1ms
[2024-08-23T15:55:42.793+0800] GC(1114)   Merge Heap Roots: 0.1ms
[2024-08-23T15:55:42.793+0800] GC(1114)   Evacuate Collection Set: 0.1ms
[2024-08-23T15:55:42.793+0800] GC(1114)   Post Evacuate Collection Set: 0.1ms
[2024-08-23T15:55:42.793+0800] GC(1114)   Other: 0.1ms
[2024-08-23T15:55:42.793+0800] GC(1114) Eden regions: 1->0(283)
[2024-08-23T15:55:42.793+0800] GC(1114) Survivor regions: 0->0(37)
[2024-08-23T15:55:42.793+0800] GC(1114) Old regions: 1->1
[2024-08-23T15:55:42.793+0800] GC(1114) Archive regions: 0->0
[2024-08-23T15:55:42.793+0800] GC(1114) Humongous regions: 210->175
[2024-08-23T15:55:42.793+0800] GC(1114) Metaspace: 303K(512K)->303K(512K) NonClass: 296K(384K)->296K(384K) Class: 6K(128K)->6K(128K)
[2024-08-23T15:55:42.793+0800] GC(1114) Pause Young (Concurrent Start) (G1 Humongous Allocation) 211M->175M(512M) 0.652ms
[2024-08-23T15:55:42.793+0800] GC(1114) User=0.00s Sys=0.00s Real=0.00s
[2024-08-23T15:55:42.793+0800] GC(1115) Concurrent Undo Cycle
[2024-08-23T15:55:42.793+0800] GC(1115) Concurrent Cleanup for Next Mark
[2024-08-23T15:55:42.793+0800] GC(1115) Concurrent Cleanup for Next Mark 0.270ms
[2024-08-23T15:55:42.793+0800] GC(1115) Concurrent Undo Cycle 0.347ms
[2024-08-23T15:55:42.900+0800] GC(1116) Pause Young (Concurrent Start) (G1 Humongous Allocation)
[2024-08-23T15:55:42.900+0800] GC(1116) Using 6 workers of 6 for evacuation
[2024-08-23T15:55:42.900+0800] GC(1116)   Pre Evacuate Collection Set: 0.1ms
[2024-08-23T15:55:42.900+0800] GC(1116)   Merge Heap Roots: 0.0ms
[2024-08-23T15:55:42.900+0800] GC(1116)   Evacuate Collection Set: 0.1ms
[2024-08-23T15:55:42.901+0800] GC(1116)   Post Evacuate Collection Set: 0.1ms
[2024-08-23T15:55:42.901+0800] GC(1116)   Other: 0.1ms
[2024-08-23T15:55:42.901+0800] GC(1116) Eden regions: 1->0(273)
[2024-08-23T15:55:42.901+0800] GC(1116) Survivor regions: 0->0(36)
[2024-08-23T15:55:42.901+0800] GC(1116) Old regions: 1->1
[2024-08-23T15:55:42.901+0800] GC(1116) Archive regions: 0->0
[2024-08-23T15:55:42.901+0800] GC(1116) Humongous regions: 196->185
[2024-08-23T15:55:42.901+0800] GC(1116) Metaspace: 303K(512K)->303K(512K) NonClass: 296K(384K)->296K(384K) Class: 6K(128K)->6K(128K)
[2024-08-23T15:55:42.901+0800] GC(1116) Pause Young (Concurrent Start) (G1 Humongous Allocation) 197M->185M(512M) 0.537ms
[2024-08-23T15:55:42.901+0800] GC(1116) User=0.00s Sys=0.00s Real=0.00s
[2024-08-23T15:55:42.901+0800] GC(1117) Concurrent Undo Cycle
[2024-08-23T15:55:42.901+0800] GC(1117) Concurrent Cleanup for Next Mark
[2024-08-23T15:55:42.901+0800] GC(1117) Concurrent Cleanup for Next Mark 0.232ms
[2024-08-23T15:55:42.901+0800] GC(1117) Concurrent Undo Cycle 0.302ms
[2024-08-23T15:55:43.009+0800] GC(1118) Pause Young (Concurrent Start) (G1 Humongous Allocation)
[2024-08-23T15:55:43.009+0800] GC(1118) Using 6 workers of 6 for evacuation
[2024-08-23T15:55:43.009+0800] GC(1118)   Pre Evacuate Collection Set: 0.1ms
[2024-08-23T15:55:43.009+0800] GC(1118)   Merge Heap Roots: 0.0ms
[2024-08-23T15:55:43.009+0800] GC(1118)   Evacuate Collection Set: 0.1ms
[2024-08-23T15:55:43.009+0800] GC(1118)   Post Evacuate Collection Set: 0.1ms
[2024-08-23T15:55:43.009+0800] GC(1118)   Other: 0.1ms
[2024-08-23T15:55:43.009+0800] GC(1118) Eden regions: 1->0(243)
[2024-08-23T15:55:43.009+0800] GC(1118) Survivor regions: 0->0(35)
[2024-08-23T15:55:43.009+0800] GC(1118) Old regions: 1->1
[2024-08-23T15:55:43.009+0800] GC(1118) Archive regions: 0->0
[2024-08-23T15:55:43.009+0800] GC(1118) Humongous regions: 236->215
[2024-08-23T15:55:43.009+0800] GC(1118) Metaspace: 303K(512K)->303K(512K) NonClass: 296K(384K)->296K(384K) Class: 6K(128K)->6K(128K)
[2024-08-23T15:55:43.009+0800] GC(1118) Pause Young (Concurrent Start) (G1 Humongous Allocation) 237M->215M(512M) 0.559ms
[2024-08-23T15:55:43.009+0800] GC(1118) User=0.00s Sys=0.00s Real=0.00s
[2024-08-23T15:55:43.009+0800] GC(1119) Concurrent Undo Cycle
[2024-08-23T15:55:43.009+0800] GC(1119) Concurrent Cleanup for Next Mark
[2024-08-23T15:55:43.010+0800] GC(1119) Concurrent Cleanup for Next Mark 0.398ms
[2024-08-23T15:55:43.010+0800] GC(1119) Concurrent Undo Cycle 0.488ms
[2024-08-23T15:55:43.116+0800] GC(1120) Pause Young (Concurrent Start) (G1 Humongous Allocation)
[2024-08-23T15:55:43.116+0800] GC(1120) Using 6 workers of 6 for evacuation
[2024-08-23T15:55:43.116+0800] GC(1120)   Pre Evacuate Collection Set: 0.0ms
[2024-08-23T15:55:43.117+0800] GC(1120)   Merge Heap Roots: 0.0ms
[2024-08-23T15:55:43.117+0800] GC(1120)   Evacuate Collection Set: 0.1ms
[2024-08-23T15:55:43.117+0800] GC(1120)   Post Evacuate Collection Set: 0.1ms
[2024-08-23T15:55:43.117+0800] GC(1120)   Other: 0.1ms
[2024-08-23T15:55:43.117+0800] GC(1120) Eden regions: 1->0(193)
[2024-08-23T15:55:43.117+0800] GC(1120) Survivor regions: 0->0(31)
[2024-08-23T15:55:43.117+0800] GC(1120) Old regions: 1->1
[2024-08-23T15:55:43.117+0800] GC(1120) Archive regions: 0->0
[2024-08-23T15:55:43.117+0800] GC(1120) Humongous regions: 316->265
[2024-08-23T15:55:43.117+0800] GC(1120) Metaspace: 303K(512K)->303K(512K) NonClass: 296K(384K)->296K(384K) Class: 6K(128K)->6K(128K)
[2024-08-23T15:55:43.117+0800] GC(1120) Pause Young (Concurrent Start) (G1 Humongous Allocation) 317M->265M(512M) 0.521ms
[2024-08-23T15:55:43.117+0800] GC(1120) User=0.00s Sys=0.00s Real=0.00s
[2024-08-23T15:55:43.117+0800] GC(1121) Concurrent Mark Cycle
[2024-08-23T15:55:43.117+0800] GC(1121) Concurrent Clear Claimed Marks
[2024-08-23T15:55:43.117+0800] GC(1121) Concurrent Clear Claimed Marks 0.010ms
[2024-08-23T15:55:43.117+0800] GC(1121) Concurrent Scan Root Regions
[2024-08-23T15:55:43.117+0800] GC(1121) Concurrent Scan Root Regions 0.008ms
[2024-08-23T15:55:43.117+0800] GC(1121) Concurrent Mark
[2024-08-23T15:55:43.117+0800] GC(1121) Concurrent Mark From Roots
[2024-08-23T15:55:43.117+0800] GC(1121) Using 2 workers of 2 for marking
[2024-08-23T15:55:43.118+0800] GC(1121) Concurrent Mark From Roots 0.847ms
[2024-08-23T15:55:43.118+0800] GC(1121) Concurrent Preclean
[2024-08-23T15:55:43.118+0800] GC(1121) Concurrent Preclean 0.036ms
[2024-08-23T15:55:43.118+0800] GC(1121) Pause Remark
[2024-08-23T15:55:43.118+0800] GC(1121) Pause Remark 268M->268M(512M) 0.251ms
[2024-08-23T15:55:43.118+0800] GC(1121) User=0.00s Sys=0.00s Real=0.00s
[2024-08-23T15:55:43.118+0800] GC(1121) Concurrent Mark 1.248ms
[2024-08-23T15:55:43.118+0800] GC(1121) Concurrent Rebuild Remembered Sets
[2024-08-23T15:55:43.118+0800] GC(1121) Concurrent Rebuild Remembered Sets 0.413ms
[2024-08-23T15:55:43.118+0800] GC(1121) Pause Cleanup
[2024-08-23T15:55:43.118+0800] GC(1121) Pause Cleanup 268M->268M(512M) 0.058ms
[2024-08-23T15:55:43.118+0800] GC(1121) User=0.00s Sys=0.00s Real=0.00s
[2024-08-23T15:55:43.118+0800] GC(1121) Concurrent Cleanup for Next Mark
[2024-08-23T15:55:43.119+0800] GC(1121) Concurrent Cleanup for Next Mark 0.207ms
[2024-08-23T15:55:43.119+0800] GC(1121) Concurrent Mark Cycle 2.091ms
[2024-08-23T15:55:43.766+0800] GC(1122) Pause Young (Concurrent Start) (G1 Humongous Allocation)
[2024-08-23T15:55:43.766+0800] GC(1122) Using 6 workers of 6 for evacuation
[2024-08-23T15:55:43.766+0800] GC(1122)   Pre Evacuate Collection Set: 0.0ms
[2024-08-23T15:55:43.766+0800] GC(1122)   Merge Heap Roots: 0.0ms
[2024-08-23T15:55:43.766+0800] GC(1122)   Evacuate Collection Set: 0.1ms
[2024-08-23T15:55:43.766+0800] GC(1122)   Post Evacuate Collection Set: 0.2ms
[2024-08-23T15:55:43.766+0800] GC(1122)   Other: 0.2ms
[2024-08-23T15:55:43.767+0800] GC(1122) Eden regions: 1->0(306)
[2024-08-23T15:55:43.767+0800] GC(1122) Survivor regions: 0->1(25)
[2024-08-23T15:55:43.767+0800] GC(1122) Old regions: 1->1
[2024-08-23T15:55:43.767+0800] GC(1122) Archive regions: 0->0
[2024-08-23T15:55:43.767+0800] GC(1122) Humongous regions: 267->2
[2024-08-23T15:55:43.767+0800] GC(1122) Metaspace: 303K(512K)->303K(512K) NonClass: 296K(384K)->296K(384K) Class: 6K(128K)->6K(128K)
[2024-08-23T15:55:43.767+0800] GC(1122) Pause Young (Concurrent Start) (G1 Humongous Allocation) 268M->2M(512M) 0.656ms
[2024-08-23T15:55:43.767+0800] GC(1122) User=0.00s Sys=0.00s Real=0.00s
[2024-08-23T15:55:43.767+0800] GC(1123) Concurrent Undo Cycle
[2024-08-23T15:55:43.767+0800] GC(1123) Concurrent Cleanup for Next Mark
[2024-08-23T15:55:43.767+0800] GC(1123) Concurrent Cleanup for Next Mark 0.296ms
[2024-08-23T15:55:43.767+0800] GC(1123) Concurrent Undo Cycle 0.370ms
[2024-08-23T15:55:44.961+0800] GC(1124) Pause Young (Concurrent Start) (G1 Humongous Allocation)
[2024-08-23T15:55:44.961+0800] GC(1124) Using 6 workers of 6 for evacuation
[2024-08-23T15:55:44.962+0800] GC(1124)   Pre Evacuate Collection Set: 0.1ms
[2024-08-23T15:55:44.962+0800] GC(1124)   Merge Heap Roots: 0.1ms
[2024-08-23T15:55:44.962+0800] GC(1124)   Evacuate Collection Set: 0.1ms
[2024-08-23T15:55:44.962+0800] GC(1124)   Post Evacuate Collection Set: 0.3ms
[2024-08-23T15:55:44.962+0800] GC(1124)   Other: 0.1ms
[2024-08-23T15:55:44.962+0800] GC(1124) Eden regions: 1->0(306)
[2024-08-23T15:55:44.962+0800] GC(1124) Survivor regions: 1->1(39)
[2024-08-23T15:55:44.962+0800] GC(1124) Old regions: 1->1
[2024-08-23T15:55:44.962+0800] GC(1124) Archive regions: 0->0
[2024-08-23T15:55:44.962+0800] GC(1124) Humongous regions: 225->14
[2024-08-23T15:55:44.962+0800] GC(1124) Metaspace: 303K(512K)->303K(512K) NonClass: 296K(384K)->296K(384K) Class: 6K(128K)->6K(128K)
[2024-08-23T15:55:44.962+0800] GC(1124) Pause Young (Concurrent Start) (G1 Humongous Allocation) 226M->14M(512M) 0.792ms
[2024-08-23T15:55:44.962+0800] GC(1124) User=0.00s Sys=0.00s Real=0.00s
[2024-08-23T15:55:44.962+0800] GC(1125) Concurrent Undo Cycle
[2024-08-23T15:55:44.962+0800] GC(1125) Concurrent Cleanup for Next Mark
[2024-08-23T15:55:44.963+0800] GC(1125) Concurrent Cleanup for Next Mark 0.359ms
[2024-08-23T15:55:44.963+0800] GC(1125) Concurrent Undo Cycle 0.433ms
[2024-08-23T15:55:45.827+0800] GC(1126) Pause Young (Concurrent Start) (G1 Humongous Allocation)
[2024-08-23T15:55:45.827+0800] GC(1126) Using 6 workers of 6 for evacuation
[2024-08-23T15:55:45.827+0800] GC(1126)   Pre Evacuate Collection Set: 0.1ms
[2024-08-23T15:55:45.827+0800] GC(1126)   Merge Heap Roots: 0.1ms
[2024-08-23T15:55:45.828+0800] GC(1126)   Evacuate Collection Set: 0.1ms
[2024-08-23T15:55:45.828+0800] GC(1126)   Post Evacuate Collection Set: 0.3ms
[2024-08-23T15:55:45.828+0800] GC(1126)   Other: 0.1ms
[2024-08-23T15:55:45.828+0800] GC(1126) Eden regions: 1->0(306)
[2024-08-23T15:55:45.828+0800] GC(1126) Survivor regions: 1->1(39)
[2024-08-23T15:55:45.828+0800] GC(1126) Old regions: 1->1
[2024-08-23T15:55:45.828+0800] GC(1126) Archive regions: 0->0
[2024-08-23T15:55:45.828+0800] GC(1126) Humongous regions: 132->70
[2024-08-23T15:55:45.828+0800] GC(1126) Metaspace: 303K(512K)->303K(512K) NonClass: 296K(384K)->296K(384K) Class: 6K(128K)->6K(128K)
[2024-08-23T15:55:45.828+0800] GC(1126) Pause Young (Concurrent Start) (G1 Humongous Allocation) 133M->70M(512M) 0.899ms
[2024-08-23T15:55:45.828+0800] GC(1126) User=0.00s Sys=0.00s Real=0.00s
[2024-08-23T15:55:45.828+0800] GC(1127) Concurrent Undo Cycle
[2024-08-23T15:55:45.828+0800] GC(1127) Concurrent Cleanup for Next Mark
[2024-08-23T15:55:45.828+0800] GC(1127) Concurrent Cleanup for Next Mark 0.233ms
[2024-08-23T15:55:45.828+0800] GC(1127) Concurrent Undo Cycle 0.289ms
[2024-08-23T15:55:46.903+0800] GC(1128) Pause Young (Concurrent Start) (G1 Humongous Allocation)
[2024-08-23T15:55:46.903+0800] GC(1128) Using 6 workers of 6 for evacuation
[2024-08-23T15:55:46.903+0800] GC(1128)   Pre Evacuate Collection Set: 0.0ms
[2024-08-23T15:55:46.903+0800] GC(1128)   Merge Heap Roots: 0.0ms
[2024-08-23T15:55:46.903+0800] GC(1128)   Evacuate Collection Set: 0.1ms
[2024-08-23T15:55:46.903+0800] GC(1128)   Post Evacuate Collection Set: 0.2ms
[2024-08-23T15:55:46.903+0800] GC(1128)   Other: 0.1ms
[2024-08-23T15:55:46.903+0800] GC(1128) Eden regions: 1->0(306)
[2024-08-23T15:55:46.903+0800] GC(1128) Survivor regions: 1->1(39)
[2024-08-23T15:55:46.903+0800] GC(1128) Old regions: 1->1
[2024-08-23T15:55:46.903+0800] GC(1128) Archive regions: 0->0
[2024-08-23T15:55:46.903+0800] GC(1128) Humongous regions: 222->36
[2024-08-23T15:55:46.903+0800] GC(1128) Metaspace: 303K(512K)->303K(512K) NonClass: 296K(384K)->296K(384K) Class: 6K(128K)->6K(128K)
[2024-08-23T15:55:46.903+0800] GC(1128) Pause Young (Concurrent Start) (G1 Humongous Allocation) 223M->36M(512M) 0.545ms
[2024-08-23T15:55:46.903+0800] GC(1128) User=0.00s Sys=0.00s Real=0.00s
[2024-08-23T15:55:46.903+0800] GC(1129) Concurrent Undo Cycle
[2024-08-23T15:55:46.903+0800] GC(1129) Concurrent Cleanup for Next Mark
[2024-08-23T15:55:46.904+0800] GC(1129) Concurrent Cleanup for Next Mark 0.385ms
[2024-08-23T15:55:46.904+0800] GC(1129) Concurrent Undo Cycle 0.470ms
[2024-08-23T15:55:48.636+0800] GC(1130) Pause Young (Concurrent Start) (G1 Humongous Allocation)
[2024-08-23T15:55:48.636+0800] GC(1130) Using 6 workers of 6 for evacuation
[2024-08-23T15:55:48.636+0800] GC(1130)   Pre Evacuate Collection Set: 0.0ms
[2024-08-23T15:55:48.636+0800] GC(1130)   Merge Heap Roots: 0.0ms
[2024-08-23T15:55:48.636+0800] GC(1130)   Evacuate Collection Set: 0.1ms
[2024-08-23T15:55:48.636+0800] GC(1130)   Post Evacuate Collection Set: 0.2ms
[2024-08-23T15:55:48.636+0800] GC(1130)   Other: 0.1ms
[2024-08-23T15:55:48.636+0800] GC(1130) Eden regions: 1->0(306)
[2024-08-23T15:55:48.636+0800] GC(1130) Survivor regions: 1->1(39)
[2024-08-23T15:55:48.636+0800] GC(1130) Old regions: 1->1
[2024-08-23T15:55:48.636+0800] GC(1130) Archive regions: 0->0
[2024-08-23T15:55:48.636+0800] GC(1130) Humongous regions: 177->78
[2024-08-23T15:55:48.636+0800] GC(1130) Metaspace: 303K(512K)->303K(512K) NonClass: 296K(384K)->296K(384K) Class: 6K(128K)->6K(128K)
[2024-08-23T15:55:48.636+0800] GC(1130) Pause Young (Concurrent Start) (G1 Humongous Allocation) 178M->78M(512M) 0.606ms
[2024-08-23T15:55:48.636+0800] GC(1130) User=0.00s Sys=0.00s Real=0.00s
[2024-08-23T15:55:48.636+0800] GC(1131) Concurrent Undo Cycle
[2024-08-23T15:55:48.636+0800] GC(1131) Concurrent Cleanup for Next Mark
[2024-08-23T15:55:48.636+0800] GC(1131) Concurrent Cleanup for Next Mark 0.328ms
[2024-08-23T15:55:48.636+0800] GC(1131) Concurrent Undo Cycle 0.413ms
[2024-08-23T15:55:49.719+0800] GC(1132) Pause Young (Concurrent Start) (G1 Humongous Allocation)
[2024-08-23T15:55:49.719+0800] GC(1132) Using 6 workers of 6 for evacuation
[2024-08-23T15:55:49.720+0800] GC(1132)   Pre Evacuate Collection Set: 0.1ms
[2024-08-23T15:55:49.720+0800] GC(1132)   Merge Heap Roots: 0.1ms
[2024-08-23T15:55:49.720+0800] GC(1132)   Evacuate Collection Set: 0.2ms
[2024-08-23T15:55:49.720+0800] GC(1132)   Post Evacuate Collection Set: 0.4ms
[2024-08-23T15:55:49.720+0800] GC(1132)   Other: 0.1ms
[2024-08-23T15:55:49.720+0800] GC(1132) Eden regions: 1->0(306)
[2024-08-23T15:55:49.720+0800] GC(1132) Survivor regions: 1->1(39)
[2024-08-23T15:55:49.720+0800] GC(1132) Old regions: 1->1
[2024-08-23T15:55:49.720+0800] GC(1132) Archive regions: 0->0
[2024-08-23T15:55:49.720+0800] GC(1132) Humongous regions: 230->44
[2024-08-23T15:55:49.720+0800] GC(1132) Metaspace: 303K(512K)->303K(512K) NonClass: 296K(384K)->296K(384K) Class: 6K(128K)->6K(128K)
[2024-08-23T15:55:49.720+0800] GC(1132) Pause Young (Concurrent Start) (G1 Humongous Allocation) 231M->44M(512M) 1.007ms
[2024-08-23T15:55:49.720+0800] GC(1132) User=0.00s Sys=0.00s Real=0.00s
[2024-08-23T15:55:49.720+0800] GC(1133) Concurrent Undo Cycle
[2024-08-23T15:55:49.720+0800] GC(1133) Concurrent Cleanup for Next Mark
[2024-08-23T15:55:49.720+0800] GC(1133) Concurrent Cleanup for Next Mark 0.301ms
[2024-08-23T15:55:49.721+0800] GC(1133) Concurrent Undo Cycle 0.388ms
[2024-08-23T15:55:50.258+0800] GC(1134) Pause Young (Concurrent Start) (G1 Humongous Allocation)
[2024-08-23T15:55:50.258+0800] GC(1134) Using 6 workers of 6 for evacuation
[2024-08-23T15:55:50.258+0800] GC(1134)   Pre Evacuate Collection Set: 0.0ms
[2024-08-23T15:55:50.258+0800] GC(1134)   Merge Heap Roots: 0.0ms
[2024-08-23T15:55:50.258+0800] GC(1134)   Evacuate Collection Set: 0.1ms
[2024-08-23T15:55:50.258+0800] GC(1134)   Post Evacuate Collection Set: 0.2ms
[2024-08-23T15:55:50.258+0800] GC(1134)   Other: 0.1ms
[2024-08-23T15:55:50.258+0800] GC(1134) Eden regions: 1->0(306)
[2024-08-23T15:55:50.258+0800] GC(1134) Survivor regions: 1->1(39)
[2024-08-23T15:55:50.258+0800] GC(1134) Old regions: 1->1
[2024-08-23T15:55:50.259+0800] GC(1134) Archive regions: 0->0
[2024-08-23T15:55:50.259+0800] GC(1134) Humongous regions: 230->86
[2024-08-23T15:55:50.259+0800] GC(1134) Metaspace: 303K(512K)->303K(512K) NonClass: 296K(384K)->296K(384K) Class: 6K(128K)->6K(128K)
[2024-08-23T15:55:50.259+0800] GC(1134) Pause Young (Concurrent Start) (G1 Humongous Allocation) 231M->86M(512M) 0.537ms
[2024-08-23T15:55:50.259+0800] GC(1134) User=0.00s Sys=0.00s Real=0.00s
[2024-08-23T15:55:50.259+0800] GC(1135) Concurrent Undo Cycle
[2024-08-23T15:55:50.259+0800] GC(1135) Concurrent Cleanup for Next Mark
[2024-08-23T15:55:50.259+0800] GC(1135) Concurrent Cleanup for Next Mark 0.194ms
[2024-08-23T15:55:50.259+0800] GC(1135) Concurrent Undo Cycle 0.240ms
[2024-08-23T15:55:51.448+0800] GC(1136) Pause Young (Concurrent Start) (G1 Humongous Allocation)
[2024-08-23T15:55:51.448+0800] GC(1136) Using 6 workers of 6 for evacuation
[2024-08-23T15:55:51.448+0800] GC(1136)   Pre Evacuate Collection Set: 0.0ms
[2024-08-23T15:55:51.448+0800] GC(1136)   Merge Heap Roots: 0.0ms
[2024-08-23T15:55:51.448+0800] GC(1136)   Evacuate Collection Set: 0.1ms
[2024-08-23T15:55:51.448+0800] GC(1136)   Post Evacuate Collection Set: 0.1ms
[2024-08-23T15:55:51.448+0800] GC(1136)   Other: 0.1ms
[2024-08-23T15:55:51.448+0800] GC(1136) Eden regions: 1->0(306)
[2024-08-23T15:55:51.448+0800] GC(1136) Survivor regions: 1->1(39)
[2024-08-23T15:55:51.448+0800] GC(1136) Old regions: 1->1
[2024-08-23T15:55:51.448+0800] GC(1136) Archive regions: 0->0
[2024-08-23T15:55:51.448+0800] GC(1136) Humongous regions: 163->51
[2024-08-23T15:55:51.448+0800] GC(1136) Metaspace: 303K(512K)->303K(512K) NonClass: 296K(384K)->296K(384K) Class: 6K(128K)->6K(128K)
[2024-08-23T15:55:51.448+0800] GC(1136) Pause Young (Concurrent Start) (G1 Humongous Allocation) 164M->51M(512M) 0.516ms
[2024-08-23T15:55:51.448+0800] GC(1136) User=0.00s Sys=0.00s Real=0.00s
[2024-08-23T15:55:51.448+0800] GC(1137) Concurrent Undo Cycle
[2024-08-23T15:55:51.448+0800] GC(1137) Concurrent Cleanup for Next Mark
[2024-08-23T15:55:51.448+0800] GC(1137) Concurrent Cleanup for Next Mark 0.242ms
[2024-08-23T15:55:51.448+0800] GC(1137) Concurrent Undo Cycle 0.310ms
[2024-08-23T15:55:52.642+0800] GC(1138) Pause Young (Concurrent Start) (G1 Humongous Allocation)
[2024-08-23T15:55:52.642+0800] GC(1138) Using 6 workers of 6 for evacuation
[2024-08-23T15:55:52.642+0800] GC(1138)   Pre Evacuate Collection Set: 0.1ms
[2024-08-23T15:55:52.642+0800] GC(1138)   Merge Heap Roots: 0.1ms
[2024-08-23T15:55:52.642+0800] GC(1138)   Evacuate Collection Set: 0.1ms
[2024-08-23T15:55:52.642+0800] GC(1138)   Post Evacuate Collection Set: 0.3ms
[2024-08-23T15:55:52.642+0800] GC(1138)   Other: 0.1ms
[2024-08-23T15:55:52.642+0800] GC(1138) Eden regions: 1->0(306)
[2024-08-23T15:55:52.642+0800] GC(1138) Survivor regions: 1->1(39)
[2024-08-23T15:55:52.642+0800] GC(1138) Old regions: 1->1
[2024-08-23T15:55:52.642+0800] GC(1138) Archive regions: 0->0
[2024-08-23T15:55:52.642+0800] GC(1138) Humongous regions: 214->118
[2024-08-23T15:55:52.642+0800] GC(1138) Metaspace: 303K(512K)->303K(512K) NonClass: 296K(384K)->296K(384K) Class: 6K(128K)->6K(128K)
[2024-08-23T15:55:52.642+0800] GC(1138) Pause Young (Concurrent Start) (G1 Humongous Allocation) 215M->118M(512M) 0.783ms
[2024-08-23T15:55:52.642+0800] GC(1138) User=0.00s Sys=0.00s Real=0.00s
[2024-08-23T15:55:52.642+0800] GC(1139) Concurrent Undo Cycle
[2024-08-23T15:55:52.643+0800] GC(1139) Concurrent Cleanup for Next Mark
[2024-08-23T15:55:52.643+0800] GC(1139) Concurrent Cleanup for Next Mark 0.265ms
[2024-08-23T15:55:52.643+0800] GC(1139) Concurrent Undo Cycle 0.345ms
[2024-08-23T15:55:52.859+0800] GC(1140) Pause Young (Concurrent Start) (G1 Humongous Allocation)
[2024-08-23T15:55:52.859+0800] GC(1140) Using 6 workers of 6 for evacuation
[2024-08-23T15:55:52.859+0800] GC(1140)   Pre Evacuate Collection Set: 0.0ms
[2024-08-23T15:55:52.859+0800] GC(1140)   Merge Heap Roots: 0.0ms
[2024-08-23T15:55:52.859+0800] GC(1140)   Evacuate Collection Set: 0.1ms
[2024-08-23T15:55:52.859+0800] GC(1140)   Post Evacuate Collection Set: 0.1ms
[2024-08-23T15:55:52.859+0800] GC(1140)   Other: 0.1ms
[2024-08-23T15:55:52.859+0800] GC(1140) Eden regions: 1->0(299)
[2024-08-23T15:55:52.859+0800] GC(1140) Survivor regions: 1->1(39)
[2024-08-23T15:55:52.859+0800] GC(1140) Old regions: 1->1
[2024-08-23T15:55:52.859+0800] GC(1140) Archive regions: 0->0
[2024-08-23T15:55:52.859+0800] GC(1140) Humongous regions: 190->158
[2024-08-23T15:55:52.859+0800] GC(1140) Metaspace: 303K(512K)->303K(512K) NonClass: 296K(384K)->296K(384K) Class: 6K(128K)->6K(128K)
[2024-08-23T15:55:52.859+0800] GC(1140) Pause Young (Concurrent Start) (G1 Humongous Allocation) 191M->158M(512M) 0.543ms
[2024-08-23T15:55:52.859+0800] GC(1140) User=0.00s Sys=0.00s Real=0.00s
[2024-08-23T15:55:52.859+0800] GC(1141) Concurrent Undo Cycle
[2024-08-23T15:55:52.859+0800] GC(1141) Concurrent Cleanup for Next Mark
[2024-08-23T15:55:52.859+0800] GC(1141) Concurrent Cleanup for Next Mark 0.262ms
[2024-08-23T15:55:52.859+0800] GC(1141) Concurrent Undo Cycle 0.333ms
[2024-08-23T15:55:52.967+0800] GC(1142) Pause Young (Concurrent Start) (G1 Humongous Allocation)
[2024-08-23T15:55:52.967+0800] GC(1142) Using 6 workers of 6 for evacuation
[2024-08-23T15:55:52.967+0800] GC(1142)   Pre Evacuate Collection Set: 0.1ms
[2024-08-23T15:55:52.968+0800] GC(1142)   Merge Heap Roots: 0.0ms
[2024-08-23T15:55:52.968+0800] GC(1142)   Evacuate Collection Set: 0.1ms
[2024-08-23T15:55:52.968+0800] GC(1142)   Post Evacuate Collection Set: 0.1ms
[2024-08-23T15:55:52.968+0800] GC(1142)   Other: 0.1ms
[2024-08-23T15:55:52.968+0800] GC(1142) Eden regions: 1->0(249)
[2024-08-23T15:55:52.968+0800] GC(1142) Survivor regions: 1->1(38)
[2024-08-23T15:55:52.968+0800] GC(1142) Old regions: 1->1
[2024-08-23T15:55:52.968+0800] GC(1142) Archive regions: 0->0
[2024-08-23T15:55:52.968+0800] GC(1142) Humongous regions: 259->208
[2024-08-23T15:55:52.968+0800] GC(1142) Metaspace: 303K(512K)->303K(512K) NonClass: 296K(384K)->296K(384K) Class: 6K(128K)->6K(128K)
[2024-08-23T15:55:52.968+0800] GC(1142) Pause Young (Concurrent Start) (G1 Humongous Allocation) 260M->208M(512M) 0.589ms
[2024-08-23T15:55:52.968+0800] GC(1142) User=0.00s Sys=0.00s Real=0.00s
[2024-08-23T15:55:52.968+0800] GC(1143) Concurrent Undo Cycle
[2024-08-23T15:55:52.968+0800] GC(1143) Concurrent Cleanup for Next Mark
[2024-08-23T15:55:52.968+0800] GC(1143) Concurrent Cleanup for Next Mark 0.221ms
[2024-08-23T15:55:52.968+0800] GC(1143) Concurrent Undo Cycle 0.268ms
[2024-08-23T15:55:53.514+0800] GC(1144) Pause Young (Concurrent Start) (G1 Humongous Allocation)
[2024-08-23T15:55:53.514+0800] GC(1144) Using 6 workers of 6 for evacuation
[2024-08-23T15:55:53.515+0800] GC(1144)   Pre Evacuate Collection Set: 0.1ms
[2024-08-23T15:55:53.515+0800] GC(1144)   Merge Heap Roots: 0.1ms
[2024-08-23T15:55:53.515+0800] GC(1144)   Evacuate Collection Set: 0.1ms
[2024-08-23T15:55:53.515+0800] GC(1144)   Post Evacuate Collection Set: 0.3ms
[2024-08-23T15:55:53.515+0800] GC(1144)   Other: 0.1ms
[2024-08-23T15:55:53.515+0800] GC(1144) Eden regions: 1->0(306)
[2024-08-23T15:55:53.515+0800] GC(1144) Survivor regions: 1->1(32)
[2024-08-23T15:55:53.515+0800] GC(1144) Old regions: 1->1
[2024-08-23T15:55:53.515+0800] GC(1144) Archive regions: 0->0
[2024-08-23T15:55:53.515+0800] GC(1144) Humongous regions: 230->115
[2024-08-23T15:55:53.515+0800] GC(1144) Metaspace: 303K(512K)->303K(512K) NonClass: 296K(384K)->296K(384K) Class: 6K(128K)->6K(128K)
[2024-08-23T15:55:53.515+0800] GC(1144) Pause Young (Concurrent Start) (G1 Humongous Allocation) 231M->115M(512M) 0.750ms
[2024-08-23T15:55:53.515+0800] GC(1144) User=0.00s Sys=0.00s Real=0.00s
[2024-08-23T15:55:53.515+0800] GC(1145) Concurrent Undo Cycle
[2024-08-23T15:55:53.515+0800] GC(1145) Concurrent Cleanup for Next Mark
[2024-08-23T15:55:53.516+0800] GC(1145) Concurrent Cleanup for Next Mark 0.345ms
[2024-08-23T15:55:53.516+0800] GC(1145) Concurrent Undo Cycle 0.409ms
[2024-08-23T15:55:54.273+0800] GC(1146) Pause Young (Concurrent Start) (G1 Humongous Allocation)
[2024-08-23T15:55:54.273+0800] GC(1146) Using 6 workers of 6 for evacuation
[2024-08-23T15:55:54.274+0800] GC(1146)   Pre Evacuate Collection Set: 0.1ms
[2024-08-23T15:55:54.274+0800] GC(1146)   Merge Heap Roots: 0.1ms
[2024-08-23T15:55:54.274+0800] GC(1146)   Evacuate Collection Set: 0.2ms
[2024-08-23T15:55:54.274+0800] GC(1146)   Post Evacuate Collection Set: 0.4ms
[2024-08-23T15:55:54.274+0800] GC(1146)   Other: 0.1ms
[2024-08-23T15:55:54.274+0800] GC(1146) Eden regions: 1->0(291)
[2024-08-23T15:55:54.274+0800] GC(1146) Survivor regions: 1->1(39)
[2024-08-23T15:55:54.274+0800] GC(1146) Old regions: 1->1
[2024-08-23T15:55:54.274+0800] GC(1146) Archive regions: 0->0
[2024-08-23T15:55:54.274+0800] GC(1146) Humongous regions: 227->166
[2024-08-23T15:55:54.274+0800] GC(1146) Metaspace: 303K(512K)->303K(512K) NonClass: 296K(384K)->296K(384K) Class: 6K(128K)->6K(128K)
[2024-08-23T15:55:54.274+0800] GC(1146) Pause Young (Concurrent Start) (G1 Humongous Allocation) 228M->166M(512M) 0.971ms
[2024-08-23T15:55:54.274+0800] GC(1146) User=0.00s Sys=0.00s Real=0.00s
[2024-08-23T15:55:54.274+0800] GC(1147) Concurrent Undo Cycle
[2024-08-23T15:55:54.274+0800] GC(1147) Concurrent Cleanup for Next Mark
[2024-08-23T15:55:54.274+0800] GC(1147) Concurrent Cleanup for Next Mark 0.256ms
[2024-08-23T15:55:54.274+0800] GC(1147) Concurrent Undo Cycle 0.311ms
[2024-08-23T15:55:54.381+0800] GC(1148) Pause Young (Concurrent Start) (G1 Humongous Allocation)
[2024-08-23T15:55:54.381+0800] GC(1148) Using 6 workers of 6 for evacuation
[2024-08-23T15:55:54.381+0800] GC(1148)   Pre Evacuate Collection Set: 0.0ms
[2024-08-23T15:55:54.381+0800] GC(1148)   Merge Heap Roots: 0.0ms
[2024-08-23T15:55:54.381+0800] GC(1148)   Evacuate Collection Set: 0.1ms
[2024-08-23T15:55:54.381+0800] GC(1148)   Post Evacuate Collection Set: 0.1ms
[2024-08-23T15:55:54.381+0800] GC(1148)   Other: 0.1ms
[2024-08-23T15:55:54.381+0800] GC(1148) Eden regions: 1->0(241)
[2024-08-23T15:55:54.381+0800] GC(1148) Survivor regions: 1->1(37)
[2024-08-23T15:55:54.381+0800] GC(1148) Old regions: 1->1
[2024-08-23T15:55:54.381+0800] GC(1148) Archive regions: 0->0
[2024-08-23T15:55:54.381+0800] GC(1148) Humongous regions: 267->216
[2024-08-23T15:55:54.381+0800] GC(1148) Metaspace: 303K(512K)->303K(512K) NonClass: 296K(384K)->296K(384K) Class: 6K(128K)->6K(128K)
[2024-08-23T15:55:54.381+0800] GC(1148) Pause Young (Concurrent Start) (G1 Humongous Allocation) 268M->216M(512M) 0.583ms
[2024-08-23T15:55:54.381+0800] GC(1148) User=0.00s Sys=0.00s Real=0.00s
[2024-08-23T15:55:54.381+0800] GC(1149) Concurrent Undo Cycle
[2024-08-23T15:55:54.381+0800] GC(1149) Concurrent Cleanup for Next Mark
[2024-08-23T15:55:54.382+0800] GC(1149) Concurrent Cleanup for Next Mark 0.253ms
[2024-08-23T15:55:54.382+0800] GC(1149) Concurrent Undo Cycle 0.350ms
[2024-08-23T15:55:55.243+0800] GC(1150) Pause Young (Concurrent Start) (G1 Humongous Allocation)
[2024-08-23T15:55:55.243+0800] GC(1150) Using 6 workers of 6 for evacuation
[2024-08-23T15:55:55.243+0800] GC(1150)   Pre Evacuate Collection Set: 0.0ms
[2024-08-23T15:55:55.243+0800] GC(1150)   Merge Heap Roots: 0.0ms
[2024-08-23T15:55:55.243+0800] GC(1150)   Evacuate Collection Set: 0.1ms
[2024-08-23T15:55:55.243+0800] GC(1150)   Post Evacuate Collection Set: 0.2ms
[2024-08-23T15:55:55.243+0800] GC(1150)   Other: 0.1ms
[2024-08-23T15:55:55.243+0800] GC(1150) Eden regions: 1->0(306)
[2024-08-23T15:55:55.243+0800] GC(1150) Survivor regions: 1->1(31)
[2024-08-23T15:55:55.243+0800] GC(1150) Old regions: 1->1
[2024-08-23T15:55:55.243+0800] GC(1150) Archive regions: 0->0
[2024-08-23T15:55:55.243+0800] GC(1150) Humongous regions: 226->6
[2024-08-23T15:55:55.243+0800] GC(1150) Metaspace: 303K(512K)->303K(512K) NonClass: 296K(384K)->296K(384K) Class: 6K(128K)->6K(128K)
[2024-08-23T15:55:55.243+0800] GC(1150) Pause Young (Concurrent Start) (G1 Humongous Allocation) 227M->6M(512M) 0.580ms
[2024-08-23T15:55:55.243+0800] GC(1150) User=0.00s Sys=0.00s Real=0.00s
[2024-08-23T15:55:55.243+0800] GC(1151) Concurrent Undo Cycle
[2024-08-23T15:55:55.243+0800] GC(1151) Concurrent Cleanup for Next Mark
[2024-08-23T15:55:55.244+0800] GC(1151) Concurrent Cleanup for Next Mark 0.306ms
[2024-08-23T15:55:55.244+0800] GC(1151) Concurrent Undo Cycle 0.386ms
[2024-08-23T15:55:56.428+0800] GC(1152) Pause Young (Concurrent Start) (G1 Humongous Allocation)
[2024-08-23T15:55:56.428+0800] GC(1152) Using 6 workers of 6 for evacuation
[2024-08-23T15:55:56.428+0800] GC(1152)   Pre Evacuate Collection Set: 0.0ms
[2024-08-23T15:55:56.428+0800] GC(1152)   Merge Heap Roots: 0.0ms
[2024-08-23T15:55:56.428+0800] GC(1152)   Evacuate Collection Set: 0.1ms
[2024-08-23T15:55:56.428+0800] GC(1152)   Post Evacuate Collection Set: 0.2ms
[2024-08-23T15:55:56.428+0800] GC(1152)   Other: 0.1ms
[2024-08-23T15:55:56.428+0800] GC(1152) Eden regions: 1->0(307)
[2024-08-23T15:55:56.428+0800] GC(1152) Survivor regions: 1->0(39)
[2024-08-23T15:55:56.428+0800] GC(1152) Old regions: 1->1
[2024-08-23T15:55:56.428+0800] GC(1152) Archive regions: 0->0
[2024-08-23T15:55:56.428+0800] GC(1152) Humongous regions: 229->23
[2024-08-23T15:55:56.428+0800] GC(1152) Metaspace: 303K(512K)->303K(512K) NonClass: 296K(384K)->296K(384K) Class: 6K(128K)->6K(128K)
[2024-08-23T15:55:56.428+0800] GC(1152) Pause Young (Concurrent Start) (G1 Humongous Allocation) 230M->23M(512M) 0.588ms
[2024-08-23T15:55:56.428+0800] GC(1152) User=0.00s Sys=0.00s Real=0.00s
[2024-08-23T15:55:56.429+0800] GC(1153) Concurrent Undo Cycle
[2024-08-23T15:55:56.429+0800] GC(1153) Concurrent Cleanup for Next Mark
[2024-08-23T15:55:56.429+0800] GC(1153) Concurrent Cleanup for Next Mark 0.285ms
[2024-08-23T15:55:56.429+0800] GC(1153) Concurrent Undo Cycle 0.356ms
[2024-08-23T15:55:57.189+0800] GC(1154) Pause Young (Concurrent Start) (G1 Humongous Allocation)
[2024-08-23T15:55:57.189+0800] GC(1154) Using 6 workers of 6 for evacuation
[2024-08-23T15:55:57.189+0800] GC(1154)   Pre Evacuate Collection Set: 0.0ms
[2024-08-23T15:55:57.189+0800] GC(1154)   Merge Heap Roots: 0.0ms
[2024-08-23T15:55:57.189+0800] GC(1154)   Evacuate Collection Set: 0.1ms
[2024-08-23T15:55:57.189+0800] GC(1154)   Post Evacuate Collection Set: 0.2ms
[2024-08-23T15:55:57.189+0800] GC(1154)   Other: 0.1ms
[2024-08-23T15:55:57.189+0800] GC(1154) Eden regions: 1->0(307)
[2024-08-23T15:55:57.189+0800] GC(1154) Survivor regions: 0->0(39)
[2024-08-23T15:55:57.189+0800] GC(1154) Old regions: 1->1
[2024-08-23T15:55:57.189+0800] GC(1154) Archive regions: 0->0
[2024-08-23T15:55:57.189+0800] GC(1154) Humongous regions: 230->129
[2024-08-23T15:55:57.189+0800] GC(1154) Metaspace: 303K(512K)->303K(512K) NonClass: 296K(384K)->296K(384K) Class: 6K(128K)->6K(128K)
[2024-08-23T15:55:57.189+0800] GC(1154) Pause Young (Concurrent Start) (G1 Humongous Allocation) 231M->129M(512M) 0.534ms
[2024-08-23T15:55:57.189+0800] GC(1154) User=0.00s Sys=0.00s Real=0.00s
[2024-08-23T15:55:57.189+0800] GC(1155) Concurrent Undo Cycle
[2024-08-23T15:55:57.189+0800] GC(1155) Concurrent Cleanup for Next Mark
[2024-08-23T15:55:57.189+0800] GC(1155) Concurrent Cleanup for Next Mark 0.190ms
[2024-08-23T15:55:57.189+0800] GC(1155) Concurrent Undo Cycle 0.243ms
[2024-08-23T15:55:59.245+0800] GC(1156) Pause Young (Concurrent Start) (G1 Humongous Allocation)
[2024-08-23T15:55:59.245+0800] GC(1156) Using 6 workers of 6 for evacuation
[2024-08-23T15:55:59.245+0800] GC(1156)   Pre Evacuate Collection Set: 0.0ms
[2024-08-23T15:55:59.245+0800] GC(1156)   Merge Heap Roots: 0.0ms
[2024-08-23T15:55:59.245+0800] GC(1156)   Evacuate Collection Set: 0.1ms
[2024-08-23T15:55:59.245+0800] GC(1156)   Post Evacuate Collection Set: 0.2ms
[2024-08-23T15:55:59.245+0800] GC(1156)   Other: 0.1ms
[2024-08-23T15:55:59.245+0800] GC(1156) Eden regions: 1->0(307)
[2024-08-23T15:55:59.245+0800] GC(1156) Survivor regions: 0->0(39)
[2024-08-23T15:55:59.245+0800] GC(1156) Old regions: 1->1
[2024-08-23T15:55:59.245+0800] GC(1156) Archive regions: 0->0
[2024-08-23T15:55:59.245+0800] GC(1156) Humongous regions: 230->12
[2024-08-23T15:55:59.245+0800] GC(1156) Metaspace: 303K(512K)->303K(512K) NonClass: 296K(384K)->296K(384K) Class: 6K(128K)->6K(128K)
[2024-08-23T15:55:59.245+0800] GC(1156) Pause Young (Concurrent Start) (G1 Humongous Allocation) 231M->12M(512M) 0.643ms
[2024-08-23T15:55:59.245+0800] GC(1156) User=0.00s Sys=0.00s Real=0.00s
[2024-08-23T15:55:59.245+0800] GC(1157) Concurrent Undo Cycle
[2024-08-23T15:55:59.245+0800] GC(1157) Concurrent Cleanup for Next Mark
[2024-08-23T15:55:59.246+0800] GC(1157) Concurrent Cleanup for Next Mark 0.304ms
[2024-08-23T15:55:59.246+0800] GC(1157) Concurrent Undo Cycle 0.378ms
[2024-08-23T15:56:00.330+0800] GC(1158) Pause Young (Concurrent Start) (G1 Humongous Allocation)
[2024-08-23T15:56:00.330+0800] GC(1158) Using 6 workers of 6 for evacuation
[2024-08-23T15:56:00.330+0800] GC(1158)   Pre Evacuate Collection Set: 0.0ms
[2024-08-23T15:56:00.330+0800] GC(1158)   Merge Heap Roots: 0.0ms
[2024-08-23T15:56:00.330+0800] GC(1158)   Evacuate Collection Set: 0.1ms
[2024-08-23T15:56:00.330+0800] GC(1158)   Post Evacuate Collection Set: 0.2ms
[2024-08-23T15:56:00.330+0800] GC(1158)   Other: 0.1ms
[2024-08-23T15:56:00.330+0800] GC(1158) Eden regions: 1->0(307)
[2024-08-23T15:56:00.330+0800] GC(1158) Survivor regions: 0->0(39)
[2024-08-23T15:56:00.330+0800] GC(1158) Old regions: 1->1
[2024-08-23T15:56:00.330+0800] GC(1158) Archive regions: 0->0
[2024-08-23T15:56:00.330+0800] GC(1158) Humongous regions: 229->63
[2024-08-23T15:56:00.330+0800] GC(1158) Metaspace: 303K(512K)->303K(512K) NonClass: 296K(384K)->296K(384K) Class: 6K(128K)->6K(128K)
[2024-08-23T15:56:00.330+0800] GC(1158) Pause Young (Concurrent Start) (G1 Humongous Allocation) 230M->63M(512M) 0.526ms
[2024-08-23T15:56:00.330+0800] GC(1158) User=0.00s Sys=0.00s Real=0.00s
[2024-08-23T15:56:00.330+0800] GC(1159) Concurrent Undo Cycle
[2024-08-23T15:56:00.330+0800] GC(1159) Concurrent Cleanup for Next Mark
[2024-08-23T15:56:00.330+0800] GC(1159) Concurrent Cleanup for Next Mark 0.238ms
[2024-08-23T15:56:00.330+0800] GC(1159) Concurrent Undo Cycle 0.316ms
[2024-08-23T15:56:01.306+0800] GC(1160) Pause Young (Concurrent Start) (G1 Humongous Allocation)
[2024-08-23T15:56:01.306+0800] GC(1160) Using 6 workers of 6 for evacuation
[2024-08-23T15:56:01.307+0800] GC(1160)   Pre Evacuate Collection Set: 0.1ms
[2024-08-23T15:56:01.307+0800] GC(1160)   Merge Heap Roots: 0.0ms
[2024-08-23T15:56:01.307+0800] GC(1160)   Evacuate Collection Set: 0.1ms
[2024-08-23T15:56:01.307+0800] GC(1160)   Post Evacuate Collection Set: 0.2ms
[2024-08-23T15:56:01.307+0800] GC(1160)   Other: 0.2ms
[2024-08-23T15:56:01.307+0800] GC(1160) Eden regions: 1->0(307)
[2024-08-23T15:56:01.307+0800] GC(1160) Survivor regions: 0->0(39)
[2024-08-23T15:56:01.307+0800] GC(1160) Old regions: 1->1
[2024-08-23T15:56:01.307+0800] GC(1160) Archive regions: 0->0
[2024-08-23T15:56:01.307+0800] GC(1160) Humongous regions: 187->114
[2024-08-23T15:56:01.307+0800] GC(1160) Metaspace: 303K(512K)->303K(512K) NonClass: 296K(384K)->296K(384K) Class: 6K(128K)->6K(128K)
[2024-08-23T15:56:01.307+0800] GC(1160) Pause Young (Concurrent Start) (G1 Humongous Allocation) 188M->114M(512M) 0.687ms
[2024-08-23T15:56:01.307+0800] GC(1160) User=0.00s Sys=0.00s Real=0.00s
[2024-08-23T15:56:01.307+0800] GC(1161) Concurrent Undo Cycle
[2024-08-23T15:56:01.307+0800] GC(1161) Concurrent Cleanup for Next Mark
[2024-08-23T15:56:01.307+0800] GC(1161) Concurrent Cleanup for Next Mark 0.387ms
[2024-08-23T15:56:01.307+0800] GC(1161) Concurrent Undo Cycle 0.498ms
[2024-08-23T15:56:01.738+0800] GC(1162) Pause Young (Concurrent Start) (G1 Humongous Allocation)
[2024-08-23T15:56:01.738+0800] GC(1162) Using 6 workers of 6 for evacuation
[2024-08-23T15:56:01.739+0800] GC(1162)   Pre Evacuate Collection Set: 0.1ms
[2024-08-23T15:56:01.739+0800] GC(1162)   Merge Heap Roots: 0.1ms
[2024-08-23T15:56:01.739+0800] GC(1162)   Evacuate Collection Set: 0.1ms
[2024-08-23T15:56:01.739+0800] GC(1162)   Post Evacuate Collection Set: 0.1ms
[2024-08-23T15:56:01.739+0800] GC(1162)   Other: 0.1ms
[2024-08-23T15:56:01.739+0800] GC(1162) Eden regions: 1->0(288)
[2024-08-23T15:56:01.739+0800] GC(1162) Survivor regions: 0->0(39)
[2024-08-23T15:56:01.739+0800] GC(1162) Old regions: 1->1
[2024-08-23T15:56:01.739+0800] GC(1162) Archive regions: 0->0
[2024-08-23T15:56:01.739+0800] GC(1162) Humongous regions: 225->170
[2024-08-23T15:56:01.739+0800] GC(1162) Metaspace: 303K(512K)->303K(512K) NonClass: 296K(384K)->296K(384K) Class: 6K(128K)->6K(128K)
[2024-08-23T15:56:01.739+0800] GC(1162) Pause Young (Concurrent Start) (G1 Humongous Allocation) 226M->170M(512M) 0.622ms
[2024-08-23T15:56:01.739+0800] GC(1162) User=0.00s Sys=0.00s Real=0.00s
[2024-08-23T15:56:01.739+0800] GC(1163) Concurrent Undo Cycle
[2024-08-23T15:56:01.739+0800] GC(1163) Concurrent Cleanup for Next Mark
[2024-08-23T15:56:01.739+0800] GC(1163) Concurrent Cleanup for Next Mark 0.280ms
[2024-08-23T15:56:01.739+0800] GC(1163) Concurrent Undo Cycle 0.346ms
[2024-08-23T15:56:02.711+0800] GC(1164) Pause Young (Concurrent Start) (G1 Humongous Allocation)
[2024-08-23T15:56:02.711+0800] GC(1164) Using 6 workers of 6 for evacuation
[2024-08-23T15:56:02.711+0800] GC(1164)   Pre Evacuate Collection Set: 0.1ms
[2024-08-23T15:56:02.711+0800] GC(1164)   Merge Heap Roots: 0.1ms
[2024-08-23T15:56:02.711+0800] GC(1164)   Evacuate Collection Set: 0.2ms
[2024-08-23T15:56:02.711+0800] GC(1164)   Post Evacuate Collection Set: 0.4ms
[2024-08-23T15:56:02.711+0800] GC(1164)   Other: 0.1ms
[2024-08-23T15:56:02.711+0800] GC(1164) Eden regions: 1->0(307)
[2024-08-23T15:56:02.711+0800] GC(1164) Survivor regions: 0->0(36)
[2024-08-23T15:56:02.711+0800] GC(1164) Old regions: 1->1
[2024-08-23T15:56:02.711+0800] GC(1164) Archive regions: 0->0
[2024-08-23T15:56:02.711+0800] GC(1164) Humongous regions: 194->6
[2024-08-23T15:56:02.711+0800] GC(1164) Metaspace: 303K(512K)->303K(512K) NonClass: 296K(384K)->296K(384K) Class: 6K(128K)->6K(128K)
[2024-08-23T15:56:02.712+0800] GC(1164) Pause Young (Concurrent Start) (G1 Humongous Allocation) 195M->6M(512M) 1.039ms
[2024-08-23T15:56:02.712+0800] GC(1164) User=0.00s Sys=0.00s Real=0.00s
[2024-08-23T15:56:02.712+0800] GC(1165) Concurrent Undo Cycle
[2024-08-23T15:56:02.712+0800] GC(1165) Concurrent Cleanup for Next Mark
[2024-08-23T15:56:02.712+0800] GC(1165) Concurrent Cleanup for Next Mark 0.258ms
[2024-08-23T15:56:02.712+0800] GC(1165) Concurrent Undo Cycle 0.330ms
[2024-08-23T15:56:04.009+0800] GC(1166) Pause Young (Concurrent Start) (G1 Humongous Allocation)
[2024-08-23T15:56:04.009+0800] GC(1166) Using 6 workers of 6 for evacuation
[2024-08-23T15:56:04.009+0800] GC(1166)   Pre Evacuate Collection Set: 0.0ms
[2024-08-23T15:56:04.009+0800] GC(1166)   Merge Heap Roots: 0.0ms
[2024-08-23T15:56:04.009+0800] GC(1166)   Evacuate Collection Set: 0.1ms
[2024-08-23T15:56:04.009+0800] GC(1166)   Post Evacuate Collection Set: 0.2ms
[2024-08-23T15:56:04.009+0800] GC(1166)   Other: 0.1ms
[2024-08-23T15:56:04.009+0800] GC(1166) Eden regions: 1->0(307)
[2024-08-23T15:56:04.009+0800] GC(1166) Survivor regions: 0->0(39)
[2024-08-23T15:56:04.009+0800] GC(1166) Old regions: 1->1
[2024-08-23T15:56:04.009+0800] GC(1166) Archive regions: 0->0
[2024-08-23T15:56:04.009+0800] GC(1166) Humongous regions: 190->29
[2024-08-23T15:56:04.009+0800] GC(1166) Metaspace: 303K(512K)->303K(512K) NonClass: 296K(384K)->296K(384K) Class: 6K(128K)->6K(128K)
[2024-08-23T15:56:04.009+0800] GC(1166) Pause Young (Concurrent Start) (G1 Humongous Allocation) 191M->29M(512M) 0.536ms
[2024-08-23T15:56:04.009+0800] GC(1166) User=0.00s Sys=0.00s Real=0.00s
[2024-08-23T15:56:04.009+0800] GC(1167) Concurrent Undo Cycle
[2024-08-23T15:56:04.009+0800] GC(1167) Concurrent Cleanup for Next Mark
[2024-08-23T15:56:04.009+0800] GC(1167) Concurrent Cleanup for Next Mark 0.242ms
[2024-08-23T15:56:04.009+0800] GC(1167) Concurrent Undo Cycle 0.323ms
[2024-08-23T15:56:05.086+0800] GC(1168) Pause Young (Concurrent Start) (G1 Humongous Allocation)
[2024-08-23T15:56:05.086+0800] GC(1168) Using 6 workers of 6 for evacuation
[2024-08-23T15:56:05.086+0800] GC(1168)   Pre Evacuate Collection Set: 0.0ms
[2024-08-23T15:56:05.086+0800] GC(1168)   Merge Heap Roots: 0.0ms
[2024-08-23T15:56:05.086+0800] GC(1168)   Evacuate Collection Set: 0.1ms
[2024-08-23T15:56:05.086+0800] GC(1168)   Post Evacuate Collection Set: 0.2ms
[2024-08-23T15:56:05.086+0800] GC(1168)   Other: 0.1ms
[2024-08-23T15:56:05.086+0800] GC(1168) Eden regions: 1->0(307)
[2024-08-23T15:56:05.086+0800] GC(1168) Survivor regions: 0->0(39)
[2024-08-23T15:56:05.086+0800] GC(1168) Old regions: 1->1
[2024-08-23T15:56:05.086+0800] GC(1168) Archive regions: 0->0
[2024-08-23T15:56:05.086+0800] GC(1168) Humongous regions: 221->16
[2024-08-23T15:56:05.086+0800] GC(1168) Metaspace: 303K(512K)->303K(512K) NonClass: 296K(384K)->296K(384K) Class: 6K(128K)->6K(128K)
[2024-08-23T15:56:05.086+0800] GC(1168) Pause Young (Concurrent Start) (G1 Humongous Allocation) 222M->16M(512M) 0.517ms
[2024-08-23T15:56:05.086+0800] GC(1168) User=0.00s Sys=0.00s Real=0.00s
[2024-08-23T15:56:05.086+0800] GC(1169) Concurrent Undo Cycle
[2024-08-23T15:56:05.086+0800] GC(1169) Concurrent Cleanup for Next Mark
[2024-08-23T15:56:05.086+0800] GC(1169) Concurrent Cleanup for Next Mark 0.245ms
[2024-08-23T15:56:05.087+0800] GC(1169) Concurrent Undo Cycle 0.316ms
[2024-08-23T15:56:06.488+0800] GC(1170) Pause Young (Concurrent Start) (G1 Humongous Allocation)
[2024-08-23T15:56:06.488+0800] GC(1170) Using 6 workers of 6 for evacuation
[2024-08-23T15:56:06.489+0800] GC(1170)   Pre Evacuate Collection Set: 0.1ms
[2024-08-23T15:56:06.489+0800] GC(1170)   Merge Heap Roots: 0.1ms
[2024-08-23T15:56:06.489+0800] GC(1170)   Evacuate Collection Set: 0.1ms
[2024-08-23T15:56:06.489+0800] GC(1170)   Post Evacuate Collection Set: 0.3ms
[2024-08-23T15:56:06.489+0800] GC(1170)   Other: 0.1ms
[2024-08-23T15:56:06.489+0800] GC(1170) Eden regions: 1->0(307)
[2024-08-23T15:56:06.489+0800] GC(1170) Survivor regions: 0->0(39)
[2024-08-23T15:56:06.489+0800] GC(1170) Old regions: 1->1
[2024-08-23T15:56:06.489+0800] GC(1170) Archive regions: 0->0
[2024-08-23T15:56:06.489+0800] GC(1170) Humongous regions: 221->6
[2024-08-23T15:56:06.489+0800] GC(1170) Metaspace: 303K(512K)->303K(512K) NonClass: 296K(384K)->296K(384K) Class: 6K(128K)->6K(128K)
[2024-08-23T15:56:06.489+0800] GC(1170) Pause Young (Concurrent Start) (G1 Humongous Allocation) 222M->6M(512M) 0.786ms
[2024-08-23T15:56:06.489+0800] GC(1170) User=0.00s Sys=0.00s Real=0.00s
[2024-08-23T15:56:06.489+0800] GC(1171) Concurrent Undo Cycle
[2024-08-23T15:56:06.489+0800] GC(1171) Concurrent Cleanup for Next Mark
[2024-08-23T15:56:06.489+0800] GC(1171) Concurrent Cleanup for Next Mark 0.218ms
[2024-08-23T15:56:06.489+0800] GC(1171) Concurrent Undo Cycle 0.275ms
[2024-08-23T15:56:07.675+0800] GC(1172) Pause Young (Concurrent Start) (G1 Humongous Allocation)
[2024-08-23T15:56:07.675+0800] GC(1172) Using 6 workers of 6 for evacuation
[2024-08-23T15:56:07.675+0800] GC(1172)   Pre Evacuate Collection Set: 0.1ms
[2024-08-23T15:56:07.675+0800] GC(1172)   Merge Heap Roots: 0.0ms
[2024-08-23T15:56:07.675+0800] GC(1172)   Evacuate Collection Set: 0.1ms
[2024-08-23T15:56:07.675+0800] GC(1172)   Post Evacuate Collection Set: 0.2ms
[2024-08-23T15:56:07.675+0800] GC(1172)   Other: 0.1ms
[2024-08-23T15:56:07.675+0800] GC(1172) Eden regions: 1->0(307)
[2024-08-23T15:56:07.675+0800] GC(1172) Survivor regions: 0->0(39)
[2024-08-23T15:56:07.675+0800] GC(1172) Old regions: 1->1
[2024-08-23T15:56:07.675+0800] GC(1172) Archive regions: 0->0
[2024-08-23T15:56:07.675+0800] GC(1172) Humongous regions: 229->23
[2024-08-23T15:56:07.675+0800] GC(1172) Metaspace: 303K(512K)->303K(512K) NonClass: 296K(384K)->296K(384K) Class: 6K(128K)->6K(128K)
[2024-08-23T15:56:07.675+0800] GC(1172) Pause Young (Concurrent Start) (G1 Humongous Allocation) 230M->23M(512M) 0.561ms
[2024-08-23T15:56:07.675+0800] GC(1172) User=0.00s Sys=0.00s Real=0.00s
[2024-08-23T15:56:07.675+0800] GC(1173) Concurrent Undo Cycle
[2024-08-23T15:56:07.675+0800] GC(1173) Concurrent Cleanup for Next Mark
[2024-08-23T15:56:07.675+0800] GC(1173) Concurrent Cleanup for Next Mark 0.269ms
[2024-08-23T15:56:07.675+0800] GC(1173) Concurrent Undo Cycle 0.339ms
[2024-08-23T15:56:08.438+0800] GC(1174) Pause Young (Concurrent Start) (G1 Humongous Allocation)
[2024-08-23T15:56:08.438+0800] GC(1174) Using 6 workers of 6 for evacuation
[2024-08-23T15:56:08.438+0800] GC(1174)   Pre Evacuate Collection Set: 0.0ms
[2024-08-23T15:56:08.438+0800] GC(1174)   Merge Heap Roots: 0.0ms
[2024-08-23T15:56:08.438+0800] GC(1174)   Evacuate Collection Set: 0.1ms
[2024-08-23T15:56:08.438+0800] GC(1174)   Post Evacuate Collection Set: 0.2ms
[2024-08-23T15:56:08.438+0800] GC(1174)   Other: 0.1ms
[2024-08-23T15:56:08.438+0800] GC(1174) Eden regions: 1->0(307)
[2024-08-23T15:56:08.438+0800] GC(1174) Survivor regions: 0->0(39)
[2024-08-23T15:56:08.438+0800] GC(1174) Old regions: 1->1
[2024-08-23T15:56:08.438+0800] GC(1174) Archive regions: 0->0
[2024-08-23T15:56:08.438+0800] GC(1174) Humongous regions: 230->139
[2024-08-23T15:56:08.438+0800] GC(1174) Metaspace: 303K(512K)->303K(512K) NonClass: 296K(384K)->296K(384K) Class: 6K(128K)->6K(128K)
[2024-08-23T15:56:08.438+0800] GC(1174) Pause Young (Concurrent Start) (G1 Humongous Allocation) 231M->139M(512M) 0.578ms
[2024-08-23T15:56:08.438+0800] GC(1174) User=0.00s Sys=0.00s Real=0.00s
[2024-08-23T15:56:08.438+0800] GC(1175) Concurrent Undo Cycle
[2024-08-23T15:56:08.438+0800] GC(1175) Concurrent Cleanup for Next Mark
[2024-08-23T15:56:08.438+0800] GC(1175) Concurrent Cleanup for Next Mark 0.216ms
[2024-08-23T15:56:08.438+0800] GC(1175) Concurrent Undo Cycle 0.262ms
[2024-08-23T15:56:09.628+0800] GC(1176) Pause Young (Concurrent Start) (G1 Humongous Allocation)
[2024-08-23T15:56:09.628+0800] GC(1176) Using 6 workers of 6 for evacuation
[2024-08-23T15:56:09.628+0800] GC(1176)   Pre Evacuate Collection Set: 0.0ms
[2024-08-23T15:56:09.628+0800] GC(1176)   Merge Heap Roots: 0.0ms
[2024-08-23T15:56:09.628+0800] GC(1176)   Evacuate Collection Set: 0.1ms
[2024-08-23T15:56:09.628+0800] GC(1176)   Post Evacuate Collection Set: 0.2ms
[2024-08-23T15:56:09.628+0800] GC(1176)   Other: 0.1ms
[2024-08-23T15:56:09.628+0800] GC(1176) Eden regions: 1->0(307)
[2024-08-23T15:56:09.628+0800] GC(1176) Survivor regions: 0->0(39)
[2024-08-23T15:56:09.628+0800] GC(1176) Old regions: 1->1
[2024-08-23T15:56:09.628+0800] GC(1176) Archive regions: 0->0
[2024-08-23T15:56:09.628+0800] GC(1176) Humongous regions: 222->65
[2024-08-23T15:56:09.628+0800] GC(1176) Metaspace: 303K(512K)->303K(512K) NonClass: 296K(384K)->296K(384K) Class: 6K(128K)->6K(128K)
[2024-08-23T15:56:09.628+0800] GC(1176) Pause Young (Concurrent Start) (G1 Humongous Allocation) 223M->65M(512M) 0.555ms
[2024-08-23T15:56:09.628+0800] GC(1176) User=0.00s Sys=0.00s Real=0.00s
[2024-08-23T15:56:09.628+0800] GC(1177) Concurrent Undo Cycle
[2024-08-23T15:56:09.628+0800] GC(1177) Concurrent Cleanup for Next Mark
[2024-08-23T15:56:09.628+0800] GC(1177) Concurrent Cleanup for Next Mark 0.369ms
[2024-08-23T15:56:09.629+0800] GC(1177) Concurrent Undo Cycle 0.441ms
[2024-08-23T15:56:11.028+0800] GC(1178) Pause Young (Concurrent Start) (G1 Humongous Allocation)
[2024-08-23T15:56:11.028+0800] GC(1178) Using 6 workers of 6 for evacuation
[2024-08-23T15:56:11.029+0800] GC(1178)   Pre Evacuate Collection Set: 0.0ms
[2024-08-23T15:56:11.029+0800] GC(1178)   Merge Heap Roots: 0.0ms
[2024-08-23T15:56:11.029+0800] GC(1178)   Evacuate Collection Set: 0.1ms
[2024-08-23T15:56:11.029+0800] GC(1178)   Post Evacuate Collection Set: 0.2ms
[2024-08-23T15:56:11.029+0800] GC(1178)   Other: 0.1ms
[2024-08-23T15:56:11.029+0800] GC(1178) Eden regions: 1->0(307)
[2024-08-23T15:56:11.029+0800] GC(1178) Survivor regions: 0->0(39)
[2024-08-23T15:56:11.029+0800] GC(1178) Old regions: 1->1
[2024-08-23T15:56:11.029+0800] GC(1178) Archive regions: 0->0
[2024-08-23T15:56:11.029+0800] GC(1178) Humongous regions: 183->27
[2024-08-23T15:56:11.029+0800] GC(1178) Metaspace: 303K(512K)->303K(512K) NonClass: 296K(384K)->296K(384K) Class: 6K(128K)->6K(128K)
[2024-08-23T15:56:11.029+0800] GC(1178) Pause Young (Concurrent Start) (G1 Humongous Allocation) 184M->27M(512M) 0.586ms
[2024-08-23T15:56:11.029+0800] GC(1178) User=0.00s Sys=0.00s Real=0.00s
[2024-08-23T15:56:11.029+0800] GC(1179) Concurrent Undo Cycle
[2024-08-23T15:56:11.029+0800] GC(1179) Concurrent Cleanup for Next Mark
[2024-08-23T15:56:11.029+0800] GC(1179) Concurrent Cleanup for Next Mark 0.275ms
[2024-08-23T15:56:11.029+0800] GC(1179) Concurrent Undo Cycle 0.352ms
[2024-08-23T15:56:12.215+0800] GC(1180) Pause Young (Concurrent Start) (G1 Humongous Allocation)
[2024-08-23T15:56:12.215+0800] GC(1180) Using 6 workers of 6 for evacuation
[2024-08-23T15:56:12.215+0800] GC(1180)   Pre Evacuate Collection Set: 0.1ms
[2024-08-23T15:56:12.215+0800] GC(1180)   Merge Heap Roots: 0.0ms
[2024-08-23T15:56:12.215+0800] GC(1180)   Evacuate Collection Set: 0.1ms
[2024-08-23T15:56:12.215+0800] GC(1180)   Post Evacuate Collection Set: 0.2ms
[2024-08-23T15:56:12.215+0800] GC(1180)   Other: 0.2ms
[2024-08-23T15:56:12.215+0800] GC(1180) Eden regions: 1->0(307)
[2024-08-23T15:56:12.215+0800] GC(1180) Survivor regions: 0->0(39)
[2024-08-23T15:56:12.215+0800] GC(1180) Old regions: 1->1
[2024-08-23T15:56:12.215+0800] GC(1180) Archive regions: 0->0
[2024-08-23T15:56:12.215+0800] GC(1180) Humongous regions: 230->124
[2024-08-23T15:56:12.215+0800] GC(1180) Metaspace: 303K(512K)->303K(512K) NonClass: 296K(384K)->296K(384K) Class: 6K(128K)->6K(128K)
[2024-08-23T15:56:12.215+0800] GC(1180) Pause Young (Concurrent Start) (G1 Humongous Allocation) 231M->124M(512M) 0.698ms
[2024-08-23T15:56:12.215+0800] GC(1180) User=0.00s Sys=0.00s Real=0.00s
[2024-08-23T15:56:12.215+0800] GC(1181) Concurrent Undo Cycle
[2024-08-23T15:56:12.215+0800] GC(1181) Concurrent Cleanup for Next Mark
[2024-08-23T15:56:12.216+0800] GC(1181) Concurrent Cleanup for Next Mark 0.283ms
[2024-08-23T15:56:12.216+0800] GC(1181) Concurrent Undo Cycle 0.365ms
[2024-08-23T15:56:12.539+0800] GC(1182) Pause Young (Concurrent Start) (G1 Humongous Allocation)
[2024-08-23T15:56:12.539+0800] GC(1182) Using 6 workers of 6 for evacuation
[2024-08-23T15:56:12.539+0800] GC(1182)   Pre Evacuate Collection Set: 0.1ms
[2024-08-23T15:56:12.539+0800] GC(1182)   Merge Heap Roots: 0.1ms
[2024-08-23T15:56:12.539+0800] GC(1182)   Evacuate Collection Set: 0.1ms
[2024-08-23T15:56:12.539+0800] GC(1182)   Post Evacuate Collection Set: 0.2ms
[2024-08-23T15:56:12.539+0800] GC(1182)   Other: 0.1ms
[2024-08-23T15:56:12.539+0800] GC(1182) Eden regions: 1->0(294)
[2024-08-23T15:56:12.539+0800] GC(1182) Survivor regions: 0->0(39)
[2024-08-23T15:56:12.539+0800] GC(1182) Old regions: 1->1
[2024-08-23T15:56:12.539+0800] GC(1182) Archive regions: 0->0
[2024-08-23T15:56:12.539+0800] GC(1182) Humongous regions: 207->164
[2024-08-23T15:56:12.539+0800] GC(1182) Metaspace: 303K(512K)->303K(512K) NonClass: 296K(384K)->296K(384K) Class: 6K(128K)->6K(128K)
[2024-08-23T15:56:12.539+0800] GC(1182) Pause Young (Concurrent Start) (G1 Humongous Allocation) 208M->164M(512M) 0.665ms
[2024-08-23T15:56:12.539+0800] GC(1182) User=0.00s Sys=0.00s Real=0.00s
[2024-08-23T15:56:12.539+0800] GC(1183) Concurrent Undo Cycle
[2024-08-23T15:56:12.539+0800] GC(1183) Concurrent Cleanup for Next Mark
[2024-08-23T15:56:12.539+0800] GC(1183) Concurrent Cleanup for Next Mark 0.301ms
[2024-08-23T15:56:12.539+0800] GC(1183) Concurrent Undo Cycle 0.372ms
[2024-08-23T15:56:12.647+0800] GC(1184) Pause Young (Concurrent Start) (G1 Humongous Allocation)
[2024-08-23T15:56:12.647+0800] GC(1184) Using 6 workers of 6 for evacuation
[2024-08-23T15:56:12.647+0800] GC(1184)   Pre Evacuate Collection Set: 0.1ms
[2024-08-23T15:56:12.647+0800] GC(1184)   Merge Heap Roots: 0.0ms
[2024-08-23T15:56:12.647+0800] GC(1184)   Evacuate Collection Set: 0.1ms
[2024-08-23T15:56:12.647+0800] GC(1184)   Post Evacuate Collection Set: 0.2ms
[2024-08-23T15:56:12.647+0800] GC(1184)   Other: 0.1ms
[2024-08-23T15:56:12.647+0800] GC(1184) Eden regions: 1->0(244)
[2024-08-23T15:56:12.647+0800] GC(1184) Survivor regions: 0->0(37)
[2024-08-23T15:56:12.647+0800] GC(1184) Old regions: 1->1
[2024-08-23T15:56:12.647+0800] GC(1184) Archive regions: 0->0
[2024-08-23T15:56:12.647+0800] GC(1184) Humongous regions: 265->214
[2024-08-23T15:56:12.647+0800] GC(1184) Metaspace: 303K(512K)->303K(512K) NonClass: 296K(384K)->296K(384K) Class: 6K(128K)->6K(128K)
[2024-08-23T15:56:12.647+0800] GC(1184) Pause Young (Concurrent Start) (G1 Humongous Allocation) 266M->214M(512M) 0.611ms
[2024-08-23T15:56:12.647+0800] GC(1184) User=0.00s Sys=0.00s Real=0.00s
[2024-08-23T15:56:12.647+0800] GC(1185) Concurrent Undo Cycle
[2024-08-23T15:56:12.647+0800] GC(1185) Concurrent Cleanup for Next Mark
[2024-08-23T15:56:12.648+0800] GC(1185) Concurrent Cleanup for Next Mark 0.328ms
[2024-08-23T15:56:12.648+0800] GC(1185) Concurrent Undo Cycle 0.393ms
[2024-08-23T15:56:13.082+0800] GC(1186) Pause Young (Concurrent Start) (G1 Humongous Allocation)
[2024-08-23T15:56:13.082+0800] GC(1186) Using 6 workers of 6 for evacuation
[2024-08-23T15:56:13.083+0800] GC(1186)   Pre Evacuate Collection Set: 0.0ms
[2024-08-23T15:56:13.083+0800] GC(1186)   Merge Heap Roots: 0.0ms
[2024-08-23T15:56:13.083+0800] GC(1186)   Evacuate Collection Set: 0.1ms
[2024-08-23T15:56:13.083+0800] GC(1186)   Post Evacuate Collection Set: 0.2ms
[2024-08-23T15:56:13.083+0800] GC(1186)   Other: 0.2ms
[2024-08-23T15:56:13.083+0800] GC(1186) Eden regions: 1->0(307)
[2024-08-23T15:56:13.083+0800] GC(1186) Survivor regions: 0->0(31)
[2024-08-23T15:56:13.083+0800] GC(1186) Old regions: 1->1
[2024-08-23T15:56:13.083+0800] GC(1186) Archive regions: 0->0
[2024-08-23T15:56:13.083+0800] GC(1186) Humongous regions: 230->121
[2024-08-23T15:56:13.083+0800] GC(1186) Metaspace: 303K(512K)->303K(512K) NonClass: 296K(384K)->296K(384K) Class: 6K(128K)->6K(128K)
[2024-08-23T15:56:13.083+0800] GC(1186) Pause Young (Concurrent Start) (G1 Humongous Allocation) 231M->121M(512M) 0.618ms
[2024-08-23T15:56:13.083+0800] GC(1186) User=0.00s Sys=0.00s Real=0.00s
[2024-08-23T15:56:13.083+0800] GC(1187) Concurrent Undo Cycle
[2024-08-23T15:56:13.083+0800] GC(1187) Concurrent Cleanup for Next Mark
[2024-08-23T15:56:13.083+0800] GC(1187) Concurrent Cleanup for Next Mark 0.355ms
[2024-08-23T15:56:13.083+0800] GC(1187) Concurrent Undo Cycle 0.443ms
[2024-08-23T15:56:15.249+0800] GC(1188) Pause Young (Concurrent Start) (G1 Humongous Allocation)
[2024-08-23T15:56:15.249+0800] GC(1188) Using 6 workers of 6 for evacuation
[2024-08-23T15:56:15.249+0800] GC(1188)   Pre Evacuate Collection Set: 0.1ms
[2024-08-23T15:56:15.249+0800] GC(1188)   Merge Heap Roots: 0.0ms
[2024-08-23T15:56:15.249+0800] GC(1188)   Evacuate Collection Set: 0.1ms
[2024-08-23T15:56:15.249+0800] GC(1188)   Post Evacuate Collection Set: 0.3ms
[2024-08-23T15:56:15.249+0800] GC(1188)   Other: 0.2ms
[2024-08-23T15:56:15.249+0800] GC(1188) Eden regions: 1->0(307)
[2024-08-23T15:56:15.249+0800] GC(1188) Survivor regions: 0->0(39)
[2024-08-23T15:56:15.249+0800] GC(1188) Old regions: 1->1
[2024-08-23T15:56:15.249+0800] GC(1188) Archive regions: 0->0
[2024-08-23T15:56:15.249+0800] GC(1188) Humongous regions: 228->34
[2024-08-23T15:56:15.249+0800] GC(1188) Metaspace: 303K(512K)->303K(512K) NonClass: 296K(384K)->296K(384K) Class: 6K(128K)->6K(128K)
[2024-08-23T15:56:15.249+0800] GC(1188) Pause Young (Concurrent Start) (G1 Humongous Allocation) 229M->34M(512M) 0.854ms
[2024-08-23T15:56:15.249+0800] GC(1188) User=0.00s Sys=0.00s Real=0.00s
[2024-08-23T15:56:15.249+0800] GC(1189) Concurrent Undo Cycle
[2024-08-23T15:56:15.249+0800] GC(1189) Concurrent Cleanup for Next Mark
[2024-08-23T15:56:15.250+0800] GC(1189) Concurrent Cleanup for Next Mark 0.437ms
[2024-08-23T15:56:15.250+0800] GC(1189) Concurrent Undo Cycle 0.522ms
[2024-08-23T15:56:16.328+0800] GC(1190) Pause Young (Concurrent Start) (G1 Humongous Allocation)
[2024-08-23T15:56:16.328+0800] GC(1190) Using 6 workers of 6 for evacuation
[2024-08-23T15:56:16.329+0800] GC(1190)   Pre Evacuate Collection Set: 0.1ms
[2024-08-23T15:56:16.329+0800] GC(1190)   Merge Heap Roots: 0.0ms
[2024-08-23T15:56:16.329+0800] GC(1190)   Evacuate Collection Set: 0.1ms
[2024-08-23T15:56:16.329+0800] GC(1190)   Post Evacuate Collection Set: 0.2ms
[2024-08-23T15:56:16.329+0800] GC(1190)   Other: 0.1ms
[2024-08-23T15:56:16.329+0800] GC(1190) Eden regions: 1->0(307)
[2024-08-23T15:56:16.329+0800] GC(1190) Survivor regions: 0->0(39)
[2024-08-23T15:56:16.329+0800] GC(1190) Old regions: 1->1
[2024-08-23T15:56:16.329+0800] GC(1190) Archive regions: 0->0
[2024-08-23T15:56:16.329+0800] GC(1190) Humongous regions: 226->25
[2024-08-23T15:56:16.329+0800] GC(1190) Metaspace: 303K(512K)->303K(512K) NonClass: 296K(384K)->296K(384K) Class: 6K(128K)->6K(128K)
[2024-08-23T15:56:16.329+0800] GC(1190) Pause Young (Concurrent Start) (G1 Humongous Allocation) 227M->25M(512M) 0.599ms
[2024-08-23T15:56:16.329+0800] GC(1190) User=0.00s Sys=0.00s Real=0.00s
[2024-08-23T15:56:16.329+0800] GC(1191) Concurrent Undo Cycle
[2024-08-23T15:56:16.329+0800] GC(1191) Concurrent Cleanup for Next Mark
[2024-08-23T15:56:16.329+0800] GC(1191) Concurrent Cleanup for Next Mark 0.247ms
[2024-08-23T15:56:16.329+0800] GC(1191) Concurrent Undo Cycle 0.328ms
[2024-08-23T15:56:17.189+0800] GC(1192) Pause Young (Concurrent Start) (G1 Humongous Allocation)
[2024-08-23T15:56:17.189+0800] GC(1192) Using 6 workers of 6 for evacuation
[2024-08-23T15:56:17.190+0800] GC(1192)   Pre Evacuate Collection Set: 0.1ms
[2024-08-23T15:56:17.190+0800] GC(1192)   Merge Heap Roots: 0.0ms
[2024-08-23T15:56:17.190+0800] GC(1192)   Evacuate Collection Set: 0.1ms
[2024-08-23T15:56:17.190+0800] GC(1192)   Post Evacuate Collection Set: 0.2ms
[2024-08-23T15:56:17.190+0800] GC(1192)   Other: 0.1ms
[2024-08-23T15:56:17.190+0800] GC(1192) Eden regions: 1->0(307)
[2024-08-23T15:56:17.190+0800] GC(1192) Survivor regions: 0->0(39)
[2024-08-23T15:56:17.190+0800] GC(1192) Old regions: 1->1
[2024-08-23T15:56:17.190+0800] GC(1192) Archive regions: 0->0
[2024-08-23T15:56:17.190+0800] GC(1192) Humongous regions: 230->36
[2024-08-23T15:56:17.190+0800] GC(1192) Metaspace: 303K(512K)->303K(512K) NonClass: 296K(384K)->296K(384K) Class: 6K(128K)->6K(128K)
[2024-08-23T15:56:17.190+0800] GC(1192) Pause Young (Concurrent Start) (G1 Humongous Allocation) 231M->36M(512M) 0.618ms
[2024-08-23T15:56:17.190+0800] GC(1192) User=0.00s Sys=0.00s Real=0.00s
[2024-08-23T15:56:17.190+0800] GC(1193) Concurrent Undo Cycle
[2024-08-23T15:56:17.190+0800] GC(1193) Concurrent Cleanup for Next Mark
[2024-08-23T15:56:17.190+0800] GC(1193) Concurrent Cleanup for Next Mark 0.245ms
[2024-08-23T15:56:17.190+0800] GC(1193) Concurrent Undo Cycle 0.316ms
[2024-08-23T15:56:18.480+0800] GC(1194) Pause Young (Concurrent Start) (G1 Humongous Allocation)
[2024-08-23T15:56:18.480+0800] GC(1194) Using 6 workers of 6 for evacuation
[2024-08-23T15:56:18.480+0800] GC(1194)   Pre Evacuate Collection Set: 0.0ms
[2024-08-23T15:56:18.480+0800] GC(1194)   Merge Heap Roots: 0.0ms
[2024-08-23T15:56:18.480+0800] GC(1194)   Evacuate Collection Set: 0.1ms
[2024-08-23T15:56:18.480+0800] GC(1194)   Post Evacuate Collection Set: 0.2ms
[2024-08-23T15:56:18.480+0800] GC(1194)   Other: 0.1ms
[2024-08-23T15:56:18.480+0800] GC(1194) Eden regions: 1->0(307)
[2024-08-23T15:56:18.480+0800] GC(1194) Survivor regions: 0->0(39)
[2024-08-23T15:56:18.480+0800] GC(1194) Old regions: 1->1
[2024-08-23T15:56:18.480+0800] GC(1194) Archive regions: 0->0
[2024-08-23T15:56:18.480+0800] GC(1194) Humongous regions: 230->23
[2024-08-23T15:56:18.480+0800] GC(1194) Metaspace: 303K(512K)->303K(512K) NonClass: 296K(384K)->296K(384K) Class: 6K(128K)->6K(128K)
[2024-08-23T15:56:18.480+0800] GC(1194) Pause Young (Concurrent Start) (G1 Humongous Allocation) 231M->23M(512M) 0.583ms
[2024-08-23T15:56:18.480+0800] GC(1194) User=0.00s Sys=0.00s Real=0.00s
[2024-08-23T15:56:18.480+0800] GC(1195) Concurrent Undo Cycle
[2024-08-23T15:56:18.480+0800] GC(1195) Concurrent Cleanup for Next Mark
[2024-08-23T15:56:18.481+0800] GC(1195) Concurrent Cleanup for Next Mark 0.386ms
[2024-08-23T15:56:18.481+0800] GC(1195) Concurrent Undo Cycle 0.479ms
[2024-08-23T15:56:19.563+0800] GC(1196) Pause Young (Concurrent Start) (G1 Humongous Allocation)
[2024-08-23T15:56:19.563+0800] GC(1196) Using 6 workers of 6 for evacuation
[2024-08-23T15:56:19.563+0800] GC(1196)   Pre Evacuate Collection Set: 0.0ms
[2024-08-23T15:56:19.563+0800] GC(1196)   Merge Heap Roots: 0.0ms
[2024-08-23T15:56:19.563+0800] GC(1196)   Evacuate Collection Set: 0.1ms
[2024-08-23T15:56:19.563+0800] GC(1196)   Post Evacuate Collection Set: 0.1ms
[2024-08-23T15:56:19.563+0800] GC(1196)   Other: 0.1ms
[2024-08-23T15:56:19.563+0800] GC(1196) Eden regions: 1->0(307)
[2024-08-23T15:56:19.564+0800] GC(1196) Survivor regions: 0->0(39)
[2024-08-23T15:56:19.564+0800] GC(1196) Old regions: 1->1
[2024-08-23T15:56:19.564+0800] GC(1196) Archive regions: 0->0
[2024-08-23T15:56:19.564+0800] GC(1196) Humongous regions: 153->78
[2024-08-23T15:56:19.564+0800] GC(1196) Metaspace: 303K(512K)->303K(512K) NonClass: 296K(384K)->296K(384K) Class: 6K(128K)->6K(128K)
[2024-08-23T15:56:19.564+0800] GC(1196) Pause Young (Concurrent Start) (G1 Humongous Allocation) 154M->78M(512M) 0.531ms
[2024-08-23T15:56:19.564+0800] GC(1196) User=0.00s Sys=0.00s Real=0.00s
[2024-08-23T15:56:19.564+0800] GC(1197) Concurrent Undo Cycle
[2024-08-23T15:56:19.564+0800] GC(1197) Concurrent Cleanup for Next Mark
[2024-08-23T15:56:19.564+0800] GC(1197) Concurrent Cleanup for Next Mark 0.247ms
[2024-08-23T15:56:19.564+0800] GC(1197) Concurrent Undo Cycle 0.322ms
[2024-08-23T15:56:20.537+0800] Heap
[2024-08-23T15:56:20.537+0800]  garbage-first heap   total 524288K, used 226142K [0x00000000e0000000, 0x0000000100000000)
[2024-08-23T15:56:20.537+0800]   region size 1024K, 1 young (1024K), 0 survivors (0K)
[2024-08-23T15:56:20.537+0800]  Metaspace       used 303K, committed 512K, reserved 1114112K
[2024-08-23T15:56:20.537+0800]   class space    used 6K, committed 128K, reserved 1048576K
