[2024-08-23T17:30:12.826+0800] Using G1
[2024-08-23T17:30:12.831+0800] Version: 17.0.11+1-LTS (release)
[2024-08-23T17:30:12.831+0800] CPUs: 12 total, 12 available
[2024-08-23T17:30:12.831+0800] Memory: 32620M
[2024-08-23T17:30:12.831+0800] Large Page Support: Disabled
[2024-08-23T17:30:12.831+0800] NUMA Support: Disabled
[2024-08-23T17:30:12.831+0800] Compressed Oops: Enabled (32-bit)
[2024-08-23T17:30:12.831+0800] Heap Region Size: 1M
[2024-08-23T17:30:12.831+0800] Heap Min Capacity: 1G
[2024-08-23T17:30:12.832+0800] Heap Initial Capacity: 1G
[2024-08-23T17:30:12.832+0800] Heap Max Capacity: 1G
[2024-08-23T17:30:12.832+0800] Pre-touch: Disabled
[2024-08-23T17:30:12.832+0800] Parallel Workers: 6
[2024-08-23T17:30:12.832+0800] Concurrent Workers: 2
[2024-08-23T17:30:12.832+0800] Concurrent Refinement Workers: 6
[2024-08-23T17:30:12.832+0800] Periodic GC: Disabled
[2024-08-23T17:30:12.840+0800] CDS archive(s) mapped at: [0x0000022838000000-0x0000022838bc0000-0x0000022838bc0000), size 12320768, SharedBaseAddress: 0x0000022838000000, ArchiveRelocationMode: 1.
[2024-08-23T17:30:12.840+0800] Compressed class space mapped at: 0x0000022839000000-0x0000022879000000, reserved size: 1073741824
[2024-08-23T17:30:12.840+0800] Narrow klass base: 0x0000022838000000, Narrow klass shift: 0, Narrow klass range: 0x100000000
[2024-08-23T17:30:15.681+0800] GC(0) Pause Young (Concurrent Start) (G1 Humongous Allocation)
[2024-08-23T17:30:15.681+0800] GC(0) Using 6 workers of 6 for evacuation
[2024-08-23T17:30:15.683+0800] GC(0)   Pre Evacuate Collection Set: 0.1ms
[2024-08-23T17:30:15.683+0800] GC(0)   Merge Heap Roots: 0.1ms
[2024-08-23T17:30:15.683+0800] GC(0)   Evacuate Collection Set: 0.5ms
[2024-08-23T17:30:15.683+0800] GC(0)   Post Evacuate Collection Set: 0.5ms
[2024-08-23T17:30:15.683+0800] GC(0)   Other: 0.5ms
[2024-08-23T17:30:15.683+0800] GC(0) Eden regions: 3->0(50)
[2024-08-23T17:30:15.683+0800] GC(0) Survivor regions: 0->1(7)
[2024-08-23T17:30:15.683+0800] GC(0) Old regions: 0->0
[2024-08-23T17:30:15.683+0800] GC(0) Archive regions: 0->0
[2024-08-23T17:30:15.683+0800] GC(0) Humongous regions: 369->65
[2024-08-23T17:30:15.683+0800] GC(0) Metaspace: 233K(448K)->233K(448K) NonClass: 226K(320K)->226K(320K) Class: 7K(128K)->7K(128K)
[2024-08-23T17:30:15.683+0800] GC(0) Pause Young (Concurrent Start) (G1 Humongous Allocation) 371M->65M(1024M) 1.802ms
[2024-08-23T17:30:15.683+0800] GC(0) User=0.00s Sys=0.00s Real=0.00s
[2024-08-23T17:30:15.683+0800] GC(1) Concurrent Undo Cycle
[2024-08-23T17:30:15.683+0800] GC(1) Concurrent Cleanup for Next Mark
[2024-08-23T17:30:15.689+0800] GC(1) Concurrent Cleanup for Next Mark 5.936ms
[2024-08-23T17:30:15.689+0800] GC(1) Concurrent Undo Cycle 6.003ms
[2024-08-23T17:30:19.005+0800] GC(2) Pause Young (Concurrent Start) (G1 Humongous Allocation)
[2024-08-23T17:30:19.005+0800] GC(2) Using 6 workers of 6 for evacuation
[2024-08-23T17:30:19.006+0800] GC(2)   Pre Evacuate Collection Set: 0.1ms
[2024-08-23T17:30:19.006+0800] GC(2)   Merge Heap Roots: 0.0ms
[2024-08-23T17:30:19.006+0800] GC(2)   Evacuate Collection Set: 0.5ms
[2024-08-23T17:30:19.006+0800] GC(2)   Post Evacuate Collection Set: 0.4ms
[2024-08-23T17:30:19.006+0800] GC(2)   Other: 0.1ms
[2024-08-23T17:30:19.006+0800] GC(2) Eden regions: 1->0(50)
[2024-08-23T17:30:19.006+0800] GC(2) Survivor regions: 1->1(7)
[2024-08-23T17:30:19.006+0800] GC(2) Old regions: 0->0
[2024-08-23T17:30:19.006+0800] GC(2) Archive regions: 0->0
[2024-08-23T17:30:19.006+0800] GC(2) Humongous regions: 460->23
[2024-08-23T17:30:19.006+0800] GC(2) Metaspace: 235K(448K)->235K(448K) NonClass: 227K(320K)->227K(320K) Class: 7K(128K)->7K(128K)
[2024-08-23T17:30:19.006+0800] GC(2) Pause Young (Concurrent Start) (G1 Humongous Allocation) 461M->23M(1024M) 1.276ms
[2024-08-23T17:30:19.006+0800] GC(2) User=0.00s Sys=0.00s Real=0.00s
[2024-08-23T17:30:19.006+0800] GC(3) Concurrent Undo Cycle
[2024-08-23T17:30:19.007+0800] GC(3) Concurrent Cleanup for Next Mark
[2024-08-23T17:30:19.007+0800] GC(3) Concurrent Cleanup for Next Mark 0.763ms
[2024-08-23T17:30:19.007+0800] GC(3) Concurrent Undo Cycle 0.875ms
[2024-08-23T17:30:21.951+0800] GC(4) Pause Young (Concurrent Start) (G1 Humongous Allocation)
[2024-08-23T17:30:21.951+0800] GC(4) Using 6 workers of 6 for evacuation
[2024-08-23T17:30:21.952+0800] GC(4)   Pre Evacuate Collection Set: 0.1ms
[2024-08-23T17:30:21.952+0800] GC(4)   Merge Heap Roots: 0.1ms
[2024-08-23T17:30:21.952+0800] GC(4)   Evacuate Collection Set: 0.5ms
[2024-08-23T17:30:21.952+0800] GC(4)   Post Evacuate Collection Set: 0.4ms
[2024-08-23T17:30:21.952+0800] GC(4)   Other: 0.1ms
[2024-08-23T17:30:21.952+0800] GC(4) Eden regions: 1->0(93)
[2024-08-23T17:30:21.952+0800] GC(4) Survivor regions: 1->1(7)
[2024-08-23T17:30:21.952+0800] GC(4) Old regions: 0->0
[2024-08-23T17:30:21.952+0800] GC(4) Archive regions: 0->0
[2024-08-23T17:30:21.952+0800] GC(4) Humongous regions: 459->57
[2024-08-23T17:30:21.952+0800] GC(4) Metaspace: 240K(448K)->240K(448K) NonClass: 232K(320K)->232K(320K) Class: 7K(128K)->7K(128K)
[2024-08-23T17:30:21.952+0800] GC(4) Pause Young (Concurrent Start) (G1 Humongous Allocation) 460M->57M(1024M) 1.286ms
[2024-08-23T17:30:21.952+0800] GC(4) User=0.00s Sys=0.00s Real=0.00s
[2024-08-23T17:30:21.952+0800] GC(5) Concurrent Undo Cycle
[2024-08-23T17:30:21.952+0800] GC(5) Concurrent Cleanup for Next Mark
[2024-08-23T17:30:21.953+0800] GC(5) Concurrent Cleanup for Next Mark 0.726ms
[2024-08-23T17:30:21.953+0800] GC(5) Concurrent Undo Cycle 0.792ms
[2024-08-23T17:30:24.241+0800] GC(6) Pause Young (Concurrent Start) (G1 Humongous Allocation)
[2024-08-23T17:30:24.241+0800] GC(6) Using 6 workers of 6 for evacuation
[2024-08-23T17:30:24.242+0800] GC(6)   Pre Evacuate Collection Set: 0.1ms
[2024-08-23T17:30:24.242+0800] GC(6)   Merge Heap Roots: 0.1ms
[2024-08-23T17:30:24.242+0800] GC(6)   Evacuate Collection Set: 0.4ms
[2024-08-23T17:30:24.242+0800] GC(6)   Post Evacuate Collection Set: 0.3ms
[2024-08-23T17:30:24.242+0800] GC(6)   Other: 0.1ms
[2024-08-23T17:30:24.242+0800] GC(6) Eden regions: 1->0(151)
[2024-08-23T17:30:24.242+0800] GC(6) Survivor regions: 1->1(12)
[2024-08-23T17:30:24.242+0800] GC(6) Old regions: 0->0
[2024-08-23T17:30:24.242+0800] GC(6) Archive regions: 0->0
[2024-08-23T17:30:24.242+0800] GC(6) Humongous regions: 410->215
[2024-08-23T17:30:24.242+0800] GC(6) Metaspace: 240K(448K)->240K(448K) NonClass: 233K(320K)->233K(320K) Class: 7K(128K)->7K(128K)
[2024-08-23T17:30:24.242+0800] GC(6) Pause Young (Concurrent Start) (G1 Humongous Allocation) 411M->215M(1024M) 1.188ms
[2024-08-23T17:30:24.242+0800] GC(6) User=0.00s Sys=0.00s Real=0.00s
[2024-08-23T17:30:24.242+0800] GC(7) Concurrent Undo Cycle
[2024-08-23T17:30:24.242+0800] GC(7) Concurrent Cleanup for Next Mark
[2024-08-23T17:30:24.243+0800] GC(7) Concurrent Cleanup for Next Mark 0.971ms
[2024-08-23T17:30:24.243+0800] GC(7) Concurrent Undo Cycle 1.044ms
[2024-08-23T17:30:25.658+0800] GC(8) Pause Young (Concurrent Start) (G1 Humongous Allocation)
[2024-08-23T17:30:25.658+0800] GC(8) Using 6 workers of 6 for evacuation
[2024-08-23T17:30:25.658+0800] GC(8)   Pre Evacuate Collection Set: 0.1ms
[2024-08-23T17:30:25.658+0800] GC(8)   Merge Heap Roots: 0.1ms
[2024-08-23T17:30:25.658+0800] GC(8)   Evacuate Collection Set: 0.4ms
[2024-08-23T17:30:25.658+0800] GC(8)   Post Evacuate Collection Set: 0.4ms
[2024-08-23T17:30:25.658+0800] GC(8)   Other: 0.1ms
[2024-08-23T17:30:25.658+0800] GC(8) Eden regions: 1->0(240)
[2024-08-23T17:30:25.658+0800] GC(8) Survivor regions: 1->1(19)
[2024-08-23T17:30:25.658+0800] GC(8) Old regions: 0->0
[2024-08-23T17:30:25.658+0800] GC(8) Archive regions: 0->0
[2024-08-23T17:30:25.658+0800] GC(8) Humongous regions: 424->57
[2024-08-23T17:30:25.658+0800] GC(8) Metaspace: 242K(448K)->242K(448K) NonClass: 235K(320K)->235K(320K) Class: 7K(128K)->7K(128K)
[2024-08-23T17:30:25.658+0800] GC(8) Pause Young (Concurrent Start) (G1 Humongous Allocation) 425M->57M(1024M) 1.208ms
[2024-08-23T17:30:25.658+0800] GC(8) User=0.00s Sys=0.00s Real=0.00s
[2024-08-23T17:30:25.658+0800] GC(9) Concurrent Undo Cycle
[2024-08-23T17:30:25.660+0800] GC(9) Concurrent Cleanup for Next Mark
[2024-08-23T17:30:25.661+0800] GC(9) Concurrent Cleanup for Next Mark 0.975ms
[2024-08-23T17:30:25.661+0800] GC(9) Concurrent Undo Cycle 1.130ms
[2024-08-23T17:30:28.940+0800] GC(10) Pause Young (Concurrent Start) (G1 Humongous Allocation)
[2024-08-23T17:30:28.940+0800] GC(10) Using 6 workers of 6 for evacuation
[2024-08-23T17:30:28.941+0800] GC(10)   Pre Evacuate Collection Set: 0.1ms
[2024-08-23T17:30:28.941+0800] GC(10)   Merge Heap Roots: 0.1ms
[2024-08-23T17:30:28.941+0800] GC(10)   Evacuate Collection Set: 0.6ms
[2024-08-23T17:30:28.941+0800] GC(10)   Post Evacuate Collection Set: 0.4ms
[2024-08-23T17:30:28.941+0800] GC(10)   Other: 0.1ms
[2024-08-23T17:30:28.941+0800] GC(10) Eden regions: 1->0(376)
[2024-08-23T17:30:28.941+0800] GC(10) Survivor regions: 1->1(31)
[2024-08-23T17:30:28.941+0800] GC(10) Old regions: 0->0
[2024-08-23T17:30:28.941+0800] GC(10) Archive regions: 0->0
[2024-08-23T17:30:28.941+0800] GC(10) Humongous regions: 461->6
[2024-08-23T17:30:28.941+0800] GC(10) Metaspace: 248K(448K)->248K(448K) NonClass: 240K(320K)->240K(320K) Class: 7K(128K)->7K(128K)
[2024-08-23T17:30:28.941+0800] GC(10) Pause Young (Concurrent Start) (G1 Humongous Allocation) 462M->6M(1024M) 1.417ms
[2024-08-23T17:30:28.941+0800] GC(10) User=0.00s Sys=0.00s Real=0.00s
[2024-08-23T17:30:28.941+0800] GC(11) Concurrent Undo Cycle
[2024-08-23T17:30:28.941+0800] GC(11) Concurrent Cleanup for Next Mark
[2024-08-23T17:30:28.942+0800] GC(11) Concurrent Cleanup for Next Mark 0.877ms
[2024-08-23T17:30:28.942+0800] GC(11) Concurrent Undo Cycle 0.939ms
[2024-08-23T17:30:31.347+0800] GC(12) Pause Young (Concurrent Start) (G1 Humongous Allocation)
[2024-08-23T17:30:31.347+0800] GC(12) Using 6 workers of 6 for evacuation
[2024-08-23T17:30:31.347+0800] GC(12)   Pre Evacuate Collection Set: 0.1ms
[2024-08-23T17:30:31.347+0800] GC(12)   Merge Heap Roots: 0.0ms
[2024-08-23T17:30:31.348+0800] GC(12)   Evacuate Collection Set: 0.4ms
[2024-08-23T17:30:31.348+0800] GC(12)   Post Evacuate Collection Set: 0.2ms
[2024-08-23T17:30:31.348+0800] GC(12)   Other: 0.1ms
[2024-08-23T17:30:31.348+0800] GC(12) Eden regions: 1->0(579)
[2024-08-23T17:30:31.348+0800] GC(12) Survivor regions: 1->1(48)
[2024-08-23T17:30:31.348+0800] GC(12) Old regions: 0->0
[2024-08-23T17:30:31.348+0800] GC(12) Archive regions: 0->0
[2024-08-23T17:30:31.348+0800] GC(12) Humongous regions: 365->84
[2024-08-23T17:30:31.348+0800] GC(12) Metaspace: 248K(448K)->248K(448K) NonClass: 240K(320K)->240K(320K) Class: 7K(128K)->7K(128K)
[2024-08-23T17:30:31.348+0800] GC(12) Pause Young (Concurrent Start) (G1 Humongous Allocation) 366M->84M(1024M) 0.948ms
[2024-08-23T17:30:31.348+0800] GC(12) User=0.00s Sys=0.00s Real=0.00s
[2024-08-23T17:30:31.348+0800] GC(13) Concurrent Undo Cycle
[2024-08-23T17:30:31.348+0800] GC(13) Concurrent Cleanup for Next Mark
[2024-08-23T17:30:31.349+0800] GC(13) Concurrent Cleanup for Next Mark 0.923ms
[2024-08-23T17:30:31.349+0800] GC(13) Concurrent Undo Cycle 1.014ms
[2024-08-23T17:30:34.073+0800] GC(14) Pause Young (Concurrent Start) (G1 Humongous Allocation)
[2024-08-23T17:30:34.073+0800] GC(14) Using 6 workers of 6 for evacuation
[2024-08-23T17:30:34.074+0800] GC(14)   Pre Evacuate Collection Set: 0.1ms
[2024-08-23T17:30:34.074+0800] GC(14)   Merge Heap Roots: 0.1ms
[2024-08-23T17:30:34.074+0800] GC(14)   Evacuate Collection Set: 0.4ms
[2024-08-23T17:30:34.074+0800] GC(14)   Post Evacuate Collection Set: 0.4ms
[2024-08-23T17:30:34.074+0800] GC(14)   Other: 0.1ms
[2024-08-23T17:30:34.074+0800] GC(14) Eden regions: 1->0(613)
[2024-08-23T17:30:34.074+0800] GC(14) Survivor regions: 1->1(73)
[2024-08-23T17:30:34.074+0800] GC(14) Old regions: 0->0
[2024-08-23T17:30:34.074+0800] GC(14) Archive regions: 0->0
[2024-08-23T17:30:34.074+0800] GC(14) Humongous regions: 448->128
[2024-08-23T17:30:34.074+0800] GC(14) Metaspace: 253K(448K)->253K(448K) NonClass: 245K(320K)->245K(320K) Class: 7K(128K)->7K(128K)
[2024-08-23T17:30:34.074+0800] GC(14) Pause Young (Concurrent Start) (G1 Humongous Allocation) 449M->128M(1024M) 1.174ms
[2024-08-23T17:30:34.074+0800] GC(14) User=0.00s Sys=0.00s Real=0.00s
[2024-08-23T17:30:34.074+0800] GC(15) Concurrent Undo Cycle
[2024-08-23T17:30:34.074+0800] GC(15) Concurrent Cleanup for Next Mark
[2024-08-23T17:30:34.075+0800] GC(15) Concurrent Cleanup for Next Mark 1.368ms
[2024-08-23T17:30:34.075+0800] GC(15) Concurrent Undo Cycle 1.463ms
[2024-08-23T17:30:35.604+0800] GC(16) Pause Young (Concurrent Start) (G1 Humongous Allocation)
[2024-08-23T17:30:35.604+0800] GC(16) Using 6 workers of 6 for evacuation
[2024-08-23T17:30:35.605+0800] GC(16)   Pre Evacuate Collection Set: 0.1ms
[2024-08-23T17:30:35.605+0800] GC(16)   Merge Heap Roots: 0.1ms
[2024-08-23T17:30:35.605+0800] GC(16)   Evacuate Collection Set: 0.4ms
[2024-08-23T17:30:35.605+0800] GC(16)   Post Evacuate Collection Set: 0.3ms
[2024-08-23T17:30:35.605+0800] GC(16)   Other: 0.1ms
[2024-08-23T17:30:35.605+0800] GC(16) Eden regions: 1->0(613)
[2024-08-23T17:30:35.605+0800] GC(16) Survivor regions: 1->1(77)
[2024-08-23T17:30:35.605+0800] GC(16) Old regions: 0->0
[2024-08-23T17:30:35.605+0800] GC(16) Archive regions: 0->0
[2024-08-23T17:30:35.605+0800] GC(16) Humongous regions: 414->166
[2024-08-23T17:30:35.605+0800] GC(16) Metaspace: 253K(448K)->253K(448K) NonClass: 245K(320K)->245K(320K) Class: 7K(128K)->7K(128K)
[2024-08-23T17:30:35.605+0800] GC(16) Pause Young (Concurrent Start) (G1 Humongous Allocation) 415M->166M(1024M) 1.146ms
[2024-08-23T17:30:35.605+0800] GC(16) User=0.00s Sys=0.00s Real=0.00s
[2024-08-23T17:30:35.605+0800] GC(17) Concurrent Undo Cycle
[2024-08-23T17:30:35.605+0800] GC(17) Concurrent Cleanup for Next Mark
[2024-08-23T17:30:35.606+0800] GC(17) Concurrent Cleanup for Next Mark 1.077ms
[2024-08-23T17:30:35.606+0800] GC(17) Concurrent Undo Cycle 1.175ms
[2024-08-23T17:30:37.023+0800] GC(18) Pause Young (Concurrent Start) (G1 Humongous Allocation)
[2024-08-23T17:30:37.023+0800] GC(18) Using 6 workers of 6 for evacuation
[2024-08-23T17:30:37.024+0800] GC(18)   Pre Evacuate Collection Set: 0.1ms
[2024-08-23T17:30:37.024+0800] GC(18)   Merge Heap Roots: 0.1ms
[2024-08-23T17:30:37.024+0800] GC(18)   Evacuate Collection Set: 0.5ms
[2024-08-23T17:30:37.024+0800] GC(18)   Post Evacuate Collection Set: 0.4ms
[2024-08-23T17:30:37.024+0800] GC(18)   Other: 0.1ms
[2024-08-23T17:30:37.024+0800] GC(18) Eden regions: 1->0(613)
[2024-08-23T17:30:37.024+0800] GC(18) Survivor regions: 1->1(77)
[2024-08-23T17:30:37.024+0800] GC(18) Old regions: 0->0
[2024-08-23T17:30:37.024+0800] GC(18) Archive regions: 0->0
[2024-08-23T17:30:37.024+0800] GC(18) Humongous regions: 371->62
[2024-08-23T17:30:37.024+0800] GC(18) Metaspace: 253K(448K)->253K(448K) NonClass: 246K(320K)->246K(320K) Class: 7K(128K)->7K(128K)
[2024-08-23T17:30:37.024+0800] GC(18) Pause Young (Concurrent Start) (G1 Humongous Allocation) 372M->62M(1024M) 1.344ms
[2024-08-23T17:30:37.024+0800] GC(18) User=0.00s Sys=0.00s Real=0.00s
[2024-08-23T17:30:37.024+0800] GC(19) Concurrent Undo Cycle
[2024-08-23T17:30:37.024+0800] GC(19) Concurrent Cleanup for Next Mark
[2024-08-23T17:30:37.025+0800] GC(19) Concurrent Cleanup for Next Mark 1.247ms
[2024-08-23T17:30:37.025+0800] GC(19) Concurrent Undo Cycle 1.340ms
[2024-08-23T17:30:39.644+0800] GC(20) Pause Young (Concurrent Start) (G1 Humongous Allocation)
[2024-08-23T17:30:39.644+0800] GC(20) Using 6 workers of 6 for evacuation
[2024-08-23T17:30:39.645+0800] GC(20)   Pre Evacuate Collection Set: 0.1ms
[2024-08-23T17:30:39.645+0800] GC(20)   Merge Heap Roots: 0.1ms
[2024-08-23T17:30:39.645+0800] GC(20)   Evacuate Collection Set: 0.4ms
[2024-08-23T17:30:39.645+0800] GC(20)   Post Evacuate Collection Set: 0.4ms
[2024-08-23T17:30:39.645+0800] GC(20)   Other: 0.1ms
[2024-08-23T17:30:39.645+0800] GC(20) Eden regions: 1->0(613)
[2024-08-23T17:30:39.645+0800] GC(20) Survivor regions: 1->1(77)
[2024-08-23T17:30:39.645+0800] GC(20) Old regions: 0->0
[2024-08-23T17:30:39.645+0800] GC(20) Archive regions: 0->0
[2024-08-23T17:30:39.645+0800] GC(20) Humongous regions: 460->45
[2024-08-23T17:30:39.645+0800] GC(20) Metaspace: 257K(448K)->257K(448K) NonClass: 250K(320K)->250K(320K) Class: 7K(128K)->7K(128K)
[2024-08-23T17:30:39.645+0800] GC(20) Pause Young (Concurrent Start) (G1 Humongous Allocation) 461M->45M(1024M) 1.180ms
[2024-08-23T17:30:39.645+0800] GC(20) User=0.00s Sys=0.00s Real=0.00s
[2024-08-23T17:30:39.645+0800] GC(21) Concurrent Undo Cycle
[2024-08-23T17:30:39.645+0800] GC(21) Concurrent Cleanup for Next Mark
[2024-08-23T17:30:39.646+0800] GC(21) Concurrent Cleanup for Next Mark 1.116ms
[2024-08-23T17:30:39.646+0800] GC(21) Concurrent Undo Cycle 1.208ms
[2024-08-23T17:30:42.693+0800] GC(22) Pause Young (Concurrent Start) (G1 Humongous Allocation)
[2024-08-23T17:30:42.693+0800] GC(22) Using 6 workers of 6 for evacuation
[2024-08-23T17:30:42.694+0800] GC(22)   Pre Evacuate Collection Set: 0.1ms
[2024-08-23T17:30:42.694+0800] GC(22)   Merge Heap Roots: 0.1ms
[2024-08-23T17:30:42.694+0800] GC(22)   Evacuate Collection Set: 0.4ms
[2024-08-23T17:30:42.694+0800] GC(22)   Post Evacuate Collection Set: 0.4ms
[2024-08-23T17:30:42.694+0800] GC(22)   Other: 0.1ms
[2024-08-23T17:30:42.694+0800] GC(22) Eden regions: 1->0(613)
[2024-08-23T17:30:42.694+0800] GC(22) Survivor regions: 1->1(77)
[2024-08-23T17:30:42.694+0800] GC(22) Old regions: 0->0
[2024-08-23T17:30:42.694+0800] GC(22) Archive regions: 0->0
[2024-08-23T17:30:42.694+0800] GC(22) Humongous regions: 425->114
[2024-08-23T17:30:42.694+0800] GC(22) Metaspace: 268K(448K)->268K(448K) NonClass: 261K(320K)->261K(320K) Class: 7K(128K)->7K(128K)
[2024-08-23T17:30:42.694+0800] GC(22) Pause Young (Concurrent Start) (G1 Humongous Allocation) 426M->114M(1024M) 1.180ms
[2024-08-23T17:30:42.694+0800] GC(22) User=0.00s Sys=0.00s Real=0.00s
[2024-08-23T17:30:42.694+0800] GC(23) Concurrent Undo Cycle
[2024-08-23T17:30:42.694+0800] GC(23) Concurrent Cleanup for Next Mark
[2024-08-23T17:30:42.695+0800] GC(23) Concurrent Cleanup for Next Mark 1.060ms
[2024-08-23T17:30:42.695+0800] GC(23) Concurrent Undo Cycle 1.154ms
[2024-08-23T17:30:45.418+0800] GC(24) Pause Young (Concurrent Start) (G1 Humongous Allocation)
[2024-08-23T17:30:45.418+0800] GC(24) Using 6 workers of 6 for evacuation
[2024-08-23T17:30:45.419+0800] GC(24)   Pre Evacuate Collection Set: 0.1ms
[2024-08-23T17:30:45.419+0800] GC(24)   Merge Heap Roots: 0.1ms
[2024-08-23T17:30:45.419+0800] GC(24)   Evacuate Collection Set: 0.4ms
[2024-08-23T17:30:45.419+0800] GC(24)   Post Evacuate Collection Set: 0.4ms
[2024-08-23T17:30:45.419+0800] GC(24)   Other: 0.1ms
[2024-08-23T17:30:45.419+0800] GC(24) Eden regions: 1->0(613)
[2024-08-23T17:30:45.419+0800] GC(24) Survivor regions: 1->1(77)
[2024-08-23T17:30:45.419+0800] GC(24) Old regions: 0->0
[2024-08-23T17:30:45.419+0800] GC(24) Archive regions: 0->0
[2024-08-23T17:30:45.419+0800] GC(24) Humongous regions: 433->29
[2024-08-23T17:30:45.419+0800] GC(24) Metaspace: 268K(448K)->268K(448K) NonClass: 261K(320K)->261K(320K) Class: 7K(128K)->7K(128K)
[2024-08-23T17:30:45.419+0800] GC(24) Pause Young (Concurrent Start) (G1 Humongous Allocation) 434M->29M(1024M) 1.191ms
[2024-08-23T17:30:45.419+0800] GC(24) User=0.00s Sys=0.00s Real=0.00s
[2024-08-23T17:30:45.419+0800] GC(25) Concurrent Undo Cycle
[2024-08-23T17:30:45.419+0800] GC(25) Concurrent Cleanup for Next Mark
[2024-08-23T17:30:45.421+0800] GC(25) Concurrent Cleanup for Next Mark 1.251ms
[2024-08-23T17:30:45.421+0800] GC(25) Concurrent Undo Cycle 1.362ms
[2024-08-23T17:30:48.144+0800] GC(26) Pause Young (Concurrent Start) (G1 Humongous Allocation)
[2024-08-23T17:30:48.144+0800] GC(26) Using 6 workers of 6 for evacuation
[2024-08-23T17:30:48.145+0800] GC(26)   Pre Evacuate Collection Set: 0.1ms
[2024-08-23T17:30:48.145+0800] GC(26)   Merge Heap Roots: 0.1ms
[2024-08-23T17:30:48.145+0800] GC(26)   Evacuate Collection Set: 0.4ms
[2024-08-23T17:30:48.145+0800] GC(26)   Post Evacuate Collection Set: 0.4ms
[2024-08-23T17:30:48.145+0800] GC(26)   Other: 0.1ms
[2024-08-23T17:30:48.145+0800] GC(26) Eden regions: 1->0(613)
[2024-08-23T17:30:48.145+0800] GC(26) Survivor regions: 1->1(77)
[2024-08-23T17:30:48.145+0800] GC(26) Old regions: 0->0
[2024-08-23T17:30:48.145+0800] GC(26) Archive regions: 0->0
[2024-08-23T17:30:48.145+0800] GC(26) Humongous regions: 448->11
[2024-08-23T17:30:48.145+0800] GC(26) Metaspace: 268K(448K)->268K(448K) NonClass: 261K(320K)->261K(320K) Class: 7K(128K)->7K(128K)
[2024-08-23T17:30:48.145+0800] GC(26) Pause Young (Concurrent Start) (G1 Humongous Allocation) 449M->11M(1024M) 1.178ms
[2024-08-23T17:30:48.145+0800] GC(26) User=0.00s Sys=0.00s Real=0.00s
[2024-08-23T17:30:48.145+0800] GC(27) Concurrent Undo Cycle
[2024-08-23T17:30:48.145+0800] GC(27) Concurrent Cleanup for Next Mark
[2024-08-23T17:30:48.146+0800] GC(27) Concurrent Cleanup for Next Mark 1.040ms
[2024-08-23T17:30:48.146+0800] GC(27) Concurrent Undo Cycle 1.115ms
[2024-08-23T17:30:50.767+0800] GC(28) Pause Young (Concurrent Start) (G1 Humongous Allocation)
[2024-08-23T17:30:50.767+0800] GC(28) Using 6 workers of 6 for evacuation
[2024-08-23T17:30:50.767+0800] GC(28)   Pre Evacuate Collection Set: 0.1ms
[2024-08-23T17:30:50.767+0800] GC(28)   Merge Heap Roots: 0.1ms
[2024-08-23T17:30:50.767+0800] GC(28)   Evacuate Collection Set: 0.5ms
[2024-08-23T17:30:50.767+0800] GC(28)   Post Evacuate Collection Set: 0.5ms
[2024-08-23T17:30:50.767+0800] GC(28)   Other: 0.1ms
[2024-08-23T17:30:50.767+0800] GC(28) Eden regions: 1->0(613)
[2024-08-23T17:30:50.767+0800] GC(28) Survivor regions: 1->1(77)
[2024-08-23T17:30:50.767+0800] GC(28) Old regions: 0->0
[2024-08-23T17:30:50.767+0800] GC(28) Archive regions: 0->0
[2024-08-23T17:30:50.767+0800] GC(28) Humongous regions: 459->50
[2024-08-23T17:30:50.767+0800] GC(28) Metaspace: 268K(448K)->268K(448K) NonClass: 261K(320K)->261K(320K) Class: 7K(128K)->7K(128K)
[2024-08-23T17:30:50.768+0800] GC(28) Pause Young (Concurrent Start) (G1 Humongous Allocation) 460M->50M(1024M) 1.433ms
[2024-08-23T17:30:50.768+0800] GC(28) User=0.00s Sys=0.00s Real=0.00s
[2024-08-23T17:30:50.768+0800] GC(29) Concurrent Undo Cycle
[2024-08-23T17:30:50.768+0800] GC(29) Concurrent Cleanup for Next Mark
[2024-08-23T17:30:50.768+0800] GC(29) Concurrent Cleanup for Next Mark 1.048ms
[2024-08-23T17:30:50.768+0800] GC(29) Concurrent Undo Cycle 1.125ms
[2024-08-23T17:30:53.930+0800] GC(30) Pause Young (Concurrent Start) (G1 Humongous Allocation)
[2024-08-23T17:30:53.930+0800] GC(30) Using 6 workers of 6 for evacuation
[2024-08-23T17:30:53.931+0800] GC(30)   Pre Evacuate Collection Set: 0.1ms
[2024-08-23T17:30:53.931+0800] GC(30)   Merge Heap Roots: 0.1ms
[2024-08-23T17:30:53.931+0800] GC(30)   Evacuate Collection Set: 0.4ms
[2024-08-23T17:30:53.931+0800] GC(30)   Post Evacuate Collection Set: 0.4ms
[2024-08-23T17:30:53.931+0800] GC(30)   Other: 0.1ms
[2024-08-23T17:30:53.931+0800] GC(30) Eden regions: 1->0(613)
[2024-08-23T17:30:53.931+0800] GC(30) Survivor regions: 1->1(77)
[2024-08-23T17:30:53.931+0800] GC(30) Old regions: 0->1
[2024-08-23T17:30:53.931+0800] GC(30) Archive regions: 0->0
[2024-08-23T17:30:53.931+0800] GC(30) Humongous regions: 446->134
[2024-08-23T17:30:53.931+0800] GC(30) Metaspace: 275K(448K)->275K(448K) NonClass: 268K(320K)->268K(320K) Class: 7K(128K)->7K(128K)
[2024-08-23T17:30:53.931+0800] GC(30) Pause Young (Concurrent Start) (G1 Humongous Allocation) 447M->134M(1024M) 1.266ms
[2024-08-23T17:30:53.931+0800] GC(30) User=0.00s Sys=0.00s Real=0.00s
[2024-08-23T17:30:53.931+0800] GC(31) Concurrent Undo Cycle
[2024-08-23T17:30:53.931+0800] GC(31) Concurrent Cleanup for Next Mark
[2024-08-23T17:30:53.932+0800] GC(31) Concurrent Cleanup for Next Mark 0.979ms
[2024-08-23T17:30:53.932+0800] GC(31) Concurrent Undo Cycle 1.062ms
[2024-08-23T17:30:56.896+0800] GC(32) Pause Young (Concurrent Start) (G1 Humongous Allocation)
[2024-08-23T17:30:56.896+0800] GC(32) Using 6 workers of 6 for evacuation
[2024-08-23T17:30:56.897+0800] GC(32)   Pre Evacuate Collection Set: 0.1ms
[2024-08-23T17:30:56.897+0800] GC(32)   Merge Heap Roots: 0.1ms
[2024-08-23T17:30:56.897+0800] GC(32)   Evacuate Collection Set: 0.1ms
[2024-08-23T17:30:56.897+0800] GC(32)   Post Evacuate Collection Set: 0.3ms
[2024-08-23T17:30:56.897+0800] GC(32)   Other: 0.1ms
[2024-08-23T17:30:56.897+0800] GC(32) Eden regions: 1->0(613)
[2024-08-23T17:30:56.897+0800] GC(32) Survivor regions: 1->1(77)
[2024-08-23T17:30:56.897+0800] GC(32) Old regions: 1->1
[2024-08-23T17:30:56.897+0800] GC(32) Archive regions: 0->0
[2024-08-23T17:30:56.897+0800] GC(32) Humongous regions: 460->64
[2024-08-23T17:30:56.897+0800] GC(32) Metaspace: 279K(512K)->279K(512K) NonClass: 271K(384K)->271K(384K) Class: 7K(128K)->7K(128K)
[2024-08-23T17:30:56.897+0800] GC(32) Pause Young (Concurrent Start) (G1 Humongous Allocation) 461M->64M(1024M) 0.925ms
[2024-08-23T17:30:56.897+0800] GC(32) User=0.00s Sys=0.00s Real=0.00s
[2024-08-23T17:30:56.897+0800] GC(33) Concurrent Undo Cycle
[2024-08-23T17:30:56.897+0800] GC(33) Concurrent Cleanup for Next Mark
[2024-08-23T17:30:56.898+0800] GC(33) Concurrent Cleanup for Next Mark 1.046ms
[2024-08-23T17:30:56.898+0800] GC(33) Concurrent Undo Cycle 1.133ms
[2024-08-23T17:30:59.621+0800] GC(34) Pause Young (Concurrent Start) (G1 Humongous Allocation)
[2024-08-23T17:30:59.621+0800] GC(34) Using 6 workers of 6 for evacuation
[2024-08-23T17:30:59.622+0800] GC(34)   Pre Evacuate Collection Set: 0.1ms
[2024-08-23T17:30:59.622+0800] GC(34)   Merge Heap Roots: 0.1ms
[2024-08-23T17:30:59.622+0800] GC(34)   Evacuate Collection Set: 0.2ms
[2024-08-23T17:30:59.622+0800] GC(34)   Post Evacuate Collection Set: 0.4ms
[2024-08-23T17:30:59.622+0800] GC(34)   Other: 0.1ms
[2024-08-23T17:30:59.622+0800] GC(34) Eden regions: 1->0(613)
[2024-08-23T17:30:59.622+0800] GC(34) Survivor regions: 1->1(77)
[2024-08-23T17:30:59.622+0800] GC(34) Old regions: 1->1
[2024-08-23T17:30:59.622+0800] GC(34) Archive regions: 0->0
[2024-08-23T17:30:59.622+0800] GC(34) Humongous regions: 448->21
[2024-08-23T17:30:59.622+0800] GC(34) Metaspace: 279K(512K)->279K(512K) NonClass: 271K(384K)->271K(384K) Class: 7K(128K)->7K(128K)
[2024-08-23T17:30:59.622+0800] GC(34) Pause Young (Concurrent Start) (G1 Humongous Allocation) 449M->21M(1024M) 0.989ms
[2024-08-23T17:30:59.622+0800] GC(34) User=0.00s Sys=0.00s Real=0.00s
[2024-08-23T17:30:59.622+0800] GC(35) Concurrent Undo Cycle
[2024-08-23T17:30:59.622+0800] GC(35) Concurrent Cleanup for Next Mark
[2024-08-23T17:30:59.623+0800] GC(35) Concurrent Cleanup for Next Mark 0.945ms
[2024-08-23T17:30:59.623+0800] GC(35) Concurrent Undo Cycle 1.033ms
[2024-08-23T17:31:02.242+0800] GC(36) Pause Young (Concurrent Start) (G1 Humongous Allocation)
[2024-08-23T17:31:02.242+0800] GC(36) Using 6 workers of 6 for evacuation
[2024-08-23T17:31:02.243+0800] GC(36)   Pre Evacuate Collection Set: 0.1ms
[2024-08-23T17:31:02.243+0800] GC(36)   Merge Heap Roots: 0.1ms
[2024-08-23T17:31:02.243+0800] GC(36)   Evacuate Collection Set: 0.2ms
[2024-08-23T17:31:02.243+0800] GC(36)   Post Evacuate Collection Set: 0.4ms
[2024-08-23T17:31:02.243+0800] GC(36)   Other: 0.1ms
[2024-08-23T17:31:02.243+0800] GC(36) Eden regions: 1->0(613)
[2024-08-23T17:31:02.243+0800] GC(36) Survivor regions: 1->1(77)
[2024-08-23T17:31:02.243+0800] GC(36) Old regions: 1->1
[2024-08-23T17:31:02.243+0800] GC(36) Archive regions: 0->0
[2024-08-23T17:31:02.243+0800] GC(36) Humongous regions: 459->95
[2024-08-23T17:31:02.243+0800] GC(36) Metaspace: 279K(512K)->279K(512K) NonClass: 271K(384K)->271K(384K) Class: 7K(128K)->7K(128K)
[2024-08-23T17:31:02.243+0800] GC(36) Pause Young (Concurrent Start) (G1 Humongous Allocation) 460M->95M(1024M) 0.999ms
[2024-08-23T17:31:02.243+0800] GC(36) User=0.00s Sys=0.00s Real=0.00s
[2024-08-23T17:31:02.243+0800] GC(37) Concurrent Undo Cycle
[2024-08-23T17:31:02.243+0800] GC(37) Concurrent Cleanup for Next Mark
[2024-08-23T17:31:02.244+0800] GC(37) Concurrent Cleanup for Next Mark 0.721ms
[2024-08-23T17:31:02.244+0800] GC(37) Concurrent Undo Cycle 0.788ms
[2024-08-23T17:31:03.985+0800] GC(38) Pause Young (Concurrent Start) (G1 Humongous Allocation)
[2024-08-23T17:31:03.985+0800] GC(38) Using 6 workers of 6 for evacuation
[2024-08-23T17:31:03.986+0800] GC(38)   Pre Evacuate Collection Set: 0.1ms
[2024-08-23T17:31:03.986+0800] GC(38)   Merge Heap Roots: 0.1ms
[2024-08-23T17:31:03.986+0800] GC(38)   Evacuate Collection Set: 0.1ms
[2024-08-23T17:31:03.986+0800] GC(38)   Post Evacuate Collection Set: 0.5ms
[2024-08-23T17:31:03.986+0800] GC(38)   Other: 0.1ms
[2024-08-23T17:31:03.986+0800] GC(38) Eden regions: 1->0(613)
[2024-08-23T17:31:03.986+0800] GC(38) Survivor regions: 1->1(77)
[2024-08-23T17:31:03.986+0800] GC(38) Old regions: 1->1
[2024-08-23T17:31:03.986+0800] GC(38) Archive regions: 0->0
[2024-08-23T17:31:03.986+0800] GC(38) Humongous regions: 391->57
[2024-08-23T17:31:03.986+0800] GC(38) Metaspace: 279K(512K)->279K(512K) NonClass: 271K(384K)->271K(384K) Class: 7K(128K)->7K(128K)
[2024-08-23T17:31:03.986+0800] GC(38) Pause Young (Concurrent Start) (G1 Humongous Allocation) 392M->57M(1024M) 1.014ms
[2024-08-23T17:31:03.986+0800] GC(38) User=0.00s Sys=0.00s Real=0.00s
[2024-08-23T17:31:03.986+0800] GC(39) Concurrent Undo Cycle
[2024-08-23T17:31:03.986+0800] GC(39) Concurrent Cleanup for Next Mark
[2024-08-23T17:31:03.987+0800] GC(39) Concurrent Cleanup for Next Mark 1.091ms
[2024-08-23T17:31:03.987+0800] GC(39) Concurrent Undo Cycle 1.184ms
[2024-08-23T17:31:07.372+0800] GC(40) Pause Young (Concurrent Start) (G1 Humongous Allocation)
[2024-08-23T17:31:07.372+0800] GC(40) Using 6 workers of 6 for evacuation
[2024-08-23T17:31:07.373+0800] GC(40)   Pre Evacuate Collection Set: 0.1ms
[2024-08-23T17:31:07.373+0800] GC(40)   Merge Heap Roots: 0.1ms
[2024-08-23T17:31:07.373+0800] GC(40)   Evacuate Collection Set: 0.1ms
[2024-08-23T17:31:07.373+0800] GC(40)   Post Evacuate Collection Set: 0.5ms
[2024-08-23T17:31:07.373+0800] GC(40)   Other: 0.1ms
[2024-08-23T17:31:07.373+0800] GC(40) Eden regions: 1->0(613)
[2024-08-23T17:31:07.373+0800] GC(40) Survivor regions: 1->1(77)
[2024-08-23T17:31:07.373+0800] GC(40) Old regions: 1->1
[2024-08-23T17:31:07.373+0800] GC(40) Archive regions: 0->0
[2024-08-23T17:31:07.373+0800] GC(40) Humongous regions: 458->12
[2024-08-23T17:31:07.373+0800] GC(40) Metaspace: 301K(512K)->301K(512K) NonClass: 293K(384K)->293K(384K) Class: 7K(128K)->7K(128K)
[2024-08-23T17:31:07.373+0800] GC(40) Pause Young (Concurrent Start) (G1 Humongous Allocation) 459M->12M(1024M) 1.019ms
[2024-08-23T17:31:07.373+0800] GC(40) User=0.00s Sys=0.00s Real=0.00s
[2024-08-23T17:31:07.373+0800] GC(41) Concurrent Undo Cycle
[2024-08-23T17:31:07.373+0800] GC(41) Concurrent Cleanup for Next Mark
[2024-08-23T17:31:07.374+0800] GC(41) Concurrent Cleanup for Next Mark 0.754ms
[2024-08-23T17:31:07.374+0800] GC(41) Concurrent Undo Cycle 0.840ms
[2024-08-23T17:31:09.665+0800] GC(42) Pause Young (Concurrent Start) (G1 Humongous Allocation)
[2024-08-23T17:31:09.665+0800] GC(42) Using 6 workers of 6 for evacuation
[2024-08-23T17:31:09.665+0800] GC(42)   Pre Evacuate Collection Set: 0.1ms
[2024-08-23T17:31:09.665+0800] GC(42)   Merge Heap Roots: 0.1ms
[2024-08-23T17:31:09.665+0800] GC(42)   Evacuate Collection Set: 0.1ms
[2024-08-23T17:31:09.665+0800] GC(42)   Post Evacuate Collection Set: 0.2ms
[2024-08-23T17:31:09.665+0800] GC(42)   Other: 0.1ms
[2024-08-23T17:31:09.666+0800] GC(42) Eden regions: 1->0(613)
[2024-08-23T17:31:09.666+0800] GC(42) Survivor regions: 1->1(77)
[2024-08-23T17:31:09.666+0800] GC(42) Old regions: 1->1
[2024-08-23T17:31:09.666+0800] GC(42) Archive regions: 0->0
[2024-08-23T17:31:09.666+0800] GC(42) Humongous regions: 365->95
[2024-08-23T17:31:09.666+0800] GC(42) Metaspace: 307K(512K)->307K(512K) NonClass: 299K(384K)->299K(384K) Class: 7K(128K)->7K(128K)
[2024-08-23T17:31:09.666+0800] GC(42) Pause Young (Concurrent Start) (G1 Humongous Allocation) 366M->95M(1024M) 0.854ms
[2024-08-23T17:31:09.666+0800] GC(42) User=0.00s Sys=0.00s Real=0.00s
[2024-08-23T17:31:09.666+0800] GC(43) Concurrent Undo Cycle
[2024-08-23T17:31:09.666+0800] GC(43) Concurrent Cleanup for Next Mark
[2024-08-23T17:31:09.667+0800] GC(43) Concurrent Cleanup for Next Mark 1.412ms
[2024-08-23T17:31:09.667+0800] GC(43) Concurrent Undo Cycle 1.509ms
[2024-08-23T17:31:12.289+0800] GC(44) Pause Young (Concurrent Start) (G1 Humongous Allocation)
[2024-08-23T17:31:12.289+0800] GC(44) Using 6 workers of 6 for evacuation
[2024-08-23T17:31:12.289+0800] GC(44)   Pre Evacuate Collection Set: 0.1ms
[2024-08-23T17:31:12.289+0800] GC(44)   Merge Heap Roots: 0.0ms
[2024-08-23T17:31:12.289+0800] GC(44)   Evacuate Collection Set: 0.1ms
[2024-08-23T17:31:12.289+0800] GC(44)   Post Evacuate Collection Set: 0.2ms
[2024-08-23T17:31:12.289+0800] GC(44)   Other: 0.2ms
[2024-08-23T17:31:12.289+0800] GC(44) Eden regions: 1->0(613)
[2024-08-23T17:31:12.289+0800] GC(44) Survivor regions: 1->1(77)
[2024-08-23T17:31:12.289+0800] GC(44) Old regions: 1->1
[2024-08-23T17:31:12.289+0800] GC(44) Archive regions: 0->0
[2024-08-23T17:31:12.289+0800] GC(44) Humongous regions: 453->68
[2024-08-23T17:31:12.289+0800] GC(44) Metaspace: 307K(512K)->307K(512K) NonClass: 299K(384K)->299K(384K) Class: 7K(128K)->7K(128K)
[2024-08-23T17:31:12.289+0800] GC(44) Pause Young (Concurrent Start) (G1 Humongous Allocation) 454M->68M(1024M) 0.732ms
[2024-08-23T17:31:12.289+0800] GC(44) User=0.00s Sys=0.00s Real=0.00s
[2024-08-23T17:31:12.289+0800] GC(45) Concurrent Undo Cycle
[2024-08-23T17:31:12.289+0800] GC(45) Concurrent Cleanup for Next Mark
[2024-08-23T17:31:12.291+0800] GC(45) Concurrent Cleanup for Next Mark 1.348ms
[2024-08-23T17:31:12.291+0800] GC(45) Concurrent Undo Cycle 1.486ms
[2024-08-23T17:31:13.930+0800] GC(46) Pause Young (Concurrent Start) (G1 Humongous Allocation)
[2024-08-23T17:31:13.930+0800] GC(46) Using 6 workers of 6 for evacuation
[2024-08-23T17:31:13.931+0800] GC(46)   Pre Evacuate Collection Set: 0.1ms
[2024-08-23T17:31:13.931+0800] GC(46)   Merge Heap Roots: 0.1ms
[2024-08-23T17:31:13.931+0800] GC(46)   Evacuate Collection Set: 0.1ms
[2024-08-23T17:31:13.931+0800] GC(46)   Post Evacuate Collection Set: 0.4ms
[2024-08-23T17:31:13.931+0800] GC(46)   Other: 0.1ms
[2024-08-23T17:31:13.931+0800] GC(46) Eden regions: 1->0(613)
[2024-08-23T17:31:13.931+0800] GC(46) Survivor regions: 1->1(77)
[2024-08-23T17:31:13.931+0800] GC(46) Old regions: 1->1
[2024-08-23T17:31:13.931+0800] GC(46) Archive regions: 0->0
[2024-08-23T17:31:13.931+0800] GC(46) Humongous regions: 375->215
[2024-08-23T17:31:13.931+0800] GC(46) Metaspace: 307K(512K)->307K(512K) NonClass: 299K(384K)->299K(384K) Class: 7K(128K)->7K(128K)
[2024-08-23T17:31:13.931+0800] GC(46) Pause Young (Concurrent Start) (G1 Humongous Allocation) 376M->215M(1024M) 0.913ms
[2024-08-23T17:31:13.931+0800] GC(46) User=0.00s Sys=0.00s Real=0.00s
[2024-08-23T17:31:13.931+0800] GC(47) Concurrent Undo Cycle
[2024-08-23T17:31:13.931+0800] GC(47) Concurrent Cleanup for Next Mark
[2024-08-23T17:31:13.932+0800] GC(47) Concurrent Cleanup for Next Mark 1.035ms
[2024-08-23T17:31:13.932+0800] GC(47) Concurrent Undo Cycle 1.120ms
[2024-08-23T17:31:15.349+0800] GC(48) Pause Young (Concurrent Start) (G1 Humongous Allocation)
[2024-08-23T17:31:15.349+0800] GC(48) Using 6 workers of 6 for evacuation
[2024-08-23T17:31:15.350+0800] GC(48)   Pre Evacuate Collection Set: 0.1ms
[2024-08-23T17:31:15.350+0800] GC(48)   Merge Heap Roots: 0.1ms
[2024-08-23T17:31:15.350+0800] GC(48)   Evacuate Collection Set: 0.2ms
[2024-08-23T17:31:15.350+0800] GC(48)   Post Evacuate Collection Set: 0.5ms
[2024-08-23T17:31:15.350+0800] GC(48)   Other: 0.1ms
[2024-08-23T17:31:15.350+0800] GC(48) Eden regions: 1->0(613)
[2024-08-23T17:31:15.350+0800] GC(48) Survivor regions: 1->1(77)
[2024-08-23T17:31:15.350+0800] GC(48) Old regions: 1->1
[2024-08-23T17:31:15.350+0800] GC(48) Archive regions: 0->0
[2024-08-23T17:31:15.350+0800] GC(48) Humongous regions: 424->57
[2024-08-23T17:31:15.350+0800] GC(48) Metaspace: 307K(512K)->307K(512K) NonClass: 299K(384K)->299K(384K) Class: 7K(128K)->7K(128K)
[2024-08-23T17:31:15.350+0800] GC(48) Pause Young (Concurrent Start) (G1 Humongous Allocation) 425M->57M(1024M) 1.075ms
[2024-08-23T17:31:15.350+0800] GC(48) User=0.00s Sys=0.00s Real=0.00s
[2024-08-23T17:31:15.350+0800] GC(49) Concurrent Undo Cycle
[2024-08-23T17:31:15.350+0800] GC(49) Concurrent Cleanup for Next Mark
[2024-08-23T17:31:15.351+0800] GC(49) Concurrent Cleanup for Next Mark 0.964ms
[2024-08-23T17:31:15.351+0800] GC(49) Concurrent Undo Cycle 1.055ms
[2024-08-23T17:31:18.517+0800] GC(50) Pause Young (Concurrent Start) (G1 Humongous Allocation)
[2024-08-23T17:31:18.517+0800] GC(50) Using 6 workers of 6 for evacuation
[2024-08-23T17:31:18.518+0800] GC(50)   Pre Evacuate Collection Set: 0.1ms
[2024-08-23T17:31:18.518+0800] GC(50)   Merge Heap Roots: 0.1ms
[2024-08-23T17:31:18.518+0800] GC(50)   Evacuate Collection Set: 0.1ms
[2024-08-23T17:31:18.518+0800] GC(50)   Post Evacuate Collection Set: 0.5ms
[2024-08-23T17:31:18.518+0800] GC(50)   Other: 0.1ms
[2024-08-23T17:31:18.518+0800] GC(50) Eden regions: 1->0(613)
[2024-08-23T17:31:18.518+0800] GC(50) Survivor regions: 1->1(77)
[2024-08-23T17:31:18.518+0800] GC(50) Old regions: 1->1
[2024-08-23T17:31:18.518+0800] GC(50) Archive regions: 0->0
[2024-08-23T17:31:18.518+0800] GC(50) Humongous regions: 455->11
[2024-08-23T17:31:18.518+0800] GC(50) Metaspace: 307K(512K)->307K(512K) NonClass: 299K(384K)->299K(384K) Class: 7K(128K)->7K(128K)
[2024-08-23T17:31:18.518+0800] GC(50) Pause Young (Concurrent Start) (G1 Humongous Allocation) 456M->11M(1024M) 0.941ms
[2024-08-23T17:31:18.518+0800] GC(50) User=0.00s Sys=0.00s Real=0.00s
[2024-08-23T17:31:18.518+0800] GC(51) Concurrent Undo Cycle
[2024-08-23T17:31:18.518+0800] GC(51) Concurrent Cleanup for Next Mark
[2024-08-23T17:31:18.518+0800] GC(51) Concurrent Cleanup for Next Mark 0.711ms
[2024-08-23T17:31:18.518+0800] GC(51) Concurrent Undo Cycle 0.778ms
[2024-08-23T17:31:21.027+0800] GC(52) Pause Young (Concurrent Start) (G1 Humongous Allocation)
[2024-08-23T17:31:21.027+0800] GC(52) Using 6 workers of 6 for evacuation
[2024-08-23T17:31:21.027+0800] GC(52)   Pre Evacuate Collection Set: 0.1ms
[2024-08-23T17:31:21.028+0800] GC(52)   Merge Heap Roots: 0.1ms
[2024-08-23T17:31:21.028+0800] GC(52)   Evacuate Collection Set: 0.2ms
[2024-08-23T17:31:21.028+0800] GC(52)   Post Evacuate Collection Set: 0.4ms
[2024-08-23T17:31:21.028+0800] GC(52)   Other: 0.1ms
[2024-08-23T17:31:21.028+0800] GC(52) Eden regions: 1->0(613)
[2024-08-23T17:31:21.028+0800] GC(52) Survivor regions: 1->1(77)
[2024-08-23T17:31:21.028+0800] GC(52) Old regions: 1->1
[2024-08-23T17:31:21.028+0800] GC(52) Archive regions: 0->0
[2024-08-23T17:31:21.028+0800] GC(52) Humongous regions: 376->84
[2024-08-23T17:31:21.028+0800] GC(52) Metaspace: 307K(512K)->307K(512K) NonClass: 299K(384K)->299K(384K) Class: 7K(128K)->7K(128K)
[2024-08-23T17:31:21.028+0800] GC(52) Pause Young (Concurrent Start) (G1 Humongous Allocation) 377M->84M(1024M) 0.951ms
[2024-08-23T17:31:21.028+0800] GC(52) User=0.00s Sys=0.00s Real=0.00s
[2024-08-23T17:31:21.028+0800] GC(53) Concurrent Undo Cycle
[2024-08-23T17:31:21.028+0800] GC(53) Concurrent Cleanup for Next Mark
[2024-08-23T17:31:21.028+0800] GC(53) Concurrent Cleanup for Next Mark 1.060ms
[2024-08-23T17:31:21.028+0800] GC(53) Concurrent Undo Cycle 1.159ms
[2024-08-23T17:31:23.759+0800] GC(54) Pause Young (Concurrent Start) (G1 Humongous Allocation)
[2024-08-23T17:31:23.759+0800] GC(54) Using 6 workers of 6 for evacuation
[2024-08-23T17:31:23.759+0800] GC(54)   Pre Evacuate Collection Set: 0.1ms
[2024-08-23T17:31:23.759+0800] GC(54)   Merge Heap Roots: 0.1ms
[2024-08-23T17:31:23.759+0800] GC(54)   Evacuate Collection Set: 0.2ms
[2024-08-23T17:31:23.760+0800] GC(54)   Post Evacuate Collection Set: 0.3ms
[2024-08-23T17:31:23.760+0800] GC(54)   Other: 0.1ms
[2024-08-23T17:31:23.760+0800] GC(54) Eden regions: 1->0(613)
[2024-08-23T17:31:23.760+0800] GC(54) Survivor regions: 1->1(77)
[2024-08-23T17:31:23.760+0800] GC(54) Old regions: 1->1
[2024-08-23T17:31:23.760+0800] GC(54) Archive regions: 0->0
[2024-08-23T17:31:23.760+0800] GC(54) Humongous regions: 448->128
[2024-08-23T17:31:23.760+0800] GC(54) Metaspace: 308K(512K)->308K(512K) NonClass: 300K(384K)->300K(384K) Class: 7K(128K)->7K(128K)
[2024-08-23T17:31:23.760+0800] GC(54) Pause Young (Concurrent Start) (G1 Humongous Allocation) 449M->128M(1024M) 0.938ms
[2024-08-23T17:31:23.760+0800] GC(54) User=0.00s Sys=0.00s Real=0.00s
[2024-08-23T17:31:23.760+0800] GC(55) Concurrent Undo Cycle
[2024-08-23T17:31:23.760+0800] GC(55) Concurrent Cleanup for Next Mark
[2024-08-23T17:31:23.761+0800] GC(55) Concurrent Cleanup for Next Mark 1.174ms
[2024-08-23T17:31:23.761+0800] GC(55) Concurrent Undo Cycle 1.264ms
[2024-08-23T17:31:25.289+0800] GC(56) Pause Young (Concurrent Start) (G1 Humongous Allocation)
[2024-08-23T17:31:25.289+0800] GC(56) Using 6 workers of 6 for evacuation
[2024-08-23T17:31:25.290+0800] GC(56)   Pre Evacuate Collection Set: 0.1ms
[2024-08-23T17:31:25.290+0800] GC(56)   Merge Heap Roots: 0.1ms
[2024-08-23T17:31:25.290+0800] GC(56)   Evacuate Collection Set: 0.1ms
[2024-08-23T17:31:25.290+0800] GC(56)   Post Evacuate Collection Set: 0.4ms
[2024-08-23T17:31:25.290+0800] GC(56)   Other: 0.1ms
[2024-08-23T17:31:25.290+0800] GC(56) Eden regions: 1->0(613)
[2024-08-23T17:31:25.290+0800] GC(56) Survivor regions: 1->1(77)
[2024-08-23T17:31:25.290+0800] GC(56) Old regions: 1->1
[2024-08-23T17:31:25.290+0800] GC(56) Archive regions: 0->0
[2024-08-23T17:31:25.290+0800] GC(56) Humongous regions: 414->166
[2024-08-23T17:31:25.290+0800] GC(56) Metaspace: 308K(512K)->308K(512K) NonClass: 300K(384K)->300K(384K) Class: 7K(128K)->7K(128K)
[2024-08-23T17:31:25.290+0800] GC(56) Pause Young (Concurrent Start) (G1 Humongous Allocation) 415M->166M(1024M) 0.887ms
[2024-08-23T17:31:25.290+0800] GC(56) User=0.00s Sys=0.00s Real=0.00s
[2024-08-23T17:31:25.290+0800] GC(57) Concurrent Undo Cycle
[2024-08-23T17:31:25.290+0800] GC(57) Concurrent Cleanup for Next Mark
[2024-08-23T17:31:25.291+0800] GC(57) Concurrent Cleanup for Next Mark 0.947ms
[2024-08-23T17:31:25.291+0800] GC(57) Concurrent Undo Cycle 1.039ms
[2024-08-23T17:31:26.712+0800] GC(58) Pause Young (Concurrent Start) (G1 Humongous Allocation)
[2024-08-23T17:31:26.712+0800] GC(58) Using 6 workers of 6 for evacuation
[2024-08-23T17:31:26.713+0800] GC(58)   Pre Evacuate Collection Set: 0.1ms
[2024-08-23T17:31:26.713+0800] GC(58)   Merge Heap Roots: 0.1ms
[2024-08-23T17:31:26.713+0800] GC(58)   Evacuate Collection Set: 0.2ms
[2024-08-23T17:31:26.713+0800] GC(58)   Post Evacuate Collection Set: 0.5ms
[2024-08-23T17:31:26.713+0800] GC(58)   Other: 0.1ms
[2024-08-23T17:31:26.713+0800] GC(58) Eden regions: 1->0(613)
[2024-08-23T17:31:26.713+0800] GC(58) Survivor regions: 1->1(77)
[2024-08-23T17:31:26.713+0800] GC(58) Old regions: 1->1
[2024-08-23T17:31:26.713+0800] GC(58) Archive regions: 0->0
[2024-08-23T17:31:26.713+0800] GC(58) Humongous regions: 371->62
[2024-08-23T17:31:26.713+0800] GC(58) Metaspace: 308K(512K)->308K(512K) NonClass: 300K(384K)->300K(384K) Class: 7K(128K)->7K(128K)
[2024-08-23T17:31:26.713+0800] GC(58) Pause Young (Concurrent Start) (G1 Humongous Allocation) 372M->62M(1024M) 1.015ms
[2024-08-23T17:31:26.713+0800] GC(58) User=0.00s Sys=0.00s Real=0.00s
[2024-08-23T17:31:26.713+0800] GC(59) Concurrent Undo Cycle
[2024-08-23T17:31:26.713+0800] GC(59) Concurrent Cleanup for Next Mark
[2024-08-23T17:31:26.714+0800] GC(59) Concurrent Cleanup for Next Mark 1.013ms
[2024-08-23T17:31:26.714+0800] GC(59) Concurrent Undo Cycle 1.099ms
[2024-08-23T17:31:29.333+0800] GC(60) Pause Young (Concurrent Start) (G1 Humongous Allocation)
[2024-08-23T17:31:29.333+0800] GC(60) Using 6 workers of 6 for evacuation
[2024-08-23T17:31:29.334+0800] GC(60)   Pre Evacuate Collection Set: 0.1ms
[2024-08-23T17:31:29.334+0800] GC(60)   Merge Heap Roots: 0.1ms
[2024-08-23T17:31:29.334+0800] GC(60)   Evacuate Collection Set: 0.1ms
[2024-08-23T17:31:29.334+0800] GC(60)   Post Evacuate Collection Set: 0.5ms
[2024-08-23T17:31:29.334+0800] GC(60)   Other: 0.1ms
[2024-08-23T17:31:29.334+0800] GC(60) Eden regions: 1->0(613)
[2024-08-23T17:31:29.334+0800] GC(60) Survivor regions: 1->1(77)
[2024-08-23T17:31:29.334+0800] GC(60) Old regions: 1->1
[2024-08-23T17:31:29.334+0800] GC(60) Archive regions: 0->0
[2024-08-23T17:31:29.334+0800] GC(60) Humongous regions: 460->45
[2024-08-23T17:31:29.334+0800] GC(60) Metaspace: 308K(512K)->308K(512K) NonClass: 300K(384K)->300K(384K) Class: 7K(128K)->7K(128K)
[2024-08-23T17:31:29.334+0800] GC(60) Pause Young (Concurrent Start) (G1 Humongous Allocation) 461M->45M(1024M) 0.972ms
[2024-08-23T17:31:29.334+0800] GC(60) User=0.00s Sys=0.00s Real=0.00s
[2024-08-23T17:31:29.334+0800] GC(61) Concurrent Undo Cycle
[2024-08-23T17:31:29.334+0800] GC(61) Concurrent Cleanup for Next Mark
[2024-08-23T17:31:29.335+0800] GC(61) Concurrent Cleanup for Next Mark 0.939ms
[2024-08-23T17:31:29.335+0800] GC(61) Concurrent Undo Cycle 1.028ms
[2024-08-23T17:31:32.385+0800] GC(62) Pause Young (Concurrent Start) (G1 Humongous Allocation)
[2024-08-23T17:31:32.385+0800] GC(62) Using 6 workers of 6 for evacuation
[2024-08-23T17:31:32.386+0800] GC(62)   Pre Evacuate Collection Set: 0.1ms
[2024-08-23T17:31:32.386+0800] GC(62)   Merge Heap Roots: 0.1ms
[2024-08-23T17:31:32.386+0800] GC(62)   Evacuate Collection Set: 0.1ms
[2024-08-23T17:31:32.386+0800] GC(62)   Post Evacuate Collection Set: 0.5ms
[2024-08-23T17:31:32.386+0800] GC(62)   Other: 0.1ms
[2024-08-23T17:31:32.386+0800] GC(62) Eden regions: 1->0(614)
[2024-08-23T17:31:32.386+0800] GC(62) Survivor regions: 1->0(77)
[2024-08-23T17:31:32.386+0800] GC(62) Old regions: 1->1
[2024-08-23T17:31:32.386+0800] GC(62) Archive regions: 0->0
[2024-08-23T17:31:32.386+0800] GC(62) Humongous regions: 425->114
[2024-08-23T17:31:32.386+0800] GC(62) Metaspace: 308K(512K)->308K(512K) NonClass: 300K(384K)->300K(384K) Class: 7K(128K)->7K(128K)
[2024-08-23T17:31:32.386+0800] GC(62) Pause Young (Concurrent Start) (G1 Humongous Allocation) 426M->114M(1024M) 1.074ms
[2024-08-23T17:31:32.386+0800] GC(62) User=0.00s Sys=0.00s Real=0.00s
[2024-08-23T17:31:32.386+0800] GC(63) Concurrent Undo Cycle
[2024-08-23T17:31:32.386+0800] GC(63) Concurrent Cleanup for Next Mark
[2024-08-23T17:31:32.387+0800] GC(63) Concurrent Cleanup for Next Mark 1.093ms
[2024-08-23T17:31:32.387+0800] GC(63) Concurrent Undo Cycle 1.192ms
[2024-08-23T17:31:35.111+0800] GC(64) Pause Young (Concurrent Start) (G1 Humongous Allocation)
[2024-08-23T17:31:35.111+0800] GC(64) Using 6 workers of 6 for evacuation
[2024-08-23T17:31:35.111+0800] GC(64)   Pre Evacuate Collection Set: 0.1ms
[2024-08-23T17:31:35.111+0800] GC(64)   Merge Heap Roots: 0.1ms
[2024-08-23T17:31:35.111+0800] GC(64)   Evacuate Collection Set: 0.1ms
[2024-08-23T17:31:35.111+0800] GC(64)   Post Evacuate Collection Set: 0.4ms
[2024-08-23T17:31:35.111+0800] GC(64)   Other: 0.1ms
[2024-08-23T17:31:35.111+0800] GC(64) Eden regions: 1->0(614)
[2024-08-23T17:31:35.111+0800] GC(64) Survivor regions: 0->0(77)
[2024-08-23T17:31:35.111+0800] GC(64) Old regions: 1->1
[2024-08-23T17:31:35.111+0800] GC(64) Archive regions: 0->0
[2024-08-23T17:31:35.111+0800] GC(64) Humongous regions: 433->29
[2024-08-23T17:31:35.111+0800] GC(64) Metaspace: 308K(512K)->308K(512K) NonClass: 300K(384K)->300K(384K) Class: 7K(128K)->7K(128K)
[2024-08-23T17:31:35.112+0800] GC(64) Pause Young (Concurrent Start) (G1 Humongous Allocation) 434M->29M(1024M) 0.860ms
[2024-08-23T17:31:35.112+0800] GC(64) User=0.00s Sys=0.00s Real=0.00s
[2024-08-23T17:31:35.112+0800] GC(65) Concurrent Undo Cycle
[2024-08-23T17:31:35.112+0800] GC(65) Concurrent Cleanup for Next Mark
[2024-08-23T17:31:35.113+0800] GC(65) Concurrent Cleanup for Next Mark 1.064ms
[2024-08-23T17:31:35.113+0800] GC(65) Concurrent Undo Cycle 1.146ms
[2024-08-23T17:31:37.842+0800] GC(66) Pause Young (Concurrent Start) (G1 Humongous Allocation)
[2024-08-23T17:31:37.842+0800] GC(66) Using 6 workers of 6 for evacuation
[2024-08-23T17:31:37.843+0800] GC(66)   Pre Evacuate Collection Set: 0.1ms
[2024-08-23T17:31:37.843+0800] GC(66)   Merge Heap Roots: 0.1ms
[2024-08-23T17:31:37.843+0800] GC(66)   Evacuate Collection Set: 0.1ms
[2024-08-23T17:31:37.843+0800] GC(66)   Post Evacuate Collection Set: 0.4ms
[2024-08-23T17:31:37.843+0800] GC(66)   Other: 0.1ms
[2024-08-23T17:31:37.843+0800] GC(66) Eden regions: 1->0(614)
[2024-08-23T17:31:37.843+0800] GC(66) Survivor regions: 0->0(77)
[2024-08-23T17:31:37.843+0800] GC(66) Old regions: 1->1
[2024-08-23T17:31:37.843+0800] GC(66) Archive regions: 0->0
[2024-08-23T17:31:37.843+0800] GC(66) Humongous regions: 448->11
[2024-08-23T17:31:37.843+0800] GC(66) Metaspace: 308K(512K)->308K(512K) NonClass: 300K(384K)->300K(384K) Class: 7K(128K)->7K(128K)
[2024-08-23T17:31:37.843+0800] GC(66) Pause Young (Concurrent Start) (G1 Humongous Allocation) 449M->11M(1024M) 0.942ms
[2024-08-23T17:31:37.843+0800] GC(66) User=0.00s Sys=0.00s Real=0.00s
[2024-08-23T17:31:37.843+0800] GC(67) Concurrent Undo Cycle
[2024-08-23T17:31:37.843+0800] GC(67) Concurrent Cleanup for Next Mark
[2024-08-23T17:31:37.844+0800] GC(67) Concurrent Cleanup for Next Mark 1.117ms
[2024-08-23T17:31:37.844+0800] GC(67) Concurrent Undo Cycle 1.202ms
[2024-08-23T17:31:40.464+0800] GC(68) Pause Young (Concurrent Start) (G1 Humongous Allocation)
[2024-08-23T17:31:40.464+0800] GC(68) Using 6 workers of 6 for evacuation
[2024-08-23T17:31:40.464+0800] GC(68)   Pre Evacuate Collection Set: 0.1ms
[2024-08-23T17:31:40.464+0800] GC(68)   Merge Heap Roots: 0.1ms
[2024-08-23T17:31:40.464+0800] GC(68)   Evacuate Collection Set: 0.2ms
[2024-08-23T17:31:40.464+0800] GC(68)   Post Evacuate Collection Set: 0.3ms
[2024-08-23T17:31:40.465+0800] GC(68)   Other: 0.1ms
[2024-08-23T17:31:40.465+0800] GC(68) Eden regions: 1->0(614)
[2024-08-23T17:31:40.465+0800] GC(68) Survivor regions: 0->0(77)
[2024-08-23T17:31:40.465+0800] GC(68) Old regions: 1->1
[2024-08-23T17:31:40.465+0800] GC(68) Archive regions: 0->0
[2024-08-23T17:31:40.465+0800] GC(68) Humongous regions: 459->50
[2024-08-23T17:31:40.465+0800] GC(68) Metaspace: 308K(512K)->308K(512K) NonClass: 300K(384K)->300K(384K) Class: 7K(128K)->7K(128K)
[2024-08-23T17:31:40.465+0800] GC(68) Pause Young (Concurrent Start) (G1 Humongous Allocation) 460M->50M(1024M) 0.894ms
[2024-08-23T17:31:40.465+0800] GC(68) User=0.00s Sys=0.00s Real=0.00s
[2024-08-23T17:31:40.465+0800] GC(69) Concurrent Undo Cycle
[2024-08-23T17:31:40.465+0800] GC(69) Concurrent Cleanup for Next Mark
[2024-08-23T17:31:40.466+0800] GC(69) Concurrent Cleanup for Next Mark 1.015ms
[2024-08-23T17:31:40.466+0800] GC(69) Concurrent Undo Cycle 1.098ms
[2024-08-23T17:31:43.644+0800] GC(70) Pause Young (Concurrent Start) (G1 Humongous Allocation)
[2024-08-23T17:31:43.644+0800] GC(70) Using 6 workers of 6 for evacuation
[2024-08-23T17:31:43.645+0800] GC(70)   Pre Evacuate Collection Set: 0.1ms
[2024-08-23T17:31:43.645+0800] GC(70)   Merge Heap Roots: 0.1ms
[2024-08-23T17:31:43.645+0800] GC(70)   Evacuate Collection Set: 0.1ms
[2024-08-23T17:31:43.645+0800] GC(70)   Post Evacuate Collection Set: 0.4ms
[2024-08-23T17:31:43.645+0800] GC(70)   Other: 0.1ms
[2024-08-23T17:31:43.645+0800] GC(70) Eden regions: 1->0(614)
[2024-08-23T17:31:43.645+0800] GC(70) Survivor regions: 0->0(77)
[2024-08-23T17:31:43.645+0800] GC(70) Old regions: 1->1
[2024-08-23T17:31:43.645+0800] GC(70) Archive regions: 0->0
[2024-08-23T17:31:43.645+0800] GC(70) Humongous regions: 446->134
[2024-08-23T17:31:43.645+0800] GC(70) Metaspace: 308K(512K)->308K(512K) NonClass: 300K(384K)->300K(384K) Class: 7K(128K)->7K(128K)
[2024-08-23T17:31:43.645+0800] GC(70) Pause Young (Concurrent Start) (G1 Humongous Allocation) 447M->134M(1024M) 0.931ms
[2024-08-23T17:31:43.645+0800] GC(70) User=0.00s Sys=0.00s Real=0.00s
[2024-08-23T17:31:43.645+0800] GC(71) Concurrent Undo Cycle
[2024-08-23T17:31:43.645+0800] GC(71) Concurrent Cleanup for Next Mark
[2024-08-23T17:31:43.646+0800] GC(71) Concurrent Cleanup for Next Mark 0.971ms
[2024-08-23T17:31:43.646+0800] GC(71) Concurrent Undo Cycle 1.065ms
[2024-08-23T17:31:46.588+0800] GC(72) Pause Young (Concurrent Start) (G1 Humongous Allocation)
[2024-08-23T17:31:46.588+0800] GC(72) Using 6 workers of 6 for evacuation
[2024-08-23T17:31:46.588+0800] GC(72)   Pre Evacuate Collection Set: 0.1ms
[2024-08-23T17:31:46.588+0800] GC(72)   Merge Heap Roots: 0.1ms
[2024-08-23T17:31:46.588+0800] GC(72)   Evacuate Collection Set: 0.1ms
[2024-08-23T17:31:46.588+0800] GC(72)   Post Evacuate Collection Set: 0.4ms
[2024-08-23T17:31:46.588+0800] GC(72)   Other: 0.1ms
[2024-08-23T17:31:46.588+0800] GC(72) Eden regions: 1->0(614)
[2024-08-23T17:31:46.588+0800] GC(72) Survivor regions: 0->0(77)
[2024-08-23T17:31:46.588+0800] GC(72) Old regions: 1->1
[2024-08-23T17:31:46.588+0800] GC(72) Archive regions: 0->0
[2024-08-23T17:31:46.588+0800] GC(72) Humongous regions: 460->64
[2024-08-23T17:31:46.588+0800] GC(72) Metaspace: 308K(512K)->308K(512K) NonClass: 300K(384K)->300K(384K) Class: 7K(128K)->7K(128K)
[2024-08-23T17:31:46.588+0800] GC(72) Pause Young (Concurrent Start) (G1 Humongous Allocation) 461M->64M(1024M) 0.906ms
[2024-08-23T17:31:46.588+0800] GC(72) User=0.00s Sys=0.00s Real=0.00s
[2024-08-23T17:31:46.588+0800] GC(73) Concurrent Undo Cycle
[2024-08-23T17:31:46.588+0800] GC(73) Concurrent Cleanup for Next Mark
[2024-08-23T17:31:46.590+0800] GC(73) Concurrent Cleanup for Next Mark 1.144ms
[2024-08-23T17:31:46.590+0800] GC(73) Concurrent Undo Cycle 1.252ms
[2024-08-23T17:31:49.321+0800] GC(74) Pause Young (Concurrent Start) (G1 Humongous Allocation)
[2024-08-23T17:31:49.321+0800] GC(74) Using 6 workers of 6 for evacuation
[2024-08-23T17:31:49.322+0800] GC(74)   Pre Evacuate Collection Set: 0.1ms
[2024-08-23T17:31:49.322+0800] GC(74)   Merge Heap Roots: 0.1ms
[2024-08-23T17:31:49.322+0800] GC(74)   Evacuate Collection Set: 0.1ms
[2024-08-23T17:31:49.322+0800] GC(74)   Post Evacuate Collection Set: 0.5ms
[2024-08-23T17:31:49.322+0800] GC(74)   Other: 0.1ms
[2024-08-23T17:31:49.322+0800] GC(74) Eden regions: 1->0(614)
[2024-08-23T17:31:49.322+0800] GC(74) Survivor regions: 0->0(77)
[2024-08-23T17:31:49.322+0800] GC(74) Old regions: 1->1
[2024-08-23T17:31:49.322+0800] GC(74) Archive regions: 0->0
[2024-08-23T17:31:49.322+0800] GC(74) Humongous regions: 448->21
[2024-08-23T17:31:49.322+0800] GC(74) Metaspace: 308K(512K)->308K(512K) NonClass: 300K(384K)->300K(384K) Class: 7K(128K)->7K(128K)
[2024-08-23T17:31:49.322+0800] GC(74) Pause Young (Concurrent Start) (G1 Humongous Allocation) 449M->21M(1024M) 0.967ms
[2024-08-23T17:31:49.322+0800] GC(74) User=0.00s Sys=0.00s Real=0.00s
[2024-08-23T17:31:49.322+0800] GC(75) Concurrent Undo Cycle
[2024-08-23T17:31:49.322+0800] GC(75) Concurrent Cleanup for Next Mark
[2024-08-23T17:31:49.323+0800] GC(75) Concurrent Cleanup for Next Mark 1.170ms
[2024-08-23T17:31:49.323+0800] GC(75) Concurrent Undo Cycle 1.256ms
[2024-08-23T17:31:51.933+0800] GC(76) Pause Young (Concurrent Start) (G1 Humongous Allocation)
[2024-08-23T17:31:51.933+0800] GC(76) Using 6 workers of 6 for evacuation
[2024-08-23T17:31:51.934+0800] GC(76)   Pre Evacuate Collection Set: 0.1ms
[2024-08-23T17:31:51.934+0800] GC(76)   Merge Heap Roots: 0.1ms
[2024-08-23T17:31:51.934+0800] GC(76)   Evacuate Collection Set: 0.2ms
[2024-08-23T17:31:51.934+0800] GC(76)   Post Evacuate Collection Set: 0.4ms
[2024-08-23T17:31:51.934+0800] GC(76)   Other: 0.1ms
[2024-08-23T17:31:51.934+0800] GC(76) Eden regions: 1->0(614)
[2024-08-23T17:31:51.934+0800] GC(76) Survivor regions: 0->0(77)
[2024-08-23T17:31:51.934+0800] GC(76) Old regions: 1->1
[2024-08-23T17:31:51.934+0800] GC(76) Archive regions: 0->0
[2024-08-23T17:31:51.934+0800] GC(76) Humongous regions: 459->95
[2024-08-23T17:31:51.934+0800] GC(76) Metaspace: 308K(512K)->308K(512K) NonClass: 300K(384K)->300K(384K) Class: 7K(128K)->7K(128K)
[2024-08-23T17:31:51.934+0800] GC(76) Pause Young (Concurrent Start) (G1 Humongous Allocation) 460M->95M(1024M) 0.942ms
[2024-08-23T17:31:51.934+0800] GC(76) User=0.00s Sys=0.00s Real=0.00s
[2024-08-23T17:31:51.934+0800] GC(77) Concurrent Undo Cycle
[2024-08-23T17:31:51.934+0800] GC(77) Concurrent Cleanup for Next Mark
[2024-08-23T17:31:51.934+0800] GC(77) Concurrent Cleanup for Next Mark 0.756ms
[2024-08-23T17:31:51.935+0800] GC(77) Concurrent Undo Cycle 0.824ms
[2024-08-23T17:31:53.681+0800] GC(78) Pause Young (Concurrent Start) (G1 Humongous Allocation)
[2024-08-23T17:31:53.681+0800] GC(78) Using 6 workers of 6 for evacuation
[2024-08-23T17:31:53.681+0800] GC(78)   Pre Evacuate Collection Set: 0.1ms
[2024-08-23T17:31:53.682+0800] GC(78)   Merge Heap Roots: 0.1ms
[2024-08-23T17:31:53.682+0800] GC(78)   Evacuate Collection Set: 0.2ms
[2024-08-23T17:31:53.682+0800] GC(78)   Post Evacuate Collection Set: 0.3ms
[2024-08-23T17:31:53.682+0800] GC(78)   Other: 0.1ms
[2024-08-23T17:31:53.682+0800] GC(78) Eden regions: 1->0(614)
[2024-08-23T17:31:53.682+0800] GC(78) Survivor regions: 0->0(77)
[2024-08-23T17:31:53.682+0800] GC(78) Old regions: 1->1
[2024-08-23T17:31:53.682+0800] GC(78) Archive regions: 0->0
[2024-08-23T17:31:53.682+0800] GC(78) Humongous regions: 391->57
[2024-08-23T17:31:53.682+0800] GC(78) Metaspace: 308K(512K)->308K(512K) NonClass: 300K(384K)->300K(384K) Class: 7K(128K)->7K(128K)
[2024-08-23T17:31:53.682+0800] GC(78) Pause Young (Concurrent Start) (G1 Humongous Allocation) 392M->57M(1024M) 0.913ms
[2024-08-23T17:31:53.682+0800] GC(78) User=0.00s Sys=0.00s Real=0.00s
[2024-08-23T17:31:53.682+0800] GC(79) Concurrent Undo Cycle
[2024-08-23T17:31:53.682+0800] GC(79) Concurrent Cleanup for Next Mark
[2024-08-23T17:31:53.683+0800] GC(79) Concurrent Cleanup for Next Mark 1.030ms
[2024-08-23T17:31:53.683+0800] GC(79) Concurrent Undo Cycle 1.115ms
[2024-08-23T17:31:57.066+0800] GC(80) Pause Young (Concurrent Start) (G1 Humongous Allocation)
[2024-08-23T17:31:57.066+0800] GC(80) Using 6 workers of 6 for evacuation
[2024-08-23T17:31:57.066+0800] GC(80)   Pre Evacuate Collection Set: 0.1ms
[2024-08-23T17:31:57.066+0800] GC(80)   Merge Heap Roots: 0.1ms
[2024-08-23T17:31:57.066+0800] GC(80)   Evacuate Collection Set: 0.1ms
[2024-08-23T17:31:57.066+0800] GC(80)   Post Evacuate Collection Set: 0.3ms
[2024-08-23T17:31:57.066+0800] GC(80)   Other: 0.1ms
[2024-08-23T17:31:57.066+0800] GC(80) Eden regions: 1->0(614)
[2024-08-23T17:31:57.066+0800] GC(80) Survivor regions: 0->0(77)
[2024-08-23T17:31:57.066+0800] GC(80) Old regions: 1->1
[2024-08-23T17:31:57.066+0800] GC(80) Archive regions: 0->0
[2024-08-23T17:31:57.066+0800] GC(80) Humongous regions: 458->12
[2024-08-23T17:31:57.066+0800] GC(80) Metaspace: 308K(512K)->308K(512K) NonClass: 300K(384K)->300K(384K) Class: 7K(128K)->7K(128K)
[2024-08-23T17:31:57.066+0800] GC(80) Pause Young (Concurrent Start) (G1 Humongous Allocation) 459M->12M(1024M) 0.809ms
[2024-08-23T17:31:57.066+0800] GC(80) User=0.00s Sys=0.00s Real=0.00s
[2024-08-23T17:31:57.067+0800] GC(81) Concurrent Undo Cycle
[2024-08-23T17:31:57.067+0800] GC(81) Concurrent Cleanup for Next Mark
[2024-08-23T17:31:57.067+0800] GC(81) Concurrent Cleanup for Next Mark 0.747ms
[2024-08-23T17:31:57.067+0800] GC(81) Concurrent Undo Cycle 0.819ms
[2024-08-23T17:31:59.366+0800] GC(82) Pause Young (Concurrent Start) (G1 Humongous Allocation)
[2024-08-23T17:31:59.366+0800] GC(82) Using 6 workers of 6 for evacuation
[2024-08-23T17:31:59.366+0800] GC(82)   Pre Evacuate Collection Set: 0.1ms
[2024-08-23T17:31:59.366+0800] GC(82)   Merge Heap Roots: 0.1ms
[2024-08-23T17:31:59.366+0800] GC(82)   Evacuate Collection Set: 0.1ms
[2024-08-23T17:31:59.366+0800] GC(82)   Post Evacuate Collection Set: 0.4ms
[2024-08-23T17:31:59.366+0800] GC(82)   Other: 0.1ms
[2024-08-23T17:31:59.367+0800] GC(82) Eden regions: 1->0(614)
[2024-08-23T17:31:59.367+0800] GC(82) Survivor regions: 0->0(77)
[2024-08-23T17:31:59.367+0800] GC(82) Old regions: 1->1
[2024-08-23T17:31:59.367+0800] GC(82) Archive regions: 0->0
[2024-08-23T17:31:59.367+0800] GC(82) Humongous regions: 365->95
[2024-08-23T17:31:59.367+0800] GC(82) Metaspace: 308K(512K)->308K(512K) NonClass: 300K(384K)->300K(384K) Class: 7K(128K)->7K(128K)
[2024-08-23T17:31:59.367+0800] GC(82) Pause Young (Concurrent Start) (G1 Humongous Allocation) 366M->95M(1024M) 0.912ms
[2024-08-23T17:31:59.367+0800] GC(82) User=0.00s Sys=0.00s Real=0.00s
[2024-08-23T17:31:59.367+0800] GC(83) Concurrent Undo Cycle
[2024-08-23T17:31:59.367+0800] GC(83) Concurrent Cleanup for Next Mark
[2024-08-23T17:31:59.368+0800] GC(83) Concurrent Cleanup for Next Mark 1.079ms
[2024-08-23T17:31:59.368+0800] GC(83) Concurrent Undo Cycle 1.180ms
[2024-08-23T17:32:01.990+0800] GC(84) Pause Young (Concurrent Start) (G1 Humongous Allocation)
[2024-08-23T17:32:01.990+0800] GC(84) Using 6 workers of 6 for evacuation
[2024-08-23T17:32:01.990+0800] GC(84)   Pre Evacuate Collection Set: 0.1ms
[2024-08-23T17:32:01.990+0800] GC(84)   Merge Heap Roots: 0.1ms
[2024-08-23T17:32:01.990+0800] GC(84)   Evacuate Collection Set: 0.2ms
[2024-08-23T17:32:01.990+0800] GC(84)   Post Evacuate Collection Set: 0.4ms
[2024-08-23T17:32:01.991+0800] GC(84)   Other: 0.1ms
[2024-08-23T17:32:01.991+0800] GC(84) Eden regions: 1->0(614)
[2024-08-23T17:32:01.991+0800] GC(84) Survivor regions: 0->0(77)
[2024-08-23T17:32:01.991+0800] GC(84) Old regions: 1->1
[2024-08-23T17:32:01.991+0800] GC(84) Archive regions: 0->0
[2024-08-23T17:32:01.991+0800] GC(84) Humongous regions: 453->68
[2024-08-23T17:32:01.991+0800] GC(84) Metaspace: 308K(512K)->308K(512K) NonClass: 300K(384K)->300K(384K) Class: 7K(128K)->7K(128K)
[2024-08-23T17:32:01.991+0800] GC(84) Pause Young (Concurrent Start) (G1 Humongous Allocation) 454M->68M(1024M) 1.021ms
[2024-08-23T17:32:01.991+0800] GC(84) User=0.00s Sys=0.00s Real=0.00s
[2024-08-23T17:32:01.991+0800] GC(85) Concurrent Undo Cycle
[2024-08-23T17:32:01.991+0800] GC(85) Concurrent Cleanup for Next Mark
[2024-08-23T17:32:01.992+0800] GC(85) Concurrent Cleanup for Next Mark 0.989ms
[2024-08-23T17:32:01.992+0800] GC(85) Concurrent Undo Cycle 1.079ms
[2024-08-23T17:32:03.627+0800] GC(86) Pause Young (Concurrent Start) (G1 Humongous Allocation)
[2024-08-23T17:32:03.627+0800] GC(86) Using 6 workers of 6 for evacuation
[2024-08-23T17:32:03.628+0800] GC(86)   Pre Evacuate Collection Set: 0.1ms
[2024-08-23T17:32:03.628+0800] GC(86)   Merge Heap Roots: 0.1ms
[2024-08-23T17:32:03.628+0800] GC(86)   Evacuate Collection Set: 0.1ms
[2024-08-23T17:32:03.628+0800] GC(86)   Post Evacuate Collection Set: 0.4ms
[2024-08-23T17:32:03.628+0800] GC(86)   Other: 0.1ms
[2024-08-23T17:32:03.628+0800] GC(86) Eden regions: 1->0(614)
[2024-08-23T17:32:03.628+0800] GC(86) Survivor regions: 0->0(77)
[2024-08-23T17:32:03.628+0800] GC(86) Old regions: 1->1
[2024-08-23T17:32:03.628+0800] GC(86) Archive regions: 0->0
[2024-08-23T17:32:03.628+0800] GC(86) Humongous regions: 375->215
[2024-08-23T17:32:03.628+0800] GC(86) Metaspace: 308K(512K)->308K(512K) NonClass: 300K(384K)->300K(384K) Class: 7K(128K)->7K(128K)
[2024-08-23T17:32:03.628+0800] GC(86) Pause Young (Concurrent Start) (G1 Humongous Allocation) 376M->215M(1024M) 1.011ms
[2024-08-23T17:32:03.628+0800] GC(86) User=0.00s Sys=0.00s Real=0.00s
[2024-08-23T17:32:03.628+0800] GC(87) Concurrent Undo Cycle
[2024-08-23T17:32:03.628+0800] GC(87) Concurrent Cleanup for Next Mark
[2024-08-23T17:32:03.629+0800] GC(87) Concurrent Cleanup for Next Mark 1.088ms
[2024-08-23T17:32:03.629+0800] GC(87) Concurrent Undo Cycle 1.185ms
[2024-08-23T17:32:05.049+0800] GC(88) Pause Young (Concurrent Start) (G1 Humongous Allocation)
[2024-08-23T17:32:05.049+0800] GC(88) Using 6 workers of 6 for evacuation
[2024-08-23T17:32:05.049+0800] GC(88)   Pre Evacuate Collection Set: 0.1ms
[2024-08-23T17:32:05.049+0800] GC(88)   Merge Heap Roots: 0.0ms
[2024-08-23T17:32:05.049+0800] GC(88)   Evacuate Collection Set: 0.1ms
[2024-08-23T17:32:05.049+0800] GC(88)   Post Evacuate Collection Set: 0.4ms
[2024-08-23T17:32:05.049+0800] GC(88)   Other: 0.1ms
[2024-08-23T17:32:05.049+0800] GC(88) Eden regions: 1->0(614)
[2024-08-23T17:32:05.049+0800] GC(88) Survivor regions: 0->0(77)
[2024-08-23T17:32:05.049+0800] GC(88) Old regions: 1->1
[2024-08-23T17:32:05.049+0800] GC(88) Archive regions: 0->0
[2024-08-23T17:32:05.049+0800] GC(88) Humongous regions: 424->57
[2024-08-23T17:32:05.050+0800] GC(88) Metaspace: 308K(512K)->308K(512K) NonClass: 300K(384K)->300K(384K) Class: 7K(128K)->7K(128K)
[2024-08-23T17:32:05.050+0800] GC(88) Pause Young (Concurrent Start) (G1 Humongous Allocation) 425M->57M(1024M) 0.845ms
[2024-08-23T17:32:05.050+0800] GC(88) User=0.00s Sys=0.00s Real=0.00s
[2024-08-23T17:32:05.050+0800] GC(89) Concurrent Undo Cycle
[2024-08-23T17:32:05.050+0800] GC(89) Concurrent Cleanup for Next Mark
[2024-08-23T17:32:05.050+0800] GC(89) Concurrent Cleanup for Next Mark 1.315ms
[2024-08-23T17:32:05.051+0800] GC(89) Concurrent Undo Cycle 1.456ms
[2024-08-23T17:32:08.215+0800] GC(90) Pause Young (Concurrent Start) (G1 Humongous Allocation)
[2024-08-23T17:32:08.215+0800] GC(90) Using 6 workers of 6 for evacuation
[2024-08-23T17:32:08.216+0800] GC(90)   Pre Evacuate Collection Set: 0.1ms
[2024-08-23T17:32:08.216+0800] GC(90)   Merge Heap Roots: 0.2ms
[2024-08-23T17:32:08.216+0800] GC(90)   Evacuate Collection Set: 0.2ms
[2024-08-23T17:32:08.216+0800] GC(90)   Post Evacuate Collection Set: 0.5ms
[2024-08-23T17:32:08.216+0800] GC(90)   Other: 0.1ms
[2024-08-23T17:32:08.216+0800] GC(90) Eden regions: 1->0(614)
[2024-08-23T17:32:08.216+0800] GC(90) Survivor regions: 0->0(77)
[2024-08-23T17:32:08.216+0800] GC(90) Old regions: 1->1
[2024-08-23T17:32:08.216+0800] GC(90) Archive regions: 0->0
[2024-08-23T17:32:08.216+0800] GC(90) Humongous regions: 455->11
[2024-08-23T17:32:08.216+0800] GC(90) Metaspace: 308K(512K)->308K(512K) NonClass: 300K(384K)->300K(384K) Class: 7K(128K)->7K(128K)
[2024-08-23T17:32:08.216+0800] GC(90) Pause Young (Concurrent Start) (G1 Humongous Allocation) 456M->11M(1024M) 1.118ms
[2024-08-23T17:32:08.216+0800] GC(90) User=0.00s Sys=0.00s Real=0.00s
[2024-08-23T17:32:08.216+0800] GC(91) Concurrent Undo Cycle
[2024-08-23T17:32:08.216+0800] GC(91) Concurrent Cleanup for Next Mark
[2024-08-23T17:32:08.217+0800] GC(91) Concurrent Cleanup for Next Mark 0.855ms
[2024-08-23T17:32:08.217+0800] GC(91) Concurrent Undo Cycle 0.923ms
[2024-08-23T17:32:10.728+0800] GC(92) Pause Young (Concurrent Start) (G1 Humongous Allocation)
[2024-08-23T17:32:10.728+0800] GC(92) Using 6 workers of 6 for evacuation
[2024-08-23T17:32:10.728+0800] GC(92)   Pre Evacuate Collection Set: 0.1ms
[2024-08-23T17:32:10.728+0800] GC(92)   Merge Heap Roots: 0.1ms
[2024-08-23T17:32:10.728+0800] GC(92)   Evacuate Collection Set: 0.1ms
[2024-08-23T17:32:10.728+0800] GC(92)   Post Evacuate Collection Set: 0.3ms
[2024-08-23T17:32:10.728+0800] GC(92)   Other: 0.1ms
[2024-08-23T17:32:10.728+0800] GC(92) Eden regions: 1->0(614)
[2024-08-23T17:32:10.728+0800] GC(92) Survivor regions: 0->0(77)
[2024-08-23T17:32:10.728+0800] GC(92) Old regions: 1->1
[2024-08-23T17:32:10.728+0800] GC(92) Archive regions: 0->0
[2024-08-23T17:32:10.728+0800] GC(92) Humongous regions: 376->84
[2024-08-23T17:32:10.729+0800] GC(92) Metaspace: 308K(512K)->308K(512K) NonClass: 300K(384K)->300K(384K) Class: 7K(128K)->7K(128K)
[2024-08-23T17:32:10.729+0800] GC(92) Pause Young (Concurrent Start) (G1 Humongous Allocation) 377M->84M(1024M) 0.806ms
[2024-08-23T17:32:10.729+0800] GC(92) User=0.00s Sys=0.00s Real=0.00s
[2024-08-23T17:32:10.729+0800] GC(93) Concurrent Undo Cycle
[2024-08-23T17:32:10.729+0800] GC(93) Concurrent Cleanup for Next Mark
[2024-08-23T17:32:10.730+0800] GC(93) Concurrent Cleanup for Next Mark 1.229ms
[2024-08-23T17:32:10.730+0800] GC(93) Concurrent Undo Cycle 1.334ms
[2024-08-23T17:32:13.457+0800] GC(94) Pause Young (Concurrent Start) (G1 Humongous Allocation)
[2024-08-23T17:32:13.457+0800] GC(94) Using 6 workers of 6 for evacuation
[2024-08-23T17:32:13.458+0800] GC(94)   Pre Evacuate Collection Set: 0.1ms
[2024-08-23T17:32:13.458+0800] GC(94)   Merge Heap Roots: 0.1ms
[2024-08-23T17:32:13.458+0800] GC(94)   Evacuate Collection Set: 0.1ms
[2024-08-23T17:32:13.458+0800] GC(94)   Post Evacuate Collection Set: 0.5ms
[2024-08-23T17:32:13.458+0800] GC(94)   Other: 0.1ms
[2024-08-23T17:32:13.458+0800] GC(94) Eden regions: 1->0(614)
[2024-08-23T17:32:13.458+0800] GC(94) Survivor regions: 0->0(77)
[2024-08-23T17:32:13.458+0800] GC(94) Old regions: 1->1
[2024-08-23T17:32:13.458+0800] GC(94) Archive regions: 0->0
[2024-08-23T17:32:13.458+0800] GC(94) Humongous regions: 448->128
[2024-08-23T17:32:13.458+0800] GC(94) Metaspace: 308K(512K)->308K(512K) NonClass: 300K(384K)->300K(384K) Class: 7K(128K)->7K(128K)
[2024-08-23T17:32:13.458+0800] GC(94) Pause Young (Concurrent Start) (G1 Humongous Allocation) 449M->128M(1024M) 0.966ms
[2024-08-23T17:32:13.458+0800] GC(94) User=0.00s Sys=0.00s Real=0.00s
[2024-08-23T17:32:13.458+0800] GC(95) Concurrent Undo Cycle
[2024-08-23T17:32:13.458+0800] GC(95) Concurrent Cleanup for Next Mark
[2024-08-23T17:32:13.458+0800] GC(95) Concurrent Cleanup for Next Mark 0.899ms
[2024-08-23T17:32:13.458+0800] GC(95) Concurrent Undo Cycle 0.986ms
[2024-08-23T17:32:14.985+0800] GC(96) Pause Young (Concurrent Start) (G1 Humongous Allocation)
[2024-08-23T17:32:14.985+0800] GC(96) Using 6 workers of 6 for evacuation
[2024-08-23T17:32:14.985+0800] GC(96)   Pre Evacuate Collection Set: 0.1ms
[2024-08-23T17:32:14.985+0800] GC(96)   Merge Heap Roots: 0.1ms
[2024-08-23T17:32:14.985+0800] GC(96)   Evacuate Collection Set: 0.1ms
[2024-08-23T17:32:14.985+0800] GC(96)   Post Evacuate Collection Set: 0.3ms
[2024-08-23T17:32:14.985+0800] GC(96)   Other: 0.1ms
[2024-08-23T17:32:14.985+0800] GC(96) Eden regions: 1->0(614)
[2024-08-23T17:32:14.985+0800] GC(96) Survivor regions: 0->0(77)
[2024-08-23T17:32:14.985+0800] GC(96) Old regions: 1->1
[2024-08-23T17:32:14.985+0800] GC(96) Archive regions: 0->0
[2024-08-23T17:32:14.985+0800] GC(96) Humongous regions: 414->166
[2024-08-23T17:32:14.985+0800] GC(96) Metaspace: 308K(512K)->308K(512K) NonClass: 300K(384K)->300K(384K) Class: 7K(128K)->7K(128K)
[2024-08-23T17:32:14.985+0800] GC(96) Pause Young (Concurrent Start) (G1 Humongous Allocation) 415M->166M(1024M) 0.734ms
[2024-08-23T17:32:14.985+0800] GC(96) User=0.00s Sys=0.00s Real=0.00s
[2024-08-23T17:32:14.985+0800] GC(97) Concurrent Undo Cycle
[2024-08-23T17:32:14.985+0800] GC(97) Concurrent Cleanup for Next Mark
[2024-08-23T17:32:14.986+0800] GC(97) Concurrent Cleanup for Next Mark 0.914ms
[2024-08-23T17:32:14.986+0800] GC(97) Concurrent Undo Cycle 0.999ms
[2024-08-23T17:32:16.404+0800] GC(98) Pause Young (Concurrent Start) (G1 Humongous Allocation)
[2024-08-23T17:32:16.404+0800] GC(98) Using 6 workers of 6 for evacuation
[2024-08-23T17:32:16.405+0800] GC(98)   Pre Evacuate Collection Set: 0.1ms
[2024-08-23T17:32:16.405+0800] GC(98)   Merge Heap Roots: 0.1ms
[2024-08-23T17:32:16.405+0800] GC(98)   Evacuate Collection Set: 0.1ms
[2024-08-23T17:32:16.405+0800] GC(98)   Post Evacuate Collection Set: 0.5ms
[2024-08-23T17:32:16.405+0800] GC(98)   Other: 0.1ms
[2024-08-23T17:32:16.405+0800] GC(98) Eden regions: 1->0(614)
[2024-08-23T17:32:16.405+0800] GC(98) Survivor regions: 0->0(77)
[2024-08-23T17:32:16.405+0800] GC(98) Old regions: 1->1
[2024-08-23T17:32:16.405+0800] GC(98) Archive regions: 0->0
[2024-08-23T17:32:16.405+0800] GC(98) Humongous regions: 371->62
[2024-08-23T17:32:16.405+0800] GC(98) Metaspace: 308K(512K)->308K(512K) NonClass: 300K(384K)->300K(384K) Class: 7K(128K)->7K(128K)
[2024-08-23T17:32:16.405+0800] GC(98) Pause Young (Concurrent Start) (G1 Humongous Allocation) 372M->62M(1024M) 1.019ms
[2024-08-23T17:32:16.405+0800] GC(98) User=0.00s Sys=0.00s Real=0.00s
[2024-08-23T17:32:16.405+0800] GC(99) Concurrent Undo Cycle
[2024-08-23T17:32:16.405+0800] GC(99) Concurrent Cleanup for Next Mark
[2024-08-23T17:32:16.406+0800] GC(99) Concurrent Cleanup for Next Mark 1.061ms
[2024-08-23T17:32:16.406+0800] GC(99) Concurrent Undo Cycle 1.146ms
[2024-08-23T17:32:19.025+0800] GC(100) Pause Young (Concurrent Start) (G1 Humongous Allocation)
[2024-08-23T17:32:19.025+0800] GC(100) Using 6 workers of 6 for evacuation
[2024-08-23T17:32:19.026+0800] GC(100)   Pre Evacuate Collection Set: 0.1ms
[2024-08-23T17:32:19.026+0800] GC(100)   Merge Heap Roots: 0.1ms
[2024-08-23T17:32:19.026+0800] GC(100)   Evacuate Collection Set: 0.1ms
[2024-08-23T17:32:19.026+0800] GC(100)   Post Evacuate Collection Set: 0.4ms
[2024-08-23T17:32:19.026+0800] GC(100)   Other: 0.1ms
[2024-08-23T17:32:19.026+0800] GC(100) Eden regions: 1->0(614)
[2024-08-23T17:32:19.026+0800] GC(100) Survivor regions: 0->0(77)
[2024-08-23T17:32:19.026+0800] GC(100) Old regions: 1->1
[2024-08-23T17:32:19.026+0800] GC(100) Archive regions: 0->0
[2024-08-23T17:32:19.026+0800] GC(100) Humongous regions: 460->45
[2024-08-23T17:32:19.026+0800] GC(100) Metaspace: 308K(512K)->308K(512K) NonClass: 300K(384K)->300K(384K) Class: 7K(128K)->7K(128K)
[2024-08-23T17:32:19.026+0800] GC(100) Pause Young (Concurrent Start) (G1 Humongous Allocation) 461M->45M(1024M) 0.929ms
[2024-08-23T17:32:19.026+0800] GC(100) User=0.00s Sys=0.00s Real=0.00s
[2024-08-23T17:32:19.026+0800] GC(101) Concurrent Undo Cycle
[2024-08-23T17:32:19.026+0800] GC(101) Concurrent Cleanup for Next Mark
[2024-08-23T17:32:19.027+0800] GC(101) Concurrent Cleanup for Next Mark 1.032ms
[2024-08-23T17:32:19.027+0800] GC(101) Concurrent Undo Cycle 1.124ms
[2024-08-23T17:32:22.082+0800] GC(102) Pause Young (Concurrent Start) (G1 Humongous Allocation)
[2024-08-23T17:32:22.082+0800] GC(102) Using 6 workers of 6 for evacuation
[2024-08-23T17:32:22.082+0800] GC(102)   Pre Evacuate Collection Set: 0.1ms
[2024-08-23T17:32:22.082+0800] GC(102)   Merge Heap Roots: 0.1ms
[2024-08-23T17:32:22.082+0800] GC(102)   Evacuate Collection Set: 0.1ms
[2024-08-23T17:32:22.082+0800] GC(102)   Post Evacuate Collection Set: 0.4ms
[2024-08-23T17:32:22.082+0800] GC(102)   Other: 0.1ms
[2024-08-23T17:32:22.082+0800] GC(102) Eden regions: 1->0(614)
[2024-08-23T17:32:22.082+0800] GC(102) Survivor regions: 0->0(77)
[2024-08-23T17:32:22.082+0800] GC(102) Old regions: 1->1
[2024-08-23T17:32:22.082+0800] GC(102) Archive regions: 0->0
[2024-08-23T17:32:22.082+0800] GC(102) Humongous regions: 425->114
[2024-08-23T17:32:22.082+0800] GC(102) Metaspace: 308K(512K)->308K(512K) NonClass: 300K(384K)->300K(384K) Class: 7K(128K)->7K(128K)
[2024-08-23T17:32:22.083+0800] GC(102) Pause Young (Concurrent Start) (G1 Humongous Allocation) 426M->114M(1024M) 0.876ms
[2024-08-23T17:32:22.083+0800] GC(102) User=0.00s Sys=0.00s Real=0.00s
[2024-08-23T17:32:22.083+0800] GC(103) Concurrent Undo Cycle
[2024-08-23T17:32:22.083+0800] GC(103) Concurrent Cleanup for Next Mark
[2024-08-23T17:32:22.083+0800] GC(103) Concurrent Cleanup for Next Mark 0.914ms
[2024-08-23T17:32:22.084+0800] GC(103) Concurrent Undo Cycle 1.015ms
[2024-08-23T17:32:24.810+0800] GC(104) Pause Young (Concurrent Start) (G1 Humongous Allocation)
[2024-08-23T17:32:24.810+0800] GC(104) Using 6 workers of 6 for evacuation
[2024-08-23T17:32:24.810+0800] GC(104)   Pre Evacuate Collection Set: 0.1ms
[2024-08-23T17:32:24.810+0800] GC(104)   Merge Heap Roots: 0.1ms
[2024-08-23T17:32:24.810+0800] GC(104)   Evacuate Collection Set: 0.2ms
[2024-08-23T17:32:24.810+0800] GC(104)   Post Evacuate Collection Set: 0.4ms
[2024-08-23T17:32:24.810+0800] GC(104)   Other: 0.1ms
[2024-08-23T17:32:24.810+0800] GC(104) Eden regions: 1->0(614)
[2024-08-23T17:32:24.810+0800] GC(104) Survivor regions: 0->0(77)
[2024-08-23T17:32:24.810+0800] GC(104) Old regions: 1->1
[2024-08-23T17:32:24.810+0800] GC(104) Archive regions: 0->0
[2024-08-23T17:32:24.810+0800] GC(104) Humongous regions: 433->29
[2024-08-23T17:32:24.810+0800] GC(104) Metaspace: 308K(512K)->308K(512K) NonClass: 300K(384K)->300K(384K) Class: 7K(128K)->7K(128K)
[2024-08-23T17:32:24.811+0800] GC(104) Pause Young (Concurrent Start) (G1 Humongous Allocation) 434M->29M(1024M) 0.972ms
[2024-08-23T17:32:24.811+0800] GC(104) User=0.00s Sys=0.00s Real=0.00s
[2024-08-23T17:32:24.811+0800] GC(105) Concurrent Undo Cycle
[2024-08-23T17:32:24.811+0800] GC(105) Concurrent Cleanup for Next Mark
[2024-08-23T17:32:24.812+0800] GC(105) Concurrent Cleanup for Next Mark 0.946ms
[2024-08-23T17:32:24.812+0800] GC(105) Concurrent Undo Cycle 1.042ms
[2024-08-23T17:32:27.534+0800] GC(106) Pause Young (Concurrent Start) (G1 Humongous Allocation)
[2024-08-23T17:32:27.534+0800] GC(106) Using 6 workers of 6 for evacuation
[2024-08-23T17:32:27.535+0800] GC(106)   Pre Evacuate Collection Set: 0.1ms
[2024-08-23T17:32:27.535+0800] GC(106)   Merge Heap Roots: 0.1ms
[2024-08-23T17:32:27.535+0800] GC(106)   Evacuate Collection Set: 0.1ms
[2024-08-23T17:32:27.535+0800] GC(106)   Post Evacuate Collection Set: 0.4ms
[2024-08-23T17:32:27.535+0800] GC(106)   Other: 0.1ms
[2024-08-23T17:32:27.535+0800] GC(106) Eden regions: 1->0(614)
[2024-08-23T17:32:27.535+0800] GC(106) Survivor regions: 0->0(77)
[2024-08-23T17:32:27.535+0800] GC(106) Old regions: 1->1
[2024-08-23T17:32:27.535+0800] GC(106) Archive regions: 0->0
[2024-08-23T17:32:27.535+0800] GC(106) Humongous regions: 448->11
[2024-08-23T17:32:27.535+0800] GC(106) Metaspace: 308K(512K)->308K(512K) NonClass: 300K(384K)->300K(384K) Class: 7K(128K)->7K(128K)
[2024-08-23T17:32:27.535+0800] GC(106) Pause Young (Concurrent Start) (G1 Humongous Allocation) 449M->11M(1024M) 0.936ms
[2024-08-23T17:32:27.535+0800] GC(106) User=0.00s Sys=0.00s Real=0.00s
[2024-08-23T17:32:27.535+0800] GC(107) Concurrent Undo Cycle
[2024-08-23T17:32:27.535+0800] GC(107) Concurrent Cleanup for Next Mark
[2024-08-23T17:32:27.536+0800] GC(107) Concurrent Cleanup for Next Mark 1.116ms
[2024-08-23T17:32:27.536+0800] GC(107) Concurrent Undo Cycle 1.202ms
[2024-08-23T17:32:30.154+0800] GC(108) Pause Young (Concurrent Start) (G1 Humongous Allocation)
[2024-08-23T17:32:30.154+0800] GC(108) Using 6 workers of 6 for evacuation
[2024-08-23T17:32:30.154+0800] GC(108)   Pre Evacuate Collection Set: 0.1ms
[2024-08-23T17:32:30.154+0800] GC(108)   Merge Heap Roots: 0.1ms
[2024-08-23T17:32:30.154+0800] GC(108)   Evacuate Collection Set: 0.1ms
[2024-08-23T17:32:30.154+0800] GC(108)   Post Evacuate Collection Set: 0.4ms
[2024-08-23T17:32:30.155+0800] GC(108)   Other: 0.1ms
[2024-08-23T17:32:30.155+0800] GC(108) Eden regions: 1->0(614)
[2024-08-23T17:32:30.155+0800] GC(108) Survivor regions: 0->0(77)
[2024-08-23T17:32:30.155+0800] GC(108) Old regions: 1->1
[2024-08-23T17:32:30.155+0800] GC(108) Archive regions: 0->0
[2024-08-23T17:32:30.155+0800] GC(108) Humongous regions: 459->50
[2024-08-23T17:32:30.155+0800] GC(108) Metaspace: 308K(512K)->308K(512K) NonClass: 300K(384K)->300K(384K) Class: 7K(128K)->7K(128K)
[2024-08-23T17:32:30.155+0800] GC(108) Pause Young (Concurrent Start) (G1 Humongous Allocation) 460M->50M(1024M) 0.881ms
[2024-08-23T17:32:30.155+0800] GC(108) User=0.00s Sys=0.00s Real=0.00s
[2024-08-23T17:32:30.155+0800] GC(109) Concurrent Undo Cycle
[2024-08-23T17:32:30.155+0800] GC(109) Concurrent Cleanup for Next Mark
[2024-08-23T17:32:30.156+0800] GC(109) Concurrent Cleanup for Next Mark 1.015ms
[2024-08-23T17:32:30.156+0800] GC(109) Concurrent Undo Cycle 1.084ms
[2024-08-23T17:32:33.319+0800] GC(110) Pause Young (Concurrent Start) (G1 Humongous Allocation)
[2024-08-23T17:32:33.319+0800] GC(110) Using 6 workers of 6 for evacuation
[2024-08-23T17:32:33.320+0800] GC(110)   Pre Evacuate Collection Set: 0.1ms
[2024-08-23T17:32:33.320+0800] GC(110)   Merge Heap Roots: 0.1ms
[2024-08-23T17:32:33.320+0800] GC(110)   Evacuate Collection Set: 0.1ms
[2024-08-23T17:32:33.320+0800] GC(110)   Post Evacuate Collection Set: 0.4ms
[2024-08-23T17:32:33.320+0800] GC(110)   Other: 0.1ms
[2024-08-23T17:32:33.320+0800] GC(110) Eden regions: 1->0(614)
[2024-08-23T17:32:33.320+0800] GC(110) Survivor regions: 0->0(77)
[2024-08-23T17:32:33.320+0800] GC(110) Old regions: 1->1
[2024-08-23T17:32:33.320+0800] GC(110) Archive regions: 0->0
[2024-08-23T17:32:33.320+0800] GC(110) Humongous regions: 446->134
[2024-08-23T17:32:33.320+0800] GC(110) Metaspace: 308K(512K)->308K(512K) NonClass: 300K(384K)->300K(384K) Class: 7K(128K)->7K(128K)
[2024-08-23T17:32:33.320+0800] GC(110) Pause Young (Concurrent Start) (G1 Humongous Allocation) 447M->134M(1024M) 0.940ms
[2024-08-23T17:32:33.320+0800] GC(110) User=0.00s Sys=0.00s Real=0.00s
[2024-08-23T17:32:33.320+0800] GC(111) Concurrent Undo Cycle
[2024-08-23T17:32:33.320+0800] GC(111) Concurrent Cleanup for Next Mark
[2024-08-23T17:32:33.321+0800] GC(111) Concurrent Cleanup for Next Mark 1.088ms
[2024-08-23T17:32:33.321+0800] GC(111) Concurrent Undo Cycle 1.178ms
[2024-08-23T17:32:36.266+0800] GC(112) Pause Young (Concurrent Start) (G1 Humongous Allocation)
[2024-08-23T17:32:36.266+0800] GC(112) Using 6 workers of 6 for evacuation
[2024-08-23T17:32:36.266+0800] GC(112)   Pre Evacuate Collection Set: 0.1ms
[2024-08-23T17:32:36.267+0800] GC(112)   Merge Heap Roots: 0.1ms
[2024-08-23T17:32:36.267+0800] GC(112)   Evacuate Collection Set: 0.1ms
[2024-08-23T17:32:36.267+0800] GC(112)   Post Evacuate Collection Set: 0.4ms
[2024-08-23T17:32:36.267+0800] GC(112)   Other: 0.1ms
[2024-08-23T17:32:36.267+0800] GC(112) Eden regions: 1->0(614)
[2024-08-23T17:32:36.267+0800] GC(112) Survivor regions: 0->0(77)
[2024-08-23T17:32:36.267+0800] GC(112) Old regions: 1->1
[2024-08-23T17:32:36.267+0800] GC(112) Archive regions: 0->0
[2024-08-23T17:32:36.267+0800] GC(112) Humongous regions: 460->64
[2024-08-23T17:32:36.267+0800] GC(112) Metaspace: 308K(512K)->308K(512K) NonClass: 300K(384K)->300K(384K) Class: 7K(128K)->7K(128K)
[2024-08-23T17:32:36.267+0800] GC(112) Pause Young (Concurrent Start) (G1 Humongous Allocation) 461M->64M(1024M) 0.942ms
[2024-08-23T17:32:36.267+0800] GC(112) User=0.00s Sys=0.00s Real=0.00s
[2024-08-23T17:32:36.267+0800] GC(113) Concurrent Undo Cycle
[2024-08-23T17:32:36.267+0800] GC(113) Concurrent Cleanup for Next Mark
[2024-08-23T17:32:36.268+0800] GC(113) Concurrent Cleanup for Next Mark 0.958ms
[2024-08-23T17:32:36.268+0800] GC(113) Concurrent Undo Cycle 1.050ms
[2024-08-23T17:32:39.000+0800] GC(114) Pause Young (Concurrent Start) (G1 Humongous Allocation)
[2024-08-23T17:32:39.000+0800] GC(114) Using 6 workers of 6 for evacuation
[2024-08-23T17:32:39.000+0800] GC(114)   Pre Evacuate Collection Set: 0.1ms
[2024-08-23T17:32:39.000+0800] GC(114)   Merge Heap Roots: 0.1ms
[2024-08-23T17:32:39.000+0800] GC(114)   Evacuate Collection Set: 0.1ms
[2024-08-23T17:32:39.000+0800] GC(114)   Post Evacuate Collection Set: 0.4ms
[2024-08-23T17:32:39.000+0800] GC(114)   Other: 0.1ms
[2024-08-23T17:32:39.000+0800] GC(114) Eden regions: 1->0(614)
[2024-08-23T17:32:39.000+0800] GC(114) Survivor regions: 0->0(77)
[2024-08-23T17:32:39.000+0800] GC(114) Old regions: 1->1
[2024-08-23T17:32:39.000+0800] GC(114) Archive regions: 0->0
[2024-08-23T17:32:39.000+0800] GC(114) Humongous regions: 448->21
[2024-08-23T17:32:39.000+0800] GC(114) Metaspace: 308K(512K)->308K(512K) NonClass: 300K(384K)->300K(384K) Class: 7K(128K)->7K(128K)
[2024-08-23T17:32:39.001+0800] GC(114) Pause Young (Concurrent Start) (G1 Humongous Allocation) 449M->21M(1024M) 0.809ms
[2024-08-23T17:32:39.001+0800] GC(114) User=0.00s Sys=0.00s Real=0.00s
[2024-08-23T17:32:39.001+0800] GC(115) Concurrent Undo Cycle
[2024-08-23T17:32:39.001+0800] GC(115) Concurrent Cleanup for Next Mark
[2024-08-23T17:32:39.002+0800] GC(115) Concurrent Cleanup for Next Mark 1.187ms
[2024-08-23T17:32:39.002+0800] GC(115) Concurrent Undo Cycle 1.271ms
[2024-08-23T17:32:41.621+0800] GC(116) Pause Young (Concurrent Start) (G1 Humongous Allocation)
[2024-08-23T17:32:41.621+0800] GC(116) Using 6 workers of 6 for evacuation
[2024-08-23T17:32:41.622+0800] GC(116)   Pre Evacuate Collection Set: 0.1ms
[2024-08-23T17:32:41.622+0800] GC(116)   Merge Heap Roots: 0.1ms
[2024-08-23T17:32:41.622+0800] GC(116)   Evacuate Collection Set: 0.1ms
[2024-08-23T17:32:41.622+0800] GC(116)   Post Evacuate Collection Set: 0.4ms
[2024-08-23T17:32:41.622+0800] GC(116)   Other: 0.1ms
[2024-08-23T17:32:41.622+0800] GC(116) Eden regions: 1->0(614)
[2024-08-23T17:32:41.622+0800] GC(116) Survivor regions: 0->0(77)
[2024-08-23T17:32:41.622+0800] GC(116) Old regions: 1->1
[2024-08-23T17:32:41.622+0800] GC(116) Archive regions: 0->0
[2024-08-23T17:32:41.622+0800] GC(116) Humongous regions: 459->95
[2024-08-23T17:32:41.622+0800] GC(116) Metaspace: 308K(512K)->308K(512K) NonClass: 300K(384K)->300K(384K) Class: 7K(128K)->7K(128K)
[2024-08-23T17:32:41.622+0800] GC(116) Pause Young (Concurrent Start) (G1 Humongous Allocation) 460M->95M(1024M) 0.903ms
[2024-08-23T17:32:41.622+0800] GC(116) User=0.00s Sys=0.00s Real=0.00s
[2024-08-23T17:32:41.622+0800] GC(117) Concurrent Undo Cycle
[2024-08-23T17:32:41.622+0800] GC(117) Concurrent Cleanup for Next Mark
[2024-08-23T17:32:41.622+0800] GC(117) Concurrent Cleanup for Next Mark 0.781ms
[2024-08-23T17:32:41.623+0800] GC(117) Concurrent Undo Cycle 0.846ms
[2024-08-23T17:32:43.370+0800] GC(118) Pause Young (Concurrent Start) (G1 Humongous Allocation)
[2024-08-23T17:32:43.370+0800] GC(118) Using 6 workers of 6 for evacuation
[2024-08-23T17:32:43.371+0800] GC(118)   Pre Evacuate Collection Set: 0.1ms
[2024-08-23T17:32:43.371+0800] GC(118)   Merge Heap Roots: 0.1ms
[2024-08-23T17:32:43.371+0800] GC(118)   Evacuate Collection Set: 0.1ms
[2024-08-23T17:32:43.371+0800] GC(118)   Post Evacuate Collection Set: 0.4ms
[2024-08-23T17:32:43.371+0800] GC(118)   Other: 0.1ms
[2024-08-23T17:32:43.371+0800] GC(118) Eden regions: 1->0(614)
[2024-08-23T17:32:43.371+0800] GC(118) Survivor regions: 0->0(77)
[2024-08-23T17:32:43.371+0800] GC(118) Old regions: 1->1
[2024-08-23T17:32:43.371+0800] GC(118) Archive regions: 0->0
[2024-08-23T17:32:43.371+0800] GC(118) Humongous regions: 391->57
[2024-08-23T17:32:43.371+0800] GC(118) Metaspace: 308K(512K)->308K(512K) NonClass: 300K(384K)->300K(384K) Class: 7K(128K)->7K(128K)
[2024-08-23T17:32:43.371+0800] GC(118) Pause Young (Concurrent Start) (G1 Humongous Allocation) 392M->57M(1024M) 0.949ms
[2024-08-23T17:32:43.371+0800] GC(118) User=0.00s Sys=0.00s Real=0.00s
[2024-08-23T17:32:43.371+0800] GC(119) Concurrent Undo Cycle
[2024-08-23T17:32:43.371+0800] GC(119) Concurrent Cleanup for Next Mark
[2024-08-23T17:32:43.372+0800] GC(119) Concurrent Cleanup for Next Mark 1.101ms
[2024-08-23T17:32:43.372+0800] GC(119) Concurrent Undo Cycle 1.200ms
[2024-08-23T17:32:46.746+0800] GC(120) Pause Young (Concurrent Start) (G1 Humongous Allocation)
[2024-08-23T17:32:46.746+0800] GC(120) Using 6 workers of 6 for evacuation
[2024-08-23T17:32:46.747+0800] GC(120)   Pre Evacuate Collection Set: 0.1ms
[2024-08-23T17:32:46.747+0800] GC(120)   Merge Heap Roots: 0.1ms
[2024-08-23T17:32:46.747+0800] GC(120)   Evacuate Collection Set: 0.2ms
[2024-08-23T17:32:46.747+0800] GC(120)   Post Evacuate Collection Set: 0.4ms
[2024-08-23T17:32:46.747+0800] GC(120)   Other: 0.1ms
[2024-08-23T17:32:46.747+0800] GC(120) Eden regions: 1->0(614)
[2024-08-23T17:32:46.747+0800] GC(120) Survivor regions: 0->0(77)
[2024-08-23T17:32:46.747+0800] GC(120) Old regions: 1->1
[2024-08-23T17:32:46.747+0800] GC(120) Archive regions: 0->0
[2024-08-23T17:32:46.747+0800] GC(120) Humongous regions: 458->12
[2024-08-23T17:32:46.747+0800] GC(120) Metaspace: 308K(512K)->308K(512K) NonClass: 300K(384K)->300K(384K) Class: 7K(128K)->7K(128K)
[2024-08-23T17:32:46.747+0800] GC(120) Pause Young (Concurrent Start) (G1 Humongous Allocation) 459M->12M(1024M) 1.018ms
[2024-08-23T17:32:46.747+0800] GC(120) User=0.00s Sys=0.00s Real=0.00s
[2024-08-23T17:32:46.747+0800] GC(121) Concurrent Undo Cycle
[2024-08-23T17:32:46.747+0800] GC(121) Concurrent Cleanup for Next Mark
[2024-08-23T17:32:46.747+0800] GC(121) Concurrent Cleanup for Next Mark 0.670ms
[2024-08-23T17:32:46.747+0800] GC(121) Concurrent Undo Cycle 0.738ms
[2024-08-23T17:32:49.040+0800] GC(122) Pause Young (Concurrent Start) (G1 Humongous Allocation)
[2024-08-23T17:32:49.040+0800] GC(122) Using 6 workers of 6 for evacuation
[2024-08-23T17:32:49.040+0800] GC(122)   Pre Evacuate Collection Set: 0.1ms
[2024-08-23T17:32:49.040+0800] GC(122)   Merge Heap Roots: 0.1ms
[2024-08-23T17:32:49.040+0800] GC(122)   Evacuate Collection Set: 0.1ms
[2024-08-23T17:32:49.040+0800] GC(122)   Post Evacuate Collection Set: 0.4ms
[2024-08-23T17:32:49.040+0800] GC(122)   Other: 0.1ms
[2024-08-23T17:32:49.040+0800] GC(122) Eden regions: 1->0(614)
[2024-08-23T17:32:49.040+0800] GC(122) Survivor regions: 0->0(77)
[2024-08-23T17:32:49.040+0800] GC(122) Old regions: 1->1
[2024-08-23T17:32:49.040+0800] GC(122) Archive regions: 0->0
[2024-08-23T17:32:49.040+0800] GC(122) Humongous regions: 365->95
[2024-08-23T17:32:49.040+0800] GC(122) Metaspace: 308K(512K)->308K(512K) NonClass: 300K(384K)->300K(384K) Class: 7K(128K)->7K(128K)
[2024-08-23T17:32:49.040+0800] GC(122) Pause Young (Concurrent Start) (G1 Humongous Allocation) 366M->95M(1024M) 0.992ms
[2024-08-23T17:32:49.040+0800] GC(122) User=0.00s Sys=0.00s Real=0.00s
[2024-08-23T17:32:49.040+0800] GC(123) Concurrent Undo Cycle
[2024-08-23T17:32:49.040+0800] GC(123) Concurrent Cleanup for Next Mark
[2024-08-23T17:32:49.041+0800] GC(123) Concurrent Cleanup for Next Mark 0.976ms
[2024-08-23T17:32:49.041+0800] GC(123) Concurrent Undo Cycle 1.069ms
[2024-08-23T17:32:51.659+0800] GC(124) Pause Young (Concurrent Start) (G1 Humongous Allocation)
[2024-08-23T17:32:51.659+0800] GC(124) Using 6 workers of 6 for evacuation
[2024-08-23T17:32:51.659+0800] GC(124)   Pre Evacuate Collection Set: 0.1ms
[2024-08-23T17:32:51.660+0800] GC(124)   Merge Heap Roots: 0.1ms
[2024-08-23T17:32:51.660+0800] GC(124)   Evacuate Collection Set: 0.1ms
[2024-08-23T17:32:51.660+0800] GC(124)   Post Evacuate Collection Set: 0.4ms
[2024-08-23T17:32:51.660+0800] GC(124)   Other: 0.1ms
[2024-08-23T17:32:51.660+0800] GC(124) Eden regions: 1->0(614)
[2024-08-23T17:32:51.660+0800] GC(124) Survivor regions: 0->0(77)
[2024-08-23T17:32:51.660+0800] GC(124) Old regions: 1->1
[2024-08-23T17:32:51.660+0800] GC(124) Archive regions: 0->0
[2024-08-23T17:32:51.660+0800] GC(124) Humongous regions: 453->68
[2024-08-23T17:32:51.660+0800] GC(124) Metaspace: 308K(512K)->308K(512K) NonClass: 300K(384K)->300K(384K) Class: 7K(128K)->7K(128K)
[2024-08-23T17:32:51.660+0800] GC(124) Pause Young (Concurrent Start) (G1 Humongous Allocation) 454M->68M(1024M) 0.909ms
[2024-08-23T17:32:51.660+0800] GC(124) User=0.00s Sys=0.00s Real=0.00s
[2024-08-23T17:32:51.660+0800] GC(125) Concurrent Undo Cycle
[2024-08-23T17:32:51.660+0800] GC(125) Concurrent Cleanup for Next Mark
[2024-08-23T17:32:51.661+0800] GC(125) Concurrent Cleanup for Next Mark 1.301ms
[2024-08-23T17:32:51.662+0800] GC(125) Concurrent Undo Cycle 1.406ms
[2024-08-23T17:32:53.300+0800] GC(126) Pause Young (Concurrent Start) (G1 Humongous Allocation)
[2024-08-23T17:32:53.300+0800] GC(126) Using 6 workers of 6 for evacuation
[2024-08-23T17:32:53.301+0800] GC(126)   Pre Evacuate Collection Set: 0.1ms
[2024-08-23T17:32:53.301+0800] GC(126)   Merge Heap Roots: 0.1ms
[2024-08-23T17:32:53.301+0800] GC(126)   Evacuate Collection Set: 0.1ms
[2024-08-23T17:32:53.301+0800] GC(126)   Post Evacuate Collection Set: 0.4ms
[2024-08-23T17:32:53.301+0800] GC(126)   Other: 0.1ms
[2024-08-23T17:32:53.301+0800] GC(126) Eden regions: 1->0(614)
[2024-08-23T17:32:53.301+0800] GC(126) Survivor regions: 0->0(77)
[2024-08-23T17:32:53.301+0800] GC(126) Old regions: 1->1
[2024-08-23T17:32:53.301+0800] GC(126) Archive regions: 0->0
[2024-08-23T17:32:53.301+0800] GC(126) Humongous regions: 375->215
[2024-08-23T17:32:53.301+0800] GC(126) Metaspace: 308K(512K)->308K(512K) NonClass: 300K(384K)->300K(384K) Class: 7K(128K)->7K(128K)
[2024-08-23T17:32:53.301+0800] GC(126) Pause Young (Concurrent Start) (G1 Humongous Allocation) 376M->215M(1024M) 0.950ms
[2024-08-23T17:32:53.301+0800] GC(126) User=0.00s Sys=0.00s Real=0.00s
[2024-08-23T17:32:53.301+0800] GC(127) Concurrent Undo Cycle
[2024-08-23T17:32:53.301+0800] GC(127) Concurrent Cleanup for Next Mark
[2024-08-23T17:32:53.302+0800] GC(127) Concurrent Cleanup for Next Mark 0.882ms
[2024-08-23T17:32:53.302+0800] GC(127) Concurrent Undo Cycle 0.966ms
[2024-08-23T17:32:54.715+0800] GC(128) Pause Young (Concurrent Start) (G1 Humongous Allocation)
[2024-08-23T17:32:54.715+0800] GC(128) Using 6 workers of 6 for evacuation
[2024-08-23T17:32:54.716+0800] GC(128)   Pre Evacuate Collection Set: 0.1ms
[2024-08-23T17:32:54.716+0800] GC(128)   Merge Heap Roots: 0.1ms
[2024-08-23T17:32:54.716+0800] GC(128)   Evacuate Collection Set: 0.2ms
[2024-08-23T17:32:54.716+0800] GC(128)   Post Evacuate Collection Set: 0.4ms
[2024-08-23T17:32:54.716+0800] GC(128)   Other: 0.1ms
[2024-08-23T17:32:54.716+0800] GC(128) Eden regions: 1->0(614)
[2024-08-23T17:32:54.716+0800] GC(128) Survivor regions: 0->0(77)
[2024-08-23T17:32:54.716+0800] GC(128) Old regions: 1->1
[2024-08-23T17:32:54.716+0800] GC(128) Archive regions: 0->0
[2024-08-23T17:32:54.716+0800] GC(128) Humongous regions: 424->57
[2024-08-23T17:32:54.716+0800] GC(128) Metaspace: 308K(512K)->308K(512K) NonClass: 300K(384K)->300K(384K) Class: 7K(128K)->7K(128K)
[2024-08-23T17:32:54.716+0800] GC(128) Pause Young (Concurrent Start) (G1 Humongous Allocation) 425M->57M(1024M) 0.936ms
[2024-08-23T17:32:54.716+0800] GC(128) User=0.00s Sys=0.00s Real=0.00s
[2024-08-23T17:32:54.716+0800] GC(129) Concurrent Undo Cycle
[2024-08-23T17:32:54.716+0800] GC(129) Concurrent Cleanup for Next Mark
[2024-08-23T17:32:54.717+0800] GC(129) Concurrent Cleanup for Next Mark 0.924ms
[2024-08-23T17:32:54.717+0800] GC(129) Concurrent Undo Cycle 1.014ms
[2024-08-23T17:32:57.880+0800] GC(130) Pause Young (Concurrent Start) (G1 Humongous Allocation)
[2024-08-23T17:32:57.880+0800] GC(130) Using 6 workers of 6 for evacuation
[2024-08-23T17:32:57.880+0800] GC(130)   Pre Evacuate Collection Set: 0.1ms
[2024-08-23T17:32:57.880+0800] GC(130)   Merge Heap Roots: 0.1ms
[2024-08-23T17:32:57.880+0800] GC(130)   Evacuate Collection Set: 0.1ms
[2024-08-23T17:32:57.880+0800] GC(130)   Post Evacuate Collection Set: 0.4ms
[2024-08-23T17:32:57.880+0800] GC(130)   Other: 0.1ms
[2024-08-23T17:32:57.880+0800] GC(130) Eden regions: 1->0(614)
[2024-08-23T17:32:57.880+0800] GC(130) Survivor regions: 0->0(77)
[2024-08-23T17:32:57.880+0800] GC(130) Old regions: 1->1
[2024-08-23T17:32:57.880+0800] GC(130) Archive regions: 0->0
[2024-08-23T17:32:57.880+0800] GC(130) Humongous regions: 455->11
[2024-08-23T17:32:57.880+0800] GC(130) Metaspace: 308K(512K)->308K(512K) NonClass: 300K(384K)->300K(384K) Class: 7K(128K)->7K(128K)
[2024-08-23T17:32:57.880+0800] GC(130) Pause Young (Concurrent Start) (G1 Humongous Allocation) 456M->11M(1024M) 0.980ms
[2024-08-23T17:32:57.880+0800] GC(130) User=0.00s Sys=0.00s Real=0.00s
[2024-08-23T17:32:57.880+0800] GC(131) Concurrent Undo Cycle
[2024-08-23T17:32:57.880+0800] GC(131) Concurrent Cleanup for Next Mark
[2024-08-23T17:32:57.881+0800] GC(131) Concurrent Cleanup for Next Mark 0.709ms
[2024-08-23T17:32:57.881+0800] GC(131) Concurrent Undo Cycle 0.775ms
[2024-08-23T17:33:00.390+0800] GC(132) Pause Young (Concurrent Start) (G1 Humongous Allocation)
[2024-08-23T17:33:00.390+0800] GC(132) Using 6 workers of 6 for evacuation
[2024-08-23T17:33:00.390+0800] GC(132)   Pre Evacuate Collection Set: 0.1ms
[2024-08-23T17:33:00.390+0800] GC(132)   Merge Heap Roots: 0.1ms
[2024-08-23T17:33:00.391+0800] GC(132)   Evacuate Collection Set: 0.1ms
[2024-08-23T17:33:00.391+0800] GC(132)   Post Evacuate Collection Set: 0.4ms
[2024-08-23T17:33:00.391+0800] GC(132)   Other: 0.1ms
[2024-08-23T17:33:00.391+0800] GC(132) Eden regions: 1->0(614)
[2024-08-23T17:33:00.391+0800] GC(132) Survivor regions: 0->0(77)
[2024-08-23T17:33:00.391+0800] GC(132) Old regions: 1->1
[2024-08-23T17:33:00.391+0800] GC(132) Archive regions: 0->0
[2024-08-23T17:33:00.391+0800] GC(132) Humongous regions: 376->84
[2024-08-23T17:33:00.391+0800] GC(132) Metaspace: 308K(512K)->308K(512K) NonClass: 300K(384K)->300K(384K) Class: 7K(128K)->7K(128K)
[2024-08-23T17:33:00.391+0800] GC(132) Pause Young (Concurrent Start) (G1 Humongous Allocation) 377M->84M(1024M) 0.952ms
[2024-08-23T17:33:00.391+0800] GC(132) User=0.00s Sys=0.00s Real=0.00s
[2024-08-23T17:33:00.391+0800] GC(133) Concurrent Undo Cycle
[2024-08-23T17:33:00.391+0800] GC(133) Concurrent Cleanup for Next Mark
[2024-08-23T17:33:00.392+0800] GC(133) Concurrent Cleanup for Next Mark 1.216ms
[2024-08-23T17:33:00.392+0800] GC(133) Concurrent Undo Cycle 1.304ms
[2024-08-23T17:33:03.119+0800] GC(134) Pause Young (Concurrent Start) (G1 Humongous Allocation)
[2024-08-23T17:33:03.119+0800] GC(134) Using 6 workers of 6 for evacuation
[2024-08-23T17:33:03.119+0800] GC(134)   Pre Evacuate Collection Set: 0.1ms
[2024-08-23T17:33:03.119+0800] GC(134)   Merge Heap Roots: 0.1ms
[2024-08-23T17:33:03.119+0800] GC(134)   Evacuate Collection Set: 0.1ms
[2024-08-23T17:33:03.119+0800] GC(134)   Post Evacuate Collection Set: 0.3ms
[2024-08-23T17:33:03.119+0800] GC(134)   Other: 0.1ms
[2024-08-23T17:33:03.119+0800] GC(134) Eden regions: 1->0(614)
[2024-08-23T17:33:03.119+0800] GC(134) Survivor regions: 0->0(77)
[2024-08-23T17:33:03.119+0800] GC(134) Old regions: 1->1
[2024-08-23T17:33:03.119+0800] GC(134) Archive regions: 0->0
[2024-08-23T17:33:03.119+0800] GC(134) Humongous regions: 448->128
[2024-08-23T17:33:03.119+0800] GC(134) Metaspace: 308K(512K)->308K(512K) NonClass: 300K(384K)->300K(384K) Class: 7K(128K)->7K(128K)
[2024-08-23T17:33:03.119+0800] GC(134) Pause Young (Concurrent Start) (G1 Humongous Allocation) 449M->128M(1024M) 0.709ms
[2024-08-23T17:33:03.119+0800] GC(134) User=0.00s Sys=0.00s Real=0.00s
[2024-08-23T17:33:03.119+0800] GC(135) Concurrent Undo Cycle
[2024-08-23T17:33:03.119+0800] GC(135) Concurrent Cleanup for Next Mark
[2024-08-23T17:33:03.120+0800] GC(135) Concurrent Cleanup for Next Mark 0.882ms
[2024-08-23T17:33:03.120+0800] GC(135) Concurrent Undo Cycle 0.968ms
[2024-08-23T17:33:04.647+0800] GC(136) Pause Young (Concurrent Start) (G1 Humongous Allocation)
[2024-08-23T17:33:04.647+0800] GC(136) Using 6 workers of 6 for evacuation
[2024-08-23T17:33:04.647+0800] GC(136)   Pre Evacuate Collection Set: 0.1ms
[2024-08-23T17:33:04.647+0800] GC(136)   Merge Heap Roots: 0.1ms
[2024-08-23T17:33:04.647+0800] GC(136)   Evacuate Collection Set: 0.1ms
[2024-08-23T17:33:04.647+0800] GC(136)   Post Evacuate Collection Set: 0.3ms
[2024-08-23T17:33:04.647+0800] GC(136)   Other: 0.1ms
[2024-08-23T17:33:04.647+0800] GC(136) Eden regions: 1->0(614)
[2024-08-23T17:33:04.647+0800] GC(136) Survivor regions: 0->0(77)
[2024-08-23T17:33:04.647+0800] GC(136) Old regions: 1->1
[2024-08-23T17:33:04.647+0800] GC(136) Archive regions: 0->0
[2024-08-23T17:33:04.647+0800] GC(136) Humongous regions: 414->166
[2024-08-23T17:33:04.647+0800] GC(136) Metaspace: 308K(512K)->308K(512K) NonClass: 300K(384K)->300K(384K) Class: 7K(128K)->7K(128K)
[2024-08-23T17:33:04.647+0800] GC(136) Pause Young (Concurrent Start) (G1 Humongous Allocation) 415M->166M(1024M) 0.760ms
[2024-08-23T17:33:04.647+0800] GC(136) User=0.00s Sys=0.00s Real=0.00s
[2024-08-23T17:33:04.648+0800] GC(137) Concurrent Undo Cycle
[2024-08-23T17:33:04.648+0800] GC(137) Concurrent Cleanup for Next Mark
[2024-08-23T17:33:04.649+0800] GC(137) Concurrent Cleanup for Next Mark 1.239ms
[2024-08-23T17:33:04.649+0800] GC(137) Concurrent Undo Cycle 1.331ms
[2024-08-23T17:33:06.074+0800] GC(138) Pause Young (Concurrent Start) (G1 Humongous Allocation)
[2024-08-23T17:33:06.074+0800] GC(138) Using 6 workers of 6 for evacuation
[2024-08-23T17:33:06.074+0800] GC(138)   Pre Evacuate Collection Set: 0.1ms
[2024-08-23T17:33:06.075+0800] GC(138)   Merge Heap Roots: 0.1ms
[2024-08-23T17:33:06.075+0800] GC(138)   Evacuate Collection Set: 0.1ms
[2024-08-23T17:33:06.075+0800] GC(138)   Post Evacuate Collection Set: 0.5ms
[2024-08-23T17:33:06.075+0800] GC(138)   Other: 0.1ms
[2024-08-23T17:33:06.075+0800] GC(138) Eden regions: 1->0(614)
[2024-08-23T17:33:06.075+0800] GC(138) Survivor regions: 0->0(77)
[2024-08-23T17:33:06.075+0800] GC(138) Old regions: 1->1
[2024-08-23T17:33:06.075+0800] GC(138) Archive regions: 0->0
[2024-08-23T17:33:06.075+0800] GC(138) Humongous regions: 371->62
[2024-08-23T17:33:06.075+0800] GC(138) Metaspace: 308K(512K)->308K(512K) NonClass: 300K(384K)->300K(384K) Class: 7K(128K)->7K(128K)
[2024-08-23T17:33:06.075+0800] GC(138) Pause Young (Concurrent Start) (G1 Humongous Allocation) 372M->62M(1024M) 0.981ms
[2024-08-23T17:33:06.075+0800] GC(138) User=0.00s Sys=0.00s Real=0.00s
[2024-08-23T17:33:06.075+0800] GC(139) Concurrent Undo Cycle
[2024-08-23T17:33:06.075+0800] GC(139) Concurrent Cleanup for Next Mark
[2024-08-23T17:33:06.076+0800] GC(139) Concurrent Cleanup for Next Mark 1.067ms
[2024-08-23T17:33:06.076+0800] GC(139) Concurrent Undo Cycle 1.158ms
[2024-08-23T17:33:08.692+0800] GC(140) Pause Young (Concurrent Start) (G1 Humongous Allocation)
[2024-08-23T17:33:08.692+0800] GC(140) Using 6 workers of 6 for evacuation
[2024-08-23T17:33:08.692+0800] GC(140)   Pre Evacuate Collection Set: 0.1ms
[2024-08-23T17:33:08.692+0800] GC(140)   Merge Heap Roots: 0.1ms
[2024-08-23T17:33:08.692+0800] GC(140)   Evacuate Collection Set: 0.2ms
[2024-08-23T17:33:08.692+0800] GC(140)   Post Evacuate Collection Set: 0.4ms
[2024-08-23T17:33:08.692+0800] GC(140)   Other: 0.1ms
[2024-08-23T17:33:08.692+0800] GC(140) Eden regions: 1->0(614)
[2024-08-23T17:33:08.692+0800] GC(140) Survivor regions: 0->0(77)
[2024-08-23T17:33:08.692+0800] GC(140) Old regions: 1->1
[2024-08-23T17:33:08.693+0800] GC(140) Archive regions: 0->0
[2024-08-23T17:33:08.693+0800] GC(140) Humongous regions: 460->45
[2024-08-23T17:33:08.693+0800] GC(140) Metaspace: 308K(512K)->308K(512K) NonClass: 300K(384K)->300K(384K) Class: 7K(128K)->7K(128K)
[2024-08-23T17:33:08.693+0800] GC(140) Pause Young (Concurrent Start) (G1 Humongous Allocation) 461M->45M(1024M) 0.898ms
[2024-08-23T17:33:08.693+0800] GC(140) User=0.00s Sys=0.00s Real=0.00s
[2024-08-23T17:33:08.693+0800] GC(141) Concurrent Undo Cycle
[2024-08-23T17:33:08.693+0800] GC(141) Concurrent Cleanup for Next Mark
[2024-08-23T17:33:08.694+0800] GC(141) Concurrent Cleanup for Next Mark 1.157ms
[2024-08-23T17:33:08.694+0800] GC(141) Concurrent Undo Cycle 1.256ms
[2024-08-23T17:33:11.747+0800] GC(142) Pause Young (Concurrent Start) (G1 Humongous Allocation)
[2024-08-23T17:33:11.747+0800] GC(142) Using 6 workers of 6 for evacuation
[2024-08-23T17:33:11.747+0800] GC(142)   Pre Evacuate Collection Set: 0.1ms
[2024-08-23T17:33:11.747+0800] GC(142)   Merge Heap Roots: 0.1ms
[2024-08-23T17:33:11.747+0800] GC(142)   Evacuate Collection Set: 0.1ms
[2024-08-23T17:33:11.747+0800] GC(142)   Post Evacuate Collection Set: 0.4ms
[2024-08-23T17:33:11.747+0800] GC(142)   Other: 0.1ms
[2024-08-23T17:33:11.747+0800] GC(142) Eden regions: 1->0(614)
[2024-08-23T17:33:11.747+0800] GC(142) Survivor regions: 0->0(77)
[2024-08-23T17:33:11.748+0800] GC(142) Old regions: 1->1
[2024-08-23T17:33:11.748+0800] GC(142) Archive regions: 0->0
[2024-08-23T17:33:11.748+0800] GC(142) Humongous regions: 425->114
[2024-08-23T17:33:11.748+0800] GC(142) Metaspace: 308K(512K)->308K(512K) NonClass: 300K(384K)->300K(384K) Class: 7K(128K)->7K(128K)
[2024-08-23T17:33:11.748+0800] GC(142) Pause Young (Concurrent Start) (G1 Humongous Allocation) 426M->114M(1024M) 0.879ms
[2024-08-23T17:33:11.748+0800] GC(142) User=0.00s Sys=0.00s Real=0.00s
[2024-08-23T17:33:11.748+0800] GC(143) Concurrent Undo Cycle
[2024-08-23T17:33:11.748+0800] GC(143) Concurrent Cleanup for Next Mark
[2024-08-23T17:33:11.749+0800] GC(143) Concurrent Cleanup for Next Mark 0.970ms
[2024-08-23T17:33:11.749+0800] GC(143) Concurrent Undo Cycle 1.061ms
[2024-08-23T17:33:14.472+0800] GC(144) Pause Young (Concurrent Start) (G1 Humongous Allocation)
[2024-08-23T17:33:14.472+0800] GC(144) Using 6 workers of 6 for evacuation
[2024-08-23T17:33:14.473+0800] GC(144)   Pre Evacuate Collection Set: 0.1ms
[2024-08-23T17:33:14.473+0800] GC(144)   Merge Heap Roots: 0.1ms
[2024-08-23T17:33:14.473+0800] GC(144)   Evacuate Collection Set: 0.2ms
[2024-08-23T17:33:14.473+0800] GC(144)   Post Evacuate Collection Set: 0.5ms
[2024-08-23T17:33:14.473+0800] GC(144)   Other: 0.1ms
[2024-08-23T17:33:14.473+0800] GC(144) Eden regions: 1->0(614)
[2024-08-23T17:33:14.473+0800] GC(144) Survivor regions: 0->0(77)
[2024-08-23T17:33:14.473+0800] GC(144) Old regions: 1->1
[2024-08-23T17:33:14.473+0800] GC(144) Archive regions: 0->0
[2024-08-23T17:33:14.473+0800] GC(144) Humongous regions: 433->29
[2024-08-23T17:33:14.473+0800] GC(144) Metaspace: 308K(512K)->308K(512K) NonClass: 300K(384K)->300K(384K) Class: 7K(128K)->7K(128K)
[2024-08-23T17:33:14.473+0800] GC(144) Pause Young (Concurrent Start) (G1 Humongous Allocation) 434M->29M(1024M) 1.064ms
[2024-08-23T17:33:14.473+0800] GC(144) User=0.00s Sys=0.00s Real=0.00s
[2024-08-23T17:33:14.473+0800] GC(145) Concurrent Undo Cycle
[2024-08-23T17:33:14.473+0800] GC(145) Concurrent Cleanup for Next Mark
[2024-08-23T17:33:14.474+0800] GC(145) Concurrent Cleanup for Next Mark 1.228ms
[2024-08-23T17:33:14.474+0800] GC(145) Concurrent Undo Cycle 1.327ms
[2024-08-23T17:33:17.208+0800] GC(146) Pause Young (Concurrent Start) (G1 Humongous Allocation)
[2024-08-23T17:33:17.208+0800] GC(146) Using 6 workers of 6 for evacuation
[2024-08-23T17:33:17.208+0800] GC(146)   Pre Evacuate Collection Set: 0.1ms
[2024-08-23T17:33:17.208+0800] GC(146)   Merge Heap Roots: 0.0ms
[2024-08-23T17:33:17.208+0800] GC(146)   Evacuate Collection Set: 0.1ms
[2024-08-23T17:33:17.208+0800] GC(146)   Post Evacuate Collection Set: 0.4ms
[2024-08-23T17:33:17.208+0800] GC(146)   Other: 0.1ms
[2024-08-23T17:33:17.208+0800] GC(146) Eden regions: 1->0(614)
[2024-08-23T17:33:17.208+0800] GC(146) Survivor regions: 0->0(77)
[2024-08-23T17:33:17.208+0800] GC(146) Old regions: 1->1
[2024-08-23T17:33:17.209+0800] GC(146) Archive regions: 0->0
[2024-08-23T17:33:17.209+0800] GC(146) Humongous regions: 448->11
[2024-08-23T17:33:17.209+0800] GC(146) Metaspace: 308K(512K)->308K(512K) NonClass: 300K(384K)->300K(384K) Class: 7K(128K)->7K(128K)
[2024-08-23T17:33:17.209+0800] GC(146) Pause Young (Concurrent Start) (G1 Humongous Allocation) 449M->11M(1024M) 0.821ms
[2024-08-23T17:33:17.209+0800] GC(146) User=0.00s Sys=0.00s Real=0.00s
[2024-08-23T17:33:17.209+0800] GC(147) Concurrent Undo Cycle
[2024-08-23T17:33:17.209+0800] GC(147) Concurrent Cleanup for Next Mark
[2024-08-23T17:33:17.209+0800] GC(147) Concurrent Cleanup for Next Mark 1.047ms
[2024-08-23T17:33:17.209+0800] GC(147) Concurrent Undo Cycle 1.128ms
[2024-08-23T17:33:19.829+0800] GC(148) Pause Young (Concurrent Start) (G1 Humongous Allocation)
[2024-08-23T17:33:19.829+0800] GC(148) Using 6 workers of 6 for evacuation
[2024-08-23T17:33:19.829+0800] GC(148)   Pre Evacuate Collection Set: 0.1ms
[2024-08-23T17:33:19.829+0800] GC(148)   Merge Heap Roots: 0.1ms
[2024-08-23T17:33:19.829+0800] GC(148)   Evacuate Collection Set: 0.2ms
[2024-08-23T17:33:19.829+0800] GC(148)   Post Evacuate Collection Set: 0.3ms
[2024-08-23T17:33:19.829+0800] GC(148)   Other: 0.1ms
[2024-08-23T17:33:19.830+0800] GC(148) Eden regions: 1->0(614)
[2024-08-23T17:33:19.830+0800] GC(148) Survivor regions: 0->0(77)
[2024-08-23T17:33:19.830+0800] GC(148) Old regions: 1->1
[2024-08-23T17:33:19.830+0800] GC(148) Archive regions: 0->0
[2024-08-23T17:33:19.830+0800] GC(148) Humongous regions: 459->50
[2024-08-23T17:33:19.830+0800] GC(148) Metaspace: 308K(512K)->308K(512K) NonClass: 300K(384K)->300K(384K) Class: 7K(128K)->7K(128K)
[2024-08-23T17:33:19.830+0800] GC(148) Pause Young (Concurrent Start) (G1 Humongous Allocation) 460M->50M(1024M) 0.934ms
[2024-08-23T17:33:19.830+0800] GC(148) User=0.00s Sys=0.00s Real=0.00s
[2024-08-23T17:33:19.830+0800] GC(149) Concurrent Undo Cycle
[2024-08-23T17:33:19.830+0800] GC(149) Concurrent Cleanup for Next Mark
[2024-08-23T17:33:19.830+0800] GC(149) Concurrent Cleanup for Next Mark 0.874ms
[2024-08-23T17:33:19.830+0800] GC(149) Concurrent Undo Cycle 0.941ms
[2024-08-23T17:33:22.990+0800] GC(150) Pause Young (Concurrent Start) (G1 Humongous Allocation)
[2024-08-23T17:33:22.990+0800] GC(150) Using 6 workers of 6 for evacuation
[2024-08-23T17:33:22.991+0800] GC(150)   Pre Evacuate Collection Set: 0.1ms
[2024-08-23T17:33:22.991+0800] GC(150)   Merge Heap Roots: 0.1ms
[2024-08-23T17:33:22.991+0800] GC(150)   Evacuate Collection Set: 0.1ms
[2024-08-23T17:33:22.991+0800] GC(150)   Post Evacuate Collection Set: 0.3ms
[2024-08-23T17:33:22.991+0800] GC(150)   Other: 0.1ms
[2024-08-23T17:33:22.991+0800] GC(150) Eden regions: 1->0(613)
[2024-08-23T17:33:22.991+0800] GC(150) Survivor regions: 0->1(77)
[2024-08-23T17:33:22.991+0800] GC(150) Old regions: 1->1
[2024-08-23T17:33:22.991+0800] GC(150) Archive regions: 0->0
[2024-08-23T17:33:22.991+0800] GC(150) Humongous regions: 446->134
[2024-08-23T17:33:22.991+0800] GC(150) Metaspace: 308K(512K)->308K(512K) NonClass: 300K(384K)->300K(384K) Class: 7K(128K)->7K(128K)
[2024-08-23T17:33:22.991+0800] GC(150) Pause Young (Concurrent Start) (G1 Humongous Allocation) 447M->134M(1024M) 0.844ms
[2024-08-23T17:33:22.991+0800] GC(150) User=0.00s Sys=0.00s Real=0.00s
[2024-08-23T17:33:22.991+0800] GC(151) Concurrent Undo Cycle
[2024-08-23T17:33:22.991+0800] GC(151) Concurrent Cleanup for Next Mark
[2024-08-23T17:33:22.992+0800] GC(151) Concurrent Cleanup for Next Mark 1.038ms
[2024-08-23T17:33:22.992+0800] GC(151) Concurrent Undo Cycle 1.132ms
[2024-08-23T17:33:25.929+0800] GC(152) Pause Young (Concurrent Start) (G1 Humongous Allocation)
[2024-08-23T17:33:25.929+0800] GC(152) Using 6 workers of 6 for evacuation
[2024-08-23T17:33:25.929+0800] GC(152)   Pre Evacuate Collection Set: 0.1ms
[2024-08-23T17:33:25.929+0800] GC(152)   Merge Heap Roots: 0.1ms
[2024-08-23T17:33:25.929+0800] GC(152)   Evacuate Collection Set: 0.1ms
[2024-08-23T17:33:25.929+0800] GC(152)   Post Evacuate Collection Set: 0.4ms
[2024-08-23T17:33:25.929+0800] GC(152)   Other: 0.1ms
[2024-08-23T17:33:25.929+0800] GC(152) Eden regions: 1->0(613)
[2024-08-23T17:33:25.929+0800] GC(152) Survivor regions: 1->1(77)
[2024-08-23T17:33:25.929+0800] GC(152) Old regions: 1->1
[2024-08-23T17:33:25.929+0800] GC(152) Archive regions: 0->0
[2024-08-23T17:33:25.929+0800] GC(152) Humongous regions: 460->64
[2024-08-23T17:33:25.929+0800] GC(152) Metaspace: 308K(512K)->308K(512K) NonClass: 300K(384K)->300K(384K) Class: 7K(128K)->7K(128K)
[2024-08-23T17:33:25.929+0800] GC(152) Pause Young (Concurrent Start) (G1 Humongous Allocation) 461M->64M(1024M) 0.878ms
[2024-08-23T17:33:25.929+0800] GC(152) User=0.00s Sys=0.00s Real=0.00s
[2024-08-23T17:33:25.929+0800] GC(153) Concurrent Undo Cycle
[2024-08-23T17:33:25.929+0800] GC(153) Concurrent Cleanup for Next Mark
[2024-08-23T17:33:25.930+0800] GC(153) Concurrent Cleanup for Next Mark 1.002ms
[2024-08-23T17:33:25.930+0800] GC(153) Concurrent Undo Cycle 1.089ms
[2024-08-23T17:33:28.653+0800] GC(154) Pause Young (Concurrent Start) (G1 Humongous Allocation)
[2024-08-23T17:33:28.653+0800] GC(154) Using 6 workers of 6 for evacuation
[2024-08-23T17:33:28.654+0800] GC(154)   Pre Evacuate Collection Set: 0.1ms
[2024-08-23T17:33:28.654+0800] GC(154)   Merge Heap Roots: 0.1ms
[2024-08-23T17:33:28.654+0800] GC(154)   Evacuate Collection Set: 0.1ms
[2024-08-23T17:33:28.654+0800] GC(154)   Post Evacuate Collection Set: 0.4ms
[2024-08-23T17:33:28.654+0800] GC(154)   Other: 0.1ms
[2024-08-23T17:33:28.654+0800] GC(154) Eden regions: 1->0(613)
[2024-08-23T17:33:28.654+0800] GC(154) Survivor regions: 1->1(77)
[2024-08-23T17:33:28.654+0800] GC(154) Old regions: 1->1
[2024-08-23T17:33:28.654+0800] GC(154) Archive regions: 0->0
[2024-08-23T17:33:28.654+0800] GC(154) Humongous regions: 448->21
[2024-08-23T17:33:28.654+0800] GC(154) Metaspace: 308K(512K)->308K(512K) NonClass: 300K(384K)->300K(384K) Class: 7K(128K)->7K(128K)
[2024-08-23T17:33:28.654+0800] GC(154) Pause Young (Concurrent Start) (G1 Humongous Allocation) 449M->21M(1024M) 0.959ms
[2024-08-23T17:33:28.654+0800] GC(154) User=0.00s Sys=0.00s Real=0.00s
[2024-08-23T17:33:28.654+0800] GC(155) Concurrent Undo Cycle
[2024-08-23T17:33:28.654+0800] GC(155) Concurrent Cleanup for Next Mark
[2024-08-23T17:33:28.655+0800] GC(155) Concurrent Cleanup for Next Mark 1.357ms
[2024-08-23T17:33:28.655+0800] GC(155) Concurrent Undo Cycle 1.467ms
[2024-08-23T17:33:31.266+0800] GC(156) Pause Young (Concurrent Start) (G1 Humongous Allocation)
[2024-08-23T17:33:31.266+0800] GC(156) Using 6 workers of 6 for evacuation
[2024-08-23T17:33:31.267+0800] GC(156)   Pre Evacuate Collection Set: 0.1ms
[2024-08-23T17:33:31.267+0800] GC(156)   Merge Heap Roots: 0.1ms
[2024-08-23T17:33:31.267+0800] GC(156)   Evacuate Collection Set: 0.1ms
[2024-08-23T17:33:31.267+0800] GC(156)   Post Evacuate Collection Set: 0.4ms
[2024-08-23T17:33:31.267+0800] GC(156)   Other: 0.1ms
[2024-08-23T17:33:31.267+0800] GC(156) Eden regions: 1->0(613)
[2024-08-23T17:33:31.267+0800] GC(156) Survivor regions: 1->1(77)
[2024-08-23T17:33:31.267+0800] GC(156) Old regions: 1->1
[2024-08-23T17:33:31.267+0800] GC(156) Archive regions: 0->0
[2024-08-23T17:33:31.267+0800] GC(156) Humongous regions: 459->95
[2024-08-23T17:33:31.267+0800] GC(156) Metaspace: 308K(512K)->308K(512K) NonClass: 300K(384K)->300K(384K) Class: 7K(128K)->7K(128K)
[2024-08-23T17:33:31.267+0800] GC(156) Pause Young (Concurrent Start) (G1 Humongous Allocation) 460M->95M(1024M) 0.863ms
[2024-08-23T17:33:31.267+0800] GC(156) User=0.00s Sys=0.00s Real=0.00s
[2024-08-23T17:33:31.267+0800] GC(157) Concurrent Undo Cycle
[2024-08-23T17:33:31.267+0800] GC(157) Concurrent Cleanup for Next Mark
[2024-08-23T17:33:31.268+0800] GC(157) Concurrent Cleanup for Next Mark 1.012ms
[2024-08-23T17:33:31.268+0800] GC(157) Concurrent Undo Cycle 1.086ms
[2024-08-23T17:33:33.012+0800] GC(158) Pause Young (Concurrent Start) (G1 Humongous Allocation)
[2024-08-23T17:33:33.012+0800] GC(158) Using 6 workers of 6 for evacuation
[2024-08-23T17:33:33.013+0800] GC(158)   Pre Evacuate Collection Set: 0.1ms
[2024-08-23T17:33:33.013+0800] GC(158)   Merge Heap Roots: 0.1ms
[2024-08-23T17:33:33.013+0800] GC(158)   Evacuate Collection Set: 0.2ms
[2024-08-23T17:33:33.013+0800] GC(158)   Post Evacuate Collection Set: 0.4ms
[2024-08-23T17:33:33.013+0800] GC(158)   Other: 0.1ms
[2024-08-23T17:33:33.013+0800] GC(158) Eden regions: 1->0(613)
[2024-08-23T17:33:33.013+0800] GC(158) Survivor regions: 1->1(77)
[2024-08-23T17:33:33.013+0800] GC(158) Old regions: 1->1
[2024-08-23T17:33:33.013+0800] GC(158) Archive regions: 0->0
[2024-08-23T17:33:33.013+0800] GC(158) Humongous regions: 391->57
[2024-08-23T17:33:33.013+0800] GC(158) Metaspace: 308K(512K)->308K(512K) NonClass: 300K(384K)->300K(384K) Class: 7K(128K)->7K(128K)
[2024-08-23T17:33:33.013+0800] GC(158) Pause Young (Concurrent Start) (G1 Humongous Allocation) 392M->57M(1024M) 1.000ms
[2024-08-23T17:33:33.013+0800] GC(158) User=0.00s Sys=0.00s Real=0.00s
[2024-08-23T17:33:33.013+0800] GC(159) Concurrent Undo Cycle
[2024-08-23T17:33:33.013+0800] GC(159) Concurrent Cleanup for Next Mark
[2024-08-23T17:33:33.014+0800] GC(159) Concurrent Cleanup for Next Mark 0.938ms
[2024-08-23T17:33:33.014+0800] GC(159) Concurrent Undo Cycle 1.029ms
[2024-08-23T17:33:36.396+0800] GC(160) Pause Young (Concurrent Start) (G1 Humongous Allocation)
[2024-08-23T17:33:36.396+0800] GC(160) Using 6 workers of 6 for evacuation
[2024-08-23T17:33:36.397+0800] GC(160)   Pre Evacuate Collection Set: 0.1ms
[2024-08-23T17:33:36.397+0800] GC(160)   Merge Heap Roots: 0.1ms
[2024-08-23T17:33:36.397+0800] GC(160)   Evacuate Collection Set: 0.2ms
[2024-08-23T17:33:36.397+0800] GC(160)   Post Evacuate Collection Set: 0.4ms
[2024-08-23T17:33:36.397+0800] GC(160)   Other: 0.1ms
[2024-08-23T17:33:36.397+0800] GC(160) Eden regions: 1->0(613)
[2024-08-23T17:33:36.397+0800] GC(160) Survivor regions: 1->1(77)
[2024-08-23T17:33:36.397+0800] GC(160) Old regions: 1->1
[2024-08-23T17:33:36.397+0800] GC(160) Archive regions: 0->0
[2024-08-23T17:33:36.397+0800] GC(160) Humongous regions: 458->12
[2024-08-23T17:33:36.397+0800] GC(160) Metaspace: 308K(512K)->308K(512K) NonClass: 300K(384K)->300K(384K) Class: 7K(128K)->7K(128K)
[2024-08-23T17:33:36.397+0800] GC(160) Pause Young (Concurrent Start) (G1 Humongous Allocation) 459M->12M(1024M) 1.021ms
[2024-08-23T17:33:36.397+0800] GC(160) User=0.00s Sys=0.00s Real=0.00s
[2024-08-23T17:33:36.397+0800] GC(161) Concurrent Undo Cycle
[2024-08-23T17:33:36.397+0800] GC(161) Concurrent Cleanup for Next Mark
[2024-08-23T17:33:36.397+0800] GC(161) Concurrent Cleanup for Next Mark 0.704ms
[2024-08-23T17:33:36.398+0800] GC(161) Concurrent Undo Cycle 0.772ms
[2024-08-23T17:33:38.683+0800] GC(162) Pause Young (Concurrent Start) (G1 Humongous Allocation)
[2024-08-23T17:33:38.683+0800] GC(162) Using 6 workers of 6 for evacuation
[2024-08-23T17:33:38.684+0800] GC(162)   Pre Evacuate Collection Set: 0.1ms
[2024-08-23T17:33:38.684+0800] GC(162)   Merge Heap Roots: 0.1ms
[2024-08-23T17:33:38.684+0800] GC(162)   Evacuate Collection Set: 0.2ms
[2024-08-23T17:33:38.684+0800] GC(162)   Post Evacuate Collection Set: 0.4ms
[2024-08-23T17:33:38.684+0800] GC(162)   Other: 0.1ms
[2024-08-23T17:33:38.684+0800] GC(162) Eden regions: 1->0(613)
[2024-08-23T17:33:38.684+0800] GC(162) Survivor regions: 1->1(77)
[2024-08-23T17:33:38.684+0800] GC(162) Old regions: 1->1
[2024-08-23T17:33:38.684+0800] GC(162) Archive regions: 0->0
[2024-08-23T17:33:38.684+0800] GC(162) Humongous regions: 365->95
[2024-08-23T17:33:38.684+0800] GC(162) Metaspace: 308K(512K)->308K(512K) NonClass: 300K(384K)->300K(384K) Class: 7K(128K)->7K(128K)
[2024-08-23T17:33:38.684+0800] GC(162) Pause Young (Concurrent Start) (G1 Humongous Allocation) 366M->95M(1024M) 0.991ms
[2024-08-23T17:33:38.684+0800] GC(162) User=0.00s Sys=0.00s Real=0.00s
[2024-08-23T17:33:38.684+0800] GC(163) Concurrent Undo Cycle
[2024-08-23T17:33:38.684+0800] GC(163) Concurrent Cleanup for Next Mark
[2024-08-23T17:33:38.685+0800] GC(163) Concurrent Cleanup for Next Mark 1.107ms
[2024-08-23T17:33:38.685+0800] GC(163) Concurrent Undo Cycle 1.198ms
[2024-08-23T17:33:41.299+0800] GC(164) Pause Young (Concurrent Start) (G1 Humongous Allocation)
[2024-08-23T17:33:41.299+0800] GC(164) Using 6 workers of 6 for evacuation
[2024-08-23T17:33:41.300+0800] GC(164)   Pre Evacuate Collection Set: 0.1ms
[2024-08-23T17:33:41.300+0800] GC(164)   Merge Heap Roots: 0.1ms
[2024-08-23T17:33:41.300+0800] GC(164)   Evacuate Collection Set: 0.1ms
[2024-08-23T17:33:41.300+0800] GC(164)   Post Evacuate Collection Set: 0.5ms
[2024-08-23T17:33:41.300+0800] GC(164)   Other: 0.1ms
[2024-08-23T17:33:41.300+0800] GC(164) Eden regions: 1->0(613)
[2024-08-23T17:33:41.300+0800] GC(164) Survivor regions: 1->1(77)
[2024-08-23T17:33:41.300+0800] GC(164) Old regions: 1->1
[2024-08-23T17:33:41.300+0800] GC(164) Archive regions: 0->0
[2024-08-23T17:33:41.300+0800] GC(164) Humongous regions: 453->68
[2024-08-23T17:33:41.300+0800] GC(164) Metaspace: 308K(512K)->308K(512K) NonClass: 300K(384K)->300K(384K) Class: 7K(128K)->7K(128K)
[2024-08-23T17:33:41.300+0800] GC(164) Pause Young (Concurrent Start) (G1 Humongous Allocation) 454M->68M(1024M) 0.969ms
[2024-08-23T17:33:41.300+0800] GC(164) User=0.00s Sys=0.00s Real=0.00s
[2024-08-23T17:33:41.300+0800] GC(165) Concurrent Undo Cycle
[2024-08-23T17:33:41.300+0800] GC(165) Concurrent Cleanup for Next Mark
[2024-08-23T17:33:41.301+0800] GC(165) Concurrent Cleanup for Next Mark 1.166ms
[2024-08-23T17:33:41.301+0800] GC(165) Concurrent Undo Cycle 1.252ms
[2024-08-23T17:33:42.937+0800] GC(166) Pause Young (Concurrent Start) (G1 Humongous Allocation)
[2024-08-23T17:33:42.937+0800] GC(166) Using 6 workers of 6 for evacuation
[2024-08-23T17:33:42.938+0800] GC(166)   Pre Evacuate Collection Set: 0.1ms
[2024-08-23T17:33:42.938+0800] GC(166)   Merge Heap Roots: 0.1ms
[2024-08-23T17:33:42.938+0800] GC(166)   Evacuate Collection Set: 0.2ms
[2024-08-23T17:33:42.938+0800] GC(166)   Post Evacuate Collection Set: 0.4ms
[2024-08-23T17:33:42.938+0800] GC(166)   Other: 0.1ms
[2024-08-23T17:33:42.938+0800] GC(166) Eden regions: 1->0(613)
[2024-08-23T17:33:42.938+0800] GC(166) Survivor regions: 1->1(77)
[2024-08-23T17:33:42.938+0800] GC(166) Old regions: 1->1
[2024-08-23T17:33:42.938+0800] GC(166) Archive regions: 0->0
[2024-08-23T17:33:42.938+0800] GC(166) Humongous regions: 375->215
[2024-08-23T17:33:42.938+0800] GC(166) Metaspace: 308K(512K)->308K(512K) NonClass: 300K(384K)->300K(384K) Class: 7K(128K)->7K(128K)
[2024-08-23T17:33:42.938+0800] GC(166) Pause Young (Concurrent Start) (G1 Humongous Allocation) 376M->215M(1024M) 0.966ms
[2024-08-23T17:33:42.938+0800] GC(166) User=0.00s Sys=0.00s Real=0.00s
[2024-08-23T17:33:42.938+0800] GC(167) Concurrent Undo Cycle
[2024-08-23T17:33:42.938+0800] GC(167) Concurrent Cleanup for Next Mark
[2024-08-23T17:33:42.939+0800] GC(167) Concurrent Cleanup for Next Mark 0.806ms
[2024-08-23T17:33:42.939+0800] GC(167) Concurrent Undo Cycle 0.881ms
[2024-08-23T17:33:44.354+0800] GC(168) Pause Young (Concurrent Start) (G1 Humongous Allocation)
[2024-08-23T17:33:44.354+0800] GC(168) Using 6 workers of 6 for evacuation
[2024-08-23T17:33:44.355+0800] GC(168)   Pre Evacuate Collection Set: 0.1ms
[2024-08-23T17:33:44.355+0800] GC(168)   Merge Heap Roots: 0.1ms
[2024-08-23T17:33:44.355+0800] GC(168)   Evacuate Collection Set: 0.2ms
[2024-08-23T17:33:44.355+0800] GC(168)   Post Evacuate Collection Set: 0.5ms
[2024-08-23T17:33:44.355+0800] GC(168)   Other: 0.1ms
[2024-08-23T17:33:44.355+0800] GC(168) Eden regions: 1->0(613)
[2024-08-23T17:33:44.355+0800] GC(168) Survivor regions: 1->1(77)
[2024-08-23T17:33:44.355+0800] GC(168) Old regions: 1->1
[2024-08-23T17:33:44.355+0800] GC(168) Archive regions: 0->0
[2024-08-23T17:33:44.355+0800] GC(168) Humongous regions: 424->57
[2024-08-23T17:33:44.355+0800] GC(168) Metaspace: 308K(512K)->308K(512K) NonClass: 300K(384K)->300K(384K) Class: 7K(128K)->7K(128K)
[2024-08-23T17:33:44.355+0800] GC(168) Pause Young (Concurrent Start) (G1 Humongous Allocation) 425M->57M(1024M) 1.063ms
[2024-08-23T17:33:44.355+0800] GC(168) User=0.00s Sys=0.00s Real=0.00s
[2024-08-23T17:33:44.355+0800] GC(169) Concurrent Undo Cycle
[2024-08-23T17:33:44.355+0800] GC(169) Concurrent Cleanup for Next Mark
[2024-08-23T17:33:44.356+0800] GC(169) Concurrent Cleanup for Next Mark 0.936ms
[2024-08-23T17:33:44.356+0800] GC(169) Concurrent Undo Cycle 1.023ms
[2024-08-23T17:33:47.518+0800] GC(170) Pause Young (Concurrent Start) (G1 Humongous Allocation)
[2024-08-23T17:33:47.518+0800] GC(170) Using 6 workers of 6 for evacuation
[2024-08-23T17:33:47.518+0800] GC(170)   Pre Evacuate Collection Set: 0.1ms
[2024-08-23T17:33:47.518+0800] GC(170)   Merge Heap Roots: 0.0ms
[2024-08-23T17:33:47.518+0800] GC(170)   Evacuate Collection Set: 0.1ms
[2024-08-23T17:33:47.518+0800] GC(170)   Post Evacuate Collection Set: 0.3ms
[2024-08-23T17:33:47.518+0800] GC(170)   Other: 0.1ms
[2024-08-23T17:33:47.518+0800] GC(170) Eden regions: 1->0(613)
[2024-08-23T17:33:47.518+0800] GC(170) Survivor regions: 1->1(77)
[2024-08-23T17:33:47.518+0800] GC(170) Old regions: 1->1
[2024-08-23T17:33:47.518+0800] GC(170) Archive regions: 0->0
[2024-08-23T17:33:47.518+0800] GC(170) Humongous regions: 455->11
[2024-08-23T17:33:47.518+0800] GC(170) Metaspace: 308K(512K)->308K(512K) NonClass: 300K(384K)->300K(384K) Class: 7K(128K)->7K(128K)
[2024-08-23T17:33:47.518+0800] GC(170) Pause Young (Concurrent Start) (G1 Humongous Allocation) 456M->11M(1024M) 0.813ms
[2024-08-23T17:33:47.518+0800] GC(170) User=0.00s Sys=0.00s Real=0.00s
[2024-08-23T17:33:47.518+0800] GC(171) Concurrent Undo Cycle
[2024-08-23T17:33:47.518+0800] GC(171) Concurrent Cleanup for Next Mark
[2024-08-23T17:33:47.520+0800] GC(171) Concurrent Cleanup for Next Mark 0.797ms
[2024-08-23T17:33:47.520+0800] GC(171) Concurrent Undo Cycle 0.871ms
[2024-08-23T17:33:50.031+0800] GC(172) Pause Young (Concurrent Start) (G1 Humongous Allocation)
[2024-08-23T17:33:50.031+0800] GC(172) Using 6 workers of 6 for evacuation
[2024-08-23T17:33:50.032+0800] GC(172)   Pre Evacuate Collection Set: 0.1ms
[2024-08-23T17:33:50.032+0800] GC(172)   Merge Heap Roots: 0.1ms
[2024-08-23T17:33:50.032+0800] GC(172)   Evacuate Collection Set: 0.2ms
[2024-08-23T17:33:50.032+0800] GC(172)   Post Evacuate Collection Set: 0.4ms
[2024-08-23T17:33:50.032+0800] GC(172)   Other: 0.1ms
[2024-08-23T17:33:50.032+0800] GC(172) Eden regions: 1->0(613)
[2024-08-23T17:33:50.032+0800] GC(172) Survivor regions: 1->1(77)
[2024-08-23T17:33:50.032+0800] GC(172) Old regions: 1->1
[2024-08-23T17:33:50.032+0800] GC(172) Archive regions: 0->0
[2024-08-23T17:33:50.032+0800] GC(172) Humongous regions: 376->84
[2024-08-23T17:33:50.032+0800] GC(172) Metaspace: 308K(512K)->308K(512K) NonClass: 300K(384K)->300K(384K) Class: 7K(128K)->7K(128K)
[2024-08-23T17:33:50.032+0800] GC(172) Pause Young (Concurrent Start) (G1 Humongous Allocation) 377M->84M(1024M) 1.022ms
[2024-08-23T17:33:50.032+0800] GC(172) User=0.00s Sys=0.00s Real=0.00s
[2024-08-23T17:33:50.032+0800] GC(173) Concurrent Undo Cycle
[2024-08-23T17:33:50.032+0800] GC(173) Concurrent Cleanup for Next Mark
[2024-08-23T17:33:50.033+0800] GC(173) Concurrent Cleanup for Next Mark 0.869ms
[2024-08-23T17:33:50.033+0800] GC(173) Concurrent Undo Cycle 0.960ms
[2024-08-23T17:33:52.760+0800] GC(174) Pause Young (Concurrent Start) (G1 Humongous Allocation)
[2024-08-23T17:33:52.760+0800] GC(174) Using 6 workers of 6 for evacuation
[2024-08-23T17:33:52.760+0800] GC(174)   Pre Evacuate Collection Set: 0.1ms
[2024-08-23T17:33:52.760+0800] GC(174)   Merge Heap Roots: 0.1ms
[2024-08-23T17:33:52.760+0800] GC(174)   Evacuate Collection Set: 0.2ms
[2024-08-23T17:33:52.760+0800] GC(174)   Post Evacuate Collection Set: 0.3ms
[2024-08-23T17:33:52.760+0800] GC(174)   Other: 0.1ms
[2024-08-23T17:33:52.760+0800] GC(174) Eden regions: 1->0(613)
[2024-08-23T17:33:52.760+0800] GC(174) Survivor regions: 1->1(77)
[2024-08-23T17:33:52.761+0800] GC(174) Old regions: 1->1
[2024-08-23T17:33:52.761+0800] GC(174) Archive regions: 0->0
[2024-08-23T17:33:52.761+0800] GC(174) Humongous regions: 448->128
[2024-08-23T17:33:52.761+0800] GC(174) Metaspace: 308K(512K)->308K(512K) NonClass: 300K(384K)->300K(384K) Class: 7K(128K)->7K(128K)
[2024-08-23T17:33:52.761+0800] GC(174) Pause Young (Concurrent Start) (G1 Humongous Allocation) 449M->128M(1024M) 0.939ms
[2024-08-23T17:33:52.761+0800] GC(174) User=0.00s Sys=0.00s Real=0.00s
[2024-08-23T17:33:52.761+0800] GC(175) Concurrent Undo Cycle
[2024-08-23T17:33:52.761+0800] GC(175) Concurrent Cleanup for Next Mark
[2024-08-23T17:33:52.762+0800] GC(175) Concurrent Cleanup for Next Mark 1.279ms
[2024-08-23T17:33:52.762+0800] GC(175) Concurrent Undo Cycle 1.365ms
[2024-08-23T17:33:54.286+0800] GC(176) Pause Young (Concurrent Start) (G1 Humongous Allocation)
[2024-08-23T17:33:54.286+0800] GC(176) Using 6 workers of 6 for evacuation
[2024-08-23T17:33:54.286+0800] GC(176)   Pre Evacuate Collection Set: 0.1ms
[2024-08-23T17:33:54.286+0800] GC(176)   Merge Heap Roots: 0.1ms
[2024-08-23T17:33:54.286+0800] GC(176)   Evacuate Collection Set: 0.1ms
[2024-08-23T17:33:54.286+0800] GC(176)   Post Evacuate Collection Set: 0.4ms
[2024-08-23T17:33:54.287+0800] GC(176)   Other: 0.1ms
[2024-08-23T17:33:54.287+0800] GC(176) Eden regions: 1->0(613)
[2024-08-23T17:33:54.287+0800] GC(176) Survivor regions: 1->1(77)
[2024-08-23T17:33:54.287+0800] GC(176) Old regions: 1->1
[2024-08-23T17:33:54.287+0800] GC(176) Archive regions: 0->0
[2024-08-23T17:33:54.287+0800] GC(176) Humongous regions: 414->166
[2024-08-23T17:33:54.287+0800] GC(176) Metaspace: 308K(512K)->308K(512K) NonClass: 300K(384K)->300K(384K) Class: 7K(128K)->7K(128K)
[2024-08-23T17:33:54.287+0800] GC(176) Pause Young (Concurrent Start) (G1 Humongous Allocation) 415M->166M(1024M) 0.943ms
[2024-08-23T17:33:54.287+0800] GC(176) User=0.00s Sys=0.00s Real=0.00s
[2024-08-23T17:33:54.287+0800] GC(177) Concurrent Undo Cycle
[2024-08-23T17:33:54.287+0800] GC(177) Concurrent Cleanup for Next Mark
[2024-08-23T17:33:54.288+0800] GC(177) Concurrent Cleanup for Next Mark 1.125ms
[2024-08-23T17:33:54.288+0800] GC(177) Concurrent Undo Cycle 1.219ms
[2024-08-23T17:33:55.707+0800] GC(178) Pause Young (Concurrent Start) (G1 Humongous Allocation)
[2024-08-23T17:33:55.707+0800] GC(178) Using 6 workers of 6 for evacuation
[2024-08-23T17:33:55.708+0800] GC(178)   Pre Evacuate Collection Set: 0.1ms
[2024-08-23T17:33:55.708+0800] GC(178)   Merge Heap Roots: 0.1ms
[2024-08-23T17:33:55.708+0800] GC(178)   Evacuate Collection Set: 0.2ms
[2024-08-23T17:33:55.708+0800] GC(178)   Post Evacuate Collection Set: 0.4ms
[2024-08-23T17:33:55.708+0800] GC(178)   Other: 0.1ms
[2024-08-23T17:33:55.708+0800] GC(178) Eden regions: 1->0(613)
[2024-08-23T17:33:55.708+0800] GC(178) Survivor regions: 1->1(77)
[2024-08-23T17:33:55.708+0800] GC(178) Old regions: 1->1
[2024-08-23T17:33:55.708+0800] GC(178) Archive regions: 0->0
[2024-08-23T17:33:55.708+0800] GC(178) Humongous regions: 371->62
[2024-08-23T17:33:55.708+0800] GC(178) Metaspace: 308K(512K)->308K(512K) NonClass: 300K(384K)->300K(384K) Class: 7K(128K)->7K(128K)
[2024-08-23T17:33:55.708+0800] GC(178) Pause Young (Concurrent Start) (G1 Humongous Allocation) 372M->62M(1024M) 0.996ms
[2024-08-23T17:33:55.708+0800] GC(178) User=0.00s Sys=0.00s Real=0.00s
[2024-08-23T17:33:55.708+0800] GC(179) Concurrent Undo Cycle
[2024-08-23T17:33:55.708+0800] GC(179) Concurrent Cleanup for Next Mark
[2024-08-23T17:33:55.709+0800] GC(179) Concurrent Cleanup for Next Mark 0.991ms
[2024-08-23T17:33:55.709+0800] GC(179) Concurrent Undo Cycle 1.084ms
[2024-08-23T17:33:58.327+0800] GC(180) Pause Young (Concurrent Start) (G1 Humongous Allocation)
[2024-08-23T17:33:58.327+0800] GC(180) Using 6 workers of 6 for evacuation
[2024-08-23T17:33:58.328+0800] GC(180)   Pre Evacuate Collection Set: 0.1ms
[2024-08-23T17:33:58.328+0800] GC(180)   Merge Heap Roots: 0.1ms
[2024-08-23T17:33:58.328+0800] GC(180)   Evacuate Collection Set: 0.2ms
[2024-08-23T17:33:58.328+0800] GC(180)   Post Evacuate Collection Set: 0.4ms
[2024-08-23T17:33:58.328+0800] GC(180)   Other: 0.1ms
[2024-08-23T17:33:58.328+0800] GC(180) Eden regions: 1->0(614)
[2024-08-23T17:33:58.328+0800] GC(180) Survivor regions: 1->0(77)
[2024-08-23T17:33:58.328+0800] GC(180) Old regions: 1->1
[2024-08-23T17:33:58.328+0800] GC(180) Archive regions: 0->0
[2024-08-23T17:33:58.328+0800] GC(180) Humongous regions: 460->45
[2024-08-23T17:33:58.328+0800] GC(180) Metaspace: 308K(512K)->308K(512K) NonClass: 300K(384K)->300K(384K) Class: 7K(128K)->7K(128K)
[2024-08-23T17:33:58.328+0800] GC(180) Pause Young (Concurrent Start) (G1 Humongous Allocation) 461M->45M(1024M) 0.997ms
[2024-08-23T17:33:58.328+0800] GC(180) User=0.00s Sys=0.00s Real=0.00s
[2024-08-23T17:33:58.328+0800] GC(181) Concurrent Undo Cycle
[2024-08-23T17:33:58.328+0800] GC(181) Concurrent Cleanup for Next Mark
[2024-08-23T17:33:58.329+0800] GC(181) Concurrent Cleanup for Next Mark 0.993ms
[2024-08-23T17:33:58.329+0800] GC(181) Concurrent Undo Cycle 1.075ms
[2024-08-23T17:34:01.382+0800] GC(182) Pause Young (Concurrent Start) (G1 Humongous Allocation)
[2024-08-23T17:34:01.382+0800] GC(182) Using 6 workers of 6 for evacuation
[2024-08-23T17:34:01.383+0800] GC(182)   Pre Evacuate Collection Set: 0.1ms
[2024-08-23T17:34:01.383+0800] GC(182)   Merge Heap Roots: 0.1ms
[2024-08-23T17:34:01.383+0800] GC(182)   Evacuate Collection Set: 0.2ms
[2024-08-23T17:34:01.383+0800] GC(182)   Post Evacuate Collection Set: 0.4ms
[2024-08-23T17:34:01.383+0800] GC(182)   Other: 0.1ms
[2024-08-23T17:34:01.383+0800] GC(182) Eden regions: 1->0(614)
[2024-08-23T17:34:01.383+0800] GC(182) Survivor regions: 0->0(77)
[2024-08-23T17:34:01.383+0800] GC(182) Old regions: 1->1
[2024-08-23T17:34:01.383+0800] GC(182) Archive regions: 0->0
[2024-08-23T17:34:01.383+0800] GC(182) Humongous regions: 425->114
[2024-08-23T17:34:01.383+0800] GC(182) Metaspace: 308K(512K)->308K(512K) NonClass: 300K(384K)->300K(384K) Class: 7K(128K)->7K(128K)
[2024-08-23T17:34:01.383+0800] GC(182) Pause Young (Concurrent Start) (G1 Humongous Allocation) 426M->114M(1024M) 0.986ms
[2024-08-23T17:34:01.383+0800] GC(182) User=0.00s Sys=0.00s Real=0.00s
[2024-08-23T17:34:01.383+0800] GC(183) Concurrent Undo Cycle
[2024-08-23T17:34:01.383+0800] GC(183) Concurrent Cleanup for Next Mark
[2024-08-23T17:34:01.384+0800] GC(183) Concurrent Cleanup for Next Mark 0.947ms
[2024-08-23T17:34:01.384+0800] GC(183) Concurrent Undo Cycle 1.037ms
[2024-08-23T17:34:04.111+0800] GC(184) Pause Young (Concurrent Start) (G1 Humongous Allocation)
[2024-08-23T17:34:04.111+0800] GC(184) Using 6 workers of 6 for evacuation
[2024-08-23T17:34:04.112+0800] GC(184)   Pre Evacuate Collection Set: 0.1ms
[2024-08-23T17:34:04.112+0800] GC(184)   Merge Heap Roots: 0.1ms
[2024-08-23T17:34:04.112+0800] GC(184)   Evacuate Collection Set: 0.2ms
[2024-08-23T17:34:04.112+0800] GC(184)   Post Evacuate Collection Set: 0.4ms
[2024-08-23T17:34:04.112+0800] GC(184)   Other: 0.1ms
[2024-08-23T17:34:04.112+0800] GC(184) Eden regions: 1->0(614)
[2024-08-23T17:34:04.112+0800] GC(184) Survivor regions: 0->0(77)
[2024-08-23T17:34:04.112+0800] GC(184) Old regions: 1->1
[2024-08-23T17:34:04.112+0800] GC(184) Archive regions: 0->0
[2024-08-23T17:34:04.112+0800] GC(184) Humongous regions: 433->29
[2024-08-23T17:34:04.112+0800] GC(184) Metaspace: 308K(512K)->308K(512K) NonClass: 300K(384K)->300K(384K) Class: 7K(128K)->7K(128K)
[2024-08-23T17:34:04.112+0800] GC(184) Pause Young (Concurrent Start) (G1 Humongous Allocation) 434M->29M(1024M) 0.993ms
[2024-08-23T17:34:04.112+0800] GC(184) User=0.00s Sys=0.00s Real=0.00s
[2024-08-23T17:34:04.112+0800] GC(185) Concurrent Undo Cycle
[2024-08-23T17:34:04.112+0800] GC(185) Concurrent Cleanup for Next Mark
[2024-08-23T17:34:04.113+0800] GC(185) Concurrent Cleanup for Next Mark 1.055ms
[2024-08-23T17:34:04.113+0800] GC(185) Concurrent Undo Cycle 1.151ms
[2024-08-23T17:34:06.843+0800] GC(186) Pause Young (Concurrent Start) (G1 Humongous Allocation)
[2024-08-23T17:34:06.843+0800] GC(186) Using 6 workers of 6 for evacuation
[2024-08-23T17:34:06.844+0800] GC(186)   Pre Evacuate Collection Set: 0.1ms
[2024-08-23T17:34:06.844+0800] GC(186)   Merge Heap Roots: 0.1ms
[2024-08-23T17:34:06.844+0800] GC(186)   Evacuate Collection Set: 0.1ms
[2024-08-23T17:34:06.844+0800] GC(186)   Post Evacuate Collection Set: 0.4ms
[2024-08-23T17:34:06.844+0800] GC(186)   Other: 0.1ms
[2024-08-23T17:34:06.844+0800] GC(186) Eden regions: 1->0(614)
[2024-08-23T17:34:06.844+0800] GC(186) Survivor regions: 0->0(77)
[2024-08-23T17:34:06.844+0800] GC(186) Old regions: 1->1
[2024-08-23T17:34:06.844+0800] GC(186) Archive regions: 0->0
[2024-08-23T17:34:06.844+0800] GC(186) Humongous regions: 448->11
[2024-08-23T17:34:06.844+0800] GC(186) Metaspace: 308K(512K)->308K(512K) NonClass: 300K(384K)->300K(384K) Class: 7K(128K)->7K(128K)
[2024-08-23T17:34:06.844+0800] GC(186) Pause Young (Concurrent Start) (G1 Humongous Allocation) 449M->11M(1024M) 0.924ms
[2024-08-23T17:34:06.844+0800] GC(186) User=0.00s Sys=0.00s Real=0.00s
[2024-08-23T17:34:06.844+0800] GC(187) Concurrent Undo Cycle
[2024-08-23T17:34:06.844+0800] GC(187) Concurrent Cleanup for Next Mark
[2024-08-23T17:34:06.845+0800] GC(187) Concurrent Cleanup for Next Mark 0.851ms
[2024-08-23T17:34:06.845+0800] GC(187) Concurrent Undo Cycle 0.943ms
[2024-08-23T17:34:09.467+0800] GC(188) Pause Young (Concurrent Start) (G1 Humongous Allocation)
[2024-08-23T17:34:09.467+0800] GC(188) Using 6 workers of 6 for evacuation
[2024-08-23T17:34:09.468+0800] GC(188)   Pre Evacuate Collection Set: 0.1ms
[2024-08-23T17:34:09.468+0800] GC(188)   Merge Heap Roots: 0.1ms
[2024-08-23T17:34:09.468+0800] GC(188)   Evacuate Collection Set: 0.1ms
[2024-08-23T17:34:09.468+0800] GC(188)   Post Evacuate Collection Set: 0.4ms
[2024-08-23T17:34:09.468+0800] GC(188)   Other: 0.1ms
[2024-08-23T17:34:09.468+0800] GC(188) Eden regions: 1->0(614)
[2024-08-23T17:34:09.468+0800] GC(188) Survivor regions: 0->0(77)
[2024-08-23T17:34:09.468+0800] GC(188) Old regions: 1->1
[2024-08-23T17:34:09.468+0800] GC(188) Archive regions: 0->0
[2024-08-23T17:34:09.468+0800] GC(188) Humongous regions: 459->50
[2024-08-23T17:34:09.468+0800] GC(188) Metaspace: 308K(512K)->308K(512K) NonClass: 300K(384K)->300K(384K) Class: 7K(128K)->7K(128K)
[2024-08-23T17:34:09.468+0800] GC(188) Pause Young (Concurrent Start) (G1 Humongous Allocation) 460M->50M(1024M) 1.047ms
[2024-08-23T17:34:09.468+0800] GC(188) User=0.00s Sys=0.00s Real=0.00s
[2024-08-23T17:34:09.468+0800] GC(189) Concurrent Undo Cycle
[2024-08-23T17:34:09.468+0800] GC(189) Concurrent Cleanup for Next Mark
[2024-08-23T17:34:09.469+0800] GC(189) Concurrent Cleanup for Next Mark 0.906ms
[2024-08-23T17:34:09.469+0800] GC(189) Concurrent Undo Cycle 0.975ms
[2024-08-23T17:34:12.635+0800] GC(190) Pause Young (Concurrent Start) (G1 Humongous Allocation)
[2024-08-23T17:34:12.635+0800] GC(190) Using 6 workers of 6 for evacuation
[2024-08-23T17:34:12.635+0800] GC(190)   Pre Evacuate Collection Set: 0.1ms
[2024-08-23T17:34:12.635+0800] GC(190)   Merge Heap Roots: 0.1ms
[2024-08-23T17:34:12.635+0800] GC(190)   Evacuate Collection Set: 0.1ms
[2024-08-23T17:34:12.635+0800] GC(190)   Post Evacuate Collection Set: 0.4ms
[2024-08-23T17:34:12.635+0800] GC(190)   Other: 0.1ms
[2024-08-23T17:34:12.635+0800] GC(190) Eden regions: 1->0(614)
[2024-08-23T17:34:12.635+0800] GC(190) Survivor regions: 0->0(77)
[2024-08-23T17:34:12.635+0800] GC(190) Old regions: 1->1
[2024-08-23T17:34:12.635+0800] GC(190) Archive regions: 0->0
[2024-08-23T17:34:12.635+0800] GC(190) Humongous regions: 446->134
[2024-08-23T17:34:12.635+0800] GC(190) Metaspace: 308K(512K)->308K(512K) NonClass: 300K(384K)->300K(384K) Class: 7K(128K)->7K(128K)
[2024-08-23T17:34:12.636+0800] GC(190) Pause Young (Concurrent Start) (G1 Humongous Allocation) 447M->134M(1024M) 0.871ms
[2024-08-23T17:34:12.636+0800] GC(190) User=0.00s Sys=0.00s Real=0.00s
[2024-08-23T17:34:12.636+0800] GC(191) Concurrent Undo Cycle
[2024-08-23T17:34:12.636+0800] GC(191) Concurrent Cleanup for Next Mark
[2024-08-23T17:34:12.637+0800] GC(191) Concurrent Cleanup for Next Mark 1.203ms
[2024-08-23T17:34:12.637+0800] GC(191) Concurrent Undo Cycle 1.305ms
[2024-08-23T17:34:15.582+0800] GC(192) Pause Young (Concurrent Start) (G1 Humongous Allocation)
[2024-08-23T17:34:15.582+0800] GC(192) Using 6 workers of 6 for evacuation
[2024-08-23T17:34:15.582+0800] GC(192)   Pre Evacuate Collection Set: 0.1ms
[2024-08-23T17:34:15.582+0800] GC(192)   Merge Heap Roots: 0.1ms
[2024-08-23T17:34:15.582+0800] GC(192)   Evacuate Collection Set: 0.1ms
[2024-08-23T17:34:15.582+0800] GC(192)   Post Evacuate Collection Set: 0.4ms
[2024-08-23T17:34:15.583+0800] GC(192)   Other: 0.1ms
[2024-08-23T17:34:15.583+0800] GC(192) Eden regions: 1->0(614)
[2024-08-23T17:34:15.583+0800] GC(192) Survivor regions: 0->0(77)
[2024-08-23T17:34:15.583+0800] GC(192) Old regions: 1->1
[2024-08-23T17:34:15.583+0800] GC(192) Archive regions: 0->0
[2024-08-23T17:34:15.583+0800] GC(192) Humongous regions: 460->64
[2024-08-23T17:34:15.583+0800] GC(192) Metaspace: 308K(512K)->308K(512K) NonClass: 300K(384K)->300K(384K) Class: 7K(128K)->7K(128K)
[2024-08-23T17:34:15.583+0800] GC(192) Pause Young (Concurrent Start) (G1 Humongous Allocation) 461M->64M(1024M) 0.911ms
[2024-08-23T17:34:15.583+0800] GC(192) User=0.00s Sys=0.00s Real=0.00s
[2024-08-23T17:34:15.583+0800] GC(193) Concurrent Undo Cycle
[2024-08-23T17:34:15.583+0800] GC(193) Concurrent Cleanup for Next Mark
[2024-08-23T17:34:15.584+0800] GC(193) Concurrent Cleanup for Next Mark 0.982ms
[2024-08-23T17:34:15.584+0800] GC(193) Concurrent Undo Cycle 1.068ms
[2024-08-23T17:34:18.309+0800] GC(194) Pause Young (Concurrent Start) (G1 Humongous Allocation)
[2024-08-23T17:34:18.309+0800] GC(194) Using 6 workers of 6 for evacuation
[2024-08-23T17:34:18.310+0800] GC(194)   Pre Evacuate Collection Set: 0.1ms
[2024-08-23T17:34:18.310+0800] GC(194)   Merge Heap Roots: 0.1ms
[2024-08-23T17:34:18.310+0800] GC(194)   Evacuate Collection Set: 0.2ms
[2024-08-23T17:34:18.310+0800] GC(194)   Post Evacuate Collection Set: 0.4ms
[2024-08-23T17:34:18.310+0800] GC(194)   Other: 0.1ms
[2024-08-23T17:34:18.310+0800] GC(194) Eden regions: 1->0(614)
[2024-08-23T17:34:18.310+0800] GC(194) Survivor regions: 0->0(77)
[2024-08-23T17:34:18.310+0800] GC(194) Old regions: 1->1
[2024-08-23T17:34:18.310+0800] GC(194) Archive regions: 0->0
[2024-08-23T17:34:18.310+0800] GC(194) Humongous regions: 448->21
[2024-08-23T17:34:18.310+0800] GC(194) Metaspace: 308K(512K)->308K(512K) NonClass: 300K(384K)->300K(384K) Class: 7K(128K)->7K(128K)
[2024-08-23T17:34:18.310+0800] GC(194) Pause Young (Concurrent Start) (G1 Humongous Allocation) 449M->21M(1024M) 0.998ms
[2024-08-23T17:34:18.310+0800] GC(194) User=0.00s Sys=0.00s Real=0.00s
[2024-08-23T17:34:18.310+0800] GC(195) Concurrent Undo Cycle
[2024-08-23T17:34:18.310+0800] GC(195) Concurrent Cleanup for Next Mark
[2024-08-23T17:34:18.311+0800] GC(195) Concurrent Cleanup for Next Mark 1.230ms
[2024-08-23T17:34:18.311+0800] GC(195) Concurrent Undo Cycle 1.326ms
[2024-08-23T17:34:20.930+0800] GC(196) Pause Young (Concurrent Start) (G1 Humongous Allocation)
[2024-08-23T17:34:20.930+0800] GC(196) Using 6 workers of 6 for evacuation
[2024-08-23T17:34:20.931+0800] GC(196)   Pre Evacuate Collection Set: 0.1ms
[2024-08-23T17:34:20.931+0800] GC(196)   Merge Heap Roots: 0.1ms
[2024-08-23T17:34:20.931+0800] GC(196)   Evacuate Collection Set: 0.2ms
[2024-08-23T17:34:20.931+0800] GC(196)   Post Evacuate Collection Set: 0.5ms
[2024-08-23T17:34:20.931+0800] GC(196)   Other: 0.1ms
[2024-08-23T17:34:20.931+0800] GC(196) Eden regions: 1->0(614)
[2024-08-23T17:34:20.931+0800] GC(196) Survivor regions: 0->0(77)
[2024-08-23T17:34:20.931+0800] GC(196) Old regions: 1->1
[2024-08-23T17:34:20.931+0800] GC(196) Archive regions: 0->0
[2024-08-23T17:34:20.931+0800] GC(196) Humongous regions: 459->95
[2024-08-23T17:34:20.931+0800] GC(196) Metaspace: 308K(512K)->308K(512K) NonClass: 300K(384K)->300K(384K) Class: 7K(128K)->7K(128K)
[2024-08-23T17:34:20.931+0800] GC(196) Pause Young (Concurrent Start) (G1 Humongous Allocation) 460M->95M(1024M) 1.105ms
[2024-08-23T17:34:20.931+0800] GC(196) User=0.00s Sys=0.00s Real=0.00s
[2024-08-23T17:34:20.931+0800] GC(197) Concurrent Undo Cycle
[2024-08-23T17:34:20.931+0800] GC(197) Concurrent Cleanup for Next Mark
[2024-08-23T17:34:20.932+0800] GC(197) Concurrent Cleanup for Next Mark 0.914ms
[2024-08-23T17:34:20.932+0800] GC(197) Concurrent Undo Cycle 0.983ms
[2024-08-23T17:34:22.676+0800] GC(198) Pause Young (Concurrent Start) (G1 Humongous Allocation)
[2024-08-23T17:34:22.676+0800] GC(198) Using 6 workers of 6 for evacuation
[2024-08-23T17:34:22.676+0800] GC(198)   Pre Evacuate Collection Set: 0.1ms
[2024-08-23T17:34:22.676+0800] GC(198)   Merge Heap Roots: 0.1ms
[2024-08-23T17:34:22.676+0800] GC(198)   Evacuate Collection Set: 0.2ms
[2024-08-23T17:34:22.676+0800] GC(198)   Post Evacuate Collection Set: 0.4ms
[2024-08-23T17:34:22.676+0800] GC(198)   Other: 0.1ms
[2024-08-23T17:34:22.676+0800] GC(198) Eden regions: 1->0(614)
[2024-08-23T17:34:22.676+0800] GC(198) Survivor regions: 0->0(77)
[2024-08-23T17:34:22.676+0800] GC(198) Old regions: 1->1
[2024-08-23T17:34:22.676+0800] GC(198) Archive regions: 0->0
[2024-08-23T17:34:22.676+0800] GC(198) Humongous regions: 391->57
[2024-08-23T17:34:22.676+0800] GC(198) Metaspace: 308K(512K)->308K(512K) NonClass: 300K(384K)->300K(384K) Class: 7K(128K)->7K(128K)
[2024-08-23T17:34:22.676+0800] GC(198) Pause Young (Concurrent Start) (G1 Humongous Allocation) 392M->57M(1024M) 0.980ms
[2024-08-23T17:34:22.677+0800] GC(198) User=0.00s Sys=0.00s Real=0.00s
[2024-08-23T17:34:22.677+0800] GC(199) Concurrent Undo Cycle
[2024-08-23T17:34:22.677+0800] GC(199) Concurrent Cleanup for Next Mark
[2024-08-23T17:34:22.678+0800] GC(199) Concurrent Cleanup for Next Mark 1.213ms
[2024-08-23T17:34:22.678+0800] GC(199) Concurrent Undo Cycle 1.299ms
[2024-08-23T17:34:26.054+0800] GC(200) Pause Young (Concurrent Start) (G1 Humongous Allocation)
[2024-08-23T17:34:26.054+0800] GC(200) Using 6 workers of 6 for evacuation
[2024-08-23T17:34:26.055+0800] GC(200)   Pre Evacuate Collection Set: 0.1ms
[2024-08-23T17:34:26.055+0800] GC(200)   Merge Heap Roots: 0.1ms
[2024-08-23T17:34:26.055+0800] GC(200)   Evacuate Collection Set: 0.2ms
[2024-08-23T17:34:26.055+0800] GC(200)   Post Evacuate Collection Set: 0.4ms
[2024-08-23T17:34:26.055+0800] GC(200)   Other: 0.1ms
[2024-08-23T17:34:26.055+0800] GC(200) Eden regions: 1->0(614)
[2024-08-23T17:34:26.055+0800] GC(200) Survivor regions: 0->0(77)
[2024-08-23T17:34:26.055+0800] GC(200) Old regions: 1->1
[2024-08-23T17:34:26.055+0800] GC(200) Archive regions: 0->0
[2024-08-23T17:34:26.055+0800] GC(200) Humongous regions: 458->12
[2024-08-23T17:34:26.055+0800] GC(200) Metaspace: 308K(512K)->308K(512K) NonClass: 300K(384K)->300K(384K) Class: 7K(128K)->7K(128K)
[2024-08-23T17:34:26.055+0800] GC(200) Pause Young (Concurrent Start) (G1 Humongous Allocation) 459M->12M(1024M) 1.006ms
[2024-08-23T17:34:26.055+0800] GC(200) User=0.00s Sys=0.00s Real=0.00s
[2024-08-23T17:34:26.055+0800] GC(201) Concurrent Undo Cycle
[2024-08-23T17:34:26.055+0800] GC(201) Concurrent Cleanup for Next Mark
[2024-08-23T17:34:26.056+0800] GC(201) Concurrent Cleanup for Next Mark 0.699ms
[2024-08-23T17:34:26.056+0800] GC(201) Concurrent Undo Cycle 0.765ms
[2024-08-23T17:34:28.352+0800] GC(202) Pause Young (Concurrent Start) (G1 Humongous Allocation)
[2024-08-23T17:34:28.352+0800] GC(202) Using 6 workers of 6 for evacuation
[2024-08-23T17:34:28.352+0800] GC(202)   Pre Evacuate Collection Set: 0.1ms
[2024-08-23T17:34:28.352+0800] GC(202)   Merge Heap Roots: 0.1ms
[2024-08-23T17:34:28.352+0800] GC(202)   Evacuate Collection Set: 0.1ms
[2024-08-23T17:34:28.352+0800] GC(202)   Post Evacuate Collection Set: 0.3ms
[2024-08-23T17:34:28.352+0800] GC(202)   Other: 0.1ms
[2024-08-23T17:34:28.352+0800] GC(202) Eden regions: 1->0(614)
[2024-08-23T17:34:28.353+0800] GC(202) Survivor regions: 0->0(77)
[2024-08-23T17:34:28.353+0800] GC(202) Old regions: 1->1
[2024-08-23T17:34:28.353+0800] GC(202) Archive regions: 0->0
[2024-08-23T17:34:28.353+0800] GC(202) Humongous regions: 365->95
[2024-08-23T17:34:28.353+0800] GC(202) Metaspace: 308K(512K)->308K(512K) NonClass: 300K(384K)->300K(384K) Class: 7K(128K)->7K(128K)
[2024-08-23T17:34:28.353+0800] GC(202) Pause Young (Concurrent Start) (G1 Humongous Allocation) 366M->95M(1024M) 0.905ms
[2024-08-23T17:34:28.353+0800] GC(202) User=0.00s Sys=0.00s Real=0.00s
[2024-08-23T17:34:28.353+0800] GC(203) Concurrent Undo Cycle
[2024-08-23T17:34:28.353+0800] GC(203) Concurrent Cleanup for Next Mark
[2024-08-23T17:34:28.354+0800] GC(203) Concurrent Cleanup for Next Mark 1.080ms
[2024-08-23T17:34:28.354+0800] GC(203) Concurrent Undo Cycle 1.181ms
[2024-08-23T17:34:30.966+0800] GC(204) Pause Young (Concurrent Start) (G1 Humongous Allocation)
[2024-08-23T17:34:30.966+0800] GC(204) Using 6 workers of 6 for evacuation
[2024-08-23T17:34:30.966+0800] GC(204)   Pre Evacuate Collection Set: 0.1ms
[2024-08-23T17:34:30.966+0800] GC(204)   Merge Heap Roots: 0.1ms
[2024-08-23T17:34:30.966+0800] GC(204)   Evacuate Collection Set: 0.1ms
[2024-08-23T17:34:30.966+0800] GC(204)   Post Evacuate Collection Set: 0.4ms
[2024-08-23T17:34:30.966+0800] GC(204)   Other: 0.1ms
[2024-08-23T17:34:30.966+0800] GC(204) Eden regions: 1->0(614)
[2024-08-23T17:34:30.966+0800] GC(204) Survivor regions: 0->0(77)
[2024-08-23T17:34:30.966+0800] GC(204) Old regions: 1->1
[2024-08-23T17:34:30.966+0800] GC(204) Archive regions: 0->0
[2024-08-23T17:34:30.966+0800] GC(204) Humongous regions: 453->68
[2024-08-23T17:34:30.966+0800] GC(204) Metaspace: 308K(512K)->308K(512K) NonClass: 300K(384K)->300K(384K) Class: 7K(128K)->7K(128K)
[2024-08-23T17:34:30.966+0800] GC(204) Pause Young (Concurrent Start) (G1 Humongous Allocation) 454M->68M(1024M) 0.865ms
[2024-08-23T17:34:30.966+0800] GC(204) User=0.00s Sys=0.00s Real=0.00s
[2024-08-23T17:34:30.966+0800] GC(205) Concurrent Undo Cycle
[2024-08-23T17:34:30.966+0800] GC(205) Concurrent Cleanup for Next Mark
[2024-08-23T17:34:30.967+0800] GC(205) Concurrent Cleanup for Next Mark 1.044ms
[2024-08-23T17:34:30.967+0800] GC(205) Concurrent Undo Cycle 1.133ms
[2024-08-23T17:34:32.606+0800] GC(206) Pause Young (Concurrent Start) (G1 Humongous Allocation)
[2024-08-23T17:34:32.606+0800] GC(206) Using 6 workers of 6 for evacuation
[2024-08-23T17:34:32.606+0800] GC(206)   Pre Evacuate Collection Set: 0.1ms
[2024-08-23T17:34:32.606+0800] GC(206)   Merge Heap Roots: 0.1ms
[2024-08-23T17:34:32.606+0800] GC(206)   Evacuate Collection Set: 0.1ms
[2024-08-23T17:34:32.606+0800] GC(206)   Post Evacuate Collection Set: 0.3ms
[2024-08-23T17:34:32.606+0800] GC(206)   Other: 0.1ms
[2024-08-23T17:34:32.606+0800] GC(206) Eden regions: 1->0(614)
[2024-08-23T17:34:32.606+0800] GC(206) Survivor regions: 0->0(77)
[2024-08-23T17:34:32.606+0800] GC(206) Old regions: 1->1
[2024-08-23T17:34:32.607+0800] GC(206) Archive regions: 0->0
[2024-08-23T17:34:32.607+0800] GC(206) Humongous regions: 375->215
[2024-08-23T17:34:32.607+0800] GC(206) Metaspace: 308K(512K)->308K(512K) NonClass: 300K(384K)->300K(384K) Class: 7K(128K)->7K(128K)
[2024-08-23T17:34:32.607+0800] GC(206) Pause Young (Concurrent Start) (G1 Humongous Allocation) 376M->215M(1024M) 0.853ms
[2024-08-23T17:34:32.607+0800] GC(206) User=0.00s Sys=0.00s Real=0.00s
[2024-08-23T17:34:32.607+0800] GC(207) Concurrent Undo Cycle
[2024-08-23T17:34:32.607+0800] GC(207) Concurrent Cleanup for Next Mark
[2024-08-23T17:34:32.608+0800] GC(207) Concurrent Cleanup for Next Mark 1.043ms
[2024-08-23T17:34:32.608+0800] GC(207) Concurrent Undo Cycle 1.150ms
[2024-08-23T17:34:34.028+0800] GC(208) Pause Young (Concurrent Start) (G1 Humongous Allocation)
[2024-08-23T17:34:34.028+0800] GC(208) Using 6 workers of 6 for evacuation
[2024-08-23T17:34:34.029+0800] GC(208)   Pre Evacuate Collection Set: 0.1ms
[2024-08-23T17:34:34.029+0800] GC(208)   Merge Heap Roots: 0.1ms
[2024-08-23T17:34:34.029+0800] GC(208)   Evacuate Collection Set: 0.1ms
[2024-08-23T17:34:34.029+0800] GC(208)   Post Evacuate Collection Set: 0.4ms
[2024-08-23T17:34:34.029+0800] GC(208)   Other: 0.2ms
[2024-08-23T17:34:34.029+0800] GC(208) Eden regions: 1->0(614)
[2024-08-23T17:34:34.029+0800] GC(208) Survivor regions: 0->0(77)
[2024-08-23T17:34:34.029+0800] GC(208) Old regions: 1->1
[2024-08-23T17:34:34.029+0800] GC(208) Archive regions: 0->0
[2024-08-23T17:34:34.029+0800] GC(208) Humongous regions: 424->57
[2024-08-23T17:34:34.029+0800] GC(208) Metaspace: 308K(512K)->308K(512K) NonClass: 300K(384K)->300K(384K) Class: 7K(128K)->7K(128K)
[2024-08-23T17:34:34.029+0800] GC(208) Pause Young (Concurrent Start) (G1 Humongous Allocation) 425M->57M(1024M) 0.970ms
[2024-08-23T17:34:34.029+0800] GC(208) User=0.00s Sys=0.00s Real=0.00s
[2024-08-23T17:34:34.029+0800] GC(209) Concurrent Undo Cycle
[2024-08-23T17:34:34.029+0800] GC(209) Concurrent Cleanup for Next Mark
[2024-08-23T17:34:34.030+0800] GC(209) Concurrent Cleanup for Next Mark 0.958ms
[2024-08-23T17:34:34.030+0800] GC(209) Concurrent Undo Cycle 1.037ms
[2024-08-23T17:34:37.193+0800] GC(210) Pause Young (Concurrent Start) (G1 Humongous Allocation)
[2024-08-23T17:34:37.193+0800] GC(210) Using 6 workers of 6 for evacuation
[2024-08-23T17:34:37.194+0800] GC(210)   Pre Evacuate Collection Set: 0.1ms
[2024-08-23T17:34:37.194+0800] GC(210)   Merge Heap Roots: 0.1ms
[2024-08-23T17:34:37.194+0800] GC(210)   Evacuate Collection Set: 0.1ms
[2024-08-23T17:34:37.194+0800] GC(210)   Post Evacuate Collection Set: 0.4ms
[2024-08-23T17:34:37.194+0800] GC(210)   Other: 0.1ms
[2024-08-23T17:34:37.194+0800] GC(210) Eden regions: 1->0(614)
[2024-08-23T17:34:37.194+0800] GC(210) Survivor regions: 0->0(77)
[2024-08-23T17:34:37.194+0800] GC(210) Old regions: 1->1
[2024-08-23T17:34:37.194+0800] GC(210) Archive regions: 0->0
[2024-08-23T17:34:37.194+0800] GC(210) Humongous regions: 455->11
[2024-08-23T17:34:37.194+0800] GC(210) Metaspace: 308K(512K)->308K(512K) NonClass: 300K(384K)->300K(384K) Class: 7K(128K)->7K(128K)
[2024-08-23T17:34:37.194+0800] GC(210) Pause Young (Concurrent Start) (G1 Humongous Allocation) 456M->11M(1024M) 0.893ms
[2024-08-23T17:34:37.194+0800] GC(210) User=0.00s Sys=0.00s Real=0.00s
[2024-08-23T17:34:37.194+0800] GC(211) Concurrent Undo Cycle
[2024-08-23T17:34:37.194+0800] GC(211) Concurrent Cleanup for Next Mark
[2024-08-23T17:34:37.194+0800] GC(211) Concurrent Cleanup for Next Mark 0.705ms
[2024-08-23T17:34:37.195+0800] GC(211) Concurrent Undo Cycle 0.794ms
[2024-08-23T17:34:39.702+0800] GC(212) Pause Young (Concurrent Start) (G1 Humongous Allocation)
[2024-08-23T17:34:39.702+0800] GC(212) Using 6 workers of 6 for evacuation
[2024-08-23T17:34:39.702+0800] GC(212)   Pre Evacuate Collection Set: 0.1ms
[2024-08-23T17:34:39.702+0800] GC(212)   Merge Heap Roots: 0.1ms
[2024-08-23T17:34:39.703+0800] GC(212)   Evacuate Collection Set: 0.1ms
[2024-08-23T17:34:39.703+0800] GC(212)   Post Evacuate Collection Set: 0.4ms
[2024-08-23T17:34:39.703+0800] GC(212)   Other: 0.1ms
[2024-08-23T17:34:39.703+0800] GC(212) Eden regions: 1->0(614)
[2024-08-23T17:34:39.703+0800] GC(212) Survivor regions: 0->0(77)
[2024-08-23T17:34:39.703+0800] GC(212) Old regions: 1->1
[2024-08-23T17:34:39.703+0800] GC(212) Archive regions: 0->0
[2024-08-23T17:34:39.703+0800] GC(212) Humongous regions: 376->84
[2024-08-23T17:34:39.703+0800] GC(212) Metaspace: 308K(512K)->308K(512K) NonClass: 300K(384K)->300K(384K) Class: 7K(128K)->7K(128K)
[2024-08-23T17:34:39.703+0800] GC(212) Pause Young (Concurrent Start) (G1 Humongous Allocation) 377M->84M(1024M) 0.896ms
[2024-08-23T17:34:39.703+0800] GC(212) User=0.00s Sys=0.00s Real=0.00s
[2024-08-23T17:34:39.703+0800] GC(213) Concurrent Undo Cycle
[2024-08-23T17:34:39.703+0800] GC(213) Concurrent Cleanup for Next Mark
[2024-08-23T17:34:39.704+0800] GC(213) Concurrent Cleanup for Next Mark 0.989ms
[2024-08-23T17:34:39.704+0800] GC(213) Concurrent Undo Cycle 1.074ms
[2024-08-23T17:34:42.442+0800] GC(214) Pause Young (Concurrent Start) (G1 Humongous Allocation)
[2024-08-23T17:34:42.442+0800] GC(214) Using 6 workers of 6 for evacuation
[2024-08-23T17:34:42.442+0800] GC(214)   Pre Evacuate Collection Set: 0.1ms
[2024-08-23T17:34:42.442+0800] GC(214)   Merge Heap Roots: 0.1ms
[2024-08-23T17:34:42.442+0800] GC(214)   Evacuate Collection Set: 0.1ms
[2024-08-23T17:34:42.442+0800] GC(214)   Post Evacuate Collection Set: 0.3ms
[2024-08-23T17:34:42.442+0800] GC(214)   Other: 0.1ms
[2024-08-23T17:34:42.442+0800] GC(214) Eden regions: 1->0(614)
[2024-08-23T17:34:42.443+0800] GC(214) Survivor regions: 0->0(77)
[2024-08-23T17:34:42.443+0800] GC(214) Old regions: 1->1
[2024-08-23T17:34:42.443+0800] GC(214) Archive regions: 0->0
[2024-08-23T17:34:42.443+0800] GC(214) Humongous regions: 448->128
[2024-08-23T17:34:42.443+0800] GC(214) Metaspace: 308K(512K)->308K(512K) NonClass: 300K(384K)->300K(384K) Class: 7K(128K)->7K(128K)
[2024-08-23T17:34:42.443+0800] GC(214) Pause Young (Concurrent Start) (G1 Humongous Allocation) 449M->128M(1024M) 0.781ms
[2024-08-23T17:34:42.443+0800] GC(214) User=0.00s Sys=0.00s Real=0.00s
[2024-08-23T17:34:42.443+0800] GC(215) Concurrent Undo Cycle
[2024-08-23T17:34:42.443+0800] GC(215) Concurrent Cleanup for Next Mark
[2024-08-23T17:34:42.444+0800] GC(215) Concurrent Cleanup for Next Mark 1.179ms
[2024-08-23T17:34:42.444+0800] GC(215) Concurrent Undo Cycle 1.260ms
[2024-08-23T17:34:43.970+0800] GC(216) Pause Young (Concurrent Start) (G1 Humongous Allocation)
[2024-08-23T17:34:43.970+0800] GC(216) Using 6 workers of 6 for evacuation
[2024-08-23T17:34:43.970+0800] GC(216)   Pre Evacuate Collection Set: 0.1ms
[2024-08-23T17:34:43.970+0800] GC(216)   Merge Heap Roots: 0.1ms
[2024-08-23T17:34:43.970+0800] GC(216)   Evacuate Collection Set: 0.1ms
[2024-08-23T17:34:43.970+0800] GC(216)   Post Evacuate Collection Set: 0.3ms
[2024-08-23T17:34:43.970+0800] GC(216)   Other: 0.1ms
[2024-08-23T17:34:43.970+0800] GC(216) Eden regions: 1->0(614)
[2024-08-23T17:34:43.970+0800] GC(216) Survivor regions: 0->0(77)
[2024-08-23T17:34:43.970+0800] GC(216) Old regions: 1->1
[2024-08-23T17:34:43.970+0800] GC(216) Archive regions: 0->0
[2024-08-23T17:34:43.970+0800] GC(216) Humongous regions: 414->166
[2024-08-23T17:34:43.970+0800] GC(216) Metaspace: 308K(512K)->308K(512K) NonClass: 300K(384K)->300K(384K) Class: 7K(128K)->7K(128K)
[2024-08-23T17:34:43.970+0800] GC(216) Pause Young (Concurrent Start) (G1 Humongous Allocation) 415M->166M(1024M) 0.801ms
[2024-08-23T17:34:43.970+0800] GC(216) User=0.00s Sys=0.00s Real=0.00s
[2024-08-23T17:34:43.970+0800] GC(217) Concurrent Undo Cycle
[2024-08-23T17:34:43.970+0800] GC(217) Concurrent Cleanup for Next Mark
[2024-08-23T17:34:43.971+0800] GC(217) Concurrent Cleanup for Next Mark 1.111ms
[2024-08-23T17:34:43.972+0800] GC(217) Concurrent Undo Cycle 1.214ms
[2024-08-23T17:34:45.390+0800] GC(218) Pause Young (Concurrent Start) (G1 Humongous Allocation)
[2024-08-23T17:34:45.390+0800] GC(218) Using 6 workers of 6 for evacuation
[2024-08-23T17:34:45.390+0800] GC(218)   Pre Evacuate Collection Set: 0.1ms
[2024-08-23T17:34:45.390+0800] GC(218)   Merge Heap Roots: 0.1ms
[2024-08-23T17:34:45.390+0800] GC(218)   Evacuate Collection Set: 0.1ms
[2024-08-23T17:34:45.390+0800] GC(218)   Post Evacuate Collection Set: 0.3ms
[2024-08-23T17:34:45.390+0800] GC(218)   Other: 0.1ms
[2024-08-23T17:34:45.390+0800] GC(218) Eden regions: 1->0(614)
[2024-08-23T17:34:45.391+0800] GC(218) Survivor regions: 0->0(77)
[2024-08-23T17:34:45.391+0800] GC(218) Old regions: 1->1
[2024-08-23T17:34:45.391+0800] GC(218) Archive regions: 0->0
[2024-08-23T17:34:45.391+0800] GC(218) Humongous regions: 371->62
[2024-08-23T17:34:45.391+0800] GC(218) Metaspace: 308K(512K)->308K(512K) NonClass: 300K(384K)->300K(384K) Class: 7K(128K)->7K(128K)
[2024-08-23T17:34:45.391+0800] GC(218) Pause Young (Concurrent Start) (G1 Humongous Allocation) 372M->62M(1024M) 0.813ms
[2024-08-23T17:34:45.391+0800] GC(218) User=0.00s Sys=0.00s Real=0.00s
[2024-08-23T17:34:45.391+0800] GC(219) Concurrent Undo Cycle
[2024-08-23T17:34:45.391+0800] GC(219) Concurrent Cleanup for Next Mark
[2024-08-23T17:34:45.392+0800] GC(219) Concurrent Cleanup for Next Mark 1.023ms
[2024-08-23T17:34:45.392+0800] GC(219) Concurrent Undo Cycle 1.108ms
[2024-08-23T17:34:48.007+0800] GC(220) Pause Young (Concurrent Start) (G1 Humongous Allocation)
[2024-08-23T17:34:48.007+0800] GC(220) Using 6 workers of 6 for evacuation
[2024-08-23T17:34:48.007+0800] GC(220)   Pre Evacuate Collection Set: 0.1ms
[2024-08-23T17:34:48.007+0800] GC(220)   Merge Heap Roots: 0.1ms
[2024-08-23T17:34:48.007+0800] GC(220)   Evacuate Collection Set: 0.2ms
[2024-08-23T17:34:48.007+0800] GC(220)   Post Evacuate Collection Set: 0.3ms
[2024-08-23T17:34:48.007+0800] GC(220)   Other: 0.1ms
[2024-08-23T17:34:48.007+0800] GC(220) Eden regions: 1->0(614)
[2024-08-23T17:34:48.007+0800] GC(220) Survivor regions: 0->0(77)
[2024-08-23T17:34:48.007+0800] GC(220) Old regions: 1->1
[2024-08-23T17:34:48.007+0800] GC(220) Archive regions: 0->0
[2024-08-23T17:34:48.007+0800] GC(220) Humongous regions: 460->45
[2024-08-23T17:34:48.007+0800] GC(220) Metaspace: 308K(512K)->308K(512K) NonClass: 300K(384K)->300K(384K) Class: 7K(128K)->7K(128K)
[2024-08-23T17:34:48.007+0800] GC(220) Pause Young (Concurrent Start) (G1 Humongous Allocation) 461M->45M(1024M) 0.844ms
[2024-08-23T17:34:48.007+0800] GC(220) User=0.00s Sys=0.00s Real=0.00s
[2024-08-23T17:34:48.008+0800] GC(221) Concurrent Undo Cycle
[2024-08-23T17:34:48.008+0800] GC(221) Concurrent Cleanup for Next Mark
[2024-08-23T17:34:48.009+0800] GC(221) Concurrent Cleanup for Next Mark 1.162ms
[2024-08-23T17:34:48.009+0800] GC(221) Concurrent Undo Cycle 1.253ms
[2024-08-23T17:34:51.069+0800] GC(222) Pause Young (Concurrent Start) (G1 Humongous Allocation)
[2024-08-23T17:34:51.069+0800] GC(222) Using 6 workers of 6 for evacuation
[2024-08-23T17:34:51.069+0800] GC(222)   Pre Evacuate Collection Set: 0.1ms
[2024-08-23T17:34:51.069+0800] GC(222)   Merge Heap Roots: 0.0ms
[2024-08-23T17:34:51.069+0800] GC(222)   Evacuate Collection Set: 0.2ms
[2024-08-23T17:34:51.069+0800] GC(222)   Post Evacuate Collection Set: 0.4ms
[2024-08-23T17:34:51.069+0800] GC(222)   Other: 0.1ms
[2024-08-23T17:34:51.069+0800] GC(222) Eden regions: 1->0(613)
[2024-08-23T17:34:51.069+0800] GC(222) Survivor regions: 0->1(77)
[2024-08-23T17:34:51.069+0800] GC(222) Old regions: 1->1
[2024-08-23T17:34:51.069+0800] GC(222) Archive regions: 0->0
[2024-08-23T17:34:51.069+0800] GC(222) Humongous regions: 425->114
[2024-08-23T17:34:51.069+0800] GC(222) Metaspace: 308K(512K)->308K(512K) NonClass: 300K(384K)->300K(384K) Class: 7K(128K)->7K(128K)
[2024-08-23T17:34:51.069+0800] GC(222) Pause Young (Concurrent Start) (G1 Humongous Allocation) 426M->114M(1024M) 0.902ms
[2024-08-23T17:34:51.069+0800] GC(222) User=0.00s Sys=0.00s Real=0.00s
[2024-08-23T17:34:51.069+0800] GC(223) Concurrent Undo Cycle
[2024-08-23T17:34:51.069+0800] GC(223) Concurrent Cleanup for Next Mark
[2024-08-23T17:34:51.070+0800] GC(223) Concurrent Cleanup for Next Mark 1.234ms
[2024-08-23T17:34:51.070+0800] GC(223) Concurrent Undo Cycle 1.335ms
[2024-08-23T17:34:53.796+0800] GC(224) Pause Young (Concurrent Start) (G1 Humongous Allocation)
[2024-08-23T17:34:53.796+0800] GC(224) Using 6 workers of 6 for evacuation
[2024-08-23T17:34:53.796+0800] GC(224)   Pre Evacuate Collection Set: 0.1ms
[2024-08-23T17:34:53.796+0800] GC(224)   Merge Heap Roots: 0.1ms
[2024-08-23T17:34:53.796+0800] GC(224)   Evacuate Collection Set: 0.1ms
[2024-08-23T17:34:53.796+0800] GC(224)   Post Evacuate Collection Set: 0.2ms
[2024-08-23T17:34:53.796+0800] GC(224)   Other: 0.1ms
[2024-08-23T17:34:53.796+0800] GC(224) Eden regions: 1->0(613)
[2024-08-23T17:34:53.796+0800] GC(224) Survivor regions: 1->1(77)
[2024-08-23T17:34:53.796+0800] GC(224) Old regions: 1->1
[2024-08-23T17:34:53.796+0800] GC(224) Archive regions: 0->0
[2024-08-23T17:34:53.796+0800] GC(224) Humongous regions: 433->29
[2024-08-23T17:34:53.796+0800] GC(224) Metaspace: 308K(512K)->308K(512K) NonClass: 300K(384K)->300K(384K) Class: 7K(128K)->7K(128K)
[2024-08-23T17:34:53.796+0800] GC(224) Pause Young (Concurrent Start) (G1 Humongous Allocation) 434M->29M(1024M) 0.756ms
[2024-08-23T17:34:53.796+0800] GC(224) User=0.00s Sys=0.00s Real=0.00s
[2024-08-23T17:34:53.796+0800] GC(225) Concurrent Undo Cycle
[2024-08-23T17:34:53.796+0800] GC(225) Concurrent Cleanup for Next Mark
[2024-08-23T17:34:53.797+0800] GC(225) Concurrent Cleanup for Next Mark 1.231ms
[2024-08-23T17:34:53.797+0800] GC(225) Concurrent Undo Cycle 1.318ms
[2024-08-23T17:34:56.519+0800] GC(226) Pause Young (Concurrent Start) (G1 Humongous Allocation)
[2024-08-23T17:34:56.519+0800] GC(226) Using 6 workers of 6 for evacuation
[2024-08-23T17:34:56.519+0800] GC(226)   Pre Evacuate Collection Set: 0.1ms
[2024-08-23T17:34:56.519+0800] GC(226)   Merge Heap Roots: 0.1ms
[2024-08-23T17:34:56.519+0800] GC(226)   Evacuate Collection Set: 0.2ms
[2024-08-23T17:34:56.519+0800] GC(226)   Post Evacuate Collection Set: 0.3ms
[2024-08-23T17:34:56.519+0800] GC(226)   Other: 0.1ms
[2024-08-23T17:34:56.519+0800] GC(226) Eden regions: 1->0(613)
[2024-08-23T17:34:56.519+0800] GC(226) Survivor regions: 1->1(77)
[2024-08-23T17:34:56.519+0800] GC(226) Old regions: 1->1
[2024-08-23T17:34:56.519+0800] GC(226) Archive regions: 0->0
[2024-08-23T17:34:56.519+0800] GC(226) Humongous regions: 448->11
[2024-08-23T17:34:56.519+0800] GC(226) Metaspace: 308K(512K)->308K(512K) NonClass: 300K(384K)->300K(384K) Class: 7K(128K)->7K(128K)
[2024-08-23T17:34:56.519+0800] GC(226) Pause Young (Concurrent Start) (G1 Humongous Allocation) 449M->11M(1024M) 0.940ms
[2024-08-23T17:34:56.519+0800] GC(226) User=0.00s Sys=0.00s Real=0.00s
[2024-08-23T17:34:56.519+0800] GC(227) Concurrent Undo Cycle
[2024-08-23T17:34:56.519+0800] GC(227) Concurrent Cleanup for Next Mark
[2024-08-23T17:34:56.520+0800] GC(227) Concurrent Cleanup for Next Mark 0.968ms
[2024-08-23T17:34:56.520+0800] GC(227) Concurrent Undo Cycle 1.057ms
[2024-08-23T17:34:59.139+0800] GC(228) Pause Young (Concurrent Start) (G1 Humongous Allocation)
[2024-08-23T17:34:59.139+0800] GC(228) Using 6 workers of 6 for evacuation
[2024-08-23T17:34:59.140+0800] GC(228)   Pre Evacuate Collection Set: 0.1ms
[2024-08-23T17:34:59.140+0800] GC(228)   Merge Heap Roots: 0.1ms
[2024-08-23T17:34:59.140+0800] GC(228)   Evacuate Collection Set: 0.2ms
[2024-08-23T17:34:59.140+0800] GC(228)   Post Evacuate Collection Set: 0.5ms
[2024-08-23T17:34:59.140+0800] GC(228)   Other: 0.1ms
[2024-08-23T17:34:59.140+0800] GC(228) Eden regions: 1->0(613)
[2024-08-23T17:34:59.140+0800] GC(228) Survivor regions: 1->1(77)
[2024-08-23T17:34:59.140+0800] GC(228) Old regions: 1->1
[2024-08-23T17:34:59.140+0800] GC(228) Archive regions: 0->0
[2024-08-23T17:34:59.140+0800] GC(228) Humongous regions: 459->50
[2024-08-23T17:34:59.140+0800] GC(228) Metaspace: 308K(512K)->308K(512K) NonClass: 300K(384K)->300K(384K) Class: 7K(128K)->7K(128K)
[2024-08-23T17:34:59.140+0800] GC(228) Pause Young (Concurrent Start) (G1 Humongous Allocation) 460M->50M(1024M) 1.006ms
[2024-08-23T17:34:59.140+0800] GC(228) User=0.00s Sys=0.00s Real=0.00s
[2024-08-23T17:34:59.140+0800] GC(229) Concurrent Undo Cycle
[2024-08-23T17:34:59.140+0800] GC(229) Concurrent Cleanup for Next Mark
[2024-08-23T17:34:59.140+0800] GC(229) Concurrent Cleanup for Next Mark 0.771ms
[2024-08-23T17:34:59.140+0800] GC(229) Concurrent Undo Cycle 0.840ms
[2024-08-23T17:35:02.296+0800] GC(230) Pause Young (Concurrent Start) (G1 Humongous Allocation)
[2024-08-23T17:35:02.296+0800] GC(230) Using 6 workers of 6 for evacuation
[2024-08-23T17:35:02.297+0800] GC(230)   Pre Evacuate Collection Set: 0.1ms
[2024-08-23T17:35:02.297+0800] GC(230)   Merge Heap Roots: 0.1ms
[2024-08-23T17:35:02.297+0800] GC(230)   Evacuate Collection Set: 0.2ms
[2024-08-23T17:35:02.297+0800] GC(230)   Post Evacuate Collection Set: 0.4ms
[2024-08-23T17:35:02.297+0800] GC(230)   Other: 0.1ms
[2024-08-23T17:35:02.297+0800] GC(230) Eden regions: 1->0(613)
[2024-08-23T17:35:02.297+0800] GC(230) Survivor regions: 1->1(77)
[2024-08-23T17:35:02.297+0800] GC(230) Old regions: 1->1
[2024-08-23T17:35:02.297+0800] GC(230) Archive regions: 0->0
[2024-08-23T17:35:02.297+0800] GC(230) Humongous regions: 446->134
[2024-08-23T17:35:02.297+0800] GC(230) Metaspace: 308K(512K)->308K(512K) NonClass: 300K(384K)->300K(384K) Class: 7K(128K)->7K(128K)
[2024-08-23T17:35:02.297+0800] GC(230) Pause Young (Concurrent Start) (G1 Humongous Allocation) 447M->134M(1024M) 1.021ms
[2024-08-23T17:35:02.297+0800] GC(230) User=0.00s Sys=0.00s Real=0.00s
[2024-08-23T17:35:02.297+0800] GC(231) Concurrent Undo Cycle
[2024-08-23T17:35:02.297+0800] GC(231) Concurrent Cleanup for Next Mark
[2024-08-23T17:35:02.298+0800] GC(231) Concurrent Cleanup for Next Mark 1.157ms
[2024-08-23T17:35:02.298+0800] GC(231) Concurrent Undo Cycle 1.234ms
[2024-08-23T17:35:05.250+0800] GC(232) Pause Young (Concurrent Start) (G1 Humongous Allocation)
[2024-08-23T17:35:05.250+0800] GC(232) Using 6 workers of 6 for evacuation
[2024-08-23T17:35:05.250+0800] GC(232)   Pre Evacuate Collection Set: 0.1ms
[2024-08-23T17:35:05.250+0800] GC(232)   Merge Heap Roots: 0.1ms
[2024-08-23T17:35:05.250+0800] GC(232)   Evacuate Collection Set: 0.1ms
[2024-08-23T17:35:05.251+0800] GC(232)   Post Evacuate Collection Set: 0.4ms
[2024-08-23T17:35:05.251+0800] GC(232)   Other: 0.1ms
[2024-08-23T17:35:05.251+0800] GC(232) Eden regions: 1->0(613)
[2024-08-23T17:35:05.251+0800] GC(232) Survivor regions: 1->1(77)
[2024-08-23T17:35:05.251+0800] GC(232) Old regions: 1->1
[2024-08-23T17:35:05.251+0800] GC(232) Archive regions: 0->0
[2024-08-23T17:35:05.251+0800] GC(232) Humongous regions: 460->64
[2024-08-23T17:35:05.251+0800] GC(232) Metaspace: 308K(512K)->308K(512K) NonClass: 300K(384K)->300K(384K) Class: 7K(128K)->7K(128K)
[2024-08-23T17:35:05.251+0800] GC(232) Pause Young (Concurrent Start) (G1 Humongous Allocation) 461M->64M(1024M) 0.940ms
[2024-08-23T17:35:05.251+0800] GC(232) User=0.00s Sys=0.00s Real=0.00s
[2024-08-23T17:35:05.251+0800] GC(233) Concurrent Undo Cycle
[2024-08-23T17:35:05.251+0800] GC(233) Concurrent Cleanup for Next Mark
[2024-08-23T17:35:05.252+0800] GC(233) Concurrent Cleanup for Next Mark 1.035ms
[2024-08-23T17:35:05.252+0800] GC(233) Concurrent Undo Cycle 1.126ms
[2024-08-23T17:35:07.975+0800] GC(234) Pause Young (Concurrent Start) (G1 Humongous Allocation)
[2024-08-23T17:35:07.975+0800] GC(234) Using 6 workers of 6 for evacuation
[2024-08-23T17:35:07.976+0800] GC(234)   Pre Evacuate Collection Set: 0.1ms
[2024-08-23T17:35:07.976+0800] GC(234)   Merge Heap Roots: 0.1ms
[2024-08-23T17:35:07.976+0800] GC(234)   Evacuate Collection Set: 0.1ms
[2024-08-23T17:35:07.976+0800] GC(234)   Post Evacuate Collection Set: 0.4ms
[2024-08-23T17:35:07.976+0800] GC(234)   Other: 0.1ms
[2024-08-23T17:35:07.976+0800] GC(234) Eden regions: 1->0(613)
[2024-08-23T17:35:07.976+0800] GC(234) Survivor regions: 1->1(77)
[2024-08-23T17:35:07.976+0800] GC(234) Old regions: 1->1
[2024-08-23T17:35:07.976+0800] GC(234) Archive regions: 0->0
[2024-08-23T17:35:07.976+0800] GC(234) Humongous regions: 448->21
[2024-08-23T17:35:07.976+0800] GC(234) Metaspace: 308K(512K)->308K(512K) NonClass: 300K(384K)->300K(384K) Class: 7K(128K)->7K(128K)
[2024-08-23T17:35:07.976+0800] GC(234) Pause Young (Concurrent Start) (G1 Humongous Allocation) 449M->21M(1024M) 0.955ms
[2024-08-23T17:35:07.976+0800] GC(234) User=0.00s Sys=0.00s Real=0.00s
[2024-08-23T17:35:07.976+0800] GC(235) Concurrent Undo Cycle
[2024-08-23T17:35:07.976+0800] GC(235) Concurrent Cleanup for Next Mark
[2024-08-23T17:35:07.977+0800] GC(235) Concurrent Cleanup for Next Mark 0.910ms
[2024-08-23T17:35:07.977+0800] GC(235) Concurrent Undo Cycle 1.001ms
[2024-08-23T17:35:10.590+0800] GC(236) Pause Young (Concurrent Start) (G1 Humongous Allocation)
[2024-08-23T17:35:10.590+0800] GC(236) Using 6 workers of 6 for evacuation
[2024-08-23T17:35:10.591+0800] GC(236)   Pre Evacuate Collection Set: 0.1ms
[2024-08-23T17:35:10.591+0800] GC(236)   Merge Heap Roots: 0.1ms
[2024-08-23T17:35:10.591+0800] GC(236)   Evacuate Collection Set: 0.4ms
[2024-08-23T17:35:10.591+0800] GC(236)   Post Evacuate Collection Set: 0.4ms
[2024-08-23T17:35:10.591+0800] GC(236)   Other: 0.1ms
[2024-08-23T17:35:10.591+0800] GC(236) Eden regions: 1->0(613)
[2024-08-23T17:35:10.591+0800] GC(236) Survivor regions: 1->1(77)
[2024-08-23T17:35:10.591+0800] GC(236) Old regions: 1->1
[2024-08-23T17:35:10.591+0800] GC(236) Archive regions: 0->0
[2024-08-23T17:35:10.591+0800] GC(236) Humongous regions: 459->95
[2024-08-23T17:35:10.591+0800] GC(236) Metaspace: 308K(512K)->308K(512K) NonClass: 300K(384K)->300K(384K) Class: 7K(128K)->7K(128K)
[2024-08-23T17:35:10.591+0800] GC(236) Pause Young (Concurrent Start) (G1 Humongous Allocation) 460M->95M(1024M) 1.175ms
[2024-08-23T17:35:10.591+0800] GC(236) User=0.00s Sys=0.00s Real=0.00s
[2024-08-23T17:35:10.591+0800] GC(237) Concurrent Undo Cycle
[2024-08-23T17:35:10.591+0800] GC(237) Concurrent Cleanup for Next Mark
[2024-08-23T17:35:10.592+0800] GC(237) Concurrent Cleanup for Next Mark 0.781ms
[2024-08-23T17:35:10.592+0800] GC(237) Concurrent Undo Cycle 0.853ms
[2024-08-23T17:35:12.338+0800] GC(238) Pause Young (Concurrent Start) (G1 Humongous Allocation)
[2024-08-23T17:35:12.338+0800] GC(238) Using 6 workers of 6 for evacuation
[2024-08-23T17:35:12.338+0800] GC(238)   Pre Evacuate Collection Set: 0.1ms
[2024-08-23T17:35:12.338+0800] GC(238)   Merge Heap Roots: 0.1ms
[2024-08-23T17:35:12.338+0800] GC(238)   Evacuate Collection Set: 0.1ms
[2024-08-23T17:35:12.338+0800] GC(238)   Post Evacuate Collection Set: 0.4ms
[2024-08-23T17:35:12.338+0800] GC(238)   Other: 0.1ms
[2024-08-23T17:35:12.338+0800] GC(238) Eden regions: 1->0(613)
[2024-08-23T17:35:12.338+0800] GC(238) Survivor regions: 1->1(77)
[2024-08-23T17:35:12.338+0800] GC(238) Old regions: 1->1
[2024-08-23T17:35:12.338+0800] GC(238) Archive regions: 0->0
[2024-08-23T17:35:12.338+0800] GC(238) Humongous regions: 391->57
[2024-08-23T17:35:12.338+0800] GC(238) Metaspace: 308K(512K)->308K(512K) NonClass: 300K(384K)->300K(384K) Class: 7K(128K)->7K(128K)
[2024-08-23T17:35:12.338+0800] GC(238) Pause Young (Concurrent Start) (G1 Humongous Allocation) 392M->57M(1024M) 0.829ms
[2024-08-23T17:35:12.338+0800] GC(238) User=0.00s Sys=0.00s Real=0.00s
[2024-08-23T17:35:12.339+0800] GC(239) Concurrent Undo Cycle
[2024-08-23T17:35:12.339+0800] GC(239) Concurrent Cleanup for Next Mark
[2024-08-23T17:35:12.340+0800] GC(239) Concurrent Cleanup for Next Mark 1.064ms
[2024-08-23T17:35:12.340+0800] GC(239) Concurrent Undo Cycle 1.152ms
[2024-08-23T17:35:15.729+0800] GC(240) Pause Young (Concurrent Start) (G1 Humongous Allocation)
[2024-08-23T17:35:15.729+0800] GC(240) Using 6 workers of 6 for evacuation
[2024-08-23T17:35:15.730+0800] GC(240)   Pre Evacuate Collection Set: 0.1ms
[2024-08-23T17:35:15.730+0800] GC(240)   Merge Heap Roots: 0.1ms
[2024-08-23T17:35:15.730+0800] GC(240)   Evacuate Collection Set: 0.2ms
[2024-08-23T17:35:15.730+0800] GC(240)   Post Evacuate Collection Set: 0.5ms
[2024-08-23T17:35:15.730+0800] GC(240)   Other: 0.1ms
[2024-08-23T17:35:15.730+0800] GC(240) Eden regions: 1->0(613)
[2024-08-23T17:35:15.730+0800] GC(240) Survivor regions: 1->1(77)
[2024-08-23T17:35:15.730+0800] GC(240) Old regions: 1->1
[2024-08-23T17:35:15.730+0800] GC(240) Archive regions: 0->0
[2024-08-23T17:35:15.730+0800] GC(240) Humongous regions: 458->12
[2024-08-23T17:35:15.730+0800] GC(240) Metaspace: 308K(512K)->308K(512K) NonClass: 300K(384K)->300K(384K) Class: 7K(128K)->7K(128K)
[2024-08-23T17:35:15.730+0800] GC(240) Pause Young (Concurrent Start) (G1 Humongous Allocation) 459M->12M(1024M) 1.046ms
[2024-08-23T17:35:15.730+0800] GC(240) User=0.00s Sys=0.00s Real=0.00s
[2024-08-23T17:35:15.730+0800] GC(241) Concurrent Undo Cycle
[2024-08-23T17:35:15.730+0800] GC(241) Concurrent Cleanup for Next Mark
[2024-08-23T17:35:15.730+0800] GC(241) Concurrent Cleanup for Next Mark 0.701ms
[2024-08-23T17:35:15.730+0800] GC(241) Concurrent Undo Cycle 0.779ms
[2024-08-23T17:35:18.017+0800] GC(242) Pause Young (Concurrent Start) (G1 Humongous Allocation)
[2024-08-23T17:35:18.017+0800] GC(242) Using 6 workers of 6 for evacuation
[2024-08-23T17:35:18.017+0800] GC(242)   Pre Evacuate Collection Set: 0.1ms
[2024-08-23T17:35:18.017+0800] GC(242)   Merge Heap Roots: 0.1ms
[2024-08-23T17:35:18.017+0800] GC(242)   Evacuate Collection Set: 0.1ms
[2024-08-23T17:35:18.017+0800] GC(242)   Post Evacuate Collection Set: 0.4ms
[2024-08-23T17:35:18.017+0800] GC(242)   Other: 0.1ms
[2024-08-23T17:35:18.017+0800] GC(242) Eden regions: 1->0(613)
[2024-08-23T17:35:18.017+0800] GC(242) Survivor regions: 1->1(77)
[2024-08-23T17:35:18.017+0800] GC(242) Old regions: 1->1
[2024-08-23T17:35:18.017+0800] GC(242) Archive regions: 0->0
[2024-08-23T17:35:18.017+0800] GC(242) Humongous regions: 365->95
[2024-08-23T17:35:18.017+0800] GC(242) Metaspace: 308K(512K)->308K(512K) NonClass: 300K(384K)->300K(384K) Class: 7K(128K)->7K(128K)
[2024-08-23T17:35:18.017+0800] GC(242) Pause Young (Concurrent Start) (G1 Humongous Allocation) 366M->95M(1024M) 0.892ms
[2024-08-23T17:35:18.017+0800] GC(242) User=0.00s Sys=0.00s Real=0.00s
[2024-08-23T17:35:18.017+0800] GC(243) Concurrent Undo Cycle
[2024-08-23T17:35:18.017+0800] GC(243) Concurrent Cleanup for Next Mark
[2024-08-23T17:35:18.018+0800] GC(243) Concurrent Cleanup for Next Mark 0.938ms
[2024-08-23T17:35:18.018+0800] GC(243) Concurrent Undo Cycle 1.024ms
[2024-08-23T17:35:20.637+0800] GC(244) Pause Young (Concurrent Start) (G1 Humongous Allocation)
[2024-08-23T17:35:20.637+0800] GC(244) Using 6 workers of 6 for evacuation
[2024-08-23T17:35:20.638+0800] GC(244)   Pre Evacuate Collection Set: 0.1ms
[2024-08-23T17:35:20.638+0800] GC(244)   Merge Heap Roots: 0.1ms
[2024-08-23T17:35:20.638+0800] GC(244)   Evacuate Collection Set: 0.2ms
[2024-08-23T17:35:20.638+0800] GC(244)   Post Evacuate Collection Set: 0.4ms
[2024-08-23T17:35:20.638+0800] GC(244)   Other: 0.1ms
[2024-08-23T17:35:20.638+0800] GC(244) Eden regions: 1->0(613)
[2024-08-23T17:35:20.638+0800] GC(244) Survivor regions: 1->1(77)
[2024-08-23T17:35:20.638+0800] GC(244) Old regions: 1->1
[2024-08-23T17:35:20.638+0800] GC(244) Archive regions: 0->0
[2024-08-23T17:35:20.638+0800] GC(244) Humongous regions: 453->68
[2024-08-23T17:35:20.638+0800] GC(244) Metaspace: 308K(512K)->308K(512K) NonClass: 300K(384K)->300K(384K) Class: 7K(128K)->7K(128K)
[2024-08-23T17:35:20.638+0800] GC(244) Pause Young (Concurrent Start) (G1 Humongous Allocation) 454M->68M(1024M) 0.976ms
[2024-08-23T17:35:20.638+0800] GC(244) User=0.00s Sys=0.00s Real=0.00s
[2024-08-23T17:35:20.638+0800] GC(245) Concurrent Undo Cycle
[2024-08-23T17:35:20.638+0800] GC(245) Concurrent Cleanup for Next Mark
[2024-08-23T17:35:20.639+0800] GC(245) Concurrent Cleanup for Next Mark 0.962ms
[2024-08-23T17:35:20.639+0800] GC(245) Concurrent Undo Cycle 1.046ms
[2024-08-23T17:35:22.277+0800] GC(246) Pause Young (Concurrent Start) (G1 Humongous Allocation)
[2024-08-23T17:35:22.277+0800] GC(246) Using 6 workers of 6 for evacuation
[2024-08-23T17:35:22.277+0800] GC(246)   Pre Evacuate Collection Set: 0.1ms
[2024-08-23T17:35:22.277+0800] GC(246)   Merge Heap Roots: 0.1ms
[2024-08-23T17:35:22.277+0800] GC(246)   Evacuate Collection Set: 0.1ms
[2024-08-23T17:35:22.277+0800] GC(246)   Post Evacuate Collection Set: 0.4ms
[2024-08-23T17:35:22.277+0800] GC(246)   Other: 0.1ms
[2024-08-23T17:35:22.277+0800] GC(246) Eden regions: 1->0(613)
[2024-08-23T17:35:22.277+0800] GC(246) Survivor regions: 1->1(77)
[2024-08-23T17:35:22.277+0800] GC(246) Old regions: 1->1
[2024-08-23T17:35:22.278+0800] GC(246) Archive regions: 0->0
[2024-08-23T17:35:22.278+0800] GC(246) Humongous regions: 375->215
[2024-08-23T17:35:22.278+0800] GC(246) Metaspace: 308K(512K)->308K(512K) NonClass: 300K(384K)->300K(384K) Class: 7K(128K)->7K(128K)
[2024-08-23T17:35:22.278+0800] GC(246) Pause Young (Concurrent Start) (G1 Humongous Allocation) 376M->215M(1024M) 0.824ms
[2024-08-23T17:35:22.278+0800] GC(246) User=0.00s Sys=0.00s Real=0.00s
[2024-08-23T17:35:22.278+0800] GC(247) Concurrent Undo Cycle
[2024-08-23T17:35:22.278+0800] GC(247) Concurrent Cleanup for Next Mark
[2024-08-23T17:35:22.279+0800] GC(247) Concurrent Cleanup for Next Mark 1.184ms
[2024-08-23T17:35:22.279+0800] GC(247) Concurrent Undo Cycle 1.296ms
[2024-08-23T17:35:23.696+0800] GC(248) Pause Young (Concurrent Start) (G1 Humongous Allocation)
[2024-08-23T17:35:23.696+0800] GC(248) Using 6 workers of 6 for evacuation
[2024-08-23T17:35:23.697+0800] GC(248)   Pre Evacuate Collection Set: 0.1ms
[2024-08-23T17:35:23.697+0800] GC(248)   Merge Heap Roots: 0.1ms
[2024-08-23T17:35:23.697+0800] GC(248)   Evacuate Collection Set: 0.1ms
[2024-08-23T17:35:23.697+0800] GC(248)   Post Evacuate Collection Set: 0.5ms
[2024-08-23T17:35:23.697+0800] GC(248)   Other: 0.1ms
[2024-08-23T17:35:23.697+0800] GC(248) Eden regions: 1->0(613)
[2024-08-23T17:35:23.697+0800] GC(248) Survivor regions: 1->1(77)
[2024-08-23T17:35:23.697+0800] GC(248) Old regions: 1->1
[2024-08-23T17:35:23.697+0800] GC(248) Archive regions: 0->0
[2024-08-23T17:35:23.697+0800] GC(248) Humongous regions: 424->57
[2024-08-23T17:35:23.697+0800] GC(248) Metaspace: 308K(512K)->308K(512K) NonClass: 300K(384K)->300K(384K) Class: 7K(128K)->7K(128K)
[2024-08-23T17:35:23.697+0800] GC(248) Pause Young (Concurrent Start) (G1 Humongous Allocation) 425M->57M(1024M) 0.979ms
[2024-08-23T17:35:23.697+0800] GC(248) User=0.00s Sys=0.00s Real=0.00s
[2024-08-23T17:35:23.697+0800] GC(249) Concurrent Undo Cycle
[2024-08-23T17:35:23.697+0800] GC(249) Concurrent Cleanup for Next Mark
[2024-08-23T17:35:23.698+0800] GC(249) Concurrent Cleanup for Next Mark 1.107ms
[2024-08-23T17:35:23.698+0800] GC(249) Concurrent Undo Cycle 1.193ms
[2024-08-23T17:35:26.862+0800] GC(250) Pause Young (Concurrent Start) (G1 Humongous Allocation)
[2024-08-23T17:35:26.862+0800] GC(250) Using 6 workers of 6 for evacuation
[2024-08-23T17:35:26.863+0800] GC(250)   Pre Evacuate Collection Set: 0.1ms
[2024-08-23T17:35:26.863+0800] GC(250)   Merge Heap Roots: 0.1ms
[2024-08-23T17:35:26.863+0800] GC(250)   Evacuate Collection Set: 0.1ms
[2024-08-23T17:35:26.863+0800] GC(250)   Post Evacuate Collection Set: 0.5ms
[2024-08-23T17:35:26.863+0800] GC(250)   Other: 0.1ms
[2024-08-23T17:35:26.863+0800] GC(250) Eden regions: 1->0(613)
[2024-08-23T17:35:26.863+0800] GC(250) Survivor regions: 1->1(77)
[2024-08-23T17:35:26.863+0800] GC(250) Old regions: 1->1
[2024-08-23T17:35:26.863+0800] GC(250) Archive regions: 0->0
[2024-08-23T17:35:26.863+0800] GC(250) Humongous regions: 455->11
[2024-08-23T17:35:26.863+0800] GC(250) Metaspace: 308K(512K)->308K(512K) NonClass: 300K(384K)->300K(384K) Class: 7K(128K)->7K(128K)
[2024-08-23T17:35:26.863+0800] GC(250) Pause Young (Concurrent Start) (G1 Humongous Allocation) 456M->11M(1024M) 0.994ms
[2024-08-23T17:35:26.863+0800] GC(250) User=0.00s Sys=0.00s Real=0.00s
[2024-08-23T17:35:26.863+0800] GC(251) Concurrent Undo Cycle
[2024-08-23T17:35:26.863+0800] GC(251) Concurrent Cleanup for Next Mark
[2024-08-23T17:35:26.864+0800] GC(251) Concurrent Cleanup for Next Mark 0.720ms
[2024-08-23T17:35:26.864+0800] GC(251) Concurrent Undo Cycle 0.790ms
[2024-08-23T17:35:29.374+0800] GC(252) Pause Young (Concurrent Start) (G1 Humongous Allocation)
[2024-08-23T17:35:29.374+0800] GC(252) Using 6 workers of 6 for evacuation
[2024-08-23T17:35:29.374+0800] GC(252)   Pre Evacuate Collection Set: 0.1ms
[2024-08-23T17:35:29.374+0800] GC(252)   Merge Heap Roots: 0.1ms
[2024-08-23T17:35:29.374+0800] GC(252)   Evacuate Collection Set: 0.2ms
[2024-08-23T17:35:29.374+0800] GC(252)   Post Evacuate Collection Set: 0.3ms
[2024-08-23T17:35:29.374+0800] GC(252)   Other: 0.1ms
[2024-08-23T17:35:29.374+0800] GC(252) Eden regions: 1->0(613)
[2024-08-23T17:35:29.374+0800] GC(252) Survivor regions: 1->1(77)
[2024-08-23T17:35:29.374+0800] GC(252) Old regions: 1->1
[2024-08-23T17:35:29.374+0800] GC(252) Archive regions: 0->0
[2024-08-23T17:35:29.374+0800] GC(252) Humongous regions: 376->84
[2024-08-23T17:35:29.374+0800] GC(252) Metaspace: 308K(512K)->308K(512K) NonClass: 300K(384K)->300K(384K) Class: 7K(128K)->7K(128K)
[2024-08-23T17:35:29.374+0800] GC(252) Pause Young (Concurrent Start) (G1 Humongous Allocation) 377M->84M(1024M) 0.929ms
[2024-08-23T17:35:29.374+0800] GC(252) User=0.00s Sys=0.00s Real=0.00s
[2024-08-23T17:35:29.374+0800] GC(253) Concurrent Undo Cycle
[2024-08-23T17:35:29.374+0800] GC(253) Concurrent Cleanup for Next Mark
[2024-08-23T17:35:29.375+0800] GC(253) Concurrent Cleanup for Next Mark 1.151ms
[2024-08-23T17:35:29.375+0800] GC(253) Concurrent Undo Cycle 1.258ms
[2024-08-23T17:35:32.101+0800] GC(254) Pause Young (Concurrent Start) (G1 Humongous Allocation)
[2024-08-23T17:35:32.101+0800] GC(254) Using 6 workers of 6 for evacuation
[2024-08-23T17:35:32.101+0800] GC(254)   Pre Evacuate Collection Set: 0.1ms
[2024-08-23T17:35:32.101+0800] GC(254)   Merge Heap Roots: 0.1ms
[2024-08-23T17:35:32.101+0800] GC(254)   Evacuate Collection Set: 0.1ms
[2024-08-23T17:35:32.102+0800] GC(254)   Post Evacuate Collection Set: 0.4ms
[2024-08-23T17:35:32.102+0800] GC(254)   Other: 0.1ms
[2024-08-23T17:35:32.102+0800] GC(254) Eden regions: 1->0(613)
[2024-08-23T17:35:32.102+0800] GC(254) Survivor regions: 1->1(77)
[2024-08-23T17:35:32.102+0800] GC(254) Old regions: 1->1
[2024-08-23T17:35:32.102+0800] GC(254) Archive regions: 0->0
[2024-08-23T17:35:32.102+0800] GC(254) Humongous regions: 448->128
[2024-08-23T17:35:32.102+0800] GC(254) Metaspace: 308K(512K)->308K(512K) NonClass: 300K(384K)->300K(384K) Class: 7K(128K)->7K(128K)
[2024-08-23T17:35:32.102+0800] GC(254) Pause Young (Concurrent Start) (G1 Humongous Allocation) 449M->128M(1024M) 0.962ms
[2024-08-23T17:35:32.102+0800] GC(254) User=0.00s Sys=0.00s Real=0.00s
[2024-08-23T17:35:32.102+0800] GC(255) Concurrent Undo Cycle
[2024-08-23T17:35:32.102+0800] GC(255) Concurrent Cleanup for Next Mark
[2024-08-23T17:35:32.103+0800] GC(255) Concurrent Cleanup for Next Mark 0.936ms
[2024-08-23T17:35:32.103+0800] GC(255) Concurrent Undo Cycle 1.028ms
[2024-08-23T17:35:33.632+0800] GC(256) Pause Young (Concurrent Start) (G1 Humongous Allocation)
[2024-08-23T17:35:33.632+0800] GC(256) Using 6 workers of 6 for evacuation
[2024-08-23T17:35:33.633+0800] GC(256)   Pre Evacuate Collection Set: 0.1ms
[2024-08-23T17:35:33.633+0800] GC(256)   Merge Heap Roots: 0.1ms
[2024-08-23T17:35:33.633+0800] GC(256)   Evacuate Collection Set: 0.1ms
[2024-08-23T17:35:33.633+0800] GC(256)   Post Evacuate Collection Set: 0.4ms
[2024-08-23T17:35:33.633+0800] GC(256)   Other: 0.1ms
[2024-08-23T17:35:33.633+0800] GC(256) Eden regions: 1->0(613)
[2024-08-23T17:35:33.633+0800] GC(256) Survivor regions: 1->1(77)
[2024-08-23T17:35:33.633+0800] GC(256) Old regions: 1->1
[2024-08-23T17:35:33.633+0800] GC(256) Archive regions: 0->0
[2024-08-23T17:35:33.633+0800] GC(256) Humongous regions: 414->166
[2024-08-23T17:35:33.633+0800] GC(256) Metaspace: 308K(512K)->308K(512K) NonClass: 300K(384K)->300K(384K) Class: 7K(128K)->7K(128K)
[2024-08-23T17:35:33.633+0800] GC(256) Pause Young (Concurrent Start) (G1 Humongous Allocation) 415M->166M(1024M) 0.944ms
[2024-08-23T17:35:33.633+0800] GC(256) User=0.00s Sys=0.00s Real=0.00s
[2024-08-23T17:35:33.633+0800] GC(257) Concurrent Undo Cycle
[2024-08-23T17:35:33.633+0800] GC(257) Concurrent Cleanup for Next Mark
[2024-08-23T17:35:33.634+0800] GC(257) Concurrent Cleanup for Next Mark 1.040ms
[2024-08-23T17:35:33.634+0800] GC(257) Concurrent Undo Cycle 1.120ms
[2024-08-23T17:35:35.044+0800] GC(258) Pause Young (Concurrent Start) (G1 Humongous Allocation)
[2024-08-23T17:35:35.044+0800] GC(258) Using 6 workers of 6 for evacuation
[2024-08-23T17:35:35.045+0800] GC(258)   Pre Evacuate Collection Set: 0.1ms
[2024-08-23T17:35:35.045+0800] GC(258)   Merge Heap Roots: 0.1ms
[2024-08-23T17:35:35.045+0800] GC(258)   Evacuate Collection Set: 0.2ms
[2024-08-23T17:35:35.045+0800] GC(258)   Post Evacuate Collection Set: 0.4ms
[2024-08-23T17:35:35.045+0800] GC(258)   Other: 0.1ms
[2024-08-23T17:35:35.045+0800] GC(258) Eden regions: 1->0(614)
[2024-08-23T17:35:35.045+0800] GC(258) Survivor regions: 1->0(77)
[2024-08-23T17:35:35.045+0800] GC(258) Old regions: 1->1
[2024-08-23T17:35:35.045+0800] GC(258) Archive regions: 0->0
[2024-08-23T17:35:35.045+0800] GC(258) Humongous regions: 371->62
[2024-08-23T17:35:35.045+0800] GC(258) Metaspace: 308K(512K)->308K(512K) NonClass: 300K(384K)->300K(384K) Class: 7K(128K)->7K(128K)
[2024-08-23T17:35:35.045+0800] GC(258) Pause Young (Concurrent Start) (G1 Humongous Allocation) 372M->62M(1024M) 1.026ms
[2024-08-23T17:35:35.045+0800] GC(258) User=0.00s Sys=0.00s Real=0.00s
[2024-08-23T17:35:35.045+0800] GC(259) Concurrent Undo Cycle
[2024-08-23T17:35:35.045+0800] GC(259) Concurrent Cleanup for Next Mark
[2024-08-23T17:35:35.046+0800] GC(259) Concurrent Cleanup for Next Mark 1.026ms
[2024-08-23T17:35:35.046+0800] GC(259) Concurrent Undo Cycle 1.122ms
[2024-08-23T17:35:37.669+0800] GC(260) Pause Young (Concurrent Start) (G1 Humongous Allocation)
[2024-08-23T17:35:37.669+0800] GC(260) Using 6 workers of 6 for evacuation
[2024-08-23T17:35:37.669+0800] GC(260)   Pre Evacuate Collection Set: 0.1ms
[2024-08-23T17:35:37.670+0800] GC(260)   Merge Heap Roots: 0.1ms
[2024-08-23T17:35:37.670+0800] GC(260)   Evacuate Collection Set: 0.1ms
[2024-08-23T17:35:37.670+0800] GC(260)   Post Evacuate Collection Set: 0.4ms
[2024-08-23T17:35:37.670+0800] GC(260)   Other: 0.1ms
[2024-08-23T17:35:37.670+0800] GC(260) Eden regions: 1->0(614)
[2024-08-23T17:35:37.670+0800] GC(260) Survivor regions: 0->0(77)
[2024-08-23T17:35:37.670+0800] GC(260) Old regions: 1->1
[2024-08-23T17:35:37.670+0800] GC(260) Archive regions: 0->0
[2024-08-23T17:35:37.670+0800] GC(260) Humongous regions: 460->45
[2024-08-23T17:35:37.670+0800] GC(260) Metaspace: 308K(512K)->308K(512K) NonClass: 300K(384K)->300K(384K) Class: 7K(128K)->7K(128K)
[2024-08-23T17:35:37.670+0800] GC(260) Pause Young (Concurrent Start) (G1 Humongous Allocation) 461M->45M(1024M) 0.912ms
[2024-08-23T17:35:37.670+0800] GC(260) User=0.00s Sys=0.00s Real=0.00s
[2024-08-23T17:35:37.670+0800] GC(261) Concurrent Undo Cycle
[2024-08-23T17:35:37.670+0800] GC(261) Concurrent Cleanup for Next Mark
[2024-08-23T17:35:37.671+0800] GC(261) Concurrent Cleanup for Next Mark 1.092ms
[2024-08-23T17:35:37.671+0800] GC(261) Concurrent Undo Cycle 1.175ms
[2024-08-23T17:35:40.730+0800] GC(262) Pause Young (Concurrent Start) (G1 Humongous Allocation)
[2024-08-23T17:35:40.730+0800] GC(262) Using 6 workers of 6 for evacuation
[2024-08-23T17:35:40.731+0800] GC(262)   Pre Evacuate Collection Set: 0.1ms
[2024-08-23T17:35:40.731+0800] GC(262)   Merge Heap Roots: 0.1ms
[2024-08-23T17:35:40.731+0800] GC(262)   Evacuate Collection Set: 0.1ms
[2024-08-23T17:35:40.731+0800] GC(262)   Post Evacuate Collection Set: 0.5ms
[2024-08-23T17:35:40.731+0800] GC(262)   Other: 0.1ms
[2024-08-23T17:35:40.731+0800] GC(262) Eden regions: 1->0(614)
[2024-08-23T17:35:40.731+0800] GC(262) Survivor regions: 0->0(77)
[2024-08-23T17:35:40.731+0800] GC(262) Old regions: 1->1
[2024-08-23T17:35:40.731+0800] GC(262) Archive regions: 0->0
[2024-08-23T17:35:40.731+0800] GC(262) Humongous regions: 425->114
[2024-08-23T17:35:40.731+0800] GC(262) Metaspace: 308K(512K)->308K(512K) NonClass: 300K(384K)->300K(384K) Class: 7K(128K)->7K(128K)
[2024-08-23T17:35:40.731+0800] GC(262) Pause Young (Concurrent Start) (G1 Humongous Allocation) 426M->114M(1024M) 1.031ms
[2024-08-23T17:35:40.731+0800] GC(262) User=0.00s Sys=0.00s Real=0.00s
[2024-08-23T17:35:40.731+0800] GC(263) Concurrent Undo Cycle
[2024-08-23T17:35:40.731+0800] GC(263) Concurrent Cleanup for Next Mark
[2024-08-23T17:35:40.732+0800] GC(263) Concurrent Cleanup for Next Mark 1.098ms
[2024-08-23T17:35:40.732+0800] GC(263) Concurrent Undo Cycle 1.204ms
[2024-08-23T17:35:43.459+0800] GC(264) Pause Young (Concurrent Start) (G1 Humongous Allocation)
[2024-08-23T17:35:43.459+0800] GC(264) Using 6 workers of 6 for evacuation
[2024-08-23T17:35:43.460+0800] GC(264)   Pre Evacuate Collection Set: 0.1ms
[2024-08-23T17:35:43.460+0800] GC(264)   Merge Heap Roots: 0.1ms
[2024-08-23T17:35:43.460+0800] GC(264)   Evacuate Collection Set: 0.1ms
[2024-08-23T17:35:43.460+0800] GC(264)   Post Evacuate Collection Set: 0.4ms
[2024-08-23T17:35:43.460+0800] GC(264)   Other: 0.1ms
[2024-08-23T17:35:43.460+0800] GC(264) Eden regions: 1->0(614)
[2024-08-23T17:35:43.460+0800] GC(264) Survivor regions: 0->0(77)
[2024-08-23T17:35:43.460+0800] GC(264) Old regions: 1->1
[2024-08-23T17:35:43.460+0800] GC(264) Archive regions: 0->0
[2024-08-23T17:35:43.460+0800] GC(264) Humongous regions: 433->29
[2024-08-23T17:35:43.460+0800] GC(264) Metaspace: 308K(512K)->308K(512K) NonClass: 300K(384K)->300K(384K) Class: 7K(128K)->7K(128K)
[2024-08-23T17:35:43.460+0800] GC(264) Pause Young (Concurrent Start) (G1 Humongous Allocation) 434M->29M(1024M) 0.911ms
[2024-08-23T17:35:43.460+0800] GC(264) User=0.00s Sys=0.00s Real=0.00s
[2024-08-23T17:35:43.460+0800] GC(265) Concurrent Undo Cycle
[2024-08-23T17:35:43.460+0800] GC(265) Concurrent Cleanup for Next Mark
[2024-08-23T17:35:43.460+0800] GC(265) Concurrent Cleanup for Next Mark 0.938ms
[2024-08-23T17:35:43.460+0800] GC(265) Concurrent Undo Cycle 1.024ms
[2024-08-23T17:35:46.193+0800] GC(266) Pause Young (Concurrent Start) (G1 Humongous Allocation)
[2024-08-23T17:35:46.193+0800] GC(266) Using 6 workers of 6 for evacuation
[2024-08-23T17:35:46.194+0800] GC(266)   Pre Evacuate Collection Set: 0.1ms
[2024-08-23T17:35:46.194+0800] GC(266)   Merge Heap Roots: 0.0ms
[2024-08-23T17:35:46.194+0800] GC(266)   Evacuate Collection Set: 0.2ms
[2024-08-23T17:35:46.194+0800] GC(266)   Post Evacuate Collection Set: 0.5ms
[2024-08-23T17:35:46.194+0800] GC(266)   Other: 0.1ms
[2024-08-23T17:35:46.194+0800] GC(266) Eden regions: 1->0(614)
[2024-08-23T17:35:46.194+0800] GC(266) Survivor regions: 0->0(77)
[2024-08-23T17:35:46.194+0800] GC(266) Old regions: 1->1
[2024-08-23T17:35:46.194+0800] GC(266) Archive regions: 0->0
[2024-08-23T17:35:46.194+0800] GC(266) Humongous regions: 448->11
[2024-08-23T17:35:46.194+0800] GC(266) Metaspace: 308K(512K)->308K(512K) NonClass: 300K(384K)->300K(384K) Class: 7K(128K)->7K(128K)
[2024-08-23T17:35:46.194+0800] GC(266) Pause Young (Concurrent Start) (G1 Humongous Allocation) 449M->11M(1024M) 0.954ms
[2024-08-23T17:35:46.194+0800] GC(266) User=0.00s Sys=0.00s Real=0.00s
[2024-08-23T17:35:46.194+0800] GC(267) Concurrent Undo Cycle
[2024-08-23T17:35:46.194+0800] GC(267) Concurrent Cleanup for Next Mark
[2024-08-23T17:35:46.195+0800] GC(267) Concurrent Cleanup for Next Mark 1.125ms
[2024-08-23T17:35:46.195+0800] GC(267) Concurrent Undo Cycle 1.224ms
[2024-08-23T17:35:48.815+0800] GC(268) Pause Young (Concurrent Start) (G1 Humongous Allocation)
[2024-08-23T17:35:48.815+0800] GC(268) Using 6 workers of 6 for evacuation
[2024-08-23T17:35:48.816+0800] GC(268)   Pre Evacuate Collection Set: 0.1ms
[2024-08-23T17:35:48.816+0800] GC(268)   Merge Heap Roots: 0.1ms
[2024-08-23T17:35:48.816+0800] GC(268)   Evacuate Collection Set: 0.1ms
[2024-08-23T17:35:48.816+0800] GC(268)   Post Evacuate Collection Set: 0.3ms
[2024-08-23T17:35:48.816+0800] GC(268)   Other: 0.1ms
[2024-08-23T17:35:48.816+0800] GC(268) Eden regions: 1->0(614)
[2024-08-23T17:35:48.816+0800] GC(268) Survivor regions: 0->0(77)
[2024-08-23T17:35:48.816+0800] GC(268) Old regions: 1->1
[2024-08-23T17:35:48.816+0800] GC(268) Archive regions: 0->0
[2024-08-23T17:35:48.816+0800] GC(268) Humongous regions: 459->50
[2024-08-23T17:35:48.816+0800] GC(268) Metaspace: 308K(512K)->308K(512K) NonClass: 300K(384K)->300K(384K) Class: 7K(128K)->7K(128K)
[2024-08-23T17:35:48.816+0800] GC(268) Pause Young (Concurrent Start) (G1 Humongous Allocation) 460M->50M(1024M) 0.809ms
[2024-08-23T17:35:48.816+0800] GC(268) User=0.00s Sys=0.00s Real=0.00s
[2024-08-23T17:35:48.816+0800] GC(269) Concurrent Undo Cycle
[2024-08-23T17:35:48.816+0800] GC(269) Concurrent Cleanup for Next Mark
[2024-08-23T17:35:48.817+0800] GC(269) Concurrent Cleanup for Next Mark 0.859ms
[2024-08-23T17:35:48.817+0800] GC(269) Concurrent Undo Cycle 0.936ms
[2024-08-23T17:35:51.980+0800] GC(270) Pause Young (Concurrent Start) (G1 Humongous Allocation)
[2024-08-23T17:35:51.980+0800] GC(270) Using 6 workers of 6 for evacuation
[2024-08-23T17:35:51.980+0800] GC(270)   Pre Evacuate Collection Set: 0.1ms
[2024-08-23T17:35:51.980+0800] GC(270)   Merge Heap Roots: 0.1ms
[2024-08-23T17:35:51.980+0800] GC(270)   Evacuate Collection Set: 0.2ms
[2024-08-23T17:35:51.980+0800] GC(270)   Post Evacuate Collection Set: 0.4ms
[2024-08-23T17:35:51.980+0800] GC(270)   Other: 0.1ms
[2024-08-23T17:35:51.980+0800] GC(270) Eden regions: 1->0(614)
[2024-08-23T17:35:51.980+0800] GC(270) Survivor regions: 0->0(77)
[2024-08-23T17:35:51.980+0800] GC(270) Old regions: 1->1
[2024-08-23T17:35:51.980+0800] GC(270) Archive regions: 0->0
[2024-08-23T17:35:51.980+0800] GC(270) Humongous regions: 446->134
[2024-08-23T17:35:51.980+0800] GC(270) Metaspace: 308K(512K)->308K(512K) NonClass: 300K(384K)->300K(384K) Class: 7K(128K)->7K(128K)
[2024-08-23T17:35:51.980+0800] GC(270) Pause Young (Concurrent Start) (G1 Humongous Allocation) 447M->134M(1024M) 1.004ms
[2024-08-23T17:35:51.981+0800] GC(270) User=0.00s Sys=0.00s Real=0.00s
[2024-08-23T17:35:51.981+0800] GC(271) Concurrent Undo Cycle
[2024-08-23T17:35:51.981+0800] GC(271) Concurrent Cleanup for Next Mark
[2024-08-23T17:35:51.982+0800] GC(271) Concurrent Cleanup for Next Mark 1.023ms
[2024-08-23T17:35:51.982+0800] GC(271) Concurrent Undo Cycle 1.112ms
[2024-08-23T17:35:54.928+0800] GC(272) Pause Young (Concurrent Start) (G1 Humongous Allocation)
[2024-08-23T17:35:54.928+0800] GC(272) Using 6 workers of 6 for evacuation
[2024-08-23T17:35:54.929+0800] GC(272)   Pre Evacuate Collection Set: 0.1ms
[2024-08-23T17:35:54.929+0800] GC(272)   Merge Heap Roots: 0.1ms
[2024-08-23T17:35:54.929+0800] GC(272)   Evacuate Collection Set: 0.1ms
[2024-08-23T17:35:54.929+0800] GC(272)   Post Evacuate Collection Set: 0.4ms
[2024-08-23T17:35:54.929+0800] GC(272)   Other: 0.1ms
[2024-08-23T17:35:54.929+0800] GC(272) Eden regions: 1->0(614)
[2024-08-23T17:35:54.929+0800] GC(272) Survivor regions: 0->0(77)
[2024-08-23T17:35:54.929+0800] GC(272) Old regions: 1->1
[2024-08-23T17:35:54.929+0800] GC(272) Archive regions: 0->0
[2024-08-23T17:35:54.929+0800] GC(272) Humongous regions: 460->64
[2024-08-23T17:35:54.929+0800] GC(272) Metaspace: 308K(512K)->308K(512K) NonClass: 300K(384K)->300K(384K) Class: 7K(128K)->7K(128K)
[2024-08-23T17:35:54.929+0800] GC(272) Pause Young (Concurrent Start) (G1 Humongous Allocation) 461M->64M(1024M) 0.895ms
[2024-08-23T17:35:54.929+0800] GC(272) User=0.00s Sys=0.00s Real=0.00s
[2024-08-23T17:35:54.929+0800] GC(273) Concurrent Undo Cycle
[2024-08-23T17:35:54.929+0800] GC(273) Concurrent Cleanup for Next Mark
[2024-08-23T17:35:54.930+0800] GC(273) Concurrent Cleanup for Next Mark 0.814ms
[2024-08-23T17:35:54.930+0800] GC(273) Concurrent Undo Cycle 0.907ms
[2024-08-23T17:35:57.665+0800] GC(274) Pause Young (Concurrent Start) (G1 Humongous Allocation)
[2024-08-23T17:35:57.665+0800] GC(274) Using 6 workers of 6 for evacuation
[2024-08-23T17:35:57.665+0800] GC(274)   Pre Evacuate Collection Set: 0.1ms
[2024-08-23T17:35:57.665+0800] GC(274)   Merge Heap Roots: 0.1ms
[2024-08-23T17:35:57.665+0800] GC(274)   Evacuate Collection Set: 0.1ms
[2024-08-23T17:35:57.665+0800] GC(274)   Post Evacuate Collection Set: 0.4ms
[2024-08-23T17:35:57.665+0800] GC(274)   Other: 0.1ms
[2024-08-23T17:35:57.666+0800] GC(274) Eden regions: 1->0(614)
[2024-08-23T17:35:57.666+0800] GC(274) Survivor regions: 0->0(77)
[2024-08-23T17:35:57.666+0800] GC(274) Old regions: 1->1
[2024-08-23T17:35:57.666+0800] GC(274) Archive regions: 0->0
[2024-08-23T17:35:57.666+0800] GC(274) Humongous regions: 448->21
[2024-08-23T17:35:57.666+0800] GC(274) Metaspace: 308K(512K)->308K(512K) NonClass: 300K(384K)->300K(384K) Class: 7K(128K)->7K(128K)
[2024-08-23T17:35:57.666+0800] GC(274) Pause Young (Concurrent Start) (G1 Humongous Allocation) 449M->21M(1024M) 0.926ms
[2024-08-23T17:35:57.666+0800] GC(274) User=0.00s Sys=0.00s Real=0.00s
[2024-08-23T17:35:57.666+0800] GC(275) Concurrent Undo Cycle
[2024-08-23T17:35:57.666+0800] GC(275) Concurrent Cleanup for Next Mark
[2024-08-23T17:35:57.667+0800] GC(275) Concurrent Cleanup for Next Mark 1.054ms
[2024-08-23T17:35:57.667+0800] GC(275) Concurrent Undo Cycle 1.174ms
[2024-08-23T17:36:00.281+0800] GC(276) Pause Young (Concurrent Start) (G1 Humongous Allocation)
[2024-08-23T17:36:00.281+0800] GC(276) Using 6 workers of 6 for evacuation
[2024-08-23T17:36:00.282+0800] GC(276)   Pre Evacuate Collection Set: 0.1ms
[2024-08-23T17:36:00.282+0800] GC(276)   Merge Heap Roots: 0.1ms
[2024-08-23T17:36:00.282+0800] GC(276)   Evacuate Collection Set: 0.2ms
[2024-08-23T17:36:00.282+0800] GC(276)   Post Evacuate Collection Set: 0.4ms
[2024-08-23T17:36:00.282+0800] GC(276)   Other: 0.1ms
[2024-08-23T17:36:00.282+0800] GC(276) Eden regions: 1->0(614)
[2024-08-23T17:36:00.282+0800] GC(276) Survivor regions: 0->0(77)
[2024-08-23T17:36:00.282+0800] GC(276) Old regions: 1->1
[2024-08-23T17:36:00.282+0800] GC(276) Archive regions: 0->0
[2024-08-23T17:36:00.282+0800] GC(276) Humongous regions: 459->95
[2024-08-23T17:36:00.282+0800] GC(276) Metaspace: 308K(512K)->308K(512K) NonClass: 300K(384K)->300K(384K) Class: 7K(128K)->7K(128K)
[2024-08-23T17:36:00.282+0800] GC(276) Pause Young (Concurrent Start) (G1 Humongous Allocation) 460M->95M(1024M) 1.020ms
[2024-08-23T17:36:00.282+0800] GC(276) User=0.00s Sys=0.00s Real=0.00s
[2024-08-23T17:36:00.282+0800] GC(277) Concurrent Undo Cycle
[2024-08-23T17:36:00.282+0800] GC(277) Concurrent Cleanup for Next Mark
[2024-08-23T17:36:00.283+0800] GC(277) Concurrent Cleanup for Next Mark 0.800ms
[2024-08-23T17:36:00.283+0800] GC(277) Concurrent Undo Cycle 0.874ms
[2024-08-23T17:36:02.030+0800] GC(278) Pause Young (Concurrent Start) (G1 Humongous Allocation)
[2024-08-23T17:36:02.030+0800] GC(278) Using 6 workers of 6 for evacuation
[2024-08-23T17:36:02.030+0800] GC(278)   Pre Evacuate Collection Set: 0.1ms
[2024-08-23T17:36:02.030+0800] GC(278)   Merge Heap Roots: 0.1ms
[2024-08-23T17:36:02.030+0800] GC(278)   Evacuate Collection Set: 0.1ms
[2024-08-23T17:36:02.030+0800] GC(278)   Post Evacuate Collection Set: 0.3ms
[2024-08-23T17:36:02.030+0800] GC(278)   Other: 0.1ms
[2024-08-23T17:36:02.030+0800] GC(278) Eden regions: 1->0(614)
[2024-08-23T17:36:02.030+0800] GC(278) Survivor regions: 0->0(77)
[2024-08-23T17:36:02.030+0800] GC(278) Old regions: 1->1
[2024-08-23T17:36:02.030+0800] GC(278) Archive regions: 0->0
[2024-08-23T17:36:02.030+0800] GC(278) Humongous regions: 391->57
[2024-08-23T17:36:02.030+0800] GC(278) Metaspace: 308K(512K)->308K(512K) NonClass: 300K(384K)->300K(384K) Class: 7K(128K)->7K(128K)
[2024-08-23T17:36:02.030+0800] GC(278) Pause Young (Concurrent Start) (G1 Humongous Allocation) 392M->57M(1024M) 0.743ms
[2024-08-23T17:36:02.030+0800] GC(278) User=0.00s Sys=0.00s Real=0.00s
[2024-08-23T17:36:02.030+0800] GC(279) Concurrent Undo Cycle
[2024-08-23T17:36:02.030+0800] GC(279) Concurrent Cleanup for Next Mark
[2024-08-23T17:36:02.032+0800] GC(279) Concurrent Cleanup for Next Mark 1.159ms
[2024-08-23T17:36:02.032+0800] GC(279) Concurrent Undo Cycle 1.243ms
[2024-08-23T17:36:05.416+0800] GC(280) Pause Young (Concurrent Start) (G1 Humongous Allocation)
[2024-08-23T17:36:05.416+0800] GC(280) Using 6 workers of 6 for evacuation
[2024-08-23T17:36:05.416+0800] GC(280)   Pre Evacuate Collection Set: 0.1ms
[2024-08-23T17:36:05.416+0800] GC(280)   Merge Heap Roots: 0.1ms
[2024-08-23T17:36:05.416+0800] GC(280)   Evacuate Collection Set: 0.1ms
[2024-08-23T17:36:05.416+0800] GC(280)   Post Evacuate Collection Set: 0.4ms
[2024-08-23T17:36:05.416+0800] GC(280)   Other: 0.1ms
[2024-08-23T17:36:05.416+0800] GC(280) Eden regions: 1->0(614)
[2024-08-23T17:36:05.416+0800] GC(280) Survivor regions: 0->0(77)
[2024-08-23T17:36:05.416+0800] GC(280) Old regions: 1->1
[2024-08-23T17:36:05.416+0800] GC(280) Archive regions: 0->0
[2024-08-23T17:36:05.416+0800] GC(280) Humongous regions: 458->12
[2024-08-23T17:36:05.417+0800] GC(280) Metaspace: 308K(512K)->308K(512K) NonClass: 300K(384K)->300K(384K) Class: 7K(128K)->7K(128K)
[2024-08-23T17:36:05.417+0800] GC(280) Pause Young (Concurrent Start) (G1 Humongous Allocation) 459M->12M(1024M) 0.874ms
[2024-08-23T17:36:05.417+0800] GC(280) User=0.00s Sys=0.00s Real=0.00s
[2024-08-23T17:36:05.417+0800] GC(281) Concurrent Undo Cycle
[2024-08-23T17:36:05.417+0800] GC(281) Concurrent Cleanup for Next Mark
[2024-08-23T17:36:05.417+0800] GC(281) Concurrent Cleanup for Next Mark 0.758ms
[2024-08-23T17:36:05.417+0800] GC(281) Concurrent Undo Cycle 0.831ms
[2024-08-23T17:36:07.717+0800] GC(282) Pause Young (Concurrent Start) (G1 Humongous Allocation)
[2024-08-23T17:36:07.717+0800] GC(282) Using 6 workers of 6 for evacuation
[2024-08-23T17:36:07.717+0800] GC(282)   Pre Evacuate Collection Set: 0.1ms
[2024-08-23T17:36:07.717+0800] GC(282)   Merge Heap Roots: 0.1ms
[2024-08-23T17:36:07.717+0800] GC(282)   Evacuate Collection Set: 0.1ms
[2024-08-23T17:36:07.718+0800] GC(282)   Post Evacuate Collection Set: 0.4ms
[2024-08-23T17:36:07.718+0800] GC(282)   Other: 0.1ms
[2024-08-23T17:36:07.718+0800] GC(282) Eden regions: 1->0(614)
[2024-08-23T17:36:07.718+0800] GC(282) Survivor regions: 0->0(77)
[2024-08-23T17:36:07.718+0800] GC(282) Old regions: 1->1
[2024-08-23T17:36:07.718+0800] GC(282) Archive regions: 0->0
[2024-08-23T17:36:07.718+0800] GC(282) Humongous regions: 365->95
[2024-08-23T17:36:07.718+0800] GC(282) Metaspace: 308K(512K)->308K(512K) NonClass: 300K(384K)->300K(384K) Class: 7K(128K)->7K(128K)
[2024-08-23T17:36:07.718+0800] GC(282) Pause Young (Concurrent Start) (G1 Humongous Allocation) 366M->95M(1024M) 0.915ms
[2024-08-23T17:36:07.718+0800] GC(282) User=0.00s Sys=0.00s Real=0.00s
[2024-08-23T17:36:07.718+0800] GC(283) Concurrent Undo Cycle
[2024-08-23T17:36:07.718+0800] GC(283) Concurrent Cleanup for Next Mark
[2024-08-23T17:36:07.719+0800] GC(283) Concurrent Cleanup for Next Mark 1.009ms
[2024-08-23T17:36:07.719+0800] GC(283) Concurrent Undo Cycle 1.095ms
[2024-08-23T17:36:10.340+0800] GC(284) Pause Young (Concurrent Start) (G1 Humongous Allocation)
[2024-08-23T17:36:10.340+0800] GC(284) Using 6 workers of 6 for evacuation
[2024-08-23T17:36:10.341+0800] GC(284)   Pre Evacuate Collection Set: 0.1ms
[2024-08-23T17:36:10.341+0800] GC(284)   Merge Heap Roots: 0.1ms
[2024-08-23T17:36:10.341+0800] GC(284)   Evacuate Collection Set: 0.1ms
[2024-08-23T17:36:10.341+0800] GC(284)   Post Evacuate Collection Set: 0.4ms
[2024-08-23T17:36:10.341+0800] GC(284)   Other: 0.1ms
[2024-08-23T17:36:10.341+0800] GC(284) Eden regions: 1->0(614)
[2024-08-23T17:36:10.341+0800] GC(284) Survivor regions: 0->0(77)
[2024-08-23T17:36:10.341+0800] GC(284) Old regions: 1->1
[2024-08-23T17:36:10.341+0800] GC(284) Archive regions: 0->0
[2024-08-23T17:36:10.341+0800] GC(284) Humongous regions: 453->68
[2024-08-23T17:36:10.341+0800] GC(284) Metaspace: 308K(512K)->308K(512K) NonClass: 300K(384K)->300K(384K) Class: 7K(128K)->7K(128K)
[2024-08-23T17:36:10.341+0800] GC(284) Pause Young (Concurrent Start) (G1 Humongous Allocation) 454M->68M(1024M) 0.820ms
[2024-08-23T17:36:10.341+0800] GC(284) User=0.00s Sys=0.00s Real=0.00s
[2024-08-23T17:36:10.341+0800] GC(285) Concurrent Undo Cycle
[2024-08-23T17:36:10.341+0800] GC(285) Concurrent Cleanup for Next Mark
[2024-08-23T17:36:10.342+0800] GC(285) Concurrent Cleanup for Next Mark 1.275ms
[2024-08-23T17:36:10.342+0800] GC(285) Concurrent Undo Cycle 1.365ms
[2024-08-23T17:36:11.973+0800] GC(286) Pause Young (Concurrent Start) (G1 Humongous Allocation)
[2024-08-23T17:36:11.973+0800] GC(286) Using 6 workers of 6 for evacuation
[2024-08-23T17:36:11.973+0800] GC(286)   Pre Evacuate Collection Set: 0.1ms
[2024-08-23T17:36:11.973+0800] GC(286)   Merge Heap Roots: 0.1ms
[2024-08-23T17:36:11.973+0800] GC(286)   Evacuate Collection Set: 0.1ms
[2024-08-23T17:36:11.973+0800] GC(286)   Post Evacuate Collection Set: 0.3ms
[2024-08-23T17:36:11.973+0800] GC(286)   Other: 0.1ms
[2024-08-23T17:36:11.973+0800] GC(286) Eden regions: 1->0(614)
[2024-08-23T17:36:11.973+0800] GC(286) Survivor regions: 0->0(77)
[2024-08-23T17:36:11.973+0800] GC(286) Old regions: 1->1
[2024-08-23T17:36:11.973+0800] GC(286) Archive regions: 0->0
[2024-08-23T17:36:11.973+0800] GC(286) Humongous regions: 375->215
[2024-08-23T17:36:11.973+0800] GC(286) Metaspace: 308K(512K)->308K(512K) NonClass: 300K(384K)->300K(384K) Class: 7K(128K)->7K(128K)
[2024-08-23T17:36:11.973+0800] GC(286) Pause Young (Concurrent Start) (G1 Humongous Allocation) 376M->215M(1024M) 0.806ms
[2024-08-23T17:36:11.973+0800] GC(286) User=0.00s Sys=0.00s Real=0.00s
[2024-08-23T17:36:11.973+0800] GC(287) Concurrent Undo Cycle
[2024-08-23T17:36:11.973+0800] GC(287) Concurrent Cleanup for Next Mark
[2024-08-23T17:36:11.974+0800] GC(287) Concurrent Cleanup for Next Mark 1.037ms
[2024-08-23T17:36:11.974+0800] GC(287) Concurrent Undo Cycle 1.125ms
[2024-08-23T17:36:13.394+0800] GC(288) Pause Young (Concurrent Start) (G1 Humongous Allocation)
[2024-08-23T17:36:13.394+0800] GC(288) Using 6 workers of 6 for evacuation
[2024-08-23T17:36:13.394+0800] GC(288)   Pre Evacuate Collection Set: 0.1ms
[2024-08-23T17:36:13.394+0800] GC(288)   Merge Heap Roots: 0.1ms
[2024-08-23T17:36:13.394+0800] GC(288)   Evacuate Collection Set: 0.2ms
[2024-08-23T17:36:13.394+0800] GC(288)   Post Evacuate Collection Set: 0.3ms
[2024-08-23T17:36:13.394+0800] GC(288)   Other: 0.1ms
[2024-08-23T17:36:13.394+0800] GC(288) Eden regions: 1->0(614)
[2024-08-23T17:36:13.394+0800] GC(288) Survivor regions: 0->0(77)
[2024-08-23T17:36:13.394+0800] GC(288) Old regions: 1->1
[2024-08-23T17:36:13.394+0800] GC(288) Archive regions: 0->0
[2024-08-23T17:36:13.394+0800] GC(288) Humongous regions: 424->57
[2024-08-23T17:36:13.394+0800] GC(288) Metaspace: 308K(512K)->308K(512K) NonClass: 300K(384K)->300K(384K) Class: 7K(128K)->7K(128K)
[2024-08-23T17:36:13.394+0800] GC(288) Pause Young (Concurrent Start) (G1 Humongous Allocation) 425M->57M(1024M) 0.864ms
[2024-08-23T17:36:13.394+0800] GC(288) User=0.00s Sys=0.00s Real=0.00s
[2024-08-23T17:36:13.394+0800] GC(289) Concurrent Undo Cycle
[2024-08-23T17:36:13.394+0800] GC(289) Concurrent Cleanup for Next Mark
[2024-08-23T17:36:13.395+0800] GC(289) Concurrent Cleanup for Next Mark 0.945ms
[2024-08-23T17:36:13.395+0800] GC(289) Concurrent Undo Cycle 1.030ms
[2024-08-23T17:36:16.561+0800] GC(290) Pause Young (Concurrent Start) (G1 Humongous Allocation)
[2024-08-23T17:36:16.561+0800] GC(290) Using 6 workers of 6 for evacuation
[2024-08-23T17:36:16.561+0800] GC(290)   Pre Evacuate Collection Set: 0.1ms
[2024-08-23T17:36:16.561+0800] GC(290)   Merge Heap Roots: 0.1ms
[2024-08-23T17:36:16.561+0800] GC(290)   Evacuate Collection Set: 0.1ms
[2024-08-23T17:36:16.561+0800] GC(290)   Post Evacuate Collection Set: 0.4ms
[2024-08-23T17:36:16.561+0800] GC(290)   Other: 0.1ms
[2024-08-23T17:36:16.562+0800] GC(290) Eden regions: 1->0(614)
[2024-08-23T17:36:16.562+0800] GC(290) Survivor regions: 0->0(77)
[2024-08-23T17:36:16.562+0800] GC(290) Old regions: 1->1
[2024-08-23T17:36:16.562+0800] GC(290) Archive regions: 0->0
[2024-08-23T17:36:16.562+0800] GC(290) Humongous regions: 455->11
[2024-08-23T17:36:16.562+0800] GC(290) Metaspace: 308K(512K)->308K(512K) NonClass: 300K(384K)->300K(384K) Class: 7K(128K)->7K(128K)
[2024-08-23T17:36:16.562+0800] GC(290) Pause Young (Concurrent Start) (G1 Humongous Allocation) 456M->11M(1024M) 0.918ms
[2024-08-23T17:36:16.562+0800] GC(290) User=0.00s Sys=0.00s Real=0.00s
[2024-08-23T17:36:16.562+0800] GC(291) Concurrent Undo Cycle
[2024-08-23T17:36:16.562+0800] GC(291) Concurrent Cleanup for Next Mark
[2024-08-23T17:36:16.562+0800] GC(291) Concurrent Cleanup for Next Mark 0.707ms
[2024-08-23T17:36:16.562+0800] GC(291) Concurrent Undo Cycle 0.775ms
[2024-08-23T17:36:19.070+0800] GC(292) Pause Young (Concurrent Start) (G1 Humongous Allocation)
[2024-08-23T17:36:19.070+0800] GC(292) Using 6 workers of 6 for evacuation
[2024-08-23T17:36:19.071+0800] GC(292)   Pre Evacuate Collection Set: 0.1ms
[2024-08-23T17:36:19.071+0800] GC(292)   Merge Heap Roots: 0.0ms
[2024-08-23T17:36:19.071+0800] GC(292)   Evacuate Collection Set: 0.1ms
[2024-08-23T17:36:19.071+0800] GC(292)   Post Evacuate Collection Set: 0.3ms
[2024-08-23T17:36:19.071+0800] GC(292)   Other: 0.1ms
[2024-08-23T17:36:19.071+0800] GC(292) Eden regions: 1->0(614)
[2024-08-23T17:36:19.071+0800] GC(292) Survivor regions: 0->0(77)
[2024-08-23T17:36:19.071+0800] GC(292) Old regions: 1->1
[2024-08-23T17:36:19.071+0800] GC(292) Archive regions: 0->0
[2024-08-23T17:36:19.071+0800] GC(292) Humongous regions: 376->84
[2024-08-23T17:36:19.071+0800] GC(292) Metaspace: 308K(512K)->308K(512K) NonClass: 300K(384K)->300K(384K) Class: 7K(128K)->7K(128K)
[2024-08-23T17:36:19.071+0800] GC(292) Pause Young (Concurrent Start) (G1 Humongous Allocation) 377M->84M(1024M) 0.730ms
[2024-08-23T17:36:19.071+0800] GC(292) User=0.00s Sys=0.02s Real=0.00s
[2024-08-23T17:36:19.071+0800] GC(293) Concurrent Undo Cycle
[2024-08-23T17:36:19.071+0800] GC(293) Concurrent Cleanup for Next Mark
[2024-08-23T17:36:19.072+0800] GC(293) Concurrent Cleanup for Next Mark 0.835ms
[2024-08-23T17:36:19.072+0800] GC(293) Concurrent Undo Cycle 0.912ms
[2024-08-23T17:36:21.792+0800] GC(294) Pause Young (Concurrent Start) (G1 Humongous Allocation)
[2024-08-23T17:36:21.792+0800] GC(294) Using 6 workers of 6 for evacuation
[2024-08-23T17:36:21.792+0800] GC(294)   Pre Evacuate Collection Set: 0.1ms
[2024-08-23T17:36:21.792+0800] GC(294)   Merge Heap Roots: 0.1ms
[2024-08-23T17:36:21.792+0800] GC(294)   Evacuate Collection Set: 0.1ms
[2024-08-23T17:36:21.792+0800] GC(294)   Post Evacuate Collection Set: 0.3ms
[2024-08-23T17:36:21.792+0800] GC(294)   Other: 0.1ms
[2024-08-23T17:36:21.792+0800] GC(294) Eden regions: 1->0(614)
[2024-08-23T17:36:21.792+0800] GC(294) Survivor regions: 0->0(77)
[2024-08-23T17:36:21.792+0800] GC(294) Old regions: 1->1
[2024-08-23T17:36:21.792+0800] GC(294) Archive regions: 0->0
[2024-08-23T17:36:21.793+0800] GC(294) Humongous regions: 448->128
[2024-08-23T17:36:21.793+0800] GC(294) Metaspace: 308K(512K)->308K(512K) NonClass: 300K(384K)->300K(384K) Class: 7K(128K)->7K(128K)
[2024-08-23T17:36:21.793+0800] GC(294) Pause Young (Concurrent Start) (G1 Humongous Allocation) 449M->128M(1024M) 0.844ms
[2024-08-23T17:36:21.793+0800] GC(294) User=0.00s Sys=0.00s Real=0.00s
[2024-08-23T17:36:21.793+0800] GC(295) Concurrent Undo Cycle
[2024-08-23T17:36:21.793+0800] GC(295) Concurrent Cleanup for Next Mark
[2024-08-23T17:36:21.794+0800] GC(295) Concurrent Cleanup for Next Mark 0.928ms
[2024-08-23T17:36:21.794+0800] GC(295) Concurrent Undo Cycle 1.027ms
[2024-08-23T17:36:23.320+0800] GC(296) Pause Young (Concurrent Start) (G1 Humongous Allocation)
[2024-08-23T17:36:23.320+0800] GC(296) Using 6 workers of 6 for evacuation
[2024-08-23T17:36:23.321+0800] GC(296)   Pre Evacuate Collection Set: 0.1ms
[2024-08-23T17:36:23.321+0800] GC(296)   Merge Heap Roots: 0.1ms
[2024-08-23T17:36:23.321+0800] GC(296)   Evacuate Collection Set: 0.1ms
[2024-08-23T17:36:23.321+0800] GC(296)   Post Evacuate Collection Set: 0.4ms
[2024-08-23T17:36:23.321+0800] GC(296)   Other: 0.1ms
[2024-08-23T17:36:23.321+0800] GC(296) Eden regions: 1->0(614)
[2024-08-23T17:36:23.321+0800] GC(296) Survivor regions: 0->0(77)
[2024-08-23T17:36:23.321+0800] GC(296) Old regions: 1->1
[2024-08-23T17:36:23.321+0800] GC(296) Archive regions: 0->0
[2024-08-23T17:36:23.321+0800] GC(296) Humongous regions: 414->166
[2024-08-23T17:36:23.321+0800] GC(296) Metaspace: 308K(512K)->308K(512K) NonClass: 300K(384K)->300K(384K) Class: 7K(128K)->7K(128K)
[2024-08-23T17:36:23.321+0800] GC(296) Pause Young (Concurrent Start) (G1 Humongous Allocation) 415M->166M(1024M) 0.942ms
[2024-08-23T17:36:23.321+0800] GC(296) User=0.00s Sys=0.00s Real=0.00s
[2024-08-23T17:36:23.321+0800] GC(297) Concurrent Undo Cycle
[2024-08-23T17:36:23.321+0800] GC(297) Concurrent Cleanup for Next Mark
[2024-08-23T17:36:23.322+0800] GC(297) Concurrent Cleanup for Next Mark 0.865ms
[2024-08-23T17:36:23.322+0800] GC(297) Concurrent Undo Cycle 0.939ms
[2024-08-23T17:36:24.739+0800] GC(298) Pause Young (Concurrent Start) (G1 Humongous Allocation)
[2024-08-23T17:36:24.739+0800] GC(298) Using 6 workers of 6 for evacuation
[2024-08-23T17:36:24.739+0800] GC(298)   Pre Evacuate Collection Set: 0.1ms
[2024-08-23T17:36:24.739+0800] GC(298)   Merge Heap Roots: 0.1ms
[2024-08-23T17:36:24.739+0800] GC(298)   Evacuate Collection Set: 0.1ms
[2024-08-23T17:36:24.739+0800] GC(298)   Post Evacuate Collection Set: 0.4ms
[2024-08-23T17:36:24.739+0800] GC(298)   Other: 0.1ms
[2024-08-23T17:36:24.739+0800] GC(298) Eden regions: 1->0(614)
[2024-08-23T17:36:24.739+0800] GC(298) Survivor regions: 0->0(77)
[2024-08-23T17:36:24.739+0800] GC(298) Old regions: 1->1
[2024-08-23T17:36:24.739+0800] GC(298) Archive regions: 0->0
[2024-08-23T17:36:24.739+0800] GC(298) Humongous regions: 371->62
[2024-08-23T17:36:24.739+0800] GC(298) Metaspace: 308K(512K)->308K(512K) NonClass: 300K(384K)->300K(384K) Class: 7K(128K)->7K(128K)
[2024-08-23T17:36:24.739+0800] GC(298) Pause Young (Concurrent Start) (G1 Humongous Allocation) 372M->62M(1024M) 0.864ms
[2024-08-23T17:36:24.739+0800] GC(298) User=0.00s Sys=0.00s Real=0.00s
[2024-08-23T17:36:24.739+0800] GC(299) Concurrent Undo Cycle
[2024-08-23T17:36:24.739+0800] GC(299) Concurrent Cleanup for Next Mark
[2024-08-23T17:36:24.741+0800] GC(299) Concurrent Cleanup for Next Mark 1.119ms
[2024-08-23T17:36:24.741+0800] GC(299) Concurrent Undo Cycle 1.217ms
[2024-08-23T17:36:27.354+0800] GC(300) Pause Young (Concurrent Start) (G1 Humongous Allocation)
[2024-08-23T17:36:27.354+0800] GC(300) Using 6 workers of 6 for evacuation
[2024-08-23T17:36:27.355+0800] GC(300)   Pre Evacuate Collection Set: 0.1ms
[2024-08-23T17:36:27.355+0800] GC(300)   Merge Heap Roots: 0.1ms
[2024-08-23T17:36:27.355+0800] GC(300)   Evacuate Collection Set: 0.2ms
[2024-08-23T17:36:27.355+0800] GC(300)   Post Evacuate Collection Set: 0.5ms
[2024-08-23T17:36:27.355+0800] GC(300)   Other: 0.1ms
[2024-08-23T17:36:27.355+0800] GC(300) Eden regions: 1->0(614)
[2024-08-23T17:36:27.355+0800] GC(300) Survivor regions: 0->0(77)
[2024-08-23T17:36:27.355+0800] GC(300) Old regions: 1->1
[2024-08-23T17:36:27.355+0800] GC(300) Archive regions: 0->0
[2024-08-23T17:36:27.355+0800] GC(300) Humongous regions: 460->45
[2024-08-23T17:36:27.355+0800] GC(300) Metaspace: 308K(512K)->308K(512K) NonClass: 300K(384K)->300K(384K) Class: 7K(128K)->7K(128K)
[2024-08-23T17:36:27.355+0800] GC(300) Pause Young (Concurrent Start) (G1 Humongous Allocation) 461M->45M(1024M) 1.010ms
[2024-08-23T17:36:27.355+0800] GC(300) User=0.00s Sys=0.00s Real=0.00s
[2024-08-23T17:36:27.355+0800] GC(301) Concurrent Undo Cycle
[2024-08-23T17:36:27.355+0800] GC(301) Concurrent Cleanup for Next Mark
[2024-08-23T17:36:27.357+0800] GC(301) Concurrent Cleanup for Next Mark 1.452ms
[2024-08-23T17:36:27.357+0800] GC(301) Concurrent Undo Cycle 1.555ms
[2024-08-23T17:36:30.408+0800] GC(302) Pause Young (Concurrent Start) (G1 Humongous Allocation)
[2024-08-23T17:36:30.408+0800] GC(302) Using 6 workers of 6 for evacuation
[2024-08-23T17:36:30.408+0800] GC(302)   Pre Evacuate Collection Set: 0.1ms
[2024-08-23T17:36:30.408+0800] GC(302)   Merge Heap Roots: 0.1ms
[2024-08-23T17:36:30.408+0800] GC(302)   Evacuate Collection Set: 0.1ms
[2024-08-23T17:36:30.408+0800] GC(302)   Post Evacuate Collection Set: 0.3ms
[2024-08-23T17:36:30.408+0800] GC(302)   Other: 0.1ms
[2024-08-23T17:36:30.408+0800] GC(302) Eden regions: 1->0(614)
[2024-08-23T17:36:30.408+0800] GC(302) Survivor regions: 0->0(77)
[2024-08-23T17:36:30.408+0800] GC(302) Old regions: 1->1
[2024-08-23T17:36:30.408+0800] GC(302) Archive regions: 0->0
[2024-08-23T17:36:30.408+0800] GC(302) Humongous regions: 425->114
[2024-08-23T17:36:30.408+0800] GC(302) Metaspace: 308K(512K)->308K(512K) NonClass: 300K(384K)->300K(384K) Class: 7K(128K)->7K(128K)
[2024-08-23T17:36:30.408+0800] GC(302) Pause Young (Concurrent Start) (G1 Humongous Allocation) 426M->114M(1024M) 0.864ms
[2024-08-23T17:36:30.408+0800] GC(302) User=0.00s Sys=0.00s Real=0.00s
[2024-08-23T17:36:30.408+0800] GC(303) Concurrent Undo Cycle
[2024-08-23T17:36:30.408+0800] GC(303) Concurrent Cleanup for Next Mark
[2024-08-23T17:36:30.409+0800] GC(303) Concurrent Cleanup for Next Mark 1.241ms
[2024-08-23T17:36:30.409+0800] GC(303) Concurrent Undo Cycle 1.333ms
[2024-08-23T17:36:33.136+0800] GC(304) Pause Young (Concurrent Start) (G1 Humongous Allocation)
[2024-08-23T17:36:33.136+0800] GC(304) Using 6 workers of 6 for evacuation
[2024-08-23T17:36:33.137+0800] GC(304)   Pre Evacuate Collection Set: 0.1ms
[2024-08-23T17:36:33.137+0800] GC(304)   Merge Heap Roots: 0.1ms
[2024-08-23T17:36:33.137+0800] GC(304)   Evacuate Collection Set: 0.1ms
[2024-08-23T17:36:33.137+0800] GC(304)   Post Evacuate Collection Set: 0.5ms
[2024-08-23T17:36:33.137+0800] GC(304)   Other: 0.1ms
[2024-08-23T17:36:33.137+0800] GC(304) Eden regions: 1->0(614)
[2024-08-23T17:36:33.137+0800] GC(304) Survivor regions: 0->0(77)
[2024-08-23T17:36:33.137+0800] GC(304) Old regions: 1->1
[2024-08-23T17:36:33.137+0800] GC(304) Archive regions: 0->0
[2024-08-23T17:36:33.137+0800] GC(304) Humongous regions: 433->29
[2024-08-23T17:36:33.137+0800] GC(304) Metaspace: 308K(512K)->308K(512K) NonClass: 300K(384K)->300K(384K) Class: 7K(128K)->7K(128K)
[2024-08-23T17:36:33.137+0800] GC(304) Pause Young (Concurrent Start) (G1 Humongous Allocation) 434M->29M(1024M) 1.023ms
[2024-08-23T17:36:33.137+0800] GC(304) User=0.00s Sys=0.00s Real=0.00s
[2024-08-23T17:36:33.137+0800] GC(305) Concurrent Undo Cycle
[2024-08-23T17:36:33.137+0800] GC(305) Concurrent Cleanup for Next Mark
[2024-08-23T17:36:33.138+0800] GC(305) Concurrent Cleanup for Next Mark 0.919ms
[2024-08-23T17:36:33.138+0800] GC(305) Concurrent Undo Cycle 1.025ms
[2024-08-23T17:36:35.862+0800] GC(306) Pause Young (Concurrent Start) (G1 Humongous Allocation)
[2024-08-23T17:36:35.862+0800] GC(306) Using 6 workers of 6 for evacuation
[2024-08-23T17:36:35.862+0800] GC(306)   Pre Evacuate Collection Set: 0.1ms
[2024-08-23T17:36:35.862+0800] GC(306)   Merge Heap Roots: 0.0ms
[2024-08-23T17:36:35.862+0800] GC(306)   Evacuate Collection Set: 0.1ms
[2024-08-23T17:36:35.862+0800] GC(306)   Post Evacuate Collection Set: 0.2ms
[2024-08-23T17:36:35.862+0800] GC(306)   Other: 0.1ms
[2024-08-23T17:36:35.862+0800] GC(306) Eden regions: 1->0(614)
[2024-08-23T17:36:35.862+0800] GC(306) Survivor regions: 0->0(77)
[2024-08-23T17:36:35.862+0800] GC(306) Old regions: 1->1
[2024-08-23T17:36:35.862+0800] GC(306) Archive regions: 0->0
[2024-08-23T17:36:35.862+0800] GC(306) Humongous regions: 448->11
[2024-08-23T17:36:35.862+0800] GC(306) Metaspace: 308K(512K)->308K(512K) NonClass: 300K(384K)->300K(384K) Class: 7K(128K)->7K(128K)
[2024-08-23T17:36:35.862+0800] GC(306) Pause Young (Concurrent Start) (G1 Humongous Allocation) 449M->11M(1024M) 0.630ms
[2024-08-23T17:36:35.862+0800] GC(306) User=0.00s Sys=0.00s Real=0.00s
[2024-08-23T17:36:35.862+0800] GC(307) Concurrent Undo Cycle
[2024-08-23T17:36:35.862+0800] GC(307) Concurrent Cleanup for Next Mark
[2024-08-23T17:36:35.863+0800] GC(307) Concurrent Cleanup for Next Mark 1.049ms
[2024-08-23T17:36:35.863+0800] GC(307) Concurrent Undo Cycle 1.148ms
[2024-08-23T17:36:38.479+0800] GC(308) Pause Young (Concurrent Start) (G1 Humongous Allocation)
[2024-08-23T17:36:38.479+0800] GC(308) Using 6 workers of 6 for evacuation
[2024-08-23T17:36:38.479+0800] GC(308)   Pre Evacuate Collection Set: 0.1ms
[2024-08-23T17:36:38.479+0800] GC(308)   Merge Heap Roots: 0.1ms
[2024-08-23T17:36:38.479+0800] GC(308)   Evacuate Collection Set: 0.2ms
[2024-08-23T17:36:38.479+0800] GC(308)   Post Evacuate Collection Set: 0.4ms
[2024-08-23T17:36:38.479+0800] GC(308)   Other: 0.1ms
[2024-08-23T17:36:38.479+0800] GC(308) Eden regions: 1->0(614)
[2024-08-23T17:36:38.479+0800] GC(308) Survivor regions: 0->0(77)
[2024-08-23T17:36:38.479+0800] GC(308) Old regions: 1->1
[2024-08-23T17:36:38.479+0800] GC(308) Archive regions: 0->0
[2024-08-23T17:36:38.479+0800] GC(308) Humongous regions: 459->50
[2024-08-23T17:36:38.479+0800] GC(308) Metaspace: 308K(512K)->308K(512K) NonClass: 300K(384K)->300K(384K) Class: 7K(128K)->7K(128K)
[2024-08-23T17:36:38.479+0800] GC(308) Pause Young (Concurrent Start) (G1 Humongous Allocation) 460M->50M(1024M) 1.032ms
[2024-08-23T17:36:38.479+0800] GC(308) User=0.00s Sys=0.00s Real=0.00s
[2024-08-23T17:36:38.479+0800] GC(309) Concurrent Undo Cycle
[2024-08-23T17:36:38.479+0800] GC(309) Concurrent Cleanup for Next Mark
[2024-08-23T17:36:38.480+0800] GC(309) Concurrent Cleanup for Next Mark 0.997ms
[2024-08-23T17:36:38.480+0800] GC(309) Concurrent Undo Cycle 1.073ms
[2024-08-23T17:36:41.642+0800] GC(310) Pause Young (Concurrent Start) (G1 Humongous Allocation)
[2024-08-23T17:36:41.642+0800] GC(310) Using 6 workers of 6 for evacuation
[2024-08-23T17:36:41.642+0800] GC(310)   Pre Evacuate Collection Set: 0.1ms
[2024-08-23T17:36:41.642+0800] GC(310)   Merge Heap Roots: 0.1ms
[2024-08-23T17:36:41.642+0800] GC(310)   Evacuate Collection Set: 0.1ms
[2024-08-23T17:36:41.642+0800] GC(310)   Post Evacuate Collection Set: 0.4ms
[2024-08-23T17:36:41.642+0800] GC(310)   Other: 0.1ms
[2024-08-23T17:36:41.642+0800] GC(310) Eden regions: 1->0(614)
[2024-08-23T17:36:41.642+0800] GC(310) Survivor regions: 0->0(77)
[2024-08-23T17:36:41.642+0800] GC(310) Old regions: 1->1
[2024-08-23T17:36:41.642+0800] GC(310) Archive regions: 0->0
[2024-08-23T17:36:41.642+0800] GC(310) Humongous regions: 446->134
[2024-08-23T17:36:41.642+0800] GC(310) Metaspace: 308K(512K)->308K(512K) NonClass: 300K(384K)->300K(384K) Class: 7K(128K)->7K(128K)
[2024-08-23T17:36:41.642+0800] GC(310) Pause Young (Concurrent Start) (G1 Humongous Allocation) 447M->134M(1024M) 0.836ms
[2024-08-23T17:36:41.642+0800] GC(310) User=0.00s Sys=0.00s Real=0.00s
[2024-08-23T17:36:41.643+0800] GC(311) Concurrent Undo Cycle
[2024-08-23T17:36:41.643+0800] GC(311) Concurrent Cleanup for Next Mark
[2024-08-23T17:36:41.644+0800] GC(311) Concurrent Cleanup for Next Mark 0.989ms
[2024-08-23T17:36:41.644+0800] GC(311) Concurrent Undo Cycle 1.084ms
[2024-08-23T17:36:44.590+0800] GC(312) Pause Young (Concurrent Start) (G1 Humongous Allocation)
[2024-08-23T17:36:44.590+0800] GC(312) Using 6 workers of 6 for evacuation
[2024-08-23T17:36:44.591+0800] GC(312)   Pre Evacuate Collection Set: 0.1ms
[2024-08-23T17:36:44.591+0800] GC(312)   Merge Heap Roots: 0.1ms
[2024-08-23T17:36:44.591+0800] GC(312)   Evacuate Collection Set: 0.2ms
[2024-08-23T17:36:44.591+0800] GC(312)   Post Evacuate Collection Set: 0.4ms
[2024-08-23T17:36:44.591+0800] GC(312)   Other: 0.1ms
[2024-08-23T17:36:44.591+0800] GC(312) Eden regions: 1->0(614)
[2024-08-23T17:36:44.591+0800] GC(312) Survivor regions: 0->0(77)
[2024-08-23T17:36:44.591+0800] GC(312) Old regions: 1->1
[2024-08-23T17:36:44.591+0800] GC(312) Archive regions: 0->0
[2024-08-23T17:36:44.591+0800] GC(312) Humongous regions: 460->64
[2024-08-23T17:36:44.591+0800] GC(312) Metaspace: 308K(512K)->308K(512K) NonClass: 300K(384K)->300K(384K) Class: 7K(128K)->7K(128K)
[2024-08-23T17:36:44.591+0800] GC(312) Pause Young (Concurrent Start) (G1 Humongous Allocation) 461M->64M(1024M) 0.996ms
[2024-08-23T17:36:44.591+0800] GC(312) User=0.00s Sys=0.00s Real=0.00s
[2024-08-23T17:36:44.591+0800] GC(313) Concurrent Undo Cycle
[2024-08-23T17:36:44.591+0800] GC(313) Concurrent Cleanup for Next Mark
[2024-08-23T17:36:44.592+0800] GC(313) Concurrent Cleanup for Next Mark 1.061ms
[2024-08-23T17:36:44.592+0800] GC(313) Concurrent Undo Cycle 1.153ms
[2024-08-23T17:36:47.322+0800] GC(314) Pause Young (Concurrent Start) (G1 Humongous Allocation)
[2024-08-23T17:36:47.322+0800] GC(314) Using 6 workers of 6 for evacuation
[2024-08-23T17:36:47.323+0800] GC(314)   Pre Evacuate Collection Set: 0.1ms
[2024-08-23T17:36:47.323+0800] GC(314)   Merge Heap Roots: 0.1ms
[2024-08-23T17:36:47.323+0800] GC(314)   Evacuate Collection Set: 0.2ms
[2024-08-23T17:36:47.323+0800] GC(314)   Post Evacuate Collection Set: 0.5ms
[2024-08-23T17:36:47.323+0800] GC(314)   Other: 0.1ms
[2024-08-23T17:36:47.323+0800] GC(314) Eden regions: 1->0(614)
[2024-08-23T17:36:47.323+0800] GC(314) Survivor regions: 0->0(77)
[2024-08-23T17:36:47.323+0800] GC(314) Old regions: 1->1
[2024-08-23T17:36:47.323+0800] GC(314) Archive regions: 0->0
[2024-08-23T17:36:47.323+0800] GC(314) Humongous regions: 448->21
[2024-08-23T17:36:47.323+0800] GC(314) Metaspace: 308K(512K)->308K(512K) NonClass: 300K(384K)->300K(384K) Class: 7K(128K)->7K(128K)
[2024-08-23T17:36:47.323+0800] GC(314) Pause Young (Concurrent Start) (G1 Humongous Allocation) 449M->21M(1024M) 1.046ms
[2024-08-23T17:36:47.323+0800] GC(314) User=0.00s Sys=0.00s Real=0.00s
[2024-08-23T17:36:47.323+0800] GC(315) Concurrent Undo Cycle
[2024-08-23T17:36:47.323+0800] GC(315) Concurrent Cleanup for Next Mark
[2024-08-23T17:36:47.324+0800] GC(315) Concurrent Cleanup for Next Mark 1.001ms
[2024-08-23T17:36:47.324+0800] GC(315) Concurrent Undo Cycle 1.092ms
[2024-08-23T17:36:49.939+0800] GC(316) Pause Young (Concurrent Start) (G1 Humongous Allocation)
[2024-08-23T17:36:49.939+0800] GC(316) Using 6 workers of 6 for evacuation
[2024-08-23T17:36:49.939+0800] GC(316)   Pre Evacuate Collection Set: 0.1ms
[2024-08-23T17:36:49.939+0800] GC(316)   Merge Heap Roots: 0.1ms
[2024-08-23T17:36:49.939+0800] GC(316)   Evacuate Collection Set: 0.2ms
[2024-08-23T17:36:49.939+0800] GC(316)   Post Evacuate Collection Set: 0.5ms
[2024-08-23T17:36:49.939+0800] GC(316)   Other: 0.1ms
[2024-08-23T17:36:49.939+0800] GC(316) Eden regions: 1->0(614)
[2024-08-23T17:36:49.939+0800] GC(316) Survivor regions: 0->0(77)
[2024-08-23T17:36:49.939+0800] GC(316) Old regions: 1->1
[2024-08-23T17:36:49.939+0800] GC(316) Archive regions: 0->0
[2024-08-23T17:36:49.939+0800] GC(316) Humongous regions: 459->95
[2024-08-23T17:36:49.939+0800] GC(316) Metaspace: 308K(512K)->308K(512K) NonClass: 300K(384K)->300K(384K) Class: 7K(128K)->7K(128K)
[2024-08-23T17:36:49.939+0800] GC(316) Pause Young (Concurrent Start) (G1 Humongous Allocation) 460M->95M(1024M) 1.044ms
[2024-08-23T17:36:49.939+0800] GC(316) User=0.00s Sys=0.00s Real=0.00s
[2024-08-23T17:36:49.939+0800] GC(317) Concurrent Undo Cycle
[2024-08-23T17:36:49.939+0800] GC(317) Concurrent Cleanup for Next Mark
[2024-08-23T17:36:49.941+0800] GC(317) Concurrent Cleanup for Next Mark 0.821ms
[2024-08-23T17:36:49.941+0800] GC(317) Concurrent Undo Cycle 0.886ms
[2024-08-23T17:36:51.689+0800] GC(318) Pause Young (Concurrent Start) (G1 Humongous Allocation)
[2024-08-23T17:36:51.689+0800] GC(318) Using 6 workers of 6 for evacuation
[2024-08-23T17:36:51.690+0800] GC(318)   Pre Evacuate Collection Set: 0.1ms
[2024-08-23T17:36:51.690+0800] GC(318)   Merge Heap Roots: 0.1ms
[2024-08-23T17:36:51.690+0800] GC(318)   Evacuate Collection Set: 0.1ms
[2024-08-23T17:36:51.690+0800] GC(318)   Post Evacuate Collection Set: 0.3ms
[2024-08-23T17:36:51.690+0800] GC(318)   Other: 0.1ms
[2024-08-23T17:36:51.690+0800] GC(318) Eden regions: 1->0(614)
[2024-08-23T17:36:51.690+0800] GC(318) Survivor regions: 0->0(77)
[2024-08-23T17:36:51.690+0800] GC(318) Old regions: 1->1
[2024-08-23T17:36:51.690+0800] GC(318) Archive regions: 0->0
[2024-08-23T17:36:51.690+0800] GC(318) Humongous regions: 391->57
[2024-08-23T17:36:51.690+0800] GC(318) Metaspace: 308K(512K)->308K(512K) NonClass: 300K(384K)->300K(384K) Class: 7K(128K)->7K(128K)
[2024-08-23T17:36:51.690+0800] GC(318) Pause Young (Concurrent Start) (G1 Humongous Allocation) 392M->57M(1024M) 0.756ms
[2024-08-23T17:36:51.690+0800] GC(318) User=0.00s Sys=0.00s Real=0.00s
[2024-08-23T17:36:51.690+0800] GC(319) Concurrent Undo Cycle
[2024-08-23T17:36:51.690+0800] GC(319) Concurrent Cleanup for Next Mark
[2024-08-23T17:36:51.690+0800] GC(319) Concurrent Cleanup for Next Mark 0.862ms
[2024-08-23T17:36:51.690+0800] GC(319) Concurrent Undo Cycle 0.937ms
[2024-08-23T17:36:55.074+0800] GC(320) Pause Young (Concurrent Start) (G1 Humongous Allocation)
[2024-08-23T17:36:55.074+0800] GC(320) Using 6 workers of 6 for evacuation
[2024-08-23T17:36:55.075+0800] GC(320)   Pre Evacuate Collection Set: 0.1ms
[2024-08-23T17:36:55.075+0800] GC(320)   Merge Heap Roots: 0.1ms
[2024-08-23T17:36:55.075+0800] GC(320)   Evacuate Collection Set: 0.1ms
[2024-08-23T17:36:55.075+0800] GC(320)   Post Evacuate Collection Set: 0.4ms
[2024-08-23T17:36:55.075+0800] GC(320)   Other: 0.1ms
[2024-08-23T17:36:55.075+0800] GC(320) Eden regions: 1->0(614)
[2024-08-23T17:36:55.075+0800] GC(320) Survivor regions: 0->0(77)
[2024-08-23T17:36:55.075+0800] GC(320) Old regions: 1->1
[2024-08-23T17:36:55.075+0800] GC(320) Archive regions: 0->0
[2024-08-23T17:36:55.075+0800] GC(320) Humongous regions: 458->12
[2024-08-23T17:36:55.075+0800] GC(320) Metaspace: 308K(512K)->308K(512K) NonClass: 300K(384K)->300K(384K) Class: 7K(128K)->7K(128K)
[2024-08-23T17:36:55.075+0800] GC(320) Pause Young (Concurrent Start) (G1 Humongous Allocation) 459M->12M(1024M) 0.962ms
[2024-08-23T17:36:55.075+0800] GC(320) User=0.00s Sys=0.00s Real=0.00s
[2024-08-23T17:36:55.075+0800] GC(321) Concurrent Undo Cycle
[2024-08-23T17:36:55.075+0800] GC(321) Concurrent Cleanup for Next Mark
[2024-08-23T17:36:55.075+0800] GC(321) Concurrent Cleanup for Next Mark 0.742ms
[2024-08-23T17:36:55.076+0800] GC(321) Concurrent Undo Cycle 0.810ms
[2024-08-23T17:36:57.362+0800] GC(322) Pause Young (Concurrent Start) (G1 Humongous Allocation)
[2024-08-23T17:36:57.362+0800] GC(322) Using 6 workers of 6 for evacuation
[2024-08-23T17:36:57.363+0800] GC(322)   Pre Evacuate Collection Set: 0.1ms
[2024-08-23T17:36:57.363+0800] GC(322)   Merge Heap Roots: 0.1ms
[2024-08-23T17:36:57.363+0800] GC(322)   Evacuate Collection Set: 0.1ms
[2024-08-23T17:36:57.363+0800] GC(322)   Post Evacuate Collection Set: 0.4ms
[2024-08-23T17:36:57.363+0800] GC(322)   Other: 0.1ms
[2024-08-23T17:36:57.363+0800] GC(322) Eden regions: 1->0(614)
[2024-08-23T17:36:57.363+0800] GC(322) Survivor regions: 0->0(77)
[2024-08-23T17:36:57.363+0800] GC(322) Old regions: 1->1
[2024-08-23T17:36:57.363+0800] GC(322) Archive regions: 0->0
[2024-08-23T17:36:57.363+0800] GC(322) Humongous regions: 365->95
[2024-08-23T17:36:57.363+0800] GC(322) Metaspace: 308K(512K)->308K(512K) NonClass: 300K(384K)->300K(384K) Class: 7K(128K)->7K(128K)
[2024-08-23T17:36:57.363+0800] GC(322) Pause Young (Concurrent Start) (G1 Humongous Allocation) 366M->95M(1024M) 0.838ms
[2024-08-23T17:36:57.363+0800] GC(322) User=0.00s Sys=0.00s Real=0.00s
[2024-08-23T17:36:57.363+0800] GC(323) Concurrent Undo Cycle
[2024-08-23T17:36:57.363+0800] GC(323) Concurrent Cleanup for Next Mark
[2024-08-23T17:36:57.364+0800] GC(323) Concurrent Cleanup for Next Mark 1.026ms
[2024-08-23T17:36:57.364+0800] GC(323) Concurrent Undo Cycle 1.113ms
[2024-08-23T17:36:59.984+0800] GC(324) Pause Young (Concurrent Start) (G1 Humongous Allocation)
[2024-08-23T17:36:59.984+0800] GC(324) Using 6 workers of 6 for evacuation
[2024-08-23T17:36:59.984+0800] GC(324)   Pre Evacuate Collection Set: 0.1ms
[2024-08-23T17:36:59.984+0800] GC(324)   Merge Heap Roots: 0.1ms
[2024-08-23T17:36:59.984+0800] GC(324)   Evacuate Collection Set: 0.1ms
[2024-08-23T17:36:59.984+0800] GC(324)   Post Evacuate Collection Set: 0.5ms
[2024-08-23T17:36:59.984+0800] GC(324)   Other: 0.1ms
[2024-08-23T17:36:59.984+0800] GC(324) Eden regions: 1->0(614)
[2024-08-23T17:36:59.984+0800] GC(324) Survivor regions: 0->0(77)
[2024-08-23T17:36:59.984+0800] GC(324) Old regions: 1->1
[2024-08-23T17:36:59.984+0800] GC(324) Archive regions: 0->0
[2024-08-23T17:36:59.984+0800] GC(324) Humongous regions: 453->68
[2024-08-23T17:36:59.984+0800] GC(324) Metaspace: 308K(512K)->308K(512K) NonClass: 300K(384K)->300K(384K) Class: 7K(128K)->7K(128K)
[2024-08-23T17:36:59.984+0800] GC(324) Pause Young (Concurrent Start) (G1 Humongous Allocation) 454M->68M(1024M) 0.975ms
[2024-08-23T17:36:59.984+0800] GC(324) User=0.00s Sys=0.00s Real=0.00s
[2024-08-23T17:36:59.984+0800] GC(325) Concurrent Undo Cycle
[2024-08-23T17:36:59.984+0800] GC(325) Concurrent Cleanup for Next Mark
[2024-08-23T17:36:59.985+0800] GC(325) Concurrent Cleanup for Next Mark 0.976ms
[2024-08-23T17:36:59.985+0800] GC(325) Concurrent Undo Cycle 1.068ms
[2024-08-23T17:37:01.618+0800] GC(326) Pause Young (Concurrent Start) (G1 Humongous Allocation)
[2024-08-23T17:37:01.618+0800] GC(326) Using 6 workers of 6 for evacuation
[2024-08-23T17:37:01.618+0800] GC(326)   Pre Evacuate Collection Set: 0.1ms
[2024-08-23T17:37:01.618+0800] GC(326)   Merge Heap Roots: 0.1ms
[2024-08-23T17:37:01.618+0800] GC(326)   Evacuate Collection Set: 0.1ms
[2024-08-23T17:37:01.618+0800] GC(326)   Post Evacuate Collection Set: 0.4ms
[2024-08-23T17:37:01.618+0800] GC(326)   Other: 0.1ms
[2024-08-23T17:37:01.618+0800] GC(326) Eden regions: 1->0(614)
[2024-08-23T17:37:01.618+0800] GC(326) Survivor regions: 0->0(77)
[2024-08-23T17:37:01.618+0800] GC(326) Old regions: 1->1
[2024-08-23T17:37:01.618+0800] GC(326) Archive regions: 0->0
[2024-08-23T17:37:01.618+0800] GC(326) Humongous regions: 375->215
[2024-08-23T17:37:01.618+0800] GC(326) Metaspace: 308K(512K)->308K(512K) NonClass: 300K(384K)->300K(384K) Class: 7K(128K)->7K(128K)
[2024-08-23T17:37:01.618+0800] GC(326) Pause Young (Concurrent Start) (G1 Humongous Allocation) 376M->215M(1024M) 0.950ms
[2024-08-23T17:37:01.618+0800] GC(326) User=0.00s Sys=0.00s Real=0.00s
[2024-08-23T17:37:01.618+0800] GC(327) Concurrent Undo Cycle
[2024-08-23T17:37:01.618+0800] GC(327) Concurrent Cleanup for Next Mark
[2024-08-23T17:37:01.619+0800] GC(327) Concurrent Cleanup for Next Mark 0.922ms
[2024-08-23T17:37:01.619+0800] GC(327) Concurrent Undo Cycle 1.010ms
[2024-08-23T17:37:03.036+0800] GC(328) Pause Young (Concurrent Start) (G1 Humongous Allocation)
[2024-08-23T17:37:03.036+0800] GC(328) Using 6 workers of 6 for evacuation
[2024-08-23T17:37:03.036+0800] GC(328)   Pre Evacuate Collection Set: 0.1ms
[2024-08-23T17:37:03.036+0800] GC(328)   Merge Heap Roots: 0.1ms
[2024-08-23T17:37:03.036+0800] GC(328)   Evacuate Collection Set: 0.2ms
[2024-08-23T17:37:03.036+0800] GC(328)   Post Evacuate Collection Set: 0.4ms
[2024-08-23T17:37:03.036+0800] GC(328)   Other: 0.1ms
[2024-08-23T17:37:03.036+0800] GC(328) Eden regions: 1->0(614)
[2024-08-23T17:37:03.036+0800] GC(328) Survivor regions: 0->0(77)
[2024-08-23T17:37:03.036+0800] GC(328) Old regions: 1->1
[2024-08-23T17:37:03.036+0800] GC(328) Archive regions: 0->0
[2024-08-23T17:37:03.036+0800] GC(328) Humongous regions: 424->57
[2024-08-23T17:37:03.036+0800] GC(328) Metaspace: 308K(512K)->308K(512K) NonClass: 300K(384K)->300K(384K) Class: 7K(128K)->7K(128K)
[2024-08-23T17:37:03.036+0800] GC(328) Pause Young (Concurrent Start) (G1 Humongous Allocation) 425M->57M(1024M) 0.992ms
[2024-08-23T17:37:03.036+0800] GC(328) User=0.00s Sys=0.00s Real=0.00s
[2024-08-23T17:37:03.036+0800] GC(329) Concurrent Undo Cycle
[2024-08-23T17:37:03.036+0800] GC(329) Concurrent Cleanup for Next Mark
[2024-08-23T17:37:03.037+0800] GC(329) Concurrent Cleanup for Next Mark 0.967ms
[2024-08-23T17:37:03.037+0800] GC(329) Concurrent Undo Cycle 1.050ms
[2024-08-23T17:37:06.208+0800] GC(330) Pause Young (Concurrent Start) (G1 Humongous Allocation)
[2024-08-23T17:37:06.208+0800] GC(330) Using 6 workers of 6 for evacuation
[2024-08-23T17:37:06.208+0800] GC(330)   Pre Evacuate Collection Set: 0.1ms
[2024-08-23T17:37:06.209+0800] GC(330)   Merge Heap Roots: 0.1ms
[2024-08-23T17:37:06.209+0800] GC(330)   Evacuate Collection Set: 0.1ms
[2024-08-23T17:37:06.209+0800] GC(330)   Post Evacuate Collection Set: 0.5ms
[2024-08-23T17:37:06.209+0800] GC(330)   Other: 0.1ms
[2024-08-23T17:37:06.209+0800] GC(330) Eden regions: 1->0(614)
[2024-08-23T17:37:06.209+0800] GC(330) Survivor regions: 0->0(77)
[2024-08-23T17:37:06.209+0800] GC(330) Old regions: 1->1
[2024-08-23T17:37:06.209+0800] GC(330) Archive regions: 0->0
[2024-08-23T17:37:06.209+0800] GC(330) Humongous regions: 455->11
[2024-08-23T17:37:06.209+0800] GC(330) Metaspace: 308K(512K)->308K(512K) NonClass: 300K(384K)->300K(384K) Class: 7K(128K)->7K(128K)
[2024-08-23T17:37:06.209+0800] GC(330) Pause Young (Concurrent Start) (G1 Humongous Allocation) 456M->11M(1024M) 0.974ms
[2024-08-23T17:37:06.209+0800] GC(330) User=0.00s Sys=0.00s Real=0.00s
[2024-08-23T17:37:06.209+0800] GC(331) Concurrent Undo Cycle
[2024-08-23T17:37:06.209+0800] GC(331) Concurrent Cleanup for Next Mark
[2024-08-23T17:37:06.209+0800] GC(331) Concurrent Cleanup for Next Mark 0.749ms
[2024-08-23T17:37:06.209+0800] GC(331) Concurrent Undo Cycle 0.819ms
[2024-08-23T17:37:08.720+0800] GC(332) Pause Young (Concurrent Start) (G1 Humongous Allocation)
[2024-08-23T17:37:08.720+0800] GC(332) Using 6 workers of 6 for evacuation
[2024-08-23T17:37:08.721+0800] GC(332)   Pre Evacuate Collection Set: 0.1ms
[2024-08-23T17:37:08.721+0800] GC(332)   Merge Heap Roots: 0.1ms
[2024-08-23T17:37:08.721+0800] GC(332)   Evacuate Collection Set: 0.2ms
[2024-08-23T17:37:08.721+0800] GC(332)   Post Evacuate Collection Set: 0.5ms
[2024-08-23T17:37:08.721+0800] GC(332)   Other: 0.1ms
[2024-08-23T17:37:08.721+0800] GC(332) Eden regions: 1->0(614)
[2024-08-23T17:37:08.721+0800] GC(332) Survivor regions: 0->0(77)
[2024-08-23T17:37:08.721+0800] GC(332) Old regions: 1->1
[2024-08-23T17:37:08.721+0800] GC(332) Archive regions: 0->0
[2024-08-23T17:37:08.721+0800] GC(332) Humongous regions: 376->84
[2024-08-23T17:37:08.721+0800] GC(332) Metaspace: 308K(512K)->308K(512K) NonClass: 300K(384K)->300K(384K) Class: 7K(128K)->7K(128K)
[2024-08-23T17:37:08.721+0800] GC(332) Pause Young (Concurrent Start) (G1 Humongous Allocation) 377M->84M(1024M) 1.058ms
[2024-08-23T17:37:08.721+0800] GC(332) User=0.00s Sys=0.00s Real=0.00s
[2024-08-23T17:37:08.721+0800] GC(333) Concurrent Undo Cycle
[2024-08-23T17:37:08.721+0800] GC(333) Concurrent Cleanup for Next Mark
[2024-08-23T17:37:08.722+0800] GC(333) Concurrent Cleanup for Next Mark 0.988ms
[2024-08-23T17:37:08.722+0800] GC(333) Concurrent Undo Cycle 1.071ms
[2024-08-23T17:37:11.453+0800] GC(334) Pause Young (Concurrent Start) (G1 Humongous Allocation)
[2024-08-23T17:37:11.453+0800] GC(334) Using 6 workers of 6 for evacuation
[2024-08-23T17:37:11.453+0800] GC(334)   Pre Evacuate Collection Set: 0.1ms
[2024-08-23T17:37:11.454+0800] GC(334)   Merge Heap Roots: 0.1ms
[2024-08-23T17:37:11.454+0800] GC(334)   Evacuate Collection Set: 0.2ms
[2024-08-23T17:37:11.454+0800] GC(334)   Post Evacuate Collection Set: 0.4ms
[2024-08-23T17:37:11.454+0800] GC(334)   Other: 0.1ms
[2024-08-23T17:37:11.454+0800] GC(334) Eden regions: 1->0(614)
[2024-08-23T17:37:11.454+0800] GC(334) Survivor regions: 0->0(77)
[2024-08-23T17:37:11.454+0800] GC(334) Old regions: 1->1
[2024-08-23T17:37:11.454+0800] GC(334) Archive regions: 0->0
[2024-08-23T17:37:11.454+0800] GC(334) Humongous regions: 448->128
[2024-08-23T17:37:11.454+0800] GC(334) Metaspace: 308K(512K)->308K(512K) NonClass: 300K(384K)->300K(384K) Class: 7K(128K)->7K(128K)
[2024-08-23T17:37:11.454+0800] GC(334) Pause Young (Concurrent Start) (G1 Humongous Allocation) 449M->128M(1024M) 0.909ms
[2024-08-23T17:37:11.454+0800] GC(334) User=0.00s Sys=0.00s Real=0.00s
[2024-08-23T17:37:11.454+0800] GC(335) Concurrent Undo Cycle
[2024-08-23T17:37:11.454+0800] GC(335) Concurrent Cleanup for Next Mark
[2024-08-23T17:37:11.455+0800] GC(335) Concurrent Cleanup for Next Mark 0.991ms
[2024-08-23T17:37:11.455+0800] GC(335) Concurrent Undo Cycle 1.083ms
[2024-08-23T17:37:12.983+0800] GC(336) Pause Young (Concurrent Start) (G1 Humongous Allocation)
[2024-08-23T17:37:12.983+0800] GC(336) Using 6 workers of 6 for evacuation
[2024-08-23T17:37:12.983+0800] GC(336)   Pre Evacuate Collection Set: 0.1ms
[2024-08-23T17:37:12.983+0800] GC(336)   Merge Heap Roots: 0.1ms
[2024-08-23T17:37:12.983+0800] GC(336)   Evacuate Collection Set: 0.1ms
[2024-08-23T17:37:12.983+0800] GC(336)   Post Evacuate Collection Set: 0.4ms
[2024-08-23T17:37:12.983+0800] GC(336)   Other: 0.1ms
[2024-08-23T17:37:12.983+0800] GC(336) Eden regions: 1->0(614)
[2024-08-23T17:37:12.983+0800] GC(336) Survivor regions: 0->0(77)
[2024-08-23T17:37:12.983+0800] GC(336) Old regions: 1->1
[2024-08-23T17:37:12.983+0800] GC(336) Archive regions: 0->0
[2024-08-23T17:37:12.983+0800] GC(336) Humongous regions: 414->166
[2024-08-23T17:37:12.983+0800] GC(336) Metaspace: 308K(512K)->308K(512K) NonClass: 300K(384K)->300K(384K) Class: 7K(128K)->7K(128K)
[2024-08-23T17:37:12.983+0800] GC(336) Pause Young (Concurrent Start) (G1 Humongous Allocation) 415M->166M(1024M) 0.949ms
[2024-08-23T17:37:12.983+0800] GC(336) User=0.00s Sys=0.00s Real=0.00s
[2024-08-23T17:37:12.983+0800] GC(337) Concurrent Undo Cycle
[2024-08-23T17:37:12.983+0800] GC(337) Concurrent Cleanup for Next Mark
[2024-08-23T17:37:12.984+0800] GC(337) Concurrent Cleanup for Next Mark 0.999ms
[2024-08-23T17:37:12.984+0800] GC(337) Concurrent Undo Cycle 1.102ms
[2024-08-23T17:37:14.401+0800] GC(338) Pause Young (Concurrent Start) (G1 Humongous Allocation)
[2024-08-23T17:37:14.401+0800] GC(338) Using 6 workers of 6 for evacuation
[2024-08-23T17:37:14.401+0800] GC(338)   Pre Evacuate Collection Set: 0.1ms
[2024-08-23T17:37:14.401+0800] GC(338)   Merge Heap Roots: 0.1ms
[2024-08-23T17:37:14.401+0800] GC(338)   Evacuate Collection Set: 0.1ms
[2024-08-23T17:37:14.401+0800] GC(338)   Post Evacuate Collection Set: 0.4ms
[2024-08-23T17:37:14.401+0800] GC(338)   Other: 0.1ms
[2024-08-23T17:37:14.401+0800] GC(338) Eden regions: 1->0(614)
[2024-08-23T17:37:14.401+0800] GC(338) Survivor regions: 0->0(77)
[2024-08-23T17:37:14.401+0800] GC(338) Old regions: 1->1
[2024-08-23T17:37:14.401+0800] GC(338) Archive regions: 0->0
[2024-08-23T17:37:14.401+0800] GC(338) Humongous regions: 371->62
[2024-08-23T17:37:14.401+0800] GC(338) Metaspace: 308K(512K)->308K(512K) NonClass: 300K(384K)->300K(384K) Class: 7K(128K)->7K(128K)
[2024-08-23T17:37:14.401+0800] GC(338) Pause Young (Concurrent Start) (G1 Humongous Allocation) 372M->62M(1024M) 0.942ms
[2024-08-23T17:37:14.401+0800] GC(338) User=0.00s Sys=0.00s Real=0.00s
[2024-08-23T17:37:14.401+0800] GC(339) Concurrent Undo Cycle
[2024-08-23T17:37:14.401+0800] GC(339) Concurrent Cleanup for Next Mark
[2024-08-23T17:37:14.402+0800] GC(339) Concurrent Cleanup for Next Mark 1.119ms
[2024-08-23T17:37:14.402+0800] GC(339) Concurrent Undo Cycle 1.209ms
[2024-08-23T17:37:17.025+0800] GC(340) Pause Young (Concurrent Start) (G1 Humongous Allocation)
[2024-08-23T17:37:17.025+0800] GC(340) Using 6 workers of 6 for evacuation
[2024-08-23T17:37:17.025+0800] GC(340)   Pre Evacuate Collection Set: 0.1ms
[2024-08-23T17:37:17.025+0800] GC(340)   Merge Heap Roots: 0.1ms
[2024-08-23T17:37:17.025+0800] GC(340)   Evacuate Collection Set: 0.1ms
[2024-08-23T17:37:17.025+0800] GC(340)   Post Evacuate Collection Set: 0.4ms
[2024-08-23T17:37:17.025+0800] GC(340)   Other: 0.1ms
[2024-08-23T17:37:17.025+0800] GC(340) Eden regions: 1->0(614)
[2024-08-23T17:37:17.025+0800] GC(340) Survivor regions: 0->0(77)
[2024-08-23T17:37:17.025+0800] GC(340) Old regions: 1->1
[2024-08-23T17:37:17.025+0800] GC(340) Archive regions: 0->0
[2024-08-23T17:37:17.025+0800] GC(340) Humongous regions: 460->45
[2024-08-23T17:37:17.025+0800] GC(340) Metaspace: 308K(512K)->308K(512K) NonClass: 300K(384K)->300K(384K) Class: 7K(128K)->7K(128K)
[2024-08-23T17:37:17.025+0800] GC(340) Pause Young (Concurrent Start) (G1 Humongous Allocation) 461M->45M(1024M) 0.796ms
[2024-08-23T17:37:17.025+0800] GC(340) User=0.00s Sys=0.00s Real=0.00s
[2024-08-23T17:37:17.026+0800] GC(341) Concurrent Undo Cycle
[2024-08-23T17:37:17.026+0800] GC(341) Concurrent Cleanup for Next Mark
[2024-08-23T17:37:17.027+0800] GC(341) Concurrent Cleanup for Next Mark 1.031ms
[2024-08-23T17:37:17.027+0800] GC(341) Concurrent Undo Cycle 1.109ms
[2024-08-23T17:37:20.085+0800] GC(342) Pause Young (Concurrent Start) (G1 Humongous Allocation)
[2024-08-23T17:37:20.085+0800] GC(342) Using 6 workers of 6 for evacuation
[2024-08-23T17:37:20.085+0800] GC(342)   Pre Evacuate Collection Set: 0.1ms
[2024-08-23T17:37:20.085+0800] GC(342)   Merge Heap Roots: 0.1ms
[2024-08-23T17:37:20.085+0800] GC(342)   Evacuate Collection Set: 0.1ms
[2024-08-23T17:37:20.085+0800] GC(342)   Post Evacuate Collection Set: 0.4ms
[2024-08-23T17:37:20.085+0800] GC(342)   Other: 0.1ms
[2024-08-23T17:37:20.085+0800] GC(342) Eden regions: 1->0(614)
[2024-08-23T17:37:20.085+0800] GC(342) Survivor regions: 0->0(77)
[2024-08-23T17:37:20.085+0800] GC(342) Old regions: 1->1
[2024-08-23T17:37:20.085+0800] GC(342) Archive regions: 0->0
[2024-08-23T17:37:20.085+0800] GC(342) Humongous regions: 425->114
[2024-08-23T17:37:20.085+0800] GC(342) Metaspace: 308K(512K)->308K(512K) NonClass: 300K(384K)->300K(384K) Class: 7K(128K)->7K(128K)
[2024-08-23T17:37:20.085+0800] GC(342) Pause Young (Concurrent Start) (G1 Humongous Allocation) 426M->114M(1024M) 0.937ms
[2024-08-23T17:37:20.085+0800] GC(342) User=0.00s Sys=0.00s Real=0.00s
[2024-08-23T17:37:20.085+0800] GC(343) Concurrent Undo Cycle
[2024-08-23T17:37:20.085+0800] GC(343) Concurrent Cleanup for Next Mark
[2024-08-23T17:37:20.086+0800] GC(343) Concurrent Cleanup for Next Mark 0.971ms
[2024-08-23T17:37:20.086+0800] GC(343) Concurrent Undo Cycle 1.052ms
[2024-08-23T17:37:22.815+0800] GC(344) Pause Young (Concurrent Start) (G1 Humongous Allocation)
[2024-08-23T17:37:22.815+0800] GC(344) Using 6 workers of 6 for evacuation
[2024-08-23T17:37:22.815+0800] GC(344)   Pre Evacuate Collection Set: 0.1ms
[2024-08-23T17:37:22.815+0800] GC(344)   Merge Heap Roots: 0.1ms
[2024-08-23T17:37:22.815+0800] GC(344)   Evacuate Collection Set: 0.1ms
[2024-08-23T17:37:22.815+0800] GC(344)   Post Evacuate Collection Set: 0.4ms
[2024-08-23T17:37:22.815+0800] GC(344)   Other: 0.1ms
[2024-08-23T17:37:22.815+0800] GC(344) Eden regions: 1->0(614)
[2024-08-23T17:37:22.815+0800] GC(344) Survivor regions: 0->0(77)
[2024-08-23T17:37:22.815+0800] GC(344) Old regions: 1->1
[2024-08-23T17:37:22.815+0800] GC(344) Archive regions: 0->0
[2024-08-23T17:37:22.815+0800] GC(344) Humongous regions: 433->29
[2024-08-23T17:37:22.815+0800] GC(344) Metaspace: 308K(512K)->308K(512K) NonClass: 300K(384K)->300K(384K) Class: 7K(128K)->7K(128K)
[2024-08-23T17:37:22.815+0800] GC(344) Pause Young (Concurrent Start) (G1 Humongous Allocation) 434M->29M(1024M) 0.940ms
[2024-08-23T17:37:22.815+0800] GC(344) User=0.00s Sys=0.00s Real=0.00s
[2024-08-23T17:37:22.815+0800] GC(345) Concurrent Undo Cycle
[2024-08-23T17:37:22.815+0800] GC(345) Concurrent Cleanup for Next Mark
[2024-08-23T17:37:22.817+0800] GC(345) Concurrent Cleanup for Next Mark 0.966ms
[2024-08-23T17:37:22.817+0800] GC(345) Concurrent Undo Cycle 1.058ms
[2024-08-23T17:37:25.549+0800] GC(346) Pause Young (Concurrent Start) (G1 Humongous Allocation)
[2024-08-23T17:37:25.549+0800] GC(346) Using 6 workers of 6 for evacuation
[2024-08-23T17:37:25.549+0800] GC(346)   Pre Evacuate Collection Set: 0.1ms
[2024-08-23T17:37:25.549+0800] GC(346)   Merge Heap Roots: 0.0ms
[2024-08-23T17:37:25.549+0800] GC(346)   Evacuate Collection Set: 0.1ms
[2024-08-23T17:37:25.549+0800] GC(346)   Post Evacuate Collection Set: 0.3ms
[2024-08-23T17:37:25.549+0800] GC(346)   Other: 0.2ms
[2024-08-23T17:37:25.549+0800] GC(346) Eden regions: 1->0(614)
[2024-08-23T17:37:25.549+0800] GC(346) Survivor regions: 0->0(77)
[2024-08-23T17:37:25.549+0800] GC(346) Old regions: 1->1
[2024-08-23T17:37:25.549+0800] GC(346) Archive regions: 0->0
[2024-08-23T17:37:25.549+0800] GC(346) Humongous regions: 448->11
[2024-08-23T17:37:25.549+0800] GC(346) Metaspace: 308K(512K)->308K(512K) NonClass: 300K(384K)->300K(384K) Class: 7K(128K)->7K(128K)
[2024-08-23T17:37:25.549+0800] GC(346) Pause Young (Concurrent Start) (G1 Humongous Allocation) 449M->11M(1024M) 0.767ms
[2024-08-23T17:37:25.549+0800] GC(346) User=0.00s Sys=0.00s Real=0.00s
[2024-08-23T17:37:25.549+0800] GC(347) Concurrent Undo Cycle
[2024-08-23T17:37:25.549+0800] GC(347) Concurrent Cleanup for Next Mark
[2024-08-23T17:37:25.550+0800] GC(347) Concurrent Cleanup for Next Mark 1.475ms
[2024-08-23T17:37:25.551+0800] GC(347) Concurrent Undo Cycle 1.607ms
[2024-08-23T17:37:28.171+0800] GC(348) Pause Young (Concurrent Start) (G1 Humongous Allocation)
[2024-08-23T17:37:28.171+0800] GC(348) Using 6 workers of 6 for evacuation
[2024-08-23T17:37:28.172+0800] GC(348)   Pre Evacuate Collection Set: 0.1ms
[2024-08-23T17:37:28.172+0800] GC(348)   Merge Heap Roots: 0.1ms
[2024-08-23T17:37:28.172+0800] GC(348)   Evacuate Collection Set: 0.2ms
[2024-08-23T17:37:28.172+0800] GC(348)   Post Evacuate Collection Set: 0.4ms
[2024-08-23T17:37:28.172+0800] GC(348)   Other: 0.1ms
[2024-08-23T17:37:28.172+0800] GC(348) Eden regions: 1->0(614)
[2024-08-23T17:37:28.172+0800] GC(348) Survivor regions: 0->0(77)
[2024-08-23T17:37:28.172+0800] GC(348) Old regions: 1->1
[2024-08-23T17:37:28.172+0800] GC(348) Archive regions: 0->0
[2024-08-23T17:37:28.172+0800] GC(348) Humongous regions: 459->50
[2024-08-23T17:37:28.172+0800] GC(348) Metaspace: 308K(512K)->308K(512K) NonClass: 300K(384K)->300K(384K) Class: 7K(128K)->7K(128K)
[2024-08-23T17:37:28.172+0800] GC(348) Pause Young (Concurrent Start) (G1 Humongous Allocation) 460M->50M(1024M) 1.050ms
[2024-08-23T17:37:28.172+0800] GC(348) User=0.00s Sys=0.00s Real=0.00s
[2024-08-23T17:37:28.172+0800] GC(349) Concurrent Undo Cycle
[2024-08-23T17:37:28.172+0800] GC(349) Concurrent Cleanup for Next Mark
[2024-08-23T17:37:28.173+0800] GC(349) Concurrent Cleanup for Next Mark 0.782ms
[2024-08-23T17:37:28.173+0800] GC(349) Concurrent Undo Cycle 0.841ms
[2024-08-23T17:37:31.335+0800] GC(350) Pause Young (Concurrent Start) (G1 Humongous Allocation)
[2024-08-23T17:37:31.335+0800] GC(350) Using 6 workers of 6 for evacuation
[2024-08-23T17:37:31.335+0800] GC(350)   Pre Evacuate Collection Set: 0.1ms
[2024-08-23T17:37:31.335+0800] GC(350)   Merge Heap Roots: 0.1ms
[2024-08-23T17:37:31.335+0800] GC(350)   Evacuate Collection Set: 0.1ms
[2024-08-23T17:37:31.336+0800] GC(350)   Post Evacuate Collection Set: 0.3ms
[2024-08-23T17:37:31.336+0800] GC(350)   Other: 0.1ms
[2024-08-23T17:37:31.336+0800] GC(350) Eden regions: 1->0(614)
[2024-08-23T17:37:31.336+0800] GC(350) Survivor regions: 0->0(77)
[2024-08-23T17:37:31.336+0800] GC(350) Old regions: 1->1
[2024-08-23T17:37:31.336+0800] GC(350) Archive regions: 0->0
[2024-08-23T17:37:31.336+0800] GC(350) Humongous regions: 446->134
[2024-08-23T17:37:31.336+0800] GC(350) Metaspace: 308K(512K)->308K(512K) NonClass: 300K(384K)->300K(384K) Class: 7K(128K)->7K(128K)
[2024-08-23T17:37:31.336+0800] GC(350) Pause Young (Concurrent Start) (G1 Humongous Allocation) 447M->134M(1024M) 0.881ms
[2024-08-23T17:37:31.336+0800] GC(350) User=0.00s Sys=0.02s Real=0.00s
[2024-08-23T17:37:31.336+0800] GC(351) Concurrent Undo Cycle
[2024-08-23T17:37:31.336+0800] GC(351) Concurrent Cleanup for Next Mark
[2024-08-23T17:37:31.337+0800] GC(351) Concurrent Cleanup for Next Mark 0.885ms
[2024-08-23T17:37:31.337+0800] GC(351) Concurrent Undo Cycle 0.972ms
[2024-08-23T17:37:34.286+0800] GC(352) Pause Young (Concurrent Start) (G1 Humongous Allocation)
[2024-08-23T17:37:34.286+0800] GC(352) Using 6 workers of 6 for evacuation
[2024-08-23T17:37:34.286+0800] GC(352)   Pre Evacuate Collection Set: 0.1ms
[2024-08-23T17:37:34.286+0800] GC(352)   Merge Heap Roots: 0.1ms
[2024-08-23T17:37:34.286+0800] GC(352)   Evacuate Collection Set: 0.1ms
[2024-08-23T17:37:34.286+0800] GC(352)   Post Evacuate Collection Set: 0.3ms
[2024-08-23T17:37:34.286+0800] GC(352)   Other: 0.1ms
[2024-08-23T17:37:34.286+0800] GC(352) Eden regions: 1->0(614)
[2024-08-23T17:37:34.286+0800] GC(352) Survivor regions: 0->0(77)
[2024-08-23T17:37:34.286+0800] GC(352) Old regions: 1->1
[2024-08-23T17:37:34.286+0800] GC(352) Archive regions: 0->0
[2024-08-23T17:37:34.286+0800] GC(352) Humongous regions: 460->64
[2024-08-23T17:37:34.286+0800] GC(352) Metaspace: 308K(512K)->308K(512K) NonClass: 300K(384K)->300K(384K) Class: 7K(128K)->7K(128K)
[2024-08-23T17:37:34.286+0800] GC(352) Pause Young (Concurrent Start) (G1 Humongous Allocation) 461M->64M(1024M) 0.863ms
[2024-08-23T17:37:34.286+0800] GC(352) User=0.00s Sys=0.00s Real=0.00s
[2024-08-23T17:37:34.286+0800] GC(353) Concurrent Undo Cycle
[2024-08-23T17:37:34.286+0800] GC(353) Concurrent Cleanup for Next Mark
[2024-08-23T17:37:34.287+0800] GC(353) Concurrent Cleanup for Next Mark 0.961ms
[2024-08-23T17:37:34.287+0800] GC(353) Concurrent Undo Cycle 1.050ms
[2024-08-23T17:37:37.019+0800] GC(354) Pause Young (Concurrent Start) (G1 Humongous Allocation)
[2024-08-23T17:37:37.019+0800] GC(354) Using 6 workers of 6 for evacuation
[2024-08-23T17:37:37.019+0800] GC(354)   Pre Evacuate Collection Set: 0.1ms
[2024-08-23T17:37:37.019+0800] GC(354)   Merge Heap Roots: 0.1ms
[2024-08-23T17:37:37.019+0800] GC(354)   Evacuate Collection Set: 0.2ms
[2024-08-23T17:37:37.019+0800] GC(354)   Post Evacuate Collection Set: 0.5ms
[2024-08-23T17:37:37.019+0800] GC(354)   Other: 0.1ms
[2024-08-23T17:37:37.019+0800] GC(354) Eden regions: 1->0(614)
[2024-08-23T17:37:37.019+0800] GC(354) Survivor regions: 0->0(77)
[2024-08-23T17:37:37.019+0800] GC(354) Old regions: 1->1
[2024-08-23T17:37:37.019+0800] GC(354) Archive regions: 0->0
[2024-08-23T17:37:37.019+0800] GC(354) Humongous regions: 448->21
[2024-08-23T17:37:37.019+0800] GC(354) Metaspace: 308K(512K)->308K(512K) NonClass: 300K(384K)->300K(384K) Class: 7K(128K)->7K(128K)
[2024-08-23T17:37:37.019+0800] GC(354) Pause Young (Concurrent Start) (G1 Humongous Allocation) 449M->21M(1024M) 1.104ms
[2024-08-23T17:37:37.019+0800] GC(354) User=0.00s Sys=0.00s Real=0.00s
[2024-08-23T17:37:37.019+0800] GC(355) Concurrent Undo Cycle
[2024-08-23T17:37:37.019+0800] GC(355) Concurrent Cleanup for Next Mark
[2024-08-23T17:37:37.020+0800] GC(355) Concurrent Cleanup for Next Mark 0.983ms
[2024-08-23T17:37:37.020+0800] GC(355) Concurrent Undo Cycle 1.079ms
[2024-08-23T17:37:39.637+0800] GC(356) Pause Young (Concurrent Start) (G1 Humongous Allocation)
[2024-08-23T17:37:39.637+0800] GC(356) Using 6 workers of 6 for evacuation
[2024-08-23T17:37:39.637+0800] GC(356)   Pre Evacuate Collection Set: 0.1ms
[2024-08-23T17:37:39.637+0800] GC(356)   Merge Heap Roots: 0.1ms
[2024-08-23T17:37:39.638+0800] GC(356)   Evacuate Collection Set: 0.1ms
[2024-08-23T17:37:39.638+0800] GC(356)   Post Evacuate Collection Set: 0.4ms
[2024-08-23T17:37:39.638+0800] GC(356)   Other: 0.1ms
[2024-08-23T17:37:39.638+0800] GC(356) Eden regions: 1->0(614)
[2024-08-23T17:37:39.638+0800] GC(356) Survivor regions: 0->0(77)
[2024-08-23T17:37:39.638+0800] GC(356) Old regions: 1->1
[2024-08-23T17:37:39.638+0800] GC(356) Archive regions: 0->0
[2024-08-23T17:37:39.638+0800] GC(356) Humongous regions: 459->95
[2024-08-23T17:37:39.638+0800] GC(356) Metaspace: 308K(512K)->308K(512K) NonClass: 300K(384K)->300K(384K) Class: 7K(128K)->7K(128K)
[2024-08-23T17:37:39.638+0800] GC(356) Pause Young (Concurrent Start) (G1 Humongous Allocation) 460M->95M(1024M) 0.879ms
[2024-08-23T17:37:39.638+0800] GC(356) User=0.00s Sys=0.00s Real=0.00s
[2024-08-23T17:37:39.638+0800] GC(357) Concurrent Undo Cycle
[2024-08-23T17:37:39.638+0800] GC(357) Concurrent Cleanup for Next Mark
[2024-08-23T17:37:39.638+0800] GC(357) Concurrent Cleanup for Next Mark 0.783ms
[2024-08-23T17:37:39.638+0800] GC(357) Concurrent Undo Cycle 0.851ms
[2024-08-23T17:37:41.384+0800] GC(358) Pause Young (Concurrent Start) (G1 Humongous Allocation)
[2024-08-23T17:37:41.384+0800] GC(358) Using 6 workers of 6 for evacuation
[2024-08-23T17:37:41.385+0800] GC(358)   Pre Evacuate Collection Set: 0.1ms
[2024-08-23T17:37:41.385+0800] GC(358)   Merge Heap Roots: 0.1ms
[2024-08-23T17:37:41.385+0800] GC(358)   Evacuate Collection Set: 0.1ms
[2024-08-23T17:37:41.385+0800] GC(358)   Post Evacuate Collection Set: 0.4ms
[2024-08-23T17:37:41.385+0800] GC(358)   Other: 0.1ms
[2024-08-23T17:37:41.385+0800] GC(358) Eden regions: 1->0(614)
[2024-08-23T17:37:41.385+0800] GC(358) Survivor regions: 0->0(77)
[2024-08-23T17:37:41.385+0800] GC(358) Old regions: 1->1
[2024-08-23T17:37:41.385+0800] GC(358) Archive regions: 0->0
[2024-08-23T17:37:41.385+0800] GC(358) Humongous regions: 391->57
[2024-08-23T17:37:41.385+0800] GC(358) Metaspace: 308K(512K)->308K(512K) NonClass: 300K(384K)->300K(384K) Class: 7K(128K)->7K(128K)
[2024-08-23T17:37:41.385+0800] GC(358) Pause Young (Concurrent Start) (G1 Humongous Allocation) 392M->57M(1024M) 0.995ms
[2024-08-23T17:37:41.385+0800] GC(358) User=0.00s Sys=0.00s Real=0.00s
[2024-08-23T17:37:41.385+0800] GC(359) Concurrent Undo Cycle
[2024-08-23T17:37:41.385+0800] GC(359) Concurrent Cleanup for Next Mark
[2024-08-23T17:37:41.386+0800] GC(359) Concurrent Cleanup for Next Mark 0.981ms
[2024-08-23T17:37:41.386+0800] GC(359) Concurrent Undo Cycle 1.074ms
[2024-08-23T17:37:44.769+0800] GC(360) Pause Young (Concurrent Start) (G1 Humongous Allocation)
[2024-08-23T17:37:44.769+0800] GC(360) Using 6 workers of 6 for evacuation
[2024-08-23T17:37:44.770+0800] GC(360)   Pre Evacuate Collection Set: 0.1ms
[2024-08-23T17:37:44.770+0800] GC(360)   Merge Heap Roots: 0.1ms
[2024-08-23T17:37:44.770+0800] GC(360)   Evacuate Collection Set: 0.2ms
[2024-08-23T17:37:44.770+0800] GC(360)   Post Evacuate Collection Set: 0.5ms
[2024-08-23T17:37:44.770+0800] GC(360)   Other: 0.1ms
[2024-08-23T17:37:44.770+0800] GC(360) Eden regions: 1->0(614)
[2024-08-23T17:37:44.770+0800] GC(360) Survivor regions: 0->0(77)
[2024-08-23T17:37:44.770+0800] GC(360) Old regions: 1->1
[2024-08-23T17:37:44.770+0800] GC(360) Archive regions: 0->0
[2024-08-23T17:37:44.770+0800] GC(360) Humongous regions: 458->12
[2024-08-23T17:37:44.770+0800] GC(360) Metaspace: 308K(512K)->308K(512K) NonClass: 300K(384K)->300K(384K) Class: 7K(128K)->7K(128K)
[2024-08-23T17:37:44.770+0800] GC(360) Pause Young (Concurrent Start) (G1 Humongous Allocation) 459M->12M(1024M) 1.186ms
[2024-08-23T17:37:44.770+0800] GC(360) User=0.00s Sys=0.00s Real=0.00s
[2024-08-23T17:37:44.770+0800] GC(361) Concurrent Undo Cycle
[2024-08-23T17:37:44.770+0800] GC(361) Concurrent Cleanup for Next Mark
[2024-08-23T17:37:44.771+0800] GC(361) Concurrent Cleanup for Next Mark 0.736ms
[2024-08-23T17:37:44.771+0800] GC(361) Concurrent Undo Cycle 0.803ms
[2024-08-23T17:37:47.061+0800] GC(362) Pause Young (Concurrent Start) (G1 Humongous Allocation)
[2024-08-23T17:37:47.061+0800] GC(362) Using 6 workers of 6 for evacuation
[2024-08-23T17:37:47.061+0800] GC(362)   Pre Evacuate Collection Set: 0.1ms
[2024-08-23T17:37:47.061+0800] GC(362)   Merge Heap Roots: 0.1ms
[2024-08-23T17:37:47.061+0800] GC(362)   Evacuate Collection Set: 0.1ms
[2024-08-23T17:37:47.061+0800] GC(362)   Post Evacuate Collection Set: 0.4ms
[2024-08-23T17:37:47.061+0800] GC(362)   Other: 0.1ms
[2024-08-23T17:37:47.061+0800] GC(362) Eden regions: 1->0(614)
[2024-08-23T17:37:47.061+0800] GC(362) Survivor regions: 0->0(77)
[2024-08-23T17:37:47.061+0800] GC(362) Old regions: 1->1
[2024-08-23T17:37:47.061+0800] GC(362) Archive regions: 0->0
[2024-08-23T17:37:47.061+0800] GC(362) Humongous regions: 365->95
[2024-08-23T17:37:47.061+0800] GC(362) Metaspace: 308K(512K)->308K(512K) NonClass: 300K(384K)->300K(384K) Class: 7K(128K)->7K(128K)
[2024-08-23T17:37:47.061+0800] GC(362) Pause Young (Concurrent Start) (G1 Humongous Allocation) 366M->95M(1024M) 0.973ms
[2024-08-23T17:37:47.061+0800] GC(362) User=0.00s Sys=0.00s Real=0.00s
[2024-08-23T17:37:47.061+0800] GC(363) Concurrent Undo Cycle
[2024-08-23T17:37:47.061+0800] GC(363) Concurrent Cleanup for Next Mark
[2024-08-23T17:37:47.062+0800] GC(363) Concurrent Cleanup for Next Mark 1.002ms
[2024-08-23T17:37:47.062+0800] GC(363) Concurrent Undo Cycle 1.094ms
[2024-08-23T17:37:49.682+0800] GC(364) Pause Young (Concurrent Start) (G1 Humongous Allocation)
[2024-08-23T17:37:49.682+0800] GC(364) Using 6 workers of 6 for evacuation
[2024-08-23T17:37:49.682+0800] GC(364)   Pre Evacuate Collection Set: 0.1ms
[2024-08-23T17:37:49.682+0800] GC(364)   Merge Heap Roots: 0.1ms
[2024-08-23T17:37:49.682+0800] GC(364)   Evacuate Collection Set: 0.1ms
[2024-08-23T17:37:49.682+0800] GC(364)   Post Evacuate Collection Set: 0.4ms
[2024-08-23T17:37:49.682+0800] GC(364)   Other: 0.1ms
[2024-08-23T17:37:49.682+0800] GC(364) Eden regions: 1->0(614)
[2024-08-23T17:37:49.682+0800] GC(364) Survivor regions: 0->0(77)
[2024-08-23T17:37:49.682+0800] GC(364) Old regions: 1->1
[2024-08-23T17:37:49.683+0800] GC(364) Archive regions: 0->0
[2024-08-23T17:37:49.683+0800] GC(364) Humongous regions: 453->68
[2024-08-23T17:37:49.683+0800] GC(364) Metaspace: 308K(512K)->308K(512K) NonClass: 300K(384K)->300K(384K) Class: 7K(128K)->7K(128K)
[2024-08-23T17:37:49.683+0800] GC(364) Pause Young (Concurrent Start) (G1 Humongous Allocation) 454M->68M(1024M) 0.883ms
[2024-08-23T17:37:49.683+0800] GC(364) User=0.00s Sys=0.00s Real=0.00s
[2024-08-23T17:37:49.683+0800] GC(365) Concurrent Undo Cycle
[2024-08-23T17:37:49.683+0800] GC(365) Concurrent Cleanup for Next Mark
[2024-08-23T17:37:49.684+0800] GC(365) Concurrent Cleanup for Next Mark 0.910ms
[2024-08-23T17:37:49.684+0800] GC(365) Concurrent Undo Cycle 0.991ms
[2024-08-23T17:37:51.317+0800] GC(366) Pause Young (Concurrent Start) (G1 Humongous Allocation)
[2024-08-23T17:37:51.317+0800] GC(366) Using 6 workers of 6 for evacuation
[2024-08-23T17:37:51.317+0800] GC(366)   Pre Evacuate Collection Set: 0.1ms
[2024-08-23T17:37:51.317+0800] GC(366)   Merge Heap Roots: 0.1ms
[2024-08-23T17:37:51.317+0800] GC(366)   Evacuate Collection Set: 0.1ms
[2024-08-23T17:37:51.317+0800] GC(366)   Post Evacuate Collection Set: 0.3ms
[2024-08-23T17:37:51.317+0800] GC(366)   Other: 0.1ms
[2024-08-23T17:37:51.317+0800] GC(366) Eden regions: 1->0(614)
[2024-08-23T17:37:51.317+0800] GC(366) Survivor regions: 0->0(77)
[2024-08-23T17:37:51.317+0800] GC(366) Old regions: 1->1
[2024-08-23T17:37:51.317+0800] GC(366) Archive regions: 0->0
[2024-08-23T17:37:51.317+0800] GC(366) Humongous regions: 375->215
[2024-08-23T17:37:51.317+0800] GC(366) Metaspace: 308K(512K)->308K(512K) NonClass: 300K(384K)->300K(384K) Class: 7K(128K)->7K(128K)
[2024-08-23T17:37:51.317+0800] GC(366) Pause Young (Concurrent Start) (G1 Humongous Allocation) 376M->215M(1024M) 0.834ms
[2024-08-23T17:37:51.317+0800] GC(366) User=0.00s Sys=0.00s Real=0.00s
[2024-08-23T17:37:51.317+0800] GC(367) Concurrent Undo Cycle
[2024-08-23T17:37:51.317+0800] GC(367) Concurrent Cleanup for Next Mark
[2024-08-23T17:37:51.318+0800] GC(367) Concurrent Cleanup for Next Mark 0.872ms
[2024-08-23T17:37:51.318+0800] GC(367) Concurrent Undo Cycle 0.964ms
[2024-08-23T17:37:52.740+0800] GC(368) Pause Young (Concurrent Start) (G1 Humongous Allocation)
[2024-08-23T17:37:52.740+0800] GC(368) Using 6 workers of 6 for evacuation
[2024-08-23T17:37:52.741+0800] GC(368)   Pre Evacuate Collection Set: 0.1ms
[2024-08-23T17:37:52.741+0800] GC(368)   Merge Heap Roots: 0.1ms
[2024-08-23T17:37:52.741+0800] GC(368)   Evacuate Collection Set: 0.2ms
[2024-08-23T17:37:52.741+0800] GC(368)   Post Evacuate Collection Set: 0.4ms
[2024-08-23T17:37:52.741+0800] GC(368)   Other: 0.1ms
[2024-08-23T17:37:52.741+0800] GC(368) Eden regions: 1->0(614)
[2024-08-23T17:37:52.741+0800] GC(368) Survivor regions: 0->0(77)
[2024-08-23T17:37:52.741+0800] GC(368) Old regions: 1->1
[2024-08-23T17:37:52.741+0800] GC(368) Archive regions: 0->0
[2024-08-23T17:37:52.741+0800] GC(368) Humongous regions: 424->57
[2024-08-23T17:37:52.741+0800] GC(368) Metaspace: 308K(512K)->308K(512K) NonClass: 300K(384K)->300K(384K) Class: 7K(128K)->7K(128K)
[2024-08-23T17:37:52.741+0800] GC(368) Pause Young (Concurrent Start) (G1 Humongous Allocation) 425M->57M(1024M) 1.029ms
[2024-08-23T17:37:52.741+0800] GC(368) User=0.00s Sys=0.00s Real=0.00s
[2024-08-23T17:37:52.741+0800] GC(369) Concurrent Undo Cycle
[2024-08-23T17:37:52.741+0800] GC(369) Concurrent Cleanup for Next Mark
[2024-08-23T17:37:52.742+0800] GC(369) Concurrent Cleanup for Next Mark 1.049ms
[2024-08-23T17:37:52.742+0800] GC(369) Concurrent Undo Cycle 1.150ms
[2024-08-23T17:37:55.905+0800] GC(370) Pause Young (Concurrent Start) (G1 Humongous Allocation)
[2024-08-23T17:37:55.905+0800] GC(370) Using 6 workers of 6 for evacuation
[2024-08-23T17:37:55.906+0800] GC(370)   Pre Evacuate Collection Set: 0.1ms
[2024-08-23T17:37:55.906+0800] GC(370)   Merge Heap Roots: 0.1ms
[2024-08-23T17:37:55.906+0800] GC(370)   Evacuate Collection Set: 0.2ms
[2024-08-23T17:37:55.906+0800] GC(370)   Post Evacuate Collection Set: 0.4ms
[2024-08-23T17:37:55.906+0800] GC(370)   Other: 0.1ms
[2024-08-23T17:37:55.906+0800] GC(370) Eden regions: 1->0(614)
[2024-08-23T17:37:55.906+0800] GC(370) Survivor regions: 0->0(77)
[2024-08-23T17:37:55.906+0800] GC(370) Old regions: 1->1
[2024-08-23T17:37:55.906+0800] GC(370) Archive regions: 0->0
[2024-08-23T17:37:55.906+0800] GC(370) Humongous regions: 455->11
[2024-08-23T17:37:55.906+0800] GC(370) Metaspace: 308K(512K)->308K(512K) NonClass: 300K(384K)->300K(384K) Class: 7K(128K)->7K(128K)
[2024-08-23T17:37:55.906+0800] GC(370) Pause Young (Concurrent Start) (G1 Humongous Allocation) 456M->11M(1024M) 1.072ms
[2024-08-23T17:37:55.906+0800] GC(370) User=0.00s Sys=0.00s Real=0.00s
[2024-08-23T17:37:55.906+0800] GC(371) Concurrent Undo Cycle
[2024-08-23T17:37:55.906+0800] GC(371) Concurrent Cleanup for Next Mark
[2024-08-23T17:37:55.907+0800] GC(371) Concurrent Cleanup for Next Mark 0.743ms
[2024-08-23T17:37:55.907+0800] GC(371) Concurrent Undo Cycle 0.809ms
[2024-08-23T17:37:58.419+0800] GC(372) Pause Young (Concurrent Start) (G1 Humongous Allocation)
[2024-08-23T17:37:58.419+0800] GC(372) Using 6 workers of 6 for evacuation
[2024-08-23T17:37:58.419+0800] GC(372)   Pre Evacuate Collection Set: 0.1ms
[2024-08-23T17:37:58.419+0800] GC(372)   Merge Heap Roots: 0.1ms
[2024-08-23T17:37:58.419+0800] GC(372)   Evacuate Collection Set: 0.1ms
[2024-08-23T17:37:58.419+0800] GC(372)   Post Evacuate Collection Set: 0.4ms
[2024-08-23T17:37:58.419+0800] GC(372)   Other: 0.1ms
[2024-08-23T17:37:58.419+0800] GC(372) Eden regions: 1->0(614)
[2024-08-23T17:37:58.419+0800] GC(372) Survivor regions: 0->0(77)
[2024-08-23T17:37:58.419+0800] GC(372) Old regions: 1->1
[2024-08-23T17:37:58.419+0800] GC(372) Archive regions: 0->0
[2024-08-23T17:37:58.419+0800] GC(372) Humongous regions: 376->84
[2024-08-23T17:37:58.419+0800] GC(372) Metaspace: 308K(512K)->308K(512K) NonClass: 300K(384K)->300K(384K) Class: 7K(128K)->7K(128K)
[2024-08-23T17:37:58.419+0800] GC(372) Pause Young (Concurrent Start) (G1 Humongous Allocation) 377M->84M(1024M) 0.986ms
[2024-08-23T17:37:58.419+0800] GC(372) User=0.00s Sys=0.00s Real=0.00s
[2024-08-23T17:37:58.419+0800] GC(373) Concurrent Undo Cycle
[2024-08-23T17:37:58.419+0800] GC(373) Concurrent Cleanup for Next Mark
[2024-08-23T17:37:58.420+0800] GC(373) Concurrent Cleanup for Next Mark 0.991ms
[2024-08-23T17:37:58.420+0800] GC(373) Concurrent Undo Cycle 1.078ms
[2024-08-23T17:38:01.149+0800] GC(374) Pause Young (Concurrent Start) (G1 Humongous Allocation)
[2024-08-23T17:38:01.149+0800] GC(374) Using 6 workers of 6 for evacuation
[2024-08-23T17:38:01.150+0800] GC(374)   Pre Evacuate Collection Set: 0.1ms
[2024-08-23T17:38:01.150+0800] GC(374)   Merge Heap Roots: 0.1ms
[2024-08-23T17:38:01.150+0800] GC(374)   Evacuate Collection Set: 0.1ms
[2024-08-23T17:38:01.150+0800] GC(374)   Post Evacuate Collection Set: 0.5ms
[2024-08-23T17:38:01.150+0800] GC(374)   Other: 0.1ms
[2024-08-23T17:38:01.150+0800] GC(374) Eden regions: 1->0(614)
[2024-08-23T17:38:01.150+0800] GC(374) Survivor regions: 0->0(77)
[2024-08-23T17:38:01.150+0800] GC(374) Old regions: 1->1
[2024-08-23T17:38:01.150+0800] GC(374) Archive regions: 0->0
[2024-08-23T17:38:01.150+0800] GC(374) Humongous regions: 448->128
[2024-08-23T17:38:01.150+0800] GC(374) Metaspace: 309K(512K)->309K(512K) NonClass: 301K(384K)->301K(384K) Class: 7K(128K)->7K(128K)
[2024-08-23T17:38:01.150+0800] GC(374) Pause Young (Concurrent Start) (G1 Humongous Allocation) 449M->128M(1024M) 0.975ms
[2024-08-23T17:38:01.150+0800] GC(374) User=0.00s Sys=0.00s Real=0.00s
[2024-08-23T17:38:01.150+0800] GC(375) Concurrent Undo Cycle
[2024-08-23T17:38:01.150+0800] GC(375) Concurrent Cleanup for Next Mark
[2024-08-23T17:38:01.151+0800] GC(375) Concurrent Cleanup for Next Mark 0.995ms
[2024-08-23T17:38:01.151+0800] GC(375) Concurrent Undo Cycle 1.081ms
[2024-08-23T17:38:02.679+0800] GC(376) Pause Young (Concurrent Start) (G1 Humongous Allocation)
[2024-08-23T17:38:02.679+0800] GC(376) Using 6 workers of 6 for evacuation
[2024-08-23T17:38:02.679+0800] GC(376)   Pre Evacuate Collection Set: 0.1ms
[2024-08-23T17:38:02.679+0800] GC(376)   Merge Heap Roots: 0.1ms
[2024-08-23T17:38:02.679+0800] GC(376)   Evacuate Collection Set: 0.1ms
[2024-08-23T17:38:02.679+0800] GC(376)   Post Evacuate Collection Set: 0.4ms
[2024-08-23T17:38:02.679+0800] GC(376)   Other: 0.1ms
[2024-08-23T17:38:02.679+0800] GC(376) Eden regions: 1->0(614)
[2024-08-23T17:38:02.679+0800] GC(376) Survivor regions: 0->0(77)
[2024-08-23T17:38:02.679+0800] GC(376) Old regions: 1->1
[2024-08-23T17:38:02.679+0800] GC(376) Archive regions: 0->0
[2024-08-23T17:38:02.679+0800] GC(376) Humongous regions: 414->166
[2024-08-23T17:38:02.679+0800] GC(376) Metaspace: 309K(512K)->309K(512K) NonClass: 301K(384K)->301K(384K) Class: 7K(128K)->7K(128K)
[2024-08-23T17:38:02.679+0800] GC(376) Pause Young (Concurrent Start) (G1 Humongous Allocation) 415M->166M(1024M) 0.983ms
[2024-08-23T17:38:02.679+0800] GC(376) User=0.00s Sys=0.00s Real=0.00s
[2024-08-23T17:38:02.679+0800] GC(377) Concurrent Undo Cycle
[2024-08-23T17:38:02.679+0800] GC(377) Concurrent Cleanup for Next Mark
[2024-08-23T17:38:02.680+0800] GC(377) Concurrent Cleanup for Next Mark 0.948ms
[2024-08-23T17:38:02.680+0800] GC(377) Concurrent Undo Cycle 1.023ms
[2024-08-23T17:38:04.101+0800] GC(378) Pause Young (Concurrent Start) (G1 Humongous Allocation)
[2024-08-23T17:38:04.101+0800] GC(378) Using 6 workers of 6 for evacuation
[2024-08-23T17:38:04.101+0800] GC(378)   Pre Evacuate Collection Set: 0.1ms
[2024-08-23T17:38:04.101+0800] GC(378)   Merge Heap Roots: 0.1ms
[2024-08-23T17:38:04.101+0800] GC(378)   Evacuate Collection Set: 0.1ms
[2024-08-23T17:38:04.101+0800] GC(378)   Post Evacuate Collection Set: 0.4ms
[2024-08-23T17:38:04.101+0800] GC(378)   Other: 0.1ms
[2024-08-23T17:38:04.101+0800] GC(378) Eden regions: 1->0(614)
[2024-08-23T17:38:04.101+0800] GC(378) Survivor regions: 0->0(77)
[2024-08-23T17:38:04.101+0800] GC(378) Old regions: 1->1
[2024-08-23T17:38:04.101+0800] GC(378) Archive regions: 0->0
[2024-08-23T17:38:04.101+0800] GC(378) Humongous regions: 371->62
[2024-08-23T17:38:04.101+0800] GC(378) Metaspace: 309K(512K)->309K(512K) NonClass: 301K(384K)->301K(384K) Class: 7K(128K)->7K(128K)
[2024-08-23T17:38:04.101+0800] GC(378) Pause Young (Concurrent Start) (G1 Humongous Allocation) 372M->62M(1024M) 0.861ms
[2024-08-23T17:38:04.101+0800] GC(378) User=0.00s Sys=0.00s Real=0.00s
[2024-08-23T17:38:04.101+0800] GC(379) Concurrent Undo Cycle
[2024-08-23T17:38:04.101+0800] GC(379) Concurrent Cleanup for Next Mark
[2024-08-23T17:38:04.102+0800] GC(379) Concurrent Cleanup for Next Mark 1.239ms
[2024-08-23T17:38:04.102+0800] GC(379) Concurrent Undo Cycle 1.327ms
[2024-08-23T17:38:06.722+0800] GC(380) Pause Young (Concurrent Start) (G1 Humongous Allocation)
[2024-08-23T17:38:06.722+0800] GC(380) Using 6 workers of 6 for evacuation
[2024-08-23T17:38:06.722+0800] GC(380)   Pre Evacuate Collection Set: 0.1ms
[2024-08-23T17:38:06.723+0800] GC(380)   Merge Heap Roots: 0.1ms
[2024-08-23T17:38:06.723+0800] GC(380)   Evacuate Collection Set: 0.1ms
[2024-08-23T17:38:06.723+0800] GC(380)   Post Evacuate Collection Set: 0.4ms
[2024-08-23T17:38:06.723+0800] GC(380)   Other: 0.1ms
[2024-08-23T17:38:06.723+0800] GC(380) Eden regions: 1->0(613)
[2024-08-23T17:38:06.723+0800] GC(380) Survivor regions: 0->1(77)
[2024-08-23T17:38:06.723+0800] GC(380) Old regions: 1->1
[2024-08-23T17:38:06.723+0800] GC(380) Archive regions: 0->0
[2024-08-23T17:38:06.723+0800] GC(380) Humongous regions: 460->45
[2024-08-23T17:38:06.723+0800] GC(380) Metaspace: 309K(512K)->309K(512K) NonClass: 301K(384K)->301K(384K) Class: 7K(128K)->7K(128K)
[2024-08-23T17:38:06.723+0800] GC(380) Pause Young (Concurrent Start) (G1 Humongous Allocation) 461M->45M(1024M) 0.865ms
[2024-08-23T17:38:06.723+0800] GC(380) User=0.00s Sys=0.00s Real=0.00s
[2024-08-23T17:38:06.723+0800] GC(381) Concurrent Undo Cycle
[2024-08-23T17:38:06.723+0800] GC(381) Concurrent Cleanup for Next Mark
[2024-08-23T17:38:06.724+0800] GC(381) Concurrent Cleanup for Next Mark 1.037ms
[2024-08-23T17:38:06.724+0800] GC(381) Concurrent Undo Cycle 1.118ms
[2024-08-23T17:38:09.790+0800] GC(382) Pause Young (Concurrent Start) (G1 Humongous Allocation)
[2024-08-23T17:38:09.790+0800] GC(382) Using 6 workers of 6 for evacuation
[2024-08-23T17:38:09.791+0800] GC(382)   Pre Evacuate Collection Set: 0.1ms
[2024-08-23T17:38:09.791+0800] GC(382)   Merge Heap Roots: 0.1ms
[2024-08-23T17:38:09.791+0800] GC(382)   Evacuate Collection Set: 0.1ms
[2024-08-23T17:38:09.791+0800] GC(382)   Post Evacuate Collection Set: 0.4ms
[2024-08-23T17:38:09.791+0800] GC(382)   Other: 0.1ms
[2024-08-23T17:38:09.791+0800] GC(382) Eden regions: 1->0(613)
[2024-08-23T17:38:09.791+0800] GC(382) Survivor regions: 1->1(77)
[2024-08-23T17:38:09.791+0800] GC(382) Old regions: 1->1
[2024-08-23T17:38:09.791+0800] GC(382) Archive regions: 0->0
[2024-08-23T17:38:09.791+0800] GC(382) Humongous regions: 425->114
[2024-08-23T17:38:09.791+0800] GC(382) Metaspace: 309K(512K)->309K(512K) NonClass: 301K(384K)->301K(384K) Class: 7K(128K)->7K(128K)
[2024-08-23T17:38:09.791+0800] GC(382) Pause Young (Concurrent Start) (G1 Humongous Allocation) 426M->114M(1024M) 0.932ms
[2024-08-23T17:38:09.791+0800] GC(382) User=0.00s Sys=0.00s Real=0.00s
[2024-08-23T17:38:09.791+0800] GC(383) Concurrent Undo Cycle
[2024-08-23T17:38:09.791+0800] GC(383) Concurrent Cleanup for Next Mark
[2024-08-23T17:38:09.792+0800] GC(383) Concurrent Cleanup for Next Mark 1.053ms
[2024-08-23T17:38:09.792+0800] GC(383) Concurrent Undo Cycle 1.139ms
[2024-08-23T17:38:12.524+0800] GC(384) Pause Young (Concurrent Start) (G1 Humongous Allocation)
[2024-08-23T17:38:12.524+0800] GC(384) Using 6 workers of 6 for evacuation
[2024-08-23T17:38:12.525+0800] GC(384)   Pre Evacuate Collection Set: 0.1ms
[2024-08-23T17:38:12.525+0800] GC(384)   Merge Heap Roots: 0.2ms
[2024-08-23T17:38:12.525+0800] GC(384)   Evacuate Collection Set: 0.2ms
[2024-08-23T17:38:12.525+0800] GC(384)   Post Evacuate Collection Set: 0.4ms
[2024-08-23T17:38:12.525+0800] GC(384)   Other: 0.1ms
[2024-08-23T17:38:12.525+0800] GC(384) Eden regions: 1->0(613)
[2024-08-23T17:38:12.525+0800] GC(384) Survivor regions: 1->1(77)
[2024-08-23T17:38:12.525+0800] GC(384) Old regions: 1->1
[2024-08-23T17:38:12.525+0800] GC(384) Archive regions: 0->0
[2024-08-23T17:38:12.525+0800] GC(384) Humongous regions: 433->29
[2024-08-23T17:38:12.525+0800] GC(384) Metaspace: 309K(512K)->309K(512K) NonClass: 301K(384K)->301K(384K) Class: 7K(128K)->7K(128K)
[2024-08-23T17:38:12.525+0800] GC(384) Pause Young (Concurrent Start) (G1 Humongous Allocation) 434M->29M(1024M) 1.066ms
[2024-08-23T17:38:12.525+0800] GC(384) User=0.00s Sys=0.00s Real=0.00s
[2024-08-23T17:38:12.525+0800] GC(385) Concurrent Undo Cycle
[2024-08-23T17:38:12.525+0800] GC(385) Concurrent Cleanup for Next Mark
[2024-08-23T17:38:12.526+0800] GC(385) Concurrent Cleanup for Next Mark 1.004ms
[2024-08-23T17:38:12.526+0800] GC(385) Concurrent Undo Cycle 1.129ms
[2024-08-23T17:38:15.253+0800] GC(386) Pause Young (Concurrent Start) (G1 Humongous Allocation)
[2024-08-23T17:38:15.253+0800] GC(386) Using 6 workers of 6 for evacuation
[2024-08-23T17:38:15.254+0800] GC(386)   Pre Evacuate Collection Set: 0.1ms
[2024-08-23T17:38:15.254+0800] GC(386)   Merge Heap Roots: 0.1ms
[2024-08-23T17:38:15.254+0800] GC(386)   Evacuate Collection Set: 0.2ms
[2024-08-23T17:38:15.254+0800] GC(386)   Post Evacuate Collection Set: 0.5ms
[2024-08-23T17:38:15.254+0800] GC(386)   Other: 0.1ms
[2024-08-23T17:38:15.254+0800] GC(386) Eden regions: 1->0(613)
[2024-08-23T17:38:15.254+0800] GC(386) Survivor regions: 1->1(77)
[2024-08-23T17:38:15.254+0800] GC(386) Old regions: 1->1
[2024-08-23T17:38:15.254+0800] GC(386) Archive regions: 0->0
[2024-08-23T17:38:15.254+0800] GC(386) Humongous regions: 448->11
[2024-08-23T17:38:15.254+0800] GC(386) Metaspace: 309K(512K)->309K(512K) NonClass: 301K(384K)->301K(384K) Class: 7K(128K)->7K(128K)
[2024-08-23T17:38:15.254+0800] GC(386) Pause Young (Concurrent Start) (G1 Humongous Allocation) 449M->11M(1024M) 1.029ms
[2024-08-23T17:38:15.254+0800] GC(386) User=0.00s Sys=0.00s Real=0.00s
[2024-08-23T17:38:15.254+0800] GC(387) Concurrent Undo Cycle
[2024-08-23T17:38:15.254+0800] GC(387) Concurrent Cleanup for Next Mark
[2024-08-23T17:38:15.255+0800] GC(387) Concurrent Cleanup for Next Mark 0.939ms
[2024-08-23T17:38:15.255+0800] GC(387) Concurrent Undo Cycle 1.031ms
[2024-08-23T17:38:17.879+0800] GC(388) Pause Young (Concurrent Start) (G1 Humongous Allocation)
[2024-08-23T17:38:17.879+0800] GC(388) Using 6 workers of 6 for evacuation
[2024-08-23T17:38:17.880+0800] GC(388)   Pre Evacuate Collection Set: 0.1ms
[2024-08-23T17:38:17.880+0800] GC(388)   Merge Heap Roots: 0.1ms
[2024-08-23T17:38:17.880+0800] GC(388)   Evacuate Collection Set: 0.2ms
[2024-08-23T17:38:17.880+0800] GC(388)   Post Evacuate Collection Set: 0.5ms
[2024-08-23T17:38:17.880+0800] GC(388)   Other: 0.1ms
[2024-08-23T17:38:17.880+0800] GC(388) Eden regions: 1->0(613)
[2024-08-23T17:38:17.880+0800] GC(388) Survivor regions: 1->1(77)
[2024-08-23T17:38:17.880+0800] GC(388) Old regions: 1->1
[2024-08-23T17:38:17.880+0800] GC(388) Archive regions: 0->0
[2024-08-23T17:38:17.880+0800] GC(388) Humongous regions: 459->50
[2024-08-23T17:38:17.880+0800] GC(388) Metaspace: 309K(512K)->309K(512K) NonClass: 301K(384K)->301K(384K) Class: 7K(128K)->7K(128K)
[2024-08-23T17:38:17.880+0800] GC(388) Pause Young (Concurrent Start) (G1 Humongous Allocation) 460M->50M(1024M) 1.064ms
[2024-08-23T17:38:17.880+0800] GC(388) User=0.00s Sys=0.00s Real=0.00s
[2024-08-23T17:38:17.880+0800] GC(389) Concurrent Undo Cycle
[2024-08-23T17:38:17.880+0800] GC(389) Concurrent Cleanup for Next Mark
[2024-08-23T17:38:17.881+0800] GC(389) Concurrent Cleanup for Next Mark 0.838ms
[2024-08-23T17:38:17.881+0800] GC(389) Concurrent Undo Cycle 0.902ms
[2024-08-23T17:38:21.043+0800] GC(390) Pause Young (Concurrent Start) (G1 Humongous Allocation)
[2024-08-23T17:38:21.043+0800] GC(390) Using 6 workers of 6 for evacuation
[2024-08-23T17:38:21.044+0800] GC(390)   Pre Evacuate Collection Set: 0.1ms
[2024-08-23T17:38:21.044+0800] GC(390)   Merge Heap Roots: 0.1ms
[2024-08-23T17:38:21.044+0800] GC(390)   Evacuate Collection Set: 0.1ms
[2024-08-23T17:38:21.044+0800] GC(390)   Post Evacuate Collection Set: 0.5ms
[2024-08-23T17:38:21.044+0800] GC(390)   Other: 0.1ms
[2024-08-23T17:38:21.044+0800] GC(390) Eden regions: 1->0(613)
[2024-08-23T17:38:21.044+0800] GC(390) Survivor regions: 1->1(77)
[2024-08-23T17:38:21.044+0800] GC(390) Old regions: 1->1
[2024-08-23T17:38:21.044+0800] GC(390) Archive regions: 0->0
[2024-08-23T17:38:21.044+0800] GC(390) Humongous regions: 446->134
[2024-08-23T17:38:21.044+0800] GC(390) Metaspace: 309K(512K)->309K(512K) NonClass: 301K(384K)->301K(384K) Class: 7K(128K)->7K(128K)
[2024-08-23T17:38:21.044+0800] GC(390) Pause Young (Concurrent Start) (G1 Humongous Allocation) 447M->134M(1024M) 0.925ms
[2024-08-23T17:38:21.044+0800] GC(390) User=0.00s Sys=0.00s Real=0.00s
[2024-08-23T17:38:21.044+0800] GC(391) Concurrent Undo Cycle
[2024-08-23T17:38:21.044+0800] GC(391) Concurrent Cleanup for Next Mark
[2024-08-23T17:38:21.045+0800] GC(391) Concurrent Cleanup for Next Mark 0.934ms
[2024-08-23T17:38:21.045+0800] GC(391) Concurrent Undo Cycle 1.033ms
[2024-08-23T17:38:23.997+0800] GC(392) Pause Young (Concurrent Start) (G1 Humongous Allocation)
[2024-08-23T17:38:23.997+0800] GC(392) Using 6 workers of 6 for evacuation
[2024-08-23T17:38:23.998+0800] GC(392)   Pre Evacuate Collection Set: 0.1ms
[2024-08-23T17:38:23.998+0800] GC(392)   Merge Heap Roots: 0.1ms
[2024-08-23T17:38:23.998+0800] GC(392)   Evacuate Collection Set: 0.1ms
[2024-08-23T17:38:23.998+0800] GC(392)   Post Evacuate Collection Set: 0.2ms
[2024-08-23T17:38:23.998+0800] GC(392)   Other: 0.1ms
[2024-08-23T17:38:23.998+0800] GC(392) Eden regions: 1->0(613)
[2024-08-23T17:38:23.998+0800] GC(392) Survivor regions: 1->1(77)
[2024-08-23T17:38:23.998+0800] GC(392) Old regions: 1->1
[2024-08-23T17:38:23.998+0800] GC(392) Archive regions: 0->0
[2024-08-23T17:38:23.998+0800] GC(392) Humongous regions: 460->64
[2024-08-23T17:38:23.998+0800] GC(392) Metaspace: 309K(512K)->309K(512K) NonClass: 301K(384K)->301K(384K) Class: 7K(128K)->7K(128K)
[2024-08-23T17:38:23.998+0800] GC(392) Pause Young (Concurrent Start) (G1 Humongous Allocation) 461M->64M(1024M) 0.666ms
[2024-08-23T17:38:23.998+0800] GC(392) User=0.00s Sys=0.00s Real=0.00s
[2024-08-23T17:38:23.998+0800] GC(393) Concurrent Undo Cycle
[2024-08-23T17:38:23.998+0800] GC(393) Concurrent Cleanup for Next Mark
[2024-08-23T17:38:23.999+0800] GC(393) Concurrent Cleanup for Next Mark 0.882ms
[2024-08-23T17:38:23.999+0800] GC(393) Concurrent Undo Cycle 0.968ms
[2024-08-23T17:38:26.731+0800] GC(394) Pause Young (Concurrent Start) (G1 Humongous Allocation)
[2024-08-23T17:38:26.731+0800] GC(394) Using 6 workers of 6 for evacuation
[2024-08-23T17:38:26.731+0800] GC(394)   Pre Evacuate Collection Set: 0.1ms
[2024-08-23T17:38:26.731+0800] GC(394)   Merge Heap Roots: 0.1ms
[2024-08-23T17:38:26.731+0800] GC(394)   Evacuate Collection Set: 0.1ms
[2024-08-23T17:38:26.732+0800] GC(394)   Post Evacuate Collection Set: 0.4ms
[2024-08-23T17:38:26.732+0800] GC(394)   Other: 0.1ms
[2024-08-23T17:38:26.732+0800] GC(394) Eden regions: 1->0(613)
[2024-08-23T17:38:26.732+0800] GC(394) Survivor regions: 1->1(77)
[2024-08-23T17:38:26.732+0800] GC(394) Old regions: 1->1
[2024-08-23T17:38:26.732+0800] GC(394) Archive regions: 0->0
[2024-08-23T17:38:26.732+0800] GC(394) Humongous regions: 448->21
[2024-08-23T17:38:26.732+0800] GC(394) Metaspace: 309K(512K)->309K(512K) NonClass: 301K(384K)->301K(384K) Class: 7K(128K)->7K(128K)
[2024-08-23T17:38:26.732+0800] GC(394) Pause Young (Concurrent Start) (G1 Humongous Allocation) 449M->21M(1024M) 0.929ms
[2024-08-23T17:38:26.732+0800] GC(394) User=0.00s Sys=0.00s Real=0.00s
[2024-08-23T17:38:26.732+0800] GC(395) Concurrent Undo Cycle
[2024-08-23T17:38:26.732+0800] GC(395) Concurrent Cleanup for Next Mark
[2024-08-23T17:38:26.733+0800] GC(395) Concurrent Cleanup for Next Mark 0.996ms
[2024-08-23T17:38:26.733+0800] GC(395) Concurrent Undo Cycle 1.095ms
[2024-08-23T17:38:29.354+0800] GC(396) Pause Young (Concurrent Start) (G1 Humongous Allocation)
[2024-08-23T17:38:29.354+0800] GC(396) Using 6 workers of 6 for evacuation
[2024-08-23T17:38:29.355+0800] GC(396)   Pre Evacuate Collection Set: 0.1ms
[2024-08-23T17:38:29.355+0800] GC(396)   Merge Heap Roots: 0.1ms
[2024-08-23T17:38:29.355+0800] GC(396)   Evacuate Collection Set: 0.2ms
[2024-08-23T17:38:29.355+0800] GC(396)   Post Evacuate Collection Set: 0.4ms
[2024-08-23T17:38:29.355+0800] GC(396)   Other: 0.1ms
[2024-08-23T17:38:29.355+0800] GC(396) Eden regions: 1->0(613)
[2024-08-23T17:38:29.355+0800] GC(396) Survivor regions: 1->1(77)
[2024-08-23T17:38:29.355+0800] GC(396) Old regions: 1->1
[2024-08-23T17:38:29.355+0800] GC(396) Archive regions: 0->0
[2024-08-23T17:38:29.355+0800] GC(396) Humongous regions: 459->95
[2024-08-23T17:38:29.355+0800] GC(396) Metaspace: 309K(512K)->309K(512K) NonClass: 301K(384K)->301K(384K) Class: 7K(128K)->7K(128K)
[2024-08-23T17:38:29.355+0800] GC(396) Pause Young (Concurrent Start) (G1 Humongous Allocation) 460M->95M(1024M) 0.942ms
[2024-08-23T17:38:29.355+0800] GC(396) User=0.00s Sys=0.00s Real=0.00s
[2024-08-23T17:38:29.355+0800] GC(397) Concurrent Undo Cycle
[2024-08-23T17:38:29.355+0800] GC(397) Concurrent Cleanup for Next Mark
[2024-08-23T17:38:29.356+0800] GC(397) Concurrent Cleanup for Next Mark 0.761ms
[2024-08-23T17:38:29.356+0800] GC(397) Concurrent Undo Cycle 0.829ms
[2024-08-23T17:38:31.102+0800] GC(398) Pause Young (Concurrent Start) (G1 Humongous Allocation)
[2024-08-23T17:38:31.102+0800] GC(398) Using 6 workers of 6 for evacuation
[2024-08-23T17:38:31.102+0800] GC(398)   Pre Evacuate Collection Set: 0.1ms
[2024-08-23T17:38:31.102+0800] GC(398)   Merge Heap Roots: 0.1ms
[2024-08-23T17:38:31.103+0800] GC(398)   Evacuate Collection Set: 0.1ms
[2024-08-23T17:38:31.103+0800] GC(398)   Post Evacuate Collection Set: 0.4ms
[2024-08-23T17:38:31.103+0800] GC(398)   Other: 0.1ms
[2024-08-23T17:38:31.103+0800] GC(398) Eden regions: 1->0(613)
[2024-08-23T17:38:31.103+0800] GC(398) Survivor regions: 1->1(77)
[2024-08-23T17:38:31.103+0800] GC(398) Old regions: 1->1
[2024-08-23T17:38:31.103+0800] GC(398) Archive regions: 0->0
[2024-08-23T17:38:31.103+0800] GC(398) Humongous regions: 391->57
[2024-08-23T17:38:31.103+0800] GC(398) Metaspace: 309K(512K)->309K(512K) NonClass: 301K(384K)->301K(384K) Class: 7K(128K)->7K(128K)
[2024-08-23T17:38:31.103+0800] GC(398) Pause Young (Concurrent Start) (G1 Humongous Allocation) 392M->57M(1024M) 0.958ms
[2024-08-23T17:38:31.103+0800] GC(398) User=0.00s Sys=0.02s Real=0.00s
[2024-08-23T17:38:31.103+0800] GC(399) Concurrent Undo Cycle
[2024-08-23T17:38:31.103+0800] GC(399) Concurrent Cleanup for Next Mark
[2024-08-23T17:38:31.104+0800] GC(399) Concurrent Cleanup for Next Mark 0.968ms
[2024-08-23T17:38:31.104+0800] GC(399) Concurrent Undo Cycle 1.054ms
[2024-08-23T17:38:34.483+0800] GC(400) Pause Young (Concurrent Start) (G1 Humongous Allocation)
[2024-08-23T17:38:34.483+0800] GC(400) Using 6 workers of 6 for evacuation
[2024-08-23T17:38:34.484+0800] GC(400)   Pre Evacuate Collection Set: 0.1ms
[2024-08-23T17:38:34.484+0800] GC(400)   Merge Heap Roots: 0.1ms
[2024-08-23T17:38:34.484+0800] GC(400)   Evacuate Collection Set: 0.2ms
[2024-08-23T17:38:34.484+0800] GC(400)   Post Evacuate Collection Set: 0.5ms
[2024-08-23T17:38:34.484+0800] GC(400)   Other: 0.1ms
[2024-08-23T17:38:34.484+0800] GC(400) Eden regions: 1->0(613)
[2024-08-23T17:38:34.484+0800] GC(400) Survivor regions: 1->1(77)
[2024-08-23T17:38:34.484+0800] GC(400) Old regions: 1->1
[2024-08-23T17:38:34.484+0800] GC(400) Archive regions: 0->0
[2024-08-23T17:38:34.484+0800] GC(400) Humongous regions: 458->12
[2024-08-23T17:38:34.484+0800] GC(400) Metaspace: 309K(512K)->309K(512K) NonClass: 301K(384K)->301K(384K) Class: 7K(128K)->7K(128K)
[2024-08-23T17:38:34.484+0800] GC(400) Pause Young (Concurrent Start) (G1 Humongous Allocation) 459M->12M(1024M) 1.047ms
[2024-08-23T17:38:34.484+0800] GC(400) User=0.00s Sys=0.00s Real=0.00s
[2024-08-23T17:38:34.484+0800] GC(401) Concurrent Undo Cycle
[2024-08-23T17:38:34.484+0800] GC(401) Concurrent Cleanup for Next Mark
[2024-08-23T17:38:34.485+0800] GC(401) Concurrent Cleanup for Next Mark 0.732ms
[2024-08-23T17:38:34.485+0800] GC(401) Concurrent Undo Cycle 0.797ms
[2024-08-23T17:38:36.782+0800] GC(402) Pause Young (Concurrent Start) (G1 Humongous Allocation)
[2024-08-23T17:38:36.782+0800] GC(402) Using 6 workers of 6 for evacuation
[2024-08-23T17:38:36.782+0800] GC(402)   Pre Evacuate Collection Set: 0.1ms
[2024-08-23T17:38:36.782+0800] GC(402)   Merge Heap Roots: 0.1ms
[2024-08-23T17:38:36.782+0800] GC(402)   Evacuate Collection Set: 0.2ms
[2024-08-23T17:38:36.782+0800] GC(402)   Post Evacuate Collection Set: 0.4ms
[2024-08-23T17:38:36.782+0800] GC(402)   Other: 0.1ms
[2024-08-23T17:38:36.783+0800] GC(402) Eden regions: 1->0(613)
[2024-08-23T17:38:36.783+0800] GC(402) Survivor regions: 1->1(77)
[2024-08-23T17:38:36.783+0800] GC(402) Old regions: 1->1
[2024-08-23T17:38:36.783+0800] GC(402) Archive regions: 0->0
[2024-08-23T17:38:36.783+0800] GC(402) Humongous regions: 365->95
[2024-08-23T17:38:36.783+0800] GC(402) Metaspace: 309K(512K)->309K(512K) NonClass: 301K(384K)->301K(384K) Class: 7K(128K)->7K(128K)
[2024-08-23T17:38:36.783+0800] GC(402) Pause Young (Concurrent Start) (G1 Humongous Allocation) 366M->95M(1024M) 0.974ms
[2024-08-23T17:38:36.783+0800] GC(402) User=0.00s Sys=0.00s Real=0.00s
[2024-08-23T17:38:36.783+0800] GC(403) Concurrent Undo Cycle
[2024-08-23T17:38:36.783+0800] GC(403) Concurrent Cleanup for Next Mark
[2024-08-23T17:38:36.784+0800] GC(403) Concurrent Cleanup for Next Mark 0.948ms
[2024-08-23T17:38:36.784+0800] GC(403) Concurrent Undo Cycle 1.037ms
[2024-08-23T17:38:39.404+0800] GC(404) Pause Young (Concurrent Start) (G1 Humongous Allocation)
[2024-08-23T17:38:39.404+0800] GC(404) Using 6 workers of 6 for evacuation
[2024-08-23T17:38:39.405+0800] GC(404)   Pre Evacuate Collection Set: 0.1ms
[2024-08-23T17:38:39.405+0800] GC(404)   Merge Heap Roots: 0.1ms
[2024-08-23T17:38:39.405+0800] GC(404)   Evacuate Collection Set: 0.2ms
[2024-08-23T17:38:39.405+0800] GC(404)   Post Evacuate Collection Set: 0.4ms
[2024-08-23T17:38:39.405+0800] GC(404)   Other: 0.1ms
[2024-08-23T17:38:39.405+0800] GC(404) Eden regions: 1->0(613)
[2024-08-23T17:38:39.405+0800] GC(404) Survivor regions: 1->1(77)
[2024-08-23T17:38:39.405+0800] GC(404) Old regions: 1->1
[2024-08-23T17:38:39.405+0800] GC(404) Archive regions: 0->0
[2024-08-23T17:38:39.405+0800] GC(404) Humongous regions: 453->68
[2024-08-23T17:38:39.405+0800] GC(404) Metaspace: 309K(512K)->309K(512K) NonClass: 301K(384K)->301K(384K) Class: 7K(128K)->7K(128K)
[2024-08-23T17:38:39.405+0800] GC(404) Pause Young (Concurrent Start) (G1 Humongous Allocation) 454M->68M(1024M) 1.008ms
[2024-08-23T17:38:39.405+0800] GC(404) User=0.00s Sys=0.00s Real=0.00s
[2024-08-23T17:38:39.405+0800] GC(405) Concurrent Undo Cycle
[2024-08-23T17:38:39.405+0800] GC(405) Concurrent Cleanup for Next Mark
[2024-08-23T17:38:39.406+0800] GC(405) Concurrent Cleanup for Next Mark 1.114ms
[2024-08-23T17:38:39.406+0800] GC(405) Concurrent Undo Cycle 1.183ms
[2024-08-23T17:38:41.042+0800] GC(406) Pause Young (Concurrent Start) (G1 Humongous Allocation)
[2024-08-23T17:38:41.042+0800] GC(406) Using 6 workers of 6 for evacuation
[2024-08-23T17:38:41.042+0800] GC(406)   Pre Evacuate Collection Set: 0.1ms
[2024-08-23T17:38:41.042+0800] GC(406)   Merge Heap Roots: 0.1ms
[2024-08-23T17:38:41.042+0800] GC(406)   Evacuate Collection Set: 0.1ms
[2024-08-23T17:38:41.042+0800] GC(406)   Post Evacuate Collection Set: 0.3ms
[2024-08-23T17:38:41.042+0800] GC(406)   Other: 0.1ms
[2024-08-23T17:38:41.042+0800] GC(406) Eden regions: 1->0(613)
[2024-08-23T17:38:41.042+0800] GC(406) Survivor regions: 1->1(77)
[2024-08-23T17:38:41.042+0800] GC(406) Old regions: 1->1
[2024-08-23T17:38:41.042+0800] GC(406) Archive regions: 0->0
[2024-08-23T17:38:41.042+0800] GC(406) Humongous regions: 375->215
[2024-08-23T17:38:41.042+0800] GC(406) Metaspace: 309K(512K)->309K(512K) NonClass: 301K(384K)->301K(384K) Class: 7K(128K)->7K(128K)
[2024-08-23T17:38:41.042+0800] GC(406) Pause Young (Concurrent Start) (G1 Humongous Allocation) 376M->215M(1024M) 0.794ms
[2024-08-23T17:38:41.042+0800] GC(406) User=0.00s Sys=0.00s Real=0.00s
[2024-08-23T17:38:41.042+0800] GC(407) Concurrent Undo Cycle
[2024-08-23T17:38:41.042+0800] GC(407) Concurrent Cleanup for Next Mark
[2024-08-23T17:38:41.043+0800] GC(407) Concurrent Cleanup for Next Mark 0.913ms
[2024-08-23T17:38:41.043+0800] GC(407) Concurrent Undo Cycle 1.000ms
[2024-08-23T17:38:42.465+0800] GC(408) Pause Young (Concurrent Start) (G1 Humongous Allocation)
[2024-08-23T17:38:42.465+0800] GC(408) Using 6 workers of 6 for evacuation
[2024-08-23T17:38:42.466+0800] GC(408)   Pre Evacuate Collection Set: 0.1ms
[2024-08-23T17:38:42.466+0800] GC(408)   Merge Heap Roots: 0.1ms
[2024-08-23T17:38:42.466+0800] GC(408)   Evacuate Collection Set: 0.1ms
[2024-08-23T17:38:42.466+0800] GC(408)   Post Evacuate Collection Set: 0.5ms
[2024-08-23T17:38:42.466+0800] GC(408)   Other: 0.1ms
[2024-08-23T17:38:42.466+0800] GC(408) Eden regions: 1->0(613)
[2024-08-23T17:38:42.466+0800] GC(408) Survivor regions: 1->1(77)
[2024-08-23T17:38:42.466+0800] GC(408) Old regions: 1->1
[2024-08-23T17:38:42.466+0800] GC(408) Archive regions: 0->0
[2024-08-23T17:38:42.466+0800] GC(408) Humongous regions: 424->57
[2024-08-23T17:38:42.466+0800] GC(408) Metaspace: 309K(512K)->309K(512K) NonClass: 301K(384K)->301K(384K) Class: 7K(128K)->7K(128K)
[2024-08-23T17:38:42.466+0800] GC(408) Pause Young (Concurrent Start) (G1 Humongous Allocation) 425M->57M(1024M) 1.037ms
[2024-08-23T17:38:42.466+0800] GC(408) User=0.00s Sys=0.00s Real=0.00s
[2024-08-23T17:38:42.466+0800] GC(409) Concurrent Undo Cycle
[2024-08-23T17:38:42.466+0800] GC(409) Concurrent Cleanup for Next Mark
[2024-08-23T17:38:42.467+0800] GC(409) Concurrent Cleanup for Next Mark 0.973ms
[2024-08-23T17:38:42.467+0800] GC(409) Concurrent Undo Cycle 1.065ms
[2024-08-23T17:38:45.629+0800] GC(410) Pause Young (Concurrent Start) (G1 Humongous Allocation)
[2024-08-23T17:38:45.629+0800] GC(410) Using 6 workers of 6 for evacuation
[2024-08-23T17:38:45.630+0800] GC(410)   Pre Evacuate Collection Set: 0.1ms
[2024-08-23T17:38:45.630+0800] GC(410)   Merge Heap Roots: 0.1ms
[2024-08-23T17:38:45.630+0800] GC(410)   Evacuate Collection Set: 0.1ms
[2024-08-23T17:38:45.630+0800] GC(410)   Post Evacuate Collection Set: 0.5ms
[2024-08-23T17:38:45.630+0800] GC(410)   Other: 0.1ms
[2024-08-23T17:38:45.630+0800] GC(410) Eden regions: 1->0(613)
[2024-08-23T17:38:45.630+0800] GC(410) Survivor regions: 1->1(77)
[2024-08-23T17:38:45.630+0800] GC(410) Old regions: 1->1
[2024-08-23T17:38:45.630+0800] GC(410) Archive regions: 0->0
[2024-08-23T17:38:45.630+0800] GC(410) Humongous regions: 455->11
[2024-08-23T17:38:45.630+0800] GC(410) Metaspace: 309K(512K)->309K(512K) NonClass: 301K(384K)->301K(384K) Class: 7K(128K)->7K(128K)
[2024-08-23T17:38:45.630+0800] GC(410) Pause Young (Concurrent Start) (G1 Humongous Allocation) 456M->11M(1024M) 0.963ms
[2024-08-23T17:38:45.630+0800] GC(410) User=0.00s Sys=0.00s Real=0.00s
[2024-08-23T17:38:45.630+0800] GC(411) Concurrent Undo Cycle
[2024-08-23T17:38:45.630+0800] GC(411) Concurrent Cleanup for Next Mark
[2024-08-23T17:38:45.630+0800] GC(411) Concurrent Cleanup for Next Mark 0.661ms
[2024-08-23T17:38:45.630+0800] GC(411) Concurrent Undo Cycle 0.730ms
[2024-08-23T17:38:48.138+0800] GC(412) Pause Young (Concurrent Start) (G1 Humongous Allocation)
[2024-08-23T17:38:48.138+0800] GC(412) Using 6 workers of 6 for evacuation
[2024-08-23T17:38:48.139+0800] GC(412)   Pre Evacuate Collection Set: 0.1ms
[2024-08-23T17:38:48.139+0800] GC(412)   Merge Heap Roots: 0.1ms
[2024-08-23T17:38:48.139+0800] GC(412)   Evacuate Collection Set: 0.1ms
[2024-08-23T17:38:48.139+0800] GC(412)   Post Evacuate Collection Set: 0.4ms
[2024-08-23T17:38:48.139+0800] GC(412)   Other: 0.1ms
[2024-08-23T17:38:48.139+0800] GC(412) Eden regions: 1->0(613)
[2024-08-23T17:38:48.139+0800] GC(412) Survivor regions: 1->1(77)
[2024-08-23T17:38:48.139+0800] GC(412) Old regions: 1->1
[2024-08-23T17:38:48.139+0800] GC(412) Archive regions: 0->0
[2024-08-23T17:38:48.139+0800] GC(412) Humongous regions: 376->84
[2024-08-23T17:38:48.139+0800] GC(412) Metaspace: 309K(512K)->309K(512K) NonClass: 301K(384K)->301K(384K) Class: 7K(128K)->7K(128K)
[2024-08-23T17:38:48.139+0800] GC(412) Pause Young (Concurrent Start) (G1 Humongous Allocation) 377M->84M(1024M) 0.934ms
[2024-08-23T17:38:48.139+0800] GC(412) User=0.00s Sys=0.00s Real=0.00s
[2024-08-23T17:38:48.139+0800] GC(413) Concurrent Undo Cycle
[2024-08-23T17:38:48.139+0800] GC(413) Concurrent Cleanup for Next Mark
[2024-08-23T17:38:48.140+0800] GC(413) Concurrent Cleanup for Next Mark 0.916ms
[2024-08-23T17:38:48.140+0800] GC(413) Concurrent Undo Cycle 1.009ms
[2024-08-23T17:38:50.864+0800] GC(414) Pause Young (Concurrent Start) (G1 Humongous Allocation)
[2024-08-23T17:38:50.864+0800] GC(414) Using 6 workers of 6 for evacuation
[2024-08-23T17:38:50.865+0800] GC(414)   Pre Evacuate Collection Set: 0.1ms
[2024-08-23T17:38:50.865+0800] GC(414)   Merge Heap Roots: 0.1ms
[2024-08-23T17:38:50.865+0800] GC(414)   Evacuate Collection Set: 0.1ms
[2024-08-23T17:38:50.865+0800] GC(414)   Post Evacuate Collection Set: 0.4ms
[2024-08-23T17:38:50.865+0800] GC(414)   Other: 0.1ms
[2024-08-23T17:38:50.865+0800] GC(414) Eden regions: 1->0(613)
[2024-08-23T17:38:50.865+0800] GC(414) Survivor regions: 1->1(77)
[2024-08-23T17:38:50.865+0800] GC(414) Old regions: 1->1
[2024-08-23T17:38:50.865+0800] GC(414) Archive regions: 0->0
[2024-08-23T17:38:50.865+0800] GC(414) Humongous regions: 448->128
[2024-08-23T17:38:50.865+0800] GC(414) Metaspace: 309K(512K)->309K(512K) NonClass: 301K(384K)->301K(384K) Class: 7K(128K)->7K(128K)
[2024-08-23T17:38:50.865+0800] GC(414) Pause Young (Concurrent Start) (G1 Humongous Allocation) 449M->128M(1024M) 0.940ms
[2024-08-23T17:38:50.865+0800] GC(414) User=0.00s Sys=0.00s Real=0.00s
[2024-08-23T17:38:50.865+0800] GC(415) Concurrent Undo Cycle
[2024-08-23T17:38:50.865+0800] GC(415) Concurrent Cleanup for Next Mark
[2024-08-23T17:38:50.866+0800] GC(415) Concurrent Cleanup for Next Mark 0.944ms
[2024-08-23T17:38:50.866+0800] GC(415) Concurrent Undo Cycle 1.042ms
[2024-08-23T17:38:52.391+0800] GC(416) Pause Young (Concurrent Start) (G1 Humongous Allocation)
[2024-08-23T17:38:52.391+0800] GC(416) Using 6 workers of 6 for evacuation
[2024-08-23T17:38:52.391+0800] GC(416)   Pre Evacuate Collection Set: 0.1ms
[2024-08-23T17:38:52.391+0800] GC(416)   Merge Heap Roots: 0.1ms
[2024-08-23T17:38:52.391+0800] GC(416)   Evacuate Collection Set: 0.1ms
[2024-08-23T17:38:52.391+0800] GC(416)   Post Evacuate Collection Set: 0.3ms
[2024-08-23T17:38:52.391+0800] GC(416)   Other: 0.1ms
[2024-08-23T17:38:52.391+0800] GC(416) Eden regions: 1->0(613)
[2024-08-23T17:38:52.391+0800] GC(416) Survivor regions: 1->1(77)
[2024-08-23T17:38:52.391+0800] GC(416) Old regions: 1->1
[2024-08-23T17:38:52.391+0800] GC(416) Archive regions: 0->0
[2024-08-23T17:38:52.391+0800] GC(416) Humongous regions: 414->166
[2024-08-23T17:38:52.391+0800] GC(416) Metaspace: 309K(512K)->309K(512K) NonClass: 301K(384K)->301K(384K) Class: 7K(128K)->7K(128K)
[2024-08-23T17:38:52.391+0800] GC(416) Pause Young (Concurrent Start) (G1 Humongous Allocation) 415M->166M(1024M) 0.728ms
[2024-08-23T17:38:52.391+0800] GC(416) User=0.00s Sys=0.00s Real=0.00s
[2024-08-23T17:38:52.391+0800] GC(417) Concurrent Undo Cycle
[2024-08-23T17:38:52.391+0800] GC(417) Concurrent Cleanup for Next Mark
[2024-08-23T17:38:52.392+0800] GC(417) Concurrent Cleanup for Next Mark 1.213ms
[2024-08-23T17:38:52.392+0800] GC(417) Concurrent Undo Cycle 1.306ms
[2024-08-23T17:38:53.813+0800] GC(418) Pause Young (Concurrent Start) (G1 Humongous Allocation)
[2024-08-23T17:38:53.813+0800] GC(418) Using 6 workers of 6 for evacuation
[2024-08-23T17:38:53.814+0800] GC(418)   Pre Evacuate Collection Set: 0.1ms
[2024-08-23T17:38:53.814+0800] GC(418)   Merge Heap Roots: 0.1ms
[2024-08-23T17:38:53.814+0800] GC(418)   Evacuate Collection Set: 0.1ms
[2024-08-23T17:38:53.814+0800] GC(418)   Post Evacuate Collection Set: 0.4ms
[2024-08-23T17:38:53.814+0800] GC(418)   Other: 0.1ms
[2024-08-23T17:38:53.814+0800] GC(418) Eden regions: 1->0(613)
[2024-08-23T17:38:53.814+0800] GC(418) Survivor regions: 1->1(77)
[2024-08-23T17:38:53.814+0800] GC(418) Old regions: 1->1
[2024-08-23T17:38:53.814+0800] GC(418) Archive regions: 0->0
[2024-08-23T17:38:53.814+0800] GC(418) Humongous regions: 371->62
[2024-08-23T17:38:53.814+0800] GC(418) Metaspace: 309K(512K)->309K(512K) NonClass: 301K(384K)->301K(384K) Class: 7K(128K)->7K(128K)
[2024-08-23T17:38:53.814+0800] GC(418) Pause Young (Concurrent Start) (G1 Humongous Allocation) 372M->62M(1024M) 0.868ms
[2024-08-23T17:38:53.814+0800] GC(418) User=0.00s Sys=0.00s Real=0.00s
[2024-08-23T17:38:53.814+0800] GC(419) Concurrent Undo Cycle
[2024-08-23T17:38:53.814+0800] GC(419) Concurrent Cleanup for Next Mark
[2024-08-23T17:38:53.815+0800] GC(419) Concurrent Cleanup for Next Mark 0.951ms
[2024-08-23T17:38:53.815+0800] GC(419) Concurrent Undo Cycle 1.035ms
[2024-08-23T17:38:56.441+0800] GC(420) Pause Young (Concurrent Start) (G1 Humongous Allocation)
[2024-08-23T17:38:56.441+0800] GC(420) Using 6 workers of 6 for evacuation
[2024-08-23T17:38:56.441+0800] GC(420)   Pre Evacuate Collection Set: 0.1ms
[2024-08-23T17:38:56.441+0800] GC(420)   Merge Heap Roots: 0.1ms
[2024-08-23T17:38:56.441+0800] GC(420)   Evacuate Collection Set: 0.1ms
[2024-08-23T17:38:56.441+0800] GC(420)   Post Evacuate Collection Set: 0.4ms
[2024-08-23T17:38:56.441+0800] GC(420)   Other: 0.1ms
[2024-08-23T17:38:56.441+0800] GC(420) Eden regions: 1->0(613)
[2024-08-23T17:38:56.441+0800] GC(420) Survivor regions: 1->1(77)
[2024-08-23T17:38:56.441+0800] GC(420) Old regions: 1->1
[2024-08-23T17:38:56.441+0800] GC(420) Archive regions: 0->0
[2024-08-23T17:38:56.441+0800] GC(420) Humongous regions: 460->45
[2024-08-23T17:38:56.441+0800] GC(420) Metaspace: 309K(512K)->309K(512K) NonClass: 301K(384K)->301K(384K) Class: 7K(128K)->7K(128K)
[2024-08-23T17:38:56.441+0800] GC(420) Pause Young (Concurrent Start) (G1 Humongous Allocation) 461M->45M(1024M) 0.908ms
[2024-08-23T17:38:56.441+0800] GC(420) User=0.00s Sys=0.00s Real=0.00s
[2024-08-23T17:38:56.441+0800] GC(421) Concurrent Undo Cycle
[2024-08-23T17:38:56.441+0800] GC(421) Concurrent Cleanup for Next Mark
[2024-08-23T17:38:56.442+0800] GC(421) Concurrent Cleanup for Next Mark 1.000ms
[2024-08-23T17:38:56.442+0800] GC(421) Concurrent Undo Cycle 1.111ms
[2024-08-23T17:38:59.501+0800] GC(422) Pause Young (Concurrent Start) (G1 Humongous Allocation)
[2024-08-23T17:38:59.501+0800] GC(422) Using 6 workers of 6 for evacuation
[2024-08-23T17:38:59.502+0800] GC(422)   Pre Evacuate Collection Set: 0.2ms
[2024-08-23T17:38:59.502+0800] GC(422)   Merge Heap Roots: 0.1ms
[2024-08-23T17:38:59.502+0800] GC(422)   Evacuate Collection Set: 0.1ms
[2024-08-23T17:38:59.502+0800] GC(422)   Post Evacuate Collection Set: 0.4ms
[2024-08-23T17:38:59.502+0800] GC(422)   Other: 0.1ms
[2024-08-23T17:38:59.502+0800] GC(422) Eden regions: 1->0(613)
[2024-08-23T17:38:59.502+0800] GC(422) Survivor regions: 1->1(77)
[2024-08-23T17:38:59.502+0800] GC(422) Old regions: 1->1
[2024-08-23T17:38:59.502+0800] GC(422) Archive regions: 0->0
[2024-08-23T17:38:59.502+0800] GC(422) Humongous regions: 425->114
[2024-08-23T17:38:59.502+0800] GC(422) Metaspace: 309K(512K)->309K(512K) NonClass: 301K(384K)->301K(384K) Class: 7K(128K)->7K(128K)
[2024-08-23T17:38:59.502+0800] GC(422) Pause Young (Concurrent Start) (G1 Humongous Allocation) 426M->114M(1024M) 0.981ms
[2024-08-23T17:38:59.502+0800] GC(422) User=0.00s Sys=0.00s Real=0.00s
[2024-08-23T17:38:59.502+0800] GC(423) Concurrent Undo Cycle
[2024-08-23T17:38:59.502+0800] GC(423) Concurrent Cleanup for Next Mark
[2024-08-23T17:38:59.503+0800] GC(423) Concurrent Cleanup for Next Mark 1.008ms
[2024-08-23T17:38:59.503+0800] GC(423) Concurrent Undo Cycle 1.097ms
[2024-08-23T17:39:02.235+0800] GC(424) Pause Young (Concurrent Start) (G1 Humongous Allocation)
[2024-08-23T17:39:02.235+0800] GC(424) Using 6 workers of 6 for evacuation
[2024-08-23T17:39:02.236+0800] GC(424)   Pre Evacuate Collection Set: 0.1ms
[2024-08-23T17:39:02.236+0800] GC(424)   Merge Heap Roots: 0.1ms
[2024-08-23T17:39:02.236+0800] GC(424)   Evacuate Collection Set: 0.1ms
[2024-08-23T17:39:02.236+0800] GC(424)   Post Evacuate Collection Set: 0.5ms
[2024-08-23T17:39:02.236+0800] GC(424)   Other: 0.1ms
[2024-08-23T17:39:02.236+0800] GC(424) Eden regions: 1->0(613)
[2024-08-23T17:39:02.236+0800] GC(424) Survivor regions: 1->1(77)
[2024-08-23T17:39:02.236+0800] GC(424) Old regions: 1->1
[2024-08-23T17:39:02.236+0800] GC(424) Archive regions: 0->0
[2024-08-23T17:39:02.236+0800] GC(424) Humongous regions: 433->29
[2024-08-23T17:39:02.236+0800] GC(424) Metaspace: 309K(512K)->309K(512K) NonClass: 301K(384K)->301K(384K) Class: 7K(128K)->7K(128K)
[2024-08-23T17:39:02.236+0800] GC(424) Pause Young (Concurrent Start) (G1 Humongous Allocation) 434M->29M(1024M) 0.980ms
[2024-08-23T17:39:02.236+0800] GC(424) User=0.00s Sys=0.00s Real=0.00s
[2024-08-23T17:39:02.236+0800] GC(425) Concurrent Undo Cycle
[2024-08-23T17:39:02.236+0800] GC(425) Concurrent Cleanup for Next Mark
[2024-08-23T17:39:02.237+0800] GC(425) Concurrent Cleanup for Next Mark 1.079ms
[2024-08-23T17:39:02.237+0800] GC(425) Concurrent Undo Cycle 1.166ms
[2024-08-23T17:39:04.967+0800] GC(426) Pause Young (Concurrent Start) (G1 Humongous Allocation)
[2024-08-23T17:39:04.967+0800] GC(426) Using 6 workers of 6 for evacuation
[2024-08-23T17:39:04.967+0800] GC(426)   Pre Evacuate Collection Set: 0.1ms
[2024-08-23T17:39:04.968+0800] GC(426)   Merge Heap Roots: 0.1ms
[2024-08-23T17:39:04.968+0800] GC(426)   Evacuate Collection Set: 0.1ms
[2024-08-23T17:39:04.968+0800] GC(426)   Post Evacuate Collection Set: 0.3ms
[2024-08-23T17:39:04.968+0800] GC(426)   Other: 0.1ms
[2024-08-23T17:39:04.968+0800] GC(426) Eden regions: 1->0(613)
[2024-08-23T17:39:04.968+0800] GC(426) Survivor regions: 1->1(77)
[2024-08-23T17:39:04.968+0800] GC(426) Old regions: 1->1
[2024-08-23T17:39:04.968+0800] GC(426) Archive regions: 0->0
[2024-08-23T17:39:04.968+0800] GC(426) Humongous regions: 448->11
[2024-08-23T17:39:04.968+0800] GC(426) Metaspace: 309K(512K)->309K(512K) NonClass: 301K(384K)->301K(384K) Class: 7K(128K)->7K(128K)
[2024-08-23T17:39:04.968+0800] GC(426) Pause Young (Concurrent Start) (G1 Humongous Allocation) 449M->11M(1024M) 0.873ms
[2024-08-23T17:39:04.968+0800] GC(426) User=0.00s Sys=0.00s Real=0.00s
[2024-08-23T17:39:04.968+0800] GC(427) Concurrent Undo Cycle
[2024-08-23T17:39:04.968+0800] GC(427) Concurrent Cleanup for Next Mark
[2024-08-23T17:39:04.969+0800] GC(427) Concurrent Cleanup for Next Mark 1.054ms
[2024-08-23T17:39:04.969+0800] GC(427) Concurrent Undo Cycle 1.150ms
[2024-08-23T17:39:07.595+0800] GC(428) Pause Young (Concurrent Start) (G1 Humongous Allocation)
[2024-08-23T17:39:07.595+0800] GC(428) Using 6 workers of 6 for evacuation
[2024-08-23T17:39:07.595+0800] GC(428)   Pre Evacuate Collection Set: 0.1ms
[2024-08-23T17:39:07.595+0800] GC(428)   Merge Heap Roots: 0.1ms
[2024-08-23T17:39:07.595+0800] GC(428)   Evacuate Collection Set: 0.1ms
[2024-08-23T17:39:07.595+0800] GC(428)   Post Evacuate Collection Set: 0.2ms
[2024-08-23T17:39:07.595+0800] GC(428)   Other: 0.1ms
[2024-08-23T17:39:07.595+0800] GC(428) Eden regions: 1->0(613)
[2024-08-23T17:39:07.595+0800] GC(428) Survivor regions: 1->1(77)
[2024-08-23T17:39:07.595+0800] GC(428) Old regions: 1->1
[2024-08-23T17:39:07.595+0800] GC(428) Archive regions: 0->0
[2024-08-23T17:39:07.595+0800] GC(428) Humongous regions: 459->50
[2024-08-23T17:39:07.595+0800] GC(428) Metaspace: 309K(512K)->309K(512K) NonClass: 301K(384K)->301K(384K) Class: 7K(128K)->7K(128K)
[2024-08-23T17:39:07.595+0800] GC(428) Pause Young (Concurrent Start) (G1 Humongous Allocation) 460M->50M(1024M) 0.661ms
[2024-08-23T17:39:07.595+0800] GC(428) User=0.00s Sys=0.00s Real=0.00s
[2024-08-23T17:39:07.595+0800] GC(429) Concurrent Undo Cycle
[2024-08-23T17:39:07.595+0800] GC(429) Concurrent Cleanup for Next Mark
[2024-08-23T17:39:07.596+0800] GC(429) Concurrent Cleanup for Next Mark 0.773ms
[2024-08-23T17:39:07.596+0800] GC(429) Concurrent Undo Cycle 0.838ms
[2024-08-23T17:39:10.762+0800] GC(430) Pause Young (Concurrent Start) (G1 Humongous Allocation)
[2024-08-23T17:39:10.762+0800] GC(430) Using 6 workers of 6 for evacuation
[2024-08-23T17:39:10.762+0800] GC(430)   Pre Evacuate Collection Set: 0.1ms
[2024-08-23T17:39:10.762+0800] GC(430)   Merge Heap Roots: 0.1ms
[2024-08-23T17:39:10.762+0800] GC(430)   Evacuate Collection Set: 0.1ms
[2024-08-23T17:39:10.762+0800] GC(430)   Post Evacuate Collection Set: 0.4ms
[2024-08-23T17:39:10.762+0800] GC(430)   Other: 0.1ms
[2024-08-23T17:39:10.762+0800] GC(430) Eden regions: 1->0(613)
[2024-08-23T17:39:10.762+0800] GC(430) Survivor regions: 1->1(77)
[2024-08-23T17:39:10.762+0800] GC(430) Old regions: 1->1
[2024-08-23T17:39:10.762+0800] GC(430) Archive regions: 0->0
[2024-08-23T17:39:10.762+0800] GC(430) Humongous regions: 446->134
[2024-08-23T17:39:10.762+0800] GC(430) Metaspace: 309K(512K)->309K(512K) NonClass: 301K(384K)->301K(384K) Class: 7K(128K)->7K(128K)
[2024-08-23T17:39:10.762+0800] GC(430) Pause Young (Concurrent Start) (G1 Humongous Allocation) 447M->134M(1024M) 0.879ms
[2024-08-23T17:39:10.762+0800] GC(430) User=0.00s Sys=0.00s Real=0.00s
[2024-08-23T17:39:10.762+0800] GC(431) Concurrent Undo Cycle
[2024-08-23T17:39:10.763+0800] GC(431) Concurrent Cleanup for Next Mark
[2024-08-23T17:39:10.763+0800] GC(431) Concurrent Cleanup for Next Mark 0.869ms
[2024-08-23T17:39:10.763+0800] GC(431) Concurrent Undo Cycle 0.957ms
[2024-08-23T17:39:13.715+0800] GC(432) Pause Young (Concurrent Start) (G1 Humongous Allocation)
[2024-08-23T17:39:13.715+0800] GC(432) Using 6 workers of 6 for evacuation
[2024-08-23T17:39:13.716+0800] GC(432)   Pre Evacuate Collection Set: 0.2ms
[2024-08-23T17:39:13.716+0800] GC(432)   Merge Heap Roots: 0.1ms
[2024-08-23T17:39:13.716+0800] GC(432)   Evacuate Collection Set: 0.1ms
[2024-08-23T17:39:13.716+0800] GC(432)   Post Evacuate Collection Set: 0.5ms
[2024-08-23T17:39:13.716+0800] GC(432)   Other: 0.1ms
[2024-08-23T17:39:13.716+0800] GC(432) Eden regions: 1->0(613)
[2024-08-23T17:39:13.716+0800] GC(432) Survivor regions: 1->1(77)
[2024-08-23T17:39:13.716+0800] GC(432) Old regions: 1->1
[2024-08-23T17:39:13.716+0800] GC(432) Archive regions: 0->0
[2024-08-23T17:39:13.716+0800] GC(432) Humongous regions: 460->64
[2024-08-23T17:39:13.716+0800] GC(432) Metaspace: 309K(512K)->309K(512K) NonClass: 301K(384K)->301K(384K) Class: 7K(128K)->7K(128K)
[2024-08-23T17:39:13.716+0800] GC(432) Pause Young (Concurrent Start) (G1 Humongous Allocation) 461M->64M(1024M) 1.073ms
[2024-08-23T17:39:13.716+0800] GC(432) User=0.00s Sys=0.00s Real=0.00s
[2024-08-23T17:39:13.716+0800] GC(433) Concurrent Undo Cycle
[2024-08-23T17:39:13.716+0800] GC(433) Concurrent Cleanup for Next Mark
[2024-08-23T17:39:13.717+0800] GC(433) Concurrent Cleanup for Next Mark 1.010ms
[2024-08-23T17:39:13.717+0800] GC(433) Concurrent Undo Cycle 1.097ms
[2024-08-23T17:39:16.448+0800] GC(434) Pause Young (Concurrent Start) (G1 Humongous Allocation)
[2024-08-23T17:39:16.448+0800] GC(434) Using 6 workers of 6 for evacuation
[2024-08-23T17:39:16.449+0800] GC(434)   Pre Evacuate Collection Set: 0.1ms
[2024-08-23T17:39:16.449+0800] GC(434)   Merge Heap Roots: 0.1ms
[2024-08-23T17:39:16.449+0800] GC(434)   Evacuate Collection Set: 0.2ms
[2024-08-23T17:39:16.449+0800] GC(434)   Post Evacuate Collection Set: 0.4ms
[2024-08-23T17:39:16.449+0800] GC(434)   Other: 0.1ms
[2024-08-23T17:39:16.449+0800] GC(434) Eden regions: 1->0(613)
[2024-08-23T17:39:16.449+0800] GC(434) Survivor regions: 1->1(77)
[2024-08-23T17:39:16.449+0800] GC(434) Old regions: 1->1
[2024-08-23T17:39:16.449+0800] GC(434) Archive regions: 0->0
[2024-08-23T17:39:16.449+0800] GC(434) Humongous regions: 448->21
[2024-08-23T17:39:16.449+0800] GC(434) Metaspace: 309K(512K)->309K(512K) NonClass: 301K(384K)->301K(384K) Class: 7K(128K)->7K(128K)
[2024-08-23T17:39:16.449+0800] GC(434) Pause Young (Concurrent Start) (G1 Humongous Allocation) 449M->21M(1024M) 1.074ms
[2024-08-23T17:39:16.449+0800] GC(434) User=0.00s Sys=0.00s Real=0.00s
[2024-08-23T17:39:16.449+0800] GC(435) Concurrent Undo Cycle
[2024-08-23T17:39:16.449+0800] GC(435) Concurrent Cleanup for Next Mark
[2024-08-23T17:39:16.449+0800] GC(435) Concurrent Cleanup for Next Mark 0.928ms
[2024-08-23T17:39:16.449+0800] GC(435) Concurrent Undo Cycle 1.015ms
[2024-08-23T17:39:18.959+0800] Heap
[2024-08-23T17:39:18.959+0800]  garbage-first heap   total 1048576K, used 460658K [0x00000000c0000000, 0x0000000100000000)
[2024-08-23T17:39:18.959+0800]   region size 1024K, 2 young (2048K), 1 survivors (1024K)
[2024-08-23T17:39:18.959+0800]  Metaspace       used 309K, committed 512K, reserved 1114112K
[2024-08-23T17:39:18.959+0800]   class space    used 7K, committed 128K, reserved 1048576K
