[2024-08-23T17:11:56.834+0800] Using Parallel
[2024-08-23T17:11:56.858+0800] Version: 17.0.11+1-LTS (release)
[2024-08-23T17:11:56.858+0800] CPUs: 12 total, 12 available
[2024-08-23T17:11:56.858+0800] Memory: 32620M
[2024-08-23T17:11:56.858+0800] Large Page Support: Disabled
[2024-08-23T17:11:56.858+0800] NUMA Support: Disabled
[2024-08-23T17:11:56.858+0800] Compressed Oops: Enabled (32-bit)
[2024-08-23T17:11:56.858+0800] Alignments: Space 512K, Generation 512K, Heap 2M
[2024-08-23T17:11:56.858+0800] Heap Min Capacity: 1G
[2024-08-23T17:11:56.858+0800] Heap Initial Capacity: 1G
[2024-08-23T17:11:56.858+0800] Heap Max Capacity: 1G
[2024-08-23T17:11:56.858+0800] Pre-touch: Disabled
[2024-08-23T17:11:56.858+0800] Parallel Workers: 6
[2024-08-23T17:11:56.867+0800] CDS archive(s) mapped at: [0x0000022e00000000-0x0000022e00bc0000-0x0000022e00bc0000), size 12320768, SharedBaseAddress: 0x0000022e00000000, ArchiveRelocationMode: 1.
[2024-08-23T17:11:56.867+0800] Compressed class space mapped at: 0x0000022e01000000-0x0000022e41000000, reserved size: 1073741824
[2024-08-23T17:11:56.867+0800] Narrow klass base: 0x0000022e00000000, Narrow klass shift: 0, Narrow klass range: 0x100000000
[2024-08-23T17:11:59.022+0800] GC(0) Pause Young (Allocation Failure)
[2024-08-23T17:11:59.098+0800] GC(0) PSYoungGen: 261489K(305664K)->12216K(305664K) Eden: 261489K(262144K)->0K(262144K) From: 0K(43520K)->12216K(43520K)
[2024-08-23T17:11:59.098+0800] GC(0) ParOldGen: 0K(699392K)->8K(699392K)
[2024-08-23T17:11:59.098+0800] GC(0) Metaspace: 231K(448K)->231K(448K) NonClass: 223K(320K)->223K(320K) Class: 7K(128K)->7K(128K)
[2024-08-23T17:11:59.098+0800] GC(0) Pause Young (Allocation Failure) 255M->11M(981M) 76.531ms
[2024-08-23T17:11:59.098+0800] GC(0) User=0.00s Sys=0.00s Real=0.08s
[2024-08-23T17:12:01.724+0800] GC(1) Pause Young (Allocation Failure)
[2024-08-23T17:12:01.726+0800] GC(1) PSYoungGen: 273301K(305664K)->11216K(305664K) Eden: 261085K(262144K)->0K(262144K) From: 12216K(43520K)->11216K(43520K)
[2024-08-23T17:12:01.726+0800] GC(1) ParOldGen: 8K(699392K)->16K(699392K)
[2024-08-23T17:12:01.726+0800] GC(1) Metaspace: 232K(448K)->232K(448K) NonClass: 224K(320K)->224K(320K) Class: 7K(128K)->7K(128K)
[2024-08-23T17:12:01.726+0800] GC(1) Pause Young (Allocation Failure) 266M->10M(981M) 2.601ms
[2024-08-23T17:12:01.726+0800] GC(1) User=0.00s Sys=0.00s Real=0.00s
[2024-08-23T17:12:03.697+0800] GC(2) Pause Young (Allocation Failure)
[2024-08-23T17:12:03.701+0800] GC(2) PSYoungGen: 272397K(305664K)->31632K(305664K) Eden: 261181K(262144K)->0K(262144K) From: 11216K(43520K)->31632K(43520K)
[2024-08-23T17:12:03.701+0800] GC(2) ParOldGen: 16K(699392K)->24K(699392K)
[2024-08-23T17:12:03.701+0800] GC(2) Metaspace: 234K(448K)->234K(448K) NonClass: 226K(320K)->226K(320K) Class: 7K(128K)->7K(128K)
[2024-08-23T17:12:03.701+0800] GC(2) Pause Young (Allocation Failure) 266M->30M(981M) 4.667ms
[2024-08-23T17:12:03.701+0800] GC(2) User=0.00s Sys=0.00s Real=0.00s
[2024-08-23T17:12:05.341+0800] GC(3) Pause Young (Allocation Failure)
[2024-08-23T17:12:05.345+0800] GC(3) PSYoungGen: 256881K(305664K)->21440K(305664K) Eden: 225249K(262144K)->0K(262144K) From: 31632K(43520K)->21440K(43520K)
[2024-08-23T17:12:05.345+0800] GC(3) ParOldGen: 24K(699392K)->32K(699392K)
[2024-08-23T17:12:05.345+0800] GC(3) Metaspace: 235K(448K)->235K(448K) NonClass: 228K(320K)->228K(320K) Class: 7K(128K)->7K(128K)
[2024-08-23T17:12:05.345+0800] GC(3) Pause Young (Allocation Failure) 250M->20M(981M) 4.437ms
[2024-08-23T17:12:05.345+0800] GC(3) User=0.00s Sys=0.00s Real=0.00s
[2024-08-23T17:12:06.769+0800] GC(4) Pause Young (Allocation Failure)
[2024-08-23T17:12:06.785+0800] GC(4) PSYoungGen: 254484K(305664K)->26424K(305664K) Eden: 233044K(262144K)->0K(262144K) From: 21440K(43520K)->26424K(43520K)
[2024-08-23T17:12:06.785+0800] GC(4) ParOldGen: 32K(699392K)->51240K(699392K)
[2024-08-23T17:12:06.785+0800] GC(4) Metaspace: 238K(448K)->238K(448K) NonClass: 230K(320K)->230K(320K) Class: 7K(128K)->7K(128K)
[2024-08-23T17:12:06.785+0800] GC(4) Pause Young (Allocation Failure) 248M->75M(981M) 16.330ms
[2024-08-23T17:12:06.785+0800] GC(4) User=0.00s Sys=0.00s Real=0.02s
[2024-08-23T17:12:08.216+0800] GC(5) Pause Young (Allocation Failure)
[2024-08-23T17:12:08.248+0800] GC(5) PSYoungGen: 256837K(305664K)->31544K(307200K) Eden: 230413K(262144K)->0K(273408K) From: 26424K(43520K)->31544K(33792K)
[2024-08-23T17:12:08.248+0800] GC(5) ParOldGen: 51240K(699392K)->153640K(699392K)
[2024-08-23T17:12:08.248+0800] GC(5) Metaspace: 238K(448K)->238K(448K) NonClass: 230K(320K)->230K(320K) Class: 7K(128K)->7K(128K)
[2024-08-23T17:12:08.248+0800] GC(5) Pause Young (Allocation Failure) 300M->180M(983M) 32.646ms
[2024-08-23T17:12:08.248+0800] GC(5) User=0.03s Sys=0.02s Real=0.03s
[2024-08-23T17:12:09.781+0800] GC(6) Pause Young (Allocation Failure)
[2024-08-23T17:12:09.795+0800] GC(6) PSYoungGen: 294689K(307200K)->5184K(279040K) Eden: 263145K(273408K)->0K(273408K) From: 31544K(33792K)->5184K(5632K)
[2024-08-23T17:12:09.795+0800] GC(6) ParOldGen: 153640K(699392K)->205628K(699392K)
[2024-08-23T17:12:09.795+0800] GC(6) Metaspace: 240K(448K)->240K(448K) NonClass: 232K(320K)->232K(320K) Class: 7K(128K)->7K(128K)
[2024-08-23T17:12:09.795+0800] GC(6) Pause Young (Allocation Failure) 437M->205M(955M) 15.326ms
[2024-08-23T17:12:09.795+0800] GC(6) User=0.00s Sys=0.00s Real=0.01s
[2024-08-23T17:12:11.224+0800] GC(7) Pause Young (Allocation Failure)
[2024-08-23T17:12:11.241+0800] GC(7) PSYoungGen: 235830K(279040K)->16416K(311296K) Eden: 230646K(273408K)->0K(271872K) From: 5184K(5632K)->16416K(39424K)
[2024-08-23T17:12:11.241+0800] GC(7) ParOldGen: 205628K(699392K)->256828K(699392K)
[2024-08-23T17:12:11.241+0800] GC(7) Metaspace: 244K(448K)->244K(448K) NonClass: 237K(320K)->237K(320K) Class: 7K(128K)->7K(128K)
[2024-08-23T17:12:11.241+0800] GC(7) Pause Young (Allocation Failure) 431M->266M(987M) 17.295ms
[2024-08-23T17:12:11.241+0800] GC(7) User=0.00s Sys=0.02s Real=0.02s
[2024-08-23T17:12:13.979+0800] GC(8) Pause Young (Allocation Failure)
[2024-08-23T17:12:13.987+0800] GC(8) PSYoungGen: 247032K(311296K)->25632K(309760K) Eden: 230615K(271872K)->0K(271872K) From: 16416K(39424K)->25632K(37888K)
[2024-08-23T17:12:13.987+0800] GC(8) ParOldGen: 256828K(699392K)->277316K(699392K)
[2024-08-23T17:12:13.987+0800] GC(8) Metaspace: 244K(448K)->244K(448K) NonClass: 237K(320K)->237K(320K) Class: 7K(128K)->7K(128K)
[2024-08-23T17:12:13.987+0800] GC(8) Pause Young (Allocation Failure) 492M->295M(985M) 7.937ms
[2024-08-23T17:12:13.987+0800] GC(8) User=0.00s Sys=0.00s Real=0.01s
[2024-08-23T17:12:15.417+0800] GC(9) Pause Young (Allocation Failure)
[2024-08-23T17:12:15.424+0800] GC(9) PSYoungGen: 256256K(309760K)->30720K(306688K) Eden: 230624K(271872K)->0K(268288K) From: 25632K(37888K)->30720K(38400K)
[2024-08-23T17:12:15.424+0800] GC(9) ParOldGen: 277316K(699392K)->297804K(699392K)
[2024-08-23T17:12:15.424+0800] GC(9) Metaspace: 244K(448K)->244K(448K) NonClass: 237K(320K)->237K(320K) Class: 7K(128K)->7K(128K)
[2024-08-23T17:12:15.424+0800] GC(9) Pause Young (Allocation Failure) 521M->320M(982M) 7.434ms
[2024-08-23T17:12:15.424+0800] GC(9) User=0.00s Sys=0.00s Real=0.01s
[2024-08-23T17:12:16.959+0800] GC(10) Pause Young (Allocation Failure)
[2024-08-23T17:12:16.974+0800] GC(10) PSYoungGen: 262412K(306688K)->32K(268800K) Eden: 231692K(268288K)->0K(268288K) From: 30720K(38400K)->32K(512K)
[2024-08-23T17:12:16.974+0800] GC(10) ParOldGen: 297804K(699392K)->349012K(699392K)
[2024-08-23T17:12:16.974+0800] GC(10) Metaspace: 248K(448K)->248K(448K) NonClass: 240K(320K)->240K(320K) Class: 7K(128K)->7K(128K)
[2024-08-23T17:12:16.974+0800] GC(10) Pause Young (Allocation Failure) 547M->340M(945M) 15.384ms
[2024-08-23T17:12:16.974+0800] GC(10) User=0.00s Sys=0.00s Real=0.01s
[2024-08-23T17:12:18.394+0800] GC(11) Pause Young (Allocation Failure)
[2024-08-23T17:12:18.429+0800] GC(11) PSYoungGen: 231323K(268800K)->5152K(306688K) Eden: 231291K(268288K)->0K(264192K) From: 32K(512K)->5152K(42496K)
[2024-08-23T17:12:18.429+0800] GC(11) ParOldGen: 349012K(699392K)->502620K(699392K)
[2024-08-23T17:12:18.429+0800] GC(11) Metaspace: 250K(448K)->250K(448K) NonClass: 243K(320K)->243K(320K) Class: 7K(128K)->7K(128K)
[2024-08-23T17:12:18.429+0800] GC(11) Pause Young (Allocation Failure) 566M->495M(982M) 35.132ms
[2024-08-23T17:12:18.429+0800] GC(11) User=0.03s Sys=0.02s Real=0.03s
[2024-08-23T17:12:19.845+0800] GC(12) Pause Young (Allocation Failure)
[2024-08-23T17:12:19.861+0800] GC(12) PSYoungGen: 235625K(306688K)->6144K(306688K) Eden: 230473K(264192K)->0K(264192K) From: 5152K(42496K)->6144K(42496K)
[2024-08-23T17:12:19.861+0800] GC(12) ParOldGen: 502620K(699392K)->558948K(699392K)
[2024-08-23T17:12:19.861+0800] GC(12) Metaspace: 250K(448K)->250K(448K) NonClass: 243K(320K)->243K(320K) Class: 7K(128K)->7K(128K)
[2024-08-23T17:12:19.861+0800] GC(12) Pause Young (Allocation Failure) 720M->551M(982M) 15.791ms
[2024-08-23T17:12:19.861+0800] GC(12) User=0.00s Sys=0.00s Real=0.02s
[2024-08-23T17:12:21.274+0800] GC(13) Pause Young (Allocation Failure)
[2024-08-23T17:12:21.290+0800] GC(13) PSYoungGen: 211024K(306688K)->10240K(308736K) Eden: 204880K(264192K)->0K(266752K) From: 6144K(42496K)->10240K(41984K)
[2024-08-23T17:12:21.290+0800] GC(13) ParOldGen: 558948K(699392K)->610148K(699392K)
[2024-08-23T17:12:21.290+0800] GC(13) Metaspace: 251K(448K)->251K(448K) NonClass: 243K(320K)->243K(320K) Class: 7K(128K)->7K(128K)
[2024-08-23T17:12:21.290+0800] GC(13) Pause Young (Allocation Failure) 751M->605M(984M) 15.839ms
[2024-08-23T17:12:21.290+0800] GC(13) User=0.00s Sys=0.00s Real=0.02s
[2024-08-23T17:12:21.290+0800] GC(14) Pause Full (Ergonomics)
[2024-08-23T17:12:21.290+0800] GC(14) Marking Phase
[2024-08-23T17:12:21.309+0800] GC(14) Marking Phase 19.525ms
[2024-08-23T17:12:21.309+0800] GC(14) Summary Phase
[2024-08-23T17:12:21.309+0800] GC(14) Summary Phase 0.021ms
[2024-08-23T17:12:21.309+0800] GC(14) Adjust Roots
[2024-08-23T17:12:21.310+0800] GC(14) Adjust Roots 0.241ms
[2024-08-23T17:12:21.310+0800] GC(14) Compaction Phase
[2024-08-23T17:12:21.314+0800] GC(14) Compaction Phase 4.301ms
[2024-08-23T17:12:21.314+0800] GC(14) Post Compact
[2024-08-23T17:12:21.319+0800] GC(14) Post Compact 5.879ms
[2024-08-23T17:12:21.327+0800] GC(14) PSYoungGen: 10240K(308736K)->0K(307200K) Eden: 0K(266752K)->0K(266752K) From: 10240K(41984K)->0K(40448K)
[2024-08-23T17:12:21.327+0800] GC(14) ParOldGen: 610148K(699392K)->62208K(465408K)
[2024-08-23T17:12:21.327+0800] GC(14) Metaspace: 251K(448K)->251K(448K) NonClass: 243K(320K)->243K(320K) Class: 7K(128K)->7K(128K)
[2024-08-23T17:12:21.327+0800] GC(14) Pause Full (Ergonomics) 605M->60M(754M) 37.633ms
[2024-08-23T17:12:21.327+0800] GC(14) User=0.00s Sys=0.00s Real=0.04s
[2024-08-23T17:12:22.766+0800] GC(15) Pause Young (Allocation Failure)
[2024-08-23T17:12:22.772+0800] GC(15) PSYoungGen: 230531K(307200K)->15360K(311296K) Eden: 230531K(266752K)->0K(270848K) From: 0K(40448K)->15360K(40448K)
[2024-08-23T17:12:22.772+0800] GC(15) ParOldGen: 62208K(465408K)->113408K(465408K)
[2024-08-23T17:12:22.772+0800] GC(15) Metaspace: 252K(448K)->252K(448K) NonClass: 244K(320K)->244K(320K) Class: 7K(128K)->7K(128K)
[2024-08-23T17:12:22.772+0800] GC(15) Pause Young (Allocation Failure) 285M->125M(758M) 5.719ms
[2024-08-23T17:12:22.772+0800] GC(15) User=0.00s Sys=0.00s Real=0.01s
[2024-08-23T17:12:25.519+0800] GC(16) Pause Young (Allocation Failure)
[2024-08-23T17:12:25.521+0800] GC(16) PSYoungGen: 261802K(311296K)->25632K(308736K) Eden: 246442K(270848K)->0K(270848K) From: 15360K(40448K)->25632K(37888K)
[2024-08-23T17:12:25.521+0800] GC(16) ParOldGen: 113408K(465408K)->113416K(465408K)
[2024-08-23T17:12:25.521+0800] GC(16) Metaspace: 265K(448K)->265K(448K) NonClass: 258K(320K)->258K(320K) Class: 7K(128K)->7K(128K)
[2024-08-23T17:12:25.521+0800] GC(16) Pause Young (Allocation Failure) 366M->135M(756M) 2.114ms
[2024-08-23T17:12:25.521+0800] GC(16) User=0.00s Sys=0.00s Real=0.00s
[2024-08-23T17:12:26.946+0800] GC(17) Pause Young (Allocation Failure)
[2024-08-23T17:12:26.951+0800] GC(17) PSYoungGen: 256236K(308736K)->25600K(307712K) Eden: 230604K(270848K)->0K(268288K) From: 25632K(37888K)->25600K(39424K)
[2024-08-23T17:12:26.951+0800] GC(17) ParOldGen: 113416K(465408K)->169752K(465408K)
[2024-08-23T17:12:26.951+0800] GC(17) Metaspace: 265K(448K)->265K(448K) NonClass: 258K(320K)->258K(320K) Class: 7K(128K)->7K(128K)
[2024-08-23T17:12:26.951+0800] GC(17) Pause Young (Allocation Failure) 360M->190M(755M) 6.280ms
[2024-08-23T17:12:26.951+0800] GC(17) User=0.00s Sys=0.00s Real=0.00s
[2024-08-23T17:12:28.478+0800] GC(18) Pause Young (Allocation Failure)
[2024-08-23T17:12:28.478+0800] GC(18) PSYoungGen: 210079K(307712K)->5120K(308736K) Eden: 184479K(268288K)->0K(268288K) From: 25600K(39424K)->5120K(40448K)
[2024-08-23T17:12:28.478+0800] GC(18) ParOldGen: 169752K(465408K)->169752K(465408K)
[2024-08-23T17:12:28.478+0800] GC(18) Metaspace: 265K(448K)->265K(448K) NonClass: 258K(320K)->258K(320K) Class: 7K(128K)->7K(128K)
[2024-08-23T17:12:28.478+0800] GC(18) Pause Young (Allocation Failure) 370M->170M(756M) 0.930ms
[2024-08-23T17:12:28.478+0800] GC(18) User=0.00s Sys=0.00s Real=0.00s
[2024-08-23T17:12:29.897+0800] GC(19) Pause Young (Allocation Failure)
[2024-08-23T17:12:29.901+0800] GC(19) PSYoungGen: 235676K(308736K)->6144K(309248K) Eden: 230556K(268288K)->0K(268800K) From: 5120K(40448K)->6144K(40448K)
[2024-08-23T17:12:29.901+0800] GC(19) ParOldGen: 169752K(465408K)->220952K(465408K)
[2024-08-23T17:12:29.901+0800] GC(19) Metaspace: 265K(448K)->265K(448K) NonClass: 258K(320K)->258K(320K) Class: 7K(128K)->7K(128K)
[2024-08-23T17:12:29.901+0800] GC(19) Pause Young (Allocation Failure) 395M->221M(756M) 4.705ms
[2024-08-23T17:12:29.901+0800] GC(19) User=0.00s Sys=0.00s Real=0.00s
[2024-08-23T17:12:31.339+0800] GC(20) Pause Young (Allocation Failure)
[2024-08-23T17:12:31.344+0800] GC(20) PSYoungGen: 236715K(309248K)->11264K(308736K) Eden: 230571K(268800K)->0K(268800K) From: 6144K(40448K)->11264K(39936K)
[2024-08-23T17:12:31.344+0800] GC(20) ParOldGen: 220952K(465408K)->278296K(465408K)
[2024-08-23T17:12:31.344+0800] GC(20) Metaspace: 265K(448K)->265K(448K) NonClass: 258K(320K)->258K(320K) Class: 7K(128K)->7K(128K)
[2024-08-23T17:12:31.344+0800] GC(20) Pause Young (Allocation Failure) 446M->282M(756M) 5.251ms
[2024-08-23T17:12:31.344+0800] GC(20) User=0.00s Sys=0.00s Real=0.01s
[2024-08-23T17:12:32.774+0800] GC(21) Pause Young (Allocation Failure)
[2024-08-23T17:12:32.779+0800] GC(21) PSYoungGen: 216238K(308736K)->10240K(312320K) Eden: 204974K(268800K)->0K(274432K) From: 11264K(39936K)->10240K(37888K)
[2024-08-23T17:12:32.779+0800] GC(21) ParOldGen: 278296K(465408K)->329496K(465408K)
[2024-08-23T17:12:32.779+0800] GC(21) Metaspace: 265K(448K)->265K(448K) NonClass: 258K(320K)->258K(320K) Class: 7K(128K)->7K(128K)
[2024-08-23T17:12:32.779+0800] GC(21) Pause Young (Allocation Failure) 482M->331M(759M) 5.124ms
[2024-08-23T17:12:32.779+0800] GC(21) User=0.00s Sys=0.00s Real=0.01s
[2024-08-23T17:12:34.211+0800] GC(22) Pause Young (Allocation Failure)
[2024-08-23T17:12:34.217+0800] GC(22) PSYoungGen: 240924K(312320K)->25600K(300544K) Eden: 230684K(274432K)->0K(274432K) From: 10240K(37888K)->25600K(26112K)
[2024-08-23T17:12:34.217+0800] GC(22) ParOldGen: 329496K(465408K)->390936K(465408K)
[2024-08-23T17:12:34.217+0800] GC(22) Metaspace: 265K(448K)->265K(448K) NonClass: 258K(320K)->258K(320K) Class: 7K(128K)->7K(128K)
[2024-08-23T17:12:34.217+0800] GC(22) Pause Young (Allocation Failure) 557M->406M(748M) 7.279ms
[2024-08-23T17:12:34.217+0800] GC(22) User=0.00s Sys=0.00s Real=0.01s
[2024-08-23T17:12:34.217+0800] GC(23) Pause Full (Ergonomics)
[2024-08-23T17:12:34.217+0800] GC(23) Marking Phase
[2024-08-23T17:12:34.218+0800] GC(23) Marking Phase 0.643ms
[2024-08-23T17:12:34.218+0800] GC(23) Summary Phase
[2024-08-23T17:12:34.218+0800] GC(23) Summary Phase 0.014ms
[2024-08-23T17:12:34.218+0800] GC(23) Adjust Roots
[2024-08-23T17:12:34.218+0800] GC(23) Adjust Roots 0.113ms
[2024-08-23T17:12:34.218+0800] GC(23) Compaction Phase
[2024-08-23T17:12:34.225+0800] GC(23) Compaction Phase 5.827ms
[2024-08-23T17:12:34.225+0800] GC(23) Post Compact
[2024-08-23T17:12:34.226+0800] GC(23) Post Compact 1.142ms
[2024-08-23T17:12:34.226+0800] GC(23) PSYoungGen: 25600K(300544K)->0K(310784K) Eden: 0K(274432K)->0K(272384K) From: 25600K(26112K)->0K(38400K)
[2024-08-23T17:12:34.226+0800] GC(23) ParOldGen: 390936K(465408K)->88064K(470528K)
[2024-08-23T17:12:34.226+0800] GC(23) Metaspace: 265K(448K)->265K(448K) NonClass: 258K(320K)->258K(320K) Class: 7K(128K)->7K(128K)
[2024-08-23T17:12:34.226+0800] GC(23) Pause Full (Ergonomics) 406M->86M(763M) 8.010ms
[2024-08-23T17:12:34.226+0800] GC(23) User=0.00s Sys=0.00s Real=0.01s
[2024-08-23T17:12:36.854+0800] GC(24) Pause Young (Allocation Failure)
[2024-08-23T17:12:36.855+0800] GC(24) PSYoungGen: 271605K(310784K)->15360K(310784K) Eden: 271605K(272384K)->0K(272384K) From: 0K(38400K)->15360K(38400K)
[2024-08-23T17:12:36.855+0800] GC(24) ParOldGen: 88064K(470528K)->88064K(470528K)
[2024-08-23T17:12:36.855+0800] GC(24) Metaspace: 265K(448K)->265K(448K) NonClass: 258K(320K)->258K(320K) Class: 7K(128K)->7K(128K)
[2024-08-23T17:12:36.855+0800] GC(24) Pause Young (Allocation Failure) 351M->101M(763M) 1.496ms
[2024-08-23T17:12:36.855+0800] GC(24) User=0.00s Sys=0.00s Real=0.00s
[2024-08-23T17:12:38.386+0800] GC(25) Pause Young (Allocation Failure)
[2024-08-23T17:12:38.396+0800] GC(25) PSYoungGen: 266476K(310784K)->25600K(309760K) Eden: 251116K(272384K)->0K(273408K) From: 15360K(38400K)->25600K(36352K)
[2024-08-23T17:12:38.396+0800] GC(25) ParOldGen: 88064K(470528K)->195584K(470528K)
[2024-08-23T17:12:38.396+0800] GC(25) Metaspace: 273K(448K)->273K(448K) NonClass: 266K(320K)->266K(320K) Class: 7K(128K)->7K(128K)
[2024-08-23T17:12:38.396+0800] GC(25) Pause Young (Allocation Failure) 346M->216M(762M) 10.127ms
[2024-08-23T17:12:38.396+0800] GC(25) User=0.00s Sys=0.00s Real=0.01s
[2024-08-23T17:12:41.247+0800] GC(26) Pause Young (Allocation Failure)
[2024-08-23T17:12:41.258+0800] GC(26) PSYoungGen: 287301K(309760K)->31776K(299008K) Eden: 261701K(273408K)->0K(266752K) From: 25600K(36352K)->31776K(32256K)
[2024-08-23T17:12:41.258+0800] GC(26) ParOldGen: 195584K(470528K)->195592K(470528K)
[2024-08-23T17:12:41.258+0800] GC(26) Metaspace: 277K(448K)->277K(448K) NonClass: 269K(320K)->269K(320K) Class: 7K(128K)->7K(128K)
[2024-08-23T17:12:41.258+0800] GC(26) Pause Young (Allocation Failure) 471M->222M(751M) 10.654ms
[2024-08-23T17:12:41.258+0800] GC(26) User=0.00s Sys=0.00s Real=0.01s
[2024-08-23T17:12:42.688+0800] GC(27) Pause Young (Allocation Failure)
[2024-08-23T17:12:42.691+0800] GC(27) PSYoungGen: 262311K(299008K)->35840K(299520K) Eden: 230535K(266752K)->0K(258048K) From: 31776K(32256K)->35840K(41472K)
[2024-08-23T17:12:42.691+0800] GC(27) ParOldGen: 195592K(470528K)->206872K(470528K)
[2024-08-23T17:12:42.691+0800] GC(27) Metaspace: 277K(448K)->277K(448K) NonClass: 269K(320K)->269K(320K) Class: 7K(128K)->7K(128K)
[2024-08-23T17:12:42.691+0800] GC(27) Pause Young (Allocation Failure) 447M->237M(752M) 3.815ms
[2024-08-23T17:12:42.691+0800] GC(27) User=0.00s Sys=0.00s Real=0.00s
[2024-08-23T17:12:44.214+0800] GC(28) Pause Young (Allocation Failure)
[2024-08-23T17:12:44.219+0800] GC(28) PSYoungGen: 286701K(299520K)->20480K(303616K) Eden: 250861K(258048K)->0K(258048K) From: 35840K(41472K)->20480K(45568K)
[2024-08-23T17:12:44.219+0800] GC(28) ParOldGen: 206872K(470528K)->258072K(470528K)
[2024-08-23T17:12:44.219+0800] GC(28) Metaspace: 277K(448K)->277K(448K) NonClass: 269K(320K)->269K(320K) Class: 7K(128K)->7K(128K)
[2024-08-23T17:12:44.219+0800] GC(28) Pause Young (Allocation Failure) 482M->272M(756M) 5.608ms
[2024-08-23T17:12:44.219+0800] GC(28) User=0.00s Sys=0.00s Real=0.01s
[2024-08-23T17:12:45.656+0800] GC(29) Pause Young (Allocation Failure)
[2024-08-23T17:12:45.663+0800] GC(29) PSYoungGen: 250860K(303616K)->5120K(305664K) Eden: 230380K(258048K)->0K(262144K) From: 20480K(45568K)->5120K(43520K)
[2024-08-23T17:12:45.663+0800] GC(29) ParOldGen: 258072K(470528K)->380952K(470528K)
[2024-08-23T17:12:45.663+0800] GC(29) Metaspace: 277K(448K)->277K(448K) NonClass: 269K(320K)->269K(320K) Class: 7K(128K)->7K(128K)
[2024-08-23T17:12:45.664+0800] GC(29) Pause Young (Allocation Failure) 497M->377M(758M) 7.360ms
[2024-08-23T17:12:45.664+0800] GC(29) User=0.02s Sys=0.00s Real=0.01s
[2024-08-23T17:12:45.664+0800] GC(30) Pause Full (Ergonomics)
[2024-08-23T17:12:45.664+0800] GC(30) Marking Phase
[2024-08-23T17:12:45.664+0800] GC(30) Marking Phase 0.682ms
[2024-08-23T17:12:45.664+0800] GC(30) Summary Phase
[2024-08-23T17:12:45.664+0800] GC(30) Summary Phase 0.024ms
[2024-08-23T17:12:45.664+0800] GC(30) Adjust Roots
[2024-08-23T17:12:45.665+0800] GC(30) Adjust Roots 0.233ms
[2024-08-23T17:12:45.665+0800] GC(30) Compaction Phase
[2024-08-23T17:12:45.682+0800] GC(30) Compaction Phase 17.580ms
[2024-08-23T17:12:45.682+0800] GC(30) Post Compact
[2024-08-23T17:12:45.683+0800] GC(30) Post Compact 0.477ms
[2024-08-23T17:12:45.683+0800] GC(30) PSYoungGen: 5120K(305664K)->0K(305664K) Eden: 0K(262144K)->0K(262144K) From: 5120K(43520K)->0K(43520K)
[2024-08-23T17:12:45.683+0800] GC(30) ParOldGen: 380952K(470528K)->77569K(486400K)
[2024-08-23T17:12:45.683+0800] GC(30) Metaspace: 277K(448K)->277K(448K) NonClass: 269K(320K)->269K(320K) Class: 7K(128K)->7K(128K)
[2024-08-23T17:12:45.683+0800] GC(30) Pause Full (Ergonomics) 377M->75M(773M) 19.452ms
[2024-08-23T17:12:45.683+0800] GC(30) User=0.00s Sys=0.00s Real=0.02s
[2024-08-23T17:12:47.107+0800] GC(31) Pause Young (Allocation Failure)
[2024-08-23T17:12:47.110+0800] GC(31) PSYoungGen: 230458K(305664K)->5120K(305664K) Eden: 230458K(262144K)->0K(262144K) From: 0K(43520K)->5120K(43520K)
[2024-08-23T17:12:47.110+0800] GC(31) ParOldGen: 77569K(486400K)->128769K(486400K)
[2024-08-23T17:12:47.110+0800] GC(31) Metaspace: 277K(448K)->277K(448K) NonClass: 269K(320K)->269K(320K) Class: 7K(128K)->7K(128K)
[2024-08-23T17:12:47.110+0800] GC(31) Pause Young (Allocation Failure) 300M->130M(773M) 4.382ms
[2024-08-23T17:12:47.111+0800] GC(31) User=0.00s Sys=0.00s Real=0.00s
[2024-08-23T17:12:48.534+0800] GC(32) Pause Young (Allocation Failure)
[2024-08-23T17:12:48.538+0800] GC(32) PSYoungGen: 220279K(305664K)->5120K(305664K) Eden: 215159K(262144K)->0K(262144K) From: 5120K(43520K)->5120K(43520K)
[2024-08-23T17:12:48.538+0800] GC(32) ParOldGen: 128769K(486400K)->179969K(486400K)
[2024-08-23T17:12:48.538+0800] GC(32) Metaspace: 277K(448K)->277K(448K) NonClass: 269K(320K)->269K(320K) Class: 7K(128K)->7K(128K)
[2024-08-23T17:12:48.538+0800] GC(32) Pause Young (Allocation Failure) 340M->180M(773M) 4.597ms
[2024-08-23T17:12:48.538+0800] GC(32) User=0.00s Sys=0.00s Real=0.00s
[2024-08-23T17:12:49.965+0800] GC(33) Pause Young (Allocation Failure)
[2024-08-23T17:12:49.969+0800] GC(33) PSYoungGen: 235474K(305664K)->6144K(307200K) Eden: 230354K(262144K)->0K(264192K) From: 5120K(43520K)->6144K(43008K)
[2024-08-23T17:12:49.969+0800] GC(33) ParOldGen: 179969K(486400K)->236289K(486400K)
[2024-08-23T17:12:49.969+0800] GC(33) Metaspace: 277K(448K)->277K(448K) NonClass: 269K(320K)->269K(320K) Class: 7K(128K)->7K(128K)
[2024-08-23T17:12:49.969+0800] GC(33) Pause Young (Allocation Failure) 405M->236M(775M) 5.041ms
[2024-08-23T17:12:49.969+0800] GC(33) User=0.00s Sys=0.00s Real=0.00s
[2024-08-23T17:12:52.713+0800] GC(34) Pause Young (Allocation Failure)
[2024-08-23T17:12:52.715+0800] GC(34) PSYoungGen: 226357K(307200K)->35840K(294400K) Eden: 220213K(264192K)->0K(258048K) From: 6144K(43008K)->35840K(36352K)
[2024-08-23T17:12:52.715+0800] GC(34) ParOldGen: 236289K(486400K)->236289K(486400K)
[2024-08-23T17:12:52.715+0800] GC(34) Metaspace: 298K(512K)->298K(512K) NonClass: 290K(384K)->290K(384K) Class: 7K(128K)->7K(128K)
[2024-08-23T17:12:52.715+0800] GC(34) Pause Young (Allocation Failure) 451M->265M(762M) 2.825ms
[2024-08-23T17:12:52.715+0800] GC(34) User=0.00s Sys=0.00s Real=0.00s
[2024-08-23T17:12:54.134+0800] GC(35) Pause Young (Allocation Failure)
[2024-08-23T17:12:54.137+0800] GC(35) PSYoungGen: 266185K(294400K)->46080K(286720K) Eden: 230345K(258048K)->0K(239616K) From: 35840K(36352K)->46080K(47104K)
[2024-08-23T17:12:54.137+0800] GC(35) ParOldGen: 236289K(486400K)->251649K(486400K)
[2024-08-23T17:12:54.137+0800] GC(35) Metaspace: 304K(512K)->304K(512K) NonClass: 297K(384K)->297K(384K) Class: 7K(128K)->7K(128K)
[2024-08-23T17:12:54.137+0800] GC(35) Pause Young (Allocation Failure) 490M->290M(755M) 3.839ms
[2024-08-23T17:12:54.137+0800] GC(35) User=0.00s Sys=0.00s Real=0.00s
[2024-08-23T17:12:55.550+0800] GC(36) Pause Young (Allocation Failure)
[2024-08-23T17:12:55.552+0800] GC(36) PSYoungGen: 240240K(286720K)->20480K(294400K) Eden: 194160K(239616K)->0K(239616K) From: 46080K(47104K)->20480K(54784K)
[2024-08-23T17:12:55.552+0800] GC(36) ParOldGen: 251649K(486400K)->251649K(486400K)
[2024-08-23T17:12:55.552+0800] GC(36) Metaspace: 304K(512K)->304K(512K) NonClass: 297K(384K)->297K(384K) Class: 7K(128K)->7K(128K)
[2024-08-23T17:12:55.552+0800] GC(36) Pause Young (Allocation Failure) 480M->265M(762M) 2.145ms
[2024-08-23T17:12:55.552+0800] GC(36) User=0.00s Sys=0.00s Real=0.00s
[2024-08-23T17:12:56.970+0800] GC(37) Pause Young (Allocation Failure)
[2024-08-23T17:12:56.976+0800] GC(37) PSYoungGen: 250482K(294400K)->25600K(299008K) Eden: 230002K(239616K)->0K(247808K) From: 20480K(54784K)->25600K(51200K)
[2024-08-23T17:12:56.976+0800] GC(37) ParOldGen: 251649K(486400K)->302849K(486400K)
[2024-08-23T17:12:56.976+0800] GC(37) Metaspace: 304K(512K)->304K(512K) NonClass: 297K(384K)->297K(384K) Class: 7K(128K)->7K(128K)
[2024-08-23T17:12:56.976+0800] GC(37) Pause Young (Allocation Failure) 490M->320M(767M) 5.896ms
[2024-08-23T17:12:56.976+0800] GC(37) User=0.00s Sys=0.00s Real=0.01s
[2024-08-23T17:12:58.394+0800] GC(38) Pause Young (Allocation Failure)
[2024-08-23T17:12:58.404+0800] GC(38) PSYoungGen: 255769K(299008K)->25600K(297984K) Eden: 230169K(247808K)->0K(247808K) From: 25600K(51200K)->25600K(50176K)
[2024-08-23T17:12:58.404+0800] GC(38) ParOldGen: 302849K(486400K)->410369K(486400K)
[2024-08-23T17:12:58.404+0800] GC(38) Metaspace: 304K(512K)->304K(512K) NonClass: 297K(384K)->297K(384K) Class: 7K(128K)->7K(128K)
[2024-08-23T17:12:58.404+0800] GC(38) Pause Young (Allocation Failure) 545M->425M(766M) 10.884ms
[2024-08-23T17:12:58.404+0800] GC(38) User=0.00s Sys=0.00s Real=0.01s
[2024-08-23T17:12:58.405+0800] GC(39) Pause Full (Ergonomics)
[2024-08-23T17:12:58.405+0800] GC(39) Marking Phase
[2024-08-23T17:12:58.405+0800] GC(39) Marking Phase 0.671ms
[2024-08-23T17:12:58.405+0800] GC(39) Summary Phase
[2024-08-23T17:12:58.405+0800] GC(39) Summary Phase 0.015ms
[2024-08-23T17:12:58.405+0800] GC(39) Adjust Roots
[2024-08-23T17:12:58.405+0800] GC(39) Adjust Roots 0.163ms
[2024-08-23T17:12:58.405+0800] GC(39) Compaction Phase
[2024-08-23T17:12:58.418+0800] GC(39) Compaction Phase 12.655ms
[2024-08-23T17:12:58.418+0800] GC(39) Post Compact
[2024-08-23T17:12:58.419+0800] GC(39) Post Compact 0.586ms
[2024-08-23T17:12:58.419+0800] GC(39) PSYoungGen: 25600K(297984K)->0K(300032K) Eden: 0K(247808K)->0K(250880K) From: 25600K(50176K)->0K(49152K)
[2024-08-23T17:12:58.419+0800] GC(39) ParOldGen: 410369K(486400K)->185089K(573952K)
[2024-08-23T17:12:58.419+0800] GC(39) Metaspace: 304K(512K)->304K(512K) NonClass: 297K(384K)->297K(384K) Class: 7K(128K)->7K(128K)
[2024-08-23T17:12:58.419+0800] GC(39) Pause Full (Ergonomics) 425M->180M(853M) 14.451ms
[2024-08-23T17:12:58.419+0800] GC(39) User=0.00s Sys=0.00s Real=0.01s
[2024-08-23T17:12:59.843+0800] GC(40) Pause Young (Allocation Failure)
[2024-08-23T17:12:59.846+0800] GC(40) PSYoungGen: 209751K(300032K)->25600K(300032K) Eden: 209751K(250880K)->0K(250880K) From: 0K(49152K)->25600K(49152K)
[2024-08-23T17:12:59.846+0800] GC(40) ParOldGen: 185089K(573952K)->185089K(573952K)
[2024-08-23T17:12:59.846+0800] GC(40) Metaspace: 304K(512K)->304K(512K) NonClass: 297K(384K)->297K(384K) Class: 7K(128K)->7K(128K)
[2024-08-23T17:12:59.846+0800] GC(40) Pause Young (Allocation Failure) 385M->205M(853M) 3.269ms
[2024-08-23T17:12:59.846+0800] GC(40) User=0.00s Sys=0.00s Real=0.00s
[2024-08-23T17:13:01.264+0800] GC(41) Pause Young (Allocation Failure)
[2024-08-23T17:13:01.266+0800] GC(41) PSYoungGen: 255813K(300032K)->31744K(299008K) Eden: 230213K(250880K)->0K(250880K) From: 25600K(49152K)->31744K(48128K)
[2024-08-23T17:13:01.266+0800] GC(41) ParOldGen: 185089K(573952K)->190209K(573952K)
[2024-08-23T17:13:01.266+0800] GC(41) Metaspace: 304K(512K)->304K(512K) NonClass: 297K(384K)->297K(384K) Class: 7K(128K)->7K(128K)
[2024-08-23T17:13:01.266+0800] GC(41) Pause Young (Allocation Failure) 430M->216M(852M) 2.686ms
[2024-08-23T17:13:01.266+0800] GC(41) User=0.00s Sys=0.00s Real=0.00s
[2024-08-23T17:13:03.897+0800] GC(42) Pause Young (Allocation Failure)
[2024-08-23T17:13:03.898+0800] GC(42) PSYoungGen: 282437K(299008K)->15360K(300032K) Eden: 250693K(250880K)->0K(250880K) From: 31744K(48128K)->15360K(49152K)
[2024-08-23T17:13:03.898+0800] GC(42) ParOldGen: 190209K(573952K)->190209K(573952K)
[2024-08-23T17:13:03.898+0800] GC(42) Metaspace: 304K(512K)->304K(512K) NonClass: 297K(384K)->297K(384K) Class: 7K(128K)->7K(128K)
[2024-08-23T17:13:03.898+0800] GC(42) Pause Young (Allocation Failure) 461M->200M(853M) 1.340ms
[2024-08-23T17:13:03.898+0800] GC(42) User=0.00s Sys=0.00s Real=0.00s
[2024-08-23T17:13:05.426+0800] GC(43) Pause Young (Allocation Failure)
[2024-08-23T17:13:05.428+0800] GC(43) PSYoungGen: 255822K(300032K)->35840K(295936K) Eden: 240462K(250880K)->0K(247808K) From: 15360K(49152K)->35840K(48128K)
[2024-08-23T17:13:05.428+0800] GC(43) ParOldGen: 190209K(573952K)->195329K(573952K)
[2024-08-23T17:13:05.428+0800] GC(43) Metaspace: 304K(512K)->304K(512K) NonClass: 297K(384K)->297K(384K) Class: 7K(128K)->7K(128K)
[2024-08-23T17:13:05.428+0800] GC(43) Pause Young (Allocation Failure) 435M->225M(849M) 3.106ms
[2024-08-23T17:13:05.428+0800] GC(43) User=0.00s Sys=0.00s Real=0.00s
[2024-08-23T17:13:06.957+0800] GC(44) Pause Young (Allocation Failure)
[2024-08-23T17:13:06.957+0800] GC(44) PSYoungGen: 235287K(295936K)->5120K(298496K) Eden: 199447K(247808K)->0K(247808K) From: 35840K(48128K)->5120K(50688K)
[2024-08-23T17:13:06.957+0800] GC(44) ParOldGen: 195329K(573952K)->195329K(573952K)
[2024-08-23T17:13:06.957+0800] GC(44) Metaspace: 304K(512K)->304K(512K) NonClass: 297K(384K)->297K(384K) Class: 7K(128K)->7K(128K)
[2024-08-23T17:13:06.957+0800] GC(44) Pause Young (Allocation Failure) 420M->195M(852M) 0.829ms
[2024-08-23T17:13:06.957+0800] GC(44) User=0.00s Sys=0.00s Real=0.00s
[2024-08-23T17:13:08.374+0800] GC(45) Pause Young (Allocation Failure)
[2024-08-23T17:13:08.384+0800] GC(45) PSYoungGen: 235286K(298496K)->25600K(299520K) Eden: 230166K(247808K)->0K(248832K) From: 5120K(50688K)->25600K(50688K)
[2024-08-23T17:13:08.384+0800] GC(45) ParOldGen: 195329K(573952K)->297729K(573952K)
[2024-08-23T17:13:08.384+0800] GC(45) Metaspace: 305K(512K)->305K(512K) NonClass: 297K(384K)->297K(384K) Class: 7K(128K)->7K(128K)
[2024-08-23T17:13:08.384+0800] GC(45) Pause Young (Allocation Failure) 420M->315M(853M) 9.577ms
[2024-08-23T17:13:08.384+0800] GC(45) User=0.00s Sys=0.00s Real=0.01s
[2024-08-23T17:13:09.812+0800] GC(46) Pause Young (Allocation Failure)
[2024-08-23T17:13:09.814+0800] GC(46) PSYoungGen: 255789K(299520K)->26624K(298496K) Eden: 230189K(248832K)->0K(248832K) From: 25600K(50688K)->26624K(49664K)
[2024-08-23T17:13:09.814+0800] GC(46) ParOldGen: 297729K(573952K)->302849K(573952K)
[2024-08-23T17:13:09.814+0800] GC(46) Metaspace: 305K(512K)->305K(512K) NonClass: 297K(384K)->297K(384K) Class: 7K(128K)->7K(128K)
[2024-08-23T17:13:09.814+0800] GC(46) Pause Young (Allocation Failure) 540M->321M(852M) 2.727ms
[2024-08-23T17:13:09.814+0800] GC(46) User=0.00s Sys=0.00s Real=0.00s
[2024-08-23T17:13:11.233+0800] GC(47) Pause Young (Allocation Failure)
[2024-08-23T17:13:11.235+0800] GC(47) PSYoungGen: 231215K(298496K)->30720K(299520K) Eden: 204591K(248832K)->0K(250880K) From: 26624K(49664K)->30720K(48640K)
[2024-08-23T17:13:11.235+0800] GC(47) ParOldGen: 302849K(573952K)->302849K(573952K)
[2024-08-23T17:13:11.235+0800] GC(47) Metaspace: 305K(512K)->305K(512K) NonClass: 297K(384K)->297K(384K) Class: 7K(128K)->7K(128K)
[2024-08-23T17:13:11.235+0800] GC(47) Pause Young (Allocation Failure) 521M->325M(853M) 2.511ms
[2024-08-23T17:13:11.235+0800] GC(47) User=0.00s Sys=0.00s Real=0.00s
[2024-08-23T17:13:12.648+0800] GC(48) Pause Young (Allocation Failure)
[2024-08-23T17:13:12.651+0800] GC(48) PSYoungGen: 260950K(299520K)->35840K(287232K) Eden: 230230K(250880K)->0K(250880K) From: 30720K(48640K)->35840K(36352K)
[2024-08-23T17:13:12.651+0800] GC(48) ParOldGen: 302849K(573952K)->313089K(573952K)
[2024-08-23T17:13:12.651+0800] GC(48) Metaspace: 305K(512K)->305K(512K) NonClass: 297K(384K)->297K(384K) Class: 7K(128K)->7K(128K)
[2024-08-23T17:13:12.651+0800] GC(48) Pause Young (Allocation Failure) 550M->340M(841M) 3.356ms
[2024-08-23T17:13:12.651+0800] GC(48) User=0.00s Sys=0.00s Real=0.00s
[2024-08-23T17:13:15.046+0800] GC(49) Pause Young (Allocation Failure)
[2024-08-23T17:13:15.047+0800] GC(49) PSYoungGen: 286552K(287232K)->10240K(298496K) Eden: 250712K(250880K)->0K(247296K) From: 35840K(36352K)->10240K(51200K)
[2024-08-23T17:13:15.047+0800] GC(49) ParOldGen: 313089K(573952K)->313089K(573952K)
[2024-08-23T17:13:15.047+0800] GC(49) Metaspace: 305K(512K)->305K(512K) NonClass: 297K(384K)->297K(384K) Class: 7K(128K)->7K(128K)
[2024-08-23T17:13:15.047+0800] GC(49) Pause Young (Allocation Failure) 585M->315M(852M) 1.123ms
[2024-08-23T17:13:15.047+0800] GC(49) User=0.00s Sys=0.00s Real=0.00s
[2024-08-23T17:13:16.681+0800] GC(50) Pause Young (Allocation Failure)
[2024-08-23T17:13:16.686+0800] GC(50) PSYoungGen: 255763K(298496K)->15360K(297984K) Eden: 245523K(247296K)->0K(247296K) From: 10240K(51200K)->15360K(50688K)
[2024-08-23T17:13:16.686+0800] GC(50) ParOldGen: 313089K(573952K)->369409K(573952K)
[2024-08-23T17:13:16.686+0800] GC(50) Metaspace: 305K(512K)->305K(512K) NonClass: 297K(384K)->297K(384K) Class: 7K(128K)->7K(128K)
[2024-08-23T17:13:16.686+0800] GC(50) Pause Young (Allocation Failure) 555M->375M(851M) 5.494ms
[2024-08-23T17:13:16.686+0800] GC(50) User=0.00s Sys=0.00s Real=0.01s
[2024-08-23T17:13:18.422+0800] GC(51) Pause Young (Allocation Failure)
[2024-08-23T17:13:18.422+0800] GC(51) PSYoungGen: 230165K(297984K)->5120K(299520K) Eden: 214805K(247296K)->0K(249856K) From: 15360K(50688K)->5120K(49664K)
[2024-08-23T17:13:18.422+0800] GC(51) ParOldGen: 369409K(573952K)->369409K(573952K)
[2024-08-23T17:13:18.422+0800] GC(51) Metaspace: 305K(512K)->305K(512K) NonClass: 297K(384K)->297K(384K) Class: 7K(128K)->7K(128K)
[2024-08-23T17:13:18.422+0800] GC(51) Pause Young (Allocation Failure) 585M->365M(853M) 1.052ms
[2024-08-23T17:13:18.422+0800] GC(51) User=0.00s Sys=0.00s Real=0.00s
[2024-08-23T17:13:19.838+0800] GC(52) Pause Young (Allocation Failure)
[2024-08-23T17:13:19.843+0800] GC(52) PSYoungGen: 235334K(299520K)->6144K(299520K) Eden: 230214K(249856K)->0K(249856K) From: 5120K(49664K)->6144K(49664K)
[2024-08-23T17:13:19.843+0800] GC(52) ParOldGen: 369409K(573952K)->420609K(573952K)
[2024-08-23T17:13:19.843+0800] GC(52) Metaspace: 305K(512K)->305K(512K) NonClass: 297K(384K)->297K(384K) Class: 7K(128K)->7K(128K)
[2024-08-23T17:13:19.843+0800] GC(52) Pause Young (Allocation Failure) 590M->416M(853M) 5.006ms
[2024-08-23T17:13:19.843+0800] GC(52) User=0.00s Sys=0.00s Real=0.00s
[2024-08-23T17:13:21.270+0800] GC(53) Pause Young (Allocation Failure)
[2024-08-23T17:13:21.278+0800] GC(53) PSYoungGen: 236358K(299520K)->11264K(301568K) Eden: 230214K(249856K)->0K(252416K) From: 6144K(49664K)->11264K(49152K)
[2024-08-23T17:13:21.278+0800] GC(53) ParOldGen: 420609K(573952K)->477953K(573952K)
[2024-08-23T17:13:21.278+0800] GC(53) Metaspace: 305K(512K)->305K(512K) NonClass: 297K(384K)->297K(384K) Class: 7K(128K)->7K(128K)
[2024-08-23T17:13:21.278+0800] GC(53) Pause Young (Allocation Failure) 641M->477M(855M) 7.898ms
[2024-08-23T17:13:21.278+0800] GC(53) User=0.00s Sys=0.00s Real=0.01s
[2024-08-23T17:13:21.278+0800] GC(54) Pause Full (Ergonomics)
[2024-08-23T17:13:21.278+0800] GC(54) Marking Phase
[2024-08-23T17:13:21.279+0800] GC(54) Marking Phase 0.723ms
[2024-08-23T17:13:21.279+0800] GC(54) Summary Phase
[2024-08-23T17:13:21.279+0800] GC(54) Summary Phase 0.015ms
[2024-08-23T17:13:21.279+0800] GC(54) Adjust Roots
[2024-08-23T17:13:21.279+0800] GC(54) Adjust Roots 0.174ms
[2024-08-23T17:13:21.279+0800] GC(54) Compaction Phase
[2024-08-23T17:13:21.284+0800] GC(54) Compaction Phase 4.499ms
[2024-08-23T17:13:21.284+0800] GC(54) Post Compact
[2024-08-23T17:13:21.284+0800] GC(54) Post Compact 0.613ms
[2024-08-23T17:13:21.287+0800] GC(54) PSYoungGen: 11264K(301568K)->0K(300032K) Eden: 0K(252416K)->0K(252416K) From: 11264K(49152K)->0K(47616K)
[2024-08-23T17:13:21.287+0800] GC(54) ParOldGen: 477953K(573952K)->69632K(443904K)
[2024-08-23T17:13:21.287+0800] GC(54) Metaspace: 305K(512K)->305K(512K) NonClass: 297K(384K)->297K(384K) Class: 7K(128K)->7K(128K)
[2024-08-23T17:13:21.287+0800] GC(54) Pause Full (Ergonomics) 477M->68M(726M) 8.748ms
[2024-08-23T17:13:21.287+0800] GC(54) User=0.00s Sys=0.00s Real=0.01s
[2024-08-23T17:13:22.705+0800] GC(55) Pause Young (Allocation Failure)
[2024-08-23T17:13:22.711+0800] GC(55) PSYoungGen: 204665K(300032K)->10240K(303104K) Eden: 204665K(252416K)->0K(255488K) From: 0K(47616K)->10240K(47616K)
[2024-08-23T17:13:22.711+0800] GC(55) ParOldGen: 69632K(443904K)->120832K(443904K)
[2024-08-23T17:13:22.711+0800] GC(55) Metaspace: 305K(512K)->305K(512K) NonClass: 297K(384K)->297K(384K) Class: 7K(128K)->7K(128K)
[2024-08-23T17:13:22.711+0800] GC(55) Pause Young (Allocation Failure) 267M->128M(729M) 5.760ms
[2024-08-23T17:13:22.711+0800] GC(55) User=0.00s Sys=0.00s Real=0.01s
[2024-08-23T17:13:24.140+0800] GC(56) Pause Young (Allocation Failure)
[2024-08-23T17:13:24.146+0800] GC(56) PSYoungGen: 240544K(303104K)->25600K(301568K) Eden: 230304K(255488K)->0K(255488K) From: 10240K(47616K)->25600K(46080K)
[2024-08-23T17:13:24.146+0800] GC(56) ParOldGen: 120832K(443904K)->182272K(443904K)
[2024-08-23T17:13:24.146+0800] GC(56) Metaspace: 305K(512K)->305K(512K) NonClass: 297K(384K)->297K(384K) Class: 7K(128K)->7K(128K)
[2024-08-23T17:13:24.146+0800] GC(56) Pause Young (Allocation Failure) 352M->203M(728M) 6.696ms
[2024-08-23T17:13:24.146+0800] GC(56) User=0.00s Sys=0.00s Real=0.01s
[2024-08-23T17:13:26.560+0800] GC(57) Pause Young (Allocation Failure)
[2024-08-23T17:13:26.561+0800] GC(57) PSYoungGen: 276391K(301568K)->10240K(304128K) Eden: 250791K(255488K)->0K(258048K) From: 25600K(46080K)->10240K(46080K)
[2024-08-23T17:13:26.561+0800] GC(57) ParOldGen: 182272K(443904K)->182272K(443904K)
[2024-08-23T17:13:26.561+0800] GC(57) Metaspace: 305K(512K)->305K(512K) NonClass: 297K(384K)->297K(384K) Class: 7K(128K)->7K(128K)
[2024-08-23T17:13:26.561+0800] GC(57) Pause Young (Allocation Failure) 447M->188M(730M) 1.219ms
[2024-08-23T17:13:26.561+0800] GC(57) User=0.00s Sys=0.00s Real=0.00s
[2024-08-23T17:13:28.192+0800] GC(58) Pause Young (Allocation Failure)
[2024-08-23T17:13:28.202+0800] GC(58) PSYoungGen: 261088K(304128K)->15360K(303104K) Eden: 250848K(258048K)->0K(258048K) From: 10240K(46080K)->15360K(45056K)
[2024-08-23T17:13:28.202+0800] GC(58) ParOldGen: 182272K(443904K)->289792K(443904K)
[2024-08-23T17:13:28.202+0800] GC(58) Metaspace: 305K(512K)->305K(512K) NonClass: 297K(384K)->297K(384K) Class: 7K(128K)->7K(128K)
[2024-08-23T17:13:28.202+0800] GC(58) Pause Young (Allocation Failure) 432M->298M(729M) 9.803ms
[2024-08-23T17:13:28.202+0800] GC(58) User=0.00s Sys=0.00s Real=0.01s
[2024-08-23T17:13:30.937+0800] GC(59) Pause Young (Allocation Failure)
[2024-08-23T17:13:30.938+0800] GC(59) PSYoungGen: 266211K(303104K)->21504K(307712K) Eden: 250851K(258048K)->0K(265216K) From: 15360K(45056K)->21504K(42496K)
[2024-08-23T17:13:30.938+0800] GC(59) ParOldGen: 289792K(443904K)->289792K(443904K)
[2024-08-23T17:13:30.938+0800] GC(59) Metaspace: 305K(512K)->305K(512K) NonClass: 297K(384K)->297K(384K) Class: 7K(128K)->7K(128K)
[2024-08-23T17:13:30.938+0800] GC(59) Pause Young (Allocation Failure) 542M->304M(734M) 1.695ms
[2024-08-23T17:13:30.938+0800] GC(59) User=0.00s Sys=0.00s Real=0.00s
[2024-08-23T17:13:32.569+0800] GC(60) Pause Young (Allocation Failure)
[2024-08-23T17:13:32.573+0800] GC(60) PSYoungGen: 282739K(307712K)->35840K(294912K) Eden: 261235K(265216K)->0K(258560K) From: 21504K(42496K)->35840K(36352K)
[2024-08-23T17:13:32.573+0800] GC(60) ParOldGen: 289792K(443904K)->301056K(443904K)
[2024-08-23T17:13:32.573+0800] GC(60) Metaspace: 305K(512K)->305K(512K) NonClass: 297K(384K)->297K(384K) Class: 7K(128K)->7K(128K)
[2024-08-23T17:13:32.573+0800] GC(60) Pause Young (Allocation Failure) 559M->329M(721M) 3.861ms
[2024-08-23T17:13:32.573+0800] GC(60) User=0.00s Sys=0.00s Real=0.00s
[2024-08-23T17:13:34.095+0800] GC(61) Pause Young (Allocation Failure)
[2024-08-23T17:13:34.101+0800] GC(61) PSYoungGen: 286719K(294912K)->20480K(305664K) Eden: 250879K(258560K)->0K(259584K) From: 35840K(36352K)->20480K(46080K)
[2024-08-23T17:13:34.101+0800] GC(61) ParOldGen: 301056K(443904K)->352256K(443904K)
[2024-08-23T17:13:34.101+0800] GC(61) Metaspace: 305K(512K)->305K(512K) NonClass: 297K(384K)->297K(384K) Class: 7K(128K)->7K(128K)
[2024-08-23T17:13:34.101+0800] GC(61) Pause Young (Allocation Failure) 574M->364M(732M) 5.559ms
[2024-08-23T17:13:34.101+0800] GC(61) User=0.00s Sys=0.00s Real=0.01s
[2024-08-23T17:13:34.101+0800] GC(62) Pause Full (Ergonomics)
[2024-08-23T17:13:34.101+0800] GC(62) Marking Phase
[2024-08-23T17:13:34.102+0800] GC(62) Marking Phase 0.774ms
[2024-08-23T17:13:34.102+0800] GC(62) Summary Phase
[2024-08-23T17:13:34.102+0800] GC(62) Summary Phase 0.014ms
[2024-08-23T17:13:34.102+0800] GC(62) Adjust Roots
[2024-08-23T17:13:34.102+0800] GC(62) Adjust Roots 0.175ms
[2024-08-23T17:13:34.102+0800] GC(62) Compaction Phase
[2024-08-23T17:13:34.106+0800] GC(62) Compaction Phase 4.331ms
[2024-08-23T17:13:34.106+0800] GC(62) Post Compact
[2024-08-23T17:13:34.107+0800] GC(62) Post Compact 0.459ms
[2024-08-23T17:13:34.107+0800] GC(62) PSYoungGen: 20480K(305664K)->0K(303104K) Eden: 0K(259584K)->0K(259584K) From: 20480K(46080K)->0K(43520K)
[2024-08-23T17:13:34.107+0800] GC(62) ParOldGen: 352256K(443904K)->72704K(447488K)
[2024-08-23T17:13:34.107+0800] GC(62) Metaspace: 305K(512K)->305K(512K) NonClass: 297K(384K)->297K(384K) Class: 7K(128K)->7K(128K)
[2024-08-23T17:13:34.107+0800] GC(62) Pause Full (Ergonomics) 364M->71M(733M) 5.959ms
[2024-08-23T17:13:34.107+0800] GC(62) User=0.02s Sys=0.00s Real=0.01s
[2024-08-23T17:13:35.523+0800] GC(63) Pause Young (Allocation Failure)
[2024-08-23T17:13:35.528+0800] GC(63) PSYoungGen: 230416K(303104K)->5120K(305664K) Eden: 230416K(259584K)->0K(262144K) From: 0K(43520K)->5120K(43520K)
[2024-08-23T17:13:35.528+0800] GC(63) ParOldGen: 72704K(447488K)->175104K(447488K)
[2024-08-23T17:13:35.528+0800] GC(63) Metaspace: 305K(512K)->305K(512K) NonClass: 297K(384K)->297K(384K) Class: 7K(128K)->7K(128K)
[2024-08-23T17:13:35.528+0800] GC(63) Pause Young (Allocation Failure) 296M->176M(735M) 5.109ms
[2024-08-23T17:13:35.528+0800] GC(63) User=0.00s Sys=0.00s Real=0.01s
[2024-08-23T17:13:36.959+0800] GC(64) Pause Young (Allocation Failure)
[2024-08-23T17:13:36.964+0800] GC(64) PSYoungGen: 235565K(305664K)->5120K(305664K) Eden: 230445K(262144K)->0K(262144K) From: 5120K(43520K)->5120K(43520K)
[2024-08-23T17:13:36.964+0800] GC(64) ParOldGen: 175104K(447488K)->231424K(447488K)
[2024-08-23T17:13:36.964+0800] GC(64) Metaspace: 305K(512K)->305K(512K) NonClass: 297K(384K)->297K(384K) Class: 7K(128K)->7K(128K)
[2024-08-23T17:13:36.964+0800] GC(64) Pause Young (Allocation Failure) 401M->231M(735M) 5.243ms
[2024-08-23T17:13:36.964+0800] GC(64) User=0.00s Sys=0.00s Real=0.00s
[2024-08-23T17:13:38.389+0800] GC(65) Pause Young (Allocation Failure)
[2024-08-23T17:13:38.393+0800] GC(65) PSYoungGen: 220303K(305664K)->5120K(306176K) Eden: 215183K(262144K)->0K(262656K) From: 5120K(43520K)->5120K(43520K)
[2024-08-23T17:13:38.393+0800] GC(65) ParOldGen: 231424K(447488K)->282624K(447488K)
[2024-08-23T17:13:38.393+0800] GC(65) Metaspace: 305K(512K)->305K(512K) NonClass: 297K(384K)->297K(384K) Class: 7K(128K)->7K(128K)
[2024-08-23T17:13:38.393+0800] GC(65) Pause Young (Allocation Failure) 441M->281M(736M) 4.672ms
[2024-08-23T17:13:38.393+0800] GC(65) User=0.00s Sys=0.00s Real=0.00s
[2024-08-23T17:13:39.808+0800] GC(66) Pause Young (Allocation Failure)
[2024-08-23T17:13:39.812+0800] GC(66) PSYoungGen: 235489K(306176K)->6144K(305664K) Eden: 230369K(262656K)->0K(262656K) From: 5120K(43520K)->6144K(43008K)
[2024-08-23T17:13:39.812+0800] GC(66) ParOldGen: 282624K(447488K)->338944K(447488K)
[2024-08-23T17:13:39.812+0800] GC(66) Metaspace: 305K(512K)->305K(512K) NonClass: 297K(384K)->297K(384K) Class: 7K(128K)->7K(128K)
[2024-08-23T17:13:39.813+0800] GC(66) Pause Young (Allocation Failure) 505M->337M(735M) 4.976ms
[2024-08-23T17:13:39.813+0800] GC(66) User=0.00s Sys=0.00s Real=0.00s
[2024-08-23T17:13:39.813+0800] GC(67) Pause Full (Ergonomics)
[2024-08-23T17:13:39.813+0800] GC(67) Marking Phase
[2024-08-23T17:13:39.813+0800] GC(67) Marking Phase 0.754ms
[2024-08-23T17:13:39.813+0800] GC(67) Summary Phase
[2024-08-23T17:13:39.813+0800] GC(67) Summary Phase 0.013ms
[2024-08-23T17:13:39.813+0800] GC(67) Adjust Roots
[2024-08-23T17:13:39.814+0800] GC(67) Adjust Roots 0.165ms
[2024-08-23T17:13:39.814+0800] GC(67) Compaction Phase
[2024-08-23T17:13:39.818+0800] GC(67) Compaction Phase 4.029ms
[2024-08-23T17:13:39.818+0800] GC(67) Post Compact
[2024-08-23T17:13:39.818+0800] GC(67) Post Compact 0.416ms
[2024-08-23T17:13:39.819+0800] GC(67) PSYoungGen: 6144K(305664K)->0K(307712K) Eden: 0K(262656K)->0K(266240K) From: 6144K(43008K)->0K(41472K)
[2024-08-23T17:13:39.819+0800] GC(67) ParOldGen: 338944K(447488K)->63233K(434176K)
[2024-08-23T17:13:39.819+0800] GC(67) Metaspace: 305K(512K)->305K(512K) NonClass: 297K(384K)->297K(384K) Class: 7K(128K)->7K(128K)
[2024-08-23T17:13:39.819+0800] GC(67) Pause Full (Ergonomics) 337M->61M(724M) 6.093ms
[2024-08-23T17:13:39.819+0800] GC(67) User=0.00s Sys=0.00s Real=0.01s
[2024-08-23T17:13:42.555+0800] GC(68) Pause Young (Allocation Failure)
[2024-08-23T17:13:42.558+0800] GC(68) PSYoungGen: 220257K(307712K)->35840K(295936K) Eden: 220257K(266240K)->0K(259584K) From: 0K(41472K)->35840K(36352K)
[2024-08-23T17:13:42.558+0800] GC(68) ParOldGen: 63233K(434176K)->63233K(434176K)
[2024-08-23T17:13:42.558+0800] GC(68) Metaspace: 305K(512K)->305K(512K) NonClass: 297K(384K)->297K(384K) Class: 7K(128K)->7K(128K)
[2024-08-23T17:13:42.558+0800] GC(68) Pause Young (Allocation Failure) 276M->96M(713M) 2.875ms
[2024-08-23T17:13:42.558+0800] GC(68) User=0.00s Sys=0.00s Real=0.00s
[2024-08-23T17:13:43.974+0800] GC(69) Pause Young (Allocation Failure)
[2024-08-23T17:13:43.976+0800] GC(69) PSYoungGen: 266200K(295936K)->46080K(286208K) Eden: 230360K(259584K)->0K(239616K) From: 35840K(36352K)->46080K(46592K)
[2024-08-23T17:13:43.976+0800] GC(69) ParOldGen: 63233K(434176K)->78593K(434176K)
[2024-08-23T17:13:43.976+0800] GC(69) Metaspace: 305K(512K)->305K(512K) NonClass: 297K(384K)->297K(384K) Class: 7K(128K)->7K(128K)
[2024-08-23T17:13:43.976+0800] GC(69) Pause Young (Allocation Failure) 321M->121M(703M) 3.558ms
[2024-08-23T17:13:43.976+0800] GC(69) User=0.00s Sys=0.00s Real=0.00s
[2024-08-23T17:13:45.394+0800] GC(70) Pause Young (Allocation Failure)
[2024-08-23T17:13:45.396+0800] GC(70) PSYoungGen: 240231K(286208K)->20480K(294400K) Eden: 194150K(239616K)->0K(239616K) From: 46080K(46592K)->20480K(54784K)
[2024-08-23T17:13:45.396+0800] GC(70) ParOldGen: 78593K(434176K)->78593K(434176K)
[2024-08-23T17:13:45.396+0800] GC(70) Metaspace: 305K(512K)->305K(512K) NonClass: 297K(384K)->297K(384K) Class: 7K(128K)->7K(128K)
[2024-08-23T17:13:45.396+0800] GC(70) Pause Young (Allocation Failure) 311M->96M(711M) 2.598ms
[2024-08-23T17:13:45.396+0800] GC(70) User=0.00s Sys=0.00s Real=0.00s
[2024-08-23T17:13:46.811+0800] GC(71) Pause Young (Allocation Failure)
[2024-08-23T17:13:46.816+0800] GC(71) PSYoungGen: 250476K(294400K)->25600K(298496K) Eden: 229996K(239616K)->0K(246784K) From: 20480K(54784K)->25600K(51712K)
[2024-08-23T17:13:46.816+0800] GC(71) ParOldGen: 78593K(434176K)->129793K(434176K)
[2024-08-23T17:13:46.816+0800] GC(71) Metaspace: 305K(512K)->305K(512K) NonClass: 297K(384K)->297K(384K) Class: 7K(128K)->7K(128K)
[2024-08-23T17:13:46.816+0800] GC(71) Pause Young (Allocation Failure) 321M->151M(715M) 5.265ms
[2024-08-23T17:13:46.816+0800] GC(71) User=0.00s Sys=0.00s Real=0.00s
[2024-08-23T17:13:48.229+0800] GC(72) Pause Young (Allocation Failure)
[2024-08-23T17:13:48.239+0800] GC(72) PSYoungGen: 255745K(298496K)->25600K(297472K) Eden: 230145K(246784K)->0K(246784K) From: 25600K(51712K)->25600K(50688K)
[2024-08-23T17:13:48.239+0800] GC(72) ParOldGen: 129793K(434176K)->237313K(434176K)
[2024-08-23T17:13:48.239+0800] GC(72) Metaspace: 305K(512K)->305K(512K) NonClass: 297K(384K)->297K(384K) Class: 7K(128K)->7K(128K)
[2024-08-23T17:13:48.239+0800] GC(72) Pause Young (Allocation Failure) 376M->256M(714M) 10.350ms
[2024-08-23T17:13:48.239+0800] GC(72) User=0.00s Sys=0.00s Real=0.01s
[2024-08-23T17:13:49.657+0800] GC(73) Pause Young (Allocation Failure)
[2024-08-23T17:13:49.658+0800] GC(73) PSYoungGen: 235268K(297472K)->25600K(301056K) Eden: 209668K(246784K)->0K(251392K) From: 25600K(50688K)->25600K(49664K)
[2024-08-23T17:13:49.658+0800] GC(73) ParOldGen: 237313K(434176K)->237313K(434176K)
[2024-08-23T17:13:49.658+0800] GC(73) Metaspace: 305K(512K)->305K(512K) NonClass: 297K(384K)->297K(384K) Class: 7K(128K)->7K(128K)
[2024-08-23T17:13:49.658+0800] GC(73) Pause Young (Allocation Failure) 461M->256M(718M) 2.110ms
[2024-08-23T17:13:49.658+0800] GC(73) User=0.00s Sys=0.00s Real=0.00s
[2024-08-23T17:13:51.070+0800] GC(74) Pause Young (Allocation Failure)
[2024-08-23T17:13:51.072+0800] GC(74) PSYoungGen: 255839K(301056K)->31744K(299520K) Eden: 230239K(251392K)->0K(251392K) From: 25600K(49664K)->31744K(48128K)
[2024-08-23T17:13:51.072+0800] GC(74) ParOldGen: 237313K(434176K)->242433K(434176K)
[2024-08-23T17:13:51.072+0800] GC(74) Metaspace: 305K(512K)->305K(512K) NonClass: 297K(384K)->297K(384K) Class: 7K(128K)->7K(128K)
[2024-08-23T17:13:51.072+0800] GC(74) Pause Young (Allocation Failure) 481M->267M(716M) 3.331ms
[2024-08-23T17:13:51.072+0800] GC(74) User=0.02s Sys=0.00s Real=0.00s
[2024-08-23T17:13:53.696+0800] GC(75) Pause Young (Allocation Failure)
[2024-08-23T17:13:53.697+0800] GC(75) PSYoungGen: 282457K(299520K)->15360K(301056K) Eden: 250713K(251392K)->0K(251392K) From: 31744K(48128K)->15360K(49664K)
[2024-08-23T17:13:53.697+0800] GC(75) ParOldGen: 242433K(434176K)->242433K(434176K)
[2024-08-23T17:13:53.697+0800] GC(75) Metaspace: 305K(512K)->305K(512K) NonClass: 297K(384K)->297K(384K) Class: 7K(128K)->7K(128K)
[2024-08-23T17:13:53.697+0800] GC(75) Pause Young (Allocation Failure) 512M->251M(718M) 1.484ms
[2024-08-23T17:13:53.697+0800] GC(75) User=0.00s Sys=0.00s Real=0.00s
[2024-08-23T17:13:55.215+0800] GC(76) Pause Young (Allocation Failure)
[2024-08-23T17:13:55.218+0800] GC(76) PSYoungGen: 255839K(301056K)->35840K(287744K) Eden: 240479K(251392K)->0K(251392K) From: 15360K(49664K)->35840K(36352K)
[2024-08-23T17:13:55.218+0800] GC(76) ParOldGen: 242433K(434176K)->247553K(434176K)
[2024-08-23T17:13:55.218+0800] GC(76) Metaspace: 305K(512K)->305K(512K) NonClass: 297K(384K)->297K(384K) Class: 7K(128K)->7K(128K)
[2024-08-23T17:13:55.218+0800] GC(76) Pause Young (Allocation Failure) 486M->276M(705M) 3.463ms
[2024-08-23T17:13:55.218+0800] GC(76) User=0.00s Sys=0.00s Real=0.00s
[2024-08-23T17:13:56.861+0800] GC(77) Pause Young (Allocation Failure)
[2024-08-23T17:13:56.865+0800] GC(77) PSYoungGen: 286562K(287744K)->0K(296448K) Eden: 250722K(251392K)->0K(245760K) From: 35840K(36352K)->0K(50688K)
[2024-08-23T17:13:56.865+0800] GC(77) ParOldGen: 247553K(434176K)->298753K(434176K)
[2024-08-23T17:13:56.865+0800] GC(77) Metaspace: 305K(512K)->305K(512K) NonClass: 297K(384K)->297K(384K) Class: 7K(128K)->7K(128K)
[2024-08-23T17:13:56.865+0800] GC(77) Pause Young (Allocation Failure) 521M->291M(713M) 4.685ms
[2024-08-23T17:13:56.865+0800] GC(77) User=0.00s Sys=0.00s Real=0.00s
[2024-08-23T17:13:58.281+0800] GC(78) Pause Young (Allocation Failure)
[2024-08-23T17:13:58.292+0800] GC(78) PSYoungGen: 230133K(296448K)->51200K(291840K) Eden: 230133K(245760K)->0K(240128K) From: 0K(50688K)->51200K(51712K)
[2024-08-23T17:13:58.292+0800] GC(78) ParOldGen: 298753K(434176K)->406273K(434176K)
[2024-08-23T17:13:58.292+0800] GC(78) Metaspace: 305K(512K)->305K(512K) NonClass: 297K(384K)->297K(384K) Class: 7K(128K)->7K(128K)
[2024-08-23T17:13:58.292+0800] GC(78) Pause Young (Allocation Failure) 516M->446M(709M) 10.486ms
[2024-08-23T17:13:58.292+0800] GC(78) User=0.00s Sys=0.00s Real=0.01s
[2024-08-23T17:13:58.292+0800] GC(79) Pause Full (Ergonomics)
[2024-08-23T17:13:58.292+0800] GC(79) Marking Phase
[2024-08-23T17:13:58.292+0800] GC(79) Marking Phase 0.681ms
[2024-08-23T17:13:58.292+0800] GC(79) Summary Phase
[2024-08-23T17:13:58.292+0800] GC(79) Summary Phase 0.015ms
[2024-08-23T17:13:58.292+0800] GC(79) Adjust Roots
[2024-08-23T17:13:58.292+0800] GC(79) Adjust Roots 0.222ms
[2024-08-23T17:13:58.292+0800] GC(79) Compaction Phase
[2024-08-23T17:13:58.303+0800] GC(79) Compaction Phase 10.724ms
[2024-08-23T17:13:58.303+0800] GC(79) Post Compact
[2024-08-23T17:13:58.303+0800] GC(79) Post Compact 0.607ms
[2024-08-23T17:13:58.303+0800] GC(79) PSYoungGen: 51200K(291840K)->0K(281088K) Eden: 0K(240128K)->0K(229376K) From: 51200K(51712K)->0K(51712K)
[2024-08-23T17:13:58.303+0800] GC(79) ParOldGen: 406273K(434176K)->159489K(534528K)
[2024-08-23T17:13:58.303+0800] GC(79) Metaspace: 305K(512K)->305K(512K) NonClass: 297K(384K)->297K(384K) Class: 7K(128K)->7K(128K)
[2024-08-23T17:13:58.303+0800] GC(79) Pause Full (Ergonomics) 446M->155M(796M) 12.658ms
[2024-08-23T17:13:58.303+0800] GC(79) User=0.00s Sys=0.00s Real=0.01s
[2024-08-23T17:13:59.621+0800] GC(80) Pause Young (Allocation Failure)
[2024-08-23T17:13:59.623+0800] GC(80) PSYoungGen: 178610K(281088K)->26624K(289280K) Eden: 178610K(229376K)->0K(229376K) From: 0K(51712K)->26624K(59904K)
[2024-08-23T17:13:59.623+0800] GC(80) ParOldGen: 159489K(534528K)->159489K(534528K)
[2024-08-23T17:13:59.623+0800] GC(80) Metaspace: 305K(512K)->305K(512K) NonClass: 297K(384K)->297K(384K) Class: 7K(128K)->7K(128K)
[2024-08-23T17:13:59.623+0800] GC(80) Pause Young (Allocation Failure) 330M->181M(804M) 2.396ms
[2024-08-23T17:13:59.623+0800] GC(80) User=0.00s Sys=0.00s Real=0.00s
[2024-08-23T17:14:01.038+0800] GC(81) Pause Young (Allocation Failure)
[2024-08-23T17:14:01.041+0800] GC(81) PSYoungGen: 230813K(289280K)->30720K(292864K) Eden: 204189K(229376K)->0K(235520K) From: 26624K(59904K)->30720K(57344K)
[2024-08-23T17:14:01.041+0800] GC(81) ParOldGen: 159489K(534528K)->159489K(534528K)
[2024-08-23T17:14:01.041+0800] GC(81) Metaspace: 305K(512K)->305K(512K) NonClass: 297K(384K)->297K(384K) Class: 7K(128K)->7K(128K)
[2024-08-23T17:14:01.041+0800] GC(81) Pause Young (Allocation Failure) 381M->185M(808M) 3.011ms
[2024-08-23T17:14:01.041+0800] GC(81) User=0.00s Sys=0.00s Real=0.00s
[2024-08-23T17:14:02.457+0800] GC(82) Pause Young (Allocation Failure)
[2024-08-23T17:14:02.460+0800] GC(82) PSYoungGen: 260638K(292864K)->35840K(291840K) Eden: 229918K(235520K)->0K(235520K) From: 30720K(57344K)->35840K(56320K)
[2024-08-23T17:14:02.460+0800] GC(82) ParOldGen: 159489K(534528K)->169729K(534528K)
[2024-08-23T17:14:02.460+0800] GC(82) Metaspace: 305K(512K)->305K(512K) NonClass: 297K(384K)->297K(384K) Class: 7K(128K)->7K(128K)
[2024-08-23T17:14:02.460+0800] GC(82) Pause Young (Allocation Failure) 410M->200M(807M) 3.231ms
[2024-08-23T17:14:02.460+0800] GC(82) User=0.00s Sys=0.00s Real=0.00s
[2024-08-23T17:14:04.533+0800] GC(83) Pause Young (Allocation Failure)
[2024-08-23T17:14:04.534+0800] GC(83) PSYoungGen: 270885K(291840K)->5120K(290816K) Eden: 235045K(235520K)->0K(233472K) From: 35840K(56320K)->5120K(57344K)
[2024-08-23T17:14:04.534+0800] GC(83) ParOldGen: 169729K(534528K)->169729K(534528K)
[2024-08-23T17:14:04.534+0800] GC(83) Metaspace: 305K(512K)->305K(512K) NonClass: 297K(384K)->297K(384K) Class: 7K(128K)->7K(128K)
[2024-08-23T17:14:04.534+0800] GC(83) Pause Young (Allocation Failure) 430M->170M(806M) 0.830ms
[2024-08-23T17:14:04.534+0800] GC(83) User=0.00s Sys=0.00s Real=0.00s
[2024-08-23T17:14:05.951+0800] GC(84) Pause Young (Allocation Failure)
[2024-08-23T17:14:05.955+0800] GC(84) PSYoungGen: 235009K(290816K)->56320K(284672K) Eden: 229889K(233472K)->0K(227840K) From: 5120K(57344K)->56320K(56832K)
[2024-08-23T17:14:05.955+0800] GC(84) ParOldGen: 169729K(534528K)->174849K(534528K)
[2024-08-23T17:14:05.955+0800] GC(84) Metaspace: 305K(512K)->305K(512K) NonClass: 297K(384K)->297K(384K) Class: 7K(128K)->7K(128K)
[2024-08-23T17:14:05.955+0800] GC(84) Pause Young (Allocation Failure) 395M->225M(800M) 5.185ms
[2024-08-23T17:14:05.955+0800] GC(84) User=0.00s Sys=0.00s Real=0.00s
[2024-08-23T17:14:07.257+0800] GC(85) Pause Young (Allocation Failure)
[2024-08-23T17:14:07.267+0800] GC(85) PSYoungGen: 280981K(284672K)->10240K(276992K) Eden: 224661K(227840K)->0K(218112K) From: 56320K(56832K)->10240K(58880K)
[2024-08-23T17:14:07.268+0800] GC(85) ParOldGen: 174849K(534528K)->328449K(534528K)
[2024-08-23T17:14:07.268+0800] GC(85) Metaspace: 305K(512K)->305K(512K) NonClass: 297K(384K)->297K(384K) Class: 7K(128K)->7K(128K)
[2024-08-23T17:14:07.268+0800] GC(85) Pause Young (Allocation Failure) 445M->330M(792M) 10.677ms
[2024-08-23T17:14:07.268+0800] GC(85) User=0.00s Sys=0.00s Real=0.01s
[2024-08-23T17:14:09.564+0800] GC(86) Pause Young (Allocation Failure)
[2024-08-23T17:14:09.567+0800] GC(86) PSYoungGen: 209111K(276992K)->26624K(283648K) Eden: 198871K(218112K)->0K(218112K) From: 10240K(58880K)->26624K(65536K)
[2024-08-23T17:14:09.567+0800] GC(86) ParOldGen: 328449K(534528K)->328449K(534528K)
[2024-08-23T17:14:09.567+0800] GC(86) Metaspace: 305K(512K)->305K(512K) NonClass: 297K(384K)->297K(384K) Class: 7K(128K)->7K(128K)
[2024-08-23T17:14:09.567+0800] GC(86) Pause Young (Allocation Failure) 524M->346M(799M) 2.457ms
[2024-08-23T17:14:09.567+0800] GC(86) User=0.00s Sys=0.00s Real=0.00s
[2024-08-23T17:14:10.872+0800] GC(87) Pause Young (Allocation Failure)
[2024-08-23T17:14:10.874+0800] GC(87) PSYoungGen: 235735K(283648K)->21504K(290304K) Eden: 209111K(218112K)->0K(228352K) From: 26624K(65536K)->21504K(61952K)
[2024-08-23T17:14:10.874+0800] GC(87) ParOldGen: 328449K(534528K)->334593K(534528K)
[2024-08-23T17:14:10.874+0800] GC(87) Metaspace: 305K(512K)->305K(512K) NonClass: 297K(384K)->297K(384K) Class: 7K(128K)->7K(128K)
[2024-08-23T17:14:10.874+0800] GC(87) Pause Young (Allocation Failure) 550M->347M(805M) 2.242ms
[2024-08-23T17:14:10.874+0800] GC(87) User=0.00s Sys=0.00s Real=0.00s
[2024-08-23T17:14:12.395+0800] GC(88) Pause Young (Allocation Failure)
[2024-08-23T17:14:12.397+0800] GC(88) PSYoungGen: 246179K(290304K)->30720K(287232K) Eden: 224675K(228352K)->0K(228352K) From: 21504K(61952K)->30720K(58880K)
[2024-08-23T17:14:12.397+0800] GC(88) ParOldGen: 334593K(534528K)->334593K(534528K)
[2024-08-23T17:14:12.397+0800] GC(88) Metaspace: 305K(512K)->305K(512K) NonClass: 297K(384K)->297K(384K) Class: 7K(128K)->7K(128K)
[2024-08-23T17:14:12.397+0800] GC(88) Pause Young (Allocation Failure) 567M->356M(802M) 2.454ms
[2024-08-23T17:14:12.397+0800] GC(88) User=0.00s Sys=0.00s Real=0.00s
[2024-08-23T17:14:13.703+0800] GC(89) Pause Young (Allocation Failure)
[2024-08-23T17:14:13.704+0800] GC(89) PSYoungGen: 240036K(287232K)->15360K(292864K) Eden: 209316K(228352K)->0K(235008K) From: 30720K(58880K)->15360K(57856K)
[2024-08-23T17:14:13.704+0800] GC(89) ParOldGen: 334593K(534528K)->344833K(534528K)
[2024-08-23T17:14:13.704+0800] GC(89) Metaspace: 305K(512K)->305K(512K) NonClass: 297K(384K)->297K(384K) Class: 7K(128K)->7K(128K)
[2024-08-23T17:14:13.704+0800] GC(89) Pause Young (Allocation Failure) 561M->351M(808M) 1.831ms
[2024-08-23T17:14:13.704+0800] GC(89) User=0.00s Sys=0.00s Real=0.00s
[2024-08-23T17:14:15.123+0800] GC(90) Pause Young (Allocation Failure)
[2024-08-23T17:14:15.126+0800] GC(90) PSYoungGen: 245286K(292864K)->35840K(291328K) Eden: 229926K(235008K)->0K(235008K) From: 15360K(57856K)->35840K(56320K)
[2024-08-23T17:14:15.126+0800] GC(90) ParOldGen: 344833K(534528K)->349953K(534528K)
[2024-08-23T17:14:15.126+0800] GC(90) Metaspace: 305K(512K)->305K(512K) NonClass: 297K(384K)->297K(384K) Class: 7K(128K)->7K(128K)
[2024-08-23T17:14:15.126+0800] GC(90) Pause Young (Allocation Failure) 576M->376M(806M) 2.971ms
[2024-08-23T17:14:15.126+0800] GC(90) User=0.00s Sys=0.00s Real=0.00s
[2024-08-23T17:14:16.761+0800] GC(91) Pause Young (Allocation Failure)
[2024-08-23T17:14:16.767+0800] GC(91) PSYoungGen: 224806K(291328K)->56320K(275456K) Eden: 188966K(235008K)->0K(218112K) From: 35840K(56320K)->56320K(57344K)
[2024-08-23T17:14:16.767+0800] GC(91) ParOldGen: 349953K(534528K)->349953K(534528K)
[2024-08-23T17:14:16.767+0800] GC(91) Metaspace: 305K(512K)->305K(512K) NonClass: 297K(384K)->297K(384K) Class: 7K(128K)->7K(128K)
[2024-08-23T17:14:16.767+0800] GC(91) Pause Young (Allocation Failure) 561M->396M(791M) 6.131ms
[2024-08-23T17:14:16.767+0800] GC(91) User=0.00s Sys=0.00s Real=0.01s
[2024-08-23T17:14:18.087+0800] GC(92) Pause Young (Allocation Failure)
[2024-08-23T17:14:18.101+0800] GC(92) PSYoungGen: 234709K(275456K)->25600K(283648K) Eden: 178389K(218112K)->0K(218112K) From: 56320K(57344K)->25600K(65536K)
[2024-08-23T17:14:18.101+0800] GC(92) ParOldGen: 349953K(534528K)->457473K(534528K)
[2024-08-23T17:14:18.101+0800] GC(92) Metaspace: 305K(512K)->305K(512K) NonClass: 297K(384K)->297K(384K) Class: 7K(128K)->7K(128K)
[2024-08-23T17:14:18.101+0800] GC(92) Pause Young (Allocation Failure) 570M->471M(799M) 14.967ms
[2024-08-23T17:14:18.101+0800] GC(92) User=0.00s Sys=0.00s Real=0.01s
[2024-08-23T17:14:18.101+0800] GC(93) Pause Full (Ergonomics)
[2024-08-23T17:14:18.101+0800] GC(93) Marking Phase
[2024-08-23T17:14:18.102+0800] GC(93) Marking Phase 0.756ms
[2024-08-23T17:14:18.102+0800] GC(93) Summary Phase
[2024-08-23T17:14:18.102+0800] GC(93) Summary Phase 0.015ms
[2024-08-23T17:14:18.102+0800] GC(93) Adjust Roots
[2024-08-23T17:14:18.102+0800] GC(93) Adjust Roots 0.204ms
[2024-08-23T17:14:18.102+0800] GC(93) Compaction Phase
[2024-08-23T17:14:18.110+0800] GC(93) Compaction Phase 8.245ms
[2024-08-23T17:14:18.110+0800] GC(93) Post Compact
[2024-08-23T17:14:18.111+0800] GC(93) Post Compact 0.656ms
[2024-08-23T17:14:18.111+0800] GC(93) PSYoungGen: 25600K(283648K)->0K(286720K) Eden: 0K(218112K)->0K(224256K) From: 25600K(65536K)->0K(62464K)
[2024-08-23T17:14:18.111+0800] GC(93) ParOldGen: 457473K(534528K)->133889K(510976K)
[2024-08-23T17:14:18.111+0800] GC(93) Metaspace: 305K(512K)->305K(512K) NonClass: 297K(384K)->297K(384K) Class: 7K(128K)->7K(128K)
[2024-08-23T17:14:18.111+0800] GC(93) Pause Full (Ergonomics) 471M->130M(779M) 10.197ms
[2024-08-23T17:14:18.111+0800] GC(93) User=0.02s Sys=0.00s Real=0.01s
[2024-08-23T17:14:20.624+0800] GC(94) Pause Young (Allocation Failure)
[2024-08-23T17:14:20.625+0800] GC(94) PSYoungGen: 219451K(286720K)->6144K(230912K) Eden: 219451K(224256K)->0K(224256K) From: 0K(62464K)->6144K(6656K)
[2024-08-23T17:14:20.625+0800] GC(94) ParOldGen: 133889K(510976K)->133889K(510976K)
[2024-08-23T17:14:20.625+0800] GC(94) Metaspace: 305K(512K)->305K(512K) NonClass: 297K(384K)->297K(384K) Class: 7K(128K)->7K(128K)
[2024-08-23T17:14:20.625+0800] GC(94) Pause Young (Allocation Failure) 345M->136M(724M) 1.045ms
[2024-08-23T17:14:20.625+0800] GC(94) User=0.00s Sys=0.00s Real=0.00s
[2024-08-23T17:14:21.825+0800] GC(95) Pause Young (Allocation Failure)
[2024-08-23T17:14:21.826+0800] GC(95) PSYoungGen: 225590K(230912K)->20480K(288768K) Eden: 219445K(224256K)->0K(225792K) From: 6144K(6656K)->20480K(62976K)
[2024-08-23T17:14:21.826+0800] GC(95) ParOldGen: 133889K(510976K)->134913K(510976K)
[2024-08-23T17:14:21.826+0800] GC(95) Metaspace: 305K(512K)->305K(512K) NonClass: 297K(384K)->297K(384K) Class: 7K(128K)->7K(128K)
[2024-08-23T17:14:21.826+0800] GC(95) Pause Young (Allocation Failure) 351M->151M(781M) 1.834ms
[2024-08-23T17:14:21.826+0800] GC(95) User=0.00s Sys=0.00s Real=0.00s
[2024-08-23T17:14:23.576+0800] GC(96) Pause Young (Allocation Failure)
[2024-08-23T17:14:23.576+0800] GC(96) PSYoungGen: 239981K(288768K)->5120K(286208K) Eden: 219501K(225792K)->0K(225792K) From: 20480K(62976K)->5120K(60416K)
[2024-08-23T17:14:23.576+0800] GC(96) ParOldGen: 134913K(510976K)->134913K(510976K)
[2024-08-23T17:14:23.576+0800] GC(96) Metaspace: 305K(512K)->305K(512K) NonClass: 297K(384K)->297K(384K) Class: 7K(128K)->7K(128K)
[2024-08-23T17:14:23.576+0800] GC(96) Pause Young (Allocation Failure) 366M->136M(778M) 0.718ms
[2024-08-23T17:14:23.576+0800] GC(96) User=0.00s Sys=0.00s Real=0.00s
[2024-08-23T17:14:24.887+0800] GC(97) Pause Young (Allocation Failure)
[2024-08-23T17:14:24.889+0800] GC(97) PSYoungGen: 224623K(286208K)->30720K(289792K) Eden: 219503K(225792K)->0K(229376K) From: 5120K(60416K)->30720K(60416K)
[2024-08-23T17:14:24.889+0800] GC(97) ParOldGen: 134913K(510976K)->134913K(510976K)
[2024-08-23T17:14:24.889+0800] GC(97) Metaspace: 305K(512K)->305K(512K) NonClass: 297K(384K)->297K(384K) Class: 7K(128K)->7K(128K)
[2024-08-23T17:14:24.889+0800] GC(97) Pause Young (Allocation Failure) 351M->161M(782M) 2.581ms
[2024-08-23T17:14:24.889+0800] GC(97) User=0.00s Sys=0.00s Real=0.00s
[2024-08-23T17:14:26.195+0800] GC(98) Pause Young (Allocation Failure)
[2024-08-23T17:14:26.201+0800] GC(98) PSYoungGen: 255415K(289792K)->10240K(288768K) Eden: 224695K(229376K)->0K(229376K) From: 30720K(60416K)->10240K(59392K)
[2024-08-23T17:14:26.201+0800] GC(98) ParOldGen: 134913K(510976K)->211713K(510976K)
[2024-08-23T17:14:26.201+0800] GC(98) Metaspace: 305K(512K)->305K(512K) NonClass: 297K(384K)->297K(384K) Class: 7K(128K)->7K(128K)
[2024-08-23T17:14:26.201+0800] GC(98) Pause Young (Allocation Failure) 381M->216M(781M) 5.652ms
[2024-08-23T17:14:26.201+0800] GC(98) User=0.06s Sys=0.00s Real=0.01s
[2024-08-23T17:14:27.722+0800] GC(99) Pause Young (Allocation Failure)
[2024-08-23T17:14:27.723+0800] GC(99) PSYoungGen: 229815K(288768K)->10240K(292352K) Eden: 219575K(229376K)->0K(233984K) From: 10240K(59392K)->10240K(58368K)
[2024-08-23T17:14:27.723+0800] GC(99) ParOldGen: 211713K(510976K)->211713K(510976K)
[2024-08-23T17:14:27.723+0800] GC(99) Metaspace: 305K(512K)->305K(512K) NonClass: 297K(384K)->297K(384K) Class: 7K(128K)->7K(128K)
[2024-08-23T17:14:27.723+0800] GC(99) Pause Young (Allocation Failure) 431M->216M(784M) 1.018ms
[2024-08-23T17:14:27.723+0800] GC(99) User=0.00s Sys=0.00s Real=0.00s
[2024-08-23T17:14:29.141+0800] GC(100) Pause Young (Allocation Failure)
[2024-08-23T17:14:29.141+0800] GC(100) PSYoungGen: 240147K(292352K)->11264K(290816K) Eden: 229907K(233984K)->0K(233984K) From: 10240K(58368K)->11264K(56832K)
[2024-08-23T17:14:29.141+0800] GC(100) ParOldGen: 211713K(510976K)->216833K(510976K)
[2024-08-23T17:14:29.141+0800] GC(100) Metaspace: 305K(512K)->305K(512K) NonClass: 297K(384K)->297K(384K) Class: 7K(128K)->7K(128K)
[2024-08-23T17:14:29.141+0800] GC(100) Pause Young (Allocation Failure) 441M->222M(783M) 1.180ms
[2024-08-23T17:14:29.141+0800] GC(100) User=0.00s Sys=0.00s Real=0.00s
[2024-08-23T17:14:30.559+0800] GC(101) Pause Young (Allocation Failure)
[2024-08-23T17:14:30.560+0800] GC(101) PSYoungGen: 241156K(290816K)->6144K(294912K) Eden: 229892K(233984K)->0K(239616K) From: 11264K(56832K)->6144K(55296K)
[2024-08-23T17:14:30.560+0800] GC(101) ParOldGen: 216833K(510976K)->222977K(510976K)
[2024-08-23T17:14:30.560+0800] GC(101) Metaspace: 305K(512K)->305K(512K) NonClass: 297K(384K)->297K(384K) Class: 7K(128K)->7K(128K)
[2024-08-23T17:14:30.560+0800] GC(101) Pause Young (Allocation Failure) 447M->223M(787M) 1.353ms
[2024-08-23T17:14:30.560+0800] GC(101) User=0.00s Sys=0.00s Real=0.00s
[2024-08-23T17:14:32.412+0800] GC(102) Pause Young (Allocation Failure)
[2024-08-23T17:14:32.416+0800] GC(102) PSYoungGen: 143993K(294912K)->51200K(285696K) Eden: 137849K(239616K)->0K(233984K) From: 6144K(55296K)->51200K(51712K)
[2024-08-23T17:14:32.417+0800] GC(102) ParOldGen: 222977K(510976K)->238337K(510976K)
[2024-08-23T17:14:32.417+0800] GC(102) Metaspace: 305K(512K)->305K(512K) NonClass: 297K(384K)->297K(384K) Class: 7K(128K)->7K(128K)
[2024-08-23T17:14:32.417+0800] GC(102) Pause Young (Allocation Failure) 358M->282M(778M) 4.829ms
[2024-08-23T17:14:32.417+0800] GC(102) User=0.00s Sys=0.00s Real=0.01s
[2024-08-23T17:14:33.828+0800] GC(103) Pause Young (Allocation Failure)
[2024-08-23T17:14:33.834+0800] GC(103) PSYoungGen: 281087K(285696K)->56320K(264704K) Eden: 229887K(233984K)->0K(206848K) From: 51200K(51712K)->56320K(57856K)
[2024-08-23T17:14:33.834+0800] GC(103) ParOldGen: 238337K(510976K)->258817K(510976K)
[2024-08-23T17:14:33.834+0800] GC(103) Metaspace: 305K(512K)->305K(512K) NonClass: 297K(384K)->297K(384K) Class: 7K(128K)->7K(128K)
[2024-08-23T17:14:33.834+0800] GC(103) Pause Young (Allocation Failure) 507M->307M(757M) 6.280ms
[2024-08-23T17:14:33.834+0800] GC(103) User=0.00s Sys=0.00s Real=0.01s
[2024-08-23T17:14:35.261+0800] GC(104) Pause Young (Allocation Failure)
[2024-08-23T17:14:35.266+0800] GC(104) PSYoungGen: 249833K(264704K)->51200K(253952K) Eden: 193513K(206848K)->0K(202240K) From: 56320K(57856K)->51200K(51712K)
[2024-08-23T17:14:35.267+0800] GC(104) ParOldGen: 258817K(510976K)->310017K(510976K)
[2024-08-23T17:14:35.267+0800] GC(104) Metaspace: 305K(512K)->305K(512K) NonClass: 297K(384K)->297K(384K) Class: 7K(128K)->7K(128K)
[2024-08-23T17:14:35.267+0800] GC(104) Pause Young (Allocation Failure) 496M->352M(747M) 5.493ms
[2024-08-23T17:14:35.267+0800] GC(104) User=0.00s Sys=0.00s Real=0.01s
[2024-08-23T17:14:36.576+0800] GC(105) Pause Young (Allocation Failure)
[2024-08-23T17:14:36.577+0800] GC(105) PSYoungGen: 229269K(253952K)->25600K(277504K) Eden: 178069K(202240K)->0K(201728K) From: 51200K(51712K)->25600K(75776K)
[2024-08-23T17:14:36.577+0800] GC(105) ParOldGen: 310017K(510976K)->310017K(510976K)
[2024-08-23T17:14:36.577+0800] GC(105) Metaspace: 305K(512K)->305K(512K) NonClass: 297K(384K)->297K(384K) Class: 7K(128K)->7K(128K)
[2024-08-23T17:14:36.577+0800] GC(105) Pause Young (Allocation Failure) 526M->327M(770M) 2.277ms
[2024-08-23T17:14:36.577+0800] GC(105) User=0.00s Sys=0.00s Real=0.00s
[2024-08-23T17:14:37.773+0800] GC(106) Pause Young (Allocation Failure)
[2024-08-23T17:14:37.781+0800] GC(106) PSYoungGen: 224143K(277504K)->15360K(273408K) Eden: 198543K(201728K)->0K(201728K) From: 25600K(75776K)->15360K(71680K)
[2024-08-23T17:14:37.781+0800] GC(106) ParOldGen: 310017K(510976K)->417537K(510976K)
[2024-08-23T17:14:37.781+0800] GC(106) Metaspace: 305K(512K)->305K(512K) NonClass: 297K(384K)->297K(384K) Class: 7K(128K)->7K(128K)
[2024-08-23T17:14:37.781+0800] GC(106) Pause Young (Allocation Failure) 521M->422M(766M) 9.239ms
[2024-08-23T17:14:37.781+0800] GC(106) User=0.00s Sys=0.00s Real=0.01s
[2024-08-23T17:14:37.781+0800] GC(107) Pause Full (Ergonomics)
[2024-08-23T17:14:37.781+0800] GC(107) Marking Phase
[2024-08-23T17:14:37.782+0800] GC(107) Marking Phase 0.767ms
[2024-08-23T17:14:37.782+0800] GC(107) Summary Phase
[2024-08-23T17:14:37.782+0800] GC(107) Summary Phase 0.015ms
[2024-08-23T17:14:37.782+0800] GC(107) Adjust Roots
[2024-08-23T17:14:37.783+0800] GC(107) Adjust Roots 0.209ms
[2024-08-23T17:14:37.783+0800] GC(107) Compaction Phase
[2024-08-23T17:14:37.794+0800] GC(107) Compaction Phase 11.658ms
[2024-08-23T17:14:37.794+0800] GC(107) Post Compact
[2024-08-23T17:14:37.795+0800] GC(107) Post Compact 1.099ms
[2024-08-23T17:14:37.795+0800] GC(107) PSYoungGen: 15360K(273408K)->0K(279552K) Eden: 0K(201728K)->0K(209920K) From: 15360K(71680K)->0K(69632K)
[2024-08-23T17:14:37.795+0800] GC(107) ParOldGen: 417537K(510976K)->174849K(530432K)
[2024-08-23T17:14:37.795+0800] GC(107) Metaspace: 305K(512K)->305K(512K) NonClass: 297K(384K)->297K(384K) Class: 7K(128K)->7K(128K)
[2024-08-23T17:14:37.795+0800] GC(107) Pause Full (Ergonomics) 422M->170M(791M) 13.989ms
[2024-08-23T17:14:37.795+0800] GC(107) User=0.00s Sys=0.00s Real=0.01s
[2024-08-23T17:14:39.213+0800] GC(108) Pause Young (Allocation Failure)
[2024-08-23T17:14:39.214+0800] GC(108) PSYoungGen: 208949K(279552K)->15360K(279552K) Eden: 208949K(209920K)->0K(209920K) From: 0K(69632K)->15360K(69632K)
[2024-08-23T17:14:39.214+0800] GC(108) ParOldGen: 174849K(530432K)->174849K(530432K)
[2024-08-23T17:14:39.214+0800] GC(108) Metaspace: 305K(512K)->305K(512K) NonClass: 297K(384K)->297K(384K) Class: 7K(128K)->7K(128K)
[2024-08-23T17:14:39.214+0800] GC(108) Pause Young (Allocation Failure) 374M->185M(791M) 1.378ms
[2024-08-23T17:14:39.214+0800] GC(108) User=0.00s Sys=0.00s Real=0.00s
[2024-08-23T17:14:40.305+0800] GC(109) Pause Young (Allocation Failure)
[2024-08-23T17:14:40.306+0800] GC(109) PSYoungGen: 224297K(279552K)->6144K(282624K) Eden: 208937K(209920K)->0K(215552K) From: 15360K(69632K)->6144K(67072K)
[2024-08-23T17:14:40.306+0800] GC(109) ParOldGen: 174849K(530432K)->179969K(530432K)
[2024-08-23T17:14:40.306+0800] GC(109) Metaspace: 305K(512K)->305K(512K) NonClass: 297K(384K)->297K(384K) Class: 7K(128K)->7K(128K)
[2024-08-23T17:14:40.306+0800] GC(109) Pause Young (Allocation Failure) 389M->181M(794M) 1.131ms
[2024-08-23T17:14:40.306+0800] GC(109) User=0.00s Sys=0.00s Real=0.00s
[2024-08-23T17:14:41.393+0800] GC(110) Pause Young (Allocation Failure)
[2024-08-23T17:14:41.394+0800] GC(110) PSYoungGen: 220312K(282624K)->20480K(282112K) Eden: 214167K(215552K)->0K(215552K) From: 6144K(67072K)->20480K(66560K)
[2024-08-23T17:14:41.394+0800] GC(110) ParOldGen: 179969K(530432K)->180993K(530432K)
[2024-08-23T17:14:41.394+0800] GC(110) Metaspace: 305K(512K)->305K(512K) NonClass: 297K(384K)->297K(384K) Class: 7K(128K)->7K(128K)
[2024-08-23T17:14:41.394+0800] GC(110) Pause Young (Allocation Failure) 390M->196M(793M) 1.684ms
[2024-08-23T17:14:41.394+0800] GC(110) User=0.00s Sys=0.00s Real=0.00s
[2024-08-23T17:14:43.792+0800] GC(111) Pause Young (Allocation Failure)
[2024-08-23T17:14:43.798+0800] GC(111) PSYoungGen: 193694K(282112K)->56320K(269312K) Eden: 173214K(215552K)->0K(206848K) From: 20480K(66560K)->56320K(62464K)
[2024-08-23T17:14:43.798+0800] GC(111) ParOldGen: 180993K(530432K)->201473K(530432K)
[2024-08-23T17:14:43.798+0800] GC(111) Metaspace: 305K(512K)->305K(512K) NonClass: 297K(384K)->297K(384K) Class: 7K(128K)->7K(128K)
[2024-08-23T17:14:43.798+0800] GC(111) Pause Young (Allocation Failure) 365M->251M(781M) 5.546ms
[2024-08-23T17:14:43.798+0800] GC(111) User=0.00s Sys=0.00s Real=0.01s
[2024-08-23T17:14:45.124+0800] GC(112) Pause Young (Allocation Failure)
[2024-08-23T17:14:45.126+0800] GC(112) PSYoungGen: 234483K(269312K)->25600K(278016K) Eden: 178163K(206848K)->0K(206848K) From: 56320K(62464K)->25600K(71168K)
[2024-08-23T17:14:45.126+0800] GC(112) ParOldGen: 201473K(530432K)->206593K(530432K)
[2024-08-23T17:14:45.126+0800] GC(112) Metaspace: 305K(512K)->305K(512K) NonClass: 297K(384K)->297K(384K) Class: 7K(128K)->7K(128K)
[2024-08-23T17:14:45.126+0800] GC(112) Pause Young (Allocation Failure) 425M->226M(789M) 2.808ms
[2024-08-23T17:14:45.126+0800] GC(112) User=0.00s Sys=0.00s Real=0.00s
[2024-08-23T17:14:46.542+0800] GC(113) Pause Young (Allocation Failure)
[2024-08-23T17:14:46.543+0800] GC(113) PSYoungGen: 203749K(278016K)->5120K(282624K) Eden: 178149K(206848K)->0K(216064K) From: 25600K(71168K)->5120K(66560K)
[2024-08-23T17:14:46.543+0800] GC(113) ParOldGen: 206593K(530432K)->206593K(530432K)
[2024-08-23T17:14:46.543+0800] GC(113) Metaspace: 305K(512K)->305K(512K) NonClass: 297K(384K)->297K(384K) Class: 7K(128K)->7K(128K)
[2024-08-23T17:14:46.543+0800] GC(113) Pause Young (Allocation Failure) 400M->206M(794M) 0.943ms
[2024-08-23T17:14:46.543+0800] GC(113) User=0.00s Sys=0.00s Real=0.00s
[2024-08-23T17:14:47.851+0800] GC(114) Pause Young (Allocation Failure)
[2024-08-23T17:14:47.860+0800] GC(114) PSYoungGen: 214178K(282624K)->15360K(282624K) Eden: 209058K(216064K)->0K(216064K) From: 5120K(66560K)->15360K(66560K)
[2024-08-23T17:14:47.860+0800] GC(114) ParOldGen: 206593K(530432K)->308993K(530432K)
[2024-08-23T17:14:47.860+0800] GC(114) Metaspace: 305K(512K)->305K(512K) NonClass: 297K(384K)->297K(384K) Class: 7K(128K)->7K(128K)
[2024-08-23T17:14:47.860+0800] GC(114) Pause Young (Allocation Failure) 410M->316M(794M) 8.617ms
[2024-08-23T17:14:47.860+0800] GC(114) User=0.02s Sys=0.00s Real=0.01s
[2024-08-23T17:14:49.068+0800] GC(115) Pause Young (Allocation Failure)
[2024-08-23T17:14:49.069+0800] GC(115) PSYoungGen: 224424K(282624K)->11264K(287232K) Eden: 209064K(216064K)->0K(223232K) From: 15360K(66560K)->11264K(64000K)
[2024-08-23T17:14:49.069+0800] GC(115) ParOldGen: 308993K(530432K)->314113K(530432K)
[2024-08-23T17:14:49.069+0800] GC(115) Metaspace: 305K(512K)->305K(512K) NonClass: 297K(384K)->297K(384K) Class: 7K(128K)->7K(128K)
[2024-08-23T17:14:49.069+0800] GC(115) Pause Young (Allocation Failure) 520M->317M(798M) 1.228ms
[2024-08-23T17:14:49.069+0800] GC(115) User=0.00s Sys=0.00s Real=0.00s
[2024-08-23T17:14:50.596+0800] GC(116) Pause Young (Allocation Failure)
[2024-08-23T17:14:50.596+0800] GC(116) PSYoungGen: 225593K(287232K)->20480K(285184K) Eden: 214329K(223232K)->0K(223232K) From: 11264K(64000K)->20480K(61952K)
[2024-08-23T17:14:50.596+0800] GC(116) ParOldGen: 314113K(530432K)->314113K(530432K)
[2024-08-23T17:14:50.596+0800] GC(116) Metaspace: 305K(512K)->305K(512K) NonClass: 297K(384K)->297K(384K) Class: 7K(128K)->7K(128K)
[2024-08-23T17:14:50.596+0800] GC(116) Pause Young (Allocation Failure) 527M->326M(796M) 1.454ms
[2024-08-23T17:14:50.596+0800] GC(116) User=0.00s Sys=0.00s Real=0.00s
[2024-08-23T17:14:51.903+0800] GC(117) Pause Young (Allocation Failure)
[2024-08-23T17:14:51.905+0800] GC(117) PSYoungGen: 239931K(285184K)->10240K(292352K) Eden: 219451K(223232K)->0K(233984K) From: 20480K(61952K)->10240K(58368K)
[2024-08-23T17:14:51.905+0800] GC(117) ParOldGen: 314113K(530432K)->324353K(530432K)
[2024-08-23T17:14:51.905+0800] GC(117) Metaspace: 305K(512K)->305K(512K) NonClass: 297K(384K)->297K(384K) Class: 7K(128K)->7K(128K)
[2024-08-23T17:14:51.905+0800] GC(117) Pause Young (Allocation Failure) 541M->326M(803M) 1.684ms
[2024-08-23T17:14:51.905+0800] GC(117) User=0.00s Sys=0.00s Real=0.00s
[2024-08-23T17:14:53.329+0800] GC(118) Pause Young (Allocation Failure)
[2024-08-23T17:14:53.330+0800] GC(118) PSYoungGen: 240146K(292352K)->20480K(290816K) Eden: 229906K(233984K)->0K(233984K) From: 10240K(58368K)->20480K(56832K)
[2024-08-23T17:14:53.330+0800] GC(118) ParOldGen: 324353K(530432K)->329473K(530432K)
[2024-08-23T17:14:53.330+0800] GC(118) Metaspace: 305K(512K)->305K(512K) NonClass: 297K(384K)->297K(384K) Class: 7K(128K)->7K(128K)
[2024-08-23T17:14:53.330+0800] GC(118) Pause Young (Allocation Failure) 551M->341M(802M) 2.045ms
[2024-08-23T17:14:53.330+0800] GC(118) User=0.00s Sys=0.00s Real=0.00s
[2024-08-23T17:14:55.185+0800] GC(119) Pause Young (Allocation Failure)
[2024-08-23T17:14:55.190+0800] GC(119) PSYoungGen: 183826K(290816K)->51200K(279552K) Eden: 163346K(233984K)->0K(226304K) From: 20480K(56832K)->51200K(53248K)
[2024-08-23T17:14:55.190+0800] GC(119) ParOldGen: 329473K(530432K)->385793K(530432K)
[2024-08-23T17:14:55.190+0800] GC(119) Metaspace: 305K(512K)->305K(512K) NonClass: 297K(384K)->297K(384K) Class: 7K(128K)->7K(128K)
[2024-08-23T17:14:55.190+0800] GC(119) Pause Young (Allocation Failure) 501M->426M(791M) 5.285ms
[2024-08-23T17:14:55.190+0800] GC(119) User=0.00s Sys=0.00s Real=0.01s
[2024-08-23T17:14:56.509+0800] GC(120) Pause Young (Allocation Failure)
[2024-08-23T17:14:56.511+0800] GC(120) PSYoungGen: 229747K(279552K)->25600K(287744K) Eden: 178547K(226304K)->0K(226304K) From: 51200K(53248K)->25600K(61440K)
[2024-08-23T17:14:56.511+0800] GC(120) ParOldGen: 385793K(530432K)->385793K(530432K)
[2024-08-23T17:14:56.511+0800] GC(120) Metaspace: 305K(512K)->305K(512K) NonClass: 297K(384K)->297K(384K) Class: 7K(128K)->7K(128K)
[2024-08-23T17:14:56.511+0800] GC(120) Pause Young (Allocation Failure) 601M->401M(799M) 2.360ms
[2024-08-23T17:14:56.511+0800] GC(120) User=0.00s Sys=0.00s Real=0.00s
[2024-08-23T17:14:58.036+0800] GC(121) Pause Young (Allocation Failure)
[2024-08-23T17:14:58.037+0800] GC(121) PSYoungGen: 209248K(287744K)->5120K(291328K) Eden: 183648K(226304K)->0K(232960K) From: 25600K(61440K)->5120K(58368K)
[2024-08-23T17:14:58.037+0800] GC(121) ParOldGen: 385793K(530432K)->385793K(530432K)
[2024-08-23T17:14:58.037+0800] GC(121) Metaspace: 305K(512K)->305K(512K) NonClass: 297K(384K)->297K(384K) Class: 7K(128K)->7K(128K)
[2024-08-23T17:14:58.037+0800] GC(121) Pause Young (Allocation Failure) 581M->381M(802M) 0.853ms
[2024-08-23T17:14:58.037+0800] GC(121) User=0.00s Sys=0.00s Real=0.00s
[2024-08-23T17:14:59.457+0800] GC(122) Pause Young (Allocation Failure)
[2024-08-23T17:14:59.461+0800] GC(122) PSYoungGen: 234986K(291328K)->57344K(285184K) Eden: 229866K(232960K)->0K(227328K) From: 5120K(58368K)->57344K(57856K)
[2024-08-23T17:14:59.461+0800] GC(122) ParOldGen: 385793K(530432K)->385793K(530432K)
[2024-08-23T17:14:59.461+0800] GC(122) Metaspace: 305K(512K)->305K(512K) NonClass: 297K(384K)->297K(384K) Class: 7K(128K)->7K(128K)
[2024-08-23T17:14:59.461+0800] GC(122) Pause Young (Allocation Failure) 606M->432M(796M) 4.885ms
[2024-08-23T17:14:59.461+0800] GC(122) User=0.00s Sys=0.00s Real=0.00s
[2024-08-23T17:15:00.780+0800] GC(123) Pause Young (Allocation Failure)
[2024-08-23T17:15:00.783+0800] GC(123) PSYoungGen: 235906K(285184K)->31744K(276480K) Eden: 178562K(227328K)->0K(218112K) From: 57344K(57856K)->31744K(58368K)
[2024-08-23T17:15:00.783+0800] GC(123) ParOldGen: 385793K(530432K)->391937K(530432K)
[2024-08-23T17:15:00.783+0800] GC(123) Metaspace: 305K(512K)->305K(512K) NonClass: 297K(384K)->297K(384K) Class: 7K(128K)->7K(128K)
[2024-08-23T17:15:00.783+0800] GC(123) Pause Young (Allocation Failure) 607M->413M(788M) 2.933ms
[2024-08-23T17:15:00.783+0800] GC(123) User=0.00s Sys=0.00s Real=0.00s
[2024-08-23T17:15:02.194+0800] GC(124) Pause Young (Allocation Failure)
[2024-08-23T17:15:02.196+0800] GC(124) PSYoungGen: 235725K(276480K)->30720K(283648K) Eden: 203981K(218112K)->0K(218112K) From: 31744K(58368K)->30720K(65536K)
[2024-08-23T17:15:02.196+0800] GC(124) ParOldGen: 391937K(530432K)->391937K(530432K)
[2024-08-23T17:15:02.196+0800] GC(124) Metaspace: 305K(512K)->305K(512K) NonClass: 297K(384K)->297K(384K) Class: 7K(128K)->7K(128K)
[2024-08-23T17:15:02.196+0800] GC(124) Pause Young (Allocation Failure) 612M->412M(795M) 2.312ms
[2024-08-23T17:15:02.196+0800] GC(124) User=0.00s Sys=0.00s Real=0.00s
[2024-08-23T17:15:03.499+0800] GC(125) Pause Young (Allocation Failure)
[2024-08-23T17:15:03.500+0800] GC(125) PSYoungGen: 239826K(283648K)->15360K(287744K) Eden: 209106K(218112K)->0K(224256K) From: 30720K(65536K)->15360K(63488K)
[2024-08-23T17:15:03.500+0800] GC(125) ParOldGen: 391937K(530432K)->402177K(530432K)
[2024-08-23T17:15:03.500+0800] GC(125) Metaspace: 305K(512K)->305K(512K) NonClass: 297K(384K)->297K(384K) Class: 7K(128K)->7K(128K)
[2024-08-23T17:15:03.500+0800] GC(125) Pause Young (Allocation Failure) 616M->407M(799M) 1.929ms
[2024-08-23T17:15:03.500+0800] GC(125) User=0.00s Sys=0.00s Real=0.00s
[2024-08-23T17:15:04.811+0800] GC(126) Pause Young (Allocation Failure)
[2024-08-23T17:15:04.814+0800] GC(126) PSYoungGen: 234830K(287744K)->35840K(285696K) Eden: 219470K(224256K)->0K(224256K) From: 15360K(63488K)->35840K(61440K)
[2024-08-23T17:15:04.814+0800] GC(126) ParOldGen: 402177K(530432K)->407297K(530432K)
[2024-08-23T17:15:04.814+0800] GC(126) Metaspace: 305K(512K)->305K(512K) NonClass: 297K(384K)->297K(384K) Class: 7K(128K)->7K(128K)
[2024-08-23T17:15:04.814+0800] GC(126) Pause Young (Allocation Failure) 622M->432M(797M) 3.061ms
[2024-08-23T17:15:04.814+0800] GC(126) User=0.00s Sys=0.00s Real=0.00s
[2024-08-23T17:15:06.562+0800] GC(127) Pause Young (Allocation Failure)
[2024-08-23T17:15:06.566+0800] GC(127) PSYoungGen: 234832K(285696K)->56320K(272896K) Eden: 198992K(224256K)->0K(210944K) From: 35840K(61440K)->56320K(61952K)
[2024-08-23T17:15:06.566+0800] GC(127) ParOldGen: 407297K(530432K)->407297K(530432K)
[2024-08-23T17:15:06.567+0800] GC(127) Metaspace: 305K(512K)->305K(512K) NonClass: 297K(384K)->297K(384K) Class: 7K(128K)->7K(128K)
[2024-08-23T17:15:06.567+0800] GC(127) Pause Young (Allocation Failure) 627M->452M(784M) 4.851ms
[2024-08-23T17:15:06.567+0800] GC(127) User=0.00s Sys=0.00s Real=0.00s
[2024-08-23T17:15:07.875+0800] GC(128) Pause Young (Allocation Failure)
[2024-08-23T17:15:07.897+0800] GC(128) PSYoungGen: 234569K(272896K)->25632K(280064K) Eden: 178249K(210944K)->0K(210944K) From: 56320K(61952K)->25632K(69120K)
[2024-08-23T17:15:07.897+0800] GC(128) ParOldGen: 407297K(530432K)->514817K(530432K)
[2024-08-23T17:15:07.897+0800] GC(128) Metaspace: 305K(512K)->305K(512K) NonClass: 297K(384K)->297K(384K) Class: 7K(128K)->7K(128K)
[2024-08-23T17:15:07.897+0800] GC(128) Pause Young (Allocation Failure) 626M->527M(791M) 22.842ms
[2024-08-23T17:15:07.897+0800] GC(128) User=0.00s Sys=0.02s Real=0.02s
[2024-08-23T17:15:07.897+0800] GC(129) Pause Full (Ergonomics)
[2024-08-23T17:15:07.897+0800] GC(129) Marking Phase
[2024-08-23T17:15:07.899+0800] GC(129) Marking Phase 0.780ms
[2024-08-23T17:15:07.899+0800] GC(129) Summary Phase
[2024-08-23T17:15:07.899+0800] GC(129) Summary Phase 0.018ms
[2024-08-23T17:15:07.899+0800] GC(129) Adjust Roots
[2024-08-23T17:15:07.899+0800] GC(129) Adjust Roots 0.229ms
[2024-08-23T17:15:07.899+0800] GC(129) Compaction Phase
[2024-08-23T17:15:07.907+0800] GC(129) Compaction Phase 8.298ms
[2024-08-23T17:15:07.907+0800] GC(129) Post Compact
[2024-08-23T17:15:07.908+0800] GC(129) Post Compact 0.728ms
[2024-08-23T17:15:07.911+0800] GC(129) PSYoungGen: 25632K(280064K)->0K(283136K) Eden: 0K(210944K)->0K(217088K) From: 25632K(69120K)->0K(66048K)
[2024-08-23T17:15:07.911+0800] GC(129) ParOldGen: 514817K(530432K)->133889K(462336K)
[2024-08-23T17:15:07.911+0800] GC(129) Metaspace: 305K(512K)->305K(512K) NonClass: 297K(384K)->297K(384K) Class: 7K(128K)->7K(128K)
[2024-08-23T17:15:07.911+0800] GC(129) Pause Full (Ergonomics) 527M->130M(728M) 12.951ms
[2024-08-23T17:15:07.911+0800] GC(129) User=0.00s Sys=0.00s Real=0.01s
[2024-08-23T17:15:10.309+0800] GC(130) Pause Young (Allocation Failure)
[2024-08-23T17:15:10.309+0800] GC(130) PSYoungGen: 214193K(283136K)->6144K(283136K) Eden: 214193K(217088K)->0K(217088K) From: 0K(66048K)->6144K(66048K)
[2024-08-23T17:15:10.309+0800] GC(130) ParOldGen: 133889K(462336K)->133889K(462336K)
[2024-08-23T17:15:10.309+0800] GC(130) Metaspace: 305K(512K)->305K(512K) NonClass: 297K(384K)->297K(384K) Class: 7K(128K)->7K(128K)
[2024-08-23T17:15:10.309+0800] GC(130) Pause Young (Allocation Failure) 339M->136M(728M) 0.797ms
[2024-08-23T17:15:10.309+0800] GC(130) User=0.00s Sys=0.00s Real=0.00s
[2024-08-23T17:15:11.400+0800] GC(131) Pause Young (Allocation Failure)
[2024-08-23T17:15:11.401+0800] GC(131) PSYoungGen: 220330K(283136K)->20480K(285696K) Eden: 214186K(217088K)->0K(219648K) From: 6144K(66048K)->20480K(66048K)
[2024-08-23T17:15:11.401+0800] GC(131) ParOldGen: 133889K(462336K)->134913K(462336K)
[2024-08-23T17:15:11.401+0800] GC(131) Metaspace: 305K(512K)->305K(512K) NonClass: 297K(384K)->297K(384K) Class: 7K(128K)->7K(128K)
[2024-08-23T17:15:11.401+0800] GC(131) Pause Young (Allocation Failure) 345M->151M(730M) 1.706ms
[2024-08-23T17:15:11.401+0800] GC(131) User=0.00s Sys=0.00s Real=0.00s
[2024-08-23T17:15:12.602+0800] GC(132) Pause Young (Allocation Failure)
[2024-08-23T17:15:12.603+0800] GC(132) PSYoungGen: 239862K(285696K)->11264K(283136K) Eden: 219382K(219648K)->0K(219648K) From: 20480K(66048K)->11264K(63488K)
[2024-08-23T17:15:12.604+0800] GC(132) ParOldGen: 134913K(462336K)->150273K(462336K)
[2024-08-23T17:15:12.604+0800] GC(132) Metaspace: 305K(512K)->305K(512K) NonClass: 297K(384K)->297K(384K) Class: 7K(128K)->7K(128K)
[2024-08-23T17:15:12.604+0800] GC(132) Pause Young (Allocation Failure) 365M->157M(728M) 1.862ms
[2024-08-23T17:15:12.604+0800] GC(132) User=0.00s Sys=0.00s Real=0.00s
[2024-08-23T17:15:14.456+0800] GC(133) Pause Young (Allocation Failure)
[2024-08-23T17:15:14.458+0800] GC(133) PSYoungGen: 230648K(283136K)->30720K(288256K) Eden: 219384K(219648K)->0K(225792K) From: 11264K(63488K)->30720K(62464K)
[2024-08-23T17:15:14.458+0800] GC(133) ParOldGen: 150273K(462336K)->150273K(462336K)
[2024-08-23T17:15:14.458+0800] GC(133) Metaspace: 305K(512K)->305K(512K) NonClass: 297K(384K)->297K(384K) Class: 7K(128K)->7K(128K)
[2024-08-23T17:15:14.458+0800] GC(133) Pause Young (Allocation Failure) 371M->176M(733M) 2.679ms
[2024-08-23T17:15:14.458+0800] GC(133) User=0.00s Sys=0.00s Real=0.00s
[2024-08-23T17:15:15.764+0800] GC(134) Pause Young (Allocation Failure)
[2024-08-23T17:15:15.770+0800] GC(134) PSYoungGen: 255346K(288256K)->56320K(276992K) Eden: 224626K(225792K)->0K(220160K) From: 30720K(62464K)->56320K(56832K)
[2024-08-23T17:15:15.770+0800] GC(134) ParOldGen: 150273K(462336K)->175873K(462336K)
[2024-08-23T17:15:15.770+0800] GC(134) Metaspace: 305K(512K)->305K(512K) NonClass: 297K(384K)->297K(384K) Class: 7K(128K)->7K(128K)
[2024-08-23T17:15:15.770+0800] GC(134) Pause Young (Allocation Failure) 396M->226M(722M) 5.969ms
[2024-08-23T17:15:15.770+0800] GC(134) User=0.00s Sys=0.00s Real=0.01s
[2024-08-23T17:15:17.292+0800] GC(135) Pause Young (Allocation Failure)
[2024-08-23T17:15:17.293+0800] GC(135) PSYoungGen: 275715K(276992K)->5120K(278528K) Eden: 219395K(220160K)->0K(211968K) From: 56320K(56832K)->5120K(66560K)
[2024-08-23T17:15:17.293+0800] GC(135) ParOldGen: 175873K(462336K)->175873K(462336K)
[2024-08-23T17:15:17.293+0800] GC(135) Metaspace: 305K(512K)->305K(512K) NonClass: 298K(384K)->298K(384K) Class: 7K(128K)->7K(128K)
[2024-08-23T17:15:17.293+0800] GC(135) Pause Young (Allocation Failure) 441M->176M(723M) 0.867ms
[2024-08-23T17:15:17.293+0800] GC(135) User=0.00s Sys=0.00s Real=0.00s
[2024-08-23T17:15:18.269+0800] GC(136) Pause Young (Allocation Failure)
[2024-08-23T17:15:18.269+0800] GC(136) PSYoungGen: 214114K(278528K)->7168K(280576K) Eden: 208994K(211968K)->0K(211968K) From: 5120K(66560K)->7168K(68608K)
[2024-08-23T17:15:18.270+0800] GC(136) ParOldGen: 175873K(462336K)->175873K(462336K)
[2024-08-23T17:15:18.270+0800] GC(136) Metaspace: 305K(512K)->305K(512K) NonClass: 298K(384K)->298K(384K) Class: 7K(128K)->7K(128K)
[2024-08-23T17:15:18.270+0800] GC(136) Pause Young (Allocation Failure) 380M->178M(725M) 0.888ms
[2024-08-23T17:15:18.270+0800] GC(136) User=0.00s Sys=0.00s Real=0.00s
[2024-08-23T17:15:19.364+0800] GC(137) Pause Young (Allocation Failure)
[2024-08-23T17:15:19.368+0800] GC(137) PSYoungGen: 134228K(280576K)->56320K(266240K) Eden: 127060K(211968K)->0K(198656K) From: 7168K(68608K)->56320K(67584K)
[2024-08-23T17:15:19.368+0800] GC(137) ParOldGen: 175873K(462336K)->182017K(462336K)
[2024-08-23T17:15:19.368+0800] GC(137) Metaspace: 305K(512K)->305K(512K) NonClass: 298K(384K)->298K(384K) Class: 7K(128K)->7K(128K)
[2024-08-23T17:15:19.368+0800] GC(137) Pause Young (Allocation Failure) 302M->232M(711M) 4.913ms
[2024-08-23T17:15:19.368+0800] GC(137) User=0.00s Sys=0.00s Real=0.00s
[2024-08-23T17:15:21.992+0800] GC(138) Pause Young (Allocation Failure)
[2024-08-23T17:15:21.993+0800] GC(138) PSYoungGen: 254793K(266240K)->25600K(273920K) Eden: 198473K(198656K)->0K(198656K) From: 56320K(67584K)->25600K(75264K)
[2024-08-23T17:15:21.993+0800] GC(138) ParOldGen: 182017K(462336K)->182017K(462336K)
[2024-08-23T17:15:21.993+0800] GC(138) Metaspace: 305K(512K)->305K(512K) NonClass: 298K(384K)->298K(384K) Class: 7K(128K)->7K(128K)
[2024-08-23T17:15:21.993+0800] GC(138) Pause Young (Allocation Failure) 426M->202M(719M) 1.772ms
[2024-08-23T17:15:21.993+0800] GC(138) User=0.00s Sys=0.00s Real=0.00s
[2024-08-23T17:15:22.972+0800] GC(139) Pause Young (Allocation Failure)
[2024-08-23T17:15:22.974+0800] GC(139) PSYoungGen: 224067K(273920K)->10240K(280064K) Eden: 198467K(198656K)->0K(209408K) From: 25600K(75264K)->10240K(70656K)
[2024-08-23T17:15:22.974+0800] GC(139) ParOldGen: 182017K(462336K)->197377K(462336K)
[2024-08-23T17:15:22.974+0800] GC(139) Metaspace: 305K(512K)->305K(512K) NonClass: 298K(384K)->298K(384K) Class: 7K(128K)->7K(128K)
[2024-08-23T17:15:22.974+0800] GC(139) Pause Young (Allocation Failure) 396M->202M(725M) 2.076ms
[2024-08-23T17:15:22.974+0800] GC(139) User=0.00s Sys=0.00s Real=0.00s
[2024-08-23T17:15:23.954+0800] GC(140) Pause Young (Allocation Failure)
[2024-08-23T17:15:23.956+0800] GC(140) PSYoungGen: 219176K(280064K)->21504K(278528K) Eden: 208936K(209408K)->0K(209408K) From: 10240K(70656K)->21504K(69120K)
[2024-08-23T17:15:23.956+0800] GC(140) ParOldGen: 197377K(462336K)->202497K(462336K)
[2024-08-23T17:15:23.956+0800] GC(140) Metaspace: 305K(512K)->305K(512K) NonClass: 298K(384K)->298K(384K) Class: 7K(128K)->7K(128K)
[2024-08-23T17:15:23.956+0800] GC(140) Pause Young (Allocation Failure) 406M->218M(723M) 2.509ms
[2024-08-23T17:15:23.956+0800] GC(140) User=0.00s Sys=0.00s Real=0.00s
[2024-08-23T17:15:25.706+0800] GC(141) Pause Young (Allocation Failure)
[2024-08-23T17:15:25.710+0800] GC(141) PSYoungGen: 230444K(278528K)->56320K(268288K) Eden: 208940K(209408K)->0K(202752K) From: 21504K(69120K)->56320K(65536K)
[2024-08-23T17:15:25.710+0800] GC(141) ParOldGen: 202497K(462336K)->202497K(462336K)
[2024-08-23T17:15:25.710+0800] GC(141) Metaspace: 305K(512K)->305K(512K) NonClass: 298K(384K)->298K(384K) Class: 7K(128K)->7K(128K)
[2024-08-23T17:15:25.710+0800] GC(141) Pause Young (Allocation Failure) 422M->252M(713M) 4.479ms
[2024-08-23T17:15:25.710+0800] GC(141) User=0.00s Sys=0.00s Real=0.00s
[2024-08-23T17:15:27.778+0800] GC(142) Pause Young (Allocation Failure)
[2024-08-23T17:15:27.783+0800] GC(142) PSYoungGen: 239530K(268288K)->30720K(275968K) Eden: 183210K(202752K)->0K(202752K) From: 56320K(65536K)->30720K(73216K)
[2024-08-23T17:15:27.783+0800] GC(142) ParOldGen: 304897K(462336K)->356097K(462336K)
[2024-08-23T17:15:27.783+0800] GC(142) Metaspace: 305K(512K)->305K(512K) NonClass: 298K(384K)->298K(384K) Class: 7K(128K)->7K(128K)
[2024-08-23T17:15:27.783+0800] GC(142) Pause Young (Allocation Failure) 531M->377M(721M) 5.664ms
[2024-08-23T17:15:27.783+0800] GC(142) User=0.00s Sys=0.00s Real=0.00s
[2024-08-23T17:15:29.087+0800] GC(143) Pause Young (Allocation Failure)
[2024-08-23T17:15:29.089+0800] GC(143) PSYoungGen: 219066K(275968K)->15360K(281600K) Eden: 188346K(202752K)->0K(211968K) From: 30720K(73216K)->15360K(69632K)
[2024-08-23T17:15:29.089+0800] GC(143) ParOldGen: 356097K(462336K)->356097K(462336K)
[2024-08-23T17:15:29.089+0800] GC(143) Metaspace: 305K(512K)->305K(512K) NonClass: 298K(384K)->298K(384K) Class: 7K(128K)->7K(128K)
[2024-08-23T17:15:29.089+0800] GC(143) Pause Young (Allocation Failure) 561M->362M(726M) 1.557ms
[2024-08-23T17:15:29.089+0800] GC(143) User=0.00s Sys=0.00s Real=0.00s
[2024-08-23T17:15:30.287+0800] GC(144) Pause Young (Allocation Failure)
[2024-08-23T17:15:30.287+0800] GC(144) PSYoungGen: 224364K(281600K)->6144K(279552K) Eden: 209004K(211968K)->0K(211968K) From: 15360K(69632K)->6144K(67584K)
[2024-08-23T17:15:30.287+0800] GC(144) ParOldGen: 356097K(462336K)->361217K(462336K)
[2024-08-23T17:15:30.287+0800] GC(144) Metaspace: 305K(512K)->305K(512K) NonClass: 298K(384K)->298K(384K) Class: 7K(128K)->7K(128K)
[2024-08-23T17:15:30.287+0800] GC(144) Pause Young (Allocation Failure) 566M->358M(724M) 1.194ms
[2024-08-23T17:15:30.287+0800] GC(144) User=0.00s Sys=0.00s Real=0.00s
[2024-08-23T17:15:31.267+0800] GC(145) Pause Young (Allocation Failure)
[2024-08-23T17:15:31.269+0800] GC(145) PSYoungGen: 215138K(279552K)->20480K(285184K) Eden: 208994K(211968K)->0K(218112K) From: 6144K(67584K)->20480K(67072K)
[2024-08-23T17:15:31.269+0800] GC(145) ParOldGen: 361217K(462336K)->362241K(462336K)
[2024-08-23T17:15:31.269+0800] GC(145) Metaspace: 305K(512K)->305K(512K) NonClass: 298K(384K)->298K(384K) Class: 7K(128K)->7K(128K)
[2024-08-23T17:15:31.269+0800] GC(145) Pause Young (Allocation Failure) 562M->373M(730M) 1.887ms
[2024-08-23T17:15:31.269+0800] GC(145) User=0.00s Sys=0.00s Real=0.00s
[2024-08-23T17:15:33.561+0800] GC(146) Pause Young (Allocation Failure)
[2024-08-23T17:15:33.566+0800] GC(146) PSYoungGen: 188636K(285184K)->25600K(282112K) Eden: 168156K(218112K)->0K(218112K) From: 20480K(67072K)->25600K(64000K)
[2024-08-23T17:15:33.566+0800] GC(146) ParOldGen: 362241K(462336K)->413441K(462336K)
[2024-08-23T17:15:33.566+0800] GC(146) Metaspace: 305K(512K)->305K(512K) NonClass: 298K(384K)->298K(384K) Class: 7K(128K)->7K(128K)
[2024-08-23T17:15:33.566+0800] GC(146) Pause Young (Allocation Failure) 537M->428M(727M) 5.450ms
[2024-08-23T17:15:33.566+0800] GC(146) User=0.00s Sys=0.00s Real=0.00s
[2024-08-23T17:15:33.566+0800] GC(147) Pause Full (Ergonomics)
[2024-08-23T17:15:33.566+0800] GC(147) Marking Phase
[2024-08-23T17:15:33.567+0800] GC(147) Marking Phase 0.764ms
[2024-08-23T17:15:33.567+0800] GC(147) Summary Phase
[2024-08-23T17:15:33.567+0800] GC(147) Summary Phase 0.015ms
[2024-08-23T17:15:33.567+0800] GC(147) Adjust Roots
[2024-08-23T17:15:33.567+0800] GC(147) Adjust Roots 0.213ms
[2024-08-23T17:15:33.567+0800] GC(147) Compaction Phase
[2024-08-23T17:15:33.573+0800] GC(147) Compaction Phase 5.099ms
[2024-08-23T17:15:33.573+0800] GC(147) Post Compact
[2024-08-23T17:15:33.573+0800] GC(147) Post Compact 0.544ms
[2024-08-23T17:15:33.578+0800] GC(147) PSYoungGen: 25600K(282112K)->0K(288768K) Eden: 0K(218112K)->0K(228352K) From: 25600K(64000K)->0K(60416K)
[2024-08-23T17:15:33.578+0800] GC(147) ParOldGen: 413441K(462336K)->77824K(369664K)
[2024-08-23T17:15:33.578+0800] GC(147) Metaspace: 305K(512K)->305K(512K) NonClass: 298K(384K)->298K(384K) Class: 7K(128K)->7K(128K)
[2024-08-23T17:15:33.578+0800] GC(147) Pause Full (Ergonomics) 428M->76M(643M) 11.559ms
[2024-08-23T17:15:33.578+0800] GC(147) User=0.02s Sys=0.00s Real=0.01s
[2024-08-23T17:15:34.889+0800] GC(148) Pause Young (Allocation Failure)
[2024-08-23T17:15:34.890+0800] GC(148) PSYoungGen: 178594K(288768K)->25600K(288768K) Eden: 178594K(228352K)->0K(228352K) From: 0K(60416K)->25600K(60416K)
[2024-08-23T17:15:34.890+0800] GC(148) ParOldGen: 77824K(369664K)->77824K(369664K)
[2024-08-23T17:15:34.890+0800] GC(148) Metaspace: 305K(512K)->305K(512K) NonClass: 298K(384K)->298K(384K) Class: 7K(128K)->7K(128K)
[2024-08-23T17:15:34.890+0800] GC(148) Pause Young (Allocation Failure) 250M->101M(643M) 2.146ms
[2024-08-23T17:15:34.890+0800] GC(148) User=0.00s Sys=0.00s Real=0.00s
[2024-08-23T17:15:36.305+0800] GC(149) Pause Young (Allocation Failure)
[2024-08-23T17:15:36.305+0800] GC(149) PSYoungGen: 204172K(288768K)->5120K(291840K) Eden: 178572K(228352K)->0K(234496K) From: 25600K(60416K)->5120K(57344K)
[2024-08-23T17:15:36.305+0800] GC(149) ParOldGen: 77824K(369664K)->77824K(369664K)
[2024-08-23T17:15:36.305+0800] GC(149) Metaspace: 305K(512K)->305K(512K) NonClass: 298K(384K)->298K(384K) Class: 7K(128K)->7K(128K)
[2024-08-23T17:15:36.305+0800] GC(149) Pause Young (Allocation Failure) 275M->81M(646M) 0.667ms
[2024-08-23T17:15:36.305+0800] GC(149) User=0.00s Sys=0.00s Real=0.00s
[2024-08-23T17:15:37.727+0800] GC(150) Pause Young (Allocation Failure)
[2024-08-23T17:15:37.737+0800] GC(150) PSYoungGen: 235017K(291840K)->25600K(291840K) Eden: 229897K(234496K)->0K(234496K) From: 5120K(57344K)->25600K(57344K)
[2024-08-23T17:15:37.737+0800] GC(150) ParOldGen: 77824K(369664K)->180224K(369664K)
[2024-08-23T17:15:37.737+0800] GC(150) Metaspace: 305K(512K)->305K(512K) NonClass: 298K(384K)->298K(384K) Class: 7K(128K)->7K(128K)
[2024-08-23T17:15:37.737+0800] GC(150) Pause Young (Allocation Failure) 305M->201M(646M) 11.412ms
[2024-08-23T17:15:37.737+0800] GC(150) User=0.02s Sys=0.00s Real=0.01s
[2024-08-23T17:15:39.164+0800] GC(151) Pause Young (Allocation Failure)
[2024-08-23T17:15:39.166+0800] GC(151) PSYoungGen: 255504K(291840K)->26624K(295936K) Eden: 229904K(234496K)->0K(241152K) From: 25600K(57344K)->26624K(54784K)
[2024-08-23T17:15:39.166+0800] GC(151) ParOldGen: 180224K(369664K)->185344K(369664K)
[2024-08-23T17:15:39.166+0800] GC(151) Metaspace: 305K(512K)->305K(512K) NonClass: 298K(384K)->298K(384K) Class: 7K(128K)->7K(128K)
[2024-08-23T17:15:39.166+0800] GC(151) Pause Young (Allocation Failure) 425M->207M(650M) 2.434ms
[2024-08-23T17:15:39.166+0800] GC(151) User=0.00s Sys=0.00s Real=0.00s
[2024-08-23T17:15:40.586+0800] GC(152) Pause Young (Allocation Failure)
[2024-08-23T17:15:40.588+0800] GC(152) PSYoungGen: 231064K(295936K)->30720K(294400K) Eden: 204440K(241152K)->0K(241152K) From: 26624K(54784K)->30720K(53248K)
[2024-08-23T17:15:40.588+0800] GC(152) ParOldGen: 185344K(369664K)->185344K(369664K)
[2024-08-23T17:15:40.588+0800] GC(152) Metaspace: 305K(512K)->305K(512K) NonClass: 298K(384K)->298K(384K) Class: 7K(128K)->7K(128K)
[2024-08-23T17:15:40.588+0800] GC(152) Pause Young (Allocation Failure) 406M->211M(648M) 2.266ms
[2024-08-23T17:15:40.588+0800] GC(152) User=0.00s Sys=0.00s Real=0.00s
[2024-08-23T17:15:42.000+0800] GC(153) Pause Young (Allocation Failure)
[2024-08-23T17:15:42.003+0800] GC(153) PSYoungGen: 260760K(294400K)->35840K(293376K) Eden: 230040K(241152K)->0K(240640K) From: 30720K(53248K)->35840K(52736K)
[2024-08-23T17:15:42.003+0800] GC(153) ParOldGen: 185344K(369664K)->195584K(369664K)
[2024-08-23T17:15:42.003+0800] GC(153) Metaspace: 305K(512K)->305K(512K) NonClass: 298K(384K)->298K(384K) Class: 7K(128K)->7K(128K)
[2024-08-23T17:15:42.003+0800] GC(153) Pause Young (Allocation Failure) 435M->226M(647M) 3.368ms
[2024-08-23T17:15:42.003+0800] GC(153) User=0.00s Sys=0.00s Real=0.00s
[2024-08-23T17:15:44.184+0800] GC(154) Pause Young (Allocation Failure)
[2024-08-23T17:15:44.185+0800] GC(154) PSYoungGen: 276112K(293376K)->10240K(294912K) Eden: 240272K(240640K)->0K(240640K) From: 35840K(52736K)->10240K(54272K)
[2024-08-23T17:15:44.185+0800] GC(154) ParOldGen: 195584K(369664K)->195584K(369664K)
[2024-08-23T17:15:44.185+0800] GC(154) Metaspace: 305K(512K)->305K(512K) NonClass: 298K(384K)->298K(384K) Class: 7K(128K)->7K(128K)
[2024-08-23T17:15:44.185+0800] GC(154) Pause Young (Allocation Failure) 460M->201M(649M) 0.894ms
[2024-08-23T17:15:44.185+0800] GC(154) User=0.00s Sys=0.00s Real=0.00s
[2024-08-23T17:15:45.822+0800] GC(155) Pause Young (Allocation Failure)
[2024-08-23T17:15:45.827+0800] GC(155) PSYoungGen: 250514K(294912K)->10240K(295936K) Eden: 240274K(240640K)->0K(242176K) From: 10240K(54272K)->10240K(53760K)
[2024-08-23T17:15:45.827+0800] GC(155) ParOldGen: 195584K(369664K)->251904K(369664K)
[2024-08-23T17:15:45.827+0800] GC(155) Metaspace: 305K(512K)->305K(512K) NonClass: 298K(384K)->298K(384K) Class: 7K(128K)->7K(128K)
[2024-08-23T17:15:45.827+0800] GC(155) Pause Young (Allocation Failure) 435M->256M(650M) 5.304ms
[2024-08-23T17:15:45.827+0800] GC(155) User=0.00s Sys=0.00s Real=0.00s
[2024-08-23T17:15:47.783+0800] GC(156) Pause Young (Allocation Failure)
[2024-08-23T17:15:47.783+0800] GC(156) PSYoungGen: 240306K(295936K)->5120K(295424K) Eden: 230066K(242176K)->0K(242176K) From: 10240K(53760K)->5120K(53248K)
[2024-08-23T17:15:47.784+0800] GC(156) ParOldGen: 251904K(369664K)->251904K(369664K)
[2024-08-23T17:15:47.784+0800] GC(156) Metaspace: 305K(512K)->305K(512K) NonClass: 298K(384K)->298K(384K) Class: 7K(128K)->7K(128K)
[2024-08-23T17:15:47.784+0800] GC(156) Pause Young (Allocation Failure) 480M->251M(649M) 0.788ms
[2024-08-23T17:15:47.784+0800] GC(156) User=0.00s Sys=0.00s Real=0.00s
[2024-08-23T17:15:49.199+0800] GC(157) Pause Young (Allocation Failure)
[2024-08-23T17:15:49.203+0800] GC(157) PSYoungGen: 235186K(295424K)->52224K(279552K) Eden: 230066K(242176K)->0K(226304K) From: 5120K(53248K)->52224K(53248K)
[2024-08-23T17:15:49.203+0800] GC(157) ParOldGen: 251904K(369664K)->257024K(369664K)
[2024-08-23T17:15:49.203+0800] GC(157) Metaspace: 305K(512K)->305K(512K) NonClass: 298K(384K)->298K(384K) Class: 7K(128K)->7K(128K)
[2024-08-23T17:15:49.203+0800] GC(157) Pause Young (Allocation Failure) 475M->302M(634M) 4.767ms
[2024-08-23T17:15:49.204+0800] GC(157) User=0.00s Sys=0.00s Real=0.01s
[2024-08-23T17:15:50.511+0800] GC(158) Pause Young (Allocation Failure)
[2024-08-23T17:15:50.513+0800] GC(158) PSYoungGen: 230776K(279552K)->31744K(287744K) Eden: 178552K(226304K)->0K(226304K) From: 52224K(53248K)->31744K(61440K)
[2024-08-23T17:15:50.513+0800] GC(158) ParOldGen: 257024K(369664K)->258048K(369664K)
[2024-08-23T17:15:50.513+0800] GC(158) Metaspace: 305K(512K)->305K(512K) NonClass: 298K(384K)->298K(384K) Class: 7K(128K)->7K(128K)
[2024-08-23T17:15:50.513+0800] GC(158) Pause Young (Allocation Failure) 476M->283M(642M) 2.458ms
[2024-08-23T17:15:50.513+0800] GC(158) User=0.00s Sys=0.00s Real=0.00s
[2024-08-23T17:15:51.930+0800] GC(159) Pause Young (Allocation Failure)
[2024-08-23T17:15:51.932+0800] GC(159) PSYoungGen: 235893K(287744K)->30720K(289792K) Eden: 204149K(226304K)->0K(228864K) From: 31744K(61440K)->30720K(60928K)
[2024-08-23T17:15:51.932+0800] GC(159) ParOldGen: 258048K(369664K)->258048K(369664K)
[2024-08-23T17:15:51.932+0800] GC(159) Metaspace: 305K(512K)->305K(512K) NonClass: 298K(384K)->298K(384K) Class: 7K(128K)->7K(128K)
[2024-08-23T17:15:51.932+0800] GC(159) Pause Young (Allocation Failure) 482M->282M(644M) 2.405ms
[2024-08-23T17:15:51.932+0800] GC(159) User=0.00s Sys=0.00s Real=0.00s
[2024-08-23T17:15:53.240+0800] GC(160) Pause Young (Allocation Failure)
[2024-08-23T17:15:53.242+0800] GC(160) PSYoungGen: 240041K(289792K)->15360K(288256K) Eden: 209321K(228864K)->0K(228864K) From: 30720K(60928K)->15360K(59392K)
[2024-08-23T17:15:53.242+0800] GC(160) ParOldGen: 258048K(369664K)->268288K(369664K)
[2024-08-23T17:15:53.242+0800] GC(160) Metaspace: 305K(512K)->305K(512K) NonClass: 298K(384K)->298K(384K) Class: 7K(128K)->7K(128K)
[2024-08-23T17:15:53.242+0800] GC(160) Pause Young (Allocation Failure) 486M->277M(642M) 1.842ms
[2024-08-23T17:15:53.242+0800] GC(160) User=0.00s Sys=0.00s Real=0.00s
[2024-08-23T17:15:54.551+0800] GC(161) Pause Young (Allocation Failure)
[2024-08-23T17:15:54.554+0800] GC(161) PSYoungGen: 234922K(288256K)->35840K(289280K) Eden: 219562K(228864K)->0K(231424K) From: 15360K(59392K)->35840K(57856K)
[2024-08-23T17:15:54.554+0800] GC(161) ParOldGen: 268288K(369664K)->273408K(369664K)
[2024-08-23T17:15:54.554+0800] GC(161) Metaspace: 305K(512K)->305K(512K) NonClass: 298K(384K)->298K(384K) Class: 7K(128K)->7K(128K)
[2024-08-23T17:15:54.554+0800] GC(161) Pause Young (Allocation Failure) 491M->302M(643M) 3.010ms
[2024-08-23T17:15:54.554+0800] GC(161) User=0.00s Sys=0.00s Real=0.00s
[2024-08-23T17:15:56.297+0800] GC(162) Pause Young (Allocation Failure)
[2024-08-23T17:15:56.301+0800] GC(162) PSYoungGen: 234974K(289280K)->56320K(282624K) Eden: 199134K(231424K)->0K(225792K) From: 35840K(57856K)->56320K(56832K)
[2024-08-23T17:15:56.301+0800] GC(162) ParOldGen: 273408K(369664K)->273408K(369664K)
[2024-08-23T17:15:56.301+0800] GC(162) Metaspace: 305K(512K)->305K(512K) NonClass: 298K(384K)->298K(384K) Class: 7K(128K)->7K(128K)
[2024-08-23T17:15:56.301+0800] GC(162) Pause Young (Allocation Failure) 496M->322M(637M) 4.588ms
[2024-08-23T17:15:56.301+0800] GC(162) User=0.00s Sys=0.00s Real=0.00s
[2024-08-23T17:15:57.611+0800] GC(163) Pause Young (Allocation Failure)
[2024-08-23T17:15:57.624+0800] GC(163) PSYoungGen: 234861K(282624K)->25600K(283136K) Eden: 178541K(225792K)->0K(222208K) From: 56320K(56832K)->25600K(60928K)
[2024-08-23T17:15:57.624+0800] GC(163) ParOldGen: 273408K(369664K)->380928K(472576K)
[2024-08-23T17:15:57.624+0800] GC(163) Metaspace: 305K(512K)->305K(512K) NonClass: 298K(384K)->298K(384K) Class: 7K(128K)->7K(128K)
[2024-08-23T17:15:57.624+0800] GC(163) Pause Young (Allocation Failure) 496M->397M(738M) 12.666ms
[2024-08-23T17:15:57.624+0800] GC(163) User=0.02s Sys=0.00s Real=0.01s
[2024-08-23T17:15:57.624+0800] GC(164) Pause Full (Ergonomics)
[2024-08-23T17:15:57.624+0800] GC(164) Marking Phase
[2024-08-23T17:15:57.625+0800] GC(164) Marking Phase 0.746ms
[2024-08-23T17:15:57.625+0800] GC(164) Summary Phase
[2024-08-23T17:15:57.625+0800] GC(164) Summary Phase 0.014ms
[2024-08-23T17:15:57.625+0800] GC(164) Adjust Roots
[2024-08-23T17:15:57.625+0800] GC(164) Adjust Roots 0.226ms
[2024-08-23T17:15:57.625+0800] GC(164) Compaction Phase
[2024-08-23T17:15:57.633+0800] GC(164) Compaction Phase 8.398ms
[2024-08-23T17:15:57.633+0800] GC(164) Post Compact
[2024-08-23T17:15:57.633+0800] GC(164) Post Compact 0.498ms
[2024-08-23T17:15:57.634+0800] GC(164) PSYoungGen: 25600K(283136K)->0K(285696K) Eden: 0K(222208K)->0K(222208K) From: 25600K(60928K)->0K(63488K)
[2024-08-23T17:15:57.634+0800] GC(164) ParOldGen: 380928K(472576K)->133889K(443904K)
[2024-08-23T17:15:57.634+0800] GC(164) Metaspace: 305K(512K)->305K(512K) NonClass: 298K(384K)->298K(384K) Class: 7K(128K)->7K(128K)
[2024-08-23T17:15:57.634+0800] GC(164) Pause Full (Ergonomics) 397M->130M(712M) 10.225ms
[2024-08-23T17:15:57.634+0800] GC(164) User=0.02s Sys=0.00s Real=0.01s
[2024-08-23T17:16:00.136+0800] GC(165) Pause Young (Allocation Failure)
[2024-08-23T17:16:00.136+0800] GC(165) PSYoungGen: 219410K(285696K)->6144K(284672K) Eden: 219410K(222208K)->0K(221184K) From: 0K(63488K)->6144K(63488K)
[2024-08-23T17:16:00.137+0800] GC(165) ParOldGen: 133889K(443904K)->133889K(443904K)
[2024-08-23T17:16:00.137+0800] GC(165) Metaspace: 305K(512K)->305K(512K) NonClass: 298K(384K)->298K(384K) Class: 7K(128K)->7K(128K)
[2024-08-23T17:16:00.137+0800] GC(165) Pause Young (Allocation Failure) 345M->136M(711M) 0.897ms
[2024-08-23T17:16:00.137+0800] GC(165) User=0.00s Sys=0.00s Real=0.00s
[2024-08-23T17:16:01.335+0800] GC(166) Pause Young (Allocation Failure)
[2024-08-23T17:16:01.336+0800] GC(166) PSYoungGen: 225529K(284672K)->20480K(285184K) Eden: 219385K(221184K)->0K(221184K) From: 6144K(63488K)->20480K(64000K)
[2024-08-23T17:16:01.336+0800] GC(166) ParOldGen: 133889K(443904K)->134913K(443904K)
[2024-08-23T17:16:01.336+0800] GC(166) Metaspace: 305K(512K)->305K(512K) NonClass: 298K(384K)->298K(384K) Class: 7K(128K)->7K(128K)
[2024-08-23T17:16:01.336+0800] GC(166) Pause Young (Allocation Failure) 350M->151M(712M) 1.679ms
[2024-08-23T17:16:01.336+0800] GC(166) User=0.00s Sys=0.00s Real=0.00s
[2024-08-23T17:16:03.081+0800] GC(167) Pause Young (Allocation Failure)
[2024-08-23T17:16:03.081+0800] GC(167) PSYoungGen: 239891K(285184K)->5120K(288256K) Eden: 219411K(221184K)->0K(227328K) From: 20480K(64000K)->5120K(60928K)
[2024-08-23T17:16:03.082+0800] GC(167) ParOldGen: 134913K(443904K)->134913K(443904K)
[2024-08-23T17:16:03.082+0800] GC(167) Metaspace: 305K(512K)->305K(512K) NonClass: 298K(384K)->298K(384K) Class: 7K(128K)->7K(128K)
[2024-08-23T17:16:03.082+0800] GC(167) Pause Young (Allocation Failure) 366M->136M(715M) 0.800ms
[2024-08-23T17:16:03.082+0800] GC(167) User=0.00s Sys=0.00s Real=0.00s
[2024-08-23T17:16:04.393+0800] GC(168) Pause Young (Allocation Failure)
[2024-08-23T17:16:04.395+0800] GC(168) PSYoungGen: 224654K(288256K)->30720K(288256K) Eden: 219534K(227328K)->0K(227328K) From: 5120K(60928K)->30720K(60928K)
[2024-08-23T17:16:04.395+0800] GC(168) ParOldGen: 134913K(443904K)->134913K(443904K)
[2024-08-23T17:16:04.395+0800] GC(168) Metaspace: 305K(512K)->305K(512K) NonClass: 298K(384K)->298K(384K) Class: 7K(128K)->7K(128K)
[2024-08-23T17:16:04.395+0800] GC(168) Pause Young (Allocation Failure) 351M->161M(715M) 2.553ms
[2024-08-23T17:16:04.395+0800] GC(168) User=0.00s Sys=0.00s Real=0.00s
[2024-08-23T17:16:05.703+0800] GC(169) Pause Young (Allocation Failure)
[2024-08-23T17:16:05.710+0800] GC(169) PSYoungGen: 255375K(288256K)->10240K(290304K) Eden: 224655K(227328K)->0K(230400K) From: 30720K(60928K)->10240K(59904K)
[2024-08-23T17:16:05.710+0800] GC(169) ParOldGen: 134913K(443904K)->211713K(443904K)
[2024-08-23T17:16:05.710+0800] GC(169) Metaspace: 305K(512K)->305K(512K) NonClass: 298K(384K)->298K(384K) Class: 7K(128K)->7K(128K)
[2024-08-23T17:16:05.710+0800] GC(169) Pause Young (Allocation Failure) 381M->216M(717M) 7.215ms
[2024-08-23T17:16:05.710+0800] GC(169) User=0.00s Sys=0.00s Real=0.01s
[2024-08-23T17:16:07.340+0800] GC(170) Pause Young (Allocation Failure)
[2024-08-23T17:16:07.341+0800] GC(170) PSYoungGen: 240076K(290304K)->15360K(289280K) Eden: 229836K(230400K)->0K(230400K) From: 10240K(59904K)->15360K(58880K)
[2024-08-23T17:16:07.341+0800] GC(170) ParOldGen: 211713K(443904K)->211713K(443904K)
[2024-08-23T17:16:07.341+0800] GC(170) Metaspace: 305K(512K)->305K(512K) NonClass: 298K(384K)->298K(384K) Class: 7K(128K)->7K(128K)
[2024-08-23T17:16:07.341+0800] GC(170) Pause Young (Allocation Failure) 441M->221M(716M) 1.393ms
[2024-08-23T17:16:07.341+0800] GC(170) User=0.00s Sys=0.00s Real=0.00s
[2024-08-23T17:16:08.759+0800] GC(171) Pause Young (Allocation Failure)
[2024-08-23T17:16:08.760+0800] GC(171) PSYoungGen: 245197K(289280K)->16384K(295424K) Eden: 229837K(230400K)->0K(239104K) From: 15360K(58880K)->16384K(56320K)
[2024-08-23T17:16:08.760+0800] GC(171) ParOldGen: 211713K(443904K)->216833K(443904K)
[2024-08-23T17:16:08.760+0800] GC(171) Metaspace: 305K(512K)->305K(512K) NonClass: 298K(384K)->298K(384K) Class: 7K(128K)->7K(128K)
[2024-08-23T17:16:08.760+0800] GC(171) Pause Young (Allocation Failure) 446M->227M(722M) 1.694ms
[2024-08-23T17:16:08.760+0800] GC(171) User=0.00s Sys=0.00s Real=0.00s
[2024-08-23T17:16:10.941+0800] GC(172) Pause Young (Allocation Failure)
[2024-08-23T17:16:10.941+0800] GC(172) PSYoungGen: 251498K(295424K)->10240K(292864K) Eden: 235114K(239104K)->0K(239104K) From: 16384K(56320K)->10240K(53760K)
[2024-08-23T17:16:10.941+0800] GC(172) ParOldGen: 216833K(443904K)->216833K(443904K)
[2024-08-23T17:16:10.942+0800] GC(172) Metaspace: 305K(512K)->305K(512K) NonClass: 298K(384K)->298K(384K) Class: 7K(128K)->7K(128K)
[2024-08-23T17:16:10.942+0800] GC(172) Pause Young (Allocation Failure) 457M->221M(719M) 0.857ms
[2024-08-23T17:16:10.942+0800] GC(172) User=0.00s Sys=0.00s Real=0.00s
[2024-08-23T17:16:12.468+0800] GC(173) Pause Young (Allocation Failure)
[2024-08-23T17:16:12.469+0800] GC(173) PSYoungGen: 245359K(292864K)->20480K(299520K) Eden: 235119K(239104K)->0K(246784K) From: 10240K(53760K)->20480K(52736K)
[2024-08-23T17:16:12.469+0800] GC(173) ParOldGen: 216833K(443904K)->221953K(443904K)
[2024-08-23T17:16:12.469+0800] GC(173) Metaspace: 305K(512K)->305K(512K) NonClass: 298K(384K)->298K(384K) Class: 7K(128K)->7K(128K)
[2024-08-23T17:16:12.469+0800] GC(173) Pause Young (Allocation Failure) 451M->236M(726M) 1.931ms
[2024-08-23T17:16:12.469+0800] GC(173) User=0.00s Sys=0.00s Real=0.00s
[2024-08-23T17:16:14.539+0800] GC(174) Pause Young (Allocation Failure)
[2024-08-23T17:16:14.539+0800] GC(174) PSYoungGen: 255761K(299520K)->5120K(296448K) Eden: 235281K(246784K)->0K(246784K) From: 20480K(52736K)->5120K(49664K)
[2024-08-23T17:16:14.539+0800] GC(174) ParOldGen: 221953K(443904K)->221953K(443904K)
[2024-08-23T17:16:14.539+0800] GC(174) Metaspace: 305K(512K)->305K(512K) NonClass: 298K(384K)->298K(384K) Class: 7K(128K)->7K(128K)
[2024-08-23T17:16:14.539+0800] GC(174) Pause Young (Allocation Failure) 466M->221M(723M) 0.779ms
[2024-08-23T17:16:14.539+0800] GC(174) User=0.00s Sys=0.00s Real=0.00s
[2024-08-23T17:16:15.959+0800] GC(175) Pause Young (Allocation Failure)
[2024-08-23T17:16:15.964+0800] GC(175) PSYoungGen: 235279K(296448K)->15360K(302592K) Eden: 230159K(246784K)->0K(253440K) From: 5120K(49664K)->15360K(49152K)
[2024-08-23T17:16:15.964+0800] GC(175) ParOldGen: 221953K(443904K)->273153K(443904K)
[2024-08-23T17:16:15.964+0800] GC(175) Metaspace: 305K(512K)->305K(512K) NonClass: 298K(384K)->298K(384K) Class: 7K(128K)->7K(128K)
[2024-08-23T17:16:15.964+0800] GC(175) Pause Young (Allocation Failure) 446M->281M(729M) 5.211ms
[2024-08-23T17:16:15.964+0800] GC(175) User=0.00s Sys=0.00s Real=0.00s
[2024-08-23T17:16:17.485+0800] GC(176) Pause Young (Allocation Failure)
[2024-08-23T17:16:17.495+0800] GC(176) PSYoungGen: 266129K(302592K)->25600K(300032K) Eden: 250769K(253440K)->0K(253440K) From: 15360K(49152K)->25600K(46592K)
[2024-08-23T17:16:17.496+0800] GC(176) ParOldGen: 273153K(443904K)->380673K(443904K)
[2024-08-23T17:16:17.496+0800] GC(176) Metaspace: 305K(512K)->305K(512K) NonClass: 298K(384K)->298K(384K) Class: 7K(128K)->7K(128K)
[2024-08-23T17:16:17.496+0800] GC(176) Pause Young (Allocation Failure) 526M->396M(726M) 11.283ms
[2024-08-23T17:16:17.496+0800] GC(176) User=0.02s Sys=0.00s Real=0.01s
[2024-08-23T17:16:17.496+0800] GC(177) Pause Full (Ergonomics)
[2024-08-23T17:16:17.496+0800] GC(177) Marking Phase
[2024-08-23T17:16:17.496+0800] GC(177) Marking Phase 0.695ms
[2024-08-23T17:16:17.496+0800] GC(177) Summary Phase
[2024-08-23T17:16:17.496+0800] GC(177) Summary Phase 0.014ms
[2024-08-23T17:16:17.496+0800] GC(177) Adjust Roots
[2024-08-23T17:16:17.497+0800] GC(177) Adjust Roots 0.173ms
[2024-08-23T17:16:17.497+0800] GC(177) Compaction Phase
[2024-08-23T17:16:17.509+0800] GC(177) Compaction Phase 12.823ms
[2024-08-23T17:16:17.509+0800] GC(177) Post Compact
[2024-08-23T17:16:17.510+0800] GC(177) Post Compact 0.503ms
[2024-08-23T17:16:17.510+0800] GC(177) PSYoungGen: 25600K(300032K)->0K(302592K) Eden: 0K(253440K)->0K(256000K) From: 25600K(46592K)->0K(46592K)
[2024-08-23T17:16:17.510+0800] GC(177) ParOldGen: 380673K(443904K)->185089K(512000K)
[2024-08-23T17:16:17.510+0800] GC(177) Metaspace: 305K(512K)->305K(512K) NonClass: 298K(384K)->298K(384K) Class: 7K(128K)->7K(128K)
[2024-08-23T17:16:17.510+0800] GC(177) Pause Full (Ergonomics) 396M->180M(795M) 14.536ms
[2024-08-23T17:16:17.510+0800] GC(177) User=0.02s Sys=0.00s Real=0.01s
[2024-08-23T17:16:18.936+0800] GC(178) Pause Young (Allocation Failure)
[2024-08-23T17:16:18.937+0800] GC(178) PSYoungGen: 209860K(302592K)->25600K(302592K) Eden: 209860K(256000K)->0K(256000K) From: 0K(46592K)->25600K(46592K)
[2024-08-23T17:16:18.937+0800] GC(178) ParOldGen: 185089K(512000K)->185089K(512000K)
[2024-08-23T17:16:18.937+0800] GC(178) Metaspace: 305K(512K)->305K(512K) NonClass: 298K(384K)->298K(384K) Class: 7K(128K)->7K(128K)
[2024-08-23T17:16:18.937+0800] GC(178) Pause Young (Allocation Failure) 385M->205M(795M) 2.284ms
[2024-08-23T17:16:18.937+0800] GC(178) User=0.00s Sys=0.00s Real=0.00s
[2024-08-23T17:16:20.350+0800] GC(179) Pause Young (Allocation Failure)
[2024-08-23T17:16:20.353+0800] GC(179) PSYoungGen: 255918K(302592K)->31744K(299008K) Eden: 230317K(256000K)->0K(252928K) From: 25600K(46592K)->31744K(46080K)
[2024-08-23T17:16:20.353+0800] GC(179) ParOldGen: 185089K(512000K)->190209K(512000K)
[2024-08-23T17:16:20.353+0800] GC(179) Metaspace: 305K(512K)->305K(512K) NonClass: 298K(384K)->298K(384K) Class: 7K(128K)->7K(128K)
[2024-08-23T17:16:20.353+0800] GC(179) Pause Young (Allocation Failure) 430M->216M(792M) 2.917ms
[2024-08-23T17:16:20.353+0800] GC(179) User=0.00s Sys=0.00s Real=0.00s
[2024-08-23T17:16:22.966+0800] GC(180) Pause Young (Allocation Failure)
[2024-08-23T17:16:22.967+0800] GC(180) PSYoungGen: 282479K(299008K)->15360K(301056K) Eden: 250735K(252928K)->0K(252928K) From: 31744K(46080K)->15360K(48128K)
[2024-08-23T17:16:22.967+0800] GC(180) ParOldGen: 190209K(512000K)->190209K(512000K)
[2024-08-23T17:16:22.967+0800] GC(180) Metaspace: 305K(512K)->305K(512K) NonClass: 298K(384K)->298K(384K) Class: 7K(128K)->7K(128K)
[2024-08-23T17:16:22.967+0800] GC(180) Pause Young (Allocation Failure) 461M->200M(794M) 1.491ms
[2024-08-23T17:16:22.967+0800] GC(180) User=0.00s Sys=0.00s Real=0.00s
[2024-08-23T17:16:24.496+0800] GC(181) Pause Young (Allocation Failure)
[2024-08-23T17:16:24.499+0800] GC(181) PSYoungGen: 255863K(301056K)->35840K(295936K) Eden: 240503K(252928K)->0K(249856K) From: 15360K(48128K)->35840K(46080K)
[2024-08-23T17:16:24.499+0800] GC(181) ParOldGen: 190209K(512000K)->195329K(512000K)
[2024-08-23T17:16:24.499+0800] GC(181) Metaspace: 305K(512K)->305K(512K) NonClass: 298K(384K)->298K(384K) Class: 7K(128K)->7K(128K)
[2024-08-23T17:16:24.499+0800] GC(181) Pause Young (Allocation Failure) 435M->225M(789M) 3.050ms
[2024-08-23T17:16:24.499+0800] GC(181) User=0.00s Sys=0.00s Real=0.00s
[2024-08-23T17:16:26.029+0800] GC(182) Pause Young (Allocation Failure)
[2024-08-23T17:16:26.030+0800] GC(182) PSYoungGen: 235327K(295936K)->5120K(299520K) Eden: 199487K(249856K)->0K(249856K) From: 35840K(46080K)->5120K(49664K)
[2024-08-23T17:16:26.030+0800] GC(182) ParOldGen: 195329K(512000K)->195329K(512000K)
[2024-08-23T17:16:26.030+0800] GC(182) Metaspace: 305K(512K)->305K(512K) NonClass: 298K(384K)->298K(384K) Class: 7K(128K)->7K(128K)
[2024-08-23T17:16:26.030+0800] GC(182) Pause Young (Allocation Failure) 420M->195M(792M) 0.852ms
[2024-08-23T17:16:26.030+0800] GC(182) User=0.00s Sys=0.00s Real=0.00s
[2024-08-23T17:16:27.449+0800] GC(183) Pause Young (Allocation Failure)
[2024-08-23T17:16:27.460+0800] GC(183) PSYoungGen: 235326K(299520K)->25600K(300544K) Eden: 230206K(249856K)->0K(250880K) From: 5120K(49664K)->25600K(49664K)
[2024-08-23T17:16:27.460+0800] GC(183) ParOldGen: 195329K(512000K)->297729K(512000K)
[2024-08-23T17:16:27.460+0800] GC(183) Metaspace: 305K(512K)->305K(512K) NonClass: 298K(384K)->298K(384K) Class: 7K(128K)->7K(128K)
[2024-08-23T17:16:27.460+0800] GC(183) Pause Young (Allocation Failure) 420M->315M(793M) 11.154ms
[2024-08-23T17:16:27.460+0800] GC(183) User=0.00s Sys=0.00s Real=0.01s
[2024-08-23T17:16:28.884+0800] GC(184) Pause Young (Allocation Failure)
[2024-08-23T17:16:28.885+0800] GC(184) PSYoungGen: 255829K(300544K)->26624K(299520K) Eden: 230229K(250880K)->0K(250880K) From: 25600K(49664K)->26624K(48640K)
[2024-08-23T17:16:28.885+0800] GC(184) ParOldGen: 297729K(512000K)->302849K(512000K)
[2024-08-23T17:16:28.885+0800] GC(184) Metaspace: 305K(512K)->305K(512K) NonClass: 298K(384K)->298K(384K) Class: 7K(128K)->7K(128K)
[2024-08-23T17:16:28.885+0800] GC(184) Pause Young (Allocation Failure) 540M->321M(792M) 2.502ms
[2024-08-23T17:16:28.885+0800] GC(184) User=0.00s Sys=0.00s Real=0.00s
[2024-08-23T17:16:30.304+0800] GC(185) Pause Young (Allocation Failure)
[2024-08-23T17:16:30.306+0800] GC(185) PSYoungGen: 231255K(299520K)->30720K(300032K) Eden: 204631K(250880K)->0K(251904K) From: 26624K(48640K)->30720K(48128K)
[2024-08-23T17:16:30.306+0800] GC(185) ParOldGen: 302849K(512000K)->302849K(512000K)
[2024-08-23T17:16:30.306+0800] GC(185) Metaspace: 305K(512K)->305K(512K) NonClass: 298K(384K)->298K(384K) Class: 7K(128K)->7K(128K)
[2024-08-23T17:16:30.307+0800] GC(185) Pause Young (Allocation Failure) 521M->325M(793M) 2.431ms
[2024-08-23T17:16:30.307+0800] GC(185) User=0.05s Sys=0.00s Real=0.00s
[2024-08-23T17:16:31.725+0800] GC(186) Pause Young (Allocation Failure)
[2024-08-23T17:16:31.728+0800] GC(186) PSYoungGen: 260970K(300032K)->35840K(288256K) Eden: 230250K(251904K)->0K(251904K) From: 30720K(48128K)->35840K(36352K)
[2024-08-23T17:16:31.728+0800] GC(186) ParOldGen: 302849K(512000K)->313089K(512000K)
[2024-08-23T17:16:31.728+0800] GC(186) Metaspace: 305K(512K)->305K(512K) NonClass: 298K(384K)->298K(384K) Class: 7K(128K)->7K(128K)
[2024-08-23T17:16:31.728+0800] GC(186) Pause Young (Allocation Failure) 550M->340M(781M) 3.296ms
[2024-08-23T17:16:31.728+0800] GC(186) User=0.00s Sys=0.00s Real=0.00s
[2024-08-23T17:16:34.130+0800] GC(187) Pause Young (Allocation Failure)
[2024-08-23T17:16:34.131+0800] GC(187) PSYoungGen: 286571K(288256K)->10240K(298496K) Eden: 250731K(251904K)->0K(247296K) From: 35840K(36352K)->10240K(51200K)
[2024-08-23T17:16:34.131+0800] GC(187) ParOldGen: 313089K(512000K)->313089K(512000K)
[2024-08-23T17:16:34.131+0800] GC(187) Metaspace: 305K(512K)->305K(512K) NonClass: 298K(384K)->298K(384K) Class: 7K(128K)->7K(128K)
[2024-08-23T17:16:34.131+0800] GC(187) Pause Young (Allocation Failure) 585M->315M(791M) 0.945ms
[2024-08-23T17:16:34.131+0800] GC(187) User=0.00s Sys=0.00s Real=0.00s
[2024-08-23T17:16:35.769+0800] GC(188) Pause Young (Allocation Failure)
[2024-08-23T17:16:35.774+0800] GC(188) PSYoungGen: 255763K(298496K)->15360K(297984K) Eden: 245523K(247296K)->0K(247296K) From: 10240K(51200K)->15360K(50688K)
[2024-08-23T17:16:35.774+0800] GC(188) ParOldGen: 313089K(512000K)->369409K(512000K)
[2024-08-23T17:16:35.774+0800] GC(188) Metaspace: 305K(512K)->305K(512K) NonClass: 298K(384K)->298K(384K) Class: 7K(128K)->7K(128K)
[2024-08-23T17:16:35.774+0800] GC(188) Pause Young (Allocation Failure) 555M->375M(791M) 5.861ms
[2024-08-23T17:16:35.775+0800] GC(188) User=0.00s Sys=0.00s Real=0.00s
[2024-08-23T17:16:37.510+0800] GC(189) Pause Young (Allocation Failure)
[2024-08-23T17:16:37.510+0800] GC(189) PSYoungGen: 230165K(297984K)->5120K(300032K) Eden: 214805K(247296K)->0K(250880K) From: 15360K(50688K)->5120K(49152K)
[2024-08-23T17:16:37.510+0800] GC(189) ParOldGen: 369409K(512000K)->369409K(512000K)
[2024-08-23T17:16:37.510+0800] GC(189) Metaspace: 305K(512K)->305K(512K) NonClass: 298K(384K)->298K(384K) Class: 7K(128K)->7K(128K)
[2024-08-23T17:16:37.510+0800] GC(189) Pause Young (Allocation Failure) 585M->365M(793M) 0.794ms
[2024-08-23T17:16:37.510+0800] GC(189) User=0.00s Sys=0.00s Real=0.00s
[2024-08-23T17:16:38.930+0800] GC(190) Pause Young (Allocation Failure)
[2024-08-23T17:16:38.942+0800] GC(190) PSYoungGen: 235354K(300032K)->6144K(300032K) Eden: 230234K(250880K)->0K(250880K) From: 5120K(49152K)->6144K(49152K)
[2024-08-23T17:16:38.942+0800] GC(190) ParOldGen: 369409K(512000K)->420609K(512000K)
[2024-08-23T17:16:38.942+0800] GC(190) Metaspace: 305K(512K)->305K(512K) NonClass: 298K(384K)->298K(384K) Class: 7K(128K)->7K(128K)
[2024-08-23T17:16:38.942+0800] GC(190) Pause Young (Allocation Failure) 590M->416M(793M) 13.213ms
[2024-08-23T17:16:38.942+0800] GC(190) User=0.00s Sys=0.00s Real=0.01s
[2024-08-23T17:16:38.942+0800] GC(191) Pause Full (Ergonomics)
[2024-08-23T17:16:38.942+0800] GC(191) Marking Phase
[2024-08-23T17:16:38.944+0800] GC(191) Marking Phase 0.693ms
[2024-08-23T17:16:38.944+0800] GC(191) Summary Phase
[2024-08-23T17:16:38.944+0800] GC(191) Summary Phase 0.014ms
[2024-08-23T17:16:38.944+0800] GC(191) Adjust Roots
[2024-08-23T17:16:38.944+0800] GC(191) Adjust Roots 0.168ms
[2024-08-23T17:16:38.944+0800] GC(191) Compaction Phase
[2024-08-23T17:16:38.948+0800] GC(191) Compaction Phase 4.486ms
[2024-08-23T17:16:38.948+0800] GC(191) Post Compact
[2024-08-23T17:16:38.948+0800] GC(191) Post Compact 0.790ms
[2024-08-23T17:16:38.952+0800] GC(191) PSYoungGen: 6144K(300032K)->0K(300544K) Eden: 0K(250880K)->0K(251904K) From: 6144K(49152K)->0K(48640K)
[2024-08-23T17:16:38.952+0800] GC(191) ParOldGen: 420609K(512000K)->58368K(373248K)
[2024-08-23T17:16:38.952+0800] GC(191) Metaspace: 305K(512K)->305K(512K) NonClass: 298K(384K)->298K(384K) Class: 7K(128K)->7K(128K)
[2024-08-23T17:16:38.952+0800] GC(191) Pause Full (Ergonomics) 416M->57M(658M) 9.943ms
[2024-08-23T17:16:38.952+0800] GC(191) User=0.00s Sys=0.00s Real=0.01s
[2024-08-23T17:16:40.380+0800] GC(192) Pause Young (Allocation Failure)
[2024-08-23T17:16:40.385+0800] GC(192) PSYoungGen: 230254K(300544K)->11264K(300544K) Eden: 230254K(251904K)->0K(251904K) From: 0K(48640K)->11264K(48640K)
[2024-08-23T17:16:40.385+0800] GC(192) ParOldGen: 58368K(373248K)->109568K(373248K)
[2024-08-23T17:16:40.385+0800] GC(192) Metaspace: 305K(512K)->305K(512K) NonClass: 298K(384K)->298K(384K) Class: 7K(128K)->7K(128K)
[2024-08-23T17:16:40.385+0800] GC(192) Pause Young (Allocation Failure) 281M->118M(658M) 4.965ms
[2024-08-23T17:16:40.385+0800] GC(192) User=0.00s Sys=0.00s Real=0.00s
[2024-08-23T17:16:41.803+0800] GC(193) Pause Young (Allocation Failure)
[2024-08-23T17:16:41.807+0800] GC(193) PSYoungGen: 215902K(300544K)->10240K(303616K) Eden: 204638K(251904K)->0K(256512K) From: 11264K(48640K)->10240K(47104K)
[2024-08-23T17:16:41.807+0800] GC(193) ParOldGen: 109568K(373248K)->160768K(373248K)
[2024-08-23T17:16:41.807+0800] GC(193) Metaspace: 307K(512K)->307K(512K) NonClass: 299K(384K)->299K(384K) Class: 7K(128K)->7K(128K)
[2024-08-23T17:16:41.807+0800] GC(193) Pause Young (Allocation Failure) 317M->167M(661M) 4.926ms
[2024-08-23T17:16:41.807+0800] GC(193) User=0.00s Sys=0.00s Real=0.00s
[2024-08-23T17:16:43.233+0800] GC(194) Pause Young (Allocation Failure)
[2024-08-23T17:16:43.238+0800] GC(194) PSYoungGen: 240572K(303616K)->25600K(302080K) Eden: 230332K(256512K)->0K(256512K) From: 10240K(47104K)->25600K(45568K)
[2024-08-23T17:16:43.238+0800] GC(194) ParOldGen: 160768K(373248K)->222208K(373248K)
[2024-08-23T17:16:43.238+0800] GC(194) Metaspace: 307K(512K)->307K(512K) NonClass: 299K(384K)->299K(384K) Class: 7K(128K)->7K(128K)
[2024-08-23T17:16:43.238+0800] GC(194) Pause Young (Allocation Failure) 391M->242M(659M) 5.911ms
[2024-08-23T17:16:43.238+0800] GC(194) User=0.00s Sys=0.00s Real=0.00s
[2024-08-23T17:16:45.649+0800] GC(195) Pause Young (Allocation Failure)
[2024-08-23T17:16:45.650+0800] GC(195) PSYoungGen: 276416K(302080K)->10272K(305152K) Eden: 250816K(256512K)->0K(259584K) From: 25600K(45568K)->10272K(45568K)
[2024-08-23T17:16:45.650+0800] GC(195) ParOldGen: 222208K(373248K)->222208K(373248K)
[2024-08-23T17:16:45.650+0800] GC(195) Metaspace: 307K(512K)->307K(512K) NonClass: 299K(384K)->299K(384K) Class: 7K(128K)->7K(128K)
[2024-08-23T17:16:45.650+0800] GC(195) Pause Young (Allocation Failure) 486M->227M(662M) 1.330ms
[2024-08-23T17:16:45.650+0800] GC(195) User=0.00s Sys=0.00s Real=0.00s
[2024-08-23T17:16:47.280+0800] GC(196) Pause Young (Allocation Failure)
[2024-08-23T17:16:47.292+0800] GC(196) PSYoungGen: 261153K(305152K)->15360K(303616K) Eden: 250881K(259584K)->0K(259584K) From: 10272K(45568K)->15360K(44032K)
[2024-08-23T17:16:47.292+0800] GC(196) ParOldGen: 222208K(373248K)->329736K(373248K)
[2024-08-23T17:16:47.292+0800] GC(196) Metaspace: 307K(512K)->307K(512K) NonClass: 299K(384K)->299K(384K) Class: 7K(128K)->7K(128K)
[2024-08-23T17:16:47.292+0800] GC(196) Pause Young (Allocation Failure) 472M->337M(661M) 11.838ms
[2024-08-23T17:16:47.292+0800] GC(196) User=0.00s Sys=0.00s Real=0.01s
[2024-08-23T17:16:47.292+0800] GC(197) Pause Full (Ergonomics)
[2024-08-23T17:16:47.292+0800] GC(197) Marking Phase
[2024-08-23T17:16:47.293+0800] GC(197) Marking Phase 0.743ms
[2024-08-23T17:16:47.293+0800] GC(197) Summary Phase
[2024-08-23T17:16:47.293+0800] GC(197) Summary Phase 0.013ms
[2024-08-23T17:16:47.293+0800] GC(197) Adjust Roots
[2024-08-23T17:16:47.293+0800] GC(197) Adjust Roots 0.218ms
[2024-08-23T17:16:47.293+0800] GC(197) Compaction Phase
[2024-08-23T17:16:47.301+0800] GC(197) Compaction Phase 8.092ms
[2024-08-23T17:16:47.301+0800] GC(197) Post Compact
[2024-08-23T17:16:47.301+0800] GC(197) Post Compact 0.483ms
[2024-08-23T17:16:47.301+0800] GC(197) PSYoungGen: 15360K(303616K)->0K(307200K) Eden: 0K(259584K)->0K(265216K) From: 15360K(44032K)->0K(41984K)
[2024-08-23T17:16:47.301+0800] GC(197) ParOldGen: 329736K(373248K)->123649K(458240K)
[2024-08-23T17:16:47.301+0800] GC(197) Metaspace: 307K(512K)->307K(512K) NonClass: 299K(384K)->299K(384K) Class: 7K(128K)->7K(128K)
[2024-08-23T17:16:47.301+0800] GC(197) Pause Full (Ergonomics) 337M->120M(747M) 9.961ms
[2024-08-23T17:16:47.301+0800] GC(197) User=0.00s Sys=0.00s Real=0.01s
[2024-08-23T17:16:50.132+0800] GC(198) Pause Young (Allocation Failure)
[2024-08-23T17:16:50.133+0800] GC(198) PSYoungGen: 261235K(307200K)->21504K(307200K) Eden: 261235K(265216K)->0K(265216K) From: 0K(41984K)->21504K(41984K)
[2024-08-23T17:16:50.133+0800] GC(198) ParOldGen: 123649K(458240K)->123649K(458240K)
[2024-08-23T17:16:50.133+0800] GC(198) Metaspace: 307K(512K)->307K(512K) NonClass: 299K(384K)->299K(384K) Class: 7K(128K)->7K(128K)
[2024-08-23T17:16:50.134+0800] GC(198) Pause Young (Allocation Failure) 375M->141M(747M) 1.810ms
[2024-08-23T17:16:50.134+0800] GC(198) User=0.00s Sys=0.00s Real=0.00s
[2024-08-23T17:16:51.664+0800] GC(199) Pause Young (Allocation Failure)
[2024-08-23T17:16:51.668+0800] GC(199) PSYoungGen: 272486K(307200K)->35840K(299008K) Eden: 250982K(265216K)->0K(258048K) From: 21504K(41984K)->35840K(40960K)
[2024-08-23T17:16:51.668+0800] GC(199) ParOldGen: 123649K(458240K)->134913K(458240K)
[2024-08-23T17:16:51.668+0800] GC(199) Metaspace: 307K(512K)->307K(512K) NonClass: 299K(384K)->299K(384K) Class: 7K(128K)->7K(128K)
[2024-08-23T17:16:51.668+0800] GC(199) Pause Young (Allocation Failure) 386M->166M(739M) 4.012ms
[2024-08-23T17:16:51.668+0800] GC(199) User=0.02s Sys=0.00s Real=0.00s
[2024-08-23T17:16:53.184+0800] GC(200) Pause Young (Allocation Failure)
[2024-08-23T17:16:53.189+0800] GC(200) PSYoungGen: 286700K(299008K)->20480K(303616K) Eden: 250860K(258048K)->0K(258048K) From: 35840K(40960K)->20480K(45568K)
[2024-08-23T17:16:53.189+0800] GC(200) ParOldGen: 134913K(458240K)->186113K(458240K)
[2024-08-23T17:16:53.189+0800] GC(200) Metaspace: 307K(512K)->307K(512K) NonClass: 299K(384K)->299K(384K) Class: 7K(128K)->7K(128K)
[2024-08-23T17:16:53.189+0800] GC(200) Pause Young (Allocation Failure) 411M->201M(744M) 5.506ms
[2024-08-23T17:16:53.189+0800] GC(200) User=0.00s Sys=0.00s Real=0.00s
[2024-08-23T17:16:54.602+0800] GC(201) Pause Young (Allocation Failure)
[2024-08-23T17:16:54.608+0800] GC(201) PSYoungGen: 250860K(303616K)->5120K(305664K) Eden: 230380K(258048K)->0K(262144K) From: 20480K(45568K)->5120K(43520K)
[2024-08-23T17:16:54.608+0800] GC(201) ParOldGen: 186113K(458240K)->308993K(458240K)
[2024-08-23T17:16:54.608+0800] GC(201) Metaspace: 307K(512K)->307K(512K) NonClass: 299K(384K)->299K(384K) Class: 7K(128K)->7K(128K)
[2024-08-23T17:16:54.608+0800] GC(201) Pause Young (Allocation Failure) 426M->306M(746M) 6.812ms
[2024-08-23T17:16:54.608+0800] GC(201) User=0.00s Sys=0.00s Real=0.01s
[2024-08-23T17:16:56.040+0800] GC(202) Pause Young (Allocation Failure)
[2024-08-23T17:16:56.044+0800] GC(202) PSYoungGen: 235578K(305664K)->5120K(305664K) Eden: 230458K(262144K)->0K(262144K) From: 5120K(43520K)->5120K(43520K)
[2024-08-23T17:16:56.044+0800] GC(202) ParOldGen: 308993K(458240K)->365313K(458240K)
[2024-08-23T17:16:56.044+0800] GC(202) Metaspace: 307K(512K)->307K(512K) NonClass: 299K(384K)->299K(384K) Class: 7K(128K)->7K(128K)
[2024-08-23T17:16:56.044+0800] GC(202) Pause Young (Allocation Failure) 531M->361M(746M) 5.062ms
[2024-08-23T17:16:56.044+0800] GC(202) User=0.00s Sys=0.00s Real=0.00s
[2024-08-23T17:16:56.044+0800] GC(203) Pause Full (Ergonomics)
[2024-08-23T17:16:56.044+0800] GC(203) Marking Phase
[2024-08-23T17:16:56.045+0800] GC(203) Marking Phase 0.768ms
[2024-08-23T17:16:56.045+0800] GC(203) Summary Phase
[2024-08-23T17:16:56.045+0800] GC(203) Summary Phase 0.014ms
[2024-08-23T17:16:56.045+0800] GC(203) Adjust Roots
[2024-08-23T17:16:56.045+0800] GC(203) Adjust Roots 0.217ms
[2024-08-23T17:16:56.045+0800] GC(203) Compaction Phase
[2024-08-23T17:16:56.054+0800] GC(203) Compaction Phase 8.226ms
[2024-08-23T17:16:56.054+0800] GC(203) Post Compact
[2024-08-23T17:16:56.054+0800] GC(203) Post Compact 0.448ms
[2024-08-23T17:16:56.054+0800] GC(203) PSYoungGen: 5120K(305664K)->0K(306176K) Eden: 0K(262144K)->0K(263168K) From: 5120K(43520K)->0K(43008K)
[2024-08-23T17:16:56.054+0800] GC(203) ParOldGen: 365313K(458240K)->133889K(472064K)
[2024-08-23T17:16:56.054+0800] GC(203) Metaspace: 307K(512K)->307K(512K) NonClass: 299K(384K)->299K(384K) Class: 7K(128K)->7K(128K)
[2024-08-23T17:16:56.055+0800] GC(203) Pause Full (Ergonomics) 361M->130M(760M) 10.024ms
[2024-08-23T17:16:56.055+0800] GC(203) User=0.00s Sys=0.00s Real=0.01s
[2024-08-23T17:16:57.471+0800] GC(204) Pause Young (Allocation Failure)
[2024-08-23T17:16:57.475+0800] GC(204) PSYoungGen: 215268K(306176K)->5120K(306176K) Eden: 215268K(263168K)->0K(263168K) From: 0K(43008K)->5120K(43008K)
[2024-08-23T17:16:57.475+0800] GC(204) ParOldGen: 133889K(472064K)->185089K(472064K)
[2024-08-23T17:16:57.475+0800] GC(204) Metaspace: 307K(512K)->307K(512K) NonClass: 299K(384K)->299K(384K) Class: 7K(128K)->7K(128K)
[2024-08-23T17:16:57.475+0800] GC(204) Pause Young (Allocation Failure) 340M->185M(760M) 4.919ms
[2024-08-23T17:16:57.475+0800] GC(204) User=0.00s Sys=0.00s Real=0.00s
[2024-08-23T17:16:58.891+0800] GC(205) Pause Young (Allocation Failure)
[2024-08-23T17:16:58.895+0800] GC(205) PSYoungGen: 235486K(306176K)->6144K(307712K) Eden: 230366K(263168K)->0K(265216K) From: 5120K(43008K)->6144K(42496K)
[2024-08-23T17:16:58.895+0800] GC(205) ParOldGen: 185089K(472064K)->241409K(472064K)
[2024-08-23T17:16:58.895+0800] GC(205) Metaspace: 307K(512K)->307K(512K) NonClass: 299K(384K)->299K(384K) Class: 7K(128K)->7K(128K)
[2024-08-23T17:16:58.895+0800] GC(205) Pause Young (Allocation Failure) 410M->241M(761M) 4.875ms
[2024-08-23T17:16:58.895+0800] GC(205) User=0.00s Sys=0.00s Real=0.00s
[2024-08-23T17:17:01.637+0800] GC(206) Pause Young (Allocation Failure)
[2024-08-23T17:17:01.640+0800] GC(206) PSYoungGen: 226372K(307712K)->35840K(294400K) Eden: 220228K(265216K)->0K(258048K) From: 6144K(42496K)->35840K(36352K)
[2024-08-23T17:17:01.640+0800] GC(206) ParOldGen: 241409K(472064K)->241409K(472064K)
[2024-08-23T17:17:01.640+0800] GC(206) Metaspace: 307K(512K)->307K(512K) NonClass: 299K(384K)->299K(384K) Class: 7K(128K)->7K(128K)
[2024-08-23T17:17:01.640+0800] GC(206) Pause Young (Allocation Failure) 456M->270M(748M) 2.681ms
[2024-08-23T17:17:01.640+0800] GC(206) User=0.00s Sys=0.00s Real=0.00s
[2024-08-23T17:17:03.058+0800] GC(207) Pause Young (Allocation Failure)
[2024-08-23T17:17:03.062+0800] GC(207) PSYoungGen: 266182K(294400K)->46080K(287232K) Eden: 230342K(258048K)->0K(240640K) From: 35840K(36352K)->46080K(46592K)
[2024-08-23T17:17:03.062+0800] GC(207) ParOldGen: 241409K(472064K)->256769K(472064K)
[2024-08-23T17:17:03.062+0800] GC(207) Metaspace: 307K(512K)->307K(512K) NonClass: 299K(384K)->299K(384K) Class: 7K(128K)->7K(128K)
[2024-08-23T17:17:03.062+0800] GC(207) Pause Young (Allocation Failure) 495M->295M(741M) 3.940ms
[2024-08-23T17:17:03.062+0800] GC(207) User=0.00s Sys=0.00s Real=0.00s
[2024-08-23T17:17:04.481+0800] GC(208) Pause Young (Allocation Failure)
[2024-08-23T17:17:04.483+0800] GC(208) PSYoungGen: 240258K(287232K)->20480K(294912K) Eden: 194178K(240640K)->0K(240640K) From: 46080K(46592K)->20480K(54272K)
[2024-08-23T17:17:04.483+0800] GC(208) ParOldGen: 256769K(472064K)->256769K(472064K)
[2024-08-23T17:17:04.483+0800] GC(208) Metaspace: 307K(512K)->307K(512K) NonClass: 299K(384K)->299K(384K) Class: 7K(128K)->7K(128K)
[2024-08-23T17:17:04.483+0800] GC(208) Pause Young (Allocation Failure) 485M->270M(749M) 2.315ms
[2024-08-23T17:17:04.483+0800] GC(208) User=0.00s Sys=0.00s Real=0.00s
[2024-08-23T17:17:05.902+0800] GC(209) Pause Young (Allocation Failure)
[2024-08-23T17:17:05.907+0800] GC(209) PSYoungGen: 250501K(294912K)->25600K(299008K) Eden: 230021K(240640K)->0K(247808K) From: 20480K(54272K)->25600K(51200K)
[2024-08-23T17:17:05.907+0800] GC(209) ParOldGen: 256769K(472064K)->307969K(472064K)
[2024-08-23T17:17:05.907+0800] GC(209) Metaspace: 307K(512K)->307K(512K) NonClass: 299K(384K)->299K(384K) Class: 7K(128K)->7K(128K)
[2024-08-23T17:17:05.907+0800] GC(209) Pause Young (Allocation Failure) 495M->325M(753M) 5.434ms
[2024-08-23T17:17:05.907+0800] GC(209) User=0.00s Sys=0.00s Real=0.01s
[2024-08-23T17:17:07.320+0800] GC(210) Pause Young (Allocation Failure)
[2024-08-23T17:17:07.339+0800] GC(210) PSYoungGen: 255768K(299008K)->25600K(297984K) Eden: 230168K(247808K)->0K(247808K) From: 25600K(51200K)->25600K(50176K)
[2024-08-23T17:17:07.339+0800] GC(210) ParOldGen: 307969K(472064K)->415489K(472064K)
[2024-08-23T17:17:07.339+0800] GC(210) Metaspace: 307K(512K)->307K(512K) NonClass: 299K(384K)->299K(384K) Class: 7K(128K)->7K(128K)
[2024-08-23T17:17:07.339+0800] GC(210) Pause Young (Allocation Failure) 550M->430M(752M) 19.870ms
[2024-08-23T17:17:07.339+0800] GC(210) User=0.02s Sys=0.02s Real=0.02s
[2024-08-23T17:17:07.339+0800] GC(211) Pause Full (Ergonomics)
[2024-08-23T17:17:07.340+0800] GC(211) Marking Phase
[2024-08-23T17:17:07.340+0800] GC(211) Marking Phase 0.763ms
[2024-08-23T17:17:07.340+0800] GC(211) Summary Phase
[2024-08-23T17:17:07.340+0800] GC(211) Summary Phase 0.015ms
[2024-08-23T17:17:07.340+0800] GC(211) Adjust Roots
[2024-08-23T17:17:07.341+0800] GC(211) Adjust Roots 0.230ms
[2024-08-23T17:17:07.341+0800] GC(211) Compaction Phase
[2024-08-23T17:17:07.352+0800] GC(211) Compaction Phase 12.133ms
[2024-08-23T17:17:07.352+0800] GC(211) Post Compact
[2024-08-23T17:17:07.353+0800] GC(211) Post Compact 0.632ms
[2024-08-23T17:17:07.353+0800] GC(211) PSYoungGen: 25600K(297984K)->0K(300032K) Eden: 0K(247808K)->0K(250880K) From: 25600K(50176K)->0K(49152K)
[2024-08-23T17:17:07.353+0800] GC(211) ParOldGen: 415489K(472064K)->185089K(511488K)
[2024-08-23T17:17:07.353+0800] GC(211) Metaspace: 307K(512K)->307K(512K) NonClass: 299K(384K)->299K(384K) Class: 7K(128K)->7K(128K)
[2024-08-23T17:17:07.353+0800] GC(211) Pause Full (Ergonomics) 430M->180M(792M) 14.066ms
[2024-08-23T17:17:07.353+0800] GC(211) User=0.00s Sys=0.00s Real=0.01s
[2024-08-23T17:17:08.771+0800] GC(212) Pause Young (Allocation Failure)
[2024-08-23T17:17:08.773+0800] GC(212) PSYoungGen: 209751K(300032K)->25600K(300032K) Eden: 209751K(250880K)->0K(250880K) From: 0K(49152K)->25600K(49152K)
[2024-08-23T17:17:08.773+0800] GC(212) ParOldGen: 185089K(511488K)->185089K(511488K)
[2024-08-23T17:17:08.773+0800] GC(212) Metaspace: 307K(512K)->307K(512K) NonClass: 299K(384K)->299K(384K) Class: 7K(128K)->7K(128K)
[2024-08-23T17:17:08.774+0800] GC(212) Pause Young (Allocation Failure) 385M->205M(792M) 2.770ms
[2024-08-23T17:17:08.774+0800] GC(212) User=0.00s Sys=0.00s Real=0.00s
[2024-08-23T17:17:10.186+0800] GC(213) Pause Young (Allocation Failure)
[2024-08-23T17:17:10.188+0800] GC(213) PSYoungGen: 255813K(300032K)->31744K(297984K) Eden: 230213K(250880K)->0K(249856K) From: 25600K(49152K)->31744K(48128K)
[2024-08-23T17:17:10.188+0800] GC(213) ParOldGen: 185089K(511488K)->190209K(511488K)
[2024-08-23T17:17:10.188+0800] GC(213) Metaspace: 307K(512K)->307K(512K) NonClass: 299K(384K)->299K(384K) Class: 7K(128K)->7K(128K)
[2024-08-23T17:17:10.188+0800] GC(213) Pause Young (Allocation Failure) 430M->216M(790M) 2.781ms
[2024-08-23T17:17:10.188+0800] GC(213) User=0.00s Sys=0.00s Real=0.00s
[2024-08-23T17:17:12.699+0800] GC(214) Pause Young (Allocation Failure)
[2024-08-23T17:17:12.700+0800] GC(214) PSYoungGen: 272176K(297984K)->10240K(299520K) Eden: 240432K(249856K)->0K(249856K) From: 31744K(48128K)->10240K(49664K)
[2024-08-23T17:17:12.700+0800] GC(214) ParOldGen: 190209K(511488K)->190209K(511488K)
[2024-08-23T17:17:12.700+0800] GC(214) Metaspace: 307K(512K)->307K(512K) NonClass: 299K(384K)->299K(384K) Class: 7K(128K)->7K(128K)
[2024-08-23T17:17:12.700+0800] GC(214) Pause Young (Allocation Failure) 451M->195M(792M) 0.997ms
[2024-08-23T17:17:12.700+0800] GC(214) User=0.00s Sys=0.00s Real=0.00s
[2024-08-23T17:17:14.222+0800] GC(215) Pause Young (Allocation Failure)
[2024-08-23T17:17:14.225+0800] GC(215) PSYoungGen: 250681K(299520K)->35840K(294400K) Eden: 240441K(249856K)->0K(245760K) From: 10240K(49664K)->35840K(48640K)
[2024-08-23T17:17:14.225+0800] GC(215) ParOldGen: 190209K(511488K)->195329K(511488K)
[2024-08-23T17:17:14.225+0800] GC(215) Metaspace: 307K(512K)->307K(512K) NonClass: 299K(384K)->299K(384K) Class: 7K(128K)->7K(128K)
[2024-08-23T17:17:14.225+0800] GC(215) Pause Young (Allocation Failure) 430M->225M(787M) 3.215ms
[2024-08-23T17:17:14.225+0800] GC(215) User=0.00s Sys=0.00s Real=0.00s
[2024-08-23T17:17:15.860+0800] GC(216) Pause Young (Allocation Failure)
[2024-08-23T17:17:15.861+0800] GC(216) PSYoungGen: 245486K(294400K)->5120K(297472K) Eden: 209646K(245760K)->0K(245760K) From: 35840K(48640K)->5120K(51712K)
[2024-08-23T17:17:15.861+0800] GC(216) ParOldGen: 195329K(511488K)->195329K(511488K)
[2024-08-23T17:17:15.861+0800] GC(216) Metaspace: 307K(512K)->307K(512K) NonClass: 299K(384K)->299K(384K) Class: 7K(128K)->7K(128K)
[2024-08-23T17:17:15.861+0800] GC(216) Pause Young (Allocation Failure) 430M->195M(790M) 0.844ms
[2024-08-23T17:17:15.861+0800] GC(216) User=0.00s Sys=0.00s Real=0.00s
[2024-08-23T17:17:17.276+0800] GC(217) Pause Young (Allocation Failure)
[2024-08-23T17:17:17.284+0800] GC(217) PSYoungGen: 235247K(297472K)->25600K(299008K) Eden: 230127K(245760K)->0K(247296K) From: 5120K(51712K)->25600K(51712K)
[2024-08-23T17:17:17.284+0800] GC(217) ParOldGen: 195329K(511488K)->297729K(511488K)
[2024-08-23T17:17:17.284+0800] GC(217) Metaspace: 307K(512K)->307K(512K) NonClass: 299K(384K)->299K(384K) Class: 7K(128K)->7K(128K)
[2024-08-23T17:17:17.284+0800] GC(217) Pause Young (Allocation Failure) 420M->315M(791M) 9.271ms
[2024-08-23T17:17:17.284+0800] GC(217) User=0.00s Sys=0.00s Real=0.01s
[2024-08-23T17:17:18.712+0800] GC(218) Pause Young (Allocation Failure)
[2024-08-23T17:17:18.715+0800] GC(218) PSYoungGen: 255760K(299008K)->26624K(297472K) Eden: 230160K(247296K)->0K(247296K) From: 25600K(51712K)->26624K(50176K)
[2024-08-23T17:17:18.715+0800] GC(218) ParOldGen: 297729K(511488K)->302849K(511488K)
[2024-08-23T17:17:18.715+0800] GC(218) Metaspace: 307K(512K)->307K(512K) NonClass: 299K(384K)->299K(384K) Class: 7K(128K)->7K(128K)
[2024-08-23T17:17:18.715+0800] GC(218) Pause Young (Allocation Failure) 540M->321M(790M) 2.778ms
[2024-08-23T17:17:18.715+0800] GC(218) User=0.00s Sys=0.00s Real=0.00s
[2024-08-23T17:17:20.132+0800] GC(219) Pause Young (Allocation Failure)
[2024-08-23T17:17:20.134+0800] GC(219) PSYoungGen: 231186K(297472K)->30720K(298496K) Eden: 204562K(247296K)->0K(248832K) From: 26624K(50176K)->30720K(49664K)
[2024-08-23T17:17:20.134+0800] GC(219) ParOldGen: 302849K(511488K)->302849K(511488K)
[2024-08-23T17:17:20.134+0800] GC(219) Metaspace: 307K(512K)->307K(512K) NonClass: 299K(384K)->299K(384K) Class: 7K(128K)->7K(128K)
[2024-08-23T17:17:20.134+0800] GC(219) Pause Young (Allocation Failure) 521M->325M(791M) 2.398ms
[2024-08-23T17:17:20.134+0800] GC(219) User=0.00s Sys=0.00s Real=0.00s
[2024-08-23T17:17:21.555+0800] GC(220) Pause Young (Allocation Failure)
[2024-08-23T17:17:21.558+0800] GC(220) PSYoungGen: 260911K(298496K)->35840K(285184K) Eden: 230191K(248832K)->0K(248832K) From: 30720K(49664K)->35840K(36352K)
[2024-08-23T17:17:21.558+0800] GC(220) ParOldGen: 302849K(511488K)->313089K(511488K)
[2024-08-23T17:17:21.558+0800] GC(220) Metaspace: 307K(512K)->307K(512K) NonClass: 299K(384K)->299K(384K) Class: 7K(128K)->7K(128K)
[2024-08-23T17:17:21.558+0800] GC(220) Pause Young (Allocation Failure) 550M->340M(778M) 3.723ms
[2024-08-23T17:17:21.558+0800] GC(220) User=0.00s Sys=0.00s Real=0.00s
[2024-08-23T17:17:23.844+0800] GC(221) Pause Young (Allocation Failure)
[2024-08-23T17:17:23.845+0800] GC(221) PSYoungGen: 281392K(285184K)->10240K(297472K) Eden: 245552K(248832K)->0K(245248K) From: 35840K(36352K)->10240K(52224K)
[2024-08-23T17:17:23.845+0800] GC(221) ParOldGen: 313089K(511488K)->313089K(511488K)
[2024-08-23T17:17:23.845+0800] GC(221) Metaspace: 307K(512K)->307K(512K) NonClass: 299K(384K)->299K(384K) Class: 7K(128K)->7K(128K)
[2024-08-23T17:17:23.845+0800] GC(221) Pause Young (Allocation Failure) 580M->315M(790M) 1.055ms
[2024-08-23T17:17:23.845+0800] GC(221) User=0.00s Sys=0.00s Real=0.00s
[2024-08-23T17:17:25.481+0800] GC(222) Pause Young (Allocation Failure)
[2024-08-23T17:17:25.489+0800] GC(222) PSYoungGen: 250603K(297472K)->10240K(296960K) Eden: 240363K(245248K)->0K(245248K) From: 10240K(52224K)->10240K(51712K)
[2024-08-23T17:17:25.489+0800] GC(222) ParOldGen: 313089K(511488K)->369409K(511488K)
[2024-08-23T17:17:25.489+0800] GC(222) Metaspace: 307K(512K)->307K(512K) NonClass: 299K(384K)->299K(384K) Class: 7K(128K)->7K(128K)
[2024-08-23T17:17:25.489+0800] GC(222) Pause Young (Allocation Failure) 550M->370M(789M) 7.268ms
[2024-08-23T17:17:25.489+0800] GC(222) User=0.00s Sys=0.00s Real=0.01s
[2024-08-23T17:17:27.337+0800] GC(223) Pause Young (Allocation Failure)
[2024-08-23T17:17:27.338+0800] GC(223) PSYoungGen: 235245K(296960K)->5120K(298496K) Eden: 225005K(245248K)->0K(247808K) From: 10240K(51712K)->5120K(50688K)
[2024-08-23T17:17:27.338+0800] GC(223) ParOldGen: 369409K(511488K)->369409K(511488K)
[2024-08-23T17:17:27.338+0800] GC(223) Metaspace: 307K(512K)->307K(512K) NonClass: 299K(384K)->299K(384K) Class: 7K(128K)->7K(128K)
[2024-08-23T17:17:27.338+0800] GC(223) Pause Young (Allocation Failure) 590M->365M(791M) 0.865ms
[2024-08-23T17:17:27.338+0800] GC(223) User=0.00s Sys=0.00s Real=0.00s
[2024-08-23T17:17:28.756+0800] GC(224) Pause Young (Allocation Failure)
[2024-08-23T17:17:28.763+0800] GC(224) PSYoungGen: 235295K(298496K)->6144K(298496K) Eden: 230175K(247808K)->0K(247808K) From: 5120K(50688K)->6144K(50688K)
[2024-08-23T17:17:28.763+0800] GC(224) ParOldGen: 369409K(511488K)->420609K(511488K)
[2024-08-23T17:17:28.763+0800] GC(224) Metaspace: 307K(512K)->307K(512K) NonClass: 299K(384K)->299K(384K) Class: 7K(128K)->7K(128K)
[2024-08-23T17:17:28.763+0800] GC(224) Pause Young (Allocation Failure) 590M->416M(791M) 6.780ms
[2024-08-23T17:17:28.763+0800] GC(224) User=0.02s Sys=0.00s Real=0.01s
[2024-08-23T17:17:28.763+0800] GC(225) Pause Full (Ergonomics)
[2024-08-23T17:17:28.763+0800] GC(225) Marking Phase
[2024-08-23T17:17:28.764+0800] GC(225) Marking Phase 0.711ms
[2024-08-23T17:17:28.764+0800] GC(225) Summary Phase
[2024-08-23T17:17:28.764+0800] GC(225) Summary Phase 0.015ms
[2024-08-23T17:17:28.764+0800] GC(225) Adjust Roots
[2024-08-23T17:17:28.764+0800] GC(225) Adjust Roots 0.182ms
[2024-08-23T17:17:28.764+0800] GC(225) Compaction Phase
[2024-08-23T17:17:28.767+0800] GC(225) Compaction Phase 3.658ms
[2024-08-23T17:17:28.767+0800] GC(225) Post Compact
[2024-08-23T17:17:28.769+0800] GC(225) Post Compact 0.543ms
[2024-08-23T17:17:28.771+0800] GC(225) PSYoungGen: 6144K(298496K)->0K(299008K) Eden: 0K(247808K)->0K(248832K) From: 6144K(50688K)->0K(50176K)
[2024-08-23T17:17:28.771+0800] GC(225) ParOldGen: 420609K(511488K)->58368K(363520K)
[2024-08-23T17:17:28.771+0800] GC(225) Metaspace: 307K(512K)->307K(512K) NonClass: 299K(384K)->299K(384K) Class: 7K(128K)->7K(128K)
[2024-08-23T17:17:28.771+0800] GC(225) Pause Full (Ergonomics) 416M->57M(647M) 8.763ms
[2024-08-23T17:17:28.771+0800] GC(225) User=0.00s Sys=0.00s Real=0.01s
[2024-08-23T17:17:30.190+0800] GC(226) Pause Young (Allocation Failure)
[2024-08-23T17:17:30.195+0800] GC(226) PSYoungGen: 230195K(299008K)->11264K(299008K) Eden: 230195K(248832K)->0K(248832K) From: 0K(50176K)->11264K(50176K)
[2024-08-23T17:17:30.195+0800] GC(226) ParOldGen: 58368K(363520K)->109568K(363520K)
[2024-08-23T17:17:30.195+0800] GC(226) Metaspace: 307K(512K)->307K(512K) NonClass: 299K(384K)->299K(384K) Class: 7K(128K)->7K(128K)
[2024-08-23T17:17:30.195+0800] GC(226) Pause Young (Allocation Failure) 281M->118M(647M) 5.000ms
[2024-08-23T17:17:30.195+0800] GC(226) User=0.00s Sys=0.00s Real=0.00s
[2024-08-23T17:17:31.609+0800] GC(227) Pause Young (Allocation Failure)
[2024-08-23T17:17:31.614+0800] GC(227) PSYoungGen: 215843K(299008K)->10240K(302592K) Eden: 204579K(248832K)->0K(254464K) From: 11264K(50176K)->10240K(48128K)
[2024-08-23T17:17:31.614+0800] GC(227) ParOldGen: 109568K(363520K)->160768K(363520K)
[2024-08-23T17:17:31.614+0800] GC(227) Metaspace: 307K(512K)->307K(512K) NonClass: 299K(384K)->299K(384K) Class: 7K(128K)->7K(128K)
[2024-08-23T17:17:31.615+0800] GC(227) Pause Young (Allocation Failure) 317M->167M(650M) 5.702ms
[2024-08-23T17:17:31.615+0800] GC(227) User=0.00s Sys=0.00s Real=0.01s
[2024-08-23T17:17:33.043+0800] GC(228) Pause Young (Allocation Failure)
[2024-08-23T17:17:33.049+0800] GC(228) PSYoungGen: 240533K(302592K)->25600K(301056K) Eden: 230293K(254464K)->0K(254464K) From: 10240K(48128K)->25600K(46592K)
[2024-08-23T17:17:33.049+0800] GC(228) ParOldGen: 160768K(363520K)->222208K(363520K)
[2024-08-23T17:17:33.049+0800] GC(228) Metaspace: 307K(512K)->307K(512K) NonClass: 299K(384K)->299K(384K) Class: 7K(128K)->7K(128K)
[2024-08-23T17:17:33.049+0800] GC(228) Pause Young (Allocation Failure) 391M->242M(649M) 5.875ms
[2024-08-23T17:17:33.049+0800] GC(228) User=0.00s Sys=0.00s Real=0.01s
[2024-08-23T17:17:35.460+0800] GC(229) Pause Young (Allocation Failure)
[2024-08-23T17:17:35.461+0800] GC(229) PSYoungGen: 276377K(301056K)->10240K(304128K) Eden: 250777K(254464K)->0K(257536K) From: 25600K(46592K)->10240K(46592K)
[2024-08-23T17:17:35.461+0800] GC(229) ParOldGen: 222208K(363520K)->222208K(363520K)
[2024-08-23T17:17:35.461+0800] GC(229) Metaspace: 307K(512K)->307K(512K) NonClass: 299K(384K)->299K(384K) Class: 7K(128K)->7K(128K)
[2024-08-23T17:17:35.461+0800] GC(229) Pause Young (Allocation Failure) 486M->227M(652M) 1.234ms
[2024-08-23T17:17:35.461+0800] GC(229) User=0.00s Sys=0.00s Real=0.00s
[2024-08-23T17:17:37.098+0800] GC(230) Pause Young (Allocation Failure)
[2024-08-23T17:17:37.108+0800] GC(230) PSYoungGen: 261082K(304128K)->15360K(302592K) Eden: 250842K(257536K)->0K(257536K) From: 10240K(46592K)->15360K(45056K)
[2024-08-23T17:17:37.108+0800] GC(230) ParOldGen: 222208K(363520K)->329728K(363520K)
[2024-08-23T17:17:37.108+0800] GC(230) Metaspace: 307K(512K)->307K(512K) NonClass: 299K(384K)->299K(384K) Class: 7K(128K)->7K(128K)
[2024-08-23T17:17:37.108+0800] GC(230) Pause Young (Allocation Failure) 471M->337M(650M) 9.966ms
[2024-08-23T17:17:37.108+0800] GC(230) User=0.00s Sys=0.00s Real=0.01s
[2024-08-23T17:17:37.108+0800] GC(231) Pause Full (Ergonomics)
[2024-08-23T17:17:37.108+0800] GC(231) Marking Phase
[2024-08-23T17:17:37.108+0800] GC(231) Marking Phase 0.703ms
[2024-08-23T17:17:37.108+0800] GC(231) Summary Phase
[2024-08-23T17:17:37.108+0800] GC(231) Summary Phase 0.013ms
[2024-08-23T17:17:37.108+0800] GC(231) Adjust Roots
[2024-08-23T17:17:37.108+0800] GC(231) Adjust Roots 0.182ms
[2024-08-23T17:17:37.108+0800] GC(231) Compaction Phase
[2024-08-23T17:17:37.117+0800] GC(231) Compaction Phase 8.531ms
[2024-08-23T17:17:37.117+0800] GC(231) Post Compact
[2024-08-23T17:17:37.117+0800] GC(231) Post Compact 0.425ms
[2024-08-23T17:17:37.119+0800] GC(231) PSYoungGen: 15360K(302592K)->0K(306688K) Eden: 0K(257536K)->0K(264192K) From: 15360K(45056K)->0K(42496K)
[2024-08-23T17:17:37.119+0800] GC(231) ParOldGen: 329728K(363520K)->123649K(443392K)
[2024-08-23T17:17:37.119+0800] GC(231) Metaspace: 307K(512K)->307K(512K) NonClass: 299K(384K)->299K(384K) Class: 7K(128K)->7K(128K)
[2024-08-23T17:17:37.119+0800] GC(231) Pause Full (Ergonomics) 337M->120M(732M) 10.229ms
[2024-08-23T17:17:37.119+0800] GC(231) User=0.00s Sys=0.00s Real=0.01s
[2024-08-23T17:17:39.954+0800] GC(232) Pause Young (Allocation Failure)
[2024-08-23T17:17:39.955+0800] GC(232) PSYoungGen: 261215K(306688K)->21504K(306688K) Eden: 261215K(264192K)->0K(264192K) From: 0K(42496K)->21504K(42496K)
[2024-08-23T17:17:39.956+0800] GC(232) ParOldGen: 123649K(443392K)->123649K(443392K)
[2024-08-23T17:17:39.956+0800] GC(232) Metaspace: 307K(512K)->307K(512K) NonClass: 299K(384K)->299K(384K) Class: 7K(128K)->7K(128K)
[2024-08-23T17:17:39.956+0800] GC(232) Pause Young (Allocation Failure) 375M->141M(732M) 1.797ms
[2024-08-23T17:17:39.956+0800] GC(232) User=0.00s Sys=0.00s Real=0.00s
[2024-08-23T17:17:41.484+0800] GC(233) Pause Young (Allocation Failure)
[2024-08-23T17:17:41.488+0800] GC(233) PSYoungGen: 272466K(306688K)->35840K(299008K) Eden: 250962K(264192K)->0K(257024K) From: 21504K(42496K)->35840K(41984K)
[2024-08-23T17:17:41.488+0800] GC(233) ParOldGen: 123649K(443392K)->134913K(443392K)
[2024-08-23T17:17:41.488+0800] GC(233) Metaspace: 307K(512K)->307K(512K) NonClass: 299K(384K)->299K(384K) Class: 7K(128K)->7K(128K)
[2024-08-23T17:17:41.488+0800] GC(233) Pause Young (Allocation Failure) 386M->166M(725M) 4.051ms
[2024-08-23T17:17:41.488+0800] GC(233) User=0.02s Sys=0.00s Real=0.00s
[2024-08-23T17:17:43.014+0800] GC(234) Pause Young (Allocation Failure)
[2024-08-23T17:17:43.019+0800] GC(234) PSYoungGen: 286681K(299008K)->20480K(303104K) Eden: 250841K(257024K)->0K(257024K) From: 35840K(41984K)->20480K(46080K)
[2024-08-23T17:17:43.019+0800] GC(234) ParOldGen: 134913K(443392K)->186113K(443392K)
[2024-08-23T17:17:43.019+0800] GC(234) Metaspace: 307K(512K)->307K(512K) NonClass: 299K(384K)->299K(384K) Class: 7K(128K)->7K(128K)
[2024-08-23T17:17:43.020+0800] GC(234) Pause Young (Allocation Failure) 411M->201M(729M) 5.876ms
[2024-08-23T17:17:43.020+0800] GC(234) User=0.00s Sys=0.00s Real=0.01s
[2024-08-23T17:17:44.447+0800] GC(235) Pause Young (Allocation Failure)
[2024-08-23T17:17:44.454+0800] GC(235) PSYoungGen: 250840K(303104K)->5120K(305152K) Eden: 230360K(257024K)->0K(261120K) From: 20480K(46080K)->5120K(44032K)
[2024-08-23T17:17:44.454+0800] GC(235) ParOldGen: 186113K(443392K)->308993K(443392K)
[2024-08-23T17:17:44.454+0800] GC(235) Metaspace: 307K(512K)->307K(512K) NonClass: 299K(384K)->299K(384K) Class: 7K(128K)->7K(128K)
[2024-08-23T17:17:44.454+0800] GC(235) Pause Young (Allocation Failure) 426M->306M(731M) 6.862ms
[2024-08-23T17:17:44.454+0800] GC(235) User=0.00s Sys=0.00s Real=0.01s
[2024-08-23T17:17:44.454+0800] GC(236) Pause Full (Ergonomics)
[2024-08-23T17:17:44.454+0800] GC(236) Marking Phase
[2024-08-23T17:17:44.455+0800] GC(236) Marking Phase 0.763ms
[2024-08-23T17:17:44.455+0800] GC(236) Summary Phase
[2024-08-23T17:17:44.455+0800] GC(236) Summary Phase 0.013ms
[2024-08-23T17:17:44.455+0800] GC(236) Adjust Roots
[2024-08-23T17:17:44.455+0800] GC(236) Adjust Roots 0.219ms
[2024-08-23T17:17:44.455+0800] GC(236) Compaction Phase
[2024-08-23T17:17:44.459+0800] GC(236) Compaction Phase 4.780ms
[2024-08-23T17:17:44.459+0800] GC(236) Post Compact
[2024-08-23T17:17:44.460+0800] GC(236) Post Compact 0.430ms
[2024-08-23T17:17:44.461+0800] GC(236) PSYoungGen: 5120K(305152K)->0K(305152K) Eden: 0K(261120K)->0K(261120K) From: 5120K(44032K)->0K(44032K)
[2024-08-23T17:17:44.461+0800] GC(236) ParOldGen: 308993K(443392K)->77569K(405504K)
[2024-08-23T17:17:44.461+0800] GC(236) Metaspace: 307K(512K)->307K(512K) NonClass: 299K(384K)->299K(384K) Class: 7K(128K)->7K(128K)
[2024-08-23T17:17:44.461+0800] GC(236) Pause Full (Ergonomics) 306M->75M(694M) 6.639ms
[2024-08-23T17:17:44.461+0800] GC(236) User=0.00s Sys=0.00s Real=0.01s
[2024-08-23T17:17:45.880+0800] GC(237) Pause Young (Allocation Failure)
[2024-08-23T17:17:45.885+0800] GC(237) PSYoungGen: 230438K(305152K)->5120K(305664K) Eden: 230438K(261120K)->0K(261632K) From: 0K(44032K)->5120K(44032K)
[2024-08-23T17:17:45.885+0800] GC(237) ParOldGen: 77569K(405504K)->128769K(405504K)
[2024-08-23T17:17:45.885+0800] GC(237) Metaspace: 307K(512K)->307K(512K) NonClass: 299K(384K)->299K(384K) Class: 7K(128K)->7K(128K)
[2024-08-23T17:17:45.885+0800] GC(237) Pause Young (Allocation Failure) 300M->130M(694M) 4.677ms
[2024-08-23T17:17:45.885+0800] GC(237) User=0.00s Sys=0.00s Real=0.00s
[2024-08-23T17:17:47.314+0800] GC(238) Pause Young (Allocation Failure)
[2024-08-23T17:17:47.318+0800] GC(238) PSYoungGen: 220250K(305664K)->5120K(305152K) Eden: 215130K(261632K)->0K(261632K) From: 5120K(44032K)->5120K(43520K)
[2024-08-23T17:17:47.318+0800] GC(238) ParOldGen: 128769K(405504K)->179969K(405504K)
[2024-08-23T17:17:47.318+0800] GC(238) Metaspace: 307K(512K)->307K(512K) NonClass: 299K(384K)->299K(384K) Class: 7K(128K)->7K(128K)
[2024-08-23T17:17:47.318+0800] GC(238) Pause Young (Allocation Failure) 340M->180M(694M) 4.672ms
[2024-08-23T17:17:47.318+0800] GC(238) User=0.00s Sys=0.00s Real=0.00s
[2024-08-23T17:17:48.746+0800] GC(239) Pause Young (Allocation Failure)
[2024-08-23T17:17:48.750+0800] GC(239) PSYoungGen: 235465K(305152K)->6144K(307712K) Eden: 230345K(261632K)->0K(264704K) From: 5120K(43520K)->6144K(43008K)
[2024-08-23T17:17:48.750+0800] GC(239) ParOldGen: 179969K(405504K)->236289K(405504K)
[2024-08-23T17:17:48.750+0800] GC(239) Metaspace: 307K(512K)->307K(512K) NonClass: 299K(384K)->299K(384K) Class: 7K(128K)->7K(128K)
[2024-08-23T17:17:48.750+0800] GC(239) Pause Young (Allocation Failure) 405M->236M(696M) 5.253ms
[2024-08-23T17:17:48.750+0800] GC(239) User=0.00s Sys=0.00s Real=0.00s
[2024-08-23T17:17:51.489+0800] GC(240) Pause Young (Allocation Failure)
[2024-08-23T17:17:51.491+0800] GC(240) PSYoungGen: 226368K(307712K)->35840K(293376K) Eden: 220224K(264704K)->0K(257024K) From: 6144K(43008K)->35840K(36352K)
[2024-08-23T17:17:51.491+0800] GC(240) ParOldGen: 236289K(405504K)->236289K(405504K)
[2024-08-23T17:17:51.491+0800] GC(240) Metaspace: 307K(512K)->307K(512K) NonClass: 299K(384K)->299K(384K) Class: 7K(128K)->7K(128K)
[2024-08-23T17:17:51.492+0800] GC(240) Pause Young (Allocation Failure) 451M->265M(682M) 2.867ms
[2024-08-23T17:17:51.492+0800] GC(240) User=0.00s Sys=0.00s Real=0.00s
[2024-08-23T17:17:52.906+0800] GC(241) Pause Young (Allocation Failure)
[2024-08-23T17:17:52.909+0800] GC(241) PSYoungGen: 266165K(293376K)->46080K(286720K) Eden: 230325K(257024K)->0K(239616K) From: 35840K(36352K)->46080K(47104K)
[2024-08-23T17:17:52.909+0800] GC(241) ParOldGen: 236289K(405504K)->251649K(405504K)
[2024-08-23T17:17:52.909+0800] GC(241) Metaspace: 307K(512K)->307K(512K) NonClass: 299K(384K)->299K(384K) Class: 7K(128K)->7K(128K)
[2024-08-23T17:17:52.909+0800] GC(241) Pause Young (Allocation Failure) 490M->290M(676M) 3.551ms
[2024-08-23T17:17:52.909+0800] GC(241) User=0.00s Sys=0.00s Real=0.00s
[2024-08-23T17:17:54.329+0800] GC(242) Pause Young (Allocation Failure)
[2024-08-23T17:17:54.330+0800] GC(242) PSYoungGen: 240240K(286720K)->20480K(294400K) Eden: 194160K(239616K)->0K(239616K) From: 46080K(47104K)->20480K(54784K)
[2024-08-23T17:17:54.330+0800] GC(242) ParOldGen: 251649K(405504K)->251649K(405504K)
[2024-08-23T17:17:54.330+0800] GC(242) Metaspace: 307K(512K)->307K(512K) NonClass: 299K(384K)->299K(384K) Class: 7K(128K)->7K(128K)
[2024-08-23T17:17:54.330+0800] GC(242) Pause Young (Allocation Failure) 480M->265M(683M) 2.048ms
[2024-08-23T17:17:54.330+0800] GC(242) User=0.00s Sys=0.00s Real=0.00s
[2024-08-23T17:17:55.752+0800] GC(243) Pause Young (Allocation Failure)
[2024-08-23T17:17:55.758+0800] GC(243) PSYoungGen: 250482K(294400K)->25600K(298496K) Eden: 230002K(239616K)->0K(246784K) From: 20480K(54784K)->25600K(51712K)
[2024-08-23T17:17:55.758+0800] GC(243) ParOldGen: 251649K(405504K)->302849K(405504K)
[2024-08-23T17:17:55.758+0800] GC(243) Metaspace: 307K(512K)->307K(512K) NonClass: 299K(384K)->299K(384K) Class: 7K(128K)->7K(128K)
[2024-08-23T17:17:55.758+0800] GC(243) Pause Young (Allocation Failure) 490M->320M(687M) 6.116ms
[2024-08-23T17:17:55.758+0800] GC(243) User=0.00s Sys=0.00s Real=0.01s
[2024-08-23T17:17:55.758+0800] GC(244) Pause Full (Ergonomics)
[2024-08-23T17:17:55.758+0800] GC(244) Marking Phase
[2024-08-23T17:17:55.758+0800] GC(244) Marking Phase 0.731ms
[2024-08-23T17:17:55.758+0800] GC(244) Summary Phase
[2024-08-23T17:17:55.758+0800] GC(244) Summary Phase 0.013ms
[2024-08-23T17:17:55.760+0800] GC(244) Adjust Roots
[2024-08-23T17:17:55.760+0800] GC(244) Adjust Roots 0.211ms
[2024-08-23T17:17:55.760+0800] GC(244) Compaction Phase
[2024-08-23T17:17:55.765+0800] GC(244) Compaction Phase 4.783ms
[2024-08-23T17:17:55.765+0800] GC(244) Post Compact
[2024-08-23T17:17:55.765+0800] GC(244) Post Compact 0.393ms
[2024-08-23T17:17:55.765+0800] GC(244) PSYoungGen: 25600K(298496K)->0K(297472K) Eden: 0K(246784K)->0K(246784K) From: 25600K(51712K)->0K(50688K)
[2024-08-23T17:17:55.765+0800] GC(244) ParOldGen: 302849K(405504K)->77569K(368128K)
[2024-08-23T17:17:55.765+0800] GC(244) Metaspace: 307K(512K)->307K(512K) NonClass: 299K(384K)->299K(384K) Class: 7K(128K)->7K(128K)
[2024-08-23T17:17:55.765+0800] GC(244) Pause Full (Ergonomics) 320M->75M(650M) 6.516ms
[2024-08-23T17:17:55.765+0800] GC(244) User=0.00s Sys=0.00s Real=0.01s
[2024-08-23T17:17:57.183+0800] GC(245) Pause Young (Allocation Failure)
[2024-08-23T17:17:57.193+0800] GC(245) PSYoungGen: 230149K(297472K)->25600K(299520K) Eden: 230149K(246784K)->0K(248832K) From: 0K(50688K)->25600K(50688K)
[2024-08-23T17:17:57.193+0800] GC(245) ParOldGen: 77569K(368128K)->179969K(368128K)
[2024-08-23T17:17:57.193+0800] GC(245) Metaspace: 307K(512K)->307K(512K) NonClass: 299K(384K)->299K(384K) Class: 7K(128K)->7K(128K)
[2024-08-23T17:17:57.193+0800] GC(245) Pause Young (Allocation Failure) 300M->200M(652M) 9.771ms
[2024-08-23T17:17:57.193+0800] GC(245) User=0.00s Sys=0.00s Real=0.01s
[2024-08-23T17:17:58.618+0800] GC(246) Pause Young (Allocation Failure)
[2024-08-23T17:17:58.619+0800] GC(246) PSYoungGen: 235296K(299520K)->25600K(298496K) Eden: 209696K(248832K)->0K(248832K) From: 25600K(50688K)->25600K(49664K)
[2024-08-23T17:17:58.619+0800] GC(246) ParOldGen: 179969K(368128K)->179969K(368128K)
[2024-08-23T17:17:58.619+0800] GC(246) Metaspace: 307K(512K)->307K(512K) NonClass: 299K(384K)->299K(384K) Class: 7K(128K)->7K(128K)
[2024-08-23T17:17:58.619+0800] GC(246) Pause Young (Allocation Failure) 405M->200M(651M) 2.167ms
[2024-08-23T17:17:58.619+0800] GC(246) User=0.00s Sys=0.00s Real=0.00s
[2024-08-23T17:18:00.031+0800] GC(247) Pause Young (Allocation Failure)
[2024-08-23T17:18:00.033+0800] GC(247) PSYoungGen: 255780K(298496K)->31744K(298496K) Eden: 230180K(248832K)->0K(249856K) From: 25600K(49664K)->31744K(48640K)
[2024-08-23T17:18:00.033+0800] GC(247) ParOldGen: 179969K(368128K)->185089K(368128K)
[2024-08-23T17:18:00.033+0800] GC(247) Metaspace: 307K(512K)->307K(512K) NonClass: 299K(384K)->299K(384K) Class: 7K(128K)->7K(128K)
[2024-08-23T17:18:00.033+0800] GC(247) Pause Young (Allocation Failure) 425M->211M(651M) 2.774ms
[2024-08-23T17:18:00.033+0800] GC(247) User=0.00s Sys=0.00s Real=0.00s
[2024-08-23T17:18:02.542+0800] GC(248) Pause Young (Allocation Failure)
[2024-08-23T17:18:02.543+0800] GC(248) PSYoungGen: 272182K(298496K)->10240K(299520K) Eden: 240438K(249856K)->0K(249856K) From: 31744K(48640K)->10240K(49664K)
[2024-08-23T17:18:02.543+0800] GC(248) ParOldGen: 185089K(368128K)->185089K(368128K)
[2024-08-23T17:18:02.543+0800] GC(248) Metaspace: 307K(512K)->307K(512K) NonClass: 299K(384K)->299K(384K) Class: 7K(128K)->7K(128K)
[2024-08-23T17:18:02.543+0800] GC(248) Pause Young (Allocation Failure) 446M->190M(652M) 1.087ms
[2024-08-23T17:18:02.543+0800] GC(248) User=0.00s Sys=0.00s Real=0.00s
[2024-08-23T17:18:04.074+0800] GC(249) Pause Young (Allocation Failure)
[2024-08-23T17:18:04.076+0800] GC(249) PSYoungGen: 250685K(299520K)->35840K(294912K) Eden: 240445K(249856K)->0K(245760K) From: 10240K(49664K)->35840K(49152K)
[2024-08-23T17:18:04.076+0800] GC(249) ParOldGen: 185089K(368128K)->190209K(368128K)
[2024-08-23T17:18:04.076+0800] GC(249) Metaspace: 307K(512K)->307K(512K) NonClass: 299K(384K)->299K(384K) Class: 7K(128K)->7K(128K)
[2024-08-23T17:18:04.076+0800] GC(249) Pause Young (Allocation Failure) 425M->220M(647M) 3.040ms
[2024-08-23T17:18:04.076+0800] GC(249) User=0.00s Sys=0.00s Real=0.00s
[2024-08-23T17:18:05.715+0800] GC(250) Pause Young (Allocation Failure)
[2024-08-23T17:18:05.715+0800] GC(250) PSYoungGen: 245488K(294912K)->5120K(297472K) Eden: 209648K(245760K)->0K(245760K) From: 35840K(49152K)->5120K(51712K)
[2024-08-23T17:18:05.715+0800] GC(250) ParOldGen: 190209K(368128K)->190209K(368128K)
[2024-08-23T17:18:05.715+0800] GC(250) Metaspace: 307K(512K)->307K(512K) NonClass: 299K(384K)->299K(384K) Class: 7K(128K)->7K(128K)
[2024-08-23T17:18:05.715+0800] GC(250) Pause Young (Allocation Failure) 425M->190M(650M) 0.847ms
[2024-08-23T17:18:05.715+0800] GC(250) User=0.00s Sys=0.00s Real=0.00s
[2024-08-23T17:18:07.130+0800] GC(251) Pause Young (Allocation Failure)
[2024-08-23T17:18:07.140+0800] GC(251) PSYoungGen: 235249K(297472K)->25600K(298496K) Eden: 230129K(245760K)->0K(246784K) From: 5120K(51712K)->25600K(51712K)
[2024-08-23T17:18:07.140+0800] GC(251) ParOldGen: 190209K(368128K)->292609K(368128K)
[2024-08-23T17:18:07.140+0800] GC(251) Metaspace: 307K(512K)->307K(512K) NonClass: 299K(384K)->299K(384K) Class: 7K(128K)->7K(128K)
[2024-08-23T17:18:07.140+0800] GC(251) Pause Young (Allocation Failure) 415M->310M(651M) 9.861ms
[2024-08-23T17:18:07.140+0800] GC(251) User=0.00s Sys=0.00s Real=0.01s
[2024-08-23T17:18:07.140+0800] GC(252) Pause Full (Ergonomics)
[2024-08-23T17:18:07.141+0800] GC(252) Marking Phase
[2024-08-23T17:18:07.141+0800] GC(252) Marking Phase 0.697ms
[2024-08-23T17:18:07.141+0800] GC(252) Summary Phase
[2024-08-23T17:18:07.141+0800] GC(252) Summary Phase 0.013ms
[2024-08-23T17:18:07.141+0800] GC(252) Adjust Roots
[2024-08-23T17:18:07.141+0800] GC(252) Adjust Roots 0.165ms
[2024-08-23T17:18:07.141+0800] GC(252) Compaction Phase
[2024-08-23T17:18:07.150+0800] GC(252) Compaction Phase 8.435ms
[2024-08-23T17:18:07.150+0800] GC(252) Post Compact
[2024-08-23T17:18:07.150+0800] GC(252) Post Compact 0.480ms
[2024-08-23T17:18:07.151+0800] GC(252) PSYoungGen: 25600K(298496K)->0K(297472K) Eden: 0K(246784K)->0K(246784K) From: 25600K(51712K)->0K(50688K)
[2024-08-23T17:18:07.151+0800] GC(252) ParOldGen: 292609K(368128K)->128769K(434176K)
[2024-08-23T17:18:07.151+0800] GC(252) Metaspace: 307K(512K)->307K(512K) NonClass: 299K(384K)->299K(384K) Class: 7K(128K)->7K(128K)
[2024-08-23T17:18:07.151+0800] GC(252) Pause Full (Ergonomics) 310M->125M(714M) 10.190ms
[2024-08-23T17:18:07.151+0800] GC(252) User=0.00s Sys=0.00s Real=0.01s
[2024-08-23T17:18:08.566+0800] GC(253) Pause Young (Allocation Failure)
[2024-08-23T17:18:08.568+0800] GC(253) PSYoungGen: 230151K(297472K)->26624K(299520K) Eden: 230151K(246784K)->0K(248832K) From: 0K(50688K)->26624K(50688K)
[2024-08-23T17:18:08.568+0800] GC(253) ParOldGen: 128769K(434176K)->128769K(434176K)
[2024-08-23T17:18:08.568+0800] GC(253) Metaspace: 307K(512K)->307K(512K) NonClass: 299K(384K)->299K(384K) Class: 7K(128K)->7K(128K)
[2024-08-23T17:18:08.568+0800] GC(253) Pause Young (Allocation Failure) 350M->151M(716M) 2.358ms
[2024-08-23T17:18:08.568+0800] GC(253) User=0.00s Sys=0.00s Real=0.00s
[2024-08-23T17:18:09.981+0800] GC(254) Pause Young (Allocation Failure)
[2024-08-23T17:18:09.983+0800] GC(254) PSYoungGen: 231201K(299520K)->30720K(298496K) Eden: 204577K(248832K)->0K(248832K) From: 26624K(50688K)->30720K(49664K)
[2024-08-23T17:18:09.983+0800] GC(254) ParOldGen: 128769K(434176K)->128769K(434176K)
[2024-08-23T17:18:09.983+0800] GC(254) Metaspace: 307K(512K)->307K(512K) NonClass: 299K(384K)->299K(384K) Class: 7K(128K)->7K(128K)
[2024-08-23T17:18:09.983+0800] GC(254) Pause Young (Allocation Failure) 351M->155M(715M) 2.645ms
[2024-08-23T17:18:09.983+0800] GC(254) User=0.00s Sys=0.00s Real=0.00s
[2024-08-23T17:18:11.404+0800] GC(255) Pause Young (Allocation Failure)
[2024-08-23T17:18:11.407+0800] GC(255) PSYoungGen: 260901K(298496K)->35840K(294912K) Eden: 230181K(248832K)->0K(244736K) From: 30720K(49664K)->35840K(50176K)
[2024-08-23T17:18:11.407+0800] GC(255) ParOldGen: 128769K(434176K)->139009K(434176K)
[2024-08-23T17:18:11.407+0800] GC(255) Metaspace: 307K(512K)->307K(512K) NonClass: 299K(384K)->299K(384K) Class: 7K(128K)->7K(128K)
[2024-08-23T17:18:11.407+0800] GC(255) Pause Young (Allocation Failure) 380M->170M(712M) 3.446ms
[2024-08-23T17:18:11.407+0800] GC(255) User=0.00s Sys=0.00s Real=0.00s
[2024-08-23T17:18:13.586+0800] GC(256) Pause Young (Allocation Failure)
[2024-08-23T17:18:13.586+0800] GC(256) PSYoungGen: 276185K(294912K)->10240K(296960K) Eden: 240345K(244736K)->0K(244736K) From: 35840K(50176K)->10240K(52224K)
[2024-08-23T17:18:13.586+0800] GC(256) ParOldGen: 139009K(434176K)->139009K(434176K)
[2024-08-23T17:18:13.586+0800] GC(256) Metaspace: 307K(512K)->307K(512K) NonClass: 299K(384K)->299K(384K) Class: 7K(128K)->7K(128K)
[2024-08-23T17:18:13.586+0800] GC(256) Pause Young (Allocation Failure) 405M->145M(714M) 0.818ms
[2024-08-23T17:18:13.587+0800] GC(256) User=0.00s Sys=0.00s Real=0.00s
[2024-08-23T17:18:15.222+0800] GC(257) Pause Young (Allocation Failure)
[2024-08-23T17:18:15.227+0800] GC(257) PSYoungGen: 250589K(296960K)->10240K(297984K) Eden: 240349K(244736K)->0K(246272K) From: 10240K(52224K)->10240K(51712K)
[2024-08-23T17:18:15.227+0800] GC(257) ParOldGen: 139009K(434176K)->195329K(434176K)
[2024-08-23T17:18:15.227+0800] GC(257) Metaspace: 307K(512K)->307K(512K) NonClass: 299K(384K)->299K(384K) Class: 7K(128K)->7K(128K)
[2024-08-23T17:18:15.227+0800] GC(257) Pause Young (Allocation Failure) 380M->200M(715M) 5.383ms
[2024-08-23T17:18:15.227+0800] GC(257) User=0.00s Sys=0.00s Real=0.01s
[2024-08-23T17:18:17.186+0800] GC(258) Pause Young (Allocation Failure)
[2024-08-23T17:18:17.186+0800] GC(258) PSYoungGen: 240383K(297984K)->5120K(297472K) Eden: 230143K(246272K)->0K(246272K) From: 10240K(51712K)->5120K(51200K)
[2024-08-23T17:18:17.186+0800] GC(258) ParOldGen: 195329K(434176K)->195329K(434176K)
[2024-08-23T17:18:17.186+0800] GC(258) Metaspace: 307K(512K)->307K(512K) NonClass: 299K(384K)->299K(384K) Class: 7K(128K)->7K(128K)
[2024-08-23T17:18:17.187+0800] GC(258) Pause Young (Allocation Failure) 425M->195M(714M) 0.832ms
[2024-08-23T17:18:17.187+0800] GC(258) User=0.00s Sys=0.00s Real=0.00s
[2024-08-23T17:18:18.604+0800] GC(259) Pause Young (Allocation Failure)
[2024-08-23T17:18:18.608+0800] GC(259) PSYoungGen: 235264K(297472K)->6144K(299008K) Eden: 230143K(246272K)->0K(248320K) From: 5120K(51200K)->6144K(50688K)
[2024-08-23T17:18:18.608+0800] GC(259) ParOldGen: 195329K(434176K)->246529K(434176K)
[2024-08-23T17:18:18.608+0800] GC(259) Metaspace: 307K(512K)->307K(512K) NonClass: 299K(384K)->299K(384K) Class: 7K(128K)->7K(128K)
[2024-08-23T17:18:18.608+0800] GC(259) Pause Young (Allocation Failure) 420M->246M(716M) 5.050ms
[2024-08-23T17:18:18.608+0800] GC(259) User=0.00s Sys=0.00s Real=0.00s
[2024-08-23T17:18:20.042+0800] GC(260) Pause Young (Allocation Failure)
[2024-08-23T17:18:20.047+0800] GC(260) PSYoungGen: 236328K(299008K)->11264K(298496K) Eden: 230184K(248320K)->0K(248320K) From: 6144K(50688K)->11264K(50176K)
[2024-08-23T17:18:20.047+0800] GC(260) ParOldGen: 246529K(434176K)->303873K(434176K)
[2024-08-23T17:18:20.047+0800] GC(260) Metaspace: 307K(512K)->307K(512K) NonClass: 299K(384K)->299K(384K) Class: 7K(128K)->7K(128K)
[2024-08-23T17:18:20.047+0800] GC(260) Pause Young (Allocation Failure) 471M->307M(715M) 5.478ms
[2024-08-23T17:18:20.047+0800] GC(260) User=0.00s Sys=0.00s Real=0.00s
[2024-08-23T17:18:21.463+0800] GC(261) Pause Young (Allocation Failure)
[2024-08-23T17:18:21.467+0800] GC(261) PSYoungGen: 215848K(298496K)->10240K(302592K) Eden: 204584K(248320K)->0K(254464K) From: 11264K(50176K)->10240K(48128K)
[2024-08-23T17:18:21.467+0800] GC(261) ParOldGen: 303873K(434176K)->355073K(434176K)
[2024-08-23T17:18:21.467+0800] GC(261) Metaspace: 307K(512K)->307K(512K) NonClass: 299K(384K)->299K(384K) Class: 7K(128K)->7K(128K)
[2024-08-23T17:18:21.467+0800] GC(261) Pause Young (Allocation Failure) 507M->356M(719M) 4.953ms
[2024-08-23T17:18:21.467+0800] GC(261) User=0.00s Sys=0.00s Real=0.00s
[2024-08-23T17:18:21.467+0800] GC(262) Pause Full (Ergonomics)
[2024-08-23T17:18:21.468+0800] GC(262) Marking Phase
[2024-08-23T17:18:21.469+0800] GC(262) Marking Phase 0.712ms
[2024-08-23T17:18:21.469+0800] GC(262) Summary Phase
[2024-08-23T17:18:21.469+0800] GC(262) Summary Phase 0.013ms
[2024-08-23T17:18:21.469+0800] GC(262) Adjust Roots
[2024-08-23T17:18:21.469+0800] GC(262) Adjust Roots 0.228ms
[2024-08-23T17:18:21.469+0800] GC(262) Compaction Phase
[2024-08-23T17:18:21.473+0800] GC(262) Compaction Phase 3.871ms
[2024-08-23T17:18:21.473+0800] GC(262) Post Compact
[2024-08-23T17:18:21.473+0800] GC(262) Post Compact 0.427ms
[2024-08-23T17:18:21.473+0800] GC(262) PSYoungGen: 10240K(302592K)->0K(301056K) Eden: 0K(254464K)->0K(254464K) From: 10240K(48128K)->0K(46592K)
[2024-08-23T17:18:21.473+0800] GC(262) ParOldGen: 355073K(434176K)->62209K(350720K)
[2024-08-23T17:18:21.473+0800] GC(262) Metaspace: 307K(512K)->307K(512K) NonClass: 299K(384K)->299K(384K) Class: 7K(128K)->7K(128K)
[2024-08-23T17:18:21.473+0800] GC(262) Pause Full (Ergonomics) 356M->60M(636M) 6.480ms
[2024-08-23T17:18:21.473+0800] GC(262) User=0.00s Sys=0.00s Real=0.01s
[2024-08-23T17:18:22.897+0800] GC(263) Pause Young (Allocation Failure)
[2024-08-23T17:18:22.902+0800] GC(263) PSYoungGen: 230303K(301056K)->25600K(302592K) Eden: 230303K(254464K)->0K(256000K) From: 0K(46592K)->25600K(46592K)
[2024-08-23T17:18:22.902+0800] GC(263) ParOldGen: 62209K(350720K)->113409K(350720K)
[2024-08-23T17:18:22.902+0800] GC(263) Metaspace: 307K(512K)->307K(512K) NonClass: 299K(384K)->299K(384K) Class: 7K(128K)->7K(128K)
[2024-08-23T17:18:22.902+0800] GC(263) Pause Young (Allocation Failure) 285M->135M(638M) 5.434ms
[2024-08-23T17:18:22.902+0800] GC(263) User=0.00s Sys=0.00s Real=0.00s
[2024-08-23T17:18:25.314+0800] GC(264) Pause Young (Allocation Failure)
[2024-08-23T17:18:25.315+0800] GC(264) PSYoungGen: 276398K(302592K)->10240K(302592K) Eden: 250798K(256000K)->0K(256000K) From: 25600K(46592K)->10240K(46592K)
[2024-08-23T17:18:25.315+0800] GC(264) ParOldGen: 113409K(350720K)->113409K(350720K)
[2024-08-23T17:18:25.315+0800] GC(264) Metaspace: 307K(512K)->307K(512K) NonClass: 299K(384K)->299K(384K) Class: 7K(128K)->7K(128K)
[2024-08-23T17:18:25.315+0800] GC(264) Pause Young (Allocation Failure) 380M->120M(638M) 0.971ms
[2024-08-23T17:18:25.315+0800] GC(264) User=0.00s Sys=0.00s Real=0.00s
[2024-08-23T17:18:26.947+0800] GC(265) Pause Young (Allocation Failure)
[2024-08-23T17:18:26.957+0800] GC(265) PSYoungGen: 261045K(302592K)->15360K(306688K) Eden: 250805K(256000K)->0K(261632K) From: 10240K(46592K)->15360K(45056K)
[2024-08-23T17:18:26.957+0800] GC(265) ParOldGen: 113409K(350720K)->220929K(350720K)
[2024-08-23T17:18:26.957+0800] GC(265) Metaspace: 307K(512K)->307K(512K) NonClass: 299K(384K)->299K(384K) Class: 7K(128K)->7K(128K)
[2024-08-23T17:18:26.957+0800] GC(265) Pause Young (Allocation Failure) 365M->230M(642M) 10.621ms
[2024-08-23T17:18:26.957+0800] GC(265) User=0.00s Sys=0.00s Real=0.01s
[2024-08-23T17:18:26.957+0800] GC(266) Pause Full (Ergonomics)
[2024-08-23T17:18:26.957+0800] GC(266) Marking Phase
[2024-08-23T17:18:26.958+0800] GC(266) Marking Phase 0.740ms
[2024-08-23T17:18:26.958+0800] GC(266) Summary Phase
[2024-08-23T17:18:26.958+0800] GC(266) Summary Phase 0.013ms
[2024-08-23T17:18:26.958+0800] GC(266) Adjust Roots
[2024-08-23T17:18:26.958+0800] GC(266) Adjust Roots 0.212ms
[2024-08-23T17:18:26.958+0800] GC(266) Compaction Phase
[2024-08-23T17:18:26.967+0800] GC(266) Compaction Phase 7.963ms
[2024-08-23T17:18:26.967+0800] GC(266) Post Compact
[2024-08-23T17:18:26.967+0800] GC(266) Post Compact 0.278ms
[2024-08-23T17:18:26.967+0800] GC(266) PSYoungGen: 15360K(306688K)->0K(304128K) Eden: 0K(261632K)->0K(261632K) From: 15360K(45056K)->0K(42496K)
[2024-08-23T17:18:26.967+0800] GC(266) ParOldGen: 220929K(350720K)->123649K(424448K)
[2024-08-23T17:18:26.968+0800] GC(266) Metaspace: 307K(512K)->307K(512K) NonClass: 299K(384K)->299K(384K) Class: 7K(128K)->7K(128K)
[2024-08-23T17:18:26.968+0800] GC(266) Pause Full (Ergonomics) 230M->120M(711M) 9.536ms
[2024-08-23T17:18:26.968+0800] GC(266) User=0.00s Sys=0.00s Real=0.01s
[2024-08-23T17:18:29.806+0800] GC(267) Pause Young (Allocation Failure)
[2024-08-23T17:18:29.807+0800] GC(267) PSYoungGen: 261161K(304128K)->21504K(307200K) Eden: 261161K(261632K)->0K(264704K) From: 0K(42496K)->21504K(42496K)
[2024-08-23T17:18:29.807+0800] GC(267) ParOldGen: 123649K(424448K)->123649K(424448K)
[2024-08-23T17:18:29.807+0800] GC(267) Metaspace: 307K(512K)->307K(512K) NonClass: 299K(384K)->299K(384K) Class: 7K(128K)->7K(128K)
[2024-08-23T17:18:29.807+0800] GC(267) Pause Young (Allocation Failure) 375M->141M(714M) 1.589ms
[2024-08-23T17:18:29.807+0800] GC(267) User=0.00s Sys=0.00s Real=0.00s
[2024-08-23T17:18:31.336+0800] GC(268) Pause Young (Allocation Failure)
[2024-08-23T17:18:31.340+0800] GC(268) PSYoungGen: 272474K(307200K)->35840K(301056K) Eden: 250970K(264704K)->0K(264704K) From: 21504K(42496K)->35840K(36352K)
[2024-08-23T17:18:31.340+0800] GC(268) ParOldGen: 123649K(424448K)->134913K(424448K)
[2024-08-23T17:18:31.340+0800] GC(268) Metaspace: 307K(512K)->307K(512K) NonClass: 299K(384K)->299K(384K) Class: 7K(128K)->7K(128K)
[2024-08-23T17:18:31.340+0800] GC(268) Pause Young (Allocation Failure) 386M->166M(708M) 3.447ms
[2024-08-23T17:18:31.340+0800] GC(268) User=0.00s Sys=0.00s Real=0.00s
[2024-08-23T17:18:32.863+0800] GC(269) Pause Young (Allocation Failure)
[2024-08-23T17:18:32.868+0800] GC(269) PSYoungGen: 286831K(301056K)->20480K(305152K) Eden: 250991K(264704K)->0K(259072K) From: 35840K(36352K)->20480K(46080K)
[2024-08-23T17:18:32.868+0800] GC(269) ParOldGen: 134913K(424448K)->186113K(424448K)
[2024-08-23T17:18:32.868+0800] GC(269) Metaspace: 307K(512K)->307K(512K) NonClass: 299K(384K)->299K(384K) Class: 7K(128K)->7K(128K)
[2024-08-23T17:18:32.868+0800] GC(269) Pause Young (Allocation Failure) 411M->201M(712M) 5.258ms
[2024-08-23T17:18:32.868+0800] GC(269) User=0.00s Sys=0.00s Real=0.01s
[2024-08-23T17:18:34.296+0800] GC(270) Pause Young (Allocation Failure)
[2024-08-23T17:18:34.303+0800] GC(270) PSYoungGen: 250878K(305152K)->5120K(303104K) Eden: 230398K(259072K)->0K(259072K) From: 20480K(46080K)->5120K(44032K)
[2024-08-23T17:18:34.303+0800] GC(270) ParOldGen: 186113K(424448K)->308993K(424448K)
[2024-08-23T17:18:34.303+0800] GC(270) Metaspace: 307K(512K)->307K(512K) NonClass: 299K(384K)->299K(384K) Class: 7K(128K)->7K(128K)
[2024-08-23T17:18:34.303+0800] GC(270) Pause Young (Allocation Failure) 426M->306M(710M) 6.909ms
[2024-08-23T17:18:34.303+0800] GC(270) User=0.00s Sys=0.00s Real=0.01s
[2024-08-23T17:18:34.303+0800] GC(271) Pause Full (Ergonomics)
[2024-08-23T17:18:34.303+0800] GC(271) Marking Phase
[2024-08-23T17:18:34.303+0800] GC(271) Marking Phase 0.794ms
[2024-08-23T17:18:34.303+0800] GC(271) Summary Phase
[2024-08-23T17:18:34.303+0800] GC(271) Summary Phase 0.013ms
[2024-08-23T17:18:34.303+0800] GC(271) Adjust Roots
[2024-08-23T17:18:34.304+0800] GC(271) Adjust Roots 0.222ms
[2024-08-23T17:18:34.304+0800] GC(271) Compaction Phase
[2024-08-23T17:18:34.309+0800] GC(271) Compaction Phase 5.120ms
[2024-08-23T17:18:34.309+0800] GC(271) Post Compact
[2024-08-23T17:18:34.309+0800] GC(271) Post Compact 0.368ms
[2024-08-23T17:18:34.309+0800] GC(271) PSYoungGen: 5120K(303104K)->0K(305152K) Eden: 0K(259072K)->0K(261120K) From: 5120K(44032K)->0K(44032K)
[2024-08-23T17:18:34.309+0800] GC(271) ParOldGen: 308993K(424448K)->77569K(387584K)
[2024-08-23T17:18:34.309+0800] GC(271) Metaspace: 307K(512K)->307K(512K) NonClass: 299K(384K)->299K(384K) Class: 7K(128K)->7K(128K)
[2024-08-23T17:18:34.309+0800] GC(271) Pause Full (Ergonomics) 306M->75M(676M) 6.909ms
[2024-08-23T17:18:34.309+0800] GC(271) User=0.02s Sys=0.00s Real=0.01s
[2024-08-23T17:18:35.729+0800] GC(272) Pause Young (Allocation Failure)
[2024-08-23T17:18:35.733+0800] GC(272) PSYoungGen: 230437K(305152K)->5120K(305152K) Eden: 230437K(261120K)->0K(261120K) From: 0K(44032K)->5120K(44032K)
[2024-08-23T17:18:35.733+0800] GC(272) ParOldGen: 77569K(387584K)->128769K(387584K)
[2024-08-23T17:18:35.733+0800] GC(272) Metaspace: 307K(512K)->307K(512K) NonClass: 299K(384K)->299K(384K) Class: 7K(128K)->7K(128K)
[2024-08-23T17:18:35.733+0800] GC(272) Pause Young (Allocation Failure) 300M->130M(676M) 4.813ms
[2024-08-23T17:18:35.733+0800] GC(272) User=0.00s Sys=0.00s Real=0.00s
[2024-08-23T17:18:37.145+0800] GC(273) Pause Young (Allocation Failure)
[2024-08-23T17:18:37.149+0800] GC(273) PSYoungGen: 220216K(305152K)->5120K(306176K) Eden: 215096K(261120K)->0K(262656K) From: 5120K(44032K)->5120K(43520K)
[2024-08-23T17:18:37.149+0800] GC(273) ParOldGen: 128769K(387584K)->179969K(387584K)
[2024-08-23T17:18:37.149+0800] GC(273) Metaspace: 307K(512K)->307K(512K) NonClass: 299K(384K)->299K(384K) Class: 7K(128K)->7K(128K)
[2024-08-23T17:18:37.149+0800] GC(273) Pause Young (Allocation Failure) 340M->180M(677M) 4.579ms
[2024-08-23T17:18:37.149+0800] GC(273) User=0.00s Sys=0.00s Real=0.00s
[2024-08-23T17:18:38.566+0800] GC(274) Pause Young (Allocation Failure)
[2024-08-23T17:18:38.570+0800] GC(274) PSYoungGen: 235484K(306176K)->6144K(305664K) Eden: 230364K(262656K)->0K(262656K) From: 5120K(43520K)->6144K(43008K)
[2024-08-23T17:18:38.570+0800] GC(274) ParOldGen: 179969K(387584K)->236289K(387584K)
[2024-08-23T17:18:38.570+0800] GC(274) Metaspace: 307K(512K)->307K(512K) NonClass: 299K(384K)->299K(384K) Class: 7K(128K)->7K(128K)
[2024-08-23T17:18:38.570+0800] GC(274) Pause Young (Allocation Failure) 405M->236M(677M) 4.841ms
[2024-08-23T17:18:38.570+0800] GC(274) User=0.00s Sys=0.00s Real=0.00s
[2024-08-23T17:18:41.295+0800] GC(275) Pause Young (Allocation Failure)
[2024-08-23T17:18:41.298+0800] GC(275) PSYoungGen: 226327K(305664K)->35840K(296960K) Eden: 220183K(262656K)->0K(254976K) From: 6144K(43008K)->35840K(41984K)
[2024-08-23T17:18:41.298+0800] GC(275) ParOldGen: 236289K(387584K)->236289K(387584K)
[2024-08-23T17:18:41.298+0800] GC(275) Metaspace: 307K(512K)->307K(512K) NonClass: 299K(384K)->299K(384K) Class: 7K(128K)->7K(128K)
[2024-08-23T17:18:41.298+0800] GC(275) Pause Young (Allocation Failure) 451M->265M(668M) 2.877ms
[2024-08-23T17:18:41.298+0800] GC(275) User=0.00s Sys=0.00s Real=0.00s
[2024-08-23T17:18:42.712+0800] GC(276) Pause Young (Allocation Failure)
[2024-08-23T17:18:42.715+0800] GC(276) PSYoungGen: 266125K(296960K)->46080K(293888K) Eden: 230285K(254976K)->0K(247296K) From: 35840K(41984K)->46080K(46592K)
[2024-08-23T17:18:42.715+0800] GC(276) ParOldGen: 236289K(387584K)->251649K(387584K)
[2024-08-23T17:18:42.715+0800] GC(276) Metaspace: 307K(512K)->307K(512K) NonClass: 299K(384K)->299K(384K) Class: 7K(128K)->7K(128K)
[2024-08-23T17:18:42.715+0800] GC(276) Pause Young (Allocation Failure) 490M->290M(665M) 3.637ms
[2024-08-23T17:18:42.715+0800] GC(276) User=0.00s Sys=0.00s Real=0.00s
[2024-08-23T17:18:44.235+0800] GC(277) Pause Young (Allocation Failure)
[2024-08-23T17:18:44.241+0800] GC(277) PSYoungGen: 291592K(293888K)->0K(287232K) Eden: 245512K(247296K)->0K(239616K) From: 46080K(46592K)->0K(47616K)
[2024-08-23T17:18:44.241+0800] GC(277) ParOldGen: 251649K(387584K)->354049K(387584K)
[2024-08-23T17:18:44.241+0800] GC(277) Metaspace: 307K(512K)->307K(512K) NonClass: 299K(384K)->299K(384K) Class: 7K(128K)->7K(128K)
[2024-08-23T17:18:44.241+0800] GC(277) Pause Young (Allocation Failure) 530M->345M(659M) 5.666ms
[2024-08-23T17:18:44.241+0800] GC(277) User=0.00s Sys=0.00s Real=0.01s
[2024-08-23T17:18:44.241+0800] GC(278) Pause Full (Ergonomics)
[2024-08-23T17:18:44.241+0800] GC(278) Marking Phase
[2024-08-23T17:18:44.242+0800] GC(278) Marking Phase 0.762ms
[2024-08-23T17:18:44.242+0800] GC(278) Summary Phase
[2024-08-23T17:18:44.242+0800] GC(278) Summary Phase 0.013ms
[2024-08-23T17:18:44.242+0800] GC(278) Adjust Roots
[2024-08-23T17:18:44.242+0800] GC(278) Adjust Roots 0.180ms
[2024-08-23T17:18:44.242+0800] GC(278) Compaction Phase
[2024-08-23T17:18:44.245+0800] GC(278) Compaction Phase 3.418ms
[2024-08-23T17:18:44.245+0800] GC(278) Post Compact
[2024-08-23T17:18:44.246+0800] GC(278) Post Compact 0.421ms
[2024-08-23T17:18:44.246+0800] GC(278) PSYoungGen: 0K(287232K)->0K(294400K) Eden: 0K(239616K)->0K(239616K) From: 0K(47616K)->0K(54784K)
[2024-08-23T17:18:44.246+0800] GC(278) ParOldGen: 354049K(387584K)->52224K(348160K)
[2024-08-23T17:18:44.246+0800] GC(278) Metaspace: 307K(512K)->307K(512K) NonClass: 299K(384K)->299K(384K) Class: 7K(128K)->7K(128K)
[2024-08-23T17:18:44.246+0800] GC(278) Pause Full (Ergonomics) 345M->51M(627M) 5.514ms
[2024-08-23T17:18:44.246+0800] GC(278) User=0.00s Sys=0.00s Real=0.01s
[2024-08-23T17:18:45.673+0800] GC(279) Pause Young (Allocation Failure)
[2024-08-23T17:18:45.677+0800] GC(279) PSYoungGen: 230006K(294400K)->5120K(295936K) Eden: 230006K(239616K)->0K(241152K) From: 0K(54784K)->5120K(54784K)
[2024-08-23T17:18:45.677+0800] GC(279) ParOldGen: 52224K(348160K)->103424K(348160K)
[2024-08-23T17:18:45.677+0800] GC(279) Metaspace: 307K(512K)->307K(512K) NonClass: 299K(384K)->299K(384K) Class: 7K(128K)->7K(128K)
[2024-08-23T17:18:45.677+0800] GC(279) Pause Young (Allocation Failure) 275M->106M(629M) 4.571ms
[2024-08-23T17:18:45.677+0800] GC(279) User=0.00s Sys=0.00s Real=0.00s
[2024-08-23T17:18:47.091+0800] GC(280) Pause Young (Allocation Failure)
[2024-08-23T17:18:47.102+0800] GC(280) PSYoungGen: 235145K(295936K)->51200K(285696K) Eden: 230025K(241152K)->0K(233984K) From: 5120K(54784K)->51200K(51712K)
[2024-08-23T17:18:47.102+0800] GC(280) ParOldGen: 103424K(348160K)->216064K(348160K)
[2024-08-23T17:18:47.102+0800] GC(280) Metaspace: 307K(512K)->307K(512K) NonClass: 299K(384K)->299K(384K) Class: 7K(128K)->7K(128K)
[2024-08-23T17:18:47.102+0800] GC(280) Pause Young (Allocation Failure) 330M->261M(619M) 11.250ms
[2024-08-23T17:18:47.102+0800] GC(280) User=0.00s Sys=0.00s Real=0.01s
[2024-08-23T17:18:47.103+0800] GC(281) Pause Full (Ergonomics)
[2024-08-23T17:18:47.103+0800] GC(281) Marking Phase
[2024-08-23T17:18:47.103+0800] GC(281) Marking Phase 0.881ms
[2024-08-23T17:18:47.103+0800] GC(281) Summary Phase
[2024-08-23T17:18:47.103+0800] GC(281) Summary Phase 0.014ms
[2024-08-23T17:18:47.103+0800] GC(281) Adjust Roots
[2024-08-23T17:18:47.104+0800] GC(281) Adjust Roots 0.184ms
[2024-08-23T17:18:47.104+0800] GC(281) Compaction Phase
[2024-08-23T17:18:47.114+0800] GC(281) Compaction Phase 10.892ms
[2024-08-23T17:18:47.114+0800] GC(281) Post Compact
[2024-08-23T17:18:47.114+0800] GC(281) Post Compact 0.338ms
[2024-08-23T17:18:47.115+0800] GC(281) PSYoungGen: 51200K(285696K)->0K(280576K) Eden: 0K(233984K)->0K(224256K) From: 51200K(51712K)->0K(56320K)
[2024-08-23T17:18:47.115+0800] GC(281) ParOldGen: 216064K(348160K)->216064K(518656K)
[2024-08-23T17:18:47.115+0800] GC(281) Metaspace: 307K(512K)->307K(512K) NonClass: 299K(384K)->299K(384K) Class: 7K(128K)->7K(128K)
[2024-08-23T17:18:47.115+0800] GC(281) Pause Full (Ergonomics) 261M->211M(780M) 12.832ms
[2024-08-23T17:18:47.115+0800] GC(281) User=0.00s Sys=0.00s Real=0.01s
[2024-08-23T17:18:48.544+0800] GC(282) Pause Young (Allocation Failure)
[2024-08-23T17:18:48.548+0800] GC(282) PSYoungGen: 209219K(280576K)->56320K(274944K) Eden: 209219K(224256K)->0K(218112K) From: 0K(56320K)->56320K(56832K)
[2024-08-23T17:18:48.548+0800] GC(282) ParOldGen: 216064K(518656K)->216064K(518656K)
[2024-08-23T17:18:48.548+0800] GC(282) Metaspace: 307K(512K)->307K(512K) NonClass: 299K(384K)->299K(384K) Class: 7K(128K)->7K(128K)
[2024-08-23T17:18:48.548+0800] GC(282) Pause Young (Allocation Failure) 415M->266M(775M) 5.037ms
[2024-08-23T17:18:48.548+0800] GC(282) User=0.00s Sys=0.00s Real=0.00s
[2024-08-23T17:18:49.869+0800] GC(283) Pause Young (Allocation Failure)
[2024-08-23T17:18:49.872+0800] GC(283) PSYoungGen: 234688K(274944K)->31744K(278016K) Eden: 178368K(218112K)->0K(209920K) From: 56320K(56832K)->31744K(68096K)
[2024-08-23T17:18:49.872+0800] GC(283) ParOldGen: 216064K(518656K)->221184K(518656K)
[2024-08-23T17:18:49.872+0800] GC(283) Metaspace: 307K(512K)->307K(512K) NonClass: 299K(384K)->299K(384K) Class: 7K(128K)->7K(128K)
[2024-08-23T17:18:49.872+0800] GC(283) Pause Young (Allocation Failure) 440M->247M(778M) 3.059ms
[2024-08-23T17:18:49.872+0800] GC(283) User=0.00s Sys=0.00s Real=0.00s
[2024-08-23T17:18:51.725+0800] GC(284) Pause Young (Allocation Failure)
[2024-08-23T17:18:51.726+0800] GC(284) PSYoungGen: 240669K(278016K)->10240K(279552K) Eden: 208925K(209920K)->0K(209920K) From: 31744K(68096K)->10240K(69632K)
[2024-08-23T17:18:51.726+0800] GC(284) ParOldGen: 221184K(518656K)->221184K(518656K)
[2024-08-23T17:18:51.726+0800] GC(284) Metaspace: 307K(512K)->307K(512K) NonClass: 299K(384K)->299K(384K) Class: 7K(128K)->7K(128K)
[2024-08-23T17:18:51.726+0800] GC(284) Pause Young (Allocation Failure) 451M->226M(779M) 1.249ms
[2024-08-23T17:18:51.726+0800] GC(284) User=0.00s Sys=0.00s Real=0.00s
[2024-08-23T17:18:52.818+0800] GC(285) Pause Young (Allocation Failure)
[2024-08-23T17:18:52.823+0800] GC(285) PSYoungGen: 137256K(279552K)->25600K(284672K) Eden: 127016K(209920K)->0K(217088K) From: 10240K(69632K)->25600K(67584K)
[2024-08-23T17:18:52.823+0800] GC(285) ParOldGen: 221184K(518656K)->272384K(518656K)
[2024-08-23T17:18:52.823+0800] GC(285) Metaspace: 307K(512K)->307K(512K) NonClass: 299K(384K)->299K(384K) Class: 7K(128K)->7K(128K)
[2024-08-23T17:18:52.823+0800] GC(285) Pause Young (Allocation Failure) 350M->291M(784M) 6.271ms
[2024-08-23T17:18:52.823+0800] GC(285) User=0.00s Sys=0.00s Real=0.00s
[2024-08-23T17:18:54.141+0800] GC(286) Pause Young (Allocation Failure)
[2024-08-23T17:18:54.144+0800] GC(286) PSYoungGen: 203955K(284672K)->25600K(281600K) Eden: 178355K(217088K)->0K(217088K) From: 25600K(67584K)->25600K(64512K)
[2024-08-23T17:18:54.144+0800] GC(286) ParOldGen: 272384K(518656K)->297984K(518656K)
[2024-08-23T17:18:54.144+0800] GC(286) Metaspace: 307K(512K)->307K(512K) NonClass: 299K(384K)->299K(384K) Class: 7K(128K)->7K(128K)
[2024-08-23T17:18:54.144+0800] GC(286) Pause Young (Allocation Failure) 465M->316M(781M) 3.632ms
[2024-08-23T17:18:54.144+0800] GC(286) User=0.00s Sys=0.00s Real=0.00s
[2024-08-23T17:18:55.560+0800] GC(287) Pause Young (Allocation Failure)
[2024-08-23T17:18:55.561+0800] GC(287) PSYoungGen: 203942K(281600K)->5120K(288768K) Eden: 178342K(217088K)->0K(227840K) From: 25600K(64512K)->5120K(60928K)
[2024-08-23T17:18:55.561+0800] GC(287) ParOldGen: 297984K(518656K)->297984K(518656K)
[2024-08-23T17:18:55.561+0800] GC(287) Metaspace: 307K(512K)->307K(512K) NonClass: 299K(384K)->299K(384K) Class: 7K(128K)->7K(128K)
[2024-08-23T17:18:55.561+0800] GC(287) Pause Young (Allocation Failure) 490M->296M(788M) 0.979ms
[2024-08-23T17:18:55.561+0800] GC(287) User=0.00s Sys=0.00s Real=0.00s
[2024-08-23T17:18:56.874+0800] GC(288) Pause Young (Allocation Failure)
[2024-08-23T17:18:56.894+0800] GC(288) PSYoungGen: 214402K(288768K)->15360K(288256K) Eden: 209282K(227840K)->0K(227840K) From: 5120K(60928K)->15360K(60416K)
[2024-08-23T17:18:56.894+0800] GC(288) ParOldGen: 297984K(518656K)->400384K(518656K)
[2024-08-23T17:18:56.894+0800] GC(288) Metaspace: 307K(512K)->307K(512K) NonClass: 299K(384K)->299K(384K) Class: 7K(128K)->7K(128K)
[2024-08-23T17:18:56.894+0800] GC(288) Pause Young (Allocation Failure) 500M->406M(788M) 21.091ms
[2024-08-23T17:18:56.894+0800] GC(288) User=0.00s Sys=0.02s Real=0.02s
[2024-08-23T17:18:56.894+0800] GC(289) Pause Full (Ergonomics)
[2024-08-23T17:18:56.894+0800] GC(289) Marking Phase
[2024-08-23T17:18:56.895+0800] GC(289) Marking Phase 0.749ms
[2024-08-23T17:18:56.895+0800] GC(289) Summary Phase
[2024-08-23T17:18:56.895+0800] GC(289) Summary Phase 0.013ms
[2024-08-23T17:18:56.895+0800] GC(289) Adjust Roots
[2024-08-23T17:18:56.895+0800] GC(289) Adjust Roots 0.201ms
[2024-08-23T17:18:56.895+0800] GC(289) Compaction Phase
[2024-08-23T17:18:56.903+0800] GC(289) Compaction Phase 7.483ms
[2024-08-23T17:18:56.903+0800] GC(289) Post Compact
[2024-08-23T17:18:56.904+0800] GC(289) Post Compact 0.581ms
[2024-08-23T17:18:56.904+0800] GC(289) PSYoungGen: 15360K(288256K)->0K(291328K) Eden: 0K(227840K)->0K(233472K) From: 15360K(60416K)->0K(57856K)
[2024-08-23T17:18:56.904+0800] GC(289) ParOldGen: 400384K(518656K)->118529K(408064K)
[2024-08-23T17:18:56.904+0800] GC(289) Metaspace: 307K(512K)->307K(512K) NonClass: 299K(384K)->299K(384K) Class: 7K(128K)->7K(128K)
[2024-08-23T17:18:56.904+0800] GC(289) Pause Full (Ergonomics) 406M->115M(683M) 9.810ms
[2024-08-23T17:18:56.904+0800] GC(289) User=0.02s Sys=0.00s Real=0.01s
[2024-08-23T17:18:58.326+0800] GC(290) Pause Young (Allocation Failure)
[2024-08-23T17:18:58.327+0800] GC(290) PSYoungGen: 229881K(291328K)->16384K(291328K) Eden: 229881K(233472K)->0K(233472K) From: 0K(57856K)->16384K(57856K)
[2024-08-23T17:18:58.327+0800] GC(290) ParOldGen: 118529K(408064K)->118529K(408064K)
[2024-08-23T17:18:58.327+0800] GC(290) Metaspace: 307K(512K)->307K(512K) NonClass: 299K(384K)->299K(384K) Class: 7K(128K)->7K(128K)
[2024-08-23T17:18:58.327+0800] GC(290) Pause Young (Allocation Failure) 340M->131M(683M) 1.452ms
[2024-08-23T17:18:58.327+0800] GC(290) User=0.00s Sys=0.00s Real=0.00s
[2024-08-23T17:18:59.855+0800] GC(291) Pause Young (Allocation Failure)
[2024-08-23T17:18:59.857+0800] GC(291) PSYoungGen: 241136K(291328K)->30720K(293376K) Eden: 224752K(233472K)->0K(238592K) From: 16384K(57856K)->30720K(54784K)
[2024-08-23T17:18:59.857+0800] GC(291) ParOldGen: 118529K(408064K)->118529K(408064K)
[2024-08-23T17:18:59.857+0800] GC(291) Metaspace: 307K(512K)->307K(512K) NonClass: 299K(384K)->299K(384K) Class: 7K(128K)->7K(128K)
[2024-08-23T17:18:59.857+0800] GC(291) Pause Young (Allocation Failure) 351M->145M(685M) 2.418ms
[2024-08-23T17:18:59.857+0800] GC(291) User=0.00s Sys=0.00s Real=0.00s
[2024-08-23T17:19:01.266+0800] GC(292) Pause Young (Allocation Failure)
[2024-08-23T17:19:01.269+0800] GC(292) PSYoungGen: 260701K(293376K)->35840K(274944K) Eden: 229981K(238592K)->0K(238592K) From: 30720K(54784K)->35840K(36352K)
[2024-08-23T17:19:01.270+0800] GC(292) ParOldGen: 118529K(408064K)->128769K(408064K)
[2024-08-23T17:19:01.270+0800] GC(292) Metaspace: 307K(512K)->307K(512K) NonClass: 299K(384K)->299K(384K) Class: 7K(128K)->7K(128K)
[2024-08-23T17:19:01.270+0800] GC(292) Pause Young (Allocation Failure) 370M->160M(667M) 3.286ms
[2024-08-23T17:19:01.270+0800] GC(292) User=0.00s Sys=0.00s Real=0.00s
[2024-08-23T17:19:03.345+0800] GC(293) Pause Young (Allocation Failure)
[2024-08-23T17:19:03.345+0800] GC(293) PSYoungGen: 270947K(274944K)->5120K(292352K) Eden: 235107K(238592K)->0K(235008K) From: 35840K(36352K)->5120K(57344K)
[2024-08-23T17:19:03.345+0800] GC(293) ParOldGen: 128769K(408064K)->128769K(408064K)
[2024-08-23T17:19:03.346+0800] GC(293) Metaspace: 307K(512K)->307K(512K) NonClass: 299K(384K)->299K(384K) Class: 7K(128K)->7K(128K)
[2024-08-23T17:19:03.346+0800] GC(293) Pause Young (Allocation Failure) 390M->130M(684M) 0.797ms
[2024-08-23T17:19:03.346+0800] GC(293) User=0.00s Sys=0.00s Real=0.00s
[2024-08-23T17:19:04.761+0800] GC(294) Pause Young (Allocation Failure)
[2024-08-23T17:19:04.765+0800] GC(294) PSYoungGen: 235040K(292352K)->56320K(285184K) Eden: 229920K(235008K)->0K(228352K) From: 5120K(57344K)->56320K(56832K)
[2024-08-23T17:19:04.766+0800] GC(294) ParOldGen: 128769K(408064K)->133889K(408064K)
[2024-08-23T17:19:04.766+0800] GC(294) Metaspace: 307K(512K)->307K(512K) NonClass: 299K(384K)->299K(384K) Class: 7K(128K)->7K(128K)
[2024-08-23T17:19:04.766+0800] GC(294) Pause Young (Allocation Failure) 355M->185M(677M) 4.872ms
[2024-08-23T17:19:04.766+0800] GC(294) User=0.00s Sys=0.00s Real=0.01s
[2024-08-23T17:19:06.070+0800] GC(295) Pause Young (Allocation Failure)
[2024-08-23T17:19:06.081+0800] GC(295) PSYoungGen: 280991K(285184K)->10240K(277504K) Eden: 224671K(228352K)->0K(220160K) From: 56320K(56832K)->10240K(57344K)
[2024-08-23T17:19:06.081+0800] GC(295) ParOldGen: 133889K(408064K)->287489K(408064K)
[2024-08-23T17:19:06.081+0800] GC(295) Metaspace: 307K(512K)->307K(512K) NonClass: 299K(384K)->299K(384K) Class: 7K(128K)->7K(128K)
[2024-08-23T17:19:06.081+0800] GC(295) Pause Young (Allocation Failure) 405M->290M(669M) 10.955ms
[2024-08-23T17:19:06.081+0800] GC(295) User=0.00s Sys=0.00s Real=0.01s
[2024-08-23T17:19:06.081+0800] GC(296) Pause Full (Ergonomics)
[2024-08-23T17:19:06.081+0800] GC(296) Marking Phase
[2024-08-23T17:19:06.081+0800] GC(296) Marking Phase 0.748ms
[2024-08-23T17:19:06.081+0800] GC(296) Summary Phase
[2024-08-23T17:19:06.081+0800] GC(296) Summary Phase 0.014ms
[2024-08-23T17:19:06.081+0800] GC(296) Adjust Roots
[2024-08-23T17:19:06.082+0800] GC(296) Adjust Roots 0.261ms
[2024-08-23T17:19:06.082+0800] GC(296) Compaction Phase
[2024-08-23T17:19:06.092+0800] GC(296) Compaction Phase 10.752ms
[2024-08-23T17:19:06.092+0800] GC(296) Post Compact
[2024-08-23T17:19:06.092+0800] GC(296) Post Compact 0.352ms
[2024-08-23T17:19:06.093+0800] GC(296) PSYoungGen: 10240K(277504K)->0K(284672K) Eden: 0K(220160K)->0K(220160K) From: 10240K(57344K)->0K(64512K)
[2024-08-23T17:19:06.093+0800] GC(296) ParOldGen: 287489K(408064K)->169729K(473088K)
[2024-08-23T17:19:06.093+0800] GC(296) Metaspace: 307K(512K)->307K(512K) NonClass: 299K(384K)->299K(384K) Class: 7K(128K)->7K(128K)
[2024-08-23T17:19:06.093+0800] GC(296) Pause Full (Ergonomics) 290M->165M(740M) 12.439ms
[2024-08-23T17:19:06.093+0800] GC(296) User=0.02s Sys=0.00s Real=0.01s
[2024-08-23T17:19:08.367+0800] GC(297) Pause Young (Allocation Failure)
[2024-08-23T17:19:08.369+0800] GC(297) PSYoungGen: 198911K(284672K)->26624K(287232K) Eden: 198911K(220160K)->0K(222720K) From: 0K(64512K)->26624K(64512K)
[2024-08-23T17:19:08.369+0800] GC(297) ParOldGen: 169729K(473088K)->169729K(473088K)
[2024-08-23T17:19:08.369+0800] GC(297) Metaspace: 307K(512K)->307K(512K) NonClass: 299K(384K)->299K(384K) Class: 7K(128K)->7K(128K)
[2024-08-23T17:19:08.369+0800] GC(297) Pause Young (Allocation Failure) 360M->191M(742M) 2.423ms
[2024-08-23T17:19:08.369+0800] GC(297) User=0.02s Sys=0.00s Real=0.00s
[2024-08-23T17:19:09.675+0800] GC(298) Pause Young (Allocation Failure)
[2024-08-23T17:19:09.677+0800] GC(298) PSYoungGen: 235810K(287232K)->21504K(284672K) Eden: 209186K(222720K)->0K(222720K) From: 26624K(64512K)->21504K(61952K)
[2024-08-23T17:19:09.677+0800] GC(298) ParOldGen: 169729K(473088K)->175873K(473088K)
[2024-08-23T17:19:09.677+0800] GC(298) Metaspace: 307K(512K)->307K(512K) NonClass: 299K(384K)->299K(384K) Class: 7K(128K)->7K(128K)
[2024-08-23T17:19:09.677+0800] GC(298) Pause Young (Allocation Failure) 396M->192M(740M) 2.403ms
[2024-08-23T17:19:09.677+0800] GC(298) User=0.00s Sys=0.00s Real=0.00s
[2024-08-23T17:19:11.093+0800] GC(299) Pause Young (Allocation Failure)
[2024-08-23T17:19:11.094+0800] GC(299) PSYoungGen: 225576K(284672K)->20480K(293888K) Eden: 204072K(222720K)->0K(235520K) From: 21504K(61952K)->20480K(58368K)
[2024-08-23T17:19:11.094+0800] GC(299) ParOldGen: 175873K(473088K)->175873K(473088K)
[2024-08-23T17:19:11.094+0800] GC(299) Metaspace: 307K(512K)->307K(512K) NonClass: 299K(384K)->299K(384K) Class: 7K(128K)->7K(128K)
[2024-08-23T17:19:11.094+0800] GC(299) Pause Young (Allocation Failure) 392M->191M(749M) 1.394ms
[2024-08-23T17:19:11.094+0800] GC(299) User=0.00s Sys=0.00s Real=0.00s
[2024-08-23T17:19:12.513+0800] GC(300) Pause Young (Allocation Failure)
[2024-08-23T17:19:12.515+0800] GC(300) PSYoungGen: 250409K(293888K)->15360K(290816K) Eden: 229929K(235520K)->0K(235520K) From: 20480K(58368K)->15360K(55296K)
[2024-08-23T17:19:12.515+0800] GC(300) ParOldGen: 175873K(473088K)->186113K(473088K)
[2024-08-23T17:19:12.515+0800] GC(300) Metaspace: 307K(512K)->307K(512K) NonClass: 299K(384K)->299K(384K) Class: 7K(128K)->7K(128K)
[2024-08-23T17:19:12.515+0800] GC(300) Pause Young (Allocation Failure) 416M->196M(746M) 1.815ms
[2024-08-23T17:19:12.515+0800] GC(300) User=0.00s Sys=0.00s Real=0.00s
[2024-08-23T17:19:13.933+0800] GC(301) Pause Young (Allocation Failure)
[2024-08-23T17:19:13.936+0800] GC(301) PSYoungGen: 245292K(290816K)->35840K(291840K) Eden: 229932K(235520K)->0K(238592K) From: 15360K(55296K)->35840K(53248K)
[2024-08-23T17:19:13.936+0800] GC(301) ParOldGen: 186113K(473088K)->191233K(473088K)
[2024-08-23T17:19:13.936+0800] GC(301) Metaspace: 307K(512K)->307K(512K) NonClass: 299K(384K)->299K(384K) Class: 7K(128K)->7K(128K)
[2024-08-23T17:19:13.936+0800] GC(301) Pause Young (Allocation Failure) 421M->221M(747M) 3.092ms
[2024-08-23T17:19:13.936+0800] GC(301) User=0.00s Sys=0.00s Real=0.00s
[2024-08-23T17:19:15.574+0800] GC(302) Pause Young (Allocation Failure)
[2024-08-23T17:19:15.578+0800] GC(302) PSYoungGen: 224874K(291840K)->51200K(283136K) Eden: 189034K(238592K)->0K(231424K) From: 35840K(53248K)->51200K(51712K)
[2024-08-23T17:19:15.578+0800] GC(302) ParOldGen: 191233K(473088K)->196353K(473088K)
[2024-08-23T17:19:15.578+0800] GC(302) Metaspace: 307K(512K)->307K(512K) NonClass: 299K(384K)->299K(384K) Class: 7K(128K)->7K(128K)
[2024-08-23T17:19:15.579+0800] GC(302) Pause Young (Allocation Failure) 406M->241M(738M) 4.850ms
[2024-08-23T17:19:15.579+0800] GC(302) User=0.00s Sys=0.00s Real=0.01s
[2024-08-23T17:19:17.011+0800] GC(303) Pause Young (Allocation Failure)
[2024-08-23T17:19:17.021+0800] GC(303) PSYoungGen: 281049K(283136K)->56320K(268800K) Eden: 229849K(231424K)->0K(209920K) From: 51200K(51712K)->56320K(58880K)
[2024-08-23T17:19:17.021+0800] GC(303) ParOldGen: 196353K(473088K)->298753K(473088K)
[2024-08-23T17:19:17.021+0800] GC(303) Metaspace: 307K(512K)->307K(512K) NonClass: 299K(384K)->299K(384K) Class: 7K(128K)->7K(128K)
[2024-08-23T17:19:17.021+0800] GC(303) Pause Young (Allocation Failure) 466M->346M(724M) 10.669ms
[2024-08-23T17:19:17.021+0800] GC(303) User=0.00s Sys=0.00s Real=0.01s
[2024-08-23T17:19:19.640+0800] GC(304) Pause Young (Allocation Failure)
[2024-08-23T17:19:19.641+0800] GC(304) PSYoungGen: 248909K(268800K)->21504K(279552K) Eden: 192589K(209920K)->0K(209920K) From: 56320K(58880K)->21504K(69632K)
[2024-08-23T17:19:19.641+0800] GC(304) ParOldGen: 298753K(473088K)->298753K(473088K)
[2024-08-23T17:19:19.641+0800] GC(304) Metaspace: 307K(512K)->307K(512K) NonClass: 299K(384K)->299K(384K) Class: 7K(128K)->7K(128K)
[2024-08-23T17:19:19.641+0800] GC(304) Pause Young (Allocation Failure) 534M->312M(735M) 1.807ms
[2024-08-23T17:19:19.641+0800] GC(304) User=0.00s Sys=0.00s Real=0.00s
[2024-08-23T17:19:20.837+0800] GC(305) Pause Young (Allocation Failure)
[2024-08-23T17:19:20.839+0800] GC(305) PSYoungGen: 230405K(279552K)->10240K(282624K) Eden: 208901K(209920K)->0K(215552K) From: 21504K(69632K)->10240K(67072K)
[2024-08-23T17:19:20.839+0800] GC(305) ParOldGen: 298753K(473088K)->310017K(473088K)
[2024-08-23T17:19:20.839+0800] GC(305) Metaspace: 307K(512K)->307K(512K) NonClass: 299K(384K)->299K(384K) Class: 7K(128K)->7K(128K)
[2024-08-23T17:19:20.839+0800] GC(305) Pause Young (Allocation Failure) 516M->312M(738M) 1.837ms
[2024-08-23T17:19:20.839+0800] GC(305) User=0.00s Sys=0.00s Real=0.00s
[2024-08-23T17:19:22.362+0800] GC(306) Pause Young (Allocation Failure)
[2024-08-23T17:19:22.362+0800] GC(306) PSYoungGen: 219286K(282624K)->5120K(282112K) Eden: 209046K(215552K)->0K(215552K) From: 10240K(67072K)->5120K(66560K)
[2024-08-23T17:19:22.363+0800] GC(306) ParOldGen: 310017K(473088K)->310017K(473088K)
[2024-08-23T17:19:22.363+0800] GC(306) Metaspace: 307K(512K)->307K(512K) NonClass: 299K(384K)->299K(384K) Class: 7K(128K)->7K(128K)
[2024-08-23T17:19:22.363+0800] GC(306) Pause Young (Allocation Failure) 516M->307M(737M) 0.839ms
[2024-08-23T17:19:22.363+0800] GC(306) User=0.00s Sys=0.00s Real=0.00s
[2024-08-23T17:19:23.561+0800] GC(307) Pause Young (Allocation Failure)
[2024-08-23T17:19:23.563+0800] GC(307) PSYoungGen: 219293K(282112K)->30720K(284672K) Eden: 214173K(215552K)->0K(218624K) From: 5120K(66560K)->30720K(66048K)
[2024-08-23T17:19:23.563+0800] GC(307) ParOldGen: 310017K(473088K)->310017K(473088K)
[2024-08-23T17:19:23.563+0800] GC(307) Metaspace: 307K(512K)->307K(512K) NonClass: 299K(384K)->299K(384K) Class: 7K(128K)->7K(128K)
[2024-08-23T17:19:23.563+0800] GC(307) Pause Young (Allocation Failure) 516M->332M(740M) 2.649ms
[2024-08-23T17:19:23.563+0800] GC(307) User=0.00s Sys=0.00s Real=0.00s
[2024-08-23T17:19:24.653+0800] GC(308) Pause Young (Allocation Failure)
[2024-08-23T17:19:24.660+0800] GC(308) PSYoungGen: 244958K(284672K)->56320K(269312K) Eden: 214238K(218624K)->0K(212480K) From: 30720K(66048K)->56320K(56832K)
[2024-08-23T17:19:24.660+0800] GC(308) ParOldGen: 310017K(473088K)->335617K(473088K)
[2024-08-23T17:19:24.660+0800] GC(308) Metaspace: 307K(512K)->307K(512K) NonClass: 299K(384K)->299K(384K) Class: 7K(128K)->7K(128K)
[2024-08-23T17:19:24.660+0800] GC(308) Pause Young (Allocation Failure) 541M->382M(725M) 6.944ms
[2024-08-23T17:19:24.660+0800] GC(308) User=0.00s Sys=0.00s Real=0.01s
[2024-08-23T17:19:25.525+0800] GC(309) Pause Young (Allocation Failure)
[2024-08-23T17:19:25.531+0800] GC(309) PSYoungGen: 173159K(269312K)->56320K(265728K) Eden: 116839K(212480K)->0K(193536K) From: 56320K(56832K)->56320K(72192K)
[2024-08-23T17:19:25.531+0800] GC(309) ParOldGen: 335617K(473088K)->386818K(473088K)
[2024-08-23T17:19:25.531+0800] GC(309) Metaspace: 307K(512K)->307K(512K) NonClass: 299K(384K)->299K(384K) Class: 7K(128K)->7K(128K)
[2024-08-23T17:19:25.531+0800] GC(309) Pause Young (Allocation Failure) 496M->432M(721M) 6.840ms
[2024-08-23T17:19:25.531+0800] GC(309) User=0.00s Sys=0.00s Real=0.01s
[2024-08-23T17:19:25.531+0800] GC(310) Pause Full (Ergonomics)
[2024-08-23T17:19:25.531+0800] GC(310) Marking Phase
[2024-08-23T17:19:25.532+0800] GC(310) Marking Phase 0.716ms
[2024-08-23T17:19:25.532+0800] GC(310) Summary Phase
[2024-08-23T17:19:25.532+0800] GC(310) Summary Phase 0.014ms
[2024-08-23T17:19:25.532+0800] GC(310) Adjust Roots
[2024-08-23T17:19:25.532+0800] GC(310) Adjust Roots 0.199ms
[2024-08-23T17:19:25.532+0800] GC(310) Compaction Phase
[2024-08-23T17:19:25.541+0800] GC(310) Compaction Phase 8.868ms
[2024-08-23T17:19:25.541+0800] GC(310) Post Compact
[2024-08-23T17:19:25.542+0800] GC(310) Post Compact 0.547ms
[2024-08-23T17:19:25.542+0800] GC(310) PSYoungGen: 56320K(265728K)->0K(271360K) Eden: 0K(193536K)->0K(193536K) From: 56320K(72192K)->0K(77824K)
[2024-08-23T17:19:25.542+0800] GC(310) ParOldGen: 386818K(473088K)->133889K(396800K)
[2024-08-23T17:19:25.542+0800] GC(310) Metaspace: 307K(512K)->307K(512K) NonClass: 299K(384K)->299K(384K) Class: 7K(128K)->7K(128K)
[2024-08-23T17:19:25.542+0800] GC(310) Pause Full (Ergonomics) 432M->130M(652M) 11.097ms
[2024-08-23T17:19:25.542+0800] GC(310) User=0.02s Sys=0.00s Real=0.01s
[2024-08-23T17:19:26.847+0800] GC(311) Pause Young (Allocation Failure)
[2024-08-23T17:19:26.849+0800] GC(311) PSYoungGen: 162536K(271360K)->25600K(274944K) Eden: 162536K(193536K)->0K(197120K) From: 0K(77824K)->25600K(77824K)
[2024-08-23T17:19:26.849+0800] GC(311) ParOldGen: 133889K(396800K)->133889K(396800K)
[2024-08-23T17:19:26.849+0800] GC(311) Metaspace: 307K(512K)->307K(512K) NonClass: 299K(384K)->299K(384K) Class: 7K(128K)->7K(128K)
[2024-08-23T17:19:26.849+0800] GC(311) Pause Young (Allocation Failure) 289M->155M(656M) 2.389ms
[2024-08-23T17:19:26.849+0800] GC(311) User=0.00s Sys=0.00s Real=0.00s
[2024-08-23T17:19:27.938+0800] GC(312) Pause Young (Allocation Failure)
[2024-08-23T17:19:27.939+0800] GC(312) PSYoungGen: 213794K(274944K)->11264K(271360K) Eden: 188194K(197120K)->0K(197120K) From: 25600K(77824K)->11264K(74240K)
[2024-08-23T17:19:27.939+0800] GC(312) ParOldGen: 133889K(396800K)->139009K(396800K)
[2024-08-23T17:19:27.939+0800] GC(312) Metaspace: 307K(512K)->307K(512K) NonClass: 299K(384K)->299K(384K) Class: 7K(128K)->7K(128K)
[2024-08-23T17:19:27.939+0800] GC(312) Pause Young (Allocation Failure) 339M->146M(652M) 1.264ms
[2024-08-23T17:19:27.939+0800] GC(312) User=0.00s Sys=0.00s Real=0.00s
[2024-08-23T17:19:30.996+0800] GC(313) Pause Young (Allocation Failure)
[2024-08-23T17:19:30.997+0800] GC(313) PSYoungGen: 199453K(271360K)->25600K(280064K) Eden: 188189K(197120K)->0K(206848K) From: 11264K(74240K)->25600K(73216K)
[2024-08-23T17:19:30.997+0800] GC(313) ParOldGen: 241409K(396800K)->241409K(396800K)
[2024-08-23T17:19:30.997+0800] GC(313) Metaspace: 307K(512K)->307K(512K) NonClass: 299K(384K)->299K(384K) Class: 7K(128K)->7K(128K)
[2024-08-23T17:19:30.997+0800] GC(313) Pause Young (Allocation Failure) 430M->260M(661M) 1.715ms
[2024-08-23T17:19:30.997+0800] GC(313) User=0.00s Sys=0.00s Real=0.00s
[2024-08-23T17:19:32.086+0800] GC(314) Pause Young (Allocation Failure)
[2024-08-23T17:19:32.088+0800] GC(314) PSYoungGen: 229367K(280064K)->10240K(275968K) Eden: 203767K(206848K)->0K(206848K) From: 25600K(73216K)->10240K(69120K)
[2024-08-23T17:19:32.088+0800] GC(314) ParOldGen: 241409K(396800K)->256769K(396800K)
[2024-08-23T17:19:32.088+0800] GC(314) Metaspace: 307K(512K)->307K(512K) NonClass: 299K(384K)->299K(384K) Class: 7K(128K)->7K(128K)
[2024-08-23T17:19:32.088+0800] GC(314) Pause Young (Allocation Failure) 459M->260M(657M) 2.022ms
[2024-08-23T17:19:32.088+0800] GC(314) User=0.02s Sys=0.00s Real=0.00s
[2024-08-23T17:19:32.959+0800] GC(315) Pause Young (Allocation Failure)
[2024-08-23T17:19:32.961+0800] GC(315) PSYoungGen: 214017K(275968K)->21504K(284160K) Eden: 203777K(206848K)->0K(216064K) From: 10240K(69120K)->21504K(68096K)
[2024-08-23T17:19:32.961+0800] GC(315) ParOldGen: 256769K(396800K)->261889K(396800K)
[2024-08-23T17:19:32.961+0800] GC(315) Metaspace: 307K(512K)->307K(512K) NonClass: 299K(384K)->299K(384K) Class: 7K(128K)->7K(128K)
[2024-08-23T17:19:32.961+0800] GC(315) Pause Young (Allocation Failure) 459M->276M(665M) 2.498ms
[2024-08-23T17:19:32.961+0800] GC(315) User=0.00s Sys=0.00s Real=0.00s
[2024-08-23T17:19:34.819+0800] GC(316) Pause Young (Allocation Failure)
[2024-08-23T17:19:34.823+0800] GC(316) PSYoungGen: 235703K(284160K)->61440K(271872K) Eden: 214199K(216064K)->0K(209920K) From: 21504K(68096K)->61440K(61952K)
[2024-08-23T17:19:34.823+0800] GC(316) ParOldGen: 261889K(396800K)->261889K(396800K)
[2024-08-23T17:19:34.823+0800] GC(316) Metaspace: 307K(512K)->307K(512K) NonClass: 299K(384K)->299K(384K) Class: 7K(128K)->7K(128K)
[2024-08-23T17:19:34.823+0800] GC(316) Pause Young (Allocation Failure) 485M->315M(653M) 5.298ms
[2024-08-23T17:19:34.823+0800] GC(316) User=0.00s Sys=0.00s Real=0.00s
[2024-08-23T17:19:35.801+0800] GC(317) Pause Young (Allocation Failure)
[2024-08-23T17:19:35.813+0800] GC(317) PSYoungGen: 270396K(271872K)->1024K(270848K) Eden: 208956K(209920K)->0K(199680K) From: 61440K(61952K)->1024K(71168K)
[2024-08-23T17:19:35.813+0800] GC(317) ParOldGen: 261889K(396800K)->420609K(448512K)
[2024-08-23T17:19:35.813+0800] GC(317) Metaspace: 307K(512K)->307K(512K) NonClass: 299K(384K)->299K(384K) Class: 7K(128K)->7K(128K)
[2024-08-23T17:19:35.813+0800] GC(317) Pause Young (Allocation Failure) 519M->411M(702M) 11.512ms
[2024-08-23T17:19:35.813+0800] GC(317) User=0.02s Sys=0.00s Real=0.01s
[2024-08-23T17:19:35.813+0800] GC(318) Pause Full (Ergonomics)
[2024-08-23T17:19:35.813+0800] GC(318) Marking Phase
[2024-08-23T17:19:35.814+0800] GC(318) Marking Phase 0.749ms
[2024-08-23T17:19:35.814+0800] GC(318) Summary Phase
[2024-08-23T17:19:35.814+0800] GC(318) Summary Phase 0.015ms
[2024-08-23T17:19:35.814+0800] GC(318) Adjust Roots
[2024-08-23T17:19:35.814+0800] GC(318) Adjust Roots 0.169ms
[2024-08-23T17:19:35.814+0800] GC(318) Compaction Phase
[2024-08-23T17:19:35.824+0800] GC(318) Compaction Phase 10.603ms
[2024-08-23T17:19:35.824+0800] GC(318) Post Compact
[2024-08-23T17:19:35.825+0800] GC(318) Post Compact 0.502ms
[2024-08-23T17:19:35.825+0800] GC(318) PSYoungGen: 1024K(270848K)->0K(274432K) Eden: 0K(199680K)->0K(199680K) From: 1024K(71168K)->0K(74752K)
[2024-08-23T17:19:35.825+0800] GC(318) ParOldGen: 420609K(448512K)->160513K(440320K)
[2024-08-23T17:19:35.825+0800] GC(318) Metaspace: 307K(512K)->307K(512K) NonClass: 299K(384K)->299K(384K) Class: 7K(128K)->7K(128K)
[2024-08-23T17:19:35.825+0800] GC(318) Pause Full (Ergonomics) 411M->156M(698M) 12.301ms
[2024-08-23T17:19:35.825+0800] GC(318) User=0.02s Sys=0.00s Real=0.01s
[2024-08-23T17:19:38.214+0800] GC(319) Pause Young (Allocation Failure)
[2024-08-23T17:19:38.216+0800] GC(319) PSYoungGen: 178033K(274432K)->25600K(279040K) Eden: 178033K(199680K)->0K(204288K) From: 0K(74752K)->25600K(74752K)
[2024-08-23T17:19:38.216+0800] GC(319) ParOldGen: 262913K(440320K)->262913K(440320K)
[2024-08-23T17:19:38.216+0800] GC(319) Metaspace: 307K(512K)->307K(512K) NonClass: 299K(384K)->299K(384K) Class: 7K(128K)->7K(128K)
[2024-08-23T17:19:38.216+0800] GC(319) Pause Young (Allocation Failure) 430M->281M(702M) 2.437ms
[2024-08-23T17:19:38.216+0800] GC(319) User=0.00s Sys=0.00s Real=0.00s
[2024-08-23T17:19:39.418+0800] GC(320) Pause Young (Allocation Failure)
[2024-08-23T17:19:39.419+0800] GC(320) PSYoungGen: 224219K(279040K)->21504K(274432K) Eden: 198619K(204288K)->0K(204288K) From: 25600K(74752K)->21504K(70144K)
[2024-08-23T17:19:39.419+0800] GC(320) ParOldGen: 262913K(440320K)->268033K(440320K)
[2024-08-23T17:19:39.419+0800] GC(320) Metaspace: 307K(512K)->307K(512K) NonClass: 299K(384K)->299K(384K) Class: 7K(128K)->7K(128K)
[2024-08-23T17:19:39.419+0800] GC(320) Pause Young (Allocation Failure) 475M->282M(698M) 1.863ms
[2024-08-23T17:19:39.419+0800] GC(320) User=0.00s Sys=0.00s Real=0.00s
[2024-08-23T17:19:40.403+0800] GC(321) Pause Young (Allocation Failure)
[2024-08-23T17:19:40.404+0800] GC(321) PSYoungGen: 225230K(274432K)->10240K(283648K) Eden: 203726K(204288K)->0K(217088K) From: 21504K(70144K)->10240K(66560K)
[2024-08-23T17:19:40.404+0800] GC(321) ParOldGen: 268033K(440320K)->279297K(440320K)
[2024-08-23T17:19:40.404+0800] GC(321) Metaspace: 307K(512K)->307K(512K) NonClass: 299K(384K)->299K(384K) Class: 7K(128K)->7K(128K)
[2024-08-23T17:19:40.404+0800] GC(321) Pause Young (Allocation Failure) 481M->282M(707M) 1.697ms
[2024-08-23T17:19:40.404+0800] GC(321) User=0.00s Sys=0.00s Real=0.00s
[2024-08-23T17:19:42.595+0800] GC(322) Pause Young (Allocation Failure)
[2024-08-23T17:19:42.600+0800] GC(322) PSYoungGen: 173260K(283648K)->56320K(267776K) Eden: 163020K(217088K)->0K(210944K) From: 10240K(66560K)->56320K(56832K)
[2024-08-23T17:19:42.600+0800] GC(322) ParOldGen: 279297K(440320K)->299777K(440320K)
[2024-08-23T17:19:42.600+0800] GC(322) Metaspace: 307K(512K)->307K(512K) NonClass: 299K(384K)->299K(384K) Class: 7K(128K)->7K(128K)
[2024-08-23T17:19:42.600+0800] GC(322) Pause Young (Allocation Failure) 441M->347M(691M) 5.650ms
[2024-08-23T17:19:42.600+0800] GC(322) User=0.00s Sys=0.00s Real=0.00s
[2024-08-23T17:19:43.917+0800] GC(323) Pause Young (Allocation Failure)
[2024-08-23T17:19:43.919+0800] GC(323) PSYoungGen: 234572K(267776K)->25600K(280576K) Eden: 178252K(210944K)->0K(207360K) From: 56320K(56832K)->25600K(73216K)
[2024-08-23T17:19:43.919+0800] GC(323) ParOldGen: 299777K(440320K)->304897K(440320K)
[2024-08-23T17:19:43.919+0800] GC(323) Metaspace: 307K(512K)->307K(512K) NonClass: 299K(384K)->299K(384K) Class: 7K(128K)->7K(128K)
[2024-08-23T17:19:43.919+0800] GC(323) Pause Young (Allocation Failure) 521M->322M(704M) 2.550ms
[2024-08-23T17:19:43.919+0800] GC(323) User=0.00s Sys=0.00s Real=0.00s
[2024-08-23T17:19:45.332+0800] GC(324) Pause Young (Allocation Failure)
[2024-08-23T17:19:45.333+0800] GC(324) PSYoungGen: 203763K(280576K)->5120K(275968K) Eden: 178163K(207360K)->0K(207360K) From: 25600K(73216K)->5120K(68608K)
[2024-08-23T17:19:45.333+0800] GC(324) ParOldGen: 304897K(440320K)->304897K(440320K)
[2024-08-23T17:19:45.333+0800] GC(324) Metaspace: 307K(512K)->307K(512K) NonClass: 299K(384K)->299K(384K) Class: 7K(128K)->7K(128K)
[2024-08-23T17:19:45.333+0800] GC(324) Pause Young (Allocation Failure) 496M->302M(699M) 0.853ms
[2024-08-23T17:19:45.333+0800] GC(324) User=0.00s Sys=0.00s Real=0.00s
[2024-08-23T17:19:46.532+0800] GC(325) Pause Young (Allocation Failure)
[2024-08-23T17:19:46.542+0800] GC(325) PSYoungGen: 203769K(275968K)->15360K(283136K) Eden: 198649K(207360K)->0K(214528K) From: 5120K(68608K)->15360K(68608K)
[2024-08-23T17:19:46.542+0800] GC(325) ParOldGen: 304897K(440320K)->407297K(440320K)
[2024-08-23T17:19:46.542+0800] GC(325) Metaspace: 307K(512K)->307K(512K) NonClass: 299K(384K)->299K(384K) Class: 7K(128K)->7K(128K)
[2024-08-23T17:19:46.542+0800] GC(325) Pause Young (Allocation Failure) 496M->412M(706M) 9.916ms
[2024-08-23T17:19:46.542+0800] GC(325) User=0.00s Sys=0.00s Real=0.01s
[2024-08-23T17:19:46.542+0800] GC(326) Pause Full (Ergonomics)
[2024-08-23T17:19:46.542+0800] GC(326) Marking Phase
[2024-08-23T17:19:46.543+0800] GC(326) Marking Phase 0.758ms
[2024-08-23T17:19:46.543+0800] GC(326) Summary Phase
[2024-08-23T17:19:46.543+0800] GC(326) Summary Phase 0.014ms
[2024-08-23T17:19:46.543+0800] GC(326) Adjust Roots
[2024-08-23T17:19:46.543+0800] GC(326) Adjust Roots 0.222ms
[2024-08-23T17:19:46.543+0800] GC(326) Compaction Phase
[2024-08-23T17:19:46.551+0800] GC(326) Compaction Phase 8.216ms
[2024-08-23T17:19:46.551+0800] GC(326) Post Compact
[2024-08-23T17:19:46.552+0800] GC(326) Post Compact 0.561ms
[2024-08-23T17:19:46.554+0800] GC(326) PSYoungGen: 15360K(283136K)->0K(280576K) Eden: 0K(214528K)->0K(214528K) From: 15360K(68608K)->0K(66048K)
[2024-08-23T17:19:46.554+0800] GC(326) ParOldGen: 407297K(440320K)->118529K(384512K)
[2024-08-23T17:19:46.554+0800] GC(326) Metaspace: 307K(512K)->307K(512K) NonClass: 299K(384K)->299K(384K) Class: 7K(128K)->7K(128K)
[2024-08-23T17:19:46.554+0800] GC(326) Pause Full (Ergonomics) 412M->115M(649M) 11.931ms
[2024-08-23T17:19:46.554+0800] GC(326) User=0.00s Sys=0.00s Real=0.01s
[2024-08-23T17:19:47.747+0800] GC(327) Pause Young (Allocation Failure)
[2024-08-23T17:19:47.748+0800] GC(327) PSYoungGen: 214156K(280576K)->6144K(284160K) Eden: 214156K(214528K)->0K(218112K) From: 0K(66048K)->6144K(66048K)
[2024-08-23T17:19:47.748+0800] GC(327) ParOldGen: 118529K(384512K)->118529K(384512K)
[2024-08-23T17:19:47.748+0800] GC(327) Metaspace: 307K(512K)->307K(512K) NonClass: 299K(384K)->299K(384K) Class: 7K(128K)->7K(128K)
[2024-08-23T17:19:47.748+0800] GC(327) Pause Young (Allocation Failure) 324M->121M(653M) 0.881ms
[2024-08-23T17:19:47.748+0800] GC(327) User=0.00s Sys=0.00s Real=0.00s
[2024-08-23T17:19:49.278+0800] GC(328) Pause Young (Allocation Failure)
[2024-08-23T17:19:49.278+0800] GC(328) PSYoungGen: 215240K(284160K)->5120K(283136K) Eden: 209096K(218112K)->0K(218112K) From: 6144K(66048K)->5120K(65024K)
[2024-08-23T17:19:49.278+0800] GC(328) ParOldGen: 118529K(384512K)->118529K(384512K)
[2024-08-23T17:19:49.278+0800] GC(328) Metaspace: 307K(512K)->307K(512K) NonClass: 299K(384K)->299K(384K) Class: 7K(128K)->7K(128K)
[2024-08-23T17:19:49.279+0800] GC(328) Pause Young (Allocation Failure) 325M->120M(652M) 0.753ms
[2024-08-23T17:19:49.279+0800] GC(328) User=0.00s Sys=0.00s Real=0.00s
[2024-08-23T17:19:50.370+0800] GC(329) Pause Young (Allocation Failure)
[2024-08-23T17:19:50.371+0800] GC(329) PSYoungGen: 219342K(283136K)->20480K(289792K) Eden: 214222K(218112K)->0K(226304K) From: 5120K(65024K)->20480K(63488K)
[2024-08-23T17:19:50.371+0800] GC(329) ParOldGen: 118529K(384512K)->118529K(384512K)
[2024-08-23T17:19:50.371+0800] GC(329) Metaspace: 307K(512K)->307K(512K) NonClass: 299K(384K)->299K(384K) Class: 7K(128K)->7K(128K)
[2024-08-23T17:19:50.371+0800] GC(329) Pause Young (Allocation Failure) 329M->135M(658M) 1.633ms
[2024-08-23T17:19:50.371+0800] GC(329) User=0.00s Sys=0.00s Real=0.00s
[2024-08-23T17:19:51.683+0800] GC(330) Pause Young (Allocation Failure)
[2024-08-23T17:19:51.685+0800] GC(330) PSYoungGen: 245109K(289792K)->20576K(285696K) Eden: 224629K(226304K)->0K(226304K) From: 20480K(63488K)->20576K(59392K)
[2024-08-23T17:19:51.685+0800] GC(330) ParOldGen: 118529K(384512K)->133889K(384512K)
[2024-08-23T17:19:51.685+0800] GC(330) Metaspace: 307K(512K)->307K(512K) NonClass: 299K(384K)->299K(384K) Class: 7K(128K)->7K(128K)
[2024-08-23T17:19:51.685+0800] GC(330) Pause Young (Allocation Failure) 355M->150M(654M) 2.542ms
[2024-08-23T17:19:51.685+0800] GC(330) User=0.00s Sys=0.00s Real=0.00s
[2024-08-23T17:19:53.967+0800] GC(331) Pause Young (Allocation Failure)
[2024-08-23T17:19:53.975+0800] GC(331) PSYoungGen: 204248K(285696K)->51200K(277504K) Eden: 183672K(226304K)->0K(222208K) From: 20576K(59392K)->51200K(55296K)
[2024-08-23T17:19:53.975+0800] GC(331) ParOldGen: 133889K(384512K)->190217K(384512K)
[2024-08-23T17:19:53.975+0800] GC(331) Metaspace: 307K(512K)->307K(512K) NonClass: 299K(384K)->299K(384K) Class: 7K(128K)->7K(128K)
[2024-08-23T17:19:53.976+0800] GC(331) Pause Young (Allocation Failure) 330M->235M(646M) 8.257ms
[2024-08-23T17:19:53.976+0800] GC(331) User=0.00s Sys=0.00s Real=0.01s
[2024-08-23T17:19:55.295+0800] GC(332) Pause Young (Allocation Failure)
[2024-08-23T17:19:55.297+0800] GC(332) PSYoungGen: 229669K(277504K)->25600K(285696K) Eden: 178469K(222208K)->0K(222208K) From: 51200K(55296K)->25600K(63488K)
[2024-08-23T17:19:55.297+0800] GC(332) ParOldGen: 190217K(384512K)->190217K(384512K)
[2024-08-23T17:19:55.297+0800] GC(332) Metaspace: 307K(512K)->307K(512K) NonClass: 299K(384K)->299K(384K) Class: 7K(128K)->7K(128K)
[2024-08-23T17:19:55.297+0800] GC(332) Pause Young (Allocation Failure) 410M->210M(654M) 2.185ms
[2024-08-23T17:19:55.297+0800] GC(332) User=0.00s Sys=0.00s Real=0.00s
[2024-08-23T17:19:56.824+0800] GC(333) Pause Young (Allocation Failure)
[2024-08-23T17:19:56.824+0800] GC(333) PSYoungGen: 209170K(285696K)->5120K(289280K) Eden: 183570K(222208K)->0K(229376K) From: 25600K(63488K)->5120K(59904K)
[2024-08-23T17:19:56.824+0800] GC(333) ParOldGen: 190217K(384512K)->190217K(384512K)
[2024-08-23T17:19:56.824+0800] GC(333) Metaspace: 307K(512K)->307K(512K) NonClass: 299K(384K)->299K(384K) Class: 7K(128K)->7K(128K)
[2024-08-23T17:19:56.824+0800] GC(333) Pause Young (Allocation Failure) 390M->190M(658M) 0.851ms
[2024-08-23T17:19:56.824+0800] GC(333) User=0.00s Sys=0.00s Real=0.00s
[2024-08-23T17:19:58.135+0800] GC(334) Pause Young (Allocation Failure)
[2024-08-23T17:19:58.138+0800] GC(334) PSYoungGen: 183717K(289280K)->26624K(289280K) Eden: 178597K(229376K)->0K(229376K) From: 5120K(59904K)->26624K(59904K)
[2024-08-23T17:19:58.138+0800] GC(334) ParOldGen: 190217K(384512K)->190217K(384512K)
[2024-08-23T17:19:58.138+0800] GC(334) Metaspace: 307K(512K)->307K(512K) NonClass: 299K(384K)->299K(384K) Class: 7K(128K)->7K(128K)
[2024-08-23T17:19:58.138+0800] GC(334) Pause Young (Allocation Failure) 365M->211M(658M) 2.853ms
[2024-08-23T17:19:58.138+0800] GC(334) User=0.00s Sys=0.00s Real=0.00s
[2024-08-23T17:19:59.445+0800] GC(335) Pause Young (Allocation Failure)
[2024-08-23T17:19:59.447+0800] GC(335) PSYoungGen: 235944K(289280K)->21504K(294912K) Eden: 209320K(229376K)->0K(237056K) From: 26624K(59904K)->21504K(57856K)
[2024-08-23T17:19:59.447+0800] GC(335) ParOldGen: 190217K(384512K)->196361K(384512K)
[2024-08-23T17:19:59.447+0800] GC(335) Metaspace: 307K(512K)->307K(512K) NonClass: 299K(384K)->299K(384K) Class: 7K(128K)->7K(128K)
[2024-08-23T17:19:59.447+0800] GC(335) Pause Young (Allocation Failure) 416M->212M(663M) 2.303ms
[2024-08-23T17:19:59.447+0800] GC(335) User=0.00s Sys=0.00s Real=0.00s
[2024-08-23T17:20:00.969+0800] GC(336) Pause Young (Allocation Failure)
[2024-08-23T17:20:00.971+0800] GC(336) PSYoungGen: 246340K(294912K)->30720K(291328K) Eden: 224836K(237056K)->0K(237056K) From: 21504K(57856K)->30720K(54272K)
[2024-08-23T17:20:00.971+0800] GC(336) ParOldGen: 196361K(384512K)->196361K(384512K)
[2024-08-23T17:20:00.971+0800] GC(336) Metaspace: 307K(512K)->307K(512K) NonClass: 299K(384K)->299K(384K) Class: 7K(128K)->7K(128K)
[2024-08-23T17:20:00.971+0800] GC(336) Pause Young (Allocation Failure) 432M->221M(660M) 2.760ms
[2024-08-23T17:20:00.971+0800] GC(336) User=0.00s Sys=0.00s Real=0.00s
[2024-08-23T17:20:02.388+0800] GC(337) Pause Young (Allocation Failure)
[2024-08-23T17:20:02.390+0800] GC(337) PSYoungGen: 260679K(291328K)->46080K(284672K) Eden: 229959K(237056K)->0K(230400K) From: 30720K(54272K)->46080K(54272K)
[2024-08-23T17:20:02.390+0800] GC(337) ParOldGen: 196361K(384512K)->206601K(384512K)
[2024-08-23T17:20:02.390+0800] GC(337) Metaspace: 307K(512K)->307K(512K) NonClass: 299K(384K)->299K(384K) Class: 7K(128K)->7K(128K)
[2024-08-23T17:20:02.390+0800] GC(337) Pause Young (Allocation Failure) 446M->246M(653M) 3.242ms
[2024-08-23T17:20:02.390+0800] GC(337) User=0.00s Sys=0.00s Real=0.00s
[2024-08-23T17:20:03.804+0800] GC(338) Pause Young (Allocation Failure)
[2024-08-23T17:20:03.807+0800] GC(338) PSYoungGen: 275910K(284672K)->25600K(289792K) Eden: 229830K(230400K)->0K(230400K) From: 46080K(54272K)->25600K(59392K)
[2024-08-23T17:20:03.807+0800] GC(338) ParOldGen: 206601K(384512K)->232201K(384512K)
[2024-08-23T17:20:03.807+0800] GC(338) Metaspace: 307K(512K)->307K(512K) NonClass: 299K(384K)->299K(384K) Class: 7K(128K)->7K(128K)
[2024-08-23T17:20:03.807+0800] GC(338) Pause Young (Allocation Failure) 471M->251M(658M) 4.104ms
[2024-08-23T17:20:03.807+0800] GC(338) User=0.00s Sys=0.00s Real=0.00s
[2024-08-23T17:20:05.330+0800] GC(339) Pause Young (Allocation Failure)
[2024-08-23T17:20:05.335+0800] GC(339) PSYoungGen: 193993K(289792K)->5120K(291840K) Eden: 168393K(230400K)->0K(235520K) From: 25600K(59392K)->5120K(56320K)
[2024-08-23T17:20:05.335+0800] GC(339) ParOldGen: 232201K(384512K)->283401K(384512K)
[2024-08-23T17:20:05.335+0800] GC(339) Metaspace: 307K(512K)->307K(512K) NonClass: 299K(384K)->299K(384K) Class: 7K(128K)->7K(128K)
[2024-08-23T17:20:05.335+0800] GC(339) Pause Young (Allocation Failure) 416M->281M(660M) 5.146ms
[2024-08-23T17:20:05.335+0800] GC(339) User=0.00s Sys=0.00s Real=0.01s
[2024-08-23T17:20:06.763+0800] GC(340) Pause Young (Allocation Failure)
[2024-08-23T17:20:06.776+0800] GC(340) PSYoungGen: 235049K(291840K)->56320K(285184K) Eden: 229929K(235520K)->0K(228352K) From: 5120K(56320K)->56320K(56832K)
[2024-08-23T17:20:06.776+0800] GC(340) ParOldGen: 283401K(384512K)->390921K(487424K)
[2024-08-23T17:20:06.776+0800] GC(340) Metaspace: 307K(512K)->307K(512K) NonClass: 299K(384K)->299K(384K) Class: 7K(128K)->7K(128K)
[2024-08-23T17:20:06.776+0800] GC(340) Pause Young (Allocation Failure) 506M->436M(754M) 12.582ms
[2024-08-23T17:20:06.776+0800] GC(340) User=0.00s Sys=0.00s Real=0.01s
[2024-08-23T17:20:06.776+0800] GC(341) Pause Full (Ergonomics)
[2024-08-23T17:20:06.776+0800] GC(341) Marking Phase
[2024-08-23T17:20:06.777+0800] GC(341) Marking Phase 0.798ms
[2024-08-23T17:20:06.777+0800] GC(341) Summary Phase
[2024-08-23T17:20:06.777+0800] GC(341) Summary Phase 0.015ms
[2024-08-23T17:20:06.777+0800] GC(341) Adjust Roots
[2024-08-23T17:20:06.777+0800] GC(341) Adjust Roots 0.236ms
[2024-08-23T17:20:06.777+0800] GC(341) Compaction Phase
[2024-08-23T17:20:06.787+0800] GC(341) Compaction Phase 11.409ms
[2024-08-23T17:20:06.787+0800] GC(341) Post Compact
[2024-08-23T17:20:06.789+0800] GC(341) Post Compact 0.687ms
[2024-08-23T17:20:06.789+0800] GC(341) PSYoungGen: 56320K(285184K)->0K(274944K) Eden: 0K(228352K)->0K(218112K) From: 56320K(56832K)->0K(56832K)
[2024-08-23T17:20:06.789+0800] GC(341) ParOldGen: 390921K(487424K)->164610K(422400K)
[2024-08-23T17:20:06.789+0800] GC(341) Metaspace: 307K(512K)->307K(512K) NonClass: 299K(384K)->299K(384K) Class: 7K(128K)->7K(128K)
[2024-08-23T17:20:06.789+0800] GC(341) Pause Full (Ergonomics) 436M->160M(681M) 13.691ms
[2024-08-23T17:20:06.789+0800] GC(341) User=0.00s Sys=0.00s Real=0.01s
[2024-08-23T17:20:09.522+0800] GC(342) Pause Young (Allocation Failure)
[2024-08-23T17:20:09.524+0800] GC(342) PSYoungGen: 209094K(274944K)->31744K(283648K) Eden: 209094K(218112K)->0K(218112K) From: 0K(56832K)->31744K(65536K)
[2024-08-23T17:20:09.524+0800] GC(342) ParOldGen: 164610K(422400K)->164610K(422400K)
[2024-08-23T17:20:09.524+0800] GC(342) Metaspace: 307K(512K)->307K(512K) NonClass: 299K(384K)->299K(384K) Class: 7K(128K)->7K(128K)
[2024-08-23T17:20:09.524+0800] GC(342) Pause Young (Allocation Failure) 364M->191M(689M) 2.371ms
[2024-08-23T17:20:09.524+0800] GC(342) User=0.00s Sys=0.00s Real=0.00s
[2024-08-23T17:20:10.830+0800] GC(343) Pause Young (Allocation Failure)
[2024-08-23T17:20:10.832+0800] GC(343) PSYoungGen: 240831K(283648K)->25600K(288768K) Eden: 209087K(218112K)->0K(225280K) From: 31744K(65536K)->25600K(63488K)
[2024-08-23T17:20:10.832+0800] GC(343) ParOldGen: 164610K(422400K)->175874K(422400K)
[2024-08-23T17:20:10.832+0800] GC(343) Metaspace: 307K(512K)->307K(512K) NonClass: 299K(384K)->299K(384K) Class: 7K(128K)->7K(128K)
[2024-08-23T17:20:10.832+0800] GC(343) Pause Young (Allocation Failure) 395M->196M(694M) 2.312ms
[2024-08-23T17:20:10.832+0800] GC(343) User=0.00s Sys=0.00s Real=0.00s
[2024-08-23T17:20:12.356+0800] GC(344) Pause Young (Allocation Failure)
[2024-08-23T17:20:12.358+0800] GC(344) PSYoungGen: 245093K(288768K)->40960K(285696K) Eden: 219493K(225280K)->0K(225280K) From: 25600K(63488K)->40960K(60416K)
[2024-08-23T17:20:12.358+0800] GC(344) ParOldGen: 175874K(422400K)->175874K(422400K)
[2024-08-23T17:20:12.358+0800] GC(344) Metaspace: 307K(512K)->307K(512K) NonClass: 299K(384K)->299K(384K) Class: 7K(128K)->7K(128K)
[2024-08-23T17:20:12.358+0800] GC(344) Pause Young (Allocation Failure) 411M->211M(691M) 2.802ms
[2024-08-23T17:20:12.358+0800] GC(344) User=0.00s Sys=0.00s Real=0.00s
[2024-08-23T17:20:13.661+0800] GC(345) Pause Young (Allocation Failure)
[2024-08-23T17:20:13.663+0800] GC(345) PSYoungGen: 250214K(285696K)->15360K(288256K) Eden: 209254K(225280K)->0K(226304K) From: 40960K(60416K)->15360K(61952K)
[2024-08-23T17:20:13.663+0800] GC(345) ParOldGen: 175874K(422400K)->196354K(422400K)
[2024-08-23T17:20:13.663+0800] GC(345) Metaspace: 307K(512K)->307K(512K) NonClass: 299K(384K)->299K(384K) Class: 7K(128K)->7K(128K)
[2024-08-23T17:20:13.663+0800] GC(345) Pause Young (Allocation Failure) 416M->206M(694M) 2.614ms
[2024-08-23T17:20:13.663+0800] GC(345) User=0.00s Sys=0.00s Real=0.00s
[2024-08-23T17:20:14.971+0800] GC(346) Pause Young (Allocation Failure)
[2024-08-23T17:20:14.977+0800] GC(346) PSYoungGen: 234874K(288256K)->15360K(287232K) Eden: 219514K(226304K)->0K(226304K) From: 15360K(61952K)->15360K(60928K)
[2024-08-23T17:20:14.977+0800] GC(346) ParOldGen: 196354K(422400K)->252674K(422400K)
[2024-08-23T17:20:14.977+0800] GC(346) Metaspace: 307K(512K)->307K(512K) NonClass: 299K(384K)->299K(384K) Class: 7K(128K)->7K(128K)
[2024-08-23T17:20:14.977+0800] GC(346) Pause Young (Allocation Failure) 421M->261M(693M) 5.578ms
[2024-08-23T17:20:14.977+0800] GC(346) User=0.00s Sys=0.00s Real=0.01s
[2024-08-23T17:20:16.499+0800] GC(347) Pause Young (Allocation Failure)
[2024-08-23T17:20:16.500+0800] GC(347) PSYoungGen: 239995K(287232K)->15360K(291328K) Eden: 224635K(226304K)->0K(231936K) From: 15360K(60928K)->15360K(59392K)
[2024-08-23T17:20:16.500+0800] GC(347) ParOldGen: 252674K(422400K)->252674K(422400K)
[2024-08-23T17:20:16.500+0800] GC(347) Metaspace: 307K(512K)->307K(512K) NonClass: 299K(384K)->299K(384K) Class: 7K(128K)->7K(128K)
[2024-08-23T17:20:16.500+0800] GC(347) Pause Young (Allocation Failure) 481M->261M(697M) 1.478ms
[2024-08-23T17:20:16.500+0800] GC(347) User=0.00s Sys=0.00s Real=0.00s
[2024-08-23T17:20:17.921+0800] GC(348) Pause Young (Allocation Failure)
[2024-08-23T17:20:17.923+0800] GC(348) PSYoungGen: 245227K(291328K)->16384K(289792K) Eden: 229867K(231936K)->0K(231936K) From: 15360K(59392K)->16384K(57856K)
[2024-08-23T17:20:17.923+0800] GC(348) ParOldGen: 252674K(422400K)->257794K(422400K)
[2024-08-23T17:20:17.923+0800] GC(348) Metaspace: 307K(512K)->307K(512K) NonClass: 299K(384K)->299K(384K) Class: 7K(128K)->7K(128K)
[2024-08-23T17:20:17.923+0800] GC(348) Pause Young (Allocation Failure) 486M->267M(695M) 1.927ms
[2024-08-23T17:20:17.923+0800] GC(348) User=0.00s Sys=0.00s Real=0.00s
[2024-08-23T17:20:20.103+0800] GC(349) Pause Young (Allocation Failure)
[2024-08-23T17:20:20.104+0800] GC(349) PSYoungGen: 246237K(289792K)->10240K(293888K) Eden: 229853K(231936K)->0K(237568K) From: 16384K(57856K)->10240K(56320K)
[2024-08-23T17:20:20.104+0800] GC(349) ParOldGen: 257794K(422400K)->257794K(422400K)
[2024-08-23T17:20:20.104+0800] GC(349) Metaspace: 307K(512K)->307K(512K) NonClass: 299K(384K)->299K(384K) Class: 7K(128K)->7K(128K)
[2024-08-23T17:20:20.104+0800] GC(349) Pause Young (Allocation Failure) 492M->261M(699M) 1.108ms
[2024-08-23T17:20:20.104+0800] GC(349) User=0.00s Sys=0.00s Real=0.00s
[2024-08-23T17:20:21.639+0800] GC(350) Pause Young (Allocation Failure)
[2024-08-23T17:20:21.641+0800] GC(350) PSYoungGen: 245329K(293888K)->20480K(292864K) Eden: 235089K(237568K)->0K(237568K) From: 10240K(56320K)->20480K(55296K)
[2024-08-23T17:20:21.641+0800] GC(350) ParOldGen: 257794K(422400K)->262914K(422400K)
[2024-08-23T17:20:21.641+0800] GC(350) Metaspace: 307K(512K)->307K(512K) NonClass: 299K(384K)->299K(384K) Class: 7K(128K)->7K(128K)
[2024-08-23T17:20:21.641+0800] GC(350) Pause Young (Allocation Failure) 491M->276M(698M) 2.114ms
[2024-08-23T17:20:21.641+0800] GC(350) User=0.00s Sys=0.00s Real=0.00s
[2024-08-23T17:20:23.602+0800] GC(351) Pause Young (Allocation Failure)
[2024-08-23T17:20:23.603+0800] GC(351) PSYoungGen: 250459K(292864K)->5120K(296448K) Eden: 229979K(237568K)->0K(243712K) From: 20480K(55296K)->5120K(52736K)
[2024-08-23T17:20:23.603+0800] GC(351) ParOldGen: 262914K(422400K)->262914K(422400K)
[2024-08-23T17:20:23.603+0800] GC(351) Metaspace: 307K(512K)->307K(512K) NonClass: 299K(384K)->299K(384K) Class: 7K(128K)->7K(128K)
[2024-08-23T17:20:23.603+0800] GC(351) Pause Young (Allocation Failure) 501M->261M(702M) 0.812ms
[2024-08-23T17:20:23.603+0800] GC(351) User=0.00s Sys=0.00s Real=0.00s
[2024-08-23T17:20:25.024+0800] GC(352) Pause Young (Allocation Failure)
[2024-08-23T17:20:25.029+0800] GC(352) PSYoungGen: 235220K(296448K)->15360K(296448K) Eden: 230100K(243712K)->0K(243712K) From: 5120K(52736K)->15360K(52736K)
[2024-08-23T17:20:25.029+0800] GC(352) ParOldGen: 262914K(422400K)->314114K(422400K)
[2024-08-23T17:20:25.029+0800] GC(352) Metaspace: 307K(512K)->307K(512K) NonClass: 299K(384K)->299K(384K) Class: 7K(128K)->7K(128K)
[2024-08-23T17:20:25.029+0800] GC(352) Pause Young (Allocation Failure) 486M->321M(702M) 5.146ms
[2024-08-23T17:20:25.029+0800] GC(352) User=0.00s Sys=0.00s Real=0.01s
[2024-08-23T17:20:26.449+0800] GC(353) Pause Young (Allocation Failure)
[2024-08-23T17:20:26.466+0800] GC(353) PSYoungGen: 245458K(296448K)->15360K(301056K) Eden: 230098K(243712K)->0K(250880K) From: 15360K(52736K)->15360K(50176K)
[2024-08-23T17:20:26.466+0800] GC(353) ParOldGen: 314114K(422400K)->421634K(422400K)
[2024-08-23T17:20:26.466+0800] GC(353) Metaspace: 307K(512K)->307K(512K) NonClass: 299K(384K)->299K(384K) Class: 7K(128K)->7K(128K)
[2024-08-23T17:20:26.466+0800] GC(353) Pause Young (Allocation Failure) 546M->426M(706M) 17.293ms
[2024-08-23T17:20:26.466+0800] GC(353) User=0.00s Sys=0.02s Real=0.02s
[2024-08-23T17:20:26.466+0800] GC(354) Pause Full (Ergonomics)
[2024-08-23T17:20:26.466+0800] GC(354) Marking Phase
[2024-08-23T17:20:26.466+0800] GC(354) Marking Phase 0.690ms
[2024-08-23T17:20:26.466+0800] GC(354) Summary Phase
[2024-08-23T17:20:26.466+0800] GC(354) Summary Phase 0.015ms
[2024-08-23T17:20:26.466+0800] GC(354) Adjust Roots
[2024-08-23T17:20:26.467+0800] GC(354) Adjust Roots 0.184ms
[2024-08-23T17:20:26.467+0800] GC(354) Compaction Phase
[2024-08-23T17:20:26.478+0800] GC(354) Compaction Phase 10.841ms
[2024-08-23T17:20:26.478+0800] GC(354) Post Compact
[2024-08-23T17:20:26.479+0800] GC(354) Post Compact 0.937ms
[2024-08-23T17:20:26.479+0800] GC(354) PSYoungGen: 15360K(301056K)->0K(299008K) Eden: 0K(250880K)->0K(250880K) From: 15360K(50176K)->0K(48128K)
[2024-08-23T17:20:26.479+0800] GC(354) ParOldGen: 421634K(422400K)->174850K(431104K)
[2024-08-23T17:20:26.479+0800] GC(354) Metaspace: 307K(512K)->307K(512K) NonClass: 299K(384K)->299K(384K) Class: 7K(128K)->7K(128K)
[2024-08-23T17:20:26.479+0800] GC(354) Pause Full (Ergonomics) 426M->170M(713M) 12.891ms
[2024-08-23T17:20:26.479+0800] GC(354) User=0.00s Sys=0.00s Real=0.01s
[2024-08-23T17:20:28.012+0800] GC(355) Pause Young (Allocation Failure)
[2024-08-23T17:20:28.014+0800] GC(355) PSYoungGen: 230239K(299008K)->25632K(301568K) Eden: 230239K(250880K)->0K(253440K) From: 0K(48128K)->25632K(48128K)
[2024-08-23T17:20:28.014+0800] GC(355) ParOldGen: 174850K(431104K)->174850K(431104K)
[2024-08-23T17:20:28.014+0800] GC(355) Metaspace: 307K(512K)->307K(512K) NonClass: 299K(384K)->299K(384K) Class: 7K(128K)->7K(128K)
[2024-08-23T17:20:28.014+0800] GC(355) Pause Young (Allocation Failure) 395M->195M(715M) 2.399ms
[2024-08-23T17:20:28.014+0800] GC(355) User=0.00s Sys=0.00s Real=0.00s
[2024-08-23T17:20:29.430+0800] GC(356) Pause Young (Allocation Failure)
[2024-08-23T17:20:29.432+0800] GC(356) PSYoungGen: 255904K(301568K)->31744K(285696K) Eden: 230272K(253440K)->0K(253440K) From: 25632K(48128K)->31744K(32256K)
[2024-08-23T17:20:29.432+0800] GC(356) ParOldGen: 174850K(431104K)->179978K(431104K)
[2024-08-23T17:20:29.432+0800] GC(356) Metaspace: 307K(512K)->307K(512K) NonClass: 299K(384K)->299K(384K) Class: 7K(128K)->7K(128K)
[2024-08-23T17:20:29.432+0800] GC(356) Pause Young (Allocation Failure) 420M->206M(700M) 2.840ms
[2024-08-23T17:20:29.432+0800] GC(356) User=0.00s Sys=0.00s Real=0.00s
[2024-08-23T17:20:32.049+0800] GC(357) Pause Young (Allocation Failure)
[2024-08-23T17:20:32.050+0800] GC(357) PSYoungGen: 282492K(285696K)->15360K(302080K) Eden: 250748K(253440K)->0K(252928K) From: 31744K(32256K)->15360K(49152K)
[2024-08-23T17:20:32.050+0800] GC(357) ParOldGen: 179978K(431104K)->179978K(431104K)
[2024-08-23T17:20:32.050+0800] GC(357) Metaspace: 307K(512K)->307K(512K) NonClass: 299K(384K)->299K(384K) Class: 7K(128K)->7K(128K)
[2024-08-23T17:20:32.050+0800] GC(357) Pause Young (Allocation Failure) 451M->190M(716M) 1.453ms
[2024-08-23T17:20:32.050+0800] GC(357) User=0.00s Sys=0.00s Real=0.00s
[2024-08-23T17:20:33.582+0800] GC(358) Pause Young (Allocation Failure)
[2024-08-23T17:20:33.585+0800] GC(358) PSYoungGen: 255865K(302080K)->35840K(289280K) Eden: 240505K(252928K)->0K(252928K) From: 15360K(49152K)->35840K(36352K)
[2024-08-23T17:20:33.585+0800] GC(358) ParOldGen: 179978K(431104K)->185098K(431104K)
[2024-08-23T17:20:33.585+0800] GC(358) Metaspace: 307K(512K)->307K(512K) NonClass: 299K(384K)->299K(384K) Class: 7K(128K)->7K(128K)
[2024-08-23T17:20:33.585+0800] GC(358) Pause Young (Allocation Failure) 425M->215M(703M) 3.266ms
[2024-08-23T17:20:33.585+0800] GC(358) User=0.00s Sys=0.00s Real=0.00s
[2024-08-23T17:20:35.219+0800] GC(359) Pause Young (Allocation Failure)
[2024-08-23T17:20:35.223+0800] GC(359) PSYoungGen: 286589K(289280K)->0K(296960K) Eden: 250749K(252928K)->0K(246784K) From: 35840K(36352K)->0K(50176K)
[2024-08-23T17:20:35.223+0800] GC(359) ParOldGen: 185098K(431104K)->236298K(431104K)
[2024-08-23T17:20:35.223+0800] GC(359) Metaspace: 307K(512K)->307K(512K) NonClass: 299K(384K)->299K(384K) Class: 7K(128K)->7K(128K)
[2024-08-23T17:20:35.223+0800] GC(359) Pause Young (Allocation Failure) 460M->230M(711M) 4.803ms
[2024-08-23T17:20:35.223+0800] GC(359) User=0.00s Sys=0.00s Real=0.00s
[2024-08-23T17:20:36.641+0800] GC(360) Pause Young (Allocation Failure)
[2024-08-23T17:20:36.651+0800] GC(360) PSYoungGen: 230151K(296960K)->5120K(297984K) Eden: 230151K(246784K)->0K(246784K) From: 0K(50176K)->5120K(51200K)
[2024-08-23T17:20:36.651+0800] GC(360) ParOldGen: 236298K(431104K)->389898K(431104K)
[2024-08-23T17:20:36.652+0800] GC(360) Metaspace: 307K(512K)->307K(512K) NonClass: 299K(384K)->299K(384K) Class: 7K(128K)->7K(128K)
[2024-08-23T17:20:36.652+0800] GC(360) Pause Young (Allocation Failure) 455M->385M(712M) 10.404ms
[2024-08-23T17:20:36.652+0800] GC(360) User=0.00s Sys=0.00s Real=0.01s
[2024-08-23T17:20:36.652+0800] GC(361) Pause Full (Ergonomics)
[2024-08-23T17:20:36.652+0800] GC(361) Marking Phase
[2024-08-23T17:20:36.652+0800] GC(361) Marking Phase 0.770ms
[2024-08-23T17:20:36.652+0800] GC(361) Summary Phase
[2024-08-23T17:20:36.652+0800] GC(361) Summary Phase 0.014ms
[2024-08-23T17:20:36.652+0800] GC(361) Adjust Roots
[2024-08-23T17:20:36.653+0800] GC(361) Adjust Roots 0.228ms
[2024-08-23T17:20:36.653+0800] GC(361) Compaction Phase
[2024-08-23T17:20:36.664+0800] GC(361) Compaction Phase 10.657ms
[2024-08-23T17:20:36.664+0800] GC(361) Post Compact
[2024-08-23T17:20:36.664+0800] GC(361) Post Compact 0.517ms
[2024-08-23T17:20:36.664+0800] GC(361) PSYoungGen: 5120K(297984K)->0K(298496K) Eden: 0K(246784K)->0K(247808K) From: 5120K(51200K)->0K(50688K)
[2024-08-23T17:20:36.664+0800] GC(361) ParOldGen: 389898K(431104K)->159490K(440832K)
[2024-08-23T17:20:36.664+0800] GC(361) Metaspace: 307K(512K)->307K(512K) NonClass: 299K(384K)->299K(384K) Class: 7K(128K)->7K(128K)
[2024-08-23T17:20:36.664+0800] GC(361) Pause Full (Ergonomics) 385M->155M(722M) 12.408ms
[2024-08-23T17:20:36.664+0800] GC(361) User=0.00s Sys=0.00s Real=0.01s
[2024-08-23T17:20:38.091+0800] GC(362) Pause Young (Allocation Failure)
[2024-08-23T17:20:38.095+0800] GC(362) PSYoungGen: 230173K(298496K)->6144K(298496K) Eden: 230173K(247808K)->0K(247808K) From: 0K(50688K)->6144K(50688K)
[2024-08-23T17:20:38.095+0800] GC(362) ParOldGen: 159490K(440832K)->210690K(440832K)
[2024-08-23T17:20:38.095+0800] GC(362) Metaspace: 307K(512K)->307K(512K) NonClass: 299K(384K)->299K(384K) Class: 7K(128K)->7K(128K)
[2024-08-23T17:20:38.095+0800] GC(362) Pause Young (Allocation Failure) 380M->211M(722M) 4.790ms
[2024-08-23T17:20:38.096+0800] GC(362) User=0.00s Sys=0.00s Real=0.00s
[2024-08-23T17:20:39.525+0800] GC(363) Pause Young (Allocation Failure)
[2024-08-23T17:20:39.530+0800] GC(363) PSYoungGen: 210702K(298496K)->10240K(301568K) Eden: 204558K(247808K)->0K(251904K) From: 6144K(50688K)->10240K(49664K)
[2024-08-23T17:20:39.530+0800] GC(363) ParOldGen: 210690K(440832K)->261890K(440832K)
[2024-08-23T17:20:39.530+0800] GC(363) Metaspace: 307K(512K)->307K(512K) NonClass: 299K(384K)->299K(384K) Class: 7K(128K)->7K(128K)
[2024-08-23T17:20:39.530+0800] GC(363) Pause Young (Allocation Failure) 411M->265M(725M) 5.790ms
[2024-08-23T17:20:39.530+0800] GC(363) User=0.00s Sys=0.00s Real=0.00s
[2024-08-23T17:20:40.963+0800] GC(364) Pause Young (Allocation Failure)
[2024-08-23T17:20:40.969+0800] GC(364) PSYoungGen: 240482K(301568K)->15360K(299520K) Eden: 230242K(251904K)->0K(251904K) From: 10240K(49664K)->15360K(47616K)
[2024-08-23T17:20:40.969+0800] GC(364) ParOldGen: 261890K(440832K)->323330K(440832K)
[2024-08-23T17:20:40.969+0800] GC(364) Metaspace: 307K(512K)->307K(512K) NonClass: 299K(384K)->299K(384K) Class: 7K(128K)->7K(128K)
[2024-08-23T17:20:40.969+0800] GC(364) Pause Young (Allocation Failure) 490M->330M(723M) 6.234ms
[2024-08-23T17:20:40.969+0800] GC(364) User=0.00s Sys=0.00s Real=0.01s
[2024-08-23T17:20:40.969+0800] GC(365) Pause Full (Ergonomics)
[2024-08-23T17:20:40.969+0800] GC(365) Marking Phase
[2024-08-23T17:20:40.969+0800] GC(365) Marking Phase 0.647ms
[2024-08-23T17:20:40.969+0800] GC(365) Summary Phase
[2024-08-23T17:20:40.970+0800] GC(365) Summary Phase 0.018ms
[2024-08-23T17:20:40.970+0800] GC(365) Adjust Roots
[2024-08-23T17:20:40.970+0800] GC(365) Adjust Roots 0.169ms
[2024-08-23T17:20:40.970+0800] GC(365) Compaction Phase
[2024-08-23T17:20:40.975+0800] GC(365) Compaction Phase 5.378ms
[2024-08-23T17:20:40.975+0800] GC(365) Post Compact
[2024-08-23T17:20:40.976+0800] GC(365) Post Compact 0.421ms
[2024-08-23T17:20:40.980+0800] GC(365) PSYoungGen: 15360K(299520K)->0K(304128K) Eden: 0K(251904K)->0K(259072K) From: 15360K(47616K)->0K(45056K)
[2024-08-23T17:20:40.980+0800] GC(365) ParOldGen: 323330K(440832K)->77570K(345600K)
[2024-08-23T17:20:40.980+0800] GC(365) Metaspace: 307K(512K)->307K(512K) NonClass: 299K(384K)->299K(384K) Class: 7K(128K)->7K(128K)
[2024-08-23T17:20:40.980+0800] GC(365) Pause Full (Ergonomics) 330M->75M(634M) 10.874ms
[2024-08-23T17:20:40.980+0800] GC(365) User=0.00s Sys=0.00s Real=0.01s
[2024-08-23T17:20:43.712+0800] GC(366) Pause Young (Allocation Failure)
[2024-08-23T17:20:43.714+0800] GC(366) PSYoungGen: 245748K(304128K)->25600K(285184K) Eden: 245748K(259072K)->0K(259072K) From: 0K(45056K)->25600K(26112K)
[2024-08-23T17:20:43.714+0800] GC(366) ParOldGen: 77570K(345600K)->77570K(345600K)
[2024-08-23T17:20:43.714+0800] GC(366) Metaspace: 307K(512K)->307K(512K) NonClass: 299K(384K)->299K(384K) Class: 7K(128K)->7K(128K)
[2024-08-23T17:20:43.714+0800] GC(366) Pause Young (Allocation Failure) 315M->100M(616M) 2.315ms
[2024-08-23T17:20:43.714+0800] GC(366) User=0.00s Sys=0.00s Real=0.00s
[2024-08-23T17:20:45.136+0800] GC(367) Pause Young (Allocation Failure)
[2024-08-23T17:20:45.141+0800] GC(367) PSYoungGen: 255976K(285184K)->25600K(303616K) Eden: 230376K(259072K)->0K(258048K) From: 25600K(26112K)->25600K(45568K)
[2024-08-23T17:20:45.141+0800] GC(367) ParOldGen: 77570K(345600K)->133890K(345600K)
[2024-08-23T17:20:45.141+0800] GC(367) Metaspace: 307K(512K)->307K(512K) NonClass: 299K(384K)->299K(384K) Class: 7K(128K)->7K(128K)
[2024-08-23T17:20:45.141+0800] GC(367) Pause Young (Allocation Failure) 325M->155M(634M) 6.141ms
[2024-08-23T17:20:45.141+0800] GC(367) User=0.00s Sys=0.00s Real=0.01s
[2024-08-23T17:20:46.673+0800] GC(368) Pause Young (Allocation Failure)
[2024-08-23T17:20:46.673+0800] GC(368) PSYoungGen: 209881K(303616K)->5120K(303616K) Eden: 184281K(258048K)->0K(258048K) From: 25600K(45568K)->5120K(45568K)
[2024-08-23T17:20:46.673+0800] GC(368) ParOldGen: 133890K(345600K)->133890K(345600K)
[2024-08-23T17:20:46.673+0800] GC(368) Metaspace: 307K(512K)->307K(512K) NonClass: 299K(384K)->299K(384K) Class: 7K(128K)->7K(128K)
[2024-08-23T17:20:46.673+0800] GC(368) Pause Young (Allocation Failure) 335M->135M(634M) 0.846ms
[2024-08-23T17:20:46.674+0800] GC(368) User=0.00s Sys=0.00s Real=0.00s
[2024-08-23T17:20:48.090+0800] GC(369) Pause Young (Allocation Failure)
[2024-08-23T17:20:48.094+0800] GC(369) PSYoungGen: 235479K(303616K)->6144K(305152K) Eden: 230359K(258048K)->0K(260096K) From: 5120K(45568K)->6144K(45056K)
[2024-08-23T17:20:48.094+0800] GC(369) ParOldGen: 133890K(345600K)->185090K(345600K)
[2024-08-23T17:20:48.094+0800] GC(369) Metaspace: 307K(512K)->307K(512K) NonClass: 299K(384K)->299K(384K) Class: 7K(128K)->7K(128K)
[2024-08-23T17:20:48.094+0800] GC(369) Pause Young (Allocation Failure) 360M->186M(635M) 4.551ms
[2024-08-23T17:20:48.094+0800] GC(369) User=0.00s Sys=0.00s Real=0.00s
[2024-08-23T17:20:49.523+0800] GC(370) Pause Young (Allocation Failure)
[2024-08-23T17:20:49.527+0800] GC(370) PSYoungGen: 236548K(305152K)->11264K(304128K) Eden: 230404K(260096K)->0K(260096K) From: 6144K(45056K)->11264K(44032K)
[2024-08-23T17:20:49.527+0800] GC(370) ParOldGen: 185090K(345600K)->242434K(345600K)
[2024-08-23T17:20:49.527+0800] GC(370) Metaspace: 307K(512K)->307K(512K) NonClass: 299K(384K)->299K(384K) Class: 7K(128K)->7K(128K)
[2024-08-23T17:20:49.527+0800] GC(370) Pause Young (Allocation Failure) 411M->247M(634M) 5.011ms
[2024-08-23T17:20:49.527+0800] GC(370) User=0.00s Sys=0.00s Real=0.00s
[2024-08-23T17:20:49.527+0800] GC(371) Pause Full (Ergonomics)
[2024-08-23T17:20:49.527+0800] GC(371) Marking Phase
[2024-08-23T17:20:49.529+0800] GC(371) Marking Phase 0.811ms
[2024-08-23T17:20:49.529+0800] GC(371) Summary Phase
[2024-08-23T17:20:49.529+0800] GC(371) Summary Phase 0.013ms
[2024-08-23T17:20:49.529+0800] GC(371) Adjust Roots
[2024-08-23T17:20:49.529+0800] GC(371) Adjust Roots 0.202ms
[2024-08-23T17:20:49.529+0800] GC(371) Compaction Phase
[2024-08-23T17:20:49.534+0800] GC(371) Compaction Phase 4.331ms
[2024-08-23T17:20:49.534+0800] GC(371) Post Compact
[2024-08-23T17:20:49.534+0800] GC(371) Post Compact 0.306ms
[2024-08-23T17:20:49.535+0800] GC(371) PSYoungGen: 11264K(304128K)->0K(307200K) Eden: 0K(260096K)->0K(265216K) From: 11264K(44032K)->0K(41984K)
[2024-08-23T17:20:49.535+0800] GC(371) ParOldGen: 242434K(345600K)->69378K(321536K)
[2024-08-23T17:20:49.535+0800] GC(371) Metaspace: 307K(512K)->307K(512K) NonClass: 299K(384K)->299K(384K) Class: 7K(128K)->7K(128K)
[2024-08-23T17:20:49.535+0800] GC(371) Pause Full (Ergonomics) 247M->67M(614M) 7.071ms
[2024-08-23T17:20:49.535+0800] GC(371) User=0.00s Sys=0.00s Real=0.01s
[2024-08-23T17:20:50.961+0800] GC(372) Pause Young (Allocation Failure)
[2024-08-23T17:20:50.965+0800] GC(372) PSYoungGen: 204908K(307200K)->10240K(307200K) Eden: 204908K(265216K)->0K(265216K) From: 0K(41984K)->10240K(41984K)
[2024-08-23T17:20:50.965+0800] GC(372) ParOldGen: 69378K(321536K)->120578K(321536K)
[2024-08-23T17:20:50.965+0800] GC(372) Metaspace: 307K(512K)->307K(512K) NonClass: 299K(384K)->299K(384K) Class: 7K(128K)->7K(128K)
[2024-08-23T17:20:50.965+0800] GC(372) Pause Young (Allocation Failure) 267M->127M(614M) 4.616ms
[2024-08-23T17:20:50.965+0800] GC(372) User=0.00s Sys=0.00s Real=0.00s
[2024-08-23T17:20:52.398+0800] GC(373) Pause Young (Allocation Failure)
[2024-08-23T17:20:52.403+0800] GC(373) PSYoungGen: 240727K(307200K)->25600K(305664K) Eden: 230487K(265216K)->0K(265216K) From: 10240K(41984K)->25600K(40448K)
[2024-08-23T17:20:52.403+0800] GC(373) ParOldGen: 120578K(321536K)->182018K(321536K)
[2024-08-23T17:20:52.403+0800] GC(373) Metaspace: 307K(512K)->307K(512K) NonClass: 299K(384K)->299K(384K) Class: 7K(128K)->7K(128K)
[2024-08-23T17:20:52.403+0800] GC(373) Pause Young (Allocation Failure) 352M->202M(612M) 6.122ms
[2024-08-23T17:20:52.403+0800] GC(373) User=0.00s Sys=0.00s Real=0.01s
[2024-08-23T17:20:54.925+0800] GC(374) Pause Young (Allocation Failure)
[2024-08-23T17:20:54.926+0800] GC(374) PSYoungGen: 286816K(305664K)->15360K(307200K) Eden: 261216K(265216K)->0K(265216K) From: 25600K(40448K)->15360K(41984K)
[2024-08-23T17:20:54.926+0800] GC(374) ParOldGen: 182018K(321536K)->182018K(321536K)
[2024-08-23T17:20:54.926+0800] GC(374) Metaspace: 307K(512K)->307K(512K) NonClass: 299K(384K)->299K(384K) Class: 7K(128K)->7K(128K)
[2024-08-23T17:20:54.926+0800] GC(374) Pause Young (Allocation Failure) 457M->192M(614M) 1.540ms
[2024-08-23T17:20:54.926+0800] GC(374) User=0.00s Sys=0.00s Real=0.00s
[2024-08-23T17:20:56.558+0800] GC(375) Pause Young (Allocation Failure)
[2024-08-23T17:20:56.568+0800] GC(375) PSYoungGen: 276584K(307200K)->25600K(307712K) Eden: 261224K(265216K)->0K(268288K) From: 15360K(41984K)->25600K(39424K)
[2024-08-23T17:20:56.568+0800] GC(375) ParOldGen: 182018K(321536K)->289538K(321536K)
[2024-08-23T17:20:56.568+0800] GC(375) Metaspace: 307K(512K)->307K(512K) NonClass: 299K(384K)->299K(384K) Class: 7K(128K)->7K(128K)
[2024-08-23T17:20:56.568+0800] GC(375) Pause Young (Allocation Failure) 447M->307M(614M) 9.963ms
[2024-08-23T17:20:56.568+0800] GC(375) User=0.00s Sys=0.00s Real=0.01s
[2024-08-23T17:20:56.568+0800] GC(376) Pause Full (Ergonomics)
[2024-08-23T17:20:56.568+0800] GC(376) Marking Phase
[2024-08-23T17:20:56.568+0800] GC(376) Marking Phase 0.719ms
[2024-08-23T17:20:56.568+0800] GC(376) Summary Phase
[2024-08-23T17:20:56.568+0800] GC(376) Summary Phase 0.013ms
[2024-08-23T17:20:56.568+0800] GC(376) Adjust Roots
[2024-08-23T17:20:56.569+0800] GC(376) Adjust Roots 0.240ms
[2024-08-23T17:20:56.569+0800] GC(376) Compaction Phase
[2024-08-23T17:20:56.577+0800] GC(376) Compaction Phase 9.666ms
[2024-08-23T17:20:56.577+0800] GC(376) Post Compact
[2024-08-23T17:20:56.579+0800] GC(376) Post Compact 0.405ms
[2024-08-23T17:20:56.579+0800] GC(376) PSYoungGen: 25600K(307712K)->0K(308736K) Eden: 0K(268288K)->0K(268288K) From: 25600K(39424K)->0K(40448K)
[2024-08-23T17:20:56.579+0800] GC(376) ParOldGen: 289538K(321536K)->133890K(394752K)
[2024-08-23T17:20:56.579+0800] GC(376) Metaspace: 307K(512K)->307K(512K) NonClass: 299K(384K)->299K(384K) Class: 7K(128K)->7K(128K)
[2024-08-23T17:20:56.579+0800] GC(376) Pause Full (Ergonomics) 307M->130M(687M) 11.373ms
[2024-08-23T17:20:56.579+0800] GC(376) User=0.00s Sys=0.00s Real=0.01s
[2024-08-23T17:20:59.413+0800] GC(377) Pause Young (Allocation Failure)
[2024-08-23T17:20:59.415+0800] GC(377) PSYoungGen: 261290K(308736K)->31744K(301568K) Eden: 261290K(268288K)->0K(261120K) From: 0K(40448K)->31744K(40448K)
[2024-08-23T17:20:59.415+0800] GC(377) ParOldGen: 133890K(394752K)->133890K(394752K)
[2024-08-23T17:20:59.415+0800] GC(377) Metaspace: 307K(512K)->307K(512K) NonClass: 299K(384K)->299K(384K) Class: 7K(128K)->7K(128K)
[2024-08-23T17:20:59.415+0800] GC(377) Pause Young (Allocation Failure) 385M->161M(680M) 2.387ms
[2024-08-23T17:20:59.415+0800] GC(377) User=0.00s Sys=0.00s Real=0.00s
[2024-08-23T17:21:00.831+0800] GC(378) Pause Young (Allocation Failure)
[2024-08-23T17:21:00.834+0800] GC(378) PSYoungGen: 262161K(301568K)->35840K(297472K) Eden: 230417K(261120K)->0K(261120K) From: 31744K(40448K)->35840K(36352K)
[2024-08-23T17:21:00.834+0800] GC(378) ParOldGen: 133890K(394752K)->145154K(394752K)
[2024-08-23T17:21:00.834+0800] GC(378) Metaspace: 307K(512K)->307K(512K) NonClass: 299K(384K)->299K(384K) Class: 7K(128K)->7K(128K)
[2024-08-23T17:21:00.834+0800] GC(378) Pause Young (Allocation Failure) 386M->176M(676M) 3.212ms
[2024-08-23T17:21:00.834+0800] GC(378) User=0.00s Sys=0.00s Real=0.00s
[2024-08-23T17:21:02.359+0800] GC(379) Pause Young (Allocation Failure)
[2024-08-23T17:21:02.364+0800] GC(379) PSYoungGen: 286759K(297472K)->20480K(304128K) Eden: 250919K(261120K)->0K(256512K) From: 35840K(36352K)->20480K(47616K)
[2024-08-23T17:21:02.364+0800] GC(379) ParOldGen: 145154K(394752K)->196354K(394752K)
[2024-08-23T17:21:02.364+0800] GC(379) Metaspace: 307K(512K)->307K(512K) NonClass: 299K(384K)->299K(384K) Class: 7K(128K)->7K(128K)
[2024-08-23T17:21:02.364+0800] GC(379) Pause Young (Allocation Failure) 421M->211M(682M) 5.403ms
[2024-08-23T17:21:02.364+0800] GC(379) User=0.00s Sys=0.00s Real=0.01s
[2024-08-23T17:21:03.778+0800] GC(380) Pause Young (Allocation Failure)
[2024-08-23T17:21:03.784+0800] GC(380) PSYoungGen: 250827K(304128K)->5120K(301568K) Eden: 230347K(256512K)->0K(256512K) From: 20480K(47616K)->5120K(45056K)
[2024-08-23T17:21:03.784+0800] GC(380) ParOldGen: 196354K(394752K)->319234K(394752K)
[2024-08-23T17:21:03.784+0800] GC(380) Metaspace: 307K(512K)->307K(512K) NonClass: 299K(384K)->299K(384K) Class: 7K(128K)->7K(128K)
[2024-08-23T17:21:03.784+0800] GC(380) Pause Young (Allocation Failure) 436M->316M(680M) 6.868ms
[2024-08-23T17:21:03.784+0800] GC(380) User=0.00s Sys=0.00s Real=0.01s
[2024-08-23T17:21:03.784+0800] GC(381) Pause Full (Ergonomics)
[2024-08-23T17:21:03.784+0800] GC(381) Marking Phase
[2024-08-23T17:21:03.785+0800] GC(381) Marking Phase 0.754ms
[2024-08-23T17:21:03.785+0800] GC(381) Summary Phase
[2024-08-23T17:21:03.785+0800] GC(381) Summary Phase 0.013ms
[2024-08-23T17:21:03.785+0800] GC(381) Adjust Roots
[2024-08-23T17:21:03.785+0800] GC(381) Adjust Roots 0.219ms
[2024-08-23T17:21:03.785+0800] GC(381) Compaction Phase
[2024-08-23T17:21:03.790+0800] GC(381) Compaction Phase 4.668ms
[2024-08-23T17:21:03.790+0800] GC(381) Post Compact
[2024-08-23T17:21:03.791+0800] GC(381) Post Compact 0.386ms
[2024-08-23T17:21:03.791+0800] GC(381) PSYoungGen: 5120K(301568K)->0K(304128K) Eden: 0K(256512K)->0K(259072K) From: 5120K(45056K)->0K(45056K)
[2024-08-23T17:21:03.791+0800] GC(381) ParOldGen: 319234K(394752K)->77570K(348160K)
[2024-08-23T17:21:03.791+0800] GC(381) Metaspace: 307K(512K)->307K(512K) NonClass: 299K(384K)->299K(384K) Class: 7K(128K)->7K(128K)
[2024-08-23T17:21:03.791+0800] GC(381) Pause Full (Ergonomics) 316M->75M(637M) 6.465ms
[2024-08-23T17:21:03.791+0800] GC(381) User=0.02s Sys=0.00s Real=0.01s
[2024-08-23T17:21:04.776+0800] Heap
[2024-08-23T17:21:04.776+0800]  PSYoungGen      total 304128K, used 143418K [0x00000000eab00000, 0x0000000100000000, 0x0000000100000000)
[2024-08-23T17:21:04.776+0800]   eden space 259072K, 55% used [0x00000000eab00000,0x00000000f370ea00,0x00000000fa800000)
[2024-08-23T17:21:04.776+0800]   from space 45056K, 0% used [0x00000000fd400000,0x00000000fd400000,0x0000000100000000)
[2024-08-23T17:21:04.776+0800]   to   space 45056K, 0% used [0x00000000fa800000,0x00000000fa800000,0x00000000fd400000)
[2024-08-23T17:21:04.776+0800]  ParOldGen       total 348160K, used 77570K [0x00000000c0000000, 0x00000000d5400000, 0x00000000eab00000)
[2024-08-23T17:21:04.776+0800]   object space 348160K, 22% used [0x00000000c0000000,0x00000000c4bc0b40,0x00000000d5400000)
[2024-08-23T17:21:04.776+0800]  Metaspace       used 307K, committed 512K, reserved 1114112K
[2024-08-23T17:21:04.776+0800]   class space    used 7K, committed 128K, reserved 1048576K
