[0.004s][info][gc] Min heap equals to max heap, disabling ShenandoahUncommit
[0.008s][info][gc] Heuristics ergonomically sets -XX:+ExplicitGCInvokesConcurrent
[0.008s][info][gc] Heuristics ergonomically sets -XX:+ShenandoahImplicitGCInvokesConcurrent
[0.008s][info][gc] Using Shenandoah
[0.009s][info][gc,ergo] Pacer for Idle. Initial: 10485K, Alloc Tax Rate: 1.0x
[0.009s][info][gc,init] Version: 17.0.11+1-LTS (release)
[0.009s][info][gc,init] CPUs: 12 total, 12 available
[0.009s][info][gc,init] Memory: 32620M
[0.009s][info][gc,init] Large Page Support: Disabled
[0.009s][info][gc,init] NUMA Support: Disabled
[0.009s][info][gc,init] Compressed Oops: Enabled (32-bit)
[0.009s][info][gc,init] Heap Min Capacity: 512M
[0.009s][info][gc,init] Heap Initial Capacity: 512M
[0.009s][info][gc,init] Heap Max Capacity: 512M
[0.009s][info][gc,init] Pre-touch: Disabled
[0.009s][info][gc,init] Mode: Snapshot-At-The-Beginning (SATB)
[0.009s][info][gc,init] Heuristics: Adaptive
[0.009s][info][gc,init] Heap Region Count: 2048
[0.009s][info][gc,init] Heap Region Size: 256K
[0.009s][info][gc,init] TLAB Size Max: 256K
[0.009s][info][gc,init] Humongous Object Threshold: 256K
[0.009s][info][gc,init] Parallel Workers: 6
[0.009s][info][gc,init] Concurrent Workers: 3
[0.017s][info][gc,metaspace] CDS archive(s) mapped at: [0x000002702c000000-0x000002702cbc0000-0x000002702cbc0000), size 12320768, SharedBaseAddress: 0x000002702c000000, ArchiveRelocationMode: 1.
[0.017s][info][gc,metaspace] Compressed class space mapped at: 0x000002702d000000-0x000002706d000000, reserved size: 1073741824
[0.017s][info][gc,metaspace] Narrow klass base: 0x000002702c000000, Narrow klass shift: 0, Narrow klass range: 0x100000000
[1.305s][info][gc          ] Trigger: Learning 1 of 5. Free (357M) is below initial threshold (358M)
[1.305s][info][gc,ergo     ] Free: 357M, Max: 256K regular, 357M humongous, Frag: 0% external, 0% internal; Reserve: 26368K, Max: 256K
[1.306s][info][gc,start    ] GC(0) Concurrent reset
[1.306s][info][gc,task     ] GC(0) Using 3 of 6 workers for concurrent reset
[1.306s][info][gc,ergo     ] GC(0) Pacer for Reset. Non-Taxable: 512M
[1.306s][info][gc          ] GC(0) Concurrent reset 0.258ms
[1.321s][info][gc,start    ] GC(0) Pause Init Mark (unload classes)
[1.321s][info][gc,task     ] GC(0) Using 6 of 6 workers for init marking
[1.321s][info][gc,ergo     ] GC(0) Pacer for Mark. Expected Live: 52428K, Free: 357M, Non-Taxable: 36633K, Alloc Tax Rate: 0.2x
[1.321s][info][gc          ] GC(0) Pause Init Mark (unload classes) 0.333ms
[1.321s][info][gc,start    ] GC(0) Concurrent marking roots
[1.321s][info][gc,task     ] GC(0) Using 3 of 6 workers for concurrent marking roots
[1.321s][info][gc          ] GC(0) Concurrent marking roots 0.282ms
[1.321s][info][gc,start    ] GC(0) Concurrent marking (unload classes)
[1.321s][info][gc,task     ] GC(0) Using 3 of 6 workers for concurrent marking
[1.322s][info][gc          ] GC(0) Concurrent marking (unload classes) 0.764ms
[1.322s][info][gc,start    ] GC(0) Pause Final Mark (unload classes)
[1.322s][info][gc,task     ] GC(0) Using 6 of 6 workers for final marking
[1.322s][info][gc,ergo     ] GC(0) Collectable Garbage: 48384K (96%), Immediate: 48384K (96%), CSet: 0B (0%)
[1.322s][info][gc          ] GC(0) Pause Final Mark (unload classes) 0.123ms
[1.322s][info][gc,start    ] GC(0) Concurrent weak references
[1.322s][info][gc,task     ] GC(0) Using 3 of 6 workers for concurrent weak references
[1.322s][info][gc,ref      ] GC(0) Encountered references: Soft: 92, Weak: 144, Final: 0, Phantom: 27
[1.323s][info][gc,ref      ] GC(0) Discovered  references: Soft: 0, Weak: 94, Final: 0, Phantom: 25
[1.323s][info][gc,ref      ] GC(0) Enqueued    references: Soft: 0, Weak: 28, Final: 0, Phantom: 20
[1.323s][info][gc          ] GC(0) Concurrent weak references 0.086ms
[1.323s][info][gc,start    ] GC(0) Concurrent weak roots
[1.323s][info][gc,task     ] GC(0) Using 3 of 6 workers for concurrent weak root
[1.323s][info][gc          ] GC(0) Concurrent weak roots 0.109ms
[1.323s][info][gc,start    ] GC(0) Concurrent cleanup
[1.323s][info][gc          ] GC(0) Concurrent cleanup 125M->78M(512M) 0.059ms
[1.323s][info][gc,ergo     ] GC(0) Free: 407M, Max: 256K regular, 357M humongous, Frag: 13% external, 0% internal; Reserve: 26368K, Max: 256K
[1.323s][info][gc,start    ] GC(0) Concurrent class unloading
[1.323s][info][gc,task     ] GC(0) Using 3 of 6 workers for concurrent class unloading
[1.323s][info][gc          ] GC(0) Concurrent class unloading 0.206ms
[1.323s][info][gc,start    ] GC(0) Pause Final Roots
[1.323s][info][gc          ] GC(0) Pause Final Roots 0.016ms
[1.323s][info][gc,ergo     ] Free: 407M, Max: 256K regular, 357M humongous, Frag: 13% external, 0% internal; Reserve: 26368K, Max: 256K
[1.323s][info][gc,stats    ] 
[1.323s][info][gc,stats    ] All times are wall-clock times, except per-root-class counters, that are sum over
[1.323s][info][gc,stats    ] all workers. Dividing the <total> over the root stage time estimates parallelism.
[1.323s][info][gc,stats    ] 
[1.323s][info][gc,stats    ] Concurrent Reset                    280 us
[1.323s][info][gc,stats    ] Pause Init Mark (G)               15403 us
[1.323s][info][gc,stats    ] Pause Init Mark (N)                 344 us
[1.323s][info][gc,stats    ]   Update Region States               34 us
[1.323s][info][gc,stats    ] Concurrent Mark Roots               296 us, parallelism: 1.17x
[1.323s][info][gc,stats    ]   CMR: <total>                      346 us
[1.323s][info][gc,stats    ]   CMR: Thread Roots                 272 us, workers (us): 163,  69,  41, ---, ---, ---, 
[1.323s][info][gc,stats    ]   CMR: VM Strong Roots               23 us, workers (us):  11,  12,   0, ---, ---, ---, 
[1.323s][info][gc,stats    ]   CMR: CLDG Roots                    50 us, workers (us):  50, ---, ---, ---, ---, ---, 
[1.323s][info][gc,stats    ] Concurrent Marking                  781 us
[1.323s][info][gc,stats    ] Pause Final Mark (G)                162 us
[1.323s][info][gc,stats    ] Pause Final Mark (N)                132 us
[1.323s][info][gc,stats    ]   Finish Mark                        30 us
[1.323s][info][gc,stats    ]   Update Region States               27 us
[1.323s][info][gc,stats    ]   Choose Collection Set              30 us
[1.323s][info][gc,stats    ]   Rebuild Free Set                    8 us
[1.323s][info][gc,stats    ] Concurrent Weak References           95 us, parallelism: 0.07x
[1.323s][info][gc,stats    ]   CWRF: <total>                       6 us
[1.323s][info][gc,stats    ]   CWRF: Weak References               6 us, workers (us):   4,   1,   2, ---, ---, ---, 
[1.323s][info][gc,stats    ] Concurrent Weak Roots               122 us
[1.323s][info][gc,stats    ]   Roots                              69 us, parallelism: 1.14x
[1.323s][info][gc,stats    ]     CWR: <total>                     78 us
[1.323s][info][gc,stats    ]     CWR: Code Cache Roots            35 us, workers (us):  33,   2,   0, ---, ---, ---, 
[1.323s][info][gc,stats    ]     CWR: VM Weak Roots               42 us, workers (us):  15,  15,  13, ---, ---, ---, 
[1.323s][info][gc,stats    ]     CWR: CLDG Roots                   1 us, workers (us): ---, ---,   1, ---, ---, ---, 
[1.323s][info][gc,stats    ]   Rendezvous                         23 us
[1.323s][info][gc,stats    ] Concurrent Cleanup                   72 us
[1.323s][info][gc,stats    ] Concurrent Class Unloading          217 us
[1.323s][info][gc,stats    ]   Unlink Stale                      143 us
[1.323s][info][gc,stats    ]     System Dictionary                 4 us
[1.323s][info][gc,stats    ]     Weak Class Links                  0 us
[1.323s][info][gc,stats    ]     Code Roots                      139 us
[1.323s][info][gc,stats    ]   Rendezvous                         22 us
[1.323s][info][gc,stats    ]   Purge Unlinked                     23 us
[1.323s][info][gc,stats    ]     Code Roots                       18 us
[1.323s][info][gc,stats    ]     CLDG                              4 us
[1.323s][info][gc,stats    ]     Exception Caches                  0 us
[1.323s][info][gc,stats    ] Pause Final Roots (G)                50 us
[1.323s][info][gc,stats    ] Pause Final Roots (N)                25 us
[1.323s][info][gc,stats    ] Pacing                            51488 us
[1.323s][info][gc,stats    ] 
[1.323s][info][gc,stats    ] Allocation pacing accrued:
[1.323s][info][gc,stats    ]      31 of  1314 ms (  2.4%): main
[1.323s][info][gc,stats    ]      20 of  1314 ms (  1.5%): Attach Listener
[1.323s][info][gc,stats    ]      51 of  1314 ms (  3.9%): <total>
[1.323s][info][gc,stats    ]       4 of  1314 ms (  0.3%): <average total>
[1.323s][info][gc,stats    ]      26 of  1314 ms (  2.0%): <average non-zero>
[1.323s][info][gc,stats    ] 
[1.324s][info][gc,metaspace] Metaspace: 1013K(1216K)->1013K(1216K) NonClass: 931K(1024K)->932K(1024K) Class: 81K(192K)->81K(192K)
[1.324s][info][gc,ergo     ] Pacer for Idle. Initial: 10485K, Alloc Tax Rate: 1.0x
[1.458s][info][gc          ] Trigger: Learning 2 of 5. Free (306M) is below initial threshold (358M)
[1.459s][info][gc,ergo     ] Free: 306M, Max: 256K regular, 257M humongous, Frag: 17% external, 0% internal; Reserve: 26368K, Max: 256K
[1.459s][info][gc,start    ] GC(1) Concurrent reset
[1.459s][info][gc,task     ] GC(1) Using 3 of 6 workers for concurrent reset
[1.459s][info][gc,ergo     ] GC(1) Pacer for Reset. Non-Taxable: 512M
[1.459s][info][gc          ] GC(1) Concurrent reset 0.869ms
[1.489s][info][gc,start    ] GC(1) Pause Init Mark (unload classes)
[1.489s][info][gc,task     ] GC(1) Using 6 of 6 workers for init marking
[1.490s][info][gc,ergo     ] GC(1) Pacer for Mark. Expected Live: 78493K, Free: 306M, Non-Taxable: 31411K, Alloc Tax Rate: 0.3x
[1.490s][info][gc          ] GC(1) Pause Init Mark (unload classes) 0.130ms
[1.490s][info][gc,start    ] GC(1) Concurrent marking roots
[1.490s][info][gc,task     ] GC(1) Using 3 of 6 workers for concurrent marking roots
[1.490s][info][gc          ] GC(1) Concurrent marking roots 0.264ms
[1.490s][info][gc,start    ] GC(1) Concurrent marking (unload classes)
[1.490s][info][gc,task     ] GC(1) Using 3 of 6 workers for concurrent marking
[1.491s][info][gc          ] GC(1) Concurrent marking (unload classes) 0.961ms
[1.491s][info][gc,start    ] GC(1) Pause Final Mark (unload classes)
[1.491s][info][gc,task     ] GC(1) Using 6 of 6 workers for final marking
[1.491s][info][gc,ergo     ] GC(1) Collectable Garbage: 20736K (92%), Immediate: 20736K (92%), CSet: 0B (0%)
[1.491s][info][gc          ] GC(1) Pause Final Mark (unload classes) 0.134ms
[1.491s][info][gc,start    ] GC(1) Concurrent weak references
[1.491s][info][gc,task     ] GC(1) Using 3 of 6 workers for concurrent weak references
[1.491s][info][gc,ref      ] GC(1) Encountered references: Soft: 92, Weak: 116, Final: 0, Phantom: 7
[1.491s][info][gc,ref      ] GC(1) Discovered  references: Soft: 0, Weak: 95, Final: 0, Phantom: 5
[1.491s][info][gc,ref      ] GC(1) Enqueued    references: Soft: 0, Weak: 0, Final: 0, Phantom: 0
[1.491s][info][gc          ] GC(1) Concurrent weak references 0.083ms
[1.491s][info][gc,start    ] GC(1) Concurrent weak roots
[1.491s][info][gc,task     ] GC(1) Using 3 of 6 workers for concurrent weak root
[1.491s][info][gc          ] GC(1) Concurrent weak roots 0.117ms
[1.491s][info][gc,start    ] GC(1) Concurrent cleanup
[1.491s][info][gc          ] GC(1) Concurrent cleanup 178M->158M(512M) 0.023ms
[1.491s][info][gc,ergo     ] GC(1) Free: 327M, Max: 256K regular, 257M humongous, Frag: 22% external, 0% internal; Reserve: 26368K, Max: 256K
[1.491s][info][gc,start    ] GC(1) Concurrent class unloading
[1.491s][info][gc,task     ] GC(1) Using 3 of 6 workers for concurrent class unloading
[1.492s][info][gc          ] GC(1) Concurrent class unloading 0.287ms
[1.492s][info][gc,start    ] GC(1) Pause Final Roots
[1.492s][info][gc          ] GC(1) Pause Final Roots 0.019ms
[1.492s][info][gc,ergo     ] Free: 327M, Max: 256K regular, 257M humongous, Frag: 22% external, 0% internal; Reserve: 26368K, Max: 256K
[1.492s][info][gc,stats    ] 
[1.492s][info][gc,stats    ] All times are wall-clock times, except per-root-class counters, that are sum over
[1.492s][info][gc,stats    ] all workers. Dividing the <total> over the root stage time estimates parallelism.
[1.492s][info][gc,stats    ] 
[1.492s][info][gc,stats    ] Concurrent Reset                    888 us
[1.492s][info][gc,stats    ] Pause Init Mark (G)               30103 us
[1.492s][info][gc,stats    ] Pause Init Mark (N)                 139 us
[1.492s][info][gc,stats    ]   Update Region States               42 us
[1.492s][info][gc,stats    ] Concurrent Mark Roots               284 us, parallelism: 1.24x
[1.492s][info][gc,stats    ]   CMR: <total>                      353 us
[1.492s][info][gc,stats    ]   CMR: Thread Roots                 312 us, workers (us): 204,  63,  46, ---, ---, ---, 
[1.492s][info][gc,stats    ]   CMR: VM Strong Roots                4 us, workers (us):   3,   1,   0, ---, ---, ---, 
[1.492s][info][gc,stats    ]   CMR: CLDG Roots                    37 us, workers (us): ---,  37, ---, ---, ---, ---, 
[1.492s][info][gc,stats    ] Concurrent Marking                  983 us
[1.492s][info][gc,stats    ] Pause Final Mark (G)                177 us
[1.492s][info][gc,stats    ] Pause Final Mark (N)                148 us
[1.492s][info][gc,stats    ]   Finish Mark                        25 us
[1.492s][info][gc,stats    ]   Update Region States               33 us
[1.492s][info][gc,stats    ]   Choose Collection Set              36 us
[1.492s][info][gc,stats    ]   Rebuild Free Set                   13 us
[1.492s][info][gc,stats    ] Concurrent Weak References           91 us, parallelism: 0.10x
[1.492s][info][gc,stats    ]   CWRF: <total>                       9 us
[1.492s][info][gc,stats    ]   CWRF: Weak References               9 us, workers (us):   8,   1,   0, ---, ---, ---, 
[1.492s][info][gc,stats    ] Concurrent Weak Roots               133 us
[1.492s][info][gc,stats    ]   Roots                              75 us, parallelism: 1.18x
[1.492s][info][gc,stats    ]     CWR: <total>                     89 us
[1.492s][info][gc,stats    ]     CWR: Code Cache Roots            39 us, workers (us):  35,   0,   3, ---, ---, ---, 
[1.492s][info][gc,stats    ]     CWR: VM Weak Roots               49 us, workers (us):  17,  16,  15, ---, ---, ---, 
[1.492s][info][gc,stats    ]     CWR: CLDG Roots                   1 us, workers (us): ---,   1, ---, ---, ---, ---, 
[1.492s][info][gc,stats    ]   Rendezvous                         26 us
[1.492s][info][gc,stats    ] Concurrent Cleanup                   32 us
[1.492s][info][gc,stats    ] Concurrent Class Unloading          305 us
[1.492s][info][gc,stats    ]   Unlink Stale                      209 us
[1.492s][info][gc,stats    ]     System Dictionary                 1 us
[1.492s][info][gc,stats    ]     Weak Class Links                  0 us
[1.492s][info][gc,stats    ]     Code Roots                      207 us
[1.492s][info][gc,stats    ]   Rendezvous                         29 us
[1.492s][info][gc,stats    ]   Purge Unlinked                     32 us
[1.492s][info][gc,stats    ]     Code Roots                       27 us
[1.492s][info][gc,stats    ]     CLDG                              4 us
[1.492s][info][gc,stats    ]     Exception Caches                  0 us
[1.492s][info][gc,stats    ] Pause Final Roots (G)                59 us
[1.492s][info][gc,stats    ] Pause Final Roots (N)                30 us
[1.492s][info][gc,stats    ] Pacing                            15003 us
[1.492s][info][gc,stats    ] 
[1.492s][info][gc,stats    ] Allocation pacing accrued:
[1.492s][info][gc,stats    ]      15 of   169 ms (  8.9%): main
[1.492s][info][gc,stats    ]      15 of   169 ms (  8.9%): <total>
[1.492s][info][gc,stats    ]       1 of   169 ms (  0.6%): <average total>
[1.492s][info][gc,stats    ]      15 of   169 ms (  8.9%): <average non-zero>
[1.492s][info][gc,stats    ] 
[1.492s][info][gc,metaspace] Metaspace: 1013K(1216K)->1013K(1216K) NonClass: 932K(1024K)->932K(1024K) Class: 81K(192K)->81K(192K)
[1.492s][info][gc,ergo     ] Pacer for Idle. Initial: 10485K, Alloc Tax Rate: 1.0x
[1.504s][info][gc          ] Trigger: Learning 3 of 5. Free (327M) is below initial threshold (358M)
[1.504s][info][gc,ergo     ] Free: 327M, Max: 256K regular, 257M humongous, Frag: 22% external, 0% internal; Reserve: 26368K, Max: 256K
[1.505s][info][gc,start    ] GC(2) Concurrent reset
[1.505s][info][gc,task     ] GC(2) Using 3 of 6 workers for concurrent reset
[1.505s][info][gc,ergo     ] GC(2) Pacer for Reset. Non-Taxable: 512M
[1.505s][info][gc          ] GC(2) Concurrent reset 0.835ms
[1.505s][info][gc,start    ] GC(2) Pause Init Mark (unload classes)
[1.505s][info][gc,task     ] GC(2) Using 6 of 6 workers for init marking
[1.505s][info][gc,ergo     ] GC(2) Pacer for Mark. Expected Live: 116M, Free: 327M, Non-Taxable: 33488K, Alloc Tax Rate: 0.4x
[1.505s][info][gc          ] GC(2) Pause Init Mark (unload classes) 0.079ms
[1.505s][info][gc,start    ] GC(2) Concurrent marking roots
[1.506s][info][gc,task     ] GC(2) Using 3 of 6 workers for concurrent marking roots
[1.506s][info][gc          ] GC(2) Concurrent marking roots 0.305ms
[1.506s][info][gc,start    ] GC(2) Concurrent marking (unload classes)
[1.506s][info][gc,task     ] GC(2) Using 3 of 6 workers for concurrent marking
[1.507s][info][gc          ] GC(2) Concurrent marking (unload classes) 0.819ms
[1.507s][info][gc,start    ] GC(2) Pause Final Mark (unload classes)
[1.507s][info][gc,task     ] GC(2) Using 6 of 6 workers for final marking
[1.507s][info][gc,ergo     ] GC(2) Collectable Garbage: 51414K (96%), Immediate: 51414K (96%), CSet: 0B (0%)
[1.507s][info][gc          ] GC(2) Pause Final Mark (unload classes) 0.126ms
[1.507s][info][gc,start    ] GC(2) Concurrent weak references
[1.507s][info][gc,task     ] GC(2) Using 3 of 6 workers for concurrent weak references
[1.507s][info][gc,ref      ] GC(2) Encountered references: Soft: 92, Weak: 116, Final: 0, Phantom: 7
[1.507s][info][gc,ref      ] GC(2) Discovered  references: Soft: 0, Weak: 95, Final: 0, Phantom: 5
[1.507s][info][gc,ref      ] GC(2) Enqueued    references: Soft: 0, Weak: 0, Final: 0, Phantom: 0
[1.507s][info][gc          ] GC(2) Concurrent weak references 0.103ms
[1.507s][info][gc,start    ] GC(2) Concurrent weak roots
[1.507s][info][gc,task     ] GC(2) Using 3 of 6 workers for concurrent weak root
[1.507s][info][gc          ] GC(2) Concurrent weak roots 0.112ms
[1.507s][info][gc,start    ] GC(2) Concurrent cleanup
[1.507s][info][gc          ] GC(2) Concurrent cleanup 158M->108M(512M) 0.023ms
[1.507s][info][gc,ergo     ] GC(2) Free: 377M, Max: 256K regular, 257M humongous, Frag: 32% external, 0% internal; Reserve: 26368K, Max: 256K
[1.507s][info][gc,start    ] GC(2) Concurrent class unloading
[1.507s][info][gc,task     ] GC(2) Using 3 of 6 workers for concurrent class unloading
[1.507s][info][gc          ] GC(2) Concurrent class unloading 0.221ms
[1.507s][info][gc,start    ] GC(2) Pause Final Roots
[1.507s][info][gc          ] GC(2) Pause Final Roots 0.016ms
[1.507s][info][gc,ergo     ] Free: 377M, Max: 256K regular, 257M humongous, Frag: 32% external, 0% internal; Reserve: 26368K, Max: 256K
[1.507s][info][gc,stats    ] 
[1.507s][info][gc,stats    ] All times are wall-clock times, except per-root-class counters, that are sum over
[1.507s][info][gc,stats    ] all workers. Dividing the <total> over the root stage time estimates parallelism.
[1.507s][info][gc,stats    ] 
[1.507s][info][gc,stats    ] Concurrent Reset                    859 us
[1.507s][info][gc,stats    ] Pause Init Mark (G)                 119 us
[1.507s][info][gc,stats    ] Pause Init Mark (N)                  88 us
[1.507s][info][gc,stats    ]   Update Region States               26 us
[1.507s][info][gc,stats    ] Concurrent Mark Roots               321 us, parallelism: 1.25x
[1.507s][info][gc,stats    ]   CMR: <total>                      402 us
[1.507s][info][gc,stats    ]   CMR: Thread Roots                 361 us, workers (us): 249,  75,  37, ---, ---, ---, 
[1.507s][info][gc,stats    ]   CMR: VM Strong Roots                5 us, workers (us):   2,   2,   0, ---, ---, ---, 
[1.508s][info][gc,stats    ]   CMR: CLDG Roots                    36 us, workers (us): ---, ---,  36, ---, ---, ---, 
[1.508s][info][gc,stats    ] Concurrent Marking                  838 us
[1.508s][info][gc,stats    ] Pause Final Mark (G)                162 us
[1.508s][info][gc,stats    ] Pause Final Mark (N)                136 us
[1.508s][info][gc,stats    ]   Finish Mark                        31 us
[1.508s][info][gc,stats    ]   Update Region States               29 us
[1.508s][info][gc,stats    ]   Choose Collection Set              29 us
[1.508s][info][gc,stats    ]   Rebuild Free Set                    9 us
[1.508s][info][gc,stats    ] Concurrent Weak References          112 us, parallelism: 0.05x
[1.508s][info][gc,stats    ]   CWRF: <total>                       5 us
[1.508s][info][gc,stats    ]   CWRF: Weak References               5 us, workers (us):   5,   0,   0, ---, ---, ---, 
[1.508s][info][gc,stats    ] Concurrent Weak Roots               127 us
[1.508s][info][gc,stats    ]   Roots                              69 us, parallelism: 1.12x
[1.508s][info][gc,stats    ]     CWR: <total>                     78 us
[1.508s][info][gc,stats    ]     CWR: Code Cache Roots            36 us, workers (us):   0,   3,  33, ---, ---, ---, 
[1.508s][info][gc,stats    ]     CWR: VM Weak Roots               41 us, workers (us):  15,  14,  12, ---, ---, ---, 
[1.508s][info][gc,stats    ]     CWR: CLDG Roots                   1 us, workers (us):   1, ---, ---, ---, ---, ---, 
[1.508s][info][gc,stats    ]   Rendezvous                         26 us
[1.508s][info][gc,stats    ] Concurrent Cleanup                   33 us
[1.508s][info][gc,stats    ] Concurrent Class Unloading          235 us
[1.508s][info][gc,stats    ]   Unlink Stale                      157 us
[1.508s][info][gc,stats    ]     System Dictionary                 1 us
[1.508s][info][gc,stats    ]     Weak Class Links                  0 us
[1.508s][info][gc,stats    ]     Code Roots                      155 us
[1.508s][info][gc,stats    ]   Rendezvous                         24 us
[1.508s][info][gc,stats    ]   Purge Unlinked                     23 us
[1.508s][info][gc,stats    ]     Code Roots                       20 us
[1.508s][info][gc,stats    ]     CLDG                              3 us
[1.508s][info][gc,stats    ]     Exception Caches                  0 us
[1.508s][info][gc,stats    ] Pause Final Roots (G)                44 us
[1.508s][info][gc,stats    ] Pause Final Roots (N)                25 us
[1.508s][info][gc,stats    ] 
[1.508s][info][gc,stats    ] Allocation pacing accrued:
[1.508s][info][gc,stats    ]       0 of    16 ms (  0.0%): <total>
[1.508s][info][gc,stats    ]       0 of    16 ms (  0.0%): <average total>
[1.508s][info][gc,stats    ] 
[1.508s][info][gc,metaspace] Metaspace: 1013K(1216K)->1013K(1216K) NonClass: 932K(1024K)->932K(1024K) Class: 81K(192K)->81K(192K)
[1.508s][info][gc,ergo     ] Pacer for Idle. Initial: 10485K, Alloc Tax Rate: 1.0x
[2.150s][info][gc          ] Trigger: Learning 4 of 5. Free (353M) is below initial threshold (358M)
[2.150s][info][gc,ergo     ] Free: 353M, Max: 256K regular, 257M humongous, Frag: 28% external, 0% internal; Reserve: 26368K, Max: 256K
[2.150s][info][gc,start    ] GC(3) Concurrent reset
[2.150s][info][gc,task     ] GC(3) Using 3 of 6 workers for concurrent reset
[2.150s][info][gc,ergo     ] GC(3) Pacer for Reset. Non-Taxable: 512M
[2.150s][info][gc          ] GC(3) Concurrent reset 0.260ms
[2.150s][info][gc,start    ] GC(3) Pause Init Mark (unload classes)
[2.150s][info][gc,task     ] GC(3) Using 6 of 6 workers for init marking
[2.150s][info][gc,ergo     ] GC(3) Pacer for Mark. Expected Live: 113M, Free: 353M, Non-Taxable: 36232K, Alloc Tax Rate: 0.4x
[2.150s][info][gc          ] GC(3) Pause Init Mark (unload classes) 0.138ms
[2.150s][info][gc,start    ] GC(3) Concurrent marking roots
[2.150s][info][gc,task     ] GC(3) Using 3 of 6 workers for concurrent marking roots
[2.151s][info][gc          ] GC(3) Concurrent marking roots 0.316ms
[2.151s][info][gc,start    ] GC(3) Concurrent marking (unload classes)
[2.151s][info][gc,task     ] GC(3) Using 3 of 6 workers for concurrent marking
[2.151s][info][gc          ] GC(3) Concurrent marking (unload classes) 0.801ms
[2.151s][info][gc,start    ] GC(3) Pause Final Mark (unload classes)
[2.152s][info][gc,task     ] GC(3) Using 6 of 6 workers for final marking
[2.152s][info][gc,ergo     ] GC(3) Collectable Garbage: 116M (98%), Immediate: 116M (98%), CSet: 0B (0%)
[2.152s][info][gc          ] GC(3) Pause Final Mark (unload classes) 0.192ms
[2.152s][info][gc,start    ] GC(3) Concurrent weak references
[2.152s][info][gc,task     ] GC(3) Using 3 of 6 workers for concurrent weak references
[2.152s][info][gc,ref      ] GC(3) Encountered references: Soft: 92, Weak: 116, Final: 0, Phantom: 7
[2.152s][info][gc,ref      ] GC(3) Discovered  references: Soft: 0, Weak: 69, Final: 0, Phantom: 5
[2.152s][info][gc,ref      ] GC(3) Enqueued    references: Soft: 0, Weak: 0, Final: 0, Phantom: 0
[2.152s][info][gc          ] GC(3) Concurrent weak references 0.111ms
[2.152s][info][gc,start    ] GC(3) Concurrent weak roots
[2.152s][info][gc,task     ] GC(3) Using 3 of 6 workers for concurrent weak root
[2.152s][info][gc          ] GC(3) Concurrent weak roots 0.150ms
[2.152s][info][gc,start    ] GC(3) Concurrent cleanup
[2.152s][info][gc          ] GC(3) Concurrent cleanup 130M->14M(512M) 0.033ms
[2.152s][info][gc,ergo     ] GC(3) Free: 471M, Max: 256K regular, 438M humongous, Frag: 7% external, 0% internal; Reserve: 26368K, Max: 256K
[2.152s][info][gc,start    ] GC(3) Concurrent class unloading
[2.152s][info][gc,task     ] GC(3) Using 3 of 6 workers for concurrent class unloading
[2.152s][info][gc          ] GC(3) Concurrent class unloading 0.235ms
[2.152s][info][gc,start    ] GC(3) Pause Final Roots
[2.152s][info][gc          ] GC(3) Pause Final Roots 0.016ms
[2.152s][info][gc,ergo     ] Free: 471M, Max: 256K regular, 438M humongous, Frag: 7% external, 0% internal; Reserve: 26368K, Max: 256K
[2.152s][info][gc,stats    ] 
[2.152s][info][gc,stats    ] All times are wall-clock times, except per-root-class counters, that are sum over
[2.152s][info][gc,stats    ] all workers. Dividing the <total> over the root stage time estimates parallelism.
[2.152s][info][gc,stats    ] 
[2.152s][info][gc,stats    ] Concurrent Reset                    281 us
[2.152s][info][gc,stats    ] Pause Init Mark (G)                 231 us
[2.152s][info][gc,stats    ] Pause Init Mark (N)                 147 us
[2.152s][info][gc,stats    ]   Update Region States               86 us
[2.152s][info][gc,stats    ] Concurrent Mark Roots               335 us, parallelism: 1.11x
[2.152s][info][gc,stats    ]   CMR: <total>                      373 us
[2.152s][info][gc,stats    ]   CMR: Thread Roots                 320 us, workers (us):  36, 205,  79, ---, ---, ---, 
[2.152s][info][gc,stats    ]   CMR: VM Strong Roots                3 us, workers (us):   3,   0,   0, ---, ---, ---, 
[2.152s][info][gc,stats    ]   CMR: CLDG Roots                    50 us, workers (us):  50, ---, ---, ---, ---, ---, 
[2.152s][info][gc,stats    ] Concurrent Marking                  819 us
[2.152s][info][gc,stats    ] Pause Final Mark (G)                235 us
[2.152s][info][gc,stats    ] Pause Final Mark (N)                202 us
[2.153s][info][gc,stats    ]   Finish Mark                        72 us
[2.153s][info][gc,stats    ]   Update Region States               51 us
[2.153s][info][gc,stats    ]   Choose Collection Set              29 us
[2.153s][info][gc,stats    ]   Rebuild Free Set                    9 us
[2.153s][info][gc,stats    ] Concurrent Weak References          123 us, parallelism: 0.03x
[2.153s][info][gc,stats    ]   CWRF: <total>                       4 us
[2.153s][info][gc,stats    ]   CWRF: Weak References               4 us, workers (us):   3,   1,   0, ---, ---, ---, 
[2.153s][info][gc,stats    ] Concurrent Weak Roots               164 us
[2.153s][info][gc,stats    ]   Roots                              77 us, parallelism: 1.02x
[2.153s][info][gc,stats    ]     CWR: <total>                     78 us
[2.153s][info][gc,stats    ]     CWR: Code Cache Roots            36 us, workers (us):   2,  34,   0, ---, ---, ---, 
[2.153s][info][gc,stats    ]     CWR: VM Weak Roots               41 us, workers (us):  20,  20,   0, ---, ---, ---, 
[2.153s][info][gc,stats    ]     CWR: CLDG Roots                   1 us, workers (us):   1, ---, ---, ---, ---, ---, 
[2.153s][info][gc,stats    ]   Rendezvous                         28 us
[2.153s][info][gc,stats    ] Concurrent Cleanup                   42 us
[2.153s][info][gc,stats    ] Concurrent Class Unloading          248 us
[2.153s][info][gc,stats    ]   Unlink Stale                      142 us
[2.153s][info][gc,stats    ]     System Dictionary                 1 us
[2.153s][info][gc,stats    ]     Weak Class Links                  0 us
[2.153s][info][gc,stats    ]     Code Roots                      140 us
[2.153s][info][gc,stats    ]   Rendezvous                         20 us
[2.153s][info][gc,stats    ]   Purge Unlinked                     56 us
[2.153s][info][gc,stats    ]     Code Roots                       53 us
[2.153s][info][gc,stats    ]     CLDG                              3 us
[2.153s][info][gc,stats    ]     Exception Caches                  0 us
[2.153s][info][gc,stats    ] Pause Final Roots (G)                45 us
[2.153s][info][gc,stats    ] Pause Final Roots (N)                25 us
[2.153s][info][gc,stats    ] 
[2.153s][info][gc,stats    ] Allocation pacing accrued:
[2.153s][info][gc,stats    ]       0 of   645 ms (  0.0%): <total>
[2.153s][info][gc,stats    ]       0 of   645 ms (  0.0%): <average total>
[2.153s][info][gc,stats    ] 
[2.153s][info][gc,metaspace] Metaspace: 1013K(1216K)->1013K(1216K) NonClass: 932K(1024K)->932K(1024K) Class: 81K(192K)->81K(192K)
[2.153s][info][gc,ergo     ] Pacer for Idle. Initial: 10485K, Alloc Tax Rate: 1.0x
[2.954s][info][gc          ] Trigger: Learning 5 of 5. Free (269M) is below initial threshold (358M)
[2.955s][info][gc,ergo     ] Free: 269M, Max: 256K regular, 268M humongous, Frag: 1% external, 0% internal; Reserve: 26368K, Max: 256K
[2.955s][info][gc,start    ] GC(4) Concurrent reset
[2.955s][info][gc,task     ] GC(4) Using 3 of 6 workers for concurrent reset
[2.955s][info][gc,ergo     ] GC(4) Pacer for Reset. Non-Taxable: 512M
[2.955s][info][gc          ] GC(4) Concurrent reset 0.207ms
[2.955s][info][gc,start    ] GC(4) Pause Init Mark (unload classes)
[2.955s][info][gc,task     ] GC(4) Using 6 of 6 workers for init marking
[2.955s][info][gc,ergo     ] GC(4) Pacer for Mark. Expected Live: 90268K, Free: 269M, Non-Taxable: 27576K, Alloc Tax Rate: 0.4x
[2.955s][info][gc          ] GC(4) Pause Init Mark (unload classes) 0.083ms
[2.955s][info][gc,start    ] GC(4) Concurrent marking roots
[2.955s][info][gc,task     ] GC(4) Using 3 of 6 workers for concurrent marking roots
[2.955s][info][gc          ] GC(4) Concurrent marking roots 0.344ms
[2.955s][info][gc,start    ] GC(4) Concurrent marking (unload classes)
[2.955s][info][gc,task     ] GC(4) Using 3 of 6 workers for concurrent marking
[2.956s][info][gc          ] GC(4) Concurrent marking (unload classes) 0.991ms
[2.956s][info][gc,start    ] GC(4) Pause Final Mark (unload classes)
[2.956s][info][gc,task     ] GC(4) Using 6 of 6 workers for final marking
[2.956s][info][gc,ergo     ] GC(4) Collectable Garbage: 100M (98%), Immediate: 100M (98%), CSet: 0B (0%)
[2.956s][info][gc          ] GC(4) Pause Final Mark (unload classes) 0.146ms
[2.956s][info][gc,start    ] GC(4) Concurrent weak references
[2.957s][info][gc,task     ] GC(4) Using 3 of 6 workers for concurrent weak references
[2.957s][info][gc,ref      ] GC(4) Encountered references: Soft: 92, Weak: 116, Final: 0, Phantom: 7
[2.957s][info][gc,ref      ] GC(4) Discovered  references: Soft: 0, Weak: 84, Final: 0, Phantom: 5
[2.957s][info][gc,ref      ] GC(4) Enqueued    references: Soft: 0, Weak: 0, Final: 0, Phantom: 0
[2.957s][info][gc          ] GC(4) Concurrent weak references 0.091ms
[2.957s][info][gc,start    ] GC(4) Concurrent weak roots
[2.957s][info][gc,task     ] GC(4) Using 3 of 6 workers for concurrent weak root
[2.957s][info][gc          ] GC(4) Concurrent weak roots 0.150ms
[2.957s][info][gc,start    ] GC(4) Concurrent cleanup
[2.957s][info][gc          ] GC(4) Concurrent cleanup 214M->114M(512M) 0.041ms
[2.957s][info][gc,ergo     ] GC(4) Free: 371M, Max: 256K regular, 268M humongous, Frag: 28% external, 0% internal; Reserve: 26368K, Max: 256K
[2.957s][info][gc,start    ] GC(4) Concurrent class unloading
[2.957s][info][gc,task     ] GC(4) Using 3 of 6 workers for concurrent class unloading
[2.957s][info][gc          ] GC(4) Concurrent class unloading 0.306ms
[2.957s][info][gc,start    ] GC(4) Pause Final Roots
[2.957s][info][gc          ] GC(4) Pause Final Roots 0.020ms
[2.957s][info][gc,ergo     ] Free: 371M, Max: 256K regular, 268M humongous, Frag: 28% external, 0% internal; Reserve: 26368K, Max: 256K
[2.957s][info][gc,stats    ] 
[2.957s][info][gc,stats    ] All times are wall-clock times, except per-root-class counters, that are sum over
[2.957s][info][gc,stats    ] all workers. Dividing the <total> over the root stage time estimates parallelism.
[2.957s][info][gc,stats    ] 
[2.957s][info][gc,stats    ] Concurrent Reset                    240 us
[2.957s][info][gc,stats    ] Pause Init Mark (G)                 127 us
[2.957s][info][gc,stats    ] Pause Init Mark (N)                  96 us
[2.957s][info][gc,stats    ]   Update Region States               24 us
[2.957s][info][gc,stats    ] Concurrent Mark Roots               363 us, parallelism: 1.34x
[2.957s][info][gc,stats    ]   CMR: <total>                      488 us
[2.957s][info][gc,stats    ]   CMR: Thread Roots                 441 us, workers (us): 102,  49, 290, ---, ---, ---, 
[2.957s][info][gc,stats    ]   CMR: VM Strong Roots                6 us, workers (us):   2,   2,   2, ---, ---, ---, 
[2.958s][info][gc,stats    ]   CMR: CLDG Roots                    41 us, workers (us): ---,  41, ---, ---, ---, ---, 
[2.958s][info][gc,stats    ] Concurrent Marking                 1013 us
[2.958s][info][gc,stats    ] Pause Final Mark (G)                190 us
[2.958s][info][gc,stats    ] Pause Final Mark (N)                160 us
[2.958s][info][gc,stats    ]   Finish Mark                        28 us
[2.958s][info][gc,stats    ]   Update Region States               29 us
[2.958s][info][gc,stats    ]   Choose Collection Set              40 us
[2.958s][info][gc,stats    ]   Rebuild Free Set                   14 us
[2.958s][info][gc,stats    ] Concurrent Weak References          153 us, parallelism: 0.05x
[2.958s][info][gc,stats    ]   CWRF: <total>                       8 us
[2.958s][info][gc,stats    ]   CWRF: Weak References               8 us, workers (us):   6,   1,   0, ---, ---, ---, 
[2.958s][info][gc,stats    ] Concurrent Weak Roots               169 us
[2.958s][info][gc,stats    ]   Roots                              96 us, parallelism: 1.24x
[2.958s][info][gc,stats    ]     CWR: <total>                    119 us
[2.958s][info][gc,stats    ]     CWR: Code Cache Roots            59 us, workers (us):   0,   5,  54, ---, ---, ---, 
[2.958s][info][gc,stats    ]     CWR: VM Weak Roots               59 us, workers (us):  20,  20,  20, ---, ---, ---, 
[2.958s][info][gc,stats    ]     CWR: CLDG Roots                   1 us, workers (us):   1, ---, ---, ---, ---, ---, 
[2.958s][info][gc,stats    ]   Rendezvous                         25 us
[2.958s][info][gc,stats    ] Concurrent Cleanup                   55 us
[2.958s][info][gc,stats    ] Concurrent Class Unloading          324 us
[2.958s][info][gc,stats    ]   Unlink Stale                      220 us
[2.958s][info][gc,stats    ]     System Dictionary                 1 us
[2.958s][info][gc,stats    ]     Weak Class Links                  0 us
[2.958s][info][gc,stats    ]     Code Roots                      218 us
[2.958s][info][gc,stats    ]   Rendezvous                         37 us
[2.958s][info][gc,stats    ]   Purge Unlinked                     24 us
[2.958s][info][gc,stats    ]     Code Roots                       20 us
[2.958s][info][gc,stats    ]     CLDG                              4 us
[2.958s][info][gc,stats    ]     Exception Caches                  0 us
[2.958s][info][gc,stats    ] Pause Final Roots (G)                90 us
[2.958s][info][gc,stats    ] Pause Final Roots (N)                32 us
[2.958s][info][gc,stats    ] Pacing                            46480 us
[2.958s][info][gc,stats    ] 
[2.958s][info][gc,stats    ] Allocation pacing accrued:
[2.958s][info][gc,stats    ]      46 of   805 ms (  5.8%): main
[2.958s][info][gc,stats    ]      46 of   805 ms (  5.8%): <total>
[2.958s][info][gc,stats    ]       4 of   805 ms (  0.4%): <average total>
[2.958s][info][gc,stats    ]      46 of   805 ms (  5.8%): <average non-zero>
[2.958s][info][gc,stats    ] 
[2.958s][info][gc,metaspace] Metaspace: 1013K(1216K)->1013K(1216K) NonClass: 932K(1024K)->932K(1024K) Class: 81K(192K)->81K(192K)
[2.958s][info][gc,ergo     ] Pacer for Idle. Initial: 10485K, Alloc Tax Rate: 1.0x
[6.937s][info][gc          ] Trigger: Free (49159K) is below minimum threshold (52428K)
[6.937s][info][gc,ergo     ] Free: 49159K, Max: 256K regular, 41216K humongous, Frag: 17% external, 0% internal; Reserve: 26368K, Max: 256K
[6.937s][info][gc,start    ] GC(5) Concurrent reset
[6.937s][info][gc,task     ] GC(5) Using 3 of 6 workers for concurrent reset
[6.937s][info][gc,ergo     ] GC(5) Pacer for Reset. Non-Taxable: 512M
[6.937s][info][gc          ] GC(5) Concurrent reset 0.265ms
[6.937s][info][gc,start    ] GC(5) Pause Init Mark (unload classes)
[6.937s][info][gc,task     ] GC(5) Using 6 of 6 workers for init marking
[6.937s][info][gc,ergo     ] GC(5) Pacer for Mark. Expected Live: 95286K, Free: 49159K, Non-Taxable: 4915K, Alloc Tax Rate: 2.4x
[6.937s][info][gc          ] GC(5) Pause Init Mark (unload classes) 0.062ms
[6.937s][info][gc,start    ] GC(5) Concurrent marking roots
[6.937s][info][gc,task     ] GC(5) Using 3 of 6 workers for concurrent marking roots
[6.938s][info][gc          ] GC(5) Concurrent marking roots 0.266ms
[6.938s][info][gc,start    ] GC(5) Concurrent marking (unload classes)
[6.938s][info][gc,task     ] GC(5) Using 3 of 6 workers for concurrent marking
[6.938s][info][gc          ] GC(5) Concurrent marking (unload classes) 0.726ms
[6.938s][info][gc,start    ] GC(5) Pause Final Mark (unload classes)
[6.938s][info][gc,task     ] GC(5) Using 6 of 6 workers for final marking
[6.938s][info][gc,ergo     ] GC(5) Collectable Garbage: 396M (99%), Immediate: 396M (99%), CSet: 0B (0%)
[6.939s][info][gc          ] GC(5) Pause Final Mark (unload classes) 0.135ms
[6.939s][info][gc,start    ] GC(5) Concurrent weak references
[6.939s][info][gc,task     ] GC(5) Using 3 of 6 workers for concurrent weak references
[6.939s][info][gc,ref      ] GC(5) Encountered references: Soft: 92, Weak: 116, Final: 0, Phantom: 7
[6.939s][info][gc,ref      ] GC(5) Discovered  references: Soft: 0, Weak: 66, Final: 0, Phantom: 5
[6.939s][info][gc,ref      ] GC(5) Enqueued    references: Soft: 0, Weak: 0, Final: 0, Phantom: 0
[6.939s][info][gc          ] GC(5) Concurrent weak references 0.068ms
[6.939s][info][gc,start    ] GC(5) Concurrent weak roots
[6.939s][info][gc,task     ] GC(5) Using 3 of 6 workers for concurrent weak root
[6.939s][info][gc          ] GC(5) Concurrent weak roots 0.111ms
[6.939s][info][gc,start    ] GC(5) Concurrent cleanup
[6.939s][info][gc          ] GC(5) Concurrent cleanup 429M->33M(512M) 0.077ms
[6.939s][info][gc,ergo     ] GC(5) Free: 451M, Max: 256K regular, 170M humongous, Frag: 63% external, 0% internal; Reserve: 26368K, Max: 256K
[6.939s][info][gc,start    ] GC(5) Concurrent class unloading
[6.939s][info][gc,task     ] GC(5) Using 3 of 6 workers for concurrent class unloading
[6.939s][info][gc          ] GC(5) Concurrent class unloading 0.201ms
[6.939s][info][gc,start    ] GC(5) Pause Final Roots
[6.939s][info][gc          ] GC(5) Pause Final Roots 0.015ms
[6.939s][info][gc,ergo     ] Free: 451M, Max: 256K regular, 170M humongous, Frag: 63% external, 0% internal; Reserve: 26368K, Max: 256K
[6.939s][info][gc,stats    ] 
[6.939s][info][gc,stats    ] All times are wall-clock times, except per-root-class counters, that are sum over
[6.939s][info][gc,stats    ] all workers. Dividing the <total> over the root stage time estimates parallelism.
[6.939s][info][gc,stats    ] 
[6.939s][info][gc,stats    ] Concurrent Reset                    285 us
[6.939s][info][gc,stats    ] Pause Init Mark (G)                 103 us
[6.939s][info][gc,stats    ] Pause Init Mark (N)                  71 us
[6.939s][info][gc,stats    ]   Update Region States               24 us
[6.939s][info][gc,stats    ] Concurrent Mark Roots               280 us, parallelism: 1.38x
[6.939s][info][gc,stats    ]   CMR: <total>                      385 us
[6.939s][info][gc,stats    ]   CMR: Thread Roots                 338 us, workers (us):  76, 175,  88, ---, ---, ---, 
[6.939s][info][gc,stats    ]   CMR: VM Strong Roots                5 us, workers (us):   2,   1,   2, ---, ---, ---, 
[6.939s][info][gc,stats    ]   CMR: CLDG Roots                    42 us, workers (us): ---,  42, ---, ---, ---, ---, 
[6.939s][info][gc,stats    ] Concurrent Marking                  740 us
[6.939s][info][gc,stats    ] Pause Final Mark (G)                177 us
[6.939s][info][gc,stats    ] Pause Final Mark (N)                146 us
[6.939s][info][gc,stats    ]   Finish Mark                        26 us
[6.939s][info][gc,stats    ]   Update Region States               29 us
[6.939s][info][gc,stats    ]   Choose Collection Set              44 us
[6.939s][info][gc,stats    ]   Rebuild Free Set                    8 us
[6.939s][info][gc,stats    ] Concurrent Weak References           76 us, parallelism: 0.06x
[6.939s][info][gc,stats    ]   CWRF: <total>                       4 us
[6.939s][info][gc,stats    ]   CWRF: Weak References               4 us, workers (us):   3,   1,   0, ---, ---, ---, 
[6.939s][info][gc,stats    ] Concurrent Weak Roots               125 us
[6.939s][info][gc,stats    ]   Roots                              70 us, parallelism: 1.14x
[6.939s][info][gc,stats    ]     CWR: <total>                     80 us
[6.939s][info][gc,stats    ]     CWR: Code Cache Roots            37 us, workers (us):   4,  33,   0, ---, ---, ---, 
[6.939s][info][gc,stats    ]     CWR: VM Weak Roots               42 us, workers (us):  16,  14,  13, ---, ---, ---, 
[6.939s][info][gc,stats    ]     CWR: CLDG Roots                   1 us, workers (us): ---, ---,   1, ---, ---, ---, 
[6.939s][info][gc,stats    ]   Rendezvous                         25 us
[6.939s][info][gc,stats    ] Concurrent Cleanup                   87 us
[6.939s][info][gc,stats    ] Concurrent Class Unloading          213 us
[6.939s][info][gc,stats    ]   Unlink Stale                      142 us
[6.939s][info][gc,stats    ]     System Dictionary                 1 us
[6.939s][info][gc,stats    ]     Weak Class Links                  0 us
[6.939s][info][gc,stats    ]     Code Roots                      141 us
[6.939s][info][gc,stats    ]   Rendezvous                         20 us
[6.939s][info][gc,stats    ]   Purge Unlinked                     22 us
[6.939s][info][gc,stats    ]     Code Roots                       20 us
[6.939s][info][gc,stats    ]     CLDG                              2 us
[6.939s][info][gc,stats    ]     Exception Caches                  0 us
[6.939s][info][gc,stats    ] Pause Final Roots (G)                44 us
[6.939s][info][gc,stats    ] Pause Final Roots (N)                24 us
[6.939s][info][gc,stats    ] Pacing                            45731 us
[6.939s][info][gc,stats    ] 
[6.939s][info][gc,stats    ] Allocation pacing accrued:
[6.939s][info][gc,stats    ]      46 of  3982 ms (  1.1%): main
[6.940s][info][gc,stats    ]      46 of  3982 ms (  1.1%): <total>
[6.940s][info][gc,stats    ]       4 of  3982 ms (  0.1%): <average total>
[6.940s][info][gc,stats    ]      46 of  3982 ms (  1.1%): <average non-zero>
[6.940s][info][gc,stats    ] 
[6.940s][info][gc,metaspace] Metaspace: 1017K(1216K)->1017K(1216K) NonClass: 936K(1024K)->936K(1024K) Class: 81K(192K)->81K(192K)
[6.940s][info][gc,ergo     ] Pacer for Idle. Initial: 10485K, Alloc Tax Rate: 1.0x
[8.756s][info][gc          ] Failed to allocate Shared, 100M
[8.756s][info][gc          ] Cancelling GC: Allocation Failure
[8.772s][info][gc          ] Trigger: Handle Allocation Failure
[8.772s][info][gc,ergo     ] Free: 192M, Max: 256K regular, 72192K humongous, Frag: 64% external, 0% internal; Reserve: 26368K, Max: 256K
[8.772s][info][gc,start    ] GC(6) Pause Degenerated GC (Outside of Cycle)
[8.772s][info][gc,task     ] GC(6) Using 6 of 6 workers for stw degenerated gc
[8.772s][info][gc,ref      ] GC(6) Clearing All SoftReferences
[8.773s][info][gc,ref      ] GC(6) Encountered references: Soft: 92, Weak: 116, Final: 0, Phantom: 7
[8.773s][info][gc,ref      ] GC(6) Discovered  references: Soft: 66, Weak: 95, Final: 0, Phantom: 4
[8.773s][info][gc,ref      ] GC(6) Enqueued    references: Soft: 47, Weak: 0, Final: 0, Phantom: 0
[8.773s][info][gc,ergo     ] GC(6) Collectable Garbage: 237M (99%), Immediate: 237M (99%), CSet: 0B (0%)
[8.773s][info][gc,ergo     ] GC(6) Good progress for free space: 432M, need 5242K
[8.774s][info][gc,ergo     ] GC(6) Good progress for used space: 237M, need 256K
[8.774s][info][gc          ] GC(6) Pause Degenerated GC (Outside of Cycle) 290M->53M(512M) 1.633ms
[8.774s][info][gc,ergo     ] Free: 432M, Max: 256K regular, 312M humongous, Frag: 28% external, 0% internal; Reserve: 26368K, Max: 256K
[8.774s][info][gc,stats    ] 
[8.774s][info][gc,stats    ] All times are wall-clock times, except per-root-class counters, that are sum over
[8.774s][info][gc,stats    ] all workers. Dividing the <total> over the root stage time estimates parallelism.
[8.774s][info][gc,stats    ] 
[8.774s][info][gc,stats    ] Pause Degenerated GC (G)           1716 us
[8.774s][info][gc,stats    ] Pause Degenerated GC (N)           1642 us
[8.774s][info][gc,stats    ]   Degen STW Mark                    568 us, parallelism: 4.96x
[8.774s][info][gc,stats    ]     DSM: <total>                   2819 us
[8.774s][info][gc,stats    ]     DSM: Thread Roots               429 us, workers (us):  62,  60,  59,  73, 176,   1, 
[8.774s][info][gc,stats    ]     DSM: VM Strong Roots              3 us, workers (us):   0,   2,   0,   0,   0,   1, 
[8.774s][info][gc,stats    ]     DSM: CLDG Roots                  35 us, workers (us):  33,   0,   0,   0,   0,   0, 
[8.774s][info][gc,stats    ]     DSM: Parallel Mark             2352 us, workers (us): 408, 438, 401, 386, 280, 440, 
[8.774s][info][gc,stats    ]     System Purge                    381 us
[8.774s][info][gc,stats    ]       Weak References               153 us, parallelism: 0.33x
[8.774s][info][gc,stats    ]         WRP: <total>                 51 us
[8.774s][info][gc,stats    ]         WRP: Weak References         51 us, workers (us):   3,  24,  23,   0,   0,   0, 
[8.774s][info][gc,stats    ]       Unload Classes                151 us, parallelism: 1.67x
[8.774s][info][gc,stats    ]         DCU: <total>                253 us
[8.774s][info][gc,stats    ]         DCU: Unload Code Caches      253 us, workers (us):  66,  58,  45,  33,  34,  17, 
[8.774s][info][gc,stats    ]       Weak Roots                     76 us, parallelism: 1.54x
[8.774s][info][gc,stats    ]         DWR: <total>                117 us
[8.774s][info][gc,stats    ]         DWR: VM Weak Roots          117 us, workers (us):  40,  40,  36,   1,   1,   1, 
[8.774s][info][gc,stats    ]       CLDG                            0 us
[8.774s][info][gc,stats    ]   Update Region States              110 us
[8.774s][info][gc,stats    ]   Manage GC/TLABs                     2 us
[8.774s][info][gc,stats    ]   Choose Collection Set              38 us
[8.774s][info][gc,stats    ]   Rebuild Free Set                    8 us
[8.774s][info][gc,stats    ]   Cleanup                             5 us
[8.774s][info][gc,stats    ] Pacing                           106509 us
[8.774s][info][gc,stats    ] 
[8.774s][info][gc,stats    ] Allocation pacing accrued:
[8.774s][info][gc,stats    ]     107 of  1834 ms (  5.8%): main
[8.774s][info][gc,stats    ]     107 of  1834 ms (  5.8%): <total>
[8.774s][info][gc,stats    ]       8 of  1834 ms (  0.4%): <average total>
[8.774s][info][gc,stats    ]     107 of  1834 ms (  5.8%): <average non-zero>
[8.774s][info][gc,stats    ] 
[8.774s][info][gc,metaspace] Metaspace: 1020K(1216K)->1020K(1216K) NonClass: 938K(1024K)->938K(1024K) Class: 81K(192K)->81K(192K)
[8.774s][info][gc,ergo     ] Pacer for Idle. Initial: 10485K, Alloc Tax Rate: 1.0x
[11.061s][info][gc          ] Trigger: Average GC time (15.02 ms) is above the time for average allocation rate (55199 KB/s) to deplete free headroom (0B) (margin of error = 1.90)
[11.061s][info][gc,ergo     ] Free headroom: 74503K (free) - 26214K (spike) - 52428K (penalties) = 0B
[11.061s][info][gc,ergo     ] Free: 74503K, Max: 256K regular, 62976K humongous, Frag: 16% external, 0% internal; Reserve: 26368K, Max: 256K
[11.061s][info][gc,start    ] GC(7) Concurrent reset
[11.061s][info][gc,task     ] GC(7) Using 3 of 6 workers for concurrent reset
[11.061s][info][gc,ergo     ] GC(7) Pacer for Reset. Non-Taxable: 512M
[11.061s][info][gc          ] GC(7) Concurrent reset 0.151ms
[11.061s][info][gc,start    ] GC(7) Pause Init Mark (unload classes)
[11.061s][info][gc,task     ] GC(7) Using 6 of 6 workers for init marking
[11.061s][info][gc,ergo     ] GC(7) Pacer for Mark. Expected Live: 96633K, Free: 74503K, Non-Taxable: 7450K, Alloc Tax Rate: 1.6x
[11.061s][info][gc          ] GC(7) Pause Init Mark (unload classes) 0.073ms
[11.061s][info][gc,start    ] GC(7) Concurrent marking roots
[11.061s][info][gc,task     ] GC(7) Using 3 of 6 workers for concurrent marking roots
[11.061s][info][gc          ] GC(7) Concurrent marking roots 0.246ms
[11.061s][info][gc,start    ] GC(7) Concurrent marking (unload classes)
[11.061s][info][gc,task     ] GC(7) Using 3 of 6 workers for concurrent marking
[11.062s][info][gc          ] GC(7) Concurrent marking (unload classes) 0.718ms
[11.062s][info][gc,start    ] GC(7) Pause Final Mark (unload classes)
[11.062s][info][gc,task     ] GC(7) Using 6 of 6 workers for final marking
[11.062s][info][gc,ergo     ] GC(7) Collectable Garbage: 239M (99%), Immediate: 239M (99%), CSet: 0B (0%)
[11.062s][info][gc          ] GC(7) Pause Final Mark (unload classes) 0.135ms
[11.062s][info][gc,start    ] GC(7) Concurrent weak references
[11.062s][info][gc,task     ] GC(7) Using 3 of 6 workers for concurrent weak references
[11.062s][info][gc,ref      ] GC(7) Encountered references: Soft: 45, Weak: 116, Final: 0, Phantom: 7
[11.062s][info][gc,ref      ] GC(7) Discovered  references: Soft: 0, Weak: 84, Final: 0, Phantom: 5
[11.062s][info][gc,ref      ] GC(7) Enqueued    references: Soft: 0, Weak: 0, Final: 0, Phantom: 0
[11.062s][info][gc          ] GC(7) Concurrent weak references 0.079ms
[11.062s][info][gc,start    ] GC(7) Concurrent weak roots
[11.062s][info][gc,task     ] GC(7) Using 3 of 6 workers for concurrent weak root
[11.062s][info][gc          ] GC(7) Concurrent weak roots 0.119ms
[11.062s][info][gc,start    ] GC(7) Concurrent cleanup
[11.062s][info][gc          ] GC(7) Concurrent cleanup 407M->168M(512M) 0.054ms
[11.062s][info][gc,ergo     ] GC(7) Free: 316M, Max: 256K regular, 150M humongous, Frag: 53% external, 0% internal; Reserve: 26368K, Max: 256K
[11.062s][info][gc,start    ] GC(7) Concurrent class unloading
[11.062s][info][gc,task     ] GC(7) Using 3 of 6 workers for concurrent class unloading
[11.063s][info][gc          ] GC(7) Concurrent class unloading 0.264ms
[11.063s][info][gc,start    ] GC(7) Pause Final Roots
[11.063s][info][gc          ] GC(7) Pause Final Roots 0.015ms
[11.063s][info][gc,ergo     ] Free: 316M, Max: 256K regular, 150M humongous, Frag: 53% external, 0% internal; Reserve: 26368K, Max: 256K
[11.063s][info][gc,stats    ] 
[11.063s][info][gc,stats    ] All times are wall-clock times, except per-root-class counters, that are sum over
[11.063s][info][gc,stats    ] all workers. Dividing the <total> over the root stage time estimates parallelism.
[11.063s][info][gc,stats    ] 
[11.063s][info][gc,stats    ] Concurrent Reset                    167 us
[11.063s][info][gc,stats    ] Pause Init Mark (G)                 116 us
[11.063s][info][gc,stats    ] Pause Init Mark (N)                  82 us
[11.063s][info][gc,stats    ]   Update Region States               27 us
[11.063s][info][gc,stats    ] Concurrent Mark Roots               261 us, parallelism: 1.32x
[11.063s][info][gc,stats    ]   CMR: <total>                      345 us
[11.063s][info][gc,stats    ]   CMR: Thread Roots                 311 us, workers (us):  67, 199,  45, ---, ---, ---, 
[11.063s][info][gc,stats    ]   CMR: VM Strong Roots                5 us, workers (us):   2,   1,   1, ---, ---, ---, 
[11.063s][info][gc,stats    ]   CMR: CLDG Roots                    29 us, workers (us): ---, ---,  29, ---, ---, ---, 
[11.063s][info][gc,stats    ] Concurrent Marking                  737 us
[11.063s][info][gc,stats    ] Pause Final Mark (G)                184 us
[11.063s][info][gc,stats    ] Pause Final Mark (N)                145 us
[11.063s][info][gc,stats    ]   Finish Mark                        26 us
[11.063s][info][gc,stats    ]   Update Region States               32 us
[11.063s][info][gc,stats    ]   Choose Collection Set              42 us
[11.063s][info][gc,stats    ]   Rebuild Free Set                    8 us
[11.063s][info][gc,stats    ] Concurrent Weak References           87 us, parallelism: 0.07x
[11.063s][info][gc,stats    ]   CWRF: <total>                       6 us
[11.063s][info][gc,stats    ]   CWRF: Weak References               6 us, workers (us):   6,   0,   0, ---, ---, ---, 
[11.063s][info][gc,stats    ] Concurrent Weak Roots               135 us
[11.063s][info][gc,stats    ]   Roots                              74 us, parallelism: 1.18x
[11.063s][info][gc,stats    ]     CWR: <total>                     87 us
[11.063s][info][gc,stats    ]     CWR: Code Cache Roots            40 us, workers (us):   4,  35,   0, ---, ---, ---, 
[11.063s][info][gc,stats    ]     CWR: VM Weak Roots               46 us, workers (us):  16,  15,  14, ---, ---, ---, 
[11.063s][info][gc,stats    ]     CWR: CLDG Roots                   1 us, workers (us): ---, ---,   1, ---, ---, ---, 
[11.063s][info][gc,stats    ]   Rendezvous                         28 us
[11.063s][info][gc,stats    ] Concurrent Cleanup                   64 us
[11.063s][info][gc,stats    ] Concurrent Class Unloading          279 us
[11.063s][info][gc,stats    ]   Unlink Stale                      189 us
[11.063s][info][gc,stats    ]     System Dictionary                 1 us
[11.063s][info][gc,stats    ]     Weak Class Links                  0 us
[11.063s][info][gc,stats    ]     Code Roots                      187 us
[11.063s][info][gc,stats    ]   Rendezvous                         31 us
[11.063s][info][gc,stats    ]   Purge Unlinked                     27 us
[11.063s][info][gc,stats    ]     Code Roots                       24 us
[11.063s][info][gc,stats    ]     CLDG                              3 us
[11.063s][info][gc,stats    ]     Exception Caches                  0 us
[11.063s][info][gc,stats    ] Pause Final Roots (G)                46 us
[11.063s][info][gc,stats    ] Pause Final Roots (N)                24 us
[11.063s][info][gc,stats    ] 
[11.063s][info][gc,stats    ] Allocation pacing accrued:
[11.063s][info][gc,stats    ]       0 of  2289 ms (  0.0%): <total>
[11.063s][info][gc,stats    ]       0 of  2289 ms (  0.0%): <average total>
[11.063s][info][gc,stats    ] 
[11.063s][info][gc,metaspace] Metaspace: 1020K(1216K)->1020K(1216K) NonClass: 938K(1024K)->938K(1024K) Class: 81K(192K)->81K(192K)
[11.063s][info][gc,ergo     ] Pacer for Idle. Initial: 10485K, Alloc Tax Rate: 1.0x
[12.859s][info][gc          ] Trigger: Average GC time (11.11 ms) is above the time for average allocation rate (85201 KB/s) to deplete free headroom (847K) (margin of error = 1.91)
[12.859s][info][gc,ergo     ] Free headroom: 74247K (free) - 26214K (spike) - 47185K (penalties) = 847K
[12.859s][info][gc,ergo     ] Free: 74247K, Max: 256K regular, 42240K humongous, Frag: 44% external, 0% internal; Reserve: 26368K, Max: 256K
[12.860s][info][gc,start    ] GC(8) Concurrent reset
[12.860s][info][gc,task     ] GC(8) Using 3 of 6 workers for concurrent reset
[12.860s][info][gc,ergo     ] GC(8) Pacer for Reset. Non-Taxable: 512M
[12.860s][info][gc          ] GC(8) Concurrent reset 0.763ms
[12.860s][info][gc,start    ] GC(8) Pause Init Mark (unload classes)
[12.860s][info][gc,task     ] GC(8) Using 6 of 6 workers for init marking
[12.860s][info][gc,ergo     ] GC(8) Pacer for Mark. Expected Live: 98666K, Free: 74247K, Non-Taxable: 7424K, Alloc Tax Rate: 1.6x
[12.860s][info][gc          ] GC(8) Pause Init Mark (unload classes) 0.100ms
[12.860s][info][gc,start    ] GC(8) Concurrent marking roots
[12.860s][info][gc,task     ] GC(8) Using 3 of 6 workers for concurrent marking roots
[12.861s][info][gc          ] GC(8) Concurrent marking roots 0.256ms
[12.861s][info][gc,start    ] GC(8) Concurrent marking (unload classes)
[12.861s][info][gc,task     ] GC(8) Using 3 of 6 workers for concurrent marking
[12.861s][info][gc          ] GC(8) Concurrent marking (unload classes) 0.656ms
[12.861s][info][gc,start    ] GC(8) Pause Final Mark (unload classes)
[12.861s][info][gc,task     ] GC(8) Using 6 of 6 workers for final marking
[12.862s][info][gc,ergo     ] GC(8) Collectable Garbage: 381M (99%), Immediate: 381M (99%), CSet: 0B (0%)
[12.862s][info][gc          ] GC(8) Pause Final Mark (unload classes) 0.165ms
[12.862s][info][gc,start    ] GC(8) Concurrent weak references
[12.862s][info][gc,task     ] GC(8) Using 3 of 6 workers for concurrent weak references
[12.862s][info][gc,ref      ] GC(8) Encountered references: Soft: 45, Weak: 116, Final: 0, Phantom: 7
[12.862s][info][gc,ref      ] GC(8) Discovered  references: Soft: 0, Weak: 68, Final: 0, Phantom: 5
[12.862s][info][gc,ref      ] GC(8) Enqueued    references: Soft: 0, Weak: 0, Final: 0, Phantom: 0
[12.862s][info][gc          ] GC(8) Concurrent weak references 0.079ms
[12.862s][info][gc,start    ] GC(8) Concurrent weak roots
[12.862s][info][gc,task     ] GC(8) Using 3 of 6 workers for concurrent weak root
[12.862s][info][gc          ] GC(8) Concurrent weak roots 0.104ms
[12.862s][info][gc,start    ] GC(8) Concurrent cleanup
[12.862s][info][gc          ] GC(8) Concurrent cleanup 409M->28M(512M) 0.073ms
[12.862s][info][gc,ergo     ] GC(8) Free: 457M, Max: 256K regular, 377M humongous, Frag: 18% external, 0% internal; Reserve: 26368K, Max: 256K
[12.862s][info][gc,start    ] GC(8) Concurrent class unloading
[12.862s][info][gc,task     ] GC(8) Using 3 of 6 workers for concurrent class unloading
[12.862s][info][gc          ] GC(8) Concurrent class unloading 0.202ms
[12.862s][info][gc,start    ] GC(8) Pause Final Roots
[12.862s][info][gc          ] GC(8) Pause Final Roots 0.014ms
[12.862s][info][gc,ergo     ] Free: 457M, Max: 256K regular, 377M humongous, Frag: 18% external, 0% internal; Reserve: 26368K, Max: 256K
[12.862s][info][gc,stats    ] 
[12.862s][info][gc,stats    ] All times are wall-clock times, except per-root-class counters, that are sum over
[12.862s][info][gc,stats    ] all workers. Dividing the <total> over the root stage time estimates parallelism.
[12.862s][info][gc,stats    ] 
[12.862s][info][gc,stats    ] Concurrent Reset                    786 us
[12.862s][info][gc,stats    ] Pause Init Mark (G)                 143 us
[12.862s][info][gc,stats    ] Pause Init Mark (N)                 108 us
[12.862s][info][gc,stats    ]   Update Region States               54 us
[12.862s][info][gc,stats    ] Concurrent Mark Roots               267 us, parallelism: 1.19x
[12.862s][info][gc,stats    ]   CMR: <total>                      319 us
[12.862s][info][gc,stats    ]   CMR: Thread Roots                 285 us, workers (us):  70, 180,  35, ---, ---, ---, 
[12.862s][info][gc,stats    ]   CMR: VM Strong Roots                4 us, workers (us):   2,   2,   0, ---, ---, ---, 
[12.862s][info][gc,stats    ]   CMR: CLDG Roots                    30 us, workers (us): ---,  30, ---, ---, ---, ---, 
[12.862s][info][gc,stats    ] Concurrent Marking                  667 us
[12.862s][info][gc,stats    ] Pause Final Mark (G)                205 us
[12.862s][info][gc,stats    ] Pause Final Mark (N)                174 us
[12.862s][info][gc,stats    ]   Finish Mark                        67 us
[12.862s][info][gc,stats    ]   Update Region States               25 us
[12.862s][info][gc,stats    ]   Choose Collection Set              38 us
[12.862s][info][gc,stats    ]   Rebuild Free Set                    8 us
[12.862s][info][gc,stats    ] Concurrent Weak References           87 us, parallelism: 0.04x
[12.862s][info][gc,stats    ]   CWRF: <total>                       4 us
[12.862s][info][gc,stats    ]   CWRF: Weak References               4 us, workers (us):   3,   1,   0, ---, ---, ---, 
[12.862s][info][gc,stats    ] Concurrent Weak Roots               114 us
[12.862s][info][gc,stats    ]   Roots                              67 us, parallelism: 1.19x
[12.862s][info][gc,stats    ]     CWR: <total>                     80 us
[12.862s][info][gc,stats    ]     CWR: Code Cache Roots            37 us, workers (us):   5,  32,   0, ---, ---, ---, 
[12.862s][info][gc,stats    ]     CWR: VM Weak Roots               42 us, workers (us):  14,  14,  13, ---, ---, ---, 
[12.862s][info][gc,stats    ]     CWR: CLDG Roots                   1 us, workers (us): ---, ---,   1, ---, ---, ---, 
[12.862s][info][gc,stats    ]   Rendezvous                         21 us
[12.862s][info][gc,stats    ] Concurrent Cleanup                   83 us
[12.862s][info][gc,stats    ] Concurrent Class Unloading          215 us
[12.862s][info][gc,stats    ]   Unlink Stale                      140 us
[12.862s][info][gc,stats    ]     System Dictionary                 1 us
[12.862s][info][gc,stats    ]     Weak Class Links                  0 us
[12.862s][info][gc,stats    ]     Code Roots                      138 us
[12.862s][info][gc,stats    ]   Rendezvous                         23 us
[12.862s][info][gc,stats    ]   Purge Unlinked                     22 us
[12.862s][info][gc,stats    ]     Code Roots                       20 us
[12.862s][info][gc,stats    ]     CLDG                              2 us
[12.862s][info][gc,stats    ]     Exception Caches                  0 us
[12.862s][info][gc,stats    ] Pause Final Roots (G)                42 us
[12.862s][info][gc,stats    ] Pause Final Roots (N)                22 us
[12.862s][info][gc,stats    ] Pacing                            77376 us
[12.863s][info][gc,stats    ] 
[12.863s][info][gc,stats    ] Allocation pacing accrued:
[12.863s][info][gc,stats    ]      77 of  1799 ms (  4.3%): main
[12.863s][info][gc,stats    ]      77 of  1799 ms (  4.3%): <total>
[12.863s][info][gc,stats    ]       6 of  1799 ms (  0.3%): <average total>
[12.863s][info][gc,stats    ]      77 of  1799 ms (  4.3%): <average non-zero>
[12.863s][info][gc,stats    ] 
[12.863s][info][gc,metaspace] Metaspace: 1022K(1216K)->1022K(1216K) NonClass: 940K(1024K)->940K(1024K) Class: 81K(192K)->81K(192K)
[12.863s][info][gc,ergo     ] Pacer for Idle. Initial: 10485K, Alloc Tax Rate: 1.0x
[15.116s][info][gc          ] Trigger: Average GC time (8.53 ms) is above the time for average allocation rate (82388 KB/s) to deplete free headroom (0B) (margin of error = 1.90)
[15.116s][info][gc,ergo     ] Free headroom: 64519K (free) - 26214K (spike) - 41943K (penalties) = 0B
[15.116s][info][gc,ergo     ] Free: 64519K, Max: 256K regular, 42240K humongous, Frag: 35% external, 0% internal; Reserve: 26368K, Max: 256K
[15.116s][info][gc,start    ] GC(9) Concurrent reset
[15.116s][info][gc,task     ] GC(9) Using 3 of 6 workers for concurrent reset
[15.116s][info][gc,ergo     ] GC(9) Pacer for Reset. Non-Taxable: 512M
[15.116s][info][gc          ] GC(9) Concurrent reset 0.228ms
[15.116s][info][gc,start    ] GC(9) Pause Init Mark (unload classes)
[15.116s][info][gc,task     ] GC(9) Using 6 of 6 workers for init marking
[15.116s][info][gc,ergo     ] GC(9) Pacer for Mark. Expected Live: 82267K, Free: 64519K, Non-Taxable: 6451K, Alloc Tax Rate: 1.6x
[15.116s][info][gc          ] GC(9) Pause Init Mark (unload classes) 0.117ms
[15.116s][info][gc,start    ] GC(9) Concurrent marking roots
[15.116s][info][gc,task     ] GC(9) Using 3 of 6 workers for concurrent marking roots
[15.116s][info][gc          ] GC(9) Concurrent marking roots 0.247ms
[15.116s][info][gc,start    ] GC(9) Concurrent marking (unload classes)
[15.116s][info][gc,task     ] GC(9) Using 3 of 6 workers for concurrent marking
[15.117s][info][gc          ] GC(9) Concurrent marking (unload classes) 0.660ms
[15.117s][info][gc,start    ] GC(9) Pause Final Mark (unload classes)
[15.117s][info][gc,task     ] GC(9) Using 6 of 6 workers for final marking
[15.117s][info][gc,ergo     ] GC(9) Collectable Garbage: 388M (99%), Immediate: 388M (99%), CSet: 0B (0%)
[15.117s][info][gc          ] GC(9) Pause Final Mark (unload classes) 0.126ms
[15.117s][info][gc,start    ] GC(9) Concurrent weak references
[15.117s][info][gc,task     ] GC(9) Using 3 of 6 workers for concurrent weak references
[15.117s][info][gc,ref      ] GC(9) Encountered references: Soft: 45, Weak: 116, Final: 0, Phantom: 7
[15.117s][info][gc,ref      ] GC(9) Discovered  references: Soft: 0, Weak: 73, Final: 0, Phantom: 5
[15.117s][info][gc,ref      ] GC(9) Enqueued    references: Soft: 0, Weak: 0, Final: 0, Phantom: 0
[15.117s][info][gc          ] GC(9) Concurrent weak references 0.076ms
[15.117s][info][gc,start    ] GC(9) Concurrent weak roots
[15.117s][info][gc,task     ] GC(9) Using 3 of 6 workers for concurrent weak root
[15.117s][info][gc          ] GC(9) Concurrent weak roots 0.107ms
[15.118s][info][gc,start    ] GC(9) Concurrent cleanup
[15.118s][info][gc          ] GC(9) Concurrent cleanup 417M->29M(512M) 0.075ms
[15.118s][info][gc,ergo     ] GC(9) Free: 455M, Max: 256K regular, 181M humongous, Frag: 61% external, 0% internal; Reserve: 26368K, Max: 256K
[15.118s][info][gc,start    ] GC(9) Concurrent class unloading
[15.118s][info][gc,task     ] GC(9) Using 3 of 6 workers for concurrent class unloading
[15.118s][info][gc          ] GC(9) Concurrent class unloading 0.199ms
[15.118s][info][gc,start    ] GC(9) Pause Final Roots
[15.118s][info][gc          ] GC(9) Pause Final Roots 0.015ms
[15.118s][info][gc,ergo     ] Free: 455M, Max: 256K regular, 181M humongous, Frag: 61% external, 0% internal; Reserve: 26368K, Max: 256K
[15.118s][info][gc,stats    ] 
[15.118s][info][gc,stats    ] All times are wall-clock times, except per-root-class counters, that are sum over
[15.118s][info][gc,stats    ] all workers. Dividing the <total> over the root stage time estimates parallelism.
[15.118s][info][gc,stats    ] 
[15.118s][info][gc,stats    ] Concurrent Reset                    247 us
[15.118s][info][gc,stats    ] Pause Init Mark (G)                 157 us
[15.118s][info][gc,stats    ] Pause Init Mark (N)                 126 us
[15.118s][info][gc,stats    ]   Update Region States               24 us
[15.118s][info][gc,stats    ] Concurrent Mark Roots               261 us, parallelism: 1.24x
[15.118s][info][gc,stats    ]   CMR: <total>                      325 us
[15.118s][info][gc,stats    ]   CMR: Thread Roots                 293 us, workers (us):  35,  66, 193, ---, ---, ---, 
[15.118s][info][gc,stats    ]   CMR: VM Strong Roots                4 us, workers (us):   2,   2,   0, ---, ---, ---, 
[15.118s][info][gc,stats    ]   CMR: CLDG Roots                    28 us, workers (us):  28, ---, ---, ---, ---, ---, 
[15.118s][info][gc,stats    ] Concurrent Marking                  675 us
[15.118s][info][gc,stats    ] Pause Final Mark (G)                175 us
[15.118s][info][gc,stats    ] Pause Final Mark (N)                135 us
[15.118s][info][gc,stats    ]   Finish Mark                        27 us
[15.118s][info][gc,stats    ]   Update Region States               24 us
[15.118s][info][gc,stats    ]   Choose Collection Set              40 us
[15.118s][info][gc,stats    ]   Rebuild Free Set                    8 us
[15.118s][info][gc,stats    ] Concurrent Weak References           84 us, parallelism: 0.06x
[15.118s][info][gc,stats    ]   CWRF: <total>                       5 us
[15.118s][info][gc,stats    ]   CWRF: Weak References               5 us, workers (us):   3,   1,   0, ---, ---, ---, 
[15.118s][info][gc,stats    ] Concurrent Weak Roots               120 us
[15.118s][info][gc,stats    ]   Roots                              66 us, parallelism: 1.20x
[15.118s][info][gc,stats    ]     CWR: <total>                     80 us
[15.118s][info][gc,stats    ]     CWR: Code Cache Roots            37 us, workers (us):   0,  32,   5, ---, ---, ---, 
[15.118s][info][gc,stats    ]     CWR: VM Weak Roots               42 us, workers (us):  15,  15,  13, ---, ---, ---, 
[15.118s][info][gc,stats    ]     CWR: CLDG Roots                   1 us, workers (us):   1, ---, ---, ---, ---, ---, 
[15.118s][info][gc,stats    ]   Rendezvous                         24 us
[15.118s][info][gc,stats    ] Concurrent Cleanup                   84 us
[15.118s][info][gc,stats    ] Concurrent Class Unloading          213 us
[15.118s][info][gc,stats    ]   Unlink Stale                      142 us
[15.118s][info][gc,stats    ]     System Dictionary                 1 us
[15.118s][info][gc,stats    ]     Weak Class Links                  0 us
[15.118s][info][gc,stats    ]     Code Roots                      140 us
[15.118s][info][gc,stats    ]   Rendezvous                         19 us
[15.118s][info][gc,stats    ]   Purge Unlinked                     21 us
[15.118s][info][gc,stats    ]     Code Roots                       19 us
[15.118s][info][gc,stats    ]     CLDG                              2 us
[15.118s][info][gc,stats    ]     Exception Caches                  0 us
[15.118s][info][gc,stats    ] Pause Final Roots (G)                43 us
[15.118s][info][gc,stats    ] Pause Final Roots (N)                23 us
[15.118s][info][gc,stats    ] Pacing                            89770 us
[15.118s][info][gc,stats    ] 
[15.118s][info][gc,stats    ] Allocation pacing accrued:
[15.118s][info][gc,stats    ]      90 of  2256 ms (  4.0%): main
[15.118s][info][gc,stats    ]      90 of  2256 ms (  4.0%): <total>
[15.118s][info][gc,stats    ]       7 of  2256 ms (  0.3%): <average total>
[15.118s][info][gc,stats    ]      90 of  2256 ms (  4.0%): <average non-zero>
[15.118s][info][gc,stats    ] 
[15.118s][info][gc,metaspace] Metaspace: 1025K(1216K)->1025K(1216K) NonClass: 944K(1024K)->944K(1024K) Class: 81K(192K)->81K(192K)
[15.118s][info][gc,ergo     ] Pacer for Idle. Initial: 10485K, Alloc Tax Rate: 1.0x
[18.874s][info][gc          ] Failed to allocate Shared, 100M
[18.874s][info][gc          ] Cancelling GC: Allocation Failure
[18.890s][info][gc          ] Trigger: Handle Allocation Failure
[18.890s][info][gc,ergo     ] Free: 72967K, Max: 256K regular, 35584K humongous, Frag: 52% external, 0% internal; Reserve: 26368K, Max: 256K
[18.890s][info][gc,start    ] GC(10) Pause Degenerated GC (Outside of Cycle)
[18.890s][info][gc,task     ] GC(10) Using 6 of 6 workers for stw degenerated gc
[18.890s][info][gc,ref      ] GC(10) Clearing All SoftReferences
[18.891s][info][gc,ref      ] GC(10) Encountered references: Soft: 45, Weak: 116, Final: 0, Phantom: 7
[18.891s][info][gc,ref      ] GC(10) Discovered  references: Soft: 20, Weak: 95, Final: 0, Phantom: 3
[18.891s][info][gc,ref      ] GC(10) Enqueued    references: Soft: 0, Weak: 0, Final: 0, Phantom: 0
[18.891s][info][gc,ergo     ] GC(10) Collectable Garbage: 323M (99%), Immediate: 323M (99%), CSet: 0B (0%)
[18.891s][info][gc,ergo     ] GC(10) Good progress for free space: 401M, need 5242K
[18.891s][info][gc,ergo     ] GC(10) Good progress for used space: 323M, need 256K
[18.891s][info][gc          ] GC(10) Pause Degenerated GC (Outside of Cycle) 406M->83M(512M) 1.165ms
[18.891s][info][gc,ergo     ] Free: 401M, Max: 256K regular, 219M humongous, Frag: 46% external, 0% internal; Reserve: 26368K, Max: 256K
[18.891s][info][gc,stats    ] 
[18.891s][info][gc,stats    ] All times are wall-clock times, except per-root-class counters, that are sum over
[18.891s][info][gc,stats    ] all workers. Dividing the <total> over the root stage time estimates parallelism.
[18.891s][info][gc,stats    ] 
[18.891s][info][gc,stats    ] Pause Degenerated GC (G)           1213 us
[18.891s][info][gc,stats    ] Pause Degenerated GC (N)           1179 us
[18.891s][info][gc,stats    ]   Degen STW Mark                    527 us, parallelism: 5.46x
[18.891s][info][gc,stats    ]     DSM: <total>                   2877 us
[18.891s][info][gc,stats    ]     DSM: Thread Roots                60 us, workers (us):  10,  14,   9,  11,  16,   0, 
[18.891s][info][gc,stats    ]     DSM: VM Strong Roots              4 us, workers (us):   0,   0,   2,   0,   0,   1, 
[18.891s][info][gc,stats    ]     DSM: CLDG Roots                  38 us, workers (us):  36,   0,   0,   0,   0,   0, 
[18.891s][info][gc,stats    ]     DSM: Parallel Mark             2776 us, workers (us): 438, 466, 470, 470, 464, 470, 
[18.891s][info][gc,stats    ]     System Purge                    186 us
[18.891s][info][gc,stats    ]       Weak References                75 us, parallelism: 0.12x
[18.891s][info][gc,stats    ]         WRP: <total>                  9 us
[18.891s][info][gc,stats    ]         WRP: Weak References          9 us, workers (us):   6,   2,   1,   0,   0,   0, 
[18.891s][info][gc,stats    ]       Unload Classes                 67 us, parallelism: 4.33x
[18.891s][info][gc,stats    ]         DCU: <total>                289 us
[18.891s][info][gc,stats    ]         DCU: Unload Code Caches      289 us, workers (us):  55,  53,  46,  44,  48,  43, 
[18.891s][info][gc,stats    ]       Weak Roots                     42 us, parallelism: 1.53x
[18.891s][info][gc,stats    ]         DWR: <total>                 65 us
[18.891s][info][gc,stats    ]         DWR: VM Weak Roots           65 us, workers (us):  15,  11,  11,  11,   8,   8, 
[18.891s][info][gc,stats    ]       CLDG                            1 us
[18.891s][info][gc,stats    ]   Update Region States               25 us
[18.891s][info][gc,stats    ]   Manage GC/TLABs                     3 us
[18.891s][info][gc,stats    ]   Choose Collection Set              56 us
[18.891s][info][gc,stats    ]   Rebuild Free Set                   13 us
[18.891s][info][gc,stats    ]   Cleanup                             9 us
[18.891s][info][gc,stats    ] Pacing                            92971 us
[18.891s][info][gc,stats    ] 
[18.892s][info][gc,stats    ] Allocation pacing accrued:
[18.892s][info][gc,stats    ]      93 of  3773 ms (  2.5%): main
[18.892s][info][gc,stats    ]      93 of  3773 ms (  2.5%): <total>
[18.892s][info][gc,stats    ]       7 of  3773 ms (  0.2%): <average total>
[18.892s][info][gc,stats    ]      93 of  3773 ms (  2.5%): <average non-zero>
[18.892s][info][gc,stats    ] 
[18.892s][info][gc,metaspace] Metaspace: 1025K(1216K)->1025K(1216K) NonClass: 944K(1024K)->944K(1024K) Class: 81K(192K)->81K(192K)
[18.892s][info][gc,ergo     ] Pacer for Idle. Initial: 10485K, Alloc Tax Rate: 1.0x
[20.854s][info][gc          ] Trigger: Average GC time (6.75 ms) is above the time for average allocation rate (80270 KB/s) to deplete free headroom (0B) (margin of error = 1.99)
[20.854s][info][gc,ergo     ] Free headroom: 108M (free) - 26214K (spike) - 89128K (penalties) = 0B
[20.854s][info][gc,ergo     ] Free: 108M, Max: 256K regular, 42496K humongous, Frag: 62% external, 0% internal; Reserve: 26368K, Max: 256K
[20.854s][info][gc,start    ] GC(11) Concurrent reset
[20.854s][info][gc,task     ] GC(11) Using 3 of 6 workers for concurrent reset
[20.854s][info][gc,ergo     ] GC(11) Pacer for Reset. Non-Taxable: 512M
[20.854s][info][gc          ] GC(11) Concurrent reset 0.369ms
[20.855s][info][gc,start    ] GC(11) Pause Init Mark (unload classes)
[20.855s][info][gc,task     ] GC(11) Using 6 of 6 workers for init marking
[20.855s][info][gc,ergo     ] GC(11) Pacer for Mark. Expected Live: 102032K, Free: 108M, Non-Taxable: 11138K, Alloc Tax Rate: 1.1x
[20.855s][info][gc          ] GC(11) Pause Init Mark (unload classes) 0.168ms
[20.855s][info][gc,start    ] GC(11) Concurrent marking roots
[20.855s][info][gc,task     ] GC(11) Using 3 of 6 workers for concurrent marking roots
[20.855s][info][gc          ] GC(11) Concurrent marking roots 0.309ms
[20.855s][info][gc,start    ] GC(11) Concurrent marking (unload classes)
[20.855s][info][gc,task     ] GC(11) Using 3 of 6 workers for concurrent marking
[20.856s][info][gc          ] GC(11) Concurrent marking (unload classes) 0.809ms
[20.856s][info][gc,start    ] GC(11) Pause Final Mark (unload classes)
[20.856s][info][gc,task     ] GC(11) Using 6 of 6 workers for final marking
[20.856s][info][gc,ergo     ] GC(11) Collectable Garbage: 264M (99%), Immediate: 264M (99%), CSet: 0B (0%)
[20.856s][info][gc          ] GC(11) Pause Final Mark (unload classes) 0.186ms
[20.856s][info][gc,start    ] GC(11) Concurrent weak references
[20.856s][info][gc,task     ] GC(11) Using 3 of 6 workers for concurrent weak references
[20.856s][info][gc,ref      ] GC(11) Encountered references: Soft: 45, Weak: 116, Final: 0, Phantom: 7
[20.856s][info][gc,ref      ] GC(11) Discovered  references: Soft: 0, Weak: 95, Final: 0, Phantom: 5
[20.856s][info][gc,ref      ] GC(11) Enqueued    references: Soft: 0, Weak: 0, Final: 0, Phantom: 0
[20.856s][info][gc          ] GC(11) Concurrent weak references 0.110ms
[20.856s][info][gc,start    ] GC(11) Concurrent weak roots
[20.856s][info][gc,task     ] GC(11) Using 3 of 6 workers for concurrent weak root
[20.856s][info][gc          ] GC(11) Concurrent weak roots 0.125ms
[20.857s][info][gc,start    ] GC(11) Concurrent cleanup
[20.857s][info][gc          ] GC(11) Concurrent cleanup 372M->108M(512M) 0.056ms
[20.857s][info][gc,ergo     ] GC(11) Free: 377M, Max: 256K regular, 243M humongous, Frag: 36% external, 0% internal; Reserve: 26368K, Max: 256K
[20.857s][info][gc,start    ] GC(11) Concurrent class unloading
[20.857s][info][gc,task     ] GC(11) Using 3 of 6 workers for concurrent class unloading
[20.857s][info][gc          ] GC(11) Concurrent class unloading 0.244ms
[20.857s][info][gc,start    ] GC(11) Pause Final Roots
[20.857s][info][gc          ] GC(11) Pause Final Roots 0.018ms
[20.857s][info][gc,ergo     ] Free: 377M, Max: 256K regular, 243M humongous, Frag: 36% external, 0% internal; Reserve: 26368K, Max: 256K
[20.857s][info][gc,stats    ] 
[20.857s][info][gc,stats    ] All times are wall-clock times, except per-root-class counters, that are sum over
[20.857s][info][gc,stats    ] all workers. Dividing the <total> over the root stage time estimates parallelism.
[20.857s][info][gc,stats    ] 
[20.857s][info][gc,stats    ] Concurrent Reset                    388 us
[20.857s][info][gc,stats    ] Pause Init Mark (G)                 278 us
[20.857s][info][gc,stats    ] Pause Init Mark (N)                 180 us
[20.857s][info][gc,stats    ]   Update Region States              115 us
[20.857s][info][gc,stats    ] Concurrent Mark Roots               326 us, parallelism: 1.01x
[20.857s][info][gc,stats    ]   CMR: <total>                      329 us
[20.857s][info][gc,stats    ]   CMR: Thread Roots                 296 us, workers (us):  69,  35, 191, ---, ---, ---, 
[20.857s][info][gc,stats    ]   CMR: VM Strong Roots                3 us, workers (us):   3,   0,   0, ---, ---, ---, 
[20.857s][info][gc,stats    ]   CMR: CLDG Roots                    31 us, workers (us): ---,  31, ---, ---, ---, ---, 
[20.857s][info][gc,stats    ] Concurrent Marking                  827 us
[20.857s][info][gc,stats    ] Pause Final Mark (G)                297 us
[20.857s][info][gc,stats    ] Pause Final Mark (N)                196 us
[20.857s][info][gc,stats    ]   Finish Mark                        47 us
[20.857s][info][gc,stats    ]   Update Region States               57 us
[20.857s][info][gc,stats    ]   Choose Collection Set              44 us
[20.857s][info][gc,stats    ]   Rebuild Free Set                    8 us
[20.857s][info][gc,stats    ] Concurrent Weak References          118 us, parallelism: 0.03x
[20.857s][info][gc,stats    ]   CWRF: <total>                       4 us
[20.857s][info][gc,stats    ]   CWRF: Weak References               4 us, workers (us):   4,   0,   0, ---, ---, ---, 
[20.857s][info][gc,stats    ] Concurrent Weak Roots               142 us
[20.857s][info][gc,stats    ]   Roots                              78 us, parallelism: 1.04x
[20.857s][info][gc,stats    ]     CWR: <total>                     81 us
[20.857s][info][gc,stats    ]     CWR: Code Cache Roots            39 us, workers (us):  34,   5,   0, ---, ---, ---, 
[20.857s][info][gc,stats    ]     CWR: VM Weak Roots               42 us, workers (us):  22,  20,   0, ---, ---, ---, 
[20.857s][info][gc,stats    ]     CWR: CLDG Roots                   1 us, workers (us): ---,   1, ---, ---, ---, ---, 
[20.857s][info][gc,stats    ]   Rendezvous                         30 us
[20.857s][info][gc,stats    ] Concurrent Cleanup                   67 us
[20.857s][info][gc,stats    ] Concurrent Class Unloading          259 us
[20.857s][info][gc,stats    ]   Unlink Stale                      161 us
[20.857s][info][gc,stats    ]     System Dictionary                 1 us
[20.857s][info][gc,stats    ]     Weak Class Links                  0 us
[20.857s][info][gc,stats    ]     Code Roots                      159 us
[20.857s][info][gc,stats    ]   Rendezvous                         43 us
[20.857s][info][gc,stats    ]   Purge Unlinked                     24 us
[20.857s][info][gc,stats    ]     Code Roots                       22 us
[20.857s][info][gc,stats    ]     CLDG                              2 us
[20.857s][info][gc,stats    ]     Exception Caches                  0 us
[20.857s][info][gc,stats    ] Pause Final Roots (G)                62 us
[20.857s][info][gc,stats    ] Pause Final Roots (N)                40 us
[20.857s][info][gc,stats    ] 
[20.857s][info][gc,stats    ] Allocation pacing accrued:
[20.857s][info][gc,stats    ]       0 of  1966 ms (  0.0%): <total>
[20.857s][info][gc,stats    ]       0 of  1966 ms (  0.0%): <average total>
[20.857s][info][gc,stats    ] 
[20.857s][info][gc,metaspace] Metaspace: 1029K(1216K)->1029K(1216K) NonClass: 947K(1024K)->947K(1024K) Class: 81K(192K)->81K(192K)
[20.857s][info][gc,ergo     ] Pacer for Idle. Initial: 10485K, Alloc Tax Rate: 1.0x
[22.970s][info][gc          ] Trigger: Average GC time (5.68 ms) is above the time for average allocation rate (95451 KB/s) to deplete free headroom (0B) (margin of error = 1.99)
[22.970s][info][gc,ergo     ] Free headroom: 97303K (free) - 26214K (spike) - 83886K (penalties) = 0B
[22.970s][info][gc,ergo     ] Free: 97303K, Max: 256K regular, 76544K humongous, Frag: 22% external, 0% internal; Reserve: 26368K, Max: 256K
[22.970s][info][gc,start    ] GC(12) Concurrent reset
[22.970s][info][gc,task     ] GC(12) Using 3 of 6 workers for concurrent reset
[22.970s][info][gc,ergo     ] GC(12) Pacer for Reset. Non-Taxable: 512M
[22.971s][info][gc          ] GC(12) Concurrent reset 0.451ms
[22.971s][info][gc,start    ] GC(12) Pause Init Mark (unload classes)
[22.971s][info][gc,task     ] GC(12) Using 6 of 6 workers for init marking
[22.971s][info][gc,ergo     ] GC(12) Pacer for Mark. Expected Live: 100788K, Free: 97303K, Non-Taxable: 9730K, Alloc Tax Rate: 1.3x
[22.971s][info][gc          ] GC(12) Pause Init Mark (unload classes) 0.151ms
[22.971s][info][gc,start    ] GC(12) Concurrent marking roots
[22.971s][info][gc,task     ] GC(12) Using 3 of 6 workers for concurrent marking roots
[22.971s][info][gc          ] GC(12) Concurrent marking roots 0.301ms
[22.971s][info][gc,start    ] GC(12) Concurrent marking (unload classes)
[22.971s][info][gc,task     ] GC(12) Using 3 of 6 workers for concurrent marking
[22.972s][info][gc          ] GC(12) Concurrent marking (unload classes) 0.766ms
[22.972s][info][gc,start    ] GC(12) Pause Final Mark (unload classes)
[22.972s][info][gc,task     ] GC(12) Using 6 of 6 workers for final marking
[22.972s][info][gc,ergo     ] GC(12) Collectable Garbage: 251M (99%), Immediate: 251M (99%), CSet: 0B (0%)
[22.972s][info][gc          ] GC(12) Pause Final Mark (unload classes) 0.204ms
[22.972s][info][gc,start    ] GC(12) Concurrent weak references
[22.972s][info][gc,task     ] GC(12) Using 3 of 6 workers for concurrent weak references
[22.972s][info][gc,ref      ] GC(12) Encountered references: Soft: 45, Weak: 116, Final: 0, Phantom: 7
[22.972s][info][gc,ref      ] GC(12) Discovered  references: Soft: 0, Weak: 72, Final: 0, Phantom: 5
[22.972s][info][gc,ref      ] GC(12) Enqueued    references: Soft: 0, Weak: 0, Final: 0, Phantom: 0
[22.972s][info][gc          ] GC(12) Concurrent weak references 0.142ms
[22.972s][info][gc,start    ] GC(12) Concurrent weak roots
[22.972s][info][gc,task     ] GC(12) Using 3 of 6 workers for concurrent weak root
[22.973s][info][gc          ] GC(12) Concurrent weak roots 0.188ms
[22.973s][info][gc,start    ] GC(12) Concurrent cleanup
[22.973s][info][gc          ] GC(12) Concurrent cleanup 385M->134M(512M) 0.058ms
[22.973s][info][gc,ergo     ] GC(12) Free: 350M, Max: 256K regular, 202M humongous, Frag: 43% external, 0% internal; Reserve: 26368K, Max: 256K
[22.973s][info][gc,start    ] GC(12) Concurrent class unloading
[22.973s][info][gc,task     ] GC(12) Using 3 of 6 workers for concurrent class unloading
[22.973s][info][gc          ] GC(12) Concurrent class unloading 0.231ms
[22.973s][info][gc,start    ] GC(12) Pause Final Roots
[22.973s][info][gc          ] GC(12) Pause Final Roots 0.015ms
[22.973s][info][gc,ergo     ] Free: 350M, Max: 256K regular, 202M humongous, Frag: 43% external, 0% internal; Reserve: 26368K, Max: 256K
[22.973s][info][gc,stats    ] 
[22.973s][info][gc,stats    ] All times are wall-clock times, except per-root-class counters, that are sum over
[22.973s][info][gc,stats    ] all workers. Dividing the <total> over the root stage time estimates parallelism.
[22.973s][info][gc,stats    ] 
[22.973s][info][gc,stats    ] Concurrent Reset                    469 us
[22.973s][info][gc,stats    ] Pause Init Mark (G)                 270 us
[22.973s][info][gc,stats    ] Pause Init Mark (N)                 160 us
[22.973s][info][gc,stats    ]   Update Region States              100 us
[22.973s][info][gc,stats    ] Concurrent Mark Roots               319 us, parallelism: 1.01x
[22.973s][info][gc,stats    ]   CMR: <total>                      321 us
[22.973s][info][gc,stats    ]   CMR: Thread Roots                 284 us, workers (us):  35,  68, 181, ---, ---, ---, 
[22.973s][info][gc,stats    ]   CMR: VM Strong Roots                4 us, workers (us):   3,   0,   0, ---, ---, ---, 
[22.973s][info][gc,stats    ]   CMR: CLDG Roots                    33 us, workers (us):  33, ---, ---, ---, ---, ---, 
[22.973s][info][gc,stats    ] Concurrent Marking                  784 us
[22.973s][info][gc,stats    ] Pause Final Mark (G)                310 us
[22.973s][info][gc,stats    ] Pause Final Mark (N)                215 us
[22.973s][info][gc,stats    ]   Finish Mark                        75 us
[22.973s][info][gc,stats    ]   Update Region States               56 us
[22.973s][info][gc,stats    ]   Choose Collection Set              38 us
[22.973s][info][gc,stats    ]   Rebuild Free Set                    8 us
[22.973s][info][gc,stats    ] Concurrent Weak References          150 us, parallelism: 0.03x
[22.973s][info][gc,stats    ]   CWRF: <total>                       4 us
[22.973s][info][gc,stats    ]   CWRF: Weak References               4 us, workers (us):   3,   1,   0, ---, ---, ---, 
[22.973s][info][gc,stats    ] Concurrent Weak Roots               205 us
[22.973s][info][gc,stats    ]   Roots                             108 us, parallelism: 0.87x
[22.973s][info][gc,stats    ]     CWR: <total>                     93 us
[22.973s][info][gc,stats    ]     CWR: Code Cache Roots            52 us, workers (us):  34,  18,   0, ---, ---, ---, 
[22.973s][info][gc,stats    ]     CWR: VM Weak Roots               41 us, workers (us):  22,  18,   0, ---, ---, ---, 
[22.973s][info][gc,stats    ]     CWR: CLDG Roots                   1 us, workers (us): ---,   1, ---, ---, ---, ---, 
[22.973s][info][gc,stats    ]   Rendezvous                         63 us
[22.973s][info][gc,stats    ] Concurrent Cleanup                   68 us
[22.973s][info][gc,stats    ] Concurrent Class Unloading          242 us
[22.973s][info][gc,stats    ]   Unlink Stale                      141 us
[22.973s][info][gc,stats    ]     System Dictionary                 1 us
[22.973s][info][gc,stats    ]     Weak Class Links                  0 us
[22.973s][info][gc,stats    ]     Code Roots                      139 us
[22.973s][info][gc,stats    ]   Rendezvous                         23 us
[22.973s][info][gc,stats    ]   Purge Unlinked                     50 us
[22.973s][info][gc,stats    ]     Code Roots                       47 us
[22.973s][info][gc,stats    ]     CLDG                              2 us
[22.973s][info][gc,stats    ]     Exception Caches                  0 us
[22.973s][info][gc,stats    ] Pause Final Roots (G)                43 us
[22.973s][info][gc,stats    ] Pause Final Roots (N)                23 us
[22.973s][info][gc,stats    ] Pacing                            61532 us
[22.973s][info][gc,stats    ] 
[22.973s][info][gc,stats    ] Allocation pacing accrued:
[22.973s][info][gc,stats    ]      62 of  2116 ms (  2.9%): main
[22.973s][info][gc,stats    ]      62 of  2116 ms (  2.9%): <total>
[22.973s][info][gc,stats    ]       5 of  2116 ms (  0.2%): <average total>
[22.973s][info][gc,stats    ]      62 of  2116 ms (  2.9%): <average non-zero>
[22.973s][info][gc,stats    ] 
[22.973s][info][gc,metaspace] Metaspace: 1031K(1216K)->1031K(1216K) NonClass: 949K(1024K)->949K(1024K) Class: 81K(192K)->81K(192K)
[22.973s][info][gc,ergo     ] Pacer for Idle. Initial: 10485K, Alloc Tax Rate: 1.0x
[24.565s][info][gc          ] Trigger: Average GC time (4.94 ms) is above the time for average allocation rate (138 MB/s) to deplete free headroom (0B) (margin of error = 2.00)
[24.565s][info][gc,ergo     ] Free headroom: 100M (free) - 26214K (spike) - 78643K (penalties) = 0B
[24.565s][info][gc,ergo     ] Free: 100M, Max: 256K regular, 37120K humongous, Frag: 65% external, 0% internal; Reserve: 26368K, Max: 256K
[24.565s][info][gc,start    ] GC(13) Concurrent reset
[24.565s][info][gc,task     ] GC(13) Using 3 of 6 workers for concurrent reset
[24.565s][info][gc,ergo     ] GC(13) Pacer for Reset. Non-Taxable: 512M
[24.565s][info][gc          ] GC(13) Concurrent reset 0.271ms
[24.565s][info][gc,start    ] GC(13) Pause Init Mark (unload classes)
[24.565s][info][gc,task     ] GC(13) Using 6 of 6 workers for init marking
[24.565s][info][gc,ergo     ] GC(13) Pacer for Mark. Expected Live: 108M, Free: 100M, Non-Taxable: 10319K, Alloc Tax Rate: 1.3x
[24.565s][info][gc          ] GC(13) Pause Init Mark (unload classes) 0.095ms
[24.565s][info][gc,start    ] GC(13) Concurrent marking roots
[24.566s][info][gc,task     ] GC(13) Using 3 of 6 workers for concurrent marking roots
[24.566s][info][gc          ] GC(13) Concurrent marking roots 0.243ms
[24.566s][info][gc,start    ] GC(13) Concurrent marking (unload classes)
[24.566s][info][gc,task     ] GC(13) Using 3 of 6 workers for concurrent marking
[24.566s][info][gc          ] GC(13) Concurrent marking (unload classes) 0.663ms
[24.566s][info][gc,start    ] GC(13) Pause Final Mark (unload classes)
[24.566s][info][gc,task     ] GC(13) Using 6 of 6 workers for final marking
[24.567s][info][gc,ergo     ] GC(13) Collectable Garbage: 318M (99%), Immediate: 318M (99%), CSet: 0B (0%)
[24.567s][info][gc          ] GC(13) Pause Final Mark (unload classes) 0.127ms
[24.567s][info][gc,start    ] GC(13) Concurrent weak references
[24.567s][info][gc,task     ] GC(13) Using 3 of 6 workers for concurrent weak references
[24.567s][info][gc,ref      ] GC(13) Encountered references: Soft: 45, Weak: 116, Final: 0, Phantom: 7
[24.567s][info][gc,ref      ] GC(13) Discovered  references: Soft: 0, Weak: 84, Final: 0, Phantom: 5
[24.567s][info][gc,ref      ] GC(13) Enqueued    references: Soft: 0, Weak: 0, Final: 0, Phantom: 0
[24.567s][info][gc          ] GC(13) Concurrent weak references 0.072ms
[24.567s][info][gc,start    ] GC(13) Concurrent weak roots
[24.567s][info][gc,task     ] GC(13) Using 3 of 6 workers for concurrent weak root
[24.567s][info][gc          ] GC(13) Concurrent weak roots 0.132ms
[24.567s][info][gc,start    ] GC(13) Concurrent cleanup
[24.567s][info][gc          ] GC(13) Concurrent cleanup 381M->63M(512M) 0.064ms
[24.567s][info][gc,ergo     ] GC(13) Free: 422M, Max: 256K regular, 364M humongous, Frag: 14% external, 0% internal; Reserve: 26368K, Max: 256K
[24.567s][info][gc,start    ] GC(13) Concurrent class unloading
[24.567s][info][gc,task     ] GC(13) Using 3 of 6 workers for concurrent class unloading
[24.567s][info][gc          ] GC(13) Concurrent class unloading 0.221ms
[24.567s][info][gc,start    ] GC(13) Pause Final Roots
[24.567s][info][gc          ] GC(13) Pause Final Roots 0.015ms
[24.567s][info][gc,ergo     ] Free: 422M, Max: 256K regular, 364M humongous, Frag: 14% external, 0% internal; Reserve: 26368K, Max: 256K
[24.567s][info][gc,stats    ] 
[24.567s][info][gc,stats    ] All times are wall-clock times, except per-root-class counters, that are sum over
[24.567s][info][gc,stats    ] all workers. Dividing the <total> over the root stage time estimates parallelism.
[24.567s][info][gc,stats    ] 
[24.567s][info][gc,stats    ] Concurrent Reset                    292 us
[24.567s][info][gc,stats    ] Pause Init Mark (G)                 138 us
[24.567s][info][gc,stats    ] Pause Init Mark (N)                 104 us
[24.567s][info][gc,stats    ]   Update Region States               49 us
[24.567s][info][gc,stats    ] Concurrent Mark Roots               256 us, parallelism: 1.30x
[24.567s][info][gc,stats    ]   CMR: <total>                      333 us
[24.567s][info][gc,stats    ]   CMR: Thread Roots                 295 us, workers (us):  37,  71, 187, ---, ---, ---, 
[24.567s][info][gc,stats    ]   CMR: VM Strong Roots                5 us, workers (us):   2,   2,   0, ---, ---, ---, 
[24.567s][info][gc,stats    ]   CMR: CLDG Roots                    33 us, workers (us):  33, ---, ---, ---, ---, ---, 
[24.567s][info][gc,stats    ] Concurrent Marking                  678 us
[24.567s][info][gc,stats    ] Pause Final Mark (G)                168 us
[24.567s][info][gc,stats    ] Pause Final Mark (N)                137 us
[24.567s][info][gc,stats    ]   Finish Mark                        30 us
[24.567s][info][gc,stats    ]   Update Region States               25 us
[24.567s][info][gc,stats    ]   Choose Collection Set              35 us
[24.567s][info][gc,stats    ]   Rebuild Free Set                    8 us
[24.567s][info][gc,stats    ] Concurrent Weak References           83 us, parallelism: 0.05x
[24.567s][info][gc,stats    ]   CWRF: <total>                       4 us
[24.567s][info][gc,stats    ]   CWRF: Weak References               4 us, workers (us):   3,   1,   0, ---, ---, ---, 
[24.567s][info][gc,stats    ] Concurrent Weak Roots               145 us
[24.567s][info][gc,stats    ]   Roots                              93 us, parallelism: 1.15x
[24.567s][info][gc,stats    ]     CWR: <total>                    108 us
[24.567s][info][gc,stats    ]     CWR: Code Cache Roots            64 us, workers (us):   7,  57,   0, ---, ---, ---, 
[24.567s][info][gc,stats    ]     CWR: VM Weak Roots               42 us, workers (us):  15,  14,  13, ---, ---, ---, 
[24.567s][info][gc,stats    ]     CWR: CLDG Roots                   1 us, workers (us): ---, ---,   1, ---, ---, ---, 
[24.567s][info][gc,stats    ]   Rendezvous                         23 us
[24.567s][info][gc,stats    ] Concurrent Cleanup                   74 us
[24.567s][info][gc,stats    ] Concurrent Class Unloading          234 us
[24.567s][info][gc,stats    ]   Unlink Stale                      157 us
[24.567s][info][gc,stats    ]     System Dictionary                 1 us
[24.567s][info][gc,stats    ]     Weak Class Links                  0 us
[24.567s][info][gc,stats    ]     Code Roots                      155 us
[24.568s][info][gc,stats    ]   Rendezvous                         24 us
[24.568s][info][gc,stats    ]   Purge Unlinked                     23 us
[24.568s][info][gc,stats    ]     Code Roots                       21 us
[24.568s][info][gc,stats    ]     CLDG                              2 us
[24.568s][info][gc,stats    ]     Exception Caches                  0 us
[24.568s][info][gc,stats    ] Pause Final Roots (G)                44 us
[24.568s][info][gc,stats    ] Pause Final Roots (N)                24 us
[24.568s][info][gc,stats    ] Pacing                            74316 us
[24.568s][info][gc,stats    ] 
[24.568s][info][gc,stats    ] Allocation pacing accrued:
[24.568s][info][gc,stats    ]      74 of  1594 ms (  4.7%): main
[24.568s][info][gc,stats    ]      74 of  1594 ms (  4.7%): <total>
[24.568s][info][gc,stats    ]       6 of  1594 ms (  0.4%): <average total>
[24.568s][info][gc,stats    ]      74 of  1594 ms (  4.7%): <average non-zero>
[24.568s][info][gc,stats    ] 
[24.568s][info][gc,metaspace] Metaspace: 1031K(1216K)->1031K(1216K) NonClass: 950K(1024K)->950K(1024K) Class: 81K(192K)->81K(192K)
[24.568s][info][gc,ergo     ] Pacer for Idle. Initial: 10485K, Alloc Tax Rate: 1.0x
[26.161s][info][gc          ] Trigger: Average GC time (4.11 ms) is above the time for average allocation rate (305 MB/s) to deplete free headroom (0B) (margin of error = 2.00)
[26.161s][info][gc,ergo     ] Free headroom: 98583K (free) - 26214K (spike) - 73400K (penalties) = 0B
[26.161s][info][gc,ergo     ] Free: 98583K, Max: 256K regular, 63488K humongous, Frag: 36% external, 0% internal; Reserve: 26368K, Max: 256K
[26.161s][info][gc,start    ] GC(14) Concurrent reset
[26.161s][info][gc,task     ] GC(14) Using 3 of 6 workers for concurrent reset
[26.161s][info][gc,ergo     ] GC(14) Pacer for Reset. Non-Taxable: 512M
[26.161s][info][gc          ] GC(14) Concurrent reset 0.188ms
[26.161s][info][gc,start    ] GC(14) Pause Init Mark (unload classes)
[26.161s][info][gc,task     ] GC(14) Using 6 of 6 workers for init marking
[26.161s][info][gc,ergo     ] GC(14) Pacer for Mark. Expected Live: 89391K, Free: 98583K, Non-Taxable: 9858K, Alloc Tax Rate: 1.1x
[26.161s][info][gc          ] GC(14) Pause Init Mark (unload classes) 0.081ms
[26.161s][info][gc,start    ] GC(14) Concurrent marking roots
[26.161s][info][gc,task     ] GC(14) Using 3 of 6 workers for concurrent marking roots
[26.162s][info][gc          ] GC(14) Concurrent marking roots 0.270ms
[26.162s][info][gc,start    ] GC(14) Concurrent marking (unload classes)
[26.162s][info][gc,task     ] GC(14) Using 3 of 6 workers for concurrent marking
[26.163s][info][gc          ] GC(14) Concurrent marking (unload classes) 0.773ms
[26.163s][info][gc,start    ] GC(14) Pause Final Mark (unload classes)
[26.163s][info][gc,task     ] GC(14) Using 6 of 6 workers for final marking
[26.163s][info][gc,ergo     ] GC(14) Collectable Garbage: 257M (99%), Immediate: 257M (99%), CSet: 0B (0%)
[26.163s][info][gc          ] GC(14) Pause Final Mark (unload classes) 0.184ms
[26.163s][info][gc,start    ] GC(14) Concurrent weak references
[26.163s][info][gc,task     ] GC(14) Using 3 of 6 workers for concurrent weak references
[26.163s][info][gc,ref      ] GC(14) Encountered references: Soft: 45, Weak: 116, Final: 0, Phantom: 7
[26.163s][info][gc,ref      ] GC(14) Discovered  references: Soft: 0, Weak: 95, Final: 0, Phantom: 5
[26.163s][info][gc,ref      ] GC(14) Enqueued    references: Soft: 0, Weak: 0, Final: 0, Phantom: 0
[26.163s][info][gc          ] GC(14) Concurrent weak references 0.111ms
[26.163s][info][gc,start    ] GC(14) Concurrent weak roots
[26.163s][info][gc,task     ] GC(14) Using 3 of 6 workers for concurrent weak root
[26.163s][info][gc          ] GC(14) Concurrent weak roots 0.130ms
[26.163s][info][gc,start    ] GC(14) Concurrent cleanup
[26.163s][info][gc          ] GC(14) Concurrent cleanup 385M->128M(512M) 0.057ms
[26.163s][info][gc,ergo     ] GC(14) Free: 356M, Max: 256K regular, 136M humongous, Frag: 62% external, 0% internal; Reserve: 26368K, Max: 256K
[26.163s][info][gc,start    ] GC(14) Concurrent class unloading
[26.163s][info][gc,task     ] GC(14) Using 3 of 6 workers for concurrent class unloading
[26.163s][info][gc          ] GC(14) Concurrent class unloading 0.221ms
[26.163s][info][gc,start    ] GC(14) Pause Final Roots
[26.163s][info][gc          ] GC(14) Pause Final Roots 0.016ms
[26.163s][info][gc,ergo     ] Free: 356M, Max: 256K regular, 136M humongous, Frag: 62% external, 0% internal; Reserve: 26368K, Max: 256K
[26.163s][info][gc,stats    ] 
[26.163s][info][gc,stats    ] All times are wall-clock times, except per-root-class counters, that are sum over
[26.163s][info][gc,stats    ] all workers. Dividing the <total> over the root stage time estimates parallelism.
[26.163s][info][gc,stats    ] 
[26.164s][info][gc,stats    ] Concurrent Reset                    209 us
[26.164s][info][gc,stats    ] Pause Init Mark (G)                 125 us
[26.164s][info][gc,stats    ] Pause Init Mark (N)                  90 us
[26.164s][info][gc,stats    ]   Update Region States               29 us
[26.164s][info][gc,stats    ] Concurrent Mark Roots               289 us, parallelism: 1.30x
[26.164s][info][gc,stats    ]   CMR: <total>                      375 us
[26.164s][info][gc,stats    ]   CMR: Thread Roots                 340 us, workers (us):  42, 212,  86, ---, ---, ---, 
[26.164s][info][gc,stats    ]   CMR: VM Strong Roots                4 us, workers (us):   2,   2,   0, ---, ---, ---, 
[26.164s][info][gc,stats    ]   CMR: CLDG Roots                    31 us, workers (us):  31, ---, ---, ---, ---, ---, 
[26.164s][info][gc,stats    ] Concurrent Marking                  791 us
[26.164s][info][gc,stats    ] Pause Final Mark (G)                236 us
[26.164s][info][gc,stats    ] Pause Final Mark (N)                194 us
[26.164s][info][gc,stats    ]   Finish Mark                        57 us
[26.164s][info][gc,stats    ]   Update Region States               53 us
[26.164s][info][gc,stats    ]   Choose Collection Set              37 us
[26.164s][info][gc,stats    ]   Rebuild Free Set                    8 us
[26.164s][info][gc,stats    ] Concurrent Weak References          119 us, parallelism: 0.05x
[26.164s][info][gc,stats    ]   CWRF: <total>                       6 us
[26.164s][info][gc,stats    ]   CWRF: Weak References               6 us, workers (us):   4,   1,   0, ---, ---, ---, 
[26.164s][info][gc,stats    ] Concurrent Weak Roots               149 us
[26.164s][info][gc,stats    ]   Roots                              84 us, parallelism: 1.03x
[26.164s][info][gc,stats    ]     CWR: <total>                     87 us
[26.164s][info][gc,stats    ]     CWR: Code Cache Roots            43 us, workers (us):  35,   8,   0, ---, ---, ---, 
[26.164s][info][gc,stats    ]     CWR: VM Weak Roots               42 us, workers (us):  21,  21,   0, ---, ---, ---, 
[26.164s][info][gc,stats    ]     CWR: CLDG Roots                   1 us, workers (us): ---,   1, ---, ---, ---, ---, 
[26.164s][info][gc,stats    ]   Rendezvous                         30 us
[26.164s][info][gc,stats    ] Concurrent Cleanup                   67 us
[26.164s][info][gc,stats    ] Concurrent Class Unloading          235 us
[26.164s][info][gc,stats    ]   Unlink Stale                      150 us
[26.164s][info][gc,stats    ]     System Dictionary                 2 us
[26.164s][info][gc,stats    ]     Weak Class Links                  0 us
[26.164s][info][gc,stats    ]     Code Roots                      148 us
[26.164s][info][gc,stats    ]   Rendezvous                         23 us
[26.164s][info][gc,stats    ]   Purge Unlinked                     23 us
[26.164s][info][gc,stats    ]     Code Roots                       20 us
[26.164s][info][gc,stats    ]     CLDG                              3 us
[26.164s][info][gc,stats    ]     Exception Caches                  0 us
[26.164s][info][gc,stats    ] Pause Final Roots (G)                44 us
[26.164s][info][gc,stats    ] Pause Final Roots (N)                24 us
[26.164s][info][gc,stats    ] Pacing                            73404 us
[26.164s][info][gc,stats    ] 
[26.164s][info][gc,stats    ] Allocation pacing accrued:
[26.164s][info][gc,stats    ]      73 of  1596 ms (  4.6%): main
[26.164s][info][gc,stats    ]      73 of  1596 ms (  4.6%): <total>
[26.164s][info][gc,stats    ]       6 of  1596 ms (  0.4%): <average total>
[26.164s][info][gc,stats    ]      73 of  1596 ms (  4.6%): <average non-zero>
[26.164s][info][gc,stats    ] 
[26.164s][info][gc,metaspace] Metaspace: 1034K(1216K)->1034K(1216K) NonClass: 952K(1024K)->952K(1024K) Class: 81K(192K)->81K(192K)
[26.164s][info][gc,ergo     ] Pacer for Idle. Initial: 10485K, Alloc Tax Rate: 1.0x
[29.036s][info][gc          ] Trigger: Average GC time (3.57 ms) is above the time for average allocation rate (306 MB/s) to deplete free headroom (0B) (margin of error = 2.01)
[29.036s][info][gc,ergo     ] Free headroom: 65543K (free) - 26214K (spike) - 68157K (penalties) = 0B
[29.036s][info][gc,ergo     ] Free: 65543K, Max: 256K regular, 37376K humongous, Frag: 43% external, 0% internal; Reserve: 26368K, Max: 256K
[29.036s][info][gc,start    ] GC(15) Concurrent reset
[29.036s][info][gc,task     ] GC(15) Using 3 of 6 workers for concurrent reset
[29.036s][info][gc,ergo     ] GC(15) Pacer for Reset. Non-Taxable: 512M
[29.036s][info][gc          ] GC(15) Concurrent reset 0.529ms
[29.037s][info][gc,start    ] GC(15) Pause Init Mark (unload classes)
[29.037s][info][gc,task     ] GC(15) Using 6 of 6 workers for init marking
[29.037s][info][gc,ergo     ] GC(15) Pacer for Mark. Expected Live: 107M, Free: 65543K, Non-Taxable: 6554K, Alloc Tax Rate: 2.0x
[29.037s][info][gc          ] GC(15) Pause Init Mark (unload classes) 0.152ms
[29.037s][info][gc,start    ] GC(15) Concurrent marking roots
[29.037s][info][gc,task     ] GC(15) Using 3 of 6 workers for concurrent marking roots
[29.037s][info][gc          ] GC(15) Concurrent marking roots 0.260ms
[29.037s][info][gc,start    ] GC(15) Concurrent marking (unload classes)
[29.037s][info][gc,task     ] GC(15) Using 3 of 6 workers for concurrent marking
[29.038s][info][gc          ] GC(15) Concurrent marking (unload classes) 0.714ms
[29.038s][info][gc,start    ] GC(15) Pause Final Mark (unload classes)
[29.038s][info][gc,task     ] GC(15) Using 6 of 6 workers for final marking
[29.038s][info][gc,ergo     ] GC(15) Collectable Garbage: 257M (99%), Immediate: 257M (99%), CSet: 0B (0%)
[29.038s][info][gc          ] GC(15) Pause Final Mark (unload classes) 0.181ms
[29.038s][info][gc,start    ] GC(15) Concurrent weak references
[29.038s][info][gc,task     ] GC(15) Using 3 of 6 workers for concurrent weak references
[29.038s][info][gc,ref      ] GC(15) Encountered references: Soft: 45, Weak: 116, Final: 0, Phantom: 7
[29.038s][info][gc,ref      ] GC(15) Discovered  references: Soft: 0, Weak: 95, Final: 0, Phantom: 5
[29.038s][info][gc,ref      ] GC(15) Enqueued    references: Soft: 0, Weak: 0, Final: 0, Phantom: 0
[29.038s][info][gc          ] GC(15) Concurrent weak references 0.071ms
[29.038s][info][gc,start    ] GC(15) Concurrent weak roots
[29.038s][info][gc,task     ] GC(15) Using 3 of 6 workers for concurrent weak root
[29.038s][info][gc          ] GC(15) Concurrent weak roots 0.147ms
[29.038s][info][gc,start    ] GC(15) Concurrent cleanup
[29.038s][info][gc          ] GC(15) Concurrent cleanup 415M->158M(512M) 0.054ms
[29.038s][info][gc,ergo     ] GC(15) Free: 326M, Max: 256K regular, 100M humongous, Frag: 70% external, 0% internal; Reserve: 26368K, Max: 256K
[29.038s][info][gc,start    ] GC(15) Concurrent class unloading
[29.038s][info][gc,task     ] GC(15) Using 3 of 6 workers for concurrent class unloading
[29.039s][info][gc          ] GC(15) Concurrent class unloading 0.250ms
[29.039s][info][gc,start    ] GC(15) Pause Final Roots
[29.039s][info][gc          ] GC(15) Pause Final Roots 0.020ms
[29.039s][info][gc,ergo     ] Free: 326M, Max: 256K regular, 100M humongous, Frag: 70% external, 0% internal; Reserve: 26368K, Max: 256K
[29.039s][info][gc,stats    ] 
[29.039s][info][gc,stats    ] All times are wall-clock times, except per-root-class counters, that are sum over
[29.039s][info][gc,stats    ] all workers. Dividing the <total> over the root stage time estimates parallelism.
[29.039s][info][gc,stats    ] 
[29.039s][info][gc,stats    ] Concurrent Reset                    547 us
[29.039s][info][gc,stats    ] Pause Init Mark (G)                 313 us
[29.039s][info][gc,stats    ] Pause Init Mark (N)                 162 us
[29.039s][info][gc,stats    ]   Update Region States               99 us
[29.039s][info][gc,stats    ] Concurrent Mark Roots               276 us, parallelism: 1.30x
[29.039s][info][gc,stats    ]   CMR: <total>                      358 us
[29.039s][info][gc,stats    ]   CMR: Thread Roots                 314 us, workers (us): 204,  49,  60, ---, ---, ---, 
[29.039s][info][gc,stats    ]   CMR: VM Strong Roots                4 us, workers (us):   3,   1,   0, ---, ---, ---, 
[29.039s][info][gc,stats    ]   CMR: CLDG Roots                    40 us, workers (us): ---,  40, ---, ---, ---, ---, 
[29.039s][info][gc,stats    ] Concurrent Marking                  733 us
[29.039s][info][gc,stats    ] Pause Final Mark (G)                254 us
[29.039s][info][gc,stats    ] Pause Final Mark (N)                191 us
[29.039s][info][gc,stats    ]   Finish Mark                        32 us
[29.039s][info][gc,stats    ]   Update Region States               67 us
[29.039s][info][gc,stats    ]   Choose Collection Set              45 us
[29.039s][info][gc,stats    ]   Rebuild Free Set                    8 us
[29.039s][info][gc,stats    ] Concurrent Weak References           79 us, parallelism: 0.07x
[29.039s][info][gc,stats    ]   CWRF: <total>                       5 us
[29.039s][info][gc,stats    ]   CWRF: Weak References               5 us, workers (us):   4,   1,   0, ---, ---, ---, 
[29.039s][info][gc,stats    ] Concurrent Weak Roots               161 us
[29.039s][info][gc,stats    ]   Roots                              74 us, parallelism: 1.15x
[29.039s][info][gc,stats    ]     CWR: <total>                     85 us
[29.039s][info][gc,stats    ]     CWR: Code Cache Roots            43 us, workers (us):  10,  33,   0, ---, ---, ---, 
[29.039s][info][gc,stats    ]     CWR: VM Weak Roots               41 us, workers (us):  20,  20,   0, ---, ---, ---, 
[29.039s][info][gc,stats    ]     CWR: CLDG Roots                   1 us, workers (us):   1, ---, ---, ---, ---, ---, 
[29.039s][info][gc,stats    ]   Rendezvous                         57 us
[29.039s][info][gc,stats    ] Concurrent Cleanup                   63 us
[29.039s][info][gc,stats    ] Concurrent Class Unloading          270 us
[29.039s][info][gc,stats    ]   Unlink Stale                      142 us
[29.039s][info][gc,stats    ]     System Dictionary                 1 us
[29.039s][info][gc,stats    ]     Weak Class Links                  0 us
[29.039s][info][gc,stats    ]     Code Roots                      140 us
[29.039s][info][gc,stats    ]   Rendezvous                         59 us
[29.039s][info][gc,stats    ]   Purge Unlinked                     33 us
[29.039s][info][gc,stats    ]     Code Roots                       31 us
[29.039s][info][gc,stats    ]     CLDG                              1 us
[29.039s][info][gc,stats    ]     Exception Caches                  0 us
[29.039s][info][gc,stats    ] Pause Final Roots (G)                53 us
[29.039s][info][gc,stats    ] Pause Final Roots (N)                29 us
[29.039s][info][gc,stats    ] Pacing                            77780 us
[29.039s][info][gc,stats    ] 
[29.039s][info][gc,stats    ] Allocation pacing accrued:
[29.039s][info][gc,stats    ]      63 of  2875 ms (  2.2%): main
[29.039s][info][gc,stats    ]      15 of  2875 ms (  0.5%): C1 CompilerThread0
[29.039s][info][gc,stats    ]      78 of  2875 ms (  2.7%): <total>
[29.039s][info][gc,stats    ]       6 of  2875 ms (  0.2%): <average total>
[29.039s][info][gc,stats    ]      39 of  2875 ms (  1.4%): <average non-zero>
[29.039s][info][gc,stats    ] 
[29.039s][info][gc,metaspace] Metaspace: 1052K(1216K)->1052K(1216K) NonClass: 970K(1024K)->970K(1024K) Class: 81K(192K)->81K(192K)
[29.039s][info][gc,ergo     ] Pacer for Idle. Initial: 10485K, Alloc Tax Rate: 1.0x
[31.034s][info][gc          ] Trigger: Average GC time (3.52 ms) is above the time for average allocation rate (82000 KB/s) to deplete free headroom (0B) (margin of error = 2.02)
[31.034s][info][gc,ergo     ] Free headroom: 84999K (free) - 26214K (spike) - 62914K (penalties) = 0B
[31.034s][info][gc,ergo     ] Free: 84999K, Max: 256K regular, 37376K humongous, Frag: 57% external, 0% internal; Reserve: 26368K, Max: 256K
[31.034s][info][gc,start    ] GC(16) Concurrent reset
[31.034s][info][gc,task     ] GC(16) Using 3 of 6 workers for concurrent reset
[31.034s][info][gc,ergo     ] GC(16) Pacer for Reset. Non-Taxable: 512M
[31.034s][info][gc          ] GC(16) Concurrent reset 0.328ms
[31.034s][info][gc,start    ] GC(16) Pause Init Mark (unload classes)
[31.034s][info][gc,task     ] GC(16) Using 6 of 6 workers for init marking
[31.034s][info][gc,ergo     ] GC(16) Pacer for Mark. Expected Live: 116M, Free: 84999K, Non-Taxable: 8499K, Alloc Tax Rate: 1.7x
[31.034s][info][gc          ] GC(16) Pause Init Mark (unload classes) 0.083ms
[31.034s][info][gc,start    ] GC(16) Concurrent marking roots
[31.034s][info][gc,task     ] GC(16) Using 3 of 6 workers for concurrent marking roots
[31.035s][info][gc          ] GC(16) Concurrent marking roots 0.244ms
[31.035s][info][gc,start    ] GC(16) Concurrent marking (unload classes)
[31.035s][info][gc,task     ] GC(16) Using 3 of 6 workers for concurrent marking
[31.035s][info][gc          ] GC(16) Concurrent marking (unload classes) 0.660ms
[31.035s][info][gc,start    ] GC(16) Pause Final Mark (unload classes)
[31.035s][info][gc,task     ] GC(16) Using 6 of 6 workers for final marking
[31.035s][info][gc,ergo     ] GC(16) Collectable Garbage: 229M (99%), Immediate: 229M (99%), CSet: 0B (0%)
[31.035s][info][gc          ] GC(16) Pause Final Mark (unload classes) 0.133ms
[31.035s][info][gc,start    ] GC(16) Concurrent weak references
[31.035s][info][gc,task     ] GC(16) Using 3 of 6 workers for concurrent weak references
[31.035s][info][gc,ref      ] GC(16) Encountered references: Soft: 45, Weak: 116, Final: 0, Phantom: 7
[31.035s][info][gc,ref      ] GC(16) Discovered  references: Soft: 0, Weak: 95, Final: 0, Phantom: 5
[31.035s][info][gc,ref      ] GC(16) Enqueued    references: Soft: 0, Weak: 0, Final: 0, Phantom: 0
[31.035s][info][gc          ] GC(16) Concurrent weak references 0.075ms
[31.035s][info][gc,start    ] GC(16) Concurrent weak roots
[31.035s][info][gc,task     ] GC(16) Using 3 of 6 workers for concurrent weak root
[31.036s][info][gc          ] GC(16) Concurrent weak roots 0.113ms
[31.036s][info][gc,start    ] GC(16) Concurrent cleanup
[31.036s][info][gc          ] GC(16) Concurrent cleanup 397M->168M(512M) 0.051ms
[31.036s][info][gc,ergo     ] GC(16) Free: 316M, Max: 256K regular, 136M humongous, Frag: 57% external, 0% internal; Reserve: 26368K, Max: 256K
[31.036s][info][gc,start    ] GC(16) Concurrent class unloading
[31.036s][info][gc,task     ] GC(16) Using 3 of 6 workers for concurrent class unloading
[31.036s][info][gc          ] GC(16) Concurrent class unloading 0.206ms
[31.036s][info][gc,start    ] GC(16) Pause Final Roots
[31.036s][info][gc          ] GC(16) Pause Final Roots 0.015ms
[31.036s][info][gc,ergo     ] Free: 316M, Max: 256K regular, 136M humongous, Frag: 57% external, 0% internal; Reserve: 26368K, Max: 256K
[31.036s][info][gc,stats    ] 
[31.036s][info][gc,stats    ] All times are wall-clock times, except per-root-class counters, that are sum over
[31.036s][info][gc,stats    ] all workers. Dividing the <total> over the root stage time estimates parallelism.
[31.036s][info][gc,stats    ] 
[31.036s][info][gc,stats    ] Concurrent Reset                    343 us
[31.036s][info][gc,stats    ] Pause Init Mark (G)                 134 us
[31.036s][info][gc,stats    ] Pause Init Mark (N)                  92 us
[31.036s][info][gc,stats    ]   Update Region States               27 us
[31.036s][info][gc,stats    ] Concurrent Mark Roots               264 us, parallelism: 1.24x
[31.036s][info][gc,stats    ]   CMR: <total>                      328 us
[31.036s][info][gc,stats    ]   CMR: Thread Roots                 293 us, workers (us): 190,  36,  68, ---, ---, ---, 
[31.036s][info][gc,stats    ]   CMR: VM Strong Roots                4 us, workers (us):   2,   1,   1, ---, ---, ---, 
[31.036s][info][gc,stats    ]   CMR: CLDG Roots                    30 us, workers (us): ---,  30, ---, ---, ---, ---, 
[31.036s][info][gc,stats    ] Concurrent Marking                  677 us
[31.036s][info][gc,stats    ] Pause Final Mark (G)                178 us
[31.036s][info][gc,stats    ] Pause Final Mark (N)                142 us
[31.036s][info][gc,stats    ]   Finish Mark                        29 us
[31.036s][info][gc,stats    ]   Update Region States               27 us
[31.036s][info][gc,stats    ]   Choose Collection Set              41 us
[31.036s][info][gc,stats    ]   Rebuild Free Set                    8 us
[31.036s][info][gc,stats    ] Concurrent Weak References           83 us, parallelism: 0.06x
[31.036s][info][gc,stats    ]   CWRF: <total>                       5 us
[31.036s][info][gc,stats    ]   CWRF: Weak References               5 us, workers (us):   4,   1,   0, ---, ---, ---, 
[31.036s][info][gc,stats    ] Concurrent Weak Roots               127 us
[31.036s][info][gc,stats    ]   Roots                              70 us, parallelism: 1.25x
[31.036s][info][gc,stats    ]     CWR: <total>                     88 us
[31.036s][info][gc,stats    ]     CWR: Code Cache Roots            46 us, workers (us):  34,   0,  11, ---, ---, ---, 
[31.036s][info][gc,stats    ]     CWR: VM Weak Roots               42 us, workers (us):  15,  14,  13, ---, ---, ---, 
[31.036s][info][gc,stats    ]     CWR: CLDG Roots                   1 us, workers (us): ---,   1, ---, ---, ---, ---, 
[31.036s][info][gc,stats    ]   Rendezvous                         26 us
[31.036s][info][gc,stats    ] Concurrent Cleanup                   60 us
[31.036s][info][gc,stats    ] Concurrent Class Unloading          218 us
[31.036s][info][gc,stats    ]   Unlink Stale                      144 us
[31.036s][info][gc,stats    ]     System Dictionary                 1 us
[31.036s][info][gc,stats    ]     Weak Class Links                  0 us
[31.036s][info][gc,stats    ]     Code Roots                      142 us
[31.036s][info][gc,stats    ]   Rendezvous                         25 us
[31.036s][info][gc,stats    ]   Purge Unlinked                     21 us
[31.036s][info][gc,stats    ]     Code Roots                       19 us
[31.036s][info][gc,stats    ]     CLDG                              3 us
[31.036s][info][gc,stats    ]     Exception Caches                  0 us
[31.036s][info][gc,stats    ] Pause Final Roots (G)                44 us
[31.036s][info][gc,stats    ] Pause Final Roots (N)                23 us
[31.036s][info][gc,stats    ] Pacing                            46940 us
[31.036s][info][gc,stats    ] 
[31.036s][info][gc,stats    ] Allocation pacing accrued:
[31.036s][info][gc,stats    ]      47 of  1997 ms (  2.4%): main
[31.036s][info][gc,stats    ]      47 of  1997 ms (  2.4%): <total>
[31.036s][info][gc,stats    ]       4 of  1997 ms (  0.2%): <average total>
[31.036s][info][gc,stats    ]      47 of  1997 ms (  2.4%): <average non-zero>
[31.036s][info][gc,stats    ] 
[31.036s][info][gc,metaspace] Metaspace: 1052K(1216K)->1052K(1216K) NonClass: 970K(1024K)->970K(1024K) Class: 81K(192K)->81K(192K)
[31.036s][info][gc,ergo     ] Pacer for Idle. Initial: 10485K, Alloc Tax Rate: 1.0x
[33.240s][info][gc          ] Trigger: Average GC time (3.16 ms) is above the time for average allocation rate (129 MB/s) to deplete free headroom (0B) (margin of error = 2.03)
[33.240s][info][gc,ergo     ] Free headroom: 82183K (free) - 26214K (spike) - 57671K (penalties) = 0B
[33.240s][info][gc,ergo     ] Free: 82183K, Max: 256K regular, 37376K humongous, Frag: 55% external, 0% internal; Reserve: 26368K, Max: 256K
[33.240s][info][gc,start    ] GC(17) Concurrent reset
[33.240s][info][gc,task     ] GC(17) Using 3 of 6 workers for concurrent reset
[33.240s][info][gc,ergo     ] GC(17) Pacer for Reset. Non-Taxable: 512M
[33.240s][info][gc          ] GC(17) Concurrent reset 0.212ms
[33.240s][info][gc,start    ] GC(17) Pause Init Mark (unload classes)
[33.240s][info][gc,task     ] GC(17) Using 6 of 6 workers for init marking
[33.240s][info][gc,ergo     ] GC(17) Pacer for Mark. Expected Live: 128M, Free: 82183K, Non-Taxable: 8218K, Alloc Tax Rate: 2.0x
[33.240s][info][gc          ] GC(17) Pause Init Mark (unload classes) 0.071ms
[33.240s][info][gc,start    ] GC(17) Concurrent marking roots
[33.240s][info][gc,task     ] GC(17) Using 3 of 6 workers for concurrent marking roots
[33.240s][info][gc          ] GC(17) Concurrent marking roots 0.243ms
[33.240s][info][gc,start    ] GC(17) Concurrent marking (unload classes)
[33.240s][info][gc,task     ] GC(17) Using 3 of 6 workers for concurrent marking
[33.241s][info][gc          ] GC(17) Concurrent marking (unload classes) 0.660ms
[33.241s][info][gc,start    ] GC(17) Pause Final Mark (unload classes)
[33.241s][info][gc,task     ] GC(17) Using 6 of 6 workers for final marking
[33.241s][info][gc,ergo     ] GC(17) Collectable Garbage: 341M (99%), Immediate: 341M (99%), CSet: 0B (0%)
[33.241s][info][gc          ] GC(17) Pause Final Mark (unload classes) 0.125ms
[33.241s][info][gc,start    ] GC(17) Concurrent weak references
[33.241s][info][gc,task     ] GC(17) Using 3 of 6 workers for concurrent weak references
[33.241s][info][gc,ref      ] GC(17) Encountered references: Soft: 45, Weak: 116, Final: 0, Phantom: 7
[33.241s][info][gc,ref      ] GC(17) Discovered  references: Soft: 0, Weak: 84, Final: 0, Phantom: 5
[33.241s][info][gc,ref      ] GC(17) Enqueued    references: Soft: 0, Weak: 0, Final: 0, Phantom: 0
[33.241s][info][gc          ] GC(17) Concurrent weak references 0.074ms
[33.241s][info][gc,start    ] GC(17) Concurrent weak roots
[33.241s][info][gc,task     ] GC(17) Using 3 of 6 workers for concurrent weak root
[33.241s][info][gc          ] GC(17) Concurrent weak roots 0.106ms
[33.241s][info][gc,start    ] GC(17) Concurrent cleanup
[33.241s][info][gc          ] GC(17) Concurrent cleanup 400M->59M(512M) 0.067ms
[33.241s][info][gc,ergo     ] GC(17) Free: 425M, Max: 256K regular, 301M humongous, Frag: 30% external, 0% internal; Reserve: 26368K, Max: 256K
[33.241s][info][gc,start    ] GC(17) Concurrent class unloading
[33.242s][info][gc,task     ] GC(17) Using 3 of 6 workers for concurrent class unloading
[33.242s][info][gc          ] GC(17) Concurrent class unloading 0.200ms
[33.242s][info][gc,start    ] GC(17) Pause Final Roots
[33.242s][info][gc          ] GC(17) Pause Final Roots 0.014ms
[33.242s][info][gc,ergo     ] Free: 425M, Max: 256K regular, 301M humongous, Frag: 30% external, 0% internal; Reserve: 26368K, Max: 256K
[33.242s][info][gc,stats    ] 
[33.242s][info][gc,stats    ] All times are wall-clock times, except per-root-class counters, that are sum over
[33.242s][info][gc,stats    ] all workers. Dividing the <total> over the root stage time estimates parallelism.
[33.242s][info][gc,stats    ] 
[33.242s][info][gc,stats    ] Concurrent Reset                    231 us
[33.242s][info][gc,stats    ] Pause Init Mark (G)                 112 us
[33.242s][info][gc,stats    ] Pause Init Mark (N)                  79 us
[33.242s][info][gc,stats    ]   Update Region States               24 us
[33.242s][info][gc,stats    ] Concurrent Mark Roots               258 us, parallelism: 1.41x
[33.242s][info][gc,stats    ]   CMR: <total>                      363 us
[33.242s][info][gc,stats    ]   CMR: Thread Roots                 329 us, workers (us): 103,  37, 188, ---, ---, ---, 
[33.242s][info][gc,stats    ]   CMR: VM Strong Roots                5 us, workers (us):   2,   1,   1, ---, ---, ---, 
[33.242s][info][gc,stats    ]   CMR: CLDG Roots                    30 us, workers (us): ---,  30, ---, ---, ---, ---, 
[33.242s][info][gc,stats    ] Concurrent Marking                  676 us
[33.242s][info][gc,stats    ] Pause Final Mark (G)                165 us
[33.242s][info][gc,stats    ] Pause Final Mark (N)                135 us
[33.242s][info][gc,stats    ]   Finish Mark                        27 us
[33.242s][info][gc,stats    ]   Update Region States               26 us
[33.242s][info][gc,stats    ]   Choose Collection Set              39 us
[33.242s][info][gc,stats    ]   Rebuild Free Set                    8 us
[33.242s][info][gc,stats    ] Concurrent Weak References           82 us, parallelism: 0.05x
[33.242s][info][gc,stats    ]   CWRF: <total>                       4 us
[33.242s][info][gc,stats    ]   CWRF: Weak References               4 us, workers (us):   1,   3,   0, ---, ---, ---, 
[33.242s][info][gc,stats    ] Concurrent Weak Roots               117 us
[33.242s][info][gc,stats    ]   Roots                              68 us, parallelism: 1.28x
[33.242s][info][gc,stats    ]     CWR: <total>                     87 us
[33.242s][info][gc,stats    ]     CWR: Code Cache Roots            45 us, workers (us):   0,  11,  33, ---, ---, ---, 
[33.242s][info][gc,stats    ]     CWR: VM Weak Roots               42 us, workers (us):  15,  14,  13, ---, ---, ---, 
[33.242s][info][gc,stats    ]     CWR: CLDG Roots                   1 us, workers (us):   1, ---, ---, ---, ---, ---, 
[33.242s][info][gc,stats    ]   Rendezvous                         22 us
[33.242s][info][gc,stats    ] Concurrent Cleanup                   77 us
[33.242s][info][gc,stats    ] Concurrent Class Unloading          214 us
[33.242s][info][gc,stats    ]   Unlink Stale                      143 us
[33.242s][info][gc,stats    ]     System Dictionary                 1 us
[33.242s][info][gc,stats    ]     Weak Class Links                  0 us
[33.242s][info][gc,stats    ]     Code Roots                      141 us
[33.242s][info][gc,stats    ]   Rendezvous                         19 us
[33.242s][info][gc,stats    ]   Purge Unlinked                     22 us
[33.242s][info][gc,stats    ]     Code Roots                       19 us
[33.242s][info][gc,stats    ]     CLDG                              2 us
[33.242s][info][gc,stats    ]     Exception Caches                  0 us
[33.242s][info][gc,stats    ] Pause Final Roots (G)                42 us
[33.242s][info][gc,stats    ] Pause Final Roots (N)                22 us
[33.242s][info][gc,stats    ] Pacing                            46658 us
[33.242s][info][gc,stats    ] 
[33.242s][info][gc,stats    ] Allocation pacing accrued:
[33.242s][info][gc,stats    ]      47 of  2206 ms (  2.1%): main
[33.242s][info][gc,stats    ]      47 of  2206 ms (  2.1%): <total>
[33.242s][info][gc,stats    ]       4 of  2206 ms (  0.2%): <average total>
[33.242s][info][gc,stats    ]      47 of  2206 ms (  2.1%): <average non-zero>
[33.242s][info][gc,stats    ] 
[33.242s][info][gc,metaspace] Metaspace: 1052K(1216K)->1052K(1216K) NonClass: 970K(1024K)->970K(1024K) Class: 81K(192K)->81K(192K)
[33.242s][info][gc,ergo     ] Pacer for Idle. Initial: 10485K, Alloc Tax Rate: 1.0x
[35.911s][info][gc          ] Trigger: Average GC time (2.86 ms) is above the time for average allocation rate (60219 KB/s) to deplete free headroom (0B) (margin of error = 2.03)
[35.911s][info][gc,ergo     ] Free headroom: 73479K (free) - 26214K (spike) - 52428K (penalties) = 0B
[35.911s][info][gc,ergo     ] Free: 73479K, Max: 256K regular, 51712K humongous, Frag: 30% external, 0% internal; Reserve: 26368K, Max: 256K
[35.911s][info][gc,start    ] GC(18) Concurrent reset
[35.911s][info][gc,task     ] GC(18) Using 3 of 6 workers for concurrent reset
[35.911s][info][gc,ergo     ] GC(18) Pacer for Reset. Non-Taxable: 512M
[35.911s][info][gc          ] GC(18) Concurrent reset 0.179ms
[35.911s][info][gc,start    ] GC(18) Pause Init Mark (unload classes)
[35.911s][info][gc,task     ] GC(18) Using 6 of 6 workers for init marking
[35.911s][info][gc,ergo     ] GC(18) Pacer for Mark. Expected Live: 113M, Free: 73479K, Non-Taxable: 7347K, Alloc Tax Rate: 1.9x
[35.912s][info][gc          ] GC(18) Pause Init Mark (unload classes) 0.107ms
[35.912s][info][gc,start    ] GC(18) Concurrent marking roots
[35.912s][info][gc,task     ] GC(18) Using 3 of 6 workers for concurrent marking roots
[35.912s][info][gc          ] GC(18) Concurrent marking roots 0.243ms
[35.912s][info][gc,start    ] GC(18) Concurrent marking (unload classes)
[35.912s][info][gc,task     ] GC(18) Using 3 of 6 workers for concurrent marking
[35.912s][info][gc          ] GC(18) Concurrent marking (unload classes) 0.666ms
[35.913s][info][gc,start    ] GC(18) Pause Final Mark (unload classes)
[35.913s][info][gc,task     ] GC(18) Using 6 of 6 workers for final marking
[35.913s][info][gc,ergo     ] GC(18) Collectable Garbage: 395M (99%), Immediate: 395M (99%), CSet: 0B (0%)
[35.913s][info][gc          ] GC(18) Pause Final Mark (unload classes) 0.128ms
[35.913s][info][gc,start    ] GC(18) Concurrent weak references
[35.913s][info][gc,task     ] GC(18) Using 3 of 6 workers for concurrent weak references
[35.913s][info][gc,ref      ] GC(18) Encountered references: Soft: 45, Weak: 116, Final: 0, Phantom: 7
[35.913s][info][gc,ref      ] GC(18) Discovered  references: Soft: 0, Weak: 95, Final: 0, Phantom: 5
[35.913s][info][gc,ref      ] GC(18) Enqueued    references: Soft: 0, Weak: 0, Final: 0, Phantom: 0
[35.913s][info][gc          ] GC(18) Concurrent weak references 0.077ms
[35.913s][info][gc,start    ] GC(18) Concurrent weak roots
[35.913s][info][gc,task     ] GC(18) Using 3 of 6 workers for concurrent weak root
[35.913s][info][gc          ] GC(18) Concurrent weak roots 0.108ms
[35.913s][info][gc,start    ] GC(18) Concurrent cleanup
[35.913s][info][gc          ] GC(18) Concurrent cleanup 408M->13M(512M) 0.076ms
[35.913s][info][gc,ergo     ] GC(18) Free: 472M, Max: 256K regular, 367M humongous, Frag: 23% external, 0% internal; Reserve: 26368K, Max: 256K
[35.913s][info][gc,start    ] GC(18) Concurrent class unloading
[35.913s][info][gc,task     ] GC(18) Using 3 of 6 workers for concurrent class unloading
[35.913s][info][gc          ] GC(18) Concurrent class unloading 0.204ms
[35.913s][info][gc,start    ] GC(18) Pause Final Roots
[35.913s][info][gc          ] GC(18) Pause Final Roots 0.014ms
[35.913s][info][gc,ergo     ] Free: 472M, Max: 256K regular, 367M humongous, Frag: 23% external, 0% internal; Reserve: 26368K, Max: 256K
[35.913s][info][gc,stats    ] 
[35.913s][info][gc,stats    ] All times are wall-clock times, except per-root-class counters, that are sum over
[35.913s][info][gc,stats    ] all workers. Dividing the <total> over the root stage time estimates parallelism.
[35.913s][info][gc,stats    ] 
[35.913s][info][gc,stats    ] Concurrent Reset                    198 us
[35.913s][info][gc,stats    ] Pause Init Mark (G)                 153 us
[35.913s][info][gc,stats    ] Pause Init Mark (N)                 120 us
[35.913s][info][gc,stats    ]   Update Region States               22 us
[35.913s][info][gc,stats    ] Concurrent Mark Roots               257 us, parallelism: 1.31x
[35.913s][info][gc,stats    ]   CMR: <total>                      338 us
[35.913s][info][gc,stats    ]   CMR: Thread Roots                 304 us, workers (us): 187,  48,  69, ---, ---, ---, 
[35.913s][info][gc,stats    ]   CMR: VM Strong Roots                4 us, workers (us):   3,   1,   0, ---, ---, ---, 
[35.913s][info][gc,stats    ]   CMR: CLDG Roots                    29 us, workers (us): ---,  29, ---, ---, ---, ---, 
[35.913s][info][gc,stats    ] Concurrent Marking                  681 us
[35.913s][info][gc,stats    ] Pause Final Mark (G)                165 us
[35.913s][info][gc,stats    ] Pause Final Mark (N)                137 us
[35.913s][info][gc,stats    ]   Finish Mark                        27 us
[35.913s][info][gc,stats    ]   Update Region States               26 us
[35.913s][info][gc,stats    ]   Choose Collection Set              42 us
[35.913s][info][gc,stats    ]   Rebuild Free Set                    8 us
[35.913s][info][gc,stats    ] Concurrent Weak References           85 us, parallelism: 0.06x
[35.913s][info][gc,stats    ]   CWRF: <total>                       5 us
[35.913s][info][gc,stats    ]   CWRF: Weak References               5 us, workers (us):   4,   1,   0, ---, ---, ---, 
[35.913s][info][gc,stats    ] Concurrent Weak Roots               118 us
[35.913s][info][gc,stats    ]   Roots                              68 us, parallelism: 1.26x
[35.913s][info][gc,stats    ]     CWR: <total>                     86 us
[35.913s][info][gc,stats    ]     CWR: Code Cache Roots            44 us, workers (us):   0,  33,  11, ---, ---, ---, 
[35.913s][info][gc,stats    ]     CWR: VM Weak Roots               42 us, workers (us):  14,  14,  13, ---, ---, ---, 
[35.913s][info][gc,stats    ]     CWR: CLDG Roots                   1 us, workers (us):   1, ---, ---, ---, ---, ---, 
[35.913s][info][gc,stats    ]   Rendezvous                         23 us
[35.913s][info][gc,stats    ] Concurrent Cleanup                   85 us
[35.914s][info][gc,stats    ] Concurrent Class Unloading          218 us
[35.914s][info][gc,stats    ]   Unlink Stale                      141 us
[35.914s][info][gc,stats    ]     System Dictionary                 1 us
[35.914s][info][gc,stats    ]     Weak Class Links                  0 us
[35.914s][info][gc,stats    ]     Code Roots                      140 us
[35.914s][info][gc,stats    ]   Rendezvous                         22 us
[35.914s][info][gc,stats    ]   Purge Unlinked                     24 us
[35.914s][info][gc,stats    ]     Code Roots                       21 us
[35.914s][info][gc,stats    ]     CLDG                              3 us
[35.914s][info][gc,stats    ]     Exception Caches                  0 us
[35.914s][info][gc,stats    ] Pause Final Roots (G)                41 us
[35.914s][info][gc,stats    ] Pause Final Roots (N)                22 us
[35.914s][info][gc,stats    ] Pacing                            71965 us
[35.914s][info][gc,stats    ] 
[35.914s][info][gc,stats    ] Allocation pacing accrued:
[35.914s][info][gc,stats    ]      72 of  2671 ms (  2.7%): main
[35.914s][info][gc,stats    ]      72 of  2671 ms (  2.7%): <total>
[35.914s][info][gc,stats    ]       6 of  2671 ms (  0.2%): <average total>
[35.914s][info][gc,stats    ]      72 of  2671 ms (  2.7%): <average non-zero>
[35.914s][info][gc,stats    ] 
[35.914s][info][gc,metaspace] Metaspace: 1052K(1216K)->1052K(1216K) NonClass: 970K(1024K)->970K(1024K) Class: 81K(192K)->81K(192K)
[35.914s][info][gc,ergo     ] Pacer for Idle. Initial: 10485K, Alloc Tax Rate: 1.0x
[38.081s][info][gc          ] Trigger: Average GC time (2.60 ms) is above the time for average allocation rate (110 MB/s) to deplete free headroom (0B) (margin of error = 2.01)
[38.081s][info][gc,ergo     ] Free headroom: 69895K (free) - 26214K (spike) - 47185K (penalties) = 0B
[38.081s][info][gc,ergo     ] Free: 69895K, Max: 256K regular, 66560K humongous, Frag: 5% external, 0% internal; Reserve: 26368K, Max: 256K
[38.081s][info][gc,start    ] GC(19) Concurrent reset
[38.081s][info][gc,task     ] GC(19) Using 3 of 6 workers for concurrent reset
[38.081s][info][gc,ergo     ] GC(19) Pacer for Reset. Non-Taxable: 512M
[38.081s][info][gc          ] GC(19) Concurrent reset 0.268ms
[38.081s][info][gc,start    ] GC(19) Pause Init Mark (unload classes)
[38.081s][info][gc,task     ] GC(19) Using 6 of 6 workers for init marking
[38.081s][info][gc,ergo     ] GC(19) Pacer for Mark. Expected Live: 103M, Free: 69895K, Non-Taxable: 6989K, Alloc Tax Rate: 1.9x
[38.081s][info][gc          ] GC(19) Pause Init Mark (unload classes) 0.135ms
[38.081s][info][gc,start    ] GC(19) Concurrent marking roots
[38.081s][info][gc,task     ] GC(19) Using 3 of 6 workers for concurrent marking roots
[38.082s][info][gc          ] GC(19) Concurrent marking roots 0.466ms
[38.082s][info][gc,start    ] GC(19) Concurrent marking (unload classes)
[38.082s][info][gc,task     ] GC(19) Using 3 of 6 workers for concurrent marking
[38.082s][info][gc          ] GC(19) Concurrent marking (unload classes) 0.702ms
[38.082s][info][gc,start    ] GC(19) Pause Final Mark (unload classes)
[38.082s][info][gc,task     ] GC(19) Using 6 of 6 workers for final marking
[38.083s][info][gc,ergo     ] GC(19) Collectable Garbage: 369M (99%), Immediate: 369M (99%), CSet: 0B (0%)
[38.083s][info][gc          ] GC(19) Pause Final Mark (unload classes) 0.171ms
[38.083s][info][gc,start    ] GC(19) Concurrent weak references
[38.083s][info][gc,task     ] GC(19) Using 3 of 6 workers for concurrent weak references
[38.083s][info][gc,ref      ] GC(19) Encountered references: Soft: 45, Weak: 116, Final: 0, Phantom: 7
[38.083s][info][gc,ref      ] GC(19) Discovered  references: Soft: 0, Weak: 72, Final: 0, Phantom: 5
[38.083s][info][gc,ref      ] GC(19) Enqueued    references: Soft: 0, Weak: 0, Final: 0, Phantom: 0
[38.083s][info][gc          ] GC(19) Concurrent weak references 0.079ms
[38.083s][info][gc,start    ] GC(19) Concurrent weak roots
[38.083s][info][gc,task     ] GC(19) Using 3 of 6 workers for concurrent weak root
[38.083s][info][gc          ] GC(19) Concurrent weak roots 0.113ms
[38.083s][info][gc,start    ] GC(19) Concurrent cleanup
[38.083s][info][gc          ] GC(19) Concurrent cleanup 412M->43M(512M) 0.073ms
[38.083s][info][gc,ergo     ] GC(19) Free: 441M, Max: 256K regular, 150M humongous, Frag: 66% external, 0% internal; Reserve: 26368K, Max: 256K
[38.083s][info][gc,start    ] GC(19) Concurrent class unloading
[38.083s][info][gc,task     ] GC(19) Using 3 of 6 workers for concurrent class unloading
[38.083s][info][gc          ] GC(19) Concurrent class unloading 0.247ms
[38.083s][info][gc,start    ] GC(19) Pause Final Roots
[38.083s][info][gc          ] GC(19) Pause Final Roots 0.016ms
[38.083s][info][gc,ergo     ] Free: 441M, Max: 256K regular, 150M humongous, Frag: 66% external, 0% internal; Reserve: 26368K, Max: 256K
[38.083s][info][gc,stats    ] 
[38.083s][info][gc,stats    ] All times are wall-clock times, except per-root-class counters, that are sum over
[38.083s][info][gc,stats    ] all workers. Dividing the <total> over the root stage time estimates parallelism.
[38.083s][info][gc,stats    ] 
[38.083s][info][gc,stats    ] Concurrent Reset                    287 us
[38.083s][info][gc,stats    ] Pause Init Mark (G)                 241 us
[38.083s][info][gc,stats    ] Pause Init Mark (N)                 145 us
[38.083s][info][gc,stats    ]   Update Region States               85 us
[38.083s][info][gc,stats    ] Concurrent Mark Roots               484 us, parallelism: 1.56x
[38.083s][info][gc,stats    ]   CMR: <total>                      755 us
[38.083s][info][gc,stats    ]   CMR: Thread Roots                 723 us, workers (us): 158, 223, 341, ---, ---, ---, 
[38.083s][info][gc,stats    ]   CMR: VM Strong Roots                3 us, workers (us):   3,   0,   0, ---, ---, ---, 
[38.083s][info][gc,stats    ]   CMR: CLDG Roots                    29 us, workers (us):  29, ---, ---, ---, ---, ---, 
[38.084s][info][gc,stats    ] Concurrent Marking                  726 us
[38.084s][info][gc,stats    ] Pause Final Mark (G)                255 us
[38.084s][info][gc,stats    ] Pause Final Mark (N)                182 us
[38.084s][info][gc,stats    ]   Finish Mark                        31 us
[38.084s][info][gc,stats    ]   Update Region States               59 us
[38.084s][info][gc,stats    ]   Choose Collection Set              44 us
[38.084s][info][gc,stats    ]   Rebuild Free Set                    8 us
[38.084s][info][gc,stats    ] Concurrent Weak References           87 us, parallelism: 0.06x
[38.084s][info][gc,stats    ]   CWRF: <total>                       5 us
[38.084s][info][gc,stats    ]   CWRF: Weak References               5 us, workers (us):   4,   1,   1, ---, ---, ---, 
[38.084s][info][gc,stats    ] Concurrent Weak Roots               128 us
[38.084s][info][gc,stats    ]   Roots                              69 us, parallelism: 1.25x
[38.084s][info][gc,stats    ]     CWR: <total>                     86 us
[38.084s][info][gc,stats    ]     CWR: Code Cache Roots            44 us, workers (us):  33,   0,  11, ---, ---, ---, 
[38.084s][info][gc,stats    ]     CWR: VM Weak Roots               42 us, workers (us):  14,  14,  14, ---, ---, ---, 
[38.084s][info][gc,stats    ]     CWR: CLDG Roots                   1 us, workers (us): ---,   1, ---, ---, ---, ---, 
[38.084s][info][gc,stats    ]   Rendezvous                         28 us
[38.084s][info][gc,stats    ] Concurrent Cleanup                   83 us
[38.084s][info][gc,stats    ] Concurrent Class Unloading          260 us
[38.084s][info][gc,stats    ]   Unlink Stale                      148 us
[38.084s][info][gc,stats    ]     System Dictionary                 1 us
[38.084s][info][gc,stats    ]     Weak Class Links                  0 us
[38.084s][info][gc,stats    ]     Code Roots                      146 us
[38.084s][info][gc,stats    ]   Rendezvous                         57 us
[38.084s][info][gc,stats    ]   Purge Unlinked                     25 us
[38.084s][info][gc,stats    ]     Code Roots                       22 us
[38.084s][info][gc,stats    ]     CLDG                              3 us
[38.084s][info][gc,stats    ]     Exception Caches                  0 us
[38.084s][info][gc,stats    ] Pause Final Roots (G)                82 us
[38.084s][info][gc,stats    ] Pause Final Roots (N)                25 us
[38.084s][info][gc,stats    ] Pacing                           106666 us
[38.084s][info][gc,stats    ] 
[38.084s][info][gc,stats    ] Allocation pacing accrued:
[38.084s][info][gc,stats    ]     107 of  2170 ms (  4.9%): main
[38.084s][info][gc,stats    ]     107 of  2170 ms (  4.9%): <total>
[38.084s][info][gc,stats    ]       8 of  2170 ms (  0.4%): <average total>
[38.084s][info][gc,stats    ]     107 of  2170 ms (  4.9%): <average non-zero>
[38.084s][info][gc,stats    ] 
[38.084s][info][gc,metaspace] Metaspace: 1052K(1216K)->1052K(1216K) NonClass: 970K(1024K)->970K(1024K) Class: 81K(192K)->81K(192K)
[38.084s][info][gc,ergo     ] Pacer for Idle. Initial: 10485K, Alloc Tax Rate: 1.0x
[41.740s][info][gc          ] Trigger: Average GC time (3.04 ms) is above the time for average allocation rate (83292 KB/s) to deplete free headroom (0B) (margin of error = 2.00)
[41.741s][info][gc,ergo     ] Free headroom: 58631K (free) - 26214K (spike) - 41943K (penalties) = 0B
[41.741s][info][gc,ergo     ] Free: 58631K, Max: 256K regular, 45568K humongous, Frag: 23% external, 0% internal; Reserve: 26368K, Max: 256K
[41.741s][info][gc,start    ] GC(20) Concurrent reset
[41.741s][info][gc,task     ] GC(20) Using 3 of 6 workers for concurrent reset
[41.741s][info][gc,ergo     ] GC(20) Pacer for Reset. Non-Taxable: 512M
[41.741s][info][gc          ] GC(20) Concurrent reset 0.225ms
[41.741s][info][gc,start    ] GC(20) Pause Init Mark (unload classes)
[41.741s][info][gc,task     ] GC(20) Using 6 of 6 workers for init marking
[41.741s][info][gc,ergo     ] GC(20) Pacer for Mark. Expected Live: 88863K, Free: 58631K, Non-Taxable: 5863K, Alloc Tax Rate: 1.9x
[41.741s][info][gc          ] GC(20) Pause Init Mark (unload classes) 0.111ms
[41.741s][info][gc,start    ] GC(20) Concurrent marking roots
[41.741s][info][gc,task     ] GC(20) Using 3 of 6 workers for concurrent marking roots
[41.741s][info][gc          ] GC(20) Concurrent marking roots 0.314ms
[41.741s][info][gc,start    ] GC(20) Concurrent marking (unload classes)
[41.741s][info][gc,task     ] GC(20) Using 3 of 6 workers for concurrent marking
[41.742s][info][gc          ] GC(20) Concurrent marking (unload classes) 0.735ms
[41.742s][info][gc,start    ] GC(20) Pause Final Mark (unload classes)
[41.742s][info][gc,task     ] GC(20) Using 6 of 6 workers for final marking
[41.742s][info][gc,ergo     ] GC(20) Collectable Garbage: 297M (99%), Immediate: 297M (99%), CSet: 0B (0%)
[41.742s][info][gc          ] GC(20) Pause Final Mark (unload classes) 0.277ms
[41.743s][info][gc,start    ] GC(20) Concurrent weak references
[41.743s][info][gc,task     ] GC(20) Using 3 of 6 workers for concurrent weak references
[41.743s][info][gc,ref      ] GC(20) Encountered references: Soft: 45, Weak: 116, Final: 0, Phantom: 7
[41.743s][info][gc,ref      ] GC(20) Discovered  references: Soft: 0, Weak: 72, Final: 0, Phantom: 5
[41.743s][info][gc,ref      ] GC(20) Enqueued    references: Soft: 0, Weak: 0, Final: 0, Phantom: 0
[41.743s][info][gc          ] GC(20) Concurrent weak references 0.156ms
[41.743s][info][gc,start    ] GC(20) Concurrent weak roots
[41.743s][info][gc,task     ] GC(20) Using 3 of 6 workers for concurrent weak root
[41.743s][info][gc          ] GC(20) Concurrent weak roots 0.255ms
[41.743s][info][gc,start    ] GC(20) Concurrent cleanup
[41.743s][info][gc          ] GC(20) Concurrent cleanup 420M->123M(512M) 0.062ms
[41.743s][info][gc,ergo     ] GC(20) Free: 361M, Max: 256K regular, 137M humongous, Frag: 62% external, 0% internal; Reserve: 26368K, Max: 256K
[41.743s][info][gc,start    ] GC(20) Concurrent class unloading
[41.743s][info][gc,task     ] GC(20) Using 3 of 6 workers for concurrent class unloading
[41.743s][info][gc          ] GC(20) Concurrent class unloading 0.385ms
[41.743s][info][gc,start    ] GC(20) Pause Final Roots
[41.743s][info][gc          ] GC(20) Pause Final Roots 0.018ms
[41.744s][info][gc,ergo     ] Free: 361M, Max: 256K regular, 137M humongous, Frag: 62% external, 0% internal; Reserve: 26368K, Max: 256K
[41.744s][info][gc,stats    ] 
[41.744s][info][gc,stats    ] All times are wall-clock times, except per-root-class counters, that are sum over
[41.744s][info][gc,stats    ] all workers. Dividing the <total> over the root stage time estimates parallelism.
[41.744s][info][gc,stats    ] 
[41.744s][info][gc,stats    ] Concurrent Reset                    244 us
[41.744s][info][gc,stats    ] Pause Init Mark (G)                 234 us
[41.744s][info][gc,stats    ] Pause Init Mark (N)                 121 us
[41.744s][info][gc,stats    ]   Update Region States               60 us
[41.744s][info][gc,stats    ] Concurrent Mark Roots               332 us, parallelism: 0.95x
[41.744s][info][gc,stats    ]   CMR: <total>                      315 us
[41.744s][info][gc,stats    ]   CMR: Thread Roots                 285 us, workers (us):  68, 180,  38, ---, ---, ---, 
[41.744s][info][gc,stats    ]   CMR: VM Strong Roots                3 us, workers (us):   2,   0,   0, ---, ---, ---, 
[41.744s][info][gc,stats    ]   CMR: CLDG Roots                    28 us, workers (us):  28, ---, ---, ---, ---, ---, 
[41.744s][info][gc,stats    ] Concurrent Marking                  753 us
[41.744s][info][gc,stats    ] Pause Final Mark (G)                390 us
[41.744s][info][gc,stats    ] Pause Final Mark (N)                287 us
[41.744s][info][gc,stats    ]   Finish Mark                       106 us
[41.744s][info][gc,stats    ]   Update Region States               90 us
[41.744s][info][gc,stats    ]   Choose Collection Set              42 us
[41.744s][info][gc,stats    ]   Rebuild Free Set                    8 us
[41.744s][info][gc,stats    ] Concurrent Weak References          164 us, parallelism: 0.03x
[41.744s][info][gc,stats    ]   CWRF: <total>                       4 us
[41.744s][info][gc,stats    ]   CWRF: Weak References               4 us, workers (us):   4,   0,   0, ---, ---, ---, 
[41.744s][info][gc,stats    ] Concurrent Weak Roots               272 us
[41.744s][info][gc,stats    ]   Roots                             143 us, parallelism: 0.70x
[41.744s][info][gc,stats    ]     CWR: <total>                    100 us
[41.744s][info][gc,stats    ]     CWR: Code Cache Roots            47 us, workers (us):  34,   0,  14, ---, ---, ---, 
[41.744s][info][gc,stats    ]     CWR: VM Weak Roots               52 us, workers (us):  21,  21,  10, ---, ---, ---, 
[41.744s][info][gc,stats    ]     CWR: CLDG Roots                   1 us, workers (us): ---,   1, ---, ---, ---, ---, 
[41.744s][info][gc,stats    ]   Rendezvous                         95 us
[41.744s][info][gc,stats    ] Concurrent Cleanup                   72 us
[41.744s][info][gc,stats    ] Concurrent Class Unloading          403 us
[41.744s][info][gc,stats    ]   Unlink Stale                      172 us
[41.744s][info][gc,stats    ]     System Dictionary                 1 us
[41.744s][info][gc,stats    ]     Weak Class Links                  0 us
[41.744s][info][gc,stats    ]     Code Roots                      170 us
[41.744s][info][gc,stats    ]   Rendezvous                        100 us
[41.744s][info][gc,stats    ]   Purge Unlinked                     96 us
[41.744s][info][gc,stats    ]     Code Roots                       92 us
[41.744s][info][gc,stats    ]     CLDG                              4 us
[41.744s][info][gc,stats    ]     Exception Caches                  0 us
[41.744s][info][gc,stats    ] Pause Final Roots (G)                90 us
[41.744s][info][gc,stats    ] Pause Final Roots (N)                27 us
[41.744s][info][gc,stats    ] Pacing                            77017 us
[41.744s][info][gc,stats    ] 
[41.744s][info][gc,stats    ] Allocation pacing accrued:
[41.744s][info][gc,stats    ]      77 of  3660 ms (  2.1%): main
[41.744s][info][gc,stats    ]      77 of  3660 ms (  2.1%): <total>
[41.744s][info][gc,stats    ]       6 of  3660 ms (  0.2%): <average total>
[41.744s][info][gc,stats    ]      77 of  3660 ms (  2.1%): <average non-zero>
[41.744s][info][gc,stats    ] 
[41.744s][info][gc,metaspace] Metaspace: 1066K(1280K)->1066K(1280K) NonClass: 985K(1088K)->985K(1088K) Class: 81K(192K)->81K(192K)
[41.744s][info][gc,ergo     ] Pacer for Idle. Initial: 10485K, Alloc Tax Rate: 1.0x
[42.110s][info][gc          ] Failed to allocate Shared, 100M
[42.110s][info][gc          ] Cancelling GC: Allocation Failure
[42.126s][info][gc          ] Trigger: Handle Allocation Failure
[42.126s][info][gc,ergo     ] Free: 290M, Max: 256K regular, 89600K humongous, Frag: 70% external, 0% internal; Reserve: 26368K, Max: 256K
[42.126s][info][gc,start    ] GC(21) Pause Degenerated GC (Outside of Cycle)
[42.126s][info][gc,task     ] GC(21) Using 6 of 6 workers for stw degenerated gc
[42.126s][info][gc,ref      ] GC(21) Clearing All SoftReferences
[42.127s][info][gc,ref      ] GC(21) Encountered references: Soft: 45, Weak: 116, Final: 0, Phantom: 7
[42.127s][info][gc,ref      ] GC(21) Discovered  references: Soft: 20, Weak: 95, Final: 0, Phantom: 3
[42.127s][info][gc,ref      ] GC(21) Enqueued    references: Soft: 0, Weak: 0, Final: 0, Phantom: 0
[42.127s][info][gc,ergo     ] GC(21) Collectable Garbage: 30976K (93%), Immediate: 30976K (93%), CSet: 0B (0%)
[42.127s][info][gc,ergo     ] GC(21) Good progress for free space: 321M, need 5242K
[42.127s][info][gc,ergo     ] GC(21) Good progress for used space: 30976K, need 256K
[42.127s][info][gc          ] GC(21) Pause Degenerated GC (Outside of Cycle) 193M->163M(512M) 1.355ms
[42.127s][info][gc,ergo     ] Free: 321M, Max: 256K regular, 89600K humongous, Frag: 73% external, 0% internal; Reserve: 26368K, Max: 256K
[42.127s][info][gc          ] Failed to allocate Shared, 100M
[42.127s][info][gc,stats    ] 
[42.127s][info][gc          ] Cancelling GC: Allocation Failure
[42.127s][info][gc,stats    ] All times are wall-clock times, except per-root-class counters, that are sum over
[42.128s][info][gc,stats    ] all workers. Dividing the <total> over the root stage time estimates parallelism.
[42.128s][info][gc,stats    ] 
[42.128s][info][gc,stats    ] Pause Degenerated GC (G)           1463 us
[42.128s][info][gc,stats    ] Pause Degenerated GC (N)           1366 us
[42.128s][info][gc,stats    ]   Degen STW Mark                    502 us, parallelism: 5.03x
[42.128s][info][gc,stats    ]     DSM: <total>                   2525 us
[42.128s][info][gc,stats    ]     DSM: Thread Roots                28 us, workers (us):  26,   1,   0,   1,   1,   1, 
[42.128s][info][gc,stats    ]     DSM: VM Strong Roots              3 us, workers (us):   0,   2,   2,   0,   0,   0, 
[42.128s][info][gc,stats    ]     DSM: CLDG Roots                  29 us, workers (us):  27,   0,   0,   0,   0,   1, 
[42.128s][info][gc,stats    ]     DSM: Parallel Mark             2465 us, workers (us): 404, 415, 415, 414, 414, 404, 
[42.128s][info][gc,stats    ]     System Purge                    341 us
[42.128s][info][gc,stats    ]       Weak References               119 us, parallelism: 0.04x
[42.128s][info][gc,stats    ]         WRP: <total>                  5 us
[42.128s][info][gc,stats    ]         WRP: Weak References          5 us, workers (us):   4,   0,   0,   0,   0,   0, 
[42.128s][info][gc,stats    ]       Unload Classes                118 us, parallelism: 2.47x
[42.128s][info][gc,stats    ]         DCU: <total>                293 us
[42.128s][info][gc,stats    ]         DCU: Unload Code Caches      293 us, workers (us):  47,  48,  63,  48,  42,  44, 
[42.128s][info][gc,stats    ]       Weak Roots                    102 us, parallelism: 0.49x
[42.128s][info][gc,stats    ]         DWR: <total>                 51 us
[42.128s][info][gc,stats    ]         DWR: VM Weak Roots           51 us, workers (us):  15,  13,  13,   8,   1,   1, 
[42.128s][info][gc,stats    ]       CLDG                            0 us
[42.128s][info][gc,stats    ]   Update Region States               97 us
[42.128s][info][gc,stats    ]   Manage GC/TLABs                     3 us
[42.128s][info][gc,stats    ]   Choose Collection Set              30 us
[42.128s][info][gc,stats    ]   Rebuild Free Set                    9 us
[42.128s][info][gc,stats    ]   Cleanup                             5 us
[42.128s][info][gc,stats    ] Pacing                            60189 us
[42.128s][info][gc,stats    ] 
[42.128s][info][gc,stats    ] Allocation pacing accrued:
[42.128s][info][gc,stats    ]      60 of   384 ms ( 15.7%): main
[42.128s][info][gc,stats    ]      60 of   384 ms ( 15.7%): <total>
[42.128s][info][gc,stats    ]       5 of   384 ms (  1.2%): <average total>
[42.128s][info][gc,stats    ]      60 of   384 ms ( 15.7%): <average non-zero>
[42.128s][info][gc,stats    ] 
[42.128s][info][gc,metaspace] Metaspace: 1066K(1280K)->1066K(1280K) NonClass: 985K(1088K)->985K(1088K) Class: 81K(192K)->81K(192K)
[42.128s][info][gc,ergo     ] Pacer for Idle. Initial: 10485K, Alloc Tax Rate: 1.0x
[42.142s][info][gc          ] Trigger: Handle Allocation Failure
[42.142s][info][gc,ergo     ] Free: 321M, Max: 256K regular, 89600K humongous, Frag: 73% external, 0% internal; Reserve: 26368K, Max: 256K
[42.142s][info][gc,start    ] GC(22) Pause Degenerated GC (Outside of Cycle)
[42.142s][info][gc,task     ] GC(22) Using 6 of 6 workers for stw degenerated gc
[42.142s][info][gc,ref      ] GC(22) Clearing All SoftReferences
[42.143s][info][gc,ref      ] GC(22) Encountered references: Soft: 45, Weak: 116, Final: 0, Phantom: 7
[42.143s][info][gc,ref      ] GC(22) Discovered  references: Soft: 20, Weak: 95, Final: 0, Phantom: 3
[42.143s][info][gc,ref      ] GC(22) Enqueued    references: Soft: 0, Weak: 0, Final: 0, Phantom: 0
[42.143s][info][gc,ergo     ] GC(22) Adaptive CSet Selection. Target Free: 74274K, Actual Free: 347M, Max CSet: 21845K, Min Garbage: 0B
[42.143s][info][gc,ergo     ] GC(22) Collectable Garbage: 2108K (95%), Immediate: 0B (0%), CSet: 2108K (95%)
[42.144s][info][gc,ergo     ] GC(22) Good progress for free space: 323M, need 5242K
[42.144s][info][gc,ergo     ] GC(22) Good progress for used space: 1784K, need 256K
[42.144s][info][gc          ] GC(22) Pause Degenerated GC (Outside of Cycle) 163M->161M(512M) 2.284ms
[42.144s][info][gc,ergo     ] Free: 323M, Max: 256K regular, 89600K humongous, Frag: 73% external, 0% internal; Reserve: 26368K, Max: 256K
[42.144s][info][gc,stats    ] 
[42.144s][info][gc          ] Failed to allocate Shared, 100M
[42.144s][info][gc,stats    ] All times are wall-clock times, except per-root-class counters, that are sum over
[42.144s][info][gc          ] Cancelling GC: Allocation Failure
[42.144s][info][gc,stats    ] all workers. Dividing the <total> over the root stage time estimates parallelism.
[42.144s][info][gc,stats    ] 
[42.144s][info][gc,stats    ] Pause Degenerated GC (G)           2357 us
[42.144s][info][gc,stats    ] Pause Degenerated GC (N)           2295 us
[42.144s][info][gc,stats    ]   Degen STW Mark                    519 us, parallelism: 4.95x
[42.144s][info][gc,stats    ]     DSM: <total>                   2566 us
[42.144s][info][gc,stats    ]     DSM: Thread Roots                34 us, workers (us):  31,   1,   1,   1,   1,   0, 
[42.144s][info][gc,stats    ]     DSM: VM Strong Roots              4 us, workers (us):   0,   1,   2,   1,   0,   0, 
[42.144s][info][gc,stats    ]     DSM: CLDG Roots                  30 us, workers (us):  28,   0,   0,   0,   0,   0, 
[42.144s][info][gc,stats    ]     DSM: Parallel Mark             2498 us, workers (us): 404, 420, 419, 421, 423, 411, 
[42.144s][info][gc,stats    ]     System Purge                    326 us
[42.144s][info][gc,stats    ]       Weak References               118 us, parallelism: 0.05x
[42.144s][info][gc,stats    ]         WRP: <total>                  6 us
[42.144s][info][gc,stats    ]         WRP: Weak References          6 us, workers (us):   3,   1,   1,   0,   0,   0, 
[42.144s][info][gc,stats    ]       Unload Classes                102 us, parallelism: 2.93x
[42.144s][info][gc,stats    ]         DCU: <total>                298 us
[42.144s][info][gc,stats    ]         DCU: Unload Code Caches      298 us, workers (us):  63,  73,  53,  66,  20,  24, 
[42.144s][info][gc,stats    ]       Weak Roots                    104 us, parallelism: 0.39x
[42.144s][info][gc,stats    ]         DWR: <total>                 41 us
[42.145s][info][gc,stats    ]         DWR: VM Weak Roots           41 us, workers (us):  20,  18,   1,   0,   1,   1, 
[42.145s][info][gc,stats    ]       CLDG                            0 us
[42.145s][info][gc,stats    ]   Update Region States               98 us
[42.145s][info][gc,stats    ]   Manage GC/TLABs                     1 us
[42.145s][info][gc,stats    ]   Choose Collection Set              39 us
[42.145s][info][gc,stats    ]   Rebuild Free Set                    9 us
[42.145s][info][gc,stats    ]   Evacuation                        321 us
[42.145s][info][gc,stats    ]   Manage GCLABs                       2 us
[42.145s][info][gc,stats    ]   Update References                 351 us
[42.145s][info][gc,stats    ]   Update Region States               58 us
[42.145s][info][gc,stats    ]   Trash Collection Set                1 us
[42.145s][info][gc,stats    ]   Rebuild Free Set                    8 us
[42.145s][info][gc,stats    ]   Degen Update Roots                186 us, parallelism: 1.53x
[42.145s][info][gc,stats    ]     DU: <total>                     285 us
[42.145s][info][gc,stats    ]     DU: Thread Roots                 29 us, workers (us):   0,   6,   0,   5,   5,  12, 
[42.145s][info][gc,stats    ]     DU: Code Cache Roots            175 us, workers (us): 123,   0,  52,   0,   0,   0, 
[42.145s][info][gc,stats    ]     DU: VM Strong Roots               2 us, workers (us):   1,   0,   0,   0,   0,   0, 
[42.145s][info][gc,stats    ]     DU: VM Weak Roots                66 us, workers (us):  34,  31,   0,   0,   0,   0, 
[42.145s][info][gc,stats    ]     DU: CLDG Roots                   12 us, workers (us):   1,  10,   0,   0,   0,   0, 
[42.145s][info][gc,stats    ]   Cleanup                             6 us
[42.145s][info][gc,stats    ] 
[42.145s][info][gc,stats    ] Allocation pacing accrued:
[42.145s][info][gc,stats    ]       0 of    17 ms (  0.0%): <total>
[42.145s][info][gc,stats    ]       0 of    17 ms (  0.0%): <average total>
[42.145s][info][gc,stats    ] 
[42.145s][info][gc,metaspace] Metaspace: 1066K(1280K)->1066K(1280K) NonClass: 985K(1088K)->985K(1088K) Class: 81K(192K)->81K(192K)
[42.145s][info][gc,ergo     ] Pacer for Idle. Initial: 10485K, Alloc Tax Rate: 1.0x
[42.157s][info][gc          ] Trigger: Handle Allocation Failure
[42.157s][info][gc,ergo     ] Free: 323M, Max: 256K regular, 89600K humongous, Frag: 73% external, 0% internal; Reserve: 26368K, Max: 256K
[42.157s][info][gc,start    ] GC(23) Pause Degenerated GC (Outside of Cycle)
[42.157s][info][gc,task     ] GC(23) Using 6 of 6 workers for stw degenerated gc
[42.157s][info][gc,ref      ] GC(23) Clearing All SoftReferences
[42.158s][info][gc,ref      ] GC(23) Encountered references: Soft: 45, Weak: 116, Final: 0, Phantom: 7
[42.158s][info][gc,ref      ] GC(23) Discovered  references: Soft: 20, Weak: 95, Final: 0, Phantom: 5
[42.158s][info][gc,ref      ] GC(23) Enqueued    references: Soft: 0, Weak: 0, Final: 0, Phantom: 0
[42.158s][info][gc,ergo     ] GC(23) Adaptive CSet Selection. Target Free: 74274K, Actual Free: 349M, Max CSet: 21845K, Min Garbage: 0B
[42.158s][info][gc,ergo     ] GC(23) Collectable Garbage: 304K (71%), Immediate: 0B (0%), CSet: 304K (71%)
[42.159s][info][gc,ergo     ] GC(23) Good progress for free space: 323M, need 5242K
[42.159s][info][gc,ergo     ] GC(23) Good progress for used space: 258K, need 256K
[42.159s][info][gc          ] GC(23) Pause Degenerated GC (Outside of Cycle) 161M->161M(512M) 1.701ms
[42.159s][info][gc,ergo     ] Free: 323M, Max: 256K regular, 89600K humongous, Frag: 73% external, 0% internal; Reserve: 26368K, Max: 256K
[42.159s][info][gc,stats    ] 
[42.159s][info][gc,stats    ] All times are wall-clock times, except per-root-class counters, that are sum over
[42.159s][info][gc          ] Failed to allocate Shared, 100M
[42.159s][info][gc,stats    ] all workers. Dividing the <total> over the root stage time estimates parallelism.
[42.159s][info][gc          ] Cancelling GC: Allocation Failure
[42.159s][info][gc,stats    ] 
[42.159s][info][gc,stats    ] Pause Degenerated GC (G)           1748 us
[42.159s][info][gc,stats    ] Pause Degenerated GC (N)           1711 us
[42.159s][info][gc,stats    ]   Degen STW Mark                    462 us, parallelism: 5.38x
[42.159s][info][gc,stats    ]     DSM: <total>                   2483 us
[42.159s][info][gc,stats    ]     DSM: Thread Roots                64 us, workers (us):  11,   9,   9,  14,  19,   2, 
[42.159s][info][gc,stats    ]     DSM: VM Strong Roots             10 us, workers (us):   0,   6,   4,   0,   0,   0, 
[42.159s][info][gc,stats    ]     DSM: CLDG Roots                  46 us, workers (us):   0,   0,   0,   0,   0,  45, 
[42.159s][info][gc,stats    ]     DSM: Parallel Mark             2362 us, workers (us): 403, 399, 402, 399, 394, 365, 
[42.159s][info][gc,stats    ]     System Purge                    178 us
[42.159s][info][gc,stats    ]       Weak References                57 us, parallelism: 0.11x
[42.159s][info][gc,stats    ]         WRP: <total>                  6 us
[42.159s][info][gc,stats    ]         WRP: Weak References          6 us, workers (us):   3,   1,   1,   0,   0,   0, 
[42.159s][info][gc,stats    ]       Unload Classes                 87 us, parallelism: 3.49x
[42.159s][info][gc,stats    ]         DCU: <total>                306 us
[42.159s][info][gc,stats    ]         DCU: Unload Code Caches      306 us, workers (us):  49,  66,  46,  49,  46,  50, 
[42.159s][info][gc,stats    ]       Weak Roots                     32 us, parallelism: 1.71x
[42.159s][info][gc,stats    ]         DWR: <total>                 55 us
[42.159s][info][gc,stats    ]         DWR: VM Weak Roots           55 us, workers (us):  10,  10,   9,   9,   9,   9, 
[42.159s][info][gc,stats    ]       CLDG                            0 us
[42.159s][info][gc,stats    ]   Update Region States               24 us
[42.159s][info][gc,stats    ]   Manage GC/TLABs                     1 us
[42.159s][info][gc,stats    ]   Choose Collection Set              40 us
[42.159s][info][gc,stats    ]   Rebuild Free Set                    9 us
[42.159s][info][gc,stats    ]   Evacuation                        125 us
[42.159s][info][gc,stats    ]   Manage GCLABs                       2 us
[42.159s][info][gc,stats    ]   Update References                 321 us
[42.159s][info][gc,stats    ]   Update Region States               55 us
[42.159s][info][gc,stats    ]   Trash Collection Set                2 us
[42.159s][info][gc,stats    ]   Rebuild Free Set                    8 us
[42.159s][info][gc,stats    ]   Degen Update Roots                177 us, parallelism: 1.73x
[42.159s][info][gc,stats    ]     DU: <total>                     306 us
[42.159s][info][gc,stats    ]     DU: Thread Roots                 20 us, workers (us):   1,   1,   0,   7,  11,   0, 
[42.159s][info][gc,stats    ]     DU: Code Cache Roots            200 us, workers (us):   0,  62, 137,   0,   0,   0, 
[42.159s][info][gc,stats    ]     DU: VM Strong Roots               2 us, workers (us):   1,   0,   0,   0,   0,   0, 
[42.159s][info][gc,stats    ]     DU: VM Weak Roots                76 us, workers (us):  16,  15,  15,  15,  15,   0, 
[42.159s][info][gc,stats    ]     DU: CLDG Roots                    9 us, workers (us):   6,   1,   1,   0,   0,   0, 
[42.159s][info][gc,stats    ]   Cleanup                             6 us
[42.159s][info][gc,stats    ] 
[42.159s][info][gc,stats    ] Allocation pacing accrued:
[42.159s][info][gc,stats    ]       0 of    15 ms (  0.0%): <total>
[42.159s][info][gc,stats    ]       0 of    15 ms (  0.0%): <average total>
[42.159s][info][gc,stats    ] 
[42.159s][info][gc,metaspace] Metaspace: 1066K(1280K)->1066K(1280K) NonClass: 985K(1088K)->985K(1088K) Class: 81K(192K)->81K(192K)
[42.159s][info][gc,ergo     ] Pacer for Idle. Initial: 10485K, Alloc Tax Rate: 1.0x
[42.173s][info][gc          ] Trigger: Handle Allocation Failure
[42.173s][info][gc,ergo     ] Free: 323M, Max: 256K regular, 89600K humongous, Frag: 73% external, 0% internal; Reserve: 26368K, Max: 256K
[42.173s][info][gc,start    ] GC(24) Pause Degenerated GC (Outside of Cycle)
[42.173s][info][gc,task     ] GC(24) Using 6 of 6 workers for stw degenerated gc
[42.173s][info][gc,ref      ] GC(24) Clearing All SoftReferences
[42.173s][info][gc,ref      ] GC(24) Encountered references: Soft: 45, Weak: 116, Final: 0, Phantom: 7
[42.173s][info][gc,ref      ] GC(24) Discovered  references: Soft: 20, Weak: 95, Final: 0, Phantom: 3
[42.173s][info][gc,ref      ] GC(24) Enqueued    references: Soft: 0, Weak: 0, Final: 0, Phantom: 0
[42.174s][info][gc,ergo     ] GC(24) Adaptive CSet Selection. Target Free: 74274K, Actual Free: 349M, Max CSet: 21845K, Min Garbage: 0B
[42.174s][info][gc,ergo     ] GC(24) Collectable Garbage: 0B (0%), Immediate: 0B (0%), CSet: 0B (0%)
[42.174s][info][gc,ergo     ] GC(24) Good progress for free space: 323M, need 5242K
[42.174s][info][gc,ergo     ] GC(24) Bad progress for used space: 0B, need 256K
[42.174s][info][gc,ergo     ] GC(24) Bad progress for internal fragmentation: 0.0%, need 1.0%
[42.174s][info][gc,ergo     ] GC(24) Bad progress for external fragmentation: 0.0%, need 1.0%
[42.174s][info][gc          ] GC(24) Cancelling GC: Upgrade To Full GC
[42.174s][info][gc,phases,start] GC(24) Phase 1: Mark live objects
[42.174s][info][gc,ref         ] GC(24) Clearing All SoftReferences
[42.174s][info][gc,ref         ] GC(24) Clearing All SoftReferences
[42.175s][info][gc,ref         ] GC(24) Encountered references: Soft: 45, Weak: 116, Final: 0, Phantom: 7
[42.175s][info][gc,ref         ] GC(24) Discovered  references: Soft: 19, Weak: 95, Final: 0, Phantom: 5
[42.175s][info][gc,ref         ] GC(24) Enqueued    references: Soft: 0, Weak: 0, Final: 0, Phantom: 0
[42.175s][info][gc,phases      ] GC(24) Phase 1: Mark live objects 0.841ms
[42.175s][info][gc,phases,start] GC(24) Phase 2: Compute new object addresses
[42.175s][info][gc,phases      ] GC(24) Phase 2: Compute new object addresses 0.281ms
[42.175s][info][gc,phases,start] GC(24) Phase 3: Adjust pointers
[42.175s][info][gc,phases      ] GC(24) Phase 3: Adjust pointers 0.376ms
[42.176s][info][gc,phases,start] GC(24) Phase 4: Move objects
[42.202s][info][gc,phases      ] GC(24) Phase 4: Move objects 26.599ms
[42.202s][info][gc,ergo        ] GC(24) Good progress for free space: 323M, need 5242K
[42.202s][info][gc,ergo        ] GC(24) Bad progress for used space: 171K, need 256K
[42.202s][info][gc,ergo        ] GC(24) Bad progress for internal fragmentation: -8.5%, need 1.0%
[42.202s][info][gc,ergo        ] GC(24) Good progress for external fragmentation: 72.6%, need 1.0%
[42.202s][info][gc             ] GC(24) Pause Degenerated GC (Outside of Cycle) 161M->161M(512M) 29.548ms
[42.202s][info][gc,ergo        ] Free: 323M, Max: 256K regular, 322M humongous, Frag: 1% external, 0% internal; Reserve: 26368K, Max: 256K
[42.202s][info][gc,stats       ] 
[42.202s][info][gc,stats       ] All times are wall-clock times, except per-root-class counters, that are sum over
[42.202s][info][gc,stats       ] all workers. Dividing the <total> over the root stage time estimates parallelism.
[42.202s][info][gc,stats       ] 
[42.202s][info][gc,stats       ] Pause Degenerated GC (G)          29615 us
[42.202s][info][gc,stats       ] Pause Degenerated GC (N)          29561 us
[42.202s][info][gc,stats       ]   Degen STW Mark                    452 us, parallelism: 5.27x
[42.202s][info][gc,stats       ]     DSM: <total>                   2383 us
[42.202s][info][gc,stats       ]     DSM: Thread Roots                50 us, workers (us):  10,   7,  17,   8,   7,   0, 
[42.202s][info][gc,stats       ]     DSM: VM Strong Roots              4 us, workers (us):   1,   0,   0,   2,   1,   0, 
[42.202s][info][gc,stats       ]     DSM: CLDG Roots                  32 us, workers (us):   0,  30,   0,   0,   0,   0, 
[42.202s][info][gc,stats       ]     DSM: Parallel Mark             2297 us, workers (us): 392, 365, 385, 393, 393, 369, 
[42.202s][info][gc,stats       ]     System Purge                    209 us
[42.202s][info][gc,stats       ]       Weak References                57 us, parallelism: 0.09x
[42.202s][info][gc,stats       ]         WRP: <total>                  5 us
[42.202s][info][gc,stats       ]         WRP: Weak References          5 us, workers (us):   2,   2,   1,   0,   0,   0, 
[42.202s][info][gc,stats       ]       Unload Classes                 85 us, parallelism: 3.44x
[42.202s][info][gc,stats       ]         DCU: <total>                292 us
[42.202s][info][gc,stats       ]         DCU: Unload Code Caches      292 us, workers (us):  51,  43,  48,  61,  44,  46, 
[42.202s][info][gc,stats       ]       Weak Roots                     66 us, parallelism: 0.64x
[42.203s][info][gc,stats       ]         DWR: <total>                 42 us
[42.203s][info][gc,stats       ]         DWR: VM Weak Roots           42 us, workers (us):  16,  13,  11,   1,   1,   1, 
[42.203s][info][gc,stats       ]       CLDG                            0 us
[42.203s][info][gc,stats       ]   Update Region States               80 us
[42.203s][info][gc,stats       ]   Manage GC/TLABs                     1 us
[42.203s][info][gc,stats       ]   Choose Collection Set              40 us
[42.203s][info][gc,stats       ]   Rebuild Free Set                    9 us
[42.203s][info][gc,stats       ]   Cleanup                             6 us
[42.203s][info][gc,stats       ]   Pre Heap Dump                       0 us
[42.203s][info][gc,stats       ]   Prepare                           120 us
[42.203s][info][gc,stats       ]   Mark                              819 us, parallelism: 2.77x
[42.203s][info][gc,stats       ]     FM: <total>                    2270 us
[42.203s][info][gc,stats       ]     FM: Thread Roots                 27 us, workers (us):  11,   4,   5,   6,   0,   0, 
[42.203s][info][gc,stats       ]     FM: VM Strong Roots               2 us, workers (us):   0,   0,   2,   0,   0,   0, 
[42.203s][info][gc,stats       ]     FM: CLDG Roots                   29 us, workers (us):   0,  27,   0,   0,   0,   0, 
[42.203s][info][gc,stats       ]     FM: Parallel Mark              2212 us, workers (us): 389, 355, 378, 385, 350, 354, 
[42.203s][info][gc,stats       ]     System Purge                    332 us
[42.203s][info][gc,stats       ]       Weak References               121 us, parallelism: 0.04x
[42.203s][info][gc,stats       ]         WRP: <total>                  5 us
[42.203s][info][gc,stats       ]         WRP: Weak References          5 us, workers (us):   3,   1,   1,   0,   0,   0, 
[42.203s][info][gc,stats       ]       Unload Classes                117 us, parallelism: 1.68x
[42.203s][info][gc,stats       ]         CU: <total>                 197 us
[42.203s][info][gc,stats       ]         CU: Unload Code Caches      197 us, workers (us):  42,  39,  41,  41,  12,  22, 
[42.203s][info][gc,stats       ]       Weak Roots                     92 us, parallelism: 0.43x
[42.203s][info][gc,stats       ]         WR: <total>                  39 us
[42.203s][info][gc,stats       ]         WR: VM Weak Roots            39 us, workers (us):  11,  10,  10,   6,   1,   1, 
[42.203s][info][gc,stats       ]       CLDG                            0 us
[42.203s][info][gc,stats       ]   Calculate Addresses               272 us
[42.203s][info][gc,stats       ]     Regular Objects                 246 us
[42.203s][info][gc,stats       ]     Humongous Objects                 7 us
[42.203s][info][gc,stats       ]   Adjust Pointers                   367 us
[42.203s][info][gc,stats       ]     FA: <total>                     256 us
[42.203s][info][gc,stats       ]     FA: Thread Roots                 20 us, workers (us):   6,   4,   0,   9,   0,   0, 
[42.203s][info][gc,stats       ]     FA: Code Cache Roots            154 us, workers (us):   0,   0, 109,   0,   0,  44, 
[42.203s][info][gc,stats       ]     FA: VM Strong Roots               4 us, workers (us):   1,   1,   1,   0,   0,   0, 
[42.203s][info][gc,stats       ]     FA: VM Weak Roots                68 us, workers (us):  12,  13,  11,  12,  11,   8, 
[42.203s][info][gc,stats       ]     FA: CLDG Roots                   10 us, workers (us):   0,   0,   1,   0,   8,   0, 
[42.203s][info][gc,stats       ]   Copy Objects                    26591 us
[42.203s][info][gc,stats       ]     Regular Objects                 287 us
[42.203s][info][gc,stats       ]     Humongous Objects             26145 us
[42.203s][info][gc,stats       ]     Reset Complete Bitmap           121 us
[42.203s][info][gc,stats       ]     Rebuild Region Sets              37 us
[42.203s][info][gc,stats       ]   Post Heap Dump                      1 us
[42.203s][info][gc,stats       ] 
[42.203s][info][gc,stats       ] Allocation pacing accrued:
[42.203s][info][gc,stats       ]       0 of    43 ms (  0.0%): <total>
[42.203s][info][gc,stats       ]       0 of    43 ms (  0.0%): <average total>
[42.203s][info][gc,stats       ] 
[42.203s][info][gc,metaspace   ] Metaspace: 1066K(1280K)->1066K(1280K) NonClass: 985K(1088K)->985K(1088K) Class: 81K(192K)->81K(192K)
[42.203s][info][gc,ergo        ] Pacer for Idle. Initial: 10485K, Alloc Tax Rate: 1.0x
[42.219s][info][gc             ] Trigger: Average GC time (3.59 ms) is above the time for average allocation rate (297 MB/s) to deplete free headroom (0B) (margin of error = 2.40)
[42.219s][info][gc,ergo        ] Free headroom: 223M (free) - 26214K (spike) - 240M (penalties) = 0B
[42.219s][info][gc,ergo        ] Free: 223M, Max: 256K regular, 222M humongous, Frag: 1% external, 0% internal; Reserve: 26368K, Max: 256K
[42.219s][info][gc,start       ] GC(25) Concurrent reset
[42.219s][info][gc,task        ] GC(25) Using 3 of 6 workers for concurrent reset
[42.219s][info][gc,ergo        ] GC(25) Pacer for Reset. Non-Taxable: 512M
[42.219s][info][gc             ] GC(25) Concurrent reset 0.116ms
[42.219s][info][gc,start       ] GC(25) Pause Init Mark (unload classes)
[42.219s][info][gc,task        ] GC(25) Using 6 of 6 workers for init marking
[42.219s][info][gc,ergo        ] GC(25) Pacer for Mark. Expected Live: 241M, Free: 223M, Non-Taxable: 22876K, Alloc Tax Rate: 1.3x
[42.219s][info][gc             ] GC(25) Pause Init Mark (unload classes) 0.075ms
[42.219s][info][gc,start       ] GC(25) Concurrent marking roots
[42.219s][info][gc,task        ] GC(25) Using 3 of 6 workers for concurrent marking roots
[42.220s][info][gc             ] GC(25) Concurrent marking roots 0.243ms
[42.220s][info][gc,start       ] GC(25) Concurrent marking (unload classes)
[42.220s][info][gc,task        ] GC(25) Using 3 of 6 workers for concurrent marking
[42.220s][info][gc             ] GC(25) Concurrent marking (unload classes) 0.640ms
[42.220s][info][gc,start       ] GC(25) Pause Final Mark (unload classes)
[42.220s][info][gc,task        ] GC(25) Using 6 of 6 workers for final marking
[42.220s][info][gc,ergo        ] GC(25) Collectable Garbage: 51200K (99%), Immediate: 51200K (99%), CSet: 0B (0%)
[42.220s][info][gc             ] GC(25) Pause Final Mark (unload classes) 0.116ms
[42.220s][info][gc,start       ] GC(25) Concurrent weak references
[42.220s][info][gc,task        ] GC(25) Using 3 of 6 workers for concurrent weak references
[42.220s][info][gc,ref         ] GC(25) Encountered references: Soft: 45, Weak: 116, Final: 0, Phantom: 7
[42.220s][info][gc,ref         ] GC(25) Discovered  references: Soft: 0, Weak: 84, Final: 0, Phantom: 5
[42.221s][info][gc,ref         ] GC(25) Enqueued    references: Soft: 0, Weak: 0, Final: 0, Phantom: 0
[42.221s][info][gc             ] GC(25) Concurrent weak references 0.064ms
[42.221s][info][gc,start       ] GC(25) Concurrent weak roots
[42.221s][info][gc,task        ] GC(25) Using 3 of 6 workers for concurrent weak root
[42.221s][info][gc             ] GC(25) Concurrent weak roots 0.109ms
[42.221s][info][gc,start       ] GC(25) Concurrent cleanup
[42.221s][info][gc             ] GC(25) Concurrent cleanup 261M->211M(512M) 0.022ms
[42.221s][info][gc,ergo        ] GC(25) Free: 273M, Max: 256K regular, 248M humongous, Frag: 10% external, 0% internal; Reserve: 26368K, Max: 256K
[42.221s][info][gc,start       ] GC(25) Concurrent class unloading
[42.221s][info][gc,task        ] GC(25) Using 3 of 6 workers for concurrent class unloading
[42.221s][info][gc             ] GC(25) Concurrent class unloading 0.201ms
[42.221s][info][gc,start       ] GC(25) Pause Final Roots
[42.221s][info][gc             ] GC(25) Pause Final Roots 0.015ms
[42.221s][info][gc,ergo        ] Free: 273M, Max: 256K regular, 248M humongous, Frag: 10% external, 0% internal; Reserve: 26368K, Max: 256K
[42.221s][info][gc,stats       ] 
[42.221s][info][gc,stats       ] All times are wall-clock times, except per-root-class counters, that are sum over
[42.221s][info][gc,stats       ] all workers. Dividing the <total> over the root stage time estimates parallelism.
[42.221s][info][gc,stats       ] 
[42.221s][info][gc,stats       ] Concurrent Reset                    136 us
[42.221s][info][gc,stats       ] Pause Init Mark (G)                 117 us
[42.221s][info][gc,stats       ] Pause Init Mark (N)                  84 us
[42.221s][info][gc,stats       ]   Update Region States               25 us
[42.221s][info][gc,stats       ] Concurrent Mark Roots               258 us, parallelism: 1.26x
[42.221s][info][gc,stats       ]   CMR: <total>                      324 us
[42.221s][info][gc,stats       ]   CMR: Thread Roots                 288 us, workers (us):  66,  34, 189, ---, ---, ---, 
[42.221s][info][gc,stats       ]   CMR: VM Strong Roots                6 us, workers (us):   3,   1,   2, ---, ---, ---, 
[42.221s][info][gc,stats       ]   CMR: CLDG Roots                    30 us, workers (us): ---,  30, ---, ---, ---, ---, 
[42.221s][info][gc,stats       ] Concurrent Marking                  653 us
[42.221s][info][gc,stats       ] Pause Final Mark (G)                150 us
[42.221s][info][gc,stats       ] Pause Final Mark (N)                125 us
[42.221s][info][gc,stats       ]   Finish Mark                        28 us
[42.221s][info][gc,stats       ]   Update Region States               22 us
[42.221s][info][gc,stats       ]   Choose Collection Set              27 us
[42.221s][info][gc,stats       ]   Rebuild Free Set                    8 us
[42.221s][info][gc,stats       ] Concurrent Weak References           72 us, parallelism: 0.05x
[42.221s][info][gc,stats       ]   CWRF: <total>                       4 us
[42.221s][info][gc,stats       ]   CWRF: Weak References               4 us, workers (us):   1,   3,   0, ---, ---, ---, 
[42.221s][info][gc,stats       ] Concurrent Weak Roots               122 us
[42.221s][info][gc,stats       ]   Roots                              68 us, parallelism: 1.29x
[42.221s][info][gc,stats       ]     CWR: <total>                     88 us
[42.221s][info][gc,stats       ]     CWR: Code Cache Roots            46 us, workers (us):   0,  13,  33, ---, ---, ---, 
[42.221s][info][gc,stats       ]     CWR: VM Weak Roots               41 us, workers (us):  14,  14,  12, ---, ---, ---, 
[42.221s][info][gc,stats       ]     CWR: CLDG Roots                   1 us, workers (us):   1, ---, ---, ---, ---, ---, 
[42.221s][info][gc,stats       ]   Rendezvous                         25 us
[42.221s][info][gc,stats       ] Concurrent Cleanup                   31 us
[42.221s][info][gc,stats       ] Concurrent Class Unloading          211 us
[42.221s][info][gc,stats       ]   Unlink Stale                      141 us
[42.221s][info][gc,stats       ]     System Dictionary                 1 us
[42.221s][info][gc,stats       ]     Weak Class Links                  0 us
[42.221s][info][gc,stats       ]     Code Roots                      139 us
[42.221s][info][gc,stats       ]   Rendezvous                         23 us
[42.221s][info][gc,stats       ]   Purge Unlinked                     21 us
[42.221s][info][gc,stats       ]     Code Roots                       18 us
[42.221s][info][gc,stats       ]     CLDG                              3 us
[42.221s][info][gc,stats       ]     Exception Caches                  0 us
[42.221s][info][gc,stats       ] Pause Final Roots (G)                44 us
[42.221s][info][gc,stats       ] Pause Final Roots (N)                23 us
[42.221s][info][gc,stats       ] 
[42.221s][info][gc,stats       ] Allocation pacing accrued:
[42.221s][info][gc,stats       ]       0 of    18 ms (  0.0%): <total>
[42.221s][info][gc,stats       ]       0 of    18 ms (  0.0%): <average total>
[42.221s][info][gc,stats       ] 
[42.221s][info][gc,metaspace   ] Metaspace: 1066K(1280K)->1066K(1280K) NonClass: 985K(1088K)->985K(1088K) Class: 81K(192K)->81K(192K)
[42.221s][info][gc,ergo        ] Pacer for Idle. Initial: 10485K, Alloc Tax Rate: 1.0x
[42.652s][info][gc             ] Trigger: Average GC time (3.48 ms) is above the time for average allocation rate (60226 KB/s) to deplete free headroom (0B) (margin of error = 2.42)
[42.652s][info][gc,ergo        ] Free headroom: 260M (free) - 26214K (spike) - 235M (penalties) = 0B
[42.652s][info][gc,ergo        ] Free: 260M, Max: 256K regular, 235M humongous, Frag: 10% external, 0% internal; Reserve: 26368K, Max: 256K
[42.652s][info][gc,start       ] GC(26) Concurrent reset
[42.652s][info][gc,task        ] GC(26) Using 3 of 6 workers for concurrent reset
[42.652s][info][gc,ergo        ] GC(26) Pacer for Reset. Non-Taxable: 512M
[42.653s][info][gc             ] GC(26) Concurrent reset 0.512ms
[42.653s][info][gc,start       ] GC(26) Pause Init Mark (unload classes)
[42.653s][info][gc,task        ] GC(26) Using 6 of 6 workers for init marking
[42.653s][info][gc,ergo        ] GC(26) Pacer for Mark. Expected Live: 250M, Free: 260M, Non-Taxable: 26685K, Alloc Tax Rate: 1.2x
[42.653s][info][gc             ] GC(26) Pause Init Mark (unload classes) 0.089ms
[42.653s][info][gc,start       ] GC(26) Concurrent marking roots
[42.653s][info][gc,task        ] GC(26) Using 3 of 6 workers for concurrent marking roots
[42.653s][info][gc             ] GC(26) Concurrent marking roots 0.304ms
[42.653s][info][gc,start       ] GC(26) Concurrent marking (unload classes)
[42.653s][info][gc,task        ] GC(26) Using 3 of 6 workers for concurrent marking
[42.654s][info][gc             ] GC(26) Concurrent marking (unload classes) 0.682ms
[42.654s][info][gc,start       ] GC(26) Pause Final Mark (unload classes)
[42.654s][info][gc,task        ] GC(26) Using 6 of 6 workers for final marking
[42.654s][info][gc,ergo        ] GC(26) Collectable Garbage: 106M (99%), Immediate: 106M (99%), CSet: 0B (0%)
[42.654s][info][gc             ] GC(26) Pause Final Mark (unload classes) 0.173ms
[42.654s][info][gc,start       ] GC(26) Concurrent weak references
[42.654s][info][gc,task        ] GC(26) Using 3 of 6 workers for concurrent weak references
[42.654s][info][gc,ref         ] GC(26) Encountered references: Soft: 45, Weak: 116, Final: 0, Phantom: 7
[42.654s][info][gc,ref         ] GC(26) Discovered  references: Soft: 0, Weak: 80, Final: 0, Phantom: 5
[42.654s][info][gc,ref         ] GC(26) Enqueued    references: Soft: 0, Weak: 0, Final: 0, Phantom: 0
[42.654s][info][gc             ] GC(26) Concurrent weak references 0.075ms
[42.654s][info][gc,start       ] GC(26) Concurrent weak roots
[42.654s][info][gc,task        ] GC(26) Using 3 of 6 workers for concurrent weak root
[42.654s][info][gc             ] GC(26) Concurrent weak roots 0.146ms
[42.654s][info][gc,start       ] GC(26) Concurrent cleanup
[42.654s][info][gc             ] GC(26) Concurrent cleanup 223M->117M(512M) 0.034ms
[42.654s][info][gc,ergo        ] GC(26) Free: 367M, Max: 256K regular, 235M humongous, Frag: 37% external, 0% internal; Reserve: 26368K, Max: 256K
[42.654s][info][gc,start       ] GC(26) Concurrent class unloading
[42.654s][info][gc,task        ] GC(26) Using 3 of 6 workers for concurrent class unloading
[42.655s][info][gc             ] GC(26) Concurrent class unloading 0.361ms
[42.655s][info][gc,start       ] GC(26) Pause Final Roots
[42.655s][info][gc             ] GC(26) Pause Final Roots 0.016ms
[42.655s][info][gc,ergo        ] Free: 367M, Max: 256K regular, 235M humongous, Frag: 37% external, 0% internal; Reserve: 26368K, Max: 256K
[42.655s][info][gc,stats       ] 
[42.655s][info][gc,stats       ] All times are wall-clock times, except per-root-class counters, that are sum over
[42.655s][info][gc,stats       ] all workers. Dividing the <total> over the root stage time estimates parallelism.
[42.655s][info][gc,stats       ] 
[42.655s][info][gc,stats       ] Concurrent Reset                    540 us
[42.655s][info][gc,stats       ] Pause Init Mark (G)                 140 us
[42.655s][info][gc,stats       ] Pause Init Mark (N)                 103 us
[42.655s][info][gc,stats       ]   Update Region States               27 us
[42.655s][info][gc,stats       ] Concurrent Mark Roots               320 us, parallelism: 1.44x
[42.655s][info][gc,stats       ]   CMR: <total>                      460 us
[42.655s][info][gc,stats       ]   CMR: Thread Roots                 416 us, workers (us): 242,  65, 109, ---, ---, ---, 
[42.655s][info][gc,stats       ]   CMR: VM Strong Roots                6 us, workers (us):   3,   3,   0, ---, ---, ---, 
[42.655s][info][gc,stats       ]   CMR: CLDG Roots                    39 us, workers (us): ---,  39, ---, ---, ---, ---, 
[42.655s][info][gc,stats       ] Concurrent Marking                  700 us
[42.655s][info][gc,stats       ] Pause Final Mark (G)                206 us
[42.655s][info][gc,stats       ] Pause Final Mark (N)                184 us
[42.655s][info][gc,stats       ]   Finish Mark                        74 us
[42.655s][info][gc,stats       ]   Update Region States               28 us
[42.655s][info][gc,stats       ]   Choose Collection Set              34 us
[42.655s][info][gc,stats       ]   Rebuild Free Set                   10 us
[42.655s][info][gc,stats       ] Concurrent Weak References           83 us, parallelism: 0.05x
[42.655s][info][gc,stats       ]   CWRF: <total>                       4 us
[42.655s][info][gc,stats       ]   CWRF: Weak References               4 us, workers (us):   1,   3,   0, ---, ---, ---, 
[42.655s][info][gc,stats       ] Concurrent Weak Roots               164 us
[42.655s][info][gc,stats       ]   Roots                              72 us, parallelism: 1.28x
[42.655s][info][gc,stats       ]     CWR: <total>                     93 us
[42.655s][info][gc,stats       ]     CWR: Code Cache Roots            49 us, workers (us):  35,   0,  14, ---, ---, ---, 
[42.655s][info][gc,stats       ]     CWR: VM Weak Roots               42 us, workers (us):  15,  14,  13, ---, ---, ---, 
[42.655s][info][gc,stats       ]     CWR: CLDG Roots                   1 us, workers (us): ---,   1, ---, ---, ---, ---, 
[42.655s][info][gc,stats       ]   Rendezvous                         58 us
[42.655s][info][gc,stats       ] Concurrent Cleanup                   44 us
[42.655s][info][gc,stats       ] Concurrent Class Unloading          379 us
[42.655s][info][gc,stats       ]   Unlink Stale                      217 us
[42.655s][info][gc,stats       ]     System Dictionary                 1 us
[42.655s][info][gc,stats       ]     Weak Class Links                  0 us
[42.655s][info][gc,stats       ]     Code Roots                      215 us
[42.655s][info][gc,stats       ]   Rendezvous                         63 us
[42.655s][info][gc,stats       ]   Purge Unlinked                     64 us
[42.655s][info][gc,stats       ]     Code Roots                       59 us
[42.655s][info][gc,stats       ]     CLDG                              4 us
[42.655s][info][gc,stats       ]     Exception Caches                  0 us
[42.655s][info][gc,stats       ] Pause Final Roots (G)                76 us
[42.655s][info][gc,stats       ] Pause Final Roots (N)                24 us
[42.655s][info][gc,stats       ] 
[42.655s][info][gc,stats       ] Allocation pacing accrued:
[42.655s][info][gc,stats       ]       0 of   434 ms (  0.0%): <total>
[42.655s][info][gc,stats       ]       0 of   434 ms (  0.0%): <average total>
[42.655s][info][gc,stats       ] 
[42.655s][info][gc,metaspace   ] Metaspace: 1066K(1280K)->1066K(1280K) NonClass: 985K(1088K)->985K(1088K) Class: 81K(192K)->81K(192K)
[42.655s][info][gc,ergo        ] Pacer for Idle. Initial: 10485K, Alloc Tax Rate: 1.0x
[44.961s][info][gc             ] Trigger: Average GC time (3.48 ms) is above the time for average allocation rate (119 MB/s) to deplete free headroom (0B) (margin of error = 2.42)
[44.961s][info][gc,ergo        ] Free headroom: 221M (free) - 26214K (spike) - 230M (penalties) = 0B
[44.961s][info][gc,ergo        ] Free: 221M, Max: 256K regular, 184M humongous, Frag: 17% external, 0% internal; Reserve: 26368K, Max: 256K
[44.961s][info][gc,start       ] GC(27) Concurrent reset
[44.961s][info][gc,task        ] GC(27) Using 3 of 6 workers for concurrent reset
[44.961s][info][gc,ergo        ] GC(27) Pacer for Reset. Non-Taxable: 512M
[44.962s][info][gc             ] GC(27) Concurrent reset 0.241ms
[44.962s][info][gc,start       ] GC(27) Pause Init Mark (unload classes)
[44.962s][info][gc,task        ] GC(27) Using 6 of 6 workers for init marking
[44.962s][info][gc,ergo        ] GC(27) Pacer for Mark. Expected Live: 262M, Free: 221M, Non-Taxable: 22662K, Alloc Tax Rate: 1.4x
[44.962s][info][gc             ] GC(27) Pause Init Mark (unload classes) 0.084ms
[44.962s][info][gc,start       ] GC(27) Concurrent marking roots
[44.962s][info][gc,task        ] GC(27) Using 3 of 6 workers for concurrent marking roots
[44.962s][info][gc             ] GC(27) Concurrent marking roots 0.329ms
[44.962s][info][gc,start       ] GC(27) Concurrent marking (unload classes)
[44.962s][info][gc,task        ] GC(27) Using 3 of 6 workers for concurrent marking
[44.963s][info][gc             ] GC(27) Concurrent marking (unload classes) 0.781ms
[44.963s][info][gc,start       ] GC(27) Pause Final Mark (unload classes)
[44.963s][info][gc,task        ] GC(27) Using 6 of 6 workers for final marking
[44.963s][info][gc,ergo        ] GC(27) Collectable Garbage: 197M (99%), Immediate: 197M (99%), CSet: 0B (0%)
[44.963s][info][gc             ] GC(27) Pause Final Mark (unload classes) 0.246ms
[44.963s][info][gc,start       ] GC(27) Concurrent weak references
[44.963s][info][gc,task        ] GC(27) Using 3 of 6 workers for concurrent weak references
[44.963s][info][gc,ref         ] GC(27) Encountered references: Soft: 45, Weak: 116, Final: 0, Phantom: 7
[44.963s][info][gc,ref         ] GC(27) Discovered  references: Soft: 0, Weak: 95, Final: 0, Phantom: 5
[44.963s][info][gc,ref         ] GC(27) Enqueued    references: Soft: 0, Weak: 0, Final: 0, Phantom: 0
[44.963s][info][gc             ] GC(27) Concurrent weak references 0.123ms
[44.963s][info][gc,start       ] GC(27) Concurrent weak roots
[44.963s][info][gc,task        ] GC(27) Using 3 of 6 workers for concurrent weak root
[44.964s][info][gc             ] GC(27) Concurrent weak roots 0.189ms
[44.964s][info][gc,start       ] GC(27) Concurrent cleanup
[44.964s][info][gc             ] GC(27) Concurrent cleanup 259M->62M(512M) 0.089ms
[44.964s][info][gc,ergo        ] GC(27) Free: 422M, Max: 256K regular, 320M humongous, Frag: 25% external, 0% internal; Reserve: 26368K, Max: 256K
[44.964s][info][gc,start       ] GC(27) Concurrent class unloading
[44.964s][info][gc,task        ] GC(27) Using 3 of 6 workers for concurrent class unloading
[44.964s][info][gc             ] GC(27) Concurrent class unloading 0.232ms
[44.964s][info][gc,start       ] GC(27) Pause Final Roots
[44.964s][info][gc             ] GC(27) Pause Final Roots 0.016ms
[44.964s][info][gc,ergo        ] Free: 422M, Max: 256K regular, 320M humongous, Frag: 25% external, 0% internal; Reserve: 26368K, Max: 256K
[44.964s][info][gc,stats       ] 
[44.964s][info][gc,stats       ] All times are wall-clock times, except per-root-class counters, that are sum over
[44.964s][info][gc,stats       ] all workers. Dividing the <total> over the root stage time estimates parallelism.
[44.964s][info][gc,stats       ] 
[44.964s][info][gc,stats       ] Concurrent Reset                    262 us
[44.964s][info][gc,stats       ] Pause Init Mark (G)                 135 us
[44.964s][info][gc,stats       ] Pause Init Mark (N)                  98 us
[44.964s][info][gc,stats       ]   Update Region States               19 us
[44.964s][info][gc,stats       ] Concurrent Mark Roots               351 us, parallelism: 1.24x
[44.964s][info][gc,stats       ]   CMR: <total>                      435 us
[44.964s][info][gc,stats       ]   CMR: Thread Roots                 389 us, workers (us): 262,  45,  82, ---, ---, ---, 
[44.964s][info][gc,stats       ]   CMR: VM Strong Roots                6 us, workers (us):   4,   1,   0, ---, ---, ---, 
[44.964s][info][gc,stats       ]   CMR: CLDG Roots                    39 us, workers (us): ---,  39, ---, ---, ---, ---, 
[44.964s][info][gc,stats       ] Concurrent Marking                  800 us
[44.964s][info][gc,stats       ] Pause Final Mark (G)                348 us
[44.964s][info][gc,stats       ] Pause Final Mark (N)                256 us
[44.964s][info][gc,stats       ]   Finish Mark                       118 us
[44.964s][info][gc,stats       ]   Update Region States               54 us
[44.964s][info][gc,stats       ]   Choose Collection Set              37 us
[44.964s][info][gc,stats       ]   Rebuild Free Set                    8 us
[44.964s][info][gc,stats       ] Concurrent Weak References          131 us, parallelism: 0.03x
[44.964s][info][gc,stats       ]   CWRF: <total>                       4 us
[44.964s][info][gc,stats       ]   CWRF: Weak References               4 us, workers (us):   3,   1,   0, ---, ---, ---, 
[44.964s][info][gc,stats       ] Concurrent Weak Roots               204 us
[44.964s][info][gc,stats       ]   Roots                             101 us, parallelism: 0.87x
[44.964s][info][gc,stats       ]     CWR: <total>                     88 us
[44.964s][info][gc,stats       ]     CWR: Code Cache Roots            49 us, workers (us):  14,  34,   0, ---, ---, ---, 
[44.964s][info][gc,stats       ]     CWR: VM Weak Roots               39 us, workers (us):  38,   0,   0, ---, ---, ---, 
[44.964s][info][gc,stats       ]     CWR: CLDG Roots                   1 us, workers (us):   1, ---, ---, ---, ---, ---, 
[44.964s][info][gc,stats       ]   Rendezvous                         71 us
[44.964s][info][gc,stats       ] Concurrent Cleanup                  103 us
[44.964s][info][gc,stats       ] Concurrent Class Unloading          250 us
[44.964s][info][gc,stats       ]   Unlink Stale                      167 us
[44.964s][info][gc,stats       ]     System Dictionary                 1 us
[44.964s][info][gc,stats       ]     Weak Class Links                  0 us
[44.964s][info][gc,stats       ]     Code Roots                      165 us
[44.964s][info][gc,stats       ]   Rendezvous                         26 us
[44.964s][info][gc,stats       ]   Purge Unlinked                     22 us
[44.964s][info][gc,stats       ]     Code Roots                       20 us
[44.964s][info][gc,stats       ]     CLDG                              2 us
[44.964s][info][gc,stats       ]     Exception Caches                  0 us
[44.964s][info][gc,stats       ] Pause Final Roots (G)                46 us
[44.964s][info][gc,stats       ] Pause Final Roots (N)                24 us
[44.964s][info][gc,stats       ] Pacing                            31157 us
[44.964s][info][gc,stats       ] 
[44.964s][info][gc,stats       ] Allocation pacing accrued:
[44.964s][info][gc,stats       ]      31 of  2309 ms (  1.3%): main
[44.964s][info][gc,stats       ]      31 of  2309 ms (  1.3%): <total>
[44.965s][info][gc,stats       ]       2 of  2309 ms (  0.1%): <average total>
[44.965s][info][gc,stats       ]      31 of  2309 ms (  1.3%): <average non-zero>
[44.965s][info][gc,stats       ] 
[44.965s][info][gc,metaspace   ] Metaspace: 1070K(1280K)->1070K(1280K) NonClass: 988K(1088K)->988K(1088K) Class: 81K(192K)->81K(192K)
[44.965s][info][gc,ergo        ] Pacer for Idle. Initial: 10485K, Alloc Tax Rate: 1.0x
[46.292s][info][gc             ] Trigger: Average GC time (3.31 ms) is above the time for average allocation rate (94091 KB/s) to deplete free headroom (0B) (margin of error = 2.41)
[46.292s][info][gc,ergo        ] Free headroom: 247M (free) - 26214K (spike) - 225M (penalties) = 0B
[46.292s][info][gc,ergo        ] Free: 247M, Max: 256K regular, 219M humongous, Frag: 12% external, 0% internal; Reserve: 26368K, Max: 256K
[46.292s][info][gc,start       ] GC(28) Concurrent reset
[46.292s][info][gc,task        ] GC(28) Using 3 of 6 workers for concurrent reset
[46.292s][info][gc,ergo        ] GC(28) Pacer for Reset. Non-Taxable: 512M
[46.292s][info][gc             ] GC(28) Concurrent reset 0.271ms
[46.293s][info][gc,start       ] GC(28) Pause Init Mark (unload classes)
[46.293s][info][gc,task        ] GC(28) Using 6 of 6 workers for init marking
[46.293s][info][gc,ergo        ] GC(28) Pacer for Mark. Expected Live: 272M, Free: 247M, Non-Taxable: 25371K, Alloc Tax Rate: 1.3x
[46.293s][info][gc             ] GC(28) Pause Init Mark (unload classes) 0.127ms
[46.293s][info][gc,start       ] GC(28) Concurrent marking roots
[46.293s][info][gc,task        ] GC(28) Using 3 of 6 workers for concurrent marking roots
[46.293s][info][gc             ] GC(28) Concurrent marking roots 0.259ms
[46.293s][info][gc,start       ] GC(28) Concurrent marking (unload classes)
[46.293s][info][gc,task        ] GC(28) Using 3 of 6 workers for concurrent marking
[46.294s][info][gc             ] GC(28) Concurrent marking (unload classes) 0.731ms
[46.294s][info][gc,start       ] GC(28) Pause Final Mark (unload classes)
[46.294s][info][gc,task        ] GC(28) Using 6 of 6 workers for final marking
[46.294s][info][gc,ergo        ] GC(28) Collectable Garbage: 187M (99%), Immediate: 187M (99%), CSet: 0B (0%)
[46.294s][info][gc             ] GC(28) Pause Final Mark (unload classes) 0.204ms
[46.294s][info][gc,start       ] GC(28) Concurrent weak references
[46.294s][info][gc,task        ] GC(28) Using 3 of 6 workers for concurrent weak references
[46.294s][info][gc,ref         ] GC(28) Encountered references: Soft: 45, Weak: 116, Final: 0, Phantom: 7
[46.294s][info][gc,ref         ] GC(28) Discovered  references: Soft: 0, Weak: 95, Final: 0, Phantom: 5
[46.294s][info][gc,ref         ] GC(28) Enqueued    references: Soft: 0, Weak: 0, Final: 0, Phantom: 0
[46.294s][info][gc             ] GC(28) Concurrent weak references 0.148ms
[46.294s][info][gc,start       ] GC(28) Concurrent weak roots
[46.294s][info][gc,task        ] GC(28) Using 3 of 6 workers for concurrent weak root
[46.294s][info][gc             ] GC(28) Concurrent weak roots 0.189ms
[46.294s][info][gc,start       ] GC(28) Concurrent cleanup
[46.294s][info][gc             ] GC(28) Concurrent cleanup 234M->47M(512M) 0.047ms
[46.294s][info][gc,ergo        ] GC(28) Free: 437M, Max: 256K regular, 387M humongous, Frag: 12% external, 0% internal; Reserve: 26368K, Max: 256K
[46.295s][info][gc,start       ] GC(28) Concurrent class unloading
[46.295s][info][gc,task        ] GC(28) Using 3 of 6 workers for concurrent class unloading
[46.295s][info][gc             ] GC(28) Concurrent class unloading 0.287ms
[46.295s][info][gc,start       ] GC(28) Pause Final Roots
[46.295s][info][gc             ] GC(28) Pause Final Roots 0.015ms
[46.295s][info][gc,ergo        ] Free: 437M, Max: 256K regular, 387M humongous, Frag: 12% external, 0% internal; Reserve: 26368K, Max: 256K
[46.295s][info][gc,stats       ] 
[46.295s][info][gc,stats       ] All times are wall-clock times, except per-root-class counters, that are sum over
[46.295s][info][gc,stats       ] all workers. Dividing the <total> over the root stage time estimates parallelism.
[46.295s][info][gc,stats       ] 
[46.295s][info][gc,stats       ] Concurrent Reset                    305 us
[46.295s][info][gc,stats       ] Pause Init Mark (G)                 523 us
[46.295s][info][gc,stats       ] Pause Init Mark (N)                 137 us
[46.295s][info][gc,stats       ]   Update Region States               64 us
[46.295s][info][gc,stats       ] Concurrent Mark Roots               274 us, parallelism: 1.14x
[46.295s][info][gc,stats       ]   CMR: <total>                      313 us
[46.295s][info][gc,stats       ]   CMR: Thread Roots                 265 us, workers (us): 192,  71,   1, ---, ---, ---, 
[46.295s][info][gc,stats       ]   CMR: VM Strong Roots                5 us, workers (us):   3,   1,   1, ---, ---, ---, 
[46.295s][info][gc,stats       ]   CMR: CLDG Roots                    43 us, workers (us): ---, ---,  43, ---, ---, ---, 
[46.295s][info][gc,stats       ] Concurrent Marking                  746 us
[46.295s][info][gc,stats       ] Pause Final Mark (G)                245 us
[46.295s][info][gc,stats       ] Pause Final Mark (N)                213 us
[46.295s][info][gc,stats       ]   Finish Mark                        76 us
[46.295s][info][gc,stats       ]   Update Region States               54 us
[46.295s][info][gc,stats       ]   Choose Collection Set              35 us
[46.295s][info][gc,stats       ]   Rebuild Free Set                    8 us
[46.295s][info][gc,stats       ] Concurrent Weak References          157 us, parallelism: 0.03x
[46.295s][info][gc,stats       ]   CWRF: <total>                       5 us
[46.295s][info][gc,stats       ]   CWRF: Weak References               5 us, workers (us):   4,   0,   0, ---, ---, ---, 
[46.295s][info][gc,stats       ] Concurrent Weak Roots               206 us
[46.295s][info][gc,stats       ]   Roots                             110 us, parallelism: 0.83x
[46.295s][info][gc,stats       ]     CWR: <total>                     91 us
[46.295s][info][gc,stats       ]     CWR: Code Cache Roots            48 us, workers (us):  35,  13,   0, ---, ---, ---, 
[46.295s][info][gc,stats       ]     CWR: VM Weak Roots               42 us, workers (us):  21,  21,   0, ---, ---, ---, 
[46.295s][info][gc,stats       ]     CWR: CLDG Roots                   1 us, workers (us): ---,   1, ---, ---, ---, ---, 
[46.295s][info][gc,stats       ]   Rendezvous                         62 us
[46.295s][info][gc,stats       ] Concurrent Cleanup                   57 us
[46.295s][info][gc,stats       ] Concurrent Class Unloading          305 us
[46.295s][info][gc,stats       ]   Unlink Stale                      185 us
[46.295s][info][gc,stats       ]     System Dictionary                 1 us
[46.295s][info][gc,stats       ]     Weak Class Links                  0 us
[46.295s][info][gc,stats       ]     Code Roots                      183 us
[46.295s][info][gc,stats       ]   Rendezvous                         26 us
[46.295s][info][gc,stats       ]   Purge Unlinked                     53 us
[46.295s][info][gc,stats       ]     Code Roots                       50 us
[46.295s][info][gc,stats       ]     CLDG                              3 us
[46.295s][info][gc,stats       ]     Exception Caches                  0 us
[46.295s][info][gc,stats       ] Pause Final Roots (G)                45 us
[46.295s][info][gc,stats       ] Pause Final Roots (N)                23 us
[46.295s][info][gc,stats       ] Pacing                            42430 us
[46.295s][info][gc,stats       ] 
[46.295s][info][gc,stats       ] Allocation pacing accrued:
[46.295s][info][gc,stats       ]      42 of  1331 ms (  3.2%): main
[46.295s][info][gc,stats       ]      42 of  1331 ms (  3.2%): <total>
[46.295s][info][gc,stats       ]       3 of  1331 ms (  0.2%): <average total>
[46.295s][info][gc,stats       ]      42 of  1331 ms (  3.2%): <average non-zero>
[46.295s][info][gc,stats       ] 
[46.295s][info][gc,metaspace   ] Metaspace: 1070K(1280K)->1070K(1280K) NonClass: 988K(1088K)->988K(1088K) Class: 81K(192K)->81K(192K)
[46.295s][info][gc,ergo        ] Pacer for Idle. Initial: 10485K, Alloc Tax Rate: 1.0x
[47.760s][info][gc             ] Trigger: Average GC time (3.39 ms) is above the time for average allocation rate (60480 KB/s) to deplete free headroom (0B) (margin of error = 2.40)
[47.760s][info][gc,ergo        ] Free headroom: 243M (free) - 26214K (spike) - 220M (penalties) = 0B
[47.761s][info][gc,ergo        ] Free: 243M, Max: 256K regular, 237M humongous, Frag: 3% external, 0% internal; Reserve: 26368K, Max: 256K
[47.761s][info][gc,start       ] GC(29) Concurrent reset
[47.761s][info][gc,task        ] GC(29) Using 3 of 6 workers for concurrent reset
[47.761s][info][gc,ergo        ] GC(29) Pacer for Reset. Non-Taxable: 512M
[47.761s][info][gc             ] GC(29) Concurrent reset 0.210ms
[47.761s][info][gc,start       ] GC(29) Pause Init Mark (unload classes)
[47.761s][info][gc,task        ] GC(29) Using 6 of 6 workers for init marking
[47.761s][info][gc,ergo        ] GC(29) Pacer for Mark. Expected Live: 273M, Free: 243M, Non-Taxable: 24884K, Alloc Tax Rate: 1.4x
[47.761s][info][gc             ] GC(29) Pause Init Mark (unload classes) 0.137ms
[47.761s][info][gc,start       ] GC(29) Concurrent marking roots
[47.761s][info][gc,task        ] GC(29) Using 3 of 6 workers for concurrent marking roots
[47.762s][info][gc             ] GC(29) Concurrent marking roots 0.295ms
[47.762s][info][gc,start       ] GC(29) Concurrent marking (unload classes)
[47.762s][info][gc,task        ] GC(29) Using 3 of 6 workers for concurrent marking
[47.762s][info][gc             ] GC(29) Concurrent marking (unload classes) 0.719ms
[47.762s][info][gc,start       ] GC(29) Pause Final Mark (unload classes)
[47.762s][info][gc,task        ] GC(29) Using 6 of 6 workers for final marking
[47.762s][info][gc,ergo        ] GC(29) Collectable Garbage: 208M (99%), Immediate: 208M (99%), CSet: 0B (0%)
[47.763s][info][gc             ] GC(29) Pause Final Mark (unload classes) 0.121ms
[47.763s][info][gc,start       ] GC(29) Concurrent weak references
[47.763s][info][gc,task        ] GC(29) Using 3 of 6 workers for concurrent weak references
[47.763s][info][gc,ref         ] GC(29) Encountered references: Soft: 45, Weak: 116, Final: 0, Phantom: 7
[47.763s][info][gc,ref         ] GC(29) Discovered  references: Soft: 0, Weak: 68, Final: 0, Phantom: 5
[47.763s][info][gc,ref         ] GC(29) Enqueued    references: Soft: 0, Weak: 0, Final: 0, Phantom: 0
[47.763s][info][gc             ] GC(29) Concurrent weak references 0.075ms
[47.763s][info][gc,start       ] GC(29) Concurrent weak roots
[47.763s][info][gc,task        ] GC(29) Using 3 of 6 workers for concurrent weak root
[47.763s][info][gc             ] GC(29) Concurrent weak roots 0.105ms
[47.763s][info][gc,start       ] GC(29) Concurrent cleanup
[47.763s][info][gc             ] GC(29) Concurrent cleanup 240M->31M(512M) 0.047ms
[47.763s][info][gc,ergo        ] GC(29) Free: 453M, Max: 256K regular, 429M humongous, Frag: 6% external, 0% internal; Reserve: 26368K, Max: 256K
[47.763s][info][gc,start       ] GC(29) Concurrent class unloading
[47.763s][info][gc,task        ] GC(29) Using 3 of 6 workers for concurrent class unloading
[47.763s][info][gc             ] GC(29) Concurrent class unloading 0.193ms
[47.763s][info][gc,start       ] GC(29) Pause Final Roots
[47.763s][info][gc             ] GC(29) Pause Final Roots 0.015ms
[47.763s][info][gc,ergo        ] Free: 453M, Max: 256K regular, 429M humongous, Frag: 6% external, 0% internal; Reserve: 26368K, Max: 256K
[47.763s][info][gc,stats       ] 
[47.763s][info][gc,stats       ] All times are wall-clock times, except per-root-class counters, that are sum over
[47.763s][info][gc,stats       ] all workers. Dividing the <total> over the root stage time estimates parallelism.
[47.763s][info][gc,stats       ] 
[47.763s][info][gc,stats       ] Concurrent Reset                    234 us
[47.763s][info][gc,stats       ] Pause Init Mark (G)                 564 us
[47.763s][info][gc,stats       ] Pause Init Mark (N)                 147 us
[47.763s][info][gc,stats       ]   Update Region States               59 us
[47.763s][info][gc,stats       ] Concurrent Mark Roots               313 us, parallelism: 0.98x
[47.763s][info][gc,stats       ]   CMR: <total>                      305 us
[47.763s][info][gc,stats       ]   CMR: Thread Roots                 270 us, workers (us): 173,  61,  36, ---, ---, ---, 
[47.763s][info][gc,stats       ]   CMR: VM Strong Roots                4 us, workers (us):   2,   1,   1, ---, ---, ---, 
[47.763s][info][gc,stats       ]   CMR: CLDG Roots                    31 us, workers (us):  31, ---, ---, ---, ---, ---, 
[47.763s][info][gc,stats       ] Concurrent Marking                  737 us
[47.763s][info][gc,stats       ] Pause Final Mark (G)                160 us
[47.763s][info][gc,stats       ] Pause Final Mark (N)                131 us
[47.763s][info][gc,stats       ]   Finish Mark                        27 us
[47.763s][info][gc,stats       ]   Update Region States               25 us
[47.763s][info][gc,stats       ]   Choose Collection Set              32 us
[47.763s][info][gc,stats       ]   Rebuild Free Set                    8 us
[47.763s][info][gc,stats       ] Concurrent Weak References           83 us, parallelism: 0.04x
[47.763s][info][gc,stats       ]   CWRF: <total>                       4 us
[47.763s][info][gc,stats       ]   CWRF: Weak References               4 us, workers (us):   2,   1,   0, ---, ---, ---, 
[47.763s][info][gc,stats       ] Concurrent Weak Roots               118 us
[47.763s][info][gc,stats       ]   Roots                              67 us, parallelism: 1.28x
[47.763s][info][gc,stats       ]     CWR: <total>                     86 us
[47.763s][info][gc,stats       ]     CWR: Code Cache Roots            44 us, workers (us):   0,  11,  32, ---, ---, ---, 
[47.763s][info][gc,stats       ]     CWR: VM Weak Roots               42 us, workers (us):  14,  14,  13, ---, ---, ---, 
[47.763s][info][gc,stats       ]     CWR: CLDG Roots                   0 us, workers (us):   0, ---, ---, ---, ---, ---, 
[47.763s][info][gc,stats       ]   Rendezvous                         21 us
[47.763s][info][gc,stats       ] Concurrent Cleanup                   56 us
[47.763s][info][gc,stats       ] Concurrent Class Unloading          206 us
[47.763s][info][gc,stats       ]   Unlink Stale                      138 us
[47.763s][info][gc,stats       ]     System Dictionary                 1 us
[47.763s][info][gc,stats       ]     Weak Class Links                  0 us
[47.763s][info][gc,stats       ]     Code Roots                      136 us
[47.763s][info][gc,stats       ]   Rendezvous                         17 us
[47.763s][info][gc,stats       ]   Purge Unlinked                     22 us
[47.763s][info][gc,stats       ]     Code Roots                       19 us
[47.763s][info][gc,stats       ]     CLDG                              3 us
[47.763s][info][gc,stats       ]     Exception Caches                  0 us
[47.763s][info][gc,stats       ] Pause Final Roots (G)                46 us
[47.763s][info][gc,stats       ] Pause Final Roots (N)                26 us
[47.763s][info][gc,stats       ] Pacing                            61243 us
[47.763s][info][gc,stats       ] 
[47.763s][info][gc,stats       ] Allocation pacing accrued:
[47.763s][info][gc,stats       ]      61 of  1468 ms (  4.2%): main
[47.763s][info][gc,stats       ]      61 of  1468 ms (  4.2%): <total>
[47.763s][info][gc,stats       ]       5 of  1468 ms (  0.3%): <average total>
[47.763s][info][gc,stats       ]      61 of  1468 ms (  4.2%): <average non-zero>
[47.763s][info][gc,stats       ] 
[47.763s][info][gc,metaspace   ] Metaspace: 1070K(1280K)->1070K(1280K) NonClass: 988K(1088K)->988K(1088K) Class: 81K(192K)->81K(192K)
[47.763s][info][gc,ergo        ] Pacer for Idle. Initial: 10485K, Alloc Tax Rate: 1.0x
[49.223s][info][gc             ] Trigger: Average GC time (3.15 ms) is above the time for average allocation rate (94745 KB/s) to deplete free headroom (0B) (margin of error = 2.39)
[49.223s][info][gc,ergo        ] Free headroom: 228M (free) - 26214K (spike) - 215M (penalties) = 0B
[49.223s][info][gc,ergo        ] Free: 228M, Max: 256K regular, 227M humongous, Frag: 1% external, 0% internal; Reserve: 26368K, Max: 256K
[49.223s][info][gc,start       ] GC(30) Concurrent reset
[49.223s][info][gc,task        ] GC(30) Using 3 of 6 workers for concurrent reset
[49.223s][info][gc,ergo        ] GC(30) Pacer for Reset. Non-Taxable: 512M
[49.224s][info][gc             ] GC(30) Concurrent reset 0.134ms
[49.224s][info][gc,start       ] GC(30) Pause Init Mark (unload classes)
[49.224s][info][gc,task        ] GC(30) Using 6 of 6 workers for init marking
[49.224s][info][gc,ergo        ] GC(30) Pacer for Mark. Expected Live: 96440K, Free: 228M, Non-Taxable: 23399K, Alloc Tax Rate: 0.5x
[49.224s][info][gc             ] GC(30) Pause Init Mark (unload classes) 0.091ms
[49.224s][info][gc,start       ] GC(30) Concurrent marking roots
[49.224s][info][gc,task        ] GC(30) Using 3 of 6 workers for concurrent marking roots
[49.224s][info][gc             ] GC(30) Concurrent marking roots 0.281ms
[49.224s][info][gc,start       ] GC(30) Concurrent marking (unload classes)
[49.224s][info][gc,task        ] GC(30) Using 3 of 6 workers for concurrent marking
[49.225s][info][gc             ] GC(30) Concurrent marking (unload classes) 0.764ms
[49.225s][info][gc,start       ] GC(30) Pause Final Mark (unload classes)
[49.225s][info][gc,task        ] GC(30) Using 6 of 6 workers for final marking
[49.225s][info][gc,ergo        ] GC(30) Collectable Garbage: 207M (99%), Immediate: 207M (99%), CSet: 0B (0%)
[49.225s][info][gc             ] GC(30) Pause Final Mark (unload classes) 0.251ms
[49.225s][info][gc,start       ] GC(30) Concurrent weak references
[49.225s][info][gc,task        ] GC(30) Using 3 of 6 workers for concurrent weak references
[49.225s][info][gc,ref         ] GC(30) Encountered references: Soft: 45, Weak: 116, Final: 0, Phantom: 7
[49.225s][info][gc,ref         ] GC(30) Discovered  references: Soft: 0, Weak: 95, Final: 0, Phantom: 5
[49.225s][info][gc,ref         ] GC(30) Enqueued    references: Soft: 0, Weak: 0, Final: 0, Phantom: 0
[49.225s][info][gc             ] GC(30) Concurrent weak references 0.078ms
[49.225s][info][gc,start       ] GC(30) Concurrent weak roots
[49.225s][info][gc,task        ] GC(30) Using 3 of 6 workers for concurrent weak root
[49.225s][info][gc             ] GC(30) Concurrent weak roots 0.152ms
[49.225s][info][gc,start       ] GC(30) Concurrent cleanup
[49.226s][info][gc             ] GC(30) Concurrent cleanup 253M->46M(512M) 0.047ms
[49.226s][info][gc,ergo        ] GC(30) Free: 438M, Max: 256K regular, 227M humongous, Frag: 49% external, 0% internal; Reserve: 26368K, Max: 256K
[49.226s][info][gc,start       ] GC(30) Concurrent class unloading
[49.226s][info][gc,task        ] GC(30) Using 3 of 6 workers for concurrent class unloading
[49.226s][info][gc             ] GC(30) Concurrent class unloading 0.254ms
[49.226s][info][gc,start       ] GC(30) Pause Final Roots
[49.226s][info][gc             ] GC(30) Pause Final Roots 0.017ms
[49.226s][info][gc,ergo        ] Free: 438M, Max: 256K regular, 227M humongous, Frag: 49% external, 0% internal; Reserve: 26368K, Max: 256K
[49.226s][info][gc,stats       ] 
[49.226s][info][gc,stats       ] All times are wall-clock times, except per-root-class counters, that are sum over
[49.226s][info][gc,stats       ] all workers. Dividing the <total> over the root stage time estimates parallelism.
[49.226s][info][gc,stats       ] 
[49.226s][info][gc,stats       ] Concurrent Reset                    155 us
[49.226s][info][gc,stats       ] Pause Init Mark (G)                 142 us
[49.226s][info][gc,stats       ] Pause Init Mark (N)                 105 us
[49.226s][info][gc,stats       ]   Update Region States               28 us
[49.226s][info][gc,stats       ] Concurrent Mark Roots               304 us, parallelism: 1.33x
[49.226s][info][gc,stats       ]   CMR: <total>                      403 us
[49.226s][info][gc,stats       ]   CMR: Thread Roots                 361 us, workers (us):  50, 217,  95, ---, ---, ---, 
[49.226s][info][gc,stats       ]   CMR: VM Strong Roots                6 us, workers (us):   3,   1,   2, ---, ---, ---, 
[49.226s][info][gc,stats       ]   CMR: CLDG Roots                    36 us, workers (us):  36, ---, ---, ---, ---, ---, 
[49.226s][info][gc,stats       ] Concurrent Marking                  782 us
[49.226s][info][gc,stats       ] Pause Final Mark (G)                379 us
[49.226s][info][gc,stats       ] Pause Final Mark (N)                262 us
[49.226s][info][gc,stats       ]   Finish Mark                       101 us
[49.226s][info][gc,stats       ]   Update Region States               73 us
[49.226s][info][gc,stats       ]   Choose Collection Set              37 us
[49.226s][info][gc,stats       ]   Rebuild Free Set                    8 us
[49.226s][info][gc,stats       ] Concurrent Weak References           86 us, parallelism: 0.05x
[49.226s][info][gc,stats       ]   CWRF: <total>                       4 us
[49.226s][info][gc,stats       ]   CWRF: Weak References               4 us, workers (us):   3,   1,   0, ---, ---, ---, 
[49.226s][info][gc,stats       ] Concurrent Weak Roots               165 us
[49.226s][info][gc,stats       ]   Roots                              74 us, parallelism: 1.20x
[49.226s][info][gc,stats       ]     CWR: <total>                     90 us
[49.226s][info][gc,stats       ]     CWR: Code Cache Roots            48 us, workers (us):  14,  34,   0, ---, ---, ---, 
[49.226s][info][gc,stats       ]     CWR: VM Weak Roots               41 us, workers (us):  21,  20,   0, ---, ---, ---, 
[49.226s][info][gc,stats       ]     CWR: CLDG Roots                   1 us, workers (us):   1, ---, ---, ---, ---, ---, 
[49.226s][info][gc,stats       ]   Rendezvous                         60 us
[49.226s][info][gc,stats       ] Concurrent Cleanup                   56 us
[49.226s][info][gc,stats       ] Concurrent Class Unloading          273 us
[49.226s][info][gc,stats       ]   Unlink Stale                      158 us
[49.226s][info][gc,stats       ]     System Dictionary                 1 us
[49.226s][info][gc,stats       ]     Weak Class Links                  0 us
[49.226s][info][gc,stats       ]     Code Roots                      156 us
[49.226s][info][gc,stats       ]   Rendezvous                         26 us
[49.226s][info][gc,stats       ]   Purge Unlinked                     53 us
[49.226s][info][gc,stats       ]     Code Roots                       50 us
[49.226s][info][gc,stats       ]     CLDG                              3 us
[49.226s][info][gc,stats       ]     Exception Caches                  0 us
[49.226s][info][gc,stats       ] Pause Final Roots (G)                49 us
[49.226s][info][gc,stats       ] Pause Final Roots (N)                26 us
[49.226s][info][gc,stats       ] Pacing                            46815 us
[49.226s][info][gc,stats       ] 
[49.226s][info][gc,stats       ] Allocation pacing accrued:
[49.226s][info][gc,stats       ]      47 of  1463 ms (  3.2%): main
[49.226s][info][gc,stats       ]      47 of  1463 ms (  3.2%): <total>
[49.226s][info][gc,stats       ]       4 of  1463 ms (  0.2%): <average total>
[49.226s][info][gc,stats       ]      47 of  1463 ms (  3.2%): <average non-zero>
[49.226s][info][gc,stats       ] 
[49.226s][info][gc,metaspace   ] Metaspace: 1070K(1280K)->1070K(1280K) NonClass: 988K(1088K)->988K(1088K) Class: 81K(192K)->81K(192K)
[49.226s][info][gc,ergo        ] Pacer for Idle. Initial: 10485K, Alloc Tax Rate: 1.0x
[50.562s][info][gc             ] Trigger: Average GC time (2.98 ms) is above the time for average allocation rate (79260 KB/s) to deplete free headroom (0B) (margin of error = 2.39)
[50.562s][info][gc,ergo        ] Free headroom: 233M (free) - 26214K (spike) - 209M (penalties) = 0B
[50.562s][info][gc,ergo        ] Free: 233M, Max: 256K regular, 227M humongous, Frag: 3% external, 0% internal; Reserve: 26368K, Max: 256K
[50.562s][info][gc,start       ] GC(31) Concurrent reset
[50.562s][info][gc,task        ] GC(31) Using 3 of 6 workers for concurrent reset
[50.562s][info][gc,ergo        ] GC(31) Pacer for Reset. Non-Taxable: 512M
[50.563s][info][gc             ] GC(31) Concurrent reset 0.258ms
[50.563s][info][gc,start       ] GC(31) Pause Init Mark (unload classes)
[50.563s][info][gc,task        ] GC(31) Using 6 of 6 workers for init marking
[50.563s][info][gc,ergo        ] GC(31) Pacer for Mark. Expected Live: 62648K, Free: 233M, Non-Taxable: 23911K, Alloc Tax Rate: 0.3x
[50.563s][info][gc             ] GC(31) Pause Init Mark (unload classes) 0.115ms
[50.563s][info][gc,start       ] GC(31) Concurrent marking roots
[50.563s][info][gc,task        ] GC(31) Using 3 of 6 workers for concurrent marking roots
[50.563s][info][gc             ] GC(31) Concurrent marking roots 0.300ms
[50.563s][info][gc,start       ] GC(31) Concurrent marking (unload classes)
[50.563s][info][gc,task        ] GC(31) Using 3 of 6 workers for concurrent marking
[50.564s][info][gc             ] GC(31) Concurrent marking (unload classes) 0.829ms
[50.564s][info][gc,start       ] GC(31) Pause Final Mark (unload classes)
[50.564s][info][gc,task        ] GC(31) Using 6 of 6 workers for final marking
[50.564s][info][gc,ergo        ] GC(31) Collectable Garbage: 157M (99%), Immediate: 157M (99%), CSet: 0B (0%)
[50.564s][info][gc             ] GC(31) Pause Final Mark (unload classes) 0.266ms
[50.564s][info][gc,start       ] GC(31) Concurrent weak references
[50.564s][info][gc,task        ] GC(31) Using 3 of 6 workers for concurrent weak references
[50.564s][info][gc,ref         ] GC(31) Encountered references: Soft: 45, Weak: 116, Final: 0, Phantom: 7
[50.564s][info][gc,ref         ] GC(31) Discovered  references: Soft: 0, Weak: 86, Final: 0, Phantom: 5
[50.565s][info][gc,ref         ] GC(31) Enqueued    references: Soft: 0, Weak: 0, Final: 0, Phantom: 0
[50.565s][info][gc             ] GC(31) Concurrent weak references 0.119ms
[50.565s][info][gc,start       ] GC(31) Concurrent weak roots
[50.565s][info][gc,task        ] GC(31) Using 3 of 6 workers for concurrent weak root
[50.565s][info][gc             ] GC(31) Concurrent weak roots 0.191ms
[50.565s][info][gc,start       ] GC(31) Concurrent cleanup
[50.565s][info][gc             ] GC(31) Concurrent cleanup 248M->91M(512M) 0.042ms
[50.565s][info][gc,ergo        ] GC(31) Free: 393M, Max: 256K regular, 248M humongous, Frag: 37% external, 0% internal; Reserve: 26368K, Max: 256K
[50.565s][info][gc,start       ] GC(31) Concurrent class unloading
[50.565s][info][gc,task        ] GC(31) Using 3 of 6 workers for concurrent class unloading
[50.565s][info][gc             ] GC(31) Concurrent class unloading 0.247ms
[50.565s][info][gc,start       ] GC(31) Pause Final Roots
[50.565s][info][gc             ] GC(31) Pause Final Roots 0.019ms
[50.565s][info][gc,ergo        ] Free: 393M, Max: 256K regular, 248M humongous, Frag: 37% external, 0% internal; Reserve: 26368K, Max: 256K
[50.565s][info][gc,stats       ] 
[50.565s][info][gc,stats       ] All times are wall-clock times, except per-root-class counters, that are sum over
[50.565s][info][gc,stats       ] all workers. Dividing the <total> over the root stage time estimates parallelism.
[50.565s][info][gc,stats       ] 
[50.565s][info][gc,stats       ] Concurrent Reset                    276 us
[50.565s][info][gc,stats       ] Pause Init Mark (G)                 208 us
[50.565s][info][gc,stats       ] Pause Init Mark (N)                 124 us
[50.565s][info][gc,stats       ]   Update Region States               66 us
[50.565s][info][gc,stats       ] Concurrent Mark Roots               318 us, parallelism: 1.01x
[50.565s][info][gc,stats       ]   CMR: <total>                      322 us
[50.565s][info][gc,stats       ]   CMR: Thread Roots                 290 us, workers (us):  59, 194,  37, ---, ---, ---, 
[50.565s][info][gc,stats       ]   CMR: VM Strong Roots                4 us, workers (us):   3,   0,   0, ---, ---, ---, 
[50.565s][info][gc,stats       ]   CMR: CLDG Roots                    28 us, workers (us):  28, ---, ---, ---, ---, ---, 
[50.565s][info][gc,stats       ] Concurrent Marking                  848 us
[50.565s][info][gc,stats       ] Pause Final Mark (G)                420 us
[50.565s][info][gc,stats       ] Pause Final Mark (N)                277 us
[50.565s][info][gc,stats       ]   Finish Mark                       102 us
[50.565s][info][gc,stats       ]   Update Region States               91 us
[50.565s][info][gc,stats       ]   Choose Collection Set              34 us
[50.565s][info][gc,stats       ]   Rebuild Free Set                    9 us
[50.565s][info][gc,stats       ] Concurrent Weak References          127 us, parallelism: 0.04x
[50.565s][info][gc,stats       ]   CWRF: <total>                       5 us
[50.565s][info][gc,stats       ]   CWRF: Weak References               5 us, workers (us):   5,   0,   0, ---, ---, ---, 
[50.565s][info][gc,stats       ] Concurrent Weak Roots               209 us
[50.565s][info][gc,stats       ]   Roots                             114 us, parallelism: 0.85x
[50.565s][info][gc,stats       ]     CWR: <total>                     98 us
[50.565s][info][gc,stats       ]     CWR: Code Cache Roots            47 us, workers (us):  14,  32,   0, ---, ---, ---, 
[50.565s][info][gc,stats       ]     CWR: VM Weak Roots               50 us, workers (us):  25,  25,   0, ---, ---, ---, 
[50.565s][info][gc,stats       ]     CWR: CLDG Roots                   1 us, workers (us):   1, ---, ---, ---, ---, ---, 
[50.565s][info][gc,stats       ]   Rendezvous                         60 us
[50.565s][info][gc,stats       ] Concurrent Cleanup                   52 us
[50.565s][info][gc,stats       ] Concurrent Class Unloading          262 us
[50.565s][info][gc,stats       ]   Unlink Stale                      152 us
[50.565s][info][gc,stats       ]     System Dictionary                 1 us
[50.565s][info][gc,stats       ]     Weak Class Links                  0 us
[50.565s][info][gc,stats       ]     Code Roots                      149 us
[50.565s][info][gc,stats       ]   Rendezvous                         25 us
[50.565s][info][gc,stats       ]   Purge Unlinked                     53 us
[50.565s][info][gc,stats       ]     Code Roots                       50 us
[50.565s][info][gc,stats       ]     CLDG                              3 us
[50.565s][info][gc,stats       ]     Exception Caches                  0 us
[50.565s][info][gc,stats       ] Pause Final Roots (G)                49 us
[50.565s][info][gc,stats       ] Pause Final Roots (N)                28 us
[50.565s][info][gc,stats       ] Pacing                            44302 us
[50.565s][info][gc,stats       ] 
[50.565s][info][gc,stats       ] Allocation pacing accrued:
[50.566s][info][gc,stats       ]      44 of  1339 ms (  3.3%): main
[50.566s][info][gc,stats       ]      44 of  1339 ms (  3.3%): <total>
[50.566s][info][gc,stats       ]       3 of  1339 ms (  0.3%): <average total>
[50.566s][info][gc,stats       ]      44 of  1339 ms (  3.3%): <average non-zero>
[50.566s][info][gc,stats       ] 
[50.566s][info][gc,metaspace   ] Metaspace: 1070K(1280K)->1070K(1280K) NonClass: 988K(1088K)->988K(1088K) Class: 81K(192K)->81K(192K)
[50.566s][info][gc,ergo        ] Pacer for Idle. Initial: 10485K, Alloc Tax Rate: 1.0x
[50.952s][info][gc             ] Trigger: Average GC time (3.11 ms) is above the time for average allocation rate (293 MB/s) to deplete free headroom (0B) (margin of error = 2.39)
[50.952s][info][gc,ergo        ] Free headroom: 222M (free) - 26214K (spike) - 204M (penalties) = 0B
[50.952s][info][gc,ergo        ] Free: 222M, Max: 256K regular, 147M humongous, Frag: 34% external, 0% internal; Reserve: 26368K, Max: 256K
[50.952s][info][gc,start       ] GC(32) Concurrent reset
[50.952s][info][gc,task        ] GC(32) Using 3 of 6 workers for concurrent reset
[50.952s][info][gc,ergo        ] GC(32) Pacer for Reset. Non-Taxable: 512M
[50.952s][info][gc             ] GC(32) Concurrent reset 0.240ms
[50.952s][info][gc,start       ] GC(32) Pause Init Mark (unload classes)
[50.952s][info][gc,task        ] GC(32) Using 6 of 6 workers for init marking
[50.953s][info][gc,ergo        ] GC(32) Pacer for Mark. Expected Live: 57324K, Free: 222M, Non-Taxable: 22759K, Alloc Tax Rate: 0.3x
[50.953s][info][gc             ] GC(32) Pause Init Mark (unload classes) 0.154ms
[50.953s][info][gc,start       ] GC(32) Concurrent marking roots
[50.953s][info][gc,task        ] GC(32) Using 3 of 6 workers for concurrent marking roots
[50.953s][info][gc             ] GC(32) Concurrent marking roots 0.503ms
[50.953s][info][gc,start       ] GC(32) Concurrent marking (unload classes)
[50.953s][info][gc,task        ] GC(32) Using 3 of 6 workers for concurrent marking
[50.954s][info][gc             ] GC(32) Concurrent marking (unload classes) 0.826ms
[50.954s][info][gc,start       ] GC(32) Pause Final Mark (unload classes)
[50.954s][info][gc,task        ] GC(32) Using 6 of 6 workers for final marking
[50.954s][info][gc,ergo        ] GC(32) Collectable Garbage: 81920K (99%), Immediate: 81920K (99%), CSet: 0B (0%)
[50.954s][info][gc             ] GC(32) Pause Final Mark (unload classes) 0.294ms
[50.954s][info][gc,start       ] GC(32) Concurrent weak references
[50.954s][info][gc,task        ] GC(32) Using 3 of 6 workers for concurrent weak references
[50.955s][info][gc,ref         ] GC(32) Encountered references: Soft: 45, Weak: 116, Final: 0, Phantom: 7
[50.955s][info][gc,ref         ] GC(32) Discovered  references: Soft: 0, Weak: 68, Final: 0, Phantom: 5
[50.955s][info][gc,ref         ] GC(32) Enqueued    references: Soft: 0, Weak: 0, Final: 0, Phantom: 0
[50.955s][info][gc             ] GC(32) Concurrent weak references 0.143ms
[50.955s][info][gc,start       ] GC(32) Concurrent weak roots
[50.955s][info][gc,task        ] GC(32) Using 3 of 6 workers for concurrent weak root
[50.955s][info][gc             ] GC(32) Concurrent weak roots 0.227ms
[50.955s][info][gc,start       ] GC(32) Concurrent cleanup
[50.955s][info][gc             ] GC(32) Concurrent cleanup 261M->181M(512M) 0.028ms
[50.955s][info][gc,ergo        ] GC(32) Free: 303M, Max: 256K regular, 147M humongous, Frag: 52% external, 0% internal; Reserve: 26368K, Max: 256K
[50.955s][info][gc,start       ] GC(32) Concurrent class unloading
[50.955s][info][gc,task        ] GC(32) Using 3 of 6 workers for concurrent class unloading
[50.955s][info][gc             ] GC(32) Concurrent class unloading 0.393ms
[50.955s][info][gc,start       ] GC(32) Pause Final Roots
[50.955s][info][gc             ] GC(32) Pause Final Roots 0.019ms
[50.955s][info][gc,ergo        ] Free: 303M, Max: 256K regular, 147M humongous, Frag: 52% external, 0% internal; Reserve: 26368K, Max: 256K
[50.955s][info][gc,stats       ] 
[50.955s][info][gc,stats       ] All times are wall-clock times, except per-root-class counters, that are sum over
[50.955s][info][gc,stats       ] all workers. Dividing the <total> over the root stage time estimates parallelism.
[50.955s][info][gc,stats       ] 
[50.955s][info][gc,stats       ] Concurrent Reset                    260 us
[50.955s][info][gc,stats       ] Pause Init Mark (G)                 268 us
[50.955s][info][gc,stats       ] Pause Init Mark (N)                 163 us
[50.955s][info][gc,stats       ]   Update Region States              104 us
[50.955s][info][gc,stats       ] Concurrent Mark Roots               520 us, parallelism: 1.67x
[50.955s][info][gc,stats       ]   CMR: <total>                      871 us
[50.955s][info][gc,stats       ]   CMR: Thread Roots                 840 us, workers (us): 387, 255, 198, ---, ---, ---, 
[50.955s][info][gc,stats       ]   CMR: VM Strong Roots                3 us, workers (us):   3,   0,   0, ---, ---, ---, 
[50.955s][info][gc,stats       ]   CMR: CLDG Roots                    28 us, workers (us):  28, ---, ---, ---, ---, ---, 
[50.955s][info][gc,stats       ] Concurrent Marking                  844 us
[50.955s][info][gc,stats       ] Pause Final Mark (G)                406 us
[50.955s][info][gc,stats       ] Pause Final Mark (N)                305 us
[50.956s][info][gc,stats       ]   Finish Mark                       121 us
[50.956s][info][gc,stats       ]   Update Region States              104 us
[50.956s][info][gc,stats       ]   Choose Collection Set              31 us
[50.956s][info][gc,stats       ]   Rebuild Free Set                    8 us
[50.956s][info][gc,stats       ] Concurrent Weak References          152 us, parallelism: 0.02x
[50.956s][info][gc,stats       ]   CWRF: <total>                       3 us
[50.956s][info][gc,stats       ]   CWRF: Weak References               3 us, workers (us):   3,   1,   0, ---, ---, ---, 
[50.956s][info][gc,stats       ] Concurrent Weak Roots               245 us
[50.956s][info][gc,stats       ]   Roots                             122 us, parallelism: 0.73x
[50.956s][info][gc,stats       ]     CWR: <total>                     89 us
[50.956s][info][gc,stats       ]     CWR: Code Cache Roots            47 us, workers (us):  14,  33,   0, ---, ---, ---, 
[50.956s][info][gc,stats       ]     CWR: VM Weak Roots               42 us, workers (us):  34,   7,   0, ---, ---, ---, 
[50.956s][info][gc,stats       ]     CWR: CLDG Roots                   1 us, workers (us):   1, ---, ---, ---, ---, ---, 
[50.956s][info][gc,stats       ]   Rendezvous                         88 us
[50.956s][info][gc,stats       ] Concurrent Cleanup                   38 us
[50.956s][info][gc,stats       ] Concurrent Class Unloading          410 us
[50.956s][info][gc,stats       ]   Unlink Stale                      189 us
[50.956s][info][gc,stats       ]     System Dictionary                 1 us
[50.956s][info][gc,stats       ]     Weak Class Links                  0 us
[50.956s][info][gc,stats       ]     Code Roots                      187 us
[50.956s][info][gc,stats       ]   Rendezvous                         91 us
[50.956s][info][gc,stats       ]   Purge Unlinked                     96 us
[50.956s][info][gc,stats       ]     Code Roots                       92 us
[50.956s][info][gc,stats       ]     CLDG                              4 us
[50.956s][info][gc,stats       ]     Exception Caches                  0 us
[50.956s][info][gc,stats       ] Pause Final Roots (G)                82 us
[50.956s][info][gc,stats       ] Pause Final Roots (N)                28 us
[50.956s][info][gc,stats       ] Pacing                            62016 us
[50.956s][info][gc,stats       ] 
[50.956s][info][gc,stats       ] Allocation pacing accrued:
[50.956s][info][gc,stats       ]      62 of   390 ms ( 15.9%): main
[50.956s][info][gc,stats       ]      62 of   390 ms ( 15.9%): <total>
[50.956s][info][gc,stats       ]       5 of   390 ms (  1.2%): <average total>
[50.956s][info][gc,stats       ]      62 of   390 ms ( 15.9%): <average non-zero>
[50.956s][info][gc,stats       ] 
[50.956s][info][gc,metaspace   ] Metaspace: 1070K(1280K)->1070K(1280K) NonClass: 988K(1088K)->988K(1088K) Class: 81K(192K)->81K(192K)
[50.956s][info][gc,ergo        ] Pacer for Idle. Initial: 10485K, Alloc Tax Rate: 1.0x
[52.298s][info][gc             ] Trigger: Average GC time (3.74 ms) is above the time for average allocation rate (121 MB/s) to deplete free headroom (0B) (margin of error = 2.40)
[52.298s][info][gc,ergo        ] Free headroom: 196M (free) - 26214K (spike) - 199M (penalties) = 0B
[52.298s][info][gc,ergo        ] Free: 196M, Max: 256K regular, 147M humongous, Frag: 25% external, 0% internal; Reserve: 26368K, Max: 256K
[52.298s][info][gc,start       ] GC(33) Concurrent reset
[52.298s][info][gc,task        ] GC(33) Using 3 of 6 workers for concurrent reset
[52.298s][info][gc,ergo        ] GC(33) Pacer for Reset. Non-Taxable: 512M
[52.299s][info][gc             ] GC(33) Concurrent reset 0.284ms
[52.299s][info][gc,start       ] GC(33) Pause Init Mark (unload classes)
[52.299s][info][gc,task        ] GC(33) Using 6 of 6 workers for init marking
[52.299s][info][gc,ergo        ] GC(33) Pacer for Mark. Expected Live: 81695K, Free: 196M, Non-Taxable: 20071K, Alloc Tax Rate: 0.5x
[52.299s][info][gc             ] GC(33) Pause Init Mark (unload classes) 0.108ms
[52.299s][info][gc,start       ] GC(33) Concurrent marking roots
[52.299s][info][gc,task        ] GC(33) Using 3 of 6 workers for concurrent marking roots
[52.299s][info][gc             ] GC(33) Concurrent marking roots 0.324ms
[52.299s][info][gc,start       ] GC(33) Concurrent marking (unload classes)
[52.299s][info][gc,task        ] GC(33) Using 3 of 6 workers for concurrent marking
[52.300s][info][gc             ] GC(33) Concurrent marking (unload classes) 0.745ms
[52.300s][info][gc,start       ] GC(33) Pause Final Mark (unload classes)
[52.300s][info][gc,task        ] GC(33) Using 6 of 6 workers for final marking
[52.300s][info][gc,ergo        ] GC(33) Collectable Garbage: 230M (99%), Immediate: 230M (99%), CSet: 0B (0%)
[52.300s][info][gc             ] GC(33) Pause Final Mark (unload classes) 0.199ms
[52.300s][info][gc,start       ] GC(33) Concurrent weak references
[52.300s][info][gc,task        ] GC(33) Using 3 of 6 workers for concurrent weak references
[52.300s][info][gc,ref         ] GC(33) Encountered references: Soft: 45, Weak: 116, Final: 0, Phantom: 7
[52.300s][info][gc,ref         ] GC(33) Discovered  references: Soft: 0, Weak: 72, Final: 0, Phantom: 5
[52.300s][info][gc,ref         ] GC(33) Enqueued    references: Soft: 0, Weak: 0, Final: 0, Phantom: 0
[52.300s][info][gc             ] GC(33) Concurrent weak references 0.122ms
[52.300s][info][gc,start       ] GC(33) Concurrent weak roots
[52.300s][info][gc,task        ] GC(33) Using 3 of 6 workers for concurrent weak root
[52.301s][info][gc             ] GC(33) Concurrent weak roots 0.210ms
[52.301s][info][gc,start       ] GC(33) Concurrent cleanup
[52.301s][info][gc             ] GC(33) Concurrent cleanup 287M->56M(512M) 0.052ms
[52.301s][info][gc,ergo        ] GC(33) Free: 429M, Max: 256K regular, 288M humongous, Frag: 33% external, 0% internal; Reserve: 26368K, Max: 256K
[52.301s][info][gc,start       ] GC(33) Concurrent class unloading
[52.301s][info][gc,task        ] GC(33) Using 3 of 6 workers for concurrent class unloading
[52.301s][info][gc             ] GC(33) Concurrent class unloading 0.271ms
[52.301s][info][gc,start       ] GC(33) Pause Final Roots
[52.301s][info][gc             ] GC(33) Pause Final Roots 0.015ms
[52.301s][info][gc,ergo        ] Free: 429M, Max: 256K regular, 288M humongous, Frag: 33% external, 0% internal; Reserve: 26368K, Max: 256K
[52.301s][info][gc,stats       ] 
[52.301s][info][gc,stats       ] All times are wall-clock times, except per-root-class counters, that are sum over
[52.301s][info][gc,stats       ] all workers. Dividing the <total> over the root stage time estimates parallelism.
[52.301s][info][gc,stats       ] 
[52.301s][info][gc,stats       ] Concurrent Reset                    305 us
[52.301s][info][gc,stats       ] Pause Init Mark (G)                 249 us
[52.301s][info][gc,stats       ] Pause Init Mark (N)                 118 us
[52.301s][info][gc,stats       ]   Update Region States               56 us
[52.301s][info][gc,stats       ] Concurrent Mark Roots               342 us, parallelism: 1.06x
[52.301s][info][gc,stats       ]   CMR: <total>                      361 us
[52.301s][info][gc,stats       ]   CMR: Thread Roots                 319 us, workers (us):  37, 206,  75, ---, ---, ---, 
[52.301s][info][gc,stats       ]   CMR: VM Strong Roots                4 us, workers (us):   4,   0,   0, ---, ---, ---, 
[52.301s][info][gc,stats       ]   CMR: CLDG Roots                    38 us, workers (us):  38, ---, ---, ---, ---, ---, 
[52.301s][info][gc,stats       ] Concurrent Marking                  763 us
[52.301s][info][gc,stats       ] Pause Final Mark (G)                303 us
[52.301s][info][gc,stats       ] Pause Final Mark (N)                209 us
[52.301s][info][gc,stats       ]   Finish Mark                        71 us
[52.301s][info][gc,stats       ]   Update Region States               59 us
[52.301s][info][gc,stats       ]   Choose Collection Set              31 us
[52.301s][info][gc,stats       ]   Rebuild Free Set                    9 us
[52.301s][info][gc,stats       ] Concurrent Weak References          130 us, parallelism: 0.03x
[52.301s][info][gc,stats       ]   CWRF: <total>                       3 us
[52.301s][info][gc,stats       ]   CWRF: Weak References               3 us, workers (us):   3,   0,   0, ---, ---, ---, 
[52.301s][info][gc,stats       ] Concurrent Weak Roots               227 us
[52.301s][info][gc,stats       ]   Roots                             129 us, parallelism: 0.69x
[52.301s][info][gc,stats       ]     CWR: <total>                     89 us
[52.301s][info][gc,stats       ]     CWR: Code Cache Roots            49 us, workers (us):   0,  15,  34, ---, ---, ---, 
[52.301s][info][gc,stats       ]     CWR: VM Weak Roots               40 us, workers (us):  37,   2,   1, ---, ---, ---, 
[52.301s][info][gc,stats       ]     CWR: CLDG Roots                   1 us, workers (us):   1, ---, ---, ---, ---, ---, 
[52.301s][info][gc,stats       ]   Rendezvous                         64 us
[52.301s][info][gc,stats       ] Concurrent Cleanup                   62 us
[52.301s][info][gc,stats       ] Concurrent Class Unloading          288 us
[52.301s][info][gc,stats       ]   Unlink Stale                      174 us
[52.301s][info][gc,stats       ]     System Dictionary                 1 us
[52.301s][info][gc,stats       ]     Weak Class Links                  0 us
[52.301s][info][gc,stats       ]     Code Roots                      172 us
[52.301s][info][gc,stats       ]   Rendezvous                         23 us
[52.301s][info][gc,stats       ]   Purge Unlinked                     57 us
[52.301s][info][gc,stats       ]     Code Roots                       54 us
[52.301s][info][gc,stats       ]     CLDG                              3 us
[52.301s][info][gc,stats       ]     Exception Caches                  0 us
[52.301s][info][gc,stats       ] Pause Final Roots (G)                44 us
[52.301s][info][gc,stats       ] Pause Final Roots (N)                23 us
[52.301s][info][gc,stats       ] Pacing                            30388 us
[52.301s][info][gc,stats       ] 
[52.301s][info][gc,stats       ] Allocation pacing accrued:
[52.301s][info][gc,stats       ]      30 of  1346 ms (  2.3%): main
[52.301s][info][gc,stats       ]      30 of  1346 ms (  2.3%): <total>
[52.301s][info][gc,stats       ]       2 of  1346 ms (  0.2%): <average total>
[52.301s][info][gc,stats       ]      30 of  1346 ms (  2.3%): <average non-zero>
[52.301s][info][gc,stats       ] 
[52.301s][info][gc,metaspace   ] Metaspace: 1070K(1280K)->1070K(1280K) NonClass: 988K(1088K)->988K(1088K) Class: 81K(192K)->81K(192K)
[52.301s][info][gc,ergo        ] Pacer for Idle. Initial: 10485K, Alloc Tax Rate: 1.0x
[53.780s][info][gc             ] Trigger: Average GC time (3.46 ms) is above the time for average allocation rate (136 MB/s) to deplete free headroom (0B) (margin of error = 2.40)
[53.780s][info][gc,ergo        ] Free headroom: 203M (free) - 26214K (spike) - 194M (penalties) = 0B
[53.780s][info][gc,ergo        ] Free: 203M, Max: 256K regular, 197M humongous, Frag: 4% external, 0% internal; Reserve: 26368K, Max: 256K
[53.780s][info][gc,start       ] GC(34) Concurrent reset
[53.780s][info][gc,task        ] GC(34) Using 3 of 6 workers for concurrent reset
[53.780s][info][gc,ergo        ] GC(34) Pacer for Reset. Non-Taxable: 512M
[53.781s][info][gc             ] GC(34) Concurrent reset 0.296ms
[53.781s][info][gc,start       ] GC(34) Pause Init Mark (unload classes)
[53.781s][info][gc,task        ] GC(34) Using 6 of 6 workers for init marking
[53.781s][info][gc,ergo        ] GC(34) Pacer for Mark. Expected Live: 83538K, Free: 203M, Non-Taxable: 20839K, Alloc Tax Rate: 0.5x
[53.781s][info][gc             ] GC(34) Pause Init Mark (unload classes) 0.179ms
[53.781s][info][gc,start       ] GC(34) Concurrent marking roots
[53.781s][info][gc,task        ] GC(34) Using 3 of 6 workers for concurrent marking roots
[53.782s][info][gc             ] GC(34) Concurrent marking roots 0.753ms
[53.782s][info][gc,start       ] GC(34) Concurrent marking (unload classes)
[53.782s][info][gc,task        ] GC(34) Using 3 of 6 workers for concurrent marking
[53.782s][info][gc             ] GC(34) Concurrent marking (unload classes) 0.795ms
[53.783s][info][gc,start       ] GC(34) Pause Final Mark (unload classes)
[53.783s][info][gc,task        ] GC(34) Using 6 of 6 workers for final marking
[53.783s][info][gc,ergo        ] GC(34) Collectable Garbage: 216M (99%), Immediate: 216M (99%), CSet: 0B (0%)
[53.783s][info][gc             ] GC(34) Pause Final Mark (unload classes) 0.169ms
[53.783s][info][gc,start       ] GC(34) Concurrent weak references
[53.783s][info][gc,task        ] GC(34) Using 3 of 6 workers for concurrent weak references
[53.783s][info][gc,ref         ] GC(34) Encountered references: Soft: 45, Weak: 116, Final: 0, Phantom: 7
[53.783s][info][gc,ref         ] GC(34) Discovered  references: Soft: 0, Weak: 68, Final: 0, Phantom: 5
[53.783s][info][gc,ref         ] GC(34) Enqueued    references: Soft: 0, Weak: 0, Final: 0, Phantom: 0
[53.783s][info][gc             ] GC(34) Concurrent weak references 0.144ms
[53.783s][info][gc,start       ] GC(34) Concurrent weak roots
[53.783s][info][gc,task        ] GC(34) Using 3 of 6 workers for concurrent weak root
[53.783s][info][gc             ] GC(34) Concurrent weak roots 0.124ms
[53.783s][info][gc,start       ] GC(34) Concurrent cleanup
[53.783s][info][gc             ] GC(34) Concurrent cleanup 278M->62M(512M) 0.050ms
[53.783s][info][gc,ergo        ] GC(34) Free: 422M, Max: 256K regular, 197M humongous, Frag: 54% external, 0% internal; Reserve: 26368K, Max: 256K
[53.783s][info][gc,start       ] GC(34) Concurrent class unloading
[53.783s][info][gc,task        ] GC(34) Using 3 of 6 workers for concurrent class unloading
[53.783s][info][gc             ] GC(34) Concurrent class unloading 0.253ms
[53.783s][info][gc,start       ] GC(34) Pause Final Roots
[53.783s][info][gc             ] GC(34) Pause Final Roots 0.016ms
[53.783s][info][gc,ergo        ] Free: 422M, Max: 256K regular, 197M humongous, Frag: 54% external, 0% internal; Reserve: 26368K, Max: 256K
[53.784s][info][gc,stats       ] 
[53.784s][info][gc,stats       ] All times are wall-clock times, except per-root-class counters, that are sum over
[53.784s][info][gc,stats       ] all workers. Dividing the <total> over the root stage time estimates parallelism.
[53.784s][info][gc,stats       ] 
[53.784s][info][gc,stats       ] Concurrent Reset                    318 us
[53.784s][info][gc,stats       ] Pause Init Mark (G)                 279 us
[53.784s][info][gc,stats       ] Pause Init Mark (N)                 189 us
[53.784s][info][gc,stats       ]   Update Region States              125 us
[53.784s][info][gc,stats       ] Concurrent Mark Roots               770 us, parallelism: 1.71x
[53.784s][info][gc,stats       ]   CMR: <total>                     1321 us
[53.784s][info][gc,stats       ]   CMR: Thread Roots                1286 us, workers (us): 635, 163, 488, ---, ---, ---, 
[53.784s][info][gc,stats       ]   CMR: VM Strong Roots                4 us, workers (us):   4,   0,   0, ---, ---, ---, 
[53.784s][info][gc,stats       ]   CMR: CLDG Roots                    30 us, workers (us):  30, ---, ---, ---, ---, ---, 
[53.784s][info][gc,stats       ] Concurrent Marking                  823 us
[53.784s][info][gc,stats       ] Pause Final Mark (G)                284 us
[53.784s][info][gc,stats       ] Pause Final Mark (N)                179 us
[53.784s][info][gc,stats       ]   Finish Mark                        32 us
[53.784s][info][gc,stats       ]   Update Region States               61 us
[53.784s][info][gc,stats       ]   Choose Collection Set              38 us
[53.784s][info][gc,stats       ]   Rebuild Free Set                    8 us
[53.784s][info][gc,stats       ] Concurrent Weak References          152 us, parallelism: 0.03x
[53.784s][info][gc,stats       ]   CWRF: <total>                       4 us
[53.784s][info][gc,stats       ]   CWRF: Weak References               4 us, workers (us):   3,   0,   0, ---, ---, ---, 
[53.784s][info][gc,stats       ] Concurrent Weak Roots               141 us
[53.784s][info][gc,stats       ]   Roots                              79 us, parallelism: 1.14x
[53.784s][info][gc,stats       ]     CWR: <total>                     90 us
[53.784s][info][gc,stats       ]     CWR: Code Cache Roots            48 us, workers (us):  14,  34,   0, ---, ---, ---, 
[53.784s][info][gc,stats       ]     CWR: VM Weak Roots               41 us, workers (us):  21,  20,   0, ---, ---, ---, 
[53.784s][info][gc,stats       ]     CWR: CLDG Roots                   1 us, workers (us):   1, ---, ---, ---, ---, ---, 
[53.784s][info][gc,stats       ]   Rendezvous                         27 us
[53.784s][info][gc,stats       ] Concurrent Cleanup                   60 us
[53.784s][info][gc,stats       ] Concurrent Class Unloading          266 us
[53.784s][info][gc,stats       ]   Unlink Stale                      143 us
[53.784s][info][gc,stats       ]     System Dictionary                 1 us
[53.784s][info][gc,stats       ]     Weak Class Links                  0 us
[53.784s][info][gc,stats       ]     Code Roots                      141 us
[53.784s][info][gc,stats       ]   Rendezvous                         23 us
[53.784s][info][gc,stats       ]   Purge Unlinked                     69 us
[53.784s][info][gc,stats       ]     Code Roots                       66 us
[53.784s][info][gc,stats       ]     CLDG                              3 us
[53.784s][info][gc,stats       ]     Exception Caches                  0 us
[53.784s][info][gc,stats       ] Pause Final Roots (G)                46 us
[53.784s][info][gc,stats       ] Pause Final Roots (N)                25 us
[53.784s][info][gc,stats       ] Pacing                            58085 us
[53.784s][info][gc,stats       ] 
[53.784s][info][gc,stats       ] Allocation pacing accrued:
[53.784s][info][gc,stats       ]      58 of  1482 ms (  3.9%): main
[53.784s][info][gc,stats       ]      58 of  1482 ms (  3.9%): <total>
[53.784s][info][gc,stats       ]       4 of  1482 ms (  0.3%): <average total>
[53.784s][info][gc,stats       ]      58 of  1482 ms (  3.9%): <average non-zero>
[53.784s][info][gc,stats       ] 
[53.784s][info][gc,metaspace   ] Metaspace: 1070K(1280K)->1070K(1280K) NonClass: 988K(1088K)->988K(1088K) Class: 81K(192K)->81K(192K)
[53.784s][info][gc,ergo        ] Pacer for Idle. Initial: 10485K, Alloc Tax Rate: 1.0x
[56.554s][info][gc             ] Trigger: Average GC time (3.58 ms) is above the time for average allocation rate (92859 KB/s) to deplete free headroom (0B) (margin of error = 2.40)
[56.554s][info][gc,ergo        ] Free headroom: 204M (free) - 26214K (spike) - 189M (penalties) = 0B
[56.554s][info][gc,ergo        ] Free: 204M, Max: 256K regular, 197M humongous, Frag: 4% external, 0% internal; Reserve: 26368K, Max: 256K
[56.554s][info][gc,start       ] GC(35) Concurrent reset
[56.554s][info][gc,task        ] GC(35) Using 3 of 6 workers for concurrent reset
[56.555s][info][gc,ergo        ] GC(35) Pacer for Reset. Non-Taxable: 512M
[56.555s][info][gc             ] GC(35) Concurrent reset 0.327ms
[56.555s][info][gc,start       ] GC(35) Pause Init Mark (unload classes)
[56.555s][info][gc,task        ] GC(35) Using 6 of 6 workers for init marking
[56.555s][info][gc,ergo        ] GC(35) Pacer for Mark. Expected Live: 89887K, Free: 204M, Non-Taxable: 20916K, Alloc Tax Rate: 0.5x
[56.555s][info][gc             ] GC(35) Pause Init Mark (unload classes) 0.158ms
[56.555s][info][gc,start       ] GC(35) Concurrent marking roots
[56.555s][info][gc,task        ] GC(35) Using 3 of 6 workers for concurrent marking roots
[56.555s][info][gc             ] GC(35) Concurrent marking roots 0.344ms
[56.555s][info][gc,start       ] GC(35) Concurrent marking (unload classes)
[56.555s][info][gc,task        ] GC(35) Using 3 of 6 workers for concurrent marking
[56.556s][info][gc             ] GC(35) Concurrent marking (unload classes) 0.803ms
[56.556s][info][gc,start       ] GC(35) Pause Final Mark (unload classes)
[56.556s][info][gc,task        ] GC(35) Using 6 of 6 workers for final marking
[56.557s][info][gc,ergo        ] GC(35) Collectable Garbage: 239M (99%), Immediate: 239M (99%), CSet: 0B (0%)
[56.557s][info][gc             ] GC(35) Pause Final Mark (unload classes) 0.286ms
[56.557s][info][gc,start       ] GC(35) Concurrent weak references
[56.557s][info][gc,task        ] GC(35) Using 3 of 6 workers for concurrent weak references
[56.557s][info][gc,ref         ] GC(35) Encountered references: Soft: 45, Weak: 116, Final: 0, Phantom: 7
[56.557s][info][gc,ref         ] GC(35) Discovered  references: Soft: 0, Weak: 68, Final: 0, Phantom: 5
[56.557s][info][gc,ref         ] GC(35) Enqueued    references: Soft: 0, Weak: 0, Final: 0, Phantom: 0
[56.557s][info][gc             ] GC(35) Concurrent weak references 0.162ms
[56.557s][info][gc,start       ] GC(35) Concurrent weak roots
[56.557s][info][gc,task        ] GC(35) Using 3 of 6 workers for concurrent weak root
[56.557s][info][gc             ] GC(35) Concurrent weak roots 0.269ms
[56.557s][info][gc,start       ] GC(35) Concurrent cleanup
[56.557s][info][gc             ] GC(35) Concurrent cleanup 275M->36M(512M) 0.053ms
[56.557s][info][gc,ergo        ] GC(35) Free: 448M, Max: 256K regular, 253M humongous, Frag: 44% external, 0% internal; Reserve: 26368K, Max: 256K
[56.557s][info][gc,start       ] GC(35) Concurrent class unloading
[56.557s][info][gc,task        ] GC(35) Using 3 of 6 workers for concurrent class unloading
[56.558s][info][gc             ] GC(35) Concurrent class unloading 0.391ms
[56.558s][info][gc,start       ] GC(35) Pause Final Roots
[56.558s][info][gc             ] GC(35) Pause Final Roots 0.018ms
[56.558s][info][gc,ergo        ] Free: 448M, Max: 256K regular, 253M humongous, Frag: 44% external, 0% internal; Reserve: 26368K, Max: 256K
[56.558s][info][gc,stats       ] 
[56.558s][info][gc,stats       ] All times are wall-clock times, except per-root-class counters, that are sum over
[56.558s][info][gc,stats       ] all workers. Dividing the <total> over the root stage time estimates parallelism.
[56.558s][info][gc,stats       ] 
[56.558s][info][gc,stats       ] Concurrent Reset                    345 us
[56.558s][info][gc,stats       ] Pause Init Mark (G)                 279 us
[56.558s][info][gc,stats       ] Pause Init Mark (N)                 169 us
[56.558s][info][gc,stats       ]   Update Region States              105 us
[56.558s][info][gc,stats       ] Concurrent Mark Roots               361 us, parallelism: 0.95x
[56.558s][info][gc,stats       ]   CMR: <total>                      342 us
[56.558s][info][gc,stats       ]   CMR: Thread Roots                 305 us, workers (us):  58, 173,  74, ---, ---, ---, 
[56.558s][info][gc,stats       ]   CMR: VM Strong Roots                3 us, workers (us):   3,   0,   0, ---, ---, ---, 
[56.558s][info][gc,stats       ]   CMR: CLDG Roots                    34 us, workers (us): ---,  34, ---, ---, ---, ---, 
[56.558s][info][gc,stats       ] Concurrent Marking                  820 us
[56.558s][info][gc,stats       ] Pause Final Mark (G)                428 us
[56.558s][info][gc,stats       ] Pause Final Mark (N)                296 us
[56.558s][info][gc,stats       ]   Finish Mark                       140 us
[56.558s][info][gc,stats       ]   Update Region States               71 us
[56.558s][info][gc,stats       ]   Choose Collection Set              38 us
[56.558s][info][gc,stats       ]   Rebuild Free Set                    8 us
[56.558s][info][gc,stats       ] Concurrent Weak References          171 us, parallelism: 0.02x
[56.558s][info][gc,stats       ]   CWRF: <total>                       3 us
[56.558s][info][gc,stats       ]   CWRF: Weak References               3 us, workers (us):   3,   0,   0, ---, ---, ---, 
[56.558s][info][gc,stats       ] Concurrent Weak Roots               287 us
[56.558s][info][gc,stats       ]   Roots                             163 us, parallelism: 0.61x
[56.558s][info][gc,stats       ]     CWR: <total>                    100 us
[56.558s][info][gc,stats       ]     CWR: Code Cache Roots            47 us, workers (us):  34,   0,  14, ---, ---, ---, 
[56.558s][info][gc,stats       ]     CWR: VM Weak Roots               52 us, workers (us):  18,  17,  16, ---, ---, ---, 
[56.558s][info][gc,stats       ]     CWR: CLDG Roots                   1 us, workers (us): ---,   1, ---, ---, ---, ---, 
[56.558s][info][gc,stats       ]   Rendezvous                         89 us
[56.558s][info][gc,stats       ] Concurrent Cleanup                   63 us
[56.558s][info][gc,stats       ] Concurrent Class Unloading          409 us
[56.558s][info][gc,stats       ]   Unlink Stale                      181 us
[56.558s][info][gc,stats       ]     System Dictionary                 1 us
[56.558s][info][gc,stats       ]     Weak Class Links                  0 us
[56.558s][info][gc,stats       ]     Code Roots                      179 us
[56.558s][info][gc,stats       ]   Rendezvous                         88 us
[56.558s][info][gc,stats       ]   Purge Unlinked                    105 us
[56.558s][info][gc,stats       ]     Code Roots                      101 us
[56.558s][info][gc,stats       ]     CLDG                              4 us
[56.558s][info][gc,stats       ]     Exception Caches                  0 us
[56.558s][info][gc,stats       ] Pause Final Roots (G)               111 us
[56.558s][info][gc,stats       ] Pause Final Roots (N)                28 us
[56.558s][info][gc,stats       ] Pacing                            42945 us
[56.558s][info][gc,stats       ] 
[56.558s][info][gc,stats       ] Allocation pacing accrued:
[56.558s][info][gc,stats       ]      43 of  2774 ms (  1.5%): main
[56.558s][info][gc,stats       ]      43 of  2774 ms (  1.5%): <total>
[56.558s][info][gc,stats       ]       3 of  2774 ms (  0.1%): <average total>
[56.558s][info][gc,stats       ]      43 of  2774 ms (  1.5%): <average non-zero>
[56.558s][info][gc,stats       ] 
[56.558s][info][gc,metaspace   ] Metaspace: 1071K(1280K)->1071K(1280K) NonClass: 989K(1088K)->989K(1088K) Class: 81K(192K)->81K(192K)
[56.558s][info][gc,ergo        ] Pacer for Idle. Initial: 10485K, Alloc Tax Rate: 1.0x
[58.143s][info][gc             ] Trigger: Average GC time (3.69 ms) is above the time for average allocation rate (142 MB/s) to deplete free headroom (0B) (margin of error = 2.39)
[58.143s][info][gc,ergo        ] Free headroom: 173M (free) - 26214K (spike) - 184M (penalties) = 0B
[58.143s][info][gc,ergo        ] Free: 173M, Max: 256K regular, 162M humongous, Frag: 7% external, 0% internal; Reserve: 26368K, Max: 256K
[58.143s][info][gc,start       ] GC(36) Concurrent reset
[58.143s][info][gc,task        ] GC(36) Using 3 of 6 workers for concurrent reset
[58.143s][info][gc,ergo        ] GC(36) Pacer for Reset. Non-Taxable: 512M
[58.143s][info][gc             ] GC(36) Concurrent reset 0.190ms
[58.158s][info][gc,start       ] GC(36) Pause Init Mark (unload classes)
[58.158s][info][gc,task        ] GC(36) Using 6 of 6 workers for init marking
[58.158s][info][gc,ergo        ] GC(36) Pacer for Mark. Expected Live: 87839K, Free: 173M, Non-Taxable: 17716K, Alloc Tax Rate: 0.6x
[58.158s][info][gc             ] GC(36) Pause Init Mark (unload classes) 0.162ms
[58.159s][info][gc,start       ] GC(36) Concurrent marking roots
[58.159s][info][gc,task        ] GC(36) Using 3 of 6 workers for concurrent marking roots
[58.159s][info][gc             ] GC(36) Concurrent marking roots 0.324ms
[58.159s][info][gc,start       ] GC(36) Concurrent marking (unload classes)
[58.159s][info][gc,task        ] GC(36) Using 3 of 6 workers for concurrent marking
[58.160s][info][gc             ] GC(36) Concurrent marking (unload classes) 0.913ms
[58.160s][info][gc,start       ] GC(36) Pause Final Mark (unload classes)
[58.160s][info][gc,task        ] GC(36) Using 6 of 6 workers for final marking
[58.160s][info][gc,ergo        ] GC(36) Collectable Garbage: 217M (99%), Immediate: 217M (99%), CSet: 0B (0%)
[58.160s][info][gc             ] GC(36) Pause Final Mark (unload classes) 0.134ms
[58.160s][info][gc,start       ] GC(36) Concurrent weak references
[58.160s][info][gc,task        ] GC(36) Using 3 of 6 workers for concurrent weak references
[58.160s][info][gc,ref         ] GC(36) Encountered references: Soft: 45, Weak: 116, Final: 0, Phantom: 7
[58.160s][info][gc,ref         ] GC(36) Discovered  references: Soft: 0, Weak: 72, Final: 0, Phantom: 5
[58.160s][info][gc,ref         ] GC(36) Enqueued    references: Soft: 0, Weak: 0, Final: 0, Phantom: 0
[58.160s][info][gc             ] GC(36) Concurrent weak references 0.114ms
[58.160s][info][gc,start       ] GC(36) Concurrent weak roots
[58.160s][info][gc,task        ] GC(36) Using 3 of 6 workers for concurrent weak root
[58.160s][info][gc             ] GC(36) Concurrent weak roots 0.185ms
[58.160s][info][gc,start       ] GC(36) Concurrent cleanup
[58.160s][info][gc             ] GC(36) Concurrent cleanup 309M->91M(512M) 0.052ms
[58.160s][info][gc,ergo        ] GC(36) Free: 393M, Max: 256K regular, 162M humongous, Frag: 59% external, 0% internal; Reserve: 26368K, Max: 256K
[58.160s][info][gc,start       ] GC(36) Concurrent class unloading
[58.160s][info][gc,task        ] GC(36) Using 3 of 6 workers for concurrent class unloading
[58.161s][info][gc             ] GC(36) Concurrent class unloading 0.282ms
[58.161s][info][gc,start       ] GC(36) Pause Final Roots
[58.161s][info][gc             ] GC(36) Pause Final Roots 0.017ms
[58.161s][info][gc,ergo        ] Free: 393M, Max: 256K regular, 162M humongous, Frag: 59% external, 0% internal; Reserve: 26368K, Max: 256K
[58.161s][info][gc,stats       ] 
[58.161s][info][gc,stats       ] All times are wall-clock times, except per-root-class counters, that are sum over
[58.161s][info][gc,stats       ] all workers. Dividing the <total> over the root stage time estimates parallelism.
[58.161s][info][gc,stats       ] 
[58.161s][info][gc,stats       ] Concurrent Reset                    212 us
[58.161s][info][gc,stats       ] Pause Init Mark (G)               15137 us
[58.161s][info][gc,stats       ] Pause Init Mark (N)                 172 us
[58.161s][info][gc,stats       ]   Update Region States               80 us
[58.161s][info][gc,stats       ] Concurrent Mark Roots               379 us, parallelism: 0.81x
[58.161s][info][gc,stats       ]   CMR: <total>                      307 us
[58.161s][info][gc,stats       ]   CMR: Thread Roots                 269 us, workers (us): 163,  71,  35, ---, ---, ---, 
[58.161s][info][gc,stats       ]   CMR: VM Strong Roots                4 us, workers (us):   3,   1,   0, ---, ---, ---, 
[58.161s][info][gc,stats       ]   CMR: CLDG Roots                    34 us, workers (us):  34, ---, ---, ---, ---, ---, 
[58.161s][info][gc,stats       ] Concurrent Marking                  932 us
[58.161s][info][gc,stats       ] Pause Final Mark (G)                181 us
[58.161s][info][gc,stats       ] Pause Final Mark (N)                144 us
[58.161s][info][gc,stats       ]   Finish Mark                        30 us
[58.161s][info][gc,stats       ]   Update Region States               29 us
[58.161s][info][gc,stats       ]   Choose Collection Set              36 us
[58.161s][info][gc,stats       ]   Rebuild Free Set                    8 us
[58.161s][info][gc,stats       ] Concurrent Weak References          122 us, parallelism: 0.03x
[58.161s][info][gc,stats       ]   CWRF: <total>                       3 us
[58.161s][info][gc,stats       ]   CWRF: Weak References               3 us, workers (us):   2,   1,   0, ---, ---, ---, 
[58.161s][info][gc,stats       ] Concurrent Weak Roots               203 us
[58.161s][info][gc,stats       ]   Roots                             102 us, parallelism: 0.85x
[58.161s][info][gc,stats       ]     CWR: <total>                     86 us
[58.161s][info][gc,stats       ]     CWR: Code Cache Roots            44 us, workers (us):  12,   0,  32, ---, ---, ---, 
[58.161s][info][gc,stats       ]     CWR: VM Weak Roots               42 us, workers (us):  15,  14,  12, ---, ---, ---, 
[58.161s][info][gc,stats       ]     CWR: CLDG Roots                   1 us, workers (us): ---,   1, ---, ---, ---, ---, 
[58.161s][info][gc,stats       ]   Rendezvous                         66 us
[58.161s][info][gc,stats       ] Concurrent Cleanup                   62 us
[58.161s][info][gc,stats       ] Concurrent Class Unloading          299 us
[58.161s][info][gc,stats       ]   Unlink Stale                      176 us
[58.161s][info][gc,stats       ]     System Dictionary                 1 us
[58.161s][info][gc,stats       ]     Weak Class Links                  0 us
[58.161s][info][gc,stats       ]     Code Roots                      174 us
[58.161s][info][gc,stats       ]   Rendezvous                         63 us
[58.161s][info][gc,stats       ]   Purge Unlinked                     25 us
[58.161s][info][gc,stats       ]     Code Roots                       22 us
[58.161s][info][gc,stats       ]     CLDG                              3 us
[58.161s][info][gc,stats       ]     Exception Caches                  0 us
[58.161s][info][gc,stats       ] Pause Final Roots (G)                47 us
[58.161s][info][gc,stats       ] Pause Final Roots (N)                25 us
[58.161s][info][gc,stats       ] Pacing                            75504 us
[58.161s][info][gc,stats       ] 
[58.161s][info][gc,stats       ] Allocation pacing accrued:
[58.161s][info][gc,stats       ]      76 of  1603 ms (  4.7%): main
[58.161s][info][gc,stats       ]      76 of  1603 ms (  4.7%): <total>
[58.161s][info][gc,stats       ]       6 of  1603 ms (  0.4%): <average total>
[58.161s][info][gc,stats       ]      76 of  1603 ms (  4.7%): <average non-zero>
[58.161s][info][gc,stats       ] 
[58.161s][info][gc,metaspace   ] Metaspace: 1071K(1280K)->1071K(1280K) NonClass: 989K(1088K)->989K(1088K) Class: 81K(192K)->81K(192K)
[58.161s][info][gc,ergo        ] Pacer for Idle. Initial: 10485K, Alloc Tax Rate: 1.0x
[59.642s][info][gc             ] Trigger: Average GC time (27.69 ms) is above the time for average allocation rate (102 MB/s) to deplete free headroom (0B) (margin of error = 2.39)
[59.642s][info][gc,ergo        ] Free headroom: 204M (free) - 26214K (spike) - 179M (penalties) = 0B
[59.642s][info][gc,ergo        ] Free: 204M, Max: 256K regular, 112M humongous, Frag: 45% external, 0% internal; Reserve: 26368K, Max: 256K
[59.642s][info][gc,start       ] GC(37) Concurrent reset
[59.642s][info][gc,task        ] GC(37) Using 3 of 6 workers for concurrent reset
[59.642s][info][gc,ergo        ] GC(37) Pacer for Reset. Non-Taxable: 512M
[59.642s][info][gc             ] GC(37) Concurrent reset 0.262ms
[59.642s][info][gc,start       ] GC(37) Pause Init Mark (unload classes)
[59.642s][info][gc,task        ] GC(37) Using 6 of 6 workers for init marking
[59.643s][info][gc,ergo        ] GC(37) Pacer for Mark. Expected Live: 87839K, Free: 204M, Non-Taxable: 20890K, Alloc Tax Rate: 0.5x
[59.643s][info][gc             ] GC(37) Pause Init Mark (unload classes) 0.139ms
[59.643s][info][gc,start       ] GC(37) Concurrent marking roots
[59.643s][info][gc,task        ] GC(37) Using 3 of 6 workers for concurrent marking roots
[59.643s][info][gc             ] GC(37) Concurrent marking roots 0.335ms
[59.643s][info][gc,start       ] GC(37) Concurrent marking (unload classes)
[59.643s][info][gc,task        ] GC(37) Using 3 of 6 workers for concurrent marking
[59.644s][info][gc             ] GC(37) Concurrent marking (unload classes) 0.772ms
[59.644s][info][gc,start       ] GC(37) Pause Final Mark (unload classes)
[59.644s][info][gc,task        ] GC(37) Using 6 of 6 workers for final marking
[59.644s][info][gc,ergo        ] GC(37) Collectable Garbage: 227M (99%), Immediate: 227M (99%), CSet: 0B (0%)
[59.644s][info][gc             ] GC(37) Pause Final Mark (unload classes) 0.276ms
[59.644s][info][gc,start       ] GC(37) Concurrent weak references
[59.644s][info][gc,task        ] GC(37) Using 3 of 6 workers for concurrent weak references
[59.644s][info][gc,ref         ] GC(37) Encountered references: Soft: 45, Weak: 116, Final: 0, Phantom: 7
[59.644s][info][gc,ref         ] GC(37) Discovered  references: Soft: 0, Weak: 84, Final: 0, Phantom: 5
[59.644s][info][gc,ref         ] GC(37) Enqueued    references: Soft: 0, Weak: 0, Final: 0, Phantom: 0
[59.644s][info][gc             ] GC(37) Concurrent weak references 0.111ms
[59.644s][info][gc,start       ] GC(37) Concurrent weak roots
[59.644s][info][gc,task        ] GC(37) Using 3 of 6 workers for concurrent weak root
[59.645s][info][gc             ] GC(37) Concurrent weak roots 0.199ms
[59.645s][info][gc,start       ] GC(37) Concurrent cleanup
[59.645s][info][gc             ] GC(37) Concurrent cleanup 278M->51M(512M) 0.049ms
[59.645s][info][gc,ergo        ] GC(37) Free: 434M, Max: 256K regular, 321M humongous, Frag: 27% external, 0% internal; Reserve: 26368K, Max: 256K
[59.645s][info][gc,start       ] GC(37) Concurrent class unloading
[59.645s][info][gc,task        ] GC(37) Using 3 of 6 workers for concurrent class unloading
[59.645s][info][gc             ] GC(37) Concurrent class unloading 0.274ms
[59.645s][info][gc,start       ] GC(37) Pause Final Roots
[59.645s][info][gc             ] GC(37) Pause Final Roots 0.019ms
[59.645s][info][gc,ergo        ] Free: 434M, Max: 256K regular, 321M humongous, Frag: 27% external, 0% internal; Reserve: 26368K, Max: 256K
[59.645s][info][gc,stats       ] 
[59.645s][info][gc,stats       ] All times are wall-clock times, except per-root-class counters, that are sum over
[59.645s][info][gc,stats       ] all workers. Dividing the <total> over the root stage time estimates parallelism.
[59.645s][info][gc,stats       ] 
[59.645s][info][gc,stats       ] Concurrent Reset                    283 us
[59.645s][info][gc,stats       ] Pause Init Mark (G)                 248 us
[59.645s][info][gc,stats       ] Pause Init Mark (N)                 149 us
[59.645s][info][gc,stats       ]   Update Region States               82 us
[59.645s][info][gc,stats       ] Concurrent Mark Roots               353 us, parallelism: 0.95x
[59.645s][info][gc,stats       ]   CMR: <total>                      335 us
[59.645s][info][gc,stats       ]   CMR: Thread Roots                 298 us, workers (us):  67, 191,  40, ---, ---, ---, 
[59.645s][info][gc,stats       ]   CMR: VM Strong Roots                3 us, workers (us):   3,   0,   0, ---, ---, ---, 
[59.645s][info][gc,stats       ]   CMR: CLDG Roots                    34 us, workers (us): ---, ---,  34, ---, ---, ---, 
[59.645s][info][gc,stats       ] Concurrent Marking                  790 us
[59.645s][info][gc,stats       ] Pause Final Mark (G)                394 us
[59.645s][info][gc,stats       ] Pause Final Mark (N)                286 us
[59.645s][info][gc,stats       ]   Finish Mark                       133 us
[59.645s][info][gc,stats       ]   Update Region States               63 us
[59.645s][info][gc,stats       ]   Choose Collection Set              38 us
[59.645s][info][gc,stats       ]   Rebuild Free Set                    8 us
[59.645s][info][gc,stats       ] Concurrent Weak References          118 us, parallelism: 0.03x
[59.645s][info][gc,stats       ]   CWRF: <total>                       4 us
[59.645s][info][gc,stats       ]   CWRF: Weak References               4 us, workers (us):   3,   0,   0, ---, ---, ---, 
[59.645s][info][gc,stats       ] Concurrent Weak Roots               212 us
[59.645s][info][gc,stats       ]   Roots                             122 us, parallelism: 0.82x
[59.645s][info][gc,stats       ]     CWR: <total>                    100 us
[59.645s][info][gc,stats       ]     CWR: Code Cache Roots            49 us, workers (us):  33,  15,   0, ---, ---, ---, 
[59.645s][info][gc,stats       ]     CWR: VM Weak Roots               51 us, workers (us):  17,  17,  17, ---, ---, ---, 
[59.645s][info][gc,stats       ]     CWR: CLDG Roots                   1 us, workers (us): ---, ---,   1, ---, ---, ---, 
[59.645s][info][gc,stats       ]   Rendezvous                         60 us
[59.645s][info][gc,stats       ] Concurrent Cleanup                   59 us
[59.645s][info][gc,stats       ] Concurrent Class Unloading          284 us
[59.645s][info][gc,stats       ]   Unlink Stale                      153 us
[59.645s][info][gc,stats       ]     System Dictionary                 1 us
[59.645s][info][gc,stats       ]     Weak Class Links                  0 us
[59.645s][info][gc,stats       ]     Code Roots                      151 us
[59.645s][info][gc,stats       ]   Rendezvous                         56 us
[59.645s][info][gc,stats       ]   Purge Unlinked                     49 us
[59.645s][info][gc,stats       ]     Code Roots                       46 us
[59.645s][info][gc,stats       ]     CLDG                              3 us
[59.645s][info][gc,stats       ]     Exception Caches                  0 us
[59.645s][info][gc,stats       ] Pause Final Roots (G)                81 us
[59.645s][info][gc,stats       ] Pause Final Roots (N)                28 us
[59.645s][info][gc,stats       ] Pacing                            47181 us
[59.645s][info][gc,stats       ] 
[59.645s][info][gc,stats       ] Allocation pacing accrued:
[59.645s][info][gc,stats       ]      47 of  1484 ms (  3.2%): main
[59.645s][info][gc,stats       ]      47 of  1484 ms (  3.2%): <total>
[59.645s][info][gc,stats       ]       4 of  1484 ms (  0.2%): <average total>
[59.645s][info][gc,stats       ]      47 of  1484 ms (  3.2%): <average non-zero>
[59.645s][info][gc,stats       ] 
[59.645s][info][gc,metaspace   ] Metaspace: 1071K(1280K)->1071K(1280K) NonClass: 989K(1088K)->989K(1088K) Class: 81K(192K)->81K(192K)
[59.645s][info][gc,ergo        ] Pacer for Idle. Initial: 10485K, Alloc Tax Rate: 1.0x
[61.166s][info][gc             ] Trigger: Average GC time (21.82 ms) is above the time for instantaneous allocation rate (460 MB/s) to deplete free headroom (9299K) (spike threshold = 1.20)
[61.166s][info][gc,ergo        ] Free: 208M, Max: 256K regular, 112M humongous, Frag: 47% external, 0% internal; Reserve: 26368K, Max: 256K
[61.166s][info][gc,start       ] GC(38) Concurrent reset
[61.166s][info][gc,task        ] GC(38) Using 3 of 6 workers for concurrent reset
[61.166s][info][gc,ergo        ] GC(38) Pacer for Reset. Non-Taxable: 512M
[61.167s][info][gc             ] GC(38) Concurrent reset 0.184ms
[61.167s][info][gc,start       ] GC(38) Pause Init Mark (unload classes)
[61.167s][info][gc,task        ] GC(38) Using 6 of 6 workers for init marking
[61.167s][info][gc,ergo        ] GC(38) Pacer for Mark. Expected Live: 61215K, Free: 208M, Non-Taxable: 21377K, Alloc Tax Rate: 0.3x
[61.167s][info][gc             ] GC(38) Pause Init Mark (unload classes) 0.157ms
[61.167s][info][gc,start       ] GC(38) Concurrent marking roots
[61.167s][info][gc,task        ] GC(38) Using 3 of 6 workers for concurrent marking roots
[61.167s][info][gc             ] GC(38) Concurrent marking roots 0.301ms
[61.167s][info][gc,start       ] GC(38) Concurrent marking (unload classes)
[61.167s][info][gc,task        ] GC(38) Using 3 of 6 workers for concurrent marking
[61.168s][info][gc             ] GC(38) Concurrent marking (unload classes) 0.756ms
[61.168s][info][gc,start       ] GC(38) Pause Final Mark (unload classes)
[61.168s][info][gc,task        ] GC(38) Using 6 of 6 workers for final marking
[61.168s][info][gc,ergo        ] GC(38) Collectable Garbage: 167M (99%), Immediate: 167M (99%), CSet: 0B (0%)
[61.168s][info][gc             ] GC(38) Pause Final Mark (unload classes) 0.333ms
[61.168s][info][gc,start       ] GC(38) Concurrent weak references
[61.168s][info][gc,task        ] GC(38) Using 3 of 6 workers for concurrent weak references
[61.168s][info][gc,ref         ] GC(38) Encountered references: Soft: 45, Weak: 116, Final: 0, Phantom: 7
[61.168s][info][gc,ref         ] GC(38) Discovered  references: Soft: 0, Weak: 72, Final: 0, Phantom: 5
[61.169s][info][gc,ref         ] GC(38) Enqueued    references: Soft: 0, Weak: 0, Final: 0, Phantom: 0
[61.169s][info][gc             ] GC(38) Concurrent weak references 0.148ms
[61.169s][info][gc,start       ] GC(38) Concurrent weak roots
[61.169s][info][gc,task        ] GC(38) Using 3 of 6 workers for concurrent weak root
[61.169s][info][gc             ] GC(38) Concurrent weak roots 0.211ms
[61.169s][info][gc,start       ] GC(38) Concurrent cleanup
[61.169s][info][gc             ] GC(38) Concurrent cleanup 273M->106M(512M) 0.043ms
[61.169s][info][gc,ergo        ] GC(38) Free: 378M, Max: 256K regular, 118M humongous, Frag: 69% external, 0% internal; Reserve: 26368K, Max: 256K
[61.169s][info][gc,start       ] GC(38) Concurrent class unloading
[61.169s][info][gc,task        ] GC(38) Using 3 of 6 workers for concurrent class unloading
[61.169s][info][gc             ] GC(38) Concurrent class unloading 0.343ms
[61.169s][info][gc,start       ] GC(38) Pause Final Roots
[61.169s][info][gc             ] GC(38) Pause Final Roots 0.015ms
[61.169s][info][gc,ergo        ] Free: 378M, Max: 256K regular, 118M humongous, Frag: 69% external, 0% internal; Reserve: 26368K, Max: 256K
[61.169s][info][gc,stats       ] 
[61.169s][info][gc,stats       ] All times are wall-clock times, except per-root-class counters, that are sum over
[61.169s][info][gc,stats       ] all workers. Dividing the <total> over the root stage time estimates parallelism.
[61.169s][info][gc,stats       ] 
[61.169s][info][gc,stats       ] Concurrent Reset                    205 us
[61.169s][info][gc,stats       ] Pause Init Mark (G)                 260 us
[61.169s][info][gc,stats       ] Pause Init Mark (N)                 166 us
[61.169s][info][gc,stats       ]   Update Region States              105 us
[61.169s][info][gc,stats       ] Concurrent Mark Roots               319 us, parallelism: 1.06x
[61.169s][info][gc,stats       ]   CMR: <total>                      337 us
[61.169s][info][gc,stats       ]   CMR: Thread Roots                 292 us, workers (us):  43,  67, 182, ---, ---, ---, 
[61.169s][info][gc,stats       ]   CMR: VM Strong Roots                4 us, workers (us):   3,   1,   0, ---, ---, ---, 
[61.169s][info][gc,stats       ]   CMR: CLDG Roots                    40 us, workers (us):  40, ---, ---, ---, ---, ---, 
[61.169s][info][gc,stats       ] Concurrent Marking                  774 us
[61.169s][info][gc,stats       ] Pause Final Mark (G)                477 us
[61.169s][info][gc,stats       ] Pause Final Mark (N)                344 us
[61.169s][info][gc,stats       ]   Finish Mark                       150 us
[61.169s][info][gc,stats       ]   Update Region States              104 us
[61.169s][info][gc,stats       ]   Choose Collection Set              35 us
[61.169s][info][gc,stats       ]   Rebuild Free Set                   16 us
[61.169s][info][gc,stats       ] Concurrent Weak References          157 us, parallelism: 0.02x
[61.169s][info][gc,stats       ]   CWRF: <total>                       3 us
[61.169s][info][gc,stats       ]   CWRF: Weak References               3 us, workers (us):   3,   1,   0, ---, ---, ---, 
[61.169s][info][gc,stats       ] Concurrent Weak Roots               229 us
[61.169s][info][gc,stats       ]   Roots                             131 us, parallelism: 0.77x
[61.169s][info][gc,stats       ]     CWR: <total>                    101 us
[61.169s][info][gc,stats       ]     CWR: Code Cache Roots            49 us, workers (us):  35,   0,  15, ---, ---, ---, 
[61.170s][info][gc,stats       ]     CWR: VM Weak Roots               51 us, workers (us):  40,   5,   6, ---, ---, ---, 
[61.170s][info][gc,stats       ]     CWR: CLDG Roots                   1 us, workers (us): ---,   1, ---, ---, ---, ---, 
[61.170s][info][gc,stats       ]   Rendezvous                         63 us
[61.170s][info][gc,stats       ] Concurrent Cleanup                   53 us
[61.170s][info][gc,stats       ] Concurrent Class Unloading          361 us
[61.170s][info][gc,stats       ]   Unlink Stale                      173 us
[61.170s][info][gc,stats       ]     System Dictionary                 1 us
[61.170s][info][gc,stats       ]     Weak Class Links                  0 us
[61.170s][info][gc,stats       ]     Code Roots                      171 us
[61.170s][info][gc,stats       ]   Rendezvous                         64 us
[61.170s][info][gc,stats       ]   Purge Unlinked                     89 us
[61.170s][info][gc,stats       ]     Code Roots                       86 us
[61.170s][info][gc,stats       ]     CLDG                              4 us
[61.170s][info][gc,stats       ]     Exception Caches                  0 us
[61.170s][info][gc,stats       ] Pause Final Roots (G)                74 us
[61.170s][info][gc,stats       ] Pause Final Roots (N)                23 us
[61.170s][info][gc,stats       ] Pacing                            57778 us
[61.170s][info][gc,stats       ] 
[61.170s][info][gc,stats       ] Allocation pacing accrued:
[61.170s][info][gc,stats       ]      58 of  1524 ms (  3.8%): main
[61.170s][info][gc,stats       ]      58 of  1524 ms (  3.8%): <total>
[61.170s][info][gc,stats       ]       4 of  1524 ms (  0.3%): <average total>
[61.170s][info][gc,stats       ]      58 of  1524 ms (  3.8%): <average non-zero>
[61.170s][info][gc,stats       ] 
[61.170s][info][gc,metaspace   ] Metaspace: 1071K(1280K)->1071K(1280K) NonClass: 989K(1088K)->989K(1088K) Class: 81K(192K)->81K(192K)
[61.170s][info][gc,ergo        ] Pacer for Idle. Initial: 10485K, Alloc Tax Rate: 1.0x
[62.602s][info][gc             ] Trigger: Average GC time (16.39 ms) is above the time for average allocation rate (71320 KB/s) to deplete free headroom (0B) (margin of error = 2.39)
[62.602s][info][gc,ergo        ] Free headroom: 153M (free) - 26214K (spike) - 168M (penalties) = 0B
[62.602s][info][gc,ergo        ] Free: 153M, Max: 256K regular, 112M humongous, Frag: 27% external, 0% internal; Reserve: 26368K, Max: 256K
[62.602s][info][gc,start       ] GC(39) Concurrent reset
[62.602s][info][gc,task        ] GC(39) Using 3 of 6 workers for concurrent reset
[62.602s][info][gc,ergo        ] GC(39) Pacer for Reset. Non-Taxable: 512M
[62.603s][info][gc             ] GC(39) Concurrent reset 0.319ms
[62.603s][info][gc,start       ] GC(39) Pause Init Mark (unload classes)
[62.603s][info][gc,task        ] GC(39) Using 6 of 6 workers for init marking
[62.603s][info][gc,ergo        ] GC(39) Pacer for Mark. Expected Live: 71455K, Free: 153M, Non-Taxable: 15693K, Alloc Tax Rate: 0.6x
[62.603s][info][gc             ] GC(39) Pause Init Mark (unload classes) 0.129ms
[62.603s][info][gc,start       ] GC(39) Concurrent marking roots
[62.603s][info][gc,task        ] GC(39) Using 3 of 6 workers for concurrent marking roots
[62.603s][info][gc             ] GC(39) Concurrent marking roots 0.345ms
[62.603s][info][gc,start       ] GC(39) Concurrent marking (unload classes)
[62.603s][info][gc,task        ] GC(39) Using 3 of 6 workers for concurrent marking
[62.604s][info][gc             ] GC(39) Concurrent marking (unload classes) 0.769ms
[62.604s][info][gc,start       ] GC(39) Pause Final Mark (unload classes)
[62.604s][info][gc,task        ] GC(39) Using 6 of 6 workers for final marking
[62.604s][info][gc,ergo        ] GC(39) Collectable Garbage: 117M (99%), Immediate: 117M (99%), CSet: 0B (0%)
[62.604s][info][gc             ] GC(39) Pause Final Mark (unload classes) 0.337ms
[62.604s][info][gc,start       ] GC(39) Concurrent weak references
[62.604s][info][gc,task        ] GC(39) Using 3 of 6 workers for concurrent weak references
[62.605s][info][gc,ref         ] GC(39) Encountered references: Soft: 45, Weak: 116, Final: 0, Phantom: 7
[62.605s][info][gc,ref         ] GC(39) Discovered  references: Soft: 0, Weak: 68, Final: 0, Phantom: 5
[62.605s][info][gc,ref         ] GC(39) Enqueued    references: Soft: 0, Weak: 0, Final: 0, Phantom: 0
[62.605s][info][gc             ] GC(39) Concurrent weak references 0.115ms
[62.605s][info][gc,start       ] GC(39) Concurrent weak roots
[62.605s][info][gc,task        ] GC(39) Using 3 of 6 workers for concurrent weak root
[62.605s][info][gc             ] GC(39) Concurrent weak roots 0.133ms
[62.605s][info][gc,start       ] GC(39) Concurrent cleanup
[62.605s][info][gc             ] GC(39) Concurrent cleanup 328M->211M(512M) 0.033ms
[62.605s][info][gc,ergo        ] GC(39) Free: 273M, Max: 256K regular, 112M humongous, Frag: 59% external, 0% internal; Reserve: 26368K, Max: 256K
[62.605s][info][gc,start       ] GC(39) Concurrent class unloading
[62.605s][info][gc,task        ] GC(39) Using 3 of 6 workers for concurrent class unloading
[62.605s][info][gc             ] GC(39) Concurrent class unloading 0.237ms
[62.605s][info][gc,start       ] GC(39) Pause Final Roots
[62.605s][info][gc             ] GC(39) Pause Final Roots 0.019ms
[62.605s][info][gc,ergo        ] Free: 273M, Max: 256K regular, 112M humongous, Frag: 59% external, 0% internal; Reserve: 26368K, Max: 256K
[62.605s][info][gc,stats       ] 
[62.605s][info][gc,stats       ] All times are wall-clock times, except per-root-class counters, that are sum over
[62.605s][info][gc,stats       ] all workers. Dividing the <total> over the root stage time estimates parallelism.
[62.605s][info][gc,stats       ] 
[62.605s][info][gc,stats       ] Concurrent Reset                    338 us
[62.605s][info][gc,stats       ] Pause Init Mark (G)                 222 us
[62.605s][info][gc,stats       ] Pause Init Mark (N)                 138 us
[62.605s][info][gc,stats       ]   Update Region States               79 us
[62.605s][info][gc,stats       ] Concurrent Mark Roots               363 us, parallelism: 0.95x
[62.605s][info][gc,stats       ]   CMR: <total>                      344 us
[62.605s][info][gc,stats       ]   CMR: Thread Roots                 306 us, workers (us):  59,  66, 180, ---, ---, ---, 
[62.605s][info][gc,stats       ]   CMR: VM Strong Roots                6 us, workers (us):   2,   2,   2, ---, ---, ---, 
[62.605s][info][gc,stats       ]   CMR: CLDG Roots                    32 us, workers (us): ---, ---,  32, ---, ---, ---, 
[62.605s][info][gc,stats       ] Concurrent Marking                  787 us
[62.605s][info][gc,stats       ] Pause Final Mark (G)                479 us
[62.605s][info][gc,stats       ] Pause Final Mark (N)                347 us
[62.605s][info][gc,stats       ]   Finish Mark                       176 us
[62.605s][info][gc,stats       ]   Update Region States               89 us
[62.605s][info][gc,stats       ]   Choose Collection Set              35 us
[62.605s][info][gc,stats       ]   Rebuild Free Set                    7 us
[62.605s][info][gc,stats       ] Concurrent Weak References          122 us, parallelism: 0.03x
[62.605s][info][gc,stats       ]   CWRF: <total>                       4 us
[62.605s][info][gc,stats       ]   CWRF: Weak References               4 us, workers (us):   3,   0,   0, ---, ---, ---, 
[62.605s][info][gc,stats       ] Concurrent Weak Roots               146 us
[62.605s][info][gc,stats       ]   Roots                              88 us, parallelism: 1.14x
[62.605s][info][gc,stats       ]     CWR: <total>                    100 us
[62.605s][info][gc,stats       ]     CWR: Code Cache Roots            49 us, workers (us):  34,  15,   0, ---, ---, ---, 
[62.605s][info][gc,stats       ]     CWR: VM Weak Roots               50 us, workers (us):  31,  18,   0, ---, ---, ---, 
[62.605s][info][gc,stats       ]     CWR: CLDG Roots                   1 us, workers (us): ---,   1, ---, ---, ---, ---, 
[62.605s][info][gc,stats       ]   Rendezvous                         29 us
[62.605s][info][gc,stats       ] Concurrent Cleanup                   43 us
[62.605s][info][gc,stats       ] Concurrent Class Unloading          251 us
[62.605s][info][gc,stats       ]   Unlink Stale                      149 us
[62.605s][info][gc,stats       ]     System Dictionary                 1 us
[62.605s][info][gc,stats       ]     Weak Class Links                  0 us
[62.605s][info][gc,stats       ]     Code Roots                      147 us
[62.605s][info][gc,stats       ]   Rendezvous                         27 us
[62.605s][info][gc,stats       ]   Purge Unlinked                     45 us
[62.605s][info][gc,stats       ]     Code Roots                       42 us
[62.605s][info][gc,stats       ]     CLDG                              3 us
[62.605s][info][gc,stats       ]     Exception Caches                  0 us
[62.605s][info][gc,stats       ] Pause Final Roots (G)                52 us
[62.606s][info][gc,stats       ] Pause Final Roots (N)                28 us
[62.606s][info][gc,stats       ] Pacing                            58134 us
[62.606s][info][gc,stats       ] 
[62.606s][info][gc,stats       ] Allocation pacing accrued:
[62.606s][info][gc,stats       ]      58 of  1436 ms (  4.0%): main
[62.606s][info][gc,stats       ]      58 of  1436 ms (  4.0%): <total>
[62.606s][info][gc,stats       ]       4 of  1436 ms (  0.3%): <average total>
[62.606s][info][gc,stats       ]      58 of  1436 ms (  4.0%): <average non-zero>
[62.606s][info][gc,stats       ] 
[62.606s][info][gc,metaspace   ] Metaspace: 1071K(1280K)->1071K(1280K) NonClass: 989K(1088K)->989K(1088K) Class: 81K(192K)->81K(192K)
[62.606s][info][gc,ergo        ] Pacer for Idle. Initial: 10485K, Alloc Tax Rate: 1.0x
[62.728s][info][gc             ] Trigger: Average GC time (12.42 ms) is above the time for average allocation rate (36319 KB/s) to deplete free headroom (0B) (margin of error = 2.41)
[62.728s][info][gc,ergo        ] Free headroom: 173M (free) - 26214K (spike) - 163M (penalties) = 0B
[62.728s][info][gc,ergo        ] Free: 172M, Max: 256K regular, 112M humongous, Frag: 36% external, 0% internal; Reserve: 26368K, Max: 256K
[62.728s][info][gc,start       ] GC(40) Concurrent reset
[62.728s][info][gc,task        ] GC(40) Using 3 of 6 workers for concurrent reset
[62.728s][info][gc,ergo        ] GC(40) Pacer for Reset. Non-Taxable: 512M
[62.728s][info][gc             ] GC(40) Concurrent reset 0.306ms
[62.729s][info][gc,start       ] GC(40) Pause Init Mark (unload classes)
[62.729s][info][gc,task        ] GC(40) Using 6 of 6 workers for init marking
[62.729s][info][gc,ergo        ] GC(40) Pacer for Mark. Expected Live: 101970K, Free: 172M, Non-Taxable: 17690K, Alloc Tax Rate: 0.7x
[62.729s][info][gc             ] GC(40) Pause Init Mark (unload classes) 0.135ms
[62.729s][info][gc,start       ] GC(40) Concurrent marking roots
[62.729s][info][gc,task        ] GC(40) Using 3 of 6 workers for concurrent marking roots
[62.729s][info][gc             ] GC(40) Concurrent marking roots 0.314ms
[62.729s][info][gc,start       ] GC(40) Concurrent marking (unload classes)
[62.729s][info][gc,task        ] GC(40) Using 3 of 6 workers for concurrent marking
[62.730s][info][gc             ] GC(40) Concurrent marking (unload classes) 0.772ms
[62.730s][info][gc,start       ] GC(40) Pause Final Mark (unload classes)
[62.730s][info][gc,task        ] GC(40) Using 6 of 6 workers for final marking
[62.730s][info][gc,ergo        ] GC(40) Collectable Garbage: 51456K (99%), Immediate: 51456K (99%), CSet: 0B (0%)
[62.730s][info][gc             ] GC(40) Pause Final Mark (unload classes) 0.172ms
[62.730s][info][gc,start       ] GC(40) Concurrent weak references
[62.730s][info][gc,task        ] GC(40) Using 3 of 6 workers for concurrent weak references
[62.730s][info][gc,ref         ] GC(40) Encountered references: Soft: 45, Weak: 116, Final: 0, Phantom: 7
[62.730s][info][gc,ref         ] GC(40) Discovered  references: Soft: 0, Weak: 71, Final: 0, Phantom: 5
[62.730s][info][gc,ref         ] GC(40) Enqueued    references: Soft: 0, Weak: 0, Final: 0, Phantom: 0
[62.730s][info][gc             ] GC(40) Concurrent weak references 0.081ms
[62.730s][info][gc,start       ] GC(40) Concurrent weak roots
[62.730s][info][gc,task        ] GC(40) Using 3 of 6 workers for concurrent weak root
[62.730s][info][gc             ] GC(40) Concurrent weak roots 0.124ms
[62.730s][info][gc,start       ] GC(40) Concurrent cleanup
[62.730s][info][gc             ] GC(40) Concurrent cleanup 311M->261M(512M) 0.022ms
[62.730s][info][gc,ergo        ] GC(40) Free: 223M, Max: 256K regular, 112M humongous, Frag: 50% external, 0% internal; Reserve: 26368K, Max: 256K
[62.730s][info][gc,start       ] GC(40) Concurrent class unloading
[62.730s][info][gc,task        ] GC(40) Using 3 of 6 workers for concurrent class unloading
[62.731s][info][gc             ] GC(40) Concurrent class unloading 0.233ms
[62.731s][info][gc,start       ] GC(40) Pause Final Roots
[62.731s][info][gc             ] GC(40) Pause Final Roots 0.016ms
[62.731s][info][gc,ergo        ] Free: 223M, Max: 256K regular, 112M humongous, Frag: 50% external, 0% internal; Reserve: 26368K, Max: 256K
[62.731s][info][gc,stats       ] 
[62.731s][info][gc,stats       ] All times are wall-clock times, except per-root-class counters, that are sum over
[62.731s][info][gc,stats       ] all workers. Dividing the <total> over the root stage time estimates parallelism.
[62.731s][info][gc,stats       ] 
[62.731s][info][gc,stats       ] Concurrent Reset                    329 us
[62.731s][info][gc,stats       ] Pause Init Mark (G)                 240 us
[62.731s][info][gc,stats       ] Pause Init Mark (N)                 145 us
[62.731s][info][gc,stats       ]   Update Region States               82 us
[62.731s][info][gc,stats       ] Concurrent Mark Roots               332 us, parallelism: 1.04x
[62.731s][info][gc,stats       ]   CMR: <total>                      346 us
[62.731s][info][gc,stats       ]   CMR: Thread Roots                 308 us, workers (us):  81,  34, 192, ---, ---, ---, 
[62.731s][info][gc,stats       ]   CMR: VM Strong Roots                4 us, workers (us):   2,   1,   0, ---, ---, ---, 
[62.731s][info][gc,stats       ]   CMR: CLDG Roots                    34 us, workers (us): ---,  34, ---, ---, ---, ---, 
[62.731s][info][gc,stats       ] Concurrent Marking                  790 us
[62.731s][info][gc,stats       ] Pause Final Mark (G)                242 us
[62.731s][info][gc,stats       ] Pause Final Mark (N)                182 us
[62.731s][info][gc,stats       ]   Finish Mark                        54 us
[62.731s][info][gc,stats       ]   Update Region States               53 us
[62.731s][info][gc,stats       ]   Choose Collection Set              31 us
[62.731s][info][gc,stats       ]   Rebuild Free Set                    8 us
[62.731s][info][gc,stats       ] Concurrent Weak References           89 us, parallelism: 0.04x
[62.731s][info][gc,stats       ]   CWRF: <total>                       4 us
[62.731s][info][gc,stats       ]   CWRF: Weak References               4 us, workers (us):   3,   0,   0, ---, ---, ---, 
[62.731s][info][gc,stats       ] Concurrent Weak Roots               140 us
[62.731s][info][gc,stats       ]   Roots                              79 us, parallelism: 1.24x
[62.731s][info][gc,stats       ]     CWR: <total>                     98 us
[62.731s][info][gc,stats       ]     CWR: Code Cache Roots            49 us, workers (us):  34,  15,   0, ---, ---, ---, 
[62.731s][info][gc,stats       ]     CWR: VM Weak Roots               49 us, workers (us):  24,  25,   0, ---, ---, ---, 
[62.731s][info][gc,stats       ]     CWR: CLDG Roots                   1 us, workers (us):   1, ---, ---, ---, ---, ---, 
[62.731s][info][gc,stats       ]   Rendezvous                         25 us
[62.731s][info][gc,stats       ] Concurrent Cleanup                   31 us
[62.731s][info][gc,stats       ] Concurrent Class Unloading          247 us
[62.731s][info][gc,stats       ]   Unlink Stale                      143 us
[62.731s][info][gc,stats       ]     System Dictionary                 1 us
[62.731s][info][gc,stats       ]     Weak Class Links                  0 us
[62.731s][info][gc,stats       ]     Code Roots                      141 us
[62.731s][info][gc,stats       ]   Rendezvous                         23 us
[62.731s][info][gc,stats       ]   Purge Unlinked                     51 us
[62.731s][info][gc,stats       ]     Code Roots                       48 us
[62.731s][info][gc,stats       ]     CLDG                              3 us
[62.731s][info][gc,stats       ]     Exception Caches                  0 us
[62.731s][info][gc,stats       ] Pause Final Roots (G)                45 us
[62.731s][info][gc,stats       ] Pause Final Roots (N)                24 us
[62.731s][info][gc,stats       ] Pacing                            27757 us
[62.731s][info][gc,stats       ] 
[62.731s][info][gc,stats       ] Allocation pacing accrued:
[62.731s][info][gc,stats       ]      28 of   125 ms ( 22.1%): main
[62.731s][info][gc,stats       ]      28 of   125 ms ( 22.1%): <total>
[62.731s][info][gc,stats       ]       2 of   125 ms (  1.7%): <average total>
[62.731s][info][gc,stats       ]      28 of   125 ms ( 22.1%): <average non-zero>
[62.731s][info][gc,stats       ] 
[62.731s][info][gc,metaspace   ] Metaspace: 1071K(1280K)->1071K(1280K) NonClass: 989K(1088K)->989K(1088K) Class: 81K(192K)->81K(192K)
[62.731s][info][gc,ergo        ] Pacer for Idle. Initial: 10485K, Alloc Tax Rate: 1.0x
[63.956s][info][gc             ] Trigger: Average GC time (9.50 ms) is above the time for average allocation rate (76093 KB/s) to deplete free headroom (0B) (margin of error = 2.43)
[63.956s][info][gc,ergo        ] Free headroom: 170M (free) - 26214K (spike) - 158M (penalties) = 0B
[63.956s][info][gc,ergo        ] Free: 170M, Max: 256K regular, 112M humongous, Frag: 35% external, 0% internal; Reserve: 26368K, Max: 256K
[63.956s][info][gc,start       ] GC(41) Concurrent reset
[63.956s][info][gc,task        ] GC(41) Using 3 of 6 workers for concurrent reset
[63.956s][info][gc,ergo        ] GC(41) Pacer for Reset. Non-Taxable: 512M
[63.956s][info][gc             ] GC(41) Concurrent reset 0.307ms
[63.957s][info][gc,start       ] GC(41) Pause Init Mark (unload classes)
[63.957s][info][gc,task        ] GC(41) Using 6 of 6 workers for init marking
[63.957s][info][gc,ergo        ] GC(41) Pacer for Mark. Expected Live: 144M, Free: 170M, Non-Taxable: 17460K, Alloc Tax Rate: 1.0x
[63.957s][info][gc             ] GC(41) Pause Init Mark (unload classes) 0.124ms
[63.957s][info][gc,start       ] GC(41) Concurrent marking roots
[63.957s][info][gc,task        ] GC(41) Using 3 of 6 workers for concurrent marking roots
[63.957s][info][gc             ] GC(41) Concurrent marking roots 0.301ms
[63.957s][info][gc,start       ] GC(41) Concurrent marking (unload classes)
[63.957s][info][gc,task        ] GC(41) Using 3 of 6 workers for concurrent marking
[63.958s][info][gc             ] GC(41) Concurrent marking (unload classes) 0.714ms
[63.958s][info][gc,start       ] GC(41) Pause Final Mark (unload classes)
[63.958s][info][gc,task        ] GC(41) Using 6 of 6 workers for final marking
[63.958s][info][gc,ergo        ] GC(41) Collectable Garbage: 286M (99%), Immediate: 286M (99%), CSet: 0B (0%)
[63.958s][info][gc             ] GC(41) Pause Final Mark (unload classes) 0.268ms
[63.958s][info][gc,start       ] GC(41) Concurrent weak references
[63.958s][info][gc,task        ] GC(41) Using 3 of 6 workers for concurrent weak references
[63.958s][info][gc,ref         ] GC(41) Encountered references: Soft: 45, Weak: 116, Final: 0, Phantom: 7
[63.958s][info][gc,ref         ] GC(41) Discovered  references: Soft: 0, Weak: 68, Final: 0, Phantom: 5
[63.958s][info][gc,ref         ] GC(41) Enqueued    references: Soft: 0, Weak: 0, Final: 0, Phantom: 0
[63.958s][info][gc             ] GC(41) Concurrent weak references 0.105ms
[63.958s][info][gc,start       ] GC(41) Concurrent weak roots
[63.958s][info][gc,task        ] GC(41) Using 3 of 6 workers for concurrent weak root
[63.958s][info][gc             ] GC(41) Concurrent weak roots 0.170ms
[63.958s][info][gc,start       ] GC(41) Concurrent cleanup
[63.958s][info][gc             ] GC(41) Concurrent cleanup 312M->26M(512M) 0.058ms
[63.958s][info][gc,ergo        ] GC(41) Free: 459M, Max: 256K regular, 208M humongous, Frag: 55% external, 0% internal; Reserve: 26368K, Max: 256K
[63.959s][info][gc,start       ] GC(41) Concurrent class unloading
[63.959s][info][gc,task        ] GC(41) Using 3 of 6 workers for concurrent class unloading
[63.959s][info][gc             ] GC(41) Concurrent class unloading 0.283ms
[63.959s][info][gc,start       ] GC(41) Pause Final Roots
[63.959s][info][gc             ] GC(41) Pause Final Roots 0.019ms
[63.959s][info][gc,ergo        ] Free: 459M, Max: 256K regular, 208M humongous, Frag: 55% external, 0% internal; Reserve: 26368K, Max: 256K
[63.959s][info][gc,stats       ] 
[63.959s][info][gc,stats       ] All times are wall-clock times, except per-root-class counters, that are sum over
[63.959s][info][gc,stats       ] all workers. Dividing the <total> over the root stage time estimates parallelism.
[63.959s][info][gc,stats       ] 
[63.959s][info][gc,stats       ] Concurrent Reset                    342 us
[63.959s][info][gc,stats       ] Pause Init Mark (G)                 242 us
[63.959s][info][gc,stats       ] Pause Init Mark (N)                 133 us
[63.959s][info][gc,stats       ]   Update Region States               70 us
[63.959s][info][gc,stats       ] Concurrent Mark Roots               317 us, parallelism: 1.06x
[63.959s][info][gc,stats       ]   CMR: <total>                      337 us
[63.959s][info][gc,stats       ]   CMR: Thread Roots                 292 us, workers (us):  60, 164,  68, ---, ---, ---, 
[63.959s][info][gc,stats       ]   CMR: VM Strong Roots                4 us, workers (us):   2,   1,   1, ---, ---, ---, 
[63.959s][info][gc,stats       ]   CMR: CLDG Roots                    40 us, workers (us): ---,  40, ---, ---, ---, ---, 
[63.959s][info][gc,stats       ] Concurrent Marking                  729 us
[63.959s][info][gc,stats       ] Pause Final Mark (G)                380 us
[63.959s][info][gc,stats       ] Pause Final Mark (N)                278 us
[63.959s][info][gc,stats       ]   Finish Mark                       131 us
[63.959s][info][gc,stats       ]   Update Region States               59 us
[63.959s][info][gc,stats       ]   Choose Collection Set              39 us
[63.959s][info][gc,stats       ]   Rebuild Free Set                    8 us
[63.959s][info][gc,stats       ] Concurrent Weak References          113 us, parallelism: 0.03x
[63.959s][info][gc,stats       ]   CWRF: <total>                       4 us
[63.959s][info][gc,stats       ]   CWRF: Weak References               4 us, workers (us):   2,   1,   0, ---, ---, ---, 
[63.959s][info][gc,stats       ] Concurrent Weak Roots               183 us
[63.959s][info][gc,stats       ]   Roots                              95 us, parallelism: 0.95x
[63.959s][info][gc,stats       ]     CWR: <total>                     91 us
[63.959s][info][gc,stats       ]     CWR: Code Cache Roots            49 us, workers (us):   0,  34,  15, ---, ---, ---, 
[63.959s][info][gc,stats       ]     CWR: VM Weak Roots               41 us, workers (us):  37,   2,   2, ---, ---, ---, 
[63.959s][info][gc,stats       ]     CWR: CLDG Roots                   1 us, workers (us):   1, ---, ---, ---, ---, ---, 
[63.959s][info][gc,stats       ]   Rendezvous                         58 us
[63.959s][info][gc,stats       ] Concurrent Cleanup                   68 us
[63.959s][info][gc,stats       ] Concurrent Class Unloading          297 us
[63.959s][info][gc,stats       ]   Unlink Stale                      140 us
[63.959s][info][gc,stats       ]     System Dictionary                 1 us
[63.959s][info][gc,stats       ]     Weak Class Links                  0 us
[63.959s][info][gc,stats       ]     Code Roots                      138 us
[63.959s][info][gc,stats       ]   Rendezvous                         55 us
[63.959s][info][gc,stats       ]   Purge Unlinked                     69 us
[63.959s][info][gc,stats       ]     Code Roots                       66 us
[63.959s][info][gc,stats       ]     CLDG                              3 us
[63.959s][info][gc,stats       ]     Exception Caches                  0 us
[63.959s][info][gc,stats       ] Pause Final Roots (G)                84 us
[63.959s][info][gc,stats       ] Pause Final Roots (N)                28 us
[63.959s][info][gc,stats       ] Pacing                            15803 us
[63.959s][info][gc,stats       ] 
[63.959s][info][gc,stats       ] Allocation pacing accrued:
[63.959s][info][gc,stats       ]      16 of  1228 ms (  1.3%): main
[63.959s][info][gc,stats       ]      16 of  1228 ms (  1.3%): <total>
[63.959s][info][gc,stats       ]       1 of  1228 ms (  0.1%): <average total>
[63.959s][info][gc,stats       ]      16 of  1228 ms (  1.3%): <average non-zero>
[63.959s][info][gc,stats       ] 
[63.959s][info][gc,metaspace   ] Metaspace: 1071K(1280K)->1071K(1280K) NonClass: 989K(1088K)->989K(1088K) Class: 81K(192K)->81K(192K)
[63.959s][info][gc,ergo        ] Pacer for Idle. Initial: 10485K, Alloc Tax Rate: 1.0x
[65.684s][info][gc             ] Trigger: Average GC time (7.46 ms) is above the time for average allocation rate (305 MB/s) to deplete free headroom (0B) (margin of error = 2.42)
[65.684s][info][gc,ergo        ] Free headroom: 85003K (free) - 26214K (spike) - 153M (penalties) = 0B
[65.684s][info][gc,ergo        ] Free: 85003K, Max: 256K regular, 59136K humongous, Frag: 31% external, 0% internal; Reserve: 26368K, Max: 256K
[65.684s][info][gc,start       ] GC(42) Concurrent reset
[65.684s][info][gc,task        ] GC(42) Using 3 of 6 workers for concurrent reset
[65.684s][info][gc,ergo        ] GC(42) Pacer for Reset. Non-Taxable: 512M
[65.685s][info][gc             ] GC(42) Concurrent reset 0.325ms
[65.685s][info][gc,start       ] GC(42) Pause Init Mark (unload classes)
[65.685s][info][gc,task        ] GC(42) Using 6 of 6 workers for init marking
[65.685s][info][gc,ergo        ] GC(42) Pacer for Mark. Expected Live: 131M, Free: 85003K, Non-Taxable: 8500K, Alloc Tax Rate: 1.9x
[65.685s][info][gc             ] GC(42) Pause Init Mark (unload classes) 0.116ms
[65.685s][info][gc,start       ] GC(42) Concurrent marking roots
[65.685s][info][gc,task        ] GC(42) Using 3 of 6 workers for concurrent marking roots
[65.685s][info][gc             ] GC(42) Concurrent marking roots 0.322ms
[65.685s][info][gc,start       ] GC(42) Concurrent marking (unload classes)
[65.685s][info][gc,task        ] GC(42) Using 3 of 6 workers for concurrent marking
[65.686s][info][gc             ] GC(42) Concurrent marking (unload classes) 0.881ms
[65.686s][info][gc,start       ] GC(42) Pause Final Mark (unload classes)
[65.686s][info][gc,task        ] GC(42) Using 6 of 6 workers for final marking
[65.686s][info][gc,ergo        ] GC(42) Collectable Garbage: 281M (99%), Immediate: 281M (99%), CSet: 0B (0%)
[65.686s][info][gc             ] GC(42) Pause Final Mark (unload classes) 0.286ms
[65.686s][info][gc,start       ] GC(42) Concurrent weak references
[65.686s][info][gc,task        ] GC(42) Using 3 of 6 workers for concurrent weak references
[65.686s][info][gc,ref         ] GC(42) Encountered references: Soft: 45, Weak: 116, Final: 0, Phantom: 7
[65.686s][info][gc,ref         ] GC(42) Discovered  references: Soft: 0, Weak: 71, Final: 0, Phantom: 5
[65.686s][info][gc,ref         ] GC(42) Enqueued    references: Soft: 0, Weak: 0, Final: 0, Phantom: 0
[65.686s][info][gc             ] GC(42) Concurrent weak references 0.096ms
[65.686s][info][gc,start       ] GC(42) Concurrent weak roots
[65.686s][info][gc,task        ] GC(42) Using 3 of 6 workers for concurrent weak root
[65.687s][info][gc             ] GC(42) Concurrent weak roots 0.221ms
[65.687s][info][gc,start       ] GC(42) Concurrent cleanup
[65.687s][info][gc             ] GC(42) Concurrent cleanup 398M->117M(512M) 0.065ms
[65.687s][info][gc,ergo        ] GC(42) Free: 367M, Max: 256K regular, 213M humongous, Frag: 42% external, 0% internal; Reserve: 26368K, Max: 256K
[65.687s][info][gc,start       ] GC(42) Concurrent class unloading
[65.687s][info][gc,task        ] GC(42) Using 3 of 6 workers for concurrent class unloading
[65.687s][info][gc             ] GC(42) Concurrent class unloading 0.350ms
[65.687s][info][gc,start       ] GC(42) Pause Final Roots
[65.687s][info][gc             ] GC(42) Pause Final Roots 0.019ms
[65.687s][info][gc,ergo        ] Free: 367M, Max: 256K regular, 213M humongous, Frag: 42% external, 0% internal; Reserve: 26368K, Max: 256K
[65.687s][info][gc,stats       ] 
[65.687s][info][gc,stats       ] All times are wall-clock times, except per-root-class counters, that are sum over
[65.687s][info][gc,stats       ] all workers. Dividing the <total> over the root stage time estimates parallelism.
[65.687s][info][gc,stats       ] 
[65.687s][info][gc,stats       ] Concurrent Reset                    345 us
[65.687s][info][gc,stats       ] Pause Init Mark (G)                 218 us
[65.687s][info][gc,stats       ] Pause Init Mark (N)                 126 us
[65.687s][info][gc,stats       ]   Update Region States               64 us
[65.687s][info][gc,stats       ] Concurrent Mark Roots               341 us, parallelism: 1.16x
[65.687s][info][gc,stats       ]   CMR: <total>                      394 us
[65.687s][info][gc,stats       ]   CMR: Thread Roots                 360 us, workers (us): 214,  83,  63, ---, ---, ---, 
[65.687s][info][gc,stats       ]   CMR: VM Strong Roots                4 us, workers (us):   3,   0,   0, ---, ---, ---, 
[65.687s][info][gc,stats       ]   CMR: CLDG Roots                    30 us, workers (us):  30, ---, ---, ---, ---, ---, 
[65.687s][info][gc,stats       ] Concurrent Marking                  900 us
[65.687s][info][gc,stats       ] Pause Final Mark (G)                387 us
[65.687s][info][gc,stats       ] Pause Final Mark (N)                297 us
[65.687s][info][gc,stats       ]   Finish Mark                       166 us
[65.687s][info][gc,stats       ]   Update Region States               37 us
[65.687s][info][gc,stats       ]   Choose Collection Set              43 us
[65.687s][info][gc,stats       ]   Rebuild Free Set                    9 us
[65.687s][info][gc,stats       ] Concurrent Weak References          104 us, parallelism: 0.06x
[65.687s][info][gc,stats       ]   CWRF: <total>                       7 us
[65.687s][info][gc,stats       ]   CWRF: Weak References               7 us, workers (us):   6,   0,   0, ---, ---, ---, 
[65.688s][info][gc,stats       ] Concurrent Weak Roots               237 us
[65.688s][info][gc,stats       ]   Roots                             129 us, parallelism: 0.93x
[65.688s][info][gc,stats       ]     CWR: <total>                    120 us
[65.688s][info][gc,stats       ]     CWR: Code Cache Roots            63 us, workers (us):  21,  41,   0, ---, ---, ---, 
[65.688s][info][gc,stats       ]     CWR: VM Weak Roots               56 us, workers (us):  20,  19,  17, ---, ---, ---, 
[65.688s][info][gc,stats       ]     CWR: CLDG Roots                   1 us, workers (us): ---, ---,   1, ---, ---, ---, 
[65.688s][info][gc,stats       ]   Rendezvous                         76 us
[65.688s][info][gc,stats       ] Concurrent Cleanup                   76 us
[65.688s][info][gc,stats       ] Concurrent Class Unloading          370 us
[65.688s][info][gc,stats       ]   Unlink Stale                      172 us
[65.688s][info][gc,stats       ]     System Dictionary                 1 us
[65.688s][info][gc,stats       ]     Weak Class Links                  0 us
[65.688s][info][gc,stats       ]     Code Roots                      170 us
[65.688s][info][gc,stats       ]   Rendezvous                        104 us
[65.688s][info][gc,stats       ]   Purge Unlinked                     55 us
[65.688s][info][gc,stats       ]     Code Roots                       51 us
[65.688s][info][gc,stats       ]     CLDG                              4 us
[65.688s][info][gc,stats       ]     Exception Caches                  0 us
[65.688s][info][gc,stats       ] Pause Final Roots (G)                86 us
[65.688s][info][gc,stats       ] Pause Final Roots (N)                29 us
[65.688s][info][gc,stats       ] Pacing                            91933 us
[65.688s][info][gc,stats       ] 
[65.688s][info][gc,stats       ] Allocation pacing accrued:
[65.688s][info][gc,stats       ]      92 of  1728 ms (  5.3%): main
[65.688s][info][gc,stats       ]      92 of  1728 ms (  5.3%): <total>
[65.688s][info][gc,stats       ]       7 of  1728 ms (  0.4%): <average total>
[65.688s][info][gc,stats       ]      92 of  1728 ms (  5.3%): <average non-zero>
[65.688s][info][gc,stats       ] 
[65.688s][info][gc,metaspace   ] Metaspace: 1071K(1280K)->1071K(1280K) NonClass: 989K(1088K)->989K(1088K) Class: 81K(192K)->81K(192K)
[65.688s][info][gc,ergo        ] Pacer for Idle. Initial: 10485K, Alloc Tax Rate: 1.0x
[68.568s][info][gc             ] Trigger: Average GC time (6.21 ms) is above the time for average allocation rate (292 MB/s) to deplete free headroom (0B) (margin of error = 2.42)
[68.568s][info][gc,ergo        ] Free headroom: 92171K (free) - 26214K (spike) - 148M (penalties) = 0B
[68.568s][info][gc,ergo        ] Free: 92171K, Max: 256K regular, 59136K humongous, Frag: 36% external, 0% internal; Reserve: 26368K, Max: 256K
[68.568s][info][gc,start       ] GC(43) Concurrent reset
[68.568s][info][gc,task        ] GC(43) Using 3 of 6 workers for concurrent reset
[68.568s][info][gc,ergo        ] GC(43) Pacer for Reset. Non-Taxable: 512M
[68.569s][info][gc             ] GC(43) Concurrent reset 0.331ms
[68.569s][info][gc,start       ] GC(43) Pause Init Mark (unload classes)
[68.569s][info][gc,task        ] GC(43) Using 6 of 6 workers for init marking
[68.569s][info][gc,ergo        ] GC(43) Pacer for Mark. Expected Live: 144M, Free: 92171K, Non-Taxable: 9217K, Alloc Tax Rate: 2.0x
[68.569s][info][gc             ] GC(43) Pause Init Mark (unload classes) 0.151ms
[68.569s][info][gc,start       ] GC(43) Concurrent marking roots
[68.569s][info][gc,task        ] GC(43) Using 3 of 6 workers for concurrent marking roots
[68.569s][info][gc             ] GC(43) Concurrent marking roots 0.332ms
[68.569s][info][gc,start       ] GC(43) Concurrent marking (unload classes)
[68.569s][info][gc,task        ] GC(43) Using 3 of 6 workers for concurrent marking
[68.570s][info][gc             ] GC(43) Concurrent marking (unload classes) 0.773ms
[68.570s][info][gc,start       ] GC(43) Pause Final Mark (unload classes)
[68.570s][info][gc,task        ] GC(43) Using 6 of 6 workers for final marking
[68.570s][info][gc,ergo        ] GC(43) Collectable Garbage: 263M (99%), Immediate: 263M (99%), CSet: 0B (0%)
[68.570s][info][gc             ] GC(43) Pause Final Mark (unload classes) 0.238ms
[68.570s][info][gc,start       ] GC(43) Concurrent weak references
[68.570s][info][gc,task        ] GC(43) Using 3 of 6 workers for concurrent weak references
[68.570s][info][gc,ref         ] GC(43) Encountered references: Soft: 45, Weak: 116, Final: 0, Phantom: 7
[68.571s][info][gc,ref         ] GC(43) Discovered  references: Soft: 0, Weak: 72, Final: 0, Phantom: 5
[68.571s][info][gc,ref         ] GC(43) Enqueued    references: Soft: 0, Weak: 0, Final: 0, Phantom: 0
[68.571s][info][gc             ] GC(43) Concurrent weak references 0.159ms
[68.571s][info][gc,start       ] GC(43) Concurrent weak roots
[68.571s][info][gc,task        ] GC(43) Using 3 of 6 workers for concurrent weak root
[68.571s][info][gc             ] GC(43) Concurrent weak roots 0.257ms
[68.571s][info][gc,start       ] GC(43) Concurrent cleanup
[68.571s][info][gc             ] GC(43) Concurrent cleanup 389M->126M(512M) 0.056ms
[68.571s][info][gc,ergo        ] GC(43) Free: 358M, Max: 256K regular, 180M humongous, Frag: 50% external, 0% internal; Reserve: 26368K, Max: 256K
[68.571s][info][gc,start       ] GC(43) Concurrent class unloading
[68.571s][info][gc,task        ] GC(43) Using 3 of 6 workers for concurrent class unloading
[68.571s][info][gc             ] GC(43) Concurrent class unloading 0.389ms
[68.571s][info][gc,start       ] GC(43) Pause Final Roots
[68.571s][info][gc             ] GC(43) Pause Final Roots 0.018ms
[68.571s][info][gc,ergo        ] Free: 358M, Max: 256K regular, 180M humongous, Frag: 50% external, 0% internal; Reserve: 26368K, Max: 256K
[68.571s][info][gc,stats       ] 
[68.571s][info][gc,stats       ] All times are wall-clock times, except per-root-class counters, that are sum over
[68.571s][info][gc,stats       ] all workers. Dividing the <total> over the root stage time estimates parallelism.
[68.571s][info][gc,stats       ] 
[68.571s][info][gc,stats       ] Concurrent Reset                    351 us
[68.571s][info][gc,stats       ] Pause Init Mark (G)                 254 us
[68.571s][info][gc,stats       ] Pause Init Mark (N)                 160 us
[68.571s][info][gc,stats       ]   Update Region States               99 us
[68.571s][info][gc,stats       ] Concurrent Mark Roots               350 us, parallelism: 1.05x
[68.571s][info][gc,stats       ]   CMR: <total>                      366 us
[68.572s][info][gc,stats       ]   CMR: Thread Roots                 334 us, workers (us):  57, 203,  75, ---, ---, ---, 
[68.572s][info][gc,stats       ]   CMR: VM Strong Roots                3 us, workers (us):   3,   0,   0, ---, ---, ---, 
[68.572s][info][gc,stats       ]   CMR: CLDG Roots                    29 us, workers (us):  29, ---, ---, ---, ---, ---, 
[68.572s][info][gc,stats       ] Concurrent Marking                  791 us
[68.572s][info][gc,stats       ] Pause Final Mark (G)                387 us
[68.572s][info][gc,stats       ] Pause Final Mark (N)                248 us
[68.572s][info][gc,stats       ]   Finish Mark                        77 us
[68.572s][info][gc,stats       ]   Update Region States               90 us
[68.572s][info][gc,stats       ]   Choose Collection Set              35 us
[68.572s][info][gc,stats       ]   Rebuild Free Set                    8 us
[68.572s][info][gc,stats       ] Concurrent Weak References          168 us, parallelism: 0.02x
[68.572s][info][gc,stats       ]   CWRF: <total>                       3 us
[68.572s][info][gc,stats       ]   CWRF: Weak References               3 us, workers (us):   2,   0,   1, ---, ---, ---, 
[68.572s][info][gc,stats       ] Concurrent Weak Roots               275 us
[68.572s][info][gc,stats       ]   Roots                             154 us, parallelism: 0.63x
[68.572s][info][gc,stats       ]     CWR: <total>                     97 us
[68.572s][info][gc,stats       ]     CWR: Code Cache Roots            48 us, workers (us):   0,  15,  32, ---, ---, ---, 
[68.572s][info][gc,stats       ]     CWR: VM Weak Roots               49 us, workers (us):  17,  16,  16, ---, ---, ---, 
[68.572s][info][gc,stats       ]     CWR: CLDG Roots                   1 us, workers (us):   1, ---, ---, ---, ---, ---, 
[68.572s][info][gc,stats       ]   Rendezvous                         86 us
[68.572s][info][gc,stats       ] Concurrent Cleanup                   67 us
[68.572s][info][gc,stats       ] Concurrent Class Unloading          406 us
[68.572s][info][gc,stats       ]   Unlink Stale                      219 us
[68.572s][info][gc,stats       ]     System Dictionary                 1 us
[68.572s][info][gc,stats       ]     Weak Class Links                  0 us
[68.572s][info][gc,stats       ]     Code Roots                      218 us
[68.572s][info][gc,stats       ]   Rendezvous                         63 us
[68.572s][info][gc,stats       ]   Purge Unlinked                     89 us
[68.572s][info][gc,stats       ]     Code Roots                       85 us
[68.572s][info][gc,stats       ]     CLDG                              4 us
[68.572s][info][gc,stats       ]     Exception Caches                  0 us
[68.572s][info][gc,stats       ] Pause Final Roots (G)                80 us
[68.572s][info][gc,stats       ] Pause Final Roots (N)                27 us
[68.572s][info][gc,stats       ] Pacing                            45946 us
[68.572s][info][gc,stats       ] 
[68.572s][info][gc,stats       ] Allocation pacing accrued:
[68.572s][info][gc,stats       ]      46 of  2884 ms (  1.6%): main
[68.572s][info][gc,stats       ]      46 of  2884 ms (  1.6%): <total>
[68.572s][info][gc,stats       ]       4 of  2884 ms (  0.1%): <average total>
[68.572s][info][gc,stats       ]      46 of  2884 ms (  1.6%): <average non-zero>
[68.572s][info][gc,stats       ] 
[68.572s][info][gc,metaspace   ] Metaspace: 1071K(1280K)->1071K(1280K) NonClass: 989K(1088K)->989K(1088K) Class: 81K(192K)->81K(192K)
[68.572s][info][gc,ergo        ] Pacer for Idle. Initial: 10485K, Alloc Tax Rate: 1.0x
[70.034s][info][gc             ] Trigger: Average GC time (5.35 ms) is above the time for average allocation rate (291 MB/s) to deplete free headroom (0B) (margin of error = 2.42)
[70.034s][info][gc,ergo        ] Free headroom: 133M (free) - 26214K (spike) - 143M (penalties) = 0B
[70.034s][info][gc,ergo        ] Free: 133M, Max: 256K regular, 81920K humongous, Frag: 40% external, 0% internal; Reserve: 26368K, Max: 256K
[70.034s][info][gc,start       ] GC(44) Concurrent reset
[70.034s][info][gc,task        ] GC(44) Using 3 of 6 workers for concurrent reset
[70.034s][info][gc,ergo        ] GC(44) Pacer for Reset. Non-Taxable: 512M
[70.034s][info][gc             ] GC(44) Concurrent reset 0.297ms
[70.034s][info][gc,start       ] GC(44) Pause Init Mark (unload classes)
[70.034s][info][gc,task        ] GC(44) Using 6 of 6 workers for init marking
[70.034s][info][gc,ergo        ] GC(44) Pacer for Mark. Expected Live: 148M, Free: 133M, Non-Taxable: 13645K, Alloc Tax Rate: 1.4x
[70.034s][info][gc             ] GC(44) Pause Init Mark (unload classes) 0.152ms
[70.034s][info][gc,start       ] GC(44) Concurrent marking roots
[70.034s][info][gc,task        ] GC(44) Using 3 of 6 workers for concurrent marking roots
[70.035s][info][gc             ] GC(44) Concurrent marking roots 0.318ms
[70.035s][info][gc,start       ] GC(44) Concurrent marking (unload classes)
[70.035s][info][gc,task        ] GC(44) Using 3 of 6 workers for concurrent marking
[70.036s][info][gc             ] GC(44) Concurrent marking (unload classes) 0.747ms
[70.036s][info][gc,start       ] GC(44) Pause Final Mark (unload classes)
[70.036s][info][gc,task        ] GC(44) Using 6 of 6 workers for final marking
[70.036s][info][gc,ergo        ] GC(44) Collectable Garbage: 167M (99%), Immediate: 167M (99%), CSet: 0B (0%)
[70.036s][info][gc             ] GC(44) Pause Final Mark (unload classes) 0.324ms
[70.036s][info][gc,start       ] GC(44) Concurrent weak references
[70.036s][info][gc,task        ] GC(44) Using 3 of 6 workers for concurrent weak references
[70.036s][info][gc,ref         ] GC(44) Encountered references: Soft: 45, Weak: 116, Final: 0, Phantom: 7
[70.036s][info][gc,ref         ] GC(44) Discovered  references: Soft: 0, Weak: 95, Final: 0, Phantom: 5
[70.036s][info][gc,ref         ] GC(44) Enqueued    references: Soft: 0, Weak: 0, Final: 0, Phantom: 0
[70.036s][info][gc             ] GC(44) Concurrent weak references 0.142ms
[70.036s][info][gc,start       ] GC(44) Concurrent weak roots
[70.036s][info][gc,task        ] GC(44) Using 3 of 6 workers for concurrent weak root
[70.036s][info][gc             ] GC(44) Concurrent weak roots 0.159ms
[70.036s][info][gc,start       ] GC(44) Concurrent cleanup
[70.036s][info][gc             ] GC(44) Concurrent cleanup 348M->181M(512M) 0.040ms
[70.036s][info][gc,ergo        ] GC(44) Free: 303M, Max: 256K regular, 100M humongous, Frag: 67% external, 0% internal; Reserve: 26368K, Max: 256K
[70.036s][info][gc,start       ] GC(44) Concurrent class unloading
[70.036s][info][gc,task        ] GC(44) Using 3 of 6 workers for concurrent class unloading
[70.037s][info][gc             ] GC(44) Concurrent class unloading 0.241ms
[70.037s][info][gc,start       ] GC(44) Pause Final Roots
[70.037s][info][gc             ] GC(44) Pause Final Roots 0.019ms
[70.037s][info][gc,ergo        ] Free: 303M, Max: 256K regular, 100M humongous, Frag: 67% external, 0% internal; Reserve: 26368K, Max: 256K
[70.037s][info][gc,stats       ] 
[70.037s][info][gc,stats       ] All times are wall-clock times, except per-root-class counters, that are sum over
[70.037s][info][gc,stats       ] all workers. Dividing the <total> over the root stage time estimates parallelism.
[70.037s][info][gc,stats       ] 
[70.037s][info][gc,stats       ] Concurrent Reset                    316 us
[70.037s][info][gc,stats       ] Pause Init Mark (G)                 257 us
[70.037s][info][gc,stats       ] Pause Init Mark (N)                 162 us
[70.037s][info][gc,stats       ]   Update Region States              101 us
[70.037s][info][gc,stats       ] Concurrent Mark Roots               336 us, parallelism: 1.00x
[70.037s][info][gc,stats       ]   CMR: <total>                      337 us
[70.037s][info][gc,stats       ]   CMR: Thread Roots                 300 us, workers (us):  72,  36, 191, ---, ---, ---, 
[70.037s][info][gc,stats       ]   CMR: VM Strong Roots                4 us, workers (us):   2,   1,   0, ---, ---, ---, 
[70.037s][info][gc,stats       ]   CMR: CLDG Roots                    33 us, workers (us): ---,  33, ---, ---, ---, ---, 
[70.037s][info][gc,stats       ] Concurrent Marking                  766 us
[70.037s][info][gc,stats       ] Pause Final Mark (G)                470 us
[70.037s][info][gc,stats       ] Pause Final Mark (N)                334 us
[70.037s][info][gc,stats       ]   Finish Mark                       164 us
[70.037s][info][gc,stats       ]   Update Region States               86 us
[70.037s][info][gc,stats       ]   Choose Collection Set              37 us
[70.037s][info][gc,stats       ]   Rebuild Free Set                    8 us
[70.037s][info][gc,stats       ] Concurrent Weak References          151 us, parallelism: 0.03x
[70.037s][info][gc,stats       ]   CWRF: <total>                       5 us
[70.037s][info][gc,stats       ]   CWRF: Weak References               5 us, workers (us):   4,   1,   0, ---, ---, ---, 
[70.037s][info][gc,stats       ] Concurrent Weak Roots               171 us
[70.037s][info][gc,stats       ]   Roots                              83 us, parallelism: 1.19x
[70.037s][info][gc,stats       ]     CWR: <total>                     99 us
[70.037s][info][gc,stats       ]     CWR: Code Cache Roots            50 us, workers (us):  15,  35,   0, ---, ---, ---, 
[70.037s][info][gc,stats       ]     CWR: VM Weak Roots               48 us, workers (us):  24,  24,   0, ---, ---, ---, 
[70.037s][info][gc,stats       ]     CWR: CLDG Roots                   1 us, workers (us):   1, ---, ---, ---, ---, ---, 
[70.037s][info][gc,stats       ]   Rendezvous                         59 us
[70.037s][info][gc,stats       ] Concurrent Cleanup                   50 us
[70.037s][info][gc,stats       ] Concurrent Class Unloading          254 us
[70.037s][info][gc,stats       ]   Unlink Stale                      147 us
[70.037s][info][gc,stats       ]     System Dictionary                 1 us
[70.037s][info][gc,stats       ]     Weak Class Links                  0 us
[70.037s][info][gc,stats       ]     Code Roots                      146 us
[70.037s][info][gc,stats       ]   Rendezvous                         57 us
[70.037s][info][gc,stats       ]   Purge Unlinked                     21 us
[70.037s][info][gc,stats       ]     Code Roots                       18 us
[70.037s][info][gc,stats       ]     CLDG                              2 us
[70.037s][info][gc,stats       ]     Exception Caches                  0 us
[70.037s][info][gc,stats       ] Pause Final Roots (G)                92 us
[70.037s][info][gc,stats       ] Pause Final Roots (N)                29 us
[70.037s][info][gc,stats       ] Pacing                            46128 us
[70.037s][info][gc,stats       ] 
[70.037s][info][gc,stats       ] Allocation pacing accrued:
[70.037s][info][gc,stats       ]      46 of  1465 ms (  3.1%): main
[70.037s][info][gc,stats       ]      46 of  1465 ms (  3.1%): <total>
[70.037s][info][gc,stats       ]       4 of  1465 ms (  0.2%): <average total>
[70.037s][info][gc,stats       ]      46 of  1465 ms (  3.1%): <average non-zero>
[70.037s][info][gc,stats       ] 
[70.037s][info][gc,metaspace   ] Metaspace: 1071K(1280K)->1071K(1280K) NonClass: 989K(1088K)->989K(1088K) Class: 81K(192K)->81K(192K)
[70.037s][info][gc,ergo        ] Pacer for Idle. Initial: 10485K, Alloc Tax Rate: 1.0x
[71.488s][info][gc             ] Trigger: Average GC time (4.61 ms) is above the time for average allocation rate (233 MB/s) to deplete free headroom (0B) (margin of error = 2.43)
[71.488s][info][gc,ergo        ] Free headroom: 129M (free) - 26214K (spike) - 138M (penalties) = 0B
[71.488s][info][gc,ergo        ] Free: 129M, Max: 256K regular, 81920K humongous, Frag: 38% external, 0% internal; Reserve: 26368K, Max: 256K
[71.488s][info][gc,start       ] GC(45) Concurrent reset
[71.488s][info][gc,task        ] GC(45) Using 3 of 6 workers for concurrent reset
[71.488s][info][gc,ergo        ] GC(45) Pacer for Reset. Non-Taxable: 512M
[71.489s][info][gc             ] GC(45) Concurrent reset 0.282ms
[71.489s][info][gc,start       ] GC(45) Pause Init Mark (unload classes)
[71.489s][info][gc,task        ] GC(45) Using 6 of 6 workers for init marking
[71.489s][info][gc,ergo        ] GC(45) Pacer for Mark. Expected Live: 142M, Free: 129M, Non-Taxable: 13210K, Alloc Tax Rate: 1.4x
[71.489s][info][gc             ] GC(45) Pause Init Mark (unload classes) 0.161ms
[71.489s][info][gc,start       ] GC(45) Concurrent marking roots
[71.489s][info][gc,task        ] GC(45) Using 3 of 6 workers for concurrent marking roots
[71.489s][info][gc             ] GC(45) Concurrent marking roots 0.316ms
[71.489s][info][gc,start       ] GC(45) Concurrent marking (unload classes)
[71.489s][info][gc,task        ] GC(45) Using 3 of 6 workers for concurrent marking
[71.490s][info][gc             ] GC(45) Concurrent marking (unload classes) 0.760ms
[71.490s][info][gc,start       ] GC(45) Pause Final Mark (unload classes)
[71.490s][info][gc,task        ] GC(45) Using 6 of 6 workers for final marking
[71.490s][info][gc,ergo        ] GC(45) Collectable Garbage: 252M (99%), Immediate: 252M (99%), CSet: 0B (0%)
[71.490s][info][gc             ] GC(45) Pause Final Mark (unload classes) 0.215ms
[71.490s][info][gc,start       ] GC(45) Concurrent weak references
[71.490s][info][gc,task        ] GC(45) Using 3 of 6 workers for concurrent weak references
[71.490s][info][gc,ref         ] GC(45) Encountered references: Soft: 45, Weak: 116, Final: 0, Phantom: 7
[71.490s][info][gc,ref         ] GC(45) Discovered  references: Soft: 0, Weak: 68, Final: 0, Phantom: 5
[71.490s][info][gc,ref         ] GC(45) Enqueued    references: Soft: 0, Weak: 0, Final: 0, Phantom: 0
[71.490s][info][gc             ] GC(45) Concurrent weak references 0.076ms
[71.490s][info][gc,start       ] GC(45) Concurrent weak roots
[71.490s][info][gc,task        ] GC(45) Using 3 of 6 workers for concurrent weak root
[71.491s][info][gc             ] GC(45) Concurrent weak roots 0.113ms
[71.491s][info][gc,start       ] GC(45) Concurrent cleanup
[71.491s][info][gc             ] GC(45) Concurrent cleanup 353M->101M(512M) 0.055ms
[71.491s][info][gc,ergo        ] GC(45) Free: 384M, Max: 256K regular, 203M humongous, Frag: 48% external, 0% internal; Reserve: 26368K, Max: 256K
[71.491s][info][gc,start       ] GC(45) Concurrent class unloading
[71.491s][info][gc,task        ] GC(45) Using 3 of 6 workers for concurrent class unloading
[71.491s][info][gc             ] GC(45) Concurrent class unloading 0.250ms
[71.491s][info][gc,start       ] GC(45) Pause Final Roots
[71.491s][info][gc             ] GC(45) Pause Final Roots 0.014ms
[71.491s][info][gc,ergo        ] Free: 384M, Max: 256K regular, 203M humongous, Frag: 48% external, 0% internal; Reserve: 26368K, Max: 256K
[71.491s][info][gc,stats       ] 
[71.491s][info][gc,stats       ] All times are wall-clock times, except per-root-class counters, that are sum over
[71.491s][info][gc,stats       ] all workers. Dividing the <total> over the root stage time estimates parallelism.
[71.491s][info][gc,stats       ] 
[71.491s][info][gc,stats       ] Concurrent Reset                    303 us
[71.491s][info][gc,stats       ] Pause Init Mark (G)                 250 us
[71.491s][info][gc,stats       ] Pause Init Mark (N)                 171 us
[71.491s][info][gc,stats       ]   Update Region States              109 us
[71.491s][info][gc,stats       ] Concurrent Mark Roots               334 us, parallelism: 1.00x
[71.491s][info][gc,stats       ]   CMR: <total>                      334 us
[71.491s][info][gc,stats       ]   CMR: Thread Roots                 292 us, workers (us): 187,  64,  41, ---, ---, ---, 
[71.491s][info][gc,stats       ]   CMR: VM Strong Roots                4 us, workers (us):   3,   0,   0, ---, ---, ---, 
[71.491s][info][gc,stats       ]   CMR: CLDG Roots                    38 us, workers (us):  38, ---, ---, ---, ---, ---, 
[71.491s][info][gc,stats       ] Concurrent Marking                  777 us
[71.491s][info][gc,stats       ] Pause Final Mark (G)                257 us
[71.491s][info][gc,stats       ] Pause Final Mark (N)                225 us
[71.491s][info][gc,stats       ]   Finish Mark                        76 us
[71.491s][info][gc,stats       ]   Update Region States               63 us
[71.491s][info][gc,stats       ]   Choose Collection Set              33 us
[71.491s][info][gc,stats       ]   Rebuild Free Set                    8 us
[71.491s][info][gc,stats       ] Concurrent Weak References           84 us, parallelism: 0.05x
[71.491s][info][gc,stats       ]   CWRF: <total>                       4 us
[71.491s][info][gc,stats       ]   CWRF: Weak References               4 us, workers (us):   3,   1,   0, ---, ---, ---, 
[71.491s][info][gc,stats       ] Concurrent Weak Roots               128 us
[71.491s][info][gc,stats       ]   Roots                              73 us, parallelism: 1.34x
[71.491s][info][gc,stats       ]     CWR: <total>                     97 us
[71.491s][info][gc,stats       ]     CWR: Code Cache Roots            54 us, workers (us):   0,  16,  38, ---, ---, ---, 
[71.491s][info][gc,stats       ]     CWR: VM Weak Roots               43 us, workers (us):  14,  15,  14, ---, ---, ---, 
[71.491s][info][gc,stats       ]     CWR: CLDG Roots                   1 us, workers (us):   1, ---, ---, ---, ---, ---, 
[71.491s][info][gc,stats       ]   Rendezvous                         24 us
[71.491s][info][gc,stats       ] Concurrent Cleanup                   64 us
[71.491s][info][gc,stats       ] Concurrent Class Unloading          265 us
[71.491s][info][gc,stats       ]   Unlink Stale                      154 us
[71.491s][info][gc,stats       ]     System Dictionary                 1 us
[71.491s][info][gc,stats       ]     Weak Class Links                  0 us
[71.491s][info][gc,stats       ]     Code Roots                      153 us
[71.491s][info][gc,stats       ]   Rendezvous                         25 us
[71.491s][info][gc,stats       ]   Purge Unlinked                     53 us
[71.491s][info][gc,stats       ]     Code Roots                       50 us
[71.491s][info][gc,stats       ]     CLDG                              3 us
[71.491s][info][gc,stats       ]     Exception Caches                  0 us
[71.491s][info][gc,stats       ] Pause Final Roots (G)                42 us
[71.491s][info][gc,stats       ] Pause Final Roots (N)                23 us
[71.491s][info][gc,stats       ] Pacing                            30532 us
[71.491s][info][gc,stats       ] 
[71.491s][info][gc,stats       ] Allocation pacing accrued:
[71.491s][info][gc,stats       ]      31 of  1454 ms (  2.1%): main
[71.491s][info][gc,stats       ]      31 of  1454 ms (  2.1%): <total>
[71.491s][info][gc,stats       ]       2 of  1454 ms (  0.2%): <average total>
[71.491s][info][gc,stats       ]      31 of  1454 ms (  2.1%): <average non-zero>
[71.491s][info][gc,stats       ] 
[71.491s][info][gc,metaspace   ] Metaspace: 1071K(1280K)->1071K(1280K) NonClass: 989K(1088K)->989K(1088K) Class: 81K(192K)->81K(192K)
[71.491s][info][gc,ergo        ] Pacer for Idle. Initial: 10485K, Alloc Tax Rate: 1.0x
[72.959s][info][gc             ] Trigger: Average GC time (4.03 ms) is above the time for average allocation rate (293 MB/s) to deplete free headroom (43269B) (margin of error = 2.43)
[72.959s][info][gc,ergo        ] Free headroom: 158M (free) - 26214K (spike) - 133M (penalties) = 43269B
[72.960s][info][gc,ergo        ] Free: 158M, Max: 256K regular, 81920K humongous, Frag: 50% external, 0% internal; Reserve: 26368K, Max: 256K
[72.960s][info][gc,start       ] GC(46) Concurrent reset
[72.960s][info][gc,task        ] GC(46) Using 3 of 6 workers for concurrent reset
[72.960s][info][gc,ergo        ] GC(46) Pacer for Reset. Non-Taxable: 512M
[72.960s][info][gc             ] GC(46) Concurrent reset 0.352ms
[72.960s][info][gc,start       ] GC(46) Pause Init Mark (unload classes)
[72.960s][info][gc,task        ] GC(46) Using 6 of 6 workers for init marking
[72.960s][info][gc,ergo        ] GC(46) Pacer for Mark. Expected Live: 110M, Free: 158M, Non-Taxable: 16257K, Alloc Tax Rate: 0.9x
[72.960s][info][gc             ] GC(46) Pause Init Mark (unload classes) 0.145ms
[72.960s][info][gc,start       ] GC(46) Concurrent marking roots
[72.960s][info][gc,task        ] GC(46) Using 3 of 6 workers for concurrent marking roots
[72.961s][info][gc             ] GC(46) Concurrent marking roots 0.316ms
[72.961s][info][gc,start       ] GC(46) Concurrent marking (unload classes)
[72.961s][info][gc,task        ] GC(46) Using 3 of 6 workers for concurrent marking
[72.961s][info][gc             ] GC(46) Concurrent marking (unload classes) 0.737ms
[72.961s][info][gc,start       ] GC(46) Pause Final Mark (unload classes)
[72.961s][info][gc,task        ] GC(46) Using 6 of 6 workers for final marking
[72.962s][info][gc,ergo        ] GC(46) Collectable Garbage: 117M (99%), Immediate: 117M (99%), CSet: 0B (0%)
[72.962s][info][gc             ] GC(46) Pause Final Mark (unload classes) 0.287ms
[72.962s][info][gc,start       ] GC(46) Concurrent weak references
[72.962s][info][gc,task        ] GC(46) Using 3 of 6 workers for concurrent weak references
[72.962s][info][gc,ref         ] GC(46) Encountered references: Soft: 45, Weak: 116, Final: 0, Phantom: 7
[72.962s][info][gc,ref         ] GC(46) Discovered  references: Soft: 0, Weak: 84, Final: 0, Phantom: 5
[72.962s][info][gc,ref         ] GC(46) Enqueued    references: Soft: 0, Weak: 0, Final: 0, Phantom: 0
[72.962s][info][gc             ] GC(46) Concurrent weak references 0.119ms
[72.962s][info][gc,start       ] GC(46) Concurrent weak roots
[72.962s][info][gc,task        ] GC(46) Using 3 of 6 workers for concurrent weak root
[72.962s][info][gc             ] GC(46) Concurrent weak roots 0.169ms
[72.962s][info][gc,start       ] GC(46) Concurrent cleanup
[72.962s][info][gc             ] GC(46) Concurrent cleanup 323M->206M(512M) 0.036ms
[72.962s][info][gc,ergo        ] GC(46) Free: 278M, Max: 256K regular, 174M humongous, Frag: 38% external, 0% internal; Reserve: 26368K, Max: 256K
[72.962s][info][gc,start       ] GC(46) Concurrent class unloading
[72.962s][info][gc,task        ] GC(46) Using 3 of 6 workers for concurrent class unloading
[72.962s][info][gc             ] GC(46) Concurrent class unloading 0.370ms
[72.962s][info][gc,start       ] GC(46) Pause Final Roots
[72.962s][info][gc             ] GC(46) Pause Final Roots 0.019ms
[72.963s][info][gc,ergo        ] Free: 278M, Max: 256K regular, 174M humongous, Frag: 38% external, 0% internal; Reserve: 26368K, Max: 256K
[72.963s][info][gc,stats       ] 
[72.963s][info][gc,stats       ] All times are wall-clock times, except per-root-class counters, that are sum over
[72.963s][info][gc,stats       ] all workers. Dividing the <total> over the root stage time estimates parallelism.
[72.963s][info][gc,stats       ] 
[72.963s][info][gc,stats       ] Concurrent Reset                    370 us
[72.963s][info][gc,stats       ] Pause Init Mark (G)                 261 us
[72.963s][info][gc,stats       ] Pause Init Mark (N)                 155 us
[72.963s][info][gc,stats       ]   Update Region States               92 us
[72.963s][info][gc,stats       ] Concurrent Mark Roots               334 us, parallelism: 0.97x
[72.963s][info][gc,stats       ]   CMR: <total>                      325 us
[72.963s][info][gc,stats       ]   CMR: Thread Roots                 288 us, workers (us):  58, 190,  40, ---, ---, ---, 
[72.963s][info][gc,stats       ]   CMR: VM Strong Roots                4 us, workers (us):   2,   1,   0, ---, ---, ---, 
[72.963s][info][gc,stats       ]   CMR: CLDG Roots                    33 us, workers (us): ---, ---,  33, ---, ---, ---, 
[72.963s][info][gc,stats       ] Concurrent Marking                  755 us
[72.963s][info][gc,stats       ] Pause Final Mark (G)                378 us
[72.963s][info][gc,stats       ] Pause Final Mark (N)                297 us
[72.963s][info][gc,stats       ]   Finish Mark                       114 us
[72.963s][info][gc,stats       ]   Update Region States               92 us
[72.963s][info][gc,stats       ]   Choose Collection Set              43 us
[72.963s][info][gc,stats       ]   Rebuild Free Set                    8 us
[72.963s][info][gc,stats       ] Concurrent Weak References          128 us, parallelism: 0.03x
[72.963s][info][gc,stats       ]   CWRF: <total>                       4 us
[72.963s][info][gc,stats       ]   CWRF: Weak References               4 us, workers (us):   4,   0,   0, ---, ---, ---, 
[72.963s][info][gc,stats       ] Concurrent Weak Roots               187 us
[72.963s][info][gc,stats       ]   Roots                             125 us, parallelism: 0.91x
[72.963s][info][gc,stats       ]     CWR: <total>                    114 us
[72.963s][info][gc,stats       ]     CWR: Code Cache Roots            63 us, workers (us):  19,  44,   0, ---, ---, ---, 
[72.963s][info][gc,stats       ]     CWR: VM Weak Roots               50 us, workers (us):  25,  24,   0, ---, ---, ---, 
[72.963s][info][gc,stats       ]     CWR: CLDG Roots                   1 us, workers (us):   1, ---, ---, ---, ---, ---, 
[72.963s][info][gc,stats       ]   Rendezvous                         27 us
[72.963s][info][gc,stats       ] Concurrent Cleanup                   46 us
[72.963s][info][gc,stats       ] Concurrent Class Unloading          388 us
[72.963s][info][gc,stats       ]   Unlink Stale                      201 us
[72.963s][info][gc,stats       ]     System Dictionary                 1 us
[72.963s][info][gc,stats       ]     Weak Class Links                  0 us
[72.963s][info][gc,stats       ]     Code Roots                      199 us
[72.963s][info][gc,stats       ]   Rendezvous                         63 us
[72.963s][info][gc,stats       ]   Purge Unlinked                     89 us
[72.963s][info][gc,stats       ]     Code Roots                       84 us
[72.963s][info][gc,stats       ]     CLDG                              4 us
[72.963s][info][gc,stats       ]     Exception Caches                  0 us
[72.963s][info][gc,stats       ] Pause Final Roots (G)               117 us
[72.963s][info][gc,stats       ] Pause Final Roots (N)                28 us
[72.963s][info][gc,stats       ] Pacing                            47711 us
[72.963s][info][gc,stats       ] 
[72.963s][info][gc,stats       ] Allocation pacing accrued:
[72.963s][info][gc,stats       ]      48 of  1472 ms (  3.2%): main
[72.963s][info][gc,stats       ]      48 of  1472 ms (  3.2%): <total>
[72.963s][info][gc,stats       ]       4 of  1472 ms (  0.2%): <average total>
[72.963s][info][gc,stats       ]      48 of  1472 ms (  3.2%): <average non-zero>
[72.963s][info][gc,stats       ] 
[72.963s][info][gc,metaspace   ] Metaspace: 1071K(1280K)->1071K(1280K) NonClass: 989K(1088K)->989K(1088K) Class: 81K(192K)->81K(192K)
[72.963s][info][gc,ergo        ] Pacer for Idle. Initial: 10485K, Alloc Tax Rate: 1.0x
[74.300s][info][gc             ] Trigger: Average GC time (3.82 ms) is above the time for average allocation rate (117 MB/s) to deplete free headroom (0B) (margin of error = 2.44)
[74.300s][info][gc,ergo        ] Free headroom: 153M (free) - 26214K (spike) - 127M (penalties) = 0B
[74.300s][info][gc,ergo        ] Free: 153M, Max: 256K regular, 81920K humongous, Frag: 48% external, 0% internal; Reserve: 26368K, Max: 256K
[74.300s][info][gc,start       ] GC(47) Concurrent reset
[74.300s][info][gc,task        ] GC(47) Using 3 of 6 workers for concurrent reset
[74.300s][info][gc,ergo        ] GC(47) Pacer for Reset. Non-Taxable: 512M
[74.301s][info][gc             ] GC(47) Concurrent reset 0.269ms
[74.301s][info][gc,start       ] GC(47) Pause Init Mark (unload classes)
[74.301s][info][gc,task        ] GC(47) Using 6 of 6 workers for init marking
[74.301s][info][gc,ergo        ] GC(47) Pacer for Mark. Expected Live: 146M, Free: 153M, Non-Taxable: 15719K, Alloc Tax Rate: 1.2x
[74.301s][info][gc             ] GC(47) Pause Init Mark (unload classes) 0.079ms
[74.301s][info][gc,start       ] GC(47) Concurrent marking roots
[74.301s][info][gc,task        ] GC(47) Using 3 of 6 workers for concurrent marking roots
[74.301s][info][gc             ] GC(47) Concurrent marking roots 0.300ms
[74.301s][info][gc,start       ] GC(47) Concurrent marking (unload classes)
[74.301s][info][gc,task        ] GC(47) Using 3 of 6 workers for concurrent marking
[74.302s][info][gc             ] GC(47) Concurrent marking (unload classes) 0.899ms
[74.302s][info][gc,start       ] GC(47) Pause Final Mark (unload classes)
[74.302s][info][gc,task        ] GC(47) Using 6 of 6 workers for final marking
[74.302s][info][gc,ergo        ] GC(47) Collectable Garbage: 166M (99%), Immediate: 166M (99%), CSet: 0B (0%)
[74.302s][info][gc             ] GC(47) Pause Final Mark (unload classes) 0.317ms
[74.302s][info][gc,start       ] GC(47) Concurrent weak references
[74.302s][info][gc,task        ] GC(47) Using 3 of 6 workers for concurrent weak references
[74.302s][info][gc,ref         ] GC(47) Encountered references: Soft: 45, Weak: 116, Final: 0, Phantom: 7
[74.302s][info][gc,ref         ] GC(47) Discovered  references: Soft: 0, Weak: 84, Final: 0, Phantom: 5
[74.302s][info][gc,ref         ] GC(47) Enqueued    references: Soft: 0, Weak: 0, Final: 0, Phantom: 0
[74.302s][info][gc             ] GC(47) Concurrent weak references 0.119ms
[74.302s][info][gc,start       ] GC(47) Concurrent weak roots
[74.302s][info][gc,task        ] GC(47) Using 3 of 6 workers for concurrent weak root
[74.303s][info][gc             ] GC(47) Concurrent weak roots 0.140ms
[74.303s][info][gc,start       ] GC(47) Concurrent cleanup
[74.303s][info][gc             ] GC(47) Concurrent cleanup 328M->162M(512M) 0.054ms
[74.303s][info][gc,ergo        ] GC(47) Free: 322M, Max: 256K regular, 180M humongous, Frag: 45% external, 0% internal; Reserve: 26368K, Max: 256K
[74.303s][info][gc,start       ] GC(47) Concurrent class unloading
[74.303s][info][gc,task        ] GC(47) Using 3 of 6 workers for concurrent class unloading
[74.303s][info][gc             ] GC(47) Concurrent class unloading 0.283ms
[74.303s][info][gc,start       ] GC(47) Pause Final Roots
[74.303s][info][gc             ] GC(47) Pause Final Roots 0.020ms
[74.303s][info][gc,ergo        ] Free: 322M, Max: 256K regular, 180M humongous, Frag: 45% external, 0% internal; Reserve: 26368K, Max: 256K
[74.303s][info][gc,stats       ] 
[74.303s][info][gc,stats       ] All times are wall-clock times, except per-root-class counters, that are sum over
[74.303s][info][gc,stats       ] all workers. Dividing the <total> over the root stage time estimates parallelism.
[74.303s][info][gc,stats       ] 
[74.303s][info][gc,stats       ] Concurrent Reset                    292 us
[74.303s][info][gc,stats       ] Pause Init Mark (G)                 122 us
[74.303s][info][gc,stats       ] Pause Init Mark (N)                  90 us
[74.303s][info][gc,stats       ]   Update Region States               23 us
[74.303s][info][gc,stats       ] Concurrent Mark Roots               319 us, parallelism: 1.31x
[74.303s][info][gc,stats       ]   CMR: <total>                      418 us
[74.303s][info][gc,stats       ]   CMR: Thread Roots                 372 us, workers (us):  75,  50, 247, ---, ---, ---, 
[74.303s][info][gc,stats       ]   CMR: VM Strong Roots                6 us, workers (us):   3,   2,   2, ---, ---, ---, 
[74.303s][info][gc,stats       ]   CMR: CLDG Roots                    40 us, workers (us): ---,  40, ---, ---, ---, ---, 
[74.303s][info][gc,stats       ] Concurrent Marking                  920 us
[74.303s][info][gc,stats       ] Pause Final Mark (G)                364 us
[74.303s][info][gc,stats       ] Pause Final Mark (N)                332 us
[74.303s][info][gc,stats       ]   Finish Mark                       201 us
[74.303s][info][gc,stats       ]   Update Region States               27 us
[74.303s][info][gc,stats       ]   Choose Collection Set              42 us
[74.303s][info][gc,stats       ]   Rebuild Free Set                   12 us
[74.303s][info][gc,stats       ] Concurrent Weak References          130 us, parallelism: 0.05x
[74.303s][info][gc,stats       ]   CWRF: <total>                       7 us
[74.303s][info][gc,stats       ]   CWRF: Weak References               7 us, workers (us):   1,   6,   0, ---, ---, ---, 
[74.303s][info][gc,stats       ] Concurrent Weak Roots               158 us
[74.303s][info][gc,stats       ]   Roots                              92 us, parallelism: 1.50x
[74.303s][info][gc,stats       ]     CWR: <total>                    137 us
[74.303s][info][gc,stats       ]     CWR: Code Cache Roots            74 us, workers (us):   0,  24,  51, ---, ---, ---, 
[74.303s][info][gc,stats       ]     CWR: VM Weak Roots               62 us, workers (us):  21,  20,  20, ---, ---, ---, 
[74.303s][info][gc,stats       ]     CWR: CLDG Roots                   1 us, workers (us):   1, ---, ---, ---, ---, ---, 
[74.303s][info][gc,stats       ]   Rendezvous                         25 us
[74.303s][info][gc,stats       ] Concurrent Cleanup                   69 us
[74.303s][info][gc,stats       ] Concurrent Class Unloading          301 us
[74.303s][info][gc,stats       ]   Unlink Stale                      203 us
[74.303s][info][gc,stats       ]     System Dictionary                 1 us
[74.304s][info][gc,stats       ]     Weak Class Links                  0 us
[74.304s][info][gc,stats       ]     Code Roots                      201 us
[74.304s][info][gc,stats       ]   Rendezvous                         24 us
[74.304s][info][gc,stats       ]   Purge Unlinked                     28 us
[74.304s][info][gc,stats       ]     Code Roots                       24 us
[74.304s][info][gc,stats       ]     CLDG                              4 us
[74.304s][info][gc,stats       ]     Exception Caches                  0 us
[74.304s][info][gc,stats       ] Pause Final Roots (G)                53 us
[74.304s][info][gc,stats       ] Pause Final Roots (N)                34 us
[74.304s][info][gc,stats       ] Pacing                            30752 us
[74.304s][info][gc,stats       ] 
[74.304s][info][gc,stats       ] Allocation pacing accrued:
[74.304s][info][gc,stats       ]      31 of  1341 ms (  2.3%): main
[74.304s][info][gc,stats       ]      31 of  1341 ms (  2.3%): <total>
[74.304s][info][gc,stats       ]       2 of  1341 ms (  0.2%): <average total>
[74.304s][info][gc,stats       ]      31 of  1341 ms (  2.3%): <average non-zero>
[74.304s][info][gc,stats       ] 
[74.304s][info][gc,metaspace   ] Metaspace: 1071K(1280K)->1071K(1280K) NonClass: 989K(1088K)->989K(1088K) Class: 81K(192K)->81K(192K)
[74.304s][info][gc,ergo        ] Pacer for Idle. Initial: 10485K, Alloc Tax Rate: 1.0x
[75.781s][info][gc             ] Trigger: Average GC time (3.50 ms) is above the time for average allocation rate (139 MB/s) to deplete free headroom (0B) (margin of error = 2.44)
[75.781s][info][gc,ergo        ] Free headroom: 123M (free) - 26214K (spike) - 122M (penalties) = 0B
[75.781s][info][gc,ergo        ] Free: 123M, Max: 256K regular, 81920K humongous, Frag: 35% external, 0% internal; Reserve: 26368K, Max: 256K
[75.781s][info][gc,start       ] GC(48) Concurrent reset
[75.781s][info][gc,task        ] GC(48) Using 3 of 6 workers for concurrent reset
[75.781s][info][gc,ergo        ] GC(48) Pacer for Reset. Non-Taxable: 512M
[75.782s][info][gc             ] GC(48) Concurrent reset 0.290ms
[75.782s][info][gc,start       ] GC(48) Pause Init Mark (unload classes)
[75.782s][info][gc,task        ] GC(48) Using 6 of 6 workers for init marking
[75.782s][info][gc,ergo        ] GC(48) Pacer for Mark. Expected Live: 155M, Free: 123M, Non-Taxable: 12596K, Alloc Tax Rate: 1.5x
[75.782s][info][gc             ] GC(48) Pause Init Mark (unload classes) 0.087ms
[75.782s][info][gc,start       ] GC(48) Concurrent marking roots
[75.782s][info][gc,task        ] GC(48) Using 3 of 6 workers for concurrent marking roots
[75.782s][info][gc             ] GC(48) Concurrent marking roots 0.327ms
[75.782s][info][gc,start       ] GC(48) Concurrent marking (unload classes)
[75.782s][info][gc,task        ] GC(48) Using 3 of 6 workers for concurrent marking
[75.783s][info][gc             ] GC(48) Concurrent marking (unload classes) 0.836ms
[75.783s][info][gc,start       ] GC(48) Pause Final Mark (unload classes)
[75.783s][info][gc,task        ] GC(48) Using 6 of 6 workers for final marking
[75.783s][info][gc,ergo        ] GC(48) Collectable Garbage: 298M (99%), Immediate: 298M (99%), CSet: 0B (0%)
[75.783s][info][gc             ] GC(48) Pause Final Mark (unload classes) 0.165ms
[75.783s][info][gc,start       ] GC(48) Concurrent weak references
[75.783s][info][gc,task        ] GC(48) Using 3 of 6 workers for concurrent weak references
[75.783s][info][gc,ref         ] GC(48) Encountered references: Soft: 45, Weak: 116, Final: 0, Phantom: 7
[75.783s][info][gc,ref         ] GC(48) Discovered  references: Soft: 0, Weak: 68, Final: 0, Phantom: 5
[75.783s][info][gc,ref         ] GC(48) Enqueued    references: Soft: 0, Weak: 0, Final: 0, Phantom: 0
[75.783s][info][gc             ] GC(48) Concurrent weak references 0.117ms
[75.783s][info][gc,start       ] GC(48) Concurrent weak roots
[75.784s][info][gc,task        ] GC(48) Using 3 of 6 workers for concurrent weak root
[75.784s][info][gc             ] GC(48) Concurrent weak roots 0.140ms
[75.784s][info][gc,start       ] GC(48) Concurrent cleanup
[75.784s][info][gc             ] GC(48) Concurrent cleanup 359M->61M(512M) 0.064ms
[75.784s][info][gc,ergo        ] GC(48) Free: 424M, Max: 256K regular, 303M humongous, Frag: 29% external, 0% internal; Reserve: 26368K, Max: 256K
[75.784s][info][gc,start       ] GC(48) Concurrent class unloading
[75.784s][info][gc,task        ] GC(48) Using 3 of 6 workers for concurrent class unloading
[75.784s][info][gc             ] GC(48) Concurrent class unloading 0.256ms
[75.784s][info][gc,start       ] GC(48) Pause Final Roots
[75.784s][info][gc             ] GC(48) Pause Final Roots 0.017ms
[75.784s][info][gc,ergo        ] Free: 424M, Max: 256K regular, 303M humongous, Frag: 29% external, 0% internal; Reserve: 26368K, Max: 256K
[75.784s][info][gc,stats       ] 
[75.784s][info][gc,stats       ] All times are wall-clock times, except per-root-class counters, that are sum over
[75.784s][info][gc,stats       ] all workers. Dividing the <total> over the root stage time estimates parallelism.
[75.784s][info][gc,stats       ] 
[75.784s][info][gc,stats       ] Concurrent Reset                    314 us
[75.784s][info][gc,stats       ] Pause Init Mark (G)                 183 us
[75.784s][info][gc,stats       ] Pause Init Mark (N)                  96 us
[75.784s][info][gc,stats       ]   Update Region States               33 us
[75.784s][info][gc,stats       ] Concurrent Mark Roots               345 us, parallelism: 1.08x
[75.784s][info][gc,stats       ]   CMR: <total>                      371 us
[75.784s][info][gc,stats       ]   CMR: Thread Roots                 336 us, workers (us): 208,  78,  51, ---, ---, ---, 
[75.784s][info][gc,stats       ]   CMR: VM Strong Roots                4 us, workers (us):   3,   0,   0, ---, ---, ---, 
[75.784s][info][gc,stats       ]   CMR: CLDG Roots                    32 us, workers (us):  32, ---, ---, ---, ---, ---, 
[75.784s][info][gc,stats       ] Concurrent Marking                  856 us
[75.784s][info][gc,stats       ] Pause Final Mark (G)                252 us
[75.784s][info][gc,stats       ] Pause Final Mark (N)                180 us
[75.784s][info][gc,stats       ]   Finish Mark                        31 us
[75.784s][info][gc,stats       ]   Update Region States               35 us
[75.784s][info][gc,stats       ]   Choose Collection Set              54 us
[75.784s][info][gc,stats       ]   Rebuild Free Set                   14 us
[75.784s][info][gc,stats       ] Concurrent Weak References          126 us, parallelism: 0.04x
[75.784s][info][gc,stats       ]   CWRF: <total>                       5 us
[75.784s][info][gc,stats       ]   CWRF: Weak References               5 us, workers (us):   1,   3,   0, ---, ---, ---, 
[75.784s][info][gc,stats       ] Concurrent Weak Roots               155 us
[75.784s][info][gc,stats       ]   Roots                              95 us, parallelism: 1.32x
[75.784s][info][gc,stats       ]     CWR: <total>                    125 us
[75.784s][info][gc,stats       ]     CWR: Code Cache Roots            66 us, workers (us):  41,  25,   0, ---, ---, ---, 
[75.784s][info][gc,stats       ]     CWR: VM Weak Roots               58 us, workers (us):  28,  28,   2, ---, ---, ---, 
[75.784s][info][gc,stats       ]     CWR: CLDG Roots                   1 us, workers (us): ---, ---,   1, ---, ---, ---, 
[75.784s][info][gc,stats       ]   Rendezvous                         28 us
[75.784s][info][gc,stats       ] Concurrent Cleanup                   74 us
[75.784s][info][gc,stats       ] Concurrent Class Unloading          270 us
[75.784s][info][gc,stats       ]   Unlink Stale                      163 us
[75.784s][info][gc,stats       ]     System Dictionary                 1 us
[75.784s][info][gc,stats       ]     Weak Class Links                  0 us
[75.784s][info][gc,stats       ]     Code Roots                      161 us
[75.784s][info][gc,stats       ]   Rendezvous                         23 us
[75.784s][info][gc,stats       ]   Purge Unlinked                     52 us
[75.784s][info][gc,stats       ]     Code Roots                       49 us
[75.784s][info][gc,stats       ]     CLDG                              3 us
[75.784s][info][gc,stats       ]     Exception Caches                  0 us
[75.784s][info][gc,stats       ] Pause Final Roots (G)                46 us
[75.784s][info][gc,stats       ] Pause Final Roots (N)                26 us
[75.784s][info][gc,stats       ] Pacing                            58697 us
[75.784s][info][gc,stats       ] 
[75.784s][info][gc,stats       ] Allocation pacing accrued:
[75.784s][info][gc,stats       ]      59 of  1481 ms (  4.0%): main
[75.784s][info][gc,stats       ]      59 of  1481 ms (  4.0%): <total>
[75.784s][info][gc,stats       ]       5 of  1481 ms (  0.3%): <average total>
[75.784s][info][gc,stats       ]      59 of  1481 ms (  4.0%): <average non-zero>
[75.784s][info][gc,stats       ] 
[75.784s][info][gc,metaspace   ] Metaspace: 1071K(1280K)->1071K(1280K) NonClass: 989K(1088K)->989K(1088K) Class: 81K(192K)->81K(192K)
[75.785s][info][gc,ergo        ] Pacer for Idle. Initial: 10485K, Alloc Tax Rate: 1.0x
[77.389s][info][gc             ] Trigger: Average GC time (3.26 ms) is above the time for average allocation rate (305 MB/s) to deplete free headroom (0B) (margin of error = 2.43)
[77.389s][info][gc,ergo        ] Free headroom: 100619K (free) - 26214K (spike) - 117M (penalties) = 0B
[77.389s][info][gc,ergo        ] Free: 100619K, Max: 256K regular, 98304K humongous, Frag: 3% external, 0% internal; Reserve: 26368K, Max: 256K
[77.389s][info][gc,start       ] GC(49) Concurrent reset
[77.389s][info][gc,task        ] GC(49) Using 3 of 6 workers for concurrent reset
[77.389s][info][gc,ergo        ] GC(49) Pacer for Reset. Non-Taxable: 512M
[77.390s][info][gc             ] GC(49) Concurrent reset 0.176ms
[77.390s][info][gc,start       ] GC(49) Pause Init Mark (unload classes)
[77.390s][info][gc,task        ] GC(49) Using 6 of 6 workers for init marking
[77.390s][info][gc,ergo        ] GC(49) Pacer for Mark. Expected Live: 142M, Free: 100619K, Non-Taxable: 10061K, Alloc Tax Rate: 1.8x
[77.390s][info][gc             ] GC(49) Pause Init Mark (unload classes) 0.140ms
[77.390s][info][gc,start       ] GC(49) Concurrent marking roots
[77.390s][info][gc,task        ] GC(49) Using 3 of 6 workers for concurrent marking roots
[77.390s][info][gc             ] GC(49) Concurrent marking roots 0.596ms
[77.390s][info][gc,start       ] GC(49) Concurrent marking (unload classes)
[77.390s][info][gc,task        ] GC(49) Using 3 of 6 workers for concurrent marking
[77.391s][info][gc             ] GC(49) Concurrent marking (unload classes) 0.696ms
[77.391s][info][gc,start       ] GC(49) Pause Final Mark (unload classes)
[77.391s][info][gc,task        ] GC(49) Using 6 of 6 workers for final marking
[77.391s][info][gc,ergo        ] GC(49) Collectable Garbage: 257M (99%), Immediate: 257M (99%), CSet: 0B (0%)
[77.391s][info][gc             ] GC(49) Pause Final Mark (unload classes) 0.153ms
[77.391s][info][gc,start       ] GC(49) Concurrent weak references
[77.391s][info][gc,task        ] GC(49) Using 3 of 6 workers for concurrent weak references
[77.391s][info][gc,ref         ] GC(49) Encountered references: Soft: 45, Weak: 116, Final: 0, Phantom: 7
[77.391s][info][gc,ref         ] GC(49) Discovered  references: Soft: 0, Weak: 72, Final: 0, Phantom: 5
[77.391s][info][gc,ref         ] GC(49) Enqueued    references: Soft: 0, Weak: 0, Final: 0, Phantom: 0
[77.391s][info][gc             ] GC(49) Concurrent weak references 0.095ms
[77.391s][info][gc,start       ] GC(49) Concurrent weak roots
[77.391s][info][gc,task        ] GC(49) Using 3 of 6 workers for concurrent weak root
[77.392s][info][gc             ] GC(49) Concurrent weak roots 0.182ms
[77.392s][info][gc,start       ] GC(49) Concurrent cleanup
[77.392s][info][gc             ] GC(49) Concurrent cleanup 383M->126M(512M) 0.056ms
[77.392s][info][gc,ergo        ] GC(49) Free: 358M, Max: 256K regular, 187M humongous, Frag: 48% external, 0% internal; Reserve: 26368K, Max: 256K
[77.392s][info][gc,start       ] GC(49) Concurrent class unloading
[77.392s][info][gc,task        ] GC(49) Using 3 of 6 workers for concurrent class unloading
[77.392s][info][gc             ] GC(49) Concurrent class unloading 0.237ms
[77.392s][info][gc,start       ] GC(49) Pause Final Roots
[77.392s][info][gc             ] GC(49) Pause Final Roots 0.019ms
[77.392s][info][gc,ergo        ] Free: 358M, Max: 256K regular, 187M humongous, Frag: 48% external, 0% internal; Reserve: 26368K, Max: 256K
[77.392s][info][gc,stats       ] 
[77.392s][info][gc,stats       ] All times are wall-clock times, except per-root-class counters, that are sum over
[77.392s][info][gc,stats       ] all workers. Dividing the <total> over the root stage time estimates parallelism.
[77.392s][info][gc,stats       ] 
[77.392s][info][gc,stats       ] Concurrent Reset                    195 us
[77.392s][info][gc,stats       ] Pause Init Mark (G)                 244 us
[77.392s][info][gc,stats       ] Pause Init Mark (N)                 152 us
[77.392s][info][gc,stats       ]   Update Region States               89 us
[77.392s][info][gc,stats       ] Concurrent Mark Roots               614 us, parallelism: 1.79x
[77.392s][info][gc,stats       ]   CMR: <total>                     1099 us
[77.392s][info][gc,stats       ]   CMR: Thread Roots                1070 us, workers (us): 370, 491, 209, ---, ---, ---, 
[77.392s][info][gc,stats       ]   CMR: VM Strong Roots                3 us, workers (us):   3,   0,   0, ---, ---, ---, 
[77.392s][info][gc,stats       ]   CMR: CLDG Roots                    26 us, workers (us):  26, ---, ---, ---, ---, ---, 
[77.392s][info][gc,stats       ] Concurrent Marking                  715 us
[77.392s][info][gc,stats       ] Pause Final Mark (G)                197 us
[77.392s][info][gc,stats       ] Pause Final Mark (N)                163 us
[77.392s][info][gc,stats       ]   Finish Mark                        45 us
[77.392s][info][gc,stats       ]   Update Region States               31 us
[77.392s][info][gc,stats       ]   Choose Collection Set              39 us
[77.392s][info][gc,stats       ]   Rebuild Free Set                    8 us
[77.392s][info][gc,stats       ] Concurrent Weak References          103 us, parallelism: 0.04x
[77.392s][info][gc,stats       ]   CWRF: <total>                       4 us
[77.392s][info][gc,stats       ]   CWRF: Weak References               4 us, workers (us):   3,   1,   0, ---, ---, ---, 
[77.392s][info][gc,stats       ] Concurrent Weak Roots               200 us
[77.392s][info][gc,stats       ]   Roots                              91 us, parallelism: 1.35x
[77.392s][info][gc,stats       ]     CWR: <total>                    123 us
[77.392s][info][gc,stats       ]     CWR: Code Cache Roots            67 us, workers (us):   0,  15,  52, ---, ---, ---, 
[77.392s][info][gc,stats       ]     CWR: VM Weak Roots               56 us, workers (us):  25,  16,  15, ---, ---, ---, 
[77.392s][info][gc,stats       ]     CWR: CLDG Roots                   1 us, workers (us): ---,   1, ---, ---, ---, ---, 
[77.392s][info][gc,stats       ]   Rendezvous                         74 us
[77.392s][info][gc,stats       ] Concurrent Cleanup                   69 us
[77.392s][info][gc,stats       ] Concurrent Class Unloading          251 us
[77.392s][info][gc,stats       ]   Unlink Stale                      165 us
[77.392s][info][gc,stats       ]     System Dictionary                 1 us
[77.392s][info][gc,stats       ]     Weak Class Links                  0 us
[77.392s][info][gc,stats       ]     Code Roots                      163 us
[77.392s][info][gc,stats       ]   Rendezvous                         26 us
[77.392s][info][gc,stats       ]   Purge Unlinked                     24 us
[77.392s][info][gc,stats       ]     Code Roots                       21 us
[77.392s][info][gc,stats       ]     CLDG                              2 us
[77.392s][info][gc,stats       ]     Exception Caches                  0 us
[77.392s][info][gc,stats       ] Pause Final Roots (G)                49 us
[77.392s][info][gc,stats       ] Pause Final Roots (N)                29 us
[77.392s][info][gc,stats       ] Pacing                            72424 us
[77.392s][info][gc,stats       ] 
[77.392s][info][gc,stats       ] Allocation pacing accrued:
[77.392s][info][gc,stats       ]      72 of  1608 ms (  4.5%): main
[77.392s][info][gc,stats       ]      72 of  1608 ms (  4.5%): <total>
[77.393s][info][gc,stats       ]       6 of  1608 ms (  0.3%): <average total>
[77.393s][info][gc,stats       ]      72 of  1608 ms (  4.5%): <average non-zero>
[77.393s][info][gc,stats       ] 
[77.393s][info][gc,metaspace   ] Metaspace: 1071K(1280K)->1071K(1280K) NonClass: 989K(1088K)->989K(1088K) Class: 81K(192K)->81K(192K)
[77.393s][info][gc,ergo        ] Pacer for Idle. Initial: 10485K, Alloc Tax Rate: 1.0x
[80.277s][info][gc             ] Failed to allocate Shared, 100M
[80.277s][info][gc             ] Cancelling GC: Allocation Failure
[80.292s][info][gc             ] Trigger: Handle Allocation Failure
[80.292s][info][gc,ergo        ] Free: 166M, Max: 256K regular, 98304K humongous, Frag: 43% external, 0% internal; Reserve: 26368K, Max: 256K
[80.292s][info][gc,start       ] GC(50) Pause Degenerated GC (Outside of Cycle)
[80.292s][info][gc,task        ] GC(50) Using 6 of 6 workers for stw degenerated gc
[80.292s][info][gc,ref         ] GC(50) Clearing All SoftReferences
[80.293s][info][gc,ref         ] GC(50) Encountered references: Soft: 45, Weak: 116, Final: 0, Phantom: 7
[80.293s][info][gc,ref         ] GC(50) Discovered  references: Soft: 19, Weak: 95, Final: 0, Phantom: 5
[80.293s][info][gc,ref         ] GC(50) Enqueued    references: Soft: 0, Weak: 0, Final: 0, Phantom: 0
[80.293s][info][gc,ergo        ] GC(50) Collectable Garbage: 257M (99%), Immediate: 257M (99%), CSet: 0B (0%)
[80.293s][info][gc,ergo        ] GC(50) Good progress for free space: 429M, need 5242K
[80.293s][info][gc,ergo        ] GC(50) Good progress for used space: 257M, need 256K
[80.293s][info][gc             ] GC(50) Pause Degenerated GC (Outside of Cycle) 313M->56M(512M) 1.282ms
[80.293s][info][gc,ergo        ] Free: 429M, Max: 256K regular, 216M humongous, Frag: 50% external, 0% internal; Reserve: 26368K, Max: 256K
[80.293s][info][gc,stats       ] 
[80.293s][info][gc,stats       ] All times are wall-clock times, except per-root-class counters, that are sum over
[80.293s][info][gc,stats       ] all workers. Dividing the <total> over the root stage time estimates parallelism.
[80.293s][info][gc,stats       ] 
[80.293s][info][gc,stats       ] Pause Degenerated GC (G)           1369 us
[80.293s][info][gc,stats       ] Pause Degenerated GC (N)           1291 us
[80.293s][info][gc,stats       ]   Degen STW Mark                    552 us, parallelism: 5.06x
[80.293s][info][gc,stats       ]     DSM: <total>                   2797 us
[80.293s][info][gc,stats       ]     DSM: Thread Roots                52 us, workers (us):  23,  17,  10,   0,   1,   1, 
[80.293s][info][gc,stats       ]     DSM: VM Strong Roots              4 us, workers (us):   0,   3,   0,   0,   0,   0, 
[80.293s][info][gc,stats       ]     DSM: CLDG Roots                  32 us, workers (us):   0,   0,  30,   0,   0,   0, 
[80.293s][info][gc,stats       ]     DSM: Parallel Mark             2709 us, workers (us): 464, 467, 445, 446, 444, 443, 
[80.293s][info][gc,stats       ]     System Purge                    249 us
[80.293s][info][gc,stats       ]       Weak References                96 us, parallelism: 0.06x
[80.293s][info][gc,stats       ]         WRP: <total>                  6 us
[80.294s][info][gc,stats       ]         WRP: Weak References          6 us, workers (us):   4,   1,   1,   0,   0,   0, 
[80.294s][info][gc,stats       ]       Unload Classes                 97 us, parallelism: 3.04x
[80.294s][info][gc,stats       ]         DCU: <total>                294 us
[80.294s][info][gc,stats       ]         DCU: Unload Code Caches      294 us, workers (us):  56,  74,  67,  59,  39,   0, 
[80.294s][info][gc,stats       ]       Weak Roots                     55 us, parallelism: 0.94x
[80.294s][info][gc,stats       ]         DWR: <total>                 52 us
[80.294s][info][gc,stats       ]         DWR: VM Weak Roots           52 us, workers (us):  18,  11,  11,  10,   1,   1, 
[80.294s][info][gc,stats       ]       CLDG                            0 us
[80.294s][info][gc,stats       ]   Update Region States               66 us
[80.294s][info][gc,stats       ]   Manage GC/TLABs                     3 us
[80.294s][info][gc,stats       ]   Choose Collection Set              48 us
[80.294s][info][gc,stats       ]   Rebuild Free Set                    9 us
[80.294s][info][gc,stats       ]   Cleanup                             6 us
[80.294s][info][gc,stats       ] Pacing                            61523 us
[80.294s][info][gc,stats       ] 
[80.294s][info][gc,stats       ] Allocation pacing accrued:
[80.294s][info][gc,stats       ]      62 of  2901 ms (  2.1%): main
[80.294s][info][gc,stats       ]      62 of  2901 ms (  2.1%): <total>
[80.294s][info][gc,stats       ]       5 of  2901 ms (  0.2%): <average total>
[80.294s][info][gc,stats       ]      62 of  2901 ms (  2.1%): <average non-zero>
[80.294s][info][gc,stats       ] 
[80.294s][info][gc,metaspace   ] Metaspace: 1071K(1280K)->1071K(1280K) NonClass: 989K(1088K)->989K(1088K) Class: 81K(192K)->81K(192K)
[80.294s][info][gc,ergo        ] Pacer for Idle. Initial: 10485K, Alloc Tax Rate: 1.0x
[81.726s][info][gc             ] Trigger: Average GC time (3.10 ms) is above the time for average allocation rate (304 MB/s) to deplete free headroom (0B) (margin of error = 2.53)
[81.726s][info][gc,ergo        ] Free headroom: 103M (free) - 26214K (spike) - 163M (penalties) = 0B
[81.726s][info][gc,ergo        ] Free: 103M, Max: 256K regular, 67584K humongous, Frag: 37% external, 0% internal; Reserve: 26368K, Max: 256K
[81.726s][info][gc,start       ] GC(51) Concurrent reset
[81.726s][info][gc,task        ] GC(51) Using 3 of 6 workers for concurrent reset
[81.726s][info][gc,ergo        ] GC(51) Pacer for Reset. Non-Taxable: 512M
[81.727s][info][gc             ] GC(51) Concurrent reset 0.306ms
[81.727s][info][gc,start       ] GC(51) Pause Init Mark (unload classes)
[81.727s][info][gc,task        ] GC(51) Using 6 of 6 workers for init marking
[81.727s][info][gc,ergo        ] GC(51) Pacer for Mark. Expected Live: 143M, Free: 103M, Non-Taxable: 10573K, Alloc Tax Rate: 1.7x
[81.727s][info][gc             ] GC(51) Pause Init Mark (unload classes) 0.137ms
[81.727s][info][gc,start       ] GC(51) Concurrent marking roots
[81.727s][info][gc,task        ] GC(51) Using 3 of 6 workers for concurrent marking roots
[81.727s][info][gc             ] GC(51) Concurrent marking roots 0.334ms
[81.727s][info][gc,start       ] GC(51) Concurrent marking (unload classes)
[81.727s][info][gc,task        ] GC(51) Using 3 of 6 workers for concurrent marking
[81.728s][info][gc             ] GC(51) Concurrent marking (unload classes) 0.723ms
[81.728s][info][gc,start       ] GC(51) Pause Final Mark (unload classes)
[81.728s][info][gc,task        ] GC(51) Using 6 of 6 workers for final marking
[81.728s][info][gc,ergo        ] GC(51) Collectable Garbage: 217M (99%), Immediate: 217M (99%), CSet: 0B (0%)
[81.728s][info][gc             ] GC(51) Pause Final Mark (unload classes) 0.208ms
[81.728s][info][gc,start       ] GC(51) Concurrent weak references
[81.728s][info][gc,task        ] GC(51) Using 3 of 6 workers for concurrent weak references
[81.728s][info][gc,ref         ] GC(51) Encountered references: Soft: 45, Weak: 116, Final: 0, Phantom: 7
[81.728s][info][gc,ref         ] GC(51) Discovered  references: Soft: 0, Weak: 89, Final: 0, Phantom: 5
[81.728s][info][gc,ref         ] GC(51) Enqueued    references: Soft: 0, Weak: 0, Final: 0, Phantom: 0
[81.728s][info][gc             ] GC(51) Concurrent weak references 0.078ms
[81.728s][info][gc,start       ] GC(51) Concurrent weak roots
[81.728s][info][gc,task        ] GC(51) Using 3 of 6 workers for concurrent weak root
[81.729s][info][gc             ] GC(51) Concurrent weak roots 0.191ms
[81.729s][info][gc,start       ] GC(51) Concurrent cleanup
[81.729s][info][gc             ] GC(51) Concurrent cleanup 378M->161M(512M) 0.051ms
[81.729s][info][gc,ergo        ] GC(51) Free: 323M, Max: 256K regular, 114M humongous, Frag: 65% external, 0% internal; Reserve: 26368K, Max: 256K
[81.729s][info][gc,start       ] GC(51) Concurrent class unloading
[81.729s][info][gc,task        ] GC(51) Using 3 of 6 workers for concurrent class unloading
[81.729s][info][gc             ] GC(51) Concurrent class unloading 0.252ms
[81.729s][info][gc,start       ] GC(51) Pause Final Roots
[81.729s][info][gc             ] GC(51) Pause Final Roots 0.016ms
[81.729s][info][gc,ergo        ] Free: 323M, Max: 256K regular, 114M humongous, Frag: 65% external, 0% internal; Reserve: 26368K, Max: 256K
[81.729s][info][gc,stats       ] 
[81.729s][info][gc,stats       ] All times are wall-clock times, except per-root-class counters, that are sum over
[81.729s][info][gc,stats       ] all workers. Dividing the <total> over the root stage time estimates parallelism.
[81.729s][info][gc,stats       ] 
[81.729s][info][gc,stats       ] Concurrent Reset                    325 us
[81.729s][info][gc,stats       ] Pause Init Mark (G)                 271 us
[81.729s][info][gc,stats       ] Pause Init Mark (N)                 147 us
[81.729s][info][gc,stats       ]   Update Region States               82 us
[81.729s][info][gc,stats       ] Concurrent Mark Roots               352 us, parallelism: 0.97x
[81.729s][info][gc,stats       ]   CMR: <total>                      343 us
[81.729s][info][gc,stats       ]   CMR: Thread Roots                 309 us, workers (us):  35,  70, 204, ---, ---, ---, 
[81.729s][info][gc,stats       ]   CMR: VM Strong Roots                4 us, workers (us):   2,   2,   0, ---, ---, ---, 
[81.729s][info][gc,stats       ]   CMR: CLDG Roots                    29 us, workers (us):  29, ---, ---, ---, ---, ---, 
[81.729s][info][gc,stats       ] Concurrent Marking                  743 us
[81.729s][info][gc,stats       ] Pause Final Mark (G)                252 us
[81.729s][info][gc,stats       ] Pause Final Mark (N)                219 us
[81.729s][info][gc,stats       ]   Finish Mark                        98 us
[81.729s][info][gc,stats       ]   Update Region States               30 us
[81.729s][info][gc,stats       ]   Choose Collection Set              41 us
[81.729s][info][gc,stats       ]   Rebuild Free Set                    8 us
[81.729s][info][gc,stats       ] Concurrent Weak References           87 us, parallelism: 0.06x
[81.729s][info][gc,stats       ]   CWRF: <total>                       5 us
[81.729s][info][gc,stats       ]   CWRF: Weak References               5 us, workers (us):   5,   0,   0, ---, ---, ---, 
[81.729s][info][gc,stats       ] Concurrent Weak Roots               209 us
[81.729s][info][gc,stats       ]   Roots                             111 us, parallelism: 0.93x
[81.729s][info][gc,stats       ]     CWR: <total>                    103 us
[81.729s][info][gc,stats       ]     CWR: Code Cache Roots            53 us, workers (us):  36,  17,   0, ---, ---, ---, 
[81.729s][info][gc,stats       ]     CWR: VM Weak Roots               49 us, workers (us):  17,  16,  16, ---, ---, ---, 
[81.729s][info][gc,stats       ]     CWR: CLDG Roots                   1 us, workers (us): ---, ---,   1, ---, ---, ---, 
[81.729s][info][gc,stats       ]   Rendezvous                         64 us
[81.729s][info][gc,stats       ] Concurrent Cleanup                   61 us
[81.729s][info][gc,stats       ] Concurrent Class Unloading          270 us
[81.729s][info][gc,stats       ]   Unlink Stale                      151 us
[81.729s][info][gc,stats       ]     System Dictionary                 1 us
[81.729s][info][gc,stats       ]     Weak Class Links                  0 us
[81.729s][info][gc,stats       ]     Code Roots                      149 us
[81.729s][info][gc,stats       ]   Rendezvous                         23 us
[81.729s][info][gc,stats       ]   Purge Unlinked                     62 us
[81.729s][info][gc,stats       ]     Code Roots                       58 us
[81.729s][info][gc,stats       ]     CLDG                              3 us
[81.729s][info][gc,stats       ]     Exception Caches                  0 us
[81.729s][info][gc,stats       ] Pause Final Roots (G)                49 us
[81.729s][info][gc,stats       ] Pause Final Roots (N)                24 us
[81.729s][info][gc,stats       ] 
[81.729s][info][gc,stats       ] Allocation pacing accrued:
[81.729s][info][gc,stats       ]       0 of  1436 ms (  0.0%): <total>
[81.729s][info][gc,stats       ]       0 of  1436 ms (  0.0%): <average total>
[81.729s][info][gc,stats       ] 
[81.729s][info][gc,metaspace   ] Metaspace: 1071K(1280K)->1071K(1280K) NonClass: 989K(1088K)->989K(1088K) Class: 81K(192K)->81K(192K)
[81.729s][info][gc,ergo        ] Pacer for Idle. Initial: 10485K, Alloc Tax Rate: 1.0x
[83.596s][info][gc             ] Trigger: Average GC time (2.96 ms) is above the time for average allocation rate (80906 KB/s) to deplete free headroom (0B) (margin of error = 2.54)
[83.596s][info][gc,ergo        ] Free headroom: 181M (free) - 26214K (spike) - 158M (penalties) = 0B
[83.596s][info][gc,ergo        ] Free: 181M, Max: 256K regular, 67584K humongous, Frag: 64% external, 0% internal; Reserve: 26368K, Max: 256K
[83.596s][info][gc,start       ] GC(52) Concurrent reset
[83.596s][info][gc,task        ] GC(52) Using 3 of 6 workers for concurrent reset
[83.596s][info][gc,ergo        ] GC(52) Pacer for Reset. Non-Taxable: 512M
[83.596s][info][gc             ] GC(52) Concurrent reset 0.217ms
[83.596s][info][gc,start       ] GC(52) Pause Init Mark (unload classes)
[83.596s][info][gc,task        ] GC(52) Using 6 of 6 workers for init marking
[83.596s][info][gc,ergo        ] GC(52) Pacer for Mark. Expected Live: 155M, Free: 181M, Non-Taxable: 18561K, Alloc Tax Rate: 1.0x
[83.596s][info][gc             ] GC(52) Pause Init Mark (unload classes) 0.073ms
[83.596s][info][gc,start       ] GC(52) Concurrent marking roots
[83.596s][info][gc,task        ] GC(52) Using 3 of 6 workers for concurrent marking roots
[83.597s][info][gc             ] GC(52) Concurrent marking roots 0.272ms
[83.597s][info][gc,start       ] GC(52) Concurrent marking (unload classes)
[83.597s][info][gc,task        ] GC(52) Using 3 of 6 workers for concurrent marking
[83.597s][info][gc             ] GC(52) Concurrent marking (unload classes) 0.648ms
[83.597s][info][gc,start       ] GC(52) Pause Final Mark (unload classes)
[83.597s][info][gc,task        ] GC(52) Using 6 of 6 workers for final marking
[83.597s][info][gc,ergo        ] GC(52) Collectable Garbage: 293M (99%), Immediate: 293M (99%), CSet: 0B (0%)
[83.597s][info][gc             ] GC(52) Pause Final Mark (unload classes) 0.129ms
[83.598s][info][gc,start       ] GC(52) Concurrent weak references
[83.598s][info][gc,task        ] GC(52) Using 3 of 6 workers for concurrent weak references
[83.598s][info][gc,ref         ] GC(52) Encountered references: Soft: 45, Weak: 116, Final: 0, Phantom: 7
[83.598s][info][gc,ref         ] GC(52) Discovered  references: Soft: 0, Weak: 73, Final: 0, Phantom: 5
[83.598s][info][gc,ref         ] GC(52) Enqueued    references: Soft: 0, Weak: 0, Final: 0, Phantom: 0
[83.598s][info][gc             ] GC(52) Concurrent weak references 0.072ms
[83.598s][info][gc,start       ] GC(52) Concurrent weak roots
[83.598s][info][gc,task        ] GC(52) Using 3 of 6 workers for concurrent weak root
[83.598s][info][gc             ] GC(52) Concurrent weak roots 0.116ms
[83.598s][info][gc,start       ] GC(52) Concurrent cleanup
[83.598s][info][gc             ] GC(52) Concurrent cleanup 300M->7M(512M) 0.062ms
[83.598s][info][gc,ergo        ] GC(52) Free: 478M, Max: 256K regular, 436M humongous, Frag: 9% external, 0% internal; Reserve: 26368K, Max: 256K
[83.598s][info][gc,start       ] GC(52) Concurrent class unloading
[83.598s][info][gc,task        ] GC(52) Using 3 of 6 workers for concurrent class unloading
[83.598s][info][gc             ] GC(52) Concurrent class unloading 0.222ms
[83.598s][info][gc,start       ] GC(52) Pause Final Roots
[83.598s][info][gc             ] GC(52) Pause Final Roots 0.015ms
[83.598s][info][gc,ergo        ] Free: 478M, Max: 256K regular, 436M humongous, Frag: 9% external, 0% internal; Reserve: 26368K, Max: 256K
[83.598s][info][gc,stats       ] 
[83.598s][info][gc,stats       ] All times are wall-clock times, except per-root-class counters, that are sum over
[83.598s][info][gc,stats       ] all workers. Dividing the <total> over the root stage time estimates parallelism.
[83.598s][info][gc,stats       ] 
[83.598s][info][gc,stats       ] Concurrent Reset                    239 us
[83.598s][info][gc,stats       ] Pause Init Mark (G)                 115 us
[83.598s][info][gc,stats       ] Pause Init Mark (N)                  82 us
[83.598s][info][gc,stats       ]   Update Region States               26 us
[83.598s][info][gc,stats       ] Concurrent Mark Roots               294 us, parallelism: 1.22x
[83.598s][info][gc,stats       ]   CMR: <total>                      359 us
[83.598s][info][gc,stats       ]   CMR: Thread Roots                 323 us, workers (us):  34,  67, 223, ---, ---, ---, 
[83.598s][info][gc,stats       ]   CMR: VM Strong Roots                5 us, workers (us):   2,   2,   1, ---, ---, ---, 
[83.598s][info][gc,stats       ]   CMR: CLDG Roots                    30 us, workers (us):  30, ---, ---, ---, ---, ---, 
[83.598s][info][gc,stats       ] Concurrent Marking                  664 us
[83.598s][info][gc,stats       ] Pause Final Mark (G)                172 us
[83.598s][info][gc,stats       ] Pause Final Mark (N)                138 us
[83.598s][info][gc,stats       ]   Finish Mark                        29 us
[83.598s][info][gc,stats       ]   Update Region States               26 us
[83.598s][info][gc,stats       ]   Choose Collection Set              38 us
[83.598s][info][gc,stats       ]   Rebuild Free Set                    8 us
[83.598s][info][gc,stats       ] Concurrent Weak References           80 us, parallelism: 0.05x
[83.598s][info][gc,stats       ]   CWRF: <total>                       4 us
[83.598s][info][gc,stats       ]   CWRF: Weak References               4 us, workers (us):   2,   1,   1, ---, ---, ---, 
[83.598s][info][gc,stats       ] Concurrent Weak Roots               129 us
[83.598s][info][gc,stats       ]   Roots                              76 us, parallelism: 1.32x
[83.598s][info][gc,stats       ]     CWR: <total>                    101 us
[83.598s][info][gc,stats       ]     CWR: Code Cache Roots            58 us, workers (us):  16,   0,  42, ---, ---, ---, 
[83.598s][info][gc,stats       ]     CWR: VM Weak Roots               42 us, workers (us):  14,  14,  13, ---, ---, ---, 
[83.598s][info][gc,stats       ]     CWR: CLDG Roots                   1 us, workers (us): ---,   1, ---, ---, ---, ---, 
[83.598s][info][gc,stats       ]   Rendezvous                         23 us
[83.598s][info][gc,stats       ] Concurrent Cleanup                   72 us
[83.598s][info][gc,stats       ] Concurrent Class Unloading          236 us
[83.598s][info][gc,stats       ]   Unlink Stale                      158 us
[83.598s][info][gc,stats       ]     System Dictionary                 1 us
[83.598s][info][gc,stats       ]     Weak Class Links                  0 us
[83.598s][info][gc,stats       ]     Code Roots                      156 us
[83.598s][info][gc,stats       ]   Rendezvous                         23 us
[83.598s][info][gc,stats       ]   Purge Unlinked                     24 us
[83.598s][info][gc,stats       ]     Code Roots                       22 us
[83.598s][info][gc,stats       ]     CLDG                              2 us
[83.598s][info][gc,stats       ]     Exception Caches                  0 us
[83.598s][info][gc,stats       ] Pause Final Roots (G)                44 us
[83.598s][info][gc,stats       ] Pause Final Roots (N)                24 us
[83.599s][info][gc,stats       ] Pacing                            15669 us
[83.599s][info][gc,stats       ] 
[83.599s][info][gc,stats       ] Allocation pacing accrued:
[83.599s][info][gc,stats       ]      16 of  1869 ms (  0.8%): main
[83.599s][info][gc,stats       ]      16 of  1869 ms (  0.8%): <total>
[83.599s][info][gc,stats       ]       1 of  1869 ms (  0.1%): <average total>
[83.599s][info][gc,stats       ]      16 of  1869 ms (  0.8%): <average non-zero>
[83.599s][info][gc,stats       ] 
[83.599s][info][gc,metaspace   ] Metaspace: 1071K(1280K)->1071K(1280K) NonClass: 989K(1088K)->989K(1088K) Class: 81K(192K)->81K(192K)
[83.599s][info][gc,ergo        ] Pacer for Idle. Initial: 10485K, Alloc Tax Rate: 1.0x
[85.970s][info][gc             ] Trigger: Average GC time (3.16 ms) is above the time for average allocation rate (139 MB/s) to deplete free headroom (0B) (margin of error = 2.51)
[85.970s][info][gc,ergo        ] Free headroom: 140M (free) - 26214K (spike) - 153M (penalties) = 0B
[85.970s][info][gc,ergo        ] Free: 140M, Max: 256K regular, 138M humongous, Frag: 2% external, 0% internal; Reserve: 26368K, Max: 256K
[85.970s][info][gc,start       ] GC(53) Concurrent reset
[85.970s][info][gc,task        ] GC(53) Using 3 of 6 workers for concurrent reset
[85.970s][info][gc,ergo        ] GC(53) Pacer for Reset. Non-Taxable: 512M
[85.971s][info][gc             ] GC(53) Concurrent reset 0.295ms
[85.971s][info][gc,start       ] GC(53) Pause Init Mark (unload classes)
[85.971s][info][gc,task        ] GC(53) Using 6 of 6 workers for init marking
[85.971s][info][gc,ergo        ] GC(53) Pacer for Mark. Expected Live: 115M, Free: 140M, Non-Taxable: 14388K, Alloc Tax Rate: 1.0x
[85.971s][info][gc             ] GC(53) Pause Init Mark (unload classes) 0.140ms
[85.971s][info][gc,start       ] GC(53) Concurrent marking roots
[85.971s][info][gc,task        ] GC(53) Using 3 of 6 workers for concurrent marking roots
[85.971s][info][gc             ] GC(53) Concurrent marking roots 0.334ms
[85.971s][info][gc,start       ] GC(53) Concurrent marking (unload classes)
[85.971s][info][gc,task        ] GC(53) Using 3 of 6 workers for concurrent marking
[85.972s][info][gc             ] GC(53) Concurrent marking (unload classes) 0.948ms
[85.972s][info][gc,start       ] GC(53) Pause Final Mark (unload classes)
[85.972s][info][gc,task        ] GC(53) Using 6 of 6 workers for final marking
[85.973s][info][gc,ergo        ] GC(53) Collectable Garbage: 271M (99%), Immediate: 271M (99%), CSet: 0B (0%)
[85.973s][info][gc             ] GC(53) Pause Final Mark (unload classes) 0.254ms
[85.973s][info][gc,start       ] GC(53) Concurrent weak references
[85.973s][info][gc,task        ] GC(53) Using 3 of 6 workers for concurrent weak references
[85.973s][info][gc,ref         ] GC(53) Encountered references: Soft: 45, Weak: 116, Final: 0, Phantom: 7
[85.973s][info][gc,ref         ] GC(53) Discovered  references: Soft: 0, Weak: 72, Final: 0, Phantom: 5
[85.973s][info][gc,ref         ] GC(53) Enqueued    references: Soft: 0, Weak: 0, Final: 0, Phantom: 0
[85.973s][info][gc             ] GC(53) Concurrent weak references 0.120ms
[85.973s][info][gc,start       ] GC(53) Concurrent weak roots
[85.973s][info][gc,task        ] GC(53) Using 3 of 6 workers for concurrent weak root
[85.973s][info][gc             ] GC(53) Concurrent weak roots 0.179ms
[85.973s][info][gc,start       ] GC(53) Concurrent cleanup
[85.973s][info][gc             ] GC(53) Concurrent cleanup 339M->68M(512M) 0.059ms
[85.973s][info][gc,ergo        ] GC(53) Free: 416M, Max: 256K regular, 219M humongous, Frag: 48% external, 0% internal; Reserve: 26368K, Max: 256K
[85.973s][info][gc,start       ] GC(53) Concurrent class unloading
[85.973s][info][gc,task        ] GC(53) Using 3 of 6 workers for concurrent class unloading
[85.973s][info][gc             ] GC(53) Concurrent class unloading 0.204ms
[85.973s][info][gc,start       ] GC(53) Pause Final Roots
[85.973s][info][gc             ] GC(53) Pause Final Roots 0.015ms
[85.973s][info][gc,ergo        ] Free: 416M, Max: 256K regular, 219M humongous, Frag: 48% external, 0% internal; Reserve: 26368K, Max: 256K
[85.973s][info][gc,stats       ] 
[85.973s][info][gc,stats       ] All times are wall-clock times, except per-root-class counters, that are sum over
[85.973s][info][gc,stats       ] all workers. Dividing the <total> over the root stage time estimates parallelism.
[85.973s][info][gc,stats       ] 
[85.973s][info][gc,stats       ] Concurrent Reset                    314 us
[85.973s][info][gc,stats       ] Pause Init Mark (G)                 232 us
[85.973s][info][gc,stats       ] Pause Init Mark (N)                 148 us
[85.973s][info][gc,stats       ]   Update Region States               87 us
[85.973s][info][gc,stats       ] Concurrent Mark Roots               367 us, parallelism: 0.94x
[85.973s][info][gc,stats       ]   CMR: <total>                      345 us
[85.973s][info][gc,stats       ]   CMR: Thread Roots                 315 us, workers (us): 210,  71,  35, ---, ---, ---, 
[85.973s][info][gc,stats       ]   CMR: VM Strong Roots                3 us, workers (us):   2,   0,   0, ---, ---, ---, 
[85.973s][info][gc,stats       ]   CMR: CLDG Roots                    27 us, workers (us):  27, ---, ---, ---, ---, ---, 
[85.973s][info][gc,stats       ] Concurrent Marking                  966 us
[85.973s][info][gc,stats       ] Pause Final Mark (G)                359 us
[85.973s][info][gc,stats       ] Pause Final Mark (N)                264 us
[85.974s][info][gc,stats       ]   Finish Mark                        78 us
[85.974s][info][gc,stats       ]   Update Region States               65 us
[85.974s][info][gc,stats       ]   Choose Collection Set              36 us
[85.974s][info][gc,stats       ]   Rebuild Free Set                    8 us
[85.974s][info][gc,stats       ] Concurrent Weak References          128 us, parallelism: 0.03x
[85.974s][info][gc,stats       ]   CWRF: <total>                       4 us
[85.974s][info][gc,stats       ]   CWRF: Weak References               4 us, workers (us):   3,   0,   0, ---, ---, ---, 
[85.974s][info][gc,stats       ] Concurrent Weak Roots               196 us
[85.974s][info][gc,stats       ]   Roots                              99 us, parallelism: 0.90x
[85.974s][info][gc,stats       ]     CWR: <total>                     89 us
[85.974s][info][gc,stats       ]     CWR: Code Cache Roots            47 us, workers (us):   0,  15,  32, ---, ---, ---, 
[85.974s][info][gc,stats       ]     CWR: VM Weak Roots               42 us, workers (us):  15,  15,  12, ---, ---, ---, 
[85.974s][info][gc,stats       ]     CWR: CLDG Roots                   1 us, workers (us):   1, ---, ---, ---, ---, ---, 
[85.974s][info][gc,stats       ]   Rendezvous                         63 us
[85.974s][info][gc,stats       ] Concurrent Cleanup                   69 us
[85.974s][info][gc,stats       ] Concurrent Class Unloading          218 us
[85.974s][info][gc,stats       ]   Unlink Stale                      145 us
[85.974s][info][gc,stats       ]     System Dictionary                 1 us
[85.974s][info][gc,stats       ]     Weak Class Links                  0 us
[85.974s][info][gc,stats       ]     Code Roots                      143 us
[85.974s][info][gc,stats       ]   Rendezvous                         21 us
[85.974s][info][gc,stats       ]   Purge Unlinked                     21 us
[85.974s][info][gc,stats       ]     Code Roots                       19 us
[85.974s][info][gc,stats       ]     CLDG                              2 us
[85.974s][info][gc,stats       ]     Exception Caches                  0 us
[85.974s][info][gc,stats       ] Pause Final Roots (G)                43 us
[85.974s][info][gc,stats       ] Pause Final Roots (N)                23 us
[85.974s][info][gc,stats       ] Pacing                            78681 us
[85.974s][info][gc,stats       ] 
[85.974s][info][gc,stats       ] Allocation pacing accrued:
[85.974s][info][gc,stats       ]      79 of  2375 ms (  3.3%): main
[85.974s][info][gc,stats       ]      79 of  2375 ms (  3.3%): <total>
[85.974s][info][gc,stats       ]       6 of  2375 ms (  0.3%): <average total>
[85.974s][info][gc,stats       ]      79 of  2375 ms (  3.3%): <average non-zero>
[85.974s][info][gc,stats       ] 
[85.974s][info][gc,metaspace   ] Metaspace: 1071K(1280K)->1071K(1280K) NonClass: 989K(1088K)->989K(1088K) Class: 81K(192K)->81K(192K)
[85.974s][info][gc,ergo        ] Pacer for Idle. Initial: 10485K, Alloc Tax Rate: 1.0x
[87.575s][info][gc             ] Trigger: Average GC time (3.53 ms) is above the time for average allocation rate (302 MB/s) to deplete free headroom (0B) (margin of error = 2.51)
[87.575s][info][gc,ergo        ] Free headroom: 116M (free) - 26214K (spike) - 148M (penalties) = 0B
[87.575s][info][gc,ergo        ] Free: 116M, Max: 256K regular, 38912K humongous, Frag: 68% external, 0% internal; Reserve: 26368K, Max: 256K
[87.575s][info][gc,start       ] GC(54) Concurrent reset
[87.575s][info][gc,task        ] GC(54) Using 3 of 6 workers for concurrent reset
[87.575s][info][gc,ergo        ] GC(54) Pacer for Reset. Non-Taxable: 512M
[87.575s][info][gc             ] GC(54) Concurrent reset 0.305ms
[87.575s][info][gc,start       ] GC(54) Pause Init Mark (unload classes)
[87.575s][info][gc,task        ] GC(54) Using 6 of 6 workers for init marking
[87.575s][info][gc,ergo        ] GC(54) Pacer for Mark. Expected Live: 98812K, Free: 116M, Non-Taxable: 11956K, Alloc Tax Rate: 1.0x
[87.575s][info][gc             ] GC(54) Pause Init Mark (unload classes) 0.111ms
[87.575s][info][gc,start       ] GC(54) Concurrent marking roots
[87.575s][info][gc,task        ] GC(54) Using 3 of 6 workers for concurrent marking roots
[87.576s][info][gc             ] GC(54) Concurrent marking roots 0.307ms
[87.576s][info][gc,start       ] GC(54) Concurrent marking (unload classes)
[87.576s][info][gc,task        ] GC(54) Using 3 of 6 workers for concurrent marking
[87.577s][info][gc             ] GC(54) Concurrent marking (unload classes) 0.805ms
[87.577s][info][gc,start       ] GC(54) Pause Final Mark (unload classes)
[87.577s][info][gc,task        ] GC(54) Using 6 of 6 workers for final marking
[87.577s][info][gc,ergo        ] GC(54) Collectable Garbage: 254M (99%), Immediate: 254M (99%), CSet: 0B (0%)
[87.577s][info][gc             ] GC(54) Pause Final Mark (unload classes) 0.330ms
[87.577s][info][gc,start       ] GC(54) Concurrent weak references
[87.577s][info][gc,task        ] GC(54) Using 3 of 6 workers for concurrent weak references
[87.577s][info][gc,ref         ] GC(54) Encountered references: Soft: 45, Weak: 116, Final: 0, Phantom: 7
[87.577s][info][gc,ref         ] GC(54) Discovered  references: Soft: 0, Weak: 72, Final: 0, Phantom: 5
[87.577s][info][gc,ref         ] GC(54) Enqueued    references: Soft: 0, Weak: 0, Final: 0, Phantom: 0
[87.577s][info][gc             ] GC(54) Concurrent weak references 0.148ms
[87.577s][info][gc,start       ] GC(54) Concurrent weak roots
[87.577s][info][gc,task        ] GC(54) Using 3 of 6 workers for concurrent weak root
[87.577s][info][gc             ] GC(54) Concurrent weak roots 0.219ms
[87.577s][info][gc,start       ] GC(54) Concurrent cleanup
[87.578s][info][gc             ] GC(54) Concurrent cleanup 365M->111M(512M) 0.058ms
[87.578s][info][gc,ergo        ] GC(54) Free: 374M, Max: 256K regular, 199M humongous, Frag: 47% external, 0% internal; Reserve: 26368K, Max: 256K
[87.578s][info][gc,start       ] GC(54) Concurrent class unloading
[87.578s][info][gc,task        ] GC(54) Using 3 of 6 workers for concurrent class unloading
[87.578s][info][gc             ] GC(54) Concurrent class unloading 0.312ms
[87.578s][info][gc,start       ] GC(54) Pause Final Roots
[87.578s][info][gc             ] GC(54) Pause Final Roots 0.019ms
[87.578s][info][gc,ergo        ] Free: 374M, Max: 256K regular, 199M humongous, Frag: 47% external, 0% internal; Reserve: 26368K, Max: 256K
[87.578s][info][gc,stats       ] 
[87.578s][info][gc,stats       ] All times are wall-clock times, except per-root-class counters, that are sum over
[87.578s][info][gc,stats       ] all workers. Dividing the <total> over the root stage time estimates parallelism.
[87.578s][info][gc,stats       ] 
[87.578s][info][gc,stats       ] Concurrent Reset                    324 us
[87.578s][info][gc,stats       ] Pause Init Mark (G)                 192 us
[87.578s][info][gc,stats       ] Pause Init Mark (N)                 120 us
[87.578s][info][gc,stats       ]   Update Region States               60 us
[87.578s][info][gc,stats       ] Concurrent Mark Roots               327 us, parallelism: 1.07x
[87.578s][info][gc,stats       ]   CMR: <total>                      351 us
[87.578s][info][gc,stats       ]   CMR: Thread Roots                 314 us, workers (us):  72, 206,  36, ---, ---, ---, 
[87.578s][info][gc,stats       ]   CMR: VM Strong Roots                3 us, workers (us):   2,   0,   0, ---, ---, ---, 
[87.578s][info][gc,stats       ]   CMR: CLDG Roots                    35 us, workers (us):  35, ---, ---, ---, ---, ---, 
[87.578s][info][gc,stats       ] Concurrent Marking                  823 us
[87.578s][info][gc,stats       ] Pause Final Mark (G)                467 us
[87.578s][info][gc,stats       ] Pause Final Mark (N)                343 us
[87.578s][info][gc,stats       ]   Finish Mark                       157 us
[87.578s][info][gc,stats       ]   Update Region States               94 us
[87.578s][info][gc,stats       ]   Choose Collection Set              40 us
[87.578s][info][gc,stats       ]   Rebuild Free Set                    9 us
[87.578s][info][gc,stats       ] Concurrent Weak References          156 us, parallelism: 0.02x
[87.578s][info][gc,stats       ]   CWRF: <total>                       4 us
[87.578s][info][gc,stats       ]   CWRF: Weak References               4 us, workers (us):   3,   1,   0, ---, ---, ---, 
[87.578s][info][gc,stats       ] Concurrent Weak Roots               232 us
[87.578s][info][gc,stats       ]   Roots                             141 us, parallelism: 0.85x
[87.578s][info][gc,stats       ]     CWR: <total>                    120 us
[87.578s][info][gc,stats       ]     CWR: Code Cache Roots            58 us, workers (us):   0,  18,  40, ---, ---, ---, 
[87.578s][info][gc,stats       ]     CWR: VM Weak Roots               61 us, workers (us):  46,   8,   7, ---, ---, ---, 
[87.578s][info][gc,stats       ]     CWR: CLDG Roots                   1 us, workers (us):   1, ---, ---, ---, ---, ---, 
[87.578s][info][gc,stats       ]   Rendezvous                         61 us
[87.578s][info][gc,stats       ] Concurrent Cleanup                   68 us
[87.578s][info][gc,stats       ] Concurrent Class Unloading          335 us
[87.578s][info][gc,stats       ]   Unlink Stale                      211 us
[87.578s][info][gc,stats       ]     System Dictionary                 2 us
[87.578s][info][gc,stats       ]     Weak Class Links                  0 us
[87.578s][info][gc,stats       ]     Code Roots                      208 us
[87.578s][info][gc,stats       ]   Rendezvous                         59 us
[87.578s][info][gc,stats       ]   Purge Unlinked                     26 us
[87.578s][info][gc,stats       ]     Code Roots                       23 us
[87.578s][info][gc,stats       ]     CLDG                              3 us
[87.578s][info][gc,stats       ]     Exception Caches                  0 us
[87.578s][info][gc,stats       ] Pause Final Roots (G)                83 us
[87.578s][info][gc,stats       ] Pause Final Roots (N)                28 us
[87.578s][info][gc,stats       ] Pacing                            73933 us
[87.578s][info][gc,stats       ] 
[87.578s][info][gc,stats       ] Allocation pacing accrued:
[87.578s][info][gc,stats       ]      74 of  1605 ms (  4.6%): main
[87.578s][info][gc,stats       ]      74 of  1605 ms (  4.6%): <total>
[87.578s][info][gc,stats       ]       6 of  1605 ms (  0.4%): <average total>
[87.578s][info][gc,stats       ]      74 of  1605 ms (  4.6%): <average non-zero>
[87.578s][info][gc,stats       ] 
[87.578s][info][gc,metaspace   ] Metaspace: 1071K(1280K)->1071K(1280K) NonClass: 989K(1088K)->989K(1088K) Class: 81K(192K)->81K(192K)
[87.578s][info][gc,ergo        ] Pacer for Idle. Initial: 10485K, Alloc Tax Rate: 1.0x
[89.041s][info][gc             ] Trigger: Average GC time (3.64 ms) is above the time for average allocation rate (293 MB/s) to deplete free headroom (0B) (margin of error = 2.51)
[89.041s][info][gc,ergo        ] Free headroom: 148M (free) - 26214K (spike) - 143M (penalties) = 0B
[89.041s][info][gc,ergo        ] Free: 148M, Max: 256K regular, 101632K humongous, Frag: 34% external, 0% internal; Reserve: 26368K, Max: 256K
[89.041s][info][gc,start       ] GC(55) Concurrent reset
[89.041s][info][gc,task        ] GC(55) Using 3 of 6 workers for concurrent reset
[89.041s][info][gc,ergo        ] GC(55) Pacer for Reset. Non-Taxable: 512M
[89.041s][info][gc             ] GC(55) Concurrent reset 0.405ms
[89.041s][info][gc,start       ] GC(55) Pause Init Mark (unload classes)
[89.041s][info][gc,task        ] GC(55) Using 6 of 6 workers for init marking
[89.042s][info][gc,ergo        ] GC(55) Pacer for Mark. Expected Live: 106M, Free: 148M, Non-Taxable: 15207K, Alloc Tax Rate: 0.9x
[89.042s][info][gc             ] GC(55) Pause Init Mark (unload classes) 0.158ms
[89.042s][info][gc,start       ] GC(55) Concurrent marking roots
[89.042s][info][gc,task        ] GC(55) Using 3 of 6 workers for concurrent marking roots
[89.042s][info][gc             ] GC(55) Concurrent marking roots 0.326ms
[89.042s][info][gc,start       ] GC(55) Concurrent marking (unload classes)
[89.042s][info][gc,task        ] GC(55) Using 3 of 6 workers for concurrent marking
[89.043s][info][gc             ] GC(55) Concurrent marking (unload classes) 0.784ms
[89.043s][info][gc,start       ] GC(55) Pause Final Mark (unload classes)
[89.043s][info][gc,task        ] GC(55) Using 6 of 6 workers for final marking
[89.043s][info][gc,ergo        ] GC(55) Collectable Garbage: 197M (99%), Immediate: 197M (99%), CSet: 0B (0%)
[89.043s][info][gc             ] GC(55) Pause Final Mark (unload classes) 0.272ms
[89.043s][info][gc,start       ] GC(55) Concurrent weak references
[89.043s][info][gc,task        ] GC(55) Using 3 of 6 workers for concurrent weak references
[89.043s][info][gc,ref         ] GC(55) Encountered references: Soft: 45, Weak: 116, Final: 0, Phantom: 7
[89.043s][info][gc,ref         ] GC(55) Discovered  references: Soft: 0, Weak: 72, Final: 0, Phantom: 5
[89.043s][info][gc,ref         ] GC(55) Enqueued    references: Soft: 0, Weak: 0, Final: 0, Phantom: 0
[89.043s][info][gc             ] GC(55) Concurrent weak references 0.134ms
[89.043s][info][gc,start       ] GC(55) Concurrent weak roots
[89.043s][info][gc,task        ] GC(55) Using 3 of 6 workers for concurrent weak root
[89.044s][info][gc             ] GC(55) Concurrent weak roots 0.208ms
[89.044s][info][gc,start       ] GC(55) Concurrent cleanup
[89.044s][info][gc             ] GC(55) Concurrent cleanup 333M->136M(512M) 0.046ms
[89.044s][info][gc,ergo        ] GC(55) Free: 348M, Max: 256K regular, 237M humongous, Frag: 32% external, 0% internal; Reserve: 26368K, Max: 256K
[89.044s][info][gc,start       ] GC(55) Concurrent class unloading
[89.044s][info][gc,task        ] GC(55) Using 3 of 6 workers for concurrent class unloading
[89.044s][info][gc             ] GC(55) Concurrent class unloading 0.266ms
[89.044s][info][gc,start       ] GC(55) Pause Final Roots
[89.044s][info][gc             ] GC(55) Pause Final Roots 0.019ms
[89.044s][info][gc,ergo        ] Free: 348M, Max: 256K regular, 237M humongous, Frag: 32% external, 0% internal; Reserve: 26368K, Max: 256K
[89.044s][info][gc,stats       ] 
[89.044s][info][gc,stats       ] All times are wall-clock times, except per-root-class counters, that are sum over
[89.044s][info][gc,stats       ] all workers. Dividing the <total> over the root stage time estimates parallelism.
[89.044s][info][gc,stats       ] 
[89.044s][info][gc,stats       ] Concurrent Reset                    428 us
[89.044s][info][gc,stats       ] Pause Init Mark (G)                 282 us
[89.044s][info][gc,stats       ] Pause Init Mark (N)                 167 us
[89.044s][info][gc,stats       ]   Update Region States              101 us
[89.044s][info][gc,stats       ] Concurrent Mark Roots               344 us, parallelism: 0.96x
[89.044s][info][gc,stats       ]   CMR: <total>                      329 us
[89.044s][info][gc,stats       ]   CMR: Thread Roots                 295 us, workers (us):  74, 184,  37, ---, ---, ---, 
[89.044s][info][gc,stats       ]   CMR: VM Strong Roots                4 us, workers (us):   4,   0,   0, ---, ---, ---, 
[89.044s][info][gc,stats       ]   CMR: CLDG Roots                    31 us, workers (us):  31, ---, ---, ---, ---, ---, 
[89.044s][info][gc,stats       ] Concurrent Marking                  802 us
[89.044s][info][gc,stats       ] Pause Final Mark (G)                384 us
[89.044s][info][gc,stats       ] Pause Final Mark (N)                282 us
[89.044s][info][gc,stats       ]   Finish Mark                       141 us
[89.044s][info][gc,stats       ]   Update Region States               57 us
[89.044s][info][gc,stats       ]   Choose Collection Set              35 us
[89.044s][info][gc,stats       ]   Rebuild Free Set                    8 us
[89.044s][info][gc,stats       ] Concurrent Weak References          143 us, parallelism: 0.03x
[89.044s][info][gc,stats       ]   CWRF: <total>                       4 us
[89.044s][info][gc,stats       ]   CWRF: Weak References               4 us, workers (us):   3,   0,   0, ---, ---, ---, 
[89.044s][info][gc,stats       ] Concurrent Weak Roots               219 us
[89.044s][info][gc,stats       ]   Roots                             132 us, parallelism: 0.92x
[89.044s][info][gc,stats       ]     CWR: <total>                    122 us
[89.044s][info][gc,stats       ]     CWR: Code Cache Roots            64 us, workers (us):  45,  19,   0, ---, ---, ---, 
[89.044s][info][gc,stats       ]     CWR: VM Weak Roots               57 us, workers (us):  19,  19,  19, ---, ---, ---, 
[89.044s][info][gc,stats       ]     CWR: CLDG Roots                   1 us, workers (us): ---, ---,   1, ---, ---, ---, 
[89.044s][info][gc,stats       ]   Rendezvous                         59 us
[89.044s][info][gc,stats       ] Concurrent Cleanup                   56 us
[89.044s][info][gc,stats       ] Concurrent Class Unloading          280 us
[89.044s][info][gc,stats       ]   Unlink Stale                      164 us
[89.044s][info][gc,stats       ]     System Dictionary                 1 us
[89.044s][info][gc,stats       ]     Weak Class Links                  0 us
[89.044s][info][gc,stats       ]     Code Roots                      162 us
[89.044s][info][gc,stats       ]   Rendezvous                         59 us
[89.044s][info][gc,stats       ]   Purge Unlinked                     26 us
[89.044s][info][gc,stats       ]     Code Roots                       23 us
[89.044s][info][gc,stats       ]     CLDG                              3 us
[89.044s][info][gc,stats       ]     Exception Caches                  0 us
[89.044s][info][gc,stats       ] Pause Final Roots (G)                53 us
[89.044s][info][gc,stats       ] Pause Final Roots (N)                28 us
[89.044s][info][gc,stats       ] Pacing                            46533 us
[89.044s][info][gc,stats       ] 
[89.044s][info][gc,stats       ] Allocation pacing accrued:
[89.044s][info][gc,stats       ]      47 of  1466 ms (  3.2%): main
[89.044s][info][gc,stats       ]      47 of  1466 ms (  3.2%): <total>
[89.044s][info][gc,stats       ]       4 of  1466 ms (  0.2%): <average total>
[89.044s][info][gc,stats       ]      47 of  1466 ms (  3.2%): <average non-zero>
[89.044s][info][gc,stats       ] 
[89.044s][info][gc,metaspace   ] Metaspace: 1071K(1280K)->1071K(1280K) NonClass: 989K(1088K)->989K(1088K) Class: 81K(192K)->81K(192K)
[89.044s][info][gc,ergo        ] Pacer for Idle. Initial: 10485K, Alloc Tax Rate: 1.0x
[91.711s][info][gc             ] Trigger: Average GC time (3.53 ms) is above the time for average allocation rate (95565 KB/s) to deplete free headroom (0B) (margin of error = 2.51)
[91.711s][info][gc,ergo        ] Free headroom: 161M (free) - 26214K (spike) - 138M (penalties) = 0B
[91.711s][info][gc,ergo        ] Free: 161M, Max: 256K regular, 146M humongous, Frag: 10% external, 0% internal; Reserve: 26368K, Max: 256K
[91.711s][info][gc,start       ] GC(56) Concurrent reset
[91.711s][info][gc,task        ] GC(56) Using 3 of 6 workers for concurrent reset
[91.711s][info][gc,ergo        ] GC(56) Pacer for Reset. Non-Taxable: 512M
[91.711s][info][gc             ] GC(56) Concurrent reset 0.239ms
[91.711s][info][gc,start       ] GC(56) Pause Init Mark (unload classes)
[91.711s][info][gc,task        ] GC(56) Using 6 of 6 workers for init marking
[91.711s][info][gc,ergo        ] GC(56) Pacer for Mark. Expected Live: 99512K, Free: 161M, Non-Taxable: 16538K, Alloc Tax Rate: 0.7x
[91.711s][info][gc             ] GC(56) Pause Init Mark (unload classes) 0.084ms
[91.711s][info][gc,start       ] GC(56) Concurrent marking roots
[91.711s][info][gc,task        ] GC(56) Using 3 of 6 workers for concurrent marking roots
[91.712s][info][gc             ] GC(56) Concurrent marking roots 0.329ms
[91.712s][info][gc,start       ] GC(56) Concurrent marking (unload classes)
[91.712s][info][gc,task        ] GC(56) Using 3 of 6 workers for concurrent marking
[91.712s][info][gc             ] GC(56) Concurrent marking (unload classes) 0.692ms
[91.713s][info][gc,start       ] GC(56) Pause Final Mark (unload classes)
[91.713s][info][gc,task        ] GC(56) Using 6 of 6 workers for final marking
[91.713s][info][gc,ergo        ] GC(56) Collectable Garbage: 292M (99%), Immediate: 292M (99%), CSet: 0B (0%)
[91.713s][info][gc             ] GC(56) Pause Final Mark (unload classes) 0.197ms
[91.713s][info][gc,start       ] GC(56) Concurrent weak references
[91.713s][info][gc,task        ] GC(56) Using 3 of 6 workers for concurrent weak references
[91.713s][info][gc,ref         ] GC(56) Encountered references: Soft: 45, Weak: 116, Final: 0, Phantom: 7
[91.713s][info][gc,ref         ] GC(56) Discovered  references: Soft: 0, Weak: 84, Final: 0, Phantom: 5
[91.713s][info][gc,ref         ] GC(56) Enqueued    references: Soft: 0, Weak: 0, Final: 0, Phantom: 0
[91.713s][info][gc             ] GC(56) Concurrent weak references 0.101ms
[91.713s][info][gc,start       ] GC(56) Concurrent weak roots
[91.713s][info][gc,task        ] GC(56) Using 3 of 6 workers for concurrent weak root
[91.713s][info][gc             ] GC(56) Concurrent weak roots 0.141ms
[91.713s][info][gc,start       ] GC(56) Concurrent cleanup
[91.713s][info][gc             ] GC(56) Concurrent cleanup 318M->26M(512M) 0.064ms
[91.713s][info][gc,ergo        ] GC(56) Free: 459M, Max: 256K regular, 201M humongous, Frag: 57% external, 0% internal; Reserve: 26368K, Max: 256K
[91.713s][info][gc,start       ] GC(56) Concurrent class unloading
[91.713s][info][gc,task        ] GC(56) Using 3 of 6 workers for concurrent class unloading
[91.713s][info][gc             ] GC(56) Concurrent class unloading 0.262ms
[91.713s][info][gc,start       ] GC(56) Pause Final Roots
[91.713s][info][gc             ] GC(56) Pause Final Roots 0.016ms
[91.714s][info][gc,ergo        ] Free: 459M, Max: 256K regular, 201M humongous, Frag: 57% external, 0% internal; Reserve: 26368K, Max: 256K
[91.714s][info][gc,stats       ] 
[91.714s][info][gc,stats       ] All times are wall-clock times, except per-root-class counters, that are sum over
[91.714s][info][gc,stats       ] all workers. Dividing the <total> over the root stage time estimates parallelism.
[91.714s][info][gc,stats       ] 
[91.714s][info][gc,stats       ] Concurrent Reset                    262 us
[91.714s][info][gc,stats       ] Pause Init Mark (G)                 130 us
[91.714s][info][gc,stats       ] Pause Init Mark (N)                  94 us
[91.714s][info][gc,stats       ]   Update Region States               31 us
[91.714s][info][gc,stats       ] Concurrent Mark Roots               351 us, parallelism: 1.19x
[91.714s][info][gc,stats       ]   CMR: <total>                      417 us
[91.714s][info][gc,stats       ]   CMR: Thread Roots                 380 us, workers (us):  75,  41, 264, ---, ---, ---, 
[91.714s][info][gc,stats       ]   CMR: VM Strong Roots                6 us, workers (us):   3,   1,   2, ---, ---, ---, 
[91.714s][info][gc,stats       ]   CMR: CLDG Roots                    31 us, workers (us): ---,  31, ---, ---, ---, ---, 
[91.714s][info][gc,stats       ] Concurrent Marking                  713 us
[91.714s][info][gc,stats       ] Pause Final Mark (G)                286 us
[91.714s][info][gc,stats       ] Pause Final Mark (N)                207 us
[91.714s][info][gc,stats       ]   Finish Mark                        78 us
[91.714s][info][gc,stats       ]   Update Region States               32 us
[91.714s][info][gc,stats       ]   Choose Collection Set              42 us
[91.714s][info][gc,stats       ]   Rebuild Free Set                    9 us
[91.714s][info][gc,stats       ] Concurrent Weak References          113 us, parallelism: 0.05x
[91.714s][info][gc,stats       ]   CWRF: <total>                       5 us
[91.714s][info][gc,stats       ]   CWRF: Weak References               5 us, workers (us):   1,   4,   0, ---, ---, ---, 
[91.714s][info][gc,stats       ] Concurrent Weak Roots               159 us
[91.714s][info][gc,stats       ]   Roots                              92 us, parallelism: 1.31x
[91.714s][info][gc,stats       ]     CWR: <total>                    121 us
[91.714s][info][gc,stats       ]     CWR: Code Cache Roots            69 us, workers (us):  18,   0,  51, ---, ---, ---, 
[91.714s][info][gc,stats       ]     CWR: VM Weak Roots               51 us, workers (us):  18,  17,  16, ---, ---, ---, 
[91.714s][info][gc,stats       ]     CWR: CLDG Roots                   1 us, workers (us): ---,   1, ---, ---, ---, ---, 
[91.714s][info][gc,stats       ]   Rendezvous                         29 us
[91.714s][info][gc,stats       ] Concurrent Cleanup                   74 us
[91.714s][info][gc,stats       ] Concurrent Class Unloading          281 us
[91.714s][info][gc,stats       ]   Unlink Stale                      185 us
[91.714s][info][gc,stats       ]     System Dictionary                 1 us
[91.714s][info][gc,stats       ]     Weak Class Links                  0 us
[91.714s][info][gc,stats       ]     Code Roots                      183 us
[91.714s][info][gc,stats       ]   Rendezvous                         35 us
[91.714s][info][gc,stats       ]   Purge Unlinked                     24 us
[91.714s][info][gc,stats       ]     Code Roots                       20 us
[91.714s][info][gc,stats       ]     CLDG                              4 us
[91.714s][info][gc,stats       ]     Exception Caches                  0 us
[91.714s][info][gc,stats       ] Pause Final Roots (G)                80 us
[91.714s][info][gc,stats       ] Pause Final Roots (N)                25 us
[91.714s][info][gc,stats       ] Pacing                            46994 us
[91.714s][info][gc,stats       ] 
[91.714s][info][gc,stats       ] Allocation pacing accrued:
[91.714s][info][gc,stats       ]      47 of  2670 ms (  1.8%): main
[91.714s][info][gc,stats       ]      47 of  2670 ms (  1.8%): <total>
[91.714s][info][gc,stats       ]       4 of  2670 ms (  0.1%): <average total>
[91.714s][info][gc,stats       ]      47 of  2670 ms (  1.8%): <average non-zero>
[91.714s][info][gc,stats       ] 
[91.714s][info][gc,metaspace   ] Metaspace: 1071K(1280K)->1071K(1280K) NonClass: 989K(1088K)->989K(1088K) Class: 81K(192K)->81K(192K)
[91.714s][info][gc,ergo        ] Pacer for Idle. Initial: 10485K, Alloc Tax Rate: 1.0x
[93.438s][info][gc             ] Trigger: Average GC time (3.41 ms) is above the time for average allocation rate (304 MB/s) to deplete free headroom (0B) (margin of error = 2.49)
[93.438s][info][gc,ergo        ] Free headroom: 85003K (free) - 26214K (spike) - 133M (penalties) = 0B
[93.438s][info][gc,ergo        ] Free: 85003K, Max: 256K regular, 47360K humongous, Frag: 45% external, 0% internal; Reserve: 26368K, Max: 256K
[93.438s][info][gc,start       ] GC(57) Concurrent reset
[93.438s][info][gc,task        ] GC(57) Using 3 of 6 workers for concurrent reset
[93.438s][info][gc,ergo        ] GC(57) Pacer for Reset. Non-Taxable: 512M
[93.439s][info][gc             ] GC(57) Concurrent reset 0.222ms
[93.439s][info][gc,start       ] GC(57) Pause Init Mark (unload classes)
[93.439s][info][gc,task        ] GC(57) Using 6 of 6 workers for init marking
[93.439s][info][gc,ergo        ] GC(57) Pacer for Mark. Expected Live: 71864K, Free: 85003K, Non-Taxable: 8500K, Alloc Tax Rate: 1.0x
[93.439s][info][gc             ] GC(57) Pause Init Mark (unload classes) 0.072ms
[93.439s][info][gc,start       ] GC(57) Concurrent marking roots
[93.439s][info][gc,task        ] GC(57) Using 3 of 6 workers for concurrent marking roots
[93.439s][info][gc             ] GC(57) Concurrent marking roots 0.250ms
[93.439s][info][gc,start       ] GC(57) Concurrent marking (unload classes)
[93.439s][info][gc,task        ] GC(57) Using 3 of 6 workers for concurrent marking
[93.440s][info][gc             ] GC(57) Concurrent marking (unload classes) 0.638ms
[93.440s][info][gc,start       ] GC(57) Pause Final Mark (unload classes)
[93.440s][info][gc,task        ] GC(57) Using 6 of 6 workers for final marking
[93.440s][info][gc,ergo        ] GC(57) Collectable Garbage: 187M (99%), Immediate: 187M (99%), CSet: 0B (0%)
[93.440s][info][gc             ] GC(57) Pause Final Mark (unload classes) 0.191ms
[93.440s][info][gc,start       ] GC(57) Concurrent weak references
[93.440s][info][gc,task        ] GC(57) Using 3 of 6 workers for concurrent weak references
[93.440s][info][gc,ref         ] GC(57) Encountered references: Soft: 45, Weak: 116, Final: 0, Phantom: 7
[93.440s][info][gc,ref         ] GC(57) Discovered  references: Soft: 0, Weak: 72, Final: 0, Phantom: 5
[93.440s][info][gc,ref         ] GC(57) Enqueued    references: Soft: 0, Weak: 0, Final: 0, Phantom: 0
[93.440s][info][gc             ] GC(57) Concurrent weak references 0.074ms
[93.440s][info][gc,start       ] GC(57) Concurrent weak roots
[93.440s][info][gc,task        ] GC(57) Using 3 of 6 workers for concurrent weak root
[93.440s][info][gc             ] GC(57) Concurrent weak roots 0.108ms
[93.440s][info][gc,start       ] GC(57) Concurrent cleanup
[93.440s][info][gc             ] GC(57) Concurrent cleanup 398M->211M(512M) 0.043ms
[93.440s][info][gc,ergo        ] GC(57) Free: 273M, Max: 256K regular, 121M humongous, Frag: 56% external, 0% internal; Reserve: 26368K, Max: 256K
[93.440s][info][gc,start       ] GC(57) Concurrent class unloading
[93.440s][info][gc,task        ] GC(57) Using 3 of 6 workers for concurrent class unloading
[93.440s][info][gc             ] GC(57) Concurrent class unloading 0.203ms
[93.440s][info][gc,start       ] GC(57) Pause Final Roots
[93.440s][info][gc             ] GC(57) Pause Final Roots 0.014ms
[93.440s][info][gc,ergo        ] Free: 273M, Max: 256K regular, 121M humongous, Frag: 56% external, 0% internal; Reserve: 26368K, Max: 256K
[93.440s][info][gc,stats       ] 
[93.440s][info][gc,stats       ] All times are wall-clock times, except per-root-class counters, that are sum over
[93.440s][info][gc,stats       ] all workers. Dividing the <total> over the root stage time estimates parallelism.
[93.440s][info][gc,stats       ] 
[93.440s][info][gc,stats       ] Concurrent Reset                    244 us
[93.440s][info][gc,stats       ] Pause Init Mark (G)                 113 us
[93.440s][info][gc,stats       ] Pause Init Mark (N)                  81 us
[93.440s][info][gc,stats       ]   Update Region States               22 us
[93.440s][info][gc,stats       ] Concurrent Mark Roots               264 us, parallelism: 1.26x
[93.440s][info][gc,stats       ]   CMR: <total>                      332 us
[93.440s][info][gc,stats       ]   CMR: Thread Roots                 300 us, workers (us): 195,  35,  69, ---, ---, ---, 
[93.440s][info][gc,stats       ]   CMR: VM Strong Roots                4 us, workers (us):   2,   2,   0, ---, ---, ---, 
[93.440s][info][gc,stats       ]   CMR: CLDG Roots                    28 us, workers (us): ---,  28, ---, ---, ---, ---, 
[93.440s][info][gc,stats       ] Concurrent Marking                  651 us
[93.441s][info][gc,stats       ] Pause Final Mark (G)                230 us
[93.441s][info][gc,stats       ] Pause Final Mark (N)                201 us
[93.441s][info][gc,stats       ]   Finish Mark                        70 us
[93.441s][info][gc,stats       ]   Update Region States               52 us
[93.441s][info][gc,stats       ]   Choose Collection Set              34 us
[93.441s][info][gc,stats       ]   Rebuild Free Set                    7 us
[93.441s][info][gc,stats       ] Concurrent Weak References           82 us, parallelism: 0.05x
[93.441s][info][gc,stats       ]   CWRF: <total>                       4 us
[93.441s][info][gc,stats       ]   CWRF: Weak References               4 us, workers (us):   1,   3,   1, ---, ---, ---, 
[93.441s][info][gc,stats       ] Concurrent Weak Roots               119 us
[93.441s][info][gc,stats       ]   Roots                              71 us, parallelism: 1.23x
[93.441s][info][gc,stats       ]     CWR: <total>                     87 us
[93.441s][info][gc,stats       ]     CWR: Code Cache Roots            46 us, workers (us):  32,  14,   0, ---, ---, ---, 
[93.441s][info][gc,stats       ]     CWR: VM Weak Roots               40 us, workers (us):  20,  20,   0, ---, ---, ---, 
[93.441s][info][gc,stats       ]     CWR: CLDG Roots                   1 us, workers (us): ---,   1, ---, ---, ---, ---, 
[93.441s][info][gc,stats       ]   Rendezvous                         22 us
[93.441s][info][gc,stats       ] Concurrent Cleanup                   55 us
[93.441s][info][gc,stats       ] Concurrent Class Unloading          217 us
[93.441s][info][gc,stats       ]   Unlink Stale                      142 us
[93.441s][info][gc,stats       ]     System Dictionary                 1 us
[93.441s][info][gc,stats       ]     Weak Class Links                  0 us
[93.441s][info][gc,stats       ]     Code Roots                      140 us
[93.441s][info][gc,stats       ]   Rendezvous                         22 us
[93.441s][info][gc,stats       ]   Purge Unlinked                     23 us
[93.441s][info][gc,stats       ]     Code Roots                       20 us
[93.441s][info][gc,stats       ]     CLDG                              2 us
[93.441s][info][gc,stats       ]     Exception Caches                  0 us
[93.441s][info][gc,stats       ] Pause Final Roots (G)                42 us
[93.441s][info][gc,stats       ] Pause Final Roots (N)                22 us
[93.441s][info][gc,stats       ] Pacing                            89835 us
[93.441s][info][gc,stats       ] 
[93.441s][info][gc,stats       ] Allocation pacing accrued:
[93.441s][info][gc,stats       ]      90 of  1727 ms (  5.2%): main
[93.441s][info][gc,stats       ]      90 of  1727 ms (  5.2%): <total>
[93.441s][info][gc,stats       ]       7 of  1727 ms (  0.4%): <average total>
[93.441s][info][gc,stats       ]      90 of  1727 ms (  5.2%): <average non-zero>
[93.441s][info][gc,stats       ] 
[93.441s][info][gc,metaspace   ] Metaspace: 1071K(1280K)->1071K(1280K) NonClass: 989K(1088K)->989K(1088K) Class: 81K(192K)->81K(192K)
[93.441s][info][gc,ergo        ] Pacer for Idle. Initial: 10485K, Alloc Tax Rate: 1.0x
[96.202s][info][gc             ] Trigger: Average GC time (3.34 ms) is above the time for average allocation rate (120 MB/s) to deplete free headroom (0B) (margin of error = 2.51)
[96.202s][info][gc,ergo        ] Free headroom: 114M (free) - 26214K (spike) - 127M (penalties) = 0B
[96.202s][info][gc,ergo        ] Free: 114M, Max: 256K regular, 51712K humongous, Frag: 56% external, 0% internal; Reserve: 26368K, Max: 256K
[96.202s][info][gc,start       ] GC(58) Concurrent reset
[96.202s][info][gc,task        ] GC(58) Using 3 of 6 workers for concurrent reset
[96.202s][info][gc,ergo        ] GC(58) Pacer for Reset. Non-Taxable: 512M
[96.202s][info][gc             ] GC(58) Concurrent reset 0.275ms
[96.202s][info][gc,start       ] GC(58) Pause Init Mark (unload classes)
[96.202s][info][gc,task        ] GC(58) Using 6 of 6 workers for init marking
[96.202s][info][gc,ergo        ] GC(58) Pacer for Mark. Expected Live: 110M, Free: 114M, Non-Taxable: 11700K, Alloc Tax Rate: 1.2x
[96.202s][info][gc             ] GC(58) Pause Init Mark (unload classes) 0.084ms
[96.202s][info][gc,start       ] GC(58) Concurrent marking roots
[96.202s][info][gc,task        ] GC(58) Using 3 of 6 workers for concurrent marking roots
[96.203s][info][gc             ] GC(58) Concurrent marking roots 0.267ms
[96.203s][info][gc,start       ] GC(58) Concurrent marking (unload classes)
[96.203s][info][gc,task        ] GC(58) Using 3 of 6 workers for concurrent marking
[96.204s][info][gc             ] GC(58) Concurrent marking (unload classes) 0.758ms
[96.204s][info][gc,start       ] GC(58) Pause Final Mark (unload classes)
[96.204s][info][gc,task        ] GC(58) Using 6 of 6 workers for final marking
[96.204s][info][gc,ergo        ] GC(58) Collectable Garbage: 303M (99%), Immediate: 303M (99%), CSet: 0B (0%)
[96.204s][info][gc             ] GC(58) Pause Final Mark (unload classes) 0.137ms
[96.204s][info][gc,start       ] GC(58) Concurrent weak references
[96.204s][info][gc,task        ] GC(58) Using 3 of 6 workers for concurrent weak references
[96.204s][info][gc,ref         ] GC(58) Encountered references: Soft: 45, Weak: 116, Final: 0, Phantom: 7
[96.204s][info][gc,ref         ] GC(58) Discovered  references: Soft: 0, Weak: 84, Final: 0, Phantom: 5
[96.204s][info][gc,ref         ] GC(58) Enqueued    references: Soft: 0, Weak: 0, Final: 0, Phantom: 0
[96.204s][info][gc             ] GC(58) Concurrent weak references 0.080ms
[96.204s][info][gc,start       ] GC(58) Concurrent weak roots
[96.204s][info][gc,task        ] GC(58) Using 3 of 6 workers for concurrent weak root
[96.204s][info][gc             ] GC(58) Concurrent weak roots 0.113ms
[96.204s][info][gc,start       ] GC(58) Concurrent cleanup
[96.204s][info][gc             ] GC(58) Concurrent cleanup 365M->62M(512M) 0.063ms
[96.204s][info][gc,ergo        ] GC(58) Free: 422M, Max: 256K regular, 197M humongous, Frag: 54% external, 0% internal; Reserve: 26368K, Max: 256K
[96.204s][info][gc,start       ] GC(58) Concurrent class unloading
[96.204s][info][gc,task        ] GC(58) Using 3 of 6 workers for concurrent class unloading
[96.204s][info][gc             ] GC(58) Concurrent class unloading 0.229ms
[96.204s][info][gc,start       ] GC(58) Pause Final Roots
[96.204s][info][gc             ] GC(58) Pause Final Roots 0.017ms
[96.204s][info][gc,ergo        ] Free: 422M, Max: 256K regular, 197M humongous, Frag: 54% external, 0% internal; Reserve: 26368K, Max: 256K
[96.204s][info][gc,stats       ] 
[96.204s][info][gc,stats       ] All times are wall-clock times, except per-root-class counters, that are sum over
[96.204s][info][gc,stats       ] all workers. Dividing the <total> over the root stage time estimates parallelism.
[96.204s][info][gc,stats       ] 
[96.204s][info][gc,stats       ] Concurrent Reset                    301 us
[96.204s][info][gc,stats       ] Pause Init Mark (G)                 135 us
[96.204s][info][gc,stats       ] Pause Init Mark (N)                  94 us
[96.204s][info][gc,stats       ]   Update Region States               26 us
[96.204s][info][gc,stats       ] Concurrent Mark Roots               293 us, parallelism: 1.22x
[96.204s][info][gc,stats       ]   CMR: <total>                      356 us
[96.204s][info][gc,stats       ]   CMR: Thread Roots                 319 us, workers (us):  71,  35, 213, ---, ---, ---, 
[96.204s][info][gc,stats       ]   CMR: VM Strong Roots                6 us, workers (us):   2,   2,   2, ---, ---, ---, 
[96.204s][info][gc,stats       ]   CMR: CLDG Roots                    32 us, workers (us): ---,  32, ---, ---, ---, ---, 
[96.204s][info][gc,stats       ] Concurrent Marking                  775 us
[96.204s][info][gc,stats       ] Pause Final Mark (G)                181 us
[96.204s][info][gc,stats       ] Pause Final Mark (N)                147 us
[96.204s][info][gc,stats       ]   Finish Mark                        24 us
[96.205s][info][gc,stats       ]   Update Region States               29 us
[96.205s][info][gc,stats       ]   Choose Collection Set              43 us
[96.205s][info][gc,stats       ]   Rebuild Free Set                    8 us
[96.205s][info][gc,stats       ] Concurrent Weak References           89 us, parallelism: 0.07x
[96.205s][info][gc,stats       ]   CWRF: <total>                       6 us
[96.205s][info][gc,stats       ]   CWRF: Weak References               6 us, workers (us):   5,   0,   0, ---, ---, ---, 
[96.205s][info][gc,stats       ] Concurrent Weak Roots               136 us
[96.205s][info][gc,stats       ]   Roots                              71 us, parallelism: 1.29x
[96.205s][info][gc,stats       ]     CWR: <total>                     91 us
[96.205s][info][gc,stats       ]     CWR: Code Cache Roots            48 us, workers (us):  14,   0,  34, ---, ---, ---, 
[96.205s][info][gc,stats       ]     CWR: VM Weak Roots               43 us, workers (us):  16,  14,  13, ---, ---, ---, 
[96.205s][info][gc,stats       ]     CWR: CLDG Roots                   1 us, workers (us): ---,   1, ---, ---, ---, ---, 
[96.205s][info][gc,stats       ]   Rendezvous                         26 us
[96.205s][info][gc,stats       ] Concurrent Cleanup                   73 us
[96.205s][info][gc,stats       ] Concurrent Class Unloading          249 us
[96.205s][info][gc,stats       ]   Unlink Stale                      156 us
[96.205s][info][gc,stats       ]     System Dictionary                 1 us
[96.205s][info][gc,stats       ]     Weak Class Links                  0 us
[96.205s][info][gc,stats       ]     Code Roots                      154 us
[96.205s][info][gc,stats       ]   Rendezvous                         27 us
[96.205s][info][gc,stats       ]   Purge Unlinked                     24 us
[96.205s][info][gc,stats       ]     Code Roots                       21 us
[96.205s][info][gc,stats       ]     CLDG                              3 us
[96.205s][info][gc,stats       ]     Exception Caches                  0 us
[96.205s][info][gc,stats       ] Pause Final Roots (G)                47 us
[96.205s][info][gc,stats       ] Pause Final Roots (N)                25 us
[96.205s][info][gc,stats       ] Pacing                            30891 us
[96.205s][info][gc,stats       ] 
[96.205s][info][gc,stats       ] Allocation pacing accrued:
[96.205s][info][gc,stats       ]      31 of  2764 ms (  1.1%): main
[96.205s][info][gc,stats       ]      31 of  2764 ms (  1.1%): <total>
[96.205s][info][gc,stats       ]       2 of  2764 ms (  0.1%): <average total>
[96.205s][info][gc,stats       ]      31 of  2764 ms (  1.1%): <average non-zero>
[96.205s][info][gc,stats       ] 
[96.205s][info][gc,metaspace   ] Metaspace: 1071K(1280K)->1071K(1280K) NonClass: 989K(1088K)->989K(1088K) Class: 81K(192K)->81K(192K)
[96.205s][info][gc,ergo        ] Pacer for Idle. Initial: 10485K, Alloc Tax Rate: 1.0x
[97.819s][info][gc             ] Trigger: Average GC time (3.03 ms) is above the time for average allocation rate (304 MB/s) to deplete free headroom (0B) (margin of error = 2.50)
[97.819s][info][gc,ergo        ] Free headroom: 99339K (free) - 26214K (spike) - 122M (penalties) = 0B
[97.819s][info][gc,ergo        ] Free: 99339K, Max: 256K regular, 47872K humongous, Frag: 52% external, 0% internal; Reserve: 26368K, Max: 256K
[97.819s][info][gc,start       ] GC(59) Concurrent reset
[97.819s][info][gc,task        ] GC(59) Using 3 of 6 workers for concurrent reset
[97.819s][info][gc,ergo        ] GC(59) Pacer for Reset. Non-Taxable: 512M
[97.819s][info][gc             ] GC(59) Concurrent reset 0.193ms
[97.819s][info][gc,start       ] GC(59) Pause Init Mark (unload classes)
[97.820s][info][gc,task        ] GC(59) Using 6 of 6 workers for init marking
[97.820s][info][gc,ergo        ] GC(59) Pacer for Mark. Expected Live: 109M, Free: 99339K, Non-Taxable: 9933K, Alloc Tax Rate: 1.4x
[97.820s][info][gc             ] GC(59) Pause Init Mark (unload classes) 0.098ms
[97.820s][info][gc,start       ] GC(59) Concurrent marking roots
[97.820s][info][gc,task        ] GC(59) Using 3 of 6 workers for concurrent marking roots
[97.820s][info][gc             ] GC(59) Concurrent marking roots 0.275ms
[97.820s][info][gc,start       ] GC(59) Concurrent marking (unload classes)
[97.820s][info][gc,task        ] GC(59) Using 3 of 6 workers for concurrent marking
[97.821s][info][gc             ] GC(59) Concurrent marking (unload classes) 0.833ms
[97.821s][info][gc,start       ] GC(59) Pause Final Mark (unload classes)
[97.821s][info][gc,task        ] GC(59) Using 6 of 6 workers for final marking
[97.821s][info][gc,ergo        ] GC(59) Collectable Garbage: 257M (99%), Immediate: 257M (99%), CSet: 0B (0%)
[97.821s][info][gc             ] GC(59) Pause Final Mark (unload classes) 0.316ms
[97.821s][info][gc,start       ] GC(59) Concurrent weak references
[97.821s][info][gc,task        ] GC(59) Using 3 of 6 workers for concurrent weak references
[97.821s][info][gc,ref         ] GC(59) Encountered references: Soft: 45, Weak: 116, Final: 0, Phantom: 7
[97.821s][info][gc,ref         ] GC(59) Discovered  references: Soft: 0, Weak: 73, Final: 0, Phantom: 5
[97.821s][info][gc,ref         ] GC(59) Enqueued    references: Soft: 0, Weak: 0, Final: 0, Phantom: 0
[97.821s][info][gc             ] GC(59) Concurrent weak references 0.126ms
[97.821s][info][gc,start       ] GC(59) Concurrent weak roots
[97.821s][info][gc,task        ] GC(59) Using 3 of 6 workers for concurrent weak root
[97.822s][info][gc             ] GC(59) Concurrent weak roots 0.260ms
[97.822s][info][gc,start       ] GC(59) Concurrent cleanup
[97.822s][info][gc             ] GC(59) Concurrent cleanup 384M->127M(512M) 0.057ms
[97.822s][info][gc,ergo        ] GC(59) Free: 357M, Max: 256K regular, 247M humongous, Frag: 31% external, 0% internal; Reserve: 26368K, Max: 256K
[97.822s][info][gc,start       ] GC(59) Concurrent class unloading
[97.822s][info][gc,task        ] GC(59) Using 3 of 6 workers for concurrent class unloading
[97.822s][info][gc             ] GC(59) Concurrent class unloading 0.316ms
[97.822s][info][gc,start       ] GC(59) Pause Final Roots
[97.822s][info][gc             ] GC(59) Pause Final Roots 0.019ms
[97.822s][info][gc,ergo        ] Free: 357M, Max: 256K regular, 247M humongous, Frag: 31% external, 0% internal; Reserve: 26368K, Max: 256K
[97.822s][info][gc,stats       ] 
[97.822s][info][gc,stats       ] All times are wall-clock times, except per-root-class counters, that are sum over
[97.822s][info][gc,stats       ] all workers. Dividing the <total> over the root stage time estimates parallelism.
[97.822s][info][gc,stats       ] 
[97.822s][info][gc,stats       ] Concurrent Reset                    211 us
[97.822s][info][gc,stats       ] Pause Init Mark (G)                 193 us
[97.822s][info][gc,stats       ] Pause Init Mark (N)                 109 us
[97.822s][info][gc,stats       ]   Update Region States               52 us
[97.822s][info][gc,stats       ] Concurrent Mark Roots               293 us, parallelism: 1.37x
[97.822s][info][gc,stats       ]   CMR: <total>                      401 us
[97.822s][info][gc,stats       ]   CMR: Thread Roots                 361 us, workers (us):  52, 212,  96, ---, ---, ---, 
[97.822s][info][gc,stats       ]   CMR: VM Strong Roots                6 us, workers (us):   3,   3,   0, ---, ---, ---, 
[97.822s][info][gc,stats       ]   CMR: CLDG Roots                    35 us, workers (us):  35, ---, ---, ---, ---, ---, 
[97.822s][info][gc,stats       ] Concurrent Marking                  857 us
[97.822s][info][gc,stats       ] Pause Final Mark (G)                468 us
[97.822s][info][gc,stats       ] Pause Final Mark (N)                327 us
[97.822s][info][gc,stats       ]   Finish Mark                       136 us
[97.822s][info][gc,stats       ]   Update Region States               99 us
[97.822s][info][gc,stats       ]   Choose Collection Set              41 us
[97.822s][info][gc,stats       ]   Rebuild Free Set                    9 us
[97.822s][info][gc,stats       ] Concurrent Weak References          134 us, parallelism: 0.03x
[97.822s][info][gc,stats       ]   CWRF: <total>                       4 us
[97.822s][info][gc,stats       ]   CWRF: Weak References               4 us, workers (us):   4,   0,   0, ---, ---, ---, 
[97.822s][info][gc,stats       ] Concurrent Weak Roots               277 us
[97.822s][info][gc,stats       ]   Roots                             151 us, parallelism: 0.67x
[97.822s][info][gc,stats       ]     CWR: <total>                    102 us
[97.822s][info][gc,stats       ]     CWR: Code Cache Roots            50 us, workers (us):  15,  34,   0, ---, ---, ---, 
[97.822s][info][gc,stats       ]     CWR: VM Weak Roots               51 us, workers (us):  17,  17,  17, ---, ---, ---, 
[97.822s][info][gc,stats       ]     CWR: CLDG Roots                   1 us, workers (us): ---, ---,   1, ---, ---, ---, 
[97.822s][info][gc,stats       ]   Rendezvous                         91 us
[97.822s][info][gc,stats       ] Concurrent Cleanup                   67 us
[97.822s][info][gc,stats       ] Concurrent Class Unloading          329 us
[97.822s][info][gc,stats       ]   Unlink Stale                      216 us
[97.822s][info][gc,stats       ]     System Dictionary                 1 us
[97.822s][info][gc,stats       ]     Weak Class Links                  0 us
[97.822s][info][gc,stats       ]     Code Roots                      214 us
[97.822s][info][gc,stats       ]   Rendezvous                         26 us
[97.822s][info][gc,stats       ]   Purge Unlinked                     56 us
[97.822s][info][gc,stats       ]     Code Roots                       54 us
[97.823s][info][gc,stats       ]     CLDG                              3 us
[97.823s][info][gc,stats       ]     Exception Caches                  0 us
[97.823s][info][gc,stats       ] Pause Final Roots (G)                50 us
[97.823s][info][gc,stats       ] Pause Final Roots (N)                29 us
[97.823s][info][gc,stats       ] Pacing                            89429 us
[97.823s][info][gc,stats       ] 
[97.823s][info][gc,stats       ] Allocation pacing accrued:
[97.823s][info][gc,stats       ]      89 of  1618 ms (  5.5%): main
[97.823s][info][gc,stats       ]      89 of  1618 ms (  5.5%): <total>
[97.823s][info][gc,stats       ]       7 of  1618 ms (  0.4%): <average total>
[97.823s][info][gc,stats       ]      89 of  1618 ms (  5.5%): <average non-zero>
[97.823s][info][gc,stats       ] 
[97.823s][info][gc,metaspace   ] Metaspace: 1071K(1280K)->1071K(1280K) NonClass: 989K(1088K)->989K(1088K) Class: 81K(192K)->81K(192K)
[97.823s][info][gc,ergo        ] Pacer for Idle. Initial: 10485K, Alloc Tax Rate: 1.0x
[99.942s][info][gc             ] Trigger: Average GC time (3.50 ms) is above the time for average allocation rate (66878 KB/s) to deplete free headroom (0B) (margin of error = 2.50)
[99.942s][info][gc,ergo        ] Free headroom: 139M (free) - 26214K (spike) - 117M (penalties) = 0B
[99.942s][info][gc,ergo        ] Free: 139M, Max: 256K regular, 83200K humongous, Frag: 42% external, 0% internal; Reserve: 26368K, Max: 256K
[99.942s][info][gc,start       ] GC(60) Concurrent reset
[99.942s][info][gc,task        ] GC(60) Using 3 of 6 workers for concurrent reset
[99.942s][info][gc,ergo        ] GC(60) Pacer for Reset. Non-Taxable: 512M
[99.942s][info][gc             ] GC(60) Concurrent reset 0.203ms
[99.942s][info][gc,start       ] GC(60) Pause Init Mark (unload classes)
[99.942s][info][gc,task        ] GC(60) Using 6 of 6 workers for init marking
[99.942s][info][gc,ergo        ] GC(60) Pacer for Mark. Expected Live: 112M, Free: 139M, Non-Taxable: 14285K, Alloc Tax Rate: 1.0x
[99.942s][info][gc             ] GC(60) Pause Init Mark (unload classes) 0.065ms
[99.942s][info][gc,start       ] GC(60) Concurrent marking roots
[99.942s][info][gc,task        ] GC(60) Using 3 of 6 workers for concurrent marking roots
[99.943s][info][gc             ] GC(60) Concurrent marking roots 0.335ms
[99.943s][info][gc,start       ] GC(60) Concurrent marking (unload classes)
[99.943s][info][gc,task        ] GC(60) Using 3 of 6 workers for concurrent marking
[99.943s][info][gc             ] GC(60) Concurrent marking (unload classes) 0.713ms
[99.943s][info][gc,start       ] GC(60) Pause Final Mark (unload classes)
[99.943s][info][gc,task        ] GC(60) Using 6 of 6 workers for final marking
[99.943s][info][gc,ergo        ] GC(60) Collectable Garbage: 310M (99%), Immediate: 310M (99%), CSet: 0B (0%)
[99.944s][info][gc             ] GC(60) Pause Final Mark (unload classes) 0.144ms
[99.944s][info][gc,start       ] GC(60) Concurrent weak references
[99.944s][info][gc,task        ] GC(60) Using 3 of 6 workers for concurrent weak references
[99.944s][info][gc,ref         ] GC(60) Encountered references: Soft: 45, Weak: 116, Final: 0, Phantom: 7
[99.944s][info][gc,ref         ] GC(60) Discovered  references: Soft: 0, Weak: 68, Final: 0, Phantom: 5
[99.944s][info][gc,ref         ] GC(60) Enqueued    references: Soft: 0, Weak: 0, Final: 0, Phantom: 0
[99.944s][info][gc             ] GC(60) Concurrent weak references 0.078ms
[99.944s][info][gc,start       ] GC(60) Concurrent weak roots
[99.944s][info][gc,task        ] GC(60) Using 3 of 6 workers for concurrent weak root
[99.944s][info][gc             ] GC(60) Concurrent weak roots 0.126ms
[99.944s][info][gc,start       ] GC(60) Concurrent cleanup
[99.944s][info][gc             ] GC(60) Concurrent cleanup 341M->31M(512M) 0.064ms
[99.944s][info][gc,ergo        ] GC(60) Free: 453M, Max: 256K regular, 228M humongous, Frag: 50% external, 0% internal; Reserve: 26368K, Max: 256K
[99.944s][info][gc,start       ] GC(60) Concurrent class unloading
[99.944s][info][gc,task        ] GC(60) Using 3 of 6 workers for concurrent class unloading
[99.944s][info][gc             ] GC(60) Concurrent class unloading 0.232ms
[99.944s][info][gc,start       ] GC(60) Pause Final Roots
[99.944s][info][gc             ] GC(60) Pause Final Roots 0.018ms
[99.944s][info][gc,ergo        ] Free: 453M, Max: 256K regular, 228M humongous, Frag: 50% external, 0% internal; Reserve: 26368K, Max: 256K
[99.944s][info][gc,stats       ] 
[99.944s][info][gc,stats       ] All times are wall-clock times, except per-root-class counters, that are sum over
[99.944s][info][gc,stats       ] all workers. Dividing the <total> over the root stage time estimates parallelism.
[99.944s][info][gc,stats       ] 
[99.944s][info][gc,stats       ] Concurrent Reset                    226 us
[99.944s][info][gc,stats       ] Pause Init Mark (G)                 113 us
[99.944s][info][gc,stats       ] Pause Init Mark (N)                  73 us
[99.944s][info][gc,stats       ]   Update Region States               23 us
[99.944s][info][gc,stats       ] Concurrent Mark Roots               351 us, parallelism: 1.17x
[99.944s][info][gc,stats       ]   CMR: <total>                      409 us
[99.944s][info][gc,stats       ]   CMR: Thread Roots                 361 us, workers (us):  61,  68, 233, ---, ---, ---, 
[99.944s][info][gc,stats       ]   CMR: VM Strong Roots                6 us, workers (us):   3,   3,   0, ---, ---, ---, 
[99.944s][info][gc,stats       ]   CMR: CLDG Roots                    42 us, workers (us): ---, ---,  42, ---, ---, ---, 
[99.944s][info][gc,stats       ] Concurrent Marking                  734 us
[99.944s][info][gc,stats       ] Pause Final Mark (G)                187 us
[99.944s][info][gc,stats       ] Pause Final Mark (N)                155 us
[99.944s][info][gc,stats       ]   Finish Mark                        29 us
[99.944s][info][gc,stats       ]   Update Region States               30 us
[99.944s][info][gc,stats       ]   Choose Collection Set              40 us
[99.944s][info][gc,stats       ]   Rebuild Free Set                   17 us
[99.944s][info][gc,stats       ] Concurrent Weak References           87 us, parallelism: 0.04x
[99.944s][info][gc,stats       ]   CWRF: <total>                       4 us
[99.944s][info][gc,stats       ]   CWRF: Weak References               4 us, workers (us):   1,   2,   0, ---, ---, ---, 
[99.944s][info][gc,stats       ] Concurrent Weak Roots               144 us
[99.944s][info][gc,stats       ]   Roots                              76 us, parallelism: 1.43x
[99.944s][info][gc,stats       ]     CWR: <total>                    109 us
[99.944s][info][gc,stats       ]     CWR: Code Cache Roots            57 us, workers (us):  35,   0,  22, ---, ---, ---, 
[99.944s][info][gc,stats       ]     CWR: VM Weak Roots               51 us, workers (us):  18,  17,  16, ---, ---, ---, 
[99.944s][info][gc,stats       ]     CWR: CLDG Roots                   1 us, workers (us): ---,   1, ---, ---, ---, ---, 
[99.944s][info][gc,stats       ]   Rendezvous                         25 us
[99.944s][info][gc,stats       ] Concurrent Cleanup                   74 us
[99.944s][info][gc,stats       ] Concurrent Class Unloading          250 us
[99.944s][info][gc,stats       ]   Unlink Stale                      153 us
[99.944s][info][gc,stats       ]     System Dictionary                 1 us
[99.945s][info][gc,stats       ]     Weak Class Links                  0 us
[99.945s][info][gc,stats       ]     Code Roots                      152 us
[99.945s][info][gc,stats       ]   Rendezvous                         35 us
[99.945s][info][gc,stats       ]   Purge Unlinked                     26 us
[99.945s][info][gc,stats       ]     Code Roots                       23 us
[99.945s][info][gc,stats       ]     CLDG                              3 us
[99.945s][info][gc,stats       ]     Exception Caches                  0 us
[99.945s][info][gc,stats       ] Pause Final Roots (G)                50 us
[99.945s][info][gc,stats       ] Pause Final Roots (N)                27 us
[99.945s][info][gc,stats       ] Pacing                            46815 us
[99.945s][info][gc,stats       ] 
[99.945s][info][gc,stats       ] Allocation pacing accrued:
[99.945s][info][gc,stats       ]      47 of  2122 ms (  2.2%): main
[99.945s][info][gc,stats       ]      47 of  2122 ms (  2.2%): <total>
[99.945s][info][gc,stats       ]       4 of  2122 ms (  0.2%): <average total>
[99.945s][info][gc,stats       ]      47 of  2122 ms (  2.2%): <average non-zero>
[99.945s][info][gc,stats       ] 
[99.945s][info][gc,metaspace   ] Metaspace: 1071K(1280K)->1071K(1280K) NonClass: 989K(1088K)->989K(1088K) Class: 81K(192K)->81K(192K)
[99.945s][info][gc,ergo        ] Pacer for Idle. Initial: 10485K, Alloc Tax Rate: 1.0x
[102.090s][info][gc             ] Trigger: Average GC time (3.22 ms) is above the time for average allocation rate (138 MB/s) to deplete free headroom (0B) (margin of error = 2.49)
[102.090s][info][gc,ergo        ] Free headroom: 126M (free) - 26214K (spike) - 112M (penalties) = 0B
[102.090s][info][gc,ergo        ] Free: 126M, Max: 256K regular, 121M humongous, Frag: 5% external, 0% internal; Reserve: 26368K, Max: 256K
[102.090s][info][gc,start       ] GC(61) Concurrent reset
[102.090s][info][gc,task        ] GC(61) Using 3 of 6 workers for concurrent reset
[102.090s][info][gc,ergo        ] GC(61) Pacer for Reset. Non-Taxable: 512M
[102.091s][info][gc             ] GC(61) Concurrent reset 0.135ms
[102.091s][info][gc,start       ] GC(61) Pause Init Mark (unload classes)
[102.091s][info][gc,task        ] GC(61) Using 6 of 6 workers for init marking
[102.091s][info][gc,ergo        ] GC(61) Pacer for Mark. Expected Live: 94188K, Free: 126M, Non-Taxable: 12980K, Alloc Tax Rate: 0.9x
[102.091s][info][gc             ] GC(61) Pause Init Mark (unload classes) 0.072ms
[102.091s][info][gc,start       ] GC(61) Concurrent marking roots
[102.091s][info][gc,task        ] GC(61) Using 3 of 6 workers for concurrent marking roots
[102.091s][info][gc             ] GC(61) Concurrent marking roots 0.237ms
[102.091s][info][gc,start       ] GC(61) Concurrent marking (unload classes)
[102.091s][info][gc,task        ] GC(61) Using 3 of 6 workers for concurrent marking
[102.092s][info][gc             ] GC(61) Concurrent marking (unload classes) 0.689ms
[102.092s][info][gc,start       ] GC(61) Pause Final Mark (unload classes)
[102.092s][info][gc,task        ] GC(61) Using 6 of 6 workers for final marking
[102.092s][info][gc,ergo        ] GC(61) Collectable Garbage: 222M (99%), Immediate: 222M (99%), CSet: 0B (0%)
[102.092s][info][gc             ] GC(61) Pause Final Mark (unload classes) 0.121ms
[102.092s][info][gc,start       ] GC(61) Concurrent weak references
[102.092s][info][gc,task        ] GC(61) Using 3 of 6 workers for concurrent weak references
[102.092s][info][gc,ref         ] GC(61) Encountered references: Soft: 45, Weak: 116, Final: 0, Phantom: 7
[102.092s][info][gc,ref         ] GC(61) Discovered  references: Soft: 0, Weak: 95, Final: 0, Phantom: 5
[102.092s][info][gc,ref         ] GC(61) Enqueued    references: Soft: 0, Weak: 0, Final: 0, Phantom: 0
[102.092s][info][gc             ] GC(61) Concurrent weak references 0.079ms
[102.092s][info][gc,start       ] GC(61) Concurrent weak roots
[102.092s][info][gc,task        ] GC(61) Using 3 of 6 workers for concurrent weak root
[102.092s][info][gc             ] GC(61) Concurrent weak roots 0.122ms
[102.092s][info][gc,start       ] GC(61) Concurrent cleanup
[102.092s][info][gc             ] GC(61) Concurrent cleanup 353M->131M(512M) 0.053ms
[102.092s][info][gc,ergo        ] GC(61) Free: 353M, Max: 256K regular, 121M humongous, Frag: 66% external, 0% internal; Reserve: 26368K, Max: 256K
[102.092s][info][gc,start       ] GC(61) Concurrent class unloading
[102.092s][info][gc,task        ] GC(61) Using 3 of 6 workers for concurrent class unloading
[102.092s][info][gc             ] GC(61) Concurrent class unloading 0.243ms
[102.092s][info][gc,start       ] GC(61) Pause Final Roots
[102.092s][info][gc             ] GC(61) Pause Final Roots 0.015ms
[102.092s][info][gc,ergo        ] Free: 353M, Max: 256K regular, 121M humongous, Frag: 66% external, 0% internal; Reserve: 26368K, Max: 256K
[102.092s][info][gc,stats       ] 
[102.092s][info][gc,stats       ] All times are wall-clock times, except per-root-class counters, that are sum over
[102.092s][info][gc,stats       ] all workers. Dividing the <total> over the root stage time estimates parallelism.
[102.093s][info][gc,stats       ] 
[102.093s][info][gc,stats       ] Concurrent Reset                    151 us
[102.093s][info][gc,stats       ] Pause Init Mark (G)                 111 us
[102.093s][info][gc,stats       ] Pause Init Mark (N)                  80 us
[102.093s][info][gc,stats       ]   Update Region States               25 us
[102.093s][info][gc,stats       ] Concurrent Mark Roots               251 us, parallelism: 1.30x
[102.093s][info][gc,stats       ]   CMR: <total>                      327 us
[102.093s][info][gc,stats       ]   CMR: Thread Roots                 294 us, workers (us): 190,  35,  69, ---, ---, ---, 
[102.093s][info][gc,stats       ]   CMR: VM Strong Roots                5 us, workers (us):   2,   1,   2, ---, ---, ---, 
[102.093s][info][gc,stats       ]   CMR: CLDG Roots                    28 us, workers (us): ---,  28, ---, ---, ---, ---, 
[102.093s][info][gc,stats       ] Concurrent Marking                  708 us
[102.093s][info][gc,stats       ] Pause Final Mark (G)                167 us
[102.093s][info][gc,stats       ] Pause Final Mark (N)                130 us
[102.093s][info][gc,stats       ]   Finish Mark                        23 us
[102.093s][info][gc,stats       ]   Update Region States               28 us
[102.093s][info][gc,stats       ]   Choose Collection Set              33 us
[102.093s][info][gc,stats       ]   Rebuild Free Set                    8 us
[102.093s][info][gc,stats       ] Concurrent Weak References           87 us, parallelism: 0.05x
[102.093s][info][gc,stats       ]   CWRF: <total>                       5 us
[102.093s][info][gc,stats       ]   CWRF: Weak References               5 us, workers (us):   3,   1,   0, ---, ---, ---, 
[102.093s][info][gc,stats       ] Concurrent Weak Roots               142 us
[102.093s][info][gc,stats       ]   Roots                              74 us, parallelism: 1.33x
[102.093s][info][gc,stats       ]     CWR: <total>                     98 us
[102.093s][info][gc,stats       ]     CWR: Code Cache Roots            51 us, workers (us):  18,   0,  33, ---, ---, ---, 
[102.093s][info][gc,stats       ]     CWR: VM Weak Roots               46 us, workers (us):  17,  16,  14, ---, ---, ---, 
[102.093s][info][gc,stats       ]     CWR: CLDG Roots                   1 us, workers (us): ---,   1, ---, ---, ---, ---, 
[102.093s][info][gc,stats       ]   Rendezvous                         31 us
[102.093s][info][gc,stats       ] Concurrent Cleanup                   63 us
[102.093s][info][gc,stats       ] Concurrent Class Unloading          259 us
[102.093s][info][gc,stats       ]   Unlink Stale                      179 us
[102.093s][info][gc,stats       ]     System Dictionary                 1 us
[102.093s][info][gc,stats       ]     Weak Class Links                  0 us
[102.093s][info][gc,stats       ]     Code Roots                      177 us
[102.093s][info][gc,stats       ]   Rendezvous                         24 us
[102.093s][info][gc,stats       ]   Purge Unlinked                     23 us
[102.093s][info][gc,stats       ]     Code Roots                       20 us
[102.093s][info][gc,stats       ]     CLDG                              2 us
[102.093s][info][gc,stats       ]     Exception Caches                  0 us
[102.093s][info][gc,stats       ] Pause Final Roots (G)                43 us
[102.093s][info][gc,stats       ] Pause Final Roots (N)                24 us
[102.093s][info][gc,stats       ] Pacing                            78733 us
[102.093s][info][gc,stats       ] 
[102.093s][info][gc,stats       ] Allocation pacing accrued:
[102.093s][info][gc,stats       ]      79 of  2148 ms (  3.7%): main
[102.093s][info][gc,stats       ]      79 of  2148 ms (  3.7%): <total>
[102.093s][info][gc,stats       ]       6 of  2148 ms (  0.3%): <average total>
[102.093s][info][gc,stats       ]      79 of  2148 ms (  3.7%): <average non-zero>
[102.093s][info][gc,stats       ] 
[102.093s][info][gc,metaspace   ] Metaspace: 1071K(1280K)->1071K(1280K) NonClass: 989K(1088K)->989K(1088K) Class: 81K(192K)->81K(192K)
[102.093s][info][gc,ergo        ] Pacer for Idle. Initial: 10485K, Alloc Tax Rate: 1.0x
[103.696s][info][gc             ] Trigger: Free (46859K) is below minimum threshold (52428K)
[103.696s][info][gc,ergo        ] Free: 46859K, Max: 256K regular, 21504K humongous, Frag: 55% external, 0% internal; Reserve: 26368K, Max: 256K
[103.696s][info][gc,start       ] GC(62) Concurrent reset
[103.696s][info][gc,task        ] GC(62) Using 3 of 6 workers for concurrent reset
[103.696s][info][gc,ergo        ] GC(62) Pacer for Reset. Non-Taxable: 512M
[103.696s][info][gc             ] GC(62) Concurrent reset 0.247ms
[103.696s][info][gc,start       ] GC(62) Pause Init Mark (unload classes)
[103.696s][info][gc,task        ] GC(62) Using 6 of 6 workers for init marking
[103.696s][info][gc,ergo        ] GC(62) Pacer for Mark. Expected Live: 112M, Free: 46859K, Non-Taxable: 4685K, Alloc Tax Rate: 3.0x
[103.696s][info][gc             ] GC(62) Pause Init Mark (unload classes) 0.154ms
[103.696s][info][gc,start       ] GC(62) Concurrent marking roots
[103.697s][info][gc,task        ] GC(62) Using 3 of 6 workers for concurrent marking roots
[103.697s][info][gc             ] GC(62) Concurrent marking roots 0.327ms
[103.697s][info][gc,start       ] GC(62) Concurrent marking (unload classes)
[103.697s][info][gc,task        ] GC(62) Using 3 of 6 workers for concurrent marking
[103.698s][info][gc             ] GC(62) Concurrent marking (unload classes) 0.869ms
[103.698s][info][gc,start       ] GC(62) Pause Final Mark (unload classes)
[103.698s][info][gc,task        ] GC(62) Using 6 of 6 workers for final marking
[103.698s][info][gc,ergo        ] GC(62) Collectable Garbage: 330M (99%), Immediate: 330M (99%), CSet: 0B (0%)
[103.698s][info][gc             ] GC(62) Pause Final Mark (unload classes) 0.153ms
[103.698s][info][gc,start       ] GC(62) Concurrent weak references
[103.698s][info][gc,task        ] GC(62) Using 3 of 6 workers for concurrent weak references
[103.698s][info][gc,ref         ] GC(62) Encountered references: Soft: 45, Weak: 116, Final: 0, Phantom: 7
[103.698s][info][gc,ref         ] GC(62) Discovered  references: Soft: 0, Weak: 84, Final: 0, Phantom: 5
[103.698s][info][gc,ref         ] GC(62) Enqueued    references: Soft: 0, Weak: 0, Final: 0, Phantom: 0
[103.698s][info][gc             ] GC(62) Concurrent weak references 0.136ms
[103.698s][info][gc,start       ] GC(62) Concurrent weak roots
[103.698s][info][gc,task        ] GC(62) Using 3 of 6 workers for concurrent weak root
[103.698s][info][gc             ] GC(62) Concurrent weak roots 0.250ms
[103.698s][info][gc,start       ] GC(62) Concurrent cleanup
[103.698s][info][gc             ] GC(62) Concurrent cleanup 436M->106M(512M) 0.069ms
[103.698s][info][gc,ergo        ] GC(62) Free: 379M, Max: 256K regular, 351M humongous, Frag: 8% external, 0% internal; Reserve: 26368K, Max: 256K
[103.698s][info][gc,start       ] GC(62) Concurrent class unloading
[103.698s][info][gc,task        ] GC(62) Using 3 of 6 workers for concurrent class unloading
[103.699s][info][gc             ] GC(62) Concurrent class unloading 0.423ms
[103.699s][info][gc,start       ] GC(62) Pause Final Roots
[103.699s][info][gc             ] GC(62) Pause Final Roots 0.016ms
[103.699s][info][gc,ergo        ] Free: 379M, Max: 256K regular, 351M humongous, Frag: 8% external, 0% internal; Reserve: 26368K, Max: 256K
[103.699s][info][gc,stats       ] 
[103.699s][info][gc,stats       ] All times are wall-clock times, except per-root-class counters, that are sum over
[103.699s][info][gc,stats       ] all workers. Dividing the <total> over the root stage time estimates parallelism.
[103.699s][info][gc,stats       ] 
[103.699s][info][gc,stats       ] Concurrent Reset                    274 us
[103.699s][info][gc,stats       ] Pause Init Mark (G)                 210 us
[103.699s][info][gc,stats       ] Pause Init Mark (N)                 164 us
[103.699s][info][gc,stats       ]   Update Region States               86 us
[103.699s][info][gc,stats       ] Concurrent Mark Roots               350 us, parallelism: 1.30x
[103.699s][info][gc,stats       ]   CMR: <total>                      453 us
[103.699s][info][gc,stats       ]   CMR: Thread Roots                 409 us, workers (us):  97,  50, 263, ---, ---, ---, 
[103.699s][info][gc,stats       ]   CMR: VM Strong Roots                6 us, workers (us):   3,   1,   2, ---, ---, ---, 
[103.699s][info][gc,stats       ]   CMR: CLDG Roots                    38 us, workers (us): ---,  38, ---, ---, ---, ---, 
[103.699s][info][gc,stats       ] Concurrent Marking                  904 us
[103.699s][info][gc,stats       ] Pause Final Mark (G)                209 us
[103.699s][info][gc,stats       ] Pause Final Mark (N)                163 us
[103.699s][info][gc,stats       ]   Finish Mark                        39 us
[103.699s][info][gc,stats       ]   Update Region States               38 us
[103.699s][info][gc,stats       ]   Choose Collection Set              36 us
[103.699s][info][gc,stats       ]   Rebuild Free Set                    8 us
[103.699s][info][gc,stats       ] Concurrent Weak References          145 us, parallelism: 0.05x
[103.699s][info][gc,stats       ]   CWRF: <total>                       7 us
[103.699s][info][gc,stats       ]   CWRF: Weak References               7 us, workers (us):   6,   0,   0, ---, ---, ---, 
[103.699s][info][gc,stats       ] Concurrent Weak Roots               268 us
[103.699s][info][gc,stats       ]   Roots                             141 us, parallelism: 0.89x
[103.699s][info][gc,stats       ]     CWR: <total>                    125 us
[103.699s][info][gc,stats       ]     CWR: Code Cache Roots            69 us, workers (us):   0,  23,  45, ---, ---, ---, 
[103.699s][info][gc,stats       ]     CWR: VM Weak Roots               55 us, workers (us):  37,   9,   9, ---, ---, ---, 
[103.699s][info][gc,stats       ]     CWR: CLDG Roots                   1 us, workers (us):   1, ---, ---, ---, ---, ---, 
[103.699s][info][gc,stats       ]   Rendezvous                         92 us
[103.699s][info][gc,stats       ] Concurrent Cleanup                   79 us
[103.699s][info][gc,stats       ] Concurrent Class Unloading          441 us
[103.699s][info][gc,stats       ]   Unlink Stale                      232 us
[103.699s][info][gc,stats       ]     System Dictionary                 1 us
[103.699s][info][gc,stats       ]     Weak Class Links                  0 us
[103.699s][info][gc,stats       ]     Code Roots                      230 us
[103.699s][info][gc,stats       ]   Rendezvous                         90 us
[103.699s][info][gc,stats       ]   Purge Unlinked                     84 us
[103.699s][info][gc,stats       ]     Code Roots                       80 us
[103.699s][info][gc,stats       ]     CLDG                              4 us
[103.699s][info][gc,stats       ]     Exception Caches                  0 us
[103.699s][info][gc,stats       ] Pause Final Roots (G)                92 us
[103.699s][info][gc,stats       ] Pause Final Roots (N)                24 us
[103.699s][info][gc,stats       ] Pacing                            73627 us
[103.699s][info][gc,stats       ] 
[103.699s][info][gc,stats       ] Allocation pacing accrued:
[103.699s][info][gc,stats       ]      74 of  1607 ms (  4.6%): main
[103.699s][info][gc,stats       ]      74 of  1607 ms (  4.6%): <total>
[103.699s][info][gc,stats       ]       6 of  1607 ms (  0.4%): <average total>
[103.699s][info][gc,stats       ]      74 of  1607 ms (  4.6%): <average non-zero>
[103.699s][info][gc,stats       ] 
[103.699s][info][gc,metaspace   ] Metaspace: 1071K(1280K)->1071K(1280K) NonClass: 989K(1088K)->989K(1088K) Class: 81K(192K)->81K(192K)
[103.699s][info][gc,ergo        ] Pacer for Idle. Initial: 10485K, Alloc Tax Rate: 1.0x
[105.923s][info][gc             ] Trigger: Average GC time (3.73 ms) is above the time for average allocation rate (59824 KB/s) to deplete free headroom (0B) (margin of error = 2.50)
[105.923s][info][gc,ergo        ] Free headroom: 124M (free) - 26214K (spike) - 102M (penalties) = 0B
[105.923s][info][gc,ergo        ] Free: 124M, Max: 256K regular, 102M humongous, Frag: 18% external, 0% internal; Reserve: 26368K, Max: 256K
[105.923s][info][gc,start       ] GC(63) Concurrent reset
[105.923s][info][gc,task        ] GC(63) Using 3 of 6 workers for concurrent reset
[105.923s][info][gc,ergo        ] GC(63) Pacer for Reset. Non-Taxable: 512M
[105.923s][info][gc             ] GC(63) Concurrent reset 0.205ms
[105.923s][info][gc,start       ] GC(63) Pause Init Mark (unload classes)
[105.923s][info][gc,task        ] GC(63) Using 6 of 6 workers for init marking
[105.923s][info][gc,ergo        ] GC(63) Pacer for Mark. Expected Live: 94188K, Free: 124M, Non-Taxable: 12775K, Alloc Tax Rate: 0.9x
[105.923s][info][gc             ] GC(63) Pause Init Mark (unload classes) 0.082ms
[105.923s][info][gc,start       ] GC(63) Concurrent marking roots
[105.923s][info][gc,task        ] GC(63) Using 3 of 6 workers for concurrent marking roots
[105.924s][info][gc             ] GC(63) Concurrent marking roots 0.326ms
[105.924s][info][gc,start       ] GC(63) Concurrent marking (unload classes)
[105.924s][info][gc,task        ] GC(63) Using 3 of 6 workers for concurrent marking
[105.925s][info][gc             ] GC(63) Concurrent marking (unload classes) 0.808ms
[105.925s][info][gc,start       ] GC(63) Pause Final Mark (unload classes)
[105.925s][info][gc,task        ] GC(63) Using 6 of 6 workers for final marking
[105.925s][info][gc,ergo        ] GC(63) Collectable Garbage: 337M (99%), Immediate: 337M (99%), CSet: 0B (0%)
[105.925s][info][gc             ] GC(63) Pause Final Mark (unload classes) 0.161ms
[105.925s][info][gc,start       ] GC(63) Concurrent weak references
[105.925s][info][gc,task        ] GC(63) Using 3 of 6 workers for concurrent weak references
[105.925s][info][gc,ref         ] GC(63) Encountered references: Soft: 45, Weak: 116, Final: 0, Phantom: 7
[105.925s][info][gc,ref         ] GC(63) Discovered  references: Soft: 0, Weak: 75, Final: 0, Phantom: 5
[105.925s][info][gc,ref         ] GC(63) Enqueued    references: Soft: 0, Weak: 0, Final: 0, Phantom: 0
[105.925s][info][gc             ] GC(63) Concurrent weak references 0.104ms
[105.925s][info][gc,start       ] GC(63) Concurrent weak roots
[105.925s][info][gc,task        ] GC(63) Using 3 of 6 workers for concurrent weak root
[105.925s][info][gc             ] GC(63) Concurrent weak roots 0.150ms
[105.925s][info][gc,start       ] GC(63) Concurrent cleanup
[105.925s][info][gc             ] GC(63) Concurrent cleanup 355M->18M(512M) 0.073ms
[105.925s][info][gc,ergo        ] GC(63) Free: 466M, Max: 256K regular, 224M humongous, Frag: 52% external, 0% internal; Reserve: 26368K, Max: 256K
[105.925s][info][gc,start       ] GC(63) Concurrent class unloading
[105.925s][info][gc,task        ] GC(63) Using 3 of 6 workers for concurrent class unloading
[105.925s][info][gc             ] GC(63) Concurrent class unloading 0.266ms
[105.926s][info][gc,start       ] GC(63) Pause Final Roots
[105.926s][info][gc             ] GC(63) Pause Final Roots 0.015ms
[105.926s][info][gc,ergo        ] Free: 466M, Max: 256K regular, 224M humongous, Frag: 52% external, 0% internal; Reserve: 26368K, Max: 256K
[105.926s][info][gc,stats       ] 
[105.926s][info][gc,stats       ] All times are wall-clock times, except per-root-class counters, that are sum over
[105.926s][info][gc,stats       ] all workers. Dividing the <total> over the root stage time estimates parallelism.
[105.926s][info][gc,stats       ] 
[105.926s][info][gc,stats       ] Concurrent Reset                    225 us
[105.926s][info][gc,stats       ] Pause Init Mark (G)                 127 us
[105.926s][info][gc,stats       ] Pause Init Mark (N)                  92 us
[105.926s][info][gc,stats       ]   Update Region States               27 us
[105.926s][info][gc,stats       ] Concurrent Mark Roots               343 us, parallelism: 1.22x
[105.926s][info][gc,stats       ]   CMR: <total>                      420 us
[105.926s][info][gc,stats       ]   CMR: Thread Roots                 379 us, workers (us):  36, 273,  70, ---, ---, ---, 
[105.926s][info][gc,stats       ]   CMR: VM Strong Roots                5 us, workers (us):   2,   2,   0, ---, ---, ---, 
[105.926s][info][gc,stats       ]   CMR: CLDG Roots                    36 us, workers (us):  36, ---, ---, ---, ---, ---, 
[105.926s][info][gc,stats       ] Concurrent Marking                  830 us
[105.926s][info][gc,stats       ] Pause Final Mark (G)                207 us
[105.926s][info][gc,stats       ] Pause Final Mark (N)                170 us
[105.926s][info][gc,stats       ]   Finish Mark                        40 us
[105.926s][info][gc,stats       ]   Update Region States               34 us
[105.926s][info][gc,stats       ]   Choose Collection Set              37 us
[105.926s][info][gc,stats       ]   Rebuild Free Set                   10 us
[105.926s][info][gc,stats       ] Concurrent Weak References          117 us, parallelism: 0.05x
[105.926s][info][gc,stats       ]   CWRF: <total>                       6 us
[105.926s][info][gc,stats       ]   CWRF: Weak References               6 us, workers (us):   5,   1,   1, ---, ---, ---, 
[105.926s][info][gc,stats       ] Concurrent Weak Roots               166 us
[105.926s][info][gc,stats       ]   Roots                              97 us, parallelism: 1.34x
[105.926s][info][gc,stats       ]     CWR: <total>                    130 us
[105.926s][info][gc,stats       ]     CWR: Code Cache Roots            69 us, workers (us):  53,  16,   0, ---, ---, ---, 
[105.926s][info][gc,stats       ]     CWR: VM Weak Roots               60 us, workers (us):  20,  18,  22, ---, ---, ---, 
[105.926s][info][gc,stats       ]     CWR: CLDG Roots                   1 us, workers (us): ---,   1, ---, ---, ---, ---, 
[105.926s][info][gc,stats       ]   Rendezvous                         28 us
[105.926s][info][gc,stats       ] Concurrent Cleanup                   87 us
[105.926s][info][gc,stats       ] Concurrent Class Unloading          288 us
[105.926s][info][gc,stats       ]   Unlink Stale                      170 us
[105.926s][info][gc,stats       ]     System Dictionary                 1 us
[105.926s][info][gc,stats       ]     Weak Class Links                  0 us
[105.926s][info][gc,stats       ]     Code Roots                      168 us
[105.926s][info][gc,stats       ]   Rendezvous                         39 us
[105.926s][info][gc,stats       ]   Purge Unlinked                     31 us
[105.926s][info][gc,stats       ]     Code Roots                       27 us
[105.926s][info][gc,stats       ]     CLDG                              3 us
[105.926s][info][gc,stats       ]     Exception Caches                  0 us
[105.926s][info][gc,stats       ] Pause Final Roots (G)                50 us
[105.926s][info][gc,stats       ] Pause Final Roots (N)                24 us
[105.926s][info][gc,stats       ] Pacing                            46939 us
[105.926s][info][gc,stats       ] 
[105.926s][info][gc,stats       ] Allocation pacing accrued:
[105.926s][info][gc,stats       ]      47 of  2227 ms (  2.1%): main
[105.926s][info][gc,stats       ]      47 of  2227 ms (  2.1%): <total>
[105.926s][info][gc,stats       ]       4 of  2227 ms (  0.2%): <average total>
[105.926s][info][gc,stats       ]      47 of  2227 ms (  2.1%): <average non-zero>
[105.926s][info][gc,stats       ] 
[105.926s][info][gc,metaspace   ] Metaspace: 1071K(1280K)->1071K(1280K) NonClass: 989K(1088K)->989K(1088K) Class: 81K(192K)->81K(192K)
[105.926s][info][gc,ergo        ] Pacer for Idle. Initial: 10485K, Alloc Tax Rate: 1.0x
[109.388s][info][gc             ] Trigger: Average GC time (3.35 ms) is above the time for average allocation rate (138 MB/s) to deplete free headroom (0B) (margin of error = 2.49)
[109.388s][info][gc,ergo        ] Free headroom: 101M (free) - 26214K (spike) - 99614K (penalties) = 0B
[109.388s][info][gc,ergo        ] Free: 101M, Max: 256K regular, 100M humongous, Frag: 2% external, 0% internal; Reserve: 26368K, Max: 256K
[109.388s][info][gc,start       ] GC(64) Concurrent reset
[109.388s][info][gc,task        ] GC(64) Using 3 of 6 workers for concurrent reset
[109.388s][info][gc,ergo        ] GC(64) Pacer for Reset. Non-Taxable: 512M
[109.388s][info][gc             ] GC(64) Concurrent reset 0.220ms
[109.388s][info][gc,start       ] GC(64) Pause Init Mark (unload classes)
[109.388s][info][gc,task        ] GC(64) Using 6 of 6 workers for init marking
[109.388s][info][gc,ergo        ] GC(64) Pacer for Mark. Expected Live: 85177K, Free: 101M, Non-Taxable: 10394K, Alloc Tax Rate: 1.0x
[109.388s][info][gc             ] GC(64) Pause Init Mark (unload classes) 0.134ms
[109.388s][info][gc,start       ] GC(64) Concurrent marking roots
[109.388s][info][gc,task        ] GC(64) Using 3 of 6 workers for concurrent marking roots
[109.389s][info][gc             ] GC(64) Concurrent marking roots 0.249ms
[109.389s][info][gc,start       ] GC(64) Concurrent marking (unload classes)
[109.389s][info][gc,task        ] GC(64) Using 3 of 6 workers for concurrent marking
[109.389s][info][gc             ] GC(64) Concurrent marking (unload classes) 0.703ms
[109.389s][info][gc,start       ] GC(64) Pause Final Mark (unload classes)
[109.389s][info][gc,task        ] GC(64) Using 6 of 6 workers for final marking
[109.389s][info][gc,ergo        ] GC(64) Collectable Garbage: 285M (99%), Immediate: 285M (99%), CSet: 0B (0%)
[109.390s][info][gc             ] GC(64) Pause Final Mark (unload classes) 0.152ms
[109.390s][info][gc,start       ] GC(64) Concurrent weak references
[109.390s][info][gc,task        ] GC(64) Using 3 of 6 workers for concurrent weak references
[109.390s][info][gc,ref         ] GC(64) Encountered references: Soft: 45, Weak: 116, Final: 0, Phantom: 7
[109.390s][info][gc,ref         ] GC(64) Discovered  references: Soft: 0, Weak: 95, Final: 0, Phantom: 5
[109.390s][info][gc,ref         ] GC(64) Enqueued    references: Soft: 0, Weak: 0, Final: 0, Phantom: 0
[109.390s][info][gc             ] GC(64) Concurrent weak references 0.083ms
[109.390s][info][gc,start       ] GC(64) Concurrent weak roots
[109.390s][info][gc,task        ] GC(64) Using 3 of 6 workers for concurrent weak root
[109.390s][info][gc             ] GC(64) Concurrent weak roots 0.120ms
[109.390s][info][gc,start       ] GC(64) Concurrent cleanup
[109.390s][info][gc             ] GC(64) Concurrent cleanup 376M->91M(512M) 0.062ms
[109.390s][info][gc,ergo        ] GC(64) Free: 393M, Max: 256K regular, 182M humongous, Frag: 54% external, 0% internal; Reserve: 26368K, Max: 256K
[109.390s][info][gc,start       ] GC(64) Concurrent class unloading
[109.390s][info][gc,task        ] GC(64) Using 3 of 6 workers for concurrent class unloading
[109.390s][info][gc             ] GC(64) Concurrent class unloading 0.218ms
[109.390s][info][gc,start       ] GC(64) Pause Final Roots
[109.390s][info][gc             ] GC(64) Pause Final Roots 0.019ms
[109.390s][info][gc,ergo        ] Free: 393M, Max: 256K regular, 182M humongous, Frag: 54% external, 0% internal; Reserve: 26368K, Max: 256K
[109.390s][info][gc,stats       ] 
[109.390s][info][gc,stats       ] All times are wall-clock times, except per-root-class counters, that are sum over
[109.390s][info][gc,stats       ] all workers. Dividing the <total> over the root stage time estimates parallelism.
[109.390s][info][gc,stats       ] 
[109.390s][info][gc,stats       ] Concurrent Reset                    241 us
[109.390s][info][gc,stats       ] Pause Init Mark (G)                 178 us
[109.390s][info][gc,stats       ] Pause Init Mark (N)                 143 us
[109.390s][info][gc,stats       ]   Update Region States               81 us
[109.390s][info][gc,stats       ] Concurrent Mark Roots               273 us, parallelism: 1.23x
[109.390s][info][gc,stats       ]   CMR: <total>                      337 us
[109.390s][info][gc,stats       ]   CMR: Thread Roots                 304 us, workers (us): 196,  42,  67, ---, ---, ---, 
[109.390s][info][gc,stats       ]   CMR: VM Strong Roots                4 us, workers (us):   2,   1,   1, ---, ---, ---, 
[109.390s][info][gc,stats       ]   CMR: CLDG Roots                    28 us, workers (us): ---,  28, ---, ---, ---, ---, 
[109.390s][info][gc,stats       ] Concurrent Marking                  721 us
[109.390s][info][gc,stats       ] Pause Final Mark (G)                237 us
[109.390s][info][gc,stats       ] Pause Final Mark (N)                167 us
[109.390s][info][gc,stats       ]   Finish Mark                        33 us
[109.390s][info][gc,stats       ]   Update Region States               31 us
[109.390s][info][gc,stats       ]   Choose Collection Set              47 us
[109.390s][info][gc,stats       ]   Rebuild Free Set                   12 us
[109.390s][info][gc,stats       ] Concurrent Weak References           91 us, parallelism: 0.08x
[109.390s][info][gc,stats       ]   CWRF: <total>                       7 us
[109.390s][info][gc,stats       ]   CWRF: Weak References               7 us, workers (us):   6,   1,   0, ---, ---, ---, 
[109.390s][info][gc,stats       ] Concurrent Weak Roots               136 us
[109.390s][info][gc,stats       ]   Roots                              75 us, parallelism: 1.22x
[109.390s][info][gc,stats       ]     CWR: <total>                     91 us
[109.390s][info][gc,stats       ]     CWR: Code Cache Roots            47 us, workers (us):  15,   0,  32, ---, ---, ---, 
[109.390s][info][gc,stats       ]     CWR: VM Weak Roots               43 us, workers (us):  16,  14,  14, ---, ---, ---, 
[109.390s][info][gc,stats       ]     CWR: CLDG Roots                   1 us, workers (us): ---,   1, ---, ---, ---, ---, 
[109.390s][info][gc,stats       ]   Rendezvous                         29 us
[109.390s][info][gc,stats       ] Concurrent Cleanup                   72 us
[109.390s][info][gc,stats       ] Concurrent Class Unloading          230 us
[109.390s][info][gc,stats       ]   Unlink Stale                      153 us
[109.390s][info][gc,stats       ]     System Dictionary                 1 us
[109.390s][info][gc,stats       ]     Weak Class Links                  0 us
[109.390s][info][gc,stats       ]     Code Roots                      151 us
[109.390s][info][gc,stats       ]   Rendezvous                         25 us
[109.390s][info][gc,stats       ]   Purge Unlinked                     23 us
[109.390s][info][gc,stats       ]     Code Roots                       21 us
[109.390s][info][gc,stats       ]     CLDG                              2 us
[109.390s][info][gc,stats       ]     Exception Caches                  0 us
[109.391s][info][gc,stats       ] Pause Final Roots (G)                49 us
[109.391s][info][gc,stats       ] Pause Final Roots (N)                28 us
[109.391s][info][gc,stats       ] Pacing                            78006 us
[109.391s][info][gc,stats       ] 
[109.391s][info][gc,stats       ] Allocation pacing accrued:
[109.391s][info][gc,stats       ]      78 of  3465 ms (  2.3%): main
[109.391s][info][gc,stats       ]      78 of  3465 ms (  2.3%): <total>
[109.391s][info][gc,stats       ]       6 of  3465 ms (  0.2%): <average total>
[109.391s][info][gc,stats       ]      78 of  3465 ms (  2.3%): <average non-zero>
[109.391s][info][gc,stats       ] 
[109.391s][info][gc,metaspace   ] Metaspace: 1071K(1280K)->1071K(1280K) NonClass: 989K(1088K)->989K(1088K) Class: 81K(192K)->81K(192K)
[109.391s][info][gc,ergo        ] Pacer for Idle. Initial: 10485K, Alloc Tax Rate: 1.0x
[110.994s][info][gc             ] Trigger: Average GC time (3.08 ms) is above the time for average allocation rate (287 MB/s) to deplete free headroom (0B) (margin of error = 2.49)
[110.995s][info][gc,ergo        ] Free headroom: 103M (free) - 26214K (spike) - 94371K (penalties) = 0B
[110.995s][info][gc,ergo        ] Free: 103M, Max: 256K regular, 42496K humongous, Frag: 60% external, 0% internal; Reserve: 26368K, Max: 256K
[110.995s][info][gc,start       ] GC(65) Concurrent reset
[110.995s][info][gc,task        ] GC(65) Using 3 of 6 workers for concurrent reset
[110.995s][info][gc,ergo        ] GC(65) Pacer for Reset. Non-Taxable: 512M
[110.995s][info][gc             ] GC(65) Concurrent reset 0.264ms
[110.995s][info][gc,start       ] GC(65) Pause Init Mark (unload classes)
[110.995s][info][gc,task        ] GC(65) Using 6 of 6 workers for init marking
[110.995s][info][gc,ergo        ] GC(65) Pacer for Mark. Expected Live: 77804K, Free: 103M, Non-Taxable: 10625K, Alloc Tax Rate: 0.9x
[110.995s][info][gc             ] GC(65) Pause Init Mark (unload classes) 0.118ms
[110.995s][info][gc,start       ] GC(65) Concurrent marking roots
[110.995s][info][gc,task        ] GC(65) Using 3 of 6 workers for concurrent marking roots
[110.995s][info][gc             ] GC(65) Concurrent marking roots 0.308ms
[110.995s][info][gc,start       ] GC(65) Concurrent marking (unload classes)
[110.995s][info][gc,task        ] GC(65) Using 3 of 6 workers for concurrent marking
[110.996s][info][gc             ] GC(65) Concurrent marking (unload classes) 0.807ms
[110.996s][info][gc,start       ] GC(65) Pause Final Mark (unload classes)
[110.996s][info][gc,task        ] GC(65) Using 6 of 6 workers for final marking
[110.997s][info][gc,ergo        ] GC(65) Collectable Garbage: 227M (99%), Immediate: 227M (99%), CSet: 0B (0%)
[110.997s][info][gc             ] GC(65) Pause Final Mark (unload classes) 0.300ms
[110.997s][info][gc,start       ] GC(65) Concurrent weak references
[110.997s][info][gc,task        ] GC(65) Using 3 of 6 workers for concurrent weak references
[110.997s][info][gc,ref         ] GC(65) Encountered references: Soft: 45, Weak: 116, Final: 0, Phantom: 7
[110.997s][info][gc,ref         ] GC(65) Discovered  references: Soft: 0, Weak: 72, Final: 0, Phantom: 5
[110.997s][info][gc,ref         ] GC(65) Enqueued    references: Soft: 0, Weak: 0, Final: 0, Phantom: 0
[110.997s][info][gc             ] GC(65) Concurrent weak references 0.133ms
[110.997s][info][gc,start       ] GC(65) Concurrent weak roots
[110.997s][info][gc,task        ] GC(65) Using 3 of 6 workers for concurrent weak root
[110.997s][info][gc             ] GC(65) Concurrent weak roots 0.238ms
[110.997s][info][gc,start       ] GC(65) Concurrent cleanup
[110.997s][info][gc             ] GC(65) Concurrent cleanup 378M->151M(512M) 0.055ms
[110.997s][info][gc,ergo        ] GC(65) Free: 334M, Max: 256K regular, 183M humongous, Frag: 45% external, 0% internal; Reserve: 26368K, Max: 256K
[110.997s][info][gc,start       ] GC(65) Concurrent class unloading
[110.997s][info][gc,task        ] GC(65) Using 3 of 6 workers for concurrent class unloading
[110.997s][info][gc             ] GC(65) Concurrent class unloading 0.249ms
[110.997s][info][gc,start       ] GC(65) Pause Final Roots
[110.997s][info][gc             ] GC(65) Pause Final Roots 0.018ms
[110.998s][info][gc,ergo        ] Free: 334M, Max: 256K regular, 183M humongous, Frag: 45% external, 0% internal; Reserve: 26368K, Max: 256K
[110.998s][info][gc,stats       ] 
[110.998s][info][gc,stats       ] All times are wall-clock times, except per-root-class counters, that are sum over
[110.998s][info][gc,stats       ] all workers. Dividing the <total> over the root stage time estimates parallelism.
[110.998s][info][gc,stats       ] 
[110.998s][info][gc,stats       ] Concurrent Reset                    283 us
[110.998s][info][gc,stats       ] Pause Init Mark (G)                 268 us
[110.998s][info][gc,stats       ] Pause Init Mark (N)                 128 us
[110.998s][info][gc,stats       ]   Update Region States               62 us
[110.998s][info][gc,stats       ] Concurrent Mark Roots               326 us, parallelism: 0.98x
[110.998s][info][gc,stats       ]   CMR: <total>                      319 us
[110.998s][info][gc,stats       ]   CMR: Thread Roots                 288 us, workers (us):  36,  64, 188, ---, ---, ---, 
[110.998s][info][gc,stats       ]   CMR: VM Strong Roots                3 us, workers (us):   3,   0,   0, ---, ---, ---, 
[110.998s][info][gc,stats       ]   CMR: CLDG Roots                    28 us, workers (us):  28, ---, ---, ---, ---, ---, 
[110.998s][info][gc,stats       ] Concurrent Marking                  825 us
[110.998s][info][gc,stats       ] Pause Final Mark (G)                445 us
[110.998s][info][gc,stats       ] Pause Final Mark (N)                311 us
[110.998s][info][gc,stats       ]   Finish Mark                       159 us
[110.998s][info][gc,stats       ]   Update Region States               67 us
[110.998s][info][gc,stats       ]   Choose Collection Set              36 us
[110.998s][info][gc,stats       ]   Rebuild Free Set                    8 us
[110.998s][info][gc,stats       ] Concurrent Weak References          141 us, parallelism: 0.03x
[110.998s][info][gc,stats       ]   CWRF: <total>                       4 us
[110.998s][info][gc,stats       ]   CWRF: Weak References               4 us, workers (us):   3,   1,   0, ---, ---, ---, 
[110.998s][info][gc,stats       ] Concurrent Weak Roots               256 us
[110.998s][info][gc,stats       ]   Roots                             101 us, parallelism: 1.01x
[110.998s][info][gc,stats       ]     CWR: <total>                    102 us
[110.998s][info][gc,stats       ]     CWR: Code Cache Roots            51 us, workers (us):   0,  34,  16, ---, ---, ---, 
[110.998s][info][gc,stats       ]     CWR: VM Weak Roots               51 us, workers (us):  35,   8,   7, ---, ---, ---, 
[110.998s][info][gc,stats       ]     CWR: CLDG Roots                   1 us, workers (us):   1, ---, ---, ---, ---, ---, 
[110.998s][info][gc,stats       ]   Rendezvous                        120 us
[110.998s][info][gc,stats       ] Concurrent Cleanup                   65 us
[110.998s][info][gc,stats       ] Concurrent Class Unloading          264 us
[110.998s][info][gc,stats       ]   Unlink Stale                      154 us
[110.998s][info][gc,stats       ]     System Dictionary                 1 us
[110.998s][info][gc,stats       ]     Weak Class Links                  0 us
[110.998s][info][gc,stats       ]     Code Roots                      152 us
[110.998s][info][gc,stats       ]   Rendezvous                         21 us
[110.998s][info][gc,stats       ]   Purge Unlinked                     57 us
[110.998s][info][gc,stats       ]     Code Roots                       54 us
[110.998s][info][gc,stats       ]     CLDG                              3 us
[110.998s][info][gc,stats       ]     Exception Caches                  0 us
[110.998s][info][gc,stats       ] Pause Final Roots (G)                49 us
[110.998s][info][gc,stats       ] Pause Final Roots (N)                27 us
[110.998s][info][gc,stats       ] Pacing                            73540 us
[110.998s][info][gc,stats       ] 
[110.998s][info][gc,stats       ] Allocation pacing accrued:
[110.998s][info][gc,stats       ]      74 of  1607 ms (  4.6%): main
[110.998s][info][gc,stats       ]      74 of  1607 ms (  4.6%): <total>
[110.998s][info][gc,stats       ]       6 of  1607 ms (  0.4%): <average total>
[110.998s][info][gc,stats       ]      74 of  1607 ms (  4.6%): <average non-zero>
[110.998s][info][gc,stats       ] 
[110.998s][info][gc,metaspace   ] Metaspace: 1071K(1280K)->1071K(1280K) NonClass: 989K(1088K)->989K(1088K) Class: 81K(192K)->81K(192K)
[110.998s][info][gc,ergo        ] Pacer for Idle. Initial: 10485K, Alloc Tax Rate: 1.0x
[112.462s][info][gc             ] Trigger: Average GC time (3.51 ms) is above the time for average allocation rate (294 MB/s) to deplete free headroom (0B) (margin of error = 2.50)
[112.462s][info][gc,ergo        ] Free headroom: 108M (free) - 26214K (spike) - 89128K (penalties) = 0B
[112.462s][info][gc,ergo        ] Free: 108M, Max: 256K regular, 60160K humongous, Frag: 46% external, 0% internal; Reserve: 26368K, Max: 256K
[112.463s][info][gc,start       ] GC(66) Concurrent reset
[112.463s][info][gc,task        ] GC(66) Using 3 of 6 workers for concurrent reset
[112.463s][info][gc,ergo        ] GC(66) Pacer for Reset. Non-Taxable: 512M
[112.463s][info][gc             ] GC(66) Concurrent reset 0.467ms
[112.463s][info][gc,start       ] GC(66) Pause Init Mark (unload classes)
[112.463s][info][gc,task        ] GC(66) Using 6 of 6 workers for init marking
[112.463s][info][gc,ergo        ] GC(66) Pacer for Mark. Expected Live: 102380K, Free: 108M, Non-Taxable: 11111K, Alloc Tax Rate: 1.1x
[112.463s][info][gc             ] GC(66) Pause Init Mark (unload classes) 0.137ms
[112.463s][info][gc,start       ] GC(66) Concurrent marking roots
[112.463s][info][gc,task        ] GC(66) Using 3 of 6 workers for concurrent marking roots
[112.464s][info][gc             ] GC(66) Concurrent marking roots 0.380ms
[112.464s][info][gc,start       ] GC(66) Concurrent marking (unload classes)
[112.464s][info][gc,task        ] GC(66) Using 3 of 6 workers for concurrent marking
[112.465s][info][gc             ] GC(66) Concurrent marking (unload classes) 1.343ms
[112.465s][info][gc,start       ] GC(66) Pause Final Mark (unload classes)
[112.465s][info][gc,task        ] GC(66) Using 6 of 6 workers for final marking
[112.465s][info][gc,ergo        ] GC(66) Collectable Garbage: 217M (99%), Immediate: 217M (99%), CSet: 0B (0%)
[112.465s][info][gc             ] GC(66) Pause Final Mark (unload classes) 0.309ms
[112.465s][info][gc,start       ] GC(66) Concurrent weak references
[112.465s][info][gc,task        ] GC(66) Using 3 of 6 workers for concurrent weak references
[112.465s][info][gc,ref         ] GC(66) Encountered references: Soft: 45, Weak: 116, Final: 0, Phantom: 7
[112.466s][info][gc,ref         ] GC(66) Discovered  references: Soft: 0, Weak: 89, Final: 0, Phantom: 5
[112.466s][info][gc,ref         ] GC(66) Enqueued    references: Soft: 0, Weak: 0, Final: 0, Phantom: 0
[112.466s][info][gc             ] GC(66) Concurrent weak references 0.155ms
[112.466s][info][gc,start       ] GC(66) Concurrent weak roots
[112.466s][info][gc,task        ] GC(66) Using 3 of 6 workers for concurrent weak root
[112.466s][info][gc             ] GC(66) Concurrent weak roots 0.248ms
[112.466s][info][gc,start       ] GC(66) Concurrent cleanup
[112.466s][info][gc             ] GC(66) Concurrent cleanup 373M->156M(512M) 0.049ms
[112.466s][info][gc,ergo        ] GC(66) Free: 328M, Max: 256K regular, 160M humongous, Frag: 52% external, 0% internal; Reserve: 26368K, Max: 256K
[112.466s][info][gc,start       ] GC(66) Concurrent class unloading
[112.466s][info][gc,task        ] GC(66) Using 3 of 6 workers for concurrent class unloading
[112.466s][info][gc             ] GC(66) Concurrent class unloading 0.386ms
[112.466s][info][gc,start       ] GC(66) Pause Final Roots
[112.466s][info][gc             ] GC(66) Pause Final Roots 0.016ms
[112.466s][info][gc,ergo        ] Free: 328M, Max: 256K regular, 160M humongous, Frag: 52% external, 0% internal; Reserve: 26368K, Max: 256K
[112.466s][info][gc,stats       ] 
[112.466s][info][gc,stats       ] All times are wall-clock times, except per-root-class counters, that are sum over
[112.466s][info][gc,stats       ] all workers. Dividing the <total> over the root stage time estimates parallelism.
[112.466s][info][gc,stats       ] 
[112.466s][info][gc,stats       ] Concurrent Reset                    486 us
[112.466s][info][gc,stats       ] Pause Init Mark (G)                 250 us
[112.466s][info][gc,stats       ] Pause Init Mark (N)                 149 us
[112.466s][info][gc,stats       ]   Update Region States               72 us
[112.466s][info][gc,stats       ] Concurrent Mark Roots               397 us, parallelism: 1.18x
[112.466s][info][gc,stats       ]   CMR: <total>                      469 us
[112.466s][info][gc,stats       ]   CMR: Thread Roots                 420 us, workers (us):  66, 114, 240, ---, ---, ---, 
[112.466s][info][gc,stats       ]   CMR: VM Strong Roots                4 us, workers (us):   2,   2,   0, ---, ---, ---, 
[112.466s][info][gc,stats       ]   CMR: CLDG Roots                    45 us, workers (us):  45, ---, ---, ---, ---, ---, 
[112.466s][info][gc,stats       ] Concurrent Marking                 1360 us
[112.467s][info][gc,stats       ] Pause Final Mark (G)                376 us
[112.467s][info][gc,stats       ] Pause Final Mark (N)                319 us
[112.467s][info][gc,stats       ]   Finish Mark                       158 us
[112.467s][info][gc,stats       ]   Update Region States               37 us
[112.467s][info][gc,stats       ]   Choose Collection Set              78 us
[112.467s][info][gc,stats       ]   Rebuild Free Set                    7 us
[112.467s][info][gc,stats       ] Concurrent Weak References          164 us, parallelism: 0.02x
[112.467s][info][gc,stats       ]   CWRF: <total>                       4 us
[112.467s][info][gc,stats       ]   CWRF: Weak References               4 us, workers (us):   3,   1,   0, ---, ---, ---, 
[112.467s][info][gc,stats       ] Concurrent Weak Roots               274 us
[112.467s][info][gc,stats       ]   Roots                             153 us, parallelism: 0.75x
[112.467s][info][gc,stats       ]     CWR: <total>                    114 us
[112.467s][info][gc,stats       ]     CWR: Code Cache Roots            49 us, workers (us):  33,   0,  16, ---, ---, ---, 
[112.467s][info][gc,stats       ]     CWR: VM Weak Roots               65 us, workers (us):  45,   9,  10, ---, ---, ---, 
[112.467s][info][gc,stats       ]     CWR: CLDG Roots                   1 us, workers (us): ---,   1, ---, ---, ---, ---, 
[112.467s][info][gc,stats       ]   Rendezvous                         78 us
[112.467s][info][gc,stats       ] Concurrent Cleanup                   60 us
[112.467s][info][gc,stats       ] Concurrent Class Unloading          416 us
[112.467s][info][gc,stats       ]   Unlink Stale                      202 us
[112.467s][info][gc,stats       ]     System Dictionary                 1 us
[112.467s][info][gc,stats       ]     Weak Class Links                  0 us
[112.467s][info][gc,stats       ]     Code Roots                      200 us
[112.467s][info][gc,stats       ]   Rendezvous                         78 us
[112.467s][info][gc,stats       ]   Purge Unlinked                     89 us
[112.467s][info][gc,stats       ]     Code Roots                       85 us
[112.467s][info][gc,stats       ]     CLDG                              3 us
[112.467s][info][gc,stats       ]     Exception Caches                  0 us
[112.467s][info][gc,stats       ] Pause Final Roots (G)                45 us
[112.467s][info][gc,stats       ] Pause Final Roots (N)                25 us
[112.467s][info][gc,stats       ] Pacing                            47456 us
[112.467s][info][gc,stats       ] 
[112.467s][info][gc,stats       ] Allocation pacing accrued:
[112.467s][info][gc,stats       ]      47 of  1469 ms (  3.2%): main
[112.467s][info][gc,stats       ]      47 of  1469 ms (  3.2%): <total>
[112.467s][info][gc,stats       ]       4 of  1469 ms (  0.2%): <average total>
[112.467s][info][gc,stats       ]      47 of  1469 ms (  3.2%): <average non-zero>
[112.467s][info][gc,stats       ] 
[112.467s][info][gc,metaspace   ] Metaspace: 1071K(1280K)->1071K(1280K) NonClass: 989K(1088K)->989K(1088K) Class: 81K(192K)->81K(192K)
[112.467s][info][gc,ergo        ] Pacer for Idle. Initial: 10485K, Alloc Tax Rate: 1.0x
[113.930s][info][gc             ] Trigger: Average GC time (4.86 ms) is above the time for average allocation rate (292 MB/s) to deplete free headroom (0B) (margin of error = 2.50)
[113.930s][info][gc,ergo        ] Free headroom: 103M (free) - 26214K (spike) - 83886K (penalties) = 0B
[113.930s][info][gc,ergo        ] Free: 103M, Max: 256K regular, 54784K humongous, Frag: 49% external, 0% internal; Reserve: 26368K, Max: 256K
[113.930s][info][gc,start       ] GC(67) Concurrent reset
[113.930s][info][gc,task        ] GC(67) Using 3 of 6 workers for concurrent reset
[113.930s][info][gc,ergo        ] GC(67) Pacer for Reset. Non-Taxable: 512M
[113.931s][info][gc             ] GC(67) Concurrent reset 0.217ms
[113.931s][info][gc,start       ] GC(67) Pause Init Mark (unload classes)
[113.931s][info][gc,task        ] GC(67) Using 6 of 6 workers for init marking
[113.931s][info][gc,ergo        ] GC(67) Pacer for Mark. Expected Live: 104M, Free: 103M, Non-Taxable: 10573K, Alloc Tax Rate: 1.2x
[113.931s][info][gc             ] GC(67) Pause Init Mark (unload classes) 0.080ms
[113.931s][info][gc,start       ] GC(67) Concurrent marking roots
[113.931s][info][gc,task        ] GC(67) Using 3 of 6 workers for concurrent marking roots
[113.931s][info][gc             ] GC(67) Concurrent marking roots 0.273ms
[113.931s][info][gc,start       ] GC(67) Concurrent marking (unload classes)
[113.931s][info][gc,task        ] GC(67) Using 3 of 6 workers for concurrent marking
[113.932s][info][gc             ] GC(67) Concurrent marking (unload classes) 0.769ms
[113.932s][info][gc,start       ] GC(67) Pause Final Mark (unload classes)
[113.932s][info][gc,task        ] GC(67) Using 6 of 6 workers for final marking
[113.932s][info][gc,ergo        ] GC(67) Collectable Garbage: 117M (99%), Immediate: 117M (99%), CSet: 0B (0%)
[113.932s][info][gc             ] GC(67) Pause Final Mark (unload classes) 0.154ms
[113.932s][info][gc,start       ] GC(67) Concurrent weak references
[113.932s][info][gc,task        ] GC(67) Using 3 of 6 workers for concurrent weak references
[113.932s][info][gc,ref         ] GC(67) Encountered references: Soft: 45, Weak: 116, Final: 0, Phantom: 7
[113.932s][info][gc,ref         ] GC(67) Discovered  references: Soft: 0, Weak: 86, Final: 0, Phantom: 5
[113.932s][info][gc,ref         ] GC(67) Enqueued    references: Soft: 0, Weak: 0, Final: 0, Phantom: 0
[113.932s][info][gc             ] GC(67) Concurrent weak references 0.090ms
[113.932s][info][gc,start       ] GC(67) Concurrent weak roots
[113.932s][info][gc,task        ] GC(67) Using 3 of 6 workers for concurrent weak root
[113.932s][info][gc             ] GC(67) Concurrent weak roots 0.181ms
[113.932s][info][gc,start       ] GC(67) Concurrent cleanup
[113.932s][info][gc             ] GC(67) Concurrent cleanup 378M->261M(512M) 0.037ms
[113.932s][info][gc,ergo        ] GC(67) Free: 223M, Max: 256K regular, 149M humongous, Frag: 33% external, 0% internal; Reserve: 26368K, Max: 256K
[113.932s][info][gc,start       ] GC(67) Concurrent class unloading
[113.932s][info][gc,task        ] GC(67) Using 3 of 6 workers for concurrent class unloading
[113.933s][info][gc             ] GC(67) Concurrent class unloading 0.334ms
[113.933s][info][gc,start       ] GC(67) Pause Final Roots
[113.933s][info][gc             ] GC(67) Pause Final Roots 0.015ms
[113.933s][info][gc,ergo        ] Free: 223M, Max: 256K regular, 149M humongous, Frag: 33% external, 0% internal; Reserve: 26368K, Max: 256K
[113.933s][info][gc,stats       ] 
[113.933s][info][gc,stats       ] All times are wall-clock times, except per-root-class counters, that are sum over
[113.933s][info][gc,stats       ] all workers. Dividing the <total> over the root stage time estimates parallelism.
[113.933s][info][gc,stats       ] 
[113.933s][info][gc,stats       ] Concurrent Reset                    240 us
[113.933s][info][gc,stats       ] Pause Init Mark (G)                 126 us
[113.933s][info][gc,stats       ] Pause Init Mark (N)                  90 us
[113.933s][info][gc,stats       ]   Update Region States               29 us
[113.933s][info][gc,stats       ] Concurrent Mark Roots               291 us, parallelism: 1.25x
[113.933s][info][gc,stats       ]   CMR: <total>                      364 us
[113.933s][info][gc,stats       ]   CMR: Thread Roots                 325 us, workers (us):  96,  40, 189, ---, ---, ---, 
[113.933s][info][gc,stats       ]   CMR: VM Strong Roots                5 us, workers (us):   3,   2,   0, ---, ---, ---, 
[113.933s][info][gc,stats       ]   CMR: CLDG Roots                    34 us, workers (us): ---,  34, ---, ---, ---, ---, 
[113.933s][info][gc,stats       ] Concurrent Marking                  788 us
[113.933s][info][gc,stats       ] Pause Final Mark (G)                213 us
[113.933s][info][gc,stats       ] Pause Final Mark (N)                169 us
[113.933s][info][gc,stats       ]   Finish Mark                        42 us
[113.933s][info][gc,stats       ]   Update Region States               29 us
[113.933s][info][gc,stats       ]   Choose Collection Set              41 us
[113.933s][info][gc,stats       ]   Rebuild Free Set                   11 us
[113.933s][info][gc,stats       ] Concurrent Weak References           98 us, parallelism: 0.05x
[113.933s][info][gc,stats       ]   CWRF: <total>                       5 us
[113.933s][info][gc,stats       ]   CWRF: Weak References               5 us, workers (us):   1,   3,   0, ---, ---, ---, 
[113.933s][info][gc,stats       ] Concurrent Weak Roots               199 us
[113.933s][info][gc,stats       ]   Roots                             138 us, parallelism: 1.03x
[113.933s][info][gc,stats       ]     CWR: <total>                    142 us
[113.933s][info][gc,stats       ]     CWR: Code Cache Roots            83 us, workers (us):  24,   0,  59, ---, ---, ---, 
[113.933s][info][gc,stats       ]     CWR: VM Weak Roots               58 us, workers (us):  23,  15,  21, ---, ---, ---, 
[113.933s][info][gc,stats       ]     CWR: CLDG Roots                   1 us, workers (us): ---,   1, ---, ---, ---, ---, 
[113.933s][info][gc,stats       ]   Rendezvous                         27 us
[113.933s][info][gc,stats       ] Concurrent Cleanup                   48 us
[113.933s][info][gc,stats       ] Concurrent Class Unloading          352 us
[113.933s][info][gc,stats       ]   Unlink Stale                      185 us
[113.933s][info][gc,stats       ]     System Dictionary                 1 us
[113.933s][info][gc,stats       ]     Weak Class Links                  0 us
[113.933s][info][gc,stats       ]     Code Roots                      183 us
[113.933s][info][gc,stats       ]   Rendezvous                         63 us
[113.933s][info][gc,stats       ]   Purge Unlinked                     68 us
[113.933s][info][gc,stats       ]     Code Roots                       63 us
[113.933s][info][gc,stats       ]     CLDG                              4 us
[113.933s][info][gc,stats       ]     Exception Caches                  0 us
[113.933s][info][gc,stats       ] Pause Final Roots (G)                75 us
[113.933s][info][gc,stats       ] Pause Final Roots (N)                24 us
[113.933s][info][gc,stats       ] Pacing                            47151 us
[113.933s][info][gc,stats       ] 
[113.933s][info][gc,stats       ] Allocation pacing accrued:
[113.933s][info][gc,stats       ]      47 of  1466 ms (  3.2%): main
[113.933s][info][gc,stats       ]      47 of  1466 ms (  3.2%): <total>
[113.933s][info][gc,stats       ]       4 of  1466 ms (  0.2%): <average total>
[113.933s][info][gc,stats       ]      47 of  1466 ms (  3.2%): <average non-zero>
[113.933s][info][gc,stats       ] 
[113.933s][info][gc,metaspace   ] Metaspace: 1071K(1280K)->1071K(1280K) NonClass: 989K(1088K)->989K(1088K) Class: 81K(192K)->81K(192K)
[113.933s][info][gc,ergo        ] Pacer for Idle. Initial: 10485K, Alloc Tax Rate: 1.0x
[115.383s][info][gc             ] Failed to allocate Shared, 100M
[115.383s][info][gc             ] Cancelling GC: Allocation Failure
[115.398s][info][gc             ] Trigger: Handle Allocation Failure
[115.398s][info][gc,ergo        ] Free: 120M, Max: 256K regular, 60160K humongous, Frag: 52% external, 0% internal; Reserve: 26368K, Max: 256K
[115.398s][info][gc,start       ] GC(68) Pause Degenerated GC (Outside of Cycle)
[115.398s][info][gc,task        ] GC(68) Using 6 of 6 workers for stw degenerated gc
[115.399s][info][gc,ref         ] GC(68) Clearing All SoftReferences
[115.399s][info][gc,ref         ] GC(68) Encountered references: Soft: 45, Weak: 116, Final: 0, Phantom: 7
[115.399s][info][gc,ref         ] GC(68) Discovered  references: Soft: 19, Weak: 95, Final: 0, Phantom: 5
[115.399s][info][gc,ref         ] GC(68) Enqueued    references: Soft: 0, Weak: 0, Final: 0, Phantom: 0
[115.400s][info][gc,ergo        ] GC(68) Collectable Garbage: 306M (99%), Immediate: 306M (99%), CSet: 0B (0%)
[115.400s][info][gc,ergo        ] GC(68) Good progress for free space: 429M, need 5242K
[115.400s][info][gc,ergo        ] GC(68) Good progress for used space: 306M, need 256K
[115.400s][info][gc             ] GC(68) Pause Degenerated GC (Outside of Cycle) 362M->56M(512M) 1.547ms
[115.400s][info][gc,ergo        ] Free: 429M, Max: 256K regular, 358M humongous, Frag: 17% external, 0% internal; Reserve: 26368K, Max: 256K
[115.400s][info][gc,stats       ] 
[115.400s][info][gc,stats       ] All times are wall-clock times, except per-root-class counters, that are sum over
[115.400s][info][gc,stats       ] all workers. Dividing the <total> over the root stage time estimates parallelism.
[115.400s][info][gc,stats       ] 
[115.400s][info][gc,stats       ] Pause Degenerated GC (G)           1651 us
[115.400s][info][gc,stats       ] Pause Degenerated GC (N)           1556 us
[115.400s][info][gc,stats       ]   Degen STW Mark                    511 us, parallelism: 5.03x
[115.400s][info][gc,stats       ]     DSM: <total>                   2571 us
[115.400s][info][gc,stats       ]     DSM: Thread Roots                34 us, workers (us):  19,  13,   1,   0,   0,   0, 
[115.400s][info][gc,stats       ]     DSM: VM Strong Roots              3 us, workers (us):   2,   0,   0,   0,   0,   0, 
[115.400s][info][gc,stats       ]     DSM: CLDG Roots                  30 us, workers (us):   0,  29,   0,   0,   0,   0, 
[115.400s][info][gc,stats       ]     DSM: Parallel Mark             2503 us, workers (us): 434, 413, 415, 415, 413, 413, 
[115.400s][info][gc,stats       ]     System Purge                    387 us
[115.400s][info][gc,stats       ]       Weak References               149 us, parallelism: 0.04x
[115.400s][info][gc,stats       ]         WRP: <total>                  6 us
[115.400s][info][gc,stats       ]         WRP: Weak References          6 us, workers (us):   2,   4,   0,   0,   0,   0, 
[115.400s][info][gc,stats       ]       Unload Classes                139 us, parallelism: 2.07x
[115.400s][info][gc,stats       ]         DCU: <total>                289 us
[115.400s][info][gc,stats       ]         DCU: Unload Code Caches      289 us, workers (us):  68,  63,  67,  35,  19,  37, 
[115.400s][info][gc,stats       ]       Weak Roots                     96 us, parallelism: 0.57x
[115.400s][info][gc,stats       ]         DWR: <total>                 55 us
[115.400s][info][gc,stats       ]         DWR: VM Weak Roots           55 us, workers (us):  23,  12,  13,   3,   3,   1, 
[115.400s][info][gc,stats       ]       CLDG                            0 us
[115.400s][info][gc,stats       ]   Update Region States               99 us
[115.400s][info][gc,stats       ]   Manage GC/TLABs                     3 us
[115.400s][info][gc,stats       ]   Choose Collection Set              41 us
[115.400s][info][gc,stats       ]   Rebuild Free Set                    8 us
[115.400s][info][gc,stats       ]   Cleanup                             5 us
[115.400s][info][gc,stats       ] Pacing                            45482 us
[115.400s][info][gc,stats       ] 
[115.400s][info][gc,stats       ] Allocation pacing accrued:
[115.400s][info][gc,stats       ]      45 of  1467 ms (  3.1%): main
[115.400s][info][gc,stats       ]      45 of  1467 ms (  3.1%): <total>
[115.400s][info][gc,stats       ]       3 of  1467 ms (  0.2%): <average total>
[115.400s][info][gc,stats       ]      45 of  1467 ms (  3.1%): <average non-zero>
[115.400s][info][gc,stats       ] 
[115.400s][info][gc,metaspace   ] Metaspace: 1071K(1280K)->1071K(1280K) NonClass: 989K(1088K)->989K(1088K) Class: 81K(192K)->81K(192K)
[115.400s][info][gc,ergo        ] Pacer for Idle. Initial: 10485K, Alloc Tax Rate: 1.0x
[116.835s][info][gc             ] Trigger: Average GC time (4.45 ms) is above the time for average allocation rate (303 MB/s) to deplete free headroom (0B) (margin of error = 2.63)
[116.835s][info][gc,ergo        ] Free headroom: 103M (free) - 26214K (spike) - 127M (penalties) = 0B
[116.835s][info][gc,ergo        ] Free: 103M, Max: 256K regular, 89600K humongous, Frag: 16% external, 0% internal; Reserve: 26368K, Max: 256K
[116.835s][info][gc,start       ] GC(69) Concurrent reset
[116.835s][info][gc,task        ] GC(69) Using 3 of 6 workers for concurrent reset
[116.835s][info][gc,ergo        ] GC(69) Pacer for Reset. Non-Taxable: 512M
[116.836s][info][gc             ] GC(69) Concurrent reset 0.174ms
[116.836s][info][gc,start       ] GC(69) Pause Init Mark (unload classes)
[116.836s][info][gc,task        ] GC(69) Using 6 of 6 workers for init marking
[116.836s][info][gc,ergo        ] GC(69) Pacer for Mark. Expected Live: 147M, Free: 103M, Non-Taxable: 10573K, Alloc Tax Rate: 1.7x
[116.836s][info][gc             ] GC(69) Pause Init Mark (unload classes) 0.080ms
[116.836s][info][gc,start       ] GC(69) Concurrent marking roots
[116.836s][info][gc,task        ] GC(69) Using 3 of 6 workers for concurrent marking roots
[116.836s][info][gc             ] GC(69) Concurrent marking roots 0.279ms
[116.836s][info][gc,start       ] GC(69) Concurrent marking (unload classes)
[116.836s][info][gc,task        ] GC(69) Using 3 of 6 workers for concurrent marking
[116.837s][info][gc             ] GC(69) Concurrent marking (unload classes) 0.814ms
[116.837s][info][gc,start       ] GC(69) Pause Final Mark (unload classes)
[116.837s][info][gc,task        ] GC(69) Using 6 of 6 workers for final marking
[116.837s][info][gc,ergo        ] GC(69) Collectable Garbage: 261M (99%), Immediate: 261M (99%), CSet: 0B (0%)
[116.837s][info][gc             ] GC(69) Pause Final Mark (unload classes) 0.189ms
[116.837s][info][gc,start       ] GC(69) Concurrent weak references
[116.837s][info][gc,task        ] GC(69) Using 3 of 6 workers for concurrent weak references
[116.837s][info][gc,ref         ] GC(69) Encountered references: Soft: 45, Weak: 116, Final: 0, Phantom: 7
[116.837s][info][gc,ref         ] GC(69) Discovered  references: Soft: 0, Weak: 81, Final: 0, Phantom: 5
[116.837s][info][gc,ref         ] GC(69) Enqueued    references: Soft: 0, Weak: 0, Final: 0, Phantom: 0
[116.837s][info][gc             ] GC(69) Concurrent weak references 0.087ms
[116.837s][info][gc,start       ] GC(69) Concurrent weak roots
[116.837s][info][gc,task        ] GC(69) Using 3 of 6 workers for concurrent weak root
[116.837s][info][gc             ] GC(69) Concurrent weak roots 0.132ms
[116.837s][info][gc,start       ] GC(69) Concurrent cleanup
[116.837s][info][gc             ] GC(69) Concurrent cleanup 378M->117M(512M) 0.058ms
[116.837s][info][gc,ergo        ] GC(69) Free: 367M, Max: 256K regular, 242M humongous, Frag: 35% external, 0% internal; Reserve: 26368K, Max: 256K
[116.837s][info][gc,start       ] GC(69) Concurrent class unloading
[116.837s][info][gc,task        ] GC(69) Using 3 of 6 workers for concurrent class unloading
[116.838s][info][gc             ] GC(69) Concurrent class unloading 0.240ms
[116.838s][info][gc,start       ] GC(69) Pause Final Roots
[116.838s][info][gc             ] GC(69) Pause Final Roots 0.021ms
[116.838s][info][gc,ergo        ] Free: 367M, Max: 256K regular, 242M humongous, Frag: 35% external, 0% internal; Reserve: 26368K, Max: 256K
[116.838s][info][gc,stats       ] 
[116.838s][info][gc,stats       ] All times are wall-clock times, except per-root-class counters, that are sum over
[116.838s][info][gc,stats       ] all workers. Dividing the <total> over the root stage time estimates parallelism.
[116.838s][info][gc,stats       ] 
[116.838s][info][gc,stats       ] Concurrent Reset                    195 us
[116.838s][info][gc,stats       ] Pause Init Mark (G)                 126 us
[116.838s][info][gc,stats       ] Pause Init Mark (N)                  89 us
[116.838s][info][gc,stats       ]   Update Region States               28 us
[116.838s][info][gc,stats       ] Concurrent Mark Roots               294 us, parallelism: 1.41x
[116.838s][info][gc,stats       ]   CMR: <total>                      416 us
[116.838s][info][gc,stats       ]   CMR: Thread Roots                 375 us, workers (us):  42, 226, 106, ---, ---, ---, 
[116.838s][info][gc,stats       ]   CMR: VM Strong Roots                5 us, workers (us):   2,   1,   1, ---, ---, ---, 
[116.838s][info][gc,stats       ]   CMR: CLDG Roots                    36 us, workers (us):  36, ---, ---, ---, ---, ---, 
[116.838s][info][gc,stats       ] Concurrent Marking                  840 us
[116.838s][info][gc,stats       ] Pause Final Mark (G)                242 us
[116.838s][info][gc,stats       ] Pause Final Mark (N)                199 us
[116.838s][info][gc,stats       ]   Finish Mark                        48 us
[116.838s][info][gc,stats       ]   Update Region States               43 us
[116.838s][info][gc,stats       ]   Choose Collection Set              56 us
[116.838s][info][gc,stats       ]   Rebuild Free Set                   11 us
[116.838s][info][gc,stats       ] Concurrent Weak References           95 us, parallelism: 0.08x
[116.838s][info][gc,stats       ]   CWRF: <total>                       7 us
[116.838s][info][gc,stats       ]   CWRF: Weak References               7 us, workers (us):   5,   1,   1, ---, ---, ---, 
[116.838s][info][gc,stats       ] Concurrent Weak Roots               146 us
[116.838s][info][gc,stats       ]   Roots                              78 us, parallelism: 1.34x
[116.838s][info][gc,stats       ]     CWR: <total>                    104 us
[116.838s][info][gc,stats       ]     CWR: Code Cache Roots            57 us, workers (us):   0,  40,  17, ---, ---, ---, 
[116.838s][info][gc,stats       ]     CWR: VM Weak Roots               46 us, workers (us):  17,  16,  13, ---, ---, ---, 
[116.838s][info][gc,stats       ]     CWR: CLDG Roots                   1 us, workers (us):   1, ---, ---, ---, ---, ---, 
[116.838s][info][gc,stats       ]   Rendezvous                         29 us
[116.838s][info][gc,stats       ] Concurrent Cleanup                   68 us
[116.838s][info][gc,stats       ] Concurrent Class Unloading          257 us
[116.838s][info][gc,stats       ]   Unlink Stale                      163 us
[116.838s][info][gc,stats       ]     System Dictionary                 1 us
[116.838s][info][gc,stats       ]     Weak Class Links                  0 us
[116.838s][info][gc,stats       ]     Code Roots                      161 us
[116.838s][info][gc,stats       ]   Rendezvous                         26 us
[116.838s][info][gc,stats       ]   Purge Unlinked                     28 us
[116.838s][info][gc,stats       ]     Code Roots                       24 us
[116.838s][info][gc,stats       ]     CLDG                              3 us
[116.838s][info][gc,stats       ]     Exception Caches                  0 us
[116.838s][info][gc,stats       ] Pause Final Roots (G)                55 us
[116.838s][info][gc,stats       ] Pause Final Roots (N)                30 us
[116.838s][info][gc,stats       ] 
[116.838s][info][gc,stats       ] Allocation pacing accrued:
[116.838s][info][gc,stats       ]       0 of  1438 ms (  0.0%): <total>
[116.838s][info][gc,stats       ]       0 of  1438 ms (  0.0%): <average total>
[116.838s][info][gc,stats       ] 
[116.838s][info][gc,metaspace   ] Metaspace: 1071K(1280K)->1071K(1280K) NonClass: 989K(1088K)->989K(1088K) Class: 81K(192K)->81K(192K)
[116.838s][info][gc,ergo        ] Pacer for Idle. Initial: 10485K, Alloc Tax Rate: 1.0x
[119.704s][info][gc             ] Failed to allocate Shared, 100M
[119.704s][info][gc             ] Cancelling GC: Allocation Failure
[119.720s][info][gc             ] Trigger: Handle Allocation Failure
[119.720s][info][gc,ergo        ] Free: 190M, Max: 256K regular, 101632K humongous, Frag: 48% external, 0% internal; Reserve: 26368K, Max: 256K
[119.720s][info][gc,start       ] GC(70) Pause Degenerated GC (Outside of Cycle)
[119.720s][info][gc,task        ] GC(70) Using 6 of 6 workers for stw degenerated gc
[119.720s][info][gc,ref         ] GC(70) Clearing All SoftReferences
[119.720s][info][gc,ref         ] GC(70) Encountered references: Soft: 45, Weak: 116, Final: 0, Phantom: 7
[119.720s][info][gc,ref         ] GC(70) Discovered  references: Soft: 19, Weak: 92, Final: 0, Phantom: 3
[119.721s][info][gc,ref         ] GC(70) Enqueued    references: Soft: 0, Weak: 0, Final: 0, Phantom: 0
[119.721s][info][gc,ergo        ] GC(70) Collectable Garbage: 213M (99%), Immediate: 213M (99%), CSet: 0B (0%)
[119.721s][info][gc,ergo        ] GC(70) Good progress for free space: 408M, need 5242K
[119.721s][info][gc,ergo        ] GC(70) Good progress for used space: 213M, need 256K
[119.721s][info][gc             ] GC(70) Pause Degenerated GC (Outside of Cycle) 289M->76M(512M) 1.363ms
[119.721s][info][gc,ergo        ] Free: 408M, Max: 256K regular, 287M humongous, Frag: 30% external, 0% internal; Reserve: 26368K, Max: 256K
[119.721s][info][gc,stats       ] 
[119.721s][info][gc,stats       ] All times are wall-clock times, except per-root-class counters, that are sum over
[119.721s][info][gc,stats       ] all workers. Dividing the <total> over the root stage time estimates parallelism.
[119.721s][info][gc,stats       ] 
[119.721s][info][gc,stats       ] Pause Degenerated GC (G)           1428 us
[119.721s][info][gc,stats       ] Pause Degenerated GC (N)           1385 us
[119.721s][info][gc,stats       ]   Degen STW Mark                    591 us, parallelism: 5.38x
[119.721s][info][gc,stats       ]     DSM: <total>                   3179 us
[119.721s][info][gc,stats       ]     DSM: Thread Roots                60 us, workers (us):   9,  11,  10,  10,   3,  17, 
[119.721s][info][gc,stats       ]     DSM: VM Strong Roots              4 us, workers (us):   2,   0,   1,   0,   0,   0, 
[119.721s][info][gc,stats       ]     DSM: CLDG Roots                  46 us, workers (us):   0,   0,   0,   0,  45,   0, 
[119.721s][info][gc,stats       ]     DSM: Parallel Mark             3069 us, workers (us): 521, 523, 519, 516, 479, 512, 
[119.721s][info][gc,stats       ]     System Purge                    225 us
[119.721s][info][gc,stats       ]       Weak References                86 us, parallelism: 0.08x
[119.721s][info][gc,stats       ]         WRP: <total>                  7 us
[119.721s][info][gc,stats       ]         WRP: Weak References          7 us, workers (us):   6,   1,   0,   0,   0,   0, 
[119.721s][info][gc,stats       ]       Unload Classes                104 us, parallelism: 3.47x
[119.721s][info][gc,stats       ]         DCU: <total>                362 us
[119.721s][info][gc,stats       ]         DCU: Unload Code Caches      362 us, workers (us):  65,  59,  60,  76,  51,  51, 
[119.721s][info][gc,stats       ]       Weak Roots                     33 us, parallelism: 2.30x
[119.721s][info][gc,stats       ]         DWR: <total>                 76 us
[119.721s][info][gc,stats       ]         DWR: VM Weak Roots           76 us, workers (us):  15,  15,  15,  11,  10,  10, 
[119.721s][info][gc,stats       ]       CLDG                            0 us
[119.721s][info][gc,stats       ]   Update Region States               30 us
[119.721s][info][gc,stats       ]   Manage GC/TLABs                     3 us
[119.721s][info][gc,stats       ]   Choose Collection Set              45 us
[119.721s][info][gc,stats       ]   Rebuild Free Set                   11 us
[119.721s][info][gc,stats       ]   Cleanup                            11 us
[119.721s][info][gc,stats       ] Pacing                            47300 us
[119.721s][info][gc,stats       ] 
[119.721s][info][gc,stats       ] Allocation pacing accrued:
[119.722s][info][gc,stats       ]      47 of  2883 ms (  1.6%): main
[119.722s][info][gc,stats       ]      47 of  2883 ms (  1.6%): <total>
[119.722s][info][gc,stats       ]       4 of  2883 ms (  0.1%): <average total>
[119.722s][info][gc,stats       ]      47 of  2883 ms (  1.6%): <average non-zero>
[119.722s][info][gc,stats       ] 
[119.722s][info][gc,metaspace   ] Metaspace: 1071K(1280K)->1071K(1280K) NonClass: 989K(1088K)->989K(1088K) Class: 81K(192K)->81K(192K)
[119.722s][info][gc,ergo        ] Pacer for Idle. Initial: 10485K, Alloc Tax Rate: 1.0x
[121.047s][info][gc             ] Trigger: Average GC time (3.97 ms) is above the time for average allocation rate (141 MB/s) to deplete free headroom (0B) (margin of error = 2.73)
[121.047s][info][gc,ergo        ] Free headroom: 183M (free) - 26214K (spike) - 174M (penalties) = 0B
[121.047s][info][gc,ergo        ] Free: 183M, Max: 256K regular, 136M humongous, Frag: 26% external, 0% internal; Reserve: 26368K, Max: 256K
[121.047s][info][gc,start       ] GC(71) Concurrent reset
[121.047s][info][gc,task        ] GC(71) Using 3 of 6 workers for concurrent reset
[121.047s][info][gc,ergo        ] GC(71) Pacer for Reset. Non-Taxable: 512M
[121.047s][info][gc             ] GC(71) Concurrent reset 0.230ms
[121.047s][info][gc,start       ] GC(71) Pause Init Mark (unload classes)
[121.047s][info][gc,task        ] GC(71) Using 6 of 6 workers for init marking
[121.047s][info][gc,ergo        ] GC(71) Pacer for Mark. Expected Live: 182M, Free: 183M, Non-Taxable: 18765K, Alloc Tax Rate: 1.2x
[121.047s][info][gc             ] GC(71) Pause Init Mark (unload classes) 0.076ms
[121.047s][info][gc,start       ] GC(71) Concurrent marking roots
[121.047s][info][gc,task        ] GC(71) Using 3 of 6 workers for concurrent marking roots
[121.048s][info][gc             ] GC(71) Concurrent marking roots 0.251ms
[121.048s][info][gc,start       ] GC(71) Concurrent marking (unload classes)
[121.048s][info][gc,task        ] GC(71) Using 3 of 6 workers for concurrent marking
[121.048s][info][gc             ] GC(71) Concurrent marking (unload classes) 0.645ms
[121.048s][info][gc,start       ] GC(71) Pause Final Mark (unload classes)
[121.048s][info][gc,task        ] GC(71) Using 6 of 6 workers for final marking
[121.048s][info][gc,ergo        ] GC(71) Collectable Garbage: 217M (99%), Immediate: 217M (99%), CSet: 0B (0%)
[121.048s][info][gc             ] GC(71) Pause Final Mark (unload classes) 0.127ms
[121.049s][info][gc,start       ] GC(71) Concurrent weak references
[121.049s][info][gc,task        ] GC(71) Using 3 of 6 workers for concurrent weak references
[121.049s][info][gc,ref         ] GC(71) Encountered references: Soft: 45, Weak: 116, Final: 0, Phantom: 7
[121.049s][info][gc,ref         ] GC(71) Discovered  references: Soft: 0, Weak: 95, Final: 0, Phantom: 5
[121.049s][info][gc,ref         ] GC(71) Enqueued    references: Soft: 0, Weak: 0, Final: 0, Phantom: 0
[121.049s][info][gc             ] GC(71) Concurrent weak references 0.088ms
[121.049s][info][gc,start       ] GC(71) Concurrent weak roots
[121.049s][info][gc,task        ] GC(71) Using 3 of 6 workers for concurrent weak root
[121.049s][info][gc             ] GC(71) Concurrent weak roots 0.122ms
[121.049s][info][gc,start       ] GC(71) Concurrent cleanup
[121.049s][info][gc             ] GC(71) Concurrent cleanup 298M->81M(512M) 0.050ms
[121.049s][info][gc,ergo        ] GC(71) Free: 403M, Max: 256K regular, 150M humongous, Frag: 63% external, 0% internal; Reserve: 26368K, Max: 256K
[121.049s][info][gc,start       ] GC(71) Concurrent class unloading
[121.049s][info][gc,task        ] GC(71) Using 3 of 6 workers for concurrent class unloading
[121.049s][info][gc             ] GC(71) Concurrent class unloading 0.242ms
[121.049s][info][gc,start       ] GC(71) Pause Final Roots
[121.049s][info][gc             ] GC(71) Pause Final Roots 0.018ms
[121.049s][info][gc,ergo        ] Free: 403M, Max: 256K regular, 150M humongous, Frag: 63% external, 0% internal; Reserve: 26368K, Max: 256K
[121.049s][info][gc,stats       ] 
[121.049s][info][gc,stats       ] All times are wall-clock times, except per-root-class counters, that are sum over
[121.049s][info][gc,stats       ] all workers. Dividing the <total> over the root stage time estimates parallelism.
[121.049s][info][gc,stats       ] 
[121.049s][info][gc,stats       ] Concurrent Reset                    251 us
[121.049s][info][gc,stats       ] Pause Init Mark (G)                 121 us
[121.049s][info][gc,stats       ] Pause Init Mark (N)                  87 us
[121.049s][info][gc,stats       ]   Update Region States               26 us
[121.049s][info][gc,stats       ] Concurrent Mark Roots               266 us, parallelism: 1.26x
[121.049s][info][gc,stats       ]   CMR: <total>                      337 us
[121.049s][info][gc,stats       ]   CMR: Thread Roots                 301 us, workers (us):  35, 194,  73, ---, ---, ---, 
[121.049s][info][gc,stats       ]   CMR: VM Strong Roots                6 us, workers (us):   1,   3,   2, ---, ---, ---, 
[121.049s][info][gc,stats       ]   CMR: CLDG Roots                    30 us, workers (us):  30, ---, ---, ---, ---, ---, 
[121.049s][info][gc,stats       ] Concurrent Marking                  662 us
[121.049s][info][gc,stats       ] Pause Final Mark (G)                173 us
[121.049s][info][gc,stats       ] Pause Final Mark (N)                136 us
[121.049s][info][gc,stats       ]   Finish Mark                        24 us
[121.049s][info][gc,stats       ]   Update Region States               33 us
[121.049s][info][gc,stats       ]   Choose Collection Set              33 us
[121.049s][info][gc,stats       ]   Rebuild Free Set                    8 us
[121.049s][info][gc,stats       ] Concurrent Weak References           96 us, parallelism: 0.06x
[121.049s][info][gc,stats       ]   CWRF: <total>                       6 us
[121.049s][info][gc,stats       ]   CWRF: Weak References               6 us, workers (us):   4,   1,   0, ---, ---, ---, 
[121.049s][info][gc,stats       ] Concurrent Weak Roots               139 us
[121.049s][info][gc,stats       ]   Roots                              77 us, parallelism: 1.40x
[121.049s][info][gc,stats       ]     CWR: <total>                    108 us
[121.049s][info][gc,stats       ]     CWR: Code Cache Roots            63 us, workers (us):   0,  23,  40, ---, ---, ---, 
[121.049s][info][gc,stats       ]     CWR: VM Weak Roots               45 us, workers (us):  16,  15,  14, ---, ---, ---, 
[121.049s][info][gc,stats       ]     CWR: CLDG Roots                   1 us, workers (us):   1, ---, ---, ---, ---, ---, 
[121.049s][info][gc,stats       ]   Rendezvous                         28 us
[121.049s][info][gc,stats       ] Concurrent Cleanup                   61 us
[121.049s][info][gc,stats       ] Concurrent Class Unloading          257 us
[121.049s][info][gc,stats       ]   Unlink Stale                      173 us
[121.049s][info][gc,stats       ]     System Dictionary                 1 us
[121.049s][info][gc,stats       ]     Weak Class Links                  0 us
[121.049s][info][gc,stats       ]     Code Roots                      171 us
[121.050s][info][gc,stats       ]   Rendezvous                         25 us
[121.050s][info][gc,stats       ]   Purge Unlinked                     27 us
[121.050s][info][gc,stats       ]     Code Roots                       24 us
[121.050s][info][gc,stats       ]     CLDG                              3 us
[121.050s][info][gc,stats       ]     Exception Caches                  0 us
[121.050s][info][gc,stats       ] Pause Final Roots (G)                50 us
[121.050s][info][gc,stats       ] Pause Final Roots (N)                27 us
[121.050s][info][gc,stats       ] 
[121.050s][info][gc,stats       ] Allocation pacing accrued:
[121.050s][info][gc,stats       ]       0 of  1328 ms (  0.0%): <total>
[121.050s][info][gc,stats       ]       0 of  1328 ms (  0.0%): <average total>
[121.050s][info][gc,stats       ] 
[121.050s][info][gc,metaspace   ] Metaspace: 1071K(1280K)->1071K(1280K) NonClass: 989K(1088K)->989K(1088K) Class: 81K(192K)->81K(192K)
[121.050s][info][gc,ergo        ] Pacer for Idle. Initial: 10485K, Alloc Tax Rate: 1.0x
[122.635s][info][gc             ] Trigger: Average GC time (3.54 ms) is above the time for average allocation rate (235 MB/s) to deplete free headroom (0B) (margin of error = 2.72)
[122.635s][info][gc,ergo        ] Free headroom: 129M (free) - 26214K (spike) - 168M (penalties) = 0B
[122.635s][info][gc,ergo        ] Free: 129M, Max: 256K regular, 51456K humongous, Frag: 62% external, 0% internal; Reserve: 26368K, Max: 256K
[122.635s][info][gc,start       ] GC(72) Concurrent reset
[122.635s][info][gc,task        ] GC(72) Using 3 of 6 workers for concurrent reset
[122.635s][info][gc,ergo        ] GC(72) Pacer for Reset. Non-Taxable: 512M
[122.635s][info][gc             ] GC(72) Concurrent reset 0.187ms
[122.635s][info][gc,start       ] GC(72) Pause Init Mark (unload classes)
[122.635s][info][gc,task        ] GC(72) Using 6 of 6 workers for init marking
[122.635s][info][gc,ergo        ] GC(72) Pacer for Mark. Expected Live: 180M, Free: 129M, Non-Taxable: 13210K, Alloc Tax Rate: 1.7x
[122.635s][info][gc             ] GC(72) Pause Init Mark (unload classes) 0.122ms
[122.635s][info][gc,start       ] GC(72) Concurrent marking roots
[122.635s][info][gc,task        ] GC(72) Using 3 of 6 workers for concurrent marking roots
[122.635s][info][gc             ] GC(72) Concurrent marking roots 0.322ms
[122.635s][info][gc,start       ] GC(72) Concurrent marking (unload classes)
[122.635s][info][gc,task        ] GC(72) Using 3 of 6 workers for concurrent marking
[122.636s][info][gc             ] GC(72) Concurrent marking (unload classes) 0.920ms
[122.636s][info][gc,start       ] GC(72) Pause Final Mark (unload classes)
[122.636s][info][gc,task        ] GC(72) Using 6 of 6 workers for final marking
[122.637s][info][gc,ergo        ] GC(72) Collectable Garbage: 252M (99%), Immediate: 252M (99%), CSet: 0B (0%)
[122.637s][info][gc             ] GC(72) Pause Final Mark (unload classes) 0.178ms
[122.637s][info][gc,start       ] GC(72) Concurrent weak references
[122.637s][info][gc,task        ] GC(72) Using 3 of 6 workers for concurrent weak references
[122.637s][info][gc,ref         ] GC(72) Encountered references: Soft: 45, Weak: 116, Final: 0, Phantom: 7
[122.637s][info][gc,ref         ] GC(72) Discovered  references: Soft: 0, Weak: 68, Final: 0, Phantom: 5
[122.637s][info][gc,ref         ] GC(72) Enqueued    references: Soft: 0, Weak: 0, Final: 0, Phantom: 0
[122.637s][info][gc             ] GC(72) Concurrent weak references 0.088ms
[122.637s][info][gc,start       ] GC(72) Concurrent weak roots
[122.637s][info][gc,task        ] GC(72) Using 3 of 6 workers for concurrent weak root
[122.637s][info][gc             ] GC(72) Concurrent weak roots 0.133ms
[122.637s][info][gc,start       ] GC(72) Concurrent cleanup
[122.637s][info][gc             ] GC(72) Concurrent cleanup 353M->101M(512M) 0.067ms
[122.637s][info][gc,ergo        ] GC(72) Free: 384M, Max: 256K regular, 347M humongous, Frag: 10% external, 0% internal; Reserve: 26368K, Max: 256K
[122.637s][info][gc,start       ] GC(72) Concurrent class unloading
[122.637s][info][gc,task        ] GC(72) Using 3 of 6 workers for concurrent class unloading
[122.637s][info][gc             ] GC(72) Concurrent class unloading 0.257ms
[122.637s][info][gc,start       ] GC(72) Pause Final Roots
[122.637s][info][gc             ] GC(72) Pause Final Roots 0.019ms
[122.637s][info][gc,ergo        ] Free: 384M, Max: 256K regular, 347M humongous, Frag: 10% external, 0% internal; Reserve: 26368K, Max: 256K
[122.637s][info][gc,stats       ] 
[122.637s][info][gc,stats       ] All times are wall-clock times, except per-root-class counters, that are sum over
[122.637s][info][gc,stats       ] all workers. Dividing the <total> over the root stage time estimates parallelism.
[122.637s][info][gc,stats       ] 
[122.637s][info][gc,stats       ] Concurrent Reset                    208 us
[122.637s][info][gc,stats       ] Pause Init Mark (G)                 173 us
[122.637s][info][gc,stats       ] Pause Init Mark (N)                 138 us
[122.637s][info][gc,stats       ]   Update Region States               22 us
[122.637s][info][gc,stats       ] Concurrent Mark Roots               342 us, parallelism: 1.27x
[122.637s][info][gc,stats       ]   CMR: <total>                      433 us
[122.637s][info][gc,stats       ]   CMR: Thread Roots                 385 us, workers (us): 217,  78,  90, ---, ---, ---, 
[122.637s][info][gc,stats       ]   CMR: VM Strong Roots                5 us, workers (us):   3,   2,   0, ---, ---, ---, 
[122.637s][info][gc,stats       ]   CMR: CLDG Roots                    43 us, workers (us):  43, ---, ---, ---, ---, ---, 
[122.637s][info][gc,stats       ] Concurrent Marking                  945 us
[122.637s][info][gc,stats       ] Pause Final Mark (G)                226 us
[122.637s][info][gc,stats       ] Pause Final Mark (N)                192 us
[122.637s][info][gc,stats       ]   Finish Mark                        48 us
[122.637s][info][gc,stats       ]   Update Region States               30 us
[122.638s][info][gc,stats       ]   Choose Collection Set              47 us
[122.638s][info][gc,stats       ]   Rebuild Free Set                   12 us
[122.638s][info][gc,stats       ] Concurrent Weak References           96 us, parallelism: 0.07x
[122.638s][info][gc,stats       ]   CWRF: <total>                       7 us
[122.638s][info][gc,stats       ]   CWRF: Weak References               7 us, workers (us):   5,   1,   1, ---, ---, ---, 
[122.638s][info][gc,stats       ] Concurrent Weak Roots               153 us
[122.638s][info][gc,stats       ]   Roots                              86 us, parallelism: 1.44x
[122.638s][info][gc,stats       ]     CWR: <total>                    124 us
[122.638s][info][gc,stats       ]     CWR: Code Cache Roots            65 us, workers (us):   0,  41,  24, ---, ---, ---, 
[122.638s][info][gc,stats       ]     CWR: VM Weak Roots               58 us, workers (us):  21,  19,  18, ---, ---, ---, 
[122.638s][info][gc,stats       ]     CWR: CLDG Roots                   1 us, workers (us):   1, ---, ---, ---, ---, ---, 
[122.638s][info][gc,stats       ]   Rendezvous                         30 us
[122.638s][info][gc,stats       ] Concurrent Cleanup                   79 us
[122.638s][info][gc,stats       ] Concurrent Class Unloading          271 us
[122.638s][info][gc,stats       ]   Unlink Stale                      180 us
[122.638s][info][gc,stats       ]     System Dictionary                 2 us
[122.638s][info][gc,stats       ]     Weak Class Links                  0 us
[122.638s][info][gc,stats       ]     Code Roots                      177 us
[122.638s][info][gc,stats       ]   Rendezvous                         27 us
[122.638s][info][gc,stats       ]   Purge Unlinked                     30 us
[122.638s][info][gc,stats       ]     Code Roots                       27 us
[122.638s][info][gc,stats       ]     CLDG                              3 us
[122.638s][info][gc,stats       ]     Exception Caches                  0 us
[122.638s][info][gc,stats       ] Pause Final Roots (G)                52 us
[122.638s][info][gc,stats       ] Pause Final Roots (N)                28 us
[122.638s][info][gc,stats       ] Pacing                            58221 us
[122.638s][info][gc,stats       ] 
[122.638s][info][gc,stats       ] Allocation pacing accrued:
[122.638s][info][gc,stats       ]      58 of  1588 ms (  3.7%): main
[122.638s][info][gc,stats       ]      58 of  1588 ms (  3.7%): <total>
[122.638s][info][gc,stats       ]       4 of  1588 ms (  0.3%): <average total>
[122.638s][info][gc,stats       ]      58 of  1588 ms (  3.7%): <average non-zero>
[122.638s][info][gc,stats       ] 
[122.638s][info][gc,metaspace   ] Metaspace: 1071K(1280K)->1071K(1280K) NonClass: 989K(1088K)->989K(1088K) Class: 81K(192K)->81K(192K)
[122.638s][info][gc,ergo        ] Pacer for Idle. Initial: 10485K, Alloc Tax Rate: 1.0x
[124.084s][info][gc             ] Trigger: Average GC time (3.35 ms) is above the time for average allocation rate (274 MB/s) to deplete free headroom (0B) (margin of error = 2.72)
[124.084s][info][gc,ergo        ] Free headroom: 158M (free) - 26214K (spike) - 163M (penalties) = 0B
[124.084s][info][gc,ergo        ] Free: 158M, Max: 256K regular, 121M humongous, Frag: 24% external, 0% internal; Reserve: 26368K, Max: 256K
[124.084s][info][gc,start       ] GC(73) Concurrent reset
[124.084s][info][gc,task        ] GC(73) Using 3 of 6 workers for concurrent reset
[124.084s][info][gc,ergo        ] GC(73) Pacer for Reset. Non-Taxable: 512M
[124.084s][info][gc             ] GC(73) Concurrent reset 0.276ms
[124.100s][info][gc,start       ] GC(73) Pause Init Mark (unload classes)
[124.100s][info][gc,task        ] GC(73) Using 6 of 6 workers for init marking
[124.100s][info][gc,ergo        ] GC(73) Pacer for Mark. Expected Live: 170M, Free: 158M, Non-Taxable: 16257K, Alloc Tax Rate: 1.3x
[124.100s][info][gc             ] GC(73) Pause Init Mark (unload classes) 0.141ms
[124.100s][info][gc,start       ] GC(73) Concurrent marking roots
[124.100s][info][gc,task        ] GC(73) Using 3 of 6 workers for concurrent marking roots
[124.100s][info][gc             ] GC(73) Concurrent marking roots 0.315ms
[124.100s][info][gc,start       ] GC(73) Concurrent marking (unload classes)
[124.100s][info][gc,task        ] GC(73) Using 3 of 6 workers for concurrent marking
[124.101s][info][gc             ] GC(73) Concurrent marking (unload classes) 1.014ms
[124.101s][info][gc,start       ] GC(73) Pause Final Mark (unload classes)
[124.101s][info][gc,task        ] GC(73) Using 6 of 6 workers for final marking
[124.101s][info][gc,ergo        ] GC(73) Collectable Garbage: 68864K (99%), Immediate: 68864K (99%), CSet: 0B (0%)
[124.101s][info][gc             ] GC(73) Pause Final Mark (unload classes) 0.152ms
[124.101s][info][gc,start       ] GC(73) Concurrent weak references
[124.101s][info][gc,task        ] GC(73) Using 3 of 6 workers for concurrent weak references
[124.101s][info][gc,ref         ] GC(73) Encountered references: Soft: 45, Weak: 116, Final: 0, Phantom: 7
[124.101s][info][gc,ref         ] GC(73) Discovered  references: Soft: 0, Weak: 68, Final: 0, Phantom: 5
[124.101s][info][gc,ref         ] GC(73) Enqueued    references: Soft: 0, Weak: 0, Final: 0, Phantom: 0
[124.101s][info][gc             ] GC(73) Concurrent weak references 0.094ms
[124.101s][info][gc,start       ] GC(73) Concurrent weak roots
[124.101s][info][gc,task        ] GC(73) Using 3 of 6 workers for concurrent weak root
[124.102s][info][gc             ] GC(73) Concurrent weak roots 0.156ms
[124.102s][info][gc,start       ] GC(73) Concurrent cleanup
[124.102s][info][gc             ] GC(73) Concurrent cleanup 324M->256M(512M) 0.028ms
[124.102s][info][gc,ergo        ] GC(73) Free: 228M, Max: 256K regular, 121M humongous, Frag: 47% external, 0% internal; Reserve: 26368K, Max: 256K
[124.102s][info][gc,start       ] GC(73) Concurrent class unloading
[124.102s][info][gc,task        ] GC(73) Using 3 of 6 workers for concurrent class unloading
[124.102s][info][gc             ] GC(73) Concurrent class unloading 0.273ms
[124.102s][info][gc,start       ] GC(73) Pause Final Roots
[124.102s][info][gc             ] GC(73) Pause Final Roots 0.023ms
[124.102s][info][gc,ergo        ] Free: 228M, Max: 256K regular, 121M humongous, Frag: 47% external, 0% internal; Reserve: 26368K, Max: 256K
[124.102s][info][gc,stats       ] 
[124.102s][info][gc,stats       ] All times are wall-clock times, except per-root-class counters, that are sum over
[124.102s][info][gc,stats       ] all workers. Dividing the <total> over the root stage time estimates parallelism.
[124.102s][info][gc,stats       ] 
[124.102s][info][gc,stats       ] Concurrent Reset                    313 us
[124.102s][info][gc,stats       ] Pause Init Mark (G)               15351 us
[124.102s][info][gc,stats       ] Pause Init Mark (N)                 155 us
[124.102s][info][gc,stats       ]   Update Region States               40 us
[124.102s][info][gc,stats       ] Concurrent Mark Roots               336 us, parallelism: 1.18x
[124.102s][info][gc,stats       ]   CMR: <total>                      395 us
[124.102s][info][gc,stats       ]   CMR: Thread Roots                 339 us, workers (us):  79, 213,  46, ---, ---, ---, 
[124.102s][info][gc,stats       ]   CMR: VM Strong Roots               16 us, workers (us):   2,   2,  12, ---, ---, ---, 
[124.102s][info][gc,stats       ]   CMR: CLDG Roots                    41 us, workers (us): ---,  41, ---, ---, ---, ---, 
[124.102s][info][gc,stats       ] Concurrent Marking                 1036 us
[124.102s][info][gc,stats       ] Pause Final Mark (G)                214 us
[124.102s][info][gc,stats       ] Pause Final Mark (N)                166 us
[124.102s][info][gc,stats       ]   Finish Mark                        25 us
[124.102s][info][gc,stats       ]   Update Region States               37 us
[124.102s][info][gc,stats       ]   Choose Collection Set              40 us
[124.102s][info][gc,stats       ]   Rebuild Free Set                   11 us
[124.102s][info][gc,stats       ] Concurrent Weak References          105 us, parallelism: 0.05x
[124.102s][info][gc,stats       ]   CWRF: <total>                       5 us
[124.102s][info][gc,stats       ]   CWRF: Weak References               5 us, workers (us):   5,   1,   0, ---, ---, ---, 
[124.102s][info][gc,stats       ] Concurrent Weak Roots               172 us
[124.102s][info][gc,stats       ]   Roots                             105 us, parallelism: 1.28x
[124.102s][info][gc,stats       ]     CWR: <total>                    134 us
[124.102s][info][gc,stats       ]     CWR: Code Cache Roots            66 us, workers (us):  44,   0,  21, ---, ---, ---, 
[124.102s][info][gc,stats       ]     CWR: VM Weak Roots               67 us, workers (us):   2,  35,  31, ---, ---, ---, 
[124.102s][info][gc,stats       ]     CWR: CLDG Roots                   1 us, workers (us): ---, ---,   1, ---, ---, ---, 
[124.102s][info][gc,stats       ]   Rendezvous                         29 us
[124.102s][info][gc,stats       ] Concurrent Cleanup                   38 us
[124.102s][info][gc,stats       ] Concurrent Class Unloading          290 us
[124.102s][info][gc,stats       ]   Unlink Stale                      196 us
[124.102s][info][gc,stats       ]     System Dictionary                 1 us
[124.102s][info][gc,stats       ]     Weak Class Links                  0 us
[124.102s][info][gc,stats       ]     Code Roots                      194 us
[124.102s][info][gc,stats       ]   Rendezvous                         30 us
[124.102s][info][gc,stats       ]   Purge Unlinked                     30 us
[124.102s][info][gc,stats       ]     Code Roots                       26 us
[124.102s][info][gc,stats       ]     CLDG                              4 us
[124.102s][info][gc,stats       ]     Exception Caches                  0 us
[124.102s][info][gc,stats       ] Pause Final Roots (G)                61 us
[124.102s][info][gc,stats       ] Pause Final Roots (N)                34 us
[124.103s][info][gc,stats       ] Pacing                            45595 us
[124.103s][info][gc,stats       ] 
[124.103s][info][gc,stats       ] Allocation pacing accrued:
[124.103s][info][gc,stats       ]      46 of  1465 ms (  3.1%): main
[124.103s][info][gc,stats       ]      46 of  1465 ms (  3.1%): <total>
[124.103s][info][gc,stats       ]       4 of  1465 ms (  0.2%): <average total>
[124.103s][info][gc,stats       ]      46 of  1465 ms (  3.1%): <average non-zero>
[124.103s][info][gc,stats       ] 
[124.103s][info][gc,metaspace   ] Metaspace: 1071K(1280K)->1071K(1280K) NonClass: 989K(1088K)->989K(1088K) Class: 81K(192K)->81K(192K)
[124.103s][info][gc,ergo        ] Pacer for Idle. Initial: 10485K, Alloc Tax Rate: 1.0x
[125.096s][info][gc             ] Trigger: Average GC time (31.41 ms) is above the time for average allocation rate (56255 KB/s) to deplete free headroom (0B) (margin of error = 2.74)
[125.096s][info][gc,ergo        ] Free headroom: 184M (free) - 26214K (spike) - 158M (penalties) = 0B
[125.096s][info][gc,ergo        ] Free: 184M, Max: 256K regular, 121M humongous, Frag: 34% external, 0% internal; Reserve: 26368K, Max: 256K
[125.096s][info][gc,start       ] GC(74) Concurrent reset
[125.096s][info][gc,task        ] GC(74) Using 3 of 6 workers for concurrent reset
[125.096s][info][gc,ergo        ] GC(74) Pacer for Reset. Non-Taxable: 512M
[125.096s][info][gc             ] GC(74) Concurrent reset 0.315ms
[125.096s][info][gc,start       ] GC(74) Pause Init Mark (unload classes)
[125.096s][info][gc,task        ] GC(74) Using 6 of 6 workers for init marking
[125.097s][info][gc,ergo        ] GC(74) Pacer for Mark. Expected Live: 190M, Free: 184M, Non-Taxable: 18842K, Alloc Tax Rate: 1.3x
[125.097s][info][gc             ] GC(74) Pause Init Mark (unload classes) 0.150ms
[125.097s][info][gc,start       ] GC(74) Concurrent marking roots
[125.097s][info][gc,task        ] GC(74) Using 3 of 6 workers for concurrent marking roots
[125.097s][info][gc             ] GC(74) Concurrent marking roots 0.282ms
[125.097s][info][gc,start       ] GC(74) Concurrent marking (unload classes)
[125.097s][info][gc,task        ] GC(74) Using 3 of 6 workers for concurrent marking
[125.098s][info][gc             ] GC(74) Concurrent marking (unload classes) 0.754ms
[125.098s][info][gc,start       ] GC(74) Pause Final Mark (unload classes)
[125.098s][info][gc,task        ] GC(74) Using 6 of 6 workers for final marking
[125.098s][info][gc,ergo        ] GC(74) Collectable Garbage: 176M (99%), Immediate: 176M (99%), CSet: 0B (0%)
[125.098s][info][gc             ] GC(74) Pause Final Mark (unload classes) 0.288ms
[125.098s][info][gc,start       ] GC(74) Concurrent weak references
[125.098s][info][gc,task        ] GC(74) Using 3 of 6 workers for concurrent weak references
[125.098s][info][gc,ref         ] GC(74) Encountered references: Soft: 45, Weak: 116, Final: 0, Phantom: 7
[125.098s][info][gc,ref         ] GC(74) Discovered  references: Soft: 0, Weak: 84, Final: 0, Phantom: 5
[125.098s][info][gc,ref         ] GC(74) Enqueued    references: Soft: 0, Weak: 0, Final: 0, Phantom: 0
[125.098s][info][gc             ] GC(74) Concurrent weak references 0.108ms
[125.098s][info][gc,start       ] GC(74) Concurrent weak roots
[125.098s][info][gc,task        ] GC(74) Using 3 of 6 workers for concurrent weak root
[125.098s][info][gc             ] GC(74) Concurrent weak roots 0.169ms
[125.098s][info][gc,start       ] GC(74) Concurrent cleanup
[125.098s][info][gc             ] GC(74) Concurrent cleanup 298M->122M(512M) 0.042ms
[125.098s][info][gc,ergo        ] GC(74) Free: 362M, Max: 256K regular, 297M humongous, Frag: 18% external, 0% internal; Reserve: 26368K, Max: 256K
[125.098s][info][gc,start       ] GC(74) Concurrent class unloading
[125.098s][info][gc,task        ] GC(74) Using 3 of 6 workers for concurrent class unloading
[125.099s][info][gc             ] GC(74) Concurrent class unloading 0.273ms
[125.099s][info][gc,start       ] GC(74) Pause Final Roots
[125.099s][info][gc             ] GC(74) Pause Final Roots 0.019ms
[125.099s][info][gc,ergo        ] Free: 362M, Max: 256K regular, 297M humongous, Frag: 18% external, 0% internal; Reserve: 26368K, Max: 256K
[125.099s][info][gc,stats       ] 
[125.099s][info][gc,stats       ] All times are wall-clock times, except per-root-class counters, that are sum over
[125.099s][info][gc,stats       ] all workers. Dividing the <total> over the root stage time estimates parallelism.
[125.099s][info][gc,stats       ] 
[125.099s][info][gc,stats       ] Concurrent Reset                    336 us
[125.099s][info][gc,stats       ] Pause Init Mark (G)                 236 us
[125.099s][info][gc,stats       ] Pause Init Mark (N)                 159 us
[125.099s][info][gc,stats       ]   Update Region States               97 us
[125.099s][info][gc,stats       ] Concurrent Mark Roots               296 us, parallelism: 1.11x
[125.099s][info][gc,stats       ]   CMR: <total>                      329 us
[125.099s][info][gc,stats       ]   CMR: Thread Roots                 291 us, workers (us): 191,  66,  34, ---, ---, ---, 
[125.099s][info][gc,stats       ]   CMR: VM Strong Roots                5 us, workers (us):   2,   2,   1, ---, ---, ---, 
[125.099s][info][gc,stats       ]   CMR: CLDG Roots                    32 us, workers (us): ---, ---,  32, ---, ---, ---, 
[125.099s][info][gc,stats       ] Concurrent Marking                  769 us
[125.099s][info][gc,stats       ] Pause Final Mark (G)                400 us
[125.099s][info][gc,stats       ] Pause Final Mark (N)                298 us
[125.099s][info][gc,stats       ]   Finish Mark                       129 us
[125.099s][info][gc,stats       ]   Update Region States               82 us
[125.099s][info][gc,stats       ]   Choose Collection Set              38 us
[125.099s][info][gc,stats       ]   Rebuild Free Set                    8 us
[125.099s][info][gc,stats       ] Concurrent Weak References          116 us, parallelism: 0.04x
[125.099s][info][gc,stats       ]   CWRF: <total>                       4 us
[125.099s][info][gc,stats       ]   CWRF: Weak References               4 us, workers (us):   4,   0,   0, ---, ---, ---, 
[125.099s][info][gc,stats       ] Concurrent Weak Roots               182 us
[125.099s][info][gc,stats       ]   Roots                              94 us, parallelism: 0.97x
[125.099s][info][gc,stats       ]     CWR: <total>                     92 us
[125.099s][info][gc,stats       ]     CWR: Code Cache Roots            50 us, workers (us):  35,  15,   0, ---, ---, ---, 
[125.099s][info][gc,stats       ]     CWR: VM Weak Roots               41 us, workers (us):  36,   3,   2, ---, ---, ---, 
[125.099s][info][gc,stats       ]     CWR: CLDG Roots                   1 us, workers (us): ---, ---,   1, ---, ---, ---, 
[125.099s][info][gc,stats       ]   Rendezvous                         58 us
[125.099s][info][gc,stats       ] Concurrent Cleanup                   59 us
[125.099s][info][gc,stats       ] Concurrent Class Unloading          286 us
[125.099s][info][gc,stats       ]   Unlink Stale                      144 us
[125.099s][info][gc,stats       ]     System Dictionary                 1 us
[125.099s][info][gc,stats       ]     Weak Class Links                  0 us
[125.099s][info][gc,stats       ]     Code Roots                      142 us
[125.099s][info][gc,stats       ]   Rendezvous                         56 us
[125.099s][info][gc,stats       ]   Purge Unlinked                     56 us
[125.099s][info][gc,stats       ]     Code Roots                       54 us
[125.099s][info][gc,stats       ]     CLDG                              2 us
[125.099s][info][gc,stats       ]     Exception Caches                  0 us
[125.099s][info][gc,stats       ] Pause Final Roots (G)                77 us
[125.099s][info][gc,stats       ] Pause Final Roots (N)                28 us
[125.099s][info][gc,stats       ] 
[125.099s][info][gc,stats       ] Allocation pacing accrued:
[125.099s][info][gc,stats       ]       0 of   997 ms (  0.0%): <total>
[125.099s][info][gc,stats       ]       0 of   997 ms (  0.0%): <average total>
[125.099s][info][gc,stats       ] 
[125.099s][info][gc,metaspace   ] Metaspace: 1071K(1280K)->1071K(1280K) NonClass: 989K(1088K)->989K(1088K) Class: 81K(192K)->81K(192K)
[125.099s][info][gc,ergo        ] Pacer for Idle. Initial: 10485K, Alloc Tax Rate: 1.0x
[125.592s][info][gc             ] Trigger: Average GC time (24.61 ms) is above the time for average allocation rate (295 MB/s) to deplete free headroom (1854K) (margin of error = 2.74)
[125.592s][info][gc,ergo        ] Free headroom: 181M (free) - 26214K (spike) - 153M (penalties) = 1854K
[125.592s][info][gc,ergo        ] Free: 181M, Max: 256K regular, 126M humongous, Frag: 30% external, 0% internal; Reserve: 26368K, Max: 256K
[125.592s][info][gc,start       ] GC(75) Concurrent reset
[125.592s][info][gc,task        ] GC(75) Using 3 of 6 workers for concurrent reset
[125.592s][info][gc,ergo        ] GC(75) Pacer for Reset. Non-Taxable: 512M
[125.592s][info][gc             ] GC(75) Concurrent reset 0.204ms
[125.593s][info][gc,start       ] GC(75) Pause Init Mark (unload classes)
[125.593s][info][gc,task        ] GC(75) Using 6 of 6 workers for init marking
[125.593s][info][gc,ergo        ] GC(75) Pacer for Mark. Expected Live: 151M, Free: 181M, Non-Taxable: 18535K, Alloc Tax Rate: 1.0x
[125.593s][info][gc             ] GC(75) Pause Init Mark (unload classes) 0.082ms
[125.593s][info][gc,start       ] GC(75) Concurrent marking roots
[125.593s][info][gc,task        ] GC(75) Using 3 of 6 workers for concurrent marking roots
[125.593s][info][gc             ] GC(75) Concurrent marking roots 0.307ms
[125.593s][info][gc,start       ] GC(75) Concurrent marking (unload classes)
[125.593s][info][gc,task        ] GC(75) Using 3 of 6 workers for concurrent marking
[125.594s][info][gc             ] GC(75) Concurrent marking (unload classes) 0.697ms
[125.594s][info][gc,start       ] GC(75) Pause Final Mark (unload classes)
[125.594s][info][gc,task        ] GC(75) Using 6 of 6 workers for final marking
[125.594s][info][gc,ergo        ] GC(75) Collectable Garbage: 92416K (99%), Immediate: 92416K (99%), CSet: 0B (0%)
[125.594s][info][gc             ] GC(75) Pause Final Mark (unload classes) 0.123ms
[125.594s][info][gc,start       ] GC(75) Concurrent weak references
[125.594s][info][gc,task        ] GC(75) Using 3 of 6 workers for concurrent weak references
[125.594s][info][gc,ref         ] GC(75) Encountered references: Soft: 45, Weak: 116, Final: 0, Phantom: 7
[125.594s][info][gc,ref         ] GC(75) Discovered  references: Soft: 0, Weak: 83, Final: 0, Phantom: 5
[125.594s][info][gc,ref         ] GC(75) Enqueued    references: Soft: 0, Weak: 0, Final: 0, Phantom: 0
[125.594s][info][gc             ] GC(75) Concurrent weak references 0.076ms
[125.594s][info][gc,start       ] GC(75) Concurrent weak roots
[125.594s][info][gc,task        ] GC(75) Using 3 of 6 workers for concurrent weak root
[125.594s][info][gc             ] GC(75) Concurrent weak roots 0.131ms
[125.594s][info][gc,start       ] GC(75) Concurrent cleanup
[125.594s][info][gc             ] GC(75) Concurrent cleanup 302M->212M(512M) 0.032ms
[125.594s][info][gc,ergo        ] GC(75) Free: 272M, Max: 256K regular, 126M humongous, Frag: 54% external, 0% internal; Reserve: 26368K, Max: 256K
[125.594s][info][gc,start       ] GC(75) Concurrent class unloading
[125.594s][info][gc,task        ] GC(75) Using 3 of 6 workers for concurrent class unloading
[125.594s][info][gc             ] GC(75) Concurrent class unloading 0.220ms
[125.594s][info][gc,start       ] GC(75) Pause Final Roots
[125.594s][info][gc             ] GC(75) Pause Final Roots 0.016ms
[125.594s][info][gc,ergo        ] Free: 272M, Max: 256K regular, 126M humongous, Frag: 54% external, 0% internal; Reserve: 26368K, Max: 256K
[125.594s][info][gc,stats       ] 
[125.594s][info][gc,stats       ] All times are wall-clock times, except per-root-class counters, that are sum over
[125.594s][info][gc,stats       ] all workers. Dividing the <total> over the root stage time estimates parallelism.
[125.594s][info][gc,stats       ] 
[125.594s][info][gc,stats       ] Concurrent Reset                    228 us
[125.594s][info][gc,stats       ] Pause Init Mark (G)                 135 us
[125.594s][info][gc,stats       ] Pause Init Mark (N)                  95 us
[125.594s][info][gc,stats       ]   Update Region States               32 us
[125.594s][info][gc,stats       ] Concurrent Mark Roots               326 us, parallelism: 1.31x
[125.595s][info][gc,stats       ]   CMR: <total>                      427 us
[125.595s][info][gc,stats       ]   CMR: Thread Roots                 369 us, workers (us):  44, 230,  95, ---, ---, ---, 
[125.595s][info][gc,stats       ]   CMR: VM Strong Roots               23 us, workers (us):   2,  21,   0, ---, ---, ---, 
[125.595s][info][gc,stats       ]   CMR: CLDG Roots                    35 us, workers (us):  35, ---, ---, ---, ---, ---, 
[125.595s][info][gc,stats       ] Concurrent Marking                  714 us
[125.595s][info][gc,stats       ] Pause Final Mark (G)                161 us
[125.595s][info][gc,stats       ] Pause Final Mark (N)                135 us
[125.595s][info][gc,stats       ]   Finish Mark                        25 us
[125.595s][info][gc,stats       ]   Update Region States               32 us
[125.595s][info][gc,stats       ]   Choose Collection Set              30 us
[125.595s][info][gc,stats       ]   Rebuild Free Set                    8 us
[125.595s][info][gc,stats       ] Concurrent Weak References           85 us, parallelism: 0.05x
[125.595s][info][gc,stats       ]   CWRF: <total>                       4 us
[125.595s][info][gc,stats       ]   CWRF: Weak References               4 us, workers (us):   3,   1,   0, ---, ---, ---, 
[125.595s][info][gc,stats       ] Concurrent Weak Roots               158 us
[125.595s][info][gc,stats       ]   Roots                              83 us, parallelism: 1.33x
[125.595s][info][gc,stats       ]     CWR: <total>                    110 us
[125.595s][info][gc,stats       ]     CWR: Code Cache Roots            57 us, workers (us):   0,  35,  22, ---, ---, ---, 
[125.595s][info][gc,stats       ]     CWR: VM Weak Roots               52 us, workers (us):  18,  17,  17, ---, ---, ---, 
[125.595s][info][gc,stats       ]     CWR: CLDG Roots                   1 us, workers (us):   1, ---, ---, ---, ---, ---, 
[125.595s][info][gc,stats       ]   Rendezvous                         31 us
[125.595s][info][gc,stats       ] Concurrent Cleanup                   42 us
[125.595s][info][gc,stats       ] Concurrent Class Unloading          235 us
[125.595s][info][gc,stats       ]   Unlink Stale                      150 us
[125.595s][info][gc,stats       ]     System Dictionary                 1 us
[125.595s][info][gc,stats       ]     Weak Class Links                  0 us
[125.595s][info][gc,stats       ]     Code Roots                      148 us
[125.595s][info][gc,stats       ]   Rendezvous                         26 us
[125.595s][info][gc,stats       ]   Purge Unlinked                     27 us
[125.595s][info][gc,stats       ]     Code Roots                       24 us
[125.595s][info][gc,stats       ]     CLDG                              3 us
[125.595s][info][gc,stats       ]     Exception Caches                  0 us
[125.595s][info][gc,stats       ] Pause Final Roots (G)                45 us
[125.595s][info][gc,stats       ] Pause Final Roots (N)                25 us
[125.595s][info][gc,stats       ] Pacing                            61749 us
[125.595s][info][gc,stats       ] 
[125.595s][info][gc,stats       ] Allocation pacing accrued:
[125.595s][info][gc,stats       ]      62 of   496 ms ( 12.5%): main
[125.595s][info][gc,stats       ]      62 of   496 ms ( 12.5%): <total>
[125.595s][info][gc,stats       ]       5 of   496 ms (  1.0%): <average total>
[125.595s][info][gc,stats       ]      62 of   496 ms ( 12.5%): <average non-zero>
[125.595s][info][gc,stats       ] 
[125.595s][info][gc,metaspace   ] Metaspace: 1071K(1280K)->1071K(1280K) NonClass: 989K(1088K)->989K(1088K) Class: 81K(192K)->81K(192K)
[125.595s][info][gc,ergo        ] Pacer for Idle. Initial: 10485K, Alloc Tax Rate: 1.0x
[126.924s][info][gc             ] Trigger: Average GC time (18.49 ms) is above the time for average allocation rate (122 MB/s) to deplete free headroom (0B) (margin of error = 2.75)
[126.924s][info][gc,ergo        ] Free headroom: 173M (free) - 26214K (spike) - 148M (penalties) = 0B
[126.925s][info][gc,ergo        ] Free: 173M, Max: 256K regular, 126M humongous, Frag: 27% external, 0% internal; Reserve: 26368K, Max: 256K
[126.925s][info][gc,start       ] GC(76) Concurrent reset
[126.925s][info][gc,task        ] GC(76) Using 3 of 6 workers for concurrent reset
[126.925s][info][gc,ergo        ] GC(76) Pacer for Reset. Non-Taxable: 512M
[126.925s][info][gc             ] GC(76) Concurrent reset 0.232ms
[126.925s][info][gc,start       ] GC(76) Pause Init Mark (unload classes)
[126.925s][info][gc,task        ] GC(76) Using 6 of 6 workers for init marking
[126.925s][info][gc,ergo        ] GC(76) Pacer for Mark. Expected Live: 154M, Free: 173M, Non-Taxable: 17741K, Alloc Tax Rate: 1.1x
[126.925s][info][gc             ] GC(76) Pause Init Mark (unload classes) 0.075ms
[126.925s][info][gc,start       ] GC(76) Concurrent marking roots
[126.925s][info][gc,task        ] GC(76) Using 3 of 6 workers for concurrent marking roots
[126.925s][info][gc             ] GC(76) Concurrent marking roots 0.250ms
[126.925s][info][gc,start       ] GC(76) Concurrent marking (unload classes)
[126.925s][info][gc,task        ] GC(76) Using 3 of 6 workers for concurrent marking
[126.926s][info][gc             ] GC(76) Concurrent marking (unload classes) 0.685ms
[126.926s][info][gc,start       ] GC(76) Pause Final Mark (unload classes)
[126.926s][info][gc,task        ] GC(76) Using 6 of 6 workers for final marking
[126.926s][info][gc,ergo        ] GC(76) Collectable Garbage: 248M (99%), Immediate: 248M (99%), CSet: 0B (0%)
[126.926s][info][gc             ] GC(76) Pause Final Mark (unload classes) 0.129ms
[126.926s][info][gc,start       ] GC(76) Concurrent weak references
[126.926s][info][gc,task        ] GC(76) Using 3 of 6 workers for concurrent weak references
[126.926s][info][gc,ref         ] GC(76) Encountered references: Soft: 45, Weak: 116, Final: 0, Phantom: 7
[126.926s][info][gc,ref         ] GC(76) Discovered  references: Soft: 0, Weak: 79, Final: 0, Phantom: 5
[126.926s][info][gc,ref         ] GC(76) Enqueued    references: Soft: 0, Weak: 0, Final: 0, Phantom: 0
[126.926s][info][gc             ] GC(76) Concurrent weak references 0.087ms
[126.926s][info][gc,start       ] GC(76) Concurrent weak roots
[126.926s][info][gc,task        ] GC(76) Using 3 of 6 workers for concurrent weak root
[126.926s][info][gc             ] GC(76) Concurrent weak roots 0.125ms
[126.926s][info][gc,start       ] GC(76) Concurrent cleanup
[126.926s][info][gc             ] GC(76) Concurrent cleanup 309M->61M(512M) 0.055ms
[126.926s][info][gc,ergo        ] GC(76) Free: 424M, Max: 256K regular, 363M humongous, Frag: 15% external, 0% internal; Reserve: 26368K, Max: 256K
[126.926s][info][gc,start       ] GC(76) Concurrent class unloading
[126.926s][info][gc,task        ] GC(76) Using 3 of 6 workers for concurrent class unloading
[126.927s][info][gc             ] GC(76) Concurrent class unloading 0.236ms
[126.927s][info][gc,start       ] GC(76) Pause Final Roots
[126.927s][info][gc             ] GC(76) Pause Final Roots 0.017ms
[126.927s][info][gc,ergo        ] Free: 424M, Max: 256K regular, 363M humongous, Frag: 15% external, 0% internal; Reserve: 26368K, Max: 256K
[126.927s][info][gc,stats       ] 
[126.927s][info][gc,stats       ] All times are wall-clock times, except per-root-class counters, that are sum over
[126.927s][info][gc,stats       ] all workers. Dividing the <total> over the root stage time estimates parallelism.
[126.927s][info][gc,stats       ] 
[126.927s][info][gc,stats       ] Concurrent Reset                    254 us
[126.927s][info][gc,stats       ] Pause Init Mark (G)                 120 us
[126.927s][info][gc,stats       ] Pause Init Mark (N)                  85 us
[126.927s][info][gc,stats       ]   Update Region States               26 us
[126.927s][info][gc,stats       ] Concurrent Mark Roots               263 us, parallelism: 1.28x
[126.927s][info][gc,stats       ]   CMR: <total>                      336 us
[126.927s][info][gc,stats       ]   CMR: Thread Roots                 301 us, workers (us):  35, 200,  66, ---, ---, ---, 
[126.927s][info][gc,stats       ]   CMR: VM Strong Roots                4 us, workers (us):   2,   2,   0, ---, ---, ---, 
[126.927s][info][gc,stats       ]   CMR: CLDG Roots                    30 us, workers (us):  30, ---, ---, ---, ---, ---, 
[126.927s][info][gc,stats       ] Concurrent Marking                  702 us
[126.927s][info][gc,stats       ] Pause Final Mark (G)                176 us
[126.927s][info][gc,stats       ] Pause Final Mark (N)                139 us
[126.927s][info][gc,stats       ]   Finish Mark                        30 us
[126.927s][info][gc,stats       ]   Update Region States               28 us
[126.927s][info][gc,stats       ]   Choose Collection Set              34 us
[126.927s][info][gc,stats       ]   Rebuild Free Set                    8 us
[126.927s][info][gc,stats       ] Concurrent Weak References           95 us, parallelism: 0.06x
[126.927s][info][gc,stats       ]   CWRF: <total>                       6 us
[126.927s][info][gc,stats       ]   CWRF: Weak References               6 us, workers (us):   4,   1,   0, ---, ---, ---, 
[126.927s][info][gc,stats       ] Concurrent Weak Roots               138 us
[126.927s][info][gc,stats       ]   Roots                              77 us, parallelism: 1.33x
[126.927s][info][gc,stats       ]     CWR: <total>                    103 us
[126.927s][info][gc,stats       ]     CWR: Code Cache Roots            57 us, workers (us):  40,  17,   0, ---, ---, ---, 
[126.927s][info][gc,stats       ]     CWR: VM Weak Roots               45 us, workers (us):  16,  15,  13, ---, ---, ---, 
[126.927s][info][gc,stats       ]     CWR: CLDG Roots                   1 us, workers (us): ---, ---,   1, ---, ---, ---, 
[126.927s][info][gc,stats       ]   Rendezvous                         31 us
[126.927s][info][gc,stats       ] Concurrent Cleanup                   65 us
[126.927s][info][gc,stats       ] Concurrent Class Unloading          252 us
[126.927s][info][gc,stats       ]   Unlink Stale                      165 us
[126.927s][info][gc,stats       ]     System Dictionary                 1 us
[126.927s][info][gc,stats       ]     Weak Class Links                  0 us
[126.927s][info][gc,stats       ]     Code Roots                      163 us
[126.927s][info][gc,stats       ]   Rendezvous                         27 us
[126.927s][info][gc,stats       ]   Purge Unlinked                     27 us
[126.927s][info][gc,stats       ]     Code Roots                       23 us
[126.927s][info][gc,stats       ]     CLDG                              3 us
[126.927s][info][gc,stats       ]     Exception Caches                  0 us
[126.927s][info][gc,stats       ] Pause Final Roots (G)                47 us
[126.927s][info][gc,stats       ] Pause Final Roots (N)                26 us
[126.927s][info][gc,stats       ] Pacing                            31614 us
[126.927s][info][gc,stats       ] 
[126.927s][info][gc,stats       ] Allocation pacing accrued:
[126.927s][info][gc,stats       ]      32 of  1332 ms (  2.4%): main
[126.927s][info][gc,stats       ]      32 of  1332 ms (  2.4%): <total>
[126.927s][info][gc,stats       ]       2 of  1332 ms (  0.2%): <average total>
[126.927s][info][gc,stats       ]      32 of  1332 ms (  2.4%): <average non-zero>
[126.927s][info][gc,stats       ] 
[126.927s][info][gc,metaspace   ] Metaspace: 1071K(1280K)->1071K(1280K) NonClass: 989K(1088K)->989K(1088K) Class: 81K(192K)->81K(192K)
[126.927s][info][gc,ergo        ] Pacer for Idle. Initial: 10485K, Alloc Tax Rate: 1.0x
[128.527s][info][gc             ] Trigger: Average GC time (13.64 ms) is above the time for average allocation rate (305 MB/s) to deplete free headroom (0B) (margin of error = 2.73)
[128.527s][info][gc,ergo        ] Free headroom: 100619K (free) - 26214K (spike) - 143M (penalties) = 0B
[128.527s][info][gc,ergo        ] Free: 100619K, Max: 256K regular, 94720K humongous, Frag: 6% external, 0% internal; Reserve: 26368K, Max: 256K
[128.527s][info][gc,start       ] GC(77) Concurrent reset
[128.528s][info][gc,task        ] GC(77) Using 3 of 6 workers for concurrent reset
[128.528s][info][gc,ergo        ] GC(77) Pacer for Reset. Non-Taxable: 512M
[128.528s][info][gc             ] GC(77) Concurrent reset 0.161ms
[128.528s][info][gc,start       ] GC(77) Pause Init Mark (unload classes)
[128.528s][info][gc,task        ] GC(77) Using 6 of 6 workers for init marking
[128.528s][info][gc,ergo        ] GC(77) Pacer for Mark. Expected Live: 150M, Free: 100619K, Non-Taxable: 10061K, Alloc Tax Rate: 1.9x
[128.528s][info][gc             ] GC(77) Pause Init Mark (unload classes) 0.079ms
[128.528s][info][gc,start       ] GC(77) Concurrent marking roots
[128.528s][info][gc,task        ] GC(77) Using 3 of 6 workers for concurrent marking roots
[128.528s][info][gc             ] GC(77) Concurrent marking roots 0.320ms
[128.528s][info][gc,start       ] GC(77) Concurrent marking (unload classes)
[128.528s][info][gc,task        ] GC(77) Using 3 of 6 workers for concurrent marking
[128.529s][info][gc             ] GC(77) Concurrent marking (unload classes) 0.842ms
[128.529s][info][gc,start       ] GC(77) Pause Final Mark (unload classes)
[128.529s][info][gc,task        ] GC(77) Using 6 of 6 workers for final marking
[128.529s][info][gc,ergo        ] GC(77) Collectable Garbage: 257M (99%), Immediate: 257M (99%), CSet: 0B (0%)
[128.529s][info][gc             ] GC(77) Pause Final Mark (unload classes) 0.158ms
[128.529s][info][gc,start       ] GC(77) Concurrent weak references
[128.529s][info][gc,task        ] GC(77) Using 3 of 6 workers for concurrent weak references
[128.529s][info][gc,ref         ] GC(77) Encountered references: Soft: 45, Weak: 116, Final: 0, Phantom: 7
[128.529s][info][gc,ref         ] GC(77) Discovered  references: Soft: 0, Weak: 68, Final: 0, Phantom: 5
[128.529s][info][gc,ref         ] GC(77) Enqueued    references: Soft: 0, Weak: 0, Final: 0, Phantom: 0
[128.529s][info][gc             ] GC(77) Concurrent weak references 0.088ms
[128.529s][info][gc,start       ] GC(77) Concurrent weak roots
[128.529s][info][gc,task        ] GC(77) Using 3 of 6 workers for concurrent weak root
[128.529s][info][gc             ] GC(77) Concurrent weak roots 0.116ms
[128.529s][info][gc,start       ] GC(77) Concurrent cleanup
[128.529s][info][gc             ] GC(77) Concurrent cleanup 383M->126M(512M) 0.056ms
[128.529s][info][gc,ergo        ] GC(77) Free: 358M, Max: 256K regular, 224M humongous, Frag: 38% external, 0% internal; Reserve: 26368K, Max: 256K
[128.530s][info][gc,start       ] GC(77) Concurrent class unloading
[128.530s][info][gc,task        ] GC(77) Using 3 of 6 workers for concurrent class unloading
[128.530s][info][gc             ] GC(77) Concurrent class unloading 0.204ms
[128.530s][info][gc,start       ] GC(77) Pause Final Roots
[128.530s][info][gc             ] GC(77) Pause Final Roots 0.019ms
[128.530s][info][gc,ergo        ] Free: 358M, Max: 256K regular, 224M humongous, Frag: 38% external, 0% internal; Reserve: 26368K, Max: 256K
[128.530s][info][gc,stats       ] 
[128.530s][info][gc,stats       ] All times are wall-clock times, except per-root-class counters, that are sum over
[128.530s][info][gc,stats       ] all workers. Dividing the <total> over the root stage time estimates parallelism.
[128.530s][info][gc,stats       ] 
[128.530s][info][gc,stats       ] Concurrent Reset                    174 us
[128.530s][info][gc,stats       ] Pause Init Mark (G)                 120 us
[128.530s][info][gc,stats       ] Pause Init Mark (N)                  87 us
[128.530s][info][gc,stats       ]   Update Region States               27 us
[128.530s][info][gc,stats       ] Concurrent Mark Roots               339 us, parallelism: 1.17x
[128.530s][info][gc,stats       ]   CMR: <total>                      396 us
[128.530s][info][gc,stats       ]   CMR: Thread Roots                 351 us, workers (us):  70, 219,  61, ---, ---, ---, 
[128.530s][info][gc,stats       ]   CMR: VM Strong Roots                5 us, workers (us):   2,   1,   1, ---, ---, ---, 
[128.530s][info][gc,stats       ]   CMR: CLDG Roots                    40 us, workers (us): ---,  40, ---, ---, ---, ---, 
[128.530s][info][gc,stats       ] Concurrent Marking                  867 us
[128.530s][info][gc,stats       ] Pause Final Mark (G)                203 us
[128.530s][info][gc,stats       ] Pause Final Mark (N)                168 us
[128.530s][info][gc,stats       ]   Finish Mark                        48 us
[128.530s][info][gc,stats       ]   Update Region States               31 us
[128.530s][info][gc,stats       ]   Choose Collection Set              38 us
[128.530s][info][gc,stats       ]   Rebuild Free Set                    9 us
[128.530s][info][gc,stats       ] Concurrent Weak References           96 us, parallelism: 0.06x
[128.530s][info][gc,stats       ]   CWRF: <total>                       5 us
[128.530s][info][gc,stats       ]   CWRF: Weak References               5 us, workers (us):   4,   1,   0, ---, ---, ---, 
[128.530s][info][gc,stats       ] Concurrent Weak Roots               127 us
[128.530s][info][gc,stats       ]   Roots                              71 us, parallelism: 1.31x
[128.530s][info][gc,stats       ]     CWR: <total>                     93 us
[128.530s][info][gc,stats       ]     CWR: Code Cache Roots            49 us, workers (us):  15,  34,   0, ---, ---, ---, 
[128.530s][info][gc,stats       ]     CWR: VM Weak Roots               43 us, workers (us):  16,  14,  13, ---, ---, ---, 
[128.530s][info][gc,stats       ]     CWR: CLDG Roots                   1 us, workers (us): ---, ---,   1, ---, ---, ---, 
[128.530s][info][gc,stats       ]   Rendezvous                         29 us
[128.530s][info][gc,stats       ] Concurrent Cleanup                   66 us
[128.530s][info][gc,stats       ] Concurrent Class Unloading          217 us
[128.530s][info][gc,stats       ]   Unlink Stale                      145 us
[128.530s][info][gc,stats       ]     System Dictionary                 1 us
[128.530s][info][gc,stats       ]     Weak Class Links                  0 us
[128.530s][info][gc,stats       ]     Code Roots                      143 us
[128.530s][info][gc,stats       ]   Rendezvous                         19 us
[128.530s][info][gc,stats       ]   Purge Unlinked                     23 us
[128.530s][info][gc,stats       ]     Code Roots                       20 us
[128.530s][info][gc,stats       ]     CLDG                              2 us
[128.530s][info][gc,stats       ]     Exception Caches                  0 us
[128.530s][info][gc,stats       ] Pause Final Roots (G)                48 us
[128.530s][info][gc,stats       ] Pause Final Roots (N)                28 us
[128.530s][info][gc,stats       ] Pacing                            74090 us
[128.530s][info][gc,stats       ] 
[128.530s][info][gc,stats       ] Allocation pacing accrued:
[128.530s][info][gc,stats       ]      74 of  1603 ms (  4.6%): main
[128.530s][info][gc,stats       ]      74 of  1603 ms (  4.6%): <total>
[128.530s][info][gc,stats       ]       6 of  1603 ms (  0.4%): <average total>
[128.530s][info][gc,stats       ]      74 of  1603 ms (  4.6%): <average non-zero>
[128.530s][info][gc,stats       ] 
[128.530s][info][gc,metaspace   ] Metaspace: 1071K(1280K)->1071K(1280K) NonClass: 989K(1088K)->989K(1088K) Class: 81K(192K)->81K(192K)
[128.530s][info][gc,ergo        ] Pacer for Idle. Initial: 10485K, Alloc Tax Rate: 1.0x
[131.361s][info][gc             ] Trigger: Average GC time (10.23 ms) is above the time for average allocation rate (303 MB/s) to deplete free headroom (2479K) (margin of error = 2.73)
[131.361s][info][gc,ergo        ] Free headroom: 166M (free) - 26214K (spike) - 138M (penalties) = 2479K
[131.361s][info][gc,ergo        ] Free: 166M, Max: 256K regular, 94720K humongous, Frag: 45% external, 0% internal; Reserve: 26368K, Max: 256K
[131.361s][info][gc,start       ] GC(78) Concurrent reset
[131.361s][info][gc,task        ] GC(78) Using 3 of 6 workers for concurrent reset
[131.361s][info][gc,ergo        ] GC(78) Pacer for Reset. Non-Taxable: 512M
[131.362s][info][gc             ] GC(78) Concurrent reset 0.354ms
[131.362s][info][gc,start       ] GC(78) Pause Init Mark (unload classes)
[131.362s][info][gc,task        ] GC(78) Using 6 of 6 workers for init marking
[131.362s][info][gc,ergo        ] GC(78) Pacer for Mark. Expected Live: 155M, Free: 166M, Non-Taxable: 17025K, Alloc Tax Rate: 1.1x
[131.362s][info][gc             ] GC(78) Pause Init Mark (unload classes) 0.113ms
[131.362s][info][gc,start       ] GC(78) Concurrent marking roots
[131.362s][info][gc,task        ] GC(78) Using 3 of 6 workers for concurrent marking roots
[131.362s][info][gc             ] GC(78) Concurrent marking roots 0.336ms
[131.362s][info][gc,start       ] GC(78) Concurrent marking (unload classes)
[131.362s][info][gc,task        ] GC(78) Using 3 of 6 workers for concurrent marking
[131.363s][info][gc             ] GC(78) Concurrent marking (unload classes) 0.752ms
[131.363s][info][gc,start       ] GC(78) Pause Final Mark (unload classes)
[131.363s][info][gc,task        ] GC(78) Using 6 of 6 workers for final marking
[131.363s][info][gc,ergo        ] GC(78) Collectable Garbage: 257M (99%), Immediate: 257M (99%), CSet: 0B (0%)
[131.363s][info][gc             ] GC(78) Pause Final Mark (unload classes) 0.252ms
[131.364s][info][gc,start       ] GC(78) Concurrent weak references
[131.364s][info][gc,task        ] GC(78) Using 3 of 6 workers for concurrent weak references
[131.364s][info][gc,ref         ] GC(78) Encountered references: Soft: 45, Weak: 116, Final: 0, Phantom: 7
[131.364s][info][gc,ref         ] GC(78) Discovered  references: Soft: 0, Weak: 68, Final: 0, Phantom: 5
[131.364s][info][gc,ref         ] GC(78) Enqueued    references: Soft: 0, Weak: 0, Final: 0, Phantom: 0
[131.364s][info][gc             ] GC(78) Concurrent weak references 0.165ms
[131.364s][info][gc,start       ] GC(78) Concurrent weak roots
[131.364s][info][gc,task        ] GC(78) Using 3 of 6 workers for concurrent weak root
[131.364s][info][gc             ] GC(78) Concurrent weak roots 0.201ms
[131.364s][info][gc,start       ] GC(78) Concurrent cleanup
[131.364s][info][gc             ] GC(78) Concurrent cleanup 313M->56M(512M) 0.059ms
[131.364s][info][gc,ergo        ] GC(78) Free: 429M, Max: 256K regular, 259M humongous, Frag: 40% external, 0% internal; Reserve: 26368K, Max: 256K
[131.364s][info][gc,start       ] GC(78) Concurrent class unloading
[131.364s][info][gc,task        ] GC(78) Using 3 of 6 workers for concurrent class unloading
[131.364s][info][gc             ] GC(78) Concurrent class unloading 0.253ms
[131.364s][info][gc,start       ] GC(78) Pause Final Roots
[131.364s][info][gc             ] GC(78) Pause Final Roots 0.016ms
[131.364s][info][gc,ergo        ] Free: 429M, Max: 256K regular, 259M humongous, Frag: 40% external, 0% internal; Reserve: 26368K, Max: 256K
[131.364s][info][gc,stats       ] 
[131.364s][info][gc,stats       ] All times are wall-clock times, except per-root-class counters, that are sum over
[131.364s][info][gc,stats       ] all workers. Dividing the <total> over the root stage time estimates parallelism.
[131.364s][info][gc,stats       ] 
[131.364s][info][gc,stats       ] Concurrent Reset                    374 us
[131.364s][info][gc,stats       ] Pause Init Mark (G)                 221 us
[131.364s][info][gc,stats       ] Pause Init Mark (N)                 123 us
[131.364s][info][gc,stats       ]   Update Region States               62 us
[131.364s][info][gc,stats       ] Concurrent Mark Roots               354 us, parallelism: 0.97x
[131.364s][info][gc,stats       ]   CMR: <total>                      342 us
[131.364s][info][gc,stats       ]   CMR: Thread Roots                 305 us, workers (us):  59, 172,  74, ---, ---, ---, 
[131.364s][info][gc,stats       ]   CMR: VM Strong Roots                5 us, workers (us):   2,   1,   1, ---, ---, ---, 
[131.364s][info][gc,stats       ]   CMR: CLDG Roots                    32 us, workers (us): ---,  32, ---, ---, ---, ---, 
[131.365s][info][gc,stats       ] Concurrent Marking                  770 us
[131.365s][info][gc,stats       ] Pause Final Mark (G)                403 us
[131.365s][info][gc,stats       ] Pause Final Mark (N)                262 us
[131.365s][info][gc,stats       ]   Finish Mark                        77 us
[131.365s][info][gc,stats       ]   Update Region States               91 us
[131.365s][info][gc,stats       ]   Choose Collection Set              41 us
[131.365s][info][gc,stats       ]   Rebuild Free Set                    9 us
[131.365s][info][gc,stats       ] Concurrent Weak References          175 us, parallelism: 0.02x
[131.365s][info][gc,stats       ]   CWRF: <total>                       4 us
[131.365s][info][gc,stats       ]   CWRF: Weak References               4 us, workers (us):   3,   1,   0, ---, ---, ---, 
[131.365s][info][gc,stats       ] Concurrent Weak Roots               220 us
[131.365s][info][gc,stats       ]   Roots                             153 us, parallelism: 0.66x
[131.365s][info][gc,stats       ]     CWR: <total>                    101 us
[131.365s][info][gc,stats       ]     CWR: Code Cache Roots            50 us, workers (us):   0,  16,  34, ---, ---, ---, 
[131.365s][info][gc,stats       ]     CWR: VM Weak Roots               50 us, workers (us):  43,   4,   3, ---, ---, ---, 
[131.365s][info][gc,stats       ]     CWR: CLDG Roots                   1 us, workers (us):   1, ---, ---, ---, ---, ---, 
[131.365s][info][gc,stats       ]   Rendezvous                         30 us
[131.365s][info][gc,stats       ] Concurrent Cleanup                   70 us
[131.365s][info][gc,stats       ] Concurrent Class Unloading          271 us
[131.365s][info][gc,stats       ]   Unlink Stale                      178 us
[131.365s][info][gc,stats       ]     System Dictionary                 1 us
[131.365s][info][gc,stats       ]     Weak Class Links                  0 us
[131.365s][info][gc,stats       ]     Code Roots                      176 us
[131.365s][info][gc,stats       ]   Rendezvous                         28 us
[131.365s][info][gc,stats       ]   Purge Unlinked                     29 us
[131.365s][info][gc,stats       ]     Code Roots                       26 us
[131.365s][info][gc,stats       ]     CLDG                              3 us
[131.365s][info][gc,stats       ]     Exception Caches                  0 us
[131.365s][info][gc,stats       ] Pause Final Roots (G)                46 us
[131.365s][info][gc,stats       ] Pause Final Roots (N)                25 us
[131.365s][info][gc,stats       ] Pacing                            46835 us
[131.365s][info][gc,stats       ] 
[131.365s][info][gc,stats       ] Allocation pacing accrued:
[131.365s][info][gc,stats       ]      47 of  2835 ms (  1.7%): main
[131.365s][info][gc,stats       ]      47 of  2835 ms (  1.7%): <total>
[131.365s][info][gc,stats       ]       4 of  2835 ms (  0.1%): <average total>
[131.365s][info][gc,stats       ]      47 of  2835 ms (  1.7%): <average non-zero>
[131.365s][info][gc,stats       ] 
[131.365s][info][gc,metaspace   ] Metaspace: 1071K(1280K)->1071K(1280K) NonClass: 989K(1088K)->989K(1088K) Class: 81K(192K)->81K(192K)
[131.365s][info][gc,ergo        ] Pacer for Idle. Initial: 10485K, Alloc Tax Rate: 1.0x
[132.896s][info][gc             ] Trigger: Average GC time (8.11 ms) is above the time for average allocation rate (156 MB/s) to deplete free headroom (0B) (margin of error = 2.72)
[132.896s][info][gc,ergo        ] Free headroom: 103M (free) - 26214K (spike) - 133M (penalties) = 0B
[132.896s][info][gc,ergo        ] Free: 103M, Max: 256K regular, 90880K humongous, Frag: 15% external, 0% internal; Reserve: 26368K, Max: 256K
[132.896s][info][gc,start       ] GC(79) Concurrent reset
[132.896s][info][gc,task        ] GC(79) Using 3 of 6 workers for concurrent reset
[132.896s][info][gc,ergo        ] GC(79) Pacer for Reset. Non-Taxable: 512M
[132.897s][info][gc             ] GC(79) Concurrent reset 0.277ms
[132.897s][info][gc,start       ] GC(79) Pause Init Mark (unload classes)
[132.897s][info][gc,task        ] GC(79) Using 6 of 6 workers for init marking
[132.897s][info][gc,ergo        ] GC(79) Pacer for Mark. Expected Live: 115M, Free: 103M, Non-Taxable: 10573K, Alloc Tax Rate: 1.4x
[132.897s][info][gc             ] GC(79) Pause Init Mark (unload classes) 0.171ms
[132.897s][info][gc,start       ] GC(79) Concurrent marking roots
[132.897s][info][gc,task        ] GC(79) Using 3 of 6 workers for concurrent marking roots
[132.897s][info][gc             ] GC(79) Concurrent marking roots 0.320ms
[132.897s][info][gc,start       ] GC(79) Concurrent marking (unload classes)
[132.897s][info][gc,task        ] GC(79) Using 3 of 6 workers for concurrent marking
[132.898s][info][gc             ] GC(79) Concurrent marking (unload classes) 0.787ms
[132.898s][info][gc,start       ] GC(79) Pause Final Mark (unload classes)
[132.898s][info][gc,task        ] GC(79) Using 6 of 6 workers for final marking
[132.898s][info][gc,ergo        ] GC(79) Collectable Garbage: 217M (99%), Immediate: 217M (99%), CSet: 0B (0%)
[132.898s][info][gc             ] GC(79) Pause Final Mark (unload classes) 0.335ms
[132.899s][info][gc,start       ] GC(79) Concurrent weak references
[132.899s][info][gc,task        ] GC(79) Using 3 of 6 workers for concurrent weak references
[132.899s][info][gc,ref         ] GC(79) Encountered references: Soft: 45, Weak: 116, Final: 0, Phantom: 7
[132.899s][info][gc,ref         ] GC(79) Discovered  references: Soft: 0, Weak: 72, Final: 0, Phantom: 5
[132.899s][info][gc,ref         ] GC(79) Enqueued    references: Soft: 0, Weak: 0, Final: 0, Phantom: 0
[132.899s][info][gc             ] GC(79) Concurrent weak references 0.113ms
[132.899s][info][gc,start       ] GC(79) Concurrent weak roots
[132.899s][info][gc,task        ] GC(79) Using 3 of 6 workers for concurrent weak root
[132.899s][info][gc             ] GC(79) Concurrent weak roots 0.155ms
[132.899s][info][gc,start       ] GC(79) Concurrent cleanup
[132.899s][info][gc             ] GC(79) Concurrent cleanup 378M->161M(512M) 0.048ms
[132.899s][info][gc,ergo        ] GC(79) Free: 323M, Max: 256K regular, 112M humongous, Frag: 66% external, 0% internal; Reserve: 26368K, Max: 256K
[132.899s][info][gc,start       ] GC(79) Concurrent class unloading
[132.899s][info][gc,task        ] GC(79) Using 3 of 6 workers for concurrent class unloading
[132.899s][info][gc             ] GC(79) Concurrent class unloading 0.270ms
[132.899s][info][gc,start       ] GC(79) Pause Final Roots
[132.899s][info][gc             ] GC(79) Pause Final Roots 0.019ms
[132.899s][info][gc,ergo        ] Free: 323M, Max: 256K regular, 112M humongous, Frag: 66% external, 0% internal; Reserve: 26368K, Max: 256K
[132.899s][info][gc,stats       ] 
[132.899s][info][gc,stats       ] All times are wall-clock times, except per-root-class counters, that are sum over
[132.899s][info][gc,stats       ] all workers. Dividing the <total> over the root stage time estimates parallelism.
[132.899s][info][gc,stats       ] 
[132.899s][info][gc,stats       ] Concurrent Reset                    297 us
[132.899s][info][gc,stats       ] Pause Init Mark (G)                 281 us
[132.899s][info][gc,stats       ] Pause Init Mark (N)                 180 us
[132.899s][info][gc,stats       ]   Update Region States              120 us
[132.899s][info][gc,stats       ] Concurrent Mark Roots               337 us, parallelism: 1.29x
[132.899s][info][gc,stats       ]   CMR: <total>                      434 us
[132.899s][info][gc,stats       ]   CMR: Thread Roots                 389 us, workers (us):  67, 105, 217, ---, ---, ---, 
[132.899s][info][gc,stats       ]   CMR: VM Strong Roots                5 us, workers (us):   4,   0,   0, ---, ---, ---, 
[132.899s][info][gc,stats       ]   CMR: CLDG Roots                    40 us, workers (us):  40, ---, ---, ---, ---, ---, 
[132.899s][info][gc,stats       ] Concurrent Marking                  804 us
[132.899s][info][gc,stats       ] Pause Final Mark (G)                448 us
[132.899s][info][gc,stats       ] Pause Final Mark (N)                346 us
[132.899s][info][gc,stats       ]   Finish Mark                       166 us
[132.899s][info][gc,stats       ]   Update Region States               93 us
[132.899s][info][gc,stats       ]   Choose Collection Set              38 us
[132.899s][info][gc,stats       ]   Rebuild Free Set                    8 us
[132.899s][info][gc,stats       ] Concurrent Weak References          121 us, parallelism: 0.03x
[132.899s][info][gc,stats       ]   CWRF: <total>                       3 us
[132.899s][info][gc,stats       ]   CWRF: Weak References               3 us, workers (us):   3,   0,   0, ---, ---, ---, 
[132.899s][info][gc,stats       ] Concurrent Weak Roots               170 us
[132.899s][info][gc,stats       ]   Roots                              80 us, parallelism: 1.18x
[132.899s][info][gc,stats       ]     CWR: <total>                     94 us
[132.900s][info][gc,stats       ]     CWR: Code Cache Roots            48 us, workers (us):  34,  14,   0, ---, ---, ---, 
[132.900s][info][gc,stats       ]     CWR: VM Weak Roots               45 us, workers (us):  23,  22,   0, ---, ---, ---, 
[132.900s][info][gc,stats       ]     CWR: CLDG Roots                   1 us, workers (us): ---,   1, ---, ---, ---, ---, 
[132.900s][info][gc,stats       ]   Rendezvous                         56 us
[132.900s][info][gc,stats       ] Concurrent Cleanup                   57 us
[132.900s][info][gc,stats       ] Concurrent Class Unloading          284 us
[132.900s][info][gc,stats       ]   Unlink Stale                      145 us
[132.900s][info][gc,stats       ]     System Dictionary                 1 us
[132.900s][info][gc,stats       ]     Weak Class Links                  0 us
[132.900s][info][gc,stats       ]     Code Roots                      143 us
[132.900s][info][gc,stats       ]   Rendezvous                         56 us
[132.900s][info][gc,stats       ]   Purge Unlinked                     53 us
[132.900s][info][gc,stats       ]     Code Roots                       51 us
[132.900s][info][gc,stats       ]     CLDG                              2 us
[132.900s][info][gc,stats       ]     Exception Caches                  0 us
[132.900s][info][gc,stats       ] Pause Final Roots (G)                83 us
[132.900s][info][gc,stats       ] Pause Final Roots (N)                28 us
[132.900s][info][gc,stats       ] Pacing                            73329 us
[132.900s][info][gc,stats       ] 
[132.900s][info][gc,stats       ] Allocation pacing accrued:
[132.900s][info][gc,stats       ]      73 of  1535 ms (  4.8%): main
[132.900s][info][gc,stats       ]      73 of  1535 ms (  4.8%): <total>
[132.900s][info][gc,stats       ]       6 of  1535 ms (  0.4%): <average total>
[132.900s][info][gc,stats       ]      73 of  1535 ms (  4.8%): <average non-zero>
[132.900s][info][gc,stats       ] 
[132.900s][info][gc,metaspace   ] Metaspace: 1071K(1280K)->1071K(1280K) NonClass: 989K(1088K)->989K(1088K) Class: 81K(192K)->81K(192K)
[132.900s][info][gc,ergo        ] Pacer for Idle. Initial: 10485K, Alloc Tax Rate: 1.0x
[134.308s][info][gc             ] Failed to allocate Shared, 100M
[134.308s][info][gc             ] Cancelling GC: Allocation Failure
[134.324s][info][gc             ] Trigger: Handle Allocation Failure
[134.324s][info][gc,ergo        ] Free: 294M, Max: 256K regular, 90880K humongous, Frag: 70% external, 0% internal; Reserve: 26368K, Max: 256K
[134.324s][info][gc,start       ] GC(80) Pause Degenerated GC (Outside of Cycle)
[134.324s][info][gc,task        ] GC(80) Using 6 of 6 workers for stw degenerated gc
[134.324s][info][gc,ref         ] GC(80) Clearing All SoftReferences
[134.325s][info][gc,ref         ] GC(80) Encountered references: Soft: 45, Weak: 116, Final: 0, Phantom: 7
[134.325s][info][gc,ref         ] GC(80) Discovered  references: Soft: 19, Weak: 95, Final: 0, Phantom: 5
[134.325s][info][gc,ref         ] GC(80) Enqueued    references: Soft: 0, Weak: 0, Final: 0, Phantom: 0
[134.325s][info][gc,ergo        ] GC(80) Collectable Garbage: 182M (99%), Immediate: 182M (99%), CSet: 0B (0%)
[134.325s][info][gc,ergo        ] GC(80) Good progress for free space: 479M, need 5242K
[134.325s][info][gc,ergo        ] GC(80) Good progress for used space: 182M, need 256K
[134.325s][info][gc             ] GC(80) Pause Degenerated GC (Outside of Cycle) 188M->6M(512M) 1.373ms
[134.325s][info][gc,ergo        ] Free: 479M, Max: 256K regular, 454M humongous, Frag: 6% external, 0% internal; Reserve: 26368K, Max: 256K
[134.325s][info][gc,stats       ] 
[134.325s][info][gc,stats       ] All times are wall-clock times, except per-root-class counters, that are sum over
[134.325s][info][gc,stats       ] all workers. Dividing the <total> over the root stage time estimates parallelism.
[134.325s][info][gc,stats       ] 
[134.325s][info][gc,stats       ] Pause Degenerated GC (G)           1438 us
[134.325s][info][gc,stats       ] Pause Degenerated GC (N)           1383 us
[134.325s][info][gc,stats       ]   Degen STW Mark                    537 us, parallelism: 5.15x
[134.325s][info][gc,stats       ]     DSM: <total>                   2763 us
[134.325s][info][gc,stats       ]     DSM: Thread Roots                46 us, workers (us):  21,  13,  10,   0,   1,   1, 
[134.325s][info][gc,stats       ]     DSM: VM Strong Roots              3 us, workers (us):   0,   2,   0,   0,   0,   0, 
[134.325s][info][gc,stats       ]     DSM: CLDG Roots                  32 us, workers (us):   0,   0,  31,   0,   0,   0, 
[134.325s][info][gc,stats       ]     DSM: Parallel Mark             2682 us, workers (us): 455, 460, 436, 443, 444, 444, 
[134.325s][info][gc,stats       ]     System Purge                    297 us
[134.325s][info][gc,stats       ]       Weak References               115 us, parallelism: 0.06x
[134.325s][info][gc,stats       ]         WRP: <total>                  7 us
[134.325s][info][gc,stats       ]         WRP: Weak References          7 us, workers (us):   5,   1,   0,   0,   0,   0, 
[134.325s][info][gc,stats       ]       Unload Classes                139 us, parallelism: 2.73x
[134.325s][info][gc,stats       ]         DCU: <total>                380 us
[134.325s][info][gc,stats       ]         DCU: Unload Code Caches      380 us, workers (us):  72,  60,  56,  56,  58,  77, 
[134.325s][info][gc,stats       ]       Weak Roots                     41 us, parallelism: 1.43x
[134.325s][info][gc,stats       ]         DWR: <total>                 58 us
[134.325s][info][gc,stats       ]         DWR: VM Weak Roots           58 us, workers (us):  13,  12,  12,  11,   9,   1, 
[134.325s][info][gc,stats       ]       CLDG                            1 us
[134.325s][info][gc,stats       ]   Update Region States               83 us
[134.325s][info][gc,stats       ]   Manage GC/TLABs                     3 us
[134.325s][info][gc,stats       ]   Choose Collection Set              46 us
[134.325s][info][gc,stats       ]   Rebuild Free Set                   10 us
[134.325s][info][gc,stats       ]   Cleanup                             7 us
[134.325s][info][gc,stats       ] Pacing                            15314 us
[134.325s][info][gc,stats       ] 
[134.325s][info][gc,stats       ] Allocation pacing accrued:
[134.325s][info][gc,stats       ]      15 of  1426 ms (  1.1%): main
[134.325s][info][gc,stats       ]      15 of  1426 ms (  1.1%): <total>
[134.325s][info][gc,stats       ]       1 of  1426 ms (  0.1%): <average total>
[134.325s][info][gc,stats       ]      15 of  1426 ms (  1.1%): <average non-zero>
[134.325s][info][gc,stats       ] 
[134.325s][info][gc,metaspace   ] Metaspace: 1071K(1280K)->1071K(1280K) NonClass: 989K(1088K)->989K(1088K) Class: 81K(192K)->81K(192K)
[134.326s][info][gc,ergo        ] Pacer for Idle. Initial: 10485K, Alloc Tax Rate: 1.0x
[135.752s][info][gc             ] Trigger: Average GC time (6.75 ms) is above the time for average allocation rate (304 MB/s) to deplete free headroom (0B) (margin of error = 2.83)
[135.752s][info][gc,ergo        ] Free headroom: 153M (free) - 26214K (spike) - 179M (penalties) = 0B
[135.752s][info][gc,ergo        ] Free: 153M, Max: 256K regular, 152M humongous, Frag: 1% external, 0% internal; Reserve: 26368K, Max: 256K
[135.752s][info][gc,start       ] GC(81) Concurrent reset
[135.752s][info][gc,task        ] GC(81) Using 3 of 6 workers for concurrent reset
[135.752s][info][gc,ergo        ] GC(81) Pacer for Reset. Non-Taxable: 512M
[135.752s][info][gc             ] GC(81) Concurrent reset 0.232ms
[135.752s][info][gc,start       ] GC(81) Pause Init Mark (unload classes)
[135.752s][info][gc,task        ] GC(81) Using 6 of 6 workers for init marking
[135.752s][info][gc,ergo        ] GC(81) Pacer for Mark. Expected Live: 125M, Free: 153M, Non-Taxable: 15719K, Alloc Tax Rate: 1.0x
[135.752s][info][gc             ] GC(81) Pause Init Mark (unload classes) 0.165ms
[135.752s][info][gc,start       ] GC(81) Concurrent marking roots
[135.752s][info][gc,task        ] GC(81) Using 3 of 6 workers for concurrent marking roots
[135.753s][info][gc             ] GC(81) Concurrent marking roots 0.282ms
[135.753s][info][gc,start       ] GC(81) Concurrent marking (unload classes)
[135.753s][info][gc,task        ] GC(81) Using 3 of 6 workers for concurrent marking
[135.753s][info][gc             ] GC(81) Concurrent marking (unload classes) 0.650ms
[135.753s][info][gc,start       ] GC(81) Pause Final Mark (unload classes)
[135.754s][info][gc,task        ] GC(81) Using 6 of 6 workers for final marking
[135.754s][info][gc,ergo        ] GC(81) Collectable Garbage: 221M (99%), Immediate: 221M (99%), CSet: 0B (0%)
[135.754s][info][gc             ] GC(81) Pause Final Mark (unload classes) 0.240ms
[135.754s][info][gc,start       ] GC(81) Concurrent weak references
[135.754s][info][gc,task        ] GC(81) Using 3 of 6 workers for concurrent weak references
[135.754s][info][gc,ref         ] GC(81) Encountered references: Soft: 45, Weak: 116, Final: 0, Phantom: 7
[135.754s][info][gc,ref         ] GC(81) Discovered  references: Soft: 0, Weak: 84, Final: 0, Phantom: 5
[135.754s][info][gc,ref         ] GC(81) Enqueued    references: Soft: 0, Weak: 0, Final: 0, Phantom: 0
[135.754s][info][gc             ] GC(81) Concurrent weak references 0.118ms
[135.754s][info][gc,start       ] GC(81) Concurrent weak roots
[135.754s][info][gc,task        ] GC(81) Using 3 of 6 workers for concurrent weak root
[135.754s][info][gc             ] GC(81) Concurrent weak roots 0.219ms
[135.754s][info][gc,start       ] GC(81) Concurrent cleanup
[135.754s][info][gc             ] GC(81) Concurrent cleanup 328M->107M(512M) 0.048ms
[135.754s][info][gc,ergo        ] GC(81) Free: 377M, Max: 256K regular, 152M humongous, Frag: 60% external, 0% internal; Reserve: 26368K, Max: 256K
[135.754s][info][gc,start       ] GC(81) Concurrent class unloading
[135.754s][info][gc,task        ] GC(81) Using 3 of 6 workers for concurrent class unloading
[135.754s][info][gc             ] GC(81) Concurrent class unloading 0.272ms
[135.755s][info][gc,start       ] GC(81) Pause Final Roots
[135.755s][info][gc             ] GC(81) Pause Final Roots 0.019ms
[135.755s][info][gc,ergo        ] Free: 377M, Max: 256K regular, 152M humongous, Frag: 60% external, 0% internal; Reserve: 26368K, Max: 256K
[135.755s][info][gc,stats       ] 
[135.755s][info][gc,stats       ] All times are wall-clock times, except per-root-class counters, that are sum over
[135.755s][info][gc,stats       ] all workers. Dividing the <total> over the root stage time estimates parallelism.
[135.755s][info][gc,stats       ] 
[135.755s][info][gc,stats       ] Concurrent Reset                    247 us
[135.755s][info][gc,stats       ] Pause Init Mark (G)                 242 us
[135.755s][info][gc,stats       ] Pause Init Mark (N)                 174 us
[135.755s][info][gc,stats       ]   Update Region States              113 us
[135.755s][info][gc,stats       ] Concurrent Mark Roots               307 us, parallelism: 1.06x
[135.755s][info][gc,stats       ]   CMR: <total>                      326 us
[135.755s][info][gc,stats       ]   CMR: Thread Roots                 292 us, workers (us):  66,  34, 192, ---, ---, ---, 
[135.755s][info][gc,stats       ]   CMR: VM Strong Roots                4 us, workers (us):   2,   1,   1, ---, ---, ---, 
[135.755s][info][gc,stats       ]   CMR: CLDG Roots                    30 us, workers (us): ---,  30, ---, ---, ---, ---, 
[135.755s][info][gc,stats       ] Concurrent Marking                  663 us
[135.755s][info][gc,stats       ] Pause Final Mark (G)                321 us
[135.755s][info][gc,stats       ] Pause Final Mark (N)                250 us
[135.755s][info][gc,stats       ]   Finish Mark                        73 us
[135.755s][info][gc,stats       ]   Update Region States               90 us
[135.755s][info][gc,stats       ]   Choose Collection Set              38 us
[135.755s][info][gc,stats       ]   Rebuild Free Set                    8 us
[135.755s][info][gc,stats       ] Concurrent Weak References          125 us, parallelism: 0.03x
[135.755s][info][gc,stats       ]   CWRF: <total>                       4 us
[135.755s][info][gc,stats       ]   CWRF: Weak References               4 us, workers (us):   4,   0,   0, ---, ---, ---, 
[135.755s][info][gc,stats       ] Concurrent Weak Roots               232 us
[135.755s][info][gc,stats       ]   Roots                             119 us, parallelism: 0.83x
[135.755s][info][gc,stats       ]     CWR: <total>                     99 us
[135.755s][info][gc,stats       ]     CWR: Code Cache Roots            47 us, workers (us):  33,   0,  15, ---, ---, ---, 
[135.755s][info][gc,stats       ]     CWR: VM Weak Roots               51 us, workers (us):  17,  17,  17, ---, ---, ---, 
[135.755s][info][gc,stats       ]     CWR: CLDG Roots                   1 us, workers (us): ---,   1, ---, ---, ---, ---, 
[135.755s][info][gc,stats       ]   Rendezvous                         84 us
[135.755s][info][gc,stats       ] Concurrent Cleanup                   58 us
[135.755s][info][gc,stats       ] Concurrent Class Unloading          286 us
[135.755s][info][gc,stats       ]   Unlink Stale                      145 us
[135.755s][info][gc,stats       ]     System Dictionary                 1 us
[135.755s][info][gc,stats       ]     Weak Class Links                  0 us
[135.755s][info][gc,stats       ]     Code Roots                      143 us
[135.755s][info][gc,stats       ]   Rendezvous                         56 us
[135.755s][info][gc,stats       ]   Purge Unlinked                     55 us
[135.755s][info][gc,stats       ]     Code Roots                       52 us
[135.755s][info][gc,stats       ]     CLDG                              3 us
[135.755s][info][gc,stats       ]     Exception Caches                  0 us
[135.755s][info][gc,stats       ] Pause Final Roots (G)                84 us
[135.755s][info][gc,stats       ] Pause Final Roots (N)                28 us
[135.755s][info][gc,stats       ] 
[135.755s][info][gc,stats       ] Allocation pacing accrued:
[135.755s][info][gc,stats       ]       0 of  1430 ms (  0.0%): <total>
[135.755s][info][gc,stats       ]       0 of  1430 ms (  0.0%): <average total>
[135.755s][info][gc,stats       ] 
[135.755s][info][gc,metaspace   ] Metaspace: 1071K(1280K)->1071K(1280K) NonClass: 989K(1088K)->989K(1088K) Class: 81K(192K)->81K(192K)
[135.755s][info][gc,ergo        ] Pacer for Idle. Initial: 10485K, Alloc Tax Rate: 1.0x
[137.209s][info][gc             ] Trigger: Average GC time (5.50 ms) is above the time for average allocation rate (298 MB/s) to deplete free headroom (0B) (margin of error = 2.83)
[137.210s][info][gc,ergo        ] Free headroom: 152M (free) - 26214K (spike) - 174M (penalties) = 0B
[137.210s][info][gc,ergo        ] Free: 152M, Max: 256K regular, 93184K humongous, Frag: 41% external, 0% internal; Reserve: 26368K, Max: 256K
[137.210s][info][gc,start       ] GC(82) Concurrent reset
[137.210s][info][gc,task        ] GC(82) Using 3 of 6 workers for concurrent reset
[137.210s][info][gc,ergo        ] GC(82) Pacer for Reset. Non-Taxable: 512M
[137.210s][info][gc             ] GC(82) Concurrent reset 0.205ms
[137.210s][info][gc,start       ] GC(82) Pause Init Mark (unload classes)
[137.210s][info][gc,task        ] GC(82) Using 6 of 6 workers for init marking
[137.210s][info][gc,ergo        ] GC(82) Pacer for Mark. Expected Live: 104M, Free: 152M, Non-Taxable: 15591K, Alloc Tax Rate: 0.8x
[137.210s][info][gc             ] GC(82) Pause Init Mark (unload classes) 0.080ms
[137.210s][info][gc,start       ] GC(82) Concurrent marking roots
[137.210s][info][gc,task        ] GC(82) Using 3 of 6 workers for concurrent marking roots
[137.210s][info][gc             ] GC(82) Concurrent marking roots 0.327ms
[137.210s][info][gc,start       ] GC(82) Concurrent marking (unload classes)
[137.210s][info][gc,task        ] GC(82) Using 3 of 6 workers for concurrent marking
[137.211s][info][gc             ] GC(82) Concurrent marking (unload classes) 0.922ms
[137.211s][info][gc,start       ] GC(82) Pause Final Mark (unload classes)
[137.211s][info][gc,task        ] GC(82) Using 6 of 6 workers for final marking
[137.211s][info][gc,ergo        ] GC(82) Collectable Garbage: 211M (99%), Immediate: 211M (99%), CSet: 0B (0%)
[137.212s][info][gc             ] GC(82) Pause Final Mark (unload classes) 0.209ms
[137.212s][info][gc,start       ] GC(82) Concurrent weak references
[137.212s][info][gc,task        ] GC(82) Using 3 of 6 workers for concurrent weak references
[137.212s][info][gc,ref         ] GC(82) Encountered references: Soft: 45, Weak: 116, Final: 0, Phantom: 7
[137.212s][info][gc,ref         ] GC(82) Discovered  references: Soft: 0, Weak: 95, Final: 0, Phantom: 5
[137.212s][info][gc,ref         ] GC(82) Enqueued    references: Soft: 0, Weak: 0, Final: 0, Phantom: 0
[137.212s][info][gc             ] GC(82) Concurrent weak references 0.145ms
[137.212s][info][gc,start       ] GC(82) Concurrent weak roots
[137.212s][info][gc,task        ] GC(82) Using 3 of 6 workers for concurrent weak root
[137.212s][info][gc             ] GC(82) Concurrent weak roots 0.247ms
[137.212s][info][gc,start       ] GC(82) Concurrent cleanup
[137.212s][info][gc             ] GC(82) Concurrent cleanup 329M->118M(512M) 0.051ms
[137.212s][info][gc,ergo        ] GC(82) Free: 366M, Max: 256K regular, 191M humongous, Frag: 48% external, 0% internal; Reserve: 26368K, Max: 256K
[137.212s][info][gc,start       ] GC(82) Concurrent class unloading
[137.212s][info][gc,task        ] GC(82) Using 3 of 6 workers for concurrent class unloading
[137.212s][info][gc             ] GC(82) Concurrent class unloading 0.397ms
[137.213s][info][gc,start       ] GC(82) Pause Final Roots
[137.213s][info][gc             ] GC(82) Pause Final Roots 0.017ms
[137.213s][info][gc,ergo        ] Free: 366M, Max: 256K regular, 191M humongous, Frag: 48% external, 0% internal; Reserve: 26368K, Max: 256K
[137.213s][info][gc,stats       ] 
[137.213s][info][gc,stats       ] All times are wall-clock times, except per-root-class counters, that are sum over
[137.213s][info][gc,stats       ] all workers. Dividing the <total> over the root stage time estimates parallelism.
[137.213s][info][gc,stats       ] 
[137.213s][info][gc,stats       ] Concurrent Reset                    227 us
[137.213s][info][gc,stats       ] Pause Init Mark (G)                 127 us
[137.213s][info][gc,stats       ] Pause Init Mark (N)                  92 us
[137.213s][info][gc,stats       ]   Update Region States               22 us
[137.213s][info][gc,stats       ] Concurrent Mark Roots               350 us, parallelism: 1.29x
[137.213s][info][gc,stats       ]   CMR: <total>                      450 us
[137.213s][info][gc,stats       ]   CMR: Thread Roots                 404 us, workers (us):  52, 262,  90, ---, ---, ---, 
[137.213s][info][gc,stats       ]   CMR: VM Strong Roots                6 us, workers (us):   3,   3,   0, ---, ---, ---, 
[137.213s][info][gc,stats       ]   CMR: CLDG Roots                    40 us, workers (us):  40, ---, ---, ---, ---, ---, 
[137.213s][info][gc,stats       ] Concurrent Marking                  953 us
[137.213s][info][gc,stats       ] Pause Final Mark (G)                303 us
[137.213s][info][gc,stats       ] Pause Final Mark (N)                220 us
[137.213s][info][gc,stats       ]   Finish Mark                        27 us
[137.213s][info][gc,stats       ]   Update Region States               95 us
[137.213s][info][gc,stats       ]   Choose Collection Set              41 us
[137.213s][info][gc,stats       ]   Rebuild Free Set                    9 us
[137.213s][info][gc,stats       ] Concurrent Weak References          153 us, parallelism: 0.04x
[137.213s][info][gc,stats       ]   CWRF: <total>                       6 us
[137.213s][info][gc,stats       ]   CWRF: Weak References               6 us, workers (us):   5,   0,   0, ---, ---, ---, 
[137.213s][info][gc,stats       ] Concurrent Weak Roots               267 us
[137.213s][info][gc,stats       ]   Roots                             136 us, parallelism: 0.81x
[137.213s][info][gc,stats       ]     CWR: <total>                    109 us
[137.213s][info][gc,stats       ]     CWR: Code Cache Roots            65 us, workers (us):   0,  21,  44, ---, ---, ---, 
[137.213s][info][gc,stats       ]     CWR: VM Weak Roots               44 us, workers (us):  33,   5,   5, ---, ---, ---, 
[137.213s][info][gc,stats       ]     CWR: CLDG Roots                   1 us, workers (us):   1, ---, ---, ---, ---, ---, 
[137.213s][info][gc,stats       ]   Rendezvous                         91 us
[137.213s][info][gc,stats       ] Concurrent Cleanup                   62 us
[137.213s][info][gc,stats       ] Concurrent Class Unloading          416 us
[137.213s][info][gc,stats       ]   Unlink Stale                      190 us
[137.213s][info][gc,stats       ]     System Dictionary                 2 us
[137.213s][info][gc,stats       ]     Weak Class Links                  0 us
[137.213s][info][gc,stats       ]     Code Roots                      188 us
[137.213s][info][gc,stats       ]   Rendezvous                         92 us
[137.213s][info][gc,stats       ]   Purge Unlinked                     98 us
[137.213s][info][gc,stats       ]     Code Roots                       94 us
[137.213s][info][gc,stats       ]     CLDG                              4 us
[137.213s][info][gc,stats       ]     Exception Caches                  0 us
[137.213s][info][gc,stats       ] Pause Final Roots (G)               106 us
[137.213s][info][gc,stats       ] Pause Final Roots (N)                25 us
[137.213s][info][gc,stats       ] Pacing                            46665 us
[137.213s][info][gc,stats       ] 
[137.213s][info][gc,stats       ] Allocation pacing accrued:
[137.213s][info][gc,stats       ]      47 of  1458 ms (  3.2%): main
[137.213s][info][gc,stats       ]      47 of  1458 ms (  3.2%): <total>
[137.213s][info][gc,stats       ]       4 of  1458 ms (  0.2%): <average total>
[137.213s][info][gc,stats       ]      47 of  1458 ms (  3.2%): <average non-zero>
[137.213s][info][gc,stats       ] 
[137.213s][info][gc,metaspace   ] Metaspace: 1071K(1280K)->1071K(1280K) NonClass: 989K(1088K)->989K(1088K) Class: 81K(192K)->81K(192K)
[137.213s][info][gc,ergo        ] Pacer for Idle. Initial: 10485K, Alloc Tax Rate: 1.0x
[138.677s][info][gc             ] Trigger: Average GC time (4.86 ms) is above the time for average allocation rate (293 MB/s) to deplete free headroom (0B) (margin of error = 2.83)
[138.677s][info][gc,ergo        ] Free headroom: 167M (free) - 26214K (spike) - 168M (penalties) = 0B
[138.678s][info][gc,ergo        ] Free: 167M, Max: 256K regular, 93184K humongous, Frag: 46% external, 0% internal; Reserve: 26368K, Max: 256K
[138.678s][info][gc,start       ] GC(83) Concurrent reset
[138.678s][info][gc,task        ] GC(83) Using 3 of 6 workers for concurrent reset
[138.678s][info][gc,ergo        ] GC(83) Pacer for Reset. Non-Taxable: 512M
[138.678s][info][gc             ] GC(83) Concurrent reset 0.263ms
[138.678s][info][gc,start       ] GC(83) Pause Init Mark (unload classes)
[138.678s][info][gc,task        ] GC(83) Using 6 of 6 workers for init marking
[138.678s][info][gc,ergo        ] GC(83) Pacer for Mark. Expected Live: 115M, Free: 167M, Non-Taxable: 17101K, Alloc Tax Rate: 0.8x
[138.678s][info][gc             ] GC(83) Pause Init Mark (unload classes) 0.081ms
[138.678s][info][gc,start       ] GC(83) Concurrent marking roots
[138.678s][info][gc,task        ] GC(83) Using 3 of 6 workers for concurrent marking roots
[138.678s][info][gc             ] GC(83) Concurrent marking roots 0.417ms
[138.678s][info][gc,start       ] GC(83) Concurrent marking (unload classes)
[138.678s][info][gc,task        ] GC(83) Using 3 of 6 workers for concurrent marking
[138.679s][info][gc             ] GC(83) Concurrent marking (unload classes) 0.656ms
[138.679s][info][gc,start       ] GC(83) Pause Final Mark (unload classes)
[138.679s][info][gc,task        ] GC(83) Using 6 of 6 workers for final marking
[138.679s][info][gc,ergo        ] GC(83) Collectable Garbage: 204M (99%), Immediate: 204M (99%), CSet: 0B (0%)
[138.679s][info][gc             ] GC(83) Pause Final Mark (unload classes) 0.206ms
[138.679s][info][gc,start       ] GC(83) Concurrent weak references
[138.679s][info][gc,task        ] GC(83) Using 3 of 6 workers for concurrent weak references
[138.679s][info][gc,ref         ] GC(83) Encountered references: Soft: 45, Weak: 116, Final: 0, Phantom: 7
[138.679s][info][gc,ref         ] GC(83) Discovered  references: Soft: 0, Weak: 95, Final: 0, Phantom: 5
[138.679s][info][gc,ref         ] GC(83) Enqueued    references: Soft: 0, Weak: 0, Final: 0, Phantom: 0
[138.679s][info][gc             ] GC(83) Concurrent weak references 0.103ms
[138.679s][info][gc,start       ] GC(83) Concurrent weak roots
[138.679s][info][gc,task        ] GC(83) Using 3 of 6 workers for concurrent weak root
[138.680s][info][gc             ] GC(83) Concurrent weak roots 0.132ms
[138.680s][info][gc,start       ] GC(83) Concurrent cleanup
[138.680s][info][gc             ] GC(83) Concurrent cleanup 315M->111M(512M) 0.046ms
[138.680s][info][gc,ergo        ] GC(83) Free: 374M, Max: 256K regular, 243M humongous, Frag: 35% external, 0% internal; Reserve: 26368K, Max: 256K
[138.680s][info][gc,start       ] GC(83) Concurrent class unloading
[138.680s][info][gc,task        ] GC(83) Using 3 of 6 workers for concurrent class unloading
[138.680s][info][gc             ] GC(83) Concurrent class unloading 0.258ms
[138.680s][info][gc,start       ] GC(83) Pause Final Roots
[138.680s][info][gc             ] GC(83) Pause Final Roots 0.014ms
[138.680s][info][gc,ergo        ] Free: 374M, Max: 256K regular, 243M humongous, Frag: 35% external, 0% internal; Reserve: 26368K, Max: 256K
[138.680s][info][gc,stats       ] 
[138.680s][info][gc,stats       ] All times are wall-clock times, except per-root-class counters, that are sum over
[138.680s][info][gc,stats       ] all workers. Dividing the <total> over the root stage time estimates parallelism.
[138.680s][info][gc,stats       ] 
[138.680s][info][gc,stats       ] Concurrent Reset                    284 us
[138.680s][info][gc,stats       ] Pause Init Mark (G)                 165 us
[138.680s][info][gc,stats       ] Pause Init Mark (N)                  90 us
[138.680s][info][gc,stats       ]   Update Region States               34 us
[138.680s][info][gc,stats       ] Concurrent Mark Roots               435 us, parallelism: 1.38x
[138.680s][info][gc,stats       ]   CMR: <total>                      601 us
[138.680s][info][gc,stats       ]   CMR: Thread Roots                 559 us, workers (us): 315, 150,  95, ---, ---, ---, 
[138.680s][info][gc,stats       ]   CMR: VM Strong Roots                4 us, workers (us):   3,   0,   0, ---, ---, ---, 
[138.680s][info][gc,stats       ]   CMR: CLDG Roots                    38 us, workers (us): ---,  38, ---, ---, ---, ---, 
[138.680s][info][gc,stats       ] Concurrent Marking                  674 us
[138.680s][info][gc,stats       ] Pause Final Mark (G)                252 us
[138.680s][info][gc,stats       ] Pause Final Mark (N)                216 us
[138.680s][info][gc,stats       ]   Finish Mark                        75 us
[138.680s][info][gc,stats       ]   Update Region States               62 us
[138.680s][info][gc,stats       ]   Choose Collection Set              34 us
[138.680s][info][gc,stats       ]   Rebuild Free Set                    8 us
[138.680s][info][gc,stats       ] Concurrent Weak References          111 us, parallelism: 0.04x
[138.680s][info][gc,stats       ]   CWRF: <total>                       4 us
[138.680s][info][gc,stats       ]   CWRF: Weak References               4 us, workers (us):   4,   0,   0, ---, ---, ---, 
[138.680s][info][gc,stats       ] Concurrent Weak Roots               146 us
[138.680s][info][gc,stats       ]   Roots                              93 us, parallelism: 0.96x
[138.680s][info][gc,stats       ]     CWR: <total>                     89 us
[138.680s][info][gc,stats       ]     CWR: Code Cache Roots            49 us, workers (us):  34,  15,   0, ---, ---, ---, 
[138.680s][info][gc,stats       ]     CWR: VM Weak Roots               40 us, workers (us):  38,   1,   0, ---, ---, ---, 
[138.680s][info][gc,stats       ]     CWR: CLDG Roots                   1 us, workers (us): ---, ---,   1, ---, ---, ---, 
[138.680s][info][gc,stats       ]   Rendezvous                         22 us
[138.680s][info][gc,stats       ] Concurrent Cleanup                   59 us
[138.680s][info][gc,stats       ] Concurrent Class Unloading          268 us
[138.680s][info][gc,stats       ]   Unlink Stale                      169 us
[138.680s][info][gc,stats       ]     System Dictionary                 1 us
[138.680s][info][gc,stats       ]     Weak Class Links                  0 us
[138.680s][info][gc,stats       ]     Code Roots                      167 us
[138.680s][info][gc,stats       ]   Rendezvous                         17 us
[138.680s][info][gc,stats       ]   Purge Unlinked                     55 us
[138.680s][info][gc,stats       ]     Code Roots                       52 us
[138.680s][info][gc,stats       ]     CLDG                              2 us
[138.680s][info][gc,stats       ]     Exception Caches                  0 us
[138.680s][info][gc,stats       ] Pause Final Roots (G)                42 us
[138.680s][info][gc,stats       ] Pause Final Roots (N)                23 us
[138.680s][info][gc,stats       ] Pacing                            46936 us
[138.680s][info][gc,stats       ] 
[138.680s][info][gc,stats       ] Allocation pacing accrued:
[138.680s][info][gc,stats       ]      47 of  1467 ms (  3.2%): main
[138.680s][info][gc,stats       ]      47 of  1467 ms (  3.2%): <total>
[138.680s][info][gc,stats       ]       4 of  1467 ms (  0.2%): <average total>
[138.680s][info][gc,stats       ]      47 of  1467 ms (  3.2%): <average non-zero>
[138.680s][info][gc,stats       ] 
[138.680s][info][gc,metaspace   ] Metaspace: 1071K(1280K)->1071K(1280K) NonClass: 989K(1088K)->989K(1088K) Class: 81K(192K)->81K(192K)
[138.680s][info][gc,ergo        ] Pacer for Idle. Initial: 10485K, Alloc Tax Rate: 1.0x
[140.140s][info][gc             ] Trigger: Average GC time (4.18 ms) is above the time for average allocation rate (294 MB/s) to deplete free headroom (0B) (margin of error = 2.83)
[140.140s][info][gc,ergo        ] Free headroom: 148M (free) - 26214K (spike) - 163M (penalties) = 0B
[140.140s][info][gc,ergo        ] Free: 148M, Max: 256K regular, 143M humongous, Frag: 4% external, 0% internal; Reserve: 26368K, Max: 256K
[140.140s][info][gc,start       ] GC(84) Concurrent reset
[140.140s][info][gc,task        ] GC(84) Using 3 of 6 workers for concurrent reset
[140.140s][info][gc,ergo        ] GC(84) Pacer for Reset. Non-Taxable: 512M
[140.141s][info][gc             ] GC(84) Concurrent reset 0.362ms
[140.141s][info][gc,start       ] GC(84) Pause Init Mark (unload classes)
[140.141s][info][gc,task        ] GC(84) Using 6 of 6 workers for init marking
[140.141s][info][gc,ergo        ] GC(84) Pacer for Mark. Expected Live: 112M, Free: 148M, Non-Taxable: 15207K, Alloc Tax Rate: 0.9x
[140.141s][info][gc             ] GC(84) Pause Init Mark (unload classes) 0.125ms
[140.141s][info][gc,start       ] GC(84) Concurrent marking roots
[140.141s][info][gc,task        ] GC(84) Using 3 of 6 workers for concurrent marking roots
[140.141s][info][gc             ] GC(84) Concurrent marking roots 0.317ms
[140.141s][info][gc,start       ] GC(84) Concurrent marking (unload classes)
[140.141s][info][gc,task        ] GC(84) Using 3 of 6 workers for concurrent marking
[140.142s][info][gc             ] GC(84) Concurrent marking (unload classes) 0.744ms
[140.142s][info][gc,start       ] GC(84) Pause Final Mark (unload classes)
[140.142s][info][gc,task        ] GC(84) Using 6 of 6 workers for final marking
[140.142s][info][gc,ergo        ] GC(84) Collectable Garbage: 197M (99%), Immediate: 197M (99%), CSet: 0B (0%)
[140.142s][info][gc             ] GC(84) Pause Final Mark (unload classes) 0.264ms
[140.142s][info][gc,start       ] GC(84) Concurrent weak references
[140.142s][info][gc,task        ] GC(84) Using 3 of 6 workers for concurrent weak references
[140.142s][info][gc,ref         ] GC(84) Encountered references: Soft: 45, Weak: 116, Final: 0, Phantom: 7
[140.142s][info][gc,ref         ] GC(84) Discovered  references: Soft: 0, Weak: 84, Final: 0, Phantom: 5
[140.142s][info][gc,ref         ] GC(84) Enqueued    references: Soft: 0, Weak: 0, Final: 0, Phantom: 0
[140.142s][info][gc             ] GC(84) Concurrent weak references 0.111ms
[140.142s][info][gc,start       ] GC(84) Concurrent weak roots
[140.142s][info][gc,task        ] GC(84) Using 3 of 6 workers for concurrent weak root
[140.143s][info][gc             ] GC(84) Concurrent weak roots 0.172ms
[140.143s][info][gc,start       ] GC(84) Concurrent cleanup
[140.143s][info][gc             ] GC(84) Concurrent cleanup 333M->136M(512M) 0.044ms
[140.143s][info][gc,ergo        ] GC(84) Free: 348M, Max: 256K regular, 152M humongous, Frag: 57% external, 0% internal; Reserve: 26368K, Max: 256K
[140.143s][info][gc,start       ] GC(84) Concurrent class unloading
[140.143s][info][gc,task        ] GC(84) Using 3 of 6 workers for concurrent class unloading
[140.143s][info][gc             ] GC(84) Concurrent class unloading 0.284ms
[140.143s][info][gc,start       ] GC(84) Pause Final Roots
[140.143s][info][gc             ] GC(84) Pause Final Roots 0.019ms
[140.143s][info][gc,ergo        ] Free: 348M, Max: 256K regular, 152M humongous, Frag: 57% external, 0% internal; Reserve: 26368K, Max: 256K
[140.143s][info][gc,stats       ] 
[140.143s][info][gc,stats       ] All times are wall-clock times, except per-root-class counters, that are sum over
[140.143s][info][gc,stats       ] all workers. Dividing the <total> over the root stage time estimates parallelism.
[140.143s][info][gc,stats       ] 
[140.143s][info][gc,stats       ] Concurrent Reset                    382 us
[140.143s][info][gc,stats       ] Pause Init Mark (G)                 249 us
[140.143s][info][gc,stats       ] Pause Init Mark (N)                 134 us
[140.143s][info][gc,stats       ]   Update Region States               73 us
[140.143s][info][gc,stats       ] Concurrent Mark Roots               336 us, parallelism: 0.97x
[140.143s][info][gc,stats       ]   CMR: <total>                      325 us
[140.143s][info][gc,stats       ]   CMR: Thread Roots                 289 us, workers (us):  66,  34, 189, ---, ---, ---, 
[140.143s][info][gc,stats       ]   CMR: VM Strong Roots                5 us, workers (us):   2,   1,   2, ---, ---, ---, 
[140.143s][info][gc,stats       ]   CMR: CLDG Roots                    31 us, workers (us): ---,  31, ---, ---, ---, ---, 
[140.143s][info][gc,stats       ] Concurrent Marking                  763 us
[140.143s][info][gc,stats       ] Pause Final Mark (G)                373 us
[140.143s][info][gc,stats       ] Pause Final Mark (N)                275 us
[140.143s][info][gc,stats       ]   Finish Mark                       133 us
[140.143s][info][gc,stats       ]   Update Region States               57 us
[140.143s][info][gc,stats       ]   Choose Collection Set              37 us
[140.143s][info][gc,stats       ]   Rebuild Free Set                    8 us
[140.143s][info][gc,stats       ] Concurrent Weak References          119 us, parallelism: 0.03x
[140.143s][info][gc,stats       ]   CWRF: <total>                       4 us
[140.143s][info][gc,stats       ]   CWRF: Weak References               4 us, workers (us):   3,   0,   0, ---, ---, ---, 
[140.143s][info][gc,stats       ] Concurrent Weak Roots               186 us
[140.143s][info][gc,stats       ]   Roots                              95 us, parallelism: 1.05x
[140.143s][info][gc,stats       ]     CWR: <total>                     99 us
[140.143s][info][gc,stats       ]     CWR: Code Cache Roots            49 us, workers (us):  15,  34,   0, ---, ---, ---, 
[140.143s][info][gc,stats       ]     CWR: VM Weak Roots               41 us, workers (us):  37,   2,   2, ---, ---, ---, 
[140.143s][info][gc,stats       ]     CWR: CLDG Roots                   9 us, workers (us): ---, ---,   9, ---, ---, ---, 
[140.143s][info][gc,stats       ]   Rendezvous                         61 us
[140.143s][info][gc,stats       ] Concurrent Cleanup                   54 us
[140.143s][info][gc,stats       ] Concurrent Class Unloading          297 us
[140.143s][info][gc,stats       ]   Unlink Stale                      150 us
[140.143s][info][gc,stats       ]     System Dictionary                 1 us
[140.143s][info][gc,stats       ]     Weak Class Links                  0 us
[140.143s][info][gc,stats       ]     Code Roots                      148 us
[140.143s][info][gc,stats       ]   Rendezvous                         56 us
[140.143s][info][gc,stats       ]   Purge Unlinked                     59 us
[140.143s][info][gc,stats       ]     Code Roots                       56 us
[140.143s][info][gc,stats       ]     CLDG                              3 us
[140.143s][info][gc,stats       ]     Exception Caches                  0 us
[140.143s][info][gc,stats       ] Pause Final Roots (G)                92 us
[140.143s][info][gc,stats       ] Pause Final Roots (N)                28 us
[140.143s][info][gc,stats       ] Pacing                            46796 us
[140.143s][info][gc,stats       ] 
[140.143s][info][gc,stats       ] Allocation pacing accrued:
[140.143s][info][gc,stats       ]      47 of  1463 ms (  3.2%): main
[140.143s][info][gc,stats       ]      47 of  1463 ms (  3.2%): <total>
[140.143s][info][gc,stats       ]       4 of  1463 ms (  0.2%): <average total>
[140.143s][info][gc,stats       ]      47 of  1463 ms (  3.2%): <average non-zero>
[140.143s][info][gc,stats       ] 
[140.144s][info][gc,metaspace   ] Metaspace: 1071K(1280K)->1071K(1280K) NonClass: 989K(1088K)->989K(1088K) Class: 81K(192K)->81K(192K)
[140.144s][info][gc,ergo        ] Pacer for Idle. Initial: 10485K, Alloc Tax Rate: 1.0x
[142.673s][info][gc             ] Trigger: Average GC time (3.90 ms) is above the time for average allocation rate (86399 KB/s) to deplete free headroom (0B) (margin of error = 2.83)
[142.673s][info][gc,ergo        ] Free headroom: 181M (free) - 26214K (spike) - 158M (penalties) = 0B
[142.673s][info][gc,ergo        ] Free: 181M, Max: 256K regular, 143M humongous, Frag: 22% external, 0% internal; Reserve: 26368K, Max: 256K
[142.673s][info][gc,start       ] GC(85) Concurrent reset
[142.673s][info][gc,task        ] GC(85) Using 3 of 6 workers for concurrent reset
[142.673s][info][gc,ergo        ] GC(85) Pacer for Reset. Non-Taxable: 512M
[142.673s][info][gc             ] GC(85) Concurrent reset 0.292ms
[142.673s][info][gc,start       ] GC(85) Pause Init Mark (unload classes)
[142.673s][info][gc,task        ] GC(85) Using 6 of 6 workers for init marking
[142.673s][info][gc,ergo        ] GC(85) Pacer for Mark. Expected Live: 128M, Free: 181M, Non-Taxable: 18612K, Alloc Tax Rate: 0.9x
[142.674s][info][gc             ] GC(85) Pause Init Mark (unload classes) 0.153ms
[142.674s][info][gc,start       ] GC(85) Concurrent marking roots
[142.674s][info][gc,task        ] GC(85) Using 3 of 6 workers for concurrent marking roots
[142.674s][info][gc             ] GC(85) Concurrent marking roots 0.336ms
[142.674s][info][gc,start       ] GC(85) Concurrent marking (unload classes)
[142.674s][info][gc,task        ] GC(85) Using 3 of 6 workers for concurrent marking
[142.675s][info][gc             ] GC(85) Concurrent marking (unload classes) 0.872ms
[142.675s][info][gc,start       ] GC(85) Pause Final Mark (unload classes)
[142.675s][info][gc,task        ] GC(85) Using 6 of 6 workers for final marking
[142.675s][info][gc,ergo        ] GC(85) Collectable Garbage: 282M (99%), Immediate: 282M (99%), CSet: 0B (0%)
[142.675s][info][gc             ] GC(85) Pause Final Mark (unload classes) 0.319ms
[142.675s][info][gc,start       ] GC(85) Concurrent weak references
[142.675s][info][gc,task        ] GC(85) Using 3 of 6 workers for concurrent weak references
[142.675s][info][gc,ref         ] GC(85) Encountered references: Soft: 45, Weak: 116, Final: 0, Phantom: 7
[142.675s][info][gc,ref         ] GC(85) Discovered  references: Soft: 0, Weak: 68, Final: 0, Phantom: 5
[142.675s][info][gc,ref         ] GC(85) Enqueued    references: Soft: 0, Weak: 0, Final: 0, Phantom: 0
[142.675s][info][gc             ] GC(85) Concurrent weak references 0.148ms
[142.675s][info][gc,start       ] GC(85) Concurrent weak roots
[142.675s][info][gc,task        ] GC(85) Using 3 of 6 workers for concurrent weak root
[142.676s][info][gc             ] GC(85) Concurrent weak roots 0.258ms
[142.676s][info][gc,start       ] GC(85) Concurrent cleanup
[142.676s][info][gc             ] GC(85) Concurrent cleanup 298M->16M(512M) 0.067ms
[142.676s][info][gc,ergo        ] GC(85) Free: 469M, Max: 256K regular, 274M humongous, Frag: 42% external, 0% internal; Reserve: 26368K, Max: 256K
[142.676s][info][gc,start       ] GC(85) Concurrent class unloading
[142.676s][info][gc,task        ] GC(85) Using 3 of 6 workers for concurrent class unloading
[142.676s][info][gc             ] GC(85) Concurrent class unloading 0.431ms
[142.676s][info][gc,start       ] GC(85) Pause Final Roots
[142.676s][info][gc             ] GC(85) Pause Final Roots 0.021ms
[142.676s][info][gc,ergo        ] Free: 469M, Max: 256K regular, 274M humongous, Frag: 42% external, 0% internal; Reserve: 26368K, Max: 256K
[142.676s][info][gc,stats       ] 
[142.676s][info][gc,stats       ] All times are wall-clock times, except per-root-class counters, that are sum over
[142.676s][info][gc,stats       ] all workers. Dividing the <total> over the root stage time estimates parallelism.
[142.676s][info][gc,stats       ] 
[142.676s][info][gc,stats       ] Concurrent Reset                    334 us
[142.676s][info][gc,stats       ] Pause Init Mark (G)                 249 us
[142.676s][info][gc,stats       ] Pause Init Mark (N)                 168 us
[142.676s][info][gc,stats       ]   Update Region States               88 us
[142.676s][info][gc,stats       ] Concurrent Mark Roots               355 us, parallelism: 1.27x
[142.676s][info][gc,stats       ]   CMR: <total>                      451 us
[142.677s][info][gc,stats       ]   CMR: Thread Roots                 389 us, workers (us):  81, 211,  96, ---, ---, ---, 
[142.677s][info][gc,stats       ]   CMR: VM Strong Roots                9 us, workers (us):   4,   2,   3, ---, ---, ---, 
[142.677s][info][gc,stats       ]   CMR: CLDG Roots                    53 us, workers (us): ---,  53, ---, ---, ---, ---, 
[142.677s][info][gc,stats       ] Concurrent Marking                  901 us
[142.677s][info][gc,stats       ] Pause Final Mark (G)                416 us
[142.677s][info][gc,stats       ] Pause Final Mark (N)                330 us
[142.677s][info][gc,stats       ]   Finish Mark                       128 us
[142.677s][info][gc,stats       ]   Update Region States               85 us
[142.677s][info][gc,stats       ]   Choose Collection Set              62 us
[142.677s][info][gc,stats       ]   Rebuild Free Set                   11 us
[142.677s][info][gc,stats       ] Concurrent Weak References          157 us, parallelism: 0.05x
[142.677s][info][gc,stats       ]   CWRF: <total>                       9 us
[142.677s][info][gc,stats       ]   CWRF: Weak References               9 us, workers (us):   7,   2,   0, ---, ---, ---, 
[142.677s][info][gc,stats       ] Concurrent Weak Roots               277 us
[142.677s][info][gc,stats       ]   Roots                             134 us, parallelism: 0.87x
[142.677s][info][gc,stats       ]     CWR: <total>                    117 us
[142.677s][info][gc,stats       ]     CWR: Code Cache Roots            63 us, workers (us):  24,  39,   0, ---, ---, ---, 
[142.677s][info][gc,stats       ]     CWR: VM Weak Roots               52 us, workers (us):  21,  18,  14, ---, ---, ---, 
[142.677s][info][gc,stats       ]     CWR: CLDG Roots                   1 us, workers (us): ---, ---,   1, ---, ---, ---, 
[142.677s][info][gc,stats       ]   Rendezvous                        106 us
[142.677s][info][gc,stats       ] Concurrent Cleanup                   87 us
[142.677s][info][gc,stats       ] Concurrent Class Unloading          452 us
[142.677s][info][gc,stats       ]   Unlink Stale                      270 us
[142.677s][info][gc,stats       ]     System Dictionary                 2 us
[142.677s][info][gc,stats       ]     Weak Class Links                  0 us
[142.677s][info][gc,stats       ]     Code Roots                      267 us
[142.677s][info][gc,stats       ]   Rendezvous                         66 us
[142.677s][info][gc,stats       ]   Purge Unlinked                     78 us
[142.677s][info][gc,stats       ]     Code Roots                       73 us
[142.677s][info][gc,stats       ]     CLDG                              4 us
[142.677s][info][gc,stats       ]     Exception Caches                  0 us
[142.677s][info][gc,stats       ] Pause Final Roots (G)               124 us
[142.677s][info][gc,stats       ] Pause Final Roots (N)                30 us
[142.677s][info][gc,stats       ] Pacing                            31663 us
[142.677s][info][gc,stats       ] 
[142.677s][info][gc,stats       ] Allocation pacing accrued:
[142.677s][info][gc,stats       ]      32 of  2533 ms (  1.2%): main
[142.677s][info][gc,stats       ]      32 of  2533 ms (  1.2%): <total>
[142.677s][info][gc,stats       ]       2 of  2533 ms (  0.1%): <average total>
[142.677s][info][gc,stats       ]      32 of  2533 ms (  1.2%): <average non-zero>
[142.677s][info][gc,stats       ] 
[142.677s][info][gc,metaspace   ] Metaspace: 1071K(1280K)->1071K(1280K) NonClass: 989K(1088K)->989K(1088K) Class: 81K(192K)->81K(192K)
[142.677s][info][gc,ergo        ] Pacer for Idle. Initial: 10485K, Alloc Tax Rate: 1.0x
[144.393s][info][gc             ] Trigger: Average GC time (4.25 ms) is above the time for average allocation rate (139 MB/s) to deplete free headroom (0B) (margin of error = 2.81)
[144.393s][info][gc,ergo        ] Free headroom: 173M (free) - 26214K (spike) - 153M (penalties) = 0B
[144.393s][info][gc,ergo        ] Free: 173M, Max: 256K regular, 167M humongous, Frag: 4% external, 0% internal; Reserve: 26368K, Max: 256K
[144.393s][info][gc,start       ] GC(86) Concurrent reset
[144.393s][info][gc,task        ] GC(86) Using 3 of 6 workers for concurrent reset
[144.393s][info][gc,ergo        ] GC(86) Pacer for Reset. Non-Taxable: 512M
[144.393s][info][gc             ] GC(86) Concurrent reset 0.188ms
[144.393s][info][gc,start       ] GC(86) Pause Init Mark (unload classes)
[144.393s][info][gc,task        ] GC(86) Using 6 of 6 workers for init marking
[144.393s][info][gc,ergo        ] GC(86) Pacer for Mark. Expected Live: 100536K, Free: 173M, Non-Taxable: 17716K, Alloc Tax Rate: 0.7x
[144.393s][info][gc             ] GC(86) Pause Init Mark (unload classes) 0.155ms
[144.393s][info][gc,start       ] GC(86) Concurrent marking roots
[144.393s][info][gc,task        ] GC(86) Using 3 of 6 workers for concurrent marking roots
[144.394s][info][gc             ] GC(86) Concurrent marking roots 0.269ms
[144.394s][info][gc,start       ] GC(86) Concurrent marking (unload classes)
[144.394s][info][gc,task        ] GC(86) Using 3 of 6 workers for concurrent marking
[144.394s][info][gc             ] GC(86) Concurrent marking (unload classes) 0.677ms
[144.394s][info][gc,start       ] GC(86) Pause Final Mark (unload classes)
[144.394s][info][gc,task        ] GC(86) Using 6 of 6 workers for final marking
[144.395s][info][gc,ergo        ] GC(86) Collectable Garbage: 147M (99%), Immediate: 147M (99%), CSet: 0B (0%)
[144.395s][info][gc             ] GC(86) Pause Final Mark (unload classes) 0.205ms
[144.395s][info][gc,start       ] GC(86) Concurrent weak references
[144.395s][info][gc,task        ] GC(86) Using 3 of 6 workers for concurrent weak references
[144.395s][info][gc,ref         ] GC(86) Encountered references: Soft: 45, Weak: 116, Final: 0, Phantom: 7
[144.395s][info][gc,ref         ] GC(86) Discovered  references: Soft: 0, Weak: 68, Final: 0, Phantom: 5
[144.395s][info][gc,ref         ] GC(86) Enqueued    references: Soft: 0, Weak: 0, Final: 0, Phantom: 0
[144.395s][info][gc             ] GC(86) Concurrent weak references 0.085ms
[144.395s][info][gc,start       ] GC(86) Concurrent weak roots
[144.395s][info][gc,task        ] GC(86) Using 3 of 6 workers for concurrent weak root
[144.395s][info][gc             ] GC(86) Concurrent weak roots 0.192ms
[144.395s][info][gc,start       ] GC(86) Concurrent cleanup
[144.395s][info][gc             ] GC(86) Concurrent cleanup 308M->161M(512M) 0.039ms
[144.395s][info][gc,ergo        ] GC(86) Free: 323M, Max: 256K regular, 167M humongous, Frag: 49% external, 0% internal; Reserve: 26368K, Max: 256K
[144.395s][info][gc,start       ] GC(86) Concurrent class unloading
[144.395s][info][gc,task        ] GC(86) Using 3 of 6 workers for concurrent class unloading
[144.395s][info][gc             ] GC(86) Concurrent class unloading 0.362ms
[144.395s][info][gc,start       ] GC(86) Pause Final Roots
[144.395s][info][gc             ] GC(86) Pause Final Roots 0.018ms
[144.395s][info][gc,ergo        ] Free: 323M, Max: 256K regular, 167M humongous, Frag: 49% external, 0% internal; Reserve: 26368K, Max: 256K
[144.396s][info][gc,stats       ] 
[144.396s][info][gc,stats       ] All times are wall-clock times, except per-root-class counters, that are sum over
[144.396s][info][gc,stats       ] all workers. Dividing the <total> over the root stage time estimates parallelism.
[144.396s][info][gc,stats       ] 
[144.396s][info][gc,stats       ] Concurrent Reset                    200 us
[144.396s][info][gc,stats       ] Pause Init Mark (G)                 241 us
[144.396s][info][gc,stats       ] Pause Init Mark (N)                 165 us
[144.396s][info][gc,stats       ]   Update Region States              101 us
[144.396s][info][gc,stats       ] Concurrent Mark Roots               287 us, parallelism: 1.12x
[144.396s][info][gc,stats       ]   CMR: <total>                      323 us
[144.396s][info][gc,stats       ]   CMR: Thread Roots                 291 us, workers (us):  76, 179,  36, ---, ---, ---, 
[144.396s][info][gc,stats       ]   CMR: VM Strong Roots                4 us, workers (us):   2,   1,   0, ---, ---, ---, 
[144.396s][info][gc,stats       ]   CMR: CLDG Roots                    28 us, workers (us): ---,  28, ---, ---, ---, ---, 
[144.396s][info][gc,stats       ] Concurrent Marking                  695 us
[144.396s][info][gc,stats       ] Pause Final Mark (G)                264 us
[144.396s][info][gc,stats       ] Pause Final Mark (N)                215 us
[144.396s][info][gc,stats       ]   Finish Mark                        75 us
[144.396s][info][gc,stats       ]   Update Region States               57 us
[144.396s][info][gc,stats       ]   Choose Collection Set              34 us
[144.396s][info][gc,stats       ]   Rebuild Free Set                    8 us
[144.396s][info][gc,stats       ] Concurrent Weak References           93 us, parallelism: 0.04x
[144.396s][info][gc,stats       ]   CWRF: <total>                       4 us
[144.396s][info][gc,stats       ]   CWRF: Weak References               4 us, workers (us):   3,   1,   0, ---, ---, ---, 
[144.396s][info][gc,stats       ] Concurrent Weak Roots               206 us
[144.396s][info][gc,stats       ]   Roots                             113 us, parallelism: 1.00x
[144.396s][info][gc,stats       ]     CWR: <total>                    114 us
[144.396s][info][gc,stats       ]     CWR: Code Cache Roots            73 us, workers (us):   0,  22,  50, ---, ---, ---, 
[144.396s][info][gc,stats       ]     CWR: VM Weak Roots               40 us, workers (us):  39,   1,   1, ---, ---, ---, 
[144.396s][info][gc,stats       ]     CWR: CLDG Roots                   1 us, workers (us):   1, ---, ---, ---, ---, ---, 
[144.396s][info][gc,stats       ]   Rendezvous                         62 us
[144.396s][info][gc,stats       ] Concurrent Cleanup                   49 us
[144.396s][info][gc,stats       ] Concurrent Class Unloading          380 us
[144.396s][info][gc,stats       ]   Unlink Stale                      186 us
[144.396s][info][gc,stats       ]     System Dictionary                 1 us
[144.396s][info][gc,stats       ]     Weak Class Links                  0 us
[144.396s][info][gc,stats       ]     Code Roots                      184 us
[144.396s][info][gc,stats       ]   Rendezvous                         65 us
[144.396s][info][gc,stats       ]   Purge Unlinked                     94 us
[144.396s][info][gc,stats       ]     Code Roots                       89 us
[144.396s][info][gc,stats       ]     CLDG                              4 us
[144.396s][info][gc,stats       ]     Exception Caches                  0 us
[144.396s][info][gc,stats       ] Pause Final Roots (G)               115 us
[144.396s][info][gc,stats       ] Pause Final Roots (N)                27 us
[144.396s][info][gc,stats       ] Pacing                            91749 us
[144.396s][info][gc,stats       ] 
[144.396s][info][gc,stats       ] Allocation pacing accrued:
[144.396s][info][gc,stats       ]      92 of  1719 ms (  5.3%): main
[144.396s][info][gc,stats       ]      92 of  1719 ms (  5.3%): <total>
[144.396s][info][gc,stats       ]       7 of  1719 ms (  0.4%): <average total>
[144.396s][info][gc,stats       ]      92 of  1719 ms (  5.3%): <average non-zero>
[144.396s][info][gc,stats       ] 
[144.396s][info][gc,metaspace   ] Metaspace: 1071K(1280K)->1071K(1280K) NonClass: 989K(1088K)->989K(1088K) Class: 81K(192K)->81K(192K)
[144.396s][info][gc,ergo        ] Pacer for Idle. Initial: 10485K, Alloc Tax Rate: 1.0x
[146.484s][info][gc             ] Trigger: Average GC time (3.93 ms) is above the time for average allocation rate (41459 KB/s) to deplete free headroom (0B) (margin of error = 2.82)
[146.484s][info][gc,ergo        ] Free headroom: 170M (free) - 26214K (spike) - 148M (penalties) = 0B
[146.484s][info][gc,ergo        ] Free: 170M, Max: 256K regular, 68608K humongous, Frag: 61% external, 0% internal; Reserve: 26368K, Max: 256K
[146.484s][info][gc,start       ] GC(87) Concurrent reset
[146.484s][info][gc,task        ] GC(87) Using 3 of 6 workers for concurrent reset
[146.484s][info][gc,ergo        ] GC(87) Pacer for Reset. Non-Taxable: 512M
[146.484s][info][gc             ] GC(87) Concurrent reset 0.321ms
[146.484s][info][gc,start       ] GC(87) Pause Init Mark (unload classes)
[146.484s][info][gc,task        ] GC(87) Using 6 of 6 workers for init marking
[146.484s][info][gc,ergo        ] GC(87) Pacer for Mark. Expected Live: 108M, Free: 170M, Non-Taxable: 17485K, Alloc Tax Rate: 0.8x
[146.484s][info][gc             ] GC(87) Pause Init Mark (unload classes) 0.116ms
[146.484s][info][gc,start       ] GC(87) Concurrent marking roots
[146.484s][info][gc,task        ] GC(87) Using 3 of 6 workers for concurrent marking roots
[146.485s][info][gc             ] GC(87) Concurrent marking roots 0.735ms
[146.485s][info][gc,start       ] GC(87) Concurrent marking (unload classes)
[146.485s][info][gc,task        ] GC(87) Using 3 of 6 workers for concurrent marking
[146.486s][info][gc             ] GC(87) Concurrent marking (unload classes) 0.734ms
[146.486s][info][gc,start       ] GC(87) Pause Final Mark (unload classes)
[146.486s][info][gc,task        ] GC(87) Using 6 of 6 workers for final marking
[146.486s][info][gc,ergo        ] GC(87) Collectable Garbage: 303M (99%), Immediate: 303M (99%), CSet: 0B (0%)
[146.486s][info][gc             ] GC(87) Pause Final Mark (unload classes) 0.244ms
[146.486s][info][gc,start       ] GC(87) Concurrent weak references
[146.486s][info][gc,task        ] GC(87) Using 3 of 6 workers for concurrent weak references
[146.486s][info][gc,ref         ] GC(87) Encountered references: Soft: 45, Weak: 116, Final: 0, Phantom: 7
[146.486s][info][gc,ref         ] GC(87) Discovered  references: Soft: 0, Weak: 72, Final: 0, Phantom: 5
[146.486s][info][gc,ref         ] GC(87) Enqueued    references: Soft: 0, Weak: 0, Final: 0, Phantom: 0
[146.486s][info][gc             ] GC(87) Concurrent weak references 0.112ms
[146.486s][info][gc,start       ] GC(87) Concurrent weak roots
[146.486s][info][gc,task        ] GC(87) Using 3 of 6 workers for concurrent weak root
[146.487s][info][gc             ] GC(87) Concurrent weak roots 0.119ms
[146.487s][info][gc,start       ] GC(87) Concurrent cleanup
[146.487s][info][gc             ] GC(87) Concurrent cleanup 310M->7M(512M) 0.064ms
[146.487s][info][gc,ergo        ] GC(87) Free: 478M, Max: 256K regular, 431M humongous, Frag: 10% external, 0% internal; Reserve: 26368K, Max: 256K
[146.487s][info][gc,start       ] GC(87) Concurrent class unloading
[146.487s][info][gc,task        ] GC(87) Using 3 of 6 workers for concurrent class unloading
[146.487s][info][gc             ] GC(87) Concurrent class unloading 0.237ms
[146.487s][info][gc,start       ] GC(87) Pause Final Roots
[146.487s][info][gc             ] GC(87) Pause Final Roots 0.015ms
[146.487s][info][gc,ergo        ] Free: 478M, Max: 256K regular, 431M humongous, Frag: 10% external, 0% internal; Reserve: 26368K, Max: 256K
[146.487s][info][gc,stats       ] 
[146.487s][info][gc,stats       ] All times are wall-clock times, except per-root-class counters, that are sum over
[146.487s][info][gc,stats       ] all workers. Dividing the <total> over the root stage time estimates parallelism.
[146.487s][info][gc,stats       ] 
[146.487s][info][gc,stats       ] Concurrent Reset                    339 us
[146.487s][info][gc,stats       ] Pause Init Mark (G)                 225 us
[146.487s][info][gc,stats       ] Pause Init Mark (N)                 125 us
[146.487s][info][gc,stats       ]   Update Region States               66 us
[146.487s][info][gc,stats       ] Concurrent Mark Roots               753 us, parallelism: 1.81x
[146.487s][info][gc,stats       ]   CMR: <total>                     1365 us
[146.487s][info][gc,stats       ]   CMR: Thread Roots                1334 us, workers (us): 200, 487, 647, ---, ---, ---, 
[146.487s][info][gc,stats       ]   CMR: VM Strong Roots                4 us, workers (us):   3,   0,   0, ---, ---, ---, 
[146.487s][info][gc,stats       ]   CMR: CLDG Roots                    27 us, workers (us):  27, ---, ---, ---, ---, ---, 
[146.487s][info][gc,stats       ] Concurrent Marking                  751 us
[146.487s][info][gc,stats       ] Pause Final Mark (G)                325 us
[146.487s][info][gc,stats       ] Pause Final Mark (N)                254 us
[146.487s][info][gc,stats       ]   Finish Mark                        98 us
[146.487s][info][gc,stats       ]   Update Region States               68 us
[146.487s][info][gc,stats       ]   Choose Collection Set              39 us
[146.487s][info][gc,stats       ]   Rebuild Free Set                    9 us
[146.487s][info][gc,stats       ] Concurrent Weak References          120 us, parallelism: 0.05x
[146.487s][info][gc,stats       ]   CWRF: <total>                       6 us
[146.487s][info][gc,stats       ]   CWRF: Weak References               6 us, workers (us):   4,   1,   0, ---, ---, ---, 
[146.487s][info][gc,stats       ] Concurrent Weak Roots               133 us
[146.487s][info][gc,stats       ]   Roots                              76 us, parallelism: 1.21x
[146.487s][info][gc,stats       ]     CWR: <total>                     92 us
[146.487s][info][gc,stats       ]     CWR: Code Cache Roots            49 us, workers (us):  15,  34,   0, ---, ---, ---, 
[146.487s][info][gc,stats       ]     CWR: VM Weak Roots               42 us, workers (us):  22,  20,   0, ---, ---, ---, 
[146.487s][info][gc,stats       ]     CWR: CLDG Roots                   1 us, workers (us):   1, ---, ---, ---, ---, ---, 
[146.487s][info][gc,stats       ]   Rendezvous                         26 us
[146.487s][info][gc,stats       ] Concurrent Cleanup                   74 us
[146.487s][info][gc,stats       ] Concurrent Class Unloading          247 us
[146.487s][info][gc,stats       ]   Unlink Stale                      148 us
[146.487s][info][gc,stats       ]     System Dictionary                 1 us
[146.487s][info][gc,stats       ]     Weak Class Links                  0 us
[146.487s][info][gc,stats       ]     Code Roots                      146 us
[146.487s][info][gc,stats       ]   Rendezvous                         22 us
[146.487s][info][gc,stats       ]   Purge Unlinked                     50 us
[146.487s][info][gc,stats       ]     Code Roots                       47 us
[146.487s][info][gc,stats       ]     CLDG                              2 us
[146.487s][info][gc,stats       ]     Exception Caches                  0 us
[146.487s][info][gc,stats       ] Pause Final Roots (G)                45 us
[146.487s][info][gc,stats       ] Pause Final Roots (N)                24 us
[146.487s][info][gc,stats       ] Pacing                            27290 us
[146.487s][info][gc,stats       ] 
[146.487s][info][gc,stats       ] Allocation pacing accrued:
[146.487s][info][gc,stats       ]      27 of  2091 ms (  1.3%): main
[146.487s][info][gc,stats       ]      27 of  2091 ms (  1.3%): <total>
[146.487s][info][gc,stats       ]       2 of  2091 ms (  0.1%): <average total>
[146.487s][info][gc,stats       ]      27 of  2091 ms (  1.3%): <average non-zero>
[146.487s][info][gc,stats       ] 
[146.487s][info][gc,metaspace   ] Metaspace: 1071K(1280K)->1071K(1280K) NonClass: 989K(1088K)->989K(1088K) Class: 81K(192K)->81K(192K)
[146.487s][info][gc,ergo        ] Pacer for Idle. Initial: 10485K, Alloc Tax Rate: 1.0x
[148.727s][info][gc             ] Trigger: Average GC time (3.77 ms) is above the time for average allocation rate (139 MB/s) to deplete free headroom (0B) (margin of error = 2.80)
[148.728s][info][gc,ergo        ] Free headroom: 145M (free) - 26214K (spike) - 143M (penalties) = 0B
[148.728s][info][gc,ergo        ] Free: 145M, Max: 256K regular, 143M humongous, Frag: 2% external, 0% internal; Reserve: 26368K, Max: 256K
[148.728s][info][gc,start       ] GC(88) Concurrent reset
[148.728s][info][gc,task        ] GC(88) Using 3 of 6 workers for concurrent reset
[148.728s][info][gc,ergo        ] GC(88) Pacer for Reset. Non-Taxable: 512M
[148.728s][info][gc             ] GC(88) Concurrent reset 0.225ms
[148.728s][info][gc,start       ] GC(88) Pause Init Mark (unload classes)
[148.728s][info][gc,task        ] GC(88) Using 6 of 6 workers for init marking
[148.728s][info][gc,ergo        ] GC(88) Pacer for Mark. Expected Live: 88863K, Free: 145M, Non-Taxable: 14925K, Alloc Tax Rate: 0.7x
[148.728s][info][gc             ] GC(88) Pause Init Mark (unload classes) 0.170ms
[148.728s][info][gc,start       ] GC(88) Concurrent marking roots
[148.728s][info][gc,task        ] GC(88) Using 3 of 6 workers for concurrent marking roots
[148.728s][info][gc             ] GC(88) Concurrent marking roots 0.303ms
[148.728s][info][gc,start       ] GC(88) Concurrent marking (unload classes)
[148.728s][info][gc,task        ] GC(88) Using 3 of 6 workers for concurrent marking
[148.729s][info][gc             ] GC(88) Concurrent marking (unload classes) 0.740ms
[148.729s][info][gc,start       ] GC(88) Pause Final Mark (unload classes)
[148.729s][info][gc,task        ] GC(88) Using 6 of 6 workers for final marking
[148.729s][info][gc,ergo        ] GC(88) Collectable Garbage: 257M (99%), Immediate: 257M (99%), CSet: 0B (0%)
[148.729s][info][gc             ] GC(88) Pause Final Mark (unload classes) 0.208ms
[148.729s][info][gc,start       ] GC(88) Concurrent weak references
[148.729s][info][gc,task        ] GC(88) Using 3 of 6 workers for concurrent weak references
[148.730s][info][gc,ref         ] GC(88) Encountered references: Soft: 45, Weak: 116, Final: 0, Phantom: 7
[148.730s][info][gc,ref         ] GC(88) Discovered  references: Soft: 0, Weak: 76, Final: 0, Phantom: 5
[148.730s][info][gc,ref         ] GC(88) Enqueued    references: Soft: 0, Weak: 0, Final: 0, Phantom: 0
[148.730s][info][gc             ] GC(88) Concurrent weak references 0.100ms
[148.730s][info][gc,start       ] GC(88) Concurrent weak roots
[148.730s][info][gc,task        ] GC(88) Using 3 of 6 workers for concurrent weak root
[148.730s][info][gc             ] GC(88) Concurrent weak roots 0.194ms
[148.730s][info][gc,start       ] GC(88) Concurrent cleanup
[148.730s][info][gc             ] GC(88) Concurrent cleanup 334M->77M(512M) 0.059ms
[148.730s][info][gc,ergo        ] GC(88) Free: 407M, Max: 256K regular, 223M humongous, Frag: 46% external, 0% internal; Reserve: 26368K, Max: 256K
[148.730s][info][gc,start       ] GC(88) Concurrent class unloading
[148.730s][info][gc,task        ] GC(88) Using 3 of 6 workers for concurrent class unloading
[148.730s][info][gc             ] GC(88) Concurrent class unloading 0.230ms
[148.730s][info][gc,start       ] GC(88) Pause Final Roots
[148.730s][info][gc             ] GC(88) Pause Final Roots 0.016ms
[148.730s][info][gc,ergo        ] Free: 407M, Max: 256K regular, 223M humongous, Frag: 46% external, 0% internal; Reserve: 26368K, Max: 256K
[148.730s][info][gc,stats       ] 
[148.730s][info][gc,stats       ] All times are wall-clock times, except per-root-class counters, that are sum over
[148.730s][info][gc,stats       ] all workers. Dividing the <total> over the root stage time estimates parallelism.
[148.730s][info][gc,stats       ] 
[148.730s][info][gc,stats       ] Concurrent Reset                    243 us
[148.730s][info][gc,stats       ] Pause Init Mark (G)                 248 us
[148.730s][info][gc,stats       ] Pause Init Mark (N)                 180 us
[148.730s][info][gc,stats       ]   Update Region States              119 us
[148.730s][info][gc,stats       ] Concurrent Mark Roots               322 us, parallelism: 1.05x
[148.730s][info][gc,stats       ]   CMR: <total>                      339 us
[148.730s][info][gc,stats       ]   CMR: Thread Roots                 296 us, workers (us):  41,  74, 181, ---, ---, ---, 
[148.730s][info][gc,stats       ]   CMR: VM Strong Roots                5 us, workers (us):   3,   2,   0, ---, ---, ---, 
[148.730s][info][gc,stats       ]   CMR: CLDG Roots                    39 us, workers (us):  39, ---, ---, ---, ---, ---, 
[148.730s][info][gc,stats       ] Concurrent Marking                  763 us
[148.730s][info][gc,stats       ] Pause Final Mark (G)                285 us
[148.730s][info][gc,stats       ] Pause Final Mark (N)                217 us
[148.730s][info][gc,stats       ]   Finish Mark                        73 us
[148.730s][info][gc,stats       ]   Update Region States               53 us
[148.730s][info][gc,stats       ]   Choose Collection Set              43 us
[148.730s][info][gc,stats       ]   Rebuild Free Set                    8 us
[148.730s][info][gc,stats       ] Concurrent Weak References          109 us, parallelism: 0.05x
[148.730s][info][gc,stats       ]   CWRF: <total>                       5 us
[148.730s][info][gc,stats       ]   CWRF: Weak References               5 us, workers (us):   4,   1,   0, ---, ---, ---, 
[148.730s][info][gc,stats       ] Concurrent Weak Roots               212 us
[148.730s][info][gc,stats       ]   Roots                             112 us, parallelism: 0.87x
[148.730s][info][gc,stats       ]     CWR: <total>                     97 us
[148.730s][info][gc,stats       ]     CWR: Code Cache Roots            53 us, workers (us):  16,  37,   0, ---, ---, ---, 
[148.730s][info][gc,stats       ]     CWR: VM Weak Roots               43 us, workers (us):  22,  21,   0, ---, ---, ---, 
[148.730s][info][gc,stats       ]     CWR: CLDG Roots                   1 us, workers (us):   1, ---, ---, ---, ---, ---, 
[148.730s][info][gc,stats       ]   Rendezvous                         66 us
[148.730s][info][gc,stats       ] Concurrent Cleanup                   69 us
[148.730s][info][gc,stats       ] Concurrent Class Unloading          244 us
[148.730s][info][gc,stats       ]   Unlink Stale                      162 us
[148.730s][info][gc,stats       ]     System Dictionary                 1 us
[148.730s][info][gc,stats       ]     Weak Class Links                  0 us
[148.730s][info][gc,stats       ]     Code Roots                      160 us
[148.730s][info][gc,stats       ]   Rendezvous                         25 us
[148.730s][info][gc,stats       ]   Purge Unlinked                     25 us
[148.731s][info][gc,stats       ]     Code Roots                       23 us
[148.731s][info][gc,stats       ]     CLDG                              3 us
[148.731s][info][gc,stats       ]     Exception Caches                  0 us
[148.731s][info][gc,stats       ] Pause Final Roots (G)                46 us
[148.731s][info][gc,stats       ] Pause Final Roots (N)                25 us
[148.731s][info][gc,stats       ] Pacing                            76767 us
[148.731s][info][gc,stats       ] 
[148.731s][info][gc,stats       ] Allocation pacing accrued:
[148.731s][info][gc,stats       ]      77 of  2243 ms (  3.4%): main
[148.731s][info][gc,stats       ]      77 of  2243 ms (  3.4%): <total>
[148.731s][info][gc,stats       ]       6 of  2243 ms (  0.3%): <average total>
[148.731s][info][gc,stats       ]      77 of  2243 ms (  3.4%): <average non-zero>
[148.731s][info][gc,stats       ] 
[148.731s][info][gc,metaspace   ] Metaspace: 1071K(1280K)->1071K(1280K) NonClass: 989K(1088K)->989K(1088K) Class: 81K(192K)->81K(192K)
[148.731s][info][gc,ergo        ] Pacer for Idle. Initial: 10485K, Alloc Tax Rate: 1.0x
[150.326s][info][gc             ] Trigger: Average GC time (3.53 ms) is above the time for average allocation rate (293 MB/s) to deplete free headroom (0B) (margin of error = 2.80)
[150.326s][info][gc,ergo        ] Free headroom: 112M (free) - 26214K (spike) - 138M (penalties) = 0B
[150.326s][info][gc,ergo        ] Free: 112M, Max: 256K regular, 44032K humongous, Frag: 62% external, 0% internal; Reserve: 26368K, Max: 256K
[150.326s][info][gc,start       ] GC(89) Concurrent reset
[150.326s][info][gc,task        ] GC(89) Using 3 of 6 workers for concurrent reset
[150.326s][info][gc,ergo        ] GC(89) Pacer for Reset. Non-Taxable: 512M
[150.326s][info][gc             ] GC(89) Concurrent reset 0.178ms
[150.326s][info][gc,start       ] GC(89) Pause Init Mark (unload classes)
[150.326s][info][gc,task        ] GC(89) Using 6 of 6 workers for init marking
[150.327s][info][gc,ergo        ] GC(89) Pacer for Mark. Expected Live: 81900K, Free: 112M, Non-Taxable: 11546K, Alloc Tax Rate: 0.9x
[150.327s][info][gc             ] GC(89) Pause Init Mark (unload classes) 0.081ms
[150.327s][info][gc,start       ] GC(89) Concurrent marking roots
[150.327s][info][gc,task        ] GC(89) Using 3 of 6 workers for concurrent marking roots
[150.327s][info][gc             ] GC(89) Concurrent marking roots 0.268ms
[150.327s][info][gc,start       ] GC(89) Concurrent marking (unload classes)
[150.327s][info][gc,task        ] GC(89) Using 3 of 6 workers for concurrent marking
[150.328s][info][gc             ] GC(89) Concurrent marking (unload classes) 0.729ms
[150.328s][info][gc,start       ] GC(89) Pause Final Mark (unload classes)
[150.328s][info][gc,task        ] GC(89) Using 6 of 6 workers for final marking
[150.328s][info][gc,ergo        ] GC(89) Collectable Garbage: 248M (99%), Immediate: 248M (99%), CSet: 0B (0%)
[150.328s][info][gc             ] GC(89) Pause Final Mark (unload classes) 0.198ms
[150.328s][info][gc,start       ] GC(89) Concurrent weak references
[150.328s][info][gc,task        ] GC(89) Using 3 of 6 workers for concurrent weak references
[150.328s][info][gc,ref         ] GC(89) Encountered references: Soft: 45, Weak: 116, Final: 0, Phantom: 7
[150.328s][info][gc,ref         ] GC(89) Discovered  references: Soft: 0, Weak: 72, Final: 0, Phantom: 5
[150.328s][info][gc,ref         ] GC(89) Enqueued    references: Soft: 0, Weak: 0, Final: 0, Phantom: 0
[150.328s][info][gc             ] GC(89) Concurrent weak references 0.122ms
[150.328s][info][gc,start       ] GC(89) Concurrent weak roots
[150.328s][info][gc,task        ] GC(89) Using 3 of 6 workers for concurrent weak root
[150.328s][info][gc             ] GC(89) Concurrent weak roots 0.167ms
[150.328s][info][gc,start       ] GC(89) Concurrent cleanup
[150.328s][info][gc             ] GC(89) Concurrent cleanup 369M->121M(512M) 0.059ms
[150.328s][info][gc,ergo        ] GC(89) Free: 364M, Max: 256K regular, 173M humongous, Frag: 53% external, 0% internal; Reserve: 26368K, Max: 256K
[150.328s][info][gc,start       ] GC(89) Concurrent class unloading
[150.328s][info][gc,task        ] GC(89) Using 3 of 6 workers for concurrent class unloading
[150.329s][info][gc             ] GC(89) Concurrent class unloading 0.357ms
[150.329s][info][gc,start       ] GC(89) Pause Final Roots
[150.329s][info][gc             ] GC(89) Pause Final Roots 0.017ms
[150.329s][info][gc,ergo        ] Free: 364M, Max: 256K regular, 173M humongous, Frag: 53% external, 0% internal; Reserve: 26368K, Max: 256K
[150.329s][info][gc,stats       ] 
[150.329s][info][gc,stats       ] All times are wall-clock times, except per-root-class counters, that are sum over
[150.329s][info][gc,stats       ] all workers. Dividing the <total> over the root stage time estimates parallelism.
[150.329s][info][gc,stats       ] 
[150.329s][info][gc,stats       ] Concurrent Reset                    200 us
[150.329s][info][gc,stats       ] Pause Init Mark (G)                 127 us
[150.329s][info][gc,stats       ] Pause Init Mark (N)                  91 us
[150.329s][info][gc,stats       ]   Update Region States               31 us
[150.329s][info][gc,stats       ] Concurrent Mark Roots               286 us, parallelism: 1.38x
[150.329s][info][gc,stats       ]   CMR: <total>                      394 us
[150.329s][info][gc,stats       ]   CMR: Thread Roots                 349 us, workers (us):  90,  44, 214, ---, ---, ---, 
[150.329s][info][gc,stats       ]   CMR: VM Strong Roots                5 us, workers (us):   3,   2,   0, ---, ---, ---, 
[150.329s][info][gc,stats       ]   CMR: CLDG Roots                    40 us, workers (us): ---,  40, ---, ---, ---, ---, 
[150.329s][info][gc,stats       ] Concurrent Marking                  747 us
[150.329s][info][gc,stats       ] Pause Final Mark (G)                247 us
[150.329s][info][gc,stats       ] Pause Final Mark (N)                209 us
[150.329s][info][gc,stats       ]   Finish Mark                        81 us
[150.329s][info][gc,stats       ]   Update Region States               37 us
[150.329s][info][gc,stats       ]   Choose Collection Set              41 us
[150.329s][info][gc,stats       ]   Rebuild Free Set                    9 us
[150.329s][info][gc,stats       ] Concurrent Weak References          131 us, parallelism: 0.05x
[150.329s][info][gc,stats       ]   CWRF: <total>                       6 us
[150.329s][info][gc,stats       ]   CWRF: Weak References               6 us, workers (us):   1,   4,   1, ---, ---, ---, 
[150.329s][info][gc,stats       ] Concurrent Weak Roots               188 us
[150.329s][info][gc,stats       ]   Roots                             103 us, parallelism: 0.88x
[150.329s][info][gc,stats       ]     CWR: <total>                     91 us
[150.329s][info][gc,stats       ]     CWR: Code Cache Roots            48 us, workers (us):  16,   0,  32, ---, ---, ---, 
[150.329s][info][gc,stats       ]     CWR: VM Weak Roots               43 us, workers (us):  18,  18,   7, ---, ---, ---, 
[150.329s][info][gc,stats       ]     CWR: CLDG Roots                   1 us, workers (us): ---,   1, ---, ---, ---, ---, 
[150.329s][info][gc,stats       ]   Rendezvous                         36 us
[150.329s][info][gc,stats       ] Concurrent Cleanup                   70 us
[150.329s][info][gc,stats       ] Concurrent Class Unloading          376 us
[150.329s][info][gc,stats       ]   Unlink Stale                      188 us
[150.329s][info][gc,stats       ]     System Dictionary                 1 us
[150.329s][info][gc,stats       ]     Weak Class Links                  0 us
[150.329s][info][gc,stats       ]     Code Roots                      186 us
[150.329s][info][gc,stats       ]   Rendezvous                         64 us
[150.329s][info][gc,stats       ]   Purge Unlinked                     87 us
[150.329s][info][gc,stats       ]     Code Roots                       82 us
[150.329s][info][gc,stats       ]     CLDG                              4 us
[150.329s][info][gc,stats       ]     Exception Caches                  0 us
[150.329s][info][gc,stats       ] Pause Final Roots (G)                49 us
[150.329s][info][gc,stats       ] Pause Final Roots (N)                26 us
[150.329s][info][gc,stats       ] Pacing                            74175 us
[150.329s][info][gc,stats       ] 
[150.329s][info][gc,stats       ] Allocation pacing accrued:
[150.329s][info][gc,stats       ]      74 of  1599 ms (  4.6%): main
[150.329s][info][gc,stats       ]      74 of  1599 ms (  4.6%): <total>
[150.329s][info][gc,stats       ]       6 of  1599 ms (  0.4%): <average total>
[150.329s][info][gc,stats       ]      74 of  1599 ms (  4.6%): <average non-zero>
[150.329s][info][gc,stats       ] 
[150.329s][info][gc,metaspace   ] Metaspace: 1071K(1280K)->1071K(1280K) NonClass: 989K(1088K)->989K(1088K) Class: 81K(192K)->81K(192K)
[150.329s][info][gc,ergo        ] Pacer for Idle. Initial: 10485K, Alloc Tax Rate: 1.0x
[151.782s][info][gc             ] Trigger: Average GC time (3.29 ms) is above the time for average allocation rate (296 MB/s) to deplete free headroom (0B) (margin of error = 2.80)
[151.782s][info][gc,ergo        ] Free headroom: 138M (free) - 26214K (spike) - 133M (penalties) = 0B
[151.782s][info][gc,ergo        ] Free: 138M, Max: 256K regular, 74496K humongous, Frag: 48% external, 0% internal; Reserve: 26368K, Max: 256K
[151.782s][info][gc,start       ] GC(90) Concurrent reset
[151.782s][info][gc,task        ] GC(90) Using 3 of 6 workers for concurrent reset
[151.782s][info][gc,ergo        ] GC(90) Pacer for Reset. Non-Taxable: 512M
[151.783s][info][gc             ] GC(90) Concurrent reset 0.375ms
[151.783s][info][gc,start       ] GC(90) Pause Init Mark (unload classes)
[151.783s][info][gc,task        ] GC(90) Using 6 of 6 workers for init marking
[151.783s][info][gc,ergo        ] GC(90) Pacer for Mark. Expected Live: 78828K, Free: 138M, Non-Taxable: 14183K, Alloc Tax Rate: 0.7x
[151.783s][info][gc             ] GC(90) Pause Init Mark (unload classes) 0.109ms
[151.783s][info][gc,start       ] GC(90) Concurrent marking roots
[151.783s][info][gc,task        ] GC(90) Using 3 of 6 workers for concurrent marking roots
[151.783s][info][gc             ] GC(90) Concurrent marking roots 0.327ms
[151.783s][info][gc,start       ] GC(90) Concurrent marking (unload classes)
[151.783s][info][gc,task        ] GC(90) Using 3 of 6 workers for concurrent marking
[151.784s][info][gc             ] GC(90) Concurrent marking (unload classes) 0.724ms
[151.784s][info][gc,start       ] GC(90) Pause Final Mark (unload classes)
[151.784s][info][gc,task        ] GC(90) Using 6 of 6 workers for final marking
[151.784s][info][gc,ergo        ] GC(90) Collectable Garbage: 167M (99%), Immediate: 167M (99%), CSet: 0B (0%)
[151.784s][info][gc             ] GC(90) Pause Final Mark (unload classes) 0.292ms
[151.784s][info][gc,start       ] GC(90) Concurrent weak references
[151.784s][info][gc,task        ] GC(90) Using 3 of 6 workers for concurrent weak references
[151.784s][info][gc,ref         ] GC(90) Encountered references: Soft: 45, Weak: 116, Final: 0, Phantom: 7
[151.784s][info][gc,ref         ] GC(90) Discovered  references: Soft: 0, Weak: 68, Final: 0, Phantom: 5
[151.784s][info][gc,ref         ] GC(90) Enqueued    references: Soft: 0, Weak: 0, Final: 0, Phantom: 0
[151.784s][info][gc             ] GC(90) Concurrent weak references 0.134ms
[151.784s][info][gc,start       ] GC(90) Concurrent weak roots
[151.784s][info][gc,task        ] GC(90) Using 3 of 6 workers for concurrent weak root
[151.785s][info][gc             ] GC(90) Concurrent weak roots 0.175ms
[151.785s][info][gc,start       ] GC(90) Concurrent cleanup
[151.785s][info][gc             ] GC(90) Concurrent cleanup 343M->176M(512M) 0.040ms
[151.785s][info][gc,ergo        ] GC(90) Free: 308M, Max: 256K regular, 216M humongous, Frag: 30% external, 0% internal; Reserve: 26368K, Max: 256K
[151.785s][info][gc,start       ] GC(90) Concurrent class unloading
[151.785s][info][gc,task        ] GC(90) Using 3 of 6 workers for concurrent class unloading
[151.785s][info][gc             ] GC(90) Concurrent class unloading 0.268ms
[151.785s][info][gc,start       ] GC(90) Pause Final Roots
[151.785s][info][gc             ] GC(90) Pause Final Roots 0.016ms
[151.785s][info][gc,ergo        ] Free: 308M, Max: 256K regular, 216M humongous, Frag: 30% external, 0% internal; Reserve: 26368K, Max: 256K
[151.785s][info][gc,stats       ] 
[151.785s][info][gc,stats       ] All times are wall-clock times, except per-root-class counters, that are sum over
[151.785s][info][gc,stats       ] all workers. Dividing the <total> over the root stage time estimates parallelism.
[151.785s][info][gc,stats       ] 
[151.785s][info][gc,stats       ] Concurrent Reset                    395 us
[151.785s][info][gc,stats       ] Pause Init Mark (G)                 220 us
[151.785s][info][gc,stats       ] Pause Init Mark (N)                 117 us
[151.785s][info][gc,stats       ]   Update Region States               63 us
[151.785s][info][gc,stats       ] Concurrent Mark Roots               345 us, parallelism: 1.01x
[151.785s][info][gc,stats       ]   CMR: <total>                      348 us
[151.785s][info][gc,stats       ]   CMR: Thread Roots                 316 us, workers (us): 206,  44,  66, ---, ---, ---, 
[151.785s][info][gc,stats       ]   CMR: VM Strong Roots                3 us, workers (us):   3,   0,   0, ---, ---, ---, 
[151.785s][info][gc,stats       ]   CMR: CLDG Roots                    29 us, workers (us):  29, ---, ---, ---, ---, ---, 
[151.785s][info][gc,stats       ] Concurrent Marking                  742 us
[151.785s][info][gc,stats       ] Pause Final Mark (G)                336 us
[151.785s][info][gc,stats       ] Pause Final Mark (N)                303 us
[151.785s][info][gc,stats       ]   Finish Mark                        92 us
[151.785s][info][gc,stats       ]   Update Region States              128 us
[151.785s][info][gc,stats       ]   Choose Collection Set              36 us
[151.785s][info][gc,stats       ]   Rebuild Free Set                    9 us
[151.785s][info][gc,stats       ] Concurrent Weak References          143 us, parallelism: 0.02x
[151.785s][info][gc,stats       ]   CWRF: <total>                       3 us
[151.785s][info][gc,stats       ]   CWRF: Weak References               3 us, workers (us):   3,   0,   0, ---, ---, ---, 
[151.785s][info][gc,stats       ] Concurrent Weak Roots               187 us
[151.785s][info][gc,stats       ]   Roots                              96 us, parallelism: 1.15x
[151.785s][info][gc,stats       ]     CWR: <total>                    111 us
[151.785s][info][gc,stats       ]     CWR: Code Cache Roots            63 us, workers (us):  15,  47,   0, ---, ---, ---, 
[151.785s][info][gc,stats       ]     CWR: VM Weak Roots               48 us, workers (us):  24,  23,   0, ---, ---, ---, 
[151.785s][info][gc,stats       ]     CWR: CLDG Roots                   1 us, workers (us):   1, ---, ---, ---, ---, ---, 
[151.785s][info][gc,stats       ]   Rendezvous                         62 us
[151.785s][info][gc,stats       ] Concurrent Cleanup                   50 us
[151.785s][info][gc,stats       ] Concurrent Class Unloading          281 us
[151.785s][info][gc,stats       ]   Unlink Stale                      167 us
[151.785s][info][gc,stats       ]     System Dictionary                 1 us
[151.785s][info][gc,stats       ]     Weak Class Links                  0 us
[151.785s][info][gc,stats       ]     Code Roots                      166 us
[151.785s][info][gc,stats       ]   Rendezvous                         29 us
[151.785s][info][gc,stats       ]   Purge Unlinked                     55 us
[151.785s][info][gc,stats       ]     Code Roots                       52 us
[151.785s][info][gc,stats       ]     CLDG                              2 us
[151.785s][info][gc,stats       ]     Exception Caches                  0 us
[151.785s][info][gc,stats       ] Pause Final Roots (G)                44 us
[151.785s][info][gc,stats       ] Pause Final Roots (N)                25 us
[151.785s][info][gc,stats       ] Pacing                            45933 us
[151.785s][info][gc,stats       ] 
[151.785s][info][gc,stats       ] Allocation pacing accrued:
[151.785s][info][gc,stats       ]      46 of  1456 ms (  3.2%): main
[151.785s][info][gc,stats       ]      46 of  1456 ms (  3.2%): <total>
[151.785s][info][gc,stats       ]       4 of  1456 ms (  0.2%): <average total>
[151.785s][info][gc,stats       ]      46 of  1456 ms (  3.2%): <average non-zero>
[151.785s][info][gc,stats       ] 
[151.785s][info][gc,metaspace   ] Metaspace: 1071K(1280K)->1071K(1280K) NonClass: 989K(1088K)->989K(1088K) Class: 81K(192K)->81K(192K)
[151.785s][info][gc,ergo        ] Pacer for Idle. Initial: 10485K, Alloc Tax Rate: 1.0x
[153.243s][info][gc             ] Trigger: Average GC time (3.22 ms) is above the time for average allocation rate (295 MB/s) to deplete free headroom (0B) (margin of error = 2.82)
[153.243s][info][gc,ergo        ] Free headroom: 85003K (free) - 26214K (spike) - 127M (penalties) = 0B
[153.243s][info][gc,ergo        ] Free: 85003K, Max: 256K regular, 67072K humongous, Frag: 22% external, 0% internal; Reserve: 26368K, Max: 256K
[153.243s][info][gc,start       ] GC(91) Concurrent reset
[153.243s][info][gc,task        ] GC(91) Using 3 of 6 workers for concurrent reset
[153.243s][info][gc,ergo        ] GC(91) Pacer for Reset. Non-Taxable: 512M
[153.244s][info][gc             ] GC(91) Concurrent reset 0.325ms
[153.244s][info][gc,start       ] GC(91) Pause Init Mark (unload classes)
[153.244s][info][gc,task        ] GC(91) Using 6 of 6 workers for init marking
[153.244s][info][gc,ergo        ] GC(91) Pacer for Mark. Expected Live: 108M, Free: 85003K, Non-Taxable: 8500K, Alloc Tax Rate: 1.6x
[153.244s][info][gc             ] GC(91) Pause Init Mark (unload classes) 0.174ms
[153.244s][info][gc,start       ] GC(91) Concurrent marking roots
[153.244s][info][gc,task        ] GC(91) Using 3 of 6 workers for concurrent marking roots
[153.244s][info][gc             ] GC(91) Concurrent marking roots 0.338ms
[153.244s][info][gc,start       ] GC(91) Concurrent marking (unload classes)
[153.244s][info][gc,task        ] GC(91) Using 3 of 6 workers for concurrent marking
[153.245s][info][gc             ] GC(91) Concurrent marking (unload classes) 0.720ms
[153.245s][info][gc,start       ] GC(91) Pause Final Mark (unload classes)
[153.245s][info][gc,task        ] GC(91) Using 6 of 6 workers for final marking
[153.245s][info][gc,ergo        ] GC(91) Collectable Garbage: 217M (99%), Immediate: 217M (99%), CSet: 0B (0%)
[153.245s][info][gc             ] GC(91) Pause Final Mark (unload classes) 0.243ms
[153.246s][info][gc,start       ] GC(91) Concurrent weak references
[153.246s][info][gc,task        ] GC(91) Using 3 of 6 workers for concurrent weak references
[153.246s][info][gc,ref         ] GC(91) Encountered references: Soft: 45, Weak: 116, Final: 0, Phantom: 7
[153.246s][info][gc,ref         ] GC(91) Discovered  references: Soft: 0, Weak: 89, Final: 0, Phantom: 5
[153.246s][info][gc,ref         ] GC(91) Enqueued    references: Soft: 0, Weak: 0, Final: 0, Phantom: 0
[153.246s][info][gc             ] GC(91) Concurrent weak references 0.116ms
[153.246s][info][gc,start       ] GC(91) Concurrent weak roots
[153.246s][info][gc,task        ] GC(91) Using 3 of 6 workers for concurrent weak root
[153.246s][info][gc             ] GC(91) Concurrent weak roots 0.267ms
[153.246s][info][gc,start       ] GC(91) Concurrent cleanup
[153.246s][info][gc             ] GC(91) Concurrent cleanup 398M->181M(512M) 0.049ms
[153.246s][info][gc,ergo        ] GC(91) Free: 303M, Max: 256K regular, 150M humongous, Frag: 51% external, 0% internal; Reserve: 26368K, Max: 256K
[153.246s][info][gc,start       ] GC(91) Concurrent class unloading
[153.246s][info][gc,task        ] GC(91) Using 3 of 6 workers for concurrent class unloading
[153.246s][info][gc             ] GC(91) Concurrent class unloading 0.244ms
[153.246s][info][gc,start       ] GC(91) Pause Final Roots
[153.246s][info][gc             ] GC(91) Pause Final Roots 0.019ms
[153.246s][info][gc,ergo        ] Free: 303M, Max: 256K regular, 150M humongous, Frag: 51% external, 0% internal; Reserve: 26368K, Max: 256K
[153.246s][info][gc,stats       ] 
[153.246s][info][gc,stats       ] All times are wall-clock times, except per-root-class counters, that are sum over
[153.246s][info][gc,stats       ] all workers. Dividing the <total> over the root stage time estimates parallelism.
[153.246s][info][gc,stats       ] 
[153.246s][info][gc,stats       ] Concurrent Reset                    345 us
[153.246s][info][gc,stats       ] Pause Init Mark (G)                 256 us
[153.246s][info][gc,stats       ] Pause Init Mark (N)                 183 us
[153.246s][info][gc,stats       ]   Update Region States              122 us
[153.246s][info][gc,stats       ] Concurrent Mark Roots               356 us, parallelism: 0.96x
[153.246s][info][gc,stats       ]   CMR: <total>                      343 us
[153.246s][info][gc,stats       ]   CMR: Thread Roots                 305 us, workers (us):  35,  72, 197, ---, ---, ---, 
[153.246s][info][gc,stats       ]   CMR: VM Strong Roots                5 us, workers (us):   2,   3,   0, ---, ---, ---, 
[153.246s][info][gc,stats       ]   CMR: CLDG Roots                    33 us, workers (us):  33, ---, ---, ---, ---, ---, 
[153.247s][info][gc,stats       ] Concurrent Marking                  740 us
[153.247s][info][gc,stats       ] Pause Final Mark (G)                390 us
[153.247s][info][gc,stats       ] Pause Final Mark (N)                253 us
[153.247s][info][gc,stats       ]   Finish Mark                        74 us
[153.247s][info][gc,stats       ]   Update Region States               95 us
[153.247s][info][gc,stats       ]   Choose Collection Set              36 us
[153.247s][info][gc,stats       ]   Rebuild Free Set                    8 us
[153.247s][info][gc,stats       ] Concurrent Weak References          124 us, parallelism: 0.03x
[153.247s][info][gc,stats       ]   CWRF: <total>                       3 us
[153.247s][info][gc,stats       ]   CWRF: Weak References               3 us, workers (us):   3,   0,   0, ---, ---, ---, 
[153.247s][info][gc,stats       ] Concurrent Weak Roots               285 us
[153.247s][info][gc,stats       ]   Roots                             156 us, parallelism: 0.70x
[153.247s][info][gc,stats       ]     CWR: <total>                    110 us
[153.247s][info][gc,stats       ]     CWR: Code Cache Roots            57 us, workers (us):  42,  15,   0, ---, ---, ---, 
[153.247s][info][gc,stats       ]     CWR: VM Weak Roots               52 us, workers (us):  18,  18,  17, ---, ---, ---, 
[153.247s][info][gc,stats       ]     CWR: CLDG Roots                   1 us, workers (us): ---, ---,   1, ---, ---, ---, 
[153.247s][info][gc,stats       ]   Rendezvous                         94 us
[153.247s][info][gc,stats       ] Concurrent Cleanup                   59 us
[153.247s][info][gc,stats       ] Concurrent Class Unloading          258 us
[153.247s][info][gc,stats       ]   Unlink Stale                      143 us
[153.247s][info][gc,stats       ]     System Dictionary                 1 us
[153.247s][info][gc,stats       ]     Weak Class Links                  0 us
[153.247s][info][gc,stats       ]     Code Roots                      141 us
[153.247s][info][gc,stats       ]   Rendezvous                         29 us
[153.247s][info][gc,stats       ]   Purge Unlinked                     55 us
[153.247s][info][gc,stats       ]     Code Roots                       51 us
[153.247s][info][gc,stats       ]     CLDG                              3 us
[153.247s][info][gc,stats       ]     Exception Caches                  0 us
[153.247s][info][gc,stats       ] Pause Final Roots (G)                94 us
[153.247s][info][gc,stats       ] Pause Final Roots (N)                29 us
[153.247s][info][gc,stats       ] Pacing                            47002 us
[153.247s][info][gc,stats       ] 
[153.247s][info][gc,stats       ] Allocation pacing accrued:
[153.247s][info][gc,stats       ]      47 of  1461 ms (  3.2%): main
[153.247s][info][gc,stats       ]      47 of  1461 ms (  3.2%): <total>
[153.247s][info][gc,stats       ]       4 of  1461 ms (  0.2%): <average total>
[153.247s][info][gc,stats       ]      47 of  1461 ms (  3.2%): <average non-zero>
[153.247s][info][gc,stats       ] 
[153.247s][info][gc,metaspace   ] Metaspace: 1071K(1280K)->1071K(1280K) NonClass: 989K(1088K)->989K(1088K) Class: 81K(192K)->81K(192K)
[153.247s][info][gc,ergo        ] Pacer for Idle. Initial: 10485K, Alloc Tax Rate: 1.0x
[154.714s][info][gc             ] Trigger: Average GC time (3.32 ms) is above the time for average allocation rate (290 MB/s) to deplete free headroom (0B) (margin of error = 2.83)
[154.714s][info][gc,ergo        ] Free headroom: 98059K (free) - 26214K (spike) - 122M (penalties) = 0B
[154.714s][info][gc,ergo        ] Free: 98059K, Max: 256K regular, 67072K humongous, Frag: 32% external, 0% internal; Reserve: 26368K, Max: 256K
[154.714s][info][gc,start       ] GC(92) Concurrent reset
[154.714s][info][gc,task        ] GC(92) Using 3 of 6 workers for concurrent reset
[154.714s][info][gc,ergo        ] GC(92) Pacer for Reset. Non-Taxable: 512M
[154.715s][info][gc             ] GC(92) Concurrent reset 0.236ms
[154.715s][info][gc,start       ] GC(92) Pause Init Mark (unload classes)
[154.715s][info][gc,task        ] GC(92) Using 6 of 6 workers for init marking
[154.715s][info][gc,ergo        ] GC(92) Pacer for Mark. Expected Live: 112M, Free: 98059K, Non-Taxable: 9805K, Alloc Tax Rate: 1.4x
[154.715s][info][gc             ] GC(92) Pause Init Mark (unload classes) 0.073ms
[154.715s][info][gc,start       ] GC(92) Concurrent marking roots
[154.715s][info][gc,task        ] GC(92) Using 3 of 6 workers for concurrent marking roots
[154.715s][info][gc             ] GC(92) Concurrent marking roots 0.245ms
[154.715s][info][gc,start       ] GC(92) Concurrent marking (unload classes)
[154.715s][info][gc,task        ] GC(92) Using 3 of 6 workers for concurrent marking
[154.716s][info][gc             ] GC(92) Concurrent marking (unload classes) 0.663ms
[154.716s][info][gc,start       ] GC(92) Pause Final Mark (unload classes)
[154.716s][info][gc,task        ] GC(92) Using 6 of 6 workers for final marking
[154.716s][info][gc,ergo        ] GC(92) Collectable Garbage: 280M (99%), Immediate: 280M (99%), CSet: 0B (0%)
[154.716s][info][gc             ] GC(92) Pause Final Mark (unload classes) 0.132ms
[154.716s][info][gc,start       ] GC(92) Concurrent weak references
[154.716s][info][gc,task        ] GC(92) Using 3 of 6 workers for concurrent weak references
[154.716s][info][gc,ref         ] GC(92) Encountered references: Soft: 45, Weak: 116, Final: 0, Phantom: 7
[154.716s][info][gc,ref         ] GC(92) Discovered  references: Soft: 0, Weak: 68, Final: 0, Phantom: 5
[154.716s][info][gc,ref         ] GC(92) Enqueued    references: Soft: 0, Weak: 0, Final: 0, Phantom: 0
[154.716s][info][gc             ] GC(92) Concurrent weak references 0.079ms
[154.716s][info][gc,start       ] GC(92) Concurrent weak roots
[154.716s][info][gc,task        ] GC(92) Using 3 of 6 workers for concurrent weak root
[154.716s][info][gc             ] GC(92) Concurrent weak roots 0.116ms
[154.716s][info][gc,start       ] GC(92) Concurrent cleanup
[154.716s][info][gc             ] GC(92) Concurrent cleanup 387M->106M(512M) 0.066ms
[154.716s][info][gc,ergo        ] GC(92) Free: 379M, Max: 256K regular, 207M humongous, Frag: 46% external, 0% internal; Reserve: 26368K, Max: 256K
[154.716s][info][gc,start       ] GC(92) Concurrent class unloading
[154.716s][info][gc,task        ] GC(92) Using 3 of 6 workers for concurrent class unloading
[154.716s][info][gc             ] GC(92) Concurrent class unloading 0.219ms
[154.717s][info][gc,start       ] GC(92) Pause Final Roots
[154.717s][info][gc             ] GC(92) Pause Final Roots 0.015ms
[154.717s][info][gc,ergo        ] Free: 379M, Max: 256K regular, 207M humongous, Frag: 46% external, 0% internal; Reserve: 26368K, Max: 256K
[154.717s][info][gc,stats       ] 
[154.717s][info][gc,stats       ] All times are wall-clock times, except per-root-class counters, that are sum over
[154.717s][info][gc,stats       ] all workers. Dividing the <total> over the root stage time estimates parallelism.
[154.717s][info][gc,stats       ] 
[154.717s][info][gc,stats       ] Concurrent Reset                    255 us
[154.717s][info][gc,stats       ] Pause Init Mark (G)                 114 us
[154.717s][info][gc,stats       ] Pause Init Mark (N)                  82 us
[154.717s][info][gc,stats       ]   Update Region States               26 us
[154.717s][info][gc,stats       ] Concurrent Mark Roots               259 us, parallelism: 1.27x
[154.717s][info][gc,stats       ]   CMR: <total>                      330 us
[154.717s][info][gc,stats       ]   CMR: Thread Roots                 288 us, workers (us):  58,  68, 162, ---, ---, ---, 
[154.717s][info][gc,stats       ]   CMR: VM Strong Roots                5 us, workers (us):   2,   1,   1, ---, ---, ---, 
[154.717s][info][gc,stats       ]   CMR: CLDG Roots                    37 us, workers (us): ---, ---,  37, ---, ---, ---, 
[154.717s][info][gc,stats       ] Concurrent Marking                  679 us
[154.717s][info][gc,stats       ] Pause Final Mark (G)                180 us
[154.717s][info][gc,stats       ] Pause Final Mark (N)                146 us
[154.717s][info][gc,stats       ]   Finish Mark                        28 us
[154.717s][info][gc,stats       ]   Update Region States               27 us
[154.717s][info][gc,stats       ]   Choose Collection Set              39 us
[154.717s][info][gc,stats       ]   Rebuild Free Set                   11 us
[154.717s][info][gc,stats       ] Concurrent Weak References           88 us, parallelism: 0.04x
[154.717s][info][gc,stats       ]   CWRF: <total>                       3 us
[154.717s][info][gc,stats       ]   CWRF: Weak References               3 us, workers (us):   1,   2,   0, ---, ---, ---, 
[154.717s][info][gc,stats       ] Concurrent Weak Roots               128 us
[154.717s][info][gc,stats       ]   Roots                              70 us, parallelism: 1.34x
[154.717s][info][gc,stats       ]     CWR: <total>                     94 us
[154.717s][info][gc,stats       ]     CWR: Code Cache Roots            51 us, workers (us):  16,   0,  34, ---, ---, ---, 
[154.717s][info][gc,stats       ]     CWR: VM Weak Roots               42 us, workers (us):  15,  14,  13, ---, ---, ---, 
[154.717s][info][gc,stats       ]     CWR: CLDG Roots                   1 us, workers (us): ---,   1, ---, ---, ---, ---, 
[154.717s][info][gc,stats       ]   Rendezvous                         28 us
[154.717s][info][gc,stats       ] Concurrent Cleanup                   76 us
[154.717s][info][gc,stats       ] Concurrent Class Unloading          233 us
[154.717s][info][gc,stats       ]   Unlink Stale                      153 us
[154.717s][info][gc,stats       ]     System Dictionary                 1 us
[154.717s][info][gc,stats       ]     Weak Class Links                  0 us
[154.717s][info][gc,stats       ]     Code Roots                      151 us
[154.717s][info][gc,stats       ]   Rendezvous                         26 us
[154.717s][info][gc,stats       ]   Purge Unlinked                     24 us
[154.717s][info][gc,stats       ]     Code Roots                       21 us
[154.717s][info][gc,stats       ]     CLDG                              3 us
[154.717s][info][gc,stats       ]     Exception Caches                  0 us
[154.717s][info][gc,stats       ] Pause Final Roots (G)                42 us
[154.717s][info][gc,stats       ] Pause Final Roots (N)                23 us
[154.717s][info][gc,stats       ] Pacing                            47135 us
[154.717s][info][gc,stats       ] 
[154.717s][info][gc,stats       ] Allocation pacing accrued:
[154.717s][info][gc,stats       ]      47 of  1470 ms (  3.2%): main
[154.717s][info][gc,stats       ]      47 of  1470 ms (  3.2%): <total>
[154.717s][info][gc,stats       ]       4 of  1470 ms (  0.2%): <average total>
[154.717s][info][gc,stats       ]      47 of  1470 ms (  3.2%): <average non-zero>
[154.717s][info][gc,stats       ] 
[154.717s][info][gc,metaspace   ] Metaspace: 1071K(1280K)->1071K(1280K) NonClass: 989K(1088K)->989K(1088K) Class: 81K(192K)->81K(192K)
[154.717s][info][gc,ergo        ] Pacer for Idle. Initial: 10485K, Alloc Tax Rate: 1.0x
[156.614s][info][gc             ] Trigger: Average GC time (3.55 ms) is above the time for average allocation rate (109 MB/s) to deplete free headroom (0B) (margin of error = 2.83)
[156.614s][info][gc,ergo        ] Free headroom: 140M (free) - 26214K (spike) - 117M (penalties) = 0B
[156.614s][info][gc,ergo        ] Free: 140M, Max: 256K regular, 75776K humongous, Frag: 48% external, 0% internal; Reserve: 26368K, Max: 256K
[156.614s][info][gc,start       ] GC(93) Concurrent reset
[156.614s][info][gc,task        ] GC(93) Using 3 of 6 workers for concurrent reset
[156.614s][info][gc,ergo        ] GC(93) Pacer for Reset. Non-Taxable: 512M
[156.614s][info][gc             ] GC(93) Concurrent reset 0.189ms
[156.614s][info][gc,start       ] GC(93) Pause Init Mark (unload classes)
[156.614s][info][gc,task        ] GC(93) Using 6 of 6 workers for init marking
[156.614s][info][gc,ergo        ] GC(93) Pacer for Mark. Expected Live: 132M, Free: 140M, Non-Taxable: 14388K, Alloc Tax Rate: 1.2x
[156.614s][info][gc             ] GC(93) Pause Init Mark (unload classes) 0.075ms
[156.614s][info][gc,start       ] GC(93) Concurrent marking roots
[156.614s][info][gc,task        ] GC(93) Using 3 of 6 workers for concurrent marking roots
[156.615s][info][gc             ] GC(93) Concurrent marking roots 0.260ms
[156.615s][info][gc,start       ] GC(93) Concurrent marking (unload classes)
[156.615s][info][gc,task        ] GC(93) Using 3 of 6 workers for concurrent marking
[156.615s][info][gc             ] GC(93) Concurrent marking (unload classes) 0.653ms
[156.615s][info][gc,start       ] GC(93) Pause Final Mark (unload classes)
[156.615s][info][gc,task        ] GC(93) Using 6 of 6 workers for final marking
[156.615s][info][gc,ergo        ] GC(93) Collectable Garbage: 322M (99%), Immediate: 322M (99%), CSet: 0B (0%)
[156.615s][info][gc             ] GC(93) Pause Final Mark (unload classes) 0.140ms
[156.616s][info][gc,start       ] GC(93) Concurrent weak references
[156.616s][info][gc,task        ] GC(93) Using 3 of 6 workers for concurrent weak references
[156.616s][info][gc,ref         ] GC(93) Encountered references: Soft: 45, Weak: 116, Final: 0, Phantom: 7
[156.616s][info][gc,ref         ] GC(93) Discovered  references: Soft: 0, Weak: 68, Final: 0, Phantom: 5
[156.616s][info][gc,ref         ] GC(93) Enqueued    references: Soft: 0, Weak: 0, Final: 0, Phantom: 0
[156.616s][info][gc             ] GC(93) Concurrent weak references 0.076ms
[156.616s][info][gc,start       ] GC(93) Concurrent weak roots
[156.616s][info][gc,task        ] GC(93) Using 3 of 6 workers for concurrent weak root
[156.616s][info][gc             ] GC(93) Concurrent weak roots 0.112ms
[156.616s][info][gc,start       ] GC(93) Concurrent cleanup
[156.616s][info][gc             ] GC(93) Concurrent cleanup 340M->18M(512M) 0.066ms
[156.616s][info][gc,ergo        ] GC(93) Free: 466M, Max: 256K regular, 340M humongous, Frag: 28% external, 0% internal; Reserve: 26368K, Max: 256K
[156.616s][info][gc,start       ] GC(93) Concurrent class unloading
[156.616s][info][gc,task        ] GC(93) Using 3 of 6 workers for concurrent class unloading
[156.616s][info][gc             ] GC(93) Concurrent class unloading 0.233ms
[156.616s][info][gc,start       ] GC(93) Pause Final Roots
[156.616s][info][gc             ] GC(93) Pause Final Roots 0.016ms
[156.616s][info][gc,ergo        ] Free: 466M, Max: 256K regular, 340M humongous, Frag: 28% external, 0% internal; Reserve: 26368K, Max: 256K
[156.616s][info][gc,stats       ] 
[156.616s][info][gc,stats       ] All times are wall-clock times, except per-root-class counters, that are sum over
[156.616s][info][gc,stats       ] all workers. Dividing the <total> over the root stage time estimates parallelism.
[156.616s][info][gc,stats       ] 
[156.616s][info][gc,stats       ] Concurrent Reset                    214 us
[156.616s][info][gc,stats       ] Pause Init Mark (G)                 119 us
[156.616s][info][gc,stats       ] Pause Init Mark (N)                  84 us
[156.616s][info][gc,stats       ]   Update Region States               26 us
[156.616s][info][gc,stats       ] Concurrent Mark Roots               276 us, parallelism: 1.27x
[156.616s][info][gc,stats       ]   CMR: <total>                      351 us
[156.616s][info][gc,stats       ]   CMR: Thread Roots                 311 us, workers (us):  74, 172,  65, ---, ---, ---, 
[156.616s][info][gc,stats       ]   CMR: VM Strong Roots                5 us, workers (us):   2,   1,   1, ---, ---, ---, 
[156.616s][info][gc,stats       ]   CMR: CLDG Roots                    35 us, workers (us): ---,  35, ---, ---, ---, ---, 
[156.616s][info][gc,stats       ] Concurrent Marking                  671 us
[156.616s][info][gc,stats       ] Pause Final Mark (G)                186 us
[156.616s][info][gc,stats       ] Pause Final Mark (N)                150 us
[156.616s][info][gc,stats       ]   Finish Mark                        25 us
[156.616s][info][gc,stats       ]   Update Region States               32 us
[156.616s][info][gc,stats       ]   Choose Collection Set              43 us
[156.616s][info][gc,stats       ]   Rebuild Free Set                    9 us
[156.616s][info][gc,stats       ] Concurrent Weak References           84 us, parallelism: 0.04x
[156.616s][info][gc,stats       ]   CWRF: <total>                       4 us
[156.616s][info][gc,stats       ]   CWRF: Weak References               4 us, workers (us):   3,   1,   0, ---, ---, ---, 
[156.616s][info][gc,stats       ] Concurrent Weak Roots               126 us
[156.616s][info][gc,stats       ]   Roots                              70 us, parallelism: 1.32x
[156.616s][info][gc,stats       ]     CWR: <total>                     92 us
[156.616s][info][gc,stats       ]     CWR: Code Cache Roots            50 us, workers (us):  16,  34,   0, ---, ---, ---, 
[156.616s][info][gc,stats       ]     CWR: VM Weak Roots               42 us, workers (us):  14,  14,  14, ---, ---, ---, 
[156.616s][info][gc,stats       ]     CWR: CLDG Roots                   1 us, workers (us): ---, ---,   1, ---, ---, ---, 
[156.616s][info][gc,stats       ]   Rendezvous                         26 us
[156.616s][info][gc,stats       ] Concurrent Cleanup                   76 us
[156.616s][info][gc,stats       ] Concurrent Class Unloading          248 us
[156.616s][info][gc,stats       ]   Unlink Stale                      166 us
[156.616s][info][gc,stats       ]     System Dictionary                 1 us
[156.616s][info][gc,stats       ]     Weak Class Links                  0 us
[156.616s][info][gc,stats       ]     Code Roots                      164 us
[156.616s][info][gc,stats       ]   Rendezvous                         26 us
[156.616s][info][gc,stats       ]   Purge Unlinked                     24 us
[156.616s][info][gc,stats       ]     Code Roots                       21 us
[156.616s][info][gc,stats       ]     CLDG                              2 us
[156.616s][info][gc,stats       ]     Exception Caches                  0 us
[156.616s][info][gc,stats       ] Pause Final Roots (G)                48 us
[156.616s][info][gc,stats       ] Pause Final Roots (N)                25 us
[156.616s][info][gc,stats       ] Pacing                            47287 us
[156.617s][info][gc,stats       ] 
[156.617s][info][gc,stats       ] Allocation pacing accrued:
[156.617s][info][gc,stats       ]      47 of  1900 ms (  2.5%): main
[156.617s][info][gc,stats       ]      47 of  1900 ms (  2.5%): <total>
[156.617s][info][gc,stats       ]       4 of  1900 ms (  0.2%): <average total>
[156.617s][info][gc,stats       ]      47 of  1900 ms (  2.5%): <average non-zero>
[156.617s][info][gc,stats       ] 
[156.617s][info][gc,metaspace   ] Metaspace: 1071K(1280K)->1071K(1280K) NonClass: 989K(1088K)->989K(1088K) Class: 81K(192K)->81K(192K)
[156.617s][info][gc,ergo        ] Pacer for Idle. Initial: 10485K, Alloc Tax Rate: 1.0x
[160.256s][info][gc             ] Trigger: Average GC time (3.20 ms) is above the time for average allocation rate (94715 KB/s) to deplete free headroom (0B) (margin of error = 2.82)
[160.256s][info][gc,ergo        ] Free headroom: 136M (free) - 26214K (spike) - 112M (penalties) = 0B
[160.256s][info][gc,ergo        ] Free: 136M, Max: 256K regular, 133M humongous, Frag: 3% external, 0% internal; Reserve: 26368K, Max: 256K
[160.256s][info][gc,start       ] GC(94) Concurrent reset
[160.256s][info][gc,task        ] GC(94) Using 3 of 6 workers for concurrent reset
[160.256s][info][gc,ergo        ] GC(94) Pacer for Reset. Non-Taxable: 512M
[160.256s][info][gc             ] GC(94) Concurrent reset 0.140ms
[160.257s][info][gc,start       ] GC(94) Pause Init Mark (unload classes)
[160.257s][info][gc,task        ] GC(94) Using 6 of 6 workers for init marking
[160.257s][info][gc,ergo        ] GC(94) Pacer for Mark. Expected Live: 120M, Free: 136M, Non-Taxable: 13927K, Alloc Tax Rate: 1.1x
[160.257s][info][gc             ] GC(94) Pause Init Mark (unload classes) 0.122ms
[160.257s][info][gc,start       ] GC(94) Concurrent marking roots
[160.257s][info][gc,task        ] GC(94) Using 3 of 6 workers for concurrent marking roots
[160.257s][info][gc             ] GC(94) Concurrent marking roots 0.272ms
[160.257s][info][gc,start       ] GC(94) Concurrent marking (unload classes)
[160.257s][info][gc,task        ] GC(94) Using 3 of 6 workers for concurrent marking
[160.258s][info][gc             ] GC(94) Concurrent marking (unload classes) 0.717ms
[160.258s][info][gc,start       ] GC(94) Pause Final Mark (unload classes)
[160.258s][info][gc,task        ] GC(94) Using 6 of 6 workers for final marking
[160.258s][info][gc,ergo        ] GC(94) Collectable Garbage: 290M (99%), Immediate: 290M (99%), CSet: 0B (0%)
[160.258s][info][gc             ] GC(94) Pause Final Mark (unload classes) 0.132ms
[160.258s][info][gc,start       ] GC(94) Concurrent weak references
[160.258s][info][gc,task        ] GC(94) Using 3 of 6 workers for concurrent weak references
[160.258s][info][gc,ref         ] GC(94) Encountered references: Soft: 45, Weak: 116, Final: 0, Phantom: 7
[160.258s][info][gc,ref         ] GC(94) Discovered  references: Soft: 0, Weak: 68, Final: 0, Phantom: 5
[160.258s][info][gc,ref         ] GC(94) Enqueued    references: Soft: 0, Weak: 0, Final: 0, Phantom: 0
[160.258s][info][gc             ] GC(94) Concurrent weak references 0.078ms
[160.258s][info][gc,start       ] GC(94) Concurrent weak roots
[160.258s][info][gc,task        ] GC(94) Using 3 of 6 workers for concurrent weak root
[160.258s][info][gc             ] GC(94) Concurrent weak roots 0.108ms
[160.258s][info][gc,start       ] GC(94) Concurrent cleanup
[160.258s][info][gc             ] GC(94) Concurrent cleanup 342M->51M(512M) 0.060ms
[160.258s][info][gc,ergo        ] GC(94) Free: 433M, Max: 256K regular, 189M humongous, Frag: 57% external, 0% internal; Reserve: 26368K, Max: 256K
[160.258s][info][gc,start       ] GC(94) Concurrent class unloading
[160.258s][info][gc,task        ] GC(94) Using 3 of 6 workers for concurrent class unloading
[160.259s][info][gc             ] GC(94) Concurrent class unloading 0.206ms
[160.259s][info][gc,start       ] GC(94) Pause Final Roots
[160.259s][info][gc             ] GC(94) Pause Final Roots 0.015ms
[160.259s][info][gc,ergo        ] Free: 433M, Max: 256K regular, 189M humongous, Frag: 57% external, 0% internal; Reserve: 26368K, Max: 256K
[160.259s][info][gc,stats       ] 
[160.259s][info][gc,stats       ] All times are wall-clock times, except per-root-class counters, that are sum over
[160.259s][info][gc,stats       ] all workers. Dividing the <total> over the root stage time estimates parallelism.
[160.259s][info][gc,stats       ] 
[160.259s][info][gc,stats       ] Concurrent Reset                    162 us
[160.259s][info][gc,stats       ] Pause Init Mark (G)                 719 us
[160.259s][info][gc,stats       ] Pause Init Mark (N)                 134 us
[160.259s][info][gc,stats       ]   Update Region States               42 us
[160.259s][info][gc,stats       ] Concurrent Mark Roots               287 us, parallelism: 1.19x
[160.259s][info][gc,stats       ]   CMR: <total>                      343 us
[160.259s][info][gc,stats       ]   CMR: Thread Roots                 304 us, workers (us):  71, 185,  47, ---, ---, ---, 
[160.259s][info][gc,stats       ]   CMR: VM Strong Roots                5 us, workers (us):   3,   1,   0, ---, ---, ---, 
[160.259s][info][gc,stats       ]   CMR: CLDG Roots                    34 us, workers (us): ---,  34, ---, ---, ---, ---, 
[160.259s][info][gc,stats       ] Concurrent Marking                  732 us
[160.259s][info][gc,stats       ] Pause Final Mark (G)                176 us
[160.259s][info][gc,stats       ] Pause Final Mark (N)                141 us
[160.259s][info][gc,stats       ]   Finish Mark                        28 us
[160.259s][info][gc,stats       ]   Update Region States               30 us
[160.259s][info][gc,stats       ]   Choose Collection Set              38 us
[160.259s][info][gc,stats       ]   Rebuild Free Set                    8 us
[160.259s][info][gc,stats       ] Concurrent Weak References           86 us, parallelism: 0.04x
[160.259s][info][gc,stats       ]   CWRF: <total>                       4 us
[160.259s][info][gc,stats       ]   CWRF: Weak References               4 us, workers (us):   3,   1,   0, ---, ---, ---, 
[160.259s][info][gc,stats       ] Concurrent Weak Roots               118 us
[160.259s][info][gc,stats       ]   Roots                              69 us, parallelism: 1.30x
[160.259s][info][gc,stats       ]     CWR: <total>                     90 us
[160.259s][info][gc,stats       ]     CWR: Code Cache Roots            47 us, workers (us):  34,  14,   0, ---, ---, ---, 
[160.259s][info][gc,stats       ]     CWR: VM Weak Roots               42 us, workers (us):  14,  14,  13, ---, ---, ---, 
[160.259s][info][gc,stats       ]     CWR: CLDG Roots                   1 us, workers (us): ---, ---,   1, ---, ---, ---, 
[160.259s][info][gc,stats       ]   Rendezvous                         22 us
[160.259s][info][gc,stats       ] Concurrent Cleanup                   70 us
[160.259s][info][gc,stats       ] Concurrent Class Unloading          219 us
[160.259s][info][gc,stats       ]   Unlink Stale                      145 us
[160.259s][info][gc,stats       ]     System Dictionary                 1 us
[160.259s][info][gc,stats       ]     Weak Class Links                  0 us
[160.259s][info][gc,stats       ]     Code Roots                      143 us
[160.259s][info][gc,stats       ]   Rendezvous                         22 us
[160.259s][info][gc,stats       ]   Purge Unlinked                     23 us
[160.259s][info][gc,stats       ]     Code Roots                       20 us
[160.259s][info][gc,stats       ]     CLDG                              2 us
[160.259s][info][gc,stats       ]     Exception Caches                  0 us
[160.259s][info][gc,stats       ] Pause Final Roots (G)                42 us
[160.259s][info][gc,stats       ] Pause Final Roots (N)                23 us
[160.259s][info][gc,stats       ] Pacing                            61038 us
[160.259s][info][gc,stats       ] 
[160.259s][info][gc,stats       ] Allocation pacing accrued:
[160.259s][info][gc,stats       ]      61 of  3643 ms (  1.7%): main
[160.259s][info][gc,stats       ]      61 of  3643 ms (  1.7%): <total>
[160.259s][info][gc,stats       ]       5 of  3643 ms (  0.1%): <average total>
[160.259s][info][gc,stats       ]      61 of  3643 ms (  1.7%): <average non-zero>
[160.259s][info][gc,stats       ] 
[160.259s][info][gc,metaspace   ] Metaspace: 1071K(1280K)->1071K(1280K) NonClass: 989K(1088K)->989K(1088K) Class: 81K(192K)->81K(192K)
[160.259s][info][gc,ergo        ] Pacer for Idle. Initial: 10485K, Alloc Tax Rate: 1.0x
[161.986s][info][gc             ] Trigger: Average GC time (3.30 ms) is above the time for average allocation rate (283 MB/s) to deplete free headroom (0B) (margin of error = 2.81)
[161.986s][info][gc,ergo        ] Free headroom: 95755K (free) - 26214K (spike) - 107M (penalties) = 0B
[161.986s][info][gc,ergo        ] Free: 95755K, Max: 256K regular, 39424K humongous, Frag: 59% external, 0% internal; Reserve: 26368K, Max: 256K
[161.986s][info][gc,start       ] GC(95) Concurrent reset
[161.986s][info][gc,task        ] GC(95) Using 3 of 6 workers for concurrent reset
[161.986s][info][gc,ergo        ] GC(95) Pacer for Reset. Non-Taxable: 512M
[161.987s][info][gc             ] GC(95) Concurrent reset 0.223ms
[161.987s][info][gc,start       ] GC(95) Pause Init Mark (unload classes)
[161.987s][info][gc,task        ] GC(95) Using 6 of 6 workers for init marking
[161.987s][info][gc,ergo        ] GC(95) Pacer for Mark. Expected Live: 106M, Free: 95755K, Non-Taxable: 9575K, Alloc Tax Rate: 1.4x
[161.987s][info][gc             ] GC(95) Pause Init Mark (unload classes) 0.099ms
[161.987s][info][gc,start       ] GC(95) Concurrent marking roots
[161.987s][info][gc,task        ] GC(95) Using 3 of 6 workers for concurrent marking roots
[161.987s][info][gc             ] GC(95) Concurrent marking roots 0.295ms
[161.987s][info][gc,start       ] GC(95) Concurrent marking (unload classes)
[161.987s][info][gc,task        ] GC(95) Using 3 of 6 workers for concurrent marking
[161.988s][info][gc             ] GC(95) Concurrent marking (unload classes) 0.642ms
[161.988s][info][gc,start       ] GC(95) Pause Final Mark (unload classes)
[161.988s][info][gc,task        ] GC(95) Using 6 of 6 workers for final marking
[161.988s][info][gc,ergo        ] GC(95) Collectable Garbage: 237M (99%), Immediate: 237M (99%), CSet: 0B (0%)
[161.988s][info][gc             ] GC(95) Pause Final Mark (unload classes) 0.127ms
[161.988s][info][gc,start       ] GC(95) Concurrent weak references
[161.988s][info][gc,task        ] GC(95) Using 3 of 6 workers for concurrent weak references
[161.988s][info][gc,ref         ] GC(95) Encountered references: Soft: 45, Weak: 116, Final: 0, Phantom: 7
[161.988s][info][gc,ref         ] GC(95) Discovered  references: Soft: 0, Weak: 95, Final: 0, Phantom: 5
[161.988s][info][gc,ref         ] GC(95) Enqueued    references: Soft: 0, Weak: 0, Final: 0, Phantom: 0
[161.988s][info][gc             ] GC(95) Concurrent weak references 0.079ms
[161.988s][info][gc,start       ] GC(95) Concurrent weak roots
[161.988s][info][gc,task        ] GC(95) Using 3 of 6 workers for concurrent weak root
[161.988s][info][gc             ] GC(95) Concurrent weak roots 0.116ms
[161.988s][info][gc,start       ] GC(95) Concurrent cleanup
[161.988s][info][gc             ] GC(95) Concurrent cleanup 388M->151M(512M) 0.052ms
[161.988s][info][gc,ergo        ] GC(95) Free: 334M, Max: 256K regular, 231M humongous, Frag: 31% external, 0% internal; Reserve: 26368K, Max: 256K
[161.988s][info][gc,start       ] GC(95) Concurrent class unloading
[161.988s][info][gc,task        ] GC(95) Using 3 of 6 workers for concurrent class unloading
[161.988s][info][gc             ] GC(95) Concurrent class unloading 0.221ms
[161.988s][info][gc,start       ] GC(95) Pause Final Roots
[161.988s][info][gc             ] GC(95) Pause Final Roots 0.015ms
[161.988s][info][gc,ergo        ] Free: 334M, Max: 256K regular, 231M humongous, Frag: 31% external, 0% internal; Reserve: 26368K, Max: 256K
[161.988s][info][gc,stats       ] 
[161.988s][info][gc,stats       ] All times are wall-clock times, except per-root-class counters, that are sum over
[161.988s][info][gc,stats       ] all workers. Dividing the <total> over the root stage time estimates parallelism.
[161.988s][info][gc,stats       ] 
[161.988s][info][gc,stats       ] Concurrent Reset                    239 us
[161.988s][info][gc,stats       ] Pause Init Mark (G)                 142 us
[161.988s][info][gc,stats       ] Pause Init Mark (N)                 109 us
[161.988s][info][gc,stats       ]   Update Region States               35 us
[161.988s][info][gc,stats       ] Concurrent Mark Roots               309 us, parallelism: 1.10x
[161.989s][info][gc,stats       ]   CMR: <total>                      341 us
[161.989s][info][gc,stats       ]   CMR: Thread Roots                 307 us, workers (us): 197,  39,  71, ---, ---, ---, 
[161.989s][info][gc,stats       ]   CMR: VM Strong Roots                5 us, workers (us):   2,   1,   1, ---, ---, ---, 
[161.989s][info][gc,stats       ]   CMR: CLDG Roots                    29 us, workers (us): ---,  29, ---, ---, ---, ---, 
[161.989s][info][gc,stats       ] Concurrent Marking                  655 us
[161.989s][info][gc,stats       ] Pause Final Mark (G)                170 us
[161.989s][info][gc,stats       ] Pause Final Mark (N)                136 us
[161.989s][info][gc,stats       ]   Finish Mark                        30 us
[161.989s][info][gc,stats       ]   Update Region States               25 us
[161.989s][info][gc,stats       ]   Choose Collection Set              36 us
[161.989s][info][gc,stats       ]   Rebuild Free Set                    8 us
[161.989s][info][gc,stats       ] Concurrent Weak References           87 us, parallelism: 0.06x
[161.989s][info][gc,stats       ]   CWRF: <total>                       5 us
[161.989s][info][gc,stats       ]   CWRF: Weak References               5 us, workers (us):   1,   4,   0, ---, ---, ---, 
[161.989s][info][gc,stats       ] Concurrent Weak Roots               128 us
[161.989s][info][gc,stats       ]   Roots                              70 us, parallelism: 1.33x
[161.989s][info][gc,stats       ]     CWR: <total>                     94 us
[161.989s][info][gc,stats       ]     CWR: Code Cache Roots            51 us, workers (us):   0,  35,  16, ---, ---, ---, 
[161.989s][info][gc,stats       ]     CWR: VM Weak Roots               43 us, workers (us):  15,  14,  14, ---, ---, ---, 
[161.989s][info][gc,stats       ]     CWR: CLDG Roots                   1 us, workers (us):   1, ---, ---, ---, ---, ---, 
[161.989s][info][gc,stats       ]   Rendezvous                         29 us
[161.989s][info][gc,stats       ] Concurrent Cleanup                   61 us
[161.989s][info][gc,stats       ] Concurrent Class Unloading          234 us
[161.989s][info][gc,stats       ]   Unlink Stale                      155 us
[161.989s][info][gc,stats       ]     System Dictionary                 1 us
[161.989s][info][gc,stats       ]     Weak Class Links                  0 us
[161.989s][info][gc,stats       ]     Code Roots                      154 us
[161.989s][info][gc,stats       ]   Rendezvous                         25 us
[161.989s][info][gc,stats       ]   Purge Unlinked                     24 us
[161.989s][info][gc,stats       ]     Code Roots                       21 us
[161.989s][info][gc,stats       ]     CLDG                              3 us
[161.989s][info][gc,stats       ]     Exception Caches                  0 us
[161.989s][info][gc,stats       ] Pause Final Roots (G)                44 us
[161.989s][info][gc,stats       ] Pause Final Roots (N)                23 us
[161.989s][info][gc,stats       ] Pacing                            76959 us
[161.989s][info][gc,stats       ] 
[161.989s][info][gc,stats       ] Allocation pacing accrued:
[161.989s][info][gc,stats       ]      77 of  1730 ms (  4.4%): main
[161.989s][info][gc,stats       ]      77 of  1730 ms (  4.4%): <total>
[161.989s][info][gc,stats       ]       6 of  1730 ms (  0.3%): <average total>
[161.989s][info][gc,stats       ]      77 of  1730 ms (  4.4%): <average non-zero>
[161.989s][info][gc,stats       ] 
[161.989s][info][gc,metaspace   ] Metaspace: 1071K(1280K)->1071K(1280K) NonClass: 989K(1088K)->989K(1088K) Class: 81K(192K)->81K(192K)
[161.989s][info][gc,ergo        ] Pacer for Idle. Initial: 10485K, Alloc Tax Rate: 1.0x
[163.450s][info][gc             ] Trigger: Average GC time (3.05 ms) is above the time for average allocation rate (296 MB/s) to deplete free headroom (0B) (margin of error = 2.82)
[163.450s][info][gc,ergo        ] Free headroom: 108M (free) - 26214K (spike) - 102M (penalties) = 0B
[163.450s][info][gc,ergo        ] Free: 108M, Max: 256K regular, 70656K humongous, Frag: 37% external, 0% internal; Reserve: 26368K, Max: 256K
[163.450s][info][gc,start       ] GC(96) Concurrent reset
[163.450s][info][gc,task        ] GC(96) Using 3 of 6 workers for concurrent reset
[163.450s][info][gc,ergo        ] GC(96) Pacer for Reset. Non-Taxable: 512M
[163.450s][info][gc             ] GC(96) Concurrent reset 0.358ms
[163.450s][info][gc,start       ] GC(96) Pause Init Mark (unload classes)
[163.450s][info][gc,task        ] GC(96) Using 6 of 6 workers for init marking
[163.450s][info][gc,ergo        ] GC(96) Pacer for Mark. Expected Live: 101M, Free: 108M, Non-Taxable: 11111K, Alloc Tax Rate: 1.1x
[163.450s][info][gc             ] GC(96) Pause Init Mark (unload classes) 0.147ms
[163.450s][info][gc,start       ] GC(96) Concurrent marking roots
[163.450s][info][gc,task        ] GC(96) Using 3 of 6 workers for concurrent marking roots
[163.451s][info][gc             ] GC(96) Concurrent marking roots 0.308ms
[163.451s][info][gc,start       ] GC(96) Concurrent marking (unload classes)
[163.451s][info][gc,task        ] GC(96) Using 3 of 6 workers for concurrent marking
[163.451s][info][gc             ] GC(96) Concurrent marking (unload classes) 0.805ms
[163.452s][info][gc,start       ] GC(96) Pause Final Mark (unload classes)
[163.452s][info][gc,task        ] GC(96) Using 6 of 6 workers for final marking
[163.452s][info][gc,ergo        ] GC(96) Collectable Garbage: 217M (99%), Immediate: 217M (99%), CSet: 0B (0%)
[163.452s][info][gc             ] GC(96) Pause Final Mark (unload classes) 0.278ms
[163.452s][info][gc,start       ] GC(96) Concurrent weak references
[163.452s][info][gc,task        ] GC(96) Using 3 of 6 workers for concurrent weak references
[163.452s][info][gc,ref         ] GC(96) Encountered references: Soft: 45, Weak: 116, Final: 0, Phantom: 7
[163.452s][info][gc,ref         ] GC(96) Discovered  references: Soft: 0, Weak: 72, Final: 0, Phantom: 5
[163.452s][info][gc,ref         ] GC(96) Enqueued    references: Soft: 0, Weak: 0, Final: 0, Phantom: 0
[163.452s][info][gc             ] GC(96) Concurrent weak references 0.114ms
[163.452s][info][gc,start       ] GC(96) Concurrent weak roots
[163.452s][info][gc,task        ] GC(96) Using 3 of 6 workers for concurrent weak root
[163.452s][info][gc             ] GC(96) Concurrent weak roots 0.142ms
[163.452s][info][gc,start       ] GC(96) Concurrent cleanup
[163.452s][info][gc             ] GC(96) Concurrent cleanup 373M->156M(512M) 0.050ms
[163.452s][info][gc,ergo        ] GC(96) Free: 328M, Max: 256K regular, 202M humongous, Frag: 39% external, 0% internal; Reserve: 26368K, Max: 256K
[163.452s][info][gc,start       ] GC(96) Concurrent class unloading
[163.452s][info][gc,task        ] GC(96) Using 3 of 6 workers for concurrent class unloading
[163.452s][info][gc             ] GC(96) Concurrent class unloading 0.235ms
[163.452s][info][gc,start       ] GC(96) Pause Final Roots
[163.453s][info][gc             ] GC(96) Pause Final Roots 0.018ms
[163.453s][info][gc,ergo        ] Free: 328M, Max: 256K regular, 202M humongous, Frag: 39% external, 0% internal; Reserve: 26368K, Max: 256K
[163.453s][info][gc,stats       ] 
[163.453s][info][gc,stats       ] All times are wall-clock times, except per-root-class counters, that are sum over
[163.453s][info][gc,stats       ] all workers. Dividing the <total> over the root stage time estimates parallelism.
[163.453s][info][gc,stats       ] 
[163.453s][info][gc,stats       ] Concurrent Reset                    376 us
[163.453s][info][gc,stats       ] Pause Init Mark (G)                 259 us
[163.453s][info][gc,stats       ] Pause Init Mark (N)                 156 us
[163.453s][info][gc,stats       ]   Update Region States               95 us
[163.453s][info][gc,stats       ] Concurrent Mark Roots               363 us, parallelism: 0.87x
[163.453s][info][gc,stats       ]   CMR: <total>                      317 us
[163.453s][info][gc,stats       ]   CMR: Thread Roots                 287 us, workers (us):  63, 189,  35, ---, ---, ---, 
[163.453s][info][gc,stats       ]   CMR: VM Strong Roots                3 us, workers (us):   3,   0,   0, ---, ---, ---, 
[163.453s][info][gc,stats       ]   CMR: CLDG Roots                    27 us, workers (us):  27, ---, ---, ---, ---, ---, 
[163.453s][info][gc,stats       ] Concurrent Marking                  822 us
[163.453s][info][gc,stats       ] Pause Final Mark (G)                389 us
[163.453s][info][gc,stats       ] Pause Final Mark (N)                288 us
[163.453s][info][gc,stats       ]   Finish Mark                       134 us
[163.453s][info][gc,stats       ]   Update Region States               67 us
[163.453s][info][gc,stats       ]   Choose Collection Set              38 us
[163.453s][info][gc,stats       ]   Rebuild Free Set                    8 us
[163.453s][info][gc,stats       ] Concurrent Weak References          122 us, parallelism: 0.03x
[163.453s][info][gc,stats       ]   CWRF: <total>                       4 us
[163.453s][info][gc,stats       ]   CWRF: Weak References               4 us, workers (us):   3,   0,   0, ---, ---, ---, 
[163.453s][info][gc,stats       ] Concurrent Weak Roots               153 us
[163.453s][info][gc,stats       ]   Roots                              97 us, parallelism: 0.91x
[163.453s][info][gc,stats       ]     CWR: <total>                     89 us
[163.453s][info][gc,stats       ]     CWR: Code Cache Roots            49 us, workers (us):   0,  15,  34, ---, ---, ---, 
[163.453s][info][gc,stats       ]     CWR: VM Weak Roots               39 us, workers (us):  38,   1,   0, ---, ---, ---, 
[163.453s][info][gc,stats       ]     CWR: CLDG Roots                   1 us, workers (us):   1, ---, ---, ---, ---, ---, 
[163.453s][info][gc,stats       ]   Rendezvous                         28 us
[163.453s][info][gc,stats       ] Concurrent Cleanup                   61 us
[163.453s][info][gc,stats       ] Concurrent Class Unloading          248 us
[163.453s][info][gc,stats       ]   Unlink Stale                      141 us
[163.453s][info][gc,stats       ]     System Dictionary                 1 us
[163.453s][info][gc,stats       ]     Weak Class Links                  0 us
[163.453s][info][gc,stats       ]     Code Roots                      139 us
[163.453s][info][gc,stats       ]   Rendezvous                         21 us
[163.453s][info][gc,stats       ]   Purge Unlinked                     56 us
[163.453s][info][gc,stats       ]     Code Roots                       52 us
[163.453s][info][gc,stats       ]     CLDG                              3 us
[163.453s][info][gc,stats       ]     Exception Caches                  0 us
[163.453s][info][gc,stats       ] Pause Final Roots (G)                47 us
[163.453s][info][gc,stats       ] Pause Final Roots (N)                27 us
[163.453s][info][gc,stats       ] Pacing                            47100 us
[163.453s][info][gc,stats       ] 
[163.453s][info][gc,stats       ] Allocation pacing accrued:
[163.453s][info][gc,stats       ]      47 of  1464 ms (  3.2%): main
[163.453s][info][gc,stats       ]      47 of  1464 ms (  3.2%): <total>
[163.453s][info][gc,stats       ]       4 of  1464 ms (  0.2%): <average total>
[163.453s][info][gc,stats       ]      47 of  1464 ms (  3.2%): <average non-zero>
[163.453s][info][gc,stats       ] 
[163.453s][info][gc,metaspace   ] Metaspace: 1071K(1280K)->1071K(1280K) NonClass: 989K(1088K)->989K(1088K) Class: 81K(192K)->81K(192K)
[163.453s][info][gc,ergo        ] Pacer for Idle. Initial: 10485K, Alloc Tax Rate: 1.0x
[164.917s][info][gc             ] Trigger: Average GC time (3.58 ms) is above the time for average allocation rate (295 MB/s) to deplete free headroom (0B) (margin of error = 2.83)
[164.917s][info][gc,ergo        ] Free headroom: 103M (free) - 26214K (spike) - 99614K (penalties) = 0B
[164.917s][info][gc,ergo        ] Free: 103M, Max: 256K regular, 52736K humongous, Frag: 51% external, 0% internal; Reserve: 26368K, Max: 256K
[164.917s][info][gc,start       ] GC(97) Concurrent reset
[164.917s][info][gc,task        ] GC(97) Using 3 of 6 workers for concurrent reset
[164.917s][info][gc,ergo        ] GC(97) Pacer for Reset. Non-Taxable: 512M
[164.917s][info][gc             ] GC(97) Concurrent reset 0.243ms
[164.917s][info][gc,start       ] GC(97) Pause Init Mark (unload classes)
[164.917s][info][gc,task        ] GC(97) Using 6 of 6 workers for init marking
[164.917s][info][gc,ergo        ] GC(97) Pacer for Mark. Expected Live: 99308K, Free: 103M, Non-Taxable: 10573K, Alloc Tax Rate: 1.1x
[164.917s][info][gc             ] GC(97) Pause Init Mark (unload classes) 0.072ms
[164.917s][info][gc,start       ] GC(97) Concurrent marking roots
[164.917s][info][gc,task        ] GC(97) Using 3 of 6 workers for concurrent marking roots
[164.918s][info][gc             ] GC(97) Concurrent marking roots 0.261ms
[164.918s][info][gc,start       ] GC(97) Concurrent marking (unload classes)
[164.918s][info][gc,task        ] GC(97) Using 3 of 6 workers for concurrent marking
[164.918s][info][gc             ] GC(97) Concurrent marking (unload classes) 0.668ms
[164.918s][info][gc,start       ] GC(97) Pause Final Mark (unload classes)
[164.919s][info][gc,task        ] GC(97) Using 6 of 6 workers for final marking
[164.919s][info][gc,ergo        ] GC(97) Collectable Garbage: 117M (99%), Immediate: 117M (99%), CSet: 0B (0%)
[164.919s][info][gc             ] GC(97) Pause Final Mark (unload classes) 0.197ms
[164.919s][info][gc,start       ] GC(97) Concurrent weak references
[164.919s][info][gc,task        ] GC(97) Using 3 of 6 workers for concurrent weak references
[164.919s][info][gc,ref         ] GC(97) Encountered references: Soft: 45, Weak: 116, Final: 0, Phantom: 7
[164.919s][info][gc,ref         ] GC(97) Discovered  references: Soft: 0, Weak: 72, Final: 0, Phantom: 5
[164.919s][info][gc,ref         ] GC(97) Enqueued    references: Soft: 0, Weak: 0, Final: 0, Phantom: 0
[164.919s][info][gc             ] GC(97) Concurrent weak references 0.078ms
[164.919s][info][gc,start       ] GC(97) Concurrent weak roots
[164.919s][info][gc,task        ] GC(97) Using 3 of 6 workers for concurrent weak root
[164.919s][info][gc             ] GC(97) Concurrent weak roots 0.158ms
[164.919s][info][gc,start       ] GC(97) Concurrent cleanup
[164.919s][info][gc             ] GC(97) Concurrent cleanup 378M->261M(512M) 0.044ms
[164.919s][info][gc,ergo        ] GC(97) Free: 223M, Max: 256K regular, 93184K humongous, Frag: 60% external, 0% internal; Reserve: 26368K, Max: 256K
[164.919s][info][gc,start       ] GC(97) Concurrent class unloading
[164.919s][info][gc,task        ] GC(97) Using 3 of 6 workers for concurrent class unloading
[164.919s][info][gc             ] GC(97) Concurrent class unloading 0.227ms
[164.919s][info][gc,start       ] GC(97) Pause Final Roots
[164.919s][info][gc             ] GC(97) Pause Final Roots 0.018ms
[164.919s][info][gc,ergo        ] Free: 223M, Max: 256K regular, 93184K humongous, Frag: 60% external, 0% internal; Reserve: 26368K, Max: 256K
[164.919s][info][gc,stats       ] 
[164.919s][info][gc,stats       ] All times are wall-clock times, except per-root-class counters, that are sum over
[164.919s][info][gc,stats       ] all workers. Dividing the <total> over the root stage time estimates parallelism.
[164.919s][info][gc,stats       ] 
[164.919s][info][gc,stats       ] Concurrent Reset                    261 us
[164.919s][info][gc,stats       ] Pause Init Mark (G)                 144 us
[164.919s][info][gc,stats       ] Pause Init Mark (N)                  81 us
[164.919s][info][gc,stats       ]   Update Region States               25 us
[164.919s][info][gc,stats       ] Concurrent Mark Roots               276 us, parallelism: 1.24x
[164.919s][info][gc,stats       ]   CMR: <total>                      343 us
[164.919s][info][gc,stats       ]   CMR: Thread Roots                 308 us, workers (us):  74,  35, 198, ---, ---, ---, 
[164.919s][info][gc,stats       ]   CMR: VM Strong Roots                5 us, workers (us):   2,   1,   1, ---, ---, ---, 
[164.919s][info][gc,stats       ]   CMR: CLDG Roots                    31 us, workers (us): ---,  31, ---, ---, ---, ---, 
[164.920s][info][gc,stats       ] Concurrent Marking                  689 us
[164.920s][info][gc,stats       ] Pause Final Mark (G)                274 us
[164.920s][info][gc,stats       ] Pause Final Mark (N)                207 us
[164.920s][info][gc,stats       ]   Finish Mark                        86 us
[164.920s][info][gc,stats       ]   Update Region States               28 us
[164.920s][info][gc,stats       ]   Choose Collection Set              35 us
[164.920s][info][gc,stats       ]   Rebuild Free Set                    8 us
[164.920s][info][gc,stats       ] Concurrent Weak References           87 us, parallelism: 0.05x
[164.920s][info][gc,stats       ]   CWRF: <total>                       4 us
[164.920s][info][gc,stats       ]   CWRF: Weak References               4 us, workers (us):   1,   3,   0, ---, ---, ---, 
[164.920s][info][gc,stats       ] Concurrent Weak Roots               177 us
[164.920s][info][gc,stats       ]   Roots                              82 us, parallelism: 1.22x
[164.920s][info][gc,stats       ]     CWR: <total>                    101 us
[164.920s][info][gc,stats       ]     CWR: Code Cache Roots            58 us, workers (us):  17,  40,   0, ---, ---, ---, 
[164.920s][info][gc,stats       ]     CWR: VM Weak Roots               42 us, workers (us):  21,  21,   0, ---, ---, ---, 
[164.920s][info][gc,stats       ]     CWR: CLDG Roots                   1 us, workers (us):   1, ---, ---, ---, ---, ---, 
[164.920s][info][gc,stats       ]   Rendezvous                         58 us
[164.920s][info][gc,stats       ] Concurrent Cleanup                   69 us
[164.920s][info][gc,stats       ] Concurrent Class Unloading          241 us
[164.920s][info][gc,stats       ]   Unlink Stale                      155 us
[164.920s][info][gc,stats       ]     System Dictionary                 1 us
[164.920s][info][gc,stats       ]     Weak Class Links                  0 us
[164.920s][info][gc,stats       ]     Code Roots                      154 us
[164.920s][info][gc,stats       ]   Rendezvous                         29 us
[164.920s][info][gc,stats       ]   Purge Unlinked                     24 us
[164.920s][info][gc,stats       ]     Code Roots                       22 us
[164.920s][info][gc,stats       ]     CLDG                              2 us
[164.920s][info][gc,stats       ]     Exception Caches                  0 us
[164.920s][info][gc,stats       ] Pause Final Roots (G)                50 us
[164.920s][info][gc,stats       ] Pause Final Roots (N)                28 us
[164.920s][info][gc,stats       ] Pacing                            45913 us
[164.920s][info][gc,stats       ] 
[164.920s][info][gc,stats       ] Allocation pacing accrued:
[164.920s][info][gc,stats       ]      46 of  1467 ms (  3.1%): main
[164.920s][info][gc,stats       ]      46 of  1467 ms (  3.1%): <total>
[164.920s][info][gc,stats       ]       4 of  1467 ms (  0.2%): <average total>
[164.920s][info][gc,stats       ]      46 of  1467 ms (  3.1%): <average non-zero>
[164.920s][info][gc,stats       ] 
[164.920s][info][gc,metaspace   ] Metaspace: 1071K(1280K)->1071K(1280K) NonClass: 989K(1088K)->989K(1088K) Class: 81K(192K)->81K(192K)
[164.920s][info][gc,ergo        ] Pacer for Idle. Initial: 10485K, Alloc Tax Rate: 1.0x
[166.362s][info][gc             ] Failed to allocate Shared, 100M
[166.362s][info][gc             ] Trigger: Handle Allocation Failure
[166.362s][info][gc             ] Cancelling GC: Allocation Failure
[166.362s][info][gc,ergo        ] Free: 120M, Max: 256K regular, 52736K humongous, Frag: 58% external, 0% internal; Reserve: 26368K, Max: 256K
[166.362s][info][gc,start       ] GC(98) Pause Degenerated GC (Outside of Cycle)
[166.362s][info][gc,task        ] GC(98) Using 6 of 6 workers for stw degenerated gc
[166.362s][info][gc,ref         ] GC(98) Clearing All SoftReferences
[166.363s][info][gc,ref         ] GC(98) Encountered references: Soft: 45, Weak: 116, Final: 0, Phantom: 7
[166.363s][info][gc,ref         ] GC(98) Discovered  references: Soft: 19, Weak: 95, Final: 0, Phantom: 5
[166.363s][info][gc,ref         ] GC(98) Enqueued    references: Soft: 0, Weak: 0, Final: 0, Phantom: 0
[166.363s][info][gc,ergo        ] GC(98) Collectable Garbage: 306M (99%), Immediate: 306M (99%), CSet: 0B (0%)
[166.363s][info][gc,ergo        ] GC(98) Good progress for free space: 429M, need 5242K
[166.363s][info][gc,ergo        ] GC(98) Good progress for used space: 306M, need 256K
[166.363s][info][gc             ] GC(98) Pause Degenerated GC (Outside of Cycle) 362M->56M(512M) 1.096ms
[166.363s][info][gc,ergo        ] Free: 429M, Max: 256K regular, 358M humongous, Frag: 17% external, 0% internal; Reserve: 26368K, Max: 256K
[166.363s][info][gc,stats       ] 
[166.363s][info][gc,stats       ] All times are wall-clock times, except per-root-class counters, that are sum over
[166.363s][info][gc,stats       ] all workers. Dividing the <total> over the root stage time estimates parallelism.
[166.363s][info][gc,stats       ] 
[166.363s][info][gc,stats       ] Pause Degenerated GC (G)           1140 us
[166.363s][info][gc,stats       ] Pause Degenerated GC (N)           1106 us
[166.363s][info][gc,stats       ]   Degen STW Mark                    472 us, parallelism: 5.33x
[166.363s][info][gc,stats       ]     DSM: <total>                   2516 us
[166.363s][info][gc,stats       ]     DSM: Thread Roots                47 us, workers (us):  10,   7,   7,   9,  13,   2, 
[166.364s][info][gc,stats       ]     DSM: VM Strong Roots              4 us, workers (us):   0,   0,   0,   0,   0,   3, 
[166.364s][info][gc,stats       ]     DSM: CLDG Roots                  34 us, workers (us):  32,   0,   0,   0,   0,   1, 
[166.364s][info][gc,stats       ]     DSM: Parallel Mark             2431 us, workers (us): 383, 412, 412, 410, 403, 411, 
[166.364s][info][gc,stats       ]     System Purge                    167 us
[166.364s][info][gc,stats       ]       Weak References                50 us, parallelism: 0.10x
[166.364s][info][gc,stats       ]         WRP: <total>                  5 us
[166.364s][info][gc,stats       ]         WRP: Weak References          5 us, workers (us):   4,   0,   0,   0,   0,   0, 
[166.364s][info][gc,stats       ]       Unload Classes                 84 us, parallelism: 3.77x
[166.364s][info][gc,stats       ]         DCU: <total>                319 us
[166.364s][info][gc,stats       ]         DCU: Unload Code Caches      319 us, workers (us):  52,  61,  51,  48,  62,  45, 
[166.364s][info][gc,stats       ]       Weak Roots                     31 us, parallelism: 1.80x
[166.364s][info][gc,stats       ]         DWR: <total>                 56 us
[166.364s][info][gc,stats       ]         DWR: VM Weak Roots           56 us, workers (us):  11,  11,   9,   9,   9,   8, 
[166.364s][info][gc,stats       ]       CLDG                            0 us
[166.364s][info][gc,stats       ]   Update Region States               28 us
[166.364s][info][gc,stats       ]   Manage GC/TLABs                     3 us
[166.364s][info][gc,stats       ]   Choose Collection Set              36 us
[166.364s][info][gc,stats       ]   Rebuild Free Set                    8 us
[166.364s][info][gc,stats       ]   Cleanup                             5 us
[166.364s][info][gc,stats       ] Pacing                            47337 us
[166.364s][info][gc,stats       ] 
[166.364s][info][gc,stats       ] Allocation pacing accrued:
[166.364s][info][gc,stats       ]      47 of  1444 ms (  3.3%): main
[166.364s][info][gc,stats       ]      47 of  1444 ms (  3.3%): <total>
[166.364s][info][gc,stats       ]       4 of  1444 ms (  0.3%): <average total>
[166.364s][info][gc,stats       ]      47 of  1444 ms (  3.3%): <average non-zero>
[166.364s][info][gc,stats       ] 
[166.364s][info][gc,metaspace   ] Metaspace: 1071K(1280K)->1071K(1280K) NonClass: 989K(1088K)->989K(1088K) Class: 81K(192K)->81K(192K)
[166.364s][info][gc,ergo        ] Pacer for Idle. Initial: 10485K, Alloc Tax Rate: 1.0x
[167.795s][info][gc             ] Trigger: Average GC time (3.28 ms) is above the time for average allocation rate (306 MB/s) to deplete free headroom (0B) (margin of error = 2.95)
[167.795s][info][gc,ergo        ] Free headroom: 103M (free) - 26214K (spike) - 143M (penalties) = 0B
[167.795s][info][gc,ergo        ] Free: 103M, Max: 256K regular, 89600K humongous, Frag: 16% external, 0% internal; Reserve: 26368K, Max: 256K
[167.795s][info][gc,start       ] GC(99) Concurrent reset
[167.795s][info][gc,task        ] GC(99) Using 3 of 6 workers for concurrent reset
[167.795s][info][gc,ergo        ] GC(99) Pacer for Reset. Non-Taxable: 512M
[167.795s][info][gc             ] GC(99) Concurrent reset 0.175ms
[167.795s][info][gc,start       ] GC(99) Pause Init Mark (unload classes)
[167.796s][info][gc,task        ] GC(99) Using 6 of 6 workers for init marking
[167.796s][info][gc,ergo        ] GC(99) Pacer for Mark. Expected Live: 139M, Free: 103M, Non-Taxable: 10573K, Alloc Tax Rate: 1.6x
[167.796s][info][gc             ] GC(99) Pause Init Mark (unload classes) 0.081ms
[167.796s][info][gc,start       ] GC(99) Concurrent marking roots
[167.796s][info][gc,task        ] GC(99) Using 3 of 6 workers for concurrent marking roots
[167.796s][info][gc             ] GC(99) Concurrent marking roots 0.245ms
[167.796s][info][gc,start       ] GC(99) Concurrent marking (unload classes)
[167.796s][info][gc,task        ] GC(99) Using 3 of 6 workers for concurrent marking
[167.797s][info][gc             ] GC(99) Concurrent marking (unload classes) 0.653ms
[167.797s][info][gc,start       ] GC(99) Pause Final Mark (unload classes)
[167.797s][info][gc,task        ] GC(99) Using 6 of 6 workers for final marking
[167.797s][info][gc,ergo        ] GC(99) Collectable Garbage: 261M (99%), Immediate: 261M (99%), CSet: 0B (0%)
[167.797s][info][gc             ] GC(99) Pause Final Mark (unload classes) 0.190ms
[167.797s][info][gc,start       ] GC(99) Concurrent weak references
[167.797s][info][gc,task        ] GC(99) Using 3 of 6 workers for concurrent weak references
[167.797s][info][gc,ref         ] GC(99) Encountered references: Soft: 45, Weak: 116, Final: 0, Phantom: 7
[167.797s][info][gc,ref         ] GC(99) Discovered  references: Soft: 0, Weak: 84, Final: 0, Phantom: 5
[167.797s][info][gc,ref         ] GC(99) Enqueued    references: Soft: 0, Weak: 0, Final: 0, Phantom: 0
[167.797s][info][gc             ] GC(99) Concurrent weak references 0.103ms
[167.797s][info][gc,start       ] GC(99) Concurrent weak roots
[167.797s][info][gc,task        ] GC(99) Using 3 of 6 workers for concurrent weak root
[167.797s][info][gc             ] GC(99) Concurrent weak roots 0.193ms
[167.797s][info][gc,start       ] GC(99) Concurrent cleanup
[167.797s][info][gc             ] GC(99) Concurrent cleanup 378M->117M(512M) 0.064ms
[167.797s][info][gc,ergo        ] GC(99) Free: 367M, Max: 256K regular, 242M humongous, Frag: 35% external, 0% internal; Reserve: 26368K, Max: 256K
[167.797s][info][gc,start       ] GC(99) Concurrent class unloading
[167.797s][info][gc,task        ] GC(99) Using 3 of 6 workers for concurrent class unloading
[167.797s][info][gc             ] GC(99) Concurrent class unloading 0.226ms
[167.797s][info][gc,start       ] GC(99) Pause Final Roots
[167.797s][info][gc             ] GC(99) Pause Final Roots 0.016ms
[167.798s][info][gc,ergo        ] Free: 367M, Max: 256K regular, 242M humongous, Frag: 35% external, 0% internal; Reserve: 26368K, Max: 256K
[167.798s][info][gc,stats       ] 
[167.798s][info][gc,stats       ] All times are wall-clock times, except per-root-class counters, that are sum over
[167.798s][info][gc,stats       ] all workers. Dividing the <total> over the root stage time estimates parallelism.
[167.798s][info][gc,stats       ] 
[167.798s][info][gc,stats       ] Concurrent Reset                    191 us
[167.798s][info][gc,stats       ] Pause Init Mark (G)                 126 us
[167.798s][info][gc,stats       ] Pause Init Mark (N)                  95 us
[167.798s][info][gc,stats       ]   Update Region States               27 us
[167.798s][info][gc,stats       ] Concurrent Mark Roots               260 us, parallelism: 1.29x
[167.798s][info][gc,stats       ]   CMR: <total>                      337 us
[167.798s][info][gc,stats       ]   CMR: Thread Roots                 301 us, workers (us): 194,  71,  36, ---, ---, ---, 
[167.798s][info][gc,stats       ]   CMR: VM Strong Roots                5 us, workers (us):   2,   2,   1, ---, ---, ---, 
[167.798s][info][gc,stats       ]   CMR: CLDG Roots                    30 us, workers (us): ---, ---,  30, ---, ---, ---, 
[167.798s][info][gc,stats       ] Concurrent Marking                  674 us
[167.798s][info][gc,stats       ] Pause Final Mark (G)                234 us
[167.798s][info][gc,stats       ] Pause Final Mark (N)                200 us
[167.798s][info][gc,stats       ]   Finish Mark                        81 us
[167.798s][info][gc,stats       ]   Update Region States               29 us
[167.798s][info][gc,stats       ]   Choose Collection Set              44 us
[167.798s][info][gc,stats       ]   Rebuild Free Set                    8 us
[167.798s][info][gc,stats       ] Concurrent Weak References          111 us, parallelism: 0.04x
[167.798s][info][gc,stats       ]   CWRF: <total>                       4 us
[167.798s][info][gc,stats       ]   CWRF: Weak References               4 us, workers (us):   3,   1,   0, ---, ---, ---, 
[167.798s][info][gc,stats       ] Concurrent Weak Roots               216 us
[167.798s][info][gc,stats       ]   Roots                             103 us, parallelism: 0.92x
[167.798s][info][gc,stats       ]     CWR: <total>                     95 us
[167.798s][info][gc,stats       ]     CWR: Code Cache Roots            51 us, workers (us):  35,   0,  16, ---, ---, ---, 
[167.798s][info][gc,stats       ]     CWR: VM Weak Roots               43 us, workers (us):  17,  13,  13, ---, ---, ---, 
[167.798s][info][gc,stats       ]     CWR: CLDG Roots                   1 us, workers (us): ---,   1, ---, ---, ---, ---, 
[167.798s][info][gc,stats       ]   Rendezvous                         73 us
[167.798s][info][gc,stats       ] Concurrent Cleanup                   75 us
[167.798s][info][gc,stats       ] Concurrent Class Unloading          242 us
[167.798s][info][gc,stats       ]   Unlink Stale                      155 us
[167.798s][info][gc,stats       ]     System Dictionary                 1 us
[167.798s][info][gc,stats       ]     Weak Class Links                  0 us
[167.798s][info][gc,stats       ]     Code Roots                      153 us
[167.798s][info][gc,stats       ]   Rendezvous                         28 us
[167.798s][info][gc,stats       ]   Purge Unlinked                     25 us
[167.798s][info][gc,stats       ]     Code Roots                       22 us
[167.798s][info][gc,stats       ]     CLDG                              3 us
[167.798s][info][gc,stats       ]     Exception Caches                  0 us
[167.798s][info][gc,stats       ] Pause Final Roots (G)                47 us
[167.798s][info][gc,stats       ] Pause Final Roots (N)                25 us
[167.798s][info][gc,stats       ] 
[167.798s][info][gc,stats       ] Allocation pacing accrued:
[167.798s][info][gc,stats       ]       0 of  1434 ms (  0.0%): <total>
[167.798s][info][gc,stats       ]       0 of  1434 ms (  0.0%): <average total>
[167.798s][info][gc,stats       ] 
[167.798s][info][gc,metaspace   ] Metaspace: 1071K(1280K)->1071K(1280K) NonClass: 989K(1088K)->989K(1088K) Class: 81K(192K)->81K(192K)
[167.798s][info][gc,ergo        ] Pacer for Idle. Initial: 10485K, Alloc Tax Rate: 1.0x
[170.660s][info][gc             ] Failed to allocate Shared, 100M
[170.660s][info][gc             ] Cancelling GC: Allocation Failure
[170.676s][info][gc             ] Trigger: Handle Allocation Failure
[170.676s][info][gc,ergo        ] Free: 190M, Max: 256K regular, 101632K humongous, Frag: 48% external, 0% internal; Reserve: 26368K, Max: 256K
[170.676s][info][gc,start       ] GC(100) Pause Degenerated GC (Outside of Cycle)
[170.676s][info][gc,task        ] GC(100) Using 6 of 6 workers for stw degenerated gc
[170.676s][info][gc,ref         ] GC(100) Clearing All SoftReferences
[170.677s][info][gc,ref         ] GC(100) Encountered references: Soft: 45, Weak: 116, Final: 0, Phantom: 7
[170.677s][info][gc,ref         ] GC(100) Discovered  references: Soft: 20, Weak: 95, Final: 0, Phantom: 5
[170.677s][info][gc,ref         ] GC(100) Enqueued    references: Soft: 0, Weak: 0, Final: 0, Phantom: 0
[170.677s][info][gc,ergo        ] GC(100) Collectable Garbage: 213M (99%), Immediate: 213M (99%), CSet: 0B (0%)
[170.677s][info][gc,ergo        ] GC(100) Good progress for free space: 408M, need 5242K
[170.677s][info][gc,ergo        ] GC(100) Good progress for used space: 213M, need 256K
[170.677s][info][gc             ] GC(100) Pause Degenerated GC (Outside of Cycle) 289M->76M(512M) 1.096ms
[170.677s][info][gc,ergo        ] Free: 408M, Max: 256K regular, 287M humongous, Frag: 30% external, 0% internal; Reserve: 26368K, Max: 256K
[170.677s][info][gc,stats       ] 
[170.677s][info][gc,stats       ] All times are wall-clock times, except per-root-class counters, that are sum over
[170.677s][info][gc,stats       ] all workers. Dividing the <total> over the root stage time estimates parallelism.
[170.677s][info][gc,stats       ] 
[170.677s][info][gc,stats       ] Pause Degenerated GC (G)           1141 us
[170.677s][info][gc,stats       ] Pause Degenerated GC (N)           1106 us
[170.677s][info][gc,stats       ]   Degen STW Mark                    496 us, parallelism: 5.26x
[170.677s][info][gc,stats       ]     DSM: <total>                   2606 us
[170.677s][info][gc,stats       ]     DSM: Thread Roots                56 us, workers (us):   8,  15,   3,   8,  10,  12, 
[170.677s][info][gc,stats       ]     DSM: VM Strong Roots              4 us, workers (us):   2,   0,   0,   1,   0,   0, 
[170.677s][info][gc,stats       ]     DSM: CLDG Roots                  38 us, workers (us):   0,   0,  36,   0,   0,   0, 
[170.677s][info][gc,stats       ]     DSM: Parallel Mark             2508 us, workers (us): 433, 418, 392, 423, 423, 420, 
[170.677s][info][gc,stats       ]     System Purge                    182 us
[170.677s][info][gc,stats       ]       Weak References                63 us, parallelism: 0.12x
[170.677s][info][gc,stats       ]         WRP: <total>                  7 us
[170.677s][info][gc,stats       ]         WRP: Weak References          7 us, workers (us):   4,   1,   1,   1,   0,   0, 
[170.677s][info][gc,stats       ]       Unload Classes                 87 us, parallelism: 4.03x
[170.677s][info][gc,stats       ]         DCU: <total>                351 us
[170.677s][info][gc,stats       ]         DCU: Unload Code Caches      351 us, workers (us):  50,  56,  57,  68,  68,  52, 
[170.677s][info][gc,stats       ]       Weak Roots                     30 us, parallelism: 2.21x
[170.677s][info][gc,stats       ]         DWR: <total>                 67 us
[170.677s][info][gc,stats       ]         DWR: VM Weak Roots           67 us, workers (us):  12,  12,  12,  11,  10,  11, 
[170.677s][info][gc,stats       ]       CLDG                            0 us
[170.677s][info][gc,stats       ]   Update Region States               32 us
[170.677s][info][gc,stats       ]   Manage GC/TLABs                     3 us
[170.677s][info][gc,stats       ]   Choose Collection Set              41 us
[170.677s][info][gc,stats       ]   Rebuild Free Set                    9 us
[170.677s][info][gc,stats       ]   Cleanup                             6 us
[170.677s][info][gc,stats       ] Pacing                            45952 us
[170.677s][info][gc,stats       ] 
[170.677s][info][gc,stats       ] Allocation pacing accrued:
[170.677s][info][gc,stats       ]      46 of  2880 ms (  1.6%): main
[170.677s][info][gc,stats       ]      46 of  2880 ms (  1.6%): <total>
[170.677s][info][gc,stats       ]       4 of  2880 ms (  0.1%): <average total>
[170.677s][info][gc,stats       ]      46 of  2880 ms (  1.6%): <average non-zero>
[170.677s][info][gc,stats       ] 
[170.677s][info][gc,metaspace   ] Metaspace: 1071K(1280K)->1071K(1280K) NonClass: 989K(1088K)->989K(1088K) Class: 81K(192K)->81K(192K)
[170.678s][info][gc,ergo        ] Pacer for Idle. Initial: 10485K, Alloc Tax Rate: 1.0x
[171.999s][info][gc             ] Trigger: Average GC time (3.03 ms) is above the time for average allocation rate (143 MB/s) to deplete free headroom (0B) (margin of error = 3.05)
[171.999s][info][gc,ergo        ] Free headroom: 183M (free) - 26214K (spike) - 189M (penalties) = 0B
[171.999s][info][gc,ergo        ] Free: 183M, Max: 256K regular, 136M humongous, Frag: 26% external, 0% internal; Reserve: 26368K, Max: 256K
[171.999s][info][gc,start       ] GC(101) Concurrent reset
[171.999s][info][gc,task        ] GC(101) Using 3 of 6 workers for concurrent reset
[171.999s][info][gc,ergo        ] GC(101) Pacer for Reset. Non-Taxable: 512M
[172.000s][info][gc             ] GC(101) Concurrent reset 0.177ms
[172.000s][info][gc,start       ] GC(101) Pause Init Mark (unload classes)
[172.000s][info][gc,task        ] GC(101) Using 6 of 6 workers for init marking
[172.000s][info][gc,ergo        ] GC(101) Pacer for Mark. Expected Live: 174M, Free: 183M, Non-Taxable: 18765K, Alloc Tax Rate: 1.2x
[172.000s][info][gc             ] GC(101) Pause Init Mark (unload classes) 0.074ms
[172.000s][info][gc,start       ] GC(101) Concurrent marking roots
[172.000s][info][gc,task        ] GC(101) Using 3 of 6 workers for concurrent marking roots
[172.000s][info][gc             ] GC(101) Concurrent marking roots 0.236ms
[172.000s][info][gc,start       ] GC(101) Concurrent marking (unload classes)
[172.000s][info][gc,task        ] GC(101) Using 3 of 6 workers for concurrent marking
[172.001s][info][gc             ] GC(101) Concurrent marking (unload classes) 0.624ms
[172.001s][info][gc,start       ] GC(101) Pause Final Mark (unload classes)
[172.001s][info][gc,task        ] GC(101) Using 6 of 6 workers for final marking
[172.001s][info][gc,ergo        ] GC(101) Collectable Garbage: 217M (99%), Immediate: 217M (99%), CSet: 0B (0%)
[172.001s][info][gc             ] GC(101) Pause Final Mark (unload classes) 0.130ms
[172.001s][info][gc,start       ] GC(101) Concurrent weak references
[172.001s][info][gc,task        ] GC(101) Using 3 of 6 workers for concurrent weak references
[172.001s][info][gc,ref         ] GC(101) Encountered references: Soft: 45, Weak: 116, Final: 0, Phantom: 7
[172.001s][info][gc,ref         ] GC(101) Discovered  references: Soft: 0, Weak: 95, Final: 0, Phantom: 5
[172.001s][info][gc,ref         ] GC(101) Enqueued    references: Soft: 0, Weak: 0, Final: 0, Phantom: 0
[172.001s][info][gc             ] GC(101) Concurrent weak references 0.069ms
[172.001s][info][gc,start       ] GC(101) Concurrent weak roots
[172.001s][info][gc,task        ] GC(101) Using 3 of 6 workers for concurrent weak root
[172.001s][info][gc             ] GC(101) Concurrent weak roots 0.111ms
[172.001s][info][gc,start       ] GC(101) Concurrent cleanup
[172.001s][info][gc             ] GC(101) Concurrent cleanup 298M->81M(512M) 0.049ms
[172.001s][info][gc,ergo        ] GC(101) Free: 403M, Max: 256K regular, 150M humongous, Frag: 63% external, 0% internal; Reserve: 26368K, Max: 256K
[172.001s][info][gc,start       ] GC(101) Concurrent class unloading
[172.001s][info][gc,task        ] GC(101) Using 3 of 6 workers for concurrent class unloading
[172.001s][info][gc             ] GC(101) Concurrent class unloading 0.222ms
[172.001s][info][gc,start       ] GC(101) Pause Final Roots
[172.001s][info][gc             ] GC(101) Pause Final Roots 0.018ms
[172.001s][info][gc,ergo        ] Free: 403M, Max: 256K regular, 150M humongous, Frag: 63% external, 0% internal; Reserve: 26368K, Max: 256K
[172.001s][info][gc,stats       ] 
[172.001s][info][gc,stats       ] All times are wall-clock times, except per-root-class counters, that are sum over
[172.001s][info][gc,stats       ] all workers. Dividing the <total> over the root stage time estimates parallelism.
[172.001s][info][gc,stats       ] 
[172.001s][info][gc,stats       ] Concurrent Reset                    198 us
[172.001s][info][gc,stats       ] Pause Init Mark (G)                 114 us
[172.001s][info][gc,stats       ] Pause Init Mark (N)                  83 us
[172.001s][info][gc,stats       ]   Update Region States               23 us
[172.001s][info][gc,stats       ] Concurrent Mark Roots               250 us, parallelism: 1.30x
[172.001s][info][gc,stats       ]   CMR: <total>                      325 us
[172.001s][info][gc,stats       ]   CMR: Thread Roots                 292 us, workers (us):  37, 189,  67, ---, ---, ---, 
[172.001s][info][gc,stats       ]   CMR: VM Strong Roots                4 us, workers (us):   1,   2,   1, ---, ---, ---, 
[172.001s][info][gc,stats       ]   CMR: CLDG Roots                    29 us, workers (us):  29, ---, ---, ---, ---, ---, 
[172.001s][info][gc,stats       ] Concurrent Marking                  639 us
[172.001s][info][gc,stats       ] Pause Final Mark (G)                175 us
[172.002s][info][gc,stats       ] Pause Final Mark (N)                141 us
[172.002s][info][gc,stats       ]   Finish Mark                        27 us
[172.002s][info][gc,stats       ]   Update Region States               28 us
[172.002s][info][gc,stats       ]   Choose Collection Set              39 us
[172.002s][info][gc,stats       ]   Rebuild Free Set                    9 us
[172.002s][info][gc,stats       ] Concurrent Weak References           78 us, parallelism: 0.06x
[172.002s][info][gc,stats       ]   CWRF: <total>                       5 us
[172.002s][info][gc,stats       ]   CWRF: Weak References               5 us, workers (us):   3,   0,   1, ---, ---, ---, 
[172.002s][info][gc,stats       ] Concurrent Weak Roots               123 us
[172.002s][info][gc,stats       ]   Roots                              71 us, parallelism: 1.31x
[172.002s][info][gc,stats       ]     CWR: <total>                     93 us
[172.002s][info][gc,stats       ]     CWR: Code Cache Roots            49 us, workers (us):   0,  15,  34, ---, ---, ---, 
[172.002s][info][gc,stats       ]     CWR: VM Weak Roots               43 us, workers (us):  15,  14,  13, ---, ---, ---, 
[172.002s][info][gc,stats       ]     CWR: CLDG Roots                   1 us, workers (us):   1, ---, ---, ---, ---, ---, 
[172.002s][info][gc,stats       ]   Rendezvous                         24 us
[172.002s][info][gc,stats       ] Concurrent Cleanup                   59 us
[172.002s][info][gc,stats       ] Concurrent Class Unloading          236 us
[172.002s][info][gc,stats       ]   Unlink Stale                      155 us
[172.002s][info][gc,stats       ]     System Dictionary                 1 us
[172.002s][info][gc,stats       ]     Weak Class Links                  0 us
[172.002s][info][gc,stats       ]     Code Roots                      153 us
[172.002s][info][gc,stats       ]   Rendezvous                         26 us
[172.002s][info][gc,stats       ]   Purge Unlinked                     23 us
[172.002s][info][gc,stats       ]     Code Roots                       21 us
[172.002s][info][gc,stats       ]     CLDG                              3 us
[172.002s][info][gc,stats       ]     Exception Caches                  0 us
[172.002s][info][gc,stats       ] Pause Final Roots (G)                51 us
[172.002s][info][gc,stats       ] Pause Final Roots (N)                27 us
[172.002s][info][gc,stats       ] 
[172.002s][info][gc,stats       ] Allocation pacing accrued:
[172.002s][info][gc,stats       ]       0 of  1324 ms (  0.0%): <total>
[172.002s][info][gc,stats       ]       0 of  1324 ms (  0.0%): <average total>
[172.002s][info][gc,stats       ] 
[172.002s][info][gc,metaspace   ] Metaspace: 1071K(1280K)->1071K(1280K) NonClass: 989K(1088K)->989K(1088K) Class: 81K(192K)->81K(192K)
[172.002s][info][gc,ergo        ] Pacer for Idle. Initial: 10485K, Alloc Tax Rate: 1.0x
[173.588s][info][gc             ] Trigger: Average GC time (2.89 ms) is above the time for average allocation rate (238 MB/s) to deplete free headroom (0B) (margin of error = 3.04)
[173.588s][info][gc,ergo        ] Free headroom: 129M (free) - 26214K (spike) - 184M (penalties) = 0B
[173.589s][info][gc,ergo        ] Free: 129M, Max: 256K regular, 51456K humongous, Frag: 62% external, 0% internal; Reserve: 26368K, Max: 256K
[173.589s][info][gc,start       ] GC(102) Concurrent reset
[173.589s][info][gc,task        ] GC(102) Using 3 of 6 workers for concurrent reset
[173.589s][info][gc,ergo        ] GC(102) Pacer for Reset. Non-Taxable: 512M
[173.589s][info][gc             ] GC(102) Concurrent reset 0.264ms
[173.589s][info][gc,start       ] GC(102) Pause Init Mark (unload classes)
[173.589s][info][gc,task        ] GC(102) Using 6 of 6 workers for init marking
[173.589s][info][gc,ergo        ] GC(102) Pacer for Mark. Expected Live: 180M, Free: 129M, Non-Taxable: 13210K, Alloc Tax Rate: 1.7x
[173.589s][info][gc             ] GC(102) Pause Init Mark (unload classes) 0.172ms
[173.589s][info][gc,start       ] GC(102) Concurrent marking roots
[173.589s][info][gc,task        ] GC(102) Using 3 of 6 workers for concurrent marking roots
[173.590s][info][gc             ] GC(102) Concurrent marking roots 0.423ms
[173.590s][info][gc,start       ] GC(102) Concurrent marking (unload classes)
[173.590s][info][gc,task        ] GC(102) Using 3 of 6 workers for concurrent marking
[173.590s][info][gc             ] GC(102) Concurrent marking (unload classes) 0.674ms
[173.590s][info][gc,start       ] GC(102) Pause Final Mark (unload classes)
[173.590s][info][gc,task        ] GC(102) Using 6 of 6 workers for final marking
[173.591s][info][gc,ergo        ] GC(102) Collectable Garbage: 252M (99%), Immediate: 252M (99%), CSet: 0B (0%)
[173.591s][info][gc             ] GC(102) Pause Final Mark (unload classes) 0.267ms
[173.591s][info][gc,start       ] GC(102) Concurrent weak references
[173.591s][info][gc,task        ] GC(102) Using 3 of 6 workers for concurrent weak references
[173.591s][info][gc,ref         ] GC(102) Encountered references: Soft: 45, Weak: 116, Final: 0, Phantom: 7
[173.591s][info][gc,ref         ] GC(102) Discovered  references: Soft: 0, Weak: 72, Final: 0, Phantom: 5
[173.591s][info][gc,ref         ] GC(102) Enqueued    references: Soft: 0, Weak: 0, Final: 0, Phantom: 0
[173.591s][info][gc             ] GC(102) Concurrent weak references 0.101ms
[173.591s][info][gc,start       ] GC(102) Concurrent weak roots
[173.591s][info][gc,task        ] GC(102) Using 3 of 6 workers for concurrent weak root
[173.591s][info][gc             ] GC(102) Concurrent weak roots 0.225ms
[173.591s][info][gc,start       ] GC(102) Concurrent cleanup
[173.591s][info][gc             ] GC(102) Concurrent cleanup 353M->101M(512M) 0.066ms
[173.591s][info][gc,ergo        ] GC(102) Free: 384M, Max: 256K regular, 347M humongous, Frag: 10% external, 0% internal; Reserve: 26368K, Max: 256K
[173.591s][info][gc,start       ] GC(102) Concurrent class unloading
[173.591s][info][gc,task        ] GC(102) Using 3 of 6 workers for concurrent class unloading
[173.591s][info][gc             ] GC(102) Concurrent class unloading 0.243ms
[173.591s][info][gc,start       ] GC(102) Pause Final Roots
[173.591s][info][gc             ] GC(102) Pause Final Roots 0.016ms
[173.591s][info][gc,ergo        ] Free: 384M, Max: 256K regular, 347M humongous, Frag: 10% external, 0% internal; Reserve: 26368K, Max: 256K
[173.591s][info][gc,stats       ] 
[173.591s][info][gc,stats       ] All times are wall-clock times, except per-root-class counters, that are sum over
[173.591s][info][gc,stats       ] all workers. Dividing the <total> over the root stage time estimates parallelism.
[173.591s][info][gc,stats       ] 
[173.591s][info][gc,stats       ] Concurrent Reset                    306 us
[173.591s][info][gc,stats       ] Pause Init Mark (G)                 258 us
[173.591s][info][gc,stats       ] Pause Init Mark (N)                 182 us
[173.591s][info][gc,stats       ]   Update Region States               74 us
[173.591s][info][gc,stats       ] Concurrent Mark Roots               443 us, parallelism: 0.94x
[173.591s][info][gc,stats       ]   CMR: <total>                      417 us
[173.591s][info][gc,stats       ]   CMR: Thread Roots                 383 us, workers (us): 278,  70,  35, ---, ---, ---, 
[173.591s][info][gc,stats       ]   CMR: VM Strong Roots                4 us, workers (us):   2,   2,   0, ---, ---, ---, 
[173.591s][info][gc,stats       ]   CMR: CLDG Roots                    30 us, workers (us):  30, ---, ---, ---, ---, ---, 
[173.591s][info][gc,stats       ] Concurrent Marking                  692 us
[173.592s][info][gc,stats       ] Pause Final Mark (G)                352 us
[173.592s][info][gc,stats       ] Pause Final Mark (N)                277 us
[173.592s][info][gc,stats       ]   Finish Mark                       137 us
[173.592s][info][gc,stats       ]   Update Region States               55 us
[173.592s][info][gc,stats       ]   Choose Collection Set              36 us
[173.592s][info][gc,stats       ]   Rebuild Free Set                    8 us
[173.592s][info][gc,stats       ] Concurrent Weak References          109 us, parallelism: 0.04x
[173.592s][info][gc,stats       ]   CWRF: <total>                       4 us
[173.592s][info][gc,stats       ]   CWRF: Weak References               4 us, workers (us):   3,   1,   0, ---, ---, ---, 
[173.592s][info][gc,stats       ] Concurrent Weak Roots               242 us
[173.592s][info][gc,stats       ]   Roots                             131 us, parallelism: 0.72x
[173.592s][info][gc,stats       ]     CWR: <total>                     94 us
[173.592s][info][gc,stats       ]     CWR: Code Cache Roots            50 us, workers (us):  34,  16,   0, ---, ---, ---, 
[173.592s][info][gc,stats       ]     CWR: VM Weak Roots               43 us, workers (us):  22,  21,   0, ---, ---, ---, 
[173.592s][info][gc,stats       ]     CWR: CLDG Roots                   1 us, workers (us): ---,   1, ---, ---, ---, ---, 
[173.592s][info][gc,stats       ]   Rendezvous                         77 us
[173.592s][info][gc,stats       ] Concurrent Cleanup                   76 us
[173.592s][info][gc,stats       ] Concurrent Class Unloading          257 us
[173.592s][info][gc,stats       ]   Unlink Stale                      154 us
[173.592s][info][gc,stats       ]     System Dictionary                 1 us
[173.592s][info][gc,stats       ]     Weak Class Links                  0 us
[173.592s][info][gc,stats       ]     Code Roots                      152 us
[173.592s][info][gc,stats       ]   Rendezvous                         22 us
[173.592s][info][gc,stats       ]   Purge Unlinked                     50 us
[173.592s][info][gc,stats       ]     Code Roots                       47 us
[173.592s][info][gc,stats       ]     CLDG                              3 us
[173.592s][info][gc,stats       ]     Exception Caches                  0 us
[173.592s][info][gc,stats       ] Pause Final Roots (G)                44 us
[173.592s][info][gc,stats       ] Pause Final Roots (N)                24 us
[173.592s][info][gc,stats       ] Pacing                            57806 us
[173.592s][info][gc,stats       ] 
[173.592s][info][gc,stats       ] Allocation pacing accrued:
[173.592s][info][gc,stats       ]      58 of  1590 ms (  3.6%): main
[173.592s][info][gc,stats       ]      58 of  1590 ms (  3.6%): <total>
[173.592s][info][gc,stats       ]       4 of  1590 ms (  0.3%): <average total>
[173.592s][info][gc,stats       ]      58 of  1590 ms (  3.6%): <average non-zero>
[173.592s][info][gc,stats       ] 
[173.592s][info][gc,metaspace   ] Metaspace: 1071K(1280K)->1071K(1280K) NonClass: 989K(1088K)->989K(1088K) Class: 81K(192K)->81K(192K)
[173.592s][info][gc,ergo        ] Pacer for Idle. Initial: 10485K, Alloc Tax Rate: 1.0x
[175.065s][info][gc             ] Trigger: Average GC time (3.62 ms) is above the time for average allocation rate (292 MB/s) to deplete free headroom (0B) (margin of error = 3.04)
[175.065s][info][gc,ergo        ] Free headroom: 158M (free) - 26214K (spike) - 179M (penalties) = 0B
[175.065s][info][gc,ergo        ] Free: 158M, Max: 256K regular, 121M humongous, Frag: 24% external, 0% internal; Reserve: 26368K, Max: 256K
[175.065s][info][gc,start       ] GC(103) Concurrent reset
[175.065s][info][gc,task        ] GC(103) Using 3 of 6 workers for concurrent reset
[175.065s][info][gc,ergo        ] GC(103) Pacer for Reset. Non-Taxable: 512M
[175.065s][info][gc             ] GC(103) Concurrent reset 0.209ms
[175.065s][info][gc,start       ] GC(103) Pause Init Mark (unload classes)
[175.065s][info][gc,task        ] GC(103) Using 6 of 6 workers for init marking
[175.065s][info][gc,ergo        ] GC(103) Pacer for Mark. Expected Live: 170M, Free: 158M, Non-Taxable: 16257K, Alloc Tax Rate: 1.3x
[175.065s][info][gc             ] GC(103) Pause Init Mark (unload classes) 0.101ms
[175.065s][info][gc,start       ] GC(103) Concurrent marking roots
[175.065s][info][gc,task        ] GC(103) Using 3 of 6 workers for concurrent marking roots
[175.066s][info][gc             ] GC(103) Concurrent marking roots 0.300ms
[175.066s][info][gc,start       ] GC(103) Concurrent marking (unload classes)
[175.066s][info][gc,task        ] GC(103) Using 3 of 6 workers for concurrent marking
[175.066s][info][gc             ] GC(103) Concurrent marking (unload classes) 0.729ms
[175.066s][info][gc,start       ] GC(103) Pause Final Mark (unload classes)
[175.066s][info][gc,task        ] GC(103) Using 6 of 6 workers for final marking
[175.066s][info][gc,ergo        ] GC(103) Collectable Garbage: 117M (99%), Immediate: 117M (99%), CSet: 0B (0%)
[175.066s][info][gc             ] GC(103) Pause Final Mark (unload classes) 0.146ms
[175.066s][info][gc,start       ] GC(103) Concurrent weak references
[175.067s][info][gc,task        ] GC(103) Using 3 of 6 workers for concurrent weak references
[175.067s][info][gc,ref         ] GC(103) Encountered references: Soft: 45, Weak: 116, Final: 0, Phantom: 7
[175.067s][info][gc,ref         ] GC(103) Discovered  references: Soft: 0, Weak: 95, Final: 0, Phantom: 5
[175.067s][info][gc,ref         ] GC(103) Enqueued    references: Soft: 0, Weak: 0, Final: 0, Phantom: 0
[175.067s][info][gc             ] GC(103) Concurrent weak references 0.081ms
[175.067s][info][gc,start       ] GC(103) Concurrent weak roots
[175.067s][info][gc,task        ] GC(103) Using 3 of 6 workers for concurrent weak root
[175.067s][info][gc             ] GC(103) Concurrent weak roots 0.123ms
[175.067s][info][gc,start       ] GC(103) Concurrent cleanup
[175.067s][info][gc             ] GC(103) Concurrent cleanup 323M->206M(512M) 0.037ms
[175.067s][info][gc,ergo        ] GC(103) Free: 278M, Max: 256K regular, 121M humongous, Frag: 57% external, 0% internal; Reserve: 26368K, Max: 256K
[175.067s][info][gc,start       ] GC(103) Concurrent class unloading
[175.067s][info][gc,task        ] GC(103) Using 3 of 6 workers for concurrent class unloading
[175.067s][info][gc             ] GC(103) Concurrent class unloading 0.265ms
[175.067s][info][gc,start       ] GC(103) Pause Final Roots
[175.067s][info][gc             ] GC(103) Pause Final Roots 0.017ms
[175.067s][info][gc,ergo        ] Free: 278M, Max: 256K regular, 121M humongous, Frag: 57% external, 0% internal; Reserve: 26368K, Max: 256K
[175.067s][info][gc,stats       ] 
[175.067s][info][gc,stats       ] All times are wall-clock times, except per-root-class counters, that are sum over
[175.067s][info][gc,stats       ] all workers. Dividing the <total> over the root stage time estimates parallelism.
[175.067s][info][gc,stats       ] 
[175.067s][info][gc,stats       ] Concurrent Reset                    231 us
[175.067s][info][gc,stats       ] Pause Init Mark (G)                 176 us
[175.067s][info][gc,stats       ] Pause Init Mark (N)                 110 us
[175.067s][info][gc,stats       ]   Update Region States               52 us
[175.067s][info][gc,stats       ] Concurrent Mark Roots               318 us, parallelism: 1.17x
[175.067s][info][gc,stats       ]   CMR: <total>                      372 us
[175.067s][info][gc,stats       ]   CMR: Thread Roots                 332 us, workers (us): 212,  85,  36, ---, ---, ---, 
[175.067s][info][gc,stats       ]   CMR: VM Strong Roots                6 us, workers (us):   3,   3,   0, ---, ---, ---, 
[175.067s][info][gc,stats       ]   CMR: CLDG Roots                    34 us, workers (us): ---, ---,  34, ---, ---, ---, 
[175.067s][info][gc,stats       ] Concurrent Marking                  754 us
[175.067s][info][gc,stats       ] Pause Final Mark (G)                198 us
[175.067s][info][gc,stats       ] Pause Final Mark (N)                156 us
[175.067s][info][gc,stats       ]   Finish Mark                        32 us
[175.067s][info][gc,stats       ]   Update Region States               40 us
[175.067s][info][gc,stats       ]   Choose Collection Set              33 us
[175.067s][info][gc,stats       ]   Rebuild Free Set                    8 us
[175.067s][info][gc,stats       ] Concurrent Weak References           89 us, parallelism: 0.06x
[175.067s][info][gc,stats       ]   CWRF: <total>                       6 us
[175.067s][info][gc,stats       ]   CWRF: Weak References               6 us, workers (us):   5,   0,   0, ---, ---, ---, 
[175.067s][info][gc,stats       ] Concurrent Weak Roots               138 us
[175.067s][info][gc,stats       ]   Roots                              76 us, parallelism: 1.31x
[175.067s][info][gc,stats       ]     CWR: <total>                    100 us
[175.067s][info][gc,stats       ]     CWR: Code Cache Roots            55 us, workers (us):  18,  37,   0, ---, ---, ---, 
[175.067s][info][gc,stats       ]     CWR: VM Weak Roots               44 us, workers (us):  19,  15,  10, ---, ---, ---, 
[175.067s][info][gc,stats       ]     CWR: CLDG Roots                   1 us, workers (us): ---, ---,   1, ---, ---, ---, 
[175.067s][info][gc,stats       ]   Rendezvous                         30 us
[175.067s][info][gc,stats       ] Concurrent Cleanup                   47 us
[175.067s][info][gc,stats       ] Concurrent Class Unloading          284 us
[175.068s][info][gc,stats       ]   Unlink Stale                      180 us
[175.068s][info][gc,stats       ]     System Dictionary                 1 us
[175.068s][info][gc,stats       ]     Weak Class Links                  0 us
[175.068s][info][gc,stats       ]     Code Roots                      179 us
[175.068s][info][gc,stats       ]   Rendezvous                         31 us
[175.068s][info][gc,stats       ]   Purge Unlinked                     36 us
[175.068s][info][gc,stats       ]     Code Roots                       32 us
[175.068s][info][gc,stats       ]     CLDG                              4 us
[175.068s][info][gc,stats       ]     Exception Caches                  0 us
[175.068s][info][gc,stats       ] Pause Final Roots (G)               137 us
[175.068s][info][gc,stats       ] Pause Final Roots (N)                25 us
[175.068s][info][gc,stats       ] Pacing                            47489 us
[175.068s][info][gc,stats       ] 
[175.068s][info][gc,stats       ] Allocation pacing accrued:
[175.068s][info][gc,stats       ]      47 of  1476 ms (  3.2%): main
[175.068s][info][gc,stats       ]      47 of  1476 ms (  3.2%): <total>
[175.068s][info][gc,stats       ]       4 of  1476 ms (  0.2%): <average total>
[175.068s][info][gc,stats       ]      47 of  1476 ms (  3.2%): <average non-zero>
[175.068s][info][gc,stats       ] 
[175.068s][info][gc,metaspace   ] Metaspace: 1071K(1280K)->1071K(1280K) NonClass: 989K(1088K)->989K(1088K) Class: 81K(192K)->81K(192K)
[175.068s][info][gc,ergo        ] Pacer for Idle. Initial: 10485K, Alloc Tax Rate: 1.0x
[176.404s][info][gc             ] Trigger: Average GC time (3.26 ms) is above the time for average allocation rate (117 MB/s) to deplete free headroom (0B) (margin of error = 3.05)
[176.404s][info][gc,ergo        ] Free headroom: 153M (free) - 26214K (spike) - 174M (penalties) = 0B
[176.404s][info][gc,ergo        ] Free: 153M, Max: 256K regular, 73216K humongous, Frag: 54% external, 0% internal; Reserve: 26368K, Max: 256K
[176.404s][info][gc,start       ] GC(104) Concurrent reset
[176.404s][info][gc,task        ] GC(104) Using 3 of 6 workers for concurrent reset
[176.404s][info][gc,ergo        ] GC(104) Pacer for Reset. Non-Taxable: 512M
[176.404s][info][gc             ] GC(104) Concurrent reset 0.226ms
[176.404s][info][gc,start       ] GC(104) Pause Init Mark (unload classes)
[176.404s][info][gc,task        ] GC(104) Using 6 of 6 workers for init marking
[176.404s][info][gc,ergo        ] GC(104) Pacer for Mark. Expected Live: 180M, Free: 153M, Non-Taxable: 15719K, Alloc Tax Rate: 1.4x
[176.404s][info][gc             ] GC(104) Pause Init Mark (unload classes) 0.075ms
[176.405s][info][gc,start       ] GC(104) Concurrent marking roots
[176.405s][info][gc,task        ] GC(104) Using 3 of 6 workers for concurrent marking roots
[176.405s][info][gc             ] GC(104) Concurrent marking roots 0.243ms
[176.405s][info][gc,start       ] GC(104) Concurrent marking (unload classes)
[176.405s][info][gc,task        ] GC(104) Using 3 of 6 workers for concurrent marking
[176.405s][info][gc             ] GC(104) Concurrent marking (unload classes) 0.636ms
[176.405s][info][gc,start       ] GC(104) Pause Final Mark (unload classes)
[176.405s][info][gc,task        ] GC(104) Using 6 of 6 workers for final marking
[176.406s][info][gc,ergo        ] GC(104) Collectable Garbage: 166M (99%), Immediate: 166M (99%), CSet: 0B (0%)
[176.406s][info][gc             ] GC(104) Pause Final Mark (unload classes) 0.123ms
[176.406s][info][gc,start       ] GC(104) Concurrent weak references
[176.406s][info][gc,task        ] GC(104) Using 3 of 6 workers for concurrent weak references
[176.406s][info][gc,ref         ] GC(104) Encountered references: Soft: 45, Weak: 116, Final: 0, Phantom: 7
[176.406s][info][gc,ref         ] GC(104) Discovered  references: Soft: 0, Weak: 95, Final: 0, Phantom: 5
[176.406s][info][gc,ref         ] GC(104) Enqueued    references: Soft: 0, Weak: 0, Final: 0, Phantom: 0
[176.406s][info][gc             ] GC(104) Concurrent weak references 0.072ms
[176.406s][info][gc,start       ] GC(104) Concurrent weak roots
[176.406s][info][gc,task        ] GC(104) Using 3 of 6 workers for concurrent weak root
[176.406s][info][gc             ] GC(104) Concurrent weak roots 0.113ms
[176.406s][info][gc,start       ] GC(104) Concurrent cleanup
[176.406s][info][gc             ] GC(104) Concurrent cleanup 328M->162M(512M) 0.042ms
[176.406s][info][gc,ergo        ] GC(104) Free: 322M, Max: 256K regular, 186M humongous, Frag: 43% external, 0% internal; Reserve: 26368K, Max: 256K
[176.406s][info][gc,start       ] GC(104) Concurrent class unloading
[176.406s][info][gc,task        ] GC(104) Using 3 of 6 workers for concurrent class unloading
[176.406s][info][gc             ] GC(104) Concurrent class unloading 0.233ms
[176.406s][info][gc,start       ] GC(104) Pause Final Roots
[176.406s][info][gc             ] GC(104) Pause Final Roots 0.018ms
[176.406s][info][gc,ergo        ] Free: 322M, Max: 256K regular, 186M humongous, Frag: 43% external, 0% internal; Reserve: 26368K, Max: 256K
[176.406s][info][gc,stats       ] 
[176.406s][info][gc,stats       ] All times are wall-clock times, except per-root-class counters, that are sum over
[176.406s][info][gc,stats       ] all workers. Dividing the <total> over the root stage time estimates parallelism.
[176.406s][info][gc,stats       ] 
[176.406s][info][gc,stats       ] Concurrent Reset                    248 us
[176.406s][info][gc,stats       ] Pause Init Mark (G)                 122 us
[176.406s][info][gc,stats       ] Pause Init Mark (N)                  84 us
[176.406s][info][gc,stats       ]   Update Region States               27 us
[176.406s][info][gc,stats       ] Concurrent Mark Roots               259 us, parallelism: 1.27x
[176.406s][info][gc,stats       ]   CMR: <total>                      328 us
[176.406s][info][gc,stats       ]   CMR: Thread Roots                 294 us, workers (us): 190,  68,  36, ---, ---, ---, 
[176.406s][info][gc,stats       ]   CMR: VM Strong Roots                4 us, workers (us):   2,   1,   0, ---, ---, ---, 
[176.406s][info][gc,stats       ]   CMR: CLDG Roots                    31 us, workers (us): ---, ---,  31, ---, ---, ---, 
[176.406s][info][gc,stats       ] Concurrent Marking                  678 us
[176.406s][info][gc,stats       ] Pause Final Mark (G)                167 us
[176.406s][info][gc,stats       ] Pause Final Mark (N)                133 us
[176.406s][info][gc,stats       ]   Finish Mark                        30 us
[176.406s][info][gc,stats       ]   Update Region States               23 us
[176.406s][info][gc,stats       ]   Choose Collection Set              33 us
[176.406s][info][gc,stats       ]   Rebuild Free Set                    8 us
[176.406s][info][gc,stats       ] Concurrent Weak References           80 us, parallelism: 0.05x
[176.406s][info][gc,stats       ]   CWRF: <total>                       4 us
[176.406s][info][gc,stats       ]   CWRF: Weak References               4 us, workers (us):   4,   0,   0, ---, ---, ---, 
[176.406s][info][gc,stats       ] Concurrent Weak Roots               128 us
[176.406s][info][gc,stats       ]   Roots                              68 us, parallelism: 1.34x
[176.406s][info][gc,stats       ]     CWR: <total>                     92 us
[176.406s][info][gc,stats       ]     CWR: Code Cache Roots            49 us, workers (us):  15,  34,   0, ---, ---, ---, 
[176.406s][info][gc,stats       ]     CWR: VM Weak Roots               42 us, workers (us):  14,  14,  13, ---, ---, ---, 
[176.406s][info][gc,stats       ]     CWR: CLDG Roots                   1 us, workers (us): ---, ---,   1, ---, ---, ---, 
[176.406s][info][gc,stats       ]   Rendezvous                         28 us
[176.406s][info][gc,stats       ] Concurrent Cleanup                   52 us
[176.406s][info][gc,stats       ] Concurrent Class Unloading          248 us
[176.406s][info][gc,stats       ]   Unlink Stale                      164 us
[176.406s][info][gc,stats       ]     System Dictionary                 1 us
[176.406s][info][gc,stats       ]     Weak Class Links                  0 us
[176.406s][info][gc,stats       ]     Code Roots                      162 us
[176.407s][info][gc,stats       ]   Rendezvous                         27 us
[176.407s][info][gc,stats       ]   Purge Unlinked                     26 us
[176.407s][info][gc,stats       ]     Code Roots                       23 us
[176.407s][info][gc,stats       ]     CLDG                              3 us
[176.407s][info][gc,stats       ]     Exception Caches                  0 us
[176.407s][info][gc,stats       ] Pause Final Roots (G)                50 us
[176.407s][info][gc,stats       ] Pause Final Roots (N)                27 us
[176.407s][info][gc,stats       ] Pacing                            31338 us
[176.407s][info][gc,stats       ] 
[176.407s][info][gc,stats       ] Allocation pacing accrued:
[176.407s][info][gc,stats       ]      31 of  1339 ms (  2.3%): main
[176.407s][info][gc,stats       ]      31 of  1339 ms (  2.3%): <total>
[176.407s][info][gc,stats       ]       2 of  1339 ms (  0.2%): <average total>
[176.407s][info][gc,stats       ]      31 of  1339 ms (  2.3%): <average non-zero>
[176.407s][info][gc,stats       ] 
[176.407s][info][gc,metaspace   ] Metaspace: 1071K(1280K)->1071K(1280K) NonClass: 989K(1088K)->989K(1088K) Class: 81K(192K)->81K(192K)
[176.407s][info][gc,ergo        ] Pacer for Idle. Initial: 10485K, Alloc Tax Rate: 1.0x
[177.636s][info][gc             ] Trigger: Average GC time (3.07 ms) is above the time for average allocation rate (78647 KB/s) to deplete free headroom (0B) (margin of error = 3.05)
[177.636s][info][gc,ergo        ] Free headroom: 193M (free) - 26214K (spike) - 168M (penalties) = 0B
[177.636s][info][gc,ergo        ] Free: 193M, Max: 256K regular, 77312K humongous, Frag: 61% external, 0% internal; Reserve: 26368K, Max: 256K
[177.636s][info][gc,start       ] GC(105) Concurrent reset
[177.636s][info][gc,task        ] GC(105) Using 3 of 6 workers for concurrent reset
[177.636s][info][gc,ergo        ] GC(105) Pacer for Reset. Non-Taxable: 512M
[177.637s][info][gc             ] GC(105) Concurrent reset 0.303ms
[177.637s][info][gc,start       ] GC(105) Pause Init Mark (unload classes)
[177.637s][info][gc,task        ] GC(105) Using 6 of 6 workers for init marking
[177.637s][info][gc,ergo        ] GC(105) Pacer for Mark. Expected Live: 149M, Free: 193M, Non-Taxable: 19815K, Alloc Tax Rate: 0.9x
[177.637s][info][gc             ] GC(105) Pause Init Mark (unload classes) 0.070ms
[177.637s][info][gc,start       ] GC(105) Concurrent marking roots
[177.637s][info][gc,task        ] GC(105) Using 3 of 6 workers for concurrent marking roots
[177.637s][info][gc             ] GC(105) Concurrent marking roots 0.269ms
[177.637s][info][gc,start       ] GC(105) Concurrent marking (unload classes)
[177.637s][info][gc,task        ] GC(105) Using 3 of 6 workers for concurrent marking
[177.638s][info][gc             ] GC(105) Concurrent marking (unload classes) 0.743ms
[177.638s][info][gc,start       ] GC(105) Pause Final Mark (unload classes)
[177.638s][info][gc,task        ] GC(105) Using 6 of 6 workers for final marking
[177.638s][info][gc,ergo        ] GC(105) Collectable Garbage: 268M (99%), Immediate: 268M (99%), CSet: 0B (0%)
[177.638s][info][gc             ] GC(105) Pause Final Mark (unload classes) 0.142ms
[177.638s][info][gc,start       ] GC(105) Concurrent weak references
[177.638s][info][gc,task        ] GC(105) Using 3 of 6 workers for concurrent weak references
[177.638s][info][gc,ref         ] GC(105) Encountered references: Soft: 45, Weak: 116, Final: 0, Phantom: 7
[177.638s][info][gc,ref         ] GC(105) Discovered  references: Soft: 0, Weak: 84, Final: 0, Phantom: 5
[177.638s][info][gc,ref         ] GC(105) Enqueued    references: Soft: 0, Weak: 0, Final: 0, Phantom: 0
[177.638s][info][gc             ] GC(105) Concurrent weak references 0.073ms
[177.638s][info][gc,start       ] GC(105) Concurrent weak roots
[177.638s][info][gc,task        ] GC(105) Using 3 of 6 workers for concurrent weak root
[177.638s][info][gc             ] GC(105) Concurrent weak roots 0.113ms
[177.638s][info][gc,start       ] GC(105) Concurrent cleanup
[177.638s][info][gc             ] GC(105) Concurrent cleanup 289M->21M(512M) 0.058ms
[177.638s][info][gc,ergo        ] GC(105) Free: 464M, Max: 256K regular, 333M humongous, Frag: 29% external, 0% internal; Reserve: 26368K, Max: 256K
[177.638s][info][gc,start       ] GC(105) Concurrent class unloading
[177.638s][info][gc,task        ] GC(105) Using 3 of 6 workers for concurrent class unloading
[177.639s][info][gc             ] GC(105) Concurrent class unloading 0.234ms
[177.639s][info][gc,start       ] GC(105) Pause Final Roots
[177.639s][info][gc             ] GC(105) Pause Final Roots 0.016ms
[177.639s][info][gc,ergo        ] Free: 464M, Max: 256K regular, 333M humongous, Frag: 29% external, 0% internal; Reserve: 26368K, Max: 256K
[177.639s][info][gc,stats       ] 
[177.639s][info][gc,stats       ] All times are wall-clock times, except per-root-class counters, that are sum over
[177.639s][info][gc,stats       ] all workers. Dividing the <total> over the root stage time estimates parallelism.
[177.639s][info][gc,stats       ] 
[177.639s][info][gc,stats       ] Concurrent Reset                    328 us
[177.639s][info][gc,stats       ] Pause Init Mark (G)                 106 us
[177.639s][info][gc,stats       ] Pause Init Mark (N)                  78 us
[177.639s][info][gc,stats       ]   Update Region States               27 us
[177.639s][info][gc,stats       ] Concurrent Mark Roots               286 us, parallelism: 1.37x
[177.639s][info][gc,stats       ]   CMR: <total>                      391 us
[177.639s][info][gc,stats       ]   CMR: Thread Roots                 344 us, workers (us):  47,  87, 210, ---, ---, ---, 
[177.639s][info][gc,stats       ]   CMR: VM Strong Roots                6 us, workers (us):   2,   3,   1, ---, ---, ---, 
[177.639s][info][gc,stats       ]   CMR: CLDG Roots                    41 us, workers (us):  41, ---, ---, ---, ---, ---, 
[177.639s][info][gc,stats       ] Concurrent Marking                  762 us
[177.639s][info][gc,stats       ] Pause Final Mark (G)                189 us
[177.639s][info][gc,stats       ] Pause Final Mark (N)                152 us
[177.639s][info][gc,stats       ]   Finish Mark                        31 us
[177.639s][info][gc,stats       ]   Update Region States               30 us
[177.639s][info][gc,stats       ]   Choose Collection Set              35 us
[177.639s][info][gc,stats       ]   Rebuild Free Set                    9 us
[177.639s][info][gc,stats       ] Concurrent Weak References           81 us, parallelism: 0.07x
[177.639s][info][gc,stats       ]   CWRF: <total>                       5 us
[177.639s][info][gc,stats       ]   CWRF: Weak References               5 us, workers (us):   4,   1,   0, ---, ---, ---, 
[177.639s][info][gc,stats       ] Concurrent Weak Roots               127 us
[177.639s][info][gc,stats       ]   Roots                              71 us, parallelism: 1.35x
[177.639s][info][gc,stats       ]     CWR: <total>                     97 us
[177.639s][info][gc,stats       ]     CWR: Code Cache Roots            53 us, workers (us):  17,   0,  36, ---, ---, ---, 
[177.639s][info][gc,stats       ]     CWR: VM Weak Roots               43 us, workers (us):  15,  14,  14, ---, ---, ---, 
[177.639s][info][gc,stats       ]     CWR: CLDG Roots                   1 us, workers (us): ---,   1, ---, ---, ---, ---, 
[177.639s][info][gc,stats       ]   Rendezvous                         26 us
[177.639s][info][gc,stats       ] Concurrent Cleanup                   68 us
[177.639s][info][gc,stats       ] Concurrent Class Unloading          248 us
[177.639s][info][gc,stats       ]   Unlink Stale                      164 us
[177.639s][info][gc,stats       ]     System Dictionary                 1 us
[177.639s][info][gc,stats       ]     Weak Class Links                  0 us
[177.639s][info][gc,stats       ]     Code Roots                      161 us
[177.639s][info][gc,stats       ]   Rendezvous                         24 us
[177.639s][info][gc,stats       ]   Purge Unlinked                     23 us
[177.639s][info][gc,stats       ]     Code Roots                       21 us
[177.639s][info][gc,stats       ]     CLDG                              2 us
[177.639s][info][gc,stats       ]     Exception Caches                  0 us
[177.639s][info][gc,stats       ] Pause Final Roots (G)                45 us
[177.639s][info][gc,stats       ] Pause Final Roots (N)                24 us
[177.639s][info][gc,stats       ] Pacing                            27076 us
[177.639s][info][gc,stats       ] 
[177.639s][info][gc,stats       ] Allocation pacing accrued:
[177.639s][info][gc,stats       ]      27 of  1233 ms (  2.2%): main
[177.639s][info][gc,stats       ]      27 of  1233 ms (  2.2%): <total>
[177.639s][info][gc,stats       ]       2 of  1233 ms (  0.2%): <average total>
[177.639s][info][gc,stats       ]      27 of  1233 ms (  2.2%): <average non-zero>
[177.639s][info][gc,stats       ] 
[177.639s][info][gc,metaspace   ] Metaspace: 1071K(1280K)->1071K(1280K) NonClass: 989K(1088K)->989K(1088K) Class: 81K(192K)->81K(192K)
[177.639s][info][gc,ergo        ] Pacer for Idle. Initial: 10485K, Alloc Tax Rate: 1.0x
[179.363s][info][gc             ] Trigger: Average GC time (2.84 ms) is above the time for average allocation rate (139 MB/s) to deplete free headroom (0B) (margin of error = 3.04)
[179.363s][info][gc,ergo        ] Free headroom: 168M (free) - 26214K (spike) - 163M (penalties) = 0B
[179.363s][info][gc,ergo        ] Free: 168M, Max: 256K regular, 163M humongous, Frag: 3% external, 0% internal; Reserve: 26368K, Max: 256K
[179.363s][info][gc,start       ] GC(106) Concurrent reset
[179.363s][info][gc,task        ] GC(106) Using 3 of 6 workers for concurrent reset
[179.363s][info][gc,ergo        ] GC(106) Pacer for Reset. Non-Taxable: 512M
[179.363s][info][gc             ] GC(106) Concurrent reset 0.137ms
[179.363s][info][gc,start       ] GC(106) Pause Init Mark (unload classes)
[179.363s][info][gc,task        ] GC(106) Using 6 of 6 workers for init marking
[179.363s][info][gc,ergo        ] GC(106) Pacer for Mark. Expected Live: 114M, Free: 168M, Non-Taxable: 17204K, Alloc Tax Rate: 0.8x
[179.363s][info][gc             ] GC(106) Pause Init Mark (unload classes) 0.065ms
[179.363s][info][gc,start       ] GC(106) Concurrent marking roots
[179.363s][info][gc,task        ] GC(106) Using 3 of 6 workers for concurrent marking roots
[179.364s][info][gc             ] GC(106) Concurrent marking roots 0.238ms
[179.364s][info][gc,start       ] GC(106) Concurrent marking (unload classes)
[179.364s][info][gc,task        ] GC(106) Using 3 of 6 workers for concurrent marking
[179.364s][info][gc             ] GC(106) Concurrent marking (unload classes) 0.638ms
[179.364s][info][gc,start       ] GC(106) Pause Final Mark (unload classes)
[179.364s][info][gc,task        ] GC(106) Using 6 of 6 workers for final marking
[179.364s][info][gc,ergo        ] GC(106) Collectable Garbage: 237M (99%), Immediate: 237M (99%), CSet: 0B (0%)
[179.365s][info][gc             ] GC(106) Pause Final Mark (unload classes) 0.133ms
[179.365s][info][gc,start       ] GC(106) Concurrent weak references
[179.365s][info][gc,task        ] GC(106) Using 3 of 6 workers for concurrent weak references
[179.365s][info][gc,ref         ] GC(106) Encountered references: Soft: 45, Weak: 116, Final: 0, Phantom: 7
[179.365s][info][gc,ref         ] GC(106) Discovered  references: Soft: 0, Weak: 79, Final: 0, Phantom: 5
[179.365s][info][gc,ref         ] GC(106) Enqueued    references: Soft: 0, Weak: 0, Final: 0, Phantom: 0
[179.365s][info][gc             ] GC(106) Concurrent weak references 0.077ms
[179.365s][info][gc,start       ] GC(106) Concurrent weak roots
[179.365s][info][gc,task        ] GC(106) Using 3 of 6 workers for concurrent weak root
[179.365s][info][gc             ] GC(106) Concurrent weak roots 0.111ms
[179.365s][info][gc,start       ] GC(106) Concurrent cleanup
[179.365s][info][gc             ] GC(106) Concurrent cleanup 313M->76M(512M) 0.051ms
[179.365s][info][gc,ergo        ] GC(106) Free: 408M, Max: 256K regular, 163M humongous, Frag: 61% external, 0% internal; Reserve: 26368K, Max: 256K
[179.365s][info][gc,start       ] GC(106) Concurrent class unloading
[179.365s][info][gc,task        ] GC(106) Using 3 of 6 workers for concurrent class unloading
[179.365s][info][gc             ] GC(106) Concurrent class unloading 0.214ms
[179.365s][info][gc,start       ] GC(106) Pause Final Roots
[179.365s][info][gc             ] GC(106) Pause Final Roots 0.016ms
[179.365s][info][gc,ergo        ] Free: 408M, Max: 256K regular, 163M humongous, Frag: 61% external, 0% internal; Reserve: 26368K, Max: 256K
[179.365s][info][gc,stats       ] 
[179.365s][info][gc,stats       ] All times are wall-clock times, except per-root-class counters, that are sum over
[179.365s][info][gc,stats       ] all workers. Dividing the <total> over the root stage time estimates parallelism.
[179.365s][info][gc,stats       ] 
[179.365s][info][gc,stats       ] Concurrent Reset                    158 us
[179.365s][info][gc,stats       ] Pause Init Mark (G)                 105 us
[179.365s][info][gc,stats       ] Pause Init Mark (N)                  74 us
[179.365s][info][gc,stats       ]   Update Region States               24 us
[179.365s][info][gc,stats       ] Concurrent Mark Roots               258 us, parallelism: 1.28x
[179.365s][info][gc,stats       ]   CMR: <total>                      331 us
[179.365s][info][gc,stats       ]   CMR: Thread Roots                 298 us, workers (us):  42,  67, 190, ---, ---, ---, 
[179.365s][info][gc,stats       ]   CMR: VM Strong Roots                4 us, workers (us):   1,   1,   1, ---, ---, ---, 
[179.365s][info][gc,stats       ]   CMR: CLDG Roots                    28 us, workers (us):  28, ---, ---, ---, ---, ---, 
[179.365s][info][gc,stats       ] Concurrent Marking                  654 us
[179.365s][info][gc,stats       ] Pause Final Mark (G)                183 us
[179.365s][info][gc,stats       ] Pause Final Mark (N)                147 us
[179.365s][info][gc,stats       ]   Finish Mark                        29 us
[179.365s][info][gc,stats       ]   Update Region States               28 us
[179.365s][info][gc,stats       ]   Choose Collection Set              36 us
[179.365s][info][gc,stats       ]   Rebuild Free Set                    8 us
[179.365s][info][gc,stats       ] Concurrent Weak References           86 us, parallelism: 0.05x
[179.365s][info][gc,stats       ]   CWRF: <total>                       4 us
[179.365s][info][gc,stats       ]   CWRF: Weak References               4 us, workers (us):   1,   3,   0, ---, ---, ---, 
[179.365s][info][gc,stats       ] Concurrent Weak Roots               122 us
[179.365s][info][gc,stats       ]   Roots                              70 us, parallelism: 1.36x
[179.365s][info][gc,stats       ]     CWR: <total>                     95 us
[179.365s][info][gc,stats       ]     CWR: Code Cache Roots            46 us, workers (us):   0,  14,  31, ---, ---, ---, 
[179.365s][info][gc,stats       ]     CWR: VM Weak Roots               49 us, workers (us):  16,  16,  16, ---, ---, ---, 
[179.365s][info][gc,stats       ]     CWR: CLDG Roots                   1 us, workers (us):   1, ---, ---, ---, ---, ---, 
[179.365s][info][gc,stats       ]   Rendezvous                         25 us
[179.365s][info][gc,stats       ] Concurrent Cleanup                   61 us
[179.365s][info][gc,stats       ] Concurrent Class Unloading          235 us
[179.365s][info][gc,stats       ]   Unlink Stale                      146 us
[179.365s][info][gc,stats       ]     System Dictionary                 1 us
[179.365s][info][gc,stats       ]     Weak Class Links                  0 us
[179.365s][info][gc,stats       ]     Code Roots                      145 us
[179.365s][info][gc,stats       ]   Rendezvous                         24 us
[179.365s][info][gc,stats       ]   Purge Unlinked                     27 us
[179.365s][info][gc,stats       ]     Code Roots                       22 us
[179.365s][info][gc,stats       ]     CLDG                              4 us
[179.365s][info][gc,stats       ]     Exception Caches                  0 us
[179.365s][info][gc,stats       ] Pause Final Roots (G)                49 us
[179.365s][info][gc,stats       ] Pause Final Roots (N)                24 us
[179.365s][info][gc,stats       ] Pacing                            92977 us
[179.365s][info][gc,stats       ] 
[179.365s][info][gc,stats       ] Allocation pacing accrued:
[179.365s][info][gc,stats       ]      93 of  1726 ms (  5.4%): main
[179.366s][info][gc,stats       ]      93 of  1726 ms (  5.4%): <total>
[179.366s][info][gc,stats       ]       7 of  1726 ms (  0.4%): <average total>
[179.366s][info][gc,stats       ]      93 of  1726 ms (  5.4%): <average non-zero>
[179.366s][info][gc,stats       ] 
[179.366s][info][gc,metaspace   ] Metaspace: 1071K(1280K)->1071K(1280K) NonClass: 989K(1088K)->989K(1088K) Class: 81K(192K)->81K(192K)
[179.366s][info][gc,ergo        ] Pacer for Idle. Initial: 10485K, Alloc Tax Rate: 1.0x
[182.149s][info][gc             ] Trigger: Average GC time (2.73 ms) is above the time for average allocation rate (98069 KB/s) to deplete free headroom (0B) (margin of error = 3.03)
[182.149s][info][gc,ergo        ] Free headroom: 166M (free) - 26214K (spike) - 158M (penalties) = 0B
[182.149s][info][gc,ergo        ] Free: 166M, Max: 256K regular, 142M humongous, Frag: 15% external, 0% internal; Reserve: 26368K, Max: 256K
[182.149s][info][gc,start       ] GC(107) Concurrent reset
[182.149s][info][gc,task        ] GC(107) Using 3 of 6 workers for concurrent reset
[182.149s][info][gc,ergo        ] GC(107) Pacer for Reset. Non-Taxable: 512M
[182.150s][info][gc             ] GC(107) Concurrent reset 0.311ms
[182.150s][info][gc,start       ] GC(107) Pause Init Mark (unload classes)
[182.150s][info][gc,task        ] GC(107) Using 6 of 6 workers for init marking
[182.150s][info][gc,ergo        ] GC(107) Pacer for Mark. Expected Live: 113M, Free: 166M, Non-Taxable: 17025K, Alloc Tax Rate: 0.8x
[182.150s][info][gc             ] GC(107) Pause Init Mark (unload classes) 0.153ms
[182.150s][info][gc,start       ] GC(107) Concurrent marking roots
[182.150s][info][gc,task        ] GC(107) Using 3 of 6 workers for concurrent marking roots
[182.150s][info][gc             ] GC(107) Concurrent marking roots 0.275ms
[182.150s][info][gc,start       ] GC(107) Concurrent marking (unload classes)
[182.150s][info][gc,task        ] GC(107) Using 3 of 6 workers for concurrent marking
[182.151s][info][gc             ] GC(107) Concurrent marking (unload classes) 0.747ms
[182.151s][info][gc,start       ] GC(107) Pause Final Mark (unload classes)
[182.151s][info][gc,task        ] GC(107) Using 6 of 6 workers for final marking
[182.151s][info][gc,ergo        ] GC(107) Collectable Garbage: 287M (99%), Immediate: 287M (99%), CSet: 0B (0%)
[182.151s][info][gc             ] GC(107) Pause Final Mark (unload classes) 0.136ms
[182.151s][info][gc,start       ] GC(107) Concurrent weak references
[182.151s][info][gc,task        ] GC(107) Using 3 of 6 workers for concurrent weak references
[182.151s][info][gc,ref         ] GC(107) Encountered references: Soft: 45, Weak: 116, Final: 0, Phantom: 7
[182.151s][info][gc,ref         ] GC(107) Discovered  references: Soft: 0, Weak: 71, Final: 0, Phantom: 5
[182.151s][info][gc,ref         ] GC(107) Enqueued    references: Soft: 0, Weak: 0, Final: 0, Phantom: 0
[182.151s][info][gc             ] GC(107) Concurrent weak references 0.092ms
[182.151s][info][gc,start       ] GC(107) Concurrent weak roots
[182.151s][info][gc,task        ] GC(107) Using 3 of 6 workers for concurrent weak root
[182.151s][info][gc             ] GC(107) Concurrent weak roots 0.190ms
[182.151s][info][gc,start       ] GC(107) Concurrent cleanup
[182.151s][info][gc             ] GC(107) Concurrent cleanup 313M->26M(512M) 0.072ms
[182.152s][info][gc,ergo        ] GC(107) Free: 459M, Max: 256K regular, 208M humongous, Frag: 55% external, 0% internal; Reserve: 26368K, Max: 256K
[182.152s][info][gc,start       ] GC(107) Concurrent class unloading
[182.152s][info][gc,task        ] GC(107) Using 3 of 6 workers for concurrent class unloading
[182.152s][info][gc             ] GC(107) Concurrent class unloading 0.307ms
[182.152s][info][gc,start       ] GC(107) Pause Final Roots
[182.152s][info][gc             ] GC(107) Pause Final Roots 0.016ms
[182.152s][info][gc,ergo        ] Free: 459M, Max: 256K regular, 208M humongous, Frag: 55% external, 0% internal; Reserve: 26368K, Max: 256K
[182.152s][info][gc,stats       ] 
[182.152s][info][gc,stats       ] All times are wall-clock times, except per-root-class counters, that are sum over
[182.152s][info][gc,stats       ] all workers. Dividing the <total> over the root stage time estimates parallelism.
[182.152s][info][gc,stats       ] 
[182.152s][info][gc,stats       ] Concurrent Reset                    331 us
[182.152s][info][gc,stats       ] Pause Init Mark (G)                 268 us
[182.152s][info][gc,stats       ] Pause Init Mark (N)                 163 us
[182.152s][info][gc,stats       ]   Update Region States              101 us
[182.152s][info][gc,stats       ] Concurrent Mark Roots               293 us, parallelism: 1.11x
[182.152s][info][gc,stats       ]   CMR: <total>                      326 us
[182.152s][info][gc,stats       ]   CMR: Thread Roots                 296 us, workers (us): 192,  68,  36, ---, ---, ---, 
[182.152s][info][gc,stats       ]   CMR: VM Strong Roots                3 us, workers (us):   3,   0,   0, ---, ---, ---, 
[182.152s][info][gc,stats       ]   CMR: CLDG Roots                    27 us, workers (us):  27, ---, ---, ---, ---, ---, 
[182.152s][info][gc,stats       ] Concurrent Marking                  763 us
[182.152s][info][gc,stats       ] Pause Final Mark (G)                261 us
[182.152s][info][gc,stats       ] Pause Final Mark (N)                146 us
[182.152s][info][gc,stats       ]   Finish Mark                        32 us
[182.152s][info][gc,stats       ]   Update Region States               29 us
[182.152s][info][gc,stats       ]   Choose Collection Set              36 us
[182.152s][info][gc,stats       ]   Rebuild Free Set                    9 us
[182.152s][info][gc,stats       ] Concurrent Weak References          100 us, parallelism: 0.05x
[182.152s][info][gc,stats       ]   CWRF: <total>                       5 us
[182.152s][info][gc,stats       ]   CWRF: Weak References               5 us, workers (us):   4,   1,   0, ---, ---, ---, 
[182.152s][info][gc,stats       ] Concurrent Weak Roots               208 us
[182.152s][info][gc,stats       ]   Roots                             111 us, parallelism: 0.88x
[182.152s][info][gc,stats       ]     CWR: <total>                     98 us
[182.152s][info][gc,stats       ]     CWR: Code Cache Roots            53 us, workers (us):  37,   0,  16, ---, ---, ---, 
[182.152s][info][gc,stats       ]     CWR: VM Weak Roots               44 us, workers (us):  17,  16,  11, ---, ---, ---, 
[182.152s][info][gc,stats       ]     CWR: CLDG Roots                   1 us, workers (us): ---,   1, ---, ---, ---, ---, 
[182.152s][info][gc,stats       ]   Rendezvous                         62 us
[182.152s][info][gc,stats       ] Concurrent Cleanup                   83 us
[182.152s][info][gc,stats       ] Concurrent Class Unloading          325 us
[182.152s][info][gc,stats       ]   Unlink Stale                      191 us
[182.152s][info][gc,stats       ]     System Dictionary                 1 us
[182.152s][info][gc,stats       ]     Weak Class Links                  0 us
[182.152s][info][gc,stats       ]     Code Roots                      190 us
[182.152s][info][gc,stats       ]   Rendezvous                         67 us
[182.152s][info][gc,stats       ]   Purge Unlinked                     31 us
[182.152s][info][gc,stats       ]     Code Roots                       28 us
[182.152s][info][gc,stats       ]     CLDG                              3 us
[182.152s][info][gc,stats       ]     Exception Caches                  0 us
[182.152s][info][gc,stats       ] Pause Final Roots (G)                47 us
[182.152s][info][gc,stats       ] Pause Final Roots (N)                24 us
[182.152s][info][gc,stats       ] Pacing                            59145 us
[182.152s][info][gc,stats       ] 
[182.152s][info][gc,stats       ] Allocation pacing accrued:
[182.152s][info][gc,stats       ]      59 of  2787 ms (  2.1%): main
[182.152s][info][gc,stats       ]      59 of  2787 ms (  2.1%): <total>
[182.152s][info][gc,stats       ]       5 of  2787 ms (  0.2%): <average total>
[182.152s][info][gc,stats       ]      59 of  2787 ms (  2.1%): <average non-zero>
[182.152s][info][gc,stats       ] 
[182.152s][info][gc,metaspace   ] Metaspace: 1071K(1280K)->1071K(1280K) NonClass: 989K(1088K)->989K(1088K) Class: 81K(192K)->81K(192K)
[182.152s][info][gc,ergo        ] Pacer for Idle. Initial: 10485K, Alloc Tax Rate: 1.0x
[183.877s][info][gc             ] Trigger: Average GC time (3.43 ms) is above the time for average allocation rate (305 MB/s) to deplete free headroom (0B) (margin of error = 3.01)
[183.877s][info][gc,ergo        ] Free headroom: 85003K (free) - 26214K (spike) - 153M (penalties) = 0B
[183.877s][info][gc,ergo        ] Free: 85003K, Max: 256K regular, 43520K humongous, Frag: 49% external, 0% internal; Reserve: 26368K, Max: 256K
[183.877s][info][gc,start       ] GC(108) Concurrent reset
[183.877s][info][gc,task        ] GC(108) Using 3 of 6 workers for concurrent reset
[183.877s][info][gc,ergo        ] GC(108) Pacer for Reset. Non-Taxable: 512M
[183.877s][info][gc             ] GC(108) Concurrent reset 0.232ms
[183.878s][info][gc,start       ] GC(108) Pause Init Mark (unload classes)
[183.878s][info][gc,task        ] GC(108) Using 6 of 6 workers for init marking
[183.878s][info][gc,ergo        ] GC(108) Pacer for Mark. Expected Live: 101151K, Free: 85003K, Non-Taxable: 8500K, Alloc Tax Rate: 1.5x
[183.878s][info][gc             ] GC(108) Pause Init Mark (unload classes) 0.143ms
[183.878s][info][gc,start       ] GC(108) Concurrent marking roots
[183.878s][info][gc,task        ] GC(108) Using 3 of 6 workers for concurrent marking roots
[183.878s][info][gc             ] GC(108) Concurrent marking roots 0.286ms
[183.878s][info][gc,start       ] GC(108) Concurrent marking (unload classes)
[183.878s][info][gc,task        ] GC(108) Using 3 of 6 workers for concurrent marking
[183.879s][info][gc             ] GC(108) Concurrent marking (unload classes) 0.807ms
[183.879s][info][gc,start       ] GC(108) Pause Final Mark (unload classes)
[183.879s][info][gc,task        ] GC(108) Using 6 of 6 workers for final marking
[183.879s][info][gc,ergo        ] GC(108) Collectable Garbage: 237M (99%), Immediate: 237M (99%), CSet: 0B (0%)
[183.879s][info][gc             ] GC(108) Pause Final Mark (unload classes) 0.285ms
[183.879s][info][gc,start       ] GC(108) Concurrent weak references
[183.879s][info][gc,task        ] GC(108) Using 3 of 6 workers for concurrent weak references
[183.879s][info][gc,ref         ] GC(108) Encountered references: Soft: 45, Weak: 116, Final: 0, Phantom: 7
[183.879s][info][gc,ref         ] GC(108) Discovered  references: Soft: 0, Weak: 68, Final: 0, Phantom: 4
[183.879s][info][gc,ref         ] GC(108) Enqueued    references: Soft: 0, Weak: 0, Final: 0, Phantom: 0
[183.879s][info][gc             ] GC(108) Concurrent weak references 0.116ms
[183.879s][info][gc,start       ] GC(108) Concurrent weak roots
[183.879s][info][gc,task        ] GC(108) Using 3 of 6 workers for concurrent weak root
[183.880s][info][gc             ] GC(108) Concurrent weak roots 0.176ms
[183.880s][info][gc,start       ] GC(108) Concurrent cleanup
[183.880s][info][gc             ] GC(108) Concurrent cleanup 398M->161M(512M) 0.051ms
[183.880s][info][gc,ergo        ] GC(108) Free: 323M, Max: 256K regular, 126M humongous, Frag: 61% external, 0% internal; Reserve: 26368K, Max: 256K
[183.880s][info][gc,start       ] GC(108) Concurrent class unloading
[183.880s][info][gc,task        ] GC(108) Using 3 of 6 workers for concurrent class unloading
[183.880s][info][gc             ] GC(108) Concurrent class unloading 0.267ms
[183.880s][info][gc,start       ] GC(108) Pause Final Roots
[183.880s][info][gc             ] GC(108) Pause Final Roots 0.020ms
[183.880s][info][gc,ergo        ] Free: 323M, Max: 256K regular, 126M humongous, Frag: 61% external, 0% internal; Reserve: 26368K, Max: 256K
[183.880s][info][gc,stats       ] 
[183.880s][info][gc,stats       ] All times are wall-clock times, except per-root-class counters, that are sum over
[183.880s][info][gc,stats       ] all workers. Dividing the <total> over the root stage time estimates parallelism.
[183.880s][info][gc,stats       ] 
[183.880s][info][gc,stats       ] Concurrent Reset                    250 us
[183.880s][info][gc,stats       ] Pause Init Mark (G)                 247 us
[183.880s][info][gc,stats       ] Pause Init Mark (N)                 152 us
[183.880s][info][gc,stats       ]   Update Region States               93 us
[183.880s][info][gc,stats       ] Concurrent Mark Roots               304 us, parallelism: 1.03x
[183.880s][info][gc,stats       ]   CMR: <total>                      313 us
[183.880s][info][gc,stats       ]   CMR: Thread Roots                 283 us, workers (us): 179,  69,  35, ---, ---, ---, 
[183.880s][info][gc,stats       ]   CMR: VM Strong Roots                4 us, workers (us):   2,   2,   0, ---, ---, ---, 
[183.880s][info][gc,stats       ]   CMR: CLDG Roots                    26 us, workers (us):  26, ---, ---, ---, ---, ---, 
[183.880s][info][gc,stats       ] Concurrent Marking                  824 us
[183.880s][info][gc,stats       ] Pause Final Mark (G)                393 us
[183.880s][info][gc,stats       ] Pause Final Mark (N)                295 us
[183.880s][info][gc,stats       ]   Finish Mark                       142 us
[183.880s][info][gc,stats       ]   Update Region States               57 us
[183.880s][info][gc,stats       ]   Choose Collection Set              37 us
[183.880s][info][gc,stats       ]   Rebuild Free Set                    8 us
[183.880s][info][gc,stats       ] Concurrent Weak References          124 us, parallelism: 0.03x
[183.880s][info][gc,stats       ]   CWRF: <total>                       3 us
[183.880s][info][gc,stats       ]   CWRF: Weak References               3 us, workers (us):   2,   1,   0, ---, ---, ---, 
[183.880s][info][gc,stats       ] Concurrent Weak Roots               187 us
[183.880s][info][gc,stats       ]   Roots                              90 us, parallelism: 0.96x
[183.880s][info][gc,stats       ]     CWR: <total>                     86 us
[183.880s][info][gc,stats       ]     CWR: Code Cache Roots            46 us, workers (us):  32,  14,   0, ---, ---, ---, 
[183.880s][info][gc,stats       ]     CWR: VM Weak Roots               40 us, workers (us):  38,   1,   0, ---, ---, ---, 
[183.880s][info][gc,stats       ]     CWR: CLDG Roots                   1 us, workers (us): ---, ---,   1, ---, ---, ---, 
[183.880s][info][gc,stats       ]   Rendezvous                         58 us
[183.880s][info][gc,stats       ] Concurrent Cleanup                   61 us
[183.880s][info][gc,stats       ] Concurrent Class Unloading          277 us
[183.880s][info][gc,stats       ]   Unlink Stale                      144 us
[183.880s][info][gc,stats       ]     System Dictionary                 1 us
[183.880s][info][gc,stats       ]     Weak Class Links                  0 us
[183.880s][info][gc,stats       ]     Code Roots                      142 us
[183.880s][info][gc,stats       ]   Rendezvous                         54 us
[183.880s][info][gc,stats       ]   Purge Unlinked                     53 us
[183.880s][info][gc,stats       ]     Code Roots                       50 us
[183.880s][info][gc,stats       ]     CLDG                              2 us
[183.880s][info][gc,stats       ]     Exception Caches                  0 us
[183.880s][info][gc,stats       ] Pause Final Roots (G)                94 us
[183.880s][info][gc,stats       ] Pause Final Roots (N)                29 us
[183.880s][info][gc,stats       ] Pacing                            90236 us
[183.880s][info][gc,stats       ] 
[183.880s][info][gc,stats       ] Allocation pacing accrued:
[183.880s][info][gc,stats       ]      90 of  1728 ms (  5.2%): main
[183.880s][info][gc,stats       ]      90 of  1728 ms (  5.2%): <total>
[183.880s][info][gc,stats       ]       7 of  1728 ms (  0.4%): <average total>
[183.880s][info][gc,stats       ]      90 of  1728 ms (  5.2%): <average non-zero>
[183.880s][info][gc,stats       ] 
[183.880s][info][gc,metaspace   ] Metaspace: 1071K(1280K)->1071K(1280K) NonClass: 989K(1088K)->989K(1088K) Class: 81K(192K)->81K(192K)
[183.880s][info][gc,ergo        ] Pacer for Idle. Initial: 10485K, Alloc Tax Rate: 1.0x
[185.969s][info][gc             ] Trigger: Average GC time (3.52 ms) is above the time for average allocation rate (61249 KB/s) to deplete free headroom (0B) (margin of error = 3.02)
[185.969s][info][gc,ergo        ] Free headroom: 170M (free) - 26214K (spike) - 148M (penalties) = 0B
[185.969s][info][gc,ergo        ] Free: 170M, Max: 256K regular, 67840K humongous, Frag: 62% external, 0% internal; Reserve: 26368K, Max: 256K
[185.969s][info][gc,start       ] GC(109) Concurrent reset
[185.969s][info][gc,task        ] GC(109) Using 3 of 6 workers for concurrent reset
[185.969s][info][gc,ergo        ] GC(109) Pacer for Reset. Non-Taxable: 512M
[185.970s][info][gc             ] GC(109) Concurrent reset 0.334ms
[185.970s][info][gc,start       ] GC(109) Pause Init Mark (unload classes)
[185.970s][info][gc,task        ] GC(109) Using 6 of 6 workers for init marking
[185.970s][info][gc,ergo        ] GC(109) Pacer for Mark. Expected Live: 91935K, Free: 170M, Non-Taxable: 17485K, Alloc Tax Rate: 0.6x
[185.970s][info][gc             ] GC(109) Pause Init Mark (unload classes) 0.153ms
[185.970s][info][gc,start       ] GC(109) Concurrent marking roots
[185.970s][info][gc,task        ] GC(109) Using 3 of 6 workers for concurrent marking roots
[185.970s][info][gc             ] GC(109) Concurrent marking roots 0.390ms
[185.970s][info][gc,start       ] GC(109) Concurrent marking (unload classes)
[185.970s][info][gc,task        ] GC(109) Using 3 of 6 workers for concurrent marking
[185.971s][info][gc             ] GC(109) Concurrent marking (unload classes) 0.795ms
[185.971s][info][gc,start       ] GC(109) Pause Final Mark (unload classes)
[185.971s][info][gc,task        ] GC(109) Using 6 of 6 workers for final marking
[185.971s][info][gc,ergo        ] GC(109) Collectable Garbage: 303M (99%), Immediate: 303M (99%), CSet: 0B (0%)
[185.971s][info][gc             ] GC(109) Pause Final Mark (unload classes) 0.231ms
[185.971s][info][gc,start       ] GC(109) Concurrent weak references
[185.971s][info][gc,task        ] GC(109) Using 3 of 6 workers for concurrent weak references
[185.972s][info][gc,ref         ] GC(109) Encountered references: Soft: 45, Weak: 116, Final: 0, Phantom: 7
[185.972s][info][gc,ref         ] GC(109) Discovered  references: Soft: 0, Weak: 71, Final: 0, Phantom: 5
[185.972s][info][gc,ref         ] GC(109) Enqueued    references: Soft: 0, Weak: 0, Final: 0, Phantom: 0
[185.972s][info][gc             ] GC(109) Concurrent weak references 0.154ms
[185.972s][info][gc,start       ] GC(109) Concurrent weak roots
[185.972s][info][gc,task        ] GC(109) Using 3 of 6 workers for concurrent weak root
[185.972s][info][gc             ] GC(109) Concurrent weak roots 0.208ms
[185.972s][info][gc,start       ] GC(109) Concurrent cleanup
[185.972s][info][gc             ] GC(109) Concurrent cleanup 310M->7M(512M) 0.064ms
[185.972s][info][gc,ergo        ] GC(109) Free: 478M, Max: 256K regular, 381M humongous, Frag: 21% external, 0% internal; Reserve: 26368K, Max: 256K
[185.972s][info][gc,start       ] GC(109) Concurrent class unloading
[185.972s][info][gc,task        ] GC(109) Using 3 of 6 workers for concurrent class unloading
[185.972s][info][gc             ] GC(109) Concurrent class unloading 0.321ms
[185.972s][info][gc,start       ] GC(109) Pause Final Roots
[185.972s][info][gc             ] GC(109) Pause Final Roots 0.015ms
[185.972s][info][gc,ergo        ] Free: 478M, Max: 256K regular, 381M humongous, Frag: 21% external, 0% internal; Reserve: 26368K, Max: 256K
[185.972s][info][gc,stats       ] 
[185.972s][info][gc,stats       ] All times are wall-clock times, except per-root-class counters, that are sum over
[185.972s][info][gc,stats       ] all workers. Dividing the <total> over the root stage time estimates parallelism.
[185.972s][info][gc,stats       ] 
[185.972s][info][gc,stats       ] Concurrent Reset                    354 us
[185.972s][info][gc,stats       ] Pause Init Mark (G)                 230 us
[185.972s][info][gc,stats       ] Pause Init Mark (N)                 162 us
[185.972s][info][gc,stats       ]   Update Region States              100 us
[185.972s][info][gc,stats       ] Concurrent Mark Roots               408 us, parallelism: 1.02x
[185.973s][info][gc,stats       ]   CMR: <total>                      416 us
[185.973s][info][gc,stats       ]   CMR: Thread Roots                 383 us, workers (us): 272,  74,  37, ---, ---, ---, 
[185.973s][info][gc,stats       ]   CMR: VM Strong Roots                3 us, workers (us):   3,   0,   0, ---, ---, ---, 
[185.973s][info][gc,stats       ]   CMR: CLDG Roots                    29 us, workers (us):  29, ---, ---, ---, ---, ---, 
[185.973s][info][gc,stats       ] Concurrent Marking                  813 us
[185.973s][info][gc,stats       ] Pause Final Mark (G)                336 us
[185.973s][info][gc,stats       ] Pause Final Mark (N)                240 us
[185.973s][info][gc,stats       ]   Finish Mark                        88 us
[185.973s][info][gc,stats       ]   Update Region States               60 us
[185.973s][info][gc,stats       ]   Choose Collection Set              36 us
[185.973s][info][gc,stats       ]   Rebuild Free Set                    9 us
[185.973s][info][gc,stats       ] Concurrent Weak References          165 us, parallelism: 0.02x
[185.973s][info][gc,stats       ]   CWRF: <total>                       3 us
[185.973s][info][gc,stats       ]   CWRF: Weak References               3 us, workers (us):   3,   0,   0, ---, ---, ---, 
[185.973s][info][gc,stats       ] Concurrent Weak Roots               226 us
[185.973s][info][gc,stats       ]   Roots                             127 us, parallelism: 0.73x
[185.973s][info][gc,stats       ]     CWR: <total>                     93 us
[185.973s][info][gc,stats       ]     CWR: Code Cache Roots            51 us, workers (us):  15,   0,  36, ---, ---, ---, 
[185.973s][info][gc,stats       ]     CWR: VM Weak Roots               41 us, workers (us):  36,   2,   2, ---, ---, ---, 
[185.973s][info][gc,stats       ]     CWR: CLDG Roots                   1 us, workers (us): ---,   1, ---, ---, ---, ---, 
[185.973s][info][gc,stats       ]   Rendezvous                         63 us
[185.973s][info][gc,stats       ] Concurrent Cleanup                   75 us
[185.973s][info][gc,stats       ] Concurrent Class Unloading          339 us
[185.973s][info][gc,stats       ]   Unlink Stale                      189 us
[185.973s][info][gc,stats       ]     System Dictionary                 1 us
[185.973s][info][gc,stats       ]     Weak Class Links                  0 us
[185.973s][info][gc,stats       ]     Code Roots                      188 us
[185.973s][info][gc,stats       ]   Rendezvous                         25 us
[185.973s][info][gc,stats       ]   Purge Unlinked                     89 us
[185.973s][info][gc,stats       ]     Code Roots                       85 us
[185.973s][info][gc,stats       ]     CLDG                              4 us
[185.973s][info][gc,stats       ]     Exception Caches                  0 us
[185.973s][info][gc,stats       ] Pause Final Roots (G)                76 us
[185.973s][info][gc,stats       ] Pause Final Roots (N)                23 us
[185.973s][info][gc,stats       ] Pacing                            15799 us
[185.973s][info][gc,stats       ] 
[185.973s][info][gc,stats       ] Allocation pacing accrued:
[185.973s][info][gc,stats       ]      16 of  2092 ms (  0.8%): main
[185.973s][info][gc,stats       ]      16 of  2092 ms (  0.8%): <total>
[185.973s][info][gc,stats       ]       1 of  2092 ms (  0.1%): <average total>
[185.973s][info][gc,stats       ]      16 of  2092 ms (  0.8%): <average non-zero>
[185.973s][info][gc,stats       ] 
[185.973s][info][gc,metaspace   ] Metaspace: 1071K(1280K)->1071K(1280K) NonClass: 989K(1088K)->989K(1088K) Class: 81K(192K)->81K(192K)
[185.973s][info][gc,ergo        ] Pacer for Idle. Initial: 10485K, Alloc Tax Rate: 1.0x
[188.116s][info][gc             ] Trigger: Average GC time (3.77 ms) is above the time for average allocation rate (142 MB/s) to deplete free headroom (0B) (margin of error = 3.01)
[188.116s][info][gc,ergo        ] Free headroom: 151M (free) - 26214K (spike) - 143M (penalties) = 0B
[188.116s][info][gc,ergo        ] Free: 151M, Max: 256K regular, 139M humongous, Frag: 8% external, 0% internal; Reserve: 26368K, Max: 256K
[188.116s][info][gc,start       ] GC(110) Concurrent reset
[188.116s][info][gc,task        ] GC(110) Using 3 of 6 workers for concurrent reset
[188.116s][info][gc,ergo        ] GC(110) Pacer for Reset. Non-Taxable: 512M
[188.116s][info][gc             ] GC(110) Concurrent reset 0.225ms
[188.116s][info][gc,start       ] GC(110) Pause Init Mark (unload classes)
[188.117s][info][gc,task        ] GC(110) Using 6 of 6 workers for init marking
[188.117s][info][gc,ergo        ] GC(110) Pacer for Mark. Expected Live: 60191K, Free: 151M, Non-Taxable: 15463K, Alloc Tax Rate: 0.5x
[188.117s][info][gc             ] GC(110) Pause Init Mark (unload classes) 0.112ms
[188.117s][info][gc,start       ] GC(110) Concurrent marking roots
[188.117s][info][gc,task        ] GC(110) Using 3 of 6 workers for concurrent marking roots
[188.117s][info][gc             ] GC(110) Concurrent marking roots 0.349ms
[188.117s][info][gc,start       ] GC(110) Concurrent marking (unload classes)
[188.117s][info][gc,task        ] GC(110) Using 3 of 6 workers for concurrent marking
[188.118s][info][gc             ] GC(110) Concurrent marking (unload classes) 0.691ms
[188.118s][info][gc,start       ] GC(110) Pause Final Mark (unload classes)
[188.118s][info][gc,task        ] GC(110) Using 6 of 6 workers for final marking
[188.118s][info][gc,ergo        ] GC(110) Collectable Garbage: 261M (99%), Immediate: 261M (99%), CSet: 0B (0%)
[188.118s][info][gc             ] GC(110) Pause Final Mark (unload classes) 0.246ms
[188.118s][info][gc,start       ] GC(110) Concurrent weak references
[188.118s][info][gc,task        ] GC(110) Using 3 of 6 workers for concurrent weak references
[188.118s][info][gc,ref         ] GC(110) Encountered references: Soft: 45, Weak: 116, Final: 0, Phantom: 7
[188.118s][info][gc,ref         ] GC(110) Discovered  references: Soft: 0, Weak: 68, Final: 0, Phantom: 5
[188.118s][info][gc,ref         ] GC(110) Enqueued    references: Soft: 0, Weak: 0, Final: 0, Phantom: 0
[188.118s][info][gc             ] GC(110) Concurrent weak references 0.107ms
[188.118s][info][gc,start       ] GC(110) Concurrent weak roots
[188.118s][info][gc,task        ] GC(110) Using 3 of 6 workers for concurrent weak root
[188.118s][info][gc             ] GC(110) Concurrent weak roots 0.117ms
[188.118s][info][gc,start       ] GC(110) Concurrent cleanup
[188.118s][info][gc             ] GC(110) Concurrent cleanup 329M->68M(512M) 0.056ms
[188.118s][info][gc,ergo        ] GC(110) Free: 416M, Max: 256K regular, 172M humongous, Frag: 59% external, 0% internal; Reserve: 26368K, Max: 256K
[188.118s][info][gc,start       ] GC(110) Concurrent class unloading
[188.118s][info][gc,task        ] GC(110) Using 3 of 6 workers for concurrent class unloading
[188.119s][info][gc             ] GC(110) Concurrent class unloading 0.211ms
[188.119s][info][gc,start       ] GC(110) Pause Final Roots
[188.119s][info][gc             ] GC(110) Pause Final Roots 0.015ms
[188.119s][info][gc,ergo        ] Free: 416M, Max: 256K regular, 172M humongous, Frag: 59% external, 0% internal; Reserve: 26368K, Max: 256K
[188.119s][info][gc,stats       ] 
[188.119s][info][gc,stats       ] All times are wall-clock times, except per-root-class counters, that are sum over
[188.119s][info][gc,stats       ] all workers. Dividing the <total> over the root stage time estimates parallelism.
[188.119s][info][gc,stats       ] 
[188.119s][info][gc,stats       ] Concurrent Reset                    240 us
[188.119s][info][gc,stats       ] Pause Init Mark (G)                 160 us
[188.119s][info][gc,stats       ] Pause Init Mark (N)                 120 us
[188.119s][info][gc,stats       ]   Update Region States               63 us
[188.119s][info][gc,stats       ] Concurrent Mark Roots               367 us, parallelism: 1.14x
[188.119s][info][gc,stats       ]   CMR: <total>                      419 us
[188.119s][info][gc,stats       ]   CMR: Thread Roots                 391 us, workers (us): 231, 126,  35, ---, ---, ---, 
[188.119s][info][gc,stats       ]   CMR: VM Strong Roots                3 us, workers (us):   2,   0,   0, ---, ---, ---, 
[188.119s][info][gc,stats       ]   CMR: CLDG Roots                    25 us, workers (us):  25, ---, ---, ---, ---, ---, 
[188.119s][info][gc,stats       ] Concurrent Marking                  704 us
[188.119s][info][gc,stats       ] Pause Final Mark (G)                321 us
[188.119s][info][gc,stats       ] Pause Final Mark (N)                256 us
[188.119s][info][gc,stats       ]   Finish Mark                       108 us
[188.119s][info][gc,stats       ]   Update Region States               68 us
[188.119s][info][gc,stats       ]   Choose Collection Set              35 us
[188.119s][info][gc,stats       ]   Rebuild Free Set                    8 us
[188.119s][info][gc,stats       ] Concurrent Weak References          115 us, parallelism: 0.03x
[188.119s][info][gc,stats       ]   CWRF: <total>                       3 us
[188.119s][info][gc,stats       ]   CWRF: Weak References               3 us, workers (us):   3,   1,   0, ---, ---, ---, 
[188.119s][info][gc,stats       ] Concurrent Weak Roots               130 us
[188.119s][info][gc,stats       ]   Roots                              69 us, parallelism: 1.39x
[188.119s][info][gc,stats       ]     CWR: <total>                     96 us
[188.119s][info][gc,stats       ]     CWR: Code Cache Roots            49 us, workers (us):  34,  15,   0, ---, ---, ---, 
[188.119s][info][gc,stats       ]     CWR: VM Weak Roots               46 us, workers (us):  18,  17,  11, ---, ---, ---, 
[188.119s][info][gc,stats       ]     CWR: CLDG Roots                   1 us, workers (us): ---, ---,   1, ---, ---, ---, 
[188.119s][info][gc,stats       ]   Rendezvous                         26 us
[188.119s][info][gc,stats       ] Concurrent Cleanup                   65 us
[188.119s][info][gc,stats       ] Concurrent Class Unloading          225 us
[188.119s][info][gc,stats       ]   Unlink Stale                      150 us
[188.119s][info][gc,stats       ]     System Dictionary                 1 us
[188.119s][info][gc,stats       ]     Weak Class Links                  0 us
[188.119s][info][gc,stats       ]     Code Roots                      148 us
[188.119s][info][gc,stats       ]   Rendezvous                         23 us
[188.119s][info][gc,stats       ]   Purge Unlinked                     22 us
[188.119s][info][gc,stats       ]     Code Roots                       19 us
[188.119s][info][gc,stats       ]     CLDG                              3 us
[188.119s][info][gc,stats       ] Pause Final Roots (G)                44 us
[188.119s][info][gc,stats       ] Pause Final Roots (N)                23 us
[188.119s][info][gc,stats       ] Pacing                            77409 us
[188.119s][info][gc,stats       ] 
[188.119s][info][gc,stats       ] Allocation pacing accrued:
[188.119s][info][gc,stats       ]      77 of  2146 ms (  3.6%): main
[188.119s][info][gc,stats       ]      77 of  2146 ms (  3.6%): <total>
[188.119s][info][gc,stats       ]       6 of  2146 ms (  0.3%): <average total>
[188.119s][info][gc,stats       ]      77 of  2146 ms (  3.6%): <average non-zero>
[188.119s][info][gc,stats       ] 
[188.119s][info][gc,metaspace   ] Metaspace: 1071K(1280K)->1071K(1280K) NonClass: 989K(1088K)->989K(1088K) Class: 81K(192K)->81K(192K)
[188.119s][info][gc,ergo        ] Pacer for Idle. Initial: 10485K, Alloc Tax Rate: 1.0x
[189.720s][info][gc             ] Trigger: Average GC time (3.54 ms) is above the time for average allocation rate (305 MB/s) to deplete free headroom (0B) (margin of error = 3.01)
[189.720s][info][gc,ergo        ] Free headroom: 116M (free) - 26214K (spike) - 138M (penalties) = 0B
[189.720s][info][gc,ergo        ] Free: 116M, Max: 256K regular, 40192K humongous, Frag: 67% external, 0% internal; Reserve: 26368K, Max: 256K
[189.720s][info][gc,start       ] GC(111) Concurrent reset
[189.720s][info][gc,task        ] GC(111) Using 3 of 6 workers for concurrent reset
[189.721s][info][gc,ergo        ] GC(111) Pacer for Reset. Non-Taxable: 512M
[189.721s][info][gc             ] GC(111) Concurrent reset 0.303ms
[189.721s][info][gc,start       ] GC(111) Pause Init Mark (unload classes)
[189.721s][info][gc,task        ] GC(111) Using 6 of 6 workers for init marking
[189.721s][info][gc,ergo        ] GC(111) Pacer for Mark. Expected Live: 69816K, Free: 116M, Non-Taxable: 11956K, Alloc Tax Rate: 0.7x
[189.721s][info][gc             ] GC(111) Pause Init Mark (unload classes) 0.149ms
[189.721s][info][gc,start       ] GC(111) Concurrent marking roots
[189.721s][info][gc,task        ] GC(111) Using 3 of 6 workers for concurrent marking roots
[189.721s][info][gc             ] GC(111) Concurrent marking roots 0.332ms
[189.721s][info][gc,start       ] GC(111) Concurrent marking (unload classes)
[189.721s][info][gc,task        ] GC(111) Using 3 of 6 workers for concurrent marking
[189.722s][info][gc             ] GC(111) Concurrent marking (unload classes) 0.704ms
[189.722s][info][gc,start       ] GC(111) Pause Final Mark (unload classes)
[189.722s][info][gc,task        ] GC(111) Using 6 of 6 workers for final marking
[189.722s][info][gc,ergo        ] GC(111) Collectable Garbage: 254M (99%), Immediate: 254M (99%), CSet: 0B (0%)
[189.722s][info][gc             ] GC(111) Pause Final Mark (unload classes) 0.296ms
[189.722s][info][gc,start       ] GC(111) Concurrent weak references
[189.723s][info][gc,task        ] GC(111) Using 3 of 6 workers for concurrent weak references
[189.723s][info][gc,ref         ] GC(111) Encountered references: Soft: 45, Weak: 116, Final: 0, Phantom: 7
[189.723s][info][gc,ref         ] GC(111) Discovered  references: Soft: 0, Weak: 72, Final: 0, Phantom: 5
[189.723s][info][gc,ref         ] GC(111) Enqueued    references: Soft: 0, Weak: 0, Final: 0, Phantom: 0
[189.723s][info][gc             ] GC(111) Concurrent weak references 0.119ms
[189.723s][info][gc,start       ] GC(111) Concurrent weak roots
[189.723s][info][gc,task        ] GC(111) Using 3 of 6 workers for concurrent weak root
[189.723s][info][gc             ] GC(111) Concurrent weak roots 0.189ms
[189.723s][info][gc,start       ] GC(111) Concurrent cleanup
[189.723s][info][gc             ] GC(111) Concurrent cleanup 365M->111M(512M) 0.064ms
[189.723s][info][gc,ergo        ] GC(111) Free: 374M, Max: 256K regular, 307M humongous, Frag: 18% external, 0% internal; Reserve: 26368K, Max: 256K
[189.723s][info][gc,start       ] GC(111) Concurrent class unloading
[189.723s][info][gc,task        ] GC(111) Using 3 of 6 workers for concurrent class unloading
[189.723s][info][gc             ] GC(111) Concurrent class unloading 0.318ms
[189.723s][info][gc,start       ] GC(111) Pause Final Roots
[189.723s][info][gc             ] GC(111) Pause Final Roots 0.020ms
[189.723s][info][gc,ergo        ] Free: 374M, Max: 256K regular, 307M humongous, Frag: 18% external, 0% internal; Reserve: 26368K, Max: 256K
[189.723s][info][gc,stats       ] 
[189.723s][info][gc,stats       ] All times are wall-clock times, except per-root-class counters, that are sum over
[189.723s][info][gc,stats       ] all workers. Dividing the <total> over the root stage time estimates parallelism.
[189.723s][info][gc,stats       ] 
[189.723s][info][gc,stats       ] Concurrent Reset                    323 us
[189.723s][info][gc,stats       ] Pause Init Mark (G)                 222 us
[189.723s][info][gc,stats       ] Pause Init Mark (N)                 158 us
[189.723s][info][gc,stats       ]   Update Region States               96 us
[189.723s][info][gc,stats       ] Concurrent Mark Roots               350 us, parallelism: 1.05x
[189.723s][info][gc,stats       ]   CMR: <total>                      369 us
[189.723s][info][gc,stats       ]   CMR: Thread Roots                 334 us, workers (us):  41, 211,  82, ---, ---, ---, 
[189.723s][info][gc,stats       ]   CMR: VM Strong Roots                4 us, workers (us):   2,   2,   0, ---, ---, ---, 
[189.723s][info][gc,stats       ]   CMR: CLDG Roots                    31 us, workers (us):  31, ---, ---, ---, ---, ---, 
[189.723s][info][gc,stats       ] Concurrent Marking                  719 us
[189.723s][info][gc,stats       ] Pause Final Mark (G)                402 us
[189.723s][info][gc,stats       ] Pause Final Mark (N)                306 us
[189.723s][info][gc,stats       ]   Finish Mark                       148 us
[189.723s][info][gc,stats       ]   Update Region States               74 us
[189.724s][info][gc,stats       ]   Choose Collection Set              37 us
[189.724s][info][gc,stats       ]   Rebuild Free Set                    8 us
[189.724s][info][gc,stats       ] Concurrent Weak References          127 us, parallelism: 0.03x
[189.724s][info][gc,stats       ]   CWRF: <total>                       4 us
[189.724s][info][gc,stats       ]   CWRF: Weak References               4 us, workers (us):   3,   0,   0, ---, ---, ---, 
[189.724s][info][gc,stats       ] Concurrent Weak Roots               199 us
[189.724s][info][gc,stats       ]   Roots                             117 us, parallelism: 0.85x
[189.724s][info][gc,stats       ]     CWR: <total>                    100 us
[189.724s][info][gc,stats       ]     CWR: Code Cache Roots            47 us, workers (us):   0,  14,  33, ---, ---, ---, 
[189.724s][info][gc,stats       ]     CWR: VM Weak Roots               52 us, workers (us):  17,  17,  17, ---, ---, ---, 
[189.724s][info][gc,stats       ]     CWR: CLDG Roots                   1 us, workers (us):   1, ---, ---, ---, ---, ---, 
[189.724s][info][gc,stats       ]   Rendezvous                         55 us
[189.724s][info][gc,stats       ] Concurrent Cleanup                   77 us
[189.724s][info][gc,stats       ] Concurrent Class Unloading          331 us
[189.724s][info][gc,stats       ]   Unlink Stale                      184 us
[189.724s][info][gc,stats       ]     System Dictionary                 1 us
[189.724s][info][gc,stats       ]     Weak Class Links                  0 us
[189.724s][info][gc,stats       ]     Code Roots                      183 us
[189.724s][info][gc,stats       ]   Rendezvous                         55 us
[189.724s][info][gc,stats       ]   Purge Unlinked                     62 us
[189.724s][info][gc,stats       ]     Code Roots                       60 us
[189.724s][info][gc,stats       ]     CLDG                              2 us
[189.724s][info][gc,stats       ]     Exception Caches                  0 us
[189.724s][info][gc,stats       ] Pause Final Roots (G)                86 us
[189.724s][info][gc,stats       ] Pause Final Roots (N)                29 us
[189.724s][info][gc,stats       ] Pacing                            72060 us
[189.724s][info][gc,stats       ] 
[189.724s][info][gc,stats       ] Allocation pacing accrued:
[189.724s][info][gc,stats       ]      72 of  1605 ms (  4.5%): main
[189.724s][info][gc,stats       ]      72 of  1605 ms (  4.5%): <total>
[189.724s][info][gc,stats       ]       6 of  1605 ms (  0.3%): <average total>
[189.724s][info][gc,stats       ]      72 of  1605 ms (  4.5%): <average non-zero>
[189.724s][info][gc,stats       ] 
[189.724s][info][gc,metaspace   ] Metaspace: 1071K(1280K)->1071K(1280K) NonClass: 989K(1088K)->989K(1088K) Class: 81K(192K)->81K(192K)
[189.724s][info][gc,ergo        ] Pacer for Idle. Initial: 10485K, Alloc Tax Rate: 1.0x
[191.184s][info][gc             ] Trigger: Average GC time (3.50 ms) is above the time for average allocation rate (295 MB/s) to deplete free headroom (0B) (margin of error = 3.01)
[191.184s][info][gc,ergo        ] Free headroom: 148M (free) - 26214K (spike) - 133M (penalties) = 0B
[191.184s][info][gc,ergo        ] Free: 148M, Max: 256K regular, 106M humongous, Frag: 29% external, 0% internal; Reserve: 26368K, Max: 256K
[191.185s][info][gc,start       ] GC(112) Concurrent reset
[191.185s][info][gc,task        ] GC(112) Using 3 of 6 workers for concurrent reset
[191.185s][info][gc,ergo        ] GC(112) Pacer for Reset. Non-Taxable: 512M
[191.185s][info][gc             ] GC(112) Concurrent reset 0.331ms
[191.185s][info][gc,start       ] GC(112) Pause Init Mark (unload classes)
[191.185s][info][gc,task        ] GC(112) Using 6 of 6 workers for init marking
[191.185s][info][gc,ergo        ] GC(112) Pacer for Mark. Expected Live: 76984K, Free: 148M, Non-Taxable: 15207K, Alloc Tax Rate: 0.6x
[191.185s][info][gc             ] GC(112) Pause Init Mark (unload classes) 0.118ms
[191.185s][info][gc,start       ] GC(112) Concurrent marking roots
[191.185s][info][gc,task        ] GC(112) Using 3 of 6 workers for concurrent marking roots
[191.185s][info][gc             ] GC(112) Concurrent marking roots 0.358ms
[191.185s][info][gc,start       ] GC(112) Concurrent marking (unload classes)
[191.186s][info][gc,task        ] GC(112) Using 3 of 6 workers for concurrent marking
[191.186s][info][gc             ] GC(112) Concurrent marking (unload classes) 0.732ms
[191.186s][info][gc,start       ] GC(112) Pause Final Mark (unload classes)
[191.186s][info][gc,task        ] GC(112) Using 6 of 6 workers for final marking
[191.187s][info][gc,ergo        ] GC(112) Collectable Garbage: 197M (99%), Immediate: 197M (99%), CSet: 0B (0%)
[191.187s][info][gc             ] GC(112) Pause Final Mark (unload classes) 0.338ms
[191.187s][info][gc,start       ] GC(112) Concurrent weak references
[191.187s][info][gc,task        ] GC(112) Using 3 of 6 workers for concurrent weak references
[191.187s][info][gc,ref         ] GC(112) Encountered references: Soft: 45, Weak: 116, Final: 0, Phantom: 7
[191.187s][info][gc,ref         ] GC(112) Discovered  references: Soft: 0, Weak: 95, Final: 0, Phantom: 5
[191.187s][info][gc,ref         ] GC(112) Enqueued    references: Soft: 0, Weak: 0, Final: 0, Phantom: 0
[191.187s][info][gc             ] GC(112) Concurrent weak references 0.130ms
[191.187s][info][gc,start       ] GC(112) Concurrent weak roots
[191.187s][info][gc,task        ] GC(112) Using 3 of 6 workers for concurrent weak root
[191.187s][info][gc             ] GC(112) Concurrent weak roots 0.185ms
[191.187s][info][gc,start       ] GC(112) Concurrent cleanup
[191.187s][info][gc             ] GC(112) Concurrent cleanup 333M->136M(512M) 0.049ms
[191.187s][info][gc,ergo        ] GC(112) Free: 348M, Max: 256K regular, 245M humongous, Frag: 30% external, 0% internal; Reserve: 26368K, Max: 256K
[191.187s][info][gc,start       ] GC(112) Concurrent class unloading
[191.187s][info][gc,task        ] GC(112) Using 3 of 6 workers for concurrent class unloading
[191.187s][info][gc             ] GC(112) Concurrent class unloading 0.261ms
[191.187s][info][gc,start       ] GC(112) Pause Final Roots
[191.187s][info][gc             ] GC(112) Pause Final Roots 0.017ms
[191.188s][info][gc,ergo        ] Free: 348M, Max: 256K regular, 245M humongous, Frag: 30% external, 0% internal; Reserve: 26368K, Max: 256K
[191.188s][info][gc,stats       ] 
[191.188s][info][gc,stats       ] All times are wall-clock times, except per-root-class counters, that are sum over
[191.188s][info][gc,stats       ] all workers. Dividing the <total> over the root stage time estimates parallelism.
[191.188s][info][gc,stats       ] 
[191.188s][info][gc,stats       ] Concurrent Reset                    355 us
[191.188s][info][gc,stats       ] Pause Init Mark (G)                 236 us
[191.188s][info][gc,stats       ] Pause Init Mark (N)                 128 us
[191.188s][info][gc,stats       ]   Update Region States               61 us
[191.188s][info][gc,stats       ] Concurrent Mark Roots               376 us, parallelism: 1.15x
[191.188s][info][gc,stats       ]   CMR: <total>                      432 us
[191.188s][info][gc,stats       ]   CMR: Thread Roots                 387 us, workers (us): 110,  47, 229, ---, ---, ---, 
[191.188s][info][gc,stats       ]   CMR: VM Strong Roots                5 us, workers (us):   4,   0,   0, ---, ---, ---, 
[191.188s][info][gc,stats       ]   CMR: CLDG Roots                    40 us, workers (us): ---,  40, ---, ---, ---, ---, 
[191.188s][info][gc,stats       ] Concurrent Marking                  751 us
[191.188s][info][gc,stats       ] Pause Final Mark (G)                478 us
[191.188s][info][gc,stats       ] Pause Final Mark (N)                349 us
[191.188s][info][gc,stats       ]   Finish Mark                       149 us
[191.188s][info][gc,stats       ]   Update Region States              107 us
[191.188s][info][gc,stats       ]   Choose Collection Set              43 us
[191.188s][info][gc,stats       ]   Rebuild Free Set                    9 us
[191.188s][info][gc,stats       ] Concurrent Weak References          138 us, parallelism: 0.04x
[191.188s][info][gc,stats       ]   CWRF: <total>                       6 us
[191.188s][info][gc,stats       ]   CWRF: Weak References               6 us, workers (us):   5,   0,   0, ---, ---, ---, 
[191.188s][info][gc,stats       ] Concurrent Weak Roots               203 us
[191.188s][info][gc,stats       ]   Roots                             104 us, parallelism: 0.94x
[191.188s][info][gc,stats       ]     CWR: <total>                     98 us
[191.188s][info][gc,stats       ]     CWR: Code Cache Roots            51 us, workers (us):  16,  35,   0, ---, ---, ---, 
[191.188s][info][gc,stats       ]     CWR: VM Weak Roots               46 us, workers (us):  24,  21,   0, ---, ---, ---, 
[191.188s][info][gc,stats       ]     CWR: CLDG Roots                   1 us, workers (us):   1, ---, ---, ---, ---, ---, 
[191.188s][info][gc,stats       ]   Rendezvous                         64 us
[191.188s][info][gc,stats       ] Concurrent Cleanup                   60 us
[191.188s][info][gc,stats       ] Concurrent Class Unloading          274 us
[191.188s][info][gc,stats       ]   Unlink Stale                      161 us
[191.188s][info][gc,stats       ]     System Dictionary                 1 us
[191.188s][info][gc,stats       ]     Weak Class Links                  0 us
[191.188s][info][gc,stats       ]     Code Roots                      159 us
[191.188s][info][gc,stats       ]   Rendezvous                         25 us
[191.188s][info][gc,stats       ]   Purge Unlinked                     54 us
[191.188s][info][gc,stats       ]     Code Roots                       52 us
[191.188s][info][gc,stats       ]     CLDG                              2 us
[191.188s][info][gc,stats       ]     Exception Caches                  0 us
[191.188s][info][gc,stats       ] Pause Final Roots (G)                51 us
[191.188s][info][gc,stats       ] Pause Final Roots (N)                26 us
[191.188s][info][gc,stats       ] Pacing                            45924 us
[191.188s][info][gc,stats       ] 
[191.188s][info][gc,stats       ] Allocation pacing accrued:
[191.188s][info][gc,stats       ]      46 of  1464 ms (  3.1%): main
[191.188s][info][gc,stats       ]      46 of  1464 ms (  3.1%): <total>
[191.188s][info][gc,stats       ]       4 of  1464 ms (  0.2%): <average total>
[191.188s][info][gc,stats       ]      46 of  1464 ms (  3.1%): <average non-zero>
[191.188s][info][gc,stats       ] 
[191.188s][info][gc,metaspace   ] Metaspace: 1071K(1280K)->1071K(1280K) NonClass: 989K(1088K)->989K(1088K) Class: 81K(192K)->81K(192K)
[191.188s][info][gc,ergo        ] Pacer for Idle. Initial: 10485K, Alloc Tax Rate: 1.0x
[193.975s][info][gc             ] Trigger: Average GC time (3.52 ms) is above the time for average allocation rate (143 MB/s) to deplete free headroom (0B) (margin of error = 3.01)
[193.975s][info][gc,ergo        ] Free headroom: 111M (free) - 26214K (spike) - 127M (penalties) = 0B
[193.975s][info][gc,ergo        ] Free: 111M, Max: 256K regular, 101376K humongous, Frag: 11% external, 0% internal; Reserve: 26368K, Max: 256K
[193.975s][info][gc,start       ] GC(113) Concurrent reset
[193.975s][info][gc,task        ] GC(113) Using 3 of 6 workers for concurrent reset
[193.975s][info][gc,ergo        ] GC(113) Pacer for Reset. Non-Taxable: 512M
[193.976s][info][gc             ] GC(113) Concurrent reset 0.326ms
[193.976s][info][gc,start       ] GC(113) Pause Init Mark (unload classes)
[193.976s][info][gc,task        ] GC(113) Using 6 of 6 workers for init marking
[193.976s][info][gc,ergo        ] GC(113) Pacer for Mark. Expected Live: 99513K, Free: 111M, Non-Taxable: 11367K, Alloc Tax Rate: 1.1x
[193.976s][info][gc             ] GC(113) Pause Init Mark (unload classes) 0.120ms
[193.976s][info][gc,start       ] GC(113) Concurrent marking roots
[193.976s][info][gc,task        ] GC(113) Using 3 of 6 workers for concurrent marking roots
[193.976s][info][gc             ] GC(113) Concurrent marking roots 0.291ms
[193.976s][info][gc,start       ] GC(113) Concurrent marking (unload classes)
[193.976s][info][gc,task        ] GC(113) Using 3 of 6 workers for concurrent marking
[193.977s][info][gc             ] GC(113) Concurrent marking (unload classes) 0.750ms
[193.977s][info][gc,start       ] GC(113) Pause Final Mark (unload classes)
[193.977s][info][gc,task        ] GC(113) Using 6 of 6 workers for final marking
[193.977s][info][gc,ergo        ] GC(113) Collectable Garbage: 312M (99%), Immediate: 312M (99%), CSet: 0B (0%)
[193.977s][info][gc             ] GC(113) Pause Final Mark (unload classes) 0.291ms
[193.977s][info][gc,start       ] GC(113) Concurrent weak references
[193.977s][info][gc,task        ] GC(113) Using 3 of 6 workers for concurrent weak references
[193.977s][info][gc,ref         ] GC(113) Encountered references: Soft: 45, Weak: 116, Final: 0, Phantom: 7
[193.977s][info][gc,ref         ] GC(113) Discovered  references: Soft: 0, Weak: 68, Final: 0, Phantom: 5
[193.977s][info][gc,ref         ] GC(113) Enqueued    references: Soft: 0, Weak: 0, Final: 0, Phantom: 0
[193.977s][info][gc             ] GC(113) Concurrent weak references 0.144ms
[193.977s][info][gc,start       ] GC(113) Concurrent weak roots
[193.977s][info][gc,task        ] GC(113) Using 3 of 6 workers for concurrent weak root
[193.978s][info][gc             ] GC(113) Concurrent weak roots 0.207ms
[193.978s][info][gc,start       ] GC(113) Concurrent cleanup
[193.978s][info][gc             ] GC(113) Concurrent cleanup 369M->56M(512M) 0.065ms
[193.978s][info][gc,ergo        ] GC(113) Free: 428M, Max: 256K regular, 205M humongous, Frag: 53% external, 0% internal; Reserve: 26368K, Max: 256K
[193.978s][info][gc,start       ] GC(113) Concurrent class unloading
[193.978s][info][gc,task        ] GC(113) Using 3 of 6 workers for concurrent class unloading
[193.978s][info][gc             ] GC(113) Concurrent class unloading 0.356ms
[193.978s][info][gc,start       ] GC(113) Pause Final Roots
[193.978s][info][gc             ] GC(113) Pause Final Roots 0.015ms
[193.978s][info][gc,ergo        ] Free: 428M, Max: 256K regular, 205M humongous, Frag: 53% external, 0% internal; Reserve: 26368K, Max: 256K
[193.978s][info][gc,stats       ] 
[193.978s][info][gc,stats       ] All times are wall-clock times, except per-root-class counters, that are sum over
[193.978s][info][gc,stats       ] all workers. Dividing the <total> over the root stage time estimates parallelism.
[193.978s][info][gc,stats       ] 
[193.978s][info][gc,stats       ] Concurrent Reset                    346 us
[193.978s][info][gc,stats       ] Pause Init Mark (G)                 193 us
[193.978s][info][gc,stats       ] Pause Init Mark (N)                 129 us
[193.978s][info][gc,stats       ]   Update Region States               77 us
[193.978s][info][gc,stats       ] Concurrent Mark Roots               306 us, parallelism: 1.17x
[193.978s][info][gc,stats       ]   CMR: <total>                      358 us
[193.978s][info][gc,stats       ]   CMR: Thread Roots                 325 us, workers (us): 208,  75,  43, ---, ---, ---, 
[193.978s][info][gc,stats       ]   CMR: VM Strong Roots                4 us, workers (us):   3,   0,   0, ---, ---, ---, 
[193.978s][info][gc,stats       ]   CMR: CLDG Roots                    29 us, workers (us):  29, ---, ---, ---, ---, ---, 
[193.978s][info][gc,stats       ] Concurrent Marking                  769 us
[193.978s][info][gc,stats       ] Pause Final Mark (G)                368 us
[193.978s][info][gc,stats       ] Pause Final Mark (N)                302 us
[193.978s][info][gc,stats       ]   Finish Mark                       124 us
[193.978s][info][gc,stats       ]   Update Region States               82 us
[193.978s][info][gc,stats       ]   Choose Collection Set              49 us
[193.978s][info][gc,stats       ]   Rebuild Free Set                    9 us
[193.978s][info][gc,stats       ] Concurrent Weak References          152 us, parallelism: 0.03x
[193.978s][info][gc,stats       ]   CWRF: <total>                       5 us
[193.978s][info][gc,stats       ]   CWRF: Weak References               5 us, workers (us):   4,   0,   0, ---, ---, ---, 
[193.978s][info][gc,stats       ] Concurrent Weak Roots               225 us
[193.978s][info][gc,stats       ]   Roots                             127 us, parallelism: 0.73x
[193.978s][info][gc,stats       ]     CWR: <total>                     93 us
[193.978s][info][gc,stats       ]     CWR: Code Cache Roots            51 us, workers (us):   0,  16,  35, ---, ---, ---, 
[193.978s][info][gc,stats       ]     CWR: VM Weak Roots               41 us, workers (us):  36,   2,   2, ---, ---, ---, 
[193.978s][info][gc,stats       ]     CWR: CLDG Roots                   1 us, workers (us):   1, ---, ---, ---, ---, ---, 
[193.978s][info][gc,stats       ]   Rendezvous                         63 us
[193.978s][info][gc,stats       ] Concurrent Cleanup                   75 us
[193.978s][info][gc,stats       ] Concurrent Class Unloading          375 us
[193.978s][info][gc,stats       ]   Unlink Stale                      185 us
[193.978s][info][gc,stats       ]     System Dictionary                 1 us
[193.978s][info][gc,stats       ]     Weak Class Links                  0 us
[193.978s][info][gc,stats       ]     Code Roots                      183 us
[193.978s][info][gc,stats       ]   Rendezvous                         58 us
[193.978s][info][gc,stats       ]   Purge Unlinked                     56 us
[193.978s][info][gc,stats       ]     Code Roots                       52 us
[193.978s][info][gc,stats       ]     CLDG                              3 us
[193.978s][info][gc,stats       ]     Exception Caches                  0 us
[193.978s][info][gc,stats       ] Pause Final Roots (G)                45 us
[193.979s][info][gc,stats       ] Pause Final Roots (N)                24 us
[193.979s][info][gc,stats       ] Pacing                            61987 us
[193.979s][info][gc,stats       ] 
[193.979s][info][gc,stats       ] Allocation pacing accrued:
[193.979s][info][gc,stats       ]      62 of  2791 ms (  2.2%): main
[193.979s][info][gc,stats       ]      62 of  2791 ms (  2.2%): <total>
[193.979s][info][gc,stats       ]       5 of  2791 ms (  0.2%): <average total>
[193.979s][info][gc,stats       ]      62 of  2791 ms (  2.2%): <average non-zero>
[193.979s][info][gc,stats       ] 
[193.979s][info][gc,metaspace   ] Metaspace: 1071K(1280K)->1071K(1280K) NonClass: 989K(1088K)->989K(1088K) Class: 81K(192K)->81K(192K)
[193.979s][info][gc,ergo        ] Pacer for Idle. Initial: 10485K, Alloc Tax Rate: 1.0x
[195.564s][info][gc             ] Failed to allocate Shared, 100M
[195.564s][info][gc             ] Cancelling GC: Allocation Failure
[195.580s][info][gc             ] Trigger: Handle Allocation Failure
[195.580s][info][gc,ergo        ] Free: 203M, Max: 256K regular, 101376K humongous, Frag: 52% external, 0% internal; Reserve: 26368K, Max: 256K
[195.580s][info][gc,start       ] GC(114) Pause Degenerated GC (Outside of Cycle)
[195.580s][info][gc,task        ] GC(114) Using 6 of 6 workers for stw degenerated gc
[195.580s][info][gc,ref         ] GC(114) Clearing All SoftReferences
[195.581s][info][gc,ref         ] GC(114) Encountered references: Soft: 45, Weak: 116, Final: 0, Phantom: 7
[195.581s][info][gc,ref         ] GC(114) Discovered  references: Soft: 19, Weak: 95, Final: 0, Phantom: 5
[195.581s][info][gc,ref         ] GC(114) Enqueued    references: Soft: 0, Weak: 0, Final: 0, Phantom: 0
[195.581s][info][gc,ergo        ] GC(114) Collectable Garbage: 117M (99%), Immediate: 117M (99%), CSet: 0B (0%)
[195.581s][info][gc,ergo        ] GC(114) Good progress for free space: 323M, need 5242K
[195.581s][info][gc,ergo        ] GC(114) Good progress for used space: 117M, need 256K
[195.581s][info][gc             ] GC(114) Pause Degenerated GC (Outside of Cycle) 279M->161M(512M) 1.466ms
[195.581s][info][gc,ergo        ] Free: 323M, Max: 256K regular, 248M humongous, Frag: 24% external, 0% internal; Reserve: 26368K, Max: 256K
[195.582s][info][gc,stats       ] 
[195.582s][info][gc,stats       ] All times are wall-clock times, except per-root-class counters, that are sum over
[195.582s][info][gc,stats       ] all workers. Dividing the <total> over the root stage time estimates parallelism.
[195.582s][info][gc,stats       ] 
[195.582s][info][gc,stats       ] Pause Degenerated GC (G)           1521 us
[195.582s][info][gc,stats       ] Pause Degenerated GC (N)           1482 us
[195.582s][info][gc,stats       ]   Degen STW Mark                    582 us, parallelism: 5.09x
[195.582s][info][gc,stats       ]     DSM: <total>                   2962 us
[195.582s][info][gc,stats       ]     DSM: Thread Roots                41 us, workers (us):  24,  15,   0,   0,   0,   0, 
[195.582s][info][gc,stats       ]     DSM: VM Strong Roots              3 us, workers (us):   0,   0,   3,   0,   0,   0, 
[195.582s][info][gc,stats       ]     DSM: CLDG Roots                  34 us, workers (us):  33,   0,   0,   0,   0,   0, 
[195.582s][info][gc,stats       ]     DSM: Parallel Mark             2883 us, workers (us): 472, 493, 497, 474, 474, 474, 
[195.582s][info][gc,stats       ]     System Purge                    412 us
[195.582s][info][gc,stats       ]       Weak References               161 us, parallelism: 0.03x
[195.582s][info][gc,stats       ]         WRP: <total>                  5 us
[195.582s][info][gc,stats       ]         WRP: Weak References          5 us, workers (us):   3,   2,   0,   0,   0,   0, 
[195.582s][info][gc,stats       ]       Unload Classes                142 us, parallelism: 2.27x
[195.582s][info][gc,stats       ]         DCU: <total>                323 us
[195.582s][info][gc,stats       ]         DCU: Unload Code Caches      323 us, workers (us):  59,  75,  58,  46,  55,  29, 
[195.582s][info][gc,stats       ]       Weak Roots                    107 us, parallelism: 0.51x
[195.582s][info][gc,stats       ]         DWR: <total>                 55 us
[195.582s][info][gc,stats       ]         DWR: VM Weak Roots           55 us, workers (us):  16,  15,  13,   9,   0,   1, 
[195.582s][info][gc,stats       ]       CLDG                            0 us
[195.582s][info][gc,stats       ]   Update Region States               81 us
[195.582s][info][gc,stats       ]   Manage GC/TLABs                     3 us
[195.582s][info][gc,stats       ]   Choose Collection Set              40 us
[195.582s][info][gc,stats       ]   Rebuild Free Set                    9 us
[195.582s][info][gc,stats       ]   Cleanup                             6 us
[195.582s][info][gc,stats       ] Pacing                            72618 us
[195.582s][info][gc,stats       ] 
[195.582s][info][gc,stats       ] Allocation pacing accrued:
[195.582s][info][gc,stats       ]      73 of  1603 ms (  4.5%): main
[195.582s][info][gc,stats       ]      73 of  1603 ms (  4.5%): <total>
[195.582s][info][gc,stats       ]       6 of  1603 ms (  0.3%): <average total>
[195.582s][info][gc,stats       ]      73 of  1603 ms (  4.5%): <average non-zero>
[195.582s][info][gc,stats       ] 
[195.582s][info][gc,metaspace   ] Metaspace: 1071K(1280K)->1071K(1280K) NonClass: 989K(1088K)->989K(1088K) Class: 81K(192K)->81K(192K)
[195.582s][info][gc,ergo        ] Pacer for Idle. Initial: 10485K, Alloc Tax Rate: 1.0x
[196.249s][info][gc             ] Trigger: Average GC time (3.36 ms) is above the time for average allocation rate (68680 KB/s) to deplete free headroom (0B) (margin of error = 3.11)
[196.249s][info][gc,ergo        ] Free headroom: 199M (free) - 26214K (spike) - 174M (penalties) = 0B
[196.249s][info][gc,ergo        ] Free: 199M, Max: 256K regular, 148M humongous, Frag: 26% external, 0% internal; Reserve: 26368K, Max: 256K
[196.249s][info][gc,start       ] GC(115) Concurrent reset
[196.249s][info][gc,task        ] GC(115) Using 3 of 6 workers for concurrent reset
[196.249s][info][gc,ergo        ] GC(115) Pacer for Reset. Non-Taxable: 512M
[196.250s][info][gc             ] GC(115) Concurrent reset 0.233ms
[196.250s][info][gc,start       ] GC(115) Pause Init Mark (unload classes)
[196.250s][info][gc,task        ] GC(115) Using 6 of 6 workers for init marking
[196.250s][info][gc,ergo        ] GC(115) Pacer for Mark. Expected Live: 108M, Free: 199M, Non-Taxable: 20404K, Alloc Tax Rate: 0.7x
[196.250s][info][gc             ] GC(115) Pause Init Mark (unload classes) 0.087ms
[196.250s][info][gc,start       ] GC(115) Concurrent marking roots
[196.250s][info][gc,task        ] GC(115) Using 3 of 6 workers for concurrent marking roots
[196.250s][info][gc             ] GC(115) Concurrent marking roots 0.337ms
[196.250s][info][gc,start       ] GC(115) Concurrent marking (unload classes)
[196.250s][info][gc,task        ] GC(115) Using 3 of 6 workers for concurrent marking
[196.251s][info][gc             ] GC(115) Concurrent marking (unload classes) 0.762ms
[196.251s][info][gc,start       ] GC(115) Pause Final Mark (unload classes)
[196.251s][info][gc,task        ] GC(115) Using 6 of 6 workers for final marking
[196.251s][info][gc,ergo        ] GC(115) Collectable Garbage: 166M (99%), Immediate: 166M (99%), CSet: 0B (0%)
[196.251s][info][gc             ] GC(115) Pause Final Mark (unload classes) 0.132ms
[196.251s][info][gc,start       ] GC(115) Concurrent weak references
[196.251s][info][gc,task        ] GC(115) Using 3 of 6 workers for concurrent weak references
[196.251s][info][gc,ref         ] GC(115) Encountered references: Soft: 45, Weak: 116, Final: 0, Phantom: 7
[196.251s][info][gc,ref         ] GC(115) Discovered  references: Soft: 0, Weak: 68, Final: 0, Phantom: 5
[196.251s][info][gc,ref         ] GC(115) Enqueued    references: Soft: 0, Weak: 0, Final: 0, Phantom: 0
[196.251s][info][gc             ] GC(115) Concurrent weak references 0.079ms
[196.251s][info][gc,start       ] GC(115) Concurrent weak roots
[196.251s][info][gc,task        ] GC(115) Using 3 of 6 workers for concurrent weak root
[196.251s][info][gc             ] GC(115) Concurrent weak roots 0.168ms
[196.251s][info][gc,start       ] GC(115) Concurrent cleanup
[196.251s][info][gc             ] GC(115) Concurrent cleanup 284M->117M(512M) 0.044ms
[196.251s][info][gc,ergo        ] GC(115) Free: 367M, Max: 256K regular, 344M humongous, Frag: 7% external, 0% internal; Reserve: 26368K, Max: 256K
[196.251s][info][gc,start       ] GC(115) Concurrent class unloading
[196.251s][info][gc,task        ] GC(115) Using 3 of 6 workers for concurrent class unloading
[196.252s][info][gc             ] GC(115) Concurrent class unloading 0.244ms
[196.252s][info][gc,start       ] GC(115) Pause Final Roots
[196.252s][info][gc             ] GC(115) Pause Final Roots 0.016ms
[196.252s][info][gc,ergo        ] Free: 367M, Max: 256K regular, 344M humongous, Frag: 7% external, 0% internal; Reserve: 26368K, Max: 256K
[196.252s][info][gc,stats       ] 
[196.252s][info][gc,stats       ] All times are wall-clock times, except per-root-class counters, that are sum over
[196.252s][info][gc,stats       ] all workers. Dividing the <total> over the root stage time estimates parallelism.
[196.252s][info][gc,stats       ] 
[196.252s][info][gc,stats       ] Concurrent Reset                    256 us
[196.252s][info][gc,stats       ] Pause Init Mark (G)                 131 us
[196.252s][info][gc,stats       ] Pause Init Mark (N)                  96 us
[196.252s][info][gc,stats       ]   Update Region States               38 us
[196.252s][info][gc,stats       ] Concurrent Mark Roots               353 us, parallelism: 1.08x
[196.252s][info][gc,stats       ]   CMR: <total>                      382 us
[196.252s][info][gc,stats       ]   CMR: Thread Roots                 339 us, workers (us): 209,  70,  60, ---, ---, ---, 
[196.252s][info][gc,stats       ]   CMR: VM Strong Roots                5 us, workers (us):   5,   0,   0, ---, ---, ---, 
[196.252s][info][gc,stats       ]   CMR: CLDG Roots                    38 us, workers (us):  38, ---, ---, ---, ---, ---, 
[196.252s][info][gc,stats       ] Concurrent Marking                  785 us
[196.252s][info][gc,stats       ] Pause Final Mark (G)                183 us
[196.252s][info][gc,stats       ] Pause Final Mark (N)                142 us
[196.252s][info][gc,stats       ]   Finish Mark                        31 us
[196.252s][info][gc,stats       ]   Update Region States               31 us
[196.252s][info][gc,stats       ]   Choose Collection Set              32 us
[196.252s][info][gc,stats       ]   Rebuild Free Set                    9 us
[196.252s][info][gc,stats       ] Concurrent Weak References           87 us, parallelism: 0.05x
[196.252s][info][gc,stats       ]   CWRF: <total>                       5 us
[196.252s][info][gc,stats       ]   CWRF: Weak References               5 us, workers (us):   3,   1,   0, ---, ---, ---, 
[196.252s][info][gc,stats       ] Concurrent Weak Roots               184 us
[196.252s][info][gc,stats       ]   Roots                              79 us, parallelism: 1.42x
[196.252s][info][gc,stats       ]     CWR: <total>                    111 us
[196.252s][info][gc,stats       ]     CWR: Code Cache Roots            63 us, workers (us):  39,   0,  24, ---, ---, ---, 
[196.252s][info][gc,stats       ]     CWR: VM Weak Roots               48 us, workers (us):  18,  15,  15, ---, ---, ---, 
[196.252s][info][gc,stats       ]     CWR: CLDG Roots                   1 us, workers (us): ---,   1, ---, ---, ---, ---, 
[196.252s][info][gc,stats       ]   Rendezvous                         28 us
[196.252s][info][gc,stats       ] Concurrent Cleanup                   54 us
[196.252s][info][gc,stats       ] Concurrent Class Unloading          258 us
[196.252s][info][gc,stats       ]   Unlink Stale                      179 us
[196.252s][info][gc,stats       ]     System Dictionary                 1 us
[196.252s][info][gc,stats       ]     Weak Class Links                  0 us
[196.252s][info][gc,stats       ]     Code Roots                      177 us
[196.252s][info][gc,stats       ]   Rendezvous                         23 us
[196.252s][info][gc,stats       ]   Purge Unlinked                     25 us
[196.252s][info][gc,stats       ]     Code Roots                       22 us
[196.252s][info][gc,stats       ]     CLDG                              2 us
[196.252s][info][gc,stats       ]     Exception Caches                  0 us
[196.252s][info][gc,stats       ] Pause Final Roots (G)                45 us
[196.252s][info][gc,stats       ] Pause Final Roots (N)                24 us
[196.252s][info][gc,stats       ] 
[196.252s][info][gc,stats       ] Allocation pacing accrued:
[196.252s][info][gc,stats       ]       0 of   670 ms (  0.0%): <total>
[196.252s][info][gc,stats       ]       0 of   670 ms (  0.0%): <average total>
[196.252s][info][gc,stats       ] 
[196.252s][info][gc,metaspace   ] Metaspace: 1071K(1280K)->1071K(1280K) NonClass: 989K(1088K)->989K(1088K) Class: 81K(192K)->81K(192K)
[196.252s][info][gc,ergo        ] Pacer for Idle. Initial: 10485K, Alloc Tax Rate: 1.0x
[198.474s][info][gc             ] Trigger: Average GC time (3.49 ms) is above the time for average allocation rate (296 MB/s) to deplete free headroom (0B) (margin of error = 3.12)
[198.474s][info][gc,ergo        ] Free headroom: 131M (free) - 26214K (spike) - 168M (penalties) = 0B
[198.474s][info][gc,ergo        ] Free: 131M, Max: 256K regular, 127M humongous, Frag: 4% external, 0% internal; Reserve: 26368K, Max: 256K
[198.474s][info][gc,start       ] GC(116) Concurrent reset
[198.474s][info][gc,task        ] GC(116) Using 3 of 6 workers for concurrent reset
[198.474s][info][gc,ergo        ] GC(116) Pacer for Reset. Non-Taxable: 512M
[198.475s][info][gc             ] GC(116) Concurrent reset 0.317ms
[198.475s][info][gc,start       ] GC(116) Pause Init Mark (unload classes)
[198.475s][info][gc,task        ] GC(116) Using 6 of 6 workers for init marking
[198.475s][info][gc,ergo        ] GC(116) Pacer for Mark. Expected Live: 130M, Free: 131M, Non-Taxable: 13415K, Alloc Tax Rate: 1.2x
[198.475s][info][gc             ] GC(116) Pause Init Mark (unload classes) 0.116ms
[198.475s][info][gc,start       ] GC(116) Concurrent marking roots
[198.475s][info][gc,task        ] GC(116) Using 3 of 6 workers for concurrent marking roots
[198.475s][info][gc             ] GC(116) Concurrent marking roots 0.328ms
[198.475s][info][gc,start       ] GC(116) Concurrent marking (unload classes)
[198.475s][info][gc,task        ] GC(116) Using 3 of 6 workers for concurrent marking
[198.476s][info][gc             ] GC(116) Concurrent marking (unload classes) 0.801ms
[198.476s][info][gc,start       ] GC(116) Pause Final Mark (unload classes)
[198.476s][info][gc,task        ] GC(116) Using 6 of 6 workers for final marking
[198.476s][info][gc,ergo        ] GC(116) Collectable Garbage: 237M (99%), Immediate: 237M (99%), CSet: 0B (0%)
[198.477s][info][gc             ] GC(116) Pause Final Mark (unload classes) 0.338ms
[198.477s][info][gc,start       ] GC(116) Concurrent weak references
[198.477s][info][gc,task        ] GC(116) Using 3 of 6 workers for concurrent weak references
[198.477s][info][gc,ref         ] GC(116) Encountered references: Soft: 45, Weak: 116, Final: 0, Phantom: 7
[198.477s][info][gc,ref         ] GC(116) Discovered  references: Soft: 0, Weak: 95, Final: 0, Phantom: 5
[198.477s][info][gc,ref         ] GC(116) Enqueued    references: Soft: 0, Weak: 0, Final: 0, Phantom: 0
[198.477s][info][gc             ] GC(116) Concurrent weak references 0.118ms
[198.477s][info][gc,start       ] GC(116) Concurrent weak roots
[198.477s][info][gc,task        ] GC(116) Using 3 of 6 workers for concurrent weak root
[198.477s][info][gc             ] GC(116) Concurrent weak roots 0.173ms
[198.477s][info][gc,start       ] GC(116) Concurrent cleanup
[198.477s][info][gc             ] GC(116) Concurrent cleanup 350M->112M(512M) 0.052ms
[198.477s][info][gc,ergo        ] GC(116) Free: 372M, Max: 256K regular, 127M humongous, Frag: 66% external, 0% internal; Reserve: 26368K, Max: 256K
[198.477s][info][gc,start       ] GC(116) Concurrent class unloading
[198.477s][info][gc,task        ] GC(116) Using 3 of 6 workers for concurrent class unloading
[198.477s][info][gc             ] GC(116) Concurrent class unloading 0.277ms
[198.477s][info][gc,start       ] GC(116) Pause Final Roots
[198.477s][info][gc             ] GC(116) Pause Final Roots 0.020ms
[198.477s][info][gc,ergo        ] Free: 372M, Max: 256K regular, 127M humongous, Frag: 66% external, 0% internal; Reserve: 26368K, Max: 256K
[198.477s][info][gc,stats       ] 
[198.477s][info][gc,stats       ] All times are wall-clock times, except per-root-class counters, that are sum over
[198.477s][info][gc,stats       ] all workers. Dividing the <total> over the root stage time estimates parallelism.
[198.477s][info][gc,stats       ] 
[198.477s][info][gc,stats       ] Concurrent Reset                    336 us
[198.477s][info][gc,stats       ] Pause Init Mark (G)                 223 us
[198.477s][info][gc,stats       ] Pause Init Mark (N)                 126 us
[198.477s][info][gc,stats       ]   Update Region States               65 us
[198.477s][info][gc,stats       ] Concurrent Mark Roots               345 us, parallelism: 0.98x
[198.477s][info][gc,stats       ]   CMR: <total>                      339 us
[198.477s][info][gc,stats       ]   CMR: Thread Roots                 305 us, workers (us): 198,  72,  36, ---, ---, ---, 
[198.477s][info][gc,stats       ]   CMR: VM Strong Roots                4 us, workers (us):   2,   2,   0, ---, ---, ---, 
[198.477s][info][gc,stats       ]   CMR: CLDG Roots                    30 us, workers (us): ---, ---,  30, ---, ---, ---, 
[198.477s][info][gc,stats       ] Concurrent Marking                  819 us
[198.477s][info][gc,stats       ] Pause Final Mark (G)                454 us
[198.477s][info][gc,stats       ] Pause Final Mark (N)                349 us
[198.478s][info][gc,stats       ]   Finish Mark                       157 us
[198.478s][info][gc,stats       ]   Update Region States              106 us
[198.478s][info][gc,stats       ]   Choose Collection Set              38 us
[198.478s][info][gc,stats       ]   Rebuild Free Set                    8 us
[198.478s][info][gc,stats       ] Concurrent Weak References          127 us, parallelism: 0.03x
[198.478s][info][gc,stats       ]   CWRF: <total>                       4 us
[198.478s][info][gc,stats       ]   CWRF: Weak References               4 us, workers (us):   4,   0,   0, ---, ---, ---, 
[198.478s][info][gc,stats       ] Concurrent Weak Roots               185 us
[198.478s][info][gc,stats       ]   Roots                              79 us, parallelism: 1.15x
[198.478s][info][gc,stats       ]     CWR: <total>                     91 us
[198.478s][info][gc,stats       ]     CWR: Code Cache Roots            49 us, workers (us):  34,  15,   0, ---, ---, ---, 
[198.478s][info][gc,stats       ]     CWR: VM Weak Roots               41 us, workers (us):  22,  19,   0, ---, ---, ---, 
[198.478s][info][gc,stats       ]     CWR: CLDG Roots                   1 us, workers (us): ---,   1, ---, ---, ---, ---, 
[198.478s][info][gc,stats       ]   Rendezvous                         77 us
[198.478s][info][gc,stats       ] Concurrent Cleanup                   62 us
[198.478s][info][gc,stats       ] Concurrent Class Unloading          291 us
[198.478s][info][gc,stats       ]   Unlink Stale                      161 us
[198.478s][info][gc,stats       ]     System Dictionary                 1 us
[198.478s][info][gc,stats       ]     Weak Class Links                  0 us
[198.478s][info][gc,stats       ]     Code Roots                      159 us
[198.478s][info][gc,stats       ]   Rendezvous                         27 us
[198.478s][info][gc,stats       ]   Purge Unlinked                     68 us
[198.478s][info][gc,stats       ]     Code Roots                       66 us
[198.478s][info][gc,stats       ]     CLDG                              2 us
[198.478s][info][gc,stats       ]     Exception Caches                  0 us
[198.478s][info][gc,stats       ] Pause Final Roots (G)                51 us
[198.478s][info][gc,stats       ] Pause Final Roots (N)                29 us
[198.478s][info][gc,stats       ] Pacing                            47403 us
[198.478s][info][gc,stats       ] 
[198.478s][info][gc,stats       ] Allocation pacing accrued:
[198.478s][info][gc,stats       ]      47 of  2226 ms (  2.1%): main
[198.478s][info][gc,stats       ]      47 of  2226 ms (  2.1%): <total>
[198.478s][info][gc,stats       ]       4 of  2226 ms (  0.2%): <average total>
[198.478s][info][gc,stats       ]      47 of  2226 ms (  2.1%): <average non-zero>
[198.478s][info][gc,stats       ] 
[198.478s][info][gc,metaspace   ] Metaspace: 1071K(1280K)->1071K(1280K) NonClass: 989K(1088K)->989K(1088K) Class: 81K(192K)->81K(192K)
[198.478s][info][gc,ergo        ] Pacer for Idle. Initial: 10485K, Alloc Tax Rate: 1.0x
[199.940s][info][gc             ] Trigger: Average GC time (3.60 ms) is above the time for average allocation rate (298 MB/s) to deplete free headroom (0B) (margin of error = 3.13)
[199.940s][info][gc,ergo        ] Free headroom: 147M (free) - 26214K (spike) - 163M (penalties) = 0B
[199.940s][info][gc,ergo        ] Free: 147M, Max: 256K regular, 82688K humongous, Frag: 46% external, 0% internal; Reserve: 26368K, Max: 256K
[199.940s][info][gc,start       ] GC(117) Concurrent reset
[199.940s][info][gc,task        ] GC(117) Using 3 of 6 workers for concurrent reset
[199.940s][info][gc,ergo        ] GC(117) Pacer for Reset. Non-Taxable: 512M
[199.940s][info][gc             ] GC(117) Concurrent reset 0.339ms
[199.940s][info][gc,start       ] GC(117) Pause Init Mark (unload classes)
[199.940s][info][gc,task        ] GC(117) Using 6 of 6 workers for init marking
[199.940s][info][gc,ergo        ] GC(117) Pacer for Mark. Expected Live: 139M, Free: 147M, Non-Taxable: 15053K, Alloc Tax Rate: 1.2x
[199.940s][info][gc             ] GC(117) Pause Init Mark (unload classes) 0.155ms
[199.940s][info][gc,start       ] GC(117) Concurrent marking roots
[199.940s][info][gc,task        ] GC(117) Using 3 of 6 workers for concurrent marking roots
[199.941s][info][gc             ] GC(117) Concurrent marking roots 0.378ms
[199.941s][info][gc,start       ] GC(117) Concurrent marking (unload classes)
[199.941s][info][gc,task        ] GC(117) Using 3 of 6 workers for concurrent marking
[199.941s][info][gc             ] GC(117) Concurrent marking (unload classes) 0.774ms
[199.941s][info][gc,start       ] GC(117) Pause Final Mark (unload classes)
[199.941s][info][gc,task        ] GC(117) Using 6 of 6 workers for final marking
[199.942s][info][gc,ergo        ] GC(117) Collectable Garbage: 207M (99%), Immediate: 207M (99%), CSet: 0B (0%)
[199.942s][info][gc             ] GC(117) Pause Final Mark (unload classes) 0.325ms
[199.942s][info][gc,start       ] GC(117) Concurrent weak references
[199.942s][info][gc,task        ] GC(117) Using 3 of 6 workers for concurrent weak references
[199.942s][info][gc,ref         ] GC(117) Encountered references: Soft: 45, Weak: 116, Final: 0, Phantom: 7
[199.942s][info][gc,ref         ] GC(117) Discovered  references: Soft: 0, Weak: 68, Final: 0, Phantom: 5
[199.942s][info][gc,ref         ] GC(117) Enqueued    references: Soft: 0, Weak: 0, Final: 0, Phantom: 0
[199.942s][info][gc             ] GC(117) Concurrent weak references 0.151ms
[199.942s][info][gc,start       ] GC(117) Concurrent weak roots
[199.942s][info][gc,task        ] GC(117) Using 3 of 6 workers for concurrent weak root
[199.942s][info][gc             ] GC(117) Concurrent weak roots 0.238ms
[199.942s][info][gc,start       ] GC(117) Concurrent cleanup
[199.942s][info][gc             ] GC(117) Concurrent cleanup 335M->127M(512M) 0.049ms
[199.942s][info][gc,ergo        ] GC(117) Free: 357M, Max: 256K regular, 181M humongous, Frag: 50% external, 0% internal; Reserve: 26368K, Max: 256K
[199.942s][info][gc,start       ] GC(117) Concurrent class unloading
[199.942s][info][gc,task        ] GC(117) Using 3 of 6 workers for concurrent class unloading
[199.943s][info][gc             ] GC(117) Concurrent class unloading 0.427ms
[199.943s][info][gc,start       ] GC(117) Pause Final Roots
[199.943s][info][gc             ] GC(117) Pause Final Roots 0.018ms
[199.943s][info][gc,ergo        ] Free: 357M, Max: 256K regular, 181M humongous, Frag: 50% external, 0% internal; Reserve: 26368K, Max: 256K
[199.943s][info][gc,stats       ] 
[199.943s][info][gc,stats       ] All times are wall-clock times, except per-root-class counters, that are sum over
[199.943s][info][gc,stats       ] all workers. Dividing the <total> over the root stage time estimates parallelism.
[199.943s][info][gc,stats       ] 
[199.943s][info][gc,stats       ] Concurrent Reset                    359 us
[199.943s][info][gc,stats       ] Pause Init Mark (G)                 222 us
[199.943s][info][gc,stats       ] Pause Init Mark (N)                 165 us
[199.943s][info][gc,stats       ]   Update Region States              100 us
[199.943s][info][gc,stats       ] Concurrent Mark Roots               397 us, parallelism: 1.03x
[199.943s][info][gc,stats       ]   CMR: <total>                      409 us
[199.943s][info][gc,stats       ]   CMR: Thread Roots                 378 us, workers (us): 259,  71,  47, ---, ---, ---, 
[199.943s][info][gc,stats       ]   CMR: VM Strong Roots                3 us, workers (us):   3,   0,   0, ---, ---, ---, 
[199.943s][info][gc,stats       ]   CMR: CLDG Roots                    28 us, workers (us):  28, ---, ---, ---, ---, ---, 
[199.943s][info][gc,stats       ] Concurrent Marking                  792 us
[199.943s][info][gc,stats       ] Pause Final Mark (G)                466 us
[199.943s][info][gc,stats       ] Pause Final Mark (N)                336 us
[199.943s][info][gc,stats       ]   Finish Mark                       155 us
[199.943s][info][gc,stats       ]   Update Region States               93 us
[199.943s][info][gc,stats       ]   Choose Collection Set              39 us
[199.943s][info][gc,stats       ]   Rebuild Free Set                    8 us
[199.943s][info][gc,stats       ] Concurrent Weak References          160 us, parallelism: 0.02x
[199.943s][info][gc,stats       ]   CWRF: <total>                       4 us
[199.943s][info][gc,stats       ]   CWRF: Weak References               4 us, workers (us):   4,   0,   0, ---, ---, ---, 
[199.943s][info][gc,stats       ] Concurrent Weak Roots               256 us
[199.943s][info][gc,stats       ]   Roots                             132 us, parallelism: 0.76x
[199.943s][info][gc,stats       ]     CWR: <total>                    101 us
[199.943s][info][gc,stats       ]     CWR: Code Cache Roots            51 us, workers (us):  15,   0,  35, ---, ---, ---, 
[199.943s][info][gc,stats       ]     CWR: VM Weak Roots               49 us, workers (us):  45,   3,   2, ---, ---, ---, 
[199.943s][info][gc,stats       ]     CWR: CLDG Roots                   1 us, workers (us): ---,   1, ---, ---, ---, ---, 
[199.943s][info][gc,stats       ]   Rendezvous                         89 us
[199.943s][info][gc,stats       ] Concurrent Cleanup                   59 us
[199.943s][info][gc,stats       ] Concurrent Class Unloading          447 us
[199.943s][info][gc,stats       ]   Unlink Stale                      187 us
[199.943s][info][gc,stats       ]     System Dictionary                 1 us
[199.943s][info][gc,stats       ]     Weak Class Links                  0 us
[199.943s][info][gc,stats       ]     Code Roots                      185 us
[199.943s][info][gc,stats       ]   Rendezvous                         89 us
[199.943s][info][gc,stats       ]   Purge Unlinked                     93 us
[199.943s][info][gc,stats       ]     Code Roots                       89 us
[199.943s][info][gc,stats       ]     CLDG                              4 us
[199.943s][info][gc,stats       ]     Exception Caches                  0 us
[199.943s][info][gc,stats       ] Pause Final Roots (G)               115 us
[199.943s][info][gc,stats       ] Pause Final Roots (N)                28 us
[199.943s][info][gc,stats       ] Pacing                            47507 us
[199.943s][info][gc,stats       ] 
[199.943s][info][gc,stats       ] Allocation pacing accrued:
[199.943s][info][gc,stats       ]      48 of  1466 ms (  3.2%): main
[199.943s][info][gc,stats       ]      48 of  1466 ms (  3.2%): <total>
[199.943s][info][gc,stats       ]       4 of  1466 ms (  0.2%): <average total>
[199.943s][info][gc,stats       ]      48 of  1466 ms (  3.2%): <average non-zero>
[199.943s][info][gc,stats       ] 
[199.943s][info][gc,metaspace   ] Metaspace: 1071K(1280K)->1071K(1280K) NonClass: 989K(1088K)->989K(1088K) Class: 81K(192K)->81K(192K)
[199.943s][info][gc,ergo        ] Pacer for Idle. Initial: 10485K, Alloc Tax Rate: 1.0x
[201.399s][info][gc             ] Trigger: Average GC time (4.05 ms) is above the time for average allocation rate (294 MB/s) to deplete free headroom (0B) (margin of error = 3.13)
[201.399s][info][gc,ergo        ] Free headroom: 162M (free) - 26214K (spike) - 158M (penalties) = 0B
[201.399s][info][gc,ergo        ] Free: 162M, Max: 256K regular, 82688K humongous, Frag: 51% external, 0% internal; Reserve: 26368K, Max: 256K
[201.399s][info][gc,start       ] GC(118) Concurrent reset
[201.399s][info][gc,task        ] GC(118) Using 3 of 6 workers for concurrent reset
[201.399s][info][gc,ergo        ] GC(118) Pacer for Reset. Non-Taxable: 512M
[201.400s][info][gc             ] GC(118) Concurrent reset 0.297ms
[201.400s][info][gc,start       ] GC(118) Pause Init Mark (unload classes)
[201.400s][info][gc,task        ] GC(118) Using 6 of 6 workers for init marking
[201.400s][info][gc,ergo        ] GC(118) Pacer for Mark. Expected Live: 142M, Free: 162M, Non-Taxable: 16666K, Alloc Tax Rate: 1.1x
[201.400s][info][gc             ] GC(118) Pause Init Mark (unload classes) 0.145ms
[201.400s][info][gc,start       ] GC(118) Concurrent marking roots
[201.400s][info][gc,task        ] GC(118) Using 3 of 6 workers for concurrent marking roots
[201.400s][info][gc             ] GC(118) Concurrent marking roots 0.324ms
[201.400s][info][gc,start       ] GC(118) Concurrent marking (unload classes)
[201.400s][info][gc,task        ] GC(118) Using 3 of 6 workers for concurrent marking
[201.401s][info][gc             ] GC(118) Concurrent marking (unload classes) 0.735ms
[201.401s][info][gc,start       ] GC(118) Pause Final Mark (unload classes)
[201.401s][info][gc,task        ] GC(118) Using 6 of 6 workers for final marking
[201.401s][info][gc,ergo        ] GC(118) Collectable Garbage: 198M (99%), Immediate: 198M (99%), CSet: 0B (0%)
[201.401s][info][gc             ] GC(118) Pause Final Mark (unload classes) 0.302ms
[201.401s][info][gc,start       ] GC(118) Concurrent weak references
[201.401s][info][gc,task        ] GC(118) Using 3 of 6 workers for concurrent weak references
[201.401s][info][gc,ref         ] GC(118) Encountered references: Soft: 45, Weak: 116, Final: 0, Phantom: 7
[201.401s][info][gc,ref         ] GC(118) Discovered  references: Soft: 0, Weak: 72, Final: 0, Phantom: 5
[201.401s][info][gc,ref         ] GC(118) Enqueued    references: Soft: 0, Weak: 0, Final: 0, Phantom: 0
[201.401s][info][gc             ] GC(118) Concurrent weak references 0.082ms
[201.401s][info][gc,start       ] GC(118) Concurrent weak roots
[201.401s][info][gc,task        ] GC(118) Using 3 of 6 workers for concurrent weak root
[201.402s][info][gc             ] GC(118) Concurrent weak roots 0.160ms
[201.402s][info][gc,start       ] GC(118) Concurrent cleanup
[201.402s][info][gc             ] GC(118) Concurrent cleanup 320M->121M(512M) 0.047ms
[201.402s][info][gc,ergo        ] GC(118) Free: 363M, Max: 256K regular, 207M humongous, Frag: 43% external, 0% internal; Reserve: 26368K, Max: 256K
[201.402s][info][gc,start       ] GC(118) Concurrent class unloading
[201.402s][info][gc,task        ] GC(118) Using 3 of 6 workers for concurrent class unloading
[201.402s][info][gc             ] GC(118) Concurrent class unloading 0.235ms
[201.402s][info][gc,start       ] GC(118) Pause Final Roots
[201.402s][info][gc             ] GC(118) Pause Final Roots 0.019ms
[201.402s][info][gc,ergo        ] Free: 363M, Max: 256K regular, 207M humongous, Frag: 43% external, 0% internal; Reserve: 26368K, Max: 256K
[201.402s][info][gc,stats       ] 
[201.402s][info][gc,stats       ] All times are wall-clock times, except per-root-class counters, that are sum over
[201.402s][info][gc,stats       ] all workers. Dividing the <total> over the root stage time estimates parallelism.
[201.402s][info][gc,stats       ] 
[201.402s][info][gc,stats       ] Concurrent Reset                    317 us
[201.402s][info][gc,stats       ] Pause Init Mark (G)                 253 us
[201.402s][info][gc,stats       ] Pause Init Mark (N)                 155 us
[201.402s][info][gc,stats       ]   Update Region States               94 us
[201.402s][info][gc,stats       ] Concurrent Mark Roots               342 us, parallelism: 0.94x
[201.402s][info][gc,stats       ]   CMR: <total>                      321 us
[201.402s][info][gc,stats       ]   CMR: Thread Roots                 288 us, workers (us):  72, 180,  36, ---, ---, ---, 
[201.402s][info][gc,stats       ]   CMR: VM Strong Roots                4 us, workers (us):   3,   0,   0, ---, ---, ---, 
[201.402s][info][gc,stats       ]   CMR: CLDG Roots                    29 us, workers (us):  29, ---, ---, ---, ---, ---, 
[201.402s][info][gc,stats       ] Concurrent Marking                  755 us
[201.402s][info][gc,stats       ] Pause Final Mark (G)                353 us
[201.402s][info][gc,stats       ] Pause Final Mark (N)                313 us
[201.402s][info][gc,stats       ]   Finish Mark                       176 us
[201.402s][info][gc,stats       ]   Update Region States               50 us
[201.402s][info][gc,stats       ]   Choose Collection Set              37 us
[201.402s][info][gc,stats       ]   Rebuild Free Set                    9 us
[201.402s][info][gc,stats       ] Concurrent Weak References           90 us, parallelism: 0.05x
[201.402s][info][gc,stats       ]   CWRF: <total>                       4 us
[201.402s][info][gc,stats       ]   CWRF: Weak References               4 us, workers (us):   4,   0,   0, ---, ---, ---, 
[201.402s][info][gc,stats       ] Concurrent Weak Roots               176 us
[201.402s][info][gc,stats       ]   Roots                              82 us, parallelism: 1.16x
[201.402s][info][gc,stats       ]     CWR: <total>                     96 us
[201.402s][info][gc,stats       ]     CWR: Code Cache Roots            53 us, workers (us):  37,  16,   0, ---, ---, ---, 
[201.402s][info][gc,stats       ]     CWR: VM Weak Roots               42 us, workers (us):  22,  20,   0, ---, ---, ---, 
[201.402s][info][gc,stats       ]     CWR: CLDG Roots                   1 us, workers (us): ---,   1, ---, ---, ---, ---, 
[201.402s][info][gc,stats       ]   Rendezvous                         61 us
[201.402s][info][gc,stats       ] Concurrent Cleanup                   57 us
[201.402s][info][gc,stats       ] Concurrent Class Unloading          249 us
[201.402s][info][gc,stats       ]   Unlink Stale                      166 us
[201.402s][info][gc,stats       ]     System Dictionary                 1 us
[201.402s][info][gc,stats       ]     Weak Class Links                  0 us
[201.402s][info][gc,stats       ]     Code Roots                      165 us
[201.402s][info][gc,stats       ]   Rendezvous                         23 us
[201.402s][info][gc,stats       ]   Purge Unlinked                     28 us
[201.402s][info][gc,stats       ]     Code Roots                       25 us
[201.402s][info][gc,stats       ]     CLDG                              3 us
[201.402s][info][gc,stats       ]     Exception Caches                  0 us
[201.402s][info][gc,stats       ] Pause Final Roots (G)                98 us
[201.402s][info][gc,stats       ] Pause Final Roots (N)                74 us
[201.402s][info][gc,stats       ] Pacing                            46534 us
[201.402s][info][gc,stats       ] 
[201.402s][info][gc,stats       ] Allocation pacing accrued:
[201.402s][info][gc,stats       ]      47 of  1459 ms (  3.2%): main
[201.402s][info][gc,stats       ]      47 of  1459 ms (  3.2%): <total>
[201.402s][info][gc,stats       ]       4 of  1459 ms (  0.2%): <average total>
[201.402s][info][gc,stats       ]      47 of  1459 ms (  3.2%): <average non-zero>
[201.402s][info][gc,stats       ] 
[201.402s][info][gc,metaspace   ] Metaspace: 1071K(1280K)->1071K(1280K) NonClass: 990K(1088K)->990K(1088K) Class: 81K(192K)->81K(192K)
[201.402s][info][gc,ergo        ] Pacer for Idle. Initial: 10485K, Alloc Tax Rate: 1.0x
[202.860s][info][gc             ] Trigger: Average GC time (3.76 ms) is above the time for average allocation rate (294 MB/s) to deplete free headroom (0B) (margin of error = 3.13)
[202.860s][info][gc,ergo        ] Free headroom: 138M (free) - 26214K (spike) - 153M (penalties) = 0B
[202.860s][info][gc,ergo        ] Free: 138M, Max: 256K regular, 107M humongous, Frag: 23% external, 0% internal; Reserve: 26368K, Max: 256K
[202.861s][info][gc,start       ] GC(119) Concurrent reset
[202.861s][info][gc,task        ] GC(119) Using 3 of 6 workers for concurrent reset
[202.861s][info][gc,ergo        ] GC(119) Pacer for Reset. Non-Taxable: 512M
[202.861s][info][gc             ] GC(119) Concurrent reset 0.386ms
[202.861s][info][gc,start       ] GC(119) Pause Init Mark (unload classes)
[202.861s][info][gc,task        ] GC(119) Using 6 of 6 workers for init marking
[202.861s][info][gc,ergo        ] GC(119) Pacer for Mark. Expected Live: 139M, Free: 138M, Non-Taxable: 14157K, Alloc Tax Rate: 1.2x
[202.861s][info][gc             ] GC(119) Pause Init Mark (unload classes) 0.129ms
[202.861s][info][gc,start       ] GC(119) Concurrent marking roots
[202.861s][info][gc,task        ] GC(119) Using 3 of 6 workers for concurrent marking roots
[202.861s][info][gc             ] GC(119) Concurrent marking roots 0.308ms
[202.861s][info][gc,start       ] GC(119) Concurrent marking (unload classes)
[202.861s][info][gc,task        ] GC(119) Using 3 of 6 workers for concurrent marking
[202.862s][info][gc             ] GC(119) Concurrent marking (unload classes) 0.742ms
[202.862s][info][gc,start       ] GC(119) Pause Final Mark (unload classes)
[202.862s][info][gc,task        ] GC(119) Using 6 of 6 workers for final marking
[202.863s][info][gc,ergo        ] GC(119) Collectable Garbage: 167M (99%), Immediate: 167M (99%), CSet: 0B (0%)
[202.863s][info][gc             ] GC(119) Pause Final Mark (unload classes) 0.338ms
[202.863s][info][gc,start       ] GC(119) Concurrent weak references
[202.863s][info][gc,task        ] GC(119) Using 3 of 6 workers for concurrent weak references
[202.863s][info][gc,ref         ] GC(119) Encountered references: Soft: 45, Weak: 116, Final: 0, Phantom: 7
[202.863s][info][gc,ref         ] GC(119) Discovered  references: Soft: 0, Weak: 72, Final: 0, Phantom: 5
[202.863s][info][gc,ref         ] GC(119) Enqueued    references: Soft: 0, Weak: 0, Final: 0, Phantom: 0
[202.863s][info][gc             ] GC(119) Concurrent weak references 0.132ms
[202.863s][info][gc,start       ] GC(119) Concurrent weak roots
[202.863s][info][gc,task        ] GC(119) Using 3 of 6 workers for concurrent weak root
[202.863s][info][gc             ] GC(119) Concurrent weak roots 0.163ms
[202.863s][info][gc,start       ] GC(119) Concurrent cleanup
[202.863s][info][gc             ] GC(119) Concurrent cleanup 344M->176M(512M) 0.042ms
[202.863s][info][gc,ergo        ] GC(119) Free: 308M, Max: 256K regular, 130M humongous, Frag: 58% external, 0% internal; Reserve: 26368K, Max: 256K
[202.863s][info][gc,start       ] GC(119) Concurrent class unloading
[202.863s][info][gc,task        ] GC(119) Using 3 of 6 workers for concurrent class unloading
[202.863s][info][gc             ] GC(119) Concurrent class unloading 0.250ms
[202.863s][info][gc,start       ] GC(119) Pause Final Roots
[202.863s][info][gc             ] GC(119) Pause Final Roots 0.019ms
[202.863s][info][gc,ergo        ] Free: 308M, Max: 256K regular, 130M humongous, Frag: 58% external, 0% internal; Reserve: 26368K, Max: 256K
[202.863s][info][gc,stats       ] 
[202.863s][info][gc,stats       ] All times are wall-clock times, except per-root-class counters, that are sum over
[202.863s][info][gc,stats       ] all workers. Dividing the <total> over the root stage time estimates parallelism.
[202.863s][info][gc,stats       ] 
[202.863s][info][gc,stats       ] Concurrent Reset                    406 us
[202.863s][info][gc,stats       ] Pause Init Mark (G)                 216 us
[202.864s][info][gc,stats       ] Pause Init Mark (N)                 143 us
[202.864s][info][gc,stats       ]   Update Region States               70 us
[202.864s][info][gc,stats       ] Concurrent Mark Roots               326 us, parallelism: 0.97x
[202.864s][info][gc,stats       ]   CMR: <total>                      316 us
[202.864s][info][gc,stats       ]   CMR: Thread Roots                 286 us, workers (us): 181,  69,  36, ---, ---, ---, 
[202.864s][info][gc,stats       ]   CMR: VM Strong Roots                3 us, workers (us):   3,   0,   0, ---, ---, ---, 
[202.864s][info][gc,stats       ]   CMR: CLDG Roots                    27 us, workers (us):  27, ---, ---, ---, ---, ---, 
[202.864s][info][gc,stats       ] Concurrent Marking                  763 us
[202.864s][info][gc,stats       ] Pause Final Mark (G)                489 us
[202.864s][info][gc,stats       ] Pause Final Mark (N)                348 us
[202.864s][info][gc,stats       ]   Finish Mark                       161 us
[202.864s][info][gc,stats       ]   Update Region States              106 us
[202.864s][info][gc,stats       ]   Choose Collection Set              32 us
[202.864s][info][gc,stats       ]   Rebuild Free Set                    8 us
[202.864s][info][gc,stats       ] Concurrent Weak References          140 us, parallelism: 0.03x
[202.864s][info][gc,stats       ]   CWRF: <total>                       4 us
[202.864s][info][gc,stats       ]   CWRF: Weak References               4 us, workers (us):   2,   0,   1, ---, ---, ---, 
[202.864s][info][gc,stats       ] Concurrent Weak Roots               180 us
[202.864s][info][gc,stats       ]   Roots                             119 us, parallelism: 0.86x
[202.864s][info][gc,stats       ]     CWR: <total>                    103 us
[202.864s][info][gc,stats       ]     CWR: Code Cache Roots            50 us, workers (us):   0,  35,  15, ---, ---, ---, 
[202.864s][info][gc,stats       ]     CWR: VM Weak Roots               52 us, workers (us):  21,  21,  10, ---, ---, ---, 
[202.864s][info][gc,stats       ]     CWR: CLDG Roots                   1 us, workers (us):   1, ---, ---, ---, ---, ---, 
[202.864s][info][gc,stats       ]   Rendezvous                         26 us
[202.864s][info][gc,stats       ] Concurrent Cleanup                   53 us
[202.864s][info][gc,stats       ] Concurrent Class Unloading          264 us
[202.864s][info][gc,stats       ]   Unlink Stale                      154 us
[202.864s][info][gc,stats       ]     System Dictionary                 1 us
[202.864s][info][gc,stats       ]     Weak Class Links                  0 us
[202.864s][info][gc,stats       ]     Code Roots                      152 us
[202.864s][info][gc,stats       ]   Rendezvous                         25 us
[202.864s][info][gc,stats       ]   Purge Unlinked                     54 us
[202.864s][info][gc,stats       ]     Code Roots                       51 us
[202.864s][info][gc,stats       ]     CLDG                              3 us
[202.864s][info][gc,stats       ]     Exception Caches                  0 us
[202.864s][info][gc,stats       ] Pause Final Roots (G)                51 us
[202.864s][info][gc,stats       ] Pause Final Roots (N)                29 us
[202.864s][info][gc,stats       ] Pacing                            47176 us
[202.864s][info][gc,stats       ] 
[202.864s][info][gc,stats       ] Allocation pacing accrued:
[202.864s][info][gc,stats       ]      47 of  1461 ms (  3.2%): main
[202.864s][info][gc,stats       ]      47 of  1461 ms (  3.2%): <total>
[202.864s][info][gc,stats       ]       4 of  1461 ms (  0.2%): <average total>
[202.864s][info][gc,stats       ]      47 of  1461 ms (  3.2%): <average non-zero>
[202.864s][info][gc,stats       ] 
[202.864s][info][gc,metaspace   ] Metaspace: 1071K(1280K)->1071K(1280K) NonClass: 990K(1088K)->990K(1088K) Class: 81K(192K)->81K(192K)
[202.864s][info][gc,ergo        ] Pacer for Idle. Initial: 10485K, Alloc Tax Rate: 1.0x
[204.321s][info][gc             ] Trigger: Average GC time (3.53 ms) is above the time for average allocation rate (294 MB/s) to deplete free headroom (0B) (margin of error = 3.15)
[204.321s][info][gc,ergo        ] Free headroom: 84747K (free) - 26214K (spike) - 148M (penalties) = 0B
[204.321s][info][gc,ergo        ] Free: 84747K, Max: 256K regular, 61440K humongous, Frag: 28% external, 0% internal; Reserve: 26368K, Max: 256K
[204.321s][info][gc,start       ] GC(120) Concurrent reset
[204.321s][info][gc,task        ] GC(120) Using 3 of 6 workers for concurrent reset
[204.321s][info][gc,ergo        ] GC(120) Pacer for Reset. Non-Taxable: 512M
[204.321s][info][gc             ] GC(120) Concurrent reset 0.332ms
[204.321s][info][gc,start       ] GC(120) Pause Init Mark (unload classes)
[204.321s][info][gc,task        ] GC(120) Using 6 of 6 workers for init marking
[204.321s][info][gc,ergo        ] GC(120) Pacer for Mark. Expected Live: 131M, Free: 84747K, Non-Taxable: 8474K, Alloc Tax Rate: 1.9x
[204.321s][info][gc             ] GC(120) Pause Init Mark (unload classes) 0.125ms
[204.321s][info][gc,start       ] GC(120) Concurrent marking roots
[204.321s][info][gc,task        ] GC(120) Using 3 of 6 workers for concurrent marking roots
[204.321s][info][gc             ] GC(120) Concurrent marking roots 0.316ms
[204.322s][info][gc,start       ] GC(120) Concurrent marking (unload classes)
[204.322s][info][gc,task        ] GC(120) Using 3 of 6 workers for concurrent marking
[204.322s][info][gc             ] GC(120) Concurrent marking (unload classes) 0.781ms
[204.322s][info][gc,start       ] GC(120) Pause Final Mark (unload classes)
[204.322s][info][gc,task        ] GC(120) Using 6 of 6 workers for final marking
[204.323s][info][gc,ergo        ] GC(120) Collectable Garbage: 217M (99%), Immediate: 217M (99%), CSet: 0B (0%)
[204.323s][info][gc             ] GC(120) Pause Final Mark (unload classes) 0.241ms
[204.323s][info][gc,start       ] GC(120) Concurrent weak references
[204.323s][info][gc,task        ] GC(120) Using 3 of 6 workers for concurrent weak references
[204.323s][info][gc,ref         ] GC(120) Encountered references: Soft: 45, Weak: 116, Final: 0, Phantom: 7
[204.323s][info][gc,ref         ] GC(120) Discovered  references: Soft: 0, Weak: 95, Final: 0, Phantom: 5
[204.323s][info][gc,ref         ] GC(120) Enqueued    references: Soft: 0, Weak: 0, Final: 0, Phantom: 0
[204.323s][info][gc             ] GC(120) Concurrent weak references 0.096ms
[204.323s][info][gc,start       ] GC(120) Concurrent weak roots
[204.323s][info][gc,task        ] GC(120) Using 3 of 6 workers for concurrent weak root
[204.323s][info][gc             ] GC(120) Concurrent weak roots 0.209ms
[204.323s][info][gc,start       ] GC(120) Concurrent cleanup
[204.323s][info][gc             ] GC(120) Concurrent cleanup 399M->182M(512M) 0.052ms
[204.323s][info][gc,ergo        ] GC(120) Free: 302M, Max: 256K regular, 230M humongous, Frag: 24% external, 0% internal; Reserve: 26368K, Max: 256K
[204.323s][info][gc,start       ] GC(120) Concurrent class unloading
[204.323s][info][gc,task        ] GC(120) Using 3 of 6 workers for concurrent class unloading
[204.323s][info][gc             ] GC(120) Concurrent class unloading 0.242ms
[204.323s][info][gc,start       ] GC(120) Pause Final Roots
[204.323s][info][gc             ] GC(120) Pause Final Roots 0.018ms
[204.323s][info][gc,ergo        ] Free: 302M, Max: 256K regular, 230M humongous, Frag: 24% external, 0% internal; Reserve: 26368K, Max: 256K
[204.323s][info][gc,stats       ] 
[204.323s][info][gc,stats       ] All times are wall-clock times, except per-root-class counters, that are sum over
[204.323s][info][gc,stats       ] all workers. Dividing the <total> over the root stage time estimates parallelism.
[204.323s][info][gc,stats       ] 
[204.323s][info][gc,stats       ] Concurrent Reset                    362 us
[204.323s][info][gc,stats       ] Pause Init Mark (G)                 195 us
[204.323s][info][gc,stats       ] Pause Init Mark (N)                 135 us
[204.324s][info][gc,stats       ]   Update Region States               72 us
[204.324s][info][gc,stats       ] Concurrent Mark Roots               333 us, parallelism: 1.02x
[204.324s][info][gc,stats       ]   CMR: <total>                      339 us
[204.324s][info][gc,stats       ]   CMR: Thread Roots                 305 us, workers (us):  72, 198,  34, ---, ---, ---, 
[204.324s][info][gc,stats       ]   CMR: VM Strong Roots                5 us, workers (us):   1,   2,   1, ---, ---, ---, 
[204.324s][info][gc,stats       ]   CMR: CLDG Roots                    30 us, workers (us): ---, ---,  30, ---, ---, ---, 
[204.324s][info][gc,stats       ] Concurrent Marking                  801 us
[204.324s][info][gc,stats       ] Pause Final Mark (G)                299 us
[204.324s][info][gc,stats       ] Pause Final Mark (N)                252 us
[204.324s][info][gc,stats       ]   Finish Mark                        76 us
[204.324s][info][gc,stats       ]   Update Region States               89 us
[204.324s][info][gc,stats       ]   Choose Collection Set              40 us
[204.324s][info][gc,stats       ]   Rebuild Free Set                    9 us
[204.324s][info][gc,stats       ] Concurrent Weak References          108 us, parallelism: 0.04x
[204.324s][info][gc,stats       ]   CWRF: <total>                       5 us
[204.324s][info][gc,stats       ]   CWRF: Weak References               5 us, workers (us):   1,   3,   0, ---, ---, ---, 
[204.324s][info][gc,stats       ] Concurrent Weak Roots               227 us
[204.324s][info][gc,stats       ]   Roots                             118 us, parallelism: 0.90x
[204.324s][info][gc,stats       ]     CWR: <total>                    106 us
[204.324s][info][gc,stats       ]     CWR: Code Cache Roots            51 us, workers (us):  15,  36,   0, ---, ---, ---, 
[204.324s][info][gc,stats       ]     CWR: VM Weak Roots               53 us, workers (us):  27,  26,   0, ---, ---, ---, 
[204.324s][info][gc,stats       ]     CWR: CLDG Roots                   1 us, workers (us):   1, ---, ---, ---, ---, ---, 
[204.324s][info][gc,stats       ]   Rendezvous                         69 us
[204.324s][info][gc,stats       ] Concurrent Cleanup                   62 us
[204.324s][info][gc,stats       ] Concurrent Class Unloading          261 us
[204.324s][info][gc,stats       ]   Unlink Stale                      170 us
[204.324s][info][gc,stats       ]     System Dictionary                 1 us
[204.324s][info][gc,stats       ]     Weak Class Links                  0 us
[204.324s][info][gc,stats       ]     Code Roots                      169 us
[204.324s][info][gc,stats       ]   Rendezvous                         26 us
[204.324s][info][gc,stats       ]   Purge Unlinked                     28 us
[204.324s][info][gc,stats       ]     Code Roots                       25 us
[204.324s][info][gc,stats       ]     CLDG                              3 us
[204.324s][info][gc,stats       ]     Exception Caches                  0 us
[204.324s][info][gc,stats       ] Pause Final Roots (G)               115 us
[204.324s][info][gc,stats       ] Pause Final Roots (N)                27 us
[204.324s][info][gc,stats       ] Pacing                            46048 us
[204.324s][info][gc,stats       ] 
[204.324s][info][gc,stats       ] Allocation pacing accrued:
[204.324s][info][gc,stats       ]      46 of  1460 ms (  3.2%): main
[204.324s][info][gc,stats       ]      46 of  1460 ms (  3.2%): <total>
[204.324s][info][gc,stats       ]       4 of  1460 ms (  0.2%): <average total>
[204.324s][info][gc,stats       ]      46 of  1460 ms (  3.2%): <average non-zero>
[204.324s][info][gc,stats       ] 
[204.324s][info][gc,metaspace   ] Metaspace: 1071K(1280K)->1071K(1280K) NonClass: 990K(1088K)->990K(1088K) Class: 81K(192K)->81K(192K)
[204.324s][info][gc,ergo        ] Pacer for Idle. Initial: 10485K, Alloc Tax Rate: 1.0x
[205.787s][info][gc             ] Trigger: Average GC time (3.32 ms) is above the time for average allocation rate (295 MB/s) to deplete free headroom (0B) (margin of error = 3.16)
[205.787s][info][gc,ergo        ] Free headroom: 97803K (free) - 26214K (spike) - 143M (penalties) = 0B
[205.787s][info][gc,ergo        ] Free: 97803K, Max: 256K regular, 82176K humongous, Frag: 16% external, 0% internal; Reserve: 26368K, Max: 256K
[205.787s][info][gc,start       ] GC(121) Concurrent reset
[205.787s][info][gc,task        ] GC(121) Using 3 of 6 workers for concurrent reset
[205.787s][info][gc,ergo        ] GC(121) Pacer for Reset. Non-Taxable: 512M
[205.788s][info][gc             ] GC(121) Concurrent reset 0.354ms
[205.788s][info][gc,start       ] GC(121) Pause Init Mark (unload classes)
[205.788s][info][gc,task        ] GC(121) Using 6 of 6 workers for init marking
[205.788s][info][gc,ergo        ] GC(121) Pacer for Mark. Expected Live: 143M, Free: 97803K, Non-Taxable: 9780K, Alloc Tax Rate: 1.8x
[205.788s][info][gc             ] GC(121) Pause Init Mark (unload classes) 0.173ms
[205.788s][info][gc,start       ] GC(121) Concurrent marking roots
[205.788s][info][gc,task        ] GC(121) Using 3 of 6 workers for concurrent marking roots
[205.789s][info][gc             ] GC(121) Concurrent marking roots 0.377ms
[205.789s][info][gc,start       ] GC(121) Concurrent marking (unload classes)
[205.789s][info][gc,task        ] GC(121) Using 3 of 6 workers for concurrent marking
[205.790s][info][gc             ] GC(121) Concurrent marking (unload classes) 1.064ms
[205.790s][info][gc,start       ] GC(121) Pause Final Mark (unload classes)
[205.790s][info][gc,task        ] GC(121) Using 6 of 6 workers for final marking
[205.790s][info][gc,ergo        ] GC(121) Collectable Garbage: 280M (99%), Immediate: 280M (99%), CSet: 0B (0%)
[205.790s][info][gc             ] GC(121) Pause Final Mark (unload classes) 0.280ms
[205.790s][info][gc,start       ] GC(121) Concurrent weak references
[205.790s][info][gc,task        ] GC(121) Using 3 of 6 workers for concurrent weak references
[205.790s][info][gc,ref         ] GC(121) Encountered references: Soft: 45, Weak: 116, Final: 0, Phantom: 7
[205.790s][info][gc,ref         ] GC(121) Discovered  references: Soft: 0, Weak: 72, Final: 0, Phantom: 5
[205.790s][info][gc,ref         ] GC(121) Enqueued    references: Soft: 0, Weak: 0, Final: 0, Phantom: 0
[205.790s][info][gc             ] GC(121) Concurrent weak references 0.182ms
[205.790s][info][gc,start       ] GC(121) Concurrent weak roots
[205.790s][info][gc,task        ] GC(121) Using 3 of 6 workers for concurrent weak root
[205.791s][info][gc             ] GC(121) Concurrent weak roots 0.327ms
[205.791s][info][gc,start       ] GC(121) Concurrent cleanup
[205.791s][info][gc             ] GC(121) Concurrent cleanup 387M->106M(512M) 0.057ms
[205.791s][info][gc,ergo        ] GC(121) Free: 378M, Max: 256K regular, 187M humongous, Frag: 51% external, 0% internal; Reserve: 26368K, Max: 256K
[205.791s][info][gc,start       ] GC(121) Concurrent class unloading
[205.791s][info][gc,task        ] GC(121) Using 3 of 6 workers for concurrent class unloading
[205.791s][info][gc             ] GC(121) Concurrent class unloading 0.415ms
[205.791s][info][gc,start       ] GC(121) Pause Final Roots
[205.791s][info][gc             ] GC(121) Pause Final Roots 0.016ms
[205.791s][info][gc,ergo        ] Free: 378M, Max: 256K regular, 187M humongous, Frag: 51% external, 0% internal; Reserve: 26368K, Max: 256K
[205.791s][info][gc,stats       ] 
[205.791s][info][gc,stats       ] All times are wall-clock times, except per-root-class counters, that are sum over
[205.791s][info][gc,stats       ] all workers. Dividing the <total> over the root stage time estimates parallelism.
[205.791s][info][gc,stats       ] 
[205.791s][info][gc,stats       ] Concurrent Reset                    374 us
[205.791s][info][gc,stats       ] Pause Init Mark (G)                 303 us
[205.791s][info][gc,stats       ] Pause Init Mark (N)                 182 us
[205.791s][info][gc,stats       ]   Update Region States              123 us
[205.791s][info][gc,stats       ] Concurrent Mark Roots               395 us, parallelism: 1.21x
[205.791s][info][gc,stats       ]   CMR: <total>                      477 us
[205.791s][info][gc,stats       ]   CMR: Thread Roots                 401 us, workers (us):  55,  97, 249, ---, ---, ---, 
[205.791s][info][gc,stats       ]   CMR: VM Strong Roots                5 us, workers (us):   4,   0,   0, ---, ---, ---, 
[205.791s][info][gc,stats       ]   CMR: CLDG Roots                    71 us, workers (us):  71, ---, ---, ---, ---, ---, 
[205.791s][info][gc,stats       ] Concurrent Marking                 1081 us
[205.791s][info][gc,stats       ] Pause Final Mark (G)                391 us
[205.791s][info][gc,stats       ] Pause Final Mark (N)                290 us
[205.791s][info][gc,stats       ]   Finish Mark                        81 us
[205.791s][info][gc,stats       ]   Update Region States              123 us
[205.791s][info][gc,stats       ]   Choose Collection Set              38 us
[205.791s][info][gc,stats       ]   Rebuild Free Set                    8 us
[205.791s][info][gc,stats       ] Concurrent Weak References          190 us, parallelism: 0.02x
[205.791s][info][gc,stats       ]   CWRF: <total>                       3 us
[205.791s][info][gc,stats       ]   CWRF: Weak References               3 us, workers (us):   2,   1,   0, ---, ---, ---, 
[205.791s][info][gc,stats       ] Concurrent Weak Roots               344 us
[205.791s][info][gc,stats       ]   Roots                             211 us, parallelism: 0.91x
[205.791s][info][gc,stats       ]     CWR: <total>                    191 us
[205.791s][info][gc,stats       ]     CWR: Code Cache Roots            53 us, workers (us):  36,  17,   0, ---, ---, ---, 
[205.791s][info][gc,stats       ]     CWR: VM Weak Roots              138 us, workers (us):  82,  28,  27, ---, ---, ---, 
[205.791s][info][gc,stats       ]     CWR: CLDG Roots                   1 us, workers (us): ---, ---,   1, ---, ---, ---, 
[205.791s][info][gc,stats       ]   Rendezvous                         99 us
[205.791s][info][gc,stats       ] Concurrent Cleanup                   67 us
[205.791s][info][gc,stats       ] Concurrent Class Unloading          432 us
[205.791s][info][gc,stats       ]   Unlink Stale                      223 us
[205.791s][info][gc,stats       ]     System Dictionary                 1 us
[205.791s][info][gc,stats       ]     Weak Class Links                  0 us
[205.791s][info][gc,stats       ]     Code Roots                      221 us
[205.791s][info][gc,stats       ]   Rendezvous                         62 us
[205.791s][info][gc,stats       ]   Purge Unlinked                    113 us
[205.791s][info][gc,stats       ]     Code Roots                      108 us
[205.791s][info][gc,stats       ]     CLDG                              4 us
[205.791s][info][gc,stats       ]     Exception Caches                  0 us
[205.791s][info][gc,stats       ] Pause Final Roots (G)                51 us
[205.791s][info][gc,stats       ] Pause Final Roots (N)                24 us
[205.791s][info][gc,stats       ] Pacing                            47374 us
[205.792s][info][gc,stats       ] 
[205.792s][info][gc,stats       ] Allocation pacing accrued:
[205.792s][info][gc,stats       ]      47 of  1468 ms (  3.2%): main
[205.792s][info][gc,stats       ]      47 of  1468 ms (  3.2%): <total>
[205.792s][info][gc,stats       ]       4 of  1468 ms (  0.2%): <average total>
[205.792s][info][gc,stats       ]      47 of  1468 ms (  3.2%): <average non-zero>
[205.792s][info][gc,stats       ] 
[205.792s][info][gc,metaspace   ] Metaspace: 1071K(1280K)->1071K(1280K) NonClass: 990K(1088K)->990K(1088K) Class: 81K(192K)->81K(192K)
[205.792s][info][gc,ergo        ] Pacer for Idle. Initial: 10485K, Alloc Tax Rate: 1.0x
[207.252s][info][gc             ] Trigger: Average GC time (4.58 ms) is above the time for average allocation rate (297 MB/s) to deplete free headroom (0B) (margin of error = 3.16)
[207.252s][info][gc,ergo        ] Free headroom: 153M (free) - 26214K (spike) - 138M (penalties) = 0B
[207.252s][info][gc,ergo        ] Free: 153M, Max: 256K regular, 89600K humongous, Frag: 43% external, 0% internal; Reserve: 26368K, Max: 256K
[207.252s][info][gc,start       ] GC(122) Concurrent reset
[207.252s][info][gc,task        ] GC(122) Using 3 of 6 workers for concurrent reset
[207.252s][info][gc,ergo        ] GC(122) Pacer for Reset. Non-Taxable: 512M
[207.252s][info][gc             ] GC(122) Concurrent reset 0.226ms
[207.252s][info][gc,start       ] GC(122) Pause Init Mark (unload classes)
[207.252s][info][gc,task        ] GC(122) Using 6 of 6 workers for init marking
[207.252s][info][gc,ergo        ] GC(122) Pacer for Mark. Expected Live: 142M, Free: 153M, Non-Taxable: 15693K, Alloc Tax Rate: 1.1x
[207.253s][info][gc             ] GC(122) Pause Init Mark (unload classes) 0.074ms
[207.253s][info][gc,start       ] GC(122) Concurrent marking roots
[207.253s][info][gc,task        ] GC(122) Using 3 of 6 workers for concurrent marking roots
[207.253s][info][gc             ] GC(122) Concurrent marking roots 0.253ms
[207.253s][info][gc,start       ] GC(122) Concurrent marking (unload classes)
[207.253s][info][gc,task        ] GC(122) Using 3 of 6 workers for concurrent marking
[207.253s][info][gc             ] GC(122) Concurrent marking (unload classes) 0.653ms
[207.253s][info][gc,start       ] GC(122) Pause Final Mark (unload classes)
[207.254s][info][gc,task        ] GC(122) Using 6 of 6 workers for final marking
[207.254s][info][gc,ergo        ] GC(122) Collectable Garbage: 216M (99%), Immediate: 216M (99%), CSet: 0B (0%)
[207.254s][info][gc             ] GC(122) Pause Final Mark (unload classes) 0.143ms
[207.254s][info][gc,start       ] GC(122) Concurrent weak references
[207.254s][info][gc,task        ] GC(122) Using 3 of 6 workers for concurrent weak references
[207.254s][info][gc,ref         ] GC(122) Encountered references: Soft: 45, Weak: 116, Final: 0, Phantom: 7
[207.254s][info][gc,ref         ] GC(122) Discovered  references: Soft: 0, Weak: 84, Final: 0, Phantom: 5
[207.254s][info][gc,ref         ] GC(122) Enqueued    references: Soft: 0, Weak: 0, Final: 0, Phantom: 0
[207.254s][info][gc             ] GC(122) Concurrent weak references 0.082ms
[207.254s][info][gc,start       ] GC(122) Concurrent weak roots
[207.254s][info][gc,task        ] GC(122) Using 3 of 6 workers for concurrent weak root
[207.254s][info][gc             ] GC(122) Concurrent weak roots 0.110ms
[207.254s][info][gc,start       ] GC(122) Concurrent cleanup
[207.254s][info][gc             ] GC(122) Concurrent cleanup 329M->112M(512M) 0.050ms
[207.254s][info][gc,ergo        ] GC(122) Free: 372M, Max: 256K regular, 253M humongous, Frag: 32% external, 0% internal; Reserve: 26368K, Max: 256K
[207.254s][info][gc,start       ] GC(122) Concurrent class unloading
[207.254s][info][gc,task        ] GC(122) Using 3 of 6 workers for concurrent class unloading
[207.254s][info][gc             ] GC(122) Concurrent class unloading 0.217ms
[207.254s][info][gc,start       ] GC(122) Pause Final Roots
[207.254s][info][gc             ] GC(122) Pause Final Roots 0.016ms
[207.254s][info][gc,ergo        ] Free: 372M, Max: 256K regular, 253M humongous, Frag: 32% external, 0% internal; Reserve: 26368K, Max: 256K
[207.254s][info][gc,stats       ] 
[207.254s][info][gc,stats       ] All times are wall-clock times, except per-root-class counters, that are sum over
[207.254s][info][gc,stats       ] all workers. Dividing the <total> over the root stage time estimates parallelism.
[207.254s][info][gc,stats       ] 
[207.254s][info][gc,stats       ] Concurrent Reset                    248 us
[207.254s][info][gc,stats       ] Pause Init Mark (G)                 116 us
[207.254s][info][gc,stats       ] Pause Init Mark (N)                  83 us
[207.254s][info][gc,stats       ]   Update Region States               26 us
[207.254s][info][gc,stats       ] Concurrent Mark Roots               268 us, parallelism: 1.44x
[207.254s][info][gc,stats       ]   CMR: <total>                      387 us
[207.254s][info][gc,stats       ]   CMR: Thread Roots                 349 us, workers (us):  89, 203,  58, ---, ---, ---, 
[207.254s][info][gc,stats       ]   CMR: VM Strong Roots                5 us, workers (us):   3,   2,   0, ---, ---, ---, 
[207.254s][info][gc,stats       ]   CMR: CLDG Roots                    33 us, workers (us): ---, ---,  33, ---, ---, ---, 
[207.254s][info][gc,stats       ] Concurrent Marking                  673 us
[207.254s][info][gc,stats       ] Pause Final Mark (G)                187 us
[207.254s][info][gc,stats       ] Pause Final Mark (N)                154 us
[207.254s][info][gc,stats       ]   Finish Mark                        29 us
[207.254s][info][gc,stats       ]   Update Region States               30 us
[207.254s][info][gc,stats       ]   Choose Collection Set              48 us
[207.254s][info][gc,stats       ]   Rebuild Free Set                    8 us
[207.254s][info][gc,stats       ] Concurrent Weak References           91 us, parallelism: 0.05x
[207.254s][info][gc,stats       ]   CWRF: <total>                       4 us
[207.254s][info][gc,stats       ]   CWRF: Weak References               4 us, workers (us):   4,   0,   0, ---, ---, ---, 
[207.254s][info][gc,stats       ] Concurrent Weak Roots               125 us
[207.254s][info][gc,stats       ]   Roots                              69 us, parallelism: 1.45x
[207.254s][info][gc,stats       ]     CWR: <total>                    101 us
[207.254s][info][gc,stats       ]     CWR: Code Cache Roots            58 us, workers (us):   0,  25,  33, ---, ---, ---, 
[207.254s][info][gc,stats       ]     CWR: VM Weak Roots               42 us, workers (us):  14,  14,  14, ---, ---, ---, 
[207.254s][info][gc,stats       ]     CWR: CLDG Roots                   1 us, workers (us):   1, ---, ---, ---, ---, ---, 
[207.254s][info][gc,stats       ]   Rendezvous                         24 us
[207.255s][info][gc,stats       ] Concurrent Cleanup                   60 us
[207.255s][info][gc,stats       ] Concurrent Class Unloading          230 us
[207.255s][info][gc,stats       ]   Unlink Stale                      154 us
[207.255s][info][gc,stats       ]     System Dictionary                 1 us
[207.255s][info][gc,stats       ]     Weak Class Links                  0 us
[207.255s][info][gc,stats       ]     Code Roots                      152 us
[207.255s][info][gc,stats       ]   Rendezvous                         22 us
[207.255s][info][gc,stats       ]   Purge Unlinked                     23 us
[207.255s][info][gc,stats       ]     Code Roots                       21 us
[207.255s][info][gc,stats       ]     CLDG                              2 us
[207.255s][info][gc,stats       ]     Exception Caches                  0 us
[207.255s][info][gc,stats       ] Pause Final Roots (G)                47 us
[207.255s][info][gc,stats       ] Pause Final Roots (N)                24 us
[207.255s][info][gc,stats       ] Pacing                            47356 us
[207.255s][info][gc,stats       ] 
[207.255s][info][gc,stats       ] Allocation pacing accrued:
[207.255s][info][gc,stats       ]      47 of  1463 ms (  3.2%): main
[207.255s][info][gc,stats       ]      47 of  1463 ms (  3.2%): <total>
[207.255s][info][gc,stats       ]       4 of  1463 ms (  0.2%): <average total>
[207.255s][info][gc,stats       ]      47 of  1463 ms (  3.2%): <average non-zero>
[207.255s][info][gc,stats       ] 
[207.255s][info][gc,metaspace   ] Metaspace: 1071K(1280K)->1071K(1280K) NonClass: 990K(1088K)->990K(1088K) Class: 81K(192K)->81K(192K)
[207.255s][info][gc,ergo        ] Pacer for Idle. Initial: 10485K, Alloc Tax Rate: 1.0x
[210.134s][info][gc             ] Trigger: Average GC time (4.75 ms) is above the time for average allocation rate (292 MB/s) to deplete free headroom (0B) (margin of error = 3.16)
[210.134s][info][gc,ergo        ] Free headroom: 103M (free) - 26214K (spike) - 133M (penalties) = 0B
[210.134s][info][gc,ergo        ] Free: 103M, Max: 256K regular, 89600K humongous, Frag: 16% external, 0% internal; Reserve: 26368K, Max: 256K
[210.134s][info][gc,start       ] GC(123) Concurrent reset
[210.134s][info][gc,task        ] GC(123) Using 3 of 6 workers for concurrent reset
[210.134s][info][gc,ergo        ] GC(123) Pacer for Reset. Non-Taxable: 512M
[210.134s][info][gc             ] GC(123) Concurrent reset 0.261ms
[210.134s][info][gc,start       ] GC(123) Pause Init Mark (unload classes)
[210.134s][info][gc,task        ] GC(123) Using 6 of 6 workers for init marking
[210.134s][info][gc,ergo        ] GC(123) Pacer for Mark. Expected Live: 139M, Free: 103M, Non-Taxable: 10625K, Alloc Tax Rate: 1.6x
[210.134s][info][gc             ] GC(123) Pause Init Mark (unload classes) 0.214ms
[210.134s][info][gc,start       ] GC(123) Concurrent marking roots
[210.134s][info][gc,task        ] GC(123) Using 3 of 6 workers for concurrent marking roots
[210.135s][info][gc             ] GC(123) Concurrent marking roots 0.386ms
[210.135s][info][gc,start       ] GC(123) Concurrent marking (unload classes)
[210.135s][info][gc,task        ] GC(123) Using 3 of 6 workers for concurrent marking
[210.135s][info][gc             ] GC(123) Concurrent marking (unload classes) 0.759ms
[210.135s][info][gc,start       ] GC(123) Pause Final Mark (unload classes)
[210.135s][info][gc,task        ] GC(123) Using 6 of 6 workers for final marking
[210.136s][info][gc,ergo        ] GC(123) Collectable Garbage: 259M (99%), Immediate: 259M (99%), CSet: 0B (0%)
[210.136s][info][gc             ] GC(123) Pause Final Mark (unload classes) 0.339ms
[210.136s][info][gc,start       ] GC(123) Concurrent weak references
[210.136s][info][gc,task        ] GC(123) Using 3 of 6 workers for concurrent weak references
[210.136s][info][gc,ref         ] GC(123) Encountered references: Soft: 45, Weak: 116, Final: 0, Phantom: 7
[210.136s][info][gc,ref         ] GC(123) Discovered  references: Soft: 0, Weak: 72, Final: 0, Phantom: 5
[210.136s][info][gc,ref         ] GC(123) Enqueued    references: Soft: 0, Weak: 0, Final: 0, Phantom: 0
[210.136s][info][gc             ] GC(123) Concurrent weak references 0.158ms
[210.136s][info][gc,start       ] GC(123) Concurrent weak roots
[210.136s][info][gc,task        ] GC(123) Using 3 of 6 workers for concurrent weak root
[210.136s][info][gc             ] GC(123) Concurrent weak roots 0.230ms
[210.136s][info][gc,start       ] GC(123) Concurrent cleanup
[210.136s][info][gc             ] GC(123) Concurrent cleanup 376M->116M(512M) 0.056ms
[210.136s][info][gc,ergo        ] GC(123) Free: 368M, Max: 256K regular, 203M humongous, Frag: 45% external, 0% internal; Reserve: 26368K, Max: 256K
[210.136s][info][gc,start       ] GC(123) Concurrent class unloading
[210.136s][info][gc,task        ] GC(123) Using 3 of 6 workers for concurrent class unloading
[210.137s][info][gc             ] GC(123) Concurrent class unloading 0.411ms
[210.137s][info][gc,start       ] GC(123) Pause Final Roots
[210.137s][info][gc             ] GC(123) Pause Final Roots 0.019ms
[210.137s][info][gc,ergo        ] Free: 368M, Max: 256K regular, 203M humongous, Frag: 45% external, 0% internal; Reserve: 26368K, Max: 256K
[210.137s][info][gc,stats       ] 
[210.137s][info][gc,stats       ] All times are wall-clock times, except per-root-class counters, that are sum over
[210.137s][info][gc,stats       ] all workers. Dividing the <total> over the root stage time estimates parallelism.
[210.137s][info][gc,stats       ] 
[210.137s][info][gc,stats       ] Concurrent Reset                    282 us
[210.137s][info][gc,stats       ] Pause Init Mark (G)                 330 us
[210.137s][info][gc,stats       ] Pause Init Mark (N)                 223 us
[210.137s][info][gc,stats       ]   Update Region States              161 us
[210.137s][info][gc,stats       ] Concurrent Mark Roots               405 us, parallelism: 0.84x
[210.137s][info][gc,stats       ]   CMR: <total>                      340 us
[210.137s][info][gc,stats       ]   CMR: Thread Roots                 306 us, workers (us):  35,  75, 196, ---, ---, ---, 
[210.137s][info][gc,stats       ]   CMR: VM Strong Roots                4 us, workers (us):   3,   1,   0, ---, ---, ---, 
[210.137s][info][gc,stats       ]   CMR: CLDG Roots                    30 us, workers (us):  30, ---, ---, ---, ---, ---, 
[210.137s][info][gc,stats       ] Concurrent Marking                  779 us
[210.137s][info][gc,stats       ] Pause Final Mark (G)                489 us
[210.137s][info][gc,stats       ] Pause Final Mark (N)                349 us
[210.137s][info][gc,stats       ]   Finish Mark                       140 us
[210.137s][info][gc,stats       ]   Update Region States              113 us
[210.137s][info][gc,stats       ]   Choose Collection Set              40 us
[210.137s][info][gc,stats       ]   Rebuild Free Set                    8 us
[210.137s][info][gc,stats       ] Concurrent Weak References          167 us, parallelism: 0.03x
[210.137s][info][gc,stats       ]   CWRF: <total>                       4 us
[210.137s][info][gc,stats       ]   CWRF: Weak References               4 us, workers (us):   3,   1,   0, ---, ---, ---, 
[210.137s][info][gc,stats       ] Concurrent Weak Roots               248 us
[210.137s][info][gc,stats       ]   Roots                             153 us, parallelism: 0.75x
[210.137s][info][gc,stats       ]     CWR: <total>                    115 us
[210.137s][info][gc,stats       ]     CWR: Code Cache Roots            63 us, workers (us):   0,  40,  23, ---, ---, ---, 
[210.137s][info][gc,stats       ]     CWR: VM Weak Roots               51 us, workers (us):  17,  17,  17, ---, ---, ---, 
[210.137s][info][gc,stats       ]     CWR: CLDG Roots                   1 us, workers (us):   1, ---, ---, ---, ---, ---, 
[210.137s][info][gc,stats       ]   Rendezvous                         60 us
[210.137s][info][gc,stats       ] Concurrent Cleanup                   66 us
[210.137s][info][gc,stats       ] Concurrent Class Unloading          429 us
[210.137s][info][gc,stats       ]   Unlink Stale                      190 us
[210.137s][info][gc,stats       ]     System Dictionary                 1 us
[210.137s][info][gc,stats       ]     Weak Class Links                  0 us
[210.137s][info][gc,stats       ]     Code Roots                      188 us
[210.137s][info][gc,stats       ]   Rendezvous                         91 us
[210.137s][info][gc,stats       ]   Purge Unlinked                    106 us
[210.137s][info][gc,stats       ]     Code Roots                      102 us
[210.137s][info][gc,stats       ]     CLDG                              4 us
[210.137s][info][gc,stats       ]     Exception Caches                  0 us
[210.137s][info][gc,stats       ] Pause Final Roots (G)               114 us
[210.137s][info][gc,stats       ] Pause Final Roots (N)                28 us
[210.137s][info][gc,stats       ] Pacing                            46009 us
[210.137s][info][gc,stats       ] 
[210.137s][info][gc,stats       ] Allocation pacing accrued:
[210.137s][info][gc,stats       ]      46 of  2883 ms (  1.6%): main
[210.137s][info][gc,stats       ]      46 of  2883 ms (  1.6%): <total>
[210.137s][info][gc,stats       ]       4 of  2883 ms (  0.1%): <average total>
[210.137s][info][gc,stats       ]      46 of  2883 ms (  1.6%): <average non-zero>
[210.137s][info][gc,stats       ] 
[210.137s][info][gc,metaspace   ] Metaspace: 1071K(1280K)->1071K(1280K) NonClass: 990K(1088K)->990K(1088K) Class: 81K(192K)->81K(192K)
[210.137s][info][gc,ergo        ] Pacer for Idle. Initial: 10485K, Alloc Tax Rate: 1.0x
[211.596s][info][gc             ] Trigger: Average GC time (4.82 ms) is above the time for average allocation rate (296 MB/s) to deplete free headroom (0B) (margin of error = 3.16)
[211.596s][info][gc,ergo        ] Free headroom: 143M (free) - 26214K (spike) - 127M (penalties) = 0B
[211.596s][info][gc,ergo        ] Free: 143M, Max: 256K regular, 103M humongous, Frag: 28% external, 0% internal; Reserve: 26368K, Max: 256K
[211.596s][info][gc,start       ] GC(124) Concurrent reset
[211.596s][info][gc,task        ] GC(124) Using 3 of 6 workers for concurrent reset
[211.596s][info][gc,ergo        ] GC(124) Pacer for Reset. Non-Taxable: 512M
[211.596s][info][gc             ] GC(124) Concurrent reset 0.207ms
[211.596s][info][gc,start       ] GC(124) Pause Init Mark (unload classes)
[211.596s][info][gc,task        ] GC(124) Using 6 of 6 workers for init marking
[211.596s][info][gc,ergo        ] GC(124) Pacer for Mark. Expected Live: 138M, Free: 143M, Non-Taxable: 14644K, Alloc Tax Rate: 1.2x
[211.596s][info][gc             ] GC(124) Pause Init Mark (unload classes) 0.077ms
[211.596s][info][gc,start       ] GC(124) Concurrent marking roots
[211.596s][info][gc,task        ] GC(124) Using 3 of 6 workers for concurrent marking roots
[211.596s][info][gc             ] GC(124) Concurrent marking roots 0.284ms
[211.596s][info][gc,start       ] GC(124) Concurrent marking (unload classes)
[211.596s][info][gc,task        ] GC(124) Using 3 of 6 workers for concurrent marking
[211.597s][info][gc             ] GC(124) Concurrent marking (unload classes) 0.703ms
[211.597s][info][gc,start       ] GC(124) Pause Final Mark (unload classes)
[211.597s][info][gc,task        ] GC(124) Using 6 of 6 workers for final marking
[211.597s][info][gc,ergo        ] GC(124) Collectable Garbage: 197M (99%), Immediate: 197M (99%), CSet: 0B (0%)
[211.597s][info][gc             ] GC(124) Pause Final Mark (unload classes) 0.167ms
[211.597s][info][gc,start       ] GC(124) Concurrent weak references
[211.597s][info][gc,task        ] GC(124) Using 3 of 6 workers for concurrent weak references
[211.597s][info][gc,ref         ] GC(124) Encountered references: Soft: 45, Weak: 116, Final: 0, Phantom: 7
[211.597s][info][gc,ref         ] GC(124) Discovered  references: Soft: 0, Weak: 71, Final: 0, Phantom: 5
[211.597s][info][gc,ref         ] GC(124) Enqueued    references: Soft: 0, Weak: 0, Final: 0, Phantom: 0
[211.597s][info][gc             ] GC(124) Concurrent weak references 0.072ms
[211.597s][info][gc,start       ] GC(124) Concurrent weak roots
[211.597s][info][gc,task        ] GC(124) Using 3 of 6 workers for concurrent weak root
[211.597s][info][gc             ] GC(124) Concurrent weak roots 0.126ms
[211.597s][info][gc,start       ] GC(124) Concurrent cleanup
[211.598s][info][gc             ] GC(124) Concurrent cleanup 339M->141M(512M) 0.050ms
[211.598s][info][gc,ergo        ] GC(124) Free: 343M, Max: 256K regular, 170M humongous, Frag: 51% external, 0% internal; Reserve: 26368K, Max: 256K
[211.598s][info][gc,start       ] GC(124) Concurrent class unloading
[211.598s][info][gc,task        ] GC(124) Using 3 of 6 workers for concurrent class unloading
[211.598s][info][gc             ] GC(124) Concurrent class unloading 0.243ms
[211.598s][info][gc,start       ] GC(124) Pause Final Roots
[211.598s][info][gc             ] GC(124) Pause Final Roots 0.018ms
[211.598s][info][gc,ergo        ] Free: 343M, Max: 256K regular, 170M humongous, Frag: 51% external, 0% internal; Reserve: 26368K, Max: 256K
[211.598s][info][gc,stats       ] 
[211.598s][info][gc,stats       ] All times are wall-clock times, except per-root-class counters, that are sum over
[211.598s][info][gc,stats       ] all workers. Dividing the <total> over the root stage time estimates parallelism.
[211.598s][info][gc,stats       ] 
[211.598s][info][gc,stats       ] Concurrent Reset                    230 us
[211.598s][info][gc,stats       ] Pause Init Mark (G)                 122 us
[211.598s][info][gc,stats       ] Pause Init Mark (N)                  86 us
[211.598s][info][gc,stats       ]   Update Region States               22 us
[211.598s][info][gc,stats       ] Concurrent Mark Roots               303 us, parallelism: 1.57x
[211.598s][info][gc,stats       ]   CMR: <total>                      476 us
[211.598s][info][gc,stats       ]   CMR: Thread Roots                 440 us, workers (us): 199, 163,  78, ---, ---, ---, 
[211.598s][info][gc,stats       ]   CMR: VM Strong Roots                5 us, workers (us):   2,   2,   1, ---, ---, ---, 
[211.598s][info][gc,stats       ]   CMR: CLDG Roots                    32 us, workers (us):  32, ---, ---, ---, ---, ---, 
[211.598s][info][gc,stats       ] Concurrent Marking                  722 us
[211.598s][info][gc,stats       ] Pause Final Mark (G)                224 us
[211.598s][info][gc,stats       ] Pause Final Mark (N)                182 us
[211.598s][info][gc,stats       ]   Finish Mark                        46 us
[211.598s][info][gc,stats       ]   Update Region States               33 us
[211.598s][info][gc,stats       ]   Choose Collection Set              45 us
[211.598s][info][gc,stats       ]   Rebuild Free Set                   12 us
[211.598s][info][gc,stats       ] Concurrent Weak References           81 us, parallelism: 0.06x
[211.598s][info][gc,stats       ]   CWRF: <total>                       5 us
[211.598s][info][gc,stats       ]   CWRF: Weak References               5 us, workers (us):   4,   1,   0, ---, ---, ---, 
[211.598s][info][gc,stats       ] Concurrent Weak Roots               144 us
[211.598s][info][gc,stats       ]   Roots                              81 us, parallelism: 1.43x
[211.598s][info][gc,stats       ]     CWR: <total>                    116 us
[211.598s][info][gc,stats       ]     CWR: Code Cache Roots            69 us, workers (us):  42,   0,  27, ---, ---, ---, 
[211.598s][info][gc,stats       ]     CWR: VM Weak Roots               46 us, workers (us):  16,  15,  15, ---, ---, ---, 
[211.598s][info][gc,stats       ]     CWR: CLDG Roots                   1 us, workers (us): ---,   1, ---, ---, ---, ---, 
[211.598s][info][gc,stats       ]   Rendezvous                         29 us
[211.598s][info][gc,stats       ] Concurrent Cleanup                   60 us
[211.598s][info][gc,stats       ] Concurrent Class Unloading          256 us
[211.598s][info][gc,stats       ]   Unlink Stale                      172 us
[211.598s][info][gc,stats       ]     System Dictionary                 1 us
[211.598s][info][gc,stats       ]     Weak Class Links                  0 us
[211.598s][info][gc,stats       ]     Code Roots                      170 us
[211.598s][info][gc,stats       ]   Rendezvous                         29 us
[211.598s][info][gc,stats       ]   Purge Unlinked                     25 us
[211.598s][info][gc,stats       ]     Code Roots                       22 us
[211.598s][info][gc,stats       ]     CLDG                              3 us
[211.598s][info][gc,stats       ]     Exception Caches                  0 us
[211.598s][info][gc,stats       ] Pause Final Roots (G)                49 us
[211.598s][info][gc,stats       ] Pause Final Roots (N)                27 us
[211.598s][info][gc,stats       ] Pacing                            47277 us
[211.598s][info][gc,stats       ] 
[211.598s][info][gc,stats       ] Allocation pacing accrued:
[211.598s][info][gc,stats       ]      47 of  1461 ms (  3.2%): main
[211.598s][info][gc,stats       ]      47 of  1461 ms (  3.2%): <total>
[211.598s][info][gc,stats       ]       4 of  1461 ms (  0.2%): <average total>
[211.598s][info][gc,stats       ]      47 of  1461 ms (  3.2%): <average non-zero>
[211.598s][info][gc,stats       ] 
[211.598s][info][gc,metaspace   ] Metaspace: 1071K(1280K)->1071K(1280K) NonClass: 990K(1088K)->990K(1088K) Class: 81K(192K)->81K(192K)
[211.598s][info][gc,ergo        ] Pacer for Idle. Initial: 10485K, Alloc Tax Rate: 1.0x
[213.391s][info][gc             ] Trigger: Average GC time (4.39 ms) is above the time for average allocation rate (167 MB/s) to deplete free headroom (0B) (margin of error = 3.16)
[213.391s][info][gc,ergo        ] Free headroom: 146M (free) - 26214K (spike) - 122M (penalties) = 0B
[213.391s][info][gc,ergo        ] Free: 146M, Max: 256K regular, 103M humongous, Frag: 30% external, 0% internal; Reserve: 26368K, Max: 256K
[213.391s][info][gc,start       ] GC(125) Concurrent reset
[213.391s][info][gc,task        ] GC(125) Using 3 of 6 workers for concurrent reset
[213.391s][info][gc,ergo        ] GC(125) Pacer for Reset. Non-Taxable: 512M
[213.391s][info][gc             ] GC(125) Concurrent reset 0.232ms
[213.392s][info][gc,start       ] GC(125) Pause Init Mark (unload classes)
[213.392s][info][gc,task        ] GC(125) Using 6 of 6 workers for init marking
[213.392s][info][gc,ergo        ] GC(125) Pacer for Mark. Expected Live: 131M, Free: 146M, Non-Taxable: 14951K, Alloc Tax Rate: 1.1x
[213.392s][info][gc             ] GC(125) Pause Init Mark (unload classes) 0.095ms
[213.392s][info][gc,start       ] GC(125) Concurrent marking roots
[213.392s][info][gc,task        ] GC(125) Using 3 of 6 workers for concurrent marking roots
[213.392s][info][gc             ] GC(125) Concurrent marking roots 0.405ms
[213.392s][info][gc,start       ] GC(125) Concurrent marking (unload classes)
[213.392s][info][gc,task        ] GC(125) Using 3 of 6 workers for concurrent marking
[213.393s][info][gc             ] GC(125) Concurrent marking (unload classes) 0.825ms
[213.393s][info][gc,start       ] GC(125) Pause Final Mark (unload classes)
[213.393s][info][gc,task        ] GC(125) Using 6 of 6 workers for final marking
[213.393s][info][gc,ergo        ] GC(125) Collectable Garbage: 279M (99%), Immediate: 279M (99%), CSet: 0B (0%)
[213.393s][info][gc             ] GC(125) Pause Final Mark (unload classes) 0.193ms
[213.393s][info][gc,start       ] GC(125) Concurrent weak references
[213.393s][info][gc,task        ] GC(125) Using 3 of 6 workers for concurrent weak references
[213.393s][info][gc,ref         ] GC(125) Encountered references: Soft: 45, Weak: 116, Final: 0, Phantom: 7
[213.393s][info][gc,ref         ] GC(125) Discovered  references: Soft: 0, Weak: 95, Final: 0, Phantom: 5
[213.393s][info][gc,ref         ] GC(125) Enqueued    references: Soft: 0, Weak: 0, Final: 0, Phantom: 0
[213.393s][info][gc             ] GC(125) Concurrent weak references 0.084ms
[213.393s][info][gc,start       ] GC(125) Concurrent weak roots
[213.393s][info][gc,task        ] GC(125) Using 3 of 6 workers for concurrent weak root
[213.393s][info][gc             ] GC(125) Concurrent weak roots 0.148ms
[213.393s][info][gc,start       ] GC(125) Concurrent cleanup
[213.394s][info][gc             ] GC(125) Concurrent cleanup 336M->56M(512M) 0.067ms
[213.394s][info][gc,ergo        ] GC(125) Free: 428M, Max: 256K regular, 323M humongous, Frag: 25% external, 0% internal; Reserve: 26368K, Max: 256K
[213.394s][info][gc,start       ] GC(125) Concurrent class unloading
[213.394s][info][gc,task        ] GC(125) Using 3 of 6 workers for concurrent class unloading
[213.394s][info][gc             ] GC(125) Concurrent class unloading 0.314ms
[213.394s][info][gc,start       ] GC(125) Pause Final Roots
[213.394s][info][gc             ] GC(125) Pause Final Roots 0.018ms
[213.394s][info][gc,ergo        ] Free: 428M, Max: 256K regular, 323M humongous, Frag: 25% external, 0% internal; Reserve: 26368K, Max: 256K
[213.394s][info][gc,stats       ] 
[213.394s][info][gc,stats       ] All times are wall-clock times, except per-root-class counters, that are sum over
[213.394s][info][gc,stats       ] all workers. Dividing the <total> over the root stage time estimates parallelism.
[213.394s][info][gc,stats       ] 
[213.394s][info][gc,stats       ] Concurrent Reset                    259 us
[213.394s][info][gc,stats       ] Pause Init Mark (G)                 147 us
[213.394s][info][gc,stats       ] Pause Init Mark (N)                 106 us
[213.394s][info][gc,stats       ]   Update Region States               26 us
[213.394s][info][gc,stats       ] Concurrent Mark Roots               424 us, parallelism: 1.32x
[213.394s][info][gc,stats       ]   CMR: <total>                      558 us
[213.394s][info][gc,stats       ]   CMR: Thread Roots                 494 us, workers (us): 347,  50,  97, ---, ---, ---, 
[213.394s][info][gc,stats       ]   CMR: VM Strong Roots               16 us, workers (us):   3,   2,  11, ---, ---, ---, 
[213.394s][info][gc,stats       ]   CMR: CLDG Roots                    48 us, workers (us): ---,  48, ---, ---, ---, ---, 
[213.394s][info][gc,stats       ] Concurrent Marking                  847 us
[213.394s][info][gc,stats       ] Pause Final Mark (G)                250 us
[213.394s][info][gc,stats       ] Pause Final Mark (N)                208 us
[213.394s][info][gc,stats       ]   Finish Mark                        46 us
[213.394s][info][gc,stats       ]   Update Region States               33 us
[213.394s][info][gc,stats       ]   Choose Collection Set              60 us
[213.394s][info][gc,stats       ]   Rebuild Free Set                   17 us
[213.394s][info][gc,stats       ] Concurrent Weak References           93 us, parallelism: 0.10x
[213.394s][info][gc,stats       ]   CWRF: <total>                       9 us
[213.394s][info][gc,stats       ]   CWRF: Weak References               9 us, workers (us):   8,   1,   0, ---, ---, ---, 
[213.394s][info][gc,stats       ] Concurrent Weak Roots               163 us
[213.394s][info][gc,stats       ]   Roots                             101 us, parallelism: 1.49x
[213.394s][info][gc,stats       ]     CWR: <total>                    151 us
[213.394s][info][gc,stats       ]     CWR: Code Cache Roots            85 us, workers (us):   0,  32,  53, ---, ---, ---, 
[213.394s][info][gc,stats       ]     CWR: VM Weak Roots               65 us, workers (us):  22,  22,  21, ---, ---, ---, 
[213.394s][info][gc,stats       ]     CWR: CLDG Roots                   1 us, workers (us):   1, ---, ---, ---, ---, ---, 
[213.394s][info][gc,stats       ]   Rendezvous                         30 us
[213.394s][info][gc,stats       ] Concurrent Cleanup                   77 us
[213.394s][info][gc,stats       ] Concurrent Class Unloading          326 us
[213.394s][info][gc,stats       ]   Unlink Stale                      217 us
[213.394s][info][gc,stats       ]     System Dictionary                 1 us
[213.394s][info][gc,stats       ]     Weak Class Links                  0 us
[213.394s][info][gc,stats       ]     Code Roots                      215 us
[213.394s][info][gc,stats       ]   Rendezvous                         26 us
[213.394s][info][gc,stats       ]   Purge Unlinked                     53 us
[213.394s][info][gc,stats       ]     Code Roots                       50 us
[213.394s][info][gc,stats       ]     CLDG                              3 us
[213.394s][info][gc,stats       ]     Exception Caches                  0 us
[213.394s][info][gc,stats       ] Pause Final Roots (G)                51 us
[213.394s][info][gc,stats       ] Pause Final Roots (N)                27 us
[213.394s][info][gc,stats       ] Pacing                            46102 us
[213.394s][info][gc,stats       ] 
[213.394s][info][gc,stats       ] Allocation pacing accrued:
[213.394s][info][gc,stats       ]      46 of  1796 ms (  2.6%): main
[213.394s][info][gc,stats       ]      46 of  1796 ms (  2.6%): <total>
[213.394s][info][gc,stats       ]       4 of  1796 ms (  0.2%): <average total>
[213.394s][info][gc,stats       ]      46 of  1796 ms (  2.6%): <average non-zero>
[213.394s][info][gc,stats       ] 
[213.394s][info][gc,metaspace   ] Metaspace: 1071K(1280K)->1071K(1280K) NonClass: 990K(1088K)->990K(1088K) Class: 81K(192K)->81K(192K)
[213.394s][info][gc,ergo        ] Pacer for Idle. Initial: 10485K, Alloc Tax Rate: 1.0x
[215.743s][info][gc             ] Trigger: Average GC time (3.90 ms) is above the time for average allocation rate (88632 KB/s) to deplete free headroom (0B) (margin of error = 3.14)
[215.743s][info][gc,ergo        ] Free headroom: 136M (free) - 26214K (spike) - 117M (penalties) = 0B
[215.743s][info][gc,ergo        ] Free: 136M, Max: 256K regular, 132M humongous, Frag: 3% external, 0% internal; Reserve: 26368K, Max: 256K
[215.743s][info][gc,start       ] GC(126) Concurrent reset
[215.743s][info][gc,task        ] GC(126) Using 3 of 6 workers for concurrent reset
[215.743s][info][gc,ergo        ] GC(126) Pacer for Reset. Non-Taxable: 512M
[215.744s][info][gc             ] GC(126) Concurrent reset 0.156ms
[215.744s][info][gc,start       ] GC(126) Pause Init Mark (unload classes)
[215.744s][info][gc,task        ] GC(126) Using 6 of 6 workers for init marking
[215.744s][info][gc,ergo        ] GC(126) Pacer for Mark. Expected Live: 106M, Free: 136M, Non-Taxable: 13953K, Alloc Tax Rate: 1.0x
[215.744s][info][gc             ] GC(126) Pause Init Mark (unload classes) 0.079ms
[215.744s][info][gc,start       ] GC(126) Concurrent marking roots
[215.744s][info][gc,task        ] GC(126) Using 3 of 6 workers for concurrent marking roots
[215.744s][info][gc             ] GC(126) Concurrent marking roots 0.238ms
[215.744s][info][gc,start       ] GC(126) Concurrent marking (unload classes)
[215.744s][info][gc,task        ] GC(126) Using 3 of 6 workers for concurrent marking
[215.745s][info][gc             ] GC(126) Concurrent marking (unload classes) 0.627ms
[215.745s][info][gc,start       ] GC(126) Pause Final Mark (unload classes)
[215.745s][info][gc,task        ] GC(126) Using 6 of 6 workers for final marking
[215.745s][info][gc,ergo        ] GC(126) Collectable Garbage: 162M (99%), Immediate: 162M (99%), CSet: 0B (0%)
[215.745s][info][gc             ] GC(126) Pause Final Mark (unload classes) 0.134ms
[215.745s][info][gc,start       ] GC(126) Concurrent weak references
[215.745s][info][gc,task        ] GC(126) Using 3 of 6 workers for concurrent weak references
[215.745s][info][gc,ref         ] GC(126) Encountered references: Soft: 45, Weak: 116, Final: 0, Phantom: 7
[215.745s][info][gc,ref         ] GC(126) Discovered  references: Soft: 0, Weak: 95, Final: 0, Phantom: 5
[215.745s][info][gc,ref         ] GC(126) Enqueued    references: Soft: 0, Weak: 0, Final: 0, Phantom: 0
[215.745s][info][gc             ] GC(126) Concurrent weak references 0.082ms
[215.745s][info][gc,start       ] GC(126) Concurrent weak roots
[215.745s][info][gc,task        ] GC(126) Using 3 of 6 workers for concurrent weak root
[215.745s][info][gc             ] GC(126) Concurrent weak roots 0.112ms
[215.745s][info][gc,start       ] GC(126) Concurrent cleanup
[215.745s][info][gc             ] GC(126) Concurrent cleanup 344M->181M(512M) 0.040ms
[215.745s][info][gc,ergo        ] GC(126) Free: 303M, Max: 256K regular, 132M humongous, Frag: 57% external, 0% internal; Reserve: 26368K, Max: 256K
[215.745s][info][gc,start       ] GC(126) Concurrent class unloading
[215.745s][info][gc,task        ] GC(126) Using 3 of 6 workers for concurrent class unloading
[215.745s][info][gc             ] GC(126) Concurrent class unloading 0.211ms
[215.745s][info][gc,start       ] GC(126) Pause Final Roots
[215.745s][info][gc             ] GC(126) Pause Final Roots 0.018ms
[215.745s][info][gc,ergo        ] Free: 303M, Max: 256K regular, 132M humongous, Frag: 57% external, 0% internal; Reserve: 26368K, Max: 256K
[215.745s][info][gc,stats       ] 
[215.745s][info][gc,stats       ] All times are wall-clock times, except per-root-class counters, that are sum over
[215.745s][info][gc,stats       ] all workers. Dividing the <total> over the root stage time estimates parallelism.
[215.745s][info][gc,stats       ] 
[215.745s][info][gc,stats       ] Concurrent Reset                    173 us
[215.745s][info][gc,stats       ] Pause Init Mark (G)                 121 us
[215.745s][info][gc,stats       ] Pause Init Mark (N)                  89 us
[215.745s][info][gc,stats       ]   Update Region States               24 us
[215.745s][info][gc,stats       ] Concurrent Mark Roots               252 us, parallelism: 1.29x
[215.745s][info][gc,stats       ]   CMR: <total>                      326 us
[215.746s][info][gc,stats       ]   CMR: Thread Roots                 289 us, workers (us): 190,  40,  59, ---, ---, ---, 
[215.746s][info][gc,stats       ]   CMR: VM Strong Roots                4 us, workers (us):   2,   1,   1, ---, ---, ---, 
[215.746s][info][gc,stats       ]   CMR: CLDG Roots                    33 us, workers (us): ---,  33, ---, ---, ---, ---, 
[215.746s][info][gc,stats       ] Concurrent Marking                  642 us
[215.746s][info][gc,stats       ] Pause Final Mark (G)                180 us
[215.746s][info][gc,stats       ] Pause Final Mark (N)                145 us
[215.746s][info][gc,stats       ]   Finish Mark                        35 us
[215.746s][info][gc,stats       ]   Update Region States               28 us
[215.746s][info][gc,stats       ]   Choose Collection Set              34 us
[215.746s][info][gc,stats       ]   Rebuild Free Set                    8 us
[215.746s][info][gc,stats       ] Concurrent Weak References           90 us, parallelism: 0.06x
[215.746s][info][gc,stats       ]   CWRF: <total>                       5 us
[215.746s][info][gc,stats       ]   CWRF: Weak References               5 us, workers (us):   4,   1,   0, ---, ---, ---, 
[215.746s][info][gc,stats       ] Concurrent Weak Roots               124 us
[215.746s][info][gc,stats       ]   Roots                              70 us, parallelism: 1.31x
[215.746s][info][gc,stats       ]     CWR: <total>                     91 us
[215.746s][info][gc,stats       ]     CWR: Code Cache Roots            48 us, workers (us):   0,  15,  34, ---, ---, ---, 
[215.746s][info][gc,stats       ]     CWR: VM Weak Roots               42 us, workers (us):  14,  14,  14, ---, ---, ---, 
[215.746s][info][gc,stats       ]     CWR: CLDG Roots                   1 us, workers (us):   1, ---, ---, ---, ---, ---, 
[215.746s][info][gc,stats       ]   Rendezvous                         26 us
[215.746s][info][gc,stats       ] Concurrent Cleanup                   50 us
[215.746s][info][gc,stats       ] Concurrent Class Unloading          225 us
[215.746s][info][gc,stats       ]   Unlink Stale                      150 us
[215.746s][info][gc,stats       ]     System Dictionary                 1 us
[215.746s][info][gc,stats       ]     Weak Class Links                  0 us
[215.746s][info][gc,stats       ]     Code Roots                      149 us
[215.746s][info][gc,stats       ]   Rendezvous                         22 us
[215.746s][info][gc,stats       ]   Purge Unlinked                     22 us
[215.746s][info][gc,stats       ]     Code Roots                       20 us
[215.746s][info][gc,stats       ]     CLDG                              2 us
[215.746s][info][gc,stats       ]     Exception Caches                  0 us
[215.746s][info][gc,stats       ] Pause Final Roots (G)                49 us
[215.746s][info][gc,stats       ] Pause Final Roots (N)                27 us
[215.746s][info][gc,stats       ] Pacing                            63416 us
[215.746s][info][gc,stats       ] 
[215.746s][info][gc,stats       ] Allocation pacing accrued:
[215.746s][info][gc,stats       ]      63 of  2351 ms (  2.7%): main
[215.746s][info][gc,stats       ]      63 of  2351 ms (  2.7%): <total>
[215.746s][info][gc,stats       ]       5 of  2351 ms (  0.2%): <average total>
[215.746s][info][gc,stats       ]      63 of  2351 ms (  2.7%): <average non-zero>
[215.746s][info][gc,stats       ] 
[215.746s][info][gc,metaspace   ] Metaspace: 1071K(1280K)->1071K(1280K) NonClass: 990K(1088K)->990K(1088K) Class: 81K(192K)->81K(192K)
[215.746s][info][gc,ergo        ] Pacer for Idle. Initial: 10485K, Alloc Tax Rate: 1.0x
[216.986s][info][gc             ] Trigger: Average GC time (3.72 ms) is above the time for average allocation rate (47691 KB/s) to deplete free headroom (0B) (margin of error = 3.15)
[216.986s][info][gc,ergo        ] Free headroom: 130M (free) - 26214K (spike) - 112M (penalties) = 0B
[216.986s][info][gc,ergo        ] Free: 130M, Max: 256K regular, 51456K humongous, Frag: 62% external, 0% internal; Reserve: 26368K, Max: 256K
[216.986s][info][gc,start       ] GC(127) Concurrent reset
[216.986s][info][gc,task        ] GC(127) Using 3 of 6 workers for concurrent reset
[216.986s][info][gc,ergo        ] GC(127) Pacer for Reset. Non-Taxable: 512M
[216.987s][info][gc             ] GC(127) Concurrent reset 0.315ms
[216.987s][info][gc,start       ] GC(127) Pause Init Mark (unload classes)
[216.987s][info][gc,task        ] GC(127) Using 6 of 6 workers for init marking
[216.987s][info][gc,ergo        ] GC(127) Pacer for Mark. Expected Live: 121M, Free: 130M, Non-Taxable: 13338K, Alloc Tax Rate: 1.1x
[216.987s][info][gc             ] GC(127) Pause Init Mark (unload classes) 0.152ms
[216.987s][info][gc,start       ] GC(127) Concurrent marking roots
[216.987s][info][gc,task        ] GC(127) Using 3 of 6 workers for concurrent marking roots
[216.987s][info][gc             ] GC(127) Concurrent marking roots 0.287ms
[216.987s][info][gc,start       ] GC(127) Concurrent marking (unload classes)
[216.987s][info][gc,task        ] GC(127) Using 3 of 6 workers for concurrent marking
[216.988s][info][gc             ] GC(127) Concurrent marking (unload classes) 0.743ms
[216.988s][info][gc,start       ] GC(127) Pause Final Mark (unload classes)
[216.988s][info][gc,task        ] GC(127) Using 6 of 6 workers for final marking
[216.988s][info][gc,ergo        ] GC(127) Collectable Garbage: 336M (99%), Immediate: 336M (99%), CSet: 0B (0%)
[216.988s][info][gc             ] GC(127) Pause Final Mark (unload classes) 0.213ms
[216.988s][info][gc,start       ] GC(127) Concurrent weak references
[216.988s][info][gc,task        ] GC(127) Using 3 of 6 workers for concurrent weak references
[216.988s][info][gc,ref         ] GC(127) Encountered references: Soft: 45, Weak: 116, Final: 0, Phantom: 7
[216.988s][info][gc,ref         ] GC(127) Discovered  references: Soft: 0, Weak: 68, Final: 0, Phantom: 5
[216.988s][info][gc,ref         ] GC(127) Enqueued    references: Soft: 0, Weak: 0, Final: 0, Phantom: 0
[216.988s][info][gc             ] GC(127) Concurrent weak references 0.082ms
[216.988s][info][gc,start       ] GC(127) Concurrent weak roots
[216.988s][info][gc,task        ] GC(127) Using 3 of 6 workers for concurrent weak root
[216.989s][info][gc             ] GC(127) Concurrent weak roots 0.189ms
[216.989s][info][gc,start       ] GC(127) Concurrent cleanup
[216.989s][info][gc             ] GC(127) Concurrent cleanup 353M->16M(512M) 0.067ms
[216.989s][info][gc,ergo        ] GC(127) Free: 468M, Max: 256K regular, 402M humongous, Frag: 15% external, 0% internal; Reserve: 26368K, Max: 256K
[216.989s][info][gc,start       ] GC(127) Concurrent class unloading
[216.989s][info][gc,task        ] GC(127) Using 3 of 6 workers for concurrent class unloading
[216.989s][info][gc             ] GC(127) Concurrent class unloading 0.223ms
[216.989s][info][gc,start       ] GC(127) Pause Final Roots
[216.989s][info][gc             ] GC(127) Pause Final Roots 0.019ms
[216.989s][info][gc,ergo        ] Free: 468M, Max: 256K regular, 402M humongous, Frag: 15% external, 0% internal; Reserve: 26368K, Max: 256K
[216.989s][info][gc,stats       ] 
[216.989s][info][gc,stats       ] All times are wall-clock times, except per-root-class counters, that are sum over
[216.989s][info][gc,stats       ] all workers. Dividing the <total> over the root stage time estimates parallelism.
[216.989s][info][gc,stats       ] 
[216.989s][info][gc,stats       ] Concurrent Reset                    335 us
[216.989s][info][gc,stats       ] Pause Init Mark (G)                 264 us
[216.989s][info][gc,stats       ] Pause Init Mark (N)                 161 us
[216.989s][info][gc,stats       ]   Update Region States               95 us
[216.989s][info][gc,stats       ] Concurrent Mark Roots               304 us, parallelism: 1.17x
[216.989s][info][gc,stats       ]   CMR: <total>                      355 us
[216.989s][info][gc,stats       ]   CMR: Thread Roots                 320 us, workers (us):  89, 195,  35, ---, ---, ---, 
[216.989s][info][gc,stats       ]   CMR: VM Strong Roots                5 us, workers (us):   4,   1,   0, ---, ---, ---, 
[216.989s][info][gc,stats       ]   CMR: CLDG Roots                    30 us, workers (us): ---,  30, ---, ---, ---, ---, 
[216.989s][info][gc,stats       ] Concurrent Marking                  761 us
[216.989s][info][gc,stats       ] Pause Final Mark (G)                289 us
[216.989s][info][gc,stats       ] Pause Final Mark (N)                223 us
[216.989s][info][gc,stats       ]   Finish Mark                        34 us
[216.989s][info][gc,stats       ]   Update Region States               97 us
[216.989s][info][gc,stats       ]   Choose Collection Set              43 us
[216.989s][info][gc,stats       ]   Rebuild Free Set                    9 us
[216.989s][info][gc,stats       ] Concurrent Weak References           90 us, parallelism: 0.05x
[216.989s][info][gc,stats       ]   CWRF: <total>                       4 us
[216.989s][info][gc,stats       ]   CWRF: Weak References               4 us, workers (us):   3,   1,   0, ---, ---, ---, 
[216.989s][info][gc,stats       ] Concurrent Weak Roots               207 us
[216.989s][info][gc,stats       ]   Roots                              72 us, parallelism: 1.29x
[216.989s][info][gc,stats       ]     CWR: <total>                     93 us
[216.989s][info][gc,stats       ]     CWR: Code Cache Roots            50 us, workers (us):   0,  15,  34, ---, ---, ---, 
[216.989s][info][gc,stats       ]     CWR: VM Weak Roots               43 us, workers (us):  15,  15,  13, ---, ---, ---, 
[216.989s][info][gc,stats       ]     CWR: CLDG Roots                   1 us, workers (us):   1, ---, ---, ---, ---, ---, 
[216.989s][info][gc,stats       ]   Rendezvous                        100 us
[216.989s][info][gc,stats       ] Concurrent Cleanup                   77 us
[216.989s][info][gc,stats       ] Concurrent Class Unloading          240 us
[216.989s][info][gc,stats       ]   Unlink Stale                      151 us
[216.989s][info][gc,stats       ]     System Dictionary                 1 us
[216.989s][info][gc,stats       ]     Weak Class Links                  0 us
[216.989s][info][gc,stats       ]     Code Roots                      149 us
[216.989s][info][gc,stats       ]   Rendezvous                         28 us
[216.989s][info][gc,stats       ]   Purge Unlinked                     27 us
[216.989s][info][gc,stats       ]     Code Roots                       24 us
[216.989s][info][gc,stats       ]     CLDG                              3 us
[216.989s][info][gc,stats       ]     Exception Caches                  0 us
[216.989s][info][gc,stats       ] Pause Final Roots (G)                54 us
[216.989s][info][gc,stats       ] Pause Final Roots (N)                28 us
[216.989s][info][gc,stats       ] Pacing                            44653 us
[216.989s][info][gc,stats       ] 
[216.989s][info][gc,stats       ] Allocation pacing accrued:
[216.989s][info][gc,stats       ]      45 of  1244 ms (  3.6%): main
[216.989s][info][gc,stats       ]      45 of  1244 ms (  3.6%): <total>
[216.989s][info][gc,stats       ]       3 of  1244 ms (  0.3%): <average total>
[216.989s][info][gc,stats       ]      45 of  1244 ms (  3.6%): <average non-zero>
[216.989s][info][gc,stats       ] 
[216.989s][info][gc,metaspace   ] Metaspace: 1071K(1280K)->1071K(1280K) NonClass: 990K(1088K)->990K(1088K) Class: 81K(192K)->81K(192K)
[216.989s][info][gc,ergo        ] Pacer for Idle. Initial: 10485K, Alloc Tax Rate: 1.0x
[218.952s][info][gc             ] Trigger: Average GC time (3.62 ms) is above the time for average allocation rate (624 MB/s) to deplete free headroom (0B) (margin of error = 3.13)
[218.952s][info][gc,ergo        ] Free headroom: 63755K (free) - 26214K (spike) - 107M (penalties) = 0B
[218.952s][info][gc,ergo        ] Free: 63755K, Max: 256K regular, 61696K humongous, Frag: 4% external, 0% internal; Reserve: 26368K, Max: 256K
[218.952s][info][gc,start       ] GC(128) Concurrent reset
[218.952s][info][gc,task        ] GC(128) Using 3 of 6 workers for concurrent reset
[218.952s][info][gc,ergo        ] GC(128) Pacer for Reset. Non-Taxable: 512M
[218.952s][info][gc             ] GC(128) Concurrent reset 0.215ms
[218.952s][info][gc,start       ] GC(128) Pause Init Mark (unload classes)
[218.952s][info][gc,task        ] GC(128) Using 6 of 6 workers for init marking
[218.953s][info][gc,ergo        ] GC(128) Pacer for Mark. Expected Live: 102M, Free: 63755K, Non-Taxable: 6375K, Alloc Tax Rate: 2.0x
[218.953s][info][gc             ] GC(128) Pause Init Mark (unload classes) 0.431ms
[218.953s][info][gc,start       ] GC(128) Concurrent marking roots
[218.953s][info][gc,task        ] GC(128) Using 3 of 6 workers for concurrent marking roots
[218.953s][info][gc             ] GC(128) Concurrent marking roots 0.516ms
[218.953s][info][gc,start       ] GC(128) Concurrent marking (unload classes)
[218.953s][info][gc,task        ] GC(128) Using 3 of 6 workers for concurrent marking
[218.954s][info][gc             ] GC(128) Concurrent marking (unload classes) 1.120ms
[218.954s][info][gc,start       ] GC(128) Pause Final Mark (unload classes)
[218.955s][info][gc,task        ] GC(128) Using 6 of 6 workers for final marking
[218.955s][info][gc,ergo        ] GC(128) Collectable Garbage: 301M (99%), Immediate: 301M (99%), CSet: 0B (0%)
[218.955s][info][gc             ] GC(128) Pause Final Mark (unload classes) 0.275ms
[218.955s][info][gc,start       ] GC(128) Concurrent weak references
[218.955s][info][gc,task        ] GC(128) Using 3 of 6 workers for concurrent weak references
[218.955s][info][gc,ref         ] GC(128) Encountered references: Soft: 45, Weak: 116, Final: 0, Phantom: 7
[218.955s][info][gc,ref         ] GC(128) Discovered  references: Soft: 0, Weak: 72, Final: 0, Phantom: 5
[218.955s][info][gc,ref         ] GC(128) Enqueued    references: Soft: 0, Weak: 0, Final: 0, Phantom: 0
[218.955s][info][gc             ] GC(128) Concurrent weak references 0.141ms
[218.955s][info][gc,start       ] GC(128) Concurrent weak roots
[218.955s][info][gc,task        ] GC(128) Using 3 of 6 workers for concurrent weak root
[218.955s][info][gc             ] GC(128) Concurrent weak roots 0.225ms
[218.955s][info][gc,start       ] GC(128) Concurrent cleanup
[218.955s][info][gc             ] GC(128) Concurrent cleanup 419M->117M(512M) 0.067ms
[218.955s][info][gc,ergo        ] GC(128) Free: 367M, Max: 256K regular, 160M humongous, Frag: 57% external, 0% internal; Reserve: 26368K, Max: 256K
[218.955s][info][gc,start       ] GC(128) Concurrent class unloading
[218.955s][info][gc,task        ] GC(128) Using 3 of 6 workers for concurrent class unloading
[218.956s][info][gc             ] GC(128) Concurrent class unloading 0.244ms
[218.956s][info][gc,start       ] GC(128) Pause Final Roots
[218.956s][info][gc             ] GC(128) Pause Final Roots 0.016ms
[218.956s][info][gc,ergo        ] Free: 367M, Max: 256K regular, 160M humongous, Frag: 57% external, 0% internal; Reserve: 26368K, Max: 256K
[218.956s][info][gc,stats       ] 
[218.956s][info][gc,stats       ] All times are wall-clock times, except per-root-class counters, that are sum over
[218.956s][info][gc,stats       ] all workers. Dividing the <total> over the root stage time estimates parallelism.
[218.956s][info][gc,stats       ] 
[218.956s][info][gc,stats       ] Concurrent Reset                    234 us
[218.956s][info][gc,stats       ] Pause Init Mark (G)                 570 us
[218.956s][info][gc,stats       ] Pause Init Mark (N)                 455 us
[218.956s][info][gc,stats       ]   Update Region States              335 us
[218.956s][info][gc,stats       ] Concurrent Mark Roots               546 us, parallelism: 1.05x
[218.956s][info][gc,stats       ]   CMR: <total>                      572 us
[218.956s][info][gc,stats       ]   CMR: Thread Roots                 524 us, workers (us):  88, 102, 335, ---, ---, ---, 
[218.956s][info][gc,stats       ]   CMR: VM Strong Roots                3 us, workers (us):   2,   0,   0, ---, ---, ---, 
[218.956s][info][gc,stats       ]   CMR: CLDG Roots                    45 us, workers (us):  45, ---, ---, ---, ---, ---, 
[218.956s][info][gc,stats       ] Concurrent Marking                 1151 us
[218.956s][info][gc,stats       ] Pause Final Mark (G)                414 us
[218.956s][info][gc,stats       ] Pause Final Mark (N)                285 us
[218.956s][info][gc,stats       ]   Finish Mark                       108 us
[218.956s][info][gc,stats       ]   Update Region States               79 us
[218.956s][info][gc,stats       ]   Choose Collection Set              50 us
[218.956s][info][gc,stats       ]   Rebuild Free Set                    8 us
[218.956s][info][gc,stats       ] Concurrent Weak References          149 us, parallelism: 0.02x
[218.956s][info][gc,stats       ]   CWRF: <total>                       4 us
[218.956s][info][gc,stats       ]   CWRF: Weak References               4 us, workers (us):   2,   1,   0, ---, ---, ---, 
[218.956s][info][gc,stats       ] Concurrent Weak Roots               243 us
[218.956s][info][gc,stats       ]   Roots                             128 us, parallelism: 0.72x
[218.956s][info][gc,stats       ]     CWR: <total>                     93 us
[218.956s][info][gc,stats       ]     CWR: Code Cache Roots            50 us, workers (us):  35,  16,   0, ---, ---, ---, 
[218.956s][info][gc,stats       ]     CWR: VM Weak Roots               42 us, workers (us):  21,  20,   0, ---, ---, ---, 
[218.956s][info][gc,stats       ]     CWR: CLDG Roots                   1 us, workers (us): ---,   1, ---, ---, ---, ---, 
[218.956s][info][gc,stats       ]   Rendezvous                         67 us
[218.956s][info][gc,stats       ] Concurrent Cleanup                   77 us
[218.956s][info][gc,stats       ] Concurrent Class Unloading          259 us
[218.956s][info][gc,stats       ]   Unlink Stale                      150 us
[218.956s][info][gc,stats       ]     System Dictionary                 1 us
[218.956s][info][gc,stats       ]     Weak Class Links                  0 us
[218.956s][info][gc,stats       ]     Code Roots                      148 us
[218.956s][info][gc,stats       ]   Rendezvous                         27 us
[218.956s][info][gc,stats       ]   Purge Unlinked                     50 us
[218.956s][info][gc,stats       ]     Code Roots                       48 us
[218.956s][info][gc,stats       ]     CLDG                              2 us
[218.956s][info][gc,stats       ]     Exception Caches                  0 us
[218.956s][info][gc,stats       ] Pause Final Roots (G)                45 us
[218.956s][info][gc,stats       ] Pause Final Roots (N)                25 us
[218.956s][info][gc,stats       ] Pacing                           108987 us
[218.956s][info][gc,stats       ] 
[218.956s][info][gc,stats       ] Allocation pacing accrued:
[218.956s][info][gc,stats       ]     109 of  1967 ms (  5.5%): main
[218.956s][info][gc,stats       ]     109 of  1967 ms (  5.5%): <total>
[218.956s][info][gc,stats       ]       8 of  1967 ms (  0.4%): <average total>
[218.956s][info][gc,stats       ]     109 of  1967 ms (  5.5%): <average non-zero>
[218.956s][info][gc,stats       ] 
[218.956s][info][gc,metaspace   ] Metaspace: 1071K(1280K)->1071K(1280K) NonClass: 990K(1088K)->990K(1088K) Class: 81K(192K)->81K(192K)
[218.956s][info][gc,ergo        ] Pacer for Idle. Initial: 10485K, Alloc Tax Rate: 1.0x
[221.813s][info][gc             ] Failed to allocate Shared, 100M
[221.813s][info][gc             ] Cancelling GC: Allocation Failure
[221.828s][info][gc             ] Trigger: Handle Allocation Failure
[221.828s][info][gc,ergo        ] Free: 190M, Max: 256K regular, 82688K humongous, Frag: 58% external, 0% internal; Reserve: 26368K, Max: 256K
[221.828s][info][gc,start       ] GC(129) Pause Degenerated GC (Outside of Cycle)
[221.828s][info][gc,task        ] GC(129) Using 6 of 6 workers for stw degenerated gc
[221.829s][info][gc,ref         ] GC(129) Clearing All SoftReferences
[221.829s][info][gc,ref         ] GC(129) Encountered references: Soft: 45, Weak: 116, Final: 0, Phantom: 7
[221.829s][info][gc,ref         ] GC(129) Discovered  references: Soft: 20, Weak: 95, Final: 0, Phantom: 5
[221.829s][info][gc,ref         ] GC(129) Enqueued    references: Soft: 0, Weak: 0, Final: 0, Phantom: 0
[221.830s][info][gc,ergo        ] GC(129) Collectable Garbage: 213M (99%), Immediate: 213M (99%), CSet: 0B (0%)
[221.830s][info][gc,ergo        ] GC(129) Good progress for free space: 408M, need 5242K
[221.830s][info][gc,ergo        ] GC(129) Good progress for used space: 213M, need 256K
[221.830s][info][gc             ] GC(129) Pause Degenerated GC (Outside of Cycle) 290M->76M(512M) 1.330ms
[221.830s][info][gc,ergo        ] Free: 408M, Max: 256K regular, 295M humongous, Frag: 28% external, 0% internal; Reserve: 26368K, Max: 256K
[221.830s][info][gc,stats       ] 
[221.830s][info][gc,stats       ] All times are wall-clock times, except per-root-class counters, that are sum over
[221.830s][info][gc,stats       ] all workers. Dividing the <total> over the root stage time estimates parallelism.
[221.830s][info][gc,stats       ] 
[221.830s][info][gc,stats       ] Pause Degenerated GC (G)           1376 us
[221.830s][info][gc,stats       ] Pause Degenerated GC (N)           1340 us
[221.830s][info][gc,stats       ]   Degen STW Mark                    471 us, parallelism: 5.25x
[221.830s][info][gc,stats       ]     DSM: <total>                   2473 us
[221.830s][info][gc,stats       ]     DSM: Thread Roots                52 us, workers (us):   8,   9,   9,  18,   8,   0, 
[221.830s][info][gc,stats       ]     DSM: VM Strong Roots              4 us, workers (us):   0,   2,   2,   0,   0,   0, 
[221.830s][info][gc,stats       ]     DSM: CLDG Roots                  29 us, workers (us):  27,   0,   0,   0,   0,   0, 
[221.830s][info][gc,stats       ]     DSM: Parallel Mark             2389 us, workers (us): 384, 409, 409, 398, 406, 383, 
[221.830s][info][gc,stats       ]     System Purge                    306 us
[221.830s][info][gc,stats       ]       Weak References               136 us, parallelism: 0.04x
[221.830s][info][gc,stats       ]         WRP: <total>                  5 us
[221.830s][info][gc,stats       ]         WRP: Weak References          5 us, workers (us):   3,   1,   1,   0,   0,   0, 
[221.830s][info][gc,stats       ]       Unload Classes                 99 us, parallelism: 2.90x
[221.830s][info][gc,stats       ]         DCU: <total>                287 us
[221.830s][info][gc,stats       ]         DCU: Unload Code Caches      287 us, workers (us):  61,  74,  57,  58,  25,  12, 
[221.830s][info][gc,stats       ]       Weak Roots                     70 us, parallelism: 0.89x
[221.830s][info][gc,stats       ]         DWR: <total>                 63 us
[221.830s][info][gc,stats       ]         DWR: VM Weak Roots           63 us, workers (us):  14,  13,  13,  13,  10,   1, 
[221.830s][info][gc,stats       ]       CLDG                            0 us
[221.830s][info][gc,stats       ]   Update Region States               65 us
[221.830s][info][gc,stats       ]   Manage GC/TLABs                     2 us
[221.830s][info][gc,stats       ]   Choose Collection Set              39 us
[221.830s][info][gc,stats       ]   Rebuild Free Set                    8 us
[221.830s][info][gc,stats       ]   Cleanup                             6 us
[221.830s][info][gc,stats       ] Pacing                            47626 us
[221.830s][info][gc,stats       ] 
[221.830s][info][gc,stats       ] Allocation pacing accrued:
[221.830s][info][gc,stats       ]      48 of  2874 ms (  1.7%): main
[221.830s][info][gc,stats       ]      48 of  2874 ms (  1.7%): <total>
[221.830s][info][gc,stats       ]       4 of  2874 ms (  0.1%): <average total>
[221.830s][info][gc,stats       ]      48 of  2874 ms (  1.7%): <average non-zero>
[221.830s][info][gc,stats       ] 
[221.830s][info][gc,metaspace   ] Metaspace: 1071K(1280K)->1071K(1280K) NonClass: 990K(1088K)->990K(1088K) Class: 81K(192K)->81K(192K)
[221.830s][info][gc,ergo        ] Pacer for Idle. Initial: 10485K, Alloc Tax Rate: 1.0x
[223.261s][info][gc             ] Trigger: Average GC time (5.28 ms) is above the time for average allocation rate (299 MB/s) to deplete free headroom (0B) (margin of error = 3.23)
[223.261s][info][gc,ergo        ] Free headroom: 84747K (free) - 26214K (spike) - 153M (penalties) = 0B
[223.261s][info][gc,ergo        ] Free: 84747K, Max: 256K regular, 45312K humongous, Frag: 47% external, 0% internal; Reserve: 26368K, Max: 256K
[223.261s][info][gc,start       ] GC(130) Concurrent reset
[223.261s][info][gc,task        ] GC(130) Using 3 of 6 workers for concurrent reset
[223.261s][info][gc,ergo        ] GC(130) Pacer for Reset. Non-Taxable: 512M
[223.261s][info][gc             ] GC(130) Concurrent reset 0.168ms
[223.261s][info][gc,start       ] GC(130) Pause Init Mark (unload classes)
[223.261s][info][gc,task        ] GC(130) Using 6 of 6 workers for init marking
[223.261s][info][gc,ergo        ] GC(130) Pacer for Mark. Expected Live: 118M, Free: 84747K, Non-Taxable: 8474K, Alloc Tax Rate: 1.7x
[223.261s][info][gc             ] GC(130) Pause Init Mark (unload classes) 0.123ms
[223.261s][info][gc,start       ] GC(130) Concurrent marking roots
[223.261s][info][gc,task        ] GC(130) Using 3 of 6 workers for concurrent marking roots
[223.261s][info][gc             ] GC(130) Concurrent marking roots 0.288ms
[223.261s][info][gc,start       ] GC(130) Concurrent marking (unload classes)
[223.261s][info][gc,task        ] GC(130) Using 3 of 6 workers for concurrent marking
[223.262s][info][gc             ] GC(130) Concurrent marking (unload classes) 0.668ms
[223.262s][info][gc,start       ] GC(130) Pause Final Mark (unload classes)
[223.262s][info][gc,task        ] GC(130) Using 6 of 6 workers for final marking
[223.262s][info][gc,ergo        ] GC(130) Collectable Garbage: 217M (99%), Immediate: 217M (99%), CSet: 0B (0%)
[223.262s][info][gc             ] GC(130) Pause Final Mark (unload classes) 0.134ms
[223.262s][info][gc,start       ] GC(130) Concurrent weak references
[223.262s][info][gc,task        ] GC(130) Using 3 of 6 workers for concurrent weak references
[223.262s][info][gc,ref         ] GC(130) Encountered references: Soft: 45, Weak: 116, Final: 0, Phantom: 7
[223.262s][info][gc,ref         ] GC(130) Discovered  references: Soft: 0, Weak: 68, Final: 0, Phantom: 5
[223.262s][info][gc,ref         ] GC(130) Enqueued    references: Soft: 0, Weak: 0, Final: 0, Phantom: 0
[223.262s][info][gc             ] GC(130) Concurrent weak references 0.071ms
[223.262s][info][gc,start       ] GC(130) Concurrent weak roots
[223.262s][info][gc,task        ] GC(130) Using 3 of 6 workers for concurrent weak root
[223.262s][info][gc             ] GC(130) Concurrent weak roots 0.114ms
[223.262s][info][gc,start       ] GC(130) Concurrent cleanup
[223.262s][info][gc             ] GC(130) Concurrent cleanup 399M->181M(512M) 0.049ms
[223.262s][info][gc,ergo        ] GC(130) Free: 303M, Max: 256K regular, 150M humongous, Frag: 51% external, 0% internal; Reserve: 26368K, Max: 256K
[223.262s][info][gc,start       ] GC(130) Concurrent class unloading
[223.263s][info][gc,task        ] GC(130) Using 3 of 6 workers for concurrent class unloading
[223.263s][info][gc             ] GC(130) Concurrent class unloading 0.226ms
[223.263s][info][gc,start       ] GC(130) Pause Final Roots
[223.263s][info][gc             ] GC(130) Pause Final Roots 0.016ms
[223.263s][info][gc,ergo        ] Free: 303M, Max: 256K regular, 150M humongous, Frag: 51% external, 0% internal; Reserve: 26368K, Max: 256K
[223.263s][info][gc,stats       ] 
[223.263s][info][gc,stats       ] All times are wall-clock times, except per-root-class counters, that are sum over
[223.263s][info][gc,stats       ] all workers. Dividing the <total> over the root stage time estimates parallelism.
[223.263s][info][gc,stats       ] 
[223.263s][info][gc,stats       ] Concurrent Reset                    188 us
[223.263s][info][gc,stats       ] Pause Init Mark (G)                 177 us
[223.263s][info][gc,stats       ] Pause Init Mark (N)                 141 us
[223.263s][info][gc,stats       ]   Update Region States               74 us
[223.263s][info][gc,stats       ] Concurrent Mark Roots               303 us, parallelism: 1.17x
[223.263s][info][gc,stats       ]   CMR: <total>                      355 us
[223.263s][info][gc,stats       ]   CMR: Thread Roots                 321 us, workers (us): 208,  74,  39, ---, ---, ---, 
[223.263s][info][gc,stats       ]   CMR: VM Strong Roots                4 us, workers (us):   2,   2,   0, ---, ---, ---, 
[223.263s][info][gc,stats       ]   CMR: CLDG Roots                    30 us, workers (us):  30, ---, ---, ---, ---, ---, 
[223.263s][info][gc,stats       ] Concurrent Marking                  685 us
[223.263s][info][gc,stats       ] Pause Final Mark (G)                194 us
[223.263s][info][gc,stats       ] Pause Final Mark (N)                145 us
[223.263s][info][gc,stats       ]   Finish Mark                        28 us
[223.263s][info][gc,stats       ]   Update Region States               30 us
[223.263s][info][gc,stats       ]   Choose Collection Set              36 us
[223.263s][info][gc,stats       ]   Rebuild Free Set                    8 us
[223.263s][info][gc,stats       ] Concurrent Weak References           80 us, parallelism: 0.04x
[223.263s][info][gc,stats       ]   CWRF: <total>                       3 us
[223.263s][info][gc,stats       ]   CWRF: Weak References               3 us, workers (us):   3,   0,   0, ---, ---, ---, 
[223.263s][info][gc,stats       ] Concurrent Weak Roots               130 us
[223.263s][info][gc,stats       ]   Roots                              73 us, parallelism: 1.33x
[223.263s][info][gc,stats       ]     CWR: <total>                     96 us
[223.263s][info][gc,stats       ]     CWR: Code Cache Roots            52 us, workers (us):   0,  36,  16, ---, ---, ---, 
[223.263s][info][gc,stats       ]     CWR: VM Weak Roots               44 us, workers (us):  15,  15,  14, ---, ---, ---, 
[223.263s][info][gc,stats       ]     CWR: CLDG Roots                   1 us, workers (us):   1, ---, ---, ---, ---, ---, 
[223.263s][info][gc,stats       ]   Rendezvous                         25 us
[223.263s][info][gc,stats       ] Concurrent Cleanup                   59 us
[223.263s][info][gc,stats       ] Concurrent Class Unloading          239 us
[223.263s][info][gc,stats       ]   Unlink Stale                      159 us
[223.263s][info][gc,stats       ]     System Dictionary                 1 us
[223.263s][info][gc,stats       ]     Weak Class Links                  0 us
[223.263s][info][gc,stats       ]     Code Roots                      157 us
[223.263s][info][gc,stats       ]   Rendezvous                         25 us
[223.263s][info][gc,stats       ]   Purge Unlinked                     25 us
[223.263s][info][gc,stats       ]     Code Roots                       22 us
[223.263s][info][gc,stats       ]     CLDG                              3 us
[223.263s][info][gc,stats       ]     Exception Caches                  0 us
[223.263s][info][gc,stats       ] Pause Final Roots (G)                45 us
[223.263s][info][gc,stats       ] Pause Final Roots (N)                24 us
[223.263s][info][gc,stats       ] 
[223.263s][info][gc,stats       ] Allocation pacing accrued:
[223.263s][info][gc,stats       ]       0 of  1433 ms (  0.0%): <total>
[223.263s][info][gc,stats       ]       0 of  1433 ms (  0.0%): <average total>
[223.263s][info][gc,stats       ] 
[223.263s][info][gc,metaspace   ] Metaspace: 1071K(1280K)->1071K(1280K) NonClass: 990K(1088K)->990K(1088K) Class: 81K(192K)->81K(192K)
[223.263s][info][gc,ergo        ] Pacer for Idle. Initial: 10485K, Alloc Tax Rate: 1.0x
[224.707s][info][gc             ] Trigger: Average GC time (4.80 ms) is above the time for average allocation rate (240 MB/s) to deplete free headroom (0B) (margin of error = 3.24)
[224.707s][info][gc,ergo        ] Free headroom: 128M (free) - 26214K (spike) - 148M (penalties) = 0B
[224.707s][info][gc,ergo        ] Free: 128M, Max: 256K regular, 45312K humongous, Frag: 66% external, 0% internal; Reserve: 26368K, Max: 256K
[224.707s][info][gc,start       ] GC(131) Concurrent reset
[224.707s][info][gc,task        ] GC(131) Using 3 of 6 workers for concurrent reset
[224.707s][info][gc,ergo        ] GC(131) Pacer for Reset. Non-Taxable: 512M
[224.708s][info][gc             ] GC(131) Concurrent reset 0.427ms
[224.708s][info][gc,start       ] GC(131) Pause Init Mark (unload classes)
[224.708s][info][gc,task        ] GC(131) Using 6 of 6 workers for init marking
[224.708s][info][gc,ergo        ] GC(131) Pacer for Mark. Expected Live: 126M, Free: 128M, Non-Taxable: 13185K, Alloc Tax Rate: 1.2x
[224.708s][info][gc             ] GC(131) Pause Init Mark (unload classes) 0.120ms
[224.708s][info][gc,start       ] GC(131) Concurrent marking roots
[224.708s][info][gc,task        ] GC(131) Using 3 of 6 workers for concurrent marking roots
[224.708s][info][gc             ] GC(131) Concurrent marking roots 0.301ms
[224.708s][info][gc,start       ] GC(131) Concurrent marking (unload classes)
[224.708s][info][gc,task        ] GC(131) Using 3 of 6 workers for concurrent marking
[224.709s][info][gc             ] GC(131) Concurrent marking (unload classes) 0.812ms
[224.709s][info][gc,start       ] GC(131) Pause Final Mark (unload classes)
[224.709s][info][gc,task        ] GC(131) Using 6 of 6 workers for final marking
[224.710s][info][gc,ergo        ] GC(131) Collectable Garbage: 252M (99%), Immediate: 252M (99%), CSet: 0B (0%)
[224.710s][info][gc             ] GC(131) Pause Final Mark (unload classes) 0.273ms
[224.710s][info][gc,start       ] GC(131) Concurrent weak references
[224.710s][info][gc,task        ] GC(131) Using 3 of 6 workers for concurrent weak references
[224.710s][info][gc,ref         ] GC(131) Encountered references: Soft: 45, Weak: 116, Final: 0, Phantom: 7
[224.710s][info][gc,ref         ] GC(131) Discovered  references: Soft: 0, Weak: 72, Final: 0, Phantom: 5
[224.710s][info][gc,ref         ] GC(131) Enqueued    references: Soft: 0, Weak: 0, Final: 0, Phantom: 0
[224.710s][info][gc             ] GC(131) Concurrent weak references 0.157ms
[224.710s][info][gc,start       ] GC(131) Concurrent weak roots
[224.710s][info][gc,task        ] GC(131) Using 3 of 6 workers for concurrent weak root
[224.710s][info][gc             ] GC(131) Concurrent weak roots 0.245ms
[224.710s][info][gc,start       ] GC(131) Concurrent cleanup
[224.710s][info][gc             ] GC(131) Concurrent cleanup 354M->101M(512M) 0.063ms
[224.710s][info][gc,ergo        ] GC(131) Free: 384M, Max: 256K regular, 194M humongous, Frag: 50% external, 0% internal; Reserve: 26368K, Max: 256K
[224.710s][info][gc,start       ] GC(131) Concurrent class unloading
[224.710s][info][gc,task        ] GC(131) Using 3 of 6 workers for concurrent class unloading
[224.711s][info][gc             ] GC(131) Concurrent class unloading 0.390ms
[224.711s][info][gc,start       ] GC(131) Pause Final Roots
[224.711s][info][gc             ] GC(131) Pause Final Roots 0.019ms
[224.711s][info][gc,ergo        ] Free: 384M, Max: 256K regular, 194M humongous, Frag: 50% external, 0% internal; Reserve: 26368K, Max: 256K
[224.711s][info][gc,stats       ] 
[224.711s][info][gc,stats       ] All times are wall-clock times, except per-root-class counters, that are sum over
[224.711s][info][gc,stats       ] all workers. Dividing the <total> over the root stage time estimates parallelism.
[224.711s][info][gc,stats       ] 
[224.711s][info][gc,stats       ] Concurrent Reset                    450 us
[224.711s][info][gc,stats       ] Pause Init Mark (G)                 197 us
[224.711s][info][gc,stats       ] Pause Init Mark (N)                 130 us
[224.711s][info][gc,stats       ]   Update Region States               61 us
[224.711s][info][gc,stats       ] Concurrent Mark Roots               319 us, parallelism: 1.19x
[224.711s][info][gc,stats       ]   CMR: <total>                      379 us
[224.711s][info][gc,stats       ]   CMR: Thread Roots                 338 us, workers (us):  41,  83, 213, ---, ---, ---, 
[224.711s][info][gc,stats       ]   CMR: VM Strong Roots                5 us, workers (us):   5,   0,   0, ---, ---, ---, 
[224.711s][info][gc,stats       ]   CMR: CLDG Roots                    36 us, workers (us):  36, ---, ---, ---, ---, ---, 
[224.711s][info][gc,stats       ] Concurrent Marking                  833 us
[224.711s][info][gc,stats       ] Pause Final Mark (G)                423 us
[224.711s][info][gc,stats       ] Pause Final Mark (N)                283 us
[224.711s][info][gc,stats       ]   Finish Mark                       134 us
[224.711s][info][gc,stats       ]   Update Region States               61 us
[224.711s][info][gc,stats       ]   Choose Collection Set              39 us
[224.711s][info][gc,stats       ]   Rebuild Free Set                    8 us
[224.711s][info][gc,stats       ] Concurrent Weak References          166 us, parallelism: 0.02x
[224.711s][info][gc,stats       ]   CWRF: <total>                       4 us
[224.711s][info][gc,stats       ]   CWRF: Weak References               4 us, workers (us):   4,   0,   0, ---, ---, ---, 
[224.711s][info][gc,stats       ] Concurrent Weak Roots               263 us
[224.711s][info][gc,stats       ]   Roots                             137 us, parallelism: 0.82x
[224.711s][info][gc,stats       ]     CWR: <total>                    112 us
[224.711s][info][gc,stats       ]     CWR: Code Cache Roots            63 us, workers (us):  48,  15,   0, ---, ---, ---, 
[224.711s][info][gc,stats       ]     CWR: VM Weak Roots               48 us, workers (us):  17,  16,  15, ---, ---, ---, 
[224.711s][info][gc,stats       ]     CWR: CLDG Roots                   1 us, workers (us): ---, ---,   1, ---, ---, ---, 
[224.711s][info][gc,stats       ]   Rendezvous                         91 us
[224.711s][info][gc,stats       ] Concurrent Cleanup                   74 us
[224.711s][info][gc,stats       ] Concurrent Class Unloading          408 us
[224.711s][info][gc,stats       ]   Unlink Stale                      188 us
[224.711s][info][gc,stats       ]     System Dictionary                 1 us
[224.711s][info][gc,stats       ]     Weak Class Links                  0 us
[224.711s][info][gc,stats       ]     Code Roots                      186 us
[224.711s][info][gc,stats       ]   Rendezvous                         97 us
[224.711s][info][gc,stats       ]   Purge Unlinked                     89 us
[224.711s][info][gc,stats       ]     Code Roots                       84 us
[224.711s][info][gc,stats       ]     CLDG                              4 us
[224.711s][info][gc,stats       ]     Exception Caches                  0 us
[224.711s][info][gc,stats       ] Pause Final Roots (G)               125 us
[224.711s][info][gc,stats       ] Pause Final Roots (N)                28 us
[224.711s][info][gc,stats       ] Pacing                            30963 us
[224.711s][info][gc,stats       ] 
[224.711s][info][gc,stats       ] Allocation pacing accrued:
[224.711s][info][gc,stats       ]      31 of  1448 ms (  2.1%): main
[224.711s][info][gc,stats       ]      31 of  1448 ms (  2.1%): <total>
[224.711s][info][gc,stats       ]       2 of  1448 ms (  0.2%): <average total>
[224.711s][info][gc,stats       ]      31 of  1448 ms (  2.1%): <average non-zero>
[224.711s][info][gc,stats       ] 
[224.711s][info][gc,metaspace   ] Metaspace: 1071K(1280K)->1071K(1280K) NonClass: 990K(1088K)->990K(1088K) Class: 81K(192K)->81K(192K)
[224.711s][info][gc,ergo        ] Pacer for Idle. Initial: 10485K, Alloc Tax Rate: 1.0x
[226.169s][info][gc             ] Trigger: Average GC time (4.84 ms) is above the time for average allocation rate (297 MB/s) to deplete free headroom (0B) (margin of error = 3.24)
[226.169s][info][gc,ergo        ] Free headroom: 158M (free) - 26214K (spike) - 143M (penalties) = 0B
[226.170s][info][gc,ergo        ] Free: 158M, Max: 256K regular, 96768K humongous, Frag: 41% external, 0% internal; Reserve: 26368K, Max: 256K
[226.170s][info][gc,start       ] GC(132) Concurrent reset
[226.170s][info][gc,task        ] GC(132) Using 3 of 6 workers for concurrent reset
[226.170s][info][gc,ergo        ] GC(132) Pacer for Reset. Non-Taxable: 512M
[226.170s][info][gc             ] GC(132) Concurrent reset 0.269ms
[226.170s][info][gc,start       ] GC(132) Pause Init Mark (unload classes)
[226.170s][info][gc,task        ] GC(132) Using 6 of 6 workers for init marking
[226.170s][info][gc,ergo        ] GC(132) Pacer for Mark. Expected Live: 135M, Free: 158M, Non-Taxable: 16231K, Alloc Tax Rate: 1.0x
[226.170s][info][gc             ] GC(132) Pause Init Mark (unload classes) 0.134ms
[226.170s][info][gc,start       ] GC(132) Concurrent marking roots
[226.170s][info][gc,task        ] GC(132) Using 3 of 6 workers for concurrent marking roots
[226.170s][info][gc             ] GC(132) Concurrent marking roots 0.324ms
[226.170s][info][gc,start       ] GC(132) Concurrent marking (unload classes)
[226.170s][info][gc,task        ] GC(132) Using 3 of 6 workers for concurrent marking
[226.171s][info][gc             ] GC(132) Concurrent marking (unload classes) 0.760ms
[226.171s][info][gc,start       ] GC(132) Pause Final Mark (unload classes)
[226.171s][info][gc,task        ] GC(132) Using 6 of 6 workers for final marking
[226.171s][info][gc,ergo        ] GC(132) Collectable Garbage: 117M (99%), Immediate: 117M (99%), CSet: 0B (0%)
[226.172s][info][gc             ] GC(132) Pause Final Mark (unload classes) 0.314ms
[226.172s][info][gc,start       ] GC(132) Concurrent weak references
[226.172s][info][gc,task        ] GC(132) Using 3 of 6 workers for concurrent weak references
[226.172s][info][gc,ref         ] GC(132) Encountered references: Soft: 45, Weak: 116, Final: 0, Phantom: 7
[226.172s][info][gc,ref         ] GC(132) Discovered  references: Soft: 0, Weak: 71, Final: 0, Phantom: 5
[226.172s][info][gc,ref         ] GC(132) Enqueued    references: Soft: 0, Weak: 0, Final: 0, Phantom: 0
[226.172s][info][gc             ] GC(132) Concurrent weak references 0.147ms
[226.172s][info][gc,start       ] GC(132) Concurrent weak roots
[226.172s][info][gc,task        ] GC(132) Using 3 of 6 workers for concurrent weak root
[226.172s][info][gc             ] GC(132) Concurrent weak roots 0.235ms
[226.172s][info][gc,start       ] GC(132) Concurrent cleanup
[226.172s][info][gc             ] GC(132) Concurrent cleanup 324M->206M(512M) 0.034ms
[226.172s][info][gc,ergo        ] GC(132) Free: 278M, Max: 256K regular, 159M humongous, Frag: 43% external, 0% internal; Reserve: 26368K, Max: 256K
[226.172s][info][gc,start       ] GC(132) Concurrent class unloading
[226.172s][info][gc,task        ] GC(132) Using 3 of 6 workers for concurrent class unloading
[226.172s][info][gc             ] GC(132) Concurrent class unloading 0.352ms
[226.172s][info][gc,start       ] GC(132) Pause Final Roots
[226.172s][info][gc             ] GC(132) Pause Final Roots 0.018ms
[226.173s][info][gc,ergo        ] Free: 278M, Max: 256K regular, 159M humongous, Frag: 43% external, 0% internal; Reserve: 26368K, Max: 256K
[226.173s][info][gc,stats       ] 
[226.173s][info][gc,stats       ] All times are wall-clock times, except per-root-class counters, that are sum over
[226.173s][info][gc,stats       ] all workers. Dividing the <total> over the root stage time estimates parallelism.
[226.173s][info][gc,stats       ] 
[226.173s][info][gc,stats       ] Concurrent Reset                    289 us
[226.173s][info][gc,stats       ] Pause Init Mark (G)                 209 us
[226.173s][info][gc,stats       ] Pause Init Mark (N)                 146 us
[226.173s][info][gc,stats       ]   Update Region States               80 us
[226.173s][info][gc,stats       ] Concurrent Mark Roots               343 us, parallelism: 0.98x
[226.173s][info][gc,stats       ]   CMR: <total>                      336 us
[226.173s][info][gc,stats       ]   CMR: Thread Roots                 303 us, workers (us): 198,  65,  41, ---, ---, ---, 
[226.173s][info][gc,stats       ]   CMR: VM Strong Roots                3 us, workers (us):   3,   0,   0, ---, ---, ---, 
[226.173s][info][gc,stats       ]   CMR: CLDG Roots                    29 us, workers (us):  29, ---, ---, ---, ---, ---, 
[226.173s][info][gc,stats       ] Concurrent Marking                  779 us
[226.173s][info][gc,stats       ] Pause Final Mark (G)                454 us
[226.173s][info][gc,stats       ] Pause Final Mark (N)                324 us
[226.173s][info][gc,stats       ]   Finish Mark                       147 us
[226.173s][info][gc,stats       ]   Update Region States               86 us
[226.173s][info][gc,stats       ]   Choose Collection Set              42 us
[226.173s][info][gc,stats       ]   Rebuild Free Set                    8 us
[226.173s][info][gc,stats       ] Concurrent Weak References          156 us, parallelism: 0.06x
[226.173s][info][gc,stats       ]   CWRF: <total>                       9 us
[226.173s][info][gc,stats       ]   CWRF: Weak References               9 us, workers (us):   9,   0,   0, ---, ---, ---, 
[226.173s][info][gc,stats       ] Concurrent Weak Roots               255 us
[226.173s][info][gc,stats       ]   Roots                             127 us, parallelism: 0.70x
[226.173s][info][gc,stats       ]     CWR: <total>                     88 us
[226.173s][info][gc,stats       ]     CWR: Code Cache Roots            49 us, workers (us):  34,  15,   0, ---, ---, ---, 
[226.173s][info][gc,stats       ]     CWR: VM Weak Roots               39 us, workers (us):  38,   0,   0, ---, ---, ---, 
[226.173s][info][gc,stats       ]     CWR: CLDG Roots                   1 us, workers (us):   1, ---, ---, ---, ---, ---, 
[226.173s][info][gc,stats       ]   Rendezvous                         91 us
[226.173s][info][gc,stats       ] Concurrent Cleanup                   44 us
[226.173s][info][gc,stats       ] Concurrent Class Unloading          370 us
[226.173s][info][gc,stats       ]   Unlink Stale                      180 us
[226.173s][info][gc,stats       ]     System Dictionary                 1 us
[226.173s][info][gc,stats       ]     Weak Class Links                  0 us
[226.173s][info][gc,stats       ]     Code Roots                      178 us
[226.173s][info][gc,stats       ]   Rendezvous                         66 us
[226.173s][info][gc,stats       ]   Purge Unlinked                     89 us
[226.173s][info][gc,stats       ]     Code Roots                       85 us
[226.173s][info][gc,stats       ]     CLDG                              4 us
[226.173s][info][gc,stats       ]     Exception Caches                  0 us
[226.173s][info][gc,stats       ] Pause Final Roots (G)                79 us
[226.173s][info][gc,stats       ] Pause Final Roots (N)                27 us
[226.173s][info][gc,stats       ] Pacing                            46749 us
[226.173s][info][gc,stats       ] 
[226.173s][info][gc,stats       ] Allocation pacing accrued:
[226.173s][info][gc,stats       ]      47 of  1462 ms (  3.2%): main
[226.173s][info][gc,stats       ]      47 of  1462 ms (  3.2%): <total>
[226.173s][info][gc,stats       ]       4 of  1462 ms (  0.2%): <average total>
[226.173s][info][gc,stats       ]      47 of  1462 ms (  3.2%): <average non-zero>
[226.173s][info][gc,stats       ] 
[226.173s][info][gc,metaspace   ] Metaspace: 1071K(1280K)->1071K(1280K) NonClass: 990K(1088K)->990K(1088K) Class: 81K(192K)->81K(192K)
[226.173s][info][gc,ergo        ] Pacer for Idle. Initial: 10485K, Alloc Tax Rate: 1.0x
[227.509s][info][gc             ] Trigger: Average GC time (4.32 ms) is above the time for average allocation rate (123 MB/s) to deplete free headroom (0B) (margin of error = 3.26)
[227.509s][info][gc,ergo        ] Free headroom: 153M (free) - 26214K (spike) - 138M (penalties) = 0B
[227.509s][info][gc,ergo        ] Free: 153M, Max: 256K regular, 96768K humongous, Frag: 39% external, 0% internal; Reserve: 26368K, Max: 256K
[227.509s][info][gc,start       ] GC(133) Concurrent reset
[227.509s][info][gc,task        ] GC(133) Using 3 of 6 workers for concurrent reset
[227.509s][info][gc,ergo        ] GC(133) Pacer for Reset. Non-Taxable: 512M
[227.510s][info][gc             ] GC(133) Concurrent reset 0.443ms
[227.510s][info][gc,start       ] GC(133) Pause Init Mark (unload classes)
[227.510s][info][gc,task        ] GC(133) Using 6 of 6 workers for init marking
[227.510s][info][gc,ergo        ] GC(133) Pacer for Mark. Expected Live: 140M, Free: 153M, Non-Taxable: 15693K, Alloc Tax Rate: 1.1x
[227.510s][info][gc             ] GC(133) Pause Init Mark (unload classes) 0.107ms
[227.510s][info][gc,start       ] GC(133) Concurrent marking roots
[227.510s][info][gc,task        ] GC(133) Using 3 of 6 workers for concurrent marking roots
[227.510s][info][gc             ] GC(133) Concurrent marking roots 0.295ms
[227.510s][info][gc,start       ] GC(133) Concurrent marking (unload classes)
[227.510s][info][gc,task        ] GC(133) Using 3 of 6 workers for concurrent marking
[227.511s][info][gc             ] GC(133) Concurrent marking (unload classes) 0.672ms
[227.511s][info][gc,start       ] GC(133) Pause Final Mark (unload classes)
[227.511s][info][gc,task        ] GC(133) Using 6 of 6 workers for final marking
[227.511s][info][gc,ergo        ] GC(133) Collectable Garbage: 166M (99%), Immediate: 166M (99%), CSet: 0B (0%)
[227.511s][info][gc             ] GC(133) Pause Final Mark (unload classes) 0.179ms
[227.511s][info][gc,start       ] GC(133) Concurrent weak references
[227.511s][info][gc,task        ] GC(133) Using 3 of 6 workers for concurrent weak references
[227.511s][info][gc,ref         ] GC(133) Encountered references: Soft: 45, Weak: 116, Final: 0, Phantom: 7
[227.511s][info][gc,ref         ] GC(133) Discovered  references: Soft: 0, Weak: 73, Final: 0, Phantom: 5
[227.511s][info][gc,ref         ] GC(133) Enqueued    references: Soft: 0, Weak: 0, Final: 0, Phantom: 0
[227.511s][info][gc             ] GC(133) Concurrent weak references 0.076ms
[227.511s][info][gc,start       ] GC(133) Concurrent weak roots
[227.511s][info][gc,task        ] GC(133) Using 3 of 6 workers for concurrent weak root
[227.511s][info][gc             ] GC(133) Concurrent weak roots 0.119ms
[227.511s][info][gc,start       ] GC(133) Concurrent cleanup
[227.511s][info][gc             ] GC(133) Concurrent cleanup 329M->162M(512M) 0.042ms
[227.511s][info][gc,ergo        ] GC(133) Free: 322M, Max: 256K regular, 194M humongous, Frag: 40% external, 0% internal; Reserve: 26368K, Max: 256K
[227.511s][info][gc,start       ] GC(133) Concurrent class unloading
[227.511s][info][gc,task        ] GC(133) Using 3 of 6 workers for concurrent class unloading
[227.512s][info][gc             ] GC(133) Concurrent class unloading 0.225ms
[227.512s][info][gc,start       ] GC(133) Pause Final Roots
[227.512s][info][gc             ] GC(133) Pause Final Roots 0.016ms
[227.512s][info][gc,ergo        ] Free: 322M, Max: 256K regular, 194M humongous, Frag: 40% external, 0% internal; Reserve: 26368K, Max: 256K
[227.512s][info][gc,stats       ] 
[227.512s][info][gc,stats       ] All times are wall-clock times, except per-root-class counters, that are sum over
[227.512s][info][gc,stats       ] all workers. Dividing the <total> over the root stage time estimates parallelism.
[227.512s][info][gc,stats       ] 
[227.512s][info][gc,stats       ] Concurrent Reset                    466 us
[227.512s][info][gc,stats       ] Pause Init Mark (G)                 206 us
[227.512s][info][gc,stats       ] Pause Init Mark (N)                 117 us
[227.512s][info][gc,stats       ]   Update Region States               53 us
[227.512s][info][gc,stats       ] Concurrent Mark Roots               311 us, parallelism: 1.21x
[227.512s][info][gc,stats       ]   CMR: <total>                      374 us
[227.512s][info][gc,stats       ]   CMR: Thread Roots                 339 us, workers (us):  35, 229,  75, ---, ---, ---, 
[227.512s][info][gc,stats       ]   CMR: VM Strong Roots                5 us, workers (us):   2,   1,   1, ---, ---, ---, 
[227.512s][info][gc,stats       ]   CMR: CLDG Roots                    30 us, workers (us):  30, ---, ---, ---, ---, ---, 
[227.512s][info][gc,stats       ] Concurrent Marking                  690 us
[227.512s][info][gc,stats       ] Pause Final Mark (G)                227 us
[227.512s][info][gc,stats       ] Pause Final Mark (N)                189 us
[227.512s][info][gc,stats       ]   Finish Mark                        77 us
[227.512s][info][gc,stats       ]   Update Region States               28 us
[227.512s][info][gc,stats       ]   Choose Collection Set              34 us
[227.512s][info][gc,stats       ]   Rebuild Free Set                    8 us
[227.512s][info][gc,stats       ] Concurrent Weak References           84 us, parallelism: 0.06x
[227.512s][info][gc,stats       ]   CWRF: <total>                       5 us
[227.512s][info][gc,stats       ]   CWRF: Weak References               5 us, workers (us):   3,   1,   1, ---, ---, ---, 
[227.512s][info][gc,stats       ] Concurrent Weak Roots               135 us
[227.512s][info][gc,stats       ]   Roots                              76 us, parallelism: 1.28x
[227.512s][info][gc,stats       ]     CWR: <total>                     98 us
[227.512s][info][gc,stats       ]     CWR: Code Cache Roots            52 us, workers (us):  16,   0,  36, ---, ---, ---, 
[227.512s][info][gc,stats       ]     CWR: VM Weak Roots               45 us, workers (us):  16,  16,  12, ---, ---, ---, 
[227.512s][info][gc,stats       ]     CWR: CLDG Roots                   1 us, workers (us): ---,   1, ---, ---, ---, ---, 
[227.512s][info][gc,stats       ]   Rendezvous                         26 us
[227.512s][info][gc,stats       ] Concurrent Cleanup                   52 us
[227.512s][info][gc,stats       ] Concurrent Class Unloading          239 us
[227.512s][info][gc,stats       ]   Unlink Stale                      157 us
[227.512s][info][gc,stats       ]     System Dictionary                 1 us
[227.512s][info][gc,stats       ]     Weak Class Links                  0 us
[227.512s][info][gc,stats       ]     Code Roots                      155 us
[227.512s][info][gc,stats       ]   Rendezvous                         26 us
[227.512s][info][gc,stats       ]   Purge Unlinked                     25 us
[227.512s][info][gc,stats       ]     Code Roots                       22 us
[227.512s][info][gc,stats       ]     CLDG                              3 us
[227.512s][info][gc,stats       ]     Exception Caches                  0 us
[227.512s][info][gc,stats       ] Pause Final Roots (G)                45 us
[227.512s][info][gc,stats       ] Pause Final Roots (N)                24 us
[227.512s][info][gc,stats       ] Pacing                            31369 us
[227.512s][info][gc,stats       ] 
[227.512s][info][gc,stats       ] Allocation pacing accrued:
[227.512s][info][gc,stats       ]      31 of  1339 ms (  2.3%): main
[227.512s][info][gc,stats       ]      31 of  1339 ms (  2.3%): <total>
[227.512s][info][gc,stats       ]       2 of  1339 ms (  0.2%): <average total>
[227.512s][info][gc,stats       ]      31 of  1339 ms (  2.3%): <average non-zero>
[227.512s][info][gc,stats       ] 
[227.512s][info][gc,metaspace   ] Metaspace: 1071K(1280K)->1071K(1280K) NonClass: 990K(1088K)->990K(1088K) Class: 81K(192K)->81K(192K)
[227.512s][info][gc,ergo        ] Pacer for Idle. Initial: 10485K, Alloc Tax Rate: 1.0x
[228.991s][info][gc             ] Trigger: Average GC time (3.98 ms) is above the time for average allocation rate (139 MB/s) to deplete free headroom (0B) (margin of error = 3.26)
[228.992s][info][gc,ergo        ] Free headroom: 122M (free) - 26214K (spike) - 133M (penalties) = 0B
[228.992s][info][gc,ergo        ] Free: 122M, Max: 256K regular, 96768K humongous, Frag: 24% external, 0% internal; Reserve: 26368K, Max: 256K
[228.992s][info][gc,start       ] GC(134) Concurrent reset
[228.992s][info][gc,task        ] GC(134) Using 3 of 6 workers for concurrent reset
[228.992s][info][gc,ergo        ] GC(134) Pacer for Reset. Non-Taxable: 512M
[228.992s][info][gc             ] GC(134) Concurrent reset 0.298ms
[228.992s][info][gc,start       ] GC(134) Pause Init Mark (unload classes)
[228.992s][info][gc,task        ] GC(134) Using 6 of 6 workers for init marking
[228.992s][info][gc,ergo        ] GC(134) Pacer for Mark. Expected Live: 169M, Free: 122M, Non-Taxable: 12570K, Alloc Tax Rate: 1.7x
[228.992s][info][gc             ] GC(134) Pause Init Mark (unload classes) 0.108ms
[228.992s][info][gc,start       ] GC(134) Concurrent marking roots
[228.992s][info][gc,task        ] GC(134) Using 3 of 6 workers for concurrent marking roots
[228.992s][info][gc             ] GC(134) Concurrent marking roots 0.317ms
[228.992s][info][gc,start       ] GC(134) Concurrent marking (unload classes)
[228.992s][info][gc,task        ] GC(134) Using 3 of 6 workers for concurrent marking
[228.993s][info][gc             ] GC(134) Concurrent marking (unload classes) 0.772ms
[228.993s][info][gc,start       ] GC(134) Pause Final Mark (unload classes)
[228.993s][info][gc,task        ] GC(134) Using 6 of 6 workers for final marking
[228.994s][info][gc,ergo        ] GC(134) Collectable Garbage: 298M (99%), Immediate: 298M (99%), CSet: 0B (0%)
[228.994s][info][gc             ] GC(134) Pause Final Mark (unload classes) 0.258ms
[228.994s][info][gc,start       ] GC(134) Concurrent weak references
[228.994s][info][gc,task        ] GC(134) Using 3 of 6 workers for concurrent weak references
[228.994s][info][gc,ref         ] GC(134) Encountered references: Soft: 45, Weak: 116, Final: 0, Phantom: 7
[228.994s][info][gc,ref         ] GC(134) Discovered  references: Soft: 0, Weak: 71, Final: 0, Phantom: 5
[228.994s][info][gc,ref         ] GC(134) Enqueued    references: Soft: 0, Weak: 0, Final: 0, Phantom: 0
[228.994s][info][gc             ] GC(134) Concurrent weak references 0.147ms
[228.994s][info][gc,start       ] GC(134) Concurrent weak roots
[228.994s][info][gc,task        ] GC(134) Using 3 of 6 workers for concurrent weak root
[228.994s][info][gc             ] GC(134) Concurrent weak roots 0.218ms
[228.994s][info][gc,start       ] GC(134) Concurrent cleanup
[228.994s][info][gc             ] GC(134) Concurrent cleanup 360M->61M(512M) 0.068ms
[228.994s][info][gc,ergo        ] GC(134) Free: 423M, Max: 256K regular, 303M humongous, Frag: 29% external, 0% internal; Reserve: 26368K, Max: 256K
[228.994s][info][gc,start       ] GC(134) Concurrent class unloading
[228.994s][info][gc,task        ] GC(134) Using 3 of 6 workers for concurrent class unloading
[228.994s][info][gc             ] GC(134) Concurrent class unloading 0.257ms
[228.994s][info][gc,start       ] GC(134) Pause Final Roots
[228.994s][info][gc             ] GC(134) Pause Final Roots 0.015ms
[228.994s][info][gc,ergo        ] Free: 423M, Max: 256K regular, 303M humongous, Frag: 29% external, 0% internal; Reserve: 26368K, Max: 256K
[228.994s][info][gc,stats       ] 
[228.994s][info][gc,stats       ] All times are wall-clock times, except per-root-class counters, that are sum over
[228.994s][info][gc,stats       ] all workers. Dividing the <total> over the root stage time estimates parallelism.
[228.994s][info][gc,stats       ] 
[228.994s][info][gc,stats       ] Concurrent Reset                    321 us
[228.994s][info][gc,stats       ] Pause Init Mark (G)                 212 us
[228.994s][info][gc,stats       ] Pause Init Mark (N)                 116 us
[228.994s][info][gc,stats       ]   Update Region States               63 us
[228.995s][info][gc,stats       ] Concurrent Mark Roots               339 us, parallelism: 1.03x
[228.995s][info][gc,stats       ]   CMR: <total>                      349 us
[228.995s][info][gc,stats       ]   CMR: Thread Roots                 317 us, workers (us): 201,  43,  73, ---, ---, ---, 
[228.995s][info][gc,stats       ]   CMR: VM Strong Roots                4 us, workers (us):   3,   0,   0, ---, ---, ---, 
[228.995s][info][gc,stats       ]   CMR: CLDG Roots                    29 us, workers (us):  29, ---, ---, ---, ---, ---, 
[228.995s][info][gc,stats       ] Concurrent Marking                  794 us
[228.995s][info][gc,stats       ] Pause Final Mark (G)                330 us
[228.995s][info][gc,stats       ] Pause Final Mark (N)                267 us
[228.995s][info][gc,stats       ]   Finish Mark                       118 us
[228.995s][info][gc,stats       ]   Update Region States               69 us
[228.995s][info][gc,stats       ]   Choose Collection Set              36 us
[228.995s][info][gc,stats       ]   Rebuild Free Set                    8 us
[228.995s][info][gc,stats       ] Concurrent Weak References          155 us, parallelism: 0.03x
[228.995s][info][gc,stats       ]   CWRF: <total>                       4 us
[228.995s][info][gc,stats       ]   CWRF: Weak References               4 us, workers (us):   4,   0,   0, ---, ---, ---, 
[228.995s][info][gc,stats       ] Concurrent Weak Roots               236 us
[228.995s][info][gc,stats       ]   Roots                             131 us, parallelism: 0.70x
[228.995s][info][gc,stats       ]     CWR: <total>                     92 us
[228.995s][info][gc,stats       ]     CWR: Code Cache Roots            51 us, workers (us):   0,  16,  34, ---, ---, ---, 
[228.995s][info][gc,stats       ]     CWR: VM Weak Roots               41 us, workers (us):  37,   2,   2, ---, ---, ---, 
[228.995s][info][gc,stats       ]     CWR: CLDG Roots                   1 us, workers (us):   1, ---, ---, ---, ---, ---, 
[228.995s][info][gc,stats       ]   Rendezvous                         70 us
[228.995s][info][gc,stats       ] Concurrent Cleanup                   79 us
[228.995s][info][gc,stats       ] Concurrent Class Unloading          273 us
[228.995s][info][gc,stats       ]   Unlink Stale                      162 us
[228.995s][info][gc,stats       ]     System Dictionary                 1 us
[228.995s][info][gc,stats       ]     Weak Class Links                  0 us
[228.995s][info][gc,stats       ]     Code Roots                      160 us
[228.995s][info][gc,stats       ]   Rendezvous                         22 us
[228.995s][info][gc,stats       ]   Purge Unlinked                     56 us
[228.995s][info][gc,stats       ]     Code Roots                       53 us
[228.995s][info][gc,stats       ]     CLDG                              3 us
[228.995s][info][gc,stats       ]     Exception Caches                  0 us
[228.995s][info][gc,stats       ] Pause Final Roots (G)                44 us
[228.995s][info][gc,stats       ] Pause Final Roots (N)                24 us
[228.995s][info][gc,stats       ] Pacing                            57825 us
[228.995s][info][gc,stats       ] 
[228.995s][info][gc,stats       ] Allocation pacing accrued:
[228.995s][info][gc,stats       ]      58 of  1483 ms (  3.9%): main
[228.995s][info][gc,stats       ]      58 of  1483 ms (  3.9%): <total>
[228.995s][info][gc,stats       ]       4 of  1483 ms (  0.3%): <average total>
[228.995s][info][gc,stats       ]      58 of  1483 ms (  3.9%): <average non-zero>
[228.995s][info][gc,stats       ] 
[228.995s][info][gc,metaspace   ] Metaspace: 1071K(1280K)->1071K(1280K) NonClass: 990K(1088K)->990K(1088K) Class: 81K(192K)->81K(192K)
[228.995s][info][gc,ergo        ] Pacer for Idle. Initial: 10485K, Alloc Tax Rate: 1.0x
[230.597s][info][gc             ] Trigger: Average GC time (3.66 ms) is above the time for average allocation rate (308 MB/s) to deplete free headroom (0B) (margin of error = 3.25)
[230.597s][info][gc,ergo        ] Free headroom: 100363K (free) - 26214K (spike) - 127M (penalties) = 0B
[230.597s][info][gc,ergo        ] Free: 100363K, Max: 256K regular, 98304K humongous, Frag: 3% external, 0% internal; Reserve: 26368K, Max: 256K
[230.597s][info][gc,start       ] GC(135) Concurrent reset
[230.597s][info][gc,task        ] GC(135) Using 3 of 6 workers for concurrent reset
[230.597s][info][gc,ergo        ] GC(135) Pacer for Reset. Non-Taxable: 512M
[230.598s][info][gc             ] GC(135) Concurrent reset 0.168ms
[230.598s][info][gc,start       ] GC(135) Pause Init Mark (unload classes)
[230.598s][info][gc,task        ] GC(135) Using 6 of 6 workers for init marking
[230.598s][info][gc,ergo        ] GC(135) Pacer for Mark. Expected Live: 142M, Free: 100363K, Non-Taxable: 10036K, Alloc Tax Rate: 1.8x
[230.598s][info][gc             ] GC(135) Pause Init Mark (unload classes) 0.075ms
[230.598s][info][gc,start       ] GC(135) Concurrent marking roots
[230.598s][info][gc,task        ] GC(135) Using 3 of 6 workers for concurrent marking roots
[230.598s][info][gc             ] GC(135) Concurrent marking roots 0.266ms
[230.598s][info][gc,start       ] GC(135) Concurrent marking (unload classes)
[230.598s][info][gc,task        ] GC(135) Using 3 of 6 workers for concurrent marking
[230.599s][info][gc             ] GC(135) Concurrent marking (unload classes) 0.743ms
[230.599s][info][gc,start       ] GC(135) Pause Final Mark (unload classes)
[230.599s][info][gc,task        ] GC(135) Using 6 of 6 workers for final marking
[230.599s][info][gc,ergo        ] GC(135) Collectable Garbage: 257M (99%), Immediate: 257M (99%), CSet: 0B (0%)
[230.599s][info][gc             ] GC(135) Pause Final Mark (unload classes) 0.159ms
[230.599s][info][gc,start       ] GC(135) Concurrent weak references
[230.599s][info][gc,task        ] GC(135) Using 3 of 6 workers for concurrent weak references
[230.599s][info][gc,ref         ] GC(135) Encountered references: Soft: 45, Weak: 116, Final: 0, Phantom: 7
[230.599s][info][gc,ref         ] GC(135) Discovered  references: Soft: 0, Weak: 84, Final: 0, Phantom: 5
[230.599s][info][gc,ref         ] GC(135) Enqueued    references: Soft: 0, Weak: 0, Final: 0, Phantom: 0
[230.599s][info][gc             ] GC(135) Concurrent weak references 0.077ms
[230.599s][info][gc,start       ] GC(135) Concurrent weak roots
[230.599s][info][gc,task        ] GC(135) Using 3 of 6 workers for concurrent weak root
[230.599s][info][gc             ] GC(135) Concurrent weak roots 0.130ms
[230.599s][info][gc,start       ] GC(135) Concurrent cleanup
[230.599s][info][gc             ] GC(135) Concurrent cleanup 384M->126M(512M) 0.055ms
[230.599s][info][gc,ergo        ] GC(135) Free: 358M, Max: 256K regular, 187M humongous, Frag: 48% external, 0% internal; Reserve: 26368K, Max: 256K
[230.599s][info][gc,start       ] GC(135) Concurrent class unloading
[230.599s][info][gc,task        ] GC(135) Using 3 of 6 workers for concurrent class unloading
[230.600s][info][gc             ] GC(135) Concurrent class unloading 0.230ms
[230.600s][info][gc,start       ] GC(135) Pause Final Roots
[230.600s][info][gc             ] GC(135) Pause Final Roots 0.017ms
[230.600s][info][gc,ergo        ] Free: 358M, Max: 256K regular, 187M humongous, Frag: 48% external, 0% internal; Reserve: 26368K, Max: 256K
[230.600s][info][gc,stats       ] 
[230.600s][info][gc,stats       ] All times are wall-clock times, except per-root-class counters, that are sum over
[230.600s][info][gc,stats       ] all workers. Dividing the <total> over the root stage time estimates parallelism.
[230.600s][info][gc,stats       ] 
[230.600s][info][gc,stats       ] Concurrent Reset                    183 us
[230.600s][info][gc,stats       ] Pause Init Mark (G)                 120 us
[230.600s][info][gc,stats       ] Pause Init Mark (N)                  84 us
[230.600s][info][gc,stats       ]   Update Region States               26 us
[230.600s][info][gc,stats       ] Concurrent Mark Roots               285 us, parallelism: 1.32x
[230.600s][info][gc,stats       ]   CMR: <total>                      376 us
[230.600s][info][gc,stats       ]   CMR: Thread Roots                 333 us, workers (us): 214,  65,  55, ---, ---, ---, 
[230.600s][info][gc,stats       ]   CMR: VM Strong Roots                5 us, workers (us):   2,   2,   0, ---, ---, ---, 
[230.600s][info][gc,stats       ]   CMR: CLDG Roots                    39 us, workers (us): ---, ---,  39, ---, ---, ---, 
[230.600s][info][gc,stats       ] Concurrent Marking                  762 us
[230.600s][info][gc,stats       ] Pause Final Mark (G)                202 us
[230.600s][info][gc,stats       ] Pause Final Mark (N)                169 us
[230.600s][info][gc,stats       ]   Finish Mark                        53 us
[230.600s][info][gc,stats       ]   Update Region States               29 us
[230.600s][info][gc,stats       ]   Choose Collection Set              37 us
[230.600s][info][gc,stats       ]   Rebuild Free Set                    8 us
[230.600s][info][gc,stats       ] Concurrent Weak References           86 us, parallelism: 0.06x
[230.600s][info][gc,stats       ]   CWRF: <total>                       5 us
[230.600s][info][gc,stats       ]   CWRF: Weak References               5 us, workers (us):   1,   5,   0, ---, ---, ---, 
[230.600s][info][gc,stats       ] Concurrent Weak Roots               144 us
[230.600s][info][gc,stats       ]   Roots                              84 us, parallelism: 1.18x
[230.600s][info][gc,stats       ]     CWR: <total>                    100 us
[230.600s][info][gc,stats       ]     CWR: Code Cache Roots            56 us, workers (us):   0,  42,  15, ---, ---, ---, 
[230.600s][info][gc,stats       ]     CWR: VM Weak Roots               43 us, workers (us):  15,  14,  14, ---, ---, ---, 
[230.600s][info][gc,stats       ]     CWR: CLDG Roots                   1 us, workers (us):   1, ---, ---, ---, ---, ---, 
[230.600s][info][gc,stats       ]   Rendezvous                         28 us
[230.600s][info][gc,stats       ] Concurrent Cleanup                   64 us
[230.600s][info][gc,stats       ] Concurrent Class Unloading          244 us
[230.600s][info][gc,stats       ]   Unlink Stale                      167 us
[230.600s][info][gc,stats       ]     System Dictionary                 1 us
[230.600s][info][gc,stats       ]     Weak Class Links                  0 us
[230.600s][info][gc,stats       ]     Code Roots                      166 us
[230.600s][info][gc,stats       ]   Rendezvous                         22 us
[230.600s][info][gc,stats       ]   Purge Unlinked                     24 us
[230.600s][info][gc,stats       ]     Code Roots                       21 us
[230.600s][info][gc,stats       ]     CLDG                              2 us
[230.600s][info][gc,stats       ]     Exception Caches                  0 us
[230.600s][info][gc,stats       ] Pause Final Roots (G)                47 us
[230.600s][info][gc,stats       ] Pause Final Roots (N)                26 us
[230.600s][info][gc,stats       ] Pacing                            75394 us
[230.600s][info][gc,stats       ] 
[230.600s][info][gc,stats       ] Allocation pacing accrued:
[230.600s][info][gc,stats       ]      75 of  1605 ms (  4.7%): main
[230.600s][info][gc,stats       ]      75 of  1605 ms (  4.7%): <total>
[230.600s][info][gc,stats       ]       6 of  1605 ms (  0.4%): <average total>
[230.600s][info][gc,stats       ]      75 of  1605 ms (  4.7%): <average non-zero>
[230.600s][info][gc,stats       ] 
[230.600s][info][gc,metaspace   ] Metaspace: 1071K(1280K)->1071K(1280K) NonClass: 990K(1088K)->990K(1088K) Class: 81K(192K)->81K(192K)
[230.600s][info][gc,ergo        ] Pacer for Idle. Initial: 10485K, Alloc Tax Rate: 1.0x
[233.497s][info][gc             ] Failed to allocate Shared, 100M
[233.497s][info][gc             ] Cancelling GC: Allocation Failure
[233.512s][info][gc             ] Trigger: Handle Allocation Failure
[233.512s][info][gc,ergo        ] Free: 166M, Max: 256K regular, 98304K humongous, Frag: 43% external, 0% internal; Reserve: 26368K, Max: 256K
[233.512s][info][gc,start       ] GC(136) Pause Degenerated GC (Outside of Cycle)
[233.512s][info][gc,task        ] GC(136) Using 6 of 6 workers for stw degenerated gc
[233.512s][info][gc,ref         ] GC(136) Clearing All SoftReferences
[233.513s][info][gc,ref         ] GC(136) Encountered references: Soft: 45, Weak: 116, Final: 0, Phantom: 7
[233.513s][info][gc,ref         ] GC(136) Discovered  references: Soft: 19, Weak: 92, Final: 0, Phantom: 3
[233.513s][info][gc,ref         ] GC(136) Enqueued    references: Soft: 0, Weak: 0, Final: 0, Phantom: 0
[233.513s][info][gc,ergo        ] GC(136) Collectable Garbage: 257M (99%), Immediate: 257M (99%), CSet: 0B (0%)
[233.513s][info][gc,ergo        ] GC(136) Good progress for free space: 428M, need 5242K
[233.513s][info][gc,ergo        ] GC(136) Good progress for used space: 257M, need 256K
[233.513s][info][gc             ] GC(136) Pause Degenerated GC (Outside of Cycle) 314M->56M(512M) 1.176ms
[233.513s][info][gc,ergo        ] Free: 428M, Max: 256K regular, 216M humongous, Frag: 50% external, 0% internal; Reserve: 26368K, Max: 256K
[233.513s][info][gc,stats       ] 
[233.513s][info][gc,stats       ] All times are wall-clock times, except per-root-class counters, that are sum over
[233.513s][info][gc,stats       ] all workers. Dividing the <total> over the root stage time estimates parallelism.
[233.513s][info][gc,stats       ] 
[233.513s][info][gc,stats       ] Pause Degenerated GC (G)           1234 us
[233.513s][info][gc,stats       ] Pause Degenerated GC (N)           1190 us
[233.513s][info][gc,stats       ]   Degen STW Mark                    526 us, parallelism: 5.34x
[233.514s][info][gc,stats       ]     DSM: <total>                   2808 us
[233.514s][info][gc,stats       ]     DSM: Thread Roots                63 us, workers (us):   9,  11,  16,   4,  11,  12, 
[233.514s][info][gc,stats       ]     DSM: VM Strong Roots              4 us, workers (us):   3,   1,   0,   0,   0,   0, 
[233.514s][info][gc,stats       ]     DSM: CLDG Roots                  45 us, workers (us):   0,   0,   0,  43,   0,   0, 
[233.514s][info][gc,stats       ]     DSM: Parallel Mark             2696 us, workers (us): 456, 456, 452, 421, 457, 454, 
[233.514s][info][gc,stats       ]     System Purge                    208 us
[233.514s][info][gc,stats       ]       Weak References                62 us, parallelism: 0.14x
[233.514s][info][gc,stats       ]         WRP: <total>                  9 us
[233.514s][info][gc,stats       ]         WRP: Weak References          9 us, workers (us):   4,   1,   1,   1,   1,   0, 
[233.514s][info][gc,stats       ]       Unload Classes                 98 us, parallelism: 3.57x
[233.514s][info][gc,stats       ]         DCU: <total>                351 us
[233.514s][info][gc,stats       ]         DCU: Unload Code Caches      351 us, workers (us):  57,  70,  56,  73,  48,  47, 
[233.514s][info][gc,stats       ]       Weak Roots                     46 us, parallelism: 1.85x
[233.514s][info][gc,stats       ]         DWR: <total>                 84 us
[233.514s][info][gc,stats       ]         DWR: VM Weak Roots           84 us, workers (us):  13,  13,  12,  20,  11,  14, 
[233.514s][info][gc,stats       ]       CLDG                            1 us
[233.514s][info][gc,stats       ]   Update Region States               34 us
[233.514s][info][gc,stats       ]   Manage GC/TLABs                     4 us
[233.514s][info][gc,stats       ]   Choose Collection Set              39 us
[233.514s][info][gc,stats       ]   Rebuild Free Set                    9 us
[233.514s][info][gc,stats       ]   Cleanup                             7 us
[233.514s][info][gc,stats       ] Pacing                            63849 us
[233.514s][info][gc,stats       ] 
[233.514s][info][gc,stats       ] Allocation pacing accrued:
[233.514s][info][gc,stats       ]      64 of  2914 ms (  2.2%): main
[233.514s][info][gc,stats       ]      64 of  2914 ms (  2.2%): <total>
[233.514s][info][gc,stats       ]       5 of  2914 ms (  0.2%): <average total>
[233.514s][info][gc,stats       ]      64 of  2914 ms (  2.2%): <average non-zero>
[233.514s][info][gc,stats       ] 
[233.514s][info][gc,metaspace   ] Metaspace: 1071K(1280K)->1071K(1280K) NonClass: 990K(1088K)->990K(1088K) Class: 81K(192K)->81K(192K)
[233.514s][info][gc,ergo        ] Pacer for Idle. Initial: 10485K, Alloc Tax Rate: 1.0x
[234.947s][info][gc             ] Trigger: Average GC time (3.65 ms) is above the time for average allocation rate (278 MB/s) to deplete free headroom (0B) (margin of error = 3.29)
[234.947s][info][gc,ergo        ] Free headroom: 103M (free) - 26214K (spike) - 174M (penalties) = 0B
[234.947s][info][gc,ergo        ] Free: 103M, Max: 256K regular, 67584K humongous, Frag: 36% external, 0% internal; Reserve: 26368K, Max: 256K
[234.947s][info][gc,start       ] GC(137) Concurrent reset
[234.947s][info][gc,task        ] GC(137) Using 3 of 6 workers for concurrent reset
[234.947s][info][gc,ergo        ] GC(137) Pacer for Reset. Non-Taxable: 512M
[234.948s][info][gc             ] GC(137) Concurrent reset 0.158ms
[234.948s][info][gc,start       ] GC(137) Pause Init Mark (unload classes)
[234.948s][info][gc,task        ] GC(137) Using 6 of 6 workers for init marking
[234.948s][info][gc,ergo        ] GC(137) Pacer for Mark. Expected Live: 143M, Free: 103M, Non-Taxable: 10548K, Alloc Tax Rate: 1.7x
[234.948s][info][gc             ] GC(137) Pause Init Mark (unload classes) 0.076ms
[234.948s][info][gc,start       ] GC(137) Concurrent marking roots
[234.948s][info][gc,task        ] GC(137) Using 3 of 6 workers for concurrent marking roots
[234.948s][info][gc             ] GC(137) Concurrent marking roots 0.260ms
[234.948s][info][gc,start       ] GC(137) Concurrent marking (unload classes)
[234.948s][info][gc,task        ] GC(137) Using 3 of 6 workers for concurrent marking
[234.949s][info][gc             ] GC(137) Concurrent marking (unload classes) 0.658ms
[234.949s][info][gc,start       ] GC(137) Pause Final Mark (unload classes)
[234.949s][info][gc,task        ] GC(137) Using 6 of 6 workers for final marking
[234.949s][info][gc,ergo        ] GC(137) Collectable Garbage: 217M (99%), Immediate: 217M (99%), CSet: 0B (0%)
[234.949s][info][gc             ] GC(137) Pause Final Mark (unload classes) 0.136ms
[234.949s][info][gc,start       ] GC(137) Concurrent weak references
[234.949s][info][gc,task        ] GC(137) Using 3 of 6 workers for concurrent weak references
[234.949s][info][gc,ref         ] GC(137) Encountered references: Soft: 45, Weak: 116, Final: 0, Phantom: 7
[234.949s][info][gc,ref         ] GC(137) Discovered  references: Soft: 0, Weak: 95, Final: 0, Phantom: 5
[234.949s][info][gc,ref         ] GC(137) Enqueued    references: Soft: 0, Weak: 0, Final: 0, Phantom: 0
[234.949s][info][gc             ] GC(137) Concurrent weak references 0.071ms
[234.949s][info][gc,start       ] GC(137) Concurrent weak roots
[234.949s][info][gc,task        ] GC(137) Using 3 of 6 workers for concurrent weak root
[234.949s][info][gc             ] GC(137) Concurrent weak roots 0.122ms
[234.949s][info][gc,start       ] GC(137) Concurrent cleanup
[234.949s][info][gc             ] GC(137) Concurrent cleanup 379M->161M(512M) 0.051ms
[234.949s][info][gc,ergo        ] GC(137) Free: 323M, Max: 256K regular, 114M humongous, Frag: 65% external, 0% internal; Reserve: 26368K, Max: 256K
[234.949s][info][gc,start       ] GC(137) Concurrent class unloading
[234.949s][info][gc,task        ] GC(137) Using 3 of 6 workers for concurrent class unloading
[234.949s][info][gc             ] GC(137) Concurrent class unloading 0.256ms
[234.949s][info][gc,start       ] GC(137) Pause Final Roots
[234.949s][info][gc             ] GC(137) Pause Final Roots 0.017ms
[234.949s][info][gc,ergo        ] Free: 323M, Max: 256K regular, 114M humongous, Frag: 65% external, 0% internal; Reserve: 26368K, Max: 256K
[234.949s][info][gc,stats       ] 
[234.949s][info][gc,stats       ] All times are wall-clock times, except per-root-class counters, that are sum over
[234.949s][info][gc,stats       ] all workers. Dividing the <total> over the root stage time estimates parallelism.
[234.949s][info][gc,stats       ] 
[234.949s][info][gc,stats       ] Concurrent Reset                    182 us
[234.949s][info][gc,stats       ] Pause Init Mark (G)                 122 us
[234.949s][info][gc,stats       ] Pause Init Mark (N)                  87 us
[234.950s][info][gc,stats       ]   Update Region States               26 us
[234.950s][info][gc,stats       ] Concurrent Mark Roots               275 us, parallelism: 1.24x
[234.950s][info][gc,stats       ]   CMR: <total>                      342 us
[234.950s][info][gc,stats       ]   CMR: Thread Roots                 310 us, workers (us): 206,  37,  67, ---, ---, ---, 
[234.950s][info][gc,stats       ]   CMR: VM Strong Roots                3 us, workers (us):   3,   0,   0, ---, ---, ---, 
[234.950s][info][gc,stats       ]   CMR: CLDG Roots                    29 us, workers (us): ---,  29, ---, ---, ---, ---, 
[234.950s][info][gc,stats       ] Concurrent Marking                  675 us
[234.950s][info][gc,stats       ] Pause Final Mark (G)                181 us
[234.950s][info][gc,stats       ] Pause Final Mark (N)                146 us
[234.950s][info][gc,stats       ]   Finish Mark                        29 us
[234.950s][info][gc,stats       ]   Update Region States               27 us
[234.950s][info][gc,stats       ]   Choose Collection Set              40 us
[234.950s][info][gc,stats       ]   Rebuild Free Set                    8 us
[234.950s][info][gc,stats       ] Concurrent Weak References           79 us, parallelism: 0.06x
[234.950s][info][gc,stats       ]   CWRF: <total>                       5 us
[234.950s][info][gc,stats       ]   CWRF: Weak References               5 us, workers (us):   5,   0,   0, ---, ---, ---, 
[234.950s][info][gc,stats       ] Concurrent Weak Roots               139 us
[234.950s][info][gc,stats       ]   Roots                              71 us, parallelism: 1.33x
[234.950s][info][gc,stats       ]     CWR: <total>                     95 us
[234.950s][info][gc,stats       ]     CWR: Code Cache Roots            51 us, workers (us):   0,  17,  34, ---, ---, ---, 
[234.950s][info][gc,stats       ]     CWR: VM Weak Roots               43 us, workers (us):  15,  15,  13, ---, ---, ---, 
[234.950s][info][gc,stats       ]     CWR: CLDG Roots                   1 us, workers (us):   1, ---, ---, ---, ---, ---, 
[234.950s][info][gc,stats       ]   Rendezvous                         29 us
[234.950s][info][gc,stats       ] Concurrent Cleanup                   61 us
[234.950s][info][gc,stats       ] Concurrent Class Unloading          272 us
[234.950s][info][gc,stats       ]   Unlink Stale                      185 us
[234.950s][info][gc,stats       ]     System Dictionary                 1 us
[234.950s][info][gc,stats       ]     Weak Class Links                  0 us
[234.950s][info][gc,stats       ]     Code Roots                      183 us
[234.950s][info][gc,stats       ]   Rendezvous                         27 us
[234.950s][info][gc,stats       ]   Purge Unlinked                     27 us
[234.950s][info][gc,stats       ]     Code Roots                       24 us
[234.950s][info][gc,stats       ]     CLDG                              3 us
[234.950s][info][gc,stats       ]     Exception Caches                  0 us
[234.950s][info][gc,stats       ] Pause Final Roots (G)                47 us
[234.950s][info][gc,stats       ] Pause Final Roots (N)                25 us
[234.950s][info][gc,stats       ] 
[234.950s][info][gc,stats       ] Allocation pacing accrued:
[234.950s][info][gc,stats       ]       0 of  1436 ms (  0.0%): <total>
[234.950s][info][gc,stats       ]       0 of  1436 ms (  0.0%): <average total>
[234.950s][info][gc,stats       ] 
[234.950s][info][gc,metaspace   ] Metaspace: 1071K(1280K)->1071K(1280K) NonClass: 990K(1088K)->990K(1088K) Class: 81K(192K)->81K(192K)
[234.950s][info][gc,ergo        ] Pacer for Idle. Initial: 10485K, Alloc Tax Rate: 1.0x
[236.379s][info][gc             ] Trigger: Average GC time (3.34 ms) is above the time for average allocation rate (4175 KB/s) to deplete free headroom (0B) (margin of error = 3.29)
[236.379s][info][gc,ergo        ] Free headroom: 194M (free) - 26214K (spike) - 168M (penalties) = 0B
[236.379s][info][gc,ergo        ] Free: 194M, Max: 256K regular, 67584K humongous, Frag: 66% external, 0% internal; Reserve: 26368K, Max: 256K
[236.379s][info][gc,start       ] GC(138) Concurrent reset
[236.380s][info][gc,task        ] GC(138) Using 3 of 6 workers for concurrent reset
[236.380s][info][gc,ergo        ] GC(138) Pacer for Reset. Non-Taxable: 512M
[236.380s][info][gc             ] GC(138) Concurrent reset 0.214ms
[236.380s][info][gc,start       ] GC(138) Pause Init Mark (unload classes)
[236.380s][info][gc,task        ] GC(138) Using 6 of 6 workers for init marking
[236.380s][info][gc,ergo        ] GC(138) Pacer for Mark. Expected Live: 155M, Free: 194M, Non-Taxable: 19866K, Alloc Tax Rate: 1.0x
[236.380s][info][gc             ] GC(138) Pause Init Mark (unload classes) 0.079ms
[236.380s][info][gc,start       ] GC(138) Concurrent marking roots
[236.380s][info][gc,task        ] GC(138) Using 3 of 6 workers for concurrent marking roots
[236.380s][info][gc             ] GC(138) Concurrent marking roots 0.250ms
[236.380s][info][gc,start       ] GC(138) Concurrent marking (unload classes)
[236.380s][info][gc,task        ] GC(138) Using 3 of 6 workers for concurrent marking
[236.381s][info][gc             ] GC(138) Concurrent marking (unload classes) 0.770ms
[236.381s][info][gc,start       ] GC(138) Pause Final Mark (unload classes)
[236.381s][info][gc,task        ] GC(138) Using 6 of 6 workers for final marking
[236.381s][info][gc,ergo        ] GC(138) Collectable Garbage: 187M (99%), Immediate: 187M (99%), CSet: 0B (0%)
[236.381s][info][gc             ] GC(138) Pause Final Mark (unload classes) 0.225ms
[236.381s][info][gc,start       ] GC(138) Concurrent weak references
[236.381s][info][gc,task        ] GC(138) Using 3 of 6 workers for concurrent weak references
[236.381s][info][gc,ref         ] GC(138) Encountered references: Soft: 45, Weak: 116, Final: 0, Phantom: 7
[236.381s][info][gc,ref         ] GC(138) Discovered  references: Soft: 0, Weak: 95, Final: 0, Phantom: 5
[236.381s][info][gc,ref         ] GC(138) Enqueued    references: Soft: 0, Weak: 0, Final: 0, Phantom: 0
[236.381s][info][gc             ] GC(138) Concurrent weak references 0.079ms
[236.381s][info][gc,start       ] GC(138) Concurrent weak roots
[236.381s][info][gc,task        ] GC(138) Using 3 of 6 workers for concurrent weak root
[236.381s][info][gc             ] GC(138) Concurrent weak roots 0.124ms
[236.381s][info][gc,start       ] GC(138) Concurrent cleanup
[236.381s][info][gc             ] GC(138) Concurrent cleanup 289M->101M(512M) 0.046ms
[236.381s][info][gc,ergo        ] GC(138) Free: 384M, Max: 256K regular, 281M humongous, Frag: 27% external, 0% internal; Reserve: 26368K, Max: 256K
[236.381s][info][gc,start       ] GC(138) Concurrent class unloading
[236.381s][info][gc,task        ] GC(138) Using 3 of 6 workers for concurrent class unloading
[236.382s][info][gc             ] GC(138) Concurrent class unloading 0.219ms
[236.382s][info][gc,start       ] GC(138) Pause Final Roots
[236.382s][info][gc             ] GC(138) Pause Final Roots 0.017ms
[236.382s][info][gc,ergo        ] Free: 384M, Max: 256K regular, 281M humongous, Frag: 27% external, 0% internal; Reserve: 26368K, Max: 256K
[236.382s][info][gc,stats       ] 
[236.382s][info][gc,stats       ] All times are wall-clock times, except per-root-class counters, that are sum over
[236.382s][info][gc,stats       ] all workers. Dividing the <total> over the root stage time estimates parallelism.
[236.382s][info][gc,stats       ] 
[236.382s][info][gc,stats       ] Concurrent Reset                    236 us
[236.382s][info][gc,stats       ] Pause Init Mark (G)                 123 us
[236.382s][info][gc,stats       ] Pause Init Mark (N)                  88 us
[236.382s][info][gc,stats       ]   Update Region States               29 us
[236.382s][info][gc,stats       ] Concurrent Mark Roots               265 us, parallelism: 1.27x
[236.382s][info][gc,stats       ]   CMR: <total>                      338 us
[236.382s][info][gc,stats       ]   CMR: Thread Roots                 304 us, workers (us): 200,  36,  68, ---, ---, ---, 
[236.382s][info][gc,stats       ]   CMR: VM Strong Roots                5 us, workers (us):   2,   1,   1, ---, ---, ---, 
[236.382s][info][gc,stats       ]   CMR: CLDG Roots                    29 us, workers (us): ---,  29, ---, ---, ---, ---, 
[236.382s][info][gc,stats       ] Concurrent Marking                  786 us
[236.382s][info][gc,stats       ] Pause Final Mark (G)                270 us
[236.382s][info][gc,stats       ] Pause Final Mark (N)                236 us
[236.382s][info][gc,stats       ]   Finish Mark                        80 us
[236.382s][info][gc,stats       ]   Update Region States               71 us
[236.382s][info][gc,stats       ]   Choose Collection Set              40 us
[236.382s][info][gc,stats       ]   Rebuild Free Set                    8 us
[236.382s][info][gc,stats       ] Concurrent Weak References           87 us, parallelism: 0.06x
[236.382s][info][gc,stats       ]   CWRF: <total>                       5 us
[236.382s][info][gc,stats       ]   CWRF: Weak References               5 us, workers (us):   4,   1,   0, ---, ---, ---, 
[236.382s][info][gc,stats       ] Concurrent Weak Roots               138 us
[236.382s][info][gc,stats       ]   Roots                              78 us, parallelism: 1.32x
[236.382s][info][gc,stats       ]     CWR: <total>                    103 us
[236.382s][info][gc,stats       ]     CWR: Code Cache Roots            60 us, workers (us):  16,   0,  43, ---, ---, ---, 
[236.382s][info][gc,stats       ]     CWR: VM Weak Roots               43 us, workers (us):  15,  14,  14, ---, ---, ---, 
[236.382s][info][gc,stats       ]     CWR: CLDG Roots                   1 us, workers (us): ---,   1, ---, ---, ---, ---, 
[236.382s][info][gc,stats       ]   Rendezvous                         29 us
[236.382s][info][gc,stats       ] Concurrent Cleanup                   56 us
[236.382s][info][gc,stats       ] Concurrent Class Unloading          234 us
[236.382s][info][gc,stats       ]   Unlink Stale                      154 us
[236.382s][info][gc,stats       ]     System Dictionary                 1 us
[236.382s][info][gc,stats       ]     Weak Class Links                  0 us
[236.382s][info][gc,stats       ]     Code Roots                      152 us
[236.382s][info][gc,stats       ]   Rendezvous                         25 us
[236.382s][info][gc,stats       ]   Purge Unlinked                     23 us
[236.382s][info][gc,stats       ]     Code Roots                       21 us
[236.382s][info][gc,stats       ]     CLDG                              2 us
[236.382s][info][gc,stats       ]     Exception Caches                  0 us
[236.382s][info][gc,stats       ] Pause Final Roots (G)                47 us
[236.382s][info][gc,stats       ] Pause Final Roots (N)                26 us
[236.382s][info][gc,stats       ] Pacing                            16066 us
[236.382s][info][gc,stats       ] 
[236.382s][info][gc,stats       ] Allocation pacing accrued:
[236.382s][info][gc,stats       ]      16 of  1432 ms (  1.1%): main
[236.382s][info][gc,stats       ]      16 of  1432 ms (  1.1%): <total>
[236.382s][info][gc,stats       ]       1 of  1432 ms (  0.1%): <average total>
[236.382s][info][gc,stats       ]      16 of  1432 ms (  1.1%): <average non-zero>
[236.382s][info][gc,stats       ] 
[236.382s][info][gc,metaspace   ] Metaspace: 1071K(1280K)->1071K(1280K) NonClass: 990K(1088K)->990K(1088K) Class: 81K(192K)->81K(192K)
[236.382s][info][gc,ergo        ] Pacer for Idle. Initial: 10485K, Alloc Tax Rate: 1.0x
[237.852s][info][gc             ] Trigger: Average GC time (3.03 ms) is above the time for average allocation rate (295 MB/s) to deplete free headroom (0B) (margin of error = 3.29)
[237.852s][info][gc,ergo        ] Free headroom: 158M (free) - 26214K (spike) - 163M (penalties) = 0B
[237.852s][info][gc,ergo        ] Free: 158M, Max: 256K regular, 130M humongous, Frag: 18% external, 0% internal; Reserve: 26368K, Max: 256K
[237.852s][info][gc,start       ] GC(139) Concurrent reset
[237.852s][info][gc,task        ] GC(139) Using 3 of 6 workers for concurrent reset
[237.852s][info][gc,ergo        ] GC(139) Pacer for Reset. Non-Taxable: 512M
[237.852s][info][gc             ] GC(139) Concurrent reset 0.169ms
[237.852s][info][gc,start       ] GC(139) Pause Init Mark (unload classes)
[237.852s][info][gc,task        ] GC(139) Using 6 of 6 workers for init marking
[237.852s][info][gc,ergo        ] GC(139) Pacer for Mark. Expected Live: 134M, Free: 158M, Non-Taxable: 16231K, Alloc Tax Rate: 1.0x
[237.852s][info][gc             ] GC(139) Pause Init Mark (unload classes) 0.071ms
[237.852s][info][gc,start       ] GC(139) Concurrent marking roots
[237.852s][info][gc,task        ] GC(139) Using 3 of 6 workers for concurrent marking roots
[237.852s][info][gc             ] GC(139) Concurrent marking roots 0.247ms
[237.852s][info][gc,start       ] GC(139) Concurrent marking (unload classes)
[237.852s][info][gc,task        ] GC(139) Using 3 of 6 workers for concurrent marking
[237.853s][info][gc             ] GC(139) Concurrent marking (unload classes) 0.654ms
[237.853s][info][gc,start       ] GC(139) Pause Final Mark (unload classes)
[237.853s][info][gc,task        ] GC(139) Using 6 of 6 workers for final marking
[237.853s][info][gc,ergo        ] GC(139) Collectable Garbage: 216M (99%), Immediate: 216M (99%), CSet: 0B (0%)
[237.853s][info][gc             ] GC(139) Pause Final Mark (unload classes) 0.133ms
[237.853s][info][gc,start       ] GC(139) Concurrent weak references
[237.853s][info][gc,task        ] GC(139) Using 3 of 6 workers for concurrent weak references
[237.853s][info][gc,ref         ] GC(139) Encountered references: Soft: 45, Weak: 116, Final: 0, Phantom: 7
[237.853s][info][gc,ref         ] GC(139) Discovered  references: Soft: 0, Weak: 84, Final: 0, Phantom: 5
[237.853s][info][gc,ref         ] GC(139) Enqueued    references: Soft: 0, Weak: 0, Final: 0, Phantom: 0
[237.853s][info][gc             ] GC(139) Concurrent weak references 0.082ms
[237.853s][info][gc,start       ] GC(139) Concurrent weak roots
[237.853s][info][gc,task        ] GC(139) Using 3 of 6 workers for concurrent weak root
[237.853s][info][gc             ] GC(139) Concurrent weak roots 0.112ms
[237.853s][info][gc,start       ] GC(139) Concurrent cleanup
[237.853s][info][gc             ] GC(139) Concurrent cleanup 324M->107M(512M) 0.049ms
[237.853s][info][gc,ergo        ] GC(139) Free: 377M, Max: 256K regular, 218M humongous, Frag: 43% external, 0% internal; Reserve: 26368K, Max: 256K
[237.853s][info][gc,start       ] GC(139) Concurrent class unloading
[237.853s][info][gc,task        ] GC(139) Using 3 of 6 workers for concurrent class unloading
[237.854s][info][gc             ] GC(139) Concurrent class unloading 0.215ms
[237.854s][info][gc,start       ] GC(139) Pause Final Roots
[237.854s][info][gc             ] GC(139) Pause Final Roots 0.016ms
[237.854s][info][gc,ergo        ] Free: 377M, Max: 256K regular, 218M humongous, Frag: 43% external, 0% internal; Reserve: 26368K, Max: 256K
[237.854s][info][gc,stats       ] 
[237.854s][info][gc,stats       ] All times are wall-clock times, except per-root-class counters, that are sum over
[237.854s][info][gc,stats       ] all workers. Dividing the <total> over the root stage time estimates parallelism.
[237.854s][info][gc,stats       ] 
[237.854s][info][gc,stats       ] Concurrent Reset                    190 us
[237.854s][info][gc,stats       ] Pause Init Mark (G)                 114 us
[237.854s][info][gc,stats       ] Pause Init Mark (N)                  80 us
[237.854s][info][gc,stats       ]   Update Region States               25 us
[237.854s][info][gc,stats       ] Concurrent Mark Roots               263 us, parallelism: 1.24x
[237.854s][info][gc,stats       ]   CMR: <total>                      326 us
[237.854s][info][gc,stats       ]   CMR: Thread Roots                 292 us, workers (us):  67,  35, 190, ---, ---, ---, 
[237.854s][info][gc,stats       ]   CMR: VM Strong Roots                4 us, workers (us):   2,   1,   1, ---, ---, ---, 
[237.854s][info][gc,stats       ]   CMR: CLDG Roots                    30 us, workers (us): ---,  30, ---, ---, ---, ---, 
[237.854s][info][gc,stats       ] Concurrent Marking                  673 us
[237.854s][info][gc,stats       ] Pause Final Mark (G)                176 us
[237.854s][info][gc,stats       ] Pause Final Mark (N)                142 us
[237.854s][info][gc,stats       ]   Finish Mark                        33 us
[237.854s][info][gc,stats       ]   Update Region States               26 us
[237.854s][info][gc,stats       ]   Choose Collection Set              39 us
[237.854s][info][gc,stats       ]   Rebuild Free Set                    8 us
[237.854s][info][gc,stats       ] Concurrent Weak References           90 us, parallelism: 0.05x
[237.854s][info][gc,stats       ]   CWRF: <total>                       4 us
[237.854s][info][gc,stats       ]   CWRF: Weak References               4 us, workers (us):   1,   3,   0, ---, ---, ---, 
[237.854s][info][gc,stats       ] Concurrent Weak Roots               124 us
[237.854s][info][gc,stats       ]   Roots                              70 us, parallelism: 1.32x
[237.854s][info][gc,stats       ]     CWR: <total>                     92 us
[237.854s][info][gc,stats       ]     CWR: Code Cache Roots            50 us, workers (us):   0,  34,  16, ---, ---, ---, 
[237.854s][info][gc,stats       ]     CWR: VM Weak Roots               42 us, workers (us):  14,  14,  13, ---, ---, ---, 
[237.854s][info][gc,stats       ]     CWR: CLDG Roots                   1 us, workers (us):   1, ---, ---, ---, ---, ---, 
[237.854s][info][gc,stats       ]   Rendezvous                         26 us
[237.854s][info][gc,stats       ] Concurrent Cleanup                   58 us
[237.854s][info][gc,stats       ] Concurrent Class Unloading          228 us
[237.854s][info][gc,stats       ]   Unlink Stale                      148 us
[237.854s][info][gc,stats       ]     System Dictionary                 1 us
[237.854s][info][gc,stats       ]     Weak Class Links                  0 us
[237.854s][info][gc,stats       ]     Code Roots                      146 us
[237.854s][info][gc,stats       ]   Rendezvous                         25 us
[237.854s][info][gc,stats       ]   Purge Unlinked                     24 us
[237.854s][info][gc,stats       ]     Code Roots                       22 us
[237.854s][info][gc,stats       ]     CLDG                              2 us
[237.854s][info][gc,stats       ]     Exception Caches                  0 us
[237.854s][info][gc,stats       ] Pause Final Roots (G)                47 us
[237.854s][info][gc,stats       ] Pause Final Roots (N)                24 us
[237.854s][info][gc,stats       ] Pacing                            46953 us
[237.854s][info][gc,stats       ] 
[237.854s][info][gc,stats       ] Allocation pacing accrued:
[237.854s][info][gc,stats       ]      47 of  1472 ms (  3.2%): main
[237.854s][info][gc,stats       ]      47 of  1472 ms (  3.2%): <total>
[237.854s][info][gc,stats       ]       4 of  1472 ms (  0.2%): <average total>
[237.854s][info][gc,stats       ]      47 of  1472 ms (  3.2%): <average non-zero>
[237.854s][info][gc,stats       ] 
[237.854s][info][gc,metaspace   ] Metaspace: 1071K(1280K)->1071K(1280K) NonClass: 990K(1088K)->990K(1088K) Class: 81K(192K)->81K(192K)
[237.854s][info][gc,ergo        ] Pacer for Idle. Initial: 10485K, Alloc Tax Rate: 1.0x
[239.312s][info][gc             ] Trigger: Average GC time (2.83 ms) is above the time for average allocation rate (293 MB/s) to deplete free headroom (0B) (margin of error = 3.28)
[239.312s][info][gc,ergo        ] Free headroom: 152M (free) - 26214K (spike) - 158M (penalties) = 0B
[239.312s][info][gc,ergo        ] Free: 152M, Max: 256K regular, 130M humongous, Frag: 14% external, 0% internal; Reserve: 26368K, Max: 256K
[239.312s][info][gc,start       ] GC(140) Concurrent reset
[239.312s][info][gc,task        ] GC(140) Using 3 of 6 workers for concurrent reset
[239.312s][info][gc,ergo        ] GC(140) Pacer for Reset. Non-Taxable: 512M
[239.313s][info][gc             ] GC(140) Concurrent reset 0.176ms
[239.313s][info][gc,start       ] GC(140) Pause Init Mark (unload classes)
[239.313s][info][gc,task        ] GC(140) Using 6 of 6 workers for init marking
[239.313s][info][gc,ergo        ] GC(140) Pacer for Mark. Expected Live: 123M, Free: 152M, Non-Taxable: 15565K, Alloc Tax Rate: 1.0x
[239.313s][info][gc             ] GC(140) Pause Init Mark (unload classes) 0.061ms
[239.313s][info][gc,start       ] GC(140) Concurrent marking roots
[239.313s][info][gc,task        ] GC(140) Using 3 of 6 workers for concurrent marking roots
[239.313s][info][gc             ] GC(140) Concurrent marking roots 0.244ms
[239.313s][info][gc,start       ] GC(140) Concurrent marking (unload classes)
[239.313s][info][gc,task        ] GC(140) Using 3 of 6 workers for concurrent marking
[239.314s][info][gc             ] GC(140) Concurrent marking (unload classes) 0.639ms
[239.314s][info][gc,start       ] GC(140) Pause Final Mark (unload classes)
[239.314s][info][gc,task        ] GC(140) Using 6 of 6 workers for final marking
[239.314s][info][gc,ergo        ] GC(140) Collectable Garbage: 211M (99%), Immediate: 211M (99%), CSet: 0B (0%)
[239.314s][info][gc             ] GC(140) Pause Final Mark (unload classes) 0.123ms
[239.314s][info][gc,start       ] GC(140) Concurrent weak references
[239.314s][info][gc,task        ] GC(140) Using 3 of 6 workers for concurrent weak references
[239.314s][info][gc,ref         ] GC(140) Encountered references: Soft: 45, Weak: 116, Final: 0, Phantom: 7
[239.314s][info][gc,ref         ] GC(140) Discovered  references: Soft: 0, Weak: 84, Final: 0, Phantom: 5
[239.314s][info][gc,ref         ] GC(140) Enqueued    references: Soft: 0, Weak: 0, Final: 0, Phantom: 0
[239.314s][info][gc             ] GC(140) Concurrent weak references 0.076ms
[239.314s][info][gc,start       ] GC(140) Concurrent weak roots
[239.314s][info][gc,task        ] GC(140) Using 3 of 6 workers for concurrent weak root
[239.314s][info][gc             ] GC(140) Concurrent weak roots 0.109ms
[239.314s][info][gc,start       ] GC(140) Concurrent cleanup
[239.314s][info][gc             ] GC(140) Concurrent cleanup 330M->118M(512M) 0.048ms
[239.314s][info][gc,ergo        ] GC(140) Free: 366M, Max: 256K regular, 247M humongous, Frag: 33% external, 0% internal; Reserve: 26368K, Max: 256K
[239.314s][info][gc,start       ] GC(140) Concurrent class unloading
[239.314s][info][gc,task        ] GC(140) Using 3 of 6 workers for concurrent class unloading
[239.314s][info][gc             ] GC(140) Concurrent class unloading 0.219ms
[239.314s][info][gc,start       ] GC(140) Pause Final Roots
[239.314s][info][gc             ] GC(140) Pause Final Roots 0.022ms
[239.314s][info][gc,ergo        ] Free: 366M, Max: 256K regular, 247M humongous, Frag: 33% external, 0% internal; Reserve: 26368K, Max: 256K
[239.314s][info][gc,stats       ] 
[239.314s][info][gc,stats       ] All times are wall-clock times, except per-root-class counters, that are sum over
[239.314s][info][gc,stats       ] all workers. Dividing the <total> over the root stage time estimates parallelism.
[239.314s][info][gc,stats       ] 
[239.314s][info][gc,stats       ] Concurrent Reset                    193 us
[239.314s][info][gc,stats       ] Pause Init Mark (G)                 101 us
[239.314s][info][gc,stats       ] Pause Init Mark (N)                  69 us
[239.314s][info][gc,stats       ]   Update Region States               23 us
[239.314s][info][gc,stats       ] Concurrent Mark Roots               255 us, parallelism: 1.31x
[239.314s][info][gc,stats       ]   CMR: <total>                      333 us
[239.314s][info][gc,stats       ]   CMR: Thread Roots                 299 us, workers (us):  66,  34, 199, ---, ---, ---, 
[239.314s][info][gc,stats       ]   CMR: VM Strong Roots                4 us, workers (us):   2,   1,   1, ---, ---, ---, 
[239.314s][info][gc,stats       ]   CMR: CLDG Roots                    29 us, workers (us): ---,  29, ---, ---, ---, ---, 
[239.314s][info][gc,stats       ] Concurrent Marking                  653 us
[239.314s][info][gc,stats       ] Pause Final Mark (G)                162 us
[239.314s][info][gc,stats       ] Pause Final Mark (N)                133 us
[239.314s][info][gc,stats       ]   Finish Mark                        28 us
[239.314s][info][gc,stats       ]   Update Region States               24 us
[239.314s][info][gc,stats       ]   Choose Collection Set              32 us
[239.314s][info][gc,stats       ]   Rebuild Free Set                    8 us
[239.314s][info][gc,stats       ] Concurrent Weak References           84 us, parallelism: 0.05x
[239.314s][info][gc,stats       ]   CWRF: <total>                       4 us
[239.314s][info][gc,stats       ]   CWRF: Weak References               4 us, workers (us):   3,   0,   0, ---, ---, ---, 
[239.314s][info][gc,stats       ] Concurrent Weak Roots               123 us
[239.314s][info][gc,stats       ]   Roots                              69 us, parallelism: 1.33x
[239.315s][info][gc,stats       ]     CWR: <total>                     92 us
[239.315s][info][gc,stats       ]     CWR: Code Cache Roots            48 us, workers (us):   0,  33,  15, ---, ---, ---, 
[239.315s][info][gc,stats       ]     CWR: VM Weak Roots               43 us, workers (us):  14,  14,  14, ---, ---, ---, 
[239.315s][info][gc,stats       ]     CWR: CLDG Roots                   1 us, workers (us):   1, ---, ---, ---, ---, ---, 
[239.315s][info][gc,stats       ]   Rendezvous                         24 us
[239.315s][info][gc,stats       ] Concurrent Cleanup                   57 us
[239.315s][info][gc,stats       ] Concurrent Class Unloading          230 us
[239.315s][info][gc,stats       ]   Unlink Stale                      153 us
[239.315s][info][gc,stats       ]     System Dictionary                 1 us
[239.315s][info][gc,stats       ]     Weak Class Links                  0 us
[239.315s][info][gc,stats       ]     Code Roots                      151 us
[239.315s][info][gc,stats       ]   Rendezvous                         27 us
[239.315s][info][gc,stats       ]   Purge Unlinked                     23 us
[239.315s][info][gc,stats       ]     Code Roots                       20 us
[239.315s][info][gc,stats       ]     CLDG                              3 us
[239.315s][info][gc,stats       ] Pause Final Roots (G)                50 us
[239.315s][info][gc,stats       ] Pause Final Roots (N)                31 us
[239.315s][info][gc,stats       ] Pacing                            46402 us
[239.315s][info][gc,stats       ] 
[239.315s][info][gc,stats       ] Allocation pacing accrued:
[239.315s][info][gc,stats       ]      46 of  1461 ms (  3.2%): main
[239.315s][info][gc,stats       ]      46 of  1461 ms (  3.2%): <total>
[239.315s][info][gc,stats       ]       4 of  1461 ms (  0.2%): <average total>
[239.315s][info][gc,stats       ]      46 of  1461 ms (  3.2%): <average non-zero>
[239.315s][info][gc,stats       ] 
[239.315s][info][gc,metaspace   ] Metaspace: 1071K(1280K)->1071K(1280K) NonClass: 990K(1088K)->990K(1088K) Class: 81K(192K)->81K(192K)
[239.315s][info][gc,ergo        ] Pacer for Idle. Initial: 10485K, Alloc Tax Rate: 1.0x
[240.776s][info][gc             ] Trigger: Average GC time (2.62 ms) is above the time for average allocation rate (295 MB/s) to deplete free headroom (0B) (margin of error = 3.28)
[240.776s][info][gc,ergo        ] Free headroom: 166M (free) - 26214K (spike) - 153M (penalties) = 0B
[240.776s][info][gc,ergo        ] Free: 166M, Max: 256K regular, 147M humongous, Frag: 12% external, 0% internal; Reserve: 26368K, Max: 256K
[240.777s][info][gc,start       ] GC(141) Concurrent reset
[240.777s][info][gc,task        ] GC(141) Using 3 of 6 workers for concurrent reset
[240.777s][info][gc,ergo        ] GC(141) Pacer for Reset. Non-Taxable: 512M
[240.777s][info][gc             ] GC(141) Concurrent reset 0.185ms
[240.777s][info][gc,start       ] GC(141) Pause Init Mark (unload classes)
[240.777s][info][gc,task        ] GC(141) Using 6 of 6 workers for init marking
[240.777s][info][gc,ergo        ] GC(141) Pacer for Mark. Expected Live: 134M, Free: 166M, Non-Taxable: 17076K, Alloc Tax Rate: 1.0x
[240.777s][info][gc             ] GC(141) Pause Init Mark (unload classes) 0.077ms
[240.777s][info][gc,start       ] GC(141) Concurrent marking roots
[240.777s][info][gc,task        ] GC(141) Using 3 of 6 workers for concurrent marking roots
[240.777s][info][gc             ] GC(141) Concurrent marking roots 0.314ms
[240.777s][info][gc,start       ] GC(141) Concurrent marking (unload classes)
[240.777s][info][gc,task        ] GC(141) Using 3 of 6 workers for concurrent marking
[240.778s][info][gc             ] GC(141) Concurrent marking (unload classes) 0.710ms
[240.778s][info][gc,start       ] GC(141) Pause Final Mark (unload classes)
[240.778s][info][gc,task        ] GC(141) Using 6 of 6 workers for final marking
[240.778s][info][gc,ergo        ] GC(141) Collectable Garbage: 204M (99%), Immediate: 204M (99%), CSet: 0B (0%)
[240.778s][info][gc             ] GC(141) Pause Final Mark (unload classes) 0.178ms
[240.778s][info][gc,start       ] GC(141) Concurrent weak references
[240.778s][info][gc,task        ] GC(141) Using 3 of 6 workers for concurrent weak references
[240.778s][info][gc,ref         ] GC(141) Encountered references: Soft: 45, Weak: 116, Final: 0, Phantom: 7
[240.778s][info][gc,ref         ] GC(141) Discovered  references: Soft: 0, Weak: 72, Final: 0, Phantom: 5
[240.778s][info][gc,ref         ] GC(141) Enqueued    references: Soft: 0, Weak: 0, Final: 0, Phantom: 0
[240.778s][info][gc             ] GC(141) Concurrent weak references 0.096ms
[240.778s][info][gc,start       ] GC(141) Concurrent weak roots
[240.778s][info][gc,task        ] GC(141) Using 3 of 6 workers for concurrent weak root
[240.778s][info][gc             ] GC(141) Concurrent weak roots 0.115ms
[240.778s][info][gc,start       ] GC(141) Concurrent cleanup
[240.778s][info][gc             ] GC(141) Concurrent cleanup 316M->111M(512M) 0.048ms
[240.778s][info][gc,ergo        ] GC(141) Free: 373M, Max: 256K regular, 191M humongous, Frag: 49% external, 0% internal; Reserve: 26368K, Max: 256K
[240.778s][info][gc,start       ] GC(141) Concurrent class unloading
[240.778s][info][gc,task        ] GC(141) Using 3 of 6 workers for concurrent class unloading
[240.779s][info][gc             ] GC(141) Concurrent class unloading 0.216ms
[240.779s][info][gc,start       ] GC(141) Pause Final Roots
[240.779s][info][gc             ] GC(141) Pause Final Roots 0.015ms
[240.779s][info][gc,ergo        ] Free: 373M, Max: 256K regular, 191M humongous, Frag: 49% external, 0% internal; Reserve: 26368K, Max: 256K
[240.779s][info][gc,stats       ] 
[240.779s][info][gc,stats       ] All times are wall-clock times, except per-root-class counters, that are sum over
[240.779s][info][gc,stats       ] all workers. Dividing the <total> over the root stage time estimates parallelism.
[240.779s][info][gc,stats       ] 
[240.779s][info][gc,stats       ] Concurrent Reset                    199 us
[240.779s][info][gc,stats       ] Pause Init Mark (G)                 119 us
[240.779s][info][gc,stats       ] Pause Init Mark (N)                  85 us
[240.779s][info][gc,stats       ]   Update Region States               29 us
[240.779s][info][gc,stats       ] Concurrent Mark Roots               333 us, parallelism: 1.38x
[240.779s][info][gc,stats       ]   CMR: <total>                      458 us
[240.779s][info][gc,stats       ]   CMR: Thread Roots                 414 us, workers (us):  56, 103, 256, ---, ---, ---, 
[240.779s][info][gc,stats       ]   CMR: VM Strong Roots                5 us, workers (us):   2,   2,   0, ---, ---, ---, 
[240.779s][info][gc,stats       ]   CMR: CLDG Roots                    39 us, workers (us):  39, ---, ---, ---, ---, ---, 
[240.779s][info][gc,stats       ] Concurrent Marking                  729 us
[240.779s][info][gc,stats       ] Pause Final Mark (G)                226 us
[240.779s][info][gc,stats       ] Pause Final Mark (N)                188 us
[240.779s][info][gc,stats       ]   Finish Mark                        71 us
[240.779s][info][gc,stats       ]   Update Region States               27 us
[240.779s][info][gc,stats       ]   Choose Collection Set              42 us
[240.779s][info][gc,stats       ]   Rebuild Free Set                    8 us
[240.779s][info][gc,stats       ] Concurrent Weak References          105 us, parallelism: 0.04x
[240.779s][info][gc,stats       ]   CWRF: <total>                       4 us
[240.779s][info][gc,stats       ]   CWRF: Weak References               4 us, workers (us):   3,   1,   0, ---, ---, ---, 
[240.779s][info][gc,stats       ] Concurrent Weak Roots               130 us
[240.779s][info][gc,stats       ]   Roots                              73 us, parallelism: 1.39x
[240.779s][info][gc,stats       ]     CWR: <total>                    101 us
[240.779s][info][gc,stats       ]     CWR: Code Cache Roots            57 us, workers (us):  36,  22,   0, ---, ---, ---, 
[240.779s][info][gc,stats       ]     CWR: VM Weak Roots               42 us, workers (us):  15,  14,  13, ---, ---, ---, 
[240.779s][info][gc,stats       ]     CWR: CLDG Roots                   1 us, workers (us): ---, ---,   1, ---, ---, ---, 
[240.779s][info][gc,stats       ]   Rendezvous                         25 us
[240.779s][info][gc,stats       ] Concurrent Cleanup                   57 us
[240.779s][info][gc,stats       ] Concurrent Class Unloading          234 us
[240.779s][info][gc,stats       ]   Unlink Stale                      152 us
[240.779s][info][gc,stats       ]     System Dictionary                 1 us
[240.779s][info][gc,stats       ]     Weak Class Links                  0 us
[240.779s][info][gc,stats       ]     Code Roots                      150 us
[240.779s][info][gc,stats       ]   Rendezvous                         23 us
[240.779s][info][gc,stats       ]   Purge Unlinked                     24 us
[240.779s][info][gc,stats       ]     Code Roots                       21 us
[240.779s][info][gc,stats       ]     CLDG                              3 us
[240.779s][info][gc,stats       ]     Exception Caches                  0 us
[240.779s][info][gc,stats       ] Pause Final Roots (G)                46 us
[240.779s][info][gc,stats       ] Pause Final Roots (N)                23 us
[240.779s][info][gc,stats       ] Pacing                            47252 us
[240.779s][info][gc,stats       ] 
[240.779s][info][gc,stats       ] Allocation pacing accrued:
[240.779s][info][gc,stats       ]      47 of  1464 ms (  3.2%): main
[240.779s][info][gc,stats       ]      47 of  1464 ms (  3.2%): <total>
[240.779s][info][gc,stats       ]       4 of  1464 ms (  0.2%): <average total>
[240.779s][info][gc,stats       ]      47 of  1464 ms (  3.2%): <average non-zero>
[240.779s][info][gc,stats       ] 
[240.779s][info][gc,metaspace   ] Metaspace: 1071K(1280K)->1071K(1280K) NonClass: 990K(1088K)->990K(1088K) Class: 81K(192K)->81K(192K)
[240.779s][info][gc,ergo        ] Pacer for Idle. Initial: 10485K, Alloc Tax Rate: 1.0x
[242.247s][info][gc             ] Trigger: Average GC time (2.63 ms) is above the time for average allocation rate (270 MB/s) to deplete free headroom (0B) (margin of error = 3.28)
[242.247s][info][gc,ergo        ] Free headroom: 148M (free) - 26214K (spike) - 148M (penalties) = 0B
[242.247s][info][gc,ergo        ] Free: 148M, Max: 256K regular, 147M humongous, Frag: 1% external, 0% internal; Reserve: 26368K, Max: 256K
[242.247s][info][gc,start       ] GC(142) Concurrent reset
[242.247s][info][gc,task        ] GC(142) Using 3 of 6 workers for concurrent reset
[242.247s][info][gc,ergo        ] GC(142) Pacer for Reset. Non-Taxable: 512M
[242.247s][info][gc             ] GC(142) Concurrent reset 0.291ms
[242.247s][info][gc,start       ] GC(142) Pause Init Mark (unload classes)
[242.247s][info][gc,task        ] GC(142) Using 6 of 6 workers for init marking
[242.247s][info][gc,ergo        ] GC(142) Pacer for Mark. Expected Live: 120M, Free: 148M, Non-Taxable: 15181K, Alloc Tax Rate: 1.0x
[242.247s][info][gc             ] GC(142) Pause Init Mark (unload classes) 0.152ms
[242.247s][info][gc,start       ] GC(142) Concurrent marking roots
[242.247s][info][gc,task        ] GC(142) Using 3 of 6 workers for concurrent marking roots
[242.248s][info][gc             ] GC(142) Concurrent marking roots 0.324ms
[242.248s][info][gc,start       ] GC(142) Concurrent marking (unload classes)
[242.248s][info][gc,task        ] GC(142) Using 3 of 6 workers for concurrent marking
[242.248s][info][gc             ] GC(142) Concurrent marking (unload classes) 0.704ms
[242.248s][info][gc,start       ] GC(142) Pause Final Mark (unload classes)
[242.248s][info][gc,task        ] GC(142) Using 6 of 6 workers for final marking
[242.249s][info][gc,ergo        ] GC(142) Collectable Garbage: 197M (99%), Immediate: 197M (99%), CSet: 0B (0%)
[242.249s][info][gc             ] GC(142) Pause Final Mark (unload classes) 0.294ms
[242.249s][info][gc,start       ] GC(142) Concurrent weak references
[242.249s][info][gc,task        ] GC(142) Using 3 of 6 workers for concurrent weak references
[242.249s][info][gc,ref         ] GC(142) Encountered references: Soft: 45, Weak: 116, Final: 0, Phantom: 7
[242.249s][info][gc,ref         ] GC(142) Discovered  references: Soft: 0, Weak: 73, Final: 0, Phantom: 5
[242.249s][info][gc,ref         ] GC(142) Enqueued    references: Soft: 0, Weak: 0, Final: 0, Phantom: 0
[242.249s][info][gc             ] GC(142) Concurrent weak references 0.156ms
[242.249s][info][gc,start       ] GC(142) Concurrent weak roots
[242.249s][info][gc,task        ] GC(142) Using 3 of 6 workers for concurrent weak root
[242.249s][info][gc             ] GC(142) Concurrent weak roots 0.208ms
[242.249s][info][gc,start       ] GC(142) Concurrent cleanup
[242.249s][info][gc             ] GC(142) Concurrent cleanup 334M->136M(512M) 0.046ms
[242.249s][info][gc,ergo        ] GC(142) Free: 348M, Max: 256K regular, 248M humongous, Frag: 29% external, 0% internal; Reserve: 26368K, Max: 256K
[242.249s][info][gc,start       ] GC(142) Concurrent class unloading
[242.249s][info][gc,task        ] GC(142) Using 3 of 6 workers for concurrent class unloading
[242.250s][info][gc             ] GC(142) Concurrent class unloading 0.248ms
[242.250s][info][gc,start       ] GC(142) Pause Final Roots
[242.250s][info][gc             ] GC(142) Pause Final Roots 0.018ms
[242.250s][info][gc,ergo        ] Free: 348M, Max: 256K regular, 248M humongous, Frag: 29% external, 0% internal; Reserve: 26368K, Max: 256K
[242.250s][info][gc,stats       ] 
[242.250s][info][gc,stats       ] All times are wall-clock times, except per-root-class counters, that are sum over
[242.250s][info][gc,stats       ] all workers. Dividing the <total> over the root stage time estimates parallelism.
[242.250s][info][gc,stats       ] 
[242.250s][info][gc,stats       ] Concurrent Reset                    312 us
[242.250s][info][gc,stats       ] Pause Init Mark (G)                 274 us
[242.250s][info][gc,stats       ] Pause Init Mark (N)                 162 us
[242.250s][info][gc,stats       ]   Update Region States               99 us
[242.250s][info][gc,stats       ] Concurrent Mark Roots               342 us, parallelism: 0.93x
[242.250s][info][gc,stats       ]   CMR: <total>                      320 us
[242.250s][info][gc,stats       ]   CMR: Thread Roots                 288 us, workers (us):  71, 181,  37, ---, ---, ---, 
[242.250s][info][gc,stats       ]   CMR: VM Strong Roots                4 us, workers (us):   3,   0,   0, ---, ---, ---, 
[242.250s][info][gc,stats       ]   CMR: CLDG Roots                    27 us, workers (us):  27, ---, ---, ---, ---, ---, 
[242.250s][info][gc,stats       ] Concurrent Marking                  722 us
[242.250s][info][gc,stats       ] Pause Final Mark (G)                436 us
[242.250s][info][gc,stats       ] Pause Final Mark (N)                305 us
[242.250s][info][gc,stats       ]   Finish Mark                       126 us
[242.250s][info][gc,stats       ]   Update Region States               94 us
[242.250s][info][gc,stats       ]   Choose Collection Set              35 us
[242.250s][info][gc,stats       ]   Rebuild Free Set                    8 us
[242.250s][info][gc,stats       ] Concurrent Weak References          164 us, parallelism: 0.02x
[242.250s][info][gc,stats       ]   CWRF: <total>                       3 us
[242.250s][info][gc,stats       ]   CWRF: Weak References               3 us, workers (us):   3,   0,   0, ---, ---, ---, 
[242.250s][info][gc,stats       ] Concurrent Weak Roots               233 us
[242.250s][info][gc,stats       ]   Roots                             128 us, parallelism: 0.78x
[242.250s][info][gc,stats       ]     CWR: <total>                     99 us
[242.250s][info][gc,stats       ]     CWR: Code Cache Roots            51 us, workers (us):   0,  34,  16, ---, ---, ---, 
[242.250s][info][gc,stats       ]     CWR: VM Weak Roots               48 us, workers (us):  44,   3,   0, ---, ---, ---, 
[242.250s][info][gc,stats       ]     CWR: CLDG Roots                   1 us, workers (us): ---, ---,   1, ---, ---, ---, 
[242.250s][info][gc,stats       ]   Rendezvous                         63 us
[242.250s][info][gc,stats       ] Concurrent Cleanup                   56 us
[242.250s][info][gc,stats       ] Concurrent Class Unloading          266 us
[242.250s][info][gc,stats       ]   Unlink Stale                      150 us
[242.250s][info][gc,stats       ]     System Dictionary                 1 us
[242.250s][info][gc,stats       ]     Weak Class Links                  0 us
[242.250s][info][gc,stats       ]     Code Roots                      148 us
[242.250s][info][gc,stats       ]   Rendezvous                         57 us
[242.250s][info][gc,stats       ]   Purge Unlinked                     24 us
[242.250s][info][gc,stats       ]     Code Roots                       21 us
[242.250s][info][gc,stats       ]     CLDG                              3 us
[242.250s][info][gc,stats       ]     Exception Caches                  0 us
[242.250s][info][gc,stats       ] Pause Final Roots (G)                84 us
[242.250s][info][gc,stats       ] Pause Final Roots (N)                28 us
[242.250s][info][gc,stats       ] Pacing                            48059 us
[242.250s][info][gc,stats       ] 
[242.250s][info][gc,stats       ] Allocation pacing accrued:
[242.250s][info][gc,stats       ]      48 of  1471 ms (  3.3%): main
[242.250s][info][gc,stats       ]      48 of  1471 ms (  3.3%): <total>
[242.250s][info][gc,stats       ]       4 of  1471 ms (  0.3%): <average total>
[242.250s][info][gc,stats       ]      48 of  1471 ms (  3.3%): <average non-zero>
[242.250s][info][gc,stats       ] 
[242.250s][info][gc,metaspace   ] Metaspace: 1071K(1280K)->1071K(1280K) NonClass: 990K(1088K)->990K(1088K) Class: 81K(192K)->81K(192K)
[242.250s][info][gc,ergo        ] Pacer for Idle. Initial: 10485K, Alloc Tax Rate: 1.0x
[244.919s][info][gc             ] Trigger: Average GC time (3.87 ms) is above the time for average allocation rate (99758 KB/s) to deplete free headroom (0B) (margin of error = 3.28)
[244.920s][info][gc,ergo        ] Free headroom: 161M (free) - 26214K (spike) - 143M (penalties) = 0B
[244.920s][info][gc,ergo        ] Free: 161M, Max: 256K regular, 151M humongous, Frag: 6% external, 0% internal; Reserve: 26368K, Max: 256K
[244.920s][info][gc,start       ] GC(143) Concurrent reset
[244.920s][info][gc,task        ] GC(143) Using 3 of 6 workers for concurrent reset
[244.920s][info][gc,ergo        ] GC(143) Pacer for Reset. Non-Taxable: 512M
[244.920s][info][gc             ] GC(143) Concurrent reset 0.189ms
[244.920s][info][gc,start       ] GC(143) Pause Init Mark (unload classes)
[244.920s][info][gc,task        ] GC(143) Using 6 of 6 workers for init marking
[244.920s][info][gc,ergo        ] GC(143) Pacer for Mark. Expected Live: 115M, Free: 161M, Non-Taxable: 16513K, Alloc Tax Rate: 0.9x
[244.920s][info][gc             ] GC(143) Pause Init Mark (unload classes) 0.114ms
[244.920s][info][gc,start       ] GC(143) Concurrent marking roots
[244.920s][info][gc,task        ] GC(143) Using 3 of 6 workers for concurrent marking roots
[244.920s][info][gc             ] GC(143) Concurrent marking roots 0.264ms
[244.920s][info][gc,start       ] GC(143) Concurrent marking (unload classes)
[244.920s][info][gc,task        ] GC(143) Using 3 of 6 workers for concurrent marking
[244.921s][info][gc             ] GC(143) Concurrent marking (unload classes) 0.658ms
[244.921s][info][gc,start       ] GC(143) Pause Final Mark (unload classes)
[244.921s][info][gc,task        ] GC(143) Using 6 of 6 workers for final marking
[244.921s][info][gc,ergo        ] GC(143) Collectable Garbage: 292M (99%), Immediate: 292M (99%), CSet: 0B (0%)
[244.921s][info][gc             ] GC(143) Pause Final Mark (unload classes) 0.192ms
[244.921s][info][gc,start       ] GC(143) Concurrent weak references
[244.921s][info][gc,task        ] GC(143) Using 3 of 6 workers for concurrent weak references
[244.921s][info][gc,ref         ] GC(143) Encountered references: Soft: 45, Weak: 116, Final: 0, Phantom: 7
[244.921s][info][gc,ref         ] GC(143) Discovered  references: Soft: 0, Weak: 73, Final: 0, Phantom: 5
[244.921s][info][gc,ref         ] GC(143) Enqueued    references: Soft: 0, Weak: 0, Final: 0, Phantom: 0
[244.921s][info][gc             ] GC(143) Concurrent weak references 0.108ms
[244.921s][info][gc,start       ] GC(143) Concurrent weak roots
[244.921s][info][gc,task        ] GC(143) Using 3 of 6 workers for concurrent weak root
[244.921s][info][gc             ] GC(143) Concurrent weak roots 0.112ms
[244.921s][info][gc,start       ] GC(143) Concurrent cleanup
[244.921s][info][gc             ] GC(143) Concurrent cleanup 319M->26M(512M) 0.060ms
[244.921s][info][gc,ergo        ] GC(143) Free: 458M, Max: 256K regular, 185M humongous, Frag: 60% external, 0% internal; Reserve: 26368K, Max: 256K
[244.921s][info][gc,start       ] GC(143) Concurrent class unloading
[244.921s][info][gc,task        ] GC(143) Using 3 of 6 workers for concurrent class unloading
[244.922s][info][gc             ] GC(143) Concurrent class unloading 0.200ms
[244.922s][info][gc,start       ] GC(143) Pause Final Roots
[244.922s][info][gc             ] GC(143) Pause Final Roots 0.013ms
[244.922s][info][gc,ergo        ] Free: 458M, Max: 256K regular, 185M humongous, Frag: 60% external, 0% internal; Reserve: 26368K, Max: 256K
[244.922s][info][gc,stats       ] 
[244.922s][info][gc,stats       ] All times are wall-clock times, except per-root-class counters, that are sum over
[244.922s][info][gc,stats       ] all workers. Dividing the <total> over the root stage time estimates parallelism.
[244.922s][info][gc,stats       ] 
[244.922s][info][gc,stats       ] Concurrent Reset                    215 us
[244.922s][info][gc,stats       ] Pause Init Mark (G)                 156 us
[244.922s][info][gc,stats       ] Pause Init Mark (N)                 124 us
[244.922s][info][gc,stats       ]   Update Region States               60 us
[244.922s][info][gc,stats       ] Concurrent Mark Roots               282 us, parallelism: 1.17x
[244.922s][info][gc,stats       ]   CMR: <total>                      331 us
[244.922s][info][gc,stats       ]   CMR: Thread Roots                 289 us, workers (us):  64,  42, 182, ---, ---, ---, 
[244.922s][info][gc,stats       ]   CMR: VM Strong Roots                5 us, workers (us):   2,   2,   0, ---, ---, ---, 
[244.922s][info][gc,stats       ]   CMR: CLDG Roots                    37 us, workers (us): ---,  37, ---, ---, ---, ---, 
[244.922s][info][gc,stats       ] Concurrent Marking                  672 us
[244.922s][info][gc,stats       ] Pause Final Mark (G)                236 us
[244.922s][info][gc,stats       ] Pause Final Mark (N)                202 us
[244.922s][info][gc,stats       ]   Finish Mark                        68 us
[244.922s][info][gc,stats       ]   Update Region States               53 us
[244.922s][info][gc,stats       ]   Choose Collection Set              37 us
[244.922s][info][gc,stats       ]   Rebuild Free Set                    8 us
[244.922s][info][gc,stats       ] Concurrent Weak References          117 us, parallelism: 0.08x
[244.922s][info][gc,stats       ]   CWRF: <total>                       9 us
[244.922s][info][gc,stats       ]   CWRF: Weak References               9 us, workers (us):   8,   1,   0, ---, ---, ---, 
[244.922s][info][gc,stats       ] Concurrent Weak Roots               125 us
[244.922s][info][gc,stats       ]   Roots                              69 us, parallelism: 1.33x
[244.922s][info][gc,stats       ]     CWR: <total>                     92 us
[244.922s][info][gc,stats       ]     CWR: Code Cache Roots            49 us, workers (us):  34,  15,   0, ---, ---, ---, 
[244.922s][info][gc,stats       ]     CWR: VM Weak Roots               42 us, workers (us):  15,  14,  13, ---, ---, ---, 
[244.922s][info][gc,stats       ]     CWR: CLDG Roots                   1 us, workers (us): ---, ---,   1, ---, ---, ---, 
[244.922s][info][gc,stats       ]   Rendezvous                         26 us
[244.922s][info][gc,stats       ] Concurrent Cleanup                   70 us
[244.922s][info][gc,stats       ] Concurrent Class Unloading          210 us
[244.922s][info][gc,stats       ]   Unlink Stale                      143 us
[244.922s][info][gc,stats       ]     System Dictionary                 1 us
[244.922s][info][gc,stats       ]     Weak Class Links                  0 us
[244.922s][info][gc,stats       ]     Code Roots                      141 us
[244.922s][info][gc,stats       ]   Rendezvous                         19 us
[244.922s][info][gc,stats       ]   Purge Unlinked                     22 us
[244.922s][info][gc,stats       ]     Code Roots                       19 us
[244.922s][info][gc,stats       ]     CLDG                              2 us
[244.922s][info][gc,stats       ]     Exception Caches                  0 us
[244.922s][info][gc,stats       ] Pause Final Roots (G)                41 us
[244.922s][info][gc,stats       ] Pause Final Roots (N)                21 us
[244.922s][info][gc,stats       ] Pacing                            47094 us
[244.922s][info][gc,stats       ] 
[244.922s][info][gc,stats       ] Allocation pacing accrued:
[244.922s][info][gc,stats       ]      47 of  2672 ms (  1.8%): main
[244.922s][info][gc,stats       ]      47 of  2672 ms (  1.8%): <total>
[244.922s][info][gc,stats       ]       4 of  2672 ms (  0.1%): <average total>
[244.922s][info][gc,stats       ]      47 of  2672 ms (  1.8%): <average non-zero>
[244.922s][info][gc,stats       ] 
[244.922s][info][gc,metaspace   ] Metaspace: 1071K(1280K)->1071K(1280K) NonClass: 990K(1088K)->990K(1088K) Class: 81K(192K)->81K(192K)
[244.922s][info][gc,ergo        ] Pacer for Idle. Initial: 10485K, Alloc Tax Rate: 1.0x
[246.646s][info][gc             ] Trigger: Average GC time (3.46 ms) is above the time for average allocation rate (307 MB/s) to deplete free headroom (0B) (margin of error = 3.26)
[246.646s][info][gc,ergo        ] Free headroom: 84747K (free) - 26214K (spike) - 138M (penalties) = 0B
[246.646s][info][gc,ergo        ] Free: 84747K, Max: 256K regular, 52736K humongous, Frag: 38% external, 0% internal; Reserve: 26368K, Max: 256K
[246.646s][info][gc,start       ] GC(144) Concurrent reset
[246.646s][info][gc,task        ] GC(144) Using 3 of 6 workers for concurrent reset
[246.646s][info][gc,ergo        ] GC(144) Pacer for Reset. Non-Taxable: 512M
[246.647s][info][gc             ] GC(144) Concurrent reset 0.226ms
[246.647s][info][gc,start       ] GC(144) Pause Init Mark (unload classes)
[246.647s][info][gc,task        ] GC(144) Using 6 of 6 workers for init marking
[246.647s][info][gc,ergo        ] GC(144) Pacer for Mark. Expected Live: 100M, Free: 84747K, Non-Taxable: 8474K, Alloc Tax Rate: 1.5x
[246.647s][info][gc             ] GC(144) Pause Init Mark (unload classes) 0.155ms
[246.647s][info][gc,start       ] GC(144) Concurrent marking roots
[246.647s][info][gc,task        ] GC(144) Using 3 of 6 workers for concurrent marking roots
[246.647s][info][gc             ] GC(144) Concurrent marking roots 0.331ms
[246.647s][info][gc,start       ] GC(144) Concurrent marking (unload classes)
[246.647s][info][gc,task        ] GC(144) Using 3 of 6 workers for concurrent marking
[246.648s][info][gc             ] GC(144) Concurrent marking (unload classes) 0.811ms
[246.648s][info][gc,start       ] GC(144) Pause Final Mark (unload classes)
[246.648s][info][gc,task        ] GC(144) Using 6 of 6 workers for final marking
[246.648s][info][gc,ergo        ] GC(144) Collectable Garbage: 187M (99%), Immediate: 187M (99%), CSet: 0B (0%)
[246.648s][info][gc             ] GC(144) Pause Final Mark (unload classes) 0.311ms
[246.649s][info][gc,start       ] GC(144) Concurrent weak references
[246.649s][info][gc,task        ] GC(144) Using 3 of 6 workers for concurrent weak references
[246.649s][info][gc,ref         ] GC(144) Encountered references: Soft: 45, Weak: 116, Final: 0, Phantom: 7
[246.649s][info][gc,ref         ] GC(144) Discovered  references: Soft: 0, Weak: 84, Final: 0, Phantom: 5
[246.649s][info][gc,ref         ] GC(144) Enqueued    references: Soft: 0, Weak: 0, Final: 0, Phantom: 0
[246.649s][info][gc             ] GC(144) Concurrent weak references 0.150ms
[246.649s][info][gc,start       ] GC(144) Concurrent weak roots
[246.649s][info][gc,task        ] GC(144) Using 3 of 6 workers for concurrent weak root
[246.649s][info][gc             ] GC(144) Concurrent weak roots 0.238ms
[246.649s][info][gc,start       ] GC(144) Concurrent cleanup
[246.649s][info][gc             ] GC(144) Concurrent cleanup 399M->211M(512M) 0.044ms
[246.649s][info][gc,ergo        ] GC(144) Free: 273M, Max: 256K regular, 105M humongous, Frag: 62% external, 0% internal; Reserve: 26368K, Max: 256K
[246.649s][info][gc,start       ] GC(144) Concurrent class unloading
[246.649s][info][gc,task        ] GC(144) Using 3 of 6 workers for concurrent class unloading
[246.649s][info][gc             ] GC(144) Concurrent class unloading 0.328ms
[246.649s][info][gc,start       ] GC(144) Pause Final Roots
[246.649s][info][gc             ] GC(144) Pause Final Roots 0.024ms
[246.650s][info][gc,ergo        ] Free: 273M, Max: 256K regular, 105M humongous, Frag: 62% external, 0% internal; Reserve: 26368K, Max: 256K
[246.650s][info][gc,stats       ] 
[246.650s][info][gc,stats       ] All times are wall-clock times, except per-root-class counters, that are sum over
[246.650s][info][gc,stats       ] all workers. Dividing the <total> over the root stage time estimates parallelism.
[246.650s][info][gc,stats       ] 
[246.650s][info][gc,stats       ] Concurrent Reset                    245 us
[246.650s][info][gc,stats       ] Pause Init Mark (G)                 270 us
[246.650s][info][gc,stats       ] Pause Init Mark (N)                 164 us
[246.650s][info][gc,stats       ]   Update Region States              103 us
[246.650s][info][gc,stats       ] Concurrent Mark Roots               349 us, parallelism: 0.95x
[246.650s][info][gc,stats       ]   CMR: <total>                      331 us
[246.650s][info][gc,stats       ]   CMR: Thread Roots                 298 us, workers (us):  37,  68, 193, ---, ---, ---, 
[246.650s][info][gc,stats       ]   CMR: VM Strong Roots                4 us, workers (us):   1,   2,   1, ---, ---, ---, 
[246.650s][info][gc,stats       ]   CMR: CLDG Roots                    29 us, workers (us):  29, ---, ---, ---, ---, ---, 
[246.650s][info][gc,stats       ] Concurrent Marking                  830 us
[246.650s][info][gc,stats       ] Pause Final Mark (G)                450 us
[246.650s][info][gc,stats       ] Pause Final Mark (N)                321 us
[246.650s][info][gc,stats       ]   Finish Mark                       141 us
[246.650s][info][gc,stats       ]   Update Region States               93 us
[246.650s][info][gc,stats       ]   Choose Collection Set              39 us
[246.650s][info][gc,stats       ]   Rebuild Free Set                    8 us
[246.650s][info][gc,stats       ] Concurrent Weak References          161 us, parallelism: 0.02x
[246.650s][info][gc,stats       ]   CWRF: <total>                       4 us
[246.650s][info][gc,stats       ]   CWRF: Weak References               4 us, workers (us):   4,   0,   0, ---, ---, ---, 
[246.650s][info][gc,stats       ] Concurrent Weak Roots               255 us
[246.650s][info][gc,stats       ]   Roots                             130 us, parallelism: 0.69x
[246.650s][info][gc,stats       ]     CWR: <total>                     89 us
[246.650s][info][gc,stats       ]     CWR: Code Cache Roots            48 us, workers (us):   0,  15,  32, ---, ---, ---, 
[246.650s][info][gc,stats       ]     CWR: VM Weak Roots               41 us, workers (us):  37,   2,   2, ---, ---, ---, 
[246.650s][info][gc,stats       ]     CWR: CLDG Roots                   1 us, workers (us):   1, ---, ---, ---, ---, ---, 
[246.650s][info][gc,stats       ]   Rendezvous                         88 us
[246.650s][info][gc,stats       ] Concurrent Cleanup                   54 us
[246.650s][info][gc,stats       ] Concurrent Class Unloading          347 us
[246.650s][info][gc,stats       ]   Unlink Stale                      177 us
[246.650s][info][gc,stats       ]     System Dictionary                 1 us
[246.650s][info][gc,stats       ]     Weak Class Links                  0 us
[246.650s][info][gc,stats       ]     Code Roots                      175 us
[246.650s][info][gc,stats       ]   Rendezvous                         71 us
[246.650s][info][gc,stats       ]   Purge Unlinked                     63 us
[246.650s][info][gc,stats       ]     Code Roots                       58 us
[246.650s][info][gc,stats       ]     CLDG                              4 us
[246.650s][info][gc,stats       ]     Exception Caches                  0 us
[246.650s][info][gc,stats       ] Pause Final Roots (G)                88 us
[246.650s][info][gc,stats       ] Pause Final Roots (N)                34 us
[246.650s][info][gc,stats       ] Pacing                            91668 us
[246.650s][info][gc,stats       ] 
[246.650s][info][gc,stats       ] Allocation pacing accrued:
[246.650s][info][gc,stats       ]      92 of  1728 ms (  5.3%): main
[246.650s][info][gc,stats       ]      92 of  1728 ms (  5.3%): <total>
[246.650s][info][gc,stats       ]       7 of  1728 ms (  0.4%): <average total>
[246.650s][info][gc,stats       ]      92 of  1728 ms (  5.3%): <average non-zero>
[246.650s][info][gc,stats       ] 
[246.650s][info][gc,metaspace   ] Metaspace: 1071K(1280K)->1071K(1280K) NonClass: 990K(1088K)->990K(1088K) Class: 81K(192K)->81K(192K)
[246.650s][info][gc,ergo        ] Pacer for Idle. Initial: 10485K, Alloc Tax Rate: 1.0x
[249.460s][info][gc             ] Trigger: Average GC time (4.17 ms) is above the time for average allocation rate (137 MB/s) to deplete free headroom (0B) (margin of error = 3.28)
[249.460s][info][gc,ergo        ] Free headroom: 114M (free) - 26214K (spike) - 133M (penalties) = 0B
[249.460s][info][gc,ergo        ] Free: 114M, Max: 256K regular, 56576K humongous, Frag: 52% external, 0% internal; Reserve: 26368K, Max: 256K
[249.460s][info][gc,start       ] GC(145) Concurrent reset
[249.460s][info][gc,task        ] GC(145) Using 3 of 6 workers for concurrent reset
[249.460s][info][gc,ergo        ] GC(145) Pacer for Reset. Non-Taxable: 512M
[249.460s][info][gc             ] GC(145) Concurrent reset 0.325ms
[249.460s][info][gc,start       ] GC(145) Pause Init Mark (unload classes)
[249.460s][info][gc,task        ] GC(145) Using 6 of 6 workers for init marking
[249.461s][info][gc,ergo        ] GC(145) Pacer for Mark. Expected Live: 120M, Free: 114M, Non-Taxable: 11674K, Alloc Tax Rate: 1.3x
[249.461s][info][gc             ] GC(145) Pause Init Mark (unload classes) 0.147ms
[249.461s][info][gc,start       ] GC(145) Concurrent marking roots
[249.461s][info][gc,task        ] GC(145) Using 3 of 6 workers for concurrent marking roots
[249.461s][info][gc             ] GC(145) Concurrent marking roots 0.317ms
[249.461s][info][gc,start       ] GC(145) Concurrent marking (unload classes)
[249.461s][info][gc,task        ] GC(145) Using 3 of 6 workers for concurrent marking
[249.462s][info][gc             ] GC(145) Concurrent marking (unload classes) 0.799ms
[249.462s][info][gc,start       ] GC(145) Pause Final Mark (unload classes)
[249.462s][info][gc,task        ] GC(145) Using 6 of 6 workers for final marking
[249.462s][info][gc,ergo        ] GC(145) Collectable Garbage: 303M (99%), Immediate: 303M (99%), CSet: 0B (0%)
[249.462s][info][gc             ] GC(145) Pause Final Mark (unload classes) 0.241ms
[249.462s][info][gc,start       ] GC(145) Concurrent weak references
[249.462s][info][gc,task        ] GC(145) Using 3 of 6 workers for concurrent weak references
[249.462s][info][gc,ref         ] GC(145) Encountered references: Soft: 45, Weak: 116, Final: 0, Phantom: 7
[249.462s][info][gc,ref         ] GC(145) Discovered  references: Soft: 0, Weak: 84, Final: 0, Phantom: 5
[249.462s][info][gc,ref         ] GC(145) Enqueued    references: Soft: 0, Weak: 0, Final: 0, Phantom: 0
[249.462s][info][gc             ] GC(145) Concurrent weak references 0.127ms
[249.462s][info][gc,start       ] GC(145) Concurrent weak roots
[249.462s][info][gc,task        ] GC(145) Using 3 of 6 workers for concurrent weak root
[249.463s][info][gc             ] GC(145) Concurrent weak roots 0.282ms
[249.463s][info][gc,start       ] GC(145) Concurrent cleanup
[249.463s][info][gc             ] GC(145) Concurrent cleanup 366M->62M(512M) 0.063ms
[249.463s][info][gc,ergo        ] GC(145) Free: 422M, Max: 256K regular, 207M humongous, Frag: 52% external, 0% internal; Reserve: 26368K, Max: 256K
[249.463s][info][gc,start       ] GC(145) Concurrent class unloading
[249.463s][info][gc,task        ] GC(145) Using 3 of 6 workers for concurrent class unloading
[249.463s][info][gc             ] GC(145) Concurrent class unloading 0.429ms
[249.463s][info][gc,start       ] GC(145) Pause Final Roots
[249.463s][info][gc             ] GC(145) Pause Final Roots 0.019ms
[249.463s][info][gc,ergo        ] Free: 422M, Max: 256K regular, 207M humongous, Frag: 52% external, 0% internal; Reserve: 26368K, Max: 256K
[249.463s][info][gc,stats       ] 
[249.463s][info][gc,stats       ] All times are wall-clock times, except per-root-class counters, that are sum over
[249.463s][info][gc,stats       ] all workers. Dividing the <total> over the root stage time estimates parallelism.
[249.463s][info][gc,stats       ] 
[249.463s][info][gc,stats       ] Concurrent Reset                    347 us
[249.463s][info][gc,stats       ] Pause Init Mark (G)                 250 us
[249.463s][info][gc,stats       ] Pause Init Mark (N)                 156 us
[249.463s][info][gc,stats       ]   Update Region States               95 us
[249.463s][info][gc,stats       ] Concurrent Mark Roots               334 us, parallelism: 0.99x
[249.463s][info][gc,stats       ]   CMR: <total>                      331 us
[249.463s][info][gc,stats       ]   CMR: Thread Roots                 294 us, workers (us):  69, 191,  34, ---, ---, ---, 
[249.463s][info][gc,stats       ]   CMR: VM Strong Roots                5 us, workers (us):   2,   1,   1, ---, ---, ---, 
[249.463s][info][gc,stats       ]   CMR: CLDG Roots                    32 us, workers (us): ---, ---,  32, ---, ---, ---, 
[249.463s][info][gc,stats       ] Concurrent Marking                  816 us
[249.463s][info][gc,stats       ] Pause Final Mark (G)                382 us
[249.463s][info][gc,stats       ] Pause Final Mark (N)                252 us
[249.463s][info][gc,stats       ]   Finish Mark                        76 us
[249.463s][info][gc,stats       ]   Update Region States               91 us
[249.463s][info][gc,stats       ]   Choose Collection Set              37 us
[249.463s][info][gc,stats       ]   Rebuild Free Set                    8 us
[249.464s][info][gc,stats       ] Concurrent Weak References          136 us, parallelism: 0.03x
[249.464s][info][gc,stats       ]   CWRF: <total>                       4 us
[249.464s][info][gc,stats       ]   CWRF: Weak References               4 us, workers (us):   1,   3,   0, ---, ---, ---, 
[249.464s][info][gc,stats       ] Concurrent Weak Roots               303 us
[249.464s][info][gc,stats       ]   Roots                             154 us, parallelism: 0.71x
[249.464s][info][gc,stats       ]     CWR: <total>                    110 us
[249.464s][info][gc,stats       ]     CWR: Code Cache Roots            50 us, workers (us):  15,   0,  35, ---, ---, ---, 
[249.464s][info][gc,stats       ]     CWR: VM Weak Roots               59 us, workers (us):  19,  20,  20, ---, ---, ---, 
[249.464s][info][gc,stats       ]     CWR: CLDG Roots                   1 us, workers (us):   1, ---, ---, ---, ---, ---, 
[249.464s][info][gc,stats       ]   Rendezvous                        107 us
[249.464s][info][gc,stats       ] Concurrent Cleanup                   74 us
[249.464s][info][gc,stats       ] Concurrent Class Unloading          447 us
[249.464s][info][gc,stats       ]   Unlink Stale                      221 us
[249.464s][info][gc,stats       ]     System Dictionary                 1 us
[249.464s][info][gc,stats       ]     Weak Class Links                  0 us
[249.464s][info][gc,stats       ]     Code Roots                      220 us
[249.464s][info][gc,stats       ]   Rendezvous                         89 us
[249.464s][info][gc,stats       ]   Purge Unlinked                    102 us
[249.464s][info][gc,stats       ]     Code Roots                       98 us
[249.464s][info][gc,stats       ]     CLDG                              4 us
[249.464s][info][gc,stats       ]     Exception Caches                  0 us
[249.464s][info][gc,stats       ] Pause Final Roots (G)               111 us
[249.464s][info][gc,stats       ] Pause Final Roots (N)                28 us
[249.464s][info][gc,stats       ] Pacing                            30895 us
[249.464s][info][gc,stats       ] 
[249.464s][info][gc,stats       ] Allocation pacing accrued:
[249.464s][info][gc,stats       ]      31 of  2814 ms (  1.1%): main
[249.464s][info][gc,stats       ]      31 of  2814 ms (  1.1%): <total>
[249.464s][info][gc,stats       ]       2 of  2814 ms (  0.1%): <average total>
[249.464s][info][gc,stats       ]      31 of  2814 ms (  1.1%): <average non-zero>
[249.464s][info][gc,stats       ] 
[249.464s][info][gc,metaspace   ] Metaspace: 1071K(1280K)->1071K(1280K) NonClass: 990K(1088K)->990K(1088K) Class: 81K(192K)->81K(192K)
[249.464s][info][gc,ergo        ] Pacer for Idle. Initial: 10485K, Alloc Tax Rate: 1.0x
[251.065s][info][gc             ] Trigger: Average GC time (4.30 ms) is above the time for average allocation rate (307 MB/s) to deplete free headroom (0B) (margin of error = 3.27)
[251.065s][info][gc,ergo        ] Free headroom: 99083K (free) - 26214K (spike) - 127M (penalties) = 0B
[251.065s][info][gc,ergo        ] Free: 99083K, Max: 256K regular, 57856K humongous, Frag: 42% external, 0% internal; Reserve: 26368K, Max: 256K
[251.065s][info][gc,start       ] GC(146) Concurrent reset
[251.065s][info][gc,task        ] GC(146) Using 3 of 6 workers for concurrent reset
[251.065s][info][gc,ergo        ] GC(146) Pacer for Reset. Non-Taxable: 512M
[251.065s][info][gc             ] GC(146) Concurrent reset 0.155ms
[251.065s][info][gc,start       ] GC(146) Pause Init Mark (unload classes)
[251.065s][info][gc,task        ] GC(146) Using 6 of 6 workers for init marking
[251.065s][info][gc,ergo        ] GC(146) Pacer for Mark. Expected Live: 109M, Free: 99083K, Non-Taxable: 9908K, Alloc Tax Rate: 1.4x
[251.065s][info][gc             ] GC(146) Pause Init Mark (unload classes) 0.083ms
[251.065s][info][gc,start       ] GC(146) Concurrent marking roots
[251.065s][info][gc,task        ] GC(146) Using 3 of 6 workers for concurrent marking roots
[251.065s][info][gc             ] GC(146) Concurrent marking roots 0.246ms
[251.065s][info][gc,start       ] GC(146) Concurrent marking (unload classes)
[251.065s][info][gc,task        ] GC(146) Using 3 of 6 workers for concurrent marking
[251.066s][info][gc             ] GC(146) Concurrent marking (unload classes) 0.696ms
[251.066s][info][gc,start       ] GC(146) Pause Final Mark (unload classes)
[251.066s][info][gc,task        ] GC(146) Using 6 of 6 workers for final marking
[251.066s][info][gc,ergo        ] GC(146) Collectable Garbage: 257M (99%), Immediate: 257M (99%), CSet: 0B (0%)
[251.066s][info][gc             ] GC(146) Pause Final Mark (unload classes) 0.147ms
[251.066s][info][gc,start       ] GC(146) Concurrent weak references
[251.066s][info][gc,task        ] GC(146) Using 3 of 6 workers for concurrent weak references
[251.066s][info][gc,ref         ] GC(146) Encountered references: Soft: 45, Weak: 116, Final: 0, Phantom: 7
[251.066s][info][gc,ref         ] GC(146) Discovered  references: Soft: 0, Weak: 84, Final: 0, Phantom: 5
[251.066s][info][gc,ref         ] GC(146) Enqueued    references: Soft: 0, Weak: 0, Final: 0, Phantom: 0
[251.066s][info][gc             ] GC(146) Concurrent weak references 0.082ms
[251.066s][info][gc,start       ] GC(146) Concurrent weak roots
[251.066s][info][gc,task        ] GC(146) Using 3 of 6 workers for concurrent weak root
[251.066s][info][gc             ] GC(146) Concurrent weak roots 0.124ms
[251.066s][info][gc,start       ] GC(146) Concurrent cleanup
[251.066s][info][gc             ] GC(146) Concurrent cleanup 385M->127M(512M) 0.065ms
[251.067s][info][gc,ergo        ] GC(146) Free: 357M, Max: 256K regular, 237M humongous, Frag: 34% external, 0% internal; Reserve: 26368K, Max: 256K
[251.067s][info][gc,start       ] GC(146) Concurrent class unloading
[251.067s][info][gc,task        ] GC(146) Using 3 of 6 workers for concurrent class unloading
[251.067s][info][gc             ] GC(146) Concurrent class unloading 0.239ms
[251.067s][info][gc,start       ] GC(146) Pause Final Roots
[251.067s][info][gc             ] GC(146) Pause Final Roots 0.016ms
[251.067s][info][gc,ergo        ] Free: 357M, Max: 256K regular, 237M humongous, Frag: 34% external, 0% internal; Reserve: 26368K, Max: 256K
[251.067s][info][gc,stats       ] 
[251.067s][info][gc,stats       ] All times are wall-clock times, except per-root-class counters, that are sum over
[251.067s][info][gc,stats       ] all workers. Dividing the <total> over the root stage time estimates parallelism.
[251.067s][info][gc,stats       ] 
[251.067s][info][gc,stats       ] Concurrent Reset                    169 us
[251.067s][info][gc,stats       ] Pause Init Mark (G)                 128 us
[251.067s][info][gc,stats       ] Pause Init Mark (N)                  94 us
[251.067s][info][gc,stats       ]   Update Region States               28 us
[251.067s][info][gc,stats       ] Concurrent Mark Roots               262 us, parallelism: 1.27x
[251.067s][info][gc,stats       ]   CMR: <total>                      332 us
[251.067s][info][gc,stats       ]   CMR: Thread Roots                 296 us, workers (us):  68, 193,  34, ---, ---, ---, 
[251.067s][info][gc,stats       ]   CMR: VM Strong Roots                4 us, workers (us):   2,   2,   0, ---, ---, ---, 
[251.067s][info][gc,stats       ]   CMR: CLDG Roots                    32 us, workers (us): ---, ---,  32, ---, ---, ---, 
[251.067s][info][gc,stats       ] Concurrent Marking                  717 us
[251.067s][info][gc,stats       ] Pause Final Mark (G)                202 us
[251.067s][info][gc,stats       ] Pause Final Mark (N)                157 us
[251.067s][info][gc,stats       ]   Finish Mark                        43 us
[251.067s][info][gc,stats       ]   Update Region States               32 us
[251.067s][info][gc,stats       ]   Choose Collection Set              34 us
[251.067s][info][gc,stats       ]   Rebuild Free Set                    9 us
[251.067s][info][gc,stats       ] Concurrent Weak References           90 us, parallelism: 0.07x
[251.067s][info][gc,stats       ]   CWRF: <total>                       6 us
[251.067s][info][gc,stats       ]   CWRF: Weak References               6 us, workers (us):   1,   1,   5, ---, ---, ---, 
[251.067s][info][gc,stats       ] Concurrent Weak Roots               135 us
[251.067s][info][gc,stats       ]   Roots                              80 us, parallelism: 1.38x
[251.067s][info][gc,stats       ]     CWR: <total>                    111 us
[251.067s][info][gc,stats       ]     CWR: Code Cache Roots            64 us, workers (us):   0,  44,  20, ---, ---, ---, 
[251.067s][info][gc,stats       ]     CWR: VM Weak Roots               46 us, workers (us):  16,  16,  15, ---, ---, ---, 
[251.067s][info][gc,stats       ]     CWR: CLDG Roots                   1 us, workers (us):   1, ---, ---, ---, ---, ---, 
[251.067s][info][gc,stats       ]   Rendezvous                         28 us
[251.067s][info][gc,stats       ] Concurrent Cleanup                  129 us
[251.067s][info][gc,stats       ] Concurrent Class Unloading          261 us
[251.067s][info][gc,stats       ]   Unlink Stale                      174 us
[251.067s][info][gc,stats       ]     System Dictionary                 1 us
[251.067s][info][gc,stats       ]     Weak Class Links                  0 us
[251.067s][info][gc,stats       ]     Code Roots                      172 us
[251.067s][info][gc,stats       ]   Rendezvous                         23 us
[251.067s][info][gc,stats       ]   Purge Unlinked                     24 us
[251.067s][info][gc,stats       ]     Code Roots                       21 us
[251.067s][info][gc,stats       ]     CLDG                              3 us
[251.067s][info][gc,stats       ]     Exception Caches                  0 us
[251.067s][info][gc,stats       ] Pause Final Roots (G)                48 us
[251.067s][info][gc,stats       ] Pause Final Roots (N)                25 us
[251.067s][info][gc,stats       ] Pacing                            73125 us
[251.067s][info][gc,stats       ] 
[251.067s][info][gc,stats       ] Allocation pacing accrued:
[251.067s][info][gc,stats       ]      73 of  1604 ms (  4.6%): main
[251.067s][info][gc,stats       ]      73 of  1604 ms (  4.6%): <total>
[251.067s][info][gc,stats       ]       6 of  1604 ms (  0.4%): <average total>
[251.067s][info][gc,stats       ]      73 of  1604 ms (  4.6%): <average non-zero>
[251.067s][info][gc,stats       ] 
[251.067s][info][gc,metaspace   ] Metaspace: 1071K(1280K)->1071K(1280K) NonClass: 990K(1088K)->990K(1088K) Class: 81K(192K)->81K(192K)
[251.067s][info][gc,ergo        ] Pacer for Idle. Initial: 10485K, Alloc Tax Rate: 1.0x
[253.076s][info][gc             ] Trigger: Average GC time (4.18 ms) is above the time for average allocation rate (83322 KB/s) to deplete free headroom (0B) (margin of error = 3.27)
[253.076s][info][gc,ergo        ] Free headroom: 144M (free) - 26214K (spike) - 122M (penalties) = 0B
[253.076s][info][gc,ergo        ] Free: 144M, Max: 256K regular, 78336K humongous, Frag: 48% external, 0% internal; Reserve: 26368K, Max: 256K
[253.076s][info][gc,start       ] GC(147) Concurrent reset
[253.076s][info][gc,task        ] GC(147) Using 3 of 6 workers for concurrent reset
[253.076s][info][gc,ergo        ] GC(147) Pacer for Reset. Non-Taxable: 512M
[253.076s][info][gc             ] GC(147) Concurrent reset 0.251ms
[253.076s][info][gc,start       ] GC(147) Pause Init Mark (unload classes)
[253.077s][info][gc,task        ] GC(147) Using 6 of 6 workers for init marking
[253.077s][info][gc,ergo        ] GC(147) Pacer for Mark. Expected Live: 112M, Free: 144M, Non-Taxable: 14797K, Alloc Tax Rate: 1.0x
[253.077s][info][gc             ] GC(147) Pause Init Mark (unload classes) 0.082ms
[253.077s][info][gc,start       ] GC(147) Concurrent marking roots
[253.077s][info][gc,task        ] GC(147) Using 3 of 6 workers for concurrent marking roots
[253.077s][info][gc             ] GC(147) Concurrent marking roots 0.277ms
[253.077s][info][gc,start       ] GC(147) Concurrent marking (unload classes)
[253.077s][info][gc,task        ] GC(147) Using 3 of 6 workers for concurrent marking
[253.078s][info][gc             ] GC(147) Concurrent marking (unload classes) 0.887ms
[253.078s][info][gc,start       ] GC(147) Pause Final Mark (unload classes)
[253.078s][info][gc,task        ] GC(147) Using 6 of 6 workers for final marking
[253.078s][info][gc,ergo        ] GC(147) Collectable Garbage: 310M (99%), Immediate: 310M (99%), CSet: 0B (0%)
[253.078s][info][gc             ] GC(147) Pause Final Mark (unload classes) 0.167ms
[253.078s][info][gc,start       ] GC(147) Concurrent weak references
[253.078s][info][gc,task        ] GC(147) Using 3 of 6 workers for concurrent weak references
[253.078s][info][gc,ref         ] GC(147) Encountered references: Soft: 45, Weak: 116, Final: 0, Phantom: 7
[253.078s][info][gc,ref         ] GC(147) Discovered  references: Soft: 0, Weak: 95, Final: 0, Phantom: 5
[253.078s][info][gc,ref         ] GC(147) Enqueued    references: Soft: 0, Weak: 0, Final: 0, Phantom: 0
[253.078s][info][gc             ] GC(147) Concurrent weak references 0.118ms
[253.078s][info][gc,start       ] GC(147) Concurrent weak roots
[253.078s][info][gc,task        ] GC(147) Using 3 of 6 workers for concurrent weak root
[253.078s][info][gc             ] GC(147) Concurrent weak roots 0.140ms
[253.078s][info][gc,start       ] GC(147) Concurrent cleanup
[253.078s][info][gc             ] GC(147) Concurrent cleanup 337M->26M(512M) 0.077ms
[253.078s][info][gc,ergo        ] GC(147) Free: 458M, Max: 256K regular, 233M humongous, Frag: 50% external, 0% internal; Reserve: 26368K, Max: 256K
[253.079s][info][gc,start       ] GC(147) Concurrent class unloading
[253.079s][info][gc,task        ] GC(147) Using 3 of 6 workers for concurrent class unloading
[253.079s][info][gc             ] GC(147) Concurrent class unloading 0.281ms
[253.079s][info][gc,start       ] GC(147) Pause Final Roots
[253.079s][info][gc             ] GC(147) Pause Final Roots 0.020ms
[253.079s][info][gc,ergo        ] Free: 458M, Max: 256K regular, 233M humongous, Frag: 50% external, 0% internal; Reserve: 26368K, Max: 256K
[253.079s][info][gc,stats       ] 
[253.079s][info][gc,stats       ] All times are wall-clock times, except per-root-class counters, that are sum over
[253.079s][info][gc,stats       ] all workers. Dividing the <total> over the root stage time estimates parallelism.
[253.079s][info][gc,stats       ] 
[253.079s][info][gc,stats       ] Concurrent Reset                    279 us
[253.079s][info][gc,stats       ] Pause Init Mark (G)                 132 us
[253.079s][info][gc,stats       ] Pause Init Mark (N)                  92 us
[253.079s][info][gc,stats       ]   Update Region States               20 us
[253.079s][info][gc,stats       ] Concurrent Mark Roots               292 us, parallelism: 1.27x
[253.079s][info][gc,stats       ]   CMR: <total>                      370 us
[253.079s][info][gc,stats       ]   CMR: Thread Roots                 325 us, workers (us):  70, 220,  36, ---, ---, ---, 
[253.079s][info][gc,stats       ]   CMR: VM Strong Roots               12 us, workers (us):   7,   3,   2, ---, ---, ---, 
[253.079s][info][gc,stats       ]   CMR: CLDG Roots                    33 us, workers (us): ---, ---,  33, ---, ---, ---, 
[253.079s][info][gc,stats       ] Concurrent Marking                  919 us
[253.079s][info][gc,stats       ] Pause Final Mark (G)                212 us
[253.079s][info][gc,stats       ] Pause Final Mark (N)                183 us
[253.079s][info][gc,stats       ]   Finish Mark                        28 us
[253.079s][info][gc,stats       ]   Update Region States               33 us
[253.079s][info][gc,stats       ]   Choose Collection Set              57 us
[253.079s][info][gc,stats       ]   Rebuild Free Set                   15 us
[253.079s][info][gc,stats       ] Concurrent Weak References          131 us, parallelism: 0.06x
[253.079s][info][gc,stats       ]   CWRF: <total>                       8 us
[253.079s][info][gc,stats       ]   CWRF: Weak References               8 us, workers (us):   1,   6,   2, ---, ---, ---, 
[253.079s][info][gc,stats       ] Concurrent Weak Roots               160 us
[253.079s][info][gc,stats       ]   Roots                              90 us, parallelism: 1.52x
[253.079s][info][gc,stats       ]     CWR: <total>                    137 us
[253.079s][info][gc,stats       ]     CWR: Code Cache Roots            77 us, workers (us):  26,   0,  52, ---, ---, ---, 
[253.079s][info][gc,stats       ]     CWR: VM Weak Roots               59 us, workers (us):  23,  18,  18, ---, ---, ---, 
[253.079s][info][gc,stats       ]     CWR: CLDG Roots                   1 us, workers (us): ---,   1, ---, ---, ---, ---, 
[253.079s][info][gc,stats       ]   Rendezvous                         24 us
[253.079s][info][gc,stats       ] Concurrent Cleanup                   93 us
[253.079s][info][gc,stats       ] Concurrent Class Unloading          301 us
[253.079s][info][gc,stats       ]   Unlink Stale                      199 us
[253.079s][info][gc,stats       ]     System Dictionary                 2 us
[253.079s][info][gc,stats       ]     Weak Class Links                  0 us
[253.079s][info][gc,stats       ]     Code Roots                      196 us
[253.079s][info][gc,stats       ]   Rendezvous                         25 us
[253.079s][info][gc,stats       ]   Purge Unlinked                     25 us
[253.079s][info][gc,stats       ]     Code Roots                       23 us
[253.079s][info][gc,stats       ]     CLDG                              2 us
[253.079s][info][gc,stats       ]     Exception Caches                  0 us
[253.079s][info][gc,stats       ] Pause Final Roots (G)                62 us
[253.079s][info][gc,stats       ] Pause Final Roots (N)                43 us
[253.079s][info][gc,stats       ] Pacing                            46687 us
[253.079s][info][gc,stats       ] 
[253.080s][info][gc,stats       ] Allocation pacing accrued:
[253.080s][info][gc,stats       ]      47 of  2012 ms (  2.3%): main
[253.080s][info][gc,stats       ]      47 of  2012 ms (  2.3%): <total>
[253.080s][info][gc,stats       ]       4 of  2012 ms (  0.2%): <average total>
[253.080s][info][gc,stats       ]      47 of  2012 ms (  2.3%): <average non-zero>
[253.080s][info][gc,stats       ] 
[253.080s][info][gc,metaspace   ] Metaspace: 1071K(1280K)->1071K(1280K) NonClass: 990K(1088K)->990K(1088K) Class: 81K(192K)->81K(192K)
[253.080s][info][gc,ergo        ] Pacer for Idle. Initial: 10485K, Alloc Tax Rate: 1.0x
[255.356s][info][gc             ] Trigger: Average GC time (3.78 ms) is above the time for average allocation rate (139 MB/s) to deplete free headroom (0B) (margin of error = 3.26)
[255.356s][info][gc,ergo        ] Free headroom: 126M (free) - 26214K (spike) - 117M (penalties) = 0B
[255.356s][info][gc,ergo        ] Free: 126M, Max: 256K regular, 121M humongous, Frag: 5% external, 0% internal; Reserve: 26368K, Max: 256K
[255.356s][info][gc,start       ] GC(148) Concurrent reset
[255.356s][info][gc,task        ] GC(148) Using 3 of 6 workers for concurrent reset
[255.356s][info][gc,ergo        ] GC(148) Pacer for Reset. Non-Taxable: 512M
[255.357s][info][gc             ] GC(148) Concurrent reset 0.265ms
[255.357s][info][gc,start       ] GC(148) Pause Init Mark (unload classes)
[255.357s][info][gc,task        ] GC(148) Using 6 of 6 workers for init marking
[255.357s][info][gc,ergo        ] GC(148) Pacer for Mark. Expected Live: 93164K, Free: 126M, Non-Taxable: 12954K, Alloc Tax Rate: 0.9x
[255.357s][info][gc             ] GC(148) Pause Init Mark (unload classes) 0.152ms
[255.357s][info][gc,start       ] GC(148) Concurrent marking roots
[255.357s][info][gc,task        ] GC(148) Using 3 of 6 workers for concurrent marking roots
[255.357s][info][gc             ] GC(148) Concurrent marking roots 0.313ms
[255.357s][info][gc,start       ] GC(148) Concurrent marking (unload classes)
[255.357s][info][gc,task        ] GC(148) Using 3 of 6 workers for concurrent marking
[255.358s][info][gc             ] GC(148) Concurrent marking (unload classes) 0.732ms
[255.358s][info][gc,start       ] GC(148) Pause Final Mark (unload classes)
[255.358s][info][gc,task        ] GC(148) Using 6 of 6 workers for final marking
[255.358s][info][gc,ergo        ] GC(148) Collectable Garbage: 222M (99%), Immediate: 222M (99%), CSet: 0B (0%)
[255.358s][info][gc             ] GC(148) Pause Final Mark (unload classes) 0.215ms
[255.358s][info][gc,start       ] GC(148) Concurrent weak references
[255.358s][info][gc,task        ] GC(148) Using 3 of 6 workers for concurrent weak references
[255.358s][info][gc,ref         ] GC(148) Encountered references: Soft: 45, Weak: 116, Final: 0, Phantom: 7
[255.358s][info][gc,ref         ] GC(148) Discovered  references: Soft: 0, Weak: 95, Final: 0, Phantom: 5
[255.358s][info][gc,ref         ] GC(148) Enqueued    references: Soft: 0, Weak: 0, Final: 0, Phantom: 0
[255.358s][info][gc             ] GC(148) Concurrent weak references 0.120ms
[255.358s][info][gc,start       ] GC(148) Concurrent weak roots
[255.358s][info][gc,task        ] GC(148) Using 3 of 6 workers for concurrent weak root
[255.359s][info][gc             ] GC(148) Concurrent weak roots 0.123ms
[255.359s][info][gc,start       ] GC(148) Concurrent cleanup
[255.359s][info][gc             ] GC(148) Concurrent cleanup 354M->132M(512M) 0.059ms
[255.359s][info][gc,ergo        ] GC(148) Free: 352M, Max: 256K regular, 121M humongous, Frag: 66% external, 0% internal; Reserve: 26368K, Max: 256K
[255.359s][info][gc,start       ] GC(148) Concurrent class unloading
[255.359s][info][gc,task        ] GC(148) Using 3 of 6 workers for concurrent class unloading
[255.359s][info][gc             ] GC(148) Concurrent class unloading 0.329ms
[255.359s][info][gc,start       ] GC(148) Pause Final Roots
[255.359s][info][gc             ] GC(148) Pause Final Roots 0.015ms
[255.359s][info][gc,ergo        ] Free: 352M, Max: 256K regular, 121M humongous, Frag: 66% external, 0% internal; Reserve: 26368K, Max: 256K
[255.359s][info][gc,stats       ] 
[255.359s][info][gc,stats       ] All times are wall-clock times, except per-root-class counters, that are sum over
[255.359s][info][gc,stats       ] all workers. Dividing the <total> over the root stage time estimates parallelism.
[255.359s][info][gc,stats       ] 
[255.359s][info][gc,stats       ] Concurrent Reset                    284 us
[255.359s][info][gc,stats       ] Pause Init Mark (G)                 257 us
[255.359s][info][gc,stats       ] Pause Init Mark (N)                 162 us
[255.359s][info][gc,stats       ]   Update Region States              101 us
[255.359s][info][gc,stats       ] Concurrent Mark Roots               332 us, parallelism: 1.09x
[255.359s][info][gc,stats       ]   CMR: <total>                      362 us
[255.359s][info][gc,stats       ]   CMR: Thread Roots                 328 us, workers (us): 196,  42,  91, ---, ---, ---, 
[255.359s][info][gc,stats       ]   CMR: VM Strong Roots                4 us, workers (us):   2,   1,   1, ---, ---, ---, 
[255.359s][info][gc,stats       ]   CMR: CLDG Roots                    29 us, workers (us): ---,  29, ---, ---, ---, ---, 
[255.359s][info][gc,stats       ] Concurrent Marking                  749 us
[255.359s][info][gc,stats       ] Pause Final Mark (G)                290 us
[255.359s][info][gc,stats       ] Pause Final Mark (N)                225 us
[255.359s][info][gc,stats       ]   Finish Mark                        83 us
[255.359s][info][gc,stats       ]   Update Region States               59 us
[255.359s][info][gc,stats       ]   Choose Collection Set              34 us
[255.359s][info][gc,stats       ]   Rebuild Free Set                    8 us
[255.359s][info][gc,stats       ] Concurrent Weak References          139 us, parallelism: 0.03x
[255.359s][info][gc,stats       ]   CWRF: <total>                       4 us
[255.359s][info][gc,stats       ]   CWRF: Weak References               4 us, workers (us):   3,   0,   0, ---, ---, ---, 
[255.359s][info][gc,stats       ] Concurrent Weak Roots               142 us
[255.359s][info][gc,stats       ]   Roots                              78 us, parallelism: 1.17x
[255.359s][info][gc,stats       ]     CWR: <total>                     91 us
[255.359s][info][gc,stats       ]     CWR: Code Cache Roots            49 us, workers (us):  34,  15,   0, ---, ---, ---, 
[255.359s][info][gc,stats       ]     CWR: VM Weak Roots               41 us, workers (us):  21,  20,   0, ---, ---, ---, 
[255.359s][info][gc,stats       ]     CWR: CLDG Roots                   1 us, workers (us): ---,   1, ---, ---, ---, ---, 
[255.359s][info][gc,stats       ]   Rendezvous                         26 us
[255.359s][info][gc,stats       ] Concurrent Cleanup                   70 us
[255.359s][info][gc,stats       ] Concurrent Class Unloading          349 us
[255.359s][info][gc,stats       ]   Unlink Stale                      149 us
[255.359s][info][gc,stats       ]     System Dictionary                 1 us
[255.359s][info][gc,stats       ]     Weak Class Links                  0 us
[255.359s][info][gc,stats       ]     Code Roots                      147 us
[255.359s][info][gc,stats       ]   Rendezvous                         29 us
[255.359s][info][gc,stats       ]   Purge Unlinked                     92 us
[255.359s][info][gc,stats       ]     Code Roots                       88 us
[255.359s][info][gc,stats       ]     CLDG                              4 us
[255.359s][info][gc,stats       ]     Exception Caches                  0 us
[255.359s][info][gc,stats       ] Pause Final Roots (G)                74 us
[255.359s][info][gc,stats       ] Pause Final Roots (N)                24 us
[255.359s][info][gc,stats       ] Pacing                            77307 us
[255.360s][info][gc,stats       ] 
[255.360s][info][gc,stats       ] Allocation pacing accrued:
[255.360s][info][gc,stats       ]      77 of  2280 ms (  3.4%): main
[255.360s][info][gc,stats       ]      77 of  2280 ms (  3.4%): <total>
[255.360s][info][gc,stats       ]       6 of  2280 ms (  0.3%): <average total>
[255.360s][info][gc,stats       ]      77 of  2280 ms (  3.4%): <average non-zero>
[255.360s][info][gc,stats       ] 
[255.360s][info][gc,metaspace   ] Metaspace: 1071K(1280K)->1071K(1280K) NonClass: 990K(1088K)->990K(1088K) Class: 81K(192K)->81K(192K)
[255.360s][info][gc,ergo        ] Pacer for Idle. Initial: 10485K, Alloc Tax Rate: 1.0x
[256.960s][info][gc             ] Trigger: Free (46347K) is below minimum threshold (52428K)
[256.960s][info][gc,ergo        ] Free: 46347K, Max: 256K regular, 21504K humongous, Frag: 54% external, 0% internal; Reserve: 26368K, Max: 256K
[256.960s][info][gc,start       ] GC(149) Concurrent reset
[256.960s][info][gc,task        ] GC(149) Using 3 of 6 workers for concurrent reset
[256.960s][info][gc,ergo        ] GC(149) Pacer for Reset. Non-Taxable: 512M
[256.960s][info][gc             ] GC(149) Concurrent reset 0.225ms
[256.960s][info][gc,start       ] GC(149) Pause Init Mark (unload classes)
[256.960s][info][gc,task        ] GC(149) Using 6 of 6 workers for init marking
[256.960s][info][gc,ergo        ] GC(149) Pacer for Mark. Expected Live: 111M, Free: 46347K, Non-Taxable: 4634K, Alloc Tax Rate: 3.0x
[256.961s][info][gc             ] GC(149) Pause Init Mark (unload classes) 0.160ms
[256.961s][info][gc,start       ] GC(149) Concurrent marking roots
[256.961s][info][gc,task        ] GC(149) Using 3 of 6 workers for concurrent marking roots
[256.961s][info][gc             ] GC(149) Concurrent marking roots 0.301ms
[256.961s][info][gc,start       ] GC(149) Concurrent marking (unload classes)
[256.961s][info][gc,task        ] GC(149) Using 3 of 6 workers for concurrent marking
[256.962s][info][gc             ] GC(149) Concurrent marking (unload classes) 0.801ms
[256.962s][info][gc,start       ] GC(149) Pause Final Mark (unload classes)
[256.962s][info][gc,task        ] GC(149) Using 6 of 6 workers for final marking
[256.962s][info][gc,ergo        ] GC(149) Collectable Garbage: 330M (99%), Immediate: 330M (99%), CSet: 0B (0%)
[256.962s][info][gc             ] GC(149) Pause Final Mark (unload classes) 0.324ms
[256.962s][info][gc,start       ] GC(149) Concurrent weak references
[256.962s][info][gc,task        ] GC(149) Using 3 of 6 workers for concurrent weak references
[256.962s][info][gc,ref         ] GC(149) Encountered references: Soft: 45, Weak: 116, Final: 0, Phantom: 7
[256.962s][info][gc,ref         ] GC(149) Discovered  references: Soft: 0, Weak: 76, Final: 0, Phantom: 5
[256.962s][info][gc,ref         ] GC(149) Enqueued    references: Soft: 0, Weak: 0, Final: 0, Phantom: 0
[256.962s][info][gc             ] GC(149) Concurrent weak references 0.160ms
[256.962s][info][gc,start       ] GC(149) Concurrent weak roots
[256.962s][info][gc,task        ] GC(149) Using 3 of 6 workers for concurrent weak root
[256.963s][info][gc             ] GC(149) Concurrent weak roots 0.208ms
[256.963s][info][gc,start       ] GC(149) Concurrent cleanup
[256.963s][info][gc             ] GC(149) Concurrent cleanup 437M->107M(512M) 0.066ms
[256.963s][info][gc,ergo        ] GC(149) Free: 378M, Max: 256K regular, 351M humongous, Frag: 8% external, 0% internal; Reserve: 26368K, Max: 256K
[256.963s][info][gc,start       ] GC(149) Concurrent class unloading
[256.963s][info][gc,task        ] GC(149) Using 3 of 6 workers for concurrent class unloading
[256.963s][info][gc             ] GC(149) Concurrent class unloading 0.333ms
[256.963s][info][gc,start       ] GC(149) Pause Final Roots
[256.963s][info][gc             ] GC(149) Pause Final Roots 0.016ms
[256.963s][info][gc,ergo        ] Free: 378M, Max: 256K regular, 351M humongous, Frag: 8% external, 0% internal; Reserve: 26368K, Max: 256K
[256.963s][info][gc,stats       ] 
[256.963s][info][gc,stats       ] All times are wall-clock times, except per-root-class counters, that are sum over
[256.963s][info][gc,stats       ] all workers. Dividing the <total> over the root stage time estimates parallelism.
[256.963s][info][gc,stats       ] 
[256.963s][info][gc,stats       ] Concurrent Reset                    246 us
[256.963s][info][gc,stats       ] Pause Init Mark (G)                 266 us
[256.963s][info][gc,stats       ] Pause Init Mark (N)                 170 us
[256.963s][info][gc,stats       ]   Update Region States               98 us
[256.963s][info][gc,stats       ] Concurrent Mark Roots               319 us, parallelism: 1.09x
[256.963s][info][gc,stats       ]   CMR: <total>                      349 us
[256.963s][info][gc,stats       ]   CMR: Thread Roots                 315 us, workers (us):  35, 207,  73, ---, ---, ---, 
[256.963s][info][gc,stats       ]   CMR: VM Strong Roots                4 us, workers (us):   3,   0,   0, ---, ---, ---, 
[256.963s][info][gc,stats       ]   CMR: CLDG Roots                    30 us, workers (us):  30, ---, ---, ---, ---, ---, 
[256.963s][info][gc,stats       ] Concurrent Marking                  819 us
[256.963s][info][gc,stats       ] Pause Final Mark (G)                468 us
[256.963s][info][gc,stats       ] Pause Final Mark (N)                334 us
[256.963s][info][gc,stats       ]   Finish Mark                       147 us
[256.963s][info][gc,stats       ]   Update Region States              106 us
[256.963s][info][gc,stats       ]   Choose Collection Set              34 us
[256.963s][info][gc,stats       ]   Rebuild Free Set                    8 us
[256.963s][info][gc,stats       ] Concurrent Weak References          168 us, parallelism: 0.02x
[256.963s][info][gc,stats       ]   CWRF: <total>                       4 us
[256.963s][info][gc,stats       ]   CWRF: Weak References               4 us, workers (us):   0,   1,   2, ---, ---, ---, 
[256.963s][info][gc,stats       ] Concurrent Weak Roots               226 us
[256.963s][info][gc,stats       ]   Roots                             131 us, parallelism: 0.69x
[256.963s][info][gc,stats       ]     CWR: <total>                     90 us
[256.963s][info][gc,stats       ]     CWR: Code Cache Roots            49 us, workers (us):   0,  16,  33, ---, ---, ---, 
[256.963s][info][gc,stats       ]     CWR: VM Weak Roots               40 us, workers (us):  36,   2,   2, ---, ---, ---, 
[256.963s][info][gc,stats       ]     CWR: CLDG Roots                   1 us, workers (us):   1, ---, ---, ---, ---, ---, 
[256.963s][info][gc,stats       ]   Rendezvous                         60 us
[256.963s][info][gc,stats       ] Concurrent Cleanup                   76 us
[256.963s][info][gc,stats       ] Concurrent Class Unloading          351 us
[256.963s][info][gc,stats       ]   Unlink Stale                      222 us
[256.963s][info][gc,stats       ]     System Dictionary                 1 us
[256.963s][info][gc,stats       ]     Weak Class Links                  0 us
[256.963s][info][gc,stats       ]     Code Roots                      221 us
[256.963s][info][gc,stats       ]   Rendezvous                         27 us
[256.963s][info][gc,stats       ]   Purge Unlinked                     67 us
[256.963s][info][gc,stats       ]     Code Roots                       62 us
[256.963s][info][gc,stats       ]     CLDG                              4 us
[256.963s][info][gc,stats       ]     Exception Caches                  0 us
[256.963s][info][gc,stats       ] Pause Final Roots (G)                77 us
[256.964s][info][gc,stats       ] Pause Final Roots (N)                24 us
[256.964s][info][gc,stats       ] Pacing                            74759 us
[256.964s][info][gc,stats       ] 
[256.964s][info][gc,stats       ] Allocation pacing accrued:
[256.964s][info][gc,stats       ]      75 of  1604 ms (  4.7%): main
[256.964s][info][gc,stats       ]      75 of  1604 ms (  4.7%): <total>
[256.964s][info][gc,stats       ]       6 of  1604 ms (  0.4%): <average total>
[256.964s][info][gc,stats       ]      75 of  1604 ms (  4.7%): <average non-zero>
[256.964s][info][gc,stats       ] 
[256.964s][info][gc,metaspace   ] Metaspace: 1071K(1280K)->1071K(1280K) NonClass: 990K(1088K)->990K(1088K) Class: 81K(192K)->81K(192K)
[256.964s][info][gc,ergo        ] Pacer for Idle. Initial: 10485K, Alloc Tax Rate: 1.0x
[259.080s][info][gc             ] Trigger: Average GC time (3.70 ms) is above the time for average allocation rate (65433 KB/s) to deplete free headroom (0B) (margin of error = 3.26)
[259.080s][info][gc,ergo        ] Free headroom: 129M (free) - 26214K (spike) - 107M (penalties) = 0B
[259.080s][info][gc,ergo        ] Free: 129M, Max: 256K regular, 108M humongous, Frag: 17% external, 0% internal; Reserve: 26368K, Max: 256K
[259.080s][info][gc,start       ] GC(150) Concurrent reset
[259.080s][info][gc,task        ] GC(150) Using 3 of 6 workers for concurrent reset
[259.080s][info][gc,ergo        ] GC(150) Pacer for Reset. Non-Taxable: 512M
[259.081s][info][gc             ] GC(150) Concurrent reset 0.283ms
[259.081s][info][gc,start       ] GC(150) Pause Init Mark (unload classes)
[259.081s][info][gc,task        ] GC(150) Using 6 of 6 workers for init marking
[259.081s][info][gc,ergo        ] GC(150) Pacer for Mark. Expected Live: 93164K, Free: 129M, Non-Taxable: 13261K, Alloc Tax Rate: 0.9x
[259.081s][info][gc             ] GC(150) Pause Init Mark (unload classes) 0.190ms
[259.081s][info][gc,start       ] GC(150) Concurrent marking roots
[259.081s][info][gc,task        ] GC(150) Using 3 of 6 workers for concurrent marking roots
[259.081s][info][gc             ] GC(150) Concurrent marking roots 0.337ms
[259.081s][info][gc,start       ] GC(150) Concurrent marking (unload classes)
[259.081s][info][gc,task        ] GC(150) Using 3 of 6 workers for concurrent marking
[259.082s][info][gc             ] GC(150) Concurrent marking (unload classes) 0.740ms
[259.082s][info][gc,start       ] GC(150) Pause Final Mark (unload classes)
[259.082s][info][gc,task        ] GC(150) Using 6 of 6 workers for final marking
[259.082s][info][gc,ergo        ] GC(150) Collectable Garbage: 332M (99%), Immediate: 332M (99%), CSet: 0B (0%)
[259.082s][info][gc             ] GC(150) Pause Final Mark (unload classes) 0.252ms
[259.083s][info][gc,start       ] GC(150) Concurrent weak references
[259.083s][info][gc,task        ] GC(150) Using 3 of 6 workers for concurrent weak references
[259.083s][info][gc,ref         ] GC(150) Encountered references: Soft: 45, Weak: 116, Final: 0, Phantom: 7
[259.083s][info][gc,ref         ] GC(150) Discovered  references: Soft: 0, Weak: 71, Final: 0, Phantom: 5
[259.083s][info][gc,ref         ] GC(150) Enqueued    references: Soft: 0, Weak: 0, Final: 0, Phantom: 0
[259.083s][info][gc             ] GC(150) Concurrent weak references 0.104ms
[259.083s][info][gc,start       ] GC(150) Concurrent weak roots
[259.083s][info][gc,task        ] GC(150) Using 3 of 6 workers for concurrent weak root
[259.083s][info][gc             ] GC(150) Concurrent weak roots 0.182ms
[259.083s][info][gc,start       ] GC(150) Concurrent cleanup
[259.083s][info][gc             ] GC(150) Concurrent cleanup 351M->19M(512M) 0.067ms
[259.083s][info][gc,ergo        ] GC(150) Free: 465M, Max: 256K regular, 229M humongous, Frag: 51% external, 0% internal; Reserve: 26368K, Max: 256K
[259.083s][info][gc,start       ] GC(150) Concurrent class unloading
[259.083s][info][gc,task        ] GC(150) Using 3 of 6 workers for concurrent class unloading
[259.083s][info][gc             ] GC(150) Concurrent class unloading 0.318ms
[259.083s][info][gc,start       ] GC(150) Pause Final Roots
[259.083s][info][gc             ] GC(150) Pause Final Roots 0.016ms
[259.083s][info][gc,ergo        ] Free: 465M, Max: 256K regular, 229M humongous, Frag: 51% external, 0% internal; Reserve: 26368K, Max: 256K
[259.083s][info][gc,stats       ] 
[259.083s][info][gc,stats       ] All times are wall-clock times, except per-root-class counters, that are sum over
[259.084s][info][gc,stats       ] all workers. Dividing the <total> over the root stage time estimates parallelism.
[259.084s][info][gc,stats       ] 
[259.084s][info][gc,stats       ] Concurrent Reset                    301 us
[259.084s][info][gc,stats       ] Pause Init Mark (G)                 297 us
[259.084s][info][gc,stats       ] Pause Init Mark (N)                 200 us
[259.084s][info][gc,stats       ]   Update Region States              139 us
[259.084s][info][gc,stats       ] Concurrent Mark Roots               354 us, parallelism: 0.99x
[259.084s][info][gc,stats       ]   CMR: <total>                      352 us
[259.084s][info][gc,stats       ]   CMR: Thread Roots                 324 us, workers (us): 211,  78,  35, ---, ---, ---, 
[259.084s][info][gc,stats       ]   CMR: VM Strong Roots                3 us, workers (us):   2,   0,   0, ---, ---, ---, 
[259.084s][info][gc,stats       ]   CMR: CLDG Roots                    26 us, workers (us):  26, ---, ---, ---, ---, ---, 
[259.084s][info][gc,stats       ] Concurrent Marking                  760 us
[259.084s][info][gc,stats       ] Pause Final Mark (G)                361 us
[259.084s][info][gc,stats       ] Pause Final Mark (N)                262 us
[259.084s][info][gc,stats       ]   Finish Mark                        99 us
[259.084s][info][gc,stats       ]   Update Region States               70 us
[259.084s][info][gc,stats       ]   Choose Collection Set              38 us
[259.084s][info][gc,stats       ]   Rebuild Free Set                   15 us
[259.084s][info][gc,stats       ] Concurrent Weak References          112 us, parallelism: 0.03x
[259.084s][info][gc,stats       ]   CWRF: <total>                       4 us
[259.084s][info][gc,stats       ]   CWRF: Weak References               4 us, workers (us):   2,   1,   0, ---, ---, ---, 
[259.084s][info][gc,stats       ] Concurrent Weak Roots               196 us
[259.084s][info][gc,stats       ]   Roots                              99 us, parallelism: 1.11x
[259.084s][info][gc,stats       ]     CWR: <total>                    110 us
[259.084s][info][gc,stats       ]     CWR: Code Cache Roots            51 us, workers (us):   0,  35,  16, ---, ---, ---, 
[259.084s][info][gc,stats       ]     CWR: VM Weak Roots               59 us, workers (us):  47,   6,   6, ---, ---, ---, 
[259.084s][info][gc,stats       ]     CWR: CLDG Roots                   1 us, workers (us): ---, ---,   1, ---, ---, ---, 
[259.084s][info][gc,stats       ]   Rendezvous                         67 us
[259.084s][info][gc,stats       ] Concurrent Cleanup                   77 us
[259.084s][info][gc,stats       ] Concurrent Class Unloading          336 us
[259.084s][info][gc,stats       ]   Unlink Stale                      154 us
[259.084s][info][gc,stats       ]     System Dictionary                 1 us
[259.084s][info][gc,stats       ]     Weak Class Links                  0 us
[259.084s][info][gc,stats       ]     Code Roots                      152 us
[259.084s][info][gc,stats       ]   Rendezvous                         56 us
[259.084s][info][gc,stats       ]   Purge Unlinked                     90 us
[259.084s][info][gc,stats       ]     Code Roots                       86 us
[259.084s][info][gc,stats       ]     CLDG                              4 us
[259.084s][info][gc,stats       ]     Exception Caches                  0 us
[259.084s][info][gc,stats       ] Pause Final Roots (G)               119 us
[259.084s][info][gc,stats       ] Pause Final Roots (N)                24 us
[259.084s][info][gc,stats       ] Pacing                            47140 us
[259.084s][info][gc,stats       ] 
[259.084s][info][gc,stats       ] Allocation pacing accrued:
[259.084s][info][gc,stats       ]      47 of  2120 ms (  2.2%): main
[259.084s][info][gc,stats       ]      47 of  2120 ms (  2.2%): <total>
[259.084s][info][gc,stats       ]       4 of  2120 ms (  0.2%): <average total>
[259.084s][info][gc,stats       ]      47 of  2120 ms (  2.2%): <average non-zero>
[259.084s][info][gc,stats       ] 
[259.084s][info][gc,metaspace   ] Metaspace: 1071K(1280K)->1071K(1280K) NonClass: 990K(1088K)->990K(1088K) Class: 81K(192K)->81K(192K)
[259.084s][info][gc,ergo        ] Pacer for Idle. Initial: 10485K, Alloc Tax Rate: 1.0x
[262.655s][info][gc             ] Trigger: Average GC time (3.51 ms) is above the time for average allocation rate (139 MB/s) to deplete free headroom (0B) (margin of error = 3.24)
[262.655s][info][gc,ergo        ] Free headroom: 98059K (free) - 26214K (spike) - 102M (penalties) = 0B
[262.655s][info][gc,ergo        ] Free: 98059K, Max: 256K regular, 80640K humongous, Frag: 18% external, 0% internal; Reserve: 26368K, Max: 256K
[262.655s][info][gc,start       ] GC(151) Concurrent reset
[262.655s][info][gc,task        ] GC(151) Using 3 of 6 workers for concurrent reset
[262.655s][info][gc,ergo        ] GC(151) Pacer for Reset. Non-Taxable: 512M
[262.655s][info][gc             ] GC(151) Concurrent reset 0.212ms
[262.656s][info][gc,start       ] GC(151) Pause Init Mark (unload classes)
[262.656s][info][gc,task        ] GC(151) Using 6 of 6 workers for init marking
[262.656s][info][gc,ergo        ] GC(151) Pacer for Mark. Expected Live: 84153K, Free: 98059K, Non-Taxable: 9805K, Alloc Tax Rate: 1.0x
[262.656s][info][gc             ] GC(151) Pause Init Mark (unload classes) 0.109ms
[262.656s][info][gc,start       ] GC(151) Concurrent marking roots
[262.656s][info][gc,task        ] GC(151) Using 3 of 6 workers for concurrent marking roots
[262.656s][info][gc             ] GC(151) Concurrent marking roots 0.308ms
[262.656s][info][gc,start       ] GC(151) Concurrent marking (unload classes)
[262.656s][info][gc,task        ] GC(151) Using 3 of 6 workers for concurrent marking
[262.657s][info][gc             ] GC(151) Concurrent marking (unload classes) 0.759ms
[262.657s][info][gc,start       ] GC(151) Pause Final Mark (unload classes)
[262.657s][info][gc,task        ] GC(151) Using 6 of 6 workers for final marking
[262.657s][info][gc,ergo        ] GC(151) Collectable Garbage: 290M (99%), Immediate: 290M (99%), CSet: 0B (0%)
[262.657s][info][gc             ] GC(151) Pause Final Mark (unload classes) 0.204ms
[262.657s][info][gc,start       ] GC(151) Concurrent weak references
[262.657s][info][gc,task        ] GC(151) Using 3 of 6 workers for concurrent weak references
[262.657s][info][gc,ref         ] GC(151) Encountered references: Soft: 45, Weak: 116, Final: 0, Phantom: 7
[262.657s][info][gc,ref         ] GC(151) Discovered  references: Soft: 0, Weak: 68, Final: 0, Phantom: 5
[262.657s][info][gc,ref         ] GC(151) Enqueued    references: Soft: 0, Weak: 0, Final: 0, Phantom: 0
[262.657s][info][gc             ] GC(151) Concurrent weak references 0.129ms
[262.657s][info][gc,start       ] GC(151) Concurrent weak roots
[262.657s][info][gc,task        ] GC(151) Using 3 of 6 workers for concurrent weak root
[262.657s][info][gc             ] GC(151) Concurrent weak roots 0.236ms
[262.657s][info][gc,start       ] GC(151) Concurrent cleanup
[262.658s][info][gc             ] GC(151) Concurrent cleanup 382M->92M(512M) 0.064ms
[262.658s][info][gc,ergo        ] GC(151) Free: 392M, Max: 256K regular, 121M humongous, Frag: 70% external, 0% internal; Reserve: 26368K, Max: 256K
[262.658s][info][gc,start       ] GC(151) Concurrent class unloading
[262.658s][info][gc,task        ] GC(151) Using 3 of 6 workers for concurrent class unloading
[262.658s][info][gc             ] GC(151) Concurrent class unloading 0.434ms
[262.658s][info][gc,start       ] GC(151) Pause Final Roots
[262.658s][info][gc             ] GC(151) Pause Final Roots 0.019ms
[262.658s][info][gc,ergo        ] Free: 392M, Max: 256K regular, 121M humongous, Frag: 70% external, 0% internal; Reserve: 26368K, Max: 256K
[262.658s][info][gc,stats       ] 
[262.658s][info][gc,stats       ] All times are wall-clock times, except per-root-class counters, that are sum over
[262.658s][info][gc,stats       ] all workers. Dividing the <total> over the root stage time estimates parallelism.
[262.658s][info][gc,stats       ] 
[262.658s][info][gc,stats       ] Concurrent Reset                    232 us
[262.658s][info][gc,stats       ] Pause Init Mark (G)                 193 us
[262.658s][info][gc,stats       ] Pause Init Mark (N)                 122 us
[262.658s][info][gc,stats       ]   Update Region States               52 us
[262.658s][info][gc,stats       ] Concurrent Mark Roots               326 us, parallelism: 1.09x
[262.658s][info][gc,stats       ]   CMR: <total>                      355 us
[262.658s][info][gc,stats       ]   CMR: Thread Roots                 313 us, workers (us):  75,  46, 192, ---, ---, ---, 
[262.658s][info][gc,stats       ]   CMR: VM Strong Roots                4 us, workers (us):   3,   1,   0, ---, ---, ---, 
[262.658s][info][gc,stats       ]   CMR: CLDG Roots                    39 us, workers (us): ---,  39, ---, ---, ---, ---, 
[262.658s][info][gc,stats       ] Concurrent Marking                  786 us
[262.658s][info][gc,stats       ] Pause Final Mark (G)                319 us
[262.658s][info][gc,stats       ] Pause Final Mark (N)                214 us
[262.658s][info][gc,stats       ]   Finish Mark                        37 us
[262.658s][info][gc,stats       ]   Update Region States               84 us
[262.658s][info][gc,stats       ]   Choose Collection Set              44 us
[262.658s][info][gc,stats       ]   Rebuild Free Set                    8 us
[262.658s][info][gc,stats       ] Concurrent Weak References          137 us, parallelism: 0.03x
[262.658s][info][gc,stats       ]   CWRF: <total>                       4 us
[262.658s][info][gc,stats       ]   CWRF: Weak References               4 us, workers (us):   3,   1,   0, ---, ---, ---, 
[262.658s][info][gc,stats       ] Concurrent Weak Roots               254 us
[262.658s][info][gc,stats       ]   Roots                             139 us, parallelism: 0.90x
[262.658s][info][gc,stats       ]     CWR: <total>                    125 us
[262.658s][info][gc,stats       ]     CWR: Code Cache Roots            74 us, workers (us):  19,  55,   0, ---, ---, ---, 
[262.658s][info][gc,stats       ]     CWR: VM Weak Roots               50 us, workers (us):  25,  24,   0, ---, ---, ---, 
[262.658s][info][gc,stats       ]     CWR: CLDG Roots                   1 us, workers (us):   1, ---, ---, ---, ---, ---, 
[262.658s][info][gc,stats       ]   Rendezvous                         80 us
[262.658s][info][gc,stats       ] Concurrent Cleanup                   75 us
[262.658s][info][gc,stats       ] Concurrent Class Unloading          452 us
[262.658s][info][gc,stats       ]   Unlink Stale                      236 us
[262.658s][info][gc,stats       ]     System Dictionary                 1 us
[262.658s][info][gc,stats       ]     Weak Class Links                  0 us
[262.658s][info][gc,stats       ]     Code Roots                      234 us
[262.658s][info][gc,stats       ]   Rendezvous                         91 us
[262.659s][info][gc,stats       ]   Purge Unlinked                     89 us
[262.659s][info][gc,stats       ]     Code Roots                       84 us
[262.659s][info][gc,stats       ]     CLDG                              5 us
[262.659s][info][gc,stats       ]     Exception Caches                  0 us
[262.659s][info][gc,stats       ] Pause Final Roots (G)               104 us
[262.659s][info][gc,stats       ] Pause Final Roots (N)                28 us
[262.659s][info][gc,stats       ] Pacing                            76645 us
[262.659s][info][gc,stats       ] 
[262.659s][info][gc,stats       ] Allocation pacing accrued:
[262.659s][info][gc,stats       ]      77 of  3575 ms (  2.1%): main
[262.659s][info][gc,stats       ]      77 of  3575 ms (  2.1%): <total>
[262.659s][info][gc,stats       ]       6 of  3575 ms (  0.2%): <average total>
[262.659s][info][gc,stats       ]      77 of  3575 ms (  2.1%): <average non-zero>
[262.659s][info][gc,stats       ] 
[262.659s][info][gc,metaspace   ] Metaspace: 1071K(1280K)->1071K(1280K) NonClass: 990K(1088K)->990K(1088K) Class: 81K(192K)->81K(192K)
[262.659s][info][gc,ergo        ] Pacer for Idle. Initial: 10485K, Alloc Tax Rate: 1.0x
[264.252s][info][gc             ] Failed to allocate Shared, 100M
[264.252s][info][gc             ] Cancelling GC: Allocation Failure
[264.267s][info][gc             ] Trigger: Handle Allocation Failure
[264.268s][info][gc,ergo        ] Free: 203M, Max: 256K regular, 80640K humongous, Frag: 62% external, 0% internal; Reserve: 26368K, Max: 256K
[264.268s][info][gc,start       ] GC(152) Pause Degenerated GC (Outside of Cycle)
[264.268s][info][gc,task        ] GC(152) Using 6 of 6 workers for stw degenerated gc
[264.268s][info][gc,ref         ] GC(152) Clearing All SoftReferences
[264.268s][info][gc,ref         ] GC(152) Encountered references: Soft: 45, Weak: 116, Final: 0, Phantom: 7
[264.268s][info][gc,ref         ] GC(152) Discovered  references: Soft: 19, Weak: 95, Final: 0, Phantom: 5
[264.268s][info][gc,ref         ] GC(152) Enqueued    references: Soft: 0, Weak: 0, Final: 0, Phantom: 0
[264.269s][info][gc,ergo        ] GC(152) Collectable Garbage: 227M (99%), Immediate: 227M (99%), CSet: 0B (0%)
[264.269s][info][gc,ergo        ] GC(152) Good progress for free space: 433M, need 5242K
[264.269s][info][gc,ergo        ] GC(152) Good progress for used space: 227M, need 256K
[264.269s][info][gc             ] GC(152) Pause Degenerated GC (Outside of Cycle) 279M->52M(512M) 1.353ms
[264.269s][info][gc,ergo        ] Free: 433M, Max: 256K regular, 344M humongous, Frag: 21% external, 0% internal; Reserve: 26368K, Max: 256K
[264.269s][info][gc,stats       ] 
[264.269s][info][gc,stats       ] All times are wall-clock times, except per-root-class counters, that are sum over
[264.269s][info][gc,stats       ] all workers. Dividing the <total> over the root stage time estimates parallelism.
[264.269s][info][gc,stats       ] 
[264.269s][info][gc,stats       ] Pause Degenerated GC (G)           1406 us
[264.269s][info][gc,stats       ] Pause Degenerated GC (N)           1363 us
[264.269s][info][gc,stats       ]   Degen STW Mark                    483 us, parallelism: 5.10x
[264.269s][info][gc,stats       ]     DSM: <total>                   2465 us
[264.269s][info][gc,stats       ]     DSM: Thread Roots                32 us, workers (us):  15,  15,   1,   0,   1,   1, 
[264.269s][info][gc,stats       ]     DSM: VM Strong Roots              3 us, workers (us):   0,   2,   0,   0,   0,   0, 
[264.269s][info][gc,stats       ]     DSM: CLDG Roots                  27 us, workers (us):  25,   0,   0,   0,   0,   0, 
[264.269s][info][gc,stats       ]     DSM: Parallel Mark             2403 us, workers (us): 401, 420, 404, 403, 388, 388, 
[264.269s][info][gc,stats       ]     System Purge                    300 us
[264.269s][info][gc,stats       ]       Weak References               128 us, parallelism: 0.04x
[264.269s][info][gc,stats       ]         WRP: <total>                  5 us
[264.269s][info][gc,stats       ]         WRP: Weak References          5 us, workers (us):   3,   1,   1,   0,   0,   0, 
[264.269s][info][gc,stats       ]       Unload Classes                103 us, parallelism: 3.00x
[264.269s][info][gc,stats       ]         DCU: <total>                309 us
[264.269s][info][gc,stats       ]         DCU: Unload Code Caches      309 us, workers (us):  66,  77,  63,  52,  18,  33, 
[264.269s][info][gc,stats       ]       Weak Roots                     68 us, parallelism: 0.66x
[264.269s][info][gc,stats       ]         DWR: <total>                 45 us
[264.269s][info][gc,stats       ]         DWR: VM Weak Roots           45 us, workers (us):  17,  13,  12,   1,   1,   1, 
[264.269s][info][gc,stats       ]       CLDG                            0 us
[264.269s][info][gc,stats       ]   Update Region States               94 us
[264.269s][info][gc,stats       ]   Manage GC/TLABs                     3 us
[264.269s][info][gc,stats       ]   Choose Collection Set              49 us
[264.269s][info][gc,stats       ]   Rebuild Free Set                    9 us
[264.269s][info][gc,stats       ]   Cleanup                             6 us
[264.269s][info][gc,stats       ] Pacing                            73637 us
[264.269s][info][gc,stats       ] 
[264.269s][info][gc,stats       ] Allocation pacing accrued:
[264.269s][info][gc,stats       ]      74 of  1611 ms (  4.6%): main
[264.269s][info][gc,stats       ]      74 of  1611 ms (  4.6%): <total>
[264.269s][info][gc,stats       ]       6 of  1611 ms (  0.4%): <average total>
[264.269s][info][gc,stats       ]      74 of  1611 ms (  4.6%): <average non-zero>
[264.269s][info][gc,stats       ] 
[264.269s][info][gc,metaspace   ] Metaspace: 1071K(1280K)->1071K(1280K) NonClass: 990K(1088K)->990K(1088K) Class: 81K(192K)->81K(192K)
[264.269s][info][gc,ergo        ] Pacer for Idle. Initial: 10485K, Alloc Tax Rate: 1.0x
[265.698s][info][gc             ] Trigger: Average GC time (3.34 ms) is above the time for average allocation rate (309 MB/s) to deplete free headroom (0B) (margin of error = 3.29)
[265.698s][info][gc,ergo        ] Free headroom: 108M (free) - 26214K (spike) - 148M (penalties) = 0B
[265.698s][info][gc,ergo        ] Free: 108M, Max: 256K regular, 96000K humongous, Frag: 14% external, 0% internal; Reserve: 26368K, Max: 256K
[265.698s][info][gc,start       ] GC(153) Concurrent reset
[265.698s][info][gc,task        ] GC(153) Using 3 of 6 workers for concurrent reset
[265.698s][info][gc,ergo        ] GC(153) Pacer for Reset. Non-Taxable: 512M
[265.698s][info][gc             ] GC(153) Concurrent reset 0.182ms
[265.698s][info][gc,start       ] GC(153) Pause Init Mark (unload classes)
[265.698s][info][gc,task        ] GC(153) Using 6 of 6 workers for init marking
[265.698s][info][gc,ergo        ] GC(153) Pacer for Mark. Expected Live: 87344K, Free: 108M, Non-Taxable: 11060K, Alloc Tax Rate: 1.0x
[265.698s][info][gc             ] GC(153) Pause Init Mark (unload classes) 0.121ms
[265.698s][info][gc,start       ] GC(153) Concurrent marking roots
[265.698s][info][gc,task        ] GC(153) Using 3 of 6 workers for concurrent marking roots
[265.699s][info][gc             ] GC(153) Concurrent marking roots 0.313ms
[265.699s][info][gc,start       ] GC(153) Concurrent marking (unload classes)
[265.699s][info][gc,task        ] GC(153) Using 3 of 6 workers for concurrent marking
[265.699s][info][gc             ] GC(153) Concurrent marking (unload classes) 0.699ms
[265.699s][info][gc,start       ] GC(153) Pause Final Mark (unload classes)
[265.699s][info][gc,task        ] GC(153) Using 6 of 6 workers for final marking
[265.700s][info][gc,ergo        ] GC(153) Collectable Garbage: 217M (99%), Immediate: 217M (99%), CSet: 0B (0%)
[265.700s][info][gc             ] GC(153) Pause Final Mark (unload classes) 0.252ms
[265.700s][info][gc,start       ] GC(153) Concurrent weak references
[265.700s][info][gc,task        ] GC(153) Using 3 of 6 workers for concurrent weak references
[265.700s][info][gc,ref         ] GC(153) Encountered references: Soft: 45, Weak: 116, Final: 0, Phantom: 7
[265.700s][info][gc,ref         ] GC(153) Discovered  references: Soft: 0, Weak: 72, Final: 0, Phantom: 5
[265.700s][info][gc,ref         ] GC(153) Enqueued    references: Soft: 0, Weak: 0, Final: 0, Phantom: 0
[265.700s][info][gc             ] GC(153) Concurrent weak references 0.107ms
[265.700s][info][gc,start       ] GC(153) Concurrent weak roots
[265.700s][info][gc,task        ] GC(153) Using 3 of 6 workers for concurrent weak root
[265.700s][info][gc             ] GC(153) Concurrent weak roots 0.114ms
[265.700s][info][gc,start       ] GC(153) Concurrent cleanup
[265.700s][info][gc             ] GC(153) Concurrent cleanup 374M->157M(512M) 0.049ms
[265.700s][info][gc,ergo        ] GC(153) Free: 328M, Max: 256K regular, 150M humongous, Frag: 55% external, 0% internal; Reserve: 26368K, Max: 256K
[265.700s][info][gc,start       ] GC(153) Concurrent class unloading
[265.700s][info][gc,task        ] GC(153) Using 3 of 6 workers for concurrent class unloading
[265.700s][info][gc             ] GC(153) Concurrent class unloading 0.237ms
[265.700s][info][gc,start       ] GC(153) Pause Final Roots
[265.700s][info][gc             ] GC(153) Pause Final Roots 0.020ms
[265.700s][info][gc,ergo        ] Free: 328M, Max: 256K regular, 150M humongous, Frag: 55% external, 0% internal; Reserve: 26368K, Max: 256K
[265.700s][info][gc,stats       ] 
[265.700s][info][gc,stats       ] All times are wall-clock times, except per-root-class counters, that are sum over
[265.700s][info][gc,stats       ] all workers. Dividing the <total> over the root stage time estimates parallelism.
[265.700s][info][gc,stats       ] 
[265.700s][info][gc,stats       ] Concurrent Reset                    203 us
[265.700s][info][gc,stats       ] Pause Init Mark (G)                 242 us
[265.700s][info][gc,stats       ] Pause Init Mark (N)                 131 us
[265.700s][info][gc,stats       ]   Update Region States               72 us
[265.700s][info][gc,stats       ] Concurrent Mark Roots               331 us, parallelism: 0.99x
[265.700s][info][gc,stats       ]   CMR: <total>                      329 us
[265.700s][info][gc,stats       ]   CMR: Thread Roots                 293 us, workers (us): 188,  68,  37, ---, ---, ---, 
[265.700s][info][gc,stats       ]   CMR: VM Strong Roots                3 us, workers (us):   3,   0,   0, ---, ---, ---, 
[265.700s][info][gc,stats       ]   CMR: CLDG Roots                    33 us, workers (us):  33, ---, ---, ---, ---, ---, 
[265.700s][info][gc,stats       ] Concurrent Marking                  716 us
[265.700s][info][gc,stats       ] Pause Final Mark (G)                333 us
[265.700s][info][gc,stats       ] Pause Final Mark (N)                261 us
[265.700s][info][gc,stats       ]   Finish Mark                       119 us
[265.700s][info][gc,stats       ]   Update Region States               54 us
[265.700s][info][gc,stats       ]   Choose Collection Set              40 us
[265.700s][info][gc,stats       ]   Rebuild Free Set                    8 us
[265.701s][info][gc,stats       ] Concurrent Weak References          116 us, parallelism: 0.03x
[265.701s][info][gc,stats       ]   CWRF: <total>                       4 us
[265.701s][info][gc,stats       ]   CWRF: Weak References               4 us, workers (us):   3,   1,   0, ---, ---, ---, 
[265.701s][info][gc,stats       ] Concurrent Weak Roots               128 us
[265.701s][info][gc,stats       ]   Roots                              73 us, parallelism: 1.39x
[265.701s][info][gc,stats       ]     CWR: <total>                    101 us
[265.701s][info][gc,stats       ]     CWR: Code Cache Roots            56 us, workers (us):  34,   0,  22, ---, ---, ---, 
[265.701s][info][gc,stats       ]     CWR: VM Weak Roots               45 us, workers (us):  16,  15,  13, ---, ---, ---, 
[265.701s][info][gc,stats       ]     CWR: CLDG Roots                   1 us, workers (us): ---,   1, ---, ---, ---, ---, 
[265.701s][info][gc,stats       ]   Rendezvous                         24 us
[265.701s][info][gc,stats       ] Concurrent Cleanup                   58 us
[265.701s][info][gc,stats       ] Concurrent Class Unloading          255 us
[265.701s][info][gc,stats       ]   Unlink Stale                      156 us
[265.701s][info][gc,stats       ]     System Dictionary                 1 us
[265.701s][info][gc,stats       ]     Weak Class Links                  0 us
[265.701s][info][gc,stats       ]     Code Roots                      154 us
[265.701s][info][gc,stats       ]   Rendezvous                         34 us
[265.701s][info][gc,stats       ]   Purge Unlinked                     30 us
[265.701s][info][gc,stats       ]     Code Roots                       26 us
[265.701s][info][gc,stats       ]     CLDG                              3 us
[265.701s][info][gc,stats       ]     Exception Caches                  0 us
[265.701s][info][gc,stats       ] Pause Final Roots (G)                55 us
[265.701s][info][gc,stats       ] Pause Final Roots (N)                30 us
[265.701s][info][gc,stats       ] 
[265.701s][info][gc,stats       ] Allocation pacing accrued:
[265.701s][info][gc,stats       ]       0 of  1431 ms (  0.0%): <total>
[265.701s][info][gc,stats       ]       0 of  1431 ms (  0.0%): <average total>
[265.701s][info][gc,stats       ] 
[265.701s][info][gc,metaspace   ] Metaspace: 1071K(1280K)->1071K(1280K) NonClass: 990K(1088K)->990K(1088K) Class: 81K(192K)->81K(192K)
[265.701s][info][gc,ergo        ] Pacer for Idle. Initial: 10485K, Alloc Tax Rate: 1.0x
[267.160s][info][gc             ] Trigger: Average GC time (3.47 ms) is above the time for average allocation rate (296 MB/s) to deplete free headroom (0B) (margin of error = 3.29)
[267.160s][info][gc,ergo        ] Free headroom: 102M (free) - 26214K (spike) - 143M (penalties) = 0B
[267.160s][info][gc,ergo        ] Free: 102M, Max: 256K regular, 96000K humongous, Frag: 9% external, 0% internal; Reserve: 26368K, Max: 256K
[267.160s][info][gc,start       ] GC(154) Concurrent reset
[267.160s][info][gc,task        ] GC(154) Using 3 of 6 workers for concurrent reset
[267.160s][info][gc,ergo        ] GC(154) Pacer for Reset. Non-Taxable: 512M
[267.161s][info][gc             ] GC(154) Concurrent reset 0.201ms
[267.161s][info][gc,start       ] GC(154) Pause Init Mark (unload classes)
[267.161s][info][gc,task        ] GC(154) Using 6 of 6 workers for init marking
[267.161s][info][gc,ergo        ] GC(154) Pacer for Mark. Expected Live: 111M, Free: 102M, Non-Taxable: 10522K, Alloc Tax Rate: 1.3x
[267.161s][info][gc             ] GC(154) Pause Init Mark (unload classes) 0.071ms
[267.161s][info][gc,start       ] GC(154) Concurrent marking roots
[267.161s][info][gc,task        ] GC(154) Using 3 of 6 workers for concurrent marking roots
[267.161s][info][gc             ] GC(154) Concurrent marking roots 0.236ms
[267.161s][info][gc,start       ] GC(154) Concurrent marking (unload classes)
[267.161s][info][gc,task        ] GC(154) Using 3 of 6 workers for concurrent marking
[267.162s][info][gc             ] GC(154) Concurrent marking (unload classes) 0.641ms
[267.162s][info][gc,start       ] GC(154) Pause Final Mark (unload classes)
[267.162s][info][gc,task        ] GC(154) Using 6 of 6 workers for final marking
[267.162s][info][gc,ergo        ] GC(154) Collectable Garbage: 117M (99%), Immediate: 117M (99%), CSet: 0B (0%)
[267.162s][info][gc             ] GC(154) Pause Final Mark (unload classes) 0.112ms
[267.162s][info][gc,start       ] GC(154) Concurrent weak references
[267.162s][info][gc,task        ] GC(154) Using 3 of 6 workers for concurrent weak references
[267.162s][info][gc,ref         ] GC(154) Encountered references: Soft: 45, Weak: 116, Final: 0, Phantom: 7
[267.162s][info][gc,ref         ] GC(154) Discovered  references: Soft: 0, Weak: 95, Final: 0, Phantom: 5
[267.162s][info][gc,ref         ] GC(154) Enqueued    references: Soft: 0, Weak: 0, Final: 0, Phantom: 0
[267.162s][info][gc             ] GC(154) Concurrent weak references 0.076ms
[267.162s][info][gc,start       ] GC(154) Concurrent weak roots
[267.162s][info][gc,task        ] GC(154) Using 3 of 6 workers for concurrent weak root
[267.162s][info][gc             ] GC(154) Concurrent weak roots 0.117ms
[267.162s][info][gc,start       ] GC(154) Concurrent cleanup
[267.162s][info][gc             ] GC(154) Concurrent cleanup 379M->262M(512M) 0.035ms
[267.162s][info][gc,ergo        ] GC(154) Free: 222M, Max: 256K regular, 96000K humongous, Frag: 58% external, 0% internal; Reserve: 26368K, Max: 256K
[267.162s][info][gc,start       ] GC(154) Concurrent class unloading
[267.162s][info][gc,task        ] GC(154) Using 3 of 6 workers for concurrent class unloading
[267.162s][info][gc             ] GC(154) Concurrent class unloading 0.212ms
[267.162s][info][gc,start       ] GC(154) Pause Final Roots
[267.162s][info][gc             ] GC(154) Pause Final Roots 0.015ms
[267.162s][info][gc,ergo        ] Free: 222M, Max: 256K regular, 96000K humongous, Frag: 58% external, 0% internal; Reserve: 26368K, Max: 256K
[267.162s][info][gc,stats       ] 
[267.162s][info][gc,stats       ] All times are wall-clock times, except per-root-class counters, that are sum over
[267.162s][info][gc,stats       ] all workers. Dividing the <total> over the root stage time estimates parallelism.
[267.162s][info][gc,stats       ] 
[267.162s][info][gc,stats       ] Concurrent Reset                    223 us
[267.162s][info][gc,stats       ] Pause Init Mark (G)                 111 us
[267.162s][info][gc,stats       ] Pause Init Mark (N)                  79 us
[267.162s][info][gc,stats       ]   Update Region States               22 us
[267.162s][info][gc,stats       ] Concurrent Mark Roots               246 us, parallelism: 1.33x
[267.162s][info][gc,stats       ]   CMR: <total>                      327 us
[267.162s][info][gc,stats       ]   CMR: Thread Roots                 292 us, workers (us): 191,  34,  67, ---, ---, ---, 
[267.162s][info][gc,stats       ]   CMR: VM Strong Roots                4 us, workers (us):   2,   1,   1, ---, ---, ---, 
[267.162s][info][gc,stats       ]   CMR: CLDG Roots                    30 us, workers (us): ---,  30, ---, ---, ---, ---, 
[267.162s][info][gc,stats       ] Concurrent Marking                  655 us
[267.162s][info][gc,stats       ] Pause Final Mark (G)                153 us
[267.162s][info][gc,stats       ] Pause Final Mark (N)                121 us
[267.162s][info][gc,stats       ]   Finish Mark                        27 us
[267.163s][info][gc,stats       ]   Update Region States               24 us
[267.163s][info][gc,stats       ]   Choose Collection Set              28 us
[267.163s][info][gc,stats       ]   Rebuild Free Set                    7 us
[267.163s][info][gc,stats       ] Concurrent Weak References           84 us, parallelism: 0.05x
[267.163s][info][gc,stats       ]   CWRF: <total>                       4 us
[267.163s][info][gc,stats       ]   CWRF: Weak References               4 us, workers (us):   3,   1,   0, ---, ---, ---, 
[267.163s][info][gc,stats       ] Concurrent Weak Roots               131 us
[267.163s][info][gc,stats       ]   Roots                              78 us, parallelism: 1.29x
[267.163s][info][gc,stats       ]     CWR: <total>                    101 us
[267.163s][info][gc,stats       ]     CWR: Code Cache Roots            58 us, workers (us):   0,  15,  43, ---, ---, ---, 
[267.163s][info][gc,stats       ]     CWR: VM Weak Roots               42 us, workers (us):  14,  14,  14, ---, ---, ---, 
[267.163s][info][gc,stats       ]     CWR: CLDG Roots                   1 us, workers (us):   1, ---, ---, ---, ---, ---, 
[267.163s][info][gc,stats       ]   Rendezvous                         24 us
[267.163s][info][gc,stats       ] Concurrent Cleanup                   45 us
[267.163s][info][gc,stats       ] Concurrent Class Unloading          226 us
[267.163s][info][gc,stats       ]   Unlink Stale                      150 us
[267.163s][info][gc,stats       ]     System Dictionary                 1 us
[267.163s][info][gc,stats       ]     Weak Class Links                  0 us
[267.163s][info][gc,stats       ]     Code Roots                      148 us
[267.163s][info][gc,stats       ]   Rendezvous                         23 us
[267.163s][info][gc,stats       ]   Purge Unlinked                     22 us
[267.163s][info][gc,stats       ]     Code Roots                       18 us
[267.163s][info][gc,stats       ]     CLDG                              3 us
[267.163s][info][gc,stats       ]     Exception Caches                  0 us
[267.163s][info][gc,stats       ] Pause Final Roots (G)                47 us
[267.163s][info][gc,stats       ] Pause Final Roots (N)                24 us
[267.163s][info][gc,stats       ] Pacing                            46734 us
[267.163s][info][gc,stats       ] 
[267.163s][info][gc,stats       ] Allocation pacing accrued:
[267.163s][info][gc,stats       ]      47 of  1462 ms (  3.2%): main
[267.163s][info][gc,stats       ]      47 of  1462 ms (  3.2%): <total>
[267.163s][info][gc,stats       ]       4 of  1462 ms (  0.2%): <average total>
[267.163s][info][gc,stats       ]      47 of  1462 ms (  3.2%): <average non-zero>
[267.163s][info][gc,stats       ] 
[267.163s][info][gc,metaspace   ] Metaspace: 1071K(1280K)->1071K(1280K) NonClass: 990K(1088K)->990K(1088K) Class: 81K(192K)->81K(192K)
[267.163s][info][gc,ergo        ] Pacer for Idle. Initial: 10485K, Alloc Tax Rate: 1.0x
[268.497s][info][gc             ] Trigger: Average GC time (3.65 ms) is above the time for average allocation rate (117 MB/s) to deplete free headroom (0B) (margin of error = 3.29)
[268.497s][info][gc,ergo        ] Free headroom: 119M (free) - 26214K (spike) - 138M (penalties) = 0B
[268.497s][info][gc,ergo        ] Free: 119M, Max: 256K regular, 96000K humongous, Frag: 22% external, 0% internal; Reserve: 26368K, Max: 256K
[268.497s][info][gc,start       ] GC(155) Concurrent reset
[268.497s][info][gc,task        ] GC(155) Using 3 of 6 workers for concurrent reset
[268.497s][info][gc,ergo        ] GC(155) Pacer for Reset. Non-Taxable: 512M
[268.498s][info][gc             ] GC(155) Concurrent reset 0.303ms
[268.498s][info][gc,start       ] GC(155) Pause Init Mark (unload classes)
[268.498s][info][gc,task        ] GC(155) Using 6 of 6 workers for init marking
[268.498s][info][gc,ergo        ] GC(155) Pacer for Mark. Expected Live: 137M, Free: 119M, Non-Taxable: 12263K, Alloc Tax Rate: 1.4x
[268.498s][info][gc             ] GC(155) Pause Init Mark (unload classes) 0.167ms
[268.498s][info][gc,start       ] GC(155) Concurrent marking roots
[268.498s][info][gc,task        ] GC(155) Using 3 of 6 workers for concurrent marking roots
[268.498s][info][gc             ] GC(155) Concurrent marking roots 0.296ms
[268.498s][info][gc,start       ] GC(155) Concurrent marking (unload classes)
[268.498s][info][gc,task        ] GC(155) Using 3 of 6 workers for concurrent marking
[268.499s][info][gc             ] GC(155) Concurrent marking (unload classes) 0.664ms
[268.499s][info][gc,start       ] GC(155) Pause Final Mark (unload classes)
[268.499s][info][gc,task        ] GC(155) Using 6 of 6 workers for final marking
[268.499s][info][gc,ergo        ] GC(155) Collectable Garbage: 306M (99%), Immediate: 306M (99%), CSet: 0B (0%)
[268.499s][info][gc             ] GC(155) Pause Final Mark (unload classes) 0.128ms
[268.499s][info][gc,start       ] GC(155) Concurrent weak references
[268.499s][info][gc,task        ] GC(155) Using 3 of 6 workers for concurrent weak references
[268.499s][info][gc,ref         ] GC(155) Encountered references: Soft: 45, Weak: 116, Final: 0, Phantom: 7
[268.499s][info][gc,ref         ] GC(155) Discovered  references: Soft: 17, Weak: 76, Final: 0, Phantom: 5
[268.499s][info][gc,ref         ] GC(155) Enqueued    references: Soft: 0, Weak: 0, Final: 0, Phantom: 0
[268.499s][info][gc             ] GC(155) Concurrent weak references 0.079ms
[268.499s][info][gc,start       ] GC(155) Concurrent weak roots
[268.499s][info][gc,task        ] GC(155) Using 3 of 6 workers for concurrent weak root
[268.499s][info][gc             ] GC(155) Concurrent weak roots 0.111ms
[268.499s][info][gc,start       ] GC(155) Concurrent cleanup
[268.499s][info][gc             ] GC(155) Concurrent cleanup 363M->57M(512M) 0.063ms
[268.500s][info][gc,ergo        ] GC(155) Free: 428M, Max: 256K regular, 294M humongous, Frag: 32% external, 0% internal; Reserve: 26368K, Max: 256K
[268.500s][info][gc,start       ] GC(155) Concurrent class unloading
[268.500s][info][gc,task        ] GC(155) Using 3 of 6 workers for concurrent class unloading
[268.500s][info][gc             ] GC(155) Concurrent class unloading 0.213ms
[268.500s][info][gc,start       ] GC(155) Pause Final Roots
[268.500s][info][gc             ] GC(155) Pause Final Roots 0.015ms
[268.500s][info][gc,ergo        ] Free: 428M, Max: 256K regular, 294M humongous, Frag: 32% external, 0% internal; Reserve: 26368K, Max: 256K
[268.500s][info][gc,stats       ] 
[268.500s][info][gc,stats       ] All times are wall-clock times, except per-root-class counters, that are sum over
[268.500s][info][gc,stats       ] all workers. Dividing the <total> over the root stage time estimates parallelism.
[268.500s][info][gc,stats       ] 
[268.500s][info][gc,stats       ] Concurrent Reset                    325 us
[268.500s][info][gc,stats       ] Pause Init Mark (G)                 255 us
[268.500s][info][gc,stats       ] Pause Init Mark (N)                 176 us
[268.500s][info][gc,stats       ]   Update Region States              111 us
[268.500s][info][gc,stats       ] Concurrent Mark Roots               316 us, parallelism: 1.17x
[268.500s][info][gc,stats       ]   CMR: <total>                      369 us
[268.500s][info][gc,stats       ]   CMR: Thread Roots                 336 us, workers (us): 216,  69,  52, ---, ---, ---, 
[268.500s][info][gc,stats       ]   CMR: VM Strong Roots                4 us, workers (us):   3,   0,   0, ---, ---, ---, 
[268.500s][info][gc,stats       ]   CMR: CLDG Roots                    29 us, workers (us):  29, ---, ---, ---, ---, ---, 
[268.500s][info][gc,stats       ] Concurrent Marking                  682 us
[268.500s][info][gc,stats       ] Pause Final Mark (G)                168 us
[268.500s][info][gc,stats       ] Pause Final Mark (N)                138 us
[268.500s][info][gc,stats       ]   Finish Mark                        29 us
[268.500s][info][gc,stats       ]   Update Region States               26 us
[268.500s][info][gc,stats       ]   Choose Collection Set              37 us
[268.500s][info][gc,stats       ]   Rebuild Free Set                    8 us
[268.500s][info][gc,stats       ] Concurrent Weak References           87 us, parallelism: 0.05x
[268.500s][info][gc,stats       ]   CWRF: <total>                       4 us
[268.500s][info][gc,stats       ]   CWRF: Weak References               4 us, workers (us):   2,   1,   0, ---, ---, ---, 
[268.500s][info][gc,stats       ] Concurrent Weak Roots               126 us
[268.500s][info][gc,stats       ]   Roots                              70 us, parallelism: 1.35x
[268.500s][info][gc,stats       ]     CWR: <total>                     95 us
[268.500s][info][gc,stats       ]     CWR: Code Cache Roots            52 us, workers (us):  17,  35,   0, ---, ---, ---, 
[268.500s][info][gc,stats       ]     CWR: VM Weak Roots               42 us, workers (us):  15,  14,  13, ---, ---, ---, 
[268.500s][info][gc,stats       ]     CWR: CLDG Roots                   1 us, workers (us): ---, ---,   1, ---, ---, ---, 
[268.500s][info][gc,stats       ]   Rendezvous                         24 us
[268.500s][info][gc,stats       ] Concurrent Cleanup                   73 us
[268.500s][info][gc,stats       ] Concurrent Class Unloading          224 us
[268.500s][info][gc,stats       ]   Unlink Stale                      155 us
[268.500s][info][gc,stats       ]     System Dictionary                 1 us
[268.500s][info][gc,stats       ]     Weak Class Links                  0 us
[268.500s][info][gc,stats       ]     Code Roots                      153 us
[268.500s][info][gc,stats       ]   Rendezvous                         20 us
[268.500s][info][gc,stats       ]   Purge Unlinked                     22 us
[268.500s][info][gc,stats       ]     Code Roots                       20 us
[268.500s][info][gc,stats       ]     CLDG                              2 us
[268.500s][info][gc,stats       ]     Exception Caches                  0 us
[268.500s][info][gc,stats       ] Pause Final Roots (G)                44 us
[268.500s][info][gc,stats       ] Pause Final Roots (N)                23 us
[268.500s][info][gc,stats       ] Pacing                            31054 us
[268.500s][info][gc,stats       ] 
[268.500s][info][gc,stats       ] Allocation pacing accrued:
[268.500s][info][gc,stats       ]      31 of  1337 ms (  2.3%): main
[268.500s][info][gc,stats       ]      31 of  1337 ms (  2.3%): <total>
[268.500s][info][gc,stats       ]       2 of  1337 ms (  0.2%): <average total>
[268.500s][info][gc,stats       ]      31 of  1337 ms (  2.3%): <average non-zero>
[268.500s][info][gc,stats       ] 
[268.500s][info][gc,metaspace   ] Metaspace: 1071K(1280K)->1071K(1280K) NonClass: 990K(1088K)->990K(1088K) Class: 81K(192K)->81K(192K)
[268.500s][info][gc,ergo        ] Pacer for Idle. Initial: 10485K, Alloc Tax Rate: 1.0x
[270.103s][info][gc             ] Trigger: Average GC time (3.26 ms) is above the time for average allocation rate (308 MB/s) to deplete free headroom (0B) (margin of error = 3.28)
[270.103s][info][gc,ergo        ] Free headroom: 102M (free) - 26214K (spike) - 133M (penalties) = 0B
[270.103s][info][gc,ergo        ] Free: 102M, Max: 256K regular, 100096K humongous, Frag: 5% external, 0% internal; Reserve: 26368K, Max: 256K
[270.103s][info][gc,start       ] GC(156) Concurrent reset
[270.103s][info][gc,task        ] GC(156) Using 3 of 6 workers for concurrent reset
[270.103s][info][gc,ergo        ] GC(156) Pacer for Reset. Non-Taxable: 512M
[270.104s][info][gc             ] GC(156) Concurrent reset 0.272ms
[270.104s][info][gc,start       ] GC(156) Pause Init Mark (unload classes)
[270.104s][info][gc,task        ] GC(156) Using 6 of 6 workers for init marking
[270.104s][info][gc,ergo        ] GC(156) Pacer for Mark. Expected Live: 127M, Free: 102M, Non-Taxable: 10522K, Alloc Tax Rate: 1.5x
[270.104s][info][gc             ] GC(156) Pause Init Mark (unload classes) 0.157ms
[270.104s][info][gc,start       ] GC(156) Concurrent marking roots
[270.104s][info][gc,task        ] GC(156) Using 3 of 6 workers for concurrent marking roots
[270.104s][info][gc             ] GC(156) Concurrent marking roots 0.319ms
[270.104s][info][gc,start       ] GC(156) Concurrent marking (unload classes)
[270.104s][info][gc,task        ] GC(156) Using 3 of 6 workers for concurrent marking
[270.105s][info][gc             ] GC(156) Concurrent marking (unload classes) 0.723ms
[270.105s][info][gc,start       ] GC(156) Pause Final Mark (unload classes)
[270.105s][info][gc,task        ] GC(156) Using 6 of 6 workers for final marking
[270.105s][info][gc,ergo        ] GC(156) Collectable Garbage: 261M (99%), Immediate: 261M (99%), CSet: 0B (0%)
[270.105s][info][gc             ] GC(156) Pause Final Mark (unload classes) 0.279ms
[270.105s][info][gc,start       ] GC(156) Concurrent weak references
[270.105s][info][gc,task        ] GC(156) Using 3 of 6 workers for concurrent weak references
[270.105s][info][gc,ref         ] GC(156) Encountered references: Soft: 45, Weak: 116, Final: 0, Phantom: 7
[270.105s][info][gc,ref         ] GC(156) Discovered  references: Soft: 0, Weak: 72, Final: 0, Phantom: 5
[270.105s][info][gc,ref         ] GC(156) Enqueued    references: Soft: 0, Weak: 0, Final: 0, Phantom: 0
[270.105s][info][gc             ] GC(156) Concurrent weak references 0.113ms
[270.105s][info][gc,start       ] GC(156) Concurrent weak roots
[270.105s][info][gc,task        ] GC(156) Using 3 of 6 workers for concurrent weak root
[270.106s][info][gc             ] GC(156) Concurrent weak roots 0.137ms
[270.106s][info][gc,start       ] GC(156) Concurrent cleanup
[270.106s][info][gc             ] GC(156) Concurrent cleanup 379M->118M(512M) 0.055ms
[270.106s][info][gc,ergo        ] GC(156) Free: 367M, Max: 256K regular, 182M humongous, Frag: 51% external, 0% internal; Reserve: 26368K, Max: 256K
[270.106s][info][gc,start       ] GC(156) Concurrent class unloading
[270.106s][info][gc,task        ] GC(156) Using 3 of 6 workers for concurrent class unloading
[270.106s][info][gc             ] GC(156) Concurrent class unloading 0.250ms
[270.106s][info][gc,start       ] GC(156) Pause Final Roots
[270.106s][info][gc             ] GC(156) Pause Final Roots 0.016ms
[270.106s][info][gc,ergo        ] Free: 367M, Max: 256K regular, 182M humongous, Frag: 51% external, 0% internal; Reserve: 26368K, Max: 256K
[270.106s][info][gc,stats       ] 
[270.106s][info][gc,stats       ] All times are wall-clock times, except per-root-class counters, that are sum over
[270.106s][info][gc,stats       ] all workers. Dividing the <total> over the root stage time estimates parallelism.
[270.106s][info][gc,stats       ] 
[270.106s][info][gc,stats       ] Concurrent Reset                    291 us
[270.106s][info][gc,stats       ] Pause Init Mark (G)                 278 us
[270.106s][info][gc,stats       ] Pause Init Mark (N)                 166 us
[270.106s][info][gc,stats       ]   Update Region States              107 us
[270.106s][info][gc,stats       ] Concurrent Mark Roots               337 us, parallelism: 0.95x
[270.106s][info][gc,stats       ]   CMR: <total>                      320 us
[270.106s][info][gc,stats       ]   CMR: Thread Roots                 291 us, workers (us):  74, 180,  36, ---, ---, ---, 
[270.106s][info][gc,stats       ]   CMR: VM Strong Roots                3 us, workers (us):   3,   0,   0, ---, ---, ---, 
[270.106s][info][gc,stats       ]   CMR: CLDG Roots                    26 us, workers (us):  26, ---, ---, ---, ---, ---, 
[270.106s][info][gc,stats       ] Concurrent Marking                  741 us
[270.106s][info][gc,stats       ] Pause Final Mark (G)                361 us
[270.106s][info][gc,stats       ] Pause Final Mark (N)                289 us
[270.106s][info][gc,stats       ]   Finish Mark                       172 us
[270.106s][info][gc,stats       ]   Update Region States               29 us
[270.106s][info][gc,stats       ]   Choose Collection Set              38 us
[270.106s][info][gc,stats       ]   Rebuild Free Set                    8 us
[270.106s][info][gc,stats       ] Concurrent Weak References          122 us, parallelism: 0.03x
[270.106s][info][gc,stats       ]   CWRF: <total>                       4 us
[270.106s][info][gc,stats       ]   CWRF: Weak References               4 us, workers (us):   3,   1,   0, ---, ---, ---, 
[270.106s][info][gc,stats       ] Concurrent Weak Roots               148 us
[270.106s][info][gc,stats       ]   Roots                              94 us, parallelism: 1.25x
[270.106s][info][gc,stats       ]     CWR: <total>                    118 us
[270.106s][info][gc,stats       ]     CWR: Code Cache Roots            59 us, workers (us):  16,  43,   0, ---, ---, ---, 
[270.106s][info][gc,stats       ]     CWR: VM Weak Roots               58 us, workers (us):  29,  29,   0, ---, ---, ---, 
[270.106s][info][gc,stats       ]     CWR: CLDG Roots                   1 us, workers (us):   1, ---, ---, ---, ---, ---, 
[270.106s][info][gc,stats       ]   Rendezvous                         26 us
[270.106s][info][gc,stats       ] Concurrent Cleanup                   65 us
[270.106s][info][gc,stats       ] Concurrent Class Unloading          264 us
[270.106s][info][gc,stats       ]   Unlink Stale                      157 us
[270.106s][info][gc,stats       ]     System Dictionary                 1 us
[270.106s][info][gc,stats       ]     Weak Class Links                  0 us
[270.106s][info][gc,stats       ]     Code Roots                      155 us
[270.106s][info][gc,stats       ]   Rendezvous                         25 us
[270.106s][info][gc,stats       ]   Purge Unlinked                     51 us
[270.106s][info][gc,stats       ]     Code Roots                       48 us
[270.106s][info][gc,stats       ]     CLDG                              3 us
[270.106s][info][gc,stats       ]     Exception Caches                  0 us
[270.106s][info][gc,stats       ] Pause Final Roots (G)                45 us
[270.106s][info][gc,stats       ] Pause Final Roots (N)                24 us
[270.106s][info][gc,stats       ] Pacing                            73183 us
[270.106s][info][gc,stats       ] 
[270.106s][info][gc,stats       ] Allocation pacing accrued:
[270.106s][info][gc,stats       ]      73 of  1606 ms (  4.6%): main
[270.106s][info][gc,stats       ]      73 of  1606 ms (  4.6%): <total>
[270.106s][info][gc,stats       ]       6 of  1606 ms (  0.4%): <average total>
[270.106s][info][gc,stats       ]      73 of  1606 ms (  4.6%): <average non-zero>
[270.106s][info][gc,stats       ] 
[270.106s][info][gc,metaspace   ] Metaspace: 1071K(1280K)->1071K(1280K) NonClass: 990K(1088K)->990K(1088K) Class: 81K(192K)->81K(192K)
[270.106s][info][gc,ergo        ] Pacer for Idle. Initial: 10485K, Alloc Tax Rate: 1.0x
[272.962s][info][gc             ] Failed to allocate Shared, 100M
[272.962s][info][gc             ] Cancelling GC: Allocation Failure
[272.978s][info][gc             ] Trigger: Handle Allocation Failure
[272.978s][info][gc,ergo        ] Free: 189M, Max: 256K regular, 100096K humongous, Frag: 49% external, 0% internal; Reserve: 26368K, Max: 256K
[272.978s][info][gc,start       ] GC(157) Pause Degenerated GC (Outside of Cycle)
[272.978s][info][gc,task        ] GC(157) Using 6 of 6 workers for stw degenerated gc
[272.978s][info][gc,ref         ] GC(157) Clearing All SoftReferences
[272.979s][info][gc,ref         ] GC(157) Encountered references: Soft: 45, Weak: 116, Final: 0, Phantom: 7
[272.979s][info][gc,ref         ] GC(157) Discovered  references: Soft: 20, Weak: 95, Final: 0, Phantom: 3
[272.979s][info][gc,ref         ] GC(157) Enqueued    references: Soft: 0, Weak: 0, Final: 0, Phantom: 0
[272.979s][info][gc,ergo        ] GC(157) Collectable Garbage: 213M (99%), Immediate: 213M (99%), CSet: 0B (0%)
[272.979s][info][gc,ergo        ] GC(157) Good progress for free space: 408M, need 5242K
[272.979s][info][gc,ergo        ] GC(157) Good progress for used space: 213M, need 256K
[272.979s][info][gc             ] GC(157) Pause Degenerated GC (Outside of Cycle) 290M->77M(512M) 1.009ms
[272.979s][info][gc,ergo        ] Free: 408M, Max: 256K regular, 297M humongous, Frag: 28% external, 0% internal; Reserve: 26368K, Max: 256K
[272.979s][info][gc,stats       ] 
[272.979s][info][gc,stats       ] All times are wall-clock times, except per-root-class counters, that are sum over
[272.979s][info][gc,stats       ] all workers. Dividing the <total> over the root stage time estimates parallelism.
[272.979s][info][gc,stats       ] 
[272.979s][info][gc,stats       ] Pause Degenerated GC (G)           1055 us
[272.979s][info][gc,stats       ] Pause Degenerated GC (N)           1018 us
[272.979s][info][gc,stats       ]   Degen STW Mark                    469 us, parallelism: 5.41x
[272.979s][info][gc,stats       ]     DSM: <total>                   2533 us
[272.979s][info][gc,stats       ]     DSM: Thread Roots                53 us, workers (us):   9,   8,   9,  17,   9,   2, 
[272.979s][info][gc,stats       ]     DSM: VM Strong Roots              3 us, workers (us):   1,   2,   0,   0,   0,   0, 
[272.979s][info][gc,stats       ]     DSM: CLDG Roots                  30 us, workers (us):   0,   0,   0,   0,   0,  29, 
[272.979s][info][gc,stats       ]     DSM: Parallel Mark             2447 us, workers (us): 411, 412, 411, 406, 417, 389, 
[272.979s][info][gc,stats       ]     System Purge                    170 us
[272.979s][info][gc,stats       ]       Weak References                57 us, parallelism: 0.10x
[272.979s][info][gc,stats       ]         WRP: <total>                  6 us
[272.979s][info][gc,stats       ]         WRP: Weak References          6 us, workers (us):   1,   3,   1,   0,   0,   0, 
[272.979s][info][gc,stats       ]       Unload Classes                 80 us, parallelism: 3.66x
[272.980s][info][gc,stats       ]         DCU: <total>                294 us
[272.980s][info][gc,stats       ]         DCU: Unload Code Caches      294 us, workers (us):  56,  47,  59,  45,  46,  41, 
[272.980s][info][gc,stats       ]       Weak Roots                     31 us, parallelism: 1.54x
[272.980s][info][gc,stats       ]         DWR: <total>                 49 us
[272.980s][info][gc,stats       ]         DWR: VM Weak Roots           49 us, workers (us):   9,   9,   8,   8,   8,   6, 
[272.980s][info][gc,stats       ]       CLDG                            1 us
[272.980s][info][gc,stats       ]   Update Region States               21 us
[272.980s][info][gc,stats       ]   Manage GC/TLABs                     3 us
[272.980s][info][gc,stats       ]   Choose Collection Set              38 us
[272.980s][info][gc,stats       ]   Rebuild Free Set                    8 us
[272.980s][info][gc,stats       ]   Cleanup                             5 us
[272.980s][info][gc,stats       ] Pacing                            46199 us
[272.980s][info][gc,stats       ] 
[272.980s][info][gc,stats       ] Allocation pacing accrued:
[272.980s][info][gc,stats       ]      46 of  2873 ms (  1.6%): main
[272.980s][info][gc,stats       ]      46 of  2873 ms (  1.6%): <total>
[272.980s][info][gc,stats       ]       4 of  2873 ms (  0.1%): <average total>
[272.980s][info][gc,stats       ]      46 of  2873 ms (  1.6%): <average non-zero>
[272.980s][info][gc,stats       ] 
[272.980s][info][gc,metaspace   ] Metaspace: 1071K(1280K)->1071K(1280K) NonClass: 990K(1088K)->990K(1088K) Class: 81K(192K)->81K(192K)
[272.980s][info][gc,ergo        ] Pacer for Idle. Initial: 10485K, Alloc Tax Rate: 1.0x
[274.301s][info][gc             ] Trigger: Average GC time (3.39 ms) is above the time for average allocation rate (142 MB/s) to deplete free headroom (0B) (margin of error = 3.29)
[274.301s][info][gc,ergo        ] Free headroom: 182M (free) - 26214K (spike) - 179M (penalties) = 0B
[274.301s][info][gc,ergo        ] Free: 182M, Max: 256K regular, 146M humongous, Frag: 20% external, 0% internal; Reserve: 26368K, Max: 256K
[274.301s][info][gc,start       ] GC(158) Concurrent reset
[274.301s][info][gc,task        ] GC(158) Using 3 of 6 workers for concurrent reset
[274.301s][info][gc,ergo        ] GC(158) Pacer for Reset. Non-Taxable: 512M
[274.301s][info][gc             ] GC(158) Concurrent reset 0.185ms
[274.301s][info][gc,start       ] GC(158) Pause Init Mark (unload classes)
[274.301s][info][gc,task        ] GC(158) Using 6 of 6 workers for init marking
[274.301s][info][gc,ergo        ] GC(158) Pacer for Mark. Expected Live: 162M, Free: 182M, Non-Taxable: 18714K, Alloc Tax Rate: 1.1x
[274.301s][info][gc             ] GC(158) Pause Init Mark (unload classes) 0.081ms
[274.301s][info][gc,start       ] GC(158) Concurrent marking roots
[274.301s][info][gc,task        ] GC(158) Using 3 of 6 workers for concurrent marking roots
[274.302s][info][gc             ] GC(158) Concurrent marking roots 0.260ms
[274.302s][info][gc,start       ] GC(158) Concurrent marking (unload classes)
[274.302s][info][gc,task        ] GC(158) Using 3 of 6 workers for concurrent marking
[274.302s][info][gc             ] GC(158) Concurrent marking (unload classes) 0.662ms
[274.302s][info][gc,start       ] GC(158) Pause Final Mark (unload classes)
[274.302s][info][gc,task        ] GC(158) Using 6 of 6 workers for final marking
[274.303s][info][gc,ergo        ] GC(158) Collectable Garbage: 217M (99%), Immediate: 217M (99%), CSet: 0B (0%)
[274.303s][info][gc             ] GC(158) Pause Final Mark (unload classes) 0.195ms
[274.303s][info][gc,start       ] GC(158) Concurrent weak references
[274.303s][info][gc,task        ] GC(158) Using 3 of 6 workers for concurrent weak references
[274.303s][info][gc,ref         ] GC(158) Encountered references: Soft: 45, Weak: 116, Final: 0, Phantom: 7
[274.303s][info][gc,ref         ] GC(158) Discovered  references: Soft: 0, Weak: 84, Final: 0, Phantom: 5
[274.303s][info][gc,ref         ] GC(158) Enqueued    references: Soft: 0, Weak: 0, Final: 0, Phantom: 0
[274.303s][info][gc             ] GC(158) Concurrent weak references 0.073ms
[274.303s][info][gc,start       ] GC(158) Concurrent weak roots
[274.303s][info][gc,task        ] GC(158) Using 3 of 6 workers for concurrent weak root
[274.303s][info][gc             ] GC(158) Concurrent weak roots 0.134ms
[274.303s][info][gc,start       ] GC(158) Concurrent cleanup
[274.303s][info][gc             ] GC(158) Concurrent cleanup 299M->82M(512M) 0.050ms
[274.303s][info][gc,ergo        ] GC(158) Free: 403M, Max: 256K regular, 150M humongous, Frag: 63% external, 0% internal; Reserve: 26368K, Max: 256K
[274.303s][info][gc,start       ] GC(158) Concurrent class unloading
[274.303s][info][gc,task        ] GC(158) Using 3 of 6 workers for concurrent class unloading
[274.303s][info][gc             ] GC(158) Concurrent class unloading 0.220ms
[274.303s][info][gc,start       ] GC(158) Pause Final Roots
[274.303s][info][gc             ] GC(158) Pause Final Roots 0.018ms
[274.303s][info][gc,ergo        ] Free: 403M, Max: 256K regular, 150M humongous, Frag: 63% external, 0% internal; Reserve: 26368K, Max: 256K
[274.303s][info][gc,stats       ] 
[274.303s][info][gc,stats       ] All times are wall-clock times, except per-root-class counters, that are sum over
[274.303s][info][gc,stats       ] all workers. Dividing the <total> over the root stage time estimates parallelism.
[274.303s][info][gc,stats       ] 
[274.303s][info][gc,stats       ] Concurrent Reset                    199 us
[274.303s][info][gc,stats       ] Pause Init Mark (G)                 124 us
[274.303s][info][gc,stats       ] Pause Init Mark (N)                  90 us
[274.303s][info][gc,stats       ]   Update Region States               28 us
[274.303s][info][gc,stats       ] Concurrent Mark Roots               276 us, parallelism: 1.26x
[274.303s][info][gc,stats       ]   CMR: <total>                      348 us
[274.303s][info][gc,stats       ]   CMR: Thread Roots                 310 us, workers (us):  72,  35, 203, ---, ---, ---, 
[274.303s][info][gc,stats       ]   CMR: VM Strong Roots                4 us, workers (us):   2,   1,   1, ---, ---, ---, 
[274.303s][info][gc,stats       ]   CMR: CLDG Roots                    34 us, workers (us): ---,  34, ---, ---, ---, ---, 
[274.303s][info][gc,stats       ] Concurrent Marking                  680 us
[274.303s][info][gc,stats       ] Pause Final Mark (G)                269 us
[274.303s][info][gc,stats       ] Pause Final Mark (N)                205 us
[274.303s][info][gc,stats       ]   Finish Mark                        71 us
[274.303s][info][gc,stats       ]   Update Region States               50 us
[274.303s][info][gc,stats       ]   Choose Collection Set              38 us
[274.303s][info][gc,stats       ]   Rebuild Free Set                    8 us
[274.303s][info][gc,stats       ] Concurrent Weak References           81 us, parallelism: 0.07x
[274.303s][info][gc,stats       ]   CWRF: <total>                       5 us
[274.303s][info][gc,stats       ]   CWRF: Weak References               5 us, workers (us):   1,   4,   0, ---, ---, ---, 
[274.303s][info][gc,stats       ] Concurrent Weak Roots               153 us
[274.304s][info][gc,stats       ]   Roots                              92 us, parallelism: 1.31x
[274.304s][info][gc,stats       ]     CWR: <total>                    122 us
[274.304s][info][gc,stats       ]     CWR: Code Cache Roots            71 us, workers (us):  20,   0,  51, ---, ---, ---, 
[274.304s][info][gc,stats       ]     CWR: VM Weak Roots               50 us, workers (us):  18,  17,  15, ---, ---, ---, 
[274.304s][info][gc,stats       ]     CWR: CLDG Roots                   1 us, workers (us): ---,   1, ---, ---, ---, ---, 
[274.304s][info][gc,stats       ]   Rendezvous                         25 us
[274.304s][info][gc,stats       ] Concurrent Cleanup                   60 us
[274.304s][info][gc,stats       ] Concurrent Class Unloading          235 us
[274.304s][info][gc,stats       ]   Unlink Stale                      155 us
[274.304s][info][gc,stats       ]     System Dictionary                 1 us
[274.304s][info][gc,stats       ]     Weak Class Links                  0 us
[274.304s][info][gc,stats       ]     Code Roots                      154 us
[274.304s][info][gc,stats       ]   Rendezvous                         23 us
[274.304s][info][gc,stats       ]   Purge Unlinked                     25 us
[274.304s][info][gc,stats       ]     Code Roots                       21 us
[274.304s][info][gc,stats       ]     CLDG                              3 us
[274.304s][info][gc,stats       ]     Exception Caches                  0 us
[274.304s][info][gc,stats       ] Pause Final Roots (G)                51 us
[274.304s][info][gc,stats       ] Pause Final Roots (N)                27 us
[274.304s][info][gc,stats       ] 
[274.304s][info][gc,stats       ] Allocation pacing accrued:
[274.304s][info][gc,stats       ]       0 of  1324 ms (  0.0%): <total>
[274.304s][info][gc,stats       ]       0 of  1324 ms (  0.0%): <average total>
[274.304s][info][gc,stats       ] 
[274.304s][info][gc,metaspace   ] Metaspace: 1071K(1280K)->1071K(1280K) NonClass: 990K(1088K)->990K(1088K) Class: 81K(192K)->81K(192K)
[274.304s][info][gc,ergo        ] Pacer for Idle. Initial: 10485K, Alloc Tax Rate: 1.0x
[275.891s][info][gc             ] Trigger: Average GC time (3.18 ms) is above the time for average allocation rate (239 MB/s) to deplete free headroom (0B) (margin of error = 3.29)
[275.891s][info][gc,ergo        ] Free headroom: 128M (free) - 26214K (spike) - 174M (penalties) = 0B
[275.891s][info][gc,ergo        ] Free: 128M, Max: 256K regular, 47616K humongous, Frag: 64% external, 0% internal; Reserve: 26368K, Max: 256K
[275.891s][info][gc,start       ] GC(159) Concurrent reset
[275.891s][info][gc,task        ] GC(159) Using 3 of 6 workers for concurrent reset
[275.891s][info][gc,ergo        ] GC(159) Pacer for Reset. Non-Taxable: 512M
[275.891s][info][gc             ] GC(159) Concurrent reset 0.259ms
[275.891s][info][gc,start       ] GC(159) Pause Init Mark (unload classes)
[275.891s][info][gc,task        ] GC(159) Using 6 of 6 workers for init marking
[275.892s][info][gc,ergo        ] GC(159) Pacer for Mark. Expected Live: 150M, Free: 128M, Non-Taxable: 13159K, Alloc Tax Rate: 1.4x
[275.892s][info][gc             ] GC(159) Pause Init Mark (unload classes) 0.146ms
[275.892s][info][gc,start       ] GC(159) Concurrent marking roots
[275.892s][info][gc,task        ] GC(159) Using 3 of 6 workers for concurrent marking roots
[275.892s][info][gc             ] GC(159) Concurrent marking roots 0.426ms
[275.892s][info][gc,start       ] GC(159) Concurrent marking (unload classes)
[275.892s][info][gc,task        ] GC(159) Using 3 of 6 workers for concurrent marking
[275.893s][info][gc             ] GC(159) Concurrent marking (unload classes) 0.718ms
[275.893s][info][gc,start       ] GC(159) Pause Final Mark (unload classes)
[275.893s][info][gc,task        ] GC(159) Using 6 of 6 workers for final marking
[275.893s][info][gc,ergo        ] GC(159) Collectable Garbage: 252M (99%), Immediate: 252M (99%), CSet: 0B (0%)
[275.893s][info][gc             ] GC(159) Pause Final Mark (unload classes) 0.285ms
[275.893s][info][gc,start       ] GC(159) Concurrent weak references
[275.893s][info][gc,task        ] GC(159) Using 3 of 6 workers for concurrent weak references
[275.893s][info][gc,ref         ] GC(159) Encountered references: Soft: 45, Weak: 116, Final: 0, Phantom: 7
[275.893s][info][gc,ref         ] GC(159) Discovered  references: Soft: 0, Weak: 72, Final: 0, Phantom: 5
[275.893s][info][gc,ref         ] GC(159) Enqueued    references: Soft: 0, Weak: 0, Final: 0, Phantom: 0
[275.893s][info][gc             ] GC(159) Concurrent weak references 0.109ms
[275.893s][info][gc,start       ] GC(159) Concurrent weak roots
[275.893s][info][gc,task        ] GC(159) Using 3 of 6 workers for concurrent weak root
[275.893s][info][gc             ] GC(159) Concurrent weak roots 0.124ms
[275.893s][info][gc,start       ] GC(159) Concurrent cleanup
[275.893s][info][gc             ] GC(159) Concurrent cleanup 354M->102M(512M) 0.054ms
[275.893s][info][gc,ergo        ] GC(159) Free: 383M, Max: 256K regular, 336M humongous, Frag: 13% external, 0% internal; Reserve: 26368K, Max: 256K
[275.893s][info][gc,start       ] GC(159) Concurrent class unloading
[275.893s][info][gc,task        ] GC(159) Using 3 of 6 workers for concurrent class unloading
[275.894s][info][gc             ] GC(159) Concurrent class unloading 0.230ms
[275.894s][info][gc,start       ] GC(159) Pause Final Roots
[275.894s][info][gc             ] GC(159) Pause Final Roots 0.016ms
[275.894s][info][gc,ergo        ] Free: 383M, Max: 256K regular, 336M humongous, Frag: 13% external, 0% internal; Reserve: 26368K, Max: 256K
[275.894s][info][gc,stats       ] 
[275.894s][info][gc,stats       ] All times are wall-clock times, except per-root-class counters, that are sum over
[275.894s][info][gc,stats       ] all workers. Dividing the <total> over the root stage time estimates parallelism.
[275.894s][info][gc,stats       ] 
[275.894s][info][gc,stats       ] Concurrent Reset                    278 us
[275.894s][info][gc,stats       ] Pause Init Mark (G)                 248 us
[275.894s][info][gc,stats       ] Pause Init Mark (N)                 156 us
[275.894s][info][gc,stats       ]   Update Region States               96 us
[275.894s][info][gc,stats       ] Concurrent Mark Roots               444 us, parallelism: 1.75x
[275.894s][info][gc,stats       ]   CMR: <total>                      775 us
[275.894s][info][gc,stats       ]   CMR: Thread Roots                 746 us, workers (us): 227, 352, 167, ---, ---, ---, 
[275.894s][info][gc,stats       ]   CMR: VM Strong Roots                3 us, workers (us):   3,   0,   0, ---, ---, ---, 
[275.894s][info][gc,stats       ]   CMR: CLDG Roots                    26 us, workers (us):  26, ---, ---, ---, ---, ---, 
[275.894s][info][gc,stats       ] Concurrent Marking                  736 us
[275.894s][info][gc,stats       ] Pause Final Mark (G)                373 us
[275.894s][info][gc,stats       ] Pause Final Mark (N)                296 us
[275.894s][info][gc,stats       ]   Finish Mark                       126 us
[275.894s][info][gc,stats       ]   Update Region States               81 us
[275.894s][info][gc,stats       ]   Choose Collection Set              41 us
[275.894s][info][gc,stats       ]   Rebuild Free Set                    8 us
[275.894s][info][gc,stats       ] Concurrent Weak References          116 us, parallelism: 0.03x
[275.894s][info][gc,stats       ]   CWRF: <total>                       4 us
[275.894s][info][gc,stats       ]   CWRF: Weak References               4 us, workers (us):   1,   3,   0, ---, ---, ---, 
[275.894s][info][gc,stats       ] Concurrent Weak Roots               138 us
[275.894s][info][gc,stats       ]   Roots                              80 us, parallelism: 1.21x
[275.894s][info][gc,stats       ]     CWR: <total>                     96 us
[275.894s][info][gc,stats       ]     CWR: Code Cache Roots            50 us, workers (us):  34,  16,   0, ---, ---, ---, 
[275.894s][info][gc,stats       ]     CWR: VM Weak Roots               45 us, workers (us):  23,  22,   0, ---, ---, ---, 
[275.894s][info][gc,stats       ]     CWR: CLDG Roots                   1 us, workers (us): ---,   1, ---, ---, ---, ---, 
[275.894s][info][gc,stats       ]   Rendezvous                         28 us
[275.894s][info][gc,stats       ] Concurrent Cleanup                   64 us
[275.894s][info][gc,stats       ] Concurrent Class Unloading          243 us
[275.894s][info][gc,stats       ]   Unlink Stale                      142 us
[275.894s][info][gc,stats       ]     System Dictionary                 1 us
[275.894s][info][gc,stats       ]     Weak Class Links                  0 us
[275.894s][info][gc,stats       ]     Code Roots                      140 us
[275.894s][info][gc,stats       ]   Rendezvous                         20 us
[275.894s][info][gc,stats       ]   Purge Unlinked                     51 us
[275.894s][info][gc,stats       ]     Code Roots                       48 us
[275.894s][info][gc,stats       ]     CLDG                              2 us
[275.894s][info][gc,stats       ] Pause Final Roots (G)                45 us
[275.894s][info][gc,stats       ] Pause Final Roots (N)                25 us
[275.894s][info][gc,stats       ] Pacing                            58572 us
[275.894s][info][gc,stats       ] 
[275.894s][info][gc,stats       ] Allocation pacing accrued:
[275.894s][info][gc,stats       ]      59 of  1590 ms (  3.7%): main
[275.894s][info][gc,stats       ]      59 of  1590 ms (  3.7%): <total>
[275.894s][info][gc,stats       ]       5 of  1590 ms (  0.3%): <average total>
[275.894s][info][gc,stats       ]      59 of  1590 ms (  3.7%): <average non-zero>
[275.894s][info][gc,stats       ] 
[275.894s][info][gc,metaspace   ] Metaspace: 1071K(1280K)->1071K(1280K) NonClass: 990K(1088K)->990K(1088K) Class: 81K(192K)->81K(192K)
[275.894s][info][gc,ergo        ] Pacer for Idle. Initial: 10485K, Alloc Tax Rate: 1.0x
[277.355s][info][gc             ] Trigger: Average GC time (3.39 ms) is above the time for average allocation rate (295 MB/s) to deplete free headroom (0B) (margin of error = 3.29)
[277.355s][info][gc,ergo        ] Free headroom: 158M (free) - 26214K (spike) - 168M (penalties) = 0B
[277.355s][info][gc,ergo        ] Free: 158M, Max: 256K regular, 111M humongous, Frag: 30% external, 0% internal; Reserve: 26368K, Max: 256K
[277.355s][info][gc,start       ] GC(160) Concurrent reset
[277.355s][info][gc,task        ] GC(160) Using 3 of 6 workers for concurrent reset
[277.355s][info][gc,ergo        ] GC(160) Pacer for Reset. Non-Taxable: 512M
[277.355s][info][gc             ] GC(160) Concurrent reset 0.220ms
[277.355s][info][gc,start       ] GC(160) Pause Init Mark (unload classes)
[277.355s][info][gc,task        ] GC(160) Using 6 of 6 workers for init marking
[277.355s][info][gc,ergo        ] GC(160) Pacer for Mark. Expected Live: 139M, Free: 158M, Non-Taxable: 16205K, Alloc Tax Rate: 1.1x
[277.355s][info][gc             ] GC(160) Pause Init Mark (unload classes) 0.074ms
[277.355s][info][gc,start       ] GC(160) Concurrent marking roots
[277.355s][info][gc,task        ] GC(160) Using 3 of 6 workers for concurrent marking roots
[277.355s][info][gc             ] GC(160) Concurrent marking roots 0.251ms
[277.355s][info][gc,start       ] GC(160) Concurrent marking (unload classes)
[277.355s][info][gc,task        ] GC(160) Using 3 of 6 workers for concurrent marking
[277.356s][info][gc             ] GC(160) Concurrent marking (unload classes) 0.642ms
[277.356s][info][gc,start       ] GC(160) Pause Final Mark (unload classes)
[277.356s][info][gc,task        ] GC(160) Using 6 of 6 workers for final marking
[277.356s][info][gc,ergo        ] GC(160) Collectable Garbage: 117M (99%), Immediate: 117M (99%), CSet: 0B (0%)
[277.356s][info][gc             ] GC(160) Pause Final Mark (unload classes) 0.157ms
[277.356s][info][gc,start       ] GC(160) Concurrent weak references
[277.356s][info][gc,task        ] GC(160) Using 3 of 6 workers for concurrent weak references
[277.356s][info][gc,ref         ] GC(160) Encountered references: Soft: 45, Weak: 116, Final: 0, Phantom: 7
[277.356s][info][gc,ref         ] GC(160) Discovered  references: Soft: 0, Weak: 95, Final: 0, Phantom: 5
[277.356s][info][gc,ref         ] GC(160) Enqueued    references: Soft: 0, Weak: 0, Final: 0, Phantom: 0
[277.356s][info][gc             ] GC(160) Concurrent weak references 0.124ms
[277.356s][info][gc,start       ] GC(160) Concurrent weak roots
[277.356s][info][gc,task        ] GC(160) Using 3 of 6 workers for concurrent weak root
[277.357s][info][gc             ] GC(160) Concurrent weak roots 0.152ms
[277.357s][info][gc,start       ] GC(160) Concurrent cleanup
[277.357s][info][gc             ] GC(160) Concurrent cleanup 324M->207M(512M) 0.034ms
[277.357s][info][gc,ergo        ] GC(160) Free: 278M, Max: 256K regular, 111M humongous, Frag: 60% external, 0% internal; Reserve: 26368K, Max: 256K
[277.357s][info][gc,start       ] GC(160) Concurrent class unloading
[277.357s][info][gc,task        ] GC(160) Using 3 of 6 workers for concurrent class unloading
[277.357s][info][gc             ] GC(160) Concurrent class unloading 0.237ms
[277.357s][info][gc,start       ] GC(160) Pause Final Roots
[277.357s][info][gc             ] GC(160) Pause Final Roots 0.018ms
[277.357s][info][gc,ergo        ] Free: 278M, Max: 256K regular, 111M humongous, Frag: 60% external, 0% internal; Reserve: 26368K, Max: 256K
[277.357s][info][gc,stats       ] 
[277.357s][info][gc,stats       ] All times are wall-clock times, except per-root-class counters, that are sum over
[277.357s][info][gc,stats       ] all workers. Dividing the <total> over the root stage time estimates parallelism.
[277.357s][info][gc,stats       ] 
[277.357s][info][gc,stats       ] Concurrent Reset                    234 us
[277.357s][info][gc,stats       ] Pause Init Mark (G)                 147 us
[277.357s][info][gc,stats       ] Pause Init Mark (N)                  83 us
[277.357s][info][gc,stats       ]   Update Region States               27 us
[277.357s][info][gc,stats       ] Concurrent Mark Roots               271 us, parallelism: 1.25x
[277.357s][info][gc,stats       ]   CMR: <total>                      339 us
[277.357s][info][gc,stats       ]   CMR: Thread Roots                 299 us, workers (us): 194,  34,  71, ---, ---, ---, 
[277.357s][info][gc,stats       ]   CMR: VM Strong Roots                6 us, workers (us):   2,   2,   2, ---, ---, ---, 
[277.357s][info][gc,stats       ]   CMR: CLDG Roots                    34 us, workers (us): ---,  34, ---, ---, ---, ---, 
[277.357s][info][gc,stats       ] Concurrent Marking                  658 us
[277.357s][info][gc,stats       ] Pause Final Mark (G)                229 us
[277.357s][info][gc,stats       ] Pause Final Mark (N)                167 us
[277.357s][info][gc,stats       ]   Finish Mark                        31 us
[277.357s][info][gc,stats       ]   Update Region States               53 us
[277.357s][info][gc,stats       ]   Choose Collection Set              34 us
[277.357s][info][gc,stats       ]   Rebuild Free Set                    8 us
[277.357s][info][gc,stats       ] Concurrent Weak References          132 us, parallelism: 0.04x
[277.357s][info][gc,stats       ]   CWRF: <total>                       5 us
[277.357s][info][gc,stats       ]   CWRF: Weak References               5 us, workers (us):   4,   1,   0, ---, ---, ---, 
[277.357s][info][gc,stats       ] Concurrent Weak Roots               167 us
[277.357s][info][gc,stats       ]   Roots                              78 us, parallelism: 1.21x
[277.357s][info][gc,stats       ]     CWR: <total>                     94 us
[277.357s][info][gc,stats       ]     CWR: Code Cache Roots            51 us, workers (us):   0,  34,  16, ---, ---, ---, 
[277.357s][info][gc,stats       ]     CWR: VM Weak Roots               42 us, workers (us):  14,  14,  14, ---, ---, ---, 
[277.357s][info][gc,stats       ]     CWR: CLDG Roots                   1 us, workers (us):   1, ---, ---, ---, ---, ---, 
[277.357s][info][gc,stats       ]   Rendezvous                         58 us
[277.357s][info][gc,stats       ] Concurrent Cleanup                   44 us
[277.357s][info][gc,stats       ] Concurrent Class Unloading          248 us
[277.357s][info][gc,stats       ]   Unlink Stale                      144 us
[277.357s][info][gc,stats       ]     System Dictionary                 1 us
[277.357s][info][gc,stats       ]     Weak Class Links                  0 us
[277.357s][info][gc,stats       ]     Code Roots                      143 us
[277.357s][info][gc,stats       ]   Rendezvous                         56 us
[277.357s][info][gc,stats       ]   Purge Unlinked                     21 us
[277.357s][info][gc,stats       ]     Code Roots                       19 us
[277.357s][info][gc,stats       ]     CLDG                              2 us
[277.357s][info][gc,stats       ]     Exception Caches                  0 us
[277.357s][info][gc,stats       ] Pause Final Roots (G)                89 us
[277.357s][info][gc,stats       ] Pause Final Roots (N)                28 us
[277.357s][info][gc,stats       ] Pacing                            46604 us
[277.357s][info][gc,stats       ] 
[277.357s][info][gc,stats       ] Allocation pacing accrued:
[277.357s][info][gc,stats       ]      47 of  1463 ms (  3.2%): main
[277.357s][info][gc,stats       ]      47 of  1463 ms (  3.2%): <total>
[277.357s][info][gc,stats       ]       4 of  1463 ms (  0.2%): <average total>
[277.357s][info][gc,stats       ]      47 of  1463 ms (  3.2%): <average non-zero>
[277.357s][info][gc,stats       ] 
[277.357s][info][gc,metaspace   ] Metaspace: 1071K(1280K)->1071K(1280K) NonClass: 990K(1088K)->990K(1088K) Class: 81K(192K)->81K(192K)
[277.357s][info][gc,ergo        ] Pacer for Idle. Initial: 10485K, Alloc Tax Rate: 1.0x
[278.695s][info][gc             ] Trigger: Average GC time (3.15 ms) is above the time for average allocation rate (118 MB/s) to deplete free headroom (0B) (margin of error = 3.29)
[278.695s][info][gc,ergo        ] Free headroom: 153M (free) - 26214K (spike) - 163M (penalties) = 0B
[278.695s][info][gc,ergo        ] Free: 153M, Max: 256K regular, 62720K humongous, Frag: 60% external, 0% internal; Reserve: 26368K, Max: 256K
[278.695s][info][gc,start       ] GC(161) Concurrent reset
[278.695s][info][gc,task        ] GC(161) Using 3 of 6 workers for concurrent reset
[278.695s][info][gc,ergo        ] GC(161) Pacer for Reset. Non-Taxable: 512M
[278.696s][info][gc             ] GC(161) Concurrent reset 0.347ms
[278.696s][info][gc,start       ] GC(161) Pause Init Mark (unload classes)
[278.696s][info][gc,task        ] GC(161) Using 6 of 6 workers for init marking
[278.696s][info][gc,ergo        ] GC(161) Pacer for Mark. Expected Live: 128M, Free: 153M, Non-Taxable: 15668K, Alloc Tax Rate: 1.0x
[278.696s][info][gc             ] GC(161) Pause Init Mark (unload classes) 0.153ms
[278.696s][info][gc,start       ] GC(161) Concurrent marking roots
[278.696s][info][gc,task        ] GC(161) Using 3 of 6 workers for concurrent marking roots
[278.696s][info][gc             ] GC(161) Concurrent marking roots 0.315ms
[278.696s][info][gc,start       ] GC(161) Concurrent marking (unload classes)
[278.696s][info][gc,task        ] GC(161) Using 3 of 6 workers for concurrent marking
[278.697s][info][gc             ] GC(161) Concurrent marking (unload classes) 0.753ms
[278.697s][info][gc,start       ] GC(161) Pause Final Mark (unload classes)
[278.697s][info][gc,task        ] GC(161) Using 6 of 6 workers for final marking
[278.697s][info][gc,ergo        ] GC(161) Collectable Garbage: 166M (99%), Immediate: 166M (99%), CSet: 0B (0%)
[278.698s][info][gc             ] GC(161) Pause Final Mark (unload classes) 0.310ms
[278.698s][info][gc,start       ] GC(161) Concurrent weak references
[278.698s][info][gc,task        ] GC(161) Using 3 of 6 workers for concurrent weak references
[278.698s][info][gc,ref         ] GC(161) Encountered references: Soft: 45, Weak: 116, Final: 0, Phantom: 7
[278.698s][info][gc,ref         ] GC(161) Discovered  references: Soft: 0, Weak: 95, Final: 0, Phantom: 5
[278.698s][info][gc,ref         ] GC(161) Enqueued    references: Soft: 0, Weak: 0, Final: 0, Phantom: 0
[278.698s][info][gc             ] GC(161) Concurrent weak references 0.148ms
[278.698s][info][gc,start       ] GC(161) Concurrent weak roots
[278.698s][info][gc,task        ] GC(161) Using 3 of 6 workers for concurrent weak root
[278.698s][info][gc             ] GC(161) Concurrent weak roots 0.236ms
[278.698s][info][gc,start       ] GC(161) Concurrent cleanup
[278.698s][info][gc             ] GC(161) Concurrent cleanup 329M->163M(512M) 0.041ms
[278.698s][info][gc,ergo        ] GC(161) Free: 321M, Max: 256K regular, 186M humongous, Frag: 43% external, 0% internal; Reserve: 26368K, Max: 256K
[278.698s][info][gc,start       ] GC(161) Concurrent class unloading
[278.698s][info][gc,task        ] GC(161) Using 3 of 6 workers for concurrent class unloading
[278.698s][info][gc             ] GC(161) Concurrent class unloading 0.295ms
[278.698s][info][gc,start       ] GC(161) Pause Final Roots
[278.698s][info][gc             ] GC(161) Pause Final Roots 0.020ms
[278.699s][info][gc,ergo        ] Free: 321M, Max: 256K regular, 186M humongous, Frag: 43% external, 0% internal; Reserve: 26368K, Max: 256K
[278.699s][info][gc,stats       ] 
[278.699s][info][gc,stats       ] All times are wall-clock times, except per-root-class counters, that are sum over
[278.699s][info][gc,stats       ] all workers. Dividing the <total> over the root stage time estimates parallelism.
[278.699s][info][gc,stats       ] 
[278.699s][info][gc,stats       ] Concurrent Reset                    367 us
[278.699s][info][gc,stats       ] Pause Init Mark (G)                 255 us
[278.699s][info][gc,stats       ] Pause Init Mark (N)                 162 us
[278.699s][info][gc,stats       ]   Update Region States              102 us
[278.699s][info][gc,stats       ] Concurrent Mark Roots               333 us, parallelism: 0.99x
[278.699s][info][gc,stats       ]   CMR: <total>                      329 us
[278.699s][info][gc,stats       ]   CMR: Thread Roots                 294 us, workers (us): 190,  68,  37, ---, ---, ---, 
[278.699s][info][gc,stats       ]   CMR: VM Strong Roots                4 us, workers (us):   3,   1,   0, ---, ---, ---, 
[278.699s][info][gc,stats       ]   CMR: CLDG Roots                    30 us, workers (us): ---, ---,  30, ---, ---, ---, 
[278.699s][info][gc,stats       ] Concurrent Marking                  771 us
[278.699s][info][gc,stats       ] Pause Final Mark (G)                449 us
[278.699s][info][gc,stats       ] Pause Final Mark (N)                321 us
[278.699s][info][gc,stats       ]   Finish Mark                       130 us
[278.699s][info][gc,stats       ]   Update Region States              104 us
[278.699s][info][gc,stats       ]   Choose Collection Set              36 us
[278.699s][info][gc,stats       ]   Rebuild Free Set                    8 us
[278.699s][info][gc,stats       ] Concurrent Weak References          156 us, parallelism: 0.03x
[278.699s][info][gc,stats       ]   CWRF: <total>                       4 us
[278.699s][info][gc,stats       ]   CWRF: Weak References               4 us, workers (us):   4,   0,   0, ---, ---, ---, 
[278.699s][info][gc,stats       ] Concurrent Weak Roots               254 us
[278.699s][info][gc,stats       ]   Roots                             126 us, parallelism: 0.78x
[278.699s][info][gc,stats       ]     CWR: <total>                     98 us
[278.699s][info][gc,stats       ]     CWR: Code Cache Roots            51 us, workers (us):  16,  34,   0, ---, ---, ---, 
[278.699s][info][gc,stats       ]     CWR: VM Weak Roots               47 us, workers (us):  40,   4,   3, ---, ---, ---, 
[278.699s][info][gc,stats       ]     CWR: CLDG Roots                   1 us, workers (us): ---, ---,   1, ---, ---, ---, 
[278.699s][info][gc,stats       ]   Rendezvous                         93 us
[278.699s][info][gc,stats       ] Concurrent Cleanup                   51 us
[278.699s][info][gc,stats       ] Concurrent Class Unloading          309 us
[278.699s][info][gc,stats       ]   Unlink Stale                      187 us
[278.699s][info][gc,stats       ]     System Dictionary                 1 us
[278.699s][info][gc,stats       ]     Weak Class Links                  0 us
[278.699s][info][gc,stats       ]     Code Roots                      185 us
[278.699s][info][gc,stats       ]   Rendezvous                         31 us
[278.699s][info][gc,stats       ]   Purge Unlinked                     60 us
[278.699s][info][gc,stats       ]     Code Roots                       57 us
[278.699s][info][gc,stats       ]     CLDG                              2 us
[278.699s][info][gc,stats       ]     Exception Caches                  0 us
[278.699s][info][gc,stats       ] Pause Final Roots (G)                91 us
[278.699s][info][gc,stats       ] Pause Final Roots (N)                29 us
[278.699s][info][gc,stats       ] Pacing                            31492 us
[278.699s][info][gc,stats       ] 
[278.699s][info][gc,stats       ] Allocation pacing accrued:
[278.699s][info][gc,stats       ]      31 of  1342 ms (  2.3%): main
[278.699s][info][gc,stats       ]      31 of  1342 ms (  2.3%): <total>
[278.699s][info][gc,stats       ]       2 of  1342 ms (  0.2%): <average total>
[278.699s][info][gc,stats       ]      31 of  1342 ms (  2.3%): <average non-zero>
[278.699s][info][gc,stats       ] 
[278.699s][info][gc,metaspace   ] Metaspace: 1071K(1280K)->1071K(1280K) NonClass: 990K(1088K)->990K(1088K) Class: 81K(192K)->81K(192K)
[278.699s][info][gc,ergo        ] Pacer for Idle. Initial: 10485K, Alloc Tax Rate: 1.0x
[280.052s][info][gc             ] Trigger: Average GC time (3.96 ms) is above the time for average allocation rate (90444 KB/s) to deplete free headroom (0B) (margin of error = 3.29)
[280.052s][info][gc,ergo        ] Free headroom: 172M (free) - 26214K (spike) - 158M (penalties) = 0B
[280.052s][info][gc,ergo        ] Free: 172M, Max: 256K regular, 62720K humongous, Frag: 65% external, 0% internal; Reserve: 26368K, Max: 256K
[280.052s][info][gc,start       ] GC(162) Concurrent reset
[280.052s][info][gc,task        ] GC(162) Using 3 of 6 workers for concurrent reset
[280.052s][info][gc,ergo        ] GC(162) Pacer for Reset. Non-Taxable: 512M
[280.052s][info][gc             ] GC(162) Concurrent reset 0.281ms
[280.052s][info][gc,start       ] GC(162) Pause Init Mark (unload classes)
[280.052s][info][gc,task        ] GC(162) Using 6 of 6 workers for init marking
[280.052s][info][gc,ergo        ] GC(162) Pacer for Mark. Expected Live: 149M, Free: 172M, Non-Taxable: 17690K, Alloc Tax Rate: 1.1x
[280.052s][info][gc             ] GC(162) Pause Init Mark (unload classes) 0.168ms
[280.052s][info][gc,start       ] GC(162) Concurrent marking roots
[280.052s][info][gc,task        ] GC(162) Using 3 of 6 workers for concurrent marking roots
[280.053s][info][gc             ] GC(162) Concurrent marking roots 0.304ms
[280.053s][info][gc,start       ] GC(162) Concurrent marking (unload classes)
[280.053s][info][gc,task        ] GC(162) Using 3 of 6 workers for concurrent marking
[280.053s][info][gc             ] GC(162) Concurrent marking (unload classes) 0.782ms
[280.053s][info][gc,start       ] GC(162) Pause Final Mark (unload classes)
[280.053s][info][gc,task        ] GC(162) Using 6 of 6 workers for final marking
[280.054s][info][gc,ergo        ] GC(162) Collectable Garbage: 278M (99%), Immediate: 278M (99%), CSet: 0B (0%)
[280.054s][info][gc             ] GC(162) Pause Final Mark (unload classes) 0.310ms
[280.054s][info][gc,start       ] GC(162) Concurrent weak references
[280.054s][info][gc,task        ] GC(162) Using 3 of 6 workers for concurrent weak references
[280.054s][info][gc,ref         ] GC(162) Encountered references: Soft: 45, Weak: 116, Final: 0, Phantom: 7
[280.054s][info][gc,ref         ] GC(162) Discovered  references: Soft: 0, Weak: 71, Final: 0, Phantom: 5
[280.054s][info][gc,ref         ] GC(162) Enqueued    references: Soft: 0, Weak: 0, Final: 0, Phantom: 0
[280.054s][info][gc             ] GC(162) Concurrent weak references 0.157ms
[280.054s][info][gc,start       ] GC(162) Concurrent weak roots
[280.054s][info][gc,task        ] GC(162) Using 3 of 6 workers for concurrent weak root
[280.054s][info][gc             ] GC(162) Concurrent weak roots 0.221ms
[280.054s][info][gc,start       ] GC(162) Concurrent cleanup
[280.054s][info][gc             ] GC(162) Concurrent cleanup 310M->32M(512M) 0.061ms
[280.054s][info][gc,ergo        ] GC(162) Free: 453M, Max: 256K regular, 313M humongous, Frag: 31% external, 0% internal; Reserve: 26368K, Max: 256K
[280.054s][info][gc,start       ] GC(162) Concurrent class unloading
[280.054s][info][gc,task        ] GC(162) Using 3 of 6 workers for concurrent class unloading
[280.055s][info][gc             ] GC(162) Concurrent class unloading 0.373ms
[280.055s][info][gc,start       ] GC(162) Pause Final Roots
[280.055s][info][gc             ] GC(162) Pause Final Roots 0.018ms
[280.055s][info][gc,ergo        ] Free: 453M, Max: 256K regular, 313M humongous, Frag: 31% external, 0% internal; Reserve: 26368K, Max: 256K
[280.055s][info][gc,stats       ] 
[280.055s][info][gc,stats       ] All times are wall-clock times, except per-root-class counters, that are sum over
[280.055s][info][gc,stats       ] all workers. Dividing the <total> over the root stage time estimates parallelism.
[280.055s][info][gc,stats       ] 
[280.055s][info][gc,stats       ] Concurrent Reset                    302 us
[280.055s][info][gc,stats       ] Pause Init Mark (G)                 269 us
[280.055s][info][gc,stats       ] Pause Init Mark (N)                 178 us
[280.055s][info][gc,stats       ]   Update Region States              117 us
[280.055s][info][gc,stats       ] Concurrent Mark Roots               322 us, parallelism: 1.12x
[280.055s][info][gc,stats       ]   CMR: <total>                      359 us
[280.055s][info][gc,stats       ]   CMR: Thread Roots                 327 us, workers (us): 217,  66,  45, ---, ---, ---, 
[280.055s][info][gc,stats       ]   CMR: VM Strong Roots                4 us, workers (us):   3,   0,   0, ---, ---, ---, 
[280.055s][info][gc,stats       ]   CMR: CLDG Roots                    29 us, workers (us):  29, ---, ---, ---, ---, ---, 
[280.055s][info][gc,stats       ] Concurrent Marking                  801 us
[280.055s][info][gc,stats       ] Pause Final Mark (G)                392 us
[280.055s][info][gc,stats       ] Pause Final Mark (N)                320 us
[280.055s][info][gc,stats       ]   Finish Mark                       139 us
[280.055s][info][gc,stats       ]   Update Region States               87 us
[280.055s][info][gc,stats       ]   Choose Collection Set              42 us
[280.055s][info][gc,stats       ]   Rebuild Free Set                    9 us
[280.055s][info][gc,stats       ] Concurrent Weak References          166 us, parallelism: 0.02x
[280.055s][info][gc,stats       ]   CWRF: <total>                       4 us
[280.055s][info][gc,stats       ]   CWRF: Weak References               4 us, workers (us):   2,   1,   0, ---, ---, ---, 
[280.055s][info][gc,stats       ] Concurrent Weak Roots               240 us
[280.055s][info][gc,stats       ]   Roots                             108 us, parallelism: 0.94x
[280.055s][info][gc,stats       ]     CWR: <total>                    102 us
[280.055s][info][gc,stats       ]     CWR: Code Cache Roots            58 us, workers (us):  16,  42,   0, ---, ---, ---, 
[280.055s][info][gc,stats       ]     CWR: VM Weak Roots               43 us, workers (us):  36,   7,   0, ---, ---, ---, 
[280.055s][info][gc,stats       ]     CWR: CLDG Roots                   1 us, workers (us):   1, ---, ---, ---, ---, ---, 
[280.055s][info][gc,stats       ]   Rendezvous                         95 us
[280.055s][info][gc,stats       ] Concurrent Cleanup                   72 us
[280.055s][info][gc,stats       ] Concurrent Class Unloading          391 us
[280.055s][info][gc,stats       ]   Unlink Stale                      200 us
[280.055s][info][gc,stats       ]     System Dictionary                 1 us
[280.055s][info][gc,stats       ]     Weak Class Links                  0 us
[280.055s][info][gc,stats       ]     Code Roots                      198 us
[280.055s][info][gc,stats       ]   Rendezvous                         60 us
[280.055s][info][gc,stats       ]   Purge Unlinked                     95 us
[280.055s][info][gc,stats       ]     Code Roots                       91 us
[280.055s][info][gc,stats       ]     CLDG                              4 us
[280.055s][info][gc,stats       ]     Exception Caches                  0 us
[280.055s][info][gc,stats       ] Pause Final Roots (G)                78 us
[280.055s][info][gc,stats       ] Pause Final Roots (N)                28 us
[280.055s][info][gc,stats       ] Pacing                            43848 us
[280.055s][info][gc,stats       ] 
[280.055s][info][gc,stats       ] Allocation pacing accrued:
[280.055s][info][gc,stats       ]      44 of  1356 ms (  3.2%): main
[280.055s][info][gc,stats       ]      44 of  1356 ms (  3.2%): <total>
[280.055s][info][gc,stats       ]       3 of  1356 ms (  0.2%): <average total>
[280.055s][info][gc,stats       ]      44 of  1356 ms (  3.2%): <average non-zero>
[280.055s][info][gc,stats       ] 
[280.055s][info][gc,metaspace   ] Metaspace: 1071K(1280K)->1071K(1280K) NonClass: 990K(1088K)->990K(1088K) Class: 81K(192K)->81K(192K)
[280.055s][info][gc,ergo        ] Pacer for Idle. Initial: 10485K, Alloc Tax Rate: 1.0x
[281.657s][info][gc             ] Trigger: Average GC time (3.93 ms) is above the time for average allocation rate (138 MB/s) to deplete free headroom (0B) (margin of error = 3.28)
[281.657s][info][gc,ergo        ] Free headroom: 177M (free) - 26214K (spike) - 153M (penalties) = 0B
[281.657s][info][gc,ergo        ] Free: 177M, Max: 256K regular, 163M humongous, Frag: 9% external, 0% internal; Reserve: 26368K, Max: 256K
[281.657s][info][gc,start       ] GC(163) Concurrent reset
[281.657s][info][gc,task        ] GC(163) Using 3 of 6 workers for concurrent reset
[281.657s][info][gc,ergo        ] GC(163) Pacer for Reset. Non-Taxable: 512M
[281.658s][info][gc             ] GC(163) Concurrent reset 0.236ms
[281.658s][info][gc,start       ] GC(163) Pause Init Mark (unload classes)
[281.658s][info][gc,task        ] GC(163) Using 6 of 6 workers for init marking
[281.658s][info][gc,ergo        ] GC(163) Pacer for Mark. Expected Live: 116M, Free: 177M, Non-Taxable: 18202K, Alloc Tax Rate: 0.8x
[281.658s][info][gc             ] GC(163) Pause Init Mark (unload classes) 0.134ms
[281.658s][info][gc,start       ] GC(163) Concurrent marking roots
[281.658s][info][gc,task        ] GC(163) Using 3 of 6 workers for concurrent marking roots
[281.658s][info][gc             ] GC(163) Concurrent marking roots 0.280ms
[281.658s][info][gc,start       ] GC(163) Concurrent marking (unload classes)
[281.658s][info][gc,task        ] GC(163) Using 3 of 6 workers for concurrent marking
[281.659s][info][gc             ] GC(163) Concurrent marking (unload classes) 0.734ms
[281.659s][info][gc,start       ] GC(163) Pause Final Mark (unload classes)
[281.659s][info][gc,task        ] GC(163) Using 6 of 6 workers for final marking
[281.659s][info][gc,ergo        ] GC(163) Collectable Garbage: 227M (99%), Immediate: 227M (99%), CSet: 0B (0%)
[281.659s][info][gc             ] GC(163) Pause Final Mark (unload classes) 0.318ms
[281.659s][info][gc,start       ] GC(163) Concurrent weak references
[281.659s][info][gc,task        ] GC(163) Using 3 of 6 workers for concurrent weak references
[281.660s][info][gc,ref         ] GC(163) Encountered references: Soft: 45, Weak: 116, Final: 0, Phantom: 7
[281.660s][info][gc,ref         ] GC(163) Discovered  references: Soft: 0, Weak: 72, Final: 0, Phantom: 5
[281.660s][info][gc,ref         ] GC(163) Enqueued    references: Soft: 0, Weak: 0, Final: 0, Phantom: 0
[281.660s][info][gc             ] GC(163) Concurrent weak references 0.153ms
[281.660s][info][gc,start       ] GC(163) Concurrent weak roots
[281.660s][info][gc,task        ] GC(163) Using 3 of 6 workers for concurrent weak root
[281.660s][info][gc             ] GC(163) Concurrent weak roots 0.255ms
[281.660s][info][gc,start       ] GC(163) Concurrent cleanup
[281.660s][info][gc             ] GC(163) Concurrent cleanup 304M->77M(512M) 0.051ms
[281.660s][info][gc,ergo        ] GC(163) Free: 408M, Max: 256K regular, 163M humongous, Frag: 61% external, 0% internal; Reserve: 26368K, Max: 256K
[281.660s][info][gc,start       ] GC(163) Concurrent class unloading
[281.660s][info][gc,task        ] GC(163) Using 3 of 6 workers for concurrent class unloading
[281.660s][info][gc             ] GC(163) Concurrent class unloading 0.379ms
[281.660s][info][gc,start       ] GC(163) Pause Final Roots
[281.660s][info][gc             ] GC(163) Pause Final Roots 0.019ms
[281.660s][info][gc,ergo        ] Free: 408M, Max: 256K regular, 163M humongous, Frag: 61% external, 0% internal; Reserve: 26368K, Max: 256K
[281.660s][info][gc,stats       ] 
[281.660s][info][gc,stats       ] All times are wall-clock times, except per-root-class counters, that are sum over
[281.660s][info][gc,stats       ] all workers. Dividing the <total> over the root stage time estimates parallelism.
[281.661s][info][gc,stats       ] 
[281.661s][info][gc,stats       ] Concurrent Reset                    256 us
[281.661s][info][gc,stats       ] Pause Init Mark (G)                 243 us
[281.661s][info][gc,stats       ] Pause Init Mark (N)                 143 us
[281.661s][info][gc,stats       ]   Update Region States               82 us
[281.661s][info][gc,stats       ] Concurrent Mark Roots               299 us, parallelism: 1.09x
[281.661s][info][gc,stats       ]   CMR: <total>                      324 us
[281.661s][info][gc,stats       ]   CMR: Thread Roots                 295 us, workers (us): 199,  61,  35, ---, ---, ---, 
[281.661s][info][gc,stats       ]   CMR: VM Strong Roots                3 us, workers (us):   2,   0,   0, ---, ---, ---, 
[281.661s][info][gc,stats       ]   CMR: CLDG Roots                    26 us, workers (us):  26, ---, ---, ---, ---, ---, 
[281.661s][info][gc,stats       ] Concurrent Marking                  752 us
[281.661s][info][gc,stats       ] Pause Final Mark (G)                455 us
[281.661s][info][gc,stats       ] Pause Final Mark (N)                328 us
[281.661s][info][gc,stats       ]   Finish Mark                       144 us
[281.661s][info][gc,stats       ]   Update Region States               99 us
[281.661s][info][gc,stats       ]   Choose Collection Set              38 us
[281.661s][info][gc,stats       ]   Rebuild Free Set                    8 us
[281.661s][info][gc,stats       ] Concurrent Weak References          161 us, parallelism: 0.02x
[281.661s][info][gc,stats       ]   CWRF: <total>                       3 us
[281.661s][info][gc,stats       ]   CWRF: Weak References               3 us, workers (us):   3,   0,   0, ---, ---, ---, 
[281.661s][info][gc,stats       ] Concurrent Weak Roots               280 us
[281.661s][info][gc,stats       ]   Roots                             149 us, parallelism: 0.68x
[281.661s][info][gc,stats       ]     CWR: <total>                    102 us
[281.661s][info][gc,stats       ]     CWR: Code Cache Roots            48 us, workers (us):   0,  33,  15, ---, ---, ---, 
[281.661s][info][gc,stats       ]     CWR: VM Weak Roots               53 us, workers (us):  18,  18,  17, ---, ---, ---, 
[281.661s][info][gc,stats       ]     CWR: CLDG Roots                   1 us, workers (us):   1, ---, ---, ---, ---, ---, 
[281.661s][info][gc,stats       ]   Rendezvous                         88 us
[281.661s][info][gc,stats       ] Concurrent Cleanup                   61 us
[281.661s][info][gc,stats       ] Concurrent Class Unloading          396 us
[281.661s][info][gc,stats       ]   Unlink Stale                      175 us
[281.661s][info][gc,stats       ]     System Dictionary                 1 us
[281.661s][info][gc,stats       ]     Weak Class Links                  0 us
[281.661s][info][gc,stats       ]     Code Roots                      173 us
[281.661s][info][gc,stats       ]   Rendezvous                         88 us
[281.661s][info][gc,stats       ]   Purge Unlinked                    100 us
[281.661s][info][gc,stats       ]     Code Roots                       96 us
[281.661s][info][gc,stats       ]     CLDG                              4 us
[281.661s][info][gc,stats       ]     Exception Caches                  0 us
[281.661s][info][gc,stats       ] Pause Final Roots (G)               115 us
[281.661s][info][gc,stats       ] Pause Final Roots (N)                28 us
[281.661s][info][gc,stats       ] Pacing                            75116 us
[281.661s][info][gc,stats       ] 
[281.661s][info][gc,stats       ] Allocation pacing accrued:
[281.661s][info][gc,stats       ]      75 of  1606 ms (  4.7%): main
[281.661s][info][gc,stats       ]      75 of  1606 ms (  4.7%): <total>
[281.661s][info][gc,stats       ]       6 of  1606 ms (  0.4%): <average total>
[281.661s][info][gc,stats       ]      75 of  1606 ms (  4.7%): <average non-zero>
[281.661s][info][gc,stats       ] 
[281.661s][info][gc,metaspace   ] Metaspace: 1071K(1280K)->1071K(1280K) NonClass: 990K(1088K)->990K(1088K) Class: 81K(192K)->81K(192K)
[281.661s][info][gc,ergo        ] Pacer for Idle. Initial: 10485K, Alloc Tax Rate: 1.0x
[284.446s][info][gc             ] Trigger: Average GC time (3.74 ms) is above the time for average allocation rate (99831 KB/s) to deplete free headroom (0B) (margin of error = 3.27)
[284.446s][info][gc,ergo        ] Free headroom: 165M (free) - 26214K (spike) - 148M (penalties) = 0B
[284.446s][info][gc,ergo        ] Free: 165M, Max: 256K regular, 142M humongous, Frag: 14% external, 0% internal; Reserve: 26368K, Max: 256K
[284.446s][info][gc,start       ] GC(164) Concurrent reset
[284.446s][info][gc,task        ] GC(164) Using 3 of 6 workers for concurrent reset
[284.446s][info][gc,ergo        ] GC(164) Pacer for Reset. Non-Taxable: 512M
[284.446s][info][gc             ] GC(164) Concurrent reset 0.187ms
[284.446s][info][gc,start       ] GC(164) Pause Init Mark (unload classes)
[284.446s][info][gc,task        ] GC(164) Using 6 of 6 workers for init marking
[284.446s][info][gc,ergo        ] GC(164) Pacer for Mark. Expected Live: 115M, Free: 165M, Non-Taxable: 16973K, Alloc Tax Rate: 0.9x
[284.446s][info][gc             ] GC(164) Pause Init Mark (unload classes) 0.155ms
[284.446s][info][gc,start       ] GC(164) Concurrent marking roots
[284.446s][info][gc,task        ] GC(164) Using 3 of 6 workers for concurrent marking roots
[284.446s][info][gc             ] GC(164) Concurrent marking roots 0.243ms
[284.446s][info][gc,start       ] GC(164) Concurrent marking (unload classes)
[284.446s][info][gc,task        ] GC(164) Using 3 of 6 workers for concurrent marking
[284.447s][info][gc             ] GC(164) Concurrent marking (unload classes) 0.622ms
[284.447s][info][gc,start       ] GC(164) Pause Final Mark (unload classes)
[284.447s][info][gc,task        ] GC(164) Using 6 of 6 workers for final marking
[284.447s][info][gc,ergo        ] GC(164) Collectable Garbage: 287M (99%), Immediate: 287M (99%), CSet: 0B (0%)
[284.447s][info][gc             ] GC(164) Pause Final Mark (unload classes) 0.124ms
[284.447s][info][gc,start       ] GC(164) Concurrent weak references
[284.447s][info][gc,task        ] GC(164) Using 3 of 6 workers for concurrent weak references
[284.447s][info][gc,ref         ] GC(164) Encountered references: Soft: 45, Weak: 116, Final: 0, Phantom: 7
[284.447s][info][gc,ref         ] GC(164) Discovered  references: Soft: 0, Weak: 95, Final: 0, Phantom: 5
[284.447s][info][gc,ref         ] GC(164) Enqueued    references: Soft: 0, Weak: 0, Final: 0, Phantom: 0
[284.447s][info][gc             ] GC(164) Concurrent weak references 0.074ms
[284.447s][info][gc,start       ] GC(164) Concurrent weak roots
[284.447s][info][gc,task        ] GC(164) Using 3 of 6 workers for concurrent weak root
[284.447s][info][gc             ] GC(164) Concurrent weak roots 0.110ms
[284.447s][info][gc,start       ] GC(164) Concurrent cleanup
[284.447s][info][gc             ] GC(164) Concurrent cleanup 314M->27M(512M) 0.059ms
[284.447s][info][gc,ergo        ] GC(164) Free: 458M, Max: 256K regular, 218M humongous, Frag: 53% external, 0% internal; Reserve: 26368K, Max: 256K
[284.447s][info][gc,start       ] GC(164) Concurrent class unloading
[284.447s][info][gc,task        ] GC(164) Using 3 of 6 workers for concurrent class unloading
[284.448s][info][gc             ] GC(164) Concurrent class unloading 0.204ms
[284.448s][info][gc,start       ] GC(164) Pause Final Roots
[284.448s][info][gc             ] GC(164) Pause Final Roots 0.015ms
[284.448s][info][gc,ergo        ] Free: 458M, Max: 256K regular, 218M humongous, Frag: 53% external, 0% internal; Reserve: 26368K, Max: 256K
[284.448s][info][gc,stats       ] 
[284.448s][info][gc,stats       ] All times are wall-clock times, except per-root-class counters, that are sum over
[284.448s][info][gc,stats       ] all workers. Dividing the <total> over the root stage time estimates parallelism.
[284.448s][info][gc,stats       ] 
[284.448s][info][gc,stats       ] Concurrent Reset                    207 us
[284.448s][info][gc,stats       ] Pause Init Mark (G)                 195 us
[284.448s][info][gc,stats       ] Pause Init Mark (N)                 163 us
[284.448s][info][gc,stats       ]   Update Region States               56 us
[284.448s][info][gc,stats       ] Concurrent Mark Roots               257 us, parallelism: 1.29x
[284.448s][info][gc,stats       ]   CMR: <total>                      332 us
[284.448s][info][gc,stats       ]   CMR: Thread Roots                 298 us, workers (us): 196,  36,  66, ---, ---, ---, 
[284.448s][info][gc,stats       ]   CMR: VM Strong Roots                5 us, workers (us):   2,   1,   1, ---, ---, ---, 
[284.448s][info][gc,stats       ]   CMR: CLDG Roots                    29 us, workers (us): ---,  29, ---, ---, ---, ---, 
[284.448s][info][gc,stats       ] Concurrent Marking                  635 us
[284.448s][info][gc,stats       ] Pause Final Mark (G)                163 us
[284.448s][info][gc,stats       ] Pause Final Mark (N)                133 us
[284.448s][info][gc,stats       ]   Finish Mark                        28 us
[284.448s][info][gc,stats       ]   Update Region States               26 us
[284.448s][info][gc,stats       ]   Choose Collection Set              38 us
[284.448s][info][gc,stats       ]   Rebuild Free Set                    8 us
[284.448s][info][gc,stats       ] Concurrent Weak References           82 us, parallelism: 0.05x
[284.448s][info][gc,stats       ]   CWRF: <total>                       4 us
[284.448s][info][gc,stats       ]   CWRF: Weak References               4 us, workers (us):   1,   3,   0, ---, ---, ---, 
[284.448s][info][gc,stats       ] Concurrent Weak Roots               121 us
[284.448s][info][gc,stats       ]   Roots                              70 us, parallelism: 1.35x
[284.448s][info][gc,stats       ]     CWR: <total>                     95 us
[284.448s][info][gc,stats       ]     CWR: Code Cache Roots            52 us, workers (us):  17,  35,   0, ---, ---, ---, 
[284.448s][info][gc,stats       ]     CWR: VM Weak Roots               42 us, workers (us):  14,  14,  14, ---, ---, ---, 
[284.448s][info][gc,stats       ]     CWR: CLDG Roots                   1 us, workers (us): ---, ---,   1, ---, ---, ---, 
[284.448s][info][gc,stats       ]   Rendezvous                         24 us
[284.448s][info][gc,stats       ] Concurrent Cleanup                   68 us
[284.448s][info][gc,stats       ] Concurrent Class Unloading          217 us
[284.448s][info][gc,stats       ]   Unlink Stale                      145 us
[284.448s][info][gc,stats       ]     System Dictionary                 1 us
[284.448s][info][gc,stats       ]     Weak Class Links                  0 us
[284.448s][info][gc,stats       ]     Code Roots                      144 us
[284.448s][info][gc,stats       ]   Rendezvous                         20 us
[284.448s][info][gc,stats       ]   Purge Unlinked                     23 us
[284.448s][info][gc,stats       ]     Code Roots                       20 us
[284.448s][info][gc,stats       ]     CLDG                              2 us
[284.448s][info][gc,stats       ]     Exception Caches                  0 us
[284.448s][info][gc,stats       ] Pause Final Roots (G)                42 us
[284.448s][info][gc,stats       ] Pause Final Roots (N)                23 us
[284.448s][info][gc,stats       ] Pacing                            57557 us
[284.448s][info][gc,stats       ] 
[284.448s][info][gc,stats       ] Allocation pacing accrued:
[284.448s][info][gc,stats       ]      58 of  2787 ms (  2.1%): main
[284.448s][info][gc,stats       ]      58 of  2787 ms (  2.1%): <total>
[284.448s][info][gc,stats       ]       4 of  2787 ms (  0.2%): <average total>
[284.448s][info][gc,stats       ]      58 of  2787 ms (  2.1%): <average non-zero>
[284.448s][info][gc,stats       ] 
[284.448s][info][gc,metaspace   ] Metaspace: 1071K(1280K)->1071K(1280K) NonClass: 990K(1088K)->990K(1088K) Class: 81K(192K)->81K(192K)
[284.448s][info][gc,ergo        ] Pacer for Idle. Initial: 10485K, Alloc Tax Rate: 1.0x
[286.178s][info][gc             ] Trigger: Average GC time (4.14 ms) is above the time for average allocation rate (307 MB/s) to deplete free headroom (0B) (margin of error = 3.26)
[286.178s][info][gc,ergo        ] Free headroom: 84491K (free) - 26214K (spike) - 143M (penalties) = 0B
[286.178s][info][gc,ergo        ] Free: 84491K, Max: 256K regular, 43520K humongous, Frag: 49% external, 0% internal; Reserve: 26368K, Max: 256K
[286.178s][info][gc,start       ] GC(165) Concurrent reset
[286.178s][info][gc,task        ] GC(165) Using 3 of 6 workers for concurrent reset
[286.178s][info][gc,ergo        ] GC(165) Pacer for Reset. Non-Taxable: 512M
[286.178s][info][gc             ] GC(165) Concurrent reset 0.143ms
[286.178s][info][gc,start       ] GC(165) Pause Init Mark (unload classes)
[286.178s][info][gc,task        ] GC(165) Using 6 of 6 workers for init marking
[286.178s][info][gc,ergo        ] GC(165) Pacer for Mark. Expected Live: 100M, Free: 84491K, Non-Taxable: 8449K, Alloc Tax Rate: 1.5x
[286.178s][info][gc             ] GC(165) Pause Init Mark (unload classes) 0.110ms
[286.178s][info][gc,start       ] GC(165) Concurrent marking roots
[286.178s][info][gc,task        ] GC(165) Using 3 of 6 workers for concurrent marking roots
[286.179s][info][gc             ] GC(165) Concurrent marking roots 0.251ms
[286.179s][info][gc,start       ] GC(165) Concurrent marking (unload classes)
[286.179s][info][gc,task        ] GC(165) Using 3 of 6 workers for concurrent marking
[286.179s][info][gc             ] GC(165) Concurrent marking (unload classes) 0.638ms
[286.179s][info][gc,start       ] GC(165) Pause Final Mark (unload classes)
[286.179s][info][gc,task        ] GC(165) Using 6 of 6 workers for final marking
[286.180s][info][gc,ergo        ] GC(165) Collectable Garbage: 237M (99%), Immediate: 237M (99%), CSet: 0B (0%)
[286.180s][info][gc             ] GC(165) Pause Final Mark (unload classes) 0.126ms
[286.180s][info][gc,start       ] GC(165) Concurrent weak references
[286.180s][info][gc,task        ] GC(165) Using 3 of 6 workers for concurrent weak references
[286.180s][info][gc,ref         ] GC(165) Encountered references: Soft: 45, Weak: 116, Final: 0, Phantom: 7
[286.180s][info][gc,ref         ] GC(165) Discovered  references: Soft: 0, Weak: 83, Final: 0, Phantom: 5
[286.180s][info][gc,ref         ] GC(165) Enqueued    references: Soft: 0, Weak: 0, Final: 0, Phantom: 0
[286.180s][info][gc             ] GC(165) Concurrent weak references 0.073ms
[286.180s][info][gc,start       ] GC(165) Concurrent weak roots
[286.180s][info][gc,task        ] GC(165) Using 3 of 6 workers for concurrent weak root
[286.180s][info][gc             ] GC(165) Concurrent weak roots 0.110ms
[286.180s][info][gc,start       ] GC(165) Concurrent cleanup
[286.180s][info][gc             ] GC(165) Concurrent cleanup 399M->162M(512M) 0.054ms
[286.180s][info][gc,ergo        ] GC(165) Free: 323M, Max: 256K regular, 238M humongous, Frag: 27% external, 0% internal; Reserve: 26368K, Max: 256K
[286.180s][info][gc,start       ] GC(165) Concurrent class unloading
[286.180s][info][gc,task        ] GC(165) Using 3 of 6 workers for concurrent class unloading
[286.180s][info][gc             ] GC(165) Concurrent class unloading 0.207ms
[286.180s][info][gc,start       ] GC(165) Pause Final Roots
[286.180s][info][gc             ] GC(165) Pause Final Roots 0.015ms
[286.180s][info][gc,ergo        ] Free: 323M, Max: 256K regular, 238M humongous, Frag: 27% external, 0% internal; Reserve: 26368K, Max: 256K
[286.180s][info][gc,stats       ] 
[286.180s][info][gc,stats       ] All times are wall-clock times, except per-root-class counters, that are sum over
[286.180s][info][gc,stats       ] all workers. Dividing the <total> over the root stage time estimates parallelism.
[286.180s][info][gc,stats       ] 
[286.180s][info][gc,stats       ] Concurrent Reset                    163 us
[286.180s][info][gc,stats       ] Pause Init Mark (G)                 154 us
[286.180s][info][gc,stats       ] Pause Init Mark (N)                 123 us
[286.180s][info][gc,stats       ]   Update Region States               22 us
[286.180s][info][gc,stats       ] Concurrent Mark Roots               271 us, parallelism: 1.29x
[286.180s][info][gc,stats       ]   CMR: <total>                      349 us
[286.180s][info][gc,stats       ]   CMR: Thread Roots                 315 us, workers (us):  85,  35, 196, ---, ---, ---, 
[286.180s][info][gc,stats       ]   CMR: VM Strong Roots                4 us, workers (us):   2,   2,   0, ---, ---, ---, 
[286.180s][info][gc,stats       ]   CMR: CLDG Roots                    30 us, workers (us): ---,  30, ---, ---, ---, ---, 
[286.180s][info][gc,stats       ] Concurrent Marking                  655 us
[286.180s][info][gc,stats       ] Pause Final Mark (G)                166 us
[286.180s][info][gc,stats       ] Pause Final Mark (N)                136 us
[286.180s][info][gc,stats       ]   Finish Mark                        28 us
[286.180s][info][gc,stats       ]   Update Region States               26 us
[286.180s][info][gc,stats       ]   Choose Collection Set              36 us
[286.180s][info][gc,stats       ]   Rebuild Free Set                    8 us
[286.180s][info][gc,stats       ] Concurrent Weak References           81 us, parallelism: 0.05x
[286.180s][info][gc,stats       ]   CWRF: <total>                       4 us
[286.180s][info][gc,stats       ]   CWRF: Weak References               4 us, workers (us):   1,   3,   0, ---, ---, ---, 
[286.180s][info][gc,stats       ] Concurrent Weak Roots               127 us
[286.180s][info][gc,stats       ]   Roots                              70 us, parallelism: 1.40x
[286.180s][info][gc,stats       ]     CWR: <total>                     98 us
[286.180s][info][gc,stats       ]     CWR: Code Cache Roots            55 us, workers (us):  22,   0,  33, ---, ---, ---, 
[286.180s][info][gc,stats       ]     CWR: VM Weak Roots               42 us, workers (us):  15,  14,  14, ---, ---, ---, 
[286.180s][info][gc,stats       ]     CWR: CLDG Roots                   1 us, workers (us): ---,   1, ---, ---, ---, ---, 
[286.180s][info][gc,stats       ]   Rendezvous                         24 us
[286.180s][info][gc,stats       ] Concurrent Cleanup                   64 us
[286.180s][info][gc,stats       ] Concurrent Class Unloading          221 us
[286.180s][info][gc,stats       ]   Unlink Stale                      145 us
[286.180s][info][gc,stats       ]     System Dictionary                 1 us
[286.180s][info][gc,stats       ]     Weak Class Links                  0 us
[286.180s][info][gc,stats       ]     Code Roots                      143 us
[286.180s][info][gc,stats       ]   Rendezvous                         22 us
[286.180s][info][gc,stats       ]   Purge Unlinked                     24 us
[286.180s][info][gc,stats       ]     Code Roots                       21 us
[286.180s][info][gc,stats       ]     CLDG                              3 us
[286.180s][info][gc,stats       ] Pause Final Roots (G)                43 us
[286.180s][info][gc,stats       ] Pause Final Roots (N)                23 us
[286.180s][info][gc,stats       ] Pacing                            91052 us
[286.181s][info][gc,stats       ] 
[286.181s][info][gc,stats       ] Allocation pacing accrued:
[286.181s][info][gc,stats       ]      91 of  1732 ms (  5.3%): main
[286.181s][info][gc,stats       ]      91 of  1732 ms (  5.3%): <total>
[286.181s][info][gc,stats       ]       7 of  1732 ms (  0.4%): <average total>
[286.181s][info][gc,stats       ]      91 of  1732 ms (  5.3%): <average non-zero>
[286.181s][info][gc,stats       ] 
[286.181s][info][gc,metaspace   ] Metaspace: 1071K(1280K)->1071K(1280K) NonClass: 990K(1088K)->990K(1088K) Class: 81K(192K)->81K(192K)
[286.181s][info][gc,ergo        ] Pacer for Idle. Initial: 10485K, Alloc Tax Rate: 1.0x
[288.479s][info][gc             ] Trigger: Average GC time (3.67 ms) is above the time for average allocation rate (54081 KB/s) to deplete free headroom (0B) (margin of error = 3.27)
[288.479s][info][gc,ergo        ] Free headroom: 159M (free) - 26214K (spike) - 138M (penalties) = 0B
[288.479s][info][gc,ergo        ] Free: 159M, Max: 256K regular, 112M humongous, Frag: 30% external, 0% internal; Reserve: 26368K, Max: 256K
[288.479s][info][gc,start       ] GC(166) Concurrent reset
[288.479s][info][gc,task        ] GC(166) Using 3 of 6 workers for concurrent reset
[288.479s][info][gc,ergo        ] GC(166) Pacer for Reset. Non-Taxable: 512M
[288.480s][info][gc             ] GC(166) Concurrent reset 0.295ms
[288.480s][info][gc,start       ] GC(166) Pause Init Mark (unload classes)
[288.480s][info][gc,task        ] GC(166) Using 6 of 6 workers for init marking
[288.480s][info][gc,ergo        ] GC(166) Pacer for Mark. Expected Live: 93984K, Free: 159M, Non-Taxable: 16359K, Alloc Tax Rate: 0.7x
[288.480s][info][gc             ] GC(166) Pause Init Mark (unload classes) 0.173ms
[288.480s][info][gc,start       ] GC(166) Concurrent marking roots
[288.480s][info][gc,task        ] GC(166) Using 3 of 6 workers for concurrent marking roots
[288.480s][info][gc             ] GC(166) Concurrent marking roots 0.359ms
[288.480s][info][gc,start       ] GC(166) Concurrent marking (unload classes)
[288.480s][info][gc,task        ] GC(166) Using 3 of 6 workers for concurrent marking
[288.481s][info][gc             ] GC(166) Concurrent marking (unload classes) 0.763ms
[288.481s][info][gc,start       ] GC(166) Pause Final Mark (unload classes)
[288.481s][info][gc,task        ] GC(166) Using 6 of 6 workers for final marking
[288.481s][info][gc,ergo        ] GC(166) Collectable Garbage: 313M (99%), Immediate: 313M (99%), CSet: 0B (0%)
[288.481s][info][gc             ] GC(166) Pause Final Mark (unload classes) 0.169ms
[288.481s][info][gc,start       ] GC(166) Concurrent weak references
[288.481s][info][gc,task        ] GC(166) Using 3 of 6 workers for concurrent weak references
[288.481s][info][gc,ref         ] GC(166) Encountered references: Soft: 45, Weak: 116, Final: 0, Phantom: 7
[288.481s][info][gc,ref         ] GC(166) Discovered  references: Soft: 0, Weak: 72, Final: 0, Phantom: 5
[288.481s][info][gc,ref         ] GC(166) Enqueued    references: Soft: 0, Weak: 0, Final: 0, Phantom: 0
[288.482s][info][gc             ] GC(166) Concurrent weak references 0.106ms
[288.482s][info][gc,start       ] GC(166) Concurrent weak roots
[288.482s][info][gc,task        ] GC(166) Using 3 of 6 workers for concurrent weak root
[288.482s][info][gc             ] GC(166) Concurrent weak roots 0.220ms
[288.482s][info][gc,start       ] GC(166) Concurrent cleanup
[288.482s][info][gc             ] GC(166) Concurrent cleanup 321M->8M(512M) 0.068ms
[288.482s][info][gc,ergo        ] GC(166) Free: 477M, Max: 256K regular, 255M humongous, Frag: 47% external, 0% internal; Reserve: 26368K, Max: 256K
[288.482s][info][gc,start       ] GC(166) Concurrent class unloading
[288.482s][info][gc,task        ] GC(166) Using 3 of 6 workers for concurrent class unloading
[288.482s][info][gc             ] GC(166) Concurrent class unloading 0.349ms
[288.482s][info][gc,start       ] GC(166) Pause Final Roots
[288.482s][info][gc             ] GC(166) Pause Final Roots 0.015ms
[288.482s][info][gc,ergo        ] Free: 477M, Max: 256K regular, 255M humongous, Frag: 47% external, 0% internal; Reserve: 26368K, Max: 256K
[288.482s][info][gc,stats       ] 
[288.482s][info][gc,stats       ] All times are wall-clock times, except per-root-class counters, that are sum over
[288.482s][info][gc,stats       ] all workers. Dividing the <total> over the root stage time estimates parallelism.
[288.482s][info][gc,stats       ] 
[288.482s][info][gc,stats       ] Concurrent Reset                    315 us
[288.482s][info][gc,stats       ] Pause Init Mark (G)                 283 us
[288.482s][info][gc,stats       ] Pause Init Mark (N)                 182 us
[288.482s][info][gc,stats       ]   Update Region States              122 us
[288.482s][info][gc,stats       ] Concurrent Mark Roots               379 us, parallelism: 0.89x
[288.482s][info][gc,stats       ]   CMR: <total>                      338 us
[288.482s][info][gc,stats       ]   CMR: Thread Roots                 305 us, workers (us): 203,  67,  36, ---, ---, ---, 
[288.482s][info][gc,stats       ]   CMR: VM Strong Roots                4 us, workers (us):   3,   0,   0, ---, ---, ---, 
[288.482s][info][gc,stats       ]   CMR: CLDG Roots                    28 us, workers (us):  28, ---, ---, ---, ---, ---, 
[288.482s][info][gc,stats       ] Concurrent Marking                  781 us
[288.482s][info][gc,stats       ] Pause Final Mark (G)                246 us
[288.482s][info][gc,stats       ] Pause Final Mark (N)                179 us
[288.483s][info][gc,stats       ]   Finish Mark                        42 us
[288.483s][info][gc,stats       ]   Update Region States               52 us
[288.483s][info][gc,stats       ]   Choose Collection Set              36 us
[288.483s][info][gc,stats       ]   Rebuild Free Set                    8 us
[288.483s][info][gc,stats       ] Concurrent Weak References          115 us, parallelism: 0.03x
[288.483s][info][gc,stats       ]   CWRF: <total>                       4 us
[288.483s][info][gc,stats       ]   CWRF: Weak References               4 us, workers (us):   2,   1,   0, ---, ---, ---, 
[288.483s][info][gc,stats       ] Concurrent Weak Roots               238 us
[288.483s][info][gc,stats       ]   Roots                             111 us, parallelism: 0.86x
[288.483s][info][gc,stats       ]     CWR: <total>                     95 us
[288.483s][info][gc,stats       ]     CWR: Code Cache Roots            53 us, workers (us):   0,  36,  17, ---, ---, ---, 
[288.483s][info][gc,stats       ]     CWR: VM Weak Roots               42 us, workers (us):  21,  21,   0, ---, ---, ---, 
[288.483s][info][gc,stats       ]     CWR: CLDG Roots                   1 us, workers (us):   1, ---, ---, ---, ---, ---, 
[288.483s][info][gc,stats       ]   Rendezvous                         92 us
[288.483s][info][gc,stats       ] Concurrent Cleanup                   78 us
[288.483s][info][gc,stats       ] Concurrent Class Unloading          367 us
[288.483s][info][gc,stats       ]   Unlink Stale                      178 us
[288.483s][info][gc,stats       ]     System Dictionary                 1 us
[288.483s][info][gc,stats       ]     Weak Class Links                  0 us
[288.483s][info][gc,stats       ]     Code Roots                      177 us
[288.483s][info][gc,stats       ]   Rendezvous                         88 us
[288.483s][info][gc,stats       ]   Purge Unlinked                     66 us
[288.483s][info][gc,stats       ]     Code Roots                       62 us
[288.483s][info][gc,stats       ]     CLDG                              4 us
[288.483s][info][gc,stats       ]     Exception Caches                  0 us
[288.483s][info][gc,stats       ] Pause Final Roots (G)               120 us
[288.483s][info][gc,stats       ] Pause Final Roots (N)                23 us
[288.483s][info][gc,stats       ] Pacing                            15086 us
[288.483s][info][gc,stats       ] 
[288.483s][info][gc,stats       ] Allocation pacing accrued:
[288.483s][info][gc,stats       ]      15 of  2302 ms (  0.7%): main
[288.483s][info][gc,stats       ]      15 of  2302 ms (  0.7%): <total>
[288.483s][info][gc,stats       ]       1 of  2302 ms (  0.1%): <average total>
[288.483s][info][gc,stats       ]      15 of  2302 ms (  0.7%): <average non-zero>
[288.483s][info][gc,stats       ] 
[288.483s][info][gc,metaspace   ] Metaspace: 1071K(1280K)->1071K(1280K) NonClass: 990K(1088K)->990K(1088K) Class: 81K(192K)->81K(192K)
[288.483s][info][gc,ergo        ] Pacer for Idle. Initial: 10485K, Alloc Tax Rate: 1.0x
[290.550s][info][gc             ] Trigger: Average GC time (4.13 ms) is above the time for average allocation rate (624 MB/s) to deplete free headroom (0B) (margin of error = 3.25)
[290.550s][info][gc,ergo        ] Free headroom: 62219K (free) - 26214K (spike) - 133M (penalties) = 0B
[290.550s][info][gc,ergo        ] Free: 62219K, Max: 256K regular, 47872K humongous, Frag: 24% external, 0% internal; Reserve: 26368K, Max: 256K
[290.550s][info][gc,start       ] GC(167) Concurrent reset
[290.550s][info][gc,task        ] GC(167) Using 3 of 6 workers for concurrent reset
[290.550s][info][gc,ergo        ] GC(167) Pacer for Reset. Non-Taxable: 512M
[290.550s][info][gc             ] GC(167) Concurrent reset 0.140ms
[290.550s][info][gc,start       ] GC(167) Pause Init Mark (unload classes)
[290.550s][info][gc,task        ] GC(167) Using 6 of 6 workers for init marking
[290.551s][info][gc,ergo        ] GC(167) Pacer for Mark. Expected Live: 62240K, Free: 62219K, Non-Taxable: 6221K, Alloc Tax Rate: 1.2x
[290.551s][info][gc             ] GC(167) Pause Init Mark (unload classes) 0.113ms
[290.551s][info][gc,start       ] GC(167) Concurrent marking roots
[290.551s][info][gc,task        ] GC(167) Using 3 of 6 workers for concurrent marking roots
[290.551s][info][gc             ] GC(167) Concurrent marking roots 0.278ms
[290.551s][info][gc,start       ] GC(167) Concurrent marking (unload classes)
[290.551s][info][gc,task        ] GC(167) Using 3 of 6 workers for concurrent marking
[290.552s][info][gc             ] GC(167) Concurrent marking (unload classes) 0.666ms
[290.552s][info][gc,start       ] GC(167) Pause Final Mark (unload classes)
[290.552s][info][gc,task        ] GC(167) Using 6 of 6 workers for final marking
[290.552s][info][gc,ergo        ] GC(167) Collectable Garbage: 301M (99%), Immediate: 301M (99%), CSet: 0B (0%)
[290.552s][info][gc             ] GC(167) Pause Final Mark (unload classes) 0.178ms
[290.552s][info][gc,start       ] GC(167) Concurrent weak references
[290.552s][info][gc,task        ] GC(167) Using 3 of 6 workers for concurrent weak references
[290.552s][info][gc,ref         ] GC(167) Encountered references: Soft: 45, Weak: 116, Final: 0, Phantom: 7
[290.552s][info][gc,ref         ] GC(167) Discovered  references: Soft: 0, Weak: 72, Final: 0, Phantom: 5
[290.552s][info][gc,ref         ] GC(167) Enqueued    references: Soft: 0, Weak: 0, Final: 0, Phantom: 0
[290.552s][info][gc             ] GC(167) Concurrent weak references 0.074ms
[290.552s][info][gc,start       ] GC(167) Concurrent weak roots
[290.552s][info][gc,task        ] GC(167) Using 3 of 6 workers for concurrent weak root
[290.552s][info][gc             ] GC(167) Concurrent weak roots 0.112ms
[290.552s][info][gc,start       ] GC(167) Concurrent cleanup
[290.552s][info][gc             ] GC(167) Concurrent cleanup 420M->119M(512M) 0.063ms
[290.552s][info][gc,ergo        ] GC(167) Free: 365M, Max: 256K regular, 150M humongous, Frag: 59% external, 0% internal; Reserve: 26368K, Max: 256K
[290.552s][info][gc,start       ] GC(167) Concurrent class unloading
[290.552s][info][gc,task        ] GC(167) Using 3 of 6 workers for concurrent class unloading
[290.552s][info][gc             ] GC(167) Concurrent class unloading 0.203ms
[290.552s][info][gc,start       ] GC(167) Pause Final Roots
[290.552s][info][gc             ] GC(167) Pause Final Roots 0.015ms
[290.552s][info][gc,ergo        ] Free: 365M, Max: 256K regular, 150M humongous, Frag: 59% external, 0% internal; Reserve: 26368K, Max: 256K
[290.552s][info][gc,stats       ] 
[290.552s][info][gc,stats       ] All times are wall-clock times, except per-root-class counters, that are sum over
[290.552s][info][gc,stats       ] all workers. Dividing the <total> over the root stage time estimates parallelism.
[290.552s][info][gc,stats       ] 
[290.552s][info][gc,stats       ] Concurrent Reset                    156 us
[290.552s][info][gc,stats       ] Pause Init Mark (G)                 154 us
[290.552s][info][gc,stats       ] Pause Init Mark (N)                 121 us
[290.552s][info][gc,stats       ]   Update Region States               67 us
[290.552s][info][gc,stats       ] Concurrent Mark Roots               293 us, parallelism: 1.19x
[290.552s][info][gc,stats       ]   CMR: <total>                      348 us
[290.552s][info][gc,stats       ]   CMR: Thread Roots                 310 us, workers (us):  37,  82, 191, ---, ---, ---, 
[290.552s][info][gc,stats       ]   CMR: VM Strong Roots                4 us, workers (us):   2,   2,   0, ---, ---, ---, 
[290.552s][info][gc,stats       ]   CMR: CLDG Roots                    34 us, workers (us):  34, ---, ---, ---, ---, ---, 
[290.552s][info][gc,stats       ] Concurrent Marking                  682 us
[290.552s][info][gc,stats       ] Pause Final Mark (G)                220 us
[290.552s][info][gc,stats       ] Pause Final Mark (N)                188 us
[290.552s][info][gc,stats       ]   Finish Mark                        72 us
[290.552s][info][gc,stats       ]   Update Region States               28 us
[290.552s][info][gc,stats       ]   Choose Collection Set              40 us
[290.553s][info][gc,stats       ]   Rebuild Free Set                    8 us
[290.553s][info][gc,stats       ] Concurrent Weak References           82 us, parallelism: 0.05x
[290.553s][info][gc,stats       ]   CWRF: <total>                       4 us
[290.553s][info][gc,stats       ]   CWRF: Weak References               4 us, workers (us):   3,   1,   1, ---, ---, ---, 
[290.553s][info][gc,stats       ] Concurrent Weak Roots               126 us
[290.553s][info][gc,stats       ]   Roots                              71 us, parallelism: 1.34x
[290.553s][info][gc,stats       ]     CWR: <total>                     95 us
[290.553s][info][gc,stats       ]     CWR: Code Cache Roots            50 us, workers (us):  34,  16,   0, ---, ---, ---, 
[290.553s][info][gc,stats       ]     CWR: VM Weak Roots               44 us, workers (us):  16,  15,  13, ---, ---, ---, 
[290.553s][info][gc,stats       ]     CWR: CLDG Roots                   1 us, workers (us): ---, ---,   1, ---, ---, ---, 
[290.553s][info][gc,stats       ]   Rendezvous                         24 us
[290.553s][info][gc,stats       ] Concurrent Cleanup                   73 us
[290.553s][info][gc,stats       ] Concurrent Class Unloading          217 us
[290.553s][info][gc,stats       ]   Unlink Stale                      145 us
[290.553s][info][gc,stats       ]     System Dictionary                 1 us
[290.553s][info][gc,stats       ]     Weak Class Links                  0 us
[290.553s][info][gc,stats       ]     Code Roots                      143 us
[290.553s][info][gc,stats       ]   Rendezvous                         20 us
[290.553s][info][gc,stats       ]   Purge Unlinked                     22 us
[290.553s][info][gc,stats       ]     Code Roots                       19 us
[290.553s][info][gc,stats       ]     CLDG                              3 us
[290.553s][info][gc,stats       ]     Exception Caches                  0 us
[290.553s][info][gc,stats       ] Pause Final Roots (G)                46 us
[290.553s][info][gc,stats       ] Pause Final Roots (N)                24 us
[290.553s][info][gc,stats       ] Pacing                           110580 us
[290.553s][info][gc,stats       ] 
[290.553s][info][gc,stats       ] Allocation pacing accrued:
[290.553s][info][gc,stats       ]     111 of  2070 ms (  5.3%): main
[290.553s][info][gc,stats       ]     111 of  2070 ms (  5.3%): <total>
[290.553s][info][gc,stats       ]       9 of  2070 ms (  0.4%): <average total>
[290.553s][info][gc,stats       ]     111 of  2070 ms (  5.3%): <average non-zero>
[290.553s][info][gc,stats       ] 
[290.553s][info][gc,metaspace   ] Metaspace: 1071K(1280K)->1071K(1280K) NonClass: 990K(1088K)->990K(1088K) Class: 81K(192K)->81K(192K)
[290.553s][info][gc,ergo        ] Pacer for Idle. Initial: 10485K, Alloc Tax Rate: 1.0x
[292.448s][info][gc             ] Trigger: Average GC time (3.71 ms) is above the time for average allocation rate (112 MB/s) to deplete free headroom (0B) (margin of error = 3.25)
[292.448s][info][gc,ergo        ] Free headroom: 153M (free) - 26214K (spike) - 127M (penalties) = 0B
[292.448s][info][gc,ergo        ] Free: 153M, Max: 256K regular, 79104K humongous, Frag: 50% external, 0% internal; Reserve: 26368K, Max: 256K
[292.448s][info][gc,start       ] GC(168) Concurrent reset
[292.448s][info][gc,task        ] GC(168) Using 3 of 6 workers for concurrent reset
[292.448s][info][gc,ergo        ] GC(168) Pacer for Reset. Non-Taxable: 512M
[292.449s][info][gc             ] GC(168) Concurrent reset 0.185ms
[292.449s][info][gc,start       ] GC(168) Pause Init Mark (unload classes)
[292.449s][info][gc,task        ] GC(168) Using 6 of 6 workers for init marking
[292.449s][info][gc,ergo        ] GC(168) Pacer for Mark. Expected Live: 80057K, Free: 153M, Non-Taxable: 15719K, Alloc Tax Rate: 0.6x
[292.449s][info][gc             ] GC(168) Pause Init Mark (unload classes) 0.078ms
[292.449s][info][gc,start       ] GC(168) Concurrent marking roots
[292.449s][info][gc,task        ] GC(168) Using 3 of 6 workers for concurrent marking roots
[292.449s][info][gc             ] GC(168) Concurrent marking roots 0.277ms
[292.449s][info][gc,start       ] GC(168) Concurrent marking (unload classes)
[292.449s][info][gc,task        ] GC(168) Using 3 of 6 workers for concurrent marking
[292.450s][info][gc             ] GC(168) Concurrent marking (unload classes) 0.654ms
[292.450s][info][gc,start       ] GC(168) Pause Final Mark (unload classes)
[292.450s][info][gc,task        ] GC(168) Using 6 of 6 workers for final marking
[292.450s][info][gc,ergo        ] GC(168) Collectable Garbage: 311M (99%), Immediate: 311M (99%), CSet: 0B (0%)
[292.450s][info][gc             ] GC(168) Pause Final Mark (unload classes) 0.132ms
[292.450s][info][gc,start       ] GC(168) Concurrent weak references
[292.450s][info][gc,task        ] GC(168) Using 3 of 6 workers for concurrent weak references
[292.450s][info][gc,ref         ] GC(168) Encountered references: Soft: 45, Weak: 116, Final: 0, Phantom: 7
[292.450s][info][gc,ref         ] GC(168) Discovered  references: Soft: 0, Weak: 89, Final: 0, Phantom: 5
[292.450s][info][gc,ref         ] GC(168) Enqueued    references: Soft: 0, Weak: 0, Final: 0, Phantom: 0
[292.450s][info][gc             ] GC(168) Concurrent weak references 0.081ms
[292.450s][info][gc,start       ] GC(168) Concurrent weak roots
[292.450s][info][gc,task        ] GC(168) Using 3 of 6 workers for concurrent weak root
[292.450s][info][gc             ] GC(168) Concurrent weak roots 0.120ms
[292.450s][info][gc,start       ] GC(168) Concurrent cleanup
[292.450s][info][gc             ] GC(168) Concurrent cleanup 328M->17M(512M) 0.064ms
[292.450s][info][gc,ergo        ] GC(168) Free: 468M, Max: 256K regular, 442M humongous, Frag: 6% external, 0% internal; Reserve: 26368K, Max: 256K
[292.450s][info][gc,start       ] GC(168) Concurrent class unloading
[292.450s][info][gc,task        ] GC(168) Using 3 of 6 workers for concurrent class unloading
[292.450s][info][gc             ] GC(168) Concurrent class unloading 0.212ms
[292.450s][info][gc,start       ] GC(168) Pause Final Roots
[292.450s][info][gc             ] GC(168) Pause Final Roots 0.017ms
[292.450s][info][gc,ergo        ] Free: 468M, Max: 256K regular, 442M humongous, Frag: 6% external, 0% internal; Reserve: 26368K, Max: 256K
[292.450s][info][gc,stats       ] 
[292.450s][info][gc,stats       ] All times are wall-clock times, except per-root-class counters, that are sum over
[292.450s][info][gc,stats       ] all workers. Dividing the <total> over the root stage time estimates parallelism.
[292.450s][info][gc,stats       ] 
[292.450s][info][gc,stats       ] Concurrent Reset                    208 us
[292.450s][info][gc,stats       ] Pause Init Mark (G)                 120 us
[292.450s][info][gc,stats       ] Pause Init Mark (N)                  87 us
[292.450s][info][gc,stats       ]   Update Region States               25 us
[292.451s][info][gc,stats       ] Concurrent Mark Roots               292 us, parallelism: 1.15x
[292.451s][info][gc,stats       ]   CMR: <total>                      334 us
[292.451s][info][gc,stats       ]   CMR: Thread Roots                 300 us, workers (us):  36,  71, 193, ---, ---, ---, 
[292.451s][info][gc,stats       ]   CMR: VM Strong Roots                4 us, workers (us):   2,   2,   0, ---, ---, ---, 
[292.451s][info][gc,stats       ]   CMR: CLDG Roots                    30 us, workers (us):  30, ---, ---, ---, ---, ---, 
[292.451s][info][gc,stats       ] Concurrent Marking                  674 us
[292.451s][info][gc,stats       ] Pause Final Mark (G)                177 us
[292.451s][info][gc,stats       ] Pause Final Mark (N)                142 us
[292.451s][info][gc,stats       ]   Finish Mark                        28 us
[292.451s][info][gc,stats       ]   Update Region States               28 us
[292.451s][info][gc,stats       ]   Choose Collection Set              38 us
[292.451s][info][gc,stats       ]   Rebuild Free Set                    8 us
[292.451s][info][gc,stats       ] Concurrent Weak References           90 us, parallelism: 0.04x
[292.451s][info][gc,stats       ]   CWRF: <total>                       4 us
[292.451s][info][gc,stats       ]   CWRF: Weak References               4 us, workers (us):   3,   1,   0, ---, ---, ---, 
[292.451s][info][gc,stats       ] Concurrent Weak Roots               134 us
[292.451s][info][gc,stats       ]   Roots                              79 us, parallelism: 1.29x
[292.451s][info][gc,stats       ]     CWR: <total>                    102 us
[292.451s][info][gc,stats       ]     CWR: Code Cache Roots            58 us, workers (us):   0,  16,  42, ---, ---, ---, 
[292.451s][info][gc,stats       ]     CWR: VM Weak Roots               43 us, workers (us):  15,  15,  13, ---, ---, ---, 
[292.451s][info][gc,stats       ]     CWR: CLDG Roots                   1 us, workers (us):   1, ---, ---, ---, ---, ---, 
[292.451s][info][gc,stats       ]   Rendezvous                         24 us
[292.451s][info][gc,stats       ] Concurrent Cleanup                   73 us
[292.451s][info][gc,stats       ] Concurrent Class Unloading          226 us
[292.451s][info][gc,stats       ]   Unlink Stale                      145 us
[292.451s][info][gc,stats       ]     System Dictionary                 1 us
[292.451s][info][gc,stats       ]     Weak Class Links                  0 us
[292.451s][info][gc,stats       ]     Code Roots                      143 us
[292.451s][info][gc,stats       ]   Rendezvous                         27 us
[292.451s][info][gc,stats       ]   Purge Unlinked                     24 us
[292.451s][info][gc,stats       ]     Code Roots                       21 us
[292.451s][info][gc,stats       ]     CLDG                              2 us
[292.451s][info][gc,stats       ]     Exception Caches                  0 us
[292.451s][info][gc,stats       ] Pause Final Roots (G)                45 us
[292.451s][info][gc,stats       ] Pause Final Roots (N)                25 us
[292.451s][info][gc,stats       ] Pacing                            45986 us
[292.451s][info][gc,stats       ] 
[292.451s][info][gc,stats       ] Allocation pacing accrued:
[292.451s][info][gc,stats       ]      46 of  1898 ms (  2.4%): main
[292.451s][info][gc,stats       ]      46 of  1898 ms (  2.4%): <total>
[292.451s][info][gc,stats       ]       4 of  1898 ms (  0.2%): <average total>
[292.451s][info][gc,stats       ]      46 of  1898 ms (  2.4%): <average non-zero>
[292.451s][info][gc,stats       ] 
[292.451s][info][gc,metaspace   ] Metaspace: 1071K(1280K)->1071K(1280K) NonClass: 990K(1088K)->990K(1088K) Class: 81K(192K)->81K(192K)
[292.451s][info][gc,ergo        ] Pacer for Idle. Initial: 10485K, Alloc Tax Rate: 1.0x
[294.797s][info][gc             ] Trigger: Average GC time (3.26 ms) is above the time for average allocation rate (139 MB/s) to deplete free headroom (0B) (margin of error = 3.24)
[294.797s][info][gc,ergo        ] Free headroom: 131M (free) - 26214K (spike) - 122M (penalties) = 0B
[294.797s][info][gc,ergo        ] Free: 131M, Max: 256K regular, 128M humongous, Frag: 2% external, 0% internal; Reserve: 26368K, Max: 256K
[294.797s][info][gc,start       ] GC(169) Concurrent reset
[294.797s][info][gc,task        ] GC(169) Using 3 of 6 workers for concurrent reset
[294.797s][info][gc,ergo        ] GC(169) Pacer for Reset. Non-Taxable: 512M
[294.798s][info][gc             ] GC(169) Concurrent reset 0.140ms
[294.814s][info][gc,start       ] GC(169) Pause Init Mark (unload classes)
[294.814s][info][gc,task        ] GC(169) Using 6 of 6 workers for init marking
[294.814s][info][gc,ergo        ] GC(169) Pacer for Mark. Expected Live: 67769K, Free: 131M, Non-Taxable: 13415K, Alloc Tax Rate: 0.6x
[294.814s][info][gc             ] GC(169) Pause Init Mark (unload classes) 0.131ms
[294.814s][info][gc,start       ] GC(169) Concurrent marking roots
[294.814s][info][gc,task        ] GC(169) Using 3 of 6 workers for concurrent marking roots
[294.814s][info][gc             ] GC(169) Concurrent marking roots 0.252ms
[294.814s][info][gc,start       ] GC(169) Concurrent marking (unload classes)
[294.814s][info][gc,task        ] GC(169) Using 3 of 6 workers for concurrent marking
[294.815s][info][gc             ] GC(169) Concurrent marking (unload classes) 0.719ms
[294.815s][info][gc,start       ] GC(169) Pause Final Mark (unload classes)
[294.815s][info][gc,task        ] GC(169) Using 6 of 6 workers for final marking
[294.815s][info][gc,ergo        ] GC(169) Collectable Garbage: 237M (99%), Immediate: 237M (99%), CSet: 0B (0%)
[294.815s][info][gc             ] GC(169) Pause Final Mark (unload classes) 0.135ms
[294.815s][info][gc,start       ] GC(169) Concurrent weak references
[294.815s][info][gc,task        ] GC(169) Using 3 of 6 workers for concurrent weak references
[294.815s][info][gc,ref         ] GC(169) Encountered references: Soft: 45, Weak: 116, Final: 0, Phantom: 7
[294.815s][info][gc,ref         ] GC(169) Discovered  references: Soft: 0, Weak: 68, Final: 0, Phantom: 5
[294.815s][info][gc,ref         ] GC(169) Enqueued    references: Soft: 0, Weak: 0, Final: 0, Phantom: 0
[294.815s][info][gc             ] GC(169) Concurrent weak references 0.078ms
[294.815s][info][gc,start       ] GC(169) Concurrent weak roots
[294.815s][info][gc,task        ] GC(169) Using 3 of 6 workers for concurrent weak root
[294.815s][info][gc             ] GC(169) Concurrent weak roots 0.110ms
[294.815s][info][gc,start       ] GC(169) Concurrent cleanup
[294.815s][info][gc             ] GC(169) Concurrent cleanup 349M->112M(512M) 0.055ms
[294.815s][info][gc,ergo        ] GC(169) Free: 372M, Max: 256K regular, 161M humongous, Frag: 57% external, 0% internal; Reserve: 26368K, Max: 256K
[294.815s][info][gc,start       ] GC(169) Concurrent class unloading
[294.815s][info][gc,task        ] GC(169) Using 3 of 6 workers for concurrent class unloading
[294.815s][info][gc             ] GC(169) Concurrent class unloading 0.224ms
[294.815s][info][gc,start       ] GC(169) Pause Final Roots
[294.815s][info][gc             ] GC(169) Pause Final Roots 0.026ms
[294.815s][info][gc,ergo        ] Free: 372M, Max: 256K regular, 161M humongous, Frag: 57% external, 0% internal; Reserve: 26368K, Max: 256K
[294.816s][info][gc,stats       ] 
[294.816s][info][gc,stats       ] All times are wall-clock times, except per-root-class counters, that are sum over
[294.816s][info][gc,stats       ] all workers. Dividing the <total> over the root stage time estimates parallelism.
[294.816s][info][gc,stats       ] 
[294.816s][info][gc,stats       ] Concurrent Reset                    157 us
[294.816s][info][gc,stats       ] Pause Init Mark (G)               16099 us
[294.816s][info][gc,stats       ] Pause Init Mark (N)                 141 us
[294.816s][info][gc,stats       ]   Update Region States               33 us
[294.816s][info][gc,stats       ] Concurrent Mark Roots               270 us, parallelism: 1.10x
[294.816s][info][gc,stats       ]   CMR: <total>                      297 us
[294.816s][info][gc,stats       ]   CMR: Thread Roots                 261 us, workers (us):  37,  61, 163, ---, ---, ---, 
[294.816s][info][gc,stats       ]   CMR: VM Strong Roots                4 us, workers (us):   2,   2,   0, ---, ---, ---, 
[294.816s][info][gc,stats       ]   CMR: CLDG Roots                    31 us, workers (us): ---, ---,  31, ---, ---, ---, 
[294.816s][info][gc,stats       ] Concurrent Marking                  739 us
[294.816s][info][gc,stats       ] Pause Final Mark (G)                178 us
[294.816s][info][gc,stats       ] Pause Final Mark (N)                145 us
[294.816s][info][gc,stats       ]   Finish Mark                        29 us
[294.816s][info][gc,stats       ]   Update Region States               29 us
[294.816s][info][gc,stats       ]   Choose Collection Set              37 us
[294.816s][info][gc,stats       ]   Rebuild Free Set                    8 us
[294.816s][info][gc,stats       ] Concurrent Weak References           87 us, parallelism: 0.05x
[294.816s][info][gc,stats       ]   CWRF: <total>                       4 us
[294.816s][info][gc,stats       ]   CWRF: Weak References               4 us, workers (us):   3,   1,   0, ---, ---, ---, 
[294.816s][info][gc,stats       ] Concurrent Weak Roots               129 us
[294.816s][info][gc,stats       ]   Roots                              68 us, parallelism: 1.30x
[294.816s][info][gc,stats       ]     CWR: <total>                     89 us
[294.816s][info][gc,stats       ]     CWR: Code Cache Roots            47 us, workers (us):  33,   0,  14, ---, ---, ---, 
[294.816s][info][gc,stats       ]     CWR: VM Weak Roots               42 us, workers (us):  14,  14,  13, ---, ---, ---, 
[294.816s][info][gc,stats       ]     CWR: CLDG Roots                   1 us, workers (us): ---,   1, ---, ---, ---, ---, 
[294.816s][info][gc,stats       ]   Rendezvous                         24 us
[294.816s][info][gc,stats       ] Concurrent Cleanup                   65 us
[294.816s][info][gc,stats       ] Concurrent Class Unloading          238 us
[294.816s][info][gc,stats       ]   Unlink Stale                      159 us
[294.816s][info][gc,stats       ]     System Dictionary                 1 us
[294.816s][info][gc,stats       ]     Weak Class Links                  0 us
[294.816s][info][gc,stats       ]     Code Roots                      158 us
[294.816s][info][gc,stats       ]   Rendezvous                         23 us
[294.816s][info][gc,stats       ]   Purge Unlinked                     23 us
[294.816s][info][gc,stats       ]     Code Roots                       21 us
[294.816s][info][gc,stats       ]     CLDG                              1 us
[294.816s][info][gc,stats       ]     Exception Caches                  0 us
[294.816s][info][gc,stats       ] Pause Final Roots (G)                58 us
[294.816s][info][gc,stats       ] Pause Final Roots (N)                35 us
[294.816s][info][gc,stats       ] Pacing                            76116 us
[294.816s][info][gc,stats       ] 
[294.816s][info][gc,stats       ] Allocation pacing accrued:
[294.816s][info][gc,stats       ]      76 of  2365 ms (  3.2%): main
[294.816s][info][gc,stats       ]      76 of  2365 ms (  3.2%): <total>
[294.816s][info][gc,stats       ]       6 of  2365 ms (  0.2%): <average total>
[294.816s][info][gc,stats       ]      76 of  2365 ms (  3.2%): <average non-zero>
[294.816s][info][gc,stats       ] 
[294.816s][info][gc,metaspace   ] Metaspace: 1071K(1280K)->1071K(1280K) NonClass: 990K(1088K)->990K(1088K) Class: 81K(192K)->81K(192K)
[294.816s][info][gc,ergo        ] Pacer for Idle. Initial: 10485K, Alloc Tax Rate: 1.0x
[296.430s][info][gc             ] Trigger: Average GC time (35.85 ms) is above the time for average allocation rate (631 MB/s) to deplete free headroom (17050K) (margin of error = 3.24)
[296.430s][info][gc,ergo        ] Free headroom: 160M (free) - 26214K (spike) - 117M (penalties) = 17050K
[296.430s][info][gc,ergo        ] Free: 160M, Max: 256K regular, 92672K humongous, Frag: 44% external, 0% internal; Reserve: 26368K, Max: 256K
[296.430s][info][gc,start       ] GC(170) Concurrent reset
[296.430s][info][gc,task        ] GC(170) Using 3 of 6 workers for concurrent reset
[296.430s][info][gc,ergo        ] GC(170) Pacer for Reset. Non-Taxable: 512M
[296.431s][info][gc             ] GC(170) Concurrent reset 0.202ms
[296.431s][info][gc,start       ] GC(170) Pause Init Mark (unload classes)
[296.431s][info][gc,task        ] GC(170) Using 6 of 6 workers for init marking
[296.431s][info][gc,ergo        ] GC(170) Pacer for Mark. Expected Live: 85177K, Free: 160M, Non-Taxable: 16385K, Alloc Tax Rate: 0.6x
[296.431s][info][gc             ] GC(170) Pause Init Mark (unload classes) 0.076ms
[296.431s][info][gc,start       ] GC(170) Concurrent marking roots
[296.431s][info][gc,task        ] GC(170) Using 3 of 6 workers for concurrent marking roots
[296.431s][info][gc             ] GC(170) Concurrent marking roots 0.258ms
[296.431s][info][gc,start       ] GC(170) Concurrent marking (unload classes)
[296.431s][info][gc,task        ] GC(170) Using 3 of 6 workers for concurrent marking
[296.432s][info][gc             ] GC(170) Concurrent marking (unload classes) 0.650ms
[296.432s][info][gc,start       ] GC(170) Pause Final Mark (unload classes)
[296.432s][info][gc,task        ] GC(170) Using 6 of 6 workers for final marking
[296.432s][info][gc,ergo        ] GC(170) Collectable Garbage: 215M (99%), Immediate: 215M (99%), CSet: 0B (0%)
[296.432s][info][gc             ] GC(170) Pause Final Mark (unload classes) 0.128ms
[296.432s][info][gc,start       ] GC(170) Concurrent weak references
[296.432s][info][gc,task        ] GC(170) Using 3 of 6 workers for concurrent weak references
[296.432s][info][gc,ref         ] GC(170) Encountered references: Soft: 45, Weak: 116, Final: 0, Phantom: 7
[296.432s][info][gc,ref         ] GC(170) Discovered  references: Soft: 0, Weak: 84, Final: 0, Phantom: 5
[296.432s][info][gc,ref         ] GC(170) Enqueued    references: Soft: 0, Weak: 0, Final: 0, Phantom: 0
[296.432s][info][gc             ] GC(170) Concurrent weak references 0.073ms
[296.432s][info][gc,start       ] GC(170) Concurrent weak roots
[296.432s][info][gc,task        ] GC(170) Using 3 of 6 workers for concurrent weak root
[296.432s][info][gc             ] GC(170) Concurrent weak roots 0.113ms
[296.432s][info][gc,start       ] GC(170) Concurrent cleanup
[296.432s][info][gc             ] GC(170) Concurrent cleanup 322M->107M(512M) 0.056ms
[296.432s][info][gc,ergo        ] GC(170) Free: 378M, Max: 256K regular, 344M humongous, Frag: 9% external, 0% internal; Reserve: 26368K, Max: 256K
[296.432s][info][gc,start       ] GC(170) Concurrent class unloading
[296.432s][info][gc,task        ] GC(170) Using 3 of 6 workers for concurrent class unloading
[296.432s][info][gc             ] GC(170) Concurrent class unloading 0.204ms
[296.432s][info][gc,start       ] GC(170) Pause Final Roots
[296.432s][info][gc             ] GC(170) Pause Final Roots 0.016ms
[296.432s][info][gc,ergo        ] Free: 378M, Max: 256K regular, 344M humongous, Frag: 9% external, 0% internal; Reserve: 26368K, Max: 256K
[296.432s][info][gc,stats       ] 
[296.432s][info][gc,stats       ] All times are wall-clock times, except per-root-class counters, that are sum over
[296.432s][info][gc,stats       ] all workers. Dividing the <total> over the root stage time estimates parallelism.
[296.432s][info][gc,stats       ] 
[296.432s][info][gc,stats       ] Concurrent Reset                    223 us
[296.432s][info][gc,stats       ] Pause Init Mark (G)                 117 us
[296.432s][info][gc,stats       ] Pause Init Mark (N)                  85 us
[296.432s][info][gc,stats       ]   Update Region States               25 us
[296.432s][info][gc,stats       ] Concurrent Mark Roots               272 us, parallelism: 1.26x
[296.432s][info][gc,stats       ]   CMR: <total>                      342 us
[296.432s][info][gc,stats       ]   CMR: Thread Roots                 308 us, workers (us):  67, 203,  38, ---, ---, ---, 
[296.432s][info][gc,stats       ]   CMR: VM Strong Roots                4 us, workers (us):   2,   1,   0, ---, ---, ---, 
[296.432s][info][gc,stats       ]   CMR: CLDG Roots                    30 us, workers (us): ---, ---,  30, ---, ---, ---, 
[296.433s][info][gc,stats       ] Concurrent Marking                  665 us
[296.433s][info][gc,stats       ] Pause Final Mark (G)                180 us
[296.433s][info][gc,stats       ] Pause Final Mark (N)                151 us
[296.433s][info][gc,stats       ]   Finish Mark                        28 us
[296.433s][info][gc,stats       ]   Update Region States               24 us
[296.433s][info][gc,stats       ]   Choose Collection Set              39 us
[296.433s][info][gc,stats       ]   Rebuild Free Set                    8 us
[296.433s][info][gc,stats       ] Concurrent Weak References           81 us, parallelism: 0.05x
[296.433s][info][gc,stats       ]   CWRF: <total>                       4 us
[296.433s][info][gc,stats       ]   CWRF: Weak References               4 us, workers (us):   1,   3,   0, ---, ---, ---, 
[296.433s][info][gc,stats       ] Concurrent Weak Roots               127 us
[296.433s][info][gc,stats       ]   Roots                              70 us, parallelism: 1.32x
[296.433s][info][gc,stats       ]     CWR: <total>                     92 us
[296.433s][info][gc,stats       ]     CWR: Code Cache Roots            50 us, workers (us):  16,   0,  34, ---, ---, ---, 
[296.433s][info][gc,stats       ]     CWR: VM Weak Roots               42 us, workers (us):  15,  14,  13, ---, ---, ---, 
[296.433s][info][gc,stats       ]     CWR: CLDG Roots                   1 us, workers (us): ---,   1, ---, ---, ---, ---, 
[296.433s][info][gc,stats       ]   Rendezvous                         27 us
[296.433s][info][gc,stats       ] Concurrent Cleanup                   66 us
[296.433s][info][gc,stats       ] Concurrent Class Unloading          217 us
[296.433s][info][gc,stats       ]   Unlink Stale                      143 us
[296.433s][info][gc,stats       ]     System Dictionary                 1 us
[296.433s][info][gc,stats       ]     Weak Class Links                  0 us
[296.433s][info][gc,stats       ]     Code Roots                      141 us
[296.433s][info][gc,stats       ]   Rendezvous                         20 us
[296.433s][info][gc,stats       ]   Purge Unlinked                     24 us
[296.433s][info][gc,stats       ]     Code Roots                       22 us
[296.433s][info][gc,stats       ]     CLDG                              2 us
[296.433s][info][gc,stats       ]     Exception Caches                  0 us
[296.433s][info][gc,stats       ] Pause Final Roots (G)                44 us
[296.433s][info][gc,stats       ] Pause Final Roots (N)                24 us
[296.433s][info][gc,stats       ] Pacing                            46630 us
[296.433s][info][gc,stats       ] 
[296.433s][info][gc,stats       ] Allocation pacing accrued:
[296.433s][info][gc,stats       ]      47 of  1617 ms (  2.9%): main
[296.433s][info][gc,stats       ]      47 of  1617 ms (  2.9%): <total>
[296.433s][info][gc,stats       ]       4 of  1617 ms (  0.2%): <average total>
[296.433s][info][gc,stats       ]      47 of  1617 ms (  2.9%): <average non-zero>
[296.433s][info][gc,stats       ] 
[296.433s][info][gc,metaspace   ] Metaspace: 1071K(1280K)->1071K(1280K) NonClass: 990K(1088K)->990K(1088K) Class: 81K(192K)->81K(192K)
[296.433s][info][gc,ergo        ] Pacer for Idle. Initial: 10485K, Alloc Tax Rate: 1.0x
[297.963s][info][gc             ] Trigger: Average GC time (28.52 ms) is above the time for average allocation rate (547 MB/s) to deplete free headroom (15125K) (margin of error = 3.24)
[297.963s][info][gc,ergo        ] Free headroom: 153M (free) - 26214K (spike) - 112M (penalties) = 15125K
[297.964s][info][gc,ergo        ] Free: 153M, Max: 256K regular, 121M humongous, Frag: 21% external, 0% internal; Reserve: 26368K, Max: 256K
[297.964s][info][gc,start       ] GC(171) Concurrent reset
[297.964s][info][gc,task        ] GC(171) Using 3 of 6 workers for concurrent reset
[297.964s][info][gc,ergo        ] GC(171) Pacer for Reset. Non-Taxable: 512M
[297.964s][info][gc             ] GC(171) Concurrent reset 0.322ms
[297.964s][info][gc,start       ] GC(171) Pause Init Mark (unload classes)
[297.964s][info][gc,task        ] GC(171) Using 6 of 6 workers for init marking
[297.964s][info][gc,ergo        ] GC(171) Pacer for Mark. Expected Live: 73913K, Free: 151M, Non-Taxable: 15540K, Alloc Tax Rate: 0.6x
[297.964s][info][gc             ] GC(171) Pause Init Mark (unload classes) 0.167ms
[297.964s][info][gc,start       ] GC(171) Concurrent marking roots
[297.964s][info][gc,task        ] GC(171) Using 3 of 6 workers for concurrent marking roots
[297.964s][info][gc             ] GC(171) Concurrent marking roots 0.270ms
[297.964s][info][gc,start       ] GC(171) Concurrent marking (unload classes)
[297.964s][info][gc,task        ] GC(171) Using 3 of 6 workers for concurrent marking
[297.965s][info][gc             ] GC(171) Concurrent marking (unload classes) 0.716ms
[297.965s][info][gc,start       ] GC(171) Pause Final Mark (unload classes)
[297.965s][info][gc,task        ] GC(171) Using 6 of 6 workers for final marking
[297.965s][info][gc,ergo        ] GC(171) Collectable Garbage: 217M (99%), Immediate: 217M (99%), CSet: 0B (0%)
[297.965s][info][gc             ] GC(171) Pause Final Mark (unload classes) 0.263ms
[297.965s][info][gc,start       ] GC(171) Concurrent weak references
[297.965s][info][gc,task        ] GC(171) Using 3 of 6 workers for concurrent weak references
[297.966s][info][gc,ref         ] GC(171) Encountered references: Soft: 45, Weak: 116, Final: 0, Phantom: 7
[297.966s][info][gc,ref         ] GC(171) Discovered  references: Soft: 0, Weak: 68, Final: 0, Phantom: 5
[297.966s][info][gc,ref         ] GC(171) Enqueued    references: Soft: 0, Weak: 0, Final: 0, Phantom: 0
[297.966s][info][gc             ] GC(171) Concurrent weak references 0.128ms
[297.966s][info][gc,start       ] GC(171) Concurrent weak roots
[297.966s][info][gc,task        ] GC(171) Using 3 of 6 workers for concurrent weak root
[297.966s][info][gc             ] GC(171) Concurrent weak roots 0.183ms
[297.966s][info][gc,start       ] GC(171) Concurrent cleanup
[297.966s][info][gc             ] GC(171) Concurrent cleanup 330M->113M(512M) 0.059ms
[297.966s][info][gc,ergo        ] GC(171) Free: 372M, Max: 256K regular, 318M humongous, Frag: 15% external, 0% internal; Reserve: 26368K, Max: 256K
[297.966s][info][gc,start       ] GC(171) Concurrent class unloading
[297.966s][info][gc,task        ] GC(171) Using 3 of 6 workers for concurrent class unloading
[297.966s][info][gc             ] GC(171) Concurrent class unloading 0.360ms
[297.966s][info][gc,start       ] GC(171) Pause Final Roots
[297.966s][info][gc             ] GC(171) Pause Final Roots 0.016ms
[297.966s][info][gc,ergo        ] Free: 372M, Max: 256K regular, 318M humongous, Frag: 15% external, 0% internal; Reserve: 26368K, Max: 256K
[297.966s][info][gc,stats       ] 
[297.966s][info][gc,stats       ] All times are wall-clock times, except per-root-class counters, that are sum over
[297.966s][info][gc,stats       ] all workers. Dividing the <total> over the root stage time estimates parallelism.
[297.966s][info][gc,stats       ] 
[297.966s][info][gc,stats       ] Concurrent Reset                    343 us
[297.966s][info][gc,stats       ] Pause Init Mark (G)                 245 us
[297.966s][info][gc,stats       ] Pause Init Mark (N)                 177 us
[297.966s][info][gc,stats       ]   Update Region States              113 us
[297.966s][info][gc,stats       ] Concurrent Mark Roots               288 us, parallelism: 1.11x
[297.966s][info][gc,stats       ]   CMR: <total>                      320 us
[297.966s][info][gc,stats       ]   CMR: Thread Roots                 286 us, workers (us):  70,  35, 182, ---, ---, ---, 
[297.966s][info][gc,stats       ]   CMR: VM Strong Roots                4 us, workers (us):   3,   0,   0, ---, ---, ---, 
[297.966s][info][gc,stats       ]   CMR: CLDG Roots                    30 us, workers (us): ---,  30, ---, ---, ---, ---, 
[297.966s][info][gc,stats       ] Concurrent Marking                  734 us
[297.966s][info][gc,stats       ] Pause Final Mark (G)                312 us
[297.966s][info][gc,stats       ] Pause Final Mark (N)                274 us
[297.966s][info][gc,stats       ]   Finish Mark                        86 us
[297.967s][info][gc,stats       ]   Update Region States               88 us
[297.967s][info][gc,stats       ]   Choose Collection Set              40 us
[297.967s][info][gc,stats       ]   Rebuild Free Set                    9 us
[297.967s][info][gc,stats       ] Concurrent Weak References          137 us, parallelism: 0.03x
[297.967s][info][gc,stats       ]   CWRF: <total>                       4 us
[297.967s][info][gc,stats       ]   CWRF: Weak References               4 us, workers (us):   1,   3,   0, ---, ---, ---, 
[297.967s][info][gc,stats       ] Concurrent Weak Roots               201 us
[297.967s][info][gc,stats       ]   Roots                             116 us, parallelism: 0.82x
[297.967s][info][gc,stats       ]     CWR: <total>                     95 us
[297.967s][info][gc,stats       ]     CWR: Code Cache Roots            51 us, workers (us):  16,  34,   0, ---, ---, ---, 
[297.967s][info][gc,stats       ]     CWR: VM Weak Roots               43 us, workers (us):  23,  21,   0, ---, ---, ---, 
[297.967s][info][gc,stats       ]     CWR: CLDG Roots                   1 us, workers (us):   1, ---, ---, ---, ---, ---, 
[297.967s][info][gc,stats       ]   Rendezvous                         49 us
[297.967s][info][gc,stats       ] Concurrent Cleanup                   70 us
[297.967s][info][gc,stats       ] Concurrent Class Unloading          378 us
[297.967s][info][gc,stats       ]   Unlink Stale                      203 us
[297.967s][info][gc,stats       ]     System Dictionary                 1 us
[297.967s][info][gc,stats       ]     Weak Class Links                  0 us
[297.967s][info][gc,stats       ]     Code Roots                      201 us
[297.967s][info][gc,stats       ]   Rendezvous                         65 us
[297.967s][info][gc,stats       ]   Purge Unlinked                     74 us
[297.967s][info][gc,stats       ]     Code Roots                       71 us
[297.967s][info][gc,stats       ]     CLDG                              3 us
[297.967s][info][gc,stats       ]     Exception Caches                  0 us
[297.967s][info][gc,stats       ] Pause Final Roots (G)                52 us
[297.967s][info][gc,stats       ] Pause Final Roots (N)                25 us
[297.967s][info][gc,stats       ] Pacing                            47509 us
[297.967s][info][gc,stats       ] 
[297.967s][info][gc,stats       ] Allocation pacing accrued:
[297.967s][info][gc,stats       ]      48 of  1534 ms (  3.1%): main
[297.967s][info][gc,stats       ]      48 of  1534 ms (  3.1%): <total>
[297.967s][info][gc,stats       ]       4 of  1534 ms (  0.2%): <average total>
[297.967s][info][gc,stats       ]      48 of  1534 ms (  3.1%): <average non-zero>
[297.967s][info][gc,stats       ] 
[297.967s][info][gc,metaspace   ] Metaspace: 1071K(1280K)->1071K(1280K) NonClass: 990K(1088K)->990K(1088K) Class: 81K(192K)->81K(192K)
[297.967s][info][gc,ergo        ] Pacer for Idle. Initial: 10485K, Alloc Tax Rate: 1.0x
[300.749s][info][gc             ] Trigger: Average GC time (21.21 ms) is above the time for average allocation rate (308 MB/s) to deplete free headroom (0B) (margin of error = 3.25)
[300.750s][info][gc,ergo        ] Free headroom: 113M (free) - 26214K (spike) - 107M (penalties) = 0B
[300.750s][info][gc,ergo        ] Free: 113M, Max: 256K regular, 87040K humongous, Frag: 26% external, 0% internal; Reserve: 26368K, Max: 256K
[300.750s][info][gc,start       ] GC(172) Concurrent reset
[300.750s][info][gc,task        ] GC(172) Using 3 of 6 workers for concurrent reset
[300.750s][info][gc,ergo        ] GC(172) Pacer for Reset. Non-Taxable: 512M
[300.750s][info][gc             ] GC(172) Concurrent reset 0.181ms
[300.750s][info][gc,start       ] GC(172) Pause Init Mark (unload classes)
[300.750s][info][gc,task        ] GC(172) Using 6 of 6 workers for init marking
[300.750s][info][gc,ergo        ] GC(172) Pacer for Mark. Expected Live: 95417K, Free: 113M, Non-Taxable: 11649K, Alloc Tax Rate: 1.0x
[300.750s][info][gc             ] GC(172) Pause Init Mark (unload classes) 0.074ms
[300.750s][info][gc,start       ] GC(172) Concurrent marking roots
[300.750s][info][gc,task        ] GC(172) Using 3 of 6 workers for concurrent marking roots
[300.750s][info][gc             ] GC(172) Concurrent marking roots 0.263ms
[300.750s][info][gc,start       ] GC(172) Concurrent marking (unload classes)
[300.750s][info][gc,task        ] GC(172) Using 3 of 6 workers for concurrent marking
[300.751s][info][gc             ] GC(172) Concurrent marking (unload classes) 0.641ms
[300.751s][info][gc,start       ] GC(172) Pause Final Mark (unload classes)
[300.751s][info][gc,task        ] GC(172) Using 6 of 6 workers for final marking
[300.751s][info][gc,ergo        ] GC(172) Collectable Garbage: 253M (99%), Immediate: 253M (99%), CSet: 0B (0%)
[300.751s][info][gc             ] GC(172) Pause Final Mark (unload classes) 0.137ms
[300.751s][info][gc,start       ] GC(172) Concurrent weak references
[300.751s][info][gc,task        ] GC(172) Using 3 of 6 workers for concurrent weak references
[300.751s][info][gc,ref         ] GC(172) Encountered references: Soft: 45, Weak: 116, Final: 0, Phantom: 7
[300.751s][info][gc,ref         ] GC(172) Discovered  references: Soft: 0, Weak: 72, Final: 0, Phantom: 5
[300.751s][info][gc,ref         ] GC(172) Enqueued    references: Soft: 0, Weak: 0, Final: 0, Phantom: 0
[300.751s][info][gc             ] GC(172) Concurrent weak references 0.105ms
[300.751s][info][gc,start       ] GC(172) Concurrent weak roots
[300.751s][info][gc,task        ] GC(172) Using 3 of 6 workers for concurrent weak root
[300.751s][info][gc             ] GC(172) Concurrent weak roots 0.110ms
[300.751s][info][gc,start       ] GC(172) Concurrent cleanup
[300.751s][info][gc             ] GC(172) Concurrent cleanup 366M->113M(512M) 0.056ms
[300.751s][info][gc,ergo        ] GC(172) Free: 372M, Max: 256K regular, 213M humongous, Frag: 43% external, 0% internal; Reserve: 26368K, Max: 256K
[300.751s][info][gc,start       ] GC(172) Concurrent class unloading
[300.751s][info][gc,task        ] GC(172) Using 3 of 6 workers for concurrent class unloading
[300.752s][info][gc             ] GC(172) Concurrent class unloading 0.224ms
[300.752s][info][gc,start       ] GC(172) Pause Final Roots
[300.752s][info][gc             ] GC(172) Pause Final Roots 0.016ms
[300.752s][info][gc,ergo        ] Free: 372M, Max: 256K regular, 213M humongous, Frag: 43% external, 0% internal; Reserve: 26368K, Max: 256K
[300.752s][info][gc,stats       ] 
[300.752s][info][gc,stats       ] All times are wall-clock times, except per-root-class counters, that are sum over
[300.752s][info][gc,stats       ] all workers. Dividing the <total> over the root stage time estimates parallelism.
[300.752s][info][gc,stats       ] 
[300.752s][info][gc,stats       ] Concurrent Reset                    202 us
[300.752s][info][gc,stats       ] Pause Init Mark (G)                 116 us
[300.752s][info][gc,stats       ] Pause Init Mark (N)                  83 us
[300.752s][info][gc,stats       ]   Update Region States               24 us
[300.752s][info][gc,stats       ] Concurrent Mark Roots               282 us, parallelism: 1.34x
[300.752s][info][gc,stats       ]   CMR: <total>                      378 us
[300.752s][info][gc,stats       ]   CMR: Thread Roots                 344 us, workers (us): 209,  38,  96, ---, ---, ---, 
[300.752s][info][gc,stats       ]   CMR: VM Strong Roots                5 us, workers (us):   2,   2,   0, ---, ---, ---, 
[300.752s][info][gc,stats       ]   CMR: CLDG Roots                    30 us, workers (us): ---,  30, ---, ---, ---, ---, 
[300.752s][info][gc,stats       ] Concurrent Marking                  657 us
[300.752s][info][gc,stats       ] Pause Final Mark (G)                183 us
[300.752s][info][gc,stats       ] Pause Final Mark (N)                148 us
[300.752s][info][gc,stats       ]   Finish Mark                        29 us
[300.752s][info][gc,stats       ]   Update Region States               29 us
[300.752s][info][gc,stats       ]   Choose Collection Set              43 us
[300.752s][info][gc,stats       ]   Rebuild Free Set                    8 us
[300.752s][info][gc,stats       ] Concurrent Weak References          113 us, parallelism: 0.04x
[300.752s][info][gc,stats       ]   CWRF: <total>                       5 us
[300.752s][info][gc,stats       ]   CWRF: Weak References               5 us, workers (us):   3,   1,   0, ---, ---, ---, 
[300.752s][info][gc,stats       ] Concurrent Weak Roots               126 us
[300.752s][info][gc,stats       ]   Roots                              72 us, parallelism: 1.33x
[300.752s][info][gc,stats       ]     CWR: <total>                     95 us
[300.752s][info][gc,stats       ]     CWR: Code Cache Roots            53 us, workers (us):   0,  35,  17, ---, ---, ---, 
[300.752s][info][gc,stats       ]     CWR: VM Weak Roots               42 us, workers (us):  14,  14,  14, ---, ---, ---, 
[300.752s][info][gc,stats       ]     CWR: CLDG Roots                   1 us, workers (us):   1, ---, ---, ---, ---, ---, 
[300.752s][info][gc,stats       ]   Rendezvous                         21 us
[300.752s][info][gc,stats       ] Concurrent Cleanup                   66 us
[300.752s][info][gc,stats       ] Concurrent Class Unloading          240 us
[300.752s][info][gc,stats       ]   Unlink Stale                      154 us
[300.752s][info][gc,stats       ]     System Dictionary                 1 us
[300.752s][info][gc,stats       ]     Weak Class Links                  0 us
[300.752s][info][gc,stats       ]     Code Roots                      152 us
[300.752s][info][gc,stats       ]   Rendezvous                         26 us
[300.752s][info][gc,stats       ]   Purge Unlinked                     27 us
[300.752s][info][gc,stats       ]     Code Roots                       23 us
[300.752s][info][gc,stats       ]     CLDG                              3 us
[300.752s][info][gc,stats       ]     Exception Caches                  0 us
[300.752s][info][gc,stats       ] Pause Final Roots (G)                47 us
[300.752s][info][gc,stats       ] Pause Final Roots (N)                24 us
[300.752s][info][gc,stats       ] Pacing                            46658 us
[300.752s][info][gc,stats       ] 
[300.752s][info][gc,stats       ] Allocation pacing accrued:
[300.752s][info][gc,stats       ]      47 of  2785 ms (  1.7%): main
[300.752s][info][gc,stats       ]      47 of  2785 ms (  1.7%): <total>
[300.752s][info][gc,stats       ]       4 of  2785 ms (  0.1%): <average total>
[300.752s][info][gc,stats       ]      47 of  2785 ms (  1.7%): <average non-zero>
[300.752s][info][gc,stats       ] 
[300.752s][info][gc,metaspace   ] Metaspace: 1071K(1280K)->1071K(1280K) NonClass: 990K(1088K)->990K(1088K) Class: 81K(192K)->81K(192K)
[300.752s][info][gc,ergo        ] Pacer for Idle. Initial: 10485K, Alloc Tax Rate: 1.0x
[303.308s][info][gc             ] Trigger: Average GC time (15.74 ms) is above the time for average allocation rate (20509 KB/s) to deplete free headroom (0B) (margin of error = 3.26)
[303.308s][info][gc,ergo        ] Free headroom: 123M (free) - 26214K (spike) - 102M (penalties) = 0B
[303.308s][info][gc,ergo        ] Free: 123M, Max: 256K regular, 113M humongous, Frag: 9% external, 0% internal; Reserve: 26368K, Max: 256K
[303.308s][info][gc,start       ] GC(173) Concurrent reset
[303.308s][info][gc,task        ] GC(173) Using 3 of 6 workers for concurrent reset
[303.308s][info][gc,ergo        ] GC(173) Pacer for Reset. Non-Taxable: 512M
[303.309s][info][gc             ] GC(173) Concurrent reset 0.191ms
[303.309s][info][gc,start       ] GC(173) Pause Init Mark (unload classes)
[303.309s][info][gc,task        ] GC(173) Using 6 of 6 workers for init marking
[303.309s][info][gc,ergo        ] GC(173) Pacer for Mark. Expected Live: 94188K, Free: 123M, Non-Taxable: 12647K, Alloc Tax Rate: 0.9x
[303.309s][info][gc             ] GC(173) Pause Init Mark (unload classes) 0.075ms
[303.309s][info][gc,start       ] GC(173) Concurrent marking roots
[303.309s][info][gc,task        ] GC(173) Using 3 of 6 workers for concurrent marking roots
[303.309s][info][gc             ] GC(173) Concurrent marking roots 0.239ms
[303.309s][info][gc,start       ] GC(173) Concurrent marking (unload classes)
[303.309s][info][gc,task        ] GC(173) Using 3 of 6 workers for concurrent marking
[303.310s][info][gc             ] GC(173) Concurrent marking (unload classes) 0.704ms
[303.310s][info][gc,start       ] GC(173) Pause Final Mark (unload classes)
[303.310s][info][gc,task        ] GC(173) Using 6 of 6 workers for final marking
[303.310s][info][gc,ergo        ] GC(173) Collectable Garbage: 345M (99%), Immediate: 345M (99%), CSet: 0B (0%)
[303.310s][info][gc             ] GC(173) Pause Final Mark (unload classes) 0.126ms
[303.310s][info][gc,start       ] GC(173) Concurrent weak references
[303.310s][info][gc,task        ] GC(173) Using 3 of 6 workers for concurrent weak references
[303.310s][info][gc,ref         ] GC(173) Encountered references: Soft: 45, Weak: 116, Final: 0, Phantom: 7
[303.310s][info][gc,ref         ] GC(173) Discovered  references: Soft: 0, Weak: 88, Final: 0, Phantom: 5
[303.310s][info][gc,ref         ] GC(173) Enqueued    references: Soft: 0, Weak: 0, Final: 0, Phantom: 0
[303.310s][info][gc             ] GC(173) Concurrent weak references 0.084ms
[303.310s][info][gc,start       ] GC(173) Concurrent weak roots
[303.310s][info][gc,task        ] GC(173) Using 3 of 6 workers for concurrent weak root
[303.310s][info][gc             ] GC(173) Concurrent weak roots 0.107ms
[303.310s][info][gc,start       ] GC(173) Concurrent cleanup
[303.310s][info][gc             ] GC(173) Concurrent cleanup 357M->12M(512M) 0.068ms
[303.310s][info][gc,ergo        ] GC(173) Free: 473M, Max: 256K regular, 323M humongous, Frag: 32% external, 0% internal; Reserve: 26368K, Max: 256K
[303.310s][info][gc,start       ] GC(173) Concurrent class unloading
[303.310s][info][gc,task        ] GC(173) Using 3 of 6 workers for concurrent class unloading
[303.310s][info][gc             ] GC(173) Concurrent class unloading 0.224ms
[303.310s][info][gc,start       ] GC(173) Pause Final Roots
[303.310s][info][gc             ] GC(173) Pause Final Roots 0.015ms
[303.310s][info][gc,ergo        ] Free: 473M, Max: 256K regular, 323M humongous, Frag: 32% external, 0% internal; Reserve: 26368K, Max: 256K
[303.310s][info][gc,stats       ] 
[303.310s][info][gc,stats       ] All times are wall-clock times, except per-root-class counters, that are sum over
[303.310s][info][gc,stats       ] all workers. Dividing the <total> over the root stage time estimates parallelism.
[303.310s][info][gc,stats       ] 
[303.310s][info][gc,stats       ] Concurrent Reset                    204 us
[303.310s][info][gc,stats       ] Pause Init Mark (G)                 116 us
[303.310s][info][gc,stats       ] Pause Init Mark (N)                  84 us
[303.310s][info][gc,stats       ]   Update Region States               27 us
[303.310s][info][gc,stats       ] Concurrent Mark Roots               259 us, parallelism: 1.26x
[303.310s][info][gc,stats       ]   CMR: <total>                      326 us
[303.311s][info][gc,stats       ]   CMR: Thread Roots                 292 us, workers (us):  36, 189,  68, ---, ---, ---, 
[303.311s][info][gc,stats       ]   CMR: VM Strong Roots                4 us, workers (us):   2,   1,   1, ---, ---, ---, 
[303.311s][info][gc,stats       ]   CMR: CLDG Roots                    29 us, workers (us):  29, ---, ---, ---, ---, ---, 
[303.311s][info][gc,stats       ] Concurrent Marking                  718 us
[303.311s][info][gc,stats       ] Pause Final Mark (G)                165 us
[303.311s][info][gc,stats       ] Pause Final Mark (N)                135 us
[303.311s][info][gc,stats       ]   Finish Mark                        27 us
[303.311s][info][gc,stats       ]   Update Region States               25 us
[303.311s][info][gc,stats       ]   Choose Collection Set              39 us
[303.311s][info][gc,stats       ]   Rebuild Free Set                    8 us
[303.311s][info][gc,stats       ] Concurrent Weak References           93 us, parallelism: 0.04x
[303.311s][info][gc,stats       ]   CWRF: <total>                       4 us
[303.311s][info][gc,stats       ]   CWRF: Weak References               4 us, workers (us):   3,   1,   0, ---, ---, ---, 
[303.311s][info][gc,stats       ] Concurrent Weak Roots               118 us
[303.311s][info][gc,stats       ]   Roots                              68 us, parallelism: 1.37x
[303.311s][info][gc,stats       ]     CWR: <total>                     93 us
[303.311s][info][gc,stats       ]     CWR: Code Cache Roots            51 us, workers (us):  33,  17,   0, ---, ---, ---, 
[303.311s][info][gc,stats       ]     CWR: VM Weak Roots               42 us, workers (us):  14,  15,  13, ---, ---, ---, 
[303.311s][info][gc,stats       ]     CWR: CLDG Roots                   1 us, workers (us): ---, ---,   1, ---, ---, ---, 
[303.311s][info][gc,stats       ]   Rendezvous                         23 us
[303.311s][info][gc,stats       ] Concurrent Cleanup                   78 us
[303.311s][info][gc,stats       ] Concurrent Class Unloading          237 us
[303.311s][info][gc,stats       ]   Unlink Stale                      159 us
[303.311s][info][gc,stats       ]     System Dictionary                 1 us
[303.311s][info][gc,stats       ]     Weak Class Links                  0 us
[303.311s][info][gc,stats       ]     Code Roots                      157 us
[303.311s][info][gc,stats       ]   Rendezvous                         23 us
[303.311s][info][gc,stats       ]   Purge Unlinked                     25 us
[303.311s][info][gc,stats       ]     Code Roots                       22 us
[303.311s][info][gc,stats       ]     CLDG                              3 us
[303.311s][info][gc,stats       ]     Exception Caches                  0 us
[303.311s][info][gc,stats       ] Pause Final Roots (G)                44 us
[303.311s][info][gc,stats       ] Pause Final Roots (N)                23 us
[303.311s][info][gc,stats       ] Pacing                            46393 us
[303.311s][info][gc,stats       ] 
[303.311s][info][gc,stats       ] Allocation pacing accrued:
[303.311s][info][gc,stats       ]      46 of  2559 ms (  1.8%): main
[303.311s][info][gc,stats       ]      46 of  2559 ms (  1.8%): <total>
[303.311s][info][gc,stats       ]       4 of  2559 ms (  0.1%): <average total>
[303.311s][info][gc,stats       ]      46 of  2559 ms (  1.8%): <average non-zero>
[303.311s][info][gc,stats       ] 
[303.311s][info][gc,metaspace   ] Metaspace: 1071K(1280K)->1071K(1280K) NonClass: 990K(1088K)->990K(1088K) Class: 81K(192K)->81K(192K)
[303.311s][info][gc,ergo        ] Pacer for Idle. Initial: 10485K, Alloc Tax Rate: 1.0x
[305.162s][info][gc             ] Trigger: Average GC time (11.66 ms) is above the time for average allocation rate (633 MB/s) to deplete free headroom (0B) (margin of error = 3.24)
[305.162s][info][gc,ergo        ] Free headroom: 79371K (free) - 26214K (spike) - 99614K (penalties) = 0B
[305.162s][info][gc,ergo        ] Free: 79371K, Max: 256K regular, 74496K humongous, Frag: 7% external, 0% internal; Reserve: 26368K, Max: 256K
[305.162s][info][gc,start       ] GC(174) Concurrent reset
[305.162s][info][gc,task        ] GC(174) Using 3 of 6 workers for concurrent reset
[305.162s][info][gc,ergo        ] GC(174) Pacer for Reset. Non-Taxable: 512M
[305.162s][info][gc             ] GC(174) Concurrent reset 0.184ms
[305.162s][info][gc,start       ] GC(174) Pause Init Mark (unload classes)
[305.162s][info][gc,task        ] GC(174) Using 6 of 6 workers for init marking
[305.162s][info][gc,ergo        ] GC(174) Pacer for Mark. Expected Live: 93164K, Free: 79371K, Non-Taxable: 7937K, Alloc Tax Rate: 1.4x
[305.162s][info][gc             ] GC(174) Pause Init Mark (unload classes) 0.141ms
[305.162s][info][gc,start       ] GC(174) Concurrent marking roots
[305.163s][info][gc,task        ] GC(174) Using 3 of 6 workers for concurrent marking roots
[305.163s][info][gc             ] GC(174) Concurrent marking roots 0.278ms
[305.163s][info][gc,start       ] GC(174) Concurrent marking (unload classes)
[305.163s][info][gc,task        ] GC(174) Using 3 of 6 workers for concurrent marking
[305.164s][info][gc             ] GC(174) Concurrent marking (unload classes) 0.731ms
[305.164s][info][gc,start       ] GC(174) Pause Final Mark (unload classes)
[305.164s][info][gc,task        ] GC(174) Using 6 of 6 workers for final marking
[305.164s][info][gc,ergo        ] GC(174) Collectable Garbage: 227M (99%), Immediate: 227M (99%), CSet: 0B (0%)
[305.164s][info][gc             ] GC(174) Pause Final Mark (unload classes) 0.296ms
[305.164s][info][gc,start       ] GC(174) Concurrent weak references
[305.164s][info][gc,task        ] GC(174) Using 3 of 6 workers for concurrent weak references
[305.164s][info][gc,ref         ] GC(174) Encountered references: Soft: 45, Weak: 116, Final: 0, Phantom: 7
[305.164s][info][gc,ref         ] GC(174) Discovered  references: Soft: 0, Weak: 83, Final: 0, Phantom: 5
[305.164s][info][gc,ref         ] GC(174) Enqueued    references: Soft: 0, Weak: 0, Final: 0, Phantom: 0
[305.164s][info][gc             ] GC(174) Concurrent weak references 0.118ms
[305.164s][info][gc,start       ] GC(174) Concurrent weak roots
[305.164s][info][gc,task        ] GC(174) Using 3 of 6 workers for concurrent weak root
[305.164s][info][gc             ] GC(174) Concurrent weak roots 0.120ms
[305.164s][info][gc,start       ] GC(174) Concurrent cleanup
[305.164s][info][gc             ] GC(174) Concurrent cleanup 404M->177M(512M) 0.049ms
[305.164s][info][gc,ergo        ] GC(174) Free: 308M, Max: 256K regular, 171M humongous, Frag: 45% external, 0% internal; Reserve: 26368K, Max: 256K
[305.164s][info][gc,start       ] GC(174) Concurrent class unloading
[305.164s][info][gc,task        ] GC(174) Using 3 of 6 workers for concurrent class unloading
[305.165s][info][gc             ] GC(174) Concurrent class unloading 0.255ms
[305.165s][info][gc,start       ] GC(174) Pause Final Roots
[305.165s][info][gc             ] GC(174) Pause Final Roots 0.018ms
[305.165s][info][gc,ergo        ] Free: 308M, Max: 256K regular, 171M humongous, Frag: 45% external, 0% internal; Reserve: 26368K, Max: 256K
[305.165s][info][gc,stats       ] 
[305.165s][info][gc,stats       ] All times are wall-clock times, except per-root-class counters, that are sum over
[305.165s][info][gc,stats       ] all workers. Dividing the <total> over the root stage time estimates parallelism.
[305.165s][info][gc,stats       ] 
[305.165s][info][gc,stats       ] Concurrent Reset                    199 us
[305.165s][info][gc,stats       ] Pause Init Mark (G)                 227 us
[305.165s][info][gc,stats       ] Pause Init Mark (N)                 151 us
[305.165s][info][gc,stats       ]   Update Region States               88 us
[305.165s][info][gc,stats       ] Concurrent Mark Roots               292 us, parallelism: 1.14x
[305.165s][info][gc,stats       ]   CMR: <total>                      333 us
[305.165s][info][gc,stats       ]   CMR: Thread Roots                 298 us, workers (us):  63, 200,  35, ---, ---, ---, 
[305.165s][info][gc,stats       ]   CMR: VM Strong Roots                3 us, workers (us):   3,   0,   0, ---, ---, ---, 
[305.165s][info][gc,stats       ]   CMR: CLDG Roots                    32 us, workers (us):  32, ---, ---, ---, ---, ---, 
[305.165s][info][gc,stats       ] Concurrent Marking                  748 us
[305.165s][info][gc,stats       ] Pause Final Mark (G)                379 us
[305.165s][info][gc,stats       ] Pause Final Mark (N)                307 us
[305.165s][info][gc,stats       ]   Finish Mark                       137 us
[305.165s][info][gc,stats       ]   Update Region States               80 us
[305.165s][info][gc,stats       ]   Choose Collection Set              40 us
[305.165s][info][gc,stats       ]   Rebuild Free Set                    8 us
[305.165s][info][gc,stats       ] Concurrent Weak References          129 us, parallelism: 0.03x
[305.165s][info][gc,stats       ]   CWRF: <total>                       4 us
[305.165s][info][gc,stats       ]   CWRF: Weak References               4 us, workers (us):   4,   0,   0, ---, ---, ---, 
[305.165s][info][gc,stats       ] Concurrent Weak Roots               131 us
[305.165s][info][gc,stats       ]   Roots                              77 us, parallelism: 1.19x
[305.165s][info][gc,stats       ]     CWR: <total>                     92 us
[305.165s][info][gc,stats       ]     CWR: Code Cache Roots            49 us, workers (us):  16,  32,   0, ---, ---, ---, 
[305.165s][info][gc,stats       ]     CWR: VM Weak Roots               42 us, workers (us):  22,  20,   0, ---, ---, ---, 
[305.165s][info][gc,stats       ]     CWR: CLDG Roots                   1 us, workers (us):   1, ---, ---, ---, ---, ---, 
[305.165s][info][gc,stats       ]   Rendezvous                         26 us
[305.165s][info][gc,stats       ] Concurrent Cleanup                   59 us
[305.165s][info][gc,stats       ] Concurrent Class Unloading          268 us
[305.165s][info][gc,stats       ]   Unlink Stale                      193 us
[305.165s][info][gc,stats       ]     System Dictionary                 1 us
[305.165s][info][gc,stats       ]     Weak Class Links                  0 us
[305.165s][info][gc,stats       ]     Code Roots                      191 us
[305.165s][info][gc,stats       ]   Rendezvous                         24 us
[305.165s][info][gc,stats       ]   Purge Unlinked                     22 us
[305.165s][info][gc,stats       ]     Code Roots                       19 us
[305.165s][info][gc,stats       ]     CLDG                              2 us
[305.165s][info][gc,stats       ]     Exception Caches                  0 us
[305.165s][info][gc,stats       ] Pause Final Roots (G)                48 us
[305.165s][info][gc,stats       ] Pause Final Roots (N)                27 us
[305.165s][info][gc,stats       ] Pacing                           108845 us
[305.165s][info][gc,stats       ] 
[305.165s][info][gc,stats       ] Allocation pacing accrued:
[305.165s][info][gc,stats       ]     109 of  1854 ms (  5.9%): main
[305.165s][info][gc,stats       ]     109 of  1854 ms (  5.9%): <total>
[305.165s][info][gc,stats       ]       8 of  1854 ms (  0.5%): <average total>
[305.165s][info][gc,stats       ]     109 of  1854 ms (  5.9%): <average non-zero>
[305.165s][info][gc,stats       ] 
[305.165s][info][gc,metaspace   ] Metaspace: 1071K(1280K)->1071K(1280K) NonClass: 990K(1088K)->990K(1088K) Class: 81K(192K)->81K(192K)
[305.165s][info][gc,ergo        ] Pacer for Idle. Initial: 10485K, Alloc Tax Rate: 1.0x
[306.627s][info][gc             ] Trigger: Average GC time (8.99 ms) is above the time for average allocation rate (296 MB/s) to deplete free headroom (0B) (margin of error = 3.26)
[306.627s][info][gc,ergo        ] Free headroom: 84491K (free) - 26214K (spike) - 94371K (penalties) = 0B
[306.627s][info][gc,ergo        ] Free: 84491K, Max: 256K regular, 74496K humongous, Frag: 12% external, 0% internal; Reserve: 26368K, Max: 256K
[306.627s][info][gc,start       ] GC(175) Concurrent reset
[306.627s][info][gc,task        ] GC(175) Using 3 of 6 workers for concurrent reset
[306.628s][info][gc,ergo        ] GC(175) Pacer for Reset. Non-Taxable: 512M
[306.628s][info][gc             ] GC(175) Concurrent reset 0.224ms
[306.628s][info][gc,start       ] GC(175) Pause Init Mark (unload classes)
[306.628s][info][gc,task        ] GC(175) Using 6 of 6 workers for init marking
[306.628s][info][gc,ergo        ] GC(175) Pacer for Mark. Expected Live: 103M, Free: 84491K, Non-Taxable: 8449K, Alloc Tax Rate: 1.5x
[306.628s][info][gc             ] GC(175) Pause Init Mark (unload classes) 0.089ms
[306.628s][info][gc,start       ] GC(175) Concurrent marking roots
[306.628s][info][gc,task        ] GC(175) Using 3 of 6 workers for concurrent marking roots
[306.628s][info][gc             ] GC(175) Concurrent marking roots 0.254ms
[306.628s][info][gc,start       ] GC(175) Concurrent marking (unload classes)
[306.628s][info][gc,task        ] GC(175) Using 3 of 6 workers for concurrent marking
[306.629s][info][gc             ] GC(175) Concurrent marking (unload classes) 0.712ms
[306.629s][info][gc,start       ] GC(175) Pause Final Mark (unload classes)
[306.629s][info][gc,task        ] GC(175) Using 6 of 6 workers for final marking
[306.629s][info][gc,ergo        ] GC(175) Collectable Garbage: 217M (99%), Immediate: 217M (99%), CSet: 0B (0%)
[306.629s][info][gc             ] GC(175) Pause Final Mark (unload classes) 0.128ms
[306.629s][info][gc,start       ] GC(175) Concurrent weak references
[306.629s][info][gc,task        ] GC(175) Using 3 of 6 workers for concurrent weak references
[306.629s][info][gc,ref         ] GC(175) Encountered references: Soft: 45, Weak: 116, Final: 0, Phantom: 7
[306.629s][info][gc,ref         ] GC(175) Discovered  references: Soft: 0, Weak: 72, Final: 0, Phantom: 5
[306.629s][info][gc,ref         ] GC(175) Enqueued    references: Soft: 0, Weak: 0, Final: 0, Phantom: 0
[306.629s][info][gc             ] GC(175) Concurrent weak references 0.075ms
[306.629s][info][gc,start       ] GC(175) Concurrent weak roots
[306.629s][info][gc,task        ] GC(175) Using 3 of 6 workers for concurrent weak root
[306.629s][info][gc             ] GC(175) Concurrent weak roots 0.121ms
[306.629s][info][gc,start       ] GC(175) Concurrent cleanup
[306.629s][info][gc             ] GC(175) Concurrent cleanup 399M->182M(512M) 0.052ms
[306.629s][info][gc,ergo        ] GC(175) Free: 302M, Max: 256K regular, 173M humongous, Frag: 43% external, 0% internal; Reserve: 26368K, Max: 256K
[306.629s][info][gc,start       ] GC(175) Concurrent class unloading
[306.629s][info][gc,task        ] GC(175) Using 3 of 6 workers for concurrent class unloading
[306.630s][info][gc             ] GC(175) Concurrent class unloading 0.238ms
[306.630s][info][gc,start       ] GC(175) Pause Final Roots
[306.630s][info][gc             ] GC(175) Pause Final Roots 0.018ms
[306.630s][info][gc,ergo        ] Free: 302M, Max: 256K regular, 173M humongous, Frag: 43% external, 0% internal; Reserve: 26368K, Max: 256K
[306.630s][info][gc,stats       ] 
[306.630s][info][gc,stats       ] All times are wall-clock times, except per-root-class counters, that are sum over
[306.630s][info][gc,stats       ] all workers. Dividing the <total> over the root stage time estimates parallelism.
[306.630s][info][gc,stats       ] 
[306.630s][info][gc,stats       ] Concurrent Reset                    242 us
[306.630s][info][gc,stats       ] Pause Init Mark (G)                 135 us
[306.630s][info][gc,stats       ] Pause Init Mark (N)                  98 us
[306.630s][info][gc,stats       ]   Update Region States               26 us
[306.630s][info][gc,stats       ] Concurrent Mark Roots               273 us, parallelism: 1.24x
[306.630s][info][gc,stats       ]   CMR: <total>                      339 us
[306.630s][info][gc,stats       ]   CMR: Thread Roots                 300 us, workers (us):  43,  61, 195, ---, ---, ---, 
[306.630s][info][gc,stats       ]   CMR: VM Strong Roots                4 us, workers (us):   3,   1,   0, ---, ---, ---, 
[306.630s][info][gc,stats       ]   CMR: CLDG Roots                    35 us, workers (us):  35, ---, ---, ---, ---, ---, 
[306.630s][info][gc,stats       ] Concurrent Marking                  730 us
[306.630s][info][gc,stats       ] Pause Final Mark (G)                176 us
[306.630s][info][gc,stats       ] Pause Final Mark (N)                138 us
[306.630s][info][gc,stats       ]   Finish Mark                        29 us
[306.630s][info][gc,stats       ]   Update Region States               29 us
[306.630s][info][gc,stats       ]   Choose Collection Set              34 us
[306.630s][info][gc,stats       ]   Rebuild Free Set                    8 us
[306.630s][info][gc,stats       ] Concurrent Weak References           83 us, parallelism: 0.06x
[306.630s][info][gc,stats       ]   CWRF: <total>                       5 us
[306.630s][info][gc,stats       ]   CWRF: Weak References               5 us, workers (us):   4,   1,   0, ---, ---, ---, 
[306.630s][info][gc,stats       ] Concurrent Weak Roots               138 us
[306.630s][info][gc,stats       ]   Roots                              75 us, parallelism: 1.39x
[306.630s][info][gc,stats       ]     CWR: <total>                    104 us
[306.630s][info][gc,stats       ]     CWR: Code Cache Roots            58 us, workers (us):   0,  37,  21, ---, ---, ---, 
[306.630s][info][gc,stats       ]     CWR: VM Weak Roots               46 us, workers (us):  15,  15,  15, ---, ---, ---, 
[306.630s][info][gc,stats       ]     CWR: CLDG Roots                   1 us, workers (us):   1, ---, ---, ---, ---, ---, 
[306.630s][info][gc,stats       ]   Rendezvous                         25 us
[306.630s][info][gc,stats       ] Concurrent Cleanup                   62 us
[306.630s][info][gc,stats       ] Concurrent Class Unloading          258 us
[306.630s][info][gc,stats       ]   Unlink Stale                      168 us
[306.630s][info][gc,stats       ]     System Dictionary                 1 us
[306.630s][info][gc,stats       ]     Weak Class Links                  0 us
[306.630s][info][gc,stats       ]     Code Roots                      166 us
[306.630s][info][gc,stats       ]   Rendezvous                         26 us
[306.630s][info][gc,stats       ]   Purge Unlinked                     26 us
[306.630s][info][gc,stats       ]     Code Roots                       22 us
[306.630s][info][gc,stats       ]     CLDG                              3 us
[306.630s][info][gc,stats       ]     Exception Caches                  0 us
[306.630s][info][gc,stats       ] Pause Final Roots (G)                51 us
[306.630s][info][gc,stats       ] Pause Final Roots (N)                27 us
[306.630s][info][gc,stats       ] Pacing                            47133 us
[306.630s][info][gc,stats       ] 
[306.630s][info][gc,stats       ] Allocation pacing accrued:
[306.630s][info][gc,stats       ]      47 of  1465 ms (  3.2%): main
[306.630s][info][gc,stats       ]      47 of  1465 ms (  3.2%): <total>
[306.630s][info][gc,stats       ]       4 of  1465 ms (  0.2%): <average total>
[306.630s][info][gc,stats       ]      47 of  1465 ms (  3.2%): <average non-zero>
[306.630s][info][gc,stats       ] 
[306.630s][info][gc,metaspace   ] Metaspace: 1071K(1280K)->1071K(1280K) NonClass: 990K(1088K)->990K(1088K) Class: 81K(192K)->81K(192K)
[306.630s][info][gc,ergo        ] Pacer for Idle. Initial: 10485K, Alloc Tax Rate: 1.0x
[308.090s][info][gc             ] Trigger: Average GC time (6.98 ms) is above the time for average allocation rate (299 MB/s) to deplete free headroom (0B) (margin of error = 3.27)
[308.090s][info][gc,ergo        ] Free headroom: 97547K (free) - 26214K (spike) - 89128K (penalties) = 0B
[308.090s][info][gc,ergo        ] Free: 97547K, Max: 256K regular, 74496K humongous, Frag: 24% external, 0% internal; Reserve: 26368K, Max: 256K
[308.090s][info][gc,start       ] GC(176) Concurrent reset
[308.090s][info][gc,task        ] GC(176) Using 3 of 6 workers for concurrent reset
[308.090s][info][gc,ergo        ] GC(176) Pacer for Reset. Non-Taxable: 512M
[308.090s][info][gc             ] GC(176) Concurrent reset 0.349ms
[308.090s][info][gc,start       ] GC(176) Pause Init Mark (unload classes)
[308.090s][info][gc,task        ] GC(176) Using 6 of 6 workers for init marking
[308.090s][info][gc,ergo        ] GC(176) Pacer for Mark. Expected Live: 118M, Free: 97547K, Non-Taxable: 9754K, Alloc Tax Rate: 1.5x
[308.090s][info][gc             ] GC(176) Pause Init Mark (unload classes) 0.118ms
[308.090s][info][gc,start       ] GC(176) Concurrent marking roots
[308.090s][info][gc,task        ] GC(176) Using 3 of 6 workers for concurrent marking roots
[308.091s][info][gc             ] GC(176) Concurrent marking roots 0.286ms
[308.091s][info][gc,start       ] GC(176) Concurrent marking (unload classes)
[308.091s][info][gc,task        ] GC(176) Using 3 of 6 workers for concurrent marking
[308.091s][info][gc             ] GC(176) Concurrent marking (unload classes) 0.759ms
[308.092s][info][gc,start       ] GC(176) Pause Final Mark (unload classes)
[308.092s][info][gc,task        ] GC(176) Using 6 of 6 workers for final marking
[308.092s][info][gc,ergo        ] GC(176) Collectable Garbage: 280M (99%), Immediate: 280M (99%), CSet: 0B (0%)
[308.092s][info][gc             ] GC(176) Pause Final Mark (unload classes) 0.323ms
[308.092s][info][gc,start       ] GC(176) Concurrent weak references
[308.092s][info][gc,task        ] GC(176) Using 3 of 6 workers for concurrent weak references
[308.092s][info][gc,ref         ] GC(176) Encountered references: Soft: 45, Weak: 116, Final: 0, Phantom: 7
[308.092s][info][gc,ref         ] GC(176) Discovered  references: Soft: 0, Weak: 72, Final: 0, Phantom: 5
[308.092s][info][gc,ref         ] GC(176) Enqueued    references: Soft: 0, Weak: 0, Final: 0, Phantom: 0
[308.092s][info][gc             ] GC(176) Concurrent weak references 0.147ms
[308.092s][info][gc,start       ] GC(176) Concurrent weak roots
[308.092s][info][gc,task        ] GC(176) Using 3 of 6 workers for concurrent weak root
[308.092s][info][gc             ] GC(176) Concurrent weak roots 0.252ms
[308.092s][info][gc,start       ] GC(176) Concurrent cleanup
[308.092s][info][gc             ] GC(176) Concurrent cleanup 387M->107M(512M) 0.062ms
[308.092s][info][gc,ergo        ] GC(176) Free: 378M, Max: 256K regular, 279M humongous, Frag: 27% external, 0% internal; Reserve: 26368K, Max: 256K
[308.092s][info][gc,start       ] GC(176) Concurrent class unloading
[308.092s][info][gc,task        ] GC(176) Using 3 of 6 workers for concurrent class unloading
[308.093s][info][gc             ] GC(176) Concurrent class unloading 0.389ms
[308.093s][info][gc,start       ] GC(176) Pause Final Roots
[308.093s][info][gc             ] GC(176) Pause Final Roots 0.018ms
[308.093s][info][gc,ergo        ] Free: 378M, Max: 256K regular, 279M humongous, Frag: 27% external, 0% internal; Reserve: 26368K, Max: 256K
[308.093s][info][gc,stats       ] 
[308.093s][info][gc,stats       ] All times are wall-clock times, except per-root-class counters, that are sum over
[308.093s][info][gc,stats       ] all workers. Dividing the <total> over the root stage time estimates parallelism.
[308.093s][info][gc,stats       ] 
[308.093s][info][gc,stats       ] Concurrent Reset                    370 us
[308.093s][info][gc,stats       ] Pause Init Mark (G)                 230 us
[308.093s][info][gc,stats       ] Pause Init Mark (N)                 127 us
[308.093s][info][gc,stats       ]   Update Region States               66 us
[308.093s][info][gc,stats       ] Concurrent Mark Roots               303 us, parallelism: 1.10x
[308.093s][info][gc,stats       ]   CMR: <total>                      335 us
[308.093s][info][gc,stats       ]   CMR: Thread Roots                 301 us, workers (us):  40, 192,  69, ---, ---, ---, 
[308.093s][info][gc,stats       ]   CMR: VM Strong Roots                4 us, workers (us):   3,   0,   0, ---, ---, ---, 
[308.093s][info][gc,stats       ]   CMR: CLDG Roots                    30 us, workers (us):  30, ---, ---, ---, ---, ---, 
[308.093s][info][gc,stats       ] Concurrent Marking                  776 us
[308.093s][info][gc,stats       ] Pause Final Mark (G)                489 us
[308.093s][info][gc,stats       ] Pause Final Mark (N)                333 us
[308.093s][info][gc,stats       ]   Finish Mark                       150 us
[308.093s][info][gc,stats       ]   Update Region States               93 us
[308.093s][info][gc,stats       ]   Choose Collection Set              41 us
[308.093s][info][gc,stats       ]   Rebuild Free Set                    8 us
[308.093s][info][gc,stats       ] Concurrent Weak References          156 us, parallelism: 0.02x
[308.093s][info][gc,stats       ]   CWRF: <total>                       3 us
[308.093s][info][gc,stats       ]   CWRF: Weak References               3 us, workers (us):   3,   0,   0, ---, ---, ---, 
[308.093s][info][gc,stats       ] Concurrent Weak Roots               278 us
[308.093s][info][gc,stats       ]   Roots                             147 us, parallelism: 0.69x
[308.093s][info][gc,stats       ]     CWR: <total>                    102 us
[308.093s][info][gc,stats       ]     CWR: Code Cache Roots            50 us, workers (us):  34,   0,  16, ---, ---, ---, 
[308.093s][info][gc,stats       ]     CWR: VM Weak Roots               51 us, workers (us):  18,  17,  17, ---, ---, ---, 
[308.093s][info][gc,stats       ]     CWR: CLDG Roots                   1 us, workers (us): ---,   1, ---, ---, ---, ---, 
[308.093s][info][gc,stats       ]   Rendezvous                         88 us
[308.093s][info][gc,stats       ] Concurrent Cleanup                   77 us
[308.093s][info][gc,stats       ] Concurrent Class Unloading          407 us
[308.093s][info][gc,stats       ]   Unlink Stale                      183 us
[308.093s][info][gc,stats       ]     System Dictionary                 1 us
[308.093s][info][gc,stats       ]     Weak Class Links                  0 us
[308.093s][info][gc,stats       ]     Code Roots                      181 us
[308.093s][info][gc,stats       ]   Rendezvous                         90 us
[308.093s][info][gc,stats       ]   Purge Unlinked                     99 us
[308.093s][info][gc,stats       ]     Code Roots                       94 us
[308.093s][info][gc,stats       ]     CLDG                              4 us
[308.093s][info][gc,stats       ]     Exception Caches                  0 us
[308.093s][info][gc,stats       ] Pause Final Roots (G)                83 us
[308.093s][info][gc,stats       ] Pause Final Roots (N)                27 us
[308.093s][info][gc,stats       ] Pacing                            47601 us
[308.093s][info][gc,stats       ] 
[308.093s][info][gc,stats       ] Allocation pacing accrued:
[308.093s][info][gc,stats       ]      48 of  1463 ms (  3.3%): main
[308.093s][info][gc,stats       ]      48 of  1463 ms (  3.3%): <total>
[308.093s][info][gc,stats       ]       4 of  1463 ms (  0.3%): <average total>
[308.093s][info][gc,stats       ]      48 of  1463 ms (  3.3%): <average non-zero>
[308.093s][info][gc,stats       ] 
[308.093s][info][gc,metaspace   ] Metaspace: 1071K(1280K)->1071K(1280K) NonClass: 990K(1088K)->990K(1088K) Class: 81K(192K)->81K(192K)
[308.093s][info][gc,ergo        ] Pacer for Idle. Initial: 10485K, Alloc Tax Rate: 1.0x
[311.189s][info][gc             ] Trigger: Average GC time (6.31 ms) is above the time for average allocation rate (4067 KB/s) to deplete free headroom (0B) (margin of error = 3.27)
[311.189s][info][gc,ergo        ] Free headroom: 107M (free) - 26214K (spike) - 83886K (penalties) = 0B
[311.189s][info][gc,ergo        ] Free: 107M, Max: 256K regular, 74496K humongous, Frag: 33% external, 0% internal; Reserve: 26368K, Max: 256K
[311.189s][info][gc,start       ] GC(177) Concurrent reset
[311.189s][info][gc,task        ] GC(177) Using 3 of 6 workers for concurrent reset
[311.189s][info][gc,ergo        ] GC(177) Pacer for Reset. Non-Taxable: 512M
[311.189s][info][gc             ] GC(177) Concurrent reset 0.186ms
[311.189s][info][gc,start       ] GC(177) Pause Init Mark (unload classes)
[311.189s][info][gc,task        ] GC(177) Using 6 of 6 workers for init marking
[311.189s][info][gc,ergo        ] GC(177) Pacer for Mark. Expected Live: 117M, Free: 107M, Non-Taxable: 11009K, Alloc Tax Rate: 1.3x
[311.189s][info][gc             ] GC(177) Pause Init Mark (unload classes) 0.074ms
[311.189s][info][gc,start       ] GC(177) Concurrent marking roots
[311.189s][info][gc,task        ] GC(177) Using 3 of 6 workers for concurrent marking roots
[311.190s][info][gc             ] GC(177) Concurrent marking roots 0.263ms
[311.190s][info][gc,start       ] GC(177) Concurrent marking (unload classes)
[311.190s][info][gc,task        ] GC(177) Using 3 of 6 workers for concurrent marking
[311.190s][info][gc             ] GC(177) Concurrent marking (unload classes) 0.826ms
[311.190s][info][gc,start       ] GC(177) Pause Final Mark (unload classes)
[311.190s][info][gc,task        ] GC(177) Using 6 of 6 workers for final marking
[311.191s][info][gc,ergo        ] GC(177) Collectable Garbage: 369M (99%), Immediate: 369M (99%), CSet: 0B (0%)
[311.191s][info][gc             ] GC(177) Pause Final Mark (unload classes) 0.147ms
[311.191s][info][gc,start       ] GC(177) Concurrent weak references
[311.191s][info][gc,task        ] GC(177) Using 3 of 6 workers for concurrent weak references
[311.191s][info][gc,ref         ] GC(177) Encountered references: Soft: 45, Weak: 116, Final: 0, Phantom: 7
[311.191s][info][gc,ref         ] GC(177) Discovered  references: Soft: 0, Weak: 84, Final: 0, Phantom: 5
[311.191s][info][gc,ref         ] GC(177) Enqueued    references: Soft: 0, Weak: 0, Final: 0, Phantom: 0
[311.191s][info][gc             ] GC(177) Concurrent weak references 0.078ms
[311.191s][info][gc,start       ] GC(177) Concurrent weak roots
[311.191s][info][gc,task        ] GC(177) Using 3 of 6 workers for concurrent weak root
[311.191s][info][gc             ] GC(177) Concurrent weak roots 0.117ms
[311.191s][info][gc,start       ] GC(177) Concurrent cleanup
[311.191s][info][gc             ] GC(177) Concurrent cleanup 372M->3M(512M) 0.082ms
[311.191s][info][gc,ergo        ] GC(177) Free: 482M, Max: 256K regular, 275M humongous, Frag: 43% external, 0% internal; Reserve: 26368K, Max: 256K
[311.191s][info][gc,start       ] GC(177) Concurrent class unloading
[311.191s][info][gc,task        ] GC(177) Using 3 of 6 workers for concurrent class unloading
[311.191s][info][gc             ] GC(177) Concurrent class unloading 0.234ms
[311.191s][info][gc,start       ] GC(177) Pause Final Roots
[311.191s][info][gc             ] GC(177) Pause Final Roots 0.120ms
[311.191s][info][gc,ergo        ] Free: 482M, Max: 256K regular, 275M humongous, Frag: 43% external, 0% internal; Reserve: 26368K, Max: 256K
[311.191s][info][gc,stats       ] 
[311.191s][info][gc,stats       ] All times are wall-clock times, except per-root-class counters, that are sum over
[311.191s][info][gc,stats       ] all workers. Dividing the <total> over the root stage time estimates parallelism.
[311.191s][info][gc,stats       ] 
[311.191s][info][gc,stats       ] Concurrent Reset                    203 us
[311.191s][info][gc,stats       ] Pause Init Mark (G)                 118 us
[311.191s][info][gc,stats       ] Pause Init Mark (N)                  84 us
[311.191s][info][gc,stats       ]   Update Region States               25 us
[311.191s][info][gc,stats       ] Concurrent Mark Roots               278 us, parallelism: 1.26x
[311.192s][info][gc,stats       ]   CMR: <total>                      351 us
[311.192s][info][gc,stats       ]   CMR: Thread Roots                 310 us, workers (us): 196,  74,  40, ---, ---, ---, 
[311.192s][info][gc,stats       ]   CMR: VM Strong Roots                4 us, workers (us):   2,   2,   0, ---, ---, ---, 
[311.192s][info][gc,stats       ]   CMR: CLDG Roots                    37 us, workers (us): ---, ---,  37, ---, ---, ---, 
[311.192s][info][gc,stats       ] Concurrent Marking                  846 us
[311.192s][info][gc,stats       ] Pause Final Mark (G)                198 us
[311.192s][info][gc,stats       ] Pause Final Mark (N)                158 us
[311.192s][info][gc,stats       ]   Finish Mark                        30 us
[311.192s][info][gc,stats       ]   Update Region States               31 us
[311.192s][info][gc,stats       ]   Choose Collection Set              47 us
[311.192s][info][gc,stats       ]   Rebuild Free Set                    9 us
[311.192s][info][gc,stats       ] Concurrent Weak References           86 us, parallelism: 0.07x
[311.192s][info][gc,stats       ]   CWRF: <total>                       6 us
[311.192s][info][gc,stats       ]   CWRF: Weak References               6 us, workers (us):   2,   4,   0, ---, ---, ---, 
[311.192s][info][gc,stats       ] Concurrent Weak Roots               135 us
[311.192s][info][gc,stats       ]   Roots                              71 us, parallelism: 1.32x
[311.192s][info][gc,stats       ]     CWR: <total>                     94 us
[311.192s][info][gc,stats       ]     CWR: Code Cache Roots            51 us, workers (us):   0,  17,  34, ---, ---, ---, 
[311.192s][info][gc,stats       ]     CWR: VM Weak Roots               42 us, workers (us):  15,  14,  13, ---, ---, ---, 
[311.192s][info][gc,stats       ]     CWR: CLDG Roots                   1 us, workers (us):   1, ---, ---, ---, ---, ---, 
[311.192s][info][gc,stats       ]   Rendezvous                         29 us
[311.192s][info][gc,stats       ] Concurrent Cleanup                   93 us
[311.192s][info][gc,stats       ] Concurrent Class Unloading          251 us
[311.192s][info][gc,stats       ]   Unlink Stale                      164 us
[311.192s][info][gc,stats       ]     System Dictionary                 1 us
[311.192s][info][gc,stats       ]     Weak Class Links                  0 us
[311.192s][info][gc,stats       ]     Code Roots                      162 us
[311.192s][info][gc,stats       ]   Rendezvous                         25 us
[311.192s][info][gc,stats       ]   Purge Unlinked                     24 us
[311.192s][info][gc,stats       ]     Code Roots                       21 us
[311.192s][info][gc,stats       ]     CLDG                              3 us
[311.192s][info][gc,stats       ]     Exception Caches                  0 us
[311.192s][info][gc,stats       ] Pause Final Roots (G)               163 us
[311.192s][info][gc,stats       ] Pause Final Roots (N)               133 us
[311.192s][info][gc,stats       ] Pacing                            47942 us
[311.192s][info][gc,stats       ] 
[311.192s][info][gc,stats       ] Allocation pacing accrued:
[311.192s][info][gc,stats       ]      48 of  3098 ms (  1.5%): main
[311.192s][info][gc,stats       ]      48 of  3098 ms (  1.5%): <total>
[311.192s][info][gc,stats       ]       4 of  3098 ms (  0.1%): <average total>
[311.192s][info][gc,stats       ]      48 of  3098 ms (  1.5%): <average non-zero>
[311.192s][info][gc,stats       ] 
[311.192s][info][gc,metaspace   ] Metaspace: 1071K(1280K)->1071K(1280K) NonClass: 990K(1088K)->990K(1088K) Class: 81K(192K)->81K(192K)
[311.192s][info][gc,ergo        ] Pacer for Idle. Initial: 10485K, Alloc Tax Rate: 1.0x
[313.919s][info][gc             ] Trigger: Free (35339K) is below minimum threshold (52428K)
[313.919s][info][gc,ergo        ] Free: 35339K, Max: 256K regular, 26368K humongous, Frag: 26% external, 0% internal; Reserve: 26368K, Max: 256K
[313.919s][info][gc,start       ] GC(178) Concurrent reset
[313.919s][info][gc,task        ] GC(178) Using 3 of 6 workers for concurrent reset
[313.919s][info][gc,ergo        ] GC(178) Pacer for Reset. Non-Taxable: 512M
[313.919s][info][gc             ] GC(178) Concurrent reset 0.121ms
[313.919s][info][gc,start       ] GC(178) Pause Init Mark (unload classes)
[313.919s][info][gc,task        ] GC(178) Using 6 of 6 workers for init marking
[313.920s][info][gc,ergo        ] GC(178) Pacer for Mark. Expected Live: 98080K, Free: 35339K, Non-Taxable: 3533K, Alloc Tax Rate: 3.4x
[313.920s][info][gc             ] GC(178) Pause Init Mark (unload classes) 0.073ms
[313.920s][info][gc,start       ] GC(178) Concurrent marking roots
[313.920s][info][gc,task        ] GC(178) Using 3 of 6 workers for concurrent marking roots
[313.920s][info][gc             ] GC(178) Concurrent marking roots 0.263ms
[313.920s][info][gc,start       ] GC(178) Concurrent marking (unload classes)
[313.920s][info][gc,task        ] GC(178) Using 3 of 6 workers for concurrent marking
[313.920s][info][gc             ] GC(178) Concurrent marking (unload classes) 0.655ms
[313.921s][info][gc,start       ] GC(178) Pause Final Mark (unload classes)
[313.921s][info][gc,task        ] GC(178) Using 6 of 6 workers for final marking
[313.921s][info][gc,ergo        ] GC(178) Collectable Garbage: 303M (99%), Immediate: 303M (99%), CSet: 0B (0%)
[313.921s][info][gc             ] GC(178) Pause Final Mark (unload classes) 0.136ms
[313.921s][info][gc,start       ] GC(178) Concurrent weak references
[313.921s][info][gc,task        ] GC(178) Using 3 of 6 workers for concurrent weak references
[313.921s][info][gc,ref         ] GC(178) Encountered references: Soft: 45, Weak: 116, Final: 0, Phantom: 7
[313.921s][info][gc,ref         ] GC(178) Discovered  references: Soft: 0, Weak: 87, Final: 0, Phantom: 5
[313.921s][info][gc,ref         ] GC(178) Enqueued    references: Soft: 0, Weak: 0, Final: 0, Phantom: 0
[313.921s][info][gc             ] GC(178) Concurrent weak references 0.082ms
[313.921s][info][gc,start       ] GC(178) Concurrent weak roots
[313.921s][info][gc,task        ] GC(178) Using 3 of 6 workers for concurrent weak root
[313.921s][info][gc             ] GC(178) Concurrent weak roots 0.113ms
[313.921s][info][gc,start       ] GC(178) Concurrent cleanup
[313.921s][info][gc             ] GC(178) Concurrent cleanup 445M->142M(512M) 0.062ms
[313.921s][info][gc,ergo        ] GC(178) Free: 342M, Max: 256K regular, 178M humongous, Frag: 48% external, 0% internal; Reserve: 26368K, Max: 256K
[313.921s][info][gc,start       ] GC(178) Concurrent class unloading
[313.921s][info][gc,task        ] GC(178) Using 3 of 6 workers for concurrent class unloading
[313.921s][info][gc             ] GC(178) Concurrent class unloading 0.215ms
[313.921s][info][gc,start       ] GC(178) Pause Final Roots
[313.921s][info][gc             ] GC(178) Pause Final Roots 0.013ms
[313.921s][info][gc,ergo        ] Free: 342M, Max: 256K regular, 178M humongous, Frag: 48% external, 0% internal; Reserve: 26368K, Max: 256K
[313.921s][info][gc,stats       ] 
[313.921s][info][gc,stats       ] All times are wall-clock times, except per-root-class counters, that are sum over
[313.921s][info][gc,stats       ] all workers. Dividing the <total> over the root stage time estimates parallelism.
[313.921s][info][gc,stats       ] 
[313.921s][info][gc,stats       ] Concurrent Reset                    136 us
[313.921s][info][gc,stats       ] Pause Init Mark (G)                 115 us
[313.921s][info][gc,stats       ] Pause Init Mark (N)                  82 us
[313.921s][info][gc,stats       ]   Update Region States               24 us
[313.921s][info][gc,stats       ] Concurrent Mark Roots               277 us, parallelism: 1.21x
[313.921s][info][gc,stats       ]   CMR: <total>                      336 us
[313.921s][info][gc,stats       ]   CMR: Thread Roots                 304 us, workers (us):  35,  69, 200, ---, ---, ---, 
[313.921s][info][gc,stats       ]   CMR: VM Strong Roots                4 us, workers (us):   2,   2,   0, ---, ---, ---, 
[313.921s][info][gc,stats       ]   CMR: CLDG Roots                    28 us, workers (us):  28, ---, ---, ---, ---, ---, 
[313.921s][info][gc,stats       ] Concurrent Marking                  671 us
[313.921s][info][gc,stats       ] Pause Final Mark (G)                180 us
[313.921s][info][gc,stats       ] Pause Final Mark (N)                147 us
[313.921s][info][gc,stats       ]   Finish Mark                        27 us
[313.921s][info][gc,stats       ]   Update Region States               27 us
[313.921s][info][gc,stats       ]   Choose Collection Set              42 us
[313.921s][info][gc,stats       ]   Rebuild Free Set                    8 us
[313.921s][info][gc,stats       ] Concurrent Weak References           91 us, parallelism: 0.05x
[313.921s][info][gc,stats       ]   CWRF: <total>                       4 us
[313.921s][info][gc,stats       ]   CWRF: Weak References               4 us, workers (us):   3,   1,   0, ---, ---, ---, 
[313.921s][info][gc,stats       ] Concurrent Weak Roots               123 us
[313.921s][info][gc,stats       ]   Roots                              69 us, parallelism: 1.35x
[313.921s][info][gc,stats       ]     CWR: <total>                     94 us
[313.921s][info][gc,stats       ]     CWR: Code Cache Roots            51 us, workers (us):  34,   0,  17, ---, ---, ---, 
[313.921s][info][gc,stats       ]     CWR: VM Weak Roots               42 us, workers (us):  15,  14,  14, ---, ---, ---, 
[313.922s][info][gc,stats       ]     CWR: CLDG Roots                   1 us, workers (us): ---,   1, ---, ---, ---, ---, 
[313.922s][info][gc,stats       ]   Rendezvous                         26 us
[313.922s][info][gc,stats       ] Concurrent Cleanup                   72 us
[313.922s][info][gc,stats       ] Concurrent Class Unloading          228 us
[313.922s][info][gc,stats       ]   Unlink Stale                      154 us
[313.922s][info][gc,stats       ]     System Dictionary                 1 us
[313.922s][info][gc,stats       ]     Weak Class Links                  0 us
[313.922s][info][gc,stats       ]     Code Roots                      152 us
[313.922s][info][gc,stats       ]   Rendezvous                         24 us
[313.922s][info][gc,stats       ]   Purge Unlinked                     20 us
[313.922s][info][gc,stats       ]     Code Roots                       18 us
[313.922s][info][gc,stats       ]     CLDG                              2 us
[313.922s][info][gc,stats       ]     Exception Caches                  0 us
[313.922s][info][gc,stats       ] Pause Final Roots (G)                44 us
[313.922s][info][gc,stats       ] Pause Final Roots (N)                25 us
[313.922s][info][gc,stats       ] Pacing                            94507 us
[313.922s][info][gc,stats       ] 
[313.922s][info][gc,stats       ] Allocation pacing accrued:
[313.922s][info][gc,stats       ]      95 of  2730 ms (  3.5%): main
[313.922s][info][gc,stats       ]      95 of  2730 ms (  3.5%): <total>
[313.922s][info][gc,stats       ]       7 of  2730 ms (  0.3%): <average total>
[313.922s][info][gc,stats       ]      95 of  2730 ms (  3.5%): <average non-zero>
[313.922s][info][gc,stats       ] 
[313.922s][info][gc,metaspace   ] Metaspace: 1071K(1280K)->1071K(1280K) NonClass: 990K(1088K)->990K(1088K) Class: 81K(192K)->81K(192K)
[313.922s][info][gc,ergo        ] Pacer for Idle. Initial: 10485K, Alloc Tax Rate: 1.0x
[316.601s][info][gc             ] Trigger: Average GC time (4.36 ms) is above the time for average allocation rate (93615 KB/s) to deplete free headroom (0B) (margin of error = 3.26)
[316.601s][info][gc,ergo        ] Free headroom: 80651K (free) - 26214K (spike) - 73400K (penalties) = 0B
[316.601s][info][gc,ergo        ] Free: 80651K, Max: 256K regular, 51456K humongous, Frag: 37% external, 0% internal; Reserve: 26368K, Max: 256K
[316.601s][info][gc,start       ] GC(179) Concurrent reset
[316.601s][info][gc,task        ] GC(179) Using 3 of 6 workers for concurrent reset
[316.601s][info][gc,ergo        ] GC(179) Pacer for Reset. Non-Taxable: 512M
[316.601s][info][gc             ] GC(179) Concurrent reset 0.293ms
[316.601s][info][gc,start       ] GC(179) Pause Init Mark (unload classes)
[316.601s][info][gc,task        ] GC(179) Using 6 of 6 workers for init marking
[316.601s][info][gc,ergo        ] GC(179) Pacer for Mark. Expected Live: 121M, Free: 80651K, Non-Taxable: 8065K, Alloc Tax Rate: 1.9x
[316.601s][info][gc             ] GC(179) Pause Init Mark (unload classes) 0.106ms
[316.602s][info][gc,start       ] GC(179) Concurrent marking roots
[316.602s][info][gc,task        ] GC(179) Using 3 of 6 workers for concurrent marking roots
[316.602s][info][gc             ] GC(179) Concurrent marking roots 0.254ms
[316.602s][info][gc,start       ] GC(179) Concurrent marking (unload classes)
[316.602s][info][gc,task        ] GC(179) Using 3 of 6 workers for concurrent marking
[316.603s][info][gc             ] GC(179) Concurrent marking (unload classes) 0.723ms
[316.603s][info][gc,start       ] GC(179) Pause Final Mark (unload classes)
[316.603s][info][gc,task        ] GC(179) Using 6 of 6 workers for final marking
[316.603s][info][gc,ergo        ] GC(179) Collectable Garbage: 314M (99%), Immediate: 314M (99%), CSet: 0B (0%)
[316.603s][info][gc             ] GC(179) Pause Final Mark (unload classes) 0.151ms
[316.603s][info][gc,start       ] GC(179) Concurrent weak references
[316.603s][info][gc,task        ] GC(179) Using 3 of 6 workers for concurrent weak references
[316.603s][info][gc,ref         ] GC(179) Encountered references: Soft: 45, Weak: 116, Final: 0, Phantom: 7
[316.603s][info][gc,ref         ] GC(179) Discovered  references: Soft: 0, Weak: 68, Final: 0, Phantom: 5
[316.603s][info][gc,ref         ] GC(179) Enqueued    references: Soft: 0, Weak: 0, Final: 0, Phantom: 0
[316.603s][info][gc             ] GC(179) Concurrent weak references 0.074ms
[316.603s][info][gc,start       ] GC(179) Concurrent weak roots
[316.603s][info][gc,task        ] GC(179) Using 3 of 6 workers for concurrent weak root
[316.603s][info][gc             ] GC(179) Concurrent weak roots 0.111ms
[316.603s][info][gc,start       ] GC(179) Concurrent cleanup
[316.603s][info][gc             ] GC(179) Concurrent cleanup 401M->87M(512M) 0.065ms
[316.603s][info][gc,ergo        ] GC(179) Free: 397M, Max: 256K regular, 196M humongous, Frag: 51% external, 0% internal; Reserve: 26368K, Max: 256K
[316.603s][info][gc,start       ] GC(179) Concurrent class unloading
[316.603s][info][gc,task        ] GC(179) Using 3 of 6 workers for concurrent class unloading
[316.603s][info][gc             ] GC(179) Concurrent class unloading 0.212ms
[316.603s][info][gc,start       ] GC(179) Pause Final Roots
[316.603s][info][gc             ] GC(179) Pause Final Roots 0.018ms
[316.603s][info][gc,ergo        ] Free: 397M, Max: 256K regular, 196M humongous, Frag: 51% external, 0% internal; Reserve: 26368K, Max: 256K
[316.603s][info][gc,stats       ] 
[316.603s][info][gc,stats       ] All times are wall-clock times, except per-root-class counters, that are sum over
[316.603s][info][gc,stats       ] all workers. Dividing the <total> over the root stage time estimates parallelism.
[316.603s][info][gc,stats       ] 
[316.603s][info][gc,stats       ] Concurrent Reset                    325 us
[316.603s][info][gc,stats       ] Pause Init Mark (G)                 576 us
[316.603s][info][gc,stats       ] Pause Init Mark (N)                 115 us
[316.603s][info][gc,stats       ]   Update Region States               44 us
[316.603s][info][gc,stats       ] Concurrent Mark Roots               270 us, parallelism: 1.13x
[316.603s][info][gc,stats       ]   CMR: <total>                      306 us
[316.603s][info][gc,stats       ]   CMR: Thread Roots                 271 us, workers (us): 166,  37,  69, ---, ---, ---, 
[316.603s][info][gc,stats       ]   CMR: VM Strong Roots                4 us, workers (us):   3,   1,   0, ---, ---, ---, 
[316.603s][info][gc,stats       ]   CMR: CLDG Roots                    31 us, workers (us):  31, ---, ---, ---, ---, ---, 
[316.603s][info][gc,stats       ] Concurrent Marking                  743 us
[316.603s][info][gc,stats       ] Pause Final Mark (G)                197 us
[316.603s][info][gc,stats       ] Pause Final Mark (N)                162 us
[316.603s][info][gc,stats       ]   Finish Mark                        37 us
[316.603s][info][gc,stats       ]   Update Region States               32 us
[316.603s][info][gc,stats       ]   Choose Collection Set              38 us
[316.603s][info][gc,stats       ]   Rebuild Free Set                   16 us
[316.603s][info][gc,stats       ] Concurrent Weak References           83 us, parallelism: 0.06x
[316.604s][info][gc,stats       ]   CWRF: <total>                       5 us
[316.604s][info][gc,stats       ]   CWRF: Weak References               5 us, workers (us):   3,   1,   0, ---, ---, ---, 
[316.604s][info][gc,stats       ] Concurrent Weak Roots               124 us
[316.604s][info][gc,stats       ]   Roots                              71 us, parallelism: 1.32x
[316.604s][info][gc,stats       ]     CWR: <total>                     94 us
[316.604s][info][gc,stats       ]     CWR: Code Cache Roots            51 us, workers (us):   0,  35,  16, ---, ---, ---, 
[316.604s][info][gc,stats       ]     CWR: VM Weak Roots               42 us, workers (us):  14,  14,  14, ---, ---, ---, 
[316.604s][info][gc,stats       ]     CWR: CLDG Roots                   1 us, workers (us):   1, ---, ---, ---, ---, ---, 
[316.604s][info][gc,stats       ]   Rendezvous                         24 us
[316.604s][info][gc,stats       ] Concurrent Cleanup                   75 us
[316.604s][info][gc,stats       ] Concurrent Class Unloading          225 us
[316.604s][info][gc,stats       ]   Unlink Stale                      146 us
[316.604s][info][gc,stats       ]     System Dictionary                 1 us
[316.604s][info][gc,stats       ]     Weak Class Links                  0 us
[316.604s][info][gc,stats       ]     Code Roots                      144 us
[316.604s][info][gc,stats       ]   Rendezvous                         25 us
[316.604s][info][gc,stats       ]   Purge Unlinked                     24 us
[316.604s][info][gc,stats       ]     Code Roots                       22 us
[316.604s][info][gc,stats       ]     CLDG                              2 us
[316.604s][info][gc,stats       ]     Exception Caches                  0 us
[316.604s][info][gc,stats       ] Pause Final Roots (G)                50 us
[316.604s][info][gc,stats       ] Pause Final Roots (N)                27 us
[316.604s][info][gc,stats       ] Pacing                            63355 us
[316.604s][info][gc,stats       ] 
[316.604s][info][gc,stats       ] Allocation pacing accrued:
[316.604s][info][gc,stats       ]      63 of  2682 ms (  2.4%): main
[316.604s][info][gc,stats       ]      63 of  2682 ms (  2.4%): <total>
[316.604s][info][gc,stats       ]       5 of  2682 ms (  0.2%): <average total>
[316.604s][info][gc,stats       ]      63 of  2682 ms (  2.4%): <average non-zero>
[316.604s][info][gc,stats       ] 
[316.604s][info][gc,metaspace   ] Metaspace: 1071K(1280K)->1071K(1280K) NonClass: 990K(1088K)->990K(1088K) Class: 81K(192K)->81K(192K)
[316.604s][info][gc,ergo        ] Pacer for Idle. Initial: 10485K, Alloc Tax Rate: 1.0x
[318.326s][info][gc             ] Trigger: Free (22539K) is below minimum threshold (52428K)
[318.326s][info][gc,ergo        ] Free: 22539K, Max: 256K regular, 15872K humongous, Frag: 30% external, 2% internal; Reserve: 26368K, Max: 256K
[318.326s][info][gc,start       ] GC(180) Concurrent reset
[318.326s][info][gc,task        ] GC(180) Using 3 of 6 workers for concurrent reset
[318.326s][info][gc,ergo        ] GC(180) Pacer for Reset. Non-Taxable: 512M
[318.327s][info][gc             ] GC(180) Concurrent reset 0.195ms
[318.327s][info][gc,start       ] GC(180) Pause Init Mark (unload classes)
[318.327s][info][gc,task        ] GC(180) Using 6 of 6 workers for init marking
[318.327s][info][gc,ergo        ] GC(180) Pacer for Mark. Expected Live: 103M, Free: 22539K, Non-Taxable: 2253K, Alloc Tax Rate: 5.8x
[318.327s][info][gc             ] GC(180) Pause Init Mark (unload classes) 0.078ms
[318.327s][info][gc,start       ] GC(180) Concurrent marking roots
[318.327s][info][gc,task        ] GC(180) Using 3 of 6 workers for concurrent marking roots
[318.327s][info][gc             ] GC(180) Concurrent marking roots 0.255ms
[318.327s][info][gc,start       ] GC(180) Concurrent marking (unload classes)
[318.327s][info][gc,task        ] GC(180) Using 3 of 6 workers for concurrent marking
[318.328s][info][gc             ] GC(180) Concurrent marking (unload classes) 0.846ms
[318.328s][info][gc,start       ] GC(180) Pause Final Mark (unload classes)
[318.328s][info][gc,task        ] GC(180) Using 6 of 6 workers for final marking
[318.328s][info][gc,ergo        ] GC(180) Collectable Garbage: 197M (99%), Immediate: 197M (99%), CSet: 0B (0%)
[318.328s][info][gc             ] GC(180) Pause Final Mark (unload classes) 0.139ms
[318.328s][info][gc,start       ] GC(180) Concurrent weak references
[318.328s][info][gc,task        ] GC(180) Using 3 of 6 workers for concurrent weak references
[318.328s][info][gc,ref         ] GC(180) Encountered references: Soft: 45, Weak: 116, Final: 0, Phantom: 7
[318.328s][info][gc,ref         ] GC(180) Discovered  references: Soft: 0, Weak: 95, Final: 0, Phantom: 5
[318.328s][info][gc,ref         ] GC(180) Enqueued    references: Soft: 0, Weak: 0, Final: 0, Phantom: 0
[318.328s][info][gc             ] GC(180) Concurrent weak references 0.077ms
[318.328s][info][gc,start       ] GC(180) Concurrent weak roots
[318.328s][info][gc,task        ] GC(180) Using 3 of 6 workers for concurrent weak root
[318.328s][info][gc             ] GC(180) Concurrent weak roots 0.126ms
[318.328s][info][gc,start       ] GC(180) Concurrent cleanup
[318.328s][info][gc             ] GC(180) Concurrent cleanup 459M->262M(512M) 0.058ms
[318.328s][info][gc,ergo        ] GC(180) Free: 222M, Max: 256K regular, 129M humongous, Frag: 42% external, 0% internal; Reserve: 26368K, Max: 256K
[318.328s][info][gc,start       ] GC(180) Concurrent class unloading
[318.328s][info][gc,task        ] GC(180) Using 3 of 6 workers for concurrent class unloading
[318.329s][info][gc             ] GC(180) Concurrent class unloading 0.257ms
[318.329s][info][gc,start       ] GC(180) Pause Final Roots
[318.329s][info][gc             ] GC(180) Pause Final Roots 0.021ms
[318.329s][info][gc,ergo        ] Free: 222M, Max: 256K regular, 129M humongous, Frag: 42% external, 0% internal; Reserve: 26368K, Max: 256K
[318.329s][info][gc,stats       ] 
[318.329s][info][gc,stats       ] All times are wall-clock times, except per-root-class counters, that are sum over
[318.329s][info][gc,stats       ] all workers. Dividing the <total> over the root stage time estimates parallelism.
[318.329s][info][gc,stats       ] 
[318.329s][info][gc,stats       ] Concurrent Reset                    210 us
[318.329s][info][gc,stats       ] Pause Init Mark (G)                 123 us
[318.329s][info][gc,stats       ] Pause Init Mark (N)                  88 us
[318.329s][info][gc,stats       ]   Update Region States               21 us
[318.329s][info][gc,stats       ] Concurrent Mark Roots               274 us, parallelism: 1.36x
[318.329s][info][gc,stats       ]   CMR: <total>                      372 us
[318.329s][info][gc,stats       ]   CMR: Thread Roots                 328 us, workers (us): 203,  43,  82, ---, ---, ---, 
[318.329s][info][gc,stats       ]   CMR: VM Strong Roots                6 us, workers (us):   2,   2,   2, ---, ---, ---, 
[318.329s][info][gc,stats       ]   CMR: CLDG Roots                    38 us, workers (us): ---,  38, ---, ---, ---, ---, 
[318.329s][info][gc,stats       ] Concurrent Marking                  872 us
[318.329s][info][gc,stats       ] Pause Final Mark (G)                189 us
[318.329s][info][gc,stats       ] Pause Final Mark (N)                150 us
[318.329s][info][gc,stats       ]   Finish Mark                        26 us
[318.329s][info][gc,stats       ]   Update Region States               33 us
[318.329s][info][gc,stats       ]   Choose Collection Set              41 us
[318.329s][info][gc,stats       ]   Rebuild Free Set                    8 us
[318.329s][info][gc,stats       ] Concurrent Weak References           85 us, parallelism: 0.10x
[318.329s][info][gc,stats       ]   CWRF: <total>                       9 us
[318.329s][info][gc,stats       ]   CWRF: Weak References               9 us, workers (us):   2,   7,   0, ---, ---, ---, 
[318.329s][info][gc,stats       ] Concurrent Weak Roots               145 us
[318.329s][info][gc,stats       ]   Roots                              77 us, parallelism: 1.34x
[318.329s][info][gc,stats       ]     CWR: <total>                    103 us
[318.329s][info][gc,stats       ]     CWR: Code Cache Roots            56 us, workers (us):  37,  19,   0, ---, ---, ---, 
[318.329s][info][gc,stats       ]     CWR: VM Weak Roots               46 us, workers (us):  16,  17,  14, ---, ---, ---, 
[318.329s][info][gc,stats       ]     CWR: CLDG Roots                   1 us, workers (us): ---, ---,   1, ---, ---, ---, 
[318.329s][info][gc,stats       ]   Rendezvous                         33 us
[318.329s][info][gc,stats       ] Concurrent Cleanup                   69 us
[318.329s][info][gc,stats       ] Concurrent Class Unloading          273 us
[318.329s][info][gc,stats       ]   Unlink Stale                      167 us
[318.329s][info][gc,stats       ]     System Dictionary                 1 us
[318.329s][info][gc,stats       ]     Weak Class Links                  0 us
[318.329s][info][gc,stats       ]     Code Roots                      165 us
[318.329s][info][gc,stats       ]   Rendezvous                         34 us
[318.329s][info][gc,stats       ]   Purge Unlinked                     30 us
[318.329s][info][gc,stats       ]     Code Roots                       27 us
[318.329s][info][gc,stats       ]     CLDG                              3 us
[318.329s][info][gc,stats       ]     Exception Caches                  0 us
[318.329s][info][gc,stats       ] Pause Final Roots (G)                57 us
[318.329s][info][gc,stats       ] Pause Final Roots (N)                31 us
[318.329s][info][gc,stats       ] Pacing                            79131 us
[318.329s][info][gc,stats       ] 
[318.329s][info][gc,stats       ] Allocation pacing accrued:
[318.329s][info][gc,stats       ]      79 of  1725 ms (  4.6%): main
[318.329s][info][gc,stats       ]      79 of  1725 ms (  4.6%): <total>
[318.329s][info][gc,stats       ]       6 of  1725 ms (  0.4%): <average total>
[318.329s][info][gc,stats       ]      79 of  1725 ms (  4.6%): <average non-zero>
[318.329s][info][gc,stats       ] 
[318.329s][info][gc,metaspace   ] Metaspace: 1071K(1280K)->1071K(1280K) NonClass: 990K(1088K)->990K(1088K) Class: 81K(192K)->81K(192K)
[318.329s][info][gc,ergo        ] Pacer for Idle. Initial: 10485K, Alloc Tax Rate: 1.0x
[319.773s][info][gc             ] Failed to allocate Shared, 100M
[319.773s][info][gc             ] Cancelling GC: Allocation Failure
[319.789s][info][gc             ] Trigger: Handle Allocation Failure
[319.789s][info][gc,ergo        ] Free: 119M, Max: 256K regular, 80896K humongous, Frag: 35% external, 0% internal; Reserve: 26368K, Max: 256K
[319.789s][info][gc,start       ] GC(181) Pause Degenerated GC (Outside of Cycle)
[319.789s][info][gc,task        ] GC(181) Using 6 of 6 workers for stw degenerated gc
[319.790s][info][gc,ref         ] GC(181) Clearing All SoftReferences
[319.790s][info][gc,ref         ] GC(181) Encountered references: Soft: 45, Weak: 116, Final: 0, Phantom: 7
[319.790s][info][gc,ref         ] GC(181) Discovered  references: Soft: 19, Weak: 95, Final: 0, Phantom: 3
[319.790s][info][gc,ref         ] GC(181) Enqueued    references: Soft: 0, Weak: 0, Final: 0, Phantom: 0
[319.791s][info][gc,ergo        ] GC(181) Collectable Garbage: 306M (99%), Immediate: 306M (99%), CSet: 0B (0%)
[319.791s][info][gc,ergo        ] GC(181) Good progress for free space: 428M, need 5242K
[319.791s][info][gc,ergo        ] GC(181) Good progress for used space: 306M, need 256K
[319.791s][info][gc             ] GC(181) Pause Degenerated GC (Outside of Cycle) 363M->57M(512M) 1.732ms
[319.791s][info][gc,ergo        ] Free: 428M, Max: 256K regular, 226M humongous, Frag: 48% external, 0% internal; Reserve: 26368K, Max: 256K
[319.791s][info][gc,stats       ] 
[319.791s][info][gc,stats       ] All times are wall-clock times, except per-root-class counters, that are sum over
[319.791s][info][gc,stats       ] all workers. Dividing the <total> over the root stage time estimates parallelism.
[319.791s][info][gc,stats       ] 
[319.791s][info][gc,stats       ] Pause Degenerated GC (G)           1803 us
[319.791s][info][gc,stats       ] Pause Degenerated GC (N)           1741 us
[319.791s][info][gc,stats       ]   Degen STW Mark                    561 us, parallelism: 5.03x
[319.791s][info][gc,stats       ]     DSM: <total>                   2824 us
[319.791s][info][gc,stats       ]     DSM: Thread Roots                57 us, workers (us):  20,   9,   9,  18,   1,   1, 
[319.791s][info][gc,stats       ]     DSM: VM Strong Roots              5 us, workers (us):   1,   0,   3,   0,   0,   0, 
[319.791s][info][gc,stats       ]     DSM: CLDG Roots                  40 us, workers (us):   0,  38,   0,   0,   0,   0, 
[319.791s][info][gc,stats       ]     DSM: Parallel Mark             2723 us, workers (us): 473, 436, 471, 463, 440, 440, 
[319.791s][info][gc,stats       ]     System Purge                    359 us
[319.791s][info][gc,stats       ]       Weak References               153 us, parallelism: 0.03x
[319.791s][info][gc,stats       ]         WRP: <total>                  5 us
[319.791s][info][gc,stats       ]         WRP: Weak References          5 us, workers (us):   4,   0,   0,   0,   0,   0, 
[319.791s][info][gc,stats       ]       Unload Classes                107 us, parallelism: 3.22x
[319.791s][info][gc,stats       ]         DCU: <total>                344 us
[319.791s][info][gc,stats       ]         DCU: Unload Code Caches      344 us, workers (us):  67,  78,  67,  68,  37,  27, 
[319.791s][info][gc,stats       ]       Weak Roots                     97 us, parallelism: 0.60x
[319.791s][info][gc,stats       ]         DWR: <total>                 58 us
[319.791s][info][gc,stats       ]         DWR: VM Weak Roots           58 us, workers (us):  27,  14,  14,   1,   1,   1, 
[319.791s][info][gc,stats       ]       CLDG                            1 us
[319.791s][info][gc,stats       ]   Update Region States              219 us
[319.791s][info][gc,stats       ]   Manage GC/TLABs                     3 us
[319.791s][info][gc,stats       ]   Choose Collection Set              59 us
[319.791s][info][gc,stats       ]   Rebuild Free Set                   17 us
[319.791s][info][gc,stats       ]   Cleanup                             6 us
[319.791s][info][gc,stats       ] Pacing                            46971 us
[319.791s][info][gc,stats       ] 
[319.791s][info][gc,stats       ] Allocation pacing accrued:
[319.791s][info][gc,stats       ]      47 of  1462 ms (  3.2%): main
[319.791s][info][gc,stats       ]      47 of  1462 ms (  3.2%): <total>
[319.791s][info][gc,stats       ]       4 of  1462 ms (  0.2%): <average total>
[319.791s][info][gc,stats       ]      47 of  1462 ms (  3.2%): <average non-zero>
[319.791s][info][gc,stats       ] 
[319.791s][info][gc,metaspace   ] Metaspace: 1071K(1280K)->1071K(1280K) NonClass: 990K(1088K)->990K(1088K) Class: 81K(192K)->81K(192K)
[319.791s][info][gc,ergo        ] Pacer for Idle. Initial: 10485K, Alloc Tax Rate: 1.0x
[321.253s][info][gc             ] Trigger: Average GC time (3.60 ms) is above the time for average allocation rate (312 MB/s) to deplete free headroom (0B) (margin of error = 3.29)
[321.253s][info][gc,ergo        ] Free headroom: 102M (free) - 26214K (spike) - 112M (penalties) = 0B
[321.253s][info][gc,ergo        ] Free: 102M, Max: 256K regular, 96768K humongous, Frag: 9% external, 0% internal; Reserve: 26368K, Max: 256K
[321.253s][info][gc,start       ] GC(182) Concurrent reset
[321.253s][info][gc,task        ] GC(182) Using 3 of 6 workers for concurrent reset
[321.253s][info][gc,ergo        ] GC(182) Pacer for Reset. Non-Taxable: 512M
[321.253s][info][gc             ] GC(182) Concurrent reset 0.281ms
[321.253s][info][gc,start       ] GC(182) Pause Init Mark (unload classes)
[321.253s][info][gc,task        ] GC(182) Using 6 of 6 workers for init marking
[321.253s][info][gc,ergo        ] GC(182) Pacer for Mark. Expected Live: 131M, Free: 102M, Non-Taxable: 10522K, Alloc Tax Rate: 1.6x
[321.253s][info][gc             ] GC(182) Pause Init Mark (unload classes) 0.153ms
[321.253s][info][gc,start       ] GC(182) Concurrent marking roots
[321.253s][info][gc,task        ] GC(182) Using 3 of 6 workers for concurrent marking roots
[321.254s][info][gc             ] GC(182) Concurrent marking roots 0.316ms
[321.254s][info][gc,start       ] GC(182) Concurrent marking (unload classes)
[321.254s][info][gc,task        ] GC(182) Using 3 of 6 workers for concurrent marking
[321.254s][info][gc             ] GC(182) Concurrent marking (unload classes) 0.780ms
[321.254s][info][gc,start       ] GC(182) Pause Final Mark (unload classes)
[321.254s][info][gc,task        ] GC(182) Using 6 of 6 workers for final marking
[321.255s][info][gc,ergo        ] GC(182) Collectable Garbage: 261M (99%), Immediate: 261M (99%), CSet: 0B (0%)
[321.255s][info][gc             ] GC(182) Pause Final Mark (unload classes) 0.411ms
[321.255s][info][gc,start       ] GC(182) Concurrent weak references
[321.255s][info][gc,task        ] GC(182) Using 3 of 6 workers for concurrent weak references
[321.255s][info][gc,ref         ] GC(182) Encountered references: Soft: 45, Weak: 116, Final: 0, Phantom: 7
[321.255s][info][gc,ref         ] GC(182) Discovered  references: Soft: 0, Weak: 68, Final: 0, Phantom: 5
[321.255s][info][gc,ref         ] GC(182) Enqueued    references: Soft: 0, Weak: 0, Final: 0, Phantom: 0
[321.255s][info][gc             ] GC(182) Concurrent weak references 0.121ms
[321.255s][info][gc,start       ] GC(182) Concurrent weak roots
[321.255s][info][gc,task        ] GC(182) Using 3 of 6 workers for concurrent weak root
[321.255s][info][gc             ] GC(182) Concurrent weak roots 0.225ms
[321.255s][info][gc,start       ] GC(182) Concurrent cleanup
[321.255s][info][gc             ] GC(182) Concurrent cleanup 379M->118M(512M) 0.057ms
[321.255s][info][gc,ergo        ] GC(182) Free: 367M, Max: 256K regular, 135M humongous, Frag: 64% external, 0% internal; Reserve: 26368K, Max: 256K
[321.255s][info][gc,start       ] GC(182) Concurrent class unloading
[321.255s][info][gc,task        ] GC(182) Using 3 of 6 workers for concurrent class unloading
[321.256s][info][gc             ] GC(182) Concurrent class unloading 0.271ms
[321.256s][info][gc,start       ] GC(182) Pause Final Roots
[321.256s][info][gc             ] GC(182) Pause Final Roots 0.016ms
[321.256s][info][gc,ergo        ] Free: 367M, Max: 256K regular, 135M humongous, Frag: 64% external, 0% internal; Reserve: 26368K, Max: 256K
[321.256s][info][gc,stats       ] 
[321.256s][info][gc,stats       ] All times are wall-clock times, except per-root-class counters, that are sum over
[321.256s][info][gc,stats       ] all workers. Dividing the <total> over the root stage time estimates parallelism.
[321.256s][info][gc,stats       ] 
[321.256s][info][gc,stats       ] Concurrent Reset                    301 us
[321.256s][info][gc,stats       ] Pause Init Mark (G)                 264 us
[321.256s][info][gc,stats       ] Pause Init Mark (N)                 162 us
[321.256s][info][gc,stats       ]   Update Region States              102 us
[321.256s][info][gc,stats       ] Concurrent Mark Roots               334 us, parallelism: 1.02x
[321.256s][info][gc,stats       ]   CMR: <total>                      339 us
[321.256s][info][gc,stats       ]   CMR: Thread Roots                 308 us, workers (us): 200,  65,  43, ---, ---, ---, 
[321.256s][info][gc,stats       ]   CMR: VM Strong Roots                3 us, workers (us):   2,   0,   0, ---, ---, ---, 
[321.256s][info][gc,stats       ]   CMR: CLDG Roots                    28 us, workers (us):  28, ---, ---, ---, ---, ---, 
[321.256s][info][gc,stats       ] Concurrent Marking                  798 us
[321.256s][info][gc,stats       ] Pause Final Mark (G)                502 us
[321.256s][info][gc,stats       ] Pause Final Mark (N)                422 us
[321.256s][info][gc,stats       ]   Finish Mark                       223 us
[321.256s][info][gc,stats       ]   Update Region States              109 us
[321.256s][info][gc,stats       ]   Choose Collection Set              39 us
[321.256s][info][gc,stats       ]   Rebuild Free Set                    9 us
[321.256s][info][gc,stats       ] Concurrent Weak References          129 us, parallelism: 0.05x
[321.256s][info][gc,stats       ]   CWRF: <total>                       7 us
[321.256s][info][gc,stats       ]   CWRF: Weak References               7 us, workers (us):   4,   3,   0, ---, ---, ---, 
[321.256s][info][gc,stats       ] Concurrent Weak Roots               244 us
[321.256s][info][gc,stats       ]   Roots                             126 us, parallelism: 0.96x
[321.256s][info][gc,stats       ]     CWR: <total>                    122 us
[321.256s][info][gc,stats       ]     CWR: Code Cache Roots            63 us, workers (us):  25,  38,   0, ---, ---, ---, 
[321.256s][info][gc,stats       ]     CWR: VM Weak Roots               58 us, workers (us):  49,   9,   0, ---, ---, ---, 
[321.256s][info][gc,stats       ]     CWR: CLDG Roots                   1 us, workers (us):   1, ---, ---, ---, ---, ---, 
[321.256s][info][gc,stats       ]   Rendezvous                         82 us
[321.256s][info][gc,stats       ] Concurrent Cleanup                   68 us
[321.256s][info][gc,stats       ] Concurrent Class Unloading          291 us
[321.256s][info][gc,stats       ]   Unlink Stale                      166 us
[321.256s][info][gc,stats       ]     System Dictionary                 1 us
[321.256s][info][gc,stats       ]     Weak Class Links                  0 us
[321.256s][info][gc,stats       ]     Code Roots                      164 us
[321.256s][info][gc,stats       ]   Rendezvous                         34 us
[321.256s][info][gc,stats       ]   Purge Unlinked                     54 us
[321.256s][info][gc,stats       ]     Code Roots                       50 us
[321.256s][info][gc,stats       ]     CLDG                              3 us
[321.256s][info][gc,stats       ]     Exception Caches                  0 us
[321.256s][info][gc,stats       ] Pause Final Roots (G)                51 us
[321.256s][info][gc,stats       ] Pause Final Roots (N)                27 us
[321.256s][info][gc,stats       ] 
[321.256s][info][gc,stats       ] Allocation pacing accrued:
[321.256s][info][gc,stats       ]       0 of  1465 ms (  0.0%): <total>
[321.256s][info][gc,stats       ]       0 of  1465 ms (  0.0%): <average total>
[321.256s][info][gc,stats       ] 
[321.256s][info][gc,metaspace   ] Metaspace: 1071K(1280K)->1071K(1280K) NonClass: 990K(1088K)->990K(1088K) Class: 81K(192K)->81K(192K)
[321.256s][info][gc,ergo        ] Pacer for Idle. Initial: 10485K, Alloc Tax Rate: 1.0x
[324.122s][info][gc             ] Failed to allocate Shared, 100M
[324.122s][info][gc             ] Cancelling GC: Allocation Failure
[324.137s][info][gc             ] Trigger: Handle Allocation Failure
[324.137s][info][gc,ergo        ] Free: 189M, Max: 256K regular, 96768K humongous, Frag: 51% external, 0% internal; Reserve: 26368K, Max: 256K
[324.137s][info][gc,start       ] GC(183) Pause Degenerated GC (Outside of Cycle)
[324.137s][info][gc,task        ] GC(183) Using 6 of 6 workers for stw degenerated gc
[324.137s][info][gc,ref         ] GC(183) Clearing All SoftReferences
[324.138s][info][gc,ref         ] GC(183) Encountered references: Soft: 45, Weak: 116, Final: 0, Phantom: 7
[324.138s][info][gc,ref         ] GC(183) Discovered  references: Soft: 18, Weak: 95, Final: 0, Phantom: 3
[324.138s][info][gc,ref         ] GC(183) Enqueued    references: Soft: 0, Weak: 0, Final: 0, Phantom: 0
[324.138s][info][gc,ergo        ] GC(183) Collectable Garbage: 213M (99%), Immediate: 213M (99%), CSet: 0B (0%)
[324.138s][info][gc,ergo        ] GC(183) Good progress for free space: 408M, need 5242K
[324.138s][info][gc,ergo        ] GC(183) Good progress for used space: 213M, need 256K
[324.138s][info][gc             ] GC(183) Pause Degenerated GC (Outside of Cycle) 290M->77M(512M) 1.232ms
[324.138s][info][gc,ergo        ] Free: 408M, Max: 256K regular, 279M humongous, Frag: 32% external, 0% internal; Reserve: 26368K, Max: 256K
[324.138s][info][gc,stats       ] 
[324.138s][info][gc,stats       ] All times are wall-clock times, except per-root-class counters, that are sum over
[324.138s][info][gc,stats       ] all workers. Dividing the <total> over the root stage time estimates parallelism.
[324.138s][info][gc,stats       ] 
[324.138s][info][gc,stats       ] Pause Degenerated GC (G)           1307 us
[324.138s][info][gc,stats       ] Pause Degenerated GC (N)           1241 us
[324.138s][info][gc,stats       ]   Degen STW Mark                    502 us, parallelism: 5.23x
[324.138s][info][gc,stats       ]     DSM: <total>                   2626 us
[324.138s][info][gc,stats       ]     DSM: Thread Roots                41 us, workers (us):  18,  13,   9,   0,   0,   0, 
[324.138s][info][gc,stats       ]     DSM: VM Strong Roots              4 us, workers (us):   0,   3,   0,   0,   0,   0, 
[324.138s][info][gc,stats       ]     DSM: CLDG Roots                  33 us, workers (us):   0,   0,  31,   0,   0,   0, 
[324.138s][info][gc,stats       ]     DSM: Parallel Mark             2548 us, workers (us): 441, 441, 416, 417, 418, 416, 
[324.138s][info][gc,stats       ]     System Purge                    255 us
[324.138s][info][gc,stats       ]       Weak References                93 us, parallelism: 0.07x
[324.138s][info][gc,stats       ]         WRP: <total>                  6 us
[324.138s][info][gc,stats       ]         WRP: Weak References          6 us, workers (us):   2,   4,   0,   0,   0,   0, 
[324.138s][info][gc,stats       ]       Unload Classes                103 us, parallelism: 2.96x
[324.138s][info][gc,stats       ]         DCU: <total>                305 us
[324.138s][info][gc,stats       ]         DCU: Unload Code Caches      305 us, workers (us):  76,  70,  70,  47,  17,  25, 
[324.138s][info][gc,stats       ]       Weak Roots                     58 us, parallelism: 1.06x
[324.138s][info][gc,stats       ]         DWR: <total>                 61 us
[324.138s][info][gc,stats       ]         DWR: VM Weak Roots           61 us, workers (us):  21,  20,  18,   1,   1,   1, 
[324.138s][info][gc,stats       ]       CLDG                            0 us
[324.138s][info][gc,stats       ]   Update Region States               57 us
[324.138s][info][gc,stats       ]   Manage GC/TLABs                     3 us
[324.138s][info][gc,stats       ]   Choose Collection Set              33 us
[324.138s][info][gc,stats       ]   Rebuild Free Set                    8 us
[324.138s][info][gc,stats       ]   Cleanup                             5 us
[324.138s][info][gc,stats       ] Pacing                            46692 us
[324.138s][info][gc,stats       ] 
[324.138s][info][gc,stats       ] Allocation pacing accrued:
[324.138s][info][gc,stats       ]      47 of  2882 ms (  1.6%): main
[324.138s][info][gc,stats       ]      47 of  2882 ms (  1.6%): <total>
[324.138s][info][gc,stats       ]       4 of  2882 ms (  0.1%): <average total>
[324.138s][info][gc,stats       ]      47 of  2882 ms (  1.6%): <average non-zero>
[324.138s][info][gc,stats       ] 
[324.138s][info][gc,metaspace   ] Metaspace: 1071K(1280K)->1071K(1280K) NonClass: 990K(1088K)->990K(1088K) Class: 81K(192K)->81K(192K)
[324.138s][info][gc,ergo        ] Pacer for Idle. Initial: 10485K, Alloc Tax Rate: 1.0x
[325.462s][info][gc             ] Trigger: Average GC time (4.00 ms) is above the time for average allocation rate (130 MB/s) to deplete free headroom (0B) (margin of error = 3.29)
[325.462s][info][gc,ergo        ] Free headroom: 182M (free) - 26214K (spike) - 158M (penalties) = 0B
[325.462s][info][gc,ergo        ] Free: 182M, Max: 256K regular, 129M humongous, Frag: 30% external, 0% internal; Reserve: 26368K, Max: 256K
[325.462s][info][gc,start       ] GC(184) Concurrent reset
[325.462s][info][gc,task        ] GC(184) Using 3 of 6 workers for concurrent reset
[325.462s][info][gc,ergo        ] GC(184) Pacer for Reset. Non-Taxable: 512M
[325.462s][info][gc             ] GC(184) Concurrent reset 0.228ms
[325.462s][info][gc,start       ] GC(184) Pause Init Mark (unload classes)
[325.462s][info][gc,task        ] GC(184) Using 6 of 6 workers for init marking
[325.462s][info][gc,ergo        ] GC(184) Pacer for Mark. Expected Live: 148M, Free: 182M, Non-Taxable: 18714K, Alloc Tax Rate: 1.0x
[325.462s][info][gc             ] GC(184) Pause Init Mark (unload classes) 0.135ms
[325.462s][info][gc,start       ] GC(184) Concurrent marking roots
[325.462s][info][gc,task        ] GC(184) Using 3 of 6 workers for concurrent marking roots
[325.462s][info][gc             ] GC(184) Concurrent marking roots 0.282ms
[325.462s][info][gc,start       ] GC(184) Concurrent marking (unload classes)
[325.462s][info][gc,task        ] GC(184) Using 3 of 6 workers for concurrent marking
[325.463s][info][gc             ] GC(184) Concurrent marking (unload classes) 0.759ms
[325.463s][info][gc,start       ] GC(184) Pause Final Mark (unload classes)
[325.463s][info][gc,task        ] GC(184) Using 6 of 6 workers for final marking
[325.463s][info][gc,ergo        ] GC(184) Collectable Garbage: 217M (99%), Immediate: 217M (99%), CSet: 0B (0%)
[325.463s][info][gc             ] GC(184) Pause Final Mark (unload classes) 0.179ms
[325.464s][info][gc,start       ] GC(184) Concurrent weak references
[325.464s][info][gc,task        ] GC(184) Using 3 of 6 workers for concurrent weak references
[325.464s][info][gc,ref         ] GC(184) Encountered references: Soft: 45, Weak: 116, Final: 0, Phantom: 7
[325.464s][info][gc,ref         ] GC(184) Discovered  references: Soft: 0, Weak: 95, Final: 0, Phantom: 5
[325.464s][info][gc,ref         ] GC(184) Enqueued    references: Soft: 0, Weak: 0, Final: 0, Phantom: 0
[325.464s][info][gc             ] GC(184) Concurrent weak references 0.108ms
[325.464s][info][gc,start       ] GC(184) Concurrent weak roots
[325.464s][info][gc,task        ] GC(184) Using 3 of 6 workers for concurrent weak root
[325.464s][info][gc             ] GC(184) Concurrent weak roots 0.168ms
[325.464s][info][gc,start       ] GC(184) Concurrent cleanup
[325.464s][info][gc             ] GC(184) Concurrent cleanup 299M->82M(512M) 0.048ms
[325.464s][info][gc,ergo        ] GC(184) Free: 403M, Max: 256K regular, 168M humongous, Frag: 59% external, 0% internal; Reserve: 26368K, Max: 256K
[325.464s][info][gc,start       ] GC(184) Concurrent class unloading
[325.464s][info][gc,task        ] GC(184) Using 3 of 6 workers for concurrent class unloading
[325.464s][info][gc             ] GC(184) Concurrent class unloading 0.275ms
[325.464s][info][gc,start       ] GC(184) Pause Final Roots
[325.464s][info][gc             ] GC(184) Pause Final Roots 0.015ms
[325.464s][info][gc,ergo        ] Free: 403M, Max: 256K regular, 168M humongous, Frag: 59% external, 0% internal; Reserve: 26368K, Max: 256K
[325.464s][info][gc,stats       ] 
[325.464s][info][gc,stats       ] All times are wall-clock times, except per-root-class counters, that are sum over
[325.464s][info][gc,stats       ] all workers. Dividing the <total> over the root stage time estimates parallelism.
[325.464s][info][gc,stats       ] 
[325.464s][info][gc,stats       ] Concurrent Reset                    247 us
[325.464s][info][gc,stats       ] Pause Init Mark (G)                 237 us
[325.464s][info][gc,stats       ] Pause Init Mark (N)                 145 us
[325.464s][info][gc,stats       ]   Update Region States               86 us
[325.464s][info][gc,stats       ] Concurrent Mark Roots               300 us, parallelism: 1.18x
[325.464s][info][gc,stats       ]   CMR: <total>                      354 us
[325.464s][info][gc,stats       ]   CMR: Thread Roots                 323 us, workers (us):  81,  47, 195, ---, ---, ---, 
[325.464s][info][gc,stats       ]   CMR: VM Strong Roots                4 us, workers (us):   2,   1,   1, ---, ---, ---, 
[325.464s][info][gc,stats       ]   CMR: CLDG Roots                    28 us, workers (us): ---,  28, ---, ---, ---, ---, 
[325.464s][info][gc,stats       ] Concurrent Marking                  777 us
[325.464s][info][gc,stats       ] Pause Final Mark (G)                285 us
[325.464s][info][gc,stats       ] Pause Final Mark (N)                189 us
[325.464s][info][gc,stats       ]   Finish Mark                        39 us
[325.464s][info][gc,stats       ]   Update Region States               64 us
[325.464s][info][gc,stats       ]   Choose Collection Set              38 us
[325.464s][info][gc,stats       ]   Rebuild Free Set                    8 us
[325.464s][info][gc,stats       ] Concurrent Weak References          116 us, parallelism: 0.03x
[325.464s][info][gc,stats       ]   CWRF: <total>                       4 us
[325.464s][info][gc,stats       ]   CWRF: Weak References               4 us, workers (us):   3,   1,   0, ---, ---, ---, 
[325.464s][info][gc,stats       ] Concurrent Weak Roots               178 us
[325.465s][info][gc,stats       ]   Roots                              95 us, parallelism: 1.04x
[325.465s][info][gc,stats       ]     CWR: <total>                     99 us
[325.465s][info][gc,stats       ]     CWR: Code Cache Roots            50 us, workers (us):  34,   0,  17, ---, ---, ---, 
[325.465s][info][gc,stats       ]     CWR: VM Weak Roots               48 us, workers (us):  41,   4,   3, ---, ---, ---, 
[325.465s][info][gc,stats       ]     CWR: CLDG Roots                   1 us, workers (us): ---,   1, ---, ---, ---, ---, 
[325.465s][info][gc,stats       ]   Rendezvous                         57 us
[325.465s][info][gc,stats       ] Concurrent Cleanup                   58 us
[325.465s][info][gc,stats       ] Concurrent Class Unloading          289 us
[325.465s][info][gc,stats       ]   Unlink Stale                      144 us
[325.465s][info][gc,stats       ]     System Dictionary                 1 us
[325.465s][info][gc,stats       ]     Weak Class Links                  0 us
[325.465s][info][gc,stats       ]     Code Roots                      142 us
[325.465s][info][gc,stats       ]   Rendezvous                         56 us
[325.465s][info][gc,stats       ]   Purge Unlinked                     53 us
[325.465s][info][gc,stats       ]     Code Roots                       50 us
[325.465s][info][gc,stats       ]     CLDG                              3 us
[325.465s][info][gc,stats       ]     Exception Caches                  0 us
[325.465s][info][gc,stats       ] Pause Final Roots (G)                86 us
[325.465s][info][gc,stats       ] Pause Final Roots (N)                24 us
[325.465s][info][gc,stats       ] 
[325.465s][info][gc,stats       ] Allocation pacing accrued:
[325.465s][info][gc,stats       ]       0 of  1326 ms (  0.0%): <total>
[325.465s][info][gc,stats       ]       0 of  1326 ms (  0.0%): <average total>
[325.465s][info][gc,stats       ] 
[325.465s][info][gc,metaspace   ] Metaspace: 1071K(1280K)->1071K(1280K) NonClass: 990K(1088K)->990K(1088K) Class: 81K(192K)->81K(192K)
[325.465s][info][gc,ergo        ] Pacer for Idle. Initial: 10485K, Alloc Tax Rate: 1.0x
[327.066s][info][gc             ] Trigger: Average GC time (3.59 ms) is above the time for average allocation rate (242 MB/s) to deplete free headroom (0B) (margin of error = 3.29)
[327.066s][info][gc,ergo        ] Free headroom: 128M (free) - 26214K (spike) - 153M (penalties) = 0B
[327.066s][info][gc,ergo        ] Free: 128M, Max: 256K regular, 42496K humongous, Frag: 68% external, 0% internal; Reserve: 26368K, Max: 256K
[327.066s][info][gc,start       ] GC(185) Concurrent reset
[327.066s][info][gc,task        ] GC(185) Using 3 of 6 workers for concurrent reset
[327.066s][info][gc,ergo        ] GC(185) Pacer for Reset. Non-Taxable: 512M
[327.067s][info][gc             ] GC(185) Concurrent reset 0.175ms
[327.067s][info][gc,start       ] GC(185) Pause Init Mark (unload classes)
[327.067s][info][gc,task        ] GC(185) Using 6 of 6 workers for init marking
[327.067s][info][gc,ergo        ] GC(185) Pacer for Mark. Expected Live: 164M, Free: 128M, Non-Taxable: 13159K, Alloc Tax Rate: 1.6x
[327.067s][info][gc             ] GC(185) Pause Init Mark (unload classes) 0.071ms
[327.067s][info][gc,start       ] GC(185) Concurrent marking roots
[327.067s][info][gc,task        ] GC(185) Using 3 of 6 workers for concurrent marking roots
[327.067s][info][gc             ] GC(185) Concurrent marking roots 0.243ms
[327.067s][info][gc,start       ] GC(185) Concurrent marking (unload classes)
[327.067s][info][gc,task        ] GC(185) Using 3 of 6 workers for concurrent marking
[327.068s][info][gc             ] GC(185) Concurrent marking (unload classes) 0.664ms
[327.068s][info][gc,start       ] GC(185) Pause Final Mark (unload classes)
[327.068s][info][gc,task        ] GC(185) Using 6 of 6 workers for final marking
[327.068s][info][gc,ergo        ] GC(185) Collectable Garbage: 252M (99%), Immediate: 252M (99%), CSet: 0B (0%)
[327.068s][info][gc             ] GC(185) Pause Final Mark (unload classes) 0.126ms
[327.068s][info][gc,start       ] GC(185) Concurrent weak references
[327.068s][info][gc,task        ] GC(185) Using 3 of 6 workers for concurrent weak references
[327.068s][info][gc,ref         ] GC(185) Encountered references: Soft: 45, Weak: 116, Final: 0, Phantom: 7
[327.068s][info][gc,ref         ] GC(185) Discovered  references: Soft: 0, Weak: 84, Final: 0, Phantom: 5
[327.068s][info][gc,ref         ] GC(185) Enqueued    references: Soft: 0, Weak: 0, Final: 0, Phantom: 0
[327.068s][info][gc             ] GC(185) Concurrent weak references 0.073ms
[327.068s][info][gc,start       ] GC(185) Concurrent weak roots
[327.068s][info][gc,task        ] GC(185) Using 3 of 6 workers for concurrent weak root
[327.068s][info][gc             ] GC(185) Concurrent weak roots 0.110ms
[327.068s][info][gc,start       ] GC(185) Concurrent cleanup
[327.068s][info][gc             ] GC(185) Concurrent cleanup 354M->102M(512M) 0.054ms
[327.068s][info][gc,ergo        ] GC(185) Free: 383M, Max: 256K regular, 354M humongous, Frag: 8% external, 0% internal; Reserve: 26368K, Max: 256K
[327.068s][info][gc,start       ] GC(185) Concurrent class unloading
[327.068s][info][gc,task        ] GC(185) Using 3 of 6 workers for concurrent class unloading
[327.068s][info][gc             ] GC(185) Concurrent class unloading 0.231ms
[327.068s][info][gc,start       ] GC(185) Pause Final Roots
[327.068s][info][gc             ] GC(185) Pause Final Roots 0.015ms
[327.068s][info][gc,ergo        ] Free: 383M, Max: 256K regular, 354M humongous, Frag: 8% external, 0% internal; Reserve: 26368K, Max: 256K
[327.068s][info][gc,stats       ] 
[327.068s][info][gc,stats       ] All times are wall-clock times, except per-root-class counters, that are sum over
[327.069s][info][gc,stats       ] all workers. Dividing the <total> over the root stage time estimates parallelism.
[327.069s][info][gc,stats       ] 
[327.069s][info][gc,stats       ] Concurrent Reset                    197 us
[327.069s][info][gc,stats       ] Pause Init Mark (G)                 113 us
[327.069s][info][gc,stats       ] Pause Init Mark (N)                  79 us
[327.069s][info][gc,stats       ]   Update Region States               24 us
[327.069s][info][gc,stats       ] Concurrent Mark Roots               256 us, parallelism: 1.29x
[327.069s][info][gc,stats       ]   CMR: <total>                      330 us
[327.069s][info][gc,stats       ]   CMR: Thread Roots                 297 us, workers (us):  68,  36, 193, ---, ---, ---, 
[327.069s][info][gc,stats       ]   CMR: VM Strong Roots                4 us, workers (us):   2,   1,   1, ---, ---, ---, 
[327.069s][info][gc,stats       ]   CMR: CLDG Roots                    28 us, workers (us): ---,  28, ---, ---, ---, ---, 
[327.069s][info][gc,stats       ] Concurrent Marking                  679 us
[327.069s][info][gc,stats       ] Pause Final Mark (G)                167 us
[327.069s][info][gc,stats       ] Pause Final Mark (N)                136 us
[327.069s][info][gc,stats       ]   Finish Mark                        29 us
[327.069s][info][gc,stats       ]   Update Region States               27 us
[327.069s][info][gc,stats       ]   Choose Collection Set              36 us
[327.069s][info][gc,stats       ]   Rebuild Free Set                    8 us
[327.069s][info][gc,stats       ] Concurrent Weak References           82 us, parallelism: 0.05x
[327.069s][info][gc,stats       ]   CWRF: <total>                       4 us
[327.069s][info][gc,stats       ]   CWRF: Weak References               4 us, workers (us):   1,   3,   0, ---, ---, ---, 
[327.069s][info][gc,stats       ] Concurrent Weak Roots               122 us
[327.069s][info][gc,stats       ]   Roots                              70 us, parallelism: 1.32x
[327.069s][info][gc,stats       ]     CWR: <total>                     93 us
[327.069s][info][gc,stats       ]     CWR: Code Cache Roots            49 us, workers (us):  16,  33,   0, ---, ---, ---, 
[327.069s][info][gc,stats       ]     CWR: VM Weak Roots               42 us, workers (us):  15,  14,  13, ---, ---, ---, 
[327.069s][info][gc,stats       ]     CWR: CLDG Roots                   1 us, workers (us): ---, ---,   1, ---, ---, ---, 
[327.069s][info][gc,stats       ]   Rendezvous                         23 us
[327.069s][info][gc,stats       ] Concurrent Cleanup                   64 us
[327.069s][info][gc,stats       ] Concurrent Class Unloading          245 us
[327.069s][info][gc,stats       ]   Unlink Stale                      157 us
[327.069s][info][gc,stats       ]     System Dictionary                 1 us
[327.069s][info][gc,stats       ]     Weak Class Links                  0 us
[327.069s][info][gc,stats       ]     Code Roots                      155 us
[327.069s][info][gc,stats       ]   Rendezvous                         29 us
[327.069s][info][gc,stats       ]   Purge Unlinked                     28 us
[327.069s][info][gc,stats       ]     Code Roots                       24 us
[327.069s][info][gc,stats       ]     CLDG                              3 us
[327.069s][info][gc,stats       ]     Exception Caches                  0 us
[327.069s][info][gc,stats       ] Pause Final Roots (G)                44 us
[327.069s][info][gc,stats       ] Pause Final Roots (N)                23 us
[327.069s][info][gc,stats       ] Pacing                            57962 us
[327.069s][info][gc,stats       ] 
[327.069s][info][gc,stats       ] Allocation pacing accrued:
[327.069s][info][gc,stats       ]      58 of  1604 ms (  3.6%): main
[327.069s][info][gc,stats       ]      58 of  1604 ms (  3.6%): <total>
[327.069s][info][gc,stats       ]       4 of  1604 ms (  0.3%): <average total>
[327.069s][info][gc,stats       ]      58 of  1604 ms (  3.6%): <average non-zero>
[327.069s][info][gc,stats       ] 
[327.069s][info][gc,metaspace   ] Metaspace: 1071K(1280K)->1071K(1280K) NonClass: 990K(1088K)->990K(1088K) Class: 81K(192K)->81K(192K)
[327.069s][info][gc,ergo        ] Pacer for Idle. Initial: 10485K, Alloc Tax Rate: 1.0x
[328.533s][info][gc             ] Trigger: Average GC time (3.59 ms) is above the time for average allocation rate (294 MB/s) to deplete free headroom (0B) (margin of error = 3.29)
[328.533s][info][gc,ergo        ] Free headroom: 158M (free) - 26214K (spike) - 148M (penalties) = 0B
[328.533s][info][gc,ergo        ] Free: 158M, Max: 256K regular, 129M humongous, Frag: 19% external, 0% internal; Reserve: 26368K, Max: 256K
[328.533s][info][gc,start       ] GC(186) Concurrent reset
[328.533s][info][gc,task        ] GC(186) Using 3 of 6 workers for concurrent reset
[328.533s][info][gc,ergo        ] GC(186) Pacer for Reset. Non-Taxable: 512M
[328.533s][info][gc             ] GC(186) Concurrent reset 0.190ms
[328.534s][info][gc,start       ] GC(186) Pause Init Mark (unload classes)
[328.534s][info][gc,task        ] GC(186) Using 6 of 6 workers for init marking
[328.534s][info][gc,ergo        ] GC(186) Pacer for Mark. Expected Live: 156M, Free: 158M, Non-Taxable: 16205K, Alloc Tax Rate: 1.2x
[328.534s][info][gc             ] GC(186) Pause Init Mark (unload classes) 0.077ms
[328.534s][info][gc,start       ] GC(186) Concurrent marking roots
[328.534s][info][gc,task        ] GC(186) Using 3 of 6 workers for concurrent marking roots
[328.534s][info][gc             ] GC(186) Concurrent marking roots 0.243ms
[328.534s][info][gc,start       ] GC(186) Concurrent marking (unload classes)
[328.534s][info][gc,task        ] GC(186) Using 3 of 6 workers for concurrent marking
[328.535s][info][gc             ] GC(186) Concurrent marking (unload classes) 0.657ms
[328.535s][info][gc,start       ] GC(186) Pause Final Mark (unload classes)
[328.535s][info][gc,task        ] GC(186) Using 6 of 6 workers for final marking
[328.535s][info][gc,ergo        ] GC(186) Collectable Garbage: 117M (99%), Immediate: 117M (99%), CSet: 0B (0%)
[328.535s][info][gc             ] GC(186) Pause Final Mark (unload classes) 0.142ms
[328.535s][info][gc,start       ] GC(186) Concurrent weak references
[328.535s][info][gc,task        ] GC(186) Using 3 of 6 workers for concurrent weak references
[328.535s][info][gc,ref         ] GC(186) Encountered references: Soft: 45, Weak: 116, Final: 0, Phantom: 7
[328.535s][info][gc,ref         ] GC(186) Discovered  references: Soft: 0, Weak: 84, Final: 0, Phantom: 5
[328.535s][info][gc,ref         ] GC(186) Enqueued    references: Soft: 0, Weak: 0, Final: 0, Phantom: 0
[328.535s][info][gc             ] GC(186) Concurrent weak references 0.091ms
[328.535s][info][gc,start       ] GC(186) Concurrent weak roots
[328.535s][info][gc,task        ] GC(186) Using 3 of 6 workers for concurrent weak root
[328.535s][info][gc             ] GC(186) Concurrent weak roots 0.112ms
[328.535s][info][gc,start       ] GC(186) Concurrent cleanup
[328.535s][info][gc             ] GC(186) Concurrent cleanup 324M->207M(512M) 0.033ms
[328.535s][info][gc,ergo        ] GC(186) Free: 278M, Max: 256K regular, 129M humongous, Frag: 54% external, 0% internal; Reserve: 26368K, Max: 256K
[328.535s][info][gc,start       ] GC(186) Concurrent class unloading
[328.535s][info][gc,task        ] GC(186) Using 3 of 6 workers for concurrent class unloading
[328.535s][info][gc             ] GC(186) Concurrent class unloading 0.208ms
[328.535s][info][gc,start       ] GC(186) Pause Final Roots
[328.535s][info][gc             ] GC(186) Pause Final Roots 0.017ms
[328.535s][info][gc,ergo        ] Free: 278M, Max: 256K regular, 129M humongous, Frag: 54% external, 0% internal; Reserve: 26368K, Max: 256K
[328.535s][info][gc,stats       ] 
[328.535s][info][gc,stats       ] All times are wall-clock times, except per-root-class counters, that are sum over
[328.535s][info][gc,stats       ] all workers. Dividing the <total> over the root stage time estimates parallelism.
[328.535s][info][gc,stats       ] 
[328.535s][info][gc,stats       ] Concurrent Reset                    211 us
[328.535s][info][gc,stats       ] Pause Init Mark (G)                 119 us
[328.535s][info][gc,stats       ] Pause Init Mark (N)                  86 us
[328.535s][info][gc,stats       ]   Update Region States               25 us
[328.535s][info][gc,stats       ] Concurrent Mark Roots               257 us, parallelism: 1.30x
[328.535s][info][gc,stats       ]   CMR: <total>                      335 us
[328.535s][info][gc,stats       ]   CMR: Thread Roots                 299 us, workers (us):  69,  37, 193, ---, ---, ---, 
[328.535s][info][gc,stats       ]   CMR: VM Strong Roots                5 us, workers (us):   2,   2,   1, ---, ---, ---, 
[328.535s][info][gc,stats       ]   CMR: CLDG Roots                    31 us, workers (us): ---,  31, ---, ---, ---, ---, 
[328.535s][info][gc,stats       ] Concurrent Marking                  673 us
[328.535s][info][gc,stats       ] Pause Final Mark (G)                184 us
[328.535s][info][gc,stats       ] Pause Final Mark (N)                152 us
[328.535s][info][gc,stats       ]   Finish Mark                        43 us
[328.535s][info][gc,stats       ]   Update Region States               28 us
[328.535s][info][gc,stats       ]   Choose Collection Set              31 us
[328.535s][info][gc,stats       ]   Rebuild Free Set                    8 us
[328.535s][info][gc,stats       ] Concurrent Weak References           99 us, parallelism: 0.05x
[328.535s][info][gc,stats       ]   CWRF: <total>                       5 us
[328.536s][info][gc,stats       ]   CWRF: Weak References               5 us, workers (us):   4,   1,   0, ---, ---, ---, 
[328.536s][info][gc,stats       ] Concurrent Weak Roots               123 us
[328.536s][info][gc,stats       ]   Roots                              70 us, parallelism: 1.35x
[328.536s][info][gc,stats       ]     CWR: <total>                     95 us
[328.536s][info][gc,stats       ]     CWR: Code Cache Roots            52 us, workers (us):   0,  18,  34, ---, ---, ---, 
[328.536s][info][gc,stats       ]     CWR: VM Weak Roots               42 us, workers (us):  15,  14,  14, ---, ---, ---, 
[328.536s][info][gc,stats       ]     CWR: CLDG Roots                   1 us, workers (us):   1, ---, ---, ---, ---, ---, 
[328.536s][info][gc,stats       ]   Rendezvous                         26 us
[328.536s][info][gc,stats       ] Concurrent Cleanup                   43 us
[328.536s][info][gc,stats       ] Concurrent Class Unloading          222 us
[328.536s][info][gc,stats       ]   Unlink Stale                      147 us
[328.536s][info][gc,stats       ]     System Dictionary                 1 us
[328.536s][info][gc,stats       ]     Weak Class Links                  0 us
[328.536s][info][gc,stats       ]     Code Roots                      145 us
[328.536s][info][gc,stats       ]   Rendezvous                         22 us
[328.536s][info][gc,stats       ]   Purge Unlinked                     24 us
[328.536s][info][gc,stats       ]     Code Roots                       21 us
[328.536s][info][gc,stats       ]     CLDG                              3 us
[328.536s][info][gc,stats       ]     Exception Caches                  0 us
[328.536s][info][gc,stats       ] Pause Final Roots (G)                46 us
[328.536s][info][gc,stats       ] Pause Final Roots (N)                27 us
[328.536s][info][gc,stats       ] Pacing                            46928 us
[328.536s][info][gc,stats       ] 
[328.536s][info][gc,stats       ] Allocation pacing accrued:
[328.536s][info][gc,stats       ]      47 of  1467 ms (  3.2%): main
[328.536s][info][gc,stats       ]      47 of  1467 ms (  3.2%): <total>
[328.536s][info][gc,stats       ]       4 of  1467 ms (  0.2%): <average total>
[328.536s][info][gc,stats       ]      47 of  1467 ms (  3.2%): <average non-zero>
[328.536s][info][gc,stats       ] 
[328.536s][info][gc,metaspace   ] Metaspace: 1071K(1280K)->1071K(1280K) NonClass: 990K(1088K)->990K(1088K) Class: 81K(192K)->81K(192K)
[328.536s][info][gc,ergo        ] Pacer for Idle. Initial: 10485K, Alloc Tax Rate: 1.0x
[329.921s][info][gc             ] Trigger: Average GC time (3.21 ms) is above the time for average allocation rate (130 MB/s) to deplete free headroom (0B) (margin of error = 3.29)
[329.921s][info][gc,ergo        ] Free headroom: 153M (free) - 26214K (spike) - 143M (penalties) = 0B
[329.921s][info][gc,ergo        ] Free: 153M, Max: 256K regular, 80896K humongous, Frag: 49% external, 0% internal; Reserve: 26368K, Max: 256K
[329.921s][info][gc,start       ] GC(187) Concurrent reset
[329.921s][info][gc,task        ] GC(187) Using 3 of 6 workers for concurrent reset
[329.921s][info][gc,ergo        ] GC(187) Pacer for Reset. Non-Taxable: 512M
[329.922s][info][gc             ] GC(187) Concurrent reset 0.280ms
[329.922s][info][gc,start       ] GC(187) Pause Init Mark (unload classes)
[329.922s][info][gc,task        ] GC(187) Using 6 of 6 workers for init marking
[329.922s][info][gc,ergo        ] GC(187) Pacer for Mark. Expected Live: 180M, Free: 153M, Non-Taxable: 15668K, Alloc Tax Rate: 1.4x
[329.922s][info][gc             ] GC(187) Pause Init Mark (unload classes) 0.081ms
[329.922s][info][gc,start       ] GC(187) Concurrent marking roots
[329.922s][info][gc,task        ] GC(187) Using 3 of 6 workers for concurrent marking roots
[329.922s][info][gc             ] GC(187) Concurrent marking roots 0.270ms
[329.922s][info][gc,start       ] GC(187) Concurrent marking (unload classes)
[329.922s][info][gc,task        ] GC(187) Using 3 of 6 workers for concurrent marking
[329.923s][info][gc             ] GC(187) Concurrent marking (unload classes) 0.805ms
[329.923s][info][gc,start       ] GC(187) Pause Final Mark (unload classes)
[329.923s][info][gc,task        ] GC(187) Using 6 of 6 workers for final marking
[329.923s][info][gc,ergo        ] GC(187) Collectable Garbage: 166M (99%), Immediate: 166M (99%), CSet: 0B (0%)
[329.923s][info][gc             ] GC(187) Pause Final Mark (unload classes) 0.174ms
[329.923s][info][gc,start       ] GC(187) Concurrent weak references
[329.923s][info][gc,task        ] GC(187) Using 3 of 6 workers for concurrent weak references
[329.923s][info][gc,ref         ] GC(187) Encountered references: Soft: 45, Weak: 116, Final: 0, Phantom: 7
[329.923s][info][gc,ref         ] GC(187) Discovered  references: Soft: 20, Weak: 95, Final: 0, Phantom: 5
[329.923s][info][gc,ref         ] GC(187) Enqueued    references: Soft: 0, Weak: 0, Final: 0, Phantom: 0
[329.923s][info][gc             ] GC(187) Concurrent weak references 0.086ms
[329.923s][info][gc,start       ] GC(187) Concurrent weak roots
[329.923s][info][gc,task        ] GC(187) Using 3 of 6 workers for concurrent weak root
[329.923s][info][gc             ] GC(187) Concurrent weak roots 0.125ms
[329.923s][info][gc,start       ] GC(187) Concurrent cleanup
[329.923s][info][gc             ] GC(187) Concurrent cleanup 329M->163M(512M) 0.043ms
[329.923s][info][gc,ergo        ] GC(187) Free: 321M, Max: 256K regular, 186M humongous, Frag: 43% external, 0% internal; Reserve: 26368K, Max: 256K
[329.923s][info][gc,start       ] GC(187) Concurrent class unloading
[329.923s][info][gc,task        ] GC(187) Using 3 of 6 workers for concurrent class unloading
[329.924s][info][gc             ] GC(187) Concurrent class unloading 0.253ms
[329.924s][info][gc,start       ] GC(187) Pause Final Roots
[329.924s][info][gc             ] GC(187) Pause Final Roots 0.023ms
[329.924s][info][gc,ergo        ] Free: 321M, Max: 256K regular, 186M humongous, Frag: 43% external, 0% internal; Reserve: 26368K, Max: 256K
[329.924s][info][gc,stats       ] 
[329.924s][info][gc,stats       ] All times are wall-clock times, except per-root-class counters, that are sum over
[329.924s][info][gc,stats       ] all workers. Dividing the <total> over the root stage time estimates parallelism.
[329.924s][info][gc,stats       ] 
[329.924s][info][gc,stats       ] Concurrent Reset                    312 us
[329.924s][info][gc,stats       ] Pause Init Mark (G)                 136 us
[329.924s][info][gc,stats       ] Pause Init Mark (N)                  94 us
[329.924s][info][gc,stats       ]   Update Region States               31 us
[329.924s][info][gc,stats       ] Concurrent Mark Roots               290 us, parallelism: 1.32x
[329.924s][info][gc,stats       ]   CMR: <total>                      382 us
[329.924s][info][gc,stats       ]   CMR: Thread Roots                 338 us, workers (us): 214,  40,  84, ---, ---, ---, 
[329.924s][info][gc,stats       ]   CMR: VM Strong Roots                8 us, workers (us):   4,   1,   2, ---, ---, ---, 
[329.924s][info][gc,stats       ]   CMR: CLDG Roots                    36 us, workers (us): ---,  36, ---, ---, ---, ---, 
[329.924s][info][gc,stats       ] Concurrent Marking                  823 us
[329.924s][info][gc,stats       ] Pause Final Mark (G)                229 us
[329.924s][info][gc,stats       ] Pause Final Mark (N)                185 us
[329.924s][info][gc,stats       ]   Finish Mark                        30 us
[329.924s][info][gc,stats       ]   Update Region States               67 us
[329.924s][info][gc,stats       ]   Choose Collection Set              39 us
[329.924s][info][gc,stats       ]   Rebuild Free Set                    8 us
[329.924s][info][gc,stats       ] Concurrent Weak References           94 us, parallelism: 0.06x
[329.924s][info][gc,stats       ]   CWRF: <total>                       5 us
[329.924s][info][gc,stats       ]   CWRF: Weak References               5 us, workers (us):   4,   0,   1, ---, ---, ---, 
[329.924s][info][gc,stats       ] Concurrent Weak Roots               140 us
[329.924s][info][gc,stats       ]   Roots                              81 us, parallelism: 1.21x
[329.924s][info][gc,stats       ]     CWR: <total>                     98 us
[329.924s][info][gc,stats       ]     CWR: Code Cache Roots            54 us, workers (us):  18,  35,   0, ---, ---, ---, 
[329.924s][info][gc,stats       ]     CWR: VM Weak Roots               43 us, workers (us):  22,  21,   0, ---, ---, ---, 
[329.924s][info][gc,stats       ]     CWR: CLDG Roots                   1 us, workers (us):   1, ---, ---, ---, ---, ---, 
[329.924s][info][gc,stats       ]   Rendezvous                         27 us
[329.924s][info][gc,stats       ] Concurrent Cleanup                   53 us
[329.924s][info][gc,stats       ] Concurrent Class Unloading          271 us
[329.924s][info][gc,stats       ]   Unlink Stale                      172 us
[329.924s][info][gc,stats       ]     System Dictionary                 1 us
[329.924s][info][gc,stats       ]     Weak Class Links                  0 us
[329.924s][info][gc,stats       ]     Code Roots                      170 us
[329.924s][info][gc,stats       ]   Rendezvous                         28 us
[329.924s][info][gc,stats       ]   Purge Unlinked                     30 us
[329.924s][info][gc,stats       ]     Code Roots                       26 us
[329.924s][info][gc,stats       ]     CLDG                              3 us
[329.924s][info][gc,stats       ]     Exception Caches                  0 us
[329.924s][info][gc,stats       ] Pause Final Roots (G)                67 us
[329.924s][info][gc,stats       ] Pause Final Roots (N)                36 us
[329.924s][info][gc,stats       ] Pacing                            30168 us
[329.924s][info][gc,stats       ] 
[329.924s][info][gc,stats       ] Allocation pacing accrued:
[329.924s][info][gc,stats       ]      30 of  1389 ms (  2.2%): main
[329.924s][info][gc,stats       ]      30 of  1389 ms (  2.2%): <total>
[329.924s][info][gc,stats       ]       2 of  1389 ms (  0.2%): <average total>
[329.924s][info][gc,stats       ]      30 of  1389 ms (  2.2%): <average non-zero>
[329.924s][info][gc,stats       ] 
[329.924s][info][gc,metaspace   ] Metaspace: 1071K(1280K)->1071K(1280K) NonClass: 990K(1088K)->990K(1088K) Class: 81K(192K)->81K(192K)
[329.924s][info][gc,ergo        ] Pacer for Idle. Initial: 10485K, Alloc Tax Rate: 1.0x
[331.402s][info][gc             ] Trigger: Average GC time (3.18 ms) is above the time for average allocation rate (143 MB/s) to deplete free headroom (0B) (margin of error = 3.29)
[331.402s][info][gc,ergo        ] Free headroom: 122M (free) - 26214K (spike) - 138M (penalties) = 0B
[331.402s][info][gc,ergo        ] Free: 122M, Max: 256K regular, 80896K humongous, Frag: 36% external, 0% internal; Reserve: 26368K, Max: 256K
[331.402s][info][gc,start       ] GC(188) Concurrent reset
[331.402s][info][gc,task        ] GC(188) Using 3 of 6 workers for concurrent reset
[331.402s][info][gc,ergo        ] GC(188) Pacer for Reset. Non-Taxable: 512M
[331.402s][info][gc             ] GC(188) Concurrent reset 0.272ms
[331.402s][info][gc,start       ] GC(188) Pause Init Mark (unload classes)
[331.402s][info][gc,task        ] GC(188) Using 6 of 6 workers for init marking
[331.403s][info][gc,ergo        ] GC(188) Pacer for Mark. Expected Live: 149M, Free: 122M, Non-Taxable: 12545K, Alloc Tax Rate: 1.5x
[331.403s][info][gc             ] GC(188) Pause Init Mark (unload classes) 0.090ms
[331.403s][info][gc,start       ] GC(188) Concurrent marking roots
[331.403s][info][gc,task        ] GC(188) Using 3 of 6 workers for concurrent marking roots
[331.403s][info][gc             ] GC(188) Concurrent marking roots 0.269ms
[331.403s][info][gc,start       ] GC(188) Concurrent marking (unload classes)
[331.403s][info][gc,task        ] GC(188) Using 3 of 6 workers for concurrent marking
[331.404s][info][gc             ] GC(188) Concurrent marking (unload classes) 0.684ms
[331.404s][info][gc,start       ] GC(188) Pause Final Mark (unload classes)
[331.404s][info][gc,task        ] GC(188) Using 6 of 6 workers for final marking
[331.404s][info][gc,ergo        ] GC(188) Collectable Garbage: 298M (99%), Immediate: 298M (99%), CSet: 0B (0%)
[331.404s][info][gc             ] GC(188) Pause Final Mark (unload classes) 0.142ms
[331.404s][info][gc,start       ] GC(188) Concurrent weak references
[331.404s][info][gc,task        ] GC(188) Using 3 of 6 workers for concurrent weak references
[331.404s][info][gc,ref         ] GC(188) Encountered references: Soft: 45, Weak: 116, Final: 0, Phantom: 7
[331.404s][info][gc,ref         ] GC(188) Discovered  references: Soft: 0, Weak: 88, Final: 0, Phantom: 5
[331.404s][info][gc,ref         ] GC(188) Enqueued    references: Soft: 0, Weak: 0, Final: 0, Phantom: 0
[331.404s][info][gc             ] GC(188) Concurrent weak references 0.077ms
[331.404s][info][gc,start       ] GC(188) Concurrent weak roots
[331.404s][info][gc,task        ] GC(188) Using 3 of 6 workers for concurrent weak root
[331.404s][info][gc             ] GC(188) Concurrent weak roots 0.137ms
[331.404s][info][gc,start       ] GC(188) Concurrent cleanup
[331.404s][info][gc             ] GC(188) Concurrent cleanup 360M->62M(512M) 0.062ms
[331.404s][info][gc,ergo        ] GC(188) Free: 423M, Max: 256K regular, 263M humongous, Frag: 38% external, 0% internal; Reserve: 26368K, Max: 256K
[331.404s][info][gc,start       ] GC(188) Concurrent class unloading
[331.404s][info][gc,task        ] GC(188) Using 3 of 6 workers for concurrent class unloading
[331.404s][info][gc             ] GC(188) Concurrent class unloading 0.220ms
[331.404s][info][gc,start       ] GC(188) Pause Final Roots
[331.404s][info][gc             ] GC(188) Pause Final Roots 0.018ms
[331.404s][info][gc,ergo        ] Free: 423M, Max: 256K regular, 263M humongous, Frag: 38% external, 0% internal; Reserve: 26368K, Max: 256K
[331.404s][info][gc,stats       ] 
[331.404s][info][gc,stats       ] All times are wall-clock times, except per-root-class counters, that are sum over
[331.404s][info][gc,stats       ] all workers. Dividing the <total> over the root stage time estimates parallelism.
[331.404s][info][gc,stats       ] 
[331.404s][info][gc,stats       ] Concurrent Reset                    290 us
[331.404s][info][gc,stats       ] Pause Init Mark (G)                 164 us
[331.404s][info][gc,stats       ] Pause Init Mark (N)                 100 us
[331.404s][info][gc,stats       ]   Update Region States               34 us
[331.404s][info][gc,stats       ] Concurrent Mark Roots               284 us, parallelism: 1.30x
[331.404s][info][gc,stats       ]   CMR: <total>                      368 us
[331.404s][info][gc,stats       ]   CMR: Thread Roots                 331 us, workers (us):  46, 215,  70, ---, ---, ---, 
[331.404s][info][gc,stats       ]   CMR: VM Strong Roots                5 us, workers (us):   3,   1,   0, ---, ---, ---, 
[331.404s][info][gc,stats       ]   CMR: CLDG Roots                    32 us, workers (us):  32, ---, ---, ---, ---, ---, 
[331.404s][info][gc,stats       ] Concurrent Marking                  704 us
[331.405s][info][gc,stats       ] Pause Final Mark (G)                185 us
[331.405s][info][gc,stats       ] Pause Final Mark (N)                152 us
[331.405s][info][gc,stats       ]   Finish Mark                        33 us
[331.405s][info][gc,stats       ]   Update Region States               31 us
[331.405s][info][gc,stats       ]   Choose Collection Set              39 us
[331.405s][info][gc,stats       ]   Rebuild Free Set                    8 us
[331.405s][info][gc,stats       ] Concurrent Weak References           86 us, parallelism: 0.07x
[331.405s][info][gc,stats       ]   CWRF: <total>                       6 us
[331.405s][info][gc,stats       ]   CWRF: Weak References               6 us, workers (us):   4,   1,   0, ---, ---, ---, 
[331.405s][info][gc,stats       ] Concurrent Weak Roots               151 us
[331.405s][info][gc,stats       ]   Roots                              93 us, parallelism: 1.27x
[331.405s][info][gc,stats       ]     CWR: <total>                    118 us
[331.405s][info][gc,stats       ]     CWR: Code Cache Roots            74 us, workers (us):   0,  19,  55, ---, ---, ---, 
[331.405s][info][gc,stats       ]     CWR: VM Weak Roots               43 us, workers (us):  15,  15,  14, ---, ---, ---, 
[331.405s][info][gc,stats       ]     CWR: CLDG Roots                   1 us, workers (us):   1, ---, ---, ---, ---, ---, 
[331.405s][info][gc,stats       ]   Rendezvous                         27 us
[331.405s][info][gc,stats       ] Concurrent Cleanup                   71 us
[331.405s][info][gc,stats       ] Concurrent Class Unloading          231 us
[331.405s][info][gc,stats       ]   Unlink Stale                      154 us
[331.405s][info][gc,stats       ]     System Dictionary                 1 us
[331.405s][info][gc,stats       ]     Weak Class Links                  0 us
[331.405s][info][gc,stats       ]     Code Roots                      152 us
[331.405s][info][gc,stats       ]   Rendezvous                         28 us
[331.405s][info][gc,stats       ]   Purge Unlinked                     23 us
[331.405s][info][gc,stats       ]     Code Roots                       20 us
[331.405s][info][gc,stats       ]     CLDG                              2 us
[331.405s][info][gc,stats       ]     Exception Caches                  0 us
[331.405s][info][gc,stats       ] Pause Final Roots (G)                48 us
[331.405s][info][gc,stats       ] Pause Final Roots (N)                27 us
[331.405s][info][gc,stats       ] Pacing                            57113 us
[331.405s][info][gc,stats       ] 
[331.405s][info][gc,stats       ] Allocation pacing accrued:
[331.405s][info][gc,stats       ]      57 of  1480 ms (  3.9%): main
[331.405s][info][gc,stats       ]      57 of  1480 ms (  3.9%): <total>
[331.405s][info][gc,stats       ]       4 of  1480 ms (  0.3%): <average total>
[331.405s][info][gc,stats       ]      57 of  1480 ms (  3.9%): <average non-zero>
[331.405s][info][gc,stats       ] 
[331.405s][info][gc,metaspace   ] Metaspace: 1071K(1280K)->1071K(1280K) NonClass: 990K(1088K)->990K(1088K) Class: 81K(192K)->81K(192K)
[331.405s][info][gc,ergo        ] Pacer for Idle. Initial: 10485K, Alloc Tax Rate: 1.0x
[333.023s][info][gc             ] Trigger: Average GC time (2.90 ms) is above the time for average allocation rate (306 MB/s) to deplete free headroom (0B) (margin of error = 3.28)
[333.023s][info][gc,ergo        ] Free headroom: 100107K (free) - 26214K (spike) - 133M (penalties) = 0B
[333.023s][info][gc,ergo        ] Free: 100107K, Max: 256K regular, 94720K humongous, Frag: 6% external, 0% internal; Reserve: 26368K, Max: 256K
[333.024s][info][gc,start       ] GC(189) Concurrent reset
[333.024s][info][gc,task        ] GC(189) Using 3 of 6 workers for concurrent reset
[333.024s][info][gc,ergo        ] GC(189) Pacer for Reset. Non-Taxable: 512M
[333.024s][info][gc             ] GC(189) Concurrent reset 0.237ms
[333.024s][info][gc,start       ] GC(189) Pause Init Mark (unload classes)
[333.024s][info][gc,task        ] GC(189) Using 6 of 6 workers for init marking
[333.024s][info][gc,ergo        ] GC(189) Pacer for Mark. Expected Live: 122M, Free: 100107K, Non-Taxable: 10010K, Alloc Tax Rate: 1.5x
[333.024s][info][gc             ] GC(189) Pause Init Mark (unload classes) 0.140ms
[333.024s][info][gc,start       ] GC(189) Concurrent marking roots
[333.024s][info][gc,task        ] GC(189) Using 3 of 6 workers for concurrent marking roots
[333.024s][info][gc             ] GC(189) Concurrent marking roots 0.331ms
[333.024s][info][gc,start       ] GC(189) Concurrent marking (unload classes)
[333.024s][info][gc,task        ] GC(189) Using 3 of 6 workers for concurrent marking
[333.025s][info][gc             ] GC(189) Concurrent marking (unload classes) 0.809ms
[333.025s][info][gc,start       ] GC(189) Pause Final Mark (unload classes)
[333.025s][info][gc,task        ] GC(189) Using 6 of 6 workers for final marking
[333.025s][info][gc,ergo        ] GC(189) Collectable Garbage: 257M (99%), Immediate: 257M (99%), CSet: 0B (0%)
[333.025s][info][gc             ] GC(189) Pause Final Mark (unload classes) 0.253ms
[333.026s][info][gc,start       ] GC(189) Concurrent weak references
[333.026s][info][gc,task        ] GC(189) Using 3 of 6 workers for concurrent weak references
[333.026s][info][gc,ref         ] GC(189) Encountered references: Soft: 45, Weak: 116, Final: 0, Phantom: 7
[333.026s][info][gc,ref         ] GC(189) Discovered  references: Soft: 0, Weak: 95, Final: 0, Phantom: 5
[333.026s][info][gc,ref         ] GC(189) Enqueued    references: Soft: 0, Weak: 0, Final: 0, Phantom: 0
[333.026s][info][gc             ] GC(189) Concurrent weak references 0.159ms
[333.026s][info][gc,start       ] GC(189) Concurrent weak roots
[333.026s][info][gc,task        ] GC(189) Using 3 of 6 workers for concurrent weak root
[333.026s][info][gc             ] GC(189) Concurrent weak roots 0.282ms
[333.026s][info][gc,start       ] GC(189) Concurrent cleanup
[333.026s][info][gc             ] GC(189) Concurrent cleanup 384M->127M(512M) 0.064ms
[333.026s][info][gc,ergo        ] GC(189) Free: 358M, Max: 256K regular, 136M humongous, Frag: 62% external, 0% internal; Reserve: 26368K, Max: 256K
[333.026s][info][gc,start       ] GC(189) Concurrent class unloading
[333.026s][info][gc,task        ] GC(189) Using 3 of 6 workers for concurrent class unloading
[333.026s][info][gc             ] GC(189) Concurrent class unloading 0.256ms
[333.026s][info][gc,start       ] GC(189) Pause Final Roots
[333.026s][info][gc             ] GC(189) Pause Final Roots 0.019ms
[333.026s][info][gc,ergo        ] Free: 358M, Max: 256K regular, 136M humongous, Frag: 62% external, 0% internal; Reserve: 26368K, Max: 256K
[333.026s][info][gc,stats       ] 
[333.027s][info][gc,stats       ] All times are wall-clock times, except per-root-class counters, that are sum over
[333.027s][info][gc,stats       ] all workers. Dividing the <total> over the root stage time estimates parallelism.
[333.027s][info][gc,stats       ] 
[333.027s][info][gc,stats       ] Concurrent Reset                    252 us
[333.027s][info][gc,stats       ] Pause Init Mark (G)                 213 us
[333.027s][info][gc,stats       ] Pause Init Mark (N)                 150 us
[333.027s][info][gc,stats       ]   Update Region States               88 us
[333.027s][info][gc,stats       ] Concurrent Mark Roots               352 us, parallelism: 0.96x
[333.027s][info][gc,stats       ]   CMR: <total>                      338 us
[333.027s][info][gc,stats       ]   CMR: Thread Roots                 302 us, workers (us): 198,  35,  69, ---, ---, ---, 
[333.027s][info][gc,stats       ]   CMR: VM Strong Roots                4 us, workers (us):   2,   1,   1, ---, ---, ---, 
[333.027s][info][gc,stats       ]   CMR: CLDG Roots                    32 us, workers (us): ---,  32, ---, ---, ---, ---, 
[333.027s][info][gc,stats       ] Concurrent Marking                  828 us
[333.027s][info][gc,stats       ] Pause Final Mark (G)                404 us
[333.027s][info][gc,stats       ] Pause Final Mark (N)                263 us
[333.027s][info][gc,stats       ]   Finish Mark                       141 us
[333.027s][info][gc,stats       ]   Update Region States               36 us
[333.027s][info][gc,stats       ]   Choose Collection Set              37 us
[333.027s][info][gc,stats       ]   Rebuild Free Set                    8 us
[333.027s][info][gc,stats       ] Concurrent Weak References          167 us, parallelism: 0.03x
[333.027s][info][gc,stats       ]   CWRF: <total>                       5 us
[333.027s][info][gc,stats       ]   CWRF: Weak References               5 us, workers (us):   4,   1,   0, ---, ---, ---, 
[333.027s][info][gc,stats       ] Concurrent Weak Roots               300 us
[333.027s][info][gc,stats       ]   Roots                             175 us, parallelism: 0.59x
[333.027s][info][gc,stats       ]     CWR: <total>                    104 us
[333.027s][info][gc,stats       ]     CWR: Code Cache Roots            51 us, workers (us):   0,  35,  17, ---, ---, ---, 
[333.027s][info][gc,stats       ]     CWR: VM Weak Roots               52 us, workers (us):  17,  17,  17, ---, ---, ---, 
[333.027s][info][gc,stats       ]     CWR: CLDG Roots                   1 us, workers (us):   1, ---, ---, ---, ---, ---, 
[333.027s][info][gc,stats       ]   Rendezvous                         90 us
[333.027s][info][gc,stats       ] Concurrent Cleanup                   75 us
[333.027s][info][gc,stats       ] Concurrent Class Unloading          269 us
[333.027s][info][gc,stats       ]   Unlink Stale                      157 us
[333.027s][info][gc,stats       ]     System Dictionary                 1 us
[333.027s][info][gc,stats       ]     Weak Class Links                  0 us
[333.027s][info][gc,stats       ]     Code Roots                      155 us
[333.027s][info][gc,stats       ]   Rendezvous                         57 us
[333.027s][info][gc,stats       ]   Purge Unlinked                     24 us
[333.027s][info][gc,stats       ]     Code Roots                       22 us
[333.027s][info][gc,stats       ]     CLDG                              3 us
[333.027s][info][gc,stats       ]     Exception Caches                  0 us
[333.027s][info][gc,stats       ] Pause Final Roots (G)                51 us
[333.027s][info][gc,stats       ] Pause Final Roots (N)                28 us
[333.027s][info][gc,stats       ] Pacing                            72825 us
[333.027s][info][gc,stats       ] 
[333.027s][info][gc,stats       ] Allocation pacing accrued:
[333.027s][info][gc,stats       ]      73 of  1622 ms (  4.5%): main
[333.027s][info][gc,stats       ]      73 of  1622 ms (  4.5%): <total>
[333.027s][info][gc,stats       ]       6 of  1622 ms (  0.3%): <average total>
[333.027s][info][gc,stats       ]      73 of  1622 ms (  4.5%): <average non-zero>
[333.027s][info][gc,stats       ] 
[333.027s][info][gc,metaspace   ] Metaspace: 1071K(1280K)->1071K(1280K) NonClass: 990K(1088K)->990K(1088K) Class: 81K(192K)->81K(192K)
[333.027s][info][gc,ergo        ] Pacer for Idle. Initial: 10485K, Alloc Tax Rate: 1.0x
[335.900s][info][gc             ] Failed to allocate Shared, 100M
[335.900s][info][gc             ] Cancelling GC: Allocation Failure
[335.915s][info][gc             ] Trigger: Handle Allocation Failure
[335.915s][info][gc,ergo        ] Free: 165M, Max: 256K regular, 94720K humongous, Frag: 45% external, 0% internal; Reserve: 26368K, Max: 256K
[335.916s][info][gc,start       ] GC(190) Pause Degenerated GC (Outside of Cycle)
[335.916s][info][gc,task        ] GC(190) Using 6 of 6 workers for stw degenerated gc
[335.916s][info][gc,ref         ] GC(190) Clearing All SoftReferences
[335.916s][info][gc,ref         ] GC(190) Encountered references: Soft: 45, Weak: 116, Final: 0, Phantom: 7
[335.916s][info][gc,ref         ] GC(190) Discovered  references: Soft: 20, Weak: 95, Final: 0, Phantom: 3
[335.916s][info][gc,ref         ] GC(190) Enqueued    references: Soft: 0, Weak: 0, Final: 0, Phantom: 0
[335.916s][info][gc,ergo        ] GC(190) Collectable Garbage: 257M (99%), Immediate: 257M (99%), CSet: 0B (0%)
[335.917s][info][gc,ergo        ] GC(190) Good progress for free space: 428M, need 5242K
[335.917s][info][gc,ergo        ] GC(190) Good progress for used space: 257M, need 256K
[335.917s][info][gc             ] GC(190) Pause Degenerated GC (Outside of Cycle) 314M->57M(512M) 1.132ms
[335.917s][info][gc,ergo        ] Free: 428M, Max: 256K regular, 246M humongous, Frag: 43% external, 0% internal; Reserve: 26368K, Max: 256K
[335.917s][info][gc,stats       ] 
[335.917s][info][gc,stats       ] All times are wall-clock times, except per-root-class counters, that are sum over
[335.917s][info][gc,stats       ] all workers. Dividing the <total> over the root stage time estimates parallelism.
[335.917s][info][gc,stats       ] 
[335.917s][info][gc,stats       ] Pause Degenerated GC (G)           1181 us
[335.917s][info][gc,stats       ] Pause Degenerated GC (N)           1145 us
[335.917s][info][gc,stats       ]   Degen STW Mark                    494 us, parallelism: 5.43x
[335.917s][info][gc,stats       ]     DSM: <total>                   2680 us
[335.917s][info][gc,stats       ]     DSM: Thread Roots                57 us, workers (us):   9,   9,  10,   3,  11,  14, 
[335.917s][info][gc,stats       ]     DSM: VM Strong Roots              4 us, workers (us):   2,   1,   1,   0,   0,   0, 
[335.917s][info][gc,stats       ]     DSM: CLDG Roots                  33 us, workers (us):   0,   0,   0,  32,   0,   0, 
[335.917s][info][gc,stats       ]     DSM: Parallel Mark             2585 us, workers (us): 435, 436, 437, 411, 436, 431, 
[335.917s][info][gc,stats       ]     System Purge                    183 us
[335.917s][info][gc,stats       ]       Weak References                62 us, parallelism: 0.12x
[335.917s][info][gc,stats       ]         WRP: <total>                  8 us
[335.917s][info][gc,stats       ]         WRP: Weak References          8 us, workers (us):   1,   1,   0,   0,   1,   4, 
[335.917s][info][gc,stats       ]       Unload Classes                 91 us, parallelism: 3.66x
[335.917s][info][gc,stats       ]         DCU: <total>                332 us
[335.917s][info][gc,stats       ]         DCU: Unload Code Caches      332 us, workers (us):  57,  61,  67,  48,  51,  48, 
[335.917s][info][gc,stats       ]       Weak Roots                     28 us, parallelism: 2.35x
[335.917s][info][gc,stats       ]         DWR: <total>                 66 us
[335.917s][info][gc,stats       ]         DWR: VM Weak Roots           66 us, workers (us):  15,  12,  10,  10,  10,   9, 
[335.917s][info][gc,stats       ]       CLDG                            0 us
[335.917s][info][gc,stats       ]   Update Region States               28 us
[335.917s][info][gc,stats       ]   Manage GC/TLABs                     4 us
[335.917s][info][gc,stats       ]   Choose Collection Set              42 us
[335.917s][info][gc,stats       ]   Rebuild Free Set                    9 us
[335.917s][info][gc,stats       ]   Cleanup                             6 us
[335.917s][info][gc,stats       ] Pacing                            61644 us
[335.917s][info][gc,stats       ] 
[335.917s][info][gc,stats       ] Allocation pacing accrued:
[335.917s][info][gc,stats       ]      62 of  2890 ms (  2.1%): main
[335.917s][info][gc,stats       ]      62 of  2890 ms (  2.1%): <total>
[335.917s][info][gc,stats       ]       5 of  2890 ms (  0.2%): <average total>
[335.917s][info][gc,stats       ]      62 of  2890 ms (  2.1%): <average non-zero>
[335.917s][info][gc,stats       ] 
[335.917s][info][gc,metaspace   ] Metaspace: 1071K(1280K)->1071K(1280K) NonClass: 990K(1088K)->990K(1088K) Class: 81K(192K)->81K(192K)
[335.917s][info][gc,ergo        ] Pacer for Idle. Initial: 10485K, Alloc Tax Rate: 1.0x
[337.237s][info][gc             ] Trigger: Average GC time (3.79 ms) is above the time for average allocation rate (142 MB/s) to deplete free headroom (0B) (margin of error = 3.29)
[337.237s][info][gc,ergo        ] Free headroom: 203M (free) - 26214K (spike) - 179M (penalties) = 0B
[337.237s][info][gc,ergo        ] Free: 203M, Max: 256K regular, 146M humongous, Frag: 28% external, 0% internal; Reserve: 26368K, Max: 256K
[337.237s][info][gc,start       ] GC(191) Concurrent reset
[337.237s][info][gc,task        ] GC(191) Using 3 of 6 workers for concurrent reset
[337.237s][info][gc,ergo        ] GC(191) Pacer for Reset. Non-Taxable: 512M
[337.237s][info][gc             ] GC(191) Concurrent reset 0.318ms
[337.237s][info][gc,start       ] GC(191) Pause Init Mark (unload classes)
[337.237s][info][gc,task        ] GC(191) Using 6 of 6 workers for init marking
[337.237s][info][gc,ergo        ] GC(191) Pacer for Mark. Expected Live: 143M, Free: 203M, Non-Taxable: 20788K, Alloc Tax Rate: 0.9x
[337.237s][info][gc             ] GC(191) Pause Init Mark (unload classes) 0.105ms
[337.237s][info][gc,start       ] GC(191) Concurrent marking roots
[337.237s][info][gc,task        ] GC(191) Using 3 of 6 workers for concurrent marking roots
[337.237s][info][gc             ] GC(191) Concurrent marking roots 0.321ms
[337.237s][info][gc,start       ] GC(191) Concurrent marking (unload classes)
[337.237s][info][gc,task        ] GC(191) Using 3 of 6 workers for concurrent marking
[337.238s][info][gc             ] GC(191) Concurrent marking (unload classes) 0.795ms
[337.238s][info][gc,start       ] GC(191) Pause Final Mark (unload classes)
[337.238s][info][gc,task        ] GC(191) Using 6 of 6 workers for final marking
[337.238s][info][gc,ergo        ] GC(191) Collectable Garbage: 167M (99%), Immediate: 167M (99%), CSet: 0B (0%)
[337.239s][info][gc             ] GC(191) Pause Final Mark (unload classes) 0.175ms
[337.239s][info][gc,start       ] GC(191) Concurrent weak references
[337.239s][info][gc,task        ] GC(191) Using 3 of 6 workers for concurrent weak references
[337.239s][info][gc,ref         ] GC(191) Encountered references: Soft: 45, Weak: 116, Final: 0, Phantom: 7
[337.239s][info][gc,ref         ] GC(191) Discovered  references: Soft: 0, Weak: 72, Final: 0, Phantom: 5
[337.239s][info][gc,ref         ] GC(191) Enqueued    references: Soft: 0, Weak: 0, Final: 0, Phantom: 0
[337.239s][info][gc             ] GC(191) Concurrent weak references 0.083ms
[337.239s][info][gc,start       ] GC(191) Concurrent weak roots
[337.239s][info][gc,task        ] GC(191) Using 3 of 6 workers for concurrent weak root
[337.239s][info][gc             ] GC(191) Concurrent weak roots 0.155ms
[337.239s][info][gc,start       ] GC(191) Concurrent cleanup
[337.239s][info][gc             ] GC(191) Concurrent cleanup 279M->112M(512M) 0.043ms
[337.239s][info][gc,ergo        ] GC(191) Free: 373M, Max: 256K regular, 246M humongous, Frag: 34% external, 0% internal; Reserve: 26368K, Max: 256K
[337.239s][info][gc,start       ] GC(191) Concurrent class unloading
[337.239s][info][gc,task        ] GC(191) Using 3 of 6 workers for concurrent class unloading
[337.239s][info][gc             ] GC(191) Concurrent class unloading 0.251ms
[337.239s][info][gc,start       ] GC(191) Pause Final Roots
[337.239s][info][gc             ] GC(191) Pause Final Roots 0.016ms
[337.239s][info][gc,ergo        ] Free: 373M, Max: 256K regular, 246M humongous, Frag: 34% external, 0% internal; Reserve: 26368K, Max: 256K
[337.239s][info][gc,stats       ] 
[337.239s][info][gc,stats       ] All times are wall-clock times, except per-root-class counters, that are sum over
[337.239s][info][gc,stats       ] all workers. Dividing the <total> over the root stage time estimates parallelism.
[337.239s][info][gc,stats       ] 
[337.239s][info][gc,stats       ] Concurrent Reset                    335 us
[337.239s][info][gc,stats       ] Pause Init Mark (G)                 156 us
[337.239s][info][gc,stats       ] Pause Init Mark (N)                 121 us
[337.239s][info][gc,stats       ]   Update Region States               61 us
[337.239s][info][gc,stats       ] Concurrent Mark Roots               336 us, parallelism: 1.29x
[337.239s][info][gc,stats       ]   CMR: <total>                      433 us
[337.239s][info][gc,stats       ]   CMR: Thread Roots                 401 us, workers (us):  35, 268,  98, ---, ---, ---, 
[337.239s][info][gc,stats       ]   CMR: VM Strong Roots                4 us, workers (us):   2,   1,   0, ---, ---, ---, 
[337.239s][info][gc,stats       ]   CMR: CLDG Roots                    28 us, workers (us):  28, ---, ---, ---, ---, ---, 
[337.239s][info][gc,stats       ] Concurrent Marking                  816 us
[337.239s][info][gc,stats       ] Pause Final Mark (G)                287 us
[337.239s][info][gc,stats       ] Pause Final Mark (N)                185 us
[337.239s][info][gc,stats       ]   Finish Mark                        40 us
[337.239s][info][gc,stats       ]   Update Region States               60 us
[337.239s][info][gc,stats       ]   Choose Collection Set              35 us
[337.239s][info][gc,stats       ]   Rebuild Free Set                    9 us
[337.239s][info][gc,stats       ] Concurrent Weak References           91 us, parallelism: 0.05x
[337.239s][info][gc,stats       ]   CWRF: <total>                       5 us
[337.239s][info][gc,stats       ]   CWRF: Weak References               5 us, workers (us):   4,   1,   0, ---, ---, ---, 
[337.239s][info][gc,stats       ] Concurrent Weak Roots               169 us
[337.239s][info][gc,stats       ]   Roots                             110 us, parallelism: 0.98x
[337.239s][info][gc,stats       ]     CWR: <total>                    108 us
[337.240s][info][gc,stats       ]     CWR: Code Cache Roots            57 us, workers (us):  33,  24,   0, ---, ---, ---, 
[337.240s][info][gc,stats       ]     CWR: VM Weak Roots               50 us, workers (us):  23,  23,   4, ---, ---, ---, 
[337.240s][info][gc,stats       ]     CWR: CLDG Roots                   1 us, workers (us): ---, ---,   1, ---, ---, ---, 
[337.240s][info][gc,stats       ]   Rendezvous                         28 us
[337.240s][info][gc,stats       ] Concurrent Cleanup                   52 us
[337.240s][info][gc,stats       ] Concurrent Class Unloading          265 us
[337.240s][info][gc,stats       ]   Unlink Stale                      154 us
[337.240s][info][gc,stats       ]     System Dictionary                 1 us
[337.240s][info][gc,stats       ]     Weak Class Links                  0 us
[337.240s][info][gc,stats       ]     Code Roots                      152 us
[337.240s][info][gc,stats       ]   Rendezvous                         57 us
[337.240s][info][gc,stats       ]   Purge Unlinked                     24 us
[337.240s][info][gc,stats       ]     Code Roots                       21 us
[337.240s][info][gc,stats       ]     CLDG                              3 us
[337.240s][info][gc,stats       ]     Exception Caches                  0 us
[337.240s][info][gc,stats       ] Pause Final Roots (G)                86 us
[337.240s][info][gc,stats       ] Pause Final Roots (N)                24 us
[337.240s][info][gc,stats       ] 
[337.240s][info][gc,stats       ] Allocation pacing accrued:
[337.240s][info][gc,stats       ]       0 of  1323 ms (  0.0%): <total>
[337.240s][info][gc,stats       ]       0 of  1323 ms (  0.0%): <average total>
[337.240s][info][gc,stats       ] 
[337.240s][info][gc,metaspace   ] Metaspace: 1071K(1280K)->1071K(1280K) NonClass: 990K(1088K)->990K(1088K) Class: 81K(192K)->81K(192K)
[337.240s][info][gc,ergo        ] Pacer for Idle. Initial: 10485K, Alloc Tax Rate: 1.0x
[338.808s][info][gc             ] Trigger: Average GC time (3.45 ms) is above the time for average allocation rate (4896 KB/s) to deplete free headroom (0B) (margin of error = 3.29)
[338.808s][info][gc,ergo        ] Free headroom: 143M (free) - 26214K (spike) - 174M (penalties) = 0B
[338.808s][info][gc,ergo        ] Free: 143M, Max: 256K regular, 64256K humongous, Frag: 57% external, 0% internal; Reserve: 26368K, Max: 256K
[338.808s][info][gc,start       ] GC(192) Concurrent reset
[338.808s][info][gc,task        ] GC(192) Using 3 of 6 workers for concurrent reset
[338.808s][info][gc,ergo        ] GC(192) Pacer for Reset. Non-Taxable: 512M
[338.808s][info][gc             ] GC(192) Concurrent reset 0.249ms
[338.808s][info][gc,start       ] GC(192) Pause Init Mark (unload classes)
[338.808s][info][gc,task        ] GC(192) Using 6 of 6 workers for init marking
[338.808s][info][gc,ergo        ] GC(192) Pacer for Mark. Expected Live: 145M, Free: 143M, Non-Taxable: 14695K, Alloc Tax Rate: 1.2x
[338.808s][info][gc             ] GC(192) Pause Init Mark (unload classes) 0.079ms
[338.808s][info][gc,start       ] GC(192) Concurrent marking roots
[338.808s][info][gc,task        ] GC(192) Using 3 of 6 workers for concurrent marking roots
[338.808s][info][gc             ] GC(192) Concurrent marking roots 0.265ms
[338.808s][info][gc,start       ] GC(192) Concurrent marking (unload classes)
[338.808s][info][gc,task        ] GC(192) Using 3 of 6 workers for concurrent marking
[338.809s][info][gc             ] GC(192) Concurrent marking (unload classes) 0.638ms
[338.809s][info][gc,start       ] GC(192) Pause Final Mark (unload classes)
[338.809s][info][gc,task        ] GC(192) Using 6 of 6 workers for final marking
[338.809s][info][gc,ergo        ] GC(192) Collectable Garbage: 237M (99%), Immediate: 237M (99%), CSet: 0B (0%)
[338.809s][info][gc             ] GC(192) Pause Final Mark (unload classes) 0.176ms
[338.809s][info][gc,start       ] GC(192) Concurrent weak references
[338.809s][info][gc,task        ] GC(192) Using 3 of 6 workers for concurrent weak references
[338.809s][info][gc,ref         ] GC(192) Encountered references: Soft: 45, Weak: 116, Final: 0, Phantom: 7
[338.809s][info][gc,ref         ] GC(192) Discovered  references: Soft: 0, Weak: 95, Final: 0, Phantom: 5
[338.809s][info][gc,ref         ] GC(192) Enqueued    references: Soft: 0, Weak: 0, Final: 0, Phantom: 0
[338.809s][info][gc             ] GC(192) Concurrent weak references 0.080ms
[338.809s][info][gc,start       ] GC(192) Concurrent weak roots
[338.809s][info][gc,task        ] GC(192) Using 3 of 6 workers for concurrent weak root
[338.809s][info][gc             ] GC(192) Concurrent weak roots 0.123ms
[338.810s][info][gc,start       ] GC(192) Concurrent cleanup
[338.810s][info][gc             ] GC(192) Concurrent cleanup 339M->102M(512M) 0.053ms
[338.810s][info][gc,ergo        ] GC(192) Free: 383M, Max: 256K regular, 337M humongous, Frag: 13% external, 0% internal; Reserve: 26368K, Max: 256K
[338.810s][info][gc,start       ] GC(192) Concurrent class unloading
[338.810s][info][gc,task        ] GC(192) Using 3 of 6 workers for concurrent class unloading
[338.810s][info][gc             ] GC(192) Concurrent class unloading 0.215ms
[338.810s][info][gc,start       ] GC(192) Pause Final Roots
[338.810s][info][gc             ] GC(192) Pause Final Roots 0.015ms
[338.810s][info][gc,ergo        ] Free: 383M, Max: 256K regular, 337M humongous, Frag: 13% external, 0% internal; Reserve: 26368K, Max: 256K
[338.810s][info][gc,stats       ] 
[338.810s][info][gc,stats       ] All times are wall-clock times, except per-root-class counters, that are sum over
[338.810s][info][gc,stats       ] all workers. Dividing the <total> over the root stage time estimates parallelism.
[338.810s][info][gc,stats       ] 
[338.810s][info][gc,stats       ] Concurrent Reset                    270 us
[338.810s][info][gc,stats       ] Pause Init Mark (G)                 125 us
[338.810s][info][gc,stats       ] Pause Init Mark (N)                  92 us
[338.810s][info][gc,stats       ]   Update Region States               25 us
[338.810s][info][gc,stats       ] Concurrent Mark Roots               284 us, parallelism: 1.25x
[338.810s][info][gc,stats       ]   CMR: <total>                      356 us
[338.810s][info][gc,stats       ]   CMR: Thread Roots                 317 us, workers (us): 205,  39,  73, ---, ---, ---, 
[338.810s][info][gc,stats       ]   CMR: VM Strong Roots                5 us, workers (us):   2,   1,   2, ---, ---, ---, 
[338.810s][info][gc,stats       ]   CMR: CLDG Roots                    34 us, workers (us): ---,  34, ---, ---, ---, ---, 
[338.810s][info][gc,stats       ] Concurrent Marking                  655 us
[338.810s][info][gc,stats       ] Pause Final Mark (G)                224 us
[338.810s][info][gc,stats       ] Pause Final Mark (N)                187 us
[338.810s][info][gc,stats       ]   Finish Mark                        75 us
[338.810s][info][gc,stats       ]   Update Region States               27 us
[338.810s][info][gc,stats       ]   Choose Collection Set              39 us
[338.810s][info][gc,stats       ]   Rebuild Free Set                    8 us
[338.810s][info][gc,stats       ] Concurrent Weak References           88 us, parallelism: 0.06x
[338.810s][info][gc,stats       ]   CWRF: <total>                       5 us
[338.810s][info][gc,stats       ]   CWRF: Weak References               5 us, workers (us):   4,   1,   0, ---, ---, ---, 
[338.810s][info][gc,stats       ] Concurrent Weak Roots               138 us
[338.810s][info][gc,stats       ]   Roots                              80 us, parallelism: 1.19x
[338.810s][info][gc,stats       ]     CWR: <total>                     95 us
[338.810s][info][gc,stats       ]     CWR: Code Cache Roots            52 us, workers (us):  17,   0,  36, ---, ---, ---, 
[338.810s][info][gc,stats       ]     CWR: VM Weak Roots               42 us, workers (us):  16,  14,  12, ---, ---, ---, 
[338.810s][info][gc,stats       ]     CWR: CLDG Roots                   1 us, workers (us): ---,   1, ---, ---, ---, ---, 
[338.810s][info][gc,stats       ]   Rendezvous                         26 us
[338.810s][info][gc,stats       ] Concurrent Cleanup                   63 us
[338.810s][info][gc,stats       ] Concurrent Class Unloading          229 us
[338.810s][info][gc,stats       ]   Unlink Stale                      154 us
[338.810s][info][gc,stats       ]     System Dictionary                 1 us
[338.810s][info][gc,stats       ]     Weak Class Links                  0 us
[338.810s][info][gc,stats       ]     Code Roots                      152 us
[338.810s][info][gc,stats       ]   Rendezvous                         20 us
[338.810s][info][gc,stats       ]   Purge Unlinked                     25 us
[338.810s][info][gc,stats       ]     Code Roots                       22 us
[338.810s][info][gc,stats       ]     CLDG                              3 us
[338.810s][info][gc,stats       ]     Exception Caches                  0 us
[338.810s][info][gc,stats       ] Pause Final Roots (G)                43 us
[338.810s][info][gc,stats       ] Pause Final Roots (N)                24 us
[338.810s][info][gc,stats       ] Pacing                            42062 us
[338.810s][info][gc,stats       ] 
[338.810s][info][gc,stats       ] Allocation pacing accrued:
[338.810s][info][gc,stats       ]      42 of  1571 ms (  2.7%): main
[338.810s][info][gc,stats       ]      42 of  1571 ms (  2.7%): <total>
[338.810s][info][gc,stats       ]       3 of  1571 ms (  0.2%): <average total>
[338.810s][info][gc,stats       ]      42 of  1571 ms (  2.7%): <average non-zero>
[338.810s][info][gc,stats       ] 
[338.810s][info][gc,metaspace   ] Metaspace: 1071K(1280K)->1071K(1280K) NonClass: 990K(1088K)->990K(1088K) Class: 81K(192K)->81K(192K)
[338.810s][info][gc,ergo        ] Pacer for Idle. Initial: 10485K, Alloc Tax Rate: 1.0x
[340.277s][info][gc             ] Trigger: Average GC time (3.35 ms) is above the time for average allocation rate (298 MB/s) to deplete free headroom (0B) (margin of error = 3.29)
[340.277s][info][gc,ergo        ] Free headroom: 158M (free) - 26214K (spike) - 168M (penalties) = 0B
[340.277s][info][gc,ergo        ] Free: 158M, Max: 256K regular, 111M humongous, Frag: 30% external, 0% internal; Reserve: 26368K, Max: 256K
[340.277s][info][gc,start       ] GC(193) Concurrent reset
[340.277s][info][gc,task        ] GC(193) Using 3 of 6 workers for concurrent reset
[340.277s][info][gc,ergo        ] GC(193) Pacer for Reset. Non-Taxable: 512M
[340.278s][info][gc             ] GC(193) Concurrent reset 0.293ms
[340.278s][info][gc,start       ] GC(193) Pause Init Mark (unload classes)
[340.278s][info][gc,task        ] GC(193) Using 6 of 6 workers for init marking
[340.278s][info][gc,ergo        ] GC(193) Pacer for Mark. Expected Live: 124M, Free: 158M, Non-Taxable: 16205K, Alloc Tax Rate: 1.0x
[340.278s][info][gc             ] GC(193) Pause Init Mark (unload classes) 0.089ms
[340.278s][info][gc,start       ] GC(193) Concurrent marking roots
[340.278s][info][gc,task        ] GC(193) Using 3 of 6 workers for concurrent marking roots
[340.278s][info][gc             ] GC(193) Concurrent marking roots 0.264ms
[340.278s][info][gc,start       ] GC(193) Concurrent marking (unload classes)
[340.278s][info][gc,task        ] GC(193) Using 3 of 6 workers for concurrent marking
[340.279s][info][gc             ] GC(193) Concurrent marking (unload classes) 0.696ms
[340.279s][info][gc,start       ] GC(193) Pause Final Mark (unload classes)
[340.279s][info][gc,task        ] GC(193) Using 6 of 6 workers for final marking
[340.279s][info][gc,ergo        ] GC(193) Collectable Garbage: 216M (99%), Immediate: 216M (99%), CSet: 0B (0%)
[340.279s][info][gc             ] GC(193) Pause Final Mark (unload classes) 0.143ms
[340.279s][info][gc,start       ] GC(193) Concurrent weak references
[340.279s][info][gc,task        ] GC(193) Using 3 of 6 workers for concurrent weak references
[340.279s][info][gc,ref         ] GC(193) Encountered references: Soft: 45, Weak: 116, Final: 0, Phantom: 7
[340.279s][info][gc,ref         ] GC(193) Discovered  references: Soft: 0, Weak: 95, Final: 0, Phantom: 5
[340.279s][info][gc,ref         ] GC(193) Enqueued    references: Soft: 0, Weak: 0, Final: 0, Phantom: 0
[340.279s][info][gc             ] GC(193) Concurrent weak references 0.082ms
[340.279s][info][gc,start       ] GC(193) Concurrent weak roots
[340.279s][info][gc,task        ] GC(193) Using 3 of 6 workers for concurrent weak root
[340.279s][info][gc             ] GC(193) Concurrent weak roots 0.113ms
[340.279s][info][gc,start       ] GC(193) Concurrent cleanup
[340.279s][info][gc             ] GC(193) Concurrent cleanup 324M->108M(512M) 0.049ms
[340.279s][info][gc,ergo        ] GC(193) Free: 377M, Max: 256K regular, 258M humongous, Frag: 32% external, 0% internal; Reserve: 26368K, Max: 256K
[340.279s][info][gc,start       ] GC(193) Concurrent class unloading
[340.279s][info][gc,task        ] GC(193) Using 3 of 6 workers for concurrent class unloading
[340.280s][info][gc             ] GC(193) Concurrent class unloading 0.216ms
[340.280s][info][gc,start       ] GC(193) Pause Final Roots
[340.280s][info][gc             ] GC(193) Pause Final Roots 0.013ms
[340.280s][info][gc,ergo        ] Free: 377M, Max: 256K regular, 258M humongous, Frag: 32% external, 0% internal; Reserve: 26368K, Max: 256K
[340.280s][info][gc,stats       ] 
[340.280s][info][gc,stats       ] All times are wall-clock times, except per-root-class counters, that are sum over
[340.280s][info][gc,stats       ] all workers. Dividing the <total> over the root stage time estimates parallelism.
[340.280s][info][gc,stats       ] 
[340.280s][info][gc,stats       ] Concurrent Reset                    315 us
[340.280s][info][gc,stats       ] Pause Init Mark (G)                 137 us
[340.280s][info][gc,stats       ] Pause Init Mark (N)                 102 us
[340.280s][info][gc,stats       ]   Update Region States               33 us
[340.280s][info][gc,stats       ] Concurrent Mark Roots               279 us, parallelism: 1.32x
[340.280s][info][gc,stats       ]   CMR: <total>                      368 us
[340.280s][info][gc,stats       ]   CMR: Thread Roots                 323 us, workers (us): 211,  48,  64, ---, ---, ---, 
[340.280s][info][gc,stats       ]   CMR: VM Strong Roots                5 us, workers (us):   3,   2,   1, ---, ---, ---, 
[340.280s][info][gc,stats       ]   CMR: CLDG Roots                    39 us, workers (us): ---,  39, ---, ---, ---, ---, 
[340.280s][info][gc,stats       ] Concurrent Marking                  710 us
[340.280s][info][gc,stats       ] Pause Final Mark (G)                183 us
[340.280s][info][gc,stats       ] Pause Final Mark (N)                153 us
[340.280s][info][gc,stats       ]   Finish Mark                        43 us
[340.280s][info][gc,stats       ]   Update Region States               29 us
[340.280s][info][gc,stats       ]   Choose Collection Set              34 us
[340.280s][info][gc,stats       ]   Rebuild Free Set                    8 us
[340.280s][info][gc,stats       ] Concurrent Weak References           90 us, parallelism: 0.06x
[340.280s][info][gc,stats       ]   CWRF: <total>                       6 us
[340.280s][info][gc,stats       ]   CWRF: Weak References               6 us, workers (us):   5,   1,   0, ---, ---, ---, 
[340.280s][info][gc,stats       ] Concurrent Weak Roots               127 us
[340.280s][info][gc,stats       ]   Roots                              72 us, parallelism: 1.34x
[340.280s][info][gc,stats       ]     CWR: <total>                     97 us
[340.280s][info][gc,stats       ]     CWR: Code Cache Roots            53 us, workers (us):   0,  36,  17, ---, ---, ---, 
[340.280s][info][gc,stats       ]     CWR: VM Weak Roots               43 us, workers (us):  15,  15,  14, ---, ---, ---, 
[340.280s][info][gc,stats       ]     CWR: CLDG Roots                   1 us, workers (us):   1, ---, ---, ---, ---, ---, 
[340.280s][info][gc,stats       ]   Rendezvous                         24 us
[340.280s][info][gc,stats       ] Concurrent Cleanup                   58 us
[340.280s][info][gc,stats       ] Concurrent Class Unloading          230 us
[340.280s][info][gc,stats       ]   Unlink Stale                      155 us
[340.280s][info][gc,stats       ]     System Dictionary                 1 us
[340.280s][info][gc,stats       ]     Weak Class Links                  0 us
[340.280s][info][gc,stats       ]     Code Roots                      153 us
[340.280s][info][gc,stats       ]   Rendezvous                         20 us
[340.280s][info][gc,stats       ]   Purge Unlinked                     24 us
[340.280s][info][gc,stats       ]     Code Roots                       22 us
[340.280s][info][gc,stats       ]     CLDG                              2 us
[340.280s][info][gc,stats       ]     Exception Caches                  0 us
[340.280s][info][gc,stats       ] Pause Final Roots (G)                41 us
[340.280s][info][gc,stats       ] Pause Final Roots (N)                21 us
[340.280s][info][gc,stats       ] Pacing                            46678 us
[340.280s][info][gc,stats       ] 
[340.280s][info][gc,stats       ] Allocation pacing accrued:
[340.280s][info][gc,stats       ]      47 of  1470 ms (  3.2%): main
[340.280s][info][gc,stats       ]      47 of  1470 ms (  3.2%): <total>
[340.280s][info][gc,stats       ]       4 of  1470 ms (  0.2%): <average total>
[340.280s][info][gc,stats       ]      47 of  1470 ms (  3.2%): <average non-zero>
[340.280s][info][gc,stats       ] 
[340.280s][info][gc,metaspace   ] Metaspace: 1071K(1280K)->1071K(1280K) NonClass: 990K(1088K)->990K(1088K) Class: 81K(192K)->81K(192K)
[340.280s][info][gc,ergo        ] Pacer for Idle. Initial: 10485K, Alloc Tax Rate: 1.0x
[341.758s][info][gc             ] Trigger: Average GC time (3.04 ms) is above the time for average allocation rate (296 MB/s) to deplete free headroom (0B) (margin of error = 3.29)
[341.758s][info][gc,ergo        ] Free headroom: 151M (free) - 26214K (spike) - 163M (penalties) = 0B
[341.758s][info][gc,ergo        ] Free: 151M, Max: 256K regular, 107M humongous, Frag: 29% external, 0% internal; Reserve: 26368K, Max: 256K
[341.758s][info][gc,start       ] GC(194) Concurrent reset
[341.758s][info][gc,task        ] GC(194) Using 3 of 6 workers for concurrent reset
[341.758s][info][gc,ergo        ] GC(194) Pacer for Reset. Non-Taxable: 512M
[341.758s][info][gc             ] GC(194) Concurrent reset 0.284ms
[341.758s][info][gc,start       ] GC(194) Pause Init Mark (unload classes)
[341.758s][info][gc,task        ] GC(194) Using 6 of 6 workers for init marking
[341.758s][info][gc,ergo        ] GC(194) Pacer for Mark. Expected Live: 113M, Free: 151M, Non-Taxable: 15540K, Alloc Tax Rate: 0.9x
[341.758s][info][gc             ] GC(194) Pause Init Mark (unload classes) 0.129ms
[341.758s][info][gc,start       ] GC(194) Concurrent marking roots
[341.758s][info][gc,task        ] GC(194) Using 3 of 6 workers for concurrent marking roots
[341.758s][info][gc             ] GC(194) Concurrent marking roots 0.291ms
[341.759s][info][gc,start       ] GC(194) Concurrent marking (unload classes)
[341.759s][info][gc,task        ] GC(194) Using 3 of 6 workers for concurrent marking
[341.759s][info][gc             ] GC(194) Concurrent marking (unload classes) 0.773ms
[341.759s][info][gc,start       ] GC(194) Pause Final Mark (unload classes)
[341.759s][info][gc,task        ] GC(194) Using 6 of 6 workers for final marking
[341.760s][info][gc,ergo        ] GC(194) Collectable Garbage: 211M (99%), Immediate: 211M (99%), CSet: 0B (0%)
[341.760s][info][gc             ] GC(194) Pause Final Mark (unload classes) 0.340ms
[341.760s][info][gc,start       ] GC(194) Concurrent weak references
[341.760s][info][gc,task        ] GC(194) Using 3 of 6 workers for concurrent weak references
[341.760s][info][gc,ref         ] GC(194) Encountered references: Soft: 45, Weak: 116, Final: 0, Phantom: 7
[341.760s][info][gc,ref         ] GC(194) Discovered  references: Soft: 0, Weak: 84, Final: 0, Phantom: 5
[341.760s][info][gc,ref         ] GC(194) Enqueued    references: Soft: 0, Weak: 0, Final: 0, Phantom: 0
[341.760s][info][gc             ] GC(194) Concurrent weak references 0.175ms
[341.760s][info][gc,start       ] GC(194) Concurrent weak roots
[341.760s][info][gc,task        ] GC(194) Using 3 of 6 workers for concurrent weak root
[341.760s][info][gc             ] GC(194) Concurrent weak roots 0.209ms
[341.760s][info][gc,start       ] GC(194) Concurrent cleanup
[341.760s][info][gc             ] GC(194) Concurrent cleanup 330M->119M(512M) 0.049ms
[341.760s][info][gc,ergo        ] GC(194) Free: 365M, Max: 256K regular, 220M humongous, Frag: 40% external, 0% internal; Reserve: 26368K, Max: 256K
[341.760s][info][gc,start       ] GC(194) Concurrent class unloading
[341.760s][info][gc,task        ] GC(194) Using 3 of 6 workers for concurrent class unloading
[341.761s][info][gc             ] GC(194) Concurrent class unloading 0.268ms
[341.761s][info][gc,start       ] GC(194) Pause Final Roots
[341.761s][info][gc             ] GC(194) Pause Final Roots 0.018ms
[341.761s][info][gc,ergo        ] Free: 365M, Max: 256K regular, 220M humongous, Frag: 40% external, 0% internal; Reserve: 26368K, Max: 256K
[341.761s][info][gc,stats       ] 
[341.761s][info][gc,stats       ] All times are wall-clock times, except per-root-class counters, that are sum over
[341.761s][info][gc,stats       ] all workers. Dividing the <total> over the root stage time estimates parallelism.
[341.761s][info][gc,stats       ] 
[341.761s][info][gc,stats       ] Concurrent Reset                    304 us
[341.761s][info][gc,stats       ] Pause Init Mark (G)                 233 us
[341.761s][info][gc,stats       ] Pause Init Mark (N)                 138 us
[341.761s][info][gc,stats       ]   Update Region States               77 us
[341.761s][info][gc,stats       ] Concurrent Mark Roots               309 us, parallelism: 1.08x
[341.761s][info][gc,stats       ]   CMR: <total>                      333 us
[341.761s][info][gc,stats       ]   CMR: Thread Roots                 297 us, workers (us):  69, 192,  36, ---, ---, ---, 
[341.761s][info][gc,stats       ]   CMR: VM Strong Roots                4 us, workers (us):   2,   1,   1, ---, ---, ---, 
[341.761s][info][gc,stats       ]   CMR: CLDG Roots                    32 us, workers (us): ---, ---,  32, ---, ---, ---, 
[341.761s][info][gc,stats       ] Concurrent Marking                  791 us
[341.761s][info][gc,stats       ] Pause Final Mark (G)                482 us
[341.761s][info][gc,stats       ] Pause Final Mark (N)                351 us
[341.761s][info][gc,stats       ]   Finish Mark                       166 us
[341.761s][info][gc,stats       ]   Update Region States              102 us
[341.761s][info][gc,stats       ]   Choose Collection Set              34 us
[341.761s][info][gc,stats       ]   Rebuild Free Set                    8 us
[341.761s][info][gc,stats       ] Concurrent Weak References          183 us, parallelism: 0.02x
[341.761s][info][gc,stats       ]   CWRF: <total>                       4 us
[341.761s][info][gc,stats       ]   CWRF: Weak References               4 us, workers (us):   1,   3,   0, ---, ---, ---, 
[341.761s][info][gc,stats       ] Concurrent Weak Roots               227 us
[341.761s][info][gc,stats       ]   Roots                             133 us, parallelism: 0.78x
[341.761s][info][gc,stats       ]     CWR: <total>                    104 us
[341.761s][info][gc,stats       ]     CWR: Code Cache Roots            53 us, workers (us):  36,  18,   0, ---, ---, ---, 
[341.761s][info][gc,stats       ]     CWR: VM Weak Roots               50 us, workers (us):  41,   8,   0, ---, ---, ---, 
[341.761s][info][gc,stats       ]     CWR: CLDG Roots                   1 us, workers (us): ---,   1, ---, ---, ---, ---, 
[341.761s][info][gc,stats       ]   Rendezvous                         60 us
[341.761s][info][gc,stats       ] Concurrent Cleanup                   59 us
[341.761s][info][gc,stats       ] Concurrent Class Unloading          287 us
[341.761s][info][gc,stats       ]   Unlink Stale                      155 us
[341.761s][info][gc,stats       ]     System Dictionary                 1 us
[341.761s][info][gc,stats       ]     Weak Class Links                  0 us
[341.761s][info][gc,stats       ]     Code Roots                      153 us
[341.761s][info][gc,stats       ]   Rendezvous                         26 us
[341.761s][info][gc,stats       ]   Purge Unlinked                     70 us
[341.761s][info][gc,stats       ]     Code Roots                       66 us
[341.761s][info][gc,stats       ]     CLDG                              4 us
[341.761s][info][gc,stats       ]     Exception Caches                  0 us
[341.761s][info][gc,stats       ] Pause Final Roots (G)                50 us
[341.761s][info][gc,stats       ] Pause Final Roots (N)                28 us
[341.761s][info][gc,stats       ] Pacing                            51288 us
[341.761s][info][gc,stats       ] 
[341.761s][info][gc,stats       ] Allocation pacing accrued:
[341.761s][info][gc,stats       ]      51 of  1481 ms (  3.5%): main
[341.761s][info][gc,stats       ]      51 of  1481 ms (  3.5%): <total>
[341.761s][info][gc,stats       ]       4 of  1481 ms (  0.3%): <average total>
[341.761s][info][gc,stats       ]      51 of  1481 ms (  3.5%): <average non-zero>
[341.761s][info][gc,stats       ] 
[341.761s][info][gc,metaspace   ] Metaspace: 1071K(1280K)->1071K(1280K) NonClass: 990K(1088K)->990K(1088K) Class: 81K(192K)->81K(192K)
[341.761s][info][gc,ergo        ] Pacer for Idle. Initial: 10485K, Alloc Tax Rate: 1.0x
[343.218s][info][gc             ] Trigger: Average GC time (3.83 ms) is above the time for average allocation rate (295 MB/s) to deplete free headroom (0B) (margin of error = 3.29)
[343.218s][info][gc,ergo        ] Free headroom: 166M (free) - 26214K (spike) - 158M (penalties) = 0B
[343.218s][info][gc,ergo        ] Free: 166M, Max: 256K regular, 107M humongous, Frag: 36% external, 0% internal; Reserve: 26368K, Max: 256K
[343.218s][info][gc,start       ] GC(195) Concurrent reset
[343.218s][info][gc,task        ] GC(195) Using 3 of 6 workers for concurrent reset
[343.218s][info][gc,ergo        ] GC(195) Pacer for Reset. Non-Taxable: 512M
[343.218s][info][gc             ] GC(195) Concurrent reset 0.385ms
[343.218s][info][gc,start       ] GC(195) Pause Init Mark (unload classes)
[343.218s][info][gc,task        ] GC(195) Using 6 of 6 workers for init marking
[343.219s][info][gc,ergo        ] GC(195) Pacer for Mark. Expected Live: 124M, Free: 166M, Non-Taxable: 17050K, Alloc Tax Rate: 0.9x
[343.219s][info][gc             ] GC(195) Pause Init Mark (unload classes) 0.142ms
[343.219s][info][gc,start       ] GC(195) Concurrent marking roots
[343.219s][info][gc,task        ] GC(195) Using 3 of 6 workers for concurrent marking roots
[343.219s][info][gc             ] GC(195) Concurrent marking roots 0.514ms
[343.219s][info][gc,start       ] GC(195) Concurrent marking (unload classes)
[343.219s][info][gc,task        ] GC(195) Using 3 of 6 workers for concurrent marking
[343.220s][info][gc             ] GC(195) Concurrent marking (unload classes) 0.736ms
[343.220s][info][gc,start       ] GC(195) Pause Final Mark (unload classes)
[343.220s][info][gc,task        ] GC(195) Using 6 of 6 workers for final marking
[343.220s][info][gc,ergo        ] GC(195) Collectable Garbage: 204M (99%), Immediate: 204M (99%), CSet: 0B (0%)
[343.220s][info][gc             ] GC(195) Pause Final Mark (unload classes) 0.284ms
[343.220s][info][gc,start       ] GC(195) Concurrent weak references
[343.220s][info][gc,task        ] GC(195) Using 3 of 6 workers for concurrent weak references
[343.220s][info][gc,ref         ] GC(195) Encountered references: Soft: 45, Weak: 116, Final: 0, Phantom: 7
[343.220s][info][gc,ref         ] GC(195) Discovered  references: Soft: 0, Weak: 71, Final: 0, Phantom: 5
[343.220s][info][gc,ref         ] GC(195) Enqueued    references: Soft: 0, Weak: 0, Final: 0, Phantom: 0
[343.220s][info][gc             ] GC(195) Concurrent weak references 0.110ms
[343.220s][info][gc,start       ] GC(195) Concurrent weak roots
[343.220s][info][gc,task        ] GC(195) Using 3 of 6 workers for concurrent weak root
[343.221s][info][gc             ] GC(195) Concurrent weak roots 0.237ms
[343.221s][info][gc,start       ] GC(195) Concurrent cleanup
[343.221s][info][gc             ] GC(195) Concurrent cleanup 316M->112M(512M) 0.048ms
[343.221s][info][gc,ergo        ] GC(195) Free: 373M, Max: 256K regular, 258M humongous, Frag: 31% external, 0% internal; Reserve: 26368K, Max: 256K
[343.221s][info][gc,start       ] GC(195) Concurrent class unloading
[343.221s][info][gc,task        ] GC(195) Using 3 of 6 workers for concurrent class unloading
[343.221s][info][gc             ] GC(195) Concurrent class unloading 0.326ms
[343.221s][info][gc,start       ] GC(195) Pause Final Roots
[343.221s][info][gc             ] GC(195) Pause Final Roots 0.019ms
[343.221s][info][gc,ergo        ] Free: 373M, Max: 256K regular, 258M humongous, Frag: 31% external, 0% internal; Reserve: 26368K, Max: 256K
[343.221s][info][gc,stats       ] 
[343.221s][info][gc,stats       ] All times are wall-clock times, except per-root-class counters, that are sum over
[343.221s][info][gc,stats       ] all workers. Dividing the <total> over the root stage time estimates parallelism.
[343.221s][info][gc,stats       ] 
[343.221s][info][gc,stats       ] Concurrent Reset                    404 us
[343.221s][info][gc,stats       ] Pause Init Mark (G)                 247 us
[343.221s][info][gc,stats       ] Pause Init Mark (N)                 152 us
[343.221s][info][gc,stats       ]   Update Region States               90 us
[343.221s][info][gc,stats       ] Concurrent Mark Roots               532 us, parallelism: 1.71x
[343.221s][info][gc,stats       ]   CMR: <total>                      909 us
[343.221s][info][gc,stats       ]   CMR: Thread Roots                 880 us, workers (us): 391, 285, 205, ---, ---, ---, 
[343.221s][info][gc,stats       ]   CMR: VM Strong Roots                3 us, workers (us):   3,   0,   0, ---, ---, ---, 
[343.221s][info][gc,stats       ]   CMR: CLDG Roots                    26 us, workers (us):  26, ---, ---, ---, ---, ---, 
[343.221s][info][gc,stats       ] Concurrent Marking                  754 us
[343.221s][info][gc,stats       ] Pause Final Mark (G)                358 us
[343.221s][info][gc,stats       ] Pause Final Mark (N)                294 us
[343.221s][info][gc,stats       ]   Finish Mark                       123 us
[343.221s][info][gc,stats       ]   Update Region States               82 us
[343.221s][info][gc,stats       ]   Choose Collection Set              39 us
[343.221s][info][gc,stats       ]   Rebuild Free Set                    9 us
[343.221s][info][gc,stats       ] Concurrent Weak References          118 us, parallelism: 0.03x
[343.221s][info][gc,stats       ]   CWRF: <total>                       4 us
[343.221s][info][gc,stats       ]   CWRF: Weak References               4 us, workers (us):   3,   0,   0, ---, ---, ---, 
[343.221s][info][gc,stats       ] Concurrent Weak Roots               256 us
[343.221s][info][gc,stats       ]   Roots                             131 us, parallelism: 0.76x
[343.221s][info][gc,stats       ]     CWR: <total>                     99 us
[343.221s][info][gc,stats       ]     CWR: Code Cache Roots            55 us, workers (us):   0,  19,  36, ---, ---, ---, 
[343.221s][info][gc,stats       ]     CWR: VM Weak Roots               43 us, workers (us):  39,   2,   2, ---, ---, ---, 
[343.221s][info][gc,stats       ]     CWR: CLDG Roots                   1 us, workers (us):   1, ---, ---, ---, ---, ---, 
[343.221s][info][gc,stats       ]   Rendezvous                         90 us
[343.221s][info][gc,stats       ] Concurrent Cleanup                   58 us
[343.221s][info][gc,stats       ] Concurrent Class Unloading          343 us
[343.221s][info][gc,stats       ]   Unlink Stale                      164 us
[343.221s][info][gc,stats       ]     System Dictionary                 1 us
[343.221s][info][gc,stats       ]     Weak Class Links                  0 us
[343.221s][info][gc,stats       ]     Code Roots                      162 us
[343.221s][info][gc,stats       ]   Rendezvous                         91 us
[343.221s][info][gc,stats       ]   Purge Unlinked                     54 us
[343.221s][info][gc,stats       ]     Code Roots                       51 us
[343.221s][info][gc,stats       ]     CLDG                              3 us
[343.221s][info][gc,stats       ]     Exception Caches                  0 us
[343.221s][info][gc,stats       ] Pause Final Roots (G)                84 us
[343.221s][info][gc,stats       ] Pause Final Roots (N)                29 us
[343.221s][info][gc,stats       ] Pacing                            47853 us
[343.221s][info][gc,stats       ] 
[343.221s][info][gc,stats       ] Allocation pacing accrued:
[343.222s][info][gc,stats       ]      48 of  1461 ms (  3.3%): main
[343.222s][info][gc,stats       ]      48 of  1461 ms (  3.3%): <total>
[343.222s][info][gc,stats       ]       4 of  1461 ms (  0.3%): <average total>
[343.222s][info][gc,stats       ]      48 of  1461 ms (  3.3%): <average non-zero>
[343.222s][info][gc,stats       ] 
[343.222s][info][gc,metaspace   ] Metaspace: 1071K(1280K)->1071K(1280K) NonClass: 990K(1088K)->990K(1088K) Class: 81K(192K)->81K(192K)
[343.222s][info][gc,ergo        ] Pacer for Idle. Initial: 10485K, Alloc Tax Rate: 1.0x
[344.684s][info][gc             ] Trigger: Average GC time (4.16 ms) is above the time for average allocation rate (298 MB/s) to deplete free headroom (0B) (margin of error = 3.29)
[344.684s][info][gc,ergo        ] Free headroom: 148M (free) - 26214K (spike) - 153M (penalties) = 0B
[344.684s][info][gc,ergo        ] Free: 148M, Max: 256K regular, 107M humongous, Frag: 28% external, 0% internal; Reserve: 26368K, Max: 256K
[344.684s][info][gc,start       ] GC(196) Concurrent reset
[344.684s][info][gc,task        ] GC(196) Using 3 of 6 workers for concurrent reset
[344.684s][info][gc,ergo        ] GC(196) Pacer for Reset. Non-Taxable: 512M
[344.684s][info][gc             ] GC(196) Concurrent reset 0.220ms
[344.684s][info][gc,start       ] GC(196) Pause Init Mark (unload classes)
[344.684s][info][gc,task        ] GC(196) Using 6 of 6 workers for init marking
[344.684s][info][gc,ergo        ] GC(196) Pacer for Mark. Expected Live: 110M, Free: 148M, Non-Taxable: 15156K, Alloc Tax Rate: 0.9x
[344.684s][info][gc             ] GC(196) Pause Init Mark (unload classes) 0.085ms
[344.684s][info][gc,start       ] GC(196) Concurrent marking roots
[344.684s][info][gc,task        ] GC(196) Using 3 of 6 workers for concurrent marking roots
[344.685s][info][gc             ] GC(196) Concurrent marking roots 0.259ms
[344.685s][info][gc,start       ] GC(196) Concurrent marking (unload classes)
[344.685s][info][gc,task        ] GC(196) Using 3 of 6 workers for concurrent marking
[344.685s][info][gc             ] GC(196) Concurrent marking (unload classes) 0.792ms
[344.686s][info][gc,start       ] GC(196) Pause Final Mark (unload classes)
[344.686s][info][gc,task        ] GC(196) Using 6 of 6 workers for final marking
[344.686s][info][gc,ergo        ] GC(196) Collectable Garbage: 197M (99%), Immediate: 197M (99%), CSet: 0B (0%)
[344.686s][info][gc             ] GC(196) Pause Final Mark (unload classes) 0.135ms
[344.686s][info][gc,start       ] GC(196) Concurrent weak references
[344.686s][info][gc,task        ] GC(196) Using 3 of 6 workers for concurrent weak references
[344.686s][info][gc,ref         ] GC(196) Encountered references: Soft: 45, Weak: 116, Final: 0, Phantom: 7
[344.686s][info][gc,ref         ] GC(196) Discovered  references: Soft: 0, Weak: 84, Final: 0, Phantom: 5
[344.686s][info][gc,ref         ] GC(196) Enqueued    references: Soft: 0, Weak: 0, Final: 0, Phantom: 0
[344.686s][info][gc             ] GC(196) Concurrent weak references 0.081ms
[344.686s][info][gc,start       ] GC(196) Concurrent weak roots
[344.686s][info][gc,task        ] GC(196) Using 3 of 6 workers for concurrent weak root
[344.686s][info][gc             ] GC(196) Concurrent weak roots 0.129ms
[344.686s][info][gc,start       ] GC(196) Concurrent cleanup
[344.686s][info][gc             ] GC(196) Concurrent cleanup 334M->137M(512M) 0.051ms
[344.686s][info][gc,ergo        ] GC(196) Free: 348M, Max: 256K regular, 190M humongous, Frag: 46% external, 0% internal; Reserve: 26368K, Max: 256K
[344.686s][info][gc,start       ] GC(196) Concurrent class unloading
[344.686s][info][gc,task        ] GC(196) Using 3 of 6 workers for concurrent class unloading
[344.686s][info][gc             ] GC(196) Concurrent class unloading 0.315ms
[344.686s][info][gc,start       ] GC(196) Pause Final Roots
[344.686s][info][gc             ] GC(196) Pause Final Roots 0.021ms
[344.686s][info][gc,ergo        ] Free: 348M, Max: 256K regular, 190M humongous, Frag: 46% external, 0% internal; Reserve: 26368K, Max: 256K
[344.686s][info][gc,stats       ] 
[344.686s][info][gc,stats       ] All times are wall-clock times, except per-root-class counters, that are sum over
[344.686s][info][gc,stats       ] all workers. Dividing the <total> over the root stage time estimates parallelism.
[344.686s][info][gc,stats       ] 
[344.686s][info][gc,stats       ] Concurrent Reset                    246 us
[344.686s][info][gc,stats       ] Pause Init Mark (G)                 135 us
[344.686s][info][gc,stats       ] Pause Init Mark (N)                  96 us
[344.686s][info][gc,stats       ]   Update Region States               26 us
[344.687s][info][gc,stats       ] Concurrent Mark Roots               275 us, parallelism: 1.33x
[344.687s][info][gc,stats       ]   CMR: <total>                      366 us
[344.687s][info][gc,stats       ]   CMR: Thread Roots                 319 us, workers (us):  78, 204,  38, ---, ---, ---, 
[344.687s][info][gc,stats       ]   CMR: VM Strong Roots                6 us, workers (us):   3,   3,   0, ---, ---, ---, 
[344.687s][info][gc,stats       ]   CMR: CLDG Roots                    40 us, workers (us): ---, ---,  40, ---, ---, ---, 
[344.687s][info][gc,stats       ] Concurrent Marking                  810 us
[344.687s][info][gc,stats       ] Pause Final Mark (G)                182 us
[344.687s][info][gc,stats       ] Pause Final Mark (N)                146 us
[344.687s][info][gc,stats       ]   Finish Mark                        25 us
[344.687s][info][gc,stats       ]   Update Region States               33 us
[344.687s][info][gc,stats       ]   Choose Collection Set              38 us
[344.687s][info][gc,stats       ]   Rebuild Free Set                    8 us
[344.687s][info][gc,stats       ] Concurrent Weak References           89 us, parallelism: 0.07x
[344.687s][info][gc,stats       ]   CWRF: <total>                       6 us
[344.687s][info][gc,stats       ]   CWRF: Weak References               6 us, workers (us):   5,   0,   0, ---, ---, ---, 
[344.687s][info][gc,stats       ] Concurrent Weak Roots               141 us
[344.687s][info][gc,stats       ]   Roots                              84 us, parallelism: 1.34x
[344.687s][info][gc,stats       ]     CWR: <total>                    113 us
[344.687s][info][gc,stats       ]     CWR: Code Cache Roots            70 us, workers (us):   0,  23,  47, ---, ---, ---, 
[344.687s][info][gc,stats       ]     CWR: VM Weak Roots               43 us, workers (us):  15,  14,  14, ---, ---, ---, 
[344.687s][info][gc,stats       ]     CWR: CLDG Roots                   1 us, workers (us):   1, ---, ---, ---, ---, ---, 
[344.687s][info][gc,stats       ]   Rendezvous                         28 us
[344.687s][info][gc,stats       ] Concurrent Cleanup                   60 us
[344.687s][info][gc,stats       ] Concurrent Class Unloading          334 us
[344.687s][info][gc,stats       ]   Unlink Stale                      231 us
[344.687s][info][gc,stats       ]     System Dictionary                 1 us
[344.687s][info][gc,stats       ]     Weak Class Links                  0 us
[344.687s][info][gc,stats       ]     Code Roots                      228 us
[344.687s][info][gc,stats       ]   Rendezvous                         33 us
[344.687s][info][gc,stats       ]   Purge Unlinked                     34 us
[344.687s][info][gc,stats       ]     Code Roots                       30 us
[344.687s][info][gc,stats       ]     CLDG                              4 us
[344.687s][info][gc,stats       ]     Exception Caches                  0 us
[344.687s][info][gc,stats       ] Pause Final Roots (G)                58 us
[344.687s][info][gc,stats       ] Pause Final Roots (N)                31 us
[344.687s][info][gc,stats       ] Pacing                            47122 us
[344.687s][info][gc,stats       ] 
[344.687s][info][gc,stats       ] Allocation pacing accrued:
[344.687s][info][gc,stats       ]      47 of  1465 ms (  3.2%): main
[344.687s][info][gc,stats       ]      47 of  1465 ms (  3.2%): <total>
[344.687s][info][gc,stats       ]       4 of  1465 ms (  0.2%): <average total>
[344.687s][info][gc,stats       ]      47 of  1465 ms (  3.2%): <average non-zero>
[344.687s][info][gc,stats       ] 
[344.687s][info][gc,metaspace   ] Metaspace: 1071K(1280K)->1071K(1280K) NonClass: 990K(1088K)->990K(1088K) Class: 81K(192K)->81K(192K)
[344.687s][info][gc,ergo        ] Pacer for Idle. Initial: 10485K, Alloc Tax Rate: 1.0x
[347.353s][info][gc             ] Trigger: Average GC time (3.89 ms) is above the time for average allocation rate (99757 KB/s) to deplete free headroom (0B) (margin of error = 3.29)
[347.353s][info][gc,ergo        ] Free headroom: 161M (free) - 26214K (spike) - 148M (penalties) = 0B
[347.353s][info][gc,ergo        ] Free: 161M, Max: 256K regular, 107M humongous, Frag: 34% external, 0% internal; Reserve: 26368K, Max: 256K
[347.353s][info][gc,start       ] GC(197) Concurrent reset
[347.353s][info][gc,task        ] GC(197) Using 3 of 6 workers for concurrent reset
[347.353s][info][gc,ergo        ] GC(197) Pacer for Reset. Non-Taxable: 512M
[347.353s][info][gc             ] GC(197) Concurrent reset 0.263ms
[347.353s][info][gc,start       ] GC(197) Pause Init Mark (unload classes)
[347.354s][info][gc,task        ] GC(197) Using 6 of 6 workers for init marking
[347.354s][info][gc,ergo        ] GC(197) Pacer for Mark. Expected Live: 115M, Free: 161M, Non-Taxable: 16487K, Alloc Tax Rate: 0.9x
[347.354s][info][gc             ] GC(197) Pause Init Mark (unload classes) 0.089ms
[347.354s][info][gc,start       ] GC(197) Concurrent marking roots
[347.354s][info][gc,task        ] GC(197) Using 3 of 6 workers for concurrent marking roots
[347.354s][info][gc             ] GC(197) Concurrent marking roots 0.332ms
[347.354s][info][gc,start       ] GC(197) Concurrent marking (unload classes)
[347.354s][info][gc,task        ] GC(197) Using 3 of 6 workers for concurrent marking
[347.355s][info][gc             ] GC(197) Concurrent marking (unload classes) 0.924ms
[347.355s][info][gc,start       ] GC(197) Pause Final Mark (unload classes)
[347.355s][info][gc,task        ] GC(197) Using 6 of 6 workers for final marking
[347.355s][info][gc,ergo        ] GC(197) Collectable Garbage: 292M (99%), Immediate: 292M (99%), CSet: 0B (0%)
[347.355s][info][gc             ] GC(197) Pause Final Mark (unload classes) 0.170ms
[347.355s][info][gc,start       ] GC(197) Concurrent weak references
[347.355s][info][gc,task        ] GC(197) Using 3 of 6 workers for concurrent weak references
[347.355s][info][gc,ref         ] GC(197) Encountered references: Soft: 45, Weak: 116, Final: 0, Phantom: 7
[347.355s][info][gc,ref         ] GC(197) Discovered  references: Soft: 0, Weak: 95, Final: 0, Phantom: 5
[347.355s][info][gc,ref         ] GC(197) Enqueued    references: Soft: 0, Weak: 0, Final: 0, Phantom: 0
[347.355s][info][gc             ] GC(197) Concurrent weak references 0.090ms
[347.355s][info][gc,start       ] GC(197) Concurrent weak roots
[347.355s][info][gc,task        ] GC(197) Using 3 of 6 workers for concurrent weak root
[347.355s][info][gc             ] GC(197) Concurrent weak roots 0.158ms
[347.355s][info][gc,start       ] GC(197) Concurrent cleanup
[347.355s][info][gc             ] GC(197) Concurrent cleanup 319M->27M(512M) 0.072ms
[347.356s][info][gc,ergo        ] GC(197) Free: 458M, Max: 256K regular, 256M humongous, Frag: 45% external, 0% internal; Reserve: 26368K, Max: 256K
[347.356s][info][gc,start       ] GC(197) Concurrent class unloading
[347.356s][info][gc,task        ] GC(197) Using 3 of 6 workers for concurrent class unloading
[347.356s][info][gc             ] GC(197) Concurrent class unloading 0.282ms
[347.356s][info][gc,start       ] GC(197) Pause Final Roots
[347.356s][info][gc             ] GC(197) Pause Final Roots 0.020ms
[347.356s][info][gc,ergo        ] Free: 458M, Max: 256K regular, 256M humongous, Frag: 45% external, 0% internal; Reserve: 26368K, Max: 256K
[347.356s][info][gc,stats       ] 
[347.356s][info][gc,stats       ] All times are wall-clock times, except per-root-class counters, that are sum over
[347.356s][info][gc,stats       ] all workers. Dividing the <total> over the root stage time estimates parallelism.
[347.356s][info][gc,stats       ] 
[347.356s][info][gc,stats       ] Concurrent Reset                    291 us
[347.356s][info][gc,stats       ] Pause Init Mark (G)                 135 us
[347.356s][info][gc,stats       ] Pause Init Mark (N)                 102 us
[347.356s][info][gc,stats       ]   Update Region States               21 us
[347.356s][info][gc,stats       ] Concurrent Mark Roots               353 us, parallelism: 1.30x
[347.356s][info][gc,stats       ]   CMR: <total>                      458 us
[347.356s][info][gc,stats       ]   CMR: Thread Roots                 416 us, workers (us): 274,  53,  90, ---, ---, ---, 
[347.356s][info][gc,stats       ]   CMR: VM Strong Roots                5 us, workers (us):   3,   2,   0, ---, ---, ---, 
[347.356s][info][gc,stats       ]   CMR: CLDG Roots                    37 us, workers (us): ---,  37, ---, ---, ---, ---, 
[347.356s][info][gc,stats       ] Concurrent Marking                  947 us
[347.356s][info][gc,stats       ] Pause Final Mark (G)                206 us
[347.356s][info][gc,stats       ] Pause Final Mark (N)                184 us
[347.356s][info][gc,stats       ]   Finish Mark                        45 us
[347.356s][info][gc,stats       ]   Update Region States               27 us
[347.356s][info][gc,stats       ]   Choose Collection Set              48 us
[347.356s][info][gc,stats       ]   Rebuild Free Set                   14 us
[347.356s][info][gc,stats       ] Concurrent Weak References          103 us, parallelism: 0.06x
[347.356s][info][gc,stats       ]   CWRF: <total>                       6 us
[347.356s][info][gc,stats       ]   CWRF: Weak References               6 us, workers (us):   0,   1,   4, ---, ---, ---, 
[347.356s][info][gc,stats       ] Concurrent Weak Roots               176 us
[347.356s][info][gc,stats       ]   Roots                             111 us, parallelism: 1.48x
[347.356s][info][gc,stats       ]     CWR: <total>                    163 us
[347.356s][info][gc,stats       ]     CWR: Code Cache Roots            99 us, workers (us):  63,   0,  36, ---, ---, ---, 
[347.356s][info][gc,stats       ]     CWR: VM Weak Roots               64 us, workers (us):  21,  21,  21, ---, ---, ---, 
[347.356s][info][gc,stats       ]     CWR: CLDG Roots                   1 us, workers (us): ---,   1, ---, ---, ---, ---, 
[347.356s][info][gc,stats       ]   Rendezvous                         23 us
[347.356s][info][gc,stats       ] Concurrent Cleanup                   88 us
[347.356s][info][gc,stats       ] Concurrent Class Unloading          301 us
[347.356s][info][gc,stats       ]   Unlink Stale                      212 us
[347.356s][info][gc,stats       ]     System Dictionary                 1 us
[347.356s][info][gc,stats       ]     Weak Class Links                  0 us
[347.356s][info][gc,stats       ]     Code Roots                      210 us
[347.356s][info][gc,stats       ]   Rendezvous                         23 us
[347.356s][info][gc,stats       ]   Purge Unlinked                     22 us
[347.356s][info][gc,stats       ]     Code Roots                       21 us
[347.356s][info][gc,stats       ]     CLDG                              0 us
[347.356s][info][gc,stats       ]     Exception Caches                  0 us
[347.356s][info][gc,stats       ] Pause Final Roots (G)                50 us
[347.356s][info][gc,stats       ] Pause Final Roots (N)                33 us
[347.357s][info][gc,stats       ] Pacing                            50152 us
[347.357s][info][gc,stats       ] 
[347.357s][info][gc,stats       ] Allocation pacing accrued:
[347.357s][info][gc,stats       ]      50 of  2670 ms (  1.9%): main
[347.357s][info][gc,stats       ]      50 of  2670 ms (  1.9%): <total>
[347.357s][info][gc,stats       ]       4 of  2670 ms (  0.1%): <average total>
[347.357s][info][gc,stats       ]      50 of  2670 ms (  1.9%): <average non-zero>
[347.357s][info][gc,stats       ] 
[347.357s][info][gc,metaspace   ] Metaspace: 1071K(1280K)->1071K(1280K) NonClass: 990K(1088K)->990K(1088K) Class: 81K(192K)->81K(192K)
[347.357s][info][gc,ergo        ] Pacer for Idle. Initial: 10485K, Alloc Tax Rate: 1.0x
[349.097s][info][gc             ] Trigger: Average GC time (3.55 ms) is above the time for average allocation rate (627 MB/s) to deplete free headroom (0B) (margin of error = 3.26)
[349.097s][info][gc,ergo        ] Free headroom: 84491K (free) - 26214K (spike) - 143M (penalties) = 0B
[349.097s][info][gc,ergo        ] Free: 84491K, Max: 256K regular, 76800K humongous, Frag: 10% external, 0% internal; Reserve: 26368K, Max: 256K
[349.097s][info][gc,start       ] GC(198) Concurrent reset
[349.097s][info][gc,task        ] GC(198) Using 3 of 6 workers for concurrent reset
[349.097s][info][gc,ergo        ] GC(198) Pacer for Reset. Non-Taxable: 512M
[349.097s][info][gc             ] GC(198) Concurrent reset 0.273ms
[349.097s][info][gc,start       ] GC(198) Pause Init Mark (unload classes)
[349.097s][info][gc,task        ] GC(198) Using 6 of 6 workers for init marking
[349.097s][info][gc,ergo        ] GC(198) Pacer for Mark. Expected Live: 100M, Free: 84491K, Non-Taxable: 8449K, Alloc Tax Rate: 1.5x
[349.097s][info][gc             ] GC(198) Pause Init Mark (unload classes) 0.257ms
[349.097s][info][gc,start       ] GC(198) Concurrent marking roots
[349.097s][info][gc,task        ] GC(198) Using 3 of 6 workers for concurrent marking roots
[349.098s][info][gc             ] GC(198) Concurrent marking roots 0.448ms
[349.098s][info][gc,start       ] GC(198) Concurrent marking (unload classes)
[349.098s][info][gc,task        ] GC(198) Using 3 of 6 workers for concurrent marking
[349.099s][info][gc             ] GC(198) Concurrent marking (unload classes) 1.067ms
[349.099s][info][gc,start       ] GC(198) Pause Final Mark (unload classes)
[349.099s][info][gc,task        ] GC(198) Using 6 of 6 workers for final marking
[349.099s][info][gc,ergo        ] GC(198) Collectable Garbage: 187M (99%), Immediate: 187M (99%), CSet: 0B (0%)
[349.099s][info][gc             ] GC(198) Pause Final Mark (unload classes) 0.257ms
[349.099s][info][gc,start       ] GC(198) Concurrent weak references
[349.099s][info][gc,task        ] GC(198) Using 3 of 6 workers for concurrent weak references
[349.099s][info][gc,ref         ] GC(198) Encountered references: Soft: 45, Weak: 116, Final: 0, Phantom: 7
[349.099s][info][gc,ref         ] GC(198) Discovered  references: Soft: 0, Weak: 71, Final: 0, Phantom: 5
[349.100s][info][gc,ref         ] GC(198) Enqueued    references: Soft: 0, Weak: 0, Final: 0, Phantom: 0
[349.100s][info][gc             ] GC(198) Concurrent weak references 0.146ms
[349.100s][info][gc,start       ] GC(198) Concurrent weak roots
[349.100s][info][gc,task        ] GC(198) Using 3 of 6 workers for concurrent weak root
[349.100s][info][gc             ] GC(198) Concurrent weak roots 0.258ms
[349.100s][info][gc,start       ] GC(198) Concurrent cleanup
[349.100s][info][gc             ] GC(198) Concurrent cleanup 399M->212M(512M) 0.044ms
[349.100s][info][gc,ergo        ] GC(198) Free: 273M, Max: 256K regular, 121M humongous, Frag: 56% external, 0% internal; Reserve: 26368K, Max: 256K
[349.100s][info][gc,start       ] GC(198) Concurrent class unloading
[349.100s][info][gc,task        ] GC(198) Using 3 of 6 workers for concurrent class unloading
[349.100s][info][gc             ] GC(198) Concurrent class unloading 0.374ms
[349.100s][info][gc,start       ] GC(198) Pause Final Roots
[349.100s][info][gc             ] GC(198) Pause Final Roots 0.032ms
[349.100s][info][gc,ergo        ] Free: 273M, Max: 256K regular, 121M humongous, Frag: 56% external, 0% internal; Reserve: 26368K, Max: 256K
[349.100s][info][gc,stats       ] 
[349.100s][info][gc,stats       ] All times are wall-clock times, except per-root-class counters, that are sum over
[349.100s][info][gc,stats       ] all workers. Dividing the <total> over the root stage time estimates parallelism.
[349.100s][info][gc,stats       ] 
[349.100s][info][gc,stats       ] Concurrent Reset                    292 us
[349.100s][info][gc,stats       ] Pause Init Mark (G)                 391 us
[349.100s][info][gc,stats       ] Pause Init Mark (N)                 270 us
[349.100s][info][gc,stats       ]   Update Region States              133 us
[349.100s][info][gc,stats       ] Concurrent Mark Roots               487 us, parallelism: 1.08x
[349.100s][info][gc,stats       ]   CMR: <total>                      528 us
[349.100s][info][gc,stats       ]   CMR: Thread Roots                 496 us, workers (us): 313, 110,  74, ---, ---, ---, 
[349.100s][info][gc,stats       ]   CMR: VM Strong Roots                3 us, workers (us):   1,   2,   0, ---, ---, ---, 
[349.100s][info][gc,stats       ]   CMR: CLDG Roots                    28 us, workers (us):  28, ---, ---, ---, ---, ---, 
[349.100s][info][gc,stats       ] Concurrent Marking                 1085 us
[349.101s][info][gc,stats       ] Pause Final Mark (G)                422 us
[349.101s][info][gc,stats       ] Pause Final Mark (N)                268 us
[349.101s][info][gc,stats       ]   Finish Mark                        82 us
[349.101s][info][gc,stats       ]   Update Region States               88 us
[349.101s][info][gc,stats       ]   Choose Collection Set              49 us
[349.101s][info][gc,stats       ]   Rebuild Free Set                    8 us
[349.101s][info][gc,stats       ] Concurrent Weak References          154 us, parallelism: 0.02x
[349.101s][info][gc,stats       ]   CWRF: <total>                       4 us
[349.101s][info][gc,stats       ]   CWRF: Weak References               4 us, workers (us):   3,   0,   0, ---, ---, ---, 
[349.101s][info][gc,stats       ] Concurrent Weak Roots               275 us
[349.101s][info][gc,stats       ]   Roots                             166 us, parallelism: 0.70x
[349.101s][info][gc,stats       ]     CWR: <total>                    116 us
[349.101s][info][gc,stats       ]     CWR: Code Cache Roots            64 us, workers (us):   0,  47,  16, ---, ---, ---, 
[349.101s][info][gc,stats       ]     CWR: VM Weak Roots               52 us, workers (us):  17,  17,  17, ---, ---, ---, 
[349.101s][info][gc,stats       ]     CWR: CLDG Roots                   1 us, workers (us):   1, ---, ---, ---, ---, ---, 
[349.101s][info][gc,stats       ]   Rendezvous                         75 us
[349.101s][info][gc,stats       ] Concurrent Cleanup                   54 us
[349.101s][info][gc,stats       ] Concurrent Class Unloading          391 us
[349.101s][info][gc,stats       ]   Unlink Stale                      150 us
[349.101s][info][gc,stats       ]     System Dictionary                 1 us
[349.101s][info][gc,stats       ]     Weak Class Links                  0 us
[349.101s][info][gc,stats       ]     Code Roots                      148 us
[349.101s][info][gc,stats       ]   Rendezvous                         93 us
[349.101s][info][gc,stats       ]   Purge Unlinked                    114 us
[349.101s][info][gc,stats       ]     Code Roots                      111 us
[349.101s][info][gc,stats       ]     CLDG                              4 us
[349.101s][info][gc,stats       ]     Exception Caches                  0 us
[349.101s][info][gc,stats       ] Pause Final Roots (G)               102 us
[349.101s][info][gc,stats       ] Pause Final Roots (N)                41 us
[349.101s][info][gc,stats       ] Pacing                            90119 us
[349.101s][info][gc,stats       ] 
[349.101s][info][gc,stats       ] Allocation pacing accrued:
[349.101s][info][gc,stats       ]      90 of  1744 ms (  5.2%): main
[349.101s][info][gc,stats       ]      90 of  1744 ms (  5.2%): <total>
[349.101s][info][gc,stats       ]       7 of  1744 ms (  0.4%): <average total>
[349.101s][info][gc,stats       ]      90 of  1744 ms (  5.2%): <average non-zero>
[349.101s][info][gc,stats       ] 
[349.101s][info][gc,metaspace   ] Metaspace: 1071K(1280K)->1071K(1280K) NonClass: 990K(1088K)->990K(1088K) Class: 81K(192K)->81K(192K)
[349.101s][info][gc,ergo        ] Pacer for Idle. Initial: 10485K, Alloc Tax Rate: 1.0x
[351.729s][info][gc             ] Trigger: Average GC time (4.95 ms) is above the time for average allocation rate (45493 KB/s) to deplete free headroom (175K) (margin of error = 3.29)
[351.729s][info][gc,ergo        ] Free headroom: 164M (free) - 26214K (spike) - 138M (penalties) = 175K
[351.729s][info][gc,ergo        ] Free: 164M, Max: 256K regular, 82688K humongous, Frag: 51% external, 0% internal; Reserve: 26368K, Max: 256K
[351.729s][info][gc,start       ] GC(199) Concurrent reset
[351.729s][info][gc,task        ] GC(199) Using 3 of 6 workers for concurrent reset
[351.729s][info][gc,ergo        ] GC(199) Pacer for Reset. Non-Taxable: 512M
[351.729s][info][gc             ] GC(199) Concurrent reset 0.474ms
[351.729s][info][gc,start       ] GC(199) Pause Init Mark (unload classes)
[351.729s][info][gc,task        ] GC(199) Using 6 of 6 workers for init marking
[351.730s][info][gc,ergo        ] GC(199) Pacer for Mark. Expected Live: 120M, Free: 164M, Non-Taxable: 16794K, Alloc Tax Rate: 0.9x
[351.730s][info][gc             ] GC(199) Pause Init Mark (unload classes) 0.165ms
[351.730s][info][gc,start       ] GC(199) Concurrent marking roots
[351.730s][info][gc,task        ] GC(199) Using 3 of 6 workers for concurrent marking roots
[351.730s][info][gc             ] GC(199) Concurrent marking roots 0.380ms
[351.730s][info][gc,start       ] GC(199) Concurrent marking (unload classes)
[351.730s][info][gc,task        ] GC(199) Using 3 of 6 workers for concurrent marking
[351.731s][info][gc             ] GC(199) Concurrent marking (unload classes) 0.819ms
[351.731s][info][gc,start       ] GC(199) Pause Final Mark (unload classes)
[351.731s][info][gc,task        ] GC(199) Using 6 of 6 workers for final marking
[351.731s][info][gc,ergo        ] GC(199) Collectable Garbage: 283M (99%), Immediate: 283M (99%), CSet: 0B (0%)
[351.731s][info][gc             ] GC(199) Pause Final Mark (unload classes) 0.284ms
[351.731s][info][gc,start       ] GC(199) Concurrent weak references
[351.731s][info][gc,task        ] GC(199) Using 3 of 6 workers for concurrent weak references
[351.731s][info][gc,ref         ] GC(199) Encountered references: Soft: 45, Weak: 116, Final: 0, Phantom: 7
[351.731s][info][gc,ref         ] GC(199) Discovered  references: Soft: 20, Weak: 95, Final: 0, Phantom: 5
[351.731s][info][gc,ref         ] GC(199) Enqueued    references: Soft: 0, Weak: 0, Final: 0, Phantom: 0
[351.731s][info][gc             ] GC(199) Concurrent weak references 0.107ms
[351.731s][info][gc,start       ] GC(199) Concurrent weak roots
[351.731s][info][gc,task        ] GC(199) Using 3 of 6 workers for concurrent weak root
[351.732s][info][gc             ] GC(199) Concurrent weak roots 0.244ms
[351.732s][info][gc,start       ] GC(199) Concurrent cleanup
[351.732s][info][gc             ] GC(199) Concurrent cleanup 316M->33M(512M) 0.063ms
[351.732s][info][gc,ergo        ] GC(199) Free: 452M, Max: 256K regular, 256M humongous, Frag: 44% external, 0% internal; Reserve: 26368K, Max: 256K
[351.732s][info][gc,start       ] GC(199) Concurrent class unloading
[351.732s][info][gc,task        ] GC(199) Using 3 of 6 workers for concurrent class unloading
[351.732s][info][gc             ] GC(199) Concurrent class unloading 0.357ms
[351.732s][info][gc,start       ] GC(199) Pause Final Roots
[351.732s][info][gc             ] GC(199) Pause Final Roots 0.016ms
[351.732s][info][gc,ergo        ] Free: 452M, Max: 256K regular, 256M humongous, Frag: 44% external, 0% internal; Reserve: 26368K, Max: 256K
[351.732s][info][gc,stats       ] 
[351.732s][info][gc,stats       ] All times are wall-clock times, except per-root-class counters, that are sum over
[351.732s][info][gc,stats       ] all workers. Dividing the <total> over the root stage time estimates parallelism.
[351.732s][info][gc,stats       ] 
[351.732s][info][gc,stats       ] Concurrent Reset                    504 us
[351.732s][info][gc,stats       ] Pause Init Mark (G)                 265 us
[351.732s][info][gc,stats       ] Pause Init Mark (N)                 175 us
[351.732s][info][gc,stats       ]   Update Region States              111 us
[351.732s][info][gc,stats       ] Concurrent Mark Roots               398 us, parallelism: 0.87x
[351.732s][info][gc,stats       ]   CMR: <total>                      347 us
[351.732s][info][gc,stats       ]   CMR: Thread Roots                 311 us, workers (us): 196,  36,  78, ---, ---, ---, 
[351.732s][info][gc,stats       ]   CMR: VM Strong Roots                4 us, workers (us):   3,   1,   0, ---, ---, ---, 
[351.732s][info][gc,stats       ]   CMR: CLDG Roots                    32 us, workers (us): ---,  32, ---, ---, ---, ---, 
[351.732s][info][gc,stats       ] Concurrent Marking                  839 us
[351.732s][info][gc,stats       ] Pause Final Mark (G)                402 us
[351.732s][info][gc,stats       ] Pause Final Mark (N)                294 us
[351.732s][info][gc,stats       ]   Finish Mark                       142 us
[351.732s][info][gc,stats       ]   Update Region States               58 us
[351.732s][info][gc,stats       ]   Choose Collection Set              44 us
[351.732s][info][gc,stats       ]   Rebuild Free Set                    9 us
[351.732s][info][gc,stats       ] Concurrent Weak References          116 us, parallelism: 0.05x
[351.732s][info][gc,stats       ]   CWRF: <total>                       6 us
[351.732s][info][gc,stats       ]   CWRF: Weak References               6 us, workers (us):   2,   4,   0, ---, ---, ---, 
[351.732s][info][gc,stats       ] Concurrent Weak Roots               262 us
[351.732s][info][gc,stats       ]   Roots                             133 us, parallelism: 0.77x
[351.733s][info][gc,stats       ]     CWR: <total>                    102 us
[351.733s][info][gc,stats       ]     CWR: Code Cache Roots            59 us, workers (us):  17,  42,   0, ---, ---, ---, 
[351.733s][info][gc,stats       ]     CWR: VM Weak Roots               42 us, workers (us):  35,   6,   0, ---, ---, ---, 
[351.733s][info][gc,stats       ]     CWR: CLDG Roots                   1 us, workers (us):   1, ---, ---, ---, ---, ---, 
[351.733s][info][gc,stats       ]   Rendezvous                         95 us
[351.733s][info][gc,stats       ] Concurrent Cleanup                   73 us
[351.733s][info][gc,stats       ] Concurrent Class Unloading          375 us
[351.733s][info][gc,stats       ]   Unlink Stale                      189 us
[351.733s][info][gc,stats       ]     System Dictionary                 1 us
[351.733s][info][gc,stats       ]     Weak Class Links                  0 us
[351.733s][info][gc,stats       ]     Code Roots                      187 us
[351.733s][info][gc,stats       ]   Rendezvous                         66 us
[351.733s][info][gc,stats       ]   Purge Unlinked                     85 us
[351.733s][info][gc,stats       ]     Code Roots                       81 us
[351.733s][info][gc,stats       ]     CLDG                              4 us
[351.733s][info][gc,stats       ]     Exception Caches                  0 us
[351.733s][info][gc,stats       ] Pause Final Roots (G)               126 us
[351.733s][info][gc,stats       ] Pause Final Roots (N)                25 us
[351.733s][info][gc,stats       ] Pacing                            15983 us
[351.733s][info][gc,stats       ] 
[351.733s][info][gc,stats       ] Allocation pacing accrued:
[351.733s][info][gc,stats       ]      16 of  2632 ms (  0.6%): main
[351.733s][info][gc,stats       ]      16 of  2632 ms (  0.6%): <total>
[351.733s][info][gc,stats       ]       1 of  2632 ms (  0.0%): <average total>
[351.733s][info][gc,stats       ]      16 of  2632 ms (  0.6%): <average non-zero>
[351.733s][info][gc,stats       ] 
[351.733s][info][gc,metaspace   ] Metaspace: 1071K(1280K)->1071K(1280K) NonClass: 990K(1088K)->990K(1088K) Class: 81K(192K)->81K(192K)
[351.733s][info][gc,ergo        ] Pacer for Idle. Initial: 10485K, Alloc Tax Rate: 1.0x
[353.472s][info][gc             ] Trigger: Average GC time (4.59 ms) is above the time for average allocation rate (625 MB/s) to deplete free headroom (0B) (margin of error = 3.27)
[353.472s][info][gc,ergo        ] Free headroom: 78091K (free) - 26214K (spike) - 133M (penalties) = 0B
[353.472s][info][gc,ergo        ] Free: 78091K, Max: 256K regular, 56832K humongous, Frag: 28% external, 0% internal; Reserve: 26368K, Max: 256K
[353.472s][info][gc,start       ] GC(200) Concurrent reset
[353.472s][info][gc,task        ] GC(200) Using 3 of 6 workers for concurrent reset
[353.472s][info][gc,ergo        ] GC(200) Pacer for Reset. Non-Taxable: 512M
[353.472s][info][gc             ] GC(200) Concurrent reset 0.274ms
[353.472s][info][gc,start       ] GC(200) Pause Init Mark (unload classes)
[353.472s][info][gc,task        ] GC(200) Using 6 of 6 workers for init marking
[353.472s][info][gc,ergo        ] GC(200) Pacer for Mark. Expected Live: 103M, Free: 78091K, Non-Taxable: 7809K, Alloc Tax Rate: 1.7x
[353.472s][info][gc             ] GC(200) Pause Init Mark (unload classes) 0.158ms
[353.472s][info][gc,start       ] GC(200) Concurrent marking roots
[353.472s][info][gc,task        ] GC(200) Using 3 of 6 workers for concurrent marking roots
[353.473s][info][gc             ] GC(200) Concurrent marking roots 0.314ms
[353.473s][info][gc,start       ] GC(200) Concurrent marking (unload classes)
[353.473s][info][gc,task        ] GC(200) Using 3 of 6 workers for concurrent marking
[353.474s][info][gc             ] GC(200) Concurrent marking (unload classes) 0.684ms
[353.474s][info][gc,start       ] GC(200) Pause Final Mark (unload classes)
[353.474s][info][gc,task        ] GC(200) Using 6 of 6 workers for final marking
[353.474s][info][gc,ergo        ] GC(200) Collectable Garbage: 277M (99%), Immediate: 277M (99%), CSet: 0B (0%)
[353.474s][info][gc             ] GC(200) Pause Final Mark (unload classes) 0.149ms
[353.474s][info][gc,start       ] GC(200) Concurrent weak references
[353.474s][info][gc,task        ] GC(200) Using 3 of 6 workers for concurrent weak references
[353.474s][info][gc,ref         ] GC(200) Encountered references: Soft: 45, Weak: 116, Final: 0, Phantom: 7
[353.474s][info][gc,ref         ] GC(200) Discovered  references: Soft: 0, Weak: 70, Final: 0, Phantom: 5
[353.474s][info][gc,ref         ] GC(200) Enqueued    references: Soft: 0, Weak: 0, Final: 0, Phantom: 0
[353.474s][info][gc             ] GC(200) Concurrent weak references 0.080ms
[353.474s][info][gc,start       ] GC(200) Concurrent weak roots
[353.474s][info][gc,task        ] GC(200) Using 3 of 6 workers for concurrent weak root
[353.474s][info][gc             ] GC(200) Concurrent weak roots 0.116ms
[353.474s][info][gc,start       ] GC(200) Concurrent cleanup
[353.474s][info][gc             ] GC(200) Concurrent cleanup 405M->128M(512M) 0.058ms
[353.474s][info][gc,ergo        ] GC(200) Free: 356M, Max: 256K regular, 130M humongous, Frag: 64% external, 0% internal; Reserve: 26368K, Max: 256K
[353.474s][info][gc,start       ] GC(200) Concurrent class unloading
[353.474s][info][gc,task        ] GC(200) Using 3 of 6 workers for concurrent class unloading
[353.474s][info][gc             ] GC(200) Concurrent class unloading 0.226ms
[353.474s][info][gc,start       ] GC(200) Pause Final Roots
[353.474s][info][gc             ] GC(200) Pause Final Roots 0.019ms
[353.474s][info][gc,ergo        ] Free: 356M, Max: 256K regular, 130M humongous, Frag: 64% external, 0% internal; Reserve: 26368K, Max: 256K
[353.474s][info][gc,stats       ] 
[353.474s][info][gc,stats       ] All times are wall-clock times, except per-root-class counters, that are sum over
[353.474s][info][gc,stats       ] all workers. Dividing the <total> over the root stage time estimates parallelism.
[353.474s][info][gc,stats       ] 
[353.474s][info][gc,stats       ] Concurrent Reset                    293 us
[353.474s][info][gc,stats       ] Pause Init Mark (G)                 248 us
[353.474s][info][gc,stats       ] Pause Init Mark (N)                 168 us
[353.474s][info][gc,stats       ]   Update Region States              107 us
[353.474s][info][gc,stats       ] Concurrent Mark Roots               372 us, parallelism: 0.94x
[353.474s][info][gc,stats       ]   CMR: <total>                      350 us
[353.474s][info][gc,stats       ]   CMR: Thread Roots                 315 us, workers (us): 182,  84,  49, ---, ---, ---, 
[353.474s][info][gc,stats       ]   CMR: VM Strong Roots                4 us, workers (us):   3,   0,   0, ---, ---, ---, 
[353.474s][info][gc,stats       ]   CMR: CLDG Roots                    31 us, workers (us):  31, ---, ---, ---, ---, ---, 
[353.474s][info][gc,stats       ] Concurrent Marking                  703 us
[353.474s][info][gc,stats       ] Pause Final Mark (G)                195 us
[353.474s][info][gc,stats       ] Pause Final Mark (N)                160 us
[353.474s][info][gc,stats       ]   Finish Mark                        40 us
[353.474s][info][gc,stats       ]   Update Region States               30 us
[353.475s][info][gc,stats       ]   Choose Collection Set              39 us
[353.475s][info][gc,stats       ]   Rebuild Free Set                    8 us
[353.475s][info][gc,stats       ] Concurrent Weak References           88 us, parallelism: 0.04x
[353.475s][info][gc,stats       ]   CWRF: <total>                       3 us
[353.475s][info][gc,stats       ]   CWRF: Weak References               3 us, workers (us):   2,   1,   0, ---, ---, ---, 
[353.475s][info][gc,stats       ] Concurrent Weak Roots               132 us
[353.475s][info][gc,stats       ]   Roots                              72 us, parallelism: 1.30x
[353.475s][info][gc,stats       ]     CWR: <total>                     93 us
[353.475s][info][gc,stats       ]     CWR: Code Cache Roots            50 us, workers (us):  33,   0,  17, ---, ---, ---, 
[353.475s][info][gc,stats       ]     CWR: VM Weak Roots               42 us, workers (us):  15,  13,  14, ---, ---, ---, 
[353.475s][info][gc,stats       ]     CWR: CLDG Roots                   1 us, workers (us): ---,   1, ---, ---, ---, ---, 
[353.475s][info][gc,stats       ]   Rendezvous                         27 us
[353.475s][info][gc,stats       ] Concurrent Cleanup                   68 us
[353.475s][info][gc,stats       ] Concurrent Class Unloading          240 us
[353.475s][info][gc,stats       ]   Unlink Stale                      163 us
[353.475s][info][gc,stats       ]     System Dictionary                 1 us
[353.475s][info][gc,stats       ]     Weak Class Links                  1 us
[353.475s][info][gc,stats       ]     Code Roots                      161 us
[353.475s][info][gc,stats       ]   Rendezvous                         24 us
[353.475s][info][gc,stats       ]   Purge Unlinked                     22 us
[353.475s][info][gc,stats       ]     Code Roots                       19 us
[353.475s][info][gc,stats       ]     CLDG                              3 us
[353.475s][info][gc,stats       ]     Exception Caches                  0 us
[353.475s][info][gc,stats       ] Pause Final Roots (G)                50 us
[353.475s][info][gc,stats       ] Pause Final Roots (N)                28 us
[353.475s][info][gc,stats       ] Pacing                            91230 us
[353.475s][info][gc,stats       ] 
[353.475s][info][gc,stats       ] Allocation pacing accrued:
[353.475s][info][gc,stats       ]      91 of  1742 ms (  5.2%): main
[353.475s][info][gc,stats       ]      91 of  1742 ms (  5.2%): <total>
[353.475s][info][gc,stats       ]       7 of  1742 ms (  0.4%): <average total>
[353.475s][info][gc,stats       ]      91 of  1742 ms (  5.2%): <average non-zero>
[353.475s][info][gc,stats       ] 
[353.475s][info][gc,metaspace   ] Metaspace: 1071K(1280K)->1071K(1280K) NonClass: 990K(1088K)->990K(1088K) Class: 81K(192K)->81K(192K)
[353.475s][info][gc,ergo        ] Pacer for Idle. Initial: 10485K, Alloc Tax Rate: 1.0x
[355.374s][info][gc             ] Trigger: Average GC time (4.53 ms) is above the time for average allocation rate (112 MB/s) to deplete free headroom (0B) (margin of error = 3.27)
[355.374s][info][gc,ergo        ] Free headroom: 149M (free) - 26214K (spike) - 127M (penalties) = 0B
[355.374s][info][gc,ergo        ] Free: 149M, Max: 256K regular, 56832K humongous, Frag: 63% external, 0% internal; Reserve: 26368K, Max: 256K
[355.374s][info][gc,start       ] GC(201) Concurrent reset
[355.374s][info][gc,task        ] GC(201) Using 3 of 6 workers for concurrent reset
[355.374s][info][gc,ergo        ] GC(201) Pacer for Reset. Non-Taxable: 512M
[355.374s][info][gc             ] GC(201) Concurrent reset 0.192ms
[355.374s][info][gc,start       ] GC(201) Pause Init Mark (unload classes)
[355.374s][info][gc,task        ] GC(201) Using 6 of 6 workers for init marking
[355.374s][info][gc,ergo        ] GC(201) Pacer for Mark. Expected Live: 106M, Free: 149M, Non-Taxable: 15309K, Alloc Tax Rate: 0.9x
[355.374s][info][gc             ] GC(201) Pause Init Mark (unload classes) 0.078ms
[355.374s][info][gc,start       ] GC(201) Concurrent marking roots
[355.374s][info][gc,task        ] GC(201) Using 3 of 6 workers for concurrent marking roots
[355.374s][info][gc             ] GC(201) Concurrent marking roots 0.248ms
[355.374s][info][gc,start       ] GC(201) Concurrent marking (unload classes)
[355.374s][info][gc,task        ] GC(201) Using 3 of 6 workers for concurrent marking
[355.375s][info][gc             ] GC(201) Concurrent marking (unload classes) 0.690ms
[355.375s][info][gc,start       ] GC(201) Pause Final Mark (unload classes)
[355.375s][info][gc,task        ] GC(201) Using 6 of 6 workers for final marking
[355.375s][info][gc,ergo        ] GC(201) Collectable Garbage: 305M (99%), Immediate: 305M (99%), CSet: 0B (0%)
[355.375s][info][gc             ] GC(201) Pause Final Mark (unload classes) 0.135ms
[355.375s][info][gc,start       ] GC(201) Concurrent weak references
[355.375s][info][gc,task        ] GC(201) Using 3 of 6 workers for concurrent weak references
[355.375s][info][gc,ref         ] GC(201) Encountered references: Soft: 45, Weak: 116, Final: 0, Phantom: 7
[355.375s][info][gc,ref         ] GC(201) Discovered  references: Soft: 0, Weak: 78, Final: 0, Phantom: 5
[355.375s][info][gc,ref         ] GC(201) Enqueued    references: Soft: 0, Weak: 0, Final: 0, Phantom: 0
[355.375s][info][gc             ] GC(201) Concurrent weak references 0.083ms
[355.375s][info][gc,start       ] GC(201) Concurrent weak roots
[355.375s][info][gc,task        ] GC(201) Using 3 of 6 workers for concurrent weak root
[355.375s][info][gc             ] GC(201) Concurrent weak roots 0.116ms
[355.375s][info][gc,start       ] GC(201) Concurrent cleanup
[355.375s][info][gc             ] GC(201) Concurrent cleanup 332M->27M(512M) 0.063ms
[355.375s][info][gc,ergo        ] GC(201) Free: 458M, Max: 256K regular, 416M humongous, Frag: 10% external, 0% internal; Reserve: 26368K, Max: 256K
[355.375s][info][gc,start       ] GC(201) Concurrent class unloading
[355.375s][info][gc,task        ] GC(201) Using 3 of 6 workers for concurrent class unloading
[355.376s][info][gc             ] GC(201) Concurrent class unloading 0.226ms
[355.376s][info][gc,start       ] GC(201) Pause Final Roots
[355.376s][info][gc             ] GC(201) Pause Final Roots 0.020ms
[355.376s][info][gc,ergo        ] Free: 458M, Max: 256K regular, 416M humongous, Frag: 10% external, 0% internal; Reserve: 26368K, Max: 256K
[355.376s][info][gc,stats       ] 
[355.376s][info][gc,stats       ] All times are wall-clock times, except per-root-class counters, that are sum over
[355.376s][info][gc,stats       ] all workers. Dividing the <total> over the root stage time estimates parallelism.
[355.376s][info][gc,stats       ] 
[355.376s][info][gc,stats       ] Concurrent Reset                    208 us
[355.376s][info][gc,stats       ] Pause Init Mark (G)                 122 us
[355.376s][info][gc,stats       ] Pause Init Mark (N)                  86 us
[355.376s][info][gc,stats       ]   Update Region States               25 us
[355.376s][info][gc,stats       ] Concurrent Mark Roots               263 us, parallelism: 1.31x
[355.376s][info][gc,stats       ]   CMR: <total>                      345 us
[355.376s][info][gc,stats       ]   CMR: Thread Roots                 311 us, workers (us):  43, 198,  70, ---, ---, ---, 
[355.376s][info][gc,stats       ]   CMR: VM Strong Roots                4 us, workers (us):   2,   1,   1, ---, ---, ---, 
[355.376s][info][gc,stats       ]   CMR: CLDG Roots                    30 us, workers (us):  30, ---, ---, ---, ---, ---, 
[355.376s][info][gc,stats       ] Concurrent Marking                  713 us
[355.376s][info][gc,stats       ] Pause Final Mark (G)                180 us
[355.376s][info][gc,stats       ] Pause Final Mark (N)                145 us
[355.376s][info][gc,stats       ]   Finish Mark                        30 us
[355.376s][info][gc,stats       ]   Update Region States               27 us
[355.376s][info][gc,stats       ]   Choose Collection Set              37 us
[355.376s][info][gc,stats       ]   Rebuild Free Set                    8 us
[355.376s][info][gc,stats       ] Concurrent Weak References           91 us, parallelism: 0.05x
[355.376s][info][gc,stats       ]   CWRF: <total>                       4 us
[355.376s][info][gc,stats       ]   CWRF: Weak References               4 us, workers (us):   3,   1,   0, ---, ---, ---, 
[355.376s][info][gc,stats       ] Concurrent Weak Roots               131 us
[355.376s][info][gc,stats       ]   Roots                              72 us, parallelism: 1.32x
[355.376s][info][gc,stats       ]     CWR: <total>                     95 us
[355.376s][info][gc,stats       ]     CWR: Code Cache Roots            52 us, workers (us):  35,   0,  16, ---, ---, ---, 
[355.376s][info][gc,stats       ]     CWR: VM Weak Roots               42 us, workers (us):  15,  14,  14, ---, ---, ---, 
[355.376s][info][gc,stats       ]     CWR: CLDG Roots                   1 us, workers (us): ---,   1, ---, ---, ---, ---, 
[355.376s][info][gc,stats       ]   Rendezvous                         27 us
[355.376s][info][gc,stats       ] Concurrent Cleanup                   73 us
[355.376s][info][gc,stats       ] Concurrent Class Unloading          240 us
[355.376s][info][gc,stats       ]   Unlink Stale                      159 us
[355.376s][info][gc,stats       ]     System Dictionary                 2 us
[355.376s][info][gc,stats       ]     Weak Class Links                  0 us
[355.376s][info][gc,stats       ]     Code Roots                      157 us
[355.376s][info][gc,stats       ]   Rendezvous                         23 us
[355.376s][info][gc,stats       ]   Purge Unlinked                     27 us
[355.376s][info][gc,stats       ]     Code Roots                       24 us
[355.376s][info][gc,stats       ]     CLDG                              3 us
[355.376s][info][gc,stats       ]     Exception Caches                  0 us
[355.376s][info][gc,stats       ] Pause Final Roots (G)                51 us
[355.376s][info][gc,stats       ] Pause Final Roots (N)                30 us
[355.376s][info][gc,stats       ] Pacing                            47510 us
[355.376s][info][gc,stats       ] 
[355.376s][info][gc,stats       ] Allocation pacing accrued:
[355.376s][info][gc,stats       ]      48 of  1901 ms (  2.5%): main
[355.376s][info][gc,stats       ]      48 of  1901 ms (  2.5%): <total>
[355.376s][info][gc,stats       ]       4 of  1901 ms (  0.2%): <average total>
[355.376s][info][gc,stats       ]      48 of  1901 ms (  2.5%): <average non-zero>
[355.376s][info][gc,stats       ] 
[355.376s][info][gc,metaspace   ] Metaspace: 1071K(1280K)->1071K(1280K) NonClass: 990K(1088K)->990K(1088K) Class: 81K(192K)->81K(192K)
[355.376s][info][gc,ergo        ] Pacer for Idle. Initial: 10485K, Alloc Tax Rate: 1.0x
[357.742s][info][gc             ] Trigger: Average GC time (4.18 ms) is above the time for average allocation rate (138 MB/s) to deplete free headroom (0B) (margin of error = 3.26)
[357.742s][info][gc,ergo        ] Free headroom: 121M (free) - 26214K (spike) - 122M (penalties) = 0B
[357.742s][info][gc,ergo        ] Free: 121M, Max: 256K regular, 118M humongous, Frag: 3% external, 0% internal; Reserve: 26368K, Max: 256K
[357.742s][info][gc,start       ] GC(202) Concurrent reset
[357.742s][info][gc,task        ] GC(202) Using 3 of 6 workers for concurrent reset
[357.742s][info][gc,ergo        ] GC(202) Pacer for Reset. Non-Taxable: 512M
[357.742s][info][gc             ] GC(202) Concurrent reset 0.219ms
[357.742s][info][gc,start       ] GC(202) Pause Init Mark (unload classes)
[357.742s][info][gc,task        ] GC(202) Using 6 of 6 workers for init marking
[357.742s][info][gc,ergo        ] GC(202) Pacer for Mark. Expected Live: 87020K, Free: 121M, Non-Taxable: 12391K, Alloc Tax Rate: 0.9x
[357.742s][info][gc             ] GC(202) Pause Init Mark (unload classes) 0.142ms
[357.742s][info][gc,start       ] GC(202) Concurrent marking roots
[357.742s][info][gc,task        ] GC(202) Using 3 of 6 workers for concurrent marking roots
[357.742s][info][gc             ] GC(202) Concurrent marking roots 0.281ms
[357.742s][info][gc,start       ] GC(202) Concurrent marking (unload classes)
[357.742s][info][gc,task        ] GC(202) Using 3 of 6 workers for concurrent marking
[357.743s][info][gc             ] GC(202) Concurrent marking (unload classes) 0.781ms
[357.743s][info][gc,start       ] GC(202) Pause Final Mark (unload classes)
[357.743s][info][gc,task        ] GC(202) Using 6 of 6 workers for final marking
[357.744s][info][gc,ergo        ] GC(202) Collectable Garbage: 227M (99%), Immediate: 227M (99%), CSet: 0B (0%)
[357.744s][info][gc             ] GC(202) Pause Final Mark (unload classes) 0.368ms
[357.744s][info][gc,start       ] GC(202) Concurrent weak references
[357.744s][info][gc,task        ] GC(202) Using 3 of 6 workers for concurrent weak references
[357.744s][info][gc,ref         ] GC(202) Encountered references: Soft: 45, Weak: 116, Final: 0, Phantom: 7
[357.744s][info][gc,ref         ] GC(202) Discovered  references: Soft: 0, Weak: 68, Final: 0, Phantom: 5
[357.744s][info][gc,ref         ] GC(202) Enqueued    references: Soft: 0, Weak: 0, Final: 0, Phantom: 0
[357.744s][info][gc             ] GC(202) Concurrent weak references 0.152ms
[357.744s][info][gc,start       ] GC(202) Concurrent weak roots
[357.744s][info][gc,task        ] GC(202) Using 3 of 6 workers for concurrent weak root
[357.744s][info][gc             ] GC(202) Concurrent weak roots 0.203ms
[357.744s][info][gc,start       ] GC(202) Concurrent cleanup
[357.744s][info][gc             ] GC(202) Concurrent cleanup 359M->132M(512M) 0.052ms
[357.744s][info][gc,ergo        ] GC(202) Free: 352M, Max: 256K regular, 118M humongous, Frag: 67% external, 0% internal; Reserve: 26368K, Max: 256K
[357.744s][info][gc,start       ] GC(202) Concurrent class unloading
[357.744s][info][gc,task        ] GC(202) Using 3 of 6 workers for concurrent class unloading
[357.744s][info][gc             ] GC(202) Concurrent class unloading 0.248ms
[357.744s][info][gc,start       ] GC(202) Pause Final Roots
[357.744s][info][gc             ] GC(202) Pause Final Roots 0.015ms
[357.744s][info][gc,ergo        ] Free: 352M, Max: 256K regular, 118M humongous, Frag: 67% external, 0% internal; Reserve: 26368K, Max: 256K
[357.745s][info][gc,stats       ] 
[357.745s][info][gc,stats       ] All times are wall-clock times, except per-root-class counters, that are sum over
[357.745s][info][gc,stats       ] all workers. Dividing the <total> over the root stage time estimates parallelism.
[357.745s][info][gc,stats       ] 
[357.745s][info][gc,stats       ] Concurrent Reset                    239 us
[357.745s][info][gc,stats       ] Pause Init Mark (G)                 225 us
[357.745s][info][gc,stats       ] Pause Init Mark (N)                 151 us
[357.745s][info][gc,stats       ]   Update Region States               88 us
[357.745s][info][gc,stats       ] Concurrent Mark Roots               300 us, parallelism: 1.16x
[357.745s][info][gc,stats       ]   CMR: <total>                      347 us
[357.745s][info][gc,stats       ]   CMR: Thread Roots                 307 us, workers (us): 193,  67,  48, ---, ---, ---, 
[357.745s][info][gc,stats       ]   CMR: VM Strong Roots               11 us, workers (us):   3,   0,   8, ---, ---, ---, 
[357.745s][info][gc,stats       ]   CMR: CLDG Roots                    29 us, workers (us):  29, ---, ---, ---, ---, ---, 
[357.745s][info][gc,stats       ] Concurrent Marking                  809 us
[357.745s][info][gc,stats       ] Pause Final Mark (G)                462 us
[357.745s][info][gc,stats       ] Pause Final Mark (N)                379 us
[357.745s][info][gc,stats       ]   Finish Mark                       138 us
[357.745s][info][gc,stats       ]   Update Region States              101 us
[357.745s][info][gc,stats       ]   Choose Collection Set              41 us
[357.745s][info][gc,stats       ]   Rebuild Free Set                    8 us
[357.745s][info][gc,stats       ] Concurrent Weak References          160 us, parallelism: 0.03x
[357.745s][info][gc,stats       ]   CWRF: <total>                       5 us
[357.745s][info][gc,stats       ]   CWRF: Weak References               5 us, workers (us):   4,   0,   0, ---, ---, ---, 
[357.745s][info][gc,stats       ] Concurrent Weak Roots               219 us
[357.745s][info][gc,stats       ]   Roots                             119 us, parallelism: 0.85x
[357.745s][info][gc,stats       ]     CWR: <total>                    101 us
[357.745s][info][gc,stats       ]     CWR: Code Cache Roots            56 us, workers (us):  17,  40,   0, ---, ---, ---, 
[357.745s][info][gc,stats       ]     CWR: VM Weak Roots               43 us, workers (us):  22,  21,   0, ---, ---, ---, 
[357.745s][info][gc,stats       ]     CWR: CLDG Roots                   1 us, workers (us):   1, ---, ---, ---, ---, ---, 
[357.745s][info][gc,stats       ]   Rendezvous                         67 us
[357.745s][info][gc,stats       ] Concurrent Cleanup                   62 us
[357.745s][info][gc,stats       ] Concurrent Class Unloading          266 us
[357.745s][info][gc,stats       ]   Unlink Stale                      164 us
[357.745s][info][gc,stats       ]     System Dictionary                 1 us
[357.745s][info][gc,stats       ]     Weak Class Links                  0 us
[357.745s][info][gc,stats       ]     Code Roots                      162 us
[357.745s][info][gc,stats       ]   Rendezvous                         40 us
[357.745s][info][gc,stats       ]   Purge Unlinked                     27 us
[357.745s][info][gc,stats       ]     Code Roots                       25 us
[357.745s][info][gc,stats       ]     CLDG                              1 us
[357.745s][info][gc,stats       ]     Exception Caches                  0 us
[357.745s][info][gc,stats       ] Pause Final Roots (G)                48 us
[357.745s][info][gc,stats       ] Pause Final Roots (N)                23 us
[357.745s][info][gc,stats       ] Pacing                            78194 us
[357.745s][info][gc,stats       ] 
[357.745s][info][gc,stats       ] Allocation pacing accrued:
[357.745s][info][gc,stats       ]      78 of  2369 ms (  3.3%): main
[357.745s][info][gc,stats       ]      78 of  2369 ms (  3.3%): <total>
[357.745s][info][gc,stats       ]       6 of  2369 ms (  0.3%): <average total>
[357.745s][info][gc,stats       ]      78 of  2369 ms (  3.3%): <average non-zero>
[357.745s][info][gc,stats       ] 
[357.745s][info][gc,metaspace   ] Metaspace: 1071K(1280K)->1071K(1280K) NonClass: 990K(1088K)->990K(1088K) Class: 81K(192K)->81K(192K)
[357.745s][info][gc,ergo        ] Pacer for Idle. Initial: 10485K, Alloc Tax Rate: 1.0x
[359.345s][info][gc             ] Trigger: Free (46347K) is below minimum threshold (52428K)
[359.345s][info][gc,ergo        ] Free: 46347K, Max: 256K regular, 18176K humongous, Frag: 61% external, 0% internal; Reserve: 26368K, Max: 256K
[359.345s][info][gc,start       ] GC(203) Concurrent reset
[359.345s][info][gc,task        ] GC(203) Using 3 of 6 workers for concurrent reset
[359.345s][info][gc,ergo        ] GC(203) Pacer for Reset. Non-Taxable: 512M
[359.345s][info][gc             ] GC(203) Concurrent reset 0.298ms
[359.345s][info][gc,start       ] GC(203) Pause Init Mark (unload classes)
[359.345s][info][gc,task        ] GC(203) Using 6 of 6 workers for init marking
[359.345s][info][gc,ergo        ] GC(203) Pacer for Mark. Expected Live: 105M, Free: 46347K, Non-Taxable: 4634K, Alloc Tax Rate: 2.9x
[359.345s][info][gc             ] GC(203) Pause Init Mark (unload classes) 0.167ms
[359.345s][info][gc,start       ] GC(203) Concurrent marking roots
[359.345s][info][gc,task        ] GC(203) Using 3 of 6 workers for concurrent marking roots
[359.346s][info][gc             ] GC(203) Concurrent marking roots 0.354ms
[359.346s][info][gc,start       ] GC(203) Concurrent marking (unload classes)
[359.346s][info][gc,task        ] GC(203) Using 3 of 6 workers for concurrent marking
[359.347s][info][gc             ] GC(203) Concurrent marking (unload classes) 0.766ms
[359.347s][info][gc,start       ] GC(203) Pause Final Mark (unload classes)
[359.347s][info][gc,task        ] GC(203) Using 6 of 6 workers for final marking
[359.347s][info][gc,ergo        ] GC(203) Collectable Garbage: 330M (99%), Immediate: 330M (99%), CSet: 0B (0%)
[359.347s][info][gc             ] GC(203) Pause Final Mark (unload classes) 0.333ms
[359.347s][info][gc,start       ] GC(203) Concurrent weak references
[359.347s][info][gc,task        ] GC(203) Using 3 of 6 workers for concurrent weak references
[359.347s][info][gc,ref         ] GC(203) Encountered references: Soft: 45, Weak: 116, Final: 0, Phantom: 7
[359.347s][info][gc,ref         ] GC(203) Discovered  references: Soft: 0, Weak: 68, Final: 0, Phantom: 5
[359.347s][info][gc,ref         ] GC(203) Enqueued    references: Soft: 0, Weak: 0, Final: 0, Phantom: 0
[359.347s][info][gc             ] GC(203) Concurrent weak references 0.158ms
[359.347s][info][gc,start       ] GC(203) Concurrent weak roots
[359.347s][info][gc,task        ] GC(203) Using 3 of 6 workers for concurrent weak root
[359.347s][info][gc             ] GC(203) Concurrent weak roots 0.138ms
[359.347s][info][gc,start       ] GC(203) Concurrent cleanup
[359.347s][info][gc             ] GC(203) Concurrent cleanup 437M->107M(512M) 0.067ms
[359.347s][info][gc,ergo        ] GC(203) Free: 378M, Max: 256K regular, 349M humongous, Frag: 8% external, 0% internal; Reserve: 26368K, Max: 256K
[359.347s][info][gc,start       ] GC(203) Concurrent class unloading
[359.347s][info][gc,task        ] GC(203) Using 3 of 6 workers for concurrent class unloading
[359.348s][info][gc             ] GC(203) Concurrent class unloading 0.270ms
[359.348s][info][gc,start       ] GC(203) Pause Final Roots
[359.348s][info][gc             ] GC(203) Pause Final Roots 0.017ms
[359.348s][info][gc,ergo        ] Free: 378M, Max: 256K regular, 349M humongous, Frag: 8% external, 0% internal; Reserve: 26368K, Max: 256K
[359.348s][info][gc,stats       ] 
[359.348s][info][gc,stats       ] All times are wall-clock times, except per-root-class counters, that are sum over
[359.348s][info][gc,stats       ] all workers. Dividing the <total> over the root stage time estimates parallelism.
[359.348s][info][gc,stats       ] 
[359.348s][info][gc,stats       ] Concurrent Reset                    318 us
[359.348s][info][gc,stats       ] Pause Init Mark (G)                 281 us
[359.348s][info][gc,stats       ] Pause Init Mark (N)                 176 us
[359.348s][info][gc,stats       ]   Update Region States              115 us
[359.348s][info][gc,stats       ] Concurrent Mark Roots               372 us, parallelism: 0.98x
[359.348s][info][gc,stats       ]   CMR: <total>                      364 us
[359.348s][info][gc,stats       ]   CMR: Thread Roots                 332 us, workers (us): 223,  65,  44, ---, ---, ---, 
[359.348s][info][gc,stats       ]   CMR: VM Strong Roots                3 us, workers (us):   3,   0,   0, ---, ---, ---, 
[359.348s][info][gc,stats       ]   CMR: CLDG Roots                    29 us, workers (us):  29, ---, ---, ---, ---, ---, 
[359.348s][info][gc,stats       ] Concurrent Marking                  785 us
[359.348s][info][gc,stats       ] Pause Final Mark (G)                411 us
[359.348s][info][gc,stats       ] Pause Final Mark (N)                344 us
[359.348s][info][gc,stats       ]   Finish Mark                       144 us
[359.348s][info][gc,stats       ]   Update Region States               90 us
[359.348s][info][gc,stats       ]   Choose Collection Set              43 us
[359.348s][info][gc,stats       ]   Rebuild Free Set                    8 us
[359.348s][info][gc,stats       ] Concurrent Weak References          166 us, parallelism: 0.02x
[359.348s][info][gc,stats       ]   CWRF: <total>                       4 us
[359.348s][info][gc,stats       ]   CWRF: Weak References               4 us, workers (us):   2,   1,   0, ---, ---, ---, 
[359.348s][info][gc,stats       ] Concurrent Weak Roots               152 us
[359.348s][info][gc,stats       ]   Roots                              96 us, parallelism: 0.99x
[359.348s][info][gc,stats       ]     CWR: <total>                     95 us
[359.348s][info][gc,stats       ]     CWR: Code Cache Roots            53 us, workers (us):   0,  36,  17, ---, ---, ---, 
[359.348s][info][gc,stats       ]     CWR: VM Weak Roots               41 us, workers (us):  36,   3,   1, ---, ---, ---, 
[359.348s][info][gc,stats       ]     CWR: CLDG Roots                   1 us, workers (us):   1, ---, ---, ---, ---, ---, 
[359.348s][info][gc,stats       ]   Rendezvous                         26 us
[359.348s][info][gc,stats       ] Concurrent Cleanup                   77 us
[359.348s][info][gc,stats       ] Concurrent Class Unloading          284 us
[359.348s][info][gc,stats       ]   Unlink Stale                      170 us
[359.348s][info][gc,stats       ]     System Dictionary                 1 us
[359.348s][info][gc,stats       ]     Weak Class Links                  0 us
[359.348s][info][gc,stats       ]     Code Roots                      168 us
[359.348s][info][gc,stats       ]   Rendezvous                         30 us
[359.348s][info][gc,stats       ]   Purge Unlinked                     53 us
[359.348s][info][gc,stats       ]     Code Roots                       50 us
[359.348s][info][gc,stats       ]     CLDG                              3 us
[359.348s][info][gc,stats       ]     Exception Caches                  0 us
[359.348s][info][gc,stats       ] Pause Final Roots (G)                50 us
[359.348s][info][gc,stats       ] Pause Final Roots (N)                27 us
[359.348s][info][gc,stats       ] Pacing                            72458 us
[359.348s][info][gc,stats       ] 
[359.348s][info][gc,stats       ] Allocation pacing accrued:
[359.348s][info][gc,stats       ]      72 of  1603 ms (  4.5%): main
[359.348s][info][gc,stats       ]      72 of  1603 ms (  4.5%): <total>
[359.348s][info][gc,stats       ]       6 of  1603 ms (  0.3%): <average total>
[359.348s][info][gc,stats       ]      72 of  1603 ms (  4.5%): <average non-zero>
[359.348s][info][gc,stats       ] 
[359.348s][info][gc,metaspace   ] Metaspace: 1071K(1280K)->1071K(1280K) NonClass: 990K(1088K)->990K(1088K) Class: 81K(192K)->81K(192K)
[359.348s][info][gc,ergo        ] Pacer for Idle. Initial: 10485K, Alloc Tax Rate: 1.0x
[361.356s][info][gc             ] Trigger: Average GC time (3.83 ms) is above the time for average allocation rate (84388 KB/s) to deplete free headroom (0B) (margin of error = 3.26)
[361.356s][info][gc,ergo        ] Free headroom: 134M (free) - 26214K (spike) - 112M (penalties) = 0B
[361.356s][info][gc,ergo        ] Free: 134M, Max: 256K regular, 116M humongous, Frag: 14% external, 0% internal; Reserve: 26368K, Max: 256K
[361.356s][info][gc,start       ] GC(204) Concurrent reset
[361.356s][info][gc,task        ] GC(204) Using 3 of 6 workers for concurrent reset
[361.356s][info][gc,ergo        ] GC(204) Pacer for Reset. Non-Taxable: 512M
[361.356s][info][gc             ] GC(204) Concurrent reset 0.260ms
[361.356s][info][gc,start       ] GC(204) Pause Init Mark (unload classes)
[361.356s][info][gc,task        ] GC(204) Using 6 of 6 workers for init marking
[361.356s][info][gc,ergo        ] GC(204) Pacer for Mark. Expected Live: 87020K, Free: 134M, Non-Taxable: 13799K, Alloc Tax Rate: 0.8x
[361.356s][info][gc             ] GC(204) Pause Init Mark (unload classes) 0.085ms
[361.356s][info][gc,start       ] GC(204) Concurrent marking roots
[361.356s][info][gc,task        ] GC(204) Using 3 of 6 workers for concurrent marking roots
[361.356s][info][gc             ] GC(204) Concurrent marking roots 0.320ms
[361.356s][info][gc,start       ] GC(204) Concurrent marking (unload classes)
[361.356s][info][gc,task        ] GC(204) Using 3 of 6 workers for concurrent marking
[361.357s][info][gc             ] GC(204) Concurrent marking (unload classes) 0.659ms
[361.357s][info][gc,start       ] GC(204) Pause Final Mark (unload classes)
[361.357s][info][gc,task        ] GC(204) Using 6 of 6 workers for final marking
[361.357s][info][gc,ergo        ] GC(204) Collectable Garbage: 327M (99%), Immediate: 327M (99%), CSet: 0B (0%)
[361.357s][info][gc             ] GC(204) Pause Final Mark (unload classes) 0.168ms
[361.357s][info][gc,start       ] GC(204) Concurrent weak references
[361.357s][info][gc,task        ] GC(204) Using 3 of 6 workers for concurrent weak references
[361.357s][info][gc,ref         ] GC(204) Encountered references: Soft: 45, Weak: 116, Final: 0, Phantom: 7
[361.357s][info][gc,ref         ] GC(204) Discovered  references: Soft: 0, Weak: 72, Final: 0, Phantom: 5
[361.357s][info][gc,ref         ] GC(204) Enqueued    references: Soft: 0, Weak: 0, Final: 0, Phantom: 0
[361.357s][info][gc             ] GC(204) Concurrent weak references 0.083ms
[361.357s][info][gc,start       ] GC(204) Concurrent weak roots
[361.357s][info][gc,task        ] GC(204) Using 3 of 6 workers for concurrent weak root
[361.358s][info][gc             ] GC(204) Concurrent weak roots 0.122ms
[361.358s][info][gc,start       ] GC(204) Concurrent cleanup
[361.358s][info][gc             ] GC(204) Concurrent cleanup 346M->19M(512M) 0.069ms
[361.358s][info][gc,ergo        ] GC(204) Free: 465M, Max: 256K regular, 234M humongous, Frag: 50% external, 0% internal; Reserve: 26368K, Max: 256K
[361.358s][info][gc,start       ] GC(204) Concurrent class unloading
[361.358s][info][gc,task        ] GC(204) Using 3 of 6 workers for concurrent class unloading
[361.358s][info][gc             ] GC(204) Concurrent class unloading 0.233ms
[361.358s][info][gc,start       ] GC(204) Pause Final Roots
[361.358s][info][gc             ] GC(204) Pause Final Roots 0.019ms
[361.358s][info][gc,ergo        ] Free: 465M, Max: 256K regular, 234M humongous, Frag: 50% external, 0% internal; Reserve: 26368K, Max: 256K
[361.358s][info][gc,stats       ] 
[361.358s][info][gc,stats       ] All times are wall-clock times, except per-root-class counters, that are sum over
[361.358s][info][gc,stats       ] all workers. Dividing the <total> over the root stage time estimates parallelism.
[361.358s][info][gc,stats       ] 
[361.358s][info][gc,stats       ] Concurrent Reset                    282 us
[361.358s][info][gc,stats       ] Pause Init Mark (G)                 124 us
[361.358s][info][gc,stats       ] Pause Init Mark (N)                  94 us
[361.358s][info][gc,stats       ]   Update Region States               44 us
[361.358s][info][gc,stats       ] Concurrent Mark Roots               338 us, parallelism: 1.32x
[361.358s][info][gc,stats       ]   CMR: <total>                      447 us
[361.358s][info][gc,stats       ]   CMR: Thread Roots                 416 us, workers (us): 108, 236,  72, ---, ---, ---, 
[361.358s][info][gc,stats       ]   CMR: VM Strong Roots                3 us, workers (us):   3,   0,   0, ---, ---, ---, 
[361.358s][info][gc,stats       ]   CMR: CLDG Roots                    28 us, workers (us):  28, ---, ---, ---, ---, ---, 
[361.358s][info][gc,stats       ] Concurrent Marking                  675 us
[361.358s][info][gc,stats       ] Pause Final Mark (G)                248 us
[361.358s][info][gc,stats       ] Pause Final Mark (N)                179 us
[361.358s][info][gc,stats       ]   Finish Mark                        31 us
[361.358s][info][gc,stats       ]   Update Region States               52 us
[361.358s][info][gc,stats       ]   Choose Collection Set              45 us
[361.358s][info][gc,stats       ]   Rebuild Free Set                    9 us
[361.358s][info][gc,stats       ] Concurrent Weak References           92 us, parallelism: 0.05x
[361.358s][info][gc,stats       ]   CWRF: <total>                       4 us
[361.358s][info][gc,stats       ]   CWRF: Weak References               4 us, workers (us):   3,   1,   0, ---, ---, ---, 
[361.358s][info][gc,stats       ] Concurrent Weak Roots               139 us
[361.358s][info][gc,stats       ]   Roots                              78 us, parallelism: 1.50x
[361.358s][info][gc,stats       ]     CWR: <total>                    117 us
[361.358s][info][gc,stats       ]     CWR: Code Cache Roots            65 us, workers (us):   0,  38,  27, ---, ---, ---, 
[361.358s][info][gc,stats       ]     CWR: VM Weak Roots               52 us, workers (us):  19,  17,  16, ---, ---, ---, 
[361.358s][info][gc,stats       ]     CWR: CLDG Roots                   1 us, workers (us):   1, ---, ---, ---, ---, ---, 
[361.358s][info][gc,stats       ]   Rendezvous                         28 us
[361.358s][info][gc,stats       ] Concurrent Cleanup                   87 us
[361.358s][info][gc,stats       ] Concurrent Class Unloading          248 us
[361.358s][info][gc,stats       ]   Unlink Stale                      157 us
[361.358s][info][gc,stats       ]     System Dictionary                 1 us
[361.358s][info][gc,stats       ]     Weak Class Links                  0 us
[361.358s][info][gc,stats       ]     Code Roots                      155 us
[361.358s][info][gc,stats       ]   Rendezvous                         27 us
[361.358s][info][gc,stats       ]   Purge Unlinked                     31 us
[361.358s][info][gc,stats       ]     Code Roots                       27 us
[361.358s][info][gc,stats       ]     CLDG                              3 us
[361.358s][info][gc,stats       ]     Exception Caches                  0 us
[361.358s][info][gc,stats       ] Pause Final Roots (G)                51 us
[361.358s][info][gc,stats       ] Pause Final Roots (N)                28 us
[361.358s][info][gc,stats       ] Pacing                            46793 us
[361.358s][info][gc,stats       ] 
[361.358s][info][gc,stats       ] Allocation pacing accrued:
[361.358s][info][gc,stats       ]      47 of  2010 ms (  2.3%): main
[361.358s][info][gc,stats       ]      47 of  2010 ms (  2.3%): <total>
[361.358s][info][gc,stats       ]       4 of  2010 ms (  0.2%): <average total>
[361.358s][info][gc,stats       ]      47 of  2010 ms (  2.3%): <average non-zero>
[361.358s][info][gc,stats       ] 
[361.358s][info][gc,metaspace   ] Metaspace: 1071K(1280K)->1071K(1280K) NonClass: 990K(1088K)->990K(1088K) Class: 81K(192K)->81K(192K)
[361.358s][info][gc,ergo        ] Pacer for Idle. Initial: 10485K, Alloc Tax Rate: 1.0x
[365.038s][info][gc             ] Trigger: Average GC time (3.61 ms) is above the time for average allocation rate (142 MB/s) to deplete free headroom (0B) (margin of error = 3.25)
[365.038s][info][gc,ergo        ] Free headroom: 92683K (free) - 26214K (spike) - 107M (penalties) = 0B
[365.038s][info][gc,ergo        ] Free: 92683K, Max: 256K regular, 86016K humongous, Frag: 8% external, 0% internal; Reserve: 26368K, Max: 256K
[365.039s][info][gc,start       ] GC(205) Concurrent reset
[365.039s][info][gc,task        ] GC(205) Using 3 of 6 workers for concurrent reset
[365.039s][info][gc,ergo        ] GC(205) Pacer for Reset. Non-Taxable: 512M
[365.039s][info][gc             ] GC(205) Concurrent reset 0.139ms
[365.039s][info][gc,start       ] GC(205) Pause Init Mark (unload classes)
[365.039s][info][gc,task        ] GC(205) Using 6 of 6 workers for init marking
[365.039s][info][gc,ergo        ] GC(205) Pacer for Mark. Expected Live: 84153K, Free: 92683K, Non-Taxable: 9268K, Alloc Tax Rate: 1.1x
[365.039s][info][gc             ] GC(205) Pause Init Mark (unload classes) 0.066ms
[365.039s][info][gc,start       ] GC(205) Concurrent marking roots
[365.039s][info][gc,task        ] GC(205) Using 3 of 6 workers for concurrent marking roots
[365.039s][info][gc             ] GC(205) Concurrent marking roots 0.349ms
[365.039s][info][gc,start       ] GC(205) Concurrent marking (unload classes)
[365.039s][info][gc,task        ] GC(205) Using 3 of 6 workers for concurrent marking
[365.040s][info][gc             ] GC(205) Concurrent marking (unload classes) 0.644ms
[365.040s][info][gc,start       ] GC(205) Pause Final Mark (unload classes)
[365.040s][info][gc,task        ] GC(205) Using 6 of 6 workers for final marking
[365.040s][info][gc,ergo        ] GC(205) Collectable Garbage: 295M (99%), Immediate: 295M (99%), CSet: 0B (0%)
[365.040s][info][gc             ] GC(205) Pause Final Mark (unload classes) 0.138ms
[365.040s][info][gc,start       ] GC(205) Concurrent weak references
[365.040s][info][gc,task        ] GC(205) Using 3 of 6 workers for concurrent weak references
[365.040s][info][gc,ref         ] GC(205) Encountered references: Soft: 45, Weak: 116, Final: 0, Phantom: 7
[365.040s][info][gc,ref         ] GC(205) Discovered  references: Soft: 0, Weak: 95, Final: 0, Phantom: 5
[365.040s][info][gc,ref         ] GC(205) Enqueued    references: Soft: 0, Weak: 0, Final: 0, Phantom: 0
[365.040s][info][gc             ] GC(205) Concurrent weak references 0.084ms
[365.040s][info][gc,start       ] GC(205) Concurrent weak roots
[365.040s][info][gc,task        ] GC(205) Using 3 of 6 workers for concurrent weak root
[365.040s][info][gc             ] GC(205) Concurrent weak roots 0.108ms
[365.040s][info][gc,start       ] GC(205) Concurrent cleanup
[365.040s][info][gc             ] GC(205) Concurrent cleanup 387M->92M(512M) 0.069ms
[365.040s][info][gc,ergo        ] GC(205) Free: 392M, Max: 256K regular, 111M humongous, Frag: 72% external, 0% internal; Reserve: 26368K, Max: 256K
[365.040s][info][gc,start       ] GC(205) Concurrent class unloading
[365.040s][info][gc,task        ] GC(205) Using 3 of 6 workers for concurrent class unloading
[365.041s][info][gc             ] GC(205) Concurrent class unloading 0.242ms
[365.041s][info][gc,start       ] GC(205) Pause Final Roots
[365.041s][info][gc             ] GC(205) Pause Final Roots 0.016ms
[365.041s][info][gc,ergo        ] Free: 392M, Max: 256K regular, 111M humongous, Frag: 72% external, 0% internal; Reserve: 26368K, Max: 256K
[365.041s][info][gc,stats       ] 
[365.041s][info][gc,stats       ] All times are wall-clock times, except per-root-class counters, that are sum over
[365.041s][info][gc,stats       ] all workers. Dividing the <total> over the root stage time estimates parallelism.
[365.041s][info][gc,stats       ] 
[365.041s][info][gc,stats       ] Concurrent Reset                    160 us
[365.041s][info][gc,stats       ] Pause Init Mark (G)                 107 us
[365.041s][info][gc,stats       ] Pause Init Mark (N)                  74 us
[365.041s][info][gc,stats       ]   Update Region States               25 us
[365.041s][info][gc,stats       ] Concurrent Mark Roots               364 us, parallelism: 1.20x
[365.041s][info][gc,stats       ]   CMR: <total>                      438 us
[365.041s][info][gc,stats       ]   CMR: Thread Roots                 403 us, workers (us): 299,  67,  37, ---, ---, ---, 
[365.041s][info][gc,stats       ]   CMR: VM Strong Roots                4 us, workers (us):   2,   1,   0, ---, ---, ---, 
[365.041s][info][gc,stats       ]   CMR: CLDG Roots                    30 us, workers (us): ---, ---,  30, ---, ---, ---, 
[365.041s][info][gc,stats       ] Concurrent Marking                  659 us
[365.041s][info][gc,stats       ] Pause Final Mark (G)                177 us
[365.041s][info][gc,stats       ] Pause Final Mark (N)                148 us
[365.041s][info][gc,stats       ]   Finish Mark                        29 us
[365.041s][info][gc,stats       ]   Update Region States               26 us
[365.041s][info][gc,stats       ]   Choose Collection Set              49 us
[365.041s][info][gc,stats       ]   Rebuild Free Set                    8 us
[365.041s][info][gc,stats       ] Concurrent Weak References           93 us, parallelism: 0.05x
[365.041s][info][gc,stats       ]   CWRF: <total>                       4 us
[365.041s][info][gc,stats       ]   CWRF: Weak References               4 us, workers (us):   4,   0,   0, ---, ---, ---, 
[365.041s][info][gc,stats       ] Concurrent Weak Roots               121 us
[365.041s][info][gc,stats       ]   Roots                              68 us, parallelism: 1.37x
[365.041s][info][gc,stats       ]     CWR: <total>                     93 us
[365.041s][info][gc,stats       ]     CWR: Code Cache Roots            50 us, workers (us):   0,  34,  16, ---, ---, ---, 
[365.041s][info][gc,stats       ]     CWR: VM Weak Roots               42 us, workers (us):  14,  14,  14, ---, ---, ---, 
[365.041s][info][gc,stats       ]     CWR: CLDG Roots                   1 us, workers (us):   1, ---, ---, ---, ---, ---, 
[365.041s][info][gc,stats       ]   Rendezvous                         23 us
[365.041s][info][gc,stats       ] Concurrent Cleanup                   80 us
[365.041s][info][gc,stats       ] Concurrent Class Unloading          257 us
[365.041s][info][gc,stats       ]   Unlink Stale                      175 us
[365.041s][info][gc,stats       ]     System Dictionary                 2 us
[365.041s][info][gc,stats       ]     Weak Class Links                  0 us
[365.041s][info][gc,stats       ]     Code Roots                      173 us
[365.041s][info][gc,stats       ]   Rendezvous                         27 us
[365.041s][info][gc,stats       ]   Purge Unlinked                     23 us
[365.041s][info][gc,stats       ]     Code Roots                       21 us
[365.041s][info][gc,stats       ]     CLDG                              2 us
[365.041s][info][gc,stats       ]     Exception Caches                  0 us
[365.041s][info][gc,stats       ] Pause Final Roots (G)                48 us
[365.041s][info][gc,stats       ] Pause Final Roots (N)                24 us
[365.041s][info][gc,stats       ] Pacing                            77271 us
[365.041s][info][gc,stats       ] 
[365.041s][info][gc,stats       ] Allocation pacing accrued:
[365.041s][info][gc,stats       ]      77 of  3683 ms (  2.1%): main
[365.041s][info][gc,stats       ]      77 of  3683 ms (  2.1%): <total>
[365.041s][info][gc,stats       ]       6 of  3683 ms (  0.2%): <average total>
[365.041s][info][gc,stats       ]      77 of  3683 ms (  2.1%): <average non-zero>
[365.041s][info][gc,stats       ] 
[365.041s][info][gc,metaspace   ] Metaspace: 1071K(1280K)->1071K(1280K) NonClass: 990K(1088K)->990K(1088K) Class: 81K(192K)->81K(192K)
[365.041s][info][gc,ergo        ] Pacer for Idle. Initial: 10485K, Alloc Tax Rate: 1.0x
[366.634s][info][gc             ] Failed to allocate Shared, 100M
[366.634s][info][gc             ] Cancelling GC: Allocation Failure
[366.649s][info][gc             ] Trigger: Handle Allocation Failure
[366.649s][info][gc,ergo        ] Free: 203M, Max: 256K regular, 86016K humongous, Frag: 59% external, 0% internal; Reserve: 26368K, Max: 256K
[366.649s][info][gc,start       ] GC(206) Pause Degenerated GC (Outside of Cycle)
[366.649s][info][gc,task        ] GC(206) Using 6 of 6 workers for stw degenerated gc
[366.650s][info][gc,ref         ] GC(206) Clearing All SoftReferences
[366.650s][info][gc,ref         ] GC(206) Encountered references: Soft: 45, Weak: 116, Final: 0, Phantom: 7
[366.650s][info][gc,ref         ] GC(206) Discovered  references: Soft: 19, Weak: 95, Final: 0, Phantom: 3
[366.650s][info][gc,ref         ] GC(206) Enqueued    references: Soft: 0, Weak: 0, Final: 0, Phantom: 0
[366.651s][info][gc,ergo        ] GC(206) Collectable Garbage: 227M (99%), Immediate: 227M (99%), CSet: 0B (0%)
[366.651s][info][gc,ergo        ] GC(206) Good progress for free space: 433M, need 5242K
[366.651s][info][gc,ergo        ] GC(206) Good progress for used space: 227M, need 256K
[366.651s][info][gc             ] GC(206) Pause Degenerated GC (Outside of Cycle) 279M->52M(512M) 1.449ms
[366.651s][info][gc,ergo        ] Free: 433M, Max: 256K regular, 339M humongous, Frag: 22% external, 0% internal; Reserve: 26368K, Max: 256K
[366.651s][info][gc,stats       ] 
[366.651s][info][gc,stats       ] All times are wall-clock times, except per-root-class counters, that are sum over
[366.651s][info][gc,stats       ] all workers. Dividing the <total> over the root stage time estimates parallelism.
[366.651s][info][gc,stats       ] 
[366.651s][info][gc,stats       ] Pause Degenerated GC (G)           1518 us
[366.651s][info][gc,stats       ] Pause Degenerated GC (N)           1458 us
[366.651s][info][gc,stats       ]   Degen STW Mark                    461 us, parallelism: 5.05x
[366.651s][info][gc,stats       ]     DSM: <total>                   2330 us
[366.651s][info][gc,stats       ]     DSM: Thread Roots                43 us, workers (us):  22,  16,   3,   0,   0,   0, 
[366.651s][info][gc,stats       ]     DSM: VM Strong Roots              3 us, workers (us):   1,   2,   0,   0,   0,   0, 
[366.651s][info][gc,stats       ]     DSM: CLDG Roots                  33 us, workers (us):   0,   0,  31,   0,   0,   0, 
[366.651s][info][gc,stats       ]     DSM: Parallel Mark             2251 us, workers (us): 388, 388, 365, 375, 374, 362, 
[366.651s][info][gc,stats       ]     System Purge                    392 us
[366.651s][info][gc,stats       ]       Weak References               132 us, parallelism: 0.04x
[366.651s][info][gc,stats       ]         WRP: <total>                  5 us
[366.651s][info][gc,stats       ]         WRP: Weak References          5 us, workers (us):   3,   1,   1,   0,   0,   0, 
[366.651s][info][gc,stats       ]       Unload Classes                131 us, parallelism: 2.25x
[366.651s][info][gc,stats       ]         DCU: <total>                296 us
[366.651s][info][gc,stats       ]         DCU: Unload Code Caches      296 us, workers (us):  63,  77,  58,  26,  34,  38, 
[366.651s][info][gc,stats       ]       Weak Roots                    127 us, parallelism: 0.34x
[366.651s][info][gc,stats       ]         DWR: <total>                 44 us
[366.651s][info][gc,stats       ]         DWR: VM Weak Roots           44 us, workers (us):  23,  18,   1,   1,   1,   1, 
[366.651s][info][gc,stats       ]       CLDG                            0 us
[366.651s][info][gc,stats       ]   Update Region States              110 us
[366.651s][info][gc,stats       ]   Manage GC/TLABs                     3 us
[366.651s][info][gc,stats       ]   Choose Collection Set              38 us
[366.651s][info][gc,stats       ]   Rebuild Free Set                    9 us
[366.651s][info][gc,stats       ]   Cleanup                             6 us
[366.651s][info][gc,stats       ] Pacing                            73932 us
[366.651s][info][gc,stats       ] 
[366.651s][info][gc,stats       ] Allocation pacing accrued:
[366.651s][info][gc,stats       ]      74 of  1610 ms (  4.6%): main
[366.651s][info][gc,stats       ]      74 of  1610 ms (  4.6%): <total>
[366.651s][info][gc,stats       ]       6 of  1610 ms (  0.4%): <average total>
[366.651s][info][gc,stats       ]      74 of  1610 ms (  4.6%): <average non-zero>
[366.651s][info][gc,stats       ] 
[366.651s][info][gc,metaspace   ] Metaspace: 1071K(1280K)->1071K(1280K) NonClass: 990K(1088K)->990K(1088K) Class: 81K(192K)->81K(192K)
[366.651s][info][gc,ergo        ] Pacer for Idle. Initial: 10485K, Alloc Tax Rate: 1.0x
[368.081s][info][gc             ] Trigger: Average GC time (3.39 ms) is above the time for average allocation rate (302 MB/s) to deplete free headroom (0B) (margin of error = 3.29)
[368.081s][info][gc,ergo        ] Free headroom: 108M (free) - 26214K (spike) - 153M (penalties) = 0B
[368.081s][info][gc,ergo        ] Free: 108M, Max: 256K regular, 90624K humongous, Frag: 19% external, 0% internal; Reserve: 26368K, Max: 256K
[368.081s][info][gc,start       ] GC(207) Concurrent reset
[368.081s][info][gc,task        ] GC(207) Using 3 of 6 workers for concurrent reset
[368.081s][info][gc,ergo        ] GC(207) Pacer for Reset. Non-Taxable: 512M
[368.081s][info][gc             ] GC(207) Concurrent reset 0.153ms
[368.081s][info][gc,start       ] GC(207) Pause Init Mark (unload classes)
[368.081s][info][gc,task        ] GC(207) Using 6 of 6 workers for init marking
[368.081s][info][gc,ergo        ] GC(207) Pacer for Mark. Expected Live: 87344K, Free: 108M, Non-Taxable: 11060K, Alloc Tax Rate: 1.0x
[368.081s][info][gc             ] GC(207) Pause Init Mark (unload classes) 0.080ms
[368.081s][info][gc,start       ] GC(207) Concurrent marking roots
[368.081s][info][gc,task        ] GC(207) Using 3 of 6 workers for concurrent marking roots
[368.081s][info][gc             ] GC(207) Concurrent marking roots 0.240ms
[368.081s][info][gc,start       ] GC(207) Concurrent marking (unload classes)
[368.081s][info][gc,task        ] GC(207) Using 3 of 6 workers for concurrent marking
[368.082s][info][gc             ] GC(207) Concurrent marking (unload classes) 0.664ms
[368.082s][info][gc,start       ] GC(207) Pause Final Mark (unload classes)
[368.082s][info][gc,task        ] GC(207) Using 6 of 6 workers for final marking
[368.082s][info][gc,ergo        ] GC(207) Collectable Garbage: 217M (99%), Immediate: 217M (99%), CSet: 0B (0%)
[368.082s][info][gc             ] GC(207) Pause Final Mark (unload classes) 0.136ms
[368.082s][info][gc,start       ] GC(207) Concurrent weak references
[368.082s][info][gc,task        ] GC(207) Using 3 of 6 workers for concurrent weak references
[368.082s][info][gc,ref         ] GC(207) Encountered references: Soft: 45, Weak: 116, Final: 0, Phantom: 7
[368.082s][info][gc,ref         ] GC(207) Discovered  references: Soft: 0, Weak: 73, Final: 0, Phantom: 5
[368.082s][info][gc,ref         ] GC(207) Enqueued    references: Soft: 0, Weak: 0, Final: 0, Phantom: 0
[368.082s][info][gc             ] GC(207) Concurrent weak references 0.072ms
[368.082s][info][gc,start       ] GC(207) Concurrent weak roots
[368.082s][info][gc,task        ] GC(207) Using 3 of 6 workers for concurrent weak root
[368.082s][info][gc             ] GC(207) Concurrent weak roots 0.116ms
[368.082s][info][gc,start       ] GC(207) Concurrent cleanup
[368.082s][info][gc             ] GC(207) Concurrent cleanup 374M->157M(512M) 0.050ms
[368.082s][info][gc,ergo        ] GC(207) Free: 328M, Max: 256K regular, 150M humongous, Frag: 55% external, 0% internal; Reserve: 26368K, Max: 256K
[368.082s][info][gc,start       ] GC(207) Concurrent class unloading
[368.083s][info][gc,task        ] GC(207) Using 3 of 6 workers for concurrent class unloading
[368.083s][info][gc             ] GC(207) Concurrent class unloading 0.233ms
[368.083s][info][gc,start       ] GC(207) Pause Final Roots
[368.083s][info][gc             ] GC(207) Pause Final Roots 0.017ms
[368.083s][info][gc,ergo        ] Free: 328M, Max: 256K regular, 150M humongous, Frag: 55% external, 0% internal; Reserve: 26368K, Max: 256K
[368.083s][info][gc,stats       ] 
[368.083s][info][gc,stats       ] All times are wall-clock times, except per-root-class counters, that are sum over
[368.083s][info][gc,stats       ] all workers. Dividing the <total> over the root stage time estimates parallelism.
[368.083s][info][gc,stats       ] 
[368.083s][info][gc,stats       ] Concurrent Reset                    175 us
[368.083s][info][gc,stats       ] Pause Init Mark (G)                 122 us
[368.083s][info][gc,stats       ] Pause Init Mark (N)                  89 us
[368.083s][info][gc,stats       ]   Update Region States               25 us
[368.083s][info][gc,stats       ] Concurrent Mark Roots               254 us, parallelism: 1.30x
[368.083s][info][gc,stats       ]   CMR: <total>                      331 us
[368.083s][info][gc,stats       ]   CMR: Thread Roots                 298 us, workers (us):  35,  71, 192, ---, ---, ---, 
[368.083s][info][gc,stats       ]   CMR: VM Strong Roots                4 us, workers (us):   2,   2,   0, ---, ---, ---, 
[368.083s][info][gc,stats       ]   CMR: CLDG Roots                    29 us, workers (us):  29, ---, ---, ---, ---, ---, 
[368.083s][info][gc,stats       ] Concurrent Marking                  684 us
[368.083s][info][gc,stats       ] Pause Final Mark (G)                183 us
[368.083s][info][gc,stats       ] Pause Final Mark (N)                146 us
[368.083s][info][gc,stats       ]   Finish Mark                        29 us
[368.083s][info][gc,stats       ]   Update Region States               27 us
[368.083s][info][gc,stats       ]   Choose Collection Set              40 us
[368.083s][info][gc,stats       ]   Rebuild Free Set                    8 us
[368.083s][info][gc,stats       ] Concurrent Weak References           80 us, parallelism: 0.05x
[368.083s][info][gc,stats       ]   CWRF: <total>                       4 us
[368.083s][info][gc,stats       ]   CWRF: Weak References               4 us, workers (us):   3,   1,   0, ---, ---, ---, 
[368.083s][info][gc,stats       ] Concurrent Weak Roots               132 us
[368.083s][info][gc,stats       ]   Roots                              69 us, parallelism: 1.36x
[368.083s][info][gc,stats       ]     CWR: <total>                     94 us
[368.083s][info][gc,stats       ]     CWR: Code Cache Roots            51 us, workers (us):  34,   0,  17, ---, ---, ---, 
[368.083s][info][gc,stats       ]     CWR: VM Weak Roots               42 us, workers (us):  15,  14,  13, ---, ---, ---, 
[368.083s][info][gc,stats       ]     CWR: CLDG Roots                   1 us, workers (us): ---,   1, ---, ---, ---, ---, 
[368.083s][info][gc,stats       ]   Rendezvous                         30 us
[368.083s][info][gc,stats       ] Concurrent Cleanup                   60 us
[368.083s][info][gc,stats       ] Concurrent Class Unloading          250 us
[368.083s][info][gc,stats       ]   Unlink Stale                      163 us
[368.083s][info][gc,stats       ]     System Dictionary                 1 us
[368.083s][info][gc,stats       ]     Weak Class Links                  0 us
[368.083s][info][gc,stats       ]     Code Roots                      161 us
[368.083s][info][gc,stats       ]   Rendezvous                         28 us
[368.083s][info][gc,stats       ]   Purge Unlinked                     24 us
[368.083s][info][gc,stats       ]     Code Roots                       21 us
[368.083s][info][gc,stats       ]     CLDG                              3 us
[368.083s][info][gc,stats       ]     Exception Caches                  0 us
[368.083s][info][gc,stats       ] Pause Final Roots (G)                47 us
[368.083s][info][gc,stats       ] Pause Final Roots (N)                26 us
[368.083s][info][gc,stats       ] 
[368.083s][info][gc,stats       ] Allocation pacing accrued:
[368.083s][info][gc,stats       ]       0 of  1432 ms (  0.0%): <total>
[368.083s][info][gc,stats       ]       0 of  1432 ms (  0.0%): <average total>
[368.083s][info][gc,stats       ] 
[368.083s][info][gc,metaspace   ] Metaspace: 1071K(1280K)->1071K(1280K) NonClass: 990K(1088K)->990K(1088K) Class: 81K(192K)->81K(192K)
[368.083s][info][gc,ergo        ] Pacer for Idle. Initial: 10485K, Alloc Tax Rate: 1.0x
[369.542s][info][gc             ] Trigger: Average GC time (3.08 ms) is above the time for average allocation rate (298 MB/s) to deplete free headroom (0B) (margin of error = 3.29)
[369.543s][info][gc,ergo        ] Free headroom: 102M (free) - 26214K (spike) - 148M (penalties) = 0B
[369.543s][info][gc,ergo        ] Free: 102M, Max: 256K regular, 90624K humongous, Frag: 14% external, 0% internal; Reserve: 26368K, Max: 256K
[369.543s][info][gc,start       ] GC(208) Concurrent reset
[369.543s][info][gc,task        ] GC(208) Using 3 of 6 workers for concurrent reset
[369.543s][info][gc,ergo        ] GC(208) Pacer for Reset. Non-Taxable: 512M
[369.543s][info][gc             ] GC(208) Concurrent reset 0.349ms
[369.543s][info][gc,start       ] GC(208) Pause Init Mark (unload classes)
[369.543s][info][gc,task        ] GC(208) Using 6 of 6 workers for init marking
[369.543s][info][gc,ergo        ] GC(208) Pacer for Mark. Expected Live: 111M, Free: 102M, Non-Taxable: 10522K, Alloc Tax Rate: 1.3x
[369.543s][info][gc             ] GC(208) Pause Init Mark (unload classes) 0.157ms
[369.543s][info][gc,start       ] GC(208) Concurrent marking roots
[369.543s][info][gc,task        ] GC(208) Using 3 of 6 workers for concurrent marking roots
[369.544s][info][gc             ] GC(208) Concurrent marking roots 0.313ms
[369.544s][info][gc,start       ] GC(208) Concurrent marking (unload classes)
[369.544s][info][gc,task        ] GC(208) Using 3 of 6 workers for concurrent marking
[369.544s][info][gc             ] GC(208) Concurrent marking (unload classes) 0.719ms
[369.544s][info][gc,start       ] GC(208) Pause Final Mark (unload classes)
[369.544s][info][gc,task        ] GC(208) Using 6 of 6 workers for final marking
[369.545s][info][gc,ergo        ] GC(208) Collectable Garbage: 117M (99%), Immediate: 117M (99%), CSet: 0B (0%)
[369.545s][info][gc             ] GC(208) Pause Final Mark (unload classes) 0.181ms
[369.545s][info][gc,start       ] GC(208) Concurrent weak references
[369.545s][info][gc,task        ] GC(208) Using 3 of 6 workers for concurrent weak references
[369.545s][info][gc,ref         ] GC(208) Encountered references: Soft: 45, Weak: 116, Final: 0, Phantom: 7
[369.545s][info][gc,ref         ] GC(208) Discovered  references: Soft: 18, Weak: 76, Final: 0, Phantom: 5
[369.545s][info][gc,ref         ] GC(208) Enqueued    references: Soft: 0, Weak: 0, Final: 0, Phantom: 0
[369.545s][info][gc             ] GC(208) Concurrent weak references 0.152ms
[369.545s][info][gc,start       ] GC(208) Concurrent weak roots
[369.545s][info][gc,task        ] GC(208) Using 3 of 6 workers for concurrent weak root
[369.545s][info][gc             ] GC(208) Concurrent weak roots 0.286ms
[369.545s][info][gc,start       ] GC(208) Concurrent cleanup
[369.545s][info][gc             ] GC(208) Concurrent cleanup 379M->262M(512M) 0.036ms
[369.545s][info][gc,ergo        ] GC(208) Free: 222M, Max: 256K regular, 90624K humongous, Frag: 61% external, 0% internal; Reserve: 26368K, Max: 256K
[369.545s][info][gc,start       ] GC(208) Concurrent class unloading
[369.545s][info][gc,task        ] GC(208) Using 3 of 6 workers for concurrent class unloading
[369.545s][info][gc             ] GC(208) Concurrent class unloading 0.324ms
[369.546s][info][gc,start       ] GC(208) Pause Final Roots
[369.546s][info][gc             ] GC(208) Pause Final Roots 0.015ms
[369.546s][info][gc,ergo        ] Free: 222M, Max: 256K regular, 90624K humongous, Frag: 61% external, 0% internal; Reserve: 26368K, Max: 256K
[369.546s][info][gc,stats       ] 
[369.546s][info][gc,stats       ] All times are wall-clock times, except per-root-class counters, that are sum over
[369.546s][info][gc,stats       ] all workers. Dividing the <total> over the root stage time estimates parallelism.
[369.546s][info][gc,stats       ] 
[369.546s][info][gc,stats       ] Concurrent Reset                    369 us
[369.546s][info][gc,stats       ] Pause Init Mark (G)                 280 us
[369.546s][info][gc,stats       ] Pause Init Mark (N)                 166 us
[369.546s][info][gc,stats       ]   Update Region States              105 us
[369.546s][info][gc,stats       ] Concurrent Mark Roots               331 us, parallelism: 1.02x
[369.546s][info][gc,stats       ]   CMR: <total>                      339 us
[369.546s][info][gc,stats       ]   CMR: Thread Roots                 306 us, workers (us): 195,  66,  45, ---, ---, ---, 
[369.546s][info][gc,stats       ]   CMR: VM Strong Roots                3 us, workers (us):   2,   0,   0, ---, ---, ---, 
[369.546s][info][gc,stats       ]   CMR: CLDG Roots                    30 us, workers (us):  30, ---, ---, ---, ---, ---, 
[369.546s][info][gc,stats       ] Concurrent Marking                  738 us
[369.546s][info][gc,stats       ] Pause Final Mark (G)                325 us
[369.546s][info][gc,stats       ] Pause Final Mark (N)                191 us
[369.546s][info][gc,stats       ]   Finish Mark                        59 us
[369.546s][info][gc,stats       ]   Update Region States               54 us
[369.546s][info][gc,stats       ]   Choose Collection Set              30 us
[369.546s][info][gc,stats       ]   Rebuild Free Set                    7 us
[369.546s][info][gc,stats       ] Concurrent Weak References          160 us, parallelism: 0.02x
[369.546s][info][gc,stats       ]   CWRF: <total>                       4 us
[369.546s][info][gc,stats       ]   CWRF: Weak References               4 us, workers (us):   4,   0,   0, ---, ---, ---, 
[369.546s][info][gc,stats       ] Concurrent Weak Roots               304 us
[369.546s][info][gc,stats       ]   Roots                             107 us, parallelism: 0.86x
[369.546s][info][gc,stats       ]     CWR: <total>                     93 us
[369.546s][info][gc,stats       ]     CWR: Code Cache Roots            50 us, workers (us):  34,  16,   0, ---, ---, ---, 
[369.546s][info][gc,stats       ]     CWR: VM Weak Roots               42 us, workers (us):  22,  20,   0, ---, ---, ---, 
[369.546s][info][gc,stats       ]     CWR: CLDG Roots                   1 us, workers (us): ---,   1, ---, ---, ---, ---, 
[369.546s][info][gc,stats       ]   Rendezvous                        161 us
[369.546s][info][gc,stats       ] Concurrent Cleanup                   46 us
[369.546s][info][gc,stats       ] Concurrent Class Unloading          341 us
[369.546s][info][gc,stats       ]   Unlink Stale                      161 us
[369.546s][info][gc,stats       ]     System Dictionary                 1 us
[369.546s][info][gc,stats       ]     Weak Class Links                  0 us
[369.546s][info][gc,stats       ]     Code Roots                      159 us
[369.546s][info][gc,stats       ]   Rendezvous                         60 us
[369.546s][info][gc,stats       ]   Purge Unlinked                     85 us
[369.546s][info][gc,stats       ]     Code Roots                       81 us
[369.546s][info][gc,stats       ]     CLDG                              4 us
[369.546s][info][gc,stats       ]     Exception Caches                  0 us
[369.546s][info][gc,stats       ] Pause Final Roots (G)                89 us
[369.546s][info][gc,stats       ] Pause Final Roots (N)                24 us
[369.546s][info][gc,stats       ] Pacing                            45277 us
[369.546s][info][gc,stats       ] 
[369.546s][info][gc,stats       ] Allocation pacing accrued:
[369.546s][info][gc,stats       ]      45 of  1463 ms (  3.1%): main
[369.546s][info][gc,stats       ]      45 of  1463 ms (  3.1%): <total>
[369.546s][info][gc,stats       ]       3 of  1463 ms (  0.2%): <average total>
[369.546s][info][gc,stats       ]      45 of  1463 ms (  3.1%): <average non-zero>
[369.546s][info][gc,stats       ] 
[369.546s][info][gc,metaspace   ] Metaspace: 1071K(1280K)->1071K(1280K) NonClass: 990K(1088K)->990K(1088K) Class: 81K(192K)->81K(192K)
[369.546s][info][gc,ergo        ] Pacer for Idle. Initial: 10485K, Alloc Tax Rate: 1.0x
[370.888s][info][gc             ] Trigger: Average GC time (4.12 ms) is above the time for average allocation rate (115 MB/s) to deplete free headroom (0B) (margin of error = 3.29)
[370.888s][info][gc,ergo        ] Free headroom: 119M (free) - 26214K (spike) - 143M (penalties) = 0B
[370.888s][info][gc,ergo        ] Free: 119M, Max: 256K regular, 90624K humongous, Frag: 27% external, 0% internal; Reserve: 26368K, Max: 256K
[370.888s][info][gc,start       ] GC(209) Concurrent reset
[370.888s][info][gc,task        ] GC(209) Using 3 of 6 workers for concurrent reset
[370.888s][info][gc,ergo        ] GC(209) Pacer for Reset. Non-Taxable: 512M
[370.888s][info][gc             ] GC(209) Concurrent reset 0.313ms
[370.888s][info][gc,start       ] GC(209) Pause Init Mark (unload classes)
[370.888s][info][gc,task        ] GC(209) Using 6 of 6 workers for init marking
[370.888s][info][gc,ergo        ] GC(209) Pacer for Mark. Expected Live: 137M, Free: 119M, Non-Taxable: 12263K, Alloc Tax Rate: 1.4x
[370.888s][info][gc             ] GC(209) Pause Init Mark (unload classes) 0.074ms
[370.888s][info][gc,start       ] GC(209) Concurrent marking roots
[370.888s][info][gc,task        ] GC(209) Using 3 of 6 workers for concurrent marking roots
[370.888s][info][gc             ] GC(209) Concurrent marking roots 0.258ms
[370.888s][info][gc,start       ] GC(209) Concurrent marking (unload classes)
[370.888s][info][gc,task        ] GC(209) Using 3 of 6 workers for concurrent marking
[370.889s][info][gc             ] GC(209) Concurrent marking (unload classes) 0.665ms
[370.889s][info][gc,start       ] GC(209) Pause Final Mark (unload classes)
[370.889s][info][gc,task        ] GC(209) Using 6 of 6 workers for final marking
[370.889s][info][gc,ergo        ] GC(209) Collectable Garbage: 306M (99%), Immediate: 306M (99%), CSet: 0B (0%)
[370.889s][info][gc             ] GC(209) Pause Final Mark (unload classes) 0.130ms
[370.889s][info][gc,start       ] GC(209) Concurrent weak references
[370.889s][info][gc,task        ] GC(209) Using 3 of 6 workers for concurrent weak references
[370.889s][info][gc,ref         ] GC(209) Encountered references: Soft: 45, Weak: 116, Final: 0, Phantom: 7
[370.889s][info][gc,ref         ] GC(209) Discovered  references: Soft: 19, Weak: 95, Final: 0, Phantom: 5
[370.889s][info][gc,ref         ] GC(209) Enqueued    references: Soft: 0, Weak: 0, Final: 0, Phantom: 0
[370.889s][info][gc             ] GC(209) Concurrent weak references 0.089ms
[370.889s][info][gc,start       ] GC(209) Concurrent weak roots
[370.889s][info][gc,task        ] GC(209) Using 3 of 6 workers for concurrent weak root
[370.889s][info][gc             ] GC(209) Concurrent weak roots 0.119ms
[370.889s][info][gc,start       ] GC(209) Concurrent cleanup
[370.890s][info][gc             ] GC(209) Concurrent cleanup 363M->57M(512M) 0.064ms
[370.890s][info][gc,ergo        ] GC(209) Free: 428M, Max: 256K regular, 289M humongous, Frag: 33% external, 0% internal; Reserve: 26368K, Max: 256K
[370.890s][info][gc,start       ] GC(209) Concurrent class unloading
[370.890s][info][gc,task        ] GC(209) Using 3 of 6 workers for concurrent class unloading
[370.890s][info][gc             ] GC(209) Concurrent class unloading 0.222ms
[370.890s][info][gc,start       ] GC(209) Pause Final Roots
[370.890s][info][gc             ] GC(209) Pause Final Roots 0.015ms
[370.890s][info][gc,ergo        ] Free: 428M, Max: 256K regular, 289M humongous, Frag: 33% external, 0% internal; Reserve: 26368K, Max: 256K
[370.890s][info][gc,stats       ] 
[370.890s][info][gc,stats       ] All times are wall-clock times, except per-root-class counters, that are sum over
[370.890s][info][gc,stats       ] all workers. Dividing the <total> over the root stage time estimates parallelism.
[370.890s][info][gc,stats       ] 
[370.890s][info][gc,stats       ] Concurrent Reset                    346 us
[370.890s][info][gc,stats       ] Pause Init Mark (G)                 129 us
[370.890s][info][gc,stats       ] Pause Init Mark (N)                  83 us
[370.890s][info][gc,stats       ]   Update Region States               28 us
[370.890s][info][gc,stats       ] Concurrent Mark Roots               272 us, parallelism: 1.32x
[370.890s][info][gc,stats       ]   CMR: <total>                      360 us
[370.890s][info][gc,stats       ]   CMR: Thread Roots                 317 us, workers (us): 204,  77,  35, ---, ---, ---, 
[370.890s][info][gc,stats       ]   CMR: VM Strong Roots                8 us, workers (us):   4,   2,   2, ---, ---, ---, 
[370.890s][info][gc,stats       ]   CMR: CLDG Roots                    36 us, workers (us): ---, ---,  36, ---, ---, ---, 
[370.890s][info][gc,stats       ] Concurrent Marking                  680 us
[370.890s][info][gc,stats       ] Pause Final Mark (G)                172 us
[370.890s][info][gc,stats       ] Pause Final Mark (N)                139 us
[370.890s][info][gc,stats       ]   Finish Mark                        28 us
[370.890s][info][gc,stats       ]   Update Region States               27 us
[370.890s][info][gc,stats       ]   Choose Collection Set              37 us
[370.890s][info][gc,stats       ]   Rebuild Free Set                    9 us
[370.890s][info][gc,stats       ] Concurrent Weak References           97 us, parallelism: 0.05x
[370.890s][info][gc,stats       ]   CWRF: <total>                       5 us
[370.890s][info][gc,stats       ]   CWRF: Weak References               5 us, workers (us):   4,   0,   0, ---, ---, ---, 
[370.890s][info][gc,stats       ] Concurrent Weak Roots               133 us
[370.890s][info][gc,stats       ]   Roots                              76 us, parallelism: 1.31x
[370.890s][info][gc,stats       ]     CWR: <total>                     99 us
[370.890s][info][gc,stats       ]     CWR: Code Cache Roots            55 us, workers (us):  19,   0,  36, ---, ---, ---, 
[370.890s][info][gc,stats       ]     CWR: VM Weak Roots               43 us, workers (us):  15,  14,  14, ---, ---, ---, 
[370.890s][info][gc,stats       ]     CWR: CLDG Roots                   1 us, workers (us): ---,   1, ---, ---, ---, ---, 
[370.890s][info][gc,stats       ]   Rendezvous                         26 us
[370.890s][info][gc,stats       ] Concurrent Cleanup                   74 us
[370.890s][info][gc,stats       ] Concurrent Class Unloading          236 us
[370.890s][info][gc,stats       ]   Unlink Stale                      158 us
[370.890s][info][gc,stats       ]     System Dictionary                 1 us
[370.890s][info][gc,stats       ]     Weak Class Links                  0 us
[370.890s][info][gc,stats       ]     Code Roots                      156 us
[370.890s][info][gc,stats       ]   Rendezvous                         24 us
[370.890s][info][gc,stats       ]   Purge Unlinked                     23 us
[370.890s][info][gc,stats       ]     Code Roots                       20 us
[370.890s][info][gc,stats       ]     CLDG                              2 us
[370.890s][info][gc,stats       ]     Exception Caches                  0 us
[370.890s][info][gc,stats       ] Pause Final Roots (G)                45 us
[370.890s][info][gc,stats       ] Pause Final Roots (N)                24 us
[370.890s][info][gc,stats       ] Pacing                            31192 us
[370.890s][info][gc,stats       ] 
[370.890s][info][gc,stats       ] Allocation pacing accrued:
[370.890s][info][gc,stats       ]      31 of  1344 ms (  2.3%): main
[370.890s][info][gc,stats       ]      31 of  1344 ms (  2.3%): <total>
[370.890s][info][gc,stats       ]       2 of  1344 ms (  0.2%): <average total>
[370.890s][info][gc,stats       ]      31 of  1344 ms (  2.3%): <average non-zero>
[370.890s][info][gc,stats       ] 
[370.890s][info][gc,metaspace   ] Metaspace: 1071K(1280K)->1071K(1280K) NonClass: 990K(1088K)->990K(1088K) Class: 81K(192K)->81K(192K)
[370.890s][info][gc,ergo        ] Pacer for Idle. Initial: 10485K, Alloc Tax Rate: 1.0x
[372.493s][info][gc             ] Trigger: Average GC time (3.64 ms) is above the time for average allocation rate (311 MB/s) to deplete free headroom (0B) (margin of error = 3.28)
[372.493s][info][gc,ergo        ] Free headroom: 102M (free) - 26214K (spike) - 138M (penalties) = 0B
[372.493s][info][gc,ergo        ] Free: 102M, Max: 256K regular, 100096K humongous, Frag: 5% external, 0% internal; Reserve: 26368K, Max: 256K
[372.493s][info][gc,start       ] GC(210) Concurrent reset
[372.493s][info][gc,task        ] GC(210) Using 3 of 6 workers for concurrent reset
[372.493s][info][gc,ergo        ] GC(210) Pacer for Reset. Non-Taxable: 512M
[372.493s][info][gc             ] GC(210) Concurrent reset 0.175ms
[372.493s][info][gc,start       ] GC(210) Pause Init Mark (unload classes)
[372.493s][info][gc,task        ] GC(210) Using 6 of 6 workers for init marking
[372.493s][info][gc,ergo        ] GC(210) Pacer for Mark. Expected Live: 127M, Free: 102M, Non-Taxable: 10522K, Alloc Tax Rate: 1.5x
[372.493s][info][gc             ] GC(210) Pause Init Mark (unload classes) 0.100ms
[372.493s][info][gc,start       ] GC(210) Concurrent marking roots
[372.493s][info][gc,task        ] GC(210) Using 3 of 6 workers for concurrent marking roots
[372.493s][info][gc             ] GC(210) Concurrent marking roots 0.231ms
[372.493s][info][gc,start       ] GC(210) Concurrent marking (unload classes)
[372.493s][info][gc,task        ] GC(210) Using 3 of 6 workers for concurrent marking
[372.494s][info][gc             ] GC(210) Concurrent marking (unload classes) 0.664ms
[372.494s][info][gc,start       ] GC(210) Pause Final Mark (unload classes)
[372.494s][info][gc,task        ] GC(210) Using 6 of 6 workers for final marking
[372.494s][info][gc,ergo        ] GC(210) Collectable Garbage: 261M (99%), Immediate: 261M (99%), CSet: 0B (0%)
[372.494s][info][gc             ] GC(210) Pause Final Mark (unload classes) 0.198ms
[372.494s][info][gc,start       ] GC(210) Concurrent weak references
[372.494s][info][gc,task        ] GC(210) Using 3 of 6 workers for concurrent weak references
[372.494s][info][gc,ref         ] GC(210) Encountered references: Soft: 45, Weak: 116, Final: 0, Phantom: 7
[372.494s][info][gc,ref         ] GC(210) Discovered  references: Soft: 0, Weak: 84, Final: 0, Phantom: 5
[372.494s][info][gc,ref         ] GC(210) Enqueued    references: Soft: 0, Weak: 0, Final: 0, Phantom: 0
[372.494s][info][gc             ] GC(210) Concurrent weak references 0.106ms
[372.494s][info][gc,start       ] GC(210) Concurrent weak roots
[372.494s][info][gc,task        ] GC(210) Using 3 of 6 workers for concurrent weak root
[372.494s][info][gc             ] GC(210) Concurrent weak roots 0.115ms
[372.494s][info][gc,start       ] GC(210) Concurrent cleanup
[372.494s][info][gc             ] GC(210) Concurrent cleanup 379M->118M(512M) 0.055ms
[372.494s][info][gc,ergo        ] GC(210) Free: 367M, Max: 256K regular, 182M humongous, Frag: 51% external, 0% internal; Reserve: 26368K, Max: 256K
[372.494s][info][gc,start       ] GC(210) Concurrent class unloading
[372.494s][info][gc,task        ] GC(210) Using 3 of 6 workers for concurrent class unloading
[372.495s][info][gc             ] GC(210) Concurrent class unloading 0.238ms
[372.495s][info][gc,start       ] GC(210) Pause Final Roots
[372.495s][info][gc             ] GC(210) Pause Final Roots 0.015ms
[372.495s][info][gc,ergo        ] Free: 367M, Max: 256K regular, 182M humongous, Frag: 51% external, 0% internal; Reserve: 26368K, Max: 256K
[372.495s][info][gc,stats       ] 
[372.495s][info][gc,stats       ] All times are wall-clock times, except per-root-class counters, that are sum over
[372.495s][info][gc,stats       ] all workers. Dividing the <total> over the root stage time estimates parallelism.
[372.495s][info][gc,stats       ] 
[372.495s][info][gc,stats       ] Concurrent Reset                    195 us
[372.495s][info][gc,stats       ] Pause Init Mark (G)                 140 us
[372.495s][info][gc,stats       ] Pause Init Mark (N)                 108 us
[372.495s][info][gc,stats       ]   Update Region States               54 us
[372.495s][info][gc,stats       ] Concurrent Mark Roots               242 us, parallelism: 1.32x
[372.495s][info][gc,stats       ]   CMR: <total>                      319 us
[372.495s][info][gc,stats       ]   CMR: Thread Roots                 286 us, workers (us):  64, 187,  34, ---, ---, ---, 
[372.495s][info][gc,stats       ]   CMR: VM Strong Roots                4 us, workers (us):   2,   1,   1, ---, ---, ---, 
[372.495s][info][gc,stats       ]   CMR: CLDG Roots                    29 us, workers (us): ---, ---,  29, ---, ---, ---, 
[372.495s][info][gc,stats       ] Concurrent Marking                  678 us
[372.495s][info][gc,stats       ] Pause Final Mark (G)                267 us
[372.495s][info][gc,stats       ] Pause Final Mark (N)                207 us
[372.495s][info][gc,stats       ]   Finish Mark                        75 us
[372.495s][info][gc,stats       ]   Update Region States               57 us
[372.495s][info][gc,stats       ]   Choose Collection Set              31 us
[372.495s][info][gc,stats       ]   Rebuild Free Set                    8 us
[372.495s][info][gc,stats       ] Concurrent Weak References          114 us, parallelism: 0.03x
[372.495s][info][gc,stats       ]   CWRF: <total>                       4 us
[372.495s][info][gc,stats       ]   CWRF: Weak References               4 us, workers (us):   3,   0,   0, ---, ---, ---, 
[372.495s][info][gc,stats       ] Concurrent Weak Roots               126 us
[372.495s][info][gc,stats       ]   Roots                              72 us, parallelism: 1.24x
[372.495s][info][gc,stats       ]     CWR: <total>                     89 us
[372.495s][info][gc,stats       ]     CWR: Code Cache Roots            47 us, workers (us):  15,  32,   0, ---, ---, ---, 
[372.495s][info][gc,stats       ]     CWR: VM Weak Roots               41 us, workers (us):  21,  20,   0, ---, ---, ---, 
[372.495s][info][gc,stats       ]     CWR: CLDG Roots                   1 us, workers (us):   1, ---, ---, ---, ---, ---, 
[372.495s][info][gc,stats       ]   Rendezvous                         22 us
[372.495s][info][gc,stats       ] Concurrent Cleanup                   64 us
[372.495s][info][gc,stats       ] Concurrent Class Unloading          259 us
[372.495s][info][gc,stats       ]   Unlink Stale                      152 us
[372.495s][info][gc,stats       ]     System Dictionary                 1 us
[372.495s][info][gc,stats       ]     Weak Class Links                  0 us
[372.495s][info][gc,stats       ]     Code Roots                      150 us
[372.495s][info][gc,stats       ]   Rendezvous                         20 us
[372.495s][info][gc,stats       ]   Purge Unlinked                     49 us
[372.495s][info][gc,stats       ]     Code Roots                       47 us
[372.495s][info][gc,stats       ]     CLDG                              2 us
[372.495s][info][gc,stats       ] Pause Final Roots (G)                44 us
[372.495s][info][gc,stats       ] Pause Final Roots (N)                23 us
[372.495s][info][gc,stats       ] Pacing                            73773 us
[372.495s][info][gc,stats       ] 
[372.495s][info][gc,stats       ] Allocation pacing accrued:
[372.495s][info][gc,stats       ]      74 of  1605 ms (  4.6%): main
[372.495s][info][gc,stats       ]      74 of  1605 ms (  4.6%): <total>
[372.495s][info][gc,stats       ]       6 of  1605 ms (  0.4%): <average total>
[372.495s][info][gc,stats       ]      74 of  1605 ms (  4.6%): <average non-zero>
[372.495s][info][gc,stats       ] 
[372.495s][info][gc,metaspace   ] Metaspace: 1071K(1280K)->1071K(1280K) NonClass: 990K(1088K)->990K(1088K) Class: 81K(192K)->81K(192K)
[372.495s][info][gc,ergo        ] Pacer for Idle. Initial: 10485K, Alloc Tax Rate: 1.0x
[375.365s][info][gc             ] Failed to allocate Shared, 100M
[375.365s][info][gc             ] Cancelling GC: Allocation Failure
[375.380s][info][gc             ] Trigger: Handle Allocation Failure
[375.380s][info][gc,ergo        ] Free: 189M, Max: 256K regular, 100096K humongous, Frag: 49% external, 0% internal; Reserve: 26368K, Max: 256K
[375.381s][info][gc,start       ] GC(211) Pause Degenerated GC (Outside of Cycle)
[375.381s][info][gc,task        ] GC(211) Using 6 of 6 workers for stw degenerated gc
[375.381s][info][gc,ref         ] GC(211) Clearing All SoftReferences
[375.381s][info][gc,ref         ] GC(211) Encountered references: Soft: 45, Weak: 116, Final: 0, Phantom: 7
[375.381s][info][gc,ref         ] GC(211) Discovered  references: Soft: 19, Weak: 95, Final: 0, Phantom: 5
[375.381s][info][gc,ref         ] GC(211) Enqueued    references: Soft: 0, Weak: 0, Final: 0, Phantom: 0
[375.382s][info][gc,ergo        ] GC(211) Collectable Garbage: 213M (99%), Immediate: 213M (99%), CSet: 0B (0%)
[375.382s][info][gc,ergo        ] GC(211) Good progress for free space: 408M, need 5242K
[375.382s][info][gc,ergo        ] GC(211) Good progress for used space: 213M, need 256K
[375.382s][info][gc             ] GC(211) Pause Degenerated GC (Outside of Cycle) 290M->77M(512M) 1.252ms
[375.382s][info][gc,ergo        ] Free: 408M, Max: 256K regular, 297M humongous, Frag: 28% external, 0% internal; Reserve: 26368K, Max: 256K
[375.382s][info][gc,stats       ] 
[375.382s][info][gc,stats       ] All times are wall-clock times, except per-root-class counters, that are sum over
[375.382s][info][gc,stats       ] all workers. Dividing the <total> over the root stage time estimates parallelism.
[375.382s][info][gc,stats       ] 
[375.382s][info][gc,stats       ] Pause Degenerated GC (G)           1301 us
[375.382s][info][gc,stats       ] Pause Degenerated GC (N)           1262 us
[375.382s][info][gc,stats       ]   Degen STW Mark                    510 us, parallelism: 5.04x
[375.382s][info][gc,stats       ]     DSM: <total>                   2572 us
[375.382s][info][gc,stats       ]     DSM: Thread Roots                38 us, workers (us):  23,  13,   0,   0,   0,   0, 
[375.382s][info][gc,stats       ]     DSM: VM Strong Roots              3 us, workers (us):   3,   0,   0,   0,   0,   0, 
[375.382s][info][gc,stats       ]     DSM: CLDG Roots                  29 us, workers (us):   0,  27,   0,   0,   0,   0, 
[375.382s][info][gc,stats       ]     DSM: Parallel Mark             2502 us, workers (us): 429, 416, 414, 415, 414, 414, 
[375.382s][info][gc,stats       ]     System Purge                    213 us
[375.382s][info][gc,stats       ]       Weak References                61 us, parallelism: 0.10x
[375.382s][info][gc,stats       ]         WRP: <total>                  6 us
[375.382s][info][gc,stats       ]         WRP: Weak References          6 us, workers (us):   5,   0,   0,   0,   0,   0, 
[375.382s][info][gc,stats       ]       Unload Classes                 95 us, parallelism: 3.53x
[375.382s][info][gc,stats       ]         DCU: <total>                337 us
[375.382s][info][gc,stats       ]         DCU: Unload Code Caches      337 us, workers (us):  78,  59,  50,  49,  62,  38, 
[375.382s][info][gc,stats       ]       Weak Roots                     55 us, parallelism: 1.13x
[375.382s][info][gc,stats       ]         DWR: <total>                 62 us
[375.382s][info][gc,stats       ]         DWR: VM Weak Roots           62 us, workers (us):  14,  14,  12,  11,  11,   1, 
[375.382s][info][gc,stats       ]       CLDG                            0 us
[375.382s][info][gc,stats       ]   Update Region States               75 us
[375.382s][info][gc,stats       ]   Manage GC/TLABs                     3 us
[375.382s][info][gc,stats       ]   Choose Collection Set              41 us
[375.382s][info][gc,stats       ]   Rebuild Free Set                    9 us
[375.382s][info][gc,stats       ]   Cleanup                             7 us
[375.382s][info][gc,stats       ] Pacing                            46517 us
[375.382s][info][gc,stats       ] 
[375.382s][info][gc,stats       ] Allocation pacing accrued:
[375.382s][info][gc,stats       ]      47 of  2887 ms (  1.6%): main
[375.382s][info][gc,stats       ]      47 of  2887 ms (  1.6%): <total>
[375.382s][info][gc,stats       ]       4 of  2887 ms (  0.1%): <average total>
[375.382s][info][gc,stats       ]      47 of  2887 ms (  1.6%): <average non-zero>
[375.382s][info][gc,stats       ] 
[375.382s][info][gc,metaspace   ] Metaspace: 1071K(1280K)->1071K(1280K) NonClass: 990K(1088K)->990K(1088K) Class: 81K(192K)->81K(192K)
[375.382s][info][gc,ergo        ] Pacer for Idle. Initial: 10485K, Alloc Tax Rate: 1.0x
[376.706s][info][gc             ] Trigger: Average GC time (3.25 ms) is above the time for average allocation rate (143 MB/s) to deplete free headroom (0B) (margin of error = 3.29)
[376.706s][info][gc,ergo        ] Free headroom: 182M (free) - 26214K (spike) - 184M (penalties) = 0B
[376.706s][info][gc,ergo        ] Free: 182M, Max: 256K regular, 146M humongous, Frag: 20% external, 0% internal; Reserve: 26368K, Max: 256K
[376.706s][info][gc,start       ] GC(212) Concurrent reset
[376.706s][info][gc,task        ] GC(212) Using 3 of 6 workers for concurrent reset
[376.706s][info][gc,ergo        ] GC(212) Pacer for Reset. Non-Taxable: 512M
[376.707s][info][gc             ] GC(212) Concurrent reset 0.403ms
[376.707s][info][gc,start       ] GC(212) Pause Init Mark (unload classes)
[376.707s][info][gc,task        ] GC(212) Using 6 of 6 workers for init marking
[376.707s][info][gc,ergo        ] GC(212) Pacer for Mark. Expected Live: 162M, Free: 182M, Non-Taxable: 18714K, Alloc Tax Rate: 1.1x
[376.707s][info][gc             ] GC(212) Pause Init Mark (unload classes) 0.191ms
[376.707s][info][gc,start       ] GC(212) Concurrent marking roots
[376.707s][info][gc,task        ] GC(212) Using 3 of 6 workers for concurrent marking roots
[376.708s][info][gc             ] GC(212) Concurrent marking roots 0.365ms
[376.708s][info][gc,start       ] GC(212) Concurrent marking (unload classes)
[376.708s][info][gc,task        ] GC(212) Using 3 of 6 workers for concurrent marking
[376.708s][info][gc             ] GC(212) Concurrent marking (unload classes) 0.783ms
[376.708s][info][gc,start       ] GC(212) Pause Final Mark (unload classes)
[376.708s][info][gc,task        ] GC(212) Using 6 of 6 workers for final marking
[376.709s][info][gc,ergo        ] GC(212) Collectable Garbage: 217M (99%), Immediate: 217M (99%), CSet: 0B (0%)
[376.709s][info][gc             ] GC(212) Pause Final Mark (unload classes) 0.223ms
[376.709s][info][gc,start       ] GC(212) Concurrent weak references
[376.709s][info][gc,task        ] GC(212) Using 3 of 6 workers for concurrent weak references
[376.709s][info][gc,ref         ] GC(212) Encountered references: Soft: 45, Weak: 116, Final: 0, Phantom: 7
[376.709s][info][gc,ref         ] GC(212) Discovered  references: Soft: 0, Weak: 73, Final: 0, Phantom: 5
[376.709s][info][gc,ref         ] GC(212) Enqueued    references: Soft: 0, Weak: 0, Final: 0, Phantom: 0
[376.709s][info][gc             ] GC(212) Concurrent weak references 0.131ms
[376.709s][info][gc,start       ] GC(212) Concurrent weak roots
[376.709s][info][gc,task        ] GC(212) Using 3 of 6 workers for concurrent weak root
[376.709s][info][gc             ] GC(212) Concurrent weak roots 0.186ms
[376.709s][info][gc,start       ] GC(212) Concurrent cleanup
[376.709s][info][gc             ] GC(212) Concurrent cleanup 299M->82M(512M) 0.054ms
[376.709s][info][gc,ergo        ] GC(212) Free: 403M, Max: 256K regular, 150M humongous, Frag: 63% external, 0% internal; Reserve: 26368K, Max: 256K
[376.709s][info][gc,start       ] GC(212) Concurrent class unloading
[376.709s][info][gc,task        ] GC(212) Using 3 of 6 workers for concurrent class unloading
[376.709s][info][gc             ] GC(212) Concurrent class unloading 0.226ms
[376.709s][info][gc,start       ] GC(212) Pause Final Roots
[376.709s][info][gc             ] GC(212) Pause Final Roots 0.018ms
[376.709s][info][gc,ergo        ] Free: 403M, Max: 256K regular, 150M humongous, Frag: 63% external, 0% internal; Reserve: 26368K, Max: 256K
[376.709s][info][gc,stats       ] 
[376.709s][info][gc,stats       ] All times are wall-clock times, except per-root-class counters, that are sum over
[376.709s][info][gc,stats       ] all workers. Dividing the <total> over the root stage time estimates parallelism.
[376.709s][info][gc,stats       ] 
[376.709s][info][gc,stats       ] Concurrent Reset                    422 us
[376.709s][info][gc,stats       ] Pause Init Mark (G)                 326 us
[376.709s][info][gc,stats       ] Pause Init Mark (N)                 200 us
[376.709s][info][gc,stats       ]   Update Region States              141 us
[376.709s][info][gc,stats       ] Concurrent Mark Roots               383 us, parallelism: 0.97x
[376.709s][info][gc,stats       ]   CMR: <total>                      372 us
[376.709s][info][gc,stats       ]   CMR: Thread Roots                 317 us, workers (us):  37,  71, 210, ---, ---, ---, 
[376.709s][info][gc,stats       ]   CMR: VM Strong Roots               25 us, workers (us):  24,   0,   0, ---, ---, ---, 
[376.709s][info][gc,stats       ]   CMR: CLDG Roots                    29 us, workers (us):  29, ---, ---, ---, ---, ---, 
[376.709s][info][gc,stats       ] Concurrent Marking                  802 us
[376.709s][info][gc,stats       ] Pause Final Mark (G)                265 us
[376.709s][info][gc,stats       ] Pause Final Mark (N)                233 us
[376.709s][info][gc,stats       ]   Finish Mark                       101 us
[376.709s][info][gc,stats       ]   Update Region States               50 us
[376.709s][info][gc,stats       ]   Choose Collection Set              34 us
[376.709s][info][gc,stats       ]   Rebuild Free Set                    8 us
[376.709s][info][gc,stats       ] Concurrent Weak References          139 us, parallelism: 0.03x
[376.709s][info][gc,stats       ]   CWRF: <total>                       4 us
[376.710s][info][gc,stats       ]   CWRF: Weak References               4 us, workers (us):   2,   1,   0, ---, ---, ---, 
[376.710s][info][gc,stats       ] Concurrent Weak Roots               204 us
[376.710s][info][gc,stats       ]   Roots                             101 us, parallelism: 0.91x
[376.710s][info][gc,stats       ]     CWR: <total>                     92 us
[376.710s][info][gc,stats       ]     CWR: Code Cache Roots            49 us, workers (us):  16,   0,  32, ---, ---, ---, 
[376.710s][info][gc,stats       ]     CWR: VM Weak Roots               42 us, workers (us):  14,  14,  14, ---, ---, ---, 
[376.710s][info][gc,stats       ]     CWR: CLDG Roots                   1 us, workers (us): ---,   1, ---, ---, ---, ---, 
[376.710s][info][gc,stats       ]   Rendezvous                         68 us
[376.710s][info][gc,stats       ] Concurrent Cleanup                   64 us
[376.710s][info][gc,stats       ] Concurrent Class Unloading          244 us
[376.710s][info][gc,stats       ]   Unlink Stale                      160 us
[376.710s][info][gc,stats       ]     System Dictionary                 1 us
[376.710s][info][gc,stats       ]     Weak Class Links                  0 us
[376.710s][info][gc,stats       ]     Code Roots                      158 us
[376.710s][info][gc,stats       ]   Rendezvous                         26 us
[376.710s][info][gc,stats       ]   Purge Unlinked                     23 us
[376.710s][info][gc,stats       ]     Code Roots                       20 us
[376.710s][info][gc,stats       ]     CLDG                              2 us
[376.710s][info][gc,stats       ]     Exception Caches                  0 us
[376.710s][info][gc,stats       ] Pause Final Roots (G)                43 us
[376.710s][info][gc,stats       ] Pause Final Roots (N)                27 us
[376.710s][info][gc,stats       ] 
[376.710s][info][gc,stats       ] Allocation pacing accrued:
[376.710s][info][gc,stats       ]       0 of  1328 ms (  0.0%): <total>
[376.710s][info][gc,stats       ]       0 of  1328 ms (  0.0%): <average total>
[376.710s][info][gc,stats       ] 
[376.710s][info][gc,metaspace   ] Metaspace: 1071K(1280K)->1071K(1280K) NonClass: 990K(1088K)->990K(1088K) Class: 81K(192K)->81K(192K)
[376.710s][info][gc,ergo        ] Pacer for Idle. Initial: 10485K, Alloc Tax Rate: 1.0x
[378.296s][info][gc             ] Trigger: Average GC time (3.86 ms) is above the time for average allocation rate (241 MB/s) to deplete free headroom (0B) (margin of error = 3.29)
[378.296s][info][gc,ergo        ] Free headroom: 128M (free) - 26214K (spike) - 179M (penalties) = 0B
[378.297s][info][gc,ergo        ] Free: 128M, Max: 256K regular, 47616K humongous, Frag: 64% external, 0% internal; Reserve: 26368K, Max: 256K
[378.297s][info][gc,start       ] GC(213) Concurrent reset
[378.297s][info][gc,task        ] GC(213) Using 3 of 6 workers for concurrent reset
[378.297s][info][gc,ergo        ] GC(213) Pacer for Reset. Non-Taxable: 512M
[378.297s][info][gc             ] GC(213) Concurrent reset 0.163ms
[378.297s][info][gc,start       ] GC(213) Pause Init Mark (unload classes)
[378.297s][info][gc,task        ] GC(213) Using 6 of 6 workers for init marking
[378.297s][info][gc,ergo        ] GC(213) Pacer for Mark. Expected Live: 150M, Free: 128M, Non-Taxable: 13159K, Alloc Tax Rate: 1.4x
[378.297s][info][gc             ] GC(213) Pause Init Mark (unload classes) 0.080ms
[378.297s][info][gc,start       ] GC(213) Concurrent marking roots
[378.297s][info][gc,task        ] GC(213) Using 3 of 6 workers for concurrent marking roots
[378.297s][info][gc             ] GC(213) Concurrent marking roots 0.248ms
[378.297s][info][gc,start       ] GC(213) Concurrent marking (unload classes)
[378.297s][info][gc,task        ] GC(213) Using 3 of 6 workers for concurrent marking
[378.298s][info][gc             ] GC(213) Concurrent marking (unload classes) 0.667ms
[378.298s][info][gc,start       ] GC(213) Pause Final Mark (unload classes)
[378.298s][info][gc,task        ] GC(213) Using 6 of 6 workers for final marking
[378.298s][info][gc,ergo        ] GC(213) Collectable Garbage: 252M (99%), Immediate: 252M (99%), CSet: 0B (0%)
[378.298s][info][gc             ] GC(213) Pause Final Mark (unload classes) 0.136ms
[378.298s][info][gc,start       ] GC(213) Concurrent weak references
[378.298s][info][gc,task        ] GC(213) Using 3 of 6 workers for concurrent weak references
[378.298s][info][gc,ref         ] GC(213) Encountered references: Soft: 45, Weak: 116, Final: 0, Phantom: 7
[378.298s][info][gc,ref         ] GC(213) Discovered  references: Soft: 0, Weak: 84, Final: 0, Phantom: 5
[378.298s][info][gc,ref         ] GC(213) Enqueued    references: Soft: 0, Weak: 0, Final: 0, Phantom: 0
[378.298s][info][gc             ] GC(213) Concurrent weak references 0.082ms
[378.298s][info][gc,start       ] GC(213) Concurrent weak roots
[378.298s][info][gc,task        ] GC(213) Using 3 of 6 workers for concurrent weak root
[378.298s][info][gc             ] GC(213) Concurrent weak roots 0.123ms
[378.298s][info][gc,start       ] GC(213) Concurrent cleanup
[378.298s][info][gc             ] GC(213) Concurrent cleanup 354M->102M(512M) 0.063ms
[378.298s][info][gc,ergo        ] GC(213) Free: 383M, Max: 256K regular, 336M humongous, Frag: 13% external, 0% internal; Reserve: 26368K, Max: 256K
[378.298s][info][gc,start       ] GC(213) Concurrent class unloading
[378.298s][info][gc,task        ] GC(213) Using 3 of 6 workers for concurrent class unloading
[378.299s][info][gc             ] GC(213) Concurrent class unloading 0.226ms
[378.299s][info][gc,start       ] GC(213) Pause Final Roots
[378.299s][info][gc             ] GC(213) Pause Final Roots 0.015ms
[378.299s][info][gc,ergo        ] Free: 383M, Max: 256K regular, 336M humongous, Frag: 13% external, 0% internal; Reserve: 26368K, Max: 256K
[378.299s][info][gc,stats       ] 
[378.299s][info][gc,stats       ] All times are wall-clock times, except per-root-class counters, that are sum over
[378.299s][info][gc,stats       ] all workers. Dividing the <total> over the root stage time estimates parallelism.
[378.299s][info][gc,stats       ] 
[378.299s][info][gc,stats       ] Concurrent Reset                    179 us
[378.299s][info][gc,stats       ] Pause Init Mark (G)                 121 us
[378.299s][info][gc,stats       ] Pause Init Mark (N)                  90 us
[378.299s][info][gc,stats       ]   Update Region States               25 us
[378.299s][info][gc,stats       ] Concurrent Mark Roots               265 us, parallelism: 1.24x
[378.299s][info][gc,stats       ]   CMR: <total>                      329 us
[378.299s][info][gc,stats       ]   CMR: Thread Roots                 294 us, workers (us):  66,  34, 194, ---, ---, ---, 
[378.299s][info][gc,stats       ]   CMR: VM Strong Roots                5 us, workers (us):   2,   1,   2, ---, ---, ---, 
[378.299s][info][gc,stats       ]   CMR: CLDG Roots                    30 us, workers (us): ---,  30, ---, ---, ---, ---, 
[378.299s][info][gc,stats       ] Concurrent Marking                  688 us
[378.299s][info][gc,stats       ] Pause Final Mark (G)                181 us
[378.299s][info][gc,stats       ] Pause Final Mark (N)                146 us
[378.299s][info][gc,stats       ]   Finish Mark                        30 us
[378.299s][info][gc,stats       ]   Update Region States               29 us
[378.299s][info][gc,stats       ]   Choose Collection Set              37 us
[378.299s][info][gc,stats       ]   Rebuild Free Set                    8 us
[378.299s][info][gc,stats       ] Concurrent Weak References           93 us, parallelism: 0.04x
[378.299s][info][gc,stats       ]   CWRF: <total>                       4 us
[378.299s][info][gc,stats       ]   CWRF: Weak References               4 us, workers (us):   3,   0,   0, ---, ---, ---, 
[378.299s][info][gc,stats       ] Concurrent Weak Roots               139 us
[378.299s][info][gc,stats       ]   Roots                              73 us, parallelism: 1.35x
[378.299s][info][gc,stats       ]     CWR: <total>                     99 us
[378.299s][info][gc,stats       ]     CWR: Code Cache Roots            51 us, workers (us):  34,   0,  17, ---, ---, ---, 
[378.299s][info][gc,stats       ]     CWR: VM Weak Roots               47 us, workers (us):  17,  15,  15, ---, ---, ---, 
[378.299s][info][gc,stats       ]     CWR: CLDG Roots                   1 us, workers (us): ---,   1, ---, ---, ---, ---, 
[378.299s][info][gc,stats       ]   Rendezvous                         30 us
[378.299s][info][gc,stats       ] Concurrent Cleanup                   73 us
[378.299s][info][gc,stats       ] Concurrent Class Unloading          240 us
[378.299s][info][gc,stats       ]   Unlink Stale                      157 us
[378.299s][info][gc,stats       ]     System Dictionary                 1 us
[378.299s][info][gc,stats       ]     Weak Class Links                  0 us
[378.299s][info][gc,stats       ]     Code Roots                      156 us
[378.299s][info][gc,stats       ]   Rendezvous                         26 us
[378.299s][info][gc,stats       ]   Purge Unlinked                     25 us
[378.299s][info][gc,stats       ]     Code Roots                       23 us
[378.299s][info][gc,stats       ]     CLDG                              3 us
[378.299s][info][gc,stats       ]     Exception Caches                  0 us
[378.299s][info][gc,stats       ] Pause Final Roots (G)                44 us
[378.299s][info][gc,stats       ] Pause Final Roots (N)                24 us
[378.299s][info][gc,stats       ] Pacing                            58554 us
[378.299s][info][gc,stats       ] 
[378.299s][info][gc,stats       ] Allocation pacing accrued:
[378.299s][info][gc,stats       ]      59 of  1589 ms (  3.7%): main
[378.299s][info][gc,stats       ]      59 of  1589 ms (  3.7%): <total>
[378.299s][info][gc,stats       ]       5 of  1589 ms (  0.3%): <average total>
[378.299s][info][gc,stats       ]      59 of  1589 ms (  3.7%): <average non-zero>
[378.299s][info][gc,stats       ] 
[378.299s][info][gc,metaspace   ] Metaspace: 1071K(1280K)->1071K(1280K) NonClass: 990K(1088K)->990K(1088K) Class: 81K(192K)->81K(192K)
[378.299s][info][gc,ergo        ] Pacer for Idle. Initial: 10485K, Alloc Tax Rate: 1.0x
[379.761s][info][gc             ] Trigger: Average GC time (3.59 ms) is above the time for average allocation rate (294 MB/s) to deplete free headroom (0B) (margin of error = 3.29)
[379.761s][info][gc,ergo        ] Free headroom: 158M (free) - 26214K (spike) - 174M (penalties) = 0B
[379.761s][info][gc,ergo        ] Free: 158M, Max: 256K regular, 111M humongous, Frag: 30% external, 0% internal; Reserve: 26368K, Max: 256K
[379.761s][info][gc,start       ] GC(214) Concurrent reset
[379.761s][info][gc,task        ] GC(214) Using 3 of 6 workers for concurrent reset
[379.761s][info][gc,ergo        ] GC(214) Pacer for Reset. Non-Taxable: 512M
[379.761s][info][gc             ] GC(214) Concurrent reset 0.170ms
[379.761s][info][gc,start       ] GC(214) Pause Init Mark (unload classes)
[379.761s][info][gc,task        ] GC(214) Using 6 of 6 workers for init marking
[379.761s][info][gc,ergo        ] GC(214) Pacer for Mark. Expected Live: 139M, Free: 158M, Non-Taxable: 16205K, Alloc Tax Rate: 1.1x
[379.761s][info][gc             ] GC(214) Pause Init Mark (unload classes) 0.082ms
[379.761s][info][gc,start       ] GC(214) Concurrent marking roots
[379.761s][info][gc,task        ] GC(214) Using 3 of 6 workers for concurrent marking roots
[379.761s][info][gc             ] GC(214) Concurrent marking roots 0.235ms
[379.761s][info][gc,start       ] GC(214) Concurrent marking (unload classes)
[379.761s][info][gc,task        ] GC(214) Using 3 of 6 workers for concurrent marking
[379.762s][info][gc             ] GC(214) Concurrent marking (unload classes) 0.674ms
[379.762s][info][gc,start       ] GC(214) Pause Final Mark (unload classes)
[379.762s][info][gc,task        ] GC(214) Using 6 of 6 workers for final marking
[379.762s][info][gc,ergo        ] GC(214) Collectable Garbage: 117M (99%), Immediate: 117M (99%), CSet: 0B (0%)
[379.762s][info][gc             ] GC(214) Pause Final Mark (unload classes) 0.125ms
[379.762s][info][gc,start       ] GC(214) Concurrent weak references
[379.762s][info][gc,task        ] GC(214) Using 3 of 6 workers for concurrent weak references
[379.762s][info][gc,ref         ] GC(214) Encountered references: Soft: 45, Weak: 116, Final: 0, Phantom: 7
[379.762s][info][gc,ref         ] GC(214) Discovered  references: Soft: 0, Weak: 80, Final: 0, Phantom: 5
[379.762s][info][gc,ref         ] GC(214) Enqueued    references: Soft: 0, Weak: 0, Final: 0, Phantom: 0
[379.762s][info][gc             ] GC(214) Concurrent weak references 0.076ms
[379.762s][info][gc,start       ] GC(214) Concurrent weak roots
[379.762s][info][gc,task        ] GC(214) Using 3 of 6 workers for concurrent weak root
[379.762s][info][gc             ] GC(214) Concurrent weak roots 0.120ms
[379.762s][info][gc,start       ] GC(214) Concurrent cleanup
[379.762s][info][gc             ] GC(214) Concurrent cleanup 324M->207M(512M) 0.034ms
[379.762s][info][gc,ergo        ] GC(214) Free: 278M, Max: 256K regular, 111M humongous, Frag: 60% external, 0% internal; Reserve: 26368K, Max: 256K
[379.762s][info][gc,start       ] GC(214) Concurrent class unloading
[379.763s][info][gc,task        ] GC(214) Using 3 of 6 workers for concurrent class unloading
[379.763s][info][gc             ] GC(214) Concurrent class unloading 0.220ms
[379.763s][info][gc,start       ] GC(214) Pause Final Roots
[379.763s][info][gc             ] GC(214) Pause Final Roots 0.016ms
[379.763s][info][gc,ergo        ] Free: 278M, Max: 256K regular, 111M humongous, Frag: 60% external, 0% internal; Reserve: 26368K, Max: 256K
[379.763s][info][gc,stats       ] 
[379.763s][info][gc,stats       ] All times are wall-clock times, except per-root-class counters, that are sum over
[379.763s][info][gc,stats       ] all workers. Dividing the <total> over the root stage time estimates parallelism.
[379.763s][info][gc,stats       ] 
[379.763s][info][gc,stats       ] Concurrent Reset                    186 us
[379.763s][info][gc,stats       ] Pause Init Mark (G)                 125 us
[379.763s][info][gc,stats       ] Pause Init Mark (N)                  92 us
[379.763s][info][gc,stats       ]   Update Region States               26 us
[379.763s][info][gc,stats       ] Concurrent Mark Roots               249 us, parallelism: 1.29x
[379.763s][info][gc,stats       ]   CMR: <total>                      322 us
[379.763s][info][gc,stats       ]   CMR: Thread Roots                 293 us, workers (us):  35,  67, 191, ---, ---, ---, 
[379.763s][info][gc,stats       ]   CMR: VM Strong Roots                3 us, workers (us):   3,   0,   0, ---, ---, ---, 
[379.763s][info][gc,stats       ]   CMR: CLDG Roots                    26 us, workers (us):  26, ---, ---, ---, ---, ---, 
[379.763s][info][gc,stats       ] Concurrent Marking                  690 us
[379.763s][info][gc,stats       ] Pause Final Mark (G)                170 us
[379.763s][info][gc,stats       ] Pause Final Mark (N)                136 us
[379.763s][info][gc,stats       ]   Finish Mark                        28 us
[379.763s][info][gc,stats       ]   Update Region States               26 us
[379.763s][info][gc,stats       ]   Choose Collection Set              33 us
[379.763s][info][gc,stats       ]   Rebuild Free Set                    8 us
[379.763s][info][gc,stats       ] Concurrent Weak References           84 us, parallelism: 0.06x
[379.763s][info][gc,stats       ]   CWRF: <total>                       5 us
[379.763s][info][gc,stats       ]   CWRF: Weak References               5 us, workers (us):   3,   1,   0, ---, ---, ---, 
[379.763s][info][gc,stats       ] Concurrent Weak Roots               136 us
[379.763s][info][gc,stats       ]   Roots                              71 us, parallelism: 1.34x
[379.763s][info][gc,stats       ]     CWR: <total>                     96 us
[379.763s][info][gc,stats       ]     CWR: Code Cache Roots            53 us, workers (us):  36,  17,   0, ---, ---, ---, 
[379.763s][info][gc,stats       ]     CWR: VM Weak Roots               42 us, workers (us):  15,  14,  13, ---, ---, ---, 
[379.763s][info][gc,stats       ]     CWR: CLDG Roots                   1 us, workers (us): ---, ---,   1, ---, ---, ---, 
[379.763s][info][gc,stats       ]   Rendezvous                         28 us
[379.763s][info][gc,stats       ] Concurrent Cleanup                   44 us
[379.763s][info][gc,stats       ] Concurrent Class Unloading          235 us
[379.763s][info][gc,stats       ]   Unlink Stale                      154 us
[379.763s][info][gc,stats       ]     System Dictionary                 1 us
[379.763s][info][gc,stats       ]     Weak Class Links                  0 us
[379.763s][info][gc,stats       ]     Code Roots                      152 us
[379.763s][info][gc,stats       ]   Rendezvous                         25 us
[379.763s][info][gc,stats       ]   Purge Unlinked                     24 us
[379.763s][info][gc,stats       ]     Code Roots                       22 us
[379.763s][info][gc,stats       ]     CLDG                              2 us
[379.763s][info][gc,stats       ]     Exception Caches                  0 us
[379.763s][info][gc,stats       ] Pause Final Roots (G)                46 us
[379.763s][info][gc,stats       ] Pause Final Roots (N)                24 us
[379.763s][info][gc,stats       ] Pacing                            47539 us
[379.763s][info][gc,stats       ] 
[379.763s][info][gc,stats       ] Allocation pacing accrued:
[379.763s][info][gc,stats       ]      48 of  1464 ms (  3.2%): main
[379.763s][info][gc,stats       ]      48 of  1464 ms (  3.2%): <total>
[379.763s][info][gc,stats       ]       4 of  1464 ms (  0.2%): <average total>
[379.763s][info][gc,stats       ]      48 of  1464 ms (  3.2%): <average non-zero>
[379.763s][info][gc,stats       ] 
[379.763s][info][gc,metaspace   ] Metaspace: 1071K(1280K)->1071K(1280K) NonClass: 990K(1088K)->990K(1088K) Class: 81K(192K)->81K(192K)
[379.763s][info][gc,ergo        ] Pacer for Idle. Initial: 10485K, Alloc Tax Rate: 1.0x
[381.097s][info][gc             ] Trigger: Average GC time (3.21 ms) is above the time for average allocation rate (117 MB/s) to deplete free headroom (0B) (margin of error = 3.29)
[381.098s][info][gc,ergo        ] Free headroom: 153M (free) - 26214K (spike) - 168M (penalties) = 0B
[381.098s][info][gc,ergo        ] Free: 153M, Max: 256K regular, 62720K humongous, Frag: 60% external, 0% internal; Reserve: 26368K, Max: 256K
[381.098s][info][gc,start       ] GC(215) Concurrent reset
[381.098s][info][gc,task        ] GC(215) Using 3 of 6 workers for concurrent reset
[381.098s][info][gc,ergo        ] GC(215) Pacer for Reset. Non-Taxable: 512M
[381.098s][info][gc             ] GC(215) Concurrent reset 0.368ms
[381.098s][info][gc,start       ] GC(215) Pause Init Mark (unload classes)
[381.098s][info][gc,task        ] GC(215) Using 6 of 6 workers for init marking
[381.098s][info][gc,ergo        ] GC(215) Pacer for Mark. Expected Live: 128M, Free: 153M, Non-Taxable: 15668K, Alloc Tax Rate: 1.0x
[381.098s][info][gc             ] GC(215) Pause Init Mark (unload classes) 0.109ms
[381.098s][info][gc,start       ] GC(215) Concurrent marking roots
[381.098s][info][gc,task        ] GC(215) Using 3 of 6 workers for concurrent marking roots
[381.099s][info][gc             ] GC(215) Concurrent marking roots 0.314ms
[381.099s][info][gc,start       ] GC(215) Concurrent marking (unload classes)
[381.099s][info][gc,task        ] GC(215) Using 3 of 6 workers for concurrent marking
[381.099s][info][gc             ] GC(215) Concurrent marking (unload classes) 0.753ms
[381.099s][info][gc,start       ] GC(215) Pause Final Mark (unload classes)
[381.099s][info][gc,task        ] GC(215) Using 6 of 6 workers for final marking
[381.100s][info][gc,ergo        ] GC(215) Collectable Garbage: 166M (99%), Immediate: 166M (99%), CSet: 0B (0%)
[381.100s][info][gc             ] GC(215) Pause Final Mark (unload classes) 0.288ms
[381.100s][info][gc,start       ] GC(215) Concurrent weak references
[381.100s][info][gc,task        ] GC(215) Using 3 of 6 workers for concurrent weak references
[381.100s][info][gc,ref         ] GC(215) Encountered references: Soft: 45, Weak: 116, Final: 0, Phantom: 7
[381.100s][info][gc,ref         ] GC(215) Discovered  references: Soft: 18, Weak: 81, Final: 0, Phantom: 5
[381.100s][info][gc,ref         ] GC(215) Enqueued    references: Soft: 0, Weak: 0, Final: 0, Phantom: 0
[381.100s][info][gc             ] GC(215) Concurrent weak references 0.112ms
[381.100s][info][gc,start       ] GC(215) Concurrent weak roots
[381.100s][info][gc,task        ] GC(215) Using 3 of 6 workers for concurrent weak root
[381.100s][info][gc             ] GC(215) Concurrent weak roots 0.159ms
[381.100s][info][gc,start       ] GC(215) Concurrent cleanup
[381.100s][info][gc             ] GC(215) Concurrent cleanup 329M->163M(512M) 0.040ms
[381.100s][info][gc,ergo        ] GC(215) Free: 321M, Max: 256K regular, 186M humongous, Frag: 43% external, 0% internal; Reserve: 26368K, Max: 256K
[381.100s][info][gc,start       ] GC(215) Concurrent class unloading
[381.100s][info][gc,task        ] GC(215) Using 3 of 6 workers for concurrent class unloading
[381.100s][info][gc             ] GC(215) Concurrent class unloading 0.248ms
[381.100s][info][gc,start       ] GC(215) Pause Final Roots
[381.100s][info][gc             ] GC(215) Pause Final Roots 0.019ms
[381.100s][info][gc,ergo        ] Free: 321M, Max: 256K regular, 186M humongous, Frag: 43% external, 0% internal; Reserve: 26368K, Max: 256K
[381.100s][info][gc,stats       ] 
[381.100s][info][gc,stats       ] All times are wall-clock times, except per-root-class counters, that are sum over
[381.100s][info][gc,stats       ] all workers. Dividing the <total> over the root stage time estimates parallelism.
[381.100s][info][gc,stats       ] 
[381.100s][info][gc,stats       ] Concurrent Reset                    389 us
[381.100s][info][gc,stats       ] Pause Init Mark (G)                 218 us
[381.100s][info][gc,stats       ] Pause Init Mark (N)                 119 us
[381.100s][info][gc,stats       ]   Update Region States               55 us
[381.100s][info][gc,stats       ] Concurrent Mark Roots               332 us, parallelism: 0.99x
[381.100s][info][gc,stats       ]   CMR: <total>                      327 us
[381.100s][info][gc,stats       ]   CMR: Thread Roots                 294 us, workers (us): 188,  65,  41, ---, ---, ---, 
[381.100s][info][gc,stats       ]   CMR: VM Strong Roots                4 us, workers (us):   3,   0,   0, ---, ---, ---, 
[381.101s][info][gc,stats       ]   CMR: CLDG Roots                    29 us, workers (us):  29, ---, ---, ---, ---, ---, 
[381.101s][info][gc,stats       ] Concurrent Marking                  771 us
[381.101s][info][gc,stats       ] Pause Final Mark (G)                386 us
[381.101s][info][gc,stats       ] Pause Final Mark (N)                298 us
[381.101s][info][gc,stats       ]   Finish Mark                       144 us
[381.101s][info][gc,stats       ]   Update Region States               66 us
[381.101s][info][gc,stats       ]   Choose Collection Set              38 us
[381.101s][info][gc,stats       ]   Rebuild Free Set                    9 us
[381.101s][info][gc,stats       ] Concurrent Weak References          120 us, parallelism: 0.03x
[381.101s][info][gc,stats       ]   CWRF: <total>                       4 us
[381.101s][info][gc,stats       ]   CWRF: Weak References               4 us, workers (us):   3,   1,   0, ---, ---, ---, 
[381.101s][info][gc,stats       ] Concurrent Weak Roots               172 us
[381.101s][info][gc,stats       ]   Roots                              79 us, parallelism: 1.18x
[381.101s][info][gc,stats       ]     CWR: <total>                     93 us
[381.101s][info][gc,stats       ]     CWR: Code Cache Roots            50 us, workers (us):  16,  34,   0, ---, ---, ---, 
[381.101s][info][gc,stats       ]     CWR: VM Weak Roots               42 us, workers (us):  22,  20,   0, ---, ---, ---, 
[381.101s][info][gc,stats       ]     CWR: CLDG Roots                   1 us, workers (us):   1, ---, ---, ---, ---, ---, 
[381.101s][info][gc,stats       ]   Rendezvous                         63 us
[381.101s][info][gc,stats       ] Concurrent Cleanup                   53 us
[381.101s][info][gc,stats       ] Concurrent Class Unloading          261 us
[381.101s][info][gc,stats       ]   Unlink Stale                      153 us
[381.101s][info][gc,stats       ]     System Dictionary                 1 us
[381.101s][info][gc,stats       ]     Weak Class Links                  0 us
[381.101s][info][gc,stats       ]     Code Roots                      151 us
[381.101s][info][gc,stats       ]   Rendezvous                         25 us
[381.101s][info][gc,stats       ]   Purge Unlinked                     53 us
[381.101s][info][gc,stats       ]     Code Roots                       50 us
[381.101s][info][gc,stats       ]     CLDG                              3 us
[381.101s][info][gc,stats       ]     Exception Caches                  0 us
[381.101s][info][gc,stats       ] Pause Final Roots (G)                50 us
[381.101s][info][gc,stats       ] Pause Final Roots (N)                28 us
[381.101s][info][gc,stats       ] Pacing                            30911 us
[381.101s][info][gc,stats       ] 
[381.101s][info][gc,stats       ] Allocation pacing accrued:
[381.101s][info][gc,stats       ]      31 of  1338 ms (  2.3%): main
[381.101s][info][gc,stats       ]      31 of  1338 ms (  2.3%): <total>
[381.101s][info][gc,stats       ]       2 of  1338 ms (  0.2%): <average total>
[381.101s][info][gc,stats       ]      31 of  1338 ms (  2.3%): <average non-zero>
[381.101s][info][gc,stats       ] 
[381.101s][info][gc,metaspace   ] Metaspace: 1071K(1280K)->1071K(1280K) NonClass: 990K(1088K)->990K(1088K) Class: 81K(192K)->81K(192K)
[381.101s][info][gc,ergo        ] Pacer for Idle. Initial: 10485K, Alloc Tax Rate: 1.0x
[382.465s][info][gc             ] Trigger: Average GC time (3.74 ms) is above the time for average allocation rate (90731 KB/s) to deplete free headroom (0B) (margin of error = 3.29)
[382.465s][info][gc,ergo        ] Free headroom: 172M (free) - 26214K (spike) - 163M (penalties) = 0B
[382.465s][info][gc,ergo        ] Free: 172M, Max: 256K regular, 62720K humongous, Frag: 65% external, 0% internal; Reserve: 26368K, Max: 256K
[382.465s][info][gc,start       ] GC(216) Concurrent reset
[382.465s][info][gc,task        ] GC(216) Using 3 of 6 workers for concurrent reset
[382.465s][info][gc,ergo        ] GC(216) Pacer for Reset. Non-Taxable: 512M
[382.466s][info][gc             ] GC(216) Concurrent reset 0.246ms
[382.466s][info][gc,start       ] GC(216) Pause Init Mark (unload classes)
[382.466s][info][gc,task        ] GC(216) Using 6 of 6 workers for init marking
[382.466s][info][gc,ergo        ] GC(216) Pacer for Mark. Expected Live: 149M, Free: 172M, Non-Taxable: 17690K, Alloc Tax Rate: 1.1x
[382.466s][info][gc             ] GC(216) Pause Init Mark (unload classes) 0.108ms
[382.466s][info][gc,start       ] GC(216) Concurrent marking roots
[382.466s][info][gc,task        ] GC(216) Using 3 of 6 workers for concurrent marking roots
[382.466s][info][gc             ] GC(216) Concurrent marking roots 0.298ms
[382.466s][info][gc,start       ] GC(216) Concurrent marking (unload classes)
[382.466s][info][gc,task        ] GC(216) Using 3 of 6 workers for concurrent marking
[382.467s][info][gc             ] GC(216) Concurrent marking (unload classes) 0.699ms
[382.467s][info][gc,start       ] GC(216) Pause Final Mark (unload classes)
[382.467s][info][gc,task        ] GC(216) Using 6 of 6 workers for final marking
[382.467s][info][gc,ergo        ] GC(216) Collectable Garbage: 278M (99%), Immediate: 278M (99%), CSet: 0B (0%)
[382.467s][info][gc             ] GC(216) Pause Final Mark (unload classes) 0.141ms
[382.467s][info][gc,start       ] GC(216) Concurrent weak references
[382.467s][info][gc,task        ] GC(216) Using 3 of 6 workers for concurrent weak references
[382.467s][info][gc,ref         ] GC(216) Encountered references: Soft: 45, Weak: 116, Final: 0, Phantom: 7
[382.467s][info][gc,ref         ] GC(216) Discovered  references: Soft: 18, Weak: 83, Final: 0, Phantom: 5
[382.467s][info][gc,ref         ] GC(216) Enqueued    references: Soft: 0, Weak: 0, Final: 0, Phantom: 0
[382.467s][info][gc             ] GC(216) Concurrent weak references 0.140ms
[382.467s][info][gc,start       ] GC(216) Concurrent weak roots
[382.467s][info][gc,task        ] GC(216) Using 3 of 6 workers for concurrent weak root
[382.468s][info][gc             ] GC(216) Concurrent weak roots 0.194ms
[382.468s][info][gc,start       ] GC(216) Concurrent cleanup
[382.468s][info][gc             ] GC(216) Concurrent cleanup 310M->32M(512M) 0.065ms
[382.468s][info][gc,ergo        ] GC(216) Free: 453M, Max: 256K regular, 313M humongous, Frag: 31% external, 0% internal; Reserve: 26368K, Max: 256K
[382.468s][info][gc,start       ] GC(216) Concurrent class unloading
[382.468s][info][gc,task        ] GC(216) Using 3 of 6 workers for concurrent class unloading
[382.468s][info][gc             ] GC(216) Concurrent class unloading 0.356ms
[382.468s][info][gc,start       ] GC(216) Pause Final Roots
[382.468s][info][gc             ] GC(216) Pause Final Roots 0.016ms
[382.468s][info][gc,ergo        ] Free: 453M, Max: 256K regular, 313M humongous, Frag: 31% external, 0% internal; Reserve: 26368K, Max: 256K
[382.468s][info][gc,stats       ] 
[382.468s][info][gc,stats       ] All times are wall-clock times, except per-root-class counters, that are sum over
[382.468s][info][gc,stats       ] all workers. Dividing the <total> over the root stage time estimates parallelism.
[382.468s][info][gc,stats       ] 
[382.468s][info][gc,stats       ] Concurrent Reset                    266 us
[382.468s][info][gc,stats       ] Pause Init Mark (G)                 180 us
[382.468s][info][gc,stats       ] Pause Init Mark (N)                 116 us
[382.468s][info][gc,stats       ]   Update Region States               58 us
[382.468s][info][gc,stats       ] Concurrent Mark Roots               317 us, parallelism: 1.03x
[382.468s][info][gc,stats       ]   CMR: <total>                      327 us
[382.468s][info][gc,stats       ]   CMR: Thread Roots                 295 us, workers (us):  35,  81, 179, ---, ---, ---, 
[382.468s][info][gc,stats       ]   CMR: VM Strong Roots                3 us, workers (us):   3,   0,   0, ---, ---, ---, 
[382.468s][info][gc,stats       ]   CMR: CLDG Roots                    28 us, workers (us):  28, ---, ---, ---, ---, ---, 
[382.468s][info][gc,stats       ] Concurrent Marking                  717 us
[382.468s][info][gc,stats       ] Pause Final Mark (G)                250 us
[382.468s][info][gc,stats       ] Pause Final Mark (N)                151 us
[382.468s][info][gc,stats       ]   Finish Mark                        34 us
[382.468s][info][gc,stats       ]   Update Region States               34 us
[382.468s][info][gc,stats       ]   Choose Collection Set              34 us
[382.468s][info][gc,stats       ]   Rebuild Free Set                    9 us
[382.468s][info][gc,stats       ] Concurrent Weak References          148 us, parallelism: 0.03x
[382.468s][info][gc,stats       ]   CWRF: <total>                       4 us
[382.468s][info][gc,stats       ]   CWRF: Weak References               4 us, workers (us):   4,   0,   0, ---, ---, ---, 
[382.468s][info][gc,stats       ] Concurrent Weak Roots               212 us
[382.468s][info][gc,stats       ]   Roots                             114 us, parallelism: 0.86x
[382.468s][info][gc,stats       ]     CWR: <total>                     98 us
[382.468s][info][gc,stats       ]     CWR: Code Cache Roots            55 us, workers (us):  19,  36,   0, ---, ---, ---, 
[382.468s][info][gc,stats       ]     CWR: VM Weak Roots               42 us, workers (us):  22,  19,   0, ---, ---, ---, 
[382.468s][info][gc,stats       ]     CWR: CLDG Roots                   1 us, workers (us):   1, ---, ---, ---, ---, ---, 
[382.468s][info][gc,stats       ]   Rendezvous                         63 us
[382.468s][info][gc,stats       ] Concurrent Cleanup                   75 us
[382.468s][info][gc,stats       ] Concurrent Class Unloading          374 us
[382.468s][info][gc,stats       ]   Unlink Stale                      204 us
[382.468s][info][gc,stats       ]     System Dictionary                 1 us
[382.468s][info][gc,stats       ]     Weak Class Links                  0 us
[382.468s][info][gc,stats       ]     Code Roots                      202 us
[382.468s][info][gc,stats       ]   Rendezvous                         64 us
[382.468s][info][gc,stats       ]   Purge Unlinked                     68 us
[382.468s][info][gc,stats       ]     Code Roots                       63 us
[382.468s][info][gc,stats       ]     CLDG                              4 us
[382.468s][info][gc,stats       ]     Exception Caches                  0 us
[382.468s][info][gc,stats       ] Pause Final Roots (G)                81 us
[382.468s][info][gc,stats       ] Pause Final Roots (N)                24 us
[382.468s][info][gc,stats       ] Pacing                            42775 us
[382.469s][info][gc,stats       ] 
[382.469s][info][gc,stats       ] Allocation pacing accrued:
[382.469s][info][gc,stats       ]      43 of  1368 ms (  3.1%): main
[382.469s][info][gc,stats       ]      43 of  1368 ms (  3.1%): <total>
[382.469s][info][gc,stats       ]       3 of  1368 ms (  0.2%): <average total>
[382.469s][info][gc,stats       ]      43 of  1368 ms (  3.1%): <average non-zero>
[382.469s][info][gc,stats       ] 
[382.469s][info][gc,metaspace   ] Metaspace: 1071K(1280K)->1071K(1280K) NonClass: 990K(1088K)->990K(1088K) Class: 81K(192K)->81K(192K)
[382.469s][info][gc,ergo        ] Pacer for Idle. Initial: 10485K, Alloc Tax Rate: 1.0x
[384.071s][info][gc             ] Trigger: Average GC time (3.50 ms) is above the time for average allocation rate (139 MB/s) to deplete free headroom (0B) (margin of error = 3.28)
[384.071s][info][gc,ergo        ] Free headroom: 177M (free) - 26214K (spike) - 158M (penalties) = 0B
[384.071s][info][gc,ergo        ] Free: 177M, Max: 256K regular, 163M humongous, Frag: 9% external, 0% internal; Reserve: 26368K, Max: 256K
[384.071s][info][gc,start       ] GC(217) Concurrent reset
[384.071s][info][gc,task        ] GC(217) Using 3 of 6 workers for concurrent reset
[384.071s][info][gc,ergo        ] GC(217) Pacer for Reset. Non-Taxable: 512M
[384.071s][info][gc             ] GC(217) Concurrent reset 0.272ms
[384.071s][info][gc,start       ] GC(217) Pause Init Mark (unload classes)
[384.071s][info][gc,task        ] GC(217) Using 6 of 6 workers for init marking
[384.072s][info][gc,ergo        ] GC(217) Pacer for Mark. Expected Live: 116M, Free: 177M, Non-Taxable: 18202K, Alloc Tax Rate: 0.8x
[384.072s][info][gc             ] GC(217) Pause Init Mark (unload classes) 0.146ms
[384.072s][info][gc,start       ] GC(217) Concurrent marking roots
[384.072s][info][gc,task        ] GC(217) Using 3 of 6 workers for concurrent marking roots
[384.072s][info][gc             ] GC(217) Concurrent marking roots 0.321ms
[384.072s][info][gc,start       ] GC(217) Concurrent marking (unload classes)
[384.072s][info][gc,task        ] GC(217) Using 3 of 6 workers for concurrent marking
[384.073s][info][gc             ] GC(217) Concurrent marking (unload classes) 0.695ms
[384.073s][info][gc,start       ] GC(217) Pause Final Mark (unload classes)
[384.073s][info][gc,task        ] GC(217) Using 6 of 6 workers for final marking
[384.073s][info][gc,ergo        ] GC(217) Collectable Garbage: 227M (99%), Immediate: 227M (99%), CSet: 0B (0%)
[384.073s][info][gc             ] GC(217) Pause Final Mark (unload classes) 0.353ms
[384.073s][info][gc,start       ] GC(217) Concurrent weak references
[384.073s][info][gc,task        ] GC(217) Using 3 of 6 workers for concurrent weak references
[384.073s][info][gc,ref         ] GC(217) Encountered references: Soft: 45, Weak: 116, Final: 0, Phantom: 7
[384.073s][info][gc,ref         ] GC(217) Discovered  references: Soft: 0, Weak: 71, Final: 0, Phantom: 5
[384.073s][info][gc,ref         ] GC(217) Enqueued    references: Soft: 0, Weak: 0, Final: 0, Phantom: 0
[384.073s][info][gc             ] GC(217) Concurrent weak references 0.109ms
[384.073s][info][gc,start       ] GC(217) Concurrent weak roots
[384.073s][info][gc,task        ] GC(217) Using 3 of 6 workers for concurrent weak root
[384.074s][info][gc             ] GC(217) Concurrent weak roots 0.182ms
[384.074s][info][gc,start       ] GC(217) Concurrent cleanup
[384.074s][info][gc             ] GC(217) Concurrent cleanup 304M->77M(512M) 0.049ms
[384.074s][info][gc,ergo        ] GC(217) Free: 408M, Max: 256K regular, 163M humongous, Frag: 61% external, 0% internal; Reserve: 26368K, Max: 256K
[384.074s][info][gc,start       ] GC(217) Concurrent class unloading
[384.074s][info][gc,task        ] GC(217) Using 3 of 6 workers for concurrent class unloading
[384.074s][info][gc             ] GC(217) Concurrent class unloading 0.219ms
[384.074s][info][gc,start       ] GC(217) Pause Final Roots
[384.074s][info][gc             ] GC(217) Pause Final Roots 0.018ms
[384.074s][info][gc,ergo        ] Free: 408M, Max: 256K regular, 163M humongous, Frag: 61% external, 0% internal; Reserve: 26368K, Max: 256K
[384.074s][info][gc,stats       ] 
[384.074s][info][gc,stats       ] All times are wall-clock times, except per-root-class counters, that are sum over
[384.074s][info][gc,stats       ] all workers. Dividing the <total> over the root stage time estimates parallelism.
[384.074s][info][gc,stats       ] 
[384.074s][info][gc,stats       ] Concurrent Reset                    291 us
[384.074s][info][gc,stats       ] Pause Init Mark (G)                 251 us
[384.074s][info][gc,stats       ] Pause Init Mark (N)                 155 us
[384.074s][info][gc,stats       ]   Update Region States               93 us
[384.074s][info][gc,stats       ] Concurrent Mark Roots               339 us, parallelism: 1.01x
[384.074s][info][gc,stats       ]   CMR: <total>                      343 us
[384.074s][info][gc,stats       ]   CMR: Thread Roots                 311 us, workers (us): 202,  73,  36, ---, ---, ---, 
[384.074s][info][gc,stats       ]   CMR: VM Strong Roots                4 us, workers (us):   3,   0,   0, ---, ---, ---, 
[384.074s][info][gc,stats       ]   CMR: CLDG Roots                    29 us, workers (us):  29, ---, ---, ---, ---, ---, 
[384.074s][info][gc,stats       ] Concurrent Marking                  713 us
[384.074s][info][gc,stats       ] Pause Final Mark (G)                504 us
[384.074s][info][gc,stats       ] Pause Final Mark (N)                364 us
[384.074s][info][gc,stats       ]   Finish Mark                       166 us
[384.074s][info][gc,stats       ]   Update Region States               98 us
[384.074s][info][gc,stats       ]   Choose Collection Set              49 us
[384.074s][info][gc,stats       ]   Rebuild Free Set                    9 us
[384.074s][info][gc,stats       ] Concurrent Weak References          117 us, parallelism: 0.03x
[384.074s][info][gc,stats       ]   CWRF: <total>                       4 us
[384.074s][info][gc,stats       ]   CWRF: Weak References               4 us, workers (us):   3,   1,   0, ---, ---, ---, 
[384.074s][info][gc,stats       ] Concurrent Weak Roots               196 us
[384.074s][info][gc,stats       ]   Roots                              96 us, parallelism: 1.03x
[384.074s][info][gc,stats       ]     CWR: <total>                     99 us
[384.074s][info][gc,stats       ]     CWR: Code Cache Roots            50 us, workers (us):  33,  17,   0, ---, ---, ---, 
[384.074s][info][gc,stats       ]     CWR: VM Weak Roots               49 us, workers (us):  45,   2,   2, ---, ---, ---, 
[384.074s][info][gc,stats       ]     CWR: CLDG Roots                   1 us, workers (us): ---, ---,   1, ---, ---, ---, 
[384.074s][info][gc,stats       ]   Rendezvous                         69 us
[384.074s][info][gc,stats       ] Concurrent Cleanup                   59 us
[384.074s][info][gc,stats       ] Concurrent Class Unloading          239 us
[384.074s][info][gc,stats       ]   Unlink Stale                      149 us
[384.074s][info][gc,stats       ]     System Dictionary                 1 us
[384.074s][info][gc,stats       ]     Weak Class Links                  0 us
[384.074s][info][gc,stats       ]     Code Roots                      147 us
[384.074s][info][gc,stats       ]   Rendezvous                         26 us
[384.074s][info][gc,stats       ]   Purge Unlinked                     25 us
[384.074s][info][gc,stats       ]     Code Roots                       22 us
[384.074s][info][gc,stats       ]     CLDG                              3 us
[384.074s][info][gc,stats       ]     Exception Caches                  0 us
[384.074s][info][gc,stats       ] Pause Final Roots (G)                50 us
[384.074s][info][gc,stats       ] Pause Final Roots (N)                28 us
[384.074s][info][gc,stats       ] Pacing                            75013 us
[384.074s][info][gc,stats       ] 
[384.074s][info][gc,stats       ] Allocation pacing accrued:
[384.074s][info][gc,stats       ]      75 of  1606 ms (  4.7%): main
[384.074s][info][gc,stats       ]      75 of  1606 ms (  4.7%): <total>
[384.074s][info][gc,stats       ]       6 of  1606 ms (  0.4%): <average total>
[384.074s][info][gc,stats       ]      75 of  1606 ms (  4.7%): <average non-zero>
[384.074s][info][gc,stats       ] 
[384.074s][info][gc,metaspace   ] Metaspace: 1071K(1280K)->1071K(1280K) NonClass: 990K(1088K)->990K(1088K) Class: 81K(192K)->81K(192K)
[384.074s][info][gc,ergo        ] Pacer for Idle. Initial: 10485K, Alloc Tax Rate: 1.0x
[386.879s][info][gc             ] Trigger: Average GC time (3.44 ms) is above the time for average allocation rate (100072 KB/s) to deplete free headroom (0B) (margin of error = 3.27)
[386.879s][info][gc,ergo        ] Free headroom: 165M (free) - 26214K (spike) - 153M (penalties) = 0B
[386.879s][info][gc,ergo        ] Free: 165M, Max: 256K regular, 142M humongous, Frag: 14% external, 0% internal; Reserve: 26368K, Max: 256K
[386.879s][info][gc,start       ] GC(218) Concurrent reset
[386.879s][info][gc,task        ] GC(218) Using 3 of 6 workers for concurrent reset
[386.879s][info][gc,ergo        ] GC(218) Pacer for Reset. Non-Taxable: 512M
[386.880s][info][gc             ] GC(218) Concurrent reset 0.218ms
[386.880s][info][gc,start       ] GC(218) Pause Init Mark (unload classes)
[386.880s][info][gc,task        ] GC(218) Using 6 of 6 workers for init marking
[386.880s][info][gc,ergo        ] GC(218) Pacer for Mark. Expected Live: 115M, Free: 165M, Non-Taxable: 16973K, Alloc Tax Rate: 0.9x
[386.880s][info][gc             ] GC(218) Pause Init Mark (unload classes) 0.105ms
[386.880s][info][gc,start       ] GC(218) Concurrent marking roots
[386.880s][info][gc,task        ] GC(218) Using 3 of 6 workers for concurrent marking roots
[386.880s][info][gc             ] GC(218) Concurrent marking roots 0.477ms
[386.880s][info][gc,start       ] GC(218) Concurrent marking (unload classes)
[386.880s][info][gc,task        ] GC(218) Using 3 of 6 workers for concurrent marking
[386.881s][info][gc             ] GC(218) Concurrent marking (unload classes) 0.716ms
[386.881s][info][gc,start       ] GC(218) Pause Final Mark (unload classes)
[386.881s][info][gc,task        ] GC(218) Using 6 of 6 workers for final marking
[386.881s][info][gc,ergo        ] GC(218) Collectable Garbage: 287M (99%), Immediate: 287M (99%), CSet: 0B (0%)
[386.881s][info][gc             ] GC(218) Pause Final Mark (unload classes) 0.270ms
[386.881s][info][gc,start       ] GC(218) Concurrent weak references
[386.881s][info][gc,task        ] GC(218) Using 3 of 6 workers for concurrent weak references
[386.881s][info][gc,ref         ] GC(218) Encountered references: Soft: 45, Weak: 116, Final: 0, Phantom: 7
[386.881s][info][gc,ref         ] GC(218) Discovered  references: Soft: 0, Weak: 71, Final: 0, Phantom: 5
[386.881s][info][gc,ref         ] GC(218) Enqueued    references: Soft: 0, Weak: 0, Final: 0, Phantom: 0
[386.882s][info][gc             ] GC(218) Concurrent weak references 0.082ms
[386.882s][info][gc,start       ] GC(218) Concurrent weak roots
[386.882s][info][gc,task        ] GC(218) Using 3 of 6 workers for concurrent weak root
[386.882s][info][gc             ] GC(218) Concurrent weak roots 0.116ms
[386.882s][info][gc,start       ] GC(218) Concurrent cleanup
[386.882s][info][gc             ] GC(218) Concurrent cleanup 314M->27M(512M) 0.060ms
[386.882s][info][gc,ergo        ] GC(218) Free: 458M, Max: 256K regular, 218M humongous, Frag: 53% external, 0% internal; Reserve: 26368K, Max: 256K
[386.882s][info][gc,start       ] GC(218) Concurrent class unloading
[386.882s][info][gc,task        ] GC(218) Using 3 of 6 workers for concurrent class unloading
[386.882s][info][gc             ] GC(218) Concurrent class unloading 0.217ms
[386.882s][info][gc,start       ] GC(218) Pause Final Roots
[386.882s][info][gc             ] GC(218) Pause Final Roots 0.020ms
[386.882s][info][gc,ergo        ] Free: 458M, Max: 256K regular, 218M humongous, Frag: 53% external, 0% internal; Reserve: 26368K, Max: 256K
[386.882s][info][gc,stats       ] 
[386.882s][info][gc,stats       ] All times are wall-clock times, except per-root-class counters, that are sum over
[386.882s][info][gc,stats       ] all workers. Dividing the <total> over the root stage time estimates parallelism.
[386.882s][info][gc,stats       ] 
[386.882s][info][gc,stats       ] Concurrent Reset                    234 us
[386.882s][info][gc,stats       ] Pause Init Mark (G)                 228 us
[386.882s][info][gc,stats       ] Pause Init Mark (N)                 113 us
[386.882s][info][gc,stats       ]   Update Region States               56 us
[386.882s][info][gc,stats       ] Concurrent Mark Roots               495 us, parallelism: 1.34x
[386.882s][info][gc,stats       ]   CMR: <total>                      664 us
[386.882s][info][gc,stats       ]   CMR: Thread Roots                 623 us, workers (us): 379, 209,  35, ---, ---, ---, 
[386.882s][info][gc,stats       ]   CMR: VM Strong Roots               11 us, workers (us):  10,   0,   0, ---, ---, ---, 
[386.882s][info][gc,stats       ]   CMR: CLDG Roots                    29 us, workers (us):  29, ---, ---, ---, ---, ---, 
[386.882s][info][gc,stats       ] Concurrent Marking                  733 us
[386.882s][info][gc,stats       ] Pause Final Mark (G)                316 us
[386.882s][info][gc,stats       ] Pause Final Mark (N)                280 us
[386.882s][info][gc,stats       ]   Finish Mark                       125 us
[386.882s][info][gc,stats       ]   Update Region States               64 us
[386.882s][info][gc,stats       ]   Choose Collection Set              36 us
[386.882s][info][gc,stats       ]   Rebuild Free Set                    8 us
[386.882s][info][gc,stats       ] Concurrent Weak References           90 us, parallelism: 0.06x
[386.882s][info][gc,stats       ]   CWRF: <total>                       5 us
[386.882s][info][gc,stats       ]   CWRF: Weak References               5 us, workers (us):   1,   4,   0, ---, ---, ---, 
[386.882s][info][gc,stats       ] Concurrent Weak Roots               130 us
[386.882s][info][gc,stats       ]   Roots                              73 us, parallelism: 1.29x
[386.882s][info][gc,stats       ]     CWR: <total>                     94 us
[386.882s][info][gc,stats       ]     CWR: Code Cache Roots            50 us, workers (us):   0,  35,  15, ---, ---, ---, 
[386.882s][info][gc,stats       ]     CWR: VM Weak Roots               43 us, workers (us):  17,  15,  11, ---, ---, ---, 
[386.882s][info][gc,stats       ]     CWR: CLDG Roots                   1 us, workers (us):   1, ---, ---, ---, ---, ---, 
[386.882s][info][gc,stats       ]   Rendezvous                         26 us
[386.882s][info][gc,stats       ] Concurrent Cleanup                   70 us
[386.882s][info][gc,stats       ] Concurrent Class Unloading          230 us
[386.882s][info][gc,stats       ]   Unlink Stale                      152 us
[386.882s][info][gc,stats       ]     System Dictionary                 1 us
[386.882s][info][gc,stats       ]     Weak Class Links                  0 us
[386.882s][info][gc,stats       ]     Code Roots                      151 us
[386.882s][info][gc,stats       ]   Rendezvous                         24 us
[386.882s][info][gc,stats       ]   Purge Unlinked                     23 us
[386.882s][info][gc,stats       ]     Code Roots                       20 us
[386.882s][info][gc,stats       ]     CLDG                              2 us
[386.882s][info][gc,stats       ]     Exception Caches                  0 us
[386.882s][info][gc,stats       ] Pause Final Roots (G)                51 us
[386.882s][info][gc,stats       ] Pause Final Roots (N)                31 us
[386.882s][info][gc,stats       ] Pacing                            58175 us
[386.882s][info][gc,stats       ] 
[386.882s][info][gc,stats       ] Allocation pacing accrued:
[386.882s][info][gc,stats       ]      58 of  2808 ms (  2.1%): main
[386.882s][info][gc,stats       ]      58 of  2808 ms (  2.1%): <total>
[386.882s][info][gc,stats       ]       4 of  2808 ms (  0.2%): <average total>
[386.882s][info][gc,stats       ]      58 of  2808 ms (  2.1%): <average non-zero>
[386.882s][info][gc,stats       ] 
[386.882s][info][gc,metaspace   ] Metaspace: 1071K(1280K)->1071K(1280K) NonClass: 990K(1088K)->990K(1088K) Class: 81K(192K)->81K(192K)
[386.882s][info][gc,ergo        ] Pacer for Idle. Initial: 10485K, Alloc Tax Rate: 1.0x
[388.609s][info][gc             ] Trigger: Average GC time (3.19 ms) is above the time for average allocation rate (302 MB/s) to deplete free headroom (0B) (margin of error = 3.26)
[388.609s][info][gc,ergo        ] Free headroom: 84491K (free) - 26214K (spike) - 148M (penalties) = 0B
[388.609s][info][gc,ergo        ] Free: 84491K, Max: 256K regular, 43520K humongous, Frag: 49% external, 0% internal; Reserve: 26368K, Max: 256K
[388.609s][info][gc,start       ] GC(219) Concurrent reset
[388.609s][info][gc,task        ] GC(219) Using 3 of 6 workers for concurrent reset
[388.609s][info][gc,ergo        ] GC(219) Pacer for Reset. Non-Taxable: 512M
[388.609s][info][gc             ] GC(219) Concurrent reset 0.141ms
[388.609s][info][gc,start       ] GC(219) Pause Init Mark (unload classes)
[388.609s][info][gc,task        ] GC(219) Using 6 of 6 workers for init marking
[388.609s][info][gc,ergo        ] GC(219) Pacer for Mark. Expected Live: 100M, Free: 84491K, Non-Taxable: 8449K, Alloc Tax Rate: 1.5x
[388.609s][info][gc             ] GC(219) Pause Init Mark (unload classes) 0.065ms
[388.609s][info][gc,start       ] GC(219) Concurrent marking roots
[388.609s][info][gc,task        ] GC(219) Using 3 of 6 workers for concurrent marking roots
[388.609s][info][gc             ] GC(219) Concurrent marking roots 0.279ms
[388.609s][info][gc,start       ] GC(219) Concurrent marking (unload classes)
[388.609s][info][gc,task        ] GC(219) Using 3 of 6 workers for concurrent marking
[388.610s][info][gc             ] GC(219) Concurrent marking (unload classes) 0.694ms
[388.610s][info][gc,start       ] GC(219) Pause Final Mark (unload classes)
[388.610s][info][gc,task        ] GC(219) Using 6 of 6 workers for final marking
[388.610s][info][gc,ergo        ] GC(219) Collectable Garbage: 237M (99%), Immediate: 237M (99%), CSet: 0B (0%)
[388.610s][info][gc             ] GC(219) Pause Final Mark (unload classes) 0.135ms
[388.610s][info][gc,start       ] GC(219) Concurrent weak references
[388.610s][info][gc,task        ] GC(219) Using 3 of 6 workers for concurrent weak references
[388.610s][info][gc,ref         ] GC(219) Encountered references: Soft: 45, Weak: 116, Final: 0, Phantom: 7
[388.610s][info][gc,ref         ] GC(219) Discovered  references: Soft: 0, Weak: 95, Final: 0, Phantom: 5
[388.610s][info][gc,ref         ] GC(219) Enqueued    references: Soft: 0, Weak: 0, Final: 0, Phantom: 0
[388.610s][info][gc             ] GC(219) Concurrent weak references 0.095ms
[388.610s][info][gc,start       ] GC(219) Concurrent weak roots
[388.610s][info][gc,task        ] GC(219) Using 3 of 6 workers for concurrent weak root
[388.610s][info][gc             ] GC(219) Concurrent weak roots 0.122ms
[388.610s][info][gc,start       ] GC(219) Concurrent cleanup
[388.611s][info][gc             ] GC(219) Concurrent cleanup 399M->162M(512M) 0.056ms
[388.611s][info][gc,ergo        ] GC(219) Free: 323M, Max: 256K regular, 238M humongous, Frag: 27% external, 0% internal; Reserve: 26368K, Max: 256K
[388.611s][info][gc,start       ] GC(219) Concurrent class unloading
[388.611s][info][gc,task        ] GC(219) Using 3 of 6 workers for concurrent class unloading
[388.611s][info][gc             ] GC(219) Concurrent class unloading 0.214ms
[388.611s][info][gc,start       ] GC(219) Pause Final Roots
[388.611s][info][gc             ] GC(219) Pause Final Roots 0.019ms
[388.611s][info][gc,ergo        ] Free: 323M, Max: 256K regular, 238M humongous, Frag: 27% external, 0% internal; Reserve: 26368K, Max: 256K
[388.611s][info][gc,stats       ] 
[388.611s][info][gc,stats       ] All times are wall-clock times, except per-root-class counters, that are sum over
[388.611s][info][gc,stats       ] all workers. Dividing the <total> over the root stage time estimates parallelism.
[388.611s][info][gc,stats       ] 
[388.611s][info][gc,stats       ] Concurrent Reset                    162 us
[388.611s][info][gc,stats       ] Pause Init Mark (G)                 108 us
[388.611s][info][gc,stats       ] Pause Init Mark (N)                  74 us
[388.611s][info][gc,stats       ]   Update Region States               22 us
[388.611s][info][gc,stats       ] Concurrent Mark Roots               296 us, parallelism: 1.25x
[388.611s][info][gc,stats       ]   CMR: <total>                      370 us
[388.611s][info][gc,stats       ]   CMR: Thread Roots                 335 us, workers (us): 228,  35,  71, ---, ---, ---, 
[388.611s][info][gc,stats       ]   CMR: VM Strong Roots                5 us, workers (us):   2,   1,   2, ---, ---, ---, 
[388.611s][info][gc,stats       ]   CMR: CLDG Roots                    30 us, workers (us): ---,  30, ---, ---, ---, ---, 
[388.611s][info][gc,stats       ] Concurrent Marking                  716 us
[388.611s][info][gc,stats       ] Pause Final Mark (G)                184 us
[388.611s][info][gc,stats       ] Pause Final Mark (N)                145 us
[388.611s][info][gc,stats       ]   Finish Mark                        30 us
[388.611s][info][gc,stats       ]   Update Region States               35 us
[388.611s][info][gc,stats       ]   Choose Collection Set              34 us
[388.611s][info][gc,stats       ]   Rebuild Free Set                    8 us
[388.611s][info][gc,stats       ] Concurrent Weak References          104 us, parallelism: 0.05x
[388.611s][info][gc,stats       ]   CWRF: <total>                       6 us
[388.611s][info][gc,stats       ]   CWRF: Weak References               6 us, workers (us):   4,   1,   0, ---, ---, ---, 
[388.611s][info][gc,stats       ] Concurrent Weak Roots               142 us
[388.611s][info][gc,stats       ]   Roots                              79 us, parallelism: 1.29x
[388.611s][info][gc,stats       ]     CWR: <total>                    102 us
[388.611s][info][gc,stats       ]     CWR: Code Cache Roots            59 us, workers (us):   0,  41,  18, ---, ---, ---, 
[388.611s][info][gc,stats       ]     CWR: VM Weak Roots               42 us, workers (us):  14,  14,  14, ---, ---, ---, 
[388.611s][info][gc,stats       ]     CWR: CLDG Roots                   1 us, workers (us):   1, ---, ---, ---, ---, ---, 
[388.611s][info][gc,stats       ]   Rendezvous                         26 us
[388.611s][info][gc,stats       ] Concurrent Cleanup                   66 us
[388.611s][info][gc,stats       ] Concurrent Class Unloading          229 us
[388.611s][info][gc,stats       ]   Unlink Stale                      154 us
[388.611s][info][gc,stats       ]     System Dictionary                 1 us
[388.611s][info][gc,stats       ]     Weak Class Links                  0 us
[388.611s][info][gc,stats       ]     Code Roots                      152 us
[388.611s][info][gc,stats       ]   Rendezvous                         20 us
[388.611s][info][gc,stats       ]   Purge Unlinked                     23 us
[388.611s][info][gc,stats       ]     Code Roots                       20 us
[388.611s][info][gc,stats       ]     CLDG                              3 us
[388.611s][info][gc,stats       ]     Exception Caches                  0 us
[388.611s][info][gc,stats       ] Pause Final Roots (G)                53 us
[388.611s][info][gc,stats       ] Pause Final Roots (N)                29 us
[388.611s][info][gc,stats       ] Pacing                            91874 us
[388.611s][info][gc,stats       ] 
[388.611s][info][gc,stats       ] Allocation pacing accrued:
[388.611s][info][gc,stats       ]      92 of  1729 ms (  5.3%): main
[388.611s][info][gc,stats       ]      92 of  1729 ms (  5.3%): <total>
[388.611s][info][gc,stats       ]       7 of  1729 ms (  0.4%): <average total>
[388.611s][info][gc,stats       ]      92 of  1729 ms (  5.3%): <average non-zero>
[388.611s][info][gc,stats       ] 
[388.611s][info][gc,metaspace   ] Metaspace: 1071K(1280K)->1071K(1280K) NonClass: 990K(1088K)->990K(1088K) Class: 81K(192K)->81K(192K)
[388.611s][info][gc,ergo        ] Pacer for Idle. Initial: 10485K, Alloc Tax Rate: 1.0x
[390.810s][info][gc             ] Trigger: Average GC time (3.35 ms) is above the time for average allocation rate (56685 KB/s) to deplete free headroom (0B) (margin of error = 3.27)
[390.810s][info][gc,ergo        ] Free headroom: 165M (free) - 26214K (spike) - 143M (penalties) = 0B
[390.810s][info][gc,ergo        ] Free: 165M, Max: 256K regular, 117M humongous, Frag: 29% external, 0% internal; Reserve: 26368K, Max: 256K
[390.810s][info][gc,start       ] GC(220) Concurrent reset
[390.810s][info][gc,task        ] GC(220) Using 3 of 6 workers for concurrent reset
[390.810s][info][gc,ergo        ] GC(220) Pacer for Reset. Non-Taxable: 512M
[390.810s][info][gc             ] GC(220) Concurrent reset 0.198ms
[390.810s][info][gc,start       ] GC(220) Pause Init Mark (unload classes)
[390.810s][info][gc,task        ] GC(220) Using 6 of 6 workers for init marking
[390.810s][info][gc,ergo        ] GC(220) Pacer for Mark. Expected Live: 93984K, Free: 165M, Non-Taxable: 16897K, Alloc Tax Rate: 0.7x
[390.810s][info][gc             ] GC(220) Pause Init Mark (unload classes) 0.075ms
[390.810s][info][gc,start       ] GC(220) Concurrent marking roots
[390.810s][info][gc,task        ] GC(220) Using 3 of 6 workers for concurrent marking roots
[390.810s][info][gc             ] GC(220) Concurrent marking roots 0.242ms
[390.810s][info][gc,start       ] GC(220) Concurrent marking (unload classes)
[390.810s][info][gc,task        ] GC(220) Using 3 of 6 workers for concurrent marking
[390.811s][info][gc             ] GC(220) Concurrent marking (unload classes) 0.683ms
[390.811s][info][gc,start       ] GC(220) Pause Final Mark (unload classes)
[390.811s][info][gc,task        ] GC(220) Using 6 of 6 workers for final marking
[390.811s][info][gc,ergo        ] GC(220) Collectable Garbage: 308M (99%), Immediate: 308M (99%), CSet: 0B (0%)
[390.811s][info][gc             ] GC(220) Pause Final Mark (unload classes) 0.134ms
[390.811s][info][gc,start       ] GC(220) Concurrent weak references
[390.811s][info][gc,task        ] GC(220) Using 3 of 6 workers for concurrent weak references
[390.811s][info][gc,ref         ] GC(220) Encountered references: Soft: 45, Weak: 116, Final: 0, Phantom: 7
[390.811s][info][gc,ref         ] GC(220) Discovered  references: Soft: 18, Weak: 83, Final: 0, Phantom: 5
[390.811s][info][gc,ref         ] GC(220) Enqueued    references: Soft: 0, Weak: 0, Final: 0, Phantom: 0
[390.811s][info][gc             ] GC(220) Concurrent weak references 0.071ms
[390.811s][info][gc,start       ] GC(220) Concurrent weak roots
[390.811s][info][gc,task        ] GC(220) Using 3 of 6 workers for concurrent weak root
[390.811s][info][gc             ] GC(220) Concurrent weak roots 0.115ms
[390.811s][info][gc,start       ] GC(220) Concurrent cleanup
[390.811s][info][gc             ] GC(220) Concurrent cleanup 316M->8M(512M) 0.064ms
[390.811s][info][gc,ergo        ] GC(220) Free: 477M, Max: 256K regular, 260M humongous, Frag: 46% external, 0% internal; Reserve: 26368K, Max: 256K
[390.811s][info][gc,start       ] GC(220) Concurrent class unloading
[390.811s][info][gc,task        ] GC(220) Using 3 of 6 workers for concurrent class unloading
[390.812s][info][gc             ] GC(220) Concurrent class unloading 0.225ms
[390.812s][info][gc,start       ] GC(220) Pause Final Roots
[390.812s][info][gc             ] GC(220) Pause Final Roots 0.020ms
[390.812s][info][gc,ergo        ] Free: 477M, Max: 256K regular, 260M humongous, Frag: 46% external, 0% internal; Reserve: 26368K, Max: 256K
[390.812s][info][gc,stats       ] 
[390.812s][info][gc,stats       ] All times are wall-clock times, except per-root-class counters, that are sum over
[390.812s][info][gc,stats       ] all workers. Dividing the <total> over the root stage time estimates parallelism.
[390.812s][info][gc,stats       ] 
[390.812s][info][gc,stats       ] Concurrent Reset                    216 us
[390.812s][info][gc,stats       ] Pause Init Mark (G)                 117 us
[390.812s][info][gc,stats       ] Pause Init Mark (N)                  84 us
[390.812s][info][gc,stats       ]   Update Region States               25 us
[390.812s][info][gc,stats       ] Concurrent Mark Roots               262 us, parallelism: 1.31x
[390.812s][info][gc,stats       ]   CMR: <total>                      344 us
[390.812s][info][gc,stats       ]   CMR: Thread Roots                 308 us, workers (us):  47, 191,  70, ---, ---, ---, 
[390.812s][info][gc,stats       ]   CMR: VM Strong Roots                4 us, workers (us):   2,   1,   1, ---, ---, ---, 
[390.812s][info][gc,stats       ]   CMR: CLDG Roots                    31 us, workers (us):  31, ---, ---, ---, ---, ---, 
[390.812s][info][gc,stats       ] Concurrent Marking                  698 us
[390.812s][info][gc,stats       ] Pause Final Mark (G)                178 us
[390.812s][info][gc,stats       ] Pause Final Mark (N)                143 us
[390.812s][info][gc,stats       ]   Finish Mark                        29 us
[390.812s][info][gc,stats       ]   Update Region States               28 us
[390.812s][info][gc,stats       ]   Choose Collection Set              36 us
[390.812s][info][gc,stats       ]   Rebuild Free Set                    8 us
[390.812s][info][gc,stats       ] Concurrent Weak References           79 us, parallelism: 0.07x
[390.812s][info][gc,stats       ]   CWRF: <total>                       5 us
[390.812s][info][gc,stats       ]   CWRF: Weak References               5 us, workers (us):   3,   2,   0, ---, ---, ---, 
[390.812s][info][gc,stats       ] Concurrent Weak Roots               132 us
[390.812s][info][gc,stats       ]   Roots                              71 us, parallelism: 1.33x
[390.812s][info][gc,stats       ]     CWR: <total>                     95 us
[390.812s][info][gc,stats       ]     CWR: Code Cache Roots            52 us, workers (us):  17,  35,   0, ---, ---, ---, 
[390.812s][info][gc,stats       ]     CWR: VM Weak Roots               42 us, workers (us):  15,  15,  12, ---, ---, ---, 
[390.812s][info][gc,stats       ]     CWR: CLDG Roots                   1 us, workers (us): ---, ---,   1, ---, ---, ---, 
[390.812s][info][gc,stats       ]   Rendezvous                         28 us
[390.812s][info][gc,stats       ] Concurrent Cleanup                   74 us
[390.812s][info][gc,stats       ] Concurrent Class Unloading          239 us
[390.812s][info][gc,stats       ]   Unlink Stale                      157 us
[390.812s][info][gc,stats       ]     System Dictionary                 1 us
[390.812s][info][gc,stats       ]     Weak Class Links                  0 us
[390.812s][info][gc,stats       ]     Code Roots                      155 us
[390.812s][info][gc,stats       ]   Rendezvous                         27 us
[390.812s][info][gc,stats       ]   Purge Unlinked                     24 us
[390.812s][info][gc,stats       ]     Code Roots                       21 us
[390.812s][info][gc,stats       ]     CLDG                              3 us
[390.812s][info][gc,stats       ]     Exception Caches                  0 us
[390.812s][info][gc,stats       ] Pause Final Roots (G)                53 us
[390.812s][info][gc,stats       ] Pause Final Roots (N)                30 us
[390.812s][info][gc,stats       ] Pacing                            14992 us
[390.812s][info][gc,stats       ] 
[390.812s][info][gc,stats       ] Allocation pacing accrued:
[390.812s][info][gc,stats       ]      15 of  2201 ms (  0.7%): main
[390.812s][info][gc,stats       ]      15 of  2201 ms (  0.7%): <total>
[390.812s][info][gc,stats       ]       1 of  2201 ms (  0.1%): <average total>
[390.812s][info][gc,stats       ]      15 of  2201 ms (  0.7%): <average non-zero>
[390.812s][info][gc,stats       ] 
[390.812s][info][gc,metaspace   ] Metaspace: 1071K(1280K)->1071K(1280K) NonClass: 990K(1088K)->990K(1088K) Class: 81K(192K)->81K(192K)
[390.812s][info][gc,ergo        ] Pacer for Idle. Initial: 10485K, Alloc Tax Rate: 1.0x
[392.850s][info][gc             ] Trigger: Average GC time (3.06 ms) is above the time for average allocation rate (143 MB/s) to deplete free headroom (0B) (margin of error = 3.25)
[392.850s][info][gc,ergo        ] Free headroom: 155M (free) - 26214K (spike) - 138M (penalties) = 0B
[392.850s][info][gc,ergo        ] Free: 155M, Max: 256K regular, 109M humongous, Frag: 30% external, 0% internal; Reserve: 26368K, Max: 256K
[392.850s][info][gc,start       ] GC(221) Concurrent reset
[392.850s][info][gc,task        ] GC(221) Using 3 of 6 workers for concurrent reset
[392.850s][info][gc,ergo        ] GC(221) Pacer for Reset. Non-Taxable: 512M
[392.850s][info][gc             ] GC(221) Concurrent reset 0.131ms
[392.850s][info][gc,start       ] GC(221) Pause Init Mark (unload classes)
[392.850s][info][gc,task        ] GC(221) Using 6 of 6 workers for init marking
[392.850s][info][gc,ergo        ] GC(221) Pacer for Mark. Expected Live: 62240K, Free: 155M, Non-Taxable: 15949K, Alloc Tax Rate: 0.5x
[392.850s][info][gc             ] GC(221) Pause Init Mark (unload classes) 0.065ms
[392.850s][info][gc,start       ] GC(221) Concurrent marking roots
[392.850s][info][gc,task        ] GC(221) Using 3 of 6 workers for concurrent marking roots
[392.850s][info][gc             ] GC(221) Concurrent marking roots 0.284ms
[392.850s][info][gc,start       ] GC(221) Concurrent marking (unload classes)
[392.850s][info][gc,task        ] GC(221) Using 3 of 6 workers for concurrent marking
[392.851s][info][gc             ] GC(221) Concurrent marking (unload classes) 0.656ms
[392.851s][info][gc,start       ] GC(221) Pause Final Mark (unload classes)
[392.851s][info][gc,task        ] GC(221) Using 6 of 6 workers for final marking
[392.851s][info][gc,ergo        ] GC(221) Collectable Garbage: 256M (99%), Immediate: 256M (99%), CSet: 0B (0%)
[392.851s][info][gc             ] GC(221) Pause Final Mark (unload classes) 0.127ms
[392.851s][info][gc,start       ] GC(221) Concurrent weak references
[392.851s][info][gc,task        ] GC(221) Using 3 of 6 workers for concurrent weak references
[392.851s][info][gc,ref         ] GC(221) Encountered references: Soft: 45, Weak: 116, Final: 0, Phantom: 7
[392.851s][info][gc,ref         ] GC(221) Discovered  references: Soft: 0, Weak: 95, Final: 0, Phantom: 5
[392.851s][info][gc,ref         ] GC(221) Enqueued    references: Soft: 0, Weak: 0, Final: 0, Phantom: 0
[392.851s][info][gc             ] GC(221) Concurrent weak references 0.084ms
[392.851s][info][gc,start       ] GC(221) Concurrent weak roots
[392.851s][info][gc,task        ] GC(221) Using 3 of 6 workers for concurrent weak root
[392.851s][info][gc             ] GC(221) Concurrent weak roots 0.231ms
[392.851s][info][gc,start       ] GC(221) Concurrent cleanup
[392.852s][info][gc             ] GC(221) Concurrent cleanup 325M->69M(512M) 0.056ms
[392.852s][info][gc,ergo        ] GC(221) Free: 415M, Max: 256K regular, 177M humongous, Frag: 58% external, 0% internal; Reserve: 26368K, Max: 256K
[392.852s][info][gc,start       ] GC(221) Concurrent class unloading
[392.852s][info][gc,task        ] GC(221) Using 3 of 6 workers for concurrent class unloading
[392.852s][info][gc             ] GC(221) Concurrent class unloading 0.216ms
[392.852s][info][gc,start       ] GC(221) Pause Final Roots
[392.852s][info][gc             ] GC(221) Pause Final Roots 0.016ms
[392.852s][info][gc,ergo        ] Free: 415M, Max: 256K regular, 177M humongous, Frag: 58% external, 0% internal; Reserve: 26368K, Max: 256K
[392.852s][info][gc,stats       ] 
[392.852s][info][gc,stats       ] All times are wall-clock times, except per-root-class counters, that are sum over
[392.852s][info][gc,stats       ] all workers. Dividing the <total> over the root stage time estimates parallelism.
[392.852s][info][gc,stats       ] 
[392.852s][info][gc,stats       ] Concurrent Reset                    152 us
[392.852s][info][gc,stats       ] Pause Init Mark (G)                 105 us
[392.852s][info][gc,stats       ] Pause Init Mark (N)                  73 us
[392.852s][info][gc,stats       ]   Update Region States               22 us
[392.852s][info][gc,stats       ] Concurrent Mark Roots               300 us, parallelism: 1.23x
[392.852s][info][gc,stats       ]   CMR: <total>                      370 us
[392.852s][info][gc,stats       ]   CMR: Thread Roots                 337 us, workers (us): 235,  36,  66, ---, ---, ---, 
[392.852s][info][gc,stats       ]   CMR: VM Strong Roots                4 us, workers (us):   2,   1,   1, ---, ---, ---, 
[392.852s][info][gc,stats       ]   CMR: CLDG Roots                    28 us, workers (us): ---,  28, ---, ---, ---, ---, 
[392.852s][info][gc,stats       ] Concurrent Marking                  672 us
[392.852s][info][gc,stats       ] Pause Final Mark (G)                168 us
[392.852s][info][gc,stats       ] Pause Final Mark (N)                136 us
[392.852s][info][gc,stats       ]   Finish Mark                        29 us
[392.852s][info][gc,stats       ]   Update Region States               27 us
[392.852s][info][gc,stats       ]   Choose Collection Set              36 us
[392.852s][info][gc,stats       ]   Rebuild Free Set                    8 us
[392.852s][info][gc,stats       ] Concurrent Weak References           92 us, parallelism: 0.07x
[392.852s][info][gc,stats       ]   CWRF: <total>                       6 us
[392.852s][info][gc,stats       ]   CWRF: Weak References               6 us, workers (us):   5,   1,   0, ---, ---, ---, 
[392.852s][info][gc,stats       ] Concurrent Weak Roots               245 us
[392.852s][info][gc,stats       ]   Roots                              75 us, parallelism: 1.29x
[392.852s][info][gc,stats       ]     CWR: <total>                     96 us
[392.852s][info][gc,stats       ]     CWR: Code Cache Roots            53 us, workers (us):   0,  37,  16, ---, ---, ---, 
[392.852s][info][gc,stats       ]     CWR: VM Weak Roots               43 us, workers (us):  15,  14,  14, ---, ---, ---, 
[392.852s][info][gc,stats       ]     CWR: CLDG Roots                   1 us, workers (us):   1, ---, ---, ---, ---, ---, 
[392.852s][info][gc,stats       ]   Rendezvous                        140 us
[392.852s][info][gc,stats       ] Concurrent Cleanup                   66 us
[392.852s][info][gc,stats       ] Concurrent Class Unloading          227 us
[392.852s][info][gc,stats       ]   Unlink Stale                      155 us
[392.852s][info][gc,stats       ]     System Dictionary                 1 us
[392.852s][info][gc,stats       ]     Weak Class Links                  0 us
[392.852s][info][gc,stats       ]     Code Roots                      154 us
[392.852s][info][gc,stats       ]   Rendezvous                         22 us
[392.852s][info][gc,stats       ]   Purge Unlinked                     22 us
[392.852s][info][gc,stats       ]     Code Roots                       20 us
[392.852s][info][gc,stats       ]     CLDG                              2 us
[392.852s][info][gc,stats       ]     Exception Caches                  0 us
[392.852s][info][gc,stats       ] Pause Final Roots (G)                44 us
[392.852s][info][gc,stats       ] Pause Final Roots (N)                24 us
[392.852s][info][gc,stats       ] Pacing                            77022 us
[392.852s][info][gc,stats       ] 
[392.852s][info][gc,stats       ] Allocation pacing accrued:
[392.852s][info][gc,stats       ]      77 of  2040 ms (  3.8%): main
[392.852s][info][gc,stats       ]      77 of  2040 ms (  3.8%): <total>
[392.852s][info][gc,stats       ]       6 of  2040 ms (  0.3%): <average total>
[392.852s][info][gc,stats       ]      77 of  2040 ms (  3.8%): <average non-zero>
[392.852s][info][gc,stats       ] 
[392.852s][info][gc,metaspace   ] Metaspace: 1071K(1280K)->1071K(1280K) NonClass: 990K(1088K)->990K(1088K) Class: 81K(192K)->81K(192K)
[392.852s][info][gc,ergo        ] Pacer for Idle. Initial: 10485K, Alloc Tax Rate: 1.0x
[394.451s][info][gc             ] Trigger: Average GC time (2.78 ms) is above the time for average allocation rate (304 MB/s) to deplete free headroom (0B) (margin of error = 3.25)
[394.451s][info][gc,ergo        ] Free headroom: 116M (free) - 26214K (spike) - 133M (penalties) = 0B
[394.451s][info][gc,ergo        ] Free: 116M, Max: 256K regular, 79104K humongous, Frag: 34% external, 0% internal; Reserve: 26368K, Max: 256K
[394.451s][info][gc,start       ] GC(222) Concurrent reset
[394.451s][info][gc,task        ] GC(222) Using 3 of 6 workers for concurrent reset
[394.451s][info][gc,ergo        ] GC(222) Pacer for Reset. Non-Taxable: 512M
[394.451s][info][gc             ] GC(222) Concurrent reset 0.303ms
[394.451s][info][gc,start       ] GC(222) Pause Init Mark (unload classes)
[394.451s][info][gc,task        ] GC(222) Using 6 of 6 workers for init marking
[394.451s][info][gc,ergo        ] GC(222) Pacer for Mark. Expected Live: 69817K, Free: 116M, Non-Taxable: 11905K, Alloc Tax Rate: 0.7x
[394.451s][info][gc             ] GC(222) Pause Init Mark (unload classes) 0.163ms
[394.452s][info][gc,start       ] GC(222) Concurrent marking roots
[394.452s][info][gc,task        ] GC(222) Using 3 of 6 workers for concurrent marking roots
[394.452s][info][gc             ] GC(222) Concurrent marking roots 0.340ms
[394.452s][info][gc,start       ] GC(222) Concurrent marking (unload classes)
[394.452s][info][gc,task        ] GC(222) Using 3 of 6 workers for concurrent marking
[394.453s][info][gc             ] GC(222) Concurrent marking (unload classes) 0.803ms
[394.453s][info][gc,start       ] GC(222) Pause Final Mark (unload classes)
[394.453s][info][gc,task        ] GC(222) Using 6 of 6 workers for final marking
[394.453s][info][gc,ergo        ] GC(222) Collectable Garbage: 254M (99%), Immediate: 254M (99%), CSet: 0B (0%)
[394.453s][info][gc             ] GC(222) Pause Final Mark (unload classes) 0.295ms
[394.453s][info][gc,start       ] GC(222) Concurrent weak references
[394.453s][info][gc,task        ] GC(222) Using 3 of 6 workers for concurrent weak references
[394.453s][info][gc,ref         ] GC(222) Encountered references: Soft: 45, Weak: 116, Final: 0, Phantom: 7
[394.453s][info][gc,ref         ] GC(222) Discovered  references: Soft: 0, Weak: 84, Final: 0, Phantom: 5
[394.453s][info][gc,ref         ] GC(222) Enqueued    references: Soft: 0, Weak: 0, Final: 0, Phantom: 0
[394.453s][info][gc             ] GC(222) Concurrent weak references 0.164ms
[394.453s][info][gc,start       ] GC(222) Concurrent weak roots
[394.453s][info][gc,task        ] GC(222) Using 3 of 6 workers for concurrent weak root
[394.454s][info][gc             ] GC(222) Concurrent weak roots 0.200ms
[394.454s][info][gc,start       ] GC(222) Concurrent cleanup
[394.454s][info][gc             ] GC(222) Concurrent cleanup 366M->112M(512M) 0.059ms
[394.454s][info][gc,ergo        ] GC(222) Free: 373M, Max: 256K regular, 340M humongous, Frag: 9% external, 0% internal; Reserve: 26368K, Max: 256K
[394.454s][info][gc,start       ] GC(222) Concurrent class unloading
[394.454s][info][gc,task        ] GC(222) Using 3 of 6 workers for concurrent class unloading
[394.454s][info][gc             ] GC(222) Concurrent class unloading 0.356ms
[394.454s][info][gc,start       ] GC(222) Pause Final Roots
[394.454s][info][gc             ] GC(222) Pause Final Roots 0.018ms
[394.454s][info][gc,ergo        ] Free: 373M, Max: 256K regular, 340M humongous, Frag: 9% external, 0% internal; Reserve: 26368K, Max: 256K
[394.454s][info][gc,stats       ] 
[394.454s][info][gc,stats       ] All times are wall-clock times, except per-root-class counters, that are sum over
[394.454s][info][gc,stats       ] all workers. Dividing the <total> over the root stage time estimates parallelism.
[394.454s][info][gc,stats       ] 
[394.454s][info][gc,stats       ] Concurrent Reset                    322 us
[394.454s][info][gc,stats       ] Pause Init Mark (G)                 285 us
[394.454s][info][gc,stats       ] Pause Init Mark (N)                 172 us
[394.454s][info][gc,stats       ]   Update Region States              111 us
[394.454s][info][gc,stats       ] Concurrent Mark Roots               357 us, parallelism: 0.93x
[394.454s][info][gc,stats       ]   CMR: <total>                      331 us
[394.454s][info][gc,stats       ]   CMR: Thread Roots                 300 us, workers (us):  67, 197,  37, ---, ---, ---, 
[394.454s][info][gc,stats       ]   CMR: VM Strong Roots                3 us, workers (us):   2,   1,   0, ---, ---, ---, 
[394.454s][info][gc,stats       ]   CMR: CLDG Roots                    28 us, workers (us): ---, ---,  28, ---, ---, ---, 
[394.454s][info][gc,stats       ] Concurrent Marking                  821 us
[394.454s][info][gc,stats       ] Pause Final Mark (G)                405 us
[394.454s][info][gc,stats       ] Pause Final Mark (N)                306 us
[394.454s][info][gc,stats       ]   Finish Mark                       159 us
[394.454s][info][gc,stats       ]   Update Region States               59 us
[394.454s][info][gc,stats       ]   Choose Collection Set              40 us
[394.454s][info][gc,stats       ]   Rebuild Free Set                    8 us
[394.454s][info][gc,stats       ] Concurrent Weak References          172 us, parallelism: 0.02x
[394.454s][info][gc,stats       ]   CWRF: <total>                       4 us
[394.454s][info][gc,stats       ]   CWRF: Weak References               4 us, workers (us):   1,   3,   0, ---, ---, ---, 
[394.454s][info][gc,stats       ] Concurrent Weak Roots               218 us
[394.454s][info][gc,stats       ]   Roots                             133 us, parallelism: 0.77x
[394.454s][info][gc,stats       ]     CWR: <total>                    103 us
[394.454s][info][gc,stats       ]     CWR: Code Cache Roots            61 us, workers (us):  44,  17,   0, ---, ---, ---, 
[394.454s][info][gc,stats       ]     CWR: VM Weak Roots               41 us, workers (us):  22,  19,   0, ---, ---, ---, 
[394.454s][info][gc,stats       ]     CWR: CLDG Roots                   1 us, workers (us): ---,   1, ---, ---, ---, ---, 
[394.454s][info][gc,stats       ]   Rendezvous                         50 us
[394.454s][info][gc,stats       ] Concurrent Cleanup                   69 us
[394.454s][info][gc,stats       ] Concurrent Class Unloading          373 us
[394.454s][info][gc,stats       ]   Unlink Stale                      187 us
[394.454s][info][gc,stats       ]     System Dictionary                 1 us
[394.454s][info][gc,stats       ]     Weak Class Links                  0 us
[394.454s][info][gc,stats       ]     Code Roots                      185 us
[394.454s][info][gc,stats       ]   Rendezvous                         97 us
[394.454s][info][gc,stats       ]   Purge Unlinked                     55 us
[394.454s][info][gc,stats       ]     Code Roots                       52 us
[394.454s][info][gc,stats       ]     CLDG                              3 us
[394.454s][info][gc,stats       ]     Exception Caches                  0 us
[394.454s][info][gc,stats       ] Pause Final Roots (G)                55 us
[394.454s][info][gc,stats       ] Pause Final Roots (N)                28 us
[394.454s][info][gc,stats       ] Pacing                            74469 us
[394.454s][info][gc,stats       ] 
[394.454s][info][gc,stats       ] Allocation pacing accrued:
[394.454s][info][gc,stats       ]      74 of  1602 ms (  4.6%): main
[394.454s][info][gc,stats       ]      74 of  1602 ms (  4.6%): <total>
[394.454s][info][gc,stats       ]       6 of  1602 ms (  0.4%): <average total>
[394.454s][info][gc,stats       ]      74 of  1602 ms (  4.6%): <average non-zero>
[394.454s][info][gc,stats       ] 
[394.454s][info][gc,metaspace   ] Metaspace: 1071K(1280K)->1071K(1280K) NonClass: 990K(1088K)->990K(1088K) Class: 81K(192K)->81K(192K)
[394.454s][info][gc,ergo        ] Pacer for Idle. Initial: 10485K, Alloc Tax Rate: 1.0x
[395.964s][info][gc             ] Trigger: Average GC time (4.23 ms) is above the time for average allocation rate (292 MB/s) to deplete free headroom (0B) (margin of error = 3.25)
[395.964s][info][gc,ergo        ] Free headroom: 147M (free) - 26214K (spike) - 127M (penalties) = 0B
[395.964s][info][gc,ergo        ] Free: 147M, Max: 256K regular, 133M humongous, Frag: 10% external, 0% internal; Reserve: 26368K, Max: 256K
[395.964s][info][gc,start       ] GC(223) Concurrent reset
[395.964s][info][gc,task        ] GC(223) Using 3 of 6 workers for concurrent reset
[395.964s][info][gc,ergo        ] GC(223) Pacer for Reset. Non-Taxable: 512M
[395.964s][info][gc             ] GC(223) Concurrent reset 0.260ms
[395.964s][info][gc,start       ] GC(223) Pause Init Mark (unload classes)
[395.964s][info][gc,task        ] GC(223) Using 6 of 6 workers for init marking
[395.964s][info][gc,ergo        ] GC(223) Pacer for Mark. Expected Live: 76985K, Free: 147M, Non-Taxable: 15130K, Alloc Tax Rate: 0.6x
[395.964s][info][gc             ] GC(223) Pause Init Mark (unload classes) 0.087ms
[395.964s][info][gc,start       ] GC(223) Concurrent marking roots
[395.964s][info][gc,task        ] GC(223) Using 3 of 6 workers for concurrent marking roots
[395.965s][info][gc             ] GC(223) Concurrent marking roots 0.321ms
[395.965s][info][gc,start       ] GC(223) Concurrent marking (unload classes)
[395.965s][info][gc,task        ] GC(223) Using 3 of 6 workers for concurrent marking
[395.966s][info][gc             ] GC(223) Concurrent marking (unload classes) 0.936ms
[395.966s][info][gc,start       ] GC(223) Pause Final Mark (unload classes)
[395.966s][info][gc,task        ] GC(223) Using 6 of 6 workers for final marking
[395.966s][info][gc,ergo        ] GC(223) Collectable Garbage: 197M (99%), Immediate: 197M (99%), CSet: 0B (0%)
[395.966s][info][gc             ] GC(223) Pause Final Mark (unload classes) 0.153ms
[395.966s][info][gc,start       ] GC(223) Concurrent weak references
[395.966s][info][gc,task        ] GC(223) Using 3 of 6 workers for concurrent weak references
[395.966s][info][gc,ref         ] GC(223) Encountered references: Soft: 45, Weak: 116, Final: 0, Phantom: 7
[395.966s][info][gc,ref         ] GC(223) Discovered  references: Soft: 0, Weak: 84, Final: 0, Phantom: 5
[395.966s][info][gc,ref         ] GC(223) Enqueued    references: Soft: 0, Weak: 0, Final: 0, Phantom: 0
[395.966s][info][gc             ] GC(223) Concurrent weak references 0.092ms
[395.966s][info][gc,start       ] GC(223) Concurrent weak roots
[395.966s][info][gc,task        ] GC(223) Using 3 of 6 workers for concurrent weak root
[395.966s][info][gc             ] GC(223) Concurrent weak roots 0.139ms
[395.966s][info][gc,start       ] GC(223) Concurrent cleanup
[395.966s][info][gc             ] GC(223) Concurrent cleanup 334M->137M(512M) 0.056ms
[395.966s][info][gc,ergo        ] GC(223) Free: 347M, Max: 256K regular, 243M humongous, Frag: 31% external, 0% internal; Reserve: 26368K, Max: 256K
[395.966s][info][gc,start       ] GC(223) Concurrent class unloading
[395.966s][info][gc,task        ] GC(223) Using 3 of 6 workers for concurrent class unloading
[395.967s][info][gc             ] GC(223) Concurrent class unloading 0.285ms
[395.967s][info][gc,start       ] GC(223) Pause Final Roots
[395.967s][info][gc             ] GC(223) Pause Final Roots 0.024ms
[395.967s][info][gc,ergo        ] Free: 347M, Max: 256K regular, 243M humongous, Frag: 31% external, 0% internal; Reserve: 26368K, Max: 256K
[395.967s][info][gc,stats       ] 
[395.967s][info][gc,stats       ] All times are wall-clock times, except per-root-class counters, that are sum over
[395.967s][info][gc,stats       ] all workers. Dividing the <total> over the root stage time estimates parallelism.
[395.967s][info][gc,stats       ] 
[395.967s][info][gc,stats       ] Concurrent Reset                    279 us
[395.967s][info][gc,stats       ] Pause Init Mark (G)                 133 us
[395.967s][info][gc,stats       ] Pause Init Mark (N)                 100 us
[395.967s][info][gc,stats       ]   Update Region States               23 us
[395.967s][info][gc,stats       ] Concurrent Mark Roots               342 us, parallelism: 1.29x
[395.967s][info][gc,stats       ]   CMR: <total>                      442 us
[395.967s][info][gc,stats       ]   CMR: Thread Roots                 398 us, workers (us):  91,  43, 264, ---, ---, ---, 
[395.967s][info][gc,stats       ]   CMR: VM Strong Roots                6 us, workers (us):   3,   1,   2, ---, ---, ---, 
[395.967s][info][gc,stats       ]   CMR: CLDG Roots                    38 us, workers (us): ---,  38, ---, ---, ---, ---, 
[395.967s][info][gc,stats       ] Concurrent Marking                  963 us
[395.967s][info][gc,stats       ] Pause Final Mark (G)                197 us
[395.967s][info][gc,stats       ] Pause Final Mark (N)                167 us
[395.967s][info][gc,stats       ]   Finish Mark                        27 us
[395.967s][info][gc,stats       ]   Update Region States               29 us
[395.967s][info][gc,stats       ]   Choose Collection Set              42 us
[395.967s][info][gc,stats       ]   Rebuild Free Set                   12 us
[395.967s][info][gc,stats       ] Concurrent Weak References          102 us, parallelism: 0.07x
[395.967s][info][gc,stats       ]   CWRF: <total>                       7 us
[395.967s][info][gc,stats       ]   CWRF: Weak References               7 us, workers (us):   0,   2,   5, ---, ---, ---, 
[395.967s][info][gc,stats       ] Concurrent Weak Roots               157 us
[395.967s][info][gc,stats       ]   Roots                              92 us, parallelism: 1.50x
[395.967s][info][gc,stats       ]     CWR: <total>                    138 us
[395.967s][info][gc,stats       ]     CWR: Code Cache Roots            78 us, workers (us):  26,  52,   0, ---, ---, ---, 
[395.967s][info][gc,stats       ]     CWR: VM Weak Roots               60 us, workers (us):  20,  20,  20, ---, ---, ---, 
[395.967s][info][gc,stats       ]     CWR: CLDG Roots                   1 us, workers (us): ---, ---,   1, ---, ---, ---, 
[395.967s][info][gc,stats       ]   Rendezvous                         24 us
[395.967s][info][gc,stats       ] Concurrent Cleanup                   71 us
[395.967s][info][gc,stats       ] Concurrent Class Unloading          305 us
[395.967s][info][gc,stats       ]   Unlink Stale                      210 us
[395.967s][info][gc,stats       ]     System Dictionary                 1 us
[395.967s][info][gc,stats       ]     Weak Class Links                  0 us
[395.967s][info][gc,stats       ]     Code Roots                      208 us
[395.967s][info][gc,stats       ]   Rendezvous                         24 us
[395.967s][info][gc,stats       ]   Purge Unlinked                     24 us
[395.967s][info][gc,stats       ]     Code Roots                       22 us
[395.967s][info][gc,stats       ]     CLDG                              2 us
[395.967s][info][gc,stats       ]     Exception Caches                  0 us
[395.967s][info][gc,stats       ] Pause Final Roots (G)                62 us
[395.967s][info][gc,stats       ] Pause Final Roots (N)                39 us
[395.967s][info][gc,stats       ] Pacing                            56809 us
[395.967s][info][gc,stats       ] 
[395.967s][info][gc,stats       ] Allocation pacing accrued:
[395.967s][info][gc,stats       ]      57 of  1513 ms (  3.8%): main
[395.967s][info][gc,stats       ]      57 of  1513 ms (  3.8%): <total>
[395.967s][info][gc,stats       ]       4 of  1513 ms (  0.3%): <average total>
[395.967s][info][gc,stats       ]      57 of  1513 ms (  3.8%): <average non-zero>
[395.967s][info][gc,stats       ] 
[395.967s][info][gc,metaspace   ] Metaspace: 1071K(1280K)->1071K(1280K) NonClass: 990K(1088K)->990K(1088K) Class: 81K(192K)->81K(192K)
[395.967s][info][gc,ergo        ] Pacer for Idle. Initial: 10485K, Alloc Tax Rate: 1.0x
[398.767s][info][gc             ] Trigger: Average GC time (3.77 ms) is above the time for average allocation rate (142 MB/s) to deplete free headroom (0B) (margin of error = 3.26)
[398.768s][info][gc,ergo        ] Free headroom: 110M (free) - 26214K (spike) - 122M (penalties) = 0B
[398.768s][info][gc,ergo        ] Free: 110M, Max: 256K regular, 98816K humongous, Frag: 13% external, 0% internal; Reserve: 26368K, Max: 256K
[398.768s][info][gc,start       ] GC(224) Concurrent reset
[398.768s][info][gc,task        ] GC(224) Using 3 of 6 workers for concurrent reset
[398.768s][info][gc,ergo        ] GC(224) Pacer for Reset. Non-Taxable: 512M
[398.768s][info][gc             ] GC(224) Concurrent reset 0.197ms
[398.768s][info][gc,start       ] GC(224) Pause Init Mark (unload classes)
[398.768s][info][gc,task        ] GC(224) Using 6 of 6 workers for init marking
[398.768s][info][gc,ergo        ] GC(224) Pacer for Mark. Expected Live: 99513K, Free: 110M, Non-Taxable: 11316K, Alloc Tax Rate: 1.1x
[398.768s][info][gc             ] GC(224) Pause Init Mark (unload classes) 0.072ms
[398.768s][info][gc,start       ] GC(224) Concurrent marking roots
[398.768s][info][gc,task        ] GC(224) Using 3 of 6 workers for concurrent marking roots
[398.768s][info][gc             ] GC(224) Concurrent marking roots 0.252ms
[398.768s][info][gc,start       ] GC(224) Concurrent marking (unload classes)
[398.768s][info][gc,task        ] GC(224) Using 3 of 6 workers for concurrent marking
[398.769s][info][gc             ] GC(224) Concurrent marking (unload classes) 0.809ms
[398.769s][info][gc,start       ] GC(224) Pause Final Mark (unload classes)
[398.769s][info][gc,task        ] GC(224) Using 6 of 6 workers for final marking
[398.769s][info][gc,ergo        ] GC(224) Collectable Garbage: 312M (99%), Immediate: 312M (99%), CSet: 0B (0%)
[398.769s][info][gc             ] GC(224) Pause Final Mark (unload classes) 0.166ms
[398.769s][info][gc,start       ] GC(224) Concurrent weak references
[398.769s][info][gc,task        ] GC(224) Using 3 of 6 workers for concurrent weak references
[398.769s][info][gc,ref         ] GC(224) Encountered references: Soft: 45, Weak: 116, Final: 0, Phantom: 7
[398.769s][info][gc,ref         ] GC(224) Discovered  references: Soft: 19, Weak: 95, Final: 0, Phantom: 5
[398.769s][info][gc,ref         ] GC(224) Enqueued    references: Soft: 0, Weak: 0, Final: 0, Phantom: 0
[398.769s][info][gc             ] GC(224) Concurrent weak references 0.076ms
[398.769s][info][gc,start       ] GC(224) Concurrent weak roots
[398.769s][info][gc,task        ] GC(224) Using 3 of 6 workers for concurrent weak root
[398.770s][info][gc             ] GC(224) Concurrent weak roots 0.218ms
[398.770s][info][gc,start       ] GC(224) Concurrent cleanup
[398.770s][info][gc             ] GC(224) Concurrent cleanup 369M->57M(512M) 0.065ms
[398.770s][info][gc,ergo        ] GC(224) Free: 428M, Max: 256K regular, 205M humongous, Frag: 52% external, 0% internal; Reserve: 26368K, Max: 256K
[398.770s][info][gc,start       ] GC(224) Concurrent class unloading
[398.770s][info][gc,task        ] GC(224) Using 3 of 6 workers for concurrent class unloading
[398.770s][info][gc             ] GC(224) Concurrent class unloading 0.216ms
[398.770s][info][gc,start       ] GC(224) Pause Final Roots
[398.770s][info][gc             ] GC(224) Pause Final Roots 0.017ms
[398.770s][info][gc,ergo        ] Free: 428M, Max: 256K regular, 205M humongous, Frag: 52% external, 0% internal; Reserve: 26368K, Max: 256K
[398.770s][info][gc,stats       ] 
[398.770s][info][gc,stats       ] All times are wall-clock times, except per-root-class counters, that are sum over
[398.770s][info][gc,stats       ] all workers. Dividing the <total> over the root stage time estimates parallelism.
[398.770s][info][gc,stats       ] 
[398.770s][info][gc,stats       ] Concurrent Reset                    211 us
[398.770s][info][gc,stats       ] Pause Init Mark (G)                 113 us
[398.770s][info][gc,stats       ] Pause Init Mark (N)                  81 us
[398.770s][info][gc,stats       ]   Update Region States               24 us
[398.770s][info][gc,stats       ] Concurrent Mark Roots               268 us, parallelism: 1.29x
[398.770s][info][gc,stats       ]   CMR: <total>                      345 us
[398.770s][info][gc,stats       ]   CMR: Thread Roots                 311 us, workers (us): 195,  35,  81, ---, ---, ---, 
[398.770s][info][gc,stats       ]   CMR: VM Strong Roots                6 us, workers (us):   2,   1,   2, ---, ---, ---, 
[398.770s][info][gc,stats       ]   CMR: CLDG Roots                    28 us, workers (us): ---,  28, ---, ---, ---, ---, 
[398.770s][info][gc,stats       ] Concurrent Marking                  826 us
[398.770s][info][gc,stats       ] Pause Final Mark (G)                220 us
[398.770s][info][gc,stats       ] Pause Final Mark (N)                177 us
[398.770s][info][gc,stats       ]   Finish Mark                        39 us
[398.770s][info][gc,stats       ]   Update Region States               34 us
[398.770s][info][gc,stats       ]   Choose Collection Set              45 us
[398.770s][info][gc,stats       ]   Rebuild Free Set                   10 us
[398.770s][info][gc,stats       ] Concurrent Weak References           85 us, parallelism: 0.08x
[398.770s][info][gc,stats       ]   CWRF: <total>                       7 us
[398.770s][info][gc,stats       ]   CWRF: Weak References               7 us, workers (us):   5,   1,   0, ---, ---, ---, 
[398.770s][info][gc,stats       ] Concurrent Weak Roots               232 us
[398.770s][info][gc,stats       ]   Roots                              72 us, parallelism: 1.38x
[398.770s][info][gc,stats       ]     CWR: <total>                    100 us
[398.770s][info][gc,stats       ]     CWR: Code Cache Roots            54 us, workers (us):   0,  36,  18, ---, ---, ---, 
[398.770s][info][gc,stats       ]     CWR: VM Weak Roots               44 us, workers (us):  15,  14,  15, ---, ---, ---, 
[398.770s][info][gc,stats       ]     CWR: CLDG Roots                   1 us, workers (us):   1, ---, ---, ---, ---, ---, 
[398.770s][info][gc,stats       ]   Rendezvous                        130 us
[398.770s][info][gc,stats       ] Concurrent Cleanup                   75 us
[398.770s][info][gc,stats       ] Concurrent Class Unloading          227 us
[398.770s][info][gc,stats       ]   Unlink Stale                      154 us
[398.770s][info][gc,stats       ]     System Dictionary                 1 us
[398.770s][info][gc,stats       ]     Weak Class Links                  0 us
[398.770s][info][gc,stats       ]     Code Roots                      152 us
[398.770s][info][gc,stats       ]   Rendezvous                         24 us
[398.770s][info][gc,stats       ]   Purge Unlinked                     22 us
[398.770s][info][gc,stats       ]     Code Roots                       20 us
[398.770s][info][gc,stats       ]     CLDG                              2 us
[398.770s][info][gc,stats       ]     Exception Caches                  0 us
[398.770s][info][gc,stats       ] Pause Final Roots (G)                46 us
[398.770s][info][gc,stats       ] Pause Final Roots (N)                25 us
[398.770s][info][gc,stats       ] Pacing                            62448 us
[398.770s][info][gc,stats       ] 
[398.770s][info][gc,stats       ] Allocation pacing accrued:
[398.770s][info][gc,stats       ]      62 of  2803 ms (  2.2%): main
[398.770s][info][gc,stats       ]      62 of  2803 ms (  2.2%): <total>
[398.770s][info][gc,stats       ]       5 of  2803 ms (  0.2%): <average total>
[398.770s][info][gc,stats       ]      62 of  2803 ms (  2.2%): <average non-zero>
[398.770s][info][gc,stats       ] 
[398.770s][info][gc,metaspace   ] Metaspace: 1071K(1280K)->1071K(1280K) NonClass: 990K(1088K)->990K(1088K) Class: 81K(192K)->81K(192K)
[398.770s][info][gc,ergo        ] Pacer for Idle. Initial: 10485K, Alloc Tax Rate: 1.0x
[400.372s][info][gc             ] Trigger: Average GC time (3.43 ms) is above the time for average allocation rate (305 MB/s) to deplete free headroom (0B) (margin of error = 3.25)
[400.373s][info][gc,ergo        ] Free headroom: 102M (free) - 26214K (spike) - 117M (penalties) = 0B
[400.373s][info][gc,ergo        ] Free: 102M, Max: 256K regular, 98816K humongous, Frag: 6% external, 0% internal; Reserve: 26368K, Max: 256K
[400.373s][info][gc,start       ] GC(225) Concurrent reset
[400.373s][info][gc,task        ] GC(225) Using 3 of 6 workers for concurrent reset
[400.373s][info][gc,ergo        ] GC(225) Pacer for Reset. Non-Taxable: 512M
[400.373s][info][gc             ] GC(225) Concurrent reset 0.202ms
[400.373s][info][gc,start       ] GC(225) Pause Init Mark (unload classes)
[400.373s][info][gc,task        ] GC(225) Using 6 of 6 workers for init marking
[400.373s][info][gc,ergo        ] GC(225) Pacer for Mark. Expected Live: 78009K, Free: 102M, Non-Taxable: 10497K, Alloc Tax Rate: 0.9x
[400.373s][info][gc             ] GC(225) Pause Init Mark (unload classes) 0.077ms
[400.373s][info][gc,start       ] GC(225) Concurrent marking roots
[400.373s][info][gc,task        ] GC(225) Using 3 of 6 workers for concurrent marking roots
[400.373s][info][gc             ] GC(225) Concurrent marking roots 0.282ms
[400.373s][info][gc,start       ] GC(225) Concurrent marking (unload classes)
[400.373s][info][gc,task        ] GC(225) Using 3 of 6 workers for concurrent marking
[400.374s][info][gc             ] GC(225) Concurrent marking (unload classes) 0.650ms
[400.374s][info][gc,start       ] GC(225) Pause Final Mark (unload classes)
[400.374s][info][gc,task        ] GC(225) Using 6 of 6 workers for final marking
[400.374s][info][gc,ergo        ] GC(225) Collectable Garbage: 167M (99%), Immediate: 167M (99%), CSet: 0B (0%)
[400.374s][info][gc             ] GC(225) Pause Final Mark (unload classes) 0.171ms
[400.374s][info][gc,start       ] GC(225) Concurrent weak references
[400.374s][info][gc,task        ] GC(225) Using 3 of 6 workers for concurrent weak references
[400.374s][info][gc,ref         ] GC(225) Encountered references: Soft: 45, Weak: 116, Final: 0, Phantom: 7
[400.374s][info][gc,ref         ] GC(225) Discovered  references: Soft: 0, Weak: 89, Final: 0, Phantom: 5
[400.374s][info][gc,ref         ] GC(225) Enqueued    references: Soft: 0, Weak: 0, Final: 0, Phantom: 0
[400.374s][info][gc             ] GC(225) Concurrent weak references 0.088ms
[400.374s][info][gc,start       ] GC(225) Concurrent weak roots
[400.374s][info][gc,task        ] GC(225) Using 3 of 6 workers for concurrent weak root
[400.374s][info][gc             ] GC(225) Concurrent weak roots 0.120ms
[400.374s][info][gc,start       ] GC(225) Concurrent cleanup
[400.375s][info][gc             ] GC(225) Concurrent cleanup 379M->212M(512M) 0.043ms
[400.375s][info][gc,ergo        ] GC(225) Free: 272M, Max: 256K regular, 150M humongous, Frag: 45% external, 0% internal; Reserve: 26368K, Max: 256K
[400.375s][info][gc,start       ] GC(225) Concurrent class unloading
[400.375s][info][gc,task        ] GC(225) Using 3 of 6 workers for concurrent class unloading
[400.375s][info][gc             ] GC(225) Concurrent class unloading 0.215ms
[400.375s][info][gc,start       ] GC(225) Pause Final Roots
[400.375s][info][gc             ] GC(225) Pause Final Roots 0.015ms
[400.375s][info][gc,ergo        ] Free: 272M, Max: 256K regular, 150M humongous, Frag: 45% external, 0% internal; Reserve: 26368K, Max: 256K
[400.375s][info][gc,stats       ] 
[400.375s][info][gc,stats       ] All times are wall-clock times, except per-root-class counters, that are sum over
[400.375s][info][gc,stats       ] all workers. Dividing the <total> over the root stage time estimates parallelism.
[400.375s][info][gc,stats       ] 
[400.375s][info][gc,stats       ] Concurrent Reset                    221 us
[400.375s][info][gc,stats       ] Pause Init Mark (G)                 160 us
[400.375s][info][gc,stats       ] Pause Init Mark (N)                  85 us
[400.375s][info][gc,stats       ]   Update Region States               26 us
[400.375s][info][gc,stats       ] Concurrent Mark Roots               300 us, parallelism: 1.17x
[400.375s][info][gc,stats       ]   CMR: <total>                      352 us
[400.375s][info][gc,stats       ]   CMR: Thread Roots                 319 us, workers (us):  45,  83, 192, ---, ---, ---, 
[400.375s][info][gc,stats       ]   CMR: VM Strong Roots                4 us, workers (us):   2,   2,   0, ---, ---, ---, 
[400.375s][info][gc,stats       ]   CMR: CLDG Roots                    29 us, workers (us):  29, ---, ---, ---, ---, ---, 
[400.375s][info][gc,stats       ] Concurrent Marking                  668 us
[400.375s][info][gc,stats       ] Pause Final Mark (G)                286 us
[400.375s][info][gc,stats       ] Pause Final Mark (N)                180 us
[400.375s][info][gc,stats       ]   Finish Mark                        81 us
[400.375s][info][gc,stats       ]   Update Region States               26 us
[400.375s][info][gc,stats       ]   Choose Collection Set              31 us
[400.375s][info][gc,stats       ]   Rebuild Free Set                    7 us
[400.375s][info][gc,stats       ] Concurrent Weak References           96 us, parallelism: 0.04x
[400.375s][info][gc,stats       ]   CWRF: <total>                       4 us
[400.375s][info][gc,stats       ]   CWRF: Weak References               4 us, workers (us):   3,   1,   0, ---, ---, ---, 
[400.375s][info][gc,stats       ] Concurrent Weak Roots               138 us
[400.375s][info][gc,stats       ]   Roots                              78 us, parallelism: 1.19x
[400.375s][info][gc,stats       ]     CWR: <total>                     93 us
[400.375s][info][gc,stats       ]     CWR: Code Cache Roots            51 us, workers (us):  17,  34,   0, ---, ---, ---, 
[400.375s][info][gc,stats       ]     CWR: VM Weak Roots               41 us, workers (us):  20,  20,   0, ---, ---, ---, 
[400.375s][info][gc,stats       ]     CWR: CLDG Roots                   1 us, workers (us):   1, ---, ---, ---, ---, ---, 
[400.375s][info][gc,stats       ]   Rendezvous                         24 us
[400.375s][info][gc,stats       ] Concurrent Cleanup                   53 us
[400.375s][info][gc,stats       ] Concurrent Class Unloading          229 us
[400.375s][info][gc,stats       ]   Unlink Stale                      147 us
[400.375s][info][gc,stats       ]     System Dictionary                 1 us
[400.375s][info][gc,stats       ]     Weak Class Links                  0 us
[400.375s][info][gc,stats       ]     Code Roots                      145 us
[400.375s][info][gc,stats       ]   Rendezvous                         20 us
[400.375s][info][gc,stats       ]   Purge Unlinked                     22 us
[400.375s][info][gc,stats       ]     Code Roots                       19 us
[400.375s][info][gc,stats       ]     CLDG                              3 us
[400.375s][info][gc,stats       ]     Exception Caches                  0 us
[400.375s][info][gc,stats       ] Pause Final Roots (G)                43 us
[400.375s][info][gc,stats       ] Pause Final Roots (N)                23 us
[400.375s][info][gc,stats       ] Pacing                            73342 us
[400.375s][info][gc,stats       ] 
[400.375s][info][gc,stats       ] Allocation pacing accrued:
[400.375s][info][gc,stats       ]      73 of  1605 ms (  4.6%): main
[400.375s][info][gc,stats       ]      73 of  1605 ms (  4.6%): <total>
[400.375s][info][gc,stats       ]       6 of  1605 ms (  0.4%): <average total>
[400.375s][info][gc,stats       ]      73 of  1605 ms (  4.6%): <average non-zero>
[400.375s][info][gc,stats       ] 
[400.375s][info][gc,metaspace   ] Metaspace: 1071K(1280K)->1071K(1280K) NonClass: 990K(1088K)->990K(1088K) Class: 81K(192K)->81K(192K)
[400.375s][info][gc,ergo        ] Pacer for Idle. Initial: 10485K, Alloc Tax Rate: 1.0x
[403.152s][info][gc             ] Trigger: Average GC time (3.15 ms) is above the time for average allocation rate (144 MB/s) to deplete free headroom (0B) (margin of error = 3.27)
[403.152s][info][gc,ergo        ] Free headroom: 113M (free) - 26214K (spike) - 112M (penalties) = 0B
[403.152s][info][gc,ergo        ] Free: 113M, Max: 256K regular, 100M humongous, Frag: 12% external, 0% internal; Reserve: 26368K, Max: 256K
[403.152s][info][gc,start       ] GC(226) Concurrent reset
[403.152s][info][gc,task        ] GC(226) Using 3 of 6 workers for concurrent reset
[403.152s][info][gc,ergo        ] GC(226) Pacer for Reset. Non-Taxable: 512M
[403.152s][info][gc             ] GC(226) Concurrent reset 0.311ms
[403.152s][info][gc,start       ] GC(226) Pause Init Mark (unload classes)
[403.152s][info][gc,task        ] GC(226) Using 6 of 6 workers for init marking
[403.152s][info][gc,ergo        ] GC(226) Pacer for Mark. Expected Live: 116M, Free: 113M, Non-Taxable: 11623K, Alloc Tax Rate: 1.3x
[403.152s][info][gc             ] GC(226) Pause Init Mark (unload classes) 0.082ms
[403.152s][info][gc,start       ] GC(226) Concurrent marking roots
[403.152s][info][gc,task        ] GC(226) Using 3 of 6 workers for concurrent marking roots
[403.153s][info][gc             ] GC(226) Concurrent marking roots 0.263ms
[403.153s][info][gc,start       ] GC(226) Concurrent marking (unload classes)
[403.153s][info][gc,task        ] GC(226) Using 3 of 6 workers for concurrent marking
[403.154s][info][gc             ] GC(226) Concurrent marking (unload classes) 0.823ms
[403.154s][info][gc,start       ] GC(226) Pause Final Mark (unload classes)
[403.154s][info][gc,task        ] GC(226) Using 6 of 6 workers for final marking
[403.154s][info][gc,ergo        ] GC(226) Collectable Garbage: 303M (99%), Immediate: 303M (99%), CSet: 0B (0%)
[403.154s][info][gc             ] GC(226) Pause Final Mark (unload classes) 0.135ms
[403.154s][info][gc,start       ] GC(226) Concurrent weak references
[403.154s][info][gc,task        ] GC(226) Using 3 of 6 workers for concurrent weak references
[403.154s][info][gc,ref         ] GC(226) Encountered references: Soft: 45, Weak: 116, Final: 0, Phantom: 7
[403.154s][info][gc,ref         ] GC(226) Discovered  references: Soft: 18, Weak: 87, Final: 0, Phantom: 5
[403.154s][info][gc,ref         ] GC(226) Enqueued    references: Soft: 0, Weak: 0, Final: 0, Phantom: 0
[403.154s][info][gc             ] GC(226) Concurrent weak references 0.072ms
[403.154s][info][gc,start       ] GC(226) Concurrent weak roots
[403.154s][info][gc,task        ] GC(226) Using 3 of 6 workers for concurrent weak root
[403.154s][info][gc             ] GC(226) Concurrent weak roots 0.116ms
[403.154s][info][gc,start       ] GC(226) Concurrent cleanup
[403.154s][info][gc             ] GC(226) Concurrent cleanup 366M->63M(512M) 0.062ms
[403.154s][info][gc,ergo        ] GC(226) Free: 422M, Max: 256K regular, 146M humongous, Frag: 66% external, 0% internal; Reserve: 26368K, Max: 256K
[403.154s][info][gc,start       ] GC(226) Concurrent class unloading
[403.154s][info][gc,task        ] GC(226) Using 3 of 6 workers for concurrent class unloading
[403.154s][info][gc             ] GC(226) Concurrent class unloading 0.267ms
[403.154s][info][gc,start       ] GC(226) Pause Final Roots
[403.154s][info][gc             ] GC(226) Pause Final Roots 0.017ms
[403.154s][info][gc,ergo        ] Free: 422M, Max: 256K regular, 146M humongous, Frag: 66% external, 0% internal; Reserve: 26368K, Max: 256K
[403.154s][info][gc,stats       ] 
[403.154s][info][gc,stats       ] All times are wall-clock times, except per-root-class counters, that are sum over
[403.154s][info][gc,stats       ] all workers. Dividing the <total> over the root stage time estimates parallelism.
[403.154s][info][gc,stats       ] 
[403.154s][info][gc,stats       ] Concurrent Reset                    343 us
[403.154s][info][gc,stats       ] Pause Init Mark (G)                 130 us
[403.154s][info][gc,stats       ] Pause Init Mark (N)                  93 us
[403.154s][info][gc,stats       ]   Update Region States               30 us
[403.155s][info][gc,stats       ] Concurrent Mark Roots               279 us, parallelism: 1.38x
[403.155s][info][gc,stats       ]   CMR: <total>                      386 us
[403.155s][info][gc,stats       ]   CMR: Thread Roots                 339 us, workers (us):  42, 208,  89, ---, ---, ---, 
[403.155s][info][gc,stats       ]   CMR: VM Strong Roots                6 us, workers (us):   3,   1,   2, ---, ---, ---, 
[403.155s][info][gc,stats       ]   CMR: CLDG Roots                    42 us, workers (us):  42, ---, ---, ---, ---, ---, 
[403.155s][info][gc,stats       ] Concurrent Marking                  844 us
[403.155s][info][gc,stats       ] Pause Final Mark (G)                178 us
[403.155s][info][gc,stats       ] Pause Final Mark (N)                145 us
[403.155s][info][gc,stats       ]   Finish Mark                        31 us
[403.155s][info][gc,stats       ]   Update Region States               29 us
[403.155s][info][gc,stats       ]   Choose Collection Set              39 us
[403.155s][info][gc,stats       ]   Rebuild Free Set                    9 us
[403.155s][info][gc,stats       ] Concurrent Weak References           80 us, parallelism: 0.10x
[403.155s][info][gc,stats       ]   CWRF: <total>                       8 us
[403.155s][info][gc,stats       ]   CWRF: Weak References               8 us, workers (us):   5,   2,   0, ---, ---, ---, 
[403.155s][info][gc,stats       ] Concurrent Weak Roots               131 us
[403.155s][info][gc,stats       ]   Roots                              76 us, parallelism: 1.37x
[403.155s][info][gc,stats       ]     CWR: <total>                    104 us
[403.155s][info][gc,stats       ]     CWR: Code Cache Roots            56 us, workers (us):  36,   0,  19, ---, ---, ---, 
[403.155s][info][gc,stats       ]     CWR: VM Weak Roots               47 us, workers (us):  18,  15,  15, ---, ---, ---, 
[403.155s][info][gc,stats       ]     CWR: CLDG Roots                   1 us, workers (us): ---,   1, ---, ---, ---, ---, 
[403.155s][info][gc,stats       ]   Rendezvous                         24 us
[403.155s][info][gc,stats       ] Concurrent Cleanup                   72 us
[403.155s][info][gc,stats       ] Concurrent Class Unloading          282 us
[403.155s][info][gc,stats       ]   Unlink Stale                      204 us
[403.155s][info][gc,stats       ]     System Dictionary                 1 us
[403.155s][info][gc,stats       ]     Weak Class Links                  0 us
[403.155s][info][gc,stats       ]     Code Roots                      202 us
[403.155s][info][gc,stats       ]   Rendezvous                         22 us
[403.155s][info][gc,stats       ]   Purge Unlinked                     24 us
[403.155s][info][gc,stats       ]     Code Roots                       21 us
[403.155s][info][gc,stats       ]     CLDG                              2 us
[403.155s][info][gc,stats       ]     Exception Caches                  0 us
[403.155s][info][gc,stats       ] Pause Final Roots (G)                45 us
[403.155s][info][gc,stats       ] Pause Final Roots (N)                26 us
[403.155s][info][gc,stats       ] Pacing                            27967 us
[403.155s][info][gc,stats       ] 
[403.155s][info][gc,stats       ] Allocation pacing accrued:
[403.155s][info][gc,stats       ]      28 of  2780 ms (  1.0%): main
[403.155s][info][gc,stats       ]      28 of  2780 ms (  1.0%): <total>
[403.155s][info][gc,stats       ]       2 of  2780 ms (  0.1%): <average total>
[403.155s][info][gc,stats       ]      28 of  2780 ms (  1.0%): <average non-zero>
[403.155s][info][gc,stats       ] 
[403.155s][info][gc,metaspace   ] Metaspace: 1071K(1280K)->1071K(1280K) NonClass: 990K(1088K)->990K(1088K) Class: 81K(192K)->81K(192K)
[403.155s][info][gc,ergo        ] Pacer for Idle. Initial: 10485K, Alloc Tax Rate: 1.0x
[404.773s][info][gc             ] Trigger: Average GC time (2.97 ms) is above the time for average allocation rate (306 MB/s) to deplete free headroom (0B) (margin of error = 3.27)
[404.773s][info][gc,ergo        ] Free headroom: 98571K (free) - 26214K (spike) - 107M (penalties) = 0B
[404.773s][info][gc,ergo        ] Free: 98571K, Max: 256K regular, 94976K humongous, Frag: 4% external, 0% internal; Reserve: 26368K, Max: 256K
[404.773s][info][gc,start       ] GC(227) Concurrent reset
[404.773s][info][gc,task        ] GC(227) Using 3 of 6 workers for concurrent reset
[404.773s][info][gc,ergo        ] GC(227) Pacer for Reset. Non-Taxable: 512M
[404.773s][info][gc             ] GC(227) Concurrent reset 0.169ms
[404.773s][info][gc,start       ] GC(227) Pause Init Mark (unload classes)
[404.773s][info][gc,task        ] GC(227) Using 6 of 6 workers for init marking
[404.773s][info][gc,ergo        ] GC(227) Pacer for Mark. Expected Live: 115M, Free: 98571K, Non-Taxable: 9857K, Alloc Tax Rate: 1.5x
[404.773s][info][gc             ] GC(227) Pause Init Mark (unload classes) 0.096ms
[404.773s][info][gc,start       ] GC(227) Concurrent marking roots
[404.773s][info][gc,task        ] GC(227) Using 3 of 6 workers for concurrent marking roots
[404.774s][info][gc             ] GC(227) Concurrent marking roots 0.267ms
[404.774s][info][gc,start       ] GC(227) Concurrent marking (unload classes)
[404.774s][info][gc,task        ] GC(227) Using 3 of 6 workers for concurrent marking
[404.774s][info][gc             ] GC(227) Concurrent marking (unload classes) 0.700ms
[404.774s][info][gc,start       ] GC(227) Pause Final Mark (unload classes)
[404.774s][info][gc,task        ] GC(227) Using 6 of 6 workers for final marking
[404.775s][info][gc,ergo        ] GC(227) Collectable Garbage: 257M (99%), Immediate: 257M (99%), CSet: 0B (0%)
[404.775s][info][gc             ] GC(227) Pause Final Mark (unload classes) 0.137ms
[404.775s][info][gc,start       ] GC(227) Concurrent weak references
[404.775s][info][gc,task        ] GC(227) Using 3 of 6 workers for concurrent weak references
[404.775s][info][gc,ref         ] GC(227) Encountered references: Soft: 45, Weak: 116, Final: 0, Phantom: 7
[404.775s][info][gc,ref         ] GC(227) Discovered  references: Soft: 0, Weak: 95, Final: 0, Phantom: 5
[404.775s][info][gc,ref         ] GC(227) Enqueued    references: Soft: 0, Weak: 0, Final: 0, Phantom: 0
[404.775s][info][gc             ] GC(227) Concurrent weak references 0.084ms
[404.775s][info][gc,start       ] GC(227) Concurrent weak roots
[404.775s][info][gc,task        ] GC(227) Using 3 of 6 workers for concurrent weak root
[404.775s][info][gc             ] GC(227) Concurrent weak roots 0.124ms
[404.775s][info][gc,start       ] GC(227) Concurrent cleanup
[404.775s][info][gc             ] GC(227) Concurrent cleanup 385M->128M(512M) 0.057ms
[404.775s][info][gc,ergo        ] GC(227) Free: 356M, Max: 256K regular, 193M humongous, Frag: 46% external, 0% internal; Reserve: 26368K, Max: 256K
[404.775s][info][gc,start       ] GC(227) Concurrent class unloading
[404.775s][info][gc,task        ] GC(227) Using 3 of 6 workers for concurrent class unloading
[404.775s][info][gc             ] GC(227) Concurrent class unloading 0.243ms
[404.775s][info][gc,start       ] GC(227) Pause Final Roots
[404.775s][info][gc             ] GC(227) Pause Final Roots 0.016ms
[404.775s][info][gc,ergo        ] Free: 356M, Max: 256K regular, 193M humongous, Frag: 46% external, 0% internal; Reserve: 26368K, Max: 256K
[404.775s][info][gc,stats       ] 
[404.775s][info][gc,stats       ] All times are wall-clock times, except per-root-class counters, that are sum over
[404.775s][info][gc,stats       ] all workers. Dividing the <total> over the root stage time estimates parallelism.
[404.775s][info][gc,stats       ] 
[404.775s][info][gc,stats       ] Concurrent Reset                    191 us
[404.775s][info][gc,stats       ] Pause Init Mark (G)                 161 us
[404.775s][info][gc,stats       ] Pause Init Mark (N)                 114 us
[404.775s][info][gc,stats       ]   Update Region States               37 us
[404.775s][info][gc,stats       ] Concurrent Mark Roots               283 us, parallelism: 1.28x
[404.775s][info][gc,stats       ]   CMR: <total>                      362 us
[404.775s][info][gc,stats       ]   CMR: Thread Roots                 316 us, workers (us): 209,  64,  43, ---, ---, ---, 
[404.775s][info][gc,stats       ]   CMR: VM Strong Roots                5 us, workers (us):   2,   2,   0, ---, ---, ---, 
[404.775s][info][gc,stats       ]   CMR: CLDG Roots                    42 us, workers (us): ---, ---,  42, ---, ---, ---, 
[404.775s][info][gc,stats       ] Concurrent Marking                  717 us
[404.775s][info][gc,stats       ] Pause Final Mark (G)                181 us
[404.775s][info][gc,stats       ] Pause Final Mark (N)                146 us
[404.775s][info][gc,stats       ]   Finish Mark                        28 us
[404.775s][info][gc,stats       ]   Update Region States               32 us
[404.775s][info][gc,stats       ]   Choose Collection Set              40 us
[404.775s][info][gc,stats       ]   Rebuild Free Set                    9 us
[404.775s][info][gc,stats       ] Concurrent Weak References           93 us, parallelism: 0.07x
[404.775s][info][gc,stats       ]   CWRF: <total>                       6 us
[404.775s][info][gc,stats       ]   CWRF: Weak References               6 us, workers (us):   5,   1,   0, ---, ---, ---, 
[404.775s][info][gc,stats       ] Concurrent Weak Roots               142 us
[404.775s][info][gc,stats       ]   Roots                              75 us, parallelism: 1.33x
[404.775s][info][gc,stats       ]     CWR: <total>                     99 us
[404.775s][info][gc,stats       ]     CWR: Code Cache Roots            56 us, workers (us):   0,  19,  37, ---, ---, ---, 
[404.775s][info][gc,stats       ]     CWR: VM Weak Roots               42 us, workers (us):  15,  14,  13, ---, ---, ---, 
[404.775s][info][gc,stats       ]     CWR: CLDG Roots                   1 us, workers (us):   1, ---, ---, ---, ---, ---, 
[404.775s][info][gc,stats       ]   Rendezvous                         32 us
[404.775s][info][gc,stats       ] Concurrent Cleanup                   68 us
[404.776s][info][gc,stats       ] Concurrent Class Unloading          258 us
[404.776s][info][gc,stats       ]   Unlink Stale                      171 us
[404.776s][info][gc,stats       ]     System Dictionary                 1 us
[404.776s][info][gc,stats       ]     Weak Class Links                  0 us
[404.776s][info][gc,stats       ]     Code Roots                      169 us
[404.776s][info][gc,stats       ]   Rendezvous                         27 us
[404.776s][info][gc,stats       ]   Purge Unlinked                     28 us
[404.776s][info][gc,stats       ]     Code Roots                       25 us
[404.776s][info][gc,stats       ]     CLDG                              2 us
[404.776s][info][gc,stats       ]     Exception Caches                  0 us
[404.776s][info][gc,stats       ] Pause Final Roots (G)                47 us
[404.776s][info][gc,stats       ] Pause Final Roots (N)                25 us
[404.776s][info][gc,stats       ] Pacing                            73436 us
[404.776s][info][gc,stats       ] 
[404.776s][info][gc,stats       ] Allocation pacing accrued:
[404.776s][info][gc,stats       ]      73 of  1621 ms (  4.5%): main
[404.776s][info][gc,stats       ]      73 of  1621 ms (  4.5%): <total>
[404.776s][info][gc,stats       ]       6 of  1621 ms (  0.3%): <average total>
[404.776s][info][gc,stats       ]      73 of  1621 ms (  4.5%): <average non-zero>
[404.776s][info][gc,stats       ] 
[404.776s][info][gc,metaspace   ] Metaspace: 1071K(1280K)->1071K(1280K) NonClass: 990K(1088K)->990K(1088K) Class: 81K(192K)->81K(192K)
[404.776s][info][gc,ergo        ] Pacer for Idle. Initial: 10485K, Alloc Tax Rate: 1.0x
[407.225s][info][gc             ] Trigger: Average GC time (2.82 ms) is above the time for average allocation rate (59008 KB/s) to deplete free headroom (0B) (margin of error = 3.28)
[407.225s][info][gc,ergo        ] Free headroom: 118M (free) - 26214K (spike) - 102M (penalties) = 0B
[407.225s][info][gc,ergo        ] Free: 118M, Max: 256K regular, 95232K humongous, Frag: 22% external, 0% internal; Reserve: 26368K, Max: 256K
[407.225s][info][gc,start       ] GC(228) Concurrent reset
[407.225s][info][gc,task        ] GC(228) Using 3 of 6 workers for concurrent reset
[407.225s][info][gc,ergo        ] GC(228) Pacer for Reset. Non-Taxable: 512M
[407.225s][info][gc             ] GC(228) Concurrent reset 0.277ms
[407.225s][info][gc,start       ] GC(228) Pause Init Mark (unload classes)
[407.225s][info][gc,task        ] GC(228) Using 6 of 6 workers for init marking
[407.226s][info][gc,ergo        ] GC(228) Pacer for Mark. Expected Live: 118M, Free: 118M, Non-Taxable: 12084K, Alloc Tax Rate: 1.2x
[407.226s][info][gc             ] GC(228) Pause Init Mark (unload classes) 0.124ms
[407.226s][info][gc,start       ] GC(228) Concurrent marking roots
[407.226s][info][gc,task        ] GC(228) Using 3 of 6 workers for concurrent marking roots
[407.226s][info][gc             ] GC(228) Concurrent marking roots 0.322ms
[407.226s][info][gc,start       ] GC(228) Concurrent marking (unload classes)
[407.226s][info][gc,task        ] GC(228) Using 3 of 6 workers for concurrent marking
[407.227s][info][gc             ] GC(228) Concurrent marking (unload classes) 0.787ms
[407.227s][info][gc,start       ] GC(228) Pause Final Mark (unload classes)
[407.227s][info][gc,task        ] GC(228) Using 6 of 6 workers for final marking
[407.227s][info][gc,ergo        ] GC(228) Collectable Garbage: 325M (99%), Immediate: 325M (99%), CSet: 0B (0%)
[407.227s][info][gc             ] GC(228) Pause Final Mark (unload classes) 0.282ms
[407.227s][info][gc,start       ] GC(228) Concurrent weak references
[407.227s][info][gc,task        ] GC(228) Using 3 of 6 workers for concurrent weak references
[407.227s][info][gc,ref         ] GC(228) Encountered references: Soft: 45, Weak: 116, Final: 0, Phantom: 7
[407.227s][info][gc,ref         ] GC(228) Discovered  references: Soft: 35, Weak: 95, Final: 0, Phantom: 5
[407.227s][info][gc,ref         ] GC(228) Enqueued    references: Soft: 0, Weak: 0, Final: 0, Phantom: 0
[407.227s][info][gc             ] GC(228) Concurrent weak references 0.153ms
[407.227s][info][gc,start       ] GC(228) Concurrent weak roots
[407.227s][info][gc,task        ] GC(228) Using 3 of 6 workers for concurrent weak root
[407.228s][info][gc             ] GC(228) Concurrent weak roots 0.168ms
[407.228s][info][gc,start       ] GC(228) Concurrent cleanup
[407.228s][info][gc             ] GC(228) Concurrent cleanup 362M->37M(512M) 0.077ms
[407.228s][info][gc,ergo        ] GC(228) Free: 448M, Max: 256K regular, 339M humongous, Frag: 25% external, 0% internal; Reserve: 26368K, Max: 256K
[407.228s][info][gc,start       ] GC(228) Concurrent class unloading
[407.228s][info][gc,task        ] GC(228) Using 3 of 6 workers for concurrent class unloading
[407.228s][info][gc             ] GC(228) Concurrent class unloading 0.317ms
[407.228s][info][gc,start       ] GC(228) Pause Final Roots
[407.228s][info][gc             ] GC(228) Pause Final Roots 0.019ms
[407.228s][info][gc,ergo        ] Free: 448M, Max: 256K regular, 339M humongous, Frag: 25% external, 0% internal; Reserve: 26368K, Max: 256K
[407.228s][info][gc,stats       ] 
[407.228s][info][gc,stats       ] All times are wall-clock times, except per-root-class counters, that are sum over
[407.228s][info][gc,stats       ] all workers. Dividing the <total> over the root stage time estimates parallelism.
[407.228s][info][gc,stats       ] 
[407.228s][info][gc,stats       ] Concurrent Reset                    296 us
[407.228s][info][gc,stats       ] Pause Init Mark (G)                 205 us
[407.228s][info][gc,stats       ] Pause Init Mark (N)                 136 us
[407.228s][info][gc,stats       ]   Update Region States               68 us
[407.228s][info][gc,stats       ] Concurrent Mark Roots               340 us, parallelism: 0.96x
[407.228s][info][gc,stats       ]   CMR: <total>                      325 us
[407.228s][info][gc,stats       ]   CMR: Thread Roots                 290 us, workers (us):  66, 190,  34, ---, ---, ---, 
[407.228s][info][gc,stats       ]   CMR: VM Strong Roots                5 us, workers (us):   2,   1,   1, ---, ---, ---, 
[407.228s][info][gc,stats       ]   CMR: CLDG Roots                    31 us, workers (us): ---, ---,  31, ---, ---, ---, 
[407.228s][info][gc,stats       ] Concurrent Marking                  805 us
[407.228s][info][gc,stats       ] Pause Final Mark (G)                449 us
[407.228s][info][gc,stats       ] Pause Final Mark (N)                293 us
[407.228s][info][gc,stats       ]   Finish Mark                        91 us
[407.228s][info][gc,stats       ]   Update Region States              112 us
[407.228s][info][gc,stats       ]   Choose Collection Set              41 us
[407.228s][info][gc,stats       ]   Rebuild Free Set                    8 us
[407.228s][info][gc,stats       ] Concurrent Weak References          161 us, parallelism: 0.03x
[407.228s][info][gc,stats       ]   CWRF: <total>                       5 us
[407.228s][info][gc,stats       ]   CWRF: Weak References               5 us, workers (us):   5,   0,   0, ---, ---, ---, 
[407.228s][info][gc,stats       ] Concurrent Weak Roots               187 us
[407.228s][info][gc,stats       ]   Roots                              94 us, parallelism: 1.27x
[407.228s][info][gc,stats       ]     CWR: <total>                    119 us
[407.228s][info][gc,stats       ]     CWR: Code Cache Roots            71 us, workers (us):  49,  21,   0, ---, ---, ---, 
[407.228s][info][gc,stats       ]     CWR: VM Weak Roots               48 us, workers (us):  17,  16,  15, ---, ---, ---, 
[407.228s][info][gc,stats       ]     CWR: CLDG Roots                   1 us, workers (us): ---, ---,   1, ---, ---, ---, 
[407.228s][info][gc,stats       ]   Rendezvous                         56 us
[407.228s][info][gc,stats       ] Concurrent Cleanup                   88 us
[407.228s][info][gc,stats       ] Concurrent Class Unloading          335 us
[407.228s][info][gc,stats       ]   Unlink Stale                      205 us
[407.228s][info][gc,stats       ]     System Dictionary                 1 us
[407.228s][info][gc,stats       ]     Weak Class Links                  0 us
[407.228s][info][gc,stats       ]     Code Roots                      203 us
[407.228s][info][gc,stats       ]   Rendezvous                         27 us
[407.228s][info][gc,stats       ]   Purge Unlinked                     67 us
[407.228s][info][gc,stats       ]     Code Roots                       64 us
[407.228s][info][gc,stats       ]     CLDG                              3 us
[407.228s][info][gc,stats       ]     Exception Caches                  0 us
[407.228s][info][gc,stats       ] Pause Final Roots (G)                84 us
[407.228s][info][gc,stats       ] Pause Final Roots (N)                28 us
[407.228s][info][gc,stats       ] Pacing                            46794 us
[407.228s][info][gc,stats       ] 
[407.228s][info][gc,stats       ] Allocation pacing accrued:
[407.228s][info][gc,stats       ]      47 of  2453 ms (  1.9%): main
[407.228s][info][gc,stats       ]      47 of  2453 ms (  1.9%): <total>
[407.228s][info][gc,stats       ]       4 of  2453 ms (  0.1%): <average total>
[407.228s][info][gc,stats       ]      47 of  2453 ms (  1.9%): <average non-zero>
[407.228s][info][gc,stats       ] 
[407.229s][info][gc,metaspace   ] Metaspace: 1071K(1280K)->1071K(1280K) NonClass: 990K(1088K)->990K(1088K) Class: 81K(192K)->81K(192K)
[407.229s][info][gc,ergo        ] Pacer for Idle. Initial: 10485K, Alloc Tax Rate: 1.0x
[409.186s][info][gc             ] Trigger: Free (42507K) is below minimum threshold (52428K)
[409.187s][info][gc,ergo        ] Free: 42507K, Max: 256K regular, 18176K humongous, Frag: 58% external, 0% internal; Reserve: 26368K, Max: 256K
[409.187s][info][gc,start       ] GC(229) Concurrent reset
[409.187s][info][gc,task        ] GC(229) Using 3 of 6 workers for concurrent reset
[409.187s][info][gc,ergo        ] GC(229) Pacer for Reset. Non-Taxable: 512M
[409.187s][info][gc             ] GC(229) Concurrent reset 0.144ms
[409.187s][info][gc,start       ] GC(229) Pause Init Mark (unload classes)
[409.187s][info][gc,task        ] GC(229) Using 6 of 6 workers for init marking
[409.187s][info][gc,ergo        ] GC(229) Pacer for Mark. Expected Live: 101357K, Free: 42507K, Non-Taxable: 4250K, Alloc Tax Rate: 2.9x
[409.187s][info][gc             ] GC(229) Pause Init Mark (unload classes) 0.082ms
[409.187s][info][gc,start       ] GC(229) Concurrent marking roots
[409.187s][info][gc,task        ] GC(229) Using 3 of 6 workers for concurrent marking roots
[409.187s][info][gc             ] GC(229) Concurrent marking roots 0.234ms
[409.187s][info][gc,start       ] GC(229) Concurrent marking (unload classes)
[409.187s][info][gc,task        ] GC(229) Using 3 of 6 workers for concurrent marking
[409.188s][info][gc             ] GC(229) Concurrent marking (unload classes) 0.636ms
[409.188s][info][gc,start       ] GC(229) Pause Final Mark (unload classes)
[409.188s][info][gc,task        ] GC(229) Using 6 of 6 workers for final marking
[409.188s][info][gc,ergo        ] GC(229) Collectable Garbage: 257M (99%), Immediate: 257M (99%), CSet: 0B (0%)
[409.188s][info][gc             ] GC(229) Pause Final Mark (unload classes) 0.129ms
[409.188s][info][gc,start       ] GC(229) Concurrent weak references
[409.188s][info][gc,task        ] GC(229) Using 3 of 6 workers for concurrent weak references
[409.188s][info][gc,ref         ] GC(229) Encountered references: Soft: 45, Weak: 116, Final: 0, Phantom: 7
[409.188s][info][gc,ref         ] GC(229) Discovered  references: Soft: 0, Weak: 84, Final: 0, Phantom: 5
[409.188s][info][gc,ref         ] GC(229) Enqueued    references: Soft: 0, Weak: 0, Final: 0, Phantom: 0
[409.188s][info][gc             ] GC(229) Concurrent weak references 0.069ms
[409.188s][info][gc,start       ] GC(229) Concurrent weak roots
[409.188s][info][gc,task        ] GC(229) Using 3 of 6 workers for concurrent weak root
[409.188s][info][gc             ] GC(229) Concurrent weak roots 0.110ms
[409.188s][info][gc,start       ] GC(229) Concurrent cleanup
[409.188s][info][gc             ] GC(229) Concurrent cleanup 439M->182M(512M) 0.055ms
[409.188s][info][gc,ergo        ] GC(229) Free: 302M, Max: 256K regular, 170M humongous, Frag: 44% external, 0% internal; Reserve: 26368K, Max: 256K
[409.188s][info][gc,start       ] GC(229) Concurrent class unloading
[409.188s][info][gc,task        ] GC(229) Using 3 of 6 workers for concurrent class unloading
[409.188s][info][gc             ] GC(229) Concurrent class unloading 0.212ms
[409.188s][info][gc,start       ] GC(229) Pause Final Roots
[409.188s][info][gc             ] GC(229) Pause Final Roots 0.016ms
[409.188s][info][gc,ergo        ] Free: 302M, Max: 256K regular, 170M humongous, Frag: 44% external, 0% internal; Reserve: 26368K, Max: 256K
[409.189s][info][gc,stats       ] 
[409.189s][info][gc,stats       ] All times are wall-clock times, except per-root-class counters, that are sum over
[409.189s][info][gc,stats       ] all workers. Dividing the <total> over the root stage time estimates parallelism.
[409.189s][info][gc,stats       ] 
[409.189s][info][gc,stats       ] Concurrent Reset                    160 us
[409.189s][info][gc,stats       ] Pause Init Mark (G)                 124 us
[409.189s][info][gc,stats       ] Pause Init Mark (N)                  92 us
[409.189s][info][gc,stats       ]   Update Region States               26 us
[409.189s][info][gc,stats       ] Concurrent Mark Roots               251 us, parallelism: 1.32x
[409.189s][info][gc,stats       ]   CMR: <total>                      330 us
[409.189s][info][gc,stats       ]   CMR: Thread Roots                 297 us, workers (us):  74, 188,  34, ---, ---, ---, 
[409.189s][info][gc,stats       ]   CMR: VM Strong Roots                4 us, workers (us):   3,   1,   0, ---, ---, ---, 
[409.189s][info][gc,stats       ]   CMR: CLDG Roots                    29 us, workers (us): ---, ---,  29, ---, ---, ---, 
[409.189s][info][gc,stats       ] Concurrent Marking                  652 us
[409.189s][info][gc,stats       ] Pause Final Mark (G)                172 us
[409.189s][info][gc,stats       ] Pause Final Mark (N)                139 us
[409.189s][info][gc,stats       ]   Finish Mark                        29 us
[409.189s][info][gc,stats       ]   Update Region States               26 us
[409.189s][info][gc,stats       ]   Choose Collection Set              37 us
[409.189s][info][gc,stats       ]   Rebuild Free Set                    7 us
[409.189s][info][gc,stats       ] Concurrent Weak References           77 us, parallelism: 0.05x
[409.189s][info][gc,stats       ]   CWRF: <total>                       4 us
[409.189s][info][gc,stats       ]   CWRF: Weak References               4 us, workers (us):   1,   3,   0, ---, ---, ---, 
[409.189s][info][gc,stats       ] Concurrent Weak Roots               125 us
[409.189s][info][gc,stats       ]   Roots                              68 us, parallelism: 1.39x
[409.189s][info][gc,stats       ]     CWR: <total>                     95 us
[409.189s][info][gc,stats       ]     CWR: Code Cache Roots            51 us, workers (us):  17,  34,   0, ---, ---, ---, 
[409.189s][info][gc,stats       ]     CWR: VM Weak Roots               43 us, workers (us):  15,  15,  14, ---, ---, ---, 
[409.189s][info][gc,stats       ]     CWR: CLDG Roots                   1 us, workers (us): ---, ---,   1, ---, ---, ---, 
[409.189s][info][gc,stats       ]   Rendezvous                         26 us
[409.189s][info][gc,stats       ] Concurrent Cleanup                   65 us
[409.189s][info][gc,stats       ] Concurrent Class Unloading          225 us
[409.189s][info][gc,stats       ]   Unlink Stale                      148 us
[409.189s][info][gc,stats       ]     System Dictionary                 1 us
[409.189s][info][gc,stats       ]     Weak Class Links                  0 us
[409.189s][info][gc,stats       ]     Code Roots                      146 us
[409.189s][info][gc,stats       ]   Rendezvous                         24 us
[409.189s][info][gc,stats       ]   Purge Unlinked                     24 us
[409.189s][info][gc,stats       ]     Code Roots                       21 us
[409.189s][info][gc,stats       ]     CLDG                              3 us
[409.189s][info][gc,stats       ]     Exception Caches                  0 us
[409.189s][info][gc,stats       ] Pause Final Roots (G)                45 us
[409.189s][info][gc,stats       ] Pause Final Roots (N)                24 us
[409.189s][info][gc,stats       ] Pacing                           107864 us
[409.189s][info][gc,stats       ] 
[409.189s][info][gc,stats       ] Allocation pacing accrued:
[409.189s][info][gc,stats       ]     108 of  1960 ms (  5.5%): main
[409.189s][info][gc,stats       ]     108 of  1960 ms (  5.5%): <total>
[409.189s][info][gc,stats       ]       8 of  1960 ms (  0.4%): <average total>
[409.189s][info][gc,stats       ]     108 of  1960 ms (  5.5%): <average non-zero>
[409.189s][info][gc,stats       ] 
[409.189s][info][gc,metaspace   ] Metaspace: 1071K(1280K)->1071K(1280K) NonClass: 990K(1088K)->990K(1088K) Class: 81K(192K)->81K(192K)
[409.189s][info][gc,ergo        ] Pacer for Idle. Initial: 10485K, Alloc Tax Rate: 1.0x
[410.643s][info][gc             ] Trigger: Average GC time (3.71 ms) is above the time for average allocation rate (296 MB/s) to deplete free headroom (0B) (margin of error = 3.27)
[410.643s][info][gc,ergo        ] Free headroom: 97536K (free) - 26214K (spike) - 94371K (penalties) = 0B
[410.643s][info][gc,ergo        ] Free: 97536K, Max: 256K regular, 26624K humongous, Frag: 73% external, 0% internal; Reserve: 26368K, Max: 256K
[410.643s][info][gc,start       ] GC(230) Concurrent reset
[410.643s][info][gc,task        ] GC(230) Using 3 of 6 workers for concurrent reset
[410.643s][info][gc,ergo        ] GC(230) Pacer for Reset. Non-Taxable: 512M
[410.644s][info][gc             ] GC(230) Concurrent reset 0.234ms
[410.644s][info][gc,start       ] GC(230) Pause Init Mark (unload classes)
[410.644s][info][gc,task        ] GC(230) Using 6 of 6 workers for init marking
[410.644s][info][gc,ergo        ] GC(230) Pacer for Mark. Expected Live: 123M, Free: 97536K, Non-Taxable: 9753K, Alloc Tax Rate: 1.6x
[410.644s][info][gc             ] GC(230) Pause Init Mark (unload classes) 0.100ms
[410.644s][info][gc,start       ] GC(230) Concurrent marking roots
[410.644s][info][gc,task        ] GC(230) Using 3 of 6 workers for concurrent marking roots
[410.644s][info][gc             ] GC(230) Concurrent marking roots 0.302ms
[410.644s][info][gc,start       ] GC(230) Concurrent marking (unload classes)
[410.644s][info][gc,task        ] GC(230) Using 3 of 6 workers for concurrent marking
[410.645s][info][gc             ] GC(230) Concurrent marking (unload classes) 0.797ms
[410.645s][info][gc,start       ] GC(230) Pause Final Mark (unload classes)
[410.645s][info][gc,task        ] GC(230) Using 6 of 6 workers for final marking
[410.645s][info][gc,ergo        ] GC(230) Collectable Garbage: 280M (99%), Immediate: 280M (99%), CSet: 0B (0%)
[410.645s][info][gc             ] GC(230) Pause Final Mark (unload classes) 0.132ms
[410.645s][info][gc,start       ] GC(230) Concurrent weak references
[410.645s][info][gc,task        ] GC(230) Using 3 of 6 workers for concurrent weak references
[410.645s][info][gc,ref         ] GC(230) Encountered references: Soft: 45, Weak: 116, Final: 0, Phantom: 7
[410.645s][info][gc,ref         ] GC(230) Discovered  references: Soft: 20, Weak: 95, Final: 0, Phantom: 5
[410.645s][info][gc,ref         ] GC(230) Enqueued    references: Soft: 0, Weak: 0, Final: 0, Phantom: 0
[410.645s][info][gc             ] GC(230) Concurrent weak references 0.070ms
[410.645s][info][gc,start       ] GC(230) Concurrent weak roots
[410.645s][info][gc,task        ] GC(230) Using 3 of 6 workers for concurrent weak root
[410.645s][info][gc             ] GC(230) Concurrent weak roots 0.135ms
[410.645s][info][gc,start       ] GC(230) Concurrent cleanup
[410.645s][info][gc             ] GC(230) Concurrent cleanup 387M->107M(512M) 0.059ms
[410.645s][info][gc,ergo        ] GC(230) Free: 378M, Max: 256K regular, 234M humongous, Frag: 39% external, 0% internal; Reserve: 26368K, Max: 256K
[410.646s][info][gc,start       ] GC(230) Concurrent class unloading
[410.646s][info][gc,task        ] GC(230) Using 3 of 6 workers for concurrent class unloading
[410.646s][info][gc             ] GC(230) Concurrent class unloading 0.212ms
[410.646s][info][gc,start       ] GC(230) Pause Final Roots
[410.646s][info][gc             ] GC(230) Pause Final Roots 0.016ms
[410.646s][info][gc,ergo        ] Free: 378M, Max: 256K regular, 234M humongous, Frag: 39% external, 0% internal; Reserve: 26368K, Max: 256K
[410.646s][info][gc,stats       ] 
[410.646s][info][gc,stats       ] All times are wall-clock times, except per-root-class counters, that are sum over
[410.646s][info][gc,stats       ] all workers. Dividing the <total> over the root stage time estimates parallelism.
[410.646s][info][gc,stats       ] 
[410.646s][info][gc,stats       ] Concurrent Reset                    263 us
[410.646s][info][gc,stats       ] Pause Init Mark (G)                 151 us
[410.646s][info][gc,stats       ] Pause Init Mark (N)                 113 us
[410.646s][info][gc,stats       ]   Update Region States               49 us
[410.646s][info][gc,stats       ] Concurrent Mark Roots               322 us, parallelism: 1.29x
[410.646s][info][gc,stats       ]   CMR: <total>                      414 us
[410.646s][info][gc,stats       ]   CMR: Thread Roots                 366 us, workers (us):  73,  60, 234, ---, ---, ---, 
[410.646s][info][gc,stats       ]   CMR: VM Strong Roots                7 us, workers (us):   3,   2,   2, ---, ---, ---, 
[410.646s][info][gc,stats       ]   CMR: CLDG Roots                    40 us, workers (us): ---,  40, ---, ---, ---, ---, 
[410.646s][info][gc,stats       ] Concurrent Marking                  816 us
[410.646s][info][gc,stats       ] Pause Final Mark (G)                175 us
[410.646s][info][gc,stats       ] Pause Final Mark (N)                143 us
[410.646s][info][gc,stats       ]   Finish Mark                        30 us
[410.646s][info][gc,stats       ]   Update Region States               26 us
[410.646s][info][gc,stats       ]   Choose Collection Set              37 us
[410.646s][info][gc,stats       ]   Rebuild Free Set                    9 us
[410.646s][info][gc,stats       ] Concurrent Weak References           78 us, parallelism: 0.07x
[410.646s][info][gc,stats       ]   CWRF: <total>                       6 us
[410.646s][info][gc,stats       ]   CWRF: Weak References               6 us, workers (us):   1,   4,   0, ---, ---, ---, 
[410.646s][info][gc,stats       ] Concurrent Weak Roots               149 us
[410.646s][info][gc,stats       ]   Roots                              94 us, parallelism: 1.42x
[410.646s][info][gc,stats       ]     CWR: <total>                    133 us
[410.646s][info][gc,stats       ]     CWR: Code Cache Roots            70 us, workers (us):  25,  45,   0, ---, ---, ---, 
[410.646s][info][gc,stats       ]     CWR: VM Weak Roots               62 us, workers (us):  19,  20,  23, ---, ---, ---, 
[410.646s][info][gc,stats       ]     CWR: CLDG Roots                   1 us, workers (us):   1, ---, ---, ---, ---, ---, 
[410.646s][info][gc,stats       ]   Rendezvous                         25 us
[410.646s][info][gc,stats       ] Concurrent Cleanup                   69 us
[410.646s][info][gc,stats       ] Concurrent Class Unloading          226 us
[410.646s][info][gc,stats       ]   Unlink Stale                      148 us
[410.646s][info][gc,stats       ]     System Dictionary                 1 us
[410.646s][info][gc,stats       ]     Weak Class Links                  0 us
[410.646s][info][gc,stats       ]     Code Roots                      147 us
[410.646s][info][gc,stats       ]   Rendezvous                         23 us
[410.646s][info][gc,stats       ]   Purge Unlinked                     24 us
[410.646s][info][gc,stats       ]     Code Roots                       21 us
[410.646s][info][gc,stats       ]     CLDG                              2 us
[410.646s][info][gc,stats       ]     Exception Caches                  0 us
[410.646s][info][gc,stats       ] Pause Final Roots (G)                45 us
[410.646s][info][gc,stats       ] Pause Final Roots (N)                25 us
[410.646s][info][gc,stats       ] Pacing                            45775 us
[410.646s][info][gc,stats       ] 
[410.646s][info][gc,stats       ] Allocation pacing accrued:
[410.646s][info][gc,stats       ]      46 of  1457 ms (  3.1%): main
[410.646s][info][gc,stats       ]      46 of  1457 ms (  3.1%): <total>
[410.646s][info][gc,stats       ]       4 of  1457 ms (  0.2%): <average total>
[410.646s][info][gc,stats       ]      46 of  1457 ms (  3.1%): <average non-zero>
[410.646s][info][gc,stats       ] 
[410.646s][info][gc,metaspace   ] Metaspace: 1071K(1280K)->1071K(1280K) NonClass: 990K(1088K)->990K(1088K) Class: 81K(192K)->81K(192K)
[410.646s][info][gc,ergo        ] Pacer for Idle. Initial: 10485K, Alloc Tax Rate: 1.0x
[413.125s][info][gc             ] Trigger: Average GC time (3.32 ms) is above the time for average allocation rate (53839 KB/s) to deplete free headroom (0B) (margin of error = 3.27)
[413.125s][info][gc,ergo        ] Free headroom: 108M (free) - 26214K (spike) - 89128K (penalties) = 0B
[413.125s][info][gc,ergo        ] Free: 108M, Max: 256K regular, 107M humongous, Frag: 2% external, 0% internal; Reserve: 26368K, Max: 256K
[413.125s][info][gc,start       ] GC(231) Concurrent reset
[413.125s][info][gc,task        ] GC(231) Using 3 of 6 workers for concurrent reset
[413.125s][info][gc,ergo        ] GC(231) Pacer for Reset. Non-Taxable: 512M
[413.125s][info][gc             ] GC(231) Concurrent reset 0.217ms
[413.125s][info][gc,start       ] GC(231) Pause Init Mark (unload classes)
[413.125s][info][gc,task        ] GC(231) Using 6 of 6 workers for init marking
[413.125s][info][gc,ergo        ] GC(231) Pacer for Mark. Expected Live: 102M, Free: 108M, Non-Taxable: 11110K, Alloc Tax Rate: 1.2x
[413.125s][info][gc             ] GC(231) Pause Init Mark (unload classes) 0.080ms
[413.125s][info][gc,start       ] GC(231) Concurrent marking roots
[413.125s][info][gc,task        ] GC(231) Using 3 of 6 workers for concurrent marking roots
[413.125s][info][gc             ] GC(231) Concurrent marking roots 0.252ms
[413.125s][info][gc,start       ] GC(231) Concurrent marking (unload classes)
[413.125s][info][gc,task        ] GC(231) Using 3 of 6 workers for concurrent marking
[413.126s][info][gc             ] GC(231) Concurrent marking (unload classes) 0.656ms
[413.126s][info][gc,start       ] GC(231) Pause Final Mark (unload classes)
[413.126s][info][gc,task        ] GC(231) Using 6 of 6 workers for final marking
[413.126s][info][gc,ergo        ] GC(231) Collectable Garbage: 347M (99%), Immediate: 347M (99%), CSet: 0B (0%)
[413.126s][info][gc             ] GC(231) Pause Final Mark (unload classes) 0.131ms
[413.126s][info][gc,start       ] GC(231) Concurrent weak references
[413.126s][info][gc,task        ] GC(231) Using 3 of 6 workers for concurrent weak references
[413.126s][info][gc,ref         ] GC(231) Encountered references: Soft: 45, Weak: 116, Final: 0, Phantom: 7
[413.126s][info][gc,ref         ] GC(231) Discovered  references: Soft: 19, Weak: 95, Final: 0, Phantom: 5
[413.126s][info][gc,ref         ] GC(231) Enqueued    references: Soft: 0, Weak: 0, Final: 0, Phantom: 0
[413.126s][info][gc             ] GC(231) Concurrent weak references 0.079ms
[413.126s][info][gc,start       ] GC(231) Concurrent weak roots
[413.126s][info][gc,task        ] GC(231) Using 3 of 6 workers for concurrent weak root
[413.126s][info][gc             ] GC(231) Concurrent weak roots 0.119ms
[413.126s][info][gc,start       ] GC(231) Concurrent cleanup
[413.127s][info][gc             ] GC(231) Concurrent cleanup 371M->24M(512M) 0.075ms
[413.127s][info][gc,ergo        ] GC(231) Free: 460M, Max: 256K regular, 324M humongous, Frag: 30% external, 0% internal; Reserve: 26368K, Max: 256K
[413.127s][info][gc,start       ] GC(231) Concurrent class unloading
[413.127s][info][gc,task        ] GC(231) Using 3 of 6 workers for concurrent class unloading
[413.127s][info][gc             ] GC(231) Concurrent class unloading 0.230ms
[413.127s][info][gc,start       ] GC(231) Pause Final Roots
[413.127s][info][gc             ] GC(231) Pause Final Roots 0.017ms
[413.127s][info][gc,ergo        ] Free: 460M, Max: 256K regular, 324M humongous, Frag: 30% external, 0% internal; Reserve: 26368K, Max: 256K
[413.127s][info][gc,stats       ] 
[413.127s][info][gc,stats       ] All times are wall-clock times, except per-root-class counters, that are sum over
[413.127s][info][gc,stats       ] all workers. Dividing the <total> over the root stage time estimates parallelism.
[413.127s][info][gc,stats       ] 
[413.127s][info][gc,stats       ] Concurrent Reset                    236 us
[413.127s][info][gc,stats       ] Pause Init Mark (G)                 137 us
[413.127s][info][gc,stats       ] Pause Init Mark (N)                  97 us
[413.127s][info][gc,stats       ]   Update Region States               25 us
[413.127s][info][gc,stats       ] Concurrent Mark Roots               265 us, parallelism: 1.28x
[413.127s][info][gc,stats       ]   CMR: <total>                      339 us
[413.127s][info][gc,stats       ]   CMR: Thread Roots                 304 us, workers (us): 201,  35,  68, ---, ---, ---, 
[413.127s][info][gc,stats       ]   CMR: VM Strong Roots                5 us, workers (us):   2,   1,   1, ---, ---, ---, 
[413.127s][info][gc,stats       ]   CMR: CLDG Roots                    30 us, workers (us): ---,  30, ---, ---, ---, ---, 
[413.127s][info][gc,stats       ] Concurrent Marking                  671 us
[413.127s][info][gc,stats       ] Pause Final Mark (G)                172 us
[413.127s][info][gc,stats       ] Pause Final Mark (N)                141 us
[413.127s][info][gc,stats       ]   Finish Mark                        28 us
[413.127s][info][gc,stats       ]   Update Region States               25 us
[413.127s][info][gc,stats       ]   Choose Collection Set              38 us
[413.127s][info][gc,stats       ]   Rebuild Free Set                    9 us
[413.127s][info][gc,stats       ] Concurrent Weak References           87 us, parallelism: 0.07x
[413.127s][info][gc,stats       ]   CWRF: <total>                       6 us
[413.127s][info][gc,stats       ]   CWRF: Weak References               6 us, workers (us):   2,   4,   0, ---, ---, ---, 
[413.127s][info][gc,stats       ] Concurrent Weak Roots               138 us
[413.127s][info][gc,stats       ]   Roots                              75 us, parallelism: 1.45x
[413.127s][info][gc,stats       ]     CWR: <total>                    109 us
[413.127s][info][gc,stats       ]     CWR: Code Cache Roots            62 us, workers (us):  37,  25,   0, ---, ---, ---, 
[413.127s][info][gc,stats       ]     CWR: VM Weak Roots               46 us, workers (us):  16,  15,  14, ---, ---, ---, 
[413.127s][info][gc,stats       ]     CWR: CLDG Roots                   1 us, workers (us): ---, ---,   1, ---, ---, ---, 
[413.127s][info][gc,stats       ]   Rendezvous                         27 us
[413.127s][info][gc,stats       ] Concurrent Cleanup                   88 us
[413.127s][info][gc,stats       ] Concurrent Class Unloading          253 us
[413.127s][info][gc,stats       ]   Unlink Stale                      162 us
[413.127s][info][gc,stats       ]     System Dictionary                 1 us
[413.127s][info][gc,stats       ]     Weak Class Links                  0 us
[413.127s][info][gc,stats       ]     Code Roots                      159 us
[413.127s][info][gc,stats       ]   Rendezvous                         25 us
[413.127s][info][gc,stats       ]   Purge Unlinked                     26 us
[413.127s][info][gc,stats       ]     Code Roots                       22 us
[413.127s][info][gc,stats       ]     CLDG                              3 us
[413.127s][info][gc,stats       ]     Exception Caches                  0 us
[413.127s][info][gc,stats       ] Pause Final Roots (G)                58 us
[413.127s][info][gc,stats       ] Pause Final Roots (N)                34 us
[413.127s][info][gc,stats       ] Pacing                            46662 us
[413.127s][info][gc,stats       ] 
[413.127s][info][gc,stats       ] Allocation pacing accrued:
[413.127s][info][gc,stats       ]      47 of  2481 ms (  1.9%): main
[413.127s][info][gc,stats       ]      47 of  2481 ms (  1.9%): <total>
[413.127s][info][gc,stats       ]       4 of  2481 ms (  0.1%): <average total>
[413.127s][info][gc,stats       ]      47 of  2481 ms (  1.9%): <average non-zero>
[413.127s][info][gc,stats       ] 
[413.127s][info][gc,metaspace   ] Metaspace: 1071K(1280K)->1071K(1280K) NonClass: 990K(1088K)->990K(1088K) Class: 81K(192K)->81K(192K)
[413.127s][info][gc,ergo        ] Pacer for Idle. Initial: 10485K, Alloc Tax Rate: 1.0x
[416.522s][info][gc             ] Trigger: Free (11008K) is below minimum threshold (52428K)
[416.522s][info][gc,ergo        ] Free: 11008K, Max: 256K regular, 6912K humongous, Frag: 38% external, 0% internal; Reserve: 26368K, Max: 256K
[416.522s][info][gc,start       ] GC(232) Concurrent reset
[416.522s][info][gc,task        ] GC(232) Using 3 of 6 workers for concurrent reset
[416.522s][info][gc,ergo        ] GC(232) Pacer for Reset. Non-Taxable: 512M
[416.522s][info][gc             ] GC(232) Concurrent reset 0.218ms
[416.522s][info][gc,start       ] GC(232) Pause Init Mark (unload classes)
[416.522s][info][gc,task        ] GC(232) Using 6 of 6 workers for init marking
[416.522s][info][gc,ergo        ] GC(232) Pacer for Mark. Expected Live: 97465K, Free: 11008K, Non-Taxable: 1100K, Alloc Tax Rate: 10.8x
[416.522s][info][gc             ] GC(232) Pause Init Mark (unload classes) 0.107ms
[416.522s][info][gc,start       ] GC(232) Concurrent marking roots
[416.522s][info][gc,task        ] GC(232) Using 3 of 6 workers for concurrent marking roots
[416.522s][info][gc             ] GC(232) Concurrent marking roots 0.259ms
[416.522s][info][gc,start       ] GC(232) Concurrent marking (unload classes)
[416.522s][info][gc,task        ] GC(232) Using 3 of 6 workers for concurrent marking
[416.523s][info][gc             ] GC(232) Concurrent marking (unload classes) 0.716ms
[416.523s][info][gc,start       ] GC(232) Pause Final Mark (unload classes)
[416.523s][info][gc,task        ] GC(232) Using 6 of 6 workers for final marking
[416.523s][info][gc,ergo        ] GC(232) Collectable Garbage: 325M (99%), Immediate: 325M (99%), CSet: 0B (0%)
[416.523s][info][gc             ] GC(232) Pause Final Mark (unload classes) 0.141ms
[416.523s][info][gc,start       ] GC(232) Concurrent weak references
[416.523s][info][gc,task        ] GC(232) Using 3 of 6 workers for concurrent weak references
[416.523s][info][gc,ref         ] GC(232) Encountered references: Soft: 45, Weak: 116, Final: 0, Phantom: 7
[416.524s][info][gc,ref         ] GC(232) Discovered  references: Soft: 0, Weak: 72, Final: 0, Phantom: 5
[416.524s][info][gc,ref         ] GC(232) Enqueued    references: Soft: 0, Weak: 0, Final: 0, Phantom: 0
[416.524s][info][gc             ] GC(232) Concurrent weak references 0.102ms
[416.524s][info][gc,start       ] GC(232) Concurrent weak roots
[416.524s][info][gc,task        ] GC(232) Using 3 of 6 workers for concurrent weak root
[416.524s][info][gc             ] GC(232) Concurrent weak roots 0.145ms
[416.524s][info][gc,start       ] GC(232) Concurrent cleanup
[416.524s][info][gc             ] GC(232) Concurrent cleanup 468M->142M(512M) 0.067ms
[416.524s][info][gc,ergo        ] GC(232) Free: 342M, Max: 256K regular, 178M humongous, Frag: 48% external, 0% internal; Reserve: 26368K, Max: 256K
[416.524s][info][gc,start       ] GC(232) Concurrent class unloading
[416.524s][info][gc,task        ] GC(232) Using 3 of 6 workers for concurrent class unloading
[416.524s][info][gc             ] GC(232) Concurrent class unloading 0.267ms
[416.524s][info][gc,start       ] GC(232) Pause Final Roots
[416.524s][info][gc             ] GC(232) Pause Final Roots 0.018ms
[416.524s][info][gc,ergo        ] Free: 342M, Max: 256K regular, 178M humongous, Frag: 48% external, 0% internal; Reserve: 26368K, Max: 256K
[416.524s][info][gc,stats       ] 
[416.524s][info][gc,stats       ] All times are wall-clock times, except per-root-class counters, that are sum over
[416.524s][info][gc,stats       ] all workers. Dividing the <total> over the root stage time estimates parallelism.
[416.524s][info][gc,stats       ] 
[416.524s][info][gc,stats       ] Concurrent Reset                    237 us
[416.524s][info][gc,stats       ] Pause Init Mark (G)                 230 us
[416.524s][info][gc,stats       ] Pause Init Mark (N)                 117 us
[416.524s][info][gc,stats       ]   Update Region States               54 us
[416.524s][info][gc,stats       ] Concurrent Mark Roots               277 us, parallelism: 1.14x
[416.524s][info][gc,stats       ]   CMR: <total>                      317 us
[416.524s][info][gc,stats       ]   CMR: Thread Roots                 287 us, workers (us): 181,  71,  35, ---, ---, ---, 
[416.524s][info][gc,stats       ]   CMR: VM Strong Roots                3 us, workers (us):   3,   0,   0, ---, ---, ---, 
[416.524s][info][gc,stats       ]   CMR: CLDG Roots                    26 us, workers (us):  26, ---, ---, ---, ---, ---, 
[416.524s][info][gc,stats       ] Concurrent Marking                  733 us
[416.524s][info][gc,stats       ] Pause Final Mark (G)                226 us
[416.524s][info][gc,stats       ] Pause Final Mark (N)                150 us
[416.524s][info][gc,stats       ]   Finish Mark                        32 us
[416.524s][info][gc,stats       ]   Update Region States               30 us
[416.524s][info][gc,stats       ]   Choose Collection Set              42 us
[416.524s][info][gc,stats       ]   Rebuild Free Set                    7 us
[416.524s][info][gc,stats       ] Concurrent Weak References          110 us, parallelism: 0.04x
[416.524s][info][gc,stats       ]   CWRF: <total>                       4 us
[416.524s][info][gc,stats       ]   CWRF: Weak References               4 us, workers (us):   3,   1,   0, ---, ---, ---, 
[416.524s][info][gc,stats       ] Concurrent Weak Roots               159 us
[416.524s][info][gc,stats       ]   Roots                              71 us, parallelism: 1.44x
[416.524s][info][gc,stats       ]     CWR: <total>                    103 us
[416.524s][info][gc,stats       ]     CWR: Code Cache Roots            53 us, workers (us):  35,   0,  17, ---, ---, ---, 
[416.524s][info][gc,stats       ]     CWR: VM Weak Roots               50 us, workers (us):  15,  20,  14, ---, ---, ---, 
[416.524s][info][gc,stats       ]     CWR: CLDG Roots                   1 us, workers (us): ---, ---,   1, ---, ---, ---, 
[416.524s][info][gc,stats       ]   Rendezvous                         58 us
[416.524s][info][gc,stats       ] Concurrent Cleanup                   77 us
[416.524s][info][gc,stats       ] Concurrent Class Unloading          279 us
[416.524s][info][gc,stats       ]   Unlink Stale                      165 us
[416.524s][info][gc,stats       ]     System Dictionary                 1 us
[416.524s][info][gc,stats       ]     Weak Class Links                  0 us
[416.524s][info][gc,stats       ]     Code Roots                      163 us
[416.524s][info][gc,stats       ]   Rendezvous                         59 us
[416.524s][info][gc,stats       ]   Purge Unlinked                     26 us
[416.525s][info][gc,stats       ]     Code Roots                       23 us
[416.525s][info][gc,stats       ]     CLDG                              2 us
[416.525s][info][gc,stats       ]     Exception Caches                  0 us
[416.525s][info][gc,stats       ] Pause Final Roots (G)                92 us
[416.525s][info][gc,stats       ] Pause Final Roots (N)                27 us
[416.525s][info][gc,stats       ] Pacing                            94615 us
[416.525s][info][gc,stats       ] 
[416.525s][info][gc,stats       ] Allocation pacing accrued:
[416.525s][info][gc,stats       ]      95 of  3397 ms (  2.8%): main
[416.525s][info][gc,stats       ]      95 of  3397 ms (  2.8%): <total>
[416.525s][info][gc,stats       ]       7 of  3397 ms (  0.2%): <average total>
[416.525s][info][gc,stats       ]      95 of  3397 ms (  2.8%): <average non-zero>
[416.525s][info][gc,stats       ] 
[416.525s][info][gc,metaspace   ] Metaspace: 1071K(1280K)->1071K(1280K) NonClass: 990K(1088K)->990K(1088K) Class: 81K(192K)->81K(192K)
[416.525s][info][gc,ergo        ] Pacer for Idle. Initial: 10485K, Alloc Tax Rate: 1.0x
[419.083s][info][gc             ] Trigger: Average GC time (2.99 ms) is above the time for average allocation rate (85920 KB/s) to deplete free headroom (0B) (margin of error = 3.26)
[419.083s][info][gc,ergo        ] Free headroom: 101120K (free) - 26214K (spike) - 78643K (penalties) = 0B
[419.083s][info][gc,ergo        ] Free: 101120K, Max: 256K regular, 64768K humongous, Frag: 36% external, 0% internal; Reserve: 26368K, Max: 256K
[419.083s][info][gc,start       ] GC(233) Concurrent reset
[419.083s][info][gc,task        ] GC(233) Using 3 of 6 workers for concurrent reset
[419.083s][info][gc,ergo        ] GC(233) Pacer for Reset. Non-Taxable: 512M
[419.083s][info][gc             ] GC(233) Concurrent reset 0.228ms
[419.083s][info][gc,start       ] GC(233) Pause Init Mark (unload classes)
[419.083s][info][gc,task        ] GC(233) Using 6 of 6 workers for init marking
[419.083s][info][gc,ergo        ] GC(233) Pacer for Mark. Expected Live: 100333K, Free: 101120K, Non-Taxable: 10112K, Alloc Tax Rate: 1.2x
[419.083s][info][gc             ] GC(233) Pause Init Mark (unload classes) 0.102ms
[419.083s][info][gc,start       ] GC(233) Concurrent marking roots
[419.083s][info][gc,task        ] GC(233) Using 3 of 6 workers for concurrent marking roots
[419.083s][info][gc             ] GC(233) Concurrent marking roots 0.266ms
[419.084s][info][gc,start       ] GC(233) Concurrent marking (unload classes)
[419.084s][info][gc,task        ] GC(233) Using 3 of 6 workers for concurrent marking
[419.084s][info][gc             ] GC(233) Concurrent marking (unload classes) 0.679ms
[419.084s][info][gc,start       ] GC(233) Pause Final Mark (unload classes)
[419.084s][info][gc,task        ] GC(233) Using 6 of 6 workers for final marking
[419.084s][info][gc,ergo        ] GC(233) Collectable Garbage: 314M (99%), Immediate: 314M (99%), CSet: 0B (0%)
[419.084s][info][gc             ] GC(233) Pause Final Mark (unload classes) 0.132ms
[419.084s][info][gc,start       ] GC(233) Concurrent weak references
[419.084s][info][gc,task        ] GC(233) Using 3 of 6 workers for concurrent weak references
[419.084s][info][gc,ref         ] GC(233) Encountered references: Soft: 45, Weak: 116, Final: 0, Phantom: 7
[419.084s][info][gc,ref         ] GC(233) Discovered  references: Soft: 17, Weak: 81, Final: 0, Phantom: 5
[419.084s][info][gc,ref         ] GC(233) Enqueued    references: Soft: 0, Weak: 0, Final: 0, Phantom: 0
[419.084s][info][gc             ] GC(233) Concurrent weak references 0.086ms
[419.084s][info][gc,start       ] GC(233) Concurrent weak roots
[419.084s][info][gc,task        ] GC(233) Using 3 of 6 workers for concurrent weak root
[419.085s][info][gc             ] GC(233) Concurrent weak roots 0.116ms
[419.085s][info][gc,start       ] GC(233) Concurrent cleanup
[419.085s][info][gc             ] GC(233) Concurrent cleanup 381M->67M(512M) 0.065ms
[419.085s][info][gc,ergo        ] GC(233) Free: 418M, Max: 256K regular, 211M humongous, Frag: 50% external, 0% internal; Reserve: 26368K, Max: 256K
[419.085s][info][gc,start       ] GC(233) Concurrent class unloading
[419.085s][info][gc,task        ] GC(233) Using 3 of 6 workers for concurrent class unloading
[419.085s][info][gc             ] GC(233) Concurrent class unloading 0.254ms
[419.085s][info][gc,start       ] GC(233) Pause Final Roots
[419.085s][info][gc             ] GC(233) Pause Final Roots 0.015ms
[419.085s][info][gc,ergo        ] Free: 418M, Max: 256K regular, 211M humongous, Frag: 50% external, 0% internal; Reserve: 26368K, Max: 256K
[419.085s][info][gc,stats       ] 
[419.085s][info][gc,stats       ] All times are wall-clock times, except per-root-class counters, that are sum over
[419.085s][info][gc,stats       ] all workers. Dividing the <total> over the root stage time estimates parallelism.
[419.085s][info][gc,stats       ] 
[419.085s][info][gc,stats       ] Concurrent Reset                    246 us
[419.085s][info][gc,stats       ] Pause Init Mark (G)                 180 us
[419.085s][info][gc,stats       ] Pause Init Mark (N)                 111 us
[419.085s][info][gc,stats       ]   Update Region States               54 us
[419.085s][info][gc,stats       ] Concurrent Mark Roots               284 us, parallelism: 1.13x
[419.085s][info][gc,stats       ]   CMR: <total>                      321 us
[419.085s][info][gc,stats       ]   CMR: Thread Roots                 289 us, workers (us): 182,  73,  34, ---, ---, ---, 
[419.085s][info][gc,stats       ]   CMR: VM Strong Roots                4 us, workers (us):   2,   2,   0, ---, ---, ---, 
[419.085s][info][gc,stats       ]   CMR: CLDG Roots                    29 us, workers (us):  29, ---, ---, ---, ---, ---, 
[419.085s][info][gc,stats       ] Concurrent Marking                  695 us
[419.085s][info][gc,stats       ] Pause Final Mark (G)                180 us
[419.085s][info][gc,stats       ] Pause Final Mark (N)                142 us
[419.085s][info][gc,stats       ]   Finish Mark                        28 us
[419.085s][info][gc,stats       ]   Update Region States               29 us
[419.085s][info][gc,stats       ]   Choose Collection Set              39 us
[419.085s][info][gc,stats       ]   Rebuild Free Set                    8 us
[419.085s][info][gc,stats       ] Concurrent Weak References           94 us, parallelism: 0.05x
[419.085s][info][gc,stats       ]   CWRF: <total>                       4 us
[419.085s][info][gc,stats       ]   CWRF: Weak References               4 us, workers (us):   3,   2,   0, ---, ---, ---, 
[419.085s][info][gc,stats       ] Concurrent Weak Roots               131 us
[419.085s][info][gc,stats       ]   Roots                              75 us, parallelism: 1.32x
[419.085s][info][gc,stats       ]     CWR: <total>                     99 us
[419.085s][info][gc,stats       ]     CWR: Code Cache Roots            57 us, workers (us):  18,  39,   0, ---, ---, ---, 
[419.085s][info][gc,stats       ]     CWR: VM Weak Roots               42 us, workers (us):  14,  14,  14, ---, ---, ---, 
[419.085s][info][gc,stats       ]     CWR: CLDG Roots                   1 us, workers (us): ---, ---,   1, ---, ---, ---, 
[419.085s][info][gc,stats       ]   Rendezvous                         25 us
[419.085s][info][gc,stats       ] Concurrent Cleanup                   75 us
[419.085s][info][gc,stats       ] Concurrent Class Unloading          272 us
[419.085s][info][gc,stats       ]   Unlink Stale                      187 us
[419.085s][info][gc,stats       ]     System Dictionary                 1 us
[419.085s][info][gc,stats       ]     Weak Class Links                  0 us
[419.085s][info][gc,stats       ]     Code Roots                      185 us
[419.085s][info][gc,stats       ]   Rendezvous                         25 us
[419.085s][info][gc,stats       ]   Purge Unlinked                     26 us
[419.085s][info][gc,stats       ]     Code Roots                       23 us
[419.085s][info][gc,stats       ]     CLDG                              3 us
[419.085s][info][gc,stats       ]     Exception Caches                  0 us
[419.085s][info][gc,stats       ] Pause Final Roots (G)                45 us
[419.085s][info][gc,stats       ] Pause Final Roots (N)                23 us
[419.085s][info][gc,stats       ] Pacing                            47456 us
[419.085s][info][gc,stats       ] 
[419.085s][info][gc,stats       ] Allocation pacing accrued:
[419.085s][info][gc,stats       ]      47 of  2561 ms (  1.9%): main
[419.085s][info][gc,stats       ]      47 of  2561 ms (  1.9%): <total>
[419.085s][info][gc,stats       ]       4 of  2561 ms (  0.1%): <average total>
[419.085s][info][gc,stats       ]      47 of  2561 ms (  1.9%): <average non-zero>
[419.085s][info][gc,stats       ] 
[419.085s][info][gc,metaspace   ] Metaspace: 1071K(1280K)->1071K(1280K) NonClass: 990K(1088K)->990K(1088K) Class: 81K(192K)->81K(192K)
[419.085s][info][gc,ergo        ] Pacer for Idle. Initial: 10485K, Alloc Tax Rate: 1.0x
[420.922s][info][gc             ] Failed to allocate Shared, 100M
[420.922s][info][gc             ] Cancelling GC: Allocation Failure
[420.938s][info][gc             ] Trigger: Handle Allocation Failure
[420.938s][info][gc,ergo        ] Free: 122M, Max: 256K regular, 62464K humongous, Frag: 50% external, 0% internal; Reserve: 26368K, Max: 256K
[420.938s][info][gc,start       ] GC(234) Pause Degenerated GC (Outside of Cycle)
[420.938s][info][gc,task        ] GC(234) Using 6 of 6 workers for stw degenerated gc
[420.938s][info][gc,ref         ] GC(234) Clearing All SoftReferences
[420.939s][info][gc,ref         ] GC(234) Encountered references: Soft: 45, Weak: 116, Final: 0, Phantom: 7
[420.939s][info][gc,ref         ] GC(234) Discovered  references: Soft: 19, Weak: 95, Final: 0, Phantom: 5
[420.939s][info][gc,ref         ] GC(234) Enqueued    references: Soft: 0, Weak: 0, Final: 0, Phantom: 0
[420.939s][info][gc,ergo        ] GC(234) Collectable Garbage: 147M (99%), Immediate: 147M (99%), CSet: 0B (0%)
[420.939s][info][gc,ergo        ] GC(234) Good progress for free space: 272M, need 5242K
[420.939s][info][gc,ergo        ] GC(234) Good progress for used space: 147M, need 256K
[420.939s][info][gc             ] GC(234) Pause Degenerated GC (Outside of Cycle) 359M->212M(512M) 1.348ms
[420.939s][info][gc,ergo        ] Free: 272M, Max: 256K regular, 105M humongous, Frag: 62% external, 0% internal; Reserve: 26368K, Max: 256K
[420.939s][info][gc,stats       ] 
[420.939s][info][gc,stats       ] All times are wall-clock times, except per-root-class counters, that are sum over
[420.939s][info][gc,stats       ] all workers. Dividing the <total> over the root stage time estimates parallelism.
[420.939s][info][gc,stats       ] 
[420.939s][info][gc,stats       ] Pause Degenerated GC (G)           1441 us
[420.939s][info][gc,stats       ] Pause Degenerated GC (N)           1364 us
[420.939s][info][gc,stats       ]   Degen STW Mark                    550 us, parallelism: 5.50x
[420.939s][info][gc,stats       ]     DSM: <total>                   3022 us
[420.939s][info][gc,stats       ]     DSM: Thread Roots                57 us, workers (us):   9,   9,   9,  10,  16,   3, 
[420.939s][info][gc,stats       ]     DSM: VM Strong Roots              4 us, workers (us):   2,   2,   0,   0,   0,   0, 
[420.939s][info][gc,stats       ]     DSM: CLDG Roots                  39 us, workers (us):   0,   0,   0,   0,   0,  37, 
[420.939s][info][gc,stats       ]     DSM: Parallel Mark             2923 us, workers (us): 493, 494, 494, 493, 487, 462, 
[420.939s][info][gc,stats       ]     System Purge                    272 us
[420.939s][info][gc,stats       ]       Weak References               139 us, parallelism: 0.05x
[420.939s][info][gc,stats       ]         WRP: <total>                  7 us
[420.939s][info][gc,stats       ]         WRP: Weak References          7 us, workers (us):   6,   1,   0,   0,   0,   0, 
[420.939s][info][gc,stats       ]       Unload Classes                 99 us, parallelism: 3.58x
[420.939s][info][gc,stats       ]         DCU: <total>                356 us
[420.939s][info][gc,stats       ]         DCU: Unload Code Caches      356 us, workers (us):  54,  59,  52,  63,  70,  59, 
[420.939s][info][gc,stats       ]       Weak Roots                     31 us, parallelism: 2.15x
[420.940s][info][gc,stats       ]         DWR: <total>                 68 us
[420.940s][info][gc,stats       ]         DWR: VM Weak Roots           68 us, workers (us):  14,  14,  12,  11,   9,   8, 
[420.940s][info][gc,stats       ]       CLDG                            1 us
[420.940s][info][gc,stats       ]   Update Region States               55 us
[420.940s][info][gc,stats       ]   Manage GC/TLABs                     3 us
[420.940s][info][gc,stats       ]   Choose Collection Set              40 us
[420.940s][info][gc,stats       ]   Rebuild Free Set                    8 us
[420.940s][info][gc,stats       ]   Cleanup                            11 us
[420.940s][info][gc,stats       ] Pacing                           109414 us
[420.940s][info][gc,stats       ] 
[420.940s][info][gc,stats       ] Allocation pacing accrued:
[420.940s][info][gc,stats       ]     109 of  1854 ms (  5.9%): main
[420.940s][info][gc,stats       ]     109 of  1854 ms (  5.9%): <total>
[420.940s][info][gc,stats       ]       8 of  1854 ms (  0.5%): <average total>
[420.940s][info][gc,stats       ]     109 of  1854 ms (  5.9%): <average non-zero>
[420.940s][info][gc,stats       ] 
[420.940s][info][gc,metaspace   ] Metaspace: 1071K(1280K)->1071K(1280K) NonClass: 990K(1088K)->990K(1088K) Class: 81K(192K)->81K(192K)
[420.940s][info][gc,ergo        ] Pacer for Idle. Initial: 10485K, Alloc Tax Rate: 1.0x
[422.045s][info][gc             ] Trigger: Average GC time (2.78 ms) is above the time for average allocation rate (73442 KB/s) to deplete free headroom (0B) (margin of error = 3.29)
[422.045s][info][gc,ergo        ] Free headroom: 139M (free) - 26214K (spike) - 122M (penalties) = 0B
[422.045s][info][gc,ergo        ] Free: 139M, Max: 256K regular, 62464K humongous, Frag: 57% external, 0% internal; Reserve: 26368K, Max: 256K
[422.045s][info][gc,start       ] GC(235) Concurrent reset
[422.045s][info][gc,task        ] GC(235) Using 3 of 6 workers for concurrent reset
[422.045s][info][gc,ergo        ] GC(235) Pacer for Reset. Non-Taxable: 512M
[422.045s][info][gc             ] GC(235) Concurrent reset 0.340ms
[422.045s][info][gc,start       ] GC(235) Pause Init Mark (unload classes)
[422.045s][info][gc,task        ] GC(235) Using 6 of 6 workers for init marking
[422.045s][info][gc,ergo        ] GC(235) Pacer for Mark. Expected Live: 146M, Free: 139M, Non-Taxable: 14310K, Alloc Tax Rate: 1.3x
[422.045s][info][gc             ] GC(235) Pause Init Mark (unload classes) 0.145ms
[422.045s][info][gc,start       ] GC(235) Concurrent marking roots
[422.046s][info][gc,task        ] GC(235) Using 3 of 6 workers for concurrent marking roots
[422.046s][info][gc             ] GC(235) Concurrent marking roots 0.324ms
[422.046s][info][gc,start       ] GC(235) Concurrent marking (unload classes)
[422.046s][info][gc,task        ] GC(235) Using 3 of 6 workers for concurrent marking
[422.047s][info][gc             ] GC(235) Concurrent marking (unload classes) 0.767ms
[422.047s][info][gc,start       ] GC(235) Pause Final Mark (unload classes)
[422.047s][info][gc,task        ] GC(235) Using 6 of 6 workers for final marking
[422.047s][info][gc,ergo        ] GC(235) Collectable Garbage: 326M (99%), Immediate: 326M (99%), CSet: 0B (0%)
[422.047s][info][gc             ] GC(235) Pause Final Mark (unload classes) 0.326ms
[422.047s][info][gc,start       ] GC(235) Concurrent weak references
[422.047s][info][gc,task        ] GC(235) Using 3 of 6 workers for concurrent weak references
[422.047s][info][gc,ref         ] GC(235) Encountered references: Soft: 45, Weak: 116, Final: 0, Phantom: 7
[422.047s][info][gc,ref         ] GC(235) Discovered  references: Soft: 18, Weak: 83, Final: 0, Phantom: 5
[422.047s][info][gc,ref         ] GC(235) Enqueued    references: Soft: 0, Weak: 0, Final: 0, Phantom: 0
[422.047s][info][gc             ] GC(235) Concurrent weak references 0.122ms
[422.047s][info][gc,start       ] GC(235) Concurrent weak roots
[422.047s][info][gc,task        ] GC(235) Using 3 of 6 workers for concurrent weak root
[422.047s][info][gc             ] GC(235) Concurrent weak roots 0.196ms
[422.047s][info][gc,start       ] GC(235) Concurrent cleanup
[422.047s][info][gc             ] GC(235) Concurrent cleanup 343M->17M(512M) 0.064ms
[422.047s][info][gc,ergo        ] GC(235) Free: 468M, Max: 256K regular, 451M humongous, Frag: 4% external, 0% internal; Reserve: 26368K, Max: 256K
[422.047s][info][gc,start       ] GC(235) Concurrent class unloading
[422.048s][info][gc,task        ] GC(235) Using 3 of 6 workers for concurrent class unloading
[422.048s][info][gc             ] GC(235) Concurrent class unloading 0.334ms
[422.048s][info][gc,start       ] GC(235) Pause Final Roots
[422.048s][info][gc             ] GC(235) Pause Final Roots 0.020ms
[422.048s][info][gc,ergo        ] Free: 468M, Max: 256K regular, 451M humongous, Frag: 4% external, 0% internal; Reserve: 26368K, Max: 256K
[422.048s][info][gc,stats       ] 
[422.048s][info][gc,stats       ] All times are wall-clock times, except per-root-class counters, that are sum over
[422.048s][info][gc,stats       ] all workers. Dividing the <total> over the root stage time estimates parallelism.
[422.048s][info][gc,stats       ] 
[422.048s][info][gc,stats       ] Concurrent Reset                    365 us
[422.048s][info][gc,stats       ] Pause Init Mark (G)                 220 us
[422.048s][info][gc,stats       ] Pause Init Mark (N)                 155 us
[422.048s][info][gc,stats       ]   Update Region States               92 us
[422.048s][info][gc,stats       ] Concurrent Mark Roots               350 us, parallelism: 0.95x
[422.048s][info][gc,stats       ]   CMR: <total>                      331 us
[422.048s][info][gc,stats       ]   CMR: Thread Roots                 297 us, workers (us):  70, 191,  36, ---, ---, ---, 
[422.048s][info][gc,stats       ]   CMR: VM Strong Roots                3 us, workers (us):   3,   0,   0, ---, ---, ---, 
[422.048s][info][gc,stats       ]   CMR: CLDG Roots                    30 us, workers (us):  30, ---, ---, ---, ---, ---, 
[422.048s][info][gc,stats       ] Concurrent Marking                  785 us
[422.048s][info][gc,stats       ] Pause Final Mark (G)                438 us
[422.048s][info][gc,stats       ] Pause Final Mark (N)                336 us
[422.048s][info][gc,stats       ]   Finish Mark                       137 us
[422.048s][info][gc,stats       ]   Update Region States              106 us
[422.048s][info][gc,stats       ]   Choose Collection Set              38 us
[422.048s][info][gc,stats       ]   Rebuild Free Set                    9 us
[422.048s][info][gc,stats       ] Concurrent Weak References          130 us, parallelism: 0.04x
[422.048s][info][gc,stats       ]   CWRF: <total>                       5 us
[422.048s][info][gc,stats       ]   CWRF: Weak References               5 us, workers (us):   3,   1,   1, ---, ---, ---, 
[422.048s][info][gc,stats       ] Concurrent Weak Roots               210 us
[422.048s][info][gc,stats       ]   Roots                             123 us, parallelism: 0.90x
[422.048s][info][gc,stats       ]     CWR: <total>                    111 us
[422.048s][info][gc,stats       ]     CWR: Code Cache Roots            58 us, workers (us):  17,   0,  41, ---, ---, ---, 
[422.048s][info][gc,stats       ]     CWR: VM Weak Roots               53 us, workers (us):  18,  18,  17, ---, ---, ---, 
[422.048s][info][gc,stats       ]     CWR: CLDG Roots                   1 us, workers (us): ---,   1, ---, ---, ---, ---, 
[422.048s][info][gc,stats       ]   Rendezvous                         57 us
[422.048s][info][gc,stats       ] Concurrent Cleanup                   74 us
[422.048s][info][gc,stats       ] Concurrent Class Unloading          347 us
[422.048s][info][gc,stats       ]   Unlink Stale                      204 us
[422.048s][info][gc,stats       ]     System Dictionary                 1 us
[422.048s][info][gc,stats       ]     Weak Class Links                  0 us
[422.048s][info][gc,stats       ]     Code Roots                      202 us
[422.048s][info][gc,stats       ]   Rendezvous                         55 us
[422.048s][info][gc,stats       ]   Purge Unlinked                     57 us
[422.048s][info][gc,stats       ]     Code Roots                       55 us
[422.048s][info][gc,stats       ]     CLDG                              3 us
[422.048s][info][gc,stats       ]     Exception Caches                  0 us
[422.048s][info][gc,stats       ] Pause Final Roots (G)                79 us
[422.048s][info][gc,stats       ] Pause Final Roots (N)                29 us
[422.048s][info][gc,stats       ] 
[422.048s][info][gc,stats       ] Allocation pacing accrued:
[422.048s][info][gc,stats       ]       0 of  1109 ms (  0.0%): <total>
[422.048s][info][gc,stats       ]       0 of  1109 ms (  0.0%): <average total>
[422.048s][info][gc,stats       ] 
[422.048s][info][gc,metaspace   ] Metaspace: 1071K(1280K)->1071K(1280K) NonClass: 990K(1088K)->990K(1088K) Class: 81K(192K)->81K(192K)
[422.048s][info][gc,ergo        ] Pacer for Idle. Initial: 10485K, Alloc Tax Rate: 1.0x
[423.899s][info][gc             ] Trigger: Average GC time (3.92 ms) is above the time for average allocation rate (627 MB/s) to deplete free headroom (0B) (margin of error = 3.28)
[423.899s][info][gc,ergo        ] Free headroom: 73728K (free) - 26214K (spike) - 117M (penalties) = 0B
[423.899s][info][gc,ergo        ] Free: 73728K, Max: 256K regular, 64512K humongous, Frag: 13% external, 0% internal; Reserve: 26368K, Max: 256K
[423.899s][info][gc,start       ] GC(236) Concurrent reset
[423.899s][info][gc,task        ] GC(236) Using 3 of 6 workers for concurrent reset
[423.899s][info][gc,ergo        ] GC(236) Pacer for Reset. Non-Taxable: 512M
[423.899s][info][gc             ] GC(236) Concurrent reset 0.144ms
[423.899s][info][gc,start       ] GC(236) Pause Init Mark (unload classes)
[423.899s][info][gc,task        ] GC(236) Using 6 of 6 workers for init marking
[423.899s][info][gc,ergo        ] GC(236) Pacer for Mark. Expected Live: 113M, Free: 73728K, Non-Taxable: 7372K, Alloc Tax Rate: 1.9x
[423.899s][info][gc             ] GC(236) Pause Init Mark (unload classes) 0.072ms
[423.899s][info][gc,start       ] GC(236) Concurrent marking roots
[423.899s][info][gc,task        ] GC(236) Using 3 of 6 workers for concurrent marking roots
[423.899s][info][gc             ] GC(236) Concurrent marking roots 0.268ms
[423.899s][info][gc,start       ] GC(236) Concurrent marking (unload classes)
[423.899s][info][gc,task        ] GC(236) Using 3 of 6 workers for concurrent marking
[423.900s][info][gc             ] GC(236) Concurrent marking (unload classes) 0.755ms
[423.900s][info][gc,start       ] GC(236) Pause Final Mark (unload classes)
[423.900s][info][gc,task        ] GC(236) Using 6 of 6 workers for final marking
[423.900s][info][gc,ergo        ] GC(236) Collectable Garbage: 291M (99%), Immediate: 291M (99%), CSet: 0B (0%)
[423.900s][info][gc             ] GC(236) Pause Final Mark (unload classes) 0.165ms
[423.900s][info][gc,start       ] GC(236) Concurrent weak references
[423.901s][info][gc,task        ] GC(236) Using 3 of 6 workers for concurrent weak references
[423.901s][info][gc,ref         ] GC(236) Encountered references: Soft: 45, Weak: 116, Final: 0, Phantom: 7
[423.901s][info][gc,ref         ] GC(236) Discovered  references: Soft: 0, Weak: 95, Final: 0, Phantom: 5
[423.901s][info][gc,ref         ] GC(236) Enqueued    references: Soft: 0, Weak: 0, Final: 0, Phantom: 0
[423.901s][info][gc             ] GC(236) Concurrent weak references 0.093ms
[423.901s][info][gc,start       ] GC(236) Concurrent weak roots
[423.901s][info][gc,task        ] GC(236) Using 3 of 6 workers for concurrent weak root
[423.901s][info][gc             ] GC(236) Concurrent weak roots 0.147ms
[423.901s][info][gc,start       ] GC(236) Concurrent cleanup
[423.901s][info][gc             ] GC(236) Concurrent cleanup 409M->118M(512M) 0.080ms
[423.901s][info][gc,ergo        ] GC(236) Free: 366M, Max: 256K regular, 217M humongous, Frag: 41% external, 0% internal; Reserve: 26368K, Max: 256K
[423.901s][info][gc,start       ] GC(236) Concurrent class unloading
[423.901s][info][gc,task        ] GC(236) Using 3 of 6 workers for concurrent class unloading
[423.901s][info][gc             ] GC(236) Concurrent class unloading 0.296ms
[423.901s][info][gc,start       ] GC(236) Pause Final Roots
[423.901s][info][gc             ] GC(236) Pause Final Roots 0.016ms
[423.901s][info][gc,ergo        ] Free: 366M, Max: 256K regular, 217M humongous, Frag: 41% external, 0% internal; Reserve: 26368K, Max: 256K
[423.901s][info][gc,stats       ] 
[423.901s][info][gc,stats       ] All times are wall-clock times, except per-root-class counters, that are sum over
[423.901s][info][gc,stats       ] all workers. Dividing the <total> over the root stage time estimates parallelism.
[423.901s][info][gc,stats       ] 
[423.901s][info][gc,stats       ] Concurrent Reset                    159 us
[423.901s][info][gc,stats       ] Pause Init Mark (G)                 114 us
[423.901s][info][gc,stats       ] Pause Init Mark (N)                  81 us
[423.901s][info][gc,stats       ]   Update Region States               25 us
[423.901s][info][gc,stats       ] Concurrent Mark Roots               283 us, parallelism: 1.36x
[423.901s][info][gc,stats       ]   CMR: <total>                      385 us
[423.901s][info][gc,stats       ]   CMR: Thread Roots                 342 us, workers (us): 219,  33,  90, ---, ---, ---, 
[423.901s][info][gc,stats       ]   CMR: VM Strong Roots                5 us, workers (us):   2,   1,   1, ---, ---, ---, 
[423.901s][info][gc,stats       ]   CMR: CLDG Roots                    38 us, workers (us): ---,  38, ---, ---, ---, ---, 
[423.901s][info][gc,stats       ] Concurrent Marking                  783 us
[423.901s][info][gc,stats       ] Pause Final Mark (G)                226 us
[423.901s][info][gc,stats       ] Pause Final Mark (N)                176 us
[423.901s][info][gc,stats       ]   Finish Mark                        32 us
[423.901s][info][gc,stats       ]   Update Region States               38 us
[423.901s][info][gc,stats       ]   Choose Collection Set              50 us
[423.901s][info][gc,stats       ]   Rebuild Free Set                   12 us
[423.901s][info][gc,stats       ] Concurrent Weak References          101 us, parallelism: 0.09x
[423.901s][info][gc,stats       ]   CWRF: <total>                       9 us
[423.901s][info][gc,stats       ]   CWRF: Weak References               9 us, workers (us):   7,   2,   0, ---, ---, ---, 
[423.901s][info][gc,stats       ] Concurrent Weak Roots               166 us
[423.901s][info][gc,stats       ]   Roots                             100 us, parallelism: 1.40x
[423.901s][info][gc,stats       ]     CWR: <total>                    140 us
[423.901s][info][gc,stats       ]     CWR: Code Cache Roots            77 us, workers (us):  24,  53,   0, ---, ---, ---, 
[423.901s][info][gc,stats       ]     CWR: VM Weak Roots               61 us, workers (us):  23,  20,  18, ---, ---, ---, 
[423.902s][info][gc,stats       ]     CWR: CLDG Roots                   1 us, workers (us): ---, ---,   1, ---, ---, ---, 
[423.902s][info][gc,stats       ]   Rendezvous                         31 us
[423.902s][info][gc,stats       ] Concurrent Cleanup                   93 us
[423.902s][info][gc,stats       ] Concurrent Class Unloading          314 us
[423.902s][info][gc,stats       ]   Unlink Stale                      219 us
[423.902s][info][gc,stats       ]     System Dictionary                 1 us
[423.902s][info][gc,stats       ]     Weak Class Links                  0 us
[423.902s][info][gc,stats       ]     Code Roots                      217 us
[423.902s][info][gc,stats       ]   Rendezvous                         30 us
[423.902s][info][gc,stats       ]   Purge Unlinked                     28 us
[423.902s][info][gc,stats       ]     Code Roots                       25 us
[423.902s][info][gc,stats       ]     CLDG                              3 us
[423.902s][info][gc,stats       ]     Exception Caches                  0 us
[423.902s][info][gc,stats       ] Pause Final Roots (G)                48 us
[423.902s][info][gc,stats       ] Pause Final Roots (N)                24 us
[423.902s][info][gc,stats       ] Pacing                           109330 us
[423.902s][info][gc,stats       ] 
[423.902s][info][gc,stats       ] Allocation pacing accrued:
[423.902s][info][gc,stats       ]     109 of  1853 ms (  5.9%): main
[423.902s][info][gc,stats       ]     109 of  1853 ms (  5.9%): <total>
[423.902s][info][gc,stats       ]       8 of  1853 ms (  0.5%): <average total>
[423.902s][info][gc,stats       ]     109 of  1853 ms (  5.9%): <average non-zero>
[423.902s][info][gc,stats       ] 
[423.902s][info][gc,metaspace   ] Metaspace: 1071K(1280K)->1071K(1280K) NonClass: 990K(1088K)->990K(1088K) Class: 81K(192K)->81K(192K)
[423.902s][info][gc,ergo        ] Pacer for Idle. Initial: 10485K, Alloc Tax Rate: 1.0x
[426.786s][info][gc             ] Failed to allocate Shared, 100M
[426.786s][info][gc             ] Cancelling GC: Allocation Failure
[426.802s][info][gc             ] Trigger: Handle Allocation Failure
[426.802s][info][gc,ergo        ] Free: 189M, Max: 256K regular, 82688K humongous, Frag: 58% external, 0% internal; Reserve: 26368K, Max: 256K
[426.802s][info][gc,start       ] GC(237) Pause Degenerated GC (Outside of Cycle)
[426.802s][info][gc,task        ] GC(237) Using 6 of 6 workers for stw degenerated gc
[426.802s][info][gc,ref         ] GC(237) Clearing All SoftReferences
[426.802s][info][gc,ref         ] GC(237) Encountered references: Soft: 45, Weak: 116, Final: 0, Phantom: 7
[426.802s][info][gc,ref         ] GC(237) Discovered  references: Soft: 19, Weak: 91, Final: 0, Phantom: 3
[426.802s][info][gc,ref         ] GC(237) Enqueued    references: Soft: 0, Weak: 0, Final: 0, Phantom: 0
[426.803s][info][gc,ergo        ] GC(237) Collectable Garbage: 213M (99%), Immediate: 213M (99%), CSet: 0B (0%)
[426.803s][info][gc,ergo        ] GC(237) Good progress for free space: 408M, need 5242K
[426.803s][info][gc,ergo        ] GC(237) Good progress for used space: 213M, need 256K
[426.803s][info][gc             ] GC(237) Pause Degenerated GC (Outside of Cycle) 290M->77M(512M) 1.080ms
[426.803s][info][gc,ergo        ] Free: 408M, Max: 256K regular, 297M humongous, Frag: 28% external, 0% internal; Reserve: 26368K, Max: 256K
[426.803s][info][gc,stats       ] 
[426.803s][info][gc,stats       ] All times are wall-clock times, except per-root-class counters, that are sum over
[426.803s][info][gc,stats       ] all workers. Dividing the <total> over the root stage time estimates parallelism.
[426.803s][info][gc,stats       ] 
[426.803s][info][gc,stats       ] Pause Degenerated GC (G)           1128 us
[426.803s][info][gc,stats       ] Pause Degenerated GC (N)           1089 us
[426.803s][info][gc,stats       ]   Degen STW Mark                    490 us, parallelism: 5.35x
[426.803s][info][gc,stats       ]     DSM: <total>                   2623 us
[426.803s][info][gc,stats       ]     DSM: Thread Roots                49 us, workers (us):   7,   8,   8,  11,   3,  12, 
[426.803s][info][gc,stats       ]     DSM: VM Strong Roots              3 us, workers (us):   2,   1,   0,   0,   0,   0, 
[426.803s][info][gc,stats       ]     DSM: CLDG Roots                  38 us, workers (us):   0,   0,   0,   0,  36,   0, 
[426.803s][info][gc,stats       ]     DSM: Parallel Mark             2534 us, workers (us): 428, 428, 434, 425, 397, 423, 
[426.803s][info][gc,stats       ]     System Purge                    181 us
[426.803s][info][gc,stats       ]       Weak References                63 us, parallelism: 0.10x
[426.803s][info][gc,stats       ]         WRP: <total>                  6 us
[426.803s][info][gc,stats       ]         WRP: Weak References          6 us, workers (us):   5,   1,   0,   0,   0,   0, 
[426.803s][info][gc,stats       ]       Unload Classes                 84 us, parallelism: 3.95x
[426.803s][info][gc,stats       ]         DCU: <total>                331 us
[426.803s][info][gc,stats       ]         DCU: Unload Code Caches      331 us, workers (us):  56,  56,  49,  50,  58,  62, 
[426.803s][info][gc,stats       ]       Weak Roots                     33 us, parallelism: 1.82x
[426.803s][info][gc,stats       ]         DWR: <total>                 59 us
[426.803s][info][gc,stats       ]         DWR: VM Weak Roots           59 us, workers (us):  16,  10,   9,   9,   8,   8, 
[426.803s][info][gc,stats       ]       CLDG                            0 us
[426.803s][info][gc,stats       ]   Update Region States               24 us
[426.803s][info][gc,stats       ]   Manage GC/TLABs                     3 us
[426.803s][info][gc,stats       ]   Choose Collection Set              39 us
[426.803s][info][gc,stats       ]   Rebuild Free Set                    9 us
[426.803s][info][gc,stats       ]   Cleanup                             6 us
[426.803s][info][gc,stats       ] Pacing                            45973 us
[426.803s][info][gc,stats       ] 
[426.803s][info][gc,stats       ] Allocation pacing accrued:
[426.803s][info][gc,stats       ]      46 of  2901 ms (  1.6%): main
[426.803s][info][gc,stats       ]      46 of  2901 ms (  1.6%): <total>
[426.803s][info][gc,stats       ]       4 of  2901 ms (  0.1%): <average total>
[426.803s][info][gc,stats       ]      46 of  2901 ms (  1.6%): <average non-zero>
[426.803s][info][gc,stats       ] 
[426.803s][info][gc,metaspace   ] Metaspace: 1071K(1280K)->1071K(1280K) NonClass: 990K(1088K)->990K(1088K) Class: 81K(192K)->81K(192K)
[426.803s][info][gc,ergo        ] Pacer for Idle. Initial: 10485K, Alloc Tax Rate: 1.0x
[428.126s][info][gc             ] Trigger: Average GC time (3.54 ms) is above the time for average allocation rate (140 MB/s) to deplete free headroom (0B) (margin of error = 3.29)
[428.126s][info][gc,ergo        ] Free headroom: 182M (free) - 26214K (spike) - 163M (penalties) = 0B
[428.126s][info][gc,ergo        ] Free: 182M, Max: 256K regular, 146M humongous, Frag: 20% external, 0% internal; Reserve: 26368K, Max: 256K
[428.126s][info][gc,start       ] GC(238) Concurrent reset
[428.126s][info][gc,task        ] GC(238) Using 3 of 6 workers for concurrent reset
[428.126s][info][gc,ergo        ] GC(238) Pacer for Reset. Non-Taxable: 512M
[428.127s][info][gc             ] GC(238) Concurrent reset 0.203ms
[428.127s][info][gc,start       ] GC(238) Pause Init Mark (unload classes)
[428.127s][info][gc,task        ] GC(238) Using 6 of 6 workers for init marking
[428.127s][info][gc,ergo        ] GC(238) Pacer for Mark. Expected Live: 130M, Free: 182M, Non-Taxable: 18688K, Alloc Tax Rate: 0.9x
[428.127s][info][gc             ] GC(238) Pause Init Mark (unload classes) 0.110ms
[428.127s][info][gc,start       ] GC(238) Concurrent marking roots
[428.127s][info][gc,task        ] GC(238) Using 3 of 6 workers for concurrent marking roots
[428.127s][info][gc             ] GC(238) Concurrent marking roots 0.351ms
[428.127s][info][gc,start       ] GC(238) Concurrent marking (unload classes)
[428.127s][info][gc,task        ] GC(238) Using 3 of 6 workers for concurrent marking
[428.128s][info][gc             ] GC(238) Concurrent marking (unload classes) 0.835ms
[428.128s][info][gc,start       ] GC(238) Pause Final Mark (unload classes)
[428.128s][info][gc,task        ] GC(238) Using 6 of 6 workers for final marking
[428.128s][info][gc,ergo        ] GC(238) Collectable Garbage: 217M (99%), Immediate: 217M (99%), CSet: 0B (0%)
[428.128s][info][gc             ] GC(238) Pause Final Mark (unload classes) 0.287ms
[428.129s][info][gc,start       ] GC(238) Concurrent weak references
[428.129s][info][gc,task        ] GC(238) Using 3 of 6 workers for concurrent weak references
[428.129s][info][gc,ref         ] GC(238) Encountered references: Soft: 45, Weak: 116, Final: 0, Phantom: 7
[428.129s][info][gc,ref         ] GC(238) Discovered  references: Soft: 0, Weak: 72, Final: 0, Phantom: 5
[428.129s][info][gc,ref         ] GC(238) Enqueued    references: Soft: 0, Weak: 0, Final: 0, Phantom: 0
[428.129s][info][gc             ] GC(238) Concurrent weak references 0.157ms
[428.129s][info][gc,start       ] GC(238) Concurrent weak roots
[428.129s][info][gc,task        ] GC(238) Using 3 of 6 workers for concurrent weak root
[428.129s][info][gc             ] GC(238) Concurrent weak roots 0.276ms
[428.129s][info][gc,start       ] GC(238) Concurrent cleanup
[428.129s][info][gc             ] GC(238) Concurrent cleanup 299M->82M(512M) 0.060ms
[428.129s][info][gc,ergo        ] GC(238) Free: 402M, Max: 256K regular, 150M humongous, Frag: 63% external, 0% internal; Reserve: 26368K, Max: 256K
[428.129s][info][gc,start       ] GC(238) Concurrent class unloading
[428.129s][info][gc,task        ] GC(238) Using 3 of 6 workers for concurrent class unloading
[428.130s][info][gc             ] GC(238) Concurrent class unloading 0.432ms
[428.130s][info][gc,start       ] GC(238) Pause Final Roots
[428.130s][info][gc             ] GC(238) Pause Final Roots 0.019ms
[428.130s][info][gc,ergo        ] Free: 402M, Max: 256K regular, 150M humongous, Frag: 63% external, 0% internal; Reserve: 26368K, Max: 256K
[428.130s][info][gc,stats       ] 
[428.130s][info][gc,stats       ] All times are wall-clock times, except per-root-class counters, that are sum over
[428.130s][info][gc,stats       ] all workers. Dividing the <total> over the root stage time estimates parallelism.
[428.130s][info][gc,stats       ] 
[428.130s][info][gc,stats       ] Concurrent Reset                    230 us
[428.130s][info][gc,stats       ] Pause Init Mark (G)                 159 us
[428.130s][info][gc,stats       ] Pause Init Mark (N)                 119 us
[428.130s][info][gc,stats       ]   Update Region States               49 us
[428.130s][info][gc,stats       ] Concurrent Mark Roots               377 us, parallelism: 1.07x
[428.130s][info][gc,stats       ]   CMR: <total>                      404 us
[428.130s][info][gc,stats       ]   CMR: Thread Roots                 362 us, workers (us): 233,  69,  60, ---, ---, ---, 
[428.130s][info][gc,stats       ]   CMR: VM Strong Roots                4 us, workers (us):   3,   0,   0, ---, ---, ---, 
[428.130s][info][gc,stats       ]   CMR: CLDG Roots                    38 us, workers (us):  38, ---, ---, ---, ---, ---, 
[428.130s][info][gc,stats       ] Concurrent Marking                  856 us
[428.130s][info][gc,stats       ] Pause Final Mark (G)                437 us
[428.130s][info][gc,stats       ] Pause Final Mark (N)                297 us
[428.130s][info][gc,stats       ]   Finish Mark                       140 us
[428.130s][info][gc,stats       ]   Update Region States               69 us
[428.130s][info][gc,stats       ]   Choose Collection Set              37 us
[428.130s][info][gc,stats       ]   Rebuild Free Set                    9 us
[428.130s][info][gc,stats       ] Concurrent Weak References          166 us, parallelism: 0.07x
[428.130s][info][gc,stats       ]   CWRF: <total>                      11 us
[428.130s][info][gc,stats       ]   CWRF: Weak References              11 us, workers (us):  10,   1,   0, ---, ---, ---, 
[428.130s][info][gc,stats       ] Concurrent Weak Roots               294 us
[428.130s][info][gc,stats       ]   Roots                             165 us, parallelism: 0.63x
[428.130s][info][gc,stats       ]     CWR: <total>                    103 us
[428.130s][info][gc,stats       ]     CWR: Code Cache Roots            51 us, workers (us):   0,  34,  17, ---, ---, ---, 
[428.130s][info][gc,stats       ]     CWR: VM Weak Roots               52 us, workers (us):  17,  17,  18, ---, ---, ---, 
[428.130s][info][gc,stats       ]     CWR: CLDG Roots                   1 us, workers (us):   1, ---, ---, ---, ---, ---, 
[428.130s][info][gc,stats       ]   Rendezvous                         93 us
[428.130s][info][gc,stats       ] Concurrent Cleanup                   75 us
[428.130s][info][gc,stats       ] Concurrent Class Unloading          450 us
[428.130s][info][gc,stats       ]   Unlink Stale                      226 us
[428.130s][info][gc,stats       ]     System Dictionary                 1 us
[428.130s][info][gc,stats       ]     Weak Class Links                  0 us
[428.130s][info][gc,stats       ]     Code Roots                      224 us
[428.130s][info][gc,stats       ]   Rendezvous                         89 us
[428.130s][info][gc,stats       ]   Purge Unlinked                     99 us
[428.130s][info][gc,stats       ]     Code Roots                       95 us
[428.130s][info][gc,stats       ]     CLDG                              4 us
[428.130s][info][gc,stats       ]     Exception Caches                  0 us
[428.130s][info][gc,stats       ] Pause Final Roots (G)               117 us
[428.130s][info][gc,stats       ] Pause Final Roots (N)                28 us
[428.130s][info][gc,stats       ] 
[428.130s][info][gc,stats       ] Allocation pacing accrued:
[428.130s][info][gc,stats       ]       0 of  1327 ms (  0.0%): <total>
[428.130s][info][gc,stats       ]       0 of  1327 ms (  0.0%): <average total>
[428.130s][info][gc,stats       ] 
[428.130s][info][gc,metaspace   ] Metaspace: 1071K(1280K)->1071K(1280K) NonClass: 990K(1088K)->990K(1088K) Class: 81K(192K)->81K(192K)
[428.130s][info][gc,ergo        ] Pacer for Idle. Initial: 10485K, Alloc Tax Rate: 1.0x
[429.721s][info][gc             ] Trigger: Average GC time (4.22 ms) is above the time for average allocation rate (240 MB/s) to deplete free headroom (0B) (margin of error = 3.29)
[429.721s][info][gc,ergo        ] Free headroom: 128M (free) - 26214K (spike) - 158M (penalties) = 0B
[429.721s][info][gc,ergo        ] Free: 128M, Max: 256K regular, 47616K humongous, Frag: 64% external, 0% internal; Reserve: 26368K, Max: 256K
[429.721s][info][gc,start       ] GC(239) Concurrent reset
[429.721s][info][gc,task        ] GC(239) Using 3 of 6 workers for concurrent reset
[429.721s][info][gc,ergo        ] GC(239) Pacer for Reset. Non-Taxable: 512M
[429.721s][info][gc             ] GC(239) Concurrent reset 0.183ms
[429.721s][info][gc,start       ] GC(239) Pause Init Mark (unload classes)
[429.721s][info][gc,task        ] GC(239) Using 6 of 6 workers for init marking
[429.721s][info][gc,ergo        ] GC(239) Pacer for Mark. Expected Live: 142M, Free: 128M, Non-Taxable: 13132K, Alloc Tax Rate: 1.4x
[429.721s][info][gc             ] GC(239) Pause Init Mark (unload classes) 0.075ms
[429.721s][info][gc,start       ] GC(239) Concurrent marking roots
[429.721s][info][gc,task        ] GC(239) Using 3 of 6 workers for concurrent marking roots
[429.722s][info][gc             ] GC(239) Concurrent marking roots 0.245ms
[429.722s][info][gc,start       ] GC(239) Concurrent marking (unload classes)
[429.722s][info][gc,task        ] GC(239) Using 3 of 6 workers for concurrent marking
[429.722s][info][gc             ] GC(239) Concurrent marking (unload classes) 0.718ms
[429.722s][info][gc,start       ] GC(239) Pause Final Mark (unload classes)
[429.722s][info][gc,task        ] GC(239) Using 6 of 6 workers for final marking
[429.723s][info][gc,ergo        ] GC(239) Collectable Garbage: 252M (99%), Immediate: 252M (99%), CSet: 0B (0%)
[429.723s][info][gc             ] GC(239) Pause Final Mark (unload classes) 0.137ms
[429.723s][info][gc,start       ] GC(239) Concurrent weak references
[429.723s][info][gc,task        ] GC(239) Using 3 of 6 workers for concurrent weak references
[429.723s][info][gc,ref         ] GC(239) Encountered references: Soft: 45, Weak: 116, Final: 0, Phantom: 7
[429.723s][info][gc,ref         ] GC(239) Discovered  references: Soft: 0, Weak: 77, Final: 0, Phantom: 5
[429.723s][info][gc,ref         ] GC(239) Enqueued    references: Soft: 0, Weak: 0, Final: 0, Phantom: 0
[429.723s][info][gc             ] GC(239) Concurrent weak references 0.088ms
[429.723s][info][gc,start       ] GC(239) Concurrent weak roots
[429.723s][info][gc,task        ] GC(239) Using 3 of 6 workers for concurrent weak root
[429.723s][info][gc             ] GC(239) Concurrent weak roots 0.122ms
[429.723s][info][gc,start       ] GC(239) Concurrent cleanup
[429.723s][info][gc             ] GC(239) Concurrent cleanup 354M->102M(512M) 0.056ms
[429.723s][info][gc,ergo        ] GC(239) Free: 383M, Max: 256K regular, 336M humongous, Frag: 13% external, 0% internal; Reserve: 26368K, Max: 256K
[429.723s][info][gc,start       ] GC(239) Concurrent class unloading
[429.723s][info][gc,task        ] GC(239) Using 3 of 6 workers for concurrent class unloading
[429.723s][info][gc             ] GC(239) Concurrent class unloading 0.240ms
[429.723s][info][gc,start       ] GC(239) Pause Final Roots
[429.723s][info][gc             ] GC(239) Pause Final Roots 0.018ms
[429.723s][info][gc,ergo        ] Free: 383M, Max: 256K regular, 336M humongous, Frag: 13% external, 0% internal; Reserve: 26368K, Max: 256K
[429.723s][info][gc,stats       ] 
[429.723s][info][gc,stats       ] All times are wall-clock times, except per-root-class counters, that are sum over
[429.723s][info][gc,stats       ] all workers. Dividing the <total> over the root stage time estimates parallelism.
[429.723s][info][gc,stats       ] 
[429.723s][info][gc,stats       ] Concurrent Reset                    198 us
[429.723s][info][gc,stats       ] Pause Init Mark (G)                 117 us
[429.723s][info][gc,stats       ] Pause Init Mark (N)                  84 us
[429.723s][info][gc,stats       ]   Update Region States               26 us
[429.723s][info][gc,stats       ] Concurrent Mark Roots               260 us, parallelism: 1.27x
[429.723s][info][gc,stats       ]   CMR: <total>                      331 us
[429.723s][info][gc,stats       ]   CMR: Thread Roots                 297 us, workers (us):  35,  73, 189, ---, ---, ---, 
[429.723s][info][gc,stats       ]   CMR: VM Strong Roots                4 us, workers (us):   2,   1,   0, ---, ---, ---, 
[429.723s][info][gc,stats       ]   CMR: CLDG Roots                    29 us, workers (us):  29, ---, ---, ---, ---, ---, 
[429.723s][info][gc,stats       ] Concurrent Marking                  736 us
[429.723s][info][gc,stats       ] Pause Final Mark (G)                186 us
[429.723s][info][gc,stats       ] Pause Final Mark (N)                150 us
[429.723s][info][gc,stats       ]   Finish Mark                        29 us
[429.723s][info][gc,stats       ]   Update Region States               30 us
[429.723s][info][gc,stats       ]   Choose Collection Set              36 us
[429.723s][info][gc,stats       ]   Rebuild Free Set                    8 us
[429.723s][info][gc,stats       ] Concurrent Weak References          105 us, parallelism: 0.04x
[429.723s][info][gc,stats       ]   CWRF: <total>                       5 us
[429.723s][info][gc,stats       ]   CWRF: Weak References               5 us, workers (us):   3,   1,   0, ---, ---, ---, 
[429.723s][info][gc,stats       ] Concurrent Weak Roots               138 us
[429.723s][info][gc,stats       ]   Roots                              79 us, parallelism: 1.46x
[429.724s][info][gc,stats       ]     CWR: <total>                    115 us
[429.724s][info][gc,stats       ]     CWR: Code Cache Roots            65 us, workers (us):   0,  26,  39, ---, ---, ---, 
[429.724s][info][gc,stats       ]     CWR: VM Weak Roots               50 us, workers (us):  16,  17,  16, ---, ---, ---, 
[429.724s][info][gc,stats       ]     CWR: CLDG Roots                   1 us, workers (us):   1, ---, ---, ---, ---, ---, 
[429.724s][info][gc,stats       ]   Rendezvous                         26 us
[429.724s][info][gc,stats       ] Concurrent Cleanup                   66 us
[429.724s][info][gc,stats       ] Concurrent Class Unloading          256 us
[429.724s][info][gc,stats       ]   Unlink Stale                      169 us
[429.724s][info][gc,stats       ]     System Dictionary                 1 us
[429.724s][info][gc,stats       ]     Weak Class Links                  0 us
[429.724s][info][gc,stats       ]     Code Roots                      167 us
[429.724s][info][gc,stats       ]   Rendezvous                         23 us
[429.724s][info][gc,stats       ]   Purge Unlinked                     24 us
[429.724s][info][gc,stats       ]     Code Roots                       21 us
[429.724s][info][gc,stats       ]     CLDG                              3 us
[429.724s][info][gc,stats       ]     Exception Caches                  0 us
[429.724s][info][gc,stats       ] Pause Final Roots (G)                53 us
[429.724s][info][gc,stats       ] Pause Final Roots (N)                27 us
[429.724s][info][gc,stats       ] Pacing                            57817 us
[429.724s][info][gc,stats       ] 
[429.724s][info][gc,stats       ] Allocation pacing accrued:
[429.724s][info][gc,stats       ]      58 of  1594 ms (  3.6%): main
[429.724s][info][gc,stats       ]      58 of  1594 ms (  3.6%): <total>
[429.724s][info][gc,stats       ]       4 of  1594 ms (  0.3%): <average total>
[429.724s][info][gc,stats       ]      58 of  1594 ms (  3.6%): <average non-zero>
[429.724s][info][gc,stats       ] 
[429.724s][info][gc,metaspace   ] Metaspace: 1071K(1280K)->1071K(1280K) NonClass: 990K(1088K)->990K(1088K) Class: 81K(192K)->81K(192K)
[429.724s][info][gc,ergo        ] Pacer for Idle. Initial: 10485K, Alloc Tax Rate: 1.0x
[431.186s][info][gc             ] Trigger: Average GC time (3.99 ms) is above the time for average allocation rate (295 MB/s) to deplete free headroom (0B) (margin of error = 3.29)
[431.186s][info][gc,ergo        ] Free headroom: 158M (free) - 26214K (spike) - 153M (penalties) = 0B
[431.186s][info][gc,ergo        ] Free: 158M, Max: 256K regular, 111M humongous, Frag: 30% external, 0% internal; Reserve: 26368K, Max: 256K
[431.186s][info][gc,start       ] GC(240) Concurrent reset
[431.186s][info][gc,task        ] GC(240) Using 3 of 6 workers for concurrent reset
[431.187s][info][gc,ergo        ] GC(240) Pacer for Reset. Non-Taxable: 512M
[431.187s][info][gc             ] GC(240) Concurrent reset 0.204ms
[431.187s][info][gc,start       ] GC(240) Pause Init Mark (unload classes)
[431.187s][info][gc,task        ] GC(240) Using 6 of 6 workers for init marking
[431.187s][info][gc,ergo        ] GC(240) Pacer for Mark. Expected Live: 134M, Free: 158M, Non-Taxable: 16179K, Alloc Tax Rate: 1.0x
[431.187s][info][gc             ] GC(240) Pause Init Mark (unload classes) 0.079ms
[431.187s][info][gc,start       ] GC(240) Concurrent marking roots
[431.187s][info][gc,task        ] GC(240) Using 3 of 6 workers for concurrent marking roots
[431.187s][info][gc             ] GC(240) Concurrent marking roots 0.321ms
[431.187s][info][gc,start       ] GC(240) Concurrent marking (unload classes)
[431.187s][info][gc,task        ] GC(240) Using 3 of 6 workers for concurrent marking
[431.188s][info][gc             ] GC(240) Concurrent marking (unload classes) 0.949ms
[431.188s][info][gc,start       ] GC(240) Pause Final Mark (unload classes)
[431.188s][info][gc,task        ] GC(240) Using 6 of 6 workers for final marking
[431.188s][info][gc,ergo        ] GC(240) Collectable Garbage: 117M (99%), Immediate: 117M (99%), CSet: 0B (0%)
[431.188s][info][gc             ] GC(240) Pause Final Mark (unload classes) 0.166ms
[431.188s][info][gc,start       ] GC(240) Concurrent weak references
[431.188s][info][gc,task        ] GC(240) Using 3 of 6 workers for concurrent weak references
[431.189s][info][gc,ref         ] GC(240) Encountered references: Soft: 45, Weak: 116, Final: 0, Phantom: 7
[431.189s][info][gc,ref         ] GC(240) Discovered  references: Soft: 19, Weak: 95, Final: 0, Phantom: 5
[431.189s][info][gc,ref         ] GC(240) Enqueued    references: Soft: 0, Weak: 0, Final: 0, Phantom: 0
[431.189s][info][gc             ] GC(240) Concurrent weak references 0.191ms
[431.189s][info][gc,start       ] GC(240) Concurrent weak roots
[431.189s][info][gc,task        ] GC(240) Using 3 of 6 workers for concurrent weak root
[431.189s][info][gc             ] GC(240) Concurrent weak roots 0.218ms
[431.189s][info][gc,start       ] GC(240) Concurrent cleanup
[431.189s][info][gc             ] GC(240) Concurrent cleanup 324M->207M(512M) 0.046ms
[431.189s][info][gc,ergo        ] GC(240) Free: 278M, Max: 256K regular, 111M humongous, Frag: 60% external, 0% internal; Reserve: 26368K, Max: 256K
[431.189s][info][gc,start       ] GC(240) Concurrent class unloading
[431.189s][info][gc,task        ] GC(240) Using 3 of 6 workers for concurrent class unloading
[431.189s][info][gc             ] GC(240) Concurrent class unloading 0.283ms
[431.189s][info][gc,start       ] GC(240) Pause Final Roots
[431.189s][info][gc             ] GC(240) Pause Final Roots 0.020ms
[431.189s][info][gc,ergo        ] Free: 278M, Max: 256K regular, 111M humongous, Frag: 60% external, 0% internal; Reserve: 26368K, Max: 256K
[431.189s][info][gc,stats       ] 
[431.189s][info][gc,stats       ] All times are wall-clock times, except per-root-class counters, that are sum over
[431.189s][info][gc,stats       ] all workers. Dividing the <total> over the root stage time estimates parallelism.
[431.189s][info][gc,stats       ] 
[431.189s][info][gc,stats       ] Concurrent Reset                    231 us
[431.189s][info][gc,stats       ] Pause Init Mark (G)                 124 us
[431.189s][info][gc,stats       ] Pause Init Mark (N)                  90 us
[431.189s][info][gc,stats       ]   Update Region States               24 us
[431.189s][info][gc,stats       ] Concurrent Mark Roots               341 us, parallelism: 1.34x
[431.189s][info][gc,stats       ]   CMR: <total>                      457 us
[431.189s][info][gc,stats       ]   CMR: Thread Roots                 412 us, workers (us):  55,  96, 262, ---, ---, ---, 
[431.189s][info][gc,stats       ]   CMR: VM Strong Roots                6 us, workers (us):   1,   2,   2, ---, ---, ---, 
[431.189s][info][gc,stats       ]   CMR: CLDG Roots                    39 us, workers (us):  39, ---, ---, ---, ---, ---, 
[431.189s][info][gc,stats       ] Concurrent Marking                  988 us
[431.189s][info][gc,stats       ] Pause Final Mark (G)                208 us
[431.189s][info][gc,stats       ] Pause Final Mark (N)                180 us
[431.190s][info][gc,stats       ]   Finish Mark                        47 us
[431.190s][info][gc,stats       ]   Update Region States               30 us
[431.190s][info][gc,stats       ]   Choose Collection Set              38 us
[431.190s][info][gc,stats       ]   Rebuild Free Set                   13 us
[431.190s][info][gc,stats       ] Concurrent Weak References          203 us, parallelism: 0.05x
[431.190s][info][gc,stats       ]   CWRF: <total>                      11 us
[431.190s][info][gc,stats       ]   CWRF: Weak References              11 us, workers (us):   7,   2,   1, ---, ---, ---, 
[431.190s][info][gc,stats       ] Concurrent Weak Roots               238 us
[431.190s][info][gc,stats       ]   Roots                              94 us, parallelism: 1.53x
[431.190s][info][gc,stats       ]     CWR: <total>                    143 us
[431.190s][info][gc,stats       ]     CWR: Code Cache Roots            80 us, workers (us):  27,   0,  53, ---, ---, ---, 
[431.190s][info][gc,stats       ]     CWR: VM Weak Roots               62 us, workers (us):  21,  21,  20, ---, ---, ---, 
[431.190s][info][gc,stats       ]     CWR: CLDG Roots                   1 us, workers (us): ---,   1, ---, ---, ---, ---, 
[431.190s][info][gc,stats       ]   Rendezvous                        100 us
[431.190s][info][gc,stats       ] Concurrent Cleanup                   61 us
[431.190s][info][gc,stats       ] Concurrent Class Unloading          303 us
[431.190s][info][gc,stats       ]   Unlink Stale                      208 us
[431.190s][info][gc,stats       ]     System Dictionary                 2 us
[431.190s][info][gc,stats       ]     Weak Class Links                  0 us
[431.190s][info][gc,stats       ]     Code Roots                      206 us
[431.190s][info][gc,stats       ]   Rendezvous                         22 us
[431.190s][info][gc,stats       ]   Purge Unlinked                     26 us
[431.190s][info][gc,stats       ]     Code Roots                       24 us
[431.190s][info][gc,stats       ]     CLDG                              2 us
[431.190s][info][gc,stats       ]     Exception Caches                  0 us
[431.190s][info][gc,stats       ] Pause Final Roots (G)                52 us
[431.190s][info][gc,stats       ] Pause Final Roots (N)                33 us
[431.190s][info][gc,stats       ] Pacing                            46614 us
[431.190s][info][gc,stats       ] 
[431.190s][info][gc,stats       ] Allocation pacing accrued:
[431.190s][info][gc,stats       ]      47 of  1466 ms (  3.2%): main
[431.190s][info][gc,stats       ]      47 of  1466 ms (  3.2%): <total>
[431.190s][info][gc,stats       ]       4 of  1466 ms (  0.2%): <average total>
[431.190s][info][gc,stats       ]      47 of  1466 ms (  3.2%): <average non-zero>
[431.190s][info][gc,stats       ] 
[431.190s][info][gc,metaspace   ] Metaspace: 1071K(1280K)->1071K(1280K) NonClass: 990K(1088K)->990K(1088K) Class: 81K(192K)->81K(192K)
[431.190s][info][gc,ergo        ] Pacer for Idle. Initial: 10485K, Alloc Tax Rate: 1.0x
[432.529s][info][gc             ] Trigger: Average GC time (3.81 ms) is above the time for average allocation rate (77178 KB/s) to deplete free headroom (0B) (margin of error = 3.29)
[432.529s][info][gc,ergo        ] Free headroom: 152M (free) - 26214K (spike) - 148M (penalties) = 0B
[432.529s][info][gc,ergo        ] Free: 152M, Max: 256K regular, 62720K humongous, Frag: 60% external, 0% internal; Reserve: 26368K, Max: 256K
[432.529s][info][gc,start       ] GC(241) Concurrent reset
[432.529s][info][gc,task        ] GC(241) Using 3 of 6 workers for concurrent reset
[432.529s][info][gc,ergo        ] GC(241) Pacer for Reset. Non-Taxable: 512M
[432.529s][info][gc             ] GC(241) Concurrent reset 0.343ms
[432.529s][info][gc,start       ] GC(241) Pause Init Mark (unload classes)
[432.529s][info][gc,task        ] GC(241) Using 6 of 6 workers for init marking
[432.530s][info][gc,ergo        ] GC(241) Pacer for Mark. Expected Live: 120M, Free: 152M, Non-Taxable: 15641K, Alloc Tax Rate: 1.0x
[432.530s][info][gc             ] GC(241) Pause Init Mark (unload classes) 0.078ms
[432.530s][info][gc,start       ] GC(241) Concurrent marking roots
[432.530s][info][gc,task        ] GC(241) Using 3 of 6 workers for concurrent marking roots
[432.530s][info][gc             ] GC(241) Concurrent marking roots 0.388ms
[432.530s][info][gc,start       ] GC(241) Concurrent marking (unload classes)
[432.530s][info][gc,task        ] GC(241) Using 3 of 6 workers for concurrent marking
[432.531s][info][gc             ] GC(241) Concurrent marking (unload classes) 0.757ms
[432.531s][info][gc,start       ] GC(241) Pause Final Mark (unload classes)
[432.531s][info][gc,task        ] GC(241) Using 6 of 6 workers for final marking
[432.531s][info][gc,ergo        ] GC(241) Collectable Garbage: 166M (99%), Immediate: 166M (99%), CSet: 0B (0%)
[432.531s][info][gc             ] GC(241) Pause Final Mark (unload classes) 0.175ms
[432.531s][info][gc,start       ] GC(241) Concurrent weak references
[432.531s][info][gc,task        ] GC(241) Using 3 of 6 workers for concurrent weak references
[432.531s][info][gc,ref         ] GC(241) Encountered references: Soft: 45, Weak: 116, Final: 0, Phantom: 7
[432.531s][info][gc,ref         ] GC(241) Discovered  references: Soft: 20, Weak: 76, Final: 0, Phantom: 5
[432.531s][info][gc,ref         ] GC(241) Enqueued    references: Soft: 0, Weak: 0, Final: 0, Phantom: 0
[432.531s][info][gc             ] GC(241) Concurrent weak references 0.122ms
[432.531s][info][gc,start       ] GC(241) Concurrent weak roots
[432.531s][info][gc,task        ] GC(241) Using 3 of 6 workers for concurrent weak root
[432.531s][info][gc             ] GC(241) Concurrent weak roots 0.223ms
[432.531s][info][gc,start       ] GC(241) Concurrent cleanup
[432.531s][info][gc             ] GC(241) Concurrent cleanup 329M->163M(512M) 0.051ms
[432.532s][info][gc,ergo        ] GC(241) Free: 321M, Max: 256K regular, 186M humongous, Frag: 43% external, 0% internal; Reserve: 26368K, Max: 256K
[432.532s][info][gc,start       ] GC(241) Concurrent class unloading
[432.532s][info][gc,task        ] GC(241) Using 3 of 6 workers for concurrent class unloading
[432.532s][info][gc             ] GC(241) Concurrent class unloading 0.376ms
[432.532s][info][gc,start       ] GC(241) Pause Final Roots
[432.532s][info][gc             ] GC(241) Pause Final Roots 0.019ms
[432.532s][info][gc,ergo        ] Free: 321M, Max: 256K regular, 186M humongous, Frag: 43% external, 0% internal; Reserve: 26368K, Max: 256K
[432.532s][info][gc,stats       ] 
[432.532s][info][gc,stats       ] All times are wall-clock times, except per-root-class counters, that are sum over
[432.532s][info][gc,stats       ] all workers. Dividing the <total> over the root stage time estimates parallelism.
[432.532s][info][gc,stats       ] 
[432.532s][info][gc,stats       ] Concurrent Reset                    370 us
[432.532s][info][gc,stats       ] Pause Init Mark (G)                 181 us
[432.532s][info][gc,stats       ] Pause Init Mark (N)                  87 us
[432.532s][info][gc,stats       ]   Update Region States               29 us
[432.532s][info][gc,stats       ] Concurrent Mark Roots               406 us, parallelism: 1.62x
[432.532s][info][gc,stats       ]   CMR: <total>                      659 us
[432.532s][info][gc,stats       ]   CMR: Thread Roots                 601 us, workers (us): 130, 273, 198, ---, ---, ---, 
[432.532s][info][gc,stats       ]   CMR: VM Strong Roots                7 us, workers (us):   3,   2,   2, ---, ---, ---, 
[432.532s][info][gc,stats       ]   CMR: CLDG Roots                    51 us, workers (us): ---,  51, ---, ---, ---, ---, 
[432.532s][info][gc,stats       ] Concurrent Marking                  775 us
[432.532s][info][gc,stats       ] Pause Final Mark (G)                285 us
[432.532s][info][gc,stats       ] Pause Final Mark (N)                186 us
[432.532s][info][gc,stats       ]   Finish Mark                        30 us
[432.532s][info][gc,stats       ]   Update Region States               68 us
[432.532s][info][gc,stats       ]   Choose Collection Set              39 us
[432.532s][info][gc,stats       ]   Rebuild Free Set                    8 us
[432.532s][info][gc,stats       ] Concurrent Weak References          130 us, parallelism: 0.03x
[432.532s][info][gc,stats       ]   CWRF: <total>                       4 us
[432.532s][info][gc,stats       ]   CWRF: Weak References               4 us, workers (us):   4,   0,   0, ---, ---, ---, 
[432.532s][info][gc,stats       ] Concurrent Weak Roots               241 us
[432.532s][info][gc,stats       ]   Roots                             114 us, parallelism: 0.96x
[432.532s][info][gc,stats       ]     CWR: <total>                    110 us
[432.532s][info][gc,stats       ]     CWR: Code Cache Roots            66 us, workers (us):  26,  40,   0, ---, ---, ---, 
[432.532s][info][gc,stats       ]     CWR: VM Weak Roots               43 us, workers (us):  21,  21,   0, ---, ---, ---, 
[432.532s][info][gc,stats       ]     CWR: CLDG Roots                   1 us, workers (us):   1, ---, ---, ---, ---, ---, 
[432.532s][info][gc,stats       ]   Rendezvous                         91 us
[432.532s][info][gc,stats       ] Concurrent Cleanup                   65 us
[432.532s][info][gc,stats       ] Concurrent Class Unloading          394 us
[432.532s][info][gc,stats       ]   Unlink Stale                      185 us
[432.532s][info][gc,stats       ]     System Dictionary                 1 us
[432.532s][info][gc,stats       ]     Weak Class Links                  0 us
[432.532s][info][gc,stats       ]     Code Roots                      183 us
[432.532s][info][gc,stats       ]   Rendezvous                         88 us
[432.532s][info][gc,stats       ]   Purge Unlinked                     86 us
[432.532s][info][gc,stats       ]     Code Roots                       82 us
[432.532s][info][gc,stats       ]     CLDG                              4 us
[432.532s][info][gc,stats       ]     Exception Caches                  0 us
[432.532s][info][gc,stats       ] Pause Final Roots (G)               113 us
[432.532s][info][gc,stats       ] Pause Final Roots (N)                28 us
[432.532s][info][gc,stats       ] Pacing                            31771 us
[432.532s][info][gc,stats       ] 
[432.532s][info][gc,stats       ] Allocation pacing accrued:
[432.532s][info][gc,stats       ]      32 of  1343 ms (  2.4%): main
[432.532s][info][gc,stats       ]      32 of  1343 ms (  2.4%): <total>
[432.532s][info][gc,stats       ]       2 of  1343 ms (  0.2%): <average total>
[432.532s][info][gc,stats       ]      32 of  1343 ms (  2.4%): <average non-zero>
[432.532s][info][gc,stats       ] 
[432.532s][info][gc,metaspace   ] Metaspace: 1071K(1280K)->1071K(1280K) NonClass: 990K(1088K)->990K(1088K) Class: 81K(192K)->81K(192K)
[432.532s][info][gc,ergo        ] Pacer for Idle. Initial: 10485K, Alloc Tax Rate: 1.0x
[434.008s][info][gc             ] Trigger: Average GC time (3.82 ms) is above the time for average allocation rate (139 MB/s) to deplete free headroom (0B) (margin of error = 3.29)
[434.008s][info][gc,ergo        ] Free headroom: 122M (free) - 26214K (spike) - 143M (penalties) = 0B
[434.009s][info][gc,ergo        ] Free: 122M, Max: 256K regular, 62720K humongous, Frag: 50% external, 0% internal; Reserve: 26368K, Max: 256K
[434.009s][info][gc,start       ] GC(242) Concurrent reset
[434.009s][info][gc,task        ] GC(242) Using 3 of 6 workers for concurrent reset
[434.009s][info][gc,ergo        ] GC(242) Pacer for Reset. Non-Taxable: 512M
[434.009s][info][gc             ] GC(242) Concurrent reset 0.208ms
[434.009s][info][gc,start       ] GC(242) Pause Init Mark (unload classes)
[434.009s][info][gc,task        ] GC(242) Using 6 of 6 workers for init marking
[434.009s][info][gc,ergo        ] GC(242) Pacer for Mark. Expected Live: 149M, Free: 122M, Non-Taxable: 12518K, Alloc Tax Rate: 1.5x
[434.009s][info][gc             ] GC(242) Pause Init Mark (unload classes) 0.073ms
[434.009s][info][gc,start       ] GC(242) Concurrent marking roots
[434.009s][info][gc,task        ] GC(242) Using 3 of 6 workers for concurrent marking roots
[434.009s][info][gc             ] GC(242) Concurrent marking roots 0.242ms
[434.009s][info][gc,start       ] GC(242) Concurrent marking (unload classes)
[434.009s][info][gc,task        ] GC(242) Using 3 of 6 workers for concurrent marking
[434.010s][info][gc             ] GC(242) Concurrent marking (unload classes) 0.655ms
[434.010s][info][gc,start       ] GC(242) Pause Final Mark (unload classes)
[434.010s][info][gc,task        ] GC(242) Using 6 of 6 workers for final marking
[434.010s][info][gc,ergo        ] GC(242) Collectable Garbage: 298M (99%), Immediate: 298M (99%), CSet: 0B (0%)
[434.010s][info][gc             ] GC(242) Pause Final Mark (unload classes) 0.126ms
[434.010s][info][gc,start       ] GC(242) Concurrent weak references
[434.010s][info][gc,task        ] GC(242) Using 3 of 6 workers for concurrent weak references
[434.010s][info][gc,ref         ] GC(242) Encountered references: Soft: 45, Weak: 116, Final: 0, Phantom: 7
[434.010s][info][gc,ref         ] GC(242) Discovered  references: Soft: 20, Weak: 95, Final: 0, Phantom: 5
[434.010s][info][gc,ref         ] GC(242) Enqueued    references: Soft: 0, Weak: 0, Final: 0, Phantom: 0
[434.010s][info][gc             ] GC(242) Concurrent weak references 0.082ms
[434.010s][info][gc,start       ] GC(242) Concurrent weak roots
[434.010s][info][gc,task        ] GC(242) Using 3 of 6 workers for concurrent weak root
[434.010s][info][gc             ] GC(242) Concurrent weak roots 0.115ms
[434.010s][info][gc,start       ] GC(242) Concurrent cleanup
[434.010s][info][gc             ] GC(242) Concurrent cleanup 360M->62M(512M) 0.060ms
[434.010s][info][gc,ergo        ] GC(242) Free: 423M, Max: 256K regular, 263M humongous, Frag: 38% external, 0% internal; Reserve: 26368K, Max: 256K
[434.010s][info][gc,start       ] GC(242) Concurrent class unloading
[434.010s][info][gc,task        ] GC(242) Using 3 of 6 workers for concurrent class unloading
[434.011s][info][gc             ] GC(242) Concurrent class unloading 0.212ms
[434.011s][info][gc,start       ] GC(242) Pause Final Roots
[434.011s][info][gc             ] GC(242) Pause Final Roots 0.015ms
[434.011s][info][gc,ergo        ] Free: 423M, Max: 256K regular, 263M humongous, Frag: 38% external, 0% internal; Reserve: 26368K, Max: 256K
[434.011s][info][gc,stats       ] 
[434.011s][info][gc,stats       ] All times are wall-clock times, except per-root-class counters, that are sum over
[434.011s][info][gc,stats       ] all workers. Dividing the <total> over the root stage time estimates parallelism.
[434.011s][info][gc,stats       ] 
[434.011s][info][gc,stats       ] Concurrent Reset                    226 us
[434.011s][info][gc,stats       ] Pause Init Mark (G)                 114 us
[434.011s][info][gc,stats       ] Pause Init Mark (N)                  82 us
[434.011s][info][gc,stats       ]   Update Region States               25 us
[434.011s][info][gc,stats       ] Concurrent Mark Roots               256 us, parallelism: 1.30x
[434.011s][info][gc,stats       ]   CMR: <total>                      334 us
[434.011s][info][gc,stats       ]   CMR: Thread Roots                 300 us, workers (us):  68,  36, 197, ---, ---, ---, 
[434.011s][info][gc,stats       ]   CMR: VM Strong Roots                4 us, workers (us):   3,   1,   0, ---, ---, ---, 
[434.011s][info][gc,stats       ]   CMR: CLDG Roots                    30 us, workers (us): ---,  30, ---, ---, ---, ---, 
[434.011s][info][gc,stats       ] Concurrent Marking                  672 us
[434.011s][info][gc,stats       ] Pause Final Mark (G)                168 us
[434.011s][info][gc,stats       ] Pause Final Mark (N)                135 us
[434.011s][info][gc,stats       ]   Finish Mark                        28 us
[434.011s][info][gc,stats       ]   Update Region States               25 us
[434.011s][info][gc,stats       ]   Choose Collection Set              34 us
[434.011s][info][gc,stats       ]   Rebuild Free Set                    8 us
[434.011s][info][gc,stats       ] Concurrent Weak References           90 us, parallelism: 0.05x
[434.011s][info][gc,stats       ]   CWRF: <total>                       5 us
[434.011s][info][gc,stats       ]   CWRF: Weak References               5 us, workers (us):   2,   3,   0, ---, ---, ---, 
[434.011s][info][gc,stats       ] Concurrent Weak Roots               126 us
[434.011s][info][gc,stats       ]   Roots                              77 us, parallelism: 1.32x
[434.011s][info][gc,stats       ]     CWR: <total>                    101 us
[434.011s][info][gc,stats       ]     CWR: Code Cache Roots            58 us, workers (us):  41,  17,   0, ---, ---, ---, 
[434.011s][info][gc,stats       ]     CWR: VM Weak Roots               42 us, workers (us):  14,  14,  14, ---, ---, ---, 
[434.011s][info][gc,stats       ]     CWR: CLDG Roots                   1 us, workers (us): ---, ---,   1, ---, ---, ---, 
[434.011s][info][gc,stats       ]   Rendezvous                         22 us
[434.011s][info][gc,stats       ] Concurrent Cleanup                   70 us
[434.011s][info][gc,stats       ] Concurrent Class Unloading          226 us
[434.011s][info][gc,stats       ]   Unlink Stale                      150 us
[434.011s][info][gc,stats       ]     System Dictionary                 1 us
[434.011s][info][gc,stats       ]     Weak Class Links                  0 us
[434.011s][info][gc,stats       ]     Code Roots                      148 us
[434.011s][info][gc,stats       ]   Rendezvous                         23 us
[434.011s][info][gc,stats       ]   Purge Unlinked                     23 us
[434.011s][info][gc,stats       ]     Code Roots                       20 us
[434.011s][info][gc,stats       ]     CLDG                              2 us
[434.011s][info][gc,stats       ]     Exception Caches                  0 us
[434.011s][info][gc,stats       ] Pause Final Roots (G)                43 us
[434.011s][info][gc,stats       ] Pause Final Roots (N)                23 us
[434.011s][info][gc,stats       ] Pacing                            58018 us
[434.011s][info][gc,stats       ] 
[434.011s][info][gc,stats       ] Allocation pacing accrued:
[434.011s][info][gc,stats       ]      58 of  1479 ms (  3.9%): main
[434.011s][info][gc,stats       ]      58 of  1479 ms (  3.9%): <total>
[434.011s][info][gc,stats       ]       4 of  1479 ms (  0.3%): <average total>
[434.011s][info][gc,stats       ]      58 of  1479 ms (  3.9%): <average non-zero>
[434.011s][info][gc,stats       ] 
[434.011s][info][gc,metaspace   ] Metaspace: 1071K(1280K)->1071K(1280K) NonClass: 990K(1088K)->990K(1088K) Class: 81K(192K)->81K(192K)
[434.011s][info][gc,ergo        ] Pacer for Idle. Initial: 10485K, Alloc Tax Rate: 1.0x
[435.614s][info][gc             ] Trigger: Average GC time (3.89 ms) is above the time for average allocation rate (306 MB/s) to deplete free headroom (0B) (margin of error = 3.28)
[435.614s][info][gc,ergo        ] Free headroom: 99840K (free) - 26214K (spike) - 138M (penalties) = 0B
[435.614s][info][gc,ergo        ] Free: 99840K, Max: 256K regular, 94720K humongous, Frag: 6% external, 0% internal; Reserve: 26368K, Max: 256K
[435.614s][info][gc,start       ] GC(243) Concurrent reset
[435.614s][info][gc,task        ] GC(243) Using 3 of 6 workers for concurrent reset
[435.614s][info][gc,ergo        ] GC(243) Pacer for Reset. Non-Taxable: 512M
[435.614s][info][gc             ] GC(243) Concurrent reset 0.188ms
[435.614s][info][gc,start       ] GC(243) Pause Init Mark (unload classes)
[435.614s][info][gc,task        ] GC(243) Using 6 of 6 workers for init marking
[435.614s][info][gc,ergo        ] GC(243) Pacer for Mark. Expected Live: 122M, Free: 99840K, Non-Taxable: 9984K, Alloc Tax Rate: 1.5x
[435.614s][info][gc             ] GC(243) Pause Init Mark (unload classes) 0.087ms
[435.614s][info][gc,start       ] GC(243) Concurrent marking roots
[435.614s][info][gc,task        ] GC(243) Using 3 of 6 workers for concurrent marking roots
[435.614s][info][gc             ] GC(243) Concurrent marking roots 0.318ms
[435.614s][info][gc,start       ] GC(243) Concurrent marking (unload classes)
[435.614s][info][gc,task        ] GC(243) Using 3 of 6 workers for concurrent marking
[435.615s][info][gc             ] GC(243) Concurrent marking (unload classes) 0.632ms
[435.615s][info][gc,start       ] GC(243) Pause Final Mark (unload classes)
[435.615s][info][gc,task        ] GC(243) Using 6 of 6 workers for final marking
[435.615s][info][gc,ergo        ] GC(243) Collectable Garbage: 257M (99%), Immediate: 257M (99%), CSet: 0B (0%)
[435.615s][info][gc             ] GC(243) Pause Final Mark (unload classes) 0.214ms
[435.615s][info][gc,start       ] GC(243) Concurrent weak references
[435.615s][info][gc,task        ] GC(243) Using 3 of 6 workers for concurrent weak references
[435.615s][info][gc,ref         ] GC(243) Encountered references: Soft: 45, Weak: 116, Final: 0, Phantom: 7
[435.615s][info][gc,ref         ] GC(243) Discovered  references: Soft: 0, Weak: 84, Final: 0, Phantom: 5
[435.615s][info][gc,ref         ] GC(243) Enqueued    references: Soft: 0, Weak: 0, Final: 0, Phantom: 0
[435.615s][info][gc             ] GC(243) Concurrent weak references 0.108ms
[435.615s][info][gc,start       ] GC(243) Concurrent weak roots
[435.615s][info][gc,task        ] GC(243) Using 3 of 6 workers for concurrent weak root
[435.616s][info][gc             ] GC(243) Concurrent weak roots 0.134ms
[435.616s][info][gc,start       ] GC(243) Concurrent cleanup
[435.616s][info][gc             ] GC(243) Concurrent cleanup 384M->127M(512M) 0.055ms
[435.616s][info][gc,ergo        ] GC(243) Free: 357M, Max: 256K regular, 136M humongous, Frag: 62% external, 0% internal; Reserve: 26368K, Max: 256K
[435.616s][info][gc,start       ] GC(243) Concurrent class unloading
[435.616s][info][gc,task        ] GC(243) Using 3 of 6 workers for concurrent class unloading
[435.616s][info][gc             ] GC(243) Concurrent class unloading 0.233ms
[435.616s][info][gc,start       ] GC(243) Pause Final Roots
[435.616s][info][gc             ] GC(243) Pause Final Roots 0.015ms
[435.616s][info][gc,ergo        ] Free: 357M, Max: 256K regular, 136M humongous, Frag: 62% external, 0% internal; Reserve: 26368K, Max: 256K
[435.616s][info][gc,stats       ] 
[435.616s][info][gc,stats       ] All times are wall-clock times, except per-root-class counters, that are sum over
[435.616s][info][gc,stats       ] all workers. Dividing the <total> over the root stage time estimates parallelism.
[435.616s][info][gc,stats       ] 
[435.616s][info][gc,stats       ] Concurrent Reset                    209 us
[435.616s][info][gc,stats       ] Pause Init Mark (G)                 137 us
[435.616s][info][gc,stats       ] Pause Init Mark (N)                  97 us
[435.616s][info][gc,stats       ]   Update Region States               37 us
[435.616s][info][gc,stats       ] Concurrent Mark Roots               336 us, parallelism: 1.25x
[435.616s][info][gc,stats       ]   CMR: <total>                      418 us
[435.616s][info][gc,stats       ]   CMR: Thread Roots                 377 us, workers (us):  97,  49, 231, ---, ---, ---, 
[435.616s][info][gc,stats       ]   CMR: VM Strong Roots                5 us, workers (us):   2,   1,   1, ---, ---, ---, 
[435.616s][info][gc,stats       ]   CMR: CLDG Roots                    37 us, workers (us): ---,  37, ---, ---, ---, ---, 
[435.616s][info][gc,stats       ] Concurrent Marking                  648 us
[435.616s][info][gc,stats       ] Pause Final Mark (G)                253 us
[435.616s][info][gc,stats       ] Pause Final Mark (N)                223 us
[435.616s][info][gc,stats       ]   Finish Mark                        69 us
[435.616s][info][gc,stats       ]   Update Region States               70 us
[435.616s][info][gc,stats       ]   Choose Collection Set              36 us
[435.616s][info][gc,stats       ]   Rebuild Free Set                    8 us
[435.616s][info][gc,stats       ] Concurrent Weak References          116 us, parallelism: 0.04x
[435.616s][info][gc,stats       ]   CWRF: <total>                       4 us
[435.616s][info][gc,stats       ]   CWRF: Weak References               4 us, workers (us):   4,   0,   0, ---, ---, ---, 
[435.616s][info][gc,stats       ] Concurrent Weak Roots               148 us
[435.616s][info][gc,stats       ]   Roots                              93 us, parallelism: 0.99x
[435.616s][info][gc,stats       ]     CWR: <total>                     91 us
[435.616s][info][gc,stats       ]     CWR: Code Cache Roots            50 us, workers (us):   0,  17,  33, ---, ---, ---, 
[435.616s][info][gc,stats       ]     CWR: VM Weak Roots               41 us, workers (us):  36,   3,   1, ---, ---, ---, 
[435.616s][info][gc,stats       ]     CWR: CLDG Roots                   1 us, workers (us):   1, ---, ---, ---, ---, ---, 
[435.616s][info][gc,stats       ]   Rendezvous                         21 us
[435.616s][info][gc,stats       ] Concurrent Cleanup                   64 us
[435.616s][info][gc,stats       ] Concurrent Class Unloading          243 us
[435.616s][info][gc,stats       ]   Unlink Stale                      145 us
[435.616s][info][gc,stats       ]     System Dictionary                 1 us
[435.616s][info][gc,stats       ]     Weak Class Links                  0 us
[435.616s][info][gc,stats       ]     Code Roots                      144 us
[435.616s][info][gc,stats       ]   Rendezvous                         20 us
[435.616s][info][gc,stats       ]   Purge Unlinked                     51 us
[435.616s][info][gc,stats       ]     Code Roots                       49 us
[435.616s][info][gc,stats       ]     CLDG                              2 us
[435.616s][info][gc,stats       ]     Exception Caches                  0 us
[435.616s][info][gc,stats       ] Pause Final Roots (G)                45 us
[435.616s][info][gc,stats       ] Pause Final Roots (N)                23 us
[435.616s][info][gc,stats       ] Pacing                            73550 us
[435.616s][info][gc,stats       ] 
[435.616s][info][gc,stats       ] Allocation pacing accrued:
[435.616s][info][gc,stats       ]      74 of  1605 ms (  4.6%): main
[435.616s][info][gc,stats       ]      74 of  1605 ms (  4.6%): <total>
[435.616s][info][gc,stats       ]       6 of  1605 ms (  0.4%): <average total>
[435.616s][info][gc,stats       ]      74 of  1605 ms (  4.6%): <average non-zero>
[435.616s][info][gc,stats       ] 
[435.616s][info][gc,metaspace   ] Metaspace: 1071K(1280K)->1071K(1280K) NonClass: 990K(1088K)->990K(1088K) Class: 81K(192K)->81K(192K)
[435.616s][info][gc,ergo        ] Pacer for Idle. Initial: 10485K, Alloc Tax Rate: 1.0x
[438.500s][info][gc             ] Failed to allocate Shared, 100M
[438.500s][info][gc             ] Cancelling GC: Allocation Failure
[438.516s][info][gc             ] Trigger: Handle Allocation Failure
[438.516s][info][gc,ergo        ] Free: 165M, Max: 256K regular, 94720K humongous, Frag: 45% external, 0% internal; Reserve: 26368K, Max: 256K
[438.516s][info][gc,start       ] GC(244) Pause Degenerated GC (Outside of Cycle)
[438.516s][info][gc,task        ] GC(244) Using 6 of 6 workers for stw degenerated gc
[438.516s][info][gc,ref         ] GC(244) Clearing All SoftReferences
[438.517s][info][gc,ref         ] GC(244) Encountered references: Soft: 45, Weak: 116, Final: 0, Phantom: 7
[438.517s][info][gc,ref         ] GC(244) Discovered  references: Soft: 20, Weak: 95, Final: 0, Phantom: 5
[438.517s][info][gc,ref         ] GC(244) Enqueued    references: Soft: 0, Weak: 0, Final: 0, Phantom: 0
[438.517s][info][gc,ergo        ] GC(244) Collectable Garbage: 257M (99%), Immediate: 257M (99%), CSet: 0B (0%)
[438.517s][info][gc,ergo        ] GC(244) Good progress for free space: 428M, need 5242K
[438.517s][info][gc,ergo        ] GC(244) Good progress for used space: 257M, need 256K
[438.517s][info][gc             ] GC(244) Pause Degenerated GC (Outside of Cycle) 314M->57M(512M) 1.081ms
[438.517s][info][gc,ergo        ] Free: 428M, Max: 256K regular, 246M humongous, Frag: 43% external, 0% internal; Reserve: 26368K, Max: 256K
[438.517s][info][gc,stats       ] 
[438.517s][info][gc,stats       ] All times are wall-clock times, except per-root-class counters, that are sum over
[438.517s][info][gc,stats       ] all workers. Dividing the <total> over the root stage time estimates parallelism.
[438.517s][info][gc,stats       ] 
[438.517s][info][gc,stats       ] Pause Degenerated GC (G)           1130 us
[438.517s][info][gc,stats       ] Pause Degenerated GC (N)           1091 us
[438.517s][info][gc,stats       ]   Degen STW Mark                    499 us, parallelism: 5.34x
[438.517s][info][gc,stats       ]     DSM: <total>                   2666 us
[438.517s][info][gc,stats       ]     DSM: Thread Roots                56 us, workers (us):  10,   8,   9,  10,   3,  17, 
[438.517s][info][gc,stats       ]     DSM: VM Strong Roots              4 us, workers (us):   0,   2,   2,   0,   0,   0, 
[438.517s][info][gc,stats       ]     DSM: CLDG Roots                  32 us, workers (us):   0,   0,   0,   0,  31,   0, 
[438.517s][info][gc,stats       ]     DSM: Parallel Mark             2574 us, workers (us): 436, 436, 433, 434, 409, 426, 
[438.517s][info][gc,stats       ]     System Purge                    172 us
[438.517s][info][gc,stats       ]       Weak References                57 us, parallelism: 0.12x
[438.517s][info][gc,stats       ]         WRP: <total>                  7 us
[438.517s][info][gc,stats       ]         WRP: Weak References          7 us, workers (us):   2,   0,   1,   4,   0,   0, 
[438.517s][info][gc,stats       ]       Unload Classes                 87 us, parallelism: 3.71x
[438.517s][info][gc,stats       ]         DCU: <total>                324 us
[438.517s][info][gc,stats       ]         DCU: Unload Code Caches      324 us, workers (us):  55,  48,  65,  55,  53,  48, 
[438.517s][info][gc,stats       ]       Weak Roots                     26 us, parallelism: 2.10x
[438.517s][info][gc,stats       ]         DWR: <total>                 54 us
[438.517s][info][gc,stats       ]         DWR: VM Weak Roots           54 us, workers (us):  10,  10,   9,   9,   8,   8, 
[438.517s][info][gc,stats       ]       CLDG                            0 us
[438.517s][info][gc,stats       ]   Update Region States               27 us
[438.517s][info][gc,stats       ]   Manage GC/TLABs                     3 us
[438.517s][info][gc,stats       ]   Choose Collection Set              42 us
[438.517s][info][gc,stats       ]   Rebuild Free Set                    9 us
[438.517s][info][gc,stats       ]   Cleanup                             6 us
[438.517s][info][gc,stats       ] Pacing                            63827 us
[438.517s][info][gc,stats       ] 
[438.517s][info][gc,stats       ] Allocation pacing accrued:
[438.517s][info][gc,stats       ]      64 of  2901 ms (  2.2%): main
[438.517s][info][gc,stats       ]      64 of  2901 ms (  2.2%): <total>
[438.517s][info][gc,stats       ]       5 of  2901 ms (  0.2%): <average total>
[438.517s][info][gc,stats       ]      64 of  2901 ms (  2.2%): <average non-zero>
[438.517s][info][gc,stats       ] 
[438.517s][info][gc,metaspace   ] Metaspace: 1071K(1280K)->1071K(1280K) NonClass: 990K(1088K)->990K(1088K) Class: 81K(192K)->81K(192K)
[438.517s][info][gc,ergo        ] Pacer for Idle. Initial: 10485K, Alloc Tax Rate: 1.0x
[439.835s][info][gc             ] Trigger: Average GC time (3.41 ms) is above the time for average allocation rate (143 MB/s) to deplete free headroom (0B) (margin of error = 3.29)
[439.835s][info][gc,ergo        ] Free headroom: 202M (free) - 26214K (spike) - 184M (penalties) = 0B
[439.835s][info][gc,ergo        ] Free: 202M, Max: 256K regular, 146M humongous, Frag: 28% external, 0% internal; Reserve: 26368K, Max: 256K
[439.835s][info][gc,start       ] GC(245) Concurrent reset
[439.835s][info][gc,task        ] GC(245) Using 3 of 6 workers for concurrent reset
[439.835s][info][gc,ergo        ] GC(245) Pacer for Reset. Non-Taxable: 512M
[439.835s][info][gc             ] GC(245) Concurrent reset 0.152ms
[439.835s][info][gc,start       ] GC(245) Pause Init Mark (unload classes)
[439.835s][info][gc,task        ] GC(245) Using 6 of 6 workers for init marking
[439.835s][info][gc,ergo        ] GC(245) Pacer for Mark. Expected Live: 143M, Free: 202M, Non-Taxable: 20761K, Alloc Tax Rate: 0.9x
[439.835s][info][gc             ] GC(245) Pause Init Mark (unload classes) 0.081ms
[439.835s][info][gc,start       ] GC(245) Concurrent marking roots
[439.835s][info][gc,task        ] GC(245) Using 3 of 6 workers for concurrent marking roots
[439.835s][info][gc             ] GC(245) Concurrent marking roots 0.242ms
[439.835s][info][gc,start       ] GC(245) Concurrent marking (unload classes)
[439.835s][info][gc,task        ] GC(245) Using 3 of 6 workers for concurrent marking
[439.836s][info][gc             ] GC(245) Concurrent marking (unload classes) 0.660ms
[439.836s][info][gc,start       ] GC(245) Pause Final Mark (unload classes)
[439.836s][info][gc,task        ] GC(245) Using 6 of 6 workers for final marking
[439.836s][info][gc,ergo        ] GC(245) Collectable Garbage: 167M (99%), Immediate: 167M (99%), CSet: 0B (0%)
[439.836s][info][gc             ] GC(245) Pause Final Mark (unload classes) 0.122ms
[439.836s][info][gc,start       ] GC(245) Concurrent weak references
[439.836s][info][gc,task        ] GC(245) Using 3 of 6 workers for concurrent weak references
[439.836s][info][gc,ref         ] GC(245) Encountered references: Soft: 45, Weak: 116, Final: 0, Phantom: 7
[439.836s][info][gc,ref         ] GC(245) Discovered  references: Soft: 0, Weak: 95, Final: 0, Phantom: 5
[439.836s][info][gc,ref         ] GC(245) Enqueued    references: Soft: 0, Weak: 0, Final: 0, Phantom: 0
[439.836s][info][gc             ] GC(245) Concurrent weak references 0.089ms
[439.836s][info][gc,start       ] GC(245) Concurrent weak roots
[439.836s][info][gc,task        ] GC(245) Using 3 of 6 workers for concurrent weak root
[439.836s][info][gc             ] GC(245) Concurrent weak roots 0.119ms
[439.836s][info][gc,start       ] GC(245) Concurrent cleanup
[439.836s][info][gc             ] GC(245) Concurrent cleanup 279M->112M(512M) 0.041ms
[439.836s][info][gc,ergo        ] GC(245) Free: 372M, Max: 256K regular, 246M humongous, Frag: 34% external, 0% internal; Reserve: 26368K, Max: 256K
[439.836s][info][gc,start       ] GC(245) Concurrent class unloading
[439.836s][info][gc,task        ] GC(245) Using 3 of 6 workers for concurrent class unloading
[439.837s][info][gc             ] GC(245) Concurrent class unloading 0.219ms
[439.837s][info][gc,start       ] GC(245) Pause Final Roots
[439.837s][info][gc             ] GC(245) Pause Final Roots 0.024ms
[439.837s][info][gc,ergo        ] Free: 372M, Max: 256K regular, 246M humongous, Frag: 34% external, 0% internal; Reserve: 26368K, Max: 256K
[439.837s][info][gc,stats       ] 
[439.837s][info][gc,stats       ] All times are wall-clock times, except per-root-class counters, that are sum over
[439.837s][info][gc,stats       ] all workers. Dividing the <total> over the root stage time estimates parallelism.
[439.837s][info][gc,stats       ] 
[439.837s][info][gc,stats       ] Concurrent Reset                    168 us
[439.837s][info][gc,stats       ] Pause Init Mark (G)                 124 us
[439.837s][info][gc,stats       ] Pause Init Mark (N)                  91 us
[439.837s][info][gc,stats       ]   Update Region States               25 us
[439.837s][info][gc,stats       ] Concurrent Mark Roots               256 us, parallelism: 1.26x
[439.837s][info][gc,stats       ]   CMR: <total>                      323 us
[439.837s][info][gc,stats       ]   CMR: Thread Roots                 291 us, workers (us): 190,  36,  65, ---, ---, ---, 
[439.837s][info][gc,stats       ]   CMR: VM Strong Roots                4 us, workers (us):   2,   1,   1, ---, ---, ---, 
[439.837s][info][gc,stats       ]   CMR: CLDG Roots                    27 us, workers (us): ---,  27, ---, ---, ---, ---, 
[439.837s][info][gc,stats       ] Concurrent Marking                  675 us
[439.837s][info][gc,stats       ] Pause Final Mark (G)                165 us
[439.837s][info][gc,stats       ] Pause Final Mark (N)                132 us
[439.837s][info][gc,stats       ]   Finish Mark                        28 us
[439.837s][info][gc,stats       ]   Update Region States               22 us
[439.837s][info][gc,stats       ]   Choose Collection Set              33 us
[439.837s][info][gc,stats       ]   Rebuild Free Set                    8 us
[439.837s][info][gc,stats       ] Concurrent Weak References           98 us, parallelism: 0.05x
[439.837s][info][gc,stats       ]   CWRF: <total>                       5 us
[439.837s][info][gc,stats       ]   CWRF: Weak References               5 us, workers (us):   3,   1,   0, ---, ---, ---, 
[439.837s][info][gc,stats       ] Concurrent Weak Roots               133 us
[439.837s][info][gc,stats       ]   Roots                              73 us, parallelism: 1.44x
[439.837s][info][gc,stats       ]     CWR: <total>                    106 us
[439.837s][info][gc,stats       ]     CWR: Code Cache Roots            60 us, workers (us):   0,  35,  25, ---, ---, ---, 
[439.837s][info][gc,stats       ]     CWR: VM Weak Roots               45 us, workers (us):  16,  15,  14, ---, ---, ---, 
[439.837s][info][gc,stats       ]     CWR: CLDG Roots                   1 us, workers (us):   1, ---, ---, ---, ---, ---, 
[439.837s][info][gc,stats       ]   Rendezvous                         29 us
[439.837s][info][gc,stats       ] Concurrent Cleanup                   51 us
[439.837s][info][gc,stats       ] Concurrent Class Unloading          238 us
[439.837s][info][gc,stats       ]   Unlink Stale                      152 us
[439.837s][info][gc,stats       ]     System Dictionary                 1 us
[439.837s][info][gc,stats       ]     Weak Class Links                  0 us
[439.837s][info][gc,stats       ]     Code Roots                      150 us
[439.837s][info][gc,stats       ]   Rendezvous                         24 us
[439.837s][info][gc,stats       ]   Purge Unlinked                     26 us
[439.837s][info][gc,stats       ]     Code Roots                       23 us
[439.837s][info][gc,stats       ]     CLDG                              3 us
[439.837s][info][gc,stats       ]     Exception Caches                  0 us
[439.837s][info][gc,stats       ] Pause Final Roots (G)                58 us
[439.837s][info][gc,stats       ] Pause Final Roots (N)                33 us
[439.837s][info][gc,stats       ] 
[439.837s][info][gc,stats       ] Allocation pacing accrued:
[439.837s][info][gc,stats       ]       0 of  1320 ms (  0.0%): <total>
[439.837s][info][gc,stats       ]       0 of  1320 ms (  0.0%): <average total>
[439.837s][info][gc,stats       ] 
[439.837s][info][gc,metaspace   ] Metaspace: 1071K(1280K)->1071K(1280K) NonClass: 990K(1088K)->990K(1088K) Class: 81K(192K)->81K(192K)
[439.837s][info][gc,ergo        ] Pacer for Idle. Initial: 10485K, Alloc Tax Rate: 1.0x
[441.409s][info][gc             ] Trigger: Average GC time (3.10 ms) is above the time for average allocation rate (4887 KB/s) to deplete free headroom (0B) (margin of error = 3.29)
[441.409s][info][gc,ergo        ] Free headroom: 143M (free) - 26214K (spike) - 179M (penalties) = 0B
[441.409s][info][gc,ergo        ] Free: 143M, Max: 256K regular, 64256K humongous, Frag: 57% external, 0% internal; Reserve: 26368K, Max: 256K
[441.409s][info][gc,start       ] GC(246) Concurrent reset
[441.409s][info][gc,task        ] GC(246) Using 3 of 6 workers for concurrent reset
[441.409s][info][gc,ergo        ] GC(246) Pacer for Reset. Non-Taxable: 512M
[441.409s][info][gc             ] GC(246) Concurrent reset 0.187ms
[441.409s][info][gc,start       ] GC(246) Pause Init Mark (unload classes)
[441.409s][info][gc,task        ] GC(246) Using 6 of 6 workers for init marking
[441.409s][info][gc,ergo        ] GC(246) Pacer for Mark. Expected Live: 145M, Free: 143M, Non-Taxable: 14668K, Alloc Tax Rate: 1.2x
[441.410s][info][gc             ] GC(246) Pause Init Mark (unload classes) 0.069ms
[441.410s][info][gc,start       ] GC(246) Concurrent marking roots
[441.410s][info][gc,task        ] GC(246) Using 3 of 6 workers for concurrent marking roots
[441.410s][info][gc             ] GC(246) Concurrent marking roots 0.246ms
[441.410s][info][gc,start       ] GC(246) Concurrent marking (unload classes)
[441.410s][info][gc,task        ] GC(246) Using 3 of 6 workers for concurrent marking
[441.410s][info][gc             ] GC(246) Concurrent marking (unload classes) 0.642ms
[441.410s][info][gc,start       ] GC(246) Pause Final Mark (unload classes)
[441.410s][info][gc,task        ] GC(246) Using 6 of 6 workers for final marking
[441.411s][info][gc,ergo        ] GC(246) Collectable Garbage: 237M (99%), Immediate: 237M (99%), CSet: 0B (0%)
[441.411s][info][gc             ] GC(246) Pause Final Mark (unload classes) 0.124ms
[441.411s][info][gc,start       ] GC(246) Concurrent weak references
[441.411s][info][gc,task        ] GC(246) Using 3 of 6 workers for concurrent weak references
[441.411s][info][gc,ref         ] GC(246) Encountered references: Soft: 45, Weak: 116, Final: 0, Phantom: 7
[441.411s][info][gc,ref         ] GC(246) Discovered  references: Soft: 20, Weak: 95, Final: 0, Phantom: 5
[441.411s][info][gc,ref         ] GC(246) Enqueued    references: Soft: 0, Weak: 0, Final: 0, Phantom: 0
[441.411s][info][gc             ] GC(246) Concurrent weak references 0.081ms
[441.411s][info][gc,start       ] GC(246) Concurrent weak roots
[441.411s][info][gc,task        ] GC(246) Using 3 of 6 workers for concurrent weak root
[441.411s][info][gc             ] GC(246) Concurrent weak roots 0.112ms
[441.411s][info][gc,start       ] GC(246) Concurrent cleanup
[441.411s][info][gc             ] GC(246) Concurrent cleanup 339M->102M(512M) 0.053ms
[441.411s][info][gc,ergo        ] GC(246) Free: 383M, Max: 256K regular, 337M humongous, Frag: 13% external, 0% internal; Reserve: 26368K, Max: 256K
[441.411s][info][gc,start       ] GC(246) Concurrent class unloading
[441.411s][info][gc,task        ] GC(246) Using 3 of 6 workers for concurrent class unloading
[441.411s][info][gc             ] GC(246) Concurrent class unloading 0.219ms
[441.411s][info][gc,start       ] GC(246) Pause Final Roots
[441.411s][info][gc             ] GC(246) Pause Final Roots 0.017ms
[441.411s][info][gc,ergo        ] Free: 383M, Max: 256K regular, 337M humongous, Frag: 13% external, 0% internal; Reserve: 26368K, Max: 256K
[441.411s][info][gc,stats       ] 
[441.411s][info][gc,stats       ] All times are wall-clock times, except per-root-class counters, that are sum over
[441.411s][info][gc,stats       ] all workers. Dividing the <total> over the root stage time estimates parallelism.
[441.411s][info][gc,stats       ] 
[441.411s][info][gc,stats       ] Concurrent Reset                    208 us
[441.411s][info][gc,stats       ] Pause Init Mark (G)                 112 us
[441.411s][info][gc,stats       ] Pause Init Mark (N)                  78 us
[441.411s][info][gc,stats       ]   Update Region States               22 us
[441.411s][info][gc,stats       ] Concurrent Mark Roots               262 us, parallelism: 1.28x
[441.411s][info][gc,stats       ]   CMR: <total>                      335 us
[441.411s][info][gc,stats       ]   CMR: Thread Roots                 301 us, workers (us):  35, 200,  66, ---, ---, ---, 
[441.411s][info][gc,stats       ]   CMR: VM Strong Roots                5 us, workers (us):   1,   2,   1, ---, ---, ---, 
[441.411s][info][gc,stats       ]   CMR: CLDG Roots                    29 us, workers (us):  29, ---, ---, ---, ---, ---, 
[441.411s][info][gc,stats       ] Concurrent Marking                  657 us
[441.411s][info][gc,stats       ] Pause Final Mark (G)                166 us
[441.411s][info][gc,stats       ] Pause Final Mark (N)                133 us
[441.411s][info][gc,stats       ]   Finish Mark                        22 us
[441.411s][info][gc,stats       ]   Update Region States               28 us
[441.411s][info][gc,stats       ]   Choose Collection Set              35 us
[441.411s][info][gc,stats       ]   Rebuild Free Set                    8 us
[441.411s][info][gc,stats       ] Concurrent Weak References           92 us, parallelism: 0.06x
[441.411s][info][gc,stats       ]   CWRF: <total>                       5 us
[441.411s][info][gc,stats       ]   CWRF: Weak References               5 us, workers (us):   3,   1,   1, ---, ---, ---, 
[441.411s][info][gc,stats       ] Concurrent Weak Roots               128 us
[441.411s][info][gc,stats       ]   Roots                              70 us, parallelism: 1.34x
[441.411s][info][gc,stats       ]     CWR: <total>                     94 us
[441.411s][info][gc,stats       ]     CWR: Code Cache Roots            52 us, workers (us):  34,  17,   0, ---, ---, ---, 
[441.411s][info][gc,stats       ]     CWR: VM Weak Roots               41 us, workers (us):  14,  14,  13, ---, ---, ---, 
[441.411s][info][gc,stats       ]     CWR: CLDG Roots                   1 us, workers (us): ---, ---,   1, ---, ---, ---, 
[441.411s][info][gc,stats       ]   Rendezvous                         25 us
[441.411s][info][gc,stats       ] Concurrent Cleanup                   63 us
[441.411s][info][gc,stats       ] Concurrent Class Unloading          239 us
[441.412s][info][gc,stats       ]   Unlink Stale                      154 us
[441.412s][info][gc,stats       ]     System Dictionary                 1 us
[441.412s][info][gc,stats       ]     Weak Class Links                  0 us
[441.412s][info][gc,stats       ]     Code Roots                      152 us
[441.412s][info][gc,stats       ]   Rendezvous                         23 us
[441.412s][info][gc,stats       ]   Purge Unlinked                     25 us
[441.412s][info][gc,stats       ]     Code Roots                       22 us
[441.412s][info][gc,stats       ]     CLDG                              3 us
[441.412s][info][gc,stats       ]     Exception Caches                  0 us
[441.412s][info][gc,stats       ] Pause Final Roots (G)                47 us
[441.412s][info][gc,stats       ] Pause Final Roots (N)                25 us
[441.412s][info][gc,stats       ] Pacing                            42374 us
[441.412s][info][gc,stats       ] 
[441.412s][info][gc,stats       ] Allocation pacing accrued:
[441.412s][info][gc,stats       ]      42 of  1574 ms (  2.7%): main
[441.412s][info][gc,stats       ]      42 of  1574 ms (  2.7%): <total>
[441.412s][info][gc,stats       ]       3 of  1574 ms (  0.2%): <average total>
[441.412s][info][gc,stats       ]      42 of  1574 ms (  2.7%): <average non-zero>
[441.412s][info][gc,stats       ] 
[441.412s][info][gc,metaspace   ] Metaspace: 1071K(1280K)->1071K(1280K) NonClass: 990K(1088K)->990K(1088K) Class: 81K(192K)->81K(192K)
[441.412s][info][gc,ergo        ] Pacer for Idle. Initial: 10485K, Alloc Tax Rate: 1.0x
[442.877s][info][gc             ] Trigger: Average GC time (2.80 ms) is above the time for average allocation rate (292 MB/s) to deplete free headroom (0B) (margin of error = 3.29)
[442.877s][info][gc,ergo        ] Free headroom: 158M (free) - 26214K (spike) - 174M (penalties) = 0B
[442.877s][info][gc,ergo        ] Free: 158M, Max: 256K regular, 111M humongous, Frag: 30% external, 0% internal; Reserve: 26368K, Max: 256K
[442.877s][info][gc,start       ] GC(247) Concurrent reset
[442.877s][info][gc,task        ] GC(247) Using 3 of 6 workers for concurrent reset
[442.877s][info][gc,ergo        ] GC(247) Pacer for Reset. Non-Taxable: 512M
[442.877s][info][gc             ] GC(247) Concurrent reset 0.206ms
[442.877s][info][gc,start       ] GC(247) Pause Init Mark (unload classes)
[442.877s][info][gc,task        ] GC(247) Using 6 of 6 workers for init marking
[442.877s][info][gc,ergo        ] GC(247) Pacer for Mark. Expected Live: 124M, Free: 158M, Non-Taxable: 16179K, Alloc Tax Rate: 1.0x
[442.877s][info][gc             ] GC(247) Pause Init Mark (unload classes) 0.132ms
[442.877s][info][gc,start       ] GC(247) Concurrent marking roots
[442.877s][info][gc,task        ] GC(247) Using 3 of 6 workers for concurrent marking roots
[442.878s][info][gc             ] GC(247) Concurrent marking roots 0.283ms
[442.878s][info][gc,start       ] GC(247) Concurrent marking (unload classes)
[442.878s][info][gc,task        ] GC(247) Using 3 of 6 workers for concurrent marking
[442.878s][info][gc             ] GC(247) Concurrent marking (unload classes) 0.658ms
[442.878s][info][gc,start       ] GC(247) Pause Final Mark (unload classes)
[442.878s][info][gc,task        ] GC(247) Using 6 of 6 workers for final marking
[442.879s][info][gc,ergo        ] GC(247) Collectable Garbage: 216M (99%), Immediate: 216M (99%), CSet: 0B (0%)
[442.879s][info][gc             ] GC(247) Pause Final Mark (unload classes) 0.179ms
[442.879s][info][gc,start       ] GC(247) Concurrent weak references
[442.879s][info][gc,task        ] GC(247) Using 3 of 6 workers for concurrent weak references
[442.879s][info][gc,ref         ] GC(247) Encountered references: Soft: 45, Weak: 116, Final: 0, Phantom: 7
[442.879s][info][gc,ref         ] GC(247) Discovered  references: Soft: 18, Weak: 76, Final: 0, Phantom: 5
[442.879s][info][gc,ref         ] GC(247) Enqueued    references: Soft: 0, Weak: 0, Final: 0, Phantom: 0
[442.879s][info][gc             ] GC(247) Concurrent weak references 0.105ms
[442.879s][info][gc,start       ] GC(247) Concurrent weak roots
[442.879s][info][gc,task        ] GC(247) Using 3 of 6 workers for concurrent weak root
[442.879s][info][gc             ] GC(247) Concurrent weak roots 0.114ms
[442.879s][info][gc,start       ] GC(247) Concurrent cleanup
[442.879s][info][gc             ] GC(247) Concurrent cleanup 324M->108M(512M) 0.048ms
[442.879s][info][gc,ergo        ] GC(247) Free: 377M, Max: 256K regular, 258M humongous, Frag: 32% external, 0% internal; Reserve: 26368K, Max: 256K
[442.879s][info][gc,start       ] GC(247) Concurrent class unloading
[442.879s][info][gc,task        ] GC(247) Using 3 of 6 workers for concurrent class unloading
[442.879s][info][gc             ] GC(247) Concurrent class unloading 0.203ms
[442.879s][info][gc,start       ] GC(247) Pause Final Roots
[442.879s][info][gc             ] GC(247) Pause Final Roots 0.018ms
[442.879s][info][gc,ergo        ] Free: 377M, Max: 256K regular, 258M humongous, Frag: 32% external, 0% internal; Reserve: 26368K, Max: 256K
[442.879s][info][gc,stats       ] 
[442.879s][info][gc,stats       ] All times are wall-clock times, except per-root-class counters, that are sum over
[442.879s][info][gc,stats       ] all workers. Dividing the <total> over the root stage time estimates parallelism.
[442.879s][info][gc,stats       ] 
[442.879s][info][gc,stats       ] Concurrent Reset                    228 us
[442.879s][info][gc,stats       ] Pause Init Mark (G)                 208 us
[442.879s][info][gc,stats       ] Pause Init Mark (N)                 141 us
[442.879s][info][gc,stats       ]   Update Region States               81 us
[442.879s][info][gc,stats       ] Concurrent Mark Roots               298 us, parallelism: 1.15x
[442.879s][info][gc,stats       ]   CMR: <total>                      341 us
[442.879s][info][gc,stats       ]   CMR: Thread Roots                 305 us, workers (us): 198,  64,  42, ---, ---, ---, 
[442.879s][info][gc,stats       ]   CMR: VM Strong Roots                4 us, workers (us):   4,   0,   0, ---, ---, ---, 
[442.879s][info][gc,stats       ]   CMR: CLDG Roots                    32 us, workers (us):  32, ---, ---, ---, ---, ---, 
[442.879s][info][gc,stats       ] Concurrent Marking                  673 us
[442.879s][info][gc,stats       ] Pause Final Mark (G)                262 us
[442.879s][info][gc,stats       ] Pause Final Mark (N)                189 us
[442.879s][info][gc,stats       ]   Finish Mark                        32 us
[442.879s][info][gc,stats       ]   Update Region States               68 us
[442.879s][info][gc,stats       ]   Choose Collection Set              39 us
[442.879s][info][gc,stats       ]   Rebuild Free Set                    9 us
[442.879s][info][gc,stats       ] Concurrent Weak References          113 us, parallelism: 0.03x
[442.879s][info][gc,stats       ]   CWRF: <total>                       4 us
[442.879s][info][gc,stats       ]   CWRF: Weak References               4 us, workers (us):   2,   2,   0, ---, ---, ---, 
[442.879s][info][gc,stats       ] Concurrent Weak Roots               130 us
[442.879s][info][gc,stats       ]   Roots                              69 us, parallelism: 1.36x
[442.879s][info][gc,stats       ]     CWR: <total>                     95 us
[442.879s][info][gc,stats       ]     CWR: Code Cache Roots            52 us, workers (us):   0,  18,  34, ---, ---, ---, 
[442.879s][info][gc,stats       ]     CWR: VM Weak Roots               42 us, workers (us):  14,  15,  14, ---, ---, ---, 
[442.879s][info][gc,stats       ]     CWR: CLDG Roots                   1 us, workers (us):   1, ---, ---, ---, ---, ---, 
[442.879s][info][gc,stats       ]   Rendezvous                         26 us
[442.879s][info][gc,stats       ] Concurrent Cleanup                   57 us
[442.879s][info][gc,stats       ] Concurrent Class Unloading          213 us
[442.879s][info][gc,stats       ]   Unlink Stale                      147 us
[442.879s][info][gc,stats       ]     System Dictionary                 1 us
[442.879s][info][gc,stats       ]     Weak Class Links                  0 us
[442.879s][info][gc,stats       ]     Code Roots                      146 us
[442.879s][info][gc,stats       ]   Rendezvous                         18 us
[442.879s][info][gc,stats       ]   Purge Unlinked                     21 us
[442.879s][info][gc,stats       ]     Code Roots                       19 us
[442.879s][info][gc,stats       ]     CLDG                              2 us
[442.879s][info][gc,stats       ] Pause Final Roots (G)                48 us
[442.880s][info][gc,stats       ] Pause Final Roots (N)                28 us
[442.880s][info][gc,stats       ] Pacing                            47816 us
[442.880s][info][gc,stats       ] 
[442.880s][info][gc,stats       ] Allocation pacing accrued:
[442.880s][info][gc,stats       ]      48 of  1468 ms (  3.3%): main
[442.880s][info][gc,stats       ]      48 of  1468 ms (  3.3%): <total>
[442.880s][info][gc,stats       ]       4 of  1468 ms (  0.3%): <average total>
[442.880s][info][gc,stats       ]      48 of  1468 ms (  3.3%): <average non-zero>
[442.880s][info][gc,stats       ] 
[442.880s][info][gc,metaspace   ] Metaspace: 1071K(1280K)->1071K(1280K) NonClass: 990K(1088K)->990K(1088K) Class: 81K(192K)->81K(192K)
[442.880s][info][gc,ergo        ] Pacer for Idle. Initial: 10485K, Alloc Tax Rate: 1.0x
[444.347s][info][gc             ] Trigger: Average GC time (2.75 ms) is above the time for average allocation rate (294 MB/s) to deplete free headroom (0B) (margin of error = 3.29)
[444.347s][info][gc,ergo        ] Free headroom: 151M (free) - 26214K (spike) - 168M (penalties) = 0B
[444.347s][info][gc,ergo        ] Free: 151M, Max: 256K regular, 107M humongous, Frag: 29% external, 0% internal; Reserve: 26368K, Max: 256K
[444.347s][info][gc,start       ] GC(248) Concurrent reset
[444.347s][info][gc,task        ] GC(248) Using 3 of 6 workers for concurrent reset
[444.347s][info][gc,ergo        ] GC(248) Pacer for Reset. Non-Taxable: 512M
[444.347s][info][gc             ] GC(248) Concurrent reset 0.173ms
[444.347s][info][gc,start       ] GC(248) Pause Init Mark (unload classes)
[444.347s][info][gc,task        ] GC(248) Using 6 of 6 workers for init marking
[444.347s][info][gc,ergo        ] GC(248) Pacer for Mark. Expected Live: 113M, Free: 151M, Non-Taxable: 15513K, Alloc Tax Rate: 0.9x
[444.347s][info][gc             ] GC(248) Pause Init Mark (unload classes) 0.076ms
[444.347s][info][gc,start       ] GC(248) Concurrent marking roots
[444.347s][info][gc,task        ] GC(248) Using 3 of 6 workers for concurrent marking roots
[444.347s][info][gc             ] GC(248) Concurrent marking roots 0.247ms
[444.347s][info][gc,start       ] GC(248) Concurrent marking (unload classes)
[444.348s][info][gc,task        ] GC(248) Using 3 of 6 workers for concurrent marking
[444.348s][info][gc             ] GC(248) Concurrent marking (unload classes) 0.781ms
[444.348s][info][gc,start       ] GC(248) Pause Final Mark (unload classes)
[444.348s][info][gc,task        ] GC(248) Using 6 of 6 workers for final marking
[444.348s][info][gc,ergo        ] GC(248) Collectable Garbage: 211M (99%), Immediate: 211M (99%), CSet: 0B (0%)
[444.348s][info][gc             ] GC(248) Pause Final Mark (unload classes) 0.144ms
[444.348s][info][gc,start       ] GC(248) Concurrent weak references
[444.348s][info][gc,task        ] GC(248) Using 3 of 6 workers for concurrent weak references
[444.349s][info][gc,ref         ] GC(248) Encountered references: Soft: 45, Weak: 116, Final: 0, Phantom: 7
[444.349s][info][gc,ref         ] GC(248) Discovered  references: Soft: 19, Weak: 95, Final: 0, Phantom: 5
[444.349s][info][gc,ref         ] GC(248) Enqueued    references: Soft: 0, Weak: 0, Final: 0, Phantom: 0
[444.349s][info][gc             ] GC(248) Concurrent weak references 0.083ms
[444.349s][info][gc,start       ] GC(248) Concurrent weak roots
[444.349s][info][gc,task        ] GC(248) Using 3 of 6 workers for concurrent weak root
[444.349s][info][gc             ] GC(248) Concurrent weak roots 0.125ms
[444.349s][info][gc,start       ] GC(248) Concurrent cleanup
[444.349s][info][gc             ] GC(248) Concurrent cleanup 330M->119M(512M) 0.049ms
[444.349s][info][gc,ergo        ] GC(248) Free: 365M, Max: 256K regular, 220M humongous, Frag: 40% external, 0% internal; Reserve: 26368K, Max: 256K
[444.349s][info][gc,start       ] GC(248) Concurrent class unloading
[444.349s][info][gc,task        ] GC(248) Using 3 of 6 workers for concurrent class unloading
[444.349s][info][gc             ] GC(248) Concurrent class unloading 0.222ms
[444.349s][info][gc,start       ] GC(248) Pause Final Roots
[444.349s][info][gc             ] GC(248) Pause Final Roots 0.017ms
[444.349s][info][gc,ergo        ] Free: 365M, Max: 256K regular, 220M humongous, Frag: 40% external, 0% internal; Reserve: 26368K, Max: 256K
[444.349s][info][gc,stats       ] 
[444.349s][info][gc,stats       ] All times are wall-clock times, except per-root-class counters, that are sum over
[444.349s][info][gc,stats       ] all workers. Dividing the <total> over the root stage time estimates parallelism.
[444.349s][info][gc,stats       ] 
[444.349s][info][gc,stats       ] Concurrent Reset                    194 us
[444.349s][info][gc,stats       ] Pause Init Mark (G)                 121 us
[444.349s][info][gc,stats       ] Pause Init Mark (N)                  85 us
[444.349s][info][gc,stats       ]   Update Region States               24 us
[444.349s][info][gc,stats       ] Concurrent Mark Roots               261 us, parallelism: 1.24x
[444.349s][info][gc,stats       ]   CMR: <total>                      325 us
[444.349s][info][gc,stats       ]   CMR: Thread Roots                 291 us, workers (us):  35, 191,  66, ---, ---, ---, 
[444.349s][info][gc,stats       ]   CMR: VM Strong Roots                6 us, workers (us):   2,   2,   1, ---, ---, ---, 
[444.349s][info][gc,stats       ]   CMR: CLDG Roots                    28 us, workers (us):  28, ---, ---, ---, ---, ---, 
[444.349s][info][gc,stats       ] Concurrent Marking                  795 us
[444.349s][info][gc,stats       ] Pause Final Mark (G)                187 us
[444.349s][info][gc,stats       ] Pause Final Mark (N)                154 us
[444.349s][info][gc,stats       ]   Finish Mark                        42 us
[444.349s][info][gc,stats       ]   Update Region States               27 us
[444.349s][info][gc,stats       ]   Choose Collection Set              37 us
[444.349s][info][gc,stats       ]   Rebuild Free Set                    8 us
[444.349s][info][gc,stats       ] Concurrent Weak References           92 us, parallelism: 0.05x
[444.349s][info][gc,stats       ]   CWRF: <total>                       5 us
[444.349s][info][gc,stats       ]   CWRF: Weak References               5 us, workers (us):   3,   2,   0, ---, ---, ---, 
[444.349s][info][gc,stats       ] Concurrent Weak Roots               139 us
[444.349s][info][gc,stats       ]   Roots                              72 us, parallelism: 1.29x
[444.349s][info][gc,stats       ]     CWR: <total>                     93 us
[444.349s][info][gc,stats       ]     CWR: Code Cache Roots            51 us, workers (us):  16,  35,   0, ---, ---, ---, 
[444.349s][info][gc,stats       ]     CWR: VM Weak Roots               42 us, workers (us):  15,  14,  13, ---, ---, ---, 
[444.349s][info][gc,stats       ]     CWR: CLDG Roots                   1 us, workers (us): ---, ---,   1, ---, ---, ---, 
[444.349s][info][gc,stats       ]   Rendezvous                         26 us
[444.349s][info][gc,stats       ] Concurrent Cleanup                   62 us
[444.349s][info][gc,stats       ] Concurrent Class Unloading          236 us
[444.349s][info][gc,stats       ]   Unlink Stale                      153 us
[444.349s][info][gc,stats       ]     System Dictionary                 1 us
[444.349s][info][gc,stats       ]     Weak Class Links                  0 us
[444.349s][info][gc,stats       ]     Code Roots                      152 us
[444.349s][info][gc,stats       ]   Rendezvous                         26 us
[444.349s][info][gc,stats       ]   Purge Unlinked                     25 us
[444.349s][info][gc,stats       ]     Code Roots                       22 us
[444.349s][info][gc,stats       ]     CLDG                              2 us
[444.349s][info][gc,stats       ]     Exception Caches                  0 us
[444.349s][info][gc,stats       ] Pause Final Roots (G)                46 us
[444.349s][info][gc,stats       ] Pause Final Roots (N)                25 us
[444.349s][info][gc,stats       ] Pacing                            46508 us
[444.349s][info][gc,stats       ] 
[444.350s][info][gc,stats       ] Allocation pacing accrued:
[444.350s][info][gc,stats       ]      47 of  1470 ms (  3.2%): main
[444.350s][info][gc,stats       ]      47 of  1470 ms (  3.2%): <total>
[444.350s][info][gc,stats       ]       4 of  1470 ms (  0.2%): <average total>
[444.350s][info][gc,stats       ]      47 of  1470 ms (  3.2%): <average non-zero>
[444.350s][info][gc,stats       ] 
[444.350s][info][gc,metaspace   ] Metaspace: 1071K(1280K)->1071K(1280K) NonClass: 990K(1088K)->990K(1088K) Class: 81K(192K)->81K(192K)
[444.350s][info][gc,ergo        ] Pacer for Idle. Initial: 10485K, Alloc Tax Rate: 1.0x
[445.812s][info][gc             ] Trigger: Average GC time (2.58 ms) is above the time for average allocation rate (298 MB/s) to deplete free headroom (0B) (margin of error = 3.29)
[445.812s][info][gc,ergo        ] Free headroom: 166M (free) - 26214K (spike) - 163M (penalties) = 0B
[445.812s][info][gc,ergo        ] Free: 166M, Max: 256K regular, 107M humongous, Frag: 36% external, 0% internal; Reserve: 26368K, Max: 256K
[445.812s][info][gc,start       ] GC(249) Concurrent reset
[445.812s][info][gc,task        ] GC(249) Using 3 of 6 workers for concurrent reset
[445.812s][info][gc,ergo        ] GC(249) Pacer for Reset. Non-Taxable: 512M
[445.812s][info][gc             ] GC(249) Concurrent reset 0.203ms
[445.812s][info][gc,start       ] GC(249) Pause Init Mark (unload classes)
[445.812s][info][gc,task        ] GC(249) Using 6 of 6 workers for init marking
[445.812s][info][gc,ergo        ] GC(249) Pacer for Mark. Expected Live: 124M, Free: 166M, Non-Taxable: 17024K, Alloc Tax Rate: 0.9x
[445.812s][info][gc             ] GC(249) Pause Init Mark (unload classes) 0.079ms
[445.812s][info][gc,start       ] GC(249) Concurrent marking roots
[445.812s][info][gc,task        ] GC(249) Using 3 of 6 workers for concurrent marking roots
[445.812s][info][gc             ] GC(249) Concurrent marking roots 0.247ms
[445.812s][info][gc,start       ] GC(249) Concurrent marking (unload classes)
[445.812s][info][gc,task        ] GC(249) Using 3 of 6 workers for concurrent marking
[445.813s][info][gc             ] GC(249) Concurrent marking (unload classes) 0.652ms
[445.813s][info][gc,start       ] GC(249) Pause Final Mark (unload classes)
[445.813s][info][gc,task        ] GC(249) Using 6 of 6 workers for final marking
[445.813s][info][gc,ergo        ] GC(249) Collectable Garbage: 204M (99%), Immediate: 204M (99%), CSet: 0B (0%)
[445.813s][info][gc             ] GC(249) Pause Final Mark (unload classes) 0.132ms
[445.813s][info][gc,start       ] GC(249) Concurrent weak references
[445.813s][info][gc,task        ] GC(249) Using 3 of 6 workers for concurrent weak references
[445.813s][info][gc,ref         ] GC(249) Encountered references: Soft: 45, Weak: 116, Final: 0, Phantom: 7
[445.813s][info][gc,ref         ] GC(249) Discovered  references: Soft: 18, Weak: 84, Final: 0, Phantom: 5
[445.813s][info][gc,ref         ] GC(249) Enqueued    references: Soft: 0, Weak: 0, Final: 0, Phantom: 0
[445.813s][info][gc             ] GC(249) Concurrent weak references 0.075ms
[445.813s][info][gc,start       ] GC(249) Concurrent weak roots
[445.813s][info][gc,task        ] GC(249) Using 3 of 6 workers for concurrent weak root
[445.813s][info][gc             ] GC(249) Concurrent weak roots 0.114ms
[445.813s][info][gc,start       ] GC(249) Concurrent cleanup
[445.813s][info][gc             ] GC(249) Concurrent cleanup 316M->112M(512M) 0.048ms
[445.813s][info][gc,ergo        ] GC(249) Free: 373M, Max: 256K regular, 258M humongous, Frag: 31% external, 0% internal; Reserve: 26368K, Max: 256K
[445.813s][info][gc,start       ] GC(249) Concurrent class unloading
[445.813s][info][gc,task        ] GC(249) Using 3 of 6 workers for concurrent class unloading
[445.814s][info][gc             ] GC(249) Concurrent class unloading 0.234ms
[445.814s][info][gc,start       ] GC(249) Pause Final Roots
[445.814s][info][gc             ] GC(249) Pause Final Roots 0.016ms
[445.814s][info][gc,ergo        ] Free: 373M, Max: 256K regular, 258M humongous, Frag: 31% external, 0% internal; Reserve: 26368K, Max: 256K
[445.814s][info][gc,stats       ] 
[445.814s][info][gc,stats       ] All times are wall-clock times, except per-root-class counters, that are sum over
[445.814s][info][gc,stats       ] all workers. Dividing the <total> over the root stage time estimates parallelism.
[445.814s][info][gc,stats       ] 
[445.814s][info][gc,stats       ] Concurrent Reset                    225 us
[445.814s][info][gc,stats       ] Pause Init Mark (G)                 120 us
[445.814s][info][gc,stats       ] Pause Init Mark (N)                  88 us
[445.814s][info][gc,stats       ]   Update Region States               27 us
[445.814s][info][gc,stats       ] Concurrent Mark Roots               261 us, parallelism: 1.29x
[445.814s][info][gc,stats       ]   CMR: <total>                      337 us
[445.814s][info][gc,stats       ]   CMR: Thread Roots                 302 us, workers (us):  35,  68, 199, ---, ---, ---, 
[445.814s][info][gc,stats       ]   CMR: VM Strong Roots                5 us, workers (us):   2,   1,   1, ---, ---, ---, 
[445.814s][info][gc,stats       ]   CMR: CLDG Roots                    31 us, workers (us):  31, ---, ---, ---, ---, ---, 
[445.814s][info][gc,stats       ] Concurrent Marking                  666 us
[445.814s][info][gc,stats       ] Pause Final Mark (G)                179 us
[445.814s][info][gc,stats       ] Pause Final Mark (N)                142 us
[445.814s][info][gc,stats       ]   Finish Mark                        37 us
[445.814s][info][gc,stats       ]   Update Region States               27 us
[445.814s][info][gc,stats       ]   Choose Collection Set              33 us
[445.814s][info][gc,stats       ]   Rebuild Free Set                    8 us
[445.814s][info][gc,stats       ] Concurrent Weak References           84 us, parallelism: 0.06x
[445.814s][info][gc,stats       ]   CWRF: <total>                       5 us
[445.814s][info][gc,stats       ]   CWRF: Weak References               5 us, workers (us):   3,   2,   1, ---, ---, ---, 
[445.814s][info][gc,stats       ] Concurrent Weak Roots               128 us
[445.814s][info][gc,stats       ]   Roots                              70 us, parallelism: 1.38x
[445.814s][info][gc,stats       ]     CWR: <total>                     96 us
[445.814s][info][gc,stats       ]     CWR: Code Cache Roots            52 us, workers (us):  18,  35,   0, ---, ---, ---, 
[445.814s][info][gc,stats       ]     CWR: VM Weak Roots               43 us, workers (us):  15,  14,  14, ---, ---, ---, 
[445.814s][info][gc,stats       ]     CWR: CLDG Roots                   1 us, workers (us): ---, ---,   1, ---, ---, ---, 
[445.814s][info][gc,stats       ]   Rendezvous                         28 us
[445.814s][info][gc,stats       ] Concurrent Cleanup                   57 us
[445.814s][info][gc,stats       ] Concurrent Class Unloading          248 us
[445.814s][info][gc,stats       ]   Unlink Stale                      160 us
[445.814s][info][gc,stats       ]     System Dictionary                 1 us
[445.814s][info][gc,stats       ]     Weak Class Links                  0 us
[445.814s][info][gc,stats       ]     Code Roots                      159 us
[445.814s][info][gc,stats       ]   Rendezvous                         24 us
[445.814s][info][gc,stats       ]   Purge Unlinked                     27 us
[445.814s][info][gc,stats       ]     Code Roots                       24 us
[445.814s][info][gc,stats       ]     CLDG                              3 us
[445.814s][info][gc,stats       ]     Exception Caches                  0 us
[445.814s][info][gc,stats       ] Pause Final Roots (G)                46 us
[445.814s][info][gc,stats       ] Pause Final Roots (N)                25 us
[445.814s][info][gc,stats       ] Pacing                            47918 us
[445.814s][info][gc,stats       ] 
[445.814s][info][gc,stats       ] Allocation pacing accrued:
[445.814s][info][gc,stats       ]      48 of  1465 ms (  3.3%): main
[445.814s][info][gc,stats       ]      48 of  1465 ms (  3.3%): <total>
[445.814s][info][gc,stats       ]       4 of  1465 ms (  0.3%): <average total>
[445.814s][info][gc,stats       ]      48 of  1465 ms (  3.3%): <average non-zero>
[445.814s][info][gc,stats       ] 
[445.814s][info][gc,metaspace   ] Metaspace: 1071K(1280K)->1071K(1280K) NonClass: 990K(1088K)->990K(1088K) Class: 81K(192K)->81K(192K)
[445.814s][info][gc,ergo        ] Pacer for Idle. Initial: 10485K, Alloc Tax Rate: 1.0x
[447.277s][info][gc             ] Trigger: Average GC time (2.44 ms) is above the time for average allocation rate (295 MB/s) to deplete free headroom (0B) (margin of error = 3.29)
[447.277s][info][gc,ergo        ] Free headroom: 147M (free) - 26214K (spike) - 158M (penalties) = 0B
[447.277s][info][gc,ergo        ] Free: 147M, Max: 256K regular, 107M humongous, Frag: 28% external, 0% internal; Reserve: 26368K, Max: 256K
[447.277s][info][gc,start       ] GC(250) Concurrent reset
[447.277s][info][gc,task        ] GC(250) Using 3 of 6 workers for concurrent reset
[447.277s][info][gc,ergo        ] GC(250) Pacer for Reset. Non-Taxable: 512M
[447.277s][info][gc             ] GC(250) Concurrent reset 0.275ms
[447.277s][info][gc,start       ] GC(250) Pause Init Mark (unload classes)
[447.277s][info][gc,task        ] GC(250) Using 6 of 6 workers for init marking
[447.277s][info][gc,ergo        ] GC(250) Pacer for Mark. Expected Live: 110M, Free: 147M, Non-Taxable: 15129K, Alloc Tax Rate: 0.9x
[447.277s][info][gc             ] GC(250) Pause Init Mark (unload classes) 0.071ms
[447.277s][info][gc,start       ] GC(250) Concurrent marking roots
[447.277s][info][gc,task        ] GC(250) Using 3 of 6 workers for concurrent marking roots
[447.278s][info][gc             ] GC(250) Concurrent marking roots 0.336ms
[447.278s][info][gc,start       ] GC(250) Concurrent marking (unload classes)
[447.278s][info][gc,task        ] GC(250) Using 3 of 6 workers for concurrent marking
[447.279s][info][gc             ] GC(250) Concurrent marking (unload classes) 0.903ms
[447.279s][info][gc,start       ] GC(250) Pause Final Mark (unload classes)
[447.279s][info][gc,task        ] GC(250) Using 6 of 6 workers for final marking
[447.279s][info][gc,ergo        ] GC(250) Collectable Garbage: 197M (99%), Immediate: 197M (99%), CSet: 0B (0%)
[447.279s][info][gc             ] GC(250) Pause Final Mark (unload classes) 0.160ms
[447.279s][info][gc,start       ] GC(250) Concurrent weak references
[447.279s][info][gc,task        ] GC(250) Using 3 of 6 workers for concurrent weak references
[447.279s][info][gc,ref         ] GC(250) Encountered references: Soft: 45, Weak: 116, Final: 0, Phantom: 7
[447.279s][info][gc,ref         ] GC(250) Discovered  references: Soft: 17, Weak: 76, Final: 0, Phantom: 5
[447.279s][info][gc,ref         ] GC(250) Enqueued    references: Soft: 0, Weak: 0, Final: 0, Phantom: 0
[447.279s][info][gc             ] GC(250) Concurrent weak references 0.075ms
[447.279s][info][gc,start       ] GC(250) Concurrent weak roots
[447.279s][info][gc,task        ] GC(250) Using 3 of 6 workers for concurrent weak root
[447.279s][info][gc             ] GC(250) Concurrent weak roots 0.144ms
[447.279s][info][gc,start       ] GC(250) Concurrent cleanup
[447.279s][info][gc             ] GC(250) Concurrent cleanup 334M->137M(512M) 0.049ms
[447.279s][info][gc,ergo        ] GC(250) Free: 347M, Max: 256K regular, 190M humongous, Frag: 46% external, 0% internal; Reserve: 26368K, Max: 256K
[447.279s][info][gc,start       ] GC(250) Concurrent class unloading
[447.279s][info][gc,task        ] GC(250) Using 3 of 6 workers for concurrent class unloading
[447.280s][info][gc             ] GC(250) Concurrent class unloading 0.246ms
[447.280s][info][gc,start       ] GC(250) Pause Final Roots
[447.280s][info][gc             ] GC(250) Pause Final Roots 0.016ms
[447.280s][info][gc,ergo        ] Free: 347M, Max: 256K regular, 190M humongous, Frag: 46% external, 0% internal; Reserve: 26368K, Max: 256K
[447.280s][info][gc,stats       ] 
[447.280s][info][gc,stats       ] All times are wall-clock times, except per-root-class counters, that are sum over
[447.280s][info][gc,stats       ] all workers. Dividing the <total> over the root stage time estimates parallelism.
[447.280s][info][gc,stats       ] 
[447.280s][info][gc,stats       ] Concurrent Reset                    302 us
[447.280s][info][gc,stats       ] Pause Init Mark (G)                 127 us
[447.280s][info][gc,stats       ] Pause Init Mark (N)                  80 us
[447.280s][info][gc,stats       ]   Update Region States               30 us
[447.280s][info][gc,stats       ] Concurrent Mark Roots               360 us, parallelism: 1.36x
[447.280s][info][gc,stats       ]   CMR: <total>                      491 us
[447.280s][info][gc,stats       ]   CMR: Thread Roots                 412 us, workers (us): 188, 104, 119, ---, ---, ---, 
[447.280s][info][gc,stats       ]   CMR: VM Strong Roots                8 us, workers (us):   5,   3,   0, ---, ---, ---, 
[447.280s][info][gc,stats       ]   CMR: CLDG Roots                    70 us, workers (us):  70, ---, ---, ---, ---, ---, 
[447.280s][info][gc,stats       ] Concurrent Marking                  942 us
[447.280s][info][gc,stats       ] Pause Final Mark (G)                216 us
[447.280s][info][gc,stats       ] Pause Final Mark (N)                171 us
[447.280s][info][gc,stats       ]   Finish Mark                        34 us
[447.280s][info][gc,stats       ]   Update Region States               40 us
[447.280s][info][gc,stats       ]   Choose Collection Set              43 us
[447.280s][info][gc,stats       ]   Rebuild Free Set                    9 us
[447.280s][info][gc,stats       ] Concurrent Weak References           83 us, parallelism: 0.09x
[447.280s][info][gc,stats       ]   CWRF: <total>                       8 us
[447.280s][info][gc,stats       ]   CWRF: Weak References               8 us, workers (us):   4,   2,   2, ---, ---, ---, 
[447.280s][info][gc,stats       ] Concurrent Weak Roots               158 us
[447.280s][info][gc,stats       ]   Roots                             101 us, parallelism: 1.43x
[447.280s][info][gc,stats       ]     CWR: <total>                    145 us
[447.280s][info][gc,stats       ]     CWR: Code Cache Roots            87 us, workers (us):   0,  57,  30, ---, ---, ---, 
[447.280s][info][gc,stats       ]     CWR: VM Weak Roots               57 us, workers (us):  19,  19,  19, ---, ---, ---, 
[447.280s][info][gc,stats       ]     CWR: CLDG Roots                   1 us, workers (us):   1, ---, ---, ---, ---, ---, 
[447.280s][info][gc,stats       ]   Rendezvous                         27 us
[447.280s][info][gc,stats       ] Concurrent Cleanup                   58 us
[447.280s][info][gc,stats       ] Concurrent Class Unloading          262 us
[447.280s][info][gc,stats       ]   Unlink Stale                      170 us
[447.280s][info][gc,stats       ]     System Dictionary                 1 us
[447.280s][info][gc,stats       ]     Weak Class Links                  0 us
[447.280s][info][gc,stats       ]     Code Roots                      168 us
[447.280s][info][gc,stats       ]   Rendezvous                         27 us
[447.280s][info][gc,stats       ]   Purge Unlinked                     28 us
[447.280s][info][gc,stats       ]     Code Roots                       24 us
[447.280s][info][gc,stats       ]     CLDG                              4 us
[447.280s][info][gc,stats       ]     Exception Caches                  0 us
[447.280s][info][gc,stats       ] Pause Final Roots (G)                48 us
[447.280s][info][gc,stats       ] Pause Final Roots (N)                24 us
[447.280s][info][gc,stats       ] Pacing                            47266 us
[447.280s][info][gc,stats       ] 
[447.280s][info][gc,stats       ] Allocation pacing accrued:
[447.280s][info][gc,stats       ]      47 of  1466 ms (  3.2%): main
[447.280s][info][gc,stats       ]      47 of  1466 ms (  3.2%): <total>
[447.280s][info][gc,stats       ]       4 of  1466 ms (  0.2%): <average total>
[447.280s][info][gc,stats       ]      47 of  1466 ms (  3.2%): <average non-zero>
[447.280s][info][gc,stats       ] 
[447.280s][info][gc,metaspace   ] Metaspace: 1071K(1280K)->1071K(1280K) NonClass: 990K(1088K)->990K(1088K) Class: 81K(192K)->81K(192K)
[447.280s][info][gc,ergo        ] Pacer for Idle. Initial: 10485K, Alloc Tax Rate: 1.0x
[449.944s][info][gc             ] Trigger: Average GC time (3.16 ms) is above the time for average allocation rate (99295 KB/s) to deplete free headroom (0B) (margin of error = 3.29)
[449.945s][info][gc,ergo        ] Free headroom: 160M (free) - 26214K (spike) - 153M (penalties) = 0B
[449.945s][info][gc,ergo        ] Free: 160M, Max: 256K regular, 107M humongous, Frag: 34% external, 0% internal; Reserve: 26368K, Max: 256K
[449.945s][info][gc,start       ] GC(251) Concurrent reset
[449.945s][info][gc,task        ] GC(251) Using 3 of 6 workers for concurrent reset
[449.945s][info][gc,ergo        ] GC(251) Pacer for Reset. Non-Taxable: 512M
[449.945s][info][gc             ] GC(251) Concurrent reset 0.199ms
[449.945s][info][gc,start       ] GC(251) Pause Init Mark (unload classes)
[449.945s][info][gc,task        ] GC(251) Using 6 of 6 workers for init marking
[449.945s][info][gc,ergo        ] GC(251) Pacer for Mark. Expected Live: 115M, Free: 160M, Non-Taxable: 16460K, Alloc Tax Rate: 0.9x
[449.945s][info][gc             ] GC(251) Pause Init Mark (unload classes) 0.065ms
[449.945s][info][gc,start       ] GC(251) Concurrent marking roots
[449.945s][info][gc,task        ] GC(251) Using 3 of 6 workers for concurrent marking roots
[449.945s][info][gc             ] GC(251) Concurrent marking roots 0.240ms
[449.945s][info][gc,start       ] GC(251) Concurrent marking (unload classes)
[449.945s][info][gc,task        ] GC(251) Using 3 of 6 workers for concurrent marking
[449.946s][info][gc             ] GC(251) Concurrent marking (unload classes) 0.662ms
[449.946s][info][gc,start       ] GC(251) Pause Final Mark (unload classes)
[449.946s][info][gc,task        ] GC(251) Using 6 of 6 workers for final marking
[449.946s][info][gc,ergo        ] GC(251) Collectable Garbage: 292M (99%), Immediate: 292M (99%), CSet: 0B (0%)
[449.946s][info][gc             ] GC(251) Pause Final Mark (unload classes) 0.132ms
[449.946s][info][gc,start       ] GC(251) Concurrent weak references
[449.946s][info][gc,task        ] GC(251) Using 3 of 6 workers for concurrent weak references
[449.946s][info][gc,ref         ] GC(251) Encountered references: Soft: 45, Weak: 116, Final: 0, Phantom: 7
[449.946s][info][gc,ref         ] GC(251) Discovered  references: Soft: 18, Weak: 83, Final: 0, Phantom: 5
[449.946s][info][gc,ref         ] GC(251) Enqueued    references: Soft: 0, Weak: 0, Final: 0, Phantom: 0
[449.946s][info][gc             ] GC(251) Concurrent weak references 0.084ms
[449.946s][info][gc,start       ] GC(251) Concurrent weak roots
[449.946s][info][gc,task        ] GC(251) Using 3 of 6 workers for concurrent weak root
[449.946s][info][gc             ] GC(251) Concurrent weak roots 0.113ms
[449.946s][info][gc,start       ] GC(251) Concurrent cleanup
[449.946s][info][gc             ] GC(251) Concurrent cleanup 319M->27M(512M) 0.062ms
[449.946s][info][gc,ergo        ] GC(251) Free: 458M, Max: 256K regular, 256M humongous, Frag: 45% external, 0% internal; Reserve: 26368K, Max: 256K
[449.946s][info][gc,start       ] GC(251) Concurrent class unloading
[449.946s][info][gc,task        ] GC(251) Using 3 of 6 workers for concurrent class unloading
[449.947s][info][gc             ] GC(251) Concurrent class unloading 0.229ms
[449.947s][info][gc,start       ] GC(251) Pause Final Roots
[449.947s][info][gc             ] GC(251) Pause Final Roots 0.015ms
[449.947s][info][gc,ergo        ] Free: 458M, Max: 256K regular, 256M humongous, Frag: 45% external, 0% internal; Reserve: 26368K, Max: 256K
[449.947s][info][gc,stats       ] 
[449.947s][info][gc,stats       ] All times are wall-clock times, except per-root-class counters, that are sum over
[449.947s][info][gc,stats       ] all workers. Dividing the <total> over the root stage time estimates parallelism.
[449.947s][info][gc,stats       ] 
[449.947s][info][gc,stats       ] Concurrent Reset                    221 us
[449.947s][info][gc,stats       ] Pause Init Mark (G)                 106 us
[449.947s][info][gc,stats       ] Pause Init Mark (N)                  73 us
[449.947s][info][gc,stats       ]   Update Region States               23 us
[449.947s][info][gc,stats       ] Concurrent Mark Roots               254 us, parallelism: 1.29x
[449.947s][info][gc,stats       ]   CMR: <total>                      327 us
[449.947s][info][gc,stats       ]   CMR: Thread Roots                 293 us, workers (us):  35, 191,  68, ---, ---, ---, 
[449.947s][info][gc,stats       ]   CMR: VM Strong Roots                4 us, workers (us):   2,   2,   0, ---, ---, ---, 
[449.947s][info][gc,stats       ]   CMR: CLDG Roots                    30 us, workers (us):  30, ---, ---, ---, ---, ---, 
[449.947s][info][gc,stats       ] Concurrent Marking                  679 us
[449.947s][info][gc,stats       ] Pause Final Mark (G)                172 us
[449.947s][info][gc,stats       ] Pause Final Mark (N)                142 us
[449.947s][info][gc,stats       ]   Finish Mark                        30 us
[449.947s][info][gc,stats       ]   Update Region States               26 us
[449.947s][info][gc,stats       ]   Choose Collection Set              40 us
[449.947s][info][gc,stats       ]   Rebuild Free Set                    9 us
[449.947s][info][gc,stats       ] Concurrent Weak References           92 us, parallelism: 0.08x
[449.947s][info][gc,stats       ]   CWRF: <total>                       7 us
[449.947s][info][gc,stats       ]   CWRF: Weak References               7 us, workers (us):   4,   2,   1, ---, ---, ---, 
[449.947s][info][gc,stats       ] Concurrent Weak Roots               125 us
[449.947s][info][gc,stats       ]   Roots                              71 us, parallelism: 1.46x
[449.947s][info][gc,stats       ]     CWR: <total>                    104 us
[449.947s][info][gc,stats       ]     CWR: Code Cache Roots            60 us, workers (us):  36,  24,   0, ---, ---, ---, 
[449.947s][info][gc,stats       ]     CWR: VM Weak Roots               44 us, workers (us):  16,  14,  14, ---, ---, ---, 
[449.947s][info][gc,stats       ]     CWR: CLDG Roots                   1 us, workers (us): ---, ---,   1, ---, ---, ---, 
[449.947s][info][gc,stats       ]   Rendezvous                         25 us
[449.947s][info][gc,stats       ] Concurrent Cleanup                   72 us
[449.947s][info][gc,stats       ] Concurrent Class Unloading          242 us
[449.947s][info][gc,stats       ]   Unlink Stale                      164 us
[449.947s][info][gc,stats       ]     System Dictionary                 1 us
[449.947s][info][gc,stats       ]     Weak Class Links                  0 us
[449.947s][info][gc,stats       ]     Code Roots                      162 us
[449.947s][info][gc,stats       ]   Rendezvous                         22 us
[449.947s][info][gc,stats       ]   Purge Unlinked                     26 us
[449.947s][info][gc,stats       ]     Code Roots                       23 us
[449.947s][info][gc,stats       ]     CLDG                              3 us
[449.947s][info][gc,stats       ]     Exception Caches                  0 us
[449.947s][info][gc,stats       ] Pause Final Roots (G)                49 us
[449.947s][info][gc,stats       ] Pause Final Roots (N)                28 us
[449.947s][info][gc,stats       ] Pacing                            46200 us
[449.947s][info][gc,stats       ] 
[449.947s][info][gc,stats       ] Allocation pacing accrued:
[449.947s][info][gc,stats       ]      46 of  2667 ms (  1.7%): main
[449.947s][info][gc,stats       ]      46 of  2667 ms (  1.7%): <total>
[449.947s][info][gc,stats       ]       4 of  2667 ms (  0.1%): <average total>
[449.947s][info][gc,stats       ]      46 of  2667 ms (  1.7%): <average non-zero>
[449.947s][info][gc,stats       ] 
[449.947s][info][gc,metaspace   ] Metaspace: 1071K(1280K)->1071K(1280K) NonClass: 990K(1088K)->990K(1088K) Class: 81K(192K)->81K(192K)
[449.947s][info][gc,ergo        ] Pacer for Idle. Initial: 10485K, Alloc Tax Rate: 1.0x
[451.682s][info][gc             ] Trigger: Average GC time (2.97 ms) is above the time for average allocation rate (306 MB/s) to deplete free headroom (0B) (margin of error = 3.27)
[451.682s][info][gc,ergo        ] Free headroom: 84224K (free) - 26214K (spike) - 148M (penalties) = 0B
[451.682s][info][gc,ergo        ] Free: 84224K, Max: 256K regular, 76800K humongous, Frag: 9% external, 0% internal; Reserve: 26368K, Max: 256K
[451.682s][info][gc,start       ] GC(252) Concurrent reset
[451.682s][info][gc,task        ] GC(252) Using 3 of 6 workers for concurrent reset
[451.682s][info][gc,ergo        ] GC(252) Pacer for Reset. Non-Taxable: 512M
[451.682s][info][gc             ] GC(252) Concurrent reset 0.160ms
[451.682s][info][gc,start       ] GC(252) Pause Init Mark (unload classes)
[451.682s][info][gc,task        ] GC(252) Using 6 of 6 workers for init marking
[451.682s][info][gc,ergo        ] GC(252) Pacer for Mark. Expected Live: 100M, Free: 84224K, Non-Taxable: 8422K, Alloc Tax Rate: 1.5x
[451.682s][info][gc             ] GC(252) Pause Init Mark (unload classes) 0.064ms
[451.682s][info][gc,start       ] GC(252) Concurrent marking roots
[451.682s][info][gc,task        ] GC(252) Using 3 of 6 workers for concurrent marking roots
[451.682s][info][gc             ] GC(252) Concurrent marking roots 0.255ms
[451.682s][info][gc,start       ] GC(252) Concurrent marking (unload classes)
[451.682s][info][gc,task        ] GC(252) Using 3 of 6 workers for concurrent marking
[451.683s][info][gc             ] GC(252) Concurrent marking (unload classes) 0.698ms
[451.683s][info][gc,start       ] GC(252) Pause Final Mark (unload classes)
[451.683s][info][gc,task        ] GC(252) Using 6 of 6 workers for final marking
[451.683s][info][gc,ergo        ] GC(252) Collectable Garbage: 187M (99%), Immediate: 187M (99%), CSet: 0B (0%)
[451.683s][info][gc             ] GC(252) Pause Final Mark (unload classes) 0.141ms
[451.683s][info][gc,start       ] GC(252) Concurrent weak references
[451.683s][info][gc,task        ] GC(252) Using 3 of 6 workers for concurrent weak references
[451.683s][info][gc,ref         ] GC(252) Encountered references: Soft: 45, Weak: 116, Final: 0, Phantom: 7
[451.683s][info][gc,ref         ] GC(252) Discovered  references: Soft: 0, Weak: 84, Final: 0, Phantom: 5
[451.683s][info][gc,ref         ] GC(252) Enqueued    references: Soft: 0, Weak: 0, Final: 0, Phantom: 0
[451.683s][info][gc             ] GC(252) Concurrent weak references 0.083ms
[451.683s][info][gc,start       ] GC(252) Concurrent weak roots
[451.683s][info][gc,task        ] GC(252) Using 3 of 6 workers for concurrent weak root
[451.684s][info][gc             ] GC(252) Concurrent weak roots 0.128ms
[451.684s][info][gc,start       ] GC(252) Concurrent cleanup
[451.684s][info][gc             ] GC(252) Concurrent cleanup 399M->212M(512M) 0.047ms
[451.684s][info][gc,ergo        ] GC(252) Free: 272M, Max: 256K regular, 121M humongous, Frag: 56% external, 0% internal; Reserve: 26368K, Max: 256K
[451.684s][info][gc,start       ] GC(252) Concurrent class unloading
[451.684s][info][gc,task        ] GC(252) Using 3 of 6 workers for concurrent class unloading
[451.684s][info][gc             ] GC(252) Concurrent class unloading 0.251ms
[451.684s][info][gc,start       ] GC(252) Pause Final Roots
[451.684s][info][gc             ] GC(252) Pause Final Roots 0.017ms
[451.684s][info][gc,ergo        ] Free: 272M, Max: 256K regular, 121M humongous, Frag: 56% external, 0% internal; Reserve: 26368K, Max: 256K
[451.684s][info][gc,stats       ] 
[451.684s][info][gc,stats       ] All times are wall-clock times, except per-root-class counters, that are sum over
[451.684s][info][gc,stats       ] all workers. Dividing the <total> over the root stage time estimates parallelism.
[451.684s][info][gc,stats       ] 
[451.684s][info][gc,stats       ] Concurrent Reset                    177 us
[451.684s][info][gc,stats       ] Pause Init Mark (G)                 105 us
[451.684s][info][gc,stats       ] Pause Init Mark (N)                  72 us
[451.684s][info][gc,stats       ]   Update Region States               25 us
[451.684s][info][gc,stats       ] Concurrent Mark Roots               271 us, parallelism: 1.25x
[451.684s][info][gc,stats       ]   CMR: <total>                      338 us
[451.684s][info][gc,stats       ]   CMR: Thread Roots                 304 us, workers (us):  69, 200,  35, ---, ---, ---, 
[451.684s][info][gc,stats       ]   CMR: VM Strong Roots                4 us, workers (us):   2,   2,   0, ---, ---, ---, 
[451.684s][info][gc,stats       ]   CMR: CLDG Roots                    29 us, workers (us): ---, ---,  29, ---, ---, ---, 
[451.684s][info][gc,stats       ] Concurrent Marking                  720 us
[451.684s][info][gc,stats       ] Pause Final Mark (G)                198 us
[451.684s][info][gc,stats       ] Pause Final Mark (N)                152 us
[451.684s][info][gc,stats       ]   Finish Mark                        29 us
[451.684s][info][gc,stats       ]   Update Region States               38 us
[451.684s][info][gc,stats       ]   Choose Collection Set              34 us
[451.684s][info][gc,stats       ]   Rebuild Free Set                    9 us
[451.684s][info][gc,stats       ] Concurrent Weak References           92 us, parallelism: 0.06x
[451.684s][info][gc,stats       ]   CWRF: <total>                       5 us
[451.684s][info][gc,stats       ]   CWRF: Weak References               5 us, workers (us):   5,   0,   0, ---, ---, ---, 
[451.684s][info][gc,stats       ] Concurrent Weak Roots               142 us
[451.684s][info][gc,stats       ]   Roots                              83 us, parallelism: 1.39x
[451.684s][info][gc,stats       ]     CWR: <total>                    115 us
[451.684s][info][gc,stats       ]     CWR: Code Cache Roots            66 us, workers (us):  41,   0,  25, ---, ---, ---, 
[451.684s][info][gc,stats       ]     CWR: VM Weak Roots               49 us, workers (us):  17,  16,  16, ---, ---, ---, 
[451.684s][info][gc,stats       ]     CWR: CLDG Roots                   1 us, workers (us): ---,   1, ---, ---, ---, ---, 
[451.684s][info][gc,stats       ]   Rendezvous                         28 us
[451.684s][info][gc,stats       ] Concurrent Cleanup                   56 us
[451.684s][info][gc,stats       ] Concurrent Class Unloading          271 us
[451.684s][info][gc,stats       ]   Unlink Stale                      179 us
[451.684s][info][gc,stats       ]     System Dictionary                 1 us
[451.684s][info][gc,stats       ]     Weak Class Links                  0 us
[451.684s][info][gc,stats       ]     Code Roots                      177 us
[451.684s][info][gc,stats       ]   Rendezvous                         28 us
[451.684s][info][gc,stats       ]   Purge Unlinked                     27 us
[451.684s][info][gc,stats       ]     Code Roots                       23 us
[451.684s][info][gc,stats       ]     CLDG                              3 us
[451.684s][info][gc,stats       ]     Exception Caches                  0 us
[451.684s][info][gc,stats       ] Pause Final Roots (G)                58 us
[451.684s][info][gc,stats       ] Pause Final Roots (N)                30 us
[451.684s][info][gc,stats       ] Pacing                            92018 us
[451.684s][info][gc,stats       ] 
[451.684s][info][gc,stats       ] Allocation pacing accrued:
[451.684s][info][gc,stats       ]      92 of  1737 ms (  5.3%): main
[451.684s][info][gc,stats       ]      92 of  1737 ms (  5.3%): <total>
[451.684s][info][gc,stats       ]       7 of  1737 ms (  0.4%): <average total>
[451.684s][info][gc,stats       ]      92 of  1737 ms (  5.3%): <average non-zero>
[451.684s][info][gc,stats       ] 
[451.684s][info][gc,metaspace   ] Metaspace: 1071K(1280K)->1071K(1280K) NonClass: 990K(1088K)->990K(1088K) Class: 81K(192K)->81K(192K)
[451.684s][info][gc,ergo        ] Pacer for Idle. Initial: 10485K, Alloc Tax Rate: 1.0x
[454.316s][info][gc             ] Trigger: Average GC time (2.72 ms) is above the time for average allocation rate (46457 KB/s) to deplete free headroom (0B) (margin of error = 3.29)
[454.316s][info][gc,ergo        ] Free headroom: 163M (free) - 26214K (spike) - 143M (penalties) = 0B
[454.316s][info][gc,ergo        ] Free: 163M, Max: 256K regular, 82688K humongous, Frag: 51% external, 0% internal; Reserve: 26368K, Max: 256K
[454.316s][info][gc,start       ] GC(253) Concurrent reset
[454.316s][info][gc,task        ] GC(253) Using 3 of 6 workers for concurrent reset
[454.316s][info][gc,ergo        ] GC(253) Pacer for Reset. Non-Taxable: 512M
[454.317s][info][gc             ] GC(253) Concurrent reset 0.372ms
[454.317s][info][gc,start       ] GC(253) Pause Init Mark (unload classes)
[454.317s][info][gc,task        ] GC(253) Using 6 of 6 workers for init marking
[454.317s][info][gc,ergo        ] GC(253) Pacer for Mark. Expected Live: 120M, Free: 163M, Non-Taxable: 16768K, Alloc Tax Rate: 0.9x
[454.317s][info][gc             ] GC(253) Pause Init Mark (unload classes) 0.106ms
[454.317s][info][gc,start       ] GC(253) Concurrent marking roots
[454.317s][info][gc,task        ] GC(253) Using 3 of 6 workers for concurrent marking roots
[454.317s][info][gc             ] GC(253) Concurrent marking roots 0.314ms
[454.317s][info][gc,start       ] GC(253) Concurrent marking (unload classes)
[454.317s][info][gc,task        ] GC(253) Using 3 of 6 workers for concurrent marking
[454.318s][info][gc             ] GC(253) Concurrent marking (unload classes) 0.814ms
[454.318s][info][gc,start       ] GC(253) Pause Final Mark (unload classes)
[454.318s][info][gc,task        ] GC(253) Using 6 of 6 workers for final marking
[454.318s][info][gc,ergo        ] GC(253) Collectable Garbage: 283M (99%), Immediate: 283M (99%), CSet: 0B (0%)
[454.318s][info][gc             ] GC(253) Pause Final Mark (unload classes) 0.163ms
[454.318s][info][gc,start       ] GC(253) Concurrent weak references
[454.318s][info][gc,task        ] GC(253) Using 3 of 6 workers for concurrent weak references
[454.318s][info][gc,ref         ] GC(253) Encountered references: Soft: 45, Weak: 116, Final: 0, Phantom: 7
[454.318s][info][gc,ref         ] GC(253) Discovered  references: Soft: 19, Weak: 95, Final: 0, Phantom: 5
[454.318s][info][gc,ref         ] GC(253) Enqueued    references: Soft: 0, Weak: 0, Final: 0, Phantom: 0
[454.318s][info][gc             ] GC(253) Concurrent weak references 0.116ms
[454.318s][info][gc,start       ] GC(253) Concurrent weak roots
[454.318s][info][gc,task        ] GC(253) Using 3 of 6 workers for concurrent weak root
[454.318s][info][gc             ] GC(253) Concurrent weak roots 0.163ms
[454.318s][info][gc,start       ] GC(253) Concurrent cleanup
[454.319s][info][gc             ] GC(253) Concurrent cleanup 316M->33M(512M) 0.067ms
[454.319s][info][gc,ergo        ] GC(253) Free: 452M, Max: 256K regular, 256M humongous, Frag: 44% external, 0% internal; Reserve: 26368K, Max: 256K
[454.319s][info][gc,start       ] GC(253) Concurrent class unloading
[454.319s][info][gc,task        ] GC(253) Using 3 of 6 workers for concurrent class unloading
[454.319s][info][gc             ] GC(253) Concurrent class unloading 0.291ms
[454.319s][info][gc,start       ] GC(253) Pause Final Roots
[454.319s][info][gc             ] GC(253) Pause Final Roots 0.017ms
[454.319s][info][gc,ergo        ] Free: 452M, Max: 256K regular, 256M humongous, Frag: 44% external, 0% internal; Reserve: 26368K, Max: 256K
[454.319s][info][gc,stats       ] 
[454.319s][info][gc,stats       ] All times are wall-clock times, except per-root-class counters, that are sum over
[454.319s][info][gc,stats       ] all workers. Dividing the <total> over the root stage time estimates parallelism.
[454.319s][info][gc,stats       ] 
[454.319s][info][gc,stats       ] Concurrent Reset                    421 us
[454.319s][info][gc,stats       ] Pause Init Mark (G)                 200 us
[454.319s][info][gc,stats       ] Pause Init Mark (N)                 116 us
[454.319s][info][gc,stats       ]   Update Region States               40 us
[454.319s][info][gc,stats       ] Concurrent Mark Roots               330 us, parallelism: 1.35x
[454.319s][info][gc,stats       ]   CMR: <total>                      447 us
[454.319s][info][gc,stats       ]   CMR: Thread Roots                 394 us, workers (us): 103, 247,  44, ---, ---, ---, 
[454.319s][info][gc,stats       ]   CMR: VM Strong Roots               10 us, workers (us):   3,   5,   2, ---, ---, ---, 
[454.319s][info][gc,stats       ]   CMR: CLDG Roots                    43 us, workers (us): ---, ---,  43, ---, ---, ---, 
[454.319s][info][gc,stats       ] Concurrent Marking                  841 us
[454.319s][info][gc,stats       ] Pause Final Mark (G)                218 us
[454.319s][info][gc,stats       ] Pause Final Mark (N)                173 us
[454.319s][info][gc,stats       ]   Finish Mark                        26 us
[454.319s][info][gc,stats       ]   Update Region States               44 us
[454.319s][info][gc,stats       ]   Choose Collection Set              49 us
[454.319s][info][gc,stats       ]   Rebuild Free Set                   11 us
[454.319s][info][gc,stats       ] Concurrent Weak References          128 us, parallelism: 0.09x
[454.319s][info][gc,stats       ]   CWRF: <total>                      12 us
[454.319s][info][gc,stats       ]   CWRF: Weak References              12 us, workers (us):   2,   1,   8, ---, ---, ---, 
[454.319s][info][gc,stats       ] Concurrent Weak Roots               180 us
[454.319s][info][gc,stats       ]   Roots                             104 us, parallelism: 1.33x
[454.319s][info][gc,stats       ]     CWR: <total>                    138 us
[454.319s][info][gc,stats       ]     CWR: Code Cache Roots            76 us, workers (us):  23,  52,   0, ---, ---, ---, 
[454.319s][info][gc,stats       ]     CWR: VM Weak Roots               61 us, workers (us):  21,  21,  19, ---, ---, ---, 
[454.319s][info][gc,stats       ]     CWR: CLDG Roots                   1 us, workers (us): ---, ---,   1, ---, ---, ---, 
[454.319s][info][gc,stats       ]   Rendezvous                         29 us
[454.319s][info][gc,stats       ] Concurrent Cleanup                   80 us
[454.319s][info][gc,stats       ] Concurrent Class Unloading          311 us
[454.319s][info][gc,stats       ]   Unlink Stale                      202 us
[454.319s][info][gc,stats       ]     System Dictionary                 2 us
[454.319s][info][gc,stats       ]     Weak Class Links                  0 us
[454.319s][info][gc,stats       ]     Code Roots                      199 us
[454.319s][info][gc,stats       ]   Rendezvous                         25 us
[454.319s][info][gc,stats       ]   Purge Unlinked                     38 us
[454.319s][info][gc,stats       ]     Code Roots                       24 us
[454.319s][info][gc,stats       ]     CLDG                             14 us
[454.319s][info][gc,stats       ]     Exception Caches                  0 us
[454.319s][info][gc,stats       ] Pause Final Roots (G)                49 us
[454.319s][info][gc,stats       ] Pause Final Roots (N)                26 us
[454.319s][info][gc,stats       ] Pacing                            15754 us
[454.319s][info][gc,stats       ] 
[454.319s][info][gc,stats       ] Allocation pacing accrued:
[454.319s][info][gc,stats       ]      16 of  2635 ms (  0.6%): main
[454.319s][info][gc,stats       ]      16 of  2635 ms (  0.6%): <total>
[454.319s][info][gc,stats       ]       1 of  2635 ms (  0.0%): <average total>
[454.319s][info][gc,stats       ]      16 of  2635 ms (  0.6%): <average non-zero>
[454.319s][info][gc,stats       ] 
[454.319s][info][gc,metaspace   ] Metaspace: 1071K(1280K)->1071K(1280K) NonClass: 990K(1088K)->990K(1088K) Class: 81K(192K)->81K(192K)
[454.319s][info][gc,ergo        ] Pacer for Idle. Initial: 10485K, Alloc Tax Rate: 1.0x
[456.043s][info][gc             ] Trigger: Average GC time (3.62 ms) is above the time for average allocation rate (307 MB/s) to deplete free headroom (0B) (margin of error = 3.28)
[456.044s][info][gc,ergo        ] Free headroom: 77824K (free) - 26214K (spike) - 138M (penalties) = 0B
[456.044s][info][gc,ergo        ] Free: 77824K, Max: 256K regular, 56832K humongous, Frag: 27% external, 0% internal; Reserve: 26368K, Max: 256K
[456.044s][info][gc,start       ] GC(254) Concurrent reset
[456.044s][info][gc,task        ] GC(254) Using 3 of 6 workers for concurrent reset
[456.044s][info][gc,ergo        ] GC(254) Pacer for Reset. Non-Taxable: 512M
[456.044s][info][gc             ] GC(254) Concurrent reset 0.144ms
[456.044s][info][gc,start       ] GC(254) Pause Init Mark (unload classes)
[456.044s][info][gc,task        ] GC(254) Using 6 of 6 workers for init marking
[456.044s][info][gc,ergo        ] GC(254) Pacer for Mark. Expected Live: 103M, Free: 77824K, Non-Taxable: 7782K, Alloc Tax Rate: 1.7x
[456.044s][info][gc             ] GC(254) Pause Init Mark (unload classes) 0.070ms
[456.044s][info][gc,start       ] GC(254) Concurrent marking roots
[456.044s][info][gc,task        ] GC(254) Using 3 of 6 workers for concurrent marking roots
[456.044s][info][gc             ] GC(254) Concurrent marking roots 0.259ms
[456.044s][info][gc,start       ] GC(254) Concurrent marking (unload classes)
[456.044s][info][gc,task        ] GC(254) Using 3 of 6 workers for concurrent marking
[456.045s][info][gc             ] GC(254) Concurrent marking (unload classes) 0.635ms
[456.045s][info][gc,start       ] GC(254) Pause Final Mark (unload classes)
[456.045s][info][gc,task        ] GC(254) Using 6 of 6 workers for final marking
[456.045s][info][gc,ergo        ] GC(254) Collectable Garbage: 277M (99%), Immediate: 277M (99%), CSet: 0B (0%)
[456.045s][info][gc             ] GC(254) Pause Final Mark (unload classes) 0.131ms
[456.045s][info][gc,start       ] GC(254) Concurrent weak references
[456.045s][info][gc,task        ] GC(254) Using 3 of 6 workers for concurrent weak references
[456.045s][info][gc,ref         ] GC(254) Encountered references: Soft: 45, Weak: 116, Final: 0, Phantom: 7
[456.045s][info][gc,ref         ] GC(254) Discovered  references: Soft: 0, Weak: 95, Final: 0, Phantom: 5
[456.045s][info][gc,ref         ] GC(254) Enqueued    references: Soft: 0, Weak: 0, Final: 0, Phantom: 0
[456.045s][info][gc             ] GC(254) Concurrent weak references 0.070ms
[456.045s][info][gc,start       ] GC(254) Concurrent weak roots
[456.045s][info][gc,task        ] GC(254) Using 3 of 6 workers for concurrent weak root
[456.045s][info][gc             ] GC(254) Concurrent weak roots 0.109ms
[456.045s][info][gc,start       ] GC(254) Concurrent cleanup
[456.045s][info][gc             ] GC(254) Concurrent cleanup 405M->128M(512M) 0.058ms
[456.045s][info][gc,ergo        ] GC(254) Free: 356M, Max: 256K regular, 130M humongous, Frag: 64% external, 0% internal; Reserve: 26368K, Max: 256K
[456.045s][info][gc,start       ] GC(254) Concurrent class unloading
[456.045s][info][gc,task        ] GC(254) Using 3 of 6 workers for concurrent class unloading
[456.045s][info][gc             ] GC(254) Concurrent class unloading 0.220ms
[456.046s][info][gc,start       ] GC(254) Pause Final Roots
[456.046s][info][gc             ] GC(254) Pause Final Roots 0.020ms
[456.046s][info][gc,ergo        ] Free: 356M, Max: 256K regular, 130M humongous, Frag: 64% external, 0% internal; Reserve: 26368K, Max: 256K
[456.046s][info][gc,stats       ] 
[456.046s][info][gc,stats       ] All times are wall-clock times, except per-root-class counters, that are sum over
[456.046s][info][gc,stats       ] all workers. Dividing the <total> over the root stage time estimates parallelism.
[456.046s][info][gc,stats       ] 
[456.046s][info][gc,stats       ] Concurrent Reset                    159 us
[456.046s][info][gc,stats       ] Pause Init Mark (G)                 111 us
[456.046s][info][gc,stats       ] Pause Init Mark (N)                  78 us
[456.046s][info][gc,stats       ]   Update Region States               23 us
[456.046s][info][gc,stats       ] Concurrent Mark Roots               274 us, parallelism: 1.40x
[456.046s][info][gc,stats       ]   CMR: <total>                      383 us
[456.046s][info][gc,stats       ]   CMR: Thread Roots                 350 us, workers (us): 206,  48,  95, ---, ---, ---, 
[456.046s][info][gc,stats       ]   CMR: VM Strong Roots                4 us, workers (us):   2,   1,   0, ---, ---, ---, 
[456.046s][info][gc,stats       ]   CMR: CLDG Roots                    29 us, workers (us): ---,  29, ---, ---, ---, ---, 
[456.046s][info][gc,stats       ] Concurrent Marking                  650 us
[456.046s][info][gc,stats       ] Pause Final Mark (G)                174 us
[456.046s][info][gc,stats       ] Pause Final Mark (N)                140 us
[456.046s][info][gc,stats       ]   Finish Mark                        29 us
[456.046s][info][gc,stats       ]   Update Region States               25 us
[456.046s][info][gc,stats       ]   Choose Collection Set              38 us
[456.046s][info][gc,stats       ]   Rebuild Free Set                    8 us
[456.046s][info][gc,stats       ] Concurrent Weak References           78 us, parallelism: 0.06x
[456.046s][info][gc,stats       ]   CWRF: <total>                       4 us
[456.046s][info][gc,stats       ]   CWRF: Weak References               4 us, workers (us):   4,   0,   0, ---, ---, ---, 
[456.046s][info][gc,stats       ] Concurrent Weak Roots               124 us
[456.046s][info][gc,stats       ]   Roots                              69 us, parallelism: 1.34x
[456.046s][info][gc,stats       ]     CWR: <total>                     93 us
[456.046s][info][gc,stats       ]     CWR: Code Cache Roots            50 us, workers (us):  34,  16,   0, ---, ---, ---, 
[456.046s][info][gc,stats       ]     CWR: VM Weak Roots               42 us, workers (us):  15,  15,  13, ---, ---, ---, 
[456.046s][info][gc,stats       ]     CWR: CLDG Roots                   1 us, workers (us): ---, ---,   1, ---, ---, ---, 
[456.046s][info][gc,stats       ]   Rendezvous                         24 us
[456.046s][info][gc,stats       ] Concurrent Cleanup                   68 us
[456.046s][info][gc,stats       ] Concurrent Class Unloading          235 us
[456.046s][info][gc,stats       ]   Unlink Stale                      152 us
[456.046s][info][gc,stats       ]     System Dictionary                 1 us
[456.046s][info][gc,stats       ]     Weak Class Links                  0 us
[456.046s][info][gc,stats       ]     Code Roots                      150 us
[456.046s][info][gc,stats       ]   Rendezvous                         26 us
[456.046s][info][gc,stats       ]   Purge Unlinked                     26 us
[456.046s][info][gc,stats       ]     Code Roots                       23 us
[456.046s][info][gc,stats       ]     CLDG                              2 us
[456.046s][info][gc,stats       ]     Exception Caches                  0 us
[456.046s][info][gc,stats       ] Pause Final Roots (G)                52 us
[456.046s][info][gc,stats       ] Pause Final Roots (N)                30 us
[456.046s][info][gc,stats       ] Pacing                            90097 us
[456.046s][info][gc,stats       ] 
[456.046s][info][gc,stats       ] Allocation pacing accrued:
[456.046s][info][gc,stats       ]      90 of  1727 ms (  5.2%): main
[456.046s][info][gc,stats       ]      90 of  1727 ms (  5.2%): <total>
[456.046s][info][gc,stats       ]       7 of  1727 ms (  0.4%): <average total>
[456.046s][info][gc,stats       ]      90 of  1727 ms (  5.2%): <average non-zero>
[456.046s][info][gc,stats       ] 
[456.046s][info][gc,metaspace   ] Metaspace: 1071K(1280K)->1071K(1280K) NonClass: 990K(1088K)->990K(1088K) Class: 81K(192K)->81K(192K)
[456.046s][info][gc,ergo        ] Pacer for Idle. Initial: 10485K, Alloc Tax Rate: 1.0x
[457.728s][info][gc             ] Trigger: Average GC time (3.40 ms) is above the time for average allocation rate (321 MB/s) to deplete free headroom (1054K) (margin of error = 3.28)
[457.728s][info][gc,ergo        ] Free headroom: 159M (free) - 26214K (spike) - 133M (penalties) = 1054K
[457.728s][info][gc,ergo        ] Free: 159M, Max: 256K regular, 56832K humongous, Frag: 66% external, 0% internal; Reserve: 26368K, Max: 256K
[457.728s][info][gc,start       ] GC(255) Concurrent reset
[457.728s][info][gc,task        ] GC(255) Using 3 of 6 workers for concurrent reset
[457.728s][info][gc,ergo        ] GC(255) Pacer for Reset. Non-Taxable: 512M
[457.728s][info][gc             ] GC(255) Concurrent reset 0.305ms
[457.728s][info][gc,start       ] GC(255) Pause Init Mark (unload classes)
[457.728s][info][gc,task        ] GC(255) Using 6 of 6 workers for init marking
[457.728s][info][gc,ergo        ] GC(255) Pacer for Mark. Expected Live: 106M, Free: 159M, Non-Taxable: 16358K, Alloc Tax Rate: 0.8x
[457.728s][info][gc             ] GC(255) Pause Init Mark (unload classes) 0.161ms
[457.728s][info][gc,start       ] GC(255) Concurrent marking roots
[457.728s][info][gc,task        ] GC(255) Using 3 of 6 workers for concurrent marking roots
[457.729s][info][gc             ] GC(255) Concurrent marking roots 0.711ms
[457.729s][info][gc,start       ] GC(255) Concurrent marking (unload classes)
[457.729s][info][gc,task        ] GC(255) Using 3 of 6 workers for concurrent marking
[457.730s][info][gc             ] GC(255) Concurrent marking (unload classes) 0.678ms
[457.730s][info][gc,start       ] GC(255) Pause Final Mark (unload classes)
[457.730s][info][gc,task        ] GC(255) Using 6 of 6 workers for final marking
[457.730s][info][gc,ergo        ] GC(255) Collectable Garbage: 299M (99%), Immediate: 299M (99%), CSet: 0B (0%)
[457.730s][info][gc             ] GC(255) Pause Final Mark (unload classes) 0.194ms
[457.730s][info][gc,start       ] GC(255) Concurrent weak references
[457.730s][info][gc,task        ] GC(255) Using 3 of 6 workers for concurrent weak references
[457.730s][info][gc,ref         ] GC(255) Encountered references: Soft: 45, Weak: 116, Final: 0, Phantom: 7
[457.730s][info][gc,ref         ] GC(255) Discovered  references: Soft: 17, Weak: 83, Final: 0, Phantom: 5
[457.730s][info][gc,ref         ] GC(255) Enqueued    references: Soft: 0, Weak: 0, Final: 0, Phantom: 0
[457.730s][info][gc             ] GC(255) Concurrent weak references 0.104ms
[457.730s][info][gc,start       ] GC(255) Concurrent weak roots
[457.730s][info][gc,task        ] GC(255) Using 3 of 6 workers for concurrent weak root
[457.730s][info][gc             ] GC(255) Concurrent weak roots 0.114ms
[457.730s][info][gc,start       ] GC(255) Concurrent cleanup
[457.730s][info][gc             ] GC(255) Concurrent cleanup 322M->23M(512M) 0.068ms
[457.730s][info][gc,ergo        ] GC(255) Free: 462M, Max: 256K regular, 426M humongous, Frag: 8% external, 0% internal; Reserve: 26368K, Max: 256K
[457.730s][info][gc,start       ] GC(255) Concurrent class unloading
[457.730s][info][gc,task        ] GC(255) Using 3 of 6 workers for concurrent class unloading
[457.731s][info][gc             ] GC(255) Concurrent class unloading 0.230ms
[457.731s][info][gc,start       ] GC(255) Pause Final Roots
[457.731s][info][gc             ] GC(255) Pause Final Roots 0.013ms
[457.731s][info][gc,ergo        ] Free: 462M, Max: 256K regular, 426M humongous, Frag: 8% external, 0% internal; Reserve: 26368K, Max: 256K
[457.731s][info][gc,stats       ] 
[457.731s][info][gc,stats       ] All times are wall-clock times, except per-root-class counters, that are sum over
[457.731s][info][gc,stats       ] all workers. Dividing the <total> over the root stage time estimates parallelism.
[457.731s][info][gc,stats       ] 
[457.731s][info][gc,stats       ] Concurrent Reset                    324 us
[457.731s][info][gc,stats       ] Pause Init Mark (G)                 230 us
[457.731s][info][gc,stats       ] Pause Init Mark (N)                 171 us
[457.731s][info][gc,stats       ]   Update Region States              107 us
[457.731s][info][gc,stats       ] Concurrent Mark Roots               729 us, parallelism: 1.79x
[457.731s][info][gc,stats       ]   CMR: <total>                     1308 us
[457.731s][info][gc,stats       ]   CMR: Thread Roots                1277 us, workers (us): 205, 591, 481, ---, ---, ---, 
[457.731s][info][gc,stats       ]   CMR: VM Strong Roots                3 us, workers (us):   3,   0,   0, ---, ---, ---, 
[457.731s][info][gc,stats       ]   CMR: CLDG Roots                    27 us, workers (us):  27, ---, ---, ---, ---, ---, 
[457.731s][info][gc,stats       ] Concurrent Marking                  696 us
[457.731s][info][gc,stats       ] Pause Final Mark (G)                244 us
[457.731s][info][gc,stats       ] Pause Final Mark (N)                204 us
[457.731s][info][gc,stats       ]   Finish Mark                        70 us
[457.731s][info][gc,stats       ]   Update Region States               53 us
[457.731s][info][gc,stats       ]   Choose Collection Set              34 us
[457.731s][info][gc,stats       ]   Rebuild Free Set                    8 us
[457.731s][info][gc,stats       ] Concurrent Weak References          112 us, parallelism: 0.04x
[457.731s][info][gc,stats       ]   CWRF: <total>                       4 us
[457.731s][info][gc,stats       ]   CWRF: Weak References               4 us, workers (us):   2,   1,   0, ---, ---, ---, 
[457.731s][info][gc,stats       ] Concurrent Weak Roots               127 us
[457.731s][info][gc,stats       ]   Roots                              74 us, parallelism: 1.23x
[457.731s][info][gc,stats       ]     CWR: <total>                     92 us
[457.731s][info][gc,stats       ]     CWR: Code Cache Roots            50 us, workers (us):  16,  34,   0, ---, ---, ---, 
[457.731s][info][gc,stats       ]     CWR: VM Weak Roots               41 us, workers (us):  21,  20,   0, ---, ---, ---, 
[457.731s][info][gc,stats       ]     CWR: CLDG Roots                   1 us, workers (us):   1, ---, ---, ---, ---, ---, 
[457.731s][info][gc,stats       ]   Rendezvous                         23 us
[457.731s][info][gc,stats       ] Concurrent Cleanup                   78 us
[457.731s][info][gc,stats       ] Concurrent Class Unloading          244 us
[457.731s][info][gc,stats       ]   Unlink Stale                      142 us
[457.731s][info][gc,stats       ]     System Dictionary                 1 us
[457.731s][info][gc,stats       ]     Weak Class Links                  0 us
[457.731s][info][gc,stats       ]     Code Roots                      141 us
[457.731s][info][gc,stats       ]   Rendezvous                         20 us
[457.731s][info][gc,stats       ]   Purge Unlinked                     51 us
[457.731s][info][gc,stats       ]     Code Roots                       48 us
[457.731s][info][gc,stats       ]     CLDG                              3 us
[457.731s][info][gc,stats       ]     Exception Caches                  0 us
[457.731s][info][gc,stats       ] Pause Final Roots (G)                40 us
[457.731s][info][gc,stats       ] Pause Final Roots (N)                22 us
[457.731s][info][gc,stats       ] Pacing                            47910 us
[457.731s][info][gc,stats       ] 
[457.731s][info][gc,stats       ] Allocation pacing accrued:
[457.731s][info][gc,stats       ]      48 of  1685 ms (  2.8%): main
[457.731s][info][gc,stats       ]      48 of  1685 ms (  2.8%): <total>
[457.731s][info][gc,stats       ]       4 of  1685 ms (  0.2%): <average total>
[457.731s][info][gc,stats       ]      48 of  1685 ms (  2.8%): <average non-zero>
[457.731s][info][gc,stats       ] 
[457.731s][info][gc,metaspace   ] Metaspace: 1071K(1280K)->1071K(1280K) NonClass: 990K(1088K)->990K(1088K) Class: 81K(192K)->81K(192K)
[457.731s][info][gc,ergo        ] Pacer for Idle. Initial: 10485K, Alloc Tax Rate: 1.0x
[460.318s][info][gc             ] Trigger: Average GC time (3.86 ms) is above the time for average allocation rate (137 MB/s) to deplete free headroom (0B) (margin of error = 3.26)
[460.318s][info][gc,ergo        ] Free headroom: 114M (free) - 26214K (spike) - 127M (penalties) = 0B
[460.318s][info][gc,ergo        ] Free: 114M, Max: 256K regular, 113M humongous, Frag: 2% external, 0% internal; Reserve: 26368K, Max: 256K
[460.318s][info][gc,start       ] GC(256) Concurrent reset
[460.318s][info][gc,task        ] GC(256) Using 3 of 6 workers for concurrent reset
[460.318s][info][gc,ergo        ] GC(256) Pacer for Reset. Non-Taxable: 512M
[460.318s][info][gc             ] GC(256) Concurrent reset 0.267ms
[460.318s][info][gc,start       ] GC(256) Pause Init Mark (unload classes)
[460.318s][info][gc,task        ] GC(256) Using 6 of 6 workers for init marking
[460.318s][info][gc,ergo        ] GC(256) Pacer for Mark. Expected Live: 86201K, Free: 114M, Non-Taxable: 11699K, Alloc Tax Rate: 0.9x
[460.318s][info][gc             ] GC(256) Pause Init Mark (unload classes) 0.151ms
[460.318s][info][gc,start       ] GC(256) Concurrent marking roots
[460.318s][info][gc,task        ] GC(256) Using 3 of 6 workers for concurrent marking roots
[460.319s][info][gc             ] GC(256) Concurrent marking roots 0.312ms
[460.319s][info][gc,start       ] GC(256) Concurrent marking (unload classes)
[460.319s][info][gc,task        ] GC(256) Using 3 of 6 workers for concurrent marking
[460.320s][info][gc             ] GC(256) Concurrent marking (unload classes) 0.777ms
[460.320s][info][gc,start       ] GC(256) Pause Final Mark (unload classes)
[460.320s][info][gc,task        ] GC(256) Using 6 of 6 workers for final marking
[460.320s][info][gc,ergo        ] GC(256) Collectable Garbage: 233M (99%), Immediate: 233M (99%), CSet: 0B (0%)
[460.320s][info][gc             ] GC(256) Pause Final Mark (unload classes) 0.258ms
[460.320s][info][gc,start       ] GC(256) Concurrent weak references
[460.320s][info][gc,task        ] GC(256) Using 3 of 6 workers for concurrent weak references
[460.320s][info][gc,ref         ] GC(256) Encountered references: Soft: 45, Weak: 116, Final: 0, Phantom: 7
[460.320s][info][gc,ref         ] GC(256) Discovered  references: Soft: 0, Weak: 84, Final: 0, Phantom: 5
[460.320s][info][gc,ref         ] GC(256) Enqueued    references: Soft: 0, Weak: 0, Final: 0, Phantom: 0
[460.320s][info][gc             ] GC(256) Concurrent weak references 0.144ms
[460.320s][info][gc,start       ] GC(256) Concurrent weak roots
[460.320s][info][gc,task        ] GC(256) Using 3 of 6 workers for concurrent weak root
[460.320s][info][gc             ] GC(256) Concurrent weak roots 0.112ms
[460.320s][info][gc,start       ] GC(256) Concurrent cleanup
[460.320s][info][gc             ] GC(256) Concurrent cleanup 365M->132M(512M) 0.061ms
[460.320s][info][gc,ergo        ] GC(256) Free: 352M, Max: 256K regular, 116M humongous, Frag: 68% external, 0% internal; Reserve: 26368K, Max: 256K
[460.320s][info][gc,start       ] GC(256) Concurrent class unloading
[460.320s][info][gc,task        ] GC(256) Using 3 of 6 workers for concurrent class unloading
[460.321s][info][gc             ] GC(256) Concurrent class unloading 0.207ms
[460.321s][info][gc,start       ] GC(256) Pause Final Roots
[460.321s][info][gc             ] GC(256) Pause Final Roots 0.014ms
[460.321s][info][gc,ergo        ] Free: 352M, Max: 256K regular, 116M humongous, Frag: 68% external, 0% internal; Reserve: 26368K, Max: 256K
[460.321s][info][gc,stats       ] 
[460.321s][info][gc,stats       ] All times are wall-clock times, except per-root-class counters, that are sum over
[460.321s][info][gc,stats       ] all workers. Dividing the <total> over the root stage time estimates parallelism.
[460.321s][info][gc,stats       ] 
[460.321s][info][gc,stats       ] Concurrent Reset                    285 us
[460.321s][info][gc,stats       ] Pause Init Mark (G)                 254 us
[460.321s][info][gc,stats       ] Pause Init Mark (N)                 160 us
[460.321s][info][gc,stats       ]   Update Region States               99 us
[460.321s][info][gc,stats       ] Concurrent Mark Roots               329 us, parallelism: 1.00x
[460.321s][info][gc,stats       ]   CMR: <total>                      330 us
[460.321s][info][gc,stats       ]   CMR: Thread Roots                 296 us, workers (us): 192,  36,  67, ---, ---, ---, 
[460.321s][info][gc,stats       ]   CMR: VM Strong Roots                5 us, workers (us):   1,   1,   2, ---, ---, ---, 
[460.321s][info][gc,stats       ]   CMR: CLDG Roots                    30 us, workers (us): ---,  30, ---, ---, ---, ---, 
[460.321s][info][gc,stats       ] Concurrent Marking                  795 us
[460.321s][info][gc,stats       ] Pause Final Mark (G)                402 us
[460.321s][info][gc,stats       ] Pause Final Mark (N)                268 us
[460.321s][info][gc,stats       ]   Finish Mark                       131 us
[460.321s][info][gc,stats       ]   Update Region States               51 us
[460.321s][info][gc,stats       ]   Choose Collection Set              38 us
[460.321s][info][gc,stats       ]   Rebuild Free Set                    8 us
[460.321s][info][gc,stats       ] Concurrent Weak References          153 us, parallelism: 0.02x
[460.321s][info][gc,stats       ]   CWRF: <total>                       4 us
[460.321s][info][gc,stats       ]   CWRF: Weak References               4 us, workers (us):   3,   1,   0, ---, ---, ---, 
[460.321s][info][gc,stats       ] Concurrent Weak Roots               130 us
[460.321s][info][gc,stats       ]   Roots                              71 us, parallelism: 1.30x
[460.321s][info][gc,stats       ]     CWR: <total>                     92 us
[460.321s][info][gc,stats       ]     CWR: Code Cache Roots            49 us, workers (us):  16,   0,  33, ---, ---, ---, 
[460.321s][info][gc,stats       ]     CWR: VM Weak Roots               42 us, workers (us):  15,  14,  13, ---, ---, ---, 
[460.321s][info][gc,stats       ]     CWR: CLDG Roots                   1 us, workers (us): ---,   1, ---, ---, ---, ---, 
[460.321s][info][gc,stats       ]   Rendezvous                         23 us
[460.321s][info][gc,stats       ] Concurrent Cleanup                   71 us
[460.321s][info][gc,stats       ] Concurrent Class Unloading          221 us
[460.321s][info][gc,stats       ]   Unlink Stale                      145 us
[460.321s][info][gc,stats       ]     System Dictionary                 1 us
[460.321s][info][gc,stats       ]     Weak Class Links                  0 us
[460.321s][info][gc,stats       ]     Code Roots                      143 us
[460.321s][info][gc,stats       ]   Rendezvous                         22 us
[460.321s][info][gc,stats       ]   Purge Unlinked                     23 us
[460.321s][info][gc,stats       ]     Code Roots                       20 us
[460.321s][info][gc,stats       ]     CLDG                              2 us
[460.321s][info][gc,stats       ]     Exception Caches                  0 us
[460.321s][info][gc,stats       ] Pause Final Roots (G)                42 us
[460.321s][info][gc,stats       ] Pause Final Roots (N)                22 us
[460.321s][info][gc,stats       ] Pacing                            78862 us
[460.321s][info][gc,stats       ] 
[460.321s][info][gc,stats       ] Allocation pacing accrued:
[460.321s][info][gc,stats       ]      79 of  2590 ms (  3.0%): main
[460.321s][info][gc,stats       ]      79 of  2590 ms (  3.0%): <total>
[460.321s][info][gc,stats       ]       6 of  2590 ms (  0.2%): <average total>
[460.321s][info][gc,stats       ]      79 of  2590 ms (  3.0%): <average non-zero>
[460.321s][info][gc,stats       ] 
[460.321s][info][gc,metaspace   ] Metaspace: 1071K(1280K)->1071K(1280K) NonClass: 990K(1088K)->990K(1088K) Class: 81K(192K)->81K(192K)
[460.321s][info][gc,ergo        ] Pacer for Idle. Initial: 10485K, Alloc Tax Rate: 1.0x
[461.797s][info][gc             ] Trigger: Average GC time (3.60 ms) is above the time for average allocation rate (143 MB/s) to deplete free headroom (0B) (margin of error = 3.27)
[461.797s][info][gc,ergo        ] Free headroom: 145M (free) - 26214K (spike) - 122M (penalties) = 0B
[461.797s][info][gc,ergo        ] Free: 145M, Max: 256K regular, 113M humongous, Frag: 23% external, 0% internal; Reserve: 26368K, Max: 256K
[461.797s][info][gc,start       ] GC(257) Concurrent reset
[461.797s][info][gc,task        ] GC(257) Using 3 of 6 workers for concurrent reset
[461.797s][info][gc,ergo        ] GC(257) Pacer for Reset. Non-Taxable: 512M
[461.797s][info][gc             ] GC(257) Concurrent reset 0.311ms
[461.797s][info][gc,start       ] GC(257) Pause Init Mark (unload classes)
[461.797s][info][gc,task        ] GC(257) Using 6 of 6 workers for init marking
[461.797s][info][gc,ergo        ] GC(257) Pacer for Mark. Expected Live: 105M, Free: 145M, Non-Taxable: 14873K, Alloc Tax Rate: 0.9x
[461.797s][info][gc             ] GC(257) Pause Init Mark (unload classes) 0.123ms
[461.797s][info][gc,start       ] GC(257) Concurrent marking roots
[461.798s][info][gc,task        ] GC(257) Using 3 of 6 workers for concurrent marking roots
[461.798s][info][gc             ] GC(257) Concurrent marking roots 0.294ms
[461.798s][info][gc,start       ] GC(257) Concurrent marking (unload classes)
[461.798s][info][gc,task        ] GC(257) Using 3 of 6 workers for concurrent marking
[461.799s][info][gc             ] GC(257) Concurrent marking (unload classes) 0.750ms
[461.799s][info][gc,start       ] GC(257) Pause Final Mark (unload classes)
[461.799s][info][gc,task        ] GC(257) Using 6 of 6 workers for final marking
[461.799s][info][gc,ergo        ] GC(257) Collectable Garbage: 280M (99%), Immediate: 280M (99%), CSet: 0B (0%)
[461.799s][info][gc             ] GC(257) Pause Final Mark (unload classes) 0.274ms
[461.799s][info][gc,start       ] GC(257) Concurrent weak references
[461.799s][info][gc,task        ] GC(257) Using 3 of 6 workers for concurrent weak references
[461.799s][info][gc,ref         ] GC(257) Encountered references: Soft: 45, Weak: 116, Final: 0, Phantom: 7
[461.799s][info][gc,ref         ] GC(257) Discovered  references: Soft: 17, Weak: 83, Final: 0, Phantom: 5
[461.799s][info][gc,ref         ] GC(257) Enqueued    references: Soft: 0, Weak: 0, Final: 0, Phantom: 0
[461.799s][info][gc             ] GC(257) Concurrent weak references 0.155ms
[461.799s][info][gc,start       ] GC(257) Concurrent weak roots
[461.799s][info][gc,task        ] GC(257) Using 3 of 6 workers for concurrent weak root
[461.799s][info][gc             ] GC(257) Concurrent weak roots 0.230ms
[461.799s][info][gc,start       ] GC(257) Concurrent cleanup
[461.799s][info][gc             ] GC(257) Concurrent cleanup 337M->57M(512M) 0.060ms
[461.799s][info][gc,ergo        ] GC(257) Free: 428M, Max: 256K regular, 258M humongous, Frag: 40% external, 0% internal; Reserve: 26368K, Max: 256K
[461.799s][info][gc,start       ] GC(257) Concurrent class unloading
[461.799s][info][gc,task        ] GC(257) Using 3 of 6 workers for concurrent class unloading
[461.800s][info][gc             ] GC(257) Concurrent class unloading 0.372ms
[461.800s][info][gc,start       ] GC(257) Pause Final Roots
[461.800s][info][gc             ] GC(257) Pause Final Roots 0.019ms
[461.800s][info][gc,ergo        ] Free: 428M, Max: 256K regular, 258M humongous, Frag: 40% external, 0% internal; Reserve: 26368K, Max: 256K
[461.800s][info][gc,stats       ] 
[461.800s][info][gc,stats       ] All times are wall-clock times, except per-root-class counters, that are sum over
[461.800s][info][gc,stats       ] all workers. Dividing the <total> over the root stage time estimates parallelism.
[461.800s][info][gc,stats       ] 
[461.800s][info][gc,stats       ] Concurrent Reset                    330 us
[461.800s][info][gc,stats       ] Pause Init Mark (G)                 238 us
[461.800s][info][gc,stats       ] Pause Init Mark (N)                 138 us
[461.800s][info][gc,stats       ]   Update Region States               63 us
[461.800s][info][gc,stats       ] Concurrent Mark Roots               312 us, parallelism: 1.06x
[461.800s][info][gc,stats       ]   CMR: <total>                      332 us
[461.800s][info][gc,stats       ]   CMR: Thread Roots                 298 us, workers (us): 182,  81,  36, ---, ---, ---, 
[461.800s][info][gc,stats       ]   CMR: VM Strong Roots                3 us, workers (us):   3,   0,   0, ---, ---, ---, 
[461.800s][info][gc,stats       ]   CMR: CLDG Roots                    30 us, workers (us):  30, ---, ---, ---, ---, ---, 
[461.800s][info][gc,stats       ] Concurrent Marking                  769 us
[461.800s][info][gc,stats       ] Pause Final Mark (G)                414 us
[461.800s][info][gc,stats       ] Pause Final Mark (N)                284 us
[461.800s][info][gc,stats       ]   Finish Mark                       130 us
[461.800s][info][gc,stats       ]   Update Region States               67 us
[461.800s][info][gc,stats       ]   Choose Collection Set              39 us
[461.800s][info][gc,stats       ]   Rebuild Free Set                    8 us
[461.800s][info][gc,stats       ] Concurrent Weak References          163 us, parallelism: 0.03x
[461.800s][info][gc,stats       ]   CWRF: <total>                       5 us
[461.800s][info][gc,stats       ]   CWRF: Weak References               5 us, workers (us):   4,   0,   0, ---, ---, ---, 
[461.800s][info][gc,stats       ] Concurrent Weak Roots               248 us
[461.800s][info][gc,stats       ]   Roots                             127 us, parallelism: 0.73x
[461.800s][info][gc,stats       ]     CWR: <total>                     93 us
[461.800s][info][gc,stats       ]     CWR: Code Cache Roots            51 us, workers (us):   0,  17,  34, ---, ---, ---, 
[461.800s][info][gc,stats       ]     CWR: VM Weak Roots               41 us, workers (us):  38,   2,   1, ---, ---, ---, 
[461.800s][info][gc,stats       ]     CWR: CLDG Roots                   1 us, workers (us):   1, ---, ---, ---, ---, ---, 
[461.800s][info][gc,stats       ]   Rendezvous                         87 us
[461.800s][info][gc,stats       ] Concurrent Cleanup                   70 us
[461.800s][info][gc,stats       ] Concurrent Class Unloading          390 us
[461.800s][info][gc,stats       ]   Unlink Stale                      176 us
[461.800s][info][gc,stats       ]     System Dictionary                 1 us
[461.800s][info][gc,stats       ]     Weak Class Links                  0 us
[461.800s][info][gc,stats       ]     Code Roots                      174 us
[461.800s][info][gc,stats       ]   Rendezvous                         89 us
[461.800s][info][gc,stats       ]   Purge Unlinked                     91 us
[461.800s][info][gc,stats       ]     Code Roots                       87 us
[461.800s][info][gc,stats       ]     CLDG                              4 us
[461.800s][info][gc,stats       ]     Exception Caches                  0 us
[461.800s][info][gc,stats       ] Pause Final Roots (G)                50 us
[461.800s][info][gc,stats       ] Pause Final Roots (N)                28 us
[461.800s][info][gc,stats       ] Pacing                            58367 us
[461.800s][info][gc,stats       ] 
[461.800s][info][gc,stats       ] Allocation pacing accrued:
[461.800s][info][gc,stats       ]      58 of  1479 ms (  3.9%): main
[461.800s][info][gc,stats       ]      58 of  1479 ms (  3.9%): <total>
[461.800s][info][gc,stats       ]       4 of  1479 ms (  0.3%): <average total>
[461.800s][info][gc,stats       ]      58 of  1479 ms (  3.9%): <average non-zero>
[461.800s][info][gc,stats       ] 
[461.800s][info][gc,metaspace   ] Metaspace: 1071K(1280K)->1071K(1280K) NonClass: 990K(1088K)->990K(1088K) Class: 81K(192K)->81K(192K)
[461.800s][info][gc,ergo        ] Pacer for Idle. Initial: 10485K, Alloc Tax Rate: 1.0x
[463.408s][info][gc             ] Trigger: Average GC time (3.76 ms) is above the time for average allocation rate (305 MB/s) to deplete free headroom (0B) (margin of error = 3.26)
[463.408s][info][gc,ergo        ] Free headroom: 102M (free) - 26214K (spike) - 117M (penalties) = 0B
[463.408s][info][gc,ergo        ] Free: 102M, Max: 256K regular, 65536K humongous, Frag: 38% external, 0% internal; Reserve: 26368K, Max: 256K
[463.408s][info][gc,start       ] GC(258) Concurrent reset
[463.408s][info][gc,task        ] GC(258) Using 3 of 6 workers for concurrent reset
[463.408s][info][gc,ergo        ] GC(258) Pacer for Reset. Non-Taxable: 512M
[463.408s][info][gc             ] GC(258) Concurrent reset 0.243ms
[463.408s][info][gc,start       ] GC(258) Pause Init Mark (unload classes)
[463.408s][info][gc,task        ] GC(258) Using 6 of 6 workers for init marking
[463.408s][info][gc,ergo        ] GC(258) Pacer for Mark. Expected Live: 75961K, Free: 102M, Non-Taxable: 10496K, Alloc Tax Rate: 0.9x
[463.408s][info][gc             ] GC(258) Pause Init Mark (unload classes) 0.158ms
[463.408s][info][gc,start       ] GC(258) Concurrent marking roots
[463.408s][info][gc,task        ] GC(258) Using 3 of 6 workers for concurrent marking roots
[463.409s][info][gc             ] GC(258) Concurrent marking roots 0.431ms
[463.409s][info][gc,start       ] GC(258) Concurrent marking (unload classes)
[463.409s][info][gc,task        ] GC(258) Using 3 of 6 workers for concurrent marking
[463.409s][info][gc             ] GC(258) Concurrent marking (unload classes) 0.676ms
[463.410s][info][gc,start       ] GC(258) Pause Final Mark (unload classes)
[463.410s][info][gc,task        ] GC(258) Using 6 of 6 workers for final marking
[463.410s][info][gc,ergo        ] GC(258) Collectable Garbage: 266M (99%), Immediate: 266M (99%), CSet: 0B (0%)
[463.410s][info][gc             ] GC(258) Pause Final Mark (unload classes) 0.265ms
[463.410s][info][gc,start       ] GC(258) Concurrent weak references
[463.410s][info][gc,task        ] GC(258) Using 3 of 6 workers for concurrent weak references
[463.410s][info][gc,ref         ] GC(258) Encountered references: Soft: 45, Weak: 116, Final: 0, Phantom: 7
[463.410s][info][gc,ref         ] GC(258) Discovered  references: Soft: 19, Weak: 95, Final: 0, Phantom: 5
[463.410s][info][gc,ref         ] GC(258) Enqueued    references: Soft: 0, Weak: 0, Final: 0, Phantom: 0
[463.410s][info][gc             ] GC(258) Concurrent weak references 0.144ms
[463.410s][info][gc,start       ] GC(258) Concurrent weak roots
[463.410s][info][gc,task        ] GC(258) Using 3 of 6 workers for concurrent weak root
[463.410s][info][gc             ] GC(258) Concurrent weak roots 0.208ms
[463.410s][info][gc,start       ] GC(258) Concurrent cleanup
[463.410s][info][gc             ] GC(258) Concurrent cleanup 379M->113M(512M) 0.057ms
[463.410s][info][gc,ergo        ] GC(258) Free: 371M, Max: 256K regular, 177M humongous, Frag: 53% external, 0% internal; Reserve: 26368K, Max: 256K
[463.410s][info][gc,start       ] GC(258) Concurrent class unloading
[463.410s][info][gc,task        ] GC(258) Using 3 of 6 workers for concurrent class unloading
[463.411s][info][gc             ] GC(258) Concurrent class unloading 0.235ms
[463.411s][info][gc,start       ] GC(258) Pause Final Roots
[463.411s][info][gc             ] GC(258) Pause Final Roots 0.015ms
[463.411s][info][gc,ergo        ] Free: 371M, Max: 256K regular, 177M humongous, Frag: 53% external, 0% internal; Reserve: 26368K, Max: 256K
[463.411s][info][gc,stats       ] 
[463.411s][info][gc,stats       ] All times are wall-clock times, except per-root-class counters, that are sum over
[463.411s][info][gc,stats       ] all workers. Dividing the <total> over the root stage time estimates parallelism.
[463.411s][info][gc,stats       ] 
[463.411s][info][gc,stats       ] Concurrent Reset                    262 us
[463.411s][info][gc,stats       ] Pause Init Mark (G)                 241 us
[463.411s][info][gc,stats       ] Pause Init Mark (N)                 167 us
[463.411s][info][gc,stats       ]   Update Region States              102 us
[463.411s][info][gc,stats       ] Concurrent Mark Roots               450 us, parallelism: 1.05x
[463.411s][info][gc,stats       ]   CMR: <total>                      473 us
[463.411s][info][gc,stats       ]   CMR: Thread Roots                 430 us, workers (us): 123,  58, 248, ---, ---, ---, 
[463.411s][info][gc,stats       ]   CMR: VM Strong Roots                3 us, workers (us):   1,   2,   0, ---, ---, ---, 
[463.411s][info][gc,stats       ]   CMR: CLDG Roots                    40 us, workers (us): ---, ---,  40, ---, ---, ---, 
[463.411s][info][gc,stats       ] Concurrent Marking                  695 us
[463.411s][info][gc,stats       ] Pause Final Mark (G)                371 us
[463.411s][info][gc,stats       ] Pause Final Mark (N)                276 us
[463.411s][info][gc,stats       ]   Finish Mark                       108 us
[463.411s][info][gc,stats       ]   Update Region States               73 us
[463.411s][info][gc,stats       ]   Choose Collection Set              39 us
[463.411s][info][gc,stats       ]   Rebuild Free Set                   16 us
[463.411s][info][gc,stats       ] Concurrent Weak References          152 us, parallelism: 0.03x
[463.411s][info][gc,stats       ]   CWRF: <total>                       4 us
[463.411s][info][gc,stats       ]   CWRF: Weak References               4 us, workers (us):   1,   3,   0, ---, ---, ---, 
[463.411s][info][gc,stats       ] Concurrent Weak Roots               226 us
[463.411s][info][gc,stats       ]   Roots                             127 us, parallelism: 0.78x
[463.411s][info][gc,stats       ]     CWR: <total>                     99 us
[463.411s][info][gc,stats       ]     CWR: Code Cache Roots            50 us, workers (us):  34,  16,   0, ---, ---, ---, 
[463.411s][info][gc,stats       ]     CWR: VM Weak Roots               48 us, workers (us):  39,   5,   4, ---, ---, ---, 
[463.411s][info][gc,stats       ]     CWR: CLDG Roots                   1 us, workers (us): ---, ---,   1, ---, ---, ---, 
[463.411s][info][gc,stats       ]   Rendezvous                         64 us
[463.411s][info][gc,stats       ] Concurrent Cleanup                   67 us
[463.411s][info][gc,stats       ] Concurrent Class Unloading          246 us
[463.411s][info][gc,stats       ]   Unlink Stale                      144 us
[463.411s][info][gc,stats       ]     System Dictionary                 1 us
[463.411s][info][gc,stats       ]     Weak Class Links                  0 us
[463.411s][info][gc,stats       ]     Code Roots                      143 us
[463.411s][info][gc,stats       ]   Rendezvous                         20 us
[463.411s][info][gc,stats       ]   Purge Unlinked                     54 us
[463.411s][info][gc,stats       ]     Code Roots                       51 us
[463.411s][info][gc,stats       ]     CLDG                              2 us
[463.411s][info][gc,stats       ]     Exception Caches                  0 us
[463.411s][info][gc,stats       ] Pause Final Roots (G)                44 us
[463.411s][info][gc,stats       ] Pause Final Roots (N)                23 us
[463.411s][info][gc,stats       ] Pacing                            72911 us
[463.411s][info][gc,stats       ] 
[463.411s][info][gc,stats       ] Allocation pacing accrued:
[463.411s][info][gc,stats       ]      73 of  1611 ms (  4.5%): main
[463.411s][info][gc,stats       ]      73 of  1611 ms (  4.5%): <total>
[463.411s][info][gc,stats       ]       6 of  1611 ms (  0.3%): <average total>
[463.411s][info][gc,stats       ]      73 of  1611 ms (  4.5%): <average non-zero>
[463.411s][info][gc,stats       ] 
[463.411s][info][gc,metaspace   ] Metaspace: 1071K(1280K)->1071K(1280K) NonClass: 990K(1088K)->990K(1088K) Class: 81K(192K)->81K(192K)
[463.411s][info][gc,ergo        ] Pacer for Idle. Initial: 10485K, Alloc Tax Rate: 1.0x
[466.294s][info][gc             ] Trigger: Average GC time (3.47 ms) is above the time for average allocation rate (295 MB/s) to deplete free headroom (0B) (margin of error = 3.26)
[466.294s][info][gc,ergo        ] Free headroom: 103M (free) - 26214K (spike) - 112M (penalties) = 0B
[466.294s][info][gc,ergo        ] Free: 103M, Max: 256K regular, 65536K humongous, Frag: 39% external, 0% internal; Reserve: 26368K, Max: 256K
[466.294s][info][gc,start       ] GC(259) Concurrent reset
[466.294s][info][gc,task        ] GC(259) Using 3 of 6 workers for concurrent reset
[466.294s][info][gc,ergo        ] GC(259) Pacer for Reset. Non-Taxable: 512M
[466.294s][info][gc             ] GC(259) Concurrent reset 0.209ms
[466.294s][info][gc,start       ] GC(259) Pause Init Mark (unload classes)
[466.294s][info][gc,task        ] GC(259) Using 6 of 6 workers for init marking
[466.294s][info][gc,ergo        ] GC(259) Pacer for Mark. Expected Live: 92345K, Free: 103M, Non-Taxable: 10572K, Alloc Tax Rate: 1.1x
[466.294s][info][gc             ] GC(259) Pause Init Mark (unload classes) 0.116ms
[466.294s][info][gc,start       ] GC(259) Concurrent marking roots
[466.294s][info][gc,task        ] GC(259) Using 3 of 6 workers for concurrent marking roots
[466.294s][info][gc             ] GC(259) Concurrent marking roots 0.268ms
[466.294s][info][gc,start       ] GC(259) Concurrent marking (unload classes)
[466.294s][info][gc,task        ] GC(259) Using 3 of 6 workers for concurrent marking
[466.295s][info][gc             ] GC(259) Concurrent marking (unload classes) 0.677ms
[466.295s][info][gc,start       ] GC(259) Pause Final Mark (unload classes)
[466.295s][info][gc,task        ] GC(259) Using 6 of 6 workers for final marking
[466.295s][info][gc,ergo        ] GC(259) Collectable Garbage: 259M (99%), Immediate: 259M (99%), CSet: 0B (0%)
[466.295s][info][gc             ] GC(259) Pause Final Mark (unload classes) 0.134ms
[466.295s][info][gc,start       ] GC(259) Concurrent weak references
[466.295s][info][gc,task        ] GC(259) Using 3 of 6 workers for concurrent weak references
[466.295s][info][gc,ref         ] GC(259) Encountered references: Soft: 45, Weak: 116, Final: 0, Phantom: 7
[466.295s][info][gc,ref         ] GC(259) Discovered  references: Soft: 18, Weak: 81, Final: 0, Phantom: 5
[466.295s][info][gc,ref         ] GC(259) Enqueued    references: Soft: 0, Weak: 0, Final: 0, Phantom: 0
[466.295s][info][gc             ] GC(259) Concurrent weak references 0.076ms
[466.295s][info][gc,start       ] GC(259) Concurrent weak roots
[466.295s][info][gc,task        ] GC(259) Using 3 of 6 workers for concurrent weak root
[466.296s][info][gc             ] GC(259) Concurrent weak roots 0.117ms
[466.296s][info][gc,start       ] GC(259) Concurrent cleanup
[466.296s][info][gc             ] GC(259) Concurrent cleanup 376M->117M(512M) 0.057ms
[466.296s][info][gc,ergo        ] GC(259) Free: 368M, Max: 256K regular, 190M humongous, Frag: 49% external, 0% internal; Reserve: 26368K, Max: 256K
[466.296s][info][gc,start       ] GC(259) Concurrent class unloading
[466.296s][info][gc,task        ] GC(259) Using 3 of 6 workers for concurrent class unloading
[466.296s][info][gc             ] GC(259) Concurrent class unloading 0.224ms
[466.296s][info][gc,start       ] GC(259) Pause Final Roots
[466.296s][info][gc             ] GC(259) Pause Final Roots 0.023ms
[466.296s][info][gc,ergo        ] Free: 368M, Max: 256K regular, 190M humongous, Frag: 49% external, 0% internal; Reserve: 26368K, Max: 256K
[466.296s][info][gc,stats       ] 
[466.296s][info][gc,stats       ] All times are wall-clock times, except per-root-class counters, that are sum over
[466.296s][info][gc,stats       ] all workers. Dividing the <total> over the root stage time estimates parallelism.
[466.296s][info][gc,stats       ] 
[466.296s][info][gc,stats       ] Concurrent Reset                    228 us
[466.296s][info][gc,stats       ] Pause Init Mark (G)                 162 us
[466.296s][info][gc,stats       ] Pause Init Mark (N)                 125 us
[466.296s][info][gc,stats       ]   Update Region States               54 us
[466.296s][info][gc,stats       ] Concurrent Mark Roots               285 us, parallelism: 1.20x
[466.296s][info][gc,stats       ]   CMR: <total>                      342 us
[466.296s][info][gc,stats       ]   CMR: Thread Roots                 310 us, workers (us): 190,  73,  46, ---, ---, ---, 
[466.296s][info][gc,stats       ]   CMR: VM Strong Roots                4 us, workers (us):   2,   2,   0, ---, ---, ---, 
[466.296s][info][gc,stats       ]   CMR: CLDG Roots                    28 us, workers (us):  28, ---, ---, ---, ---, ---, 
[466.296s][info][gc,stats       ] Concurrent Marking                  692 us
[466.296s][info][gc,stats       ] Pause Final Mark (G)                174 us
[466.296s][info][gc,stats       ] Pause Final Mark (N)                144 us
[466.296s][info][gc,stats       ]   Finish Mark                        30 us
[466.296s][info][gc,stats       ]   Update Region States               29 us
[466.296s][info][gc,stats       ]   Choose Collection Set              37 us
[466.296s][info][gc,stats       ]   Rebuild Free Set                    8 us
[466.296s][info][gc,stats       ] Concurrent Weak References           84 us, parallelism: 0.05x
[466.296s][info][gc,stats       ]   CWRF: <total>                       4 us
[466.296s][info][gc,stats       ]   CWRF: Weak References               4 us, workers (us):   3,   1,   0, ---, ---, ---, 
[466.296s][info][gc,stats       ] Concurrent Weak Roots               131 us
[466.296s][info][gc,stats       ]   Roots                              77 us, parallelism: 1.41x
[466.296s][info][gc,stats       ]     CWR: <total>                    108 us
[466.296s][info][gc,stats       ]     CWR: Code Cache Roots            57 us, workers (us):  38,   0,  18, ---, ---, ---, 
[466.296s][info][gc,stats       ]     CWR: VM Weak Roots               50 us, workers (us):  18,  17,  15, ---, ---, ---, 
[466.296s][info][gc,stats       ]     CWR: CLDG Roots                   1 us, workers (us): ---,   1, ---, ---, ---, ---, 
[466.296s][info][gc,stats       ]   Rendezvous                         23 us
[466.296s][info][gc,stats       ] Concurrent Cleanup                   66 us
[466.296s][info][gc,stats       ] Concurrent Class Unloading          237 us
[466.296s][info][gc,stats       ]   Unlink Stale                      159 us
[466.296s][info][gc,stats       ]     System Dictionary                 1 us
[466.296s][info][gc,stats       ]     Weak Class Links                  0 us
[466.296s][info][gc,stats       ]     Code Roots                      157 us
[466.296s][info][gc,stats       ]   Rendezvous                         25 us
[466.296s][info][gc,stats       ]   Purge Unlinked                     23 us
[466.296s][info][gc,stats       ]     Code Roots                       20 us
[466.296s][info][gc,stats       ]     CLDG                              3 us
[466.296s][info][gc,stats       ]     Exception Caches                  0 us
[466.296s][info][gc,stats       ] Pause Final Roots (G)                54 us
[466.296s][info][gc,stats       ] Pause Final Roots (N)                32 us
[466.296s][info][gc,stats       ] Pacing                            45816 us
[466.296s][info][gc,stats       ] 
[466.296s][info][gc,stats       ] Allocation pacing accrued:
[466.296s][info][gc,stats       ]      46 of  2885 ms (  1.6%): main
[466.296s][info][gc,stats       ]      46 of  2885 ms (  1.6%): <total>
[466.296s][info][gc,stats       ]       4 of  2885 ms (  0.1%): <average total>
[466.296s][info][gc,stats       ]      46 of  2885 ms (  1.6%): <average non-zero>
[466.296s][info][gc,stats       ] 
[466.296s][info][gc,metaspace   ] Metaspace: 1071K(1280K)->1071K(1280K) NonClass: 990K(1088K)->990K(1088K) Class: 81K(192K)->81K(192K)
[466.296s][info][gc,ergo        ] Pacer for Idle. Initial: 10485K, Alloc Tax Rate: 1.0x
[468.195s][info][gc             ] Trigger: Average GC time (3.63 ms) is above the time for average allocation rate (113 MB/s) to deplete free headroom (0B) (margin of error = 3.26)
[468.195s][info][gc,ergo        ] Free headroom: 129M (free) - 26214K (spike) - 107M (penalties) = 0B
[468.195s][info][gc,ergo        ] Free: 129M, Max: 256K regular, 92672K humongous, Frag: 31% external, 0% internal; Reserve: 26368K, Max: 256K
[468.195s][info][gc,start       ] GC(260) Concurrent reset
[468.195s][info][gc,task        ] GC(260) Using 3 of 6 workers for concurrent reset
[468.195s][info][gc,ergo        ] GC(260) Pacer for Reset. Non-Taxable: 512M
[468.195s][info][gc             ] GC(260) Concurrent reset 0.296ms
[468.195s][info][gc,start       ] GC(260) Pause Init Mark (unload classes)
[468.195s][info][gc,task        ] GC(260) Using 6 of 6 workers for init marking
[468.195s][info][gc,ergo        ] GC(260) Pacer for Mark. Expected Live: 90093K, Free: 129M, Non-Taxable: 13260K, Alloc Tax Rate: 0.8x
[468.195s][info][gc             ] GC(260) Pause Init Mark (unload classes) 0.169ms
[468.195s][info][gc,start       ] GC(260) Concurrent marking roots
[468.195s][info][gc,task        ] GC(260) Using 3 of 6 workers for concurrent marking roots
[468.196s][info][gc             ] GC(260) Concurrent marking roots 0.286ms
[468.196s][info][gc,start       ] GC(260) Concurrent marking (unload classes)
[468.196s][info][gc,task        ] GC(260) Using 3 of 6 workers for concurrent marking
[468.196s][info][gc             ] GC(260) Concurrent marking (unload classes) 0.824ms
[468.196s][info][gc,start       ] GC(260) Pause Final Mark (unload classes)
[468.197s][info][gc,task        ] GC(260) Using 6 of 6 workers for final marking
[468.197s][info][gc,ergo        ] GC(260) Collectable Garbage: 304M (99%), Immediate: 304M (99%), CSet: 0B (0%)
[468.197s][info][gc             ] GC(260) Pause Final Mark (unload classes) 0.260ms
[468.197s][info][gc,start       ] GC(260) Concurrent weak references
[468.197s][info][gc,task        ] GC(260) Using 3 of 6 workers for concurrent weak references
[468.197s][info][gc,ref         ] GC(260) Encountered references: Soft: 45, Weak: 116, Final: 0, Phantom: 7
[468.197s][info][gc,ref         ] GC(260) Discovered  references: Soft: 18, Weak: 83, Final: 0, Phantom: 5
[468.197s][info][gc,ref         ] GC(260) Enqueued    references: Soft: 0, Weak: 0, Final: 0, Phantom: 0
[468.197s][info][gc             ] GC(260) Concurrent weak references 0.127ms
[468.197s][info][gc,start       ] GC(260) Concurrent weak roots
[468.197s][info][gc,task        ] GC(260) Using 3 of 6 workers for concurrent weak root
[468.197s][info][gc             ] GC(260) Concurrent weak roots 0.222ms
[468.197s][info][gc,start       ] GC(260) Concurrent cleanup
[468.197s][info][gc             ] GC(260) Concurrent cleanup 351M->47M(512M) 0.063ms
[468.197s][info][gc,ergo        ] GC(260) Free: 437M, Max: 256K regular, 379M humongous, Frag: 14% external, 0% internal; Reserve: 26368K, Max: 256K
[468.197s][info][gc,start       ] GC(260) Concurrent class unloading
[468.197s][info][gc,task        ] GC(260) Using 3 of 6 workers for concurrent class unloading
[468.198s][info][gc             ] GC(260) Concurrent class unloading 0.268ms
[468.198s][info][gc,start       ] GC(260) Pause Final Roots
[468.198s][info][gc             ] GC(260) Pause Final Roots 0.019ms
[468.198s][info][gc,ergo        ] Free: 437M, Max: 256K regular, 379M humongous, Frag: 14% external, 0% internal; Reserve: 26368K, Max: 256K
[468.198s][info][gc,stats       ] 
[468.198s][info][gc,stats       ] All times are wall-clock times, except per-root-class counters, that are sum over
[468.198s][info][gc,stats       ] all workers. Dividing the <total> over the root stage time estimates parallelism.
[468.198s][info][gc,stats       ] 
[468.198s][info][gc,stats       ] Concurrent Reset                    317 us
[468.198s][info][gc,stats       ] Pause Init Mark (G)                 219 us
[468.198s][info][gc,stats       ] Pause Init Mark (N)                 179 us
[468.198s][info][gc,stats       ]   Update Region States              112 us
[468.198s][info][gc,stats       ] Concurrent Mark Roots               305 us, parallelism: 1.15x
[468.198s][info][gc,stats       ]   CMR: <total>                      351 us
[468.198s][info][gc,stats       ]   CMR: Thread Roots                 307 us, workers (us):  45,  87, 175, ---, ---, ---, 
[468.198s][info][gc,stats       ]   CMR: VM Strong Roots                5 us, workers (us):   3,   2,   0, ---, ---, ---, 
[468.198s][info][gc,stats       ]   CMR: CLDG Roots                    39 us, workers (us):  39, ---, ---, ---, ---, ---, 
[468.198s][info][gc,stats       ] Concurrent Marking                  847 us
[468.198s][info][gc,stats       ] Pause Final Mark (G)                375 us
[468.198s][info][gc,stats       ] Pause Final Mark (N)                271 us
[468.198s][info][gc,stats       ]   Finish Mark                        78 us
[468.198s][info][gc,stats       ]   Update Region States               90 us
[468.198s][info][gc,stats       ]   Choose Collection Set              52 us
[468.198s][info][gc,stats       ]   Rebuild Free Set                    9 us
[468.198s][info][gc,stats       ] Concurrent Weak References          135 us, parallelism: 0.07x
[468.198s][info][gc,stats       ]   CWRF: <total>                       9 us
[468.198s][info][gc,stats       ]   CWRF: Weak References               9 us, workers (us):   6,   3,   0, ---, ---, ---, 
[468.198s][info][gc,stats       ] Concurrent Weak Roots               234 us
[468.198s][info][gc,stats       ]   Roots                             148 us, parallelism: 1.00x
[468.198s][info][gc,stats       ]     CWR: <total>                    148 us
[468.198s][info][gc,stats       ]     CWR: Code Cache Roots            76 us, workers (us):  22,  54,   0, ---, ---, ---, 
[468.198s][info][gc,stats       ]     CWR: VM Weak Roots               71 us, workers (us):  24,  24,  23, ---, ---, ---, 
[468.198s][info][gc,stats       ]     CWR: CLDG Roots                   1 us, workers (us): ---, ---,   1, ---, ---, ---, 
[468.198s][info][gc,stats       ]   Rendezvous                         58 us
[468.198s][info][gc,stats       ] Concurrent Cleanup                   73 us
[468.198s][info][gc,stats       ] Concurrent Class Unloading          282 us
[468.198s][info][gc,stats       ]   Unlink Stale                      160 us
[468.198s][info][gc,stats       ]     System Dictionary                 1 us
[468.198s][info][gc,stats       ]     Weak Class Links                  0 us
[468.198s][info][gc,stats       ]     Code Roots                      158 us
[468.198s][info][gc,stats       ]   Rendezvous                         66 us
[468.198s][info][gc,stats       ]   Purge Unlinked                     26 us
[468.198s][info][gc,stats       ]     Code Roots                       24 us
[468.198s][info][gc,stats       ]     CLDG                              2 us
[468.198s][info][gc,stats       ]     Exception Caches                  0 us
[468.198s][info][gc,stats       ] Pause Final Roots (G)                63 us
[468.198s][info][gc,stats       ] Pause Final Roots (N)                28 us
[468.198s][info][gc,stats       ] Pacing                            46376 us
[468.198s][info][gc,stats       ] 
[468.198s][info][gc,stats       ] Allocation pacing accrued:
[468.198s][info][gc,stats       ]      46 of  1902 ms (  2.4%): main
[468.198s][info][gc,stats       ]      46 of  1902 ms (  2.4%): <total>
[468.198s][info][gc,stats       ]       4 of  1902 ms (  0.2%): <average total>
[468.198s][info][gc,stats       ]      46 of  1902 ms (  2.4%): <average non-zero>
[468.198s][info][gc,stats       ] 
[468.198s][info][gc,metaspace   ] Metaspace: 1071K(1280K)->1071K(1280K) NonClass: 990K(1088K)->990K(1088K) Class: 81K(192K)->81K(192K)
[468.198s][info][gc,ergo        ] Pacer for Idle. Initial: 10485K, Alloc Tax Rate: 1.0x
[470.690s][info][gc             ] Trigger: Free (36864K) is below minimum threshold (52428K)
[470.690s][info][gc,ergo        ] Free: 36864K, Max: 256K regular, 27648K humongous, Frag: 25% external, 0% internal; Reserve: 26368K, Max: 256K
[470.690s][info][gc,start       ] GC(261) Concurrent reset
[470.690s][info][gc,task        ] GC(261) Using 3 of 6 workers for concurrent reset
[470.690s][info][gc,ergo        ] GC(261) Pacer for Reset. Non-Taxable: 512M
[470.690s][info][gc             ] GC(261) Concurrent reset 0.290ms
[470.690s][info][gc,start       ] GC(261) Pause Init Mark (unload classes)
[470.690s][info][gc,task        ] GC(261) Using 6 of 6 workers for init marking
[470.690s][info][gc,ergo        ] GC(261) Pacer for Mark. Expected Live: 95008K, Free: 36864K, Non-Taxable: 3686K, Alloc Tax Rate: 3.1x
[470.690s][info][gc             ] GC(261) Pause Init Mark (unload classes) 0.146ms
[470.690s][info][gc,start       ] GC(261) Concurrent marking roots
[470.690s][info][gc,task        ] GC(261) Using 3 of 6 workers for concurrent marking roots
[470.691s][info][gc             ] GC(261) Concurrent marking roots 0.289ms
[470.691s][info][gc,start       ] GC(261) Concurrent marking (unload classes)
[470.691s][info][gc,task        ] GC(261) Using 3 of 6 workers for concurrent marking
[470.691s][info][gc             ] GC(261) Concurrent marking (unload classes) 0.794ms
[470.691s][info][gc,start       ] GC(261) Pause Final Mark (unload classes)
[470.691s][info][gc,task        ] GC(261) Using 6 of 6 workers for final marking
[470.692s][info][gc,ergo        ] GC(261) Collectable Garbage: 287M (99%), Immediate: 287M (99%), CSet: 0B (0%)
[470.692s][info][gc             ] GC(261) Pause Final Mark (unload classes) 0.180ms
[470.692s][info][gc,start       ] GC(261) Concurrent weak references
[470.692s][info][gc,task        ] GC(261) Using 3 of 6 workers for concurrent weak references
[470.692s][info][gc,ref         ] GC(261) Encountered references: Soft: 45, Weak: 116, Final: 0, Phantom: 7
[470.692s][info][gc,ref         ] GC(261) Discovered  references: Soft: 18, Weak: 83, Final: 0, Phantom: 5
[470.692s][info][gc,ref         ] GC(261) Enqueued    references: Soft: 0, Weak: 0, Final: 0, Phantom: 0
[470.692s][info][gc             ] GC(261) Concurrent weak references 0.096ms
[470.692s][info][gc,start       ] GC(261) Concurrent weak roots
[470.692s][info][gc,task        ] GC(261) Using 3 of 6 workers for concurrent weak root
[470.692s][info][gc             ] GC(261) Concurrent weak roots 0.158ms
[470.692s][info][gc,start       ] GC(261) Concurrent cleanup
[470.692s][info][gc             ] GC(261) Concurrent cleanup 444M->157M(512M) 0.067ms
[470.692s][info][gc,ergo        ] GC(261) Free: 328M, Max: 256K regular, 201M humongous, Frag: 39% external, 0% internal; Reserve: 26368K, Max: 256K
[470.692s][info][gc,start       ] GC(261) Concurrent class unloading
[470.692s][info][gc,task        ] GC(261) Using 3 of 6 workers for concurrent class unloading
[470.692s][info][gc             ] GC(261) Concurrent class unloading 0.316ms
[470.692s][info][gc,start       ] GC(261) Pause Final Roots
[470.692s][info][gc             ] GC(261) Pause Final Roots 0.019ms
[470.692s][info][gc,ergo        ] Free: 328M, Max: 256K regular, 201M humongous, Frag: 39% external, 0% internal; Reserve: 26368K, Max: 256K
[470.692s][info][gc,stats       ] 
[470.692s][info][gc,stats       ] All times are wall-clock times, except per-root-class counters, that are sum over
[470.692s][info][gc,stats       ] all workers. Dividing the <total> over the root stage time estimates parallelism.
[470.692s][info][gc,stats       ] 
[470.692s][info][gc,stats       ] Concurrent Reset                    309 us
[470.692s][info][gc,stats       ] Pause Init Mark (G)                 262 us
[470.692s][info][gc,stats       ] Pause Init Mark (N)                 155 us
[470.692s][info][gc,stats       ]   Update Region States               95 us
[470.692s][info][gc,stats       ] Concurrent Mark Roots               308 us, parallelism: 1.06x
[470.693s][info][gc,stats       ]   CMR: <total>                      326 us
[470.693s][info][gc,stats       ]   CMR: Thread Roots                 296 us, workers (us):  69, 191,  36, ---, ---, ---, 
[470.693s][info][gc,stats       ]   CMR: VM Strong Roots                4 us, workers (us):   3,   0,   0, ---, ---, ---, 
[470.693s][info][gc,stats       ]   CMR: CLDG Roots                    27 us, workers (us):  27, ---, ---, ---, ---, ---, 
[470.693s][info][gc,stats       ] Concurrent Marking                  821 us
[470.693s][info][gc,stats       ] Pause Final Mark (G)                236 us
[470.693s][info][gc,stats       ] Pause Final Mark (N)                190 us
[470.693s][info][gc,stats       ]   Finish Mark                        45 us
[470.693s][info][gc,stats       ]   Update Region States               57 us
[470.693s][info][gc,stats       ]   Choose Collection Set              42 us
[470.693s][info][gc,stats       ]   Rebuild Free Set                    8 us
[470.693s][info][gc,stats       ] Concurrent Weak References          104 us, parallelism: 0.08x
[470.693s][info][gc,stats       ]   CWRF: <total>                       8 us
[470.693s][info][gc,stats       ]   CWRF: Weak References               8 us, workers (us):   6,   2,   0, ---, ---, ---, 
[470.693s][info][gc,stats       ] Concurrent Weak Roots               177 us
[470.693s][info][gc,stats       ]   Roots                             103 us, parallelism: 1.33x
[470.693s][info][gc,stats       ]     CWR: <total>                    136 us
[470.693s][info][gc,stats       ]     CWR: Code Cache Roots            86 us, workers (us):  26,   0,  60, ---, ---, ---, 
[470.693s][info][gc,stats       ]     CWR: VM Weak Roots               50 us, workers (us):  21,  15,  13, ---, ---, ---, 
[470.693s][info][gc,stats       ]     CWR: CLDG Roots                   1 us, workers (us): ---,   1, ---, ---, ---, ---, 
[470.693s][info][gc,stats       ]   Rendezvous                         32 us
[470.693s][info][gc,stats       ] Concurrent Cleanup                   79 us
[470.693s][info][gc,stats       ] Concurrent Class Unloading          333 us
[470.693s][info][gc,stats       ]   Unlink Stale                      203 us
[470.693s][info][gc,stats       ]     System Dictionary                 1 us
[470.693s][info][gc,stats       ]     Weak Class Links                  0 us
[470.693s][info][gc,stats       ]     Code Roots                      201 us
[470.693s][info][gc,stats       ]   Rendezvous                         29 us
[470.693s][info][gc,stats       ]   Purge Unlinked                     66 us
[470.693s][info][gc,stats       ]     Code Roots                       61 us
[470.693s][info][gc,stats       ]     CLDG                              4 us
[470.693s][info][gc,stats       ]     Exception Caches                  0 us
[470.693s][info][gc,stats       ] Pause Final Roots (G)                90 us
[470.693s][info][gc,stats       ] Pause Final Roots (N)                28 us
[470.693s][info][gc,stats       ] Pacing                            94778 us
[470.693s][info][gc,stats       ] 
[470.693s][info][gc,stats       ] Allocation pacing accrued:
[470.693s][info][gc,stats       ]      95 of  2495 ms (  3.8%): main
[470.693s][info][gc,stats       ]      95 of  2495 ms (  3.8%): <total>
[470.693s][info][gc,stats       ]       7 of  2495 ms (  0.3%): <average total>
[470.693s][info][gc,stats       ]      95 of  2495 ms (  3.8%): <average non-zero>
[470.693s][info][gc,stats       ] 
[470.693s][info][gc,metaspace   ] Metaspace: 1071K(1280K)->1071K(1280K) NonClass: 990K(1088K)->990K(1088K) Class: 81K(192K)->81K(192K)
[470.693s][info][gc,ergo        ] Pacer for Idle. Initial: 10485K, Alloc Tax Rate: 1.0x
[472.154s][info][gc             ] Trigger: Average GC time (3.47 ms) is above the time for average allocation rate (297 MB/s) to deplete free headroom (0B) (margin of error = 3.25)
[472.154s][info][gc,ergo        ] Free headroom: 102M (free) - 26214K (spike) - 99614K (penalties) = 0B
[472.154s][info][gc,ergo        ] Free: 102M, Max: 256K regular, 52480K humongous, Frag: 50% external, 0% internal; Reserve: 26368K, Max: 256K
[472.154s][info][gc,start       ] GC(262) Concurrent reset
[472.154s][info][gc,task        ] GC(262) Using 3 of 6 workers for concurrent reset
[472.154s][info][gc,ergo        ] GC(262) Pacer for Reset. Non-Taxable: 512M
[472.154s][info][gc             ] GC(262) Concurrent reset 0.472ms
[472.154s][info][gc,start       ] GC(262) Pause Init Mark (unload classes)
[472.154s][info][gc,task        ] GC(262) Using 6 of 6 workers for init marking
[472.155s][info][gc,ergo        ] GC(262) Pacer for Mark. Expected Live: 100128K, Free: 102M, Non-Taxable: 10496K, Alloc Tax Rate: 1.2x
[472.155s][info][gc             ] GC(262) Pause Init Mark (unload classes) 0.184ms
[472.155s][info][gc,start       ] GC(262) Concurrent marking roots
[472.155s][info][gc,task        ] GC(262) Using 3 of 6 workers for concurrent marking roots
[472.155s][info][gc             ] GC(262) Concurrent marking roots 0.503ms
[472.155s][info][gc,start       ] GC(262) Concurrent marking (unload classes)
[472.155s][info][gc,task        ] GC(262) Using 3 of 6 workers for concurrent marking
[472.156s][info][gc             ] GC(262) Concurrent marking (unload classes) 0.872ms
[472.156s][info][gc,start       ] GC(262) Pause Final Mark (unload classes)
[472.156s][info][gc,task        ] GC(262) Using 6 of 6 workers for final marking
[472.157s][info][gc,ergo        ] GC(262) Collectable Garbage: 117M (99%), Immediate: 117M (99%), CSet: 0B (0%)
[472.157s][info][gc             ] GC(262) Pause Final Mark (unload classes) 0.340ms
[472.157s][info][gc,start       ] GC(262) Concurrent weak references
[472.157s][info][gc,task        ] GC(262) Using 3 of 6 workers for concurrent weak references
[472.157s][info][gc,ref         ] GC(262) Encountered references: Soft: 45, Weak: 116, Final: 0, Phantom: 7
[472.157s][info][gc,ref         ] GC(262) Discovered  references: Soft: 18, Weak: 83, Final: 0, Phantom: 5
[472.157s][info][gc,ref         ] GC(262) Enqueued    references: Soft: 0, Weak: 0, Final: 0, Phantom: 0
[472.157s][info][gc             ] GC(262) Concurrent weak references 0.177ms
[472.157s][info][gc,start       ] GC(262) Concurrent weak roots
[472.157s][info][gc,task        ] GC(262) Using 3 of 6 workers for concurrent weak root
[472.157s][info][gc             ] GC(262) Concurrent weak roots 0.234ms
[472.157s][info][gc,start       ] GC(262) Concurrent cleanup
[472.157s][info][gc             ] GC(262) Concurrent cleanup 379M->262M(512M) 0.033ms
[472.157s][info][gc,ergo        ] GC(262) Free: 222M, Max: 256K regular, 52480K humongous, Frag: 77% external, 0% internal; Reserve: 26368K, Max: 256K
[472.157s][info][gc,start       ] GC(262) Concurrent class unloading
[472.157s][info][gc,task        ] GC(262) Using 3 of 6 workers for concurrent class unloading
[472.157s][info][gc             ] GC(262) Concurrent class unloading 0.300ms
[472.157s][info][gc,start       ] GC(262) Pause Final Roots
[472.158s][info][gc             ] GC(262) Pause Final Roots 0.019ms
[472.158s][info][gc,ergo        ] Free: 222M, Max: 256K regular, 52480K humongous, Frag: 77% external, 0% internal; Reserve: 26368K, Max: 256K
[472.158s][info][gc,stats       ] 
[472.158s][info][gc,stats       ] All times are wall-clock times, except per-root-class counters, that are sum over
[472.158s][info][gc,stats       ] all workers. Dividing the <total> over the root stage time estimates parallelism.
[472.158s][info][gc,stats       ] 
[472.158s][info][gc,stats       ] Concurrent Reset                    508 us
[472.158s][info][gc,stats       ] Pause Init Mark (G)                 333 us
[472.158s][info][gc,stats       ] Pause Init Mark (N)                 193 us
[472.158s][info][gc,stats       ]   Update Region States              134 us
[472.158s][info][gc,stats       ] Concurrent Mark Roots               524 us, parallelism: 1.07x
[472.158s][info][gc,stats       ]   CMR: <total>                      559 us
[472.158s][info][gc,stats       ]   CMR: Thread Roots                 473 us, workers (us):  35, 344,  94, ---, ---, ---, 
[472.158s][info][gc,stats       ]   CMR: VM Strong Roots                4 us, workers (us):   3,   0,   0, ---, ---, ---, 
[472.158s][info][gc,stats       ]   CMR: CLDG Roots                    82 us, workers (us):  82, ---, ---, ---, ---, ---, 
[472.158s][info][gc,stats       ] Concurrent Marking                  926 us
[472.158s][info][gc,stats       ] Pause Final Mark (G)                474 us
[472.158s][info][gc,stats       ] Pause Final Mark (N)                386 us
[472.158s][info][gc,stats       ]   Finish Mark                       117 us
[472.158s][info][gc,stats       ]   Update Region States               72 us
[472.158s][info][gc,stats       ]   Choose Collection Set              55 us
[472.158s][info][gc,stats       ]   Rebuild Free Set                    8 us
[472.158s][info][gc,stats       ] Concurrent Weak References          185 us, parallelism: 0.02x
[472.158s][info][gc,stats       ]   CWRF: <total>                       4 us
[472.158s][info][gc,stats       ]   CWRF: Weak References               4 us, workers (us):   4,   0,   0, ---, ---, ---, 
[472.158s][info][gc,stats       ] Concurrent Weak Roots               272 us
[472.158s][info][gc,stats       ]   Roots                             156 us, parallelism: 0.77x
[472.158s][info][gc,stats       ]     CWR: <total>                    121 us
[472.158s][info][gc,stats       ]     CWR: Code Cache Roots            60 us, workers (us):   0,  35,  24, ---, ---, ---, 
[472.158s][info][gc,stats       ]     CWR: VM Weak Roots               61 us, workers (us):  51,   5,   4, ---, ---, ---, 
[472.158s][info][gc,stats       ]     CWR: CLDG Roots                   1 us, workers (us):   1, ---, ---, ---, ---, ---, 
[472.158s][info][gc,stats       ]   Rendezvous                         60 us
[472.158s][info][gc,stats       ] Concurrent Cleanup                   43 us
[472.158s][info][gc,stats       ] Concurrent Class Unloading          314 us
[472.158s][info][gc,stats       ]   Unlink Stale                      181 us
[472.158s][info][gc,stats       ]     System Dictionary                 1 us
[472.158s][info][gc,stats       ]     Weak Class Links                  0 us
[472.158s][info][gc,stats       ]     Code Roots                      179 us
[472.158s][info][gc,stats       ]   Rendezvous                         50 us
[472.158s][info][gc,stats       ]   Purge Unlinked                     52 us
[472.158s][info][gc,stats       ]     Code Roots                       49 us
[472.158s][info][gc,stats       ]     CLDG                              2 us
[472.158s][info][gc,stats       ]     Exception Caches                  0 us
[472.158s][info][gc,stats       ] Pause Final Roots (G)                76 us
[472.158s][info][gc,stats       ] Pause Final Roots (N)                29 us
[472.158s][info][gc,stats       ] Pacing                            47023 us
[472.158s][info][gc,stats       ] 
[472.158s][info][gc,stats       ] Allocation pacing accrued:
[472.158s][info][gc,stats       ]      47 of  1465 ms (  3.2%): main
[472.158s][info][gc,stats       ]      47 of  1465 ms (  3.2%): <total>
[472.158s][info][gc,stats       ]       4 of  1465 ms (  0.2%): <average total>
[472.158s][info][gc,stats       ]      47 of  1465 ms (  3.2%): <average non-zero>
[472.158s][info][gc,stats       ] 
[472.158s][info][gc,metaspace   ] Metaspace: 1071K(1280K)->1071K(1280K) NonClass: 990K(1088K)->990K(1088K) Class: 81K(192K)->81K(192K)
[472.158s][info][gc,ergo        ] Pacer for Idle. Initial: 10485K, Alloc Tax Rate: 1.0x
[473.571s][info][gc             ] Trigger: Average GC time (4.86 ms) is above the time for instantaneous allocation rate (466 MB/s) to deplete free headroom (1781K) (spike threshold = 0.32)
[473.571s][info][gc,ergo        ] Free: 119M, Max: 256K regular, 52480K humongous, Frag: 58% external, 0% internal; Reserve: 26368K, Max: 256K
[473.571s][info][gc,start       ] GC(263) Concurrent reset
[473.571s][info][gc,task        ] GC(263) Using 3 of 6 workers for concurrent reset
[473.571s][info][gc,ergo        ] GC(263) Pacer for Reset. Non-Taxable: 512M
[473.571s][info][gc             ] GC(263) Concurrent reset 0.335ms
[473.571s][info][gc,start       ] GC(263) Pause Init Mark (unload classes)
[473.571s][info][gc,task        ] GC(263) Using 6 of 6 workers for init marking
[473.571s][info][gc,ergo        ] GC(263) Pacer for Mark. Expected Live: 138M, Free: 119M, Non-Taxable: 12236K, Alloc Tax Rate: 1.4x
[473.571s][info][gc             ] GC(263) Pause Init Mark (unload classes) 0.107ms
[473.572s][info][gc,start       ] GC(263) Concurrent marking roots
[473.572s][info][gc,task        ] GC(263) Using 3 of 6 workers for concurrent marking roots
[473.572s][info][gc             ] GC(263) Concurrent marking roots 0.321ms
[473.572s][info][gc,start       ] GC(263) Concurrent marking (unload classes)
[473.572s][info][gc,task        ] GC(263) Using 3 of 6 workers for concurrent marking
[473.573s][info][gc             ] GC(263) Concurrent marking (unload classes) 0.725ms
[473.573s][info][gc,start       ] GC(263) Pause Final Mark (unload classes)
[473.573s][info][gc,task        ] GC(263) Using 6 of 6 workers for final marking
[473.573s][info][gc,ergo        ] GC(263) Collectable Garbage: 306M (99%), Immediate: 306M (99%), CSet: 0B (0%)
[473.573s][info][gc             ] GC(263) Pause Final Mark (unload classes) 0.219ms
[473.573s][info][gc,start       ] GC(263) Concurrent weak references
[473.573s][info][gc,task        ] GC(263) Using 3 of 6 workers for concurrent weak references
[473.573s][info][gc,ref         ] GC(263) Encountered references: Soft: 45, Weak: 116, Final: 0, Phantom: 7
[473.573s][info][gc,ref         ] GC(263) Discovered  references: Soft: 18, Weak: 78, Final: 0, Phantom: 5
[473.573s][info][gc,ref         ] GC(263) Enqueued    references: Soft: 0, Weak: 0, Final: 0, Phantom: 0
[473.573s][info][gc             ] GC(263) Concurrent weak references 0.143ms
[473.573s][info][gc,start       ] GC(263) Concurrent weak roots
[473.573s][info][gc,task        ] GC(263) Using 3 of 6 workers for concurrent weak root
[473.573s][info][gc             ] GC(263) Concurrent weak roots 0.171ms
[473.573s][info][gc,start       ] GC(263) Concurrent cleanup
[473.573s][info][gc             ] GC(263) Concurrent cleanup 363M->57M(512M) 0.064ms
[473.573s][info][gc,ergo        ] GC(263) Free: 428M, Max: 256K regular, 278M humongous, Frag: 35% external, 0% internal; Reserve: 26368K, Max: 256K
[473.573s][info][gc,start       ] GC(263) Concurrent class unloading
[473.573s][info][gc,task        ] GC(263) Using 3 of 6 workers for concurrent class unloading
[473.574s][info][gc             ] GC(263) Concurrent class unloading 0.240ms
[473.574s][info][gc,start       ] GC(263) Pause Final Roots
[473.574s][info][gc             ] GC(263) Pause Final Roots 0.015ms
[473.574s][info][gc,ergo        ] Free: 428M, Max: 256K regular, 278M humongous, Frag: 35% external, 0% internal; Reserve: 26368K, Max: 256K
[473.574s][info][gc,stats       ] 
[473.574s][info][gc,stats       ] All times are wall-clock times, except per-root-class counters, that are sum over
[473.574s][info][gc,stats       ] all workers. Dividing the <total> over the root stage time estimates parallelism.
[473.574s][info][gc,stats       ] 
[473.574s][info][gc,stats       ] Concurrent Reset                    360 us
[473.574s][info][gc,stats       ] Pause Init Mark (G)                 182 us
[473.574s][info][gc,stats       ] Pause Init Mark (N)                 116 us
[473.574s][info][gc,stats       ]   Update Region States               62 us
[473.574s][info][gc,stats       ] Concurrent Mark Roots               339 us, parallelism: 1.08x
[473.574s][info][gc,stats       ]   CMR: <total>                      365 us
[473.574s][info][gc,stats       ]   CMR: Thread Roots                 327 us, workers (us): 197,  69,  61, ---, ---, ---, 
[473.574s][info][gc,stats       ]   CMR: VM Strong Roots                4 us, workers (us):   2,   2,   0, ---, ---, ---, 
[473.574s][info][gc,stats       ]   CMR: CLDG Roots                    34 us, workers (us):  34, ---, ---, ---, ---, ---, 
[473.574s][info][gc,stats       ] Concurrent Marking                  746 us
[473.574s][info][gc,stats       ] Pause Final Mark (G)                292 us
[473.574s][info][gc,stats       ] Pause Final Mark (N)                229 us
[473.574s][info][gc,stats       ]   Finish Mark                        79 us
[473.574s][info][gc,stats       ]   Update Region States               62 us
[473.574s][info][gc,stats       ]   Choose Collection Set              41 us
[473.574s][info][gc,stats       ]   Rebuild Free Set                    9 us
[473.574s][info][gc,stats       ] Concurrent Weak References          151 us, parallelism: 0.03x
[473.574s][info][gc,stats       ]   CWRF: <total>                       4 us
[473.574s][info][gc,stats       ]   CWRF: Weak References               4 us, workers (us):   2,   2,   0, ---, ---, ---, 
[473.574s][info][gc,stats       ] Concurrent Weak Roots               189 us
[473.574s][info][gc,stats       ]   Roots                             128 us, parallelism: 0.78x
[473.574s][info][gc,stats       ]     CWR: <total>                    100 us
[473.574s][info][gc,stats       ]     CWR: Code Cache Roots            50 us, workers (us):  33,   0,  17, ---, ---, ---, 
[473.574s][info][gc,stats       ]     CWR: VM Weak Roots               49 us, workers (us):  40,   5,   5, ---, ---, ---, 
[473.574s][info][gc,stats       ]     CWR: CLDG Roots                   1 us, workers (us): ---,   1, ---, ---, ---, ---, 
[473.574s][info][gc,stats       ]   Rendezvous                         26 us
[473.574s][info][gc,stats       ] Concurrent Cleanup                   74 us
[473.574s][info][gc,stats       ] Concurrent Class Unloading          254 us
[473.574s][info][gc,stats       ]   Unlink Stale                      144 us
[473.574s][info][gc,stats       ]     System Dictionary                 1 us
[473.574s][info][gc,stats       ]     Weak Class Links                  0 us
[473.574s][info][gc,stats       ]     Code Roots                      143 us
[473.574s][info][gc,stats       ]   Rendezvous                         22 us
[473.574s][info][gc,stats       ]   Purge Unlinked                     57 us
[473.574s][info][gc,stats       ]     Code Roots                       54 us
[473.574s][info][gc,stats       ]     CLDG                              3 us
[473.574s][info][gc,stats       ]     Exception Caches                  0 us
[473.574s][info][gc,stats       ] Pause Final Roots (G)                42 us
[473.574s][info][gc,stats       ] Pause Final Roots (N)                23 us
[473.574s][info][gc,stats       ] Pacing                            30925 us
[473.574s][info][gc,stats       ] 
[473.574s][info][gc,stats       ] Allocation pacing accrued:
[473.574s][info][gc,stats       ]      31 of  1416 ms (  2.2%): main
[473.574s][info][gc,stats       ]      31 of  1416 ms (  2.2%): <total>
[473.574s][info][gc,stats       ]       2 of  1416 ms (  0.2%): <average total>
[473.574s][info][gc,stats       ]      31 of  1416 ms (  2.2%): <average non-zero>
[473.574s][info][gc,stats       ] 
[473.574s][info][gc,metaspace   ] Metaspace: 1071K(1280K)->1071K(1280K) NonClass: 990K(1088K)->990K(1088K) Class: 81K(192K)->81K(192K)
[473.574s][info][gc,ergo        ] Pacer for Idle. Initial: 10485K, Alloc Tax Rate: 1.0x
[475.102s][info][gc             ] Trigger: Average GC time (4.40 ms) is above the time for average allocation rate (629 MB/s) to deplete free headroom (0B) (margin of error = 3.28)
[475.102s][info][gc,ergo        ] Free headroom: 102M (free) - 26214K (spike) - 89128K (penalties) = 0B
[475.102s][info][gc,ergo        ] Free: 102M, Max: 256K regular, 100096K humongous, Frag: 5% external, 0% internal; Reserve: 26368K, Max: 256K
[475.102s][info][gc,start       ] GC(264) Concurrent reset
[475.102s][info][gc,task        ] GC(264) Using 3 of 6 workers for concurrent reset
[475.102s][info][gc,ergo        ] GC(264) Pacer for Reset. Non-Taxable: 512M
[475.102s][info][gc             ] GC(264) Concurrent reset 0.307ms
[475.103s][info][gc,start       ] GC(264) Pause Init Mark (unload classes)
[475.103s][info][gc,task        ] GC(264) Using 6 of 6 workers for init marking
[475.103s][info][gc,ergo        ] GC(264) Pacer for Mark. Expected Live: 127M, Free: 102M, Non-Taxable: 10496K, Alloc Tax Rate: 1.5x
[475.103s][info][gc             ] GC(264) Pause Init Mark (unload classes) 0.123ms
[475.103s][info][gc,start       ] GC(264) Concurrent marking roots
[475.103s][info][gc,task        ] GC(264) Using 3 of 6 workers for concurrent marking roots
[475.103s][info][gc             ] GC(264) Concurrent marking roots 0.312ms
[475.103s][info][gc,start       ] GC(264) Concurrent marking (unload classes)
[475.103s][info][gc,task        ] GC(264) Using 3 of 6 workers for concurrent marking
[475.104s][info][gc             ] GC(264) Concurrent marking (unload classes) 0.770ms
