[2024-10-12T11:09:19.708+0800][info] Using G1
[2024-10-12T11:09:19.711+0800][info] Version: 17.0.11-internal+0-adhoc.cxl.TencentKona-17-TencentKona-17.0.11 (release)
[2024-10-12T11:09:19.711+0800][info] CPUs: 72 total, 72 available
[2024-10-12T11:09:19.711+0800][info] Memory: 125G
[2024-10-12T11:09:19.711+0800][info] Large Page Support: Disabled
[2024-10-12T11:09:19.711+0800][info] NUMA Support: Disabled
[2024-10-12T11:09:19.711+0800][info] Compressed Oops: Enabled (32-bit)
[2024-10-12T11:09:19.711+0800][info] Heap Region Size: 2M
[2024-10-12T11:09:19.711+0800][info] Heap Min Capacity: 128M
[2024-10-12T11:09:19.711+0800][info] Heap Initial Capacity: 128M
[2024-10-12T11:09:19.711+0800][info] Heap Max Capacity: 128M
[2024-10-12T11:09:19.711+0800][info] Pre-touch: Disabled
[2024-10-12T11:09:19.711+0800][info] Parallel Workers: 48
[2024-10-12T11:09:19.711+0800][info] Concurrent Workers: 12
[2024-10-12T11:09:19.711+0800][info] Concurrent Refinement Workers: 48
[2024-10-12T11:09:19.711+0800][info] Periodic GC: Disabled
[2024-10-12T11:09:19.722+0800][info] CDS archive(s) mapped at: [0x0000714beb000000-0x0000714bebbc7000-0x0000714bebbc7000), size 12349440, SharedBaseAddress: 0x0000714beb000000, ArchiveRelocationMode: 1.
[2024-10-12T11:09:19.722+0800][info] Compressed class space mapped at: 0x0000714bec000000-0x0000714c2c000000, reserved size: 1073741824
[2024-10-12T11:09:19.722+0800][info] Narrow klass base: 0x0000714beb000000, Narrow klass shift: 0, Narrow klass range: 0x100000000
[2024-10-12T11:09:19.898+0800][info] GC(0) Pause Young (Normal) (G1 Evacuation Pause)
[2024-10-12T11:09:19.899+0800][info] GC(0) Using 3 workers of 48 for evacuation
[2024-10-12T11:09:19.903+0800][info] GC(0)   Pre Evacuate Collection Set: 0.1ms
[2024-10-12T11:09:19.903+0800][info] GC(0)   Merge Heap Roots: 0.0ms
[2024-10-12T11:09:19.903+0800][info] GC(0)   Evacuate Collection Set: 3.2ms
[2024-10-12T11:09:19.903+0800][info] GC(0)   Post Evacuate Collection Set: 0.7ms
[2024-10-12T11:09:19.903+0800][info] GC(0)   Other: 1.0ms
[2024-10-12T11:09:19.903+0800][info] GC(0) Eden regions: 3->0(2)
[2024-10-12T11:09:19.903+0800][info] GC(0) Survivor regions: 0->1(1)
[2024-10-12T11:09:19.903+0800][info] GC(0) Old regions: 0->2
[2024-10-12T11:09:19.903+0800][info] GC(0) Archive regions: 2->2
[2024-10-12T11:09:19.903+0800][info] GC(0) Humongous regions: 1->1
[2024-10-12T11:09:19.903+0800][info] GC(0) Metaspace: 1150K(1280K)->1150K(1280K) NonClass: 1031K(1088K)->1031K(1088K) Class: 118K(192K)->118K(192K)
[2024-10-12T11:09:19.903+0800][info] GC(0) Pause Young (Normal) (G1 Evacuation Pause) 9M->8M(128M) 5.095ms
[2024-10-12T11:09:19.903+0800][info] GC(0) User=0.00s Sys=0.02s Real=0.00s
[2024-10-12T11:09:20.011+0800][info] GC(1) Pause Young (Normal) (G1 Evacuation Pause)
[2024-10-12T11:09:20.011+0800][info] GC(1) Using 3 workers of 48 for evacuation
[2024-10-12T11:09:20.016+0800][info] GC(1)   Pre Evacuate Collection Set: 0.1ms
[2024-10-12T11:09:20.016+0800][info] GC(1)   Merge Heap Roots: 0.0ms
[2024-10-12T11:09:20.016+0800][info] GC(1)   Evacuate Collection Set: 4.0ms
[2024-10-12T11:09:20.016+0800][info] GC(1)   Post Evacuate Collection Set: 0.3ms
[2024-10-12T11:09:20.016+0800][info] GC(1)   Other: 0.2ms
[2024-10-12T11:09:20.016+0800][info] GC(1) Eden regions: 2->0(2)
[2024-10-12T11:09:20.016+0800][info] GC(1) Survivor regions: 1->1(1)
[2024-10-12T11:09:20.016+0800][info] GC(1) Old regions: 2->4
[2024-10-12T11:09:20.016+0800][info] GC(1) Archive regions: 2->2
[2024-10-12T11:09:20.016+0800][info] GC(1) Humongous regions: 1->1
[2024-10-12T11:09:20.016+0800][info] GC(1) Metaspace: 1237K(1344K)->1237K(1344K) NonClass: 1110K(1152K)->1110K(1152K) Class: 127K(192K)->127K(192K)
[2024-10-12T11:09:20.016+0800][info] GC(1) Pause Young (Normal) (G1 Evacuation Pause) 12M->12M(128M) 4.738ms
[2024-10-12T11:09:20.016+0800][info] GC(1) User=0.00s Sys=0.00s Real=0.01s
[2024-10-12T11:09:20.143+0800][info] GC(2) Pause Young (Normal) (G1 Evacuation Pause)
[2024-10-12T11:09:20.143+0800][info] GC(2) Using 3 workers of 48 for evacuation
[2024-10-12T11:09:20.147+0800][info] GC(2)   Pre Evacuate Collection Set: 0.1ms
[2024-10-12T11:09:20.147+0800][info] GC(2)   Merge Heap Roots: 0.1ms
[2024-10-12T11:09:20.147+0800][info] GC(2)   Evacuate Collection Set: 2.9ms
[2024-10-12T11:09:20.147+0800][info] GC(2)   Post Evacuate Collection Set: 0.8ms
[2024-10-12T11:09:20.147+0800][info] GC(2)   Other: 0.2ms
[2024-10-12T11:09:20.147+0800][info] GC(2) Eden regions: 2->0(2)
[2024-10-12T11:09:20.147+0800][info] GC(2) Survivor regions: 1->1(1)
[2024-10-12T11:09:20.147+0800][info] GC(2) Old regions: 4->5
[2024-10-12T11:09:20.147+0800][info] GC(2) Archive regions: 2->2
[2024-10-12T11:09:20.147+0800][info] GC(2) Humongous regions: 1->1
[2024-10-12T11:09:20.147+0800][info] GC(2) Metaspace: 1362K(1472K)->1362K(1472K) NonClass: 1226K(1280K)->1226K(1280K) Class: 135K(192K)->135K(192K)
[2024-10-12T11:09:20.147+0800][info] GC(2) Pause Young (Normal) (G1 Evacuation Pause) 15M->14M(128M) 4.197ms
[2024-10-12T11:09:20.147+0800][info] GC(2) User=0.00s Sys=0.01s Real=0.01s
[2024-10-12T11:09:20.250+0800][info] GC(3) Pause Young (Normal) (G1 Evacuation Pause)
[2024-10-12T11:09:20.251+0800][info] GC(3) Using 3 workers of 48 for evacuation
[2024-10-12T11:09:20.254+0800][info] GC(3)   Pre Evacuate Collection Set: 0.1ms
[2024-10-12T11:09:20.254+0800][info] GC(3)   Merge Heap Roots: 0.0ms
[2024-10-12T11:09:20.254+0800][info] GC(3)   Evacuate Collection Set: 3.0ms
[2024-10-12T11:09:20.254+0800][info] GC(3)   Post Evacuate Collection Set: 0.2ms
[2024-10-12T11:09:20.254+0800][info] GC(3)   Other: 0.2ms
[2024-10-12T11:09:20.254+0800][info] GC(3) Eden regions: 2->0(4)
[2024-10-12T11:09:20.254+0800][info] GC(3) Survivor regions: 1->1(1)
[2024-10-12T11:09:20.254+0800][info] GC(3) Old regions: 5->7
[2024-10-12T11:09:20.254+0800][info] GC(3) Archive regions: 2->2
[2024-10-12T11:09:20.254+0800][info] GC(3) Humongous regions: 1->1
[2024-10-12T11:09:20.254+0800][info] GC(3) Metaspace: 1364K(1472K)->1364K(1472K) NonClass: 1228K(1280K)->1228K(1280K) Class: 135K(192K)->135K(192K)
[2024-10-12T11:09:20.254+0800][info] GC(3) Pause Young (Normal) (G1 Evacuation Pause) 18M->18M(128M) 3.760ms
[2024-10-12T11:09:20.254+0800][info] GC(3) User=0.00s Sys=0.01s Real=0.01s
[2024-10-12T11:09:20.485+0800][info] GC(4) Pause Young (Normal) (G1 Evacuation Pause)
[2024-10-12T11:09:20.485+0800][info] GC(4) Using 3 workers of 48 for evacuation
[2024-10-12T11:09:20.491+0800][info] GC(4)   Pre Evacuate Collection Set: 0.1ms
[2024-10-12T11:09:20.491+0800][info] GC(4)   Merge Heap Roots: 0.1ms
[2024-10-12T11:09:20.491+0800][info] GC(4)   Evacuate Collection Set: 5.6ms
[2024-10-12T11:09:20.491+0800][info] GC(4)   Post Evacuate Collection Set: 0.2ms
[2024-10-12T11:09:20.492+0800][info] GC(4)   Other: 0.2ms
[2024-10-12T11:09:20.492+0800][info] GC(4) Eden regions: 4->0(5)
[2024-10-12T11:09:20.492+0800][info] GC(4) Survivor regions: 1->1(1)
[2024-10-12T11:09:20.492+0800][info] GC(4) Old regions: 7->10
[2024-10-12T11:09:20.492+0800][info] GC(4) Archive regions: 2->2
[2024-10-12T11:09:20.492+0800][info] GC(4) Humongous regions: 1->1
[2024-10-12T11:09:20.492+0800][info] GC(4) Metaspace: 1369K(1536K)->1369K(1536K) NonClass: 1233K(1344K)->1233K(1344K) Class: 135K(192K)->135K(192K)
[2024-10-12T11:09:20.492+0800][info] GC(4) Pause Young (Normal) (G1 Evacuation Pause) 26M->25M(128M) 6.300ms
[2024-10-12T11:09:20.492+0800][info] GC(4) User=0.01s Sys=0.01s Real=0.00s
[2024-10-12T11:09:20.763+0800][info] GC(5) Pause Young (Normal) (G1 Evacuation Pause)
[2024-10-12T11:09:20.763+0800][info] GC(5) Using 3 workers of 48 for evacuation
[2024-10-12T11:09:20.771+0800][info] GC(5)   Pre Evacuate Collection Set: 0.1ms
[2024-10-12T11:09:20.771+0800][info] GC(5)   Merge Heap Roots: 0.1ms
[2024-10-12T11:09:20.771+0800][info] GC(5)   Evacuate Collection Set: 7.3ms
[2024-10-12T11:09:20.771+0800][info] GC(5)   Post Evacuate Collection Set: 0.2ms
[2024-10-12T11:09:20.771+0800][info] GC(5)   Other: 0.2ms
[2024-10-12T11:09:20.771+0800][info] GC(5) Eden regions: 5->0(6)
[2024-10-12T11:09:20.771+0800][info] GC(5) Survivor regions: 1->1(1)
[2024-10-12T11:09:20.771+0800][info] GC(5) Old regions: 10->15
[2024-10-12T11:09:20.771+0800][info] GC(5) Archive regions: 2->2
[2024-10-12T11:09:20.771+0800][info] GC(5) Humongous regions: 1->1
[2024-10-12T11:09:20.771+0800][info] GC(5) Metaspace: 1380K(1536K)->1380K(1536K) NonClass: 1244K(1344K)->1244K(1344K) Class: 135K(192K)->135K(192K)
[2024-10-12T11:09:20.771+0800][info] GC(5) Pause Young (Normal) (G1 Evacuation Pause) 35M->35M(128M) 8.020ms
[2024-10-12T11:09:20.771+0800][info] GC(5) User=0.00s Sys=0.02s Real=0.01s
[2024-10-12T11:09:21.103+0800][info] GC(6) Pause Young (Normal) (G1 Evacuation Pause)
[2024-10-12T11:09:21.103+0800][info] GC(6) Using 3 workers of 48 for evacuation
[2024-10-12T11:09:21.111+0800][info] GC(6)   Pre Evacuate Collection Set: 0.1ms
[2024-10-12T11:09:21.111+0800][info] GC(6)   Merge Heap Roots: 0.1ms
[2024-10-12T11:09:21.111+0800][info] GC(6)   Evacuate Collection Set: 7.9ms
[2024-10-12T11:09:21.111+0800][info] GC(6)   Post Evacuate Collection Set: 0.2ms
[2024-10-12T11:09:21.111+0800][info] GC(6)   Other: 0.2ms
[2024-10-12T11:09:21.111+0800][info] GC(6) Eden regions: 6->0(8)
[2024-10-12T11:09:21.111+0800][info] GC(6) Survivor regions: 1->1(1)
[2024-10-12T11:09:21.111+0800][info] GC(6) Old regions: 15->20
[2024-10-12T11:09:21.111+0800][info] GC(6) Archive regions: 2->2
[2024-10-12T11:09:21.111+0800][info] GC(6) Humongous regions: 1->1
[2024-10-12T11:09:21.111+0800][info] GC(6) Metaspace: 1388K(1536K)->1388K(1536K) NonClass: 1252K(1344K)->1252K(1344K) Class: 135K(192K)->135K(192K)
[2024-10-12T11:09:21.111+0800][info] GC(6) Pause Young (Normal) (G1 Evacuation Pause) 46M->45M(128M) 8.658ms
[2024-10-12T11:09:21.111+0800][info] GC(6) User=0.01s Sys=0.02s Real=0.01s
[2024-10-12T11:09:21.551+0800][info] GC(7) Pause Young (Normal) (G1 Evacuation Pause)
[2024-10-12T11:09:21.551+0800][info] GC(7) Using 3 workers of 48 for evacuation
[2024-10-12T11:09:21.561+0800][info] GC(7)   Pre Evacuate Collection Set: 0.1ms
[2024-10-12T11:09:21.561+0800][info] GC(7)   Merge Heap Roots: 0.1ms
[2024-10-12T11:09:21.561+0800][info] GC(7)   Evacuate Collection Set: 9.4ms
[2024-10-12T11:09:21.561+0800][info] GC(7)   Post Evacuate Collection Set: 0.2ms
[2024-10-12T11:09:21.561+0800][info] GC(7)   Other: 0.2ms
[2024-10-12T11:09:21.561+0800][info] GC(7) Eden regions: 8->0(8)
[2024-10-12T11:09:21.561+0800][info] GC(7) Survivor regions: 1->2(2)
[2024-10-12T11:09:21.561+0800][info] GC(7) Old regions: 20->26
[2024-10-12T11:09:21.561+0800][info] GC(7) Archive regions: 2->2
[2024-10-12T11:09:21.561+0800][info] GC(7) Humongous regions: 1->1
[2024-10-12T11:09:21.561+0800][info] GC(7) Metaspace: 1398K(1536K)->1398K(1536K) NonClass: 1262K(1344K)->1262K(1344K) Class: 135K(192K)->135K(192K)
[2024-10-12T11:09:21.561+0800][info] GC(7) Pause Young (Normal) (G1 Evacuation Pause) 60M->59M(128M) 10.137ms
[2024-10-12T11:09:21.561+0800][info] GC(7) User=0.00s Sys=0.03s Real=0.01s
[2024-10-12T11:09:21.978+0800][info] GC(8) Pause Young (Concurrent Start) (G1 Humongous Allocation)
[2024-10-12T11:09:21.978+0800][info] GC(8) Using 3 workers of 48 for evacuation
[2024-10-12T11:09:21.989+0800][info] GC(8)   Pre Evacuate Collection Set: 0.1ms
[2024-10-12T11:09:21.989+0800][info] GC(8)   Merge Heap Roots: 0.1ms
[2024-10-12T11:09:21.989+0800][info] GC(8)   Evacuate Collection Set: 9.2ms
[2024-10-12T11:09:21.989+0800][info] GC(8)   Post Evacuate Collection Set: 0.2ms
[2024-10-12T11:09:21.989+0800][info] GC(8)   Other: 1.2ms
[2024-10-12T11:09:21.989+0800][info] GC(8) Eden regions: 8->0(6)
[2024-10-12T11:09:21.989+0800][info] GC(8) Survivor regions: 2->2(2)
[2024-10-12T11:09:21.989+0800][info] GC(8) Old regions: 26->32
[2024-10-12T11:09:21.989+0800][info] GC(8) Archive regions: 2->2
[2024-10-12T11:09:21.989+0800][info] GC(8) Humongous regions: 1->1
[2024-10-12T11:09:21.989+0800][info] GC(8) Metaspace: 1410K(1536K)->1410K(1536K) NonClass: 1274K(1344K)->1274K(1344K) Class: 135K(192K)->135K(192K)
[2024-10-12T11:09:21.989+0800][info] GC(8) Pause Young (Concurrent Start) (G1 Humongous Allocation) 74M->71M(128M) 11.032ms
[2024-10-12T11:09:21.989+0800][info] GC(8) User=0.01s Sys=0.02s Real=0.01s
[2024-10-12T11:09:21.989+0800][info] GC(9) Concurrent Mark Cycle
[2024-10-12T11:09:21.989+0800][info] GC(9) Concurrent Clear Claimed Marks
[2024-10-12T11:09:21.989+0800][info] GC(9) Concurrent Clear Claimed Marks 0.026ms
[2024-10-12T11:09:21.989+0800][info] GC(9) Concurrent Scan Root Regions
[2024-10-12T11:09:21.991+0800][info] GC(9) Concurrent Scan Root Regions 1.980ms
[2024-10-12T11:09:21.991+0800][info] GC(9) Concurrent Mark
[2024-10-12T11:09:21.991+0800][info] GC(9) Concurrent Mark From Roots
[2024-10-12T11:09:21.992+0800][info] GC(9) Using 12 workers of 12 for marking
[2024-10-12T11:09:21.996+0800][info] GC(9) Concurrent Mark From Roots 4.294ms
[2024-10-12T11:09:21.996+0800][info] GC(9) Concurrent Preclean
[2024-10-12T11:09:21.997+0800][info] GC(9) Concurrent Preclean 1.565ms
[2024-10-12T11:09:21.998+0800][info] GC(9) Pause Remark
[2024-10-12T11:09:21.999+0800][info] GC(9) Pause Remark 73M->71M(128M) 1.162ms
[2024-10-12T11:09:21.999+0800][info] GC(9) User=0.00s Sys=0.00s Real=0.00s
[2024-10-12T11:09:21.999+0800][info] GC(9) Concurrent Mark 7.308ms
[2024-10-12T11:09:21.999+0800][info] GC(9) Concurrent Rebuild Remembered Sets
[2024-10-12T11:09:22.000+0800][info] GC(9) Concurrent Rebuild Remembered Sets 0.990ms
[2024-10-12T11:09:22.000+0800][info] GC(9) Pause Cleanup
[2024-10-12T11:09:22.000+0800][info] GC(9) Pause Cleanup 71M->71M(128M) 0.233ms
[2024-10-12T11:09:22.000+0800][info] GC(9) User=0.00s Sys=0.00s Real=0.00s
[2024-10-12T11:09:22.000+0800][info] GC(9) Concurrent Cleanup for Next Mark
[2024-10-12T11:09:22.002+0800][info] GC(9) Concurrent Cleanup for Next Mark 1.783ms
[2024-10-12T11:09:22.002+0800][info] GC(9) Concurrent Mark Cycle 12.988ms
[2024-10-12T11:09:22.379+0800][info] GC(10) Pause Young (Prepare Mixed) (G1 Evacuation Pause)
[2024-10-12T11:09:22.379+0800][info] GC(10) Using 3 workers of 48 for evacuation
[2024-10-12T11:09:22.388+0800][info] GC(10)   Pre Evacuate Collection Set: 0.1ms
[2024-10-12T11:09:22.388+0800][info] GC(10)   Merge Heap Roots: 0.1ms
[2024-10-12T11:09:22.388+0800][info] GC(10)   Evacuate Collection Set: 7.7ms
[2024-10-12T11:09:22.388+0800][info] GC(10)   Post Evacuate Collection Set: 0.2ms
[2024-10-12T11:09:22.388+0800][info] GC(10)   Other: 0.3ms
[2024-10-12T11:09:22.388+0800][info] GC(10) Eden regions: 6->0(2)
[2024-10-12T11:09:22.388+0800][info] GC(10) Survivor regions: 2->1(1)
[2024-10-12T11:09:22.388+0800][info] GC(10) Old regions: 31->37
[2024-10-12T11:09:22.388+0800][info] GC(10) Archive regions: 2->2
[2024-10-12T11:09:22.388+0800][info] GC(10) Humongous regions: 2->2
[2024-10-12T11:09:22.388+0800][info] GC(10) Metaspace: 1438K(1600K)->1438K(1600K) NonClass: 1303K(1408K)->1303K(1408K) Class: 135K(192K)->135K(192K)
[2024-10-12T11:09:22.388+0800][info] GC(10) Pause Young (Prepare Mixed) (G1 Evacuation Pause) 83M->81M(128M) 8.439ms
[2024-10-12T11:09:22.388+0800][info] GC(10) User=0.00s Sys=0.02s Real=0.01s
[2024-10-12T11:09:22.493+0800][info] GC(11) Pause Young (Mixed) (G1 Evacuation Pause)
[2024-10-12T11:09:22.493+0800][info] GC(11) Using 3 workers of 48 for evacuation
[2024-10-12T11:09:22.498+0800][info] GC(11)   Pre Evacuate Collection Set: 0.2ms
[2024-10-12T11:09:22.498+0800][info] GC(11)   Merge Heap Roots: 0.1ms
[2024-10-12T11:09:22.498+0800][info] GC(11)   Evacuate Collection Set: 4.1ms
[2024-10-12T11:09:22.498+0800][info] GC(11)   Post Evacuate Collection Set: 0.3ms
[2024-10-12T11:09:22.498+0800][info] GC(11)   Other: 0.2ms
[2024-10-12T11:09:22.498+0800][info] GC(11) Eden regions: 2->0(2)
[2024-10-12T11:09:22.498+0800][info] GC(11) Survivor regions: 1->1(1)
[2024-10-12T11:09:22.498+0800][info] GC(11) Old regions: 37->33
[2024-10-12T11:09:22.498+0800][info] GC(11) Archive regions: 2->2
[2024-10-12T11:09:22.498+0800][info] GC(11) Humongous regions: 2->2
[2024-10-12T11:09:22.498+0800][info] GC(11) Metaspace: 1464K(1600K)->1464K(1600K) NonClass: 1328K(1408K)->1328K(1408K) Class: 135K(192K)->135K(192K)
[2024-10-12T11:09:22.498+0800][info] GC(11) Pause Young (Mixed) (G1 Evacuation Pause) 85M->73M(128M) 4.867ms
[2024-10-12T11:09:22.498+0800][info] GC(11) User=0.01s Sys=0.01s Real=0.00s
[2024-10-12T11:09:22.602+0800][info] GC(12) Pause Young (Mixed) (G1 Evacuation Pause)
[2024-10-12T11:09:22.602+0800][info] GC(12) Using 3 workers of 48 for evacuation
[2024-10-12T11:09:22.605+0800][info] GC(12)   Pre Evacuate Collection Set: 0.2ms
[2024-10-12T11:09:22.605+0800][info] GC(12)   Merge Heap Roots: 0.1ms
[2024-10-12T11:09:22.605+0800][info] GC(12)   Evacuate Collection Set: 2.0ms
[2024-10-12T11:09:22.605+0800][info] GC(12)   Post Evacuate Collection Set: 0.2ms
[2024-10-12T11:09:22.605+0800][info] GC(12)   Other: 0.2ms
[2024-10-12T11:09:22.605+0800][info] GC(12) Eden regions: 2->0(2)
[2024-10-12T11:09:22.605+0800][info] GC(12) Survivor regions: 1->1(1)
[2024-10-12T11:09:22.605+0800][info] GC(12) Old regions: 33->29
[2024-10-12T11:09:22.605+0800][info] GC(12) Archive regions: 2->2
[2024-10-12T11:09:22.605+0800][info] GC(12) Humongous regions: 2->2
[2024-10-12T11:09:22.605+0800][info] GC(12) Metaspace: 1477K(1600K)->1477K(1600K) NonClass: 1341K(1408K)->1341K(1408K) Class: 135K(192K)->135K(192K)
[2024-10-12T11:09:22.605+0800][info] GC(12) Pause Young (Mixed) (G1 Evacuation Pause) 76M->64M(128M) 2.734ms
[2024-10-12T11:09:22.605+0800][info] GC(12) User=0.01s Sys=0.00s Real=0.00s
[2024-10-12T11:09:22.709+0800][info] GC(13) Pause Young (Mixed) (G1 Evacuation Pause)
[2024-10-12T11:09:22.709+0800][info] GC(13) Using 3 workers of 48 for evacuation
[2024-10-12T11:09:22.711+0800][info] GC(13)   Pre Evacuate Collection Set: 0.2ms
[2024-10-12T11:09:22.711+0800][info] GC(13)   Merge Heap Roots: 0.1ms
[2024-10-12T11:09:22.711+0800][info] GC(13)   Evacuate Collection Set: 1.2ms
[2024-10-12T11:09:22.711+0800][info] GC(13)   Post Evacuate Collection Set: 0.2ms
[2024-10-12T11:09:22.711+0800][info] GC(13)   Other: 0.2ms
[2024-10-12T11:09:22.711+0800][info] GC(13) Eden regions: 2->0(7)
[2024-10-12T11:09:22.711+0800][info] GC(13) Survivor regions: 1->1(1)
[2024-10-12T11:09:22.711+0800][info] GC(13) Old regions: 29->29
[2024-10-12T11:09:22.711+0800][info] GC(13) Archive regions: 2->2
[2024-10-12T11:09:22.711+0800][info] GC(13) Humongous regions: 2->2
[2024-10-12T11:09:22.711+0800][info] GC(13) Metaspace: 1514K(1664K)->1514K(1664K) NonClass: 1378K(1472K)->1378K(1472K) Class: 135K(192K)->135K(192K)
[2024-10-12T11:09:22.711+0800][info] GC(13) Pause Young (Mixed) (G1 Evacuation Pause) 68M->65M(128M) 2.018ms
[2024-10-12T11:09:22.711+0800][info] GC(13) User=0.00s Sys=0.00s Real=0.00s
[2024-10-12T11:09:23.104+0800][info] GC(14) Pause Young (Concurrent Start) (G1 Evacuation Pause)
[2024-10-12T11:09:23.104+0800][info] GC(14) Using 3 workers of 48 for evacuation
[2024-10-12T11:09:23.108+0800][info] GC(14)   Pre Evacuate Collection Set: 0.1ms
[2024-10-12T11:09:23.108+0800][info] GC(14)   Merge Heap Roots: 0.1ms
[2024-10-12T11:09:23.108+0800][info] GC(14)   Evacuate Collection Set: 3.0ms
[2024-10-12T11:09:23.108+0800][info] GC(14)   Post Evacuate Collection Set: 0.2ms
[2024-10-12T11:09:23.108+0800][info] GC(14)   Other: 0.4ms
[2024-10-12T11:09:23.108+0800][info] GC(14) Eden regions: 7->0(4)
[2024-10-12T11:09:23.108+0800][info] GC(14) Survivor regions: 1->1(1)
[2024-10-12T11:09:23.108+0800][info] GC(14) Old regions: 29->36
[2024-10-12T11:09:23.108+0800][info] GC(14) Archive regions: 2->2
[2024-10-12T11:09:23.108+0800][info] GC(14) Humongous regions: 2->2
[2024-10-12T11:09:23.108+0800][info] GC(14) Metaspace: 1516K(1664K)->1516K(1664K) NonClass: 1380K(1472K)->1380K(1472K) Class: 135K(192K)->135K(192K)
[2024-10-12T11:09:23.108+0800][info] GC(14) Pause Young (Concurrent Start) (G1 Evacuation Pause) 79M->78M(128M) 3.901ms
[2024-10-12T11:09:23.108+0800][info] GC(14) User=0.01s Sys=0.00s Real=0.01s
[2024-10-12T11:09:23.108+0800][info] GC(15) Concurrent Mark Cycle
[2024-10-12T11:09:23.108+0800][info] GC(15) Concurrent Clear Claimed Marks
[2024-10-12T11:09:23.108+0800][info] GC(15) Concurrent Clear Claimed Marks 0.019ms
[2024-10-12T11:09:23.108+0800][info] GC(15) Concurrent Scan Root Regions
[2024-10-12T11:09:23.108+0800][info] GC(15) Concurrent Scan Root Regions 0.125ms
[2024-10-12T11:09:23.108+0800][info] GC(15) Concurrent Mark
[2024-10-12T11:09:23.108+0800][info] GC(15) Concurrent Mark From Roots
[2024-10-12T11:09:23.108+0800][info] GC(15) Using 12 workers of 12 for marking
[2024-10-12T11:09:23.114+0800][info] GC(15) Concurrent Mark From Roots 5.684ms
[2024-10-12T11:09:23.114+0800][info] GC(15) Concurrent Preclean
[2024-10-12T11:09:23.116+0800][info] GC(15) Concurrent Preclean 1.666ms
[2024-10-12T11:09:23.116+0800][info] GC(15) Pause Remark
[2024-10-12T11:09:23.117+0800][info] GC(15) Pause Remark 79M->79M(128M) 1.223ms
[2024-10-12T11:09:23.117+0800][info] GC(15) User=0.00s Sys=0.00s Real=0.00s
[2024-10-12T11:09:23.117+0800][info] GC(15) Concurrent Mark 8.825ms
[2024-10-12T11:09:23.117+0800][info] GC(15) Concurrent Rebuild Remembered Sets
[2024-10-12T11:09:23.119+0800][info] GC(15) Concurrent Rebuild Remembered Sets 1.772ms
[2024-10-12T11:09:23.119+0800][info] GC(15) Pause Cleanup
[2024-10-12T11:09:23.119+0800][info] GC(15) Pause Cleanup 79M->79M(128M) 0.192ms
[2024-10-12T11:09:23.119+0800][info] GC(15) User=0.00s Sys=0.00s Real=0.00s
[2024-10-12T11:09:23.119+0800][info] GC(15) Concurrent Cleanup for Next Mark
[2024-10-12T11:09:23.121+0800][info] GC(15) Concurrent Cleanup for Next Mark 2.068ms
[2024-10-12T11:09:23.121+0800][info] GC(15) Concurrent Mark Cycle 13.357ms
[2024-10-12T11:09:23.367+0800][info] GC(16) Pause Young (Prepare Mixed) (G1 Evacuation Pause)
[2024-10-12T11:09:23.367+0800][info] GC(16) Using 3 workers of 48 for evacuation
[2024-10-12T11:09:23.369+0800][info] GC(16)   Pre Evacuate Collection Set: 0.1ms
[2024-10-12T11:09:23.369+0800][info] GC(16)   Merge Heap Roots: 0.1ms
[2024-10-12T11:09:23.369+0800][info] GC(16)   Evacuate Collection Set: 1.8ms
[2024-10-12T11:09:23.369+0800][info] GC(16)   Post Evacuate Collection Set: 0.3ms
[2024-10-12T11:09:23.369+0800][info] GC(16)   Other: 0.3ms
[2024-10-12T11:09:23.369+0800][info] GC(16) Eden regions: 4->0(2)
[2024-10-12T11:09:23.369+0800][info] GC(16) Survivor regions: 1->1(1)
[2024-10-12T11:09:23.369+0800][info] GC(16) Old regions: 36->40
[2024-10-12T11:09:23.369+0800][info] GC(16) Archive regions: 2->2
[2024-10-12T11:09:23.369+0800][info] GC(16) Humongous regions: 2->2
[2024-10-12T11:09:23.369+0800][info] GC(16) Metaspace: 1521K(1664K)->1521K(1664K) NonClass: 1385K(1472K)->1385K(1472K) Class: 135K(192K)->135K(192K)
[2024-10-12T11:09:23.369+0800][info] GC(16) Pause Young (Prepare Mixed) (G1 Evacuation Pause) 85M->86M(128M) 2.644ms
[2024-10-12T11:09:23.369+0800][info] GC(16) User=0.00s Sys=0.00s Real=0.00s
[2024-10-12T11:09:23.473+0800][info] GC(17) Pause Young (Mixed) (G1 Evacuation Pause)
[2024-10-12T11:09:23.473+0800][info] GC(17) Using 3 workers of 48 for evacuation
[2024-10-12T11:09:23.480+0800][info] GC(17)   Pre Evacuate Collection Set: 0.1ms
[2024-10-12T11:09:23.480+0800][info] GC(17)   Merge Heap Roots: 0.1ms
[2024-10-12T11:09:23.480+0800][info] GC(17)   Evacuate Collection Set: 5.6ms
[2024-10-12T11:09:23.480+0800][info] GC(17)   Post Evacuate Collection Set: 0.3ms
[2024-10-12T11:09:23.480+0800][info] GC(17)   Other: 0.3ms
[2024-10-12T11:09:23.480+0800][info] GC(17) Eden regions: 2->0(2)
[2024-10-12T11:09:23.480+0800][info] GC(17) Survivor regions: 1->1(1)
[2024-10-12T11:09:23.480+0800][info] GC(17) Old regions: 40->37
[2024-10-12T11:09:23.480+0800][info] GC(17) Archive regions: 2->2
[2024-10-12T11:09:23.480+0800][info] GC(17) Humongous regions: 2->2
[2024-10-12T11:09:23.480+0800][info] GC(17) Metaspace: 1526K(1664K)->1526K(1664K) NonClass: 1390K(1472K)->1390K(1472K) Class: 135K(192K)->135K(192K)
[2024-10-12T11:09:23.480+0800][info] GC(17) Pause Young (Mixed) (G1 Evacuation Pause) 89M->80M(128M) 6.416ms
[2024-10-12T11:09:23.480+0800][info] GC(17) User=0.01s Sys=0.01s Real=0.00s
[2024-10-12T11:09:23.583+0800][info] GC(18) Pause Young (Mixed) (G1 Evacuation Pause)
[2024-10-12T11:09:23.583+0800][info] GC(18) Using 3 workers of 48 for evacuation
[2024-10-12T11:09:23.586+0800][info] GC(18)   Pre Evacuate Collection Set: 0.2ms
[2024-10-12T11:09:23.586+0800][info] GC(18)   Merge Heap Roots: 0.1ms
[2024-10-12T11:09:23.586+0800][info] GC(18)   Evacuate Collection Set: 3.0ms
[2024-10-12T11:09:23.586+0800][info] GC(18)   Post Evacuate Collection Set: 0.3ms
[2024-10-12T11:09:23.586+0800][info] GC(18)   Other: 0.2ms
[2024-10-12T11:09:23.586+0800][info] GC(18) Eden regions: 2->0(5)
[2024-10-12T11:09:23.586+0800][info] GC(18) Survivor regions: 1->1(1)
[2024-10-12T11:09:23.586+0800][info] GC(18) Old regions: 37->35
[2024-10-12T11:09:23.586+0800][info] GC(18) Archive regions: 2->2
[2024-10-12T11:09:23.587+0800][info] GC(18) Humongous regions: 2->2
[2024-10-12T11:09:23.587+0800][info] GC(18) Metaspace: 1526K(1664K)->1526K(1664K) NonClass: 1390K(1472K)->1390K(1472K) Class: 135K(192K)->135K(192K)
[2024-10-12T11:09:23.587+0800][info] GC(18) Pause Young (Mixed) (G1 Evacuation Pause) 83M->76M(128M) 3.782ms
[2024-10-12T11:09:23.587+0800][info] GC(18) User=0.01s Sys=0.00s Real=0.01s
[2024-10-12T11:09:23.856+0800][info] GC(19) Pause Young (Concurrent Start) (G1 Evacuation Pause)
[2024-10-12T11:09:23.856+0800][info] GC(19) Using 3 workers of 48 for evacuation
[2024-10-12T11:09:23.858+0800][info] GC(19)   Pre Evacuate Collection Set: 0.1ms
[2024-10-12T11:09:23.858+0800][info] GC(19)   Merge Heap Roots: 0.1ms
[2024-10-12T11:09:23.858+0800][info] GC(19)   Evacuate Collection Set: 2.0ms
[2024-10-12T11:09:23.858+0800][info] GC(19)   Post Evacuate Collection Set: 0.2ms
[2024-10-12T11:09:23.858+0800][info] GC(19)   Other: 0.4ms
[2024-10-12T11:09:23.858+0800][info] GC(19) Eden regions: 5->0(3)
[2024-10-12T11:09:23.858+0800][info] GC(19) Survivor regions: 1->1(1)
[2024-10-12T11:09:23.858+0800][info] GC(19) Old regions: 35->39
[2024-10-12T11:09:23.858+0800][info] GC(19) Archive regions: 2->2
[2024-10-12T11:09:23.858+0800][info] GC(19) Humongous regions: 2->2
[2024-10-12T11:09:23.858+0800][info] GC(19) Metaspace: 1526K(1664K)->1526K(1664K) NonClass: 1390K(1472K)->1390K(1472K) Class: 135K(192K)->135K(192K)
[2024-10-12T11:09:23.858+0800][info] GC(19) Pause Young (Concurrent Start) (G1 Evacuation Pause) 85M->85M(128M) 2.882ms
[2024-10-12T11:09:23.858+0800][info] GC(19) User=0.01s Sys=0.00s Real=0.00s
[2024-10-12T11:09:23.859+0800][info] GC(20) Concurrent Mark Cycle
[2024-10-12T11:09:23.859+0800][info] GC(20) Concurrent Clear Claimed Marks
[2024-10-12T11:09:23.859+0800][info] GC(20) Concurrent Clear Claimed Marks 0.020ms
[2024-10-12T11:09:23.859+0800][info] GC(20) Concurrent Scan Root Regions
[2024-10-12T11:09:23.859+0800][info] GC(20) Concurrent Scan Root Regions 0.118ms
[2024-10-12T11:09:23.859+0800][info] GC(20) Concurrent Mark
[2024-10-12T11:09:23.859+0800][info] GC(20) Concurrent Mark From Roots
[2024-10-12T11:09:23.859+0800][info] GC(20) Using 12 workers of 12 for marking
[2024-10-12T11:09:23.864+0800][info] GC(20) Concurrent Mark From Roots 5.245ms
[2024-10-12T11:09:23.864+0800][info] GC(20) Concurrent Preclean
[2024-10-12T11:09:23.866+0800][info] GC(20) Concurrent Preclean 1.686ms
[2024-10-12T11:09:23.866+0800][info] GC(20) Pause Remark
[2024-10-12T11:09:23.867+0800][info] GC(20) Pause Remark 85M->85M(128M) 1.254ms
[2024-10-12T11:09:23.867+0800][info] GC(20) User=0.01s Sys=0.00s Real=0.00s
[2024-10-12T11:09:23.867+0800][info] GC(20) Concurrent Mark 8.450ms
[2024-10-12T11:09:23.867+0800][info] GC(20) Concurrent Rebuild Remembered Sets
[2024-10-12T11:09:23.869+0800][info] GC(20) Concurrent Rebuild Remembered Sets 1.814ms
[2024-10-12T11:09:23.869+0800][info] GC(20) Pause Cleanup
[2024-10-12T11:09:23.869+0800][info] GC(20) Pause Cleanup 85M->85M(128M) 0.196ms
[2024-10-12T11:09:23.869+0800][info] GC(20) User=0.00s Sys=0.00s Real=0.00s
[2024-10-12T11:09:23.869+0800][info] GC(20) Concurrent Cleanup for Next Mark
[2024-10-12T11:09:23.870+0800][info] GC(20) Concurrent Cleanup for Next Mark 0.457ms
[2024-10-12T11:09:23.870+0800][info] GC(20) Concurrent Mark Cycle 11.403ms
[2024-10-12T11:09:24.076+0800][info] GC(21) Pause Young (Prepare Mixed) (G1 Evacuation Pause)
[2024-10-12T11:09:24.076+0800][info] GC(21) Using 3 workers of 48 for evacuation
[2024-10-12T11:09:24.078+0800][info] GC(21)   Pre Evacuate Collection Set: 0.1ms
[2024-10-12T11:09:24.078+0800][info] GC(21)   Merge Heap Roots: 0.1ms
[2024-10-12T11:09:24.078+0800][info] GC(21)   Evacuate Collection Set: 1.2ms
[2024-10-12T11:09:24.078+0800][info] GC(21)   Post Evacuate Collection Set: 0.2ms
[2024-10-12T11:09:24.078+0800][info] GC(21)   Other: 0.2ms
[2024-10-12T11:09:24.078+0800][info] GC(21) Eden regions: 3->0(2)
[2024-10-12T11:09:24.078+0800][info] GC(21) Survivor regions: 1->1(1)
[2024-10-12T11:09:24.078+0800][info] GC(21) Old regions: 39->43
[2024-10-12T11:09:24.078+0800][info] GC(21) Archive regions: 2->2
[2024-10-12T11:09:24.078+0800][info] GC(21) Humongous regions: 2->2
[2024-10-12T11:09:24.078+0800][info] GC(21) Metaspace: 1539K(1664K)->1539K(1664K) NonClass: 1404K(1472K)->1404K(1472K) Class: 135K(192K)->135K(192K)
[2024-10-12T11:09:24.078+0800][info] GC(21) Pause Young (Prepare Mixed) (G1 Evacuation Pause) 91M->92M(128M) 2.018ms
[2024-10-12T11:09:24.078+0800][info] GC(21) User=0.00s Sys=0.00s Real=0.00s
[2024-10-12T11:09:24.181+0800][info] GC(22) Pause Young (Mixed) (G1 Evacuation Pause)
[2024-10-12T11:09:24.181+0800][info] GC(22) Using 3 workers of 48 for evacuation
[2024-10-12T11:09:24.187+0800][info] GC(22)   Pre Evacuate Collection Set: 0.2ms
[2024-10-12T11:09:24.187+0800][info] GC(22)   Merge Heap Roots: 0.1ms
[2024-10-12T11:09:24.187+0800][info] GC(22)   Evacuate Collection Set: 5.7ms
[2024-10-12T11:09:24.187+0800][info] GC(22)   Post Evacuate Collection Set: 0.3ms
[2024-10-12T11:09:24.187+0800][info] GC(22)   Other: 0.2ms
[2024-10-12T11:09:24.187+0800][info] GC(22) Eden regions: 2->0(2)
[2024-10-12T11:09:24.187+0800][info] GC(22) Survivor regions: 1->1(1)
[2024-10-12T11:09:24.187+0800][info] GC(22) Old regions: 43->41
[2024-10-12T11:09:24.187+0800][info] GC(22) Archive regions: 2->2
[2024-10-12T11:09:24.187+0800][info] GC(22) Humongous regions: 2->2
[2024-10-12T11:09:24.187+0800][info] GC(22) Metaspace: 1559K(1664K)->1559K(1664K) NonClass: 1423K(1472K)->1423K(1472K) Class: 135K(192K)->135K(192K)
[2024-10-12T11:09:24.187+0800][info] GC(22) Pause Young (Mixed) (G1 Evacuation Pause) 95M->88M(128M) 6.510ms
[2024-10-12T11:09:24.187+0800][info] GC(22) User=0.01s Sys=0.00s Real=0.01s
[2024-10-12T11:09:24.291+0800][info] GC(23) Pause Young (Mixed) (G1 Evacuation Pause)
[2024-10-12T11:09:24.291+0800][info] GC(23) Using 3 workers of 48 for evacuation
[2024-10-12T11:09:24.294+0800][info] GC(23)   Pre Evacuate Collection Set: 0.2ms
[2024-10-12T11:09:24.294+0800][info] GC(23)   Merge Heap Roots: 0.1ms
[2024-10-12T11:09:24.294+0800][info] GC(23)   Evacuate Collection Set: 2.5ms
[2024-10-12T11:09:24.294+0800][info] GC(23)   Post Evacuate Collection Set: 0.2ms
[2024-10-12T11:09:24.294+0800][info] GC(23)   Other: 0.2ms
[2024-10-12T11:09:24.294+0800][info] GC(23) Eden regions: 2->0(3)
[2024-10-12T11:09:24.294+0800][info] GC(23) Survivor regions: 1->1(1)
[2024-10-12T11:09:24.294+0800][info] GC(23) Old regions: 41->41
[2024-10-12T11:09:24.294+0800][info] GC(23) Archive regions: 2->2
[2024-10-12T11:09:24.294+0800][info] GC(23) Humongous regions: 3->2
[2024-10-12T11:09:24.294+0800][info] GC(23) Metaspace: 1559K(1664K)->1559K(1664K) NonClass: 1423K(1472K)->1423K(1472K) Class: 135K(192K)->135K(192K)
[2024-10-12T11:09:24.294+0800][info] GC(23) Pause Young (Mixed) (G1 Evacuation Pause) 94M->89M(128M) 3.236ms
[2024-10-12T11:09:24.294+0800][info] GC(23) User=0.00s Sys=0.01s Real=0.01s
[2024-10-12T11:09:24.459+0800][info] GC(24) Pause Young (Normal) (G1 Evacuation Pause)
[2024-10-12T11:09:24.459+0800][info] GC(24) Using 3 workers of 48 for evacuation
[2024-10-12T11:09:24.460+0800][info] GC(24)   Pre Evacuate Collection Set: 0.1ms
[2024-10-12T11:09:24.460+0800][info] GC(24)   Merge Heap Roots: 0.1ms
[2024-10-12T11:09:24.460+0800][info] GC(24)   Evacuate Collection Set: 1.2ms
[2024-10-12T11:09:24.460+0800][info] GC(24)   Post Evacuate Collection Set: 0.2ms
[2024-10-12T11:09:24.460+0800][info] GC(24)   Other: 0.2ms
[2024-10-12T11:09:24.461+0800][info] GC(24) Eden regions: 3->0(2)
[2024-10-12T11:09:24.461+0800][info] GC(24) Survivor regions: 1->1(1)
[2024-10-12T11:09:24.461+0800][info] GC(24) Old regions: 41->44
[2024-10-12T11:09:24.461+0800][info] GC(24) Archive regions: 2->2
[2024-10-12T11:09:24.461+0800][info] GC(24) Humongous regions: 2->2
[2024-10-12T11:09:24.461+0800][info] GC(24) Metaspace: 1559K(1664K)->1559K(1664K) NonClass: 1423K(1472K)->1423K(1472K) Class: 135K(192K)->135K(192K)
[2024-10-12T11:09:24.461+0800][info] GC(24) Pause Young (Normal) (G1 Evacuation Pause) 94M->94M(128M) 1.978ms
[2024-10-12T11:09:24.461+0800][info] GC(24) User=0.01s Sys=0.00s Real=0.00s
[2024-10-12T11:09:24.564+0800][info] GC(25) Pause Young (Normal) (G1 Evacuation Pause)
[2024-10-12T11:09:24.564+0800][info] GC(25) Using 3 workers of 48 for evacuation
[2024-10-12T11:09:24.565+0800][info] GC(25)   Pre Evacuate Collection Set: 0.1ms
[2024-10-12T11:09:24.565+0800][info] GC(25)   Merge Heap Roots: 0.1ms
[2024-10-12T11:09:24.565+0800][info] GC(25)   Evacuate Collection Set: 1.0ms
[2024-10-12T11:09:24.565+0800][info] GC(25)   Post Evacuate Collection Set: 0.2ms
[2024-10-12T11:09:24.565+0800][info] GC(25)   Other: 0.2ms
[2024-10-12T11:09:24.566+0800][info] GC(25) Eden regions: 2->0(2)
[2024-10-12T11:09:24.566+0800][info] GC(25) Survivor regions: 1->1(1)
[2024-10-12T11:09:24.566+0800][info] GC(25) Old regions: 44->46
[2024-10-12T11:09:24.566+0800][info] GC(25) Archive regions: 2->2
[2024-10-12T11:09:24.566+0800][info] GC(25) Humongous regions: 2->2
[2024-10-12T11:09:24.566+0800][info] GC(25) Metaspace: 1560K(1664K)->1560K(1664K) NonClass: 1424K(1472K)->1424K(1472K) Class: 135K(192K)->135K(192K)
[2024-10-12T11:09:24.566+0800][info] GC(25) Pause Young (Normal) (G1 Evacuation Pause) 98M->98M(128M) 1.690ms
[2024-10-12T11:09:24.566+0800][info] GC(25) User=0.00s Sys=0.00s Real=0.01s
[2024-10-12T11:09:24.668+0800][info] GC(26) Pause Young (Concurrent Start) (G1 Evacuation Pause)
[2024-10-12T11:09:24.668+0800][info] GC(26) Using 3 workers of 48 for evacuation
[2024-10-12T11:09:24.670+0800][info] GC(26)   Pre Evacuate Collection Set: 0.1ms
[2024-10-12T11:09:24.670+0800][info] GC(26)   Merge Heap Roots: 0.1ms
[2024-10-12T11:09:24.670+0800][info] GC(26)   Evacuate Collection Set: 1.1ms
[2024-10-12T11:09:24.670+0800][info] GC(26)   Post Evacuate Collection Set: 0.2ms
[2024-10-12T11:09:24.670+0800][info] GC(26)   Other: 0.4ms
[2024-10-12T11:09:24.670+0800][info] GC(26) Eden regions: 2->0(2)
[2024-10-12T11:09:24.670+0800][info] GC(26) Survivor regions: 1->1(1)
[2024-10-12T11:09:24.670+0800][info] GC(26) Old regions: 46->48
[2024-10-12T11:09:24.670+0800][info] GC(26) Archive regions: 2->2
[2024-10-12T11:09:24.670+0800][info] GC(26) Humongous regions: 2->2
[2024-10-12T11:09:24.670+0800][info] GC(26) Metaspace: 1560K(1664K)->1560K(1664K) NonClass: 1424K(1472K)->1424K(1472K) Class: 135K(192K)->135K(192K)
[2024-10-12T11:09:24.670+0800][info] GC(26) Pause Young (Concurrent Start) (G1 Evacuation Pause) 102M->102M(128M) 1.974ms
[2024-10-12T11:09:24.670+0800][info] GC(26) User=0.01s Sys=0.00s Real=0.00s
[2024-10-12T11:09:24.670+0800][info] GC(27) Concurrent Mark Cycle
[2024-10-12T11:09:24.670+0800][info] GC(27) Concurrent Clear Claimed Marks
[2024-10-12T11:09:24.670+0800][info] GC(27) Concurrent Clear Claimed Marks 0.018ms
[2024-10-12T11:09:24.670+0800][info] GC(27) Concurrent Scan Root Regions
[2024-10-12T11:09:24.671+0800][info] GC(27) Concurrent Scan Root Regions 0.156ms
[2024-10-12T11:09:24.671+0800][info] GC(27) Concurrent Mark
[2024-10-12T11:09:24.671+0800][info] GC(27) Concurrent Mark From Roots
[2024-10-12T11:09:24.671+0800][info] GC(27) Using 12 workers of 12 for marking
[2024-10-12T11:09:24.675+0800][info] GC(27) Concurrent Mark From Roots 4.083ms
[2024-10-12T11:09:24.675+0800][info] GC(27) Concurrent Preclean
[2024-10-12T11:09:24.676+0800][info] GC(27) Concurrent Preclean 1.673ms
[2024-10-12T11:09:24.677+0800][info] GC(27) Pause Remark
[2024-10-12T11:09:24.678+0800][info] GC(27) Pause Remark 103M->103M(128M) 1.277ms
[2024-10-12T11:09:24.678+0800][info] GC(27) User=0.00s Sys=0.00s Real=0.00s
[2024-10-12T11:09:24.678+0800][info] GC(27) Concurrent Mark 7.344ms
[2024-10-12T11:09:24.678+0800][info] GC(27) Concurrent Rebuild Remembered Sets
[2024-10-12T11:09:24.680+0800][info] GC(27) Concurrent Rebuild Remembered Sets 1.726ms
[2024-10-12T11:09:24.680+0800][info] GC(27) Pause Cleanup
[2024-10-12T11:09:24.680+0800][info] GC(27) Pause Cleanup 103M->103M(128M) 0.209ms
[2024-10-12T11:09:24.680+0800][info] GC(27) User=0.00s Sys=0.00s Real=0.00s
[2024-10-12T11:09:24.680+0800][info] GC(27) Concurrent Cleanup for Next Mark
[2024-10-12T11:09:24.681+0800][info] GC(27) Concurrent Cleanup for Next Mark 0.430ms
[2024-10-12T11:09:24.681+0800][info] GC(27) Concurrent Mark Cycle 10.251ms
[2024-10-12T11:09:24.825+0800][info] GC(28) Pause Young (Prepare Mixed) (G1 Evacuation Pause)
[2024-10-12T11:09:24.826+0800][info] GC(28) Using 3 workers of 48 for evacuation
[2024-10-12T11:09:24.827+0800][info] GC(28)   Pre Evacuate Collection Set: 0.1ms
[2024-10-12T11:09:24.827+0800][info] GC(28)   Merge Heap Roots: 0.1ms
[2024-10-12T11:09:24.827+0800][info] GC(28)   Evacuate Collection Set: 1.1ms
[2024-10-12T11:09:24.827+0800][info] GC(28)   Post Evacuate Collection Set: 0.2ms
[2024-10-12T11:09:24.827+0800][info] GC(28)   Other: 0.2ms
[2024-10-12T11:09:24.827+0800][info] GC(28) Eden regions: 2->0(2)
[2024-10-12T11:09:24.827+0800][info] GC(28) Survivor regions: 1->1(1)
[2024-10-12T11:09:24.827+0800][info] GC(28) Old regions: 48->49
[2024-10-12T11:09:24.827+0800][info] GC(28) Archive regions: 2->2
[2024-10-12T11:09:24.827+0800][info] GC(28) Humongous regions: 2->2
[2024-10-12T11:09:24.827+0800][info] GC(28) Metaspace: 1562K(1664K)->1562K(1664K) NonClass: 1426K(1472K)->1426K(1472K) Class: 135K(192K)->135K(192K)
[2024-10-12T11:09:24.827+0800][info] GC(28) Pause Young (Prepare Mixed) (G1 Evacuation Pause) 106M->105M(128M) 1.767ms
[2024-10-12T11:09:24.827+0800][info] GC(28) User=0.01s Sys=0.00s Real=0.00s
[2024-10-12T11:09:24.889+0800][info] GC(29) Pause Young (Mixed) (G1 Preventive Collection)
[2024-10-12T11:09:24.889+0800][info] GC(29) Using 3 workers of 48 for evacuation
[2024-10-12T11:09:24.893+0800][info] GC(29) To-space exhausted
[2024-10-12T11:09:24.893+0800][info] GC(29)   Pre Evacuate Collection Set: 0.2ms
[2024-10-12T11:09:24.893+0800][info] GC(29)   Merge Heap Roots: 0.1ms
[2024-10-12T11:09:24.893+0800][info] GC(29)   Evacuate Collection Set: 3.1ms
[2024-10-12T11:09:24.893+0800][info] GC(29)   Post Evacuate Collection Set: 0.4ms
[2024-10-12T11:09:24.893+0800][info] GC(29)   Other: 0.2ms
[2024-10-12T11:09:24.893+0800][info] GC(29) Eden regions: 1->0(2)
[2024-10-12T11:09:24.893+0800][info] GC(29) Survivor regions: 1->1(1)
[2024-10-12T11:09:24.893+0800][info] GC(29) Old regions: 49->51
[2024-10-12T11:09:24.893+0800][info] GC(29) Archive regions: 2->2
[2024-10-12T11:09:24.893+0800][info] GC(29) Humongous regions: 2->2
[2024-10-12T11:09:24.893+0800][info] GC(29) Metaspace: 1562K(1664K)->1562K(1664K) NonClass: 1426K(1472K)->1426K(1472K) Class: 135K(192K)->135K(192K)
[2024-10-12T11:09:24.893+0800][info] GC(29) Pause Young (Mixed) (G1 Preventive Collection) 107M->109M(128M) 4.186ms
[2024-10-12T11:09:24.893+0800][info] GC(29) User=0.01s Sys=0.00s Real=0.01s
[2024-10-12T11:09:24.935+0800][info] GC(30) Pause Young (Mixed) (G1 Preventive Collection)
[2024-10-12T11:09:24.935+0800][info] GC(30) Using 3 workers of 48 for evacuation
[2024-10-12T11:09:24.937+0800][info] GC(30) To-space exhausted
[2024-10-12T11:09:24.937+0800][info] GC(30)   Pre Evacuate Collection Set: 0.2ms
[2024-10-12T11:09:24.937+0800][info] GC(30)   Merge Heap Roots: 0.1ms
[2024-10-12T11:09:24.937+0800][info] GC(30)   Evacuate Collection Set: 2.1ms
[2024-10-12T11:09:24.937+0800][info] GC(30)   Post Evacuate Collection Set: 0.4ms
[2024-10-12T11:09:24.937+0800][info] GC(30)   Other: 0.2ms
[2024-10-12T11:09:24.938+0800][info] GC(30) Eden regions: 1->0(2)
[2024-10-12T11:09:24.938+0800][info] GC(30) Survivor regions: 1->1(1)
[2024-10-12T11:09:24.938+0800][info] GC(30) Old regions: 51->58
[2024-10-12T11:09:24.938+0800][info] GC(30) Archive regions: 2->2
[2024-10-12T11:09:24.938+0800][info] GC(30) Humongous regions: 2->2
[2024-10-12T11:09:24.938+0800][info] GC(30) Metaspace: 1562K(1664K)->1562K(1664K) NonClass: 1426K(1472K)->1426K(1472K) Class: 135K(192K)->135K(192K)
[2024-10-12T11:09:24.938+0800][info] GC(30) Pause Young (Mixed) (G1 Preventive Collection) 111M->123M(128M) 2.969ms
[2024-10-12T11:09:24.938+0800][info] GC(30) User=0.00s Sys=0.01s Real=0.00s
[2024-10-12T11:09:25.000+0800][info] GC(31) Pause Young (Concurrent Start) (G1 Evacuation Pause)
[2024-10-12T11:09:25.000+0800][info] GC(31) Using 3 workers of 48 for evacuation
[2024-10-12T11:09:25.001+0800][info] GC(31) To-space exhausted
[2024-10-12T11:09:25.001+0800][info] GC(31)   Pre Evacuate Collection Set: 0.1ms
[2024-10-12T11:09:25.001+0800][info] GC(31)   Merge Heap Roots: 0.1ms
[2024-10-12T11:09:25.001+0800][info] GC(31)   Evacuate Collection Set: 0.3ms
[2024-10-12T11:09:25.001+0800][info] GC(31)   Post Evacuate Collection Set: 0.3ms
[2024-10-12T11:09:25.001+0800][info] GC(31)   Other: 0.4ms
[2024-10-12T11:09:25.001+0800][info] GC(31) Eden regions: 1->0(3)
[2024-10-12T11:09:25.001+0800][info] GC(31) Survivor regions: 1->0(0)
[2024-10-12T11:09:25.001+0800][info] GC(31) Old regions: 58->60
[2024-10-12T11:09:25.001+0800][info] GC(31) Archive regions: 2->2
[2024-10-12T11:09:25.001+0800][info] GC(31) Humongous regions: 2->2
[2024-10-12T11:09:25.001+0800][info] GC(31) Metaspace: 1564K(1664K)->1564K(1664K) NonClass: 1428K(1472K)->1428K(1472K) Class: 135K(192K)->135K(192K)
[2024-10-12T11:09:25.001+0800][info] GC(31) Pause Young (Concurrent Start) (G1 Evacuation Pause) 125M->125M(128M) 1.185ms
[2024-10-12T11:09:25.001+0800][info] GC(31) User=0.00s Sys=0.01s Real=0.00s
[2024-10-12T11:09:25.001+0800][info] Attempting full compaction
[2024-10-12T11:09:25.001+0800][info] GC(32) Using 3 workers of 48 for full compaction
[2024-10-12T11:09:25.001+0800][info] GC(33) Concurrent Mark Cycle
[2024-10-12T11:09:25.001+0800][info] GC(33) Concurrent Clear Claimed Marks
[2024-10-12T11:09:25.001+0800][info] GC(33) Concurrent Clear Claimed Marks 0.018ms
[2024-10-12T11:09:25.001+0800][info] GC(33) Concurrent Scan Root Regions
[2024-10-12T11:09:25.001+0800][info] GC(33) Concurrent Scan Root Regions 0.010ms
[2024-10-12T11:09:25.001+0800][info] GC(33) Concurrent Mark
[2024-10-12T11:09:25.001+0800][info] GC(33) Concurrent Mark From Roots
[2024-10-12T11:09:25.001+0800][info] GC(33) Using 12 workers of 12 for marking
[2024-10-12T11:09:25.002+0800][info] GC(32) Pause Full (G1 Compaction Pause)
[2024-10-12T11:09:25.002+0800][info] GC(32) Phase 1: Mark live objects
[2024-10-12T11:09:25.007+0800][info] GC(32) Phase 1: Mark live objects 4.767ms
[2024-10-12T11:09:25.007+0800][info] GC(32) Phase 2: Prepare for compaction
[2024-10-12T11:09:25.008+0800][info] GC(32) Phase 2: Prepare for compaction 1.012ms
[2024-10-12T11:09:25.008+0800][info] GC(32) Phase 3: Adjust pointers
[2024-10-12T11:09:25.010+0800][info] GC(32) Phase 3: Adjust pointers 1.889ms
[2024-10-12T11:09:25.010+0800][info] GC(32) Phase 4: Compact heap
[2024-10-12T11:09:25.028+0800][info] GC(32) Phase 4: Compact heap 17.775ms
[2024-10-12T11:09:25.029+0800][info] GC(32) Eden regions: 0->0(5)
[2024-10-12T11:09:25.029+0800][info] GC(32) Survivor regions: 0->0(0)
[2024-10-12T11:09:25.029+0800][info] GC(32) Old regions: 60->38
[2024-10-12T11:09:25.029+0800][info] GC(32) Archive regions: 2->2
[2024-10-12T11:09:25.029+0800][info] GC(32) Humongous regions: 2->2
[2024-10-12T11:09:25.029+0800][info] GC(32) Metaspace: 1564K(1664K)->1513K(1664K) NonClass: 1428K(1472K)->1389K(1472K) Class: 135K(192K)->124K(192K)
[2024-10-12T11:09:25.029+0800][info] GC(32) Pause Full (G1 Compaction Pause) 125M->68M(128M) 27.432ms
[2024-10-12T11:09:25.029+0800][info] GC(32) User=0.04s Sys=0.01s Real=0.03s
[2024-10-12T11:09:25.029+0800][info] GC(33) Concurrent Mark From Roots 27.952ms
[2024-10-12T11:09:25.030+0800][info] GC(33) Concurrent Mark Abort
[2024-10-12T11:09:25.030+0800][info] GC(33) Concurrent Mark Cycle 28.523ms
[2024-10-12T11:09:25.298+0800][info] GC(34) Pause Young (Normal) (G1 Evacuation Pause)
[2024-10-12T11:09:25.298+0800][info] GC(34) Using 3 workers of 48 for evacuation
[2024-10-12T11:09:25.300+0800][info] GC(34)   Pre Evacuate Collection Set: 0.1ms
[2024-10-12T11:09:25.300+0800][info] GC(34)   Merge Heap Roots: 0.1ms
[2024-10-12T11:09:25.300+0800][info] GC(34)   Evacuate Collection Set: 1.4ms
[2024-10-12T11:09:25.300+0800][info] GC(34)   Post Evacuate Collection Set: 0.2ms
[2024-10-12T11:09:25.300+0800][info] GC(34)   Other: 0.2ms
[2024-10-12T11:09:25.300+0800][info] GC(34) Eden regions: 5->0(2)
[2024-10-12T11:09:25.300+0800][info] GC(34) Survivor regions: 0->1(1)
[2024-10-12T11:09:25.300+0800][info] GC(34) Old regions: 38->42
[2024-10-12T11:09:25.300+0800][info] GC(34) Archive regions: 2->2
[2024-10-12T11:09:25.300+0800][info] GC(34) Humongous regions: 2->2
[2024-10-12T11:09:25.300+0800][info] GC(34) Metaspace: 1515K(1664K)->1515K(1664K) NonClass: 1391K(1472K)->1391K(1472K) Class: 124K(192K)->124K(192K)
[2024-10-12T11:09:25.300+0800][info] GC(34) Pause Young (Normal) (G1 Evacuation Pause) 78M->77M(128M) 2.173ms
[2024-10-12T11:09:25.300+0800][info] GC(34) User=0.01s Sys=0.00s Real=0.00s
[2024-10-12T11:09:25.403+0800][info] GC(35) Pause Young (Normal) (G1 Evacuation Pause)
[2024-10-12T11:09:25.403+0800][info] GC(35) Using 3 workers of 48 for evacuation
[2024-10-12T11:09:25.405+0800][info] GC(35)   Pre Evacuate Collection Set: 0.1ms
[2024-10-12T11:09:25.405+0800][info] GC(35)   Merge Heap Roots: 0.1ms
[2024-10-12T11:09:25.405+0800][info] GC(35)   Evacuate Collection Set: 1.1ms
[2024-10-12T11:09:25.405+0800][info] GC(35)   Post Evacuate Collection Set: 0.2ms
[2024-10-12T11:09:25.405+0800][info] GC(35)   Other: 0.2ms
[2024-10-12T11:09:25.405+0800][info] GC(35) Eden regions: 2->0(2)
[2024-10-12T11:09:25.405+0800][info] GC(35) Survivor regions: 1->1(1)
[2024-10-12T11:09:25.405+0800][info] GC(35) Old regions: 42->44
[2024-10-12T11:09:25.405+0800][info] GC(35) Archive regions: 2->2
[2024-10-12T11:09:25.405+0800][info] GC(35) Humongous regions: 2->2
[2024-10-12T11:09:25.405+0800][info] GC(35) Metaspace: 1515K(1664K)->1515K(1664K) NonClass: 1391K(1472K)->1391K(1472K) Class: 124K(192K)->124K(192K)
[2024-10-12T11:09:25.405+0800][info] GC(35) Pause Young (Normal) (G1 Evacuation Pause) 80M->81M(128M) 1.848ms
[2024-10-12T11:09:25.405+0800][info] GC(35) User=0.00s Sys=0.00s Real=0.00s
[2024-10-12T11:09:25.509+0800][info] GC(36) Pause Young (Normal) (G1 Evacuation Pause)
[2024-10-12T11:09:25.509+0800][info] GC(36) Using 3 workers of 48 for evacuation
[2024-10-12T11:09:25.510+0800][info] GC(36)   Pre Evacuate Collection Set: 0.1ms
[2024-10-12T11:09:25.510+0800][info] GC(36)   Merge Heap Roots: 0.0ms
[2024-10-12T11:09:25.510+0800][info] GC(36)   Evacuate Collection Set: 1.1ms
[2024-10-12T11:09:25.510+0800][info] GC(36)   Post Evacuate Collection Set: 0.2ms
[2024-10-12T11:09:25.510+0800][info] GC(36)   Other: 0.2ms
[2024-10-12T11:09:25.510+0800][info] GC(36) Eden regions: 2->0(2)
[2024-10-12T11:09:25.511+0800][info] GC(36) Survivor regions: 1->1(1)
[2024-10-12T11:09:25.511+0800][info] GC(36) Old regions: 44->46
[2024-10-12T11:09:25.511+0800][info] GC(36) Archive regions: 2->2
[2024-10-12T11:09:25.511+0800][info] GC(36) Humongous regions: 2->2
[2024-10-12T11:09:25.511+0800][info] GC(36) Metaspace: 1545K(1728K)->1545K(1728K) NonClass: 1420K(1536K)->1420K(1536K) Class: 124K(192K)->124K(192K)
[2024-10-12T11:09:25.511+0800][info] GC(36) Pause Young (Normal) (G1 Evacuation Pause) 84M->84M(128M) 1.792ms
[2024-10-12T11:09:25.511+0800][info] GC(36) User=0.01s Sys=0.00s Real=0.00s
[2024-10-12T11:09:25.613+0800][info] GC(37) Pause Young (Concurrent Start) (G1 Evacuation Pause)
[2024-10-12T11:09:25.613+0800][info] GC(37) Using 3 workers of 48 for evacuation
[2024-10-12T11:09:25.615+0800][info] GC(37)   Pre Evacuate Collection Set: 0.1ms
[2024-10-12T11:09:25.615+0800][info] GC(37)   Merge Heap Roots: 0.1ms
[2024-10-12T11:09:25.615+0800][info] GC(37)   Evacuate Collection Set: 1.1ms
[2024-10-12T11:09:25.615+0800][info] GC(37)   Post Evacuate Collection Set: 0.2ms
[2024-10-12T11:09:25.615+0800][info] GC(37)   Other: 0.4ms
[2024-10-12T11:09:25.615+0800][info] GC(37) Eden regions: 2->0(2)
[2024-10-12T11:09:25.615+0800][info] GC(37) Survivor regions: 1->1(1)
[2024-10-12T11:09:25.615+0800][info] GC(37) Old regions: 46->48
[2024-10-12T11:09:25.615+0800][info] GC(37) Archive regions: 2->2
[2024-10-12T11:09:25.615+0800][info] GC(37) Humongous regions: 2->2
[2024-10-12T11:09:25.615+0800][info] GC(37) Metaspace: 1548K(1728K)->1548K(1728K) NonClass: 1424K(1536K)->1424K(1536K) Class: 124K(192K)->124K(192K)
[2024-10-12T11:09:25.615+0800][info] GC(37) Pause Young (Concurrent Start) (G1 Evacuation Pause) 88M->88M(128M) 1.948ms
[2024-10-12T11:09:25.615+0800][info] GC(37) User=0.01s Sys=0.00s Real=0.00s
[2024-10-12T11:09:25.615+0800][info] GC(38) Concurrent Mark Cycle
[2024-10-12T11:09:25.615+0800][info] GC(38) Concurrent Clear Claimed Marks
[2024-10-12T11:09:25.615+0800][info] GC(38) Concurrent Clear Claimed Marks 0.018ms
[2024-10-12T11:09:25.615+0800][info] GC(38) Concurrent Scan Root Regions
[2024-10-12T11:09:25.616+0800][info] GC(38) Concurrent Scan Root Regions 0.166ms
[2024-10-12T11:09:25.616+0800][info] GC(38) Concurrent Mark
[2024-10-12T11:09:25.616+0800][info] GC(38) Concurrent Mark From Roots
[2024-10-12T11:09:25.616+0800][info] GC(38) Using 12 workers of 12 for marking
[2024-10-12T11:09:25.620+0800][info] GC(38) Concurrent Mark From Roots 4.042ms
[2024-10-12T11:09:25.620+0800][info] GC(38) Concurrent Preclean
[2024-10-12T11:09:25.621+0800][info] GC(38) Concurrent Preclean 1.724ms
[2024-10-12T11:09:25.621+0800][info] GC(38) Pause Remark
[2024-10-12T11:09:25.623+0800][info] GC(38) Pause Remark 89M->89M(128M) 1.324ms
[2024-10-12T11:09:25.623+0800][info] GC(38) User=0.00s Sys=0.00s Real=0.00s
[2024-10-12T11:09:25.623+0800][info] GC(38) Concurrent Mark 7.353ms
[2024-10-12T11:09:25.623+0800][info] GC(38) Concurrent Rebuild Remembered Sets
[2024-10-12T11:09:25.625+0800][info] GC(38) Concurrent Rebuild Remembered Sets 1.627ms
[2024-10-12T11:09:25.625+0800][info] GC(38) Pause Cleanup
[2024-10-12T11:09:25.625+0800][info] GC(38) Pause Cleanup 89M->89M(128M) 0.184ms
[2024-10-12T11:09:25.625+0800][info] GC(38) User=0.00s Sys=0.00s Real=0.00s
[2024-10-12T11:09:25.625+0800][info] GC(38) Concurrent Cleanup for Next Mark
[2024-10-12T11:09:25.625+0800][info] GC(38) Concurrent Cleanup for Next Mark 0.398ms
[2024-10-12T11:09:25.625+0800][info] GC(38) Concurrent Mark Cycle 10.103ms
[2024-10-12T11:09:25.770+0800][info] GC(39) Pause Young (Prepare Mixed) (G1 Evacuation Pause)
[2024-10-12T11:09:25.770+0800][info] GC(39) Using 3 workers of 48 for evacuation
[2024-10-12T11:09:25.771+0800][info] GC(39)   Pre Evacuate Collection Set: 0.1ms
[2024-10-12T11:09:25.771+0800][info] GC(39)   Merge Heap Roots: 0.1ms
[2024-10-12T11:09:25.771+0800][info] GC(39)   Evacuate Collection Set: 1.0ms
[2024-10-12T11:09:25.771+0800][info] GC(39)   Post Evacuate Collection Set: 0.2ms
[2024-10-12T11:09:25.771+0800][info] GC(39)   Other: 0.2ms
[2024-10-12T11:09:25.771+0800][info] GC(39) Eden regions: 2->0(2)
[2024-10-12T11:09:25.771+0800][info] GC(39) Survivor regions: 1->1(1)
[2024-10-12T11:09:25.771+0800][info] GC(39) Old regions: 48->49
[2024-10-12T11:09:25.771+0800][info] GC(39) Archive regions: 2->2
[2024-10-12T11:09:25.771+0800][info] GC(39) Humongous regions: 2->2
[2024-10-12T11:09:25.771+0800][info] GC(39) Metaspace: 1549K(1728K)->1549K(1728K) NonClass: 1425K(1536K)->1425K(1536K) Class: 124K(192K)->124K(192K)
[2024-10-12T11:09:25.771+0800][info] GC(39) Pause Young (Prepare Mixed) (G1 Evacuation Pause) 92M->92M(128M) 1.746ms
[2024-10-12T11:09:25.771+0800][info] GC(39) User=0.01s Sys=0.00s Real=0.00s
[2024-10-12T11:09:25.833+0800][info] GC(40) Pause Young (Mixed) (G1 Preventive Collection)
[2024-10-12T11:09:25.833+0800][info] GC(40) Using 3 workers of 48 for evacuation
[2024-10-12T11:09:25.837+0800][info] GC(40) To-space exhausted
[2024-10-12T11:09:25.837+0800][info] GC(40)   Pre Evacuate Collection Set: 0.2ms
[2024-10-12T11:09:25.837+0800][info] GC(40)   Merge Heap Roots: 0.1ms
[2024-10-12T11:09:25.837+0800][info] GC(40)   Evacuate Collection Set: 3.0ms
[2024-10-12T11:09:25.837+0800][info] GC(40)   Post Evacuate Collection Set: 0.5ms
[2024-10-12T11:09:25.837+0800][info] GC(40)   Other: 0.2ms
[2024-10-12T11:09:25.837+0800][info] GC(40) Eden regions: 1->0(2)
[2024-10-12T11:09:25.837+0800][info] GC(40) Survivor regions: 1->1(1)
[2024-10-12T11:09:25.837+0800][info] GC(40) Old regions: 49->56
[2024-10-12T11:09:25.837+0800][info] GC(40) Archive regions: 2->2
[2024-10-12T11:09:25.837+0800][info] GC(40) Humongous regions: 2->2
[2024-10-12T11:09:25.837+0800][info] GC(40) Metaspace: 1549K(1728K)->1549K(1728K) NonClass: 1425K(1536K)->1425K(1536K) Class: 124K(192K)->124K(192K)
[2024-10-12T11:09:25.837+0800][info] GC(40) Pause Young (Mixed) (G1 Preventive Collection) 94M->106M(128M) 4.117ms
[2024-10-12T11:09:25.837+0800][info] GC(40) User=0.01s Sys=0.00s Real=0.01s
[2024-10-12T11:09:25.878+0800][info] GC(41) Pause Young (Mixed) (G1 Preventive Collection)
[2024-10-12T11:09:25.878+0800][info] GC(41) Using 3 workers of 48 for evacuation
[2024-10-12T11:09:25.883+0800][info] GC(41) To-space exhausted
[2024-10-12T11:09:25.883+0800][info] GC(41)   Pre Evacuate Collection Set: 0.2ms
[2024-10-12T11:09:25.883+0800][info] GC(41)   Merge Heap Roots: 0.1ms
[2024-10-12T11:09:25.883+0800][info] GC(41)   Evacuate Collection Set: 3.3ms
[2024-10-12T11:09:25.883+0800][info] GC(41)   Post Evacuate Collection Set: 1.5ms
[2024-10-12T11:09:25.883+0800][info] GC(41)   Other: 0.2ms
[2024-10-12T11:09:25.883+0800][info] GC(41) Eden regions: 1->0(2)
[2024-10-12T11:09:25.883+0800][info] GC(41) Survivor regions: 1->1(1)
[2024-10-12T11:09:25.883+0800][info] GC(41) Old regions: 56->58
[2024-10-12T11:09:25.883+0800][info] GC(41) Archive regions: 2->2
[2024-10-12T11:09:25.883+0800][info] GC(41) Humongous regions: 2->2
[2024-10-12T11:09:25.883+0800][info] GC(41) Metaspace: 1549K(1728K)->1549K(1728K) NonClass: 1425K(1536K)->1425K(1536K) Class: 124K(192K)->124K(192K)
[2024-10-12T11:09:25.883+0800][info] GC(41) Pause Young (Mixed) (G1 Preventive Collection) 108M->110M(128M) 5.317ms
[2024-10-12T11:09:25.883+0800][info] GC(41) User=0.01s Sys=0.00s Real=0.00s
[2024-10-12T11:09:25.946+0800][info] GC(42) Pause Young (Concurrent Start) (G1 Evacuation Pause)
[2024-10-12T11:09:25.946+0800][info] GC(42) Using 3 workers of 48 for evacuation
[2024-10-12T11:09:25.947+0800][info] GC(42) To-space exhausted
[2024-10-12T11:09:25.947+0800][info] GC(42)   Pre Evacuate Collection Set: 0.1ms
[2024-10-12T11:09:25.947+0800][info] GC(42)   Merge Heap Roots: 0.1ms
[2024-10-12T11:09:25.947+0800][info] GC(42)   Evacuate Collection Set: 0.4ms
[2024-10-12T11:09:25.947+0800][info] GC(42)   Post Evacuate Collection Set: 0.2ms
[2024-10-12T11:09:25.947+0800][info] GC(42)   Other: 0.3ms
[2024-10-12T11:09:25.947+0800][info] GC(42) Eden regions: 1->0(3)
[2024-10-12T11:09:25.947+0800][info] GC(42) Survivor regions: 1->0(0)
[2024-10-12T11:09:25.947+0800][info] GC(42) Old regions: 58->60
[2024-10-12T11:09:25.947+0800][info] GC(42) Archive regions: 2->2
[2024-10-12T11:09:25.947+0800][info] GC(42) Humongous regions: 2->2
[2024-10-12T11:09:25.947+0800][info] GC(42) Metaspace: 1549K(1728K)->1549K(1728K) NonClass: 1425K(1536K)->1425K(1536K) Class: 124K(192K)->124K(192K)
[2024-10-12T11:09:25.947+0800][info] GC(42) Pause Young (Concurrent Start) (G1 Evacuation Pause) 112M->112M(128M) 1.213ms
[2024-10-12T11:09:25.947+0800][info] GC(42) User=0.00s Sys=0.00s Real=0.00s
[2024-10-12T11:09:25.947+0800][info] Attempting full compaction
[2024-10-12T11:09:25.947+0800][info] GC(43) Using 3 workers of 48 for full compaction
[2024-10-12T11:09:25.947+0800][info] GC(44) Concurrent Mark Cycle
[2024-10-12T11:09:25.947+0800][info] GC(44) Concurrent Clear Claimed Marks
[2024-10-12T11:09:25.947+0800][info] GC(44) Concurrent Clear Claimed Marks 0.017ms
[2024-10-12T11:09:25.947+0800][info] GC(44) Concurrent Scan Root Regions
[2024-10-12T11:09:25.947+0800][info] GC(44) Concurrent Scan Root Regions 0.010ms
[2024-10-12T11:09:25.947+0800][info] GC(43) Pause Full (G1 Compaction Pause)
[2024-10-12T11:09:25.947+0800][info] GC(44) Concurrent Mark
[2024-10-12T11:09:25.947+0800][info] GC(44) Concurrent Mark From Roots
[2024-10-12T11:09:25.947+0800][info] GC(44) Using 12 workers of 12 for marking
[2024-10-12T11:09:25.947+0800][info] GC(43) Phase 1: Mark live objects
[2024-10-12T11:09:25.951+0800][info] GC(43) Phase 1: Mark live objects 3.433ms
[2024-10-12T11:09:25.951+0800][info] GC(43) Phase 2: Prepare for compaction
[2024-10-12T11:09:25.952+0800][info] GC(43) Phase 2: Prepare for compaction 0.828ms
[2024-10-12T11:09:25.952+0800][info] GC(43) Phase 3: Adjust pointers
[2024-10-12T11:09:25.953+0800][info] GC(43) Phase 3: Adjust pointers 1.576ms
[2024-10-12T11:09:25.953+0800][info] GC(43) Phase 4: Compact heap
[2024-10-12T11:09:25.968+0800][info] GC(43) Phase 4: Compact heap 14.392ms
[2024-10-12T11:09:25.969+0800][info] GC(43) Eden regions: 0->0(5)
[2024-10-12T11:09:25.969+0800][info] GC(43) Survivor regions: 0->0(0)
[2024-10-12T11:09:25.969+0800][info] GC(43) Old regions: 60->38
[2024-10-12T11:09:25.969+0800][info] GC(43) Archive regions: 2->2
[2024-10-12T11:09:25.969+0800][info] GC(43) Humongous regions: 2->2
[2024-10-12T11:09:25.969+0800][info] GC(43) Metaspace: 1549K(1728K)->1549K(1728K) NonClass: 1425K(1536K)->1425K(1536K) Class: 124K(192K)->124K(192K)
[2024-10-12T11:09:25.969+0800][info] GC(43) Pause Full (G1 Compaction Pause) 112M->69M(128M) 22.328ms
[2024-10-12T11:09:25.969+0800][info] GC(43) User=0.05s Sys=0.01s Real=0.02s
[2024-10-12T11:09:25.970+0800][info] GC(44) Concurrent Mark From Roots 22.621ms
[2024-10-12T11:09:25.970+0800][info] GC(44) Concurrent Mark Abort
[2024-10-12T11:09:25.970+0800][info] GC(44) Concurrent Mark Cycle 22.845ms
[2024-10-12T11:09:26.236+0800][info] GC(45) Pause Young (Normal) (G1 Evacuation Pause)
[2024-10-12T11:09:26.236+0800][info] GC(45) Using 3 workers of 48 for evacuation
[2024-10-12T11:09:26.238+0800][info] GC(45)   Pre Evacuate Collection Set: 0.1ms
[2024-10-12T11:09:26.238+0800][info] GC(45)   Merge Heap Roots: 0.1ms
[2024-10-12T11:09:26.238+0800][info] GC(45)   Evacuate Collection Set: 1.6ms
[2024-10-12T11:09:26.238+0800][info] GC(45)   Post Evacuate Collection Set: 0.2ms
[2024-10-12T11:09:26.238+0800][info] GC(45)   Other: 0.2ms
[2024-10-12T11:09:26.238+0800][info] GC(45) Eden regions: 5->0(2)
[2024-10-12T11:09:26.238+0800][info] GC(45) Survivor regions: 0->1(1)
[2024-10-12T11:09:26.238+0800][info] GC(45) Old regions: 38->42
[2024-10-12T11:09:26.239+0800][info] GC(45) Archive regions: 2->2
[2024-10-12T11:09:26.239+0800][info] GC(45) Humongous regions: 2->2
[2024-10-12T11:09:26.239+0800][info] GC(45) Metaspace: 1550K(1728K)->1550K(1728K) NonClass: 1426K(1536K)->1426K(1536K) Class: 124K(192K)->124K(192K)
[2024-10-12T11:09:26.239+0800][info] GC(45) Pause Young (Normal) (G1 Evacuation Pause) 79M->78M(128M) 2.334ms
[2024-10-12T11:09:26.239+0800][info] GC(45) User=0.00s Sys=0.00s Real=0.00s
[2024-10-12T11:09:26.342+0800][info] GC(46) Pause Young (Normal) (G1 Evacuation Pause)
[2024-10-12T11:09:26.342+0800][info] GC(46) Using 3 workers of 48 for evacuation
[2024-10-12T11:09:26.343+0800][info] GC(46)   Pre Evacuate Collection Set: 0.1ms
[2024-10-12T11:09:26.343+0800][info] GC(46)   Merge Heap Roots: 0.1ms
[2024-10-12T11:09:26.343+0800][info] GC(46)   Evacuate Collection Set: 1.0ms
[2024-10-12T11:09:26.343+0800][info] GC(46)   Post Evacuate Collection Set: 0.2ms
[2024-10-12T11:09:26.343+0800][info] GC(46)   Other: 0.2ms
[2024-10-12T11:09:26.343+0800][info] GC(46) Eden regions: 2->0(2)
[2024-10-12T11:09:26.343+0800][info] GC(46) Survivor regions: 1->1(1)
[2024-10-12T11:09:26.343+0800][info] GC(46) Old regions: 42->44
[2024-10-12T11:09:26.343+0800][info] GC(46) Archive regions: 2->2
[2024-10-12T11:09:26.343+0800][info] GC(46) Humongous regions: 2->2
[2024-10-12T11:09:26.343+0800][info] GC(46) Metaspace: 1556K(1728K)->1556K(1728K) NonClass: 1432K(1536K)->1432K(1536K) Class: 124K(192K)->124K(192K)
[2024-10-12T11:09:26.343+0800][info] GC(46) Pause Young (Normal) (G1 Evacuation Pause) 82M->82M(128M) 1.773ms
[2024-10-12T11:09:26.343+0800][info] GC(46) User=0.00s Sys=0.00s Real=0.00s
[2024-10-12T11:09:26.446+0800][info] GC(47) Pause Young (Normal) (G1 Evacuation Pause)
[2024-10-12T11:09:26.446+0800][info] GC(47) Using 3 workers of 48 for evacuation
[2024-10-12T11:09:26.447+0800][info] GC(47)   Pre Evacuate Collection Set: 0.1ms
[2024-10-12T11:09:26.447+0800][info] GC(47)   Merge Heap Roots: 0.1ms
[2024-10-12T11:09:26.447+0800][info] GC(47)   Evacuate Collection Set: 1.1ms
[2024-10-12T11:09:26.447+0800][info] GC(47)   Post Evacuate Collection Set: 0.2ms
[2024-10-12T11:09:26.447+0800][info] GC(47)   Other: 0.2ms
[2024-10-12T11:09:26.447+0800][info] GC(47) Eden regions: 2->0(2)
[2024-10-12T11:09:26.447+0800][info] GC(47) Survivor regions: 1->1(1)
[2024-10-12T11:09:26.447+0800][info] GC(47) Old regions: 44->46
[2024-10-12T11:09:26.447+0800][info] GC(47) Archive regions: 2->2
[2024-10-12T11:09:26.447+0800][info] GC(47) Humongous regions: 2->2
[2024-10-12T11:09:26.448+0800][info] GC(47) Metaspace: 1556K(1728K)->1556K(1728K) NonClass: 1432K(1536K)->1432K(1536K) Class: 124K(192K)->124K(192K)
[2024-10-12T11:09:26.448+0800][info] GC(47) Pause Young (Normal) (G1 Evacuation Pause) 85M->86M(128M) 1.831ms
[2024-10-12T11:09:26.448+0800][info] GC(47) User=0.00s Sys=0.00s Real=0.00s
[2024-10-12T11:09:26.529+0800][info] GC(48) Pause Young (Concurrent Start) (G1 Humongous Allocation)
[2024-10-12T11:09:26.530+0800][info] GC(48) Using 3 workers of 48 for evacuation
[2024-10-12T11:09:26.531+0800][info] GC(48)   Pre Evacuate Collection Set: 0.1ms
[2024-10-12T11:09:26.531+0800][info] GC(48)   Merge Heap Roots: 0.1ms
[2024-10-12T11:09:26.531+0800][info] GC(48)   Evacuate Collection Set: 1.1ms
[2024-10-12T11:09:26.531+0800][info] GC(48)   Post Evacuate Collection Set: 0.2ms
[2024-10-12T11:09:26.531+0800][info] GC(48)   Other: 0.4ms
[2024-10-12T11:09:26.531+0800][info] GC(48) Eden regions: 2->0(2)
[2024-10-12T11:09:26.531+0800][info] GC(48) Survivor regions: 1->1(1)
[2024-10-12T11:09:26.531+0800][info] GC(48) Old regions: 46->48
[2024-10-12T11:09:26.531+0800][info] GC(48) Archive regions: 2->2
[2024-10-12T11:09:26.531+0800][info] GC(48) Humongous regions: 2->2
[2024-10-12T11:09:26.531+0800][info] GC(48) Metaspace: 1556K(1728K)->1556K(1728K) NonClass: 1432K(1536K)->1432K(1536K) Class: 124K(192K)->124K(192K)
[2024-10-12T11:09:26.531+0800][info] GC(48) Pause Young (Concurrent Start) (G1 Humongous Allocation) 89M->89M(128M) 1.997ms
[2024-10-12T11:09:26.531+0800][info] GC(48) User=0.01s Sys=0.00s Real=0.00s
[2024-10-12T11:09:26.532+0800][info] GC(49) Concurrent Mark Cycle
[2024-10-12T11:09:26.532+0800][info] GC(49) Concurrent Clear Claimed Marks
[2024-10-12T11:09:26.532+0800][info] GC(49) Concurrent Clear Claimed Marks 0.017ms
[2024-10-12T11:09:26.532+0800][info] GC(49) Concurrent Scan Root Regions
[2024-10-12T11:09:26.532+0800][info] GC(49) Concurrent Scan Root Regions 0.121ms
[2024-10-12T11:09:26.532+0800][info] GC(49) Concurrent Mark
[2024-10-12T11:09:26.532+0800][info] GC(49) Concurrent Mark From Roots
[2024-10-12T11:09:26.532+0800][info] GC(49) Using 12 workers of 12 for marking
[2024-10-12T11:09:26.536+0800][info] GC(49) Concurrent Mark From Roots 3.939ms
[2024-10-12T11:09:26.536+0800][info] GC(49) Concurrent Preclean
[2024-10-12T11:09:26.538+0800][info] GC(49) Concurrent Preclean 1.711ms
[2024-10-12T11:09:26.538+0800][info] GC(49) Pause Remark
[2024-10-12T11:09:26.539+0800][info] GC(49) Pause Remark 91M->91M(128M) 1.290ms
[2024-10-12T11:09:26.539+0800][info] GC(49) User=0.00s Sys=0.00s Real=0.00s
[2024-10-12T11:09:26.539+0800][info] GC(49) Concurrent Mark 7.255ms
[2024-10-12T11:09:26.539+0800][info] GC(49) Concurrent Rebuild Remembered Sets
[2024-10-12T11:09:26.540+0800][info] GC(49) Concurrent Rebuild Remembered Sets 1.337ms
[2024-10-12T11:09:26.541+0800][info] GC(49) Pause Cleanup
[2024-10-12T11:09:26.541+0800][info] GC(49) Pause Cleanup 91M->91M(128M) 0.233ms
[2024-10-12T11:09:26.541+0800][info] GC(49) User=0.00s Sys=0.00s Real=0.00s
[2024-10-12T11:09:26.541+0800][info] GC(49) Concurrent Cleanup for Next Mark
[2024-10-12T11:09:26.541+0800][info] GC(49) Concurrent Cleanup for Next Mark 0.449ms
[2024-10-12T11:09:26.541+0800][info] GC(49) Concurrent Mark Cycle 9.780ms
[2024-10-12T11:09:26.707+0800][info] GC(50) Pause Young (Prepare Mixed) (G1 Evacuation Pause)
[2024-10-12T11:09:26.707+0800][info] GC(50) Using 3 workers of 48 for evacuation
[2024-10-12T11:09:26.709+0800][info] GC(50)   Pre Evacuate Collection Set: 0.1ms
[2024-10-12T11:09:26.709+0800][info] GC(50)   Merge Heap Roots: 0.1ms
[2024-10-12T11:09:26.709+0800][info] GC(50)   Evacuate Collection Set: 1.1ms
[2024-10-12T11:09:26.709+0800][info] GC(50)   Post Evacuate Collection Set: 0.2ms
[2024-10-12T11:09:26.709+0800][info] GC(50)   Other: 0.2ms
[2024-10-12T11:09:26.709+0800][info] GC(50) Eden regions: 2->0(2)
[2024-10-12T11:09:26.709+0800][info] GC(50) Survivor regions: 1->1(1)
[2024-10-12T11:09:26.709+0800][info] GC(50) Old regions: 48->50
[2024-10-12T11:09:26.709+0800][info] GC(50) Archive regions: 2->2
[2024-10-12T11:09:26.709+0800][info] GC(50) Humongous regions: 3->2
[2024-10-12T11:09:26.709+0800][info] GC(50) Metaspace: 1556K(1728K)->1556K(1728K) NonClass: 1432K(1536K)->1432K(1536K) Class: 124K(192K)->124K(192K)
[2024-10-12T11:09:26.709+0800][info] GC(50) Pause Young (Prepare Mixed) (G1 Evacuation Pause) 95M->93M(128M) 1.910ms
[2024-10-12T11:09:26.709+0800][info] GC(50) User=0.01s Sys=0.01s Real=0.00s
[2024-10-12T11:09:26.771+0800][info] GC(51) Pause Young (Mixed) (G1 Preventive Collection)
[2024-10-12T11:09:26.771+0800][info] GC(51) Using 3 workers of 48 for evacuation
[2024-10-12T11:09:26.775+0800][info] GC(51) To-space exhausted
[2024-10-12T11:09:26.775+0800][info] GC(51)   Pre Evacuate Collection Set: 0.2ms
[2024-10-12T11:09:26.775+0800][info] GC(51)   Merge Heap Roots: 0.1ms
[2024-10-12T11:09:26.775+0800][info] GC(51)   Evacuate Collection Set: 3.2ms
[2024-10-12T11:09:26.775+0800][info] GC(51)   Post Evacuate Collection Set: 0.9ms
[2024-10-12T11:09:26.775+0800][info] GC(51)   Other: 0.2ms
[2024-10-12T11:09:26.775+0800][info] GC(51) Eden regions: 1->0(2)
[2024-10-12T11:09:26.775+0800][info] GC(51) Survivor regions: 1->1(1)
[2024-10-12T11:09:26.775+0800][info] GC(51) Old regions: 50->54
[2024-10-12T11:09:26.775+0800][info] GC(51) Archive regions: 2->2
[2024-10-12T11:09:26.775+0800][info] GC(51) Humongous regions: 2->2
[2024-10-12T11:09:26.775+0800][info] GC(51) Metaspace: 1556K(1728K)->1556K(1728K) NonClass: 1432K(1536K)->1432K(1536K) Class: 124K(192K)->124K(192K)
[2024-10-12T11:09:26.775+0800][info] GC(51) Pause Young (Mixed) (G1 Preventive Collection) 95M->103M(128M) 4.640ms
[2024-10-12T11:09:26.775+0800][info] GC(51) User=0.01s Sys=0.00s Real=0.01s
[2024-10-12T11:09:26.879+0800][info] GC(52) Pause Young (Concurrent Start) (G1 Preventive Collection)
[2024-10-12T11:09:26.879+0800][info] GC(52) Using 3 workers of 48 for evacuation
[2024-10-12T11:09:26.881+0800][info] GC(52)   Pre Evacuate Collection Set: 0.1ms
[2024-10-12T11:09:26.881+0800][info] GC(52)   Merge Heap Roots: 0.1ms
[2024-10-12T11:09:26.881+0800][info] GC(52)   Evacuate Collection Set: 1.2ms
[2024-10-12T11:09:26.881+0800][info] GC(52)   Post Evacuate Collection Set: 0.2ms
[2024-10-12T11:09:26.881+0800][info] GC(52)   Other: 0.4ms
[2024-10-12T11:09:26.881+0800][info] GC(52) Eden regions: 2->0(2)
[2024-10-12T11:09:26.881+0800][info] GC(52) Survivor regions: 1->1(1)
[2024-10-12T11:09:26.881+0800][info] GC(52) Old regions: 54->56
[2024-10-12T11:09:26.881+0800][info] GC(52) Archive regions: 2->2
[2024-10-12T11:09:26.881+0800][info] GC(52) Humongous regions: 2->2
[2024-10-12T11:09:26.881+0800][info] GC(52) Metaspace: 1560K(1728K)->1560K(1728K) NonClass: 1435K(1536K)->1435K(1536K) Class: 124K(192K)->124K(192K)
[2024-10-12T11:09:26.881+0800][info] GC(52) Pause Young (Concurrent Start) (G1 Preventive Collection) 107M->107M(128M) 2.070ms
[2024-10-12T11:09:26.881+0800][info] GC(52) User=0.01s Sys=0.00s Real=0.00s
[2024-10-12T11:09:26.881+0800][info] GC(53) Concurrent Mark Cycle
[2024-10-12T11:09:26.881+0800][info] GC(53) Concurrent Clear Claimed Marks
[2024-10-12T11:09:26.881+0800][info] GC(53) Concurrent Clear Claimed Marks 0.017ms
[2024-10-12T11:09:26.881+0800][info] GC(53) Concurrent Scan Root Regions
[2024-10-12T11:09:26.881+0800][info] GC(53) Concurrent Scan Root Regions 0.127ms
[2024-10-12T11:09:26.881+0800][info] GC(53) Concurrent Mark
[2024-10-12T11:09:26.881+0800][info] GC(53) Concurrent Mark From Roots
[2024-10-12T11:09:26.881+0800][info] GC(53) Using 12 workers of 12 for marking
[2024-10-12T11:09:26.885+0800][info] GC(53) Concurrent Mark From Roots 4.215ms
[2024-10-12T11:09:26.885+0800][info] GC(53) Concurrent Preclean
[2024-10-12T11:09:26.887+0800][info] GC(53) Concurrent Preclean 1.678ms
[2024-10-12T11:09:26.887+0800][info] GC(53) Pause Remark
[2024-10-12T11:09:26.888+0800][info] GC(53) Pause Remark 108M->106M(128M) 1.259ms
[2024-10-12T11:09:26.889+0800][info] GC(53) User=0.01s Sys=0.01s Real=0.00s
[2024-10-12T11:09:26.889+0800][info] GC(53) Concurrent Mark 7.486ms
[2024-10-12T11:09:26.889+0800][info] GC(53) Concurrent Rebuild Remembered Sets
[2024-10-12T11:09:26.890+0800][info] GC(53) Concurrent Rebuild Remembered Sets 1.320ms
[2024-10-12T11:09:26.890+0800][info] GC(53) Pause Cleanup
[2024-10-12T11:09:26.890+0800][info] GC(53) Pause Cleanup 106M->106M(128M) 0.237ms
[2024-10-12T11:09:26.890+0800][info] GC(53) User=0.00s Sys=0.00s Real=0.00s
[2024-10-12T11:09:26.890+0800][info] GC(53) Concurrent Cleanup for Next Mark
[2024-10-12T11:09:26.891+0800][info] GC(53) Concurrent Cleanup for Next Mark 0.442ms
[2024-10-12T11:09:26.891+0800][info] GC(53) Concurrent Mark Cycle 9.987ms
[2024-10-12T11:09:26.994+0800][info] GC(54) Pause Young (Prepare Mixed) (G1 Preventive Collection)
[2024-10-12T11:09:26.994+0800][info] GC(54) Using 3 workers of 48 for evacuation
[2024-10-12T11:09:26.995+0800][info] GC(54)   Pre Evacuate Collection Set: 0.1ms
[2024-10-12T11:09:26.995+0800][info] GC(54)   Merge Heap Roots: 0.1ms
[2024-10-12T11:09:26.995+0800][info] GC(54)   Evacuate Collection Set: 0.8ms
[2024-10-12T11:09:26.995+0800][info] GC(54)   Post Evacuate Collection Set: 0.2ms
[2024-10-12T11:09:26.995+0800][info] GC(54)   Other: 0.2ms
[2024-10-12T11:09:26.995+0800][info] GC(54) Eden regions: 1->0(2)
[2024-10-12T11:09:26.995+0800][info] GC(54) Survivor regions: 1->1(1)
[2024-10-12T11:09:26.995+0800][info] GC(54) Old regions: 55->56
[2024-10-12T11:09:26.995+0800][info] GC(54) Archive regions: 2->2
[2024-10-12T11:09:26.995+0800][info] GC(54) Humongous regions: 2->2
[2024-10-12T11:09:26.995+0800][info] GC(54) Metaspace: 1560K(1728K)->1560K(1728K) NonClass: 1435K(1536K)->1435K(1536K) Class: 124K(192K)->124K(192K)
[2024-10-12T11:09:26.996+0800][info] GC(54) Pause Young (Prepare Mixed) (G1 Preventive Collection) 107M->107M(128M) 1.515ms
[2024-10-12T11:09:26.996+0800][info] GC(54) User=0.00s Sys=0.00s Real=0.00s
[2024-10-12T11:09:27.037+0800][info] GC(55) Pause Young (Mixed) (G1 Preventive Collection)
[2024-10-12T11:09:27.037+0800][info] GC(55) Using 3 workers of 48 for evacuation
[2024-10-12T11:09:27.040+0800][info] GC(55) To-space exhausted
[2024-10-12T11:09:27.040+0800][info] GC(55)   Pre Evacuate Collection Set: 0.2ms
[2024-10-12T11:09:27.040+0800][info] GC(55)   Merge Heap Roots: 0.1ms
[2024-10-12T11:09:27.040+0800][info] GC(55)   Evacuate Collection Set: 2.0ms
[2024-10-12T11:09:27.040+0800][info] GC(55)   Post Evacuate Collection Set: 1.1ms
[2024-10-12T11:09:27.040+0800][info] GC(55)   Other: 0.2ms
[2024-10-12T11:09:27.040+0800][info] GC(55) Eden regions: 1->0(2)
[2024-10-12T11:09:27.040+0800][info] GC(55) Survivor regions: 1->1(1)
[2024-10-12T11:09:27.040+0800][info] GC(55) Old regions: 56->58
[2024-10-12T11:09:27.040+0800][info] GC(55) Archive regions: 2->2
[2024-10-12T11:09:27.040+0800][info] GC(55) Humongous regions: 2->2
[2024-10-12T11:09:27.040+0800][info] GC(55) Metaspace: 1560K(1728K)->1560K(1728K) NonClass: 1435K(1536K)->1435K(1536K) Class: 124K(192K)->124K(192K)
[2024-10-12T11:09:27.040+0800][info] GC(55) Pause Young (Mixed) (G1 Preventive Collection) 109M->111M(128M) 3.643ms
[2024-10-12T11:09:27.040+0800][info] GC(55) User=0.01s Sys=0.00s Real=0.00s
[2024-10-12T11:09:27.102+0800][info] GC(56) Pause Young (Concurrent Start) (G1 Evacuation Pause)
[2024-10-12T11:09:27.103+0800][info] GC(56) Using 3 workers of 48 for evacuation
[2024-10-12T11:09:27.104+0800][info] GC(56) To-space exhausted
[2024-10-12T11:09:27.104+0800][info] GC(56)   Pre Evacuate Collection Set: 0.1ms
[2024-10-12T11:09:27.104+0800][info] GC(56)   Merge Heap Roots: 0.1ms
[2024-10-12T11:09:27.104+0800][info] GC(56)   Evacuate Collection Set: 0.5ms
[2024-10-12T11:09:27.104+0800][info] GC(56)   Post Evacuate Collection Set: 0.2ms
[2024-10-12T11:09:27.104+0800][info] GC(56)   Other: 0.3ms
[2024-10-12T11:09:27.104+0800][info] GC(56) Eden regions: 1->0(3)
[2024-10-12T11:09:27.104+0800][info] GC(56) Survivor regions: 1->0(0)
[2024-10-12T11:09:27.104+0800][info] GC(56) Old regions: 58->60
[2024-10-12T11:09:27.104+0800][info] GC(56) Archive regions: 2->2
[2024-10-12T11:09:27.104+0800][info] GC(56) Humongous regions: 2->2
[2024-10-12T11:09:27.104+0800][info] GC(56) Metaspace: 1560K(1728K)->1560K(1728K) NonClass: 1435K(1536K)->1435K(1536K) Class: 124K(192K)->124K(192K)
[2024-10-12T11:09:27.104+0800][info] GC(56) Pause Young (Concurrent Start) (G1 Evacuation Pause) 112M->112M(128M) 1.412ms
[2024-10-12T11:09:27.104+0800][info] GC(56) User=0.00s Sys=0.00s Real=0.00s
[2024-10-12T11:09:27.104+0800][info] Attempting full compaction
[2024-10-12T11:09:27.104+0800][info] GC(57) Using 3 workers of 48 for full compaction
[2024-10-12T11:09:27.104+0800][info] GC(57) Pause Full (G1 Compaction Pause)
[2024-10-12T11:09:27.104+0800][info] GC(58) Concurrent Mark Cycle
[2024-10-12T11:09:27.104+0800][info] GC(58) Concurrent Clear Claimed Marks
[2024-10-12T11:09:27.104+0800][info] GC(58) Concurrent Clear Claimed Marks 0.017ms
[2024-10-12T11:09:27.104+0800][info] GC(58) Concurrent Scan Root Regions
[2024-10-12T11:09:27.104+0800][info] GC(58) Concurrent Scan Root Regions 0.010ms
[2024-10-12T11:09:27.104+0800][info] GC(58) Concurrent Mark
[2024-10-12T11:09:27.104+0800][info] GC(58) Concurrent Mark From Roots
[2024-10-12T11:09:27.104+0800][info] GC(58) Using 12 workers of 12 for marking
[2024-10-12T11:09:27.104+0800][info] GC(57) Phase 1: Mark live objects
[2024-10-12T11:09:27.108+0800][info] GC(57) Phase 1: Mark live objects 3.128ms
[2024-10-12T11:09:27.108+0800][info] GC(57) Phase 2: Prepare for compaction
[2024-10-12T11:09:27.108+0800][info] GC(57) Phase 2: Prepare for compaction 0.648ms
[2024-10-12T11:09:27.108+0800][info] GC(57) Phase 3: Adjust pointers
[2024-10-12T11:09:27.110+0800][info] GC(57) Phase 3: Adjust pointers 1.384ms
[2024-10-12T11:09:27.110+0800][info] GC(57) Phase 4: Compact heap
[2024-10-12T11:09:27.124+0800][info] GC(57) Phase 4: Compact heap 14.377ms
[2024-10-12T11:09:27.125+0800][info] GC(57) Eden regions: 0->0(5)
[2024-10-12T11:09:27.125+0800][info] GC(57) Survivor regions: 0->0(0)
[2024-10-12T11:09:27.125+0800][info] GC(57) Old regions: 60->37
[2024-10-12T11:09:27.125+0800][info] GC(57) Archive regions: 2->2
[2024-10-12T11:09:27.125+0800][info] GC(57) Humongous regions: 2->2
[2024-10-12T11:09:27.125+0800][info] GC(57) Metaspace: 1560K(1728K)->1560K(1728K) NonClass: 1435K(1536K)->1435K(1536K) Class: 124K(192K)->124K(192K)
[2024-10-12T11:09:27.125+0800][info] GC(57) Pause Full (G1 Compaction Pause) 112M->69M(128M) 21.312ms
[2024-10-12T11:09:27.125+0800][info] GC(57) User=0.04s Sys=0.00s Real=0.03s
[2024-10-12T11:09:27.126+0800][info] GC(58) Concurrent Mark From Roots 21.508ms
[2024-10-12T11:09:27.126+0800][info] GC(58) Concurrent Mark Abort
[2024-10-12T11:09:27.126+0800][info] GC(58) Concurrent Mark Cycle 21.694ms
[2024-10-12T11:09:27.392+0800][info] GC(59) Pause Young (Normal) (G1 Evacuation Pause)
[2024-10-12T11:09:27.392+0800][info] GC(59) Using 3 workers of 48 for evacuation
[2024-10-12T11:09:27.394+0800][info] GC(59)   Pre Evacuate Collection Set: 0.1ms
[2024-10-12T11:09:27.394+0800][info] GC(59)   Merge Heap Roots: 0.1ms
[2024-10-12T11:09:27.394+0800][info] GC(59)   Evacuate Collection Set: 1.5ms
[2024-10-12T11:09:27.394+0800][info] GC(59)   Post Evacuate Collection Set: 0.2ms
[2024-10-12T11:09:27.394+0800][info] GC(59)   Other: 0.2ms
[2024-10-12T11:09:27.394+0800][info] GC(59) Eden regions: 5->0(3)
[2024-10-12T11:09:27.394+0800][info] GC(59) Survivor regions: 0->1(1)
[2024-10-12T11:09:27.394+0800][info] GC(59) Old regions: 37->41
[2024-10-12T11:09:27.394+0800][info] GC(59) Archive regions: 2->2
[2024-10-12T11:09:27.394+0800][info] GC(59) Humongous regions: 2->2
[2024-10-12T11:09:27.394+0800][info] GC(59) Metaspace: 1560K(1728K)->1560K(1728K) NonClass: 1435K(1536K)->1435K(1536K) Class: 124K(192K)->124K(192K)
[2024-10-12T11:09:27.394+0800][info] GC(59) Pause Young (Normal) (G1 Evacuation Pause) 78M->78M(128M) 2.293ms
[2024-10-12T11:09:27.394+0800][info] GC(59) User=0.00s Sys=0.00s Real=0.01s
[2024-10-12T11:09:27.558+0800][info] GC(60) Pause Young (Normal) (G1 Evacuation Pause)
[2024-10-12T11:09:27.558+0800][info] GC(60) Using 3 workers of 48 for evacuation
[2024-10-12T11:09:27.560+0800][info] GC(60)   Pre Evacuate Collection Set: 0.1ms
[2024-10-12T11:09:27.560+0800][info] GC(60)   Merge Heap Roots: 0.0ms
[2024-10-12T11:09:27.560+0800][info] GC(60)   Evacuate Collection Set: 1.3ms
[2024-10-12T11:09:27.560+0800][info] GC(60)   Post Evacuate Collection Set: 0.2ms
[2024-10-12T11:09:27.560+0800][info] GC(60)   Other: 0.2ms
[2024-10-12T11:09:27.560+0800][info] GC(60) Eden regions: 3->0(2)
[2024-10-12T11:09:27.560+0800][info] GC(60) Survivor regions: 1->1(1)
[2024-10-12T11:09:27.560+0800][info] GC(60) Old regions: 41->44
[2024-10-12T11:09:27.560+0800][info] GC(60) Archive regions: 2->2
[2024-10-12T11:09:27.560+0800][info] GC(60) Humongous regions: 2->2
[2024-10-12T11:09:27.560+0800][info] GC(60) Metaspace: 1560K(1728K)->1560K(1728K) NonClass: 1435K(1536K)->1435K(1536K) Class: 124K(192K)->124K(192K)
[2024-10-12T11:09:27.560+0800][info] GC(60) Pause Young (Normal) (G1 Evacuation Pause) 84M->84M(128M) 1.987ms
[2024-10-12T11:09:27.560+0800][info] GC(60) User=0.00s Sys=0.00s Real=0.00s
[2024-10-12T11:09:27.663+0800][info] GC(61) Pause Young (Concurrent Start) (G1 Evacuation Pause)
[2024-10-12T11:09:27.663+0800][info] GC(61) Using 3 workers of 48 for evacuation
[2024-10-12T11:09:27.664+0800][info] GC(61)   Pre Evacuate Collection Set: 0.1ms
[2024-10-12T11:09:27.664+0800][info] GC(61)   Merge Heap Roots: 0.1ms
[2024-10-12T11:09:27.664+0800][info] GC(61)   Evacuate Collection Set: 1.0ms
[2024-10-12T11:09:27.664+0800][info] GC(61)   Post Evacuate Collection Set: 0.2ms
[2024-10-12T11:09:27.664+0800][info] GC(61)   Other: 0.4ms
[2024-10-12T11:09:27.664+0800][info] GC(61) Eden regions: 2->0(2)
[2024-10-12T11:09:27.664+0800][info] GC(61) Survivor regions: 1->1(1)
[2024-10-12T11:09:27.664+0800][info] GC(61) Old regions: 44->46
[2024-10-12T11:09:27.664+0800][info] GC(61) Archive regions: 2->2
[2024-10-12T11:09:27.664+0800][info] GC(61) Humongous regions: 2->2
[2024-10-12T11:09:27.665+0800][info] GC(61) Metaspace: 1560K(1728K)->1560K(1728K) NonClass: 1435K(1536K)->1435K(1536K) Class: 124K(192K)->124K(192K)
[2024-10-12T11:09:27.665+0800][info] GC(61) Pause Young (Concurrent Start) (G1 Evacuation Pause) 88M->88M(128M) 1.856ms
[2024-10-12T11:09:27.665+0800][info] GC(61) User=0.00s Sys=0.00s Real=0.00s
[2024-10-12T11:09:27.665+0800][info] GC(62) Concurrent Mark Cycle
[2024-10-12T11:09:27.665+0800][info] GC(62) Concurrent Clear Claimed Marks
[2024-10-12T11:09:27.665+0800][info] GC(62) Concurrent Clear Claimed Marks 0.017ms
[2024-10-12T11:09:27.665+0800][info] GC(62) Concurrent Scan Root Regions
[2024-10-12T11:09:27.665+0800][info] GC(62) Concurrent Scan Root Regions 0.120ms
[2024-10-12T11:09:27.665+0800][info] GC(62) Concurrent Mark
[2024-10-12T11:09:27.665+0800][info] GC(62) Concurrent Mark From Roots
[2024-10-12T11:09:27.665+0800][info] GC(62) Using 12 workers of 12 for marking
[2024-10-12T11:09:27.669+0800][info] GC(62) Concurrent Mark From Roots 3.970ms
[2024-10-12T11:09:27.669+0800][info] GC(62) Concurrent Preclean
[2024-10-12T11:09:27.671+0800][info] GC(62) Concurrent Preclean 1.710ms
[2024-10-12T11:09:27.671+0800][info] GC(62) Pause Remark
[2024-10-12T11:09:27.672+0800][info] GC(62) Pause Remark 89M->89M(128M) 1.292ms
[2024-10-12T11:09:27.672+0800][info] GC(62) User=0.00s Sys=0.00s Real=0.00s
[2024-10-12T11:09:27.672+0800][info] GC(62) Concurrent Mark 7.276ms
[2024-10-12T11:09:27.672+0800][info] GC(62) Concurrent Rebuild Remembered Sets
[2024-10-12T11:09:27.674+0800][info] GC(62) Concurrent Rebuild Remembered Sets 1.317ms
[2024-10-12T11:09:27.674+0800][info] GC(62) Pause Cleanup
[2024-10-12T11:09:27.674+0800][info] GC(62) Pause Cleanup 89M->89M(128M) 0.139ms
[2024-10-12T11:09:27.674+0800][info] GC(62) User=0.00s Sys=0.00s Real=0.00s
[2024-10-12T11:09:27.674+0800][info] GC(62) Concurrent Cleanup for Next Mark
[2024-10-12T11:09:27.674+0800][info] GC(62) Concurrent Cleanup for Next Mark 0.422ms
[2024-10-12T11:09:27.674+0800][info] GC(62) Concurrent Mark Cycle 9.571ms
[2024-10-12T11:09:27.818+0800][info] GC(63) Pause Young (Prepare Mixed) (G1 Evacuation Pause)
[2024-10-12T11:09:27.819+0800][info] GC(63) Using 3 workers of 48 for evacuation
[2024-10-12T11:09:27.820+0800][info] GC(63)   Pre Evacuate Collection Set: 0.1ms
[2024-10-12T11:09:27.820+0800][info] GC(63)   Merge Heap Roots: 0.1ms
[2024-10-12T11:09:27.820+0800][info] GC(63)   Evacuate Collection Set: 1.1ms
[2024-10-12T11:09:27.820+0800][info] GC(63)   Post Evacuate Collection Set: 0.2ms
[2024-10-12T11:09:27.820+0800][info] GC(63)   Other: 0.2ms
[2024-10-12T11:09:27.820+0800][info] GC(63) Eden regions: 2->0(2)
[2024-10-12T11:09:27.820+0800][info] GC(63) Survivor regions: 1->1(1)
[2024-10-12T11:09:27.820+0800][info] GC(63) Old regions: 46->48
[2024-10-12T11:09:27.820+0800][info] GC(63) Archive regions: 2->2
[2024-10-12T11:09:27.820+0800][info] GC(63) Humongous regions: 2->2
[2024-10-12T11:09:27.820+0800][info] GC(63) Metaspace: 1560K(1728K)->1560K(1728K) NonClass: 1435K(1536K)->1435K(1536K) Class: 124K(192K)->124K(192K)
[2024-10-12T11:09:27.820+0800][info] GC(63) Pause Young (Prepare Mixed) (G1 Evacuation Pause) 92M->92M(128M) 1.835ms
[2024-10-12T11:09:27.820+0800][info] GC(63) User=0.00s Sys=0.00s Real=0.00s
[2024-10-12T11:09:27.882+0800][info] GC(64) Pause Young (Mixed) (G1 Preventive Collection)
[2024-10-12T11:09:27.882+0800][info] GC(64) Using 3 workers of 48 for evacuation
[2024-10-12T11:09:27.889+0800][info] GC(64) To-space exhausted
[2024-10-12T11:09:27.889+0800][info] GC(64)   Pre Evacuate Collection Set: 0.2ms
[2024-10-12T11:09:27.889+0800][info] GC(64)   Merge Heap Roots: 0.1ms
[2024-10-12T11:09:27.889+0800][info] GC(64)   Evacuate Collection Set: 5.5ms
[2024-10-12T11:09:27.889+0800][info] GC(64)   Post Evacuate Collection Set: 1.2ms
[2024-10-12T11:09:27.889+0800][info] GC(64)   Other: 0.2ms
[2024-10-12T11:09:27.889+0800][info] GC(64) Eden regions: 1->0(2)
[2024-10-12T11:09:27.889+0800][info] GC(64) Survivor regions: 1->1(1)
[2024-10-12T11:09:27.889+0800][info] GC(64) Old regions: 48->56
[2024-10-12T11:09:27.889+0800][info] GC(64) Archive regions: 2->2
[2024-10-12T11:09:27.889+0800][info] GC(64) Humongous regions: 2->2
[2024-10-12T11:09:27.889+0800][info] GC(64) Metaspace: 1560K(1728K)->1560K(1728K) NonClass: 1435K(1536K)->1435K(1536K) Class: 124K(192K)->124K(192K)
[2024-10-12T11:09:27.889+0800][info] GC(64) Pause Young (Mixed) (G1 Preventive Collection) 94M->109M(128M) 7.262ms
[2024-10-12T11:09:27.889+0800][info] GC(64) User=0.02s Sys=0.01s Real=0.01s
[2024-10-12T11:09:27.930+0800][info] GC(65) Pause Young (Concurrent Start) (G1 Preventive Collection)
[2024-10-12T11:09:27.930+0800][info] GC(65) Using 3 workers of 48 for evacuation
[2024-10-12T11:09:27.932+0800][info] GC(65)   Pre Evacuate Collection Set: 0.1ms
[2024-10-12T11:09:27.932+0800][info] GC(65)   Merge Heap Roots: 0.1ms
[2024-10-12T11:09:27.932+0800][info] GC(65)   Evacuate Collection Set: 1.0ms
[2024-10-12T11:09:27.932+0800][info] GC(65)   Post Evacuate Collection Set: 0.2ms
[2024-10-12T11:09:27.932+0800][info] GC(65)   Other: 0.4ms
[2024-10-12T11:09:27.932+0800][info] GC(65) Eden regions: 1->0(2)
[2024-10-12T11:09:27.932+0800][info] GC(65) Survivor regions: 1->1(1)
[2024-10-12T11:09:27.932+0800][info] GC(65) Old regions: 56->57
[2024-10-12T11:09:27.932+0800][info] GC(65) Archive regions: 2->2
[2024-10-12T11:09:27.932+0800][info] GC(65) Humongous regions: 2->2
[2024-10-12T11:09:27.932+0800][info] GC(65) Metaspace: 1560K(1728K)->1560K(1728K) NonClass: 1435K(1536K)->1435K(1536K) Class: 124K(192K)->124K(192K)
[2024-10-12T11:09:27.932+0800][info] GC(65) Pause Young (Concurrent Start) (G1 Preventive Collection) 111M->111M(128M) 1.909ms
[2024-10-12T11:09:27.932+0800][info] GC(65) User=0.00s Sys=0.00s Real=0.00s
[2024-10-12T11:09:27.932+0800][info] GC(66) Concurrent Mark Cycle
[2024-10-12T11:09:27.932+0800][info] GC(66) Concurrent Clear Claimed Marks
[2024-10-12T11:09:27.932+0800][info] GC(66) Concurrent Clear Claimed Marks 0.017ms
[2024-10-12T11:09:27.932+0800][info] GC(66) Concurrent Scan Root Regions
[2024-10-12T11:09:27.932+0800][info] GC(66) Concurrent Scan Root Regions 0.155ms
[2024-10-12T11:09:27.932+0800][info] GC(66) Concurrent Mark
[2024-10-12T11:09:27.932+0800][info] GC(66) Concurrent Mark From Roots
[2024-10-12T11:09:27.932+0800][info] GC(66) Using 12 workers of 12 for marking
[2024-10-12T11:09:27.936+0800][info] GC(66) Concurrent Mark From Roots 3.941ms
[2024-10-12T11:09:27.936+0800][info] GC(66) Concurrent Preclean
[2024-10-12T11:09:27.938+0800][info] GC(66) Concurrent Preclean 1.711ms
[2024-10-12T11:09:27.938+0800][info] GC(66) Pause Remark
[2024-10-12T11:09:27.940+0800][info] GC(66) Pause Remark 111M->111M(128M) 1.305ms
[2024-10-12T11:09:27.940+0800][info] GC(66) User=0.00s Sys=0.00s Real=0.00s
[2024-10-12T11:09:27.940+0800][info] GC(66) Concurrent Mark 7.278ms
[2024-10-12T11:09:27.940+0800][info] GC(66) Concurrent Rebuild Remembered Sets
[2024-10-12T11:09:27.941+0800][info] GC(66) Concurrent Rebuild Remembered Sets 1.077ms
[2024-10-12T11:09:27.941+0800][info] GC(66) Pause Cleanup
[2024-10-12T11:09:27.941+0800][info] GC(66) Pause Cleanup 111M->111M(128M) 0.243ms
[2024-10-12T11:09:27.941+0800][info] GC(66) User=0.00s Sys=0.00s Real=0.00s
[2024-10-12T11:09:27.941+0800][info] GC(66) Concurrent Cleanup for Next Mark
[2024-10-12T11:09:27.942+0800][info] GC(66) Concurrent Cleanup for Next Mark 0.399ms
[2024-10-12T11:09:27.942+0800][info] GC(66) Concurrent Mark Cycle 9.562ms
[2024-10-12T11:09:28.046+0800][info] GC(67) Pause Young (Prepare Mixed) (G1 Preventive Collection)
[2024-10-12T11:09:28.046+0800][info] GC(67) Using 3 workers of 48 for evacuation
[2024-10-12T11:09:28.047+0800][info] GC(67) To-space exhausted
[2024-10-12T11:09:28.047+0800][info] GC(67)   Pre Evacuate Collection Set: 0.1ms
[2024-10-12T11:09:28.047+0800][info] GC(67)   Merge Heap Roots: 0.1ms
[2024-10-12T11:09:28.047+0800][info] GC(67)   Evacuate Collection Set: 0.4ms
[2024-10-12T11:09:28.047+0800][info] GC(67)   Post Evacuate Collection Set: 0.2ms
[2024-10-12T11:09:28.047+0800][info] GC(67)   Other: 0.2ms
[2024-10-12T11:09:28.047+0800][info] GC(67) Eden regions: 1->0(2)
[2024-10-12T11:09:28.047+0800][info] GC(67) Survivor regions: 1->1(1)
[2024-10-12T11:09:28.047+0800][info] GC(67) Old regions: 57->58
[2024-10-12T11:09:28.047+0800][info] GC(67) Archive regions: 2->2
[2024-10-12T11:09:28.047+0800][info] GC(67) Humongous regions: 2->2
[2024-10-12T11:09:28.047+0800][info] GC(67) Metaspace: 1560K(1728K)->1560K(1728K) NonClass: 1435K(1536K)->1435K(1536K) Class: 124K(192K)->124K(192K)
[2024-10-12T11:09:28.047+0800][info] GC(67) Pause Young (Prepare Mixed) (G1 Preventive Collection) 112M->113M(128M) 1.124ms
[2024-10-12T11:09:28.047+0800][info] GC(67) User=0.00s Sys=0.00s Real=0.00s
[2024-10-12T11:09:28.088+0800][info] GC(68) Pause Young (Mixed) (G1 Evacuation Pause)
[2024-10-12T11:09:28.088+0800][info] GC(68) Using 3 workers of 48 for evacuation
[2024-10-12T11:09:28.090+0800][info] GC(68) To-space exhausted
[2024-10-12T11:09:28.090+0800][info] GC(68)   Pre Evacuate Collection Set: 0.2ms
[2024-10-12T11:09:28.090+0800][info] GC(68)   Merge Heap Roots: 0.1ms
[2024-10-12T11:09:28.090+0800][info] GC(68)   Evacuate Collection Set: 0.8ms
[2024-10-12T11:09:28.090+0800][info] GC(68)   Post Evacuate Collection Set: 0.6ms
[2024-10-12T11:09:28.090+0800][info] GC(68)   Other: 0.2ms
[2024-10-12T11:09:28.090+0800][info] GC(68) Eden regions: 1->0(3)
[2024-10-12T11:09:28.090+0800][info] GC(68) Survivor regions: 1->0(0)
[2024-10-12T11:09:28.090+0800][info] GC(68) Old regions: 58->60
[2024-10-12T11:09:28.090+0800][info] GC(68) Archive regions: 2->2
[2024-10-12T11:09:28.090+0800][info] GC(68) Humongous regions: 2->2
[2024-10-12T11:09:28.090+0800][info] GC(68) Metaspace: 1560K(1728K)->1560K(1728K) NonClass: 1435K(1536K)->1435K(1536K) Class: 124K(192K)->124K(192K)
[2024-10-12T11:09:28.090+0800][info] GC(68) Pause Young (Mixed) (G1 Evacuation Pause) 114M->114M(128M) 1.868ms
[2024-10-12T11:09:28.090+0800][info] GC(68) User=0.01s Sys=0.00s Real=0.00s
[2024-10-12T11:09:28.090+0800][info] Attempting full compaction
[2024-10-12T11:09:28.090+0800][info] GC(69) Using 3 workers of 48 for full compaction
[2024-10-12T11:09:28.090+0800][info] GC(69) Pause Full (G1 Compaction Pause)
[2024-10-12T11:09:28.090+0800][info] GC(69) Phase 1: Mark live objects
[2024-10-12T11:09:28.093+0800][info] GC(69) Phase 1: Mark live objects 3.142ms
[2024-10-12T11:09:28.093+0800][info] GC(69) Phase 2: Prepare for compaction
[2024-10-12T11:09:28.094+0800][info] GC(69) Phase 2: Prepare for compaction 0.633ms
[2024-10-12T11:09:28.094+0800][info] GC(69) Phase 3: Adjust pointers
[2024-10-12T11:09:28.096+0800][info] GC(69) Phase 3: Adjust pointers 1.490ms
[2024-10-12T11:09:28.096+0800][info] GC(69) Phase 4: Compact heap
[2024-10-12T11:09:28.107+0800][info] GC(69) Phase 4: Compact heap 11.143ms
[2024-10-12T11:09:28.108+0800][info] GC(69) Eden regions: 0->0(4)
[2024-10-12T11:09:28.108+0800][info] GC(69) Survivor regions: 0->0(0)
[2024-10-12T11:09:28.108+0800][info] GC(69) Old regions: 60->37
[2024-10-12T11:09:28.108+0800][info] GC(69) Archive regions: 2->2
[2024-10-12T11:09:28.108+0800][info] GC(69) Humongous regions: 2->2
[2024-10-12T11:09:28.108+0800][info] GC(69) Metaspace: 1560K(1728K)->1560K(1728K) NonClass: 1435K(1536K)->1435K(1536K) Class: 124K(192K)->124K(192K)
[2024-10-12T11:09:28.108+0800][info] GC(69) Pause Full (G1 Compaction Pause) 114M->68M(128M) 17.971ms
[2024-10-12T11:09:28.108+0800][info] GC(69) User=0.04s Sys=0.00s Real=0.02s
[2024-10-12T11:09:28.334+0800][info] GC(70) Pause Young (Normal) (G1 Evacuation Pause)
[2024-10-12T11:09:28.334+0800][info] GC(70) Using 3 workers of 48 for evacuation
[2024-10-12T11:09:28.336+0800][info] GC(70)   Pre Evacuate Collection Set: 0.1ms
[2024-10-12T11:09:28.336+0800][info] GC(70)   Merge Heap Roots: 0.1ms
[2024-10-12T11:09:28.336+0800][info] GC(70)   Evacuate Collection Set: 1.3ms
[2024-10-12T11:09:28.336+0800][info] GC(70)   Post Evacuate Collection Set: 0.2ms
[2024-10-12T11:09:28.336+0800][info] GC(70)   Other: 0.3ms
[2024-10-12T11:09:28.336+0800][info] GC(70) Eden regions: 4->0(3)
[2024-10-12T11:09:28.336+0800][info] GC(70) Survivor regions: 0->1(1)
[2024-10-12T11:09:28.336+0800][info] GC(70) Old regions: 37->40
[2024-10-12T11:09:28.336+0800][info] GC(70) Archive regions: 2->2
[2024-10-12T11:09:28.336+0800][info] GC(70) Humongous regions: 2->2
[2024-10-12T11:09:28.336+0800][info] GC(70) Metaspace: 1560K(1728K)->1560K(1728K) NonClass: 1435K(1536K)->1435K(1536K) Class: 124K(192K)->124K(192K)
[2024-10-12T11:09:28.336+0800][info] GC(70) Pause Young (Normal) (G1 Evacuation Pause) 75M->75M(128M) 2.090ms
[2024-10-12T11:09:28.336+0800][info] GC(70) User=0.01s Sys=0.00s Real=0.00s
[2024-10-12T11:09:28.500+0800][info] GC(71) Pause Young (Normal) (G1 Evacuation Pause)
[2024-10-12T11:09:28.500+0800][info] GC(71) Using 3 workers of 48 for evacuation
[2024-10-12T11:09:28.502+0800][info] GC(71)   Pre Evacuate Collection Set: 0.1ms
[2024-10-12T11:09:28.502+0800][info] GC(71)   Merge Heap Roots: 0.1ms
[2024-10-12T11:09:28.502+0800][info] GC(71)   Evacuate Collection Set: 1.3ms
[2024-10-12T11:09:28.502+0800][info] GC(71)   Post Evacuate Collection Set: 0.2ms
[2024-10-12T11:09:28.502+0800][info] GC(71)   Other: 0.2ms
[2024-10-12T11:09:28.502+0800][info] GC(71) Eden regions: 3->0(2)
[2024-10-12T11:09:28.502+0800][info] GC(71) Survivor regions: 1->1(1)
[2024-10-12T11:09:28.502+0800][info] GC(71) Old regions: 40->44
[2024-10-12T11:09:28.502+0800][info] GC(71) Archive regions: 2->2
[2024-10-12T11:09:28.502+0800][info] GC(71) Humongous regions: 2->2
[2024-10-12T11:09:28.502+0800][info] GC(71) Metaspace: 1560K(1728K)->1560K(1728K) NonClass: 1435K(1536K)->1435K(1536K) Class: 124K(192K)->124K(192K)
[2024-10-12T11:09:28.502+0800][info] GC(71) Pause Young (Normal) (G1 Evacuation Pause) 81M->82M(128M) 2.069ms
[2024-10-12T11:09:28.502+0800][info] GC(71) User=0.01s Sys=0.00s Real=0.00s
[2024-10-12T11:09:28.604+0800][info] GC(72) Pause Young (Normal) (G1 Evacuation Pause)
[2024-10-12T11:09:28.605+0800][info] GC(72) Using 3 workers of 48 for evacuation
[2024-10-12T11:09:28.606+0800][info] GC(72)   Pre Evacuate Collection Set: 0.1ms
[2024-10-12T11:09:28.606+0800][info] GC(72)   Merge Heap Roots: 0.1ms
[2024-10-12T11:09:28.606+0800][info] GC(72)   Evacuate Collection Set: 1.0ms
[2024-10-12T11:09:28.606+0800][info] GC(72)   Post Evacuate Collection Set: 0.2ms
[2024-10-12T11:09:28.606+0800][info] GC(72)   Other: 0.2ms
[2024-10-12T11:09:28.606+0800][info] GC(72) Eden regions: 2->0(2)
[2024-10-12T11:09:28.606+0800][info] GC(72) Survivor regions: 1->1(1)
[2024-10-12T11:09:28.606+0800][info] GC(72) Old regions: 44->46
[2024-10-12T11:09:28.606+0800][info] GC(72) Archive regions: 2->2
[2024-10-12T11:09:28.606+0800][info] GC(72) Humongous regions: 2->2
[2024-10-12T11:09:28.606+0800][info] GC(72) Metaspace: 1560K(1728K)->1560K(1728K) NonClass: 1435K(1536K)->1435K(1536K) Class: 124K(192K)->124K(192K)
[2024-10-12T11:09:28.606+0800][info] GC(72) Pause Young (Normal) (G1 Evacuation Pause) 86M->86M(128M) 1.816ms
[2024-10-12T11:09:28.606+0800][info] GC(72) User=0.00s Sys=0.00s Real=0.01s
[2024-10-12T11:09:28.709+0800][info] GC(73) Pause Young (Concurrent Start) (G1 Evacuation Pause)
[2024-10-12T11:09:28.709+0800][info] GC(73) Using 3 workers of 48 for evacuation
[2024-10-12T11:09:28.711+0800][info] GC(73)   Pre Evacuate Collection Set: 0.1ms
[2024-10-12T11:09:28.711+0800][info] GC(73)   Merge Heap Roots: 0.1ms
[2024-10-12T11:09:28.711+0800][info] GC(73)   Evacuate Collection Set: 0.9ms
[2024-10-12T11:09:28.711+0800][info] GC(73)   Post Evacuate Collection Set: 0.2ms
[2024-10-12T11:09:28.711+0800][info] GC(73)   Other: 0.4ms
[2024-10-12T11:09:28.711+0800][info] GC(73) Eden regions: 2->0(2)
[2024-10-12T11:09:28.711+0800][info] GC(73) Survivor regions: 1->1(1)
[2024-10-12T11:09:28.711+0800][info] GC(73) Old regions: 46->47
[2024-10-12T11:09:28.711+0800][info] GC(73) Archive regions: 2->2
[2024-10-12T11:09:28.711+0800][info] GC(73) Humongous regions: 2->2
[2024-10-12T11:09:28.711+0800][info] GC(73) Metaspace: 1560K(1728K)->1560K(1728K) NonClass: 1435K(1536K)->1435K(1536K) Class: 124K(192K)->124K(192K)
[2024-10-12T11:09:28.711+0800][info] GC(73) Pause Young (Concurrent Start) (G1 Evacuation Pause) 90M->89M(128M) 1.819ms
[2024-10-12T11:09:28.711+0800][info] GC(73) User=0.00s Sys=0.00s Real=0.00s
[2024-10-12T11:09:28.711+0800][info] GC(74) Concurrent Mark Cycle
[2024-10-12T11:09:28.711+0800][info] GC(74) Concurrent Clear Claimed Marks
[2024-10-12T11:09:28.711+0800][info] GC(74) Concurrent Clear Claimed Marks 0.017ms
[2024-10-12T11:09:28.711+0800][info] GC(74) Concurrent Scan Root Regions
[2024-10-12T11:09:28.711+0800][info] GC(74) Concurrent Scan Root Regions 0.167ms
[2024-10-12T11:09:28.712+0800][info] GC(74) Concurrent Mark
[2024-10-12T11:09:28.712+0800][info] GC(74) Concurrent Mark From Roots
[2024-10-12T11:09:28.712+0800][info] GC(74) Using 12 workers of 12 for marking
[2024-10-12T11:09:28.717+0800][info] GC(74) Concurrent Mark From Roots 5.746ms
[2024-10-12T11:09:28.717+0800][info] GC(74) Concurrent Preclean
[2024-10-12T11:09:28.719+0800][info] GC(74) Concurrent Preclean 1.679ms
[2024-10-12T11:09:28.719+0800][info] GC(74) Pause Remark
[2024-10-12T11:09:28.720+0800][info] GC(74) Pause Remark 90M->90M(128M) 1.359ms
[2024-10-12T11:09:28.721+0800][info] GC(74) User=0.00s Sys=0.00s Real=0.00s
[2024-10-12T11:09:28.721+0800][info] GC(74) Concurrent Mark 9.123ms
[2024-10-12T11:09:28.721+0800][info] GC(74) Concurrent Rebuild Remembered Sets
[2024-10-12T11:09:28.722+0800][info] GC(74) Concurrent Rebuild Remembered Sets 1.219ms
[2024-10-12T11:09:28.722+0800][info] GC(74) Pause Cleanup
[2024-10-12T11:09:28.722+0800][info] GC(74) Pause Cleanup 90M->90M(128M) 0.240ms
[2024-10-12T11:09:28.722+0800][info] GC(74) User=0.00s Sys=0.00s Real=0.00s
[2024-10-12T11:09:28.722+0800][info] GC(74) Concurrent Cleanup for Next Mark
[2024-10-12T11:09:28.723+0800][info] GC(74) Concurrent Cleanup for Next Mark 0.479ms
[2024-10-12T11:09:28.723+0800][info] GC(74) Concurrent Mark Cycle 11.616ms
[2024-10-12T11:09:28.865+0800][info] GC(75) Pause Young (Prepare Mixed) (G1 Evacuation Pause)
[2024-10-12T11:09:28.865+0800][info] GC(75) Using 3 workers of 48 for evacuation
[2024-10-12T11:09:28.867+0800][info] GC(75)   Pre Evacuate Collection Set: 0.1ms
[2024-10-12T11:09:28.867+0800][info] GC(75)   Merge Heap Roots: 0.1ms
[2024-10-12T11:09:28.867+0800][info] GC(75)   Evacuate Collection Set: 1.0ms
[2024-10-12T11:09:28.867+0800][info] GC(75)   Post Evacuate Collection Set: 0.2ms
[2024-10-12T11:09:28.867+0800][info] GC(75)   Other: 0.3ms
[2024-10-12T11:09:28.867+0800][info] GC(75) Eden regions: 2->0(2)
[2024-10-12T11:09:28.867+0800][info] GC(75) Survivor regions: 1->1(1)
[2024-10-12T11:09:28.867+0800][info] GC(75) Old regions: 47->50
[2024-10-12T11:09:28.867+0800][info] GC(75) Archive regions: 2->2
[2024-10-12T11:09:28.867+0800][info] GC(75) Humongous regions: 2->2
[2024-10-12T11:09:28.867+0800][info] GC(75) Metaspace: 1560K(1728K)->1560K(1728K) NonClass: 1435K(1536K)->1435K(1536K) Class: 124K(192K)->124K(192K)
[2024-10-12T11:09:28.867+0800][info] GC(75) Pause Young (Prepare Mixed) (G1 Evacuation Pause) 93M->94M(128M) 1.813ms
[2024-10-12T11:09:28.867+0800][info] GC(75) User=0.00s Sys=0.00s Real=0.01s
[2024-10-12T11:09:28.928+0800][info] GC(76) Pause Young (Mixed) (G1 Preventive Collection)
[2024-10-12T11:09:28.928+0800][info] GC(76) Using 3 workers of 48 for evacuation
[2024-10-12T11:09:28.934+0800][info] GC(76) To-space exhausted
[2024-10-12T11:09:28.934+0800][info] GC(76)   Pre Evacuate Collection Set: 0.2ms
[2024-10-12T11:09:28.934+0800][info] GC(76)   Merge Heap Roots: 0.1ms
[2024-10-12T11:09:28.934+0800][info] GC(76)   Evacuate Collection Set: 4.8ms
[2024-10-12T11:09:28.934+0800][info] GC(76)   Post Evacuate Collection Set: 1.0ms
[2024-10-12T11:09:28.934+0800][info] GC(76)   Other: 0.2ms
[2024-10-12T11:09:28.934+0800][info] GC(76) Eden regions: 1->0(2)
[2024-10-12T11:09:28.934+0800][info] GC(76) Survivor regions: 1->1(1)
[2024-10-12T11:09:28.934+0800][info] GC(76) Old regions: 50->56
[2024-10-12T11:09:28.935+0800][info] GC(76) Archive regions: 2->2
[2024-10-12T11:09:28.935+0800][info] GC(76) Humongous regions: 2->2
[2024-10-12T11:09:28.935+0800][info] GC(76) Metaspace: 1560K(1728K)->1560K(1728K) NonClass: 1435K(1536K)->1435K(1536K) Class: 124K(192K)->124K(192K)
[2024-10-12T11:09:28.935+0800][info] GC(76) Pause Young (Mixed) (G1 Preventive Collection) 96M->108M(128M) 6.370ms
[2024-10-12T11:09:28.935+0800][info] GC(76) User=0.02s Sys=0.00s Real=0.01s
[2024-10-12T11:09:28.935+0800][info] GC(77) Pause Young (Concurrent Start) (G1 Humongous Allocation)
[2024-10-12T11:09:28.935+0800][info] GC(77) Using 3 workers of 48 for evacuation
[2024-10-12T11:09:28.936+0800][info] GC(77)   Pre Evacuate Collection Set: 0.1ms
[2024-10-12T11:09:28.936+0800][info] GC(77)   Merge Heap Roots: 0.1ms
[2024-10-12T11:09:28.936+0800][info] GC(77)   Evacuate Collection Set: 0.7ms
[2024-10-12T11:09:28.936+0800][info] GC(77)   Post Evacuate Collection Set: 0.2ms
[2024-10-12T11:09:28.936+0800][info] GC(77)   Other: 0.3ms
[2024-10-12T11:09:28.936+0800][info] GC(77) Eden regions: 1->0(2)
[2024-10-12T11:09:28.936+0800][info] GC(77) Survivor regions: 1->1(1)
[2024-10-12T11:09:28.936+0800][info] GC(77) Old regions: 56->57
[2024-10-12T11:09:28.936+0800][info] GC(77) Archive regions: 2->2
[2024-10-12T11:09:28.936+0800][info] GC(77) Humongous regions: 2->2
[2024-10-12T11:09:28.936+0800][info] GC(77) Metaspace: 1560K(1728K)->1560K(1728K) NonClass: 1435K(1536K)->1435K(1536K) Class: 124K(192K)->124K(192K)
[2024-10-12T11:09:28.936+0800][info] GC(77) Pause Young (Concurrent Start) (G1 Humongous Allocation) 109M->109M(128M) 1.471ms
[2024-10-12T11:09:28.937+0800][info] GC(77) User=0.00s Sys=0.00s Real=0.00s
[2024-10-12T11:09:28.937+0800][info] GC(78) Concurrent Mark Cycle
[2024-10-12T11:09:28.937+0800][info] GC(78) Concurrent Clear Claimed Marks
[2024-10-12T11:09:28.937+0800][info] GC(78) Concurrent Clear Claimed Marks 0.017ms
[2024-10-12T11:09:28.937+0800][info] GC(78) Concurrent Scan Root Regions
[2024-10-12T11:09:28.937+0800][info] GC(78) Concurrent Scan Root Regions 0.155ms
[2024-10-12T11:09:28.937+0800][info] GC(78) Concurrent Mark
[2024-10-12T11:09:28.937+0800][info] GC(78) Concurrent Mark From Roots
[2024-10-12T11:09:28.937+0800][info] GC(78) Using 12 workers of 12 for marking
[2024-10-12T11:09:28.937+0800][info] GC(79) Pause Young (Normal) (G1 Preventive Collection)
[2024-10-12T11:09:28.937+0800][info] GC(79) Using 3 workers of 48 for evacuation
[2024-10-12T11:09:28.938+0800][info] GC(79)   Pre Evacuate Collection Set: 0.2ms
[2024-10-12T11:09:28.938+0800][info] GC(79)   Merge Heap Roots: 0.0ms
[2024-10-12T11:09:28.938+0800][info] GC(79)   Evacuate Collection Set: 0.4ms
[2024-10-12T11:09:28.938+0800][info] GC(79)   Post Evacuate Collection Set: 0.2ms
[2024-10-12T11:09:28.938+0800][info] GC(79)   Other: 0.2ms
[2024-10-12T11:09:28.938+0800][info] GC(79) Eden regions: 0->0(2)
[2024-10-12T11:09:28.938+0800][info] GC(79) Survivor regions: 1->1(1)
[2024-10-12T11:09:28.938+0800][info] GC(79) Old regions: 57->57
[2024-10-12T11:09:28.938+0800][info] GC(79) Archive regions: 2->2
[2024-10-12T11:09:28.938+0800][info] GC(79) Humongous regions: 2->2
[2024-10-12T11:09:28.938+0800][info] GC(79) Metaspace: 1560K(1728K)->1560K(1728K) NonClass: 1435K(1536K)->1435K(1536K) Class: 124K(192K)->124K(192K)
[2024-10-12T11:09:28.938+0800][info] GC(79) Pause Young (Normal) (G1 Preventive Collection) 109M->109M(128M) 0.940ms
[2024-10-12T11:09:28.938+0800][info] GC(79) User=0.00s Sys=0.00s Real=0.00s
[2024-10-12T11:09:28.939+0800][info] GC(80) Pause Young (Normal) (G1 Preventive Collection)
[2024-10-12T11:09:28.940+0800][info] GC(80) Using 3 workers of 48 for evacuation
[2024-10-12T11:09:28.940+0800][info] GC(80)   Pre Evacuate Collection Set: 0.1ms
[2024-10-12T11:09:28.940+0800][info] GC(80)   Merge Heap Roots: 0.0ms
[2024-10-12T11:09:28.940+0800][info] GC(80)   Evacuate Collection Set: 0.3ms
[2024-10-12T11:09:28.940+0800][info] GC(80)   Post Evacuate Collection Set: 0.2ms
[2024-10-12T11:09:28.940+0800][info] GC(80)   Other: 0.2ms
[2024-10-12T11:09:28.940+0800][info] GC(80) Eden regions: 0->0(2)
[2024-10-12T11:09:28.940+0800][info] GC(80) Survivor regions: 1->1(1)
[2024-10-12T11:09:28.940+0800][info] GC(80) Old regions: 57->57
[2024-10-12T11:09:28.940+0800][info] GC(80) Archive regions: 2->2
[2024-10-12T11:09:28.940+0800][info] GC(80) Humongous regions: 3->3
[2024-10-12T11:09:28.940+0800][info] GC(80) Metaspace: 1560K(1728K)->1560K(1728K) NonClass: 1435K(1536K)->1435K(1536K) Class: 124K(192K)->124K(192K)
[2024-10-12T11:09:28.940+0800][info] GC(80) Pause Young (Normal) (G1 Preventive Collection) 111M->111M(128M) 0.894ms
[2024-10-12T11:09:28.940+0800][info] GC(80) User=0.00s Sys=0.00s Real=0.00s
[2024-10-12T11:09:28.944+0800][info] GC(78) Concurrent Mark From Roots 6.679ms
[2024-10-12T11:09:28.944+0800][info] GC(78) Concurrent Preclean
[2024-10-12T11:09:28.945+0800][info] GC(78) Concurrent Preclean 1.712ms
[2024-10-12T11:09:28.945+0800][info] GC(78) Pause Remark
[2024-10-12T11:09:28.947+0800][info] GC(78) Pause Remark 111M->111M(128M) 1.304ms
[2024-10-12T11:09:28.947+0800][info] GC(78) User=0.00s Sys=0.00s Real=0.00s
[2024-10-12T11:09:28.947+0800][info] GC(78) Concurrent Mark 10.016ms
[2024-10-12T11:09:28.947+0800][info] GC(78) Concurrent Rebuild Remembered Sets
[2024-10-12T11:09:28.949+0800][info] GC(78) Concurrent Rebuild Remembered Sets 1.859ms
[2024-10-12T11:09:28.949+0800][info] GC(78) Pause Cleanup
[2024-10-12T11:09:28.949+0800][info] GC(78) Pause Cleanup 111M->111M(128M) 0.257ms
[2024-10-12T11:09:28.949+0800][info] GC(78) User=0.00s Sys=0.00s Real=0.00s
[2024-10-12T11:09:28.949+0800][info] GC(78) Concurrent Cleanup for Next Mark
[2024-10-12T11:09:28.950+0800][info] GC(78) Concurrent Cleanup for Next Mark 0.357ms
[2024-10-12T11:09:28.950+0800][info] GC(78) Concurrent Mark Cycle 13.021ms
[2024-10-12T11:09:29.054+0800][info] GC(81) Pause Young (Prepare Mixed) (G1 Evacuation Pause)
[2024-10-12T11:09:29.054+0800][info] GC(81) Using 3 workers of 48 for evacuation
[2024-10-12T11:09:29.055+0800][info] GC(81) To-space exhausted
[2024-10-12T11:09:29.055+0800][info] GC(81)   Pre Evacuate Collection Set: 0.1ms
[2024-10-12T11:09:29.055+0800][info] GC(81)   Merge Heap Roots: 0.1ms
[2024-10-12T11:09:29.055+0800][info] GC(81)   Evacuate Collection Set: 0.2ms
[2024-10-12T11:09:29.055+0800][info] GC(81)   Post Evacuate Collection Set: 0.3ms
[2024-10-12T11:09:29.055+0800][info] GC(81)   Other: 0.2ms
[2024-10-12T11:09:29.055+0800][info] GC(81) Eden regions: 1->0(3)
[2024-10-12T11:09:29.055+0800][info] GC(81) Survivor regions: 1->0(0)
[2024-10-12T11:09:29.055+0800][info] GC(81) Old regions: 57->59
[2024-10-12T11:09:29.055+0800][info] GC(81) Archive regions: 2->2
[2024-10-12T11:09:29.055+0800][info] GC(81) Humongous regions: 3->3
[2024-10-12T11:09:29.055+0800][info] GC(81) Metaspace: 1563K(1728K)->1563K(1728K) NonClass: 1439K(1536K)->1439K(1536K) Class: 124K(192K)->124K(192K)
[2024-10-12T11:09:29.055+0800][info] GC(81) Pause Young (Prepare Mixed) (G1 Evacuation Pause) 112M->113M(128M) 0.940ms
[2024-10-12T11:09:29.055+0800][info] GC(81) User=0.00s Sys=0.00s Real=0.00s
[2024-10-12T11:09:29.055+0800][info] Attempting full compaction
[2024-10-12T11:09:29.055+0800][info] GC(82) Using 3 workers of 48 for full compaction
[2024-10-12T11:09:29.055+0800][info] GC(82) Pause Full (G1 Compaction Pause)
[2024-10-12T11:09:29.055+0800][info] GC(82) Phase 1: Mark live objects
[2024-10-12T11:09:29.058+0800][info] GC(82) Phase 1: Mark live objects 3.267ms
[2024-10-12T11:09:29.058+0800][info] GC(82) Phase 2: Prepare for compaction
[2024-10-12T11:09:29.059+0800][info] GC(82) Phase 2: Prepare for compaction 0.350ms
[2024-10-12T11:09:29.059+0800][info] GC(82) Phase 3: Adjust pointers
[2024-10-12T11:09:29.060+0800][info] GC(82) Phase 3: Adjust pointers 1.306ms
[2024-10-12T11:09:29.060+0800][info] GC(82) Phase 4: Compact heap
[2024-10-12T11:09:29.070+0800][info] GC(82) Phase 4: Compact heap 9.967ms
[2024-10-12T11:09:29.071+0800][info] GC(82) Eden regions: 0->0(5)
[2024-10-12T11:09:29.071+0800][info] GC(82) Survivor regions: 0->0(0)
[2024-10-12T11:09:29.071+0800][info] GC(82) Old regions: 59->38
[2024-10-12T11:09:29.072+0800][info] GC(82) Archive regions: 2->2
[2024-10-12T11:09:29.072+0800][info] GC(82) Humongous regions: 3->3
[2024-10-12T11:09:29.072+0800][info] GC(82) Metaspace: 1563K(1728K)->1563K(1728K) NonClass: 1439K(1536K)->1439K(1536K) Class: 124K(192K)->124K(192K)
[2024-10-12T11:09:29.072+0800][info] GC(82) Pause Full (G1 Compaction Pause) 113M->70M(128M) 16.463ms
[2024-10-12T11:09:29.072+0800][info] GC(82) User=0.04s Sys=0.00s Real=0.01s
[2024-10-12T11:09:29.338+0800][info] GC(83) Pause Young (Normal) (G1 Evacuation Pause)
[2024-10-12T11:09:29.338+0800][info] GC(83) Using 3 workers of 48 for evacuation
[2024-10-12T11:09:29.340+0800][info] GC(83)   Pre Evacuate Collection Set: 0.1ms
[2024-10-12T11:09:29.340+0800][info] GC(83)   Merge Heap Roots: 0.0ms
[2024-10-12T11:09:29.340+0800][info] GC(83)   Evacuate Collection Set: 1.5ms
[2024-10-12T11:09:29.340+0800][info] GC(83)   Post Evacuate Collection Set: 0.2ms
[2024-10-12T11:09:29.340+0800][info] GC(83)   Other: 0.2ms
[2024-10-12T11:09:29.340+0800][info] GC(83) Eden regions: 5->0(2)
[2024-10-12T11:09:29.340+0800][info] GC(83) Survivor regions: 0->1(1)
[2024-10-12T11:09:29.340+0800][info] GC(83) Old regions: 38->42
[2024-10-12T11:09:29.340+0800][info] GC(83) Archive regions: 2->2
[2024-10-12T11:09:29.340+0800][info] GC(83) Humongous regions: 3->3
[2024-10-12T11:09:29.340+0800][info] GC(83) Metaspace: 1563K(1728K)->1563K(1728K) NonClass: 1439K(1536K)->1439K(1536K) Class: 124K(192K)->124K(192K)
[2024-10-12T11:09:29.340+0800][info] GC(83) Pause Young (Normal) (G1 Evacuation Pause) 80M->80M(128M) 2.277ms
[2024-10-12T11:09:29.340+0800][info] GC(83) User=0.00s Sys=0.00s Real=0.00s
[2024-10-12T11:09:29.443+0800][info] GC(84) Pause Young (Normal) (G1 Evacuation Pause)
[2024-10-12T11:09:29.443+0800][info] GC(84) Using 3 workers of 48 for evacuation
[2024-10-12T11:09:29.445+0800][info] GC(84)   Pre Evacuate Collection Set: 0.1ms
[2024-10-12T11:09:29.445+0800][info] GC(84)   Merge Heap Roots: 0.1ms
[2024-10-12T11:09:29.445+0800][info] GC(84)   Evacuate Collection Set: 1.0ms
[2024-10-12T11:09:29.445+0800][info] GC(84)   Post Evacuate Collection Set: 0.2ms
[2024-10-12T11:09:29.445+0800][info] GC(84)   Other: 0.2ms
[2024-10-12T11:09:29.445+0800][info] GC(84) Eden regions: 2->0(2)
[2024-10-12T11:09:29.445+0800][info] GC(84) Survivor regions: 1->1(1)
[2024-10-12T11:09:29.445+0800][info] GC(84) Old regions: 42->44
[2024-10-12T11:09:29.445+0800][info] GC(84) Archive regions: 2->2
[2024-10-12T11:09:29.445+0800][info] GC(84) Humongous regions: 3->3
[2024-10-12T11:09:29.445+0800][info] GC(84) Metaspace: 1563K(1728K)->1563K(1728K) NonClass: 1439K(1536K)->1439K(1536K) Class: 124K(192K)->124K(192K)
[2024-10-12T11:09:29.445+0800][info] GC(84) Pause Young (Normal) (G1 Evacuation Pause) 84M->84M(128M) 1.788ms
[2024-10-12T11:09:29.445+0800][info] GC(84) User=0.01s Sys=0.00s Real=0.01s
[2024-10-12T11:09:29.547+0800][info] GC(85) Pause Young (Normal) (G1 Evacuation Pause)
[2024-10-12T11:09:29.547+0800][info] GC(85) Using 3 workers of 48 for evacuation
[2024-10-12T11:09:29.549+0800][info] GC(85)   Pre Evacuate Collection Set: 0.1ms
[2024-10-12T11:09:29.549+0800][info] GC(85)   Merge Heap Roots: 0.1ms
[2024-10-12T11:09:29.549+0800][info] GC(85)   Evacuate Collection Set: 1.3ms
[2024-10-12T11:09:29.549+0800][info] GC(85)   Post Evacuate Collection Set: 0.2ms
[2024-10-12T11:09:29.549+0800][info] GC(85)   Other: 0.2ms
[2024-10-12T11:09:29.549+0800][info] GC(85) Eden regions: 2->0(2)
[2024-10-12T11:09:29.549+0800][info] GC(85) Survivor regions: 1->1(1)
[2024-10-12T11:09:29.549+0800][info] GC(85) Old regions: 44->46
[2024-10-12T11:09:29.549+0800][info] GC(85) Archive regions: 2->2
[2024-10-12T11:09:29.549+0800][info] GC(85) Humongous regions: 3->3
[2024-10-12T11:09:29.549+0800][info] GC(85) Metaspace: 1565K(1728K)->1565K(1728K) NonClass: 1441K(1536K)->1441K(1536K) Class: 124K(192K)->124K(192K)
[2024-10-12T11:09:29.549+0800][info] GC(85) Pause Young (Normal) (G1 Evacuation Pause) 88M->88M(128M) 2.071ms
[2024-10-12T11:09:29.549+0800][info] GC(85) User=0.00s Sys=0.01s Real=0.00s
[2024-10-12T11:09:29.652+0800][info] GC(86) Pause Young (Concurrent Start) (G1 Evacuation Pause)
[2024-10-12T11:09:29.652+0800][info] GC(86) Using 3 workers of 48 for evacuation
[2024-10-12T11:09:29.654+0800][info] GC(86)   Pre Evacuate Collection Set: 0.1ms
[2024-10-12T11:09:29.654+0800][info] GC(86)   Merge Heap Roots: 0.1ms
[2024-10-12T11:09:29.654+0800][info] GC(86)   Evacuate Collection Set: 1.2ms
[2024-10-12T11:09:29.654+0800][info] GC(86)   Post Evacuate Collection Set: 0.2ms
[2024-10-12T11:09:29.654+0800][info] GC(86)   Other: 0.4ms
[2024-10-12T11:09:29.654+0800][info] GC(86) Eden regions: 2->0(2)
[2024-10-12T11:09:29.654+0800][info] GC(86) Survivor regions: 1->1(1)
[2024-10-12T11:09:29.654+0800][info] GC(86) Old regions: 46->48
[2024-10-12T11:09:29.654+0800][info] GC(86) Archive regions: 2->2
[2024-10-12T11:09:29.654+0800][info] GC(86) Humongous regions: 3->3
[2024-10-12T11:09:29.654+0800][info] GC(86) Metaspace: 1565K(1728K)->1565K(1728K) NonClass: 1441K(1536K)->1441K(1536K) Class: 124K(192K)->124K(192K)
[2024-10-12T11:09:29.654+0800][info] GC(86) Pause Young (Concurrent Start) (G1 Evacuation Pause) 91M->92M(128M) 2.037ms
[2024-10-12T11:09:29.654+0800][info] GC(86) User=0.00s Sys=0.00s Real=0.01s
[2024-10-12T11:09:29.654+0800][info] GC(87) Concurrent Mark Cycle
[2024-10-12T11:09:29.654+0800][info] GC(87) Concurrent Clear Claimed Marks
[2024-10-12T11:09:29.654+0800][info] GC(87) Concurrent Clear Claimed Marks 0.017ms
[2024-10-12T11:09:29.654+0800][info] GC(87) Concurrent Scan Root Regions
[2024-10-12T11:09:29.654+0800][info] GC(87) Concurrent Scan Root Regions 0.168ms
[2024-10-12T11:09:29.654+0800][info] GC(87) Concurrent Mark
[2024-10-12T11:09:29.654+0800][info] GC(87) Concurrent Mark From Roots
[2024-10-12T11:09:29.654+0800][info] GC(87) Using 12 workers of 12 for marking
[2024-10-12T11:09:29.661+0800][info] GC(87) Concurrent Mark From Roots 6.200ms
[2024-10-12T11:09:29.661+0800][info] GC(87) Concurrent Preclean
[2024-10-12T11:09:29.662+0800][info] GC(87) Concurrent Preclean 1.707ms
[2024-10-12T11:09:29.662+0800][info] GC(87) Pause Remark
[2024-10-12T11:09:29.664+0800][info] GC(87) Pause Remark 92M->92M(128M) 1.371ms
[2024-10-12T11:09:29.664+0800][info] GC(87) User=0.00s Sys=0.00s Real=0.00s
[2024-10-12T11:09:29.664+0800][info] GC(87) Concurrent Mark 9.596ms
[2024-10-12T11:09:29.664+0800][info] GC(87) Concurrent Rebuild Remembered Sets
[2024-10-12T11:09:29.666+0800][info] GC(87) Concurrent Rebuild Remembered Sets 1.840ms
[2024-10-12T11:09:29.666+0800][info] GC(87) Pause Cleanup
[2024-10-12T11:09:29.666+0800][info] GC(87) Pause Cleanup 92M->92M(128M) 0.267ms
[2024-10-12T11:09:29.666+0800][info] GC(87) User=0.00s Sys=0.00s Real=0.00s
[2024-10-12T11:09:29.666+0800][info] GC(87) Concurrent Cleanup for Next Mark
[2024-10-12T11:09:29.667+0800][info] GC(87) Concurrent Cleanup for Next Mark 0.410ms
[2024-10-12T11:09:29.667+0800][info] GC(87) Concurrent Mark Cycle 12.660ms
[2024-10-12T11:09:29.808+0800][info] GC(88) Pause Young (Prepare Mixed) (G1 Evacuation Pause)
[2024-10-12T11:09:29.808+0800][info] GC(88) Using 3 workers of 48 for evacuation
[2024-10-12T11:09:29.809+0800][info] GC(88)   Pre Evacuate Collection Set: 0.1ms
[2024-10-12T11:09:29.809+0800][info] GC(88)   Merge Heap Roots: 0.1ms
[2024-10-12T11:09:29.809+0800][info] GC(88)   Evacuate Collection Set: 1.1ms
[2024-10-12T11:09:29.809+0800][info] GC(88)   Post Evacuate Collection Set: 0.2ms
[2024-10-12T11:09:29.809+0800][info] GC(88)   Other: 0.2ms
[2024-10-12T11:09:29.809+0800][info] GC(88) Eden regions: 2->0(2)
[2024-10-12T11:09:29.809+0800][info] GC(88) Survivor regions: 1->1(1)
[2024-10-12T11:09:29.809+0800][info] GC(88) Old regions: 48->50
[2024-10-12T11:09:29.809+0800][info] GC(88) Archive regions: 2->2
[2024-10-12T11:09:29.809+0800][info] GC(88) Humongous regions: 3->3
[2024-10-12T11:09:29.809+0800][info] GC(88) Metaspace: 1565K(1728K)->1565K(1728K) NonClass: 1441K(1536K)->1441K(1536K) Class: 124K(192K)->124K(192K)
[2024-10-12T11:09:29.810+0800][info] GC(88) Pause Young (Prepare Mixed) (G1 Evacuation Pause) 95M->96M(128M) 1.873ms
[2024-10-12T11:09:29.810+0800][info] GC(88) User=0.00s Sys=0.01s Real=0.00s
[2024-10-12T11:09:29.871+0800][info] GC(89) Pause Young (Mixed) (G1 Preventive Collection)
[2024-10-12T11:09:29.871+0800][info] GC(89) Using 3 workers of 48 for evacuation
[2024-10-12T11:09:29.874+0800][info] GC(89) To-space exhausted
[2024-10-12T11:09:29.874+0800][info] GC(89)   Pre Evacuate Collection Set: 0.2ms
[2024-10-12T11:09:29.874+0800][info] GC(89)   Merge Heap Roots: 0.1ms
[2024-10-12T11:09:29.874+0800][info] GC(89)   Evacuate Collection Set: 2.3ms
[2024-10-12T11:09:29.874+0800][info] GC(89)   Post Evacuate Collection Set: 0.5ms
[2024-10-12T11:09:29.874+0800][info] GC(89)   Other: 0.2ms
[2024-10-12T11:09:29.874+0800][info] GC(89) Eden regions: 1->0(2)
[2024-10-12T11:09:29.874+0800][info] GC(89) Survivor regions: 1->1(1)
[2024-10-12T11:09:29.874+0800][info] GC(89) Old regions: 50->56
[2024-10-12T11:09:29.874+0800][info] GC(89) Archive regions: 2->2
[2024-10-12T11:09:29.874+0800][info] GC(89) Humongous regions: 3->3
[2024-10-12T11:09:29.874+0800][info] GC(89) Metaspace: 1565K(1728K)->1565K(1728K) NonClass: 1441K(1536K)->1441K(1536K) Class: 124K(192K)->124K(192K)
[2024-10-12T11:09:29.874+0800][info] GC(89) Pause Young (Mixed) (G1 Preventive Collection) 97M->110M(128M) 3.381ms
[2024-10-12T11:09:29.874+0800][info] GC(89) User=0.00s Sys=0.00s Real=0.01s
[2024-10-12T11:09:29.916+0800][info] GC(90) Pause Young (Concurrent Start) (G1 Preventive Collection)
[2024-10-12T11:09:29.916+0800][info] GC(90) Using 3 workers of 48 for evacuation
[2024-10-12T11:09:29.918+0800][info] GC(90) To-space exhausted
[2024-10-12T11:09:29.918+0800][info] GC(90)   Pre Evacuate Collection Set: 0.1ms
[2024-10-12T11:09:29.918+0800][info] GC(90)   Merge Heap Roots: 0.1ms
[2024-10-12T11:09:29.918+0800][info] GC(90)   Evacuate Collection Set: 0.7ms
[2024-10-12T11:09:29.918+0800][info] GC(90)   Post Evacuate Collection Set: 0.2ms
[2024-10-12T11:09:29.918+0800][info] GC(90)   Other: 0.4ms
[2024-10-12T11:09:29.918+0800][info] GC(90) Eden regions: 1->0(2)
[2024-10-12T11:09:29.918+0800][info] GC(90) Survivor regions: 1->1(1)
[2024-10-12T11:09:29.918+0800][info] GC(90) Old regions: 56->57
[2024-10-12T11:09:29.918+0800][info] GC(90) Archive regions: 2->2
[2024-10-12T11:09:29.918+0800][info] GC(90) Humongous regions: 3->3
[2024-10-12T11:09:29.918+0800][info] GC(90) Metaspace: 1565K(1728K)->1565K(1728K) NonClass: 1441K(1536K)->1441K(1536K) Class: 124K(192K)->124K(192K)
[2024-10-12T11:09:29.918+0800][info] GC(90) Pause Young (Concurrent Start) (G1 Preventive Collection) 112M->112M(128M) 1.622ms
[2024-10-12T11:09:29.918+0800][info] GC(90) User=0.00s Sys=0.00s Real=0.00s
[2024-10-12T11:09:29.918+0800][info] GC(91) Concurrent Mark Cycle
[2024-10-12T11:09:29.918+0800][info] GC(91) Concurrent Clear Claimed Marks
[2024-10-12T11:09:29.918+0800][info] GC(91) Concurrent Clear Claimed Marks 0.016ms
[2024-10-12T11:09:29.918+0800][info] GC(91) Concurrent Scan Root Regions
[2024-10-12T11:09:29.918+0800][info] GC(91) Concurrent Scan Root Regions 0.101ms
[2024-10-12T11:09:29.918+0800][info] GC(91) Concurrent Mark
[2024-10-12T11:09:29.918+0800][info] GC(91) Concurrent Mark From Roots
[2024-10-12T11:09:29.918+0800][info] GC(91) Using 12 workers of 12 for marking
[2024-10-12T11:09:29.922+0800][info] GC(91) Concurrent Mark From Roots 3.754ms
[2024-10-12T11:09:29.922+0800][info] GC(91) Concurrent Preclean
[2024-10-12T11:09:29.923+0800][info] GC(91) Concurrent Preclean 1.670ms
[2024-10-12T11:09:29.924+0800][info] GC(91) Pause Remark
[2024-10-12T11:09:29.925+0800][info] GC(91) Pause Remark 112M->112M(128M) 1.201ms
[2024-10-12T11:09:29.925+0800][info] GC(91) User=0.00s Sys=0.00s Real=0.00s
[2024-10-12T11:09:29.925+0800][info] GC(91) Concurrent Mark 6.838ms
[2024-10-12T11:09:29.925+0800][info] GC(91) Concurrent Rebuild Remembered Sets
[2024-10-12T11:09:29.927+0800][info] GC(91) Concurrent Rebuild Remembered Sets 1.897ms
[2024-10-12T11:09:29.927+0800][info] GC(91) Pause Cleanup
[2024-10-12T11:09:29.927+0800][info] GC(91) Pause Cleanup 112M->112M(128M) 0.226ms
[2024-10-12T11:09:29.927+0800][info] GC(91) User=0.00s Sys=0.00s Real=0.00s
[2024-10-12T11:09:29.927+0800][info] GC(91) Concurrent Cleanup for Next Mark
[2024-10-12T11:09:29.927+0800][info] GC(91) Concurrent Cleanup for Next Mark 0.264ms
[2024-10-12T11:09:29.927+0800][info] GC(91) Concurrent Mark Cycle 9.676ms
[2024-10-12T11:09:30.030+0800][info] GC(92) Pause Young (Prepare Mixed) (G1 Evacuation Pause)
[2024-10-12T11:09:30.030+0800][info] GC(92) Using 3 workers of 48 for evacuation
[2024-10-12T11:09:30.031+0800][info] GC(92) To-space exhausted
[2024-10-12T11:09:30.031+0800][info] GC(92)   Pre Evacuate Collection Set: 0.1ms
[2024-10-12T11:09:30.031+0800][info] GC(92)   Merge Heap Roots: 0.1ms
[2024-10-12T11:09:30.031+0800][info] GC(92)   Evacuate Collection Set: 0.2ms
[2024-10-12T11:09:30.031+0800][info] GC(92)   Post Evacuate Collection Set: 0.3ms
[2024-10-12T11:09:30.031+0800][info] GC(92)   Other: 0.2ms
[2024-10-12T11:09:30.031+0800][info] GC(92) Eden regions: 1->0(3)
[2024-10-12T11:09:30.031+0800][info] GC(92) Survivor regions: 1->0(0)
[2024-10-12T11:09:30.031+0800][info] GC(92) Old regions: 57->59
[2024-10-12T11:09:30.031+0800][info] GC(92) Archive regions: 2->2
[2024-10-12T11:09:30.031+0800][info] GC(92) Humongous regions: 3->3
[2024-10-12T11:09:30.031+0800][info] GC(92) Metaspace: 1565K(1728K)->1565K(1728K) NonClass: 1441K(1536K)->1441K(1536K) Class: 124K(192K)->124K(192K)
[2024-10-12T11:09:30.031+0800][info] GC(92) Pause Young (Prepare Mixed) (G1 Evacuation Pause) 113M->113M(128M) 0.935ms
[2024-10-12T11:09:30.031+0800][info] GC(92) User=0.00s Sys=0.00s Real=0.00s
[2024-10-12T11:09:30.031+0800][info] Attempting full compaction
[2024-10-12T11:09:30.031+0800][info] GC(93) Using 3 workers of 48 for full compaction
[2024-10-12T11:09:30.031+0800][info] GC(93) Pause Full (G1 Compaction Pause)
[2024-10-12T11:09:30.031+0800][info] GC(93) Phase 1: Mark live objects
[2024-10-12T11:09:30.035+0800][info] GC(93) Phase 1: Mark live objects 3.263ms
[2024-10-12T11:09:30.035+0800][info] GC(93) Phase 2: Prepare for compaction
[2024-10-12T11:09:30.036+0800][info] GC(93) Phase 2: Prepare for compaction 1.249ms
[2024-10-12T11:09:30.036+0800][info] GC(93) Phase 3: Adjust pointers
[2024-10-12T11:09:30.038+0800][info] GC(93) Phase 3: Adjust pointers 1.678ms
[2024-10-12T11:09:30.038+0800][info] GC(93) Phase 4: Compact heap
[2024-10-12T11:09:30.051+0800][info] GC(93) Phase 4: Compact heap 13.035ms
[2024-10-12T11:09:30.052+0800][info] GC(93) Eden regions: 0->0(4)
[2024-10-12T11:09:30.052+0800][info] GC(93) Survivor regions: 0->0(0)
[2024-10-12T11:09:30.052+0800][info] GC(93) Old regions: 59->38
[2024-10-12T11:09:30.052+0800][info] GC(93) Archive regions: 2->2
[2024-10-12T11:09:30.052+0800][info] GC(93) Humongous regions: 3->3
[2024-10-12T11:09:30.052+0800][info] GC(93) Metaspace: 1565K(1728K)->1565K(1728K) NonClass: 1441K(1536K)->1441K(1536K) Class: 124K(192K)->124K(192K)
[2024-10-12T11:09:30.052+0800][info] GC(93) Pause Full (G1 Compaction Pause) 113M->71M(128M) 20.810ms
[2024-10-12T11:09:30.052+0800][info] GC(93) User=0.05s Sys=0.00s Real=0.02s
[2024-10-12T11:09:30.258+0800][info] GC(94) Pause Young (Normal) (G1 Evacuation Pause)
[2024-10-12T11:09:30.258+0800][info] GC(94) Using 3 workers of 48 for evacuation
[2024-10-12T11:09:30.259+0800][info] GC(94)   Pre Evacuate Collection Set: 0.1ms
[2024-10-12T11:09:30.259+0800][info] GC(94)   Merge Heap Roots: 0.0ms
[2024-10-12T11:09:30.259+0800][info] GC(94)   Evacuate Collection Set: 1.3ms
[2024-10-12T11:09:30.259+0800][info] GC(94)   Post Evacuate Collection Set: 0.2ms
[2024-10-12T11:09:30.259+0800][info] GC(94)   Other: 0.2ms
[2024-10-12T11:09:30.260+0800][info] GC(94) Eden regions: 4->0(2)
[2024-10-12T11:09:30.260+0800][info] GC(94) Survivor regions: 0->1(1)
[2024-10-12T11:09:30.260+0800][info] GC(94) Old regions: 38->41
[2024-10-12T11:09:30.260+0800][info] GC(94) Archive regions: 2->2
[2024-10-12T11:09:30.260+0800][info] GC(94) Humongous regions: 3->3
[2024-10-12T11:09:30.260+0800][info] GC(94) Metaspace: 1565K(1728K)->1565K(1728K) NonClass: 1441K(1536K)->1441K(1536K) Class: 124K(192K)->124K(192K)
[2024-10-12T11:09:30.260+0800][info] GC(94) Pause Young (Normal) (G1 Evacuation Pause) 78M->78M(128M) 2.084ms
[2024-10-12T11:09:30.260+0800][info] GC(94) User=0.01s Sys=0.00s Real=0.00s
[2024-10-12T11:09:30.362+0800][info] GC(95) Pause Young (Normal) (G1 Evacuation Pause)
[2024-10-12T11:09:30.362+0800][info] GC(95) Using 3 workers of 48 for evacuation
[2024-10-12T11:09:30.363+0800][info] GC(95)   Pre Evacuate Collection Set: 0.1ms
[2024-10-12T11:09:30.363+0800][info] GC(95)   Merge Heap Roots: 0.0ms
[2024-10-12T11:09:30.363+0800][info] GC(95)   Evacuate Collection Set: 1.0ms
[2024-10-12T11:09:30.363+0800][info] GC(95)   Post Evacuate Collection Set: 0.2ms
[2024-10-12T11:09:30.363+0800][info] GC(95)   Other: 0.2ms
[2024-10-12T11:09:30.363+0800][info] GC(95) Eden regions: 2->0(2)
[2024-10-12T11:09:30.363+0800][info] GC(95) Survivor regions: 1->1(1)
[2024-10-12T11:09:30.363+0800][info] GC(95) Old regions: 41->43
[2024-10-12T11:09:30.363+0800][info] GC(95) Archive regions: 2->2
[2024-10-12T11:09:30.363+0800][info] GC(95) Humongous regions: 3->3
[2024-10-12T11:09:30.363+0800][info] GC(95) Metaspace: 1565K(1728K)->1565K(1728K) NonClass: 1441K(1536K)->1441K(1536K) Class: 124K(192K)->124K(192K)
[2024-10-12T11:09:30.363+0800][info] GC(95) Pause Young (Normal) (G1 Evacuation Pause) 82M->82M(128M) 1.709ms
[2024-10-12T11:09:30.364+0800][info] GC(95) User=0.00s Sys=0.00s Real=0.00s
[2024-10-12T11:09:30.466+0800][info] GC(96) Pause Young (Normal) (G1 Evacuation Pause)
[2024-10-12T11:09:30.466+0800][info] GC(96) Using 3 workers of 48 for evacuation
[2024-10-12T11:09:30.468+0800][info] GC(96)   Pre Evacuate Collection Set: 0.1ms
[2024-10-12T11:09:30.468+0800][info] GC(96)   Merge Heap Roots: 0.0ms
[2024-10-12T11:09:30.468+0800][info] GC(96)   Evacuate Collection Set: 0.9ms
[2024-10-12T11:09:30.468+0800][info] GC(96)   Post Evacuate Collection Set: 0.2ms
[2024-10-12T11:09:30.468+0800][info] GC(96)   Other: 0.2ms
[2024-10-12T11:09:30.468+0800][info] GC(96) Eden regions: 2->0(2)
[2024-10-12T11:09:30.468+0800][info] GC(96) Survivor regions: 1->1(1)
[2024-10-12T11:09:30.468+0800][info] GC(96) Old regions: 43->46
[2024-10-12T11:09:30.468+0800][info] GC(96) Archive regions: 2->2
[2024-10-12T11:09:30.468+0800][info] GC(96) Humongous regions: 3->3
[2024-10-12T11:09:30.468+0800][info] GC(96) Metaspace: 1565K(1728K)->1565K(1728K) NonClass: 1441K(1536K)->1441K(1536K) Class: 124K(192K)->124K(192K)
[2024-10-12T11:09:30.468+0800][info] GC(96) Pause Young (Normal) (G1 Evacuation Pause) 86M->87M(128M) 1.610ms
[2024-10-12T11:09:30.468+0800][info] GC(96) User=0.01s Sys=0.00s Real=0.00s
[2024-10-12T11:09:30.570+0800][info] GC(97) Pause Young (Concurrent Start) (G1 Evacuation Pause)
[2024-10-12T11:09:30.570+0800][info] GC(97) Using 3 workers of 48 for evacuation
[2024-10-12T11:09:30.572+0800][info] GC(97)   Pre Evacuate Collection Set: 0.1ms
[2024-10-12T11:09:30.572+0800][info] GC(97)   Merge Heap Roots: 0.1ms
[2024-10-12T11:09:30.572+0800][info] GC(97)   Evacuate Collection Set: 1.3ms
[2024-10-12T11:09:30.572+0800][info] GC(97)   Post Evacuate Collection Set: 0.2ms
[2024-10-12T11:09:30.572+0800][info] GC(97)   Other: 0.3ms
[2024-10-12T11:09:30.572+0800][info] GC(97) Eden regions: 2->0(2)
[2024-10-12T11:09:30.572+0800][info] GC(97) Survivor regions: 1->1(1)
[2024-10-12T11:09:30.572+0800][info] GC(97) Old regions: 46->47
[2024-10-12T11:09:30.572+0800][info] GC(97) Archive regions: 2->2
[2024-10-12T11:09:30.572+0800][info] GC(97) Humongous regions: 3->3
[2024-10-12T11:09:30.572+0800][info] GC(97) Metaspace: 1565K(1728K)->1565K(1728K) NonClass: 1441K(1536K)->1441K(1536K) Class: 124K(192K)->124K(192K)
[2024-10-12T11:09:30.572+0800][info] GC(97) Pause Young (Concurrent Start) (G1 Evacuation Pause) 90M->90M(128M) 2.087ms
[2024-10-12T11:09:30.572+0800][info] GC(97) User=0.00s Sys=0.00s Real=0.00s
[2024-10-12T11:09:30.572+0800][info] GC(98) Concurrent Mark Cycle
[2024-10-12T11:09:30.572+0800][info] GC(98) Concurrent Clear Claimed Marks
[2024-10-12T11:09:30.572+0800][info] GC(98) Concurrent Clear Claimed Marks 0.017ms
[2024-10-12T11:09:30.572+0800][info] GC(98) Concurrent Scan Root Regions
[2024-10-12T11:09:30.572+0800][info] GC(98) Concurrent Scan Root Regions 0.151ms
[2024-10-12T11:09:30.572+0800][info] GC(98) Concurrent Mark
[2024-10-12T11:09:30.572+0800][info] GC(98) Concurrent Mark From Roots
[2024-10-12T11:09:30.572+0800][info] GC(98) Using 12 workers of 12 for marking
[2024-10-12T11:09:30.579+0800][info] GC(98) Concurrent Mark From Roots 6.545ms
[2024-10-12T11:09:30.579+0800][info] GC(98) Concurrent Preclean
[2024-10-12T11:09:30.581+0800][info] GC(98) Concurrent Preclean 1.673ms
[2024-10-12T11:09:30.581+0800][info] GC(98) Pause Remark
[2024-10-12T11:09:30.582+0800][info] GC(98) Pause Remark 91M->91M(128M) 1.422ms
[2024-10-12T11:09:30.582+0800][info] GC(98) User=0.00s Sys=0.00s Real=0.00s
[2024-10-12T11:09:30.582+0800][info] GC(98) Concurrent Mark 9.964ms
[2024-10-12T11:09:30.582+0800][info] GC(98) Concurrent Rebuild Remembered Sets
[2024-10-12T11:09:30.584+0800][info] GC(98) Concurrent Rebuild Remembered Sets 1.148ms
[2024-10-12T11:09:30.584+0800][info] GC(98) Pause Cleanup
[2024-10-12T11:09:30.584+0800][info] GC(98) Pause Cleanup 91M->91M(128M) 0.170ms
[2024-10-12T11:09:30.584+0800][info] GC(98) User=0.00s Sys=0.00s Real=0.00s
[2024-10-12T11:09:30.584+0800][info] GC(98) Concurrent Cleanup for Next Mark
[2024-10-12T11:09:30.584+0800][info] GC(98) Concurrent Cleanup for Next Mark 0.379ms
[2024-10-12T11:09:30.584+0800][info] GC(98) Concurrent Mark Cycle 12.186ms
[2024-10-12T11:09:30.726+0800][info] GC(99) Pause Young (Prepare Mixed) (G1 Evacuation Pause)
[2024-10-12T11:09:30.726+0800][info] GC(99) Using 3 workers of 48 for evacuation
[2024-10-12T11:09:30.728+0800][info] GC(99)   Pre Evacuate Collection Set: 0.1ms
[2024-10-12T11:09:30.728+0800][info] GC(99)   Merge Heap Roots: 0.1ms
[2024-10-12T11:09:30.728+0800][info] GC(99)   Evacuate Collection Set: 1.1ms
[2024-10-12T11:09:30.728+0800][info] GC(99)   Post Evacuate Collection Set: 0.2ms
[2024-10-12T11:09:30.728+0800][info] GC(99)   Other: 0.2ms
[2024-10-12T11:09:30.728+0800][info] GC(99) Eden regions: 2->0(2)
[2024-10-12T11:09:30.728+0800][info] GC(99) Survivor regions: 1->1(1)
[2024-10-12T11:09:30.728+0800][info] GC(99) Old regions: 47->49
[2024-10-12T11:09:30.728+0800][info] GC(99) Archive regions: 2->2
[2024-10-12T11:09:30.728+0800][info] GC(99) Humongous regions: 3->3
[2024-10-12T11:09:30.728+0800][info] GC(99) Metaspace: 1565K(1728K)->1565K(1728K) NonClass: 1441K(1536K)->1441K(1536K) Class: 124K(192K)->124K(192K)
[2024-10-12T11:09:30.728+0800][info] GC(99) Pause Young (Prepare Mixed) (G1 Evacuation Pause) 94M->94M(128M) 1.822ms
[2024-10-12T11:09:30.728+0800][info] GC(99) User=0.00s Sys=0.00s Real=0.00s
[2024-10-12T11:09:30.789+0800][info] GC(100) Pause Young (Mixed) (G1 Preventive Collection)
[2024-10-12T11:09:30.789+0800][info] GC(100) Using 3 workers of 48 for evacuation
[2024-10-12T11:09:30.795+0800][info] GC(100) To-space exhausted
[2024-10-12T11:09:30.795+0800][info] GC(100)   Pre Evacuate Collection Set: 0.2ms
[2024-10-12T11:09:30.795+0800][info] GC(100)   Merge Heap Roots: 0.1ms
[2024-10-12T11:09:30.795+0800][info] GC(100)   Evacuate Collection Set: 4.5ms
[2024-10-12T11:09:30.795+0800][info] GC(100)   Post Evacuate Collection Set: 1.2ms
[2024-10-12T11:09:30.795+0800][info] GC(100)   Other: 0.2ms
[2024-10-12T11:09:30.796+0800][info] GC(100) Eden regions: 1->0(2)
[2024-10-12T11:09:30.796+0800][info] GC(100) Survivor regions: 1->1(1)
[2024-10-12T11:09:30.796+0800][info] GC(100) Old regions: 49->56
[2024-10-12T11:09:30.796+0800][info] GC(100) Archive regions: 2->2
[2024-10-12T11:09:30.796+0800][info] GC(100) Humongous regions: 3->3
[2024-10-12T11:09:30.796+0800][info] GC(100) Metaspace: 1566K(1728K)->1566K(1728K) NonClass: 1442K(1536K)->1442K(1536K) Class: 124K(192K)->124K(192K)
[2024-10-12T11:09:30.796+0800][info] GC(100) Pause Young (Mixed) (G1 Preventive Collection) 96M->108M(128M) 6.270ms
[2024-10-12T11:09:30.796+0800][info] GC(100) User=0.02s Sys=0.00s Real=0.01s
[2024-10-12T11:09:30.837+0800][info] GC(101) Pause Young (Concurrent Start) (G1 Preventive Collection)
[2024-10-12T11:09:30.837+0800][info] GC(101) Using 3 workers of 48 for evacuation
[2024-10-12T11:09:30.838+0800][info] GC(101) To-space exhausted
[2024-10-12T11:09:30.838+0800][info] GC(101)   Pre Evacuate Collection Set: 0.1ms
[2024-10-12T11:09:30.838+0800][info] GC(101)   Merge Heap Roots: 0.1ms
[2024-10-12T11:09:30.838+0800][info] GC(101)   Evacuate Collection Set: 0.7ms
[2024-10-12T11:09:30.838+0800][info] GC(101)   Post Evacuate Collection Set: 0.2ms
[2024-10-12T11:09:30.838+0800][info] GC(101)   Other: 0.4ms
[2024-10-12T11:09:30.838+0800][info] GC(101) Eden regions: 1->0(2)
[2024-10-12T11:09:30.838+0800][info] GC(101) Survivor regions: 1->1(1)
[2024-10-12T11:09:30.838+0800][info] GC(101) Old regions: 56->57
[2024-10-12T11:09:30.838+0800][info] GC(101) Archive regions: 2->2
[2024-10-12T11:09:30.838+0800][info] GC(101) Humongous regions: 3->3
[2024-10-12T11:09:30.838+0800][info] GC(101) Metaspace: 1566K(1728K)->1566K(1728K) NonClass: 1442K(1536K)->1442K(1536K) Class: 124K(192K)->124K(192K)
[2024-10-12T11:09:30.838+0800][info] GC(101) Pause Young (Concurrent Start) (G1 Preventive Collection) 110M->110M(128M) 1.643ms
[2024-10-12T11:09:30.839+0800][info] GC(101) User=0.00s Sys=0.00s Real=0.00s
[2024-10-12T11:09:30.839+0800][info] GC(102) Concurrent Mark Cycle
[2024-10-12T11:09:30.839+0800][info] GC(102) Concurrent Clear Claimed Marks
[2024-10-12T11:09:30.839+0800][info] GC(102) Concurrent Clear Claimed Marks 0.016ms
[2024-10-12T11:09:30.839+0800][info] GC(102) Concurrent Scan Root Regions
[2024-10-12T11:09:30.839+0800][info] GC(102) Concurrent Scan Root Regions 0.151ms
[2024-10-12T11:09:30.839+0800][info] GC(102) Concurrent Mark
[2024-10-12T11:09:30.839+0800][info] GC(102) Concurrent Mark From Roots
[2024-10-12T11:09:30.839+0800][info] GC(102) Using 12 workers of 12 for marking
[2024-10-12T11:09:30.843+0800][info] GC(102) Concurrent Mark From Roots 3.905ms
[2024-10-12T11:09:30.843+0800][info] GC(102) Concurrent Preclean
[2024-10-12T11:09:30.844+0800][info] GC(102) Concurrent Preclean 1.672ms
[2024-10-12T11:09:30.845+0800][info] GC(102) Pause Remark
[2024-10-12T11:09:30.846+0800][info] GC(102) Pause Remark 111M->111M(128M) 1.329ms
[2024-10-12T11:09:30.846+0800][info] GC(102) User=0.00s Sys=0.00s Real=0.01s
[2024-10-12T11:09:30.846+0800][info] GC(102) Concurrent Mark 7.213ms
[2024-10-12T11:09:30.846+0800][info] GC(102) Concurrent Rebuild Remembered Sets
[2024-10-12T11:09:30.847+0800][info] GC(102) Concurrent Rebuild Remembered Sets 1.002ms
[2024-10-12T11:09:30.847+0800][info] GC(102) Pause Cleanup
[2024-10-12T11:09:30.847+0800][info] GC(102) Pause Cleanup 111M->111M(128M) 0.237ms
[2024-10-12T11:09:30.848+0800][info] GC(102) User=0.00s Sys=0.00s Real=0.00s
[2024-10-12T11:09:30.848+0800][info] GC(102) Concurrent Cleanup for Next Mark
[2024-10-12T11:09:30.848+0800][info] GC(102) Concurrent Cleanup for Next Mark 0.477ms
[2024-10-12T11:09:30.848+0800][info] GC(102) Concurrent Mark Cycle 9.480ms
[2024-10-12T11:09:30.952+0800][info] GC(103) Pause Young (Prepare Mixed) (G1 Evacuation Pause)
[2024-10-12T11:09:30.952+0800][info] GC(103) Using 3 workers of 48 for evacuation
[2024-10-12T11:09:30.953+0800][info] GC(103) To-space exhausted
[2024-10-12T11:09:30.953+0800][info] GC(103)   Pre Evacuate Collection Set: 0.1ms
[2024-10-12T11:09:30.953+0800][info] GC(103)   Merge Heap Roots: 0.1ms
[2024-10-12T11:09:30.953+0800][info] GC(103)   Evacuate Collection Set: 0.2ms
[2024-10-12T11:09:30.953+0800][info] GC(103)   Post Evacuate Collection Set: 0.3ms
[2024-10-12T11:09:30.953+0800][info] GC(103)   Other: 0.2ms
[2024-10-12T11:09:30.953+0800][info] GC(103) Eden regions: 1->0(3)
[2024-10-12T11:09:30.953+0800][info] GC(103) Survivor regions: 1->0(0)
[2024-10-12T11:09:30.953+0800][info] GC(103) Old regions: 57->59
[2024-10-12T11:09:30.953+0800][info] GC(103) Archive regions: 2->2
[2024-10-12T11:09:30.953+0800][info] GC(103) Humongous regions: 3->3
[2024-10-12T11:09:30.953+0800][info] GC(103) Metaspace: 1568K(1728K)->1568K(1728K) NonClass: 1444K(1536K)->1444K(1536K) Class: 124K(192K)->124K(192K)
[2024-10-12T11:09:30.953+0800][info] GC(103) Pause Young (Prepare Mixed) (G1 Evacuation Pause) 112M->112M(128M) 0.929ms
[2024-10-12T11:09:30.953+0800][info] GC(103) User=0.00s Sys=0.00s Real=0.00s
[2024-10-12T11:09:30.953+0800][info] Attempting full compaction
[2024-10-12T11:09:30.953+0800][info] GC(104) Using 3 workers of 48 for full compaction
[2024-10-12T11:09:30.953+0800][info] GC(104) Pause Full (G1 Compaction Pause)
[2024-10-12T11:09:30.953+0800][info] GC(104) Phase 1: Mark live objects
[2024-10-12T11:09:30.956+0800][info] GC(104) Phase 1: Mark live objects 3.365ms
[2024-10-12T11:09:30.956+0800][info] GC(104) Phase 2: Prepare for compaction
[2024-10-12T11:09:30.957+0800][info] GC(104) Phase 2: Prepare for compaction 0.731ms
[2024-10-12T11:09:30.957+0800][info] GC(104) Phase 3: Adjust pointers
[2024-10-12T11:09:30.959+0800][info] GC(104) Phase 3: Adjust pointers 1.438ms
[2024-10-12T11:09:30.959+0800][info] GC(104) Phase 4: Compact heap
[2024-10-12T11:09:30.969+0800][info] GC(104) Phase 4: Compact heap 10.263ms
[2024-10-12T11:09:30.970+0800][info] GC(104) Eden regions: 0->0(4)
[2024-10-12T11:09:30.970+0800][info] GC(104) Survivor regions: 0->0(0)
[2024-10-12T11:09:30.970+0800][info] GC(104) Old regions: 59->37
[2024-10-12T11:09:30.970+0800][info] GC(104) Archive regions: 2->2
[2024-10-12T11:09:30.970+0800][info] GC(104) Humongous regions: 3->3
[2024-10-12T11:09:30.970+0800][info] GC(104) Metaspace: 1568K(1728K)->1568K(1728K) NonClass: 1444K(1536K)->1444K(1536K) Class: 124K(192K)->124K(192K)
[2024-10-12T11:09:30.970+0800][info] GC(104) Pause Full (G1 Compaction Pause) 112M->71M(128M) 17.342ms
[2024-10-12T11:09:30.970+0800][info] GC(104) User=0.05s Sys=0.01s Real=0.02s
[2024-10-12T11:09:31.175+0800][info] GC(105) Pause Young (Normal) (G1 Evacuation Pause)
[2024-10-12T11:09:31.175+0800][info] GC(105) Using 3 workers of 48 for evacuation
[2024-10-12T11:09:31.177+0800][info] GC(105)   Pre Evacuate Collection Set: 0.1ms
[2024-10-12T11:09:31.177+0800][info] GC(105)   Merge Heap Roots: 0.0ms
[2024-10-12T11:09:31.177+0800][info] GC(105)   Evacuate Collection Set: 1.3ms
[2024-10-12T11:09:31.177+0800][info] GC(105)   Post Evacuate Collection Set: 0.2ms
[2024-10-12T11:09:31.177+0800][info] GC(105)   Other: 0.2ms
[2024-10-12T11:09:31.177+0800][info] GC(105) Eden regions: 4->0(3)
[2024-10-12T11:09:31.177+0800][info] GC(105) Survivor regions: 0->1(1)
[2024-10-12T11:09:31.177+0800][info] GC(105) Old regions: 37->40
[2024-10-12T11:09:31.177+0800][info] GC(105) Archive regions: 2->2
[2024-10-12T11:09:31.177+0800][info] GC(105) Humongous regions: 3->3
[2024-10-12T11:09:31.177+0800][info] GC(105) Metaspace: 1568K(1728K)->1568K(1728K) NonClass: 1444K(1536K)->1444K(1536K) Class: 124K(192K)->124K(192K)
[2024-10-12T11:09:31.177+0800][info] GC(105) Pause Young (Normal) (G1 Evacuation Pause) 79M->78M(128M) 2.082ms
[2024-10-12T11:09:31.177+0800][info] GC(105) User=0.00s Sys=0.00s Real=0.00s
[2024-10-12T11:09:31.341+0800][info] GC(106) Pause Young (Normal) (G1 Evacuation Pause)
[2024-10-12T11:09:31.341+0800][info] GC(106) Using 3 workers of 48 for evacuation
[2024-10-12T11:09:31.343+0800][info] GC(106)   Pre Evacuate Collection Set: 0.1ms
[2024-10-12T11:09:31.343+0800][info] GC(106)   Merge Heap Roots: 0.1ms
[2024-10-12T11:09:31.343+0800][info] GC(106)   Evacuate Collection Set: 1.4ms
[2024-10-12T11:09:31.343+0800][info] GC(106)   Post Evacuate Collection Set: 0.2ms
[2024-10-12T11:09:31.343+0800][info] GC(106)   Other: 0.2ms
[2024-10-12T11:09:31.343+0800][info] GC(106) Eden regions: 3->0(2)
[2024-10-12T11:09:31.343+0800][info] GC(106) Survivor regions: 1->1(1)
[2024-10-12T11:09:31.343+0800][info] GC(106) Old regions: 40->43
[2024-10-12T11:09:31.343+0800][info] GC(106) Archive regions: 2->2
[2024-10-12T11:09:31.343+0800][info] GC(106) Humongous regions: 3->3
[2024-10-12T11:09:31.343+0800][info] GC(106) Metaspace: 1568K(1728K)->1568K(1728K) NonClass: 1444K(1536K)->1444K(1536K) Class: 124K(192K)->124K(192K)
[2024-10-12T11:09:31.343+0800][info] GC(106) Pause Young (Normal) (G1 Evacuation Pause) 84M->84M(128M) 2.108ms
[2024-10-12T11:09:31.343+0800][info] GC(106) User=0.01s Sys=0.00s Real=0.00s
[2024-10-12T11:09:31.446+0800][info] GC(107) Pause Young (Normal) (G1 Evacuation Pause)
[2024-10-12T11:09:31.446+0800][info] GC(107) Using 3 workers of 48 for evacuation
[2024-10-12T11:09:31.448+0800][info] GC(107)   Pre Evacuate Collection Set: 0.1ms
[2024-10-12T11:09:31.448+0800][info] GC(107)   Merge Heap Roots: 0.1ms
[2024-10-12T11:09:31.448+0800][info] GC(107)   Evacuate Collection Set: 1.0ms
[2024-10-12T11:09:31.448+0800][info] GC(107)   Post Evacuate Collection Set: 0.2ms
[2024-10-12T11:09:31.448+0800][info] GC(107)   Other: 0.2ms
[2024-10-12T11:09:31.448+0800][info] GC(107) Eden regions: 2->0(2)
[2024-10-12T11:09:31.448+0800][info] GC(107) Survivor regions: 1->1(1)
[2024-10-12T11:09:31.448+0800][info] GC(107) Old regions: 43->45
[2024-10-12T11:09:31.448+0800][info] GC(107) Archive regions: 2->2
[2024-10-12T11:09:31.448+0800][info] GC(107) Humongous regions: 4->4
[2024-10-12T11:09:31.448+0800][info] GC(107) Metaspace: 1569K(1728K)->1569K(1728K) NonClass: 1445K(1536K)->1445K(1536K) Class: 124K(192K)->124K(192K)
[2024-10-12T11:09:31.448+0800][info] GC(107) Pause Young (Normal) (G1 Evacuation Pause) 90M->90M(128M) 1.770ms
[2024-10-12T11:09:31.448+0800][info] GC(107) User=0.00s Sys=0.00s Real=0.00s
[2024-10-12T11:09:31.550+0800][info] GC(108) Pause Young (Concurrent Start) (G1 Evacuation Pause)
[2024-10-12T11:09:31.550+0800][info] GC(108) Using 3 workers of 48 for evacuation
[2024-10-12T11:09:31.552+0800][info] GC(108)   Pre Evacuate Collection Set: 0.1ms
[2024-10-12T11:09:31.552+0800][info] GC(108)   Merge Heap Roots: 0.1ms
[2024-10-12T11:09:31.552+0800][info] GC(108)   Evacuate Collection Set: 1.2ms
[2024-10-12T11:09:31.552+0800][info] GC(108)   Post Evacuate Collection Set: 0.2ms
[2024-10-12T11:09:31.552+0800][info] GC(108)   Other: 0.4ms
[2024-10-12T11:09:31.552+0800][info] GC(108) Eden regions: 2->0(2)
[2024-10-12T11:09:31.552+0800][info] GC(108) Survivor regions: 1->1(1)
[2024-10-12T11:09:31.552+0800][info] GC(108) Old regions: 45->47
[2024-10-12T11:09:31.552+0800][info] GC(108) Archive regions: 2->2
[2024-10-12T11:09:31.552+0800][info] GC(108) Humongous regions: 4->4
[2024-10-12T11:09:31.552+0800][info] GC(108) Metaspace: 1569K(1728K)->1569K(1728K) NonClass: 1445K(1536K)->1445K(1536K) Class: 124K(192K)->124K(192K)
[2024-10-12T11:09:31.552+0800][info] GC(108) Pause Young (Concurrent Start) (G1 Evacuation Pause) 93M->93M(128M) 2.079ms
[2024-10-12T11:09:31.552+0800][info] GC(108) User=0.00s Sys=0.00s Real=0.00s
[2024-10-12T11:09:31.552+0800][info] GC(109) Concurrent Mark Cycle
[2024-10-12T11:09:31.552+0800][info] GC(109) Concurrent Clear Claimed Marks
[2024-10-12T11:09:31.552+0800][info] GC(109) Concurrent Clear Claimed Marks 0.041ms
[2024-10-12T11:09:31.552+0800][info] GC(109) Concurrent Scan Root Regions
[2024-10-12T11:09:31.553+0800][info] GC(109) Concurrent Scan Root Regions 0.106ms
[2024-10-12T11:09:31.553+0800][info] GC(109) Concurrent Mark
[2024-10-12T11:09:31.553+0800][info] GC(109) Concurrent Mark From Roots
[2024-10-12T11:09:31.553+0800][info] GC(109) Using 12 workers of 12 for marking
[2024-10-12T11:09:31.556+0800][info] GC(109) Concurrent Mark From Roots 3.630ms
[2024-10-12T11:09:31.556+0800][info] GC(109) Concurrent Preclean
[2024-10-12T11:09:31.558+0800][info] GC(109) Concurrent Preclean 1.717ms
[2024-10-12T11:09:31.558+0800][info] GC(109) Pause Remark
[2024-10-12T11:09:31.559+0800][info] GC(109) Pause Remark 94M->92M(128M) 1.332ms
[2024-10-12T11:09:31.559+0800][info] GC(109) User=0.00s Sys=0.00s Real=0.00s
[2024-10-12T11:09:31.560+0800][info] GC(109) Concurrent Mark 6.999ms
[2024-10-12T11:09:31.560+0800][info] GC(109) Concurrent Rebuild Remembered Sets
[2024-10-12T11:09:31.561+0800][info] GC(109) Concurrent Rebuild Remembered Sets 1.083ms
[2024-10-12T11:09:31.561+0800][info] GC(109) Pause Cleanup
[2024-10-12T11:09:31.561+0800][info] GC(109) Pause Cleanup 92M->92M(128M) 0.179ms
[2024-10-12T11:09:31.561+0800][info] GC(109) User=0.00s Sys=0.00s Real=0.00s
[2024-10-12T11:09:31.561+0800][info] GC(109) Concurrent Cleanup for Next Mark
[2024-10-12T11:09:31.562+0800][info] GC(109) Concurrent Cleanup for Next Mark 0.444ms
[2024-10-12T11:09:31.562+0800][info] GC(109) Concurrent Mark Cycle 9.231ms
[2024-10-12T11:09:31.707+0800][info] GC(110) Pause Young (Prepare Mixed) (G1 Evacuation Pause)
[2024-10-12T11:09:31.707+0800][info] GC(110) Using 3 workers of 48 for evacuation
[2024-10-12T11:09:31.708+0800][info] GC(110)   Pre Evacuate Collection Set: 0.1ms
[2024-10-12T11:09:31.708+0800][info] GC(110)   Merge Heap Roots: 0.1ms
[2024-10-12T11:09:31.708+0800][info] GC(110)   Evacuate Collection Set: 1.0ms
[2024-10-12T11:09:31.708+0800][info] GC(110)   Post Evacuate Collection Set: 0.2ms
[2024-10-12T11:09:31.708+0800][info] GC(110)   Other: 0.2ms
[2024-10-12T11:09:31.708+0800][info] GC(110) Eden regions: 2->0(2)
[2024-10-12T11:09:31.708+0800][info] GC(110) Survivor regions: 1->1(1)
[2024-10-12T11:09:31.708+0800][info] GC(110) Old regions: 47->49
[2024-10-12T11:09:31.708+0800][info] GC(110) Archive regions: 2->2
[2024-10-12T11:09:31.708+0800][info] GC(110) Humongous regions: 3->3
[2024-10-12T11:09:31.708+0800][info] GC(110) Metaspace: 1581K(1728K)->1581K(1728K) NonClass: 1457K(1536K)->1457K(1536K) Class: 124K(192K)->124K(192K)
[2024-10-12T11:09:31.708+0800][info] GC(110) Pause Young (Prepare Mixed) (G1 Evacuation Pause) 95M->95M(128M) 1.701ms
[2024-10-12T11:09:31.708+0800][info] GC(110) User=0.01s Sys=0.00s Real=0.00s
[2024-10-12T11:09:31.770+0800][info] GC(111) Pause Young (Mixed) (G1 Preventive Collection)
[2024-10-12T11:09:31.770+0800][info] GC(111) Using 3 workers of 48 for evacuation
[2024-10-12T11:09:31.775+0800][info] GC(111) To-space exhausted
[2024-10-12T11:09:31.775+0800][info] GC(111)   Pre Evacuate Collection Set: 0.2ms
[2024-10-12T11:09:31.775+0800][info] GC(111)   Merge Heap Roots: 0.1ms
[2024-10-12T11:09:31.775+0800][info] GC(111)   Evacuate Collection Set: 3.9ms
[2024-10-12T11:09:31.775+0800][info] GC(111)   Post Evacuate Collection Set: 1.1ms
[2024-10-12T11:09:31.775+0800][info] GC(111)   Other: 0.2ms
[2024-10-12T11:09:31.775+0800][info] GC(111) Eden regions: 1->0(2)
[2024-10-12T11:09:31.775+0800][info] GC(111) Survivor regions: 1->1(1)
[2024-10-12T11:09:31.775+0800][info] GC(111) Old regions: 49->56
[2024-10-12T11:09:31.775+0800][info] GC(111) Archive regions: 2->2
[2024-10-12T11:09:31.775+0800][info] GC(111) Humongous regions: 3->3
[2024-10-12T11:09:31.775+0800][info] GC(111) Metaspace: 1581K(1728K)->1581K(1728K) NonClass: 1457K(1536K)->1457K(1536K) Class: 124K(192K)->124K(192K)
[2024-10-12T11:09:31.775+0800][info] GC(111) Pause Young (Mixed) (G1 Preventive Collection) 97M->111M(128M) 5.586ms
[2024-10-12T11:09:31.775+0800][info] GC(111) User=0.01s Sys=0.00s Real=0.01s
[2024-10-12T11:09:31.817+0800][info] GC(112) Pause Young (Concurrent Start) (G1 Preventive Collection)
[2024-10-12T11:09:31.817+0800][info] GC(112) Using 3 workers of 48 for evacuation
[2024-10-12T11:09:31.818+0800][info] GC(112) To-space exhausted
[2024-10-12T11:09:31.818+0800][info] GC(112)   Pre Evacuate Collection Set: 0.1ms
[2024-10-12T11:09:31.818+0800][info] GC(112)   Merge Heap Roots: 0.1ms
[2024-10-12T11:09:31.818+0800][info] GC(112)   Evacuate Collection Set: 0.9ms
[2024-10-12T11:09:31.818+0800][info] GC(112)   Post Evacuate Collection Set: 0.2ms
[2024-10-12T11:09:31.818+0800][info] GC(112)   Other: 0.4ms
[2024-10-12T11:09:31.818+0800][info] GC(112) Eden regions: 1->0(2)
[2024-10-12T11:09:31.818+0800][info] GC(112) Survivor regions: 1->1(1)
[2024-10-12T11:09:31.818+0800][info] GC(112) Old regions: 56->57
[2024-10-12T11:09:31.818+0800][info] GC(112) Archive regions: 2->2
[2024-10-12T11:09:31.818+0800][info] GC(112) Humongous regions: 3->3
[2024-10-12T11:09:31.818+0800][info] GC(112) Metaspace: 1581K(1728K)->1581K(1728K) NonClass: 1457K(1536K)->1457K(1536K) Class: 124K(192K)->124K(192K)
[2024-10-12T11:09:31.818+0800][info] GC(112) Pause Young (Concurrent Start) (G1 Preventive Collection) 113M->113M(128M) 1.750ms
[2024-10-12T11:09:31.818+0800][info] GC(112) User=0.00s Sys=0.00s Real=0.00s
[2024-10-12T11:09:31.818+0800][info] GC(113) Concurrent Mark Cycle
[2024-10-12T11:09:31.818+0800][info] GC(113) Concurrent Clear Claimed Marks
[2024-10-12T11:09:31.818+0800][info] GC(113) Concurrent Clear Claimed Marks 0.017ms
[2024-10-12T11:09:31.818+0800][info] GC(113) Concurrent Scan Root Regions
[2024-10-12T11:09:31.819+0800][info] GC(113) Concurrent Scan Root Regions 0.154ms
[2024-10-12T11:09:31.819+0800][info] GC(113) Concurrent Mark
[2024-10-12T11:09:31.819+0800][info] GC(113) Concurrent Mark From Roots
[2024-10-12T11:09:31.819+0800][info] GC(113) Using 12 workers of 12 for marking
[2024-10-12T11:09:31.823+0800][info] GC(113) Concurrent Mark From Roots 4.255ms
[2024-10-12T11:09:31.823+0800][info] GC(113) Concurrent Preclean
[2024-10-12T11:09:31.825+0800][info] GC(113) Concurrent Preclean 1.675ms
[2024-10-12T11:09:31.825+0800][info] GC(113) Pause Remark
[2024-10-12T11:09:31.826+0800][info] GC(113) Pause Remark 113M->111M(128M) 1.312ms
[2024-10-12T11:09:31.826+0800][info] GC(113) User=0.00s Sys=0.01s Real=0.01s
[2024-10-12T11:09:31.826+0800][info] GC(113) Concurrent Mark 7.561ms
[2024-10-12T11:09:31.826+0800][info] GC(113) Concurrent Rebuild Remembered Sets
[2024-10-12T11:09:31.827+0800][info] GC(113) Concurrent Rebuild Remembered Sets 1.131ms
[2024-10-12T11:09:31.827+0800][info] GC(113) Pause Cleanup
[2024-10-12T11:09:31.828+0800][info] GC(113) Pause Cleanup 111M->111M(128M) 0.173ms
[2024-10-12T11:09:31.828+0800][info] GC(113) User=0.00s Sys=0.00s Real=0.00s
[2024-10-12T11:09:31.828+0800][info] GC(113) Concurrent Cleanup for Next Mark
[2024-10-12T11:09:31.828+0800][info] GC(113) Concurrent Cleanup for Next Mark 0.396ms
[2024-10-12T11:09:31.828+0800][info] GC(113) Concurrent Mark Cycle 9.709ms
[2024-10-12T11:09:31.932+0800][info] GC(114) Pause Young (Prepare Mixed) (G1 Preventive Collection)
[2024-10-12T11:09:31.932+0800][info] GC(114) Using 3 workers of 48 for evacuation
[2024-10-12T11:09:31.933+0800][info] GC(114) To-space exhausted
[2024-10-12T11:09:31.933+0800][info] GC(114)   Pre Evacuate Collection Set: 0.1ms
[2024-10-12T11:09:31.933+0800][info] GC(114)   Merge Heap Roots: 0.1ms
[2024-10-12T11:09:31.933+0800][info] GC(114)   Evacuate Collection Set: 0.6ms
[2024-10-12T11:09:31.933+0800][info] GC(114)   Post Evacuate Collection Set: 0.2ms
[2024-10-12T11:09:31.933+0800][info] GC(114)   Other: 0.3ms
[2024-10-12T11:09:31.933+0800][info] GC(114) Eden regions: 1->0(2)
[2024-10-12T11:09:31.933+0800][info] GC(114) Survivor regions: 1->1(1)
[2024-10-12T11:09:31.933+0800][info] GC(114) Old regions: 56->57
[2024-10-12T11:09:31.933+0800][info] GC(114) Archive regions: 2->2
[2024-10-12T11:09:31.933+0800][info] GC(114) Humongous regions: 3->3
[2024-10-12T11:09:31.933+0800][info] GC(114) Metaspace: 1581K(1728K)->1581K(1728K) NonClass: 1457K(1536K)->1457K(1536K) Class: 124K(192K)->124K(192K)
[2024-10-12T11:09:31.933+0800][info] GC(114) Pause Young (Prepare Mixed) (G1 Preventive Collection) 113M->113M(128M) 1.432ms
[2024-10-12T11:09:31.933+0800][info] GC(114) User=0.00s Sys=0.00s Real=0.01s
[2024-10-12T11:09:31.974+0800][info] GC(115) Pause Young (Mixed) (G1 Evacuation Pause)
[2024-10-12T11:09:31.974+0800][info] GC(115) Using 3 workers of 48 for evacuation
[2024-10-12T11:09:31.979+0800][info] GC(115) To-space exhausted
[2024-10-12T11:09:31.979+0800][info] GC(115)   Pre Evacuate Collection Set: 0.2ms
[2024-10-12T11:09:31.979+0800][info] GC(115)   Merge Heap Roots: 0.1ms
[2024-10-12T11:09:31.979+0800][info] GC(115)   Evacuate Collection Set: 2.7ms
[2024-10-12T11:09:31.979+0800][info] GC(115)   Post Evacuate Collection Set: 1.3ms
[2024-10-12T11:09:31.979+0800][info] GC(115)   Other: 0.2ms
[2024-10-12T11:09:31.979+0800][info] GC(115) Eden regions: 1->0(3)
[2024-10-12T11:09:31.979+0800][info] GC(115) Survivor regions: 1->0(0)
[2024-10-12T11:09:31.979+0800][info] GC(115) Old regions: 57->59
[2024-10-12T11:09:31.979+0800][info] GC(115) Archive regions: 2->2
[2024-10-12T11:09:31.979+0800][info] GC(115) Humongous regions: 3->3
[2024-10-12T11:09:31.979+0800][info] GC(115) Metaspace: 1581K(1728K)->1581K(1728K) NonClass: 1457K(1536K)->1457K(1536K) Class: 124K(192K)->124K(192K)
[2024-10-12T11:09:31.979+0800][info] GC(115) Pause Young (Mixed) (G1 Evacuation Pause) 114M->114M(128M) 4.602ms
[2024-10-12T11:09:31.979+0800][info] GC(115) User=0.01s Sys=0.00s Real=0.00s
[2024-10-12T11:09:31.979+0800][info] Attempting full compaction
[2024-10-12T11:09:31.979+0800][info] GC(116) Using 3 workers of 48 for full compaction
[2024-10-12T11:09:31.979+0800][info] GC(116) Pause Full (G1 Compaction Pause)
[2024-10-12T11:09:31.979+0800][info] GC(116) Phase 1: Mark live objects
[2024-10-12T11:09:31.982+0800][info] GC(116) Phase 1: Mark live objects 2.931ms
[2024-10-12T11:09:31.982+0800][info] GC(116) Phase 2: Prepare for compaction
[2024-10-12T11:09:31.983+0800][info] GC(116) Phase 2: Prepare for compaction 0.564ms
[2024-10-12T11:09:31.983+0800][info] GC(116) Phase 3: Adjust pointers
[2024-10-12T11:09:31.984+0800][info] GC(116) Phase 3: Adjust pointers 1.494ms
[2024-10-12T11:09:31.984+0800][info] GC(116) Phase 4: Compact heap
[2024-10-12T11:09:31.997+0800][info] GC(116) Phase 4: Compact heap 12.520ms
[2024-10-12T11:09:31.998+0800][info] GC(116) Eden regions: 0->0(4)
[2024-10-12T11:09:31.998+0800][info] GC(116) Survivor regions: 0->0(0)
[2024-10-12T11:09:31.998+0800][info] GC(116) Old regions: 59->37
[2024-10-12T11:09:31.998+0800][info] GC(116) Archive regions: 2->2
[2024-10-12T11:09:31.998+0800][info] GC(116) Humongous regions: 3->3
[2024-10-12T11:09:31.998+0800][info] GC(116) Metaspace: 1581K(1728K)->1581K(1728K) NonClass: 1457K(1536K)->1457K(1536K) Class: 124K(192K)->124K(192K)
[2024-10-12T11:09:31.998+0800][info] GC(116) Pause Full (G1 Compaction Pause) 114M->71M(128M) 19.207ms
[2024-10-12T11:09:31.998+0800][info] GC(116) User=0.05s Sys=0.00s Real=0.02s
[2024-10-12T11:09:32.224+0800][info] GC(117) Pause Young (Normal) (G1 Evacuation Pause)
[2024-10-12T11:09:32.224+0800][info] GC(117) Using 3 workers of 48 for evacuation
[2024-10-12T11:09:32.226+0800][info] GC(117)   Pre Evacuate Collection Set: 0.1ms
[2024-10-12T11:09:32.226+0800][info] GC(117)   Merge Heap Roots: 0.0ms
[2024-10-12T11:09:32.226+0800][info] GC(117)   Evacuate Collection Set: 1.4ms
[2024-10-12T11:09:32.226+0800][info] GC(117)   Post Evacuate Collection Set: 0.2ms
[2024-10-12T11:09:32.226+0800][info] GC(117)   Other: 0.3ms
[2024-10-12T11:09:32.226+0800][info] GC(117) Eden regions: 4->0(2)
[2024-10-12T11:09:32.226+0800][info] GC(117) Survivor regions: 0->1(1)
[2024-10-12T11:09:32.226+0800][info] GC(117) Old regions: 37->41
[2024-10-12T11:09:32.226+0800][info] GC(117) Archive regions: 2->2
[2024-10-12T11:09:32.226+0800][info] GC(117) Humongous regions: 3->3
[2024-10-12T11:09:32.226+0800][info] GC(117) Metaspace: 1581K(1728K)->1581K(1728K) NonClass: 1457K(1536K)->1457K(1536K) Class: 124K(192K)->124K(192K)
[2024-10-12T11:09:32.226+0800][info] GC(117) Pause Young (Normal) (G1 Evacuation Pause) 79M->79M(128M) 2.239ms
[2024-10-12T11:09:32.226+0800][info] GC(117) User=0.00s Sys=0.00s Real=0.01s
[2024-10-12T11:09:32.329+0800][info] GC(118) Pause Young (Normal) (G1 Evacuation Pause)
[2024-10-12T11:09:32.329+0800][info] GC(118) Using 3 workers of 48 for evacuation
[2024-10-12T11:09:32.330+0800][info] GC(118)   Pre Evacuate Collection Set: 0.1ms
[2024-10-12T11:09:32.330+0800][info] GC(118)   Merge Heap Roots: 0.1ms
[2024-10-12T11:09:32.330+0800][info] GC(118)   Evacuate Collection Set: 1.0ms
[2024-10-12T11:09:32.330+0800][info] GC(118)   Post Evacuate Collection Set: 0.2ms
[2024-10-12T11:09:32.330+0800][info] GC(118)   Other: 0.2ms
[2024-10-12T11:09:32.330+0800][info] GC(118) Eden regions: 2->0(2)
[2024-10-12T11:09:32.330+0800][info] GC(118) Survivor regions: 1->1(1)
[2024-10-12T11:09:32.330+0800][info] GC(118) Old regions: 41->43
[2024-10-12T11:09:32.330+0800][info] GC(118) Archive regions: 2->2
[2024-10-12T11:09:32.330+0800][info] GC(118) Humongous regions: 3->3
[2024-10-12T11:09:32.330+0800][info] GC(118) Metaspace: 1581K(1728K)->1581K(1728K) NonClass: 1457K(1536K)->1457K(1536K) Class: 124K(192K)->124K(192K)
[2024-10-12T11:09:32.330+0800][info] GC(118) Pause Young (Normal) (G1 Evacuation Pause) 83M->83M(128M) 1.655ms
[2024-10-12T11:09:32.330+0800][info] GC(118) User=0.01s Sys=0.00s Real=0.00s
[2024-10-12T11:09:32.433+0800][info] GC(119) Pause Young (Normal) (G1 Evacuation Pause)
[2024-10-12T11:09:32.433+0800][info] GC(119) Using 3 workers of 48 for evacuation
[2024-10-12T11:09:32.434+0800][info] GC(119)   Pre Evacuate Collection Set: 0.1ms
[2024-10-12T11:09:32.434+0800][info] GC(119)   Merge Heap Roots: 0.1ms
[2024-10-12T11:09:32.434+0800][info] GC(119)   Evacuate Collection Set: 1.0ms
[2024-10-12T11:09:32.434+0800][info] GC(119)   Post Evacuate Collection Set: 0.2ms
[2024-10-12T11:09:32.434+0800][info] GC(119)   Other: 0.2ms
[2024-10-12T11:09:32.434+0800][info] GC(119) Eden regions: 2->0(2)
[2024-10-12T11:09:32.434+0800][info] GC(119) Survivor regions: 1->1(1)
[2024-10-12T11:09:32.434+0800][info] GC(119) Old regions: 43->45
[2024-10-12T11:09:32.434+0800][info] GC(119) Archive regions: 2->2
[2024-10-12T11:09:32.434+0800][info] GC(119) Humongous regions: 3->3
[2024-10-12T11:09:32.434+0800][info] GC(119) Metaspace: 1581K(1728K)->1581K(1728K) NonClass: 1457K(1536K)->1457K(1536K) Class: 124K(192K)->124K(192K)
[2024-10-12T11:09:32.434+0800][info] GC(119) Pause Young (Normal) (G1 Evacuation Pause) 87M->88M(128M) 1.723ms
[2024-10-12T11:09:32.434+0800][info] GC(119) User=0.00s Sys=0.00s Real=0.01s
[2024-10-12T11:09:32.537+0800][info] GC(120) Pause Young (Concurrent Start) (G1 Evacuation Pause)
[2024-10-12T11:09:32.537+0800][info] GC(120) Using 3 workers of 48 for evacuation
[2024-10-12T11:09:32.539+0800][info] GC(120)   Pre Evacuate Collection Set: 0.1ms
[2024-10-12T11:09:32.539+0800][info] GC(120)   Merge Heap Roots: 0.0ms
[2024-10-12T11:09:32.539+0800][info] GC(120)   Evacuate Collection Set: 1.2ms
[2024-10-12T11:09:32.539+0800][info] GC(120)   Post Evacuate Collection Set: 0.2ms
[2024-10-12T11:09:32.539+0800][info] GC(120)   Other: 0.4ms
[2024-10-12T11:09:32.539+0800][info] GC(120) Eden regions: 2->0(2)
[2024-10-12T11:09:32.539+0800][info] GC(120) Survivor regions: 1->1(1)
[2024-10-12T11:09:32.539+0800][info] GC(120) Old regions: 45->47
[2024-10-12T11:09:32.539+0800][info] GC(120) Archive regions: 2->2
[2024-10-12T11:09:32.539+0800][info] GC(120) Humongous regions: 3->3
[2024-10-12T11:09:32.539+0800][info] GC(120) Metaspace: 1581K(1728K)->1581K(1728K) NonClass: 1457K(1536K)->1457K(1536K) Class: 124K(192K)->124K(192K)
[2024-10-12T11:09:32.539+0800][info] GC(120) Pause Young (Concurrent Start) (G1 Evacuation Pause) 91M->91M(128M) 2.032ms
[2024-10-12T11:09:32.539+0800][info] GC(120) User=0.00s Sys=0.00s Real=0.00s
[2024-10-12T11:09:32.539+0800][info] GC(121) Concurrent Mark Cycle
[2024-10-12T11:09:32.539+0800][info] GC(121) Concurrent Clear Claimed Marks
[2024-10-12T11:09:32.539+0800][info] GC(121) Concurrent Clear Claimed Marks 0.016ms
[2024-10-12T11:09:32.539+0800][info] GC(121) Concurrent Scan Root Regions
[2024-10-12T11:09:32.539+0800][info] GC(121) Concurrent Scan Root Regions 0.122ms
[2024-10-12T11:09:32.539+0800][info] GC(121) Concurrent Mark
[2024-10-12T11:09:32.539+0800][info] GC(121) Concurrent Mark From Roots
[2024-10-12T11:09:32.539+0800][info] GC(121) Using 12 workers of 12 for marking
[2024-10-12T11:09:32.543+0800][info] GC(121) Concurrent Mark From Roots 3.675ms
[2024-10-12T11:09:32.543+0800][info] GC(121) Concurrent Preclean
[2024-10-12T11:09:32.545+0800][info] GC(121) Concurrent Preclean 1.672ms
[2024-10-12T11:09:32.545+0800][info] GC(121) Pause Remark
[2024-10-12T11:09:32.546+0800][info] GC(121) Pause Remark 92M->92M(128M) 1.331ms
[2024-10-12T11:09:32.546+0800][info] GC(121) User=0.00s Sys=0.00s Real=0.01s
[2024-10-12T11:09:32.546+0800][info] GC(121) Concurrent Mark 6.938ms
[2024-10-12T11:09:32.546+0800][info] GC(121) Concurrent Rebuild Remembered Sets
[2024-10-12T11:09:32.548+0800][info] GC(121) Concurrent Rebuild Remembered Sets 1.115ms
[2024-10-12T11:09:32.548+0800][info] GC(121) Pause Cleanup
[2024-10-12T11:09:32.548+0800][info] GC(121) Pause Cleanup 92M->92M(128M) 0.167ms
[2024-10-12T11:09:32.548+0800][info] GC(121) User=0.00s Sys=0.00s Real=0.00s
[2024-10-12T11:09:32.548+0800][info] GC(121) Concurrent Cleanup for Next Mark
[2024-10-12T11:09:32.548+0800][info] GC(121) Concurrent Cleanup for Next Mark 0.411ms
[2024-10-12T11:09:32.548+0800][info] GC(121) Concurrent Mark Cycle 9.074ms
[2024-10-12T11:09:32.693+0800][info] GC(122) Pause Young (Prepare Mixed) (G1 Evacuation Pause)
[2024-10-12T11:09:32.693+0800][info] GC(122) Using 3 workers of 48 for evacuation
[2024-10-12T11:09:32.694+0800][info] GC(122)   Pre Evacuate Collection Set: 0.1ms
[2024-10-12T11:09:32.694+0800][info] GC(122)   Merge Heap Roots: 0.1ms
[2024-10-12T11:09:32.694+0800][info] GC(122)   Evacuate Collection Set: 0.9ms
[2024-10-12T11:09:32.694+0800][info] GC(122)   Post Evacuate Collection Set: 0.2ms
[2024-10-12T11:09:32.694+0800][info] GC(122)   Other: 0.2ms
[2024-10-12T11:09:32.694+0800][info] GC(122) Eden regions: 2->0(2)
[2024-10-12T11:09:32.694+0800][info] GC(122) Survivor regions: 1->1(1)
[2024-10-12T11:09:32.694+0800][info] GC(122) Old regions: 47->49
[2024-10-12T11:09:32.694+0800][info] GC(122) Archive regions: 2->2
[2024-10-12T11:09:32.694+0800][info] GC(122) Humongous regions: 3->3
[2024-10-12T11:09:32.694+0800][info] GC(122) Metaspace: 1581K(1728K)->1581K(1728K) NonClass: 1457K(1536K)->1457K(1536K) Class: 124K(192K)->124K(192K)
[2024-10-12T11:09:32.694+0800][info] GC(122) Pause Young (Prepare Mixed) (G1 Evacuation Pause) 95M->95M(128M) 1.641ms
[2024-10-12T11:09:32.694+0800][info] GC(122) User=0.01s Sys=0.00s Real=0.01s
[2024-10-12T11:09:32.756+0800][info] GC(123) Pause Young (Mixed) (G1 Preventive Collection)
[2024-10-12T11:09:32.756+0800][info] GC(123) Using 3 workers of 48 for evacuation
[2024-10-12T11:09:32.762+0800][info] GC(123) To-space exhausted
[2024-10-12T11:09:32.762+0800][info] GC(123)   Pre Evacuate Collection Set: 0.2ms
[2024-10-12T11:09:32.762+0800][info] GC(123)   Merge Heap Roots: 0.1ms
[2024-10-12T11:09:32.762+0800][info] GC(123)   Evacuate Collection Set: 4.5ms
[2024-10-12T11:09:32.762+0800][info] GC(123)   Post Evacuate Collection Set: 0.9ms
[2024-10-12T11:09:32.762+0800][info] GC(123)   Other: 0.2ms
[2024-10-12T11:09:32.762+0800][info] GC(123) Eden regions: 1->0(2)
[2024-10-12T11:09:32.762+0800][info] GC(123) Survivor regions: 1->1(1)
[2024-10-12T11:09:32.762+0800][info] GC(123) Old regions: 49->57
[2024-10-12T11:09:32.762+0800][info] GC(123) Archive regions: 2->2
[2024-10-12T11:09:32.762+0800][info] GC(123) Humongous regions: 3->3
[2024-10-12T11:09:32.762+0800][info] GC(123) Metaspace: 1581K(1728K)->1581K(1728K) NonClass: 1457K(1536K)->1457K(1536K) Class: 124K(192K)->124K(192K)
[2024-10-12T11:09:32.762+0800][info] GC(123) Pause Young (Mixed) (G1 Preventive Collection) 97M->113M(128M) 6.055ms
[2024-10-12T11:09:32.762+0800][info] GC(123) User=0.01s Sys=0.00s Real=0.00s
[2024-10-12T11:09:32.804+0800][info] GC(124) Pause Young (Concurrent Start) (G1 Evacuation Pause)
[2024-10-12T11:09:32.804+0800][info] GC(124) Using 3 workers of 48 for evacuation
[2024-10-12T11:09:32.805+0800][info] GC(124) To-space exhausted
[2024-10-12T11:09:32.805+0800][info] GC(124)   Pre Evacuate Collection Set: 0.1ms
[2024-10-12T11:09:32.805+0800][info] GC(124)   Merge Heap Roots: 0.1ms
[2024-10-12T11:09:32.805+0800][info] GC(124)   Evacuate Collection Set: 0.5ms
[2024-10-12T11:09:32.805+0800][info] GC(124)   Post Evacuate Collection Set: 0.3ms
[2024-10-12T11:09:32.805+0800][info] GC(124)   Other: 0.4ms
[2024-10-12T11:09:32.805+0800][info] GC(124) Eden regions: 1->0(3)
[2024-10-12T11:09:32.805+0800][info] GC(124) Survivor regions: 1->0(0)
[2024-10-12T11:09:32.805+0800][info] GC(124) Old regions: 57->59
[2024-10-12T11:09:32.805+0800][info] GC(124) Archive regions: 2->2
[2024-10-12T11:09:32.805+0800][info] GC(124) Humongous regions: 3->3
[2024-10-12T11:09:32.805+0800][info] GC(124) Metaspace: 1581K(1728K)->1581K(1728K) NonClass: 1457K(1536K)->1457K(1536K) Class: 124K(192K)->124K(192K)
[2024-10-12T11:09:32.805+0800][info] GC(124) Pause Young (Concurrent Start) (G1 Evacuation Pause) 114M->114M(128M) 1.444ms
[2024-10-12T11:09:32.805+0800][info] GC(124) User=0.00s Sys=0.00s Real=0.00s
[2024-10-12T11:09:32.805+0800][info] Attempting full compaction
[2024-10-12T11:09:32.805+0800][info] GC(125) Using 3 workers of 48 for full compaction
[2024-10-12T11:09:32.805+0800][info] GC(125) Pause Full (G1 Compaction Pause)
[2024-10-12T11:09:32.805+0800][info] GC(126) Concurrent Mark Cycle
[2024-10-12T11:09:32.805+0800][info] GC(126) Concurrent Clear Claimed Marks
[2024-10-12T11:09:32.805+0800][info] GC(126) Concurrent Clear Claimed Marks 0.018ms
[2024-10-12T11:09:32.805+0800][info] GC(126) Concurrent Scan Root Regions
[2024-10-12T11:09:32.805+0800][info] GC(126) Concurrent Scan Root Regions 0.010ms
[2024-10-12T11:09:32.805+0800][info] GC(126) Concurrent Mark
[2024-10-12T11:09:32.805+0800][info] GC(126) Concurrent Mark From Roots
[2024-10-12T11:09:32.805+0800][info] GC(126) Using 12 workers of 12 for marking
[2024-10-12T11:09:32.806+0800][info] GC(125) Phase 1: Mark live objects
[2024-10-12T11:09:32.809+0800][info] GC(125) Phase 1: Mark live objects 3.137ms
[2024-10-12T11:09:32.809+0800][info] GC(125) Phase 2: Prepare for compaction
[2024-10-12T11:09:32.809+0800][info] GC(125) Phase 2: Prepare for compaction 0.695ms
[2024-10-12T11:09:32.809+0800][info] GC(125) Phase 3: Adjust pointers
[2024-10-12T11:09:32.811+0800][info] GC(125) Phase 3: Adjust pointers 1.679ms
[2024-10-12T11:09:32.811+0800][info] GC(125) Phase 4: Compact heap
[2024-10-12T11:09:32.821+0800][info] GC(125) Phase 4: Compact heap 10.096ms
[2024-10-12T11:09:32.823+0800][info] GC(125) Eden regions: 0->0(4)
[2024-10-12T11:09:32.823+0800][info] GC(125) Survivor regions: 0->0(0)
[2024-10-12T11:09:32.823+0800][info] GC(125) Old regions: 59->37
[2024-10-12T11:09:32.823+0800][info] GC(125) Archive regions: 2->2
[2024-10-12T11:09:32.823+0800][info] GC(125) Humongous regions: 3->3
[2024-10-12T11:09:32.823+0800][info] GC(125) Metaspace: 1581K(1728K)->1581K(1728K) NonClass: 1457K(1536K)->1457K(1536K) Class: 124K(192K)->124K(192K)
[2024-10-12T11:09:32.823+0800][info] GC(125) Pause Full (G1 Compaction Pause) 114M->70M(128M) 17.504ms
[2024-10-12T11:09:32.823+0800][info] GC(125) User=0.04s Sys=0.00s Real=0.01s
[2024-10-12T11:09:32.823+0800][info] GC(126) Concurrent Mark From Roots 17.702ms
[2024-10-12T11:09:32.823+0800][info] GC(126) Concurrent Mark Abort
[2024-10-12T11:09:32.823+0800][info] GC(126) Concurrent Mark Cycle 17.905ms
[2024-10-12T11:09:33.049+0800][info] GC(127) Pause Young (Normal) (G1 Evacuation Pause)
[2024-10-12T11:09:33.049+0800][info] GC(127) Using 3 workers of 48 for evacuation
[2024-10-12T11:09:33.051+0800][info] GC(127)   Pre Evacuate Collection Set: 0.1ms
[2024-10-12T11:09:33.051+0800][info] GC(127)   Merge Heap Roots: 0.0ms
[2024-10-12T11:09:33.051+0800][info] GC(127)   Evacuate Collection Set: 1.4ms
[2024-10-12T11:09:33.051+0800][info] GC(127)   Post Evacuate Collection Set: 0.2ms
[2024-10-12T11:09:33.051+0800][info] GC(127)   Other: 0.2ms
[2024-10-12T11:09:33.051+0800][info] GC(127) Eden regions: 4->0(3)
[2024-10-12T11:09:33.051+0800][info] GC(127) Survivor regions: 0->1(1)
[2024-10-12T11:09:33.051+0800][info] GC(127) Old regions: 37->40
[2024-10-12T11:09:33.051+0800][info] GC(127) Archive regions: 2->2
[2024-10-12T11:09:33.051+0800][info] GC(127) Humongous regions: 3->3
[2024-10-12T11:09:33.051+0800][info] GC(127) Metaspace: 1581K(1728K)->1581K(1728K) NonClass: 1457K(1536K)->1457K(1536K) Class: 124K(192K)->124K(192K)
[2024-10-12T11:09:33.051+0800][info] GC(127) Pause Young (Normal) (G1 Evacuation Pause) 78M->78M(128M) 2.164ms
[2024-10-12T11:09:33.051+0800][info] GC(127) User=0.00s Sys=0.00s Real=0.00s
[2024-10-12T11:09:33.214+0800][info] GC(128) Pause Young (Normal) (G1 Evacuation Pause)
[2024-10-12T11:09:33.214+0800][info] GC(128) Using 3 workers of 48 for evacuation
[2024-10-12T11:09:33.216+0800][info] GC(128)   Pre Evacuate Collection Set: 0.1ms
[2024-10-12T11:09:33.216+0800][info] GC(128)   Merge Heap Roots: 0.1ms
[2024-10-12T11:09:33.216+0800][info] GC(128)   Evacuate Collection Set: 1.6ms
[2024-10-12T11:09:33.216+0800][info] GC(128)   Post Evacuate Collection Set: 0.2ms
[2024-10-12T11:09:33.216+0800][info] GC(128)   Other: 0.2ms
[2024-10-12T11:09:33.216+0800][info] GC(128) Eden regions: 3->0(2)
[2024-10-12T11:09:33.216+0800][info] GC(128) Survivor regions: 1->1(1)
[2024-10-12T11:09:33.216+0800][info] GC(128) Old regions: 40->43
[2024-10-12T11:09:33.216+0800][info] GC(128) Archive regions: 2->2
[2024-10-12T11:09:33.216+0800][info] GC(128) Humongous regions: 3->3
[2024-10-12T11:09:33.216+0800][info] GC(128) Metaspace: 1581K(1728K)->1581K(1728K) NonClass: 1457K(1536K)->1457K(1536K) Class: 124K(192K)->124K(192K)
[2024-10-12T11:09:33.216+0800][info] GC(128) Pause Young (Normal) (G1 Evacuation Pause) 83M->84M(128M) 2.309ms
[2024-10-12T11:09:33.216+0800][info] GC(128) User=0.01s Sys=0.00s Real=0.00s
[2024-10-12T11:09:33.319+0800][info] GC(129) Pause Young (Normal) (G1 Evacuation Pause)
[2024-10-12T11:09:33.319+0800][info] GC(129) Using 3 workers of 48 for evacuation
[2024-10-12T11:09:33.321+0800][info] GC(129)   Pre Evacuate Collection Set: 0.1ms
[2024-10-12T11:09:33.321+0800][info] GC(129)   Merge Heap Roots: 0.1ms
[2024-10-12T11:09:33.321+0800][info] GC(129)   Evacuate Collection Set: 0.9ms
[2024-10-12T11:09:33.321+0800][info] GC(129)   Post Evacuate Collection Set: 0.2ms
[2024-10-12T11:09:33.321+0800][info] GC(129)   Other: 0.2ms
[2024-10-12T11:09:33.321+0800][info] GC(129) Eden regions: 2->0(2)
[2024-10-12T11:09:33.321+0800][info] GC(129) Survivor regions: 1->1(1)
[2024-10-12T11:09:33.321+0800][info] GC(129) Old regions: 43->46
[2024-10-12T11:09:33.321+0800][info] GC(129) Archive regions: 2->2
[2024-10-12T11:09:33.321+0800][info] GC(129) Humongous regions: 3->3
[2024-10-12T11:09:33.321+0800][info] GC(129) Metaspace: 1582K(1728K)->1582K(1728K) NonClass: 1458K(1536K)->1458K(1536K) Class: 124K(192K)->124K(192K)
[2024-10-12T11:09:33.321+0800][info] GC(129) Pause Young (Normal) (G1 Evacuation Pause) 88M->89M(128M) 1.614ms
[2024-10-12T11:09:33.321+0800][info] GC(129) User=0.00s Sys=0.00s Real=0.00s
[2024-10-12T11:09:33.423+0800][info] GC(130) Pause Young (Concurrent Start) (G1 Evacuation Pause)
[2024-10-12T11:09:33.423+0800][info] GC(130) Using 3 workers of 48 for evacuation
[2024-10-12T11:09:33.425+0800][info] GC(130)   Pre Evacuate Collection Set: 0.1ms
[2024-10-12T11:09:33.425+0800][info] GC(130)   Merge Heap Roots: 0.1ms
[2024-10-12T11:09:33.425+0800][info] GC(130)   Evacuate Collection Set: 1.1ms
[2024-10-12T11:09:33.425+0800][info] GC(130)   Post Evacuate Collection Set: 0.2ms
[2024-10-12T11:09:33.425+0800][info] GC(130)   Other: 0.4ms
[2024-10-12T11:09:33.425+0800][info] GC(130) Eden regions: 2->0(2)
[2024-10-12T11:09:33.425+0800][info] GC(130) Survivor regions: 1->1(1)
[2024-10-12T11:09:33.425+0800][info] GC(130) Old regions: 46->47
[2024-10-12T11:09:33.425+0800][info] GC(130) Archive regions: 2->2
[2024-10-12T11:09:33.425+0800][info] GC(130) Humongous regions: 3->3
[2024-10-12T11:09:33.425+0800][info] GC(130) Metaspace: 1582K(1728K)->1582K(1728K) NonClass: 1458K(1536K)->1458K(1536K) Class: 124K(192K)->124K(192K)
[2024-10-12T11:09:33.425+0800][info] GC(130) Pause Young (Concurrent Start) (G1 Evacuation Pause) 92M->92M(128M) 1.963ms
[2024-10-12T11:09:33.425+0800][info] GC(130) User=0.00s Sys=0.00s Real=0.00s
[2024-10-12T11:09:33.425+0800][info] GC(131) Concurrent Mark Cycle
[2024-10-12T11:09:33.425+0800][info] GC(131) Concurrent Clear Claimed Marks
[2024-10-12T11:09:33.425+0800][info] GC(131) Concurrent Clear Claimed Marks 0.017ms
[2024-10-12T11:09:33.425+0800][info] GC(131) Concurrent Scan Root Regions
[2024-10-12T11:09:33.425+0800][info] GC(131) Concurrent Scan Root Regions 0.182ms
[2024-10-12T11:09:33.425+0800][info] GC(131) Concurrent Mark
[2024-10-12T11:09:33.425+0800][info] GC(131) Concurrent Mark From Roots
[2024-10-12T11:09:33.425+0800][info] GC(131) Using 12 workers of 12 for marking
[2024-10-12T11:09:33.431+0800][info] GC(131) Concurrent Mark From Roots 6.147ms
[2024-10-12T11:09:33.431+0800][info] GC(131) Concurrent Preclean
[2024-10-12T11:09:33.433+0800][info] GC(131) Concurrent Preclean 1.672ms
[2024-10-12T11:09:33.433+0800][info] GC(131) Pause Remark
[2024-10-12T11:09:33.434+0800][info] GC(131) Pause Remark 92M->92M(128M) 1.356ms
[2024-10-12T11:09:33.434+0800][info] GC(131) User=0.01s Sys=0.00s Real=0.01s
[2024-10-12T11:09:33.435+0800][info] GC(131) Concurrent Mark 9.430ms
[2024-10-12T11:09:33.435+0800][info] GC(131) Concurrent Rebuild Remembered Sets
[2024-10-12T11:09:33.436+0800][info] GC(131) Concurrent Rebuild Remembered Sets 1.355ms
[2024-10-12T11:09:33.436+0800][info] GC(131) Pause Cleanup
[2024-10-12T11:09:33.436+0800][info] GC(131) Pause Cleanup 92M->92M(128M) 0.195ms
[2024-10-12T11:09:33.436+0800][info] GC(131) User=0.00s Sys=0.00s Real=0.00s
[2024-10-12T11:09:33.436+0800][info] GC(131) Concurrent Cleanup for Next Mark
[2024-10-12T11:09:33.437+0800][info] GC(131) Concurrent Cleanup for Next Mark 0.408ms
[2024-10-12T11:09:33.437+0800][info] GC(131) Concurrent Mark Cycle 11.865ms
[2024-10-12T11:09:33.579+0800][info] GC(132) Pause Young (Prepare Mixed) (G1 Evacuation Pause)
[2024-10-12T11:09:33.579+0800][info] GC(132) Using 3 workers of 48 for evacuation
[2024-10-12T11:09:33.581+0800][info] GC(132)   Pre Evacuate Collection Set: 0.1ms
[2024-10-12T11:09:33.581+0800][info] GC(132)   Merge Heap Roots: 0.1ms
[2024-10-12T11:09:33.581+0800][info] GC(132)   Evacuate Collection Set: 0.9ms
[2024-10-12T11:09:33.581+0800][info] GC(132)   Post Evacuate Collection Set: 0.2ms
[2024-10-12T11:09:33.581+0800][info] GC(132)   Other: 0.8ms
[2024-10-12T11:09:33.581+0800][info] GC(132) Eden regions: 2->0(2)
[2024-10-12T11:09:33.581+0800][info] GC(132) Survivor regions: 1->1(1)
[2024-10-12T11:09:33.581+0800][info] GC(132) Old regions: 47->49
[2024-10-12T11:09:33.581+0800][info] GC(132) Archive regions: 2->2
[2024-10-12T11:09:33.581+0800][info] GC(132) Humongous regions: 3->3
[2024-10-12T11:09:33.581+0800][info] GC(132) Metaspace: 1582K(1728K)->1582K(1728K) NonClass: 1458K(1536K)->1458K(1536K) Class: 124K(192K)->124K(192K)
[2024-10-12T11:09:33.581+0800][info] GC(132) Pause Young (Prepare Mixed) (G1 Evacuation Pause) 95M->96M(128M) 2.211ms
[2024-10-12T11:09:33.581+0800][info] GC(132) User=0.01s Sys=0.00s Real=0.00s
[2024-10-12T11:09:33.643+0800][info] GC(133) Pause Young (Mixed) (G1 Preventive Collection)
[2024-10-12T11:09:33.643+0800][info] GC(133) Using 3 workers of 48 for evacuation
[2024-10-12T11:09:33.649+0800][info] GC(133) To-space exhausted
[2024-10-12T11:09:33.649+0800][info] GC(133)   Pre Evacuate Collection Set: 0.2ms
[2024-10-12T11:09:33.649+0800][info] GC(133)   Merge Heap Roots: 0.1ms
[2024-10-12T11:09:33.649+0800][info] GC(133)   Evacuate Collection Set: 4.7ms
[2024-10-12T11:09:33.649+0800][info] GC(133)   Post Evacuate Collection Set: 1.0ms
[2024-10-12T11:09:33.649+0800][info] GC(133)   Other: 0.2ms
[2024-10-12T11:09:33.649+0800][info] GC(133) Eden regions: 1->0(2)
[2024-10-12T11:09:33.649+0800][info] GC(133) Survivor regions: 1->1(1)
[2024-10-12T11:09:33.649+0800][info] GC(133) Old regions: 49->55
[2024-10-12T11:09:33.649+0800][info] GC(133) Archive regions: 2->2
[2024-10-12T11:09:33.649+0800][info] GC(133) Humongous regions: 3->3
[2024-10-12T11:09:33.649+0800][info] GC(133) Metaspace: 1582K(1728K)->1582K(1728K) NonClass: 1458K(1536K)->1458K(1536K) Class: 124K(192K)->124K(192K)
[2024-10-12T11:09:33.649+0800][info] GC(133) Pause Young (Mixed) (G1 Preventive Collection) 98M->109M(128M) 6.367ms
[2024-10-12T11:09:33.649+0800][info] GC(133) User=0.01s Sys=0.00s Real=0.01s
[2024-10-12T11:09:33.690+0800][info] GC(134) Pause Young (Concurrent Start) (G1 Preventive Collection)
[2024-10-12T11:09:33.690+0800][info] GC(134) Using 3 workers of 48 for evacuation
[2024-10-12T11:09:33.692+0800][info] GC(134)   Pre Evacuate Collection Set: 0.1ms
[2024-10-12T11:09:33.692+0800][info] GC(134)   Merge Heap Roots: 0.1ms
[2024-10-12T11:09:33.692+0800][info] GC(134)   Evacuate Collection Set: 1.1ms
[2024-10-12T11:09:33.692+0800][info] GC(134)   Post Evacuate Collection Set: 0.2ms
[2024-10-12T11:09:33.692+0800][info] GC(134)   Other: 0.4ms
[2024-10-12T11:09:33.692+0800][info] GC(134) Eden regions: 1->0(2)
[2024-10-12T11:09:33.692+0800][info] GC(134) Survivor regions: 1->1(1)
[2024-10-12T11:09:33.692+0800][info] GC(134) Old regions: 55->56
[2024-10-12T11:09:33.692+0800][info] GC(134) Archive regions: 2->2
[2024-10-12T11:09:33.692+0800][info] GC(134) Humongous regions: 3->3
[2024-10-12T11:09:33.692+0800][info] GC(134) Metaspace: 1582K(1728K)->1582K(1728K) NonClass: 1458K(1536K)->1458K(1536K) Class: 124K(192K)->124K(192K)
[2024-10-12T11:09:33.692+0800][info] GC(134) Pause Young (Concurrent Start) (G1 Preventive Collection) 111M->111M(128M) 1.956ms
[2024-10-12T11:09:33.692+0800][info] GC(134) User=0.01s Sys=0.00s Real=0.00s
[2024-10-12T11:09:33.692+0800][info] GC(135) Concurrent Mark Cycle
[2024-10-12T11:09:33.692+0800][info] GC(135) Concurrent Clear Claimed Marks
[2024-10-12T11:09:33.692+0800][info] GC(135) Concurrent Clear Claimed Marks 0.017ms
[2024-10-12T11:09:33.692+0800][info] GC(135) Concurrent Scan Root Regions
[2024-10-12T11:09:33.693+0800][info] GC(135) Concurrent Scan Root Regions 0.148ms
[2024-10-12T11:09:33.693+0800][info] GC(135) Concurrent Mark
[2024-10-12T11:09:33.693+0800][info] GC(136) Pause Young (Normal) (G1 Preventive Collection)
[2024-10-12T11:09:33.693+0800][info] GC(136) Using 3 workers of 48 for evacuation
[2024-10-12T11:09:33.693+0800][info] GC(135) Concurrent Mark From Roots
[2024-10-12T11:09:33.693+0800][info] GC(135) Using 12 workers of 12 for marking
[2024-10-12T11:09:33.694+0800][info] GC(136) To-space exhausted
[2024-10-12T11:09:33.694+0800][info] GC(136)   Pre Evacuate Collection Set: 0.0ms
[2024-10-12T11:09:33.694+0800][info] GC(136)   Merge Heap Roots: 0.1ms
[2024-10-12T11:09:33.694+0800][info] GC(136)   Evacuate Collection Set: 0.5ms
[2024-10-12T11:09:33.694+0800][info] GC(136)   Post Evacuate Collection Set: 0.2ms
[2024-10-12T11:09:33.694+0800][info] GC(136)   Other: 0.1ms
[2024-10-12T11:09:33.694+0800][info] GC(136) Eden regions: 1->0(3)
[2024-10-12T11:09:33.694+0800][info] GC(136) Survivor regions: 1->0(1)
[2024-10-12T11:09:33.694+0800][info] GC(136) Old regions: 56->58
[2024-10-12T11:09:33.694+0800][info] GC(136) Archive regions: 2->2
[2024-10-12T11:09:33.694+0800][info] GC(136) Humongous regions: 3->3
[2024-10-12T11:09:33.694+0800][info] GC(136) Metaspace: 1582K(1728K)->1582K(1728K) NonClass: 1458K(1536K)->1458K(1536K) Class: 124K(192K)->124K(192K)
[2024-10-12T11:09:33.694+0800][info] GC(136) Pause Young (Normal) (G1 Preventive Collection) 111M->113M(128M) 1.042ms
[2024-10-12T11:09:33.694+0800][info] GC(136) User=0.00s Sys=0.00s Real=0.01s
[2024-10-12T11:09:33.695+0800][info] GC(137) Pause Young (Normal) (G1 Evacuation Pause)
[2024-10-12T11:09:33.695+0800][info] GC(137) Using 3 workers of 48 for evacuation
[2024-10-12T11:09:33.695+0800][info] GC(137)   Pre Evacuate Collection Set: 0.1ms
[2024-10-12T11:09:33.695+0800][info] GC(137)   Merge Heap Roots: 0.0ms
[2024-10-12T11:09:33.695+0800][info] GC(137)   Evacuate Collection Set: 0.2ms
[2024-10-12T11:09:33.695+0800][info] GC(137)   Post Evacuate Collection Set: 0.2ms
[2024-10-12T11:09:33.695+0800][info] GC(137)   Other: 0.1ms
[2024-10-12T11:09:33.695+0800][info] GC(137) Eden regions: 0->0(3)
[2024-10-12T11:09:33.696+0800][info] GC(137) Survivor regions: 0->0(0)
[2024-10-12T11:09:33.696+0800][info] GC(137) Old regions: 58->58
[2024-10-12T11:09:33.696+0800][info] GC(137) Archive regions: 2->2
[2024-10-12T11:09:33.696+0800][info] GC(137) Humongous regions: 4->3
[2024-10-12T11:09:33.696+0800][info] GC(137) Metaspace: 1582K(1728K)->1582K(1728K) NonClass: 1458K(1536K)->1458K(1536K) Class: 124K(192K)->124K(192K)
[2024-10-12T11:09:33.696+0800][info] GC(137) Pause Young (Normal) (G1 Evacuation Pause) 115M->113M(128M) 0.708ms
[2024-10-12T11:09:33.696+0800][info] GC(137) User=0.00s Sys=0.00s Real=0.00s
[2024-10-12T11:09:33.701+0800][info] GC(135) Concurrent Mark From Roots 8.212ms
[2024-10-12T11:09:33.701+0800][info] GC(135) Concurrent Preclean
[2024-10-12T11:09:33.703+0800][info] GC(135) Concurrent Preclean 1.699ms
[2024-10-12T11:09:33.703+0800][info] GC(135) Pause Remark
[2024-10-12T11:09:33.704+0800][info] GC(135) Pause Remark 113M->113M(128M) 1.367ms
[2024-10-12T11:09:33.704+0800][info] GC(135) User=0.00s Sys=0.00s Real=0.00s
[2024-10-12T11:09:33.704+0800][info] GC(135) Concurrent Mark 11.602ms
[2024-10-12T11:09:33.704+0800][info] GC(135) Concurrent Rebuild Remembered Sets
[2024-10-12T11:09:33.705+0800][info] GC(135) Concurrent Rebuild Remembered Sets 0.965ms
[2024-10-12T11:09:33.705+0800][info] GC(135) Pause Cleanup
[2024-10-12T11:09:33.706+0800][info] GC(135) Pause Cleanup 113M->113M(128M) 0.255ms
[2024-10-12T11:09:33.706+0800][info] GC(135) User=0.00s Sys=0.00s Real=0.00s
[2024-10-12T11:09:33.706+0800][info] GC(135) Concurrent Cleanup for Next Mark
[2024-10-12T11:09:33.706+0800][info] GC(135) Concurrent Cleanup for Next Mark 0.469ms
[2024-10-12T11:09:33.706+0800][info] GC(135) Concurrent Mark Cycle 13.767ms
[2024-10-12T11:09:33.810+0800][info] GC(138) Pause Young (Prepare Mixed) (G1 Evacuation Pause)
[2024-10-12T11:09:33.810+0800][info] GC(138) Using 3 workers of 48 for evacuation
[2024-10-12T11:09:33.811+0800][info] GC(138) To-space exhausted
[2024-10-12T11:09:33.811+0800][info] GC(138)   Pre Evacuate Collection Set: 0.1ms
[2024-10-12T11:09:33.811+0800][info] GC(138)   Merge Heap Roots: 0.1ms
[2024-10-12T11:09:33.811+0800][info] GC(138)   Evacuate Collection Set: 0.2ms
[2024-10-12T11:09:33.811+0800][info] GC(138)   Post Evacuate Collection Set: 0.2ms
[2024-10-12T11:09:33.811+0800][info] GC(138)   Other: 0.2ms
[2024-10-12T11:09:33.811+0800][info] GC(138) Eden regions: 1->0(3)
[2024-10-12T11:09:33.811+0800][info] GC(138) Survivor regions: 0->0(0)
[2024-10-12T11:09:33.811+0800][info] GC(138) Old regions: 58->59
[2024-10-12T11:09:33.811+0800][info] GC(138) Archive regions: 2->2
[2024-10-12T11:09:33.811+0800][info] GC(138) Humongous regions: 3->3
[2024-10-12T11:09:33.811+0800][info] GC(138) Metaspace: 1582K(1728K)->1582K(1728K) NonClass: 1458K(1536K)->1458K(1536K) Class: 124K(192K)->124K(192K)
[2024-10-12T11:09:33.811+0800][info] GC(138) Pause Young (Prepare Mixed) (G1 Evacuation Pause) 115M->115M(128M) 0.863ms
[2024-10-12T11:09:33.811+0800][info] GC(138) User=0.00s Sys=0.00s Real=0.00s
[2024-10-12T11:09:33.811+0800][info] Attempting full compaction
[2024-10-12T11:09:33.811+0800][info] GC(139) Using 3 workers of 48 for full compaction
[2024-10-12T11:09:33.811+0800][info] GC(139) Pause Full (G1 Compaction Pause)
[2024-10-12T11:09:33.811+0800][info] GC(139) Phase 1: Mark live objects
[2024-10-12T11:09:33.815+0800][info] GC(139) Phase 1: Mark live objects 3.294ms
[2024-10-12T11:09:33.815+0800][info] GC(139) Phase 2: Prepare for compaction
[2024-10-12T11:09:33.815+0800][info] GC(139) Phase 2: Prepare for compaction 0.648ms
[2024-10-12T11:09:33.815+0800][info] GC(139) Phase 3: Adjust pointers
[2024-10-12T11:09:33.817+0800][info] GC(139) Phase 3: Adjust pointers 1.469ms
[2024-10-12T11:09:33.817+0800][info] GC(139) Phase 4: Compact heap
[2024-10-12T11:09:33.830+0800][info] GC(139) Phase 4: Compact heap 12.904ms
[2024-10-12T11:09:33.831+0800][info] GC(139) Eden regions: 0->0(5)
[2024-10-12T11:09:33.831+0800][info] GC(139) Survivor regions: 0->0(0)
[2024-10-12T11:09:33.831+0800][info] GC(139) Old regions: 59->37
[2024-10-12T11:09:33.831+0800][info] GC(139) Archive regions: 2->2
[2024-10-12T11:09:33.831+0800][info] GC(139) Humongous regions: 3->3
[2024-10-12T11:09:33.831+0800][info] GC(139) Metaspace: 1582K(1728K)->1582K(1728K) NonClass: 1458K(1536K)->1458K(1536K) Class: 124K(192K)->124K(192K)
[2024-10-12T11:09:33.831+0800][info] GC(139) Pause Full (G1 Compaction Pause) 115M->71M(128M) 20.103ms
[2024-10-12T11:09:33.831+0800][info] GC(139) User=0.04s Sys=0.00s Real=0.02s
[2024-10-12T11:09:34.098+0800][info] GC(140) Pause Young (Concurrent Start) (G1 Evacuation Pause)
[2024-10-12T11:09:34.098+0800][info] GC(140) Using 3 workers of 48 for evacuation
[2024-10-12T11:09:34.101+0800][info] GC(140)   Pre Evacuate Collection Set: 0.1ms
[2024-10-12T11:09:34.101+0800][info] GC(140)   Merge Heap Roots: 0.1ms
[2024-10-12T11:09:34.101+0800][info] GC(140)   Evacuate Collection Set: 1.6ms
[2024-10-12T11:09:34.101+0800][info] GC(140)   Post Evacuate Collection Set: 0.2ms
[2024-10-12T11:09:34.101+0800][info] GC(140)   Other: 0.4ms
[2024-10-12T11:09:34.101+0800][info] GC(140) Eden regions: 5->0(2)
[2024-10-12T11:09:34.101+0800][info] GC(140) Survivor regions: 0->1(1)
[2024-10-12T11:09:34.101+0800][info] GC(140) Old regions: 37->41
[2024-10-12T11:09:34.101+0800][info] GC(140) Archive regions: 2->2
[2024-10-12T11:09:34.101+0800][info] GC(140) Humongous regions: 3->3
[2024-10-12T11:09:34.101+0800][info] GC(140) Metaspace: 1582K(1728K)->1582K(1728K) NonClass: 1458K(1536K)->1458K(1536K) Class: 124K(192K)->124K(192K)
[2024-10-12T11:09:34.101+0800][info] GC(140) Pause Young (Concurrent Start) (G1 Evacuation Pause) 81M->81M(128M) 2.484ms
[2024-10-12T11:09:34.101+0800][info] GC(140) User=0.00s Sys=0.00s Real=0.00s
[2024-10-12T11:09:34.101+0800][info] GC(141) Concurrent Mark Cycle
[2024-10-12T11:09:34.101+0800][info] GC(141) Concurrent Clear Claimed Marks
[2024-10-12T11:09:34.101+0800][info] GC(141) Concurrent Clear Claimed Marks 0.039ms
[2024-10-12T11:09:34.101+0800][info] GC(141) Concurrent Scan Root Regions
[2024-10-12T11:09:34.101+0800][info] GC(141) Concurrent Scan Root Regions 0.135ms
[2024-10-12T11:09:34.101+0800][info] GC(141) Concurrent Mark
[2024-10-12T11:09:34.101+0800][info] GC(141) Concurrent Mark From Roots
[2024-10-12T11:09:34.101+0800][info] GC(141) Using 12 workers of 12 for marking
[2024-10-12T11:09:34.105+0800][info] GC(141) Concurrent Mark From Roots 4.045ms
[2024-10-12T11:09:34.105+0800][info] GC(141) Concurrent Preclean
[2024-10-12T11:09:34.107+0800][info] GC(141) Concurrent Preclean 1.672ms
[2024-10-12T11:09:34.107+0800][info] GC(141) Pause Remark
[2024-10-12T11:09:34.108+0800][info] GC(141) Pause Remark 82M->82M(128M) 1.323ms
[2024-10-12T11:09:34.109+0800][info] GC(141) User=0.01s Sys=0.00s Real=0.00s
[2024-10-12T11:09:34.109+0800][info] GC(141) Concurrent Mark 7.342ms
[2024-10-12T11:09:34.109+0800][info] GC(141) Concurrent Rebuild Remembered Sets
[2024-10-12T11:09:34.110+0800][info] GC(141) Concurrent Rebuild Remembered Sets 1.100ms
[2024-10-12T11:09:34.110+0800][info] GC(141) Pause Cleanup
[2024-10-12T11:09:34.110+0800][info] GC(141) Pause Cleanup 82M->82M(128M) 0.224ms
[2024-10-12T11:09:34.110+0800][info] GC(141) User=0.00s Sys=0.00s Real=0.00s
[2024-10-12T11:09:34.110+0800][info] GC(141) Concurrent Cleanup for Next Mark
[2024-10-12T11:09:34.111+0800][info] GC(141) Concurrent Cleanup for Next Mark 0.497ms
[2024-10-12T11:09:34.111+0800][info] GC(141) Concurrent Mark Cycle 9.717ms
[2024-10-12T11:09:34.255+0800][info] GC(142) Pause Young (Prepare Mixed) (G1 Evacuation Pause)
[2024-10-12T11:09:34.255+0800][info] GC(142) Using 3 workers of 48 for evacuation
[2024-10-12T11:09:34.257+0800][info] GC(142)   Pre Evacuate Collection Set: 0.1ms
[2024-10-12T11:09:34.257+0800][info] GC(142)   Merge Heap Roots: 0.1ms
[2024-10-12T11:09:34.257+0800][info] GC(142)   Evacuate Collection Set: 1.1ms
[2024-10-12T11:09:34.257+0800][info] GC(142)   Post Evacuate Collection Set: 0.2ms
[2024-10-12T11:09:34.257+0800][info] GC(142)   Other: 0.2ms
[2024-10-12T11:09:34.257+0800][info] GC(142) Eden regions: 2->0(2)
[2024-10-12T11:09:34.257+0800][info] GC(142) Survivor regions: 1->1(1)
[2024-10-12T11:09:34.257+0800][info] GC(142) Old regions: 41->43
[2024-10-12T11:09:34.257+0800][info] GC(142) Archive regions: 2->2
[2024-10-12T11:09:34.257+0800][info] GC(142) Humongous regions: 3->3
[2024-10-12T11:09:34.257+0800][info] GC(142) Metaspace: 1582K(1728K)->1582K(1728K) NonClass: 1458K(1536K)->1458K(1536K) Class: 124K(192K)->124K(192K)
[2024-10-12T11:09:34.257+0800][info] GC(142) Pause Young (Prepare Mixed) (G1 Evacuation Pause) 85M->85M(128M) 1.851ms
[2024-10-12T11:09:34.257+0800][info] GC(142) User=0.01s Sys=0.00s Real=0.00s
[2024-10-12T11:09:34.359+0800][info] GC(143) Pause Young (Mixed) (G1 Evacuation Pause)
[2024-10-12T11:09:34.359+0800][info] GC(143) Using 3 workers of 48 for evacuation
[2024-10-12T11:09:34.365+0800][info] GC(143) To-space exhausted
[2024-10-12T11:09:34.365+0800][info] GC(143)   Pre Evacuate Collection Set: 0.2ms
[2024-10-12T11:09:34.365+0800][info] GC(143)   Merge Heap Roots: 0.1ms
[2024-10-12T11:09:34.365+0800][info] GC(143)   Evacuate Collection Set: 5.1ms
[2024-10-12T11:09:34.365+0800][info] GC(143)   Post Evacuate Collection Set: 0.4ms
[2024-10-12T11:09:34.365+0800][info] GC(143)   Other: 0.3ms
[2024-10-12T11:09:34.365+0800][info] GC(143) Eden regions: 2->0(2)
[2024-10-12T11:09:34.365+0800][info] GC(143) Survivor regions: 1->1(1)
[2024-10-12T11:09:34.365+0800][info] GC(143) Old regions: 43->41
[2024-10-12T11:09:34.365+0800][info] GC(143) Archive regions: 2->2
[2024-10-12T11:09:34.365+0800][info] GC(143) Humongous regions: 3->3
[2024-10-12T11:09:34.365+0800][info] GC(143) Metaspace: 1582K(1728K)->1582K(1728K) NonClass: 1458K(1536K)->1458K(1536K) Class: 124K(192K)->124K(192K)
[2024-10-12T11:09:34.365+0800][info] GC(143) Pause Young (Mixed) (G1 Evacuation Pause) 89M->87M(128M) 6.106ms
[2024-10-12T11:09:34.365+0800][info] GC(143) User=0.01s Sys=0.01s Real=0.01s
[2024-10-12T11:09:34.468+0800][info] GC(144) Pause Young (Concurrent Start) (G1 Evacuation Pause)
[2024-10-12T11:09:34.468+0800][info] GC(144) Using 3 workers of 48 for evacuation
[2024-10-12T11:09:34.470+0800][info] GC(144)   Pre Evacuate Collection Set: 0.1ms
[2024-10-12T11:09:34.470+0800][info] GC(144)   Merge Heap Roots: 0.1ms
[2024-10-12T11:09:34.470+0800][info] GC(144)   Evacuate Collection Set: 1.2ms
[2024-10-12T11:09:34.470+0800][info] GC(144)   Post Evacuate Collection Set: 0.2ms
[2024-10-12T11:09:34.470+0800][info] GC(144)   Other: 0.4ms
[2024-10-12T11:09:34.470+0800][info] GC(144) Eden regions: 2->0(2)
[2024-10-12T11:09:34.470+0800][info] GC(144) Survivor regions: 1->1(1)
[2024-10-12T11:09:34.470+0800][info] GC(144) Old regions: 41->43
[2024-10-12T11:09:34.470+0800][info] GC(144) Archive regions: 2->2
[2024-10-12T11:09:34.470+0800][info] GC(144) Humongous regions: 3->3
[2024-10-12T11:09:34.470+0800][info] GC(144) Metaspace: 1586K(1792K)->1586K(1792K) NonClass: 1462K(1600K)->1462K(1600K) Class: 124K(192K)->124K(192K)
[2024-10-12T11:09:34.470+0800][info] GC(144) Pause Young (Concurrent Start) (G1 Evacuation Pause) 90M->90M(128M) 2.101ms
[2024-10-12T11:09:34.470+0800][info] GC(144) User=0.01s Sys=0.00s Real=0.00s
[2024-10-12T11:09:34.470+0800][info] GC(145) Concurrent Mark Cycle
[2024-10-12T11:09:34.471+0800][info] GC(145) Concurrent Clear Claimed Marks
[2024-10-12T11:09:34.471+0800][info] GC(145) Concurrent Clear Claimed Marks 0.017ms
[2024-10-12T11:09:34.471+0800][info] GC(145) Concurrent Scan Root Regions
[2024-10-12T11:09:34.471+0800][info] GC(145) Concurrent Scan Root Regions 0.117ms
[2024-10-12T11:09:34.471+0800][info] GC(145) Concurrent Mark
[2024-10-12T11:09:34.471+0800][info] GC(145) Concurrent Mark From Roots
[2024-10-12T11:09:34.471+0800][info] GC(145) Using 12 workers of 12 for marking
[2024-10-12T11:09:34.475+0800][info] GC(145) Concurrent Mark From Roots 3.828ms
[2024-10-12T11:09:34.475+0800][info] GC(145) Concurrent Preclean
[2024-10-12T11:09:34.476+0800][info] GC(145) Concurrent Preclean 1.674ms
[2024-10-12T11:09:34.476+0800][info] GC(145) Pause Remark
[2024-10-12T11:09:34.478+0800][info] GC(145) Pause Remark 90M->90M(128M) 1.361ms
[2024-10-12T11:09:34.478+0800][info] GC(145) User=0.00s Sys=0.00s Real=0.00s
[2024-10-12T11:09:34.478+0800][info] GC(145) Concurrent Mark 7.187ms
[2024-10-12T11:09:34.478+0800][info] GC(145) Concurrent Rebuild Remembered Sets
[2024-10-12T11:09:34.479+0800][info] GC(145) Concurrent Rebuild Remembered Sets 1.044ms
[2024-10-12T11:09:34.479+0800][info] GC(145) Pause Cleanup
[2024-10-12T11:09:34.479+0800][info] GC(145) Pause Cleanup 90M->90M(128M) 0.235ms
[2024-10-12T11:09:34.479+0800][info] GC(145) User=0.00s Sys=0.00s Real=0.00s
[2024-10-12T11:09:34.479+0800][info] GC(145) Concurrent Cleanup for Next Mark
[2024-10-12T11:09:34.480+0800][info] GC(145) Concurrent Cleanup for Next Mark 0.434ms
[2024-10-12T11:09:34.480+0800][info] GC(145) Concurrent Mark Cycle 9.392ms
[2024-10-12T11:09:34.624+0800][info] GC(146) Pause Young (Prepare Mixed) (G1 Evacuation Pause)
[2024-10-12T11:09:34.624+0800][info] GC(146) Using 3 workers of 48 for evacuation
[2024-10-12T11:09:34.626+0800][info] GC(146)   Pre Evacuate Collection Set: 0.1ms
[2024-10-12T11:09:34.626+0800][info] GC(146)   Merge Heap Roots: 0.1ms
[2024-10-12T11:09:34.626+0800][info] GC(146)   Evacuate Collection Set: 1.2ms
[2024-10-12T11:09:34.626+0800][info] GC(146)   Post Evacuate Collection Set: 0.2ms
[2024-10-12T11:09:34.626+0800][info] GC(146)   Other: 0.2ms
[2024-10-12T11:09:34.626+0800][info] GC(146) Eden regions: 2->0(2)
[2024-10-12T11:09:34.626+0800][info] GC(146) Survivor regions: 1->1(1)
[2024-10-12T11:09:34.626+0800][info] GC(146) Old regions: 43->45
[2024-10-12T11:09:34.626+0800][info] GC(146) Archive regions: 2->2
[2024-10-12T11:09:34.626+0800][info] GC(146) Humongous regions: 3->3
[2024-10-12T11:09:34.626+0800][info] GC(146) Metaspace: 1586K(1792K)->1586K(1792K) NonClass: 1462K(1600K)->1462K(1600K) Class: 124K(192K)->124K(192K)
[2024-10-12T11:09:34.626+0800][info] GC(146) Pause Young (Prepare Mixed) (G1 Evacuation Pause) 93M->94M(128M) 1.914ms
[2024-10-12T11:09:34.626+0800][info] GC(146) User=0.00s Sys=0.00s Real=0.01s
[2024-10-12T11:09:34.729+0800][info] GC(147) Pause Young (Mixed) (G1 Evacuation Pause)
[2024-10-12T11:09:34.729+0800][info] GC(147) Using 3 workers of 48 for evacuation
[2024-10-12T11:09:34.735+0800][info] GC(147) To-space exhausted
[2024-10-12T11:09:34.735+0800][info] GC(147)   Pre Evacuate Collection Set: 0.1ms
[2024-10-12T11:09:34.735+0800][info] GC(147)   Merge Heap Roots: 0.1ms
[2024-10-12T11:09:34.735+0800][info] GC(147)   Evacuate Collection Set: 4.9ms
[2024-10-12T11:09:34.735+0800][info] GC(147)   Post Evacuate Collection Set: 0.4ms
[2024-10-12T11:09:34.735+0800][info] GC(147)   Other: 0.3ms
[2024-10-12T11:09:34.735+0800][info] GC(147) Eden regions: 2->0(3)
[2024-10-12T11:09:34.735+0800][info] GC(147) Survivor regions: 1->1(1)
[2024-10-12T11:09:34.735+0800][info] GC(147) Old regions: 45->40
[2024-10-12T11:09:34.735+0800][info] GC(147) Archive regions: 2->2
[2024-10-12T11:09:34.735+0800][info] GC(147) Humongous regions: 3->3
[2024-10-12T11:09:34.735+0800][info] GC(147) Metaspace: 1614K(1792K)->1614K(1792K) NonClass: 1490K(1600K)->1490K(1600K) Class: 124K(192K)->124K(192K)
[2024-10-12T11:09:34.735+0800][info] GC(147) Pause Young (Mixed) (G1 Evacuation Pause) 97M->87M(128M) 5.820ms
[2024-10-12T11:09:34.735+0800][info] GC(147) User=0.01s Sys=0.00s Real=0.01s
[2024-10-12T11:09:34.899+0800][info] GC(148) Pause Young (Concurrent Start) (G1 Evacuation Pause)
[2024-10-12T11:09:34.899+0800][info] GC(148) Using 3 workers of 48 for evacuation
[2024-10-12T11:09:34.901+0800][info] GC(148)   Pre Evacuate Collection Set: 0.1ms
[2024-10-12T11:09:34.901+0800][info] GC(148)   Merge Heap Roots: 0.1ms
[2024-10-12T11:09:34.901+0800][info] GC(148)   Evacuate Collection Set: 1.3ms
[2024-10-12T11:09:34.901+0800][info] GC(148)   Post Evacuate Collection Set: 0.2ms
[2024-10-12T11:09:34.901+0800][info] GC(148)   Other: 0.4ms
[2024-10-12T11:09:34.901+0800][info] GC(148) Eden regions: 3->0(2)
[2024-10-12T11:09:34.901+0800][info] GC(148) Survivor regions: 1->1(1)
[2024-10-12T11:09:34.901+0800][info] GC(148) Old regions: 40->43
[2024-10-12T11:09:34.901+0800][info] GC(148) Archive regions: 2->2
[2024-10-12T11:09:34.901+0800][info] GC(148) Humongous regions: 3->3
[2024-10-12T11:09:34.901+0800][info] GC(148) Metaspace: 1614K(1792K)->1614K(1792K) NonClass: 1490K(1600K)->1490K(1600K) Class: 124K(192K)->124K(192K)
[2024-10-12T11:09:34.901+0800][info] GC(148) Pause Young (Concurrent Start) (G1 Evacuation Pause) 93M->92M(128M) 2.160ms
[2024-10-12T11:09:34.901+0800][info] GC(148) User=0.01s Sys=0.00s Real=0.00s
[2024-10-12T11:09:34.901+0800][info] GC(149) Concurrent Mark Cycle
[2024-10-12T11:09:34.901+0800][info] GC(149) Concurrent Clear Claimed Marks
[2024-10-12T11:09:34.901+0800][info] GC(149) Concurrent Clear Claimed Marks 0.017ms
[2024-10-12T11:09:34.901+0800][info] GC(149) Concurrent Scan Root Regions
[2024-10-12T11:09:34.901+0800][info] GC(149) Concurrent Scan Root Regions 0.162ms
[2024-10-12T11:09:34.901+0800][info] GC(149) Concurrent Mark
[2024-10-12T11:09:34.901+0800][info] GC(149) Concurrent Mark From Roots
[2024-10-12T11:09:34.901+0800][info] GC(149) Using 12 workers of 12 for marking
[2024-10-12T11:09:34.905+0800][info] GC(149) Concurrent Mark From Roots 3.800ms
[2024-10-12T11:09:34.905+0800][info] GC(149) Concurrent Preclean
[2024-10-12T11:09:34.907+0800][info] GC(149) Concurrent Preclean 1.677ms
[2024-10-12T11:09:34.907+0800][info] GC(149) Pause Remark
[2024-10-12T11:09:34.908+0800][info] GC(149) Pause Remark 92M->92M(128M) 1.478ms
[2024-10-12T11:09:34.908+0800][info] GC(149) User=0.00s Sys=0.00s Real=0.00s
[2024-10-12T11:09:34.908+0800][info] GC(149) Concurrent Mark 7.252ms
[2024-10-12T11:09:34.909+0800][info] GC(149) Concurrent Rebuild Remembered Sets
[2024-10-12T11:09:34.910+0800][info] GC(149) Concurrent Rebuild Remembered Sets 1.258ms
[2024-10-12T11:09:34.910+0800][info] GC(149) Pause Cleanup
[2024-10-12T11:09:34.910+0800][info] GC(149) Pause Cleanup 92M->92M(128M) 0.225ms
[2024-10-12T11:09:34.910+0800][info] GC(149) User=0.00s Sys=0.00s Real=0.00s
[2024-10-12T11:09:34.910+0800][info] GC(149) Concurrent Cleanup for Next Mark
[2024-10-12T11:09:34.911+0800][info] GC(149) Concurrent Cleanup for Next Mark 0.533ms
[2024-10-12T11:09:34.911+0800][info] GC(149) Concurrent Mark Cycle 9.808ms
[2024-10-12T11:09:35.056+0800][info] GC(150) Pause Young (Prepare Mixed) (G1 Evacuation Pause)
[2024-10-12T11:09:35.056+0800][info] GC(150) Using 3 workers of 48 for evacuation
[2024-10-12T11:09:35.057+0800][info] GC(150)   Pre Evacuate Collection Set: 0.1ms
[2024-10-12T11:09:35.057+0800][info] GC(150)   Merge Heap Roots: 0.1ms
[2024-10-12T11:09:35.057+0800][info] GC(150)   Evacuate Collection Set: 1.0ms
[2024-10-12T11:09:35.057+0800][info] GC(150)   Post Evacuate Collection Set: 0.3ms
[2024-10-12T11:09:35.057+0800][info] GC(150)   Other: 0.2ms
[2024-10-12T11:09:35.057+0800][info] GC(150) Eden regions: 2->0(2)
[2024-10-12T11:09:35.057+0800][info] GC(150) Survivor regions: 1->1(1)
[2024-10-12T11:09:35.057+0800][info] GC(150) Old regions: 43->45
[2024-10-12T11:09:35.057+0800][info] GC(150) Archive regions: 2->2
[2024-10-12T11:09:35.057+0800][info] GC(150) Humongous regions: 3->3
[2024-10-12T11:09:35.057+0800][info] GC(150) Metaspace: 1614K(1792K)->1614K(1792K) NonClass: 1490K(1600K)->1490K(1600K) Class: 124K(192K)->124K(192K)
[2024-10-12T11:09:35.057+0800][info] GC(150) Pause Young (Prepare Mixed) (G1 Evacuation Pause) 95M->95M(128M) 1.756ms
[2024-10-12T11:09:35.057+0800][info] GC(150) User=0.00s Sys=0.00s Real=0.00s
[2024-10-12T11:09:35.160+0800][info] GC(151) Pause Young (Mixed) (G1 Evacuation Pause)
[2024-10-12T11:09:35.160+0800][info] GC(151) Using 3 workers of 48 for evacuation
[2024-10-12T11:09:35.165+0800][info] GC(151) To-space exhausted
[2024-10-12T11:09:35.165+0800][info] GC(151)   Pre Evacuate Collection Set: 0.2ms
[2024-10-12T11:09:35.165+0800][info] GC(151)   Merge Heap Roots: 0.1ms
[2024-10-12T11:09:35.165+0800][info] GC(151)   Evacuate Collection Set: 4.3ms
[2024-10-12T11:09:35.165+0800][info] GC(151)   Post Evacuate Collection Set: 0.5ms
[2024-10-12T11:09:35.165+0800][info] GC(151)   Other: 0.2ms
[2024-10-12T11:09:35.165+0800][info] GC(151) Eden regions: 2->0(2)
[2024-10-12T11:09:35.165+0800][info] GC(151) Survivor regions: 1->1(1)
[2024-10-12T11:09:35.165+0800][info] GC(151) Old regions: 45->51
[2024-10-12T11:09:35.165+0800][info] GC(151) Archive regions: 2->2
[2024-10-12T11:09:35.165+0800][info] GC(151) Humongous regions: 3->3
[2024-10-12T11:09:35.165+0800][info] GC(151) Metaspace: 1614K(1792K)->1614K(1792K) NonClass: 1490K(1600K)->1490K(1600K) Class: 124K(192K)->124K(192K)
[2024-10-12T11:09:35.165+0800][info] GC(151) Pause Young (Mixed) (G1 Evacuation Pause) 99M->109M(128M) 5.547ms
[2024-10-12T11:09:35.165+0800][info] GC(151) User=0.02s Sys=0.00s Real=0.01s
[2024-10-12T11:09:35.268+0800][info] GC(152) Pause Young (Concurrent Start) (G1 Evacuation Pause)
[2024-10-12T11:09:35.268+0800][info] GC(152) Using 3 workers of 48 for evacuation
[2024-10-12T11:09:35.270+0800][info] GC(152)   Pre Evacuate Collection Set: 0.1ms
[2024-10-12T11:09:35.270+0800][info] GC(152)   Merge Heap Roots: 0.1ms
[2024-10-12T11:09:35.270+0800][info] GC(152)   Evacuate Collection Set: 1.3ms
[2024-10-12T11:09:35.270+0800][info] GC(152)   Post Evacuate Collection Set: 0.2ms
[2024-10-12T11:09:35.270+0800][info] GC(152)   Other: 0.4ms
[2024-10-12T11:09:35.270+0800][info] GC(152) Eden regions: 2->0(2)
[2024-10-12T11:09:35.270+0800][info] GC(152) Survivor regions: 1->1(1)
[2024-10-12T11:09:35.270+0800][info] GC(152) Old regions: 51->53
[2024-10-12T11:09:35.270+0800][info] GC(152) Archive regions: 2->2
[2024-10-12T11:09:35.270+0800][info] GC(152) Humongous regions: 3->3
[2024-10-12T11:09:35.270+0800][info] GC(152) Metaspace: 1614K(1792K)->1614K(1792K) NonClass: 1490K(1600K)->1490K(1600K) Class: 124K(192K)->124K(192K)
[2024-10-12T11:09:35.270+0800][info] GC(152) Pause Young (Concurrent Start) (G1 Evacuation Pause) 112M->113M(128M) 2.167ms
[2024-10-12T11:09:35.270+0800][info] GC(152) User=0.00s Sys=0.00s Real=0.00s
[2024-10-12T11:09:35.270+0800][info] GC(153) Concurrent Mark Cycle
[2024-10-12T11:09:35.270+0800][info] GC(153) Concurrent Clear Claimed Marks
[2024-10-12T11:09:35.270+0800][info] GC(153) Concurrent Clear Claimed Marks 0.017ms
[2024-10-12T11:09:35.270+0800][info] GC(153) Concurrent Scan Root Regions
[2024-10-12T11:09:35.271+0800][info] GC(153) Concurrent Scan Root Regions 0.155ms
[2024-10-12T11:09:35.271+0800][info] GC(153) Concurrent Mark
[2024-10-12T11:09:35.271+0800][info] GC(153) Concurrent Mark From Roots
[2024-10-12T11:09:35.271+0800][info] GC(153) Using 12 workers of 12 for marking
[2024-10-12T11:09:35.274+0800][info] GC(153) Concurrent Mark From Roots 3.657ms
[2024-10-12T11:09:35.274+0800][info] GC(153) Concurrent Preclean
[2024-10-12T11:09:35.276+0800][info] GC(153) Concurrent Preclean 1.677ms
[2024-10-12T11:09:35.276+0800][info] GC(153) Pause Remark
[2024-10-12T11:09:35.278+0800][info] GC(153) Pause Remark 113M->109M(128M) 1.448ms
[2024-10-12T11:09:35.278+0800][info] GC(153) User=0.01s Sys=0.00s Real=0.00s
[2024-10-12T11:09:35.278+0800][info] GC(153) Concurrent Mark 7.023ms
[2024-10-12T11:09:35.278+0800][info] GC(153) Concurrent Rebuild Remembered Sets
[2024-10-12T11:09:35.279+0800][info] GC(153) Concurrent Rebuild Remembered Sets 0.972ms
[2024-10-12T11:09:35.279+0800][info] GC(153) Pause Cleanup
[2024-10-12T11:09:35.279+0800][info] GC(153) Pause Cleanup 109M->109M(128M) 0.184ms
[2024-10-12T11:09:35.279+0800][info] GC(153) User=0.00s Sys=0.00s Real=0.00s
[2024-10-12T11:09:35.279+0800][info] GC(153) Concurrent Cleanup for Next Mark
[2024-10-12T11:09:35.279+0800][info] GC(153) Concurrent Cleanup for Next Mark 0.400ms
[2024-10-12T11:09:35.280+0800][info] GC(153) Concurrent Mark Cycle 9.107ms
[2024-10-12T11:09:35.424+0800][info] GC(154) Pause Young (Prepare Mixed) (G1 Evacuation Pause)
[2024-10-12T11:09:35.424+0800][info] GC(154) Using 3 workers of 48 for evacuation
[2024-10-12T11:09:35.426+0800][info] GC(154)   Pre Evacuate Collection Set: 0.1ms
[2024-10-12T11:09:35.426+0800][info] GC(154)   Merge Heap Roots: 0.1ms
[2024-10-12T11:09:35.426+0800][info] GC(154)   Evacuate Collection Set: 1.4ms
[2024-10-12T11:09:35.426+0800][info] GC(154)   Post Evacuate Collection Set: 0.2ms
[2024-10-12T11:09:35.426+0800][info] GC(154)   Other: 0.2ms
[2024-10-12T11:09:35.426+0800][info] GC(154) Eden regions: 2->0(2)
[2024-10-12T11:09:35.426+0800][info] GC(154) Survivor regions: 1->1(1)
[2024-10-12T11:09:35.426+0800][info] GC(154) Old regions: 51->53
[2024-10-12T11:09:35.426+0800][info] GC(154) Archive regions: 2->2
[2024-10-12T11:09:35.426+0800][info] GC(154) Humongous regions: 3->3
[2024-10-12T11:09:35.426+0800][info] GC(154) Metaspace: 1614K(1792K)->1614K(1792K) NonClass: 1490K(1600K)->1490K(1600K) Class: 124K(192K)->124K(192K)
[2024-10-12T11:09:35.426+0800][info] GC(154) Pause Young (Prepare Mixed) (G1 Evacuation Pause) 112M->112M(128M) 2.224ms
[2024-10-12T11:09:35.426+0800][info] GC(154) User=0.01s Sys=0.00s Real=0.01s
[2024-10-12T11:09:35.488+0800][info] GC(155) Pause Young (Mixed) (G1 Preventive Collection)
[2024-10-12T11:09:35.488+0800][info] GC(155) Using 3 workers of 48 for evacuation
[2024-10-12T11:09:35.491+0800][info] GC(155) To-space exhausted
[2024-10-12T11:09:35.491+0800][info] GC(155)   Pre Evacuate Collection Set: 0.2ms
[2024-10-12T11:09:35.491+0800][info] GC(155)   Merge Heap Roots: 0.1ms
[2024-10-12T11:09:35.491+0800][info] GC(155)   Evacuate Collection Set: 2.4ms
[2024-10-12T11:09:35.491+0800][info] GC(155)   Post Evacuate Collection Set: 0.7ms
[2024-10-12T11:09:35.491+0800][info] GC(155)   Other: 0.2ms
[2024-10-12T11:09:35.491+0800][info] GC(155) Eden regions: 1->0(2)
[2024-10-12T11:09:35.491+0800][info] GC(155) Survivor regions: 1->1(1)
[2024-10-12T11:09:35.491+0800][info] GC(155) Old regions: 53->48
[2024-10-12T11:09:35.491+0800][info] GC(155) Archive regions: 2->2
[2024-10-12T11:09:35.491+0800][info] GC(155) Humongous regions: 3->3
[2024-10-12T11:09:35.492+0800][info] GC(155) Metaspace: 1614K(1792K)->1614K(1792K) NonClass: 1490K(1600K)->1490K(1600K) Class: 124K(192K)->124K(192K)
[2024-10-12T11:09:35.492+0800][info] GC(155) Pause Young (Mixed) (G1 Preventive Collection) 114M->104M(128M) 3.735ms
[2024-10-12T11:09:35.492+0800][info] GC(155) User=0.01s Sys=0.00s Real=0.00s
[2024-10-12T11:09:35.594+0800][info] GC(156) Pause Young (Concurrent Start) (G1 Evacuation Pause)
[2024-10-12T11:09:35.594+0800][info] GC(156) Using 3 workers of 48 for evacuation
[2024-10-12T11:09:35.596+0800][info] GC(156)   Pre Evacuate Collection Set: 0.1ms
[2024-10-12T11:09:35.596+0800][info] GC(156)   Merge Heap Roots: 0.1ms
[2024-10-12T11:09:35.596+0800][info] GC(156)   Evacuate Collection Set: 1.3ms
[2024-10-12T11:09:35.596+0800][info] GC(156)   Post Evacuate Collection Set: 0.2ms
[2024-10-12T11:09:35.596+0800][info] GC(156)   Other: 0.4ms
[2024-10-12T11:09:35.596+0800][info] GC(156) Eden regions: 2->0(2)
[2024-10-12T11:09:35.596+0800][info] GC(156) Survivor regions: 1->1(1)
[2024-10-12T11:09:35.596+0800][info] GC(156) Old regions: 48->50
[2024-10-12T11:09:35.596+0800][info] GC(156) Archive regions: 2->2
[2024-10-12T11:09:35.596+0800][info] GC(156) Humongous regions: 3->3
[2024-10-12T11:09:35.596+0800][info] GC(156) Metaspace: 1614K(1792K)->1614K(1792K) NonClass: 1490K(1600K)->1490K(1600K) Class: 124K(192K)->124K(192K)
[2024-10-12T11:09:35.596+0800][info] GC(156) Pause Young (Concurrent Start) (G1 Evacuation Pause) 108M->107M(128M) 2.181ms
[2024-10-12T11:09:35.596+0800][info] GC(156) User=0.00s Sys=0.00s Real=0.00s
[2024-10-12T11:09:35.596+0800][info] GC(157) Concurrent Mark Cycle
[2024-10-12T11:09:35.596+0800][info] GC(157) Concurrent Clear Claimed Marks
[2024-10-12T11:09:35.596+0800][info] GC(157) Concurrent Clear Claimed Marks 0.017ms
[2024-10-12T11:09:35.596+0800][info] GC(157) Concurrent Scan Root Regions
[2024-10-12T11:09:35.597+0800][info] GC(157) Concurrent Scan Root Regions 0.159ms
[2024-10-12T11:09:35.597+0800][info] GC(157) Concurrent Mark
[2024-10-12T11:09:35.597+0800][info] GC(157) Concurrent Mark From Roots
[2024-10-12T11:09:35.597+0800][info] GC(157) Using 12 workers of 12 for marking
[2024-10-12T11:09:35.601+0800][info] GC(157) Concurrent Mark From Roots 3.953ms
[2024-10-12T11:09:35.601+0800][info] GC(157) Concurrent Preclean
[2024-10-12T11:09:35.602+0800][info] GC(157) Concurrent Preclean 1.693ms
[2024-10-12T11:09:35.602+0800][info] GC(157) Pause Remark
[2024-10-12T11:09:35.604+0800][info] GC(157) Pause Remark 108M->104M(128M) 1.388ms
[2024-10-12T11:09:35.604+0800][info] GC(157) User=0.01s Sys=0.00s Real=0.00s
[2024-10-12T11:09:35.604+0800][info] GC(157) Concurrent Mark 7.337ms
[2024-10-12T11:09:35.604+0800][info] GC(157) Concurrent Rebuild Remembered Sets
[2024-10-12T11:09:35.605+0800][info] GC(157) Concurrent Rebuild Remembered Sets 1.179ms
[2024-10-12T11:09:35.605+0800][info] GC(157) Pause Cleanup
[2024-10-12T11:09:35.605+0800][info] GC(157) Pause Cleanup 104M->104M(128M) 0.175ms
[2024-10-12T11:09:35.605+0800][info] GC(157) User=0.00s Sys=0.00s Real=0.00s
[2024-10-12T11:09:35.605+0800][info] GC(157) Concurrent Cleanup for Next Mark
[2024-10-12T11:09:35.606+0800][info] GC(157) Concurrent Cleanup for Next Mark 0.420ms
[2024-10-12T11:09:35.606+0800][info] GC(157) Concurrent Mark Cycle 9.652ms
[2024-10-12T11:09:35.750+0800][info] GC(158) Pause Young (Prepare Mixed) (G1 Evacuation Pause)
[2024-10-12T11:09:35.750+0800][info] GC(158) Using 3 workers of 48 for evacuation
[2024-10-12T11:09:35.752+0800][info] GC(158)   Pre Evacuate Collection Set: 0.1ms
[2024-10-12T11:09:35.752+0800][info] GC(158)   Merge Heap Roots: 0.1ms
[2024-10-12T11:09:35.752+0800][info] GC(158)   Evacuate Collection Set: 1.0ms
[2024-10-12T11:09:35.752+0800][info] GC(158)   Post Evacuate Collection Set: 0.2ms
[2024-10-12T11:09:35.752+0800][info] GC(158)   Other: 0.2ms
[2024-10-12T11:09:35.752+0800][info] GC(158) Eden regions: 2->0(2)
[2024-10-12T11:09:35.752+0800][info] GC(158) Survivor regions: 1->1(1)
[2024-10-12T11:09:35.752+0800][info] GC(158) Old regions: 48->50
[2024-10-12T11:09:35.752+0800][info] GC(158) Archive regions: 2->2
[2024-10-12T11:09:35.752+0800][info] GC(158) Humongous regions: 3->3
[2024-10-12T11:09:35.752+0800][info] GC(158) Metaspace: 1614K(1792K)->1614K(1792K) NonClass: 1490K(1600K)->1490K(1600K) Class: 124K(192K)->124K(192K)
[2024-10-12T11:09:35.752+0800][info] GC(158) Pause Young (Prepare Mixed) (G1 Evacuation Pause) 107M->107M(128M) 1.706ms
[2024-10-12T11:09:35.752+0800][info] GC(158) User=0.00s Sys=0.00s Real=0.00s
[2024-10-12T11:09:35.813+0800][info] GC(159) Pause Young (Mixed) (G1 Preventive Collection)
[2024-10-12T11:09:35.813+0800][info] GC(159) Using 3 workers of 48 for evacuation
[2024-10-12T11:09:35.819+0800][info] GC(159) To-space exhausted
[2024-10-12T11:09:35.819+0800][info] GC(159)   Pre Evacuate Collection Set: 0.2ms
[2024-10-12T11:09:35.819+0800][info] GC(159)   Merge Heap Roots: 0.1ms
[2024-10-12T11:09:35.819+0800][info] GC(159)   Evacuate Collection Set: 3.8ms
[2024-10-12T11:09:35.819+0800][info] GC(159)   Post Evacuate Collection Set: 1.2ms
[2024-10-12T11:09:35.819+0800][info] GC(159)   Other: 0.2ms
[2024-10-12T11:09:35.819+0800][info] GC(159) Eden regions: 1->0(2)
[2024-10-12T11:09:35.819+0800][info] GC(159) Survivor regions: 1->1(1)
[2024-10-12T11:09:35.819+0800][info] GC(159) Old regions: 50->55
[2024-10-12T11:09:35.819+0800][info] GC(159) Archive regions: 2->2
[2024-10-12T11:09:35.819+0800][info] GC(159) Humongous regions: 3->3
[2024-10-12T11:09:35.819+0800][info] GC(159) Metaspace: 1614K(1792K)->1614K(1792K) NonClass: 1490K(1600K)->1490K(1600K) Class: 124K(192K)->124K(192K)
[2024-10-12T11:09:35.819+0800][info] GC(159) Pause Young (Mixed) (G1 Preventive Collection) 109M->118M(128M) 5.609ms
[2024-10-12T11:09:35.819+0800][info] GC(159) User=0.02s Sys=0.00s Real=0.00s
[2024-10-12T11:09:35.860+0800][info] GC(160) Pause Young (Concurrent Start) (G1 Preventive Collection)
[2024-10-12T11:09:35.860+0800][info] GC(160) Using 3 workers of 48 for evacuation
[2024-10-12T11:09:35.862+0800][info] GC(160)   Pre Evacuate Collection Set: 0.1ms
[2024-10-12T11:09:35.862+0800][info] GC(160)   Merge Heap Roots: 0.1ms
[2024-10-12T11:09:35.862+0800][info] GC(160)   Evacuate Collection Set: 1.0ms
[2024-10-12T11:09:35.862+0800][info] GC(160)   Post Evacuate Collection Set: 0.2ms
[2024-10-12T11:09:35.862+0800][info] GC(160)   Other: 0.4ms
[2024-10-12T11:09:35.862+0800][info] GC(160) Eden regions: 1->0(2)
[2024-10-12T11:09:35.862+0800][info] GC(160) Survivor regions: 1->1(1)
[2024-10-12T11:09:35.862+0800][info] GC(160) Old regions: 55->56
[2024-10-12T11:09:35.862+0800][info] GC(160) Archive regions: 2->2
[2024-10-12T11:09:35.862+0800][info] GC(160) Humongous regions: 3->3
[2024-10-12T11:09:35.862+0800][info] GC(160) Metaspace: 1614K(1792K)->1614K(1792K) NonClass: 1490K(1600K)->1490K(1600K) Class: 124K(192K)->124K(192K)
[2024-10-12T11:09:35.862+0800][info] GC(160) Pause Young (Concurrent Start) (G1 Preventive Collection) 120M->120M(128M) 1.906ms
[2024-10-12T11:09:35.862+0800][info] GC(160) User=0.00s Sys=0.00s Real=0.00s
[2024-10-12T11:09:35.862+0800][info] GC(161) Concurrent Mark Cycle
[2024-10-12T11:09:35.862+0800][info] GC(161) Concurrent Clear Claimed Marks
[2024-10-12T11:09:35.862+0800][info] GC(161) Concurrent Clear Claimed Marks 0.017ms
[2024-10-12T11:09:35.862+0800][info] GC(161) Concurrent Scan Root Regions
[2024-10-12T11:09:35.862+0800][info] GC(161) Concurrent Scan Root Regions 0.152ms
[2024-10-12T11:09:35.862+0800][info] GC(161) Concurrent Mark
[2024-10-12T11:09:35.862+0800][info] GC(161) Concurrent Mark From Roots
[2024-10-12T11:09:35.862+0800][info] GC(161) Using 12 workers of 12 for marking
[2024-10-12T11:09:35.868+0800][info] GC(161) Concurrent Mark From Roots 5.930ms
[2024-10-12T11:09:35.868+0800][info] GC(161) Concurrent Preclean
[2024-10-12T11:09:35.870+0800][info] GC(161) Concurrent Preclean 1.708ms
[2024-10-12T11:09:35.870+0800][info] GC(161) Pause Remark
[2024-10-12T11:09:35.871+0800][info] GC(161) Pause Remark 120M->117M(128M) 1.493ms
[2024-10-12T11:09:35.871+0800][info] GC(161) User=0.01s Sys=0.00s Real=0.00s
[2024-10-12T11:09:35.872+0800][info] GC(161) Concurrent Mark 9.456ms
[2024-10-12T11:09:35.872+0800][info] GC(161) Concurrent Rebuild Remembered Sets
[2024-10-12T11:09:35.873+0800][info] GC(161) Concurrent Rebuild Remembered Sets 1.078ms
[2024-10-12T11:09:35.873+0800][info] GC(161) Pause Cleanup
[2024-10-12T11:09:35.873+0800][info] GC(161) Pause Cleanup 117M->117M(128M) 0.184ms
[2024-10-12T11:09:35.873+0800][info] GC(161) User=0.00s Sys=0.00s Real=0.00s
[2024-10-12T11:09:35.873+0800][info] GC(161) Concurrent Cleanup for Next Mark
[2024-10-12T11:09:35.874+0800][info] GC(161) Concurrent Cleanup for Next Mark 0.453ms
[2024-10-12T11:09:35.874+0800][info] GC(161) Concurrent Mark Cycle 11.651ms
[2024-10-12T11:09:35.975+0800][info] GC(162) Pause Young (Prepare Mixed) (G1 Preventive Collection)
[2024-10-12T11:09:35.975+0800][info] GC(162) Using 3 workers of 48 for evacuation
[2024-10-12T11:09:35.976+0800][info] GC(162)   Pre Evacuate Collection Set: 0.1ms
[2024-10-12T11:09:35.976+0800][info] GC(162)   Merge Heap Roots: 0.1ms
[2024-10-12T11:09:35.976+0800][info] GC(162)   Evacuate Collection Set: 0.5ms
[2024-10-12T11:09:35.976+0800][info] GC(162)   Post Evacuate Collection Set: 0.2ms
[2024-10-12T11:09:35.976+0800][info] GC(162)   Other: 0.2ms
[2024-10-12T11:09:35.976+0800][info] GC(162) Eden regions: 1->0(2)
[2024-10-12T11:09:35.976+0800][info] GC(162) Survivor regions: 1->1(1)
[2024-10-12T11:09:35.976+0800][info] GC(162) Old regions: 54->55
[2024-10-12T11:09:35.976+0800][info] GC(162) Archive regions: 2->2
[2024-10-12T11:09:35.976+0800][info] GC(162) Humongous regions: 3->3
[2024-10-12T11:09:35.976+0800][info] GC(162) Metaspace: 1616K(1792K)->1616K(1792K) NonClass: 1492K(1600K)->1492K(1600K) Class: 124K(192K)->124K(192K)
[2024-10-12T11:09:35.976+0800][info] GC(162) Pause Young (Prepare Mixed) (G1 Preventive Collection) 118M->118M(128M) 1.238ms
[2024-10-12T11:09:35.976+0800][info] GC(162) User=0.00s Sys=0.00s Real=0.00s
[2024-10-12T11:09:36.017+0800][info] GC(163) Pause Young (Mixed) (G1 Preventive Collection)
[2024-10-12T11:09:36.017+0800][info] GC(163) Using 3 workers of 48 for evacuation
[2024-10-12T11:09:36.021+0800][info] GC(163) To-space exhausted
[2024-10-12T11:09:36.021+0800][info] GC(163)   Pre Evacuate Collection Set: 0.2ms
[2024-10-12T11:09:36.021+0800][info] GC(163)   Merge Heap Roots: 0.1ms
[2024-10-12T11:09:36.021+0800][info] GC(163)   Evacuate Collection Set: 1.8ms
[2024-10-12T11:09:36.021+0800][info] GC(163)   Post Evacuate Collection Set: 1.1ms
[2024-10-12T11:09:36.021+0800][info] GC(163)   Other: 0.2ms
[2024-10-12T11:09:36.021+0800][info] GC(163) Eden regions: 1->0(2)
[2024-10-12T11:09:36.021+0800][info] GC(163) Survivor regions: 1->1(1)
[2024-10-12T11:09:36.021+0800][info] GC(163) Old regions: 55->57
[2024-10-12T11:09:36.021+0800][info] GC(163) Archive regions: 2->2
[2024-10-12T11:09:36.021+0800][info] GC(163) Humongous regions: 3->3
[2024-10-12T11:09:36.021+0800][info] GC(163) Metaspace: 1616K(1792K)->1616K(1792K) NonClass: 1492K(1600K)->1492K(1600K) Class: 124K(192K)->124K(192K)
[2024-10-12T11:09:36.021+0800][info] GC(163) Pause Young (Mixed) (G1 Preventive Collection) 119M->122M(128M) 3.545ms
[2024-10-12T11:09:36.021+0800][info] GC(163) User=0.00s Sys=0.00s Real=0.00s
[2024-10-12T11:09:36.082+0800][info] GC(164) Pause Young (Concurrent Start) (G1 Evacuation Pause)
[2024-10-12T11:09:36.082+0800][info] GC(164) Using 3 workers of 48 for evacuation
[2024-10-12T11:09:36.083+0800][info] GC(164) To-space exhausted
[2024-10-12T11:09:36.083+0800][info] GC(164)   Pre Evacuate Collection Set: 0.1ms
[2024-10-12T11:09:36.083+0800][info] GC(164)   Merge Heap Roots: 0.1ms
[2024-10-12T11:09:36.083+0800][info] GC(164)   Evacuate Collection Set: 0.4ms
[2024-10-12T11:09:36.083+0800][info] GC(164)   Post Evacuate Collection Set: 0.2ms
[2024-10-12T11:09:36.083+0800][info] GC(164)   Other: 0.3ms
[2024-10-12T11:09:36.083+0800][info] GC(164) Eden regions: 1->0(3)
[2024-10-12T11:09:36.083+0800][info] GC(164) Survivor regions: 1->0(0)
[2024-10-12T11:09:36.083+0800][info] GC(164) Old regions: 57->59
[2024-10-12T11:09:36.083+0800][info] GC(164) Archive regions: 2->2
[2024-10-12T11:09:36.083+0800][info] GC(164) Humongous regions: 3->3
[2024-10-12T11:09:36.083+0800][info] GC(164) Metaspace: 1616K(1792K)->1616K(1792K) NonClass: 1492K(1600K)->1492K(1600K) Class: 124K(192K)->124K(192K)
[2024-10-12T11:09:36.083+0800][info] GC(164) Pause Young (Concurrent Start) (G1 Evacuation Pause) 124M->124M(128M) 1.352ms
[2024-10-12T11:09:36.084+0800][info] GC(164) User=0.01s Sys=0.00s Real=0.00s
[2024-10-12T11:09:36.084+0800][info] Attempting full compaction
[2024-10-12T11:09:36.084+0800][info] GC(165) Using 3 workers of 48 for full compaction
[2024-10-12T11:09:36.084+0800][info] GC(165) Pause Full (G1 Compaction Pause)
[2024-10-12T11:09:36.084+0800][info] GC(166) Concurrent Mark Cycle
[2024-10-12T11:09:36.084+0800][info] GC(166) Concurrent Clear Claimed Marks
[2024-10-12T11:09:36.084+0800][info] GC(166) Concurrent Clear Claimed Marks 0.016ms
[2024-10-12T11:09:36.084+0800][info] GC(166) Concurrent Scan Root Regions
[2024-10-12T11:09:36.084+0800][info] GC(166) Concurrent Scan Root Regions 0.010ms
[2024-10-12T11:09:36.084+0800][info] GC(166) Concurrent Mark
[2024-10-12T11:09:36.084+0800][info] GC(166) Concurrent Mark From Roots
[2024-10-12T11:09:36.084+0800][info] GC(166) Using 12 workers of 12 for marking
[2024-10-12T11:09:36.084+0800][info] GC(165) Phase 1: Mark live objects
[2024-10-12T11:09:36.087+0800][info] GC(165) Phase 1: Mark live objects 3.300ms
[2024-10-12T11:09:36.087+0800][info] GC(165) Phase 2: Prepare for compaction
[2024-10-12T11:09:36.088+0800][info] GC(165) Phase 2: Prepare for compaction 0.660ms
[2024-10-12T11:09:36.088+0800][info] GC(165) Phase 3: Adjust pointers
[2024-10-12T11:09:36.089+0800][info] GC(165) Phase 3: Adjust pointers 1.512ms
[2024-10-12T11:09:36.089+0800][info] GC(165) Phase 4: Compact heap
[2024-10-12T11:09:36.101+0800][info] GC(165) Phase 4: Compact heap 11.865ms
[2024-10-12T11:09:36.103+0800][info] GC(165) Eden regions: 0->0(5)
[2024-10-12T11:09:36.103+0800][info] GC(165) Survivor regions: 0->0(0)
[2024-10-12T11:09:36.103+0800][info] GC(165) Old regions: 59->37
[2024-10-12T11:09:36.103+0800][info] GC(165) Archive regions: 2->2
[2024-10-12T11:09:36.103+0800][info] GC(165) Humongous regions: 3->3
[2024-10-12T11:09:36.103+0800][info] GC(165) Metaspace: 1616K(1792K)->1616K(1792K) NonClass: 1492K(1600K)->1492K(1600K) Class: 124K(192K)->124K(192K)
[2024-10-12T11:09:36.103+0800][info] GC(165) Pause Full (G1 Compaction Pause) 124M->71M(128M) 19.269ms
[2024-10-12T11:09:36.103+0800][info] GC(165) User=0.04s Sys=0.00s Real=0.02s
[2024-10-12T11:09:36.103+0800][info] GC(166) Concurrent Mark From Roots 19.497ms
[2024-10-12T11:09:36.103+0800][info] GC(166) Concurrent Mark Abort
[2024-10-12T11:09:36.103+0800][info] GC(166) Concurrent Mark Cycle 19.687ms
[2024-10-12T11:09:36.206+0800][info] GC(167) Pause Young (Concurrent Start) (G1 Humongous Allocation)
[2024-10-12T11:09:36.206+0800][info] GC(167) Using 3 workers of 48 for evacuation
[2024-10-12T11:09:36.207+0800][info] GC(167)   Pre Evacuate Collection Set: 0.1ms
[2024-10-12T11:09:36.207+0800][info] GC(167)   Merge Heap Roots: 0.1ms
[2024-10-12T11:09:36.207+0800][info] GC(167)   Evacuate Collection Set: 1.0ms
[2024-10-12T11:09:36.207+0800][info] GC(167)   Post Evacuate Collection Set: 0.2ms
[2024-10-12T11:09:36.207+0800][info] GC(167)   Other: 0.4ms
[2024-10-12T11:09:36.207+0800][info] GC(167) Eden regions: 3->0(3)
[2024-10-12T11:09:36.207+0800][info] GC(167) Survivor regions: 0->1(1)
[2024-10-12T11:09:36.207+0800][info] GC(167) Old regions: 37->39
[2024-10-12T11:09:36.207+0800][info] GC(167) Archive regions: 2->2
[2024-10-12T11:09:36.207+0800][info] GC(167) Humongous regions: 3->3
[2024-10-12T11:09:36.207+0800][info] GC(167) Metaspace: 1616K(1792K)->1616K(1792K) NonClass: 1492K(1600K)->1492K(1600K) Class: 124K(192K)->124K(192K)
[2024-10-12T11:09:36.207+0800][info] GC(167) Pause Young (Concurrent Start) (G1 Humongous Allocation) 76M->76M(128M) 1.857ms
[2024-10-12T11:09:36.207+0800][info] GC(167) User=0.01s Sys=0.00s Real=0.00s
[2024-10-12T11:09:36.207+0800][info] GC(168) Concurrent Mark Cycle
[2024-10-12T11:09:36.208+0800][info] GC(168) Concurrent Clear Claimed Marks
[2024-10-12T11:09:36.208+0800][info] GC(168) Concurrent Clear Claimed Marks 0.017ms
[2024-10-12T11:09:36.208+0800][info] GC(168) Concurrent Scan Root Regions
[2024-10-12T11:09:36.208+0800][info] GC(168) Concurrent Scan Root Regions 0.159ms
[2024-10-12T11:09:36.208+0800][info] GC(168) Concurrent Mark
[2024-10-12T11:09:36.208+0800][info] GC(168) Concurrent Mark From Roots
[2024-10-12T11:09:36.208+0800][info] GC(168) Using 12 workers of 12 for marking
[2024-10-12T11:09:36.212+0800][info] GC(168) Concurrent Mark From Roots 3.929ms
[2024-10-12T11:09:36.212+0800][info] GC(168) Concurrent Preclean
[2024-10-12T11:09:36.213+0800][info] GC(168) Concurrent Preclean 1.701ms
[2024-10-12T11:09:36.213+0800][info] GC(168) Pause Remark
[2024-10-12T11:09:36.215+0800][info] GC(168) Pause Remark 78M->78M(128M) 1.438ms
[2024-10-12T11:09:36.215+0800][info] GC(168) User=0.00s Sys=0.00s Real=0.00s
[2024-10-12T11:09:36.215+0800][info] GC(168) Concurrent Mark 7.325ms
[2024-10-12T11:09:36.215+0800][info] GC(168) Concurrent Rebuild Remembered Sets
[2024-10-12T11:09:36.216+0800][info] GC(168) Concurrent Rebuild Remembered Sets 1.051ms
[2024-10-12T11:09:36.216+0800][info] GC(168) Pause Cleanup
[2024-10-12T11:09:36.216+0800][info] GC(168) Pause Cleanup 78M->78M(128M) 0.160ms
[2024-10-12T11:09:36.216+0800][info] GC(168) User=0.00s Sys=0.00s Real=0.00s
[2024-10-12T11:09:36.216+0800][info] GC(168) Concurrent Cleanup for Next Mark
[2024-10-12T11:09:36.217+0800][info] GC(168) Concurrent Cleanup for Next Mark 0.410ms
[2024-10-12T11:09:36.217+0800][info] GC(168) Concurrent Mark Cycle 9.430ms
[2024-10-12T11:09:36.444+0800][info] GC(169) Pause Young (Prepare Mixed) (G1 Evacuation Pause)
[2024-10-12T11:09:36.444+0800][info] GC(169) Using 3 workers of 48 for evacuation
[2024-10-12T11:09:36.446+0800][info] GC(169)   Pre Evacuate Collection Set: 0.1ms
[2024-10-12T11:09:36.446+0800][info] GC(169)   Merge Heap Roots: 0.1ms
[2024-10-12T11:09:36.446+0800][info] GC(169)   Evacuate Collection Set: 1.4ms
[2024-10-12T11:09:36.446+0800][info] GC(169)   Post Evacuate Collection Set: 0.2ms
[2024-10-12T11:09:36.446+0800][info] GC(169)   Other: 0.2ms
[2024-10-12T11:09:36.446+0800][info] GC(169) Eden regions: 3->0(2)
[2024-10-12T11:09:36.446+0800][info] GC(169) Survivor regions: 1->1(1)
[2024-10-12T11:09:36.446+0800][info] GC(169) Old regions: 39->42
[2024-10-12T11:09:36.446+0800][info] GC(169) Archive regions: 2->2
[2024-10-12T11:09:36.446+0800][info] GC(169) Humongous regions: 4->3
[2024-10-12T11:09:36.446+0800][info] GC(169) Metaspace: 1621K(1792K)->1621K(1792K) NonClass: 1497K(1600K)->1497K(1600K) Class: 124K(192K)->124K(192K)
[2024-10-12T11:09:36.446+0800][info] GC(169) Pause Young (Prepare Mixed) (G1 Evacuation Pause) 84M->82M(128M) 2.147ms
[2024-10-12T11:09:36.446+0800][info] GC(169) User=0.01s Sys=0.00s Real=0.01s
[2024-10-12T11:09:36.548+0800][info] GC(170) Pause Young (Mixed) (G1 Evacuation Pause)
[2024-10-12T11:09:36.549+0800][info] GC(170) Using 3 workers of 48 for evacuation
[2024-10-12T11:09:36.554+0800][info] GC(170)   Pre Evacuate Collection Set: 0.2ms
[2024-10-12T11:09:36.554+0800][info] GC(170)   Merge Heap Roots: 0.1ms
[2024-10-12T11:09:36.554+0800][info] GC(170)   Evacuate Collection Set: 4.8ms
[2024-10-12T11:09:36.554+0800][info] GC(170)   Post Evacuate Collection Set: 0.3ms
[2024-10-12T11:09:36.554+0800][info] GC(170)   Other: 0.2ms
[2024-10-12T11:09:36.554+0800][info] GC(170) Eden regions: 2->0(3)
[2024-10-12T11:09:36.554+0800][info] GC(170) Survivor regions: 1->1(1)
[2024-10-12T11:09:36.554+0800][info] GC(170) Old regions: 42->39
[2024-10-12T11:09:36.554+0800][info] GC(170) Archive regions: 2->2
[2024-10-12T11:09:36.554+0800][info] GC(170) Humongous regions: 3->3
[2024-10-12T11:09:36.554+0800][info] GC(170) Metaspace: 1621K(1792K)->1621K(1792K) NonClass: 1497K(1600K)->1497K(1600K) Class: 124K(192K)->124K(192K)
[2024-10-12T11:09:36.554+0800][info] GC(170) Pause Young (Mixed) (G1 Evacuation Pause) 86M->82M(128M) 5.727ms
[2024-10-12T11:09:36.554+0800][info] GC(170) User=0.01s Sys=0.00s Real=0.01s
[2024-10-12T11:09:36.718+0800][info] GC(171) Pause Young (Concurrent Start) (G1 Evacuation Pause)
[2024-10-12T11:09:36.718+0800][info] GC(171) Using 3 workers of 48 for evacuation
[2024-10-12T11:09:36.720+0800][info] GC(171)   Pre Evacuate Collection Set: 0.1ms
[2024-10-12T11:09:36.720+0800][info] GC(171)   Merge Heap Roots: 0.1ms
[2024-10-12T11:09:36.720+0800][info] GC(171)   Evacuate Collection Set: 1.2ms
[2024-10-12T11:09:36.720+0800][info] GC(171)   Post Evacuate Collection Set: 0.2ms
[2024-10-12T11:09:36.720+0800][info] GC(171)   Other: 0.4ms
[2024-10-12T11:09:36.720+0800][info] GC(171) Eden regions: 3->0(2)
[2024-10-12T11:09:36.720+0800][info] GC(171) Survivor regions: 1->1(1)
[2024-10-12T11:09:36.720+0800][info] GC(171) Old regions: 39->42
[2024-10-12T11:09:36.720+0800][info] GC(171) Archive regions: 2->2
[2024-10-12T11:09:36.720+0800][info] GC(171) Humongous regions: 3->3
[2024-10-12T11:09:36.720+0800][info] GC(171) Metaspace: 1621K(1792K)->1621K(1792K) NonClass: 1497K(1600K)->1497K(1600K) Class: 124K(192K)->124K(192K)
[2024-10-12T11:09:36.720+0800][info] GC(171) Pause Young (Concurrent Start) (G1 Evacuation Pause) 88M->88M(128M) 2.095ms
[2024-10-12T11:09:36.720+0800][info] GC(171) User=0.01s Sys=0.00s Real=0.00s
[2024-10-12T11:09:36.720+0800][info] GC(172) Concurrent Mark Cycle
[2024-10-12T11:09:36.720+0800][info] GC(172) Concurrent Clear Claimed Marks
[2024-10-12T11:09:36.720+0800][info] GC(172) Concurrent Clear Claimed Marks 0.017ms
[2024-10-12T11:09:36.720+0800][info] GC(172) Concurrent Scan Root Regions
[2024-10-12T11:09:36.720+0800][info] GC(172) Concurrent Scan Root Regions 0.153ms
[2024-10-12T11:09:36.721+0800][info] GC(172) Concurrent Mark
[2024-10-12T11:09:36.721+0800][info] GC(172) Concurrent Mark From Roots
[2024-10-12T11:09:36.721+0800][info] GC(172) Using 12 workers of 12 for marking
[2024-10-12T11:09:36.726+0800][info] GC(172) Concurrent Mark From Roots 5.961ms
[2024-10-12T11:09:36.727+0800][info] GC(172) Concurrent Preclean
[2024-10-12T11:09:36.728+0800][info] GC(172) Concurrent Preclean 1.676ms
[2024-10-12T11:09:36.728+0800][info] GC(172) Pause Remark
[2024-10-12T11:09:36.730+0800][info] GC(172) Pause Remark 89M->89M(128M) 1.457ms
[2024-10-12T11:09:36.730+0800][info] GC(172) User=0.00s Sys=0.00s Real=0.00s
[2024-10-12T11:09:36.730+0800][info] GC(172) Concurrent Mark 9.401ms
[2024-10-12T11:09:36.730+0800][info] GC(172) Concurrent Rebuild Remembered Sets
[2024-10-12T11:09:36.731+0800][info] GC(172) Concurrent Rebuild Remembered Sets 1.476ms
[2024-10-12T11:09:36.732+0800][info] GC(172) Pause Cleanup
[2024-10-12T11:09:36.732+0800][info] GC(172) Pause Cleanup 89M->89M(128M) 0.232ms
[2024-10-12T11:09:36.732+0800][info] GC(172) User=0.00s Sys=0.00s Real=0.00s
[2024-10-12T11:09:36.732+0800][info] GC(172) Concurrent Cleanup for Next Mark
[2024-10-12T11:09:36.732+0800][info] GC(172) Concurrent Cleanup for Next Mark 0.468ms
[2024-10-12T11:09:36.732+0800][info] GC(172) Concurrent Mark Cycle 12.118ms
[2024-10-12T11:09:36.873+0800][info] GC(173) Pause Young (Prepare Mixed) (G1 Evacuation Pause)
[2024-10-12T11:09:36.873+0800][info] GC(173) Using 3 workers of 48 for evacuation
[2024-10-12T11:09:36.875+0800][info] GC(173)   Pre Evacuate Collection Set: 0.1ms
[2024-10-12T11:09:36.875+0800][info] GC(173)   Merge Heap Roots: 0.1ms
[2024-10-12T11:09:36.875+0800][info] GC(173)   Evacuate Collection Set: 1.0ms
[2024-10-12T11:09:36.875+0800][info] GC(173)   Post Evacuate Collection Set: 0.2ms
[2024-10-12T11:09:36.875+0800][info] GC(173)   Other: 0.2ms
[2024-10-12T11:09:36.875+0800][info] GC(173) Eden regions: 2->0(2)
[2024-10-12T11:09:36.875+0800][info] GC(173) Survivor regions: 1->1(1)
[2024-10-12T11:09:36.875+0800][info] GC(173) Old regions: 42->44
[2024-10-12T11:09:36.875+0800][info] GC(173) Archive regions: 2->2
[2024-10-12T11:09:36.875+0800][info] GC(173) Humongous regions: 3->3
[2024-10-12T11:09:36.875+0800][info] GC(173) Metaspace: 1621K(1792K)->1621K(1792K) NonClass: 1497K(1600K)->1497K(1600K) Class: 124K(192K)->124K(192K)
[2024-10-12T11:09:36.875+0800][info] GC(173) Pause Young (Prepare Mixed) (G1 Evacuation Pause) 92M->92M(128M) 1.768ms
[2024-10-12T11:09:36.875+0800][info] GC(173) User=0.01s Sys=0.00s Real=0.00s
[2024-10-12T11:09:36.937+0800][info] GC(174) Pause Young (Mixed) (G1 Preventive Collection)
[2024-10-12T11:09:36.937+0800][info] GC(174) Using 3 workers of 48 for evacuation
[2024-10-12T11:09:36.943+0800][info] GC(174) To-space exhausted
[2024-10-12T11:09:36.943+0800][info] GC(174)   Pre Evacuate Collection Set: 0.2ms
[2024-10-12T11:09:36.943+0800][info] GC(174)   Merge Heap Roots: 0.1ms
[2024-10-12T11:09:36.943+0800][info] GC(174)   Evacuate Collection Set: 5.5ms
[2024-10-12T11:09:36.943+0800][info] GC(174)   Post Evacuate Collection Set: 0.6ms
[2024-10-12T11:09:36.943+0800][info] GC(174)   Other: 0.2ms
[2024-10-12T11:09:36.943+0800][info] GC(174) Eden regions: 1->0(2)
[2024-10-12T11:09:36.943+0800][info] GC(174) Survivor regions: 1->1(1)
[2024-10-12T11:09:36.943+0800][info] GC(174) Old regions: 44->48
[2024-10-12T11:09:36.943+0800][info] GC(174) Archive regions: 2->2
[2024-10-12T11:09:36.943+0800][info] GC(174) Humongous regions: 3->3
[2024-10-12T11:09:36.943+0800][info] GC(174) Metaspace: 1621K(1792K)->1621K(1792K) NonClass: 1497K(1600K)->1497K(1600K) Class: 124K(192K)->124K(192K)
[2024-10-12T11:09:36.943+0800][info] GC(174) Pause Young (Mixed) (G1 Preventive Collection) 94M->102M(128M) 6.700ms
[2024-10-12T11:09:36.943+0800][info] GC(174) User=0.02s Sys=0.00s Real=0.00s
[2024-10-12T11:09:37.046+0800][info] GC(175) Pause Young (Concurrent Start) (G1 Evacuation Pause)
[2024-10-12T11:09:37.046+0800][info] GC(175) Using 3 workers of 48 for evacuation
[2024-10-12T11:09:37.048+0800][info] GC(175)   Pre Evacuate Collection Set: 0.1ms
[2024-10-12T11:09:37.048+0800][info] GC(175)   Merge Heap Roots: 0.1ms
[2024-10-12T11:09:37.048+0800][info] GC(175)   Evacuate Collection Set: 1.2ms
[2024-10-12T11:09:37.048+0800][info] GC(175)   Post Evacuate Collection Set: 0.2ms
[2024-10-12T11:09:37.048+0800][info] GC(175)   Other: 0.4ms
[2024-10-12T11:09:37.048+0800][info] GC(175) Eden regions: 2->0(2)
[2024-10-12T11:09:37.048+0800][info] GC(175) Survivor regions: 1->1(1)
[2024-10-12T11:09:37.048+0800][info] GC(175) Old regions: 48->50
[2024-10-12T11:09:37.048+0800][info] GC(175) Archive regions: 2->2
[2024-10-12T11:09:37.048+0800][info] GC(175) Humongous regions: 3->3
[2024-10-12T11:09:37.048+0800][info] GC(175) Metaspace: 1621K(1792K)->1621K(1792K) NonClass: 1497K(1600K)->1497K(1600K) Class: 124K(192K)->124K(192K)
[2024-10-12T11:09:37.048+0800][info] GC(175) Pause Young (Concurrent Start) (G1 Evacuation Pause) 106M->106M(128M) 2.046ms
[2024-10-12T11:09:37.048+0800][info] GC(175) User=0.01s Sys=0.00s Real=0.00s
[2024-10-12T11:09:37.048+0800][info] GC(176) Concurrent Mark Cycle
[2024-10-12T11:09:37.048+0800][info] GC(176) Concurrent Clear Claimed Marks
[2024-10-12T11:09:37.048+0800][info] GC(176) Concurrent Clear Claimed Marks 0.017ms
[2024-10-12T11:09:37.048+0800][info] GC(176) Concurrent Scan Root Regions
[2024-10-12T11:09:37.048+0800][info] GC(176) Concurrent Scan Root Regions 0.154ms
[2024-10-12T11:09:37.049+0800][info] GC(176) Concurrent Mark
[2024-10-12T11:09:37.049+0800][info] GC(176) Concurrent Mark From Roots
[2024-10-12T11:09:37.049+0800][info] GC(176) Using 12 workers of 12 for marking
[2024-10-12T11:09:37.053+0800][info] GC(176) Concurrent Mark From Roots 4.056ms
[2024-10-12T11:09:37.053+0800][info] GC(176) Concurrent Preclean
[2024-10-12T11:09:37.054+0800][info] GC(176) Concurrent Preclean 1.707ms
[2024-10-12T11:09:37.054+0800][info] GC(176) Pause Remark
[2024-10-12T11:09:37.056+0800][info] GC(176) Pause Remark 106M->104M(128M) 1.435ms
[2024-10-12T11:09:37.056+0800][info] GC(176) User=0.01s Sys=0.00s Real=0.00s
[2024-10-12T11:09:37.056+0800][info] GC(176) Concurrent Mark 7.501ms
[2024-10-12T11:09:37.056+0800][info] GC(176) Concurrent Rebuild Remembered Sets
[2024-10-12T11:09:37.057+0800][info] GC(176) Concurrent Rebuild Remembered Sets 1.038ms
[2024-10-12T11:09:37.057+0800][info] GC(176) Pause Cleanup
[2024-10-12T11:09:37.057+0800][info] GC(176) Pause Cleanup 104M->104M(128M) 0.143ms
[2024-10-12T11:09:37.057+0800][info] GC(176) User=0.00s Sys=0.00s Real=0.00s
[2024-10-12T11:09:37.057+0800][info] GC(176) Concurrent Cleanup for Next Mark
[2024-10-12T11:09:37.058+0800][info] GC(176) Concurrent Cleanup for Next Mark 0.432ms
[2024-10-12T11:09:37.058+0800][info] GC(176) Concurrent Mark Cycle 9.568ms
[2024-10-12T11:09:37.202+0800][info] GC(177) Pause Young (Prepare Mixed) (G1 Evacuation Pause)
[2024-10-12T11:09:37.202+0800][info] GC(177) Using 3 workers of 48 for evacuation
[2024-10-12T11:09:37.203+0800][info] GC(177)   Pre Evacuate Collection Set: 0.1ms
[2024-10-12T11:09:37.203+0800][info] GC(177)   Merge Heap Roots: 0.1ms
[2024-10-12T11:09:37.203+0800][info] GC(177)   Evacuate Collection Set: 0.8ms
[2024-10-12T11:09:37.203+0800][info] GC(177)   Post Evacuate Collection Set: 0.2ms
[2024-10-12T11:09:37.203+0800][info] GC(177)   Other: 0.2ms
[2024-10-12T11:09:37.203+0800][info] GC(177) Eden regions: 2->0(2)
[2024-10-12T11:09:37.203+0800][info] GC(177) Survivor regions: 1->1(1)
[2024-10-12T11:09:37.203+0800][info] GC(177) Old regions: 49->51
[2024-10-12T11:09:37.203+0800][info] GC(177) Archive regions: 2->2
[2024-10-12T11:09:37.203+0800][info] GC(177) Humongous regions: 3->3
[2024-10-12T11:09:37.203+0800][info] GC(177) Metaspace: 1621K(1792K)->1621K(1792K) NonClass: 1497K(1600K)->1497K(1600K) Class: 124K(192K)->124K(192K)
[2024-10-12T11:09:37.203+0800][info] GC(177) Pause Young (Prepare Mixed) (G1 Evacuation Pause) 108M->107M(128M) 1.525ms
[2024-10-12T11:09:37.203+0800][info] GC(177) User=0.01s Sys=0.00s Real=0.00s
[2024-10-12T11:09:37.265+0800][info] GC(178) Pause Young (Mixed) (G1 Preventive Collection)
[2024-10-12T11:09:37.265+0800][info] GC(178) Using 3 workers of 48 for evacuation
[2024-10-12T11:09:37.268+0800][info] GC(178) To-space exhausted
[2024-10-12T11:09:37.268+0800][info] GC(178)   Pre Evacuate Collection Set: 0.2ms
[2024-10-12T11:09:37.268+0800][info] GC(178)   Merge Heap Roots: 0.1ms
[2024-10-12T11:09:37.268+0800][info] GC(178)   Evacuate Collection Set: 2.3ms
[2024-10-12T11:09:37.268+0800][info] GC(178)   Post Evacuate Collection Set: 0.5ms
[2024-10-12T11:09:37.268+0800][info] GC(178)   Other: 0.2ms
[2024-10-12T11:09:37.268+0800][info] GC(178) Eden regions: 1->0(2)
[2024-10-12T11:09:37.268+0800][info] GC(178) Survivor regions: 1->1(1)
[2024-10-12T11:09:37.268+0800][info] GC(178) Old regions: 51->50
[2024-10-12T11:09:37.268+0800][info] GC(178) Archive regions: 2->2
[2024-10-12T11:09:37.268+0800][info] GC(178) Humongous regions: 3->3
[2024-10-12T11:09:37.268+0800][info] GC(178) Metaspace: 1621K(1792K)->1621K(1792K) NonClass: 1497K(1600K)->1497K(1600K) Class: 124K(192K)->124K(192K)
[2024-10-12T11:09:37.268+0800][info] GC(178) Pause Young (Mixed) (G1 Preventive Collection) 109M->107M(128M) 3.362ms
[2024-10-12T11:09:37.268+0800][info] GC(178) User=0.00s Sys=0.00s Real=0.01s
[2024-10-12T11:09:37.371+0800][info] GC(179) Pause Young (Concurrent Start) (G1 Evacuation Pause)
[2024-10-12T11:09:37.371+0800][info] GC(179) Using 3 workers of 48 for evacuation
[2024-10-12T11:09:37.373+0800][info] GC(179)   Pre Evacuate Collection Set: 0.1ms
[2024-10-12T11:09:37.373+0800][info] GC(179)   Merge Heap Roots: 0.1ms
[2024-10-12T11:09:37.373+0800][info] GC(179)   Evacuate Collection Set: 1.2ms
[2024-10-12T11:09:37.373+0800][info] GC(179)   Post Evacuate Collection Set: 0.2ms
[2024-10-12T11:09:37.373+0800][info] GC(179)   Other: 0.4ms
[2024-10-12T11:09:37.373+0800][info] GC(179) Eden regions: 2->0(2)
[2024-10-12T11:09:37.373+0800][info] GC(179) Survivor regions: 1->1(1)
[2024-10-12T11:09:37.373+0800][info] GC(179) Old regions: 50->52
[2024-10-12T11:09:37.373+0800][info] GC(179) Archive regions: 2->2
[2024-10-12T11:09:37.373+0800][info] GC(179) Humongous regions: 3->3
[2024-10-12T11:09:37.373+0800][info] GC(179) Metaspace: 1621K(1792K)->1621K(1792K) NonClass: 1497K(1600K)->1497K(1600K) Class: 124K(192K)->124K(192K)
[2024-10-12T11:09:37.373+0800][info] GC(179) Pause Young (Concurrent Start) (G1 Evacuation Pause) 111M->111M(128M) 2.015ms
[2024-10-12T11:09:37.373+0800][info] GC(179) User=0.00s Sys=0.00s Real=0.00s
[2024-10-12T11:09:37.373+0800][info] GC(180) Concurrent Mark Cycle
[2024-10-12T11:09:37.373+0800][info] GC(180) Concurrent Clear Claimed Marks
[2024-10-12T11:09:37.373+0800][info] GC(180) Concurrent Clear Claimed Marks 0.017ms
[2024-10-12T11:09:37.373+0800][info] GC(180) Concurrent Scan Root Regions
[2024-10-12T11:09:37.373+0800][info] GC(180) Concurrent Scan Root Regions 0.152ms
[2024-10-12T11:09:37.373+0800][info] GC(180) Concurrent Mark
[2024-10-12T11:09:37.373+0800][info] GC(180) Concurrent Mark From Roots
[2024-10-12T11:09:37.373+0800][info] GC(180) Using 12 workers of 12 for marking
[2024-10-12T11:09:37.377+0800][info] GC(180) Concurrent Mark From Roots 3.870ms
[2024-10-12T11:09:37.377+0800][info] GC(180) Concurrent Preclean
[2024-10-12T11:09:37.379+0800][info] GC(180) Concurrent Preclean 1.712ms
[2024-10-12T11:09:37.379+0800][info] GC(180) Pause Remark
[2024-10-12T11:09:37.380+0800][info] GC(180) Pause Remark 111M->111M(128M) 1.469ms
[2024-10-12T11:09:37.380+0800][info] GC(180) User=0.00s Sys=0.00s Real=0.00s
[2024-10-12T11:09:37.380+0800][info] GC(180) Concurrent Mark 7.376ms
[2024-10-12T11:09:37.380+0800][info] GC(180) Concurrent Rebuild Remembered Sets
[2024-10-12T11:09:37.382+0800][info] GC(180) Concurrent Rebuild Remembered Sets 1.057ms
[2024-10-12T11:09:37.382+0800][info] GC(180) Pause Cleanup
[2024-10-12T11:09:37.382+0800][info] GC(180) Pause Cleanup 111M->111M(128M) 0.242ms
[2024-10-12T11:09:37.382+0800][info] GC(180) User=0.00s Sys=0.00s Real=0.00s
[2024-10-12T11:09:37.382+0800][info] GC(180) Concurrent Cleanup for Next Mark
[2024-10-12T11:09:37.382+0800][info] GC(180) Concurrent Cleanup for Next Mark 0.504ms
[2024-10-12T11:09:37.382+0800][info] GC(180) Concurrent Mark Cycle 9.660ms
[2024-10-12T11:09:37.526+0800][info] GC(181) Pause Young (Prepare Mixed) (G1 Preventive Collection)
[2024-10-12T11:09:37.527+0800][info] GC(181) Using 3 workers of 48 for evacuation
[2024-10-12T11:09:37.528+0800][info] GC(181)   Pre Evacuate Collection Set: 0.1ms
[2024-10-12T11:09:37.528+0800][info] GC(181)   Merge Heap Roots: 0.1ms
[2024-10-12T11:09:37.528+0800][info] GC(181)   Evacuate Collection Set: 1.1ms
[2024-10-12T11:09:37.528+0800][info] GC(181)   Post Evacuate Collection Set: 0.2ms
[2024-10-12T11:09:37.528+0800][info] GC(181)   Other: 0.2ms
[2024-10-12T11:09:37.528+0800][info] GC(181) Eden regions: 2->0(2)
[2024-10-12T11:09:37.528+0800][info] GC(181) Survivor regions: 1->1(1)
[2024-10-12T11:09:37.528+0800][info] GC(181) Old regions: 52->54
[2024-10-12T11:09:37.528+0800][info] GC(181) Archive regions: 2->2
[2024-10-12T11:09:37.528+0800][info] GC(181) Humongous regions: 3->3
[2024-10-12T11:09:37.528+0800][info] GC(181) Metaspace: 1621K(1792K)->1621K(1792K) NonClass: 1497K(1600K)->1497K(1600K) Class: 124K(192K)->124K(192K)
[2024-10-12T11:09:37.528+0800][info] GC(181) Pause Young (Prepare Mixed) (G1 Preventive Collection) 114M->115M(128M) 1.880ms
[2024-10-12T11:09:37.528+0800][info] GC(181) User=0.00s Sys=0.00s Real=0.00s
[2024-10-12T11:09:37.590+0800][info] GC(182) Pause Young (Mixed) (G1 Preventive Collection)
[2024-10-12T11:09:37.590+0800][info] GC(182) Using 3 workers of 48 for evacuation
[2024-10-12T11:09:37.593+0800][info] GC(182) To-space exhausted
[2024-10-12T11:09:37.593+0800][info] GC(182)   Pre Evacuate Collection Set: 0.2ms
[2024-10-12T11:09:37.593+0800][info] GC(182)   Merge Heap Roots: 0.1ms
[2024-10-12T11:09:37.593+0800][info] GC(182)   Evacuate Collection Set: 1.9ms
[2024-10-12T11:09:37.593+0800][info] GC(182)   Post Evacuate Collection Set: 1.2ms
[2024-10-12T11:09:37.593+0800][info] GC(182)   Other: 0.2ms
[2024-10-12T11:09:37.593+0800][info] GC(182) Eden regions: 1->0(2)
[2024-10-12T11:09:37.593+0800][info] GC(182) Survivor regions: 1->1(1)
[2024-10-12T11:09:37.593+0800][info] GC(182) Old regions: 54->57
[2024-10-12T11:09:37.594+0800][info] GC(182) Archive regions: 2->2
[2024-10-12T11:09:37.594+0800][info] GC(182) Humongous regions: 3->3
[2024-10-12T11:09:37.594+0800][info] GC(182) Metaspace: 1621K(1792K)->1621K(1792K) NonClass: 1497K(1600K)->1497K(1600K) Class: 124K(192K)->124K(192K)
[2024-10-12T11:09:37.594+0800][info] GC(182) Pause Young (Mixed) (G1 Preventive Collection) 116M->121M(128M) 3.666ms
[2024-10-12T11:09:37.594+0800][info] GC(182) User=0.01s Sys=0.00s Real=0.01s
[2024-10-12T11:09:37.635+0800][info] GC(183) Pause Young (Concurrent Start) (G1 Evacuation Pause)
[2024-10-12T11:09:37.635+0800][info] GC(183) Using 3 workers of 48 for evacuation
[2024-10-12T11:09:37.636+0800][info] GC(183) To-space exhausted
[2024-10-12T11:09:37.636+0800][info] GC(183)   Pre Evacuate Collection Set: 0.1ms
[2024-10-12T11:09:37.636+0800][info] GC(183)   Merge Heap Roots: 0.1ms
[2024-10-12T11:09:37.636+0800][info] GC(183)   Evacuate Collection Set: 0.4ms
[2024-10-12T11:09:37.636+0800][info] GC(183)   Post Evacuate Collection Set: 0.2ms
[2024-10-12T11:09:37.636+0800][info] GC(183)   Other: 0.3ms
[2024-10-12T11:09:37.636+0800][info] GC(183) Eden regions: 1->0(3)
[2024-10-12T11:09:37.636+0800][info] GC(183) Survivor regions: 1->0(0)
[2024-10-12T11:09:37.636+0800][info] GC(183) Old regions: 57->59
[2024-10-12T11:09:37.636+0800][info] GC(183) Archive regions: 2->2
[2024-10-12T11:09:37.636+0800][info] GC(183) Humongous regions: 3->3
[2024-10-12T11:09:37.636+0800][info] GC(183) Metaspace: 1621K(1792K)->1621K(1792K) NonClass: 1497K(1600K)->1497K(1600K) Class: 124K(192K)->124K(192K)
[2024-10-12T11:09:37.636+0800][info] GC(183) Pause Young (Concurrent Start) (G1 Evacuation Pause) 122M->122M(128M) 1.314ms
[2024-10-12T11:09:37.636+0800][info] GC(183) User=0.00s Sys=0.00s Real=0.00s
[2024-10-12T11:09:37.636+0800][info] Attempting full compaction
[2024-10-12T11:09:37.636+0800][info] GC(184) Using 3 workers of 48 for full compaction
[2024-10-12T11:09:37.636+0800][info] GC(184) Pause Full (G1 Compaction Pause)
[2024-10-12T11:09:37.636+0800][info] GC(185) Concurrent Mark Cycle
[2024-10-12T11:09:37.636+0800][info] GC(185) Concurrent Clear Claimed Marks
[2024-10-12T11:09:37.636+0800][info] GC(185) Concurrent Clear Claimed Marks 0.017ms
[2024-10-12T11:09:37.636+0800][info] GC(185) Concurrent Scan Root Regions
[2024-10-12T11:09:37.636+0800][info] GC(185) Concurrent Scan Root Regions 0.010ms
[2024-10-12T11:09:37.636+0800][info] GC(185) Concurrent Mark
[2024-10-12T11:09:37.636+0800][info] GC(185) Concurrent Mark From Roots
[2024-10-12T11:09:37.636+0800][info] GC(185) Using 12 workers of 12 for marking
[2024-10-12T11:09:37.636+0800][info] GC(184) Phase 1: Mark live objects
[2024-10-12T11:09:37.639+0800][info] GC(184) Phase 1: Mark live objects 3.091ms
[2024-10-12T11:09:37.639+0800][info] GC(184) Phase 2: Prepare for compaction
[2024-10-12T11:09:37.640+0800][info] GC(184) Phase 2: Prepare for compaction 0.570ms
[2024-10-12T11:09:37.640+0800][info] GC(184) Phase 3: Adjust pointers
[2024-10-12T11:09:37.642+0800][info] GC(184) Phase 3: Adjust pointers 1.756ms
[2024-10-12T11:09:37.642+0800][info] GC(184) Phase 4: Compact heap
[2024-10-12T11:09:37.657+0800][info] GC(184) Phase 4: Compact heap 14.861ms
[2024-10-12T11:09:37.658+0800][info] GC(184) Eden regions: 0->0(4)
[2024-10-12T11:09:37.658+0800][info] GC(184) Survivor regions: 0->0(0)
[2024-10-12T11:09:37.658+0800][info] GC(184) Old regions: 59->38
[2024-10-12T11:09:37.658+0800][info] GC(184) Archive regions: 2->2
[2024-10-12T11:09:37.658+0800][info] GC(184) Humongous regions: 3->3
[2024-10-12T11:09:37.658+0800][info] GC(184) Metaspace: 1621K(1792K)->1621K(1792K) NonClass: 1497K(1600K)->1497K(1600K) Class: 124K(192K)->124K(192K)
[2024-10-12T11:09:37.658+0800][info] GC(184) Pause Full (G1 Compaction Pause) 122M->72M(128M) 22.294ms
[2024-10-12T11:09:37.658+0800][info] GC(184) User=0.05s Sys=0.00s Real=0.02s
[2024-10-12T11:09:37.659+0800][info] GC(185) Concurrent Mark From Roots 22.488ms
[2024-10-12T11:09:37.659+0800][info] GC(185) Concurrent Mark Abort
[2024-10-12T11:09:37.659+0800][info] GC(185) Concurrent Mark Cycle 22.671ms
[2024-10-12T11:09:37.884+0800][info] GC(186) Pause Young (Normal) (G1 Evacuation Pause)
[2024-10-12T11:09:37.884+0800][info] GC(186) Using 3 workers of 48 for evacuation
[2024-10-12T11:09:37.886+0800][info] GC(186)   Pre Evacuate Collection Set: 0.1ms
[2024-10-12T11:09:37.886+0800][info] GC(186)   Merge Heap Roots: 0.1ms
[2024-10-12T11:09:37.886+0800][info] GC(186)   Evacuate Collection Set: 1.5ms
[2024-10-12T11:09:37.886+0800][info] GC(186)   Post Evacuate Collection Set: 0.2ms
[2024-10-12T11:09:37.886+0800][info] GC(186)   Other: 0.2ms
[2024-10-12T11:09:37.886+0800][info] GC(186) Eden regions: 4->0(2)
[2024-10-12T11:09:37.886+0800][info] GC(186) Survivor regions: 0->1(1)
[2024-10-12T11:09:37.886+0800][info] GC(186) Old regions: 38->41
[2024-10-12T11:09:37.886+0800][info] GC(186) Archive regions: 2->2
[2024-10-12T11:09:37.886+0800][info] GC(186) Humongous regions: 3->3
[2024-10-12T11:09:37.886+0800][info] GC(186) Metaspace: 1621K(1792K)->1621K(1792K) NonClass: 1497K(1600K)->1497K(1600K) Class: 124K(192K)->124K(192K)
[2024-10-12T11:09:37.887+0800][info] GC(186) Pause Young (Normal) (G1 Evacuation Pause) 80M->80M(128M) 2.190ms
[2024-10-12T11:09:37.887+0800][info] GC(186) User=0.01s Sys=0.00s Real=0.01s
[2024-10-12T11:09:37.989+0800][info] GC(187) Pause Young (Concurrent Start) (G1 Evacuation Pause)
[2024-10-12T11:09:37.989+0800][info] GC(187) Using 3 workers of 48 for evacuation
[2024-10-12T11:09:37.991+0800][info] GC(187)   Pre Evacuate Collection Set: 0.1ms
[2024-10-12T11:09:37.991+0800][info] GC(187)   Merge Heap Roots: 0.1ms
[2024-10-12T11:09:37.991+0800][info] GC(187)   Evacuate Collection Set: 1.2ms
[2024-10-12T11:09:37.991+0800][info] GC(187)   Post Evacuate Collection Set: 0.2ms
[2024-10-12T11:09:37.991+0800][info] GC(187)   Other: 0.4ms
[2024-10-12T11:09:37.991+0800][info] GC(187) Eden regions: 2->0(2)
[2024-10-12T11:09:37.991+0800][info] GC(187) Survivor regions: 1->1(1)
[2024-10-12T11:09:37.991+0800][info] GC(187) Old regions: 41->43
[2024-10-12T11:09:37.991+0800][info] GC(187) Archive regions: 2->2
[2024-10-12T11:09:37.991+0800][info] GC(187) Humongous regions: 3->3
[2024-10-12T11:09:37.991+0800][info] GC(187) Metaspace: 1621K(1792K)->1621K(1792K) NonClass: 1497K(1600K)->1497K(1600K) Class: 124K(192K)->124K(192K)
[2024-10-12T11:09:37.991+0800][info] GC(187) Pause Young (Concurrent Start) (G1 Evacuation Pause) 83M->84M(128M) 2.086ms
[2024-10-12T11:09:37.991+0800][info] GC(187) User=0.00s Sys=0.00s Real=0.00s
[2024-10-12T11:09:37.991+0800][info] GC(188) Concurrent Mark Cycle
[2024-10-12T11:09:37.991+0800][info] GC(188) Concurrent Clear Claimed Marks
[2024-10-12T11:09:37.991+0800][info] GC(188) Concurrent Clear Claimed Marks 0.017ms
[2024-10-12T11:09:37.991+0800][info] GC(188) Concurrent Scan Root Regions
[2024-10-12T11:09:37.992+0800][info] GC(188) Concurrent Scan Root Regions 0.148ms
[2024-10-12T11:09:37.992+0800][info] GC(188) Concurrent Mark
[2024-10-12T11:09:37.992+0800][info] GC(188) Concurrent Mark From Roots
[2024-10-12T11:09:37.992+0800][info] GC(188) Using 12 workers of 12 for marking
[2024-10-12T11:09:37.996+0800][info] GC(188) Concurrent Mark From Roots 4.078ms
[2024-10-12T11:09:37.996+0800][info] GC(188) Concurrent Preclean
[2024-10-12T11:09:37.997+0800][info] GC(188) Concurrent Preclean 1.715ms
[2024-10-12T11:09:37.998+0800][info] GC(188) Pause Remark
[2024-10-12T11:09:37.999+0800][info] GC(188) Pause Remark 84M->84M(128M) 1.504ms
[2024-10-12T11:09:37.999+0800][info] GC(188) User=0.00s Sys=0.00s Real=0.00s
[2024-10-12T11:09:37.999+0800][info] GC(188) Concurrent Mark 7.621ms
[2024-10-12T11:09:37.999+0800][info] GC(188) Concurrent Rebuild Remembered Sets
[2024-10-12T11:09:38.000+0800][info] GC(188) Concurrent Rebuild Remembered Sets 1.151ms
[2024-10-12T11:09:38.001+0800][info] GC(188) Pause Cleanup
[2024-10-12T11:09:38.001+0800][info] GC(188) Pause Cleanup 84M->84M(128M) 0.237ms
[2024-10-12T11:09:38.001+0800][info] GC(188) User=0.00s Sys=0.00s Real=0.00s
[2024-10-12T11:09:38.001+0800][info] GC(188) Concurrent Cleanup for Next Mark
[2024-10-12T11:09:38.001+0800][info] GC(188) Concurrent Cleanup for Next Mark 0.507ms
[2024-10-12T11:09:38.001+0800][info] GC(188) Concurrent Mark Cycle 10.058ms
[2024-10-12T11:09:38.145+0800][info] GC(189) Pause Young (Prepare Mixed) (G1 Evacuation Pause)
[2024-10-12T11:09:38.145+0800][info] GC(189) Using 3 workers of 48 for evacuation
[2024-10-12T11:09:38.146+0800][info] GC(189)   Pre Evacuate Collection Set: 0.1ms
[2024-10-12T11:09:38.146+0800][info] GC(189)   Merge Heap Roots: 0.1ms
[2024-10-12T11:09:38.146+0800][info] GC(189)   Evacuate Collection Set: 1.0ms
[2024-10-12T11:09:38.146+0800][info] GC(189)   Post Evacuate Collection Set: 0.2ms
[2024-10-12T11:09:38.146+0800][info] GC(189)   Other: 0.2ms
[2024-10-12T11:09:38.146+0800][info] GC(189) Eden regions: 2->0(2)
[2024-10-12T11:09:38.146+0800][info] GC(189) Survivor regions: 1->1(1)
[2024-10-12T11:09:38.146+0800][info] GC(189) Old regions: 43->45
[2024-10-12T11:09:38.146+0800][info] GC(189) Archive regions: 2->2
[2024-10-12T11:09:38.146+0800][info] GC(189) Humongous regions: 3->3
[2024-10-12T11:09:38.146+0800][info] GC(189) Metaspace: 1621K(1792K)->1621K(1792K) NonClass: 1497K(1600K)->1497K(1600K) Class: 124K(192K)->124K(192K)
[2024-10-12T11:09:38.146+0800][info] GC(189) Pause Young (Prepare Mixed) (G1 Evacuation Pause) 87M->87M(128M) 1.722ms
[2024-10-12T11:09:38.146+0800][info] GC(189) User=0.00s Sys=0.00s Real=0.01s
[2024-10-12T11:09:38.249+0800][info] GC(190) Pause Young (Mixed) (G1 Preventive Collection)
[2024-10-12T11:09:38.249+0800][info] GC(190) Using 3 workers of 48 for evacuation
[2024-10-12T11:09:38.255+0800][info] GC(190) To-space exhausted
[2024-10-12T11:09:38.255+0800][info] GC(190)   Pre Evacuate Collection Set: 0.2ms
[2024-10-12T11:09:38.255+0800][info] GC(190)   Merge Heap Roots: 0.1ms
[2024-10-12T11:09:38.255+0800][info] GC(190)   Evacuate Collection Set: 4.6ms
[2024-10-12T11:09:38.255+0800][info] GC(190)   Post Evacuate Collection Set: 0.8ms
[2024-10-12T11:09:38.255+0800][info] GC(190)   Other: 0.3ms
[2024-10-12T11:09:38.255+0800][info] GC(190) Eden regions: 2->0(2)
[2024-10-12T11:09:38.255+0800][info] GC(190) Survivor regions: 1->1(1)
[2024-10-12T11:09:38.255+0800][info] GC(190) Old regions: 45->56
[2024-10-12T11:09:38.255+0800][info] GC(190) Archive regions: 2->2
[2024-10-12T11:09:38.255+0800][info] GC(190) Humongous regions: 3->3
[2024-10-12T11:09:38.255+0800][info] GC(190) Metaspace: 1621K(1792K)->1621K(1792K) NonClass: 1497K(1600K)->1497K(1600K) Class: 124K(192K)->124K(192K)
[2024-10-12T11:09:38.255+0800][info] GC(190) Pause Young (Mixed) (G1 Preventive Collection) 90M->110M(128M) 5.990ms
[2024-10-12T11:09:38.255+0800][info] GC(190) User=0.01s Sys=0.00s Real=0.01s
[2024-10-12T11:09:38.316+0800][info] GC(191) Pause Young (Concurrent Start) (G1 Preventive Collection)
[2024-10-12T11:09:38.316+0800][info] GC(191) Using 3 workers of 48 for evacuation
[2024-10-12T11:09:38.318+0800][info] GC(191) To-space exhausted
[2024-10-12T11:09:38.318+0800][info] GC(191)   Pre Evacuate Collection Set: 0.1ms
[2024-10-12T11:09:38.318+0800][info] GC(191)   Merge Heap Roots: 0.1ms
[2024-10-12T11:09:38.318+0800][info] GC(191)   Evacuate Collection Set: 0.7ms
[2024-10-12T11:09:38.318+0800][info] GC(191)   Post Evacuate Collection Set: 0.2ms
[2024-10-12T11:09:38.318+0800][info] GC(191)   Other: 0.4ms
[2024-10-12T11:09:38.318+0800][info] GC(191) Eden regions: 1->0(2)
[2024-10-12T11:09:38.318+0800][info] GC(191) Survivor regions: 1->1(1)
[2024-10-12T11:09:38.318+0800][info] GC(191) Old regions: 56->57
[2024-10-12T11:09:38.318+0800][info] GC(191) Archive regions: 2->2
[2024-10-12T11:09:38.318+0800][info] GC(191) Humongous regions: 3->3
[2024-10-12T11:09:38.318+0800][info] GC(191) Metaspace: 1621K(1792K)->1621K(1792K) NonClass: 1497K(1600K)->1497K(1600K) Class: 124K(192K)->124K(192K)
[2024-10-12T11:09:38.318+0800][info] GC(191) Pause Young (Concurrent Start) (G1 Preventive Collection) 112M->112M(128M) 1.659ms
[2024-10-12T11:09:38.318+0800][info] GC(191) User=0.01s Sys=0.00s Real=0.00s
[2024-10-12T11:09:38.318+0800][info] GC(192) Concurrent Mark Cycle
[2024-10-12T11:09:38.318+0800][info] GC(192) Concurrent Clear Claimed Marks
[2024-10-12T11:09:38.318+0800][info] GC(192) Concurrent Clear Claimed Marks 0.017ms
[2024-10-12T11:09:38.318+0800][info] GC(192) Concurrent Scan Root Regions
[2024-10-12T11:09:38.318+0800][info] GC(192) Concurrent Scan Root Regions 0.151ms
[2024-10-12T11:09:38.318+0800][info] GC(192) Concurrent Mark
[2024-10-12T11:09:38.318+0800][info] GC(192) Concurrent Mark From Roots
[2024-10-12T11:09:38.318+0800][info] GC(192) Using 12 workers of 12 for marking
[2024-10-12T11:09:38.322+0800][info] GC(192) Concurrent Mark From Roots 3.917ms
[2024-10-12T11:09:38.322+0800][info] GC(192) Concurrent Preclean
[2024-10-12T11:09:38.324+0800][info] GC(192) Concurrent Preclean 1.700ms
[2024-10-12T11:09:38.324+0800][info] GC(192) Pause Remark
[2024-10-12T11:09:38.325+0800][info] GC(192) Pause Remark 112M->112M(128M) 1.388ms
[2024-10-12T11:09:38.325+0800][info] GC(192) User=0.00s Sys=0.00s Real=0.01s
[2024-10-12T11:09:38.325+0800][info] GC(192) Concurrent Mark 7.235ms
[2024-10-12T11:09:38.326+0800][info] GC(192) Concurrent Rebuild Remembered Sets
[2024-10-12T11:09:38.327+0800][info] GC(192) Concurrent Rebuild Remembered Sets 1.008ms
[2024-10-12T11:09:38.327+0800][info] GC(192) Pause Cleanup
[2024-10-12T11:09:38.327+0800][info] GC(192) Pause Cleanup 112M->112M(128M) 0.158ms
[2024-10-12T11:09:38.327+0800][info] GC(192) User=0.00s Sys=0.00s Real=0.00s
[2024-10-12T11:09:38.327+0800][info] GC(192) Concurrent Cleanup for Next Mark
[2024-10-12T11:09:38.327+0800][info] GC(192) Concurrent Cleanup for Next Mark 0.430ms
[2024-10-12T11:09:38.327+0800][info] GC(192) Concurrent Mark Cycle 9.279ms
[2024-10-12T11:09:38.410+0800][info] GC(193) Pause Young (Prepare Mixed) (G1 Evacuation Pause)
[2024-10-12T11:09:38.410+0800][info] GC(193) Using 3 workers of 48 for evacuation
[2024-10-12T11:09:38.411+0800][info] GC(193) To-space exhausted
[2024-10-12T11:09:38.411+0800][info] GC(193)   Pre Evacuate Collection Set: 0.1ms
[2024-10-12T11:09:38.411+0800][info] GC(193)   Merge Heap Roots: 0.1ms
[2024-10-12T11:09:38.411+0800][info] GC(193)   Evacuate Collection Set: 0.2ms
[2024-10-12T11:09:38.411+0800][info] GC(193)   Post Evacuate Collection Set: 0.3ms
[2024-10-12T11:09:38.411+0800][info] GC(193)   Other: 0.2ms
[2024-10-12T11:09:38.411+0800][info] GC(193) Eden regions: 1->0(3)
[2024-10-12T11:09:38.411+0800][info] GC(193) Survivor regions: 1->0(0)
[2024-10-12T11:09:38.411+0800][info] GC(193) Old regions: 57->59
[2024-10-12T11:09:38.411+0800][info] GC(193) Archive regions: 2->2
[2024-10-12T11:09:38.411+0800][info] GC(193) Humongous regions: 3->3
[2024-10-12T11:09:38.411+0800][info] GC(193) Metaspace: 1621K(1792K)->1621K(1792K) NonClass: 1497K(1600K)->1497K(1600K) Class: 124K(192K)->124K(192K)
[2024-10-12T11:09:38.411+0800][info] GC(193) Pause Young (Prepare Mixed) (G1 Evacuation Pause) 113M->113M(128M) 0.940ms
[2024-10-12T11:09:38.411+0800][info] GC(193) User=0.01s Sys=0.00s Real=0.00s
[2024-10-12T11:09:38.411+0800][info] Attempting full compaction
[2024-10-12T11:09:38.411+0800][info] GC(194) Using 3 workers of 48 for full compaction
[2024-10-12T11:09:38.411+0800][info] GC(194) Pause Full (G1 Compaction Pause)
[2024-10-12T11:09:38.411+0800][info] GC(194) Phase 1: Mark live objects
[2024-10-12T11:09:38.415+0800][info] GC(194) Phase 1: Mark live objects 3.367ms
[2024-10-12T11:09:38.415+0800][info] GC(194) Phase 2: Prepare for compaction
[2024-10-12T11:09:38.415+0800][info] GC(194) Phase 2: Prepare for compaction 0.663ms
[2024-10-12T11:09:38.415+0800][info] GC(194) Phase 3: Adjust pointers
[2024-10-12T11:09:38.417+0800][info] GC(194) Phase 3: Adjust pointers 1.666ms
[2024-10-12T11:09:38.417+0800][info] GC(194) Phase 4: Compact heap
[2024-10-12T11:09:38.427+0800][info] GC(194) Phase 4: Compact heap 10.065ms
[2024-10-12T11:09:38.429+0800][info] GC(194) Eden regions: 0->0(4)
[2024-10-12T11:09:38.429+0800][info] GC(194) Survivor regions: 0->0(0)
[2024-10-12T11:09:38.429+0800][info] GC(194) Old regions: 59->38
[2024-10-12T11:09:38.429+0800][info] GC(194) Archive regions: 2->2
[2024-10-12T11:09:38.429+0800][info] GC(194) Humongous regions: 3->3
[2024-10-12T11:09:38.429+0800][info] GC(194) Metaspace: 1621K(1792K)->1621K(1792K) NonClass: 1497K(1600K)->1497K(1600K) Class: 124K(192K)->124K(192K)
[2024-10-12T11:09:38.429+0800][info] GC(194) Pause Full (G1 Compaction Pause) 113M->72M(128M) 17.389ms
[2024-10-12T11:09:38.429+0800][info] GC(194) User=0.04s Sys=0.00s Real=0.02s
[2024-10-12T11:09:38.654+0800][info] GC(195) Pause Young (Concurrent Start) (G1 Evacuation Pause)
[2024-10-12T11:09:38.654+0800][info] GC(195) Using 3 workers of 48 for evacuation
[2024-10-12T11:09:38.656+0800][info] GC(195)   Pre Evacuate Collection Set: 0.1ms
[2024-10-12T11:09:38.656+0800][info] GC(195)   Merge Heap Roots: 0.0ms
[2024-10-12T11:09:38.656+0800][info] GC(195)   Evacuate Collection Set: 1.4ms
[2024-10-12T11:09:38.656+0800][info] GC(195)   Post Evacuate Collection Set: 0.2ms
[2024-10-12T11:09:38.656+0800][info] GC(195)   Other: 0.4ms
[2024-10-12T11:09:38.656+0800][info] GC(195) Eden regions: 4->0(2)
[2024-10-12T11:09:38.656+0800][info] GC(195) Survivor regions: 0->1(1)
[2024-10-12T11:09:38.656+0800][info] GC(195) Old regions: 38->41
[2024-10-12T11:09:38.656+0800][info] GC(195) Archive regions: 2->2
[2024-10-12T11:09:38.656+0800][info] GC(195) Humongous regions: 3->3
[2024-10-12T11:09:38.656+0800][info] GC(195) Metaspace: 1621K(1792K)->1621K(1792K) NonClass: 1497K(1600K)->1497K(1600K) Class: 124K(192K)->124K(192K)
[2024-10-12T11:09:38.656+0800][info] GC(195) Pause Young (Concurrent Start) (G1 Evacuation Pause) 80M->80M(128M) 2.261ms
[2024-10-12T11:09:38.656+0800][info] GC(195) User=0.01s Sys=0.00s Real=0.00s
[2024-10-12T11:09:38.656+0800][info] GC(196) Concurrent Mark Cycle
[2024-10-12T11:09:38.656+0800][info] GC(196) Concurrent Clear Claimed Marks
[2024-10-12T11:09:38.656+0800][info] GC(196) Concurrent Clear Claimed Marks 0.017ms
[2024-10-12T11:09:38.656+0800][info] GC(196) Concurrent Scan Root Regions
[2024-10-12T11:09:38.657+0800][info] GC(196) Concurrent Scan Root Regions 0.167ms
[2024-10-12T11:09:38.657+0800][info] GC(196) Concurrent Mark
[2024-10-12T11:09:38.657+0800][info] GC(196) Concurrent Mark From Roots
[2024-10-12T11:09:38.657+0800][info] GC(196) Using 12 workers of 12 for marking
[2024-10-12T11:09:38.660+0800][info] GC(196) Concurrent Mark From Roots 3.858ms
[2024-10-12T11:09:38.660+0800][info] GC(196) Concurrent Preclean
[2024-10-12T11:09:38.662+0800][info] GC(196) Concurrent Preclean 1.712ms
[2024-10-12T11:09:38.662+0800][info] GC(196) Pause Remark
[2024-10-12T11:09:38.664+0800][info] GC(196) Pause Remark 83M->83M(128M) 1.487ms
[2024-10-12T11:09:38.664+0800][info] GC(196) User=0.00s Sys=0.00s Real=0.00s
[2024-10-12T11:09:38.664+0800][info] GC(196) Concurrent Mark 7.382ms
[2024-10-12T11:09:38.664+0800][info] GC(196) Concurrent Rebuild Remembered Sets
[2024-10-12T11:09:38.665+0800][info] GC(196) Concurrent Rebuild Remembered Sets 1.096ms
[2024-10-12T11:09:38.665+0800][info] GC(196) Pause Cleanup
[2024-10-12T11:09:38.665+0800][info] GC(196) Pause Cleanup 83M->83M(128M) 0.268ms
[2024-10-12T11:09:38.665+0800][info] GC(196) User=0.00s Sys=0.00s Real=0.00s
[2024-10-12T11:09:38.666+0800][info] GC(196) Concurrent Cleanup for Next Mark
[2024-10-12T11:09:38.666+0800][info] GC(196) Concurrent Cleanup for Next Mark 0.444ms
[2024-10-12T11:09:38.666+0800][info] GC(196) Concurrent Mark Cycle 9.710ms
[2024-10-12T11:09:38.810+0800][info] GC(197) Pause Young (Prepare Mixed) (G1 Evacuation Pause)
[2024-10-12T11:09:38.810+0800][info] GC(197) Using 3 workers of 48 for evacuation
[2024-10-12T11:09:38.812+0800][info] GC(197)   Pre Evacuate Collection Set: 0.1ms
[2024-10-12T11:09:38.812+0800][info] GC(197)   Merge Heap Roots: 0.1ms
[2024-10-12T11:09:38.812+0800][info] GC(197)   Evacuate Collection Set: 0.9ms
[2024-10-12T11:09:38.812+0800][info] GC(197)   Post Evacuate Collection Set: 0.2ms
[2024-10-12T11:09:38.812+0800][info] GC(197)   Other: 0.2ms
[2024-10-12T11:09:38.812+0800][info] GC(197) Eden regions: 2->0(2)
[2024-10-12T11:09:38.812+0800][info] GC(197) Survivor regions: 1->1(1)
[2024-10-12T11:09:38.812+0800][info] GC(197) Old regions: 41->43
[2024-10-12T11:09:38.812+0800][info] GC(197) Archive regions: 2->2
[2024-10-12T11:09:38.812+0800][info] GC(197) Humongous regions: 4->3
[2024-10-12T11:09:38.812+0800][info] GC(197) Metaspace: 1621K(1792K)->1621K(1792K) NonClass: 1497K(1600K)->1497K(1600K) Class: 124K(192K)->124K(192K)
[2024-10-12T11:09:38.812+0800][info] GC(197) Pause Young (Prepare Mixed) (G1 Evacuation Pause) 86M->84M(128M) 1.648ms
[2024-10-12T11:09:38.812+0800][info] GC(197) User=0.00s Sys=0.00s Real=0.00s
[2024-10-12T11:09:38.873+0800][info] GC(198) Pause Young (Mixed) (G1 Preventive Collection)
[2024-10-12T11:09:38.873+0800][info] GC(198) Using 3 workers of 48 for evacuation
[2024-10-12T11:09:38.880+0800][info] GC(198) To-space exhausted
[2024-10-12T11:09:38.880+0800][info] GC(198)   Pre Evacuate Collection Set: 0.2ms
[2024-10-12T11:09:38.880+0800][info] GC(198)   Merge Heap Roots: 0.1ms
[2024-10-12T11:09:38.880+0800][info] GC(198)   Evacuate Collection Set: 5.4ms
[2024-10-12T11:09:38.880+0800][info] GC(198)   Post Evacuate Collection Set: 0.8ms
[2024-10-12T11:09:38.880+0800][info] GC(198)   Other: 0.2ms
[2024-10-12T11:09:38.880+0800][info] GC(198) Eden regions: 1->0(2)
[2024-10-12T11:09:38.880+0800][info] GC(198) Survivor regions: 1->1(1)
[2024-10-12T11:09:38.880+0800][info] GC(198) Old regions: 43->51
[2024-10-12T11:09:38.880+0800][info] GC(198) Archive regions: 2->2
[2024-10-12T11:09:38.880+0800][info] GC(198) Humongous regions: 3->3
[2024-10-12T11:09:38.880+0800][info] GC(198) Metaspace: 1621K(1792K)->1621K(1792K) NonClass: 1497K(1600K)->1497K(1600K) Class: 124K(192K)->124K(192K)
[2024-10-12T11:09:38.880+0800][info] GC(198) Pause Young (Mixed) (G1 Preventive Collection) 86M->102M(128M) 6.745ms
[2024-10-12T11:09:38.880+0800][info] GC(198) User=0.02s Sys=0.00s Real=0.00s
[2024-10-12T11:09:38.983+0800][info] GC(199) Pause Young (Concurrent Start) (G1 Evacuation Pause)
[2024-10-12T11:09:38.983+0800][info] GC(199) Using 3 workers of 48 for evacuation
[2024-10-12T11:09:38.985+0800][info] GC(199)   Pre Evacuate Collection Set: 0.1ms
[2024-10-12T11:09:38.985+0800][info] GC(199)   Merge Heap Roots: 0.1ms
[2024-10-12T11:09:38.985+0800][info] GC(199)   Evacuate Collection Set: 1.3ms
[2024-10-12T11:09:38.985+0800][info] GC(199)   Post Evacuate Collection Set: 0.2ms
[2024-10-12T11:09:38.985+0800][info] GC(199)   Other: 0.4ms
[2024-10-12T11:09:38.985+0800][info] GC(199) Eden regions: 2->0(2)
[2024-10-12T11:09:38.985+0800][info] GC(199) Survivor regions: 1->1(1)
[2024-10-12T11:09:38.985+0800][info] GC(199) Old regions: 51->53
[2024-10-12T11:09:38.985+0800][info] GC(199) Archive regions: 2->2
[2024-10-12T11:09:38.985+0800][info] GC(199) Humongous regions: 3->3
[2024-10-12T11:09:38.985+0800][info] GC(199) Metaspace: 1621K(1792K)->1621K(1792K) NonClass: 1497K(1600K)->1497K(1600K) Class: 124K(192K)->124K(192K)
[2024-10-12T11:09:38.985+0800][info] GC(199) Pause Young (Concurrent Start) (G1 Evacuation Pause) 106M->106M(128M) 2.220ms
[2024-10-12T11:09:38.985+0800][info] GC(199) User=0.00s Sys=0.00s Real=0.01s
[2024-10-12T11:09:38.985+0800][info] GC(200) Concurrent Mark Cycle
[2024-10-12T11:09:38.985+0800][info] GC(200) Concurrent Clear Claimed Marks
[2024-10-12T11:09:38.985+0800][info] GC(200) Concurrent Clear Claimed Marks 0.017ms
[2024-10-12T11:09:38.985+0800][info] GC(200) Concurrent Scan Root Regions
[2024-10-12T11:09:38.986+0800][info] GC(200) Concurrent Scan Root Regions 0.150ms
[2024-10-12T11:09:38.986+0800][info] GC(200) Concurrent Mark
[2024-10-12T11:09:38.986+0800][info] GC(200) Concurrent Mark From Roots
[2024-10-12T11:09:38.986+0800][info] GC(200) Using 12 workers of 12 for marking
[2024-10-12T11:09:38.990+0800][info] GC(200) Concurrent Mark From Roots 3.981ms
[2024-10-12T11:09:38.990+0800][info] GC(200) Concurrent Preclean
[2024-10-12T11:09:38.991+0800][info] GC(200) Concurrent Preclean 1.686ms
[2024-10-12T11:09:38.991+0800][info] GC(200) Pause Remark
[2024-10-12T11:09:38.993+0800][info] GC(200) Pause Remark 107M->107M(128M) 1.481ms
[2024-10-12T11:09:38.993+0800][info] GC(200) User=0.00s Sys=0.00s Real=0.00s
[2024-10-12T11:09:38.993+0800][info] GC(200) Concurrent Mark 7.506ms
[2024-10-12T11:09:38.993+0800][info] GC(200) Concurrent Rebuild Remembered Sets
[2024-10-12T11:09:38.994+0800][info] GC(200) Concurrent Rebuild Remembered Sets 0.950ms
[2024-10-12T11:09:38.994+0800][info] GC(200) Pause Cleanup
[2024-10-12T11:09:38.994+0800][info] GC(200) Pause Cleanup 107M->107M(128M) 0.193ms
[2024-10-12T11:09:38.994+0800][info] GC(200) User=0.00s Sys=0.00s Real=0.00s
[2024-10-12T11:09:38.994+0800][info] GC(200) Concurrent Cleanup for Next Mark
[2024-10-12T11:09:38.995+0800][info] GC(200) Concurrent Cleanup for Next Mark 0.455ms
[2024-10-12T11:09:38.995+0800][info] GC(200) Concurrent Mark Cycle 9.560ms
[2024-10-12T11:09:39.139+0800][info] GC(201) Pause Young (Prepare Mixed) (G1 Preventive Collection)
[2024-10-12T11:09:39.139+0800][info] GC(201) Using 3 workers of 48 for evacuation
[2024-10-12T11:09:39.140+0800][info] GC(201)   Pre Evacuate Collection Set: 0.1ms
[2024-10-12T11:09:39.140+0800][info] GC(201)   Merge Heap Roots: 0.1ms
[2024-10-12T11:09:39.140+0800][info] GC(201)   Evacuate Collection Set: 1.0ms
[2024-10-12T11:09:39.140+0800][info] GC(201)   Post Evacuate Collection Set: 0.2ms
[2024-10-12T11:09:39.140+0800][info] GC(201)   Other: 0.2ms
[2024-10-12T11:09:39.140+0800][info] GC(201) Eden regions: 2->0(2)
[2024-10-12T11:09:39.140+0800][info] GC(201) Survivor regions: 1->1(1)
[2024-10-12T11:09:39.140+0800][info] GC(201) Old regions: 53->55
[2024-10-12T11:09:39.140+0800][info] GC(201) Archive regions: 2->2
[2024-10-12T11:09:39.140+0800][info] GC(201) Humongous regions: 3->3
[2024-10-12T11:09:39.141+0800][info] GC(201) Metaspace: 1621K(1792K)->1621K(1792K) NonClass: 1497K(1600K)->1497K(1600K) Class: 124K(192K)->124K(192K)
[2024-10-12T11:09:39.141+0800][info] GC(201) Pause Young (Prepare Mixed) (G1 Preventive Collection) 110M->110M(128M) 1.739ms
[2024-10-12T11:09:39.141+0800][info] GC(201) User=0.01s Sys=0.01s Real=0.00s
[2024-10-12T11:09:39.202+0800][info] GC(202) Pause Young (Mixed) (G1 Preventive Collection)
[2024-10-12T11:09:39.202+0800][info] GC(202) Using 3 workers of 48 for evacuation
[2024-10-12T11:09:39.205+0800][info] GC(202) To-space exhausted
[2024-10-12T11:09:39.205+0800][info] GC(202)   Pre Evacuate Collection Set: 0.2ms
[2024-10-12T11:09:39.205+0800][info] GC(202)   Merge Heap Roots: 0.1ms
[2024-10-12T11:09:39.205+0800][info] GC(202)   Evacuate Collection Set: 1.5ms
[2024-10-12T11:09:39.205+0800][info] GC(202)   Post Evacuate Collection Set: 1.1ms
[2024-10-12T11:09:39.205+0800][info] GC(202)   Other: 0.2ms
[2024-10-12T11:09:39.205+0800][info] GC(202) Eden regions: 1->0(2)
[2024-10-12T11:09:39.205+0800][info] GC(202) Survivor regions: 1->1(1)
[2024-10-12T11:09:39.205+0800][info] GC(202) Old regions: 55->56
[2024-10-12T11:09:39.205+0800][info] GC(202) Archive regions: 2->2
[2024-10-12T11:09:39.205+0800][info] GC(202) Humongous regions: 3->3
[2024-10-12T11:09:39.205+0800][info] GC(202) Metaspace: 1621K(1792K)->1621K(1792K) NonClass: 1497K(1600K)->1497K(1600K) Class: 124K(192K)->124K(192K)
[2024-10-12T11:09:39.206+0800][info] GC(202) Pause Young (Mixed) (G1 Preventive Collection) 112M->113M(128M) 3.145ms
[2024-10-12T11:09:39.206+0800][info] GC(202) User=0.01s Sys=0.00s Real=0.01s
[2024-10-12T11:09:39.247+0800][info] GC(203) Pause Young (Concurrent Start) (G1 Preventive Collection)
[2024-10-12T11:09:39.247+0800][info] GC(203) Using 3 workers of 48 for evacuation
[2024-10-12T11:09:39.248+0800][info] GC(203) To-space exhausted
[2024-10-12T11:09:39.248+0800][info] GC(203)   Pre Evacuate Collection Set: 0.1ms
[2024-10-12T11:09:39.248+0800][info] GC(203)   Merge Heap Roots: 0.1ms
[2024-10-12T11:09:39.248+0800][info] GC(203)   Evacuate Collection Set: 0.7ms
[2024-10-12T11:09:39.248+0800][info] GC(203)   Post Evacuate Collection Set: 0.2ms
[2024-10-12T11:09:39.248+0800][info] GC(203)   Other: 0.3ms
[2024-10-12T11:09:39.248+0800][info] GC(203) Eden regions: 1->0(2)
[2024-10-12T11:09:39.248+0800][info] GC(203) Survivor regions: 1->1(1)
[2024-10-12T11:09:39.248+0800][info] GC(203) Old regions: 56->57
[2024-10-12T11:09:39.248+0800][info] GC(203) Archive regions: 2->2
[2024-10-12T11:09:39.248+0800][info] GC(203) Humongous regions: 3->3
[2024-10-12T11:09:39.248+0800][info] GC(203) Metaspace: 1621K(1792K)->1621K(1792K) NonClass: 1497K(1600K)->1497K(1600K) Class: 124K(192K)->124K(192K)
[2024-10-12T11:09:39.248+0800][info] GC(203) Pause Young (Concurrent Start) (G1 Preventive Collection) 114M->114M(128M) 1.560ms
[2024-10-12T11:09:39.248+0800][info] GC(203) User=0.00s Sys=0.00s Real=0.00s
[2024-10-12T11:09:39.248+0800][info] GC(204) Concurrent Mark Cycle
[2024-10-12T11:09:39.248+0800][info] GC(204) Concurrent Clear Claimed Marks
[2024-10-12T11:09:39.248+0800][info] GC(204) Concurrent Clear Claimed Marks 0.017ms
[2024-10-12T11:09:39.248+0800][info] GC(204) Concurrent Scan Root Regions
[2024-10-12T11:09:39.249+0800][info] GC(204) Concurrent Scan Root Regions 0.149ms
[2024-10-12T11:09:39.249+0800][info] GC(204) Concurrent Mark
[2024-10-12T11:09:39.249+0800][info] GC(204) Concurrent Mark From Roots
[2024-10-12T11:09:39.249+0800][info] GC(204) Using 12 workers of 12 for marking
[2024-10-12T11:09:39.253+0800][info] GC(204) Concurrent Mark From Roots 4.079ms
[2024-10-12T11:09:39.253+0800][info] GC(204) Concurrent Preclean
[2024-10-12T11:09:39.254+0800][info] GC(204) Concurrent Preclean 1.717ms
[2024-10-12T11:09:39.255+0800][info] GC(204) Pause Remark
[2024-10-12T11:09:39.256+0800][info] GC(204) Pause Remark 115M->115M(128M) 1.396ms
[2024-10-12T11:09:39.256+0800][info] GC(204) User=0.00s Sys=0.00s Real=0.00s
[2024-10-12T11:09:39.256+0800][info] GC(204) Concurrent Mark 7.517ms
[2024-10-12T11:09:39.256+0800][info] GC(204) Concurrent Rebuild Remembered Sets
[2024-10-12T11:09:39.257+0800][info] GC(204) Concurrent Rebuild Remembered Sets 1.212ms
[2024-10-12T11:09:39.257+0800][info] GC(204) Pause Cleanup
[2024-10-12T11:09:39.258+0800][info] GC(204) Pause Cleanup 115M->115M(128M) 0.181ms
[2024-10-12T11:09:39.258+0800][info] GC(204) User=0.00s Sys=0.00s Real=0.00s
[2024-10-12T11:09:39.258+0800][info] GC(204) Concurrent Cleanup for Next Mark
[2024-10-12T11:09:39.258+0800][info] GC(204) Concurrent Cleanup for Next Mark 0.399ms
[2024-10-12T11:09:39.258+0800][info] GC(204) Concurrent Mark Cycle 9.832ms
[2024-10-12T11:09:39.361+0800][info] GC(205) Pause Young (Prepare Mixed) (G1 Evacuation Pause)
[2024-10-12T11:09:39.361+0800][info] GC(205) Using 3 workers of 48 for evacuation
[2024-10-12T11:09:39.362+0800][info] GC(205) To-space exhausted
[2024-10-12T11:09:39.362+0800][info] GC(205)   Pre Evacuate Collection Set: 0.1ms
[2024-10-12T11:09:39.362+0800][info] GC(205)   Merge Heap Roots: 0.1ms
[2024-10-12T11:09:39.362+0800][info] GC(205)   Evacuate Collection Set: 0.2ms
[2024-10-12T11:09:39.362+0800][info] GC(205)   Post Evacuate Collection Set: 0.3ms
[2024-10-12T11:09:39.362+0800][info] GC(205)   Other: 0.2ms
[2024-10-12T11:09:39.362+0800][info] GC(205) Eden regions: 1->0(3)
[2024-10-12T11:09:39.362+0800][info] GC(205) Survivor regions: 1->0(0)
[2024-10-12T11:09:39.362+0800][info] GC(205) Old regions: 57->59
[2024-10-12T11:09:39.362+0800][info] GC(205) Archive regions: 2->2
[2024-10-12T11:09:39.362+0800][info] GC(205) Humongous regions: 3->3
[2024-10-12T11:09:39.362+0800][info] GC(205) Metaspace: 1632K(1792K)->1632K(1792K) NonClass: 1508K(1600K)->1508K(1600K) Class: 124K(192K)->124K(192K)
[2024-10-12T11:09:39.362+0800][info] GC(205) Pause Young (Prepare Mixed) (G1 Evacuation Pause) 116M->116M(128M) 1.012ms
[2024-10-12T11:09:39.362+0800][info] GC(205) User=0.00s Sys=0.00s Real=0.00s
[2024-10-12T11:09:39.362+0800][info] Attempting full compaction
[2024-10-12T11:09:39.362+0800][info] GC(206) Using 3 workers of 48 for full compaction
[2024-10-12T11:09:39.362+0800][info] GC(206) Pause Full (G1 Compaction Pause)
[2024-10-12T11:09:39.362+0800][info] GC(206) Phase 1: Mark live objects
[2024-10-12T11:09:39.365+0800][info] GC(206) Phase 1: Mark live objects 3.221ms
[2024-10-12T11:09:39.365+0800][info] GC(206) Phase 2: Prepare for compaction
[2024-10-12T11:09:39.366+0800][info] GC(206) Phase 2: Prepare for compaction 0.745ms
[2024-10-12T11:09:39.366+0800][info] GC(206) Phase 3: Adjust pointers
[2024-10-12T11:09:39.368+0800][info] GC(206) Phase 3: Adjust pointers 1.730ms
[2024-10-12T11:09:39.368+0800][info] GC(206) Phase 4: Compact heap
[2024-10-12T11:09:39.380+0800][info] GC(206) Phase 4: Compact heap 12.543ms
[2024-10-12T11:09:39.382+0800][info] GC(206) Eden regions: 0->0(4)
[2024-10-12T11:09:39.382+0800][info] GC(206) Survivor regions: 0->0(0)
[2024-10-12T11:09:39.382+0800][info] GC(206) Old regions: 59->38
[2024-10-12T11:09:39.382+0800][info] GC(206) Archive regions: 2->2
[2024-10-12T11:09:39.382+0800][info] GC(206) Humongous regions: 3->3
[2024-10-12T11:09:39.382+0800][info] GC(206) Metaspace: 1632K(1792K)->1632K(1792K) NonClass: 1508K(1600K)->1508K(1600K) Class: 124K(192K)->124K(192K)
[2024-10-12T11:09:39.382+0800][info] GC(206) Pause Full (G1 Compaction Pause) 116M->72M(128M) 19.944ms
[2024-10-12T11:09:39.382+0800][info] GC(206) User=0.05s Sys=0.00s Real=0.02s
[2024-10-12T11:09:39.587+0800][info] GC(207) Pause Young (Concurrent Start) (G1 Evacuation Pause)
[2024-10-12T11:09:39.588+0800][info] GC(207) Using 3 workers of 48 for evacuation
[2024-10-12T11:09:39.590+0800][info] GC(207)   Pre Evacuate Collection Set: 0.1ms
[2024-10-12T11:09:39.590+0800][info] GC(207)   Merge Heap Roots: 0.1ms
[2024-10-12T11:09:39.590+0800][info] GC(207)   Evacuate Collection Set: 1.4ms
[2024-10-12T11:09:39.590+0800][info] GC(207)   Post Evacuate Collection Set: 0.2ms
[2024-10-12T11:09:39.590+0800][info] GC(207)   Other: 0.4ms
[2024-10-12T11:09:39.590+0800][info] GC(207) Eden regions: 4->0(2)
[2024-10-12T11:09:39.590+0800][info] GC(207) Survivor regions: 0->1(1)
[2024-10-12T11:09:39.590+0800][info] GC(207) Old regions: 38->41
[2024-10-12T11:09:39.590+0800][info] GC(207) Archive regions: 2->2
[2024-10-12T11:09:39.590+0800][info] GC(207) Humongous regions: 3->3
[2024-10-12T11:09:39.590+0800][info] GC(207) Metaspace: 1632K(1792K)->1632K(1792K) NonClass: 1508K(1600K)->1508K(1600K) Class: 124K(192K)->124K(192K)
[2024-10-12T11:09:39.590+0800][info] GC(207) Pause Young (Concurrent Start) (G1 Evacuation Pause) 79M->79M(128M) 2.261ms
[2024-10-12T11:09:39.590+0800][info] GC(207) User=0.01s Sys=0.00s Real=0.00s
[2024-10-12T11:09:39.590+0800][info] GC(208) Concurrent Mark Cycle
[2024-10-12T11:09:39.590+0800][info] GC(208) Concurrent Clear Claimed Marks
[2024-10-12T11:09:39.590+0800][info] GC(208) Concurrent Clear Claimed Marks 0.017ms
[2024-10-12T11:09:39.590+0800][info] GC(208) Concurrent Scan Root Regions
[2024-10-12T11:09:39.590+0800][info] GC(208) Concurrent Scan Root Regions 0.161ms
[2024-10-12T11:09:39.590+0800][info] GC(208) Concurrent Mark
[2024-10-12T11:09:39.590+0800][info] GC(208) Concurrent Mark From Roots
[2024-10-12T11:09:39.590+0800][info] GC(208) Using 12 workers of 12 for marking
[2024-10-12T11:09:39.594+0800][info] GC(208) Concurrent Mark From Roots 3.729ms
[2024-10-12T11:09:39.594+0800][info] GC(208) Concurrent Preclean
[2024-10-12T11:09:39.596+0800][info] GC(208) Concurrent Preclean 1.687ms
[2024-10-12T11:09:39.596+0800][info] GC(208) Pause Remark
[2024-10-12T11:09:39.597+0800][info] GC(208) Pause Remark 80M->80M(128M) 1.602ms
[2024-10-12T11:09:39.597+0800][info] GC(208) User=0.00s Sys=0.00s Real=0.00s
[2024-10-12T11:09:39.597+0800][info] GC(208) Concurrent Mark 7.340ms
[2024-10-12T11:09:39.598+0800][info] GC(208) Concurrent Rebuild Remembered Sets
[2024-10-12T11:09:39.599+0800][info] GC(208) Concurrent Rebuild Remembered Sets 0.979ms
[2024-10-12T11:09:39.599+0800][info] GC(208) Pause Cleanup
[2024-10-12T11:09:39.599+0800][info] GC(208) Pause Cleanup 80M->80M(128M) 0.227ms
[2024-10-12T11:09:39.599+0800][info] GC(208) User=0.00s Sys=0.00s Real=0.00s
[2024-10-12T11:09:39.599+0800][info] GC(208) Concurrent Cleanup for Next Mark
[2024-10-12T11:09:39.599+0800][info] GC(208) Concurrent Cleanup for Next Mark 0.411ms
[2024-10-12T11:09:39.599+0800][info] GC(208) Concurrent Mark Cycle 9.507ms
[2024-10-12T11:09:39.743+0800][info] GC(209) Pause Young (Prepare Mixed) (G1 Evacuation Pause)
[2024-10-12T11:09:39.743+0800][info] GC(209) Using 3 workers of 48 for evacuation
[2024-10-12T11:09:39.745+0800][info] GC(209)   Pre Evacuate Collection Set: 0.1ms
[2024-10-12T11:09:39.745+0800][info] GC(209)   Merge Heap Roots: 0.1ms
[2024-10-12T11:09:39.745+0800][info] GC(209)   Evacuate Collection Set: 1.1ms
[2024-10-12T11:09:39.745+0800][info] GC(209)   Post Evacuate Collection Set: 0.3ms
[2024-10-12T11:09:39.745+0800][info] GC(209)   Other: 0.3ms
[2024-10-12T11:09:39.745+0800][info] GC(209) Eden regions: 2->0(2)
[2024-10-12T11:09:39.745+0800][info] GC(209) Survivor regions: 1->1(1)
[2024-10-12T11:09:39.745+0800][info] GC(209) Old regions: 41->43
[2024-10-12T11:09:39.745+0800][info] GC(209) Archive regions: 2->2
[2024-10-12T11:09:39.745+0800][info] GC(209) Humongous regions: 3->3
[2024-10-12T11:09:39.745+0800][info] GC(209) Metaspace: 1632K(1792K)->1632K(1792K) NonClass: 1508K(1600K)->1508K(1600K) Class: 124K(192K)->124K(192K)
[2024-10-12T11:09:39.745+0800][info] GC(209) Pause Young (Prepare Mixed) (G1 Evacuation Pause) 83M->83M(128M) 1.978ms
[2024-10-12T11:09:39.745+0800][info] GC(209) User=0.00s Sys=0.00s Real=0.01s
[2024-10-12T11:09:39.848+0800][info] GC(210) Pause Young (Mixed) (G1 Evacuation Pause)
[2024-10-12T11:09:39.848+0800][info] GC(210) Using 3 workers of 48 for evacuation
[2024-10-12T11:09:39.853+0800][info] GC(210) To-space exhausted
[2024-10-12T11:09:39.853+0800][info] GC(210)   Pre Evacuate Collection Set: 0.2ms
[2024-10-12T11:09:39.853+0800][info] GC(210)   Merge Heap Roots: 0.1ms
[2024-10-12T11:09:39.853+0800][info] GC(210)   Evacuate Collection Set: 4.7ms
[2024-10-12T11:09:39.853+0800][info] GC(210)   Post Evacuate Collection Set: 0.5ms
[2024-10-12T11:09:39.853+0800][info] GC(210)   Other: 0.3ms
[2024-10-12T11:09:39.853+0800][info] GC(210) Eden regions: 2->0(2)
[2024-10-12T11:09:39.853+0800][info] GC(210) Survivor regions: 1->1(1)
[2024-10-12T11:09:39.853+0800][info] GC(210) Old regions: 43->53
[2024-10-12T11:09:39.853+0800][info] GC(210) Archive regions: 2->2
[2024-10-12T11:09:39.853+0800][info] GC(210) Humongous regions: 3->3
[2024-10-12T11:09:39.853+0800][info] GC(210) Metaspace: 1632K(1792K)->1632K(1792K) NonClass: 1508K(1600K)->1508K(1600K) Class: 124K(192K)->124K(192K)
[2024-10-12T11:09:39.853+0800][info] GC(210) Pause Young (Mixed) (G1 Evacuation Pause) 87M->106M(128M) 5.837ms
[2024-10-12T11:09:39.853+0800][info] GC(210) User=0.02s Sys=0.00s Real=0.01s
[2024-10-12T11:09:39.956+0800][info] GC(211) Pause Young (Concurrent Start) (G1 Preventive Collection)
[2024-10-12T11:09:39.956+0800][info] GC(211) Using 3 workers of 48 for evacuation
[2024-10-12T11:09:39.958+0800][info] GC(211)   Pre Evacuate Collection Set: 0.1ms
[2024-10-12T11:09:39.958+0800][info] GC(211)   Merge Heap Roots: 0.1ms
[2024-10-12T11:09:39.958+0800][info] GC(211)   Evacuate Collection Set: 1.2ms
[2024-10-12T11:09:39.958+0800][info] GC(211)   Post Evacuate Collection Set: 0.2ms
[2024-10-12T11:09:39.958+0800][info] GC(211)   Other: 0.4ms
[2024-10-12T11:09:39.958+0800][info] GC(211) Eden regions: 2->0(2)
[2024-10-12T11:09:39.958+0800][info] GC(211) Survivor regions: 1->1(1)
[2024-10-12T11:09:39.958+0800][info] GC(211) Old regions: 53->55
[2024-10-12T11:09:39.958+0800][info] GC(211) Archive regions: 2->2
[2024-10-12T11:09:39.958+0800][info] GC(211) Humongous regions: 3->3
[2024-10-12T11:09:39.958+0800][info] GC(211) Metaspace: 1632K(1792K)->1632K(1792K) NonClass: 1508K(1600K)->1508K(1600K) Class: 124K(192K)->124K(192K)
[2024-10-12T11:09:39.958+0800][info] GC(211) Pause Young (Concurrent Start) (G1 Preventive Collection) 109M->109M(128M) 2.158ms
[2024-10-12T11:09:39.958+0800][info] GC(211) User=0.01s Sys=0.00s Real=0.00s
[2024-10-12T11:09:39.959+0800][info] GC(212) Concurrent Mark Cycle
[2024-10-12T11:09:39.959+0800][info] GC(212) Concurrent Clear Claimed Marks
[2024-10-12T11:09:39.959+0800][info] GC(212) Concurrent Clear Claimed Marks 0.019ms
[2024-10-12T11:09:39.959+0800][info] GC(212) Concurrent Scan Root Regions
[2024-10-12T11:09:39.959+0800][info] GC(212) Concurrent Scan Root Regions 0.155ms
[2024-10-12T11:09:39.959+0800][info] GC(212) Concurrent Mark
[2024-10-12T11:09:39.959+0800][info] GC(212) Concurrent Mark From Roots
[2024-10-12T11:09:39.959+0800][info] GC(212) Using 12 workers of 12 for marking
[2024-10-12T11:09:39.963+0800][info] GC(212) Concurrent Mark From Roots 4.176ms
[2024-10-12T11:09:39.963+0800][info] GC(212) Concurrent Preclean
[2024-10-12T11:09:39.965+0800][info] GC(212) Concurrent Preclean 1.771ms
[2024-10-12T11:09:39.965+0800][info] GC(212) Pause Remark
[2024-10-12T11:09:39.966+0800][info] GC(212) Pause Remark 109M->109M(128M) 1.578ms
[2024-10-12T11:09:39.966+0800][info] GC(212) User=0.00s Sys=0.01s Real=0.01s
[2024-10-12T11:09:39.967+0800][info] GC(212) Concurrent Mark 7.731ms
[2024-10-12T11:09:39.967+0800][info] GC(212) Concurrent Rebuild Remembered Sets
[2024-10-12T11:09:39.968+0800][info] GC(212) Concurrent Rebuild Remembered Sets 1.337ms
[2024-10-12T11:09:39.968+0800][info] GC(212) Pause Cleanup
[2024-10-12T11:09:39.968+0800][info] GC(212) Pause Cleanup 109M->109M(128M) 0.229ms
[2024-10-12T11:09:39.968+0800][info] GC(212) User=0.00s Sys=0.00s Real=0.00s
[2024-10-12T11:09:39.968+0800][info] GC(212) Concurrent Cleanup for Next Mark
[2024-10-12T11:09:39.969+0800][info] GC(212) Concurrent Cleanup for Next Mark 0.418ms
[2024-10-12T11:09:39.969+0800][info] GC(212) Concurrent Mark Cycle 10.178ms
[2024-10-12T11:09:40.071+0800][info] GC(213) Pause Young (Prepare Mixed) (G1 Preventive Collection)
[2024-10-12T11:09:40.071+0800][info] GC(213) Using 3 workers of 48 for evacuation
[2024-10-12T11:09:40.073+0800][info] GC(213)   Pre Evacuate Collection Set: 0.1ms
[2024-10-12T11:09:40.073+0800][info] GC(213)   Merge Heap Roots: 0.1ms
[2024-10-12T11:09:40.073+0800][info] GC(213)   Evacuate Collection Set: 0.8ms
[2024-10-12T11:09:40.073+0800][info] GC(213)   Post Evacuate Collection Set: 0.2ms
[2024-10-12T11:09:40.073+0800][info] GC(213)   Other: 0.2ms
[2024-10-12T11:09:40.073+0800][info] GC(213) Eden regions: 1->0(2)
[2024-10-12T11:09:40.073+0800][info] GC(213) Survivor regions: 1->1(1)
[2024-10-12T11:09:40.073+0800][info] GC(213) Old regions: 55->56
[2024-10-12T11:09:40.073+0800][info] GC(213) Archive regions: 2->2
[2024-10-12T11:09:40.073+0800][info] GC(213) Humongous regions: 3->3
[2024-10-12T11:09:40.073+0800][info] GC(213) Metaspace: 1632K(1792K)->1632K(1792K) NonClass: 1508K(1600K)->1508K(1600K) Class: 124K(192K)->124K(192K)
[2024-10-12T11:09:40.073+0800][info] GC(213) Pause Young (Prepare Mixed) (G1 Preventive Collection) 111M->111M(128M) 1.520ms
[2024-10-12T11:09:40.073+0800][info] GC(213) User=0.01s Sys=0.00s Real=0.00s
[2024-10-12T11:09:40.114+0800][info] GC(214) Pause Young (Mixed) (G1 Preventive Collection)
[2024-10-12T11:09:40.114+0800][info] GC(214) Using 3 workers of 48 for evacuation
[2024-10-12T11:09:40.118+0800][info] GC(214) To-space exhausted
[2024-10-12T11:09:40.118+0800][info] GC(214)   Pre Evacuate Collection Set: 0.2ms
[2024-10-12T11:09:40.118+0800][info] GC(214)   Merge Heap Roots: 0.1ms
[2024-10-12T11:09:40.118+0800][info] GC(214)   Evacuate Collection Set: 2.6ms
[2024-10-12T11:09:40.118+0800][info] GC(214)   Post Evacuate Collection Set: 1.6ms
[2024-10-12T11:09:40.119+0800][info] GC(214)   Other: 0.2ms
[2024-10-12T11:09:40.119+0800][info] GC(214) Eden regions: 1->0(2)
[2024-10-12T11:09:40.119+0800][info] GC(214) Survivor regions: 1->1(1)
[2024-10-12T11:09:40.119+0800][info] GC(214) Old regions: 56->57
[2024-10-12T11:09:40.119+0800][info] GC(214) Archive regions: 2->2
[2024-10-12T11:09:40.119+0800][info] GC(214) Humongous regions: 3->3
[2024-10-12T11:09:40.119+0800][info] GC(214) Metaspace: 1632K(1792K)->1632K(1792K) NonClass: 1508K(1600K)->1508K(1600K) Class: 124K(192K)->124K(192K)
[2024-10-12T11:09:40.119+0800][info] GC(214) Pause Young (Mixed) (G1 Preventive Collection) 112M->113M(128M) 4.827ms
[2024-10-12T11:09:40.119+0800][info] GC(214) User=0.01s Sys=0.00s Real=0.00s
[2024-10-12T11:09:40.180+0800][info] GC(215) Pause Young (Concurrent Start) (G1 Evacuation Pause)
[2024-10-12T11:09:40.180+0800][info] GC(215) Using 3 workers of 48 for evacuation
[2024-10-12T11:09:40.181+0800][info] GC(215) To-space exhausted
[2024-10-12T11:09:40.181+0800][info] GC(215)   Pre Evacuate Collection Set: 0.1ms
[2024-10-12T11:09:40.181+0800][info] GC(215)   Merge Heap Roots: 0.1ms
[2024-10-12T11:09:40.181+0800][info] GC(215)   Evacuate Collection Set: 0.6ms
[2024-10-12T11:09:40.181+0800][info] GC(215)   Post Evacuate Collection Set: 0.3ms
[2024-10-12T11:09:40.181+0800][info] GC(215)   Other: 0.4ms
[2024-10-12T11:09:40.181+0800][info] GC(215) Eden regions: 1->0(3)
[2024-10-12T11:09:40.181+0800][info] GC(215) Survivor regions: 1->0(0)
[2024-10-12T11:09:40.181+0800][info] GC(215) Old regions: 57->59
[2024-10-12T11:09:40.181+0800][info] GC(215) Archive regions: 2->2
[2024-10-12T11:09:40.181+0800][info] GC(215) Humongous regions: 3->3
[2024-10-12T11:09:40.181+0800][info] GC(215) Metaspace: 1632K(1792K)->1632K(1792K) NonClass: 1508K(1600K)->1508K(1600K) Class: 124K(192K)->124K(192K)
[2024-10-12T11:09:40.181+0800][info] GC(215) Pause Young (Concurrent Start) (G1 Evacuation Pause) 115M->115M(128M) 1.541ms
[2024-10-12T11:09:40.182+0800][info] GC(215) User=0.00s Sys=0.00s Real=0.00s
[2024-10-12T11:09:40.182+0800][info] Attempting full compaction
[2024-10-12T11:09:40.182+0800][info] GC(216) Concurrent Mark Cycle
[2024-10-12T11:09:40.182+0800][info] GC(216) Concurrent Clear Claimed Marks
[2024-10-12T11:09:40.182+0800][info] GC(217) Using 3 workers of 48 for full compaction
[2024-10-12T11:09:40.182+0800][info] GC(216) Concurrent Clear Claimed Marks 0.030ms
[2024-10-12T11:09:40.182+0800][info] GC(216) Concurrent Scan Root Regions
[2024-10-12T11:09:40.182+0800][info] GC(216) Concurrent Scan Root Regions 0.016ms
[2024-10-12T11:09:40.182+0800][info] GC(216) Concurrent Mark
[2024-10-12T11:09:40.182+0800][info] GC(216) Concurrent Mark From Roots
[2024-10-12T11:09:40.182+0800][info] GC(216) Using 12 workers of 12 for marking
[2024-10-12T11:09:40.182+0800][info] GC(217) Pause Full (G1 Compaction Pause)
[2024-10-12T11:09:40.182+0800][info] GC(217) Phase 1: Mark live objects
[2024-10-12T11:09:40.186+0800][info] GC(217) Phase 1: Mark live objects 3.384ms
[2024-10-12T11:09:40.186+0800][info] GC(217) Phase 2: Prepare for compaction
[2024-10-12T11:09:40.186+0800][info] GC(217) Phase 2: Prepare for compaction 0.836ms
[2024-10-12T11:09:40.187+0800][info] GC(217) Phase 3: Adjust pointers
[2024-10-12T11:09:40.188+0800][info] GC(217) Phase 3: Adjust pointers 1.729ms
[2024-10-12T11:09:40.188+0800][info] GC(217) Phase 4: Compact heap
[2024-10-12T11:09:40.201+0800][info] GC(217) Phase 4: Compact heap 12.995ms
[2024-10-12T11:09:40.203+0800][info] GC(217) Eden regions: 0->0(4)
[2024-10-12T11:09:40.203+0800][info] GC(217) Survivor regions: 0->0(0)
[2024-10-12T11:09:40.203+0800][info] GC(217) Old regions: 59->39
[2024-10-12T11:09:40.203+0800][info] GC(217) Archive regions: 2->2
[2024-10-12T11:09:40.203+0800][info] GC(217) Humongous regions: 3->3
[2024-10-12T11:09:40.203+0800][info] GC(217) Metaspace: 1632K(1792K)->1632K(1792K) NonClass: 1508K(1600K)->1508K(1600K) Class: 124K(192K)->124K(192K)
[2024-10-12T11:09:40.203+0800][info] GC(217) Pause Full (G1 Compaction Pause) 115M->72M(128M) 21.021ms
[2024-10-12T11:09:40.203+0800][info] GC(217) User=0.05s Sys=0.00s Real=0.02s
[2024-10-12T11:09:40.203+0800][info] GC(216) Concurrent Mark From Roots 21.264ms
[2024-10-12T11:09:40.203+0800][info] GC(216) Concurrent Mark Abort
[2024-10-12T11:09:40.203+0800][info] GC(216) Concurrent Mark Cycle 21.500ms
[2024-10-12T11:09:40.408+0800][info] GC(218) Pause Young (Normal) (G1 Evacuation Pause)
[2024-10-12T11:09:40.408+0800][info] GC(218) Using 3 workers of 48 for evacuation
[2024-10-12T11:09:40.410+0800][info] GC(218)   Pre Evacuate Collection Set: 0.1ms
[2024-10-12T11:09:40.410+0800][info] GC(218)   Merge Heap Roots: 0.1ms
[2024-10-12T11:09:40.410+0800][info] GC(218)   Evacuate Collection Set: 1.3ms
[2024-10-12T11:09:40.410+0800][info] GC(218)   Post Evacuate Collection Set: 0.2ms
[2024-10-12T11:09:40.410+0800][info] GC(218)   Other: 0.2ms
[2024-10-12T11:09:40.410+0800][info] GC(218) Eden regions: 4->0(2)
[2024-10-12T11:09:40.410+0800][info] GC(218) Survivor regions: 0->1(1)
[2024-10-12T11:09:40.410+0800][info] GC(218) Old regions: 39->42
[2024-10-12T11:09:40.410+0800][info] GC(218) Archive regions: 2->2
[2024-10-12T11:09:40.410+0800][info] GC(218) Humongous regions: 3->3
[2024-10-12T11:09:40.410+0800][info] GC(218) Metaspace: 1632K(1792K)->1632K(1792K) NonClass: 1508K(1600K)->1508K(1600K) Class: 124K(192K)->124K(192K)
[2024-10-12T11:09:40.410+0800][info] GC(218) Pause Young (Normal) (G1 Evacuation Pause) 79M->79M(128M) 2.037ms
[2024-10-12T11:09:40.410+0800][info] GC(218) User=0.01s Sys=0.00s Real=0.00s
[2024-10-12T11:09:40.513+0800][info] GC(219) Pause Young (Concurrent Start) (G1 Evacuation Pause)
[2024-10-12T11:09:40.513+0800][info] GC(219) Using 3 workers of 48 for evacuation
[2024-10-12T11:09:40.515+0800][info] GC(219)   Pre Evacuate Collection Set: 0.1ms
[2024-10-12T11:09:40.515+0800][info] GC(219)   Merge Heap Roots: 0.1ms
[2024-10-12T11:09:40.515+0800][info] GC(219)   Evacuate Collection Set: 1.1ms
[2024-10-12T11:09:40.515+0800][info] GC(219)   Post Evacuate Collection Set: 0.2ms
[2024-10-12T11:09:40.515+0800][info] GC(219)   Other: 0.4ms
[2024-10-12T11:09:40.515+0800][info] GC(219) Eden regions: 2->0(2)
[2024-10-12T11:09:40.515+0800][info] GC(219) Survivor regions: 1->1(1)
[2024-10-12T11:09:40.515+0800][info] GC(219) Old regions: 42->44
[2024-10-12T11:09:40.515+0800][info] GC(219) Archive regions: 2->2
[2024-10-12T11:09:40.515+0800][info] GC(219) Humongous regions: 3->3
[2024-10-12T11:09:40.515+0800][info] GC(219) Metaspace: 1632K(1792K)->1632K(1792K) NonClass: 1508K(1600K)->1508K(1600K) Class: 124K(192K)->124K(192K)
[2024-10-12T11:09:40.515+0800][info] GC(219) Pause Young (Concurrent Start) (G1 Evacuation Pause) 82M->83M(128M) 1.972ms
[2024-10-12T11:09:40.515+0800][info] GC(219) User=0.00s Sys=0.00s Real=0.01s
[2024-10-12T11:09:40.515+0800][info] GC(220) Concurrent Mark Cycle
[2024-10-12T11:09:40.515+0800][info] GC(220) Concurrent Clear Claimed Marks
[2024-10-12T11:09:40.515+0800][info] GC(220) Concurrent Clear Claimed Marks 0.018ms
[2024-10-12T11:09:40.515+0800][info] GC(220) Concurrent Scan Root Regions
[2024-10-12T11:09:40.515+0800][info] GC(220) Concurrent Scan Root Regions 0.170ms
[2024-10-12T11:09:40.515+0800][info] GC(220) Concurrent Mark
[2024-10-12T11:09:40.515+0800][info] GC(220) Concurrent Mark From Roots
[2024-10-12T11:09:40.515+0800][info] GC(220) Using 12 workers of 12 for marking
[2024-10-12T11:09:40.519+0800][info] GC(220) Concurrent Mark From Roots 3.542ms
[2024-10-12T11:09:40.519+0800][info] GC(220) Concurrent Preclean
[2024-10-12T11:09:40.520+0800][info] GC(220) Concurrent Preclean 1.764ms
[2024-10-12T11:09:40.520+0800][info] GC(220) Pause Remark
[2024-10-12T11:09:40.522+0800][info] GC(220) Pause Remark 83M->83M(128M) 1.578ms
[2024-10-12T11:09:40.522+0800][info] GC(220) User=0.01s Sys=0.00s Real=0.00s
[2024-10-12T11:09:40.522+0800][info] GC(220) Concurrent Mark 7.090ms
[2024-10-12T11:09:40.522+0800][info] GC(220) Concurrent Rebuild Remembered Sets
[2024-10-12T11:09:40.523+0800][info] GC(220) Concurrent Rebuild Remembered Sets 1.266ms
[2024-10-12T11:09:40.524+0800][info] GC(220) Pause Cleanup
[2024-10-12T11:09:40.524+0800][info] GC(220) Pause Cleanup 83M->83M(128M) 0.160ms
[2024-10-12T11:09:40.524+0800][info] GC(220) User=0.00s Sys=0.00s Real=0.00s
[2024-10-12T11:09:40.524+0800][info] GC(220) Concurrent Cleanup for Next Mark
[2024-10-12T11:09:40.524+0800][info] GC(220) Concurrent Cleanup for Next Mark 0.494ms
[2024-10-12T11:09:40.524+0800][info] GC(220) Concurrent Mark Cycle 9.507ms
[2024-10-12T11:09:40.668+0800][info] GC(221) Pause Young (Prepare Mixed) (G1 Evacuation Pause)
[2024-10-12T11:09:40.668+0800][info] GC(221) Using 3 workers of 48 for evacuation
[2024-10-12T11:09:40.670+0800][info] GC(221)   Pre Evacuate Collection Set: 0.1ms
[2024-10-12T11:09:40.670+0800][info] GC(221)   Merge Heap Roots: 0.1ms
[2024-10-12T11:09:40.670+0800][info] GC(221)   Evacuate Collection Set: 1.0ms
[2024-10-12T11:09:40.670+0800][info] GC(221)   Post Evacuate Collection Set: 0.2ms
[2024-10-12T11:09:40.670+0800][info] GC(221)   Other: 0.2ms
[2024-10-12T11:09:40.670+0800][info] GC(221) Eden regions: 2->0(2)
[2024-10-12T11:09:40.670+0800][info] GC(221) Survivor regions: 1->1(1)
[2024-10-12T11:09:40.670+0800][info] GC(221) Old regions: 43->45
[2024-10-12T11:09:40.670+0800][info] GC(221) Archive regions: 2->2
[2024-10-12T11:09:40.670+0800][info] GC(221) Humongous regions: 3->3
[2024-10-12T11:09:40.670+0800][info] GC(221) Metaspace: 1632K(1792K)->1632K(1792K) NonClass: 1508K(1600K)->1508K(1600K) Class: 124K(192K)->124K(192K)
[2024-10-12T11:09:40.670+0800][info] GC(221) Pause Young (Prepare Mixed) (G1 Evacuation Pause) 86M->86M(128M) 1.733ms
[2024-10-12T11:09:40.670+0800][info] GC(221) User=0.00s Sys=0.00s Real=0.00s
[2024-10-12T11:09:40.732+0800][info] GC(222) Pause Young (Mixed) (G1 Preventive Collection)
[2024-10-12T11:09:40.732+0800][info] GC(222) Using 3 workers of 48 for evacuation
[2024-10-12T11:09:40.739+0800][info] GC(222) To-space exhausted
[2024-10-12T11:09:40.739+0800][info] GC(222)   Pre Evacuate Collection Set: 0.2ms
[2024-10-12T11:09:40.739+0800][info] GC(222)   Merge Heap Roots: 0.1ms
[2024-10-12T11:09:40.739+0800][info] GC(222)   Evacuate Collection Set: 6.1ms
[2024-10-12T11:09:40.739+0800][info] GC(222)   Post Evacuate Collection Set: 1.0ms
[2024-10-12T11:09:40.739+0800][info] GC(222)   Other: 0.2ms
[2024-10-12T11:09:40.739+0800][info] GC(222) Eden regions: 1->0(2)
[2024-10-12T11:09:40.739+0800][info] GC(222) Survivor regions: 1->1(1)
[2024-10-12T11:09:40.739+0800][info] GC(222) Old regions: 45->55
[2024-10-12T11:09:40.739+0800][info] GC(222) Archive regions: 2->2
[2024-10-12T11:09:40.739+0800][info] GC(222) Humongous regions: 3->3
[2024-10-12T11:09:40.739+0800][info] GC(222) Metaspace: 1632K(1792K)->1632K(1792K) NonClass: 1508K(1600K)->1508K(1600K) Class: 124K(192K)->124K(192K)
[2024-10-12T11:09:40.739+0800][info] GC(222) Pause Young (Mixed) (G1 Preventive Collection) 88M->107M(128M) 7.729ms
[2024-10-12T11:09:40.739+0800][info] GC(222) User=0.02s Sys=0.00s Real=0.01s
[2024-10-12T11:09:40.781+0800][info] GC(223) Pause Young (Concurrent Start) (G1 Preventive Collection)
[2024-10-12T11:09:40.781+0800][info] GC(223) Using 3 workers of 48 for evacuation
[2024-10-12T11:09:40.782+0800][info] GC(223)   Pre Evacuate Collection Set: 0.1ms
[2024-10-12T11:09:40.782+0800][info] GC(223)   Merge Heap Roots: 0.1ms
[2024-10-12T11:09:40.782+0800][info] GC(223)   Evacuate Collection Set: 1.1ms
[2024-10-12T11:09:40.782+0800][info] GC(223)   Post Evacuate Collection Set: 0.2ms
[2024-10-12T11:09:40.782+0800][info] GC(223)   Other: 0.4ms
[2024-10-12T11:09:40.782+0800][info] GC(223) Eden regions: 1->0(2)
[2024-10-12T11:09:40.782+0800][info] GC(223) Survivor regions: 1->1(1)
[2024-10-12T11:09:40.782+0800][info] GC(223) Old regions: 55->56
[2024-10-12T11:09:40.783+0800][info] GC(223) Archive regions: 2->2
[2024-10-12T11:09:40.783+0800][info] GC(223) Humongous regions: 3->3
[2024-10-12T11:09:40.783+0800][info] GC(223) Metaspace: 1632K(1792K)->1632K(1792K) NonClass: 1508K(1600K)->1508K(1600K) Class: 124K(192K)->124K(192K)
[2024-10-12T11:09:40.783+0800][info] GC(223) Pause Young (Concurrent Start) (G1 Preventive Collection) 109M->109M(128M) 2.031ms
[2024-10-12T11:09:40.783+0800][info] GC(223) User=0.01s Sys=0.00s Real=0.00s
[2024-10-12T11:09:40.783+0800][info] GC(224) Concurrent Mark Cycle
[2024-10-12T11:09:40.783+0800][info] GC(224) Concurrent Clear Claimed Marks
[2024-10-12T11:09:40.783+0800][info] GC(224) Concurrent Clear Claimed Marks 0.019ms
[2024-10-12T11:09:40.783+0800][info] GC(224) Concurrent Scan Root Regions
[2024-10-12T11:09:40.783+0800][info] GC(224) Concurrent Scan Root Regions 0.154ms
[2024-10-12T11:09:40.783+0800][info] GC(224) Concurrent Mark
[2024-10-12T11:09:40.783+0800][info] GC(224) Concurrent Mark From Roots
[2024-10-12T11:09:40.783+0800][info] GC(224) Using 12 workers of 12 for marking
[2024-10-12T11:09:40.787+0800][info] GC(224) Concurrent Mark From Roots 3.997ms
[2024-10-12T11:09:40.787+0800][info] GC(224) Concurrent Preclean
[2024-10-12T11:09:40.789+0800][info] GC(224) Concurrent Preclean 1.783ms
[2024-10-12T11:09:40.789+0800][info] GC(224) Pause Remark
[2024-10-12T11:09:40.790+0800][info] GC(224) Pause Remark 109M->108M(128M) 1.468ms
[2024-10-12T11:09:40.790+0800][info] GC(224) User=0.00s Sys=0.01s Real=0.00s
[2024-10-12T11:09:40.790+0800][info] GC(224) Concurrent Mark 7.427ms
[2024-10-12T11:09:40.790+0800][info] GC(224) Concurrent Rebuild Remembered Sets
[2024-10-12T11:09:40.792+0800][info] GC(224) Concurrent Rebuild Remembered Sets 1.185ms
[2024-10-12T11:09:40.792+0800][info] GC(224) Pause Cleanup
[2024-10-12T11:09:40.792+0800][info] GC(224) Pause Cleanup 108M->108M(128M) 0.237ms
[2024-10-12T11:09:40.792+0800][info] GC(224) User=0.00s Sys=0.00s Real=0.00s
[2024-10-12T11:09:40.792+0800][info] GC(224) Concurrent Cleanup for Next Mark
[2024-10-12T11:09:40.792+0800][info] GC(224) Concurrent Cleanup for Next Mark 0.391ms
[2024-10-12T11:09:40.792+0800][info] GC(224) Concurrent Mark Cycle 9.701ms
[2024-10-12T11:09:40.895+0800][info] GC(225) Pause Young (Prepare Mixed) (G1 Preventive Collection)
[2024-10-12T11:09:40.895+0800][info] GC(225) Using 3 workers of 48 for evacuation
[2024-10-12T11:09:40.897+0800][info] GC(225)   Pre Evacuate Collection Set: 0.1ms
[2024-10-12T11:09:40.897+0800][info] GC(225)   Merge Heap Roots: 0.1ms
[2024-10-12T11:09:40.897+0800][info] GC(225)   Evacuate Collection Set: 0.8ms
[2024-10-12T11:09:40.897+0800][info] GC(225)   Post Evacuate Collection Set: 0.2ms
[2024-10-12T11:09:40.897+0800][info] GC(225)   Other: 0.2ms
[2024-10-12T11:09:40.897+0800][info] GC(225) Eden regions: 1->0(2)
[2024-10-12T11:09:40.897+0800][info] GC(225) Survivor regions: 1->1(1)
[2024-10-12T11:09:40.897+0800][info] GC(225) Old regions: 55->56
[2024-10-12T11:09:40.897+0800][info] GC(225) Archive regions: 2->2
[2024-10-12T11:09:40.897+0800][info] GC(225) Humongous regions: 3->3
[2024-10-12T11:09:40.897+0800][info] GC(225) Metaspace: 1632K(1792K)->1632K(1792K) NonClass: 1508K(1600K)->1508K(1600K) Class: 124K(192K)->124K(192K)
[2024-10-12T11:09:40.897+0800][info] GC(225) Pause Young (Prepare Mixed) (G1 Preventive Collection) 109M->109M(128M) 1.588ms
[2024-10-12T11:09:40.897+0800][info] GC(225) User=0.00s Sys=0.00s Real=0.00s
[2024-10-12T11:09:40.938+0800][info] GC(226) Pause Young (Mixed) (G1 Preventive Collection)
[2024-10-12T11:09:40.938+0800][info] GC(226) Using 3 workers of 48 for evacuation
[2024-10-12T11:09:40.942+0800][info] GC(226) To-space exhausted
[2024-10-12T11:09:40.943+0800][info] GC(226)   Pre Evacuate Collection Set: 0.2ms
[2024-10-12T11:09:40.943+0800][info] GC(226)   Merge Heap Roots: 0.1ms
[2024-10-12T11:09:40.943+0800][info] GC(226)   Evacuate Collection Set: 2.3ms
[2024-10-12T11:09:40.943+0800][info] GC(226)   Post Evacuate Collection Set: 1.6ms
[2024-10-12T11:09:40.943+0800][info] GC(226)   Other: 0.2ms
[2024-10-12T11:09:40.943+0800][info] GC(226) Eden regions: 1->0(2)
[2024-10-12T11:09:40.943+0800][info] GC(226) Survivor regions: 1->1(1)
[2024-10-12T11:09:40.943+0800][info] GC(226) Old regions: 56->57
[2024-10-12T11:09:40.943+0800][info] GC(226) Archive regions: 2->2
[2024-10-12T11:09:40.943+0800][info] GC(226) Humongous regions: 3->3
[2024-10-12T11:09:40.943+0800][info] GC(226) Metaspace: 1632K(1792K)->1632K(1792K) NonClass: 1508K(1600K)->1508K(1600K) Class: 124K(192K)->124K(192K)
[2024-10-12T11:09:40.943+0800][info] GC(226) Pause Young (Mixed) (G1 Preventive Collection) 111M->111M(128M) 4.516ms
[2024-10-12T11:09:40.943+0800][info] GC(226) User=0.01s Sys=0.00s Real=0.00s
[2024-10-12T11:09:41.004+0800][info] GC(227) Pause Young (Concurrent Start) (G1 Evacuation Pause)
[2024-10-12T11:09:41.004+0800][info] GC(227) Using 3 workers of 48 for evacuation
[2024-10-12T11:09:41.006+0800][info] GC(227) To-space exhausted
[2024-10-12T11:09:41.006+0800][info] GC(227)   Pre Evacuate Collection Set: 0.1ms
[2024-10-12T11:09:41.006+0800][info] GC(227)   Merge Heap Roots: 0.1ms
[2024-10-12T11:09:41.006+0800][info] GC(227)   Evacuate Collection Set: 0.7ms
[2024-10-12T11:09:41.006+0800][info] GC(227)   Post Evacuate Collection Set: 0.3ms
[2024-10-12T11:09:41.006+0800][info] GC(227)   Other: 0.4ms
[2024-10-12T11:09:41.006+0800][info] GC(227) Eden regions: 1->0(3)
[2024-10-12T11:09:41.006+0800][info] GC(227) Survivor regions: 1->0(0)
[2024-10-12T11:09:41.006+0800][info] GC(227) Old regions: 57->59
[2024-10-12T11:09:41.006+0800][info] GC(227) Archive regions: 2->2
[2024-10-12T11:09:41.006+0800][info] GC(227) Humongous regions: 3->3
[2024-10-12T11:09:41.006+0800][info] GC(227) Metaspace: 1632K(1792K)->1632K(1792K) NonClass: 1508K(1600K)->1508K(1600K) Class: 124K(192K)->124K(192K)
[2024-10-12T11:09:41.006+0800][info] GC(227) Pause Young (Concurrent Start) (G1 Evacuation Pause) 113M->113M(128M) 1.684ms
[2024-10-12T11:09:41.006+0800][info] GC(227) User=0.00s Sys=0.00s Real=0.01s
[2024-10-12T11:09:41.006+0800][info] Attempting full compaction
[2024-10-12T11:09:41.006+0800][info] GC(228) Concurrent Mark Cycle
[2024-10-12T11:09:41.006+0800][info] GC(228) Concurrent Clear Claimed Marks
[2024-10-12T11:09:41.006+0800][info] GC(229) Using 3 workers of 48 for full compaction
[2024-10-12T11:09:41.006+0800][info] GC(228) Concurrent Clear Claimed Marks 0.031ms
[2024-10-12T11:09:41.006+0800][info] GC(228) Concurrent Scan Root Regions
[2024-10-12T11:09:41.006+0800][info] GC(228) Concurrent Scan Root Regions 0.020ms
[2024-10-12T11:09:41.006+0800][info] GC(228) Concurrent Mark
[2024-10-12T11:09:41.006+0800][info] GC(228) Concurrent Mark From Roots
[2024-10-12T11:09:41.006+0800][info] GC(228) Using 12 workers of 12 for marking
[2024-10-12T11:09:41.006+0800][info] GC(229) Pause Full (G1 Compaction Pause)
[2024-10-12T11:09:41.007+0800][info] GC(229) Phase 1: Mark live objects
[2024-10-12T11:09:41.010+0800][info] GC(229) Phase 1: Mark live objects 3.269ms
[2024-10-12T11:09:41.010+0800][info] GC(229) Phase 2: Prepare for compaction
[2024-10-12T11:09:41.011+0800][info] GC(229) Phase 2: Prepare for compaction 0.578ms
[2024-10-12T11:09:41.011+0800][info] GC(229) Phase 3: Adjust pointers
[2024-10-12T11:09:41.012+0800][info] GC(229) Phase 3: Adjust pointers 1.721ms
[2024-10-12T11:09:41.012+0800][info] GC(229) Phase 4: Compact heap
[2024-10-12T11:09:41.024+0800][info] GC(229) Phase 4: Compact heap 11.528ms
[2024-10-12T11:09:41.025+0800][info] GC(229) Eden regions: 0->0(4)
[2024-10-12T11:09:41.026+0800][info] GC(229) Survivor regions: 0->0(0)
[2024-10-12T11:09:41.026+0800][info] GC(229) Old regions: 59->37
[2024-10-12T11:09:41.026+0800][info] GC(229) Archive regions: 2->2
[2024-10-12T11:09:41.026+0800][info] GC(229) Humongous regions: 3->3
[2024-10-12T11:09:41.026+0800][info] GC(229) Metaspace: 1632K(1792K)->1632K(1792K) NonClass: 1508K(1600K)->1508K(1600K) Class: 124K(192K)->124K(192K)
[2024-10-12T11:09:41.026+0800][info] GC(229) Pause Full (G1 Compaction Pause) 113M->71M(128M) 19.299ms
[2024-10-12T11:09:41.026+0800][info] GC(229) User=0.05s Sys=0.00s Real=0.02s
[2024-10-12T11:09:41.026+0800][info] GC(228) Concurrent Mark From Roots 19.513ms
[2024-10-12T11:09:41.026+0800][info] GC(228) Concurrent Mark Abort
[2024-10-12T11:09:41.026+0800][info] GC(228) Concurrent Mark Cycle 19.762ms
[2024-10-12T11:09:41.190+0800][info] GC(230) Pause Young (Concurrent Start) (G1 Humongous Allocation)
[2024-10-12T11:09:41.190+0800][info] GC(230) Using 3 workers of 48 for evacuation
[2024-10-12T11:09:41.192+0800][info] GC(230)   Pre Evacuate Collection Set: 0.1ms
[2024-10-12T11:09:41.192+0800][info] GC(230)   Merge Heap Roots: 0.1ms
[2024-10-12T11:09:41.192+0800][info] GC(230)   Evacuate Collection Set: 1.2ms
[2024-10-12T11:09:41.192+0800][info] GC(230)   Post Evacuate Collection Set: 0.3ms
[2024-10-12T11:09:41.192+0800][info] GC(230)   Other: 0.4ms
[2024-10-12T11:09:41.192+0800][info] GC(230) Eden regions: 4->0(3)
[2024-10-12T11:09:41.192+0800][info] GC(230) Survivor regions: 0->1(1)
[2024-10-12T11:09:41.192+0800][info] GC(230) Old regions: 37->40
[2024-10-12T11:09:41.192+0800][info] GC(230) Archive regions: 2->2
[2024-10-12T11:09:41.192+0800][info] GC(230) Humongous regions: 3->3
[2024-10-12T11:09:41.192+0800][info] GC(230) Metaspace: 1632K(1792K)->1632K(1792K) NonClass: 1508K(1600K)->1508K(1600K) Class: 124K(192K)->124K(192K)
[2024-10-12T11:09:41.192+0800][info] GC(230) Pause Young (Concurrent Start) (G1 Humongous Allocation) 78M->78M(128M) 2.186ms
[2024-10-12T11:09:41.192+0800][info] GC(230) User=0.00s Sys=0.00s Real=0.00s
[2024-10-12T11:09:41.192+0800][info] GC(231) Concurrent Mark Cycle
[2024-10-12T11:09:41.192+0800][info] GC(231) Concurrent Clear Claimed Marks
[2024-10-12T11:09:41.192+0800][info] GC(231) Concurrent Clear Claimed Marks 0.019ms
[2024-10-12T11:09:41.192+0800][info] GC(231) Concurrent Scan Root Regions
[2024-10-12T11:09:41.192+0800][info] GC(231) Concurrent Scan Root Regions 0.125ms
[2024-10-12T11:09:41.192+0800][info] GC(231) Concurrent Mark
[2024-10-12T11:09:41.192+0800][info] GC(231) Concurrent Mark From Roots
[2024-10-12T11:09:41.192+0800][info] GC(231) Using 12 workers of 12 for marking
[2024-10-12T11:09:41.196+0800][info] GC(231) Concurrent Mark From Roots 3.773ms
[2024-10-12T11:09:41.196+0800][info] GC(231) Concurrent Preclean
[2024-10-12T11:09:41.198+0800][info] GC(231) Concurrent Preclean 1.736ms
[2024-10-12T11:09:41.198+0800][info] GC(231) Pause Remark
[2024-10-12T11:09:41.200+0800][info] GC(231) Pause Remark 80M->80M(128M) 1.550ms
[2024-10-12T11:09:41.200+0800][info] GC(231) User=0.00s Sys=0.00s Real=0.00s
[2024-10-12T11:09:41.200+0800][info] GC(231) Concurrent Mark 7.265ms
[2024-10-12T11:09:41.200+0800][info] GC(231) Concurrent Rebuild Remembered Sets
[2024-10-12T11:09:41.201+0800][info] GC(231) Concurrent Rebuild Remembered Sets 1.159ms
[2024-10-12T11:09:41.201+0800][info] GC(231) Pause Cleanup
[2024-10-12T11:09:41.201+0800][info] GC(231) Pause Cleanup 80M->80M(128M) 0.241ms
[2024-10-12T11:09:41.201+0800][info] GC(231) User=0.00s Sys=0.00s Real=0.00s
[2024-10-12T11:09:41.201+0800][info] GC(231) Concurrent Cleanup for Next Mark
[2024-10-12T11:09:41.202+0800][info] GC(231) Concurrent Cleanup for Next Mark 0.401ms
[2024-10-12T11:09:41.202+0800][info] GC(231) Concurrent Mark Cycle 9.500ms
[2024-10-12T11:09:41.428+0800][info] GC(232) Pause Young (Prepare Mixed) (G1 Evacuation Pause)
[2024-10-12T11:09:41.428+0800][info] GC(232) Using 3 workers of 48 for evacuation
[2024-10-12T11:09:41.430+0800][info] GC(232)   Pre Evacuate Collection Set: 0.1ms
[2024-10-12T11:09:41.430+0800][info] GC(232)   Merge Heap Roots: 0.1ms
[2024-10-12T11:09:41.430+0800][info] GC(232)   Evacuate Collection Set: 1.4ms
[2024-10-12T11:09:41.430+0800][info] GC(232)   Post Evacuate Collection Set: 0.2ms
[2024-10-12T11:09:41.430+0800][info] GC(232)   Other: 0.2ms
[2024-10-12T11:09:41.430+0800][info] GC(232) Eden regions: 3->0(2)
[2024-10-12T11:09:41.430+0800][info] GC(232) Survivor regions: 1->1(1)
[2024-10-12T11:09:41.430+0800][info] GC(232) Old regions: 40->43
[2024-10-12T11:09:41.430+0800][info] GC(232) Archive regions: 2->2
[2024-10-12T11:09:41.430+0800][info] GC(232) Humongous regions: 4->3
[2024-10-12T11:09:41.430+0800][info] GC(232) Metaspace: 1632K(1792K)->1632K(1792K) NonClass: 1508K(1600K)->1508K(1600K) Class: 124K(192K)->124K(192K)
[2024-10-12T11:09:41.430+0800][info] GC(232) Pause Young (Prepare Mixed) (G1 Evacuation Pause) 86M->84M(128M) 2.168ms
[2024-10-12T11:09:41.430+0800][info] GC(232) User=0.00s Sys=0.00s Real=0.00s
[2024-10-12T11:09:41.472+0800][info] GC(233) Pause Young (Mixed) (G1 Preventive Collection)
[2024-10-12T11:09:41.472+0800][info] GC(233) Using 3 workers of 48 for evacuation
[2024-10-12T11:09:41.479+0800][info] GC(233) To-space exhausted
[2024-10-12T11:09:41.479+0800][info] GC(233)   Pre Evacuate Collection Set: 0.2ms
[2024-10-12T11:09:41.479+0800][info] GC(233)   Merge Heap Roots: 0.1ms
[2024-10-12T11:09:41.479+0800][info] GC(233)   Evacuate Collection Set: 6.0ms
[2024-10-12T11:09:41.479+0800][info] GC(233)   Post Evacuate Collection Set: 0.9ms
[2024-10-12T11:09:41.479+0800][info] GC(233)   Other: 0.3ms
[2024-10-12T11:09:41.479+0800][info] GC(233) Eden regions: 1->0(2)
[2024-10-12T11:09:41.479+0800][info] GC(233) Survivor regions: 1->1(1)
[2024-10-12T11:09:41.479+0800][info] GC(233) Old regions: 43->53
[2024-10-12T11:09:41.479+0800][info] GC(233) Archive regions: 2->2
[2024-10-12T11:09:41.479+0800][info] GC(233) Humongous regions: 3->3
[2024-10-12T11:09:41.479+0800][info] GC(233) Metaspace: 1632K(1792K)->1632K(1792K) NonClass: 1508K(1600K)->1508K(1600K) Class: 124K(192K)->124K(192K)
[2024-10-12T11:09:41.479+0800][info] GC(233) Pause Young (Mixed) (G1 Preventive Collection) 85M->106M(128M) 7.511ms
[2024-10-12T11:09:41.479+0800][info] GC(233) User=0.02s Sys=0.00s Real=0.01s
[2024-10-12T11:09:41.582+0800][info] GC(234) Pause Young (Concurrent Start) (G1 Preventive Collection)
[2024-10-12T11:09:41.582+0800][info] GC(234) Using 3 workers of 48 for evacuation
[2024-10-12T11:09:41.584+0800][info] GC(234)   Pre Evacuate Collection Set: 0.1ms
[2024-10-12T11:09:41.584+0800][info] GC(234)   Merge Heap Roots: 0.1ms
[2024-10-12T11:09:41.584+0800][info] GC(234)   Evacuate Collection Set: 1.1ms
[2024-10-12T11:09:41.584+0800][info] GC(234)   Post Evacuate Collection Set: 0.2ms
[2024-10-12T11:09:41.584+0800][info] GC(234)   Other: 0.4ms
[2024-10-12T11:09:41.584+0800][info] GC(234) Eden regions: 2->0(2)
[2024-10-12T11:09:41.584+0800][info] GC(234) Survivor regions: 1->1(1)
[2024-10-12T11:09:41.584+0800][info] GC(234) Old regions: 53->55
[2024-10-12T11:09:41.584+0800][info] GC(234) Archive regions: 2->2
[2024-10-12T11:09:41.584+0800][info] GC(234) Humongous regions: 3->3
[2024-10-12T11:09:41.584+0800][info] GC(234) Metaspace: 1632K(1792K)->1632K(1792K) NonClass: 1508K(1600K)->1508K(1600K) Class: 124K(192K)->124K(192K)
[2024-10-12T11:09:41.584+0800][info] GC(234) Pause Young (Concurrent Start) (G1 Preventive Collection) 110M->110M(128M) 2.026ms
[2024-10-12T11:09:41.584+0800][info] GC(234) User=0.01s Sys=0.00s Real=0.00s
[2024-10-12T11:09:41.584+0800][info] GC(235) Concurrent Mark Cycle
[2024-10-12T11:09:41.584+0800][info] GC(235) Concurrent Clear Claimed Marks
[2024-10-12T11:09:41.584+0800][info] GC(235) Concurrent Clear Claimed Marks 0.019ms
[2024-10-12T11:09:41.584+0800][info] GC(235) Concurrent Scan Root Regions
[2024-10-12T11:09:41.584+0800][info] GC(235) Concurrent Scan Root Regions 0.160ms
[2024-10-12T11:09:41.584+0800][info] GC(235) Concurrent Mark
[2024-10-12T11:09:41.584+0800][info] GC(235) Concurrent Mark From Roots
[2024-10-12T11:09:41.584+0800][info] GC(235) Using 12 workers of 12 for marking
[2024-10-12T11:09:41.588+0800][info] GC(235) Concurrent Mark From Roots 3.697ms
[2024-10-12T11:09:41.588+0800][info] GC(235) Concurrent Preclean
[2024-10-12T11:09:41.590+0800][info] GC(235) Concurrent Preclean 1.753ms
[2024-10-12T11:09:41.590+0800][info] GC(235) Pause Remark
[2024-10-12T11:09:41.591+0800][info] GC(235) Pause Remark 111M->111M(128M) 1.548ms
[2024-10-12T11:09:41.591+0800][info] GC(235) User=0.00s Sys=0.00s Real=0.00s
[2024-10-12T11:09:41.591+0800][info] GC(235) Concurrent Mark 7.202ms
[2024-10-12T11:09:41.591+0800][info] GC(235) Concurrent Rebuild Remembered Sets
[2024-10-12T11:09:41.593+0800][info] GC(235) Concurrent Rebuild Remembered Sets 1.318ms
[2024-10-12T11:09:41.593+0800][info] GC(235) Pause Cleanup
[2024-10-12T11:09:41.593+0800][info] GC(235) Pause Cleanup 111M->111M(128M) 0.213ms
[2024-10-12T11:09:41.593+0800][info] GC(235) User=0.00s Sys=0.00s Real=0.00s
[2024-10-12T11:09:41.593+0800][info] GC(235) Concurrent Cleanup for Next Mark
[2024-10-12T11:09:41.594+0800][info] GC(235) Concurrent Cleanup for Next Mark 0.405ms
[2024-10-12T11:09:41.594+0800][info] GC(235) Concurrent Mark Cycle 9.632ms
[2024-10-12T11:09:41.696+0800][info] GC(236) Pause Young (Prepare Mixed) (G1 Preventive Collection)
[2024-10-12T11:09:41.697+0800][info] GC(236) Using 3 workers of 48 for evacuation
[2024-10-12T11:09:41.698+0800][info] GC(236)   Pre Evacuate Collection Set: 0.1ms
[2024-10-12T11:09:41.698+0800][info] GC(236)   Merge Heap Roots: 0.1ms
[2024-10-12T11:09:41.698+0800][info] GC(236)   Evacuate Collection Set: 0.8ms
[2024-10-12T11:09:41.698+0800][info] GC(236)   Post Evacuate Collection Set: 0.2ms
[2024-10-12T11:09:41.698+0800][info] GC(236)   Other: 0.2ms
[2024-10-12T11:09:41.698+0800][info] GC(236) Eden regions: 1->0(2)
[2024-10-12T11:09:41.698+0800][info] GC(236) Survivor regions: 1->1(1)
[2024-10-12T11:09:41.698+0800][info] GC(236) Old regions: 55->56
[2024-10-12T11:09:41.698+0800][info] GC(236) Archive regions: 2->2
[2024-10-12T11:09:41.698+0800][info] GC(236) Humongous regions: 3->3
[2024-10-12T11:09:41.698+0800][info] GC(236) Metaspace: 1632K(1792K)->1632K(1792K) NonClass: 1508K(1600K)->1508K(1600K) Class: 124K(192K)->124K(192K)
[2024-10-12T11:09:41.698+0800][info] GC(236) Pause Young (Prepare Mixed) (G1 Preventive Collection) 112M->112M(128M) 1.545ms
[2024-10-12T11:09:41.698+0800][info] GC(236) User=0.01s Sys=0.00s Real=0.00s
[2024-10-12T11:09:41.740+0800][info] GC(237) Pause Young (Mixed) (G1 Preventive Collection)
[2024-10-12T11:09:41.740+0800][info] GC(237) Using 3 workers of 48 for evacuation
[2024-10-12T11:09:41.747+0800][info] GC(237) To-space exhausted
[2024-10-12T11:09:41.747+0800][info] GC(237)   Pre Evacuate Collection Set: 0.2ms
[2024-10-12T11:09:41.747+0800][info] GC(237)   Merge Heap Roots: 0.1ms
[2024-10-12T11:09:41.747+0800][info] GC(237)   Evacuate Collection Set: 3.7ms
[2024-10-12T11:09:41.747+0800][info] GC(237)   Post Evacuate Collection Set: 2.9ms
[2024-10-12T11:09:41.747+0800][info] GC(237)   Other: 0.2ms
[2024-10-12T11:09:41.747+0800][info] GC(237) Eden regions: 1->0(2)
[2024-10-12T11:09:41.747+0800][info] GC(237) Survivor regions: 1->1(1)
[2024-10-12T11:09:41.747+0800][info] GC(237) Old regions: 56->56
[2024-10-12T11:09:41.747+0800][info] GC(237) Archive regions: 2->2
[2024-10-12T11:09:41.747+0800][info] GC(237) Humongous regions: 3->3
[2024-10-12T11:09:41.747+0800][info] GC(237) Metaspace: 1632K(1792K)->1632K(1792K) NonClass: 1508K(1600K)->1508K(1600K) Class: 124K(192K)->124K(192K)
[2024-10-12T11:09:41.747+0800][info] GC(237) Pause Young (Mixed) (G1 Preventive Collection) 114M->112M(128M) 7.175ms
[2024-10-12T11:09:41.747+0800][info] GC(237) User=0.01s Sys=0.00s Real=0.01s
[2024-10-12T11:09:41.808+0800][info] GC(238) Pause Young (Concurrent Start) (G1 Preventive Collection)
[2024-10-12T11:09:41.808+0800][info] GC(238) Using 3 workers of 48 for evacuation
[2024-10-12T11:09:41.810+0800][info] GC(238) To-space exhausted
[2024-10-12T11:09:41.810+0800][info] GC(238)   Pre Evacuate Collection Set: 0.1ms
[2024-10-12T11:09:41.810+0800][info] GC(238)   Merge Heap Roots: 0.1ms
[2024-10-12T11:09:41.810+0800][info] GC(238)   Evacuate Collection Set: 1.2ms
[2024-10-12T11:09:41.810+0800][info] GC(238)   Post Evacuate Collection Set: 0.2ms
[2024-10-12T11:09:41.810+0800][info] GC(238)   Other: 0.4ms
[2024-10-12T11:09:41.810+0800][info] GC(238) Eden regions: 1->0(2)
[2024-10-12T11:09:41.810+0800][info] GC(238) Survivor regions: 1->1(1)
[2024-10-12T11:09:41.810+0800][info] GC(238) Old regions: 56->57
[2024-10-12T11:09:41.810+0800][info] GC(238) Archive regions: 2->2
[2024-10-12T11:09:41.810+0800][info] GC(238) Humongous regions: 3->3
[2024-10-12T11:09:41.810+0800][info] GC(238) Metaspace: 1632K(1792K)->1632K(1792K) NonClass: 1508K(1600K)->1508K(1600K) Class: 124K(192K)->124K(192K)
[2024-10-12T11:09:41.810+0800][info] GC(238) Pause Young (Concurrent Start) (G1 Preventive Collection) 114M->114M(128M) 2.168ms
[2024-10-12T11:09:41.810+0800][info] GC(238) User=0.00s Sys=0.00s Real=0.00s
[2024-10-12T11:09:41.810+0800][info] GC(239) Concurrent Mark Cycle
[2024-10-12T11:09:41.810+0800][info] GC(239) Concurrent Clear Claimed Marks
[2024-10-12T11:09:41.810+0800][info] GC(239) Concurrent Clear Claimed Marks 0.015ms
[2024-10-12T11:09:41.810+0800][info] GC(239) Concurrent Scan Root Regions
[2024-10-12T11:09:41.811+0800][info] GC(239) Concurrent Scan Root Regions 0.139ms
[2024-10-12T11:09:41.811+0800][info] GC(239) Concurrent Mark
[2024-10-12T11:09:41.811+0800][info] GC(239) Concurrent Mark From Roots
[2024-10-12T11:09:41.811+0800][info] GC(239) Using 12 workers of 12 for marking
[2024-10-12T11:09:41.815+0800][info] GC(239) Concurrent Mark From Roots 3.904ms
[2024-10-12T11:09:41.815+0800][info] GC(239) Concurrent Preclean
[2024-10-12T11:09:41.816+0800][info] GC(239) Concurrent Preclean 1.680ms
[2024-10-12T11:09:41.816+0800][info] GC(239) Pause Remark
[2024-10-12T11:09:41.818+0800][info] GC(239) Pause Remark 115M->113M(128M) 1.466ms
[2024-10-12T11:09:41.818+0800][info] GC(239) User=0.01s Sys=0.00s Real=0.00s
[2024-10-12T11:09:41.818+0800][info] GC(239) Concurrent Mark 7.266ms
[2024-10-12T11:09:41.818+0800][info] GC(239) Concurrent Rebuild Remembered Sets
[2024-10-12T11:09:41.819+0800][info] GC(239) Concurrent Rebuild Remembered Sets 1.250ms
[2024-10-12T11:09:41.819+0800][info] GC(239) Pause Cleanup
[2024-10-12T11:09:41.820+0800][info] GC(239) Pause Cleanup 113M->113M(128M) 0.229ms
[2024-10-12T11:09:41.820+0800][info] GC(239) User=0.00s Sys=0.00s Real=0.00s
[2024-10-12T11:09:41.820+0800][info] GC(239) Concurrent Cleanup for Next Mark
[2024-10-12T11:09:41.820+0800][info] GC(239) Concurrent Cleanup for Next Mark 0.363ms
[2024-10-12T11:09:41.820+0800][info] GC(239) Concurrent Mark Cycle 9.549ms
[2024-10-12T11:09:41.903+0800][info] GC(240) Pause Young (Prepare Mixed) (G1 Preventive Collection)
[2024-10-12T11:09:41.903+0800][info] GC(240) Using 3 workers of 48 for evacuation
[2024-10-12T11:09:41.904+0800][info] GC(240) To-space exhausted
[2024-10-12T11:09:41.904+0800][info] GC(240)   Pre Evacuate Collection Set: 0.1ms
[2024-10-12T11:09:41.904+0800][info] GC(240)   Merge Heap Roots: 0.1ms
[2024-10-12T11:09:41.904+0800][info] GC(240)   Evacuate Collection Set: 0.6ms
[2024-10-12T11:09:41.904+0800][info] GC(240)   Post Evacuate Collection Set: 0.2ms
[2024-10-12T11:09:41.904+0800][info] GC(240)   Other: 0.2ms
[2024-10-12T11:09:41.904+0800][info] GC(240) Eden regions: 1->0(2)
[2024-10-12T11:09:41.904+0800][info] GC(240) Survivor regions: 1->1(1)
[2024-10-12T11:09:41.904+0800][info] GC(240) Old regions: 56->57
[2024-10-12T11:09:41.904+0800][info] GC(240) Archive regions: 2->2
[2024-10-12T11:09:41.904+0800][info] GC(240) Humongous regions: 3->3
[2024-10-12T11:09:41.904+0800][info] GC(240) Metaspace: 1632K(1792K)->1632K(1792K) NonClass: 1508K(1600K)->1508K(1600K) Class: 124K(192K)->124K(192K)
[2024-10-12T11:09:41.904+0800][info] GC(240) Pause Young (Prepare Mixed) (G1 Preventive Collection) 114M->114M(128M) 1.415ms
[2024-10-12T11:09:41.904+0800][info] GC(240) User=0.01s Sys=0.00s Real=0.00s
[2024-10-12T11:09:41.965+0800][info] GC(241) Pause Young (Mixed) (G1 Evacuation Pause)
[2024-10-12T11:09:41.966+0800][info] GC(241) Using 3 workers of 48 for evacuation
[2024-10-12T11:09:41.972+0800][info] GC(241) To-space exhausted
[2024-10-12T11:09:41.972+0800][info] GC(241)   Pre Evacuate Collection Set: 0.2ms
[2024-10-12T11:09:41.972+0800][info] GC(241)   Merge Heap Roots: 0.1ms
[2024-10-12T11:09:41.972+0800][info] GC(241)   Evacuate Collection Set: 3.7ms
[2024-10-12T11:09:41.972+0800][info] GC(241)   Post Evacuate Collection Set: 2.4ms
[2024-10-12T11:09:41.972+0800][info] GC(241)   Other: 0.2ms
[2024-10-12T11:09:41.972+0800][info] GC(241) Eden regions: 1->0(3)
[2024-10-12T11:09:41.972+0800][info] GC(241) Survivor regions: 1->0(0)
[2024-10-12T11:09:41.972+0800][info] GC(241) Old regions: 57->59
[2024-10-12T11:09:41.972+0800][info] GC(241) Archive regions: 2->2
[2024-10-12T11:09:41.972+0800][info] GC(241) Humongous regions: 3->3
[2024-10-12T11:09:41.972+0800][info] GC(241) Metaspace: 1632K(1792K)->1632K(1792K) NonClass: 1508K(1600K)->1508K(1600K) Class: 124K(192K)->124K(192K)
[2024-10-12T11:09:41.972+0800][info] GC(241) Pause Young (Mixed) (G1 Evacuation Pause) 116M->116M(128M) 6.794ms
[2024-10-12T11:09:41.972+0800][info] GC(241) User=0.01s Sys=0.00s Real=0.00s
[2024-10-12T11:09:41.972+0800][info] Attempting full compaction
[2024-10-12T11:09:41.972+0800][info] GC(242) Using 3 workers of 48 for full compaction
[2024-10-12T11:09:41.972+0800][info] GC(242) Pause Full (G1 Compaction Pause)
[2024-10-12T11:09:41.972+0800][info] GC(242) Phase 1: Mark live objects
[2024-10-12T11:09:41.976+0800][info] GC(242) Phase 1: Mark live objects 3.174ms
[2024-10-12T11:09:41.976+0800][info] GC(242) Phase 2: Prepare for compaction
[2024-10-12T11:09:41.976+0800][info] GC(242) Phase 2: Prepare for compaction 0.766ms
[2024-10-12T11:09:41.976+0800][info] GC(242) Phase 3: Adjust pointers
[2024-10-12T11:09:41.978+0800][info] GC(242) Phase 3: Adjust pointers 1.636ms
[2024-10-12T11:09:41.978+0800][info] GC(242) Phase 4: Compact heap
[2024-10-12T11:09:41.989+0800][info] GC(242) Phase 4: Compact heap 10.652ms
[2024-10-12T11:09:41.990+0800][info] GC(242) Eden regions: 0->0(4)
[2024-10-12T11:09:41.990+0800][info] GC(242) Survivor regions: 0->0(0)
[2024-10-12T11:09:41.990+0800][info] GC(242) Old regions: 59->38
[2024-10-12T11:09:41.990+0800][info] GC(242) Archive regions: 2->2
[2024-10-12T11:09:41.990+0800][info] GC(242) Humongous regions: 3->3
[2024-10-12T11:09:41.990+0800][info] GC(242) Metaspace: 1632K(1792K)->1632K(1792K) NonClass: 1508K(1600K)->1508K(1600K) Class: 124K(192K)->124K(192K)
[2024-10-12T11:09:41.990+0800][info] GC(242) Pause Full (G1 Compaction Pause) 116M->72M(128M) 18.029ms
[2024-10-12T11:09:41.990+0800][info] GC(242) User=0.05s Sys=0.00s Real=0.02s
[2024-10-12T11:09:42.196+0800][info] GC(243) Pause Young (Concurrent Start) (G1 Evacuation Pause)
[2024-10-12T11:09:42.196+0800][info] GC(243) Using 3 workers of 48 for evacuation
[2024-10-12T11:09:42.198+0800][info] GC(243)   Pre Evacuate Collection Set: 0.1ms
[2024-10-12T11:09:42.198+0800][info] GC(243)   Merge Heap Roots: 0.1ms
[2024-10-12T11:09:42.198+0800][info] GC(243)   Evacuate Collection Set: 1.3ms
[2024-10-12T11:09:42.198+0800][info] GC(243)   Post Evacuate Collection Set: 0.2ms
[2024-10-12T11:09:42.198+0800][info] GC(243)   Other: 0.4ms
[2024-10-12T11:09:42.198+0800][info] GC(243) Eden regions: 4->0(2)
[2024-10-12T11:09:42.198+0800][info] GC(243) Survivor regions: 0->1(1)
[2024-10-12T11:09:42.198+0800][info] GC(243) Old regions: 38->41
[2024-10-12T11:09:42.198+0800][info] GC(243) Archive regions: 2->2
[2024-10-12T11:09:42.198+0800][info] GC(243) Humongous regions: 3->3
[2024-10-12T11:09:42.198+0800][info] GC(243) Metaspace: 1632K(1792K)->1632K(1792K) NonClass: 1508K(1600K)->1508K(1600K) Class: 124K(192K)->124K(192K)
[2024-10-12T11:09:42.198+0800][info] GC(243) Pause Young (Concurrent Start) (G1 Evacuation Pause) 80M->79M(128M) 2.206ms
[2024-10-12T11:09:42.198+0800][info] GC(243) User=0.00s Sys=0.00s Real=0.00s
[2024-10-12T11:09:42.198+0800][info] GC(244) Concurrent Mark Cycle
[2024-10-12T11:09:42.198+0800][info] GC(244) Concurrent Clear Claimed Marks
[2024-10-12T11:09:42.198+0800][info] GC(244) Concurrent Clear Claimed Marks 0.015ms
[2024-10-12T11:09:42.198+0800][info] GC(244) Concurrent Scan Root Regions
[2024-10-12T11:09:42.198+0800][info] GC(244) Concurrent Scan Root Regions 0.165ms
[2024-10-12T11:09:42.198+0800][info] GC(244) Concurrent Mark
[2024-10-12T11:09:42.198+0800][info] GC(244) Concurrent Mark From Roots
[2024-10-12T11:09:42.198+0800][info] GC(244) Using 12 workers of 12 for marking
[2024-10-12T11:09:42.202+0800][info] GC(244) Concurrent Mark From Roots 4.215ms
[2024-10-12T11:09:42.202+0800][info] GC(244) Concurrent Preclean
[2024-10-12T11:09:42.204+0800][info] GC(244) Concurrent Preclean 1.673ms
[2024-10-12T11:09:42.204+0800][info] GC(244) Pause Remark
[2024-10-12T11:09:42.206+0800][info] GC(244) Pause Remark 79M->79M(128M) 1.464ms
[2024-10-12T11:09:42.206+0800][info] GC(244) User=0.00s Sys=0.00s Real=0.01s
[2024-10-12T11:09:42.206+0800][info] GC(244) Concurrent Mark 7.567ms
[2024-10-12T11:09:42.206+0800][info] GC(244) Concurrent Rebuild Remembered Sets
[2024-10-12T11:09:42.207+0800][info] GC(244) Concurrent Rebuild Remembered Sets 1.021ms
[2024-10-12T11:09:42.207+0800][info] GC(244) Pause Cleanup
[2024-10-12T11:09:42.207+0800][info] GC(244) Pause Cleanup 79M->79M(128M) 0.194ms
[2024-10-12T11:09:42.207+0800][info] GC(244) User=0.00s Sys=0.00s Real=0.00s
[2024-10-12T11:09:42.207+0800][info] GC(244) Concurrent Cleanup for Next Mark
[2024-10-12T11:09:42.208+0800][info] GC(244) Concurrent Cleanup for Next Mark 0.446ms
[2024-10-12T11:09:42.208+0800][info] GC(244) Concurrent Mark Cycle 9.687ms
[2024-10-12T11:09:42.351+0800][info] GC(245) Pause Young (Prepare Mixed) (G1 Evacuation Pause)
[2024-10-12T11:09:42.351+0800][info] GC(245) Using 3 workers of 48 for evacuation
[2024-10-12T11:09:42.353+0800][info] GC(245)   Pre Evacuate Collection Set: 0.1ms
[2024-10-12T11:09:42.353+0800][info] GC(245)   Merge Heap Roots: 0.1ms
[2024-10-12T11:09:42.353+0800][info] GC(245)   Evacuate Collection Set: 1.1ms
[2024-10-12T11:09:42.353+0800][info] GC(245)   Post Evacuate Collection Set: 0.2ms
[2024-10-12T11:09:42.353+0800][info] GC(245)   Other: 0.3ms
[2024-10-12T11:09:42.353+0800][info] GC(245) Eden regions: 2->0(2)
[2024-10-12T11:09:42.353+0800][info] GC(245) Survivor regions: 1->1(1)
[2024-10-12T11:09:42.353+0800][info] GC(245) Old regions: 41->43
[2024-10-12T11:09:42.353+0800][info] GC(245) Archive regions: 2->2
[2024-10-12T11:09:42.353+0800][info] GC(245) Humongous regions: 3->3
[2024-10-12T11:09:42.353+0800][info] GC(245) Metaspace: 1632K(1792K)->1632K(1792K) NonClass: 1508K(1600K)->1508K(1600K) Class: 124K(192K)->124K(192K)
[2024-10-12T11:09:42.353+0800][info] GC(245) Pause Young (Prepare Mixed) (G1 Evacuation Pause) 82M->83M(128M) 1.944ms
[2024-10-12T11:09:42.353+0800][info] GC(245) User=0.01s Sys=0.00s Real=0.01s
[2024-10-12T11:09:42.455+0800][info] GC(246) Pause Young (Mixed) (G1 Evacuation Pause)
[2024-10-12T11:09:42.455+0800][info] GC(246) Using 3 workers of 48 for evacuation
[2024-10-12T11:09:42.462+0800][info] GC(246) To-space exhausted
[2024-10-12T11:09:42.462+0800][info] GC(246)   Pre Evacuate Collection Set: 0.2ms
[2024-10-12T11:09:42.462+0800][info] GC(246)   Merge Heap Roots: 0.1ms
[2024-10-12T11:09:42.462+0800][info] GC(246)   Evacuate Collection Set: 5.0ms
[2024-10-12T11:09:42.462+0800][info] GC(246)   Post Evacuate Collection Set: 0.9ms
[2024-10-12T11:09:42.462+0800][info] GC(246)   Other: 0.2ms
[2024-10-12T11:09:42.462+0800][info] GC(246) Eden regions: 2->0(2)
[2024-10-12T11:09:42.462+0800][info] GC(246) Survivor regions: 1->1(1)
[2024-10-12T11:09:42.462+0800][info] GC(246) Old regions: 43->54
[2024-10-12T11:09:42.462+0800][info] GC(246) Archive regions: 2->2
[2024-10-12T11:09:42.462+0800][info] GC(246) Humongous regions: 3->3
[2024-10-12T11:09:42.462+0800][info] GC(246) Metaspace: 1632K(1792K)->1632K(1792K) NonClass: 1508K(1600K)->1508K(1600K) Class: 124K(192K)->124K(192K)
[2024-10-12T11:09:42.462+0800][info] GC(246) Pause Young (Mixed) (G1 Evacuation Pause) 87M->107M(128M) 6.505ms
[2024-10-12T11:09:42.462+0800][info] GC(246) User=0.01s Sys=0.00s Real=0.00s
[2024-10-12T11:09:42.524+0800][info] GC(247) Pause Young (Concurrent Start) (G1 Preventive Collection)
[2024-10-12T11:09:42.524+0800][info] GC(247) Using 3 workers of 48 for evacuation
[2024-10-12T11:09:42.526+0800][info] GC(247)   Pre Evacuate Collection Set: 0.1ms
[2024-10-12T11:09:42.526+0800][info] GC(247)   Merge Heap Roots: 0.1ms
[2024-10-12T11:09:42.526+0800][info] GC(247)   Evacuate Collection Set: 0.9ms
[2024-10-12T11:09:42.526+0800][info] GC(247)   Post Evacuate Collection Set: 0.2ms
[2024-10-12T11:09:42.526+0800][info] GC(247)   Other: 0.4ms
[2024-10-12T11:09:42.526+0800][info] GC(247) Eden regions: 1->0(2)
[2024-10-12T11:09:42.526+0800][info] GC(247) Survivor regions: 1->1(1)
[2024-10-12T11:09:42.526+0800][info] GC(247) Old regions: 54->55
[2024-10-12T11:09:42.526+0800][info] GC(247) Archive regions: 2->2
[2024-10-12T11:09:42.526+0800][info] GC(247) Humongous regions: 3->3
[2024-10-12T11:09:42.526+0800][info] GC(247) Metaspace: 1632K(1792K)->1632K(1792K) NonClass: 1508K(1600K)->1508K(1600K) Class: 124K(192K)->124K(192K)
[2024-10-12T11:09:42.526+0800][info] GC(247) Pause Young (Concurrent Start) (G1 Preventive Collection) 109M->109M(128M) 1.889ms
[2024-10-12T11:09:42.526+0800][info] GC(247) User=0.00s Sys=0.00s Real=0.01s
[2024-10-12T11:09:42.526+0800][info] GC(248) Concurrent Mark Cycle
[2024-10-12T11:09:42.526+0800][info] GC(248) Concurrent Clear Claimed Marks
[2024-10-12T11:09:42.526+0800][info] GC(248) Concurrent Clear Claimed Marks 0.019ms
[2024-10-12T11:09:42.526+0800][info] GC(248) Concurrent Scan Root Regions
[2024-10-12T11:09:42.526+0800][info] GC(248) Concurrent Scan Root Regions 0.153ms
[2024-10-12T11:09:42.526+0800][info] GC(248) Concurrent Mark
[2024-10-12T11:09:42.526+0800][info] GC(248) Concurrent Mark From Roots
[2024-10-12T11:09:42.526+0800][info] GC(248) Using 12 workers of 12 for marking
[2024-10-12T11:09:42.530+0800][info] GC(248) Concurrent Mark From Roots 3.845ms
[2024-10-12T11:09:42.530+0800][info] GC(248) Concurrent Preclean
[2024-10-12T11:09:42.532+0800][info] GC(248) Concurrent Preclean 1.751ms
[2024-10-12T11:09:42.532+0800][info] GC(248) Pause Remark
[2024-10-12T11:09:42.533+0800][info] GC(248) Pause Remark 109M->109M(128M) 1.502ms
[2024-10-12T11:09:42.533+0800][info] GC(248) User=0.01s Sys=0.00s Real=0.01s
[2024-10-12T11:09:42.533+0800][info] GC(248) Concurrent Mark 7.275ms
[2024-10-12T11:09:42.533+0800][info] GC(248) Concurrent Rebuild Remembered Sets
[2024-10-12T11:09:42.535+0800][info] GC(248) Concurrent Rebuild Remembered Sets 1.048ms
[2024-10-12T11:09:42.535+0800][info] GC(248) Pause Cleanup
[2024-10-12T11:09:42.535+0800][info] GC(248) Pause Cleanup 109M->109M(128M) 0.228ms
[2024-10-12T11:09:42.535+0800][info] GC(248) User=0.00s Sys=0.00s Real=0.00s
[2024-10-12T11:09:42.535+0800][info] GC(248) Concurrent Cleanup for Next Mark
[2024-10-12T11:09:42.535+0800][info] GC(248) Concurrent Cleanup for Next Mark 0.410ms
[2024-10-12T11:09:42.535+0800][info] GC(248) Concurrent Mark Cycle 9.425ms
[2024-10-12T11:09:42.618+0800][info] GC(249) Pause Young (Prepare Mixed) (G1 Preventive Collection)
[2024-10-12T11:09:42.618+0800][info] GC(249) Using 3 workers of 48 for evacuation
[2024-10-12T11:09:42.620+0800][info] GC(249)   Pre Evacuate Collection Set: 0.1ms
[2024-10-12T11:09:42.620+0800][info] GC(249)   Merge Heap Roots: 0.1ms
[2024-10-12T11:09:42.620+0800][info] GC(249)   Evacuate Collection Set: 0.6ms
[2024-10-12T11:09:42.620+0800][info] GC(249)   Post Evacuate Collection Set: 0.2ms
[2024-10-12T11:09:42.620+0800][info] GC(249)   Other: 0.2ms
[2024-10-12T11:09:42.620+0800][info] GC(249) Eden regions: 1->0(2)
[2024-10-12T11:09:42.620+0800][info] GC(249) Survivor regions: 1->1(1)
[2024-10-12T11:09:42.620+0800][info] GC(249) Old regions: 55->56
[2024-10-12T11:09:42.620+0800][info] GC(249) Archive regions: 2->2
[2024-10-12T11:09:42.620+0800][info] GC(249) Humongous regions: 3->3
[2024-10-12T11:09:42.620+0800][info] GC(249) Metaspace: 1632K(1792K)->1632K(1792K) NonClass: 1508K(1600K)->1508K(1600K) Class: 124K(192K)->124K(192K)
[2024-10-12T11:09:42.620+0800][info] GC(249) Pause Young (Prepare Mixed) (G1 Preventive Collection) 110M->110M(128M) 1.338ms
[2024-10-12T11:09:42.620+0800][info] GC(249) User=0.00s Sys=0.00s Real=0.00s
[2024-10-12T11:09:42.681+0800][info] GC(250) Pause Young (Mixed) (G1 Preventive Collection)
[2024-10-12T11:09:42.681+0800][info] GC(250) Using 3 workers of 48 for evacuation
[2024-10-12T11:09:42.684+0800][info] GC(250) To-space exhausted
[2024-10-12T11:09:42.684+0800][info] GC(250)   Pre Evacuate Collection Set: 0.1ms
[2024-10-12T11:09:42.684+0800][info] GC(250)   Merge Heap Roots: 0.1ms
[2024-10-12T11:09:42.684+0800][info] GC(250)   Evacuate Collection Set: 1.9ms
[2024-10-12T11:09:42.684+0800][info] GC(250)   Post Evacuate Collection Set: 0.8ms
[2024-10-12T11:09:42.684+0800][info] GC(250)   Other: 0.2ms
[2024-10-12T11:09:42.684+0800][info] GC(250) Eden regions: 1->0(2)
[2024-10-12T11:09:42.684+0800][info] GC(250) Survivor regions: 1->1(1)
[2024-10-12T11:09:42.684+0800][info] GC(250) Old regions: 56->56
[2024-10-12T11:09:42.684+0800][info] GC(250) Archive regions: 2->2
[2024-10-12T11:09:42.684+0800][info] GC(250) Humongous regions: 3->3
[2024-10-12T11:09:42.684+0800][info] GC(250) Metaspace: 1632K(1792K)->1632K(1792K) NonClass: 1508K(1600K)->1508K(1600K) Class: 124K(192K)->124K(192K)
[2024-10-12T11:09:42.684+0800][info] GC(250) Pause Young (Mixed) (G1 Preventive Collection) 112M->111M(128M) 3.258ms
[2024-10-12T11:09:42.684+0800][info] GC(250) User=0.01s Sys=0.01s Real=0.00s
[2024-10-12T11:09:42.726+0800][info] GC(251) Pause Young (Concurrent Start) (G1 Preventive Collection)
[2024-10-12T11:09:42.726+0800][info] GC(251) Using 3 workers of 48 for evacuation
[2024-10-12T11:09:42.727+0800][info] GC(251) To-space exhausted
[2024-10-12T11:09:42.727+0800][info] GC(251)   Pre Evacuate Collection Set: 0.1ms
[2024-10-12T11:09:42.727+0800][info] GC(251)   Merge Heap Roots: 0.1ms
[2024-10-12T11:09:42.727+0800][info] GC(251)   Evacuate Collection Set: 0.8ms
[2024-10-12T11:09:42.727+0800][info] GC(251)   Post Evacuate Collection Set: 0.2ms
[2024-10-12T11:09:42.727+0800][info] GC(251)   Other: 0.4ms
[2024-10-12T11:09:42.727+0800][info] GC(251) Eden regions: 1->0(2)
[2024-10-12T11:09:42.727+0800][info] GC(251) Survivor regions: 1->1(1)
[2024-10-12T11:09:42.727+0800][info] GC(251) Old regions: 56->57
[2024-10-12T11:09:42.727+0800][info] GC(251) Archive regions: 2->2
[2024-10-12T11:09:42.727+0800][info] GC(251) Humongous regions: 3->3
[2024-10-12T11:09:42.727+0800][info] GC(251) Metaspace: 1632K(1792K)->1632K(1792K) NonClass: 1508K(1600K)->1508K(1600K) Class: 124K(192K)->124K(192K)
[2024-10-12T11:09:42.727+0800][info] GC(251) Pause Young (Concurrent Start) (G1 Preventive Collection) 113M->113M(128M) 1.782ms
[2024-10-12T11:09:42.727+0800][info] GC(251) User=0.01s Sys=0.00s Real=0.00s
[2024-10-12T11:09:42.727+0800][info] GC(252) Concurrent Mark Cycle
[2024-10-12T11:09:42.727+0800][info] GC(252) Concurrent Clear Claimed Marks
[2024-10-12T11:09:42.728+0800][info] GC(252) Concurrent Clear Claimed Marks 0.019ms
[2024-10-12T11:09:42.728+0800][info] GC(252) Concurrent Scan Root Regions
[2024-10-12T11:09:42.728+0800][info] GC(252) Concurrent Scan Root Regions 0.152ms
[2024-10-12T11:09:42.728+0800][info] GC(252) Concurrent Mark
[2024-10-12T11:09:42.728+0800][info] GC(252) Concurrent Mark From Roots
[2024-10-12T11:09:42.728+0800][info] GC(252) Using 12 workers of 12 for marking
[2024-10-12T11:09:42.731+0800][info] GC(252) Concurrent Mark From Roots 3.766ms
[2024-10-12T11:09:42.732+0800][info] GC(252) Concurrent Preclean
[2024-10-12T11:09:42.733+0800][info] GC(252) Concurrent Preclean 1.761ms
[2024-10-12T11:09:42.733+0800][info] GC(252) Pause Remark
[2024-10-12T11:09:42.735+0800][info] GC(252) Pause Remark 113M->111M(128M) 1.377ms
[2024-10-12T11:09:42.735+0800][info] GC(252) User=0.00s Sys=0.00s Real=0.00s
[2024-10-12T11:09:42.735+0800][info] GC(252) Concurrent Mark 7.074ms
[2024-10-12T11:09:42.735+0800][info] GC(252) Concurrent Rebuild Remembered Sets
[2024-10-12T11:09:42.736+0800][info] GC(252) Concurrent Rebuild Remembered Sets 1.234ms
[2024-10-12T11:09:42.736+0800][info] GC(252) Pause Cleanup
[2024-10-12T11:09:42.736+0800][info] GC(252) Pause Cleanup 111M->111M(128M) 0.233ms
[2024-10-12T11:09:42.736+0800][info] GC(252) User=0.00s Sys=0.00s Real=0.00s
[2024-10-12T11:09:42.736+0800][info] GC(252) Concurrent Cleanup for Next Mark
[2024-10-12T11:09:42.737+0800][info] GC(252) Concurrent Cleanup for Next Mark 0.339ms
[2024-10-12T11:09:42.737+0800][info] GC(252) Concurrent Mark Cycle 9.339ms
[2024-10-12T11:09:42.840+0800][info] GC(253) Pause Young (Prepare Mixed) (G1 Preventive Collection)
[2024-10-12T11:09:42.840+0800][info] GC(253) Using 3 workers of 48 for evacuation
[2024-10-12T11:09:42.842+0800][info] GC(253) To-space exhausted
[2024-10-12T11:09:42.842+0800][info] GC(253)   Pre Evacuate Collection Set: 0.1ms
[2024-10-12T11:09:42.842+0800][info] GC(253)   Merge Heap Roots: 0.1ms
[2024-10-12T11:09:42.842+0800][info] GC(253)   Evacuate Collection Set: 0.7ms
[2024-10-12T11:09:42.842+0800][info] GC(253)   Post Evacuate Collection Set: 0.2ms
[2024-10-12T11:09:42.842+0800][info] GC(253)   Other: 0.2ms
[2024-10-12T11:09:42.842+0800][info] GC(253) Eden regions: 1->0(2)
[2024-10-12T11:09:42.842+0800][info] GC(253) Survivor regions: 1->1(1)
[2024-10-12T11:09:42.842+0800][info] GC(253) Old regions: 56->57
[2024-10-12T11:09:42.842+0800][info] GC(253) Archive regions: 2->2
[2024-10-12T11:09:42.842+0800][info] GC(253) Humongous regions: 3->3
[2024-10-12T11:09:42.842+0800][info] GC(253) Metaspace: 1632K(1792K)->1632K(1792K) NonClass: 1508K(1600K)->1508K(1600K) Class: 124K(192K)->124K(192K)
[2024-10-12T11:09:42.842+0800][info] GC(253) Pause Young (Prepare Mixed) (G1 Preventive Collection) 113M->113M(128M) 1.481ms
[2024-10-12T11:09:42.842+0800][info] GC(253) User=0.00s Sys=0.00s Real=0.00s
[2024-10-12T11:09:42.883+0800][info] GC(254) Pause Young (Mixed) (G1 Evacuation Pause)
[2024-10-12T11:09:42.883+0800][info] GC(254) Using 3 workers of 48 for evacuation
[2024-10-12T11:09:42.887+0800][info] GC(254) To-space exhausted
[2024-10-12T11:09:42.888+0800][info] GC(254)   Pre Evacuate Collection Set: 0.2ms
[2024-10-12T11:09:42.888+0800][info] GC(254)   Merge Heap Roots: 0.1ms
[2024-10-12T11:09:42.888+0800][info] GC(254)   Evacuate Collection Set: 2.7ms
[2024-10-12T11:09:42.888+0800][info] GC(254)   Post Evacuate Collection Set: 1.4ms
[2024-10-12T11:09:42.888+0800][info] GC(254)   Other: 0.2ms
[2024-10-12T11:09:42.888+0800][info] GC(254) Eden regions: 1->0(3)
[2024-10-12T11:09:42.888+0800][info] GC(254) Survivor regions: 1->0(0)
[2024-10-12T11:09:42.888+0800][info] GC(254) Old regions: 57->59
[2024-10-12T11:09:42.888+0800][info] GC(254) Archive regions: 2->2
[2024-10-12T11:09:42.888+0800][info] GC(254) Humongous regions: 3->3
[2024-10-12T11:09:42.888+0800][info] GC(254) Metaspace: 1632K(1792K)->1632K(1792K) NonClass: 1508K(1600K)->1508K(1600K) Class: 124K(192K)->124K(192K)
[2024-10-12T11:09:42.888+0800][info] GC(254) Pause Young (Mixed) (G1 Evacuation Pause) 114M->114M(128M) 4.653ms
[2024-10-12T11:09:42.888+0800][info] GC(254) User=0.01s Sys=0.00s Real=0.01s
[2024-10-12T11:09:42.888+0800][info] Attempting full compaction
[2024-10-12T11:09:42.888+0800][info] GC(255) Using 3 workers of 48 for full compaction
[2024-10-12T11:09:42.888+0800][info] GC(255) Pause Full (G1 Compaction Pause)
[2024-10-12T11:09:42.888+0800][info] GC(255) Phase 1: Mark live objects
[2024-10-12T11:09:42.891+0800][info] GC(255) Phase 1: Mark live objects 3.530ms
[2024-10-12T11:09:42.891+0800][info] GC(255) Phase 2: Prepare for compaction
[2024-10-12T11:09:42.892+0800][info] GC(255) Phase 2: Prepare for compaction 0.499ms
[2024-10-12T11:09:42.892+0800][info] GC(255) Phase 3: Adjust pointers
[2024-10-12T11:09:42.893+0800][info] GC(255) Phase 3: Adjust pointers 1.508ms
[2024-10-12T11:09:42.893+0800][info] GC(255) Phase 4: Compact heap
[2024-10-12T11:09:42.905+0800][info] GC(255) Phase 4: Compact heap 11.715ms
[2024-10-12T11:09:42.907+0800][info] GC(255) Eden regions: 0->0(4)
[2024-10-12T11:09:42.907+0800][info] GC(255) Survivor regions: 0->0(0)
[2024-10-12T11:09:42.907+0800][info] GC(255) Old regions: 59->38
[2024-10-12T11:09:42.907+0800][info] GC(255) Archive regions: 2->2
[2024-10-12T11:09:42.907+0800][info] GC(255) Humongous regions: 3->3
[2024-10-12T11:09:42.907+0800][info] GC(255) Metaspace: 1632K(1792K)->1632K(1792K) NonClass: 1508K(1600K)->1508K(1600K) Class: 124K(192K)->124K(192K)
[2024-10-12T11:09:42.907+0800][info] GC(255) Pause Full (G1 Compaction Pause) 114M->72M(128M) 19.014ms
[2024-10-12T11:09:42.907+0800][info] GC(255) User=0.05s Sys=0.00s Real=0.02s
[2024-10-12T11:09:43.132+0800][info] GC(256) Pause Young (Concurrent Start) (G1 Evacuation Pause)
[2024-10-12T11:09:43.132+0800][info] GC(256) Using 3 workers of 48 for evacuation
[2024-10-12T11:09:43.134+0800][info] GC(256)   Pre Evacuate Collection Set: 0.1ms
[2024-10-12T11:09:43.135+0800][info] GC(256)   Merge Heap Roots: 0.1ms
[2024-10-12T11:09:43.135+0800][info] GC(256)   Evacuate Collection Set: 1.6ms
[2024-10-12T11:09:43.135+0800][info] GC(256)   Post Evacuate Collection Set: 0.3ms
[2024-10-12T11:09:43.135+0800][info] GC(256)   Other: 0.4ms
[2024-10-12T11:09:43.135+0800][info] GC(256) Eden regions: 4->0(2)
[2024-10-12T11:09:43.135+0800][info] GC(256) Survivor regions: 0->1(1)
[2024-10-12T11:09:43.135+0800][info] GC(256) Old regions: 38->42
[2024-10-12T11:09:43.135+0800][info] GC(256) Archive regions: 2->2
[2024-10-12T11:09:43.135+0800][info] GC(256) Humongous regions: 3->3
[2024-10-12T11:09:43.135+0800][info] GC(256) Metaspace: 1632K(1792K)->1632K(1792K) NonClass: 1508K(1600K)->1508K(1600K) Class: 124K(192K)->124K(192K)
[2024-10-12T11:09:43.135+0800][info] GC(256) Pause Young (Concurrent Start) (G1 Evacuation Pause) 79M->80M(128M) 2.519ms
[2024-10-12T11:09:43.135+0800][info] GC(256) User=0.01s Sys=0.00s Real=0.01s
[2024-10-12T11:09:43.135+0800][info] GC(257) Concurrent Mark Cycle
[2024-10-12T11:09:43.135+0800][info] GC(257) Concurrent Clear Claimed Marks
[2024-10-12T11:09:43.135+0800][info] GC(257) Concurrent Clear Claimed Marks 0.019ms
[2024-10-12T11:09:43.135+0800][info] GC(257) Concurrent Scan Root Regions
[2024-10-12T11:09:43.135+0800][info] GC(257) Concurrent Scan Root Regions 0.159ms
[2024-10-12T11:09:43.135+0800][info] GC(257) Concurrent Mark
[2024-10-12T11:09:43.135+0800][info] GC(257) Concurrent Mark From Roots
[2024-10-12T11:09:43.135+0800][info] GC(257) Using 12 workers of 12 for marking
[2024-10-12T11:09:43.139+0800][info] GC(257) Concurrent Mark From Roots 3.889ms
[2024-10-12T11:09:43.139+0800][info] GC(257) Concurrent Preclean
[2024-10-12T11:09:43.141+0800][info] GC(257) Concurrent Preclean 1.734ms
[2024-10-12T11:09:43.141+0800][info] GC(257) Pause Remark
[2024-10-12T11:09:43.142+0800][info] GC(257) Pause Remark 81M->81M(128M) 1.449ms
[2024-10-12T11:09:43.142+0800][info] GC(257) User=0.00s Sys=0.00s Real=0.00s
[2024-10-12T11:09:43.142+0800][info] GC(257) Concurrent Mark 7.247ms
[2024-10-12T11:09:43.142+0800][info] GC(257) Concurrent Rebuild Remembered Sets
[2024-10-12T11:09:43.143+0800][info] GC(257) Concurrent Rebuild Remembered Sets 1.220ms
[2024-10-12T11:09:43.144+0800][info] GC(257) Pause Cleanup
[2024-10-12T11:09:43.144+0800][info] GC(257) Pause Cleanup 81M->81M(128M) 0.224ms
[2024-10-12T11:09:43.144+0800][info] GC(257) User=0.00s Sys=0.00s Real=0.00s
[2024-10-12T11:09:43.144+0800][info] GC(257) Concurrent Cleanup for Next Mark
[2024-10-12T11:09:43.144+0800][info] GC(257) Concurrent Cleanup for Next Mark 0.407ms
[2024-10-12T11:09:43.144+0800][info] GC(257) Concurrent Mark Cycle 9.564ms
[2024-10-12T11:09:43.288+0800][info] GC(258) Pause Young (Prepare Mixed) (G1 Evacuation Pause)
[2024-10-12T11:09:43.288+0800][info] GC(258) Using 3 workers of 48 for evacuation
[2024-10-12T11:09:43.290+0800][info] GC(258)   Pre Evacuate Collection Set: 0.1ms
[2024-10-12T11:09:43.290+0800][info] GC(258)   Merge Heap Roots: 0.1ms
[2024-10-12T11:09:43.290+0800][info] GC(258)   Evacuate Collection Set: 1.1ms
[2024-10-12T11:09:43.290+0800][info] GC(258)   Post Evacuate Collection Set: 0.2ms
[2024-10-12T11:09:43.290+0800][info] GC(258)   Other: 0.3ms
[2024-10-12T11:09:43.290+0800][info] GC(258) Eden regions: 2->0(2)
[2024-10-12T11:09:43.290+0800][info] GC(258) Survivor regions: 1->1(1)
[2024-10-12T11:09:43.290+0800][info] GC(258) Old regions: 42->44
[2024-10-12T11:09:43.290+0800][info] GC(258) Archive regions: 2->2
[2024-10-12T11:09:43.290+0800][info] GC(258) Humongous regions: 3->3
[2024-10-12T11:09:43.290+0800][info] GC(258) Metaspace: 1632K(1792K)->1632K(1792K) NonClass: 1508K(1600K)->1508K(1600K) Class: 124K(192K)->124K(192K)
[2024-10-12T11:09:43.290+0800][info] GC(258) Pause Young (Prepare Mixed) (G1 Evacuation Pause) 84M->84M(128M) 1.909ms
[2024-10-12T11:09:43.290+0800][info] GC(258) User=0.01s Sys=0.00s Real=0.00s
[2024-10-12T11:09:43.352+0800][info] GC(259) Pause Young (Mixed) (G1 Preventive Collection)
[2024-10-12T11:09:43.352+0800][info] GC(259) Using 3 workers of 48 for evacuation
[2024-10-12T11:09:43.359+0800][info] GC(259) To-space exhausted
[2024-10-12T11:09:43.359+0800][info] GC(259)   Pre Evacuate Collection Set: 0.2ms
[2024-10-12T11:09:43.359+0800][info] GC(259)   Merge Heap Roots: 0.1ms
[2024-10-12T11:09:43.359+0800][info] GC(259)   Evacuate Collection Set: 6.1ms
[2024-10-12T11:09:43.359+0800][info] GC(259)   Post Evacuate Collection Set: 1.1ms
[2024-10-12T11:09:43.359+0800][info] GC(259)   Other: 0.3ms
[2024-10-12T11:09:43.359+0800][info] GC(259) Eden regions: 1->0(2)
[2024-10-12T11:09:43.359+0800][info] GC(259) Survivor regions: 1->1(1)
[2024-10-12T11:09:43.359+0800][info] GC(259) Old regions: 44->55
[2024-10-12T11:09:43.359+0800][info] GC(259) Archive regions: 2->2
[2024-10-12T11:09:43.359+0800][info] GC(259) Humongous regions: 3->3
[2024-10-12T11:09:43.359+0800][info] GC(259) Metaspace: 1632K(1792K)->1632K(1792K) NonClass: 1508K(1600K)->1508K(1600K) Class: 124K(192K)->124K(192K)
[2024-10-12T11:09:43.360+0800][info] GC(259) Pause Young (Mixed) (G1 Preventive Collection) 86M->109M(128M) 7.859ms
[2024-10-12T11:09:43.360+0800][info] GC(259) User=0.02s Sys=0.01s Real=0.01s
[2024-10-12T11:09:43.401+0800][info] GC(260) Pause Young (Concurrent Start) (G1 Preventive Collection)
[2024-10-12T11:09:43.401+0800][info] GC(260) Using 3 workers of 48 for evacuation
[2024-10-12T11:09:43.403+0800][info] GC(260)   Pre Evacuate Collection Set: 0.1ms
[2024-10-12T11:09:43.403+0800][info] GC(260)   Merge Heap Roots: 0.1ms
[2024-10-12T11:09:43.403+0800][info] GC(260)   Evacuate Collection Set: 1.1ms
[2024-10-12T11:09:43.403+0800][info] GC(260)   Post Evacuate Collection Set: 0.2ms
[2024-10-12T11:09:43.403+0800][info] GC(260)   Other: 0.4ms
[2024-10-12T11:09:43.403+0800][info] GC(260) Eden regions: 1->0(2)
[2024-10-12T11:09:43.403+0800][info] GC(260) Survivor regions: 1->1(1)
[2024-10-12T11:09:43.403+0800][info] GC(260) Old regions: 55->56
[2024-10-12T11:09:43.403+0800][info] GC(260) Archive regions: 2->2
[2024-10-12T11:09:43.403+0800][info] GC(260) Humongous regions: 3->3
[2024-10-12T11:09:43.403+0800][info] GC(260) Metaspace: 1632K(1792K)->1632K(1792K) NonClass: 1508K(1600K)->1508K(1600K) Class: 124K(192K)->124K(192K)
[2024-10-12T11:09:43.403+0800][info] GC(260) Pause Young (Concurrent Start) (G1 Preventive Collection) 111M->111M(128M) 2.023ms
[2024-10-12T11:09:43.403+0800][info] GC(260) User=0.00s Sys=0.00s Real=0.00s
[2024-10-12T11:09:43.403+0800][info] GC(261) Concurrent Mark Cycle
[2024-10-12T11:09:43.403+0800][info] GC(261) Concurrent Clear Claimed Marks
[2024-10-12T11:09:43.403+0800][info] GC(261) Concurrent Clear Claimed Marks 0.019ms
[2024-10-12T11:09:43.403+0800][info] GC(261) Concurrent Scan Root Regions
[2024-10-12T11:09:43.403+0800][info] GC(261) Concurrent Scan Root Regions 0.154ms
[2024-10-12T11:09:43.403+0800][info] GC(261) Concurrent Mark
[2024-10-12T11:09:43.403+0800][info] GC(261) Concurrent Mark From Roots
[2024-10-12T11:09:43.403+0800][info] GC(261) Using 12 workers of 12 for marking
[2024-10-12T11:09:43.407+0800][info] GC(261) Concurrent Mark From Roots 3.630ms
[2024-10-12T11:09:43.407+0800][info] GC(261) Concurrent Preclean
[2024-10-12T11:09:43.409+0800][info] GC(261) Concurrent Preclean 1.752ms
[2024-10-12T11:09:43.409+0800][info] GC(261) Pause Remark
[2024-10-12T11:09:43.410+0800][info] GC(261) Pause Remark 111M->110M(128M) 1.578ms
[2024-10-12T11:09:43.410+0800][info] GC(261) User=0.00s Sys=0.00s Real=0.00s
[2024-10-12T11:09:43.410+0800][info] GC(261) Concurrent Mark 7.163ms
[2024-10-12T11:09:43.410+0800][info] GC(261) Concurrent Rebuild Remembered Sets
[2024-10-12T11:09:43.411+0800][info] GC(261) Concurrent Rebuild Remembered Sets 0.979ms
[2024-10-12T11:09:43.411+0800][info] GC(261) Pause Cleanup
[2024-10-12T11:09:43.412+0800][info] GC(261) Pause Cleanup 110M->110M(128M) 0.200ms
[2024-10-12T11:09:43.412+0800][info] GC(261) User=0.00s Sys=0.00s Real=0.00s
[2024-10-12T11:09:43.412+0800][info] GC(261) Concurrent Cleanup for Next Mark
[2024-10-12T11:09:43.412+0800][info] GC(261) Concurrent Cleanup for Next Mark 0.463ms
[2024-10-12T11:09:43.412+0800][info] GC(261) Concurrent Mark Cycle 9.277ms
[2024-10-12T11:09:43.516+0800][info] GC(262) Pause Young (Prepare Mixed) (G1 Preventive Collection)
[2024-10-12T11:09:43.516+0800][info] GC(262) Using 3 workers of 48 for evacuation
[2024-10-12T11:09:43.517+0800][info] GC(262)   Pre Evacuate Collection Set: 0.1ms
[2024-10-12T11:09:43.517+0800][info] GC(262)   Merge Heap Roots: 0.1ms
[2024-10-12T11:09:43.517+0800][info] GC(262)   Evacuate Collection Set: 0.8ms
[2024-10-12T11:09:43.517+0800][info] GC(262)   Post Evacuate Collection Set: 0.2ms
[2024-10-12T11:09:43.517+0800][info] GC(262)   Other: 0.3ms
[2024-10-12T11:09:43.517+0800][info] GC(262) Eden regions: 1->0(2)
[2024-10-12T11:09:43.517+0800][info] GC(262) Survivor regions: 1->1(1)
[2024-10-12T11:09:43.517+0800][info] GC(262) Old regions: 55->56
[2024-10-12T11:09:43.517+0800][info] GC(262) Archive regions: 2->2
[2024-10-12T11:09:43.517+0800][info] GC(262) Humongous regions: 3->3
[2024-10-12T11:09:43.517+0800][info] GC(262) Metaspace: 1634K(1792K)->1634K(1792K) NonClass: 1509K(1600K)->1509K(1600K) Class: 124K(192K)->124K(192K)
[2024-10-12T11:09:43.517+0800][info] GC(262) Pause Young (Prepare Mixed) (G1 Preventive Collection) 111M->111M(128M) 1.630ms
[2024-10-12T11:09:43.517+0800][info] GC(262) User=0.00s Sys=0.00s Real=0.00s
[2024-10-12T11:09:43.558+0800][info] GC(263) Pause Young (Mixed) (G1 Preventive Collection)
[2024-10-12T11:09:43.558+0800][info] GC(263) Using 3 workers of 48 for evacuation
[2024-10-12T11:09:43.561+0800][info] GC(263) To-space exhausted
[2024-10-12T11:09:43.561+0800][info] GC(263)   Pre Evacuate Collection Set: 0.2ms
[2024-10-12T11:09:43.561+0800][info] GC(263)   Merge Heap Roots: 0.1ms
[2024-10-12T11:09:43.561+0800][info] GC(263)   Evacuate Collection Set: 1.2ms
[2024-10-12T11:09:43.561+0800][info] GC(263)   Post Evacuate Collection Set: 1.0ms
[2024-10-12T11:09:43.561+0800][info] GC(263)   Other: 0.3ms
[2024-10-12T11:09:43.561+0800][info] GC(263) Eden regions: 1->0(2)
[2024-10-12T11:09:43.561+0800][info] GC(263) Survivor regions: 1->1(1)
[2024-10-12T11:09:43.561+0800][info] GC(263) Old regions: 56->57
[2024-10-12T11:09:43.561+0800][info] GC(263) Archive regions: 2->2
[2024-10-12T11:09:43.561+0800][info] GC(263) Humongous regions: 3->3
[2024-10-12T11:09:43.561+0800][info] GC(263) Metaspace: 1634K(1792K)->1634K(1792K) NonClass: 1509K(1600K)->1509K(1600K) Class: 124K(192K)->124K(192K)
[2024-10-12T11:09:43.561+0800][info] GC(263) Pause Young (Mixed) (G1 Preventive Collection) 113M->113M(128M) 2.797ms
[2024-10-12T11:09:43.561+0800][info] GC(263) User=0.01s Sys=0.00s Real=0.00s
[2024-10-12T11:09:43.623+0800][info] GC(264) Pause Young (Concurrent Start) (G1 Evacuation Pause)
[2024-10-12T11:09:43.623+0800][info] GC(264) Using 3 workers of 48 for evacuation
[2024-10-12T11:09:43.624+0800][info] GC(264) To-space exhausted
[2024-10-12T11:09:43.624+0800][info] GC(264)   Pre Evacuate Collection Set: 0.1ms
[2024-10-12T11:09:43.624+0800][info] GC(264)   Merge Heap Roots: 0.1ms
[2024-10-12T11:09:43.624+0800][info] GC(264)   Evacuate Collection Set: 0.5ms
[2024-10-12T11:09:43.624+0800][info] GC(264)   Post Evacuate Collection Set: 0.3ms
[2024-10-12T11:09:43.624+0800][info] GC(264)   Other: 0.4ms
[2024-10-12T11:09:43.624+0800][info] GC(264) Eden regions: 1->0(3)
[2024-10-12T11:09:43.624+0800][info] GC(264) Survivor regions: 1->0(0)
[2024-10-12T11:09:43.624+0800][info] GC(264) Old regions: 57->59
[2024-10-12T11:09:43.624+0800][info] GC(264) Archive regions: 2->2
[2024-10-12T11:09:43.624+0800][info] GC(264) Humongous regions: 3->3
[2024-10-12T11:09:43.624+0800][info] GC(264) Metaspace: 1634K(1792K)->1634K(1792K) NonClass: 1509K(1600K)->1509K(1600K) Class: 124K(192K)->124K(192K)
[2024-10-12T11:09:43.625+0800][info] GC(264) Pause Young (Concurrent Start) (G1 Evacuation Pause) 115M->115M(128M) 1.417ms
[2024-10-12T11:09:43.625+0800][info] GC(264) User=0.00s Sys=0.00s Real=0.00s
[2024-10-12T11:09:43.625+0800][info] Attempting full compaction
[2024-10-12T11:09:43.625+0800][info] GC(265) Concurrent Mark Cycle
[2024-10-12T11:09:43.625+0800][info] GC(266) Using 3 workers of 48 for full compaction
[2024-10-12T11:09:43.625+0800][info] GC(265) Concurrent Clear Claimed Marks
[2024-10-12T11:09:43.625+0800][info] GC(265) Concurrent Clear Claimed Marks 0.060ms
[2024-10-12T11:09:43.625+0800][info] GC(265) Concurrent Scan Root Regions
[2024-10-12T11:09:43.625+0800][info] GC(266) Pause Full (G1 Compaction Pause)
[2024-10-12T11:09:43.625+0800][info] GC(265) Concurrent Scan Root Regions 0.028ms
[2024-10-12T11:09:43.625+0800][info] GC(265) Concurrent Mark
[2024-10-12T11:09:43.625+0800][info] GC(265) Concurrent Mark From Roots
[2024-10-12T11:09:43.625+0800][info] GC(265) Using 12 workers of 12 for marking
[2024-10-12T11:09:43.625+0800][info] GC(266) Phase 1: Mark live objects
[2024-10-12T11:09:43.628+0800][info] GC(266) Phase 1: Mark live objects 2.979ms
[2024-10-12T11:09:43.628+0800][info] GC(266) Phase 2: Prepare for compaction
[2024-10-12T11:09:43.629+0800][info] GC(266) Phase 2: Prepare for compaction 0.429ms
[2024-10-12T11:09:43.629+0800][info] GC(266) Phase 3: Adjust pointers
[2024-10-12T11:09:43.630+0800][info] GC(266) Phase 3: Adjust pointers 1.558ms
[2024-10-12T11:09:43.630+0800][info] GC(266) Phase 4: Compact heap
[2024-10-12T11:09:43.639+0800][info] GC(266) Phase 4: Compact heap 9.268ms
[2024-10-12T11:09:43.641+0800][info] GC(266) Eden regions: 0->0(4)
[2024-10-12T11:09:43.641+0800][info] GC(266) Survivor regions: 0->0(0)
[2024-10-12T11:09:43.641+0800][info] GC(266) Old regions: 59->38
[2024-10-12T11:09:43.641+0800][info] GC(266) Archive regions: 2->2
[2024-10-12T11:09:43.641+0800][info] GC(266) Humongous regions: 3->3
[2024-10-12T11:09:43.641+0800][info] GC(266) Metaspace: 1634K(1792K)->1634K(1792K) NonClass: 1509K(1600K)->1509K(1600K) Class: 124K(192K)->124K(192K)
[2024-10-12T11:09:43.641+0800][info] GC(266) Pause Full (G1 Compaction Pause) 115M->72M(128M) 16.246ms
[2024-10-12T11:09:43.641+0800][info] GC(266) User=0.04s Sys=0.00s Real=0.02s
[2024-10-12T11:09:43.641+0800][info] GC(265) Concurrent Mark From Roots 16.392ms
[2024-10-12T11:09:43.641+0800][info] GC(265) Concurrent Mark Abort
[2024-10-12T11:09:43.641+0800][info] GC(265) Concurrent Mark Cycle 16.671ms
[2024-10-12T11:09:43.785+0800][info] GC(267) Pause Young (Concurrent Start) (G1 Humongous Allocation)
[2024-10-12T11:09:43.785+0800][info] GC(267) Using 3 workers of 48 for evacuation
[2024-10-12T11:09:43.787+0800][info] GC(267)   Pre Evacuate Collection Set: 0.1ms
[2024-10-12T11:09:43.787+0800][info] GC(267)   Merge Heap Roots: 0.1ms
[2024-10-12T11:09:43.787+0800][info] GC(267)   Evacuate Collection Set: 1.2ms
[2024-10-12T11:09:43.787+0800][info] GC(267)   Post Evacuate Collection Set: 0.2ms
[2024-10-12T11:09:43.787+0800][info] GC(267)   Other: 0.4ms
[2024-10-12T11:09:43.787+0800][info] GC(267) Eden regions: 3->0(3)
[2024-10-12T11:09:43.787+0800][info] GC(267) Survivor regions: 0->1(1)
[2024-10-12T11:09:43.787+0800][info] GC(267) Old regions: 38->40
[2024-10-12T11:09:43.787+0800][info] GC(267) Archive regions: 2->2
[2024-10-12T11:09:43.787+0800][info] GC(267) Humongous regions: 3->3
[2024-10-12T11:09:43.787+0800][info] GC(267) Metaspace: 1634K(1792K)->1634K(1792K) NonClass: 1509K(1600K)->1509K(1600K) Class: 124K(192K)->124K(192K)
[2024-10-12T11:09:43.787+0800][info] GC(267) Pause Young (Concurrent Start) (G1 Humongous Allocation) 77M->78M(128M) 2.123ms
[2024-10-12T11:09:43.787+0800][info] GC(267) User=0.00s Sys=0.00s Real=0.01s
[2024-10-12T11:09:43.787+0800][info] GC(268) Concurrent Mark Cycle
[2024-10-12T11:09:43.787+0800][info] GC(268) Concurrent Clear Claimed Marks
[2024-10-12T11:09:43.787+0800][info] GC(268) Concurrent Clear Claimed Marks 0.019ms
[2024-10-12T11:09:43.787+0800][info] GC(268) Concurrent Scan Root Regions
[2024-10-12T11:09:43.787+0800][info] GC(268) Concurrent Scan Root Regions 0.154ms
[2024-10-12T11:09:43.787+0800][info] GC(268) Concurrent Mark
[2024-10-12T11:09:43.787+0800][info] GC(268) Concurrent Mark From Roots
[2024-10-12T11:09:43.787+0800][info] GC(268) Using 12 workers of 12 for marking
[2024-10-12T11:09:43.790+0800][info] GC(268) Concurrent Mark From Roots 3.429ms
[2024-10-12T11:09:43.790+0800][info] GC(268) Concurrent Preclean
[2024-10-12T11:09:43.792+0800][info] GC(268) Concurrent Preclean 1.746ms
[2024-10-12T11:09:43.792+0800][info] GC(268) Pause Remark
[2024-10-12T11:09:43.794+0800][info] GC(268) Pause Remark 80M->80M(128M) 1.474ms
[2024-10-12T11:09:43.794+0800][info] GC(268) User=0.01s Sys=0.00s Real=0.01s
[2024-10-12T11:09:43.794+0800][info] GC(268) Concurrent Mark 6.822ms
[2024-10-12T11:09:43.794+0800][info] GC(268) Concurrent Rebuild Remembered Sets
[2024-10-12T11:09:43.795+0800][info] GC(268) Concurrent Rebuild Remembered Sets 0.862ms
[2024-10-12T11:09:43.795+0800][info] GC(268) Pause Cleanup
[2024-10-12T11:09:43.795+0800][info] GC(268) Pause Cleanup 80M->80M(128M) 0.137ms
[2024-10-12T11:09:43.795+0800][info] GC(268) User=0.00s Sys=0.00s Real=0.00s
[2024-10-12T11:09:43.795+0800][info] GC(268) Concurrent Cleanup for Next Mark
[2024-10-12T11:09:43.795+0800][info] GC(268) Concurrent Cleanup for Next Mark 0.417ms
[2024-10-12T11:09:43.795+0800][info] GC(268) Concurrent Mark Cycle 8.654ms
[2024-10-12T11:09:44.022+0800][info] GC(269) Pause Young (Prepare Mixed) (G1 Evacuation Pause)
[2024-10-12T11:09:44.022+0800][info] GC(269) Using 3 workers of 48 for evacuation
[2024-10-12T11:09:44.024+0800][info] GC(269)   Pre Evacuate Collection Set: 0.1ms
[2024-10-12T11:09:44.024+0800][info] GC(269)   Merge Heap Roots: 0.1ms
[2024-10-12T11:09:44.024+0800][info] GC(269)   Evacuate Collection Set: 1.2ms
[2024-10-12T11:09:44.024+0800][info] GC(269)   Post Evacuate Collection Set: 0.2ms
[2024-10-12T11:09:44.024+0800][info] GC(269)   Other: 0.2ms
[2024-10-12T11:09:44.024+0800][info] GC(269) Eden regions: 3->0(2)
[2024-10-12T11:09:44.024+0800][info] GC(269) Survivor regions: 1->1(1)
[2024-10-12T11:09:44.024+0800][info] GC(269) Old regions: 40->43
[2024-10-12T11:09:44.024+0800][info] GC(269) Archive regions: 2->2
[2024-10-12T11:09:44.024+0800][info] GC(269) Humongous regions: 4->3
[2024-10-12T11:09:44.024+0800][info] GC(269) Metaspace: 1634K(1792K)->1634K(1792K) NonClass: 1510K(1600K)->1510K(1600K) Class: 124K(192K)->124K(192K)
[2024-10-12T11:09:44.024+0800][info] GC(269) Pause Young (Prepare Mixed) (G1 Evacuation Pause) 85M->83M(128M) 1.979ms
[2024-10-12T11:09:44.024+0800][info] GC(269) User=0.01s Sys=0.00s Real=0.00s
[2024-10-12T11:09:44.066+0800][info] GC(270) Pause Young (Mixed) (G1 Preventive Collection)
[2024-10-12T11:09:44.066+0800][info] GC(270) Using 3 workers of 48 for evacuation
[2024-10-12T11:09:44.072+0800][info] GC(270) To-space exhausted
[2024-10-12T11:09:44.072+0800][info] GC(270)   Pre Evacuate Collection Set: 0.2ms
[2024-10-12T11:09:44.072+0800][info] GC(270)   Merge Heap Roots: 0.1ms
[2024-10-12T11:09:44.072+0800][info] GC(270)   Evacuate Collection Set: 5.1ms
[2024-10-12T11:09:44.072+0800][info] GC(270)   Post Evacuate Collection Set: 0.5ms
[2024-10-12T11:09:44.072+0800][info] GC(270)   Other: 0.2ms
[2024-10-12T11:09:44.072+0800][info] GC(270) Eden regions: 1->0(2)
[2024-10-12T11:09:44.072+0800][info] GC(270) Survivor regions: 1->1(1)
[2024-10-12T11:09:44.072+0800][info] GC(270) Old regions: 43->46
[2024-10-12T11:09:44.072+0800][info] GC(270) Archive regions: 2->2
[2024-10-12T11:09:44.072+0800][info] GC(270) Humongous regions: 3->3
[2024-10-12T11:09:44.072+0800][info] GC(270) Metaspace: 1634K(1792K)->1634K(1792K) NonClass: 1510K(1600K)->1510K(1600K) Class: 124K(192K)->124K(192K)
[2024-10-12T11:09:44.072+0800][info] GC(270) Pause Young (Mixed) (G1 Preventive Collection) 85M->94M(128M) 6.221ms
[2024-10-12T11:09:44.072+0800][info] GC(270) User=0.01s Sys=0.00s Real=0.00s
[2024-10-12T11:09:44.174+0800][info] GC(271) Pause Young (Concurrent Start) (G1 Evacuation Pause)
[2024-10-12T11:09:44.175+0800][info] GC(271) Using 3 workers of 48 for evacuation
[2024-10-12T11:09:44.176+0800][info] GC(271)   Pre Evacuate Collection Set: 0.1ms
[2024-10-12T11:09:44.176+0800][info] GC(271)   Merge Heap Roots: 0.1ms
[2024-10-12T11:09:44.176+0800][info] GC(271)   Evacuate Collection Set: 1.1ms
[2024-10-12T11:09:44.176+0800][info] GC(271)   Post Evacuate Collection Set: 0.2ms
[2024-10-12T11:09:44.176+0800][info] GC(271)   Other: 0.4ms
[2024-10-12T11:09:44.176+0800][info] GC(271) Eden regions: 2->0(2)
[2024-10-12T11:09:44.176+0800][info] GC(271) Survivor regions: 1->1(1)
[2024-10-12T11:09:44.176+0800][info] GC(271) Old regions: 46->48
[2024-10-12T11:09:44.176+0800][info] GC(271) Archive regions: 2->2
[2024-10-12T11:09:44.176+0800][info] GC(271) Humongous regions: 3->3
[2024-10-12T11:09:44.177+0800][info] GC(271) Metaspace: 1634K(1792K)->1634K(1792K) NonClass: 1510K(1600K)->1510K(1600K) Class: 124K(192K)->124K(192K)
[2024-10-12T11:09:44.177+0800][info] GC(271) Pause Young (Concurrent Start) (G1 Evacuation Pause) 98M->98M(128M) 2.057ms
[2024-10-12T11:09:44.177+0800][info] GC(271) User=0.00s Sys=0.00s Real=0.00s
[2024-10-12T11:09:44.177+0800][info] GC(272) Concurrent Mark Cycle
[2024-10-12T11:09:44.177+0800][info] GC(272) Concurrent Clear Claimed Marks
[2024-10-12T11:09:44.177+0800][info] GC(272) Concurrent Clear Claimed Marks 0.020ms
[2024-10-12T11:09:44.177+0800][info] GC(272) Concurrent Scan Root Regions
[2024-10-12T11:09:44.177+0800][info] GC(272) Concurrent Scan Root Regions 0.190ms
[2024-10-12T11:09:44.177+0800][info] GC(272) Concurrent Mark
[2024-10-12T11:09:44.177+0800][info] GC(272) Concurrent Mark From Roots
[2024-10-12T11:09:44.177+0800][info] GC(272) Using 12 workers of 12 for marking
[2024-10-12T11:09:44.181+0800][info] GC(272) Concurrent Mark From Roots 3.706ms
[2024-10-12T11:09:44.181+0800][info] GC(272) Concurrent Preclean
[2024-10-12T11:09:44.182+0800][info] GC(272) Concurrent Preclean 1.729ms
[2024-10-12T11:09:44.182+0800][info] GC(272) Pause Remark
[2024-10-12T11:09:44.184+0800][info] GC(272) Pause Remark 98M->98M(128M) 1.566ms
[2024-10-12T11:09:44.184+0800][info] GC(272) User=0.00s Sys=0.00s Real=0.00s
[2024-10-12T11:09:44.184+0800][info] GC(272) Concurrent Mark 7.210ms
[2024-10-12T11:09:44.184+0800][info] GC(272) Concurrent Rebuild Remembered Sets
[2024-10-12T11:09:44.185+0800][info] GC(272) Concurrent Rebuild Remembered Sets 1.311ms
[2024-10-12T11:09:44.186+0800][info] GC(272) Pause Cleanup
[2024-10-12T11:09:44.186+0800][info] GC(272) Pause Cleanup 98M->98M(128M) 0.210ms
[2024-10-12T11:09:44.186+0800][info] GC(272) User=0.00s Sys=0.00s Real=0.00s
[2024-10-12T11:09:44.186+0800][info] GC(272) Concurrent Cleanup for Next Mark
[2024-10-12T11:09:44.186+0800][info] GC(272) Concurrent Cleanup for Next Mark 0.394ms
[2024-10-12T11:09:44.186+0800][info] GC(272) Concurrent Mark Cycle 9.634ms
[2024-10-12T11:09:44.330+0800][info] GC(273) Pause Young (Prepare Mixed) (G1 Evacuation Pause)
[2024-10-12T11:09:44.330+0800][info] GC(273) Using 3 workers of 48 for evacuation
[2024-10-12T11:09:44.332+0800][info] GC(273)   Pre Evacuate Collection Set: 0.1ms
[2024-10-12T11:09:44.332+0800][info] GC(273)   Merge Heap Roots: 0.1ms
[2024-10-12T11:09:44.332+0800][info] GC(273)   Evacuate Collection Set: 1.0ms
[2024-10-12T11:09:44.332+0800][info] GC(273)   Post Evacuate Collection Set: 0.2ms
[2024-10-12T11:09:44.332+0800][info] GC(273)   Other: 0.2ms
[2024-10-12T11:09:44.332+0800][info] GC(273) Eden regions: 2->0(2)
[2024-10-12T11:09:44.332+0800][info] GC(273) Survivor regions: 1->1(1)
[2024-10-12T11:09:44.332+0800][info] GC(273) Old regions: 48->50
[2024-10-12T11:09:44.332+0800][info] GC(273) Archive regions: 2->2
[2024-10-12T11:09:44.332+0800][info] GC(273) Humongous regions: 3->3
[2024-10-12T11:09:44.332+0800][info] GC(273) Metaspace: 1634K(1792K)->1634K(1792K) NonClass: 1510K(1600K)->1510K(1600K) Class: 124K(192K)->124K(192K)
[2024-10-12T11:09:44.332+0800][info] GC(273) Pause Young (Prepare Mixed) (G1 Evacuation Pause) 101M->102M(128M) 1.814ms
[2024-10-12T11:09:44.332+0800][info] GC(273) User=0.01s Sys=0.00s Real=0.00s
[2024-10-12T11:09:44.393+0800][info] GC(274) Pause Young (Mixed) (G1 Preventive Collection)
[2024-10-12T11:09:44.393+0800][info] GC(274) Using 3 workers of 48 for evacuation
[2024-10-12T11:09:44.398+0800][info] GC(274) To-space exhausted
[2024-10-12T11:09:44.398+0800][info] GC(274)   Pre Evacuate Collection Set: 0.2ms
[2024-10-12T11:09:44.398+0800][info] GC(274)   Merge Heap Roots: 0.1ms
[2024-10-12T11:09:44.398+0800][info] GC(274)   Evacuate Collection Set: 3.3ms
[2024-10-12T11:09:44.398+0800][info] GC(274)   Post Evacuate Collection Set: 0.7ms
[2024-10-12T11:09:44.398+0800][info] GC(274)   Other: 0.2ms
[2024-10-12T11:09:44.398+0800][info] GC(274) Eden regions: 1->0(2)
[2024-10-12T11:09:44.398+0800][info] GC(274) Survivor regions: 1->1(1)
[2024-10-12T11:09:44.398+0800][info] GC(274) Old regions: 50->51
[2024-10-12T11:09:44.398+0800][info] GC(274) Archive regions: 2->2
[2024-10-12T11:09:44.398+0800][info] GC(274) Humongous regions: 3->3
[2024-10-12T11:09:44.398+0800][info] GC(274) Metaspace: 1634K(1792K)->1634K(1792K) NonClass: 1510K(1600K)->1510K(1600K) Class: 124K(192K)->124K(192K)
[2024-10-12T11:09:44.398+0800][info] GC(274) Pause Young (Mixed) (G1 Preventive Collection) 104M->106M(128M) 4.667ms
[2024-10-12T11:09:44.398+0800][info] GC(274) User=0.01s Sys=0.00s Real=0.00s
[2024-10-12T11:09:44.501+0800][info] GC(275) Pause Young (Concurrent Start) (G1 Evacuation Pause)
[2024-10-12T11:09:44.501+0800][info] GC(275) Using 3 workers of 48 for evacuation
[2024-10-12T11:09:44.503+0800][info] GC(275)   Pre Evacuate Collection Set: 0.1ms
[2024-10-12T11:09:44.503+0800][info] GC(275)   Merge Heap Roots: 0.1ms
[2024-10-12T11:09:44.503+0800][info] GC(275)   Evacuate Collection Set: 1.5ms
[2024-10-12T11:09:44.503+0800][info] GC(275)   Post Evacuate Collection Set: 0.2ms
[2024-10-12T11:09:44.503+0800][info] GC(275)   Other: 0.4ms
[2024-10-12T11:09:44.503+0800][info] GC(275) Eden regions: 2->0(2)
[2024-10-12T11:09:44.503+0800][info] GC(275) Survivor regions: 1->1(1)
[2024-10-12T11:09:44.503+0800][info] GC(275) Old regions: 51->53
[2024-10-12T11:09:44.503+0800][info] GC(275) Archive regions: 2->2
[2024-10-12T11:09:44.503+0800][info] GC(275) Humongous regions: 3->3
[2024-10-12T11:09:44.503+0800][info] GC(275) Metaspace: 1635K(1792K)->1635K(1792K) NonClass: 1511K(1600K)->1511K(1600K) Class: 124K(192K)->124K(192K)
[2024-10-12T11:09:44.503+0800][info] GC(275) Pause Young (Concurrent Start) (G1 Evacuation Pause) 110M->110M(128M) 2.358ms
[2024-10-12T11:09:44.503+0800][info] GC(275) User=0.00s Sys=0.00s Real=0.00s
[2024-10-12T11:09:44.503+0800][info] GC(276) Concurrent Mark Cycle
[2024-10-12T11:09:44.503+0800][info] GC(276) Concurrent Clear Claimed Marks
[2024-10-12T11:09:44.503+0800][info] GC(276) Concurrent Clear Claimed Marks 0.019ms
[2024-10-12T11:09:44.503+0800][info] GC(276) Concurrent Scan Root Regions
[2024-10-12T11:09:44.503+0800][info] GC(276) Concurrent Scan Root Regions 0.151ms
[2024-10-12T11:09:44.503+0800][info] GC(276) Concurrent Mark
[2024-10-12T11:09:44.503+0800][info] GC(276) Concurrent Mark From Roots
[2024-10-12T11:09:44.503+0800][info] GC(276) Using 12 workers of 12 for marking
[2024-10-12T11:09:44.507+0800][info] GC(276) Concurrent Mark From Roots 3.486ms
[2024-10-12T11:09:44.507+0800][info] GC(276) Concurrent Preclean
[2024-10-12T11:09:44.508+0800][info] GC(276) Concurrent Preclean 1.752ms
[2024-10-12T11:09:44.509+0800][info] GC(276) Pause Remark
[2024-10-12T11:09:44.510+0800][info] GC(276) Pause Remark 110M->110M(128M) 1.546ms
[2024-10-12T11:09:44.510+0800][info] GC(276) User=0.00s Sys=0.00s Real=0.00s
[2024-10-12T11:09:44.510+0800][info] GC(276) Concurrent Mark 6.986ms
[2024-10-12T11:09:44.510+0800][info] GC(276) Concurrent Rebuild Remembered Sets
[2024-10-12T11:09:44.511+0800][info] GC(276) Concurrent Rebuild Remembered Sets 1.086ms
[2024-10-12T11:09:44.511+0800][info] GC(276) Pause Cleanup
[2024-10-12T11:09:44.512+0800][info] GC(276) Pause Cleanup 110M->110M(128M) 0.184ms
[2024-10-12T11:09:44.512+0800][info] GC(276) User=0.00s Sys=0.00s Real=0.00s
[2024-10-12T11:09:44.512+0800][info] GC(276) Concurrent Cleanup for Next Mark
[2024-10-12T11:09:44.512+0800][info] GC(276) Concurrent Cleanup for Next Mark 0.397ms
[2024-10-12T11:09:44.512+0800][info] GC(276) Concurrent Mark Cycle 9.114ms
[2024-10-12T11:09:44.657+0800][info] GC(277) Pause Young (Prepare Mixed) (G1 Preventive Collection)
[2024-10-12T11:09:44.657+0800][info] GC(277) Using 3 workers of 48 for evacuation
[2024-10-12T11:09:44.659+0800][info] GC(277)   Pre Evacuate Collection Set: 0.1ms
[2024-10-12T11:09:44.659+0800][info] GC(277)   Merge Heap Roots: 0.1ms
[2024-10-12T11:09:44.659+0800][info] GC(277)   Evacuate Collection Set: 1.4ms
[2024-10-12T11:09:44.659+0800][info] GC(277)   Post Evacuate Collection Set: 0.2ms
[2024-10-12T11:09:44.659+0800][info] GC(277)   Other: 0.3ms
[2024-10-12T11:09:44.659+0800][info] GC(277) Eden regions: 2->0(2)
[2024-10-12T11:09:44.659+0800][info] GC(277) Survivor regions: 1->1(1)
[2024-10-12T11:09:44.659+0800][info] GC(277) Old regions: 53->55
[2024-10-12T11:09:44.659+0800][info] GC(277) Archive regions: 2->2
[2024-10-12T11:09:44.659+0800][info] GC(277) Humongous regions: 3->3
[2024-10-12T11:09:44.659+0800][info] GC(277) Metaspace: 1635K(1792K)->1635K(1792K) NonClass: 1511K(1600K)->1511K(1600K) Class: 124K(192K)->124K(192K)
[2024-10-12T11:09:44.659+0800][info] GC(277) Pause Young (Prepare Mixed) (G1 Preventive Collection) 113M->114M(128M) 2.186ms
[2024-10-12T11:09:44.659+0800][info] GC(277) User=0.00s Sys=0.01s Real=0.00s
[2024-10-12T11:09:44.720+0800][info] GC(278) Pause Young (Mixed) (G1 Preventive Collection)
[2024-10-12T11:09:44.720+0800][info] GC(278) Using 3 workers of 48 for evacuation
[2024-10-12T11:09:44.724+0800][info] GC(278) To-space exhausted
[2024-10-12T11:09:44.724+0800][info] GC(278)   Pre Evacuate Collection Set: 0.2ms
[2024-10-12T11:09:44.724+0800][info] GC(278)   Merge Heap Roots: 0.1ms
[2024-10-12T11:09:44.724+0800][info] GC(278)   Evacuate Collection Set: 2.2ms
[2024-10-12T11:09:44.724+0800][info] GC(278)   Post Evacuate Collection Set: 1.0ms
[2024-10-12T11:09:44.724+0800][info] GC(278)   Other: 0.2ms
[2024-10-12T11:09:44.724+0800][info] GC(278) Eden regions: 1->0(2)
[2024-10-12T11:09:44.724+0800][info] GC(278) Survivor regions: 1->1(1)
[2024-10-12T11:09:44.724+0800][info] GC(278) Old regions: 55->55
[2024-10-12T11:09:44.724+0800][info] GC(278) Archive regions: 2->2
[2024-10-12T11:09:44.724+0800][info] GC(278) Humongous regions: 3->3
[2024-10-12T11:09:44.724+0800][info] GC(278) Metaspace: 1635K(1792K)->1635K(1792K) NonClass: 1511K(1600K)->1511K(1600K) Class: 124K(192K)->124K(192K)
[2024-10-12T11:09:44.724+0800][info] GC(278) Pause Young (Mixed) (G1 Preventive Collection) 116M->114M(128M) 3.729ms
[2024-10-12T11:09:44.724+0800][info] GC(278) User=0.00s Sys=0.00s Real=0.00s
[2024-10-12T11:09:44.765+0800][info] GC(279) Pause Young (Concurrent Start) (G1 Preventive Collection)
[2024-10-12T11:09:44.765+0800][info] GC(279) Using 3 workers of 48 for evacuation
[2024-10-12T11:09:44.767+0800][info] GC(279)   Pre Evacuate Collection Set: 0.1ms
[2024-10-12T11:09:44.767+0800][info] GC(279)   Merge Heap Roots: 0.1ms
[2024-10-12T11:09:44.767+0800][info] GC(279)   Evacuate Collection Set: 1.2ms
[2024-10-12T11:09:44.767+0800][info] GC(279)   Post Evacuate Collection Set: 0.2ms
[2024-10-12T11:09:44.767+0800][info] GC(279)   Other: 0.4ms
[2024-10-12T11:09:44.767+0800][info] GC(279) Eden regions: 1->0(2)
[2024-10-12T11:09:44.767+0800][info] GC(279) Survivor regions: 1->1(1)
[2024-10-12T11:09:44.767+0800][info] GC(279) Old regions: 55->56
[2024-10-12T11:09:44.767+0800][info] GC(279) Archive regions: 2->2
[2024-10-12T11:09:44.767+0800][info] GC(279) Humongous regions: 3->3
[2024-10-12T11:09:44.767+0800][info] GC(279) Metaspace: 1635K(1792K)->1635K(1792K) NonClass: 1511K(1600K)->1511K(1600K) Class: 124K(192K)->124K(192K)
[2024-10-12T11:09:44.768+0800][info] GC(279) Pause Young (Concurrent Start) (G1 Preventive Collection) 116M->116M(128M) 2.067ms
[2024-10-12T11:09:44.768+0800][info] GC(279) User=0.01s Sys=0.00s Real=0.00s
[2024-10-12T11:09:44.768+0800][info] GC(280) Concurrent Mark Cycle
[2024-10-12T11:09:44.768+0800][info] GC(280) Concurrent Clear Claimed Marks
[2024-10-12T11:09:44.768+0800][info] GC(280) Concurrent Clear Claimed Marks 0.019ms
[2024-10-12T11:09:44.768+0800][info] GC(280) Concurrent Scan Root Regions
[2024-10-12T11:09:44.768+0800][info] GC(280) Concurrent Scan Root Regions 0.147ms
[2024-10-12T11:09:44.768+0800][info] GC(280) Concurrent Mark
[2024-10-12T11:09:44.768+0800][info] GC(280) Concurrent Mark From Roots
[2024-10-12T11:09:44.768+0800][info] GC(280) Using 12 workers of 12 for marking
[2024-10-12T11:09:44.772+0800][info] GC(280) Concurrent Mark From Roots 3.739ms
[2024-10-12T11:09:44.772+0800][info] GC(280) Concurrent Preclean
[2024-10-12T11:09:44.773+0800][info] GC(280) Concurrent Preclean 1.706ms
[2024-10-12T11:09:44.773+0800][info] GC(280) Pause Remark
[2024-10-12T11:09:44.775+0800][info] GC(280) Pause Remark 116M->116M(128M) 1.522ms
[2024-10-12T11:09:44.775+0800][info] GC(280) User=0.01s Sys=0.00s Real=0.00s
[2024-10-12T11:09:44.775+0800][info] GC(280) Concurrent Mark 7.211ms
[2024-10-12T11:09:44.775+0800][info] GC(280) Concurrent Rebuild Remembered Sets
[2024-10-12T11:09:44.776+0800][info] GC(280) Concurrent Rebuild Remembered Sets 1.201ms
[2024-10-12T11:09:44.776+0800][info] GC(280) Pause Cleanup
[2024-10-12T11:09:44.777+0800][info] GC(280) Pause Cleanup 116M->116M(128M) 0.227ms
[2024-10-12T11:09:44.777+0800][info] GC(280) User=0.00s Sys=0.00s Real=0.00s
[2024-10-12T11:09:44.777+0800][info] GC(280) Concurrent Cleanup for Next Mark
[2024-10-12T11:09:44.777+0800][info] GC(280) Concurrent Cleanup for Next Mark 0.374ms
[2024-10-12T11:09:44.777+0800][info] GC(280) Concurrent Mark Cycle 9.466ms
[2024-10-12T11:09:44.880+0800][info] GC(281) Pause Young (Prepare Mixed) (G1 Preventive Collection)
[2024-10-12T11:09:44.880+0800][info] GC(281) Using 3 workers of 48 for evacuation
[2024-10-12T11:09:44.881+0800][info] GC(281) To-space exhausted
[2024-10-12T11:09:44.881+0800][info] GC(281)   Pre Evacuate Collection Set: 0.1ms
[2024-10-12T11:09:44.881+0800][info] GC(281)   Merge Heap Roots: 0.1ms
[2024-10-12T11:09:44.881+0800][info] GC(281)   Evacuate Collection Set: 0.5ms
[2024-10-12T11:09:44.881+0800][info] GC(281)   Post Evacuate Collection Set: 0.3ms
[2024-10-12T11:09:44.881+0800][info] GC(281)   Other: 0.2ms
[2024-10-12T11:09:44.881+0800][info] GC(281) Eden regions: 1->0(2)
[2024-10-12T11:09:44.881+0800][info] GC(281) Survivor regions: 1->1(1)
[2024-10-12T11:09:44.881+0800][info] GC(281) Old regions: 56->57
[2024-10-12T11:09:44.881+0800][info] GC(281) Archive regions: 2->2
[2024-10-12T11:09:44.881+0800][info] GC(281) Humongous regions: 3->3
[2024-10-12T11:09:44.881+0800][info] GC(281) Metaspace: 1635K(1792K)->1635K(1792K) NonClass: 1511K(1600K)->1511K(1600K) Class: 124K(192K)->124K(192K)
[2024-10-12T11:09:44.881+0800][info] GC(281) Pause Young (Prepare Mixed) (G1 Preventive Collection) 118M->118M(128M) 1.250ms
[2024-10-12T11:09:44.881+0800][info] GC(281) User=0.00s Sys=0.00s Real=0.00s
[2024-10-12T11:09:44.923+0800][info] GC(282) Pause Young (Mixed) (G1 Evacuation Pause)
[2024-10-12T11:09:44.923+0800][info] GC(282) Using 3 workers of 48 for evacuation
[2024-10-12T11:09:44.927+0800][info] GC(282) To-space exhausted
[2024-10-12T11:09:44.927+0800][info] GC(282)   Pre Evacuate Collection Set: 0.2ms
[2024-10-12T11:09:44.927+0800][info] GC(282)   Merge Heap Roots: 0.1ms
[2024-10-12T11:09:44.927+0800][info] GC(282)   Evacuate Collection Set: 2.7ms
[2024-10-12T11:09:44.927+0800][info] GC(282)   Post Evacuate Collection Set: 1.5ms
[2024-10-12T11:09:44.927+0800][info] GC(282)   Other: 0.2ms
[2024-10-12T11:09:44.927+0800][info] GC(282) Eden regions: 1->0(3)
[2024-10-12T11:09:44.927+0800][info] GC(282) Survivor regions: 1->0(0)
[2024-10-12T11:09:44.927+0800][info] GC(282) Old regions: 57->58
[2024-10-12T11:09:44.927+0800][info] GC(282) Archive regions: 2->2
[2024-10-12T11:09:44.927+0800][info] GC(282) Humongous regions: 3->3
[2024-10-12T11:09:44.927+0800][info] GC(282) Metaspace: 1635K(1792K)->1635K(1792K) NonClass: 1511K(1600K)->1511K(1600K) Class: 124K(192K)->124K(192K)
[2024-10-12T11:09:44.927+0800][info] GC(282) Pause Young (Mixed) (G1 Evacuation Pause) 119M->118M(128M) 4.906ms
[2024-10-12T11:09:44.927+0800][info] GC(282) User=0.01s Sys=0.00s Real=0.01s
[2024-10-12T11:09:44.989+0800][info] GC(283) Pause Young (Concurrent Start) (G1 Evacuation Pause)
[2024-10-12T11:09:44.989+0800][info] GC(283) Using 3 workers of 48 for evacuation
[2024-10-12T11:09:44.991+0800][info] GC(283) To-space exhausted
[2024-10-12T11:09:44.991+0800][info] GC(283)   Pre Evacuate Collection Set: 0.1ms
[2024-10-12T11:09:44.991+0800][info] GC(283)   Merge Heap Roots: 0.1ms
[2024-10-12T11:09:44.991+0800][info] GC(283)   Evacuate Collection Set: 0.9ms
[2024-10-12T11:09:44.991+0800][info] GC(283)   Post Evacuate Collection Set: 0.3ms
[2024-10-12T11:09:44.991+0800][info] GC(283)   Other: 0.4ms
[2024-10-12T11:09:44.991+0800][info] GC(283) Eden regions: 1->0(3)
[2024-10-12T11:09:44.991+0800][info] GC(283) Survivor regions: 0->0(0)
[2024-10-12T11:09:44.991+0800][info] GC(283) Old regions: 58->59
[2024-10-12T11:09:44.991+0800][info] GC(283) Archive regions: 2->2
[2024-10-12T11:09:44.991+0800][info] GC(283) Humongous regions: 3->3
[2024-10-12T11:09:44.991+0800][info] GC(283) Metaspace: 1635K(1792K)->1635K(1792K) NonClass: 1511K(1600K)->1511K(1600K) Class: 124K(192K)->124K(192K)
[2024-10-12T11:09:44.991+0800][info] GC(283) Pause Young (Concurrent Start) (G1 Evacuation Pause) 120M->120M(128M) 1.842ms
[2024-10-12T11:09:44.991+0800][info] GC(283) User=0.00s Sys=0.00s Real=0.00s
[2024-10-12T11:09:44.991+0800][info] Attempting full compaction
[2024-10-12T11:09:44.991+0800][info] GC(285) Concurrent Mark Cycle
[2024-10-12T11:09:44.991+0800][info] GC(285) Concurrent Clear Claimed Marks
[2024-10-12T11:09:44.991+0800][info] GC(284) Using 3 workers of 48 for full compaction
[2024-10-12T11:09:44.991+0800][info] GC(285) Concurrent Clear Claimed Marks 0.032ms
[2024-10-12T11:09:44.991+0800][info] GC(285) Concurrent Scan Root Regions
[2024-10-12T11:09:44.991+0800][info] GC(285) Concurrent Scan Root Regions 0.023ms
[2024-10-12T11:09:44.991+0800][info] GC(285) Concurrent Mark
[2024-10-12T11:09:44.991+0800][info] GC(285) Concurrent Mark From Roots
[2024-10-12T11:09:44.991+0800][info] GC(284) Pause Full (G1 Compaction Pause)
[2024-10-12T11:09:44.991+0800][info] GC(285) Using 12 workers of 12 for marking
[2024-10-12T11:09:44.992+0800][info] GC(284) Phase 1: Mark live objects
[2024-10-12T11:09:44.995+0800][info] GC(284) Phase 1: Mark live objects 3.564ms
[2024-10-12T11:09:44.995+0800][info] GC(284) Phase 2: Prepare for compaction
[2024-10-12T11:09:44.996+0800][info] GC(284) Phase 2: Prepare for compaction 0.663ms
[2024-10-12T11:09:44.996+0800][info] GC(284) Phase 3: Adjust pointers
[2024-10-12T11:09:44.998+0800][info] GC(284) Phase 3: Adjust pointers 1.636ms
[2024-10-12T11:09:44.998+0800][info] GC(284) Phase 4: Compact heap
[2024-10-12T11:09:45.008+0800][info] GC(284) Phase 4: Compact heap 10.410ms
[2024-10-12T11:09:45.010+0800][info] GC(284) Eden regions: 0->0(4)
[2024-10-12T11:09:45.010+0800][info] GC(284) Survivor regions: 0->0(0)
[2024-10-12T11:09:45.010+0800][info] GC(284) Old regions: 59->38
[2024-10-12T11:09:45.010+0800][info] GC(284) Archive regions: 2->2
[2024-10-12T11:09:45.010+0800][info] GC(284) Humongous regions: 3->3
[2024-10-12T11:09:45.010+0800][info] GC(284) Metaspace: 1635K(1792K)->1635K(1792K) NonClass: 1511K(1600K)->1511K(1600K) Class: 124K(192K)->124K(192K)
[2024-10-12T11:09:45.010+0800][info] GC(284) Pause Full (G1 Compaction Pause) 120M->72M(128M) 18.490ms
[2024-10-12T11:09:45.010+0800][info] GC(284) User=0.05s Sys=0.00s Real=0.02s
[2024-10-12T11:09:45.010+0800][info] GC(285) Concurrent Mark From Roots 18.688ms
[2024-10-12T11:09:45.010+0800][info] GC(285) Concurrent Mark Abort
[2024-10-12T11:09:45.010+0800][info] GC(285) Concurrent Mark Cycle 18.938ms
[2024-10-12T11:09:45.215+0800][info] GC(286) Pause Young (Normal) (G1 Evacuation Pause)
[2024-10-12T11:09:45.215+0800][info] GC(286) Using 3 workers of 48 for evacuation
[2024-10-12T11:09:45.217+0800][info] GC(286)   Pre Evacuate Collection Set: 0.1ms
[2024-10-12T11:09:45.217+0800][info] GC(286)   Merge Heap Roots: 0.1ms
[2024-10-12T11:09:45.217+0800][info] GC(286)   Evacuate Collection Set: 1.5ms
[2024-10-12T11:09:45.217+0800][info] GC(286)   Post Evacuate Collection Set: 0.2ms
[2024-10-12T11:09:45.217+0800][info] GC(286)   Other: 0.3ms
[2024-10-12T11:09:45.217+0800][info] GC(286) Eden regions: 4->0(2)
[2024-10-12T11:09:45.217+0800][info] GC(286) Survivor regions: 0->1(1)
[2024-10-12T11:09:45.217+0800][info] GC(286) Old regions: 38->42
[2024-10-12T11:09:45.217+0800][info] GC(286) Archive regions: 2->2
[2024-10-12T11:09:45.217+0800][info] GC(286) Humongous regions: 3->3
[2024-10-12T11:09:45.217+0800][info] GC(286) Metaspace: 1635K(1792K)->1635K(1792K) NonClass: 1511K(1600K)->1511K(1600K) Class: 124K(192K)->124K(192K)
[2024-10-12T11:09:45.217+0800][info] GC(286) Pause Young (Normal) (G1 Evacuation Pause) 79M->80M(128M) 2.261ms
[2024-10-12T11:09:45.217+0800][info] GC(286) User=0.01s Sys=0.00s Real=0.00s
[2024-10-12T11:09:45.319+0800][info] GC(287) Pause Young (Concurrent Start) (G1 Evacuation Pause)
[2024-10-12T11:09:45.320+0800][info] GC(287) Using 3 workers of 48 for evacuation
[2024-10-12T11:09:45.321+0800][info] GC(287)   Pre Evacuate Collection Set: 0.1ms
[2024-10-12T11:09:45.321+0800][info] GC(287)   Merge Heap Roots: 0.1ms
[2024-10-12T11:09:45.321+0800][info] GC(287)   Evacuate Collection Set: 1.0ms
[2024-10-12T11:09:45.321+0800][info] GC(287)   Post Evacuate Collection Set: 0.2ms
[2024-10-12T11:09:45.321+0800][info] GC(287)   Other: 0.4ms
[2024-10-12T11:09:45.321+0800][info] GC(287) Eden regions: 2->0(2)
[2024-10-12T11:09:45.321+0800][info] GC(287) Survivor regions: 1->1(1)
[2024-10-12T11:09:45.321+0800][info] GC(287) Old regions: 42->44
[2024-10-12T11:09:45.321+0800][info] GC(287) Archive regions: 2->2
[2024-10-12T11:09:45.321+0800][info] GC(287) Humongous regions: 3->3
[2024-10-12T11:09:45.321+0800][info] GC(287) Metaspace: 1635K(1792K)->1635K(1792K) NonClass: 1511K(1600K)->1511K(1600K) Class: 124K(192K)->124K(192K)
[2024-10-12T11:09:45.321+0800][info] GC(287) Pause Young (Concurrent Start) (G1 Evacuation Pause) 84M->84M(128M) 1.916ms
[2024-10-12T11:09:45.321+0800][info] GC(287) User=0.00s Sys=0.00s Real=0.00s
[2024-10-12T11:09:45.321+0800][info] GC(288) Concurrent Mark Cycle
[2024-10-12T11:09:45.321+0800][info] GC(288) Concurrent Clear Claimed Marks
[2024-10-12T11:09:45.322+0800][info] GC(288) Concurrent Clear Claimed Marks 0.014ms
[2024-10-12T11:09:45.322+0800][info] GC(288) Concurrent Scan Root Regions
[2024-10-12T11:09:45.322+0800][info] GC(288) Concurrent Scan Root Regions 0.118ms
[2024-10-12T11:09:45.322+0800][info] GC(288) Concurrent Mark
[2024-10-12T11:09:45.322+0800][info] GC(288) Concurrent Mark From Roots
[2024-10-12T11:09:45.322+0800][info] GC(288) Using 12 workers of 12 for marking
[2024-10-12T11:09:45.326+0800][info] GC(288) Concurrent Mark From Roots 4.126ms
[2024-10-12T11:09:45.326+0800][info] GC(288) Concurrent Preclean
[2024-10-12T11:09:45.328+0800][info] GC(288) Concurrent Preclean 1.674ms
[2024-10-12T11:09:45.328+0800][info] GC(288) Pause Remark
[2024-10-12T11:09:45.329+0800][info] GC(288) Pause Remark 85M->85M(128M) 1.438ms
[2024-10-12T11:09:45.329+0800][info] GC(288) User=0.00s Sys=0.00s Real=0.00s
[2024-10-12T11:09:45.329+0800][info] GC(288) Concurrent Mark 7.466ms
[2024-10-12T11:09:45.329+0800][info] GC(288) Concurrent Rebuild Remembered Sets
[2024-10-12T11:09:45.330+0800][info] GC(288) Concurrent Rebuild Remembered Sets 1.301ms
[2024-10-12T11:09:45.331+0800][info] GC(288) Pause Cleanup
[2024-10-12T11:09:45.331+0800][info] GC(288) Pause Cleanup 85M->85M(128M) 0.201ms
[2024-10-12T11:09:45.331+0800][info] GC(288) User=0.00s Sys=0.00s Real=0.00s
[2024-10-12T11:09:45.331+0800][info] GC(288) Concurrent Cleanup for Next Mark
[2024-10-12T11:09:45.331+0800][info] GC(288) Concurrent Cleanup for Next Mark 0.396ms
[2024-10-12T11:09:45.331+0800][info] GC(288) Concurrent Mark Cycle 9.718ms
[2024-10-12T11:09:45.475+0800][info] GC(289) Pause Young (Prepare Mixed) (G1 Evacuation Pause)
[2024-10-12T11:09:45.475+0800][info] GC(289) Using 3 workers of 48 for evacuation
[2024-10-12T11:09:45.476+0800][info] GC(289)   Pre Evacuate Collection Set: 0.1ms
[2024-10-12T11:09:45.476+0800][info] GC(289)   Merge Heap Roots: 0.1ms
[2024-10-12T11:09:45.476+0800][info] GC(289)   Evacuate Collection Set: 1.0ms
[2024-10-12T11:09:45.476+0800][info] GC(289)   Post Evacuate Collection Set: 0.2ms
[2024-10-12T11:09:45.476+0800][info] GC(289)   Other: 0.2ms
[2024-10-12T11:09:45.476+0800][info] GC(289) Eden regions: 2->0(2)
[2024-10-12T11:09:45.476+0800][info] GC(289) Survivor regions: 1->1(1)
[2024-10-12T11:09:45.476+0800][info] GC(289) Old regions: 44->45
[2024-10-12T11:09:45.476+0800][info] GC(289) Archive regions: 2->2
[2024-10-12T11:09:45.476+0800][info] GC(289) Humongous regions: 3->3
[2024-10-12T11:09:45.476+0800][info] GC(289) Metaspace: 1636K(1792K)->1636K(1792K) NonClass: 1512K(1600K)->1512K(1600K) Class: 124K(192K)->124K(192K)
[2024-10-12T11:09:45.476+0800][info] GC(289) Pause Young (Prepare Mixed) (G1 Evacuation Pause) 88M->87M(128M) 1.771ms
[2024-10-12T11:09:45.476+0800][info] GC(289) User=0.00s Sys=0.00s Real=0.00s
[2024-10-12T11:09:45.579+0800][info] GC(290) Pause Young (Mixed) (G1 Preventive Collection)
[2024-10-12T11:09:45.579+0800][info] GC(290) Using 3 workers of 48 for evacuation
[2024-10-12T11:09:45.586+0800][info] GC(290) To-space exhausted
[2024-10-12T11:09:45.586+0800][info] GC(290)   Pre Evacuate Collection Set: 0.2ms
[2024-10-12T11:09:45.586+0800][info] GC(290)   Merge Heap Roots: 0.1ms
[2024-10-12T11:09:45.586+0800][info] GC(290)   Evacuate Collection Set: 5.1ms
[2024-10-12T11:09:45.586+0800][info] GC(290)   Post Evacuate Collection Set: 1.2ms
[2024-10-12T11:09:45.586+0800][info] GC(290)   Other: 0.3ms
[2024-10-12T11:09:45.586+0800][info] GC(290) Eden regions: 2->0(2)
[2024-10-12T11:09:45.586+0800][info] GC(290) Survivor regions: 1->1(1)
[2024-10-12T11:09:45.586+0800][info] GC(290) Old regions: 45->57
[2024-10-12T11:09:45.586+0800][info] GC(290) Archive regions: 2->2
[2024-10-12T11:09:45.586+0800][info] GC(290) Humongous regions: 3->3
[2024-10-12T11:09:45.586+0800][info] GC(290) Metaspace: 1636K(1792K)->1636K(1792K) NonClass: 1512K(1600K)->1512K(1600K) Class: 124K(192K)->124K(192K)
[2024-10-12T11:09:45.586+0800][info] GC(290) Pause Young (Mixed) (G1 Preventive Collection) 91M->111M(128M) 6.977ms
[2024-10-12T11:09:45.586+0800][info] GC(290) User=0.02s Sys=0.00s Real=0.01s
[2024-10-12T11:09:45.647+0800][info] GC(291) Pause Young (Concurrent Start) (G1 Evacuation Pause)
[2024-10-12T11:09:45.647+0800][info] GC(291) Using 3 workers of 48 for evacuation
[2024-10-12T11:09:45.649+0800][info] GC(291) To-space exhausted
[2024-10-12T11:09:45.649+0800][info] GC(291)   Pre Evacuate Collection Set: 0.1ms
[2024-10-12T11:09:45.649+0800][info] GC(291)   Merge Heap Roots: 0.1ms
[2024-10-12T11:09:45.649+0800][info] GC(291)   Evacuate Collection Set: 0.4ms
[2024-10-12T11:09:45.649+0800][info] GC(291)   Post Evacuate Collection Set: 0.2ms
[2024-10-12T11:09:45.649+0800][info] GC(291)   Other: 0.4ms
[2024-10-12T11:09:45.649+0800][info] GC(291) Eden regions: 1->0(3)
[2024-10-12T11:09:45.649+0800][info] GC(291) Survivor regions: 1->0(0)
[2024-10-12T11:09:45.649+0800][info] GC(291) Old regions: 57->59
[2024-10-12T11:09:45.649+0800][info] GC(291) Archive regions: 2->2
[2024-10-12T11:09:45.649+0800][info] GC(291) Humongous regions: 3->3
[2024-10-12T11:09:45.649+0800][info] GC(291) Metaspace: 1636K(1792K)->1636K(1792K) NonClass: 1512K(1600K)->1512K(1600K) Class: 124K(192K)->124K(192K)
[2024-10-12T11:09:45.649+0800][info] GC(291) Pause Young (Concurrent Start) (G1 Evacuation Pause) 113M->113M(128M) 1.284ms
[2024-10-12T11:09:45.649+0800][info] GC(291) User=0.00s Sys=0.00s Real=0.00s
[2024-10-12T11:09:45.649+0800][info] Attempting full compaction
[2024-10-12T11:09:45.649+0800][info] GC(292) Concurrent Mark Cycle
[2024-10-12T11:09:45.649+0800][info] GC(293) Using 3 workers of 48 for full compaction
[2024-10-12T11:09:45.649+0800][info] GC(292) Concurrent Clear Claimed Marks
[2024-10-12T11:09:45.649+0800][info] GC(292) Concurrent Clear Claimed Marks 0.061ms
[2024-10-12T11:09:45.649+0800][info] GC(292) Concurrent Scan Root Regions
[2024-10-12T11:09:45.649+0800][info] GC(293) Pause Full (G1 Compaction Pause)
[2024-10-12T11:09:45.649+0800][info] GC(292) Concurrent Scan Root Regions 0.027ms
[2024-10-12T11:09:45.649+0800][info] GC(292) Concurrent Mark
[2024-10-12T11:09:45.649+0800][info] GC(292) Concurrent Mark From Roots
[2024-10-12T11:09:45.649+0800][info] GC(292) Using 12 workers of 12 for marking
[2024-10-12T11:09:45.649+0800][info] GC(293) Phase 1: Mark live objects
[2024-10-12T11:09:45.653+0800][info] GC(293) Phase 1: Mark live objects 3.322ms
[2024-10-12T11:09:45.653+0800][info] GC(293) Phase 2: Prepare for compaction
[2024-10-12T11:09:45.653+0800][info] GC(293) Phase 2: Prepare for compaction 0.656ms
[2024-10-12T11:09:45.653+0800][info] GC(293) Phase 3: Adjust pointers
[2024-10-12T11:09:45.655+0800][info] GC(293) Phase 3: Adjust pointers 1.607ms
[2024-10-12T11:09:45.655+0800][info] GC(293) Phase 4: Compact heap
[2024-10-12T11:09:45.666+0800][info] GC(293) Phase 4: Compact heap 11.269ms
[2024-10-12T11:09:45.668+0800][info] GC(293) Eden regions: 0->0(5)
[2024-10-12T11:09:45.668+0800][info] GC(293) Survivor regions: 0->0(0)
[2024-10-12T11:09:45.668+0800][info] GC(293) Old regions: 59->37
[2024-10-12T11:09:45.668+0800][info] GC(293) Archive regions: 2->2
[2024-10-12T11:09:45.668+0800][info] GC(293) Humongous regions: 3->3
[2024-10-12T11:09:45.668+0800][info] GC(293) Metaspace: 1636K(1792K)->1636K(1792K) NonClass: 1512K(1600K)->1512K(1600K) Class: 124K(192K)->124K(192K)
[2024-10-12T11:09:45.668+0800][info] GC(293) Pause Full (G1 Compaction Pause) 113M->71M(128M) 19.102ms
[2024-10-12T11:09:45.668+0800][info] GC(293) User=0.05s Sys=0.01s Real=0.02s
[2024-10-12T11:09:45.668+0800][info] GC(292) Concurrent Mark From Roots 19.241ms
[2024-10-12T11:09:45.668+0800][info] GC(292) Concurrent Mark Abort
[2024-10-12T11:09:45.668+0800][info] GC(292) Concurrent Mark Cycle 19.532ms
[2024-10-12T11:09:45.935+0800][info] GC(294) Pause Young (Normal) (G1 Evacuation Pause)
[2024-10-12T11:09:45.935+0800][info] GC(294) Using 3 workers of 48 for evacuation
[2024-10-12T11:09:45.937+0800][info] GC(294)   Pre Evacuate Collection Set: 0.1ms
[2024-10-12T11:09:45.937+0800][info] GC(294)   Merge Heap Roots: 0.1ms
[2024-10-12T11:09:45.937+0800][info] GC(294)   Evacuate Collection Set: 1.7ms
[2024-10-12T11:09:45.937+0800][info] GC(294)   Post Evacuate Collection Set: 0.3ms
[2024-10-12T11:09:45.937+0800][info] GC(294)   Other: 0.3ms
[2024-10-12T11:09:45.937+0800][info] GC(294) Eden regions: 5->0(2)
[2024-10-12T11:09:45.937+0800][info] GC(294) Survivor regions: 0->1(1)
[2024-10-12T11:09:45.937+0800][info] GC(294) Old regions: 37->42
[2024-10-12T11:09:45.937+0800][info] GC(294) Archive regions: 2->2
[2024-10-12T11:09:45.937+0800][info] GC(294) Humongous regions: 3->3
[2024-10-12T11:09:45.937+0800][info] GC(294) Metaspace: 1636K(1792K)->1636K(1792K) NonClass: 1512K(1600K)->1512K(1600K) Class: 124K(192K)->124K(192K)
[2024-10-12T11:09:45.937+0800][info] GC(294) Pause Young (Normal) (G1 Evacuation Pause) 81M->82M(128M) 2.490ms
[2024-10-12T11:09:45.937+0800][info] GC(294) User=0.01s Sys=0.00s Real=0.00s
[2024-10-12T11:09:46.040+0800][info] GC(295) Pause Young (Concurrent Start) (G1 Evacuation Pause)
[2024-10-12T11:09:46.040+0800][info] GC(295) Using 3 workers of 48 for evacuation
[2024-10-12T11:09:46.041+0800][info] GC(295)   Pre Evacuate Collection Set: 0.1ms
[2024-10-12T11:09:46.041+0800][info] GC(295)   Merge Heap Roots: 0.1ms
[2024-10-12T11:09:46.041+0800][info] GC(295)   Evacuate Collection Set: 1.1ms
[2024-10-12T11:09:46.041+0800][info] GC(295)   Post Evacuate Collection Set: 0.2ms
[2024-10-12T11:09:46.041+0800][info] GC(295)   Other: 0.4ms
[2024-10-12T11:09:46.041+0800][info] GC(295) Eden regions: 2->0(2)
[2024-10-12T11:09:46.041+0800][info] GC(295) Survivor regions: 1->1(1)
[2024-10-12T11:09:46.042+0800][info] GC(295) Old regions: 42->44
[2024-10-12T11:09:46.042+0800][info] GC(295) Archive regions: 2->2
[2024-10-12T11:09:46.042+0800][info] GC(295) Humongous regions: 3->3
[2024-10-12T11:09:46.042+0800][info] GC(295) Metaspace: 1636K(1792K)->1636K(1792K) NonClass: 1512K(1600K)->1512K(1600K) Class: 124K(192K)->124K(192K)
[2024-10-12T11:09:46.042+0800][info] GC(295) Pause Young (Concurrent Start) (G1 Evacuation Pause) 85M->86M(128M) 1.931ms
[2024-10-12T11:09:46.042+0800][info] GC(295) User=0.00s Sys=0.00s Real=0.00s
[2024-10-12T11:09:46.042+0800][info] GC(296) Concurrent Mark Cycle
[2024-10-12T11:09:46.042+0800][info] GC(296) Concurrent Clear Claimed Marks
[2024-10-12T11:09:46.042+0800][info] GC(296) Concurrent Clear Claimed Marks 0.018ms
[2024-10-12T11:09:46.042+0800][info] GC(296) Concurrent Scan Root Regions
[2024-10-12T11:09:46.042+0800][info] GC(296) Concurrent Scan Root Regions 0.171ms
[2024-10-12T11:09:46.042+0800][info] GC(296) Concurrent Mark
[2024-10-12T11:09:46.042+0800][info] GC(296) Concurrent Mark From Roots
[2024-10-12T11:09:46.042+0800][info] GC(296) Using 12 workers of 12 for marking
[2024-10-12T11:09:46.046+0800][info] GC(296) Concurrent Mark From Roots 3.681ms
[2024-10-12T11:09:46.046+0800][info] GC(296) Concurrent Preclean
[2024-10-12T11:09:46.047+0800][info] GC(296) Concurrent Preclean 1.755ms
[2024-10-12T11:09:46.047+0800][info] GC(296) Pause Remark
[2024-10-12T11:09:46.049+0800][info] GC(296) Pause Remark 86M->86M(128M) 1.528ms
[2024-10-12T11:09:46.049+0800][info] GC(296) User=0.01s Sys=0.00s Real=0.00s
[2024-10-12T11:09:46.049+0800][info] GC(296) Concurrent Mark 7.189ms
[2024-10-12T11:09:46.049+0800][info] GC(296) Concurrent Rebuild Remembered Sets
[2024-10-12T11:09:46.050+0800][info] GC(296) Concurrent Rebuild Remembered Sets 1.286ms
[2024-10-12T11:09:46.051+0800][info] GC(296) Pause Cleanup
[2024-10-12T11:09:46.051+0800][info] GC(296) Pause Cleanup 86M->86M(128M) 0.224ms
[2024-10-12T11:09:46.051+0800][info] GC(296) User=0.00s Sys=0.00s Real=0.00s
[2024-10-12T11:09:46.051+0800][info] GC(296) Concurrent Cleanup for Next Mark
[2024-10-12T11:09:46.051+0800][info] GC(296) Concurrent Cleanup for Next Mark 0.466ms
[2024-10-12T11:09:46.051+0800][info] GC(296) Concurrent Mark Cycle 9.646ms
[2024-10-12T11:09:46.195+0800][info] GC(297) Pause Young (Prepare Mixed) (G1 Evacuation Pause)
[2024-10-12T11:09:46.195+0800][info] GC(297) Using 3 workers of 48 for evacuation
[2024-10-12T11:09:46.197+0800][info] GC(297)   Pre Evacuate Collection Set: 0.1ms
[2024-10-12T11:09:46.197+0800][info] GC(297)   Merge Heap Roots: 0.1ms
[2024-10-12T11:09:46.197+0800][info] GC(297)   Evacuate Collection Set: 1.1ms
[2024-10-12T11:09:46.197+0800][info] GC(297)   Post Evacuate Collection Set: 0.2ms
[2024-10-12T11:09:46.197+0800][info] GC(297)   Other: 0.3ms
[2024-10-12T11:09:46.197+0800][info] GC(297) Eden regions: 2->0(2)
[2024-10-12T11:09:46.197+0800][info] GC(297) Survivor regions: 1->1(1)
[2024-10-12T11:09:46.197+0800][info] GC(297) Old regions: 44->46
[2024-10-12T11:09:46.197+0800][info] GC(297) Archive regions: 2->2
[2024-10-12T11:09:46.197+0800][info] GC(297) Humongous regions: 3->3
[2024-10-12T11:09:46.197+0800][info] GC(297) Metaspace: 1636K(1792K)->1636K(1792K) NonClass: 1512K(1600K)->1512K(1600K) Class: 124K(192K)->124K(192K)
[2024-10-12T11:09:46.197+0800][info] GC(297) Pause Young (Prepare Mixed) (G1 Evacuation Pause) 89M->90M(128M) 1.923ms
[2024-10-12T11:09:46.197+0800][info] GC(297) User=0.01s Sys=0.00s Real=0.00s
[2024-10-12T11:09:46.238+0800][info] GC(298) Pause Young (Mixed) (G1 Preventive Collection)
[2024-10-12T11:09:46.238+0800][info] GC(298) Using 3 workers of 48 for evacuation
[2024-10-12T11:09:46.245+0800][info] GC(298) To-space exhausted
[2024-10-12T11:09:46.245+0800][info] GC(298)   Pre Evacuate Collection Set: 0.1ms
[2024-10-12T11:09:46.245+0800][info] GC(298)   Merge Heap Roots: 0.1ms
[2024-10-12T11:09:46.245+0800][info] GC(298)   Evacuate Collection Set: 5.3ms
[2024-10-12T11:09:46.245+0800][info] GC(298)   Post Evacuate Collection Set: 1.0ms
[2024-10-12T11:09:46.245+0800][info] GC(298)   Other: 0.2ms
[2024-10-12T11:09:46.245+0800][info] GC(298) Eden regions: 1->0(2)
[2024-10-12T11:09:46.245+0800][info] GC(298) Survivor regions: 1->1(1)
[2024-10-12T11:09:46.245+0800][info] GC(298) Old regions: 46->52
[2024-10-12T11:09:46.245+0800][info] GC(298) Archive regions: 2->2
[2024-10-12T11:09:46.245+0800][info] GC(298) Humongous regions: 3->3
[2024-10-12T11:09:46.245+0800][info] GC(298) Metaspace: 1636K(1792K)->1636K(1792K) NonClass: 1512K(1600K)->1512K(1600K) Class: 124K(192K)->124K(192K)
[2024-10-12T11:09:46.245+0800][info] GC(298) Pause Young (Mixed) (G1 Preventive Collection) 92M->104M(128M) 6.894ms
[2024-10-12T11:09:46.245+0800][info] GC(298) User=0.02s Sys=0.00s Real=0.00s
[2024-10-12T11:09:46.369+0800][info] GC(299) Pause Young (Concurrent Start) (G1 Preventive Collection)
[2024-10-12T11:09:46.369+0800][info] GC(299) Using 3 workers of 48 for evacuation
[2024-10-12T11:09:46.371+0800][info] GC(299)   Pre Evacuate Collection Set: 0.1ms
[2024-10-12T11:09:46.371+0800][info] GC(299)   Merge Heap Roots: 0.1ms
[2024-10-12T11:09:46.371+0800][info] GC(299)   Evacuate Collection Set: 1.4ms
[2024-10-12T11:09:46.371+0800][info] GC(299)   Post Evacuate Collection Set: 0.2ms
[2024-10-12T11:09:46.371+0800][info] GC(299)   Other: 0.4ms
[2024-10-12T11:09:46.371+0800][info] GC(299) Eden regions: 2->0(2)
[2024-10-12T11:09:46.371+0800][info] GC(299) Survivor regions: 1->1(1)
[2024-10-12T11:09:46.371+0800][info] GC(299) Old regions: 52->54
[2024-10-12T11:09:46.371+0800][info] GC(299) Archive regions: 2->2
[2024-10-12T11:09:46.371+0800][info] GC(299) Humongous regions: 4->3
[2024-10-12T11:09:46.371+0800][info] GC(299) Metaspace: 1639K(1792K)->1639K(1792K) NonClass: 1514K(1600K)->1514K(1600K) Class: 124K(192K)->124K(192K)
[2024-10-12T11:09:46.372+0800][info] GC(299) Pause Young (Concurrent Start) (G1 Preventive Collection) 110M->108M(128M) 2.352ms
[2024-10-12T11:09:46.372+0800][info] GC(299) User=0.01s Sys=0.00s Real=0.00s
[2024-10-12T11:09:46.372+0800][info] GC(300) Concurrent Mark Cycle
[2024-10-12T11:09:46.372+0800][info] GC(300) Concurrent Clear Claimed Marks
[2024-10-12T11:09:46.372+0800][info] GC(300) Concurrent Clear Claimed Marks 0.019ms
[2024-10-12T11:09:46.372+0800][info] GC(300) Concurrent Scan Root Regions
[2024-10-12T11:09:46.372+0800][info] GC(300) Concurrent Scan Root Regions 0.168ms
[2024-10-12T11:09:46.372+0800][info] GC(300) Concurrent Mark
[2024-10-12T11:09:46.372+0800][info] GC(300) Concurrent Mark From Roots
[2024-10-12T11:09:46.372+0800][info] GC(300) Using 12 workers of 12 for marking
[2024-10-12T11:09:46.376+0800][info] GC(300) Concurrent Mark From Roots 3.867ms
[2024-10-12T11:09:46.376+0800][info] GC(300) Concurrent Preclean
[2024-10-12T11:09:46.378+0800][info] GC(300) Concurrent Preclean 1.763ms
[2024-10-12T11:09:46.378+0800][info] GC(300) Pause Remark
[2024-10-12T11:09:46.379+0800][info] GC(300) Pause Remark 108M->108M(128M) 1.545ms
[2024-10-12T11:09:46.379+0800][info] GC(300) User=0.00s Sys=0.00s Real=0.00s
[2024-10-12T11:09:46.379+0800][info] GC(300) Concurrent Mark 7.382ms
[2024-10-12T11:09:46.379+0800][info] GC(300) Concurrent Rebuild Remembered Sets
[2024-10-12T11:09:46.381+0800][info] GC(300) Concurrent Rebuild Remembered Sets 1.273ms
[2024-10-12T11:09:46.381+0800][info] GC(300) Pause Cleanup
[2024-10-12T11:09:46.381+0800][info] GC(300) Pause Cleanup 108M->108M(128M) 0.239ms
[2024-10-12T11:09:46.381+0800][info] GC(300) User=0.00s Sys=0.00s Real=0.00s
[2024-10-12T11:09:46.381+0800][info] GC(300) Concurrent Cleanup for Next Mark
[2024-10-12T11:09:46.381+0800][info] GC(300) Concurrent Cleanup for Next Mark 0.505ms
[2024-10-12T11:09:46.381+0800][info] GC(300) Concurrent Mark Cycle 9.877ms
[2024-10-12T11:09:46.484+0800][info] GC(301) Pause Young (Prepare Mixed) (G1 Preventive Collection)
[2024-10-12T11:09:46.484+0800][info] GC(301) Using 3 workers of 48 for evacuation
[2024-10-12T11:09:46.485+0800][info] GC(301)   Pre Evacuate Collection Set: 0.1ms
[2024-10-12T11:09:46.485+0800][info] GC(301)   Merge Heap Roots: 0.1ms
[2024-10-12T11:09:46.485+0800][info] GC(301)   Evacuate Collection Set: 0.8ms
[2024-10-12T11:09:46.485+0800][info] GC(301)   Post Evacuate Collection Set: 0.2ms
[2024-10-12T11:09:46.485+0800][info] GC(301)   Other: 0.2ms
[2024-10-12T11:09:46.486+0800][info] GC(301) Eden regions: 1->0(2)
[2024-10-12T11:09:46.486+0800][info] GC(301) Survivor regions: 1->1(1)
[2024-10-12T11:09:46.486+0800][info] GC(301) Old regions: 54->55
[2024-10-12T11:09:46.486+0800][info] GC(301) Archive regions: 2->2
[2024-10-12T11:09:46.486+0800][info] GC(301) Humongous regions: 3->3
[2024-10-12T11:09:46.486+0800][info] GC(301) Metaspace: 1639K(1792K)->1639K(1792K) NonClass: 1514K(1600K)->1514K(1600K) Class: 124K(192K)->124K(192K)
[2024-10-12T11:09:46.486+0800][info] GC(301) Pause Young (Prepare Mixed) (G1 Preventive Collection) 110M->109M(128M) 1.549ms
[2024-10-12T11:09:46.486+0800][info] GC(301) User=0.00s Sys=0.00s Real=0.01s
[2024-10-12T11:09:46.527+0800][info] GC(302) Pause Young (Mixed) (G1 Preventive Collection)
[2024-10-12T11:09:46.527+0800][info] GC(302) Using 3 workers of 48 for evacuation
[2024-10-12T11:09:46.533+0800][info] GC(302) To-space exhausted
[2024-10-12T11:09:46.533+0800][info] GC(302)   Pre Evacuate Collection Set: 0.2ms
[2024-10-12T11:09:46.533+0800][info] GC(302)   Merge Heap Roots: 0.1ms
[2024-10-12T11:09:46.533+0800][info] GC(302)   Evacuate Collection Set: 3.4ms
[2024-10-12T11:09:46.533+0800][info] GC(302)   Post Evacuate Collection Set: 1.6ms
[2024-10-12T11:09:46.533+0800][info] GC(302)   Other: 0.2ms
[2024-10-12T11:09:46.533+0800][info] GC(302) Eden regions: 1->0(2)
[2024-10-12T11:09:46.533+0800][info] GC(302) Survivor regions: 1->1(1)
[2024-10-12T11:09:46.533+0800][info] GC(302) Old regions: 55->57
[2024-10-12T11:09:46.533+0800][info] GC(302) Archive regions: 2->2
[2024-10-12T11:09:46.533+0800][info] GC(302) Humongous regions: 3->3
[2024-10-12T11:09:46.533+0800][info] GC(302) Metaspace: 1639K(1792K)->1639K(1792K) NonClass: 1514K(1600K)->1514K(1600K) Class: 124K(192K)->124K(192K)
[2024-10-12T11:09:46.533+0800][info] GC(302) Pause Young (Mixed) (G1 Preventive Collection) 111M->114M(128M) 5.727ms
[2024-10-12T11:09:46.533+0800][info] GC(302) User=0.01s Sys=0.00s Real=0.00s
[2024-10-12T11:09:46.594+0800][info] GC(303) Pause Young (Concurrent Start) (G1 Evacuation Pause)
[2024-10-12T11:09:46.594+0800][info] GC(303) Using 3 workers of 48 for evacuation
[2024-10-12T11:09:46.596+0800][info] GC(303) To-space exhausted
[2024-10-12T11:09:46.596+0800][info] GC(303)   Pre Evacuate Collection Set: 0.1ms
[2024-10-12T11:09:46.596+0800][info] GC(303)   Merge Heap Roots: 0.1ms
[2024-10-12T11:09:46.596+0800][info] GC(303)   Evacuate Collection Set: 0.8ms
[2024-10-12T11:09:46.596+0800][info] GC(303)   Post Evacuate Collection Set: 0.3ms
[2024-10-12T11:09:46.596+0800][info] GC(303)   Other: 0.4ms
[2024-10-12T11:09:46.596+0800][info] GC(303) Eden regions: 1->0(3)
[2024-10-12T11:09:46.596+0800][info] GC(303) Survivor regions: 1->0(0)
[2024-10-12T11:09:46.596+0800][info] GC(303) Old regions: 57->59
[2024-10-12T11:09:46.596+0800][info] GC(303) Archive regions: 2->2
[2024-10-12T11:09:46.596+0800][info] GC(303) Humongous regions: 3->3
[2024-10-12T11:09:46.596+0800][info] GC(303) Metaspace: 1639K(1792K)->1639K(1792K) NonClass: 1514K(1600K)->1514K(1600K) Class: 124K(192K)->124K(192K)
[2024-10-12T11:09:46.596+0800][info] GC(303) Pause Young (Concurrent Start) (G1 Evacuation Pause) 115M->115M(128M) 1.756ms
[2024-10-12T11:09:46.596+0800][info] GC(303) User=0.00s Sys=0.00s Real=0.00s
[2024-10-12T11:09:46.596+0800][info] Attempting full compaction
[2024-10-12T11:09:46.596+0800][info] GC(305) Concurrent Mark Cycle
[2024-10-12T11:09:46.596+0800][info] GC(305) Concurrent Clear Claimed Marks
[2024-10-12T11:09:46.596+0800][info] GC(304) Using 3 workers of 48 for full compaction
[2024-10-12T11:09:46.596+0800][info] GC(305) Concurrent Clear Claimed Marks 0.031ms
[2024-10-12T11:09:46.596+0800][info] GC(305) Concurrent Scan Root Regions
[2024-10-12T11:09:46.596+0800][info] GC(305) Concurrent Scan Root Regions 0.021ms
[2024-10-12T11:09:46.596+0800][info] GC(305) Concurrent Mark
[2024-10-12T11:09:46.596+0800][info] GC(305) Concurrent Mark From Roots
[2024-10-12T11:09:46.596+0800][info] GC(305) Using 12 workers of 12 for marking
[2024-10-12T11:09:46.596+0800][info] GC(304) Pause Full (G1 Compaction Pause)
[2024-10-12T11:09:46.597+0800][info] GC(304) Phase 1: Mark live objects
[2024-10-12T11:09:46.600+0800][info] GC(304) Phase 1: Mark live objects 3.516ms
[2024-10-12T11:09:46.600+0800][info] GC(304) Phase 2: Prepare for compaction
[2024-10-12T11:09:46.601+0800][info] GC(304) Phase 2: Prepare for compaction 0.684ms
[2024-10-12T11:09:46.601+0800][info] GC(304) Phase 3: Adjust pointers
[2024-10-12T11:09:46.603+0800][info] GC(304) Phase 3: Adjust pointers 1.802ms
[2024-10-12T11:09:46.603+0800][info] GC(304) Phase 4: Compact heap
[2024-10-12T11:09:46.613+0800][info] GC(304) Phase 4: Compact heap 9.888ms
[2024-10-12T11:09:46.614+0800][info] GC(304) Eden regions: 0->0(4)
[2024-10-12T11:09:46.614+0800][info] GC(304) Survivor regions: 0->0(0)
[2024-10-12T11:09:46.614+0800][info] GC(304) Old regions: 59->37
[2024-10-12T11:09:46.614+0800][info] GC(304) Archive regions: 2->2
[2024-10-12T11:09:46.614+0800][info] GC(304) Humongous regions: 3->3
[2024-10-12T11:09:46.614+0800][info] GC(304) Metaspace: 1639K(1792K)->1639K(1792K) NonClass: 1514K(1600K)->1514K(1600K) Class: 124K(192K)->124K(192K)
[2024-10-12T11:09:46.614+0800][info] GC(304) Pause Full (G1 Compaction Pause) 115M->72M(128M) 18.225ms
[2024-10-12T11:09:46.615+0800][info] GC(304) User=0.05s Sys=0.00s Real=0.02s
[2024-10-12T11:09:46.615+0800][info] GC(305) Concurrent Mark From Roots 18.469ms
[2024-10-12T11:09:46.615+0800][info] GC(305) Concurrent Mark Abort
[2024-10-12T11:09:46.615+0800][info] GC(305) Concurrent Mark Cycle 18.723ms
[2024-10-12T11:09:46.819+0800][info] GC(306) Pause Young (Normal) (G1 Evacuation Pause)
[2024-10-12T11:09:46.819+0800][info] GC(306) Using 3 workers of 48 for evacuation
[2024-10-12T11:09:46.821+0800][info] GC(306)   Pre Evacuate Collection Set: 0.1ms
[2024-10-12T11:09:46.821+0800][info] GC(306)   Merge Heap Roots: 0.1ms
[2024-10-12T11:09:46.821+0800][info] GC(306)   Evacuate Collection Set: 1.3ms
[2024-10-12T11:09:46.821+0800][info] GC(306)   Post Evacuate Collection Set: 0.2ms
[2024-10-12T11:09:46.821+0800][info] GC(306)   Other: 0.3ms
[2024-10-12T11:09:46.821+0800][info] GC(306) Eden regions: 4->0(3)
[2024-10-12T11:09:46.821+0800][info] GC(306) Survivor regions: 0->1(1)
[2024-10-12T11:09:46.821+0800][info] GC(306) Old regions: 37->40
[2024-10-12T11:09:46.821+0800][info] GC(306) Archive regions: 2->2
[2024-10-12T11:09:46.821+0800][info] GC(306) Humongous regions: 3->3
[2024-10-12T11:09:46.821+0800][info] GC(306) Metaspace: 1639K(1792K)->1639K(1792K) NonClass: 1515K(1600K)->1515K(1600K) Class: 124K(192K)->124K(192K)
[2024-10-12T11:09:46.821+0800][info] GC(306) Pause Young (Normal) (G1 Evacuation Pause) 79M->79M(128M) 2.063ms
[2024-10-12T11:09:46.821+0800][info] GC(306) User=0.00s Sys=0.00s Real=0.00s
[2024-10-12T11:09:46.985+0800][info] GC(307) Pause Young (Concurrent Start) (G1 Evacuation Pause)
[2024-10-12T11:09:46.985+0800][info] GC(307) Using 3 workers of 48 for evacuation
[2024-10-12T11:09:46.987+0800][info] GC(307)   Pre Evacuate Collection Set: 0.1ms
[2024-10-12T11:09:46.987+0800][info] GC(307)   Merge Heap Roots: 0.1ms
[2024-10-12T11:09:46.987+0800][info] GC(307)   Evacuate Collection Set: 1.4ms
[2024-10-12T11:09:46.987+0800][info] GC(307)   Post Evacuate Collection Set: 0.2ms
[2024-10-12T11:09:46.987+0800][info] GC(307)   Other: 0.4ms
[2024-10-12T11:09:46.987+0800][info] GC(307) Eden regions: 3->0(2)
[2024-10-12T11:09:46.987+0800][info] GC(307) Survivor regions: 1->1(1)
[2024-10-12T11:09:46.987+0800][info] GC(307) Old regions: 40->43
[2024-10-12T11:09:46.987+0800][info] GC(307) Archive regions: 2->2
[2024-10-12T11:09:46.987+0800][info] GC(307) Humongous regions: 3->3
[2024-10-12T11:09:46.987+0800][info] GC(307) Metaspace: 1640K(1792K)->1640K(1792K) NonClass: 1516K(1600K)->1516K(1600K) Class: 124K(192K)->124K(192K)
[2024-10-12T11:09:46.987+0800][info] GC(307) Pause Young (Concurrent Start) (G1 Evacuation Pause) 85M->85M(128M) 2.272ms
[2024-10-12T11:09:46.987+0800][info] GC(307) User=0.00s Sys=0.00s Real=0.01s
[2024-10-12T11:09:46.987+0800][info] GC(308) Concurrent Mark Cycle
[2024-10-12T11:09:46.987+0800][info] GC(308) Concurrent Clear Claimed Marks
[2024-10-12T11:09:46.987+0800][info] GC(308) Concurrent Clear Claimed Marks 0.018ms
[2024-10-12T11:09:46.987+0800][info] GC(308) Concurrent Scan Root Regions
[2024-10-12T11:09:46.988+0800][info] GC(308) Concurrent Scan Root Regions 0.162ms
[2024-10-12T11:09:46.988+0800][info] GC(308) Concurrent Mark
[2024-10-12T11:09:46.988+0800][info] GC(308) Concurrent Mark From Roots
[2024-10-12T11:09:46.988+0800][info] GC(308) Using 12 workers of 12 for marking
[2024-10-12T11:09:46.992+0800][info] GC(308) Concurrent Mark From Roots 4.308ms
[2024-10-12T11:09:46.992+0800][info] GC(308) Concurrent Preclean
[2024-10-12T11:09:46.994+0800][info] GC(308) Concurrent Preclean 1.754ms
[2024-10-12T11:09:46.994+0800][info] GC(308) Pause Remark
[2024-10-12T11:09:46.995+0800][info] GC(308) Pause Remark 85M->85M(128M) 1.490ms
[2024-10-12T11:09:46.995+0800][info] GC(308) User=0.00s Sys=0.00s Real=0.00s
[2024-10-12T11:09:46.995+0800][info] GC(308) Concurrent Mark 7.757ms
[2024-10-12T11:09:46.995+0800][info] GC(308) Concurrent Rebuild Remembered Sets
[2024-10-12T11:09:46.996+0800][info] GC(308) Concurrent Rebuild Remembered Sets 1.095ms
[2024-10-12T11:09:46.997+0800][info] GC(308) Pause Cleanup
[2024-10-12T11:09:46.997+0800][info] GC(308) Pause Cleanup 85M->85M(128M) 0.176ms
[2024-10-12T11:09:46.997+0800][info] GC(308) User=0.00s Sys=0.00s Real=0.00s
[2024-10-12T11:09:46.997+0800][info] GC(308) Concurrent Cleanup for Next Mark
[2024-10-12T11:09:46.997+0800][info] GC(308) Concurrent Cleanup for Next Mark 0.422ms
[2024-10-12T11:09:46.997+0800][info] GC(308) Concurrent Mark Cycle 9.942ms
[2024-10-12T11:09:47.140+0800][info] GC(309) Pause Young (Prepare Mixed) (G1 Evacuation Pause)
[2024-10-12T11:09:47.141+0800][info] GC(309) Using 3 workers of 48 for evacuation
[2024-10-12T11:09:47.142+0800][info] GC(309)   Pre Evacuate Collection Set: 0.1ms
[2024-10-12T11:09:47.142+0800][info] GC(309)   Merge Heap Roots: 0.1ms
[2024-10-12T11:09:47.142+0800][info] GC(309)   Evacuate Collection Set: 1.0ms
[2024-10-12T11:09:47.142+0800][info] GC(309)   Post Evacuate Collection Set: 0.2ms
[2024-10-12T11:09:47.142+0800][info] GC(309)   Other: 0.2ms
[2024-10-12T11:09:47.142+0800][info] GC(309) Eden regions: 2->0(2)
[2024-10-12T11:09:47.142+0800][info] GC(309) Survivor regions: 1->1(1)
[2024-10-12T11:09:47.142+0800][info] GC(309) Old regions: 43->45
[2024-10-12T11:09:47.142+0800][info] GC(309) Archive regions: 2->2
[2024-10-12T11:09:47.142+0800][info] GC(309) Humongous regions: 3->3
[2024-10-12T11:09:47.142+0800][info] GC(309) Metaspace: 1641K(1792K)->1641K(1792K) NonClass: 1517K(1600K)->1517K(1600K) Class: 124K(192K)->124K(192K)
[2024-10-12T11:09:47.142+0800][info] GC(309) Pause Young (Prepare Mixed) (G1 Evacuation Pause) 88M->89M(128M) 1.778ms
[2024-10-12T11:09:47.142+0800][info] GC(309) User=0.01s Sys=0.00s Real=0.00s
[2024-10-12T11:09:47.245+0800][info] GC(310) Pause Young (Mixed) (G1 Preventive Collection)
[2024-10-12T11:09:47.245+0800][info] GC(310) Using 3 workers of 48 for evacuation
[2024-10-12T11:09:47.250+0800][info] GC(310) To-space exhausted
[2024-10-12T11:09:47.250+0800][info] GC(310)   Pre Evacuate Collection Set: 0.2ms
[2024-10-12T11:09:47.250+0800][info] GC(310)   Merge Heap Roots: 0.1ms
[2024-10-12T11:09:47.250+0800][info] GC(310)   Evacuate Collection Set: 4.5ms
[2024-10-12T11:09:47.250+0800][info] GC(310)   Post Evacuate Collection Set: 0.7ms
[2024-10-12T11:09:47.250+0800][info] GC(310)   Other: 0.2ms
[2024-10-12T11:09:47.250+0800][info] GC(310) Eden regions: 2->0(2)
[2024-10-12T11:09:47.250+0800][info] GC(310) Survivor regions: 1->1(1)
[2024-10-12T11:09:47.251+0800][info] GC(310) Old regions: 45->56
[2024-10-12T11:09:47.251+0800][info] GC(310) Archive regions: 2->2
[2024-10-12T11:09:47.251+0800][info] GC(310) Humongous regions: 3->3
[2024-10-12T11:09:47.251+0800][info] GC(310) Metaspace: 1641K(1792K)->1641K(1792K) NonClass: 1517K(1600K)->1517K(1600K) Class: 124K(192K)->124K(192K)
[2024-10-12T11:09:47.251+0800][info] GC(310) Pause Young (Mixed) (G1 Preventive Collection) 92M->112M(128M) 5.834ms
[2024-10-12T11:09:47.251+0800][info] GC(310) User=0.01s Sys=0.00s Real=0.01s
[2024-10-12T11:09:47.312+0800][info] GC(311) Pause Young (Concurrent Start) (G1 Preventive Collection)
[2024-10-12T11:09:47.312+0800][info] GC(311) Using 3 workers of 48 for evacuation
[2024-10-12T11:09:47.314+0800][info] GC(311) To-space exhausted
[2024-10-12T11:09:47.314+0800][info] GC(311)   Pre Evacuate Collection Set: 0.1ms
[2024-10-12T11:09:47.314+0800][info] GC(311)   Merge Heap Roots: 0.1ms
[2024-10-12T11:09:47.314+0800][info] GC(311)   Evacuate Collection Set: 0.9ms
[2024-10-12T11:09:47.314+0800][info] GC(311)   Post Evacuate Collection Set: 0.3ms
[2024-10-12T11:09:47.314+0800][info] GC(311)   Other: 0.4ms
[2024-10-12T11:09:47.314+0800][info] GC(311) Eden regions: 1->0(2)
[2024-10-12T11:09:47.314+0800][info] GC(311) Survivor regions: 1->1(1)
[2024-10-12T11:09:47.314+0800][info] GC(311) Old regions: 56->57
[2024-10-12T11:09:47.314+0800][info] GC(311) Archive regions: 2->2
[2024-10-12T11:09:47.314+0800][info] GC(311) Humongous regions: 3->3
[2024-10-12T11:09:47.314+0800][info] GC(311) Metaspace: 1641K(1792K)->1641K(1792K) NonClass: 1517K(1600K)->1517K(1600K) Class: 124K(192K)->124K(192K)
[2024-10-12T11:09:47.314+0800][info] GC(311) Pause Young (Concurrent Start) (G1 Preventive Collection) 114M->114M(128M) 1.855ms
[2024-10-12T11:09:47.314+0800][info] GC(311) User=0.01s Sys=0.00s Real=0.01s
[2024-10-12T11:09:47.314+0800][info] GC(312) Concurrent Mark Cycle
[2024-10-12T11:09:47.314+0800][info] GC(312) Concurrent Clear Claimed Marks
[2024-10-12T11:09:47.314+0800][info] GC(312) Concurrent Clear Claimed Marks 0.019ms
[2024-10-12T11:09:47.314+0800][info] GC(312) Concurrent Scan Root Regions
[2024-10-12T11:09:47.314+0800][info] GC(312) Concurrent Scan Root Regions 0.176ms
[2024-10-12T11:09:47.314+0800][info] GC(312) Concurrent Mark
[2024-10-12T11:09:47.314+0800][info] GC(312) Concurrent Mark From Roots
[2024-10-12T11:09:47.314+0800][info] GC(312) Using 12 workers of 12 for marking
[2024-10-12T11:09:47.318+0800][info] GC(312) Concurrent Mark From Roots 3.811ms
[2024-10-12T11:09:47.318+0800][info] GC(312) Concurrent Preclean
[2024-10-12T11:09:47.320+0800][info] GC(312) Concurrent Preclean 1.750ms
[2024-10-12T11:09:47.320+0800][info] GC(312) Pause Remark
[2024-10-12T11:09:47.322+0800][info] GC(312) Pause Remark 115M->115M(128M) 1.532ms
[2024-10-12T11:09:47.322+0800][info] GC(312) User=0.01s Sys=0.00s Real=0.00s
[2024-10-12T11:09:47.322+0800][info] GC(312) Concurrent Mark 7.299ms
[2024-10-12T11:09:47.322+0800][info] GC(312) Concurrent Rebuild Remembered Sets
[2024-10-12T11:09:47.323+0800][info] GC(312) Concurrent Rebuild Remembered Sets 1.273ms
[2024-10-12T11:09:47.323+0800][info] GC(312) Pause Cleanup
[2024-10-12T11:09:47.323+0800][info] GC(312) Pause Cleanup 115M->115M(128M) 0.231ms
[2024-10-12T11:09:47.323+0800][info] GC(312) User=0.00s Sys=0.00s Real=0.00s
[2024-10-12T11:09:47.323+0800][info] GC(312) Concurrent Cleanup for Next Mark
[2024-10-12T11:09:47.324+0800][info] GC(312) Concurrent Cleanup for Next Mark 0.433ms
[2024-10-12T11:09:47.324+0800][info] GC(312) Concurrent Mark Cycle 9.721ms
[2024-10-12T11:09:47.406+0800][info] GC(313) Pause Young (Prepare Mixed) (G1 Evacuation Pause)
[2024-10-12T11:09:47.406+0800][info] GC(313) Using 3 workers of 48 for evacuation
[2024-10-12T11:09:47.407+0800][info] GC(313) To-space exhausted
[2024-10-12T11:09:47.407+0800][info] GC(313)   Pre Evacuate Collection Set: 0.1ms
[2024-10-12T11:09:47.407+0800][info] GC(313)   Merge Heap Roots: 0.1ms
[2024-10-12T11:09:47.407+0800][info] GC(313)   Evacuate Collection Set: 0.2ms
[2024-10-12T11:09:47.407+0800][info] GC(313)   Post Evacuate Collection Set: 0.3ms
[2024-10-12T11:09:47.407+0800][info] GC(313)   Other: 0.2ms
[2024-10-12T11:09:47.407+0800][info] GC(313) Eden regions: 1->0(3)
[2024-10-12T11:09:47.407+0800][info] GC(313) Survivor regions: 1->0(0)
[2024-10-12T11:09:47.407+0800][info] GC(313) Old regions: 57->59
[2024-10-12T11:09:47.407+0800][info] GC(313) Archive regions: 2->2
[2024-10-12T11:09:47.407+0800][info] GC(313) Humongous regions: 3->3
[2024-10-12T11:09:47.407+0800][info] GC(313) Metaspace: 1641K(1792K)->1641K(1792K) NonClass: 1517K(1600K)->1517K(1600K) Class: 124K(192K)->124K(192K)
[2024-10-12T11:09:47.407+0800][info] GC(313) Pause Young (Prepare Mixed) (G1 Evacuation Pause) 116M->116M(128M) 0.947ms
[2024-10-12T11:09:47.407+0800][info] GC(313) User=0.00s Sys=0.01s Real=0.00s
[2024-10-12T11:09:47.407+0800][info] Attempting full compaction
[2024-10-12T11:09:47.407+0800][info] GC(314) Using 3 workers of 48 for full compaction
[2024-10-12T11:09:47.407+0800][info] GC(314) Pause Full (G1 Compaction Pause)
[2024-10-12T11:09:47.407+0800][info] GC(314) Phase 1: Mark live objects
[2024-10-12T11:09:47.411+0800][info] GC(314) Phase 1: Mark live objects 3.174ms
[2024-10-12T11:09:47.411+0800][info] GC(314) Phase 2: Prepare for compaction
[2024-10-12T11:09:47.411+0800][info] GC(314) Phase 2: Prepare for compaction 0.725ms
[2024-10-12T11:09:47.411+0800][info] GC(314) Phase 3: Adjust pointers
[2024-10-12T11:09:47.413+0800][info] GC(314) Phase 3: Adjust pointers 1.612ms
[2024-10-12T11:09:47.413+0800][info] GC(314) Phase 4: Compact heap
[2024-10-12T11:09:47.426+0800][info] GC(314) Phase 4: Compact heap 12.609ms
[2024-10-12T11:09:47.427+0800][info] GC(314) Eden regions: 0->0(4)
[2024-10-12T11:09:47.427+0800][info] GC(314) Survivor regions: 0->0(0)
[2024-10-12T11:09:47.427+0800][info] GC(314) Old regions: 59->39
[2024-10-12T11:09:47.427+0800][info] GC(314) Archive regions: 2->2
[2024-10-12T11:09:47.427+0800][info] GC(314) Humongous regions: 3->3
[2024-10-12T11:09:47.427+0800][info] GC(314) Metaspace: 1641K(1792K)->1641K(1792K) NonClass: 1517K(1600K)->1517K(1600K) Class: 124K(192K)->124K(192K)
[2024-10-12T11:09:47.427+0800][info] GC(314) Pause Full (G1 Compaction Pause) 116M->72M(128M) 19.827ms
[2024-10-12T11:09:47.427+0800][info] GC(314) User=0.04s Sys=0.01s Real=0.02s
[2024-10-12T11:09:47.653+0800][info] GC(315) Pause Young (Normal) (G1 Evacuation Pause)
[2024-10-12T11:09:47.653+0800][info] GC(315) Using 3 workers of 48 for evacuation
[2024-10-12T11:09:47.655+0800][info] GC(315)   Pre Evacuate Collection Set: 0.1ms
[2024-10-12T11:09:47.655+0800][info] GC(315)   Merge Heap Roots: 0.1ms
[2024-10-12T11:09:47.655+0800][info] GC(315)   Evacuate Collection Set: 1.4ms
[2024-10-12T11:09:47.655+0800][info] GC(315)   Post Evacuate Collection Set: 0.2ms
[2024-10-12T11:09:47.655+0800][info] GC(315)   Other: 0.3ms
[2024-10-12T11:09:47.655+0800][info] GC(315) Eden regions: 4->0(2)
[2024-10-12T11:09:47.655+0800][info] GC(315) Survivor regions: 0->1(1)
[2024-10-12T11:09:47.655+0800][info] GC(315) Old regions: 39->43
[2024-10-12T11:09:47.655+0800][info] GC(315) Archive regions: 2->2
[2024-10-12T11:09:47.655+0800][info] GC(315) Humongous regions: 3->3
[2024-10-12T11:09:47.655+0800][info] GC(315) Metaspace: 1641K(1792K)->1641K(1792K) NonClass: 1517K(1600K)->1517K(1600K) Class: 124K(192K)->124K(192K)
[2024-10-12T11:09:47.655+0800][info] GC(315) Pause Young (Normal) (G1 Evacuation Pause) 79M->80M(128M) 2.177ms
[2024-10-12T11:09:47.655+0800][info] GC(315) User=0.00s Sys=0.00s Real=0.01s
[2024-10-12T11:09:47.757+0800][info] GC(316) Pause Young (Normal) (G1 Evacuation Pause)
[2024-10-12T11:09:47.757+0800][info] GC(316) Using 3 workers of 48 for evacuation
[2024-10-12T11:09:47.759+0800][info] GC(316)   Pre Evacuate Collection Set: 0.1ms
[2024-10-12T11:09:47.759+0800][info] GC(316)   Merge Heap Roots: 0.1ms
[2024-10-12T11:09:47.759+0800][info] GC(316)   Evacuate Collection Set: 1.1ms
[2024-10-12T11:09:47.759+0800][info] GC(316)   Post Evacuate Collection Set: 0.2ms
[2024-10-12T11:09:47.759+0800][info] GC(316)   Other: 0.2ms
[2024-10-12T11:09:47.759+0800][info] GC(316) Eden regions: 2->0(2)
[2024-10-12T11:09:47.759+0800][info] GC(316) Survivor regions: 1->1(1)
[2024-10-12T11:09:47.759+0800][info] GC(316) Old regions: 43->45
[2024-10-12T11:09:47.759+0800][info] GC(316) Archive regions: 2->2
[2024-10-12T11:09:47.759+0800][info] GC(316) Humongous regions: 3->3
[2024-10-12T11:09:47.759+0800][info] GC(316) Metaspace: 1641K(1792K)->1641K(1792K) NonClass: 1517K(1600K)->1517K(1600K) Class: 124K(192K)->124K(192K)
[2024-10-12T11:09:47.759+0800][info] GC(316) Pause Young (Normal) (G1 Evacuation Pause) 84M->84M(128M) 1.763ms
[2024-10-12T11:09:47.759+0800][info] GC(316) User=0.01s Sys=0.00s Real=0.00s
[2024-10-12T11:09:47.861+0800][info] GC(317) Pause Young (Concurrent Start) (G1 Evacuation Pause)
[2024-10-12T11:09:47.861+0800][info] GC(317) Using 3 workers of 48 for evacuation
[2024-10-12T11:09:47.863+0800][info] GC(317)   Pre Evacuate Collection Set: 0.1ms
[2024-10-12T11:09:47.863+0800][info] GC(317)   Merge Heap Roots: 0.1ms
[2024-10-12T11:09:47.863+0800][info] GC(317)   Evacuate Collection Set: 1.1ms
[2024-10-12T11:09:47.863+0800][info] GC(317)   Post Evacuate Collection Set: 0.2ms
[2024-10-12T11:09:47.863+0800][info] GC(317)   Other: 0.4ms
[2024-10-12T11:09:47.863+0800][info] GC(317) Eden regions: 2->0(2)
[2024-10-12T11:09:47.863+0800][info] GC(317) Survivor regions: 1->1(1)
[2024-10-12T11:09:47.863+0800][info] GC(317) Old regions: 45->47
[2024-10-12T11:09:47.863+0800][info] GC(317) Archive regions: 2->2
[2024-10-12T11:09:47.863+0800][info] GC(317) Humongous regions: 3->3
[2024-10-12T11:09:47.863+0800][info] GC(317) Metaspace: 1641K(1792K)->1641K(1792K) NonClass: 1517K(1600K)->1517K(1600K) Class: 124K(192K)->124K(192K)
[2024-10-12T11:09:47.863+0800][info] GC(317) Pause Young (Concurrent Start) (G1 Evacuation Pause) 88M->88M(128M) 1.934ms
[2024-10-12T11:09:47.863+0800][info] GC(317) User=0.00s Sys=0.00s Real=0.00s
[2024-10-12T11:09:47.863+0800][info] GC(318) Concurrent Mark Cycle
[2024-10-12T11:09:47.863+0800][info] GC(318) Concurrent Clear Claimed Marks
[2024-10-12T11:09:47.863+0800][info] GC(318) Concurrent Clear Claimed Marks 0.018ms
[2024-10-12T11:09:47.863+0800][info] GC(318) Concurrent Scan Root Regions
[2024-10-12T11:09:47.864+0800][info] GC(318) Concurrent Scan Root Regions 0.153ms
[2024-10-12T11:09:47.864+0800][info] GC(318) Concurrent Mark
[2024-10-12T11:09:47.864+0800][info] GC(318) Concurrent Mark From Roots
[2024-10-12T11:09:47.864+0800][info] GC(318) Using 12 workers of 12 for marking
[2024-10-12T11:09:47.867+0800][info] GC(318) Concurrent Mark From Roots 3.749ms
[2024-10-12T11:09:47.867+0800][info] GC(318) Concurrent Preclean
[2024-10-12T11:09:47.869+0800][info] GC(318) Concurrent Preclean 1.754ms
[2024-10-12T11:09:47.869+0800][info] GC(318) Pause Remark
[2024-10-12T11:09:47.871+0800][info] GC(318) Pause Remark 89M->89M(128M) 1.416ms
[2024-10-12T11:09:47.871+0800][info] GC(318) User=0.00s Sys=0.01s Real=0.00s
[2024-10-12T11:09:47.871+0800][info] GC(318) Concurrent Mark 7.096ms
[2024-10-12T11:09:47.871+0800][info] GC(318) Concurrent Rebuild Remembered Sets
[2024-10-12T11:09:47.872+0800][info] GC(318) Concurrent Rebuild Remembered Sets 1.286ms
[2024-10-12T11:09:47.872+0800][info] GC(318) Pause Cleanup
[2024-10-12T11:09:47.872+0800][info] GC(318) Pause Cleanup 89M->89M(128M) 0.167ms
[2024-10-12T11:09:47.872+0800][info] GC(318) User=0.00s Sys=0.00s Real=0.00s
[2024-10-12T11:09:47.872+0800][info] GC(318) Concurrent Cleanup for Next Mark
[2024-10-12T11:09:47.873+0800][info] GC(318) Concurrent Cleanup for Next Mark 0.404ms
[2024-10-12T11:09:47.873+0800][info] GC(318) Concurrent Mark Cycle 9.416ms
[2024-10-12T11:09:48.017+0800][info] GC(319) Pause Young (Prepare Mixed) (G1 Evacuation Pause)
[2024-10-12T11:09:48.017+0800][info] GC(319) Using 3 workers of 48 for evacuation
[2024-10-12T11:09:48.018+0800][info] GC(319)   Pre Evacuate Collection Set: 0.1ms
[2024-10-12T11:09:48.019+0800][info] GC(319)   Merge Heap Roots: 0.1ms
[2024-10-12T11:09:48.019+0800][info] GC(319)   Evacuate Collection Set: 0.9ms
[2024-10-12T11:09:48.019+0800][info] GC(319)   Post Evacuate Collection Set: 0.2ms
[2024-10-12T11:09:48.019+0800][info] GC(319)   Other: 0.2ms
[2024-10-12T11:09:48.019+0800][info] GC(319) Eden regions: 2->0(2)
[2024-10-12T11:09:48.019+0800][info] GC(319) Survivor regions: 1->1(1)
[2024-10-12T11:09:48.019+0800][info] GC(319) Old regions: 47->48
[2024-10-12T11:09:48.019+0800][info] GC(319) Archive regions: 2->2
[2024-10-12T11:09:48.019+0800][info] GC(319) Humongous regions: 3->3
[2024-10-12T11:09:48.019+0800][info] GC(319) Metaspace: 1641K(1792K)->1641K(1792K) NonClass: 1517K(1600K)->1517K(1600K) Class: 124K(192K)->124K(192K)
[2024-10-12T11:09:48.019+0800][info] GC(319) Pause Young (Prepare Mixed) (G1 Evacuation Pause) 92M->91M(128M) 1.700ms
[2024-10-12T11:09:48.019+0800][info] GC(319) User=0.01s Sys=0.00s Real=0.00s
[2024-10-12T11:09:48.080+0800][info] GC(320) Pause Young (Mixed) (G1 Preventive Collection)
[2024-10-12T11:09:48.080+0800][info] GC(320) Using 3 workers of 48 for evacuation
[2024-10-12T11:09:48.086+0800][info] GC(320) To-space exhausted
[2024-10-12T11:09:48.086+0800][info] GC(320)   Pre Evacuate Collection Set: 0.2ms
[2024-10-12T11:09:48.086+0800][info] GC(320)   Merge Heap Roots: 0.1ms
[2024-10-12T11:09:48.086+0800][info] GC(320)   Evacuate Collection Set: 4.7ms
[2024-10-12T11:09:48.086+0800][info] GC(320)   Post Evacuate Collection Set: 1.0ms
[2024-10-12T11:09:48.086+0800][info] GC(320)   Other: 0.2ms
[2024-10-12T11:09:48.086+0800][info] GC(320) Eden regions: 1->0(2)
[2024-10-12T11:09:48.086+0800][info] GC(320) Survivor regions: 1->1(1)
[2024-10-12T11:09:48.086+0800][info] GC(320) Old regions: 48->53
[2024-10-12T11:09:48.086+0800][info] GC(320) Archive regions: 2->2
[2024-10-12T11:09:48.086+0800][info] GC(320) Humongous regions: 3->3
[2024-10-12T11:09:48.086+0800][info] GC(320) Metaspace: 1641K(1792K)->1641K(1792K) NonClass: 1517K(1600K)->1517K(1600K) Class: 124K(192K)->124K(192K)
[2024-10-12T11:09:48.086+0800][info] GC(320) Pause Young (Mixed) (G1 Preventive Collection) 93M->104M(128M) 6.322ms
[2024-10-12T11:09:48.086+0800][info] GC(320) User=0.01s Sys=0.00s Real=0.01s
[2024-10-12T11:09:48.189+0800][info] GC(321) Pause Young (Concurrent Start) (G1 Preventive Collection)
[2024-10-12T11:09:48.189+0800][info] GC(321) Using 3 workers of 48 for evacuation
[2024-10-12T11:09:48.191+0800][info] GC(321) To-space exhausted
[2024-10-12T11:09:48.191+0800][info] GC(321)   Pre Evacuate Collection Set: 0.1ms
[2024-10-12T11:09:48.191+0800][info] GC(321)   Merge Heap Roots: 0.1ms
[2024-10-12T11:09:48.191+0800][info] GC(321)   Evacuate Collection Set: 1.2ms
[2024-10-12T11:09:48.191+0800][info] GC(321)   Post Evacuate Collection Set: 0.3ms
[2024-10-12T11:09:48.192+0800][info] GC(321)   Other: 0.4ms
[2024-10-12T11:09:48.192+0800][info] GC(321) Eden regions: 2->0(2)
[2024-10-12T11:09:48.192+0800][info] GC(321) Survivor regions: 1->1(1)
[2024-10-12T11:09:48.192+0800][info] GC(321) Old regions: 53->56
[2024-10-12T11:09:48.192+0800][info] GC(321) Archive regions: 2->2
[2024-10-12T11:09:48.192+0800][info] GC(321) Humongous regions: 3->3
[2024-10-12T11:09:48.192+0800][info] GC(321) Metaspace: 1641K(1792K)->1641K(1792K) NonClass: 1517K(1600K)->1517K(1600K) Class: 124K(192K)->124K(192K)
[2024-10-12T11:09:48.192+0800][info] GC(321) Pause Young (Concurrent Start) (G1 Preventive Collection) 107M->110M(128M) 2.178ms
[2024-10-12T11:09:48.192+0800][info] GC(321) User=0.00s Sys=0.00s Real=0.00s
[2024-10-12T11:09:48.192+0800][info] GC(322) Concurrent Mark Cycle
[2024-10-12T11:09:48.192+0800][info] GC(322) Concurrent Clear Claimed Marks
[2024-10-12T11:09:48.192+0800][info] GC(322) Concurrent Clear Claimed Marks 0.019ms
[2024-10-12T11:09:48.192+0800][info] GC(322) Concurrent Scan Root Regions
[2024-10-12T11:09:48.192+0800][info] GC(322) Concurrent Scan Root Regions 0.191ms
[2024-10-12T11:09:48.192+0800][info] GC(322) Concurrent Mark
[2024-10-12T11:09:48.192+0800][info] GC(322) Concurrent Mark From Roots
[2024-10-12T11:09:48.192+0800][info] GC(322) Using 12 workers of 12 for marking
[2024-10-12T11:09:48.198+0800][info] GC(322) Concurrent Mark From Roots 5.765ms
[2024-10-12T11:09:48.198+0800][info] GC(322) Concurrent Preclean
[2024-10-12T11:09:48.199+0800][info] GC(322) Concurrent Preclean 1.681ms
[2024-10-12T11:09:48.200+0800][info] GC(322) Pause Remark
[2024-10-12T11:09:48.201+0800][info] GC(322) Pause Remark 110M->110M(128M) 1.466ms
[2024-10-12T11:09:48.201+0800][info] GC(322) User=0.00s Sys=0.00s Real=0.00s
[2024-10-12T11:09:48.201+0800][info] GC(322) Concurrent Mark 9.121ms
[2024-10-12T11:09:48.201+0800][info] GC(322) Concurrent Rebuild Remembered Sets
[2024-10-12T11:09:48.202+0800][info] GC(322) Concurrent Rebuild Remembered Sets 0.955ms
[2024-10-12T11:09:48.202+0800][info] GC(322) Pause Cleanup
[2024-10-12T11:09:48.202+0800][info] GC(322) Pause Cleanup 110M->110M(128M) 0.240ms
[2024-10-12T11:09:48.202+0800][info] GC(322) User=0.00s Sys=0.00s Real=0.00s
[2024-10-12T11:09:48.202+0800][info] GC(322) Concurrent Cleanup for Next Mark
[2024-10-12T11:09:48.203+0800][info] GC(322) Concurrent Cleanup for Next Mark 0.410ms
[2024-10-12T11:09:48.203+0800][info] GC(322) Concurrent Mark Cycle 11.236ms
[2024-10-12T11:09:48.304+0800][info] GC(323) Pause Young (Prepare Mixed) (G1 Preventive Collection)
[2024-10-12T11:09:48.305+0800][info] GC(323) Using 3 workers of 48 for evacuation
[2024-10-12T11:09:48.306+0800][info] GC(323) To-space exhausted
[2024-10-12T11:09:48.306+0800][info] GC(323)   Pre Evacuate Collection Set: 0.1ms
[2024-10-12T11:09:48.306+0800][info] GC(323)   Merge Heap Roots: 0.1ms
[2024-10-12T11:09:48.306+0800][info] GC(323)   Evacuate Collection Set: 0.7ms
[2024-10-12T11:09:48.306+0800][info] GC(323)   Post Evacuate Collection Set: 0.2ms
[2024-10-12T11:09:48.306+0800][info] GC(323)   Other: 0.2ms
[2024-10-12T11:09:48.306+0800][info] GC(323) Eden regions: 1->0(2)
[2024-10-12T11:09:48.306+0800][info] GC(323) Survivor regions: 1->1(1)
[2024-10-12T11:09:48.306+0800][info] GC(323) Old regions: 56->57
[2024-10-12T11:09:48.306+0800][info] GC(323) Archive regions: 2->2
[2024-10-12T11:09:48.306+0800][info] GC(323) Humongous regions: 3->3
[2024-10-12T11:09:48.306+0800][info] GC(323) Metaspace: 1650K(1792K)->1650K(1792K) NonClass: 1526K(1600K)->1526K(1600K) Class: 124K(192K)->124K(192K)
[2024-10-12T11:09:48.306+0800][info] GC(323) Pause Young (Prepare Mixed) (G1 Preventive Collection) 112M->112M(128M) 1.452ms
[2024-10-12T11:09:48.306+0800][info] GC(323) User=0.00s Sys=0.00s Real=0.01s
[2024-10-12T11:09:48.347+0800][info] GC(324) Pause Young (Mixed) (G1 Evacuation Pause)
[2024-10-12T11:09:48.347+0800][info] GC(324) Using 3 workers of 48 for evacuation
[2024-10-12T11:09:48.350+0800][info] GC(324) To-space exhausted
[2024-10-12T11:09:48.350+0800][info] GC(324)   Pre Evacuate Collection Set: 0.2ms
[2024-10-12T11:09:48.350+0800][info] GC(324)   Merge Heap Roots: 0.1ms
[2024-10-12T11:09:48.350+0800][info] GC(324)   Evacuate Collection Set: 1.0ms
[2024-10-12T11:09:48.350+0800][info] GC(324)   Post Evacuate Collection Set: 1.2ms
[2024-10-12T11:09:48.350+0800][info] GC(324)   Other: 0.3ms
[2024-10-12T11:09:48.350+0800][info] GC(324) Eden regions: 1->0(3)
[2024-10-12T11:09:48.350+0800][info] GC(324) Survivor regions: 1->0(0)
[2024-10-12T11:09:48.350+0800][info] GC(324) Old regions: 57->57
[2024-10-12T11:09:48.350+0800][info] GC(324) Archive regions: 2->2
[2024-10-12T11:09:48.350+0800][info] GC(324) Humongous regions: 3->3
[2024-10-12T11:09:48.350+0800][info] GC(324) Metaspace: 1650K(1792K)->1650K(1792K) NonClass: 1526K(1600K)->1526K(1600K) Class: 124K(192K)->124K(192K)
[2024-10-12T11:09:48.350+0800][info] GC(324) Pause Young (Mixed) (G1 Evacuation Pause) 113M->110M(128M) 2.776ms
[2024-10-12T11:09:48.350+0800][info] GC(324) User=0.01s Sys=0.00s Real=0.00s
[2024-10-12T11:09:48.411+0800][info] GC(325) Pause Young (Concurrent Start) (G1 Preventive Collection)
[2024-10-12T11:09:48.411+0800][info] GC(325) Using 3 workers of 48 for evacuation
[2024-10-12T11:09:48.413+0800][info] GC(325)   Pre Evacuate Collection Set: 0.1ms
[2024-10-12T11:09:48.413+0800][info] GC(325)   Merge Heap Roots: 0.1ms
[2024-10-12T11:09:48.413+0800][info] GC(325)   Evacuate Collection Set: 0.8ms
[2024-10-12T11:09:48.413+0800][info] GC(325)   Post Evacuate Collection Set: 0.2ms
[2024-10-12T11:09:48.413+0800][info] GC(325)   Other: 0.4ms
[2024-10-12T11:09:48.413+0800][info] GC(325) Eden regions: 1->0(2)
[2024-10-12T11:09:48.413+0800][info] GC(325) Survivor regions: 0->1(1)
[2024-10-12T11:09:48.413+0800][info] GC(325) Old regions: 57->57
[2024-10-12T11:09:48.413+0800][info] GC(325) Archive regions: 2->2
[2024-10-12T11:09:48.413+0800][info] GC(325) Humongous regions: 3->3
[2024-10-12T11:09:48.413+0800][info] GC(325) Metaspace: 1650K(1792K)->1650K(1792K) NonClass: 1526K(1600K)->1526K(1600K) Class: 124K(192K)->124K(192K)
[2024-10-12T11:09:48.413+0800][info] GC(325) Pause Young (Concurrent Start) (G1 Preventive Collection) 111M->111M(128M) 1.649ms
[2024-10-12T11:09:48.413+0800][info] GC(325) User=0.00s Sys=0.00s Real=0.00s
[2024-10-12T11:09:48.413+0800][info] GC(326) Concurrent Mark Cycle
[2024-10-12T11:09:48.413+0800][info] GC(326) Concurrent Clear Claimed Marks
[2024-10-12T11:09:48.413+0800][info] GC(326) Concurrent Clear Claimed Marks 0.015ms
[2024-10-12T11:09:48.413+0800][info] GC(326) Concurrent Scan Root Regions
[2024-10-12T11:09:48.413+0800][info] GC(326) Concurrent Scan Root Regions 0.179ms
[2024-10-12T11:09:48.413+0800][info] GC(326) Concurrent Mark
[2024-10-12T11:09:48.413+0800][info] GC(326) Concurrent Mark From Roots
[2024-10-12T11:09:48.413+0800][info] GC(326) Using 12 workers of 12 for marking
[2024-10-12T11:09:48.417+0800][info] GC(326) Concurrent Mark From Roots 3.364ms
[2024-10-12T11:09:48.417+0800][info] GC(326) Concurrent Preclean
[2024-10-12T11:09:48.418+0800][info] GC(326) Concurrent Preclean 1.742ms
[2024-10-12T11:09:48.418+0800][info] GC(326) Pause Remark
[2024-10-12T11:09:48.420+0800][info] GC(326) Pause Remark 112M->112M(128M) 1.377ms
[2024-10-12T11:09:48.420+0800][info] GC(326) User=0.00s Sys=0.00s Real=0.00s
[2024-10-12T11:09:48.420+0800][info] GC(326) Concurrent Mark 6.715ms
[2024-10-12T11:09:48.420+0800][info] GC(326) Concurrent Rebuild Remembered Sets
[2024-10-12T11:09:48.421+0800][info] GC(326) Concurrent Rebuild Remembered Sets 1.019ms
[2024-10-12T11:09:48.421+0800][info] GC(326) Pause Cleanup
[2024-10-12T11:09:48.421+0800][info] GC(326) Pause Cleanup 112M->112M(128M) 0.176ms
[2024-10-12T11:09:48.421+0800][info] GC(326) User=0.00s Sys=0.00s Real=0.00s
[2024-10-12T11:09:48.421+0800][info] GC(326) Concurrent Cleanup for Next Mark
[2024-10-12T11:09:48.422+0800][info] GC(326) Concurrent Cleanup for Next Mark 0.369ms
[2024-10-12T11:09:48.422+0800][info] GC(326) Concurrent Mark Cycle 8.750ms
[2024-10-12T11:09:48.506+0800][info] GC(327) Pause Young (Prepare Mixed) (G1 Evacuation Pause)
[2024-10-12T11:09:48.506+0800][info] GC(327) Using 3 workers of 48 for evacuation
[2024-10-12T11:09:48.507+0800][info] GC(327) To-space exhausted
[2024-10-12T11:09:48.507+0800][info] GC(327)   Pre Evacuate Collection Set: 0.1ms
[2024-10-12T11:09:48.507+0800][info] GC(327)   Merge Heap Roots: 0.1ms
[2024-10-12T11:09:48.507+0800][info] GC(327)   Evacuate Collection Set: 0.2ms
[2024-10-12T11:09:48.507+0800][info] GC(327)   Post Evacuate Collection Set: 0.3ms
[2024-10-12T11:09:48.507+0800][info] GC(327)   Other: 0.2ms
[2024-10-12T11:09:48.507+0800][info] GC(327) Eden regions: 1->0(3)
[2024-10-12T11:09:48.507+0800][info] GC(327) Survivor regions: 1->0(0)
[2024-10-12T11:09:48.507+0800][info] GC(327) Old regions: 57->59
[2024-10-12T11:09:48.507+0800][info] GC(327) Archive regions: 2->2
[2024-10-12T11:09:48.507+0800][info] GC(327) Humongous regions: 3->3
[2024-10-12T11:09:48.507+0800][info] GC(327) Metaspace: 1650K(1792K)->1650K(1792K) NonClass: 1526K(1600K)->1526K(1600K) Class: 124K(192K)->124K(192K)
[2024-10-12T11:09:48.507+0800][info] GC(327) Pause Young (Prepare Mixed) (G1 Evacuation Pause) 113M->113M(128M) 0.967ms
[2024-10-12T11:09:48.507+0800][info] GC(327) User=0.00s Sys=0.00s Real=0.00s
[2024-10-12T11:09:48.507+0800][info] Attempting full compaction
[2024-10-12T11:09:48.507+0800][info] GC(328) Using 3 workers of 48 for full compaction
[2024-10-12T11:09:48.507+0800][info] GC(328) Pause Full (G1 Compaction Pause)
[2024-10-12T11:09:48.507+0800][info] GC(328) Phase 1: Mark live objects
[2024-10-12T11:09:48.510+0800][info] GC(328) Phase 1: Mark live objects 3.418ms
[2024-10-12T11:09:48.510+0800][info] GC(328) Phase 2: Prepare for compaction
[2024-10-12T11:09:48.511+0800][info] GC(328) Phase 2: Prepare for compaction 0.665ms
[2024-10-12T11:09:48.511+0800][info] GC(328) Phase 3: Adjust pointers
[2024-10-12T11:09:48.513+0800][info] GC(328) Phase 3: Adjust pointers 1.611ms
[2024-10-12T11:09:48.513+0800][info] GC(328) Phase 4: Compact heap
[2024-10-12T11:09:48.525+0800][info] GC(328) Phase 4: Compact heap 12.201ms
[2024-10-12T11:09:48.526+0800][info] GC(328) Eden regions: 0->0(4)
[2024-10-12T11:09:48.526+0800][info] GC(328) Survivor regions: 0->0(0)
[2024-10-12T11:09:48.526+0800][info] GC(328) Old regions: 59->39
[2024-10-12T11:09:48.526+0800][info] GC(328) Archive regions: 2->2
[2024-10-12T11:09:48.526+0800][info] GC(328) Humongous regions: 3->3
[2024-10-12T11:09:48.526+0800][info] GC(328) Metaspace: 1650K(1792K)->1650K(1792K) NonClass: 1526K(1600K)->1526K(1600K) Class: 124K(192K)->124K(192K)
[2024-10-12T11:09:48.527+0800][info] GC(328) Pause Full (G1 Compaction Pause) 113M->72M(128M) 19.746ms
[2024-10-12T11:09:48.527+0800][info] GC(328) User=0.05s Sys=0.00s Real=0.02s
[2024-10-12T11:09:48.752+0800][info] GC(329) Pause Young (Normal) (G1 Evacuation Pause)
[2024-10-12T11:09:48.752+0800][info] GC(329) Using 3 workers of 48 for evacuation
[2024-10-12T11:09:48.754+0800][info] GC(329)   Pre Evacuate Collection Set: 0.1ms
[2024-10-12T11:09:48.754+0800][info] GC(329)   Merge Heap Roots: 0.1ms
[2024-10-12T11:09:48.754+0800][info] GC(329)   Evacuate Collection Set: 1.4ms
[2024-10-12T11:09:48.754+0800][info] GC(329)   Post Evacuate Collection Set: 0.2ms
[2024-10-12T11:09:48.755+0800][info] GC(329)   Other: 0.3ms
[2024-10-12T11:09:48.755+0800][info] GC(329) Eden regions: 4->0(2)
[2024-10-12T11:09:48.755+0800][info] GC(329) Survivor regions: 0->1(1)
[2024-10-12T11:09:48.755+0800][info] GC(329) Old regions: 39->43
[2024-10-12T11:09:48.755+0800][info] GC(329) Archive regions: 2->2
[2024-10-12T11:09:48.755+0800][info] GC(329) Humongous regions: 4->4
[2024-10-12T11:09:48.755+0800][info] GC(329) Metaspace: 1650K(1792K)->1650K(1792K) NonClass: 1526K(1600K)->1526K(1600K) Class: 124K(192K)->124K(192K)
[2024-10-12T11:09:48.755+0800][info] GC(329) Pause Young (Normal) (G1 Evacuation Pause) 81M->82M(128M) 2.240ms
[2024-10-12T11:09:48.755+0800][info] GC(329) User=0.00s Sys=0.00s Real=0.01s
[2024-10-12T11:09:48.857+0800][info] GC(330) Pause Young (Normal) (G1 Evacuation Pause)
[2024-10-12T11:09:48.857+0800][info] GC(330) Using 3 workers of 48 for evacuation
[2024-10-12T11:09:48.859+0800][info] GC(330)   Pre Evacuate Collection Set: 0.1ms
[2024-10-12T11:09:48.859+0800][info] GC(330)   Merge Heap Roots: 0.1ms
[2024-10-12T11:09:48.859+0800][info] GC(330)   Evacuate Collection Set: 1.3ms
[2024-10-12T11:09:48.859+0800][info] GC(330)   Post Evacuate Collection Set: 0.2ms
[2024-10-12T11:09:48.859+0800][info] GC(330)   Other: 0.2ms
[2024-10-12T11:09:48.859+0800][info] GC(330) Eden regions: 2->0(2)
[2024-10-12T11:09:48.859+0800][info] GC(330) Survivor regions: 1->1(1)
[2024-10-12T11:09:48.859+0800][info] GC(330) Old regions: 43->44
[2024-10-12T11:09:48.859+0800][info] GC(330) Archive regions: 2->2
[2024-10-12T11:09:48.859+0800][info] GC(330) Humongous regions: 4->4
[2024-10-12T11:09:48.859+0800][info] GC(330) Metaspace: 1650K(1792K)->1650K(1792K) NonClass: 1526K(1600K)->1526K(1600K) Class: 124K(192K)->124K(192K)
[2024-10-12T11:09:48.859+0800][info] GC(330) Pause Young (Normal) (G1 Evacuation Pause) 86M->85M(128M) 2.026ms
[2024-10-12T11:09:48.859+0800][info] GC(330) User=0.01s Sys=0.00s Real=0.00s
[2024-10-12T11:09:48.961+0800][info] GC(331) Pause Young (Concurrent Start) (G1 Evacuation Pause)
[2024-10-12T11:09:48.961+0800][info] GC(331) Using 3 workers of 48 for evacuation
[2024-10-12T11:09:48.963+0800][info] GC(331)   Pre Evacuate Collection Set: 0.1ms
[2024-10-12T11:09:48.963+0800][info] GC(331)   Merge Heap Roots: 0.1ms
[2024-10-12T11:09:48.963+0800][info] GC(331)   Evacuate Collection Set: 0.9ms
[2024-10-12T11:09:48.963+0800][info] GC(331)   Post Evacuate Collection Set: 0.2ms
[2024-10-12T11:09:48.963+0800][info] GC(331)   Other: 0.4ms
[2024-10-12T11:09:48.963+0800][info] GC(331) Eden regions: 2->0(2)
[2024-10-12T11:09:48.963+0800][info] GC(331) Survivor regions: 1->1(1)
[2024-10-12T11:09:48.963+0800][info] GC(331) Old regions: 44->46
[2024-10-12T11:09:48.963+0800][info] GC(331) Archive regions: 2->2
[2024-10-12T11:09:48.963+0800][info] GC(331) Humongous regions: 4->4
[2024-10-12T11:09:48.963+0800][info] GC(331) Metaspace: 1651K(1856K)->1651K(1856K) NonClass: 1527K(1664K)->1527K(1664K) Class: 124K(192K)->124K(192K)
[2024-10-12T11:09:48.963+0800][info] GC(331) Pause Young (Concurrent Start) (G1 Evacuation Pause) 89M->89M(128M) 1.782ms
[2024-10-12T11:09:48.963+0800][info] GC(331) User=0.00s Sys=0.00s Real=0.00s
[2024-10-12T11:09:48.963+0800][info] GC(332) Concurrent Mark Cycle
[2024-10-12T11:09:48.963+0800][info] GC(332) Concurrent Clear Claimed Marks
[2024-10-12T11:09:48.963+0800][info] GC(332) Concurrent Clear Claimed Marks 0.018ms
[2024-10-12T11:09:48.963+0800][info] GC(332) Concurrent Scan Root Regions
[2024-10-12T11:09:48.963+0800][info] GC(332) Concurrent Scan Root Regions 0.126ms
[2024-10-12T11:09:48.963+0800][info] GC(332) Concurrent Mark
[2024-10-12T11:09:48.963+0800][info] GC(332) Concurrent Mark From Roots
[2024-10-12T11:09:48.963+0800][info] GC(332) Using 12 workers of 12 for marking
[2024-10-12T11:09:48.968+0800][info] GC(332) Concurrent Mark From Roots 4.557ms
[2024-10-12T11:09:48.968+0800][info] GC(332) Concurrent Preclean
[2024-10-12T11:09:48.970+0800][info] GC(332) Concurrent Preclean 1.733ms
[2024-10-12T11:09:48.970+0800][info] GC(332) Pause Remark
[2024-10-12T11:09:48.971+0800][info] GC(332) Pause Remark 90M->88M(128M) 1.508ms
[2024-10-12T11:09:48.971+0800][info] GC(332) User=0.01s Sys=0.00s Real=0.00s
[2024-10-12T11:09:48.971+0800][info] GC(332) Concurrent Mark 8.022ms
[2024-10-12T11:09:48.971+0800][info] GC(332) Concurrent Rebuild Remembered Sets
[2024-10-12T11:09:48.973+0800][info] GC(332) Concurrent Rebuild Remembered Sets 1.213ms
[2024-10-12T11:09:48.973+0800][info] GC(332) Pause Cleanup
[2024-10-12T11:09:48.973+0800][info] GC(332) Pause Cleanup 88M->88M(128M) 0.169ms
[2024-10-12T11:09:48.973+0800][info] GC(332) User=0.00s Sys=0.00s Real=0.00s
[2024-10-12T11:09:48.973+0800][info] GC(332) Concurrent Cleanup for Next Mark
[2024-10-12T11:09:48.973+0800][info] GC(332) Concurrent Cleanup for Next Mark 0.344ms
[2024-10-12T11:09:48.973+0800][info] GC(332) Concurrent Mark Cycle 10.181ms
[2024-10-12T11:09:49.117+0800][info] GC(333) Pause Young (Prepare Mixed) (G1 Evacuation Pause)
[2024-10-12T11:09:49.117+0800][info] GC(333) Using 3 workers of 48 for evacuation
[2024-10-12T11:09:49.118+0800][info] GC(333)   Pre Evacuate Collection Set: 0.1ms
[2024-10-12T11:09:49.118+0800][info] GC(333)   Merge Heap Roots: 0.1ms
[2024-10-12T11:09:49.118+0800][info] GC(333)   Evacuate Collection Set: 1.1ms
[2024-10-12T11:09:49.118+0800][info] GC(333)   Post Evacuate Collection Set: 0.2ms
[2024-10-12T11:09:49.118+0800][info] GC(333)   Other: 0.3ms
[2024-10-12T11:09:49.118+0800][info] GC(333) Eden regions: 2->0(2)
[2024-10-12T11:09:49.118+0800][info] GC(333) Survivor regions: 1->1(1)
[2024-10-12T11:09:49.118+0800][info] GC(333) Old regions: 46->48
[2024-10-12T11:09:49.118+0800][info] GC(333) Archive regions: 2->2
[2024-10-12T11:09:49.118+0800][info] GC(333) Humongous regions: 3->3
[2024-10-12T11:09:49.118+0800][info] GC(333) Metaspace: 1651K(1856K)->1651K(1856K) NonClass: 1527K(1664K)->1527K(1664K) Class: 124K(192K)->124K(192K)
[2024-10-12T11:09:49.118+0800][info] GC(333) Pause Young (Prepare Mixed) (G1 Evacuation Pause) 91M->91M(128M) 1.911ms
[2024-10-12T11:09:49.118+0800][info] GC(333) User=0.00s Sys=0.00s Real=0.00s
[2024-10-12T11:09:49.180+0800][info] GC(334) Pause Young (Mixed) (G1 Preventive Collection)
[2024-10-12T11:09:49.180+0800][info] GC(334) Using 3 workers of 48 for evacuation
[2024-10-12T11:09:49.186+0800][info] GC(334) To-space exhausted
[2024-10-12T11:09:49.186+0800][info] GC(334)   Pre Evacuate Collection Set: 0.2ms
[2024-10-12T11:09:49.186+0800][info] GC(334)   Merge Heap Roots: 0.1ms
[2024-10-12T11:09:49.186+0800][info] GC(334)   Evacuate Collection Set: 4.2ms
[2024-10-12T11:09:49.186+0800][info] GC(334)   Post Evacuate Collection Set: 1.2ms
[2024-10-12T11:09:49.186+0800][info] GC(334)   Other: 0.3ms
[2024-10-12T11:09:49.186+0800][info] GC(334) Eden regions: 1->0(2)
[2024-10-12T11:09:49.186+0800][info] GC(334) Survivor regions: 1->1(1)
[2024-10-12T11:09:49.186+0800][info] GC(334) Old regions: 48->56
[2024-10-12T11:09:49.186+0800][info] GC(334) Archive regions: 2->2
[2024-10-12T11:09:49.186+0800][info] GC(334) Humongous regions: 3->3
[2024-10-12T11:09:49.186+0800][info] GC(334) Metaspace: 1651K(1856K)->1651K(1856K) NonClass: 1527K(1664K)->1527K(1664K) Class: 124K(192K)->124K(192K)
[2024-10-12T11:09:49.186+0800][info] GC(334) Pause Young (Mixed) (G1 Preventive Collection) 93M->109M(128M) 6.114ms
[2024-10-12T11:09:49.186+0800][info] GC(334) User=0.02s Sys=0.00s Real=0.01s
[2024-10-12T11:09:49.228+0800][info] GC(335) Pause Young (Concurrent Start) (G1 Preventive Collection)
[2024-10-12T11:09:49.228+0800][info] GC(335) Using 3 workers of 48 for evacuation
[2024-10-12T11:09:49.229+0800][info] GC(335) To-space exhausted
[2024-10-12T11:09:49.229+0800][info] GC(335)   Pre Evacuate Collection Set: 0.1ms
[2024-10-12T11:09:49.229+0800][info] GC(335)   Merge Heap Roots: 0.1ms
[2024-10-12T11:09:49.229+0800][info] GC(335)   Evacuate Collection Set: 0.8ms
[2024-10-12T11:09:49.229+0800][info] GC(335)   Post Evacuate Collection Set: 0.2ms
[2024-10-12T11:09:49.229+0800][info] GC(335)   Other: 0.4ms
[2024-10-12T11:09:49.229+0800][info] GC(335) Eden regions: 1->0(2)
[2024-10-12T11:09:49.229+0800][info] GC(335) Survivor regions: 1->1(1)
[2024-10-12T11:09:49.229+0800][info] GC(335) Old regions: 56->57
[2024-10-12T11:09:49.229+0800][info] GC(335) Archive regions: 2->2
[2024-10-12T11:09:49.229+0800][info] GC(335) Humongous regions: 3->3
[2024-10-12T11:09:49.229+0800][info] GC(335) Metaspace: 1651K(1856K)->1651K(1856K) NonClass: 1527K(1664K)->1527K(1664K) Class: 124K(192K)->124K(192K)
[2024-10-12T11:09:49.229+0800][info] GC(335) Pause Young (Concurrent Start) (G1 Preventive Collection) 111M->111M(128M) 1.822ms
[2024-10-12T11:09:49.229+0800][info] GC(335) User=0.00s Sys=0.00s Real=0.00s
[2024-10-12T11:09:49.229+0800][info] GC(336) Concurrent Mark Cycle
[2024-10-12T11:09:49.230+0800][info] GC(336) Concurrent Clear Claimed Marks
[2024-10-12T11:09:49.230+0800][info] GC(336) Concurrent Clear Claimed Marks 0.019ms
[2024-10-12T11:09:49.230+0800][info] GC(336) Concurrent Scan Root Regions
[2024-10-12T11:09:49.230+0800][info] GC(336) Concurrent Scan Root Regions 0.169ms
[2024-10-12T11:09:49.230+0800][info] GC(336) Concurrent Mark
[2024-10-12T11:09:49.230+0800][info] GC(336) Concurrent Mark From Roots
[2024-10-12T11:09:49.230+0800][info] GC(336) Using 12 workers of 12 for marking
[2024-10-12T11:09:49.236+0800][info] GC(336) Concurrent Mark From Roots 6.403ms
[2024-10-12T11:09:49.236+0800][info] GC(336) Concurrent Preclean
[2024-10-12T11:09:49.238+0800][info] GC(336) Concurrent Preclean 1.709ms
[2024-10-12T11:09:49.238+0800][info] GC(336) Pause Remark
[2024-10-12T11:09:49.239+0800][info] GC(336) Pause Remark 111M->111M(128M) 1.491ms
[2024-10-12T11:09:49.240+0800][info] GC(336) User=0.00s Sys=0.00s Real=0.00s
[2024-10-12T11:09:49.240+0800][info] GC(336) Concurrent Mark 9.847ms
[2024-10-12T11:09:49.240+0800][info] GC(336) Concurrent Rebuild Remembered Sets
[2024-10-12T11:09:49.241+0800][info] GC(336) Concurrent Rebuild Remembered Sets 1.309ms
[2024-10-12T11:09:49.241+0800][info] GC(336) Pause Cleanup
[2024-10-12T11:09:49.241+0800][info] GC(336) Pause Cleanup 111M->111M(128M) 0.199ms
[2024-10-12T11:09:49.241+0800][info] GC(336) User=0.00s Sys=0.00s Real=0.00s
[2024-10-12T11:09:49.241+0800][info] GC(336) Concurrent Cleanup for Next Mark
[2024-10-12T11:09:49.242+0800][info] GC(336) Concurrent Cleanup for Next Mark 0.478ms
[2024-10-12T11:09:49.242+0800][info] GC(336) Concurrent Mark Cycle 12.318ms
[2024-10-12T11:09:49.342+0800][info] GC(337) Pause Young (Prepare Mixed) (G1 Evacuation Pause)
[2024-10-12T11:09:49.342+0800][info] GC(337) Using 3 workers of 48 for evacuation
[2024-10-12T11:09:49.343+0800][info] GC(337) To-space exhausted
[2024-10-12T11:09:49.343+0800][info] GC(337)   Pre Evacuate Collection Set: 0.1ms
[2024-10-12T11:09:49.343+0800][info] GC(337)   Merge Heap Roots: 0.1ms
[2024-10-12T11:09:49.343+0800][info] GC(337)   Evacuate Collection Set: 0.2ms
[2024-10-12T11:09:49.343+0800][info] GC(337)   Post Evacuate Collection Set: 0.3ms
[2024-10-12T11:09:49.343+0800][info] GC(337)   Other: 0.2ms
[2024-10-12T11:09:49.343+0800][info] GC(337) Eden regions: 1->0(3)
[2024-10-12T11:09:49.343+0800][info] GC(337) Survivor regions: 1->0(0)
[2024-10-12T11:09:49.343+0800][info] GC(337) Old regions: 57->59
[2024-10-12T11:09:49.343+0800][info] GC(337) Archive regions: 2->2
[2024-10-12T11:09:49.343+0800][info] GC(337) Humongous regions: 3->3
[2024-10-12T11:09:49.343+0800][info] GC(337) Metaspace: 1651K(1856K)->1651K(1856K) NonClass: 1527K(1664K)->1527K(1664K) Class: 124K(192K)->124K(192K)
[2024-10-12T11:09:49.343+0800][info] GC(337) Pause Young (Prepare Mixed) (G1 Evacuation Pause) 113M->113M(128M) 0.980ms
[2024-10-12T11:09:49.343+0800][info] GC(337) User=0.00s Sys=0.00s Real=0.00s
[2024-10-12T11:09:49.343+0800][info] Attempting full compaction
[2024-10-12T11:09:49.343+0800][info] GC(338) Using 3 workers of 48 for full compaction
[2024-10-12T11:09:49.343+0800][info] GC(338) Pause Full (G1 Compaction Pause)
[2024-10-12T11:09:49.343+0800][info] GC(338) Phase 1: Mark live objects
[2024-10-12T11:09:49.346+0800][info] GC(338) Phase 1: Mark live objects 3.038ms
[2024-10-12T11:09:49.346+0800][info] GC(338) Phase 2: Prepare for compaction
[2024-10-12T11:09:49.347+0800][info] GC(338) Phase 2: Prepare for compaction 0.518ms
[2024-10-12T11:09:49.347+0800][info] GC(338) Phase 3: Adjust pointers
[2024-10-12T11:09:49.348+0800][info] GC(338) Phase 3: Adjust pointers 1.658ms
[2024-10-12T11:09:49.348+0800][info] GC(338) Phase 4: Compact heap
[2024-10-12T11:09:49.360+0800][info] GC(338) Phase 4: Compact heap 11.863ms
[2024-10-12T11:09:49.362+0800][info] GC(338) Eden regions: 0->0(5)
[2024-10-12T11:09:49.362+0800][info] GC(338) Survivor regions: 0->0(0)
[2024-10-12T11:09:49.362+0800][info] GC(338) Old regions: 59->37
[2024-10-12T11:09:49.362+0800][info] GC(338) Archive regions: 2->2
[2024-10-12T11:09:49.362+0800][info] GC(338) Humongous regions: 3->3
[2024-10-12T11:09:49.362+0800][info] GC(338) Metaspace: 1651K(1856K)->1651K(1856K) NonClass: 1527K(1664K)->1527K(1664K) Class: 124K(192K)->124K(192K)
[2024-10-12T11:09:49.362+0800][info] GC(338) Pause Full (G1 Compaction Pause) 113M->71M(128M) 18.795ms
[2024-10-12T11:09:49.362+0800][info] GC(338) User=0.04s Sys=0.00s Real=0.02s
[2024-10-12T11:09:49.628+0800][info] GC(339) Pause Young (Normal) (G1 Evacuation Pause)
[2024-10-12T11:09:49.628+0800][info] GC(339) Using 3 workers of 48 for evacuation
[2024-10-12T11:09:49.630+0800][info] GC(339)   Pre Evacuate Collection Set: 0.1ms
[2024-10-12T11:09:49.630+0800][info] GC(339)   Merge Heap Roots: 0.0ms
[2024-10-12T11:09:49.630+0800][info] GC(339)   Evacuate Collection Set: 1.5ms
[2024-10-12T11:09:49.630+0800][info] GC(339)   Post Evacuate Collection Set: 0.2ms
[2024-10-12T11:09:49.630+0800][info] GC(339)   Other: 0.2ms
[2024-10-12T11:09:49.630+0800][info] GC(339) Eden regions: 5->0(2)
[2024-10-12T11:09:49.630+0800][info] GC(339) Survivor regions: 0->1(1)
[2024-10-12T11:09:49.630+0800][info] GC(339) Old regions: 37->41
[2024-10-12T11:09:49.630+0800][info] GC(339) Archive regions: 2->2
[2024-10-12T11:09:49.630+0800][info] GC(339) Humongous regions: 3->3
[2024-10-12T11:09:49.630+0800][info] GC(339) Metaspace: 1652K(1856K)->1652K(1856K) NonClass: 1527K(1664K)->1527K(1664K) Class: 124K(192K)->124K(192K)
[2024-10-12T11:09:49.630+0800][info] GC(339) Pause Young (Normal) (G1 Evacuation Pause) 81M->81M(128M) 2.233ms
[2024-10-12T11:09:49.630+0800][info] GC(339) User=0.00s Sys=0.00s Real=0.00s
[2024-10-12T11:09:49.733+0800][info] GC(340) Pause Young (Normal) (G1 Evacuation Pause)
[2024-10-12T11:09:49.733+0800][info] GC(340) Using 3 workers of 48 for evacuation
[2024-10-12T11:09:49.734+0800][info] GC(340)   Pre Evacuate Collection Set: 0.1ms
[2024-10-12T11:09:49.734+0800][info] GC(340)   Merge Heap Roots: 0.1ms
[2024-10-12T11:09:49.734+0800][info] GC(340)   Evacuate Collection Set: 0.9ms
[2024-10-12T11:09:49.734+0800][info] GC(340)   Post Evacuate Collection Set: 0.2ms
[2024-10-12T11:09:49.734+0800][info] GC(340)   Other: 0.2ms
[2024-10-12T11:09:49.734+0800][info] GC(340) Eden regions: 2->0(2)
[2024-10-12T11:09:49.734+0800][info] GC(340) Survivor regions: 1->1(1)
[2024-10-12T11:09:49.734+0800][info] GC(340) Old regions: 41->43
[2024-10-12T11:09:49.734+0800][info] GC(340) Archive regions: 2->2
[2024-10-12T11:09:49.734+0800][info] GC(340) Humongous regions: 3->3
[2024-10-12T11:09:49.734+0800][info] GC(340) Metaspace: 1652K(1856K)->1652K(1856K) NonClass: 1527K(1664K)->1527K(1664K) Class: 124K(192K)->124K(192K)
[2024-10-12T11:09:49.734+0800][info] GC(340) Pause Young (Normal) (G1 Evacuation Pause) 84M->84M(128M) 1.649ms
[2024-10-12T11:09:49.734+0800][info] GC(340) User=0.00s Sys=0.00s Real=0.01s
[2024-10-12T11:09:49.837+0800][info] GC(341) Pause Young (Concurrent Start) (G1 Evacuation Pause)
[2024-10-12T11:09:49.837+0800][info] GC(341) Using 3 workers of 48 for evacuation
[2024-10-12T11:09:49.839+0800][info] GC(341)   Pre Evacuate Collection Set: 0.1ms
[2024-10-12T11:09:49.839+0800][info] GC(341)   Merge Heap Roots: 0.1ms
[2024-10-12T11:09:49.839+0800][info] GC(341)   Evacuate Collection Set: 1.2ms
[2024-10-12T11:09:49.839+0800][info] GC(341)   Post Evacuate Collection Set: 0.2ms
[2024-10-12T11:09:49.839+0800][info] GC(341)   Other: 0.4ms
[2024-10-12T11:09:49.839+0800][info] GC(341) Eden regions: 2->0(2)
[2024-10-12T11:09:49.839+0800][info] GC(341) Survivor regions: 1->1(1)
[2024-10-12T11:09:49.839+0800][info] GC(341) Old regions: 43->45
[2024-10-12T11:09:49.839+0800][info] GC(341) Archive regions: 2->2
[2024-10-12T11:09:49.839+0800][info] GC(341) Humongous regions: 3->3
[2024-10-12T11:09:49.839+0800][info] GC(341) Metaspace: 1652K(1856K)->1652K(1856K) NonClass: 1527K(1664K)->1527K(1664K) Class: 124K(192K)->124K(192K)
[2024-10-12T11:09:49.839+0800][info] GC(341) Pause Young (Concurrent Start) (G1 Evacuation Pause) 87M->88M(128M) 2.122ms
[2024-10-12T11:09:49.839+0800][info] GC(341) User=0.01s Sys=0.00s Real=0.00s
[2024-10-12T11:09:49.839+0800][info] GC(342) Concurrent Mark Cycle
[2024-10-12T11:09:49.839+0800][info] GC(342) Concurrent Clear Claimed Marks
[2024-10-12T11:09:49.839+0800][info] GC(342) Concurrent Clear Claimed Marks 0.015ms
[2024-10-12T11:09:49.839+0800][info] GC(342) Concurrent Scan Root Regions
[2024-10-12T11:09:49.839+0800][info] GC(342) Concurrent Scan Root Regions 0.155ms
[2024-10-12T11:09:49.839+0800][info] GC(342) Concurrent Mark
[2024-10-12T11:09:49.839+0800][info] GC(342) Concurrent Mark From Roots
[2024-10-12T11:09:49.839+0800][info] GC(342) Using 12 workers of 12 for marking
[2024-10-12T11:09:49.843+0800][info] GC(342) Concurrent Mark From Roots 4.022ms
[2024-10-12T11:09:49.843+0800][info] GC(342) Concurrent Preclean
[2024-10-12T11:09:49.845+0800][info] GC(342) Concurrent Preclean 1.691ms
[2024-10-12T11:09:49.845+0800][info] GC(342) Pause Remark
[2024-10-12T11:09:49.846+0800][info] GC(342) Pause Remark 88M->88M(128M) 1.479ms
[2024-10-12T11:09:49.846+0800][info] GC(342) User=0.00s Sys=0.00s Real=0.01s
[2024-10-12T11:09:49.846+0800][info] GC(342) Concurrent Mark 7.406ms
[2024-10-12T11:09:49.846+0800][info] GC(342) Concurrent Rebuild Remembered Sets
[2024-10-12T11:09:49.848+0800][info] GC(342) Concurrent Rebuild Remembered Sets 1.187ms
[2024-10-12T11:09:49.848+0800][info] GC(342) Pause Cleanup
[2024-10-12T11:09:49.848+0800][info] GC(342) Pause Cleanup 88M->88M(128M) 0.211ms
[2024-10-12T11:09:49.848+0800][info] GC(342) User=0.00s Sys=0.00s Real=0.00s
[2024-10-12T11:09:49.848+0800][info] GC(342) Concurrent Cleanup for Next Mark
[2024-10-12T11:09:49.848+0800][info] GC(342) Concurrent Cleanup for Next Mark 0.498ms
[2024-10-12T11:09:49.849+0800][info] GC(342) Concurrent Mark Cycle 9.697ms
[2024-10-12T11:09:49.993+0800][info] GC(343) Pause Young (Prepare Mixed) (G1 Evacuation Pause)
[2024-10-12T11:09:49.993+0800][info] GC(343) Using 3 workers of 48 for evacuation
[2024-10-12T11:09:49.994+0800][info] GC(343)   Pre Evacuate Collection Set: 0.1ms
[2024-10-12T11:09:49.994+0800][info] GC(343)   Merge Heap Roots: 0.1ms
[2024-10-12T11:09:49.994+0800][info] GC(343)   Evacuate Collection Set: 1.2ms
[2024-10-12T11:09:49.994+0800][info] GC(343)   Post Evacuate Collection Set: 0.2ms
[2024-10-12T11:09:49.994+0800][info] GC(343)   Other: 0.3ms
[2024-10-12T11:09:49.995+0800][info] GC(343) Eden regions: 2->0(2)
[2024-10-12T11:09:49.995+0800][info] GC(343) Survivor regions: 1->1(1)
[2024-10-12T11:09:49.995+0800][info] GC(343) Old regions: 45->47
[2024-10-12T11:09:49.995+0800][info] GC(343) Archive regions: 2->2
[2024-10-12T11:09:49.995+0800][info] GC(343) Humongous regions: 3->3
[2024-10-12T11:09:49.995+0800][info] GC(343) Metaspace: 1655K(1856K)->1655K(1856K) NonClass: 1531K(1664K)->1531K(1664K) Class: 124K(192K)->124K(192K)
[2024-10-12T11:09:49.995+0800][info] GC(343) Pause Young (Prepare Mixed) (G1 Evacuation Pause) 91M->92M(128M) 1.930ms
[2024-10-12T11:09:49.995+0800][info] GC(343) User=0.00s Sys=0.00s Real=0.01s
[2024-10-12T11:09:50.056+0800][info] GC(344) Pause Young (Mixed) (G1 Preventive Collection)
[2024-10-12T11:09:50.056+0800][info] GC(344) Using 3 workers of 48 for evacuation
[2024-10-12T11:09:50.063+0800][info] GC(344) To-space exhausted
[2024-10-12T11:09:50.063+0800][info] GC(344)   Pre Evacuate Collection Set: 0.2ms
[2024-10-12T11:09:50.063+0800][info] GC(344)   Merge Heap Roots: 0.1ms
[2024-10-12T11:09:50.063+0800][info] GC(344)   Evacuate Collection Set: 5.2ms
[2024-10-12T11:09:50.063+0800][info] GC(344)   Post Evacuate Collection Set: 1.1ms
[2024-10-12T11:09:50.063+0800][info] GC(344)   Other: 0.2ms
[2024-10-12T11:09:50.063+0800][info] GC(344) Eden regions: 1->0(2)
[2024-10-12T11:09:50.063+0800][info] GC(344) Survivor regions: 1->1(1)
[2024-10-12T11:09:50.063+0800][info] GC(344) Old regions: 47->53
[2024-10-12T11:09:50.063+0800][info] GC(344) Archive regions: 2->2
[2024-10-12T11:09:50.063+0800][info] GC(344) Humongous regions: 3->3
[2024-10-12T11:09:50.063+0800][info] GC(344) Metaspace: 1655K(1856K)->1655K(1856K) NonClass: 1531K(1664K)->1531K(1664K) Class: 124K(192K)->124K(192K)
[2024-10-12T11:09:50.063+0800][info] GC(344) Pause Young (Mixed) (G1 Preventive Collection) 94M->106M(128M) 6.976ms
[2024-10-12T11:09:50.063+0800][info] GC(344) User=0.02s Sys=0.00s Real=0.00s
[2024-10-12T11:09:50.166+0800][info] GC(345) Pause Young (Concurrent Start) (G1 Preventive Collection)
[2024-10-12T11:09:50.166+0800][info] GC(345) Using 3 workers of 48 for evacuation
[2024-10-12T11:09:50.168+0800][info] GC(345)   Pre Evacuate Collection Set: 0.1ms
[2024-10-12T11:09:50.168+0800][info] GC(345)   Merge Heap Roots: 0.1ms
[2024-10-12T11:09:50.168+0800][info] GC(345)   Evacuate Collection Set: 1.4ms
[2024-10-12T11:09:50.168+0800][info] GC(345)   Post Evacuate Collection Set: 0.2ms
[2024-10-12T11:09:50.168+0800][info] GC(345)   Other: 0.4ms
[2024-10-12T11:09:50.168+0800][info] GC(345) Eden regions: 2->0(2)
[2024-10-12T11:09:50.168+0800][info] GC(345) Survivor regions: 1->1(1)
[2024-10-12T11:09:50.168+0800][info] GC(345) Old regions: 53->55
[2024-10-12T11:09:50.168+0800][info] GC(345) Archive regions: 2->2
[2024-10-12T11:09:50.168+0800][info] GC(345) Humongous regions: 3->3
[2024-10-12T11:09:50.168+0800][info] GC(345) Metaspace: 1675K(1856K)->1675K(1856K) NonClass: 1551K(1664K)->1551K(1664K) Class: 124K(192K)->124K(192K)
[2024-10-12T11:09:50.168+0800][info] GC(345) Pause Young (Concurrent Start) (G1 Preventive Collection) 110M->110M(128M) 2.268ms
[2024-10-12T11:09:50.168+0800][info] GC(345) User=0.01s Sys=0.00s Real=0.00s
[2024-10-12T11:09:50.168+0800][info] GC(346) Concurrent Mark Cycle
[2024-10-12T11:09:50.168+0800][info] GC(346) Concurrent Clear Claimed Marks
[2024-10-12T11:09:50.168+0800][info] GC(346) Concurrent Clear Claimed Marks 0.019ms
[2024-10-12T11:09:50.169+0800][info] GC(346) Concurrent Scan Root Regions
[2024-10-12T11:09:50.169+0800][info] GC(346) Concurrent Scan Root Regions 0.108ms
[2024-10-12T11:09:50.169+0800][info] GC(346) Concurrent Mark
[2024-10-12T11:09:50.169+0800][info] GC(346) Concurrent Mark From Roots
[2024-10-12T11:09:50.169+0800][info] GC(346) Using 12 workers of 12 for marking
[2024-10-12T11:09:50.173+0800][info] GC(346) Concurrent Mark From Roots 3.947ms
[2024-10-12T11:09:50.173+0800][info] GC(346) Concurrent Preclean
[2024-10-12T11:09:50.174+0800][info] GC(346) Concurrent Preclean 1.726ms
[2024-10-12T11:09:50.174+0800][info] GC(346) Pause Remark
[2024-10-12T11:09:50.176+0800][info] GC(346) Pause Remark 111M->109M(128M) 1.533ms
[2024-10-12T11:09:50.176+0800][info] GC(346) User=0.00s Sys=0.00s Real=0.00s
[2024-10-12T11:09:50.176+0800][info] GC(346) Concurrent Mark 7.419ms
[2024-10-12T11:09:50.176+0800][info] GC(346) Concurrent Rebuild Remembered Sets
[2024-10-12T11:09:50.177+0800][info] GC(346) Concurrent Rebuild Remembered Sets 1.249ms
[2024-10-12T11:09:50.177+0800][info] GC(346) Pause Cleanup
[2024-10-12T11:09:50.178+0800][info] GC(346) Pause Cleanup 109M->109M(128M) 0.181ms
[2024-10-12T11:09:50.178+0800][info] GC(346) User=0.00s Sys=0.00s Real=0.00s
[2024-10-12T11:09:50.178+0800][info] GC(346) Concurrent Cleanup for Next Mark
[2024-10-12T11:09:50.178+0800][info] GC(346) Concurrent Cleanup for Next Mark 0.422ms
[2024-10-12T11:09:50.178+0800][info] GC(346) Concurrent Mark Cycle 9.689ms
[2024-10-12T11:09:50.281+0800][info] GC(347) Pause Young (Prepare Mixed) (G1 Preventive Collection)
[2024-10-12T11:09:50.281+0800][info] GC(347) Using 3 workers of 48 for evacuation
[2024-10-12T11:09:50.283+0800][info] GC(347)   Pre Evacuate Collection Set: 0.1ms
[2024-10-12T11:09:50.283+0800][info] GC(347)   Merge Heap Roots: 0.1ms
[2024-10-12T11:09:50.283+0800][info] GC(347)   Evacuate Collection Set: 0.9ms
[2024-10-12T11:09:50.283+0800][info] GC(347)   Post Evacuate Collection Set: 0.2ms
[2024-10-12T11:09:50.283+0800][info] GC(347)   Other: 0.2ms
[2024-10-12T11:09:50.283+0800][info] GC(347) Eden regions: 1->0(2)
[2024-10-12T11:09:50.283+0800][info] GC(347) Survivor regions: 1->1(1)
[2024-10-12T11:09:50.283+0800][info] GC(347) Old regions: 54->55
[2024-10-12T11:09:50.283+0800][info] GC(347) Archive regions: 2->2
[2024-10-12T11:09:50.283+0800][info] GC(347) Humongous regions: 3->3
[2024-10-12T11:09:50.283+0800][info] GC(347) Metaspace: 1675K(1856K)->1675K(1856K) NonClass: 1551K(1664K)->1551K(1664K) Class: 124K(192K)->124K(192K)
[2024-10-12T11:09:50.283+0800][info] GC(347) Pause Young (Prepare Mixed) (G1 Preventive Collection) 110M->110M(128M) 1.630ms
[2024-10-12T11:09:50.283+0800][info] GC(347) User=0.00s Sys=0.00s Real=0.00s
[2024-10-12T11:09:50.324+0800][info] GC(348) Pause Young (Mixed) (G1 Preventive Collection)
[2024-10-12T11:09:50.324+0800][info] GC(348) Using 3 workers of 48 for evacuation
[2024-10-12T11:09:50.329+0800][info] GC(348) To-space exhausted
[2024-10-12T11:09:50.329+0800][info] GC(348)   Pre Evacuate Collection Set: 0.2ms
[2024-10-12T11:09:50.329+0800][info] GC(348)   Merge Heap Roots: 0.1ms
[2024-10-12T11:09:50.329+0800][info] GC(348)   Evacuate Collection Set: 2.4ms
[2024-10-12T11:09:50.329+0800][info] GC(348)   Post Evacuate Collection Set: 1.7ms
[2024-10-12T11:09:50.329+0800][info] GC(348)   Other: 0.2ms
[2024-10-12T11:09:50.329+0800][info] GC(348) Eden regions: 1->0(2)
[2024-10-12T11:09:50.329+0800][info] GC(348) Survivor regions: 1->1(1)
[2024-10-12T11:09:50.329+0800][info] GC(348) Old regions: 55->57
[2024-10-12T11:09:50.329+0800][info] GC(348) Archive regions: 2->2
[2024-10-12T11:09:50.329+0800][info] GC(348) Humongous regions: 3->3
[2024-10-12T11:09:50.329+0800][info] GC(348) Metaspace: 1675K(1856K)->1675K(1856K) NonClass: 1551K(1664K)->1551K(1664K) Class: 124K(192K)->124K(192K)
[2024-10-12T11:09:50.329+0800][info] GC(348) Pause Young (Mixed) (G1 Preventive Collection) 112M->114M(128M) 4.769ms
[2024-10-12T11:09:50.329+0800][info] GC(348) User=0.01s Sys=0.00s Real=0.01s
[2024-10-12T11:09:50.390+0800][info] GC(349) Pause Young (Concurrent Start) (G1 Evacuation Pause)
[2024-10-12T11:09:50.390+0800][info] GC(349) Using 3 workers of 48 for evacuation
[2024-10-12T11:09:50.392+0800][info] GC(349) To-space exhausted
[2024-10-12T11:09:50.392+0800][info] GC(349)   Pre Evacuate Collection Set: 0.1ms
[2024-10-12T11:09:50.392+0800][info] GC(349)   Merge Heap Roots: 0.1ms
[2024-10-12T11:09:50.392+0800][info] GC(349)   Evacuate Collection Set: 0.7ms
[2024-10-12T11:09:50.392+0800][info] GC(349)   Post Evacuate Collection Set: 0.3ms
[2024-10-12T11:09:50.392+0800][info] GC(349)   Other: 0.4ms
[2024-10-12T11:09:50.392+0800][info] GC(349) Eden regions: 1->0(3)
[2024-10-12T11:09:50.392+0800][info] GC(349) Survivor regions: 1->0(0)
[2024-10-12T11:09:50.392+0800][info] GC(349) Old regions: 57->59
[2024-10-12T11:09:50.392+0800][info] GC(349) Archive regions: 2->2
[2024-10-12T11:09:50.392+0800][info] GC(349) Humongous regions: 3->3
[2024-10-12T11:09:50.392+0800][info] GC(349) Metaspace: 1675K(1856K)->1675K(1856K) NonClass: 1551K(1664K)->1551K(1664K) Class: 124K(192K)->124K(192K)
[2024-10-12T11:09:50.392+0800][info] GC(349) Pause Young (Concurrent Start) (G1 Evacuation Pause) 116M->116M(128M) 1.633ms
[2024-10-12T11:09:50.392+0800][info] GC(349) User=0.01s Sys=0.00s Real=0.00s
[2024-10-12T11:09:50.392+0800][info] Attempting full compaction
[2024-10-12T11:09:50.392+0800][info] GC(350) Concurrent Mark Cycle
[2024-10-12T11:09:50.392+0800][info] GC(350) Concurrent Clear Claimed Marks
[2024-10-12T11:09:50.392+0800][info] GC(351) Using 3 workers of 48 for full compaction
[2024-10-12T11:09:50.392+0800][info] GC(350) Concurrent Clear Claimed Marks 0.031ms
[2024-10-12T11:09:50.392+0800][info] GC(350) Concurrent Scan Root Regions
[2024-10-12T11:09:50.392+0800][info] GC(350) Concurrent Scan Root Regions 0.020ms
[2024-10-12T11:09:50.392+0800][info] GC(350) Concurrent Mark
[2024-10-12T11:09:50.392+0800][info] GC(350) Concurrent Mark From Roots
[2024-10-12T11:09:50.392+0800][info] GC(350) Using 12 workers of 12 for marking
[2024-10-12T11:09:50.392+0800][info] GC(351) Pause Full (G1 Compaction Pause)
[2024-10-12T11:09:50.393+0800][info] GC(351) Phase 1: Mark live objects
[2024-10-12T11:09:50.396+0800][info] GC(351) Phase 1: Mark live objects 3.427ms
[2024-10-12T11:09:50.396+0800][info] GC(351) Phase 2: Prepare for compaction
[2024-10-12T11:09:50.397+0800][info] GC(351) Phase 2: Prepare for compaction 0.548ms
[2024-10-12T11:09:50.397+0800][info] GC(351) Phase 3: Adjust pointers
[2024-10-12T11:09:50.398+0800][info] GC(351) Phase 3: Adjust pointers 1.750ms
[2024-10-12T11:09:50.398+0800][info] GC(351) Phase 4: Compact heap
[2024-10-12T11:09:50.411+0800][info] GC(351) Phase 4: Compact heap 12.221ms
[2024-10-12T11:09:50.412+0800][info] GC(351) Eden regions: 0->0(4)
[2024-10-12T11:09:50.412+0800][info] GC(351) Survivor regions: 0->0(0)
[2024-10-12T11:09:50.412+0800][info] GC(351) Old regions: 59->37
[2024-10-12T11:09:50.412+0800][info] GC(351) Archive regions: 2->2
[2024-10-12T11:09:50.412+0800][info] GC(351) Humongous regions: 3->3
[2024-10-12T11:09:50.412+0800][info] GC(351) Metaspace: 1675K(1856K)->1675K(1856K) NonClass: 1551K(1664K)->1551K(1664K) Class: 124K(192K)->124K(192K)
[2024-10-12T11:09:50.412+0800][info] GC(351) Pause Full (G1 Compaction Pause) 116M->72M(128M) 20.351ms
[2024-10-12T11:09:50.412+0800][info] GC(351) User=0.04s Sys=0.00s Real=0.02s
[2024-10-12T11:09:50.413+0800][info] GC(350) Concurrent Mark From Roots 20.578ms
[2024-10-12T11:09:50.413+0800][info] GC(350) Concurrent Mark Abort
[2024-10-12T11:09:50.413+0800][info] GC(350) Concurrent Mark Cycle 20.836ms
[2024-10-12T11:09:50.618+0800][info] GC(352) Pause Young (Normal) (G1 Evacuation Pause)
[2024-10-12T11:09:50.618+0800][info] GC(352) Using 3 workers of 48 for evacuation
[2024-10-12T11:09:50.620+0800][info] GC(352)   Pre Evacuate Collection Set: 0.1ms
[2024-10-12T11:09:50.620+0800][info] GC(352)   Merge Heap Roots: 0.1ms
[2024-10-12T11:09:50.620+0800][info] GC(352)   Evacuate Collection Set: 1.3ms
[2024-10-12T11:09:50.620+0800][info] GC(352)   Post Evacuate Collection Set: 0.2ms
[2024-10-12T11:09:50.620+0800][info] GC(352)   Other: 0.3ms
[2024-10-12T11:09:50.620+0800][info] GC(352) Eden regions: 4->0(3)
[2024-10-12T11:09:50.620+0800][info] GC(352) Survivor regions: 0->1(1)
[2024-10-12T11:09:50.620+0800][info] GC(352) Old regions: 37->40
[2024-10-12T11:09:50.620+0800][info] GC(352) Archive regions: 2->2
[2024-10-12T11:09:50.620+0800][info] GC(352) Humongous regions: 3->3
[2024-10-12T11:09:50.620+0800][info] GC(352) Metaspace: 1675K(1856K)->1675K(1856K) NonClass: 1551K(1664K)->1551K(1664K) Class: 124K(192K)->124K(192K)
[2024-10-12T11:09:50.620+0800][info] GC(352) Pause Young (Normal) (G1 Evacuation Pause) 79M->79M(128M) 2.122ms
[2024-10-12T11:09:50.620+0800][info] GC(352) User=0.00s Sys=0.00s Real=0.00s
[2024-10-12T11:09:50.783+0800][info] GC(353) Pause Young (Normal) (G1 Evacuation Pause)
[2024-10-12T11:09:50.783+0800][info] GC(353) Using 3 workers of 48 for evacuation
[2024-10-12T11:09:50.786+0800][info] GC(353)   Pre Evacuate Collection Set: 0.1ms
[2024-10-12T11:09:50.786+0800][info] GC(353)   Merge Heap Roots: 0.1ms
[2024-10-12T11:09:50.786+0800][info] GC(353)   Evacuate Collection Set: 1.6ms
[2024-10-12T11:09:50.786+0800][info] GC(353)   Post Evacuate Collection Set: 0.2ms
[2024-10-12T11:09:50.786+0800][info] GC(353)   Other: 0.2ms
[2024-10-12T11:09:50.786+0800][info] GC(353) Eden regions: 3->0(2)
[2024-10-12T11:09:50.786+0800][info] GC(353) Survivor regions: 1->1(1)
[2024-10-12T11:09:50.786+0800][info] GC(353) Old regions: 40->43
[2024-10-12T11:09:50.786+0800][info] GC(353) Archive regions: 2->2
[2024-10-12T11:09:50.786+0800][info] GC(353) Humongous regions: 3->3
[2024-10-12T11:09:50.786+0800][info] GC(353) Metaspace: 1675K(1856K)->1675K(1856K) NonClass: 1551K(1664K)->1551K(1664K) Class: 124K(192K)->124K(192K)
[2024-10-12T11:09:50.786+0800][info] GC(353) Pause Young (Normal) (G1 Evacuation Pause) 85M->85M(128M) 2.343ms
[2024-10-12T11:09:50.786+0800][info] GC(353) User=0.00s Sys=0.00s Real=0.01s
[2024-10-12T11:09:50.888+0800][info] GC(354) Pause Young (Concurrent Start) (G1 Evacuation Pause)
[2024-10-12T11:09:50.888+0800][info] GC(354) Using 3 workers of 48 for evacuation
[2024-10-12T11:09:50.890+0800][info] GC(354)   Pre Evacuate Collection Set: 0.1ms
[2024-10-12T11:09:50.890+0800][info] GC(354)   Merge Heap Roots: 0.1ms
[2024-10-12T11:09:50.890+0800][info] GC(354)   Evacuate Collection Set: 1.0ms
[2024-10-12T11:09:50.890+0800][info] GC(354)   Post Evacuate Collection Set: 0.2ms
[2024-10-12T11:09:50.890+0800][info] GC(354)   Other: 0.4ms
[2024-10-12T11:09:50.890+0800][info] GC(354) Eden regions: 2->0(2)
[2024-10-12T11:09:50.890+0800][info] GC(354) Survivor regions: 1->1(1)
[2024-10-12T11:09:50.890+0800][info] GC(354) Old regions: 43->45
[2024-10-12T11:09:50.890+0800][info] GC(354) Archive regions: 2->2
[2024-10-12T11:09:50.890+0800][info] GC(354) Humongous regions: 3->3
[2024-10-12T11:09:50.890+0800][info] GC(354) Metaspace: 1675K(1856K)->1675K(1856K) NonClass: 1551K(1664K)->1551K(1664K) Class: 124K(192K)->124K(192K)
[2024-10-12T11:09:50.890+0800][info] GC(354) Pause Young (Concurrent Start) (G1 Evacuation Pause) 88M->89M(128M) 1.888ms
[2024-10-12T11:09:50.890+0800][info] GC(354) User=0.01s Sys=0.00s Real=0.00s
[2024-10-12T11:09:50.890+0800][info] GC(355) Concurrent Mark Cycle
[2024-10-12T11:09:50.890+0800][info] GC(355) Concurrent Clear Claimed Marks
[2024-10-12T11:09:50.890+0800][info] GC(355) Concurrent Clear Claimed Marks 0.013ms
[2024-10-12T11:09:50.890+0800][info] GC(355) Concurrent Scan Root Regions
[2024-10-12T11:09:50.890+0800][info] GC(355) Concurrent Scan Root Regions 0.163ms
[2024-10-12T11:09:50.890+0800][info] GC(355) Concurrent Mark
[2024-10-12T11:09:50.890+0800][info] GC(355) Concurrent Mark From Roots
[2024-10-12T11:09:50.890+0800][info] GC(355) Using 12 workers of 12 for marking
[2024-10-12T11:09:50.894+0800][info] GC(355) Concurrent Mark From Roots 4.001ms
[2024-10-12T11:09:50.894+0800][info] GC(355) Concurrent Preclean
[2024-10-12T11:09:50.896+0800][info] GC(355) Concurrent Preclean 1.674ms
[2024-10-12T11:09:50.896+0800][info] GC(355) Pause Remark
[2024-10-12T11:09:50.898+0800][info] GC(355) Pause Remark 89M->89M(128M) 1.574ms
[2024-10-12T11:09:50.898+0800][info] GC(355) User=0.00s Sys=0.00s Real=0.00s
[2024-10-12T11:09:50.898+0800][info] GC(355) Concurrent Mark 7.487ms
[2024-10-12T11:09:50.898+0800][info] GC(355) Concurrent Rebuild Remembered Sets
[2024-10-12T11:09:50.898+0800][info] GC(355) Concurrent Rebuild Remembered Sets 0.736ms
[2024-10-12T11:09:50.899+0800][info] GC(355) Pause Cleanup
[2024-10-12T11:09:50.899+0800][info] GC(355) Pause Cleanup 89M->89M(128M) 0.148ms
[2024-10-12T11:09:50.899+0800][info] GC(355) User=0.00s Sys=0.00s Real=0.00s
[2024-10-12T11:09:50.899+0800][info] GC(355) Concurrent Cleanup for Next Mark
[2024-10-12T11:09:50.899+0800][info] GC(355) Concurrent Cleanup for Next Mark 0.456ms
[2024-10-12T11:09:50.899+0800][info] GC(355) Concurrent Mark Cycle 9.230ms
[2024-10-12T11:09:51.043+0800][info] GC(356) Pause Young (Prepare Mixed) (G1 Evacuation Pause)
[2024-10-12T11:09:51.043+0800][info] GC(356) Using 3 workers of 48 for evacuation
[2024-10-12T11:09:51.045+0800][info] GC(356)   Pre Evacuate Collection Set: 0.1ms
[2024-10-12T11:09:51.045+0800][info] GC(356)   Merge Heap Roots: 0.1ms
[2024-10-12T11:09:51.045+0800][info] GC(356)   Evacuate Collection Set: 1.0ms
[2024-10-12T11:09:51.045+0800][info] GC(356)   Post Evacuate Collection Set: 0.2ms
[2024-10-12T11:09:51.045+0800][info] GC(356)   Other: 0.2ms
[2024-10-12T11:09:51.045+0800][info] GC(356) Eden regions: 2->0(2)
[2024-10-12T11:09:51.045+0800][info] GC(356) Survivor regions: 1->1(1)
[2024-10-12T11:09:51.045+0800][info] GC(356) Old regions: 45->47
[2024-10-12T11:09:51.045+0800][info] GC(356) Archive regions: 2->2
[2024-10-12T11:09:51.045+0800][info] GC(356) Humongous regions: 3->3
[2024-10-12T11:09:51.045+0800][info] GC(356) Metaspace: 1675K(1856K)->1675K(1856K) NonClass: 1551K(1664K)->1551K(1664K) Class: 124K(192K)->124K(192K)
[2024-10-12T11:09:51.045+0800][info] GC(356) Pause Young (Prepare Mixed) (G1 Evacuation Pause) 92M->93M(128M) 1.793ms
[2024-10-12T11:09:51.045+0800][info] GC(356) User=0.00s Sys=0.00s Real=0.00s
[2024-10-12T11:09:51.106+0800][info] GC(357) Pause Young (Mixed) (G1 Preventive Collection)
[2024-10-12T11:09:51.106+0800][info] GC(357) Using 3 workers of 48 for evacuation
[2024-10-12T11:09:51.113+0800][info] GC(357) To-space exhausted
[2024-10-12T11:09:51.113+0800][info] GC(357)   Pre Evacuate Collection Set: 0.2ms
[2024-10-12T11:09:51.113+0800][info] GC(357)   Merge Heap Roots: 0.1ms
[2024-10-12T11:09:51.113+0800][info] GC(357)   Evacuate Collection Set: 5.0ms
[2024-10-12T11:09:51.113+0800][info] GC(357)   Post Evacuate Collection Set: 1.1ms
[2024-10-12T11:09:51.113+0800][info] GC(357)   Other: 0.2ms
[2024-10-12T11:09:51.113+0800][info] GC(357) Eden regions: 1->0(2)
[2024-10-12T11:09:51.113+0800][info] GC(357) Survivor regions: 1->1(1)
[2024-10-12T11:09:51.113+0800][info] GC(357) Old regions: 47->57
[2024-10-12T11:09:51.113+0800][info] GC(357) Archive regions: 2->2
[2024-10-12T11:09:51.113+0800][info] GC(357) Humongous regions: 3->3
[2024-10-12T11:09:51.113+0800][info] GC(357) Metaspace: 1675K(1856K)->1675K(1856K) NonClass: 1551K(1664K)->1551K(1664K) Class: 124K(192K)->124K(192K)
[2024-10-12T11:09:51.113+0800][info] GC(357) Pause Young (Mixed) (G1 Preventive Collection) 95M->113M(128M) 6.637ms
[2024-10-12T11:09:51.113+0800][info] GC(357) User=0.02s Sys=0.00s Real=0.00s
[2024-10-12T11:09:51.113+0800][info] GC(358) Pause Young (Concurrent Start) (G1 Humongous Allocation)
[2024-10-12T11:09:51.113+0800][info] GC(358) Using 3 workers of 48 for evacuation
[2024-10-12T11:09:51.114+0800][info] GC(358) To-space exhausted
[2024-10-12T11:09:51.114+0800][info] GC(358)   Pre Evacuate Collection Set: 0.1ms
[2024-10-12T11:09:51.114+0800][info] GC(358)   Merge Heap Roots: 0.1ms
[2024-10-12T11:09:51.114+0800][info] GC(358)   Evacuate Collection Set: 0.3ms
[2024-10-12T11:09:51.114+0800][info] GC(358)   Post Evacuate Collection Set: 0.2ms
[2024-10-12T11:09:51.114+0800][info] GC(358)   Other: 0.3ms
[2024-10-12T11:09:51.114+0800][info] GC(358) Eden regions: 1->0(3)
[2024-10-12T11:09:51.114+0800][info] GC(358) Survivor regions: 1->0(0)
[2024-10-12T11:09:51.114+0800][info] GC(358) Old regions: 57->59
[2024-10-12T11:09:51.114+0800][info] GC(358) Archive regions: 2->2
[2024-10-12T11:09:51.114+0800][info] GC(358) Humongous regions: 3->3
[2024-10-12T11:09:51.114+0800][info] GC(358) Metaspace: 1675K(1856K)->1675K(1856K) NonClass: 1551K(1664K)->1551K(1664K) Class: 124K(192K)->124K(192K)
[2024-10-12T11:09:51.114+0800][info] GC(358) Pause Young (Concurrent Start) (G1 Humongous Allocation) 114M->114M(128M) 1.176ms
[2024-10-12T11:09:51.114+0800][info] GC(358) User=0.00s Sys=0.00s Real=0.00s
[2024-10-12T11:09:51.114+0800][info] Attempting full compaction clearing soft references
[2024-10-12T11:09:51.114+0800][info] GC(360) Concurrent Mark Cycle
[2024-10-12T11:09:51.114+0800][info] GC(359) Using 3 workers of 48 for full compaction
[2024-10-12T11:09:51.114+0800][info] GC(360) Concurrent Clear Claimed Marks
[2024-10-12T11:09:51.114+0800][info] GC(360) Concurrent Clear Claimed Marks 0.060ms
[2024-10-12T11:09:51.114+0800][info] GC(360) Concurrent Scan Root Regions
[2024-10-12T11:09:51.114+0800][info] GC(360) Concurrent Scan Root Regions 0.019ms
[2024-10-12T11:09:51.115+0800][info] GC(360) Concurrent Mark
[2024-10-12T11:09:51.115+0800][info] GC(360) Concurrent Mark From Roots
[2024-10-12T11:09:51.114+0800][info] GC(359) Pause Full (G1 Compaction Pause)
[2024-10-12T11:09:51.115+0800][info] GC(360) Using 12 workers of 12 for marking
[2024-10-12T11:09:51.115+0800][info] GC(359) Phase 1: Mark live objects
[2024-10-12T11:09:51.118+0800][info] GC(359) Phase 1: Mark live objects 3.368ms
[2024-10-12T11:09:51.118+0800][info] GC(359) Phase 2: Prepare for compaction
[2024-10-12T11:09:51.119+0800][info] GC(359) Phase 2: Prepare for compaction 0.592ms
[2024-10-12T11:09:51.119+0800][info] GC(359) Phase 3: Adjust pointers
[2024-10-12T11:09:51.121+0800][info] GC(359) Phase 3: Adjust pointers 1.648ms
[2024-10-12T11:09:51.121+0800][info] GC(359) Phase 4: Compact heap
[2024-10-12T11:09:51.133+0800][info] GC(359) Phase 4: Compact heap 12.509ms
[2024-10-12T11:09:51.135+0800][info] GC(359) Eden regions: 0->0(4)
[2024-10-12T11:09:51.135+0800][info] GC(359) Survivor regions: 0->0(0)
[2024-10-12T11:09:51.135+0800][info] GC(359) Old regions: 59->37
[2024-10-12T11:09:51.135+0800][info] GC(359) Archive regions: 2->2
[2024-10-12T11:09:51.135+0800][info] GC(359) Humongous regions: 3->3
[2024-10-12T11:09:51.135+0800][info] GC(359) Metaspace: 1675K(1856K)->1675K(1856K) NonClass: 1551K(1664K)->1551K(1664K) Class: 124K(192K)->124K(192K)
[2024-10-12T11:09:51.135+0800][info] GC(359) Pause Full (G1 Compaction Pause) 114M->71M(128M) 20.410ms
[2024-10-12T11:09:51.135+0800][info] GC(359) User=0.04s Sys=0.01s Real=0.02s
[2024-10-12T11:09:51.135+0800][info] GC(360) Concurrent Mark From Roots 20.662ms
[2024-10-12T11:09:51.135+0800][info] GC(360) Concurrent Mark Abort
[2024-10-12T11:09:51.135+0800][info] GC(360) Concurrent Mark Cycle 20.899ms
[2024-10-12T11:09:51.361+0800][info] GC(361) Pause Young (Normal) (G1 Evacuation Pause)
[2024-10-12T11:09:51.361+0800][info] GC(361) Using 3 workers of 48 for evacuation
[2024-10-12T11:09:51.363+0800][info] GC(361)   Pre Evacuate Collection Set: 0.1ms
[2024-10-12T11:09:51.363+0800][info] GC(361)   Merge Heap Roots: 0.0ms
[2024-10-12T11:09:51.363+0800][info] GC(361)   Evacuate Collection Set: 1.2ms
[2024-10-12T11:09:51.363+0800][info] GC(361)   Post Evacuate Collection Set: 0.3ms
[2024-10-12T11:09:51.363+0800][info] GC(361)   Other: 0.3ms
[2024-10-12T11:09:51.363+0800][info] GC(361) Eden regions: 4->0(2)
[2024-10-12T11:09:51.363+0800][info] GC(361) Survivor regions: 0->1(1)
[2024-10-12T11:09:51.363+0800][info] GC(361) Old regions: 37->40
[2024-10-12T11:09:51.363+0800][info] GC(361) Archive regions: 2->2
[2024-10-12T11:09:51.363+0800][info] GC(361) Humongous regions: 4->4
[2024-10-12T11:09:51.363+0800][info] GC(361) Metaspace: 1675K(1856K)->1675K(1856K) NonClass: 1551K(1664K)->1551K(1664K) Class: 124K(192K)->124K(192K)
[2024-10-12T11:09:51.363+0800][info] GC(361) Pause Young (Normal) (G1 Evacuation Pause) 81M->81M(128M) 1.978ms
[2024-10-12T11:09:51.363+0800][info] GC(361) User=0.00s Sys=0.00s Real=0.00s
[2024-10-12T11:09:51.465+0800][info] GC(362) Pause Young (Normal) (G1 Evacuation Pause)
[2024-10-12T11:09:51.465+0800][info] GC(362) Using 3 workers of 48 for evacuation
[2024-10-12T11:09:51.467+0800][info] GC(362)   Pre Evacuate Collection Set: 0.1ms
[2024-10-12T11:09:51.467+0800][info] GC(362)   Merge Heap Roots: 0.1ms
[2024-10-12T11:09:51.467+0800][info] GC(362)   Evacuate Collection Set: 0.8ms
[2024-10-12T11:09:51.467+0800][info] GC(362)   Post Evacuate Collection Set: 0.2ms
[2024-10-12T11:09:51.467+0800][info] GC(362)   Other: 0.2ms
[2024-10-12T11:09:51.467+0800][info] GC(362) Eden regions: 2->0(2)
[2024-10-12T11:09:51.467+0800][info] GC(362) Survivor regions: 1->1(1)
[2024-10-12T11:09:51.467+0800][info] GC(362) Old regions: 40->42
[2024-10-12T11:09:51.467+0800][info] GC(362) Archive regions: 2->2
[2024-10-12T11:09:51.467+0800][info] GC(362) Humongous regions: 4->4
[2024-10-12T11:09:51.467+0800][info] GC(362) Metaspace: 1675K(1856K)->1675K(1856K) NonClass: 1551K(1664K)->1551K(1664K) Class: 124K(192K)->124K(192K)
[2024-10-12T11:09:51.467+0800][info] GC(362) Pause Young (Normal) (G1 Evacuation Pause) 84M->85M(128M) 1.557ms
[2024-10-12T11:09:51.467+0800][info] GC(362) User=0.01s Sys=0.00s Real=0.00s
[2024-10-12T11:09:51.569+0800][info] GC(363) Pause Young (Concurrent Start) (G1 Evacuation Pause)
[2024-10-12T11:09:51.569+0800][info] GC(363) Using 3 workers of 48 for evacuation
[2024-10-12T11:09:51.571+0800][info] GC(363)   Pre Evacuate Collection Set: 0.1ms
[2024-10-12T11:09:51.571+0800][info] GC(363)   Merge Heap Roots: 0.1ms
[2024-10-12T11:09:51.571+0800][info] GC(363)   Evacuate Collection Set: 1.1ms
[2024-10-12T11:09:51.571+0800][info] GC(363)   Post Evacuate Collection Set: 0.2ms
[2024-10-12T11:09:51.571+0800][info] GC(363)   Other: 0.4ms
[2024-10-12T11:09:51.571+0800][info] GC(363) Eden regions: 2->0(2)
[2024-10-12T11:09:51.571+0800][info] GC(363) Survivor regions: 1->1(1)
[2024-10-12T11:09:51.571+0800][info] GC(363) Old regions: 42->44
[2024-10-12T11:09:51.571+0800][info] GC(363) Archive regions: 2->2
[2024-10-12T11:09:51.571+0800][info] GC(363) Humongous regions: 4->4
[2024-10-12T11:09:51.571+0800][info] GC(363) Metaspace: 1675K(1856K)->1675K(1856K) NonClass: 1551K(1664K)->1551K(1664K) Class: 124K(192K)->124K(192K)
[2024-10-12T11:09:51.571+0800][info] GC(363) Pause Young (Concurrent Start) (G1 Evacuation Pause) 88M->89M(128M) 1.940ms
[2024-10-12T11:09:51.571+0800][info] GC(363) User=0.00s Sys=0.00s Real=0.00s
[2024-10-12T11:09:51.571+0800][info] GC(364) Concurrent Mark Cycle
[2024-10-12T11:09:51.571+0800][info] GC(364) Concurrent Clear Claimed Marks
[2024-10-12T11:09:51.571+0800][info] GC(364) Concurrent Clear Claimed Marks 0.018ms
[2024-10-12T11:09:51.571+0800][info] GC(364) Concurrent Scan Root Regions
[2024-10-12T11:09:51.572+0800][info] GC(364) Concurrent Scan Root Regions 0.153ms
[2024-10-12T11:09:51.572+0800][info] GC(364) Concurrent Mark
[2024-10-12T11:09:51.572+0800][info] GC(364) Concurrent Mark From Roots
[2024-10-12T11:09:51.572+0800][info] GC(364) Using 12 workers of 12 for marking
[2024-10-12T11:09:51.575+0800][info] GC(364) Concurrent Mark From Roots 3.837ms
[2024-10-12T11:09:51.575+0800][info] GC(364) Concurrent Preclean
[2024-10-12T11:09:51.577+0800][info] GC(364) Concurrent Preclean 1.775ms
[2024-10-12T11:09:51.577+0800][info] GC(364) Pause Remark
[2024-10-12T11:09:51.579+0800][info] GC(364) Pause Remark 90M->88M(128M) 1.573ms
[2024-10-12T11:09:51.579+0800][info] GC(364) User=0.01s Sys=0.00s Real=0.00s
[2024-10-12T11:09:51.579+0800][info] GC(364) Concurrent Mark 7.393ms
[2024-10-12T11:09:51.579+0800][info] GC(364) Concurrent Rebuild Remembered Sets
[2024-10-12T11:09:51.580+0800][info] GC(364) Concurrent Rebuild Remembered Sets 1.226ms
[2024-10-12T11:09:51.580+0800][info] GC(364) Pause Cleanup
[2024-10-12T11:09:51.581+0800][info] GC(364) Pause Cleanup 88M->88M(128M) 0.187ms
[2024-10-12T11:09:51.581+0800][info] GC(364) User=0.00s Sys=0.00s Real=0.00s
[2024-10-12T11:09:51.581+0800][info] GC(364) Concurrent Cleanup for Next Mark
[2024-10-12T11:09:51.581+0800][info] GC(364) Concurrent Cleanup for Next Mark 0.442ms
[2024-10-12T11:09:51.581+0800][info] GC(364) Concurrent Mark Cycle 9.725ms
[2024-10-12T11:09:51.724+0800][info] GC(365) Pause Young (Prepare Mixed) (G1 Evacuation Pause)
[2024-10-12T11:09:51.724+0800][info] GC(365) Using 3 workers of 48 for evacuation
[2024-10-12T11:09:51.726+0800][info] GC(365)   Pre Evacuate Collection Set: 0.1ms
[2024-10-12T11:09:51.726+0800][info] GC(365)   Merge Heap Roots: 0.1ms
[2024-10-12T11:09:51.726+0800][info] GC(365)   Evacuate Collection Set: 1.0ms
[2024-10-12T11:09:51.726+0800][info] GC(365)   Post Evacuate Collection Set: 0.2ms
[2024-10-12T11:09:51.726+0800][info] GC(365)   Other: 0.2ms
[2024-10-12T11:09:51.726+0800][info] GC(365) Eden regions: 2->0(2)
[2024-10-12T11:09:51.726+0800][info] GC(365) Survivor regions: 1->1(1)
[2024-10-12T11:09:51.726+0800][info] GC(365) Old regions: 44->46
[2024-10-12T11:09:51.726+0800][info] GC(365) Archive regions: 2->2
[2024-10-12T11:09:51.726+0800][info] GC(365) Humongous regions: 3->3
[2024-10-12T11:09:51.726+0800][info] GC(365) Metaspace: 1675K(1856K)->1675K(1856K) NonClass: 1551K(1664K)->1551K(1664K) Class: 124K(192K)->124K(192K)
[2024-10-12T11:09:51.726+0800][info] GC(365) Pause Young (Prepare Mixed) (G1 Evacuation Pause) 91M->91M(128M) 1.725ms
[2024-10-12T11:09:51.726+0800][info] GC(365) User=0.01s Sys=0.00s Real=0.01s
[2024-10-12T11:09:51.788+0800][info] GC(366) Pause Young (Mixed) (G1 Preventive Collection)
[2024-10-12T11:09:51.788+0800][info] GC(366) Using 3 workers of 48 for evacuation
[2024-10-12T11:09:51.795+0800][info] GC(366) To-space exhausted
[2024-10-12T11:09:51.795+0800][info] GC(366)   Pre Evacuate Collection Set: 0.2ms
[2024-10-12T11:09:51.795+0800][info] GC(366)   Merge Heap Roots: 0.1ms
[2024-10-12T11:09:51.795+0800][info] GC(366)   Evacuate Collection Set: 5.3ms
[2024-10-12T11:09:51.795+0800][info] GC(366)   Post Evacuate Collection Set: 1.2ms
[2024-10-12T11:09:51.795+0800][info] GC(366)   Other: 0.2ms
[2024-10-12T11:09:51.795+0800][info] GC(366) Eden regions: 1->0(2)
[2024-10-12T11:09:51.795+0800][info] GC(366) Survivor regions: 1->1(1)
[2024-10-12T11:09:51.795+0800][info] GC(366) Old regions: 46->54
[2024-10-12T11:09:51.795+0800][info] GC(366) Archive regions: 2->2
[2024-10-12T11:09:51.795+0800][info] GC(366) Humongous regions: 3->3
[2024-10-12T11:09:51.795+0800][info] GC(366) Metaspace: 1675K(1856K)->1675K(1856K) NonClass: 1551K(1664K)->1551K(1664K) Class: 124K(192K)->124K(192K)
[2024-10-12T11:09:51.795+0800][info] GC(366) Pause Young (Mixed) (G1 Preventive Collection) 93M->108M(128M) 7.162ms
[2024-10-12T11:09:51.795+0800][info] GC(366) User=0.02s Sys=0.00s Real=0.01s
[2024-10-12T11:09:51.836+0800][info] GC(367) Pause Young (Concurrent Start) (G1 Preventive Collection)
[2024-10-12T11:09:51.836+0800][info] GC(367) Using 3 workers of 48 for evacuation
[2024-10-12T11:09:51.838+0800][info] GC(367)   Pre Evacuate Collection Set: 0.1ms
[2024-10-12T11:09:51.838+0800][info] GC(367)   Merge Heap Roots: 0.1ms
[2024-10-12T11:09:51.838+0800][info] GC(367)   Evacuate Collection Set: 1.2ms
[2024-10-12T11:09:51.838+0800][info] GC(367)   Post Evacuate Collection Set: 0.2ms
[2024-10-12T11:09:51.838+0800][info] GC(367)   Other: 0.4ms
[2024-10-12T11:09:51.838+0800][info] GC(367) Eden regions: 1->0(2)
[2024-10-12T11:09:51.838+0800][info] GC(367) Survivor regions: 1->1(1)
[2024-10-12T11:09:51.838+0800][info] GC(367) Old regions: 54->55
[2024-10-12T11:09:51.838+0800][info] GC(367) Archive regions: 2->2
[2024-10-12T11:09:51.838+0800][info] GC(367) Humongous regions: 3->3
[2024-10-12T11:09:51.838+0800][info] GC(367) Metaspace: 1675K(1856K)->1675K(1856K) NonClass: 1551K(1664K)->1551K(1664K) Class: 124K(192K)->124K(192K)
[2024-10-12T11:09:51.838+0800][info] GC(367) Pause Young (Concurrent Start) (G1 Preventive Collection) 110M->110M(128M) 2.143ms
[2024-10-12T11:09:51.838+0800][info] GC(367) User=0.01s Sys=0.00s Real=0.00s
[2024-10-12T11:09:51.839+0800][info] GC(368) Concurrent Mark Cycle
[2024-10-12T11:09:51.839+0800][info] GC(368) Concurrent Clear Claimed Marks
[2024-10-12T11:09:51.839+0800][info] GC(368) Concurrent Clear Claimed Marks 0.019ms
[2024-10-12T11:09:51.839+0800][info] GC(368) Concurrent Scan Root Regions
[2024-10-12T11:09:51.839+0800][info] GC(368) Concurrent Scan Root Regions 0.155ms
[2024-10-12T11:09:51.839+0800][info] GC(368) Concurrent Mark
[2024-10-12T11:09:51.839+0800][info] GC(368) Concurrent Mark From Roots
[2024-10-12T11:09:51.839+0800][info] GC(368) Using 12 workers of 12 for marking
[2024-10-12T11:09:51.843+0800][info] GC(368) Concurrent Mark From Roots 3.795ms
[2024-10-12T11:09:51.843+0800][info] GC(368) Concurrent Preclean
[2024-10-12T11:09:51.844+0800][info] GC(368) Concurrent Preclean 1.752ms
[2024-10-12T11:09:51.844+0800][info] GC(368) Pause Remark
[2024-10-12T11:09:51.846+0800][info] GC(368) Pause Remark 110M->110M(128M) 1.590ms
[2024-10-12T11:09:51.846+0800][info] GC(368) User=0.00s Sys=0.00s Real=0.01s
[2024-10-12T11:09:51.846+0800][info] GC(368) Concurrent Mark 7.342ms
[2024-10-12T11:09:51.846+0800][info] GC(368) Concurrent Rebuild Remembered Sets
[2024-10-12T11:09:51.847+0800][info] GC(368) Concurrent Rebuild Remembered Sets 0.974ms
[2024-10-12T11:09:51.847+0800][info] GC(368) Pause Cleanup
[2024-10-12T11:09:51.847+0800][info] GC(368) Pause Cleanup 110M->110M(128M) 0.183ms
[2024-10-12T11:09:51.847+0800][info] GC(368) User=0.00s Sys=0.00s Real=0.00s
[2024-10-12T11:09:51.847+0800][info] GC(368) Concurrent Cleanup for Next Mark
[2024-10-12T11:09:51.848+0800][info] GC(368) Concurrent Cleanup for Next Mark 0.397ms
[2024-10-12T11:09:51.848+0800][info] GC(368) Concurrent Mark Cycle 9.370ms
[2024-10-12T11:09:51.951+0800][info] GC(369) Pause Young (Prepare Mixed) (G1 Preventive Collection)
[2024-10-12T11:09:51.951+0800][info] GC(369) Using 3 workers of 48 for evacuation
[2024-10-12T11:09:51.953+0800][info] GC(369)   Pre Evacuate Collection Set: 0.1ms
[2024-10-12T11:09:51.953+0800][info] GC(369)   Merge Heap Roots: 0.1ms
[2024-10-12T11:09:51.953+0800][info] GC(369)   Evacuate Collection Set: 0.9ms
[2024-10-12T11:09:51.953+0800][info] GC(369)   Post Evacuate Collection Set: 0.2ms
[2024-10-12T11:09:51.953+0800][info] GC(369)   Other: 0.2ms
[2024-10-12T11:09:51.953+0800][info] GC(369) Eden regions: 1->0(2)
[2024-10-12T11:09:51.953+0800][info] GC(369) Survivor regions: 1->1(1)
[2024-10-12T11:09:51.953+0800][info] GC(369) Old regions: 55->56
[2024-10-12T11:09:51.953+0800][info] GC(369) Archive regions: 2->2
[2024-10-12T11:09:51.953+0800][info] GC(369) Humongous regions: 3->3
[2024-10-12T11:09:51.953+0800][info] GC(369) Metaspace: 1675K(1856K)->1675K(1856K) NonClass: 1551K(1664K)->1551K(1664K) Class: 124K(192K)->124K(192K)
[2024-10-12T11:09:51.953+0800][info] GC(369) Pause Young (Prepare Mixed) (G1 Preventive Collection) 112M->112M(128M) 1.700ms
[2024-10-12T11:09:51.953+0800][info] GC(369) User=0.00s Sys=0.00s Real=0.00s
[2024-10-12T11:09:51.994+0800][info] GC(370) Pause Young (Mixed) (G1 Preventive Collection)
[2024-10-12T11:09:51.994+0800][info] GC(370) Using 3 workers of 48 for evacuation
[2024-10-12T11:09:51.997+0800][info] GC(370) To-space exhausted
[2024-10-12T11:09:51.997+0800][info] GC(370)   Pre Evacuate Collection Set: 0.2ms
[2024-10-12T11:09:51.997+0800][info] GC(370)   Merge Heap Roots: 0.1ms
[2024-10-12T11:09:51.997+0800][info] GC(370)   Evacuate Collection Set: 1.7ms
[2024-10-12T11:09:51.997+0800][info] GC(370)   Post Evacuate Collection Set: 1.0ms
[2024-10-12T11:09:51.997+0800][info] GC(370)   Other: 0.3ms
[2024-10-12T11:09:51.997+0800][info] GC(370) Eden regions: 1->0(2)
[2024-10-12T11:09:51.997+0800][info] GC(370) Survivor regions: 1->1(1)
[2024-10-12T11:09:51.997+0800][info] GC(370) Old regions: 56->57
[2024-10-12T11:09:51.997+0800][info] GC(370) Archive regions: 2->2
[2024-10-12T11:09:51.997+0800][info] GC(370) Humongous regions: 3->3
[2024-10-12T11:09:51.997+0800][info] GC(370) Metaspace: 1675K(1856K)->1675K(1856K) NonClass: 1551K(1664K)->1551K(1664K) Class: 124K(192K)->124K(192K)
[2024-10-12T11:09:51.997+0800][info] GC(370) Pause Young (Mixed) (G1 Preventive Collection) 113M->114M(128M) 3.435ms
[2024-10-12T11:09:51.997+0800][info] GC(370) User=0.01s Sys=0.00s Real=0.00s
[2024-10-12T11:09:52.059+0800][info] GC(371) Pause Young (Concurrent Start) (G1 Evacuation Pause)
[2024-10-12T11:09:52.059+0800][info] GC(371) Using 3 workers of 48 for evacuation
[2024-10-12T11:09:52.060+0800][info] GC(371) To-space exhausted
[2024-10-12T11:09:52.060+0800][info] GC(371)   Pre Evacuate Collection Set: 0.1ms
[2024-10-12T11:09:52.060+0800][info] GC(371)   Merge Heap Roots: 0.1ms
[2024-10-12T11:09:52.060+0800][info] GC(371)   Evacuate Collection Set: 0.5ms
[2024-10-12T11:09:52.060+0800][info] GC(371)   Post Evacuate Collection Set: 0.2ms
[2024-10-12T11:09:52.060+0800][info] GC(371)   Other: 0.3ms
[2024-10-12T11:09:52.060+0800][info] GC(371) Eden regions: 1->0(3)
[2024-10-12T11:09:52.060+0800][info] GC(371) Survivor regions: 1->0(0)
[2024-10-12T11:09:52.060+0800][info] GC(371) Old regions: 57->59
[2024-10-12T11:09:52.060+0800][info] GC(371) Archive regions: 2->2
[2024-10-12T11:09:52.060+0800][info] GC(371) Humongous regions: 3->3
[2024-10-12T11:09:52.060+0800][info] GC(371) Metaspace: 1675K(1856K)->1675K(1856K) NonClass: 1551K(1664K)->1551K(1664K) Class: 124K(192K)->124K(192K)
[2024-10-12T11:09:52.060+0800][info] GC(371) Pause Young (Concurrent Start) (G1 Evacuation Pause) 116M->116M(128M) 1.408ms
[2024-10-12T11:09:52.060+0800][info] GC(371) User=0.00s Sys=0.00s Real=0.00s
[2024-10-12T11:09:52.060+0800][info] Attempting full compaction
[2024-10-12T11:09:52.060+0800][info] GC(372) Concurrent Mark Cycle
[2024-10-12T11:09:52.060+0800][info] GC(373) Using 3 workers of 48 for full compaction
[2024-10-12T11:09:52.060+0800][info] GC(372) Concurrent Clear Claimed Marks
[2024-10-12T11:09:52.060+0800][info] GC(372) Concurrent Clear Claimed Marks 0.061ms
[2024-10-12T11:09:52.060+0800][info] GC(372) Concurrent Scan Root Regions
[2024-10-12T11:09:52.060+0800][info] GC(373) Pause Full (G1 Compaction Pause)
[2024-10-12T11:09:52.060+0800][info] GC(372) Concurrent Scan Root Regions 0.028ms
[2024-10-12T11:09:52.060+0800][info] GC(372) Concurrent Mark
[2024-10-12T11:09:52.060+0800][info] GC(372) Concurrent Mark From Roots
[2024-10-12T11:09:52.060+0800][info] GC(372) Using 12 workers of 12 for marking
[2024-10-12T11:09:52.061+0800][info] GC(373) Phase 1: Mark live objects
[2024-10-12T11:09:52.064+0800][info] GC(373) Phase 1: Mark live objects 3.369ms
[2024-10-12T11:09:52.064+0800][info] GC(373) Phase 2: Prepare for compaction
[2024-10-12T11:09:52.065+0800][info] GC(373) Phase 2: Prepare for compaction 0.721ms
[2024-10-12T11:09:52.065+0800][info] GC(373) Phase 3: Adjust pointers
[2024-10-12T11:09:52.067+0800][info] GC(373) Phase 3: Adjust pointers 1.702ms
[2024-10-12T11:09:52.067+0800][info] GC(373) Phase 4: Compact heap
[2024-10-12T11:09:52.078+0800][info] GC(373) Phase 4: Compact heap 11.714ms
[2024-10-12T11:09:52.080+0800][info] GC(373) Eden regions: 0->0(4)
[2024-10-12T11:09:52.080+0800][info] GC(373) Survivor regions: 0->0(0)
[2024-10-12T11:09:52.080+0800][info] GC(373) Old regions: 59->39
[2024-10-12T11:09:52.080+0800][info] GC(373) Archive regions: 2->2
[2024-10-12T11:09:52.080+0800][info] GC(373) Humongous regions: 3->3
[2024-10-12T11:09:52.080+0800][info] GC(373) Metaspace: 1675K(1856K)->1675K(1856K) NonClass: 1551K(1664K)->1551K(1664K) Class: 124K(192K)->124K(192K)
[2024-10-12T11:09:52.080+0800][info] GC(373) Pause Full (G1 Compaction Pause) 116M->72M(128M) 19.809ms
[2024-10-12T11:09:52.080+0800][info] GC(373) User=0.05s Sys=0.00s Real=0.02s
[2024-10-12T11:09:52.080+0800][info] GC(372) Concurrent Mark From Roots 19.938ms
[2024-10-12T11:09:52.080+0800][info] GC(372) Concurrent Mark Abort
[2024-10-12T11:09:52.080+0800][info] GC(372) Concurrent Mark Cycle 20.248ms
[2024-10-12T11:09:52.285+0800][info] GC(374) Pause Young (Normal) (G1 Evacuation Pause)
[2024-10-12T11:09:52.285+0800][info] GC(374) Using 3 workers of 48 for evacuation
[2024-10-12T11:09:52.287+0800][info] GC(374)   Pre Evacuate Collection Set: 0.1ms
[2024-10-12T11:09:52.287+0800][info] GC(374)   Merge Heap Roots: 0.1ms
[2024-10-12T11:09:52.287+0800][info] GC(374)   Evacuate Collection Set: 1.2ms
[2024-10-12T11:09:52.287+0800][info] GC(374)   Post Evacuate Collection Set: 0.2ms
[2024-10-12T11:09:52.287+0800][info] GC(374)   Other: 0.2ms
[2024-10-12T11:09:52.287+0800][info] GC(374) Eden regions: 4->0(2)
[2024-10-12T11:09:52.287+0800][info] GC(374) Survivor regions: 0->1(1)
[2024-10-12T11:09:52.287+0800][info] GC(374) Old regions: 39->42
[2024-10-12T11:09:52.287+0800][info] GC(374) Archive regions: 2->2
[2024-10-12T11:09:52.287+0800][info] GC(374) Humongous regions: 3->3
[2024-10-12T11:09:52.287+0800][info] GC(374) Metaspace: 1675K(1856K)->1675K(1856K) NonClass: 1551K(1664K)->1551K(1664K) Class: 124K(192K)->124K(192K)
[2024-10-12T11:09:52.287+0800][info] GC(374) Pause Young (Normal) (G1 Evacuation Pause) 79M->78M(128M) 2.028ms
[2024-10-12T11:09:52.287+0800][info] GC(374) User=0.00s Sys=0.00s Real=0.00s
[2024-10-12T11:09:52.390+0800][info] GC(375) Pause Young (Normal) (G1 Evacuation Pause)
[2024-10-12T11:09:52.390+0800][info] GC(375) Using 3 workers of 48 for evacuation
[2024-10-12T11:09:52.391+0800][info] GC(375)   Pre Evacuate Collection Set: 0.1ms
[2024-10-12T11:09:52.391+0800][info] GC(375)   Merge Heap Roots: 0.1ms
[2024-10-12T11:09:52.391+0800][info] GC(375)   Evacuate Collection Set: 1.1ms
[2024-10-12T11:09:52.391+0800][info] GC(375)   Post Evacuate Collection Set: 0.2ms
[2024-10-12T11:09:52.391+0800][info] GC(375)   Other: 0.2ms
[2024-10-12T11:09:52.391+0800][info] GC(375) Eden regions: 2->0(2)
[2024-10-12T11:09:52.391+0800][info] GC(375) Survivor regions: 1->1(1)
[2024-10-12T11:09:52.391+0800][info] GC(375) Old regions: 42->44
[2024-10-12T11:09:52.391+0800][info] GC(375) Archive regions: 2->2
[2024-10-12T11:09:52.391+0800][info] GC(375) Humongous regions: 3->3
[2024-10-12T11:09:52.392+0800][info] GC(375) Metaspace: 1675K(1856K)->1675K(1856K) NonClass: 1551K(1664K)->1551K(1664K) Class: 124K(192K)->124K(192K)
[2024-10-12T11:09:52.392+0800][info] GC(375) Pause Young (Normal) (G1 Evacuation Pause) 82M->82M(128M) 1.764ms
[2024-10-12T11:09:52.392+0800][info] GC(375) User=0.00s Sys=0.01s Real=0.00s
[2024-10-12T11:09:52.494+0800][info] GC(376) Pause Young (Concurrent Start) (G1 Evacuation Pause)
[2024-10-12T11:09:52.494+0800][info] GC(376) Using 3 workers of 48 for evacuation
[2024-10-12T11:09:52.495+0800][info] GC(376)   Pre Evacuate Collection Set: 0.1ms
[2024-10-12T11:09:52.495+0800][info] GC(376)   Merge Heap Roots: 0.1ms
[2024-10-12T11:09:52.495+0800][info] GC(376)   Evacuate Collection Set: 1.0ms
[2024-10-12T11:09:52.495+0800][info] GC(376)   Post Evacuate Collection Set: 0.2ms
[2024-10-12T11:09:52.495+0800][info] GC(376)   Other: 0.4ms
[2024-10-12T11:09:52.495+0800][info] GC(376) Eden regions: 2->0(2)
[2024-10-12T11:09:52.495+0800][info] GC(376) Survivor regions: 1->1(1)
[2024-10-12T11:09:52.495+0800][info] GC(376) Old regions: 44->46
[2024-10-12T11:09:52.496+0800][info] GC(376) Archive regions: 2->2
[2024-10-12T11:09:52.496+0800][info] GC(376) Humongous regions: 3->3
[2024-10-12T11:09:52.496+0800][info] GC(376) Metaspace: 1675K(1856K)->1675K(1856K) NonClass: 1551K(1664K)->1551K(1664K) Class: 124K(192K)->124K(192K)
[2024-10-12T11:09:52.496+0800][info] GC(376) Pause Young (Concurrent Start) (G1 Evacuation Pause) 86M->86M(128M) 1.867ms
[2024-10-12T11:09:52.496+0800][info] GC(376) User=0.00s Sys=0.00s Real=0.00s
[2024-10-12T11:09:52.496+0800][info] GC(377) Concurrent Mark Cycle
[2024-10-12T11:09:52.496+0800][info] GC(377) Concurrent Clear Claimed Marks
[2024-10-12T11:09:52.496+0800][info] GC(377) Concurrent Clear Claimed Marks 0.018ms
[2024-10-12T11:09:52.496+0800][info] GC(377) Concurrent Scan Root Regions
[2024-10-12T11:09:52.496+0800][info] GC(377) Concurrent Scan Root Regions 0.155ms
[2024-10-12T11:09:52.496+0800][info] GC(377) Concurrent Mark
[2024-10-12T11:09:52.496+0800][info] GC(377) Concurrent Mark From Roots
[2024-10-12T11:09:52.496+0800][info] GC(377) Using 12 workers of 12 for marking
[2024-10-12T11:09:52.500+0800][info] GC(377) Concurrent Mark From Roots 3.818ms
[2024-10-12T11:09:52.500+0800][info] GC(377) Concurrent Preclean
[2024-10-12T11:09:52.501+0800][info] GC(377) Concurrent Preclean 1.740ms
[2024-10-12T11:09:52.502+0800][info] GC(377) Pause Remark
[2024-10-12T11:09:52.503+0800][info] GC(377) Pause Remark 87M->87M(128M) 1.542ms
[2024-10-12T11:09:52.503+0800][info] GC(377) User=0.00s Sys=0.00s Real=0.00s
[2024-10-12T11:09:52.503+0800][info] GC(377) Concurrent Mark 7.303ms
[2024-10-12T11:09:52.503+0800][info] GC(377) Concurrent Rebuild Remembered Sets
[2024-10-12T11:09:52.504+0800][info] GC(377) Concurrent Rebuild Remembered Sets 1.148ms
[2024-10-12T11:09:52.504+0800][info] GC(377) Pause Cleanup
[2024-10-12T11:09:52.505+0800][info] GC(377) Pause Cleanup 87M->87M(128M) 0.169ms
[2024-10-12T11:09:52.505+0800][info] GC(377) User=0.00s Sys=0.00s Real=0.00s
[2024-10-12T11:09:52.505+0800][info] GC(377) Concurrent Cleanup for Next Mark
[2024-10-12T11:09:52.505+0800][info] GC(377) Concurrent Cleanup for Next Mark 0.475ms
[2024-10-12T11:09:52.505+0800][info] GC(377) Concurrent Mark Cycle 9.563ms
[2024-10-12T11:09:52.649+0800][info] GC(378) Pause Young (Prepare Mixed) (G1 Evacuation Pause)
[2024-10-12T11:09:52.649+0800][info] GC(378) Using 3 workers of 48 for evacuation
[2024-10-12T11:09:52.651+0800][info] GC(378)   Pre Evacuate Collection Set: 0.1ms
[2024-10-12T11:09:52.651+0800][info] GC(378)   Merge Heap Roots: 0.1ms
[2024-10-12T11:09:52.651+0800][info] GC(378)   Evacuate Collection Set: 0.9ms
[2024-10-12T11:09:52.651+0800][info] GC(378)   Post Evacuate Collection Set: 0.2ms
[2024-10-12T11:09:52.651+0800][info] GC(378)   Other: 0.3ms
[2024-10-12T11:09:52.651+0800][info] GC(378) Eden regions: 2->0(2)
[2024-10-12T11:09:52.651+0800][info] GC(378) Survivor regions: 1->1(1)
[2024-10-12T11:09:52.651+0800][info] GC(378) Old regions: 46->48
[2024-10-12T11:09:52.651+0800][info] GC(378) Archive regions: 2->2
[2024-10-12T11:09:52.651+0800][info] GC(378) Humongous regions: 3->3
[2024-10-12T11:09:52.651+0800][info] GC(378) Metaspace: 1675K(1856K)->1675K(1856K) NonClass: 1551K(1664K)->1551K(1664K) Class: 124K(192K)->124K(192K)
[2024-10-12T11:09:52.651+0800][info] GC(378) Pause Young (Prepare Mixed) (G1 Evacuation Pause) 90M->90M(128M) 1.702ms
[2024-10-12T11:09:52.651+0800][info] GC(378) User=0.00s Sys=0.00s Real=0.00s
[2024-10-12T11:09:52.712+0800][info] GC(379) Pause Young (Mixed) (G1 Preventive Collection)
[2024-10-12T11:09:52.712+0800][info] GC(379) Using 3 workers of 48 for evacuation
[2024-10-12T11:09:52.719+0800][info] GC(379) To-space exhausted
[2024-10-12T11:09:52.719+0800][info] GC(379)   Pre Evacuate Collection Set: 0.2ms
[2024-10-12T11:09:52.719+0800][info] GC(379)   Merge Heap Roots: 0.1ms
[2024-10-12T11:09:52.719+0800][info] GC(379)   Evacuate Collection Set: 4.8ms
[2024-10-12T11:09:52.719+0800][info] GC(379)   Post Evacuate Collection Set: 1.8ms
[2024-10-12T11:09:52.719+0800][info] GC(379)   Other: 0.3ms
[2024-10-12T11:09:52.719+0800][info] GC(379) Eden regions: 1->0(2)
[2024-10-12T11:09:52.719+0800][info] GC(379) Survivor regions: 1->1(1)
[2024-10-12T11:09:52.719+0800][info] GC(379) Old regions: 48->56
[2024-10-12T11:09:52.719+0800][info] GC(379) Archive regions: 2->2
[2024-10-12T11:09:52.719+0800][info] GC(379) Humongous regions: 3->3
[2024-10-12T11:09:52.719+0800][info] GC(379) Metaspace: 1675K(1856K)->1675K(1856K) NonClass: 1551K(1664K)->1551K(1664K) Class: 124K(192K)->124K(192K)
[2024-10-12T11:09:52.719+0800][info] GC(379) Pause Young (Mixed) (G1 Preventive Collection) 92M->109M(128M) 7.260ms
[2024-10-12T11:09:52.719+0800][info] GC(379) User=0.02s Sys=0.00s Real=0.01s
[2024-10-12T11:09:52.761+0800][info] GC(380) Pause Young (Concurrent Start) (G1 Preventive Collection)
[2024-10-12T11:09:52.761+0800][info] GC(380) Using 3 workers of 48 for evacuation
[2024-10-12T11:09:52.762+0800][info] GC(380) To-space exhausted
[2024-10-12T11:09:52.762+0800][info] GC(380)   Pre Evacuate Collection Set: 0.1ms
[2024-10-12T11:09:52.762+0800][info] GC(380)   Merge Heap Roots: 0.1ms
[2024-10-12T11:09:52.762+0800][info] GC(380)   Evacuate Collection Set: 0.9ms
[2024-10-12T11:09:52.762+0800][info] GC(380)   Post Evacuate Collection Set: 0.2ms
[2024-10-12T11:09:52.762+0800][info] GC(380)   Other: 0.4ms
[2024-10-12T11:09:52.762+0800][info] GC(380) Eden regions: 1->0(2)
[2024-10-12T11:09:52.762+0800][info] GC(380) Survivor regions: 1->1(1)
[2024-10-12T11:09:52.762+0800][info] GC(380) Old regions: 56->57
[2024-10-12T11:09:52.762+0800][info] GC(380) Archive regions: 2->2
[2024-10-12T11:09:52.762+0800][info] GC(380) Humongous regions: 3->3
[2024-10-12T11:09:52.762+0800][info] GC(380) Metaspace: 1675K(1856K)->1675K(1856K) NonClass: 1551K(1664K)->1551K(1664K) Class: 124K(192K)->124K(192K)
[2024-10-12T11:09:52.762+0800][info] GC(380) Pause Young (Concurrent Start) (G1 Preventive Collection) 111M->110M(128M) 1.776ms
[2024-10-12T11:09:52.762+0800][info] GC(380) User=0.00s Sys=0.00s Real=0.00s
[2024-10-12T11:09:52.762+0800][info] GC(381) Concurrent Mark Cycle
[2024-10-12T11:09:52.762+0800][info] GC(381) Concurrent Clear Claimed Marks
[2024-10-12T11:09:52.762+0800][info] GC(381) Concurrent Clear Claimed Marks 0.014ms
[2024-10-12T11:09:52.762+0800][info] GC(381) Concurrent Scan Root Regions
[2024-10-12T11:09:52.763+0800][info] GC(381) Concurrent Scan Root Regions 0.148ms
[2024-10-12T11:09:52.763+0800][info] GC(381) Concurrent Mark
[2024-10-12T11:09:52.763+0800][info] GC(381) Concurrent Mark From Roots
[2024-10-12T11:09:52.763+0800][info] GC(381) Using 12 workers of 12 for marking
[2024-10-12T11:09:52.767+0800][info] GC(381) Concurrent Mark From Roots 4.199ms
[2024-10-12T11:09:52.767+0800][info] GC(381) Concurrent Preclean
[2024-10-12T11:09:52.769+0800][info] GC(381) Concurrent Preclean 1.681ms
[2024-10-12T11:09:52.769+0800][info] GC(381) Pause Remark
[2024-10-12T11:09:52.770+0800][info] GC(381) Pause Remark 111M->111M(128M) 1.477ms
[2024-10-12T11:09:52.770+0800][info] GC(381) User=0.00s Sys=0.00s Real=0.00s
[2024-10-12T11:09:52.770+0800][info] GC(381) Concurrent Mark 7.573ms
[2024-10-12T11:09:52.770+0800][info] GC(381) Concurrent Rebuild Remembered Sets
[2024-10-12T11:09:52.771+0800][info] GC(381) Concurrent Rebuild Remembered Sets 1.155ms
[2024-10-12T11:09:52.771+0800][info] GC(381) Pause Cleanup
[2024-10-12T11:09:52.772+0800][info] GC(381) Pause Cleanup 111M->111M(128M) 0.157ms
[2024-10-12T11:09:52.772+0800][info] GC(381) User=0.00s Sys=0.00s Real=0.00s
[2024-10-12T11:09:52.772+0800][info] GC(381) Concurrent Cleanup for Next Mark
[2024-10-12T11:09:52.772+0800][info] GC(381) Concurrent Cleanup for Next Mark 0.370ms
[2024-10-12T11:09:52.772+0800][info] GC(381) Concurrent Mark Cycle 9.670ms
[2024-10-12T11:09:52.875+0800][info] GC(382) Pause Young (Prepare Mixed) (G1 Evacuation Pause)
[2024-10-12T11:09:52.875+0800][info] GC(382) Using 3 workers of 48 for evacuation
[2024-10-12T11:09:52.876+0800][info] GC(382) To-space exhausted
[2024-10-12T11:09:52.876+0800][info] GC(382)   Pre Evacuate Collection Set: 0.1ms
[2024-10-12T11:09:52.876+0800][info] GC(382)   Merge Heap Roots: 0.1ms
[2024-10-12T11:09:52.876+0800][info] GC(382)   Evacuate Collection Set: 0.2ms
[2024-10-12T11:09:52.876+0800][info] GC(382)   Post Evacuate Collection Set: 0.3ms
[2024-10-12T11:09:52.876+0800][info] GC(382)   Other: 0.2ms
[2024-10-12T11:09:52.876+0800][info] GC(382) Eden regions: 1->0(3)
[2024-10-12T11:09:52.876+0800][info] GC(382) Survivor regions: 1->0(0)
[2024-10-12T11:09:52.876+0800][info] GC(382) Old regions: 57->59
[2024-10-12T11:09:52.876+0800][info] GC(382) Archive regions: 2->2
[2024-10-12T11:09:52.876+0800][info] GC(382) Humongous regions: 3->3
[2024-10-12T11:09:52.876+0800][info] GC(382) Metaspace: 1675K(1856K)->1675K(1856K) NonClass: 1551K(1664K)->1551K(1664K) Class: 124K(192K)->124K(192K)
[2024-10-12T11:09:52.876+0800][info] GC(382) Pause Young (Prepare Mixed) (G1 Evacuation Pause) 112M->112M(128M) 0.992ms
[2024-10-12T11:09:52.876+0800][info] GC(382) User=0.00s Sys=0.01s Real=0.00s
[2024-10-12T11:09:52.876+0800][info] Attempting full compaction
[2024-10-12T11:09:52.876+0800][info] GC(383) Using 3 workers of 48 for full compaction
[2024-10-12T11:09:52.876+0800][info] GC(383) Pause Full (G1 Compaction Pause)
[2024-10-12T11:09:52.876+0800][info] GC(383) Phase 1: Mark live objects
[2024-10-12T11:09:52.880+0800][info] GC(383) Phase 1: Mark live objects 3.228ms
[2024-10-12T11:09:52.880+0800][info] GC(383) Phase 2: Prepare for compaction
[2024-10-12T11:09:52.880+0800][info] GC(383) Phase 2: Prepare for compaction 0.779ms
[2024-10-12T11:09:52.880+0800][info] GC(383) Phase 3: Adjust pointers
[2024-10-12T11:09:52.882+0800][info] GC(383) Phase 3: Adjust pointers 1.763ms
[2024-10-12T11:09:52.882+0800][info] GC(383) Phase 4: Compact heap
[2024-10-12T11:09:52.974+0800][info] GC(383) Phase 4: Compact heap 91.894ms
[2024-10-12T11:09:52.976+0800][info] GC(383) Eden regions: 0->0(4)
[2024-10-12T11:09:52.976+0800][info] GC(383) Survivor regions: 0->0(0)
[2024-10-12T11:09:52.976+0800][info] GC(383) Old regions: 59->38
[2024-10-12T11:09:52.976+0800][info] GC(383) Archive regions: 2->2
[2024-10-12T11:09:52.976+0800][info] GC(383) Humongous regions: 3->3
[2024-10-12T11:09:52.976+0800][info] GC(383) Metaspace: 1675K(1856K)->1675K(1856K) NonClass: 1551K(1664K)->1551K(1664K) Class: 124K(192K)->124K(192K)
[2024-10-12T11:09:52.976+0800][info] GC(383) Pause Full (G1 Compaction Pause) 112M->71M(128M) 100.095ms
[2024-10-12T11:09:52.977+0800][info] GC(383) User=0.06s Sys=0.10s Real=0.10s
[2024-10-12T11:09:53.191+0800][info] GC(384) Pause Young (Normal) (G1 Evacuation Pause)
[2024-10-12T11:09:53.191+0800][info] GC(384) Using 3 workers of 48 for evacuation
[2024-10-12T11:09:53.199+0800][info] GC(384)   Pre Evacuate Collection Set: 0.1ms
[2024-10-12T11:09:53.199+0800][info] GC(384)   Merge Heap Roots: 0.1ms
[2024-10-12T11:09:53.199+0800][info] GC(384)   Evacuate Collection Set: 7.0ms
[2024-10-12T11:09:53.199+0800][info] GC(384)   Post Evacuate Collection Set: 0.3ms
[2024-10-12T11:09:53.199+0800][info] GC(384)   Other: 0.3ms
[2024-10-12T11:09:53.199+0800][info] GC(384) Eden regions: 4->0(2)
[2024-10-12T11:09:53.199+0800][info] GC(384) Survivor regions: 0->1(1)
[2024-10-12T11:09:53.199+0800][info] GC(384) Old regions: 38->41
[2024-10-12T11:09:53.199+0800][info] GC(384) Archive regions: 2->2
[2024-10-12T11:09:53.199+0800][info] GC(384) Humongous regions: 3->3
[2024-10-12T11:09:53.199+0800][info] GC(384) Metaspace: 1675K(1856K)->1675K(1856K) NonClass: 1551K(1664K)->1551K(1664K) Class: 124K(192K)->124K(192K)
[2024-10-12T11:09:53.199+0800][info] GC(384) Pause Young (Normal) (G1 Evacuation Pause) 79M->79M(128M) 7.902ms
[2024-10-12T11:09:53.199+0800][info] GC(384) User=0.01s Sys=0.01s Real=0.01s
[2024-10-12T11:09:53.301+0800][info] GC(385) Pause Young (Normal) (G1 Evacuation Pause)
[2024-10-12T11:09:53.301+0800][info] GC(385) Using 3 workers of 48 for evacuation
[2024-10-12T11:09:53.305+0800][info] GC(385)   Pre Evacuate Collection Set: 0.1ms
[2024-10-12T11:09:53.305+0800][info] GC(385)   Merge Heap Roots: 0.1ms
[2024-10-12T11:09:53.305+0800][info] GC(385)   Evacuate Collection Set: 3.3ms
[2024-10-12T11:09:53.305+0800][info] GC(385)   Post Evacuate Collection Set: 0.2ms
[2024-10-12T11:09:53.305+0800][info] GC(385)   Other: 0.2ms
[2024-10-12T11:09:53.305+0800][info] GC(385) Eden regions: 2->0(2)
[2024-10-12T11:09:53.305+0800][info] GC(385) Survivor regions: 1->1(1)
[2024-10-12T11:09:53.305+0800][info] GC(385) Old regions: 41->43
[2024-10-12T11:09:53.305+0800][info] GC(385) Archive regions: 2->2
[2024-10-12T11:09:53.305+0800][info] GC(385) Humongous regions: 3->3
[2024-10-12T11:09:53.305+0800][info] GC(385) Metaspace: 1675K(1856K)->1675K(1856K) NonClass: 1551K(1664K)->1551K(1664K) Class: 124K(192K)->124K(192K)
[2024-10-12T11:09:53.305+0800][info] GC(385) Pause Young (Normal) (G1 Evacuation Pause) 83M->82M(128M) 4.035ms
[2024-10-12T11:09:53.305+0800][info] GC(385) User=0.00s Sys=0.01s Real=0.01s
[2024-10-12T11:09:53.408+0800][info] GC(386) Pause Young (Normal) (G1 Evacuation Pause)
[2024-10-12T11:09:53.408+0800][info] GC(386) Using 3 workers of 48 for evacuation
[2024-10-12T11:09:53.413+0800][info] GC(386)   Pre Evacuate Collection Set: 0.1ms
[2024-10-12T11:09:53.413+0800][info] GC(386)   Merge Heap Roots: 0.1ms
[2024-10-12T11:09:53.413+0800][info] GC(386)   Evacuate Collection Set: 5.0ms
[2024-10-12T11:09:53.413+0800][info] GC(386)   Post Evacuate Collection Set: 0.2ms
[2024-10-12T11:09:53.413+0800][info] GC(386)   Other: 0.2ms
[2024-10-12T11:09:53.413+0800][info] GC(386) Eden regions: 2->0(2)
[2024-10-12T11:09:53.413+0800][info] GC(386) Survivor regions: 1->1(1)
[2024-10-12T11:09:53.413+0800][info] GC(386) Old regions: 43->45
[2024-10-12T11:09:53.413+0800][info] GC(386) Archive regions: 2->2
[2024-10-12T11:09:53.413+0800][info] GC(386) Humongous regions: 3->3
[2024-10-12T11:09:53.413+0800][info] GC(386) Metaspace: 1675K(1856K)->1675K(1856K) NonClass: 1551K(1664K)->1551K(1664K) Class: 124K(192K)->124K(192K)
[2024-10-12T11:09:53.413+0800][info] GC(386) Pause Young (Normal) (G1 Evacuation Pause) 86M->86M(128M) 5.751ms
[2024-10-12T11:09:53.413+0800][info] GC(386) User=0.00s Sys=0.00s Real=0.01s
[2024-10-12T11:09:53.515+0800][info] GC(387) Pause Young (Concurrent Start) (G1 Evacuation Pause)
[2024-10-12T11:09:53.515+0800][info] GC(387) Using 3 workers of 48 for evacuation
[2024-10-12T11:09:53.519+0800][info] GC(387)   Pre Evacuate Collection Set: 0.1ms
[2024-10-12T11:09:53.519+0800][info] GC(387)   Merge Heap Roots: 0.1ms
[2024-10-12T11:09:53.519+0800][info] GC(387)   Evacuate Collection Set: 3.0ms
[2024-10-12T11:09:53.519+0800][info] GC(387)   Post Evacuate Collection Set: 0.2ms
[2024-10-12T11:09:53.519+0800][info] GC(387)   Other: 0.4ms
[2024-10-12T11:09:53.519+0800][info] GC(387) Eden regions: 2->0(2)
[2024-10-12T11:09:53.519+0800][info] GC(387) Survivor regions: 1->1(1)
[2024-10-12T11:09:53.519+0800][info] GC(387) Old regions: 45->47
[2024-10-12T11:09:53.519+0800][info] GC(387) Archive regions: 2->2
[2024-10-12T11:09:53.519+0800][info] GC(387) Humongous regions: 3->3
[2024-10-12T11:09:53.519+0800][info] GC(387) Metaspace: 1675K(1856K)->1675K(1856K) NonClass: 1551K(1664K)->1551K(1664K) Class: 124K(192K)->124K(192K)
[2024-10-12T11:09:53.519+0800][info] GC(387) Pause Young (Concurrent Start) (G1 Evacuation Pause) 90M->90M(128M) 3.834ms
[2024-10-12T11:09:53.519+0800][info] GC(387) User=0.01s Sys=0.01s Real=0.00s
[2024-10-12T11:09:53.519+0800][info] GC(388) Concurrent Mark Cycle
[2024-10-12T11:09:53.519+0800][info] GC(388) Concurrent Clear Claimed Marks
[2024-10-12T11:09:53.519+0800][info] GC(388) Concurrent Clear Claimed Marks 0.033ms
[2024-10-12T11:09:53.519+0800][info] GC(388) Concurrent Scan Root Regions
[2024-10-12T11:09:53.520+0800][info] GC(388) Concurrent Scan Root Regions 0.207ms
[2024-10-12T11:09:53.520+0800][info] GC(388) Concurrent Mark
[2024-10-12T11:09:53.520+0800][info] GC(388) Concurrent Mark From Roots
[2024-10-12T11:09:53.520+0800][info] GC(388) Using 12 workers of 12 for marking
[2024-10-12T11:09:53.527+0800][info] GC(388) Concurrent Mark From Roots 7.000ms
[2024-10-12T11:09:53.527+0800][info] GC(388) Concurrent Preclean
[2024-10-12T11:09:53.528+0800][info] GC(388) Concurrent Preclean 1.676ms
[2024-10-12T11:09:53.528+0800][info] GC(388) Pause Remark
[2024-10-12T11:09:53.531+0800][info] GC(388) Pause Remark 91M->91M(128M) 2.204ms
[2024-10-12T11:09:53.531+0800][info] GC(388) User=0.00s Sys=0.00s Real=0.00s
[2024-10-12T11:09:53.531+0800][info] GC(388) Concurrent Mark 11.118ms
[2024-10-12T11:09:53.531+0800][info] GC(388) Concurrent Rebuild Remembered Sets
[2024-10-12T11:09:53.532+0800][info] GC(388) Concurrent Rebuild Remembered Sets 1.153ms
[2024-10-12T11:09:53.532+0800][info] GC(388) Pause Cleanup
[2024-10-12T11:09:53.532+0800][info] GC(388) Pause Cleanup 91M->91M(128M) 0.210ms
[2024-10-12T11:09:53.532+0800][info] GC(388) User=0.00s Sys=0.00s Real=0.00s
[2024-10-12T11:09:53.532+0800][info] GC(388) Concurrent Cleanup for Next Mark
[2024-10-12T11:09:53.533+0800][info] GC(388) Concurrent Cleanup for Next Mark 0.399ms
[2024-10-12T11:09:53.533+0800][info] GC(388) Concurrent Mark Cycle 13.350ms
[2024-10-12T11:09:53.674+0800][info] GC(389) Pause Young (Prepare Mixed) (G1 Evacuation Pause)
[2024-10-12T11:09:53.674+0800][info] GC(389) Using 3 workers of 48 for evacuation
[2024-10-12T11:09:53.677+0800][info] GC(389)   Pre Evacuate Collection Set: 0.1ms
[2024-10-12T11:09:53.677+0800][info] GC(389)   Merge Heap Roots: 0.1ms
[2024-10-12T11:09:53.677+0800][info] GC(389)   Evacuate Collection Set: 2.7ms
[2024-10-12T11:09:53.677+0800][info] GC(389)   Post Evacuate Collection Set: 0.3ms
[2024-10-12T11:09:53.677+0800][info] GC(389)   Other: 0.3ms
[2024-10-12T11:09:53.677+0800][info] GC(389) Eden regions: 2->0(2)
[2024-10-12T11:09:53.677+0800][info] GC(389) Survivor regions: 1->1(1)
[2024-10-12T11:09:53.677+0800][info] GC(389) Old regions: 47->49
[2024-10-12T11:09:53.677+0800][info] GC(389) Archive regions: 2->2
[2024-10-12T11:09:53.677+0800][info] GC(389) Humongous regions: 4->3
[2024-10-12T11:09:53.678+0800][info] GC(389) Metaspace: 1675K(1856K)->1675K(1856K) NonClass: 1551K(1664K)->1551K(1664K) Class: 124K(192K)->124K(192K)
[2024-10-12T11:09:53.678+0800][info] GC(389) Pause Young (Prepare Mixed) (G1 Evacuation Pause) 96M->94M(128M) 3.504ms
[2024-10-12T11:09:53.678+0800][info] GC(389) User=0.01s Sys=0.00s Real=0.00s
[2024-10-12T11:09:53.739+0800][info] GC(390) Pause Young (Mixed) (G1 Preventive Collection)
[2024-10-12T11:09:53.739+0800][info] GC(390) Using 3 workers of 48 for evacuation
[2024-10-12T11:09:53.749+0800][info] GC(390) To-space exhausted
[2024-10-12T11:09:53.750+0800][info] GC(390)   Pre Evacuate Collection Set: 0.2ms
[2024-10-12T11:09:53.750+0800][info] GC(390)   Merge Heap Roots: 0.1ms
[2024-10-12T11:09:53.750+0800][info] GC(390)   Evacuate Collection Set: 9.4ms
[2024-10-12T11:09:53.750+0800][info] GC(390)   Post Evacuate Collection Set: 0.7ms
[2024-10-12T11:09:53.750+0800][info] GC(390)   Other: 0.2ms
[2024-10-12T11:09:53.750+0800][info] GC(390) Eden regions: 1->0(2)
[2024-10-12T11:09:53.750+0800][info] GC(390) Survivor regions: 1->1(1)
[2024-10-12T11:09:53.750+0800][info] GC(390) Old regions: 49->57
[2024-10-12T11:09:53.750+0800][info] GC(390) Archive regions: 2->2
[2024-10-12T11:09:53.750+0800][info] GC(390) Humongous regions: 3->3
[2024-10-12T11:09:53.750+0800][info] GC(390) Metaspace: 1675K(1856K)->1675K(1856K) NonClass: 1551K(1664K)->1551K(1664K) Class: 124K(192K)->124K(192K)
[2024-10-12T11:09:53.750+0800][info] GC(390) Pause Young (Mixed) (G1 Preventive Collection) 96M->111M(128M) 10.725ms
[2024-10-12T11:09:53.750+0800][info] GC(390) User=0.01s Sys=0.02s Real=0.01s
[2024-10-12T11:09:53.791+0800][info] GC(391) Pause Young (Concurrent Start) (G1 Evacuation Pause)
[2024-10-12T11:09:53.791+0800][info] GC(391) Using 3 workers of 48 for evacuation
[2024-10-12T11:09:53.792+0800][info] GC(391) To-space exhausted
[2024-10-12T11:09:53.792+0800][info] GC(391)   Pre Evacuate Collection Set: 0.1ms
[2024-10-12T11:09:53.792+0800][info] GC(391)   Merge Heap Roots: 0.1ms
[2024-10-12T11:09:53.792+0800][info] GC(391)   Evacuate Collection Set: 0.4ms
[2024-10-12T11:09:53.792+0800][info] GC(391)   Post Evacuate Collection Set: 0.2ms
[2024-10-12T11:09:53.792+0800][info] GC(391)   Other: 0.4ms
[2024-10-12T11:09:53.792+0800][info] GC(391) Eden regions: 1->0(3)
[2024-10-12T11:09:53.792+0800][info] GC(391) Survivor regions: 1->0(0)
[2024-10-12T11:09:53.792+0800][info] GC(391) Old regions: 57->59
[2024-10-12T11:09:53.792+0800][info] GC(391) Archive regions: 2->2
[2024-10-12T11:09:53.792+0800][info] GC(391) Humongous regions: 3->3
[2024-10-12T11:09:53.792+0800][info] GC(391) Metaspace: 1675K(1856K)->1675K(1856K) NonClass: 1551K(1664K)->1551K(1664K) Class: 124K(192K)->124K(192K)
[2024-10-12T11:09:53.792+0800][info] GC(391) Pause Young (Concurrent Start) (G1 Evacuation Pause) 113M->113M(128M) 1.258ms
[2024-10-12T11:09:53.792+0800][info] GC(391) User=0.00s Sys=0.00s Real=0.00s
[2024-10-12T11:09:53.792+0800][info] Attempting full compaction
[2024-10-12T11:09:53.792+0800][info] GC(392) Concurrent Mark Cycle
[2024-10-12T11:09:53.792+0800][info] GC(393) Using 3 workers of 48 for full compaction
[2024-10-12T11:09:53.792+0800][info] GC(392) Concurrent Clear Claimed Marks
[2024-10-12T11:09:53.792+0800][info] GC(392) Concurrent Clear Claimed Marks 0.063ms
[2024-10-12T11:09:53.792+0800][info] GC(392) Concurrent Scan Root Regions
[2024-10-12T11:09:53.792+0800][info] GC(392) Concurrent Scan Root Regions 0.019ms
[2024-10-12T11:09:53.792+0800][info] GC(392) Concurrent Mark
[2024-10-12T11:09:53.792+0800][info] GC(393) Pause Full (G1 Compaction Pause)
[2024-10-12T11:09:53.792+0800][info] GC(392) Concurrent Mark From Roots
[2024-10-12T11:09:53.792+0800][info] GC(392) Using 12 workers of 12 for marking
[2024-10-12T11:09:53.793+0800][info] GC(393) Phase 1: Mark live objects
[2024-10-12T11:09:53.797+0800][info] GC(393) Phase 1: Mark live objects 3.685ms
[2024-10-12T11:09:53.797+0800][info] GC(393) Phase 2: Prepare for compaction
[2024-10-12T11:09:53.797+0800][info] GC(393) Phase 2: Prepare for compaction 0.624ms
[2024-10-12T11:09:53.797+0800][info] GC(393) Phase 3: Adjust pointers
[2024-10-12T11:09:53.799+0800][info] GC(393) Phase 3: Adjust pointers 1.675ms
[2024-10-12T11:09:53.799+0800][info] GC(393) Phase 4: Compact heap
[2024-10-12T11:09:53.842+0800][info] GC(393) Phase 4: Compact heap 42.825ms
[2024-10-12T11:09:53.843+0800][info] GC(393) Eden regions: 0->0(4)
[2024-10-12T11:09:53.843+0800][info] GC(393) Survivor regions: 0->0(0)
[2024-10-12T11:09:53.843+0800][info] GC(393) Old regions: 59->37
[2024-10-12T11:09:53.843+0800][info] GC(393) Archive regions: 2->2
[2024-10-12T11:09:53.843+0800][info] GC(393) Humongous regions: 3->3
[2024-10-12T11:09:53.844+0800][info] GC(393) Metaspace: 1675K(1856K)->1675K(1856K) NonClass: 1551K(1664K)->1551K(1664K) Class: 124K(192K)->124K(192K)
[2024-10-12T11:09:53.844+0800][info] GC(393) Pause Full (G1 Compaction Pause) 113M->72M(128M) 51.163ms
[2024-10-12T11:09:53.844+0800][info] GC(393) User=0.06s Sys=0.07s Real=0.05s
[2024-10-12T11:09:53.844+0800][info] GC(392) Concurrent Mark From Roots 51.438ms
[2024-10-12T11:09:53.844+0800][info] GC(392) Concurrent Mark Abort
[2024-10-12T11:09:53.844+0800][info] GC(392) Concurrent Mark Cycle 51.663ms
[2024-10-12T11:09:54.069+0800][info] GC(394) Pause Young (Normal) (G1 Evacuation Pause)
[2024-10-12T11:09:54.069+0800][info] GC(394) Using 3 workers of 48 for evacuation
[2024-10-12T11:09:54.071+0800][info] GC(394)   Pre Evacuate Collection Set: 0.1ms
[2024-10-12T11:09:54.071+0800][info] GC(394)   Merge Heap Roots: 0.1ms
[2024-10-12T11:09:54.071+0800][info] GC(394)   Evacuate Collection Set: 1.4ms
[2024-10-12T11:09:54.071+0800][info] GC(394)   Post Evacuate Collection Set: 0.2ms
[2024-10-12T11:09:54.071+0800][info] GC(394)   Other: 0.2ms
[2024-10-12T11:09:54.071+0800][info] GC(394) Eden regions: 4->0(3)
[2024-10-12T11:09:54.071+0800][info] GC(394) Survivor regions: 0->1(1)
[2024-10-12T11:09:54.071+0800][info] GC(394) Old regions: 37->40
[2024-10-12T11:09:54.071+0800][info] GC(394) Archive regions: 2->2
[2024-10-12T11:09:54.071+0800][info] GC(394) Humongous regions: 3->3
[2024-10-12T11:09:54.071+0800][info] GC(394) Metaspace: 1675K(1856K)->1675K(1856K) NonClass: 1551K(1664K)->1551K(1664K) Class: 124K(192K)->124K(192K)
[2024-10-12T11:09:54.071+0800][info] GC(394) Pause Young (Normal) (G1 Evacuation Pause) 79M->79M(128M) 2.147ms
[2024-10-12T11:09:54.071+0800][info] GC(394) User=0.01s Sys=0.00s Real=0.00s
[2024-10-12T11:09:54.235+0800][info] GC(395) Pause Young (Normal) (G1 Evacuation Pause)
[2024-10-12T11:09:54.235+0800][info] GC(395) Using 3 workers of 48 for evacuation
[2024-10-12T11:09:54.238+0800][info] GC(395)   Pre Evacuate Collection Set: 0.1ms
[2024-10-12T11:09:54.238+0800][info] GC(395)   Merge Heap Roots: 0.1ms
[2024-10-12T11:09:54.238+0800][info] GC(395)   Evacuate Collection Set: 2.4ms
[2024-10-12T11:09:54.238+0800][info] GC(395)   Post Evacuate Collection Set: 0.2ms
[2024-10-12T11:09:54.238+0800][info] GC(395)   Other: 0.2ms
[2024-10-12T11:09:54.238+0800][info] GC(395) Eden regions: 3->0(2)
[2024-10-12T11:09:54.238+0800][info] GC(395) Survivor regions: 1->1(1)
[2024-10-12T11:09:54.238+0800][info] GC(395) Old regions: 40->43
[2024-10-12T11:09:54.238+0800][info] GC(395) Archive regions: 2->2
[2024-10-12T11:09:54.238+0800][info] GC(395) Humongous regions: 3->3
[2024-10-12T11:09:54.238+0800][info] GC(395) Metaspace: 1675K(1856K)->1675K(1856K) NonClass: 1551K(1664K)->1551K(1664K) Class: 124K(192K)->124K(192K)
[2024-10-12T11:09:54.238+0800][info] GC(395) Pause Young (Normal) (G1 Evacuation Pause) 85M->85M(128M) 3.092ms
[2024-10-12T11:09:54.238+0800][info] GC(395) User=0.00s Sys=0.00s Real=0.00s
[2024-10-12T11:09:54.341+0800][info] GC(396) Pause Young (Concurrent Start) (G1 Evacuation Pause)
[2024-10-12T11:09:54.341+0800][info] GC(396) Using 3 workers of 48 for evacuation
[2024-10-12T11:09:54.343+0800][info] GC(396)   Pre Evacuate Collection Set: 0.1ms
[2024-10-12T11:09:54.343+0800][info] GC(396)   Merge Heap Roots: 0.1ms
[2024-10-12T11:09:54.343+0800][info] GC(396)   Evacuate Collection Set: 1.2ms
[2024-10-12T11:09:54.343+0800][info] GC(396)   Post Evacuate Collection Set: 0.2ms
[2024-10-12T11:09:54.343+0800][info] GC(396)   Other: 0.4ms
[2024-10-12T11:09:54.343+0800][info] GC(396) Eden regions: 2->0(2)
[2024-10-12T11:09:54.343+0800][info] GC(396) Survivor regions: 1->1(1)
[2024-10-12T11:09:54.343+0800][info] GC(396) Old regions: 43->45
[2024-10-12T11:09:54.343+0800][info] GC(396) Archive regions: 2->2
[2024-10-12T11:09:54.343+0800][info] GC(396) Humongous regions: 3->3
[2024-10-12T11:09:54.343+0800][info] GC(396) Metaspace: 1675K(1856K)->1675K(1856K) NonClass: 1551K(1664K)->1551K(1664K) Class: 124K(192K)->124K(192K)
[2024-10-12T11:09:54.343+0800][info] GC(396) Pause Young (Concurrent Start) (G1 Evacuation Pause) 89M->89M(128M) 2.104ms
[2024-10-12T11:09:54.343+0800][info] GC(396) User=0.01s Sys=0.00s Real=0.00s
[2024-10-12T11:09:54.343+0800][info] GC(397) Concurrent Mark Cycle
[2024-10-12T11:09:54.343+0800][info] GC(397) Concurrent Clear Claimed Marks
[2024-10-12T11:09:54.343+0800][info] GC(397) Concurrent Clear Claimed Marks 0.013ms
[2024-10-12T11:09:54.343+0800][info] GC(397) Concurrent Scan Root Regions
[2024-10-12T11:09:54.343+0800][info] GC(397) Concurrent Scan Root Regions 0.155ms
[2024-10-12T11:09:54.343+0800][info] GC(397) Concurrent Mark
[2024-10-12T11:09:54.343+0800][info] GC(397) Concurrent Mark From Roots
[2024-10-12T11:09:54.343+0800][info] GC(397) Using 12 workers of 12 for marking
[2024-10-12T11:09:54.347+0800][info] GC(397) Concurrent Mark From Roots 3.878ms
[2024-10-12T11:09:54.347+0800][info] GC(397) Concurrent Preclean
[2024-10-12T11:09:54.349+0800][info] GC(397) Concurrent Preclean 1.676ms
[2024-10-12T11:09:54.349+0800][info] GC(397) Pause Remark
[2024-10-12T11:09:54.350+0800][info] GC(397) Pause Remark 90M->90M(128M) 1.619ms
[2024-10-12T11:09:54.350+0800][info] GC(397) User=0.00s Sys=0.00s Real=0.00s
[2024-10-12T11:09:54.350+0800][info] GC(397) Concurrent Mark 7.409ms
[2024-10-12T11:09:54.350+0800][info] GC(397) Concurrent Rebuild Remembered Sets
[2024-10-12T11:09:54.352+0800][info] GC(397) Concurrent Rebuild Remembered Sets 1.243ms
[2024-10-12T11:09:54.352+0800][info] GC(397) Pause Cleanup
[2024-10-12T11:09:54.352+0800][info] GC(397) Pause Cleanup 90M->90M(128M) 0.156ms
[2024-10-12T11:09:54.352+0800][info] GC(397) User=0.00s Sys=0.00s Real=0.00s
[2024-10-12T11:09:54.352+0800][info] GC(397) Concurrent Cleanup for Next Mark
[2024-10-12T11:09:54.352+0800][info] GC(397) Concurrent Cleanup for Next Mark 0.379ms
[2024-10-12T11:09:54.352+0800][info] GC(397) Concurrent Mark Cycle 9.582ms
[2024-10-12T11:09:54.496+0800][info] GC(398) Pause Young (Prepare Mixed) (G1 Evacuation Pause)
[2024-10-12T11:09:54.496+0800][info] GC(398) Using 3 workers of 48 for evacuation
[2024-10-12T11:09:54.498+0800][info] GC(398)   Pre Evacuate Collection Set: 0.1ms
[2024-10-12T11:09:54.498+0800][info] GC(398)   Merge Heap Roots: 0.1ms
[2024-10-12T11:09:54.498+0800][info] GC(398)   Evacuate Collection Set: 1.1ms
[2024-10-12T11:09:54.498+0800][info] GC(398)   Post Evacuate Collection Set: 0.2ms
[2024-10-12T11:09:54.498+0800][info] GC(398)   Other: 0.3ms
[2024-10-12T11:09:54.498+0800][info] GC(398) Eden regions: 2->0(2)
[2024-10-12T11:09:54.498+0800][info] GC(398) Survivor regions: 1->1(1)
[2024-10-12T11:09:54.498+0800][info] GC(398) Old regions: 45->47
[2024-10-12T11:09:54.498+0800][info] GC(398) Archive regions: 2->2
[2024-10-12T11:09:54.498+0800][info] GC(398) Humongous regions: 3->3
[2024-10-12T11:09:54.498+0800][info] GC(398) Metaspace: 1675K(1856K)->1675K(1856K) NonClass: 1551K(1664K)->1551K(1664K) Class: 124K(192K)->124K(192K)
[2024-10-12T11:09:54.498+0800][info] GC(398) Pause Young (Prepare Mixed) (G1 Evacuation Pause) 93M->93M(128M) 1.810ms
[2024-10-12T11:09:54.498+0800][info] GC(398) User=0.00s Sys=0.00s Real=0.00s
[2024-10-12T11:09:54.559+0800][info] GC(399) Pause Young (Mixed) (G1 Preventive Collection)
[2024-10-12T11:09:54.559+0800][info] GC(399) Using 3 workers of 48 for evacuation
[2024-10-12T11:09:54.566+0800][info] GC(399) To-space exhausted
[2024-10-12T11:09:54.566+0800][info] GC(399)   Pre Evacuate Collection Set: 0.2ms
[2024-10-12T11:09:54.566+0800][info] GC(399)   Merge Heap Roots: 0.1ms
[2024-10-12T11:09:54.566+0800][info] GC(399)   Evacuate Collection Set: 5.3ms
[2024-10-12T11:09:54.566+0800][info] GC(399)   Post Evacuate Collection Set: 1.1ms
[2024-10-12T11:09:54.566+0800][info] GC(399)   Other: 0.2ms
[2024-10-12T11:09:54.566+0800][info] GC(399) Eden regions: 1->0(2)
[2024-10-12T11:09:54.566+0800][info] GC(399) Survivor regions: 1->1(1)
[2024-10-12T11:09:54.566+0800][info] GC(399) Old regions: 47->55
[2024-10-12T11:09:54.566+0800][info] GC(399) Archive regions: 2->2
[2024-10-12T11:09:54.566+0800][info] GC(399) Humongous regions: 3->3
[2024-10-12T11:09:54.566+0800][info] GC(399) Metaspace: 1675K(1856K)->1675K(1856K) NonClass: 1551K(1664K)->1551K(1664K) Class: 124K(192K)->124K(192K)
[2024-10-12T11:09:54.566+0800][info] GC(399) Pause Young (Mixed) (G1 Preventive Collection) 94M->110M(128M) 7.022ms
[2024-10-12T11:09:54.566+0800][info] GC(399) User=0.01s Sys=0.00s Real=0.01s
[2024-10-12T11:09:54.608+0800][info] GC(400) Pause Young (Concurrent Start) (G1 Preventive Collection)
[2024-10-12T11:09:54.608+0800][info] GC(400) Using 3 workers of 48 for evacuation
[2024-10-12T11:09:54.609+0800][info] GC(400)   Pre Evacuate Collection Set: 0.1ms
[2024-10-12T11:09:54.609+0800][info] GC(400)   Merge Heap Roots: 0.1ms
[2024-10-12T11:09:54.609+0800][info] GC(400)   Evacuate Collection Set: 0.8ms
[2024-10-12T11:09:54.609+0800][info] GC(400)   Post Evacuate Collection Set: 0.3ms
[2024-10-12T11:09:54.609+0800][info] GC(400)   Other: 0.4ms
[2024-10-12T11:09:54.609+0800][info] GC(400) Eden regions: 1->0(2)
[2024-10-12T11:09:54.609+0800][info] GC(400) Survivor regions: 1->1(1)
[2024-10-12T11:09:54.609+0800][info] GC(400) Old regions: 55->56
[2024-10-12T11:09:54.609+0800][info] GC(400) Archive regions: 2->2
[2024-10-12T11:09:54.610+0800][info] GC(400) Humongous regions: 3->3
[2024-10-12T11:09:54.610+0800][info] GC(400) Metaspace: 1675K(1856K)->1675K(1856K) NonClass: 1551K(1664K)->1551K(1664K) Class: 124K(192K)->124K(192K)
[2024-10-12T11:09:54.610+0800][info] GC(400) Pause Young (Concurrent Start) (G1 Preventive Collection) 111M->111M(128M) 1.797ms
[2024-10-12T11:09:54.610+0800][info] GC(400) User=0.00s Sys=0.00s Real=0.00s
[2024-10-12T11:09:54.610+0800][info] GC(401) Concurrent Mark Cycle
[2024-10-12T11:09:54.610+0800][info] GC(401) Concurrent Clear Claimed Marks
[2024-10-12T11:09:54.610+0800][info] GC(401) Concurrent Clear Claimed Marks 0.019ms
[2024-10-12T11:09:54.610+0800][info] GC(401) Concurrent Scan Root Regions
[2024-10-12T11:09:54.610+0800][info] GC(401) Concurrent Scan Root Regions 0.152ms
[2024-10-12T11:09:54.610+0800][info] GC(401) Concurrent Mark
[2024-10-12T11:09:54.610+0800][info] GC(401) Concurrent Mark From Roots
[2024-10-12T11:09:54.610+0800][info] GC(401) Using 12 workers of 12 for marking
[2024-10-12T11:09:54.614+0800][info] GC(401) Concurrent Mark From Roots 4.009ms
[2024-10-12T11:09:54.614+0800][info] GC(401) Concurrent Preclean
[2024-10-12T11:09:54.616+0800][info] GC(401) Concurrent Preclean 1.698ms
[2024-10-12T11:09:54.616+0800][info] GC(401) Pause Remark
[2024-10-12T11:09:54.617+0800][info] GC(401) Pause Remark 112M->110M(128M) 1.575ms
[2024-10-12T11:09:54.617+0800][info] GC(401) User=0.01s Sys=0.00s Real=0.00s
[2024-10-12T11:09:54.617+0800][info] GC(401) Concurrent Mark 7.530ms
[2024-10-12T11:09:54.617+0800][info] GC(401) Concurrent Rebuild Remembered Sets
[2024-10-12T11:09:54.619+0800][info] GC(401) Concurrent Rebuild Remembered Sets 1.090ms
[2024-10-12T11:09:54.619+0800][info] GC(401) Pause Cleanup
[2024-10-12T11:09:54.619+0800][info] GC(401) Pause Cleanup 110M->110M(128M) 0.195ms
[2024-10-12T11:09:54.619+0800][info] GC(401) User=0.00s Sys=0.00s Real=0.00s
[2024-10-12T11:09:54.619+0800][info] GC(401) Concurrent Cleanup for Next Mark
[2024-10-12T11:09:54.619+0800][info] GC(401) Concurrent Cleanup for Next Mark 0.412ms
[2024-10-12T11:09:54.619+0800][info] GC(401) Concurrent Mark Cycle 9.689ms
[2024-10-12T11:09:54.722+0800][info] GC(402) Pause Young (Prepare Mixed) (G1 Preventive Collection)
[2024-10-12T11:09:54.722+0800][info] GC(402) Using 3 workers of 48 for evacuation
[2024-10-12T11:09:54.723+0800][info] GC(402)   Pre Evacuate Collection Set: 0.1ms
[2024-10-12T11:09:54.723+0800][info] GC(402)   Merge Heap Roots: 0.1ms
[2024-10-12T11:09:54.723+0800][info] GC(402)   Evacuate Collection Set: 0.7ms
[2024-10-12T11:09:54.723+0800][info] GC(402)   Post Evacuate Collection Set: 0.2ms
[2024-10-12T11:09:54.723+0800][info] GC(402)   Other: 0.2ms
[2024-10-12T11:09:54.723+0800][info] GC(402) Eden regions: 1->0(2)
[2024-10-12T11:09:54.724+0800][info] GC(402) Survivor regions: 1->1(1)
[2024-10-12T11:09:54.724+0800][info] GC(402) Old regions: 55->56
[2024-10-12T11:09:54.724+0800][info] GC(402) Archive regions: 2->2
[2024-10-12T11:09:54.724+0800][info] GC(402) Humongous regions: 3->3
[2024-10-12T11:09:54.724+0800][info] GC(402) Metaspace: 1675K(1856K)->1675K(1856K) NonClass: 1551K(1664K)->1551K(1664K) Class: 124K(192K)->124K(192K)
[2024-10-12T11:09:54.724+0800][info] GC(402) Pause Young (Prepare Mixed) (G1 Preventive Collection) 111M->111M(128M) 1.426ms
[2024-10-12T11:09:54.724+0800][info] GC(402) User=0.00s Sys=0.00s Real=0.00s
[2024-10-12T11:09:54.765+0800][info] GC(403) Pause Young (Mixed) (G1 Preventive Collection)
[2024-10-12T11:09:54.765+0800][info] GC(403) Using 3 workers of 48 for evacuation
[2024-10-12T11:09:54.769+0800][info] GC(403) To-space exhausted
[2024-10-12T11:09:54.769+0800][info] GC(403)   Pre Evacuate Collection Set: 0.2ms
[2024-10-12T11:09:54.769+0800][info] GC(403)   Merge Heap Roots: 0.1ms
[2024-10-12T11:09:54.769+0800][info] GC(403)   Evacuate Collection Set: 2.9ms
[2024-10-12T11:09:54.769+0800][info] GC(403)   Post Evacuate Collection Set: 1.0ms
[2024-10-12T11:09:54.769+0800][info] GC(403)   Other: 0.3ms
[2024-10-12T11:09:54.769+0800][info] GC(403) Eden regions: 1->0(2)
[2024-10-12T11:09:54.769+0800][info] GC(403) Survivor regions: 1->1(1)
[2024-10-12T11:09:54.769+0800][info] GC(403) Old regions: 56->57
[2024-10-12T11:09:54.769+0800][info] GC(403) Archive regions: 2->2
[2024-10-12T11:09:54.769+0800][info] GC(403) Humongous regions: 3->3
[2024-10-12T11:09:54.769+0800][info] GC(403) Metaspace: 1675K(1856K)->1675K(1856K) NonClass: 1551K(1664K)->1551K(1664K) Class: 124K(192K)->124K(192K)
[2024-10-12T11:09:54.769+0800][info] GC(403) Pause Young (Mixed) (G1 Preventive Collection) 113M->113M(128M) 4.582ms
[2024-10-12T11:09:54.769+0800][info] GC(403) User=0.02s Sys=0.00s Real=0.01s
[2024-10-12T11:09:54.831+0800][info] GC(404) Pause Young (Concurrent Start) (G1 Evacuation Pause)
[2024-10-12T11:09:54.831+0800][info] GC(404) Using 3 workers of 48 for evacuation
[2024-10-12T11:09:54.832+0800][info] GC(404) To-space exhausted
[2024-10-12T11:09:54.832+0800][info] GC(404)   Pre Evacuate Collection Set: 0.1ms
[2024-10-12T11:09:54.832+0800][info] GC(404)   Merge Heap Roots: 0.1ms
[2024-10-12T11:09:54.832+0800][info] GC(404)   Evacuate Collection Set: 0.5ms
[2024-10-12T11:09:54.832+0800][info] GC(404)   Post Evacuate Collection Set: 0.3ms
[2024-10-12T11:09:54.832+0800][info] GC(404)   Other: 0.4ms
[2024-10-12T11:09:54.832+0800][info] GC(404) Eden regions: 1->0(3)
[2024-10-12T11:09:54.832+0800][info] GC(404) Survivor regions: 1->0(0)
[2024-10-12T11:09:54.832+0800][info] GC(404) Old regions: 57->59
[2024-10-12T11:09:54.832+0800][info] GC(404) Archive regions: 2->2
[2024-10-12T11:09:54.832+0800][info] GC(404) Humongous regions: 3->3
[2024-10-12T11:09:54.832+0800][info] GC(404) Metaspace: 1675K(1856K)->1675K(1856K) NonClass: 1551K(1664K)->1551K(1664K) Class: 124K(192K)->124K(192K)
[2024-10-12T11:09:54.832+0800][info] GC(404) Pause Young (Concurrent Start) (G1 Evacuation Pause) 115M->115M(128M) 1.458ms
[2024-10-12T11:09:54.832+0800][info] GC(404) User=0.00s Sys=0.00s Real=0.00s
[2024-10-12T11:09:54.832+0800][info] Attempting full compaction
[2024-10-12T11:09:54.832+0800][info] GC(405) Concurrent Mark Cycle
[2024-10-12T11:09:54.832+0800][info] GC(405) Concurrent Clear Claimed Marks
[2024-10-12T11:09:54.832+0800][info] GC(406) Using 3 workers of 48 for full compaction
[2024-10-12T11:09:54.832+0800][info] GC(405) Concurrent Clear Claimed Marks 0.030ms
[2024-10-12T11:09:54.832+0800][info] GC(405) Concurrent Scan Root Regions
[2024-10-12T11:09:54.832+0800][info] GC(405) Concurrent Scan Root Regions 0.020ms
[2024-10-12T11:09:54.832+0800][info] GC(405) Concurrent Mark
[2024-10-12T11:09:54.832+0800][info] GC(405) Concurrent Mark From Roots
[2024-10-12T11:09:54.832+0800][info] GC(405) Using 12 workers of 12 for marking
[2024-10-12T11:09:54.832+0800][info] GC(406) Pause Full (G1 Compaction Pause)
[2024-10-12T11:09:54.833+0800][info] GC(406) Phase 1: Mark live objects
[2024-10-12T11:09:54.836+0800][info] GC(406) Phase 1: Mark live objects 3.499ms
[2024-10-12T11:09:54.836+0800][info] GC(406) Phase 2: Prepare for compaction
[2024-10-12T11:09:54.837+0800][info] GC(406) Phase 2: Prepare for compaction 0.553ms
[2024-10-12T11:09:54.837+0800][info] GC(406) Phase 3: Adjust pointers
[2024-10-12T11:09:54.839+0800][info] GC(406) Phase 3: Adjust pointers 1.713ms
[2024-10-12T11:09:54.839+0800][info] GC(406) Phase 4: Compact heap
[2024-10-12T11:09:54.854+0800][info] GC(406) Phase 4: Compact heap 15.677ms
[2024-10-12T11:09:54.856+0800][info] GC(406) Eden regions: 0->0(5)
[2024-10-12T11:09:54.856+0800][info] GC(406) Survivor regions: 0->0(0)
[2024-10-12T11:09:54.856+0800][info] GC(406) Old regions: 59->37
[2024-10-12T11:09:54.856+0800][info] GC(406) Archive regions: 2->2
[2024-10-12T11:09:54.856+0800][info] GC(406) Humongous regions: 3->3
[2024-10-12T11:09:54.856+0800][info] GC(406) Metaspace: 1675K(1856K)->1675K(1856K) NonClass: 1551K(1664K)->1551K(1664K) Class: 124K(192K)->124K(192K)
[2024-10-12T11:09:54.856+0800][info] GC(406) Pause Full (G1 Compaction Pause) 115M->72M(128M) 23.772ms
[2024-10-12T11:09:54.856+0800][info] GC(406) User=0.05s Sys=0.00s Real=0.03s
[2024-10-12T11:09:54.856+0800][info] GC(405) Concurrent Mark From Roots 23.996ms
[2024-10-12T11:09:54.856+0800][info] GC(405) Concurrent Mark Abort
[2024-10-12T11:09:54.856+0800][info] GC(405) Concurrent Mark Cycle 24.241ms
[2024-10-12T11:09:55.123+0800][info] GC(407) Pause Young (Normal) (G1 Evacuation Pause)
[2024-10-12T11:09:55.123+0800][info] GC(407) Using 3 workers of 48 for evacuation
[2024-10-12T11:09:55.126+0800][info] GC(407)   Pre Evacuate Collection Set: 0.1ms
[2024-10-12T11:09:55.126+0800][info] GC(407)   Merge Heap Roots: 0.1ms
[2024-10-12T11:09:55.126+0800][info] GC(407)   Evacuate Collection Set: 1.7ms
[2024-10-12T11:09:55.126+0800][info] GC(407)   Post Evacuate Collection Set: 0.3ms
[2024-10-12T11:09:55.126+0800][info] GC(407)   Other: 0.3ms
[2024-10-12T11:09:55.126+0800][info] GC(407) Eden regions: 5->0(2)
[2024-10-12T11:09:55.126+0800][info] GC(407) Survivor regions: 0->1(1)
[2024-10-12T11:09:55.126+0800][info] GC(407) Old regions: 37->41
[2024-10-12T11:09:55.126+0800][info] GC(407) Archive regions: 2->2
[2024-10-12T11:09:55.126+0800][info] GC(407) Humongous regions: 3->3
[2024-10-12T11:09:55.126+0800][info] GC(407) Metaspace: 1675K(1856K)->1675K(1856K) NonClass: 1551K(1664K)->1551K(1664K) Class: 124K(192K)->124K(192K)
[2024-10-12T11:09:55.126+0800][info] GC(407) Pause Young (Normal) (G1 Evacuation Pause) 81M->81M(128M) 2.516ms
[2024-10-12T11:09:55.126+0800][info] GC(407) User=0.00s Sys=0.00s Real=0.01s
[2024-10-12T11:09:55.228+0800][info] GC(408) Pause Young (Normal) (G1 Evacuation Pause)
[2024-10-12T11:09:55.228+0800][info] GC(408) Using 3 workers of 48 for evacuation
[2024-10-12T11:09:55.230+0800][info] GC(408)   Pre Evacuate Collection Set: 0.1ms
[2024-10-12T11:09:55.230+0800][info] GC(408)   Merge Heap Roots: 0.1ms
[2024-10-12T11:09:55.230+0800][info] GC(408)   Evacuate Collection Set: 1.0ms
[2024-10-12T11:09:55.230+0800][info] GC(408)   Post Evacuate Collection Set: 0.2ms
[2024-10-12T11:09:55.230+0800][info] GC(408)   Other: 0.2ms
[2024-10-12T11:09:55.230+0800][info] GC(408) Eden regions: 2->0(2)
[2024-10-12T11:09:55.230+0800][info] GC(408) Survivor regions: 1->1(1)
[2024-10-12T11:09:55.230+0800][info] GC(408) Old regions: 41->43
[2024-10-12T11:09:55.230+0800][info] GC(408) Archive regions: 2->2
[2024-10-12T11:09:55.230+0800][info] GC(408) Humongous regions: 3->3
[2024-10-12T11:09:55.230+0800][info] GC(408) Metaspace: 1675K(1856K)->1675K(1856K) NonClass: 1551K(1664K)->1551K(1664K) Class: 124K(192K)->124K(192K)
[2024-10-12T11:09:55.230+0800][info] GC(408) Pause Young (Normal) (G1 Evacuation Pause) 85M->85M(128M) 1.693ms
[2024-10-12T11:09:55.230+0800][info] GC(408) User=0.01s Sys=0.00s Real=0.00s
[2024-10-12T11:09:55.332+0800][info] GC(409) Pause Young (Normal) (G1 Evacuation Pause)
[2024-10-12T11:09:55.332+0800][info] GC(409) Using 3 workers of 48 for evacuation
[2024-10-12T11:09:55.334+0800][info] GC(409)   Pre Evacuate Collection Set: 0.1ms
[2024-10-12T11:09:55.334+0800][info] GC(409)   Merge Heap Roots: 0.1ms
[2024-10-12T11:09:55.334+0800][info] GC(409)   Evacuate Collection Set: 0.9ms
[2024-10-12T11:09:55.334+0800][info] GC(409)   Post Evacuate Collection Set: 0.2ms
[2024-10-12T11:09:55.334+0800][info] GC(409)   Other: 0.2ms
[2024-10-12T11:09:55.334+0800][info] GC(409) Eden regions: 2->0(2)
[2024-10-12T11:09:55.334+0800][info] GC(409) Survivor regions: 1->1(1)
[2024-10-12T11:09:55.334+0800][info] GC(409) Old regions: 43->45
[2024-10-12T11:09:55.334+0800][info] GC(409) Archive regions: 2->2
[2024-10-12T11:09:55.334+0800][info] GC(409) Humongous regions: 3->3
[2024-10-12T11:09:55.334+0800][info] GC(409) Metaspace: 1675K(1856K)->1675K(1856K) NonClass: 1551K(1664K)->1551K(1664K) Class: 124K(192K)->124K(192K)
[2024-10-12T11:09:55.334+0800][info] GC(409) Pause Young (Normal) (G1 Evacuation Pause) 89M->89M(128M) 1.630ms
[2024-10-12T11:09:55.334+0800][info] GC(409) User=0.00s Sys=0.00s Real=0.01s
[2024-10-12T11:09:55.436+0800][info] GC(410) Pause Young (Concurrent Start) (G1 Evacuation Pause)
[2024-10-12T11:09:55.436+0800][info] GC(410) Using 3 workers of 48 for evacuation
[2024-10-12T11:09:55.438+0800][info] GC(410)   Pre Evacuate Collection Set: 0.1ms
[2024-10-12T11:09:55.438+0800][info] GC(410)   Merge Heap Roots: 0.1ms
[2024-10-12T11:09:55.438+0800][info] GC(410)   Evacuate Collection Set: 1.2ms
[2024-10-12T11:09:55.438+0800][info] GC(410)   Post Evacuate Collection Set: 0.2ms
[2024-10-12T11:09:55.438+0800][info] GC(410)   Other: 0.4ms
[2024-10-12T11:09:55.438+0800][info] GC(410) Eden regions: 2->0(2)
[2024-10-12T11:09:55.438+0800][info] GC(410) Survivor regions: 1->1(1)
[2024-10-12T11:09:55.438+0800][info] GC(410) Old regions: 45->47
[2024-10-12T11:09:55.438+0800][info] GC(410) Archive regions: 2->2
[2024-10-12T11:09:55.438+0800][info] GC(410) Humongous regions: 3->3
[2024-10-12T11:09:55.438+0800][info] GC(410) Metaspace: 1675K(1856K)->1675K(1856K) NonClass: 1551K(1664K)->1551K(1664K) Class: 124K(192K)->124K(192K)
[2024-10-12T11:09:55.438+0800][info] GC(410) Pause Young (Concurrent Start) (G1 Evacuation Pause) 93M->93M(128M) 2.085ms
[2024-10-12T11:09:55.438+0800][info] GC(410) User=0.01s Sys=0.00s Real=0.00s
[2024-10-12T11:09:55.438+0800][info] GC(411) Concurrent Mark Cycle
[2024-10-12T11:09:55.438+0800][info] GC(411) Concurrent Clear Claimed Marks
[2024-10-12T11:09:55.438+0800][info] GC(411) Concurrent Clear Claimed Marks 0.019ms
[2024-10-12T11:09:55.438+0800][info] GC(411) Concurrent Scan Root Regions
[2024-10-12T11:09:55.438+0800][info] GC(411) Concurrent Scan Root Regions 0.168ms
[2024-10-12T11:09:55.438+0800][info] GC(411) Concurrent Mark
[2024-10-12T11:09:55.438+0800][info] GC(411) Concurrent Mark From Roots
[2024-10-12T11:09:55.438+0800][info] GC(411) Using 12 workers of 12 for marking
[2024-10-12T11:09:55.443+0800][info] GC(411) Concurrent Mark From Roots 4.429ms
[2024-10-12T11:09:55.443+0800][info] GC(411) Concurrent Preclean
[2024-10-12T11:09:55.445+0800][info] GC(411) Concurrent Preclean 1.778ms
[2024-10-12T11:09:55.445+0800][info] GC(411) Pause Remark
[2024-10-12T11:09:55.446+0800][info] GC(411) Pause Remark 93M->93M(128M) 1.606ms
[2024-10-12T11:09:55.446+0800][info] GC(411) User=0.00s Sys=0.00s Real=0.01s
[2024-10-12T11:09:55.446+0800][info] GC(411) Concurrent Mark 8.019ms
[2024-10-12T11:09:55.446+0800][info] GC(411) Concurrent Rebuild Remembered Sets
[2024-10-12T11:09:55.447+0800][info] GC(411) Concurrent Rebuild Remembered Sets 0.922ms
[2024-10-12T11:09:55.447+0800][info] GC(411) Pause Cleanup
[2024-10-12T11:09:55.448+0800][info] GC(411) Pause Cleanup 93M->93M(128M) 0.167ms
[2024-10-12T11:09:55.448+0800][info] GC(411) User=0.00s Sys=0.00s Real=0.00s
[2024-10-12T11:09:55.448+0800][info] GC(411) Concurrent Cleanup for Next Mark
[2024-10-12T11:09:55.448+0800][info] GC(411) Concurrent Cleanup for Next Mark 0.503ms
[2024-10-12T11:09:55.448+0800][info] GC(411) Concurrent Mark Cycle 10.089ms
[2024-10-12T11:09:55.592+0800][info] GC(412) Pause Young (Prepare Mixed) (G1 Evacuation Pause)
[2024-10-12T11:09:55.592+0800][info] GC(412) Using 3 workers of 48 for evacuation
[2024-10-12T11:09:55.594+0800][info] GC(412)   Pre Evacuate Collection Set: 0.1ms
[2024-10-12T11:09:55.594+0800][info] GC(412)   Merge Heap Roots: 0.1ms
[2024-10-12T11:09:55.594+0800][info] GC(412)   Evacuate Collection Set: 1.1ms
[2024-10-12T11:09:55.594+0800][info] GC(412)   Post Evacuate Collection Set: 0.2ms
[2024-10-12T11:09:55.594+0800][info] GC(412)   Other: 0.2ms
[2024-10-12T11:09:55.594+0800][info] GC(412) Eden regions: 2->0(2)
[2024-10-12T11:09:55.594+0800][info] GC(412) Survivor regions: 1->1(1)
[2024-10-12T11:09:55.594+0800][info] GC(412) Old regions: 47->49
[2024-10-12T11:09:55.594+0800][info] GC(412) Archive regions: 2->2
[2024-10-12T11:09:55.594+0800][info] GC(412) Humongous regions: 3->3
[2024-10-12T11:09:55.594+0800][info] GC(412) Metaspace: 1675K(1856K)->1675K(1856K) NonClass: 1551K(1664K)->1551K(1664K) Class: 124K(192K)->124K(192K)
[2024-10-12T11:09:55.594+0800][info] GC(412) Pause Young (Prepare Mixed) (G1 Evacuation Pause) 96M->97M(128M) 1.890ms
[2024-10-12T11:09:55.594+0800][info] GC(412) User=0.00s Sys=0.00s Real=0.01s
[2024-10-12T11:09:55.655+0800][info] GC(413) Pause Young (Mixed) (G1 Preventive Collection)
[2024-10-12T11:09:55.655+0800][info] GC(413) Using 3 workers of 48 for evacuation
[2024-10-12T11:09:55.660+0800][info] GC(413) To-space exhausted
[2024-10-12T11:09:55.660+0800][info] GC(413)   Pre Evacuate Collection Set: 0.2ms
[2024-10-12T11:09:55.660+0800][info] GC(413)   Merge Heap Roots: 0.1ms
[2024-10-12T11:09:55.660+0800][info] GC(413)   Evacuate Collection Set: 3.8ms
[2024-10-12T11:09:55.660+0800][info] GC(413)   Post Evacuate Collection Set: 0.9ms
[2024-10-12T11:09:55.660+0800][info] GC(413)   Other: 0.3ms
[2024-10-12T11:09:55.660+0800][info] GC(413) Eden regions: 1->0(2)
[2024-10-12T11:09:55.661+0800][info] GC(413) Survivor regions: 1->1(1)
[2024-10-12T11:09:55.661+0800][info] GC(413) Old regions: 49->55
[2024-10-12T11:09:55.661+0800][info] GC(413) Archive regions: 2->2
[2024-10-12T11:09:55.661+0800][info] GC(413) Humongous regions: 3->3
[2024-10-12T11:09:55.661+0800][info] GC(413) Metaspace: 1675K(1856K)->1675K(1856K) NonClass: 1551K(1664K)->1551K(1664K) Class: 124K(192K)->124K(192K)
[2024-10-12T11:09:55.661+0800][info] GC(413) Pause Young (Mixed) (G1 Preventive Collection) 98M->110M(128M) 5.357ms
[2024-10-12T11:09:55.661+0800][info] GC(413) User=0.02s Sys=0.00s Real=0.00s
[2024-10-12T11:09:55.702+0800][info] GC(414) Pause Young (Concurrent Start) (G1 Preventive Collection)
[2024-10-12T11:09:55.702+0800][info] GC(414) Using 3 workers of 48 for evacuation
[2024-10-12T11:09:55.704+0800][info] GC(414)   Pre Evacuate Collection Set: 0.1ms
[2024-10-12T11:09:55.704+0800][info] GC(414)   Merge Heap Roots: 0.1ms
[2024-10-12T11:09:55.704+0800][info] GC(414)   Evacuate Collection Set: 1.2ms
[2024-10-12T11:09:55.704+0800][info] GC(414)   Post Evacuate Collection Set: 0.2ms
[2024-10-12T11:09:55.704+0800][info] GC(414)   Other: 0.4ms
[2024-10-12T11:09:55.704+0800][info] GC(414) Eden regions: 1->0(2)
[2024-10-12T11:09:55.704+0800][info] GC(414) Survivor regions: 1->1(1)
[2024-10-12T11:09:55.704+0800][info] GC(414) Old regions: 55->56
[2024-10-12T11:09:55.704+0800][info] GC(414) Archive regions: 2->2
[2024-10-12T11:09:55.704+0800][info] GC(414) Humongous regions: 3->3
[2024-10-12T11:09:55.704+0800][info] GC(414) Metaspace: 1675K(1856K)->1675K(1856K) NonClass: 1551K(1664K)->1551K(1664K) Class: 124K(192K)->124K(192K)
[2024-10-12T11:09:55.704+0800][info] GC(414) Pause Young (Concurrent Start) (G1 Preventive Collection) 112M->111M(128M) 2.080ms
[2024-10-12T11:09:55.704+0800][info] GC(414) User=0.00s Sys=0.00s Real=0.00s
[2024-10-12T11:09:55.704+0800][info] GC(415) Concurrent Mark Cycle
[2024-10-12T11:09:55.704+0800][info] GC(415) Concurrent Clear Claimed Marks
[2024-10-12T11:09:55.704+0800][info] GC(415) Concurrent Clear Claimed Marks 0.019ms
[2024-10-12T11:09:55.704+0800][info] GC(415) Concurrent Scan Root Regions
[2024-10-12T11:09:55.704+0800][info] GC(415) Concurrent Scan Root Regions 0.161ms
[2024-10-12T11:09:55.704+0800][info] GC(415) Concurrent Mark
[2024-10-12T11:09:55.704+0800][info] GC(415) Concurrent Mark From Roots
[2024-10-12T11:09:55.704+0800][info] GC(415) Using 12 workers of 12 for marking
[2024-10-12T11:09:55.708+0800][info] GC(415) Concurrent Mark From Roots 4.086ms
[2024-10-12T11:09:55.708+0800][info] GC(415) Concurrent Preclean
[2024-10-12T11:09:55.710+0800][info] GC(415) Concurrent Preclean 1.770ms
[2024-10-12T11:09:55.710+0800][info] GC(415) Pause Remark
[2024-10-12T11:09:55.712+0800][info] GC(415) Pause Remark 112M->112M(128M) 1.518ms
[2024-10-12T11:09:55.712+0800][info] GC(415) User=0.00s Sys=0.01s Real=0.00s
[2024-10-12T11:09:55.712+0800][info] GC(415) Concurrent Mark 7.585ms
[2024-10-12T11:09:55.712+0800][info] GC(415) Concurrent Rebuild Remembered Sets
[2024-10-12T11:09:55.713+0800][info] GC(415) Concurrent Rebuild Remembered Sets 0.923ms
[2024-10-12T11:09:55.713+0800][info] GC(415) Pause Cleanup
[2024-10-12T11:09:55.713+0800][info] GC(415) Pause Cleanup 112M->112M(128M) 0.186ms
[2024-10-12T11:09:55.713+0800][info] GC(415) User=0.00s Sys=0.00s Real=0.00s
[2024-10-12T11:09:55.713+0800][info] GC(415) Concurrent Cleanup for Next Mark
[2024-10-12T11:09:55.713+0800][info] GC(415) Concurrent Cleanup for Next Mark 0.366ms
[2024-10-12T11:09:55.714+0800][info] GC(415) Concurrent Mark Cycle 9.567ms
[2024-10-12T11:09:55.816+0800][info] GC(416) Pause Young (Prepare Mixed) (G1 Preventive Collection)
[2024-10-12T11:09:55.816+0800][info] GC(416) Using 3 workers of 48 for evacuation
[2024-10-12T11:09:55.817+0800][info] GC(416) To-space exhausted
[2024-10-12T11:09:55.817+0800][info] GC(416)   Pre Evacuate Collection Set: 0.1ms
[2024-10-12T11:09:55.817+0800][info] GC(416)   Merge Heap Roots: 0.1ms
[2024-10-12T11:09:55.817+0800][info] GC(416)   Evacuate Collection Set: 0.4ms
[2024-10-12T11:09:55.817+0800][info] GC(416)   Post Evacuate Collection Set: 0.2ms
[2024-10-12T11:09:55.817+0800][info] GC(416)   Other: 0.2ms
[2024-10-12T11:09:55.817+0800][info] GC(416) Eden regions: 1->0(2)
[2024-10-12T11:09:55.817+0800][info] GC(416) Survivor regions: 1->1(1)
[2024-10-12T11:09:55.817+0800][info] GC(416) Old regions: 56->57
[2024-10-12T11:09:55.817+0800][info] GC(416) Archive regions: 2->2
[2024-10-12T11:09:55.817+0800][info] GC(416) Humongous regions: 3->3
[2024-10-12T11:09:55.817+0800][info] GC(416) Metaspace: 1675K(1856K)->1675K(1856K) NonClass: 1551K(1664K)->1551K(1664K) Class: 124K(192K)->124K(192K)
[2024-10-12T11:09:55.818+0800][info] GC(416) Pause Young (Prepare Mixed) (G1 Preventive Collection) 113M->113M(128M) 1.177ms
[2024-10-12T11:09:55.818+0800][info] GC(416) User=0.00s Sys=0.00s Real=0.00s
[2024-10-12T11:09:55.859+0800][info] GC(417) Pause Young (Mixed) (G1 Evacuation Pause)
[2024-10-12T11:09:55.859+0800][info] GC(417) Using 3 workers of 48 for evacuation
[2024-10-12T11:09:55.860+0800][info] GC(417) To-space exhausted
[2024-10-12T11:09:55.860+0800][info] GC(417)   Pre Evacuate Collection Set: 0.2ms
[2024-10-12T11:09:55.860+0800][info] GC(417)   Merge Heap Roots: 0.1ms
[2024-10-12T11:09:55.860+0800][info] GC(417)   Evacuate Collection Set: 0.2ms
[2024-10-12T11:09:55.860+0800][info] GC(417)   Post Evacuate Collection Set: 0.5ms
[2024-10-12T11:09:55.860+0800][info] GC(417)   Other: 0.2ms
[2024-10-12T11:09:55.860+0800][info] GC(417) Eden regions: 1->0(3)
[2024-10-12T11:09:55.860+0800][info] GC(417) Survivor regions: 1->0(0)
[2024-10-12T11:09:55.860+0800][info] GC(417) Old regions: 57->59
[2024-10-12T11:09:55.860+0800][info] GC(417) Archive regions: 2->2
[2024-10-12T11:09:55.860+0800][info] GC(417) Humongous regions: 3->3
[2024-10-12T11:09:55.860+0800][info] GC(417) Metaspace: 1675K(1856K)->1675K(1856K) NonClass: 1551K(1664K)->1551K(1664K) Class: 124K(192K)->124K(192K)
[2024-10-12T11:09:55.860+0800][info] GC(417) Pause Young (Mixed) (G1 Evacuation Pause) 115M->115M(128M) 1.267ms
[2024-10-12T11:09:55.860+0800][info] GC(417) User=0.01s Sys=0.00s Real=0.00s
[2024-10-12T11:09:55.860+0800][info] Attempting full compaction
[2024-10-12T11:09:55.860+0800][info] GC(418) Using 3 workers of 48 for full compaction
[2024-10-12T11:09:55.860+0800][info] GC(418) Pause Full (G1 Compaction Pause)
[2024-10-12T11:09:55.860+0800][info] GC(418) Phase 1: Mark live objects
[2024-10-12T11:09:55.864+0800][info] GC(418) Phase 1: Mark live objects 3.479ms
[2024-10-12T11:09:55.864+0800][info] GC(418) Phase 2: Prepare for compaction
[2024-10-12T11:09:55.864+0800][info] GC(418) Phase 2: Prepare for compaction 0.558ms
[2024-10-12T11:09:55.865+0800][info] GC(418) Phase 3: Adjust pointers
[2024-10-12T11:09:55.866+0800][info] GC(418) Phase 3: Adjust pointers 1.657ms
[2024-10-12T11:09:55.866+0800][info] GC(418) Phase 4: Compact heap
[2024-10-12T11:09:55.878+0800][info] GC(418) Phase 4: Compact heap 11.816ms
[2024-10-12T11:09:55.880+0800][info] GC(418) Eden regions: 0->0(3)
[2024-10-12T11:09:55.880+0800][info] GC(418) Survivor regions: 0->0(0)
[2024-10-12T11:09:55.880+0800][info] GC(418) Old regions: 59->39
[2024-10-12T11:09:55.880+0800][info] GC(418) Archive regions: 2->2
[2024-10-12T11:09:55.880+0800][info] GC(418) Humongous regions: 3->3
[2024-10-12T11:09:55.880+0800][info] GC(418) Metaspace: 1675K(1856K)->1675K(1856K) NonClass: 1551K(1664K)->1551K(1664K) Class: 124K(192K)->124K(192K)
[2024-10-12T11:09:55.880+0800][info] GC(418) Pause Full (G1 Compaction Pause) 115M->72M(128M) 19.353ms
[2024-10-12T11:09:55.880+0800][info] GC(418) User=0.04s Sys=0.00s Real=0.02s
[2024-10-12T11:09:56.044+0800][info] GC(419) Pause Young (Normal) (G1 Evacuation Pause)
[2024-10-12T11:09:56.044+0800][info] GC(419) Using 3 workers of 48 for evacuation
[2024-10-12T11:09:56.045+0800][info] GC(419)   Pre Evacuate Collection Set: 0.1ms
[2024-10-12T11:09:56.045+0800][info] GC(419)   Merge Heap Roots: 0.1ms
[2024-10-12T11:09:56.045+0800][info] GC(419)   Evacuate Collection Set: 1.2ms
[2024-10-12T11:09:56.046+0800][info] GC(419)   Post Evacuate Collection Set: 0.2ms
[2024-10-12T11:09:56.046+0800][info] GC(419)   Other: 0.2ms
[2024-10-12T11:09:56.046+0800][info] GC(419) Eden regions: 3->0(2)
[2024-10-12T11:09:56.046+0800][info] GC(419) Survivor regions: 0->1(1)
[2024-10-12T11:09:56.046+0800][info] GC(419) Old regions: 39->41
[2024-10-12T11:09:56.046+0800][info] GC(419) Archive regions: 2->2
[2024-10-12T11:09:56.046+0800][info] GC(419) Humongous regions: 3->3
[2024-10-12T11:09:56.046+0800][info] GC(419) Metaspace: 1675K(1856K)->1675K(1856K) NonClass: 1551K(1664K)->1551K(1664K) Class: 124K(192K)->124K(192K)
[2024-10-12T11:09:56.046+0800][info] GC(419) Pause Young (Normal) (G1 Evacuation Pause) 78M->78M(128M) 1.960ms
[2024-10-12T11:09:56.046+0800][info] GC(419) User=0.01s Sys=0.00s Real=0.01s
[2024-10-12T11:09:56.149+0800][info] GC(420) Pause Young (Normal) (G1 Evacuation Pause)
[2024-10-12T11:09:56.149+0800][info] GC(420) Using 3 workers of 48 for evacuation
[2024-10-12T11:09:56.150+0800][info] GC(420)   Pre Evacuate Collection Set: 0.1ms
[2024-10-12T11:09:56.150+0800][info] GC(420)   Merge Heap Roots: 0.1ms
[2024-10-12T11:09:56.150+0800][info] GC(420)   Evacuate Collection Set: 1.0ms
[2024-10-12T11:09:56.150+0800][info] GC(420)   Post Evacuate Collection Set: 0.2ms
[2024-10-12T11:09:56.150+0800][info] GC(420)   Other: 0.2ms
[2024-10-12T11:09:56.150+0800][info] GC(420) Eden regions: 2->0(2)
[2024-10-12T11:09:56.150+0800][info] GC(420) Survivor regions: 1->1(1)
[2024-10-12T11:09:56.150+0800][info] GC(420) Old regions: 41->43
[2024-10-12T11:09:56.150+0800][info] GC(420) Archive regions: 2->2
[2024-10-12T11:09:56.150+0800][info] GC(420) Humongous regions: 4->4
[2024-10-12T11:09:56.150+0800][info] GC(420) Metaspace: 1675K(1856K)->1675K(1856K) NonClass: 1551K(1664K)->1551K(1664K) Class: 124K(192K)->124K(192K)
[2024-10-12T11:09:56.150+0800][info] GC(420) Pause Young (Normal) (G1 Evacuation Pause) 83M->84M(128M) 1.669ms
[2024-10-12T11:09:56.151+0800][info] GC(420) User=0.00s Sys=0.01s Real=0.00s
[2024-10-12T11:09:56.253+0800][info] GC(421) Pause Young (Normal) (G1 Evacuation Pause)
[2024-10-12T11:09:56.253+0800][info] GC(421) Using 3 workers of 48 for evacuation
[2024-10-12T11:09:56.254+0800][info] GC(421)   Pre Evacuate Collection Set: 0.1ms
[2024-10-12T11:09:56.254+0800][info] GC(421)   Merge Heap Roots: 0.1ms
[2024-10-12T11:09:56.254+0800][info] GC(421)   Evacuate Collection Set: 1.1ms
[2024-10-12T11:09:56.254+0800][info] GC(421)   Post Evacuate Collection Set: 0.2ms
[2024-10-12T11:09:56.254+0800][info] GC(421)   Other: 0.2ms
[2024-10-12T11:09:56.254+0800][info] GC(421) Eden regions: 2->0(2)
[2024-10-12T11:09:56.254+0800][info] GC(421) Survivor regions: 1->1(1)
[2024-10-12T11:09:56.255+0800][info] GC(421) Old regions: 43->45
[2024-10-12T11:09:56.255+0800][info] GC(421) Archive regions: 2->2
[2024-10-12T11:09:56.255+0800][info] GC(421) Humongous regions: 4->4
[2024-10-12T11:09:56.255+0800][info] GC(421) Metaspace: 1675K(1856K)->1675K(1856K) NonClass: 1551K(1664K)->1551K(1664K) Class: 124K(192K)->124K(192K)
[2024-10-12T11:09:56.255+0800][info] GC(421) Pause Young (Normal) (G1 Evacuation Pause) 87M->87M(128M) 1.902ms
[2024-10-12T11:09:56.255+0800][info] GC(421) User=0.00s Sys=0.00s Real=0.01s
[2024-10-12T11:09:56.357+0800][info] GC(422) Pause Young (Concurrent Start) (G1 Evacuation Pause)
[2024-10-12T11:09:56.357+0800][info] GC(422) Using 3 workers of 48 for evacuation
[2024-10-12T11:09:56.359+0800][info] GC(422)   Pre Evacuate Collection Set: 0.1ms
[2024-10-12T11:09:56.359+0800][info] GC(422)   Merge Heap Roots: 0.1ms
[2024-10-12T11:09:56.359+0800][info] GC(422)   Evacuate Collection Set: 1.0ms
[2024-10-12T11:09:56.359+0800][info] GC(422)   Post Evacuate Collection Set: 0.2ms
[2024-10-12T11:09:56.359+0800][info] GC(422)   Other: 0.4ms
[2024-10-12T11:09:56.359+0800][info] GC(422) Eden regions: 2->0(2)
[2024-10-12T11:09:56.359+0800][info] GC(422) Survivor regions: 1->1(1)
[2024-10-12T11:09:56.359+0800][info] GC(422) Old regions: 45->47
[2024-10-12T11:09:56.359+0800][info] GC(422) Archive regions: 2->2
[2024-10-12T11:09:56.359+0800][info] GC(422) Humongous regions: 4->4
[2024-10-12T11:09:56.359+0800][info] GC(422) Metaspace: 1675K(1856K)->1675K(1856K) NonClass: 1551K(1664K)->1551K(1664K) Class: 124K(192K)->124K(192K)
[2024-10-12T11:09:56.359+0800][info] GC(422) Pause Young (Concurrent Start) (G1 Evacuation Pause) 91M->91M(128M) 1.951ms
[2024-10-12T11:09:56.359+0800][info] GC(422) User=0.01s Sys=0.00s Real=0.00s
[2024-10-12T11:09:56.359+0800][info] GC(423) Concurrent Mark Cycle
[2024-10-12T11:09:56.359+0800][info] GC(423) Concurrent Clear Claimed Marks
[2024-10-12T11:09:56.359+0800][info] GC(423) Concurrent Clear Claimed Marks 0.019ms
[2024-10-12T11:09:56.359+0800][info] GC(423) Concurrent Scan Root Regions
[2024-10-12T11:09:56.359+0800][info] GC(423) Concurrent Scan Root Regions 0.171ms
[2024-10-12T11:09:56.359+0800][info] GC(423) Concurrent Mark
[2024-10-12T11:09:56.359+0800][info] GC(423) Concurrent Mark From Roots
[2024-10-12T11:09:56.359+0800][info] GC(423) Using 12 workers of 12 for marking
[2024-10-12T11:09:56.363+0800][info] GC(423) Concurrent Mark From Roots 3.924ms
[2024-10-12T11:09:56.363+0800][info] GC(423) Concurrent Preclean
[2024-10-12T11:09:56.365+0800][info] GC(423) Concurrent Preclean 1.793ms
[2024-10-12T11:09:56.365+0800][info] GC(423) Pause Remark
[2024-10-12T11:09:56.367+0800][info] GC(423) Pause Remark 92M->90M(128M) 1.690ms
[2024-10-12T11:09:56.367+0800][info] GC(423) User=0.01s Sys=0.00s Real=0.00s
[2024-10-12T11:09:56.367+0800][info] GC(423) Concurrent Mark 7.614ms
[2024-10-12T11:09:56.367+0800][info] GC(423) Concurrent Rebuild Remembered Sets
[2024-10-12T11:09:56.368+0800][info] GC(423) Concurrent Rebuild Remembered Sets 1.175ms
[2024-10-12T11:09:56.368+0800][info] GC(423) Pause Cleanup
[2024-10-12T11:09:56.369+0800][info] GC(423) Pause Cleanup 90M->90M(128M) 0.230ms
[2024-10-12T11:09:56.369+0800][info] GC(423) User=0.00s Sys=0.00s Real=0.00s
[2024-10-12T11:09:56.369+0800][info] GC(423) Concurrent Cleanup for Next Mark
[2024-10-12T11:09:56.369+0800][info] GC(423) Concurrent Cleanup for Next Mark 0.459ms
[2024-10-12T11:09:56.369+0800][info] GC(423) Concurrent Mark Cycle 9.962ms
[2024-10-12T11:09:56.512+0800][info] GC(424) Pause Young (Prepare Mixed) (G1 Evacuation Pause)
[2024-10-12T11:09:56.512+0800][info] GC(424) Using 3 workers of 48 for evacuation
[2024-10-12T11:09:56.515+0800][info] GC(424)   Pre Evacuate Collection Set: 0.1ms
[2024-10-12T11:09:56.515+0800][info] GC(424)   Merge Heap Roots: 0.1ms
[2024-10-12T11:09:56.515+0800][info] GC(424)   Evacuate Collection Set: 2.3ms
[2024-10-12T11:09:56.515+0800][info] GC(424)   Post Evacuate Collection Set: 0.2ms
[2024-10-12T11:09:56.515+0800][info] GC(424)   Other: 0.2ms
[2024-10-12T11:09:56.515+0800][info] GC(424) Eden regions: 2->0(2)
[2024-10-12T11:09:56.515+0800][info] GC(424) Survivor regions: 1->1(1)
[2024-10-12T11:09:56.515+0800][info] GC(424) Old regions: 47->49
[2024-10-12T11:09:56.515+0800][info] GC(424) Archive regions: 2->2
[2024-10-12T11:09:56.515+0800][info] GC(424) Humongous regions: 3->3
[2024-10-12T11:09:56.515+0800][info] GC(424) Metaspace: 1675K(1856K)->1675K(1856K) NonClass: 1551K(1664K)->1551K(1664K) Class: 124K(192K)->124K(192K)
[2024-10-12T11:09:56.515+0800][info] GC(424) Pause Young (Prepare Mixed) (G1 Evacuation Pause) 93M->93M(128M) 3.114ms
[2024-10-12T11:09:56.515+0800][info] GC(424) User=0.01s Sys=0.01s Real=0.01s
[2024-10-12T11:09:56.577+0800][info] GC(425) Pause Young (Mixed) (G1 Preventive Collection)
[2024-10-12T11:09:56.577+0800][info] GC(425) Using 3 workers of 48 for evacuation
[2024-10-12T11:09:56.583+0800][info] GC(425) To-space exhausted
[2024-10-12T11:09:56.583+0800][info] GC(425)   Pre Evacuate Collection Set: 0.2ms
[2024-10-12T11:09:56.583+0800][info] GC(425)   Merge Heap Roots: 0.1ms
[2024-10-12T11:09:56.583+0800][info] GC(425)   Evacuate Collection Set: 4.6ms
[2024-10-12T11:09:56.583+0800][info] GC(425)   Post Evacuate Collection Set: 0.9ms
[2024-10-12T11:09:56.583+0800][info] GC(425)   Other: 0.3ms
[2024-10-12T11:09:56.584+0800][info] GC(425) Eden regions: 1->0(2)
[2024-10-12T11:09:56.584+0800][info] GC(425) Survivor regions: 1->1(1)
[2024-10-12T11:09:56.584+0800][info] GC(425) Old regions: 49->57
[2024-10-12T11:09:56.584+0800][info] GC(425) Archive regions: 2->2
[2024-10-12T11:09:56.584+0800][info] GC(425) Humongous regions: 3->3
[2024-10-12T11:09:56.584+0800][info] GC(425) Metaspace: 1675K(1856K)->1675K(1856K) NonClass: 1551K(1664K)->1551K(1664K) Class: 124K(192K)->124K(192K)
[2024-10-12T11:09:56.584+0800][info] GC(425) Pause Young (Mixed) (G1 Preventive Collection) 95M->110M(128M) 6.221ms
[2024-10-12T11:09:56.584+0800][info] GC(425) User=0.01s Sys=0.00s Real=0.00s
[2024-10-12T11:09:56.625+0800][info] GC(426) Pause Young (Concurrent Start) (G1 Evacuation Pause)
[2024-10-12T11:09:56.625+0800][info] GC(426) Using 3 workers of 48 for evacuation
[2024-10-12T11:09:56.626+0800][info] GC(426) To-space exhausted
[2024-10-12T11:09:56.626+0800][info] GC(426)   Pre Evacuate Collection Set: 0.1ms
[2024-10-12T11:09:56.626+0800][info] GC(426)   Merge Heap Roots: 0.1ms
[2024-10-12T11:09:56.626+0800][info] GC(426)   Evacuate Collection Set: 0.6ms
[2024-10-12T11:09:56.626+0800][info] GC(426)   Post Evacuate Collection Set: 0.2ms
[2024-10-12T11:09:56.626+0800][info] GC(426)   Other: 0.4ms
[2024-10-12T11:09:56.626+0800][info] GC(426) Eden regions: 1->0(3)
[2024-10-12T11:09:56.626+0800][info] GC(426) Survivor regions: 1->0(0)
[2024-10-12T11:09:56.626+0800][info] GC(426) Old regions: 57->59
[2024-10-12T11:09:56.626+0800][info] GC(426) Archive regions: 2->2
[2024-10-12T11:09:56.626+0800][info] GC(426) Humongous regions: 3->3
[2024-10-12T11:09:56.626+0800][info] GC(426) Metaspace: 1675K(1856K)->1675K(1856K) NonClass: 1551K(1664K)->1551K(1664K) Class: 124K(192K)->124K(192K)
[2024-10-12T11:09:56.626+0800][info] GC(426) Pause Young (Concurrent Start) (G1 Evacuation Pause) 111M->111M(128M) 1.468ms
[2024-10-12T11:09:56.626+0800][info] GC(426) User=0.00s Sys=0.00s Real=0.01s
[2024-10-12T11:09:56.626+0800][info] Attempting full compaction
[2024-10-12T11:09:56.626+0800][info] GC(428) Concurrent Mark Cycle
[2024-10-12T11:09:56.626+0800][info] GC(428) Concurrent Clear Claimed Marks
[2024-10-12T11:09:56.626+0800][info] GC(427) Using 3 workers of 48 for full compaction
[2024-10-12T11:09:56.626+0800][info] GC(428) Concurrent Clear Claimed Marks 0.030ms
[2024-10-12T11:09:56.626+0800][info] GC(428) Concurrent Scan Root Regions
[2024-10-12T11:09:56.626+0800][info] GC(428) Concurrent Scan Root Regions 0.016ms
[2024-10-12T11:09:56.626+0800][info] GC(428) Concurrent Mark
[2024-10-12T11:09:56.626+0800][info] GC(428) Concurrent Mark From Roots
[2024-10-12T11:09:56.626+0800][info] GC(427) Pause Full (G1 Compaction Pause)
[2024-10-12T11:09:56.626+0800][info] GC(428) Using 12 workers of 12 for marking
[2024-10-12T11:09:56.627+0800][info] GC(427) Phase 1: Mark live objects
[2024-10-12T11:09:56.630+0800][info] GC(427) Phase 1: Mark live objects 3.542ms
[2024-10-12T11:09:56.631+0800][info] GC(427) Phase 2: Prepare for compaction
[2024-10-12T11:09:56.631+0800][info] GC(427) Phase 2: Prepare for compaction 0.531ms
[2024-10-12T11:09:56.631+0800][info] GC(427) Phase 3: Adjust pointers
[2024-10-12T11:09:56.633+0800][info] GC(427) Phase 3: Adjust pointers 1.660ms
[2024-10-12T11:09:56.633+0800][info] GC(427) Phase 4: Compact heap
[2024-10-12T11:09:56.644+0800][info] GC(427) Phase 4: Compact heap 11.568ms
[2024-10-12T11:09:56.646+0800][info] GC(427) Eden regions: 0->0(4)
[2024-10-12T11:09:56.646+0800][info] GC(427) Survivor regions: 0->0(0)
[2024-10-12T11:09:56.646+0800][info] GC(427) Old regions: 59->39
[2024-10-12T11:09:56.646+0800][info] GC(427) Archive regions: 2->2
[2024-10-12T11:09:56.646+0800][info] GC(427) Humongous regions: 3->3
[2024-10-12T11:09:56.646+0800][info] GC(427) Metaspace: 1675K(1856K)->1675K(1856K) NonClass: 1551K(1664K)->1551K(1664K) Class: 124K(192K)->124K(192K)
[2024-10-12T11:09:56.646+0800][info] GC(427) Pause Full (G1 Compaction Pause) 111M->72M(128M) 19.550ms
[2024-10-12T11:09:56.646+0800][info] GC(427) User=0.04s Sys=0.00s Real=0.02s
[2024-10-12T11:09:56.646+0800][info] GC(428) Concurrent Mark From Roots 19.796ms
[2024-10-12T11:09:56.646+0800][info] GC(428) Concurrent Mark Abort
[2024-10-12T11:09:56.646+0800][info] GC(428) Concurrent Mark Cycle 20.032ms
[2024-10-12T11:09:56.871+0800][info] GC(429) Pause Young (Normal) (G1 Evacuation Pause)
[2024-10-12T11:09:56.871+0800][info] GC(429) Using 3 workers of 48 for evacuation
[2024-10-12T11:09:56.873+0800][info] GC(429)   Pre Evacuate Collection Set: 0.1ms
[2024-10-12T11:09:56.874+0800][info] GC(429)   Merge Heap Roots: 0.0ms
[2024-10-12T11:09:56.874+0800][info] GC(429)   Evacuate Collection Set: 1.5ms
[2024-10-12T11:09:56.874+0800][info] GC(429)   Post Evacuate Collection Set: 0.2ms
[2024-10-12T11:09:56.874+0800][info] GC(429)   Other: 0.2ms
[2024-10-12T11:09:56.874+0800][info] GC(429) Eden regions: 4->0(2)
[2024-10-12T11:09:56.874+0800][info] GC(429) Survivor regions: 0->1(1)
[2024-10-12T11:09:56.874+0800][info] GC(429) Old regions: 39->43
[2024-10-12T11:09:56.874+0800][info] GC(429) Archive regions: 2->2
[2024-10-12T11:09:56.874+0800][info] GC(429) Humongous regions: 3->3
[2024-10-12T11:09:56.874+0800][info] GC(429) Metaspace: 1675K(1856K)->1675K(1856K) NonClass: 1551K(1664K)->1551K(1664K) Class: 124K(192K)->124K(192K)
[2024-10-12T11:09:56.874+0800][info] GC(429) Pause Young (Normal) (G1 Evacuation Pause) 79M->80M(128M) 2.227ms
[2024-10-12T11:09:56.874+0800][info] GC(429) User=0.00s Sys=0.01s Real=0.01s
[2024-10-12T11:09:56.976+0800][info] GC(430) Pause Young (Normal) (G1 Evacuation Pause)
[2024-10-12T11:09:56.976+0800][info] GC(430) Using 3 workers of 48 for evacuation
[2024-10-12T11:09:56.978+0800][info] GC(430)   Pre Evacuate Collection Set: 0.1ms
[2024-10-12T11:09:56.978+0800][info] GC(430)   Merge Heap Roots: 0.1ms
[2024-10-12T11:09:56.978+0800][info] GC(430)   Evacuate Collection Set: 0.9ms
[2024-10-12T11:09:56.978+0800][info] GC(430)   Post Evacuate Collection Set: 0.2ms
[2024-10-12T11:09:56.978+0800][info] GC(430)   Other: 0.2ms
[2024-10-12T11:09:56.978+0800][info] GC(430) Eden regions: 2->0(2)
[2024-10-12T11:09:56.978+0800][info] GC(430) Survivor regions: 1->1(1)
[2024-10-12T11:09:56.978+0800][info] GC(430) Old regions: 43->45
[2024-10-12T11:09:56.978+0800][info] GC(430) Archive regions: 2->2
[2024-10-12T11:09:56.978+0800][info] GC(430) Humongous regions: 3->3
[2024-10-12T11:09:56.978+0800][info] GC(430) Metaspace: 1675K(1856K)->1675K(1856K) NonClass: 1551K(1664K)->1551K(1664K) Class: 124K(192K)->124K(192K)
[2024-10-12T11:09:56.978+0800][info] GC(430) Pause Young (Normal) (G1 Evacuation Pause) 84M->85M(128M) 1.626ms
[2024-10-12T11:09:56.978+0800][info] GC(430) User=0.01s Sys=0.00s Real=0.00s
[2024-10-12T11:09:57.080+0800][info] GC(431) Pause Young (Concurrent Start) (G1 Evacuation Pause)
[2024-10-12T11:09:57.080+0800][info] GC(431) Using 3 workers of 48 for evacuation
[2024-10-12T11:09:57.082+0800][info] GC(431)   Pre Evacuate Collection Set: 0.1ms
[2024-10-12T11:09:57.082+0800][info] GC(431)   Merge Heap Roots: 0.1ms
[2024-10-12T11:09:57.082+0800][info] GC(431)   Evacuate Collection Set: 1.1ms
[2024-10-12T11:09:57.082+0800][info] GC(431)   Post Evacuate Collection Set: 0.2ms
[2024-10-12T11:09:57.082+0800][info] GC(431)   Other: 0.4ms
[2024-10-12T11:09:57.082+0800][info] GC(431) Eden regions: 2->0(2)
[2024-10-12T11:09:57.082+0800][info] GC(431) Survivor regions: 1->1(1)
[2024-10-12T11:09:57.082+0800][info] GC(431) Old regions: 45->47
[2024-10-12T11:09:57.082+0800][info] GC(431) Archive regions: 2->2
[2024-10-12T11:09:57.082+0800][info] GC(431) Humongous regions: 3->3
[2024-10-12T11:09:57.082+0800][info] GC(431) Metaspace: 1675K(1856K)->1675K(1856K) NonClass: 1551K(1664K)->1551K(1664K) Class: 124K(192K)->124K(192K)
[2024-10-12T11:09:57.082+0800][info] GC(431) Pause Young (Concurrent Start) (G1 Evacuation Pause) 88M->89M(128M) 1.930ms
[2024-10-12T11:09:57.082+0800][info] GC(431) User=0.00s Sys=0.00s Real=0.00s
[2024-10-12T11:09:57.082+0800][info] GC(432) Concurrent Mark Cycle
[2024-10-12T11:09:57.082+0800][info] GC(432) Concurrent Clear Claimed Marks
[2024-10-12T11:09:57.082+0800][info] GC(432) Concurrent Clear Claimed Marks 0.018ms
[2024-10-12T11:09:57.082+0800][info] GC(432) Concurrent Scan Root Regions
[2024-10-12T11:09:57.082+0800][info] GC(432) Concurrent Scan Root Regions 0.164ms
[2024-10-12T11:09:57.082+0800][info] GC(432) Concurrent Mark
[2024-10-12T11:09:57.082+0800][info] GC(432) Concurrent Mark From Roots
[2024-10-12T11:09:57.082+0800][info] GC(432) Using 12 workers of 12 for marking
[2024-10-12T11:09:57.086+0800][info] GC(432) Concurrent Mark From Roots 3.741ms
[2024-10-12T11:09:57.086+0800][info] GC(432) Concurrent Preclean
[2024-10-12T11:09:57.088+0800][info] GC(432) Concurrent Preclean 1.679ms
[2024-10-12T11:09:57.088+0800][info] GC(432) Pause Remark
[2024-10-12T11:09:57.089+0800][info] GC(432) Pause Remark 89M->89M(128M) 1.607ms
[2024-10-12T11:09:57.089+0800][info] GC(432) User=0.00s Sys=0.00s Real=0.00s
[2024-10-12T11:09:57.089+0800][info] GC(432) Concurrent Mark 7.191ms
[2024-10-12T11:09:57.089+0800][info] GC(432) Concurrent Rebuild Remembered Sets
[2024-10-12T11:09:57.091+0800][info] GC(432) Concurrent Rebuild Remembered Sets 1.013ms
[2024-10-12T11:09:57.091+0800][info] GC(432) Pause Cleanup
[2024-10-12T11:09:57.091+0800][info] GC(432) Pause Cleanup 89M->89M(128M) 0.148ms
[2024-10-12T11:09:57.091+0800][info] GC(432) User=0.00s Sys=0.00s Real=0.00s
[2024-10-12T11:09:57.091+0800][info] GC(432) Concurrent Cleanup for Next Mark
[2024-10-12T11:09:57.091+0800][info] GC(432) Concurrent Cleanup for Next Mark 0.374ms
[2024-10-12T11:09:57.091+0800][info] GC(432) Concurrent Mark Cycle 9.140ms
[2024-10-12T11:09:57.235+0800][info] GC(433) Pause Young (Prepare Mixed) (G1 Evacuation Pause)
[2024-10-12T11:09:57.235+0800][info] GC(433) Using 3 workers of 48 for evacuation
[2024-10-12T11:09:57.237+0800][info] GC(433)   Pre Evacuate Collection Set: 0.1ms
[2024-10-12T11:09:57.237+0800][info] GC(433)   Merge Heap Roots: 0.1ms
[2024-10-12T11:09:57.237+0800][info] GC(433)   Evacuate Collection Set: 1.1ms
[2024-10-12T11:09:57.237+0800][info] GC(433)   Post Evacuate Collection Set: 0.2ms
[2024-10-12T11:09:57.237+0800][info] GC(433)   Other: 0.2ms
[2024-10-12T11:09:57.237+0800][info] GC(433) Eden regions: 2->0(2)
[2024-10-12T11:09:57.237+0800][info] GC(433) Survivor regions: 1->1(1)
[2024-10-12T11:09:57.237+0800][info] GC(433) Old regions: 47->49
[2024-10-12T11:09:57.237+0800][info] GC(433) Archive regions: 2->2
[2024-10-12T11:09:57.237+0800][info] GC(433) Humongous regions: 3->3
[2024-10-12T11:09:57.237+0800][info] GC(433) Metaspace: 1675K(1856K)->1675K(1856K) NonClass: 1551K(1664K)->1551K(1664K) Class: 124K(192K)->124K(192K)
[2024-10-12T11:09:57.237+0800][info] GC(433) Pause Young (Prepare Mixed) (G1 Evacuation Pause) 92M->92M(128M) 1.894ms
[2024-10-12T11:09:57.237+0800][info] GC(433) User=0.00s Sys=0.00s Real=0.00s
[2024-10-12T11:09:57.299+0800][info] GC(434) Pause Young (Mixed) (G1 Preventive Collection)
[2024-10-12T11:09:57.299+0800][info] GC(434) Using 3 workers of 48 for evacuation
[2024-10-12T11:09:57.304+0800][info] GC(434) To-space exhausted
[2024-10-12T11:09:57.304+0800][info] GC(434)   Pre Evacuate Collection Set: 0.2ms
[2024-10-12T11:09:57.304+0800][info] GC(434)   Merge Heap Roots: 0.1ms
[2024-10-12T11:09:57.304+0800][info] GC(434)   Evacuate Collection Set: 3.9ms
[2024-10-12T11:09:57.304+0800][info] GC(434)   Post Evacuate Collection Set: 1.0ms
[2024-10-12T11:09:57.304+0800][info] GC(434)   Other: 0.3ms
[2024-10-12T11:09:57.304+0800][info] GC(434) Eden regions: 1->0(2)
[2024-10-12T11:09:57.304+0800][info] GC(434) Survivor regions: 1->1(1)
[2024-10-12T11:09:57.304+0800][info] GC(434) Old regions: 49->54
[2024-10-12T11:09:57.304+0800][info] GC(434) Archive regions: 2->2
[2024-10-12T11:09:57.304+0800][info] GC(434) Humongous regions: 3->3
[2024-10-12T11:09:57.304+0800][info] GC(434) Metaspace: 1675K(1856K)->1675K(1856K) NonClass: 1551K(1664K)->1551K(1664K) Class: 124K(192K)->124K(192K)
[2024-10-12T11:09:57.304+0800][info] GC(434) Pause Young (Mixed) (G1 Preventive Collection) 94M->106M(128M) 5.643ms
[2024-10-12T11:09:57.304+0800][info] GC(434) User=0.01s Sys=0.01s Real=0.00s
[2024-10-12T11:09:57.345+0800][info] GC(435) Pause Young (Concurrent Start) (G1 Preventive Collection)
[2024-10-12T11:09:57.345+0800][info] GC(435) Using 3 workers of 48 for evacuation
[2024-10-12T11:09:57.347+0800][info] GC(435)   Pre Evacuate Collection Set: 0.1ms
[2024-10-12T11:09:57.347+0800][info] GC(435)   Merge Heap Roots: 0.1ms
[2024-10-12T11:09:57.347+0800][info] GC(435)   Evacuate Collection Set: 1.2ms
[2024-10-12T11:09:57.347+0800][info] GC(435)   Post Evacuate Collection Set: 0.2ms
[2024-10-12T11:09:57.347+0800][info] GC(435)   Other: 0.4ms
[2024-10-12T11:09:57.347+0800][info] GC(435) Eden regions: 1->0(2)
[2024-10-12T11:09:57.347+0800][info] GC(435) Survivor regions: 1->1(1)
[2024-10-12T11:09:57.347+0800][info] GC(435) Old regions: 54->55
[2024-10-12T11:09:57.347+0800][info] GC(435) Archive regions: 2->2
[2024-10-12T11:09:57.347+0800][info] GC(435) Humongous regions: 3->3
[2024-10-12T11:09:57.347+0800][info] GC(435) Metaspace: 1675K(1856K)->1675K(1856K) NonClass: 1551K(1664K)->1551K(1664K) Class: 124K(192K)->124K(192K)
[2024-10-12T11:09:57.348+0800][info] GC(435) Pause Young (Concurrent Start) (G1 Preventive Collection) 107M->107M(128M) 2.080ms
[2024-10-12T11:09:57.348+0800][info] GC(435) User=0.01s Sys=0.00s Real=0.00s
[2024-10-12T11:09:57.348+0800][info] GC(436) Concurrent Mark Cycle
[2024-10-12T11:09:57.348+0800][info] GC(436) Concurrent Clear Claimed Marks
[2024-10-12T11:09:57.348+0800][info] GC(436) Concurrent Clear Claimed Marks 0.019ms
[2024-10-12T11:09:57.348+0800][info] GC(436) Concurrent Scan Root Regions
[2024-10-12T11:09:57.348+0800][info] GC(436) Concurrent Scan Root Regions 0.151ms
[2024-10-12T11:09:57.348+0800][info] GC(436) Concurrent Mark
[2024-10-12T11:09:57.348+0800][info] GC(436) Concurrent Mark From Roots
[2024-10-12T11:09:57.348+0800][info] GC(436) Using 12 workers of 12 for marking
[2024-10-12T11:09:57.352+0800][info] GC(436) Concurrent Mark From Roots 3.879ms
[2024-10-12T11:09:57.352+0800][info] GC(436) Concurrent Preclean
[2024-10-12T11:09:57.354+0800][info] GC(436) Concurrent Preclean 1.759ms
[2024-10-12T11:09:57.354+0800][info] GC(436) Pause Remark
[2024-10-12T11:09:57.355+0800][info] GC(436) Pause Remark 108M->108M(128M) 1.557ms
[2024-10-12T11:09:57.355+0800][info] GC(436) User=0.00s Sys=0.00s Real=0.00s
[2024-10-12T11:09:57.355+0800][info] GC(436) Concurrent Mark 7.368ms
[2024-10-12T11:09:57.355+0800][info] GC(436) Concurrent Rebuild Remembered Sets
[2024-10-12T11:09:57.356+0800][info] GC(436) Concurrent Rebuild Remembered Sets 0.938ms
[2024-10-12T11:09:57.356+0800][info] GC(436) Pause Cleanup
[2024-10-12T11:09:57.356+0800][info] GC(436) Pause Cleanup 108M->108M(128M) 0.158ms
[2024-10-12T11:09:57.356+0800][info] GC(436) User=0.00s Sys=0.00s Real=0.00s
[2024-10-12T11:09:57.356+0800][info] GC(436) Concurrent Cleanup for Next Mark
[2024-10-12T11:09:57.357+0800][info] GC(436) Concurrent Cleanup for Next Mark 0.412ms
[2024-10-12T11:09:57.357+0800][info] GC(436) Concurrent Mark Cycle 9.273ms
[2024-10-12T11:09:57.460+0800][info] GC(437) Pause Young (Prepare Mixed) (G1 Preventive Collection)
[2024-10-12T11:09:57.460+0800][info] GC(437) Using 3 workers of 48 for evacuation
[2024-10-12T11:09:57.462+0800][info] GC(437)   Pre Evacuate Collection Set: 0.1ms
[2024-10-12T11:09:57.462+0800][info] GC(437)   Merge Heap Roots: 0.1ms
[2024-10-12T11:09:57.462+0800][info] GC(437)   Evacuate Collection Set: 0.9ms
[2024-10-12T11:09:57.462+0800][info] GC(437)   Post Evacuate Collection Set: 0.2ms
[2024-10-12T11:09:57.462+0800][info] GC(437)   Other: 0.2ms
[2024-10-12T11:09:57.462+0800][info] GC(437) Eden regions: 1->0(2)
[2024-10-12T11:09:57.462+0800][info] GC(437) Survivor regions: 1->1(1)
[2024-10-12T11:09:57.462+0800][info] GC(437) Old regions: 55->56
[2024-10-12T11:09:57.462+0800][info] GC(437) Archive regions: 2->2
[2024-10-12T11:09:57.462+0800][info] GC(437) Humongous regions: 3->3
[2024-10-12T11:09:57.462+0800][info] GC(437) Metaspace: 1675K(1856K)->1675K(1856K) NonClass: 1551K(1664K)->1551K(1664K) Class: 124K(192K)->124K(192K)
[2024-10-12T11:09:57.462+0800][info] GC(437) Pause Young (Prepare Mixed) (G1 Preventive Collection) 109M->109M(128M) 1.644ms
[2024-10-12T11:09:57.462+0800][info] GC(437) User=0.00s Sys=0.00s Real=0.00s
[2024-10-12T11:09:57.503+0800][info] GC(438) Pause Young (Mixed) (G1 Preventive Collection)
[2024-10-12T11:09:57.503+0800][info] GC(438) Using 3 workers of 48 for evacuation
[2024-10-12T11:09:57.506+0800][info] GC(438) To-space exhausted
[2024-10-12T11:09:57.506+0800][info] GC(438)   Pre Evacuate Collection Set: 0.2ms
[2024-10-12T11:09:57.506+0800][info] GC(438)   Merge Heap Roots: 0.1ms
[2024-10-12T11:09:57.506+0800][info] GC(438)   Evacuate Collection Set: 1.2ms
[2024-10-12T11:09:57.506+0800][info] GC(438)   Post Evacuate Collection Set: 0.6ms
[2024-10-12T11:09:57.506+0800][info] GC(438)   Other: 0.2ms
[2024-10-12T11:09:57.506+0800][info] GC(438) Eden regions: 1->0(2)
[2024-10-12T11:09:57.506+0800][info] GC(438) Survivor regions: 1->1(1)
[2024-10-12T11:09:57.506+0800][info] GC(438) Old regions: 56->57
[2024-10-12T11:09:57.506+0800][info] GC(438) Archive regions: 2->2
[2024-10-12T11:09:57.506+0800][info] GC(438) Humongous regions: 3->3
[2024-10-12T11:09:57.506+0800][info] GC(438) Metaspace: 1675K(1856K)->1675K(1856K) NonClass: 1551K(1664K)->1551K(1664K) Class: 124K(192K)->124K(192K)
[2024-10-12T11:09:57.506+0800][info] GC(438) Pause Young (Mixed) (G1 Preventive Collection) 111M->111M(128M) 2.365ms
[2024-10-12T11:09:57.506+0800][info] GC(438) User=0.01s Sys=0.00s Real=0.01s
[2024-10-12T11:09:57.567+0800][info] GC(439) Pause Young (Concurrent Start) (G1 Evacuation Pause)
[2024-10-12T11:09:57.567+0800][info] GC(439) Using 3 workers of 48 for evacuation
[2024-10-12T11:09:57.568+0800][info] GC(439) To-space exhausted
[2024-10-12T11:09:57.568+0800][info] GC(439)   Pre Evacuate Collection Set: 0.1ms
[2024-10-12T11:09:57.568+0800][info] GC(439)   Merge Heap Roots: 0.1ms
[2024-10-12T11:09:57.568+0800][info] GC(439)   Evacuate Collection Set: 0.4ms
[2024-10-12T11:09:57.568+0800][info] GC(439)   Post Evacuate Collection Set: 0.3ms
[2024-10-12T11:09:57.568+0800][info] GC(439)   Other: 0.3ms
[2024-10-12T11:09:57.568+0800][info] GC(439) Eden regions: 1->0(3)
[2024-10-12T11:09:57.569+0800][info] GC(439) Survivor regions: 1->0(0)
[2024-10-12T11:09:57.569+0800][info] GC(439) Old regions: 57->59
[2024-10-12T11:09:57.569+0800][info] GC(439) Archive regions: 2->2
[2024-10-12T11:09:57.569+0800][info] GC(439) Humongous regions: 3->3
[2024-10-12T11:09:57.569+0800][info] GC(439) Metaspace: 1675K(1856K)->1675K(1856K) NonClass: 1551K(1664K)->1551K(1664K) Class: 124K(192K)->124K(192K)
[2024-10-12T11:09:57.569+0800][info] GC(439) Pause Young (Concurrent Start) (G1 Evacuation Pause) 113M->113M(128M) 1.336ms
[2024-10-12T11:09:57.569+0800][info] GC(439) User=0.00s Sys=0.00s Real=0.00s
[2024-10-12T11:09:57.569+0800][info] Attempting full compaction
[2024-10-12T11:09:57.569+0800][info] GC(440) Concurrent Mark Cycle
[2024-10-12T11:09:57.569+0800][info] GC(440) Concurrent Clear Claimed Marks
[2024-10-12T11:09:57.569+0800][info] GC(441) Using 3 workers of 48 for full compaction
[2024-10-12T11:09:57.569+0800][info] GC(440) Concurrent Clear Claimed Marks 0.030ms
[2024-10-12T11:09:57.569+0800][info] GC(440) Concurrent Scan Root Regions
[2024-10-12T11:09:57.569+0800][info] GC(440) Concurrent Scan Root Regions 0.019ms
[2024-10-12T11:09:57.569+0800][info] GC(440) Concurrent Mark
[2024-10-12T11:09:57.569+0800][info] GC(440) Concurrent Mark From Roots
[2024-10-12T11:09:57.569+0800][info] GC(440) Using 12 workers of 12 for marking
[2024-10-12T11:09:57.569+0800][info] GC(441) Pause Full (G1 Compaction Pause)
[2024-10-12T11:09:57.569+0800][info] GC(441) Phase 1: Mark live objects
[2024-10-12T11:09:57.572+0800][info] GC(441) Phase 1: Mark live objects 3.223ms
[2024-10-12T11:09:57.573+0800][info] GC(441) Phase 2: Prepare for compaction
[2024-10-12T11:09:57.573+0800][info] GC(441) Phase 2: Prepare for compaction 0.665ms
[2024-10-12T11:09:57.573+0800][info] GC(441) Phase 3: Adjust pointers
[2024-10-12T11:09:57.575+0800][info] GC(441) Phase 3: Adjust pointers 1.684ms
[2024-10-12T11:09:57.575+0800][info] GC(441) Phase 4: Compact heap
[2024-10-12T11:09:57.584+0800][info] GC(441) Phase 4: Compact heap 9.360ms
[2024-10-12T11:09:57.586+0800][info] GC(441) Eden regions: 0->0(4)
[2024-10-12T11:09:57.586+0800][info] GC(441) Survivor regions: 0->0(0)
[2024-10-12T11:09:57.586+0800][info] GC(441) Old regions: 59->37
[2024-10-12T11:09:57.586+0800][info] GC(441) Archive regions: 2->2
[2024-10-12T11:09:57.586+0800][info] GC(441) Humongous regions: 3->3
[2024-10-12T11:09:57.586+0800][info] GC(441) Metaspace: 1675K(1856K)->1675K(1856K) NonClass: 1551K(1664K)->1551K(1664K) Class: 124K(192K)->124K(192K)
[2024-10-12T11:09:57.586+0800][info] GC(441) Pause Full (G1 Compaction Pause) 113M->71M(128M) 16.940ms
[2024-10-12T11:09:57.586+0800][info] GC(441) User=0.04s Sys=0.00s Real=0.02s
[2024-10-12T11:09:57.586+0800][info] GC(440) Concurrent Mark From Roots 17.138ms
[2024-10-12T11:09:57.586+0800][info] GC(440) Concurrent Mark Abort
[2024-10-12T11:09:57.586+0800][info] GC(440) Concurrent Mark Cycle 17.379ms
[2024-10-12T11:09:57.791+0800][info] GC(442) Pause Young (Normal) (G1 Evacuation Pause)
[2024-10-12T11:09:57.791+0800][info] GC(442) Using 3 workers of 48 for evacuation
[2024-10-12T11:09:57.793+0800][info] GC(442)   Pre Evacuate Collection Set: 0.1ms
[2024-10-12T11:09:57.793+0800][info] GC(442)   Merge Heap Roots: 0.1ms
[2024-10-12T11:09:57.793+0800][info] GC(442)   Evacuate Collection Set: 1.4ms
[2024-10-12T11:09:57.793+0800][info] GC(442)   Post Evacuate Collection Set: 0.2ms
[2024-10-12T11:09:57.793+0800][info] GC(442)   Other: 0.2ms
[2024-10-12T11:09:57.793+0800][info] GC(442) Eden regions: 4->0(3)
[2024-10-12T11:09:57.793+0800][info] GC(442) Survivor regions: 0->1(1)
[2024-10-12T11:09:57.793+0800][info] GC(442) Old regions: 37->40
[2024-10-12T11:09:57.793+0800][info] GC(442) Archive regions: 2->2
[2024-10-12T11:09:57.793+0800][info] GC(442) Humongous regions: 3->3
[2024-10-12T11:09:57.793+0800][info] GC(442) Metaspace: 1675K(1856K)->1675K(1856K) NonClass: 1551K(1664K)->1551K(1664K) Class: 124K(192K)->124K(192K)
[2024-10-12T11:09:57.793+0800][info] GC(442) Pause Young (Normal) (G1 Evacuation Pause) 79M->79M(128M) 2.131ms
[2024-10-12T11:09:57.793+0800][info] GC(442) User=0.00s Sys=0.00s Real=0.00s
[2024-10-12T11:09:57.957+0800][info] GC(443) Pause Young (Normal) (G1 Evacuation Pause)
[2024-10-12T11:09:57.957+0800][info] GC(443) Using 3 workers of 48 for evacuation
[2024-10-12T11:09:57.958+0800][info] GC(443)   Pre Evacuate Collection Set: 0.1ms
[2024-10-12T11:09:57.958+0800][info] GC(443)   Merge Heap Roots: 0.1ms
[2024-10-12T11:09:57.958+0800][info] GC(443)   Evacuate Collection Set: 1.2ms
[2024-10-12T11:09:57.958+0800][info] GC(443)   Post Evacuate Collection Set: 0.2ms
[2024-10-12T11:09:57.958+0800][info] GC(443)   Other: 0.2ms
[2024-10-12T11:09:57.958+0800][info] GC(443) Eden regions: 3->0(2)
[2024-10-12T11:09:57.958+0800][info] GC(443) Survivor regions: 1->1(1)
[2024-10-12T11:09:57.958+0800][info] GC(443) Old regions: 40->43
[2024-10-12T11:09:57.958+0800][info] GC(443) Archive regions: 2->2
[2024-10-12T11:09:57.958+0800][info] GC(443) Humongous regions: 3->3
[2024-10-12T11:09:57.958+0800][info] GC(443) Metaspace: 1675K(1856K)->1675K(1856K) NonClass: 1551K(1664K)->1551K(1664K) Class: 124K(192K)->124K(192K)
[2024-10-12T11:09:57.959+0800][info] GC(443) Pause Young (Normal) (G1 Evacuation Pause) 84M->84M(128M) 1.931ms
[2024-10-12T11:09:57.959+0800][info] GC(443) User=0.01s Sys=0.00s Real=0.00s
[2024-10-12T11:09:58.061+0800][info] GC(444) Pause Young (Normal) (G1 Evacuation Pause)
[2024-10-12T11:09:58.061+0800][info] GC(444) Using 3 workers of 48 for evacuation
[2024-10-12T11:09:58.062+0800][info] GC(444)   Pre Evacuate Collection Set: 0.1ms
[2024-10-12T11:09:58.062+0800][info] GC(444)   Merge Heap Roots: 0.1ms
[2024-10-12T11:09:58.062+0800][info] GC(444)   Evacuate Collection Set: 1.3ms
[2024-10-12T11:09:58.062+0800][info] GC(444)   Post Evacuate Collection Set: 0.2ms
[2024-10-12T11:09:58.062+0800][info] GC(444)   Other: 0.2ms
[2024-10-12T11:09:58.063+0800][info] GC(444) Eden regions: 2->0(2)
[2024-10-12T11:09:58.063+0800][info] GC(444) Survivor regions: 1->1(1)
[2024-10-12T11:09:58.063+0800][info] GC(444) Old regions: 43->45
[2024-10-12T11:09:58.063+0800][info] GC(444) Archive regions: 2->2
[2024-10-12T11:09:58.063+0800][info] GC(444) Humongous regions: 3->3
[2024-10-12T11:09:58.063+0800][info] GC(444) Metaspace: 1675K(1856K)->1675K(1856K) NonClass: 1551K(1664K)->1551K(1664K) Class: 124K(192K)->124K(192K)
[2024-10-12T11:09:58.063+0800][info] GC(444) Pause Young (Normal) (G1 Evacuation Pause) 88M->88M(128M) 1.979ms
[2024-10-12T11:09:58.063+0800][info] GC(444) User=0.00s Sys=0.00s Real=0.00s
[2024-10-12T11:09:58.165+0800][info] GC(445) Pause Young (Concurrent Start) (G1 Evacuation Pause)
[2024-10-12T11:09:58.165+0800][info] GC(445) Using 3 workers of 48 for evacuation
[2024-10-12T11:09:58.167+0800][info] GC(445)   Pre Evacuate Collection Set: 0.1ms
[2024-10-12T11:09:58.167+0800][info] GC(445)   Merge Heap Roots: 0.1ms
[2024-10-12T11:09:58.167+0800][info] GC(445)   Evacuate Collection Set: 1.0ms
[2024-10-12T11:09:58.167+0800][info] GC(445)   Post Evacuate Collection Set: 0.2ms
[2024-10-12T11:09:58.167+0800][info] GC(445)   Other: 0.4ms
[2024-10-12T11:09:58.167+0800][info] GC(445) Eden regions: 2->0(2)
[2024-10-12T11:09:58.167+0800][info] GC(445) Survivor regions: 1->1(1)
[2024-10-12T11:09:58.167+0800][info] GC(445) Old regions: 45->47
[2024-10-12T11:09:58.167+0800][info] GC(445) Archive regions: 2->2
[2024-10-12T11:09:58.167+0800][info] GC(445) Humongous regions: 3->3
[2024-10-12T11:09:58.167+0800][info] GC(445) Metaspace: 1675K(1856K)->1675K(1856K) NonClass: 1551K(1664K)->1551K(1664K) Class: 124K(192K)->124K(192K)
[2024-10-12T11:09:58.167+0800][info] GC(445) Pause Young (Concurrent Start) (G1 Evacuation Pause) 92M->92M(128M) 1.931ms
[2024-10-12T11:09:58.167+0800][info] GC(445) User=0.01s Sys=0.00s Real=0.00s
[2024-10-12T11:09:58.167+0800][info] GC(446) Concurrent Mark Cycle
[2024-10-12T11:09:58.167+0800][info] GC(446) Concurrent Clear Claimed Marks
[2024-10-12T11:09:58.167+0800][info] GC(446) Concurrent Clear Claimed Marks 0.020ms
[2024-10-12T11:09:58.167+0800][info] GC(446) Concurrent Scan Root Regions
[2024-10-12T11:09:58.167+0800][info] GC(446) Concurrent Scan Root Regions 0.119ms
[2024-10-12T11:09:58.167+0800][info] GC(446) Concurrent Mark
[2024-10-12T11:09:58.167+0800][info] GC(446) Concurrent Mark From Roots
[2024-10-12T11:09:58.167+0800][info] GC(446) Using 12 workers of 12 for marking
[2024-10-12T11:09:58.173+0800][info] GC(446) Concurrent Mark From Roots 5.820ms
[2024-10-12T11:09:58.173+0800][info] GC(446) Concurrent Preclean
[2024-10-12T11:09:58.175+0800][info] GC(446) Concurrent Preclean 1.682ms
[2024-10-12T11:09:58.175+0800][info] GC(446) Pause Remark
[2024-10-12T11:09:58.176+0800][info] GC(446) Pause Remark 93M->93M(128M) 1.553ms
[2024-10-12T11:09:58.177+0800][info] GC(446) User=0.00s Sys=0.00s Real=0.00s
[2024-10-12T11:09:58.177+0800][info] GC(446) Concurrent Mark 9.248ms
[2024-10-12T11:09:58.177+0800][info] GC(446) Concurrent Rebuild Remembered Sets
[2024-10-12T11:09:58.178+0800][info] GC(446) Concurrent Rebuild Remembered Sets 1.070ms
[2024-10-12T11:09:58.178+0800][info] GC(446) Pause Cleanup
[2024-10-12T11:09:58.178+0800][info] GC(446) Pause Cleanup 93M->93M(128M) 0.164ms
[2024-10-12T11:09:58.178+0800][info] GC(446) User=0.00s Sys=0.00s Real=0.00s
[2024-10-12T11:09:58.178+0800][info] GC(446) Concurrent Cleanup for Next Mark
[2024-10-12T11:09:58.178+0800][info] GC(446) Concurrent Cleanup for Next Mark 0.376ms
[2024-10-12T11:09:58.178+0800][info] GC(446) Concurrent Mark Cycle 11.291ms
[2024-10-12T11:09:58.320+0800][info] GC(447) Pause Young (Prepare Mixed) (G1 Evacuation Pause)
[2024-10-12T11:09:58.320+0800][info] GC(447) Using 3 workers of 48 for evacuation
[2024-10-12T11:09:58.322+0800][info] GC(447)   Pre Evacuate Collection Set: 0.1ms
[2024-10-12T11:09:58.322+0800][info] GC(447)   Merge Heap Roots: 0.1ms
[2024-10-12T11:09:58.322+0800][info] GC(447)   Evacuate Collection Set: 1.1ms
[2024-10-12T11:09:58.322+0800][info] GC(447)   Post Evacuate Collection Set: 0.2ms
[2024-10-12T11:09:58.322+0800][info] GC(447)   Other: 0.2ms
[2024-10-12T11:09:58.322+0800][info] GC(447) Eden regions: 2->0(2)
[2024-10-12T11:09:58.322+0800][info] GC(447) Survivor regions: 1->1(1)
[2024-10-12T11:09:58.322+0800][info] GC(447) Old regions: 47->49
[2024-10-12T11:09:58.322+0800][info] GC(447) Archive regions: 2->2
[2024-10-12T11:09:58.322+0800][info] GC(447) Humongous regions: 3->3
[2024-10-12T11:09:58.322+0800][info] GC(447) Metaspace: 1675K(1856K)->1675K(1856K) NonClass: 1551K(1664K)->1551K(1664K) Class: 124K(192K)->124K(192K)
[2024-10-12T11:09:58.322+0800][info] GC(447) Pause Young (Prepare Mixed) (G1 Evacuation Pause) 96M->96M(128M) 1.902ms
[2024-10-12T11:09:58.322+0800][info] GC(447) User=0.00s Sys=0.00s Real=0.00s
[2024-10-12T11:09:58.384+0800][info] GC(448) Pause Young (Mixed) (G1 Preventive Collection)
[2024-10-12T11:09:58.384+0800][info] GC(448) Using 3 workers of 48 for evacuation
[2024-10-12T11:09:58.389+0800][info] GC(448) To-space exhausted
[2024-10-12T11:09:58.389+0800][info] GC(448)   Pre Evacuate Collection Set: 0.2ms
[2024-10-12T11:09:58.389+0800][info] GC(448)   Merge Heap Roots: 0.1ms
[2024-10-12T11:09:58.389+0800][info] GC(448)   Evacuate Collection Set: 4.4ms
[2024-10-12T11:09:58.389+0800][info] GC(448)   Post Evacuate Collection Set: 0.8ms
[2024-10-12T11:09:58.389+0800][info] GC(448)   Other: 0.2ms
[2024-10-12T11:09:58.389+0800][info] GC(448) Eden regions: 1->0(2)
[2024-10-12T11:09:58.389+0800][info] GC(448) Survivor regions: 1->1(1)
[2024-10-12T11:09:58.389+0800][info] GC(448) Old regions: 49->56
[2024-10-12T11:09:58.389+0800][info] GC(448) Archive regions: 2->2
[2024-10-12T11:09:58.389+0800][info] GC(448) Humongous regions: 3->3
[2024-10-12T11:09:58.389+0800][info] GC(448) Metaspace: 1675K(1856K)->1675K(1856K) NonClass: 1551K(1664K)->1551K(1664K) Class: 124K(192K)->124K(192K)
[2024-10-12T11:09:58.389+0800][info] GC(448) Pause Young (Mixed) (G1 Preventive Collection) 98M->111M(128M) 5.817ms
[2024-10-12T11:09:58.389+0800][info] GC(448) User=0.02s Sys=0.00s Real=0.01s
[2024-10-12T11:09:58.390+0800][info] GC(449) Pause Young (Concurrent Start) (G1 Humongous Allocation)
[2024-10-12T11:09:58.390+0800][info] GC(449) Using 3 workers of 48 for evacuation
[2024-10-12T11:09:58.391+0800][info] GC(449) To-space exhausted
[2024-10-12T11:09:58.391+0800][info] GC(449)   Pre Evacuate Collection Set: 0.1ms
[2024-10-12T11:09:58.391+0800][info] GC(449)   Merge Heap Roots: 0.1ms
[2024-10-12T11:09:58.391+0800][info] GC(449)   Evacuate Collection Set: 0.9ms
[2024-10-12T11:09:58.391+0800][info] GC(449)   Post Evacuate Collection Set: 0.2ms
[2024-10-12T11:09:58.391+0800][info] GC(449)   Other: 0.3ms
[2024-10-12T11:09:58.391+0800][info] GC(449) Eden regions: 1->0(3)
[2024-10-12T11:09:58.391+0800][info] GC(449) Survivor regions: 1->0(1)
[2024-10-12T11:09:58.391+0800][info] GC(449) Old regions: 56->59
[2024-10-12T11:09:58.391+0800][info] GC(449) Archive regions: 2->2
[2024-10-12T11:09:58.391+0800][info] GC(449) Humongous regions: 3->3
[2024-10-12T11:09:58.391+0800][info] GC(449) Metaspace: 1675K(1856K)->1675K(1856K) NonClass: 1551K(1664K)->1551K(1664K) Class: 124K(192K)->124K(192K)
[2024-10-12T11:09:58.391+0800][info] GC(449) Pause Young (Concurrent Start) (G1 Humongous Allocation) 112M->114M(128M) 1.707ms
[2024-10-12T11:09:58.392+0800][info] GC(449) User=0.00s Sys=0.00s Real=0.00s
[2024-10-12T11:09:58.392+0800][info] Attempting full compaction clearing soft references
[2024-10-12T11:09:58.392+0800][info] GC(451) Concurrent Mark Cycle
[2024-10-12T11:09:58.392+0800][info] GC(450) Using 3 workers of 48 for full compaction
[2024-10-12T11:09:58.392+0800][info] GC(451) Concurrent Clear Claimed Marks
[2024-10-12T11:09:58.392+0800][info] GC(451) Concurrent Clear Claimed Marks 0.062ms
[2024-10-12T11:09:58.392+0800][info] GC(451) Concurrent Scan Root Regions
[2024-10-12T11:09:58.392+0800][info] GC(450) Pause Full (G1 Compaction Pause)
[2024-10-12T11:09:58.392+0800][info] GC(451) Concurrent Scan Root Regions 0.122ms
[2024-10-12T11:09:58.392+0800][info] GC(451) Concurrent Mark
[2024-10-12T11:09:58.392+0800][info] GC(451) Concurrent Mark From Roots
[2024-10-12T11:09:58.392+0800][info] GC(451) Using 12 workers of 12 for marking
[2024-10-12T11:09:58.392+0800][info] GC(450) Phase 1: Mark live objects
[2024-10-12T11:09:58.396+0800][info] GC(450) Phase 1: Mark live objects 3.490ms
[2024-10-12T11:09:58.396+0800][info] GC(450) Phase 2: Prepare for compaction
[2024-10-12T11:09:58.396+0800][info] GC(450) Phase 2: Prepare for compaction 0.658ms
[2024-10-12T11:09:58.396+0800][info] GC(450) Phase 3: Adjust pointers
[2024-10-12T11:09:58.398+0800][info] GC(450) Phase 3: Adjust pointers 1.709ms
[2024-10-12T11:09:58.398+0800][info] GC(450) Phase 4: Compact heap
[2024-10-12T11:09:58.416+0800][info] GC(450) Phase 4: Compact heap 17.459ms
[2024-10-12T11:09:58.417+0800][info] GC(450) Eden regions: 0->0(4)
[2024-10-12T11:09:58.417+0800][info] GC(450) Survivor regions: 0->0(1)
[2024-10-12T11:09:58.417+0800][info] GC(450) Old regions: 59->37
[2024-10-12T11:09:58.417+0800][info] GC(450) Archive regions: 2->2
[2024-10-12T11:09:58.417+0800][info] GC(450) Humongous regions: 3->3
[2024-10-12T11:09:58.417+0800][info] GC(450) Metaspace: 1675K(1856K)->1675K(1856K) NonClass: 1551K(1664K)->1551K(1664K) Class: 124K(192K)->124K(192K)
[2024-10-12T11:09:58.417+0800][info] GC(450) Pause Full (G1 Compaction Pause) 114M->71M(128M) 25.513ms
[2024-10-12T11:09:58.417+0800][info] GC(450) User=0.05s Sys=0.00s Real=0.03s
[2024-10-12T11:09:58.417+0800][info] GC(451) Concurrent Mark From Roots 25.597ms
[2024-10-12T11:09:58.417+0800][info] GC(451) Concurrent Mark Abort
[2024-10-12T11:09:58.418+0800][info] GC(451) Concurrent Mark Cycle 25.937ms
[2024-10-12T11:09:58.644+0800][info] GC(452) Pause Young (Normal) (G1 Evacuation Pause)
[2024-10-12T11:09:58.644+0800][info] GC(452) Using 3 workers of 48 for evacuation
[2024-10-12T11:09:58.646+0800][info] GC(452)   Pre Evacuate Collection Set: 0.1ms
[2024-10-12T11:09:58.646+0800][info] GC(452)   Merge Heap Roots: 0.1ms
[2024-10-12T11:09:58.646+0800][info] GC(452)   Evacuate Collection Set: 1.4ms
[2024-10-12T11:09:58.646+0800][info] GC(452)   Post Evacuate Collection Set: 0.3ms
[2024-10-12T11:09:58.646+0800][info] GC(452)   Other: 0.3ms
[2024-10-12T11:09:58.646+0800][info] GC(452) Eden regions: 4->0(2)
[2024-10-12T11:09:58.646+0800][info] GC(452) Survivor regions: 0->1(1)
[2024-10-12T11:09:58.646+0800][info] GC(452) Old regions: 37->40
[2024-10-12T11:09:58.646+0800][info] GC(452) Archive regions: 2->2
[2024-10-12T11:09:58.646+0800][info] GC(452) Humongous regions: 4->4
[2024-10-12T11:09:58.646+0800][info] GC(452) Metaspace: 1675K(1856K)->1675K(1856K) NonClass: 1551K(1664K)->1551K(1664K) Class: 124K(192K)->124K(192K)
[2024-10-12T11:09:58.646+0800][info] GC(452) Pause Young (Normal) (G1 Evacuation Pause) 80M->81M(128M) 2.247ms
[2024-10-12T11:09:58.646+0800][info] GC(452) User=0.00s Sys=0.00s Real=0.01s
[2024-10-12T11:09:58.748+0800][info] GC(453) Pause Young (Normal) (G1 Evacuation Pause)
[2024-10-12T11:09:58.748+0800][info] GC(453) Using 3 workers of 48 for evacuation
[2024-10-12T11:09:58.750+0800][info] GC(453)   Pre Evacuate Collection Set: 0.1ms
[2024-10-12T11:09:58.750+0800][info] GC(453)   Merge Heap Roots: 0.1ms
[2024-10-12T11:09:58.750+0800][info] GC(453)   Evacuate Collection Set: 1.0ms
[2024-10-12T11:09:58.750+0800][info] GC(453)   Post Evacuate Collection Set: 0.2ms
[2024-10-12T11:09:58.750+0800][info] GC(453)   Other: 0.2ms
[2024-10-12T11:09:58.750+0800][info] GC(453) Eden regions: 2->0(2)
[2024-10-12T11:09:58.750+0800][info] GC(453) Survivor regions: 1->1(1)
[2024-10-12T11:09:58.750+0800][info] GC(453) Old regions: 40->42
[2024-10-12T11:09:58.750+0800][info] GC(453) Archive regions: 2->2
[2024-10-12T11:09:58.750+0800][info] GC(453) Humongous regions: 4->4
[2024-10-12T11:09:58.750+0800][info] GC(453) Metaspace: 1675K(1856K)->1675K(1856K) NonClass: 1551K(1664K)->1551K(1664K) Class: 124K(192K)->124K(192K)
[2024-10-12T11:09:58.750+0800][info] GC(453) Pause Young (Normal) (G1 Evacuation Pause) 84M->85M(128M) 1.774ms
[2024-10-12T11:09:58.750+0800][info] GC(453) User=0.01s Sys=0.00s Real=0.00s
[2024-10-12T11:09:58.853+0800][info] GC(454) Pause Young (Normal) (G1 Evacuation Pause)
[2024-10-12T11:09:58.853+0800][info] GC(454) Using 3 workers of 48 for evacuation
[2024-10-12T11:09:58.854+0800][info] GC(454)   Pre Evacuate Collection Set: 0.1ms
[2024-10-12T11:09:58.854+0800][info] GC(454)   Merge Heap Roots: 0.1ms
[2024-10-12T11:09:58.854+0800][info] GC(454)   Evacuate Collection Set: 0.9ms
[2024-10-12T11:09:58.854+0800][info] GC(454)   Post Evacuate Collection Set: 0.2ms
[2024-10-12T11:09:58.854+0800][info] GC(454)   Other: 0.2ms
[2024-10-12T11:09:58.854+0800][info] GC(454) Eden regions: 2->0(2)
[2024-10-12T11:09:58.854+0800][info] GC(454) Survivor regions: 1->1(1)
[2024-10-12T11:09:58.854+0800][info] GC(454) Old regions: 42->44
[2024-10-12T11:09:58.854+0800][info] GC(454) Archive regions: 2->2
[2024-10-12T11:09:58.854+0800][info] GC(454) Humongous regions: 4->4
[2024-10-12T11:09:58.854+0800][info] GC(454) Metaspace: 1675K(1856K)->1675K(1856K) NonClass: 1551K(1664K)->1551K(1664K) Class: 124K(192K)->124K(192K)
[2024-10-12T11:09:58.854+0800][info] GC(454) Pause Young (Normal) (G1 Evacuation Pause) 88M->89M(128M) 1.640ms
[2024-10-12T11:09:58.854+0800][info] GC(454) User=0.00s Sys=0.00s Real=0.01s
[2024-10-12T11:09:58.956+0800][info] GC(455) Pause Young (Concurrent Start) (G1 Evacuation Pause)
[2024-10-12T11:09:58.957+0800][info] GC(455) Using 3 workers of 48 for evacuation
[2024-10-12T11:09:58.958+0800][info] GC(455)   Pre Evacuate Collection Set: 0.1ms
[2024-10-12T11:09:58.958+0800][info] GC(455)   Merge Heap Roots: 0.1ms
[2024-10-12T11:09:58.958+0800][info] GC(455)   Evacuate Collection Set: 1.0ms
[2024-10-12T11:09:58.958+0800][info] GC(455)   Post Evacuate Collection Set: 0.2ms
[2024-10-12T11:09:58.958+0800][info] GC(455)   Other: 0.4ms
[2024-10-12T11:09:58.958+0800][info] GC(455) Eden regions: 2->0(2)
[2024-10-12T11:09:58.958+0800][info] GC(455) Survivor regions: 1->1(1)
[2024-10-12T11:09:58.958+0800][info] GC(455) Old regions: 44->46
[2024-10-12T11:09:58.958+0800][info] GC(455) Archive regions: 2->2
[2024-10-12T11:09:58.958+0800][info] GC(455) Humongous regions: 4->4
[2024-10-12T11:09:58.958+0800][info] GC(455) Metaspace: 1675K(1856K)->1675K(1856K) NonClass: 1551K(1664K)->1551K(1664K) Class: 124K(192K)->124K(192K)
[2024-10-12T11:09:58.958+0800][info] GC(455) Pause Young (Concurrent Start) (G1 Evacuation Pause) 92M->92M(128M) 1.910ms
[2024-10-12T11:09:58.958+0800][info] GC(455) User=0.01s Sys=0.00s Real=0.00s
[2024-10-12T11:09:58.958+0800][info] GC(456) Concurrent Mark Cycle
[2024-10-12T11:09:58.958+0800][info] GC(456) Concurrent Clear Claimed Marks
[2024-10-12T11:09:58.959+0800][info] GC(456) Concurrent Clear Claimed Marks 0.018ms
[2024-10-12T11:09:58.959+0800][info] GC(456) Concurrent Scan Root Regions
[2024-10-12T11:09:58.959+0800][info] GC(456) Concurrent Scan Root Regions 0.100ms
[2024-10-12T11:09:58.959+0800][info] GC(456) Concurrent Mark
[2024-10-12T11:09:58.959+0800][info] GC(456) Concurrent Mark From Roots
[2024-10-12T11:09:58.959+0800][info] GC(456) Using 12 workers of 12 for marking
[2024-10-12T11:09:58.962+0800][info] GC(456) Concurrent Mark From Roots 3.824ms
[2024-10-12T11:09:58.963+0800][info] GC(456) Concurrent Preclean
[2024-10-12T11:09:58.964+0800][info] GC(456) Concurrent Preclean 1.682ms
[2024-10-12T11:09:58.964+0800][info] GC(456) Pause Remark
[2024-10-12T11:09:58.966+0800][info] GC(456) Pause Remark 93M->91M(128M) 1.643ms
[2024-10-12T11:09:58.966+0800][info] GC(456) User=0.00s Sys=0.00s Real=0.01s
[2024-10-12T11:09:58.966+0800][info] GC(456) Concurrent Mark 7.379ms
[2024-10-12T11:09:58.966+0800][info] GC(456) Concurrent Rebuild Remembered Sets
[2024-10-12T11:09:58.967+0800][info] GC(456) Concurrent Rebuild Remembered Sets 1.081ms
[2024-10-12T11:09:58.967+0800][info] GC(456) Pause Cleanup
[2024-10-12T11:09:58.967+0800][info] GC(456) Pause Cleanup 91M->91M(128M) 0.170ms
[2024-10-12T11:09:58.967+0800][info] GC(456) User=0.00s Sys=0.00s Real=0.00s
[2024-10-12T11:09:58.967+0800][info] GC(456) Concurrent Cleanup for Next Mark
[2024-10-12T11:09:58.968+0800][info] GC(456) Concurrent Cleanup for Next Mark 0.456ms
[2024-10-12T11:09:58.968+0800][info] GC(456) Concurrent Mark Cycle 9.512ms
[2024-10-12T11:09:59.112+0800][info] GC(457) Pause Young (Prepare Mixed) (G1 Evacuation Pause)
[2024-10-12T11:09:59.112+0800][info] GC(457) Using 3 workers of 48 for evacuation
[2024-10-12T11:09:59.115+0800][info] GC(457)   Pre Evacuate Collection Set: 0.1ms
[2024-10-12T11:09:59.115+0800][info] GC(457)   Merge Heap Roots: 0.1ms
[2024-10-12T11:09:59.115+0800][info] GC(457)   Evacuate Collection Set: 2.0ms
[2024-10-12T11:09:59.115+0800][info] GC(457)   Post Evacuate Collection Set: 0.2ms
[2024-10-12T11:09:59.115+0800][info] GC(457)   Other: 0.2ms
[2024-10-12T11:09:59.115+0800][info] GC(457) Eden regions: 2->0(2)
[2024-10-12T11:09:59.115+0800][info] GC(457) Survivor regions: 1->1(1)
[2024-10-12T11:09:59.115+0800][info] GC(457) Old regions: 46->48
[2024-10-12T11:09:59.115+0800][info] GC(457) Archive regions: 2->2
[2024-10-12T11:09:59.115+0800][info] GC(457) Humongous regions: 3->3
[2024-10-12T11:09:59.115+0800][info] GC(457) Metaspace: 1675K(1856K)->1675K(1856K) NonClass: 1551K(1664K)->1551K(1664K) Class: 124K(192K)->124K(192K)
[2024-10-12T11:09:59.115+0800][info] GC(457) Pause Young (Prepare Mixed) (G1 Evacuation Pause) 94M->94M(128M) 2.756ms
[2024-10-12T11:09:59.115+0800][info] GC(457) User=0.00s Sys=0.00s Real=0.01s
[2024-10-12T11:09:59.176+0800][info] GC(458) Pause Young (Mixed) (G1 Preventive Collection)
[2024-10-12T11:09:59.176+0800][info] GC(458) Using 3 workers of 48 for evacuation
[2024-10-12T11:09:59.183+0800][info] GC(458) To-space exhausted
[2024-10-12T11:09:59.183+0800][info] GC(458)   Pre Evacuate Collection Set: 0.2ms
[2024-10-12T11:09:59.183+0800][info] GC(458)   Merge Heap Roots: 0.1ms
[2024-10-12T11:09:59.183+0800][info] GC(458)   Evacuate Collection Set: 5.1ms
[2024-10-12T11:09:59.183+0800][info] GC(458)   Post Evacuate Collection Set: 1.0ms
[2024-10-12T11:09:59.183+0800][info] GC(458)   Other: 0.2ms
[2024-10-12T11:09:59.183+0800][info] GC(458) Eden regions: 1->0(2)
[2024-10-12T11:09:59.183+0800][info] GC(458) Survivor regions: 1->1(1)
[2024-10-12T11:09:59.183+0800][info] GC(458) Old regions: 48->56
[2024-10-12T11:09:59.183+0800][info] GC(458) Archive regions: 2->2
[2024-10-12T11:09:59.183+0800][info] GC(458) Humongous regions: 3->3
[2024-10-12T11:09:59.183+0800][info] GC(458) Metaspace: 1675K(1856K)->1675K(1856K) NonClass: 1551K(1664K)->1551K(1664K) Class: 124K(192K)->124K(192K)
[2024-10-12T11:09:59.183+0800][info] GC(458) Pause Young (Mixed) (G1 Preventive Collection) 96M->111M(128M) 6.775ms
[2024-10-12T11:09:59.183+0800][info] GC(458) User=0.02s Sys=0.01s Real=0.00s
[2024-10-12T11:09:59.224+0800][info] GC(459) Pause Young (Concurrent Start) (G1 Preventive Collection)
[2024-10-12T11:09:59.224+0800][info] GC(459) Using 3 workers of 48 for evacuation
[2024-10-12T11:09:59.226+0800][info] GC(459) To-space exhausted
[2024-10-12T11:09:59.226+0800][info] GC(459)   Pre Evacuate Collection Set: 0.1ms
[2024-10-12T11:09:59.226+0800][info] GC(459)   Merge Heap Roots: 0.1ms
[2024-10-12T11:09:59.226+0800][info] GC(459)   Evacuate Collection Set: 0.7ms
[2024-10-12T11:09:59.226+0800][info] GC(459)   Post Evacuate Collection Set: 0.2ms
[2024-10-12T11:09:59.226+0800][info] GC(459)   Other: 0.4ms
[2024-10-12T11:09:59.226+0800][info] GC(459) Eden regions: 1->0(2)
[2024-10-12T11:09:59.226+0800][info] GC(459) Survivor regions: 1->1(1)
[2024-10-12T11:09:59.226+0800][info] GC(459) Old regions: 56->57
[2024-10-12T11:09:59.226+0800][info] GC(459) Archive regions: 2->2
[2024-10-12T11:09:59.226+0800][info] GC(459) Humongous regions: 3->3
[2024-10-12T11:09:59.226+0800][info] GC(459) Metaspace: 1675K(1856K)->1675K(1856K) NonClass: 1551K(1664K)->1551K(1664K) Class: 124K(192K)->124K(192K)
[2024-10-12T11:09:59.226+0800][info] GC(459) Pause Young (Concurrent Start) (G1 Preventive Collection) 112M->112M(128M) 1.609ms
[2024-10-12T11:09:59.226+0800][info] GC(459) User=0.00s Sys=0.00s Real=0.01s
[2024-10-12T11:09:59.226+0800][info] GC(460) Concurrent Mark Cycle
[2024-10-12T11:09:59.226+0800][info] GC(460) Concurrent Clear Claimed Marks
[2024-10-12T11:09:59.226+0800][info] GC(460) Concurrent Clear Claimed Marks 0.019ms
[2024-10-12T11:09:59.226+0800][info] GC(460) Concurrent Scan Root Regions
[2024-10-12T11:09:59.226+0800][info] GC(460) Concurrent Scan Root Regions 0.155ms
[2024-10-12T11:09:59.226+0800][info] GC(460) Concurrent Mark
[2024-10-12T11:09:59.226+0800][info] GC(460) Concurrent Mark From Roots
[2024-10-12T11:09:59.226+0800][info] GC(460) Using 12 workers of 12 for marking
[2024-10-12T11:09:59.230+0800][info] GC(460) Concurrent Mark From Roots 4.052ms
[2024-10-12T11:09:59.230+0800][info] GC(460) Concurrent Preclean
[2024-10-12T11:09:59.232+0800][info] GC(460) Concurrent Preclean 1.756ms
[2024-10-12T11:09:59.232+0800][info] GC(460) Pause Remark
[2024-10-12T11:09:59.234+0800][info] GC(460) Pause Remark 113M->113M(128M) 1.637ms
[2024-10-12T11:09:59.234+0800][info] GC(460) User=0.01s Sys=0.00s Real=0.01s
[2024-10-12T11:09:59.234+0800][info] GC(460) Concurrent Mark 7.621ms
[2024-10-12T11:09:59.234+0800][info] GC(460) Concurrent Rebuild Remembered Sets
[2024-10-12T11:09:59.235+0800][info] GC(460) Concurrent Rebuild Remembered Sets 1.204ms
[2024-10-12T11:09:59.235+0800][info] GC(460) Pause Cleanup
[2024-10-12T11:09:59.235+0800][info] GC(460) Pause Cleanup 113M->113M(128M) 0.208ms
[2024-10-12T11:09:59.235+0800][info] GC(460) User=0.00s Sys=0.00s Real=0.00s
[2024-10-12T11:09:59.235+0800][info] GC(460) Concurrent Cleanup for Next Mark
[2024-10-12T11:09:59.236+0800][info] GC(460) Concurrent Cleanup for Next Mark 0.406ms
[2024-10-12T11:09:59.236+0800][info] GC(460) Concurrent Mark Cycle 9.900ms
[2024-10-12T11:09:59.338+0800][info] GC(461) Pause Young (Prepare Mixed) (G1 Evacuation Pause)
[2024-10-12T11:09:59.338+0800][info] GC(461) Using 3 workers of 48 for evacuation
[2024-10-12T11:09:59.339+0800][info] GC(461) To-space exhausted
[2024-10-12T11:09:59.339+0800][info] GC(461)   Pre Evacuate Collection Set: 0.1ms
[2024-10-12T11:09:59.339+0800][info] GC(461)   Merge Heap Roots: 0.1ms
[2024-10-12T11:09:59.339+0800][info] GC(461)   Evacuate Collection Set: 0.2ms
[2024-10-12T11:09:59.339+0800][info] GC(461)   Post Evacuate Collection Set: 0.3ms
[2024-10-12T11:09:59.339+0800][info] GC(461)   Other: 0.2ms
[2024-10-12T11:09:59.339+0800][info] GC(461) Eden regions: 1->0(3)
[2024-10-12T11:09:59.339+0800][info] GC(461) Survivor regions: 1->0(0)
[2024-10-12T11:09:59.339+0800][info] GC(461) Old regions: 57->59
[2024-10-12T11:09:59.339+0800][info] GC(461) Archive regions: 2->2
[2024-10-12T11:09:59.339+0800][info] GC(461) Humongous regions: 3->3
[2024-10-12T11:09:59.339+0800][info] GC(461) Metaspace: 1675K(1856K)->1675K(1856K) NonClass: 1551K(1664K)->1551K(1664K) Class: 124K(192K)->124K(192K)
[2024-10-12T11:09:59.339+0800][info] GC(461) Pause Young (Prepare Mixed) (G1 Evacuation Pause) 114M->114M(128M) 0.980ms
[2024-10-12T11:09:59.339+0800][info] GC(461) User=0.00s Sys=0.00s Real=0.00s
[2024-10-12T11:09:59.339+0800][info] Attempting full compaction
[2024-10-12T11:09:59.339+0800][info] GC(462) Using 3 workers of 48 for full compaction
[2024-10-12T11:09:59.339+0800][info] GC(462) Pause Full (G1 Compaction Pause)
[2024-10-12T11:09:59.339+0800][info] GC(462) Phase 1: Mark live objects
[2024-10-12T11:09:59.343+0800][info] GC(462) Phase 1: Mark live objects 3.657ms
[2024-10-12T11:09:59.343+0800][info] GC(462) Phase 2: Prepare for compaction
[2024-10-12T11:09:59.343+0800][info] GC(462) Phase 2: Prepare for compaction 0.490ms
[2024-10-12T11:09:59.343+0800][info] GC(462) Phase 3: Adjust pointers
[2024-10-12T11:09:59.345+0800][info] GC(462) Phase 3: Adjust pointers 1.666ms
[2024-10-12T11:09:59.345+0800][info] GC(462) Phase 4: Compact heap
[2024-10-12T11:09:59.358+0800][info] GC(462) Phase 4: Compact heap 12.658ms
[2024-10-12T11:09:59.359+0800][info] GC(462) Eden regions: 0->0(4)
[2024-10-12T11:09:59.359+0800][info] GC(462) Survivor regions: 0->0(0)
[2024-10-12T11:09:59.359+0800][info] GC(462) Old regions: 59->37
[2024-10-12T11:09:59.360+0800][info] GC(462) Archive regions: 2->2
[2024-10-12T11:09:59.360+0800][info] GC(462) Humongous regions: 3->3
[2024-10-12T11:09:59.360+0800][info] GC(462) Metaspace: 1675K(1856K)->1675K(1856K) NonClass: 1551K(1664K)->1551K(1664K) Class: 124K(192K)->124K(192K)
[2024-10-12T11:09:59.360+0800][info] GC(462) Pause Full (G1 Compaction Pause) 114M->71M(128M) 20.312ms
[2024-10-12T11:09:59.360+0800][info] GC(462) User=0.05s Sys=0.00s Real=0.02s
[2024-10-12T11:09:59.565+0800][info] GC(463) Pause Young (Normal) (G1 Evacuation Pause)
[2024-10-12T11:09:59.565+0800][info] GC(463) Using 3 workers of 48 for evacuation
[2024-10-12T11:09:59.567+0800][info] GC(463)   Pre Evacuate Collection Set: 0.1ms
[2024-10-12T11:09:59.567+0800][info] GC(463)   Merge Heap Roots: 0.1ms
[2024-10-12T11:09:59.567+0800][info] GC(463)   Evacuate Collection Set: 1.3ms
[2024-10-12T11:09:59.567+0800][info] GC(463)   Post Evacuate Collection Set: 0.2ms
[2024-10-12T11:09:59.567+0800][info] GC(463)   Other: 0.2ms
[2024-10-12T11:09:59.567+0800][info] GC(463) Eden regions: 4->0(3)
[2024-10-12T11:09:59.567+0800][info] GC(463) Survivor regions: 0->1(1)
[2024-10-12T11:09:59.567+0800][info] GC(463) Old regions: 37->40
[2024-10-12T11:09:59.567+0800][info] GC(463) Archive regions: 2->2
[2024-10-12T11:09:59.567+0800][info] GC(463) Humongous regions: 3->3
[2024-10-12T11:09:59.567+0800][info] GC(463) Metaspace: 1675K(1856K)->1675K(1856K) NonClass: 1551K(1664K)->1551K(1664K) Class: 124K(192K)->124K(192K)
[2024-10-12T11:09:59.567+0800][info] GC(463) Pause Young (Normal) (G1 Evacuation Pause) 79M->79M(128M) 2.071ms
[2024-10-12T11:09:59.567+0800][info] GC(463) User=0.00s Sys=0.01s Real=0.01s
[2024-10-12T11:09:59.731+0800][info] GC(464) Pause Young (Normal) (G1 Evacuation Pause)
[2024-10-12T11:09:59.731+0800][info] GC(464) Using 3 workers of 48 for evacuation
[2024-10-12T11:09:59.732+0800][info] GC(464)   Pre Evacuate Collection Set: 0.1ms
[2024-10-12T11:09:59.732+0800][info] GC(464)   Merge Heap Roots: 0.1ms
[2024-10-12T11:09:59.732+0800][info] GC(464)   Evacuate Collection Set: 1.2ms
[2024-10-12T11:09:59.732+0800][info] GC(464)   Post Evacuate Collection Set: 0.2ms
[2024-10-12T11:09:59.732+0800][info] GC(464)   Other: 0.2ms
[2024-10-12T11:09:59.732+0800][info] GC(464) Eden regions: 3->0(2)
[2024-10-12T11:09:59.732+0800][info] GC(464) Survivor regions: 1->1(1)
[2024-10-12T11:09:59.732+0800][info] GC(464) Old regions: 40->43
[2024-10-12T11:09:59.732+0800][info] GC(464) Archive regions: 2->2
[2024-10-12T11:09:59.732+0800][info] GC(464) Humongous regions: 3->3
[2024-10-12T11:09:59.732+0800][info] GC(464) Metaspace: 1675K(1856K)->1675K(1856K) NonClass: 1551K(1664K)->1551K(1664K) Class: 124K(192K)->124K(192K)
[2024-10-12T11:09:59.732+0800][info] GC(464) Pause Young (Normal) (G1 Evacuation Pause) 85M->85M(128M) 1.893ms
[2024-10-12T11:09:59.733+0800][info] GC(464) User=0.01s Sys=0.00s Real=0.00s
[2024-10-12T11:09:59.835+0800][info] GC(465) Pause Young (Normal) (G1 Evacuation Pause)
[2024-10-12T11:09:59.835+0800][info] GC(465) Using 3 workers of 48 for evacuation
[2024-10-12T11:09:59.837+0800][info] GC(465)   Pre Evacuate Collection Set: 0.1ms
[2024-10-12T11:09:59.837+0800][info] GC(465)   Merge Heap Roots: 0.1ms
[2024-10-12T11:09:59.837+0800][info] GC(465)   Evacuate Collection Set: 0.9ms
[2024-10-12T11:09:59.837+0800][info] GC(465)   Post Evacuate Collection Set: 0.2ms
[2024-10-12T11:09:59.837+0800][info] GC(465)   Other: 0.2ms
[2024-10-12T11:09:59.837+0800][info] GC(465) Eden regions: 2->0(2)
[2024-10-12T11:09:59.837+0800][info] GC(465) Survivor regions: 1->1(1)
[2024-10-12T11:09:59.837+0800][info] GC(465) Old regions: 43->45
[2024-10-12T11:09:59.837+0800][info] GC(465) Archive regions: 2->2
[2024-10-12T11:09:59.837+0800][info] GC(465) Humongous regions: 3->3
[2024-10-12T11:09:59.837+0800][info] GC(465) Metaspace: 1675K(1856K)->1675K(1856K) NonClass: 1551K(1664K)->1551K(1664K) Class: 124K(192K)->124K(192K)
[2024-10-12T11:09:59.837+0800][info] GC(465) Pause Young (Normal) (G1 Evacuation Pause) 89M->89M(128M) 1.616ms
[2024-10-12T11:09:59.837+0800][info] GC(465) User=0.00s Sys=0.00s Real=0.00s
[2024-10-12T11:09:59.939+0800][info] GC(466) Pause Young (Concurrent Start) (G1 Evacuation Pause)
[2024-10-12T11:09:59.939+0800][info] GC(466) Using 3 workers of 48 for evacuation
[2024-10-12T11:09:59.941+0800][info] GC(466)   Pre Evacuate Collection Set: 0.1ms
[2024-10-12T11:09:59.941+0800][info] GC(466)   Merge Heap Roots: 0.1ms
[2024-10-12T11:09:59.941+0800][info] GC(466)   Evacuate Collection Set: 1.2ms
[2024-10-12T11:09:59.941+0800][info] GC(466)   Post Evacuate Collection Set: 0.2ms
[2024-10-12T11:09:59.941+0800][info] GC(466)   Other: 0.4ms
[2024-10-12T11:09:59.941+0800][info] GC(466) Eden regions: 2->0(2)
[2024-10-12T11:09:59.941+0800][info] GC(466) Survivor regions: 1->1(1)
[2024-10-12T11:09:59.941+0800][info] GC(466) Old regions: 45->47
[2024-10-12T11:09:59.941+0800][info] GC(466) Archive regions: 2->2
[2024-10-12T11:09:59.941+0800][info] GC(466) Humongous regions: 3->3
[2024-10-12T11:09:59.941+0800][info] GC(466) Metaspace: 1675K(1856K)->1675K(1856K) NonClass: 1551K(1664K)->1551K(1664K) Class: 124K(192K)->124K(192K)
[2024-10-12T11:09:59.941+0800][info] GC(466) Pause Young (Concurrent Start) (G1 Evacuation Pause) 92M->93M(128M) 2.031ms
[2024-10-12T11:09:59.941+0800][info] GC(466) User=0.01s Sys=0.00s Real=0.00s
[2024-10-12T11:09:59.941+0800][info] GC(467) Concurrent Mark Cycle
[2024-10-12T11:09:59.941+0800][info] GC(467) Concurrent Clear Claimed Marks
[2024-10-12T11:09:59.941+0800][info] GC(467) Concurrent Clear Claimed Marks 0.021ms
[2024-10-12T11:09:59.941+0800][info] GC(467) Concurrent Scan Root Regions
[2024-10-12T11:09:59.941+0800][info] GC(467) Concurrent Scan Root Regions 0.104ms
[2024-10-12T11:09:59.941+0800][info] GC(467) Concurrent Mark
[2024-10-12T11:09:59.941+0800][info] GC(467) Concurrent Mark From Roots
[2024-10-12T11:09:59.941+0800][info] GC(467) Using 12 workers of 12 for marking
[2024-10-12T11:09:59.945+0800][info] GC(467) Concurrent Mark From Roots 3.518ms
[2024-10-12T11:09:59.945+0800][info] GC(467) Concurrent Preclean
[2024-10-12T11:09:59.947+0800][info] GC(467) Concurrent Preclean 1.702ms
[2024-10-12T11:09:59.947+0800][info] GC(467) Pause Remark
[2024-10-12T11:09:59.949+0800][info] GC(467) Pause Remark 93M->91M(128M) 1.883ms
[2024-10-12T11:09:59.949+0800][info] GC(467) User=0.01s Sys=0.00s Real=0.00s
[2024-10-12T11:09:59.949+0800][info] GC(467) Concurrent Mark 7.314ms
[2024-10-12T11:09:59.949+0800][info] GC(467) Concurrent Rebuild Remembered Sets
[2024-10-12T11:09:59.950+0800][info] GC(467) Concurrent Rebuild Remembered Sets 1.228ms
[2024-10-12T11:09:59.950+0800][info] GC(467) Pause Cleanup
[2024-10-12T11:09:59.950+0800][info] GC(467) Pause Cleanup 91M->91M(128M) 0.135ms
[2024-10-12T11:09:59.950+0800][info] GC(467) User=0.00s Sys=0.00s Real=0.00s
[2024-10-12T11:09:59.950+0800][info] GC(467) Concurrent Cleanup for Next Mark
[2024-10-12T11:09:59.951+0800][info] GC(467) Concurrent Cleanup for Next Mark 0.430ms
[2024-10-12T11:09:59.951+0800][info] GC(467) Concurrent Mark Cycle 9.465ms
[2024-10-12T11:10:00.095+0800][info] GC(468) Pause Young (Prepare Mixed) (G1 Evacuation Pause)
[2024-10-12T11:10:00.095+0800][info] GC(468) Using 3 workers of 48 for evacuation
[2024-10-12T11:10:00.096+0800][info] GC(468)   Pre Evacuate Collection Set: 0.1ms
[2024-10-12T11:10:00.096+0800][info] GC(468)   Merge Heap Roots: 0.1ms
[2024-10-12T11:10:00.096+0800][info] GC(468)   Evacuate Collection Set: 1.0ms
[2024-10-12T11:10:00.096+0800][info] GC(468)   Post Evacuate Collection Set: 0.2ms
[2024-10-12T11:10:00.096+0800][info] GC(468)   Other: 0.2ms
[2024-10-12T11:10:00.096+0800][info] GC(468) Eden regions: 2->0(2)
[2024-10-12T11:10:00.096+0800][info] GC(468) Survivor regions: 1->1(1)
[2024-10-12T11:10:00.096+0800][info] GC(468) Old regions: 46->48
[2024-10-12T11:10:00.096+0800][info] GC(468) Archive regions: 2->2
[2024-10-12T11:10:00.096+0800][info] GC(468) Humongous regions: 3->3
[2024-10-12T11:10:00.096+0800][info] GC(468) Metaspace: 1675K(1856K)->1675K(1856K) NonClass: 1551K(1664K)->1551K(1664K) Class: 124K(192K)->124K(192K)
[2024-10-12T11:10:00.096+0800][info] GC(468) Pause Young (Prepare Mixed) (G1 Evacuation Pause) 94M->94M(128M) 1.775ms
[2024-10-12T11:10:00.097+0800][info] GC(468) User=0.00s Sys=0.00s Real=0.00s
[2024-10-12T11:10:00.158+0800][info] GC(469) Pause Young (Mixed) (G1 Preventive Collection)
[2024-10-12T11:10:00.158+0800][info] GC(469) Using 3 workers of 48 for evacuation
[2024-10-12T11:10:00.164+0800][info] GC(469) To-space exhausted
[2024-10-12T11:10:00.164+0800][info] GC(469)   Pre Evacuate Collection Set: 0.2ms
[2024-10-12T11:10:00.164+0800][info] GC(469)   Merge Heap Roots: 0.1ms
[2024-10-12T11:10:00.164+0800][info] GC(469)   Evacuate Collection Set: 4.9ms
[2024-10-12T11:10:00.164+0800][info] GC(469)   Post Evacuate Collection Set: 0.9ms
[2024-10-12T11:10:00.164+0800][info] GC(469)   Other: 0.3ms
[2024-10-12T11:10:00.164+0800][info] GC(469) Eden regions: 1->0(2)
[2024-10-12T11:10:00.164+0800][info] GC(469) Survivor regions: 1->1(1)
[2024-10-12T11:10:00.164+0800][info] GC(469) Old regions: 48->53
[2024-10-12T11:10:00.164+0800][info] GC(469) Archive regions: 2->2
[2024-10-12T11:10:00.164+0800][info] GC(469) Humongous regions: 3->3
[2024-10-12T11:10:00.164+0800][info] GC(469) Metaspace: 1675K(1856K)->1675K(1856K) NonClass: 1551K(1664K)->1551K(1664K) Class: 124K(192K)->124K(192K)
[2024-10-12T11:10:00.164+0800][info] GC(469) Pause Young (Mixed) (G1 Preventive Collection) 96M->107M(128M) 6.399ms
[2024-10-12T11:10:00.164+0800][info] GC(469) User=0.02s Sys=0.00s Real=0.00s
[2024-10-12T11:10:00.267+0800][info] GC(470) Pause Young (Concurrent Start) (G1 Preventive Collection)
[2024-10-12T11:10:00.267+0800][info] GC(470) Using 3 workers of 48 for evacuation
[2024-10-12T11:10:00.269+0800][info] GC(470) To-space exhausted
[2024-10-12T11:10:00.269+0800][info] GC(470)   Pre Evacuate Collection Set: 0.1ms
[2024-10-12T11:10:00.269+0800][info] GC(470)   Merge Heap Roots: 0.1ms
[2024-10-12T11:10:00.269+0800][info] GC(470)   Evacuate Collection Set: 1.2ms
[2024-10-12T11:10:00.269+0800][info] GC(470)   Post Evacuate Collection Set: 0.3ms
[2024-10-12T11:10:00.269+0800][info] GC(470)   Other: 0.4ms
[2024-10-12T11:10:00.269+0800][info] GC(470) Eden regions: 2->0(2)
[2024-10-12T11:10:00.269+0800][info] GC(470) Survivor regions: 1->1(1)
[2024-10-12T11:10:00.269+0800][info] GC(470) Old regions: 53->56
[2024-10-12T11:10:00.269+0800][info] GC(470) Archive regions: 2->2
[2024-10-12T11:10:00.269+0800][info] GC(470) Humongous regions: 3->3
[2024-10-12T11:10:00.269+0800][info] GC(470) Metaspace: 1675K(1856K)->1675K(1856K) NonClass: 1551K(1664K)->1551K(1664K) Class: 124K(192K)->124K(192K)
[2024-10-12T11:10:00.269+0800][info] GC(470) Pause Young (Concurrent Start) (G1 Preventive Collection) 111M->113M(128M) 2.228ms
[2024-10-12T11:10:00.269+0800][info] GC(470) User=0.00s Sys=0.00s Real=0.00s
[2024-10-12T11:10:00.269+0800][info] GC(471) Concurrent Mark Cycle
[2024-10-12T11:10:00.269+0800][info] GC(471) Concurrent Clear Claimed Marks
[2024-10-12T11:10:00.269+0800][info] GC(471) Concurrent Clear Claimed Marks 0.020ms
[2024-10-12T11:10:00.269+0800][info] GC(471) Concurrent Scan Root Regions
[2024-10-12T11:10:00.270+0800][info] GC(471) Concurrent Scan Root Regions 0.158ms
[2024-10-12T11:10:00.270+0800][info] GC(471) Concurrent Mark
[2024-10-12T11:10:00.270+0800][info] GC(471) Concurrent Mark From Roots
[2024-10-12T11:10:00.270+0800][info] GC(471) Using 12 workers of 12 for marking
[2024-10-12T11:10:00.273+0800][info] GC(471) Concurrent Mark From Roots 3.823ms
[2024-10-12T11:10:00.273+0800][info] GC(471) Concurrent Preclean
[2024-10-12T11:10:00.275+0800][info] GC(471) Concurrent Preclean 1.788ms
[2024-10-12T11:10:00.275+0800][info] GC(471) Pause Remark
[2024-10-12T11:10:00.277+0800][info] GC(471) Pause Remark 113M->113M(128M) 1.526ms
[2024-10-12T11:10:00.277+0800][info] GC(471) User=0.01s Sys=0.01s Real=0.00s
[2024-10-12T11:10:00.277+0800][info] GC(471) Concurrent Mark 7.307ms
[2024-10-12T11:10:00.277+0800][info] GC(471) Concurrent Rebuild Remembered Sets
[2024-10-12T11:10:00.278+0800][info] GC(471) Concurrent Rebuild Remembered Sets 1.091ms
[2024-10-12T11:10:00.278+0800][info] GC(471) Pause Cleanup
[2024-10-12T11:10:00.278+0800][info] GC(471) Pause Cleanup 113M->113M(128M) 0.193ms
[2024-10-12T11:10:00.278+0800][info] GC(471) User=0.00s Sys=0.00s Real=0.00s
[2024-10-12T11:10:00.278+0800][info] GC(471) Concurrent Cleanup for Next Mark
[2024-10-12T11:10:00.279+0800][info] GC(471) Concurrent Cleanup for Next Mark 0.507ms
[2024-10-12T11:10:00.279+0800][info] GC(471) Concurrent Mark Cycle 9.584ms
[2024-10-12T11:10:00.382+0800][info] GC(472) Pause Young (Prepare Mixed) (G1 Preventive Collection)
[2024-10-12T11:10:00.382+0800][info] GC(472) Using 3 workers of 48 for evacuation
[2024-10-12T11:10:00.384+0800][info] GC(472) To-space exhausted
[2024-10-12T11:10:00.384+0800][info] GC(472)   Pre Evacuate Collection Set: 0.1ms
[2024-10-12T11:10:00.384+0800][info] GC(472)   Merge Heap Roots: 0.1ms
[2024-10-12T11:10:00.384+0800][info] GC(472)   Evacuate Collection Set: 0.7ms
[2024-10-12T11:10:00.384+0800][info] GC(472)   Post Evacuate Collection Set: 0.3ms
[2024-10-12T11:10:00.384+0800][info] GC(472)   Other: 0.2ms
[2024-10-12T11:10:00.384+0800][info] GC(472) Eden regions: 1->0(2)
[2024-10-12T11:10:00.384+0800][info] GC(472) Survivor regions: 1->1(1)
[2024-10-12T11:10:00.384+0800][info] GC(472) Old regions: 56->57
[2024-10-12T11:10:00.384+0800][info] GC(472) Archive regions: 2->2
[2024-10-12T11:10:00.384+0800][info] GC(472) Humongous regions: 3->3
[2024-10-12T11:10:00.384+0800][info] GC(472) Metaspace: 1675K(1856K)->1675K(1856K) NonClass: 1551K(1664K)->1551K(1664K) Class: 124K(192K)->124K(192K)
[2024-10-12T11:10:00.384+0800][info] GC(472) Pause Young (Prepare Mixed) (G1 Preventive Collection) 115M->115M(128M) 1.445ms
[2024-10-12T11:10:00.384+0800][info] GC(472) User=0.01s Sys=0.00s Real=0.00s
[2024-10-12T11:10:00.425+0800][info] GC(473) Pause Young (Mixed) (G1 Evacuation Pause)
[2024-10-12T11:10:00.425+0800][info] GC(473) Using 3 workers of 48 for evacuation
[2024-10-12T11:10:00.430+0800][info] GC(473) To-space exhausted
[2024-10-12T11:10:00.430+0800][info] GC(473)   Pre Evacuate Collection Set: 0.2ms
[2024-10-12T11:10:00.430+0800][info] GC(473)   Merge Heap Roots: 0.1ms
[2024-10-12T11:10:00.430+0800][info] GC(473)   Evacuate Collection Set: 2.7ms
[2024-10-12T11:10:00.430+0800][info] GC(473)   Post Evacuate Collection Set: 1.8ms
[2024-10-12T11:10:00.430+0800][info] GC(473)   Other: 0.3ms
[2024-10-12T11:10:00.430+0800][info] GC(473) Eden regions: 1->0(3)
[2024-10-12T11:10:00.430+0800][info] GC(473) Survivor regions: 1->0(0)
[2024-10-12T11:10:00.430+0800][info] GC(473) Old regions: 57->59
[2024-10-12T11:10:00.430+0800][info] GC(473) Archive regions: 2->2
[2024-10-12T11:10:00.430+0800][info] GC(473) Humongous regions: 3->3
[2024-10-12T11:10:00.430+0800][info] GC(473) Metaspace: 1675K(1856K)->1675K(1856K) NonClass: 1551K(1664K)->1551K(1664K) Class: 124K(192K)->124K(192K)
[2024-10-12T11:10:00.430+0800][info] GC(473) Pause Young (Mixed) (G1 Evacuation Pause) 116M->116M(128M) 5.169ms
[2024-10-12T11:10:00.430+0800][info] GC(473) User=0.01s Sys=0.00s Real=0.01s
[2024-10-12T11:10:00.430+0800][info] Attempting full compaction
[2024-10-12T11:10:00.430+0800][info] GC(474) Using 3 workers of 48 for full compaction
[2024-10-12T11:10:00.430+0800][info] GC(474) Pause Full (G1 Compaction Pause)
[2024-10-12T11:10:00.430+0800][info] GC(474) Phase 1: Mark live objects
[2024-10-12T11:10:00.434+0800][info] GC(474) Phase 1: Mark live objects 3.602ms
[2024-10-12T11:10:00.434+0800][info] GC(474) Phase 2: Prepare for compaction
[2024-10-12T11:10:00.435+0800][info] GC(474) Phase 2: Prepare for compaction 0.765ms
[2024-10-12T11:10:00.435+0800][info] GC(474) Phase 3: Adjust pointers
[2024-10-12T11:10:00.436+0800][info] GC(474) Phase 3: Adjust pointers 1.695ms
[2024-10-12T11:10:00.437+0800][info] GC(474) Phase 4: Compact heap
[2024-10-12T11:10:00.447+0800][info] GC(474) Phase 4: Compact heap 10.044ms
[2024-10-12T11:10:00.448+0800][info] GC(474) Eden regions: 0->0(4)
[2024-10-12T11:10:00.448+0800][info] GC(474) Survivor regions: 0->0(0)
[2024-10-12T11:10:00.448+0800][info] GC(474) Old regions: 59->38
[2024-10-12T11:10:00.448+0800][info] GC(474) Archive regions: 2->2
[2024-10-12T11:10:00.448+0800][info] GC(474) Humongous regions: 3->3
[2024-10-12T11:10:00.448+0800][info] GC(474) Metaspace: 1675K(1856K)->1675K(1856K) NonClass: 1551K(1664K)->1551K(1664K) Class: 124K(192K)->124K(192K)
[2024-10-12T11:10:00.448+0800][info] GC(474) Pause Full (G1 Compaction Pause) 116M->71M(128M) 17.902ms
[2024-10-12T11:10:00.448+0800][info] GC(474) User=0.05s Sys=0.00s Real=0.02s
[2024-10-12T11:10:00.674+0800][info] GC(475) Pause Young (Normal) (G1 Evacuation Pause)
[2024-10-12T11:10:00.674+0800][info] GC(475) Using 3 workers of 48 for evacuation
[2024-10-12T11:10:00.676+0800][info] GC(475)   Pre Evacuate Collection Set: 0.1ms
[2024-10-12T11:10:00.676+0800][info] GC(475)   Merge Heap Roots: 0.1ms
[2024-10-12T11:10:00.676+0800][info] GC(475)   Evacuate Collection Set: 1.2ms
[2024-10-12T11:10:00.676+0800][info] GC(475)   Post Evacuate Collection Set: 0.2ms
[2024-10-12T11:10:00.676+0800][info] GC(475)   Other: 0.2ms
[2024-10-12T11:10:00.676+0800][info] GC(475) Eden regions: 4->0(2)
[2024-10-12T11:10:00.676+0800][info] GC(475) Survivor regions: 0->1(1)
[2024-10-12T11:10:00.676+0800][info] GC(475) Old regions: 38->41
[2024-10-12T11:10:00.676+0800][info] GC(475) Archive regions: 2->2
[2024-10-12T11:10:00.676+0800][info] GC(475) Humongous regions: 3->3
[2024-10-12T11:10:00.676+0800][info] GC(475) Metaspace: 1675K(1856K)->1675K(1856K) NonClass: 1551K(1664K)->1551K(1664K) Class: 124K(192K)->124K(192K)
[2024-10-12T11:10:00.676+0800][info] GC(475) Pause Young (Normal) (G1 Evacuation Pause) 79M->78M(128M) 1.979ms
[2024-10-12T11:10:00.676+0800][info] GC(475) User=0.00s Sys=0.00s Real=0.00s
[2024-10-12T11:10:00.779+0800][info] GC(476) Pause Young (Normal) (G1 Evacuation Pause)
[2024-10-12T11:10:00.779+0800][info] GC(476) Using 3 workers of 48 for evacuation
[2024-10-12T11:10:00.780+0800][info] GC(476)   Pre Evacuate Collection Set: 0.1ms
[2024-10-12T11:10:00.780+0800][info] GC(476)   Merge Heap Roots: 0.1ms
[2024-10-12T11:10:00.780+0800][info] GC(476)   Evacuate Collection Set: 1.0ms
[2024-10-12T11:10:00.780+0800][info] GC(476)   Post Evacuate Collection Set: 0.2ms
[2024-10-12T11:10:00.780+0800][info] GC(476)   Other: 0.2ms
[2024-10-12T11:10:00.780+0800][info] GC(476) Eden regions: 2->0(2)
[2024-10-12T11:10:00.780+0800][info] GC(476) Survivor regions: 1->1(1)
[2024-10-12T11:10:00.780+0800][info] GC(476) Old regions: 41->43
[2024-10-12T11:10:00.780+0800][info] GC(476) Archive regions: 2->2
[2024-10-12T11:10:00.780+0800][info] GC(476) Humongous regions: 4->4
[2024-10-12T11:10:00.780+0800][info] GC(476) Metaspace: 1675K(1856K)->1675K(1856K) NonClass: 1551K(1664K)->1551K(1664K) Class: 124K(192K)->124K(192K)
[2024-10-12T11:10:00.780+0800][info] GC(476) Pause Young (Normal) (G1 Evacuation Pause) 84M->84M(128M) 1.632ms
[2024-10-12T11:10:00.780+0800][info] GC(476) User=0.00s Sys=0.00s Real=0.00s
[2024-10-12T11:10:00.882+0800][info] GC(477) Pause Young (Normal) (G1 Evacuation Pause)
[2024-10-12T11:10:00.882+0800][info] GC(477) Using 3 workers of 48 for evacuation
[2024-10-12T11:10:00.884+0800][info] GC(477)   Pre Evacuate Collection Set: 0.1ms
[2024-10-12T11:10:00.884+0800][info] GC(477)   Merge Heap Roots: 0.1ms
[2024-10-12T11:10:00.884+0800][info] GC(477)   Evacuate Collection Set: 0.7ms
[2024-10-12T11:10:00.884+0800][info] GC(477)   Post Evacuate Collection Set: 0.2ms
[2024-10-12T11:10:00.884+0800][info] GC(477)   Other: 0.2ms
[2024-10-12T11:10:00.884+0800][info] GC(477) Eden regions: 2->0(2)
[2024-10-12T11:10:00.884+0800][info] GC(477) Survivor regions: 1->1(1)
[2024-10-12T11:10:00.884+0800][info] GC(477) Old regions: 43->45
[2024-10-12T11:10:00.884+0800][info] GC(477) Archive regions: 2->2
[2024-10-12T11:10:00.884+0800][info] GC(477) Humongous regions: 4->4
[2024-10-12T11:10:00.884+0800][info] GC(477) Metaspace: 1675K(1856K)->1675K(1856K) NonClass: 1551K(1664K)->1551K(1664K) Class: 124K(192K)->124K(192K)
[2024-10-12T11:10:00.884+0800][info] GC(477) Pause Young (Normal) (G1 Evacuation Pause) 88M->87M(128M) 1.431ms
[2024-10-12T11:10:00.884+0800][info] GC(477) User=0.00s Sys=0.00s Real=0.00s
[2024-10-12T11:10:00.986+0800][info] GC(478) Pause Young (Concurrent Start) (G1 Evacuation Pause)
[2024-10-12T11:10:00.986+0800][info] GC(478) Using 3 workers of 48 for evacuation
[2024-10-12T11:10:00.988+0800][info] GC(478)   Pre Evacuate Collection Set: 0.1ms
[2024-10-12T11:10:00.988+0800][info] GC(478)   Merge Heap Roots: 0.1ms
[2024-10-12T11:10:00.988+0800][info] GC(478)   Evacuate Collection Set: 0.9ms
[2024-10-12T11:10:00.988+0800][info] GC(478)   Post Evacuate Collection Set: 0.2ms
[2024-10-12T11:10:00.988+0800][info] GC(478)   Other: 0.4ms
[2024-10-12T11:10:00.988+0800][info] GC(478) Eden regions: 2->0(2)
[2024-10-12T11:10:00.988+0800][info] GC(478) Survivor regions: 1->1(1)
[2024-10-12T11:10:00.988+0800][info] GC(478) Old regions: 45->46
[2024-10-12T11:10:00.988+0800][info] GC(478) Archive regions: 2->2
[2024-10-12T11:10:00.988+0800][info] GC(478) Humongous regions: 4->4
[2024-10-12T11:10:00.988+0800][info] GC(478) Metaspace: 1675K(1856K)->1675K(1856K) NonClass: 1551K(1664K)->1551K(1664K) Class: 124K(192K)->124K(192K)
[2024-10-12T11:10:00.988+0800][info] GC(478) Pause Young (Concurrent Start) (G1 Evacuation Pause) 91M->91M(128M) 1.725ms
[2024-10-12T11:10:00.988+0800][info] GC(478) User=0.01s Sys=0.00s Real=0.00s
[2024-10-12T11:10:00.988+0800][info] GC(479) Concurrent Mark Cycle
[2024-10-12T11:10:00.988+0800][info] GC(479) Concurrent Clear Claimed Marks
[2024-10-12T11:10:00.988+0800][info] GC(479) Concurrent Clear Claimed Marks 0.018ms
[2024-10-12T11:10:00.988+0800][info] GC(479) Concurrent Scan Root Regions
[2024-10-12T11:10:00.988+0800][info] GC(479) Concurrent Scan Root Regions 0.163ms
[2024-10-12T11:10:00.988+0800][info] GC(479) Concurrent Mark
[2024-10-12T11:10:00.988+0800][info] GC(479) Concurrent Mark From Roots
[2024-10-12T11:10:00.988+0800][info] GC(479) Using 12 workers of 12 for marking
[2024-10-12T11:10:00.992+0800][info] GC(479) Concurrent Mark From Roots 4.093ms
[2024-10-12T11:10:00.992+0800][info] GC(479) Concurrent Preclean
[2024-10-12T11:10:00.994+0800][info] GC(479) Concurrent Preclean 1.753ms
[2024-10-12T11:10:00.994+0800][info] GC(479) Pause Remark
[2024-10-12T11:10:00.996+0800][info] GC(479) Pause Remark 91M->89M(128M) 1.939ms
[2024-10-12T11:10:00.996+0800][info] GC(479) User=0.01s Sys=0.00s Real=0.00s
[2024-10-12T11:10:00.996+0800][info] GC(479) Concurrent Mark 7.992ms
[2024-10-12T11:10:00.996+0800][info] GC(479) Concurrent Rebuild Remembered Sets
[2024-10-12T11:10:00.998+0800][info] GC(479) Concurrent Rebuild Remembered Sets 1.231ms
[2024-10-12T11:10:00.998+0800][info] GC(479) Pause Cleanup
[2024-10-12T11:10:00.998+0800][info] GC(479) Pause Cleanup 89M->89M(128M) 0.163ms
[2024-10-12T11:10:00.998+0800][info] GC(479) User=0.00s Sys=0.00s Real=0.00s
[2024-10-12T11:10:00.998+0800][info] GC(479) Concurrent Cleanup for Next Mark
[2024-10-12T11:10:00.998+0800][info] GC(479) Concurrent Cleanup for Next Mark 0.545ms
[2024-10-12T11:10:00.999+0800][info] GC(479) Concurrent Mark Cycle 10.405ms
[2024-10-12T11:10:01.141+0800][info] GC(480) Pause Young (Prepare Mixed) (G1 Evacuation Pause)
[2024-10-12T11:10:01.141+0800][info] GC(480) Using 3 workers of 48 for evacuation
[2024-10-12T11:10:01.143+0800][info] GC(480)   Pre Evacuate Collection Set: 0.1ms
[2024-10-12T11:10:01.143+0800][info] GC(480)   Merge Heap Roots: 0.1ms
[2024-10-12T11:10:01.143+0800][info] GC(480)   Evacuate Collection Set: 1.2ms
[2024-10-12T11:10:01.143+0800][info] GC(480)   Post Evacuate Collection Set: 0.2ms
[2024-10-12T11:10:01.143+0800][info] GC(480)   Other: 0.2ms
[2024-10-12T11:10:01.143+0800][info] GC(480) Eden regions: 2->0(2)
[2024-10-12T11:10:01.143+0800][info] GC(480) Survivor regions: 1->1(1)
[2024-10-12T11:10:01.143+0800][info] GC(480) Old regions: 46->48
[2024-10-12T11:10:01.143+0800][info] GC(480) Archive regions: 2->2
[2024-10-12T11:10:01.143+0800][info] GC(480) Humongous regions: 3->3
[2024-10-12T11:10:01.143+0800][info] GC(480) Metaspace: 1675K(1856K)->1675K(1856K) NonClass: 1551K(1664K)->1551K(1664K) Class: 124K(192K)->124K(192K)
[2024-10-12T11:10:01.143+0800][info] GC(480) Pause Young (Prepare Mixed) (G1 Evacuation Pause) 92M->92M(128M) 1.896ms
[2024-10-12T11:10:01.143+0800][info] GC(480) User=0.01s Sys=0.00s Real=0.00s
[2024-10-12T11:10:01.205+0800][info] GC(481) Pause Young (Mixed) (G1 Preventive Collection)
[2024-10-12T11:10:01.205+0800][info] GC(481) Using 3 workers of 48 for evacuation
[2024-10-12T11:10:01.211+0800][info] GC(481) To-space exhausted
[2024-10-12T11:10:01.211+0800][info] GC(481)   Pre Evacuate Collection Set: 0.2ms
[2024-10-12T11:10:01.211+0800][info] GC(481)   Merge Heap Roots: 0.1ms
[2024-10-12T11:10:01.211+0800][info] GC(481)   Evacuate Collection Set: 4.7ms
[2024-10-12T11:10:01.211+0800][info] GC(481)   Post Evacuate Collection Set: 1.0ms
[2024-10-12T11:10:01.211+0800][info] GC(481)   Other: 0.2ms
[2024-10-12T11:10:01.211+0800][info] GC(481) Eden regions: 1->0(2)
[2024-10-12T11:10:01.211+0800][info] GC(481) Survivor regions: 1->1(1)
[2024-10-12T11:10:01.211+0800][info] GC(481) Old regions: 48->53
[2024-10-12T11:10:01.211+0800][info] GC(481) Archive regions: 2->2
[2024-10-12T11:10:01.211+0800][info] GC(481) Humongous regions: 3->3
[2024-10-12T11:10:01.211+0800][info] GC(481) Metaspace: 1675K(1856K)->1675K(1856K) NonClass: 1551K(1664K)->1551K(1664K) Class: 124K(192K)->124K(192K)
[2024-10-12T11:10:01.211+0800][info] GC(481) Pause Young (Mixed) (G1 Preventive Collection) 94M->106M(128M) 6.260ms
[2024-10-12T11:10:01.211+0800][info] GC(481) User=0.01s Sys=0.00s Real=0.01s
[2024-10-12T11:10:01.314+0800][info] GC(482) Pause Young (Concurrent Start) (G1 Preventive Collection)
[2024-10-12T11:10:01.314+0800][info] GC(482) Using 3 workers of 48 for evacuation
[2024-10-12T11:10:01.316+0800][info] GC(482)   Pre Evacuate Collection Set: 0.1ms
[2024-10-12T11:10:01.316+0800][info] GC(482)   Merge Heap Roots: 0.1ms
[2024-10-12T11:10:01.316+0800][info] GC(482)   Evacuate Collection Set: 1.4ms
[2024-10-12T11:10:01.316+0800][info] GC(482)   Post Evacuate Collection Set: 0.2ms
[2024-10-12T11:10:01.316+0800][info] GC(482)   Other: 0.4ms
[2024-10-12T11:10:01.316+0800][info] GC(482) Eden regions: 2->0(2)
[2024-10-12T11:10:01.316+0800][info] GC(482) Survivor regions: 1->1(1)
[2024-10-12T11:10:01.316+0800][info] GC(482) Old regions: 53->55
[2024-10-12T11:10:01.316+0800][info] GC(482) Archive regions: 2->2
[2024-10-12T11:10:01.316+0800][info] GC(482) Humongous regions: 3->3
[2024-10-12T11:10:01.316+0800][info] GC(482) Metaspace: 1675K(1856K)->1675K(1856K) NonClass: 1551K(1664K)->1551K(1664K) Class: 124K(192K)->124K(192K)
[2024-10-12T11:10:01.316+0800][info] GC(482) Pause Young (Concurrent Start) (G1 Preventive Collection) 110M->110M(128M) 2.325ms
[2024-10-12T11:10:01.316+0800][info] GC(482) User=0.01s Sys=0.01s Real=0.00s
[2024-10-12T11:10:01.316+0800][info] GC(483) Concurrent Mark Cycle
[2024-10-12T11:10:01.316+0800][info] GC(483) Concurrent Clear Claimed Marks
[2024-10-12T11:10:01.316+0800][info] GC(483) Concurrent Clear Claimed Marks 0.020ms
[2024-10-12T11:10:01.316+0800][info] GC(483) Concurrent Scan Root Regions
[2024-10-12T11:10:01.316+0800][info] GC(483) Concurrent Scan Root Regions 0.156ms
[2024-10-12T11:10:01.317+0800][info] GC(483) Concurrent Mark
[2024-10-12T11:10:01.317+0800][info] GC(483) Concurrent Mark From Roots
[2024-10-12T11:10:01.317+0800][info] GC(483) Using 12 workers of 12 for marking
[2024-10-12T11:10:01.320+0800][info] GC(483) Concurrent Mark From Roots 3.961ms
[2024-10-12T11:10:01.321+0800][info] GC(483) Concurrent Preclean
[2024-10-12T11:10:01.322+0800][info] GC(483) Concurrent Preclean 1.760ms
[2024-10-12T11:10:01.322+0800][info] GC(483) Pause Remark
[2024-10-12T11:10:01.324+0800][info] GC(483) Pause Remark 110M->110M(128M) 1.691ms
[2024-10-12T11:10:01.324+0800][info] GC(483) User=0.00s Sys=0.00s Real=0.00s
[2024-10-12T11:10:01.324+0800][info] GC(483) Concurrent Mark 7.597ms
[2024-10-12T11:10:01.324+0800][info] GC(483) Concurrent Rebuild Remembered Sets
[2024-10-12T11:10:01.325+0800][info] GC(483) Concurrent Rebuild Remembered Sets 1.055ms
[2024-10-12T11:10:01.325+0800][info] GC(483) Pause Cleanup
[2024-10-12T11:10:01.325+0800][info] GC(483) Pause Cleanup 110M->110M(128M) 0.161ms
[2024-10-12T11:10:01.325+0800][info] GC(483) User=0.00s Sys=0.00s Real=0.00s
[2024-10-12T11:10:01.325+0800][info] GC(483) Concurrent Cleanup for Next Mark
[2024-10-12T11:10:01.326+0800][info] GC(483) Concurrent Cleanup for Next Mark 0.392ms
[2024-10-12T11:10:01.326+0800][info] GC(483) Concurrent Mark Cycle 9.628ms
[2024-10-12T11:10:01.429+0800][info] GC(484) Pause Young (Prepare Mixed) (G1 Preventive Collection)
[2024-10-12T11:10:01.429+0800][info] GC(484) Using 3 workers of 48 for evacuation
[2024-10-12T11:10:01.430+0800][info] GC(484)   Pre Evacuate Collection Set: 0.1ms
[2024-10-12T11:10:01.430+0800][info] GC(484)   Merge Heap Roots: 0.1ms
[2024-10-12T11:10:01.430+0800][info] GC(484)   Evacuate Collection Set: 0.8ms
[2024-10-12T11:10:01.430+0800][info] GC(484)   Post Evacuate Collection Set: 0.2ms
[2024-10-12T11:10:01.430+0800][info] GC(484)   Other: 0.2ms
[2024-10-12T11:10:01.430+0800][info] GC(484) Eden regions: 1->0(2)
[2024-10-12T11:10:01.430+0800][info] GC(484) Survivor regions: 1->1(1)
[2024-10-12T11:10:01.430+0800][info] GC(484) Old regions: 55->56
[2024-10-12T11:10:01.430+0800][info] GC(484) Archive regions: 2->2
[2024-10-12T11:10:01.430+0800][info] GC(484) Humongous regions: 3->3
[2024-10-12T11:10:01.430+0800][info] GC(484) Metaspace: 1675K(1856K)->1675K(1856K) NonClass: 1551K(1664K)->1551K(1664K) Class: 124K(192K)->124K(192K)
[2024-10-12T11:10:01.430+0800][info] GC(484) Pause Young (Prepare Mixed) (G1 Preventive Collection) 112M->112M(128M) 1.601ms
[2024-10-12T11:10:01.430+0800][info] GC(484) User=0.00s Sys=0.00s Real=0.00s
[2024-10-12T11:10:01.472+0800][info] GC(485) Pause Young (Mixed) (G1 Preventive Collection)
[2024-10-12T11:10:01.472+0800][info] GC(485) Using 3 workers of 48 for evacuation
[2024-10-12T11:10:01.478+0800][info] GC(485) To-space exhausted
[2024-10-12T11:10:01.478+0800][info] GC(485)   Pre Evacuate Collection Set: 0.2ms
[2024-10-12T11:10:01.478+0800][info] GC(485)   Merge Heap Roots: 0.1ms
[2024-10-12T11:10:01.478+0800][info] GC(485)   Evacuate Collection Set: 3.4ms
[2024-10-12T11:10:01.478+0800][info] GC(485)   Post Evacuate Collection Set: 2.1ms
[2024-10-12T11:10:01.478+0800][info] GC(485)   Other: 0.2ms
[2024-10-12T11:10:01.478+0800][info] GC(485) Eden regions: 1->0(2)
[2024-10-12T11:10:01.478+0800][info] GC(485) Survivor regions: 1->1(1)
[2024-10-12T11:10:01.478+0800][info] GC(485) Old regions: 56->57
[2024-10-12T11:10:01.478+0800][info] GC(485) Archive regions: 2->2
[2024-10-12T11:10:01.478+0800][info] GC(485) Humongous regions: 3->3
[2024-10-12T11:10:01.478+0800][info] GC(485) Metaspace: 1675K(1856K)->1675K(1856K) NonClass: 1551K(1664K)->1551K(1664K) Class: 124K(192K)->124K(192K)
[2024-10-12T11:10:01.478+0800][info] GC(485) Pause Young (Mixed) (G1 Preventive Collection) 113M->114M(128M) 6.094ms
[2024-10-12T11:10:01.478+0800][info] GC(485) User=0.02s Sys=0.00s Real=0.01s
[2024-10-12T11:10:01.540+0800][info] GC(486) Pause Young (Concurrent Start) (G1 Evacuation Pause)
[2024-10-12T11:10:01.540+0800][info] GC(486) Using 3 workers of 48 for evacuation
[2024-10-12T11:10:01.541+0800][info] GC(486) To-space exhausted
[2024-10-12T11:10:01.541+0800][info] GC(486)   Pre Evacuate Collection Set: 0.1ms
[2024-10-12T11:10:01.541+0800][info] GC(486)   Merge Heap Roots: 0.1ms
[2024-10-12T11:10:01.541+0800][info] GC(486)   Evacuate Collection Set: 0.8ms
[2024-10-12T11:10:01.541+0800][info] GC(486)   Post Evacuate Collection Set: 0.3ms
[2024-10-12T11:10:01.541+0800][info] GC(486)   Other: 0.4ms
[2024-10-12T11:10:01.541+0800][info] GC(486) Eden regions: 1->0(3)
[2024-10-12T11:10:01.541+0800][info] GC(486) Survivor regions: 1->0(0)
[2024-10-12T11:10:01.541+0800][info] GC(486) Old regions: 57->59
[2024-10-12T11:10:01.541+0800][info] GC(486) Archive regions: 2->2
[2024-10-12T11:10:01.541+0800][info] GC(486) Humongous regions: 3->3
[2024-10-12T11:10:01.541+0800][info] GC(486) Metaspace: 1675K(1856K)->1675K(1856K) NonClass: 1551K(1664K)->1551K(1664K) Class: 124K(192K)->124K(192K)
[2024-10-12T11:10:01.542+0800][info] GC(486) Pause Young (Concurrent Start) (G1 Evacuation Pause) 115M->115M(128M) 1.824ms
[2024-10-12T11:10:01.542+0800][info] GC(486) User=0.00s Sys=0.00s Real=0.00s
[2024-10-12T11:10:01.542+0800][info] Attempting full compaction
[2024-10-12T11:10:01.542+0800][info] GC(487) Concurrent Mark Cycle
[2024-10-12T11:10:01.542+0800][info] GC(488) Using 3 workers of 48 for full compaction
[2024-10-12T11:10:01.542+0800][info] GC(487) Concurrent Clear Claimed Marks
[2024-10-12T11:10:01.542+0800][info] GC(487) Concurrent Clear Claimed Marks 0.061ms
[2024-10-12T11:10:01.542+0800][info] GC(487) Concurrent Scan Root Regions
[2024-10-12T11:10:01.542+0800][info] GC(488) Pause Full (G1 Compaction Pause)
[2024-10-12T11:10:01.542+0800][info] GC(487) Concurrent Scan Root Regions 0.028ms
[2024-10-12T11:10:01.542+0800][info] GC(487) Concurrent Mark
[2024-10-12T11:10:01.542+0800][info] GC(487) Concurrent Mark From Roots
[2024-10-12T11:10:01.542+0800][info] GC(487) Using 12 workers of 12 for marking
[2024-10-12T11:10:01.542+0800][info] GC(488) Phase 1: Mark live objects
[2024-10-12T11:10:01.546+0800][info] GC(488) Phase 1: Mark live objects 3.316ms
[2024-10-12T11:10:01.546+0800][info] GC(488) Phase 2: Prepare for compaction
[2024-10-12T11:10:01.546+0800][info] GC(488) Phase 2: Prepare for compaction 0.655ms
[2024-10-12T11:10:01.546+0800][info] GC(488) Phase 3: Adjust pointers
[2024-10-12T11:10:01.548+0800][info] GC(488) Phase 3: Adjust pointers 1.704ms
[2024-10-12T11:10:01.548+0800][info] GC(488) Phase 4: Compact heap
[2024-10-12T11:10:01.561+0800][info] GC(488) Phase 4: Compact heap 13.344ms
[2024-10-12T11:10:01.563+0800][info] GC(488) Eden regions: 0->0(4)
[2024-10-12T11:10:01.563+0800][info] GC(488) Survivor regions: 0->0(0)
[2024-10-12T11:10:01.563+0800][info] GC(488) Old regions: 59->38
[2024-10-12T11:10:01.563+0800][info] GC(488) Archive regions: 2->2
[2024-10-12T11:10:01.563+0800][info] GC(488) Humongous regions: 3->3
[2024-10-12T11:10:01.563+0800][info] GC(488) Metaspace: 1675K(1856K)->1675K(1856K) NonClass: 1551K(1664K)->1551K(1664K) Class: 124K(192K)->124K(192K)
[2024-10-12T11:10:01.563+0800][info] GC(488) Pause Full (G1 Compaction Pause) 115M->71M(128M) 21.332ms
[2024-10-12T11:10:01.563+0800][info] GC(488) User=0.05s Sys=0.00s Real=0.02s
[2024-10-12T11:10:01.563+0800][info] GC(487) Concurrent Mark From Roots 21.466ms
[2024-10-12T11:10:01.563+0800][info] GC(487) Concurrent Mark Abort
[2024-10-12T11:10:01.563+0800][info] GC(487) Concurrent Mark Cycle 21.765ms
[2024-10-12T11:10:01.768+0800][info] GC(489) Pause Young (Normal) (G1 Evacuation Pause)
[2024-10-12T11:10:01.768+0800][info] GC(489) Using 3 workers of 48 for evacuation
[2024-10-12T11:10:01.770+0800][info] GC(489)   Pre Evacuate Collection Set: 0.1ms
[2024-10-12T11:10:01.770+0800][info] GC(489)   Merge Heap Roots: 0.1ms
[2024-10-12T11:10:01.770+0800][info] GC(489)   Evacuate Collection Set: 1.3ms
[2024-10-12T11:10:01.770+0800][info] GC(489)   Post Evacuate Collection Set: 0.3ms
[2024-10-12T11:10:01.770+0800][info] GC(489)   Other: 0.2ms
[2024-10-12T11:10:01.770+0800][info] GC(489) Eden regions: 4->0(2)
[2024-10-12T11:10:01.770+0800][info] GC(489) Survivor regions: 0->1(1)
[2024-10-12T11:10:01.770+0800][info] GC(489) Old regions: 38->41
[2024-10-12T11:10:01.770+0800][info] GC(489) Archive regions: 2->2
[2024-10-12T11:10:01.770+0800][info] GC(489) Humongous regions: 3->3
[2024-10-12T11:10:01.770+0800][info] GC(489) Metaspace: 1675K(1856K)->1675K(1856K) NonClass: 1551K(1664K)->1551K(1664K) Class: 124K(192K)->124K(192K)
[2024-10-12T11:10:01.770+0800][info] GC(489) Pause Young (Normal) (G1 Evacuation Pause) 79M->78M(128M) 2.126ms
[2024-10-12T11:10:01.770+0800][info] GC(489) User=0.01s Sys=0.00s Real=0.00s
[2024-10-12T11:10:01.872+0800][info] GC(490) Pause Young (Normal) (G1 Evacuation Pause)
[2024-10-12T11:10:01.873+0800][info] GC(490) Using 3 workers of 48 for evacuation
[2024-10-12T11:10:01.874+0800][info] GC(490)   Pre Evacuate Collection Set: 0.1ms
[2024-10-12T11:10:01.874+0800][info] GC(490)   Merge Heap Roots: 0.1ms
[2024-10-12T11:10:01.874+0800][info] GC(490)   Evacuate Collection Set: 0.9ms
[2024-10-12T11:10:01.874+0800][info] GC(490)   Post Evacuate Collection Set: 0.2ms
[2024-10-12T11:10:01.874+0800][info] GC(490)   Other: 0.2ms
[2024-10-12T11:10:01.874+0800][info] GC(490) Eden regions: 2->0(2)
[2024-10-12T11:10:01.874+0800][info] GC(490) Survivor regions: 1->1(1)
[2024-10-12T11:10:01.874+0800][info] GC(490) Old regions: 41->43
[2024-10-12T11:10:01.874+0800][info] GC(490) Archive regions: 2->2
[2024-10-12T11:10:01.874+0800][info] GC(490) Humongous regions: 3->3
[2024-10-12T11:10:01.874+0800][info] GC(490) Metaspace: 1675K(1856K)->1675K(1856K) NonClass: 1551K(1664K)->1551K(1664K) Class: 124K(192K)->124K(192K)
[2024-10-12T11:10:01.874+0800][info] GC(490) Pause Young (Normal) (G1 Evacuation Pause) 82M->82M(128M) 1.598ms
[2024-10-12T11:10:01.874+0800][info] GC(490) User=0.00s Sys=0.00s Real=0.01s
[2024-10-12T11:10:01.976+0800][info] GC(491) Pause Young (Normal) (G1 Evacuation Pause)
[2024-10-12T11:10:01.977+0800][info] GC(491) Using 3 workers of 48 for evacuation
[2024-10-12T11:10:01.978+0800][info] GC(491)   Pre Evacuate Collection Set: 0.1ms
[2024-10-12T11:10:01.978+0800][info] GC(491)   Merge Heap Roots: 0.1ms
[2024-10-12T11:10:01.978+0800][info] GC(491)   Evacuate Collection Set: 1.1ms
[2024-10-12T11:10:01.978+0800][info] GC(491)   Post Evacuate Collection Set: 0.2ms
[2024-10-12T11:10:01.978+0800][info] GC(491)   Other: 0.2ms
[2024-10-12T11:10:01.978+0800][info] GC(491) Eden regions: 2->0(2)
[2024-10-12T11:10:01.978+0800][info] GC(491) Survivor regions: 1->1(1)
[2024-10-12T11:10:01.978+0800][info] GC(491) Old regions: 43->45
[2024-10-12T11:10:01.978+0800][info] GC(491) Archive regions: 2->2
[2024-10-12T11:10:01.978+0800][info] GC(491) Humongous regions: 3->3
[2024-10-12T11:10:01.978+0800][info] GC(491) Metaspace: 1675K(1856K)->1675K(1856K) NonClass: 1551K(1664K)->1551K(1664K) Class: 124K(192K)->124K(192K)
[2024-10-12T11:10:01.978+0800][info] GC(491) Pause Young (Normal) (G1 Evacuation Pause) 86M->86M(128M) 1.798ms
[2024-10-12T11:10:01.978+0800][info] GC(491) User=0.01s Sys=0.00s Real=0.00s
[2024-10-12T11:10:02.080+0800][info] GC(492) Pause Young (Concurrent Start) (G1 Evacuation Pause)
[2024-10-12T11:10:02.080+0800][info] GC(492) Using 3 workers of 48 for evacuation
[2024-10-12T11:10:02.082+0800][info] GC(492)   Pre Evacuate Collection Set: 0.1ms
[2024-10-12T11:10:02.082+0800][info] GC(492)   Merge Heap Roots: 0.1ms
[2024-10-12T11:10:02.082+0800][info] GC(492)   Evacuate Collection Set: 1.3ms
[2024-10-12T11:10:02.082+0800][info] GC(492)   Post Evacuate Collection Set: 0.2ms
[2024-10-12T11:10:02.082+0800][info] GC(492)   Other: 0.4ms
[2024-10-12T11:10:02.082+0800][info] GC(492) Eden regions: 2->0(2)
[2024-10-12T11:10:02.083+0800][info] GC(492) Survivor regions: 1->1(1)
[2024-10-12T11:10:02.083+0800][info] GC(492) Old regions: 45->47
[2024-10-12T11:10:02.083+0800][info] GC(492) Archive regions: 2->2
[2024-10-12T11:10:02.083+0800][info] GC(492) Humongous regions: 3->3
[2024-10-12T11:10:02.083+0800][info] GC(492) Metaspace: 1675K(1856K)->1675K(1856K) NonClass: 1551K(1664K)->1551K(1664K) Class: 124K(192K)->124K(192K)
[2024-10-12T11:10:02.083+0800][info] GC(492) Pause Young (Concurrent Start) (G1 Evacuation Pause) 89M->90M(128M) 2.149ms
[2024-10-12T11:10:02.083+0800][info] GC(492) User=0.00s Sys=0.00s Real=0.00s
[2024-10-12T11:10:02.083+0800][info] GC(493) Concurrent Mark Cycle
[2024-10-12T11:10:02.083+0800][info] GC(493) Concurrent Clear Claimed Marks
[2024-10-12T11:10:02.083+0800][info] GC(493) Concurrent Clear Claimed Marks 0.018ms
[2024-10-12T11:10:02.083+0800][info] GC(493) Concurrent Scan Root Regions
[2024-10-12T11:10:02.083+0800][info] GC(493) Concurrent Scan Root Regions 0.119ms
[2024-10-12T11:10:02.083+0800][info] GC(493) Concurrent Mark
[2024-10-12T11:10:02.083+0800][info] GC(493) Concurrent Mark From Roots
[2024-10-12T11:10:02.083+0800][info] GC(493) Using 12 workers of 12 for marking
[2024-10-12T11:10:02.087+0800][info] GC(493) Concurrent Mark From Roots 3.932ms
[2024-10-12T11:10:02.087+0800][info] GC(493) Concurrent Preclean
[2024-10-12T11:10:02.089+0800][info] GC(493) Concurrent Preclean 1.691ms
[2024-10-12T11:10:02.089+0800][info] GC(493) Pause Remark
[2024-10-12T11:10:02.090+0800][info] GC(493) Pause Remark 90M->90M(128M) 1.715ms
[2024-10-12T11:10:02.090+0800][info] GC(493) User=0.01s Sys=0.00s Real=0.00s
[2024-10-12T11:10:02.090+0800][info] GC(493) Concurrent Mark 7.604ms
[2024-10-12T11:10:02.090+0800][info] GC(493) Concurrent Rebuild Remembered Sets
[2024-10-12T11:10:02.092+0800][info] GC(493) Concurrent Rebuild Remembered Sets 1.262ms
[2024-10-12T11:10:02.092+0800][info] GC(493) Pause Cleanup
[2024-10-12T11:10:02.092+0800][info] GC(493) Pause Cleanup 90M->90M(128M) 0.224ms
[2024-10-12T11:10:02.092+0800][info] GC(493) User=0.00s Sys=0.00s Real=0.00s
[2024-10-12T11:10:02.092+0800][info] GC(493) Concurrent Cleanup for Next Mark
[2024-10-12T11:10:02.093+0800][info] GC(493) Concurrent Cleanup for Next Mark 0.393ms
[2024-10-12T11:10:02.093+0800][info] GC(493) Concurrent Mark Cycle 9.909ms
[2024-10-12T11:10:02.236+0800][info] GC(494) Pause Young (Prepare Mixed) (G1 Evacuation Pause)
[2024-10-12T11:10:02.236+0800][info] GC(494) Using 3 workers of 48 for evacuation
[2024-10-12T11:10:02.238+0800][info] GC(494)   Pre Evacuate Collection Set: 0.1ms
[2024-10-12T11:10:02.238+0800][info] GC(494)   Merge Heap Roots: 0.1ms
[2024-10-12T11:10:02.238+0800][info] GC(494)   Evacuate Collection Set: 1.0ms
[2024-10-12T11:10:02.238+0800][info] GC(494)   Post Evacuate Collection Set: 0.2ms
[2024-10-12T11:10:02.238+0800][info] GC(494)   Other: 0.2ms
[2024-10-12T11:10:02.238+0800][info] GC(494) Eden regions: 2->0(2)
[2024-10-12T11:10:02.238+0800][info] GC(494) Survivor regions: 1->1(1)
[2024-10-12T11:10:02.238+0800][info] GC(494) Old regions: 47->49
[2024-10-12T11:10:02.238+0800][info] GC(494) Archive regions: 2->2
[2024-10-12T11:10:02.238+0800][info] GC(494) Humongous regions: 3->3
[2024-10-12T11:10:02.238+0800][info] GC(494) Metaspace: 1675K(1856K)->1675K(1856K) NonClass: 1551K(1664K)->1551K(1664K) Class: 124K(192K)->124K(192K)
[2024-10-12T11:10:02.238+0800][info] GC(494) Pause Young (Prepare Mixed) (G1 Evacuation Pause) 93M->93M(128M) 1.782ms
[2024-10-12T11:10:02.238+0800][info] GC(494) User=0.00s Sys=0.00s Real=0.00s
[2024-10-12T11:10:02.299+0800][info] GC(495) Pause Young (Mixed) (G1 Preventive Collection)
[2024-10-12T11:10:02.299+0800][info] GC(495) Using 3 workers of 48 for evacuation
[2024-10-12T11:10:02.306+0800][info] GC(495) To-space exhausted
[2024-10-12T11:10:02.306+0800][info] GC(495)   Pre Evacuate Collection Set: 0.2ms
[2024-10-12T11:10:02.306+0800][info] GC(495)   Merge Heap Roots: 0.1ms
[2024-10-12T11:10:02.306+0800][info] GC(495)   Evacuate Collection Set: 4.5ms
[2024-10-12T11:10:02.306+0800][info] GC(495)   Post Evacuate Collection Set: 1.7ms
[2024-10-12T11:10:02.306+0800][info] GC(495)   Other: 0.3ms
[2024-10-12T11:10:02.306+0800][info] GC(495) Eden regions: 1->0(2)
[2024-10-12T11:10:02.306+0800][info] GC(495) Survivor regions: 1->1(1)
[2024-10-12T11:10:02.306+0800][info] GC(495) Old regions: 49->56
[2024-10-12T11:10:02.306+0800][info] GC(495) Archive regions: 2->2
[2024-10-12T11:10:02.306+0800][info] GC(495) Humongous regions: 3->3
[2024-10-12T11:10:02.306+0800][info] GC(495) Metaspace: 1675K(1856K)->1675K(1856K) NonClass: 1551K(1664K)->1551K(1664K) Class: 124K(192K)->124K(192K)
[2024-10-12T11:10:02.306+0800][info] GC(495) Pause Young (Mixed) (G1 Preventive Collection) 95M->109M(128M) 6.843ms
[2024-10-12T11:10:02.306+0800][info] GC(495) User=0.01s Sys=0.00s Real=0.01s
[2024-10-12T11:10:02.347+0800][info] GC(496) Pause Young (Concurrent Start) (G1 Preventive Collection)
[2024-10-12T11:10:02.347+0800][info] GC(496) Using 3 workers of 48 for evacuation
[2024-10-12T11:10:02.349+0800][info] GC(496) To-space exhausted
[2024-10-12T11:10:02.349+0800][info] GC(496)   Pre Evacuate Collection Set: 0.1ms
[2024-10-12T11:10:02.349+0800][info] GC(496)   Merge Heap Roots: 0.1ms
[2024-10-12T11:10:02.349+0800][info] GC(496)   Evacuate Collection Set: 0.8ms
[2024-10-12T11:10:02.349+0800][info] GC(496)   Post Evacuate Collection Set: 0.2ms
[2024-10-12T11:10:02.349+0800][info] GC(496)   Other: 0.4ms
[2024-10-12T11:10:02.349+0800][info] GC(496) Eden regions: 1->0(2)
[2024-10-12T11:10:02.349+0800][info] GC(496) Survivor regions: 1->1(1)
[2024-10-12T11:10:02.349+0800][info] GC(496) Old regions: 56->57
[2024-10-12T11:10:02.349+0800][info] GC(496) Archive regions: 2->2
[2024-10-12T11:10:02.349+0800][info] GC(496) Humongous regions: 3->3
[2024-10-12T11:10:02.349+0800][info] GC(496) Metaspace: 1675K(1856K)->1675K(1856K) NonClass: 1551K(1664K)->1551K(1664K) Class: 124K(192K)->124K(192K)
[2024-10-12T11:10:02.349+0800][info] GC(496) Pause Young (Concurrent Start) (G1 Preventive Collection) 111M->111M(128M) 1.711ms
[2024-10-12T11:10:02.349+0800][info] GC(496) User=0.01s Sys=0.00s Real=0.00s
[2024-10-12T11:10:02.349+0800][info] GC(497) Concurrent Mark Cycle
[2024-10-12T11:10:02.349+0800][info] GC(497) Concurrent Clear Claimed Marks
[2024-10-12T11:10:02.349+0800][info] GC(497) Concurrent Clear Claimed Marks 0.014ms
[2024-10-12T11:10:02.349+0800][info] GC(497) Concurrent Scan Root Regions
[2024-10-12T11:10:02.349+0800][info] GC(497) Concurrent Scan Root Regions 0.164ms
[2024-10-12T11:10:02.349+0800][info] GC(497) Concurrent Mark
[2024-10-12T11:10:02.349+0800][info] GC(497) Concurrent Mark From Roots
[2024-10-12T11:10:02.349+0800][info] GC(497) Using 12 workers of 12 for marking
[2024-10-12T11:10:02.354+0800][info] GC(497) Concurrent Mark From Roots 4.120ms
[2024-10-12T11:10:02.354+0800][info] GC(497) Concurrent Preclean
[2024-10-12T11:10:02.355+0800][info] GC(497) Concurrent Preclean 1.690ms
[2024-10-12T11:10:02.355+0800][info] GC(497) Pause Remark
[2024-10-12T11:10:02.357+0800][info] GC(497) Pause Remark 111M->110M(128M) 1.502ms
[2024-10-12T11:10:02.357+0800][info] GC(497) User=0.01s Sys=0.00s Real=0.00s
[2024-10-12T11:10:02.357+0800][info] GC(497) Concurrent Mark 7.521ms
[2024-10-12T11:10:02.357+0800][info] GC(497) Concurrent Rebuild Remembered Sets
[2024-10-12T11:10:02.358+0800][info] GC(497) Concurrent Rebuild Remembered Sets 0.912ms
[2024-10-12T11:10:02.358+0800][info] GC(497) Pause Cleanup
[2024-10-12T11:10:02.358+0800][info] GC(497) Pause Cleanup 110M->110M(128M) 0.154ms
[2024-10-12T11:10:02.358+0800][info] GC(497) User=0.00s Sys=0.00s Real=0.00s
[2024-10-12T11:10:02.358+0800][info] GC(497) Concurrent Cleanup for Next Mark
[2024-10-12T11:10:02.358+0800][info] GC(497) Concurrent Cleanup for Next Mark 0.317ms
[2024-10-12T11:10:02.358+0800][info] GC(497) Concurrent Mark Cycle 9.305ms
[2024-10-12T11:10:02.462+0800][info] GC(498) Pause Young (Prepare Mixed) (G1 Preventive Collection)
[2024-10-12T11:10:02.462+0800][info] GC(498) Using 3 workers of 48 for evacuation
[2024-10-12T11:10:02.463+0800][info] GC(498) To-space exhausted
[2024-10-12T11:10:02.463+0800][info] GC(498)   Pre Evacuate Collection Set: 0.1ms
[2024-10-12T11:10:02.463+0800][info] GC(498)   Merge Heap Roots: 0.1ms
[2024-10-12T11:10:02.463+0800][info] GC(498)   Evacuate Collection Set: 0.6ms
[2024-10-12T11:10:02.463+0800][info] GC(498)   Post Evacuate Collection Set: 0.2ms
[2024-10-12T11:10:02.463+0800][info] GC(498)   Other: 0.2ms
[2024-10-12T11:10:02.463+0800][info] GC(498) Eden regions: 1->0(2)
[2024-10-12T11:10:02.463+0800][info] GC(498) Survivor regions: 1->1(1)
[2024-10-12T11:10:02.463+0800][info] GC(498) Old regions: 56->57
[2024-10-12T11:10:02.463+0800][info] GC(498) Archive regions: 2->2
[2024-10-12T11:10:02.463+0800][info] GC(498) Humongous regions: 3->3
[2024-10-12T11:10:02.463+0800][info] GC(498) Metaspace: 1675K(1856K)->1675K(1856K) NonClass: 1551K(1664K)->1551K(1664K) Class: 124K(192K)->124K(192K)
[2024-10-12T11:10:02.463+0800][info] GC(498) Pause Young (Prepare Mixed) (G1 Preventive Collection) 111M->111M(128M) 1.352ms
[2024-10-12T11:10:02.463+0800][info] GC(498) User=0.01s Sys=0.00s Real=0.00s
[2024-10-12T11:10:02.505+0800][info] GC(499) Pause Young (Mixed) (G1 Evacuation Pause)
[2024-10-12T11:10:02.505+0800][info] GC(499) Using 3 workers of 48 for evacuation
[2024-10-12T11:10:02.509+0800][info] GC(499) To-space exhausted
[2024-10-12T11:10:02.509+0800][info] GC(499)   Pre Evacuate Collection Set: 0.2ms
[2024-10-12T11:10:02.509+0800][info] GC(499)   Merge Heap Roots: 0.1ms
[2024-10-12T11:10:02.509+0800][info] GC(499)   Evacuate Collection Set: 2.0ms
[2024-10-12T11:10:02.509+0800][info] GC(499)   Post Evacuate Collection Set: 1.6ms
[2024-10-12T11:10:02.509+0800][info] GC(499)   Other: 0.2ms
[2024-10-12T11:10:02.509+0800][info] GC(499) Eden regions: 1->0(3)
[2024-10-12T11:10:02.509+0800][info] GC(499) Survivor regions: 1->0(0)
[2024-10-12T11:10:02.509+0800][info] GC(499) Old regions: 57->58
[2024-10-12T11:10:02.509+0800][info] GC(499) Archive regions: 2->2
[2024-10-12T11:10:02.509+0800][info] GC(499) Humongous regions: 3->3
[2024-10-12T11:10:02.509+0800][info] GC(499) Metaspace: 1675K(1856K)->1675K(1856K) NonClass: 1551K(1664K)->1551K(1664K) Class: 124K(192K)->124K(192K)
[2024-10-12T11:10:02.509+0800][info] GC(499) Pause Young (Mixed) (G1 Evacuation Pause) 112M->111M(128M) 4.270ms
[2024-10-12T11:10:02.509+0800][info] GC(499) User=0.01s Sys=0.00s Real=0.01s
[2024-10-12T11:10:02.571+0800][info] GC(500) Pause Young (Concurrent Start) (G1 Evacuation Pause)
[2024-10-12T11:10:02.571+0800][info] GC(500) Using 3 workers of 48 for evacuation
[2024-10-12T11:10:02.572+0800][info] GC(500) To-space exhausted
[2024-10-12T11:10:02.572+0800][info] GC(500)   Pre Evacuate Collection Set: 0.1ms
[2024-10-12T11:10:02.572+0800][info] GC(500)   Merge Heap Roots: 0.1ms
[2024-10-12T11:10:02.572+0800][info] GC(500)   Evacuate Collection Set: 0.6ms
[2024-10-12T11:10:02.572+0800][info] GC(500)   Post Evacuate Collection Set: 0.2ms
[2024-10-12T11:10:02.572+0800][info] GC(500)   Other: 0.3ms
[2024-10-12T11:10:02.572+0800][info] GC(500) Eden regions: 1->0(3)
[2024-10-12T11:10:02.572+0800][info] GC(500) Survivor regions: 0->0(0)
[2024-10-12T11:10:02.572+0800][info] GC(500) Old regions: 58->59
[2024-10-12T11:10:02.572+0800][info] GC(500) Archive regions: 2->2
[2024-10-12T11:10:02.572+0800][info] GC(500) Humongous regions: 3->3
[2024-10-12T11:10:02.572+0800][info] GC(500) Metaspace: 1675K(1856K)->1675K(1856K) NonClass: 1551K(1664K)->1551K(1664K) Class: 124K(192K)->124K(192K)
[2024-10-12T11:10:02.572+0800][info] GC(500) Pause Young (Concurrent Start) (G1 Evacuation Pause) 113M->113M(128M) 1.497ms
[2024-10-12T11:10:02.572+0800][info] GC(500) User=0.00s Sys=0.00s Real=0.00s
[2024-10-12T11:10:02.572+0800][info] Attempting full compaction
[2024-10-12T11:10:02.572+0800][info] GC(501) Concurrent Mark Cycle
[2024-10-12T11:10:02.572+0800][info] GC(501) Concurrent Clear Claimed Marks
[2024-10-12T11:10:02.572+0800][info] GC(502) Using 3 workers of 48 for full compaction
[2024-10-12T11:10:02.572+0800][info] GC(501) Concurrent Clear Claimed Marks 0.030ms
[2024-10-12T11:10:02.572+0800][info] GC(501) Concurrent Scan Root Regions
[2024-10-12T11:10:02.572+0800][info] GC(501) Concurrent Scan Root Regions 0.020ms
[2024-10-12T11:10:02.573+0800][info] GC(501) Concurrent Mark
[2024-10-12T11:10:02.573+0800][info] GC(501) Concurrent Mark From Roots
[2024-10-12T11:10:02.573+0800][info] GC(501) Using 12 workers of 12 for marking
[2024-10-12T11:10:02.572+0800][info] GC(502) Pause Full (G1 Compaction Pause)
[2024-10-12T11:10:02.573+0800][info] GC(502) Phase 1: Mark live objects
[2024-10-12T11:10:02.576+0800][info] GC(502) Phase 1: Mark live objects 3.187ms
[2024-10-12T11:10:02.576+0800][info] GC(502) Phase 2: Prepare for compaction
[2024-10-12T11:10:02.577+0800][info] GC(502) Phase 2: Prepare for compaction 0.540ms
[2024-10-12T11:10:02.577+0800][info] GC(502) Phase 3: Adjust pointers
[2024-10-12T11:10:02.579+0800][info] GC(502) Phase 3: Adjust pointers 1.684ms
[2024-10-12T11:10:02.579+0800][info] GC(502) Phase 4: Compact heap
[2024-10-12T11:10:02.588+0800][info] GC(502) Phase 4: Compact heap 9.740ms
[2024-10-12T11:10:02.590+0800][info] GC(502) Eden regions: 0->0(4)
[2024-10-12T11:10:02.590+0800][info] GC(502) Survivor regions: 0->0(0)
[2024-10-12T11:10:02.590+0800][info] GC(502) Old regions: 59->37
[2024-10-12T11:10:02.590+0800][info] GC(502) Archive regions: 2->2
[2024-10-12T11:10:02.590+0800][info] GC(502) Humongous regions: 3->3
[2024-10-12T11:10:02.590+0800][info] GC(502) Metaspace: 1675K(1856K)->1675K(1856K) NonClass: 1551K(1664K)->1551K(1664K) Class: 124K(192K)->124K(192K)
[2024-10-12T11:10:02.590+0800][info] GC(502) Pause Full (G1 Compaction Pause) 113M->71M(128M) 17.300ms
[2024-10-12T11:10:02.590+0800][info] GC(502) User=0.05s Sys=0.00s Real=0.02s
[2024-10-12T11:10:02.590+0800][info] GC(501) Concurrent Mark From Roots 17.510ms
[2024-10-12T11:10:02.590+0800][info] GC(501) Concurrent Mark Abort
[2024-10-12T11:10:02.590+0800][info] GC(501) Concurrent Mark Cycle 17.752ms
[2024-10-12T11:10:02.795+0800][info] GC(503) Pause Young (Normal) (G1 Evacuation Pause)
[2024-10-12T11:10:02.795+0800][info] GC(503) Using 3 workers of 48 for evacuation
[2024-10-12T11:10:02.797+0800][info] GC(503)   Pre Evacuate Collection Set: 0.1ms
[2024-10-12T11:10:02.797+0800][info] GC(503)   Merge Heap Roots: 0.1ms
[2024-10-12T11:10:02.797+0800][info] GC(503)   Evacuate Collection Set: 1.4ms
[2024-10-12T11:10:02.797+0800][info] GC(503)   Post Evacuate Collection Set: 0.2ms
[2024-10-12T11:10:02.797+0800][info] GC(503)   Other: 0.2ms
[2024-10-12T11:10:02.797+0800][info] GC(503) Eden regions: 4->0(3)
[2024-10-12T11:10:02.797+0800][info] GC(503) Survivor regions: 0->1(1)
[2024-10-12T11:10:02.797+0800][info] GC(503) Old regions: 37->40
[2024-10-12T11:10:02.797+0800][info] GC(503) Archive regions: 2->2
[2024-10-12T11:10:02.797+0800][info] GC(503) Humongous regions: 3->3
[2024-10-12T11:10:02.797+0800][info] GC(503) Metaspace: 1675K(1856K)->1675K(1856K) NonClass: 1551K(1664K)->1551K(1664K) Class: 124K(192K)->124K(192K)
[2024-10-12T11:10:02.797+0800][info] GC(503) Pause Young (Normal) (G1 Evacuation Pause) 79M->79M(128M) 2.183ms
[2024-10-12T11:10:02.797+0800][info] GC(503) User=0.01s Sys=0.00s Real=0.00s
[2024-10-12T11:10:02.961+0800][info] GC(504) Pause Young (Normal) (G1 Evacuation Pause)
[2024-10-12T11:10:02.961+0800][info] GC(504) Using 3 workers of 48 for evacuation
[2024-10-12T11:10:02.962+0800][info] GC(504)   Pre Evacuate Collection Set: 0.1ms
[2024-10-12T11:10:02.962+0800][info] GC(504)   Merge Heap Roots: 0.1ms
[2024-10-12T11:10:02.962+0800][info] GC(504)   Evacuate Collection Set: 1.0ms
[2024-10-12T11:10:02.962+0800][info] GC(504)   Post Evacuate Collection Set: 0.2ms
[2024-10-12T11:10:02.962+0800][info] GC(504)   Other: 0.2ms
[2024-10-12T11:10:02.962+0800][info] GC(504) Eden regions: 3->0(2)
[2024-10-12T11:10:02.962+0800][info] GC(504) Survivor regions: 1->1(1)
[2024-10-12T11:10:02.962+0800][info] GC(504) Old regions: 40->43
[2024-10-12T11:10:02.962+0800][info] GC(504) Archive regions: 2->2
[2024-10-12T11:10:02.962+0800][info] GC(504) Humongous regions: 3->3
[2024-10-12T11:10:02.962+0800][info] GC(504) Metaspace: 1675K(1856K)->1675K(1856K) NonClass: 1551K(1664K)->1551K(1664K) Class: 124K(192K)->124K(192K)
[2024-10-12T11:10:02.962+0800][info] GC(504) Pause Young (Normal) (G1 Evacuation Pause) 85M->84M(128M) 1.746ms
[2024-10-12T11:10:02.962+0800][info] GC(504) User=0.00s Sys=0.00s Real=0.00s
[2024-10-12T11:10:03.065+0800][info] GC(505) Pause Young (Normal) (G1 Evacuation Pause)
[2024-10-12T11:10:03.065+0800][info] GC(505) Using 3 workers of 48 for evacuation
[2024-10-12T11:10:03.066+0800][info] GC(505)   Pre Evacuate Collection Set: 0.1ms
[2024-10-12T11:10:03.066+0800][info] GC(505)   Merge Heap Roots: 0.0ms
[2024-10-12T11:10:03.066+0800][info] GC(505)   Evacuate Collection Set: 0.9ms
[2024-10-12T11:10:03.066+0800][info] GC(505)   Post Evacuate Collection Set: 0.2ms
[2024-10-12T11:10:03.066+0800][info] GC(505)   Other: 0.2ms
[2024-10-12T11:10:03.066+0800][info] GC(505) Eden regions: 2->0(2)
[2024-10-12T11:10:03.066+0800][info] GC(505) Survivor regions: 1->1(1)
[2024-10-12T11:10:03.066+0800][info] GC(505) Old regions: 43->45
[2024-10-12T11:10:03.066+0800][info] GC(505) Archive regions: 2->2
[2024-10-12T11:10:03.066+0800][info] GC(505) Humongous regions: 3->3
[2024-10-12T11:10:03.066+0800][info] GC(505) Metaspace: 1675K(1856K)->1675K(1856K) NonClass: 1551K(1664K)->1551K(1664K) Class: 124K(192K)->124K(192K)
[2024-10-12T11:10:03.066+0800][info] GC(505) Pause Young (Normal) (G1 Evacuation Pause) 88M->88M(128M) 1.564ms
[2024-10-12T11:10:03.066+0800][info] GC(505) User=0.01s Sys=0.00s Real=0.01s
[2024-10-12T11:10:03.107+0800][info] GC(506) Pause Young (Concurrent Start) (G1 Humongous Allocation)
[2024-10-12T11:10:03.107+0800][info] GC(506) Using 3 workers of 48 for evacuation
[2024-10-12T11:10:03.109+0800][info] GC(506)   Pre Evacuate Collection Set: 0.1ms
[2024-10-12T11:10:03.109+0800][info] GC(506)   Merge Heap Roots: 0.1ms
[2024-10-12T11:10:03.109+0800][info] GC(506)   Evacuate Collection Set: 0.7ms
[2024-10-12T11:10:03.109+0800][info] GC(506)   Post Evacuate Collection Set: 0.2ms
[2024-10-12T11:10:03.109+0800][info] GC(506)   Other: 0.4ms
[2024-10-12T11:10:03.109+0800][info] GC(506) Eden regions: 1->0(2)
[2024-10-12T11:10:03.109+0800][info] GC(506) Survivor regions: 1->1(1)
[2024-10-12T11:10:03.109+0800][info] GC(506) Old regions: 45->46
[2024-10-12T11:10:03.109+0800][info] GC(506) Archive regions: 2->2
[2024-10-12T11:10:03.109+0800][info] GC(506) Humongous regions: 3->3
[2024-10-12T11:10:03.109+0800][info] GC(506) Metaspace: 1675K(1856K)->1675K(1856K) NonClass: 1551K(1664K)->1551K(1664K) Class: 124K(192K)->124K(192K)
[2024-10-12T11:10:03.109+0800][info] GC(506) Pause Young (Concurrent Start) (G1 Humongous Allocation) 90M->90M(128M) 1.520ms
[2024-10-12T11:10:03.109+0800][info] GC(506) User=0.00s Sys=0.00s Real=0.00s
[2024-10-12T11:10:03.109+0800][info] GC(507) Concurrent Mark Cycle
[2024-10-12T11:10:03.109+0800][info] GC(507) Concurrent Clear Claimed Marks
[2024-10-12T11:10:03.109+0800][info] GC(507) Concurrent Clear Claimed Marks 0.018ms
[2024-10-12T11:10:03.109+0800][info] GC(507) Concurrent Scan Root Regions
[2024-10-12T11:10:03.109+0800][info] GC(507) Concurrent Scan Root Regions 0.185ms
[2024-10-12T11:10:03.109+0800][info] GC(507) Concurrent Mark
[2024-10-12T11:10:03.109+0800][info] GC(507) Concurrent Mark From Roots
[2024-10-12T11:10:03.109+0800][info] GC(507) Using 12 workers of 12 for marking
[2024-10-12T11:10:03.115+0800][info] GC(507) Concurrent Mark From Roots 6.217ms
[2024-10-12T11:10:03.115+0800][info] GC(507) Concurrent Preclean
[2024-10-12T11:10:03.117+0800][info] GC(507) Concurrent Preclean 1.706ms
[2024-10-12T11:10:03.117+0800][info] GC(507) Pause Remark
[2024-10-12T11:10:03.119+0800][info] GC(507) Pause Remark 92M->92M(128M) 1.965ms
[2024-10-12T11:10:03.119+0800][info] GC(507) User=0.00s Sys=0.00s Real=0.00s
[2024-10-12T11:10:03.119+0800][info] GC(507) Concurrent Mark 10.132ms
[2024-10-12T11:10:03.119+0800][info] GC(507) Concurrent Rebuild Remembered Sets
[2024-10-12T11:10:03.120+0800][info] GC(507) Concurrent Rebuild Remembered Sets 1.129ms
[2024-10-12T11:10:03.121+0800][info] GC(507) Pause Cleanup
[2024-10-12T11:10:03.121+0800][info] GC(507) Pause Cleanup 92M->92M(128M) 0.171ms
[2024-10-12T11:10:03.121+0800][info] GC(507) User=0.00s Sys=0.00s Real=0.00s
[2024-10-12T11:10:03.121+0800][info] GC(507) Concurrent Cleanup for Next Mark
[2024-10-12T11:10:03.121+0800][info] GC(507) Concurrent Cleanup for Next Mark 0.524ms
[2024-10-12T11:10:03.121+0800][info] GC(507) Concurrent Mark Cycle 12.455ms
[2024-10-12T11:10:03.283+0800][info] GC(508) Pause Young (Prepare Mixed) (G1 Evacuation Pause)
[2024-10-12T11:10:03.283+0800][info] GC(508) Using 3 workers of 48 for evacuation
[2024-10-12T11:10:03.285+0800][info] GC(508)   Pre Evacuate Collection Set: 0.1ms
[2024-10-12T11:10:03.285+0800][info] GC(508)   Merge Heap Roots: 0.1ms
[2024-10-12T11:10:03.285+0800][info] GC(508)   Evacuate Collection Set: 1.2ms
[2024-10-12T11:10:03.285+0800][info] GC(508)   Post Evacuate Collection Set: 0.3ms
[2024-10-12T11:10:03.285+0800][info] GC(508)   Other: 0.2ms
[2024-10-12T11:10:03.285+0800][info] GC(508) Eden regions: 2->0(2)
[2024-10-12T11:10:03.285+0800][info] GC(508) Survivor regions: 1->1(1)
[2024-10-12T11:10:03.285+0800][info] GC(508) Old regions: 46->48
[2024-10-12T11:10:03.285+0800][info] GC(508) Archive regions: 2->2
[2024-10-12T11:10:03.285+0800][info] GC(508) Humongous regions: 4->3
[2024-10-12T11:10:03.285+0800][info] GC(508) Metaspace: 1675K(1856K)->1675K(1856K) NonClass: 1551K(1664K)->1551K(1664K) Class: 124K(192K)->124K(192K)
[2024-10-12T11:10:03.285+0800][info] GC(508) Pause Young (Prepare Mixed) (G1 Evacuation Pause) 96M->95M(128M) 1.972ms
[2024-10-12T11:10:03.285+0800][info] GC(508) User=0.00s Sys=0.00s Real=0.01s
[2024-10-12T11:10:03.347+0800][info] GC(509) Pause Young (Mixed) (G1 Preventive Collection)
[2024-10-12T11:10:03.347+0800][info] GC(509) Using 3 workers of 48 for evacuation
[2024-10-12T11:10:03.353+0800][info] GC(509) To-space exhausted
[2024-10-12T11:10:03.353+0800][info] GC(509)   Pre Evacuate Collection Set: 0.1ms
[2024-10-12T11:10:03.353+0800][info] GC(509)   Merge Heap Roots: 0.1ms
[2024-10-12T11:10:03.353+0800][info] GC(509)   Evacuate Collection Set: 4.7ms
[2024-10-12T11:10:03.353+0800][info] GC(509)   Post Evacuate Collection Set: 1.0ms
[2024-10-12T11:10:03.353+0800][info] GC(509)   Other: 0.3ms
[2024-10-12T11:10:03.353+0800][info] GC(509) Eden regions: 1->0(2)
[2024-10-12T11:10:03.353+0800][info] GC(509) Survivor regions: 1->1(1)
[2024-10-12T11:10:03.353+0800][info] GC(509) Old regions: 48->55
[2024-10-12T11:10:03.353+0800][info] GC(509) Archive regions: 2->2
[2024-10-12T11:10:03.353+0800][info] GC(509) Humongous regions: 3->3
[2024-10-12T11:10:03.353+0800][info] GC(509) Metaspace: 1675K(1856K)->1675K(1856K) NonClass: 1551K(1664K)->1551K(1664K) Class: 124K(192K)->124K(192K)
[2024-10-12T11:10:03.353+0800][info] GC(509) Pause Young (Mixed) (G1 Preventive Collection) 96M->110M(128M) 6.275ms
[2024-10-12T11:10:03.353+0800][info] GC(509) User=0.01s Sys=0.00s Real=0.01s
[2024-10-12T11:10:03.395+0800][info] GC(510) Pause Young (Concurrent Start) (G1 Preventive Collection)
[2024-10-12T11:10:03.395+0800][info] GC(510) Using 3 workers of 48 for evacuation
[2024-10-12T11:10:03.397+0800][info] GC(510)   Pre Evacuate Collection Set: 0.1ms
[2024-10-12T11:10:03.397+0800][info] GC(510)   Merge Heap Roots: 0.1ms
[2024-10-12T11:10:03.397+0800][info] GC(510)   Evacuate Collection Set: 1.1ms
[2024-10-12T11:10:03.397+0800][info] GC(510)   Post Evacuate Collection Set: 0.2ms
[2024-10-12T11:10:03.397+0800][info] GC(510)   Other: 0.4ms
[2024-10-12T11:10:03.397+0800][info] GC(510) Eden regions: 1->0(2)
[2024-10-12T11:10:03.397+0800][info] GC(510) Survivor regions: 1->1(1)
[2024-10-12T11:10:03.397+0800][info] GC(510) Old regions: 55->56
[2024-10-12T11:10:03.397+0800][info] GC(510) Archive regions: 2->2
[2024-10-12T11:10:03.397+0800][info] GC(510) Humongous regions: 3->3
[2024-10-12T11:10:03.397+0800][info] GC(510) Metaspace: 1675K(1856K)->1675K(1856K) NonClass: 1551K(1664K)->1551K(1664K) Class: 124K(192K)->124K(192K)
[2024-10-12T11:10:03.397+0800][info] GC(510) Pause Young (Concurrent Start) (G1 Preventive Collection) 111M->111M(128M) 2.052ms
[2024-10-12T11:10:03.397+0800][info] GC(510) User=0.01s Sys=0.00s Real=0.00s
[2024-10-12T11:10:03.397+0800][info] GC(511) Concurrent Mark Cycle
[2024-10-12T11:10:03.397+0800][info] GC(511) Concurrent Clear Claimed Marks
[2024-10-12T11:10:03.397+0800][info] GC(511) Concurrent Clear Claimed Marks 0.020ms
[2024-10-12T11:10:03.397+0800][info] GC(511) Concurrent Scan Root Regions
[2024-10-12T11:10:03.397+0800][info] GC(511) Concurrent Scan Root Regions 0.151ms
[2024-10-12T11:10:03.397+0800][info] GC(511) Concurrent Mark
[2024-10-12T11:10:03.397+0800][info] GC(511) Concurrent Mark From Roots
[2024-10-12T11:10:03.397+0800][info] GC(511) Using 12 workers of 12 for marking
[2024-10-12T11:10:03.401+0800][info] GC(511) Concurrent Mark From Roots 3.776ms
[2024-10-12T11:10:03.401+0800][info] GC(511) Concurrent Preclean
[2024-10-12T11:10:03.403+0800][info] GC(511) Concurrent Preclean 1.721ms
[2024-10-12T11:10:03.403+0800][info] GC(511) Pause Remark
[2024-10-12T11:10:03.404+0800][info] GC(511) Pause Remark 112M->110M(128M) 1.547ms
[2024-10-12T11:10:03.404+0800][info] GC(511) User=0.00s Sys=0.00s Real=0.00s
[2024-10-12T11:10:03.404+0800][info] GC(511) Concurrent Mark 7.252ms
[2024-10-12T11:10:03.404+0800][info] GC(511) Concurrent Rebuild Remembered Sets
[2024-10-12T11:10:03.405+0800][info] GC(511) Concurrent Rebuild Remembered Sets 1.027ms
[2024-10-12T11:10:03.406+0800][info] GC(511) Pause Cleanup
[2024-10-12T11:10:03.406+0800][info] GC(511) Pause Cleanup 110M->110M(128M) 0.160ms
[2024-10-12T11:10:03.406+0800][info] GC(511) User=0.00s Sys=0.00s Real=0.00s
[2024-10-12T11:10:03.406+0800][info] GC(511) Concurrent Cleanup for Next Mark
[2024-10-12T11:10:03.406+0800][info] GC(511) Concurrent Cleanup for Next Mark 0.411ms
[2024-10-12T11:10:03.406+0800][info] GC(511) Concurrent Mark Cycle 9.377ms
[2024-10-12T11:10:03.509+0800][info] GC(512) Pause Young (Prepare Mixed) (G1 Preventive Collection)
[2024-10-12T11:10:03.510+0800][info] GC(512) Using 3 workers of 48 for evacuation
[2024-10-12T11:10:03.511+0800][info] GC(512)   Pre Evacuate Collection Set: 0.1ms
[2024-10-12T11:10:03.511+0800][info] GC(512)   Merge Heap Roots: 0.1ms
[2024-10-12T11:10:03.511+0800][info] GC(512)   Evacuate Collection Set: 0.8ms
[2024-10-12T11:10:03.511+0800][info] GC(512)   Post Evacuate Collection Set: 0.2ms
[2024-10-12T11:10:03.511+0800][info] GC(512)   Other: 0.2ms
[2024-10-12T11:10:03.511+0800][info] GC(512) Eden regions: 1->0(2)
[2024-10-12T11:10:03.511+0800][info] GC(512) Survivor regions: 1->1(1)
[2024-10-12T11:10:03.511+0800][info] GC(512) Old regions: 55->56
[2024-10-12T11:10:03.511+0800][info] GC(512) Archive regions: 2->2
[2024-10-12T11:10:03.511+0800][info] GC(512) Humongous regions: 3->3
[2024-10-12T11:10:03.511+0800][info] GC(512) Metaspace: 1675K(1856K)->1675K(1856K) NonClass: 1551K(1664K)->1551K(1664K) Class: 124K(192K)->124K(192K)
[2024-10-12T11:10:03.511+0800][info] GC(512) Pause Young (Prepare Mixed) (G1 Preventive Collection) 111M->111M(128M) 1.541ms
[2024-10-12T11:10:03.511+0800][info] GC(512) User=0.00s Sys=0.00s Real=0.00s
[2024-10-12T11:10:03.552+0800][info] GC(513) Pause Young (Mixed) (G1 Preventive Collection)
[2024-10-12T11:10:03.552+0800][info] GC(513) Using 3 workers of 48 for evacuation
[2024-10-12T11:10:03.556+0800][info] GC(513) To-space exhausted
[2024-10-12T11:10:03.556+0800][info] GC(513)   Pre Evacuate Collection Set: 0.2ms
[2024-10-12T11:10:03.556+0800][info] GC(513)   Merge Heap Roots: 0.1ms
[2024-10-12T11:10:03.556+0800][info] GC(513)   Evacuate Collection Set: 2.1ms
[2024-10-12T11:10:03.556+0800][info] GC(513)   Post Evacuate Collection Set: 1.5ms
[2024-10-12T11:10:03.556+0800][info] GC(513)   Other: 0.3ms
[2024-10-12T11:10:03.556+0800][info] GC(513) Eden regions: 1->0(2)
[2024-10-12T11:10:03.556+0800][info] GC(513) Survivor regions: 1->1(1)
[2024-10-12T11:10:03.556+0800][info] GC(513) Old regions: 56->57
[2024-10-12T11:10:03.556+0800][info] GC(513) Archive regions: 2->2
[2024-10-12T11:10:03.556+0800][info] GC(513) Humongous regions: 3->3
[2024-10-12T11:10:03.556+0800][info] GC(513) Metaspace: 1675K(1856K)->1675K(1856K) NonClass: 1551K(1664K)->1551K(1664K) Class: 124K(192K)->124K(192K)
[2024-10-12T11:10:03.556+0800][info] GC(513) Pause Young (Mixed) (G1 Preventive Collection) 113M->113M(128M) 4.182ms
[2024-10-12T11:10:03.556+0800][info] GC(513) User=0.01s Sys=0.00s Real=0.01s
[2024-10-12T11:10:03.618+0800][info] GC(514) Pause Young (Concurrent Start) (G1 Evacuation Pause)
[2024-10-12T11:10:03.618+0800][info] GC(514) Using 3 workers of 48 for evacuation
[2024-10-12T11:10:03.619+0800][info] GC(514) To-space exhausted
[2024-10-12T11:10:03.619+0800][info] GC(514)   Pre Evacuate Collection Set: 0.1ms
[2024-10-12T11:10:03.619+0800][info] GC(514)   Merge Heap Roots: 0.1ms
[2024-10-12T11:10:03.619+0800][info] GC(514)   Evacuate Collection Set: 0.6ms
[2024-10-12T11:10:03.619+0800][info] GC(514)   Post Evacuate Collection Set: 0.2ms
[2024-10-12T11:10:03.619+0800][info] GC(514)   Other: 0.3ms
[2024-10-12T11:10:03.619+0800][info] GC(514) Eden regions: 1->0(3)
[2024-10-12T11:10:03.619+0800][info] GC(514) Survivor regions: 1->0(0)
[2024-10-12T11:10:03.619+0800][info] GC(514) Old regions: 57->59
[2024-10-12T11:10:03.619+0800][info] GC(514) Archive regions: 2->2
[2024-10-12T11:10:03.619+0800][info] GC(514) Humongous regions: 3->3
[2024-10-12T11:10:03.619+0800][info] GC(514) Metaspace: 1675K(1856K)->1675K(1856K) NonClass: 1551K(1664K)->1551K(1664K) Class: 124K(192K)->124K(192K)
[2024-10-12T11:10:03.619+0800][info] GC(514) Pause Young (Concurrent Start) (G1 Evacuation Pause) 115M->115M(128M) 1.536ms
[2024-10-12T11:10:03.619+0800][info] GC(514) User=0.01s Sys=0.00s Real=0.00s
[2024-10-12T11:10:03.619+0800][info] Attempting full compaction
[2024-10-12T11:10:03.619+0800][info] GC(515) Concurrent Mark Cycle
[2024-10-12T11:10:03.619+0800][info] GC(515) Concurrent Clear Claimed Marks
[2024-10-12T11:10:03.619+0800][info] GC(516) Using 3 workers of 48 for full compaction
[2024-10-12T11:10:03.620+0800][info] GC(515) Concurrent Clear Claimed Marks 0.031ms
[2024-10-12T11:10:03.620+0800][info] GC(515) Concurrent Scan Root Regions
[2024-10-12T11:10:03.620+0800][info] GC(515) Concurrent Scan Root Regions 0.020ms
[2024-10-12T11:10:03.620+0800][info] GC(515) Concurrent Mark
[2024-10-12T11:10:03.620+0800][info] GC(515) Concurrent Mark From Roots
[2024-10-12T11:10:03.620+0800][info] GC(516) Pause Full (G1 Compaction Pause)
[2024-10-12T11:10:03.620+0800][info] GC(515) Using 12 workers of 12 for marking
[2024-10-12T11:10:03.620+0800][info] GC(516) Phase 1: Mark live objects
[2024-10-12T11:10:03.624+0800][info] GC(516) Phase 1: Mark live objects 3.440ms
[2024-10-12T11:10:03.624+0800][info] GC(516) Phase 2: Prepare for compaction
[2024-10-12T11:10:03.624+0800][info] GC(516) Phase 2: Prepare for compaction 0.649ms
[2024-10-12T11:10:03.624+0800][info] GC(516) Phase 3: Adjust pointers
[2024-10-12T11:10:03.626+0800][info] GC(516) Phase 3: Adjust pointers 1.762ms
[2024-10-12T11:10:03.626+0800][info] GC(516) Phase 4: Compact heap
[2024-10-12T11:10:03.637+0800][info] GC(516) Phase 4: Compact heap 11.116ms
[2024-10-12T11:10:03.639+0800][info] GC(516) Eden regions: 0->0(4)
[2024-10-12T11:10:03.639+0800][info] GC(516) Survivor regions: 0->0(0)
[2024-10-12T11:10:03.639+0800][info] GC(516) Old regions: 59->38
[2024-10-12T11:10:03.639+0800][info] GC(516) Archive regions: 2->2
[2024-10-12T11:10:03.639+0800][info] GC(516) Humongous regions: 3->3
[2024-10-12T11:10:03.639+0800][info] GC(516) Metaspace: 1675K(1856K)->1675K(1856K) NonClass: 1551K(1664K)->1551K(1664K) Class: 124K(192K)->124K(192K)
[2024-10-12T11:10:03.639+0800][info] GC(516) Pause Full (G1 Compaction Pause) 115M->71M(128M) 19.380ms
[2024-10-12T11:10:03.639+0800][info] GC(516) User=0.04s Sys=0.00s Real=0.02s
[2024-10-12T11:10:03.639+0800][info] GC(515) Concurrent Mark From Roots 19.583ms
[2024-10-12T11:10:03.639+0800][info] GC(515) Concurrent Mark Abort
[2024-10-12T11:10:03.639+0800][info] GC(515) Concurrent Mark Cycle 19.851ms
[2024-10-12T11:10:03.844+0800][info] GC(517) Pause Young (Normal) (G1 Evacuation Pause)
[2024-10-12T11:10:03.844+0800][info] GC(517) Using 3 workers of 48 for evacuation
[2024-10-12T11:10:03.846+0800][info] GC(517)   Pre Evacuate Collection Set: 0.1ms
[2024-10-12T11:10:03.846+0800][info] GC(517)   Merge Heap Roots: 0.0ms
[2024-10-12T11:10:03.846+0800][info] GC(517)   Evacuate Collection Set: 1.5ms
[2024-10-12T11:10:03.846+0800][info] GC(517)   Post Evacuate Collection Set: 0.2ms
[2024-10-12T11:10:03.846+0800][info] GC(517)   Other: 0.2ms
[2024-10-12T11:10:03.846+0800][info] GC(517) Eden regions: 4->0(2)
[2024-10-12T11:10:03.846+0800][info] GC(517) Survivor regions: 0->1(1)
[2024-10-12T11:10:03.846+0800][info] GC(517) Old regions: 38->42
[2024-10-12T11:10:03.846+0800][info] GC(517) Archive regions: 2->2
[2024-10-12T11:10:03.846+0800][info] GC(517) Humongous regions: 3->3
[2024-10-12T11:10:03.846+0800][info] GC(517) Metaspace: 1675K(1856K)->1675K(1856K) NonClass: 1551K(1664K)->1551K(1664K) Class: 124K(192K)->124K(192K)
[2024-10-12T11:10:03.846+0800][info] GC(517) Pause Young (Normal) (G1 Evacuation Pause) 79M->80M(128M) 2.267ms
[2024-10-12T11:10:03.846+0800][info] GC(517) User=0.00s Sys=0.00s Real=0.01s
[2024-10-12T11:10:03.949+0800][info] GC(518) Pause Young (Normal) (G1 Evacuation Pause)
[2024-10-12T11:10:03.949+0800][info] GC(518) Using 3 workers of 48 for evacuation
[2024-10-12T11:10:03.951+0800][info] GC(518)   Pre Evacuate Collection Set: 0.1ms
[2024-10-12T11:10:03.951+0800][info] GC(518)   Merge Heap Roots: 0.0ms
[2024-10-12T11:10:03.951+0800][info] GC(518)   Evacuate Collection Set: 1.2ms
[2024-10-12T11:10:03.951+0800][info] GC(518)   Post Evacuate Collection Set: 0.2ms
[2024-10-12T11:10:03.951+0800][info] GC(518)   Other: 0.2ms
[2024-10-12T11:10:03.951+0800][info] GC(518) Eden regions: 2->0(2)
[2024-10-12T11:10:03.951+0800][info] GC(518) Survivor regions: 1->1(1)
[2024-10-12T11:10:03.951+0800][info] GC(518) Old regions: 42->43
[2024-10-12T11:10:03.951+0800][info] GC(518) Archive regions: 2->2
[2024-10-12T11:10:03.951+0800][info] GC(518) Humongous regions: 3->3
[2024-10-12T11:10:03.951+0800][info] GC(518) Metaspace: 1675K(1856K)->1675K(1856K) NonClass: 1551K(1664K)->1551K(1664K) Class: 124K(192K)->124K(192K)
[2024-10-12T11:10:03.951+0800][info] GC(518) Pause Young (Normal) (G1 Evacuation Pause) 83M->83M(128M) 1.917ms
[2024-10-12T11:10:03.951+0800][info] GC(518) User=0.01s Sys=0.00s Real=0.00s
[2024-10-12T11:10:04.053+0800][info] GC(519) Pause Young (Normal) (G1 Evacuation Pause)
[2024-10-12T11:10:04.053+0800][info] GC(519) Using 3 workers of 48 for evacuation
[2024-10-12T11:10:04.055+0800][info] GC(519)   Pre Evacuate Collection Set: 0.1ms
[2024-10-12T11:10:04.055+0800][info] GC(519)   Merge Heap Roots: 0.1ms
[2024-10-12T11:10:04.055+0800][info] GC(519)   Evacuate Collection Set: 0.9ms
[2024-10-12T11:10:04.055+0800][info] GC(519)   Post Evacuate Collection Set: 0.2ms
[2024-10-12T11:10:04.055+0800][info] GC(519)   Other: 0.2ms
[2024-10-12T11:10:04.055+0800][info] GC(519) Eden regions: 2->0(2)
[2024-10-12T11:10:04.055+0800][info] GC(519) Survivor regions: 1->1(1)
[2024-10-12T11:10:04.055+0800][info] GC(519) Old regions: 43->45
[2024-10-12T11:10:04.055+0800][info] GC(519) Archive regions: 2->2
[2024-10-12T11:10:04.055+0800][info] GC(519) Humongous regions: 3->3
[2024-10-12T11:10:04.055+0800][info] GC(519) Metaspace: 1675K(1856K)->1675K(1856K) NonClass: 1551K(1664K)->1551K(1664K) Class: 124K(192K)->124K(192K)
[2024-10-12T11:10:04.055+0800][info] GC(519) Pause Young (Normal) (G1 Evacuation Pause) 86M->87M(128M) 1.661ms
[2024-10-12T11:10:04.055+0800][info] GC(519) User=0.00s Sys=0.00s Real=0.01s
[2024-10-12T11:10:04.157+0800][info] GC(520) Pause Young (Normal) (G1 Evacuation Pause)
[2024-10-12T11:10:04.157+0800][info] GC(520) Using 3 workers of 48 for evacuation
[2024-10-12T11:10:04.159+0800][info] GC(520)   Pre Evacuate Collection Set: 0.1ms
[2024-10-12T11:10:04.159+0800][info] GC(520)   Merge Heap Roots: 0.1ms
[2024-10-12T11:10:04.159+0800][info] GC(520)   Evacuate Collection Set: 0.8ms
[2024-10-12T11:10:04.159+0800][info] GC(520)   Post Evacuate Collection Set: 0.2ms
[2024-10-12T11:10:04.159+0800][info] GC(520)   Other: 0.2ms
[2024-10-12T11:10:04.159+0800][info] GC(520) Eden regions: 2->0(2)
[2024-10-12T11:10:04.159+0800][info] GC(520) Survivor regions: 1->1(1)
[2024-10-12T11:10:04.159+0800][info] GC(520) Old regions: 45->47
[2024-10-12T11:10:04.159+0800][info] GC(520) Archive regions: 2->2
[2024-10-12T11:10:04.159+0800][info] GC(520) Humongous regions: 3->3
[2024-10-12T11:10:04.159+0800][info] GC(520) Metaspace: 1675K(1856K)->1675K(1856K) NonClass: 1551K(1664K)->1551K(1664K) Class: 124K(192K)->124K(192K)
[2024-10-12T11:10:04.159+0800][info] GC(520) Pause Young (Normal) (G1 Evacuation Pause) 90M->90M(128M) 1.474ms
[2024-10-12T11:10:04.159+0800][info] GC(520) User=0.00s Sys=0.00s Real=0.00s
[2024-10-12T11:10:04.261+0800][info] GC(521) Pause Young (Concurrent Start) (G1 Evacuation Pause)
[2024-10-12T11:10:04.261+0800][info] GC(521) Using 3 workers of 48 for evacuation
[2024-10-12T11:10:04.263+0800][info] GC(521)   Pre Evacuate Collection Set: 0.1ms
[2024-10-12T11:10:04.263+0800][info] GC(521)   Merge Heap Roots: 0.0ms
[2024-10-12T11:10:04.263+0800][info] GC(521)   Evacuate Collection Set: 1.4ms
[2024-10-12T11:10:04.263+0800][info] GC(521)   Post Evacuate Collection Set: 0.2ms
[2024-10-12T11:10:04.263+0800][info] GC(521)   Other: 0.4ms
[2024-10-12T11:10:04.263+0800][info] GC(521) Eden regions: 2->0(2)
[2024-10-12T11:10:04.263+0800][info] GC(521) Survivor regions: 1->1(1)
[2024-10-12T11:10:04.263+0800][info] GC(521) Old regions: 47->49
[2024-10-12T11:10:04.263+0800][info] GC(521) Archive regions: 2->2
[2024-10-12T11:10:04.263+0800][info] GC(521) Humongous regions: 3->3
[2024-10-12T11:10:04.263+0800][info] GC(521) Metaspace: 1675K(1856K)->1675K(1856K) NonClass: 1551K(1664K)->1551K(1664K) Class: 124K(192K)->124K(192K)
[2024-10-12T11:10:04.263+0800][info] GC(521) Pause Young (Concurrent Start) (G1 Evacuation Pause) 94M->94M(128M) 2.222ms
[2024-10-12T11:10:04.263+0800][info] GC(521) User=0.00s Sys=0.00s Real=0.00s
[2024-10-12T11:10:04.263+0800][info] GC(522) Concurrent Mark Cycle
[2024-10-12T11:10:04.263+0800][info] GC(522) Concurrent Clear Claimed Marks
[2024-10-12T11:10:04.263+0800][info] GC(522) Concurrent Clear Claimed Marks 0.013ms
[2024-10-12T11:10:04.263+0800][info] GC(522) Concurrent Scan Root Regions
[2024-10-12T11:10:04.263+0800][info] GC(522) Concurrent Scan Root Regions 0.111ms
[2024-10-12T11:10:04.263+0800][info] GC(522) Concurrent Mark
[2024-10-12T11:10:04.263+0800][info] GC(522) Concurrent Mark From Roots
[2024-10-12T11:10:04.263+0800][info] GC(522) Using 12 workers of 12 for marking
[2024-10-12T11:10:04.269+0800][info] GC(522) Concurrent Mark From Roots 6.035ms
[2024-10-12T11:10:04.269+0800][info] GC(522) Concurrent Preclean
[2024-10-12T11:10:04.271+0800][info] GC(522) Concurrent Preclean 1.684ms
[2024-10-12T11:10:04.271+0800][info] GC(522) Pause Remark
[2024-10-12T11:10:04.273+0800][info] GC(522) Pause Remark 95M->95M(128M) 1.972ms
[2024-10-12T11:10:04.273+0800][info] GC(522) User=0.01s Sys=0.00s Real=0.01s
[2024-10-12T11:10:04.273+0800][info] GC(522) Concurrent Mark 9.945ms
[2024-10-12T11:10:04.273+0800][info] GC(522) Concurrent Rebuild Remembered Sets
[2024-10-12T11:10:04.275+0800][info] GC(522) Concurrent Rebuild Remembered Sets 1.375ms
[2024-10-12T11:10:04.275+0800][info] GC(522) Pause Cleanup
[2024-10-12T11:10:04.275+0800][info] GC(522) Pause Cleanup 95M->95M(128M) 0.239ms
[2024-10-12T11:10:04.275+0800][info] GC(522) User=0.00s Sys=0.00s Real=0.00s
[2024-10-12T11:10:04.275+0800][info] GC(522) Concurrent Cleanup for Next Mark
[2024-10-12T11:10:04.275+0800][info] GC(522) Concurrent Cleanup for Next Mark 0.406ms
[2024-10-12T11:10:04.275+0800][info] GC(522) Concurrent Mark Cycle 12.369ms
[2024-10-12T11:10:04.417+0800][info] GC(523) Pause Young (Prepare Mixed) (G1 Evacuation Pause)
[2024-10-12T11:10:04.417+0800][info] GC(523) Using 3 workers of 48 for evacuation
[2024-10-12T11:10:04.418+0800][info] GC(523)   Pre Evacuate Collection Set: 0.1ms
[2024-10-12T11:10:04.418+0800][info] GC(523)   Merge Heap Roots: 0.1ms
[2024-10-12T11:10:04.418+0800][info] GC(523)   Evacuate Collection Set: 1.1ms
[2024-10-12T11:10:04.418+0800][info] GC(523)   Post Evacuate Collection Set: 0.2ms
[2024-10-12T11:10:04.418+0800][info] GC(523)   Other: 0.3ms
[2024-10-12T11:10:04.418+0800][info] GC(523) Eden regions: 2->0(2)
[2024-10-12T11:10:04.418+0800][info] GC(523) Survivor regions: 1->1(1)
[2024-10-12T11:10:04.418+0800][info] GC(523) Old regions: 49->51
[2024-10-12T11:10:04.418+0800][info] GC(523) Archive regions: 2->2
[2024-10-12T11:10:04.418+0800][info] GC(523) Humongous regions: 3->3
[2024-10-12T11:10:04.418+0800][info] GC(523) Metaspace: 1675K(1856K)->1675K(1856K) NonClass: 1551K(1664K)->1551K(1664K) Class: 124K(192K)->124K(192K)
[2024-10-12T11:10:04.419+0800][info] GC(523) Pause Young (Prepare Mixed) (G1 Evacuation Pause) 98M->98M(128M) 1.908ms
[2024-10-12T11:10:04.419+0800][info] GC(523) User=0.00s Sys=0.00s Real=0.00s
[2024-10-12T11:10:04.480+0800][info] GC(524) Pause Young (Mixed) (G1 Preventive Collection)
[2024-10-12T11:10:04.480+0800][info] GC(524) Using 3 workers of 48 for evacuation
[2024-10-12T11:10:04.486+0800][info] GC(524) To-space exhausted
[2024-10-12T11:10:04.486+0800][info] GC(524)   Pre Evacuate Collection Set: 0.2ms
[2024-10-12T11:10:04.486+0800][info] GC(524)   Merge Heap Roots: 0.1ms
[2024-10-12T11:10:04.486+0800][info] GC(524)   Evacuate Collection Set: 4.1ms
[2024-10-12T11:10:04.486+0800][info] GC(524)   Post Evacuate Collection Set: 1.1ms
[2024-10-12T11:10:04.486+0800][info] GC(524)   Other: 0.2ms
[2024-10-12T11:10:04.486+0800][info] GC(524) Eden regions: 1->0(2)
[2024-10-12T11:10:04.486+0800][info] GC(524) Survivor regions: 1->1(1)
[2024-10-12T11:10:04.486+0800][info] GC(524) Old regions: 51->57
[2024-10-12T11:10:04.486+0800][info] GC(524) Archive regions: 2->2
[2024-10-12T11:10:04.486+0800][info] GC(524) Humongous regions: 3->3
[2024-10-12T11:10:04.486+0800][info] GC(524) Metaspace: 1675K(1856K)->1675K(1856K) NonClass: 1551K(1664K)->1551K(1664K) Class: 124K(192K)->124K(192K)
[2024-10-12T11:10:04.486+0800][info] GC(524) Pause Young (Mixed) (G1 Preventive Collection) 100M->111M(128M) 5.902ms
[2024-10-12T11:10:04.486+0800][info] GC(524) User=0.02s Sys=0.00s Real=0.01s
[2024-10-12T11:10:04.527+0800][info] GC(525) Pause Young (Concurrent Start) (G1 Evacuation Pause)
[2024-10-12T11:10:04.527+0800][info] GC(525) Using 3 workers of 48 for evacuation
[2024-10-12T11:10:04.528+0800][info] GC(525) To-space exhausted
[2024-10-12T11:10:04.528+0800][info] GC(525)   Pre Evacuate Collection Set: 0.1ms
[2024-10-12T11:10:04.528+0800][info] GC(525)   Merge Heap Roots: 0.1ms
[2024-10-12T11:10:04.528+0800][info] GC(525)   Evacuate Collection Set: 0.4ms
[2024-10-12T11:10:04.528+0800][info] GC(525)   Post Evacuate Collection Set: 0.2ms
[2024-10-12T11:10:04.528+0800][info] GC(525)   Other: 0.4ms
[2024-10-12T11:10:04.528+0800][info] GC(525) Eden regions: 1->0(3)
[2024-10-12T11:10:04.528+0800][info] GC(525) Survivor regions: 1->0(0)
[2024-10-12T11:10:04.528+0800][info] GC(525) Old regions: 57->59
[2024-10-12T11:10:04.528+0800][info] GC(525) Archive regions: 2->2
[2024-10-12T11:10:04.528+0800][info] GC(525) Humongous regions: 3->3
[2024-10-12T11:10:04.528+0800][info] GC(525) Metaspace: 1675K(1856K)->1675K(1856K) NonClass: 1551K(1664K)->1551K(1664K) Class: 124K(192K)->124K(192K)
[2024-10-12T11:10:04.528+0800][info] GC(525) Pause Young (Concurrent Start) (G1 Evacuation Pause) 113M->113M(128M) 1.199ms
[2024-10-12T11:10:04.528+0800][info] GC(525) User=0.00s Sys=0.00s Real=0.00s
[2024-10-12T11:10:04.528+0800][info] Attempting full compaction
[2024-10-12T11:10:04.528+0800][info] GC(526) Concurrent Mark Cycle
[2024-10-12T11:10:04.528+0800][info] GC(527) Using 3 workers of 48 for full compaction
[2024-10-12T11:10:04.528+0800][info] GC(526) Concurrent Clear Claimed Marks
[2024-10-12T11:10:04.528+0800][info] GC(526) Concurrent Clear Claimed Marks 0.059ms
[2024-10-12T11:10:04.528+0800][info] GC(526) Concurrent Scan Root Regions
[2024-10-12T11:10:04.528+0800][info] GC(526) Concurrent Scan Root Regions 0.015ms
[2024-10-12T11:10:04.528+0800][info] GC(526) Concurrent Mark
[2024-10-12T11:10:04.528+0800][info] GC(526) Concurrent Mark From Roots
[2024-10-12T11:10:04.528+0800][info] GC(527) Pause Full (G1 Compaction Pause)
[2024-10-12T11:10:04.528+0800][info] GC(526) Using 12 workers of 12 for marking
[2024-10-12T11:10:04.529+0800][info] GC(527) Phase 1: Mark live objects
[2024-10-12T11:10:04.532+0800][info] GC(527) Phase 1: Mark live objects 3.399ms
[2024-10-12T11:10:04.532+0800][info] GC(527) Phase 2: Prepare for compaction
[2024-10-12T11:10:04.533+0800][info] GC(527) Phase 2: Prepare for compaction 0.544ms
[2024-10-12T11:10:04.533+0800][info] GC(527) Phase 3: Adjust pointers
[2024-10-12T11:10:04.535+0800][info] GC(527) Phase 3: Adjust pointers 1.707ms
[2024-10-12T11:10:04.535+0800][info] GC(527) Phase 4: Compact heap
[2024-10-12T11:10:04.547+0800][info] GC(527) Phase 4: Compact heap 12.212ms
[2024-10-12T11:10:04.548+0800][info] GC(527) Eden regions: 0->0(3)
[2024-10-12T11:10:04.548+0800][info] GC(527) Survivor regions: 0->0(0)
[2024-10-12T11:10:04.548+0800][info] GC(527) Old regions: 59->40
[2024-10-12T11:10:04.548+0800][info] GC(527) Archive regions: 2->2
[2024-10-12T11:10:04.548+0800][info] GC(527) Humongous regions: 3->3
[2024-10-12T11:10:04.548+0800][info] GC(527) Metaspace: 1675K(1856K)->1675K(1856K) NonClass: 1551K(1664K)->1551K(1664K) Class: 124K(192K)->124K(192K)
[2024-10-12T11:10:04.549+0800][info] GC(527) Pause Full (G1 Compaction Pause) 113M->72M(128M) 20.193ms
[2024-10-12T11:10:04.549+0800][info] GC(527) User=0.05s Sys=0.00s Real=0.02s
[2024-10-12T11:10:04.549+0800][info] GC(526) Concurrent Mark From Roots 20.429ms
[2024-10-12T11:10:04.549+0800][info] GC(526) Concurrent Mark Abort
[2024-10-12T11:10:04.549+0800][info] GC(526) Concurrent Mark Cycle 20.670ms
[2024-10-12T11:10:04.713+0800][info] GC(528) Pause Young (Normal) (G1 Evacuation Pause)
[2024-10-12T11:10:04.713+0800][info] GC(528) Using 3 workers of 48 for evacuation
[2024-10-12T11:10:04.715+0800][info] GC(528)   Pre Evacuate Collection Set: 0.1ms
[2024-10-12T11:10:04.715+0800][info] GC(528)   Merge Heap Roots: 0.1ms
[2024-10-12T11:10:04.715+0800][info] GC(528)   Evacuate Collection Set: 1.4ms
[2024-10-12T11:10:04.715+0800][info] GC(528)   Post Evacuate Collection Set: 0.2ms
[2024-10-12T11:10:04.715+0800][info] GC(528)   Other: 0.2ms
[2024-10-12T11:10:04.715+0800][info] GC(528) Eden regions: 3->0(2)
[2024-10-12T11:10:04.715+0800][info] GC(528) Survivor regions: 0->1(1)
[2024-10-12T11:10:04.715+0800][info] GC(528) Old regions: 40->42
[2024-10-12T11:10:04.715+0800][info] GC(528) Archive regions: 2->2
[2024-10-12T11:10:04.715+0800][info] GC(528) Humongous regions: 3->3
[2024-10-12T11:10:04.715+0800][info] GC(528) Metaspace: 1683K(1856K)->1683K(1856K) NonClass: 1559K(1664K)->1559K(1664K) Class: 124K(192K)->124K(192K)
[2024-10-12T11:10:04.715+0800][info] GC(528) Pause Young (Normal) (G1 Evacuation Pause) 78M->78M(128M) 2.197ms
[2024-10-12T11:10:04.715+0800][info] GC(528) User=0.00s Sys=0.00s Real=0.01s
[2024-10-12T11:10:04.818+0800][info] GC(529) Pause Young (Normal) (G1 Evacuation Pause)
[2024-10-12T11:10:04.818+0800][info] GC(529) Using 3 workers of 48 for evacuation
[2024-10-12T11:10:04.819+0800][info] GC(529)   Pre Evacuate Collection Set: 0.1ms
[2024-10-12T11:10:04.819+0800][info] GC(529)   Merge Heap Roots: 0.0ms
[2024-10-12T11:10:04.819+0800][info] GC(529)   Evacuate Collection Set: 1.0ms
[2024-10-12T11:10:04.819+0800][info] GC(529)   Post Evacuate Collection Set: 0.2ms
[2024-10-12T11:10:04.819+0800][info] GC(529)   Other: 0.2ms
[2024-10-12T11:10:04.819+0800][info] GC(529) Eden regions: 2->0(2)
[2024-10-12T11:10:04.819+0800][info] GC(529) Survivor regions: 1->1(1)
[2024-10-12T11:10:04.819+0800][info] GC(529) Old regions: 42->44
[2024-10-12T11:10:04.819+0800][info] GC(529) Archive regions: 2->2
[2024-10-12T11:10:04.819+0800][info] GC(529) Humongous regions: 3->3
[2024-10-12T11:10:04.819+0800][info] GC(529) Metaspace: 1683K(1856K)->1683K(1856K) NonClass: 1559K(1664K)->1559K(1664K) Class: 124K(192K)->124K(192K)
[2024-10-12T11:10:04.819+0800][info] GC(529) Pause Young (Normal) (G1 Evacuation Pause) 81M->82M(128M) 1.641ms
[2024-10-12T11:10:04.819+0800][info] GC(529) User=0.00s Sys=0.00s Real=0.00s
[2024-10-12T11:10:04.921+0800][info] GC(530) Pause Young (Normal) (G1 Evacuation Pause)
[2024-10-12T11:10:04.921+0800][info] GC(530) Using 3 workers of 48 for evacuation
[2024-10-12T11:10:04.923+0800][info] GC(530)   Pre Evacuate Collection Set: 0.1ms
[2024-10-12T11:10:04.923+0800][info] GC(530)   Merge Heap Roots: 0.0ms
[2024-10-12T11:10:04.923+0800][info] GC(530)   Evacuate Collection Set: 0.9ms
[2024-10-12T11:10:04.923+0800][info] GC(530)   Post Evacuate Collection Set: 0.2ms
[2024-10-12T11:10:04.923+0800][info] GC(530)   Other: 0.2ms
[2024-10-12T11:10:04.923+0800][info] GC(530) Eden regions: 2->0(2)
[2024-10-12T11:10:04.923+0800][info] GC(530) Survivor regions: 1->1(1)
[2024-10-12T11:10:04.923+0800][info] GC(530) Old regions: 44->46
[2024-10-12T11:10:04.923+0800][info] GC(530) Archive regions: 2->2
[2024-10-12T11:10:04.923+0800][info] GC(530) Humongous regions: 3->3
[2024-10-12T11:10:04.923+0800][info] GC(530) Metaspace: 1683K(1856K)->1683K(1856K) NonClass: 1559K(1664K)->1559K(1664K) Class: 124K(192K)->124K(192K)
[2024-10-12T11:10:04.923+0800][info] GC(530) Pause Young (Normal) (G1 Evacuation Pause) 85M->85M(128M) 1.555ms
[2024-10-12T11:10:04.923+0800][info] GC(530) User=0.01s Sys=0.00s Real=0.00s
[2024-10-12T11:10:05.025+0800][info] GC(531) Pause Young (Concurrent Start) (G1 Evacuation Pause)
[2024-10-12T11:10:05.025+0800][info] GC(531) Using 3 workers of 48 for evacuation
[2024-10-12T11:10:05.027+0800][info] GC(531)   Pre Evacuate Collection Set: 0.1ms
[2024-10-12T11:10:05.027+0800][info] GC(531)   Merge Heap Roots: 0.0ms
[2024-10-12T11:10:05.027+0800][info] GC(531)   Evacuate Collection Set: 1.0ms
[2024-10-12T11:10:05.027+0800][info] GC(531)   Post Evacuate Collection Set: 0.2ms
[2024-10-12T11:10:05.027+0800][info] GC(531)   Other: 0.4ms
[2024-10-12T11:10:05.027+0800][info] GC(531) Eden regions: 2->0(2)
[2024-10-12T11:10:05.027+0800][info] GC(531) Survivor regions: 1->1(1)
[2024-10-12T11:10:05.027+0800][info] GC(531) Old regions: 46->48
[2024-10-12T11:10:05.027+0800][info] GC(531) Archive regions: 2->2
[2024-10-12T11:10:05.027+0800][info] GC(531) Humongous regions: 3->3
[2024-10-12T11:10:05.027+0800][info] GC(531) Metaspace: 1683K(1856K)->1683K(1856K) NonClass: 1559K(1664K)->1559K(1664K) Class: 124K(192K)->124K(192K)
[2024-10-12T11:10:05.027+0800][info] GC(531) Pause Young (Concurrent Start) (G1 Evacuation Pause) 89M->89M(128M) 1.883ms
[2024-10-12T11:10:05.027+0800][info] GC(531) User=0.00s Sys=0.00s Real=0.00s
[2024-10-12T11:10:05.027+0800][info] GC(532) Concurrent Mark Cycle
[2024-10-12T11:10:05.027+0800][info] GC(532) Concurrent Clear Claimed Marks
[2024-10-12T11:10:05.027+0800][info] GC(532) Concurrent Clear Claimed Marks 0.018ms
[2024-10-12T11:10:05.027+0800][info] GC(532) Concurrent Scan Root Regions
[2024-10-12T11:10:05.028+0800][info] GC(532) Concurrent Scan Root Regions 0.169ms
[2024-10-12T11:10:05.028+0800][info] GC(532) Concurrent Mark
[2024-10-12T11:10:05.028+0800][info] GC(532) Concurrent Mark From Roots
[2024-10-12T11:10:05.028+0800][info] GC(532) Using 12 workers of 12 for marking
[2024-10-12T11:10:05.032+0800][info] GC(532) Concurrent Mark From Roots 3.911ms
[2024-10-12T11:10:05.032+0800][info] GC(532) Concurrent Preclean
[2024-10-12T11:10:05.033+0800][info] GC(532) Concurrent Preclean 1.786ms
[2024-10-12T11:10:05.033+0800][info] GC(532) Pause Remark
[2024-10-12T11:10:05.035+0800][info] GC(532) Pause Remark 90M->90M(128M) 1.512ms
[2024-10-12T11:10:05.035+0800][info] GC(532) User=0.00s Sys=0.00s Real=0.00s
[2024-10-12T11:10:05.035+0800][info] GC(532) Concurrent Mark 7.413ms
[2024-10-12T11:10:05.035+0800][info] GC(532) Concurrent Rebuild Remembered Sets
[2024-10-12T11:10:05.036+0800][info] GC(532) Concurrent Rebuild Remembered Sets 1.154ms
[2024-10-12T11:10:05.036+0800][info] GC(532) Pause Cleanup
[2024-10-12T11:10:05.037+0800][info] GC(532) Pause Cleanup 90M->90M(128M) 0.194ms
[2024-10-12T11:10:05.037+0800][info] GC(532) User=0.00s Sys=0.00s Real=0.00s
[2024-10-12T11:10:05.037+0800][info] GC(532) Concurrent Cleanup for Next Mark
[2024-10-12T11:10:05.037+0800][info] GC(532) Concurrent Cleanup for Next Mark 0.376ms
[2024-10-12T11:10:05.037+0800][info] GC(532) Concurrent Mark Cycle 9.614ms
[2024-10-12T11:10:05.181+0800][info] GC(533) Pause Young (Prepare Mixed) (G1 Evacuation Pause)
[2024-10-12T11:10:05.181+0800][info] GC(533) Using 3 workers of 48 for evacuation
[2024-10-12T11:10:05.182+0800][info] GC(533)   Pre Evacuate Collection Set: 0.1ms
[2024-10-12T11:10:05.182+0800][info] GC(533)   Merge Heap Roots: 0.1ms
[2024-10-12T11:10:05.182+0800][info] GC(533)   Evacuate Collection Set: 1.1ms
[2024-10-12T11:10:05.182+0800][info] GC(533)   Post Evacuate Collection Set: 0.2ms
[2024-10-12T11:10:05.182+0800][info] GC(533)   Other: 0.2ms
[2024-10-12T11:10:05.182+0800][info] GC(533) Eden regions: 2->0(2)
[2024-10-12T11:10:05.182+0800][info] GC(533) Survivor regions: 1->1(1)
[2024-10-12T11:10:05.182+0800][info] GC(533) Old regions: 48->50
[2024-10-12T11:10:05.182+0800][info] GC(533) Archive regions: 2->2
[2024-10-12T11:10:05.182+0800][info] GC(533) Humongous regions: 3->3
[2024-10-12T11:10:05.182+0800][info] GC(533) Metaspace: 1683K(1856K)->1683K(1856K) NonClass: 1559K(1664K)->1559K(1664K) Class: 124K(192K)->124K(192K)
[2024-10-12T11:10:05.183+0800][info] GC(533) Pause Young (Prepare Mixed) (G1 Evacuation Pause) 93M->93M(128M) 1.880ms
[2024-10-12T11:10:05.183+0800][info] GC(533) User=0.00s Sys=0.00s Real=0.00s
[2024-10-12T11:10:05.244+0800][info] GC(534) Pause Young (Mixed) (G1 Preventive Collection)
[2024-10-12T11:10:05.244+0800][info] GC(534) Using 3 workers of 48 for evacuation
[2024-10-12T11:10:05.251+0800][info] GC(534) To-space exhausted
[2024-10-12T11:10:05.251+0800][info] GC(534)   Pre Evacuate Collection Set: 0.2ms
[2024-10-12T11:10:05.251+0800][info] GC(534)   Merge Heap Roots: 0.1ms
[2024-10-12T11:10:05.251+0800][info] GC(534)   Evacuate Collection Set: 4.7ms
[2024-10-12T11:10:05.251+0800][info] GC(534)   Post Evacuate Collection Set: 2.1ms
[2024-10-12T11:10:05.251+0800][info] GC(534)   Other: 0.2ms
[2024-10-12T11:10:05.251+0800][info] GC(534) Eden regions: 1->0(2)
[2024-10-12T11:10:05.251+0800][info] GC(534) Survivor regions: 1->1(1)
[2024-10-12T11:10:05.251+0800][info] GC(534) Old regions: 50->56
[2024-10-12T11:10:05.251+0800][info] GC(534) Archive regions: 2->2
[2024-10-12T11:10:05.251+0800][info] GC(534) Humongous regions: 3->3
[2024-10-12T11:10:05.251+0800][info] GC(534) Metaspace: 1683K(1856K)->1683K(1856K) NonClass: 1559K(1664K)->1559K(1664K) Class: 124K(192K)->124K(192K)
[2024-10-12T11:10:05.251+0800][info] GC(534) Pause Young (Mixed) (G1 Preventive Collection) 95M->106M(128M) 7.387ms
[2024-10-12T11:10:05.251+0800][info] GC(534) User=0.02s Sys=0.00s Real=0.01s
[2024-10-12T11:10:05.293+0800][info] GC(535) Pause Young (Concurrent Start) (G1 Preventive Collection)
[2024-10-12T11:10:05.293+0800][info] GC(535) Using 3 workers of 48 for evacuation
[2024-10-12T11:10:05.295+0800][info] GC(535) To-space exhausted
[2024-10-12T11:10:05.295+0800][info] GC(535)   Pre Evacuate Collection Set: 0.1ms
[2024-10-12T11:10:05.295+0800][info] GC(535)   Merge Heap Roots: 0.1ms
[2024-10-12T11:10:05.295+0800][info] GC(535)   Evacuate Collection Set: 1.3ms
[2024-10-12T11:10:05.295+0800][info] GC(535)   Post Evacuate Collection Set: 0.3ms
[2024-10-12T11:10:05.295+0800][info] GC(535)   Other: 0.4ms
[2024-10-12T11:10:05.295+0800][info] GC(535) Eden regions: 1->0(2)
[2024-10-12T11:10:05.295+0800][info] GC(535) Survivor regions: 1->1(1)
[2024-10-12T11:10:05.295+0800][info] GC(535) Old regions: 56->57
[2024-10-12T11:10:05.295+0800][info] GC(535) Archive regions: 2->2
[2024-10-12T11:10:05.295+0800][info] GC(535) Humongous regions: 3->3
[2024-10-12T11:10:05.295+0800][info] GC(535) Metaspace: 1683K(1856K)->1683K(1856K) NonClass: 1559K(1664K)->1559K(1664K) Class: 124K(192K)->124K(192K)
[2024-10-12T11:10:05.295+0800][info] GC(535) Pause Young (Concurrent Start) (G1 Preventive Collection) 108M->107M(128M) 2.286ms
[2024-10-12T11:10:05.295+0800][info] GC(535) User=0.00s Sys=0.00s Real=0.01s
[2024-10-12T11:10:05.295+0800][info] GC(536) Concurrent Mark Cycle
[2024-10-12T11:10:05.295+0800][info] GC(536) Concurrent Clear Claimed Marks
[2024-10-12T11:10:05.295+0800][info] GC(536) Concurrent Clear Claimed Marks 0.019ms
[2024-10-12T11:10:05.295+0800][info] GC(536) Concurrent Scan Root Regions
[2024-10-12T11:10:05.295+0800][info] GC(536) Concurrent Scan Root Regions 0.164ms
[2024-10-12T11:10:05.295+0800][info] GC(536) Concurrent Mark
[2024-10-12T11:10:05.295+0800][info] GC(536) Concurrent Mark From Roots
[2024-10-12T11:10:05.295+0800][info] GC(536) Using 12 workers of 12 for marking
[2024-10-12T11:10:05.299+0800][info] GC(536) Concurrent Mark From Roots 3.967ms
[2024-10-12T11:10:05.299+0800][info] GC(536) Concurrent Preclean
[2024-10-12T11:10:05.301+0800][info] GC(536) Concurrent Preclean 1.766ms
[2024-10-12T11:10:05.301+0800][info] GC(536) Pause Remark
[2024-10-12T11:10:05.303+0800][info] GC(536) Pause Remark 108M->106M(128M) 1.637ms
[2024-10-12T11:10:05.303+0800][info] GC(536) User=0.00s Sys=0.00s Real=0.00s
[2024-10-12T11:10:05.303+0800][info] GC(536) Concurrent Mark 7.553ms
[2024-10-12T11:10:05.303+0800][info] GC(536) Concurrent Rebuild Remembered Sets
[2024-10-12T11:10:05.304+0800][info] GC(536) Concurrent Rebuild Remembered Sets 1.159ms
[2024-10-12T11:10:05.304+0800][info] GC(536) Pause Cleanup
[2024-10-12T11:10:05.304+0800][info] GC(536) Pause Cleanup 106M->106M(128M) 0.161ms
[2024-10-12T11:10:05.304+0800][info] GC(536) User=0.00s Sys=0.00s Real=0.00s
[2024-10-12T11:10:05.304+0800][info] GC(536) Concurrent Cleanup for Next Mark
[2024-10-12T11:10:05.305+0800][info] GC(536) Concurrent Cleanup for Next Mark 0.459ms
[2024-10-12T11:10:05.305+0800][info] GC(536) Concurrent Mark Cycle 9.772ms
[2024-10-12T11:10:05.408+0800][info] GC(537) Pause Young (Prepare Mixed) (G1 Preventive Collection)
[2024-10-12T11:10:05.408+0800][info] GC(537) Using 3 workers of 48 for evacuation
[2024-10-12T11:10:05.409+0800][info] GC(537) To-space exhausted
[2024-10-12T11:10:05.409+0800][info] GC(537)   Pre Evacuate Collection Set: 0.1ms
[2024-10-12T11:10:05.409+0800][info] GC(537)   Merge Heap Roots: 0.1ms
[2024-10-12T11:10:05.409+0800][info] GC(537)   Evacuate Collection Set: 0.6ms
[2024-10-12T11:10:05.409+0800][info] GC(537)   Post Evacuate Collection Set: 0.2ms
[2024-10-12T11:10:05.409+0800][info] GC(537)   Other: 0.2ms
[2024-10-12T11:10:05.409+0800][info] GC(537) Eden regions: 1->0(2)
[2024-10-12T11:10:05.409+0800][info] GC(537) Survivor regions: 1->1(1)
[2024-10-12T11:10:05.409+0800][info] GC(537) Old regions: 56->57
[2024-10-12T11:10:05.409+0800][info] GC(537) Archive regions: 2->2
[2024-10-12T11:10:05.409+0800][info] GC(537) Humongous regions: 3->3
[2024-10-12T11:10:05.409+0800][info] GC(537) Metaspace: 1683K(1856K)->1683K(1856K) NonClass: 1559K(1664K)->1559K(1664K) Class: 124K(192K)->124K(192K)
[2024-10-12T11:10:05.409+0800][info] GC(537) Pause Young (Prepare Mixed) (G1 Preventive Collection) 108M->108M(128M) 1.467ms
[2024-10-12T11:10:05.409+0800][info] GC(537) User=0.00s Sys=0.00s Real=0.00s
[2024-10-12T11:10:05.450+0800][info] GC(538) Pause Young (Mixed) (G1 Evacuation Pause)
[2024-10-12T11:10:05.450+0800][info] GC(538) Using 3 workers of 48 for evacuation
[2024-10-12T11:10:05.456+0800][info] GC(538) To-space exhausted
[2024-10-12T11:10:05.456+0800][info] GC(538)   Pre Evacuate Collection Set: 0.2ms
[2024-10-12T11:10:05.456+0800][info] GC(538)   Merge Heap Roots: 0.1ms
[2024-10-12T11:10:05.456+0800][info] GC(538)   Evacuate Collection Set: 3.9ms
[2024-10-12T11:10:05.456+0800][info] GC(538)   Post Evacuate Collection Set: 1.8ms
[2024-10-12T11:10:05.456+0800][info] GC(538)   Other: 0.2ms
[2024-10-12T11:10:05.456+0800][info] GC(538) Eden regions: 1->0(3)
[2024-10-12T11:10:05.456+0800][info] GC(538) Survivor regions: 1->0(0)
[2024-10-12T11:10:05.456+0800][info] GC(538) Old regions: 57->59
[2024-10-12T11:10:05.456+0800][info] GC(538) Archive regions: 2->2
[2024-10-12T11:10:05.456+0800][info] GC(538) Humongous regions: 3->3
[2024-10-12T11:10:05.457+0800][info] GC(538) Metaspace: 1683K(1856K)->1683K(1856K) NonClass: 1559K(1664K)->1559K(1664K) Class: 124K(192K)->124K(192K)
[2024-10-12T11:10:05.457+0800][info] GC(538) Pause Young (Mixed) (G1 Evacuation Pause) 109M->109M(128M) 6.288ms
[2024-10-12T11:10:05.457+0800][info] GC(538) User=0.02s Sys=0.00s Real=0.01s
[2024-10-12T11:10:05.457+0800][info] Attempting full compaction
[2024-10-12T11:10:05.457+0800][info] GC(539) Using 3 workers of 48 for full compaction
[2024-10-12T11:10:05.457+0800][info] GC(539) Pause Full (G1 Compaction Pause)
[2024-10-12T11:10:05.457+0800][info] GC(539) Phase 1: Mark live objects
[2024-10-12T11:10:05.460+0800][info] GC(539) Phase 1: Mark live objects 3.339ms
[2024-10-12T11:10:05.460+0800][info] GC(539) Phase 2: Prepare for compaction
[2024-10-12T11:10:05.461+0800][info] GC(539) Phase 2: Prepare for compaction 0.622ms
[2024-10-12T11:10:05.461+0800][info] GC(539) Phase 3: Adjust pointers
[2024-10-12T11:10:05.463+0800][info] GC(539) Phase 3: Adjust pointers 1.785ms
[2024-10-12T11:10:05.463+0800][info] GC(539) Phase 4: Compact heap
[2024-10-12T11:10:05.475+0800][info] GC(539) Phase 4: Compact heap 12.560ms
[2024-10-12T11:10:05.477+0800][info] GC(539) Eden regions: 0->0(4)
[2024-10-12T11:10:05.477+0800][info] GC(539) Survivor regions: 0->0(0)
[2024-10-12T11:10:05.477+0800][info] GC(539) Old regions: 59->38
[2024-10-12T11:10:05.477+0800][info] GC(539) Archive regions: 2->2
[2024-10-12T11:10:05.477+0800][info] GC(539) Humongous regions: 3->3
[2024-10-12T11:10:05.477+0800][info] GC(539) Metaspace: 1683K(1856K)->1683K(1856K) NonClass: 1559K(1664K)->1559K(1664K) Class: 124K(192K)->124K(192K)
[2024-10-12T11:10:05.477+0800][info] GC(539) Pause Full (G1 Compaction Pause) 109M->72M(128M) 20.081ms
[2024-10-12T11:10:05.477+0800][info] GC(539) User=0.04s Sys=0.00s Real=0.02s
[2024-10-12T11:10:05.703+0800][info] GC(540) Pause Young (Normal) (G1 Evacuation Pause)
[2024-10-12T11:10:05.703+0800][info] GC(540) Using 3 workers of 48 for evacuation
[2024-10-12T11:10:05.705+0800][info] GC(540)   Pre Evacuate Collection Set: 0.1ms
[2024-10-12T11:10:05.705+0800][info] GC(540)   Merge Heap Roots: 0.0ms
[2024-10-12T11:10:05.705+0800][info] GC(540)   Evacuate Collection Set: 1.3ms
[2024-10-12T11:10:05.705+0800][info] GC(540)   Post Evacuate Collection Set: 0.2ms
[2024-10-12T11:10:05.705+0800][info] GC(540)   Other: 0.3ms
[2024-10-12T11:10:05.705+0800][info] GC(540) Eden regions: 4->0(2)
[2024-10-12T11:10:05.705+0800][info] GC(540) Survivor regions: 0->1(1)
[2024-10-12T11:10:05.705+0800][info] GC(540) Old regions: 38->42
[2024-10-12T11:10:05.705+0800][info] GC(540) Archive regions: 2->2
[2024-10-12T11:10:05.705+0800][info] GC(540) Humongous regions: 4->4
[2024-10-12T11:10:05.705+0800][info] GC(540) Metaspace: 1683K(1856K)->1683K(1856K) NonClass: 1559K(1664K)->1559K(1664K) Class: 124K(192K)->124K(192K)
[2024-10-12T11:10:05.705+0800][info] GC(540) Pause Young (Normal) (G1 Evacuation Pause) 81M->82M(128M) 2.067ms
[2024-10-12T11:10:05.705+0800][info] GC(540) User=0.00s Sys=0.00s Real=0.00s
[2024-10-12T11:10:05.810+0800][info] GC(541) Pause Young (Normal) (G1 Evacuation Pause)
[2024-10-12T11:10:05.810+0800][info] GC(541) Using 3 workers of 48 for evacuation
[2024-10-12T11:10:05.812+0800][info] GC(541)   Pre Evacuate Collection Set: 0.2ms
[2024-10-12T11:10:05.812+0800][info] GC(541)   Merge Heap Roots: 0.1ms
[2024-10-12T11:10:05.812+0800][info] GC(541)   Evacuate Collection Set: 1.1ms
[2024-10-12T11:10:05.812+0800][info] GC(541)   Post Evacuate Collection Set: 0.4ms
[2024-10-12T11:10:05.812+0800][info] GC(541)   Other: 0.3ms
[2024-10-12T11:10:05.812+0800][info] GC(541) Eden regions: 2->0(2)
[2024-10-12T11:10:05.813+0800][info] GC(541) Survivor regions: 1->1(1)
[2024-10-12T11:10:05.813+0800][info] GC(541) Old regions: 42->44
[2024-10-12T11:10:05.813+0800][info] GC(541) Archive regions: 2->2
[2024-10-12T11:10:05.813+0800][info] GC(541) Humongous regions: 4->4
[2024-10-12T11:10:05.813+0800][info] GC(541) Metaspace: 1683K(1856K)->1683K(1856K) NonClass: 1559K(1664K)->1559K(1664K) Class: 124K(192K)->124K(192K)
[2024-10-12T11:10:05.813+0800][info] GC(541) Pause Young (Normal) (G1 Evacuation Pause) 86M->86M(128M) 2.220ms
[2024-10-12T11:10:05.813+0800][info] GC(541) User=0.01s Sys=0.00s Real=0.00s
[2024-10-12T11:10:05.915+0800][info] GC(542) Pause Young (Normal) (G1 Evacuation Pause)
[2024-10-12T11:10:05.915+0800][info] GC(542) Using 3 workers of 48 for evacuation
[2024-10-12T11:10:05.916+0800][info] GC(542)   Pre Evacuate Collection Set: 0.1ms
[2024-10-12T11:10:05.916+0800][info] GC(542)   Merge Heap Roots: 0.1ms
[2024-10-12T11:10:05.916+0800][info] GC(542)   Evacuate Collection Set: 1.0ms
[2024-10-12T11:10:05.916+0800][info] GC(542)   Post Evacuate Collection Set: 0.2ms
[2024-10-12T11:10:05.916+0800][info] GC(542)   Other: 0.2ms
[2024-10-12T11:10:05.916+0800][info] GC(542) Eden regions: 2->0(2)
[2024-10-12T11:10:05.917+0800][info] GC(542) Survivor regions: 1->1(1)
[2024-10-12T11:10:05.917+0800][info] GC(542) Old regions: 44->46
[2024-10-12T11:10:05.917+0800][info] GC(542) Archive regions: 2->2
[2024-10-12T11:10:05.917+0800][info] GC(542) Humongous regions: 4->4
[2024-10-12T11:10:05.917+0800][info] GC(542) Metaspace: 1683K(1856K)->1683K(1856K) NonClass: 1559K(1664K)->1559K(1664K) Class: 124K(192K)->124K(192K)
[2024-10-12T11:10:05.917+0800][info] GC(542) Pause Young (Normal) (G1 Evacuation Pause) 90M->90M(128M) 1.727ms
[2024-10-12T11:10:05.917+0800][info] GC(542) User=0.00s Sys=0.00s Real=0.00s
[2024-10-12T11:10:06.019+0800][info] GC(543) Pause Young (Concurrent Start) (G1 Evacuation Pause)
[2024-10-12T11:10:06.019+0800][info] GC(543) Using 3 workers of 48 for evacuation
[2024-10-12T11:10:06.022+0800][info] GC(543)   Pre Evacuate Collection Set: 0.2ms
[2024-10-12T11:10:06.022+0800][info] GC(543)   Merge Heap Roots: 0.1ms
[2024-10-12T11:10:06.022+0800][info] GC(543)   Evacuate Collection Set: 1.4ms
[2024-10-12T11:10:06.022+0800][info] GC(543)   Post Evacuate Collection Set: 0.2ms
[2024-10-12T11:10:06.022+0800][info] GC(543)   Other: 1.1ms
[2024-10-12T11:10:06.022+0800][info] GC(543) Eden regions: 2->0(2)
[2024-10-12T11:10:06.022+0800][info] GC(543) Survivor regions: 1->1(1)
[2024-10-12T11:10:06.022+0800][info] GC(543) Old regions: 46->48
[2024-10-12T11:10:06.022+0800][info] GC(543) Archive regions: 2->2
[2024-10-12T11:10:06.022+0800][info] GC(543) Humongous regions: 4->4
[2024-10-12T11:10:06.022+0800][info] GC(543) Metaspace: 1683K(1856K)->1683K(1856K) NonClass: 1559K(1664K)->1559K(1664K) Class: 124K(192K)->124K(192K)
[2024-10-12T11:10:06.022+0800][info] GC(543) Pause Young (Concurrent Start) (G1 Evacuation Pause) 94M->94M(128M) 3.218ms
[2024-10-12T11:10:06.022+0800][info] GC(543) User=0.01s Sys=0.00s Real=0.00s
[2024-10-12T11:10:06.022+0800][info] GC(544) Concurrent Mark Cycle
[2024-10-12T11:10:06.022+0800][info] GC(544) Concurrent Clear Claimed Marks
[2024-10-12T11:10:06.022+0800][info] GC(544) Concurrent Clear Claimed Marks 0.014ms
[2024-10-12T11:10:06.022+0800][info] GC(544) Concurrent Scan Root Regions
[2024-10-12T11:10:06.023+0800][info] GC(544) Concurrent Scan Root Regions 0.217ms
[2024-10-12T11:10:06.023+0800][info] GC(544) Concurrent Mark
[2024-10-12T11:10:06.023+0800][info] GC(544) Concurrent Mark From Roots
[2024-10-12T11:10:06.023+0800][info] GC(544) Using 12 workers of 12 for marking
[2024-10-12T11:10:06.027+0800][info] GC(544) Concurrent Mark From Roots 3.953ms
[2024-10-12T11:10:06.027+0800][info] GC(544) Concurrent Preclean
[2024-10-12T11:10:06.028+0800][info] GC(544) Concurrent Preclean 1.689ms
[2024-10-12T11:10:06.029+0800][info] GC(544) Pause Remark
[2024-10-12T11:10:06.031+0800][info] GC(544) Pause Remark 95M->91M(128M) 2.960ms
[2024-10-12T11:10:06.032+0800][info] GC(544) User=0.00s Sys=0.00s Real=0.00s
[2024-10-12T11:10:06.032+0800][info] GC(544) Concurrent Mark 8.847ms
[2024-10-12T11:10:06.032+0800][info] GC(544) Concurrent Rebuild Remembered Sets
[2024-10-12T11:10:06.033+0800][info] GC(544) Concurrent Rebuild Remembered Sets 1.247ms
[2024-10-12T11:10:06.033+0800][info] GC(544) Pause Cleanup
[2024-10-12T11:10:06.033+0800][info] GC(544) Pause Cleanup 91M->91M(128M) 0.181ms
[2024-10-12T11:10:06.033+0800][info] GC(544) User=0.00s Sys=0.00s Real=0.01s
[2024-10-12T11:10:06.033+0800][info] GC(544) Concurrent Cleanup for Next Mark
[2024-10-12T11:10:06.036+0800][info] GC(544) Concurrent Cleanup for Next Mark 3.116ms
[2024-10-12T11:10:06.036+0800][info] GC(544) Concurrent Mark Cycle 13.940ms
[2024-10-12T11:10:06.176+0800][info] GC(545) Pause Young (Prepare Mixed) (G1 Evacuation Pause)
[2024-10-12T11:10:06.176+0800][info] GC(545) Using 3 workers of 48 for evacuation
[2024-10-12T11:10:06.177+0800][info] GC(545)   Pre Evacuate Collection Set: 0.1ms
[2024-10-12T11:10:06.177+0800][info] GC(545)   Merge Heap Roots: 0.1ms
[2024-10-12T11:10:06.177+0800][info] GC(545)   Evacuate Collection Set: 0.9ms
[2024-10-12T11:10:06.177+0800][info] GC(545)   Post Evacuate Collection Set: 0.3ms
[2024-10-12T11:10:06.177+0800][info] GC(545)   Other: 0.2ms
[2024-10-12T11:10:06.177+0800][info] GC(545) Eden regions: 2->0(2)
[2024-10-12T11:10:06.177+0800][info] GC(545) Survivor regions: 1->1(1)
[2024-10-12T11:10:06.177+0800][info] GC(545) Old regions: 47->49
[2024-10-12T11:10:06.177+0800][info] GC(545) Archive regions: 2->2
[2024-10-12T11:10:06.177+0800][info] GC(545) Humongous regions: 3->3
[2024-10-12T11:10:06.177+0800][info] GC(545) Metaspace: 1683K(1856K)->1683K(1856K) NonClass: 1559K(1664K)->1559K(1664K) Class: 124K(192K)->124K(192K)
[2024-10-12T11:10:06.177+0800][info] GC(545) Pause Young (Prepare Mixed) (G1 Evacuation Pause) 94M->94M(128M) 1.748ms
[2024-10-12T11:10:06.177+0800][info] GC(545) User=0.00s Sys=0.00s Real=0.00s
[2024-10-12T11:10:06.239+0800][info] GC(546) Pause Young (Mixed) (G1 Preventive Collection)
[2024-10-12T11:10:06.239+0800][info] GC(546) Using 3 workers of 48 for evacuation
[2024-10-12T11:10:06.246+0800][info] GC(546) To-space exhausted
[2024-10-12T11:10:06.246+0800][info] GC(546)   Pre Evacuate Collection Set: 0.2ms
[2024-10-12T11:10:06.246+0800][info] GC(546)   Merge Heap Roots: 0.1ms
[2024-10-12T11:10:06.246+0800][info] GC(546)   Evacuate Collection Set: 4.9ms
[2024-10-12T11:10:06.246+0800][info] GC(546)   Post Evacuate Collection Set: 1.3ms
[2024-10-12T11:10:06.246+0800][info] GC(546)   Other: 0.2ms
[2024-10-12T11:10:06.246+0800][info] GC(546) Eden regions: 1->0(2)
[2024-10-12T11:10:06.246+0800][info] GC(546) Survivor regions: 1->1(1)
[2024-10-12T11:10:06.246+0800][info] GC(546) Old regions: 49->56
[2024-10-12T11:10:06.246+0800][info] GC(546) Archive regions: 2->2
[2024-10-12T11:10:06.246+0800][info] GC(546) Humongous regions: 3->3
[2024-10-12T11:10:06.246+0800][info] GC(546) Metaspace: 1683K(1856K)->1683K(1856K) NonClass: 1559K(1664K)->1559K(1664K) Class: 124K(192K)->124K(192K)
[2024-10-12T11:10:06.246+0800][info] GC(546) Pause Young (Mixed) (G1 Preventive Collection) 96M->110M(128M) 6.845ms
[2024-10-12T11:10:06.246+0800][info] GC(546) User=0.02s Sys=0.00s Real=0.01s
[2024-10-12T11:10:06.287+0800][info] GC(547) Pause Young (Concurrent Start) (G1 Preventive Collection)
[2024-10-12T11:10:06.287+0800][info] GC(547) Using 3 workers of 48 for evacuation
[2024-10-12T11:10:06.289+0800][info] GC(547) To-space exhausted
[2024-10-12T11:10:06.289+0800][info] GC(547)   Pre Evacuate Collection Set: 0.1ms
[2024-10-12T11:10:06.289+0800][info] GC(547)   Merge Heap Roots: 0.1ms
[2024-10-12T11:10:06.289+0800][info] GC(547)   Evacuate Collection Set: 0.8ms
[2024-10-12T11:10:06.289+0800][info] GC(547)   Post Evacuate Collection Set: 0.3ms
[2024-10-12T11:10:06.289+0800][info] GC(547)   Other: 0.4ms
[2024-10-12T11:10:06.289+0800][info] GC(547) Eden regions: 1->0(2)
[2024-10-12T11:10:06.289+0800][info] GC(547) Survivor regions: 1->1(1)
[2024-10-12T11:10:06.289+0800][info] GC(547) Old regions: 56->57
[2024-10-12T11:10:06.289+0800][info] GC(547) Archive regions: 2->2
[2024-10-12T11:10:06.289+0800][info] GC(547) Humongous regions: 3->3
[2024-10-12T11:10:06.289+0800][info] GC(547) Metaspace: 1683K(1856K)->1683K(1856K) NonClass: 1559K(1664K)->1559K(1664K) Class: 124K(192K)->124K(192K)
[2024-10-12T11:10:06.289+0800][info] GC(547) Pause Young (Concurrent Start) (G1 Preventive Collection) 112M->111M(128M) 1.787ms
[2024-10-12T11:10:06.289+0800][info] GC(547) User=0.01s Sys=0.00s Real=0.00s
[2024-10-12T11:10:06.289+0800][info] GC(548) Concurrent Mark Cycle
[2024-10-12T11:10:06.289+0800][info] GC(548) Concurrent Clear Claimed Marks
[2024-10-12T11:10:06.289+0800][info] GC(548) Concurrent Clear Claimed Marks 0.019ms
[2024-10-12T11:10:06.289+0800][info] GC(548) Concurrent Scan Root Regions
[2024-10-12T11:10:06.289+0800][info] GC(548) Concurrent Scan Root Regions 0.156ms
[2024-10-12T11:10:06.289+0800][info] GC(548) Concurrent Mark
[2024-10-12T11:10:06.289+0800][info] GC(548) Concurrent Mark From Roots
[2024-10-12T11:10:06.289+0800][info] GC(548) Using 12 workers of 12 for marking
[2024-10-12T11:10:06.293+0800][info] GC(548) Concurrent Mark From Roots 3.993ms
[2024-10-12T11:10:06.293+0800][info] GC(548) Concurrent Preclean
[2024-10-12T11:10:06.295+0800][info] GC(548) Concurrent Preclean 1.778ms
[2024-10-12T11:10:06.295+0800][info] GC(548) Pause Remark
[2024-10-12T11:10:06.297+0800][info] GC(548) Pause Remark 112M->112M(128M) 1.527ms
[2024-10-12T11:10:06.297+0800][info] GC(548) User=0.00s Sys=0.00s Real=0.00s
[2024-10-12T11:10:06.297+0800][info] GC(548) Concurrent Mark 7.502ms
[2024-10-12T11:10:06.297+0800][info] GC(548) Concurrent Rebuild Remembered Sets
[2024-10-12T11:10:06.298+0800][info] GC(548) Concurrent Rebuild Remembered Sets 1.058ms
[2024-10-12T11:10:06.298+0800][info] GC(548) Pause Cleanup
[2024-10-12T11:10:06.298+0800][info] GC(548) Pause Cleanup 112M->112M(128M) 0.207ms
[2024-10-12T11:10:06.298+0800][info] GC(548) User=0.00s Sys=0.00s Real=0.00s
[2024-10-12T11:10:06.298+0800][info] GC(548) Concurrent Cleanup for Next Mark
[2024-10-12T11:10:06.299+0800][info] GC(548) Concurrent Cleanup for Next Mark 0.798ms
[2024-10-12T11:10:06.299+0800][info] GC(548) Concurrent Mark Cycle 10.061ms
[2024-10-12T11:10:06.402+0800][info] GC(549) Pause Young (Prepare Mixed) (G1 Evacuation Pause)
[2024-10-12T11:10:06.402+0800][info] GC(549) Using 3 workers of 48 for evacuation
[2024-10-12T11:10:06.402+0800][info] GC(549) To-space exhausted
[2024-10-12T11:10:06.402+0800][info] GC(549)   Pre Evacuate Collection Set: 0.1ms
[2024-10-12T11:10:06.403+0800][info] GC(549)   Merge Heap Roots: 0.1ms
[2024-10-12T11:10:06.403+0800][info] GC(549)   Evacuate Collection Set: 0.2ms
[2024-10-12T11:10:06.403+0800][info] GC(549)   Post Evacuate Collection Set: 0.3ms
[2024-10-12T11:10:06.403+0800][info] GC(549)   Other: 0.2ms
[2024-10-12T11:10:06.403+0800][info] GC(549) Eden regions: 1->0(3)
[2024-10-12T11:10:06.403+0800][info] GC(549) Survivor regions: 1->0(0)
[2024-10-12T11:10:06.403+0800][info] GC(549) Old regions: 57->59
[2024-10-12T11:10:06.403+0800][info] GC(549) Archive regions: 2->2
[2024-10-12T11:10:06.403+0800][info] GC(549) Humongous regions: 3->3
[2024-10-12T11:10:06.403+0800][info] GC(549) Metaspace: 1683K(1856K)->1683K(1856K) NonClass: 1559K(1664K)->1559K(1664K) Class: 124K(192K)->124K(192K)
[2024-10-12T11:10:06.403+0800][info] GC(549) Pause Young (Prepare Mixed) (G1 Evacuation Pause) 113M->113M(128M) 0.996ms
[2024-10-12T11:10:06.403+0800][info] GC(549) User=0.00s Sys=0.00s Real=0.00s
[2024-10-12T11:10:06.403+0800][info] Attempting full compaction
[2024-10-12T11:10:06.403+0800][info] GC(550) Using 3 workers of 48 for full compaction
[2024-10-12T11:10:06.403+0800][info] GC(550) Pause Full (G1 Compaction Pause)
[2024-10-12T11:10:06.403+0800][info] GC(550) Phase 1: Mark live objects
[2024-10-12T11:10:06.406+0800][info] GC(550) Phase 1: Mark live objects 3.166ms
[2024-10-12T11:10:06.406+0800][info] GC(550) Phase 2: Prepare for compaction
[2024-10-12T11:10:06.407+0800][info] GC(550) Phase 2: Prepare for compaction 0.896ms
[2024-10-12T11:10:06.407+0800][info] GC(550) Phase 3: Adjust pointers
[2024-10-12T11:10:06.409+0800][info] GC(550) Phase 3: Adjust pointers 1.988ms
[2024-10-12T11:10:06.409+0800][info] GC(550) Phase 4: Compact heap
[2024-10-12T11:10:06.421+0800][info] GC(550) Phase 4: Compact heap 12.347ms
[2024-10-12T11:10:06.423+0800][info] GC(550) Eden regions: 0->0(4)
[2024-10-12T11:10:06.423+0800][info] GC(550) Survivor regions: 0->0(0)
[2024-10-12T11:10:06.423+0800][info] GC(550) Old regions: 59->39
[2024-10-12T11:10:06.423+0800][info] GC(550) Archive regions: 2->2
[2024-10-12T11:10:06.423+0800][info] GC(550) Humongous regions: 3->3
[2024-10-12T11:10:06.423+0800][info] GC(550) Metaspace: 1683K(1856K)->1683K(1856K) NonClass: 1559K(1664K)->1559K(1664K) Class: 124K(192K)->124K(192K)
[2024-10-12T11:10:06.423+0800][info] GC(550) Pause Full (G1 Compaction Pause) 113M->71M(128M) 20.197ms
[2024-10-12T11:10:06.423+0800][info] GC(550) User=0.04s Sys=0.00s Real=0.02s
[2024-10-12T11:10:06.628+0800][info] GC(551) Pause Young (Normal) (G1 Evacuation Pause)
[2024-10-12T11:10:06.628+0800][info] GC(551) Using 3 workers of 48 for evacuation
[2024-10-12T11:10:06.630+0800][info] GC(551)   Pre Evacuate Collection Set: 0.1ms
[2024-10-12T11:10:06.630+0800][info] GC(551)   Merge Heap Roots: 0.1ms
[2024-10-12T11:10:06.630+0800][info] GC(551)   Evacuate Collection Set: 1.4ms
[2024-10-12T11:10:06.630+0800][info] GC(551)   Post Evacuate Collection Set: 0.2ms
[2024-10-12T11:10:06.630+0800][info] GC(551)   Other: 0.2ms
[2024-10-12T11:10:06.630+0800][info] GC(551) Eden regions: 4->0(2)
[2024-10-12T11:10:06.630+0800][info] GC(551) Survivor regions: 0->1(1)
[2024-10-12T11:10:06.630+0800][info] GC(551) Old regions: 39->42
[2024-10-12T11:10:06.630+0800][info] GC(551) Archive regions: 2->2
[2024-10-12T11:10:06.630+0800][info] GC(551) Humongous regions: 3->3
[2024-10-12T11:10:06.630+0800][info] GC(551) Metaspace: 1695K(1856K)->1695K(1856K) NonClass: 1570K(1664K)->1570K(1664K) Class: 124K(192K)->124K(192K)
[2024-10-12T11:10:06.630+0800][info] GC(551) Pause Young (Normal) (G1 Evacuation Pause) 79M->79M(128M) 2.110ms
[2024-10-12T11:10:06.630+0800][info] GC(551) User=0.00s Sys=0.00s Real=0.00s
[2024-10-12T11:10:06.733+0800][info] GC(552) Pause Young (Normal) (G1 Evacuation Pause)
[2024-10-12T11:10:06.733+0800][info] GC(552) Using 3 workers of 48 for evacuation
[2024-10-12T11:10:06.735+0800][info] GC(552)   Pre Evacuate Collection Set: 0.1ms
[2024-10-12T11:10:06.735+0800][info] GC(552)   Merge Heap Roots: 0.1ms
[2024-10-12T11:10:06.735+0800][info] GC(552)   Evacuate Collection Set: 1.0ms
[2024-10-12T11:10:06.735+0800][info] GC(552)   Post Evacuate Collection Set: 0.2ms
[2024-10-12T11:10:06.735+0800][info] GC(552)   Other: 0.3ms
[2024-10-12T11:10:06.735+0800][info] GC(552) Eden regions: 2->0(2)
[2024-10-12T11:10:06.735+0800][info] GC(552) Survivor regions: 1->1(1)
[2024-10-12T11:10:06.735+0800][info] GC(552) Old regions: 42->44
[2024-10-12T11:10:06.735+0800][info] GC(552) Archive regions: 2->2
[2024-10-12T11:10:06.735+0800][info] GC(552) Humongous regions: 3->3
[2024-10-12T11:10:06.735+0800][info] GC(552) Metaspace: 1695K(1856K)->1695K(1856K) NonClass: 1570K(1664K)->1570K(1664K) Class: 124K(192K)->124K(192K)
[2024-10-12T11:10:06.735+0800][info] GC(552) Pause Young (Normal) (G1 Evacuation Pause) 82M->83M(128M) 1.797ms
[2024-10-12T11:10:06.735+0800][info] GC(552) User=0.00s Sys=0.01s Real=0.00s
[2024-10-12T11:10:06.837+0800][info] GC(553) Pause Young (Normal) (G1 Evacuation Pause)
[2024-10-12T11:10:06.837+0800][info] GC(553) Using 3 workers of 48 for evacuation
[2024-10-12T11:10:06.838+0800][info] GC(553)   Pre Evacuate Collection Set: 0.1ms
[2024-10-12T11:10:06.839+0800][info] GC(553)   Merge Heap Roots: 0.1ms
[2024-10-12T11:10:06.839+0800][info] GC(553)   Evacuate Collection Set: 0.8ms
[2024-10-12T11:10:06.839+0800][info] GC(553)   Post Evacuate Collection Set: 0.2ms
[2024-10-12T11:10:06.839+0800][info] GC(553)   Other: 0.2ms
[2024-10-12T11:10:06.839+0800][info] GC(553) Eden regions: 2->0(2)
[2024-10-12T11:10:06.839+0800][info] GC(553) Survivor regions: 1->1(1)
[2024-10-12T11:10:06.839+0800][info] GC(553) Old regions: 44->46
[2024-10-12T11:10:06.839+0800][info] GC(553) Archive regions: 2->2
[2024-10-12T11:10:06.839+0800][info] GC(553) Humongous regions: 3->3
[2024-10-12T11:10:06.839+0800][info] GC(553) Metaspace: 1695K(1856K)->1695K(1856K) NonClass: 1570K(1664K)->1570K(1664K) Class: 124K(192K)->124K(192K)
[2024-10-12T11:10:06.839+0800][info] GC(553) Pause Young (Normal) (G1 Evacuation Pause) 86M->87M(128M) 1.495ms
[2024-10-12T11:10:06.839+0800][info] GC(553) User=0.00s Sys=0.00s Real=0.00s
[2024-10-12T11:10:06.941+0800][info] GC(554) Pause Young (Concurrent Start) (G1 Evacuation Pause)
[2024-10-12T11:10:06.941+0800][info] GC(554) Using 3 workers of 48 for evacuation
[2024-10-12T11:10:06.943+0800][info] GC(554)   Pre Evacuate Collection Set: 0.1ms
[2024-10-12T11:10:06.943+0800][info] GC(554)   Merge Heap Roots: 0.1ms
[2024-10-12T11:10:06.943+0800][info] GC(554)   Evacuate Collection Set: 1.0ms
[2024-10-12T11:10:06.943+0800][info] GC(554)   Post Evacuate Collection Set: 0.2ms
[2024-10-12T11:10:06.943+0800][info] GC(554)   Other: 0.4ms
[2024-10-12T11:10:06.943+0800][info] GC(554) Eden regions: 2->0(2)
[2024-10-12T11:10:06.943+0800][info] GC(554) Survivor regions: 1->1(1)
[2024-10-12T11:10:06.943+0800][info] GC(554) Old regions: 46->48
[2024-10-12T11:10:06.943+0800][info] GC(554) Archive regions: 2->2
[2024-10-12T11:10:06.943+0800][info] GC(554) Humongous regions: 3->3
[2024-10-12T11:10:06.943+0800][info] GC(554) Metaspace: 1695K(1856K)->1695K(1856K) NonClass: 1570K(1664K)->1570K(1664K) Class: 124K(192K)->124K(192K)
[2024-10-12T11:10:06.943+0800][info] GC(554) Pause Young (Concurrent Start) (G1 Evacuation Pause) 90M->90M(128M) 1.940ms
[2024-10-12T11:10:06.943+0800][info] GC(554) User=0.00s Sys=0.00s Real=0.00s
[2024-10-12T11:10:06.943+0800][info] GC(555) Concurrent Mark Cycle
[2024-10-12T11:10:06.943+0800][info] GC(555) Concurrent Clear Claimed Marks
[2024-10-12T11:10:06.943+0800][info] GC(555) Concurrent Clear Claimed Marks 0.018ms
[2024-10-12T11:10:06.943+0800][info] GC(555) Concurrent Scan Root Regions
[2024-10-12T11:10:06.943+0800][info] GC(555) Concurrent Scan Root Regions 0.120ms
[2024-10-12T11:10:06.943+0800][info] GC(555) Concurrent Mark
[2024-10-12T11:10:06.943+0800][info] GC(555) Concurrent Mark From Roots
[2024-10-12T11:10:06.943+0800][info] GC(555) Using 12 workers of 12 for marking
[2024-10-12T11:10:06.947+0800][info] GC(555) Concurrent Mark From Roots 4.181ms
[2024-10-12T11:10:06.947+0800][info] GC(555) Concurrent Preclean
[2024-10-12T11:10:06.949+0800][info] GC(555) Concurrent Preclean 1.818ms
[2024-10-12T11:10:06.949+0800][info] GC(555) Pause Remark
[2024-10-12T11:10:06.951+0800][info] GC(555) Pause Remark 91M->91M(128M) 1.728ms
[2024-10-12T11:10:06.951+0800][info] GC(555) User=0.00s Sys=0.00s Real=0.00s
[2024-10-12T11:10:06.951+0800][info] GC(555) Concurrent Mark 7.933ms
[2024-10-12T11:10:06.951+0800][info] GC(555) Concurrent Rebuild Remembered Sets
[2024-10-12T11:10:06.952+0800][info] GC(555) Concurrent Rebuild Remembered Sets 1.241ms
[2024-10-12T11:10:06.953+0800][info] GC(555) Pause Cleanup
[2024-10-12T11:10:06.953+0800][info] GC(555) Pause Cleanup 91M->91M(128M) 0.166ms
[2024-10-12T11:10:06.953+0800][info] GC(555) User=0.00s Sys=0.00s Real=0.00s
[2024-10-12T11:10:06.953+0800][info] GC(555) Concurrent Cleanup for Next Mark
[2024-10-12T11:10:06.953+0800][info] GC(555) Concurrent Cleanup for Next Mark 0.465ms
[2024-10-12T11:10:06.953+0800][info] GC(555) Concurrent Mark Cycle 10.239ms
[2024-10-12T11:10:07.096+0800][info] GC(556) Pause Young (Prepare Mixed) (G1 Evacuation Pause)
[2024-10-12T11:10:07.096+0800][info] GC(556) Using 3 workers of 48 for evacuation
[2024-10-12T11:10:07.098+0800][info] GC(556)   Pre Evacuate Collection Set: 0.1ms
[2024-10-12T11:10:07.098+0800][info] GC(556)   Merge Heap Roots: 0.1ms
[2024-10-12T11:10:07.098+0800][info] GC(556)   Evacuate Collection Set: 1.1ms
[2024-10-12T11:10:07.098+0800][info] GC(556)   Post Evacuate Collection Set: 0.2ms
[2024-10-12T11:10:07.098+0800][info] GC(556)   Other: 0.2ms
[2024-10-12T11:10:07.098+0800][info] GC(556) Eden regions: 2->0(2)
[2024-10-12T11:10:07.098+0800][info] GC(556) Survivor regions: 1->1(1)
[2024-10-12T11:10:07.098+0800][info] GC(556) Old regions: 48->50
[2024-10-12T11:10:07.098+0800][info] GC(556) Archive regions: 2->2
[2024-10-12T11:10:07.098+0800][info] GC(556) Humongous regions: 3->3
[2024-10-12T11:10:07.098+0800][info] GC(556) Metaspace: 1695K(1856K)->1695K(1856K) NonClass: 1570K(1664K)->1570K(1664K) Class: 124K(192K)->124K(192K)
[2024-10-12T11:10:07.098+0800][info] GC(556) Pause Young (Prepare Mixed) (G1 Evacuation Pause) 94M->94M(128M) 1.851ms
[2024-10-12T11:10:07.098+0800][info] GC(556) User=0.00s Sys=0.00s Real=0.00s
[2024-10-12T11:10:07.159+0800][info] GC(557) Pause Young (Mixed) (G1 Preventive Collection)
[2024-10-12T11:10:07.159+0800][info] GC(557) Using 3 workers of 48 for evacuation
[2024-10-12T11:10:07.166+0800][info] GC(557) To-space exhausted
[2024-10-12T11:10:07.166+0800][info] GC(557)   Pre Evacuate Collection Set: 0.2ms
[2024-10-12T11:10:07.166+0800][info] GC(557)   Merge Heap Roots: 0.1ms
[2024-10-12T11:10:07.166+0800][info] GC(557)   Evacuate Collection Set: 4.6ms
[2024-10-12T11:10:07.166+0800][info] GC(557)   Post Evacuate Collection Set: 1.3ms
[2024-10-12T11:10:07.166+0800][info] GC(557)   Other: 0.3ms
[2024-10-12T11:10:07.166+0800][info] GC(557) Eden regions: 1->0(2)
[2024-10-12T11:10:07.166+0800][info] GC(557) Survivor regions: 1->1(1)
[2024-10-12T11:10:07.166+0800][info] GC(557) Old regions: 50->56
[2024-10-12T11:10:07.166+0800][info] GC(557) Archive regions: 2->2
[2024-10-12T11:10:07.166+0800][info] GC(557) Humongous regions: 3->3
[2024-10-12T11:10:07.166+0800][info] GC(557) Metaspace: 1695K(1856K)->1695K(1856K) NonClass: 1570K(1664K)->1570K(1664K) Class: 124K(192K)->124K(192K)
[2024-10-12T11:10:07.166+0800][info] GC(557) Pause Young (Mixed) (G1 Preventive Collection) 96M->108M(128M) 6.484ms
[2024-10-12T11:10:07.166+0800][info] GC(557) User=0.02s Sys=0.00s Real=0.01s
[2024-10-12T11:10:07.207+0800][info] GC(558) Pause Young (Concurrent Start) (G1 Preventive Collection)
[2024-10-12T11:10:07.207+0800][info] GC(558) Using 3 workers of 48 for evacuation
[2024-10-12T11:10:07.209+0800][info] GC(558) To-space exhausted
[2024-10-12T11:10:07.209+0800][info] GC(558)   Pre Evacuate Collection Set: 0.1ms
[2024-10-12T11:10:07.209+0800][info] GC(558)   Merge Heap Roots: 0.1ms
[2024-10-12T11:10:07.209+0800][info] GC(558)   Evacuate Collection Set: 1.0ms
[2024-10-12T11:10:07.209+0800][info] GC(558)   Post Evacuate Collection Set: 0.2ms
[2024-10-12T11:10:07.209+0800][info] GC(558)   Other: 0.4ms
[2024-10-12T11:10:07.209+0800][info] GC(558) Eden regions: 1->0(2)
[2024-10-12T11:10:07.209+0800][info] GC(558) Survivor regions: 1->1(1)
[2024-10-12T11:10:07.209+0800][info] GC(558) Old regions: 56->57
[2024-10-12T11:10:07.209+0800][info] GC(558) Archive regions: 2->2
[2024-10-12T11:10:07.209+0800][info] GC(558) Humongous regions: 3->3
[2024-10-12T11:10:07.209+0800][info] GC(558) Metaspace: 1695K(1856K)->1695K(1856K) NonClass: 1570K(1664K)->1570K(1664K) Class: 124K(192K)->124K(192K)
[2024-10-12T11:10:07.209+0800][info] GC(558) Pause Young (Concurrent Start) (G1 Preventive Collection) 109M->109M(128M) 1.967ms
[2024-10-12T11:10:07.209+0800][info] GC(558) User=0.01s Sys=0.00s Real=0.00s
[2024-10-12T11:10:07.209+0800][info] GC(559) Concurrent Mark Cycle
[2024-10-12T11:10:07.209+0800][info] GC(559) Concurrent Clear Claimed Marks
[2024-10-12T11:10:07.209+0800][info] GC(559) Concurrent Clear Claimed Marks 0.020ms
[2024-10-12T11:10:07.209+0800][info] GC(559) Concurrent Scan Root Regions
[2024-10-12T11:10:07.210+0800][info] GC(559) Concurrent Scan Root Regions 0.175ms
[2024-10-12T11:10:07.210+0800][info] GC(559) Concurrent Mark
[2024-10-12T11:10:07.210+0800][info] GC(559) Concurrent Mark From Roots
[2024-10-12T11:10:07.210+0800][info] GC(559) Using 12 workers of 12 for marking
[2024-10-12T11:10:07.213+0800][info] GC(559) Concurrent Mark From Roots 3.665ms
[2024-10-12T11:10:07.213+0800][info] GC(559) Concurrent Preclean
[2024-10-12T11:10:07.215+0800][info] GC(559) Concurrent Preclean 1.746ms
[2024-10-12T11:10:07.215+0800][info] GC(559) Pause Remark
[2024-10-12T11:10:07.217+0800][info] GC(559) Pause Remark 110M->110M(128M) 1.604ms
[2024-10-12T11:10:07.217+0800][info] GC(559) User=0.00s Sys=0.00s Real=0.00s
[2024-10-12T11:10:07.217+0800][info] GC(559) Concurrent Mark 7.187ms
[2024-10-12T11:10:07.217+0800][info] GC(559) Concurrent Rebuild Remembered Sets
[2024-10-12T11:10:07.218+0800][info] GC(559) Concurrent Rebuild Remembered Sets 1.018ms
[2024-10-12T11:10:07.218+0800][info] GC(559) Pause Cleanup
[2024-10-12T11:10:07.218+0800][info] GC(559) Pause Cleanup 110M->110M(128M) 0.150ms
[2024-10-12T11:10:07.218+0800][info] GC(559) User=0.00s Sys=0.00s Real=0.00s
[2024-10-12T11:10:07.218+0800][info] GC(559) Concurrent Cleanup for Next Mark
[2024-10-12T11:10:07.219+0800][info] GC(559) Concurrent Cleanup for Next Mark 0.350ms
[2024-10-12T11:10:07.219+0800][info] GC(559) Concurrent Mark Cycle 9.127ms
[2024-10-12T11:10:07.322+0800][info] GC(560) Pause Young (Prepare Mixed) (G1 Evacuation Pause)
[2024-10-12T11:10:07.322+0800][info] GC(560) Using 3 workers of 48 for evacuation
[2024-10-12T11:10:07.323+0800][info] GC(560) To-space exhausted
[2024-10-12T11:10:07.323+0800][info] GC(560)   Pre Evacuate Collection Set: 0.1ms
[2024-10-12T11:10:07.323+0800][info] GC(560)   Merge Heap Roots: 0.1ms
[2024-10-12T11:10:07.323+0800][info] GC(560)   Evacuate Collection Set: 0.2ms
[2024-10-12T11:10:07.323+0800][info] GC(560)   Post Evacuate Collection Set: 0.3ms
[2024-10-12T11:10:07.323+0800][info] GC(560)   Other: 0.2ms
[2024-10-12T11:10:07.323+0800][info] GC(560) Eden regions: 1->0(3)
[2024-10-12T11:10:07.323+0800][info] GC(560) Survivor regions: 1->0(0)
[2024-10-12T11:10:07.323+0800][info] GC(560) Old regions: 57->59
[2024-10-12T11:10:07.323+0800][info] GC(560) Archive regions: 2->2
[2024-10-12T11:10:07.323+0800][info] GC(560) Humongous regions: 3->3
[2024-10-12T11:10:07.323+0800][info] GC(560) Metaspace: 1695K(1856K)->1695K(1856K) NonClass: 1570K(1664K)->1570K(1664K) Class: 124K(192K)->124K(192K)
[2024-10-12T11:10:07.323+0800][info] GC(560) Pause Young (Prepare Mixed) (G1 Evacuation Pause) 111M->111M(128M) 0.957ms
[2024-10-12T11:10:07.323+0800][info] GC(560) User=0.00s Sys=0.00s Real=0.00s
[2024-10-12T11:10:07.323+0800][info] Attempting full compaction
[2024-10-12T11:10:07.323+0800][info] GC(561) Using 3 workers of 48 for full compaction
[2024-10-12T11:10:07.323+0800][info] GC(561) Pause Full (G1 Compaction Pause)
[2024-10-12T11:10:07.323+0800][info] GC(561) Phase 1: Mark live objects
[2024-10-12T11:10:07.326+0800][info] GC(561) Phase 1: Mark live objects 3.187ms
[2024-10-12T11:10:07.326+0800][info] GC(561) Phase 2: Prepare for compaction
[2024-10-12T11:10:07.327+0800][info] GC(561) Phase 2: Prepare for compaction 0.634ms
[2024-10-12T11:10:07.327+0800][info] GC(561) Phase 3: Adjust pointers
[2024-10-12T11:10:07.328+0800][info] GC(561) Phase 3: Adjust pointers 1.734ms
[2024-10-12T11:10:07.329+0800][info] GC(561) Phase 4: Compact heap
[2024-10-12T11:10:07.341+0800][info] GC(561) Phase 4: Compact heap 12.409ms
[2024-10-12T11:10:07.342+0800][info] GC(561) Eden regions: 0->0(4)
[2024-10-12T11:10:07.342+0800][info] GC(561) Survivor regions: 0->0(0)
[2024-10-12T11:10:07.342+0800][info] GC(561) Old regions: 59->39
[2024-10-12T11:10:07.342+0800][info] GC(561) Archive regions: 2->2
[2024-10-12T11:10:07.342+0800][info] GC(561) Humongous regions: 3->3
[2024-10-12T11:10:07.342+0800][info] GC(561) Metaspace: 1695K(1856K)->1695K(1856K) NonClass: 1570K(1664K)->1570K(1664K) Class: 124K(192K)->124K(192K)
[2024-10-12T11:10:07.342+0800][info] GC(561) Pause Full (G1 Compaction Pause) 111M->72M(128M) 19.569ms
[2024-10-12T11:10:07.342+0800][info] GC(561) User=0.04s Sys=0.00s Real=0.02s
[2024-10-12T11:10:07.547+0800][info] GC(562) Pause Young (Normal) (G1 Evacuation Pause)
[2024-10-12T11:10:07.547+0800][info] GC(562) Using 3 workers of 48 for evacuation
[2024-10-12T11:10:07.549+0800][info] GC(562)   Pre Evacuate Collection Set: 0.1ms
[2024-10-12T11:10:07.549+0800][info] GC(562)   Merge Heap Roots: 0.1ms
[2024-10-12T11:10:07.549+0800][info] GC(562)   Evacuate Collection Set: 1.3ms
[2024-10-12T11:10:07.549+0800][info] GC(562)   Post Evacuate Collection Set: 0.2ms
[2024-10-12T11:10:07.549+0800][info] GC(562)   Other: 0.3ms
[2024-10-12T11:10:07.549+0800][info] GC(562) Eden regions: 4->0(2)
[2024-10-12T11:10:07.549+0800][info] GC(562) Survivor regions: 0->1(1)
[2024-10-12T11:10:07.549+0800][info] GC(562) Old regions: 39->42
[2024-10-12T11:10:07.549+0800][info] GC(562) Archive regions: 2->2
[2024-10-12T11:10:07.549+0800][info] GC(562) Humongous regions: 3->3
[2024-10-12T11:10:07.549+0800][info] GC(562) Metaspace: 1695K(1856K)->1695K(1856K) NonClass: 1570K(1664K)->1570K(1664K) Class: 124K(192K)->124K(192K)
[2024-10-12T11:10:07.549+0800][info] GC(562) Pause Young (Normal) (G1 Evacuation Pause) 80M->80M(128M) 2.121ms
[2024-10-12T11:10:07.549+0800][info] GC(562) User=0.00s Sys=0.00s Real=0.00s
[2024-10-12T11:10:07.652+0800][info] GC(563) Pause Young (Normal) (G1 Evacuation Pause)
[2024-10-12T11:10:07.652+0800][info] GC(563) Using 3 workers of 48 for evacuation
[2024-10-12T11:10:07.653+0800][info] GC(563)   Pre Evacuate Collection Set: 0.1ms
[2024-10-12T11:10:07.653+0800][info] GC(563)   Merge Heap Roots: 0.0ms
[2024-10-12T11:10:07.653+0800][info] GC(563)   Evacuate Collection Set: 1.0ms
[2024-10-12T11:10:07.653+0800][info] GC(563)   Post Evacuate Collection Set: 0.2ms
[2024-10-12T11:10:07.653+0800][info] GC(563)   Other: 0.2ms
[2024-10-12T11:10:07.653+0800][info] GC(563) Eden regions: 2->0(2)
[2024-10-12T11:10:07.653+0800][info] GC(563) Survivor regions: 1->1(1)
[2024-10-12T11:10:07.653+0800][info] GC(563) Old regions: 42->44
[2024-10-12T11:10:07.653+0800][info] GC(563) Archive regions: 2->2
[2024-10-12T11:10:07.653+0800][info] GC(563) Humongous regions: 3->3
[2024-10-12T11:10:07.653+0800][info] GC(563) Metaspace: 1695K(1856K)->1695K(1856K) NonClass: 1570K(1664K)->1570K(1664K) Class: 124K(192K)->124K(192K)
[2024-10-12T11:10:07.653+0800][info] GC(563) Pause Young (Normal) (G1 Evacuation Pause) 83M->83M(128M) 1.755ms
[2024-10-12T11:10:07.653+0800][info] GC(563) User=0.01s Sys=0.00s Real=0.01s
[2024-10-12T11:10:07.756+0800][info] GC(564) Pause Young (Normal) (G1 Evacuation Pause)
[2024-10-12T11:10:07.756+0800][info] GC(564) Using 3 workers of 48 for evacuation
[2024-10-12T11:10:07.757+0800][info] GC(564)   Pre Evacuate Collection Set: 0.1ms
[2024-10-12T11:10:07.757+0800][info] GC(564)   Merge Heap Roots: 0.1ms
[2024-10-12T11:10:07.758+0800][info] GC(564)   Evacuate Collection Set: 1.0ms
[2024-10-12T11:10:07.758+0800][info] GC(564)   Post Evacuate Collection Set: 0.2ms
[2024-10-12T11:10:07.758+0800][info] GC(564)   Other: 0.2ms
[2024-10-12T11:10:07.758+0800][info] GC(564) Eden regions: 2->0(2)
[2024-10-12T11:10:07.758+0800][info] GC(564) Survivor regions: 1->1(1)
[2024-10-12T11:10:07.758+0800][info] GC(564) Old regions: 44->46
[2024-10-12T11:10:07.758+0800][info] GC(564) Archive regions: 2->2
[2024-10-12T11:10:07.758+0800][info] GC(564) Humongous regions: 3->3
[2024-10-12T11:10:07.758+0800][info] GC(564) Metaspace: 1695K(1856K)->1695K(1856K) NonClass: 1570K(1664K)->1570K(1664K) Class: 124K(192K)->124K(192K)
[2024-10-12T11:10:07.758+0800][info] GC(564) Pause Young (Normal) (G1 Evacuation Pause) 87M->87M(128M) 1.730ms
[2024-10-12T11:10:07.758+0800][info] GC(564) User=0.00s Sys=0.00s Real=0.00s
[2024-10-12T11:10:07.860+0800][info] GC(565) Pause Young (Concurrent Start) (G1 Evacuation Pause)
[2024-10-12T11:10:07.860+0800][info] GC(565) Using 3 workers of 48 for evacuation
[2024-10-12T11:10:07.862+0800][info] GC(565)   Pre Evacuate Collection Set: 0.1ms
[2024-10-12T11:10:07.862+0800][info] GC(565)   Merge Heap Roots: 0.1ms
[2024-10-12T11:10:07.862+0800][info] GC(565)   Evacuate Collection Set: 1.0ms
[2024-10-12T11:10:07.862+0800][info] GC(565)   Post Evacuate Collection Set: 0.2ms
[2024-10-12T11:10:07.862+0800][info] GC(565)   Other: 0.4ms
[2024-10-12T11:10:07.862+0800][info] GC(565) Eden regions: 2->0(2)
[2024-10-12T11:10:07.862+0800][info] GC(565) Survivor regions: 1->1(1)
[2024-10-12T11:10:07.862+0800][info] GC(565) Old regions: 46->48
[2024-10-12T11:10:07.862+0800][info] GC(565) Archive regions: 2->2
[2024-10-12T11:10:07.862+0800][info] GC(565) Humongous regions: 3->3
[2024-10-12T11:10:07.862+0800][info] GC(565) Metaspace: 1695K(1856K)->1695K(1856K) NonClass: 1570K(1664K)->1570K(1664K) Class: 124K(192K)->124K(192K)
[2024-10-12T11:10:07.862+0800][info] GC(565) Pause Young (Concurrent Start) (G1 Evacuation Pause) 91M->92M(128M) 1.877ms
[2024-10-12T11:10:07.862+0800][info] GC(565) User=0.01s Sys=0.00s Real=0.00s
[2024-10-12T11:10:07.862+0800][info] GC(566) Concurrent Mark Cycle
[2024-10-12T11:10:07.862+0800][info] GC(566) Concurrent Clear Claimed Marks
[2024-10-12T11:10:07.862+0800][info] GC(566) Concurrent Clear Claimed Marks 0.018ms
[2024-10-12T11:10:07.862+0800][info] GC(566) Concurrent Scan Root Regions
[2024-10-12T11:10:07.862+0800][info] GC(566) Concurrent Scan Root Regions 0.118ms
[2024-10-12T11:10:07.862+0800][info] GC(566) Concurrent Mark
[2024-10-12T11:10:07.862+0800][info] GC(566) Concurrent Mark From Roots
[2024-10-12T11:10:07.862+0800][info] GC(566) Using 12 workers of 12 for marking
[2024-10-12T11:10:07.869+0800][info] GC(566) Concurrent Mark From Roots 6.517ms
[2024-10-12T11:10:07.869+0800][info] GC(566) Concurrent Preclean
[2024-10-12T11:10:07.870+0800][info] GC(566) Concurrent Preclean 1.705ms
[2024-10-12T11:10:07.870+0800][info] GC(566) Pause Remark
[2024-10-12T11:10:07.872+0800][info] GC(566) Pause Remark 92M->92M(128M) 1.593ms
[2024-10-12T11:10:07.872+0800][info] GC(566) User=0.00s Sys=0.00s Real=0.00s
[2024-10-12T11:10:07.872+0800][info] GC(566) Concurrent Mark 10.059ms
[2024-10-12T11:10:07.872+0800][info] GC(566) Concurrent Rebuild Remembered Sets
[2024-10-12T11:10:07.873+0800][info] GC(566) Concurrent Rebuild Remembered Sets 1.138ms
[2024-10-12T11:10:07.873+0800][info] GC(566) Pause Cleanup
[2024-10-12T11:10:07.874+0800][info] GC(566) Pause Cleanup 92M->92M(128M) 0.162ms
[2024-10-12T11:10:07.874+0800][info] GC(566) User=0.00s Sys=0.00s Real=0.00s
[2024-10-12T11:10:07.874+0800][info] GC(566) Concurrent Cleanup for Next Mark
[2024-10-12T11:10:07.874+0800][info] GC(566) Concurrent Cleanup for Next Mark 0.416ms
[2024-10-12T11:10:07.874+0800][info] GC(566) Concurrent Mark Cycle 12.210ms
[2024-10-12T11:10:08.016+0800][info] GC(567) Pause Young (Prepare Mixed) (G1 Evacuation Pause)
[2024-10-12T11:10:08.016+0800][info] GC(567) Using 3 workers of 48 for evacuation
[2024-10-12T11:10:08.017+0800][info] GC(567)   Pre Evacuate Collection Set: 0.1ms
[2024-10-12T11:10:08.017+0800][info] GC(567)   Merge Heap Roots: 0.1ms
[2024-10-12T11:10:08.017+0800][info] GC(567)   Evacuate Collection Set: 1.1ms
[2024-10-12T11:10:08.018+0800][info] GC(567)   Post Evacuate Collection Set: 0.2ms
[2024-10-12T11:10:08.018+0800][info] GC(567)   Other: 0.3ms
[2024-10-12T11:10:08.018+0800][info] GC(567) Eden regions: 2->0(2)
[2024-10-12T11:10:08.018+0800][info] GC(567) Survivor regions: 1->1(1)
[2024-10-12T11:10:08.018+0800][info] GC(567) Old regions: 48->50
[2024-10-12T11:10:08.018+0800][info] GC(567) Archive regions: 2->2
[2024-10-12T11:10:08.018+0800][info] GC(567) Humongous regions: 4->3
[2024-10-12T11:10:08.018+0800][info] GC(567) Metaspace: 1695K(1856K)->1695K(1856K) NonClass: 1570K(1664K)->1570K(1664K) Class: 124K(192K)->124K(192K)
[2024-10-12T11:10:08.018+0800][info] GC(567) Pause Young (Prepare Mixed) (G1 Evacuation Pause) 97M->95M(128M) 1.857ms
[2024-10-12T11:10:08.018+0800][info] GC(567) User=0.01s Sys=0.01s Real=0.00s
[2024-10-12T11:10:08.079+0800][info] GC(568) Pause Young (Mixed) (G1 Preventive Collection)
[2024-10-12T11:10:08.079+0800][info] GC(568) Using 3 workers of 48 for evacuation
[2024-10-12T11:10:08.085+0800][info] GC(568) To-space exhausted
[2024-10-12T11:10:08.085+0800][info] GC(568)   Pre Evacuate Collection Set: 0.2ms
[2024-10-12T11:10:08.085+0800][info] GC(568)   Merge Heap Roots: 0.1ms
[2024-10-12T11:10:08.085+0800][info] GC(568)   Evacuate Collection Set: 3.8ms
[2024-10-12T11:10:08.085+0800][info] GC(568)   Post Evacuate Collection Set: 1.3ms
[2024-10-12T11:10:08.085+0800][info] GC(568)   Other: 0.2ms
[2024-10-12T11:10:08.085+0800][info] GC(568) Eden regions: 1->0(2)
[2024-10-12T11:10:08.085+0800][info] GC(568) Survivor regions: 1->1(1)
[2024-10-12T11:10:08.085+0800][info] GC(568) Old regions: 50->55
[2024-10-12T11:10:08.085+0800][info] GC(568) Archive regions: 2->2
[2024-10-12T11:10:08.085+0800][info] GC(568) Humongous regions: 3->3
[2024-10-12T11:10:08.085+0800][info] GC(568) Metaspace: 1695K(1856K)->1695K(1856K) NonClass: 1570K(1664K)->1570K(1664K) Class: 124K(192K)->124K(192K)
[2024-10-12T11:10:08.085+0800][info] GC(568) Pause Young (Mixed) (G1 Preventive Collection) 97M->108M(128M) 5.668ms
[2024-10-12T11:10:08.085+0800][info] GC(568) User=0.01s Sys=0.00s Real=0.00s
[2024-10-12T11:10:08.126+0800][info] GC(569) Pause Young (Concurrent Start) (G1 Preventive Collection)
[2024-10-12T11:10:08.126+0800][info] GC(569) Using 3 workers of 48 for evacuation
[2024-10-12T11:10:08.128+0800][info] GC(569)   Pre Evacuate Collection Set: 0.1ms
[2024-10-12T11:10:08.128+0800][info] GC(569)   Merge Heap Roots: 0.1ms
[2024-10-12T11:10:08.128+0800][info] GC(569)   Evacuate Collection Set: 1.1ms
[2024-10-12T11:10:08.128+0800][info] GC(569)   Post Evacuate Collection Set: 0.2ms
[2024-10-12T11:10:08.128+0800][info] GC(569)   Other: 0.4ms
[2024-10-12T11:10:08.128+0800][info] GC(569) Eden regions: 1->0(2)
[2024-10-12T11:10:08.128+0800][info] GC(569) Survivor regions: 1->1(1)
[2024-10-12T11:10:08.128+0800][info] GC(569) Old regions: 55->56
[2024-10-12T11:10:08.128+0800][info] GC(569) Archive regions: 2->2
[2024-10-12T11:10:08.128+0800][info] GC(569) Humongous regions: 3->3
[2024-10-12T11:10:08.128+0800][info] GC(569) Metaspace: 1695K(1856K)->1695K(1856K) NonClass: 1570K(1664K)->1570K(1664K) Class: 124K(192K)->124K(192K)
[2024-10-12T11:10:08.128+0800][info] GC(569) Pause Young (Concurrent Start) (G1 Preventive Collection) 110M->110M(128M) 1.967ms
[2024-10-12T11:10:08.128+0800][info] GC(569) User=0.00s Sys=0.00s Real=0.00s
[2024-10-12T11:10:08.128+0800][info] GC(570) Concurrent Mark Cycle
[2024-10-12T11:10:08.128+0800][info] GC(570) Concurrent Clear Claimed Marks
[2024-10-12T11:10:08.128+0800][info] GC(570) Concurrent Clear Claimed Marks 0.019ms
[2024-10-12T11:10:08.128+0800][info] GC(570) Concurrent Scan Root Regions
[2024-10-12T11:10:08.128+0800][info] GC(570) Concurrent Scan Root Regions 0.156ms
[2024-10-12T11:10:08.128+0800][info] GC(570) Concurrent Mark
[2024-10-12T11:10:08.128+0800][info] GC(570) Concurrent Mark From Roots
[2024-10-12T11:10:08.128+0800][info] GC(570) Using 12 workers of 12 for marking
[2024-10-12T11:10:08.132+0800][info] GC(570) Concurrent Mark From Roots 3.688ms
[2024-10-12T11:10:08.132+0800][info] GC(570) Concurrent Preclean
[2024-10-12T11:10:08.134+0800][info] GC(570) Concurrent Preclean 1.747ms
[2024-10-12T11:10:08.134+0800][info] GC(570) Pause Remark
[2024-10-12T11:10:08.135+0800][info] GC(570) Pause Remark 110M->110M(128M) 1.461ms
[2024-10-12T11:10:08.135+0800][info] GC(570) User=0.00s Sys=0.01s Real=0.00s
[2024-10-12T11:10:08.135+0800][info] GC(570) Concurrent Mark 7.093ms
[2024-10-12T11:10:08.135+0800][info] GC(570) Concurrent Rebuild Remembered Sets
[2024-10-12T11:10:08.136+0800][info] GC(570) Concurrent Rebuild Remembered Sets 0.993ms
[2024-10-12T11:10:08.136+0800][info] GC(570) Pause Cleanup
[2024-10-12T11:10:08.137+0800][info] GC(570) Pause Cleanup 110M->110M(128M) 0.151ms
[2024-10-12T11:10:08.137+0800][info] GC(570) User=0.00s Sys=0.00s Real=0.00s
[2024-10-12T11:10:08.137+0800][info] GC(570) Concurrent Cleanup for Next Mark
[2024-10-12T11:10:08.137+0800][info] GC(570) Concurrent Cleanup for Next Mark 0.388ms
[2024-10-12T11:10:08.137+0800][info] GC(570) Concurrent Mark Cycle 9.029ms
[2024-10-12T11:10:08.241+0800][info] GC(571) Pause Young (Prepare Mixed) (G1 Preventive Collection)
[2024-10-12T11:10:08.241+0800][info] GC(571) Using 3 workers of 48 for evacuation
[2024-10-12T11:10:08.242+0800][info] GC(571) To-space exhausted
[2024-10-12T11:10:08.242+0800][info] GC(571)   Pre Evacuate Collection Set: 0.1ms
[2024-10-12T11:10:08.242+0800][info] GC(571)   Merge Heap Roots: 0.1ms
[2024-10-12T11:10:08.242+0800][info] GC(571)   Evacuate Collection Set: 0.5ms
[2024-10-12T11:10:08.242+0800][info] GC(571)   Post Evacuate Collection Set: 0.2ms
[2024-10-12T11:10:08.242+0800][info] GC(571)   Other: 0.2ms
[2024-10-12T11:10:08.242+0800][info] GC(571) Eden regions: 1->0(2)
[2024-10-12T11:10:08.242+0800][info] GC(571) Survivor regions: 1->1(1)
[2024-10-12T11:10:08.242+0800][info] GC(571) Old regions: 56->57
[2024-10-12T11:10:08.242+0800][info] GC(571) Archive regions: 2->2
[2024-10-12T11:10:08.242+0800][info] GC(571) Humongous regions: 3->3
[2024-10-12T11:10:08.242+0800][info] GC(571) Metaspace: 1695K(1856K)->1695K(1856K) NonClass: 1570K(1664K)->1570K(1664K) Class: 124K(192K)->124K(192K)
[2024-10-12T11:10:08.242+0800][info] GC(571) Pause Young (Prepare Mixed) (G1 Preventive Collection) 111M->112M(128M) 1.216ms
[2024-10-12T11:10:08.242+0800][info] GC(571) User=0.00s Sys=0.00s Real=0.00s
[2024-10-12T11:10:08.283+0800][info] GC(572) Pause Young (Mixed) (G1 Evacuation Pause)
[2024-10-12T11:10:08.283+0800][info] GC(572) Using 3 workers of 48 for evacuation
[2024-10-12T11:10:08.288+0800][info] GC(572) To-space exhausted
[2024-10-12T11:10:08.288+0800][info] GC(572)   Pre Evacuate Collection Set: 0.2ms
[2024-10-12T11:10:08.288+0800][info] GC(572)   Merge Heap Roots: 0.1ms
[2024-10-12T11:10:08.288+0800][info] GC(572)   Evacuate Collection Set: 2.2ms
[2024-10-12T11:10:08.288+0800][info] GC(572)   Post Evacuate Collection Set: 2.0ms
[2024-10-12T11:10:08.288+0800][info] GC(572)   Other: 0.2ms
[2024-10-12T11:10:08.288+0800][info] GC(572) Eden regions: 1->0(3)
[2024-10-12T11:10:08.288+0800][info] GC(572) Survivor regions: 1->0(0)
[2024-10-12T11:10:08.288+0800][info] GC(572) Old regions: 57->59
[2024-10-12T11:10:08.288+0800][info] GC(572) Archive regions: 2->2
[2024-10-12T11:10:08.288+0800][info] GC(572) Humongous regions: 3->3
[2024-10-12T11:10:08.288+0800][info] GC(572) Metaspace: 1695K(1856K)->1695K(1856K) NonClass: 1570K(1664K)->1570K(1664K) Class: 124K(192K)->124K(192K)
[2024-10-12T11:10:08.288+0800][info] GC(572) Pause Young (Mixed) (G1 Evacuation Pause) 113M->113M(128M) 4.861ms
[2024-10-12T11:10:08.288+0800][info] GC(572) User=0.01s Sys=0.00s Real=0.01s
[2024-10-12T11:10:08.288+0800][info] Attempting full compaction
[2024-10-12T11:10:08.288+0800][info] GC(573) Using 3 workers of 48 for full compaction
[2024-10-12T11:10:08.288+0800][info] GC(573) Pause Full (G1 Compaction Pause)
[2024-10-12T11:10:08.288+0800][info] GC(573) Phase 1: Mark live objects
[2024-10-12T11:10:08.291+0800][info] GC(573) Phase 1: Mark live objects 3.162ms
[2024-10-12T11:10:08.291+0800][info] GC(573) Phase 2: Prepare for compaction
[2024-10-12T11:10:08.292+0800][info] GC(573) Phase 2: Prepare for compaction 0.588ms
[2024-10-12T11:10:08.292+0800][info] GC(573) Phase 3: Adjust pointers
[2024-10-12T11:10:08.294+0800][info] GC(573) Phase 3: Adjust pointers 1.837ms
[2024-10-12T11:10:08.294+0800][info] GC(573) Phase 4: Compact heap
[2024-10-12T11:10:08.305+0800][info] GC(573) Phase 4: Compact heap 11.014ms
[2024-10-12T11:10:08.307+0800][info] GC(573) Eden regions: 0->0(3)
[2024-10-12T11:10:08.307+0800][info] GC(573) Survivor regions: 0->0(0)
[2024-10-12T11:10:08.307+0800][info] GC(573) Old regions: 59->39
[2024-10-12T11:10:08.307+0800][info] GC(573) Archive regions: 2->2
[2024-10-12T11:10:08.307+0800][info] GC(573) Humongous regions: 3->3
[2024-10-12T11:10:08.307+0800][info] GC(573) Metaspace: 1695K(1856K)->1695K(1856K) NonClass: 1570K(1664K)->1570K(1664K) Class: 124K(192K)->124K(192K)
[2024-10-12T11:10:08.307+0800][info] GC(573) Pause Full (G1 Compaction Pause) 113M->73M(128M) 18.510ms
[2024-10-12T11:10:08.307+0800][info] GC(573) User=0.05s Sys=0.00s Real=0.02s
[2024-10-12T11:10:08.471+0800][info] GC(574) Pause Young (Normal) (G1 Evacuation Pause)
[2024-10-12T11:10:08.471+0800][info] GC(574) Using 3 workers of 48 for evacuation
[2024-10-12T11:10:08.472+0800][info] GC(574)   Pre Evacuate Collection Set: 0.1ms
[2024-10-12T11:10:08.473+0800][info] GC(574)   Merge Heap Roots: 0.0ms
[2024-10-12T11:10:08.473+0800][info] GC(574)   Evacuate Collection Set: 1.1ms
[2024-10-12T11:10:08.473+0800][info] GC(574)   Post Evacuate Collection Set: 0.2ms
[2024-10-12T11:10:08.473+0800][info] GC(574)   Other: 0.2ms
[2024-10-12T11:10:08.473+0800][info] GC(574) Eden regions: 3->0(2)
[2024-10-12T11:10:08.473+0800][info] GC(574) Survivor regions: 0->1(1)
[2024-10-12T11:10:08.473+0800][info] GC(574) Old regions: 39->41
[2024-10-12T11:10:08.473+0800][info] GC(574) Archive regions: 2->2
[2024-10-12T11:10:08.473+0800][info] GC(574) Humongous regions: 3->3
[2024-10-12T11:10:08.473+0800][info] GC(574) Metaspace: 1695K(1856K)->1695K(1856K) NonClass: 1570K(1664K)->1570K(1664K) Class: 124K(192K)->124K(192K)
[2024-10-12T11:10:08.473+0800][info] GC(574) Pause Young (Normal) (G1 Evacuation Pause) 79M->79M(128M) 1.847ms
[2024-10-12T11:10:08.473+0800][info] GC(574) User=0.00s Sys=0.00s Real=0.00s
[2024-10-12T11:10:08.575+0800][info] GC(575) Pause Young (Normal) (G1 Evacuation Pause)
[2024-10-12T11:10:08.575+0800][info] GC(575) Using 3 workers of 48 for evacuation
[2024-10-12T11:10:08.576+0800][info] GC(575)   Pre Evacuate Collection Set: 0.1ms
[2024-10-12T11:10:08.576+0800][info] GC(575)   Merge Heap Roots: 0.1ms
[2024-10-12T11:10:08.576+0800][info] GC(575)   Evacuate Collection Set: 1.0ms
[2024-10-12T11:10:08.576+0800][info] GC(575)   Post Evacuate Collection Set: 0.2ms
[2024-10-12T11:10:08.576+0800][info] GC(575)   Other: 0.2ms
[2024-10-12T11:10:08.576+0800][info] GC(575) Eden regions: 2->0(2)
[2024-10-12T11:10:08.576+0800][info] GC(575) Survivor regions: 1->1(1)
[2024-10-12T11:10:08.576+0800][info] GC(575) Old regions: 41->43
[2024-10-12T11:10:08.576+0800][info] GC(575) Archive regions: 2->2
[2024-10-12T11:10:08.576+0800][info] GC(575) Humongous regions: 3->3
[2024-10-12T11:10:08.576+0800][info] GC(575) Metaspace: 1695K(1856K)->1695K(1856K) NonClass: 1570K(1664K)->1570K(1664K) Class: 124K(192K)->124K(192K)
[2024-10-12T11:10:08.577+0800][info] GC(575) Pause Young (Normal) (G1 Evacuation Pause) 83M->83M(128M) 1.721ms
[2024-10-12T11:10:08.577+0800][info] GC(575) User=0.00s Sys=0.00s Real=0.00s
[2024-10-12T11:10:08.679+0800][info] GC(576) Pause Young (Normal) (G1 Evacuation Pause)
[2024-10-12T11:10:08.679+0800][info] GC(576) Using 3 workers of 48 for evacuation
[2024-10-12T11:10:08.680+0800][info] GC(576)   Pre Evacuate Collection Set: 0.1ms
[2024-10-12T11:10:08.680+0800][info] GC(576)   Merge Heap Roots: 0.1ms
[2024-10-12T11:10:08.681+0800][info] GC(576)   Evacuate Collection Set: 1.0ms
[2024-10-12T11:10:08.681+0800][info] GC(576)   Post Evacuate Collection Set: 0.2ms
[2024-10-12T11:10:08.681+0800][info] GC(576)   Other: 0.2ms
[2024-10-12T11:10:08.681+0800][info] GC(576) Eden regions: 2->0(2)
[2024-10-12T11:10:08.681+0800][info] GC(576) Survivor regions: 1->1(1)
[2024-10-12T11:10:08.681+0800][info] GC(576) Old regions: 43->45
[2024-10-12T11:10:08.681+0800][info] GC(576) Archive regions: 2->2
[2024-10-12T11:10:08.681+0800][info] GC(576) Humongous regions: 3->3
[2024-10-12T11:10:08.681+0800][info] GC(576) Metaspace: 1695K(1856K)->1695K(1856K) NonClass: 1570K(1664K)->1570K(1664K) Class: 124K(192K)->124K(192K)
[2024-10-12T11:10:08.681+0800][info] GC(576) Pause Young (Normal) (G1 Evacuation Pause) 87M->87M(128M) 1.670ms
[2024-10-12T11:10:08.681+0800][info] GC(576) User=0.00s Sys=0.00s Real=0.00s
[2024-10-12T11:10:08.783+0800][info] GC(577) Pause Young (Normal) (G1 Evacuation Pause)
[2024-10-12T11:10:08.783+0800][info] GC(577) Using 3 workers of 48 for evacuation
[2024-10-12T11:10:08.785+0800][info] GC(577)   Pre Evacuate Collection Set: 0.1ms
[2024-10-12T11:10:08.785+0800][info] GC(577)   Merge Heap Roots: 0.1ms
[2024-10-12T11:10:08.785+0800][info] GC(577)   Evacuate Collection Set: 1.2ms
[2024-10-12T11:10:08.785+0800][info] GC(577)   Post Evacuate Collection Set: 0.2ms
[2024-10-12T11:10:08.785+0800][info] GC(577)   Other: 0.2ms
[2024-10-12T11:10:08.785+0800][info] GC(577) Eden regions: 2->0(2)
[2024-10-12T11:10:08.785+0800][info] GC(577) Survivor regions: 1->1(1)
[2024-10-12T11:10:08.785+0800][info] GC(577) Old regions: 45->47
[2024-10-12T11:10:08.785+0800][info] GC(577) Archive regions: 2->2
[2024-10-12T11:10:08.785+0800][info] GC(577) Humongous regions: 3->3
[2024-10-12T11:10:08.785+0800][info] GC(577) Metaspace: 1695K(1856K)->1695K(1856K) NonClass: 1570K(1664K)->1570K(1664K) Class: 124K(192K)->124K(192K)
[2024-10-12T11:10:08.785+0800][info] GC(577) Pause Young (Normal) (G1 Evacuation Pause) 90M->91M(128M) 1.945ms
[2024-10-12T11:10:08.785+0800][info] GC(577) User=0.01s Sys=0.00s Real=0.00s
[2024-10-12T11:10:08.887+0800][info] GC(578) Pause Young (Concurrent Start) (G1 Evacuation Pause)
[2024-10-12T11:10:08.887+0800][info] GC(578) Using 3 workers of 48 for evacuation
[2024-10-12T11:10:08.889+0800][info] GC(578)   Pre Evacuate Collection Set: 0.1ms
[2024-10-12T11:10:08.889+0800][info] GC(578)   Merge Heap Roots: 0.0ms
[2024-10-12T11:10:08.889+0800][info] GC(578)   Evacuate Collection Set: 1.0ms
[2024-10-12T11:10:08.889+0800][info] GC(578)   Post Evacuate Collection Set: 0.2ms
[2024-10-12T11:10:08.889+0800][info] GC(578)   Other: 0.4ms
[2024-10-12T11:10:08.889+0800][info] GC(578) Eden regions: 2->0(2)
[2024-10-12T11:10:08.889+0800][info] GC(578) Survivor regions: 1->1(1)
[2024-10-12T11:10:08.889+0800][info] GC(578) Old regions: 47->49
[2024-10-12T11:10:08.889+0800][info] GC(578) Archive regions: 2->2
[2024-10-12T11:10:08.889+0800][info] GC(578) Humongous regions: 3->3
[2024-10-12T11:10:08.889+0800][info] GC(578) Metaspace: 1695K(1856K)->1695K(1856K) NonClass: 1570K(1664K)->1570K(1664K) Class: 124K(192K)->124K(192K)
[2024-10-12T11:10:08.889+0800][info] GC(578) Pause Young (Concurrent Start) (G1 Evacuation Pause) 94M->94M(128M) 1.904ms
[2024-10-12T11:10:08.889+0800][info] GC(578) User=0.00s Sys=0.00s Real=0.00s
[2024-10-12T11:10:08.889+0800][info] GC(579) Concurrent Mark Cycle
[2024-10-12T11:10:08.889+0800][info] GC(579) Concurrent Clear Claimed Marks
[2024-10-12T11:10:08.889+0800][info] GC(579) Concurrent Clear Claimed Marks 0.018ms
[2024-10-12T11:10:08.889+0800][info] GC(579) Concurrent Scan Root Regions
[2024-10-12T11:10:08.889+0800][info] GC(579) Concurrent Scan Root Regions 0.161ms
[2024-10-12T11:10:08.889+0800][info] GC(579) Concurrent Mark
[2024-10-12T11:10:08.889+0800][info] GC(579) Concurrent Mark From Roots
[2024-10-12T11:10:08.889+0800][info] GC(579) Using 12 workers of 12 for marking
[2024-10-12T11:10:08.893+0800][info] GC(579) Concurrent Mark From Roots 3.842ms
[2024-10-12T11:10:08.893+0800][info] GC(579) Concurrent Preclean
[2024-10-12T11:10:08.895+0800][info] GC(579) Concurrent Preclean 1.754ms
[2024-10-12T11:10:08.895+0800][info] GC(579) Pause Remark
[2024-10-12T11:10:08.897+0800][info] GC(579) Pause Remark 95M->95M(128M) 1.607ms
[2024-10-12T11:10:08.897+0800][info] GC(579) User=0.00s Sys=0.00s Real=0.00s
[2024-10-12T11:10:08.897+0800][info] GC(579) Concurrent Mark 7.401ms
[2024-10-12T11:10:08.897+0800][info] GC(579) Concurrent Rebuild Remembered Sets
[2024-10-12T11:10:08.898+0800][info] GC(579) Concurrent Rebuild Remembered Sets 1.321ms
[2024-10-12T11:10:08.898+0800][info] GC(579) Pause Cleanup
[2024-10-12T11:10:08.899+0800][info] GC(579) Pause Cleanup 95M->95M(128M) 0.226ms
[2024-10-12T11:10:08.899+0800][info] GC(579) User=0.00s Sys=0.00s Real=0.00s
[2024-10-12T11:10:08.899+0800][info] GC(579) Concurrent Cleanup for Next Mark
[2024-10-12T11:10:08.899+0800][info] GC(579) Concurrent Cleanup for Next Mark 0.424ms
[2024-10-12T11:10:08.899+0800][info] GC(579) Concurrent Mark Cycle 9.844ms
[2024-10-12T11:10:09.042+0800][info] GC(580) Pause Young (Prepare Mixed) (G1 Evacuation Pause)
[2024-10-12T11:10:09.042+0800][info] GC(580) Using 3 workers of 48 for evacuation
[2024-10-12T11:10:09.044+0800][info] GC(580)   Pre Evacuate Collection Set: 0.1ms
[2024-10-12T11:10:09.044+0800][info] GC(580)   Merge Heap Roots: 0.1ms
[2024-10-12T11:10:09.044+0800][info] GC(580)   Evacuate Collection Set: 1.1ms
[2024-10-12T11:10:09.044+0800][info] GC(580)   Post Evacuate Collection Set: 0.2ms
[2024-10-12T11:10:09.044+0800][info] GC(580)   Other: 0.2ms
[2024-10-12T11:10:09.044+0800][info] GC(580) Eden regions: 2->0(2)
[2024-10-12T11:10:09.044+0800][info] GC(580) Survivor regions: 1->1(1)
[2024-10-12T11:10:09.044+0800][info] GC(580) Old regions: 49->51
[2024-10-12T11:10:09.044+0800][info] GC(580) Archive regions: 2->2
[2024-10-12T11:10:09.044+0800][info] GC(580) Humongous regions: 3->3
[2024-10-12T11:10:09.044+0800][info] GC(580) Metaspace: 1695K(1856K)->1695K(1856K) NonClass: 1570K(1664K)->1570K(1664K) Class: 124K(192K)->124K(192K)
[2024-10-12T11:10:09.044+0800][info] GC(580) Pause Young (Prepare Mixed) (G1 Evacuation Pause) 98M->99M(128M) 1.850ms
[2024-10-12T11:10:09.044+0800][info] GC(580) User=0.00s Sys=0.00s Real=0.00s
[2024-10-12T11:10:09.105+0800][info] GC(581) Pause Young (Mixed) (G1 Preventive Collection)
[2024-10-12T11:10:09.106+0800][info] GC(581) Using 3 workers of 48 for evacuation
[2024-10-12T11:10:09.112+0800][info] GC(581) To-space exhausted
[2024-10-12T11:10:09.112+0800][info] GC(581)   Pre Evacuate Collection Set: 0.1ms
[2024-10-12T11:10:09.112+0800][info] GC(581)   Merge Heap Roots: 0.1ms
[2024-10-12T11:10:09.112+0800][info] GC(581)   Evacuate Collection Set: 4.2ms
[2024-10-12T11:10:09.112+0800][info] GC(581)   Post Evacuate Collection Set: 1.5ms
[2024-10-12T11:10:09.112+0800][info] GC(581)   Other: 0.4ms
[2024-10-12T11:10:09.112+0800][info] GC(581) Eden regions: 1->0(2)
[2024-10-12T11:10:09.112+0800][info] GC(581) Survivor regions: 1->1(1)
[2024-10-12T11:10:09.112+0800][info] GC(581) Old regions: 51->55
[2024-10-12T11:10:09.112+0800][info] GC(581) Archive regions: 2->2
[2024-10-12T11:10:09.112+0800][info] GC(581) Humongous regions: 3->3
[2024-10-12T11:10:09.112+0800][info] GC(581) Metaspace: 1695K(1856K)->1695K(1856K) NonClass: 1570K(1664K)->1570K(1664K) Class: 124K(192K)->124K(192K)
[2024-10-12T11:10:09.112+0800][info] GC(581) Pause Young (Mixed) (G1 Preventive Collection) 100M->107M(128M) 6.417ms
[2024-10-12T11:10:09.112+0800][info] GC(581) User=0.02s Sys=0.00s Real=0.00s
[2024-10-12T11:10:09.153+0800][info] GC(582) Pause Young (Concurrent Start) (G1 Preventive Collection)
[2024-10-12T11:10:09.154+0800][info] GC(582) Using 3 workers of 48 for evacuation
[2024-10-12T11:10:09.156+0800][info] GC(582)   Pre Evacuate Collection Set: 0.1ms
[2024-10-12T11:10:09.156+0800][info] GC(582)   Merge Heap Roots: 0.1ms
[2024-10-12T11:10:09.156+0800][info] GC(582)   Evacuate Collection Set: 1.3ms
[2024-10-12T11:10:09.156+0800][info] GC(582)   Post Evacuate Collection Set: 0.2ms
[2024-10-12T11:10:09.156+0800][info] GC(582)   Other: 0.4ms
[2024-10-12T11:10:09.156+0800][info] GC(582) Eden regions: 1->0(2)
[2024-10-12T11:10:09.156+0800][info] GC(582) Survivor regions: 1->1(1)
[2024-10-12T11:10:09.156+0800][info] GC(582) Old regions: 55->56
[2024-10-12T11:10:09.156+0800][info] GC(582) Archive regions: 2->2
[2024-10-12T11:10:09.156+0800][info] GC(582) Humongous regions: 3->3
[2024-10-12T11:10:09.156+0800][info] GC(582) Metaspace: 1695K(1856K)->1695K(1856K) NonClass: 1570K(1664K)->1570K(1664K) Class: 124K(192K)->124K(192K)
[2024-10-12T11:10:09.156+0800][info] GC(582) Pause Young (Concurrent Start) (G1 Preventive Collection) 109M->109M(128M) 2.213ms
[2024-10-12T11:10:09.156+0800][info] GC(582) User=0.00s Sys=0.00s Real=0.00s
[2024-10-12T11:10:09.156+0800][info] GC(583) Concurrent Mark Cycle
[2024-10-12T11:10:09.156+0800][info] GC(583) Concurrent Clear Claimed Marks
[2024-10-12T11:10:09.156+0800][info] GC(583) Concurrent Clear Claimed Marks 0.015ms
[2024-10-12T11:10:09.156+0800][info] GC(583) Concurrent Scan Root Regions
[2024-10-12T11:10:09.156+0800][info] GC(583) Concurrent Scan Root Regions 0.142ms
[2024-10-12T11:10:09.156+0800][info] GC(583) Concurrent Mark
[2024-10-12T11:10:09.156+0800][info] GC(583) Concurrent Mark From Roots
[2024-10-12T11:10:09.156+0800][info] GC(583) Using 12 workers of 12 for marking
[2024-10-12T11:10:09.160+0800][info] GC(583) Concurrent Mark From Roots 3.726ms
[2024-10-12T11:10:09.160+0800][info] GC(583) Concurrent Preclean
[2024-10-12T11:10:09.161+0800][info] GC(583) Concurrent Preclean 1.710ms
[2024-10-12T11:10:09.162+0800][info] GC(583) Pause Remark
[2024-10-12T11:10:09.163+0800][info] GC(583) Pause Remark 109M->109M(128M) 1.509ms
[2024-10-12T11:10:09.163+0800][info] GC(583) User=0.01s Sys=0.00s Real=0.00s
[2024-10-12T11:10:09.163+0800][info] GC(583) Concurrent Mark 7.158ms
[2024-10-12T11:10:09.163+0800][info] GC(583) Concurrent Rebuild Remembered Sets
[2024-10-12T11:10:09.164+0800][info] GC(583) Concurrent Rebuild Remembered Sets 1.008ms
[2024-10-12T11:10:09.164+0800][info] GC(583) Pause Cleanup
[2024-10-12T11:10:09.164+0800][info] GC(583) Pause Cleanup 109M->109M(128M) 0.218ms
[2024-10-12T11:10:09.164+0800][info] GC(583) User=0.00s Sys=0.00s Real=0.00s
[2024-10-12T11:10:09.164+0800][info] GC(583) Concurrent Cleanup for Next Mark
[2024-10-12T11:10:09.165+0800][info] GC(583) Concurrent Cleanup for Next Mark 0.351ms
[2024-10-12T11:10:09.165+0800][info] GC(583) Concurrent Mark Cycle 9.104ms
[2024-10-12T11:10:09.268+0800][info] GC(584) Pause Young (Prepare Mixed) (G1 Preventive Collection)
[2024-10-12T11:10:09.268+0800][info] GC(584) Using 3 workers of 48 for evacuation
[2024-10-12T11:10:09.269+0800][info] GC(584) To-space exhausted
[2024-10-12T11:10:09.269+0800][info] GC(584)   Pre Evacuate Collection Set: 0.1ms
[2024-10-12T11:10:09.269+0800][info] GC(584)   Merge Heap Roots: 0.1ms
[2024-10-12T11:10:09.269+0800][info] GC(584)   Evacuate Collection Set: 0.5ms
[2024-10-12T11:10:09.269+0800][info] GC(584)   Post Evacuate Collection Set: 0.2ms
[2024-10-12T11:10:09.269+0800][info] GC(584)   Other: 0.2ms
[2024-10-12T11:10:09.269+0800][info] GC(584) Eden regions: 1->0(2)
[2024-10-12T11:10:09.269+0800][info] GC(584) Survivor regions: 1->1(1)
[2024-10-12T11:10:09.269+0800][info] GC(584) Old regions: 56->57
[2024-10-12T11:10:09.269+0800][info] GC(584) Archive regions: 2->2
[2024-10-12T11:10:09.269+0800][info] GC(584) Humongous regions: 3->3
[2024-10-12T11:10:09.269+0800][info] GC(584) Metaspace: 1695K(1856K)->1695K(1856K) NonClass: 1570K(1664K)->1570K(1664K) Class: 124K(192K)->124K(192K)
[2024-10-12T11:10:09.270+0800][info] GC(584) Pause Young (Prepare Mixed) (G1 Preventive Collection) 110M->111M(128M) 1.204ms
[2024-10-12T11:10:09.270+0800][info] GC(584) User=0.00s Sys=0.00s Real=0.00s
[2024-10-12T11:10:09.311+0800][info] GC(585) Pause Young (Mixed) (G1 Evacuation Pause)
[2024-10-12T11:10:09.311+0800][info] GC(585) Using 3 workers of 48 for evacuation
[2024-10-12T11:10:09.317+0800][info] GC(585) To-space exhausted
[2024-10-12T11:10:09.317+0800][info] GC(585)   Pre Evacuate Collection Set: 0.1ms
[2024-10-12T11:10:09.317+0800][info] GC(585)   Merge Heap Roots: 0.1ms
[2024-10-12T11:10:09.317+0800][info] GC(585)   Evacuate Collection Set: 3.7ms
[2024-10-12T11:10:09.317+0800][info] GC(585)   Post Evacuate Collection Set: 2.5ms
[2024-10-12T11:10:09.317+0800][info] GC(585)   Other: 0.2ms
[2024-10-12T11:10:09.317+0800][info] GC(585) Eden regions: 1->0(3)
[2024-10-12T11:10:09.317+0800][info] GC(585) Survivor regions: 1->0(0)
[2024-10-12T11:10:09.317+0800][info] GC(585) Old regions: 57->59
[2024-10-12T11:10:09.317+0800][info] GC(585) Archive regions: 2->2
[2024-10-12T11:10:09.317+0800][info] GC(585) Humongous regions: 3->3
[2024-10-12T11:10:09.317+0800][info] GC(585) Metaspace: 1695K(1856K)->1695K(1856K) NonClass: 1570K(1664K)->1570K(1664K) Class: 124K(192K)->124K(192K)
[2024-10-12T11:10:09.318+0800][info] GC(585) Pause Young (Mixed) (G1 Evacuation Pause) 112M->112M(128M) 6.867ms
[2024-10-12T11:10:09.318+0800][info] GC(585) User=0.02s Sys=0.00s Real=0.01s
[2024-10-12T11:10:09.318+0800][info] Attempting full compaction
[2024-10-12T11:10:09.318+0800][info] GC(586) Using 3 workers of 48 for full compaction
[2024-10-12T11:10:09.318+0800][info] GC(586) Pause Full (G1 Compaction Pause)
[2024-10-12T11:10:09.318+0800][info] GC(586) Phase 1: Mark live objects
[2024-10-12T11:10:09.321+0800][info] GC(586) Phase 1: Mark live objects 3.346ms
[2024-10-12T11:10:09.321+0800][info] GC(586) Phase 2: Prepare for compaction
[2024-10-12T11:10:09.322+0800][info] GC(586) Phase 2: Prepare for compaction 0.752ms
[2024-10-12T11:10:09.322+0800][info] GC(586) Phase 3: Adjust pointers
[2024-10-12T11:10:09.324+0800][info] GC(586) Phase 3: Adjust pointers 1.747ms
[2024-10-12T11:10:09.324+0800][info] GC(586) Phase 4: Compact heap
[2024-10-12T11:10:09.336+0800][info] GC(586) Phase 4: Compact heap 12.332ms
[2024-10-12T11:10:09.338+0800][info] GC(586) Eden regions: 0->0(4)
[2024-10-12T11:10:09.338+0800][info] GC(586) Survivor regions: 0->0(0)
[2024-10-12T11:10:09.338+0800][info] GC(586) Old regions: 59->37
[2024-10-12T11:10:09.338+0800][info] GC(586) Archive regions: 2->2
[2024-10-12T11:10:09.338+0800][info] GC(586) Humongous regions: 3->3
[2024-10-12T11:10:09.338+0800][info] GC(586) Metaspace: 1695K(1856K)->1695K(1856K) NonClass: 1570K(1664K)->1570K(1664K) Class: 124K(192K)->124K(192K)
[2024-10-12T11:10:09.338+0800][info] GC(586) Pause Full (G1 Compaction Pause) 112M->72M(128M) 20.091ms
[2024-10-12T11:10:09.338+0800][info] GC(586) User=0.04s Sys=0.01s Real=0.02s
[2024-10-12T11:10:09.563+0800][info] GC(587) Pause Young (Normal) (G1 Evacuation Pause)
[2024-10-12T11:10:09.563+0800][info] GC(587) Using 3 workers of 48 for evacuation
[2024-10-12T11:10:09.565+0800][info] GC(587)   Pre Evacuate Collection Set: 0.1ms
[2024-10-12T11:10:09.565+0800][info] GC(587)   Merge Heap Roots: 0.1ms
[2024-10-12T11:10:09.565+0800][info] GC(587)   Evacuate Collection Set: 1.5ms
[2024-10-12T11:10:09.565+0800][info] GC(587)   Post Evacuate Collection Set: 0.3ms
[2024-10-12T11:10:09.565+0800][info] GC(587)   Other: 0.3ms
[2024-10-12T11:10:09.565+0800][info] GC(587) Eden regions: 4->0(2)
[2024-10-12T11:10:09.565+0800][info] GC(587) Survivor regions: 0->1(1)
[2024-10-12T11:10:09.565+0800][info] GC(587) Old regions: 37->41
[2024-10-12T11:10:09.565+0800][info] GC(587) Archive regions: 2->2
[2024-10-12T11:10:09.565+0800][info] GC(587) Humongous regions: 3->3
[2024-10-12T11:10:09.565+0800][info] GC(587) Metaspace: 1695K(1856K)->1695K(1856K) NonClass: 1570K(1664K)->1570K(1664K) Class: 124K(192K)->124K(192K)
[2024-10-12T11:10:09.565+0800][info] GC(587) Pause Young (Normal) (G1 Evacuation Pause) 79M->80M(128M) 2.350ms
[2024-10-12T11:10:09.565+0800][info] GC(587) User=0.01s Sys=0.00s Real=0.01s
[2024-10-12T11:10:09.668+0800][info] GC(588) Pause Young (Normal) (G1 Evacuation Pause)
[2024-10-12T11:10:09.668+0800][info] GC(588) Using 3 workers of 48 for evacuation
[2024-10-12T11:10:09.670+0800][info] GC(588)   Pre Evacuate Collection Set: 0.1ms
[2024-10-12T11:10:09.670+0800][info] GC(588)   Merge Heap Roots: 0.1ms
[2024-10-12T11:10:09.670+0800][info] GC(588)   Evacuate Collection Set: 1.0ms
[2024-10-12T11:10:09.670+0800][info] GC(588)   Post Evacuate Collection Set: 0.2ms
[2024-10-12T11:10:09.670+0800][info] GC(588)   Other: 0.2ms
[2024-10-12T11:10:09.670+0800][info] GC(588) Eden regions: 2->0(2)
[2024-10-12T11:10:09.670+0800][info] GC(588) Survivor regions: 1->1(1)
[2024-10-12T11:10:09.670+0800][info] GC(588) Old regions: 41->43
[2024-10-12T11:10:09.670+0800][info] GC(588) Archive regions: 2->2
[2024-10-12T11:10:09.670+0800][info] GC(588) Humongous regions: 3->3
[2024-10-12T11:10:09.670+0800][info] GC(588) Metaspace: 1695K(1856K)->1695K(1856K) NonClass: 1570K(1664K)->1570K(1664K) Class: 124K(192K)->124K(192K)
[2024-10-12T11:10:09.670+0800][info] GC(588) Pause Young (Normal) (G1 Evacuation Pause) 84M->84M(128M) 1.735ms
[2024-10-12T11:10:09.670+0800][info] GC(588) User=0.00s Sys=0.00s Real=0.00s
[2024-10-12T11:10:09.772+0800][info] GC(589) Pause Young (Normal) (G1 Evacuation Pause)
[2024-10-12T11:10:09.772+0800][info] GC(589) Using 3 workers of 48 for evacuation
[2024-10-12T11:10:09.774+0800][info] GC(589)   Pre Evacuate Collection Set: 0.1ms
[2024-10-12T11:10:09.774+0800][info] GC(589)   Merge Heap Roots: 0.1ms
[2024-10-12T11:10:09.774+0800][info] GC(589)   Evacuate Collection Set: 1.4ms
[2024-10-12T11:10:09.774+0800][info] GC(589)   Post Evacuate Collection Set: 0.2ms
[2024-10-12T11:10:09.774+0800][info] GC(589)   Other: 0.2ms
[2024-10-12T11:10:09.774+0800][info] GC(589) Eden regions: 2->0(2)
[2024-10-12T11:10:09.774+0800][info] GC(589) Survivor regions: 1->1(1)
[2024-10-12T11:10:09.774+0800][info] GC(589) Old regions: 43->45
[2024-10-12T11:10:09.774+0800][info] GC(589) Archive regions: 2->2
[2024-10-12T11:10:09.774+0800][info] GC(589) Humongous regions: 3->3
[2024-10-12T11:10:09.774+0800][info] GC(589) Metaspace: 1695K(1856K)->1695K(1856K) NonClass: 1570K(1664K)->1570K(1664K) Class: 124K(192K)->124K(192K)
[2024-10-12T11:10:09.774+0800][info] GC(589) Pause Young (Normal) (G1 Evacuation Pause) 88M->88M(128M) 2.181ms
[2024-10-12T11:10:09.774+0800][info] GC(589) User=0.00s Sys=0.00s Real=0.01s
[2024-10-12T11:10:09.877+0800][info] GC(590) Pause Young (Normal) (G1 Evacuation Pause)
[2024-10-12T11:10:09.877+0800][info] GC(590) Using 3 workers of 48 for evacuation
[2024-10-12T11:10:09.878+0800][info] GC(590)   Pre Evacuate Collection Set: 0.1ms
[2024-10-12T11:10:09.878+0800][info] GC(590)   Merge Heap Roots: 0.1ms
[2024-10-12T11:10:09.878+0800][info] GC(590)   Evacuate Collection Set: 1.0ms
[2024-10-12T11:10:09.878+0800][info] GC(590)   Post Evacuate Collection Set: 0.2ms
[2024-10-12T11:10:09.878+0800][info] GC(590)   Other: 0.2ms
[2024-10-12T11:10:09.878+0800][info] GC(590) Eden regions: 2->0(2)
[2024-10-12T11:10:09.878+0800][info] GC(590) Survivor regions: 1->1(1)
[2024-10-12T11:10:09.878+0800][info] GC(590) Old regions: 45->47
[2024-10-12T11:10:09.878+0800][info] GC(590) Archive regions: 2->2
[2024-10-12T11:10:09.878+0800][info] GC(590) Humongous regions: 3->3
[2024-10-12T11:10:09.878+0800][info] GC(590) Metaspace: 1695K(1856K)->1695K(1856K) NonClass: 1570K(1664K)->1570K(1664K) Class: 124K(192K)->124K(192K)
[2024-10-12T11:10:09.878+0800][info] GC(590) Pause Young (Normal) (G1 Evacuation Pause) 92M->92M(128M) 1.741ms
[2024-10-12T11:10:09.878+0800][info] GC(590) User=0.01s Sys=0.00s Real=0.00s
[2024-10-12T11:10:09.980+0800][info] GC(591) Pause Young (Concurrent Start) (G1 Evacuation Pause)
[2024-10-12T11:10:09.980+0800][info] GC(591) Using 3 workers of 48 for evacuation
[2024-10-12T11:10:09.982+0800][info] GC(591)   Pre Evacuate Collection Set: 0.1ms
[2024-10-12T11:10:09.982+0800][info] GC(591)   Merge Heap Roots: 0.1ms
[2024-10-12T11:10:09.982+0800][info] GC(591)   Evacuate Collection Set: 1.0ms
[2024-10-12T11:10:09.982+0800][info] GC(591)   Post Evacuate Collection Set: 0.2ms
[2024-10-12T11:10:09.982+0800][info] GC(591)   Other: 0.4ms
[2024-10-12T11:10:09.982+0800][info] GC(591) Eden regions: 2->0(2)
[2024-10-12T11:10:09.982+0800][info] GC(591) Survivor regions: 1->1(1)
[2024-10-12T11:10:09.982+0800][info] GC(591) Old regions: 47->48
[2024-10-12T11:10:09.982+0800][info] GC(591) Archive regions: 2->2
[2024-10-12T11:10:09.982+0800][info] GC(591) Humongous regions: 3->3
[2024-10-12T11:10:09.982+0800][info] GC(591) Metaspace: 1695K(1856K)->1695K(1856K) NonClass: 1570K(1664K)->1570K(1664K) Class: 124K(192K)->124K(192K)
[2024-10-12T11:10:09.982+0800][info] GC(591) Pause Young (Concurrent Start) (G1 Evacuation Pause) 96M->95M(128M) 1.893ms
[2024-10-12T11:10:09.982+0800][info] GC(591) User=0.00s Sys=0.00s Real=0.00s
[2024-10-12T11:10:09.982+0800][info] GC(592) Concurrent Mark Cycle
[2024-10-12T11:10:09.982+0800][info] GC(592) Concurrent Clear Claimed Marks
[2024-10-12T11:10:09.982+0800][info] GC(592) Concurrent Clear Claimed Marks 0.019ms
[2024-10-12T11:10:09.982+0800][info] GC(592) Concurrent Scan Root Regions
[2024-10-12T11:10:09.983+0800][info] GC(592) Concurrent Scan Root Regions 0.179ms
[2024-10-12T11:10:09.983+0800][info] GC(592) Concurrent Mark
[2024-10-12T11:10:09.983+0800][info] GC(592) Concurrent Mark From Roots
[2024-10-12T11:10:09.983+0800][info] GC(592) Using 12 workers of 12 for marking
[2024-10-12T11:10:09.986+0800][info] GC(592) Concurrent Mark From Roots 3.822ms
[2024-10-12T11:10:09.986+0800][info] GC(592) Concurrent Preclean
[2024-10-12T11:10:09.988+0800][info] GC(592) Concurrent Preclean 1.748ms
[2024-10-12T11:10:09.988+0800][info] GC(592) Pause Remark
[2024-10-12T11:10:09.990+0800][info] GC(592) Pause Remark 96M->96M(128M) 1.513ms
[2024-10-12T11:10:09.990+0800][info] GC(592) User=0.00s Sys=0.00s Real=0.00s
[2024-10-12T11:10:09.990+0800][info] GC(592) Concurrent Mark 7.260ms
[2024-10-12T11:10:09.990+0800][info] GC(592) Concurrent Rebuild Remembered Sets
[2024-10-12T11:10:09.991+0800][info] GC(592) Concurrent Rebuild Remembered Sets 1.117ms
[2024-10-12T11:10:09.991+0800][info] GC(592) Pause Cleanup
[2024-10-12T11:10:09.991+0800][info] GC(592) Pause Cleanup 96M->96M(128M) 0.195ms
[2024-10-12T11:10:09.991+0800][info] GC(592) User=0.00s Sys=0.00s Real=0.00s
[2024-10-12T11:10:09.991+0800][info] GC(592) Concurrent Cleanup for Next Mark
[2024-10-12T11:10:09.992+0800][info] GC(592) Concurrent Cleanup for Next Mark 0.421ms
[2024-10-12T11:10:09.992+0800][info] GC(592) Concurrent Mark Cycle 9.496ms
[2024-10-12T11:10:10.136+0800][info] GC(593) Pause Young (Prepare Mixed) (G1 Evacuation Pause)
[2024-10-12T11:10:10.136+0800][info] GC(593) Using 3 workers of 48 for evacuation
[2024-10-12T11:10:10.137+0800][info] GC(593)   Pre Evacuate Collection Set: 0.1ms
[2024-10-12T11:10:10.137+0800][info] GC(593)   Merge Heap Roots: 0.1ms
[2024-10-12T11:10:10.137+0800][info] GC(593)   Evacuate Collection Set: 1.0ms
[2024-10-12T11:10:10.137+0800][info] GC(593)   Post Evacuate Collection Set: 0.2ms
[2024-10-12T11:10:10.137+0800][info] GC(593)   Other: 0.2ms
[2024-10-12T11:10:10.137+0800][info] GC(593) Eden regions: 2->0(2)
[2024-10-12T11:10:10.137+0800][info] GC(593) Survivor regions: 1->1(1)
[2024-10-12T11:10:10.137+0800][info] GC(593) Old regions: 48->50
[2024-10-12T11:10:10.137+0800][info] GC(593) Archive regions: 2->2
[2024-10-12T11:10:10.137+0800][info] GC(593) Humongous regions: 3->3
[2024-10-12T11:10:10.138+0800][info] GC(593) Metaspace: 1695K(1856K)->1695K(1856K) NonClass: 1570K(1664K)->1570K(1664K) Class: 124K(192K)->124K(192K)
[2024-10-12T11:10:10.138+0800][info] GC(593) Pause Young (Prepare Mixed) (G1 Evacuation Pause) 99M->99M(128M) 1.798ms
[2024-10-12T11:10:10.138+0800][info] GC(593) User=0.01s Sys=0.00s Real=0.00s
[2024-10-12T11:10:10.199+0800][info] GC(594) Pause Young (Mixed) (G1 Preventive Collection)
[2024-10-12T11:10:10.199+0800][info] GC(594) Using 3 workers of 48 for evacuation
[2024-10-12T11:10:10.204+0800][info] GC(594) To-space exhausted
[2024-10-12T11:10:10.204+0800][info] GC(594)   Pre Evacuate Collection Set: 0.1ms
[2024-10-12T11:10:10.204+0800][info] GC(594)   Merge Heap Roots: 0.1ms
[2024-10-12T11:10:10.204+0800][info] GC(594)   Evacuate Collection Set: 3.7ms
[2024-10-12T11:10:10.204+0800][info] GC(594)   Post Evacuate Collection Set: 0.9ms
[2024-10-12T11:10:10.204+0800][info] GC(594)   Other: 0.2ms
[2024-10-12T11:10:10.204+0800][info] GC(594) Eden regions: 1->0(2)
[2024-10-12T11:10:10.204+0800][info] GC(594) Survivor regions: 1->1(1)
[2024-10-12T11:10:10.204+0800][info] GC(594) Old regions: 50->55
[2024-10-12T11:10:10.204+0800][info] GC(594) Archive regions: 2->2
[2024-10-12T11:10:10.204+0800][info] GC(594) Humongous regions: 3->3
[2024-10-12T11:10:10.204+0800][info] GC(594) Metaspace: 1695K(1856K)->1695K(1856K) NonClass: 1570K(1664K)->1570K(1664K) Class: 124K(192K)->124K(192K)
[2024-10-12T11:10:10.204+0800][info] GC(594) Pause Young (Mixed) (G1 Preventive Collection) 101M->110M(128M) 5.228ms
[2024-10-12T11:10:10.204+0800][info] GC(594) User=0.01s Sys=0.00s Real=0.00s
[2024-10-12T11:10:10.245+0800][info] GC(595) Pause Young (Concurrent Start) (G1 Preventive Collection)
[2024-10-12T11:10:10.245+0800][info] GC(595) Using 3 workers of 48 for evacuation
[2024-10-12T11:10:10.247+0800][info] GC(595)   Pre Evacuate Collection Set: 0.1ms
[2024-10-12T11:10:10.247+0800][info] GC(595)   Merge Heap Roots: 0.1ms
[2024-10-12T11:10:10.247+0800][info] GC(595)   Evacuate Collection Set: 1.1ms
[2024-10-12T11:10:10.247+0800][info] GC(595)   Post Evacuate Collection Set: 0.2ms
[2024-10-12T11:10:10.247+0800][info] GC(595)   Other: 0.4ms
[2024-10-12T11:10:10.247+0800][info] GC(595) Eden regions: 1->0(2)
[2024-10-12T11:10:10.247+0800][info] GC(595) Survivor regions: 1->1(1)
[2024-10-12T11:10:10.247+0800][info] GC(595) Old regions: 55->56
[2024-10-12T11:10:10.247+0800][info] GC(595) Archive regions: 2->2
[2024-10-12T11:10:10.247+0800][info] GC(595) Humongous regions: 3->3
[2024-10-12T11:10:10.247+0800][info] GC(595) Metaspace: 1695K(1856K)->1695K(1856K) NonClass: 1570K(1664K)->1570K(1664K) Class: 124K(192K)->124K(192K)
[2024-10-12T11:10:10.247+0800][info] GC(595) Pause Young (Concurrent Start) (G1 Preventive Collection) 112M->111M(128M) 2.028ms
[2024-10-12T11:10:10.247+0800][info] GC(595) User=0.00s Sys=0.00s Real=0.00s
[2024-10-12T11:10:10.248+0800][info] GC(596) Concurrent Mark Cycle
[2024-10-12T11:10:10.248+0800][info] GC(596) Concurrent Clear Claimed Marks
[2024-10-12T11:10:10.248+0800][info] GC(596) Concurrent Clear Claimed Marks 0.019ms
[2024-10-12T11:10:10.248+0800][info] GC(596) Concurrent Scan Root Regions
[2024-10-12T11:10:10.248+0800][info] GC(596) Concurrent Scan Root Regions 0.163ms
[2024-10-12T11:10:10.248+0800][info] GC(596) Concurrent Mark
[2024-10-12T11:10:10.248+0800][info] GC(596) Concurrent Mark From Roots
[2024-10-12T11:10:10.248+0800][info] GC(596) Using 12 workers of 12 for marking
[2024-10-12T11:10:10.252+0800][info] GC(596) Concurrent Mark From Roots 3.745ms
[2024-10-12T11:10:10.252+0800][info] GC(596) Concurrent Preclean
[2024-10-12T11:10:10.253+0800][info] GC(596) Concurrent Preclean 1.779ms
[2024-10-12T11:10:10.253+0800][info] GC(596) Pause Remark
[2024-10-12T11:10:10.255+0800][info] GC(596) Pause Remark 112M->112M(128M) 1.515ms
[2024-10-12T11:10:10.255+0800][info] GC(596) User=0.01s Sys=0.00s Real=0.00s
[2024-10-12T11:10:10.255+0800][info] GC(596) Concurrent Mark 7.248ms
[2024-10-12T11:10:10.255+0800][info] GC(596) Concurrent Rebuild Remembered Sets
[2024-10-12T11:10:10.256+0800][info] GC(596) Concurrent Rebuild Remembered Sets 1.046ms
[2024-10-12T11:10:10.256+0800][info] GC(596) Pause Cleanup
[2024-10-12T11:10:10.256+0800][info] GC(596) Pause Cleanup 112M->112M(128M) 0.167ms
[2024-10-12T11:10:10.256+0800][info] GC(596) User=0.00s Sys=0.00s Real=0.00s
[2024-10-12T11:10:10.256+0800][info] GC(596) Concurrent Cleanup for Next Mark
[2024-10-12T11:10:10.257+0800][info] GC(596) Concurrent Cleanup for Next Mark 0.366ms
[2024-10-12T11:10:10.257+0800][info] GC(596) Concurrent Mark Cycle 9.297ms
[2024-10-12T11:10:10.340+0800][info] GC(597) Pause Young (Prepare Mixed) (G1 Preventive Collection)
[2024-10-12T11:10:10.340+0800][info] GC(597) Using 3 workers of 48 for evacuation
[2024-10-12T11:10:10.341+0800][info] GC(597) To-space exhausted
[2024-10-12T11:10:10.341+0800][info] GC(597)   Pre Evacuate Collection Set: 0.1ms
[2024-10-12T11:10:10.341+0800][info] GC(597)   Merge Heap Roots: 0.1ms
[2024-10-12T11:10:10.341+0800][info] GC(597)   Evacuate Collection Set: 0.5ms
[2024-10-12T11:10:10.341+0800][info] GC(597)   Post Evacuate Collection Set: 0.2ms
[2024-10-12T11:10:10.341+0800][info] GC(597)   Other: 0.2ms
[2024-10-12T11:10:10.341+0800][info] GC(597) Eden regions: 1->0(2)
[2024-10-12T11:10:10.341+0800][info] GC(597) Survivor regions: 1->1(1)
[2024-10-12T11:10:10.341+0800][info] GC(597) Old regions: 56->57
[2024-10-12T11:10:10.341+0800][info] GC(597) Archive regions: 2->2
[2024-10-12T11:10:10.341+0800][info] GC(597) Humongous regions: 3->3
[2024-10-12T11:10:10.341+0800][info] GC(597) Metaspace: 1695K(1856K)->1695K(1856K) NonClass: 1570K(1664K)->1570K(1664K) Class: 124K(192K)->124K(192K)
[2024-10-12T11:10:10.341+0800][info] GC(597) Pause Young (Prepare Mixed) (G1 Preventive Collection) 113M->113M(128M) 1.224ms
[2024-10-12T11:10:10.341+0800][info] GC(597) User=0.00s Sys=0.00s Real=0.00s
[2024-10-12T11:10:10.342+0800][info] GC(598) Pause Young (Mixed) (G1 Evacuation Pause)
[2024-10-12T11:10:10.342+0800][info] GC(598) Using 3 workers of 48 for evacuation
[2024-10-12T11:10:10.345+0800][info] GC(598) To-space exhausted
[2024-10-12T11:10:10.345+0800][info] GC(598)   Pre Evacuate Collection Set: 0.1ms
[2024-10-12T11:10:10.345+0800][info] GC(598)   Merge Heap Roots: 0.1ms
[2024-10-12T11:10:10.345+0800][info] GC(598)   Evacuate Collection Set: 2.1ms
[2024-10-12T11:10:10.345+0800][info] GC(598)   Post Evacuate Collection Set: 1.3ms
[2024-10-12T11:10:10.345+0800][info] GC(598)   Other: 0.2ms
[2024-10-12T11:10:10.345+0800][info] GC(598) Eden regions: 0->0(3)
[2024-10-12T11:10:10.345+0800][info] GC(598) Survivor regions: 1->0(0)
[2024-10-12T11:10:10.345+0800][info] GC(598) Old regions: 57->58
[2024-10-12T11:10:10.345+0800][info] GC(598) Archive regions: 2->2
[2024-10-12T11:10:10.345+0800][info] GC(598) Humongous regions: 4->3
[2024-10-12T11:10:10.345+0800][info] GC(598) Metaspace: 1695K(1856K)->1695K(1856K) NonClass: 1570K(1664K)->1570K(1664K) Class: 124K(192K)->124K(192K)
[2024-10-12T11:10:10.345+0800][info] GC(598) Pause Young (Mixed) (G1 Evacuation Pause) 115M->113M(128M) 3.818ms
[2024-10-12T11:10:10.345+0800][info] GC(598) User=0.01s Sys=0.00s Real=0.01s
[2024-10-12T11:10:10.407+0800][info] GC(599) Pause Young (Concurrent Start) (G1 Evacuation Pause)
[2024-10-12T11:10:10.407+0800][info] GC(599) Using 3 workers of 48 for evacuation
[2024-10-12T11:10:10.409+0800][info] GC(599) To-space exhausted
[2024-10-12T11:10:10.409+0800][info] GC(599)   Pre Evacuate Collection Set: 0.1ms
[2024-10-12T11:10:10.409+0800][info] GC(599)   Merge Heap Roots: 0.1ms
[2024-10-12T11:10:10.409+0800][info] GC(599)   Evacuate Collection Set: 0.7ms
[2024-10-12T11:10:10.409+0800][info] GC(599)   Post Evacuate Collection Set: 0.3ms
[2024-10-12T11:10:10.409+0800][info] GC(599)   Other: 0.4ms
[2024-10-12T11:10:10.409+0800][info] GC(599) Eden regions: 1->0(3)
[2024-10-12T11:10:10.409+0800][info] GC(599) Survivor regions: 0->0(0)
[2024-10-12T11:10:10.409+0800][info] GC(599) Old regions: 58->59
[2024-10-12T11:10:10.409+0800][info] GC(599) Archive regions: 2->2
[2024-10-12T11:10:10.409+0800][info] GC(599) Humongous regions: 3->3
[2024-10-12T11:10:10.409+0800][info] GC(599) Metaspace: 1695K(1856K)->1695K(1856K) NonClass: 1570K(1664K)->1570K(1664K) Class: 124K(192K)->124K(192K)
[2024-10-12T11:10:10.409+0800][info] GC(599) Pause Young (Concurrent Start) (G1 Evacuation Pause) 115M->115M(128M) 1.687ms
[2024-10-12T11:10:10.409+0800][info] GC(599) User=0.01s Sys=0.00s Real=0.00s
[2024-10-12T11:10:10.409+0800][info] Attempting full compaction
[2024-10-12T11:10:10.409+0800][info] GC(601) Concurrent Mark Cycle
[2024-10-12T11:10:10.409+0800][info] GC(601) Concurrent Clear Claimed Marks
[2024-10-12T11:10:10.409+0800][info] GC(600) Using 3 workers of 48 for full compaction
[2024-10-12T11:10:10.409+0800][info] GC(601) Concurrent Clear Claimed Marks 0.032ms
[2024-10-12T11:10:10.409+0800][info] GC(601) Concurrent Scan Root Regions
[2024-10-12T11:10:10.409+0800][info] GC(601) Concurrent Scan Root Regions 0.017ms
[2024-10-12T11:10:10.409+0800][info] GC(601) Concurrent Mark
[2024-10-12T11:10:10.409+0800][info] GC(601) Concurrent Mark From Roots
[2024-10-12T11:10:10.409+0800][info] GC(601) Using 12 workers of 12 for marking
[2024-10-12T11:10:10.409+0800][info] GC(600) Pause Full (G1 Compaction Pause)
[2024-10-12T11:10:10.410+0800][info] GC(600) Phase 1: Mark live objects
[2024-10-12T11:10:10.413+0800][info] GC(600) Phase 1: Mark live objects 3.240ms
[2024-10-12T11:10:10.413+0800][info] GC(600) Phase 2: Prepare for compaction
[2024-10-12T11:10:10.414+0800][info] GC(600) Phase 2: Prepare for compaction 0.660ms
[2024-10-12T11:10:10.414+0800][info] GC(600) Phase 3: Adjust pointers
[2024-10-12T11:10:10.415+0800][info] GC(600) Phase 3: Adjust pointers 1.790ms
[2024-10-12T11:10:10.415+0800][info] GC(600) Phase 4: Compact heap
[2024-10-12T11:10:10.427+0800][info] GC(600) Phase 4: Compact heap 11.377ms
[2024-10-12T11:10:10.428+0800][info] GC(600) Eden regions: 0->0(4)
[2024-10-12T11:10:10.428+0800][info] GC(600) Survivor regions: 0->0(0)
[2024-10-12T11:10:10.428+0800][info] GC(600) Old regions: 59->38
[2024-10-12T11:10:10.428+0800][info] GC(600) Archive regions: 2->2
[2024-10-12T11:10:10.428+0800][info] GC(600) Humongous regions: 3->3
[2024-10-12T11:10:10.428+0800][info] GC(600) Metaspace: 1695K(1856K)->1695K(1856K) NonClass: 1570K(1664K)->1570K(1664K) Class: 124K(192K)->124K(192K)
[2024-10-12T11:10:10.428+0800][info] GC(600) Pause Full (G1 Compaction Pause) 115M->71M(128M) 19.265ms
[2024-10-12T11:10:10.428+0800][info] GC(600) User=0.04s Sys=0.00s Real=0.02s
[2024-10-12T11:10:10.429+0800][info] GC(601) Concurrent Mark From Roots 19.519ms
[2024-10-12T11:10:10.429+0800][info] GC(601) Concurrent Mark Abort
[2024-10-12T11:10:10.429+0800][info] GC(601) Concurrent Mark Cycle 19.766ms
[2024-10-12T11:10:10.654+0800][info] GC(602) Pause Young (Normal) (G1 Evacuation Pause)
[2024-10-12T11:10:10.654+0800][info] GC(602) Using 3 workers of 48 for evacuation
[2024-10-12T11:10:10.656+0800][info] GC(602)   Pre Evacuate Collection Set: 0.1ms
[2024-10-12T11:10:10.656+0800][info] GC(602)   Merge Heap Roots: 0.0ms
[2024-10-12T11:10:10.656+0800][info] GC(602)   Evacuate Collection Set: 1.3ms
[2024-10-12T11:10:10.656+0800][info] GC(602)   Post Evacuate Collection Set: 0.2ms
[2024-10-12T11:10:10.656+0800][info] GC(602)   Other: 0.2ms
[2024-10-12T11:10:10.656+0800][info] GC(602) Eden regions: 4->0(2)
[2024-10-12T11:10:10.656+0800][info] GC(602) Survivor regions: 0->1(1)
[2024-10-12T11:10:10.656+0800][info] GC(602) Old regions: 38->41
[2024-10-12T11:10:10.656+0800][info] GC(602) Archive regions: 2->2
[2024-10-12T11:10:10.656+0800][info] GC(602) Humongous regions: 3->3
[2024-10-12T11:10:10.656+0800][info] GC(602) Metaspace: 1695K(1856K)->1695K(1856K) NonClass: 1570K(1664K)->1570K(1664K) Class: 124K(192K)->124K(192K)
[2024-10-12T11:10:10.656+0800][info] GC(602) Pause Young (Normal) (G1 Evacuation Pause) 78M->78M(128M) 2.012ms
[2024-10-12T11:10:10.656+0800][info] GC(602) User=0.00s Sys=0.00s Real=0.00s
[2024-10-12T11:10:10.759+0800][info] GC(603) Pause Young (Normal) (G1 Evacuation Pause)
[2024-10-12T11:10:10.759+0800][info] GC(603) Using 3 workers of 48 for evacuation
[2024-10-12T11:10:10.760+0800][info] GC(603)   Pre Evacuate Collection Set: 0.1ms
[2024-10-12T11:10:10.760+0800][info] GC(603)   Merge Heap Roots: 0.0ms
[2024-10-12T11:10:10.760+0800][info] GC(603)   Evacuate Collection Set: 1.1ms
[2024-10-12T11:10:10.760+0800][info] GC(603)   Post Evacuate Collection Set: 0.2ms
[2024-10-12T11:10:10.760+0800][info] GC(603)   Other: 0.2ms
[2024-10-12T11:10:10.760+0800][info] GC(603) Eden regions: 2->0(2)
[2024-10-12T11:10:10.760+0800][info] GC(603) Survivor regions: 1->1(1)
[2024-10-12T11:10:10.760+0800][info] GC(603) Old regions: 41->44
[2024-10-12T11:10:10.760+0800][info] GC(603) Archive regions: 2->2
[2024-10-12T11:10:10.760+0800][info] GC(603) Humongous regions: 3->3
[2024-10-12T11:10:10.760+0800][info] GC(603) Metaspace: 1695K(1856K)->1695K(1856K) NonClass: 1570K(1664K)->1570K(1664K) Class: 124K(192K)->124K(192K)
[2024-10-12T11:10:10.760+0800][info] GC(603) Pause Young (Normal) (G1 Evacuation Pause) 82M->83M(128M) 1.775ms
[2024-10-12T11:10:10.760+0800][info] GC(603) User=0.01s Sys=0.00s Real=0.00s
[2024-10-12T11:10:10.863+0800][info] GC(604) Pause Young (Normal) (G1 Evacuation Pause)
[2024-10-12T11:10:10.863+0800][info] GC(604) Using 3 workers of 48 for evacuation
[2024-10-12T11:10:10.864+0800][info] GC(604)   Pre Evacuate Collection Set: 0.1ms
[2024-10-12T11:10:10.864+0800][info] GC(604)   Merge Heap Roots: 0.1ms
[2024-10-12T11:10:10.864+0800][info] GC(604)   Evacuate Collection Set: 0.9ms
[2024-10-12T11:10:10.864+0800][info] GC(604)   Post Evacuate Collection Set: 0.2ms
[2024-10-12T11:10:10.864+0800][info] GC(604)   Other: 0.2ms
[2024-10-12T11:10:10.864+0800][info] GC(604) Eden regions: 2->0(2)
[2024-10-12T11:10:10.864+0800][info] GC(604) Survivor regions: 1->1(1)
[2024-10-12T11:10:10.864+0800][info] GC(604) Old regions: 44->45
[2024-10-12T11:10:10.864+0800][info] GC(604) Archive regions: 2->2
[2024-10-12T11:10:10.864+0800][info] GC(604) Humongous regions: 3->3
[2024-10-12T11:10:10.864+0800][info] GC(604) Metaspace: 1695K(1856K)->1695K(1856K) NonClass: 1570K(1664K)->1570K(1664K) Class: 124K(192K)->124K(192K)
[2024-10-12T11:10:10.864+0800][info] GC(604) Pause Young (Normal) (G1 Evacuation Pause) 87M->86M(128M) 1.619ms
[2024-10-12T11:10:10.864+0800][info] GC(604) User=0.00s Sys=0.00s Real=0.00s
[2024-10-12T11:10:10.966+0800][info] GC(605) Pause Young (Normal) (G1 Evacuation Pause)
[2024-10-12T11:10:10.966+0800][info] GC(605) Using 3 workers of 48 for evacuation
[2024-10-12T11:10:10.968+0800][info] GC(605)   Pre Evacuate Collection Set: 0.1ms
[2024-10-12T11:10:10.968+0800][info] GC(605)   Merge Heap Roots: 0.1ms
[2024-10-12T11:10:10.968+0800][info] GC(605)   Evacuate Collection Set: 1.0ms
[2024-10-12T11:10:10.968+0800][info] GC(605)   Post Evacuate Collection Set: 0.2ms
[2024-10-12T11:10:10.968+0800][info] GC(605)   Other: 0.2ms
[2024-10-12T11:10:10.968+0800][info] GC(605) Eden regions: 2->0(2)
[2024-10-12T11:10:10.968+0800][info] GC(605) Survivor regions: 1->1(1)
[2024-10-12T11:10:10.968+0800][info] GC(605) Old regions: 45->47
[2024-10-12T11:10:10.968+0800][info] GC(605) Archive regions: 2->2
[2024-10-12T11:10:10.968+0800][info] GC(605) Humongous regions: 3->3
[2024-10-12T11:10:10.968+0800][info] GC(605) Metaspace: 1695K(1856K)->1695K(1856K) NonClass: 1570K(1664K)->1570K(1664K) Class: 124K(192K)->124K(192K)
[2024-10-12T11:10:10.968+0800][info] GC(605) Pause Young (Normal) (G1 Evacuation Pause) 90M->90M(128M) 1.697ms
[2024-10-12T11:10:10.968+0800][info] GC(605) User=0.01s Sys=0.00s Real=0.00s
[2024-10-12T11:10:11.070+0800][info] GC(606) Pause Young (Concurrent Start) (G1 Evacuation Pause)
[2024-10-12T11:10:11.071+0800][info] GC(606) Using 3 workers of 48 for evacuation
[2024-10-12T11:10:11.072+0800][info] GC(606)   Pre Evacuate Collection Set: 0.1ms
[2024-10-12T11:10:11.072+0800][info] GC(606)   Merge Heap Roots: 0.1ms
[2024-10-12T11:10:11.072+0800][info] GC(606)   Evacuate Collection Set: 1.1ms
[2024-10-12T11:10:11.072+0800][info] GC(606)   Post Evacuate Collection Set: 0.2ms
[2024-10-12T11:10:11.072+0800][info] GC(606)   Other: 0.4ms
[2024-10-12T11:10:11.072+0800][info] GC(606) Eden regions: 2->0(2)
[2024-10-12T11:10:11.072+0800][info] GC(606) Survivor regions: 1->1(1)
[2024-10-12T11:10:11.072+0800][info] GC(606) Old regions: 47->49
[2024-10-12T11:10:11.072+0800][info] GC(606) Archive regions: 2->2
[2024-10-12T11:10:11.072+0800][info] GC(606) Humongous regions: 3->3
[2024-10-12T11:10:11.072+0800][info] GC(606) Metaspace: 1695K(1856K)->1695K(1856K) NonClass: 1570K(1664K)->1570K(1664K) Class: 124K(192K)->124K(192K)
[2024-10-12T11:10:11.072+0800][info] GC(606) Pause Young (Concurrent Start) (G1 Evacuation Pause) 94M->94M(128M) 1.931ms
[2024-10-12T11:10:11.072+0800][info] GC(606) User=0.00s Sys=0.00s Real=0.00s
[2024-10-12T11:10:11.072+0800][info] GC(607) Concurrent Mark Cycle
[2024-10-12T11:10:11.073+0800][info] GC(607) Concurrent Clear Claimed Marks
[2024-10-12T11:10:11.073+0800][info] GC(607) Concurrent Clear Claimed Marks 0.018ms
[2024-10-12T11:10:11.073+0800][info] GC(607) Concurrent Scan Root Regions
[2024-10-12T11:10:11.073+0800][info] GC(607) Concurrent Scan Root Regions 0.160ms
[2024-10-12T11:10:11.073+0800][info] GC(607) Concurrent Mark
[2024-10-12T11:10:11.073+0800][info] GC(607) Concurrent Mark From Roots
[2024-10-12T11:10:11.073+0800][info] GC(607) Using 12 workers of 12 for marking
[2024-10-12T11:10:11.077+0800][info] GC(607) Concurrent Mark From Roots 4.041ms
[2024-10-12T11:10:11.077+0800][info] GC(607) Concurrent Preclean
[2024-10-12T11:10:11.079+0800][info] GC(607) Concurrent Preclean 1.718ms
[2024-10-12T11:10:11.079+0800][info] GC(607) Pause Remark
[2024-10-12T11:10:11.080+0800][info] GC(607) Pause Remark 95M->94M(128M) 1.511ms
[2024-10-12T11:10:11.080+0800][info] GC(607) User=0.01s Sys=0.00s Real=0.00s
[2024-10-12T11:10:11.080+0800][info] GC(607) Concurrent Mark 7.468ms
[2024-10-12T11:10:11.080+0800][info] GC(607) Concurrent Rebuild Remembered Sets
[2024-10-12T11:10:11.082+0800][info] GC(607) Concurrent Rebuild Remembered Sets 1.330ms
[2024-10-12T11:10:11.082+0800][info] GC(607) Pause Cleanup
[2024-10-12T11:10:11.082+0800][info] GC(607) Pause Cleanup 94M->94M(128M) 0.176ms
[2024-10-12T11:10:11.082+0800][info] GC(607) User=0.00s Sys=0.00s Real=0.00s
[2024-10-12T11:10:11.082+0800][info] GC(607) Concurrent Cleanup for Next Mark
[2024-10-12T11:10:11.082+0800][info] GC(607) Concurrent Cleanup for Next Mark 0.407ms
[2024-10-12T11:10:11.082+0800][info] GC(607) Concurrent Mark Cycle 9.850ms
[2024-10-12T11:10:11.225+0800][info] GC(608) Pause Young (Prepare Mixed) (G1 Evacuation Pause)
[2024-10-12T11:10:11.225+0800][info] GC(608) Using 3 workers of 48 for evacuation
[2024-10-12T11:10:11.227+0800][info] GC(608)   Pre Evacuate Collection Set: 0.1ms
[2024-10-12T11:10:11.227+0800][info] GC(608)   Merge Heap Roots: 0.1ms
[2024-10-12T11:10:11.227+0800][info] GC(608)   Evacuate Collection Set: 1.0ms
[2024-10-12T11:10:11.227+0800][info] GC(608)   Post Evacuate Collection Set: 0.2ms
[2024-10-12T11:10:11.227+0800][info] GC(608)   Other: 0.2ms
[2024-10-12T11:10:11.227+0800][info] GC(608) Eden regions: 2->0(2)
[2024-10-12T11:10:11.227+0800][info] GC(608) Survivor regions: 1->1(1)
[2024-10-12T11:10:11.227+0800][info] GC(608) Old regions: 48->50
[2024-10-12T11:10:11.227+0800][info] GC(608) Archive regions: 2->2
[2024-10-12T11:10:11.227+0800][info] GC(608) Humongous regions: 3->3
[2024-10-12T11:10:11.227+0800][info] GC(608) Metaspace: 1695K(1856K)->1695K(1856K) NonClass: 1570K(1664K)->1570K(1664K) Class: 124K(192K)->124K(192K)
[2024-10-12T11:10:11.227+0800][info] GC(608) Pause Young (Prepare Mixed) (G1 Evacuation Pause) 97M->98M(128M) 1.736ms
[2024-10-12T11:10:11.227+0800][info] GC(608) User=0.01s Sys=0.00s Real=0.00s
[2024-10-12T11:10:11.289+0800][info] GC(609) Pause Young (Mixed) (G1 Preventive Collection)
[2024-10-12T11:10:11.289+0800][info] GC(609) Using 3 workers of 48 for evacuation
[2024-10-12T11:10:11.295+0800][info] GC(609) To-space exhausted
[2024-10-12T11:10:11.295+0800][info] GC(609)   Pre Evacuate Collection Set: 0.2ms
[2024-10-12T11:10:11.295+0800][info] GC(609)   Merge Heap Roots: 0.1ms
[2024-10-12T11:10:11.295+0800][info] GC(609)   Evacuate Collection Set: 4.0ms
[2024-10-12T11:10:11.295+0800][info] GC(609)   Post Evacuate Collection Set: 1.5ms
[2024-10-12T11:10:11.295+0800][info] GC(609)   Other: 0.3ms
[2024-10-12T11:10:11.295+0800][info] GC(609) Eden regions: 1->0(2)
[2024-10-12T11:10:11.295+0800][info] GC(609) Survivor regions: 1->1(1)
[2024-10-12T11:10:11.295+0800][info] GC(609) Old regions: 50->55
[2024-10-12T11:10:11.295+0800][info] GC(609) Archive regions: 2->2
[2024-10-12T11:10:11.295+0800][info] GC(609) Humongous regions: 3->3
[2024-10-12T11:10:11.295+0800][info] GC(609) Metaspace: 1695K(1856K)->1695K(1856K) NonClass: 1570K(1664K)->1570K(1664K) Class: 124K(192K)->124K(192K)
[2024-10-12T11:10:11.295+0800][info] GC(609) Pause Young (Mixed) (G1 Preventive Collection) 100M->108M(128M) 6.209ms
[2024-10-12T11:10:11.295+0800][info] GC(609) User=0.01s Sys=0.00s Real=0.01s
[2024-10-12T11:10:11.336+0800][info] GC(610) Pause Young (Concurrent Start) (G1 Preventive Collection)
[2024-10-12T11:10:11.336+0800][info] GC(610) Using 3 workers of 48 for evacuation
[2024-10-12T11:10:11.338+0800][info] GC(610)   Pre Evacuate Collection Set: 0.1ms
[2024-10-12T11:10:11.338+0800][info] GC(610)   Merge Heap Roots: 0.1ms
[2024-10-12T11:10:11.338+0800][info] GC(610)   Evacuate Collection Set: 1.2ms
[2024-10-12T11:10:11.338+0800][info] GC(610)   Post Evacuate Collection Set: 0.2ms
[2024-10-12T11:10:11.338+0800][info] GC(610)   Other: 0.4ms
[2024-10-12T11:10:11.338+0800][info] GC(610) Eden regions: 1->0(2)
[2024-10-12T11:10:11.338+0800][info] GC(610) Survivor regions: 1->1(1)
[2024-10-12T11:10:11.338+0800][info] GC(610) Old regions: 55->56
[2024-10-12T11:10:11.338+0800][info] GC(610) Archive regions: 2->2
[2024-10-12T11:10:11.338+0800][info] GC(610) Humongous regions: 3->3
[2024-10-12T11:10:11.338+0800][info] GC(610) Metaspace: 1695K(1856K)->1695K(1856K) NonClass: 1570K(1664K)->1570K(1664K) Class: 124K(192K)->124K(192K)
[2024-10-12T11:10:11.338+0800][info] GC(610) Pause Young (Concurrent Start) (G1 Preventive Collection) 110M->110M(128M) 2.198ms
[2024-10-12T11:10:11.338+0800][info] GC(610) User=0.01s Sys=0.00s Real=0.00s
[2024-10-12T11:10:11.339+0800][info] GC(611) Concurrent Mark Cycle
[2024-10-12T11:10:11.339+0800][info] GC(611) Concurrent Clear Claimed Marks
[2024-10-12T11:10:11.339+0800][info] GC(611) Concurrent Clear Claimed Marks 0.014ms
[2024-10-12T11:10:11.339+0800][info] GC(611) Concurrent Scan Root Regions
[2024-10-12T11:10:11.339+0800][info] GC(611) Concurrent Scan Root Regions 0.144ms
[2024-10-12T11:10:11.339+0800][info] GC(611) Concurrent Mark
[2024-10-12T11:10:11.339+0800][info] GC(611) Concurrent Mark From Roots
[2024-10-12T11:10:11.339+0800][info] GC(611) Using 12 workers of 12 for marking
[2024-10-12T11:10:11.343+0800][info] GC(611) Concurrent Mark From Roots 3.782ms
[2024-10-12T11:10:11.343+0800][info] GC(611) Concurrent Preclean
[2024-10-12T11:10:11.344+0800][info] GC(611) Concurrent Preclean 1.683ms
[2024-10-12T11:10:11.344+0800][info] GC(611) Pause Remark
[2024-10-12T11:10:11.346+0800][info] GC(611) Pause Remark 110M->110M(128M) 1.452ms
[2024-10-12T11:10:11.346+0800][info] GC(611) User=0.00s Sys=0.00s Real=0.01s
[2024-10-12T11:10:11.346+0800][info] GC(611) Concurrent Mark 7.130ms
[2024-10-12T11:10:11.346+0800][info] GC(611) Concurrent Rebuild Remembered Sets
[2024-10-12T11:10:11.347+0800][info] GC(611) Concurrent Rebuild Remembered Sets 1.221ms
[2024-10-12T11:10:11.347+0800][info] GC(611) Pause Cleanup
[2024-10-12T11:10:11.347+0800][info] GC(611) Pause Cleanup 110M->110M(128M) 0.247ms
[2024-10-12T11:10:11.347+0800][info] GC(611) User=0.00s Sys=0.00s Real=0.00s
[2024-10-12T11:10:11.348+0800][info] GC(611) Concurrent Cleanup for Next Mark
[2024-10-12T11:10:11.348+0800][info] GC(611) Concurrent Cleanup for Next Mark 0.374ms
[2024-10-12T11:10:11.348+0800][info] GC(611) Concurrent Mark Cycle 9.404ms
[2024-10-12T11:10:11.451+0800][info] GC(612) Pause Young (Prepare Mixed) (G1 Preventive Collection)
[2024-10-12T11:10:11.451+0800][info] GC(612) Using 3 workers of 48 for evacuation
[2024-10-12T11:10:11.452+0800][info] GC(612) To-space exhausted
[2024-10-12T11:10:11.452+0800][info] GC(612)   Pre Evacuate Collection Set: 0.1ms
[2024-10-12T11:10:11.452+0800][info] GC(612)   Merge Heap Roots: 0.1ms
[2024-10-12T11:10:11.452+0800][info] GC(612)   Evacuate Collection Set: 0.6ms
[2024-10-12T11:10:11.452+0800][info] GC(612)   Post Evacuate Collection Set: 0.2ms
[2024-10-12T11:10:11.452+0800][info] GC(612)   Other: 0.2ms
[2024-10-12T11:10:11.452+0800][info] GC(612) Eden regions: 1->0(2)
[2024-10-12T11:10:11.452+0800][info] GC(612) Survivor regions: 1->1(1)
[2024-10-12T11:10:11.452+0800][info] GC(612) Old regions: 56->57
[2024-10-12T11:10:11.452+0800][info] GC(612) Archive regions: 2->2
[2024-10-12T11:10:11.452+0800][info] GC(612) Humongous regions: 3->3
[2024-10-12T11:10:11.452+0800][info] GC(612) Metaspace: 1695K(1856K)->1695K(1856K) NonClass: 1570K(1664K)->1570K(1664K) Class: 124K(192K)->124K(192K)
[2024-10-12T11:10:11.452+0800][info] GC(612) Pause Young (Prepare Mixed) (G1 Preventive Collection) 111M->112M(128M) 1.385ms
[2024-10-12T11:10:11.452+0800][info] GC(612) User=0.00s Sys=0.00s Real=0.00s
[2024-10-12T11:10:11.493+0800][info] GC(613) Pause Young (Mixed) (G1 Evacuation Pause)
[2024-10-12T11:10:11.493+0800][info] GC(613) Using 3 workers of 48 for evacuation
[2024-10-12T11:10:11.499+0800][info] GC(613) To-space exhausted
[2024-10-12T11:10:11.499+0800][info] GC(613)   Pre Evacuate Collection Set: 0.2ms
[2024-10-12T11:10:11.499+0800][info] GC(613)   Merge Heap Roots: 0.1ms
[2024-10-12T11:10:11.499+0800][info] GC(613)   Evacuate Collection Set: 3.2ms
[2024-10-12T11:10:11.499+0800][info] GC(613)   Post Evacuate Collection Set: 1.6ms
[2024-10-12T11:10:11.499+0800][info] GC(613)   Other: 0.2ms
[2024-10-12T11:10:11.499+0800][info] GC(613) Eden regions: 1->0(3)
[2024-10-12T11:10:11.499+0800][info] GC(613) Survivor regions: 1->0(0)
[2024-10-12T11:10:11.499+0800][info] GC(613) Old regions: 57->59
[2024-10-12T11:10:11.499+0800][info] GC(613) Archive regions: 2->2
[2024-10-12T11:10:11.499+0800][info] GC(613) Humongous regions: 3->3
[2024-10-12T11:10:11.499+0800][info] GC(613) Metaspace: 1695K(1856K)->1695K(1856K) NonClass: 1570K(1664K)->1570K(1664K) Class: 124K(192K)->124K(192K)
[2024-10-12T11:10:11.499+0800][info] GC(613) Pause Young (Mixed) (G1 Evacuation Pause) 113M->113M(128M) 5.398ms
[2024-10-12T11:10:11.499+0800][info] GC(613) User=0.02s Sys=0.00s Real=0.00s
[2024-10-12T11:10:11.499+0800][info] Attempting full compaction
[2024-10-12T11:10:11.499+0800][info] GC(614) Using 3 workers of 48 for full compaction
[2024-10-12T11:10:11.499+0800][info] GC(614) Pause Full (G1 Compaction Pause)
[2024-10-12T11:10:11.499+0800][info] GC(614) Phase 1: Mark live objects
[2024-10-12T11:10:11.502+0800][info] GC(614) Phase 1: Mark live objects 3.430ms
[2024-10-12T11:10:11.502+0800][info] GC(614) Phase 2: Prepare for compaction
[2024-10-12T11:10:11.503+0800][info] GC(614) Phase 2: Prepare for compaction 0.587ms
[2024-10-12T11:10:11.503+0800][info] GC(614) Phase 3: Adjust pointers
[2024-10-12T11:10:11.505+0800][info] GC(614) Phase 3: Adjust pointers 1.751ms
[2024-10-12T11:10:11.505+0800][info] GC(614) Phase 4: Compact heap
[2024-10-12T11:10:11.519+0800][info] GC(614) Phase 4: Compact heap 14.631ms
[2024-10-12T11:10:11.521+0800][info] GC(614) Eden regions: 0->0(4)
[2024-10-12T11:10:11.521+0800][info] GC(614) Survivor regions: 0->0(0)
[2024-10-12T11:10:11.521+0800][info] GC(614) Old regions: 59->38
[2024-10-12T11:10:11.521+0800][info] GC(614) Archive regions: 2->2
[2024-10-12T11:10:11.521+0800][info] GC(614) Humongous regions: 3->3
[2024-10-12T11:10:11.521+0800][info] GC(614) Metaspace: 1695K(1856K)->1695K(1856K) NonClass: 1570K(1664K)->1570K(1664K) Class: 124K(192K)->124K(192K)
[2024-10-12T11:10:11.521+0800][info] GC(614) Pause Full (G1 Compaction Pause) 113M->71M(128M) 22.263ms
[2024-10-12T11:10:11.521+0800][info] GC(614) User=0.04s Sys=0.00s Real=0.02s
[2024-10-12T11:10:11.747+0800][info] GC(615) Pause Young (Normal) (G1 Evacuation Pause)
[2024-10-12T11:10:11.747+0800][info] GC(615) Using 3 workers of 48 for evacuation
[2024-10-12T11:10:11.749+0800][info] GC(615)   Pre Evacuate Collection Set: 0.1ms
[2024-10-12T11:10:11.749+0800][info] GC(615)   Merge Heap Roots: 0.1ms
[2024-10-12T11:10:11.749+0800][info] GC(615)   Evacuate Collection Set: 1.3ms
[2024-10-12T11:10:11.749+0800][info] GC(615)   Post Evacuate Collection Set: 0.2ms
[2024-10-12T11:10:11.749+0800][info] GC(615)   Other: 0.3ms
[2024-10-12T11:10:11.749+0800][info] GC(615) Eden regions: 4->0(2)
[2024-10-12T11:10:11.749+0800][info] GC(615) Survivor regions: 0->1(1)
[2024-10-12T11:10:11.749+0800][info] GC(615) Old regions: 38->41
[2024-10-12T11:10:11.749+0800][info] GC(615) Archive regions: 2->2
[2024-10-12T11:10:11.749+0800][info] GC(615) Humongous regions: 3->3
[2024-10-12T11:10:11.749+0800][info] GC(615) Metaspace: 1695K(1856K)->1695K(1856K) NonClass: 1570K(1664K)->1570K(1664K) Class: 124K(192K)->124K(192K)
[2024-10-12T11:10:11.749+0800][info] GC(615) Pause Young (Normal) (G1 Evacuation Pause) 79M->79M(128M) 2.048ms
[2024-10-12T11:10:11.749+0800][info] GC(615) User=0.00s Sys=0.00s Real=0.00s
[2024-10-12T11:10:11.851+0800][info] GC(616) Pause Young (Normal) (G1 Evacuation Pause)
[2024-10-12T11:10:11.851+0800][info] GC(616) Using 3 workers of 48 for evacuation
[2024-10-12T11:10:11.853+0800][info] GC(616)   Pre Evacuate Collection Set: 0.1ms
[2024-10-12T11:10:11.853+0800][info] GC(616)   Merge Heap Roots: 0.1ms
[2024-10-12T11:10:11.853+0800][info] GC(616)   Evacuate Collection Set: 1.0ms
[2024-10-12T11:10:11.853+0800][info] GC(616)   Post Evacuate Collection Set: 0.2ms
[2024-10-12T11:10:11.853+0800][info] GC(616)   Other: 0.2ms
[2024-10-12T11:10:11.853+0800][info] GC(616) Eden regions: 2->0(2)
[2024-10-12T11:10:11.853+0800][info] GC(616) Survivor regions: 1->1(1)
[2024-10-12T11:10:11.853+0800][info] GC(616) Old regions: 41->43
[2024-10-12T11:10:11.853+0800][info] GC(616) Archive regions: 2->2
[2024-10-12T11:10:11.853+0800][info] GC(616) Humongous regions: 3->3
[2024-10-12T11:10:11.853+0800][info] GC(616) Metaspace: 1695K(1856K)->1695K(1856K) NonClass: 1570K(1664K)->1570K(1664K) Class: 124K(192K)->124K(192K)
[2024-10-12T11:10:11.853+0800][info] GC(616) Pause Young (Normal) (G1 Evacuation Pause) 83M->83M(128M) 1.628ms
[2024-10-12T11:10:11.853+0800][info] GC(616) User=0.01s Sys=0.00s Real=0.00s
[2024-10-12T11:10:11.955+0800][info] GC(617) Pause Young (Normal) (G1 Evacuation Pause)
[2024-10-12T11:10:11.955+0800][info] GC(617) Using 3 workers of 48 for evacuation
[2024-10-12T11:10:11.956+0800][info] GC(617)   Pre Evacuate Collection Set: 0.1ms
[2024-10-12T11:10:11.956+0800][info] GC(617)   Merge Heap Roots: 0.0ms
[2024-10-12T11:10:11.956+0800][info] GC(617)   Evacuate Collection Set: 0.9ms
[2024-10-12T11:10:11.956+0800][info] GC(617)   Post Evacuate Collection Set: 0.2ms
[2024-10-12T11:10:11.956+0800][info] GC(617)   Other: 0.2ms
[2024-10-12T11:10:11.956+0800][info] GC(617) Eden regions: 2->0(2)
[2024-10-12T11:10:11.956+0800][info] GC(617) Survivor regions: 1->1(1)
[2024-10-12T11:10:11.956+0800][info] GC(617) Old regions: 43->45
[2024-10-12T11:10:11.956+0800][info] GC(617) Archive regions: 2->2
[2024-10-12T11:10:11.956+0800][info] GC(617) Humongous regions: 3->3
[2024-10-12T11:10:11.956+0800][info] GC(617) Metaspace: 1695K(1856K)->1695K(1856K) NonClass: 1570K(1664K)->1570K(1664K) Class: 124K(192K)->124K(192K)
[2024-10-12T11:10:11.956+0800][info] GC(617) Pause Young (Normal) (G1 Evacuation Pause) 87M->87M(128M) 1.608ms
[2024-10-12T11:10:11.956+0800][info] GC(617) User=0.00s Sys=0.00s Real=0.00s
[2024-10-12T11:10:12.059+0800][info] GC(618) Pause Young (Normal) (G1 Evacuation Pause)
[2024-10-12T11:10:12.059+0800][info] GC(618) Using 3 workers of 48 for evacuation
[2024-10-12T11:10:12.060+0800][info] GC(618)   Pre Evacuate Collection Set: 0.1ms
[2024-10-12T11:10:12.060+0800][info] GC(618)   Merge Heap Roots: 0.1ms
[2024-10-12T11:10:12.060+0800][info] GC(618)   Evacuate Collection Set: 1.0ms
[2024-10-12T11:10:12.061+0800][info] GC(618)   Post Evacuate Collection Set: 0.2ms
[2024-10-12T11:10:12.061+0800][info] GC(618)   Other: 0.2ms
[2024-10-12T11:10:12.061+0800][info] GC(618) Eden regions: 2->0(2)
[2024-10-12T11:10:12.061+0800][info] GC(618) Survivor regions: 1->1(1)
[2024-10-12T11:10:12.061+0800][info] GC(618) Old regions: 45->47
[2024-10-12T11:10:12.061+0800][info] GC(618) Archive regions: 2->2
[2024-10-12T11:10:12.061+0800][info] GC(618) Humongous regions: 3->3
[2024-10-12T11:10:12.061+0800][info] GC(618) Metaspace: 1695K(1856K)->1695K(1856K) NonClass: 1570K(1664K)->1570K(1664K) Class: 124K(192K)->124K(192K)
[2024-10-12T11:10:12.061+0800][info] GC(618) Pause Young (Normal) (G1 Evacuation Pause) 91M->91M(128M) 1.683ms
[2024-10-12T11:10:12.061+0800][info] GC(618) User=0.01s Sys=0.00s Real=0.00s
[2024-10-12T11:10:12.163+0800][info] GC(619) Pause Young (Concurrent Start) (G1 Evacuation Pause)
[2024-10-12T11:10:12.163+0800][info] GC(619) Using 3 workers of 48 for evacuation
[2024-10-12T11:10:12.165+0800][info] GC(619)   Pre Evacuate Collection Set: 0.1ms
[2024-10-12T11:10:12.165+0800][info] GC(619)   Merge Heap Roots: 0.1ms
[2024-10-12T11:10:12.165+0800][info] GC(619)   Evacuate Collection Set: 1.0ms
[2024-10-12T11:10:12.165+0800][info] GC(619)   Post Evacuate Collection Set: 0.2ms
[2024-10-12T11:10:12.165+0800][info] GC(619)   Other: 0.4ms
[2024-10-12T11:10:12.165+0800][info] GC(619) Eden regions: 2->0(2)
[2024-10-12T11:10:12.165+0800][info] GC(619) Survivor regions: 1->1(1)
[2024-10-12T11:10:12.165+0800][info] GC(619) Old regions: 47->49
[2024-10-12T11:10:12.165+0800][info] GC(619) Archive regions: 2->2
[2024-10-12T11:10:12.165+0800][info] GC(619) Humongous regions: 3->3
[2024-10-12T11:10:12.165+0800][info] GC(619) Metaspace: 1695K(1856K)->1695K(1856K) NonClass: 1570K(1664K)->1570K(1664K) Class: 124K(192K)->124K(192K)
[2024-10-12T11:10:12.165+0800][info] GC(619) Pause Young (Concurrent Start) (G1 Evacuation Pause) 95M->95M(128M) 1.857ms
[2024-10-12T11:10:12.165+0800][info] GC(619) User=0.01s Sys=0.00s Real=0.00s
[2024-10-12T11:10:12.165+0800][info] GC(620) Concurrent Mark Cycle
[2024-10-12T11:10:12.165+0800][info] GC(620) Concurrent Clear Claimed Marks
[2024-10-12T11:10:12.165+0800][info] GC(620) Concurrent Clear Claimed Marks 0.018ms
[2024-10-12T11:10:12.165+0800][info] GC(620) Concurrent Scan Root Regions
[2024-10-12T11:10:12.165+0800][info] GC(620) Concurrent Scan Root Regions 0.200ms
[2024-10-12T11:10:12.165+0800][info] GC(620) Concurrent Mark
[2024-10-12T11:10:12.165+0800][info] GC(620) Concurrent Mark From Roots
[2024-10-12T11:10:12.165+0800][info] GC(620) Using 12 workers of 12 for marking
[2024-10-12T11:10:12.169+0800][info] GC(620) Concurrent Mark From Roots 3.872ms
[2024-10-12T11:10:12.169+0800][info] GC(620) Concurrent Preclean
[2024-10-12T11:10:12.171+0800][info] GC(620) Concurrent Preclean 1.676ms
[2024-10-12T11:10:12.171+0800][info] GC(620) Pause Remark
[2024-10-12T11:10:12.172+0800][info] GC(620) Pause Remark 96M->96M(128M) 1.604ms
[2024-10-12T11:10:12.172+0800][info] GC(620) User=0.00s Sys=0.00s Real=0.00s
[2024-10-12T11:10:12.173+0800][info] GC(620) Concurrent Mark 7.367ms
[2024-10-12T11:10:12.173+0800][info] GC(620) Concurrent Rebuild Remembered Sets
[2024-10-12T11:10:12.174+0800][info] GC(620) Concurrent Rebuild Remembered Sets 1.104ms
[2024-10-12T11:10:12.174+0800][info] GC(620) Pause Cleanup
[2024-10-12T11:10:12.174+0800][info] GC(620) Pause Cleanup 96M->96M(128M) 0.236ms
[2024-10-12T11:10:12.174+0800][info] GC(620) User=0.00s Sys=0.00s Real=0.00s
[2024-10-12T11:10:12.174+0800][info] GC(620) Concurrent Cleanup for Next Mark
[2024-10-12T11:10:12.174+0800][info] GC(620) Concurrent Cleanup for Next Mark 0.386ms
[2024-10-12T11:10:12.174+0800][info] GC(620) Concurrent Mark Cycle 9.607ms
[2024-10-12T11:10:12.318+0800][info] GC(621) Pause Young (Prepare Mixed) (G1 Evacuation Pause)
[2024-10-12T11:10:12.318+0800][info] GC(621) Using 3 workers of 48 for evacuation
[2024-10-12T11:10:12.320+0800][info] GC(621)   Pre Evacuate Collection Set: 0.1ms
[2024-10-12T11:10:12.320+0800][info] GC(621)   Merge Heap Roots: 0.1ms
[2024-10-12T11:10:12.320+0800][info] GC(621)   Evacuate Collection Set: 1.0ms
[2024-10-12T11:10:12.320+0800][info] GC(621)   Post Evacuate Collection Set: 0.2ms
[2024-10-12T11:10:12.320+0800][info] GC(621)   Other: 0.2ms
[2024-10-12T11:10:12.320+0800][info] GC(621) Eden regions: 2->0(2)
[2024-10-12T11:10:12.320+0800][info] GC(621) Survivor regions: 1->1(1)
[2024-10-12T11:10:12.320+0800][info] GC(621) Old regions: 49->51
[2024-10-12T11:10:12.320+0800][info] GC(621) Archive regions: 2->2
[2024-10-12T11:10:12.320+0800][info] GC(621) Humongous regions: 3->3
[2024-10-12T11:10:12.320+0800][info] GC(621) Metaspace: 1695K(1856K)->1695K(1856K) NonClass: 1570K(1664K)->1570K(1664K) Class: 124K(192K)->124K(192K)
[2024-10-12T11:10:12.320+0800][info] GC(621) Pause Young (Prepare Mixed) (G1 Evacuation Pause) 99M->99M(128M) 1.707ms
[2024-10-12T11:10:12.320+0800][info] GC(621) User=0.01s Sys=0.00s Real=0.00s
[2024-10-12T11:10:12.382+0800][info] GC(622) Pause Young (Mixed) (G1 Preventive Collection)
[2024-10-12T11:10:12.382+0800][info] GC(622) Using 3 workers of 48 for evacuation
[2024-10-12T11:10:12.388+0800][info] GC(622) To-space exhausted
[2024-10-12T11:10:12.388+0800][info] GC(622)   Pre Evacuate Collection Set: 0.2ms
[2024-10-12T11:10:12.388+0800][info] GC(622)   Merge Heap Roots: 0.1ms
[2024-10-12T11:10:12.388+0800][info] GC(622)   Evacuate Collection Set: 4.6ms
[2024-10-12T11:10:12.388+0800][info] GC(622)   Post Evacuate Collection Set: 1.6ms
[2024-10-12T11:10:12.388+0800][info] GC(622)   Other: 0.2ms
[2024-10-12T11:10:12.388+0800][info] GC(622) Eden regions: 1->0(2)
[2024-10-12T11:10:12.388+0800][info] GC(622) Survivor regions: 1->1(1)
[2024-10-12T11:10:12.388+0800][info] GC(622) Old regions: 51->55
[2024-10-12T11:10:12.388+0800][info] GC(622) Archive regions: 2->2
[2024-10-12T11:10:12.388+0800][info] GC(622) Humongous regions: 3->3
[2024-10-12T11:10:12.388+0800][info] GC(622) Metaspace: 1695K(1856K)->1695K(1856K) NonClass: 1570K(1664K)->1570K(1664K) Class: 124K(192K)->124K(192K)
[2024-10-12T11:10:12.388+0800][info] GC(622) Pause Young (Mixed) (G1 Preventive Collection) 101M->109M(128M) 6.891ms
[2024-10-12T11:10:12.388+0800][info] GC(622) User=0.02s Sys=0.00s Real=0.01s
[2024-10-12T11:10:12.430+0800][info] GC(623) Pause Young (Concurrent Start) (G1 Preventive Collection)
[2024-10-12T11:10:12.430+0800][info] GC(623) Using 3 workers of 48 for evacuation
[2024-10-12T11:10:12.432+0800][info] GC(623)   Pre Evacuate Collection Set: 0.1ms
[2024-10-12T11:10:12.432+0800][info] GC(623)   Merge Heap Roots: 0.1ms
[2024-10-12T11:10:12.432+0800][info] GC(623)   Evacuate Collection Set: 1.3ms
[2024-10-12T11:10:12.432+0800][info] GC(623)   Post Evacuate Collection Set: 0.2ms
[2024-10-12T11:10:12.432+0800][info] GC(623)   Other: 0.4ms
[2024-10-12T11:10:12.432+0800][info] GC(623) Eden regions: 1->0(2)
[2024-10-12T11:10:12.432+0800][info] GC(623) Survivor regions: 1->1(1)
[2024-10-12T11:10:12.432+0800][info] GC(623) Old regions: 55->56
[2024-10-12T11:10:12.432+0800][info] GC(623) Archive regions: 2->2
[2024-10-12T11:10:12.432+0800][info] GC(623) Humongous regions: 3->3
[2024-10-12T11:10:12.432+0800][info] GC(623) Metaspace: 1695K(1856K)->1695K(1856K) NonClass: 1570K(1664K)->1570K(1664K) Class: 124K(192K)->124K(192K)
[2024-10-12T11:10:12.432+0800][info] GC(623) Pause Young (Concurrent Start) (G1 Preventive Collection) 110M->110M(128M) 2.199ms
[2024-10-12T11:10:12.432+0800][info] GC(623) User=0.00s Sys=0.00s Real=0.00s
[2024-10-12T11:10:12.432+0800][info] GC(624) Concurrent Mark Cycle
[2024-10-12T11:10:12.432+0800][info] GC(624) Concurrent Clear Claimed Marks
[2024-10-12T11:10:12.432+0800][info] GC(624) Concurrent Clear Claimed Marks 0.014ms
[2024-10-12T11:10:12.432+0800][info] GC(624) Concurrent Scan Root Regions
[2024-10-12T11:10:12.432+0800][info] GC(624) Concurrent Scan Root Regions 0.132ms
[2024-10-12T11:10:12.432+0800][info] GC(624) Concurrent Mark
[2024-10-12T11:10:12.432+0800][info] GC(624) Concurrent Mark From Roots
[2024-10-12T11:10:12.432+0800][info] GC(624) Using 12 workers of 12 for marking
[2024-10-12T11:10:12.437+0800][info] GC(624) Concurrent Mark From Roots 5.243ms
[2024-10-12T11:10:12.437+0800][info] GC(624) Concurrent Preclean
[2024-10-12T11:10:12.439+0800][info] GC(624) Concurrent Preclean 1.683ms
[2024-10-12T11:10:12.439+0800][info] GC(624) Pause Remark
[2024-10-12T11:10:12.441+0800][info] GC(624) Pause Remark 111M->111M(128M) 1.448ms
[2024-10-12T11:10:12.441+0800][info] GC(624) User=0.01s Sys=0.00s Real=0.00s
[2024-10-12T11:10:12.441+0800][info] GC(624) Concurrent Mark 8.583ms
[2024-10-12T11:10:12.441+0800][info] GC(624) Concurrent Rebuild Remembered Sets
[2024-10-12T11:10:12.442+0800][info] GC(624) Concurrent Rebuild Remembered Sets 1.711ms
[2024-10-12T11:10:12.442+0800][info] GC(624) Pause Cleanup
[2024-10-12T11:10:12.443+0800][info] GC(624) Pause Cleanup 111M->111M(128M) 0.229ms
[2024-10-12T11:10:12.443+0800][info] GC(624) User=0.00s Sys=0.00s Real=0.00s
[2024-10-12T11:10:12.443+0800][info] GC(624) Concurrent Cleanup for Next Mark
[2024-10-12T11:10:12.443+0800][info] GC(624) Concurrent Cleanup for Next Mark 0.358ms
[2024-10-12T11:10:12.443+0800][info] GC(624) Concurrent Mark Cycle 11.308ms
[2024-10-12T11:10:12.545+0800][info] GC(625) Pause Young (Prepare Mixed) (G1 Preventive Collection)
[2024-10-12T11:10:12.545+0800][info] GC(625) Using 3 workers of 48 for evacuation
[2024-10-12T11:10:12.546+0800][info] GC(625) To-space exhausted
[2024-10-12T11:10:12.546+0800][info] GC(625)   Pre Evacuate Collection Set: 0.1ms
[2024-10-12T11:10:12.546+0800][info] GC(625)   Merge Heap Roots: 0.1ms
[2024-10-12T11:10:12.546+0800][info] GC(625)   Evacuate Collection Set: 0.5ms
[2024-10-12T11:10:12.546+0800][info] GC(625)   Post Evacuate Collection Set: 0.2ms
[2024-10-12T11:10:12.546+0800][info] GC(625)   Other: 0.2ms
[2024-10-12T11:10:12.546+0800][info] GC(625) Eden regions: 1->0(2)
[2024-10-12T11:10:12.546+0800][info] GC(625) Survivor regions: 1->1(1)
[2024-10-12T11:10:12.546+0800][info] GC(625) Old regions: 56->57
[2024-10-12T11:10:12.546+0800][info] GC(625) Archive regions: 2->2
[2024-10-12T11:10:12.546+0800][info] GC(625) Humongous regions: 3->3
[2024-10-12T11:10:12.546+0800][info] GC(625) Metaspace: 1695K(1856K)->1695K(1856K) NonClass: 1570K(1664K)->1570K(1664K) Class: 124K(192K)->124K(192K)
[2024-10-12T11:10:12.546+0800][info] GC(625) Pause Young (Prepare Mixed) (G1 Preventive Collection) 112M->112M(128M) 1.246ms
[2024-10-12T11:10:12.546+0800][info] GC(625) User=0.01s Sys=0.00s Real=0.01s
[2024-10-12T11:10:12.587+0800][info] GC(626) Pause Young (Mixed) (G1 Evacuation Pause)
[2024-10-12T11:10:12.587+0800][info] GC(626) Using 3 workers of 48 for evacuation
[2024-10-12T11:10:12.592+0800][info] GC(626) To-space exhausted
[2024-10-12T11:10:12.592+0800][info] GC(626)   Pre Evacuate Collection Set: 0.2ms
[2024-10-12T11:10:12.592+0800][info] GC(626)   Merge Heap Roots: 0.1ms
[2024-10-12T11:10:12.592+0800][info] GC(626)   Evacuate Collection Set: 2.9ms
[2024-10-12T11:10:12.592+0800][info] GC(626)   Post Evacuate Collection Set: 1.5ms
[2024-10-12T11:10:12.592+0800][info] GC(626)   Other: 0.2ms
[2024-10-12T11:10:12.592+0800][info] GC(626) Eden regions: 1->0(3)
[2024-10-12T11:10:12.592+0800][info] GC(626) Survivor regions: 1->0(0)
[2024-10-12T11:10:12.592+0800][info] GC(626) Old regions: 57->59
[2024-10-12T11:10:12.592+0800][info] GC(626) Archive regions: 2->2
[2024-10-12T11:10:12.592+0800][info] GC(626) Humongous regions: 3->3
[2024-10-12T11:10:12.592+0800][info] GC(626) Metaspace: 1695K(1856K)->1695K(1856K) NonClass: 1570K(1664K)->1570K(1664K) Class: 124K(192K)->124K(192K)
[2024-10-12T11:10:12.592+0800][info] GC(626) Pause Young (Mixed) (G1 Evacuation Pause) 114M->114M(128M) 5.007ms
[2024-10-12T11:10:12.592+0800][info] GC(626) User=0.01s Sys=0.00s Real=0.00s
[2024-10-12T11:10:12.592+0800][info] Attempting full compaction
[2024-10-12T11:10:12.592+0800][info] GC(627) Using 3 workers of 48 for full compaction
[2024-10-12T11:10:12.592+0800][info] GC(627) Pause Full (G1 Compaction Pause)
[2024-10-12T11:10:12.592+0800][info] GC(627) Phase 1: Mark live objects
[2024-10-12T11:10:12.595+0800][info] GC(627) Phase 1: Mark live objects 3.205ms
[2024-10-12T11:10:12.595+0800][info] GC(627) Phase 2: Prepare for compaction
[2024-10-12T11:10:12.596+0800][info] GC(627) Phase 2: Prepare for compaction 0.515ms
[2024-10-12T11:10:12.596+0800][info] GC(627) Phase 3: Adjust pointers
[2024-10-12T11:10:12.598+0800][info] GC(627) Phase 3: Adjust pointers 1.682ms
[2024-10-12T11:10:12.598+0800][info] GC(627) Phase 4: Compact heap
[2024-10-12T11:10:12.609+0800][info] GC(627) Phase 4: Compact heap 11.554ms
[2024-10-12T11:10:12.611+0800][info] GC(627) Eden regions: 0->0(4)
[2024-10-12T11:10:12.611+0800][info] GC(627) Survivor regions: 0->0(0)
[2024-10-12T11:10:12.611+0800][info] GC(627) Old regions: 59->38
[2024-10-12T11:10:12.611+0800][info] GC(627) Archive regions: 2->2
[2024-10-12T11:10:12.611+0800][info] GC(627) Humongous regions: 3->3
[2024-10-12T11:10:12.611+0800][info] GC(627) Metaspace: 1695K(1856K)->1695K(1856K) NonClass: 1570K(1664K)->1570K(1664K) Class: 124K(192K)->124K(192K)
[2024-10-12T11:10:12.611+0800][info] GC(627) Pause Full (G1 Compaction Pause) 114M->72M(128M) 18.716ms
[2024-10-12T11:10:12.611+0800][info] GC(627) User=0.05s Sys=0.00s Real=0.02s
[2024-10-12T11:10:12.837+0800][info] GC(628) Pause Young (Normal) (G1 Evacuation Pause)
[2024-10-12T11:10:12.837+0800][info] GC(628) Using 3 workers of 48 for evacuation
[2024-10-12T11:10:12.839+0800][info] GC(628)   Pre Evacuate Collection Set: 0.1ms
[2024-10-12T11:10:12.839+0800][info] GC(628)   Merge Heap Roots: 0.1ms
[2024-10-12T11:10:12.839+0800][info] GC(628)   Evacuate Collection Set: 1.4ms
[2024-10-12T11:10:12.839+0800][info] GC(628)   Post Evacuate Collection Set: 0.3ms
[2024-10-12T11:10:12.839+0800][info] GC(628)   Other: 0.3ms
[2024-10-12T11:10:12.839+0800][info] GC(628) Eden regions: 4->0(2)
[2024-10-12T11:10:12.839+0800][info] GC(628) Survivor regions: 0->1(1)
[2024-10-12T11:10:12.839+0800][info] GC(628) Old regions: 38->41
[2024-10-12T11:10:12.839+0800][info] GC(628) Archive regions: 2->2
[2024-10-12T11:10:12.839+0800][info] GC(628) Humongous regions: 4->4
[2024-10-12T11:10:12.839+0800][info] GC(628) Metaspace: 1695K(1856K)->1695K(1856K) NonClass: 1570K(1664K)->1570K(1664K) Class: 124K(192K)->124K(192K)
[2024-10-12T11:10:12.839+0800][info] GC(628) Pause Young (Normal) (G1 Evacuation Pause) 81M->81M(128M) 2.224ms
[2024-10-12T11:10:12.839+0800][info] GC(628) User=0.01s Sys=0.00s Real=0.00s
[2024-10-12T11:10:12.942+0800][info] GC(629) Pause Young (Normal) (G1 Evacuation Pause)
[2024-10-12T11:10:12.942+0800][info] GC(629) Using 3 workers of 48 for evacuation
[2024-10-12T11:10:12.943+0800][info] GC(629)   Pre Evacuate Collection Set: 0.1ms
[2024-10-12T11:10:12.943+0800][info] GC(629)   Merge Heap Roots: 0.1ms
[2024-10-12T11:10:12.943+0800][info] GC(629)   Evacuate Collection Set: 1.0ms
[2024-10-12T11:10:12.943+0800][info] GC(629)   Post Evacuate Collection Set: 0.2ms
[2024-10-12T11:10:12.943+0800][info] GC(629)   Other: 0.2ms
[2024-10-12T11:10:12.943+0800][info] GC(629) Eden regions: 2->0(2)
[2024-10-12T11:10:12.943+0800][info] GC(629) Survivor regions: 1->1(1)
[2024-10-12T11:10:12.943+0800][info] GC(629) Old regions: 41->43
[2024-10-12T11:10:12.943+0800][info] GC(629) Archive regions: 2->2
[2024-10-12T11:10:12.943+0800][info] GC(629) Humongous regions: 4->4
[2024-10-12T11:10:12.943+0800][info] GC(629) Metaspace: 1695K(1856K)->1695K(1856K) NonClass: 1570K(1664K)->1570K(1664K) Class: 124K(192K)->124K(192K)
[2024-10-12T11:10:12.943+0800][info] GC(629) Pause Young (Normal) (G1 Evacuation Pause) 85M->85M(128M) 1.677ms
[2024-10-12T11:10:12.943+0800][info] GC(629) User=0.00s Sys=0.00s Real=0.00s
[2024-10-12T11:10:13.045+0800][info] GC(630) Pause Young (Normal) (G1 Evacuation Pause)
[2024-10-12T11:10:13.045+0800][info] GC(630) Using 3 workers of 48 for evacuation
[2024-10-12T11:10:13.047+0800][info] GC(630)   Pre Evacuate Collection Set: 0.1ms
[2024-10-12T11:10:13.047+0800][info] GC(630)   Merge Heap Roots: 0.1ms
[2024-10-12T11:10:13.047+0800][info] GC(630)   Evacuate Collection Set: 1.0ms
[2024-10-12T11:10:13.047+0800][info] GC(630)   Post Evacuate Collection Set: 0.2ms
[2024-10-12T11:10:13.047+0800][info] GC(630)   Other: 0.2ms
[2024-10-12T11:10:13.047+0800][info] GC(630) Eden regions: 2->0(2)
[2024-10-12T11:10:13.047+0800][info] GC(630) Survivor regions: 1->1(1)
[2024-10-12T11:10:13.047+0800][info] GC(630) Old regions: 43->45
[2024-10-12T11:10:13.047+0800][info] GC(630) Archive regions: 2->2
[2024-10-12T11:10:13.047+0800][info] GC(630) Humongous regions: 4->4
[2024-10-12T11:10:13.047+0800][info] GC(630) Metaspace: 1695K(1856K)->1695K(1856K) NonClass: 1570K(1664K)->1570K(1664K) Class: 124K(192K)->124K(192K)
[2024-10-12T11:10:13.047+0800][info] GC(630) Pause Young (Normal) (G1 Evacuation Pause) 89M->89M(128M) 1.699ms
[2024-10-12T11:10:13.047+0800][info] GC(630) User=0.01s Sys=0.00s Real=0.00s
[2024-10-12T11:10:13.149+0800][info] GC(631) Pause Young (Concurrent Start) (G1 Evacuation Pause)
[2024-10-12T11:10:13.150+0800][info] GC(631) Using 3 workers of 48 for evacuation
[2024-10-12T11:10:13.151+0800][info] GC(631)   Pre Evacuate Collection Set: 0.1ms
[2024-10-12T11:10:13.151+0800][info] GC(631)   Merge Heap Roots: 0.1ms
[2024-10-12T11:10:13.151+0800][info] GC(631)   Evacuate Collection Set: 0.9ms
[2024-10-12T11:10:13.151+0800][info] GC(631)   Post Evacuate Collection Set: 0.2ms
[2024-10-12T11:10:13.151+0800][info] GC(631)   Other: 0.4ms
[2024-10-12T11:10:13.151+0800][info] GC(631) Eden regions: 2->0(2)
[2024-10-12T11:10:13.151+0800][info] GC(631) Survivor regions: 1->1(1)
[2024-10-12T11:10:13.151+0800][info] GC(631) Old regions: 45->47
[2024-10-12T11:10:13.151+0800][info] GC(631) Archive regions: 2->2
[2024-10-12T11:10:13.151+0800][info] GC(631) Humongous regions: 4->4
[2024-10-12T11:10:13.151+0800][info] GC(631) Metaspace: 1695K(1856K)->1695K(1856K) NonClass: 1570K(1664K)->1570K(1664K) Class: 124K(192K)->124K(192K)
[2024-10-12T11:10:13.151+0800][info] GC(631) Pause Young (Concurrent Start) (G1 Evacuation Pause) 93M->93M(128M) 1.720ms
[2024-10-12T11:10:13.151+0800][info] GC(631) User=0.00s Sys=0.01s Real=0.00s
[2024-10-12T11:10:13.151+0800][info] GC(632) Concurrent Mark Cycle
[2024-10-12T11:10:13.151+0800][info] GC(632) Concurrent Clear Claimed Marks
[2024-10-12T11:10:13.151+0800][info] GC(632) Concurrent Clear Claimed Marks 0.013ms
[2024-10-12T11:10:13.151+0800][info] GC(632) Concurrent Scan Root Regions
[2024-10-12T11:10:13.151+0800][info] GC(632) Concurrent Scan Root Regions 0.160ms
[2024-10-12T11:10:13.152+0800][info] GC(632) Concurrent Mark
[2024-10-12T11:10:13.152+0800][info] GC(632) Concurrent Mark From Roots
[2024-10-12T11:10:13.152+0800][info] GC(632) Using 12 workers of 12 for marking
[2024-10-12T11:10:13.158+0800][info] GC(632) Concurrent Mark From Roots 6.333ms
[2024-10-12T11:10:13.158+0800][info] GC(632) Concurrent Preclean
[2024-10-12T11:10:13.160+0800][info] GC(632) Concurrent Preclean 1.683ms
[2024-10-12T11:10:13.160+0800][info] GC(632) Pause Remark
[2024-10-12T11:10:13.161+0800][info] GC(632) Pause Remark 94M->92M(128M) 1.480ms
[2024-10-12T11:10:13.161+0800][info] GC(632) User=0.00s Sys=0.01s Real=0.00s
[2024-10-12T11:10:13.161+0800][info] GC(632) Concurrent Mark 9.710ms
[2024-10-12T11:10:13.161+0800][info] GC(632) Concurrent Rebuild Remembered Sets
[2024-10-12T11:10:13.162+0800][info] GC(632) Concurrent Rebuild Remembered Sets 1.080ms
[2024-10-12T11:10:13.162+0800][info] GC(632) Pause Cleanup
[2024-10-12T11:10:13.163+0800][info] GC(632) Pause Cleanup 92M->92M(128M) 0.202ms
[2024-10-12T11:10:13.163+0800][info] GC(632) User=0.00s Sys=0.00s Real=0.00s
[2024-10-12T11:10:13.163+0800][info] GC(632) Concurrent Cleanup for Next Mark
[2024-10-12T11:10:13.163+0800][info] GC(632) Concurrent Cleanup for Next Mark 0.377ms
[2024-10-12T11:10:13.163+0800][info] GC(632) Concurrent Mark Cycle 11.784ms
[2024-10-12T11:10:13.304+0800][info] GC(633) Pause Young (Prepare Mixed) (G1 Evacuation Pause)
[2024-10-12T11:10:13.304+0800][info] GC(633) Using 3 workers of 48 for evacuation
[2024-10-12T11:10:13.306+0800][info] GC(633)   Pre Evacuate Collection Set: 0.1ms
[2024-10-12T11:10:13.306+0800][info] GC(633)   Merge Heap Roots: 0.1ms
[2024-10-12T11:10:13.306+0800][info] GC(633)   Evacuate Collection Set: 1.1ms
[2024-10-12T11:10:13.306+0800][info] GC(633)   Post Evacuate Collection Set: 0.2ms
[2024-10-12T11:10:13.306+0800][info] GC(633)   Other: 0.2ms
[2024-10-12T11:10:13.306+0800][info] GC(633) Eden regions: 2->0(2)
[2024-10-12T11:10:13.306+0800][info] GC(633) Survivor regions: 1->1(1)
[2024-10-12T11:10:13.306+0800][info] GC(633) Old regions: 47->49
[2024-10-12T11:10:13.306+0800][info] GC(633) Archive regions: 2->2
[2024-10-12T11:10:13.306+0800][info] GC(633) Humongous regions: 3->3
[2024-10-12T11:10:13.306+0800][info] GC(633) Metaspace: 1695K(1856K)->1695K(1856K) NonClass: 1570K(1664K)->1570K(1664K) Class: 124K(192K)->124K(192K)
[2024-10-12T11:10:13.306+0800][info] GC(633) Pause Young (Prepare Mixed) (G1 Evacuation Pause) 95M->95M(128M) 1.822ms
[2024-10-12T11:10:13.306+0800][info] GC(633) User=0.00s Sys=0.00s Real=0.01s
[2024-10-12T11:10:13.367+0800][info] GC(634) Pause Young (Mixed) (G1 Preventive Collection)
[2024-10-12T11:10:13.368+0800][info] GC(634) Using 3 workers of 48 for evacuation
[2024-10-12T11:10:13.374+0800][info] GC(634) To-space exhausted
[2024-10-12T11:10:13.374+0800][info] GC(634)   Pre Evacuate Collection Set: 0.2ms
[2024-10-12T11:10:13.374+0800][info] GC(634)   Merge Heap Roots: 0.1ms
[2024-10-12T11:10:13.374+0800][info] GC(634)   Evacuate Collection Set: 4.4ms
[2024-10-12T11:10:13.374+0800][info] GC(634)   Post Evacuate Collection Set: 1.4ms
[2024-10-12T11:10:13.374+0800][info] GC(634)   Other: 0.3ms
[2024-10-12T11:10:13.374+0800][info] GC(634) Eden regions: 1->0(2)
[2024-10-12T11:10:13.374+0800][info] GC(634) Survivor regions: 1->1(1)
[2024-10-12T11:10:13.374+0800][info] GC(634) Old regions: 49->56
[2024-10-12T11:10:13.374+0800][info] GC(634) Archive regions: 2->2
[2024-10-12T11:10:13.374+0800][info] GC(634) Humongous regions: 3->3
[2024-10-12T11:10:13.374+0800][info] GC(634) Metaspace: 1695K(1856K)->1695K(1856K) NonClass: 1570K(1664K)->1570K(1664K) Class: 124K(192K)->124K(192K)
[2024-10-12T11:10:13.374+0800][info] GC(634) Pause Young (Mixed) (G1 Preventive Collection) 97M->110M(128M) 6.380ms
[2024-10-12T11:10:13.374+0800][info] GC(634) User=0.02s Sys=0.00s Real=0.01s
[2024-10-12T11:10:13.415+0800][info] GC(635) Pause Young (Concurrent Start) (G1 Preventive Collection)
[2024-10-12T11:10:13.415+0800][info] GC(635) Using 3 workers of 48 for evacuation
[2024-10-12T11:10:13.417+0800][info] GC(635) To-space exhausted
[2024-10-12T11:10:13.417+0800][info] GC(635)   Pre Evacuate Collection Set: 0.1ms
[2024-10-12T11:10:13.417+0800][info] GC(635)   Merge Heap Roots: 0.1ms
[2024-10-12T11:10:13.417+0800][info] GC(635)   Evacuate Collection Set: 0.9ms
[2024-10-12T11:10:13.417+0800][info] GC(635)   Post Evacuate Collection Set: 0.2ms
[2024-10-12T11:10:13.417+0800][info] GC(635)   Other: 0.4ms
[2024-10-12T11:10:13.417+0800][info] GC(635) Eden regions: 1->0(2)
[2024-10-12T11:10:13.417+0800][info] GC(635) Survivor regions: 1->1(1)
[2024-10-12T11:10:13.417+0800][info] GC(635) Old regions: 56->57
[2024-10-12T11:10:13.417+0800][info] GC(635) Archive regions: 2->2
[2024-10-12T11:10:13.417+0800][info] GC(635) Humongous regions: 3->3
[2024-10-12T11:10:13.417+0800][info] GC(635) Metaspace: 1695K(1856K)->1695K(1856K) NonClass: 1570K(1664K)->1570K(1664K) Class: 124K(192K)->124K(192K)
[2024-10-12T11:10:13.417+0800][info] GC(635) Pause Young (Concurrent Start) (G1 Preventive Collection) 111M->111M(128M) 1.853ms
[2024-10-12T11:10:13.417+0800][info] GC(635) User=0.01s Sys=0.00s Real=0.00s
[2024-10-12T11:10:13.417+0800][info] GC(636) Concurrent Mark Cycle
[2024-10-12T11:10:13.417+0800][info] GC(636) Concurrent Clear Claimed Marks
[2024-10-12T11:10:13.417+0800][info] GC(636) Concurrent Clear Claimed Marks 0.019ms
[2024-10-12T11:10:13.417+0800][info] GC(636) Concurrent Scan Root Regions
[2024-10-12T11:10:13.418+0800][info] GC(636) Concurrent Scan Root Regions 0.171ms
[2024-10-12T11:10:13.418+0800][info] GC(636) Concurrent Mark
[2024-10-12T11:10:13.418+0800][info] GC(636) Concurrent Mark From Roots
[2024-10-12T11:10:13.418+0800][info] GC(636) Using 12 workers of 12 for marking
[2024-10-12T11:10:13.422+0800][info] GC(636) Concurrent Mark From Roots 3.953ms
[2024-10-12T11:10:13.422+0800][info] GC(636) Concurrent Preclean
[2024-10-12T11:10:13.423+0800][info] GC(636) Concurrent Preclean 1.748ms
[2024-10-12T11:10:13.423+0800][info] GC(636) Pause Remark
[2024-10-12T11:10:13.425+0800][info] GC(636) Pause Remark 112M->112M(128M) 1.514ms
[2024-10-12T11:10:13.425+0800][info] GC(636) User=0.00s Sys=0.00s Real=0.00s
[2024-10-12T11:10:13.425+0800][info] GC(636) Concurrent Mark 7.414ms
[2024-10-12T11:10:13.425+0800][info] GC(636) Concurrent Rebuild Remembered Sets
[2024-10-12T11:10:13.426+0800][info] GC(636) Concurrent Rebuild Remembered Sets 1.204ms
[2024-10-12T11:10:13.426+0800][info] GC(636) Pause Cleanup
[2024-10-12T11:10:13.427+0800][info] GC(636) Pause Cleanup 112M->112M(128M) 0.244ms
[2024-10-12T11:10:13.427+0800][info] GC(636) User=0.00s Sys=0.00s Real=0.00s
[2024-10-12T11:10:13.427+0800][info] GC(636) Concurrent Cleanup for Next Mark
[2024-10-12T11:10:13.427+0800][info] GC(636) Concurrent Cleanup for Next Mark 0.392ms
[2024-10-12T11:10:13.427+0800][info] GC(636) Concurrent Mark Cycle 9.736ms
[2024-10-12T11:10:13.530+0800][info] GC(637) Pause Young (Prepare Mixed) (G1 Evacuation Pause)
[2024-10-12T11:10:13.530+0800][info] GC(637) Using 3 workers of 48 for evacuation
[2024-10-12T11:10:13.530+0800][info] GC(637) To-space exhausted
[2024-10-12T11:10:13.530+0800][info] GC(637)   Pre Evacuate Collection Set: 0.1ms
[2024-10-12T11:10:13.531+0800][info] GC(637)   Merge Heap Roots: 0.1ms
[2024-10-12T11:10:13.531+0800][info] GC(637)   Evacuate Collection Set: 0.2ms
[2024-10-12T11:10:13.531+0800][info] GC(637)   Post Evacuate Collection Set: 0.3ms
[2024-10-12T11:10:13.531+0800][info] GC(637)   Other: 0.2ms
[2024-10-12T11:10:13.531+0800][info] GC(637) Eden regions: 1->0(3)
[2024-10-12T11:10:13.531+0800][info] GC(637) Survivor regions: 1->0(0)
[2024-10-12T11:10:13.531+0800][info] GC(637) Old regions: 57->59
[2024-10-12T11:10:13.531+0800][info] GC(637) Archive regions: 2->2
[2024-10-12T11:10:13.531+0800][info] GC(637) Humongous regions: 3->3
[2024-10-12T11:10:13.531+0800][info] GC(637) Metaspace: 1695K(1856K)->1695K(1856K) NonClass: 1570K(1664K)->1570K(1664K) Class: 124K(192K)->124K(192K)
[2024-10-12T11:10:13.531+0800][info] GC(637) Pause Young (Prepare Mixed) (G1 Evacuation Pause) 113M->113M(128M) 0.947ms
[2024-10-12T11:10:13.531+0800][info] GC(637) User=0.00s Sys=0.00s Real=0.00s
[2024-10-12T11:10:13.531+0800][info] Attempting full compaction
[2024-10-12T11:10:13.531+0800][info] GC(638) Using 3 workers of 48 for full compaction
[2024-10-12T11:10:13.531+0800][info] GC(638) Pause Full (G1 Compaction Pause)
[2024-10-12T11:10:13.531+0800][info] GC(638) Phase 1: Mark live objects
[2024-10-12T11:10:13.534+0800][info] GC(638) Phase 1: Mark live objects 3.390ms
[2024-10-12T11:10:13.534+0800][info] GC(638) Phase 2: Prepare for compaction
[2024-10-12T11:10:13.535+0800][info] GC(638) Phase 2: Prepare for compaction 0.687ms
[2024-10-12T11:10:13.535+0800][info] GC(638) Phase 3: Adjust pointers
[2024-10-12T11:10:13.537+0800][info] GC(638) Phase 3: Adjust pointers 1.753ms
[2024-10-12T11:10:13.537+0800][info] GC(638) Phase 4: Compact heap
[2024-10-12T11:10:13.548+0800][info] GC(638) Phase 4: Compact heap 11.122ms
[2024-10-12T11:10:13.549+0800][info] GC(638) Eden regions: 0->0(4)
[2024-10-12T11:10:13.549+0800][info] GC(638) Survivor regions: 0->0(0)
[2024-10-12T11:10:13.549+0800][info] GC(638) Old regions: 59->39
[2024-10-12T11:10:13.549+0800][info] GC(638) Archive regions: 2->2
[2024-10-12T11:10:13.549+0800][info] GC(638) Humongous regions: 3->3
[2024-10-12T11:10:13.550+0800][info] GC(638) Metaspace: 1695K(1856K)->1695K(1856K) NonClass: 1570K(1664K)->1570K(1664K) Class: 124K(192K)->124K(192K)
[2024-10-12T11:10:13.550+0800][info] GC(638) Pause Full (G1 Compaction Pause) 113M->72M(128M) 18.785ms
[2024-10-12T11:10:13.550+0800][info] GC(638) User=0.04s Sys=0.01s Real=0.02s
[2024-10-12T11:10:13.755+0800][info] GC(639) Pause Young (Normal) (G1 Evacuation Pause)
[2024-10-12T11:10:13.755+0800][info] GC(639) Using 3 workers of 48 for evacuation
[2024-10-12T11:10:13.757+0800][info] GC(639)   Pre Evacuate Collection Set: 0.1ms
[2024-10-12T11:10:13.757+0800][info] GC(639)   Merge Heap Roots: 0.1ms
[2024-10-12T11:10:13.757+0800][info] GC(639)   Evacuate Collection Set: 1.2ms
[2024-10-12T11:10:13.757+0800][info] GC(639)   Post Evacuate Collection Set: 0.2ms
[2024-10-12T11:10:13.757+0800][info] GC(639)   Other: 0.2ms
[2024-10-12T11:10:13.757+0800][info] GC(639) Eden regions: 4->0(2)
[2024-10-12T11:10:13.757+0800][info] GC(639) Survivor regions: 0->1(1)
[2024-10-12T11:10:13.757+0800][info] GC(639) Old regions: 39->42
[2024-10-12T11:10:13.757+0800][info] GC(639) Archive regions: 2->2
[2024-10-12T11:10:13.757+0800][info] GC(639) Humongous regions: 3->3
[2024-10-12T11:10:13.757+0800][info] GC(639) Metaspace: 1695K(1856K)->1695K(1856K) NonClass: 1570K(1664K)->1570K(1664K) Class: 124K(192K)->124K(192K)
[2024-10-12T11:10:13.757+0800][info] GC(639) Pause Young (Normal) (G1 Evacuation Pause) 80M->79M(128M) 2.000ms
[2024-10-12T11:10:13.757+0800][info] GC(639) User=0.01s Sys=0.00s Real=0.00s
[2024-10-12T11:10:13.859+0800][info] GC(640) Pause Young (Normal) (G1 Evacuation Pause)
[2024-10-12T11:10:13.859+0800][info] GC(640) Using 3 workers of 48 for evacuation
[2024-10-12T11:10:13.860+0800][info] GC(640)   Pre Evacuate Collection Set: 0.1ms
[2024-10-12T11:10:13.861+0800][info] GC(640)   Merge Heap Roots: 0.1ms
[2024-10-12T11:10:13.861+0800][info] GC(640)   Evacuate Collection Set: 1.0ms
[2024-10-12T11:10:13.861+0800][info] GC(640)   Post Evacuate Collection Set: 0.2ms
[2024-10-12T11:10:13.861+0800][info] GC(640)   Other: 0.2ms
[2024-10-12T11:10:13.861+0800][info] GC(640) Eden regions: 2->0(2)
[2024-10-12T11:10:13.861+0800][info] GC(640) Survivor regions: 1->1(1)
[2024-10-12T11:10:13.861+0800][info] GC(640) Old regions: 42->44
[2024-10-12T11:10:13.861+0800][info] GC(640) Archive regions: 2->2
[2024-10-12T11:10:13.861+0800][info] GC(640) Humongous regions: 3->3
[2024-10-12T11:10:13.861+0800][info] GC(640) Metaspace: 1695K(1856K)->1695K(1856K) NonClass: 1570K(1664K)->1570K(1664K) Class: 124K(192K)->124K(192K)
[2024-10-12T11:10:13.861+0800][info] GC(640) Pause Young (Normal) (G1 Evacuation Pause) 83M->83M(128M) 1.679ms
[2024-10-12T11:10:13.861+0800][info] GC(640) User=0.00s Sys=0.00s Real=0.00s
[2024-10-12T11:10:13.963+0800][info] GC(641) Pause Young (Normal) (G1 Evacuation Pause)
[2024-10-12T11:10:13.963+0800][info] GC(641) Using 3 workers of 48 for evacuation
[2024-10-12T11:10:13.965+0800][info] GC(641)   Pre Evacuate Collection Set: 0.1ms
[2024-10-12T11:10:13.965+0800][info] GC(641)   Merge Heap Roots: 0.1ms
[2024-10-12T11:10:13.965+0800][info] GC(641)   Evacuate Collection Set: 1.0ms
[2024-10-12T11:10:13.965+0800][info] GC(641)   Post Evacuate Collection Set: 0.2ms
[2024-10-12T11:10:13.965+0800][info] GC(641)   Other: 0.2ms
[2024-10-12T11:10:13.965+0800][info] GC(641) Eden regions: 2->0(2)
[2024-10-12T11:10:13.965+0800][info] GC(641) Survivor regions: 1->1(1)
[2024-10-12T11:10:13.965+0800][info] GC(641) Old regions: 44->46
[2024-10-12T11:10:13.965+0800][info] GC(641) Archive regions: 2->2
[2024-10-12T11:10:13.965+0800][info] GC(641) Humongous regions: 3->3
[2024-10-12T11:10:13.965+0800][info] GC(641) Metaspace: 1695K(1856K)->1695K(1856K) NonClass: 1570K(1664K)->1570K(1664K) Class: 124K(192K)->124K(192K)
[2024-10-12T11:10:13.965+0800][info] GC(641) Pause Young (Normal) (G1 Evacuation Pause) 87M->87M(128M) 1.715ms
[2024-10-12T11:10:13.965+0800][info] GC(641) User=0.01s Sys=0.00s Real=0.00s
[2024-10-12T11:10:14.067+0800][info] GC(642) Pause Young (Concurrent Start) (G1 Evacuation Pause)
[2024-10-12T11:10:14.067+0800][info] GC(642) Using 3 workers of 48 for evacuation
[2024-10-12T11:10:14.069+0800][info] GC(642)   Pre Evacuate Collection Set: 0.1ms
[2024-10-12T11:10:14.069+0800][info] GC(642)   Merge Heap Roots: 0.1ms
[2024-10-12T11:10:14.069+0800][info] GC(642)   Evacuate Collection Set: 1.0ms
[2024-10-12T11:10:14.069+0800][info] GC(642)   Post Evacuate Collection Set: 0.2ms
[2024-10-12T11:10:14.069+0800][info] GC(642)   Other: 0.4ms
[2024-10-12T11:10:14.069+0800][info] GC(642) Eden regions: 2->0(2)
[2024-10-12T11:10:14.069+0800][info] GC(642) Survivor regions: 1->1(1)
[2024-10-12T11:10:14.069+0800][info] GC(642) Old regions: 46->48
[2024-10-12T11:10:14.069+0800][info] GC(642) Archive regions: 2->2
[2024-10-12T11:10:14.069+0800][info] GC(642) Humongous regions: 3->3
[2024-10-12T11:10:14.069+0800][info] GC(642) Metaspace: 1695K(1856K)->1695K(1856K) NonClass: 1570K(1664K)->1570K(1664K) Class: 124K(192K)->124K(192K)
[2024-10-12T11:10:14.069+0800][info] GC(642) Pause Young (Concurrent Start) (G1 Evacuation Pause) 90M->91M(128M) 1.868ms
[2024-10-12T11:10:14.069+0800][info] GC(642) User=0.00s Sys=0.00s Real=0.00s
[2024-10-12T11:10:14.069+0800][info] GC(643) Concurrent Mark Cycle
[2024-10-12T11:10:14.069+0800][info] GC(643) Concurrent Clear Claimed Marks
[2024-10-12T11:10:14.069+0800][info] GC(643) Concurrent Clear Claimed Marks 0.018ms
[2024-10-12T11:10:14.069+0800][info] GC(643) Concurrent Scan Root Regions
[2024-10-12T11:10:14.069+0800][info] GC(643) Concurrent Scan Root Regions 0.205ms
[2024-10-12T11:10:14.069+0800][info] GC(643) Concurrent Mark
[2024-10-12T11:10:14.069+0800][info] GC(643) Concurrent Mark From Roots
[2024-10-12T11:10:14.069+0800][info] GC(643) Using 12 workers of 12 for marking
[2024-10-12T11:10:14.073+0800][info] GC(643) Concurrent Mark From Roots 3.695ms
[2024-10-12T11:10:14.073+0800][info] GC(643) Concurrent Preclean
[2024-10-12T11:10:14.075+0800][info] GC(643) Concurrent Preclean 1.713ms
[2024-10-12T11:10:14.075+0800][info] GC(643) Pause Remark
[2024-10-12T11:10:14.076+0800][info] GC(643) Pause Remark 91M->91M(128M) 1.570ms
[2024-10-12T11:10:14.076+0800][info] GC(643) User=0.00s Sys=0.00s Real=0.00s
[2024-10-12T11:10:14.076+0800][info] GC(643) Concurrent Mark 7.180ms
[2024-10-12T11:10:14.076+0800][info] GC(643) Concurrent Rebuild Remembered Sets
[2024-10-12T11:10:14.078+0800][info] GC(643) Concurrent Rebuild Remembered Sets 1.251ms
[2024-10-12T11:10:14.078+0800][info] GC(643) Pause Cleanup
[2024-10-12T11:10:14.078+0800][info] GC(643) Pause Cleanup 91M->91M(128M) 0.248ms
[2024-10-12T11:10:14.078+0800][info] GC(643) User=0.00s Sys=0.00s Real=0.00s
[2024-10-12T11:10:14.078+0800][info] GC(643) Concurrent Cleanup for Next Mark
[2024-10-12T11:10:14.079+0800][info] GC(643) Concurrent Cleanup for Next Mark 0.544ms
[2024-10-12T11:10:14.079+0800][info] GC(643) Concurrent Mark Cycle 9.755ms
[2024-10-12T11:10:14.222+0800][info] GC(644) Pause Young (Prepare Mixed) (G1 Evacuation Pause)
[2024-10-12T11:10:14.222+0800][info] GC(644) Using 3 workers of 48 for evacuation
[2024-10-12T11:10:14.224+0800][info] GC(644)   Pre Evacuate Collection Set: 0.1ms
[2024-10-12T11:10:14.224+0800][info] GC(644)   Merge Heap Roots: 0.1ms
[2024-10-12T11:10:14.224+0800][info] GC(644)   Evacuate Collection Set: 0.9ms
[2024-10-12T11:10:14.224+0800][info] GC(644)   Post Evacuate Collection Set: 0.2ms
[2024-10-12T11:10:14.224+0800][info] GC(644)   Other: 0.2ms
[2024-10-12T11:10:14.224+0800][info] GC(644) Eden regions: 2->0(2)
[2024-10-12T11:10:14.224+0800][info] GC(644) Survivor regions: 1->1(1)
[2024-10-12T11:10:14.224+0800][info] GC(644) Old regions: 48->49
[2024-10-12T11:10:14.224+0800][info] GC(644) Archive regions: 2->2
[2024-10-12T11:10:14.224+0800][info] GC(644) Humongous regions: 3->3
[2024-10-12T11:10:14.224+0800][info] GC(644) Metaspace: 1695K(1856K)->1695K(1856K) NonClass: 1570K(1664K)->1570K(1664K) Class: 124K(192K)->124K(192K)
[2024-10-12T11:10:14.224+0800][info] GC(644) Pause Young (Prepare Mixed) (G1 Evacuation Pause) 94M->94M(128M) 1.688ms
[2024-10-12T11:10:14.224+0800][info] GC(644) User=0.01s Sys=0.00s Real=0.00s
[2024-10-12T11:10:14.285+0800][info] GC(645) Pause Young (Mixed) (G1 Preventive Collection)
[2024-10-12T11:10:14.285+0800][info] GC(645) Using 3 workers of 48 for evacuation
[2024-10-12T11:10:14.291+0800][info] GC(645) To-space exhausted
[2024-10-12T11:10:14.291+0800][info] GC(645)   Pre Evacuate Collection Set: 0.2ms
[2024-10-12T11:10:14.291+0800][info] GC(645)   Merge Heap Roots: 0.1ms
[2024-10-12T11:10:14.291+0800][info] GC(645)   Evacuate Collection Set: 4.0ms
[2024-10-12T11:10:14.291+0800][info] GC(645)   Post Evacuate Collection Set: 1.4ms
[2024-10-12T11:10:14.291+0800][info] GC(645)   Other: 0.2ms
[2024-10-12T11:10:14.291+0800][info] GC(645) Eden regions: 1->0(2)
[2024-10-12T11:10:14.291+0800][info] GC(645) Survivor regions: 1->1(1)
[2024-10-12T11:10:14.291+0800][info] GC(645) Old regions: 49->56
[2024-10-12T11:10:14.291+0800][info] GC(645) Archive regions: 2->2
[2024-10-12T11:10:14.291+0800][info] GC(645) Humongous regions: 3->3
[2024-10-12T11:10:14.291+0800][info] GC(645) Metaspace: 1695K(1856K)->1695K(1856K) NonClass: 1570K(1664K)->1570K(1664K) Class: 124K(192K)->124K(192K)
[2024-10-12T11:10:14.291+0800][info] GC(645) Pause Young (Mixed) (G1 Preventive Collection) 96M->109M(128M) 6.031ms
[2024-10-12T11:10:14.291+0800][info] GC(645) User=0.01s Sys=0.00s Real=0.00s
[2024-10-12T11:10:14.332+0800][info] GC(646) Pause Young (Concurrent Start) (G1 Preventive Collection)
[2024-10-12T11:10:14.333+0800][info] GC(646) Using 3 workers of 48 for evacuation
[2024-10-12T11:10:14.334+0800][info] GC(646) To-space exhausted
[2024-10-12T11:10:14.334+0800][info] GC(646)   Pre Evacuate Collection Set: 0.1ms
[2024-10-12T11:10:14.334+0800][info] GC(646)   Merge Heap Roots: 0.1ms
[2024-10-12T11:10:14.334+0800][info] GC(646)   Evacuate Collection Set: 0.8ms
[2024-10-12T11:10:14.334+0800][info] GC(646)   Post Evacuate Collection Set: 0.2ms
[2024-10-12T11:10:14.334+0800][info] GC(646)   Other: 0.4ms
[2024-10-12T11:10:14.334+0800][info] GC(646) Eden regions: 1->0(2)
[2024-10-12T11:10:14.334+0800][info] GC(646) Survivor regions: 1->1(1)
[2024-10-12T11:10:14.334+0800][info] GC(646) Old regions: 56->57
[2024-10-12T11:10:14.334+0800][info] GC(646) Archive regions: 2->2
[2024-10-12T11:10:14.334+0800][info] GC(646) Humongous regions: 3->3
[2024-10-12T11:10:14.334+0800][info] GC(646) Metaspace: 1695K(1856K)->1695K(1856K) NonClass: 1570K(1664K)->1570K(1664K) Class: 124K(192K)->124K(192K)
[2024-10-12T11:10:14.334+0800][info] GC(646) Pause Young (Concurrent Start) (G1 Preventive Collection) 111M->111M(128M) 1.773ms
[2024-10-12T11:10:14.334+0800][info] GC(646) User=0.01s Sys=0.00s Real=0.01s
[2024-10-12T11:10:14.334+0800][info] GC(647) Concurrent Mark Cycle
[2024-10-12T11:10:14.334+0800][info] GC(647) Concurrent Clear Claimed Marks
[2024-10-12T11:10:14.334+0800][info] GC(647) Concurrent Clear Claimed Marks 0.020ms
[2024-10-12T11:10:14.334+0800][info] GC(647) Concurrent Scan Root Regions
[2024-10-12T11:10:14.335+0800][info] GC(647) Concurrent Scan Root Regions 0.155ms
[2024-10-12T11:10:14.335+0800][info] GC(647) Concurrent Mark
[2024-10-12T11:10:14.335+0800][info] GC(647) Concurrent Mark From Roots
[2024-10-12T11:10:14.335+0800][info] GC(647) Using 12 workers of 12 for marking
[2024-10-12T11:10:14.338+0800][info] GC(647) Concurrent Mark From Roots 3.525ms
[2024-10-12T11:10:14.338+0800][info] GC(647) Concurrent Preclean
[2024-10-12T11:10:14.340+0800][info] GC(647) Concurrent Preclean 1.746ms
[2024-10-12T11:10:14.340+0800][info] GC(647) Pause Remark
[2024-10-12T11:10:14.341+0800][info] GC(647) Pause Remark 112M->112M(128M) 1.464ms
[2024-10-12T11:10:14.341+0800][info] GC(647) User=0.01s Sys=0.00s Real=0.00s
[2024-10-12T11:10:14.342+0800][info] GC(647) Concurrent Mark 6.907ms
[2024-10-12T11:10:14.342+0800][info] GC(647) Concurrent Rebuild Remembered Sets
[2024-10-12T11:10:14.343+0800][info] GC(647) Concurrent Rebuild Remembered Sets 1.039ms
[2024-10-12T11:10:14.343+0800][info] GC(647) Pause Cleanup
[2024-10-12T11:10:14.343+0800][info] GC(647) Pause Cleanup 112M->112M(128M) 0.235ms
[2024-10-12T11:10:14.343+0800][info] GC(647) User=0.00s Sys=0.00s Real=0.00s
[2024-10-12T11:10:14.343+0800][info] GC(647) Concurrent Cleanup for Next Mark
[2024-10-12T11:10:14.343+0800][info] GC(647) Concurrent Cleanup for Next Mark 0.447ms
[2024-10-12T11:10:14.343+0800][info] GC(647) Concurrent Mark Cycle 9.097ms
[2024-10-12T11:10:14.447+0800][info] GC(648) Pause Young (Prepare Mixed) (G1 Evacuation Pause)
[2024-10-12T11:10:14.447+0800][info] GC(648) Using 3 workers of 48 for evacuation
[2024-10-12T11:10:14.448+0800][info] GC(648) To-space exhausted
[2024-10-12T11:10:14.448+0800][info] GC(648)   Pre Evacuate Collection Set: 0.1ms
[2024-10-12T11:10:14.448+0800][info] GC(648)   Merge Heap Roots: 0.1ms
[2024-10-12T11:10:14.448+0800][info] GC(648)   Evacuate Collection Set: 0.2ms
[2024-10-12T11:10:14.448+0800][info] GC(648)   Post Evacuate Collection Set: 0.3ms
[2024-10-12T11:10:14.448+0800][info] GC(648)   Other: 0.2ms
[2024-10-12T11:10:14.448+0800][info] GC(648) Eden regions: 1->0(3)
[2024-10-12T11:10:14.448+0800][info] GC(648) Survivor regions: 1->0(0)
[2024-10-12T11:10:14.448+0800][info] GC(648) Old regions: 57->59
[2024-10-12T11:10:14.448+0800][info] GC(648) Archive regions: 2->2
[2024-10-12T11:10:14.448+0800][info] GC(648) Humongous regions: 3->3
[2024-10-12T11:10:14.448+0800][info] GC(648) Metaspace: 1695K(1856K)->1695K(1856K) NonClass: 1570K(1664K)->1570K(1664K) Class: 124K(192K)->124K(192K)
[2024-10-12T11:10:14.448+0800][info] GC(648) Pause Young (Prepare Mixed) (G1 Evacuation Pause) 113M->113M(128M) 0.973ms
[2024-10-12T11:10:14.448+0800][info] GC(648) User=0.01s Sys=0.00s Real=0.00s
[2024-10-12T11:10:14.448+0800][info] Attempting full compaction
[2024-10-12T11:10:14.448+0800][info] GC(649) Using 3 workers of 48 for full compaction
[2024-10-12T11:10:14.448+0800][info] GC(649) Pause Full (G1 Compaction Pause)
[2024-10-12T11:10:14.448+0800][info] GC(649) Phase 1: Mark live objects
[2024-10-12T11:10:14.451+0800][info] GC(649) Phase 1: Mark live objects 3.090ms
[2024-10-12T11:10:14.451+0800][info] GC(649) Phase 2: Prepare for compaction
[2024-10-12T11:10:14.452+0800][info] GC(649) Phase 2: Prepare for compaction 0.753ms
[2024-10-12T11:10:14.452+0800][info] GC(649) Phase 3: Adjust pointers
[2024-10-12T11:10:14.454+0800][info] GC(649) Phase 3: Adjust pointers 1.812ms
[2024-10-12T11:10:14.454+0800][info] GC(649) Phase 4: Compact heap
[2024-10-12T11:10:14.469+0800][info] GC(649) Phase 4: Compact heap 14.905ms
[2024-10-12T11:10:14.470+0800][info] GC(649) Eden regions: 0->0(4)
[2024-10-12T11:10:14.470+0800][info] GC(649) Survivor regions: 0->0(0)
[2024-10-12T11:10:14.470+0800][info] GC(649) Old regions: 59->39
[2024-10-12T11:10:14.471+0800][info] GC(649) Archive regions: 2->2
[2024-10-12T11:10:14.471+0800][info] GC(649) Humongous regions: 3->3
[2024-10-12T11:10:14.471+0800][info] GC(649) Metaspace: 1695K(1856K)->1695K(1856K) NonClass: 1570K(1664K)->1570K(1664K) Class: 124K(192K)->124K(192K)
[2024-10-12T11:10:14.471+0800][info] GC(649) Pause Full (G1 Compaction Pause) 113M->72M(128M) 22.407ms
[2024-10-12T11:10:14.471+0800][info] GC(649) User=0.04s Sys=0.00s Real=0.02s
[2024-10-12T11:10:14.676+0800][info] GC(650) Pause Young (Normal) (G1 Evacuation Pause)
[2024-10-12T11:10:14.676+0800][info] GC(650) Using 3 workers of 48 for evacuation
[2024-10-12T11:10:14.678+0800][info] GC(650)   Pre Evacuate Collection Set: 0.1ms
[2024-10-12T11:10:14.678+0800][info] GC(650)   Merge Heap Roots: 0.1ms
[2024-10-12T11:10:14.678+0800][info] GC(650)   Evacuate Collection Set: 1.3ms
[2024-10-12T11:10:14.678+0800][info] GC(650)   Post Evacuate Collection Set: 0.2ms
[2024-10-12T11:10:14.678+0800][info] GC(650)   Other: 0.2ms
[2024-10-12T11:10:14.678+0800][info] GC(650) Eden regions: 4->0(2)
[2024-10-12T11:10:14.678+0800][info] GC(650) Survivor regions: 0->1(1)
[2024-10-12T11:10:14.678+0800][info] GC(650) Old regions: 39->42
[2024-10-12T11:10:14.678+0800][info] GC(650) Archive regions: 2->2
[2024-10-12T11:10:14.678+0800][info] GC(650) Humongous regions: 3->3
[2024-10-12T11:10:14.678+0800][info] GC(650) Metaspace: 1695K(1856K)->1695K(1856K) NonClass: 1570K(1664K)->1570K(1664K) Class: 124K(192K)->124K(192K)
[2024-10-12T11:10:14.678+0800][info] GC(650) Pause Young (Normal) (G1 Evacuation Pause) 80M->79M(128M) 2.057ms
[2024-10-12T11:10:14.678+0800][info] GC(650) User=0.00s Sys=0.00s Real=0.00s
[2024-10-12T11:10:14.780+0800][info] GC(651) Pause Young (Normal) (G1 Evacuation Pause)
[2024-10-12T11:10:14.780+0800][info] GC(651) Using 3 workers of 48 for evacuation
[2024-10-12T11:10:14.781+0800][info] GC(651)   Pre Evacuate Collection Set: 0.1ms
[2024-10-12T11:10:14.781+0800][info] GC(651)   Merge Heap Roots: 0.1ms
[2024-10-12T11:10:14.781+0800][info] GC(651)   Evacuate Collection Set: 1.0ms
[2024-10-12T11:10:14.782+0800][info] GC(651)   Post Evacuate Collection Set: 0.2ms
[2024-10-12T11:10:14.782+0800][info] GC(651)   Other: 0.2ms
[2024-10-12T11:10:14.782+0800][info] GC(651) Eden regions: 2->0(2)
[2024-10-12T11:10:14.782+0800][info] GC(651) Survivor regions: 1->1(1)
[2024-10-12T11:10:14.782+0800][info] GC(651) Old regions: 42->44
[2024-10-12T11:10:14.782+0800][info] GC(651) Archive regions: 2->2
[2024-10-12T11:10:14.782+0800][info] GC(651) Humongous regions: 3->3
[2024-10-12T11:10:14.782+0800][info] GC(651) Metaspace: 1695K(1856K)->1695K(1856K) NonClass: 1570K(1664K)->1570K(1664K) Class: 124K(192K)->124K(192K)
[2024-10-12T11:10:14.782+0800][info] GC(651) Pause Young (Normal) (G1 Evacuation Pause) 82M->82M(128M) 1.748ms
[2024-10-12T11:10:14.782+0800][info] GC(651) User=0.01s Sys=0.00s Real=0.00s
[2024-10-12T11:10:14.884+0800][info] GC(652) Pause Young (Normal) (G1 Evacuation Pause)
[2024-10-12T11:10:14.884+0800][info] GC(652) Using 3 workers of 48 for evacuation
[2024-10-12T11:10:14.886+0800][info] GC(652)   Pre Evacuate Collection Set: 0.1ms
[2024-10-12T11:10:14.886+0800][info] GC(652)   Merge Heap Roots: 0.1ms
[2024-10-12T11:10:14.886+0800][info] GC(652)   Evacuate Collection Set: 1.4ms
[2024-10-12T11:10:14.886+0800][info] GC(652)   Post Evacuate Collection Set: 0.2ms
[2024-10-12T11:10:14.886+0800][info] GC(652)   Other: 0.2ms
[2024-10-12T11:10:14.886+0800][info] GC(652) Eden regions: 2->0(2)
[2024-10-12T11:10:14.886+0800][info] GC(652) Survivor regions: 1->1(1)
[2024-10-12T11:10:14.886+0800][info] GC(652) Old regions: 44->46
[2024-10-12T11:10:14.886+0800][info] GC(652) Archive regions: 2->2
[2024-10-12T11:10:14.886+0800][info] GC(652) Humongous regions: 3->3
[2024-10-12T11:10:14.886+0800][info] GC(652) Metaspace: 1695K(1856K)->1695K(1856K) NonClass: 1570K(1664K)->1570K(1664K) Class: 124K(192K)->124K(192K)
[2024-10-12T11:10:14.886+0800][info] GC(652) Pause Young (Normal) (G1 Evacuation Pause) 86M->86M(128M) 2.063ms
[2024-10-12T11:10:14.886+0800][info] GC(652) User=0.00s Sys=0.00s Real=0.01s
[2024-10-12T11:10:14.988+0800][info] GC(653) Pause Young (Concurrent Start) (G1 Evacuation Pause)
[2024-10-12T11:10:14.988+0800][info] GC(653) Using 3 workers of 48 for evacuation
[2024-10-12T11:10:14.990+0800][info] GC(653)   Pre Evacuate Collection Set: 0.1ms
[2024-10-12T11:10:14.990+0800][info] GC(653)   Merge Heap Roots: 0.1ms
[2024-10-12T11:10:14.990+0800][info] GC(653)   Evacuate Collection Set: 1.1ms
[2024-10-12T11:10:14.990+0800][info] GC(653)   Post Evacuate Collection Set: 0.2ms
[2024-10-12T11:10:14.990+0800][info] GC(653)   Other: 0.4ms
[2024-10-12T11:10:14.990+0800][info] GC(653) Eden regions: 2->0(2)
[2024-10-12T11:10:14.990+0800][info] GC(653) Survivor regions: 1->1(1)
[2024-10-12T11:10:14.990+0800][info] GC(653) Old regions: 46->48
[2024-10-12T11:10:14.990+0800][info] GC(653) Archive regions: 2->2
[2024-10-12T11:10:14.990+0800][info] GC(653) Humongous regions: 3->3
[2024-10-12T11:10:14.990+0800][info] GC(653) Metaspace: 1695K(1856K)->1695K(1856K) NonClass: 1570K(1664K)->1570K(1664K) Class: 124K(192K)->124K(192K)
[2024-10-12T11:10:14.990+0800][info] GC(653) Pause Young (Concurrent Start) (G1 Evacuation Pause) 90M->90M(128M) 2.040ms
[2024-10-12T11:10:14.990+0800][info] GC(653) User=0.01s Sys=0.00s Real=0.00s
[2024-10-12T11:10:14.990+0800][info] GC(654) Concurrent Mark Cycle
[2024-10-12T11:10:14.990+0800][info] GC(654) Concurrent Clear Claimed Marks
[2024-10-12T11:10:14.990+0800][info] GC(654) Concurrent Clear Claimed Marks 0.019ms
[2024-10-12T11:10:14.990+0800][info] GC(654) Concurrent Scan Root Regions
[2024-10-12T11:10:14.991+0800][info] GC(654) Concurrent Scan Root Regions 0.162ms
[2024-10-12T11:10:14.991+0800][info] GC(654) Concurrent Mark
[2024-10-12T11:10:14.991+0800][info] GC(654) Concurrent Mark From Roots
[2024-10-12T11:10:14.991+0800][info] GC(654) Using 12 workers of 12 for marking
[2024-10-12T11:10:14.995+0800][info] GC(654) Concurrent Mark From Roots 3.926ms
[2024-10-12T11:10:14.995+0800][info] GC(654) Concurrent Preclean
[2024-10-12T11:10:14.996+0800][info] GC(654) Concurrent Preclean 1.751ms
[2024-10-12T11:10:14.996+0800][info] GC(654) Pause Remark
[2024-10-12T11:10:14.998+0800][info] GC(654) Pause Remark 91M->91M(128M) 1.581ms
[2024-10-12T11:10:14.998+0800][info] GC(654) User=0.01s Sys=0.00s Real=0.00s
[2024-10-12T11:10:14.998+0800][info] GC(654) Concurrent Mark 7.464ms
[2024-10-12T11:10:14.998+0800][info] GC(654) Concurrent Rebuild Remembered Sets
[2024-10-12T11:10:15.000+0800][info] GC(654) Concurrent Rebuild Remembered Sets 1.480ms
[2024-10-12T11:10:15.000+0800][info] GC(654) Pause Cleanup
[2024-10-12T11:10:15.000+0800][info] GC(654) Pause Cleanup 91M->91M(128M) 0.230ms
[2024-10-12T11:10:15.000+0800][info] GC(654) User=0.00s Sys=0.00s Real=0.00s
[2024-10-12T11:10:15.000+0800][info] GC(654) Concurrent Cleanup for Next Mark
[2024-10-12T11:10:15.000+0800][info] GC(654) Concurrent Cleanup for Next Mark 0.419ms
[2024-10-12T11:10:15.000+0800][info] GC(654) Concurrent Mark Cycle 10.062ms
[2024-10-12T11:10:15.144+0800][info] GC(655) Pause Young (Prepare Mixed) (G1 Evacuation Pause)
[2024-10-12T11:10:15.144+0800][info] GC(655) Using 3 workers of 48 for evacuation
[2024-10-12T11:10:15.146+0800][info] GC(655)   Pre Evacuate Collection Set: 0.1ms
[2024-10-12T11:10:15.146+0800][info] GC(655)   Merge Heap Roots: 0.1ms
[2024-10-12T11:10:15.146+0800][info] GC(655)   Evacuate Collection Set: 1.1ms
[2024-10-12T11:10:15.146+0800][info] GC(655)   Post Evacuate Collection Set: 0.2ms
[2024-10-12T11:10:15.146+0800][info] GC(655)   Other: 0.2ms
[2024-10-12T11:10:15.146+0800][info] GC(655) Eden regions: 2->0(2)
[2024-10-12T11:10:15.146+0800][info] GC(655) Survivor regions: 1->1(1)
[2024-10-12T11:10:15.146+0800][info] GC(655) Old regions: 48->50
[2024-10-12T11:10:15.146+0800][info] GC(655) Archive regions: 2->2
[2024-10-12T11:10:15.146+0800][info] GC(655) Humongous regions: 4->3
[2024-10-12T11:10:15.146+0800][info] GC(655) Metaspace: 1695K(1856K)->1695K(1856K) NonClass: 1570K(1664K)->1570K(1664K) Class: 124K(192K)->124K(192K)
[2024-10-12T11:10:15.146+0800][info] GC(655) Pause Young (Prepare Mixed) (G1 Evacuation Pause) 96M->94M(128M) 1.858ms
[2024-10-12T11:10:15.146+0800][info] GC(655) User=0.00s Sys=0.00s Real=0.01s
[2024-10-12T11:10:15.207+0800][info] GC(656) Pause Young (Mixed) (G1 Preventive Collection)
[2024-10-12T11:10:15.207+0800][info] GC(656) Using 3 workers of 48 for evacuation
[2024-10-12T11:10:15.214+0800][info] GC(656) To-space exhausted
[2024-10-12T11:10:15.214+0800][info] GC(656)   Pre Evacuate Collection Set: 0.2ms
[2024-10-12T11:10:15.214+0800][info] GC(656)   Merge Heap Roots: 0.1ms
[2024-10-12T11:10:15.214+0800][info] GC(656)   Evacuate Collection Set: 4.9ms
[2024-10-12T11:10:15.214+0800][info] GC(656)   Post Evacuate Collection Set: 1.1ms
[2024-10-12T11:10:15.214+0800][info] GC(656)   Other: 0.2ms
[2024-10-12T11:10:15.214+0800][info] GC(656) Eden regions: 1->0(2)
[2024-10-12T11:10:15.214+0800][info] GC(656) Survivor regions: 1->1(1)
[2024-10-12T11:10:15.214+0800][info] GC(656) Old regions: 50->55
[2024-10-12T11:10:15.214+0800][info] GC(656) Archive regions: 2->2
[2024-10-12T11:10:15.214+0800][info] GC(656) Humongous regions: 3->3
[2024-10-12T11:10:15.214+0800][info] GC(656) Metaspace: 1695K(1856K)->1695K(1856K) NonClass: 1570K(1664K)->1570K(1664K) Class: 124K(192K)->124K(192K)
[2024-10-12T11:10:15.214+0800][info] GC(656) Pause Young (Mixed) (G1 Preventive Collection) 96M->108M(128M) 6.651ms
[2024-10-12T11:10:15.214+0800][info] GC(656) User=0.02s Sys=0.00s Real=0.01s
[2024-10-12T11:10:15.255+0800][info] GC(657) Pause Young (Concurrent Start) (G1 Preventive Collection)
[2024-10-12T11:10:15.255+0800][info] GC(657) Using 3 workers of 48 for evacuation
[2024-10-12T11:10:15.257+0800][info] GC(657)   Pre Evacuate Collection Set: 0.1ms
[2024-10-12T11:10:15.257+0800][info] GC(657)   Merge Heap Roots: 0.1ms
[2024-10-12T11:10:15.257+0800][info] GC(657)   Evacuate Collection Set: 1.0ms
[2024-10-12T11:10:15.257+0800][info] GC(657)   Post Evacuate Collection Set: 0.2ms
[2024-10-12T11:10:15.257+0800][info] GC(657)   Other: 0.4ms
[2024-10-12T11:10:15.257+0800][info] GC(657) Eden regions: 1->0(2)
[2024-10-12T11:10:15.257+0800][info] GC(657) Survivor regions: 1->1(1)
[2024-10-12T11:10:15.257+0800][info] GC(657) Old regions: 55->56
[2024-10-12T11:10:15.257+0800][info] GC(657) Archive regions: 2->2
[2024-10-12T11:10:15.257+0800][info] GC(657) Humongous regions: 3->3
[2024-10-12T11:10:15.257+0800][info] GC(657) Metaspace: 1695K(1856K)->1695K(1856K) NonClass: 1570K(1664K)->1570K(1664K) Class: 124K(192K)->124K(192K)
[2024-10-12T11:10:15.257+0800][info] GC(657) Pause Young (Concurrent Start) (G1 Preventive Collection) 109M->109M(128M) 1.985ms
[2024-10-12T11:10:15.257+0800][info] GC(657) User=0.00s Sys=0.01s Real=0.00s
[2024-10-12T11:10:15.257+0800][info] GC(658) Concurrent Mark Cycle
[2024-10-12T11:10:15.257+0800][info] GC(658) Concurrent Clear Claimed Marks
[2024-10-12T11:10:15.257+0800][info] GC(658) Concurrent Clear Claimed Marks 0.020ms
[2024-10-12T11:10:15.258+0800][info] GC(658) Concurrent Scan Root Regions
[2024-10-12T11:10:15.258+0800][info] GC(658) Concurrent Scan Root Regions 0.151ms
[2024-10-12T11:10:15.258+0800][info] GC(658) Concurrent Mark
[2024-10-12T11:10:15.258+0800][info] GC(658) Concurrent Mark From Roots
[2024-10-12T11:10:15.258+0800][info] GC(658) Using 12 workers of 12 for marking
[2024-10-12T11:10:15.264+0800][info] GC(658) Concurrent Mark From Roots 5.870ms
[2024-10-12T11:10:15.264+0800][info] GC(658) Concurrent Preclean
[2024-10-12T11:10:15.265+0800][info] GC(658) Concurrent Preclean 1.783ms
[2024-10-12T11:10:15.265+0800][info] GC(658) Pause Remark
[2024-10-12T11:10:15.267+0800][info] GC(658) Pause Remark 110M->110M(128M) 1.464ms
[2024-10-12T11:10:15.267+0800][info] GC(658) User=0.00s Sys=0.00s Real=0.00s
[2024-10-12T11:10:15.267+0800][info] GC(658) Concurrent Mark 9.294ms
[2024-10-12T11:10:15.267+0800][info] GC(658) Concurrent Rebuild Remembered Sets
[2024-10-12T11:10:15.268+0800][info] GC(658) Concurrent Rebuild Remembered Sets 0.911ms
[2024-10-12T11:10:15.268+0800][info] GC(658) Pause Cleanup
[2024-10-12T11:10:15.268+0800][info] GC(658) Pause Cleanup 110M->110M(128M) 0.184ms
[2024-10-12T11:10:15.268+0800][info] GC(658) User=0.00s Sys=0.00s Real=0.00s
[2024-10-12T11:10:15.268+0800][info] GC(658) Concurrent Cleanup for Next Mark
[2024-10-12T11:10:15.269+0800][info] GC(658) Concurrent Cleanup for Next Mark 0.352ms
[2024-10-12T11:10:15.269+0800][info] GC(658) Concurrent Mark Cycle 11.155ms
[2024-10-12T11:10:15.370+0800][info] GC(659) Pause Young (Prepare Mixed) (G1 Preventive Collection)
[2024-10-12T11:10:15.370+0800][info] GC(659) Using 3 workers of 48 for evacuation
[2024-10-12T11:10:15.371+0800][info] GC(659) To-space exhausted
[2024-10-12T11:10:15.371+0800][info] GC(659)   Pre Evacuate Collection Set: 0.1ms
[2024-10-12T11:10:15.371+0800][info] GC(659)   Merge Heap Roots: 0.1ms
[2024-10-12T11:10:15.371+0800][info] GC(659)   Evacuate Collection Set: 0.5ms
[2024-10-12T11:10:15.371+0800][info] GC(659)   Post Evacuate Collection Set: 0.2ms
[2024-10-12T11:10:15.371+0800][info] GC(659)   Other: 0.2ms
[2024-10-12T11:10:15.371+0800][info] GC(659) Eden regions: 1->0(2)
[2024-10-12T11:10:15.371+0800][info] GC(659) Survivor regions: 1->1(1)
[2024-10-12T11:10:15.371+0800][info] GC(659) Old regions: 56->57
[2024-10-12T11:10:15.371+0800][info] GC(659) Archive regions: 2->2
[2024-10-12T11:10:15.371+0800][info] GC(659) Humongous regions: 3->3
[2024-10-12T11:10:15.371+0800][info] GC(659) Metaspace: 1695K(1856K)->1695K(1856K) NonClass: 1570K(1664K)->1570K(1664K) Class: 124K(192K)->124K(192K)
[2024-10-12T11:10:15.371+0800][info] GC(659) Pause Young (Prepare Mixed) (G1 Preventive Collection) 111M->111M(128M) 1.197ms
[2024-10-12T11:10:15.371+0800][info] GC(659) User=0.00s Sys=0.00s Real=0.00s
[2024-10-12T11:10:15.413+0800][info] GC(660) Pause Young (Mixed) (G1 Evacuation Pause)
[2024-10-12T11:10:15.413+0800][info] GC(660) Using 3 workers of 48 for evacuation
[2024-10-12T11:10:15.414+0800][info] GC(660) To-space exhausted
[2024-10-12T11:10:15.414+0800][info] GC(660)   Pre Evacuate Collection Set: 0.2ms
[2024-10-12T11:10:15.414+0800][info] GC(660)   Merge Heap Roots: 0.1ms
[2024-10-12T11:10:15.414+0800][info] GC(660)   Evacuate Collection Set: 0.5ms
[2024-10-12T11:10:15.414+0800][info] GC(660)   Post Evacuate Collection Set: 0.5ms
[2024-10-12T11:10:15.414+0800][info] GC(660)   Other: 0.2ms
[2024-10-12T11:10:15.414+0800][info] GC(660) Eden regions: 1->0(3)
[2024-10-12T11:10:15.414+0800][info] GC(660) Survivor regions: 1->0(0)
[2024-10-12T11:10:15.414+0800][info] GC(660) Old regions: 57->58
[2024-10-12T11:10:15.414+0800][info] GC(660) Archive regions: 2->2
[2024-10-12T11:10:15.414+0800][info] GC(660) Humongous regions: 3->3
[2024-10-12T11:10:15.414+0800][info] GC(660) Metaspace: 1695K(1856K)->1695K(1856K) NonClass: 1570K(1664K)->1570K(1664K) Class: 124K(192K)->124K(192K)
[2024-10-12T11:10:15.414+0800][info] GC(660) Pause Young (Mixed) (G1 Evacuation Pause) 113M->111M(128M) 1.578ms
[2024-10-12T11:10:15.414+0800][info] GC(660) User=0.00s Sys=0.00s Real=0.01s
[2024-10-12T11:10:15.476+0800][info] GC(661) Pause Young (Concurrent Start) (G1 Evacuation Pause)
[2024-10-12T11:10:15.476+0800][info] GC(661) Using 3 workers of 48 for evacuation
[2024-10-12T11:10:15.477+0800][info] GC(661) To-space exhausted
[2024-10-12T11:10:15.477+0800][info] GC(661)   Pre Evacuate Collection Set: 0.1ms
[2024-10-12T11:10:15.477+0800][info] GC(661)   Merge Heap Roots: 0.1ms
[2024-10-12T11:10:15.477+0800][info] GC(661)   Evacuate Collection Set: 0.3ms
[2024-10-12T11:10:15.477+0800][info] GC(661)   Post Evacuate Collection Set: 0.2ms
[2024-10-12T11:10:15.477+0800][info] GC(661)   Other: 0.3ms
[2024-10-12T11:10:15.477+0800][info] GC(661) Eden regions: 1->0(3)
[2024-10-12T11:10:15.477+0800][info] GC(661) Survivor regions: 0->0(0)
[2024-10-12T11:10:15.477+0800][info] GC(661) Old regions: 58->59
[2024-10-12T11:10:15.477+0800][info] GC(661) Archive regions: 2->2
[2024-10-12T11:10:15.477+0800][info] GC(661) Humongous regions: 3->3
[2024-10-12T11:10:15.477+0800][info] GC(661) Metaspace: 1695K(1856K)->1695K(1856K) NonClass: 1570K(1664K)->1570K(1664K) Class: 124K(192K)->124K(192K)
[2024-10-12T11:10:15.477+0800][info] GC(661) Pause Young (Concurrent Start) (G1 Evacuation Pause) 113M->113M(128M) 1.209ms
[2024-10-12T11:10:15.477+0800][info] GC(661) User=0.01s Sys=0.00s Real=0.00s
[2024-10-12T11:10:15.477+0800][info] Attempting full compaction
[2024-10-12T11:10:15.477+0800][info] GC(662) Concurrent Mark Cycle
[2024-10-12T11:10:15.477+0800][info] GC(663) Using 3 workers of 48 for full compaction
[2024-10-12T11:10:15.477+0800][info] GC(662) Concurrent Clear Claimed Marks
[2024-10-12T11:10:15.477+0800][info] GC(662) Concurrent Clear Claimed Marks 0.061ms
[2024-10-12T11:10:15.477+0800][info] GC(662) Concurrent Scan Root Regions
[2024-10-12T11:10:15.477+0800][info] GC(663) Pause Full (G1 Compaction Pause)
[2024-10-12T11:10:15.477+0800][info] GC(662) Concurrent Scan Root Regions 0.027ms
[2024-10-12T11:10:15.477+0800][info] GC(662) Concurrent Mark
[2024-10-12T11:10:15.477+0800][info] GC(662) Concurrent Mark From Roots
[2024-10-12T11:10:15.477+0800][info] GC(662) Using 12 workers of 12 for marking
[2024-10-12T11:10:15.477+0800][info] GC(663) Phase 1: Mark live objects
[2024-10-12T11:10:15.481+0800][info] GC(663) Phase 1: Mark live objects 3.556ms
[2024-10-12T11:10:15.481+0800][info] GC(663) Phase 2: Prepare for compaction
[2024-10-12T11:10:15.482+0800][info] GC(663) Phase 2: Prepare for compaction 0.546ms
[2024-10-12T11:10:15.482+0800][info] GC(663) Phase 3: Adjust pointers
[2024-10-12T11:10:15.483+0800][info] GC(663) Phase 3: Adjust pointers 1.722ms
[2024-10-12T11:10:15.483+0800][info] GC(663) Phase 4: Compact heap
[2024-10-12T11:10:15.495+0800][info] GC(663) Phase 4: Compact heap 11.167ms
[2024-10-12T11:10:15.496+0800][info] GC(663) Eden regions: 0->0(4)
[2024-10-12T11:10:15.496+0800][info] GC(663) Survivor regions: 0->0(0)
[2024-10-12T11:10:15.496+0800][info] GC(663) Old regions: 59->38
[2024-10-12T11:10:15.496+0800][info] GC(663) Archive regions: 2->2
[2024-10-12T11:10:15.496+0800][info] GC(663) Humongous regions: 3->3
[2024-10-12T11:10:15.496+0800][info] GC(663) Metaspace: 1695K(1856K)->1695K(1856K) NonClass: 1570K(1664K)->1570K(1664K) Class: 124K(192K)->124K(192K)
[2024-10-12T11:10:15.496+0800][info] GC(663) Pause Full (G1 Compaction Pause) 113M->72M(128M) 19.212ms
[2024-10-12T11:10:15.496+0800][info] GC(663) User=0.04s Sys=0.00s Real=0.02s
[2024-10-12T11:10:15.496+0800][info] GC(662) Concurrent Mark From Roots 19.325ms
[2024-10-12T11:10:15.496+0800][info] GC(662) Concurrent Mark Abort
[2024-10-12T11:10:15.497+0800][info] GC(662) Concurrent Mark Cycle 19.636ms
[2024-10-12T11:10:15.701+0800][info] GC(664) Pause Young (Normal) (G1 Evacuation Pause)
[2024-10-12T11:10:15.701+0800][info] GC(664) Using 3 workers of 48 for evacuation
[2024-10-12T11:10:15.703+0800][info] GC(664)   Pre Evacuate Collection Set: 0.1ms
[2024-10-12T11:10:15.703+0800][info] GC(664)   Merge Heap Roots: 0.1ms
[2024-10-12T11:10:15.703+0800][info] GC(664)   Evacuate Collection Set: 1.4ms
[2024-10-12T11:10:15.703+0800][info] GC(664)   Post Evacuate Collection Set: 0.2ms
[2024-10-12T11:10:15.703+0800][info] GC(664)   Other: 0.2ms
[2024-10-12T11:10:15.703+0800][info] GC(664) Eden regions: 4->0(2)
[2024-10-12T11:10:15.703+0800][info] GC(664) Survivor regions: 0->1(1)
[2024-10-12T11:10:15.703+0800][info] GC(664) Old regions: 38->41
[2024-10-12T11:10:15.703+0800][info] GC(664) Archive regions: 2->2
[2024-10-12T11:10:15.703+0800][info] GC(664) Humongous regions: 3->3
[2024-10-12T11:10:15.703+0800][info] GC(664) Metaspace: 1695K(1856K)->1695K(1856K) NonClass: 1570K(1664K)->1570K(1664K) Class: 124K(192K)->124K(192K)
[2024-10-12T11:10:15.704+0800][info] GC(664) Pause Young (Normal) (G1 Evacuation Pause) 80M->80M(128M) 2.080ms
[2024-10-12T11:10:15.704+0800][info] GC(664) User=0.01s Sys=0.00s Real=0.00s
[2024-10-12T11:10:15.806+0800][info] GC(665) Pause Young (Normal) (G1 Evacuation Pause)
[2024-10-12T11:10:15.806+0800][info] GC(665) Using 3 workers of 48 for evacuation
[2024-10-12T11:10:15.807+0800][info] GC(665)   Pre Evacuate Collection Set: 0.1ms
[2024-10-12T11:10:15.807+0800][info] GC(665)   Merge Heap Roots: 0.0ms
[2024-10-12T11:10:15.807+0800][info] GC(665)   Evacuate Collection Set: 1.0ms
[2024-10-12T11:10:15.807+0800][info] GC(665)   Post Evacuate Collection Set: 0.2ms
[2024-10-12T11:10:15.807+0800][info] GC(665)   Other: 0.2ms
[2024-10-12T11:10:15.807+0800][info] GC(665) Eden regions: 2->0(2)
[2024-10-12T11:10:15.807+0800][info] GC(665) Survivor regions: 1->1(1)
[2024-10-12T11:10:15.807+0800][info] GC(665) Old regions: 41->43
[2024-10-12T11:10:15.807+0800][info] GC(665) Archive regions: 2->2
[2024-10-12T11:10:15.807+0800][info] GC(665) Humongous regions: 3->3
[2024-10-12T11:10:15.807+0800][info] GC(665) Metaspace: 1695K(1856K)->1695K(1856K) NonClass: 1570K(1664K)->1570K(1664K) Class: 124K(192K)->124K(192K)
[2024-10-12T11:10:15.807+0800][info] GC(665) Pause Young (Normal) (G1 Evacuation Pause) 83M->83M(128M) 1.653ms
[2024-10-12T11:10:15.807+0800][info] GC(665) User=0.00s Sys=0.00s Real=0.00s
[2024-10-12T11:10:15.910+0800][info] GC(666) Pause Young (Normal) (G1 Evacuation Pause)
[2024-10-12T11:10:15.910+0800][info] GC(666) Using 3 workers of 48 for evacuation
[2024-10-12T11:10:15.911+0800][info] GC(666)   Pre Evacuate Collection Set: 0.1ms
[2024-10-12T11:10:15.911+0800][info] GC(666)   Merge Heap Roots: 0.1ms
[2024-10-12T11:10:15.911+0800][info] GC(666)   Evacuate Collection Set: 1.0ms
[2024-10-12T11:10:15.911+0800][info] GC(666)   Post Evacuate Collection Set: 0.2ms
[2024-10-12T11:10:15.911+0800][info] GC(666)   Other: 0.2ms
[2024-10-12T11:10:15.911+0800][info] GC(666) Eden regions: 2->0(2)
[2024-10-12T11:10:15.911+0800][info] GC(666) Survivor regions: 1->1(1)
[2024-10-12T11:10:15.911+0800][info] GC(666) Old regions: 43->45
[2024-10-12T11:10:15.911+0800][info] GC(666) Archive regions: 2->2
[2024-10-12T11:10:15.911+0800][info] GC(666) Humongous regions: 3->3
[2024-10-12T11:10:15.911+0800][info] GC(666) Metaspace: 1695K(1856K)->1695K(1856K) NonClass: 1570K(1664K)->1570K(1664K) Class: 124K(192K)->124K(192K)
[2024-10-12T11:10:15.911+0800][info] GC(666) Pause Young (Normal) (G1 Evacuation Pause) 87M->87M(128M) 1.660ms
[2024-10-12T11:10:15.911+0800][info] GC(666) User=0.01s Sys=0.00s Real=0.00s
[2024-10-12T11:10:16.013+0800][info] GC(667) Pause Young (Normal) (G1 Evacuation Pause)
[2024-10-12T11:10:16.013+0800][info] GC(667) Using 3 workers of 48 for evacuation
[2024-10-12T11:10:16.015+0800][info] GC(667)   Pre Evacuate Collection Set: 0.1ms
[2024-10-12T11:10:16.015+0800][info] GC(667)   Merge Heap Roots: 0.0ms
[2024-10-12T11:10:16.015+0800][info] GC(667)   Evacuate Collection Set: 1.0ms
[2024-10-12T11:10:16.015+0800][info] GC(667)   Post Evacuate Collection Set: 0.2ms
[2024-10-12T11:10:16.015+0800][info] GC(667)   Other: 0.2ms
[2024-10-12T11:10:16.015+0800][info] GC(667) Eden regions: 2->0(2)
[2024-10-12T11:10:16.015+0800][info] GC(667) Survivor regions: 1->1(1)
[2024-10-12T11:10:16.015+0800][info] GC(667) Old regions: 45->47
[2024-10-12T11:10:16.015+0800][info] GC(667) Archive regions: 2->2
[2024-10-12T11:10:16.015+0800][info] GC(667) Humongous regions: 3->3
[2024-10-12T11:10:16.015+0800][info] GC(667) Metaspace: 1695K(1856K)->1695K(1856K) NonClass: 1570K(1664K)->1570K(1664K) Class: 124K(192K)->124K(192K)
[2024-10-12T11:10:16.015+0800][info] GC(667) Pause Young (Normal) (G1 Evacuation Pause) 91M->91M(128M) 1.583ms
[2024-10-12T11:10:16.015+0800][info] GC(667) User=0.00s Sys=0.00s Real=0.00s
[2024-10-12T11:10:16.117+0800][info] GC(668) Pause Young (Concurrent Start) (G1 Evacuation Pause)
[2024-10-12T11:10:16.117+0800][info] GC(668) Using 3 workers of 48 for evacuation
[2024-10-12T11:10:16.119+0800][info] GC(668)   Pre Evacuate Collection Set: 0.1ms
[2024-10-12T11:10:16.119+0800][info] GC(668)   Merge Heap Roots: 0.1ms
[2024-10-12T11:10:16.119+0800][info] GC(668)   Evacuate Collection Set: 1.0ms
[2024-10-12T11:10:16.119+0800][info] GC(668)   Post Evacuate Collection Set: 0.2ms
[2024-10-12T11:10:16.119+0800][info] GC(668)   Other: 0.4ms
[2024-10-12T11:10:16.119+0800][info] GC(668) Eden regions: 2->0(2)
[2024-10-12T11:10:16.119+0800][info] GC(668) Survivor regions: 1->1(1)
[2024-10-12T11:10:16.119+0800][info] GC(668) Old regions: 47->49
[2024-10-12T11:10:16.119+0800][info] GC(668) Archive regions: 2->2
[2024-10-12T11:10:16.119+0800][info] GC(668) Humongous regions: 3->3
[2024-10-12T11:10:16.119+0800][info] GC(668) Metaspace: 1695K(1856K)->1695K(1856K) NonClass: 1570K(1664K)->1570K(1664K) Class: 124K(192K)->124K(192K)
[2024-10-12T11:10:16.119+0800][info] GC(668) Pause Young (Concurrent Start) (G1 Evacuation Pause) 94M->94M(128M) 1.790ms
[2024-10-12T11:10:16.119+0800][info] GC(668) User=0.00s Sys=0.00s Real=0.00s
[2024-10-12T11:10:16.119+0800][info] GC(669) Concurrent Mark Cycle
[2024-10-12T11:10:16.119+0800][info] GC(669) Concurrent Clear Claimed Marks
[2024-10-12T11:10:16.119+0800][info] GC(669) Concurrent Clear Claimed Marks 0.018ms
[2024-10-12T11:10:16.119+0800][info] GC(669) Concurrent Scan Root Regions
[2024-10-12T11:10:16.119+0800][info] GC(669) Concurrent Scan Root Regions 0.170ms
[2024-10-12T11:10:16.119+0800][info] GC(669) Concurrent Mark
[2024-10-12T11:10:16.119+0800][info] GC(669) Concurrent Mark From Roots
[2024-10-12T11:10:16.119+0800][info] GC(669) Using 12 workers of 12 for marking
[2024-10-12T11:10:16.123+0800][info] GC(669) Concurrent Mark From Roots 3.937ms
[2024-10-12T11:10:16.123+0800][info] GC(669) Concurrent Preclean
[2024-10-12T11:10:16.125+0800][info] GC(669) Concurrent Preclean 1.776ms
[2024-10-12T11:10:16.125+0800][info] GC(669) Pause Remark
[2024-10-12T11:10:16.127+0800][info] GC(669) Pause Remark 95M->95M(128M) 1.424ms
[2024-10-12T11:10:16.127+0800][info] GC(669) User=0.00s Sys=0.00s Real=0.00s
[2024-10-12T11:10:16.127+0800][info] GC(669) Concurrent Mark 7.315ms
[2024-10-12T11:10:16.127+0800][info] GC(669) Concurrent Rebuild Remembered Sets
[2024-10-12T11:10:16.128+0800][info] GC(669) Concurrent Rebuild Remembered Sets 1.317ms
[2024-10-12T11:10:16.128+0800][info] GC(669) Pause Cleanup
[2024-10-12T11:10:16.128+0800][info] GC(669) Pause Cleanup 95M->95M(128M) 0.234ms
[2024-10-12T11:10:16.128+0800][info] GC(669) User=0.00s Sys=0.00s Real=0.00s
[2024-10-12T11:10:16.128+0800][info] GC(669) Concurrent Cleanup for Next Mark
[2024-10-12T11:10:16.129+0800][info] GC(669) Concurrent Cleanup for Next Mark 0.379ms
[2024-10-12T11:10:16.129+0800][info] GC(669) Concurrent Mark Cycle 9.729ms
[2024-10-12T11:10:16.272+0800][info] GC(670) Pause Young (Prepare Mixed) (G1 Evacuation Pause)
[2024-10-12T11:10:16.272+0800][info] GC(670) Using 3 workers of 48 for evacuation
[2024-10-12T11:10:16.274+0800][info] GC(670)   Pre Evacuate Collection Set: 0.1ms
[2024-10-12T11:10:16.274+0800][info] GC(670)   Merge Heap Roots: 0.1ms
[2024-10-12T11:10:16.274+0800][info] GC(670)   Evacuate Collection Set: 1.1ms
[2024-10-12T11:10:16.274+0800][info] GC(670)   Post Evacuate Collection Set: 0.2ms
[2024-10-12T11:10:16.274+0800][info] GC(670)   Other: 0.2ms
[2024-10-12T11:10:16.274+0800][info] GC(670) Eden regions: 2->0(2)
[2024-10-12T11:10:16.274+0800][info] GC(670) Survivor regions: 1->1(1)
[2024-10-12T11:10:16.274+0800][info] GC(670) Old regions: 49->50
[2024-10-12T11:10:16.274+0800][info] GC(670) Archive regions: 2->2
[2024-10-12T11:10:16.274+0800][info] GC(670) Humongous regions: 3->3
[2024-10-12T11:10:16.274+0800][info] GC(670) Metaspace: 1695K(1856K)->1695K(1856K) NonClass: 1570K(1664K)->1570K(1664K) Class: 124K(192K)->124K(192K)
[2024-10-12T11:10:16.274+0800][info] GC(670) Pause Young (Prepare Mixed) (G1 Evacuation Pause) 98M->98M(128M) 1.796ms
[2024-10-12T11:10:16.274+0800][info] GC(670) User=0.00s Sys=0.00s Real=0.01s
[2024-10-12T11:10:16.336+0800][info] GC(671) Pause Young (Mixed) (G1 Preventive Collection)
[2024-10-12T11:10:16.336+0800][info] GC(671) Using 3 workers of 48 for evacuation
[2024-10-12T11:10:16.342+0800][info] GC(671) To-space exhausted
[2024-10-12T11:10:16.342+0800][info] GC(671)   Pre Evacuate Collection Set: 0.1ms
[2024-10-12T11:10:16.342+0800][info] GC(671)   Merge Heap Roots: 0.1ms
[2024-10-12T11:10:16.342+0800][info] GC(671)   Evacuate Collection Set: 4.3ms
[2024-10-12T11:10:16.342+0800][info] GC(671)   Post Evacuate Collection Set: 1.7ms
[2024-10-12T11:10:16.342+0800][info] GC(671)   Other: 0.2ms
[2024-10-12T11:10:16.342+0800][info] GC(671) Eden regions: 1->0(2)
[2024-10-12T11:10:16.342+0800][info] GC(671) Survivor regions: 1->1(1)
[2024-10-12T11:10:16.342+0800][info] GC(671) Old regions: 50->57
[2024-10-12T11:10:16.342+0800][info] GC(671) Archive regions: 2->2
[2024-10-12T11:10:16.342+0800][info] GC(671) Humongous regions: 3->3
[2024-10-12T11:10:16.342+0800][info] GC(671) Metaspace: 1695K(1856K)->1695K(1856K) NonClass: 1570K(1664K)->1570K(1664K) Class: 124K(192K)->124K(192K)
[2024-10-12T11:10:16.342+0800][info] GC(671) Pause Young (Mixed) (G1 Preventive Collection) 100M->112M(128M) 6.550ms
[2024-10-12T11:10:16.342+0800][info] GC(671) User=0.01s Sys=0.00s Real=0.00s
[2024-10-12T11:10:16.383+0800][info] GC(672) Pause Young (Concurrent Start) (G1 Evacuation Pause)
[2024-10-12T11:10:16.383+0800][info] GC(672) Using 3 workers of 48 for evacuation
[2024-10-12T11:10:16.385+0800][info] GC(672) To-space exhausted
[2024-10-12T11:10:16.385+0800][info] GC(672)   Pre Evacuate Collection Set: 0.1ms
[2024-10-12T11:10:16.385+0800][info] GC(672)   Merge Heap Roots: 0.1ms
[2024-10-12T11:10:16.385+0800][info] GC(672)   Evacuate Collection Set: 0.6ms
[2024-10-12T11:10:16.385+0800][info] GC(672)   Post Evacuate Collection Set: 0.2ms
[2024-10-12T11:10:16.385+0800][info] GC(672)   Other: 0.4ms
[2024-10-12T11:10:16.385+0800][info] GC(672) Eden regions: 1->0(3)
[2024-10-12T11:10:16.385+0800][info] GC(672) Survivor regions: 1->0(0)
[2024-10-12T11:10:16.385+0800][info] GC(672) Old regions: 57->59
[2024-10-12T11:10:16.385+0800][info] GC(672) Archive regions: 2->2
[2024-10-12T11:10:16.385+0800][info] GC(672) Humongous regions: 3->3
[2024-10-12T11:10:16.385+0800][info] GC(672) Metaspace: 1695K(1856K)->1695K(1856K) NonClass: 1570K(1664K)->1570K(1664K) Class: 124K(192K)->124K(192K)
[2024-10-12T11:10:16.385+0800][info] GC(672) Pause Young (Concurrent Start) (G1 Evacuation Pause) 113M->113M(128M) 1.457ms
[2024-10-12T11:10:16.385+0800][info] GC(672) User=0.01s Sys=0.00s Real=0.00s
[2024-10-12T11:10:16.385+0800][info] Attempting full compaction
[2024-10-12T11:10:16.385+0800][info] GC(673) Concurrent Mark Cycle
[2024-10-12T11:10:16.385+0800][info] GC(673) Concurrent Clear Claimed Marks
[2024-10-12T11:10:16.385+0800][info] GC(674) Using 3 workers of 48 for full compaction
[2024-10-12T11:10:16.385+0800][info] GC(673) Concurrent Clear Claimed Marks 0.031ms
[2024-10-12T11:10:16.385+0800][info] GC(673) Concurrent Scan Root Regions
[2024-10-12T11:10:16.385+0800][info] GC(673) Concurrent Scan Root Regions 0.016ms
[2024-10-12T11:10:16.385+0800][info] GC(673) Concurrent Mark
[2024-10-12T11:10:16.385+0800][info] GC(673) Concurrent Mark From Roots
[2024-10-12T11:10:16.385+0800][info] GC(673) Using 12 workers of 12 for marking
[2024-10-12T11:10:16.385+0800][info] GC(674) Pause Full (G1 Compaction Pause)
[2024-10-12T11:10:16.385+0800][info] GC(674) Phase 1: Mark live objects
[2024-10-12T11:10:16.389+0800][info] GC(674) Phase 1: Mark live objects 3.603ms
[2024-10-12T11:10:16.389+0800][info] GC(674) Phase 2: Prepare for compaction
[2024-10-12T11:10:16.390+0800][info] GC(674) Phase 2: Prepare for compaction 0.684ms
[2024-10-12T11:10:16.390+0800][info] GC(674) Phase 3: Adjust pointers
[2024-10-12T11:10:16.392+0800][info] GC(674) Phase 3: Adjust pointers 1.741ms
[2024-10-12T11:10:16.392+0800][info] GC(674) Phase 4: Compact heap
[2024-10-12T11:10:16.405+0800][info] GC(674) Phase 4: Compact heap 13.269ms
[2024-10-12T11:10:16.406+0800][info] GC(674) Eden regions: 0->0(5)
[2024-10-12T11:10:16.406+0800][info] GC(674) Survivor regions: 0->0(0)
[2024-10-12T11:10:16.406+0800][info] GC(674) Old regions: 59->37
[2024-10-12T11:10:16.407+0800][info] GC(674) Archive regions: 2->2
[2024-10-12T11:10:16.407+0800][info] GC(674) Humongous regions: 3->3
[2024-10-12T11:10:16.407+0800][info] GC(674) Metaspace: 1695K(1856K)->1695K(1856K) NonClass: 1570K(1664K)->1570K(1664K) Class: 124K(192K)->124K(192K)
[2024-10-12T11:10:16.407+0800][info] GC(674) Pause Full (G1 Compaction Pause) 113M->71M(128M) 21.652ms
[2024-10-12T11:10:16.407+0800][info] GC(674) User=0.03s Sys=0.01s Real=0.03s
[2024-10-12T11:10:16.407+0800][info] GC(673) Concurrent Mark From Roots 21.870ms
[2024-10-12T11:10:16.407+0800][info] GC(673) Concurrent Mark Abort
[2024-10-12T11:10:16.407+0800][info] GC(673) Concurrent Mark Cycle 22.128ms
[2024-10-12T11:10:16.673+0800][info] GC(675) Pause Young (Normal) (G1 Evacuation Pause)
[2024-10-12T11:10:16.673+0800][info] GC(675) Using 3 workers of 48 for evacuation
[2024-10-12T11:10:16.675+0800][info] GC(675)   Pre Evacuate Collection Set: 0.1ms
[2024-10-12T11:10:16.675+0800][info] GC(675)   Merge Heap Roots: 0.0ms
[2024-10-12T11:10:16.675+0800][info] GC(675)   Evacuate Collection Set: 1.5ms
[2024-10-12T11:10:16.675+0800][info] GC(675)   Post Evacuate Collection Set: 0.2ms
[2024-10-12T11:10:16.675+0800][info] GC(675)   Other: 0.2ms
[2024-10-12T11:10:16.676+0800][info] GC(675) Eden regions: 5->0(3)
[2024-10-12T11:10:16.676+0800][info] GC(675) Survivor regions: 0->1(1)
[2024-10-12T11:10:16.676+0800][info] GC(675) Old regions: 37->41
[2024-10-12T11:10:16.676+0800][info] GC(675) Archive regions: 2->2
[2024-10-12T11:10:16.676+0800][info] GC(675) Humongous regions: 3->3
[2024-10-12T11:10:16.676+0800][info] GC(675) Metaspace: 1695K(1856K)->1695K(1856K) NonClass: 1570K(1664K)->1570K(1664K) Class: 124K(192K)->124K(192K)
[2024-10-12T11:10:16.676+0800][info] GC(675) Pause Young (Normal) (G1 Evacuation Pause) 80M->80M(128M) 2.249ms
[2024-10-12T11:10:16.676+0800][info] GC(675) User=0.00s Sys=0.00s Real=0.00s
[2024-10-12T11:10:16.839+0800][info] GC(676) Pause Young (Normal) (G1 Evacuation Pause)
[2024-10-12T11:10:16.839+0800][info] GC(676) Using 3 workers of 48 for evacuation
[2024-10-12T11:10:16.841+0800][info] GC(676)   Pre Evacuate Collection Set: 0.1ms
[2024-10-12T11:10:16.841+0800][info] GC(676)   Merge Heap Roots: 0.1ms
[2024-10-12T11:10:16.841+0800][info] GC(676)   Evacuate Collection Set: 1.0ms
[2024-10-12T11:10:16.841+0800][info] GC(676)   Post Evacuate Collection Set: 0.2ms
[2024-10-12T11:10:16.841+0800][info] GC(676)   Other: 0.2ms
[2024-10-12T11:10:16.841+0800][info] GC(676) Eden regions: 3->0(2)
[2024-10-12T11:10:16.841+0800][info] GC(676) Survivor regions: 1->1(1)
[2024-10-12T11:10:16.841+0800][info] GC(676) Old regions: 41->44
[2024-10-12T11:10:16.841+0800][info] GC(676) Archive regions: 2->2
[2024-10-12T11:10:16.841+0800][info] GC(676) Humongous regions: 3->3
[2024-10-12T11:10:16.841+0800][info] GC(676) Metaspace: 1695K(1856K)->1695K(1856K) NonClass: 1570K(1664K)->1570K(1664K) Class: 124K(192K)->124K(192K)
[2024-10-12T11:10:16.841+0800][info] GC(676) Pause Young (Normal) (G1 Evacuation Pause) 86M->86M(128M) 1.692ms
[2024-10-12T11:10:16.841+0800][info] GC(676) User=0.01s Sys=0.00s Real=0.00s
[2024-10-12T11:10:16.943+0800][info] GC(677) Pause Young (Normal) (G1 Evacuation Pause)
[2024-10-12T11:10:16.943+0800][info] GC(677) Using 3 workers of 48 for evacuation
[2024-10-12T11:10:16.945+0800][info] GC(677)   Pre Evacuate Collection Set: 0.1ms
[2024-10-12T11:10:16.945+0800][info] GC(677)   Merge Heap Roots: 0.1ms
[2024-10-12T11:10:16.945+0800][info] GC(677)   Evacuate Collection Set: 0.9ms
[2024-10-12T11:10:16.945+0800][info] GC(677)   Post Evacuate Collection Set: 0.2ms
[2024-10-12T11:10:16.945+0800][info] GC(677)   Other: 0.2ms
[2024-10-12T11:10:16.945+0800][info] GC(677) Eden regions: 2->0(2)
[2024-10-12T11:10:16.945+0800][info] GC(677) Survivor regions: 1->1(1)
[2024-10-12T11:10:16.945+0800][info] GC(677) Old regions: 44->46
[2024-10-12T11:10:16.945+0800][info] GC(677) Archive regions: 2->2
[2024-10-12T11:10:16.945+0800][info] GC(677) Humongous regions: 3->3
[2024-10-12T11:10:16.945+0800][info] GC(677) Metaspace: 1695K(1856K)->1695K(1856K) NonClass: 1570K(1664K)->1570K(1664K) Class: 124K(192K)->124K(192K)
[2024-10-12T11:10:16.945+0800][info] GC(677) Pause Young (Normal) (G1 Evacuation Pause) 90M->90M(128M) 1.543ms
[2024-10-12T11:10:16.945+0800][info] GC(677) User=0.00s Sys=0.00s Real=0.00s
[2024-10-12T11:10:17.047+0800][info] GC(678) Pause Young (Concurrent Start) (G1 Evacuation Pause)
[2024-10-12T11:10:17.047+0800][info] GC(678) Using 3 workers of 48 for evacuation
[2024-10-12T11:10:17.048+0800][info] GC(678)   Pre Evacuate Collection Set: 0.1ms
[2024-10-12T11:10:17.048+0800][info] GC(678)   Merge Heap Roots: 0.1ms
[2024-10-12T11:10:17.048+0800][info] GC(678)   Evacuate Collection Set: 0.8ms
[2024-10-12T11:10:17.048+0800][info] GC(678)   Post Evacuate Collection Set: 0.2ms
[2024-10-12T11:10:17.048+0800][info] GC(678)   Other: 0.4ms
[2024-10-12T11:10:17.048+0800][info] GC(678) Eden regions: 2->0(2)
[2024-10-12T11:10:17.048+0800][info] GC(678) Survivor regions: 1->1(1)
[2024-10-12T11:10:17.048+0800][info] GC(678) Old regions: 46->48
[2024-10-12T11:10:17.048+0800][info] GC(678) Archive regions: 2->2
[2024-10-12T11:10:17.048+0800][info] GC(678) Humongous regions: 3->3
[2024-10-12T11:10:17.048+0800][info] GC(678) Metaspace: 1695K(1856K)->1695K(1856K) NonClass: 1570K(1664K)->1570K(1664K) Class: 124K(192K)->124K(192K)
[2024-10-12T11:10:17.049+0800][info] GC(678) Pause Young (Concurrent Start) (G1 Evacuation Pause) 93M->94M(128M) 1.657ms
[2024-10-12T11:10:17.049+0800][info] GC(678) User=0.01s Sys=0.00s Real=0.00s
[2024-10-12T11:10:17.049+0800][info] GC(679) Concurrent Mark Cycle
[2024-10-12T11:10:17.049+0800][info] GC(679) Concurrent Clear Claimed Marks
[2024-10-12T11:10:17.049+0800][info] GC(679) Concurrent Clear Claimed Marks 0.018ms
[2024-10-12T11:10:17.049+0800][info] GC(679) Concurrent Scan Root Regions
[2024-10-12T11:10:17.049+0800][info] GC(679) Concurrent Scan Root Regions 0.174ms
[2024-10-12T11:10:17.049+0800][info] GC(679) Concurrent Mark
[2024-10-12T11:10:17.049+0800][info] GC(679) Concurrent Mark From Roots
[2024-10-12T11:10:17.049+0800][info] GC(679) Using 12 workers of 12 for marking
[2024-10-12T11:10:17.053+0800][info] GC(679) Concurrent Mark From Roots 3.990ms
[2024-10-12T11:10:17.053+0800][info] GC(679) Concurrent Preclean
[2024-10-12T11:10:17.055+0800][info] GC(679) Concurrent Preclean 1.718ms
[2024-10-12T11:10:17.055+0800][info] GC(679) Pause Remark
[2024-10-12T11:10:17.056+0800][info] GC(679) Pause Remark 94M->94M(128M) 1.499ms
[2024-10-12T11:10:17.056+0800][info] GC(679) User=0.01s Sys=0.00s Real=0.00s
[2024-10-12T11:10:17.056+0800][info] GC(679) Concurrent Mark 7.384ms
[2024-10-12T11:10:17.056+0800][info] GC(679) Concurrent Rebuild Remembered Sets
[2024-10-12T11:10:17.058+0800][info] GC(679) Concurrent Rebuild Remembered Sets 1.330ms
[2024-10-12T11:10:17.058+0800][info] GC(679) Pause Cleanup
[2024-10-12T11:10:17.058+0800][info] GC(679) Pause Cleanup 94M->94M(128M) 0.171ms
[2024-10-12T11:10:17.058+0800][info] GC(679) User=0.00s Sys=0.00s Real=0.00s
[2024-10-12T11:10:17.058+0800][info] GC(679) Concurrent Cleanup for Next Mark
[2024-10-12T11:10:17.058+0800][info] GC(679) Concurrent Cleanup for Next Mark 0.363ms
[2024-10-12T11:10:17.058+0800][info] GC(679) Concurrent Mark Cycle 9.731ms
[2024-10-12T11:10:17.202+0800][info] GC(680) Pause Young (Prepare Mixed) (G1 Evacuation Pause)
[2024-10-12T11:10:17.202+0800][info] GC(680) Using 3 workers of 48 for evacuation
[2024-10-12T11:10:17.203+0800][info] GC(680)   Pre Evacuate Collection Set: 0.1ms
[2024-10-12T11:10:17.203+0800][info] GC(680)   Merge Heap Roots: 0.1ms
[2024-10-12T11:10:17.203+0800][info] GC(680)   Evacuate Collection Set: 1.0ms
[2024-10-12T11:10:17.203+0800][info] GC(680)   Post Evacuate Collection Set: 0.2ms
[2024-10-12T11:10:17.203+0800][info] GC(680)   Other: 0.2ms
[2024-10-12T11:10:17.203+0800][info] GC(680) Eden regions: 2->0(2)
[2024-10-12T11:10:17.203+0800][info] GC(680) Survivor regions: 1->1(1)
[2024-10-12T11:10:17.203+0800][info] GC(680) Old regions: 48->50
[2024-10-12T11:10:17.203+0800][info] GC(680) Archive regions: 2->2
[2024-10-12T11:10:17.203+0800][info] GC(680) Humongous regions: 3->3
[2024-10-12T11:10:17.203+0800][info] GC(680) Metaspace: 1695K(1856K)->1695K(1856K) NonClass: 1570K(1664K)->1570K(1664K) Class: 124K(192K)->124K(192K)
[2024-10-12T11:10:17.203+0800][info] GC(680) Pause Young (Prepare Mixed) (G1 Evacuation Pause) 97M->98M(128M) 1.670ms
[2024-10-12T11:10:17.203+0800][info] GC(680) User=0.00s Sys=0.00s Real=0.00s
[2024-10-12T11:10:17.264+0800][info] GC(681) Pause Young (Mixed) (G1 Preventive Collection)
[2024-10-12T11:10:17.264+0800][info] GC(681) Using 3 workers of 48 for evacuation
[2024-10-12T11:10:17.270+0800][info] GC(681) To-space exhausted
[2024-10-12T11:10:17.270+0800][info] GC(681)   Pre Evacuate Collection Set: 0.1ms
[2024-10-12T11:10:17.270+0800][info] GC(681)   Merge Heap Roots: 0.1ms
[2024-10-12T11:10:17.270+0800][info] GC(681)   Evacuate Collection Set: 4.3ms
[2024-10-12T11:10:17.270+0800][info] GC(681)   Post Evacuate Collection Set: 1.0ms
[2024-10-12T11:10:17.270+0800][info] GC(681)   Other: 0.2ms
[2024-10-12T11:10:17.270+0800][info] GC(681) Eden regions: 1->0(2)
[2024-10-12T11:10:17.270+0800][info] GC(681) Survivor regions: 1->1(1)
[2024-10-12T11:10:17.270+0800][info] GC(681) Old regions: 50->56
[2024-10-12T11:10:17.270+0800][info] GC(681) Archive regions: 2->2
[2024-10-12T11:10:17.270+0800][info] GC(681) Humongous regions: 3->3
[2024-10-12T11:10:17.270+0800][info] GC(681) Metaspace: 1695K(1856K)->1695K(1856K) NonClass: 1570K(1664K)->1570K(1664K) Class: 124K(192K)->124K(192K)
[2024-10-12T11:10:17.270+0800][info] GC(681) Pause Young (Mixed) (G1 Preventive Collection) 100M->111M(128M) 5.852ms
[2024-10-12T11:10:17.270+0800][info] GC(681) User=0.01s Sys=0.00s Real=0.01s
[2024-10-12T11:10:17.311+0800][info] GC(682) Pause Young (Concurrent Start) (G1 Preventive Collection)
[2024-10-12T11:10:17.312+0800][info] GC(682) Using 3 workers of 48 for evacuation
[2024-10-12T11:10:17.313+0800][info] GC(682) To-space exhausted
[2024-10-12T11:10:17.313+0800][info] GC(682)   Pre Evacuate Collection Set: 0.1ms
[2024-10-12T11:10:17.313+0800][info] GC(682)   Merge Heap Roots: 0.1ms
[2024-10-12T11:10:17.313+0800][info] GC(682)   Evacuate Collection Set: 0.6ms
[2024-10-12T11:10:17.313+0800][info] GC(682)   Post Evacuate Collection Set: 0.2ms
[2024-10-12T11:10:17.313+0800][info] GC(682)   Other: 0.4ms
[2024-10-12T11:10:17.313+0800][info] GC(682) Eden regions: 1->0(2)
[2024-10-12T11:10:17.313+0800][info] GC(682) Survivor regions: 1->1(1)
[2024-10-12T11:10:17.313+0800][info] GC(682) Old regions: 56->57
[2024-10-12T11:10:17.313+0800][info] GC(682) Archive regions: 2->2
[2024-10-12T11:10:17.313+0800][info] GC(682) Humongous regions: 3->3
[2024-10-12T11:10:17.313+0800][info] GC(682) Metaspace: 1695K(1856K)->1695K(1856K) NonClass: 1570K(1664K)->1570K(1664K) Class: 124K(192K)->124K(192K)
[2024-10-12T11:10:17.313+0800][info] GC(682) Pause Young (Concurrent Start) (G1 Preventive Collection) 112M->112M(128M) 1.421ms
[2024-10-12T11:10:17.313+0800][info] GC(682) User=0.01s Sys=0.00s Real=0.00s
[2024-10-12T11:10:17.313+0800][info] GC(683) Concurrent Mark Cycle
[2024-10-12T11:10:17.313+0800][info] GC(683) Concurrent Clear Claimed Marks
[2024-10-12T11:10:17.313+0800][info] GC(683) Concurrent Clear Claimed Marks 0.018ms
[2024-10-12T11:10:17.313+0800][info] GC(683) Concurrent Scan Root Regions
[2024-10-12T11:10:17.313+0800][info] GC(683) Concurrent Scan Root Regions 0.156ms
[2024-10-12T11:10:17.313+0800][info] GC(683) Concurrent Mark
[2024-10-12T11:10:17.313+0800][info] GC(683) Concurrent Mark From Roots
[2024-10-12T11:10:17.313+0800][info] GC(683) Using 12 workers of 12 for marking
[2024-10-12T11:10:17.319+0800][info] GC(683) Concurrent Mark From Roots 5.426ms
[2024-10-12T11:10:17.319+0800][info] GC(683) Concurrent Preclean
[2024-10-12T11:10:17.320+0800][info] GC(683) Concurrent Preclean 1.704ms
[2024-10-12T11:10:17.320+0800][info] GC(683) Pause Remark
[2024-10-12T11:10:17.322+0800][info] GC(683) Pause Remark 113M->113M(128M) 1.502ms
[2024-10-12T11:10:17.322+0800][info] GC(683) User=0.01s Sys=0.00s Real=0.00s
[2024-10-12T11:10:17.322+0800][info] GC(683) Concurrent Mark 8.850ms
[2024-10-12T11:10:17.322+0800][info] GC(683) Concurrent Rebuild Remembered Sets
[2024-10-12T11:10:17.323+0800][info] GC(683) Concurrent Rebuild Remembered Sets 1.009ms
[2024-10-12T11:10:17.323+0800][info] GC(683) Pause Cleanup
[2024-10-12T11:10:17.323+0800][info] GC(683) Pause Cleanup 113M->113M(128M) 0.219ms
[2024-10-12T11:10:17.323+0800][info] GC(683) User=0.00s Sys=0.00s Real=0.00s
[2024-10-12T11:10:17.323+0800][info] GC(683) Concurrent Cleanup for Next Mark
[2024-10-12T11:10:17.324+0800][info] GC(683) Concurrent Cleanup for Next Mark 0.484ms
[2024-10-12T11:10:17.324+0800][info] GC(683) Concurrent Mark Cycle 10.965ms
[2024-10-12T11:10:17.425+0800][info] GC(684) Pause Young (Prepare Mixed) (G1 Evacuation Pause)
[2024-10-12T11:10:17.425+0800][info] GC(684) Using 3 workers of 48 for evacuation
[2024-10-12T11:10:17.426+0800][info] GC(684) To-space exhausted
[2024-10-12T11:10:17.426+0800][info] GC(684)   Pre Evacuate Collection Set: 0.1ms
[2024-10-12T11:10:17.426+0800][info] GC(684)   Merge Heap Roots: 0.1ms
[2024-10-12T11:10:17.426+0800][info] GC(684)   Evacuate Collection Set: 0.2ms
[2024-10-12T11:10:17.426+0800][info] GC(684)   Post Evacuate Collection Set: 0.2ms
[2024-10-12T11:10:17.426+0800][info] GC(684)   Other: 0.2ms
[2024-10-12T11:10:17.426+0800][info] GC(684) Eden regions: 1->0(3)
[2024-10-12T11:10:17.426+0800][info] GC(684) Survivor regions: 1->0(0)
[2024-10-12T11:10:17.426+0800][info] GC(684) Old regions: 57->59
[2024-10-12T11:10:17.426+0800][info] GC(684) Archive regions: 2->2
[2024-10-12T11:10:17.426+0800][info] GC(684) Humongous regions: 3->3
[2024-10-12T11:10:17.426+0800][info] GC(684) Metaspace: 1695K(1856K)->1695K(1856K) NonClass: 1570K(1664K)->1570K(1664K) Class: 124K(192K)->124K(192K)
[2024-10-12T11:10:17.426+0800][info] GC(684) Pause Young (Prepare Mixed) (G1 Evacuation Pause) 114M->114M(128M) 0.921ms
[2024-10-12T11:10:17.426+0800][info] GC(684) User=0.00s Sys=0.00s Real=0.00s
[2024-10-12T11:10:17.426+0800][info] Attempting full compaction
[2024-10-12T11:10:17.426+0800][info] GC(685) Using 3 workers of 48 for full compaction
[2024-10-12T11:10:17.426+0800][info] GC(685) Pause Full (G1 Compaction Pause)
[2024-10-12T11:10:17.426+0800][info] GC(685) Phase 1: Mark live objects
[2024-10-12T11:10:17.430+0800][info] GC(685) Phase 1: Mark live objects 3.305ms
[2024-10-12T11:10:17.430+0800][info] GC(685) Phase 2: Prepare for compaction
[2024-10-12T11:10:17.430+0800][info] GC(685) Phase 2: Prepare for compaction 0.582ms
[2024-10-12T11:10:17.430+0800][info] GC(685) Phase 3: Adjust pointers
[2024-10-12T11:10:17.432+0800][info] GC(685) Phase 3: Adjust pointers 1.700ms
[2024-10-12T11:10:17.432+0800][info] GC(685) Phase 4: Compact heap
[2024-10-12T11:10:17.445+0800][info] GC(685) Phase 4: Compact heap 12.623ms
[2024-10-12T11:10:17.446+0800][info] GC(685) Eden regions: 0->0(5)
[2024-10-12T11:10:17.446+0800][info] GC(685) Survivor regions: 0->0(0)
[2024-10-12T11:10:17.446+0800][info] GC(685) Old regions: 59->36
[2024-10-12T11:10:17.446+0800][info] GC(685) Archive regions: 2->2
[2024-10-12T11:10:17.446+0800][info] GC(685) Humongous regions: 3->3
[2024-10-12T11:10:17.446+0800][info] GC(685) Metaspace: 1695K(1856K)->1695K(1856K) NonClass: 1570K(1664K)->1570K(1664K) Class: 124K(192K)->124K(192K)
[2024-10-12T11:10:17.446+0800][info] GC(685) Pause Full (G1 Compaction Pause) 114M->70M(128M) 19.978ms
[2024-10-12T11:10:17.446+0800][info] GC(685) User=0.05s Sys=0.00s Real=0.02s
[2024-10-12T11:10:17.714+0800][info] GC(686) Pause Young (Normal) (G1 Evacuation Pause)
[2024-10-12T11:10:17.714+0800][info] GC(686) Using 3 workers of 48 for evacuation
[2024-10-12T11:10:17.716+0800][info] GC(686)   Pre Evacuate Collection Set: 0.1ms
[2024-10-12T11:10:17.716+0800][info] GC(686)   Merge Heap Roots: 0.1ms
[2024-10-12T11:10:17.716+0800][info] GC(686)   Evacuate Collection Set: 1.4ms
[2024-10-12T11:10:17.716+0800][info] GC(686)   Post Evacuate Collection Set: 0.2ms
[2024-10-12T11:10:17.716+0800][info] GC(686)   Other: 0.2ms
[2024-10-12T11:10:17.716+0800][info] GC(686) Eden regions: 5->0(2)
[2024-10-12T11:10:17.716+0800][info] GC(686) Survivor regions: 0->1(1)
[2024-10-12T11:10:17.716+0800][info] GC(686) Old regions: 36->40
[2024-10-12T11:10:17.716+0800][info] GC(686) Archive regions: 2->2
[2024-10-12T11:10:17.716+0800][info] GC(686) Humongous regions: 4->4
[2024-10-12T11:10:17.716+0800][info] GC(686) Metaspace: 1695K(1856K)->1695K(1856K) NonClass: 1570K(1664K)->1570K(1664K) Class: 124K(192K)->124K(192K)
[2024-10-12T11:10:17.716+0800][info] GC(686) Pause Young (Normal) (G1 Evacuation Pause) 82M->82M(128M) 2.117ms
[2024-10-12T11:10:17.716+0800][info] GC(686) User=0.00s Sys=0.00s Real=0.00s
[2024-10-12T11:10:17.818+0800][info] GC(687) Pause Young (Normal) (G1 Evacuation Pause)
[2024-10-12T11:10:17.818+0800][info] GC(687) Using 3 workers of 48 for evacuation
[2024-10-12T11:10:17.819+0800][info] GC(687)   Pre Evacuate Collection Set: 0.1ms
[2024-10-12T11:10:17.819+0800][info] GC(687)   Merge Heap Roots: 0.0ms
[2024-10-12T11:10:17.819+0800][info] GC(687)   Evacuate Collection Set: 0.8ms
[2024-10-12T11:10:17.820+0800][info] GC(687)   Post Evacuate Collection Set: 0.2ms
[2024-10-12T11:10:17.820+0800][info] GC(687)   Other: 0.2ms
[2024-10-12T11:10:17.820+0800][info] GC(687) Eden regions: 2->0(2)
[2024-10-12T11:10:17.820+0800][info] GC(687) Survivor regions: 1->1(1)
[2024-10-12T11:10:17.820+0800][info] GC(687) Old regions: 40->42
[2024-10-12T11:10:17.820+0800][info] GC(687) Archive regions: 2->2
[2024-10-12T11:10:17.820+0800][info] GC(687) Humongous regions: 4->4
[2024-10-12T11:10:17.820+0800][info] GC(687) Metaspace: 1695K(1856K)->1695K(1856K) NonClass: 1570K(1664K)->1570K(1664K) Class: 124K(192K)->124K(192K)
[2024-10-12T11:10:17.820+0800][info] GC(687) Pause Young (Normal) (G1 Evacuation Pause) 85M->85M(128M) 1.487ms
[2024-10-12T11:10:17.820+0800][info] GC(687) User=0.00s Sys=0.00s Real=0.00s
[2024-10-12T11:10:17.922+0800][info] GC(688) Pause Young (Normal) (G1 Evacuation Pause)
[2024-10-12T11:10:17.922+0800][info] GC(688) Using 3 workers of 48 for evacuation
[2024-10-12T11:10:17.923+0800][info] GC(688)   Pre Evacuate Collection Set: 0.1ms
[2024-10-12T11:10:17.923+0800][info] GC(688)   Merge Heap Roots: 0.0ms
[2024-10-12T11:10:17.923+0800][info] GC(688)   Evacuate Collection Set: 1.0ms
[2024-10-12T11:10:17.923+0800][info] GC(688)   Post Evacuate Collection Set: 0.2ms
[2024-10-12T11:10:17.923+0800][info] GC(688)   Other: 0.2ms
[2024-10-12T11:10:17.923+0800][info] GC(688) Eden regions: 2->0(2)
[2024-10-12T11:10:17.923+0800][info] GC(688) Survivor regions: 1->1(1)
[2024-10-12T11:10:17.924+0800][info] GC(688) Old regions: 42->44
[2024-10-12T11:10:17.924+0800][info] GC(688) Archive regions: 2->2
[2024-10-12T11:10:17.924+0800][info] GC(688) Humongous regions: 4->4
[2024-10-12T11:10:17.924+0800][info] GC(688) Metaspace: 1695K(1856K)->1695K(1856K) NonClass: 1570K(1664K)->1570K(1664K) Class: 124K(192K)->124K(192K)
[2024-10-12T11:10:17.924+0800][info] GC(688) Pause Young (Normal) (G1 Evacuation Pause) 89M->89M(128M) 1.674ms
[2024-10-12T11:10:17.924+0800][info] GC(688) User=0.00s Sys=0.01s Real=0.00s
[2024-10-12T11:10:18.026+0800][info] GC(689) Pause Young (Normal) (G1 Evacuation Pause)
[2024-10-12T11:10:18.026+0800][info] GC(689) Using 3 workers of 48 for evacuation
[2024-10-12T11:10:18.027+0800][info] GC(689)   Pre Evacuate Collection Set: 0.1ms
[2024-10-12T11:10:18.027+0800][info] GC(689)   Merge Heap Roots: 0.1ms
[2024-10-12T11:10:18.027+0800][info] GC(689)   Evacuate Collection Set: 0.8ms
[2024-10-12T11:10:18.027+0800][info] GC(689)   Post Evacuate Collection Set: 0.2ms
[2024-10-12T11:10:18.027+0800][info] GC(689)   Other: 0.2ms
[2024-10-12T11:10:18.027+0800][info] GC(689) Eden regions: 2->0(2)
[2024-10-12T11:10:18.027+0800][info] GC(689) Survivor regions: 1->1(1)
[2024-10-12T11:10:18.027+0800][info] GC(689) Old regions: 44->46
[2024-10-12T11:10:18.027+0800][info] GC(689) Archive regions: 2->2
[2024-10-12T11:10:18.027+0800][info] GC(689) Humongous regions: 4->4
[2024-10-12T11:10:18.027+0800][info] GC(689) Metaspace: 1695K(1856K)->1695K(1856K) NonClass: 1570K(1664K)->1570K(1664K) Class: 124K(192K)->124K(192K)
[2024-10-12T11:10:18.027+0800][info] GC(689) Pause Young (Normal) (G1 Evacuation Pause) 93M->93M(128M) 1.455ms
[2024-10-12T11:10:18.027+0800][info] GC(689) User=0.01s Sys=0.00s Real=0.00s
[2024-10-12T11:10:18.129+0800][info] GC(690) Pause Young (Concurrent Start) (G1 Evacuation Pause)
[2024-10-12T11:10:18.129+0800][info] GC(690) Using 3 workers of 48 for evacuation
[2024-10-12T11:10:18.131+0800][info] GC(690)   Pre Evacuate Collection Set: 0.1ms
[2024-10-12T11:10:18.131+0800][info] GC(690)   Merge Heap Roots: 0.1ms
[2024-10-12T11:10:18.131+0800][info] GC(690)   Evacuate Collection Set: 1.1ms
[2024-10-12T11:10:18.131+0800][info] GC(690)   Post Evacuate Collection Set: 0.2ms
[2024-10-12T11:10:18.131+0800][info] GC(690)   Other: 0.4ms
[2024-10-12T11:10:18.131+0800][info] GC(690) Eden regions: 2->0(2)
[2024-10-12T11:10:18.131+0800][info] GC(690) Survivor regions: 1->1(1)
[2024-10-12T11:10:18.131+0800][info] GC(690) Old regions: 46->48
[2024-10-12T11:10:18.131+0800][info] GC(690) Archive regions: 2->2
[2024-10-12T11:10:18.131+0800][info] GC(690) Humongous regions: 4->4
[2024-10-12T11:10:18.131+0800][info] GC(690) Metaspace: 1695K(1856K)->1695K(1856K) NonClass: 1570K(1664K)->1570K(1664K) Class: 124K(192K)->124K(192K)
[2024-10-12T11:10:18.131+0800][info] GC(690) Pause Young (Concurrent Start) (G1 Evacuation Pause) 97M->97M(128M) 1.971ms
[2024-10-12T11:10:18.131+0800][info] GC(690) User=0.00s Sys=0.00s Real=0.00s
[2024-10-12T11:10:18.131+0800][info] GC(691) Concurrent Mark Cycle
[2024-10-12T11:10:18.131+0800][info] GC(691) Concurrent Clear Claimed Marks
[2024-10-12T11:10:18.131+0800][info] GC(691) Concurrent Clear Claimed Marks 0.019ms
[2024-10-12T11:10:18.131+0800][info] GC(691) Concurrent Scan Root Regions
[2024-10-12T11:10:18.132+0800][info] GC(691) Concurrent Scan Root Regions 0.177ms
[2024-10-12T11:10:18.132+0800][info] GC(691) Concurrent Mark
[2024-10-12T11:10:18.132+0800][info] GC(691) Concurrent Mark From Roots
[2024-10-12T11:10:18.132+0800][info] GC(691) Using 12 workers of 12 for marking
[2024-10-12T11:10:18.136+0800][info] GC(691) Concurrent Mark From Roots 3.906ms
[2024-10-12T11:10:18.136+0800][info] GC(691) Concurrent Preclean
[2024-10-12T11:10:18.137+0800][info] GC(691) Concurrent Preclean 1.782ms
[2024-10-12T11:10:18.137+0800][info] GC(691) Pause Remark
[2024-10-12T11:10:18.139+0800][info] GC(691) Pause Remark 98M->96M(128M) 1.488ms
[2024-10-12T11:10:18.139+0800][info] GC(691) User=0.00s Sys=0.00s Real=0.00s
[2024-10-12T11:10:18.139+0800][info] GC(691) Concurrent Mark 7.353ms
[2024-10-12T11:10:18.139+0800][info] GC(691) Concurrent Rebuild Remembered Sets
[2024-10-12T11:10:18.140+0800][info] GC(691) Concurrent Rebuild Remembered Sets 1.240ms
[2024-10-12T11:10:18.140+0800][info] GC(691) Pause Cleanup
[2024-10-12T11:10:18.140+0800][info] GC(691) Pause Cleanup 96M->96M(128M) 0.175ms
[2024-10-12T11:10:18.140+0800][info] GC(691) User=0.00s Sys=0.00s Real=0.00s
[2024-10-12T11:10:18.141+0800][info] GC(691) Concurrent Cleanup for Next Mark
[2024-10-12T11:10:18.141+0800][info] GC(691) Concurrent Cleanup for Next Mark 0.468ms
[2024-10-12T11:10:18.141+0800][info] GC(691) Concurrent Mark Cycle 9.721ms
[2024-10-12T11:10:18.284+0800][info] GC(692) Pause Young (Prepare Mixed) (G1 Evacuation Pause)
[2024-10-12T11:10:18.284+0800][info] GC(692) Using 3 workers of 48 for evacuation
[2024-10-12T11:10:18.286+0800][info] GC(692)   Pre Evacuate Collection Set: 0.1ms
[2024-10-12T11:10:18.286+0800][info] GC(692)   Merge Heap Roots: 0.1ms
[2024-10-12T11:10:18.286+0800][info] GC(692)   Evacuate Collection Set: 1.1ms
[2024-10-12T11:10:18.286+0800][info] GC(692)   Post Evacuate Collection Set: 0.2ms
[2024-10-12T11:10:18.286+0800][info] GC(692)   Other: 0.2ms
[2024-10-12T11:10:18.286+0800][info] GC(692) Eden regions: 2->0(2)
[2024-10-12T11:10:18.286+0800][info] GC(692) Survivor regions: 1->1(1)
[2024-10-12T11:10:18.286+0800][info] GC(692) Old regions: 48->50
[2024-10-12T11:10:18.286+0800][info] GC(692) Archive regions: 2->2
[2024-10-12T11:10:18.286+0800][info] GC(692) Humongous regions: 3->3
[2024-10-12T11:10:18.286+0800][info] GC(692) Metaspace: 1695K(1856K)->1695K(1856K) NonClass: 1570K(1664K)->1570K(1664K) Class: 124K(192K)->124K(192K)
[2024-10-12T11:10:18.286+0800][info] GC(692) Pause Young (Prepare Mixed) (G1 Evacuation Pause) 99M->99M(128M) 1.787ms
[2024-10-12T11:10:18.286+0800][info] GC(692) User=0.00s Sys=0.00s Real=0.01s
[2024-10-12T11:10:18.347+0800][info] GC(693) Pause Young (Mixed) (G1 Preventive Collection)
[2024-10-12T11:10:18.347+0800][info] GC(693) Using 3 workers of 48 for evacuation
[2024-10-12T11:10:18.353+0800][info] GC(693) To-space exhausted
[2024-10-12T11:10:18.353+0800][info] GC(693)   Pre Evacuate Collection Set: 0.1ms
[2024-10-12T11:10:18.353+0800][info] GC(693)   Merge Heap Roots: 0.1ms
[2024-10-12T11:10:18.353+0800][info] GC(693)   Evacuate Collection Set: 4.3ms
[2024-10-12T11:10:18.353+0800][info] GC(693)   Post Evacuate Collection Set: 1.6ms
[2024-10-12T11:10:18.353+0800][info] GC(693)   Other: 0.2ms
[2024-10-12T11:10:18.353+0800][info] GC(693) Eden regions: 1->0(2)
[2024-10-12T11:10:18.353+0800][info] GC(693) Survivor regions: 1->1(1)
[2024-10-12T11:10:18.353+0800][info] GC(693) Old regions: 50->55
[2024-10-12T11:10:18.353+0800][info] GC(693) Archive regions: 2->2
[2024-10-12T11:10:18.353+0800][info] GC(693) Humongous regions: 3->3
[2024-10-12T11:10:18.353+0800][info] GC(693) Metaspace: 1695K(1856K)->1695K(1856K) NonClass: 1570K(1664K)->1570K(1664K) Class: 124K(192K)->124K(192K)
[2024-10-12T11:10:18.354+0800][info] GC(693) Pause Young (Mixed) (G1 Preventive Collection) 101M->110M(128M) 6.403ms
[2024-10-12T11:10:18.354+0800][info] GC(693) User=0.01s Sys=0.00s Real=0.01s
[2024-10-12T11:10:18.395+0800][info] GC(694) Pause Young (Concurrent Start) (G1 Preventive Collection)
[2024-10-12T11:10:18.395+0800][info] GC(694) Using 3 workers of 48 for evacuation
[2024-10-12T11:10:18.397+0800][info] GC(694)   Pre Evacuate Collection Set: 0.1ms
[2024-10-12T11:10:18.397+0800][info] GC(694)   Merge Heap Roots: 0.1ms
[2024-10-12T11:10:18.397+0800][info] GC(694)   Evacuate Collection Set: 1.2ms
[2024-10-12T11:10:18.397+0800][info] GC(694)   Post Evacuate Collection Set: 0.2ms
[2024-10-12T11:10:18.397+0800][info] GC(694)   Other: 0.4ms
[2024-10-12T11:10:18.397+0800][info] GC(694) Eden regions: 1->0(2)
[2024-10-12T11:10:18.397+0800][info] GC(694) Survivor regions: 1->1(1)
[2024-10-12T11:10:18.397+0800][info] GC(694) Old regions: 55->56
[2024-10-12T11:10:18.397+0800][info] GC(694) Archive regions: 2->2
[2024-10-12T11:10:18.397+0800][info] GC(694) Humongous regions: 3->3
[2024-10-12T11:10:18.397+0800][info] GC(694) Metaspace: 1695K(1856K)->1695K(1856K) NonClass: 1570K(1664K)->1570K(1664K) Class: 124K(192K)->124K(192K)
[2024-10-12T11:10:18.397+0800][info] GC(694) Pause Young (Concurrent Start) (G1 Preventive Collection) 112M->111M(128M) 2.083ms
[2024-10-12T11:10:18.397+0800][info] GC(694) User=0.01s Sys=0.00s Real=0.00s
[2024-10-12T11:10:18.397+0800][info] GC(695) Concurrent Mark Cycle
[2024-10-12T11:10:18.397+0800][info] GC(695) Concurrent Clear Claimed Marks
[2024-10-12T11:10:18.397+0800][info] GC(695) Concurrent Clear Claimed Marks 0.014ms
[2024-10-12T11:10:18.397+0800][info] GC(695) Concurrent Scan Root Regions
[2024-10-12T11:10:18.398+0800][info] GC(695) Concurrent Scan Root Regions 0.167ms
[2024-10-12T11:10:18.398+0800][info] GC(695) Concurrent Mark
[2024-10-12T11:10:18.398+0800][info] GC(695) Concurrent Mark From Roots
[2024-10-12T11:10:18.398+0800][info] GC(695) Using 12 workers of 12 for marking
[2024-10-12T11:10:18.402+0800][info] GC(695) Concurrent Mark From Roots 4.759ms
[2024-10-12T11:10:18.402+0800][info] GC(695) Concurrent Preclean
[2024-10-12T11:10:18.404+0800][info] GC(695) Concurrent Preclean 1.681ms
[2024-10-12T11:10:18.404+0800][info] GC(695) Pause Remark
[2024-10-12T11:10:18.406+0800][info] GC(695) Pause Remark 112M->110M(128M) 1.484ms
[2024-10-12T11:10:18.406+0800][info] GC(695) User=0.00s Sys=0.00s Real=0.01s
[2024-10-12T11:10:18.406+0800][info] GC(695) Concurrent Mark 8.138ms
[2024-10-12T11:10:18.406+0800][info] GC(695) Concurrent Rebuild Remembered Sets
[2024-10-12T11:10:18.407+0800][info] GC(695) Concurrent Rebuild Remembered Sets 0.969ms
[2024-10-12T11:10:18.407+0800][info] GC(695) Pause Cleanup
[2024-10-12T11:10:18.407+0800][info] GC(695) Pause Cleanup 110M->110M(128M) 0.216ms
[2024-10-12T11:10:18.407+0800][info] GC(695) User=0.00s Sys=0.00s Real=0.00s
[2024-10-12T11:10:18.407+0800][info] GC(695) Concurrent Cleanup for Next Mark
[2024-10-12T11:10:18.407+0800][info] GC(695) Concurrent Cleanup for Next Mark 0.353ms
[2024-10-12T11:10:18.407+0800][info] GC(695) Concurrent Mark Cycle 10.067ms
[2024-10-12T11:10:18.509+0800][info] GC(696) Pause Young (Prepare Mixed) (G1 Preventive Collection)
[2024-10-12T11:10:18.509+0800][info] GC(696) Using 3 workers of 48 for evacuation
[2024-10-12T11:10:18.511+0800][info] GC(696)   Pre Evacuate Collection Set: 0.1ms
[2024-10-12T11:10:18.511+0800][info] GC(696)   Merge Heap Roots: 0.1ms
[2024-10-12T11:10:18.511+0800][info] GC(696)   Evacuate Collection Set: 0.8ms
[2024-10-12T11:10:18.511+0800][info] GC(696)   Post Evacuate Collection Set: 0.2ms
[2024-10-12T11:10:18.511+0800][info] GC(696)   Other: 0.3ms
[2024-10-12T11:10:18.511+0800][info] GC(696) Eden regions: 1->0(2)
[2024-10-12T11:10:18.511+0800][info] GC(696) Survivor regions: 1->1(1)
[2024-10-12T11:10:18.511+0800][info] GC(696) Old regions: 55->56
[2024-10-12T11:10:18.511+0800][info] GC(696) Archive regions: 2->2
[2024-10-12T11:10:18.511+0800][info] GC(696) Humongous regions: 3->3
[2024-10-12T11:10:18.511+0800][info] GC(696) Metaspace: 1695K(1856K)->1695K(1856K) NonClass: 1570K(1664K)->1570K(1664K) Class: 124K(192K)->124K(192K)
[2024-10-12T11:10:18.511+0800][info] GC(696) Pause Young (Prepare Mixed) (G1 Preventive Collection) 112M->112M(128M) 1.530ms
[2024-10-12T11:10:18.511+0800][info] GC(696) User=0.00s Sys=0.00s Real=0.00s
[2024-10-12T11:10:18.552+0800][info] GC(697) Pause Young (Mixed) (G1 Preventive Collection)
[2024-10-12T11:10:18.552+0800][info] GC(697) Using 3 workers of 48 for evacuation
[2024-10-12T11:10:18.557+0800][info] GC(697) To-space exhausted
[2024-10-12T11:10:18.557+0800][info] GC(697)   Pre Evacuate Collection Set: 0.1ms
[2024-10-12T11:10:18.557+0800][info] GC(697)   Merge Heap Roots: 0.1ms
[2024-10-12T11:10:18.557+0800][info] GC(697)   Evacuate Collection Set: 2.5ms
[2024-10-12T11:10:18.557+0800][info] GC(697)   Post Evacuate Collection Set: 1.6ms
[2024-10-12T11:10:18.557+0800][info] GC(697)   Other: 0.2ms
[2024-10-12T11:10:18.557+0800][info] GC(697) Eden regions: 1->0(2)
[2024-10-12T11:10:18.557+0800][info] GC(697) Survivor regions: 1->1(1)
[2024-10-12T11:10:18.557+0800][info] GC(697) Old regions: 56->57
[2024-10-12T11:10:18.557+0800][info] GC(697) Archive regions: 2->2
[2024-10-12T11:10:18.557+0800][info] GC(697) Humongous regions: 3->3
[2024-10-12T11:10:18.557+0800][info] GC(697) Metaspace: 1695K(1856K)->1695K(1856K) NonClass: 1570K(1664K)->1570K(1664K) Class: 124K(192K)->124K(192K)
[2024-10-12T11:10:18.557+0800][info] GC(697) Pause Young (Mixed) (G1 Preventive Collection) 113M->114M(128M) 4.676ms
[2024-10-12T11:10:18.557+0800][info] GC(697) User=0.01s Sys=0.00s Real=0.01s
[2024-10-12T11:10:18.618+0800][info] GC(698) Pause Young (Concurrent Start) (G1 Evacuation Pause)
[2024-10-12T11:10:18.618+0800][info] GC(698) Using 3 workers of 48 for evacuation
[2024-10-12T11:10:18.619+0800][info] GC(698) To-space exhausted
[2024-10-12T11:10:18.619+0800][info] GC(698)   Pre Evacuate Collection Set: 0.1ms
[2024-10-12T11:10:18.619+0800][info] GC(698)   Merge Heap Roots: 0.1ms
[2024-10-12T11:10:18.619+0800][info] GC(698)   Evacuate Collection Set: 0.7ms
[2024-10-12T11:10:18.619+0800][info] GC(698)   Post Evacuate Collection Set: 0.3ms
[2024-10-12T11:10:18.619+0800][info] GC(698)   Other: 0.4ms
[2024-10-12T11:10:18.619+0800][info] GC(698) Eden regions: 1->0(3)
[2024-10-12T11:10:18.619+0800][info] GC(698) Survivor regions: 1->0(0)
[2024-10-12T11:10:18.619+0800][info] GC(698) Old regions: 57->59
[2024-10-12T11:10:18.619+0800][info] GC(698) Archive regions: 2->2
[2024-10-12T11:10:18.619+0800][info] GC(698) Humongous regions: 3->3
[2024-10-12T11:10:18.619+0800][info] GC(698) Metaspace: 1695K(1856K)->1695K(1856K) NonClass: 1570K(1664K)->1570K(1664K) Class: 124K(192K)->124K(192K)
[2024-10-12T11:10:18.620+0800][info] GC(698) Pause Young (Concurrent Start) (G1 Evacuation Pause) 116M->116M(128M) 1.574ms
[2024-10-12T11:10:18.620+0800][info] GC(698) User=0.01s Sys=0.00s Real=0.00s
[2024-10-12T11:10:18.620+0800][info] Attempting full compaction
[2024-10-12T11:10:18.620+0800][info] GC(700) Concurrent Mark Cycle
[2024-10-12T11:10:18.620+0800][info] GC(699) Using 3 workers of 48 for full compaction
[2024-10-12T11:10:18.620+0800][info] GC(700) Concurrent Clear Claimed Marks
[2024-10-12T11:10:18.620+0800][info] GC(700) Concurrent Clear Claimed Marks 0.062ms
[2024-10-12T11:10:18.620+0800][info] GC(700) Concurrent Scan Root Regions
[2024-10-12T11:10:18.620+0800][info] GC(699) Pause Full (G1 Compaction Pause)
[2024-10-12T11:10:18.620+0800][info] GC(700) Concurrent Scan Root Regions 0.043ms
[2024-10-12T11:10:18.620+0800][info] GC(700) Concurrent Mark
[2024-10-12T11:10:18.620+0800][info] GC(700) Concurrent Mark From Roots
[2024-10-12T11:10:18.620+0800][info] GC(700) Using 12 workers of 12 for marking
[2024-10-12T11:10:18.620+0800][info] GC(699) Phase 1: Mark live objects
[2024-10-12T11:10:18.624+0800][info] GC(699) Phase 1: Mark live objects 3.596ms
[2024-10-12T11:10:18.624+0800][info] GC(699) Phase 2: Prepare for compaction
[2024-10-12T11:10:18.625+0800][info] GC(699) Phase 2: Prepare for compaction 0.717ms
[2024-10-12T11:10:18.625+0800][info] GC(699) Phase 3: Adjust pointers
[2024-10-12T11:10:18.626+0800][info] GC(699) Phase 3: Adjust pointers 1.785ms
[2024-10-12T11:10:18.626+0800][info] GC(699) Phase 4: Compact heap
[2024-10-12T11:10:18.642+0800][info] GC(699) Phase 4: Compact heap 15.052ms
[2024-10-12T11:10:18.643+0800][info] GC(699) Eden regions: 0->0(4)
[2024-10-12T11:10:18.643+0800][info] GC(699) Survivor regions: 0->0(0)
[2024-10-12T11:10:18.643+0800][info] GC(699) Old regions: 59->37
[2024-10-12T11:10:18.643+0800][info] GC(699) Archive regions: 2->2
[2024-10-12T11:10:18.643+0800][info] GC(699) Humongous regions: 3->3
[2024-10-12T11:10:18.643+0800][info] GC(699) Metaspace: 1695K(1856K)->1695K(1856K) NonClass: 1570K(1664K)->1570K(1664K) Class: 124K(192K)->124K(192K)
[2024-10-12T11:10:18.643+0800][info] GC(699) Pause Full (G1 Compaction Pause) 116M->71M(128M) 23.505ms
[2024-10-12T11:10:18.643+0800][info] GC(699) User=0.05s Sys=0.00s Real=0.02s
[2024-10-12T11:10:18.643+0800][info] GC(700) Concurrent Mark From Roots 23.618ms
[2024-10-12T11:10:18.643+0800][info] GC(700) Concurrent Mark Abort
[2024-10-12T11:10:18.644+0800][info] GC(700) Concurrent Mark Cycle 23.917ms
[2024-10-12T11:10:18.849+0800][info] GC(701) Pause Young (Normal) (G1 Evacuation Pause)
[2024-10-12T11:10:18.849+0800][info] GC(701) Using 3 workers of 48 for evacuation
[2024-10-12T11:10:18.850+0800][info] GC(701)   Pre Evacuate Collection Set: 0.1ms
[2024-10-12T11:10:18.850+0800][info] GC(701)   Merge Heap Roots: 0.1ms
[2024-10-12T11:10:18.850+0800][info] GC(701)   Evacuate Collection Set: 1.3ms
[2024-10-12T11:10:18.850+0800][info] GC(701)   Post Evacuate Collection Set: 0.3ms
[2024-10-12T11:10:18.850+0800][info] GC(701)   Other: 0.3ms
[2024-10-12T11:10:18.850+0800][info] GC(701) Eden regions: 4->0(3)
[2024-10-12T11:10:18.850+0800][info] GC(701) Survivor regions: 0->1(1)
[2024-10-12T11:10:18.851+0800][info] GC(701) Old regions: 37->40
[2024-10-12T11:10:18.851+0800][info] GC(701) Archive regions: 2->2
[2024-10-12T11:10:18.851+0800][info] GC(701) Humongous regions: 3->3
[2024-10-12T11:10:18.851+0800][info] GC(701) Metaspace: 1695K(1856K)->1695K(1856K) NonClass: 1570K(1664K)->1570K(1664K) Class: 124K(192K)->124K(192K)
[2024-10-12T11:10:18.851+0800][info] GC(701) Pause Young (Normal) (G1 Evacuation Pause) 78M->78M(128M) 2.020ms
[2024-10-12T11:10:18.851+0800][info] GC(701) User=0.01s Sys=0.00s Real=0.00s
[2024-10-12T11:10:19.014+0800][info] GC(702) Pause Young (Normal) (G1 Evacuation Pause)
[2024-10-12T11:10:19.014+0800][info] GC(702) Using 3 workers of 48 for evacuation
[2024-10-12T11:10:19.016+0800][info] GC(702)   Pre Evacuate Collection Set: 0.1ms
[2024-10-12T11:10:19.016+0800][info] GC(702)   Merge Heap Roots: 0.1ms
[2024-10-12T11:10:19.016+0800][info] GC(702)   Evacuate Collection Set: 1.2ms
[2024-10-12T11:10:19.016+0800][info] GC(702)   Post Evacuate Collection Set: 0.2ms
[2024-10-12T11:10:19.016+0800][info] GC(702)   Other: 0.2ms
[2024-10-12T11:10:19.016+0800][info] GC(702) Eden regions: 3->0(2)
[2024-10-12T11:10:19.016+0800][info] GC(702) Survivor regions: 1->1(1)
[2024-10-12T11:10:19.016+0800][info] GC(702) Old regions: 40->43
[2024-10-12T11:10:19.016+0800][info] GC(702) Archive regions: 2->2
[2024-10-12T11:10:19.016+0800][info] GC(702) Humongous regions: 3->3
[2024-10-12T11:10:19.016+0800][info] GC(702) Metaspace: 1695K(1856K)->1695K(1856K) NonClass: 1570K(1664K)->1570K(1664K) Class: 124K(192K)->124K(192K)
[2024-10-12T11:10:19.016+0800][info] GC(702) Pause Young (Normal) (G1 Evacuation Pause) 84M->84M(128M) 1.898ms
[2024-10-12T11:10:19.016+0800][info] GC(702) User=0.00s Sys=0.00s Real=0.00s
[2024-10-12T11:10:19.118+0800][info] GC(703) Pause Young (Normal) (G1 Evacuation Pause)
[2024-10-12T11:10:19.118+0800][info] GC(703) Using 3 workers of 48 for evacuation
[2024-10-12T11:10:19.119+0800][info] GC(703)   Pre Evacuate Collection Set: 0.1ms
[2024-10-12T11:10:19.119+0800][info] GC(703)   Merge Heap Roots: 0.0ms
[2024-10-12T11:10:19.119+0800][info] GC(703)   Evacuate Collection Set: 0.8ms
[2024-10-12T11:10:19.119+0800][info] GC(703)   Post Evacuate Collection Set: 0.2ms
[2024-10-12T11:10:19.119+0800][info] GC(703)   Other: 0.2ms
[2024-10-12T11:10:19.119+0800][info] GC(703) Eden regions: 2->0(2)
[2024-10-12T11:10:19.119+0800][info] GC(703) Survivor regions: 1->1(1)
[2024-10-12T11:10:19.119+0800][info] GC(703) Old regions: 43->45
[2024-10-12T11:10:19.119+0800][info] GC(703) Archive regions: 2->2
[2024-10-12T11:10:19.119+0800][info] GC(703) Humongous regions: 3->3
[2024-10-12T11:10:19.119+0800][info] GC(703) Metaspace: 1695K(1856K)->1695K(1856K) NonClass: 1570K(1664K)->1570K(1664K) Class: 124K(192K)->124K(192K)
[2024-10-12T11:10:19.119+0800][info] GC(703) Pause Young (Normal) (G1 Evacuation Pause) 88M->88M(128M) 1.444ms
[2024-10-12T11:10:19.120+0800][info] GC(703) User=0.01s Sys=0.00s Real=0.00s
[2024-10-12T11:10:19.222+0800][info] GC(704) Pause Young (Normal) (G1 Evacuation Pause)
[2024-10-12T11:10:19.222+0800][info] GC(704) Using 3 workers of 48 for evacuation
[2024-10-12T11:10:19.223+0800][info] GC(704)   Pre Evacuate Collection Set: 0.1ms
[2024-10-12T11:10:19.223+0800][info] GC(704)   Merge Heap Roots: 0.0ms
[2024-10-12T11:10:19.223+0800][info] GC(704)   Evacuate Collection Set: 1.0ms
[2024-10-12T11:10:19.223+0800][info] GC(704)   Post Evacuate Collection Set: 0.2ms
[2024-10-12T11:10:19.223+0800][info] GC(704)   Other: 0.2ms
[2024-10-12T11:10:19.223+0800][info] GC(704) Eden regions: 2->0(2)
[2024-10-12T11:10:19.223+0800][info] GC(704) Survivor regions: 1->1(1)
[2024-10-12T11:10:19.223+0800][info] GC(704) Old regions: 45->47
[2024-10-12T11:10:19.223+0800][info] GC(704) Archive regions: 2->2
[2024-10-12T11:10:19.223+0800][info] GC(704) Humongous regions: 3->3
[2024-10-12T11:10:19.223+0800][info] GC(704) Metaspace: 1695K(1856K)->1695K(1856K) NonClass: 1570K(1664K)->1570K(1664K) Class: 124K(192K)->124K(192K)
[2024-10-12T11:10:19.223+0800][info] GC(704) Pause Young (Normal) (G1 Evacuation Pause) 92M->92M(128M) 1.656ms
[2024-10-12T11:10:19.223+0800][info] GC(704) User=0.00s Sys=0.00s Real=0.00s
[2024-10-12T11:10:19.325+0800][info] GC(705) Pause Young (Concurrent Start) (G1 Evacuation Pause)
[2024-10-12T11:10:19.326+0800][info] GC(705) Using 3 workers of 48 for evacuation
[2024-10-12T11:10:19.327+0800][info] GC(705)   Pre Evacuate Collection Set: 0.1ms
[2024-10-12T11:10:19.327+0800][info] GC(705)   Merge Heap Roots: 0.1ms
[2024-10-12T11:10:19.327+0800][info] GC(705)   Evacuate Collection Set: 1.0ms
[2024-10-12T11:10:19.327+0800][info] GC(705)   Post Evacuate Collection Set: 0.2ms
[2024-10-12T11:10:19.327+0800][info] GC(705)   Other: 0.4ms
[2024-10-12T11:10:19.327+0800][info] GC(705) Eden regions: 2->0(2)
[2024-10-12T11:10:19.327+0800][info] GC(705) Survivor regions: 1->1(1)
[2024-10-12T11:10:19.327+0800][info] GC(705) Old regions: 47->49
[2024-10-12T11:10:19.327+0800][info] GC(705) Archive regions: 2->2
[2024-10-12T11:10:19.327+0800][info] GC(705) Humongous regions: 3->3
[2024-10-12T11:10:19.327+0800][info] GC(705) Metaspace: 1695K(1856K)->1695K(1856K) NonClass: 1570K(1664K)->1570K(1664K) Class: 124K(192K)->124K(192K)
[2024-10-12T11:10:19.327+0800][info] GC(705) Pause Young (Concurrent Start) (G1 Evacuation Pause) 96M->96M(128M) 1.843ms
[2024-10-12T11:10:19.327+0800][info] GC(705) User=0.01s Sys=0.00s Real=0.00s
[2024-10-12T11:10:19.327+0800][info] GC(706) Concurrent Mark Cycle
[2024-10-12T11:10:19.327+0800][info] GC(706) Concurrent Clear Claimed Marks
[2024-10-12T11:10:19.327+0800][info] GC(706) Concurrent Clear Claimed Marks 0.018ms
[2024-10-12T11:10:19.327+0800][info] GC(706) Concurrent Scan Root Regions
[2024-10-12T11:10:19.328+0800][info] GC(706) Concurrent Scan Root Regions 0.127ms
[2024-10-12T11:10:19.328+0800][info] GC(706) Concurrent Mark
[2024-10-12T11:10:19.328+0800][info] GC(706) Concurrent Mark From Roots
[2024-10-12T11:10:19.328+0800][info] GC(706) Using 12 workers of 12 for marking
[2024-10-12T11:10:19.332+0800][info] GC(706) Concurrent Mark From Roots 3.911ms
[2024-10-12T11:10:19.332+0800][info] GC(706) Concurrent Preclean
[2024-10-12T11:10:19.333+0800][info] GC(706) Concurrent Preclean 1.782ms
[2024-10-12T11:10:19.333+0800][info] GC(706) Pause Remark
[2024-10-12T11:10:19.335+0800][info] GC(706) Pause Remark 97M->96M(128M) 1.546ms
[2024-10-12T11:10:19.335+0800][info] GC(706) User=0.00s Sys=0.00s Real=0.00s
[2024-10-12T11:10:19.335+0800][info] GC(706) Concurrent Mark 7.444ms
[2024-10-12T11:10:19.335+0800][info] GC(706) Concurrent Rebuild Remembered Sets
[2024-10-12T11:10:19.336+0800][info] GC(706) Concurrent Rebuild Remembered Sets 1.029ms
[2024-10-12T11:10:19.336+0800][info] GC(706) Pause Cleanup
[2024-10-12T11:10:19.336+0800][info] GC(706) Pause Cleanup 96M->96M(128M) 0.183ms
[2024-10-12T11:10:19.336+0800][info] GC(706) User=0.00s Sys=0.00s Real=0.00s
[2024-10-12T11:10:19.336+0800][info] GC(706) Concurrent Cleanup for Next Mark
[2024-10-12T11:10:19.337+0800][info] GC(706) Concurrent Cleanup for Next Mark 0.351ms
[2024-10-12T11:10:19.337+0800][info] GC(706) Concurrent Mark Cycle 9.463ms
[2024-10-12T11:10:19.480+0800][info] GC(707) Pause Young (Prepare Mixed) (G1 Evacuation Pause)
[2024-10-12T11:10:19.480+0800][info] GC(707) Using 3 workers of 48 for evacuation
[2024-10-12T11:10:19.482+0800][info] GC(707)   Pre Evacuate Collection Set: 0.1ms
[2024-10-12T11:10:19.482+0800][info] GC(707)   Merge Heap Roots: 0.1ms
[2024-10-12T11:10:19.482+0800][info] GC(707)   Evacuate Collection Set: 1.1ms
[2024-10-12T11:10:19.482+0800][info] GC(707)   Post Evacuate Collection Set: 0.2ms
[2024-10-12T11:10:19.482+0800][info] GC(707)   Other: 0.2ms
[2024-10-12T11:10:19.482+0800][info] GC(707) Eden regions: 2->0(2)
[2024-10-12T11:10:19.482+0800][info] GC(707) Survivor regions: 1->1(1)
[2024-10-12T11:10:19.482+0800][info] GC(707) Old regions: 48->50
[2024-10-12T11:10:19.482+0800][info] GC(707) Archive regions: 2->2
[2024-10-12T11:10:19.482+0800][info] GC(707) Humongous regions: 3->3
[2024-10-12T11:10:19.482+0800][info] GC(707) Metaspace: 1695K(1856K)->1695K(1856K) NonClass: 1570K(1664K)->1570K(1664K) Class: 124K(192K)->124K(192K)
[2024-10-12T11:10:19.482+0800][info] GC(707) Pause Young (Prepare Mixed) (G1 Evacuation Pause) 99M->100M(128M) 1.805ms
[2024-10-12T11:10:19.482+0800][info] GC(707) User=0.00s Sys=0.00s Real=0.00s
[2024-10-12T11:10:19.544+0800][info] GC(708) Pause Young (Mixed) (G1 Preventive Collection)
[2024-10-12T11:10:19.544+0800][info] GC(708) Using 3 workers of 48 for evacuation
[2024-10-12T11:10:19.549+0800][info] GC(708) To-space exhausted
[2024-10-12T11:10:19.549+0800][info] GC(708)   Pre Evacuate Collection Set: 0.2ms
[2024-10-12T11:10:19.549+0800][info] GC(708)   Merge Heap Roots: 0.1ms
[2024-10-12T11:10:19.549+0800][info] GC(708)   Evacuate Collection Set: 4.1ms
[2024-10-12T11:10:19.549+0800][info] GC(708)   Post Evacuate Collection Set: 1.2ms
[2024-10-12T11:10:19.550+0800][info] GC(708)   Other: 0.2ms
[2024-10-12T11:10:19.550+0800][info] GC(708) Eden regions: 1->0(2)
[2024-10-12T11:10:19.550+0800][info] GC(708) Survivor regions: 1->1(1)
[2024-10-12T11:10:19.550+0800][info] GC(708) Old regions: 50->57
[2024-10-12T11:10:19.550+0800][info] GC(708) Archive regions: 2->2
[2024-10-12T11:10:19.550+0800][info] GC(708) Humongous regions: 3->3
[2024-10-12T11:10:19.550+0800][info] GC(708) Metaspace: 1695K(1856K)->1695K(1856K) NonClass: 1570K(1664K)->1570K(1664K) Class: 124K(192K)->124K(192K)
[2024-10-12T11:10:19.550+0800][info] GC(708) Pause Young (Mixed) (G1 Preventive Collection) 101M->114M(128M) 5.891ms
[2024-10-12T11:10:19.550+0800][info] GC(708) User=0.02s Sys=0.00s Real=0.01s
[2024-10-12T11:10:19.591+0800][info] GC(709) Pause Young (Concurrent Start) (G1 Evacuation Pause)
[2024-10-12T11:10:19.591+0800][info] GC(709) Using 3 workers of 48 for evacuation
[2024-10-12T11:10:19.592+0800][info] GC(709) To-space exhausted
[2024-10-12T11:10:19.592+0800][info] GC(709)   Pre Evacuate Collection Set: 0.1ms
[2024-10-12T11:10:19.592+0800][info] GC(709)   Merge Heap Roots: 0.1ms
[2024-10-12T11:10:19.592+0800][info] GC(709)   Evacuate Collection Set: 0.5ms
[2024-10-12T11:10:19.592+0800][info] GC(709)   Post Evacuate Collection Set: 0.3ms
[2024-10-12T11:10:19.592+0800][info] GC(709)   Other: 0.4ms
[2024-10-12T11:10:19.592+0800][info] GC(709) Eden regions: 1->0(3)
[2024-10-12T11:10:19.592+0800][info] GC(709) Survivor regions: 1->0(0)
[2024-10-12T11:10:19.592+0800][info] GC(709) Old regions: 57->59
[2024-10-12T11:10:19.592+0800][info] GC(709) Archive regions: 2->2
[2024-10-12T11:10:19.592+0800][info] GC(709) Humongous regions: 3->3
[2024-10-12T11:10:19.592+0800][info] GC(709) Metaspace: 1695K(1856K)->1695K(1856K) NonClass: 1570K(1664K)->1570K(1664K) Class: 124K(192K)->124K(192K)
[2024-10-12T11:10:19.592+0800][info] GC(709) Pause Young (Concurrent Start) (G1 Evacuation Pause) 116M->116M(128M) 1.423ms
[2024-10-12T11:10:19.592+0800][info] GC(709) User=0.00s Sys=0.00s Real=0.00s
[2024-10-12T11:10:19.592+0800][info] Attempting full compaction
[2024-10-12T11:10:19.592+0800][info] GC(711) Concurrent Mark Cycle
[2024-10-12T11:10:19.592+0800][info] GC(710) Using 3 workers of 48 for full compaction
[2024-10-12T11:10:19.592+0800][info] GC(711) Concurrent Clear Claimed Marks
[2024-10-12T11:10:19.592+0800][info] GC(711) Concurrent Clear Claimed Marks 0.059ms
[2024-10-12T11:10:19.592+0800][info] GC(711) Concurrent Scan Root Regions
[2024-10-12T11:10:19.592+0800][info] GC(711) Concurrent Scan Root Regions 0.023ms
[2024-10-12T11:10:19.592+0800][info] GC(711) Concurrent Mark
[2024-10-12T11:10:19.592+0800][info] GC(711) Concurrent Mark From Roots
[2024-10-12T11:10:19.592+0800][info] GC(710) Pause Full (G1 Compaction Pause)
[2024-10-12T11:10:19.592+0800][info] GC(711) Using 12 workers of 12 for marking
[2024-10-12T11:10:19.593+0800][info] GC(710) Phase 1: Mark live objects
[2024-10-12T11:10:19.596+0800][info] GC(710) Phase 1: Mark live objects 3.393ms
[2024-10-12T11:10:19.596+0800][info] GC(710) Phase 2: Prepare for compaction
[2024-10-12T11:10:19.597+0800][info] GC(710) Phase 2: Prepare for compaction 0.642ms
[2024-10-12T11:10:19.597+0800][info] GC(710) Phase 3: Adjust pointers
[2024-10-12T11:10:19.599+0800][info] GC(710) Phase 3: Adjust pointers 1.784ms
[2024-10-12T11:10:19.599+0800][info] GC(710) Phase 4: Compact heap
[2024-10-12T11:10:19.609+0800][info] GC(710) Phase 4: Compact heap 10.348ms
[2024-10-12T11:10:19.611+0800][info] GC(710) Eden regions: 0->0(5)
[2024-10-12T11:10:19.611+0800][info] GC(710) Survivor regions: 0->0(0)
[2024-10-12T11:10:19.611+0800][info] GC(710) Old regions: 59->36
[2024-10-12T11:10:19.611+0800][info] GC(710) Archive regions: 2->2
[2024-10-12T11:10:19.611+0800][info] GC(710) Humongous regions: 3->3
[2024-10-12T11:10:19.611+0800][info] GC(710) Metaspace: 1695K(1856K)->1695K(1856K) NonClass: 1570K(1664K)->1570K(1664K) Class: 124K(192K)->124K(192K)
[2024-10-12T11:10:19.611+0800][info] GC(710) Pause Full (G1 Compaction Pause) 116M->71M(128M) 18.469ms
[2024-10-12T11:10:19.611+0800][info] GC(710) User=0.05s Sys=0.00s Real=0.02s
[2024-10-12T11:10:19.611+0800][info] GC(711) Concurrent Mark From Roots 18.680ms
[2024-10-12T11:10:19.611+0800][info] GC(711) Concurrent Mark Abort
[2024-10-12T11:10:19.611+0800][info] GC(711) Concurrent Mark Cycle 18.915ms
[2024-10-12T11:10:19.878+0800][info] GC(712) Pause Young (Normal) (G1 Evacuation Pause)
[2024-10-12T11:10:19.878+0800][info] GC(712) Using 3 workers of 48 for evacuation
[2024-10-12T11:10:19.881+0800][info] GC(712)   Pre Evacuate Collection Set: 0.1ms
[2024-10-12T11:10:19.881+0800][info] GC(712)   Merge Heap Roots: 0.0ms
[2024-10-12T11:10:19.881+0800][info] GC(712)   Evacuate Collection Set: 1.9ms
[2024-10-12T11:10:19.881+0800][info] GC(712)   Post Evacuate Collection Set: 0.2ms
[2024-10-12T11:10:19.881+0800][info] GC(712)   Other: 0.3ms
[2024-10-12T11:10:19.881+0800][info] GC(712) Eden regions: 5->0(2)
[2024-10-12T11:10:19.881+0800][info] GC(712) Survivor regions: 0->1(1)
[2024-10-12T11:10:19.881+0800][info] GC(712) Old regions: 36->40
[2024-10-12T11:10:19.881+0800][info] GC(712) Archive regions: 2->2
[2024-10-12T11:10:19.881+0800][info] GC(712) Humongous regions: 4->4
[2024-10-12T11:10:19.881+0800][info] GC(712) Metaspace: 1695K(1856K)->1695K(1856K) NonClass: 1570K(1664K)->1570K(1664K) Class: 124K(192K)->124K(192K)
[2024-10-12T11:10:19.881+0800][info] GC(712) Pause Young (Normal) (G1 Evacuation Pause) 83M->82M(128M) 2.616ms
[2024-10-12T11:10:19.881+0800][info] GC(712) User=0.00s Sys=0.00s Real=0.00s
[2024-10-12T11:10:19.983+0800][info] GC(713) Pause Young (Normal) (G1 Evacuation Pause)
[2024-10-12T11:10:19.983+0800][info] GC(713) Using 3 workers of 48 for evacuation
[2024-10-12T11:10:19.984+0800][info] GC(713)   Pre Evacuate Collection Set: 0.1ms
[2024-10-12T11:10:19.985+0800][info] GC(713)   Merge Heap Roots: 0.1ms
[2024-10-12T11:10:19.985+0800][info] GC(713)   Evacuate Collection Set: 0.9ms
[2024-10-12T11:10:19.985+0800][info] GC(713)   Post Evacuate Collection Set: 0.2ms
[2024-10-12T11:10:19.985+0800][info] GC(713)   Other: 0.2ms
[2024-10-12T11:10:19.985+0800][info] GC(713) Eden regions: 2->0(2)
[2024-10-12T11:10:19.985+0800][info] GC(713) Survivor regions: 1->1(1)
[2024-10-12T11:10:19.985+0800][info] GC(713) Old regions: 40->42
[2024-10-12T11:10:19.985+0800][info] GC(713) Archive regions: 2->2
[2024-10-12T11:10:19.985+0800][info] GC(713) Humongous regions: 4->4
[2024-10-12T11:10:19.985+0800][info] GC(713) Metaspace: 1695K(1856K)->1695K(1856K) NonClass: 1570K(1664K)->1570K(1664K) Class: 124K(192K)->124K(192K)
[2024-10-12T11:10:19.985+0800][info] GC(713) Pause Young (Normal) (G1 Evacuation Pause) 86M->86M(128M) 1.604ms
[2024-10-12T11:10:19.985+0800][info] GC(713) User=0.01s Sys=0.00s Real=0.00s
[2024-10-12T11:10:20.087+0800][info] GC(714) Pause Young (Normal) (G1 Evacuation Pause)
[2024-10-12T11:10:20.087+0800][info] GC(714) Using 3 workers of 48 for evacuation
[2024-10-12T11:10:20.088+0800][info] GC(714)   Pre Evacuate Collection Set: 0.1ms
[2024-10-12T11:10:20.088+0800][info] GC(714)   Merge Heap Roots: 0.0ms
[2024-10-12T11:10:20.088+0800][info] GC(714)   Evacuate Collection Set: 0.9ms
[2024-10-12T11:10:20.088+0800][info] GC(714)   Post Evacuate Collection Set: 0.2ms
[2024-10-12T11:10:20.088+0800][info] GC(714)   Other: 0.2ms
[2024-10-12T11:10:20.088+0800][info] GC(714) Eden regions: 2->0(2)
[2024-10-12T11:10:20.088+0800][info] GC(714) Survivor regions: 1->1(1)
[2024-10-12T11:10:20.088+0800][info] GC(714) Old regions: 42->44
[2024-10-12T11:10:20.088+0800][info] GC(714) Archive regions: 2->2
[2024-10-12T11:10:20.088+0800][info] GC(714) Humongous regions: 4->4
[2024-10-12T11:10:20.088+0800][info] GC(714) Metaspace: 1695K(1856K)->1695K(1856K) NonClass: 1570K(1664K)->1570K(1664K) Class: 124K(192K)->124K(192K)
[2024-10-12T11:10:20.088+0800][info] GC(714) Pause Young (Normal) (G1 Evacuation Pause) 90M->90M(128M) 1.498ms
[2024-10-12T11:10:20.088+0800][info] GC(714) User=0.00s Sys=0.00s Real=0.00s
[2024-10-12T11:10:20.190+0800][info] GC(715) Pause Young (Normal) (G1 Evacuation Pause)
[2024-10-12T11:10:20.190+0800][info] GC(715) Using 3 workers of 48 for evacuation
[2024-10-12T11:10:20.192+0800][info] GC(715)   Pre Evacuate Collection Set: 0.1ms
[2024-10-12T11:10:20.192+0800][info] GC(715)   Merge Heap Roots: 0.0ms
[2024-10-12T11:10:20.192+0800][info] GC(715)   Evacuate Collection Set: 0.8ms
[2024-10-12T11:10:20.192+0800][info] GC(715)   Post Evacuate Collection Set: 0.2ms
[2024-10-12T11:10:20.192+0800][info] GC(715)   Other: 0.2ms
[2024-10-12T11:10:20.192+0800][info] GC(715) Eden regions: 2->0(2)
[2024-10-12T11:10:20.192+0800][info] GC(715) Survivor regions: 1->1(1)
[2024-10-12T11:10:20.192+0800][info] GC(715) Old regions: 44->46
[2024-10-12T11:10:20.192+0800][info] GC(715) Archive regions: 2->2
[2024-10-12T11:10:20.192+0800][info] GC(715) Humongous regions: 4->4
[2024-10-12T11:10:20.192+0800][info] GC(715) Metaspace: 1695K(1856K)->1695K(1856K) NonClass: 1570K(1664K)->1570K(1664K) Class: 124K(192K)->124K(192K)
[2024-10-12T11:10:20.192+0800][info] GC(715) Pause Young (Normal) (G1 Evacuation Pause) 94M->94M(128M) 1.450ms
[2024-10-12T11:10:20.192+0800][info] GC(715) User=0.01s Sys=0.00s Real=0.00s
[2024-10-12T11:10:20.294+0800][info] GC(716) Pause Young (Concurrent Start) (G1 Evacuation Pause)
[2024-10-12T11:10:20.294+0800][info] GC(716) Using 3 workers of 48 for evacuation
[2024-10-12T11:10:20.295+0800][info] GC(716)   Pre Evacuate Collection Set: 0.1ms
[2024-10-12T11:10:20.295+0800][info] GC(716)   Merge Heap Roots: 0.0ms
[2024-10-12T11:10:20.295+0800][info] GC(716)   Evacuate Collection Set: 1.0ms
[2024-10-12T11:10:20.295+0800][info] GC(716)   Post Evacuate Collection Set: 0.2ms
[2024-10-12T11:10:20.295+0800][info] GC(716)   Other: 0.4ms
[2024-10-12T11:10:20.295+0800][info] GC(716) Eden regions: 2->0(2)
[2024-10-12T11:10:20.295+0800][info] GC(716) Survivor regions: 1->1(1)
[2024-10-12T11:10:20.295+0800][info] GC(716) Old regions: 46->48
[2024-10-12T11:10:20.295+0800][info] GC(716) Archive regions: 2->2
[2024-10-12T11:10:20.295+0800][info] GC(716) Humongous regions: 4->4
[2024-10-12T11:10:20.295+0800][info] GC(716) Metaspace: 1695K(1856K)->1695K(1856K) NonClass: 1570K(1664K)->1570K(1664K) Class: 124K(192K)->124K(192K)
[2024-10-12T11:10:20.295+0800][info] GC(716) Pause Young (Concurrent Start) (G1 Evacuation Pause) 98M->98M(128M) 1.753ms
[2024-10-12T11:10:20.295+0800][info] GC(716) User=0.00s Sys=0.00s Real=0.00s
[2024-10-12T11:10:20.295+0800][info] GC(717) Concurrent Mark Cycle
[2024-10-12T11:10:20.295+0800][info] GC(717) Concurrent Clear Claimed Marks
[2024-10-12T11:10:20.295+0800][info] GC(717) Concurrent Clear Claimed Marks 0.018ms
[2024-10-12T11:10:20.295+0800][info] GC(717) Concurrent Scan Root Regions
[2024-10-12T11:10:20.296+0800][info] GC(717) Concurrent Scan Root Regions 0.167ms
[2024-10-12T11:10:20.296+0800][info] GC(717) Concurrent Mark
[2024-10-12T11:10:20.296+0800][info] GC(717) Concurrent Mark From Roots
[2024-10-12T11:10:20.296+0800][info] GC(717) Using 12 workers of 12 for marking
[2024-10-12T11:10:20.300+0800][info] GC(717) Concurrent Mark From Roots 3.890ms
[2024-10-12T11:10:20.300+0800][info] GC(717) Concurrent Preclean
[2024-10-12T11:10:20.301+0800][info] GC(717) Concurrent Preclean 1.767ms
[2024-10-12T11:10:20.301+0800][info] GC(717) Pause Remark
[2024-10-12T11:10:20.303+0800][info] GC(717) Pause Remark 99M->95M(128M) 1.594ms
[2024-10-12T11:10:20.303+0800][info] GC(717) User=0.00s Sys=0.00s Real=0.00s
[2024-10-12T11:10:20.303+0800][info] GC(717) Concurrent Mark 7.455ms
[2024-10-12T11:10:20.303+0800][info] GC(717) Concurrent Rebuild Remembered Sets
[2024-10-12T11:10:20.304+0800][info] GC(717) Concurrent Rebuild Remembered Sets 1.271ms
[2024-10-12T11:10:20.304+0800][info] GC(717) Pause Cleanup
[2024-10-12T11:10:20.305+0800][info] GC(717) Pause Cleanup 95M->95M(128M) 0.169ms
[2024-10-12T11:10:20.305+0800][info] GC(717) User=0.00s Sys=0.00s Real=0.00s
[2024-10-12T11:10:20.305+0800][info] GC(717) Concurrent Cleanup for Next Mark
[2024-10-12T11:10:20.305+0800][info] GC(717) Concurrent Cleanup for Next Mark 0.469ms
[2024-10-12T11:10:20.305+0800][info] GC(717) Concurrent Mark Cycle 9.844ms
[2024-10-12T11:10:20.448+0800][info] GC(718) Pause Young (Prepare Mixed) (G1 Evacuation Pause)
[2024-10-12T11:10:20.448+0800][info] GC(718) Using 3 workers of 48 for evacuation
[2024-10-12T11:10:20.450+0800][info] GC(718)   Pre Evacuate Collection Set: 0.1ms
[2024-10-12T11:10:20.450+0800][info] GC(718)   Merge Heap Roots: 0.1ms
[2024-10-12T11:10:20.450+0800][info] GC(718)   Evacuate Collection Set: 1.2ms
[2024-10-12T11:10:20.450+0800][info] GC(718)   Post Evacuate Collection Set: 0.2ms
[2024-10-12T11:10:20.450+0800][info] GC(718)   Other: 0.2ms
[2024-10-12T11:10:20.450+0800][info] GC(718) Eden regions: 2->0(2)
[2024-10-12T11:10:20.450+0800][info] GC(718) Survivor regions: 1->1(1)
[2024-10-12T11:10:20.450+0800][info] GC(718) Old regions: 47->49
[2024-10-12T11:10:20.450+0800][info] GC(718) Archive regions: 2->2
[2024-10-12T11:10:20.450+0800][info] GC(718) Humongous regions: 3->3
[2024-10-12T11:10:20.450+0800][info] GC(718) Metaspace: 1695K(1856K)->1695K(1856K) NonClass: 1570K(1664K)->1570K(1664K) Class: 124K(192K)->124K(192K)
[2024-10-12T11:10:20.450+0800][info] GC(718) Pause Young (Prepare Mixed) (G1 Evacuation Pause) 98M->98M(128M) 1.919ms
[2024-10-12T11:10:20.450+0800][info] GC(718) User=0.00s Sys=0.00s Real=0.00s
[2024-10-12T11:10:20.512+0800][info] GC(719) Pause Young (Mixed) (G1 Preventive Collection)
[2024-10-12T11:10:20.512+0800][info] GC(719) Using 3 workers of 48 for evacuation
[2024-10-12T11:10:20.517+0800][info] GC(719) To-space exhausted
[2024-10-12T11:10:20.517+0800][info] GC(719)   Pre Evacuate Collection Set: 0.2ms
[2024-10-12T11:10:20.517+0800][info] GC(719)   Merge Heap Roots: 0.1ms
[2024-10-12T11:10:20.517+0800][info] GC(719)   Evacuate Collection Set: 4.3ms
[2024-10-12T11:10:20.517+0800][info] GC(719)   Post Evacuate Collection Set: 0.9ms
[2024-10-12T11:10:20.517+0800][info] GC(719)   Other: 0.2ms
[2024-10-12T11:10:20.517+0800][info] GC(719) Eden regions: 1->0(2)
[2024-10-12T11:10:20.517+0800][info] GC(719) Survivor regions: 1->1(1)
[2024-10-12T11:10:20.517+0800][info] GC(719) Old regions: 49->53
[2024-10-12T11:10:20.517+0800][info] GC(719) Archive regions: 2->2
[2024-10-12T11:10:20.517+0800][info] GC(719) Humongous regions: 3->3
[2024-10-12T11:10:20.517+0800][info] GC(719) Metaspace: 1695K(1856K)->1695K(1856K) NonClass: 1570K(1664K)->1570K(1664K) Class: 124K(192K)->124K(192K)
[2024-10-12T11:10:20.518+0800][info] GC(719) Pause Young (Mixed) (G1 Preventive Collection) 100M->108M(128M) 5.896ms
[2024-10-12T11:10:20.518+0800][info] GC(719) User=0.02s Sys=0.00s Real=0.01s
[2024-10-12T11:10:20.620+0800][info] GC(720) Pause Young (Concurrent Start) (G1 Preventive Collection)
[2024-10-12T11:10:20.620+0800][info] GC(720) Using 3 workers of 48 for evacuation
[2024-10-12T11:10:20.622+0800][info] GC(720)   Pre Evacuate Collection Set: 0.1ms
[2024-10-12T11:10:20.622+0800][info] GC(720)   Merge Heap Roots: 0.1ms
[2024-10-12T11:10:20.622+0800][info] GC(720)   Evacuate Collection Set: 1.4ms
[2024-10-12T11:10:20.622+0800][info] GC(720)   Post Evacuate Collection Set: 0.2ms
[2024-10-12T11:10:20.622+0800][info] GC(720)   Other: 0.4ms
[2024-10-12T11:10:20.622+0800][info] GC(720) Eden regions: 2->0(2)
[2024-10-12T11:10:20.622+0800][info] GC(720) Survivor regions: 1->1(1)
[2024-10-12T11:10:20.622+0800][info] GC(720) Old regions: 53->55
[2024-10-12T11:10:20.622+0800][info] GC(720) Archive regions: 2->2
[2024-10-12T11:10:20.622+0800][info] GC(720) Humongous regions: 3->3
[2024-10-12T11:10:20.622+0800][info] GC(720) Metaspace: 1695K(1856K)->1695K(1856K) NonClass: 1570K(1664K)->1570K(1664K) Class: 124K(192K)->124K(192K)
[2024-10-12T11:10:20.622+0800][info] GC(720) Pause Young (Concurrent Start) (G1 Preventive Collection) 112M->111M(128M) 2.234ms
[2024-10-12T11:10:20.622+0800][info] GC(720) User=0.01s Sys=0.00s Real=0.00s
[2024-10-12T11:10:20.622+0800][info] GC(721) Concurrent Mark Cycle
[2024-10-12T11:10:20.622+0800][info] GC(721) Concurrent Clear Claimed Marks
[2024-10-12T11:10:20.622+0800][info] GC(721) Concurrent Clear Claimed Marks 0.019ms
[2024-10-12T11:10:20.622+0800][info] GC(721) Concurrent Scan Root Regions
[2024-10-12T11:10:20.623+0800][info] GC(721) Concurrent Scan Root Regions 0.150ms
[2024-10-12T11:10:20.623+0800][info] GC(721) Concurrent Mark
[2024-10-12T11:10:20.623+0800][info] GC(721) Concurrent Mark From Roots
[2024-10-12T11:10:20.623+0800][info] GC(721) Using 12 workers of 12 for marking
[2024-10-12T11:10:20.629+0800][info] GC(721) Concurrent Mark From Roots 6.164ms
[2024-10-12T11:10:20.629+0800][info] GC(721) Concurrent Preclean
[2024-10-12T11:10:20.630+0800][info] GC(721) Concurrent Preclean 1.715ms
[2024-10-12T11:10:20.631+0800][info] GC(721) Pause Remark
[2024-10-12T11:10:20.632+0800][info] GC(721) Pause Remark 112M->112M(128M) 1.487ms
[2024-10-12T11:10:20.632+0800][info] GC(721) User=0.00s Sys=0.00s Real=0.00s
[2024-10-12T11:10:20.632+0800][info] GC(721) Concurrent Mark 9.539ms
[2024-10-12T11:10:20.632+0800][info] GC(721) Concurrent Rebuild Remembered Sets
[2024-10-12T11:10:20.633+0800][info] GC(721) Concurrent Rebuild Remembered Sets 0.927ms
[2024-10-12T11:10:20.633+0800][info] GC(721) Pause Cleanup
[2024-10-12T11:10:20.633+0800][info] GC(721) Pause Cleanup 112M->112M(128M) 0.198ms
[2024-10-12T11:10:20.633+0800][info] GC(721) User=0.00s Sys=0.00s Real=0.00s
[2024-10-12T11:10:20.633+0800][info] GC(721) Concurrent Cleanup for Next Mark
[2024-10-12T11:10:20.634+0800][info] GC(721) Concurrent Cleanup for Next Mark 0.443ms
[2024-10-12T11:10:20.634+0800][info] GC(721) Concurrent Mark Cycle 11.526ms
[2024-10-12T11:10:20.735+0800][info] GC(722) Pause Young (Prepare Mixed) (G1 Preventive Collection)
[2024-10-12T11:10:20.735+0800][info] GC(722) Using 3 workers of 48 for evacuation
[2024-10-12T11:10:20.736+0800][info] GC(722)   Pre Evacuate Collection Set: 0.1ms
[2024-10-12T11:10:20.736+0800][info] GC(722)   Merge Heap Roots: 0.1ms
[2024-10-12T11:10:20.736+0800][info] GC(722)   Evacuate Collection Set: 0.8ms
[2024-10-12T11:10:20.736+0800][info] GC(722)   Post Evacuate Collection Set: 0.2ms
[2024-10-12T11:10:20.736+0800][info] GC(722)   Other: 0.2ms
[2024-10-12T11:10:20.736+0800][info] GC(722) Eden regions: 1->0(2)
[2024-10-12T11:10:20.736+0800][info] GC(722) Survivor regions: 1->1(1)
[2024-10-12T11:10:20.736+0800][info] GC(722) Old regions: 55->56
[2024-10-12T11:10:20.736+0800][info] GC(722) Archive regions: 2->2
[2024-10-12T11:10:20.736+0800][info] GC(722) Humongous regions: 3->3
[2024-10-12T11:10:20.736+0800][info] GC(722) Metaspace: 1695K(1856K)->1695K(1856K) NonClass: 1570K(1664K)->1570K(1664K) Class: 124K(192K)->124K(192K)
[2024-10-12T11:10:20.736+0800][info] GC(722) Pause Young (Prepare Mixed) (G1 Preventive Collection) 113M->113M(128M) 1.491ms
[2024-10-12T11:10:20.736+0800][info] GC(722) User=0.00s Sys=0.00s Real=0.00s
[2024-10-12T11:10:20.777+0800][info] GC(723) Pause Young (Mixed) (G1 Preventive Collection)
[2024-10-12T11:10:20.777+0800][info] GC(723) Using 3 workers of 48 for evacuation
[2024-10-12T11:10:20.781+0800][info] GC(723) To-space exhausted
[2024-10-12T11:10:20.781+0800][info] GC(723)   Pre Evacuate Collection Set: 0.1ms
[2024-10-12T11:10:20.781+0800][info] GC(723)   Merge Heap Roots: 0.1ms
[2024-10-12T11:10:20.781+0800][info] GC(723)   Evacuate Collection Set: 1.3ms
[2024-10-12T11:10:20.781+0800][info] GC(723)   Post Evacuate Collection Set: 1.7ms
[2024-10-12T11:10:20.781+0800][info] GC(723)   Other: 0.2ms
[2024-10-12T11:10:20.781+0800][info] GC(723) Eden regions: 1->0(2)
[2024-10-12T11:10:20.781+0800][info] GC(723) Survivor regions: 1->1(1)
[2024-10-12T11:10:20.781+0800][info] GC(723) Old regions: 56->57
[2024-10-12T11:10:20.781+0800][info] GC(723) Archive regions: 2->2
[2024-10-12T11:10:20.781+0800][info] GC(723) Humongous regions: 3->3
[2024-10-12T11:10:20.781+0800][info] GC(723) Metaspace: 1695K(1856K)->1695K(1856K) NonClass: 1570K(1664K)->1570K(1664K) Class: 124K(192K)->124K(192K)
[2024-10-12T11:10:20.781+0800][info] GC(723) Pause Young (Mixed) (G1 Preventive Collection) 115M->115M(128M) 3.556ms
[2024-10-12T11:10:20.781+0800][info] GC(723) User=0.01s Sys=0.01s Real=0.00s
[2024-10-12T11:10:20.842+0800][info] GC(724) Pause Young (Concurrent Start) (G1 Evacuation Pause)
[2024-10-12T11:10:20.842+0800][info] GC(724) Using 3 workers of 48 for evacuation
[2024-10-12T11:10:20.843+0800][info] GC(724) To-space exhausted
[2024-10-12T11:10:20.843+0800][info] GC(724)   Pre Evacuate Collection Set: 0.1ms
[2024-10-12T11:10:20.843+0800][info] GC(724)   Merge Heap Roots: 0.1ms
[2024-10-12T11:10:20.843+0800][info] GC(724)   Evacuate Collection Set: 0.5ms
[2024-10-12T11:10:20.843+0800][info] GC(724)   Post Evacuate Collection Set: 0.2ms
[2024-10-12T11:10:20.843+0800][info] GC(724)   Other: 0.3ms
[2024-10-12T11:10:20.843+0800][info] GC(724) Eden regions: 1->0(3)
[2024-10-12T11:10:20.843+0800][info] GC(724) Survivor regions: 1->0(0)
[2024-10-12T11:10:20.843+0800][info] GC(724) Old regions: 57->59
[2024-10-12T11:10:20.843+0800][info] GC(724) Archive regions: 2->2
[2024-10-12T11:10:20.843+0800][info] GC(724) Humongous regions: 3->3
[2024-10-12T11:10:20.843+0800][info] GC(724) Metaspace: 1695K(1856K)->1695K(1856K) NonClass: 1570K(1664K)->1570K(1664K) Class: 124K(192K)->124K(192K)
[2024-10-12T11:10:20.843+0800][info] GC(724) Pause Young (Concurrent Start) (G1 Evacuation Pause) 117M->117M(128M) 1.302ms
[2024-10-12T11:10:20.844+0800][info] GC(724) User=0.00s Sys=0.00s Real=0.00s
[2024-10-12T11:10:20.844+0800][info] Attempting full compaction
[2024-10-12T11:10:20.844+0800][info] GC(725) Concurrent Mark Cycle
[2024-10-12T11:10:20.844+0800][info] GC(725) Concurrent Clear Claimed Marks
[2024-10-12T11:10:20.844+0800][info] GC(726) Using 3 workers of 48 for full compaction
[2024-10-12T11:10:20.844+0800][info] GC(725) Concurrent Clear Claimed Marks 0.030ms
[2024-10-12T11:10:20.844+0800][info] GC(725) Concurrent Scan Root Regions
[2024-10-12T11:10:20.844+0800][info] GC(725) Concurrent Scan Root Regions 0.021ms
[2024-10-12T11:10:20.844+0800][info] GC(725) Concurrent Mark
[2024-10-12T11:10:20.844+0800][info] GC(725) Concurrent Mark From Roots
[2024-10-12T11:10:20.844+0800][info] GC(725) Using 12 workers of 12 for marking
[2024-10-12T11:10:20.844+0800][info] GC(726) Pause Full (G1 Compaction Pause)
[2024-10-12T11:10:20.844+0800][info] GC(726) Phase 1: Mark live objects
[2024-10-12T11:10:20.848+0800][info] GC(726) Phase 1: Mark live objects 3.363ms
[2024-10-12T11:10:20.848+0800][info] GC(726) Phase 2: Prepare for compaction
[2024-10-12T11:10:20.848+0800][info] GC(726) Phase 2: Prepare for compaction 0.675ms
[2024-10-12T11:10:20.848+0800][info] GC(726) Phase 3: Adjust pointers
[2024-10-12T11:10:20.850+0800][info] GC(726) Phase 3: Adjust pointers 1.787ms
[2024-10-12T11:10:20.850+0800][info] GC(726) Phase 4: Compact heap
[2024-10-12T11:10:20.863+0800][info] GC(726) Phase 4: Compact heap 13.264ms
[2024-10-12T11:10:20.865+0800][info] GC(726) Eden regions: 0->0(4)
[2024-10-12T11:10:20.865+0800][info] GC(726) Survivor regions: 0->0(0)
[2024-10-12T11:10:20.865+0800][info] GC(726) Old regions: 59->37
[2024-10-12T11:10:20.865+0800][info] GC(726) Archive regions: 2->2
[2024-10-12T11:10:20.865+0800][info] GC(726) Humongous regions: 3->3
[2024-10-12T11:10:20.865+0800][info] GC(726) Metaspace: 1695K(1856K)->1695K(1856K) NonClass: 1570K(1664K)->1570K(1664K) Class: 124K(192K)->124K(192K)
[2024-10-12T11:10:20.865+0800][info] GC(726) Pause Full (G1 Compaction Pause) 117M->72M(128M) 21.341ms
[2024-10-12T11:10:20.865+0800][info] GC(726) User=0.05s Sys=0.00s Real=0.03s
[2024-10-12T11:10:20.865+0800][info] GC(725) Concurrent Mark From Roots 21.603ms
[2024-10-12T11:10:20.865+0800][info] GC(725) Concurrent Mark Abort
[2024-10-12T11:10:20.865+0800][info] GC(725) Concurrent Mark Cycle 21.852ms
[2024-10-12T11:10:21.070+0800][info] GC(727) Pause Young (Normal) (G1 Evacuation Pause)
[2024-10-12T11:10:21.070+0800][info] GC(727) Using 3 workers of 48 for evacuation
[2024-10-12T11:10:21.072+0800][info] GC(727)   Pre Evacuate Collection Set: 0.1ms
[2024-10-12T11:10:21.072+0800][info] GC(727)   Merge Heap Roots: 0.1ms
[2024-10-12T11:10:21.072+0800][info] GC(727)   Evacuate Collection Set: 1.3ms
[2024-10-12T11:10:21.072+0800][info] GC(727)   Post Evacuate Collection Set: 0.2ms
[2024-10-12T11:10:21.072+0800][info] GC(727)   Other: 0.2ms
[2024-10-12T11:10:21.072+0800][info] GC(727) Eden regions: 4->0(2)
[2024-10-12T11:10:21.072+0800][info] GC(727) Survivor regions: 0->1(1)
[2024-10-12T11:10:21.072+0800][info] GC(727) Old regions: 37->41
[2024-10-12T11:10:21.072+0800][info] GC(727) Archive regions: 2->2
[2024-10-12T11:10:21.072+0800][info] GC(727) Humongous regions: 3->3
[2024-10-12T11:10:21.072+0800][info] GC(727) Metaspace: 1695K(1856K)->1695K(1856K) NonClass: 1570K(1664K)->1570K(1664K) Class: 124K(192K)->124K(192K)
[2024-10-12T11:10:21.072+0800][info] GC(727) Pause Young (Normal) (G1 Evacuation Pause) 79M->80M(128M) 2.012ms
[2024-10-12T11:10:21.072+0800][info] GC(727) User=0.01s Sys=0.00s Real=0.00s
[2024-10-12T11:10:21.175+0800][info] GC(728) Pause Young (Normal) (G1 Evacuation Pause)
[2024-10-12T11:10:21.175+0800][info] GC(728) Using 3 workers of 48 for evacuation
[2024-10-12T11:10:21.176+0800][info] GC(728)   Pre Evacuate Collection Set: 0.1ms
[2024-10-12T11:10:21.176+0800][info] GC(728)   Merge Heap Roots: 0.1ms
[2024-10-12T11:10:21.176+0800][info] GC(728)   Evacuate Collection Set: 1.0ms
[2024-10-12T11:10:21.176+0800][info] GC(728)   Post Evacuate Collection Set: 0.2ms
[2024-10-12T11:10:21.176+0800][info] GC(728)   Other: 0.2ms
[2024-10-12T11:10:21.176+0800][info] GC(728) Eden regions: 2->0(2)
[2024-10-12T11:10:21.176+0800][info] GC(728) Survivor regions: 1->1(1)
[2024-10-12T11:10:21.176+0800][info] GC(728) Old regions: 41->43
[2024-10-12T11:10:21.176+0800][info] GC(728) Archive regions: 2->2
[2024-10-12T11:10:21.176+0800][info] GC(728) Humongous regions: 3->3
[2024-10-12T11:10:21.176+0800][info] GC(728) Metaspace: 1695K(1856K)->1695K(1856K) NonClass: 1570K(1664K)->1570K(1664K) Class: 124K(192K)->124K(192K)
[2024-10-12T11:10:21.176+0800][info] GC(728) Pause Young (Normal) (G1 Evacuation Pause) 84M->84M(128M) 1.621ms
[2024-10-12T11:10:21.176+0800][info] GC(728) User=0.00s Sys=0.00s Real=0.00s
[2024-10-12T11:10:21.278+0800][info] GC(729) Pause Young (Normal) (G1 Evacuation Pause)
[2024-10-12T11:10:21.278+0800][info] GC(729) Using 3 workers of 48 for evacuation
[2024-10-12T11:10:21.280+0800][info] GC(729)   Pre Evacuate Collection Set: 0.1ms
[2024-10-12T11:10:21.280+0800][info] GC(729)   Merge Heap Roots: 0.1ms
[2024-10-12T11:10:21.280+0800][info] GC(729)   Evacuate Collection Set: 1.0ms
[2024-10-12T11:10:21.280+0800][info] GC(729)   Post Evacuate Collection Set: 0.2ms
[2024-10-12T11:10:21.280+0800][info] GC(729)   Other: 0.2ms
[2024-10-12T11:10:21.280+0800][info] GC(729) Eden regions: 2->0(2)
[2024-10-12T11:10:21.280+0800][info] GC(729) Survivor regions: 1->1(1)
[2024-10-12T11:10:21.280+0800][info] GC(729) Old regions: 43->44
[2024-10-12T11:10:21.280+0800][info] GC(729) Archive regions: 2->2
[2024-10-12T11:10:21.280+0800][info] GC(729) Humongous regions: 3->3
[2024-10-12T11:10:21.280+0800][info] GC(729) Metaspace: 1695K(1856K)->1695K(1856K) NonClass: 1570K(1664K)->1570K(1664K) Class: 124K(192K)->124K(192K)
[2024-10-12T11:10:21.280+0800][info] GC(729) Pause Young (Normal) (G1 Evacuation Pause) 88M->88M(128M) 1.575ms
[2024-10-12T11:10:21.280+0800][info] GC(729) User=0.00s Sys=0.00s Real=0.00s
[2024-10-12T11:10:21.382+0800][info] GC(730) Pause Young (Normal) (G1 Evacuation Pause)
[2024-10-12T11:10:21.382+0800][info] GC(730) Using 3 workers of 48 for evacuation
[2024-10-12T11:10:21.384+0800][info] GC(730)   Pre Evacuate Collection Set: 0.1ms
[2024-10-12T11:10:21.384+0800][info] GC(730)   Merge Heap Roots: 0.1ms
[2024-10-12T11:10:21.384+0800][info] GC(730)   Evacuate Collection Set: 0.8ms
[2024-10-12T11:10:21.384+0800][info] GC(730)   Post Evacuate Collection Set: 0.2ms
[2024-10-12T11:10:21.384+0800][info] GC(730)   Other: 0.2ms
[2024-10-12T11:10:21.384+0800][info] GC(730) Eden regions: 2->0(2)
[2024-10-12T11:10:21.384+0800][info] GC(730) Survivor regions: 1->1(1)
[2024-10-12T11:10:21.384+0800][info] GC(730) Old regions: 44->46
[2024-10-12T11:10:21.384+0800][info] GC(730) Archive regions: 2->2
[2024-10-12T11:10:21.384+0800][info] GC(730) Humongous regions: 3->3
[2024-10-12T11:10:21.384+0800][info] GC(730) Metaspace: 1695K(1856K)->1695K(1856K) NonClass: 1570K(1664K)->1570K(1664K) Class: 124K(192K)->124K(192K)
[2024-10-12T11:10:21.384+0800][info] GC(730) Pause Young (Normal) (G1 Evacuation Pause) 91M->91M(128M) 1.511ms
[2024-10-12T11:10:21.384+0800][info] GC(730) User=0.01s Sys=0.00s Real=0.00s
[2024-10-12T11:10:21.486+0800][info] GC(731) Pause Young (Concurrent Start) (G1 Evacuation Pause)
[2024-10-12T11:10:21.486+0800][info] GC(731) Using 3 workers of 48 for evacuation
[2024-10-12T11:10:21.488+0800][info] GC(731)   Pre Evacuate Collection Set: 0.1ms
[2024-10-12T11:10:21.488+0800][info] GC(731)   Merge Heap Roots: 0.1ms
[2024-10-12T11:10:21.488+0800][info] GC(731)   Evacuate Collection Set: 1.1ms
[2024-10-12T11:10:21.488+0800][info] GC(731)   Post Evacuate Collection Set: 0.2ms
[2024-10-12T11:10:21.488+0800][info] GC(731)   Other: 0.4ms
[2024-10-12T11:10:21.488+0800][info] GC(731) Eden regions: 2->0(2)
[2024-10-12T11:10:21.488+0800][info] GC(731) Survivor regions: 1->1(1)
[2024-10-12T11:10:21.488+0800][info] GC(731) Old regions: 46->48
[2024-10-12T11:10:21.488+0800][info] GC(731) Archive regions: 2->2
[2024-10-12T11:10:21.488+0800][info] GC(731) Humongous regions: 3->3
[2024-10-12T11:10:21.488+0800][info] GC(731) Metaspace: 1695K(1856K)->1695K(1856K) NonClass: 1570K(1664K)->1570K(1664K) Class: 124K(192K)->124K(192K)
[2024-10-12T11:10:21.488+0800][info] GC(731) Pause Young (Concurrent Start) (G1 Evacuation Pause) 95M->95M(128M) 1.954ms
[2024-10-12T11:10:21.488+0800][info] GC(731) User=0.00s Sys=0.00s Real=0.00s
[2024-10-12T11:10:21.488+0800][info] GC(732) Concurrent Mark Cycle
[2024-10-12T11:10:21.488+0800][info] GC(732) Concurrent Clear Claimed Marks
[2024-10-12T11:10:21.488+0800][info] GC(732) Concurrent Clear Claimed Marks 0.018ms
[2024-10-12T11:10:21.488+0800][info] GC(732) Concurrent Scan Root Regions
[2024-10-12T11:10:21.488+0800][info] GC(732) Concurrent Scan Root Regions 0.159ms
[2024-10-12T11:10:21.488+0800][info] GC(732) Concurrent Mark
[2024-10-12T11:10:21.488+0800][info] GC(732) Concurrent Mark From Roots
[2024-10-12T11:10:21.488+0800][info] GC(732) Using 12 workers of 12 for marking
[2024-10-12T11:10:21.492+0800][info] GC(732) Concurrent Mark From Roots 3.933ms
[2024-10-12T11:10:21.492+0800][info] GC(732) Concurrent Preclean
[2024-10-12T11:10:21.494+0800][info] GC(732) Concurrent Preclean 1.770ms
[2024-10-12T11:10:21.494+0800][info] GC(732) Pause Remark
[2024-10-12T11:10:21.496+0800][info] GC(732) Pause Remark 96M->96M(128M) 1.517ms
[2024-10-12T11:10:21.496+0800][info] GC(732) User=0.00s Sys=0.00s Real=0.00s
[2024-10-12T11:10:21.496+0800][info] GC(732) Concurrent Mark 7.396ms
[2024-10-12T11:10:21.496+0800][info] GC(732) Concurrent Rebuild Remembered Sets
[2024-10-12T11:10:21.497+0800][info] GC(732) Concurrent Rebuild Remembered Sets 1.280ms
[2024-10-12T11:10:21.497+0800][info] GC(732) Pause Cleanup
[2024-10-12T11:10:21.497+0800][info] GC(732) Pause Cleanup 96M->96M(128M) 0.212ms
[2024-10-12T11:10:21.497+0800][info] GC(732) User=0.00s Sys=0.00s Real=0.00s
[2024-10-12T11:10:21.497+0800][info] GC(732) Concurrent Cleanup for Next Mark
[2024-10-12T11:10:21.498+0800][info] GC(732) Concurrent Cleanup for Next Mark 0.475ms
[2024-10-12T11:10:21.498+0800][info] GC(732) Concurrent Mark Cycle 9.834ms
[2024-10-12T11:10:21.641+0800][info] GC(733) Pause Young (Prepare Mixed) (G1 Evacuation Pause)
[2024-10-12T11:10:21.641+0800][info] GC(733) Using 3 workers of 48 for evacuation
[2024-10-12T11:10:21.643+0800][info] GC(733)   Pre Evacuate Collection Set: 0.1ms
[2024-10-12T11:10:21.643+0800][info] GC(733)   Merge Heap Roots: 0.1ms
[2024-10-12T11:10:21.643+0800][info] GC(733)   Evacuate Collection Set: 1.1ms
[2024-10-12T11:10:21.643+0800][info] GC(733)   Post Evacuate Collection Set: 0.2ms
[2024-10-12T11:10:21.643+0800][info] GC(733)   Other: 0.2ms
[2024-10-12T11:10:21.643+0800][info] GC(733) Eden regions: 2->0(2)
[2024-10-12T11:10:21.643+0800][info] GC(733) Survivor regions: 1->1(1)
[2024-10-12T11:10:21.643+0800][info] GC(733) Old regions: 48->50
[2024-10-12T11:10:21.643+0800][info] GC(733) Archive regions: 2->2
[2024-10-12T11:10:21.643+0800][info] GC(733) Humongous regions: 3->3
[2024-10-12T11:10:21.643+0800][info] GC(733) Metaspace: 1695K(1856K)->1695K(1856K) NonClass: 1570K(1664K)->1570K(1664K) Class: 124K(192K)->124K(192K)
[2024-10-12T11:10:21.643+0800][info] GC(733) Pause Young (Prepare Mixed) (G1 Evacuation Pause) 99M->99M(128M) 1.764ms
[2024-10-12T11:10:21.643+0800][info] GC(733) User=0.00s Sys=0.00s Real=0.00s
[2024-10-12T11:10:21.704+0800][info] GC(734) Pause Young (Mixed) (G1 Preventive Collection)
[2024-10-12T11:10:21.704+0800][info] GC(734) Using 3 workers of 48 for evacuation
[2024-10-12T11:10:21.710+0800][info] GC(734) To-space exhausted
[2024-10-12T11:10:21.710+0800][info] GC(734)   Pre Evacuate Collection Set: 0.1ms
[2024-10-12T11:10:21.710+0800][info] GC(734)   Merge Heap Roots: 0.1ms
[2024-10-12T11:10:21.710+0800][info] GC(734)   Evacuate Collection Set: 4.2ms
[2024-10-12T11:10:21.710+0800][info] GC(734)   Post Evacuate Collection Set: 1.2ms
[2024-10-12T11:10:21.710+0800][info] GC(734)   Other: 0.2ms
[2024-10-12T11:10:21.710+0800][info] GC(734) Eden regions: 1->0(2)
[2024-10-12T11:10:21.710+0800][info] GC(734) Survivor regions: 1->1(1)
[2024-10-12T11:10:21.710+0800][info] GC(734) Old regions: 50->56
[2024-10-12T11:10:21.710+0800][info] GC(734) Archive regions: 2->2
[2024-10-12T11:10:21.710+0800][info] GC(734) Humongous regions: 3->3
[2024-10-12T11:10:21.710+0800][info] GC(734) Metaspace: 1695K(1856K)->1695K(1856K) NonClass: 1570K(1664K)->1570K(1664K) Class: 124K(192K)->124K(192K)
[2024-10-12T11:10:21.710+0800][info] GC(734) Pause Young (Mixed) (G1 Preventive Collection) 101M->112M(128M) 6.020ms
[2024-10-12T11:10:21.710+0800][info] GC(734) User=0.02s Sys=0.00s Real=0.01s
[2024-10-12T11:10:21.751+0800][info] GC(735) Pause Young (Concurrent Start) (G1 Preventive Collection)
[2024-10-12T11:10:21.751+0800][info] GC(735) Using 3 workers of 48 for evacuation
[2024-10-12T11:10:21.753+0800][info] GC(735) To-space exhausted
[2024-10-12T11:10:21.753+0800][info] GC(735)   Pre Evacuate Collection Set: 0.1ms
[2024-10-12T11:10:21.753+0800][info] GC(735)   Merge Heap Roots: 0.1ms
[2024-10-12T11:10:21.753+0800][info] GC(735)   Evacuate Collection Set: 0.8ms
[2024-10-12T11:10:21.753+0800][info] GC(735)   Post Evacuate Collection Set: 0.2ms
[2024-10-12T11:10:21.753+0800][info] GC(735)   Other: 0.4ms
[2024-10-12T11:10:21.753+0800][info] GC(735) Eden regions: 1->0(2)
[2024-10-12T11:10:21.753+0800][info] GC(735) Survivor regions: 1->1(1)
[2024-10-12T11:10:21.753+0800][info] GC(735) Old regions: 56->57
[2024-10-12T11:10:21.753+0800][info] GC(735) Archive regions: 2->2
[2024-10-12T11:10:21.753+0800][info] GC(735) Humongous regions: 3->3
[2024-10-12T11:10:21.753+0800][info] GC(735) Metaspace: 1695K(1856K)->1695K(1856K) NonClass: 1570K(1664K)->1570K(1664K) Class: 124K(192K)->124K(192K)
[2024-10-12T11:10:21.753+0800][info] GC(735) Pause Young (Concurrent Start) (G1 Preventive Collection) 114M->113M(128M) 1.729ms
[2024-10-12T11:10:21.753+0800][info] GC(735) User=0.00s Sys=0.00s Real=0.01s
[2024-10-12T11:10:21.753+0800][info] GC(736) Concurrent Mark Cycle
[2024-10-12T11:10:21.753+0800][info] GC(736) Concurrent Clear Claimed Marks
[2024-10-12T11:10:21.753+0800][info] GC(736) Concurrent Clear Claimed Marks 0.019ms
[2024-10-12T11:10:21.753+0800][info] GC(736) Concurrent Scan Root Regions
[2024-10-12T11:10:21.753+0800][info] GC(736) Concurrent Scan Root Regions 0.154ms
[2024-10-12T11:10:21.753+0800][info] GC(736) Concurrent Mark
[2024-10-12T11:10:21.753+0800][info] GC(736) Concurrent Mark From Roots
[2024-10-12T11:10:21.754+0800][info] GC(736) Using 12 workers of 12 for marking
[2024-10-12T11:10:21.757+0800][info] GC(736) Concurrent Mark From Roots 3.516ms
[2024-10-12T11:10:21.757+0800][info] GC(736) Concurrent Preclean
[2024-10-12T11:10:21.759+0800][info] GC(736) Concurrent Preclean 1.733ms
[2024-10-12T11:10:21.759+0800][info] GC(736) Pause Remark
[2024-10-12T11:10:21.760+0800][info] GC(736) Pause Remark 114M->114M(128M) 1.542ms
[2024-10-12T11:10:21.760+0800][info] GC(736) User=0.00s Sys=0.00s Real=0.00s
[2024-10-12T11:10:21.760+0800][info] GC(736) Concurrent Mark 6.995ms
[2024-10-12T11:10:21.760+0800][info] GC(736) Concurrent Rebuild Remembered Sets
[2024-10-12T11:10:21.762+0800][info] GC(736) Concurrent Rebuild Remembered Sets 1.045ms
[2024-10-12T11:10:21.762+0800][info] GC(736) Pause Cleanup
[2024-10-12T11:10:21.762+0800][info] GC(736) Pause Cleanup 114M->114M(128M) 0.232ms
[2024-10-12T11:10:21.762+0800][info] GC(736) User=0.00s Sys=0.00s Real=0.00s
[2024-10-12T11:10:21.762+0800][info] GC(736) Concurrent Cleanup for Next Mark
[2024-10-12T11:10:21.762+0800][info] GC(736) Concurrent Cleanup for Next Mark 0.448ms
[2024-10-12T11:10:21.762+0800][info] GC(736) Concurrent Mark Cycle 9.185ms
[2024-10-12T11:10:21.865+0800][info] GC(737) Pause Young (Prepare Mixed) (G1 Evacuation Pause)
[2024-10-12T11:10:21.865+0800][info] GC(737) Using 3 workers of 48 for evacuation
[2024-10-12T11:10:21.866+0800][info] GC(737) To-space exhausted
[2024-10-12T11:10:21.866+0800][info] GC(737)   Pre Evacuate Collection Set: 0.1ms
[2024-10-12T11:10:21.866+0800][info] GC(737)   Merge Heap Roots: 0.1ms
[2024-10-12T11:10:21.866+0800][info] GC(737)   Evacuate Collection Set: 0.2ms
[2024-10-12T11:10:21.866+0800][info] GC(737)   Post Evacuate Collection Set: 0.3ms
[2024-10-12T11:10:21.866+0800][info] GC(737)   Other: 0.2ms
[2024-10-12T11:10:21.866+0800][info] GC(737) Eden regions: 1->0(3)
[2024-10-12T11:10:21.866+0800][info] GC(737) Survivor regions: 1->0(0)
[2024-10-12T11:10:21.866+0800][info] GC(737) Old regions: 57->59
[2024-10-12T11:10:21.866+0800][info] GC(737) Archive regions: 2->2
[2024-10-12T11:10:21.866+0800][info] GC(737) Humongous regions: 3->3
[2024-10-12T11:10:21.866+0800][info] GC(737) Metaspace: 1695K(1856K)->1695K(1856K) NonClass: 1570K(1664K)->1570K(1664K) Class: 124K(192K)->124K(192K)
[2024-10-12T11:10:21.866+0800][info] GC(737) Pause Young (Prepare Mixed) (G1 Evacuation Pause) 115M->115M(128M) 0.955ms
[2024-10-12T11:10:21.866+0800][info] GC(737) User=0.00s Sys=0.00s Real=0.00s
[2024-10-12T11:10:21.866+0800][info] Attempting full compaction
[2024-10-12T11:10:21.866+0800][info] GC(738) Using 3 workers of 48 for full compaction
[2024-10-12T11:10:21.866+0800][info] GC(738) Pause Full (G1 Compaction Pause)
[2024-10-12T11:10:21.867+0800][info] GC(738) Phase 1: Mark live objects
[2024-10-12T11:10:21.870+0800][info] GC(738) Phase 1: Mark live objects 3.394ms
[2024-10-12T11:10:21.870+0800][info] GC(738) Phase 2: Prepare for compaction
[2024-10-12T11:10:21.871+0800][info] GC(738) Phase 2: Prepare for compaction 0.725ms
[2024-10-12T11:10:21.871+0800][info] GC(738) Phase 3: Adjust pointers
[2024-10-12T11:10:21.872+0800][info] GC(738) Phase 3: Adjust pointers 1.805ms
[2024-10-12T11:10:21.873+0800][info] GC(738) Phase 4: Compact heap
[2024-10-12T11:10:21.887+0800][info] GC(738) Phase 4: Compact heap 13.999ms
[2024-10-12T11:10:21.888+0800][info] GC(738) Eden regions: 0->0(4)
[2024-10-12T11:10:21.888+0800][info] GC(738) Survivor regions: 0->0(0)
[2024-10-12T11:10:21.888+0800][info] GC(738) Old regions: 59->38
[2024-10-12T11:10:21.888+0800][info] GC(738) Archive regions: 2->2
[2024-10-12T11:10:21.888+0800][info] GC(738) Humongous regions: 3->3
[2024-10-12T11:10:21.888+0800][info] GC(738) Metaspace: 1695K(1856K)->1695K(1856K) NonClass: 1570K(1664K)->1570K(1664K) Class: 124K(192K)->124K(192K)
[2024-10-12T11:10:21.888+0800][info] GC(738) Pause Full (G1 Compaction Pause) 115M->72M(128M) 21.761ms
[2024-10-12T11:10:21.888+0800][info] GC(738) User=0.05s Sys=0.00s Real=0.02s
[2024-10-12T11:10:22.093+0800][info] GC(739) Pause Young (Normal) (G1 Evacuation Pause)
[2024-10-12T11:10:22.094+0800][info] GC(739) Using 3 workers of 48 for evacuation
[2024-10-12T11:10:22.095+0800][info] GC(739)   Pre Evacuate Collection Set: 0.1ms
[2024-10-12T11:10:22.095+0800][info] GC(739)   Merge Heap Roots: 0.0ms
[2024-10-12T11:10:22.095+0800][info] GC(739)   Evacuate Collection Set: 1.4ms
[2024-10-12T11:10:22.095+0800][info] GC(739)   Post Evacuate Collection Set: 0.2ms
[2024-10-12T11:10:22.095+0800][info] GC(739)   Other: 0.2ms
[2024-10-12T11:10:22.095+0800][info] GC(739) Eden regions: 4->0(2)
[2024-10-12T11:10:22.096+0800][info] GC(739) Survivor regions: 0->1(1)
[2024-10-12T11:10:22.096+0800][info] GC(739) Old regions: 38->41
[2024-10-12T11:10:22.096+0800][info] GC(739) Archive regions: 2->2
[2024-10-12T11:10:22.096+0800][info] GC(739) Humongous regions: 3->3
[2024-10-12T11:10:22.096+0800][info] GC(739) Metaspace: 1695K(1856K)->1695K(1856K) NonClass: 1570K(1664K)->1570K(1664K) Class: 124K(192K)->124K(192K)
[2024-10-12T11:10:22.096+0800][info] GC(739) Pause Young (Normal) (G1 Evacuation Pause) 80M->80M(128M) 2.111ms
[2024-10-12T11:10:22.096+0800][info] GC(739) User=0.01s Sys=0.00s Real=0.00s
[2024-10-12T11:10:22.198+0800][info] GC(740) Pause Young (Normal) (G1 Evacuation Pause)
[2024-10-12T11:10:22.199+0800][info] GC(740) Using 3 workers of 48 for evacuation
[2024-10-12T11:10:22.200+0800][info] GC(740)   Pre Evacuate Collection Set: 0.1ms
[2024-10-12T11:10:22.200+0800][info] GC(740)   Merge Heap Roots: 0.0ms
[2024-10-12T11:10:22.200+0800][info] GC(740)   Evacuate Collection Set: 0.9ms
[2024-10-12T11:10:22.200+0800][info] GC(740)   Post Evacuate Collection Set: 0.2ms
[2024-10-12T11:10:22.200+0800][info] GC(740)   Other: 0.2ms
[2024-10-12T11:10:22.200+0800][info] GC(740) Eden regions: 2->0(2)
[2024-10-12T11:10:22.200+0800][info] GC(740) Survivor regions: 1->1(1)
[2024-10-12T11:10:22.200+0800][info] GC(740) Old regions: 41->43
[2024-10-12T11:10:22.200+0800][info] GC(740) Archive regions: 2->2
[2024-10-12T11:10:22.200+0800][info] GC(740) Humongous regions: 4->4
[2024-10-12T11:10:22.200+0800][info] GC(740) Metaspace: 1695K(1856K)->1695K(1856K) NonClass: 1570K(1664K)->1570K(1664K) Class: 124K(192K)->124K(192K)
[2024-10-12T11:10:22.200+0800][info] GC(740) Pause Young (Normal) (G1 Evacuation Pause) 85M->85M(128M) 1.565ms
[2024-10-12T11:10:22.200+0800][info] GC(740) User=0.00s Sys=0.00s Real=0.00s
[2024-10-12T11:10:22.302+0800][info] GC(741) Pause Young (Normal) (G1 Evacuation Pause)
[2024-10-12T11:10:22.302+0800][info] GC(741) Using 3 workers of 48 for evacuation
[2024-10-12T11:10:22.303+0800][info] GC(741)   Pre Evacuate Collection Set: 0.1ms
[2024-10-12T11:10:22.303+0800][info] GC(741)   Merge Heap Roots: 0.1ms
[2024-10-12T11:10:22.303+0800][info] GC(741)   Evacuate Collection Set: 0.9ms
[2024-10-12T11:10:22.303+0800][info] GC(741)   Post Evacuate Collection Set: 0.2ms
[2024-10-12T11:10:22.303+0800][info] GC(741)   Other: 0.2ms
[2024-10-12T11:10:22.303+0800][info] GC(741) Eden regions: 2->0(2)
[2024-10-12T11:10:22.303+0800][info] GC(741) Survivor regions: 1->1(1)
[2024-10-12T11:10:22.303+0800][info] GC(741) Old regions: 43->45
[2024-10-12T11:10:22.303+0800][info] GC(741) Archive regions: 2->2
[2024-10-12T11:10:22.303+0800][info] GC(741) Humongous regions: 4->4
[2024-10-12T11:10:22.303+0800][info] GC(741) Metaspace: 1695K(1856K)->1695K(1856K) NonClass: 1570K(1664K)->1570K(1664K) Class: 124K(192K)->124K(192K)
[2024-10-12T11:10:22.304+0800][info] GC(741) Pause Young (Normal) (G1 Evacuation Pause) 89M->89M(128M) 1.493ms
[2024-10-12T11:10:22.304+0800][info] GC(741) User=0.00s Sys=0.00s Real=0.00s
[2024-10-12T11:10:22.406+0800][info] GC(742) Pause Young (Concurrent Start) (G1 Evacuation Pause)
[2024-10-12T11:10:22.406+0800][info] GC(742) Using 3 workers of 48 for evacuation
[2024-10-12T11:10:22.407+0800][info] GC(742)   Pre Evacuate Collection Set: 0.1ms
[2024-10-12T11:10:22.408+0800][info] GC(742)   Merge Heap Roots: 0.1ms
[2024-10-12T11:10:22.408+0800][info] GC(742)   Evacuate Collection Set: 1.0ms
[2024-10-12T11:10:22.408+0800][info] GC(742)   Post Evacuate Collection Set: 0.2ms
[2024-10-12T11:10:22.408+0800][info] GC(742)   Other: 0.4ms
[2024-10-12T11:10:22.408+0800][info] GC(742) Eden regions: 2->0(2)
[2024-10-12T11:10:22.408+0800][info] GC(742) Survivor regions: 1->1(1)
[2024-10-12T11:10:22.408+0800][info] GC(742) Old regions: 45->47
[2024-10-12T11:10:22.408+0800][info] GC(742) Archive regions: 2->2
[2024-10-12T11:10:22.408+0800][info] GC(742) Humongous regions: 4->4
[2024-10-12T11:10:22.408+0800][info] GC(742) Metaspace: 1695K(1856K)->1695K(1856K) NonClass: 1570K(1664K)->1570K(1664K) Class: 124K(192K)->124K(192K)
[2024-10-12T11:10:22.408+0800][info] GC(742) Pause Young (Concurrent Start) (G1 Evacuation Pause) 93M->93M(128M) 1.839ms
[2024-10-12T11:10:22.408+0800][info] GC(742) User=0.00s Sys=0.00s Real=0.00s
[2024-10-12T11:10:22.408+0800][info] GC(743) Concurrent Mark Cycle
[2024-10-12T11:10:22.408+0800][info] GC(743) Concurrent Clear Claimed Marks
[2024-10-12T11:10:22.408+0800][info] GC(743) Concurrent Clear Claimed Marks 0.019ms
[2024-10-12T11:10:22.408+0800][info] GC(743) Concurrent Scan Root Regions
[2024-10-12T11:10:22.408+0800][info] GC(743) Concurrent Scan Root Regions 0.164ms
[2024-10-12T11:10:22.408+0800][info] GC(743) Concurrent Mark
[2024-10-12T11:10:22.408+0800][info] GC(743) Concurrent Mark From Roots
[2024-10-12T11:10:22.408+0800][info] GC(743) Using 12 workers of 12 for marking
[2024-10-12T11:10:22.412+0800][info] GC(743) Concurrent Mark From Roots 3.958ms
[2024-10-12T11:10:22.412+0800][info] GC(743) Concurrent Preclean
[2024-10-12T11:10:22.414+0800][info] GC(743) Concurrent Preclean 1.769ms
[2024-10-12T11:10:22.414+0800][info] GC(743) Pause Remark
[2024-10-12T11:10:22.415+0800][info] GC(743) Pause Remark 94M->92M(128M) 1.618ms
[2024-10-12T11:10:22.416+0800][info] GC(743) User=0.01s Sys=0.01s Real=0.00s
[2024-10-12T11:10:22.416+0800][info] GC(743) Concurrent Mark 7.572ms
[2024-10-12T11:10:22.416+0800][info] GC(743) Concurrent Rebuild Remembered Sets
[2024-10-12T11:10:22.417+0800][info] GC(743) Concurrent Rebuild Remembered Sets 1.193ms
[2024-10-12T11:10:22.417+0800][info] GC(743) Pause Cleanup
[2024-10-12T11:10:22.417+0800][info] GC(743) Pause Cleanup 92M->92M(128M) 0.170ms
[2024-10-12T11:10:22.417+0800][info] GC(743) User=0.00s Sys=0.00s Real=0.00s
[2024-10-12T11:10:22.417+0800][info] GC(743) Concurrent Cleanup for Next Mark
[2024-10-12T11:10:22.417+0800][info] GC(743) Concurrent Cleanup for Next Mark 0.362ms
[2024-10-12T11:10:22.418+0800][info] GC(743) Concurrent Mark Cycle 9.791ms
[2024-10-12T11:10:22.560+0800][info] GC(744) Pause Young (Prepare Mixed) (G1 Evacuation Pause)
[2024-10-12T11:10:22.560+0800][info] GC(744) Using 3 workers of 48 for evacuation
[2024-10-12T11:10:22.562+0800][info] GC(744)   Pre Evacuate Collection Set: 0.1ms
[2024-10-12T11:10:22.562+0800][info] GC(744)   Merge Heap Roots: 0.1ms
[2024-10-12T11:10:22.562+0800][info] GC(744)   Evacuate Collection Set: 1.3ms
[2024-10-12T11:10:22.562+0800][info] GC(744)   Post Evacuate Collection Set: 0.2ms
[2024-10-12T11:10:22.562+0800][info] GC(744)   Other: 0.2ms
[2024-10-12T11:10:22.562+0800][info] GC(744) Eden regions: 2->0(2)
[2024-10-12T11:10:22.562+0800][info] GC(744) Survivor regions: 1->1(1)
[2024-10-12T11:10:22.562+0800][info] GC(744) Old regions: 47->49
[2024-10-12T11:10:22.562+0800][info] GC(744) Archive regions: 2->2
[2024-10-12T11:10:22.562+0800][info] GC(744) Humongous regions: 3->3
[2024-10-12T11:10:22.562+0800][info] GC(744) Metaspace: 1695K(1856K)->1695K(1856K) NonClass: 1570K(1664K)->1570K(1664K) Class: 124K(192K)->124K(192K)
[2024-10-12T11:10:22.562+0800][info] GC(744) Pause Young (Prepare Mixed) (G1 Evacuation Pause) 95M->95M(128M) 1.984ms
[2024-10-12T11:10:22.562+0800][info] GC(744) User=0.01s Sys=0.00s Real=0.00s
[2024-10-12T11:10:22.624+0800][info] GC(745) Pause Young (Mixed) (G1 Preventive Collection)
[2024-10-12T11:10:22.624+0800][info] GC(745) Using 3 workers of 48 for evacuation
[2024-10-12T11:10:22.630+0800][info] GC(745) To-space exhausted
[2024-10-12T11:10:22.630+0800][info] GC(745)   Pre Evacuate Collection Set: 0.2ms
[2024-10-12T11:10:22.630+0800][info] GC(745)   Merge Heap Roots: 0.1ms
[2024-10-12T11:10:22.630+0800][info] GC(745)   Evacuate Collection Set: 4.3ms
[2024-10-12T11:10:22.630+0800][info] GC(745)   Post Evacuate Collection Set: 1.0ms
[2024-10-12T11:10:22.630+0800][info] GC(745)   Other: 0.2ms
[2024-10-12T11:10:22.630+0800][info] GC(745) Eden regions: 1->0(2)
[2024-10-12T11:10:22.630+0800][info] GC(745) Survivor regions: 1->1(1)
[2024-10-12T11:10:22.630+0800][info] GC(745) Old regions: 49->57
[2024-10-12T11:10:22.630+0800][info] GC(745) Archive regions: 2->2
[2024-10-12T11:10:22.630+0800][info] GC(745) Humongous regions: 3->3
[2024-10-12T11:10:22.630+0800][info] GC(745) Metaspace: 1695K(1856K)->1695K(1856K) NonClass: 1570K(1664K)->1570K(1664K) Class: 124K(192K)->124K(192K)
[2024-10-12T11:10:22.630+0800][info] GC(745) Pause Young (Mixed) (G1 Preventive Collection) 97M->112M(128M) 5.896ms
[2024-10-12T11:10:22.630+0800][info] GC(745) User=0.01s Sys=0.00s Real=0.01s
[2024-10-12T11:10:22.671+0800][info] GC(746) Pause Young (Concurrent Start) (G1 Evacuation Pause)
[2024-10-12T11:10:22.671+0800][info] GC(746) Using 3 workers of 48 for evacuation
[2024-10-12T11:10:22.672+0800][info] GC(746) To-space exhausted
[2024-10-12T11:10:22.672+0800][info] GC(746)   Pre Evacuate Collection Set: 0.1ms
[2024-10-12T11:10:22.672+0800][info] GC(746)   Merge Heap Roots: 0.1ms
[2024-10-12T11:10:22.672+0800][info] GC(746)   Evacuate Collection Set: 0.5ms
[2024-10-12T11:10:22.672+0800][info] GC(746)   Post Evacuate Collection Set: 0.2ms
[2024-10-12T11:10:22.672+0800][info] GC(746)   Other: 0.3ms
[2024-10-12T11:10:22.672+0800][info] GC(746) Eden regions: 1->0(3)
[2024-10-12T11:10:22.672+0800][info] GC(746) Survivor regions: 1->0(0)
[2024-10-12T11:10:22.672+0800][info] GC(746) Old regions: 57->59
[2024-10-12T11:10:22.672+0800][info] GC(746) Archive regions: 2->2
[2024-10-12T11:10:22.672+0800][info] GC(746) Humongous regions: 3->3
[2024-10-12T11:10:22.672+0800][info] GC(746) Metaspace: 1695K(1856K)->1695K(1856K) NonClass: 1570K(1664K)->1570K(1664K) Class: 124K(192K)->124K(192K)
[2024-10-12T11:10:22.672+0800][info] GC(746) Pause Young (Concurrent Start) (G1 Evacuation Pause) 113M->113M(128M) 1.360ms
[2024-10-12T11:10:22.672+0800][info] GC(746) User=0.01s Sys=0.00s Real=0.00s
[2024-10-12T11:10:22.672+0800][info] Attempting full compaction
[2024-10-12T11:10:22.672+0800][info] GC(747) Concurrent Mark Cycle
[2024-10-12T11:10:22.672+0800][info] GC(747) Concurrent Clear Claimed Marks
[2024-10-12T11:10:22.672+0800][info] GC(748) Using 3 workers of 48 for full compaction
[2024-10-12T11:10:22.672+0800][info] GC(747) Concurrent Clear Claimed Marks 0.030ms
[2024-10-12T11:10:22.672+0800][info] GC(747) Concurrent Scan Root Regions
[2024-10-12T11:10:22.672+0800][info] GC(748) Pause Full (G1 Compaction Pause)
[2024-10-12T11:10:22.672+0800][info] GC(747) Concurrent Scan Root Regions 0.016ms
[2024-10-12T11:10:22.673+0800][info] GC(747) Concurrent Mark
[2024-10-12T11:10:22.673+0800][info] GC(747) Concurrent Mark From Roots
[2024-10-12T11:10:22.673+0800][info] GC(747) Using 12 workers of 12 for marking
[2024-10-12T11:10:22.673+0800][info] GC(748) Phase 1: Mark live objects
[2024-10-12T11:10:22.676+0800][info] GC(748) Phase 1: Mark live objects 3.473ms
[2024-10-12T11:10:22.676+0800][info] GC(748) Phase 2: Prepare for compaction
[2024-10-12T11:10:22.677+0800][info] GC(748) Phase 2: Prepare for compaction 0.541ms
[2024-10-12T11:10:22.677+0800][info] GC(748) Phase 3: Adjust pointers
[2024-10-12T11:10:22.679+0800][info] GC(748) Phase 3: Adjust pointers 1.733ms
[2024-10-12T11:10:22.679+0800][info] GC(748) Phase 4: Compact heap
[2024-10-12T11:10:22.689+0800][info] GC(748) Phase 4: Compact heap 10.017ms
[2024-10-12T11:10:22.690+0800][info] GC(748) Eden regions: 0->0(4)
[2024-10-12T11:10:22.690+0800][info] GC(748) Survivor regions: 0->0(0)
[2024-10-12T11:10:22.690+0800][info] GC(748) Old regions: 59->38
[2024-10-12T11:10:22.690+0800][info] GC(748) Archive regions: 2->2
[2024-10-12T11:10:22.690+0800][info] GC(748) Humongous regions: 3->3
[2024-10-12T11:10:22.690+0800][info] GC(748) Metaspace: 1695K(1856K)->1695K(1856K) NonClass: 1570K(1664K)->1570K(1664K) Class: 124K(192K)->124K(192K)
[2024-10-12T11:10:22.690+0800][info] GC(748) Pause Full (G1 Compaction Pause) 113M->71M(128M) 17.727ms
[2024-10-12T11:10:22.690+0800][info] GC(748) User=0.04s Sys=0.00s Real=0.02s
[2024-10-12T11:10:22.690+0800][info] GC(747) Concurrent Mark From Roots 17.901ms
[2024-10-12T11:10:22.690+0800][info] GC(747) Concurrent Mark Abort
[2024-10-12T11:10:22.690+0800][info] GC(747) Concurrent Mark Cycle 18.164ms
[2024-10-12T11:10:22.915+0800][info] GC(749) Pause Young (Normal) (G1 Evacuation Pause)
[2024-10-12T11:10:22.915+0800][info] GC(749) Using 3 workers of 48 for evacuation
[2024-10-12T11:10:22.917+0800][info] GC(749)   Pre Evacuate Collection Set: 0.1ms
[2024-10-12T11:10:22.917+0800][info] GC(749)   Merge Heap Roots: 0.1ms
[2024-10-12T11:10:22.917+0800][info] GC(749)   Evacuate Collection Set: 1.3ms
[2024-10-12T11:10:22.917+0800][info] GC(749)   Post Evacuate Collection Set: 0.3ms
[2024-10-12T11:10:22.917+0800][info] GC(749)   Other: 0.3ms
[2024-10-12T11:10:22.917+0800][info] GC(749) Eden regions: 4->0(2)
[2024-10-12T11:10:22.917+0800][info] GC(749) Survivor regions: 0->1(1)
[2024-10-12T11:10:22.917+0800][info] GC(749) Old regions: 38->42
[2024-10-12T11:10:22.917+0800][info] GC(749) Archive regions: 2->2
[2024-10-12T11:10:22.917+0800][info] GC(749) Humongous regions: 3->3
[2024-10-12T11:10:22.917+0800][info] GC(749) Metaspace: 1695K(1856K)->1695K(1856K) NonClass: 1570K(1664K)->1570K(1664K) Class: 124K(192K)->124K(192K)
[2024-10-12T11:10:22.917+0800][info] GC(749) Pause Young (Normal) (G1 Evacuation Pause) 79M->80M(128M) 2.057ms
[2024-10-12T11:10:22.917+0800][info] GC(749) User=0.01s Sys=0.00s Real=0.00s
[2024-10-12T11:10:23.020+0800][info] GC(750) Pause Young (Normal) (G1 Evacuation Pause)
[2024-10-12T11:10:23.020+0800][info] GC(750) Using 3 workers of 48 for evacuation
[2024-10-12T11:10:23.022+0800][info] GC(750)   Pre Evacuate Collection Set: 0.1ms
[2024-10-12T11:10:23.022+0800][info] GC(750)   Merge Heap Roots: 0.0ms
[2024-10-12T11:10:23.022+0800][info] GC(750)   Evacuate Collection Set: 1.3ms
[2024-10-12T11:10:23.022+0800][info] GC(750)   Post Evacuate Collection Set: 0.2ms
[2024-10-12T11:10:23.022+0800][info] GC(750)   Other: 0.2ms
[2024-10-12T11:10:23.022+0800][info] GC(750) Eden regions: 2->0(2)
[2024-10-12T11:10:23.022+0800][info] GC(750) Survivor regions: 1->1(1)
[2024-10-12T11:10:23.022+0800][info] GC(750) Old regions: 42->44
[2024-10-12T11:10:23.022+0800][info] GC(750) Archive regions: 2->2
[2024-10-12T11:10:23.022+0800][info] GC(750) Humongous regions: 3->3
[2024-10-12T11:10:23.022+0800][info] GC(750) Metaspace: 1695K(1856K)->1695K(1856K) NonClass: 1570K(1664K)->1570K(1664K) Class: 124K(192K)->124K(192K)
[2024-10-12T11:10:23.022+0800][info] GC(750) Pause Young (Normal) (G1 Evacuation Pause) 83M->84M(128M) 1.917ms
[2024-10-12T11:10:23.022+0800][info] GC(750) User=0.00s Sys=0.00s Real=0.00s
[2024-10-12T11:10:23.124+0800][info] GC(751) Pause Young (Normal) (G1 Evacuation Pause)
[2024-10-12T11:10:23.124+0800][info] GC(751) Using 3 workers of 48 for evacuation
[2024-10-12T11:10:23.125+0800][info] GC(751)   Pre Evacuate Collection Set: 0.1ms
[2024-10-12T11:10:23.125+0800][info] GC(751)   Merge Heap Roots: 0.0ms
[2024-10-12T11:10:23.125+0800][info] GC(751)   Evacuate Collection Set: 1.0ms
[2024-10-12T11:10:23.125+0800][info] GC(751)   Post Evacuate Collection Set: 0.2ms
[2024-10-12T11:10:23.125+0800][info] GC(751)   Other: 0.2ms
[2024-10-12T11:10:23.125+0800][info] GC(751) Eden regions: 2->0(2)
[2024-10-12T11:10:23.125+0800][info] GC(751) Survivor regions: 1->1(1)
[2024-10-12T11:10:23.126+0800][info] GC(751) Old regions: 44->46
[2024-10-12T11:10:23.126+0800][info] GC(751) Archive regions: 2->2
[2024-10-12T11:10:23.126+0800][info] GC(751) Humongous regions: 3->3
[2024-10-12T11:10:23.126+0800][info] GC(751) Metaspace: 1695K(1856K)->1695K(1856K) NonClass: 1570K(1664K)->1570K(1664K) Class: 124K(192K)->124K(192K)
[2024-10-12T11:10:23.126+0800][info] GC(751) Pause Young (Normal) (G1 Evacuation Pause) 87M->88M(128M) 1.668ms
[2024-10-12T11:10:23.126+0800][info] GC(751) User=0.01s Sys=0.00s Real=0.01s
[2024-10-12T11:10:23.228+0800][info] GC(752) Pause Young (Concurrent Start) (G1 Evacuation Pause)
[2024-10-12T11:10:23.228+0800][info] GC(752) Using 3 workers of 48 for evacuation
[2024-10-12T11:10:23.230+0800][info] GC(752)   Pre Evacuate Collection Set: 0.1ms
[2024-10-12T11:10:23.230+0800][info] GC(752)   Merge Heap Roots: 0.1ms
[2024-10-12T11:10:23.230+0800][info] GC(752)   Evacuate Collection Set: 1.0ms
[2024-10-12T11:10:23.230+0800][info] GC(752)   Post Evacuate Collection Set: 0.2ms
[2024-10-12T11:10:23.230+0800][info] GC(752)   Other: 0.4ms
[2024-10-12T11:10:23.230+0800][info] GC(752) Eden regions: 2->0(2)
[2024-10-12T11:10:23.230+0800][info] GC(752) Survivor regions: 1->1(1)
[2024-10-12T11:10:23.230+0800][info] GC(752) Old regions: 46->47
[2024-10-12T11:10:23.230+0800][info] GC(752) Archive regions: 2->2
[2024-10-12T11:10:23.230+0800][info] GC(752) Humongous regions: 3->3
[2024-10-12T11:10:23.230+0800][info] GC(752) Metaspace: 1695K(1856K)->1695K(1856K) NonClass: 1570K(1664K)->1570K(1664K) Class: 124K(192K)->124K(192K)
[2024-10-12T11:10:23.230+0800][info] GC(752) Pause Young (Concurrent Start) (G1 Evacuation Pause) 91M->91M(128M) 1.820ms
[2024-10-12T11:10:23.230+0800][info] GC(752) User=0.00s Sys=0.00s Real=0.00s
[2024-10-12T11:10:23.230+0800][info] GC(753) Concurrent Mark Cycle
[2024-10-12T11:10:23.230+0800][info] GC(753) Concurrent Clear Claimed Marks
[2024-10-12T11:10:23.230+0800][info] GC(753) Concurrent Clear Claimed Marks 0.018ms
[2024-10-12T11:10:23.230+0800][info] GC(753) Concurrent Scan Root Regions
[2024-10-12T11:10:23.230+0800][info] GC(753) Concurrent Scan Root Regions 0.186ms
[2024-10-12T11:10:23.230+0800][info] GC(753) Concurrent Mark
[2024-10-12T11:10:23.230+0800][info] GC(753) Concurrent Mark From Roots
[2024-10-12T11:10:23.230+0800][info] GC(753) Using 12 workers of 12 for marking
[2024-10-12T11:10:23.234+0800][info] GC(753) Concurrent Mark From Roots 3.727ms
[2024-10-12T11:10:23.234+0800][info] GC(753) Concurrent Preclean
[2024-10-12T11:10:23.235+0800][info] GC(753) Concurrent Preclean 1.677ms
[2024-10-12T11:10:23.236+0800][info] GC(753) Pause Remark
[2024-10-12T11:10:23.237+0800][info] GC(753) Pause Remark 92M->92M(128M) 1.501ms
[2024-10-12T11:10:23.237+0800][info] GC(753) User=0.00s Sys=0.01s Real=0.00s
[2024-10-12T11:10:23.237+0800][info] GC(753) Concurrent Mark 7.086ms
[2024-10-12T11:10:23.237+0800][info] GC(753) Concurrent Rebuild Remembered Sets
[2024-10-12T11:10:23.238+0800][info] GC(753) Concurrent Rebuild Remembered Sets 1.299ms
[2024-10-12T11:10:23.239+0800][info] GC(753) Pause Cleanup
[2024-10-12T11:10:23.239+0800][info] GC(753) Pause Cleanup 92M->92M(128M) 0.187ms
[2024-10-12T11:10:23.239+0800][info] GC(753) User=0.00s Sys=0.00s Real=0.00s
[2024-10-12T11:10:23.239+0800][info] GC(753) Concurrent Cleanup for Next Mark
[2024-10-12T11:10:23.239+0800][info] GC(753) Concurrent Cleanup for Next Mark 0.409ms
[2024-10-12T11:10:23.239+0800][info] GC(753) Concurrent Mark Cycle 9.476ms
[2024-10-12T11:10:23.383+0800][info] GC(754) Pause Young (Prepare Mixed) (G1 Evacuation Pause)
[2024-10-12T11:10:23.383+0800][info] GC(754) Using 3 workers of 48 for evacuation
[2024-10-12T11:10:23.384+0800][info] GC(754)   Pre Evacuate Collection Set: 0.1ms
[2024-10-12T11:10:23.384+0800][info] GC(754)   Merge Heap Roots: 0.1ms
[2024-10-12T11:10:23.384+0800][info] GC(754)   Evacuate Collection Set: 1.0ms
[2024-10-12T11:10:23.384+0800][info] GC(754)   Post Evacuate Collection Set: 0.2ms
[2024-10-12T11:10:23.384+0800][info] GC(754)   Other: 0.2ms
[2024-10-12T11:10:23.384+0800][info] GC(754) Eden regions: 2->0(2)
[2024-10-12T11:10:23.384+0800][info] GC(754) Survivor regions: 1->1(1)
[2024-10-12T11:10:23.384+0800][info] GC(754) Old regions: 47->49
[2024-10-12T11:10:23.384+0800][info] GC(754) Archive regions: 2->2
[2024-10-12T11:10:23.384+0800][info] GC(754) Humongous regions: 3->3
[2024-10-12T11:10:23.384+0800][info] GC(754) Metaspace: 1695K(1856K)->1695K(1856K) NonClass: 1570K(1664K)->1570K(1664K) Class: 124K(192K)->124K(192K)
[2024-10-12T11:10:23.384+0800][info] GC(754) Pause Young (Prepare Mixed) (G1 Evacuation Pause) 95M->95M(128M) 1.673ms
[2024-10-12T11:10:23.384+0800][info] GC(754) User=0.00s Sys=0.00s Real=0.00s
[2024-10-12T11:10:23.446+0800][info] GC(755) Pause Young (Mixed) (G1 Preventive Collection)
[2024-10-12T11:10:23.446+0800][info] GC(755) Using 3 workers of 48 for evacuation
[2024-10-12T11:10:23.453+0800][info] GC(755) To-space exhausted
[2024-10-12T11:10:23.453+0800][info] GC(755)   Pre Evacuate Collection Set: 0.2ms
[2024-10-12T11:10:23.453+0800][info] GC(755)   Merge Heap Roots: 0.1ms
[2024-10-12T11:10:23.453+0800][info] GC(755)   Evacuate Collection Set: 5.3ms
[2024-10-12T11:10:23.453+0800][info] GC(755)   Post Evacuate Collection Set: 1.4ms
[2024-10-12T11:10:23.453+0800][info] GC(755)   Other: 0.2ms
[2024-10-12T11:10:23.453+0800][info] GC(755) Eden regions: 1->0(2)
[2024-10-12T11:10:23.453+0800][info] GC(755) Survivor regions: 1->1(1)
[2024-10-12T11:10:23.453+0800][info] GC(755) Old regions: 49->56
[2024-10-12T11:10:23.453+0800][info] GC(755) Archive regions: 2->2
[2024-10-12T11:10:23.453+0800][info] GC(755) Humongous regions: 3->3
[2024-10-12T11:10:23.453+0800][info] GC(755) Metaspace: 1695K(1856K)->1695K(1856K) NonClass: 1570K(1664K)->1570K(1664K) Class: 124K(192K)->124K(192K)
[2024-10-12T11:10:23.453+0800][info] GC(755) Pause Young (Mixed) (G1 Preventive Collection) 97M->110M(128M) 7.246ms
[2024-10-12T11:10:23.453+0800][info] GC(755) User=0.01s Sys=0.00s Real=0.00s
[2024-10-12T11:10:23.494+0800][info] GC(756) Pause Young (Concurrent Start) (G1 Preventive Collection)
[2024-10-12T11:10:23.494+0800][info] GC(756) Using 3 workers of 48 for evacuation
[2024-10-12T11:10:23.496+0800][info] GC(756) To-space exhausted
[2024-10-12T11:10:23.496+0800][info] GC(756)   Pre Evacuate Collection Set: 0.1ms
[2024-10-12T11:10:23.496+0800][info] GC(756)   Merge Heap Roots: 0.1ms
[2024-10-12T11:10:23.496+0800][info] GC(756)   Evacuate Collection Set: 0.8ms
[2024-10-12T11:10:23.496+0800][info] GC(756)   Post Evacuate Collection Set: 0.2ms
[2024-10-12T11:10:23.496+0800][info] GC(756)   Other: 0.4ms
[2024-10-12T11:10:23.496+0800][info] GC(756) Eden regions: 1->0(2)
[2024-10-12T11:10:23.496+0800][info] GC(756) Survivor regions: 1->1(1)
[2024-10-12T11:10:23.496+0800][info] GC(756) Old regions: 56->57
[2024-10-12T11:10:23.496+0800][info] GC(756) Archive regions: 2->2
[2024-10-12T11:10:23.496+0800][info] GC(756) Humongous regions: 3->3
[2024-10-12T11:10:23.496+0800][info] GC(756) Metaspace: 1695K(1856K)->1695K(1856K) NonClass: 1570K(1664K)->1570K(1664K) Class: 124K(192K)->124K(192K)
[2024-10-12T11:10:23.496+0800][info] GC(756) Pause Young (Concurrent Start) (G1 Preventive Collection) 112M->112M(128M) 1.782ms
[2024-10-12T11:10:23.496+0800][info] GC(756) User=0.00s Sys=0.00s Real=0.00s
[2024-10-12T11:10:23.496+0800][info] GC(757) Concurrent Mark Cycle
[2024-10-12T11:10:23.496+0800][info] GC(757) Concurrent Clear Claimed Marks
[2024-10-12T11:10:23.496+0800][info] GC(757) Concurrent Clear Claimed Marks 0.019ms
[2024-10-12T11:10:23.496+0800][info] GC(757) Concurrent Scan Root Regions
[2024-10-12T11:10:23.496+0800][info] GC(757) Concurrent Scan Root Regions 0.163ms
[2024-10-12T11:10:23.496+0800][info] GC(757) Concurrent Mark
[2024-10-12T11:10:23.496+0800][info] GC(757) Concurrent Mark From Roots
[2024-10-12T11:10:23.496+0800][info] GC(757) Using 12 workers of 12 for marking
[2024-10-12T11:10:23.500+0800][info] GC(757) Concurrent Mark From Roots 3.912ms
[2024-10-12T11:10:23.500+0800][info] GC(757) Concurrent Preclean
[2024-10-12T11:10:23.502+0800][info] GC(757) Concurrent Preclean 1.736ms
[2024-10-12T11:10:23.502+0800][info] GC(757) Pause Remark
[2024-10-12T11:10:23.504+0800][info] GC(757) Pause Remark 112M->112M(128M) 1.599ms
[2024-10-12T11:10:23.504+0800][info] GC(757) User=0.01s Sys=0.00s Real=0.00s
[2024-10-12T11:10:23.504+0800][info] GC(757) Concurrent Mark 7.454ms
[2024-10-12T11:10:23.504+0800][info] GC(757) Concurrent Rebuild Remembered Sets
[2024-10-12T11:10:23.505+0800][info] GC(757) Concurrent Rebuild Remembered Sets 1.390ms
[2024-10-12T11:10:23.505+0800][info] GC(757) Pause Cleanup
[2024-10-12T11:10:23.506+0800][info] GC(757) Pause Cleanup 112M->112M(128M) 0.190ms
[2024-10-12T11:10:23.506+0800][info] GC(757) User=0.00s Sys=0.00s Real=0.00s
[2024-10-12T11:10:23.506+0800][info] GC(757) Concurrent Cleanup for Next Mark
[2024-10-12T11:10:23.506+0800][info] GC(757) Concurrent Cleanup for Next Mark 0.383ms
[2024-10-12T11:10:23.506+0800][info] GC(757) Concurrent Mark Cycle 9.893ms
[2024-10-12T11:10:23.608+0800][info] GC(758) Pause Young (Prepare Mixed) (G1 Evacuation Pause)
[2024-10-12T11:10:23.608+0800][info] GC(758) Using 3 workers of 48 for evacuation
[2024-10-12T11:10:23.609+0800][info] GC(758) To-space exhausted
[2024-10-12T11:10:23.609+0800][info] GC(758)   Pre Evacuate Collection Set: 0.1ms
[2024-10-12T11:10:23.609+0800][info] GC(758)   Merge Heap Roots: 0.1ms
[2024-10-12T11:10:23.609+0800][info] GC(758)   Evacuate Collection Set: 0.2ms
[2024-10-12T11:10:23.609+0800][info] GC(758)   Post Evacuate Collection Set: 0.3ms
[2024-10-12T11:10:23.609+0800][info] GC(758)   Other: 0.2ms
[2024-10-12T11:10:23.609+0800][info] GC(758) Eden regions: 1->0(3)
[2024-10-12T11:10:23.609+0800][info] GC(758) Survivor regions: 1->0(0)
[2024-10-12T11:10:23.609+0800][info] GC(758) Old regions: 57->59
[2024-10-12T11:10:23.609+0800][info] GC(758) Archive regions: 2->2
[2024-10-12T11:10:23.609+0800][info] GC(758) Humongous regions: 3->3
[2024-10-12T11:10:23.609+0800][info] GC(758) Metaspace: 1695K(1856K)->1695K(1856K) NonClass: 1570K(1664K)->1570K(1664K) Class: 124K(192K)->124K(192K)
[2024-10-12T11:10:23.609+0800][info] GC(758) Pause Young (Prepare Mixed) (G1 Evacuation Pause) 114M->114M(128M) 0.954ms
[2024-10-12T11:10:23.609+0800][info] GC(758) User=0.01s Sys=0.00s Real=0.00s
[2024-10-12T11:10:23.609+0800][info] Attempting full compaction
[2024-10-12T11:10:23.609+0800][info] GC(759) Using 3 workers of 48 for full compaction
[2024-10-12T11:10:23.609+0800][info] GC(759) Pause Full (G1 Compaction Pause)
[2024-10-12T11:10:23.609+0800][info] GC(759) Phase 1: Mark live objects
[2024-10-12T11:10:23.613+0800][info] GC(759) Phase 1: Mark live objects 3.430ms
[2024-10-12T11:10:23.613+0800][info] GC(759) Phase 2: Prepare for compaction
[2024-10-12T11:10:23.614+0800][info] GC(759) Phase 2: Prepare for compaction 0.833ms
[2024-10-12T11:10:23.614+0800][info] GC(759) Phase 3: Adjust pointers
[2024-10-12T11:10:23.615+0800][info] GC(759) Phase 3: Adjust pointers 1.742ms
[2024-10-12T11:10:23.615+0800][info] GC(759) Phase 4: Compact heap
[2024-10-12T11:10:23.627+0800][info] GC(759) Phase 4: Compact heap 11.680ms
[2024-10-12T11:10:23.628+0800][info] GC(759) Eden regions: 0->0(5)
[2024-10-12T11:10:23.628+0800][info] GC(759) Survivor regions: 0->0(0)
[2024-10-12T11:10:23.628+0800][info] GC(759) Old regions: 59->37
[2024-10-12T11:10:23.629+0800][info] GC(759) Archive regions: 2->2
[2024-10-12T11:10:23.629+0800][info] GC(759) Humongous regions: 3->3
[2024-10-12T11:10:23.629+0800][info] GC(759) Metaspace: 1695K(1856K)->1695K(1856K) NonClass: 1570K(1664K)->1570K(1664K) Class: 124K(192K)->124K(192K)
[2024-10-12T11:10:23.629+0800][info] GC(759) Pause Full (G1 Compaction Pause) 114M->71M(128M) 19.287ms
[2024-10-12T11:10:23.629+0800][info] GC(759) User=0.04s Sys=0.00s Real=0.02s
[2024-10-12T11:10:23.895+0800][info] GC(760) Pause Young (Normal) (G1 Evacuation Pause)
[2024-10-12T11:10:23.895+0800][info] GC(760) Using 3 workers of 48 for evacuation
[2024-10-12T11:10:23.897+0800][info] GC(760)   Pre Evacuate Collection Set: 0.1ms
[2024-10-12T11:10:23.897+0800][info] GC(760)   Merge Heap Roots: 0.0ms
[2024-10-12T11:10:23.897+0800][info] GC(760)   Evacuate Collection Set: 1.7ms
[2024-10-12T11:10:23.897+0800][info] GC(760)   Post Evacuate Collection Set: 0.3ms
[2024-10-12T11:10:23.897+0800][info] GC(760)   Other: 0.3ms
[2024-10-12T11:10:23.897+0800][info] GC(760) Eden regions: 5->0(2)
[2024-10-12T11:10:23.898+0800][info] GC(760) Survivor regions: 0->1(1)
[2024-10-12T11:10:23.898+0800][info] GC(760) Old regions: 37->42
[2024-10-12T11:10:23.898+0800][info] GC(760) Archive regions: 2->2
[2024-10-12T11:10:23.898+0800][info] GC(760) Humongous regions: 3->3
[2024-10-12T11:10:23.898+0800][info] GC(760) Metaspace: 1695K(1856K)->1695K(1856K) NonClass: 1570K(1664K)->1570K(1664K) Class: 124K(192K)->124K(192K)
[2024-10-12T11:10:23.898+0800][info] GC(760) Pause Young (Normal) (G1 Evacuation Pause) 81M->82M(128M) 2.441ms
[2024-10-12T11:10:23.898+0800][info] GC(760) User=0.01s Sys=0.00s Real=0.00s
[2024-10-12T11:10:24.000+0800][info] GC(761) Pause Young (Normal) (G1 Evacuation Pause)
[2024-10-12T11:10:24.000+0800][info] GC(761) Using 3 workers of 48 for evacuation
[2024-10-12T11:10:24.002+0800][info] GC(761)   Pre Evacuate Collection Set: 0.1ms
[2024-10-12T11:10:24.002+0800][info] GC(761)   Merge Heap Roots: 0.0ms
[2024-10-12T11:10:24.002+0800][info] GC(761)   Evacuate Collection Set: 1.0ms
[2024-10-12T11:10:24.002+0800][info] GC(761)   Post Evacuate Collection Set: 0.2ms
[2024-10-12T11:10:24.002+0800][info] GC(761)   Other: 0.2ms
[2024-10-12T11:10:24.002+0800][info] GC(761) Eden regions: 2->0(2)
[2024-10-12T11:10:24.002+0800][info] GC(761) Survivor regions: 1->1(1)
[2024-10-12T11:10:24.002+0800][info] GC(761) Old regions: 42->44
[2024-10-12T11:10:24.002+0800][info] GC(761) Archive regions: 2->2
[2024-10-12T11:10:24.002+0800][info] GC(761) Humongous regions: 3->3
[2024-10-12T11:10:24.002+0800][info] GC(761) Metaspace: 1695K(1856K)->1695K(1856K) NonClass: 1570K(1664K)->1570K(1664K) Class: 124K(192K)->124K(192K)
[2024-10-12T11:10:24.002+0800][info] GC(761) Pause Young (Normal) (G1 Evacuation Pause) 85M->86M(128M) 1.643ms
[2024-10-12T11:10:24.002+0800][info] GC(761) User=0.00s Sys=0.00s Real=0.00s
[2024-10-12T11:10:24.104+0800][info] GC(762) Pause Young (Normal) (G1 Evacuation Pause)
[2024-10-12T11:10:24.104+0800][info] GC(762) Using 3 workers of 48 for evacuation
[2024-10-12T11:10:24.106+0800][info] GC(762)   Pre Evacuate Collection Set: 0.1ms
[2024-10-12T11:10:24.106+0800][info] GC(762)   Merge Heap Roots: 0.1ms
[2024-10-12T11:10:24.106+0800][info] GC(762)   Evacuate Collection Set: 1.0ms
[2024-10-12T11:10:24.106+0800][info] GC(762)   Post Evacuate Collection Set: 0.2ms
[2024-10-12T11:10:24.106+0800][info] GC(762)   Other: 0.2ms
[2024-10-12T11:10:24.106+0800][info] GC(762) Eden regions: 2->0(2)
[2024-10-12T11:10:24.106+0800][info] GC(762) Survivor regions: 1->1(1)
[2024-10-12T11:10:24.106+0800][info] GC(762) Old regions: 44->46
[2024-10-12T11:10:24.106+0800][info] GC(762) Archive regions: 2->2
[2024-10-12T11:10:24.106+0800][info] GC(762) Humongous regions: 3->3
[2024-10-12T11:10:24.106+0800][info] GC(762) Metaspace: 1695K(1856K)->1695K(1856K) NonClass: 1570K(1664K)->1570K(1664K) Class: 124K(192K)->124K(192K)
[2024-10-12T11:10:24.106+0800][info] GC(762) Pause Young (Normal) (G1 Evacuation Pause) 90M->90M(128M) 1.646ms
[2024-10-12T11:10:24.106+0800][info] GC(762) User=0.00s Sys=0.00s Real=0.01s
[2024-10-12T11:10:24.208+0800][info] GC(763) Pause Young (Concurrent Start) (G1 Evacuation Pause)
[2024-10-12T11:10:24.208+0800][info] GC(763) Using 3 workers of 48 for evacuation
[2024-10-12T11:10:24.210+0800][info] GC(763)   Pre Evacuate Collection Set: 0.1ms
[2024-10-12T11:10:24.210+0800][info] GC(763)   Merge Heap Roots: 0.1ms
[2024-10-12T11:10:24.210+0800][info] GC(763)   Evacuate Collection Set: 0.9ms
[2024-10-12T11:10:24.210+0800][info] GC(763)   Post Evacuate Collection Set: 0.2ms
[2024-10-12T11:10:24.210+0800][info] GC(763)   Other: 0.4ms
[2024-10-12T11:10:24.210+0800][info] GC(763) Eden regions: 2->0(2)
[2024-10-12T11:10:24.210+0800][info] GC(763) Survivor regions: 1->1(1)
[2024-10-12T11:10:24.210+0800][info] GC(763) Old regions: 46->48
[2024-10-12T11:10:24.210+0800][info] GC(763) Archive regions: 2->2
[2024-10-12T11:10:24.210+0800][info] GC(763) Humongous regions: 3->3
[2024-10-12T11:10:24.210+0800][info] GC(763) Metaspace: 1695K(1856K)->1695K(1856K) NonClass: 1570K(1664K)->1570K(1664K) Class: 124K(192K)->124K(192K)
[2024-10-12T11:10:24.210+0800][info] GC(763) Pause Young (Concurrent Start) (G1 Evacuation Pause) 94M->94M(128M) 1.770ms
[2024-10-12T11:10:24.210+0800][info] GC(763) User=0.00s Sys=0.00s Real=0.00s
[2024-10-12T11:10:24.210+0800][info] GC(764) Concurrent Mark Cycle
[2024-10-12T11:10:24.210+0800][info] GC(764) Concurrent Clear Claimed Marks
[2024-10-12T11:10:24.210+0800][info] GC(764) Concurrent Clear Claimed Marks 0.018ms
[2024-10-12T11:10:24.210+0800][info] GC(764) Concurrent Scan Root Regions
[2024-10-12T11:10:24.210+0800][info] GC(764) Concurrent Scan Root Regions 0.170ms
[2024-10-12T11:10:24.210+0800][info] GC(764) Concurrent Mark
[2024-10-12T11:10:24.210+0800][info] GC(764) Concurrent Mark From Roots
[2024-10-12T11:10:24.210+0800][info] GC(764) Using 12 workers of 12 for marking
[2024-10-12T11:10:24.214+0800][info] GC(764) Concurrent Mark From Roots 4.213ms
[2024-10-12T11:10:24.214+0800][info] GC(764) Concurrent Preclean
[2024-10-12T11:10:24.216+0800][info] GC(764) Concurrent Preclean 1.679ms
[2024-10-12T11:10:24.216+0800][info] GC(764) Pause Remark
[2024-10-12T11:10:24.218+0800][info] GC(764) Pause Remark 95M->95M(128M) 1.524ms
[2024-10-12T11:10:24.218+0800][info] GC(764) User=0.00s Sys=0.00s Real=0.00s
[2024-10-12T11:10:24.218+0800][info] GC(764) Concurrent Mark 7.639ms
[2024-10-12T11:10:24.218+0800][info] GC(764) Concurrent Rebuild Remembered Sets
[2024-10-12T11:10:24.219+0800][info] GC(764) Concurrent Rebuild Remembered Sets 1.252ms
[2024-10-12T11:10:24.219+0800][info] GC(764) Pause Cleanup
[2024-10-12T11:10:24.219+0800][info] GC(764) Pause Cleanup 95M->95M(128M) 0.164ms
[2024-10-12T11:10:24.219+0800][info] GC(764) User=0.00s Sys=0.00s Real=0.00s
[2024-10-12T11:10:24.219+0800][info] GC(764) Concurrent Cleanup for Next Mark
[2024-10-12T11:10:24.220+0800][info] GC(764) Concurrent Cleanup for Next Mark 0.385ms
[2024-10-12T11:10:24.220+0800][info] GC(764) Concurrent Mark Cycle 9.920ms
[2024-10-12T11:10:24.363+0800][info] GC(765) Pause Young (Prepare Mixed) (G1 Evacuation Pause)
[2024-10-12T11:10:24.363+0800][info] GC(765) Using 3 workers of 48 for evacuation
[2024-10-12T11:10:24.364+0800][info] GC(765)   Pre Evacuate Collection Set: 0.1ms
[2024-10-12T11:10:24.364+0800][info] GC(765)   Merge Heap Roots: 0.1ms
[2024-10-12T11:10:24.364+0800][info] GC(765)   Evacuate Collection Set: 1.1ms
[2024-10-12T11:10:24.364+0800][info] GC(765)   Post Evacuate Collection Set: 0.2ms
[2024-10-12T11:10:24.364+0800][info] GC(765)   Other: 0.2ms
[2024-10-12T11:10:24.364+0800][info] GC(765) Eden regions: 2->0(2)
[2024-10-12T11:10:24.364+0800][info] GC(765) Survivor regions: 1->1(1)
[2024-10-12T11:10:24.364+0800][info] GC(765) Old regions: 48->50
[2024-10-12T11:10:24.364+0800][info] GC(765) Archive regions: 2->2
[2024-10-12T11:10:24.364+0800][info] GC(765) Humongous regions: 3->3
[2024-10-12T11:10:24.365+0800][info] GC(765) Metaspace: 1695K(1856K)->1695K(1856K) NonClass: 1570K(1664K)->1570K(1664K) Class: 124K(192K)->124K(192K)
[2024-10-12T11:10:24.365+0800][info] GC(765) Pause Young (Prepare Mixed) (G1 Evacuation Pause) 98M->98M(128M) 1.799ms
[2024-10-12T11:10:24.365+0800][info] GC(765) User=0.01s Sys=0.00s Real=0.00s
[2024-10-12T11:10:24.426+0800][info] GC(766) Pause Young (Mixed) (G1 Preventive Collection)
[2024-10-12T11:10:24.426+0800][info] GC(766) Using 3 workers of 48 for evacuation
[2024-10-12T11:10:24.432+0800][info] GC(766) To-space exhausted
[2024-10-12T11:10:24.432+0800][info] GC(766)   Pre Evacuate Collection Set: 0.1ms
[2024-10-12T11:10:24.432+0800][info] GC(766)   Merge Heap Roots: 0.1ms
[2024-10-12T11:10:24.432+0800][info] GC(766)   Evacuate Collection Set: 4.1ms
[2024-10-12T11:10:24.432+0800][info] GC(766)   Post Evacuate Collection Set: 1.2ms
[2024-10-12T11:10:24.432+0800][info] GC(766)   Other: 0.3ms
[2024-10-12T11:10:24.432+0800][info] GC(766) Eden regions: 1->0(2)
[2024-10-12T11:10:24.432+0800][info] GC(766) Survivor regions: 1->1(1)
[2024-10-12T11:10:24.432+0800][info] GC(766) Old regions: 50->55
[2024-10-12T11:10:24.432+0800][info] GC(766) Archive regions: 2->2
[2024-10-12T11:10:24.432+0800][info] GC(766) Humongous regions: 3->3
[2024-10-12T11:10:24.432+0800][info] GC(766) Metaspace: 1695K(1856K)->1695K(1856K) NonClass: 1570K(1664K)->1570K(1664K) Class: 124K(192K)->124K(192K)
[2024-10-12T11:10:24.432+0800][info] GC(766) Pause Young (Mixed) (G1 Preventive Collection) 100M->109M(128M) 5.913ms
[2024-10-12T11:10:24.432+0800][info] GC(766) User=0.01s Sys=0.00s Real=0.00s
[2024-10-12T11:10:24.432+0800][info] GC(767) Pause Young (Concurrent Start) (G1 Humongous Allocation)
[2024-10-12T11:10:24.432+0800][info] GC(767) Using 3 workers of 48 for evacuation
[2024-10-12T11:10:24.434+0800][info] GC(767)   Pre Evacuate Collection Set: 0.1ms
[2024-10-12T11:10:24.434+0800][info] GC(767)   Merge Heap Roots: 0.1ms
[2024-10-12T11:10:24.434+0800][info] GC(767)   Evacuate Collection Set: 0.9ms
[2024-10-12T11:10:24.434+0800][info] GC(767)   Post Evacuate Collection Set: 0.2ms
[2024-10-12T11:10:24.434+0800][info] GC(767)   Other: 0.3ms
[2024-10-12T11:10:24.434+0800][info] GC(767) Eden regions: 1->0(2)
[2024-10-12T11:10:24.434+0800][info] GC(767) Survivor regions: 1->1(1)
[2024-10-12T11:10:24.434+0800][info] GC(767) Old regions: 55->56
[2024-10-12T11:10:24.434+0800][info] GC(767) Archive regions: 2->2
[2024-10-12T11:10:24.434+0800][info] GC(767) Humongous regions: 3->3
[2024-10-12T11:10:24.434+0800][info] GC(767) Metaspace: 1695K(1856K)->1695K(1856K) NonClass: 1570K(1664K)->1570K(1664K) Class: 124K(192K)->124K(192K)
[2024-10-12T11:10:24.434+0800][info] GC(767) Pause Young (Concurrent Start) (G1 Humongous Allocation) 110M->110M(128M) 1.691ms
[2024-10-12T11:10:24.434+0800][info] GC(767) User=0.01s Sys=0.00s Real=0.01s
[2024-10-12T11:10:24.434+0800][info] GC(768) Concurrent Mark Cycle
[2024-10-12T11:10:24.434+0800][info] GC(768) Concurrent Clear Claimed Marks
[2024-10-12T11:10:24.434+0800][info] GC(768) Concurrent Clear Claimed Marks 0.019ms
[2024-10-12T11:10:24.434+0800][info] GC(768) Concurrent Scan Root Regions
[2024-10-12T11:10:24.434+0800][info] GC(768) Concurrent Scan Root Regions 0.179ms
[2024-10-12T11:10:24.434+0800][info] GC(768) Concurrent Mark
[2024-10-12T11:10:24.434+0800][info] GC(769) Pause Young (Normal) (G1 Preventive Collection)
[2024-10-12T11:10:24.434+0800][info] GC(769) Using 3 workers of 48 for evacuation
[2024-10-12T11:10:24.434+0800][info] GC(768) Concurrent Mark From Roots
[2024-10-12T11:10:24.434+0800][info] GC(768) Using 12 workers of 12 for marking
[2024-10-12T11:10:24.435+0800][info] GC(769)   Pre Evacuate Collection Set: 0.2ms
[2024-10-12T11:10:24.435+0800][info] GC(769)   Merge Heap Roots: 0.1ms
[2024-10-12T11:10:24.435+0800][info] GC(769)   Evacuate Collection Set: 0.3ms
[2024-10-12T11:10:24.435+0800][info] GC(769)   Post Evacuate Collection Set: 0.2ms
[2024-10-12T11:10:24.435+0800][info] GC(769)   Other: 0.2ms
[2024-10-12T11:10:24.435+0800][info] GC(769) Eden regions: 0->0(2)
[2024-10-12T11:10:24.435+0800][info] GC(769) Survivor regions: 1->1(1)
[2024-10-12T11:10:24.435+0800][info] GC(769) Old regions: 56->56
[2024-10-12T11:10:24.435+0800][info] GC(769) Archive regions: 2->2
[2024-10-12T11:10:24.435+0800][info] GC(769) Humongous regions: 3->3
[2024-10-12T11:10:24.435+0800][info] GC(769) Metaspace: 1695K(1856K)->1695K(1856K) NonClass: 1570K(1664K)->1570K(1664K) Class: 124K(192K)->124K(192K)
[2024-10-12T11:10:24.435+0800][info] GC(769) Pause Young (Normal) (G1 Preventive Collection) 110M->110M(128M) 0.832ms
[2024-10-12T11:10:24.435+0800][info] GC(769) User=0.00s Sys=0.00s Real=0.00s
[2024-10-12T11:10:24.436+0800][info] GC(770) Pause Young (Normal) (G1 Preventive Collection)
[2024-10-12T11:10:24.436+0800][info] GC(770) Using 3 workers of 48 for evacuation
[2024-10-12T11:10:24.437+0800][info] GC(770)   Pre Evacuate Collection Set: 0.1ms
[2024-10-12T11:10:24.437+0800][info] GC(770)   Merge Heap Roots: 0.0ms
[2024-10-12T11:10:24.437+0800][info] GC(770)   Evacuate Collection Set: 0.4ms
[2024-10-12T11:10:24.437+0800][info] GC(770)   Post Evacuate Collection Set: 0.2ms
[2024-10-12T11:10:24.437+0800][info] GC(770)   Other: 0.1ms
[2024-10-12T11:10:24.437+0800][info] GC(770) Eden regions: 0->0(2)
[2024-10-12T11:10:24.437+0800][info] GC(770) Survivor regions: 1->1(1)
[2024-10-12T11:10:24.437+0800][info] GC(770) Old regions: 56->56
[2024-10-12T11:10:24.437+0800][info] GC(770) Archive regions: 2->2
[2024-10-12T11:10:24.437+0800][info] GC(770) Humongous regions: 4->3
[2024-10-12T11:10:24.437+0800][info] GC(770) Metaspace: 1695K(1856K)->1695K(1856K) NonClass: 1570K(1664K)->1570K(1664K) Class: 124K(192K)->124K(192K)
[2024-10-12T11:10:24.437+0800][info] GC(770) Pause Young (Normal) (G1 Preventive Collection) 112M->110M(128M) 0.944ms
[2024-10-12T11:10:24.437+0800][info] GC(770) User=0.00s Sys=0.00s Real=0.00s
[2024-10-12T11:10:24.440+0800][info] GC(768) Concurrent Mark From Roots 6.002ms
[2024-10-12T11:10:24.440+0800][info] GC(768) Concurrent Preclean
[2024-10-12T11:10:24.442+0800][info] GC(768) Concurrent Preclean 1.710ms
[2024-10-12T11:10:24.442+0800][info] GC(768) Pause Remark
[2024-10-12T11:10:24.444+0800][info] GC(768) Pause Remark 110M->110M(128M) 1.553ms
[2024-10-12T11:10:24.444+0800][info] GC(768) User=0.01s Sys=0.00s Real=0.00s
[2024-10-12T11:10:24.444+0800][info] GC(768) Concurrent Mark 9.512ms
[2024-10-12T11:10:24.444+0800][info] GC(768) Concurrent Rebuild Remembered Sets
[2024-10-12T11:10:24.445+0800][info] GC(768) Concurrent Rebuild Remembered Sets 1.057ms
[2024-10-12T11:10:24.445+0800][info] GC(768) Pause Cleanup
[2024-10-12T11:10:24.445+0800][info] GC(768) Pause Cleanup 110M->110M(128M) 0.258ms
[2024-10-12T11:10:24.445+0800][info] GC(768) User=0.00s Sys=0.00s Real=0.01s
[2024-10-12T11:10:24.445+0800][info] GC(768) Concurrent Cleanup for Next Mark
[2024-10-12T11:10:24.446+0800][info] GC(768) Concurrent Cleanup for Next Mark 0.315ms
[2024-10-12T11:10:24.446+0800][info] GC(768) Concurrent Mark Cycle 11.640ms
[2024-10-12T11:10:24.550+0800][info] GC(771) Pause Young (Prepare Mixed) (G1 Preventive Collection)
[2024-10-12T11:10:24.550+0800][info] GC(771) Using 3 workers of 48 for evacuation
[2024-10-12T11:10:24.551+0800][info] GC(771) To-space exhausted
[2024-10-12T11:10:24.551+0800][info] GC(771)   Pre Evacuate Collection Set: 0.1ms
[2024-10-12T11:10:24.551+0800][info] GC(771)   Merge Heap Roots: 0.1ms
[2024-10-12T11:10:24.551+0800][info] GC(771)   Evacuate Collection Set: 0.6ms
[2024-10-12T11:10:24.551+0800][info] GC(771)   Post Evacuate Collection Set: 0.3ms
[2024-10-12T11:10:24.551+0800][info] GC(771)   Other: 0.3ms
[2024-10-12T11:10:24.551+0800][info] GC(771) Eden regions: 1->0(2)
[2024-10-12T11:10:24.551+0800][info] GC(771) Survivor regions: 1->1(1)
[2024-10-12T11:10:24.551+0800][info] GC(771) Old regions: 56->57
[2024-10-12T11:10:24.551+0800][info] GC(771) Archive regions: 2->2
[2024-10-12T11:10:24.551+0800][info] GC(771) Humongous regions: 3->3
[2024-10-12T11:10:24.551+0800][info] GC(771) Metaspace: 1695K(1856K)->1695K(1856K) NonClass: 1570K(1664K)->1570K(1664K) Class: 124K(192K)->124K(192K)
[2024-10-12T11:10:24.551+0800][info] GC(771) Pause Young (Prepare Mixed) (G1 Preventive Collection) 111M->113M(128M) 1.394ms
[2024-10-12T11:10:24.551+0800][info] GC(771) User=0.00s Sys=0.01s Real=0.00s
[2024-10-12T11:10:24.613+0800][info] GC(772) Pause Young (Mixed) (G1 Evacuation Pause)
[2024-10-12T11:10:24.613+0800][info] GC(772) Using 3 workers of 48 for evacuation
[2024-10-12T11:10:24.617+0800][info] GC(772) To-space exhausted
[2024-10-12T11:10:24.617+0800][info] GC(772)   Pre Evacuate Collection Set: 0.2ms
[2024-10-12T11:10:24.617+0800][info] GC(772)   Merge Heap Roots: 0.1ms
[2024-10-12T11:10:24.617+0800][info] GC(772)   Evacuate Collection Set: 2.4ms
[2024-10-12T11:10:24.617+0800][info] GC(772)   Post Evacuate Collection Set: 1.9ms
[2024-10-12T11:10:24.617+0800][info] GC(772)   Other: 0.2ms
[2024-10-12T11:10:24.617+0800][info] GC(772) Eden regions: 1->0(3)
[2024-10-12T11:10:24.617+0800][info] GC(772) Survivor regions: 1->0(0)
[2024-10-12T11:10:24.617+0800][info] GC(772) Old regions: 57->59
[2024-10-12T11:10:24.617+0800][info] GC(772) Archive regions: 2->2
[2024-10-12T11:10:24.617+0800][info] GC(772) Humongous regions: 3->3
[2024-10-12T11:10:24.617+0800][info] GC(772) Metaspace: 1695K(1856K)->1695K(1856K) NonClass: 1570K(1664K)->1570K(1664K) Class: 124K(192K)->124K(192K)
[2024-10-12T11:10:24.617+0800][info] GC(772) Pause Young (Mixed) (G1 Evacuation Pause) 115M->115M(128M) 4.925ms
[2024-10-12T11:10:24.617+0800][info] GC(772) User=0.01s Sys=0.00s Real=0.01s
[2024-10-12T11:10:24.617+0800][info] Attempting full compaction
[2024-10-12T11:10:24.617+0800][info] GC(773) Using 3 workers of 48 for full compaction
[2024-10-12T11:10:24.618+0800][info] GC(773) Pause Full (G1 Compaction Pause)
[2024-10-12T11:10:24.618+0800][info] GC(773) Phase 1: Mark live objects
[2024-10-12T11:10:24.621+0800][info] GC(773) Phase 1: Mark live objects 3.432ms
[2024-10-12T11:10:24.621+0800][info] GC(773) Phase 2: Prepare for compaction
[2024-10-12T11:10:24.622+0800][info] GC(773) Phase 2: Prepare for compaction 0.725ms
[2024-10-12T11:10:24.622+0800][info] GC(773) Phase 3: Adjust pointers
[2024-10-12T11:10:24.624+0800][info] GC(773) Phase 3: Adjust pointers 1.796ms
[2024-10-12T11:10:24.624+0800][info] GC(773) Phase 4: Compact heap
[2024-10-12T11:10:24.635+0800][info] GC(773) Phase 4: Compact heap 11.068ms
[2024-10-12T11:10:24.636+0800][info] GC(773) Eden regions: 0->0(4)
[2024-10-12T11:10:24.636+0800][info] GC(773) Survivor regions: 0->0(0)
[2024-10-12T11:10:24.636+0800][info] GC(773) Old regions: 59->38
[2024-10-12T11:10:24.636+0800][info] GC(773) Archive regions: 2->2
[2024-10-12T11:10:24.636+0800][info] GC(773) Humongous regions: 3->3
[2024-10-12T11:10:24.636+0800][info] GC(773) Metaspace: 1695K(1856K)->1695K(1856K) NonClass: 1570K(1664K)->1570K(1664K) Class: 124K(192K)->124K(192K)
[2024-10-12T11:10:24.636+0800][info] GC(773) Pause Full (G1 Compaction Pause) 115M->72M(128M) 18.648ms
[2024-10-12T11:10:24.636+0800][info] GC(773) User=0.04s Sys=0.01s Real=0.02s
[2024-10-12T11:10:24.841+0800][info] GC(774) Pause Young (Normal) (G1 Evacuation Pause)
[2024-10-12T11:10:24.841+0800][info] GC(774) Using 3 workers of 48 for evacuation
[2024-10-12T11:10:24.843+0800][info] GC(774)   Pre Evacuate Collection Set: 0.1ms
[2024-10-12T11:10:24.843+0800][info] GC(774)   Merge Heap Roots: 0.1ms
[2024-10-12T11:10:24.843+0800][info] GC(774)   Evacuate Collection Set: 1.3ms
[2024-10-12T11:10:24.843+0800][info] GC(774)   Post Evacuate Collection Set: 0.2ms
[2024-10-12T11:10:24.843+0800][info] GC(774)   Other: 0.3ms
[2024-10-12T11:10:24.843+0800][info] GC(774) Eden regions: 4->0(2)
[2024-10-12T11:10:24.843+0800][info] GC(774) Survivor regions: 0->1(1)
[2024-10-12T11:10:24.843+0800][info] GC(774) Old regions: 38->41
[2024-10-12T11:10:24.843+0800][info] GC(774) Archive regions: 2->2
[2024-10-12T11:10:24.843+0800][info] GC(774) Humongous regions: 3->3
[2024-10-12T11:10:24.843+0800][info] GC(774) Metaspace: 1695K(1856K)->1695K(1856K) NonClass: 1570K(1664K)->1570K(1664K) Class: 124K(192K)->124K(192K)
[2024-10-12T11:10:24.843+0800][info] GC(774) Pause Young (Normal) (G1 Evacuation Pause) 79M->80M(128M) 2.063ms
[2024-10-12T11:10:24.843+0800][info] GC(774) User=0.01s Sys=0.00s Real=0.00s
[2024-10-12T11:10:24.945+0800][info] GC(775) Pause Young (Normal) (G1 Evacuation Pause)
[2024-10-12T11:10:24.945+0800][info] GC(775) Using 3 workers of 48 for evacuation
[2024-10-12T11:10:24.947+0800][info] GC(775)   Pre Evacuate Collection Set: 0.1ms
[2024-10-12T11:10:24.947+0800][info] GC(775)   Merge Heap Roots: 0.0ms
[2024-10-12T11:10:24.947+0800][info] GC(775)   Evacuate Collection Set: 0.8ms
[2024-10-12T11:10:24.947+0800][info] GC(775)   Post Evacuate Collection Set: 0.2ms
[2024-10-12T11:10:24.947+0800][info] GC(775)   Other: 0.2ms
[2024-10-12T11:10:24.947+0800][info] GC(775) Eden regions: 2->0(2)
[2024-10-12T11:10:24.947+0800][info] GC(775) Survivor regions: 1->1(1)
[2024-10-12T11:10:24.947+0800][info] GC(775) Old regions: 41->43
[2024-10-12T11:10:24.947+0800][info] GC(775) Archive regions: 2->2
[2024-10-12T11:10:24.947+0800][info] GC(775) Humongous regions: 3->3
[2024-10-12T11:10:24.947+0800][info] GC(775) Metaspace: 1695K(1856K)->1695K(1856K) NonClass: 1570K(1664K)->1570K(1664K) Class: 124K(192K)->124K(192K)
[2024-10-12T11:10:24.947+0800][info] GC(775) Pause Young (Normal) (G1 Evacuation Pause) 83M->83M(128M) 1.440ms
[2024-10-12T11:10:24.947+0800][info] GC(775) User=0.00s Sys=0.00s Real=0.00s
[2024-10-12T11:10:25.049+0800][info] GC(776) Pause Young (Normal) (G1 Evacuation Pause)
[2024-10-12T11:10:25.049+0800][info] GC(776) Using 3 workers of 48 for evacuation
[2024-10-12T11:10:25.050+0800][info] GC(776)   Pre Evacuate Collection Set: 0.1ms
[2024-10-12T11:10:25.050+0800][info] GC(776)   Merge Heap Roots: 0.1ms
[2024-10-12T11:10:25.050+0800][info] GC(776)   Evacuate Collection Set: 0.9ms
[2024-10-12T11:10:25.050+0800][info] GC(776)   Post Evacuate Collection Set: 0.2ms
[2024-10-12T11:10:25.050+0800][info] GC(776)   Other: 0.2ms
[2024-10-12T11:10:25.050+0800][info] GC(776) Eden regions: 2->0(2)
[2024-10-12T11:10:25.050+0800][info] GC(776) Survivor regions: 1->1(1)
[2024-10-12T11:10:25.050+0800][info] GC(776) Old regions: 43->45
[2024-10-12T11:10:25.050+0800][info] GC(776) Archive regions: 2->2
[2024-10-12T11:10:25.050+0800][info] GC(776) Humongous regions: 3->3
[2024-10-12T11:10:25.050+0800][info] GC(776) Metaspace: 1695K(1856K)->1695K(1856K) NonClass: 1570K(1664K)->1570K(1664K) Class: 124K(192K)->124K(192K)
[2024-10-12T11:10:25.050+0800][info] GC(776) Pause Young (Normal) (G1 Evacuation Pause) 86M->87M(128M) 1.475ms
[2024-10-12T11:10:25.050+0800][info] GC(776) User=0.00s Sys=0.00s Real=0.00s
[2024-10-12T11:10:25.152+0800][info] GC(777) Pause Young (Normal) (G1 Evacuation Pause)
[2024-10-12T11:10:25.152+0800][info] GC(777) Using 3 workers of 48 for evacuation
[2024-10-12T11:10:25.154+0800][info] GC(777)   Pre Evacuate Collection Set: 0.1ms
[2024-10-12T11:10:25.154+0800][info] GC(777)   Merge Heap Roots: 0.1ms
[2024-10-12T11:10:25.154+0800][info] GC(777)   Evacuate Collection Set: 1.0ms
[2024-10-12T11:10:25.154+0800][info] GC(777)   Post Evacuate Collection Set: 0.2ms
[2024-10-12T11:10:25.154+0800][info] GC(777)   Other: 0.2ms
[2024-10-12T11:10:25.154+0800][info] GC(777) Eden regions: 2->0(2)
[2024-10-12T11:10:25.154+0800][info] GC(777) Survivor regions: 1->1(1)
[2024-10-12T11:10:25.154+0800][info] GC(777) Old regions: 45->47
[2024-10-12T11:10:25.154+0800][info] GC(777) Archive regions: 2->2
[2024-10-12T11:10:25.154+0800][info] GC(777) Humongous regions: 3->3
[2024-10-12T11:10:25.154+0800][info] GC(777) Metaspace: 1695K(1856K)->1695K(1856K) NonClass: 1570K(1664K)->1570K(1664K) Class: 124K(192K)->124K(192K)
[2024-10-12T11:10:25.154+0800][info] GC(777) Pause Young (Normal) (G1 Evacuation Pause) 90M->90M(128M) 1.701ms
[2024-10-12T11:10:25.154+0800][info] GC(777) User=0.00s Sys=0.00s Real=0.01s
[2024-10-12T11:10:25.256+0800][info] GC(778) Pause Young (Concurrent Start) (G1 Evacuation Pause)
[2024-10-12T11:10:25.256+0800][info] GC(778) Using 3 workers of 48 for evacuation
[2024-10-12T11:10:25.258+0800][info] GC(778)   Pre Evacuate Collection Set: 0.1ms
[2024-10-12T11:10:25.258+0800][info] GC(778)   Merge Heap Roots: 0.1ms
[2024-10-12T11:10:25.258+0800][info] GC(778)   Evacuate Collection Set: 1.0ms
[2024-10-12T11:10:25.258+0800][info] GC(778)   Post Evacuate Collection Set: 0.2ms
[2024-10-12T11:10:25.258+0800][info] GC(778)   Other: 0.4ms
[2024-10-12T11:10:25.258+0800][info] GC(778) Eden regions: 2->0(2)
[2024-10-12T11:10:25.258+0800][info] GC(778) Survivor regions: 1->1(1)
[2024-10-12T11:10:25.258+0800][info] GC(778) Old regions: 47->49
[2024-10-12T11:10:25.258+0800][info] GC(778) Archive regions: 2->2
[2024-10-12T11:10:25.258+0800][info] GC(778) Humongous regions: 3->3
[2024-10-12T11:10:25.258+0800][info] GC(778) Metaspace: 1695K(1856K)->1695K(1856K) NonClass: 1570K(1664K)->1570K(1664K) Class: 124K(192K)->124K(192K)
[2024-10-12T11:10:25.258+0800][info] GC(778) Pause Young (Concurrent Start) (G1 Evacuation Pause) 94M->94M(128M) 1.813ms
[2024-10-12T11:10:25.258+0800][info] GC(778) User=0.00s Sys=0.00s Real=0.00s
[2024-10-12T11:10:25.258+0800][info] GC(779) Concurrent Mark Cycle
[2024-10-12T11:10:25.258+0800][info] GC(779) Concurrent Clear Claimed Marks
[2024-10-12T11:10:25.258+0800][info] GC(779) Concurrent Clear Claimed Marks 0.014ms
[2024-10-12T11:10:25.258+0800][info] GC(779) Concurrent Scan Root Regions
[2024-10-12T11:10:25.258+0800][info] GC(779) Concurrent Scan Root Regions 0.154ms
[2024-10-12T11:10:25.258+0800][info] GC(779) Concurrent Mark
[2024-10-12T11:10:25.258+0800][info] GC(779) Concurrent Mark From Roots
[2024-10-12T11:10:25.258+0800][info] GC(779) Using 12 workers of 12 for marking
[2024-10-12T11:10:25.262+0800][info] GC(779) Concurrent Mark From Roots 4.425ms
[2024-10-12T11:10:25.263+0800][info] GC(779) Concurrent Preclean
[2024-10-12T11:10:25.264+0800][info] GC(779) Concurrent Preclean 1.682ms
[2024-10-12T11:10:25.264+0800][info] GC(779) Pause Remark
[2024-10-12T11:10:25.266+0800][info] GC(779) Pause Remark 95M->95M(128M) 1.500ms
[2024-10-12T11:10:25.266+0800][info] GC(779) User=0.00s Sys=0.00s Real=0.01s
[2024-10-12T11:10:25.266+0800][info] GC(779) Concurrent Mark 7.818ms
[2024-10-12T11:10:25.266+0800][info] GC(779) Concurrent Rebuild Remembered Sets
[2024-10-12T11:10:25.267+0800][info] GC(779) Concurrent Rebuild Remembered Sets 1.111ms
[2024-10-12T11:10:25.267+0800][info] GC(779) Pause Cleanup
[2024-10-12T11:10:25.267+0800][info] GC(779) Pause Cleanup 95M->95M(128M) 0.142ms
[2024-10-12T11:10:25.267+0800][info] GC(779) User=0.00s Sys=0.00s Real=0.00s
[2024-10-12T11:10:25.267+0800][info] GC(779) Concurrent Cleanup for Next Mark
[2024-10-12T11:10:25.268+0800][info] GC(779) Concurrent Cleanup for Next Mark 0.369ms
[2024-10-12T11:10:25.268+0800][info] GC(779) Concurrent Mark Cycle 9.830ms
[2024-10-12T11:10:25.411+0800][info] GC(780) Pause Young (Prepare Mixed) (G1 Evacuation Pause)
[2024-10-12T11:10:25.411+0800][info] GC(780) Using 3 workers of 48 for evacuation
[2024-10-12T11:10:25.413+0800][info] GC(780)   Pre Evacuate Collection Set: 0.1ms
[2024-10-12T11:10:25.413+0800][info] GC(780)   Merge Heap Roots: 0.1ms
[2024-10-12T11:10:25.413+0800][info] GC(780)   Evacuate Collection Set: 1.0ms
[2024-10-12T11:10:25.413+0800][info] GC(780)   Post Evacuate Collection Set: 0.2ms
[2024-10-12T11:10:25.413+0800][info] GC(780)   Other: 0.2ms
[2024-10-12T11:10:25.413+0800][info] GC(780) Eden regions: 2->0(2)
[2024-10-12T11:10:25.413+0800][info] GC(780) Survivor regions: 1->1(1)
[2024-10-12T11:10:25.413+0800][info] GC(780) Old regions: 49->51
[2024-10-12T11:10:25.413+0800][info] GC(780) Archive regions: 2->2
[2024-10-12T11:10:25.413+0800][info] GC(780) Humongous regions: 3->3
[2024-10-12T11:10:25.413+0800][info] GC(780) Metaspace: 1695K(1856K)->1695K(1856K) NonClass: 1570K(1664K)->1570K(1664K) Class: 124K(192K)->124K(192K)
[2024-10-12T11:10:25.413+0800][info] GC(780) Pause Young (Prepare Mixed) (G1 Evacuation Pause) 98M->98M(128M) 1.683ms
[2024-10-12T11:10:25.413+0800][info] GC(780) User=0.00s Sys=0.00s Real=0.00s
[2024-10-12T11:10:25.474+0800][info] GC(781) Pause Young (Mixed) (G1 Preventive Collection)
[2024-10-12T11:10:25.474+0800][info] GC(781) Using 3 workers of 48 for evacuation
[2024-10-12T11:10:25.480+0800][info] GC(781) To-space exhausted
[2024-10-12T11:10:25.480+0800][info] GC(781)   Pre Evacuate Collection Set: 0.2ms
[2024-10-12T11:10:25.480+0800][info] GC(781)   Merge Heap Roots: 0.1ms
[2024-10-12T11:10:25.480+0800][info] GC(781)   Evacuate Collection Set: 4.2ms
[2024-10-12T11:10:25.480+0800][info] GC(781)   Post Evacuate Collection Set: 1.2ms
[2024-10-12T11:10:25.480+0800][info] GC(781)   Other: 0.2ms
[2024-10-12T11:10:25.480+0800][info] GC(781) Eden regions: 1->0(2)
[2024-10-12T11:10:25.480+0800][info] GC(781) Survivor regions: 1->1(1)
[2024-10-12T11:10:25.480+0800][info] GC(781) Old regions: 51->56
[2024-10-12T11:10:25.480+0800][info] GC(781) Archive regions: 2->2
[2024-10-12T11:10:25.480+0800][info] GC(781) Humongous regions: 3->3
[2024-10-12T11:10:25.480+0800][info] GC(781) Metaspace: 1695K(1856K)->1695K(1856K) NonClass: 1570K(1664K)->1570K(1664K) Class: 124K(192K)->124K(192K)
[2024-10-12T11:10:25.480+0800][info] GC(781) Pause Young (Mixed) (G1 Preventive Collection) 100M->110M(128M) 6.083ms
[2024-10-12T11:10:25.480+0800][info] GC(781) User=0.02s Sys=0.00s Real=0.00s
[2024-10-12T11:10:25.521+0800][info] GC(782) Pause Young (Concurrent Start) (G1 Preventive Collection)
[2024-10-12T11:10:25.521+0800][info] GC(782) Using 3 workers of 48 for evacuation
[2024-10-12T11:10:25.522+0800][info] GC(782) To-space exhausted
[2024-10-12T11:10:25.522+0800][info] GC(782)   Pre Evacuate Collection Set: 0.1ms
[2024-10-12T11:10:25.522+0800][info] GC(782)   Merge Heap Roots: 0.1ms
[2024-10-12T11:10:25.522+0800][info] GC(782)   Evacuate Collection Set: 0.8ms
[2024-10-12T11:10:25.522+0800][info] GC(782)   Post Evacuate Collection Set: 0.2ms
[2024-10-12T11:10:25.522+0800][info] GC(782)   Other: 0.4ms
[2024-10-12T11:10:25.523+0800][info] GC(782) Eden regions: 1->0(2)
[2024-10-12T11:10:25.523+0800][info] GC(782) Survivor regions: 1->1(1)
[2024-10-12T11:10:25.523+0800][info] GC(782) Old regions: 56->57
[2024-10-12T11:10:25.523+0800][info] GC(782) Archive regions: 2->2
[2024-10-12T11:10:25.523+0800][info] GC(782) Humongous regions: 3->3
[2024-10-12T11:10:25.523+0800][info] GC(782) Metaspace: 1695K(1856K)->1695K(1856K) NonClass: 1570K(1664K)->1570K(1664K) Class: 124K(192K)->124K(192K)
[2024-10-12T11:10:25.523+0800][info] GC(782) Pause Young (Concurrent Start) (G1 Preventive Collection) 111M->111M(128M) 1.680ms
[2024-10-12T11:10:25.523+0800][info] GC(782) User=0.00s Sys=0.01s Real=0.00s
[2024-10-12T11:10:25.523+0800][info] GC(783) Concurrent Mark Cycle
[2024-10-12T11:10:25.523+0800][info] GC(783) Concurrent Clear Claimed Marks
[2024-10-12T11:10:25.523+0800][info] GC(783) Concurrent Clear Claimed Marks 0.019ms
[2024-10-12T11:10:25.523+0800][info] GC(783) Concurrent Scan Root Regions
[2024-10-12T11:10:25.523+0800][info] GC(783) Concurrent Scan Root Regions 0.164ms
[2024-10-12T11:10:25.523+0800][info] GC(783) Concurrent Mark
[2024-10-12T11:10:25.523+0800][info] GC(783) Concurrent Mark From Roots
[2024-10-12T11:10:25.523+0800][info] GC(783) Using 12 workers of 12 for marking
[2024-10-12T11:10:25.527+0800][info] GC(783) Concurrent Mark From Roots 3.909ms
[2024-10-12T11:10:25.527+0800][info] GC(783) Concurrent Preclean
[2024-10-12T11:10:25.529+0800][info] GC(783) Concurrent Preclean 1.795ms
[2024-10-12T11:10:25.529+0800][info] GC(783) Pause Remark
[2024-10-12T11:10:25.530+0800][info] GC(783) Pause Remark 112M->112M(128M) 1.465ms
[2024-10-12T11:10:25.530+0800][info] GC(783) User=0.01s Sys=0.00s Real=0.00s
[2024-10-12T11:10:25.530+0800][info] GC(783) Concurrent Mark 7.349ms
[2024-10-12T11:10:25.530+0800][info] GC(783) Concurrent Rebuild Remembered Sets
[2024-10-12T11:10:25.531+0800][info] GC(783) Concurrent Rebuild Remembered Sets 1.159ms
[2024-10-12T11:10:25.532+0800][info] GC(783) Pause Cleanup
[2024-10-12T11:10:25.532+0800][info] GC(783) Pause Cleanup 112M->112M(128M) 0.152ms
[2024-10-12T11:10:25.532+0800][info] GC(783) User=0.00s Sys=0.00s Real=0.00s
[2024-10-12T11:10:25.532+0800][info] GC(783) Concurrent Cleanup for Next Mark
[2024-10-12T11:10:25.532+0800][info] GC(783) Concurrent Cleanup for Next Mark 0.377ms
[2024-10-12T11:10:25.532+0800][info] GC(783) Concurrent Mark Cycle 9.470ms
[2024-10-12T11:10:25.635+0800][info] GC(784) Pause Young (Prepare Mixed) (G1 Evacuation Pause)
[2024-10-12T11:10:25.635+0800][info] GC(784) Using 3 workers of 48 for evacuation
[2024-10-12T11:10:25.636+0800][info] GC(784) To-space exhausted
[2024-10-12T11:10:25.636+0800][info] GC(784)   Pre Evacuate Collection Set: 0.1ms
[2024-10-12T11:10:25.636+0800][info] GC(784)   Merge Heap Roots: 0.1ms
[2024-10-12T11:10:25.636+0800][info] GC(784)   Evacuate Collection Set: 0.2ms
[2024-10-12T11:10:25.636+0800][info] GC(784)   Post Evacuate Collection Set: 0.3ms
[2024-10-12T11:10:25.636+0800][info] GC(784)   Other: 0.2ms
[2024-10-12T11:10:25.636+0800][info] GC(784) Eden regions: 1->0(3)
[2024-10-12T11:10:25.636+0800][info] GC(784) Survivor regions: 1->0(0)
[2024-10-12T11:10:25.636+0800][info] GC(784) Old regions: 57->59
[2024-10-12T11:10:25.636+0800][info] GC(784) Archive regions: 2->2
[2024-10-12T11:10:25.636+0800][info] GC(784) Humongous regions: 3->3
[2024-10-12T11:10:25.636+0800][info] GC(784) Metaspace: 1695K(1856K)->1695K(1856K) NonClass: 1570K(1664K)->1570K(1664K) Class: 124K(192K)->124K(192K)
[2024-10-12T11:10:25.636+0800][info] GC(784) Pause Young (Prepare Mixed) (G1 Evacuation Pause) 113M->113M(128M) 0.919ms
[2024-10-12T11:10:25.636+0800][info] GC(784) User=0.01s Sys=0.00s Real=0.00s
[2024-10-12T11:10:25.636+0800][info] Attempting full compaction
[2024-10-12T11:10:25.636+0800][info] GC(785) Using 3 workers of 48 for full compaction
[2024-10-12T11:10:25.636+0800][info] GC(785) Pause Full (G1 Compaction Pause)
[2024-10-12T11:10:25.636+0800][info] GC(785) Phase 1: Mark live objects
[2024-10-12T11:10:25.639+0800][info] GC(785) Phase 1: Mark live objects 3.615ms
[2024-10-12T11:10:25.639+0800][info] GC(785) Phase 2: Prepare for compaction
[2024-10-12T11:10:25.640+0800][info] GC(785) Phase 2: Prepare for compaction 0.767ms
[2024-10-12T11:10:25.640+0800][info] GC(785) Phase 3: Adjust pointers
[2024-10-12T11:10:25.642+0800][info] GC(785) Phase 3: Adjust pointers 1.787ms
[2024-10-12T11:10:25.642+0800][info] GC(785) Phase 4: Compact heap
[2024-10-12T11:10:25.654+0800][info] GC(785) Phase 4: Compact heap 11.723ms
[2024-10-12T11:10:25.655+0800][info] GC(785) Eden regions: 0->0(4)
[2024-10-12T11:10:25.655+0800][info] GC(785) Survivor regions: 0->0(0)
[2024-10-12T11:10:25.655+0800][info] GC(785) Old regions: 59->39
[2024-10-12T11:10:25.655+0800][info] GC(785) Archive regions: 2->2
[2024-10-12T11:10:25.655+0800][info] GC(785) Humongous regions: 3->3
[2024-10-12T11:10:25.655+0800][info] GC(785) Metaspace: 1695K(1856K)->1695K(1856K) NonClass: 1570K(1664K)->1570K(1664K) Class: 124K(192K)->124K(192K)
[2024-10-12T11:10:25.655+0800][info] GC(785) Pause Full (G1 Compaction Pause) 113M->71M(128M) 19.658ms
[2024-10-12T11:10:25.656+0800][info] GC(785) User=0.04s Sys=0.00s Real=0.02s
[2024-10-12T11:10:25.861+0800][info] GC(786) Pause Young (Normal) (G1 Evacuation Pause)
[2024-10-12T11:10:25.861+0800][info] GC(786) Using 3 workers of 48 for evacuation
[2024-10-12T11:10:25.863+0800][info] GC(786)   Pre Evacuate Collection Set: 0.1ms
[2024-10-12T11:10:25.863+0800][info] GC(786)   Merge Heap Roots: 0.1ms
[2024-10-12T11:10:25.863+0800][info] GC(786)   Evacuate Collection Set: 1.7ms
[2024-10-12T11:10:25.863+0800][info] GC(786)   Post Evacuate Collection Set: 0.3ms
[2024-10-12T11:10:25.863+0800][info] GC(786)   Other: 0.2ms
[2024-10-12T11:10:25.863+0800][info] GC(786) Eden regions: 4->0(2)
[2024-10-12T11:10:25.863+0800][info] GC(786) Survivor regions: 0->1(1)
[2024-10-12T11:10:25.863+0800][info] GC(786) Old regions: 39->42
[2024-10-12T11:10:25.863+0800][info] GC(786) Archive regions: 2->2
[2024-10-12T11:10:25.863+0800][info] GC(786) Humongous regions: 3->3
[2024-10-12T11:10:25.863+0800][info] GC(786) Metaspace: 1695K(1856K)->1695K(1856K) NonClass: 1570K(1664K)->1570K(1664K) Class: 124K(192K)->124K(192K)
[2024-10-12T11:10:25.863+0800][info] GC(786) Pause Young (Normal) (G1 Evacuation Pause) 79M->79M(128M) 2.444ms
[2024-10-12T11:10:25.863+0800][info] GC(786) User=0.00s Sys=0.00s Real=0.00s
[2024-10-12T11:10:25.965+0800][info] GC(787) Pause Young (Normal) (G1 Evacuation Pause)
[2024-10-12T11:10:25.965+0800][info] GC(787) Using 3 workers of 48 for evacuation
[2024-10-12T11:10:25.967+0800][info] GC(787)   Pre Evacuate Collection Set: 0.1ms
[2024-10-12T11:10:25.967+0800][info] GC(787)   Merge Heap Roots: 0.0ms
[2024-10-12T11:10:25.967+0800][info] GC(787)   Evacuate Collection Set: 1.0ms
[2024-10-12T11:10:25.967+0800][info] GC(787)   Post Evacuate Collection Set: 0.2ms
[2024-10-12T11:10:25.967+0800][info] GC(787)   Other: 0.2ms
[2024-10-12T11:10:25.967+0800][info] GC(787) Eden regions: 2->0(2)
[2024-10-12T11:10:25.967+0800][info] GC(787) Survivor regions: 1->1(1)
[2024-10-12T11:10:25.967+0800][info] GC(787) Old regions: 42->44
[2024-10-12T11:10:25.967+0800][info] GC(787) Archive regions: 2->2
[2024-10-12T11:10:25.967+0800][info] GC(787) Humongous regions: 3->3
[2024-10-12T11:10:25.967+0800][info] GC(787) Metaspace: 1695K(1856K)->1695K(1856K) NonClass: 1570K(1664K)->1570K(1664K) Class: 124K(192K)->124K(192K)
[2024-10-12T11:10:25.967+0800][info] GC(787) Pause Young (Normal) (G1 Evacuation Pause) 82M->83M(128M) 1.597ms
[2024-10-12T11:10:25.967+0800][info] GC(787) User=0.01s Sys=0.00s Real=0.00s
[2024-10-12T11:10:26.069+0800][info] GC(788) Pause Young (Normal) (G1 Evacuation Pause)
[2024-10-12T11:10:26.069+0800][info] GC(788) Using 3 workers of 48 for evacuation
[2024-10-12T11:10:26.070+0800][info] GC(788)   Pre Evacuate Collection Set: 0.1ms
[2024-10-12T11:10:26.070+0800][info] GC(788)   Merge Heap Roots: 0.0ms
[2024-10-12T11:10:26.070+0800][info] GC(788)   Evacuate Collection Set: 1.0ms
[2024-10-12T11:10:26.070+0800][info] GC(788)   Post Evacuate Collection Set: 0.2ms
[2024-10-12T11:10:26.070+0800][info] GC(788)   Other: 0.2ms
[2024-10-12T11:10:26.070+0800][info] GC(788) Eden regions: 2->0(2)
[2024-10-12T11:10:26.070+0800][info] GC(788) Survivor regions: 1->1(1)
[2024-10-12T11:10:26.070+0800][info] GC(788) Old regions: 44->46
[2024-10-12T11:10:26.070+0800][info] GC(788) Archive regions: 2->2
[2024-10-12T11:10:26.070+0800][info] GC(788) Humongous regions: 3->3
[2024-10-12T11:10:26.071+0800][info] GC(788) Metaspace: 1695K(1856K)->1695K(1856K) NonClass: 1570K(1664K)->1570K(1664K) Class: 124K(192K)->124K(192K)
[2024-10-12T11:10:26.071+0800][info] GC(788) Pause Young (Normal) (G1 Evacuation Pause) 86M->87M(128M) 1.694ms
[2024-10-12T11:10:26.071+0800][info] GC(788) User=0.00s Sys=0.00s Real=0.00s
[2024-10-12T11:10:26.173+0800][info] GC(789) Pause Young (Concurrent Start) (G1 Evacuation Pause)
[2024-10-12T11:10:26.173+0800][info] GC(789) Using 3 workers of 48 for evacuation
[2024-10-12T11:10:26.174+0800][info] GC(789)   Pre Evacuate Collection Set: 0.1ms
[2024-10-12T11:10:26.174+0800][info] GC(789)   Merge Heap Roots: 0.1ms
[2024-10-12T11:10:26.174+0800][info] GC(789)   Evacuate Collection Set: 0.8ms
[2024-10-12T11:10:26.174+0800][info] GC(789)   Post Evacuate Collection Set: 0.2ms
[2024-10-12T11:10:26.174+0800][info] GC(789)   Other: 0.4ms
[2024-10-12T11:10:26.174+0800][info] GC(789) Eden regions: 2->0(2)
[2024-10-12T11:10:26.174+0800][info] GC(789) Survivor regions: 1->1(1)
[2024-10-12T11:10:26.174+0800][info] GC(789) Old regions: 46->48
[2024-10-12T11:10:26.174+0800][info] GC(789) Archive regions: 2->2
[2024-10-12T11:10:26.174+0800][info] GC(789) Humongous regions: 3->3
[2024-10-12T11:10:26.174+0800][info] GC(789) Metaspace: 1695K(1856K)->1695K(1856K) NonClass: 1570K(1664K)->1570K(1664K) Class: 124K(192K)->124K(192K)
[2024-10-12T11:10:26.175+0800][info] GC(789) Pause Young (Concurrent Start) (G1 Evacuation Pause) 90M->90M(128M) 1.705ms
[2024-10-12T11:10:26.175+0800][info] GC(789) User=0.01s Sys=0.00s Real=0.01s
[2024-10-12T11:10:26.175+0800][info] GC(790) Concurrent Mark Cycle
[2024-10-12T11:10:26.175+0800][info] GC(790) Concurrent Clear Claimed Marks
[2024-10-12T11:10:26.175+0800][info] GC(790) Concurrent Clear Claimed Marks 0.019ms
[2024-10-12T11:10:26.175+0800][info] GC(790) Concurrent Scan Root Regions
[2024-10-12T11:10:26.175+0800][info] GC(790) Concurrent Scan Root Regions 0.167ms
[2024-10-12T11:10:26.175+0800][info] GC(790) Concurrent Mark
[2024-10-12T11:10:26.175+0800][info] GC(790) Concurrent Mark From Roots
[2024-10-12T11:10:26.175+0800][info] GC(790) Using 12 workers of 12 for marking
[2024-10-12T11:10:26.179+0800][info] GC(790) Concurrent Mark From Roots 4.147ms
[2024-10-12T11:10:26.179+0800][info] GC(790) Concurrent Preclean
[2024-10-12T11:10:26.181+0800][info] GC(790) Concurrent Preclean 1.782ms
[2024-10-12T11:10:26.181+0800][info] GC(790) Pause Remark
[2024-10-12T11:10:26.182+0800][info] GC(790) Pause Remark 91M->91M(128M) 1.530ms
[2024-10-12T11:10:26.182+0800][info] GC(790) User=0.01s Sys=0.00s Real=0.00s
[2024-10-12T11:10:26.182+0800][info] GC(790) Concurrent Mark 7.636ms
[2024-10-12T11:10:26.183+0800][info] GC(790) Concurrent Rebuild Remembered Sets
[2024-10-12T11:10:26.184+0800][info] GC(790) Concurrent Rebuild Remembered Sets 1.040ms
[2024-10-12T11:10:26.184+0800][info] GC(790) Pause Cleanup
[2024-10-12T11:10:26.184+0800][info] GC(790) Pause Cleanup 91M->91M(128M) 0.186ms
[2024-10-12T11:10:26.184+0800][info] GC(790) User=0.00s Sys=0.00s Real=0.00s
[2024-10-12T11:10:26.184+0800][info] GC(790) Concurrent Cleanup for Next Mark
[2024-10-12T11:10:26.184+0800][info] GC(790) Concurrent Cleanup for Next Mark 0.433ms
[2024-10-12T11:10:26.184+0800][info] GC(790) Concurrent Mark Cycle 9.771ms
[2024-10-12T11:10:26.327+0800][info] GC(791) Pause Young (Prepare Mixed) (G1 Evacuation Pause)
[2024-10-12T11:10:26.327+0800][info] GC(791) Using 3 workers of 48 for evacuation
[2024-10-12T11:10:26.329+0800][info] GC(791)   Pre Evacuate Collection Set: 0.1ms
[2024-10-12T11:10:26.329+0800][info] GC(791)   Merge Heap Roots: 0.1ms
[2024-10-12T11:10:26.329+0800][info] GC(791)   Evacuate Collection Set: 1.0ms
[2024-10-12T11:10:26.329+0800][info] GC(791)   Post Evacuate Collection Set: 0.2ms
[2024-10-12T11:10:26.329+0800][info] GC(791)   Other: 0.2ms
[2024-10-12T11:10:26.329+0800][info] GC(791) Eden regions: 2->0(2)
[2024-10-12T11:10:26.329+0800][info] GC(791) Survivor regions: 1->1(1)
[2024-10-12T11:10:26.329+0800][info] GC(791) Old regions: 48->50
[2024-10-12T11:10:26.329+0800][info] GC(791) Archive regions: 2->2
[2024-10-12T11:10:26.329+0800][info] GC(791) Humongous regions: 3->3
[2024-10-12T11:10:26.329+0800][info] GC(791) Metaspace: 1695K(1856K)->1695K(1856K) NonClass: 1570K(1664K)->1570K(1664K) Class: 124K(192K)->124K(192K)
[2024-10-12T11:10:26.329+0800][info] GC(791) Pause Young (Prepare Mixed) (G1 Evacuation Pause) 94M->94M(128M) 1.753ms
[2024-10-12T11:10:26.329+0800][info] GC(791) User=0.00s Sys=0.00s Real=0.00s
[2024-10-12T11:10:26.391+0800][info] GC(792) Pause Young (Mixed) (G1 Preventive Collection)
[2024-10-12T11:10:26.391+0800][info] GC(792) Using 3 workers of 48 for evacuation
[2024-10-12T11:10:26.396+0800][info] GC(792) To-space exhausted
[2024-10-12T11:10:26.396+0800][info] GC(792)   Pre Evacuate Collection Set: 0.2ms
[2024-10-12T11:10:26.396+0800][info] GC(792)   Merge Heap Roots: 0.1ms
[2024-10-12T11:10:26.396+0800][info] GC(792)   Evacuate Collection Set: 4.0ms
[2024-10-12T11:10:26.396+0800][info] GC(792)   Post Evacuate Collection Set: 1.0ms
[2024-10-12T11:10:26.396+0800][info] GC(792)   Other: 0.2ms
[2024-10-12T11:10:26.396+0800][info] GC(792) Eden regions: 1->0(2)
[2024-10-12T11:10:26.396+0800][info] GC(792) Survivor regions: 1->1(1)
[2024-10-12T11:10:26.396+0800][info] GC(792) Old regions: 50->57
[2024-10-12T11:10:26.396+0800][info] GC(792) Archive regions: 2->2
[2024-10-12T11:10:26.396+0800][info] GC(792) Humongous regions: 3->3
[2024-10-12T11:10:26.396+0800][info] GC(792) Metaspace: 1695K(1856K)->1695K(1856K) NonClass: 1570K(1664K)->1570K(1664K) Class: 124K(192K)->124K(192K)
[2024-10-12T11:10:26.396+0800][info] GC(792) Pause Young (Mixed) (G1 Preventive Collection) 96M->109M(128M) 5.713ms
[2024-10-12T11:10:26.396+0800][info] GC(792) User=0.01s Sys=0.00s Real=0.01s
[2024-10-12T11:10:26.437+0800][info] GC(793) Pause Young (Concurrent Start) (G1 Evacuation Pause)
[2024-10-12T11:10:26.437+0800][info] GC(793) Using 3 workers of 48 for evacuation
[2024-10-12T11:10:26.438+0800][info] GC(793) To-space exhausted
[2024-10-12T11:10:26.438+0800][info] GC(793)   Pre Evacuate Collection Set: 0.1ms
[2024-10-12T11:10:26.438+0800][info] GC(793)   Merge Heap Roots: 0.1ms
[2024-10-12T11:10:26.438+0800][info] GC(793)   Evacuate Collection Set: 0.4ms
[2024-10-12T11:10:26.438+0800][info] GC(793)   Post Evacuate Collection Set: 0.2ms
[2024-10-12T11:10:26.438+0800][info] GC(793)   Other: 0.3ms
[2024-10-12T11:10:26.438+0800][info] GC(793) Eden regions: 1->0(3)
[2024-10-12T11:10:26.438+0800][info] GC(793) Survivor regions: 1->0(0)
[2024-10-12T11:10:26.438+0800][info] GC(793) Old regions: 57->59
[2024-10-12T11:10:26.438+0800][info] GC(793) Archive regions: 2->2
[2024-10-12T11:10:26.438+0800][info] GC(793) Humongous regions: 3->3
[2024-10-12T11:10:26.438+0800][info] GC(793) Metaspace: 1695K(1856K)->1695K(1856K) NonClass: 1570K(1664K)->1570K(1664K) Class: 124K(192K)->124K(192K)
[2024-10-12T11:10:26.438+0800][info] GC(793) Pause Young (Concurrent Start) (G1 Evacuation Pause) 111M->111M(128M) 1.248ms
[2024-10-12T11:10:26.438+0800][info] GC(793) User=0.00s Sys=0.00s Real=0.00s
[2024-10-12T11:10:26.438+0800][info] Attempting full compaction
[2024-10-12T11:10:26.439+0800][info] GC(794) Concurrent Mark Cycle
[2024-10-12T11:10:26.439+0800][info] GC(795) Using 3 workers of 48 for full compaction
[2024-10-12T11:10:26.439+0800][info] GC(794) Concurrent Clear Claimed Marks
[2024-10-12T11:10:26.439+0800][info] GC(794) Concurrent Clear Claimed Marks 0.059ms
[2024-10-12T11:10:26.439+0800][info] GC(794) Concurrent Scan Root Regions
[2024-10-12T11:10:26.439+0800][info] GC(795) Pause Full (G1 Compaction Pause)
[2024-10-12T11:10:26.439+0800][info] GC(794) Concurrent Scan Root Regions 0.024ms
[2024-10-12T11:10:26.439+0800][info] GC(794) Concurrent Mark
[2024-10-12T11:10:26.439+0800][info] GC(794) Concurrent Mark From Roots
[2024-10-12T11:10:26.439+0800][info] GC(794) Using 12 workers of 12 for marking
[2024-10-12T11:10:26.439+0800][info] GC(795) Phase 1: Mark live objects
[2024-10-12T11:10:26.443+0800][info] GC(795) Phase 1: Mark live objects 3.536ms
[2024-10-12T11:10:26.443+0800][info] GC(795) Phase 2: Prepare for compaction
[2024-10-12T11:10:26.443+0800][info] GC(795) Phase 2: Prepare for compaction 0.668ms
[2024-10-12T11:10:26.443+0800][info] GC(795) Phase 3: Adjust pointers
[2024-10-12T11:10:26.445+0800][info] GC(795) Phase 3: Adjust pointers 1.785ms
[2024-10-12T11:10:26.445+0800][info] GC(795) Phase 4: Compact heap
[2024-10-12T11:10:26.459+0800][info] GC(795) Phase 4: Compact heap 14.012ms
[2024-10-12T11:10:26.461+0800][info] GC(795) Eden regions: 0->0(4)
[2024-10-12T11:10:26.461+0800][info] GC(795) Survivor regions: 0->0(0)
[2024-10-12T11:10:26.461+0800][info] GC(795) Old regions: 59->39
[2024-10-12T11:10:26.461+0800][info] GC(795) Archive regions: 2->2
[2024-10-12T11:10:26.461+0800][info] GC(795) Humongous regions: 3->3
[2024-10-12T11:10:26.461+0800][info] GC(795) Metaspace: 1695K(1856K)->1695K(1856K) NonClass: 1570K(1664K)->1570K(1664K) Class: 124K(192K)->124K(192K)
[2024-10-12T11:10:26.461+0800][info] GC(795) Pause Full (G1 Compaction Pause) 111M->72M(128M) 22.062ms
[2024-10-12T11:10:26.461+0800][info] GC(795) User=0.04s Sys=0.00s Real=0.02s
[2024-10-12T11:10:26.461+0800][info] GC(794) Concurrent Mark From Roots 22.206ms
[2024-10-12T11:10:26.461+0800][info] GC(794) Concurrent Mark Abort
[2024-10-12T11:10:26.461+0800][info] GC(794) Concurrent Mark Cycle 22.504ms
[2024-10-12T11:10:26.686+0800][info] GC(796) Pause Young (Normal) (G1 Evacuation Pause)
[2024-10-12T11:10:26.686+0800][info] GC(796) Using 3 workers of 48 for evacuation
[2024-10-12T11:10:26.688+0800][info] GC(796)   Pre Evacuate Collection Set: 0.1ms
[2024-10-12T11:10:26.688+0800][info] GC(796)   Merge Heap Roots: 0.0ms
[2024-10-12T11:10:26.688+0800][info] GC(796)   Evacuate Collection Set: 1.5ms
[2024-10-12T11:10:26.688+0800][info] GC(796)   Post Evacuate Collection Set: 0.3ms
[2024-10-12T11:10:26.688+0800][info] GC(796)   Other: 0.2ms
[2024-10-12T11:10:26.688+0800][info] GC(796) Eden regions: 4->0(2)
[2024-10-12T11:10:26.688+0800][info] GC(796) Survivor regions: 0->1(1)
[2024-10-12T11:10:26.688+0800][info] GC(796) Old regions: 39->43
[2024-10-12T11:10:26.688+0800][info] GC(796) Archive regions: 2->2
[2024-10-12T11:10:26.688+0800][info] GC(796) Humongous regions: 3->3
[2024-10-12T11:10:26.688+0800][info] GC(796) Metaspace: 1695K(1856K)->1695K(1856K) NonClass: 1570K(1664K)->1570K(1664K) Class: 124K(192K)->124K(192K)
[2024-10-12T11:10:26.688+0800][info] GC(796) Pause Young (Normal) (G1 Evacuation Pause) 80M->80M(128M) 2.256ms
[2024-10-12T11:10:26.688+0800][info] GC(796) User=0.00s Sys=0.00s Real=0.00s
[2024-10-12T11:10:26.790+0800][info] GC(797) Pause Young (Normal) (G1 Evacuation Pause)
[2024-10-12T11:10:26.790+0800][info] GC(797) Using 3 workers of 48 for evacuation
[2024-10-12T11:10:26.792+0800][info] GC(797)   Pre Evacuate Collection Set: 0.1ms
[2024-10-12T11:10:26.792+0800][info] GC(797)   Merge Heap Roots: 0.0ms
[2024-10-12T11:10:26.792+0800][info] GC(797)   Evacuate Collection Set: 1.0ms
[2024-10-12T11:10:26.792+0800][info] GC(797)   Post Evacuate Collection Set: 0.2ms
[2024-10-12T11:10:26.792+0800][info] GC(797)   Other: 0.2ms
[2024-10-12T11:10:26.792+0800][info] GC(797) Eden regions: 2->0(2)
[2024-10-12T11:10:26.792+0800][info] GC(797) Survivor regions: 1->1(1)
[2024-10-12T11:10:26.792+0800][info] GC(797) Old regions: 43->45
[2024-10-12T11:10:26.792+0800][info] GC(797) Archive regions: 2->2
[2024-10-12T11:10:26.792+0800][info] GC(797) Humongous regions: 3->3
[2024-10-12T11:10:26.792+0800][info] GC(797) Metaspace: 1695K(1856K)->1695K(1856K) NonClass: 1570K(1664K)->1570K(1664K) Class: 124K(192K)->124K(192K)
[2024-10-12T11:10:26.792+0800][info] GC(797) Pause Young (Normal) (G1 Evacuation Pause) 84M->84M(128M) 1.606ms
[2024-10-12T11:10:26.792+0800][info] GC(797) User=0.01s Sys=0.00s Real=0.00s
[2024-10-12T11:10:26.792+0800][info] GC(798) Pause Young (Concurrent Start) (G1 Humongous Allocation)
[2024-10-12T11:10:26.792+0800][info] GC(798) Using 3 workers of 48 for evacuation
[2024-10-12T11:10:26.793+0800][info] GC(798)   Pre Evacuate Collection Set: 0.1ms
[2024-10-12T11:10:26.793+0800][info] GC(798)   Merge Heap Roots: 0.0ms
[2024-10-12T11:10:26.793+0800][info] GC(798)   Evacuate Collection Set: 0.5ms
[2024-10-12T11:10:26.793+0800][info] GC(798)   Post Evacuate Collection Set: 0.2ms
[2024-10-12T11:10:26.793+0800][info] GC(798)   Other: 0.3ms
[2024-10-12T11:10:26.793+0800][info] GC(798) Eden regions: 1->0(2)
[2024-10-12T11:10:26.793+0800][info] GC(798) Survivor regions: 1->1(1)
[2024-10-12T11:10:26.793+0800][info] GC(798) Old regions: 45->46
[2024-10-12T11:10:26.793+0800][info] GC(798) Archive regions: 2->2
[2024-10-12T11:10:26.793+0800][info] GC(798) Humongous regions: 3->3
[2024-10-12T11:10:26.793+0800][info] GC(798) Metaspace: 1695K(1856K)->1695K(1856K) NonClass: 1570K(1664K)->1570K(1664K) Class: 124K(192K)->124K(192K)
[2024-10-12T11:10:26.793+0800][info] GC(798) Pause Young (Concurrent Start) (G1 Humongous Allocation) 85M->85M(128M) 1.225ms
[2024-10-12T11:10:26.793+0800][info] GC(798) User=0.00s Sys=0.01s Real=0.01s
[2024-10-12T11:10:26.793+0800][info] GC(799) Concurrent Mark Cycle
[2024-10-12T11:10:26.793+0800][info] GC(799) Concurrent Clear Claimed Marks
[2024-10-12T11:10:26.793+0800][info] GC(799) Concurrent Clear Claimed Marks 0.018ms
[2024-10-12T11:10:26.794+0800][info] GC(799) Concurrent Scan Root Regions
[2024-10-12T11:10:26.794+0800][info] GC(799) Concurrent Scan Root Regions 0.155ms
[2024-10-12T11:10:26.794+0800][info] GC(799) Concurrent Mark
[2024-10-12T11:10:26.794+0800][info] GC(799) Concurrent Mark From Roots
[2024-10-12T11:10:26.794+0800][info] GC(799) Using 12 workers of 12 for marking
[2024-10-12T11:10:26.798+0800][info] GC(799) Concurrent Mark From Roots 3.923ms
[2024-10-12T11:10:26.798+0800][info] GC(799) Concurrent Preclean
[2024-10-12T11:10:26.799+0800][info] GC(799) Concurrent Preclean 1.768ms
[2024-10-12T11:10:26.799+0800][info] GC(799) Pause Remark
[2024-10-12T11:10:26.801+0800][info] GC(799) Pause Remark 87M->87M(128M) 1.489ms
[2024-10-12T11:10:26.801+0800][info] GC(799) User=0.00s Sys=0.00s Real=0.00s
[2024-10-12T11:10:26.801+0800][info] GC(799) Concurrent Mark 7.353ms
[2024-10-12T11:10:26.801+0800][info] GC(799) Concurrent Rebuild Remembered Sets
[2024-10-12T11:10:26.802+0800][info] GC(799) Concurrent Rebuild Remembered Sets 0.878ms
[2024-10-12T11:10:26.802+0800][info] GC(799) Pause Cleanup
[2024-10-12T11:10:26.802+0800][info] GC(799) Pause Cleanup 87M->87M(128M) 0.224ms
[2024-10-12T11:10:26.802+0800][info] GC(799) User=0.00s Sys=0.00s Real=0.00s
[2024-10-12T11:10:26.802+0800][info] GC(799) Concurrent Cleanup for Next Mark
[2024-10-12T11:10:26.803+0800][info] GC(799) Concurrent Cleanup for Next Mark 0.372ms
[2024-10-12T11:10:26.803+0800][info] GC(799) Concurrent Mark Cycle 9.305ms
[2024-10-12T11:10:26.968+0800][info] GC(800) Pause Young (Prepare Mixed) (G1 Evacuation Pause)
[2024-10-12T11:10:26.968+0800][info] GC(800) Using 3 workers of 48 for evacuation
[2024-10-12T11:10:26.969+0800][info] GC(800)   Pre Evacuate Collection Set: 0.1ms
[2024-10-12T11:10:26.969+0800][info] GC(800)   Merge Heap Roots: 0.1ms
[2024-10-12T11:10:26.969+0800][info] GC(800)   Evacuate Collection Set: 0.9ms
[2024-10-12T11:10:26.969+0800][info] GC(800)   Post Evacuate Collection Set: 0.2ms
[2024-10-12T11:10:26.969+0800][info] GC(800)   Other: 0.2ms
[2024-10-12T11:10:26.969+0800][info] GC(800) Eden regions: 2->0(2)
[2024-10-12T11:10:26.969+0800][info] GC(800) Survivor regions: 1->1(1)
[2024-10-12T11:10:26.969+0800][info] GC(800) Old regions: 46->47
[2024-10-12T11:10:26.969+0800][info] GC(800) Archive regions: 2->2
[2024-10-12T11:10:26.969+0800][info] GC(800) Humongous regions: 4->3
[2024-10-12T11:10:26.969+0800][info] GC(800) Metaspace: 1695K(1856K)->1695K(1856K) NonClass: 1570K(1664K)->1570K(1664K) Class: 124K(192K)->124K(192K)
[2024-10-12T11:10:26.969+0800][info] GC(800) Pause Young (Prepare Mixed) (G1 Evacuation Pause) 91M->89M(128M) 1.609ms
[2024-10-12T11:10:26.969+0800][info] GC(800) User=0.01s Sys=0.00s Real=0.00s
[2024-10-12T11:10:27.031+0800][info] GC(801) Pause Young (Mixed) (G1 Preventive Collection)
[2024-10-12T11:10:27.031+0800][info] GC(801) Using 3 workers of 48 for evacuation
[2024-10-12T11:10:27.037+0800][info] GC(801) To-space exhausted
[2024-10-12T11:10:27.037+0800][info] GC(801)   Pre Evacuate Collection Set: 0.1ms
[2024-10-12T11:10:27.037+0800][info] GC(801)   Merge Heap Roots: 0.1ms
[2024-10-12T11:10:27.037+0800][info] GC(801)   Evacuate Collection Set: 4.9ms
[2024-10-12T11:10:27.037+0800][info] GC(801)   Post Evacuate Collection Set: 1.0ms
[2024-10-12T11:10:27.037+0800][info] GC(801)   Other: 0.3ms
[2024-10-12T11:10:27.037+0800][info] GC(801) Eden regions: 1->0(2)
[2024-10-12T11:10:27.037+0800][info] GC(801) Survivor regions: 1->1(1)
[2024-10-12T11:10:27.037+0800][info] GC(801) Old regions: 47->57
[2024-10-12T11:10:27.037+0800][info] GC(801) Archive regions: 2->2
[2024-10-12T11:10:27.037+0800][info] GC(801) Humongous regions: 3->3
[2024-10-12T11:10:27.037+0800][info] GC(801) Metaspace: 1695K(1856K)->1695K(1856K) NonClass: 1570K(1664K)->1570K(1664K) Class: 124K(192K)->124K(192K)
[2024-10-12T11:10:27.037+0800][info] GC(801) Pause Young (Mixed) (G1 Preventive Collection) 91M->110M(128M) 6.540ms
[2024-10-12T11:10:27.037+0800][info] GC(801) User=0.01s Sys=0.01s Real=0.01s
[2024-10-12T11:10:27.079+0800][info] GC(802) Pause Young (Concurrent Start) (G1 Evacuation Pause)
[2024-10-12T11:10:27.079+0800][info] GC(802) Using 3 workers of 48 for evacuation
[2024-10-12T11:10:27.080+0800][info] GC(802) To-space exhausted
[2024-10-12T11:10:27.080+0800][info] GC(802)   Pre Evacuate Collection Set: 0.1ms
[2024-10-12T11:10:27.080+0800][info] GC(802)   Merge Heap Roots: 0.1ms
[2024-10-12T11:10:27.080+0800][info] GC(802)   Evacuate Collection Set: 0.3ms
[2024-10-12T11:10:27.080+0800][info] GC(802)   Post Evacuate Collection Set: 0.3ms
[2024-10-12T11:10:27.080+0800][info] GC(802)   Other: 0.4ms
[2024-10-12T11:10:27.080+0800][info] GC(802) Eden regions: 1->0(3)
[2024-10-12T11:10:27.080+0800][info] GC(802) Survivor regions: 1->0(0)
[2024-10-12T11:10:27.080+0800][info] GC(802) Old regions: 57->59
[2024-10-12T11:10:27.080+0800][info] GC(802) Archive regions: 2->2
[2024-10-12T11:10:27.080+0800][info] GC(802) Humongous regions: 3->3
[2024-10-12T11:10:27.080+0800][info] GC(802) Metaspace: 1695K(1856K)->1695K(1856K) NonClass: 1570K(1664K)->1570K(1664K) Class: 124K(192K)->124K(192K)
[2024-10-12T11:10:27.080+0800][info] GC(802) Pause Young (Concurrent Start) (G1 Evacuation Pause) 111M->111M(128M) 1.233ms
[2024-10-12T11:10:27.080+0800][info] GC(802) User=0.00s Sys=0.00s Real=0.00s
[2024-10-12T11:10:27.080+0800][info] Attempting full compaction
[2024-10-12T11:10:27.080+0800][info] GC(803) Concurrent Mark Cycle
[2024-10-12T11:10:27.080+0800][info] GC(804) Using 3 workers of 48 for full compaction
[2024-10-12T11:10:27.080+0800][info] GC(803) Concurrent Clear Claimed Marks
[2024-10-12T11:10:27.080+0800][info] GC(803) Concurrent Clear Claimed Marks 0.061ms
[2024-10-12T11:10:27.080+0800][info] GC(803) Concurrent Scan Root Regions
[2024-10-12T11:10:27.080+0800][info] GC(803) Concurrent Scan Root Regions 0.024ms
[2024-10-12T11:10:27.080+0800][info] GC(803) Concurrent Mark
[2024-10-12T11:10:27.080+0800][info] GC(803) Concurrent Mark From Roots
[2024-10-12T11:10:27.080+0800][info] GC(803) Using 12 workers of 12 for marking
[2024-10-12T11:10:27.080+0800][info] GC(804) Pause Full (G1 Compaction Pause)
[2024-10-12T11:10:27.081+0800][info] GC(804) Phase 1: Mark live objects
[2024-10-12T11:10:27.084+0800][info] GC(804) Phase 1: Mark live objects 3.633ms
[2024-10-12T11:10:27.084+0800][info] GC(804) Phase 2: Prepare for compaction
[2024-10-12T11:10:27.085+0800][info] GC(804) Phase 2: Prepare for compaction 0.463ms
[2024-10-12T11:10:27.085+0800][info] GC(804) Phase 3: Adjust pointers
[2024-10-12T11:10:27.087+0800][info] GC(804) Phase 3: Adjust pointers 1.764ms
[2024-10-12T11:10:27.087+0800][info] GC(804) Phase 4: Compact heap
[2024-10-12T11:10:27.096+0800][info] GC(804) Phase 4: Compact heap 9.649ms
[2024-10-12T11:10:27.098+0800][info] GC(804) Eden regions: 0->0(4)
[2024-10-12T11:10:27.098+0800][info] GC(804) Survivor regions: 0->0(0)
[2024-10-12T11:10:27.098+0800][info] GC(804) Old regions: 59->38
[2024-10-12T11:10:27.098+0800][info] GC(804) Archive regions: 2->2
[2024-10-12T11:10:27.098+0800][info] GC(804) Humongous regions: 3->3
[2024-10-12T11:10:27.098+0800][info] GC(804) Metaspace: 1695K(1856K)->1695K(1856K) NonClass: 1570K(1664K)->1570K(1664K) Class: 124K(192K)->124K(192K)
[2024-10-12T11:10:27.098+0800][info] GC(804) Pause Full (G1 Compaction Pause) 111M->72M(128M) 17.675ms
[2024-10-12T11:10:27.098+0800][info] GC(804) User=0.05s Sys=0.00s Real=0.02s
[2024-10-12T11:10:27.098+0800][info] GC(803) Concurrent Mark From Roots 17.850ms
[2024-10-12T11:10:27.098+0800][info] GC(803) Concurrent Mark Abort
[2024-10-12T11:10:27.098+0800][info] GC(803) Concurrent Mark Cycle 18.089ms
[2024-10-12T11:10:27.323+0800][info] GC(805) Pause Young (Normal) (G1 Evacuation Pause)
[2024-10-12T11:10:27.323+0800][info] GC(805) Using 3 workers of 48 for evacuation
[2024-10-12T11:10:27.325+0800][info] GC(805)   Pre Evacuate Collection Set: 0.1ms
[2024-10-12T11:10:27.325+0800][info] GC(805)   Merge Heap Roots: 0.1ms
[2024-10-12T11:10:27.325+0800][info] GC(805)   Evacuate Collection Set: 1.5ms
[2024-10-12T11:10:27.325+0800][info] GC(805)   Post Evacuate Collection Set: 0.2ms
[2024-10-12T11:10:27.325+0800][info] GC(805)   Other: 0.2ms
[2024-10-12T11:10:27.325+0800][info] GC(805) Eden regions: 4->0(2)
[2024-10-12T11:10:27.325+0800][info] GC(805) Survivor regions: 0->1(1)
[2024-10-12T11:10:27.325+0800][info] GC(805) Old regions: 38->42
[2024-10-12T11:10:27.325+0800][info] GC(805) Archive regions: 2->2
[2024-10-12T11:10:27.325+0800][info] GC(805) Humongous regions: 3->3
[2024-10-12T11:10:27.325+0800][info] GC(805) Metaspace: 1695K(1856K)->1695K(1856K) NonClass: 1570K(1664K)->1570K(1664K) Class: 124K(192K)->124K(192K)
[2024-10-12T11:10:27.325+0800][info] GC(805) Pause Young (Normal) (G1 Evacuation Pause) 79M->80M(128M) 2.288ms
[2024-10-12T11:10:27.325+0800][info] GC(805) User=0.00s Sys=0.00s Real=0.01s
[2024-10-12T11:10:27.427+0800][info] GC(806) Pause Young (Normal) (G1 Evacuation Pause)
[2024-10-12T11:10:27.427+0800][info] GC(806) Using 3 workers of 48 for evacuation
[2024-10-12T11:10:27.429+0800][info] GC(806)   Pre Evacuate Collection Set: 0.1ms
[2024-10-12T11:10:27.429+0800][info] GC(806)   Merge Heap Roots: 0.0ms
[2024-10-12T11:10:27.429+0800][info] GC(806)   Evacuate Collection Set: 0.9ms
[2024-10-12T11:10:27.429+0800][info] GC(806)   Post Evacuate Collection Set: 0.2ms
[2024-10-12T11:10:27.429+0800][info] GC(806)   Other: 0.2ms
[2024-10-12T11:10:27.429+0800][info] GC(806) Eden regions: 2->0(2)
[2024-10-12T11:10:27.429+0800][info] GC(806) Survivor regions: 1->1(1)
[2024-10-12T11:10:27.429+0800][info] GC(806) Old regions: 42->43
[2024-10-12T11:10:27.429+0800][info] GC(806) Archive regions: 2->2
[2024-10-12T11:10:27.429+0800][info] GC(806) Humongous regions: 3->3
[2024-10-12T11:10:27.429+0800][info] GC(806) Metaspace: 1695K(1856K)->1695K(1856K) NonClass: 1570K(1664K)->1570K(1664K) Class: 124K(192K)->124K(192K)
[2024-10-12T11:10:27.429+0800][info] GC(806) Pause Young (Normal) (G1 Evacuation Pause) 84M->83M(128M) 1.561ms
[2024-10-12T11:10:27.429+0800][info] GC(806) User=0.00s Sys=0.00s Real=0.00s
[2024-10-12T11:10:27.531+0800][info] GC(807) Pause Young (Normal) (G1 Evacuation Pause)
[2024-10-12T11:10:27.531+0800][info] GC(807) Using 3 workers of 48 for evacuation
[2024-10-12T11:10:27.532+0800][info] GC(807)   Pre Evacuate Collection Set: 0.1ms
[2024-10-12T11:10:27.532+0800][info] GC(807)   Merge Heap Roots: 0.0ms
[2024-10-12T11:10:27.532+0800][info] GC(807)   Evacuate Collection Set: 1.0ms
[2024-10-12T11:10:27.532+0800][info] GC(807)   Post Evacuate Collection Set: 0.2ms
[2024-10-12T11:10:27.532+0800][info] GC(807)   Other: 0.2ms
[2024-10-12T11:10:27.532+0800][info] GC(807) Eden regions: 2->0(2)
[2024-10-12T11:10:27.532+0800][info] GC(807) Survivor regions: 1->1(1)
[2024-10-12T11:10:27.532+0800][info] GC(807) Old regions: 43->45
[2024-10-12T11:10:27.532+0800][info] GC(807) Archive regions: 2->2
[2024-10-12T11:10:27.532+0800][info] GC(807) Humongous regions: 3->3
[2024-10-12T11:10:27.532+0800][info] GC(807) Metaspace: 1695K(1856K)->1695K(1856K) NonClass: 1570K(1664K)->1570K(1664K) Class: 124K(192K)->124K(192K)
[2024-10-12T11:10:27.533+0800][info] GC(807) Pause Young (Normal) (G1 Evacuation Pause) 87M->87M(128M) 1.635ms
[2024-10-12T11:10:27.533+0800][info] GC(807) User=0.01s Sys=0.00s Real=0.00s
[2024-10-12T11:10:27.634+0800][info] GC(808) Pause Young (Normal) (G1 Evacuation Pause)
[2024-10-12T11:10:27.634+0800][info] GC(808) Using 3 workers of 48 for evacuation
[2024-10-12T11:10:27.636+0800][info] GC(808)   Pre Evacuate Collection Set: 0.1ms
[2024-10-12T11:10:27.636+0800][info] GC(808)   Merge Heap Roots: 0.1ms
[2024-10-12T11:10:27.636+0800][info] GC(808)   Evacuate Collection Set: 0.9ms
[2024-10-12T11:10:27.636+0800][info] GC(808)   Post Evacuate Collection Set: 0.2ms
[2024-10-12T11:10:27.636+0800][info] GC(808)   Other: 0.2ms
[2024-10-12T11:10:27.636+0800][info] GC(808) Eden regions: 2->0(2)
[2024-10-12T11:10:27.636+0800][info] GC(808) Survivor regions: 1->1(1)
[2024-10-12T11:10:27.636+0800][info] GC(808) Old regions: 45->47
[2024-10-12T11:10:27.636+0800][info] GC(808) Archive regions: 2->2
[2024-10-12T11:10:27.636+0800][info] GC(808) Humongous regions: 3->3
[2024-10-12T11:10:27.636+0800][info] GC(808) Metaspace: 1695K(1856K)->1695K(1856K) NonClass: 1570K(1664K)->1570K(1664K) Class: 124K(192K)->124K(192K)
[2024-10-12T11:10:27.636+0800][info] GC(808) Pause Young (Normal) (G1 Evacuation Pause) 91M->91M(128M) 1.514ms
[2024-10-12T11:10:27.636+0800][info] GC(808) User=0.00s Sys=0.00s Real=0.00s
[2024-10-12T11:10:27.738+0800][info] GC(809) Pause Young (Concurrent Start) (G1 Evacuation Pause)
[2024-10-12T11:10:27.738+0800][info] GC(809) Using 3 workers of 48 for evacuation
[2024-10-12T11:10:27.740+0800][info] GC(809)   Pre Evacuate Collection Set: 0.1ms
[2024-10-12T11:10:27.740+0800][info] GC(809)   Merge Heap Roots: 0.1ms
[2024-10-12T11:10:27.740+0800][info] GC(809)   Evacuate Collection Set: 1.1ms
[2024-10-12T11:10:27.740+0800][info] GC(809)   Post Evacuate Collection Set: 0.2ms
[2024-10-12T11:10:27.740+0800][info] GC(809)   Other: 0.4ms
[2024-10-12T11:10:27.740+0800][info] GC(809) Eden regions: 2->0(2)
[2024-10-12T11:10:27.740+0800][info] GC(809) Survivor regions: 1->1(1)
[2024-10-12T11:10:27.740+0800][info] GC(809) Old regions: 47->49
[2024-10-12T11:10:27.740+0800][info] GC(809) Archive regions: 2->2
[2024-10-12T11:10:27.740+0800][info] GC(809) Humongous regions: 3->3
[2024-10-12T11:10:27.740+0800][info] GC(809) Metaspace: 1695K(1856K)->1695K(1856K) NonClass: 1570K(1664K)->1570K(1664K) Class: 124K(192K)->124K(192K)
[2024-10-12T11:10:27.740+0800][info] GC(809) Pause Young (Concurrent Start) (G1 Evacuation Pause) 95M->95M(128M) 1.882ms
[2024-10-12T11:10:27.740+0800][info] GC(809) User=0.00s Sys=0.00s Real=0.00s
[2024-10-12T11:10:27.740+0800][info] GC(810) Concurrent Mark Cycle
[2024-10-12T11:10:27.740+0800][info] GC(810) Concurrent Clear Claimed Marks
[2024-10-12T11:10:27.740+0800][info] GC(810) Concurrent Clear Claimed Marks 0.018ms
[2024-10-12T11:10:27.740+0800][info] GC(810) Concurrent Scan Root Regions
[2024-10-12T11:10:27.741+0800][info] GC(810) Concurrent Scan Root Regions 0.142ms
[2024-10-12T11:10:27.741+0800][info] GC(810) Concurrent Mark
[2024-10-12T11:10:27.741+0800][info] GC(810) Concurrent Mark From Roots
[2024-10-12T11:10:27.741+0800][info] GC(810) Using 12 workers of 12 for marking
[2024-10-12T11:10:27.746+0800][info] GC(810) Concurrent Mark From Roots 5.792ms
[2024-10-12T11:10:27.746+0800][info] GC(810) Concurrent Preclean
[2024-10-12T11:10:27.748+0800][info] GC(810) Concurrent Preclean 1.699ms
[2024-10-12T11:10:27.748+0800][info] GC(810) Pause Remark
[2024-10-12T11:10:27.750+0800][info] GC(810) Pause Remark 96M->94M(128M) 1.629ms
[2024-10-12T11:10:27.750+0800][info] GC(810) User=0.01s Sys=0.00s Real=0.00s
[2024-10-12T11:10:27.750+0800][info] GC(810) Concurrent Mark 9.364ms
[2024-10-12T11:10:27.750+0800][info] GC(810) Concurrent Rebuild Remembered Sets
[2024-10-12T11:10:27.751+0800][info] GC(810) Concurrent Rebuild Remembered Sets 1.291ms
[2024-10-12T11:10:27.751+0800][info] GC(810) Pause Cleanup
[2024-10-12T11:10:27.752+0800][info] GC(810) Pause Cleanup 94M->94M(128M) 0.172ms
[2024-10-12T11:10:27.752+0800][info] GC(810) User=0.00s Sys=0.00s Real=0.00s
[2024-10-12T11:10:27.752+0800][info] GC(810) Concurrent Cleanup for Next Mark
[2024-10-12T11:10:27.752+0800][info] GC(810) Concurrent Cleanup for Next Mark 0.418ms
[2024-10-12T11:10:27.752+0800][info] GC(810) Concurrent Mark Cycle 11.696ms
[2024-10-12T11:10:27.893+0800][info] GC(811) Pause Young (Prepare Mixed) (G1 Evacuation Pause)
[2024-10-12T11:10:27.893+0800][info] GC(811) Using 3 workers of 48 for evacuation
[2024-10-12T11:10:27.895+0800][info] GC(811)   Pre Evacuate Collection Set: 0.1ms
[2024-10-12T11:10:27.895+0800][info] GC(811)   Merge Heap Roots: 0.1ms
[2024-10-12T11:10:27.895+0800][info] GC(811)   Evacuate Collection Set: 1.1ms
[2024-10-12T11:10:27.895+0800][info] GC(811)   Post Evacuate Collection Set: 0.2ms
[2024-10-12T11:10:27.895+0800][info] GC(811)   Other: 0.2ms
[2024-10-12T11:10:27.895+0800][info] GC(811) Eden regions: 2->0(2)
[2024-10-12T11:10:27.895+0800][info] GC(811) Survivor regions: 1->1(1)
[2024-10-12T11:10:27.895+0800][info] GC(811) Old regions: 48->50
[2024-10-12T11:10:27.895+0800][info] GC(811) Archive regions: 2->2
[2024-10-12T11:10:27.895+0800][info] GC(811) Humongous regions: 3->3
[2024-10-12T11:10:27.895+0800][info] GC(811) Metaspace: 1695K(1856K)->1695K(1856K) NonClass: 1570K(1664K)->1570K(1664K) Class: 124K(192K)->124K(192K)
[2024-10-12T11:10:27.895+0800][info] GC(811) Pause Young (Prepare Mixed) (G1 Evacuation Pause) 97M->97M(128M) 1.873ms
[2024-10-12T11:10:27.895+0800][info] GC(811) User=0.01s Sys=0.00s Real=0.00s
[2024-10-12T11:10:27.957+0800][info] GC(812) Pause Young (Mixed) (G1 Preventive Collection)
[2024-10-12T11:10:27.957+0800][info] GC(812) Using 3 workers of 48 for evacuation
[2024-10-12T11:10:27.963+0800][info] GC(812) To-space exhausted
[2024-10-12T11:10:27.963+0800][info] GC(812)   Pre Evacuate Collection Set: 0.1ms
[2024-10-12T11:10:27.963+0800][info] GC(812)   Merge Heap Roots: 0.1ms
[2024-10-12T11:10:27.963+0800][info] GC(812)   Evacuate Collection Set: 3.9ms
[2024-10-12T11:10:27.963+0800][info] GC(812)   Post Evacuate Collection Set: 1.7ms
[2024-10-12T11:10:27.963+0800][info] GC(812)   Other: 0.2ms
[2024-10-12T11:10:27.963+0800][info] GC(812) Eden regions: 1->0(2)
[2024-10-12T11:10:27.963+0800][info] GC(812) Survivor regions: 1->1(1)
[2024-10-12T11:10:27.963+0800][info] GC(812) Old regions: 50->56
[2024-10-12T11:10:27.963+0800][info] GC(812) Archive regions: 2->2
[2024-10-12T11:10:27.963+0800][info] GC(812) Humongous regions: 3->3
[2024-10-12T11:10:27.963+0800][info] GC(812) Metaspace: 1695K(1856K)->1695K(1856K) NonClass: 1570K(1664K)->1570K(1664K) Class: 124K(192K)->124K(192K)
[2024-10-12T11:10:27.963+0800][info] GC(812) Pause Young (Mixed) (G1 Preventive Collection) 99M->110M(128M) 6.192ms
[2024-10-12T11:10:27.963+0800][info] GC(812) User=0.01s Sys=0.00s Real=0.00s
[2024-10-12T11:10:28.004+0800][info] GC(813) Pause Young (Concurrent Start) (G1 Preventive Collection)
[2024-10-12T11:10:28.004+0800][info] GC(813) Using 3 workers of 48 for evacuation
[2024-10-12T11:10:28.006+0800][info] GC(813) To-space exhausted
[2024-10-12T11:10:28.006+0800][info] GC(813)   Pre Evacuate Collection Set: 0.1ms
[2024-10-12T11:10:28.006+0800][info] GC(813)   Merge Heap Roots: 0.1ms
[2024-10-12T11:10:28.006+0800][info] GC(813)   Evacuate Collection Set: 1.0ms
[2024-10-12T11:10:28.006+0800][info] GC(813)   Post Evacuate Collection Set: 0.2ms
[2024-10-12T11:10:28.006+0800][info] GC(813)   Other: 0.4ms
[2024-10-12T11:10:28.006+0800][info] GC(813) Eden regions: 1->0(2)
[2024-10-12T11:10:28.006+0800][info] GC(813) Survivor regions: 1->1(1)
[2024-10-12T11:10:28.006+0800][info] GC(813) Old regions: 56->57
[2024-10-12T11:10:28.006+0800][info] GC(813) Archive regions: 2->2
[2024-10-12T11:10:28.006+0800][info] GC(813) Humongous regions: 3->3
[2024-10-12T11:10:28.006+0800][info] GC(813) Metaspace: 1695K(1856K)->1695K(1856K) NonClass: 1570K(1664K)->1570K(1664K) Class: 124K(192K)->124K(192K)
[2024-10-12T11:10:28.006+0800][info] GC(813) Pause Young (Concurrent Start) (G1 Preventive Collection) 112M->111M(128M) 1.845ms
[2024-10-12T11:10:28.006+0800][info] GC(813) User=0.01s Sys=0.00s Real=0.01s
[2024-10-12T11:10:28.006+0800][info] GC(814) Concurrent Mark Cycle
[2024-10-12T11:10:28.006+0800][info] GC(814) Concurrent Clear Claimed Marks
[2024-10-12T11:10:28.006+0800][info] GC(814) Concurrent Clear Claimed Marks 0.014ms
[2024-10-12T11:10:28.006+0800][info] GC(814) Concurrent Scan Root Regions
[2024-10-12T11:10:28.006+0800][info] GC(814) Concurrent Scan Root Regions 0.164ms
[2024-10-12T11:10:28.006+0800][info] GC(814) Concurrent Mark
[2024-10-12T11:10:28.006+0800][info] GC(814) Concurrent Mark From Roots
[2024-10-12T11:10:28.006+0800][info] GC(814) Using 12 workers of 12 for marking
[2024-10-12T11:10:28.011+0800][info] GC(814) Concurrent Mark From Roots 5.068ms
[2024-10-12T11:10:28.011+0800][info] GC(814) Concurrent Preclean
[2024-10-12T11:10:28.013+0800][info] GC(814) Concurrent Preclean 1.683ms
[2024-10-12T11:10:28.013+0800][info] GC(814) Pause Remark
[2024-10-12T11:10:28.015+0800][info] GC(814) Pause Remark 112M->110M(128M) 1.495ms
[2024-10-12T11:10:28.015+0800][info] GC(814) User=0.00s Sys=0.00s Real=0.00s
[2024-10-12T11:10:28.015+0800][info] GC(814) Concurrent Mark 8.470ms
[2024-10-12T11:10:28.015+0800][info] GC(814) Concurrent Rebuild Remembered Sets
[2024-10-12T11:10:28.016+0800][info] GC(814) Concurrent Rebuild Remembered Sets 1.144ms
[2024-10-12T11:10:28.016+0800][info] GC(814) Pause Cleanup
[2024-10-12T11:10:28.016+0800][info] GC(814) Pause Cleanup 110M->110M(128M) 0.155ms
[2024-10-12T11:10:28.016+0800][info] GC(814) User=0.00s Sys=0.00s Real=0.00s
[2024-10-12T11:10:28.016+0800][info] GC(814) Concurrent Cleanup for Next Mark
[2024-10-12T11:10:28.016+0800][info] GC(814) Concurrent Cleanup for Next Mark 0.360ms
[2024-10-12T11:10:28.017+0800][info] GC(814) Concurrent Mark Cycle 10.531ms
[2024-10-12T11:10:28.118+0800][info] GC(815) Pause Young (Prepare Mixed) (G1 Preventive Collection)
[2024-10-12T11:10:28.118+0800][info] GC(815) Using 3 workers of 48 for evacuation
[2024-10-12T11:10:28.119+0800][info] GC(815) To-space exhausted
[2024-10-12T11:10:28.119+0800][info] GC(815)   Pre Evacuate Collection Set: 0.1ms
[2024-10-12T11:10:28.119+0800][info] GC(815)   Merge Heap Roots: 0.1ms
[2024-10-12T11:10:28.119+0800][info] GC(815)   Evacuate Collection Set: 0.7ms
[2024-10-12T11:10:28.119+0800][info] GC(815)   Post Evacuate Collection Set: 0.3ms
[2024-10-12T11:10:28.119+0800][info] GC(815)   Other: 0.2ms
[2024-10-12T11:10:28.119+0800][info] GC(815) Eden regions: 1->0(2)
[2024-10-12T11:10:28.119+0800][info] GC(815) Survivor regions: 1->1(1)
[2024-10-12T11:10:28.119+0800][info] GC(815) Old regions: 56->57
[2024-10-12T11:10:28.119+0800][info] GC(815) Archive regions: 2->2
[2024-10-12T11:10:28.119+0800][info] GC(815) Humongous regions: 3->3
[2024-10-12T11:10:28.120+0800][info] GC(815) Metaspace: 1695K(1856K)->1695K(1856K) NonClass: 1570K(1664K)->1570K(1664K) Class: 124K(192K)->124K(192K)
[2024-10-12T11:10:28.120+0800][info] GC(815) Pause Young (Prepare Mixed) (G1 Preventive Collection) 112M->112M(128M) 1.457ms
[2024-10-12T11:10:28.120+0800][info] GC(815) User=0.00s Sys=0.00s Real=0.00s
[2024-10-12T11:10:28.161+0800][info] GC(816) Pause Young (Mixed) (G1 Evacuation Pause)
[2024-10-12T11:10:28.161+0800][info] GC(816) Using 3 workers of 48 for evacuation
[2024-10-12T11:10:28.165+0800][info] GC(816) To-space exhausted
[2024-10-12T11:10:28.165+0800][info] GC(816)   Pre Evacuate Collection Set: 0.1ms
[2024-10-12T11:10:28.165+0800][info] GC(816)   Merge Heap Roots: 0.1ms
[2024-10-12T11:10:28.165+0800][info] GC(816)   Evacuate Collection Set: 2.5ms
[2024-10-12T11:10:28.165+0800][info] GC(816)   Post Evacuate Collection Set: 2.0ms
[2024-10-12T11:10:28.165+0800][info] GC(816)   Other: 0.2ms
[2024-10-12T11:10:28.165+0800][info] GC(816) Eden regions: 1->0(3)
[2024-10-12T11:10:28.165+0800][info] GC(816) Survivor regions: 1->0(0)
[2024-10-12T11:10:28.165+0800][info] GC(816) Old regions: 57->59
[2024-10-12T11:10:28.166+0800][info] GC(816) Archive regions: 2->2
[2024-10-12T11:10:28.166+0800][info] GC(816) Humongous regions: 3->3
[2024-10-12T11:10:28.166+0800][info] GC(816) Metaspace: 1695K(1856K)->1695K(1856K) NonClass: 1570K(1664K)->1570K(1664K) Class: 124K(192K)->124K(192K)
[2024-10-12T11:10:28.166+0800][info] GC(816) Pause Young (Mixed) (G1 Evacuation Pause) 113M->113M(128M) 5.053ms
[2024-10-12T11:10:28.166+0800][info] GC(816) User=0.01s Sys=0.00s Real=0.01s
[2024-10-12T11:10:28.166+0800][info] Attempting full compaction
[2024-10-12T11:10:28.166+0800][info] GC(817) Using 3 workers of 48 for full compaction
[2024-10-12T11:10:28.166+0800][info] GC(817) Pause Full (G1 Compaction Pause)
[2024-10-12T11:10:28.166+0800][info] GC(817) Phase 1: Mark live objects
[2024-10-12T11:10:28.169+0800][info] GC(817) Phase 1: Mark live objects 3.506ms
[2024-10-12T11:10:28.169+0800][info] GC(817) Phase 2: Prepare for compaction
[2024-10-12T11:10:28.170+0800][info] GC(817) Phase 2: Prepare for compaction 0.656ms
[2024-10-12T11:10:28.170+0800][info] GC(817) Phase 3: Adjust pointers
[2024-10-12T11:10:28.172+0800][info] GC(817) Phase 3: Adjust pointers 1.780ms
[2024-10-12T11:10:28.172+0800][info] GC(817) Phase 4: Compact heap
[2024-10-12T11:10:28.185+0800][info] GC(817) Phase 4: Compact heap 12.888ms
[2024-10-12T11:10:28.186+0800][info] GC(817) Eden regions: 0->0(4)
[2024-10-12T11:10:28.186+0800][info] GC(817) Survivor regions: 0->0(0)
[2024-10-12T11:10:28.186+0800][info] GC(817) Old regions: 59->38
[2024-10-12T11:10:28.186+0800][info] GC(817) Archive regions: 2->2
[2024-10-12T11:10:28.186+0800][info] GC(817) Humongous regions: 3->3
[2024-10-12T11:10:28.186+0800][info] GC(817) Metaspace: 1695K(1856K)->1695K(1856K) NonClass: 1570K(1664K)->1570K(1664K) Class: 124K(192K)->124K(192K)
[2024-10-12T11:10:28.186+0800][info] GC(817) Pause Full (G1 Compaction Pause) 113M->72M(128M) 20.691ms
[2024-10-12T11:10:28.186+0800][info] GC(817) User=0.05s Sys=0.00s Real=0.02s
[2024-10-12T11:10:28.412+0800][info] GC(818) Pause Young (Normal) (G1 Evacuation Pause)
[2024-10-12T11:10:28.412+0800][info] GC(818) Using 3 workers of 48 for evacuation
[2024-10-12T11:10:28.414+0800][info] GC(818)   Pre Evacuate Collection Set: 0.1ms
[2024-10-12T11:10:28.414+0800][info] GC(818)   Merge Heap Roots: 0.1ms
[2024-10-12T11:10:28.414+0800][info] GC(818)   Evacuate Collection Set: 1.2ms
[2024-10-12T11:10:28.414+0800][info] GC(818)   Post Evacuate Collection Set: 0.2ms
[2024-10-12T11:10:28.414+0800][info] GC(818)   Other: 0.3ms
[2024-10-12T11:10:28.414+0800][info] GC(818) Eden regions: 4->0(2)
[2024-10-12T11:10:28.414+0800][info] GC(818) Survivor regions: 0->1(1)
[2024-10-12T11:10:28.414+0800][info] GC(818) Old regions: 38->41
[2024-10-12T11:10:28.414+0800][info] GC(818) Archive regions: 2->2
[2024-10-12T11:10:28.414+0800][info] GC(818) Humongous regions: 3->3
[2024-10-12T11:10:28.414+0800][info] GC(818) Metaspace: 1695K(1856K)->1695K(1856K) NonClass: 1570K(1664K)->1570K(1664K) Class: 124K(192K)->124K(192K)
[2024-10-12T11:10:28.414+0800][info] GC(818) Pause Young (Normal) (G1 Evacuation Pause) 79M->79M(128M) 1.968ms
[2024-10-12T11:10:28.414+0800][info] GC(818) User=0.00s Sys=0.00s Real=0.01s
[2024-10-12T11:10:28.516+0800][info] GC(819) Pause Young (Normal) (G1 Evacuation Pause)
[2024-10-12T11:10:28.516+0800][info] GC(819) Using 3 workers of 48 for evacuation
[2024-10-12T11:10:28.518+0800][info] GC(819)   Pre Evacuate Collection Set: 0.1ms
[2024-10-12T11:10:28.518+0800][info] GC(819)   Merge Heap Roots: 0.1ms
[2024-10-12T11:10:28.518+0800][info] GC(819)   Evacuate Collection Set: 1.0ms
[2024-10-12T11:10:28.518+0800][info] GC(819)   Post Evacuate Collection Set: 0.2ms
[2024-10-12T11:10:28.518+0800][info] GC(819)   Other: 0.2ms
[2024-10-12T11:10:28.518+0800][info] GC(819) Eden regions: 2->0(2)
[2024-10-12T11:10:28.518+0800][info] GC(819) Survivor regions: 1->1(1)
[2024-10-12T11:10:28.518+0800][info] GC(819) Old regions: 41->43
[2024-10-12T11:10:28.518+0800][info] GC(819) Archive regions: 2->2
[2024-10-12T11:10:28.518+0800][info] GC(819) Humongous regions: 3->3
[2024-10-12T11:10:28.518+0800][info] GC(819) Metaspace: 1695K(1856K)->1695K(1856K) NonClass: 1570K(1664K)->1570K(1664K) Class: 124K(192K)->124K(192K)
[2024-10-12T11:10:28.518+0800][info] GC(819) Pause Young (Normal) (G1 Evacuation Pause) 83M->83M(128M) 1.669ms
[2024-10-12T11:10:28.518+0800][info] GC(819) User=0.00s Sys=0.00s Real=0.00s
[2024-10-12T11:10:28.620+0800][info] GC(820) Pause Young (Normal) (G1 Evacuation Pause)
[2024-10-12T11:10:28.620+0800][info] GC(820) Using 3 workers of 48 for evacuation
[2024-10-12T11:10:28.621+0800][info] GC(820)   Pre Evacuate Collection Set: 0.1ms
[2024-10-12T11:10:28.621+0800][info] GC(820)   Merge Heap Roots: 0.1ms
[2024-10-12T11:10:28.621+0800][info] GC(820)   Evacuate Collection Set: 1.1ms
[2024-10-12T11:10:28.621+0800][info] GC(820)   Post Evacuate Collection Set: 0.2ms
[2024-10-12T11:10:28.621+0800][info] GC(820)   Other: 0.2ms
[2024-10-12T11:10:28.621+0800][info] GC(820) Eden regions: 2->0(2)
[2024-10-12T11:10:28.621+0800][info] GC(820) Survivor regions: 1->1(1)
[2024-10-12T11:10:28.621+0800][info] GC(820) Old regions: 43->45
[2024-10-12T11:10:28.621+0800][info] GC(820) Archive regions: 2->2
[2024-10-12T11:10:28.621+0800][info] GC(820) Humongous regions: 3->3
[2024-10-12T11:10:28.621+0800][info] GC(820) Metaspace: 1695K(1856K)->1695K(1856K) NonClass: 1570K(1664K)->1570K(1664K) Class: 124K(192K)->124K(192K)
[2024-10-12T11:10:28.621+0800][info] GC(820) Pause Young (Normal) (G1 Evacuation Pause) 87M->87M(128M) 1.805ms
[2024-10-12T11:10:28.621+0800][info] GC(820) User=0.01s Sys=0.00s Real=0.00s
[2024-10-12T11:10:28.724+0800][info] GC(821) Pause Young (Normal) (G1 Evacuation Pause)
[2024-10-12T11:10:28.724+0800][info] GC(821) Using 3 workers of 48 for evacuation
[2024-10-12T11:10:28.725+0800][info] GC(821)   Pre Evacuate Collection Set: 0.1ms
[2024-10-12T11:10:28.725+0800][info] GC(821)   Merge Heap Roots: 0.1ms
[2024-10-12T11:10:28.725+0800][info] GC(821)   Evacuate Collection Set: 0.8ms
[2024-10-12T11:10:28.725+0800][info] GC(821)   Post Evacuate Collection Set: 0.2ms
[2024-10-12T11:10:28.725+0800][info] GC(821)   Other: 0.2ms
[2024-10-12T11:10:28.725+0800][info] GC(821) Eden regions: 2->0(2)
[2024-10-12T11:10:28.725+0800][info] GC(821) Survivor regions: 1->1(1)
[2024-10-12T11:10:28.725+0800][info] GC(821) Old regions: 45->47
[2024-10-12T11:10:28.725+0800][info] GC(821) Archive regions: 2->2
[2024-10-12T11:10:28.725+0800][info] GC(821) Humongous regions: 3->3
[2024-10-12T11:10:28.725+0800][info] GC(821) Metaspace: 1695K(1856K)->1695K(1856K) NonClass: 1570K(1664K)->1570K(1664K) Class: 124K(192K)->124K(192K)
[2024-10-12T11:10:28.725+0800][info] GC(821) Pause Young (Normal) (G1 Evacuation Pause) 91M->90M(128M) 1.491ms
[2024-10-12T11:10:28.725+0800][info] GC(821) User=0.00s Sys=0.01s Real=0.01s
[2024-10-12T11:10:28.827+0800][info] GC(822) Pause Young (Concurrent Start) (G1 Evacuation Pause)
[2024-10-12T11:10:28.827+0800][info] GC(822) Using 3 workers of 48 for evacuation
[2024-10-12T11:10:28.829+0800][info] GC(822)   Pre Evacuate Collection Set: 0.1ms
[2024-10-12T11:10:28.829+0800][info] GC(822)   Merge Heap Roots: 0.1ms
[2024-10-12T11:10:28.829+0800][info] GC(822)   Evacuate Collection Set: 1.3ms
[2024-10-12T11:10:28.829+0800][info] GC(822)   Post Evacuate Collection Set: 0.2ms
[2024-10-12T11:10:28.829+0800][info] GC(822)   Other: 0.4ms
[2024-10-12T11:10:28.829+0800][info] GC(822) Eden regions: 2->0(2)
[2024-10-12T11:10:28.829+0800][info] GC(822) Survivor regions: 1->1(1)
[2024-10-12T11:10:28.829+0800][info] GC(822) Old regions: 47->49
[2024-10-12T11:10:28.829+0800][info] GC(822) Archive regions: 2->2
[2024-10-12T11:10:28.829+0800][info] GC(822) Humongous regions: 3->3
[2024-10-12T11:10:28.829+0800][info] GC(822) Metaspace: 1695K(1856K)->1695K(1856K) NonClass: 1570K(1664K)->1570K(1664K) Class: 124K(192K)->124K(192K)
[2024-10-12T11:10:28.829+0800][info] GC(822) Pause Young (Concurrent Start) (G1 Evacuation Pause) 94M->94M(128M) 2.117ms
[2024-10-12T11:10:28.829+0800][info] GC(822) User=0.00s Sys=0.00s Real=0.00s
[2024-10-12T11:10:28.829+0800][info] GC(823) Concurrent Mark Cycle
[2024-10-12T11:10:28.829+0800][info] GC(823) Concurrent Clear Claimed Marks
[2024-10-12T11:10:28.829+0800][info] GC(823) Concurrent Clear Claimed Marks 0.018ms
[2024-10-12T11:10:28.829+0800][info] GC(823) Concurrent Scan Root Regions
[2024-10-12T11:10:28.830+0800][info] GC(823) Concurrent Scan Root Regions 0.155ms
[2024-10-12T11:10:28.830+0800][info] GC(823) Concurrent Mark
[2024-10-12T11:10:28.830+0800][info] GC(823) Concurrent Mark From Roots
[2024-10-12T11:10:28.830+0800][info] GC(823) Using 12 workers of 12 for marking
[2024-10-12T11:10:28.834+0800][info] GC(823) Concurrent Mark From Roots 4.059ms
[2024-10-12T11:10:28.834+0800][info] GC(823) Concurrent Preclean
[2024-10-12T11:10:28.835+0800][info] GC(823) Concurrent Preclean 1.748ms
[2024-10-12T11:10:28.835+0800][info] GC(823) Pause Remark
[2024-10-12T11:10:28.837+0800][info] GC(823) Pause Remark 95M->95M(128M) 1.528ms
[2024-10-12T11:10:28.837+0800][info] GC(823) User=0.00s Sys=0.00s Real=0.00s
[2024-10-12T11:10:28.837+0800][info] GC(823) Concurrent Mark 7.522ms
[2024-10-12T11:10:28.837+0800][info] GC(823) Concurrent Rebuild Remembered Sets
[2024-10-12T11:10:28.838+0800][info] GC(823) Concurrent Rebuild Remembered Sets 1.250ms
[2024-10-12T11:10:28.838+0800][info] GC(823) Pause Cleanup
[2024-10-12T11:10:28.839+0800][info] GC(823) Pause Cleanup 95M->95M(128M) 0.169ms
[2024-10-12T11:10:28.839+0800][info] GC(823) User=0.00s Sys=0.00s Real=0.00s
[2024-10-12T11:10:28.839+0800][info] GC(823) Concurrent Cleanup for Next Mark
[2024-10-12T11:10:28.839+0800][info] GC(823) Concurrent Cleanup for Next Mark 0.474ms
[2024-10-12T11:10:28.839+0800][info] GC(823) Concurrent Mark Cycle 9.897ms
[2024-10-12T11:10:28.982+0800][info] GC(824) Pause Young (Prepare Mixed) (G1 Evacuation Pause)
[2024-10-12T11:10:28.982+0800][info] GC(824) Using 3 workers of 48 for evacuation
[2024-10-12T11:10:28.984+0800][info] GC(824)   Pre Evacuate Collection Set: 0.1ms
[2024-10-12T11:10:28.984+0800][info] GC(824)   Merge Heap Roots: 0.1ms
[2024-10-12T11:10:28.984+0800][info] GC(824)   Evacuate Collection Set: 1.1ms
[2024-10-12T11:10:28.984+0800][info] GC(824)   Post Evacuate Collection Set: 0.2ms
[2024-10-12T11:10:28.984+0800][info] GC(824)   Other: 0.2ms
[2024-10-12T11:10:28.984+0800][info] GC(824) Eden regions: 2->0(2)
[2024-10-12T11:10:28.984+0800][info] GC(824) Survivor regions: 1->1(1)
[2024-10-12T11:10:28.984+0800][info] GC(824) Old regions: 49->51
[2024-10-12T11:10:28.984+0800][info] GC(824) Archive regions: 2->2
[2024-10-12T11:10:28.984+0800][info] GC(824) Humongous regions: 3->3
[2024-10-12T11:10:28.984+0800][info] GC(824) Metaspace: 1695K(1856K)->1695K(1856K) NonClass: 1570K(1664K)->1570K(1664K) Class: 124K(192K)->124K(192K)
[2024-10-12T11:10:28.984+0800][info] GC(824) Pause Young (Prepare Mixed) (G1 Evacuation Pause) 98M->98M(128M) 1.810ms
[2024-10-12T11:10:28.984+0800][info] GC(824) User=0.00s Sys=0.00s Real=0.00s
[2024-10-12T11:10:29.046+0800][info] GC(825) Pause Young (Mixed) (G1 Preventive Collection)
[2024-10-12T11:10:29.046+0800][info] GC(825) Using 3 workers of 48 for evacuation
[2024-10-12T11:10:29.051+0800][info] GC(825) To-space exhausted
[2024-10-12T11:10:29.051+0800][info] GC(825)   Pre Evacuate Collection Set: 0.2ms
[2024-10-12T11:10:29.052+0800][info] GC(825)   Merge Heap Roots: 0.1ms
[2024-10-12T11:10:29.052+0800][info] GC(825)   Evacuate Collection Set: 3.8ms
[2024-10-12T11:10:29.052+0800][info] GC(825)   Post Evacuate Collection Set: 1.6ms
[2024-10-12T11:10:29.052+0800][info] GC(825)   Other: 0.2ms
[2024-10-12T11:10:29.052+0800][info] GC(825) Eden regions: 1->0(2)
[2024-10-12T11:10:29.052+0800][info] GC(825) Survivor regions: 1->1(1)
[2024-10-12T11:10:29.052+0800][info] GC(825) Old regions: 51->57
[2024-10-12T11:10:29.052+0800][info] GC(825) Archive regions: 2->2
[2024-10-12T11:10:29.052+0800][info] GC(825) Humongous regions: 3->3
[2024-10-12T11:10:29.052+0800][info] GC(825) Metaspace: 1695K(1856K)->1695K(1856K) NonClass: 1570K(1664K)->1570K(1664K) Class: 124K(192K)->124K(192K)
[2024-10-12T11:10:29.052+0800][info] GC(825) Pause Young (Mixed) (G1 Preventive Collection) 100M->111M(128M) 6.087ms
[2024-10-12T11:10:29.052+0800][info] GC(825) User=0.01s Sys=0.00s Real=0.00s
[2024-10-12T11:10:29.093+0800][info] GC(826) Pause Young (Concurrent Start) (G1 Evacuation Pause)
[2024-10-12T11:10:29.093+0800][info] GC(826) Using 3 workers of 48 for evacuation
[2024-10-12T11:10:29.094+0800][info] GC(826) To-space exhausted
[2024-10-12T11:10:29.094+0800][info] GC(826)   Pre Evacuate Collection Set: 0.1ms
[2024-10-12T11:10:29.094+0800][info] GC(826)   Merge Heap Roots: 0.1ms
[2024-10-12T11:10:29.094+0800][info] GC(826)   Evacuate Collection Set: 0.4ms
[2024-10-12T11:10:29.094+0800][info] GC(826)   Post Evacuate Collection Set: 0.2ms
[2024-10-12T11:10:29.094+0800][info] GC(826)   Other: 0.4ms
[2024-10-12T11:10:29.094+0800][info] GC(826) Eden regions: 1->0(3)
[2024-10-12T11:10:29.094+0800][info] GC(826) Survivor regions: 1->0(0)
[2024-10-12T11:10:29.094+0800][info] GC(826) Old regions: 57->59
[2024-10-12T11:10:29.094+0800][info] GC(826) Archive regions: 2->2
[2024-10-12T11:10:29.094+0800][info] GC(826) Humongous regions: 3->3
[2024-10-12T11:10:29.094+0800][info] GC(826) Metaspace: 1695K(1856K)->1695K(1856K) NonClass: 1570K(1664K)->1570K(1664K) Class: 124K(192K)->124K(192K)
[2024-10-12T11:10:29.094+0800][info] GC(826) Pause Young (Concurrent Start) (G1 Evacuation Pause) 113M->113M(128M) 1.342ms
[2024-10-12T11:10:29.094+0800][info] GC(826) User=0.00s Sys=0.00s Real=0.01s
[2024-10-12T11:10:29.094+0800][info] Attempting full compaction
[2024-10-12T11:10:29.094+0800][info] GC(827) Concurrent Mark Cycle
[2024-10-12T11:10:29.094+0800][info] GC(828) Using 3 workers of 48 for full compaction
[2024-10-12T11:10:29.094+0800][info] GC(827) Concurrent Clear Claimed Marks
[2024-10-12T11:10:29.094+0800][info] GC(827) Concurrent Clear Claimed Marks 0.062ms
[2024-10-12T11:10:29.094+0800][info] GC(828) Pause Full (G1 Compaction Pause)
[2024-10-12T11:10:29.094+0800][info] GC(827) Concurrent Scan Root Regions
[2024-10-12T11:10:29.094+0800][info] GC(827) Concurrent Scan Root Regions 0.053ms
[2024-10-12T11:10:29.094+0800][info] GC(827) Concurrent Mark
[2024-10-12T11:10:29.094+0800][info] GC(827) Concurrent Mark From Roots
[2024-10-12T11:10:29.094+0800][info] GC(827) Using 12 workers of 12 for marking
[2024-10-12T11:10:29.095+0800][info] GC(828) Phase 1: Mark live objects
[2024-10-12T11:10:29.098+0800][info] GC(828) Phase 1: Mark live objects 3.375ms
[2024-10-12T11:10:29.098+0800][info] GC(828) Phase 2: Prepare for compaction
[2024-10-12T11:10:29.099+0800][info] GC(828) Phase 2: Prepare for compaction 0.561ms
[2024-10-12T11:10:29.099+0800][info] GC(828) Phase 3: Adjust pointers
[2024-10-12T11:10:29.100+0800][info] GC(828) Phase 3: Adjust pointers 1.836ms
[2024-10-12T11:10:29.100+0800][info] GC(828) Phase 4: Compact heap
[2024-10-12T11:10:29.110+0800][info] GC(828) Phase 4: Compact heap 9.654ms
[2024-10-12T11:10:29.112+0800][info] GC(828) Eden regions: 0->0(4)
[2024-10-12T11:10:29.112+0800][info] GC(828) Survivor regions: 0->0(0)
[2024-10-12T11:10:29.112+0800][info] GC(828) Old regions: 59->38
[2024-10-12T11:10:29.112+0800][info] GC(828) Archive regions: 2->2
[2024-10-12T11:10:29.112+0800][info] GC(828) Humongous regions: 3->3
[2024-10-12T11:10:29.112+0800][info] GC(828) Metaspace: 1695K(1856K)->1695K(1856K) NonClass: 1570K(1664K)->1570K(1664K) Class: 124K(192K)->124K(192K)
[2024-10-12T11:10:29.112+0800][info] GC(828) Pause Full (G1 Compaction Pause) 113M->72M(128M) 17.569ms
[2024-10-12T11:10:29.112+0800][info] GC(828) User=0.04s Sys=0.00s Real=0.01s
[2024-10-12T11:10:29.112+0800][info] GC(827) Concurrent Mark From Roots 17.721ms
[2024-10-12T11:10:29.112+0800][info] GC(827) Concurrent Mark Abort
[2024-10-12T11:10:29.112+0800][info] GC(827) Concurrent Mark Cycle 17.987ms
[2024-10-12T11:10:29.337+0800][info] GC(829) Pause Young (Normal) (G1 Evacuation Pause)
[2024-10-12T11:10:29.337+0800][info] GC(829) Using 3 workers of 48 for evacuation
[2024-10-12T11:10:29.339+0800][info] GC(829)   Pre Evacuate Collection Set: 0.1ms
[2024-10-12T11:10:29.339+0800][info] GC(829)   Merge Heap Roots: 0.1ms
[2024-10-12T11:10:29.339+0800][info] GC(829)   Evacuate Collection Set: 1.5ms
[2024-10-12T11:10:29.339+0800][info] GC(829)   Post Evacuate Collection Set: 0.2ms
[2024-10-12T11:10:29.339+0800][info] GC(829)   Other: 0.2ms
[2024-10-12T11:10:29.339+0800][info] GC(829) Eden regions: 4->0(2)
[2024-10-12T11:10:29.339+0800][info] GC(829) Survivor regions: 0->1(1)
[2024-10-12T11:10:29.339+0800][info] GC(829) Old regions: 38->41
[2024-10-12T11:10:29.339+0800][info] GC(829) Archive regions: 2->2
[2024-10-12T11:10:29.339+0800][info] GC(829) Humongous regions: 4->4
[2024-10-12T11:10:29.340+0800][info] GC(829) Metaspace: 1695K(1856K)->1695K(1856K) NonClass: 1570K(1664K)->1570K(1664K) Class: 124K(192K)->124K(192K)
[2024-10-12T11:10:29.340+0800][info] GC(829) Pause Young (Normal) (G1 Evacuation Pause) 81M->81M(128M) 2.185ms
[2024-10-12T11:10:29.340+0800][info] GC(829) User=0.00s Sys=0.00s Real=0.00s
[2024-10-12T11:10:29.442+0800][info] GC(830) Pause Young (Normal) (G1 Evacuation Pause)
[2024-10-12T11:10:29.442+0800][info] GC(830) Using 3 workers of 48 for evacuation
[2024-10-12T11:10:29.443+0800][info] GC(830)   Pre Evacuate Collection Set: 0.1ms
[2024-10-12T11:10:29.443+0800][info] GC(830)   Merge Heap Roots: 0.0ms
[2024-10-12T11:10:29.443+0800][info] GC(830)   Evacuate Collection Set: 0.8ms
[2024-10-12T11:10:29.443+0800][info] GC(830)   Post Evacuate Collection Set: 0.2ms
[2024-10-12T11:10:29.443+0800][info] GC(830)   Other: 0.2ms
[2024-10-12T11:10:29.443+0800][info] GC(830) Eden regions: 2->0(2)
[2024-10-12T11:10:29.443+0800][info] GC(830) Survivor regions: 1->1(1)
[2024-10-12T11:10:29.443+0800][info] GC(830) Old regions: 41->43
[2024-10-12T11:10:29.443+0800][info] GC(830) Archive regions: 2->2
[2024-10-12T11:10:29.443+0800][info] GC(830) Humongous regions: 4->4
[2024-10-12T11:10:29.443+0800][info] GC(830) Metaspace: 1695K(1856K)->1695K(1856K) NonClass: 1570K(1664K)->1570K(1664K) Class: 124K(192K)->124K(192K)
[2024-10-12T11:10:29.443+0800][info] GC(830) Pause Young (Normal) (G1 Evacuation Pause) 85M->85M(128M) 1.478ms
[2024-10-12T11:10:29.443+0800][info] GC(830) User=0.00s Sys=0.00s Real=0.00s
[2024-10-12T11:10:29.545+0800][info] GC(831) Pause Young (Normal) (G1 Evacuation Pause)
[2024-10-12T11:10:29.545+0800][info] GC(831) Using 3 workers of 48 for evacuation
[2024-10-12T11:10:29.547+0800][info] GC(831)   Pre Evacuate Collection Set: 0.1ms
[2024-10-12T11:10:29.547+0800][info] GC(831)   Merge Heap Roots: 0.1ms
[2024-10-12T11:10:29.547+0800][info] GC(831)   Evacuate Collection Set: 1.0ms
[2024-10-12T11:10:29.547+0800][info] GC(831)   Post Evacuate Collection Set: 0.2ms
[2024-10-12T11:10:29.547+0800][info] GC(831)   Other: 0.2ms
[2024-10-12T11:10:29.547+0800][info] GC(831) Eden regions: 2->0(2)
[2024-10-12T11:10:29.547+0800][info] GC(831) Survivor regions: 1->1(1)
[2024-10-12T11:10:29.547+0800][info] GC(831) Old regions: 43->45
[2024-10-12T11:10:29.547+0800][info] GC(831) Archive regions: 2->2
[2024-10-12T11:10:29.547+0800][info] GC(831) Humongous regions: 4->4
[2024-10-12T11:10:29.547+0800][info] GC(831) Metaspace: 1695K(1856K)->1695K(1856K) NonClass: 1570K(1664K)->1570K(1664K) Class: 124K(192K)->124K(192K)
[2024-10-12T11:10:29.547+0800][info] GC(831) Pause Young (Normal) (G1 Evacuation Pause) 89M->89M(128M) 1.622ms
[2024-10-12T11:10:29.547+0800][info] GC(831) User=0.01s Sys=0.00s Real=0.00s
[2024-10-12T11:10:29.649+0800][info] GC(832) Pause Young (Concurrent Start) (G1 Evacuation Pause)
[2024-10-12T11:10:29.649+0800][info] GC(832) Using 3 workers of 48 for evacuation
[2024-10-12T11:10:29.651+0800][info] GC(832)   Pre Evacuate Collection Set: 0.1ms
[2024-10-12T11:10:29.651+0800][info] GC(832)   Merge Heap Roots: 0.1ms
[2024-10-12T11:10:29.651+0800][info] GC(832)   Evacuate Collection Set: 1.0ms
[2024-10-12T11:10:29.651+0800][info] GC(832)   Post Evacuate Collection Set: 0.2ms
[2024-10-12T11:10:29.651+0800][info] GC(832)   Other: 0.4ms
[2024-10-12T11:10:29.651+0800][info] GC(832) Eden regions: 2->0(2)
[2024-10-12T11:10:29.651+0800][info] GC(832) Survivor regions: 1->1(1)
[2024-10-12T11:10:29.651+0800][info] GC(832) Old regions: 45->47
[2024-10-12T11:10:29.651+0800][info] GC(832) Archive regions: 2->2
[2024-10-12T11:10:29.651+0800][info] GC(832) Humongous regions: 4->4
[2024-10-12T11:10:29.651+0800][info] GC(832) Metaspace: 1695K(1856K)->1695K(1856K) NonClass: 1570K(1664K)->1570K(1664K) Class: 124K(192K)->124K(192K)
[2024-10-12T11:10:29.651+0800][info] GC(832) Pause Young (Concurrent Start) (G1 Evacuation Pause) 93M->93M(128M) 1.787ms
[2024-10-12T11:10:29.651+0800][info] GC(832) User=0.00s Sys=0.01s Real=0.00s
[2024-10-12T11:10:29.651+0800][info] GC(833) Concurrent Mark Cycle
[2024-10-12T11:10:29.651+0800][info] GC(833) Concurrent Clear Claimed Marks
[2024-10-12T11:10:29.651+0800][info] GC(833) Concurrent Clear Claimed Marks 0.013ms
[2024-10-12T11:10:29.651+0800][info] GC(833) Concurrent Scan Root Regions
[2024-10-12T11:10:29.651+0800][info] GC(833) Concurrent Scan Root Regions 0.170ms
[2024-10-12T11:10:29.651+0800][info] GC(833) Concurrent Mark
[2024-10-12T11:10:29.651+0800][info] GC(833) Concurrent Mark From Roots
[2024-10-12T11:10:29.651+0800][info] GC(833) Using 12 workers of 12 for marking
[2024-10-12T11:10:29.655+0800][info] GC(833) Concurrent Mark From Roots 3.879ms
[2024-10-12T11:10:29.655+0800][info] GC(833) Concurrent Preclean
[2024-10-12T11:10:29.657+0800][info] GC(833) Concurrent Preclean 1.681ms
[2024-10-12T11:10:29.657+0800][info] GC(833) Pause Remark
[2024-10-12T11:10:29.658+0800][info] GC(833) Pause Remark 94M->92M(128M) 1.562ms
[2024-10-12T11:10:29.658+0800][info] GC(833) User=0.00s Sys=0.00s Real=0.00s
[2024-10-12T11:10:29.659+0800][info] GC(833) Concurrent Mark 7.356ms
[2024-10-12T11:10:29.659+0800][info] GC(833) Concurrent Rebuild Remembered Sets
[2024-10-12T11:10:29.660+0800][info] GC(833) Concurrent Rebuild Remembered Sets 1.521ms
[2024-10-12T11:10:29.660+0800][info] GC(833) Pause Cleanup
[2024-10-12T11:10:29.660+0800][info] GC(833) Pause Cleanup 92M->92M(128M) 0.210ms
[2024-10-12T11:10:29.660+0800][info] GC(833) User=0.00s Sys=0.00s Real=0.00s
[2024-10-12T11:10:29.660+0800][info] GC(833) Concurrent Cleanup for Next Mark
[2024-10-12T11:10:29.661+0800][info] GC(833) Concurrent Cleanup for Next Mark 0.457ms
[2024-10-12T11:10:29.661+0800][info] GC(833) Concurrent Mark Cycle 9.952ms
[2024-10-12T11:10:29.804+0800][info] GC(834) Pause Young (Prepare Mixed) (G1 Evacuation Pause)
[2024-10-12T11:10:29.804+0800][info] GC(834) Using 3 workers of 48 for evacuation
[2024-10-12T11:10:29.805+0800][info] GC(834)   Pre Evacuate Collection Set: 0.1ms
[2024-10-12T11:10:29.805+0800][info] GC(834)   Merge Heap Roots: 0.1ms
[2024-10-12T11:10:29.805+0800][info] GC(834)   Evacuate Collection Set: 1.1ms
[2024-10-12T11:10:29.805+0800][info] GC(834)   Post Evacuate Collection Set: 0.2ms
[2024-10-12T11:10:29.805+0800][info] GC(834)   Other: 0.2ms
[2024-10-12T11:10:29.805+0800][info] GC(834) Eden regions: 2->0(2)
[2024-10-12T11:10:29.805+0800][info] GC(834) Survivor regions: 1->1(1)
[2024-10-12T11:10:29.805+0800][info] GC(834) Old regions: 47->49
[2024-10-12T11:10:29.805+0800][info] GC(834) Archive regions: 2->2
[2024-10-12T11:10:29.805+0800][info] GC(834) Humongous regions: 3->3
[2024-10-12T11:10:29.805+0800][info] GC(834) Metaspace: 1695K(1856K)->1695K(1856K) NonClass: 1570K(1664K)->1570K(1664K) Class: 124K(192K)->124K(192K)
[2024-10-12T11:10:29.805+0800][info] GC(834) Pause Young (Prepare Mixed) (G1 Evacuation Pause) 95M->95M(128M) 1.808ms
[2024-10-12T11:10:29.805+0800][info] GC(834) User=0.00s Sys=0.00s Real=0.01s
[2024-10-12T11:10:29.867+0800][info] GC(835) Pause Young (Mixed) (G1 Preventive Collection)
[2024-10-12T11:10:29.867+0800][info] GC(835) Using 3 workers of 48 for evacuation
[2024-10-12T11:10:29.888+0800][info] GC(835) To-space exhausted
[2024-10-12T11:10:29.888+0800][info] GC(835)   Pre Evacuate Collection Set: 0.1ms
[2024-10-12T11:10:29.888+0800][info] GC(835)   Merge Heap Roots: 0.1ms
[2024-10-12T11:10:29.888+0800][info] GC(835)   Evacuate Collection Set: 18.1ms
[2024-10-12T11:10:29.888+0800][info] GC(835)   Post Evacuate Collection Set: 2.5ms
[2024-10-12T11:10:29.888+0800][info] GC(835)   Other: 0.3ms
[2024-10-12T11:10:29.888+0800][info] GC(835) Eden regions: 1->0(2)
[2024-10-12T11:10:29.888+0800][info] GC(835) Survivor regions: 1->1(1)
[2024-10-12T11:10:29.888+0800][info] GC(835) Old regions: 49->57
[2024-10-12T11:10:29.888+0800][info] GC(835) Archive regions: 2->2
[2024-10-12T11:10:29.888+0800][info] GC(835) Humongous regions: 3->3
[2024-10-12T11:10:29.888+0800][info] GC(835) Metaspace: 1695K(1856K)->1695K(1856K) NonClass: 1570K(1664K)->1570K(1664K) Class: 124K(192K)->124K(192K)
[2024-10-12T11:10:29.888+0800][info] GC(835) Pause Young (Mixed) (G1 Preventive Collection) 97M->111M(128M) 21.161ms
[2024-10-12T11:10:29.888+0800][info] GC(835) User=0.03s Sys=0.03s Real=0.02s
[2024-10-12T11:10:29.931+0800][info] GC(836) Pause Young (Concurrent Start) (G1 Evacuation Pause)
[2024-10-12T11:10:29.931+0800][info] GC(836) Using 3 workers of 48 for evacuation
[2024-10-12T11:10:29.932+0800][info] GC(836) To-space exhausted
[2024-10-12T11:10:29.933+0800][info] GC(836)   Pre Evacuate Collection Set: 0.2ms
[2024-10-12T11:10:29.933+0800][info] GC(836)   Merge Heap Roots: 0.1ms
[2024-10-12T11:10:29.933+0800][info] GC(836)   Evacuate Collection Set: 0.7ms
[2024-10-12T11:10:29.933+0800][info] GC(836)   Post Evacuate Collection Set: 0.3ms
[2024-10-12T11:10:29.933+0800][info] GC(836)   Other: 0.4ms
[2024-10-12T11:10:29.933+0800][info] GC(836) Eden regions: 1->0(3)
[2024-10-12T11:10:29.933+0800][info] GC(836) Survivor regions: 1->0(0)
[2024-10-12T11:10:29.933+0800][info] GC(836) Old regions: 57->59
[2024-10-12T11:10:29.933+0800][info] GC(836) Archive regions: 2->2
[2024-10-12T11:10:29.933+0800][info] GC(836) Humongous regions: 3->3
[2024-10-12T11:10:29.933+0800][info] GC(836) Metaspace: 1695K(1856K)->1695K(1856K) NonClass: 1570K(1664K)->1570K(1664K) Class: 124K(192K)->124K(192K)
[2024-10-12T11:10:29.933+0800][info] GC(836) Pause Young (Concurrent Start) (G1 Evacuation Pause) 113M->113M(128M) 1.775ms
[2024-10-12T11:10:29.933+0800][info] GC(836) User=0.00s Sys=0.01s Real=0.00s
[2024-10-12T11:10:29.933+0800][info] Attempting full compaction
[2024-10-12T11:10:29.933+0800][info] GC(838) Concurrent Mark Cycle
[2024-10-12T11:10:29.933+0800][info] GC(838) Concurrent Clear Claimed Marks
[2024-10-12T11:10:29.933+0800][info] GC(837) Using 3 workers of 48 for full compaction
[2024-10-12T11:10:29.933+0800][info] GC(838) Concurrent Clear Claimed Marks 0.031ms
[2024-10-12T11:10:29.933+0800][info] GC(838) Concurrent Scan Root Regions
[2024-10-12T11:10:29.933+0800][info] GC(838) Concurrent Scan Root Regions 0.021ms
[2024-10-12T11:10:29.933+0800][info] GC(838) Concurrent Mark
[2024-10-12T11:10:29.933+0800][info] GC(838) Concurrent Mark From Roots
[2024-10-12T11:10:29.933+0800][info] GC(838) Using 12 workers of 12 for marking
[2024-10-12T11:10:29.933+0800][info] GC(837) Pause Full (G1 Compaction Pause)
[2024-10-12T11:10:29.934+0800][info] GC(837) Phase 1: Mark live objects
[2024-10-12T11:10:29.939+0800][info] GC(837) Phase 1: Mark live objects 5.311ms
[2024-10-12T11:10:29.939+0800][info] GC(837) Phase 2: Prepare for compaction
[2024-10-12T11:10:29.940+0800][info] GC(837) Phase 2: Prepare for compaction 0.716ms
[2024-10-12T11:10:29.940+0800][info] GC(837) Phase 3: Adjust pointers
[2024-10-12T11:10:29.941+0800][info] GC(837) Phase 3: Adjust pointers 1.747ms
[2024-10-12T11:10:29.941+0800][info] GC(837) Phase 4: Compact heap
[2024-10-12T11:10:30.023+0800][info] GC(837) Phase 4: Compact heap 81.320ms
[2024-10-12T11:10:30.024+0800][info] GC(837) Eden regions: 0->0(4)
[2024-10-12T11:10:30.024+0800][info] GC(837) Survivor regions: 0->0(0)
[2024-10-12T11:10:30.024+0800][info] GC(837) Old regions: 59->38
[2024-10-12T11:10:30.024+0800][info] GC(837) Archive regions: 2->2
[2024-10-12T11:10:30.024+0800][info] GC(837) Humongous regions: 3->3
[2024-10-12T11:10:30.024+0800][info] GC(837) Metaspace: 1695K(1856K)->1695K(1856K) NonClass: 1570K(1664K)->1570K(1664K) Class: 124K(192K)->124K(192K)
[2024-10-12T11:10:30.024+0800][info] GC(837) Pause Full (G1 Compaction Pause) 113M->72M(128M) 91.415ms
[2024-10-12T11:10:30.024+0800][info] GC(837) User=0.08s Sys=0.14s Real=0.09s
[2024-10-12T11:10:30.025+0800][info] GC(838) Concurrent Mark From Roots 91.743ms
[2024-10-12T11:10:30.025+0800][info] GC(838) Concurrent Mark Abort
[2024-10-12T11:10:30.025+0800][info] GC(838) Concurrent Mark Cycle 91.975ms
[2024-10-12T11:10:30.254+0800][info] GC(839) Pause Young (Normal) (G1 Evacuation Pause)
[2024-10-12T11:10:30.254+0800][info] GC(839) Using 3 workers of 48 for evacuation
[2024-10-12T11:10:30.257+0800][info] GC(839)   Pre Evacuate Collection Set: 0.1ms
[2024-10-12T11:10:30.257+0800][info] GC(839)   Merge Heap Roots: 0.0ms
[2024-10-12T11:10:30.257+0800][info] GC(839)   Evacuate Collection Set: 3.0ms
[2024-10-12T11:10:30.257+0800][info] GC(839)   Post Evacuate Collection Set: 0.3ms
[2024-10-12T11:10:30.257+0800][info] GC(839)   Other: 0.3ms
[2024-10-12T11:10:30.257+0800][info] GC(839) Eden regions: 4->0(2)
[2024-10-12T11:10:30.257+0800][info] GC(839) Survivor regions: 0->1(1)
[2024-10-12T11:10:30.257+0800][info] GC(839) Old regions: 38->42
[2024-10-12T11:10:30.257+0800][info] GC(839) Archive regions: 2->2
[2024-10-12T11:10:30.257+0800][info] GC(839) Humongous regions: 3->3
[2024-10-12T11:10:30.257+0800][info] GC(839) Metaspace: 1695K(1856K)->1695K(1856K) NonClass: 1570K(1664K)->1570K(1664K) Class: 124K(192K)->124K(192K)
[2024-10-12T11:10:30.257+0800][info] GC(839) Pause Young (Normal) (G1 Evacuation Pause) 80M->81M(128M) 3.732ms
[2024-10-12T11:10:30.257+0800][info] GC(839) User=0.01s Sys=0.00s Real=0.00s
[2024-10-12T11:10:30.359+0800][info] GC(840) Pause Young (Normal) (G1 Evacuation Pause)
[2024-10-12T11:10:30.359+0800][info] GC(840) Using 3 workers of 48 for evacuation
[2024-10-12T11:10:30.363+0800][info] GC(840)   Pre Evacuate Collection Set: 0.1ms
[2024-10-12T11:10:30.363+0800][info] GC(840)   Merge Heap Roots: 0.0ms
[2024-10-12T11:10:30.363+0800][info] GC(840)   Evacuate Collection Set: 2.8ms
[2024-10-12T11:10:30.363+0800][info] GC(840)   Post Evacuate Collection Set: 0.2ms
[2024-10-12T11:10:30.363+0800][info] GC(840)   Other: 0.2ms
[2024-10-12T11:10:30.363+0800][info] GC(840) Eden regions: 2->0(2)
[2024-10-12T11:10:30.363+0800][info] GC(840) Survivor regions: 1->1(1)
[2024-10-12T11:10:30.363+0800][info] GC(840) Old regions: 42->44
[2024-10-12T11:10:30.363+0800][info] GC(840) Archive regions: 2->2
[2024-10-12T11:10:30.363+0800][info] GC(840) Humongous regions: 3->3
[2024-10-12T11:10:30.363+0800][info] GC(840) Metaspace: 1695K(1856K)->1695K(1856K) NonClass: 1570K(1664K)->1570K(1664K) Class: 124K(192K)->124K(192K)
[2024-10-12T11:10:30.363+0800][info] GC(840) Pause Young (Normal) (G1 Evacuation Pause) 84M->85M(128M) 3.481ms
[2024-10-12T11:10:30.363+0800][info] GC(840) User=0.00s Sys=0.00s Real=0.00s
[2024-10-12T11:10:30.465+0800][info] GC(841) Pause Young (Normal) (G1 Evacuation Pause)
[2024-10-12T11:10:30.465+0800][info] GC(841) Using 3 workers of 48 for evacuation
[2024-10-12T11:10:30.467+0800][info] GC(841)   Pre Evacuate Collection Set: 0.1ms
[2024-10-12T11:10:30.467+0800][info] GC(841)   Merge Heap Roots: 0.0ms
[2024-10-12T11:10:30.467+0800][info] GC(841)   Evacuate Collection Set: 1.6ms
[2024-10-12T11:10:30.467+0800][info] GC(841)   Post Evacuate Collection Set: 0.2ms
[2024-10-12T11:10:30.467+0800][info] GC(841)   Other: 0.2ms
[2024-10-12T11:10:30.467+0800][info] GC(841) Eden regions: 2->0(2)
[2024-10-12T11:10:30.467+0800][info] GC(841) Survivor regions: 1->1(1)
[2024-10-12T11:10:30.467+0800][info] GC(841) Old regions: 44->46
[2024-10-12T11:10:30.467+0800][info] GC(841) Archive regions: 2->2
[2024-10-12T11:10:30.467+0800][info] GC(841) Humongous regions: 3->3
[2024-10-12T11:10:30.467+0800][info] GC(841) Metaspace: 1695K(1856K)->1695K(1856K) NonClass: 1570K(1664K)->1570K(1664K) Class: 124K(192K)->124K(192K)
[2024-10-12T11:10:30.467+0800][info] GC(841) Pause Young (Normal) (G1 Evacuation Pause) 88M->89M(128M) 2.206ms
[2024-10-12T11:10:30.467+0800][info] GC(841) User=0.00s Sys=0.01s Real=0.01s
[2024-10-12T11:10:30.569+0800][info] GC(842) Pause Young (Concurrent Start) (G1 Evacuation Pause)
[2024-10-12T11:10:30.569+0800][info] GC(842) Using 3 workers of 48 for evacuation
[2024-10-12T11:10:30.571+0800][info] GC(842)   Pre Evacuate Collection Set: 0.1ms
[2024-10-12T11:10:30.571+0800][info] GC(842)   Merge Heap Roots: 0.0ms
[2024-10-12T11:10:30.571+0800][info] GC(842)   Evacuate Collection Set: 1.3ms
[2024-10-12T11:10:30.571+0800][info] GC(842)   Post Evacuate Collection Set: 0.2ms
[2024-10-12T11:10:30.571+0800][info] GC(842)   Other: 0.4ms
[2024-10-12T11:10:30.571+0800][info] GC(842) Eden regions: 2->0(2)
[2024-10-12T11:10:30.571+0800][info] GC(842) Survivor regions: 1->1(1)
[2024-10-12T11:10:30.571+0800][info] GC(842) Old regions: 46->47
[2024-10-12T11:10:30.571+0800][info] GC(842) Archive regions: 2->2
[2024-10-12T11:10:30.571+0800][info] GC(842) Humongous regions: 3->3
[2024-10-12T11:10:30.571+0800][info] GC(842) Metaspace: 1695K(1856K)->1695K(1856K) NonClass: 1570K(1664K)->1570K(1664K) Class: 124K(192K)->124K(192K)
[2024-10-12T11:10:30.571+0800][info] GC(842) Pause Young (Concurrent Start) (G1 Evacuation Pause) 92M->91M(128M) 2.090ms
[2024-10-12T11:10:30.571+0800][info] GC(842) User=0.00s Sys=0.00s Real=0.00s
[2024-10-12T11:10:30.571+0800][info] GC(843) Concurrent Mark Cycle
[2024-10-12T11:10:30.571+0800][info] GC(843) Concurrent Clear Claimed Marks
[2024-10-12T11:10:30.571+0800][info] GC(843) Concurrent Clear Claimed Marks 0.019ms
[2024-10-12T11:10:30.571+0800][info] GC(843) Concurrent Scan Root Regions
[2024-10-12T11:10:30.572+0800][info] GC(843) Concurrent Scan Root Regions 0.168ms
[2024-10-12T11:10:30.572+0800][info] GC(843) Concurrent Mark
[2024-10-12T11:10:30.572+0800][info] GC(843) Concurrent Mark From Roots
[2024-10-12T11:10:30.572+0800][info] GC(843) Using 12 workers of 12 for marking
[2024-10-12T11:10:30.576+0800][info] GC(843) Concurrent Mark From Roots 4.189ms
[2024-10-12T11:10:30.576+0800][info] GC(843) Concurrent Preclean
[2024-10-12T11:10:30.578+0800][info] GC(843) Concurrent Preclean 1.765ms
[2024-10-12T11:10:30.578+0800][info] GC(843) Pause Remark
[2024-10-12T11:10:30.579+0800][info] GC(843) Pause Remark 92M->91M(128M) 1.536ms
[2024-10-12T11:10:30.579+0800][info] GC(843) User=0.00s Sys=0.00s Real=0.00s
[2024-10-12T11:10:30.579+0800][info] GC(843) Concurrent Mark 7.684ms
[2024-10-12T11:10:30.579+0800][info] GC(843) Concurrent Rebuild Remembered Sets
[2024-10-12T11:10:30.581+0800][info] GC(843) Concurrent Rebuild Remembered Sets 1.284ms
[2024-10-12T11:10:30.581+0800][info] GC(843) Pause Cleanup
[2024-10-12T11:10:30.581+0800][info] GC(843) Pause Cleanup 91M->91M(128M) 0.221ms
[2024-10-12T11:10:30.581+0800][info] GC(843) User=0.00s Sys=0.00s Real=0.00s
[2024-10-12T11:10:30.581+0800][info] GC(843) Concurrent Cleanup for Next Mark
[2024-10-12T11:10:30.581+0800][info] GC(843) Concurrent Cleanup for Next Mark 0.430ms
[2024-10-12T11:10:30.582+0800][info] GC(843) Concurrent Mark Cycle 10.102ms
[2024-10-12T11:10:30.725+0800][info] GC(844) Pause Young (Prepare Mixed) (G1 Evacuation Pause)
[2024-10-12T11:10:30.725+0800][info] GC(844) Using 3 workers of 48 for evacuation
[2024-10-12T11:10:30.728+0800][info] GC(844)   Pre Evacuate Collection Set: 0.1ms
[2024-10-12T11:10:30.728+0800][info] GC(844)   Merge Heap Roots: 0.1ms
[2024-10-12T11:10:30.728+0800][info] GC(844)   Evacuate Collection Set: 2.9ms
[2024-10-12T11:10:30.728+0800][info] GC(844)   Post Evacuate Collection Set: 0.2ms
[2024-10-12T11:10:30.728+0800][info] GC(844)   Other: 0.2ms
[2024-10-12T11:10:30.728+0800][info] GC(844) Eden regions: 2->0(2)
[2024-10-12T11:10:30.728+0800][info] GC(844) Survivor regions: 1->1(1)
[2024-10-12T11:10:30.728+0800][info] GC(844) Old regions: 46->48
[2024-10-12T11:10:30.728+0800][info] GC(844) Archive regions: 2->2
[2024-10-12T11:10:30.728+0800][info] GC(844) Humongous regions: 3->3
[2024-10-12T11:10:30.728+0800][info] GC(844) Metaspace: 1695K(1856K)->1695K(1856K) NonClass: 1570K(1664K)->1570K(1664K) Class: 124K(192K)->124K(192K)
[2024-10-12T11:10:30.728+0800][info] GC(844) Pause Young (Prepare Mixed) (G1 Evacuation Pause) 94M->94M(128M) 3.595ms
[2024-10-12T11:10:30.728+0800][info] GC(844) User=0.01s Sys=0.00s Real=0.01s
[2024-10-12T11:10:30.790+0800][info] GC(845) Pause Young (Mixed) (G1 Preventive Collection)
[2024-10-12T11:10:30.790+0800][info] GC(845) Using 3 workers of 48 for evacuation
[2024-10-12T11:10:30.798+0800][info] GC(845) To-space exhausted
[2024-10-12T11:10:30.798+0800][info] GC(845)   Pre Evacuate Collection Set: 0.1ms
[2024-10-12T11:10:30.798+0800][info] GC(845)   Merge Heap Roots: 0.1ms
[2024-10-12T11:10:30.798+0800][info] GC(845)   Evacuate Collection Set: 6.7ms
[2024-10-12T11:10:30.798+0800][info] GC(845)   Post Evacuate Collection Set: 0.9ms
[2024-10-12T11:10:30.798+0800][info] GC(845)   Other: 0.2ms
[2024-10-12T11:10:30.798+0800][info] GC(845) Eden regions: 1->0(2)
[2024-10-12T11:10:30.798+0800][info] GC(845) Survivor regions: 1->1(1)
[2024-10-12T11:10:30.798+0800][info] GC(845) Old regions: 48->54
[2024-10-12T11:10:30.798+0800][info] GC(845) Archive regions: 2->2
[2024-10-12T11:10:30.798+0800][info] GC(845) Humongous regions: 3->3
[2024-10-12T11:10:30.798+0800][info] GC(845) Metaspace: 1695K(1856K)->1695K(1856K) NonClass: 1570K(1664K)->1570K(1664K) Class: 124K(192K)->124K(192K)
[2024-10-12T11:10:30.798+0800][info] GC(845) Pause Young (Mixed) (G1 Preventive Collection) 96M->108M(128M) 8.180ms
[2024-10-12T11:10:30.798+0800][info] GC(845) User=0.02s Sys=0.00s Real=0.01s
[2024-10-12T11:10:30.839+0800][info] GC(846) Pause Young (Concurrent Start) (G1 Preventive Collection)
[2024-10-12T11:10:30.839+0800][info] GC(846) Using 3 workers of 48 for evacuation
[2024-10-12T11:10:30.841+0800][info] GC(846)   Pre Evacuate Collection Set: 0.1ms
[2024-10-12T11:10:30.841+0800][info] GC(846)   Merge Heap Roots: 0.1ms
[2024-10-12T11:10:30.841+0800][info] GC(846)   Evacuate Collection Set: 1.0ms
[2024-10-12T11:10:30.841+0800][info] GC(846)   Post Evacuate Collection Set: 0.2ms
[2024-10-12T11:10:30.841+0800][info] GC(846)   Other: 0.4ms
[2024-10-12T11:10:30.841+0800][info] GC(846) Eden regions: 1->0(2)
[2024-10-12T11:10:30.841+0800][info] GC(846) Survivor regions: 1->1(1)
[2024-10-12T11:10:30.841+0800][info] GC(846) Old regions: 54->55
[2024-10-12T11:10:30.841+0800][info] GC(846) Archive regions: 2->2
[2024-10-12T11:10:30.841+0800][info] GC(846) Humongous regions: 3->3
[2024-10-12T11:10:30.841+0800][info] GC(846) Metaspace: 1695K(1856K)->1695K(1856K) NonClass: 1570K(1664K)->1570K(1664K) Class: 124K(192K)->124K(192K)
[2024-10-12T11:10:30.841+0800][info] GC(846) Pause Young (Concurrent Start) (G1 Preventive Collection) 110M->110M(128M) 1.856ms
[2024-10-12T11:10:30.841+0800][info] GC(846) User=0.01s Sys=0.00s Real=0.00s
[2024-10-12T11:10:30.841+0800][info] GC(847) Concurrent Mark Cycle
[2024-10-12T11:10:30.841+0800][info] GC(847) Concurrent Clear Claimed Marks
[2024-10-12T11:10:30.841+0800][info] GC(847) Concurrent Clear Claimed Marks 0.019ms
[2024-10-12T11:10:30.841+0800][info] GC(847) Concurrent Scan Root Regions
[2024-10-12T11:10:30.841+0800][info] GC(847) Concurrent Scan Root Regions 0.156ms
[2024-10-12T11:10:30.841+0800][info] GC(847) Concurrent Mark
[2024-10-12T11:10:30.841+0800][info] GC(847) Concurrent Mark From Roots
[2024-10-12T11:10:30.841+0800][info] GC(847) Using 12 workers of 12 for marking
[2024-10-12T11:10:30.845+0800][info] GC(847) Concurrent Mark From Roots 3.963ms
[2024-10-12T11:10:30.845+0800][info] GC(847) Concurrent Preclean
[2024-10-12T11:10:30.847+0800][info] GC(847) Concurrent Preclean 1.677ms
[2024-10-12T11:10:30.847+0800][info] GC(847) Pause Remark
[2024-10-12T11:10:30.848+0800][info] GC(847) Pause Remark 110M->108M(128M) 1.519ms
[2024-10-12T11:10:30.848+0800][info] GC(847) User=0.00s Sys=0.00s Real=0.00s
[2024-10-12T11:10:30.848+0800][info] GC(847) Concurrent Mark 7.323ms
[2024-10-12T11:10:30.848+0800][info] GC(847) Concurrent Rebuild Remembered Sets
[2024-10-12T11:10:30.850+0800][info] GC(847) Concurrent Rebuild Remembered Sets 1.239ms
[2024-10-12T11:10:30.850+0800][info] GC(847) Pause Cleanup
[2024-10-12T11:10:30.850+0800][info] GC(847) Pause Cleanup 108M->108M(128M) 0.173ms
[2024-10-12T11:10:30.850+0800][info] GC(847) User=0.00s Sys=0.00s Real=0.00s
[2024-10-12T11:10:30.850+0800][info] GC(847) Concurrent Cleanup for Next Mark
[2024-10-12T11:10:30.850+0800][info] GC(847) Concurrent Cleanup for Next Mark 0.407ms
[2024-10-12T11:10:30.850+0800][info] GC(847) Concurrent Mark Cycle 9.655ms
[2024-10-12T11:10:30.953+0800][info] GC(848) Pause Young (Prepare Mixed) (G1 Preventive Collection)
[2024-10-12T11:10:30.953+0800][info] GC(848) Using 3 workers of 48 for evacuation
[2024-10-12T11:10:30.955+0800][info] GC(848)   Pre Evacuate Collection Set: 0.1ms
[2024-10-12T11:10:30.955+0800][info] GC(848)   Merge Heap Roots: 0.1ms
[2024-10-12T11:10:30.955+0800][info] GC(848)   Evacuate Collection Set: 0.7ms
[2024-10-12T11:10:30.955+0800][info] GC(848)   Post Evacuate Collection Set: 0.2ms
[2024-10-12T11:10:30.955+0800][info] GC(848)   Other: 0.2ms
[2024-10-12T11:10:30.955+0800][info] GC(848) Eden regions: 1->0(2)
[2024-10-12T11:10:30.955+0800][info] GC(848) Survivor regions: 1->1(1)
[2024-10-12T11:10:30.955+0800][info] GC(848) Old regions: 54->55
[2024-10-12T11:10:30.955+0800][info] GC(848) Archive regions: 2->2
[2024-10-12T11:10:30.955+0800][info] GC(848) Humongous regions: 3->3
[2024-10-12T11:10:30.955+0800][info] GC(848) Metaspace: 1695K(1856K)->1695K(1856K) NonClass: 1570K(1664K)->1570K(1664K) Class: 124K(192K)->124K(192K)
[2024-10-12T11:10:30.955+0800][info] GC(848) Pause Young (Prepare Mixed) (G1 Preventive Collection) 110M->110M(128M) 1.421ms
[2024-10-12T11:10:30.955+0800][info] GC(848) User=0.00s Sys=0.00s Real=0.00s
[2024-10-12T11:10:30.996+0800][info] GC(849) Pause Young (Mixed) (G1 Preventive Collection)
[2024-10-12T11:10:30.996+0800][info] GC(849) Using 3 workers of 48 for evacuation
[2024-10-12T11:10:31.000+0800][info] GC(849) To-space exhausted
[2024-10-12T11:10:31.000+0800][info] GC(849)   Pre Evacuate Collection Set: 0.1ms
[2024-10-12T11:10:31.000+0800][info] GC(849)   Merge Heap Roots: 0.1ms
[2024-10-12T11:10:31.000+0800][info] GC(849)   Evacuate Collection Set: 2.5ms
[2024-10-12T11:10:31.000+0800][info] GC(849)   Post Evacuate Collection Set: 1.3ms
[2024-10-12T11:10:31.000+0800][info] GC(849)   Other: 0.3ms
[2024-10-12T11:10:31.000+0800][info] GC(849) Eden regions: 1->0(2)
[2024-10-12T11:10:31.000+0800][info] GC(849) Survivor regions: 1->1(1)
[2024-10-12T11:10:31.000+0800][info] GC(849) Old regions: 55->57
[2024-10-12T11:10:31.000+0800][info] GC(849) Archive regions: 2->2
[2024-10-12T11:10:31.000+0800][info] GC(849) Humongous regions: 3->3
[2024-10-12T11:10:31.000+0800][info] GC(849) Metaspace: 1695K(1856K)->1695K(1856K) NonClass: 1570K(1664K)->1570K(1664K) Class: 124K(192K)->124K(192K)
[2024-10-12T11:10:31.000+0800][info] GC(849) Pause Young (Mixed) (G1 Preventive Collection) 111M->114M(128M) 4.375ms
[2024-10-12T11:10:31.000+0800][info] GC(849) User=0.00s Sys=0.01s Real=0.00s
[2024-10-12T11:10:31.061+0800][info] GC(850) Pause Young (Concurrent Start) (G1 Evacuation Pause)
[2024-10-12T11:10:31.061+0800][info] GC(850) Using 3 workers of 48 for evacuation
[2024-10-12T11:10:31.063+0800][info] GC(850) To-space exhausted
[2024-10-12T11:10:31.063+0800][info] GC(850)   Pre Evacuate Collection Set: 0.1ms
[2024-10-12T11:10:31.063+0800][info] GC(850)   Merge Heap Roots: 0.1ms
[2024-10-12T11:10:31.063+0800][info] GC(850)   Evacuate Collection Set: 0.6ms
[2024-10-12T11:10:31.063+0800][info] GC(850)   Post Evacuate Collection Set: 0.3ms
[2024-10-12T11:10:31.063+0800][info] GC(850)   Other: 0.3ms
[2024-10-12T11:10:31.063+0800][info] GC(850) Eden regions: 1->0(3)
[2024-10-12T11:10:31.063+0800][info] GC(850) Survivor regions: 1->0(0)
[2024-10-12T11:10:31.063+0800][info] GC(850) Old regions: 57->59
[2024-10-12T11:10:31.063+0800][info] GC(850) Archive regions: 2->2
[2024-10-12T11:10:31.063+0800][info] GC(850) Humongous regions: 3->3
[2024-10-12T11:10:31.063+0800][info] GC(850) Metaspace: 1695K(1856K)->1695K(1856K) NonClass: 1570K(1664K)->1570K(1664K) Class: 124K(192K)->124K(192K)
[2024-10-12T11:10:31.063+0800][info] GC(850) Pause Young (Concurrent Start) (G1 Evacuation Pause) 116M->116M(128M) 1.455ms
[2024-10-12T11:10:31.063+0800][info] GC(850) User=0.01s Sys=0.00s Real=0.00s
[2024-10-12T11:10:31.063+0800][info] Attempting full compaction
[2024-10-12T11:10:31.063+0800][info] GC(851) Concurrent Mark Cycle
[2024-10-12T11:10:31.063+0800][info] GC(851) Concurrent Clear Claimed Marks
[2024-10-12T11:10:31.063+0800][info] GC(852) Using 3 workers of 48 for full compaction
[2024-10-12T11:10:31.063+0800][info] GC(851) Concurrent Clear Claimed Marks 0.030ms
[2024-10-12T11:10:31.063+0800][info] GC(851) Concurrent Scan Root Regions
[2024-10-12T11:10:31.063+0800][info] GC(851) Concurrent Scan Root Regions 0.020ms
[2024-10-12T11:10:31.063+0800][info] GC(851) Concurrent Mark
[2024-10-12T11:10:31.063+0800][info] GC(851) Concurrent Mark From Roots
[2024-10-12T11:10:31.063+0800][info] GC(851) Using 12 workers of 12 for marking
[2024-10-12T11:10:31.063+0800][info] GC(852) Pause Full (G1 Compaction Pause)
[2024-10-12T11:10:31.064+0800][info] GC(852) Phase 1: Mark live objects
[2024-10-12T11:10:31.067+0800][info] GC(852) Phase 1: Mark live objects 3.501ms
[2024-10-12T11:10:31.067+0800][info] GC(852) Phase 2: Prepare for compaction
[2024-10-12T11:10:31.068+0800][info] GC(852) Phase 2: Prepare for compaction 0.696ms
[2024-10-12T11:10:31.068+0800][info] GC(852) Phase 3: Adjust pointers
[2024-10-12T11:10:31.070+0800][info] GC(852) Phase 3: Adjust pointers 1.819ms
[2024-10-12T11:10:31.070+0800][info] GC(852) Phase 4: Compact heap
[2024-10-12T11:10:31.082+0800][info] GC(852) Phase 4: Compact heap 11.922ms
[2024-10-12T11:10:31.083+0800][info] GC(852) Eden regions: 0->0(4)
[2024-10-12T11:10:31.083+0800][info] GC(852) Survivor regions: 0->0(0)
[2024-10-12T11:10:31.083+0800][info] GC(852) Old regions: 59->38
[2024-10-12T11:10:31.083+0800][info] GC(852) Archive regions: 2->2
[2024-10-12T11:10:31.083+0800][info] GC(852) Humongous regions: 3->3
[2024-10-12T11:10:31.083+0800][info] GC(852) Metaspace: 1695K(1856K)->1695K(1856K) NonClass: 1570K(1664K)->1570K(1664K) Class: 124K(192K)->124K(192K)
[2024-10-12T11:10:31.083+0800][info] GC(852) Pause Full (G1 Compaction Pause) 116M->72M(128M) 20.410ms
[2024-10-12T11:10:31.084+0800][info] GC(852) User=0.05s Sys=0.00s Real=0.02s
[2024-10-12T11:10:31.084+0800][info] GC(851) Concurrent Mark From Roots 20.652ms
[2024-10-12T11:10:31.084+0800][info] GC(851) Concurrent Mark Abort
[2024-10-12T11:10:31.084+0800][info] GC(851) Concurrent Mark Cycle 20.897ms
[2024-10-12T11:10:31.289+0800][info] GC(853) Pause Young (Normal) (G1 Evacuation Pause)
[2024-10-12T11:10:31.289+0800][info] GC(853) Using 3 workers of 48 for evacuation
[2024-10-12T11:10:31.290+0800][info] GC(853)   Pre Evacuate Collection Set: 0.1ms
[2024-10-12T11:10:31.290+0800][info] GC(853)   Merge Heap Roots: 0.1ms
[2024-10-12T11:10:31.290+0800][info] GC(853)   Evacuate Collection Set: 1.2ms
[2024-10-12T11:10:31.290+0800][info] GC(853)   Post Evacuate Collection Set: 0.2ms
[2024-10-12T11:10:31.290+0800][info] GC(853)   Other: 0.2ms
[2024-10-12T11:10:31.290+0800][info] GC(853) Eden regions: 4->0(2)
[2024-10-12T11:10:31.290+0800][info] GC(853) Survivor regions: 0->1(1)
[2024-10-12T11:10:31.290+0800][info] GC(853) Old regions: 38->41
[2024-10-12T11:10:31.291+0800][info] GC(853) Archive regions: 2->2
[2024-10-12T11:10:31.291+0800][info] GC(853) Humongous regions: 3->3
[2024-10-12T11:10:31.291+0800][info] GC(853) Metaspace: 1695K(1856K)->1695K(1856K) NonClass: 1570K(1664K)->1570K(1664K) Class: 124K(192K)->124K(192K)
[2024-10-12T11:10:31.291+0800][info] GC(853) Pause Young (Normal) (G1 Evacuation Pause) 79M->79M(128M) 1.957ms
[2024-10-12T11:10:31.291+0800][info] GC(853) User=0.01s Sys=0.00s Real=0.00s
[2024-10-12T11:10:31.393+0800][info] GC(854) Pause Young (Normal) (G1 Evacuation Pause)
[2024-10-12T11:10:31.393+0800][info] GC(854) Using 3 workers of 48 for evacuation
[2024-10-12T11:10:31.395+0800][info] GC(854)   Pre Evacuate Collection Set: 0.1ms
[2024-10-12T11:10:31.395+0800][info] GC(854)   Merge Heap Roots: 0.1ms
[2024-10-12T11:10:31.395+0800][info] GC(854)   Evacuate Collection Set: 1.2ms
[2024-10-12T11:10:31.395+0800][info] GC(854)   Post Evacuate Collection Set: 0.2ms
[2024-10-12T11:10:31.395+0800][info] GC(854)   Other: 0.2ms
[2024-10-12T11:10:31.395+0800][info] GC(854) Eden regions: 2->0(2)
[2024-10-12T11:10:31.395+0800][info] GC(854) Survivor regions: 1->1(1)
[2024-10-12T11:10:31.395+0800][info] GC(854) Old regions: 41->43
[2024-10-12T11:10:31.395+0800][info] GC(854) Archive regions: 2->2
[2024-10-12T11:10:31.395+0800][info] GC(854) Humongous regions: 3->3
[2024-10-12T11:10:31.395+0800][info] GC(854) Metaspace: 1695K(1856K)->1695K(1856K) NonClass: 1570K(1664K)->1570K(1664K) Class: 124K(192K)->124K(192K)
[2024-10-12T11:10:31.395+0800][info] GC(854) Pause Young (Normal) (G1 Evacuation Pause) 83M->83M(128M) 1.867ms
[2024-10-12T11:10:31.395+0800][info] GC(854) User=0.00s Sys=0.00s Real=0.01s
[2024-10-12T11:10:31.497+0800][info] GC(855) Pause Young (Normal) (G1 Evacuation Pause)
[2024-10-12T11:10:31.497+0800][info] GC(855) Using 3 workers of 48 for evacuation
[2024-10-12T11:10:31.498+0800][info] GC(855)   Pre Evacuate Collection Set: 0.1ms
[2024-10-12T11:10:31.498+0800][info] GC(855)   Merge Heap Roots: 0.1ms
[2024-10-12T11:10:31.498+0800][info] GC(855)   Evacuate Collection Set: 1.1ms
[2024-10-12T11:10:31.498+0800][info] GC(855)   Post Evacuate Collection Set: 0.2ms
[2024-10-12T11:10:31.498+0800][info] GC(855)   Other: 0.2ms
[2024-10-12T11:10:31.498+0800][info] GC(855) Eden regions: 2->0(2)
[2024-10-12T11:10:31.498+0800][info] GC(855) Survivor regions: 1->1(1)
[2024-10-12T11:10:31.498+0800][info] GC(855) Old regions: 43->45
[2024-10-12T11:10:31.498+0800][info] GC(855) Archive regions: 2->2
[2024-10-12T11:10:31.498+0800][info] GC(855) Humongous regions: 3->3
[2024-10-12T11:10:31.498+0800][info] GC(855) Metaspace: 1695K(1856K)->1695K(1856K) NonClass: 1570K(1664K)->1570K(1664K) Class: 124K(192K)->124K(192K)
[2024-10-12T11:10:31.498+0800][info] GC(855) Pause Young (Normal) (G1 Evacuation Pause) 87M->87M(128M) 1.803ms
[2024-10-12T11:10:31.498+0800][info] GC(855) User=0.01s Sys=0.00s Real=0.00s
[2024-10-12T11:10:31.541+0800][info] Heap
[2024-10-12T11:10:31.541+0800][info]  garbage-first heap   total 131072K, used 90835K [0x00000000f8000000, 0x0000000100000000)
[2024-10-12T11:10:31.541+0800][info]   region size 2048K, 2 young (4096K), 1 survivors (2048K)
[2024-10-12T11:10:31.541+0800][info]  Metaspace       used 1695K, committed 1856K, reserved 1114112K
[2024-10-12T11:10:31.541+0800][info]   class space    used 124K, committed 192K, reserved 1048576K
