[2024-10-12T07:54:52.413+0800][info] Using G1
[2024-10-12T07:54:52.416+0800][info] Version: 17.0.11-internal+0-adhoc.cxl.TencentKona-17-TencentKona-17.0.11 (release)
[2024-10-12T07:54:52.416+0800][info] CPUs: 72 total, 72 available
[2024-10-12T07:54:52.416+0800][info] Memory: 125G
[2024-10-12T07:54:52.416+0800][info] Large Page Support: Disabled
[2024-10-12T07:54:52.416+0800][info] NUMA Support: Disabled
[2024-10-12T07:54:52.416+0800][info] Compressed Oops: Enabled (32-bit)
[2024-10-12T07:54:52.416+0800][info] Heap Region Size: 2M
[2024-10-12T07:54:52.416+0800][info] Heap Min Capacity: 128M
[2024-10-12T07:54:52.416+0800][info] Heap Initial Capacity: 128M
[2024-10-12T07:54:52.416+0800][info] Heap Max Capacity: 128M
[2024-10-12T07:54:52.416+0800][info] Pre-touch: Disabled
[2024-10-12T07:54:52.416+0800][info] Parallel Workers: 48
[2024-10-12T07:54:52.416+0800][info] Concurrent Workers: 12
[2024-10-12T07:54:52.416+0800][info] Concurrent Refinement Workers: 48
[2024-10-12T07:54:52.416+0800][info] Periodic GC: Disabled
[2024-10-12T07:54:52.429+0800][info] CDS archive(s) mapped at: [0x0000783cc7000000-0x0000783cc7bc7000-0x0000783cc7bc7000), size 12349440, SharedBaseAddress: 0x0000783cc7000000, ArchiveRelocationMode: 1.
[2024-10-12T07:54:52.429+0800][info] Compressed class space mapped at: 0x0000783cc8000000-0x0000783d08000000, reserved size: 1073741824
[2024-10-12T07:54:52.429+0800][info] Narrow klass base: 0x0000783cc7000000, Narrow klass shift: 0, Narrow klass range: 0x100000000
[2024-10-12T07:54:52.626+0800][info] GC(0) Pause Young (Normal) (G1 Evacuation Pause)
[2024-10-12T07:54:52.627+0800][info] GC(0) Using 3 workers of 48 for evacuation
[2024-10-12T07:54:52.631+0800][info] GC(0)   Pre Evacuate Collection Set: 0.1ms
[2024-10-12T07:54:52.631+0800][info] GC(0)   Merge Heap Roots: 0.1ms
[2024-10-12T07:54:52.631+0800][info] GC(0)   Evacuate Collection Set: 3.9ms
[2024-10-12T07:54:52.631+0800][info] GC(0)   Post Evacuate Collection Set: 0.7ms
[2024-10-12T07:54:52.631+0800][info] GC(0)   Other: 0.8ms
[2024-10-12T07:54:52.632+0800][info] GC(0) Eden regions: 3->0(2)
[2024-10-12T07:54:52.632+0800][info] GC(0) Survivor regions: 0->1(1)
[2024-10-12T07:54:52.632+0800][info] GC(0) Old regions: 0->2
[2024-10-12T07:54:52.632+0800][info] GC(0) Archive regions: 2->2
[2024-10-12T07:54:52.632+0800][info] GC(0) Humongous regions: 1->1
[2024-10-12T07:54:52.632+0800][info] GC(0) Metaspace: 1150K(1280K)->1150K(1280K) NonClass: 1031K(1088K)->1031K(1088K) Class: 118K(192K)->118K(192K)
[2024-10-12T07:54:52.632+0800][info] GC(0) Pause Young (Normal) (G1 Evacuation Pause) 9M->9M(128M) 5.668ms
[2024-10-12T07:54:52.632+0800][info] GC(0) User=0.00s Sys=0.01s Real=0.00s
[2024-10-12T07:54:52.739+0800][info] GC(1) Pause Young (Normal) (G1 Evacuation Pause)
[2024-10-12T07:54:52.739+0800][info] GC(1) Using 3 workers of 48 for evacuation
[2024-10-12T07:54:52.744+0800][info] GC(1)   Pre Evacuate Collection Set: 0.1ms
[2024-10-12T07:54:52.744+0800][info] GC(1)   Merge Heap Roots: 0.1ms
[2024-10-12T07:54:52.744+0800][info] GC(1)   Evacuate Collection Set: 4.5ms
[2024-10-12T07:54:52.744+0800][info] GC(1)   Post Evacuate Collection Set: 0.3ms
[2024-10-12T07:54:52.744+0800][info] GC(1)   Other: 0.2ms
[2024-10-12T07:54:52.744+0800][info] GC(1) Eden regions: 2->0(2)
[2024-10-12T07:54:52.744+0800][info] GC(1) Survivor regions: 1->1(1)
[2024-10-12T07:54:52.744+0800][info] GC(1) Old regions: 2->4
[2024-10-12T07:54:52.744+0800][info] GC(1) Archive regions: 2->2
[2024-10-12T07:54:52.744+0800][info] GC(1) Humongous regions: 1->1
[2024-10-12T07:54:52.744+0800][info] GC(1) Metaspace: 1237K(1344K)->1237K(1344K) NonClass: 1110K(1152K)->1110K(1152K) Class: 127K(192K)->127K(192K)
[2024-10-12T07:54:52.744+0800][info] GC(1) Pause Young (Normal) (G1 Evacuation Pause) 13M->13M(128M) 5.214ms
[2024-10-12T07:54:52.744+0800][info] GC(1) User=0.01s Sys=0.00s Real=0.00s
[2024-10-12T07:54:52.871+0800][info] GC(2) Pause Young (Normal) (G1 Evacuation Pause)
[2024-10-12T07:54:52.871+0800][info] GC(2) Using 3 workers of 48 for evacuation
[2024-10-12T07:54:52.875+0800][info] GC(2)   Pre Evacuate Collection Set: 0.1ms
[2024-10-12T07:54:52.875+0800][info] GC(2)   Merge Heap Roots: 0.1ms
[2024-10-12T07:54:52.875+0800][info] GC(2)   Evacuate Collection Set: 2.8ms
[2024-10-12T07:54:52.875+0800][info] GC(2)   Post Evacuate Collection Set: 0.7ms
[2024-10-12T07:54:52.875+0800][info] GC(2)   Other: 0.2ms
[2024-10-12T07:54:52.875+0800][info] GC(2) Eden regions: 2->0(2)
[2024-10-12T07:54:52.875+0800][info] GC(2) Survivor regions: 1->1(1)
[2024-10-12T07:54:52.875+0800][info] GC(2) Old regions: 4->6
[2024-10-12T07:54:52.875+0800][info] GC(2) Archive regions: 2->2
[2024-10-12T07:54:52.875+0800][info] GC(2) Humongous regions: 1->1
[2024-10-12T07:54:52.875+0800][info] GC(2) Metaspace: 1363K(1472K)->1363K(1472K) NonClass: 1227K(1280K)->1227K(1280K) Class: 135K(192K)->135K(192K)
[2024-10-12T07:54:52.875+0800][info] GC(2) Pause Young (Normal) (G1 Evacuation Pause) 16M->16M(128M) 4.036ms
[2024-10-12T07:54:52.875+0800][info] GC(2) User=0.00s Sys=0.01s Real=0.01s
[2024-10-12T07:54:52.979+0800][info] GC(3) Pause Young (Normal) (G1 Evacuation Pause)
[2024-10-12T07:54:52.979+0800][info] GC(3) Using 3 workers of 48 for evacuation
[2024-10-12T07:54:52.982+0800][info] GC(3)   Pre Evacuate Collection Set: 0.1ms
[2024-10-12T07:54:52.982+0800][info] GC(3)   Merge Heap Roots: 0.1ms
[2024-10-12T07:54:52.982+0800][info] GC(3)   Evacuate Collection Set: 2.5ms
[2024-10-12T07:54:52.982+0800][info] GC(3)   Post Evacuate Collection Set: 0.2ms
[2024-10-12T07:54:52.982+0800][info] GC(3)   Other: 0.2ms
[2024-10-12T07:54:52.982+0800][info] GC(3) Eden regions: 2->0(4)
[2024-10-12T07:54:52.982+0800][info] GC(3) Survivor regions: 1->1(1)
[2024-10-12T07:54:52.982+0800][info] GC(3) Old regions: 6->7
[2024-10-12T07:54:52.982+0800][info] GC(3) Archive regions: 2->2
[2024-10-12T07:54:52.982+0800][info] GC(3) Humongous regions: 1->1
[2024-10-12T07:54:52.982+0800][info] GC(3) Metaspace: 1364K(1472K)->1364K(1472K) NonClass: 1228K(1280K)->1228K(1280K) Class: 135K(192K)->135K(192K)
[2024-10-12T07:54:52.982+0800][info] GC(3) Pause Young (Normal) (G1 Evacuation Pause) 19M->19M(128M) 3.270ms
[2024-10-12T07:54:52.982+0800][info] GC(3) User=0.00s Sys=0.01s Real=0.00s
[2024-10-12T07:54:53.214+0800][info] GC(4) Pause Young (Normal) (G1 Evacuation Pause)
[2024-10-12T07:54:53.214+0800][info] GC(4) Using 3 workers of 48 for evacuation
[2024-10-12T07:54:53.221+0800][info] GC(4)   Pre Evacuate Collection Set: 0.1ms
[2024-10-12T07:54:53.221+0800][info] GC(4)   Merge Heap Roots: 0.1ms
[2024-10-12T07:54:53.221+0800][info] GC(4)   Evacuate Collection Set: 5.5ms
[2024-10-12T07:54:53.221+0800][info] GC(4)   Post Evacuate Collection Set: 0.2ms
[2024-10-12T07:54:53.221+0800][info] GC(4)   Other: 0.2ms
[2024-10-12T07:54:53.221+0800][info] GC(4) Eden regions: 4->0(5)
[2024-10-12T07:54:53.221+0800][info] GC(4) Survivor regions: 1->1(1)
[2024-10-12T07:54:53.221+0800][info] GC(4) Old regions: 7->11
[2024-10-12T07:54:53.221+0800][info] GC(4) Archive regions: 2->2
[2024-10-12T07:54:53.221+0800][info] GC(4) Humongous regions: 1->1
[2024-10-12T07:54:53.221+0800][info] GC(4) Metaspace: 1371K(1536K)->1371K(1536K) NonClass: 1235K(1344K)->1235K(1344K) Class: 135K(192K)->135K(192K)
[2024-10-12T07:54:53.221+0800][info] GC(4) Pause Young (Normal) (G1 Evacuation Pause) 27M->26M(128M) 6.274ms
[2024-10-12T07:54:53.221+0800][info] GC(4) User=0.00s Sys=0.01s Real=0.00s
[2024-10-12T07:54:53.491+0800][info] GC(5) Pause Young (Normal) (G1 Evacuation Pause)
[2024-10-12T07:54:53.491+0800][info] GC(5) Using 3 workers of 48 for evacuation
[2024-10-12T07:54:53.498+0800][info] GC(5)   Pre Evacuate Collection Set: 0.1ms
[2024-10-12T07:54:53.498+0800][info] GC(5)   Merge Heap Roots: 0.1ms
[2024-10-12T07:54:53.498+0800][info] GC(5)   Evacuate Collection Set: 7.0ms
[2024-10-12T07:54:53.498+0800][info] GC(5)   Post Evacuate Collection Set: 0.2ms
[2024-10-12T07:54:53.498+0800][info] GC(5)   Other: 0.2ms
[2024-10-12T07:54:53.498+0800][info] GC(5) Eden regions: 5->0(6)
[2024-10-12T07:54:53.498+0800][info] GC(5) Survivor regions: 1->1(1)
[2024-10-12T07:54:53.498+0800][info] GC(5) Old regions: 11->15
[2024-10-12T07:54:53.498+0800][info] GC(5) Archive regions: 2->2
[2024-10-12T07:54:53.498+0800][info] GC(5) Humongous regions: 1->1
[2024-10-12T07:54:53.498+0800][info] GC(5) Metaspace: 1380K(1536K)->1380K(1536K) NonClass: 1244K(1344K)->1244K(1344K) Class: 135K(192K)->135K(192K)
[2024-10-12T07:54:53.498+0800][info] GC(5) Pause Young (Normal) (G1 Evacuation Pause) 36M->35M(128M) 7.814ms
[2024-10-12T07:54:53.498+0800][info] GC(5) User=0.00s Sys=0.02s Real=0.01s
[2024-10-12T07:54:53.831+0800][info] GC(6) Pause Young (Normal) (G1 Evacuation Pause)
[2024-10-12T07:54:53.831+0800][info] GC(6) Using 3 workers of 48 for evacuation
[2024-10-12T07:54:53.840+0800][info] GC(6)   Pre Evacuate Collection Set: 0.1ms
[2024-10-12T07:54:53.840+0800][info] GC(6)   Merge Heap Roots: 0.1ms
[2024-10-12T07:54:53.840+0800][info] GC(6)   Evacuate Collection Set: 8.4ms
[2024-10-12T07:54:53.840+0800][info] GC(6)   Post Evacuate Collection Set: 0.2ms
[2024-10-12T07:54:53.840+0800][info] GC(6)   Other: 0.3ms
[2024-10-12T07:54:53.840+0800][info] GC(6) Eden regions: 6->0(7)
[2024-10-12T07:54:53.840+0800][info] GC(6) Survivor regions: 1->1(1)
[2024-10-12T07:54:53.840+0800][info] GC(6) Old regions: 15->21
[2024-10-12T07:54:53.840+0800][info] GC(6) Archive regions: 2->2
[2024-10-12T07:54:53.840+0800][info] GC(6) Humongous regions: 1->1
[2024-10-12T07:54:53.840+0800][info] GC(6) Metaspace: 1388K(1536K)->1388K(1536K) NonClass: 1252K(1344K)->1252K(1344K) Class: 135K(192K)->135K(192K)
[2024-10-12T07:54:53.840+0800][info] GC(6) Pause Young (Normal) (G1 Evacuation Pause) 47M->46M(128M) 9.239ms
[2024-10-12T07:54:53.840+0800][info] GC(6) User=0.01s Sys=0.01s Real=0.01s
[2024-10-12T07:54:54.236+0800][info] GC(7) Pause Young (Normal) (G1 Evacuation Pause)
[2024-10-12T07:54:54.236+0800][info] GC(7) Using 3 workers of 48 for evacuation
[2024-10-12T07:54:54.245+0800][info] GC(7)   Pre Evacuate Collection Set: 0.1ms
[2024-10-12T07:54:54.245+0800][info] GC(7)   Merge Heap Roots: 0.1ms
[2024-10-12T07:54:54.245+0800][info] GC(7)   Evacuate Collection Set: 8.9ms
[2024-10-12T07:54:54.245+0800][info] GC(7)   Post Evacuate Collection Set: 0.3ms
[2024-10-12T07:54:54.245+0800][info] GC(7)   Other: 0.2ms
[2024-10-12T07:54:54.245+0800][info] GC(7) Eden regions: 7->0(7)
[2024-10-12T07:54:54.245+0800][info] GC(7) Survivor regions: 1->1(1)
[2024-10-12T07:54:54.245+0800][info] GC(7) Old regions: 21->27
[2024-10-12T07:54:54.245+0800][info] GC(7) Archive regions: 2->2
[2024-10-12T07:54:54.245+0800][info] GC(7) Humongous regions: 1->1
[2024-10-12T07:54:54.246+0800][info] GC(7) Metaspace: 1398K(1536K)->1398K(1536K) NonClass: 1262K(1344K)->1262K(1344K) Class: 135K(192K)->135K(192K)
[2024-10-12T07:54:54.246+0800][info] GC(7) Pause Young (Normal) (G1 Evacuation Pause) 60M->58M(128M) 9.644ms
[2024-10-12T07:54:54.246+0800][info] GC(7) User=0.01s Sys=0.02s Real=0.01s
[2024-10-12T07:54:54.620+0800][info] GC(8) Pause Young (Concurrent Start) (G1 Evacuation Pause)
[2024-10-12T07:54:54.621+0800][info] GC(8) Using 3 workers of 48 for evacuation
[2024-10-12T07:54:54.631+0800][info] GC(8)   Pre Evacuate Collection Set: 0.1ms
[2024-10-12T07:54:54.631+0800][info] GC(8)   Merge Heap Roots: 0.1ms
[2024-10-12T07:54:54.631+0800][info] GC(8)   Evacuate Collection Set: 8.6ms
[2024-10-12T07:54:54.631+0800][info] GC(8)   Post Evacuate Collection Set: 0.2ms
[2024-10-12T07:54:54.631+0800][info] GC(8)   Other: 1.3ms
[2024-10-12T07:54:54.631+0800][info] GC(8) Eden regions: 7->0(5)
[2024-10-12T07:54:54.631+0800][info] GC(8) Survivor regions: 1->1(1)
[2024-10-12T07:54:54.631+0800][info] GC(8) Old regions: 27->33
[2024-10-12T07:54:54.631+0800][info] GC(8) Archive regions: 2->2
[2024-10-12T07:54:54.631+0800][info] GC(8) Humongous regions: 1->1
[2024-10-12T07:54:54.631+0800][info] GC(8) Metaspace: 1409K(1536K)->1409K(1536K) NonClass: 1273K(1344K)->1273K(1344K) Class: 135K(192K)->135K(192K)
[2024-10-12T07:54:54.631+0800][info] GC(8) Pause Young (Concurrent Start) (G1 Evacuation Pause) 72M->71M(128M) 10.568ms
[2024-10-12T07:54:54.631+0800][info] GC(8) User=0.00s Sys=0.02s Real=0.01s
[2024-10-12T07:54:54.631+0800][info] GC(9) Concurrent Mark Cycle
[2024-10-12T07:54:54.632+0800][info] GC(9) Concurrent Clear Claimed Marks
[2024-10-12T07:54:54.632+0800][info] GC(9) Concurrent Clear Claimed Marks 0.018ms
[2024-10-12T07:54:54.632+0800][info] GC(9) Concurrent Scan Root Regions
[2024-10-12T07:54:54.633+0800][info] GC(9) Concurrent Scan Root Regions 1.581ms
[2024-10-12T07:54:54.633+0800][info] GC(9) Concurrent Mark
[2024-10-12T07:54:54.633+0800][info] GC(9) Concurrent Mark From Roots
[2024-10-12T07:54:54.634+0800][info] GC(9) Using 12 workers of 12 for marking
[2024-10-12T07:54:54.638+0800][info] GC(9) Concurrent Mark From Roots 4.960ms
[2024-10-12T07:54:54.638+0800][info] GC(9) Concurrent Preclean
[2024-10-12T07:54:54.639+0800][info] GC(9) Concurrent Preclean 1.084ms
[2024-10-12T07:54:54.639+0800][info] GC(9) Pause Remark
[2024-10-12T07:54:54.641+0800][info] GC(9) Pause Remark 72M->70M(128M) 1.250ms
[2024-10-12T07:54:54.641+0800][info] GC(9) User=0.00s Sys=0.00s Real=0.00s
[2024-10-12T07:54:54.641+0800][info] GC(9) Concurrent Mark 7.584ms
[2024-10-12T07:54:54.641+0800][info] GC(9) Concurrent Rebuild Remembered Sets
[2024-10-12T07:54:54.642+0800][info] GC(9) Concurrent Rebuild Remembered Sets 1.165ms
[2024-10-12T07:54:54.642+0800][info] GC(9) Pause Cleanup
[2024-10-12T07:54:54.642+0800][info] GC(9) Pause Cleanup 70M->70M(128M) 0.231ms
[2024-10-12T07:54:54.642+0800][info] GC(9) User=0.00s Sys=0.00s Real=0.00s
[2024-10-12T07:54:54.642+0800][info] GC(9) Concurrent Cleanup for Next Mark
[2024-10-12T07:54:54.644+0800][info] GC(9) Concurrent Cleanup for Next Mark 1.319ms
[2024-10-12T07:54:54.644+0800][info] GC(9) Concurrent Mark Cycle 12.584ms
[2024-10-12T07:54:54.956+0800][info] GC(10) Pause Young (Prepare Mixed) (G1 Evacuation Pause)
[2024-10-12T07:54:54.956+0800][info] GC(10) Using 3 workers of 48 for evacuation
[2024-10-12T07:54:54.963+0800][info] GC(10)   Pre Evacuate Collection Set: 0.1ms
[2024-10-12T07:54:54.963+0800][info] GC(10)   Merge Heap Roots: 0.1ms
[2024-10-12T07:54:54.963+0800][info] GC(10)   Evacuate Collection Set: 6.8ms
[2024-10-12T07:54:54.963+0800][info] GC(10)   Post Evacuate Collection Set: 0.2ms
[2024-10-12T07:54:54.963+0800][info] GC(10)   Other: 0.2ms
[2024-10-12T07:54:54.963+0800][info] GC(10) Eden regions: 5->0(2)
[2024-10-12T07:54:54.963+0800][info] GC(10) Survivor regions: 1->1(1)
[2024-10-12T07:54:54.963+0800][info] GC(10) Old regions: 32->37
[2024-10-12T07:54:54.963+0800][info] GC(10) Archive regions: 2->2
[2024-10-12T07:54:54.963+0800][info] GC(10) Humongous regions: 2->1
[2024-10-12T07:54:54.963+0800][info] GC(10) Metaspace: 1428K(1536K)->1428K(1536K) NonClass: 1292K(1344K)->1292K(1344K) Class: 135K(192K)->135K(192K)
[2024-10-12T07:54:54.964+0800][info] GC(10) Pause Young (Prepare Mixed) (G1 Evacuation Pause) 81M->79M(128M) 7.589ms
[2024-10-12T07:54:54.964+0800][info] GC(10) User=0.01s Sys=0.01s Real=0.00s
[2024-10-12T07:54:55.069+0800][info] GC(11) Pause Young (Mixed) (G1 Evacuation Pause)
[2024-10-12T07:54:55.069+0800][info] GC(11) Using 3 workers of 48 for evacuation
[2024-10-12T07:54:55.072+0800][info] GC(11)   Pre Evacuate Collection Set: 0.2ms
[2024-10-12T07:54:55.072+0800][info] GC(11)   Merge Heap Roots: 0.1ms
[2024-10-12T07:54:55.072+0800][info] GC(11)   Evacuate Collection Set: 2.7ms
[2024-10-12T07:54:55.072+0800][info] GC(11)   Post Evacuate Collection Set: 0.3ms
[2024-10-12T07:54:55.072+0800][info] GC(11)   Other: 0.2ms
[2024-10-12T07:54:55.072+0800][info] GC(11) Eden regions: 2->0(2)
[2024-10-12T07:54:55.072+0800][info] GC(11) Survivor regions: 1->1(1)
[2024-10-12T07:54:55.072+0800][info] GC(11) Old regions: 37->33
[2024-10-12T07:54:55.072+0800][info] GC(11) Archive regions: 2->2
[2024-10-12T07:54:55.072+0800][info] GC(11) Humongous regions: 1->1
[2024-10-12T07:54:55.072+0800][info] GC(11) Metaspace: 1440K(1600K)->1440K(1600K) NonClass: 1304K(1408K)->1304K(1408K) Class: 135K(192K)->135K(192K)
[2024-10-12T07:54:55.072+0800][info] GC(11) Pause Young (Mixed) (G1 Evacuation Pause) 82M->70M(128M) 3.603ms
[2024-10-12T07:54:55.072+0800][info] GC(11) User=0.01s Sys=0.00s Real=0.00s
[2024-10-12T07:54:55.176+0800][info] GC(12) Pause Young (Mixed) (G1 Evacuation Pause)
[2024-10-12T07:54:55.176+0800][info] GC(12) Using 3 workers of 48 for evacuation
[2024-10-12T07:54:55.180+0800][info] GC(12)   Pre Evacuate Collection Set: 0.2ms
[2024-10-12T07:54:55.180+0800][info] GC(12)   Merge Heap Roots: 0.1ms
[2024-10-12T07:54:55.180+0800][info] GC(12)   Evacuate Collection Set: 3.2ms
[2024-10-12T07:54:55.180+0800][info] GC(12)   Post Evacuate Collection Set: 0.3ms
[2024-10-12T07:54:55.180+0800][info] GC(12)   Other: 0.2ms
[2024-10-12T07:54:55.180+0800][info] GC(12) Eden regions: 2->0(2)
[2024-10-12T07:54:55.180+0800][info] GC(12) Survivor regions: 1->1(1)
[2024-10-12T07:54:55.180+0800][info] GC(12) Old regions: 33->30
[2024-10-12T07:54:55.180+0800][info] GC(12) Archive regions: 2->2
[2024-10-12T07:54:55.180+0800][info] GC(12) Humongous regions: 1->1
[2024-10-12T07:54:55.180+0800][info] GC(12) Metaspace: 1444K(1600K)->1444K(1600K) NonClass: 1308K(1408K)->1308K(1408K) Class: 135K(192K)->135K(192K)
[2024-10-12T07:54:55.180+0800][info] GC(12) Pause Young (Mixed) (G1 Evacuation Pause) 73M->64M(128M) 4.088ms
[2024-10-12T07:54:55.180+0800][info] GC(12) User=0.01s Sys=0.01s Real=0.00s
[2024-10-12T07:54:55.285+0800][info] GC(13) Pause Young (Mixed) (G1 Evacuation Pause)
[2024-10-12T07:54:55.285+0800][info] GC(13) Using 3 workers of 48 for evacuation
[2024-10-12T07:54:55.288+0800][info] GC(13)   Pre Evacuate Collection Set: 0.2ms
[2024-10-12T07:54:55.288+0800][info] GC(13)   Merge Heap Roots: 0.1ms
[2024-10-12T07:54:55.288+0800][info] GC(13)   Evacuate Collection Set: 2.8ms
[2024-10-12T07:54:55.288+0800][info] GC(13)   Post Evacuate Collection Set: 0.3ms
[2024-10-12T07:54:55.288+0800][info] GC(13)   Other: 0.2ms
[2024-10-12T07:54:55.288+0800][info] GC(13) Eden regions: 2->0(7)
[2024-10-12T07:54:55.288+0800][info] GC(13) Survivor regions: 1->1(1)
[2024-10-12T07:54:55.288+0800][info] GC(13) Old regions: 30->29
[2024-10-12T07:54:55.288+0800][info] GC(13) Archive regions: 2->2
[2024-10-12T07:54:55.288+0800][info] GC(13) Humongous regions: 1->1
[2024-10-12T07:54:55.288+0800][info] GC(13) Metaspace: 1469K(1600K)->1469K(1600K) NonClass: 1333K(1408K)->1333K(1408K) Class: 135K(192K)->135K(192K)
[2024-10-12T07:54:55.288+0800][info] GC(13) Pause Young (Mixed) (G1 Evacuation Pause) 67M->63M(128M) 3.703ms
[2024-10-12T07:54:55.288+0800][info] GC(13) User=0.01s Sys=0.00s Real=0.01s
[2024-10-12T07:54:55.662+0800][info] GC(14) Pause Young (Concurrent Start) (G1 Evacuation Pause)
[2024-10-12T07:54:55.662+0800][info] GC(14) Using 3 workers of 48 for evacuation
[2024-10-12T07:54:55.665+0800][info] GC(14)   Pre Evacuate Collection Set: 0.1ms
[2024-10-12T07:54:55.665+0800][info] GC(14)   Merge Heap Roots: 0.1ms
[2024-10-12T07:54:55.665+0800][info] GC(14)   Evacuate Collection Set: 2.6ms
[2024-10-12T07:54:55.665+0800][info] GC(14)   Post Evacuate Collection Set: 0.3ms
[2024-10-12T07:54:55.665+0800][info] GC(14)   Other: 0.4ms
[2024-10-12T07:54:55.665+0800][info] GC(14) Eden regions: 7->0(5)
[2024-10-12T07:54:55.665+0800][info] GC(14) Survivor regions: 1->1(1)
[2024-10-12T07:54:55.665+0800][info] GC(14) Old regions: 29->35
[2024-10-12T07:54:55.665+0800][info] GC(14) Archive regions: 2->2
[2024-10-12T07:54:55.666+0800][info] GC(14) Humongous regions: 1->1
[2024-10-12T07:54:55.666+0800][info] GC(14) Metaspace: 1517K(1664K)->1517K(1664K) NonClass: 1381K(1472K)->1381K(1472K) Class: 135K(192K)->135K(192K)
[2024-10-12T07:54:55.666+0800][info] GC(14) Pause Young (Concurrent Start) (G1 Evacuation Pause) 76M->75M(128M) 3.551ms
[2024-10-12T07:54:55.666+0800][info] GC(14) User=0.01s Sys=0.00s Real=0.01s
[2024-10-12T07:54:55.666+0800][info] GC(15) Concurrent Mark Cycle
[2024-10-12T07:54:55.666+0800][info] GC(15) Concurrent Clear Claimed Marks
[2024-10-12T07:54:55.666+0800][info] GC(15) Concurrent Clear Claimed Marks 0.019ms
[2024-10-12T07:54:55.666+0800][info] GC(15) Concurrent Scan Root Regions
[2024-10-12T07:54:55.666+0800][info] GC(15) Concurrent Scan Root Regions 0.186ms
[2024-10-12T07:54:55.666+0800][info] GC(15) Concurrent Mark
[2024-10-12T07:54:55.666+0800][info] GC(15) Concurrent Mark From Roots
[2024-10-12T07:54:55.666+0800][info] GC(15) Using 12 workers of 12 for marking
[2024-10-12T07:54:55.671+0800][info] GC(15) Concurrent Mark From Roots 4.552ms
[2024-10-12T07:54:55.671+0800][info] GC(15) Concurrent Preclean
[2024-10-12T07:54:55.672+0800][info] GC(15) Concurrent Preclean 1.664ms
[2024-10-12T07:54:55.672+0800][info] GC(15) Pause Remark
[2024-10-12T07:54:55.674+0800][info] GC(15) Pause Remark 76M->76M(128M) 1.265ms
[2024-10-12T07:54:55.674+0800][info] GC(15) User=0.00s Sys=0.00s Real=0.01s
[2024-10-12T07:54:55.674+0800][info] GC(15) Concurrent Mark 7.723ms
[2024-10-12T07:54:55.674+0800][info] GC(15) Concurrent Rebuild Remembered Sets
[2024-10-12T07:54:55.675+0800][info] GC(15) Concurrent Rebuild Remembered Sets 1.123ms
[2024-10-12T07:54:55.675+0800][info] GC(15) Pause Cleanup
[2024-10-12T07:54:55.675+0800][info] GC(15) Pause Cleanup 76M->76M(128M) 0.184ms
[2024-10-12T07:54:55.675+0800][info] GC(15) User=0.00s Sys=0.00s Real=0.00s
[2024-10-12T07:54:55.675+0800][info] GC(15) Concurrent Cleanup for Next Mark
[2024-10-12T07:54:55.678+0800][info] GC(15) Concurrent Cleanup for Next Mark 2.459ms
[2024-10-12T07:54:55.678+0800][info] GC(15) Concurrent Mark Cycle 12.070ms
[2024-10-12T07:54:55.986+0800][info] GC(16) Pause Young (Prepare Mixed) (G1 Evacuation Pause)
[2024-10-12T07:54:55.986+0800][info] GC(16) Using 3 workers of 48 for evacuation
[2024-10-12T07:54:55.990+0800][info] GC(16)   Pre Evacuate Collection Set: 0.1ms
[2024-10-12T07:54:55.990+0800][info] GC(16)   Merge Heap Roots: 0.1ms
[2024-10-12T07:54:55.990+0800][info] GC(16)   Evacuate Collection Set: 2.7ms
[2024-10-12T07:54:55.990+0800][info] GC(16)   Post Evacuate Collection Set: 0.3ms
[2024-10-12T07:54:55.990+0800][info] GC(16)   Other: 0.5ms
[2024-10-12T07:54:55.990+0800][info] GC(16) Eden regions: 5->0(2)
[2024-10-12T07:54:55.990+0800][info] GC(16) Survivor regions: 1->1(1)
[2024-10-12T07:54:55.990+0800][info] GC(16) Old regions: 35->40
[2024-10-12T07:54:55.990+0800][info] GC(16) Archive regions: 2->2
[2024-10-12T07:54:55.990+0800][info] GC(16) Humongous regions: 1->1
[2024-10-12T07:54:55.990+0800][info] GC(16) Metaspace: 1522K(1664K)->1522K(1664K) NonClass: 1386K(1472K)->1386K(1472K) Class: 135K(192K)->135K(192K)
[2024-10-12T07:54:55.990+0800][info] GC(16) Pause Young (Prepare Mixed) (G1 Evacuation Pause) 85M->85M(128M) 3.699ms
[2024-10-12T07:54:55.990+0800][info] GC(16) User=0.01s Sys=0.01s Real=0.00s
[2024-10-12T07:54:56.094+0800][info] GC(17) Pause Young (Mixed) (G1 Evacuation Pause)
[2024-10-12T07:54:56.094+0800][info] GC(17) Using 3 workers of 48 for evacuation
[2024-10-12T07:54:56.100+0800][info] GC(17)   Pre Evacuate Collection Set: 0.2ms
[2024-10-12T07:54:56.100+0800][info] GC(17)   Merge Heap Roots: 0.1ms
[2024-10-12T07:54:56.100+0800][info] GC(17)   Evacuate Collection Set: 5.6ms
[2024-10-12T07:54:56.100+0800][info] GC(17)   Post Evacuate Collection Set: 0.3ms
[2024-10-12T07:54:56.100+0800][info] GC(17)   Other: 0.2ms
[2024-10-12T07:54:56.100+0800][info] GC(17) Eden regions: 2->0(2)
[2024-10-12T07:54:56.100+0800][info] GC(17) Survivor regions: 1->1(1)
[2024-10-12T07:54:56.100+0800][info] GC(17) Old regions: 40->38
[2024-10-12T07:54:56.100+0800][info] GC(17) Archive regions: 2->2
[2024-10-12T07:54:56.100+0800][info] GC(17) Humongous regions: 1->1
[2024-10-12T07:54:56.100+0800][info] GC(17) Metaspace: 1522K(1664K)->1522K(1664K) NonClass: 1386K(1472K)->1386K(1472K) Class: 135K(192K)->135K(192K)
[2024-10-12T07:54:56.100+0800][info] GC(17) Pause Young (Mixed) (G1 Evacuation Pause) 89M->80M(128M) 6.405ms
[2024-10-12T07:54:56.100+0800][info] GC(17) User=0.01s Sys=0.00s Real=0.00s
[2024-10-12T07:54:56.203+0800][info] GC(18) Pause Young (Mixed) (G1 Evacuation Pause)
[2024-10-12T07:54:56.203+0800][info] GC(18) Using 3 workers of 48 for evacuation
[2024-10-12T07:54:56.206+0800][info] GC(18)   Pre Evacuate Collection Set: 0.2ms
[2024-10-12T07:54:56.206+0800][info] GC(18)   Merge Heap Roots: 0.1ms
[2024-10-12T07:54:56.206+0800][info] GC(18)   Evacuate Collection Set: 2.2ms
[2024-10-12T07:54:56.206+0800][info] GC(18)   Post Evacuate Collection Set: 0.2ms
[2024-10-12T07:54:56.206+0800][info] GC(18)   Other: 0.2ms
[2024-10-12T07:54:56.206+0800][info] GC(18) Eden regions: 2->0(4)
[2024-10-12T07:54:56.206+0800][info] GC(18) Survivor regions: 1->1(1)
[2024-10-12T07:54:56.206+0800][info] GC(18) Old regions: 38->37
[2024-10-12T07:54:56.206+0800][info] GC(18) Archive regions: 2->2
[2024-10-12T07:54:56.206+0800][info] GC(18) Humongous regions: 1->1
[2024-10-12T07:54:56.206+0800][info] GC(18) Metaspace: 1526K(1664K)->1526K(1664K) NonClass: 1391K(1472K)->1391K(1472K) Class: 135K(192K)->135K(192K)
[2024-10-12T07:54:56.206+0800][info] GC(18) Pause Young (Mixed) (G1 Evacuation Pause) 84M->79M(128M) 2.971ms
[2024-10-12T07:54:56.206+0800][info] GC(18) User=0.00s Sys=0.00s Real=0.01s
[2024-10-12T07:54:56.433+0800][info] GC(19) Pause Young (Concurrent Start) (G1 Evacuation Pause)
[2024-10-12T07:54:56.433+0800][info] GC(19) Using 3 workers of 48 for evacuation
[2024-10-12T07:54:56.436+0800][info] GC(19)   Pre Evacuate Collection Set: 0.1ms
[2024-10-12T07:54:56.436+0800][info] GC(19)   Merge Heap Roots: 0.1ms
[2024-10-12T07:54:56.436+0800][info] GC(19)   Evacuate Collection Set: 1.6ms
[2024-10-12T07:54:56.436+0800][info] GC(19)   Post Evacuate Collection Set: 0.2ms
[2024-10-12T07:54:56.436+0800][info] GC(19)   Other: 0.4ms
[2024-10-12T07:54:56.436+0800][info] GC(19) Eden regions: 4->0(3)
[2024-10-12T07:54:56.436+0800][info] GC(19) Survivor regions: 1->1(1)
[2024-10-12T07:54:56.436+0800][info] GC(19) Old regions: 37->41
[2024-10-12T07:54:56.436+0800][info] GC(19) Archive regions: 2->2
[2024-10-12T07:54:56.436+0800][info] GC(19) Humongous regions: 1->1
[2024-10-12T07:54:56.436+0800][info] GC(19) Metaspace: 1526K(1664K)->1526K(1664K) NonClass: 1391K(1472K)->1391K(1472K) Class: 135K(192K)->135K(192K)
[2024-10-12T07:54:56.436+0800][info] GC(19) Pause Young (Concurrent Start) (G1 Evacuation Pause) 87M->87M(128M) 2.560ms
[2024-10-12T07:54:56.436+0800][info] GC(19) User=0.01s Sys=0.00s Real=0.00s
[2024-10-12T07:54:56.436+0800][info] GC(20) Concurrent Mark Cycle
[2024-10-12T07:54:56.436+0800][info] GC(20) Concurrent Clear Claimed Marks
[2024-10-12T07:54:56.436+0800][info] GC(20) Concurrent Clear Claimed Marks 0.017ms
[2024-10-12T07:54:56.436+0800][info] GC(20) Concurrent Scan Root Regions
[2024-10-12T07:54:56.436+0800][info] GC(20) Concurrent Scan Root Regions 0.177ms
[2024-10-12T07:54:56.436+0800][info] GC(20) Concurrent Mark
[2024-10-12T07:54:56.436+0800][info] GC(20) Concurrent Mark From Roots
[2024-10-12T07:54:56.436+0800][info] GC(20) Using 12 workers of 12 for marking
[2024-10-12T07:54:56.441+0800][info] GC(20) Concurrent Mark From Roots 4.774ms
[2024-10-12T07:54:56.441+0800][info] GC(20) Concurrent Preclean
[2024-10-12T07:54:56.443+0800][info] GC(20) Concurrent Preclean 1.666ms
[2024-10-12T07:54:56.443+0800][info] GC(20) Pause Remark
[2024-10-12T07:54:56.444+0800][info] GC(20) Pause Remark 88M->88M(128M) 1.260ms
[2024-10-12T07:54:56.444+0800][info] GC(20) User=0.00s Sys=0.00s Real=0.00s
[2024-10-12T07:54:56.444+0800][info] GC(20) Concurrent Mark 7.951ms
[2024-10-12T07:54:56.444+0800][info] GC(20) Concurrent Rebuild Remembered Sets
[2024-10-12T07:54:56.446+0800][info] GC(20) Concurrent Rebuild Remembered Sets 1.280ms
[2024-10-12T07:54:56.446+0800][info] GC(20) Pause Cleanup
[2024-10-12T07:54:56.446+0800][info] GC(20) Pause Cleanup 88M->88M(128M) 0.263ms
[2024-10-12T07:54:56.446+0800][info] GC(20) User=0.00s Sys=0.00s Real=0.00s
[2024-10-12T07:54:56.446+0800][info] GC(20) Concurrent Cleanup for Next Mark
[2024-10-12T07:54:56.446+0800][info] GC(20) Concurrent Cleanup for Next Mark 0.397ms
[2024-10-12T07:54:56.447+0800][info] GC(20) Concurrent Mark Cycle 10.443ms
[2024-10-12T07:54:56.653+0800][info] GC(21) Pause Young (Prepare Mixed) (G1 Evacuation Pause)
[2024-10-12T07:54:56.653+0800][info] GC(21) Using 3 workers of 48 for evacuation
[2024-10-12T07:54:56.655+0800][info] GC(21)   Pre Evacuate Collection Set: 0.1ms
[2024-10-12T07:54:56.655+0800][info] GC(21)   Merge Heap Roots: 0.1ms
[2024-10-12T07:54:56.655+0800][info] GC(21)   Evacuate Collection Set: 1.8ms
[2024-10-12T07:54:56.655+0800][info] GC(21)   Post Evacuate Collection Set: 0.2ms
[2024-10-12T07:54:56.655+0800][info] GC(21)   Other: 0.2ms
[2024-10-12T07:54:56.655+0800][info] GC(21) Eden regions: 3->0(2)
[2024-10-12T07:54:56.655+0800][info] GC(21) Survivor regions: 1->1(1)
[2024-10-12T07:54:56.655+0800][info] GC(21) Old regions: 41->44
[2024-10-12T07:54:56.655+0800][info] GC(21) Archive regions: 2->2
[2024-10-12T07:54:56.655+0800][info] GC(21) Humongous regions: 1->1
[2024-10-12T07:54:56.655+0800][info] GC(21) Metaspace: 1526K(1664K)->1526K(1664K) NonClass: 1391K(1472K)->1391K(1472K) Class: 135K(192K)->135K(192K)
[2024-10-12T07:54:56.656+0800][info] GC(21) Pause Young (Prepare Mixed) (G1 Evacuation Pause) 93M->93M(128M) 2.542ms
[2024-10-12T07:54:56.656+0800][info] GC(21) User=0.01s Sys=0.00s Real=0.01s
[2024-10-12T07:54:56.759+0800][info] GC(22) Pause Young (Mixed) (G1 Evacuation Pause)
[2024-10-12T07:54:56.759+0800][info] GC(22) Using 3 workers of 48 for evacuation
[2024-10-12T07:54:56.766+0800][info] GC(22)   Pre Evacuate Collection Set: 0.2ms
[2024-10-12T07:54:56.766+0800][info] GC(22)   Merge Heap Roots: 0.1ms
[2024-10-12T07:54:56.766+0800][info] GC(22)   Evacuate Collection Set: 6.4ms
[2024-10-12T07:54:56.766+0800][info] GC(22)   Post Evacuate Collection Set: 0.2ms
[2024-10-12T07:54:56.766+0800][info] GC(22)   Other: 0.2ms
[2024-10-12T07:54:56.766+0800][info] GC(22) Eden regions: 2->0(2)
[2024-10-12T07:54:56.766+0800][info] GC(22) Survivor regions: 1->1(1)
[2024-10-12T07:54:56.766+0800][info] GC(22) Old regions: 44->42
[2024-10-12T07:54:56.766+0800][info] GC(22) Archive regions: 2->2
[2024-10-12T07:54:56.766+0800][info] GC(22) Humongous regions: 1->1
[2024-10-12T07:54:56.766+0800][info] GC(22) Metaspace: 1531K(1664K)->1531K(1664K) NonClass: 1395K(1472K)->1395K(1472K) Class: 135K(192K)->135K(192K)
[2024-10-12T07:54:56.766+0800][info] GC(22) Pause Young (Mixed) (G1 Evacuation Pause) 97M->89M(128M) 7.251ms
[2024-10-12T07:54:56.766+0800][info] GC(22) User=0.01s Sys=0.01s Real=0.01s
[2024-10-12T07:54:56.870+0800][info] GC(23) Pause Young (Mixed) (G1 Evacuation Pause)
[2024-10-12T07:54:56.870+0800][info] GC(23) Using 3 workers of 48 for evacuation
[2024-10-12T07:54:56.873+0800][info] GC(23)   Pre Evacuate Collection Set: 0.2ms
[2024-10-12T07:54:56.873+0800][info] GC(23)   Merge Heap Roots: 0.1ms
[2024-10-12T07:54:56.873+0800][info] GC(23)   Evacuate Collection Set: 2.2ms
[2024-10-12T07:54:56.873+0800][info] GC(23)   Post Evacuate Collection Set: 0.3ms
[2024-10-12T07:54:56.873+0800][info] GC(23)   Other: 0.2ms
[2024-10-12T07:54:56.873+0800][info] GC(23) Eden regions: 2->0(2)
[2024-10-12T07:54:56.873+0800][info] GC(23) Survivor regions: 1->1(1)
[2024-10-12T07:54:56.873+0800][info] GC(23) Old regions: 42->41
[2024-10-12T07:54:56.873+0800][info] GC(23) Archive regions: 2->2
[2024-10-12T07:54:56.873+0800][info] GC(23) Humongous regions: 1->1
[2024-10-12T07:54:56.873+0800][info] GC(23) Metaspace: 1559K(1664K)->1559K(1664K) NonClass: 1423K(1472K)->1423K(1472K) Class: 135K(192K)->135K(192K)
[2024-10-12T07:54:56.873+0800][info] GC(23) Pause Young (Mixed) (G1 Evacuation Pause) 93M->86M(128M) 3.024ms
[2024-10-12T07:54:56.873+0800][info] GC(23) User=0.00s Sys=0.01s Real=0.00s
[2024-10-12T07:54:56.976+0800][info] GC(24) Pause Young (Mixed) (G1 Evacuation Pause)
[2024-10-12T07:54:56.976+0800][info] GC(24) Using 3 workers of 48 for evacuation
[2024-10-12T07:54:56.978+0800][info] GC(24)   Pre Evacuate Collection Set: 0.2ms
[2024-10-12T07:54:56.978+0800][info] GC(24)   Merge Heap Roots: 0.1ms
[2024-10-12T07:54:56.978+0800][info] GC(24)   Evacuate Collection Set: 1.5ms
[2024-10-12T07:54:56.978+0800][info] GC(24)   Post Evacuate Collection Set: 0.2ms
[2024-10-12T07:54:56.978+0800][info] GC(24)   Other: 0.2ms
[2024-10-12T07:54:56.978+0800][info] GC(24) Eden regions: 2->0(3)
[2024-10-12T07:54:56.978+0800][info] GC(24) Survivor regions: 1->1(1)
[2024-10-12T07:54:56.978+0800][info] GC(24) Old regions: 41->42
[2024-10-12T07:54:56.978+0800][info] GC(24) Archive regions: 2->2
[2024-10-12T07:54:56.978+0800][info] GC(24) Humongous regions: 1->1
[2024-10-12T07:54:56.978+0800][info] GC(24) Metaspace: 1559K(1664K)->1559K(1664K) NonClass: 1423K(1472K)->1423K(1472K) Class: 135K(192K)->135K(192K)
[2024-10-12T07:54:56.978+0800][info] GC(24) Pause Young (Mixed) (G1 Evacuation Pause) 90M->89M(128M) 2.319ms
[2024-10-12T07:54:56.978+0800][info] GC(24) User=0.01s Sys=0.00s Real=0.00s
[2024-10-12T07:54:57.143+0800][info] GC(25) Pause Young (Normal) (G1 Evacuation Pause)
[2024-10-12T07:54:57.143+0800][info] GC(25) Using 3 workers of 48 for evacuation
[2024-10-12T07:54:57.146+0800][info] GC(25)   Pre Evacuate Collection Set: 0.1ms
[2024-10-12T07:54:57.146+0800][info] GC(25)   Merge Heap Roots: 0.1ms
[2024-10-12T07:54:57.146+0800][info] GC(25)   Evacuate Collection Set: 1.8ms
[2024-10-12T07:54:57.146+0800][info] GC(25)   Post Evacuate Collection Set: 0.2ms
[2024-10-12T07:54:57.146+0800][info] GC(25)   Other: 0.2ms
[2024-10-12T07:54:57.146+0800][info] GC(25) Eden regions: 3->0(2)
[2024-10-12T07:54:57.146+0800][info] GC(25) Survivor regions: 1->1(1)
[2024-10-12T07:54:57.146+0800][info] GC(25) Old regions: 42->45
[2024-10-12T07:54:57.146+0800][info] GC(25) Archive regions: 2->2
[2024-10-12T07:54:57.146+0800][info] GC(25) Humongous regions: 2->1
[2024-10-12T07:54:57.146+0800][info] GC(25) Metaspace: 1559K(1664K)->1559K(1664K) NonClass: 1423K(1472K)->1423K(1472K) Class: 135K(192K)->135K(192K)
[2024-10-12T07:54:57.146+0800][info] GC(25) Pause Young (Normal) (G1 Evacuation Pause) 97M->95M(128M) 2.458ms
[2024-10-12T07:54:57.146+0800][info] GC(25) User=0.01s Sys=0.00s Real=0.01s
[2024-10-12T07:54:57.249+0800][info] GC(26) Pause Young (Normal) (G1 Evacuation Pause)
[2024-10-12T07:54:57.249+0800][info] GC(26) Using 3 workers of 48 for evacuation
[2024-10-12T07:54:57.251+0800][info] GC(26)   Pre Evacuate Collection Set: 0.1ms
[2024-10-12T07:54:57.251+0800][info] GC(26)   Merge Heap Roots: 0.0ms
[2024-10-12T07:54:57.251+0800][info] GC(26)   Evacuate Collection Set: 1.1ms
[2024-10-12T07:54:57.251+0800][info] GC(26)   Post Evacuate Collection Set: 0.2ms
[2024-10-12T07:54:57.251+0800][info] GC(26)   Other: 0.2ms
[2024-10-12T07:54:57.251+0800][info] GC(26) Eden regions: 2->0(2)
[2024-10-12T07:54:57.251+0800][info] GC(26) Survivor regions: 1->1(1)
[2024-10-12T07:54:57.251+0800][info] GC(26) Old regions: 45->47
[2024-10-12T07:54:57.251+0800][info] GC(26) Archive regions: 2->2
[2024-10-12T07:54:57.251+0800][info] GC(26) Humongous regions: 1->1
[2024-10-12T07:54:57.251+0800][info] GC(26) Metaspace: 1560K(1664K)->1560K(1664K) NonClass: 1424K(1472K)->1424K(1472K) Class: 135K(192K)->135K(192K)
[2024-10-12T07:54:57.251+0800][info] GC(26) Pause Young (Normal) (G1 Evacuation Pause) 98M->99M(128M) 1.802ms
[2024-10-12T07:54:57.251+0800][info] GC(26) User=0.01s Sys=0.00s Real=0.00s
[2024-10-12T07:54:57.354+0800][info] GC(27) Pause Young (Concurrent Start) (G1 Evacuation Pause)
[2024-10-12T07:54:57.354+0800][info] GC(27) Using 3 workers of 48 for evacuation
[2024-10-12T07:54:57.355+0800][info] GC(27)   Pre Evacuate Collection Set: 0.1ms
[2024-10-12T07:54:57.355+0800][info] GC(27)   Merge Heap Roots: 0.0ms
[2024-10-12T07:54:57.355+0800][info] GC(27)   Evacuate Collection Set: 0.9ms
[2024-10-12T07:54:57.355+0800][info] GC(27)   Post Evacuate Collection Set: 0.2ms
[2024-10-12T07:54:57.355+0800][info] GC(27)   Other: 0.4ms
[2024-10-12T07:54:57.355+0800][info] GC(27) Eden regions: 2->0(2)
[2024-10-12T07:54:57.355+0800][info] GC(27) Survivor regions: 1->1(1)
[2024-10-12T07:54:57.355+0800][info] GC(27) Old regions: 47->49
[2024-10-12T07:54:57.356+0800][info] GC(27) Archive regions: 2->2
[2024-10-12T07:54:57.356+0800][info] GC(27) Humongous regions: 1->1
[2024-10-12T07:54:57.356+0800][info] GC(27) Metaspace: 1560K(1664K)->1560K(1664K) NonClass: 1424K(1472K)->1424K(1472K) Class: 135K(192K)->135K(192K)
[2024-10-12T07:54:57.356+0800][info] GC(27) Pause Young (Concurrent Start) (G1 Evacuation Pause) 102M->102M(128M) 1.742ms
[2024-10-12T07:54:57.356+0800][info] GC(27) User=0.00s Sys=0.00s Real=0.00s
[2024-10-12T07:54:57.356+0800][info] GC(28) Concurrent Mark Cycle
[2024-10-12T07:54:57.356+0800][info] GC(28) Concurrent Clear Claimed Marks
[2024-10-12T07:54:57.356+0800][info] GC(28) Concurrent Clear Claimed Marks 0.017ms
[2024-10-12T07:54:57.356+0800][info] GC(28) Concurrent Scan Root Regions
[2024-10-12T07:54:57.356+0800][info] GC(28) Concurrent Scan Root Regions 0.152ms
[2024-10-12T07:54:57.356+0800][info] GC(28) Concurrent Mark
[2024-10-12T07:54:57.356+0800][info] GC(28) Concurrent Mark From Roots
[2024-10-12T07:54:57.356+0800][info] GC(28) Using 12 workers of 12 for marking
[2024-10-12T07:54:57.361+0800][info] GC(28) Concurrent Mark From Roots 4.604ms
[2024-10-12T07:54:57.361+0800][info] GC(28) Concurrent Preclean
[2024-10-12T07:54:57.362+0800][info] GC(28) Concurrent Preclean 1.691ms
[2024-10-12T07:54:57.362+0800][info] GC(28) Pause Remark
[2024-10-12T07:54:57.364+0800][info] GC(28) Pause Remark 103M->103M(128M) 1.304ms
[2024-10-12T07:54:57.364+0800][info] GC(28) User=0.00s Sys=0.00s Real=0.00s
[2024-10-12T07:54:57.364+0800][info] GC(28) Concurrent Mark 7.878ms
[2024-10-12T07:54:57.364+0800][info] GC(28) Concurrent Rebuild Remembered Sets
[2024-10-12T07:54:57.365+0800][info] GC(28) Concurrent Rebuild Remembered Sets 1.237ms
[2024-10-12T07:54:57.365+0800][info] GC(28) Pause Cleanup
[2024-10-12T07:54:57.365+0800][info] GC(28) Pause Cleanup 103M->103M(128M) 0.198ms
[2024-10-12T07:54:57.365+0800][info] GC(28) User=0.00s Sys=0.00s Real=0.00s
[2024-10-12T07:54:57.365+0800][info] GC(28) Concurrent Cleanup for Next Mark
[2024-10-12T07:54:57.366+0800][info] GC(28) Concurrent Cleanup for Next Mark 0.441ms
[2024-10-12T07:54:57.366+0800][info] GC(28) Concurrent Mark Cycle 10.285ms
[2024-10-12T07:54:57.511+0800][info] GC(29) Pause Young (Prepare Mixed) (G1 Evacuation Pause)
[2024-10-12T07:54:57.511+0800][info] GC(29) Using 3 workers of 48 for evacuation
[2024-10-12T07:54:57.514+0800][info] GC(29)   Pre Evacuate Collection Set: 0.1ms
[2024-10-12T07:54:57.514+0800][info] GC(29)   Merge Heap Roots: 0.1ms
[2024-10-12T07:54:57.514+0800][info] GC(29)   Evacuate Collection Set: 3.0ms
[2024-10-12T07:54:57.514+0800][info] GC(29)   Post Evacuate Collection Set: 0.3ms
[2024-10-12T07:54:57.514+0800][info] GC(29)   Other: 0.2ms
[2024-10-12T07:54:57.514+0800][info] GC(29) Eden regions: 2->0(2)
[2024-10-12T07:54:57.514+0800][info] GC(29) Survivor regions: 1->1(1)
[2024-10-12T07:54:57.514+0800][info] GC(29) Old regions: 49->51
[2024-10-12T07:54:57.514+0800][info] GC(29) Archive regions: 2->2
[2024-10-12T07:54:57.514+0800][info] GC(29) Humongous regions: 1->1
[2024-10-12T07:54:57.514+0800][info] GC(29) Metaspace: 1562K(1664K)->1562K(1664K) NonClass: 1426K(1472K)->1426K(1472K) Class: 135K(192K)->135K(192K)
[2024-10-12T07:54:57.514+0800][info] GC(29) Pause Young (Prepare Mixed) (G1 Evacuation Pause) 106M->106M(128M) 3.675ms
[2024-10-12T07:54:57.514+0800][info] GC(29) User=0.01s Sys=0.00s Real=0.01s
[2024-10-12T07:54:57.617+0800][info] GC(30) Pause Young (Mixed) (G1 Evacuation Pause)
[2024-10-12T07:54:57.617+0800][info] GC(30) Using 3 workers of 48 for evacuation
[2024-10-12T07:54:57.620+0800][info] GC(30)   Pre Evacuate Collection Set: 0.1ms
[2024-10-12T07:54:57.620+0800][info] GC(30)   Merge Heap Roots: 0.1ms
[2024-10-12T07:54:57.620+0800][info] GC(30)   Evacuate Collection Set: 2.9ms
[2024-10-12T07:54:57.620+0800][info] GC(30)   Post Evacuate Collection Set: 0.2ms
[2024-10-12T07:54:57.620+0800][info] GC(30)   Other: 0.2ms
[2024-10-12T07:54:57.620+0800][info] GC(30) Eden regions: 2->0(2)
[2024-10-12T07:54:57.620+0800][info] GC(30) Survivor regions: 1->1(1)
[2024-10-12T07:54:57.620+0800][info] GC(30) Old regions: 51->47
[2024-10-12T07:54:57.620+0800][info] GC(30) Archive regions: 2->2
[2024-10-12T07:54:57.620+0800][info] GC(30) Humongous regions: 1->1
[2024-10-12T07:54:57.621+0800][info] GC(30) Metaspace: 1562K(1664K)->1562K(1664K) NonClass: 1426K(1472K)->1426K(1472K) Class: 135K(192K)->135K(192K)
[2024-10-12T07:54:57.621+0800][info] GC(30) Pause Young (Mixed) (G1 Evacuation Pause) 110M->99M(128M) 3.664ms
[2024-10-12T07:54:57.621+0800][info] GC(30) User=0.01s Sys=0.00s Real=0.00s
[2024-10-12T07:54:57.724+0800][info] GC(31) Pause Young (Mixed) (G1 Evacuation Pause)
[2024-10-12T07:54:57.724+0800][info] GC(31) Using 3 workers of 48 for evacuation
[2024-10-12T07:54:57.726+0800][info] GC(31)   Pre Evacuate Collection Set: 0.1ms
[2024-10-12T07:54:57.726+0800][info] GC(31)   Merge Heap Roots: 0.1ms
[2024-10-12T07:54:57.726+0800][info] GC(31)   Evacuate Collection Set: 2.0ms
[2024-10-12T07:54:57.726+0800][info] GC(31)   Post Evacuate Collection Set: 0.2ms
[2024-10-12T07:54:57.726+0800][info] GC(31)   Other: 0.2ms
[2024-10-12T07:54:57.726+0800][info] GC(31) Eden regions: 2->0(2)
[2024-10-12T07:54:57.726+0800][info] GC(31) Survivor regions: 1->1(1)
[2024-10-12T07:54:57.726+0800][info] GC(31) Old regions: 47->46
[2024-10-12T07:54:57.726+0800][info] GC(31) Archive regions: 2->2
[2024-10-12T07:54:57.726+0800][info] GC(31) Humongous regions: 1->1
[2024-10-12T07:54:57.726+0800][info] GC(31) Metaspace: 1564K(1664K)->1564K(1664K) NonClass: 1428K(1472K)->1428K(1472K) Class: 135K(192K)->135K(192K)
[2024-10-12T07:54:57.726+0800][info] GC(31) Pause Young (Mixed) (G1 Evacuation Pause) 103M->96M(128M) 2.665ms
[2024-10-12T07:54:57.727+0800][info] GC(31) User=0.01s Sys=0.00s Real=0.01s
[2024-10-12T07:54:57.829+0800][info] GC(32) Pause Young (Mixed) (G1 Evacuation Pause)
[2024-10-12T07:54:57.829+0800][info] GC(32) Using 3 workers of 48 for evacuation
[2024-10-12T07:54:57.832+0800][info] GC(32)   Pre Evacuate Collection Set: 0.1ms
[2024-10-12T07:54:57.832+0800][info] GC(32)   Merge Heap Roots: 0.1ms
[2024-10-12T07:54:57.832+0800][info] GC(32)   Evacuate Collection Set: 2.6ms
[2024-10-12T07:54:57.832+0800][info] GC(32)   Post Evacuate Collection Set: 0.2ms
[2024-10-12T07:54:57.832+0800][info] GC(32)   Other: 0.2ms
[2024-10-12T07:54:57.832+0800][info] GC(32) Eden regions: 2->0(2)
[2024-10-12T07:54:57.832+0800][info] GC(32) Survivor regions: 1->1(1)
[2024-10-12T07:54:57.832+0800][info] GC(32) Old regions: 46->45
[2024-10-12T07:54:57.832+0800][info] GC(32) Archive regions: 2->2
[2024-10-12T07:54:57.832+0800][info] GC(32) Humongous regions: 1->1
[2024-10-12T07:54:57.832+0800][info] GC(32) Metaspace: 1564K(1664K)->1564K(1664K) NonClass: 1428K(1472K)->1428K(1472K) Class: 135K(192K)->135K(192K)
[2024-10-12T07:54:57.832+0800][info] GC(32) Pause Young (Mixed) (G1 Evacuation Pause) 100M->95M(128M) 3.335ms
[2024-10-12T07:54:57.832+0800][info] GC(32) User=0.00s Sys=0.00s Real=0.00s
[2024-10-12T07:54:57.936+0800][info] GC(33) Pause Young (Mixed) (G1 Evacuation Pause)
[2024-10-12T07:54:57.936+0800][info] GC(33) Using 3 workers of 48 for evacuation
[2024-10-12T07:54:57.938+0800][info] GC(33)   Pre Evacuate Collection Set: 0.1ms
[2024-10-12T07:54:57.938+0800][info] GC(33)   Merge Heap Roots: 0.1ms
[2024-10-12T07:54:57.938+0800][info] GC(33)   Evacuate Collection Set: 1.5ms
[2024-10-12T07:54:57.938+0800][info] GC(33)   Post Evacuate Collection Set: 0.2ms
[2024-10-12T07:54:57.938+0800][info] GC(33)   Other: 0.2ms
[2024-10-12T07:54:57.938+0800][info] GC(33) Eden regions: 2->0(2)
[2024-10-12T07:54:57.938+0800][info] GC(33) Survivor regions: 1->1(1)
[2024-10-12T07:54:57.938+0800][info] GC(33) Old regions: 45->46
[2024-10-12T07:54:57.938+0800][info] GC(33) Archive regions: 2->2
[2024-10-12T07:54:57.938+0800][info] GC(33) Humongous regions: 1->1
[2024-10-12T07:54:57.938+0800][info] GC(33) Metaspace: 1565K(1664K)->1565K(1664K) NonClass: 1429K(1472K)->1429K(1472K) Class: 135K(192K)->135K(192K)
[2024-10-12T07:54:57.938+0800][info] GC(33) Pause Young (Mixed) (G1 Evacuation Pause) 99M->97M(128M) 2.208ms
[2024-10-12T07:54:57.938+0800][info] GC(33) User=0.01s Sys=0.00s Real=0.00s
[2024-10-12T07:54:58.041+0800][info] GC(34) Pause Young (Normal) (G1 Evacuation Pause)
[2024-10-12T07:54:58.041+0800][info] GC(34) Using 3 workers of 48 for evacuation
[2024-10-12T07:54:58.042+0800][info] GC(34)   Pre Evacuate Collection Set: 0.1ms
[2024-10-12T07:54:58.042+0800][info] GC(34)   Merge Heap Roots: 0.1ms
[2024-10-12T07:54:58.042+0800][info] GC(34)   Evacuate Collection Set: 1.0ms
[2024-10-12T07:54:58.042+0800][info] GC(34)   Post Evacuate Collection Set: 0.2ms
[2024-10-12T07:54:58.042+0800][info] GC(34)   Other: 0.2ms
[2024-10-12T07:54:58.042+0800][info] GC(34) Eden regions: 2->0(2)
[2024-10-12T07:54:58.042+0800][info] GC(34) Survivor regions: 1->1(1)
[2024-10-12T07:54:58.042+0800][info] GC(34) Old regions: 46->48
[2024-10-12T07:54:58.042+0800][info] GC(34) Archive regions: 2->2
[2024-10-12T07:54:58.042+0800][info] GC(34) Humongous regions: 1->1
[2024-10-12T07:54:58.042+0800][info] GC(34) Metaspace: 1565K(1664K)->1565K(1664K) NonClass: 1429K(1472K)->1429K(1472K) Class: 135K(192K)->135K(192K)
[2024-10-12T07:54:58.042+0800][info] GC(34) Pause Young (Normal) (G1 Evacuation Pause) 101M->101M(128M) 1.725ms
[2024-10-12T07:54:58.042+0800][info] GC(34) User=0.00s Sys=0.00s Real=0.00s
[2024-10-12T07:54:58.146+0800][info] GC(35) Pause Young (Normal) (G1 Evacuation Pause)
[2024-10-12T07:54:58.146+0800][info] GC(35) Using 3 workers of 48 for evacuation
[2024-10-12T07:54:58.147+0800][info] GC(35)   Pre Evacuate Collection Set: 0.1ms
[2024-10-12T07:54:58.147+0800][info] GC(35)   Merge Heap Roots: 0.0ms
[2024-10-12T07:54:58.147+0800][info] GC(35)   Evacuate Collection Set: 1.0ms
[2024-10-12T07:54:58.147+0800][info] GC(35)   Post Evacuate Collection Set: 0.2ms
[2024-10-12T07:54:58.147+0800][info] GC(35)   Other: 0.2ms
[2024-10-12T07:54:58.147+0800][info] GC(35) Eden regions: 2->0(2)
[2024-10-12T07:54:58.147+0800][info] GC(35) Survivor regions: 1->1(1)
[2024-10-12T07:54:58.147+0800][info] GC(35) Old regions: 48->50
[2024-10-12T07:54:58.147+0800][info] GC(35) Archive regions: 2->2
[2024-10-12T07:54:58.147+0800][info] GC(35) Humongous regions: 1->1
[2024-10-12T07:54:58.147+0800][info] GC(35) Metaspace: 1566K(1664K)->1566K(1664K) NonClass: 1430K(1472K)->1430K(1472K) Class: 135K(192K)->135K(192K)
[2024-10-12T07:54:58.147+0800][info] GC(35) Pause Young (Normal) (G1 Evacuation Pause) 105M->105M(128M) 1.660ms
[2024-10-12T07:54:58.147+0800][info] GC(35) User=0.00s Sys=0.00s Real=0.00s
[2024-10-12T07:54:58.251+0800][info] GC(36) Pause Young (Concurrent Start) (G1 Evacuation Pause)
[2024-10-12T07:54:58.251+0800][info] GC(36) Using 3 workers of 48 for evacuation
[2024-10-12T07:54:58.253+0800][info] GC(36)   Pre Evacuate Collection Set: 0.1ms
[2024-10-12T07:54:58.253+0800][info] GC(36)   Merge Heap Roots: 0.1ms
[2024-10-12T07:54:58.253+0800][info] GC(36)   Evacuate Collection Set: 1.1ms
[2024-10-12T07:54:58.253+0800][info] GC(36)   Post Evacuate Collection Set: 0.2ms
[2024-10-12T07:54:58.253+0800][info] GC(36)   Other: 0.4ms
[2024-10-12T07:54:58.253+0800][info] GC(36) Eden regions: 2->0(2)
[2024-10-12T07:54:58.253+0800][info] GC(36) Survivor regions: 1->1(1)
[2024-10-12T07:54:58.253+0800][info] GC(36) Old regions: 50->53
[2024-10-12T07:54:58.253+0800][info] GC(36) Archive regions: 2->2
[2024-10-12T07:54:58.253+0800][info] GC(36) Humongous regions: 1->1
[2024-10-12T07:54:58.253+0800][info] GC(36) Metaspace: 1580K(1728K)->1580K(1728K) NonClass: 1444K(1536K)->1444K(1536K) Class: 135K(192K)->135K(192K)
[2024-10-12T07:54:58.253+0800][info] GC(36) Pause Young (Concurrent Start) (G1 Evacuation Pause) 109M->110M(128M) 1.940ms
[2024-10-12T07:54:58.253+0800][info] GC(36) User=0.01s Sys=0.00s Real=0.00s
[2024-10-12T07:54:58.253+0800][info] GC(37) Concurrent Mark Cycle
[2024-10-12T07:54:58.253+0800][info] GC(37) Concurrent Clear Claimed Marks
[2024-10-12T07:54:58.253+0800][info] GC(37) Concurrent Clear Claimed Marks 0.018ms
[2024-10-12T07:54:58.253+0800][info] GC(37) Concurrent Scan Root Regions
[2024-10-12T07:54:58.253+0800][info] GC(37) Concurrent Scan Root Regions 0.112ms
[2024-10-12T07:54:58.253+0800][info] GC(37) Concurrent Mark
[2024-10-12T07:54:58.253+0800][info] GC(37) Concurrent Mark From Roots
[2024-10-12T07:54:58.253+0800][info] GC(37) Using 12 workers of 12 for marking
[2024-10-12T07:54:58.260+0800][info] GC(37) Concurrent Mark From Roots 6.449ms
[2024-10-12T07:54:58.260+0800][info] GC(37) Concurrent Preclean
[2024-10-12T07:54:58.261+0800][info] GC(37) Concurrent Preclean 1.679ms
[2024-10-12T07:54:58.262+0800][info] GC(37) Pause Remark
[2024-10-12T07:54:58.263+0800][info] GC(37) Pause Remark 110M->106M(128M) 1.448ms
[2024-10-12T07:54:58.263+0800][info] GC(37) User=0.00s Sys=0.00s Real=0.00s
[2024-10-12T07:54:58.263+0800][info] GC(37) Concurrent Mark 9.898ms
[2024-10-12T07:54:58.263+0800][info] GC(37) Concurrent Rebuild Remembered Sets
[2024-10-12T07:54:58.265+0800][info] GC(37) Concurrent Rebuild Remembered Sets 1.240ms
[2024-10-12T07:54:58.265+0800][info] GC(37) Pause Cleanup
[2024-10-12T07:54:58.265+0800][info] GC(37) Pause Cleanup 106M->106M(128M) 0.239ms
[2024-10-12T07:54:58.265+0800][info] GC(37) User=0.00s Sys=0.00s Real=0.00s
[2024-10-12T07:54:58.265+0800][info] GC(37) Concurrent Cleanup for Next Mark
[2024-10-12T07:54:58.265+0800][info] GC(37) Concurrent Cleanup for Next Mark 0.420ms
[2024-10-12T07:54:58.265+0800][info] GC(37) Concurrent Mark Cycle 12.287ms
[2024-10-12T07:54:58.408+0800][info] GC(38) Pause Young (Prepare Mixed) (G1 Evacuation Pause)
[2024-10-12T07:54:58.408+0800][info] GC(38) Using 3 workers of 48 for evacuation
[2024-10-12T07:54:58.410+0800][info] GC(38)   Pre Evacuate Collection Set: 0.1ms
[2024-10-12T07:54:58.410+0800][info] GC(38)   Merge Heap Roots: 0.1ms
[2024-10-12T07:54:58.410+0800][info] GC(38)   Evacuate Collection Set: 1.1ms
[2024-10-12T07:54:58.410+0800][info] GC(38)   Post Evacuate Collection Set: 0.2ms
[2024-10-12T07:54:58.410+0800][info] GC(38)   Other: 0.2ms
[2024-10-12T07:54:58.410+0800][info] GC(38) Eden regions: 2->0(2)
[2024-10-12T07:54:58.410+0800][info] GC(38) Survivor regions: 1->1(1)
[2024-10-12T07:54:58.410+0800][info] GC(38) Old regions: 51->53
[2024-10-12T07:54:58.410+0800][info] GC(38) Archive regions: 2->2
[2024-10-12T07:54:58.410+0800][info] GC(38) Humongous regions: 1->1
[2024-10-12T07:54:58.410+0800][info] GC(38) Metaspace: 1599K(1728K)->1599K(1728K) NonClass: 1463K(1536K)->1463K(1536K) Class: 135K(192K)->135K(192K)
[2024-10-12T07:54:58.410+0800][info] GC(38) Pause Young (Prepare Mixed) (G1 Evacuation Pause) 109M->110M(128M) 1.757ms
[2024-10-12T07:54:58.410+0800][info] GC(38) User=0.00s Sys=0.00s Real=0.00s
[2024-10-12T07:54:58.512+0800][info] GC(39) Pause Young (Mixed) (G1 Preventive Collection)
[2024-10-12T07:54:58.512+0800][info] GC(39) Using 3 workers of 48 for evacuation
[2024-10-12T07:54:58.514+0800][info] GC(39)   Pre Evacuate Collection Set: 0.1ms
[2024-10-12T07:54:58.514+0800][info] GC(39)   Merge Heap Roots: 0.1ms
[2024-10-12T07:54:58.514+0800][info] GC(39)   Evacuate Collection Set: 1.7ms
[2024-10-12T07:54:58.514+0800][info] GC(39)   Post Evacuate Collection Set: 0.3ms
[2024-10-12T07:54:58.514+0800][info] GC(39)   Other: 0.2ms
[2024-10-12T07:54:58.514+0800][info] GC(39) Eden regions: 2->0(2)
[2024-10-12T07:54:58.514+0800][info] GC(39) Survivor regions: 1->1(1)
[2024-10-12T07:54:58.514+0800][info] GC(39) Old regions: 53->50
[2024-10-12T07:54:58.514+0800][info] GC(39) Archive regions: 2->2
[2024-10-12T07:54:58.514+0800][info] GC(39) Humongous regions: 1->1
[2024-10-12T07:54:58.514+0800][info] GC(39) Metaspace: 1599K(1728K)->1599K(1728K) NonClass: 1463K(1536K)->1463K(1536K) Class: 135K(192K)->135K(192K)
[2024-10-12T07:54:58.514+0800][info] GC(39) Pause Young (Mixed) (G1 Preventive Collection) 113M->104M(128M) 2.521ms
[2024-10-12T07:54:58.514+0800][info] GC(39) User=0.01s Sys=0.00s Real=0.01s
[2024-10-12T07:54:58.617+0800][info] GC(40) Pause Young (Mixed) (G1 Evacuation Pause)
[2024-10-12T07:54:58.617+0800][info] GC(40) Using 3 workers of 48 for evacuation
[2024-10-12T07:54:58.620+0800][info] GC(40)   Pre Evacuate Collection Set: 0.1ms
[2024-10-12T07:54:58.620+0800][info] GC(40)   Merge Heap Roots: 0.1ms
[2024-10-12T07:54:58.620+0800][info] GC(40)   Evacuate Collection Set: 1.8ms
[2024-10-12T07:54:58.620+0800][info] GC(40)   Post Evacuate Collection Set: 0.3ms
[2024-10-12T07:54:58.620+0800][info] GC(40)   Other: 0.2ms
[2024-10-12T07:54:58.620+0800][info] GC(40) Eden regions: 2->0(2)
[2024-10-12T07:54:58.620+0800][info] GC(40) Survivor regions: 1->1(1)
[2024-10-12T07:54:58.620+0800][info] GC(40) Old regions: 50->47
[2024-10-12T07:54:58.620+0800][info] GC(40) Archive regions: 2->2
[2024-10-12T07:54:58.620+0800][info] GC(40) Humongous regions: 1->1
[2024-10-12T07:54:58.620+0800][info] GC(40) Metaspace: 1599K(1728K)->1599K(1728K) NonClass: 1463K(1536K)->1463K(1536K) Class: 135K(192K)->135K(192K)
[2024-10-12T07:54:58.620+0800][info] GC(40) Pause Young (Mixed) (G1 Evacuation Pause) 107M->99M(128M) 2.611ms
[2024-10-12T07:54:58.620+0800][info] GC(40) User=0.01s Sys=0.00s Real=0.00s
[2024-10-12T07:54:58.722+0800][info] GC(41) Pause Young (Mixed) (G1 Evacuation Pause)
[2024-10-12T07:54:58.722+0800][info] GC(41) Using 3 workers of 48 for evacuation
[2024-10-12T07:54:58.725+0800][info] GC(41)   Pre Evacuate Collection Set: 0.1ms
[2024-10-12T07:54:58.725+0800][info] GC(41)   Merge Heap Roots: 0.1ms
[2024-10-12T07:54:58.725+0800][info] GC(41)   Evacuate Collection Set: 2.3ms
[2024-10-12T07:54:58.725+0800][info] GC(41)   Post Evacuate Collection Set: 0.3ms
[2024-10-12T07:54:58.725+0800][info] GC(41)   Other: 0.2ms
[2024-10-12T07:54:58.725+0800][info] GC(41) Eden regions: 2->0(2)
[2024-10-12T07:54:58.725+0800][info] GC(41) Survivor regions: 1->1(1)
[2024-10-12T07:54:58.725+0800][info] GC(41) Old regions: 47->46
[2024-10-12T07:54:58.725+0800][info] GC(41) Archive regions: 2->2
[2024-10-12T07:54:58.725+0800][info] GC(41) Humongous regions: 1->1
[2024-10-12T07:54:58.725+0800][info] GC(41) Metaspace: 1599K(1728K)->1599K(1728K) NonClass: 1463K(1536K)->1463K(1536K) Class: 135K(192K)->135K(192K)
[2024-10-12T07:54:58.725+0800][info] GC(41) Pause Young (Mixed) (G1 Evacuation Pause) 103M->97M(128M) 3.043ms
[2024-10-12T07:54:58.725+0800][info] GC(41) User=0.00s Sys=0.00s Real=0.00s
[2024-10-12T07:54:58.828+0800][info] GC(42) Pause Young (Mixed) (G1 Evacuation Pause)
[2024-10-12T07:54:58.828+0800][info] GC(42) Using 3 workers of 48 for evacuation
[2024-10-12T07:54:58.831+0800][info] GC(42)   Pre Evacuate Collection Set: 0.1ms
[2024-10-12T07:54:58.831+0800][info] GC(42)   Merge Heap Roots: 0.1ms
[2024-10-12T07:54:58.831+0800][info] GC(42)   Evacuate Collection Set: 2.2ms
[2024-10-12T07:54:58.831+0800][info] GC(42)   Post Evacuate Collection Set: 0.3ms
[2024-10-12T07:54:58.831+0800][info] GC(42)   Other: 0.2ms
[2024-10-12T07:54:58.831+0800][info] GC(42) Eden regions: 2->0(2)
[2024-10-12T07:54:58.831+0800][info] GC(42) Survivor regions: 1->1(1)
[2024-10-12T07:54:58.831+0800][info] GC(42) Old regions: 46->47
[2024-10-12T07:54:58.831+0800][info] GC(42) Archive regions: 2->2
[2024-10-12T07:54:58.831+0800][info] GC(42) Humongous regions: 1->1
[2024-10-12T07:54:58.831+0800][info] GC(42) Metaspace: 1601K(1728K)->1601K(1728K) NonClass: 1465K(1536K)->1465K(1536K) Class: 135K(192K)->135K(192K)
[2024-10-12T07:54:58.831+0800][info] GC(42) Pause Young (Mixed) (G1 Evacuation Pause) 101M->99M(128M) 2.943ms
[2024-10-12T07:54:58.831+0800][info] GC(42) User=0.01s Sys=0.00s Real=0.00s
[2024-10-12T07:54:58.933+0800][info] GC(43) Pause Young (Normal) (G1 Evacuation Pause)
[2024-10-12T07:54:58.933+0800][info] GC(43) Using 3 workers of 48 for evacuation
[2024-10-12T07:54:58.935+0800][info] GC(43)   Pre Evacuate Collection Set: 0.1ms
[2024-10-12T07:54:58.935+0800][info] GC(43)   Merge Heap Roots: 0.0ms
[2024-10-12T07:54:58.935+0800][info] GC(43)   Evacuate Collection Set: 0.8ms
[2024-10-12T07:54:58.935+0800][info] GC(43)   Post Evacuate Collection Set: 0.2ms
[2024-10-12T07:54:58.935+0800][info] GC(43)   Other: 0.2ms
[2024-10-12T07:54:58.935+0800][info] GC(43) Eden regions: 2->0(2)
[2024-10-12T07:54:58.935+0800][info] GC(43) Survivor regions: 1->1(1)
[2024-10-12T07:54:58.935+0800][info] GC(43) Old regions: 47->49
[2024-10-12T07:54:58.935+0800][info] GC(43) Archive regions: 2->2
[2024-10-12T07:54:58.935+0800][info] GC(43) Humongous regions: 1->1
[2024-10-12T07:54:58.935+0800][info] GC(43) Metaspace: 1601K(1728K)->1601K(1728K) NonClass: 1465K(1536K)->1465K(1536K) Class: 135K(192K)->135K(192K)
[2024-10-12T07:54:58.935+0800][info] GC(43) Pause Young (Normal) (G1 Evacuation Pause) 102M->102M(128M) 1.484ms
[2024-10-12T07:54:58.935+0800][info] GC(43) User=0.00s Sys=0.00s Real=0.00s
[2024-10-12T07:54:59.038+0800][info] GC(44) Pause Young (Normal) (G1 Evacuation Pause)
[2024-10-12T07:54:59.038+0800][info] GC(44) Using 3 workers of 48 for evacuation
[2024-10-12T07:54:59.039+0800][info] GC(44)   Pre Evacuate Collection Set: 0.1ms
[2024-10-12T07:54:59.039+0800][info] GC(44)   Merge Heap Roots: 0.0ms
[2024-10-12T07:54:59.039+0800][info] GC(44)   Evacuate Collection Set: 1.1ms
[2024-10-12T07:54:59.039+0800][info] GC(44)   Post Evacuate Collection Set: 0.2ms
[2024-10-12T07:54:59.039+0800][info] GC(44)   Other: 0.2ms
[2024-10-12T07:54:59.039+0800][info] GC(44) Eden regions: 2->0(2)
[2024-10-12T07:54:59.039+0800][info] GC(44) Survivor regions: 1->1(1)
[2024-10-12T07:54:59.039+0800][info] GC(44) Old regions: 49->51
[2024-10-12T07:54:59.039+0800][info] GC(44) Archive regions: 2->2
[2024-10-12T07:54:59.039+0800][info] GC(44) Humongous regions: 1->1
[2024-10-12T07:54:59.039+0800][info] GC(44) Metaspace: 1601K(1728K)->1601K(1728K) NonClass: 1465K(1536K)->1465K(1536K) Class: 135K(192K)->135K(192K)
[2024-10-12T07:54:59.039+0800][info] GC(44) Pause Young (Normal) (G1 Evacuation Pause) 106M->107M(128M) 1.730ms
[2024-10-12T07:54:59.039+0800][info] GC(44) User=0.01s Sys=0.00s Real=0.00s
[2024-10-12T07:54:59.141+0800][info] GC(45) Pause Young (Concurrent Start) (G1 Evacuation Pause)
[2024-10-12T07:54:59.141+0800][info] GC(45) Using 3 workers of 48 for evacuation
[2024-10-12T07:54:59.143+0800][info] GC(45)   Pre Evacuate Collection Set: 0.1ms
[2024-10-12T07:54:59.143+0800][info] GC(45)   Merge Heap Roots: 0.1ms
[2024-10-12T07:54:59.143+0800][info] GC(45)   Evacuate Collection Set: 1.0ms
[2024-10-12T07:54:59.143+0800][info] GC(45)   Post Evacuate Collection Set: 0.2ms
[2024-10-12T07:54:59.143+0800][info] GC(45)   Other: 0.4ms
[2024-10-12T07:54:59.143+0800][info] GC(45) Eden regions: 2->0(2)
[2024-10-12T07:54:59.143+0800][info] GC(45) Survivor regions: 1->1(1)
[2024-10-12T07:54:59.143+0800][info] GC(45) Old regions: 51->53
[2024-10-12T07:54:59.143+0800][info] GC(45) Archive regions: 2->2
[2024-10-12T07:54:59.143+0800][info] GC(45) Humongous regions: 1->1
[2024-10-12T07:54:59.143+0800][info] GC(45) Metaspace: 1601K(1728K)->1601K(1728K) NonClass: 1465K(1536K)->1465K(1536K) Class: 135K(192K)->135K(192K)
[2024-10-12T07:54:59.143+0800][info] GC(45) Pause Young (Concurrent Start) (G1 Evacuation Pause) 110M->110M(128M) 1.849ms
[2024-10-12T07:54:59.143+0800][info] GC(45) User=0.00s Sys=0.00s Real=0.00s
[2024-10-12T07:54:59.143+0800][info] GC(46) Concurrent Mark Cycle
[2024-10-12T07:54:59.143+0800][info] GC(46) Concurrent Clear Claimed Marks
[2024-10-12T07:54:59.143+0800][info] GC(46) Concurrent Clear Claimed Marks 0.018ms
[2024-10-12T07:54:59.143+0800][info] GC(46) Concurrent Scan Root Regions
[2024-10-12T07:54:59.144+0800][info] GC(46) Concurrent Scan Root Regions 0.156ms
[2024-10-12T07:54:59.144+0800][info] GC(46) Concurrent Mark
[2024-10-12T07:54:59.144+0800][info] GC(46) Concurrent Mark From Roots
[2024-10-12T07:54:59.144+0800][info] GC(46) Using 12 workers of 12 for marking
[2024-10-12T07:54:59.148+0800][info] GC(46) Concurrent Mark From Roots 4.421ms
[2024-10-12T07:54:59.148+0800][info] GC(46) Concurrent Preclean
[2024-10-12T07:54:59.150+0800][info] GC(46) Concurrent Preclean 1.688ms
[2024-10-12T07:54:59.150+0800][info] GC(46) Pause Remark
[2024-10-12T07:54:59.151+0800][info] GC(46) Pause Remark 111M->111M(128M) 1.455ms
[2024-10-12T07:54:59.151+0800][info] GC(46) User=0.01s Sys=0.00s Real=0.00s
[2024-10-12T07:54:59.151+0800][info] GC(46) Concurrent Mark 7.891ms
[2024-10-12T07:54:59.152+0800][info] GC(46) Concurrent Rebuild Remembered Sets
[2024-10-12T07:54:59.153+0800][info] GC(46) Concurrent Rebuild Remembered Sets 1.328ms
[2024-10-12T07:54:59.153+0800][info] GC(46) Pause Cleanup
[2024-10-12T07:54:59.153+0800][info] GC(46) Pause Cleanup 111M->111M(128M) 0.269ms
[2024-10-12T07:54:59.153+0800][info] GC(46) User=0.00s Sys=0.00s Real=0.01s
[2024-10-12T07:54:59.153+0800][info] GC(46) Concurrent Cleanup for Next Mark
[2024-10-12T07:54:59.154+0800][info] GC(46) Concurrent Cleanup for Next Mark 0.553ms
[2024-10-12T07:54:59.154+0800][info] GC(46) Concurrent Mark Cycle 10.496ms
[2024-10-12T07:54:59.299+0800][info] GC(47) Pause Young (Prepare Mixed) (G1 Preventive Collection)
[2024-10-12T07:54:59.299+0800][info] GC(47) Using 3 workers of 48 for evacuation
[2024-10-12T07:54:59.300+0800][info] GC(47)   Pre Evacuate Collection Set: 0.1ms
[2024-10-12T07:54:59.300+0800][info] GC(47)   Merge Heap Roots: 0.1ms
[2024-10-12T07:54:59.300+0800][info] GC(47)   Evacuate Collection Set: 1.1ms
[2024-10-12T07:54:59.300+0800][info] GC(47)   Post Evacuate Collection Set: 0.2ms
[2024-10-12T07:54:59.300+0800][info] GC(47)   Other: 0.2ms
[2024-10-12T07:54:59.300+0800][info] GC(47) Eden regions: 2->0(2)
[2024-10-12T07:54:59.300+0800][info] GC(47) Survivor regions: 1->1(1)
[2024-10-12T07:54:59.300+0800][info] GC(47) Old regions: 53->55
[2024-10-12T07:54:59.300+0800][info] GC(47) Archive regions: 2->2
[2024-10-12T07:54:59.300+0800][info] GC(47) Humongous regions: 2->1
[2024-10-12T07:54:59.300+0800][info] GC(47) Metaspace: 1607K(1728K)->1607K(1728K) NonClass: 1471K(1536K)->1471K(1536K) Class: 135K(192K)->135K(192K)
[2024-10-12T07:54:59.300+0800][info] GC(47) Pause Young (Prepare Mixed) (G1 Preventive Collection) 116M->114M(128M) 1.807ms
[2024-10-12T07:54:59.300+0800][info] GC(47) User=0.01s Sys=0.00s Real=0.00s
[2024-10-12T07:54:59.362+0800][info] GC(48) Pause Young (Mixed) (G1 Preventive Collection)
[2024-10-12T07:54:59.362+0800][info] GC(48) Using 3 workers of 48 for evacuation
[2024-10-12T07:54:59.364+0800][info] GC(48)   Pre Evacuate Collection Set: 0.1ms
[2024-10-12T07:54:59.364+0800][info] GC(48)   Merge Heap Roots: 0.1ms
[2024-10-12T07:54:59.364+0800][info] GC(48)   Evacuate Collection Set: 1.3ms
[2024-10-12T07:54:59.364+0800][info] GC(48)   Post Evacuate Collection Set: 0.3ms
[2024-10-12T07:54:59.364+0800][info] GC(48)   Other: 0.2ms
[2024-10-12T07:54:59.364+0800][info] GC(48) Eden regions: 1->0(2)
[2024-10-12T07:54:59.364+0800][info] GC(48) Survivor regions: 1->1(1)
[2024-10-12T07:54:59.364+0800][info] GC(48) Old regions: 55->51
[2024-10-12T07:54:59.364+0800][info] GC(48) Archive regions: 2->2
[2024-10-12T07:54:59.364+0800][info] GC(48) Humongous regions: 1->1
[2024-10-12T07:54:59.364+0800][info] GC(48) Metaspace: 1607K(1728K)->1607K(1728K) NonClass: 1471K(1536K)->1471K(1536K) Class: 135K(192K)->135K(192K)
[2024-10-12T07:54:59.364+0800][info] GC(48) Pause Young (Mixed) (G1 Preventive Collection) 116M->106M(128M) 2.054ms
[2024-10-12T07:54:59.364+0800][info] GC(48) User=0.00s Sys=0.00s Real=0.00s
[2024-10-12T07:54:59.467+0800][info] GC(49) Pause Young (Mixed) (G1 Evacuation Pause)
[2024-10-12T07:54:59.467+0800][info] GC(49) Using 3 workers of 48 for evacuation
[2024-10-12T07:54:59.470+0800][info] GC(49)   Pre Evacuate Collection Set: 0.2ms
[2024-10-12T07:54:59.470+0800][info] GC(49)   Merge Heap Roots: 0.1ms
[2024-10-12T07:54:59.470+0800][info] GC(49)   Evacuate Collection Set: 2.1ms
[2024-10-12T07:54:59.470+0800][info] GC(49)   Post Evacuate Collection Set: 0.3ms
[2024-10-12T07:54:59.470+0800][info] GC(49)   Other: 0.2ms
[2024-10-12T07:54:59.470+0800][info] GC(49) Eden regions: 2->0(2)
[2024-10-12T07:54:59.470+0800][info] GC(49) Survivor regions: 1->1(1)
[2024-10-12T07:54:59.470+0800][info] GC(49) Old regions: 51->49
[2024-10-12T07:54:59.470+0800][info] GC(49) Archive regions: 2->2
[2024-10-12T07:54:59.470+0800][info] GC(49) Humongous regions: 1->1
[2024-10-12T07:54:59.470+0800][info] GC(49) Metaspace: 1608K(1728K)->1608K(1728K) NonClass: 1472K(1536K)->1472K(1536K) Class: 135K(192K)->135K(192K)
[2024-10-12T07:54:59.470+0800][info] GC(49) Pause Young (Mixed) (G1 Evacuation Pause) 110M->103M(128M) 2.922ms
[2024-10-12T07:54:59.470+0800][info] GC(49) User=0.01s Sys=0.00s Real=0.00s
[2024-10-12T07:54:59.572+0800][info] GC(50) Pause Young (Mixed) (G1 Evacuation Pause)
[2024-10-12T07:54:59.572+0800][info] GC(50) Using 3 workers of 48 for evacuation
[2024-10-12T07:54:59.575+0800][info] GC(50)   Pre Evacuate Collection Set: 0.1ms
[2024-10-12T07:54:59.575+0800][info] GC(50)   Merge Heap Roots: 0.1ms
[2024-10-12T07:54:59.575+0800][info] GC(50)   Evacuate Collection Set: 2.3ms
[2024-10-12T07:54:59.575+0800][info] GC(50)   Post Evacuate Collection Set: 0.2ms
[2024-10-12T07:54:59.575+0800][info] GC(50)   Other: 0.2ms
[2024-10-12T07:54:59.575+0800][info] GC(50) Eden regions: 2->0(2)
[2024-10-12T07:54:59.575+0800][info] GC(50) Survivor regions: 1->1(1)
[2024-10-12T07:54:59.575+0800][info] GC(50) Old regions: 49->48
[2024-10-12T07:54:59.575+0800][info] GC(50) Archive regions: 2->2
[2024-10-12T07:54:59.575+0800][info] GC(50) Humongous regions: 1->1
[2024-10-12T07:54:59.575+0800][info] GC(50) Metaspace: 1611K(1728K)->1611K(1728K) NonClass: 1475K(1536K)->1475K(1536K) Class: 135K(192K)->135K(192K)
[2024-10-12T07:54:59.575+0800][info] GC(50) Pause Young (Mixed) (G1 Evacuation Pause) 106M->101M(128M) 2.988ms
[2024-10-12T07:54:59.575+0800][info] GC(50) User=0.01s Sys=0.00s Real=0.01s
[2024-10-12T07:54:59.678+0800][info] GC(51) Pause Young (Mixed) (G1 Evacuation Pause)
[2024-10-12T07:54:59.678+0800][info] GC(51) Using 3 workers of 48 for evacuation
[2024-10-12T07:54:59.681+0800][info] GC(51)   Pre Evacuate Collection Set: 0.1ms
[2024-10-12T07:54:59.681+0800][info] GC(51)   Merge Heap Roots: 0.1ms
[2024-10-12T07:54:59.681+0800][info] GC(51)   Evacuate Collection Set: 2.1ms
[2024-10-12T07:54:59.681+0800][info] GC(51)   Post Evacuate Collection Set: 0.3ms
[2024-10-12T07:54:59.681+0800][info] GC(51)   Other: 0.2ms
[2024-10-12T07:54:59.681+0800][info] GC(51) Eden regions: 2->0(2)
[2024-10-12T07:54:59.681+0800][info] GC(51) Survivor regions: 1->1(1)
[2024-10-12T07:54:59.681+0800][info] GC(51) Old regions: 48->48
[2024-10-12T07:54:59.681+0800][info] GC(51) Archive regions: 2->2
[2024-10-12T07:54:59.681+0800][info] GC(51) Humongous regions: 1->1
[2024-10-12T07:54:59.681+0800][info] GC(51) Metaspace: 1611K(1728K)->1611K(1728K) NonClass: 1475K(1536K)->1475K(1536K) Class: 135K(192K)->135K(192K)
[2024-10-12T07:54:59.681+0800][info] GC(51) Pause Young (Mixed) (G1 Evacuation Pause) 104M->100M(128M) 2.840ms
[2024-10-12T07:54:59.681+0800][info] GC(51) User=0.01s Sys=0.00s Real=0.00s
[2024-10-12T07:54:59.784+0800][info] GC(52) Pause Young (Normal) (G1 Evacuation Pause)
[2024-10-12T07:54:59.784+0800][info] GC(52) Using 3 workers of 48 for evacuation
[2024-10-12T07:54:59.785+0800][info] GC(52)   Pre Evacuate Collection Set: 0.1ms
[2024-10-12T07:54:59.785+0800][info] GC(52)   Merge Heap Roots: 0.1ms
[2024-10-12T07:54:59.785+0800][info] GC(52)   Evacuate Collection Set: 1.0ms
[2024-10-12T07:54:59.785+0800][info] GC(52)   Post Evacuate Collection Set: 0.2ms
[2024-10-12T07:54:59.785+0800][info] GC(52)   Other: 0.2ms
[2024-10-12T07:54:59.785+0800][info] GC(52) Eden regions: 2->0(2)
[2024-10-12T07:54:59.785+0800][info] GC(52) Survivor regions: 1->1(1)
[2024-10-12T07:54:59.785+0800][info] GC(52) Old regions: 48->50
[2024-10-12T07:54:59.785+0800][info] GC(52) Archive regions: 2->2
[2024-10-12T07:54:59.785+0800][info] GC(52) Humongous regions: 1->1
[2024-10-12T07:54:59.785+0800][info] GC(52) Metaspace: 1611K(1728K)->1611K(1728K) NonClass: 1475K(1536K)->1475K(1536K) Class: 135K(192K)->135K(192K)
[2024-10-12T07:54:59.785+0800][info] GC(52) Pause Young (Normal) (G1 Evacuation Pause) 103M->104M(128M) 1.637ms
[2024-10-12T07:54:59.785+0800][info] GC(52) User=0.00s Sys=0.00s Real=0.01s
[2024-10-12T07:54:59.888+0800][info] GC(53) Pause Young (Normal) (G1 Evacuation Pause)
[2024-10-12T07:54:59.888+0800][info] GC(53) Using 3 workers of 48 for evacuation
[2024-10-12T07:54:59.890+0800][info] GC(53)   Pre Evacuate Collection Set: 0.1ms
[2024-10-12T07:54:59.890+0800][info] GC(53)   Merge Heap Roots: 0.1ms
[2024-10-12T07:54:59.890+0800][info] GC(53)   Evacuate Collection Set: 1.0ms
[2024-10-12T07:54:59.890+0800][info] GC(53)   Post Evacuate Collection Set: 0.2ms
[2024-10-12T07:54:59.890+0800][info] GC(53)   Other: 0.2ms
[2024-10-12T07:54:59.890+0800][info] GC(53) Eden regions: 2->0(2)
[2024-10-12T07:54:59.890+0800][info] GC(53) Survivor regions: 1->1(1)
[2024-10-12T07:54:59.890+0800][info] GC(53) Old regions: 50->52
[2024-10-12T07:54:59.890+0800][info] GC(53) Archive regions: 2->2
[2024-10-12T07:54:59.890+0800][info] GC(53) Humongous regions: 1->1
[2024-10-12T07:54:59.890+0800][info] GC(53) Metaspace: 1611K(1728K)->1611K(1728K) NonClass: 1475K(1536K)->1475K(1536K) Class: 135K(192K)->135K(192K)
[2024-10-12T07:54:59.890+0800][info] GC(53) Pause Young (Normal) (G1 Evacuation Pause) 107M->108M(128M) 1.601ms
[2024-10-12T07:54:59.890+0800][info] GC(53) User=0.00s Sys=0.00s Real=0.00s
[2024-10-12T07:54:59.992+0800][info] GC(54) Pause Young (Concurrent Start) (G1 Evacuation Pause)
[2024-10-12T07:54:59.992+0800][info] GC(54) Using 3 workers of 48 for evacuation
[2024-10-12T07:54:59.994+0800][info] GC(54)   Pre Evacuate Collection Set: 0.1ms
[2024-10-12T07:54:59.994+0800][info] GC(54)   Merge Heap Roots: 0.1ms
[2024-10-12T07:54:59.994+0800][info] GC(54)   Evacuate Collection Set: 1.2ms
[2024-10-12T07:54:59.994+0800][info] GC(54)   Post Evacuate Collection Set: 0.2ms
[2024-10-12T07:54:59.994+0800][info] GC(54)   Other: 0.4ms
[2024-10-12T07:54:59.994+0800][info] GC(54) Eden regions: 2->0(2)
[2024-10-12T07:54:59.994+0800][info] GC(54) Survivor regions: 1->1(1)
[2024-10-12T07:54:59.994+0800][info] GC(54) Old regions: 52->54
[2024-10-12T07:54:59.994+0800][info] GC(54) Archive regions: 2->2
[2024-10-12T07:54:59.994+0800][info] GC(54) Humongous regions: 1->1
[2024-10-12T07:54:59.994+0800][info] GC(54) Metaspace: 1611K(1728K)->1611K(1728K) NonClass: 1475K(1536K)->1475K(1536K) Class: 135K(192K)->135K(192K)
[2024-10-12T07:54:59.994+0800][info] GC(54) Pause Young (Concurrent Start) (G1 Evacuation Pause) 111M->112M(128M) 1.991ms
[2024-10-12T07:54:59.994+0800][info] GC(54) User=0.00s Sys=0.00s Real=0.01s
[2024-10-12T07:54:59.994+0800][info] GC(55) Concurrent Mark Cycle
[2024-10-12T07:54:59.994+0800][info] GC(55) Concurrent Clear Claimed Marks
[2024-10-12T07:54:59.994+0800][info] GC(55) Concurrent Clear Claimed Marks 0.017ms
[2024-10-12T07:54:59.994+0800][info] GC(55) Concurrent Scan Root Regions
[2024-10-12T07:54:59.994+0800][info] GC(55) Concurrent Scan Root Regions 0.105ms
[2024-10-12T07:54:59.994+0800][info] GC(55) Concurrent Mark
[2024-10-12T07:54:59.994+0800][info] GC(55) Concurrent Mark From Roots
[2024-10-12T07:54:59.994+0800][info] GC(55) Using 12 workers of 12 for marking
[2024-10-12T07:54:59.998+0800][info] GC(55) Concurrent Mark From Roots 4.027ms
[2024-10-12T07:54:59.998+0800][info] GC(55) Concurrent Preclean
[2024-10-12T07:55:00.000+0800][info] GC(55) Concurrent Preclean 1.666ms
[2024-10-12T07:55:00.000+0800][info] GC(55) Pause Remark
[2024-10-12T07:55:00.002+0800][info] GC(55) Pause Remark 112M->112M(128M) 1.513ms
[2024-10-12T07:55:00.002+0800][info] GC(55) User=0.00s Sys=0.00s Real=0.00s
[2024-10-12T07:55:00.002+0800][info] GC(55) Concurrent Mark 7.529ms
[2024-10-12T07:55:00.002+0800][info] GC(55) Concurrent Rebuild Remembered Sets
[2024-10-12T07:55:00.003+0800][info] GC(55) Concurrent Rebuild Remembered Sets 1.283ms
[2024-10-12T07:55:00.003+0800][info] GC(55) Pause Cleanup
[2024-10-12T07:55:00.003+0800][info] GC(55) Pause Cleanup 112M->112M(128M) 0.235ms
[2024-10-12T07:55:00.003+0800][info] GC(55) User=0.00s Sys=0.00s Real=0.00s
[2024-10-12T07:55:00.003+0800][info] GC(55) Concurrent Cleanup for Next Mark
[2024-10-12T07:55:00.004+0800][info] GC(55) Concurrent Cleanup for Next Mark 0.354ms
[2024-10-12T07:55:00.004+0800][info] GC(55) Concurrent Mark Cycle 9.816ms
[2024-10-12T07:55:00.148+0800][info] GC(56) Pause Young (Prepare Mixed) (G1 Preventive Collection)
[2024-10-12T07:55:00.148+0800][info] GC(56) Using 3 workers of 48 for evacuation
[2024-10-12T07:55:00.150+0800][info] GC(56)   Pre Evacuate Collection Set: 0.1ms
[2024-10-12T07:55:00.150+0800][info] GC(56)   Merge Heap Roots: 0.1ms
[2024-10-12T07:55:00.150+0800][info] GC(56)   Evacuate Collection Set: 1.1ms
[2024-10-12T07:55:00.150+0800][info] GC(56)   Post Evacuate Collection Set: 0.2ms
[2024-10-12T07:55:00.150+0800][info] GC(56)   Other: 0.2ms
[2024-10-12T07:55:00.150+0800][info] GC(56) Eden regions: 2->0(2)
[2024-10-12T07:55:00.150+0800][info] GC(56) Survivor regions: 1->1(1)
[2024-10-12T07:55:00.150+0800][info] GC(56) Old regions: 54->56
[2024-10-12T07:55:00.150+0800][info] GC(56) Archive regions: 2->2
[2024-10-12T07:55:00.150+0800][info] GC(56) Humongous regions: 1->1
[2024-10-12T07:55:00.150+0800][info] GC(56) Metaspace: 1611K(1728K)->1611K(1728K) NonClass: 1475K(1536K)->1475K(1536K) Class: 135K(192K)->135K(192K)
[2024-10-12T07:55:00.150+0800][info] GC(56) Pause Young (Prepare Mixed) (G1 Preventive Collection) 115M->116M(128M) 1.787ms
[2024-10-12T07:55:00.150+0800][info] GC(56) User=0.01s Sys=0.00s Real=0.00s
[2024-10-12T07:55:00.212+0800][info] GC(57) Pause Young (Mixed) (G1 Preventive Collection)
[2024-10-12T07:55:00.212+0800][info] GC(57) Using 3 workers of 48 for evacuation
[2024-10-12T07:55:00.213+0800][info] GC(57) To-space exhausted
[2024-10-12T07:55:00.213+0800][info] GC(57)   Pre Evacuate Collection Set: 0.1ms
[2024-10-12T07:55:00.213+0800][info] GC(57)   Merge Heap Roots: 0.1ms
[2024-10-12T07:55:00.213+0800][info] GC(57)   Evacuate Collection Set: 1.2ms
[2024-10-12T07:55:00.213+0800][info] GC(57)   Post Evacuate Collection Set: 0.3ms
[2024-10-12T07:55:00.214+0800][info] GC(57)   Other: 0.2ms
[2024-10-12T07:55:00.214+0800][info] GC(57) Eden regions: 1->0(2)
[2024-10-12T07:55:00.214+0800][info] GC(57) Survivor regions: 1->1(1)
[2024-10-12T07:55:00.214+0800][info] GC(57) Old regions: 56->52
[2024-10-12T07:55:00.214+0800][info] GC(57) Archive regions: 2->2
[2024-10-12T07:55:00.214+0800][info] GC(57) Humongous regions: 1->1
[2024-10-12T07:55:00.214+0800][info] GC(57) Metaspace: 1611K(1728K)->1611K(1728K) NonClass: 1475K(1536K)->1475K(1536K) Class: 135K(192K)->135K(192K)
[2024-10-12T07:55:00.214+0800][info] GC(57) Pause Young (Mixed) (G1 Preventive Collection) 118M->109M(128M) 1.977ms
[2024-10-12T07:55:00.214+0800][info] GC(57) User=0.00s Sys=0.00s Real=0.01s
[2024-10-12T07:55:00.316+0800][info] GC(58) Pause Young (Mixed) (G1 Preventive Collection)
[2024-10-12T07:55:00.316+0800][info] GC(58) Using 3 workers of 48 for evacuation
[2024-10-12T07:55:00.318+0800][info] GC(58)   Pre Evacuate Collection Set: 0.1ms
[2024-10-12T07:55:00.318+0800][info] GC(58)   Merge Heap Roots: 0.1ms
[2024-10-12T07:55:00.318+0800][info] GC(58)   Evacuate Collection Set: 1.9ms
[2024-10-12T07:55:00.318+0800][info] GC(58)   Post Evacuate Collection Set: 0.2ms
[2024-10-12T07:55:00.318+0800][info] GC(58)   Other: 0.2ms
[2024-10-12T07:55:00.318+0800][info] GC(58) Eden regions: 2->0(2)
[2024-10-12T07:55:00.318+0800][info] GC(58) Survivor regions: 1->1(1)
[2024-10-12T07:55:00.318+0800][info] GC(58) Old regions: 52->50
[2024-10-12T07:55:00.318+0800][info] GC(58) Archive regions: 2->2
[2024-10-12T07:55:00.318+0800][info] GC(58) Humongous regions: 1->1
[2024-10-12T07:55:00.318+0800][info] GC(58) Metaspace: 1611K(1728K)->1611K(1728K) NonClass: 1475K(1536K)->1475K(1536K) Class: 135K(192K)->135K(192K)
[2024-10-12T07:55:00.318+0800][info] GC(58) Pause Young (Mixed) (G1 Preventive Collection) 113M->105M(128M) 2.623ms
[2024-10-12T07:55:00.318+0800][info] GC(58) User=0.01s Sys=0.00s Real=0.00s
[2024-10-12T07:55:00.421+0800][info] GC(59) Pause Young (Mixed) (G1 Evacuation Pause)
[2024-10-12T07:55:00.421+0800][info] GC(59) Using 3 workers of 48 for evacuation
[2024-10-12T07:55:00.424+0800][info] GC(59)   Pre Evacuate Collection Set: 0.1ms
[2024-10-12T07:55:00.424+0800][info] GC(59)   Merge Heap Roots: 0.1ms
[2024-10-12T07:55:00.424+0800][info] GC(59)   Evacuate Collection Set: 2.2ms
[2024-10-12T07:55:00.424+0800][info] GC(59)   Post Evacuate Collection Set: 0.2ms
[2024-10-12T07:55:00.424+0800][info] GC(59)   Other: 0.2ms
[2024-10-12T07:55:00.424+0800][info] GC(59) Eden regions: 2->0(2)
[2024-10-12T07:55:00.424+0800][info] GC(59) Survivor regions: 1->1(1)
[2024-10-12T07:55:00.424+0800][info] GC(59) Old regions: 50->49
[2024-10-12T07:55:00.424+0800][info] GC(59) Archive regions: 2->2
[2024-10-12T07:55:00.424+0800][info] GC(59) Humongous regions: 1->1
[2024-10-12T07:55:00.424+0800][info] GC(59) Metaspace: 1611K(1728K)->1611K(1728K) NonClass: 1475K(1536K)->1475K(1536K) Class: 135K(192K)->135K(192K)
[2024-10-12T07:55:00.424+0800][info] GC(59) Pause Young (Mixed) (G1 Evacuation Pause) 108M->102M(128M) 2.935ms
[2024-10-12T07:55:00.424+0800][info] GC(59) User=0.01s Sys=0.00s Real=0.00s
[2024-10-12T07:55:00.526+0800][info] GC(60) Pause Young (Normal) (G1 Evacuation Pause)
[2024-10-12T07:55:00.526+0800][info] GC(60) Using 3 workers of 48 for evacuation
[2024-10-12T07:55:00.528+0800][info] GC(60)   Pre Evacuate Collection Set: 0.1ms
[2024-10-12T07:55:00.528+0800][info] GC(60)   Merge Heap Roots: 0.1ms
[2024-10-12T07:55:00.528+0800][info] GC(60)   Evacuate Collection Set: 1.0ms
[2024-10-12T07:55:00.528+0800][info] GC(60)   Post Evacuate Collection Set: 0.2ms
[2024-10-12T07:55:00.528+0800][info] GC(60)   Other: 0.2ms
[2024-10-12T07:55:00.528+0800][info] GC(60) Eden regions: 2->0(2)
[2024-10-12T07:55:00.528+0800][info] GC(60) Survivor regions: 1->1(1)
[2024-10-12T07:55:00.528+0800][info] GC(60) Old regions: 49->51
[2024-10-12T07:55:00.528+0800][info] GC(60) Archive regions: 2->2
[2024-10-12T07:55:00.528+0800][info] GC(60) Humongous regions: 1->1
[2024-10-12T07:55:00.528+0800][info] GC(60) Metaspace: 1611K(1728K)->1611K(1728K) NonClass: 1475K(1536K)->1475K(1536K) Class: 135K(192K)->135K(192K)
[2024-10-12T07:55:00.528+0800][info] GC(60) Pause Young (Normal) (G1 Evacuation Pause) 105M->106M(128M) 1.689ms
[2024-10-12T07:55:00.528+0800][info] GC(60) User=0.01s Sys=0.00s Real=0.00s
[2024-10-12T07:55:00.631+0800][info] GC(61) Pause Young (Concurrent Start) (G1 Evacuation Pause)
[2024-10-12T07:55:00.631+0800][info] GC(61) Using 3 workers of 48 for evacuation
[2024-10-12T07:55:00.633+0800][info] GC(61)   Pre Evacuate Collection Set: 0.1ms
[2024-10-12T07:55:00.633+0800][info] GC(61)   Merge Heap Roots: 0.1ms
[2024-10-12T07:55:00.633+0800][info] GC(61)   Evacuate Collection Set: 1.0ms
[2024-10-12T07:55:00.633+0800][info] GC(61)   Post Evacuate Collection Set: 0.2ms
[2024-10-12T07:55:00.633+0800][info] GC(61)   Other: 0.4ms
[2024-10-12T07:55:00.633+0800][info] GC(61) Eden regions: 2->0(2)
[2024-10-12T07:55:00.633+0800][info] GC(61) Survivor regions: 1->1(1)
[2024-10-12T07:55:00.633+0800][info] GC(61) Old regions: 51->53
[2024-10-12T07:55:00.633+0800][info] GC(61) Archive regions: 2->2
[2024-10-12T07:55:00.633+0800][info] GC(61) Humongous regions: 1->1
[2024-10-12T07:55:00.633+0800][info] GC(61) Metaspace: 1611K(1728K)->1611K(1728K) NonClass: 1475K(1536K)->1475K(1536K) Class: 135K(192K)->135K(192K)
[2024-10-12T07:55:00.633+0800][info] GC(61) Pause Young (Concurrent Start) (G1 Evacuation Pause) 110M->110M(128M) 1.824ms
[2024-10-12T07:55:00.633+0800][info] GC(61) User=0.00s Sys=0.00s Real=0.00s
[2024-10-12T07:55:00.633+0800][info] GC(62) Concurrent Mark Cycle
[2024-10-12T07:55:00.633+0800][info] GC(62) Concurrent Clear Claimed Marks
[2024-10-12T07:55:00.633+0800][info] GC(62) Concurrent Clear Claimed Marks 0.018ms
[2024-10-12T07:55:00.633+0800][info] GC(62) Concurrent Scan Root Regions
[2024-10-12T07:55:00.633+0800][info] GC(62) Concurrent Scan Root Regions 0.148ms
[2024-10-12T07:55:00.633+0800][info] GC(62) Concurrent Mark
[2024-10-12T07:55:00.633+0800][info] GC(62) Concurrent Mark From Roots
[2024-10-12T07:55:00.633+0800][info] GC(62) Using 12 workers of 12 for marking
[2024-10-12T07:55:00.637+0800][info] GC(62) Concurrent Mark From Roots 4.084ms
[2024-10-12T07:55:00.637+0800][info] GC(62) Concurrent Preclean
[2024-10-12T07:55:00.639+0800][info] GC(62) Concurrent Preclean 1.667ms
[2024-10-12T07:55:00.639+0800][info] GC(62) Pause Remark
[2024-10-12T07:55:00.640+0800][info] GC(62) Pause Remark 110M->110M(128M) 1.458ms
[2024-10-12T07:55:00.641+0800][info] GC(62) User=0.00s Sys=0.00s Real=0.00s
[2024-10-12T07:55:00.641+0800][info] GC(62) Concurrent Mark 7.525ms
[2024-10-12T07:55:00.641+0800][info] GC(62) Concurrent Rebuild Remembered Sets
[2024-10-12T07:55:00.642+0800][info] GC(62) Concurrent Rebuild Remembered Sets 1.314ms
[2024-10-12T07:55:00.642+0800][info] GC(62) Pause Cleanup
[2024-10-12T07:55:00.642+0800][info] GC(62) Pause Cleanup 110M->110M(128M) 0.235ms
[2024-10-12T07:55:00.642+0800][info] GC(62) User=0.00s Sys=0.00s Real=0.00s
[2024-10-12T07:55:00.642+0800][info] GC(62) Concurrent Cleanup for Next Mark
[2024-10-12T07:55:00.643+0800][info] GC(62) Concurrent Cleanup for Next Mark 0.429ms
[2024-10-12T07:55:00.643+0800][info] GC(62) Concurrent Mark Cycle 10.057ms
[2024-10-12T07:55:00.787+0800][info] GC(63) Pause Young (Prepare Mixed) (G1 Evacuation Pause)
[2024-10-12T07:55:00.787+0800][info] GC(63) Using 3 workers of 48 for evacuation
[2024-10-12T07:55:00.788+0800][info] GC(63)   Pre Evacuate Collection Set: 0.1ms
[2024-10-12T07:55:00.789+0800][info] GC(63)   Merge Heap Roots: 0.1ms
[2024-10-12T07:55:00.789+0800][info] GC(63)   Evacuate Collection Set: 1.1ms
[2024-10-12T07:55:00.789+0800][info] GC(63)   Post Evacuate Collection Set: 0.2ms
[2024-10-12T07:55:00.789+0800][info] GC(63)   Other: 0.2ms
[2024-10-12T07:55:00.789+0800][info] GC(63) Eden regions: 2->0(2)
[2024-10-12T07:55:00.789+0800][info] GC(63) Survivor regions: 1->1(1)
[2024-10-12T07:55:00.789+0800][info] GC(63) Old regions: 53->54
[2024-10-12T07:55:00.789+0800][info] GC(63) Archive regions: 2->2
[2024-10-12T07:55:00.789+0800][info] GC(63) Humongous regions: 1->1
[2024-10-12T07:55:00.789+0800][info] GC(63) Metaspace: 1611K(1728K)->1611K(1728K) NonClass: 1475K(1536K)->1475K(1536K) Class: 135K(192K)->135K(192K)
[2024-10-12T07:55:00.789+0800][info] GC(63) Pause Young (Prepare Mixed) (G1 Evacuation Pause) 113M->113M(128M) 2.562ms
[2024-10-12T07:55:00.789+0800][info] GC(63) User=0.00s Sys=0.01s Real=0.00s
[2024-10-12T07:55:00.892+0800][info] GC(64) Pause Young (Mixed) (G1 Preventive Collection)
[2024-10-12T07:55:00.892+0800][info] GC(64) Using 3 workers of 48 for evacuation
[2024-10-12T07:55:00.894+0800][info] GC(64) To-space exhausted
[2024-10-12T07:55:00.894+0800][info] GC(64)   Pre Evacuate Collection Set: 0.1ms
[2024-10-12T07:55:00.894+0800][info] GC(64)   Merge Heap Roots: 0.1ms
[2024-10-12T07:55:00.894+0800][info] GC(64)   Evacuate Collection Set: 1.6ms
[2024-10-12T07:55:00.894+0800][info] GC(64)   Post Evacuate Collection Set: 0.3ms
[2024-10-12T07:55:00.894+0800][info] GC(64)   Other: 0.2ms
[2024-10-12T07:55:00.894+0800][info] GC(64) Eden regions: 2->0(2)
[2024-10-12T07:55:00.894+0800][info] GC(64) Survivor regions: 1->1(1)
[2024-10-12T07:55:00.894+0800][info] GC(64) Old regions: 54->52
[2024-10-12T07:55:00.894+0800][info] GC(64) Archive regions: 2->2
[2024-10-12T07:55:00.894+0800][info] GC(64) Humongous regions: 1->1
[2024-10-12T07:55:00.894+0800][info] GC(64) Metaspace: 1611K(1728K)->1611K(1728K) NonClass: 1475K(1536K)->1475K(1536K) Class: 135K(192K)->135K(192K)
[2024-10-12T07:55:00.895+0800][info] GC(64) Pause Young (Mixed) (G1 Preventive Collection) 117M->109M(128M) 2.398ms
[2024-10-12T07:55:00.895+0800][info] GC(64) User=0.00s Sys=0.00s Real=0.01s
[2024-10-12T07:55:00.997+0800][info] GC(65) Pause Young (Mixed) (G1 Evacuation Pause)
[2024-10-12T07:55:00.997+0800][info] GC(65) Using 3 workers of 48 for evacuation
[2024-10-12T07:55:01.001+0800][info] GC(65) To-space exhausted
[2024-10-12T07:55:01.001+0800][info] GC(65)   Pre Evacuate Collection Set: 1.5ms
[2024-10-12T07:55:01.001+0800][info] GC(65)   Merge Heap Roots: 0.1ms
[2024-10-12T07:55:01.001+0800][info] GC(65)   Evacuate Collection Set: 1.9ms
[2024-10-12T07:55:01.001+0800][info] GC(65)   Post Evacuate Collection Set: 0.3ms
[2024-10-12T07:55:01.001+0800][info] GC(65)   Other: 0.2ms
[2024-10-12T07:55:01.001+0800][info] GC(65) Eden regions: 2->0(2)
[2024-10-12T07:55:01.001+0800][info] GC(65) Survivor regions: 1->1(1)
[2024-10-12T07:55:01.001+0800][info] GC(65) Old regions: 52->51
[2024-10-12T07:55:01.001+0800][info] GC(65) Archive regions: 2->2
[2024-10-12T07:55:01.001+0800][info] GC(65) Humongous regions: 1->1
[2024-10-12T07:55:01.001+0800][info] GC(65) Metaspace: 1611K(1728K)->1611K(1728K) NonClass: 1475K(1536K)->1475K(1536K) Class: 135K(192K)->135K(192K)
[2024-10-12T07:55:01.001+0800][info] GC(65) Pause Young (Mixed) (G1 Evacuation Pause) 113M->107M(128M) 4.080ms
[2024-10-12T07:55:01.001+0800][info] GC(65) User=0.01s Sys=0.00s Real=0.00s
[2024-10-12T07:55:01.104+0800][info] GC(66) Pause Young (Mixed) (G1 Evacuation Pause)
[2024-10-12T07:55:01.104+0800][info] GC(66) Using 3 workers of 48 for evacuation
[2024-10-12T07:55:01.106+0800][info] GC(66)   Pre Evacuate Collection Set: 0.2ms
[2024-10-12T07:55:01.106+0800][info] GC(66)   Merge Heap Roots: 0.1ms
[2024-10-12T07:55:01.106+0800][info] GC(66)   Evacuate Collection Set: 1.4ms
[2024-10-12T07:55:01.106+0800][info] GC(66)   Post Evacuate Collection Set: 0.2ms
[2024-10-12T07:55:01.106+0800][info] GC(66)   Other: 0.2ms
[2024-10-12T07:55:01.106+0800][info] GC(66) Eden regions: 2->0(2)
[2024-10-12T07:55:01.106+0800][info] GC(66) Survivor regions: 1->1(1)
[2024-10-12T07:55:01.106+0800][info] GC(66) Old regions: 51->53
[2024-10-12T07:55:01.106+0800][info] GC(66) Archive regions: 2->2
[2024-10-12T07:55:01.106+0800][info] GC(66) Humongous regions: 1->1
[2024-10-12T07:55:01.106+0800][info] GC(66) Metaspace: 1611K(1728K)->1611K(1728K) NonClass: 1475K(1536K)->1475K(1536K) Class: 135K(192K)->135K(192K)
[2024-10-12T07:55:01.106+0800][info] GC(66) Pause Young (Mixed) (G1 Evacuation Pause) 111M->110M(128M) 2.129ms
[2024-10-12T07:55:01.106+0800][info] GC(66) User=0.00s Sys=0.00s Real=0.01s
[2024-10-12T07:55:01.208+0800][info] GC(67) Pause Young (Concurrent Start) (G1 Evacuation Pause)
[2024-10-12T07:55:01.208+0800][info] GC(67) Using 3 workers of 48 for evacuation
[2024-10-12T07:55:01.210+0800][info] GC(67)   Pre Evacuate Collection Set: 0.1ms
[2024-10-12T07:55:01.210+0800][info] GC(67)   Merge Heap Roots: 0.1ms
[2024-10-12T07:55:01.210+0800][info] GC(67)   Evacuate Collection Set: 1.0ms
[2024-10-12T07:55:01.210+0800][info] GC(67)   Post Evacuate Collection Set: 0.2ms
[2024-10-12T07:55:01.210+0800][info] GC(67)   Other: 0.4ms
[2024-10-12T07:55:01.210+0800][info] GC(67) Eden regions: 2->0(2)
[2024-10-12T07:55:01.210+0800][info] GC(67) Survivor regions: 1->1(1)
[2024-10-12T07:55:01.210+0800][info] GC(67) Old regions: 53->54
[2024-10-12T07:55:01.210+0800][info] GC(67) Archive regions: 2->2
[2024-10-12T07:55:01.210+0800][info] GC(67) Humongous regions: 1->1
[2024-10-12T07:55:01.210+0800][info] GC(67) Metaspace: 1611K(1728K)->1611K(1728K) NonClass: 1475K(1536K)->1475K(1536K) Class: 135K(192K)->135K(192K)
[2024-10-12T07:55:01.210+0800][info] GC(67) Pause Young (Concurrent Start) (G1 Evacuation Pause) 113M->113M(128M) 1.843ms
[2024-10-12T07:55:01.210+0800][info] GC(67) User=0.01s Sys=0.00s Real=0.00s
[2024-10-12T07:55:01.210+0800][info] GC(68) Concurrent Mark Cycle
[2024-10-12T07:55:01.210+0800][info] GC(68) Concurrent Clear Claimed Marks
[2024-10-12T07:55:01.210+0800][info] GC(68) Concurrent Clear Claimed Marks 0.017ms
[2024-10-12T07:55:01.210+0800][info] GC(68) Concurrent Scan Root Regions
[2024-10-12T07:55:01.210+0800][info] GC(68) Concurrent Scan Root Regions 0.157ms
[2024-10-12T07:55:01.210+0800][info] GC(68) Concurrent Mark
[2024-10-12T07:55:01.210+0800][info] GC(68) Concurrent Mark From Roots
[2024-10-12T07:55:01.210+0800][info] GC(68) Using 12 workers of 12 for marking
[2024-10-12T07:55:01.214+0800][info] GC(68) Concurrent Mark From Roots 4.200ms
[2024-10-12T07:55:01.215+0800][info] GC(68) Concurrent Preclean
[2024-10-12T07:55:01.216+0800][info] GC(68) Concurrent Preclean 1.671ms
[2024-10-12T07:55:01.216+0800][info] GC(68) Pause Remark
[2024-10-12T07:55:01.218+0800][info] GC(68) Pause Remark 114M->110M(128M) 1.435ms
[2024-10-12T07:55:01.218+0800][info] GC(68) User=0.00s Sys=0.00s Real=0.00s
[2024-10-12T07:55:01.218+0800][info] GC(68) Concurrent Mark 7.610ms
[2024-10-12T07:55:01.218+0800][info] GC(68) Concurrent Rebuild Remembered Sets
[2024-10-12T07:55:01.219+0800][info] GC(68) Concurrent Rebuild Remembered Sets 1.322ms
[2024-10-12T07:55:01.219+0800][info] GC(68) Pause Cleanup
[2024-10-12T07:55:01.220+0800][info] GC(68) Pause Cleanup 110M->110M(128M) 0.216ms
[2024-10-12T07:55:01.220+0800][info] GC(68) User=0.00s Sys=0.00s Real=0.00s
[2024-10-12T07:55:01.220+0800][info] GC(68) Concurrent Cleanup for Next Mark
[2024-10-12T07:55:01.220+0800][info] GC(68) Concurrent Cleanup for Next Mark 0.393ms
[2024-10-12T07:55:01.220+0800][info] GC(68) Concurrent Mark Cycle 10.055ms
[2024-10-12T07:55:01.364+0800][info] GC(69) Pause Young (Prepare Mixed) (G1 Evacuation Pause)
[2024-10-12T07:55:01.364+0800][info] GC(69) Using 3 workers of 48 for evacuation
[2024-10-12T07:55:01.366+0800][info] GC(69)   Pre Evacuate Collection Set: 0.1ms
[2024-10-12T07:55:01.366+0800][info] GC(69)   Merge Heap Roots: 0.1ms
[2024-10-12T07:55:01.366+0800][info] GC(69)   Evacuate Collection Set: 1.1ms
[2024-10-12T07:55:01.366+0800][info] GC(69)   Post Evacuate Collection Set: 0.2ms
[2024-10-12T07:55:01.366+0800][info] GC(69)   Other: 0.2ms
[2024-10-12T07:55:01.366+0800][info] GC(69) Eden regions: 2->0(2)
[2024-10-12T07:55:01.366+0800][info] GC(69) Survivor regions: 1->1(1)
[2024-10-12T07:55:01.366+0800][info] GC(69) Old regions: 52->54
[2024-10-12T07:55:01.366+0800][info] GC(69) Archive regions: 2->2
[2024-10-12T07:55:01.366+0800][info] GC(69) Humongous regions: 1->1
[2024-10-12T07:55:01.366+0800][info] GC(69) Metaspace: 1611K(1728K)->1611K(1728K) NonClass: 1475K(1536K)->1475K(1536K) Class: 135K(192K)->135K(192K)
[2024-10-12T07:55:01.366+0800][info] GC(69) Pause Young (Prepare Mixed) (G1 Evacuation Pause) 113M->113M(128M) 1.780ms
[2024-10-12T07:55:01.366+0800][info] GC(69) User=0.00s Sys=0.00s Real=0.01s
[2024-10-12T07:55:01.468+0800][info] GC(70) Pause Young (Mixed) (G1 Preventive Collection)
[2024-10-12T07:55:01.468+0800][info] GC(70) Using 3 workers of 48 for evacuation
[2024-10-12T07:55:01.470+0800][info] GC(70) To-space exhausted
[2024-10-12T07:55:01.470+0800][info] GC(70)   Pre Evacuate Collection Set: 0.2ms
[2024-10-12T07:55:01.470+0800][info] GC(70)   Merge Heap Roots: 0.1ms
[2024-10-12T07:55:01.470+0800][info] GC(70)   Evacuate Collection Set: 1.4ms
[2024-10-12T07:55:01.470+0800][info] GC(70)   Post Evacuate Collection Set: 0.3ms
[2024-10-12T07:55:01.470+0800][info] GC(70)   Other: 0.2ms
[2024-10-12T07:55:01.470+0800][info] GC(70) Eden regions: 2->0(2)
[2024-10-12T07:55:01.470+0800][info] GC(70) Survivor regions: 1->1(1)
[2024-10-12T07:55:01.470+0800][info] GC(70) Old regions: 54->55
[2024-10-12T07:55:01.470+0800][info] GC(70) Archive regions: 2->2
[2024-10-12T07:55:01.470+0800][info] GC(70) Humongous regions: 1->1
[2024-10-12T07:55:01.470+0800][info] GC(70) Metaspace: 1611K(1728K)->1611K(1728K) NonClass: 1475K(1536K)->1475K(1536K) Class: 135K(192K)->135K(192K)
[2024-10-12T07:55:01.470+0800][info] GC(70) Pause Young (Mixed) (G1 Preventive Collection) 116M->115M(128M) 2.246ms
[2024-10-12T07:55:01.470+0800][info] GC(70) User=0.01s Sys=0.00s Real=0.00s
[2024-10-12T07:55:01.491+0800][info] GC(71) Pause Young (Mixed) (G1 Preventive Collection)
[2024-10-12T07:55:01.491+0800][info] GC(71) Using 3 workers of 48 for evacuation
[2024-10-12T07:55:01.493+0800][info] GC(71) To-space exhausted
[2024-10-12T07:55:01.493+0800][info] GC(71)   Pre Evacuate Collection Set: 0.1ms
[2024-10-12T07:55:01.493+0800][info] GC(71)   Merge Heap Roots: 0.1ms
[2024-10-12T07:55:01.493+0800][info] GC(71)   Evacuate Collection Set: 1.5ms
[2024-10-12T07:55:01.493+0800][info] GC(71)   Post Evacuate Collection Set: 0.4ms
[2024-10-12T07:55:01.493+0800][info] GC(71)   Other: 0.2ms
[2024-10-12T07:55:01.493+0800][info] GC(71) Eden regions: 1->0(2)
[2024-10-12T07:55:01.493+0800][info] GC(71) Survivor regions: 1->1(1)
[2024-10-12T07:55:01.493+0800][info] GC(71) Old regions: 55->59
[2024-10-12T07:55:01.493+0800][info] GC(71) Archive regions: 2->2
[2024-10-12T07:55:01.493+0800][info] GC(71) Humongous regions: 1->1
[2024-10-12T07:55:01.493+0800][info] GC(71) Metaspace: 1611K(1728K)->1611K(1728K) NonClass: 1475K(1536K)->1475K(1536K) Class: 135K(192K)->135K(192K)
[2024-10-12T07:55:01.494+0800][info] GC(71) Pause Young (Mixed) (G1 Preventive Collection) 116M->122M(128M) 2.315ms
[2024-10-12T07:55:01.494+0800][info] GC(71) User=0.01s Sys=0.00s Real=0.01s
[2024-10-12T07:55:01.494+0800][info] GC(72) Pause Young (Mixed) (G1 Evacuation Pause)
[2024-10-12T07:55:01.494+0800][info] GC(72) Using 3 workers of 48 for evacuation
[2024-10-12T07:55:01.495+0800][info] GC(72) To-space exhausted
[2024-10-12T07:55:01.495+0800][info] GC(72)   Pre Evacuate Collection Set: 0.1ms
[2024-10-12T07:55:01.495+0800][info] GC(72)   Merge Heap Roots: 0.0ms
[2024-10-12T07:55:01.495+0800][info] GC(72)   Evacuate Collection Set: 0.3ms
[2024-10-12T07:55:01.495+0800][info] GC(72)   Post Evacuate Collection Set: 0.2ms
[2024-10-12T07:55:01.495+0800][info] GC(72)   Other: 0.1ms
[2024-10-12T07:55:01.495+0800][info] GC(72) Eden regions: 0->0(3)
[2024-10-12T07:55:01.495+0800][info] GC(72) Survivor regions: 1->0(0)
[2024-10-12T07:55:01.495+0800][info] GC(72) Old regions: 59->60
[2024-10-12T07:55:01.495+0800][info] GC(72) Archive regions: 2->2
[2024-10-12T07:55:01.495+0800][info] GC(72) Humongous regions: 2->2
[2024-10-12T07:55:01.495+0800][info] GC(72) Metaspace: 1611K(1728K)->1611K(1728K) NonClass: 1475K(1536K)->1475K(1536K) Class: 135K(192K)->135K(192K)
[2024-10-12T07:55:01.495+0800][info] GC(72) Pause Young (Mixed) (G1 Evacuation Pause) 124M->124M(128M) 0.917ms
[2024-10-12T07:55:01.495+0800][info] GC(72) User=0.00s Sys=0.00s Real=0.00s
[2024-10-12T07:55:01.495+0800][info] Attempting full compaction
[2024-10-12T07:55:01.495+0800][info] GC(73) Using 3 workers of 48 for full compaction
[2024-10-12T07:55:01.495+0800][info] GC(73) Pause Full (G1 Compaction Pause)
[2024-10-12T07:55:01.495+0800][info] GC(73) Phase 1: Mark live objects
[2024-10-12T07:55:01.499+0800][info] GC(73) Phase 1: Mark live objects 4.167ms
[2024-10-12T07:55:01.500+0800][info] GC(73) Phase 2: Prepare for compaction
[2024-10-12T07:55:01.500+0800][info] GC(73) Phase 2: Prepare for compaction 0.678ms
[2024-10-12T07:55:01.500+0800][info] GC(73) Phase 3: Adjust pointers
[2024-10-12T07:55:01.502+0800][info] GC(73) Phase 3: Adjust pointers 1.608ms
[2024-10-12T07:55:01.502+0800][info] GC(73) Phase 4: Compact heap
[2024-10-12T07:55:01.518+0800][info] GC(73) Phase 4: Compact heap 15.634ms
[2024-10-12T07:55:01.519+0800][info] GC(73) Eden regions: 0->0(4)
[2024-10-12T07:55:01.519+0800][info] GC(73) Survivor regions: 0->0(0)
[2024-10-12T07:55:01.519+0800][info] GC(73) Old regions: 60->39
[2024-10-12T07:55:01.519+0800][info] GC(73) Archive regions: 2->2
[2024-10-12T07:55:01.519+0800][info] GC(73) Humongous regions: 2->2
[2024-10-12T07:55:01.519+0800][info] GC(73) Metaspace: 1611K(1728K)->1560K(1728K) NonClass: 1475K(1536K)->1436K(1536K) Class: 135K(192K)->124K(192K)
[2024-10-12T07:55:01.519+0800][info] GC(73) Pause Full (G1 Compaction Pause) 124M->70M(128M) 23.658ms
[2024-10-12T07:55:01.519+0800][info] GC(73) User=0.05s Sys=0.00s Real=0.02s
[2024-10-12T07:55:01.745+0800][info] GC(74) Pause Young (Normal) (G1 Evacuation Pause)
[2024-10-12T07:55:01.745+0800][info] GC(74) Using 3 workers of 48 for evacuation
[2024-10-12T07:55:01.747+0800][info] GC(74)   Pre Evacuate Collection Set: 0.1ms
[2024-10-12T07:55:01.747+0800][info] GC(74)   Merge Heap Roots: 0.1ms
[2024-10-12T07:55:01.747+0800][info] GC(74)   Evacuate Collection Set: 1.4ms
[2024-10-12T07:55:01.747+0800][info] GC(74)   Post Evacuate Collection Set: 0.2ms
[2024-10-12T07:55:01.747+0800][info] GC(74)   Other: 0.2ms
[2024-10-12T07:55:01.747+0800][info] GC(74) Eden regions: 4->0(2)
[2024-10-12T07:55:01.747+0800][info] GC(74) Survivor regions: 0->1(1)
[2024-10-12T07:55:01.747+0800][info] GC(74) Old regions: 39->42
[2024-10-12T07:55:01.747+0800][info] GC(74) Archive regions: 2->2
[2024-10-12T07:55:01.747+0800][info] GC(74) Humongous regions: 2->2
[2024-10-12T07:55:01.747+0800][info] GC(74) Metaspace: 1560K(1728K)->1560K(1728K) NonClass: 1436K(1536K)->1436K(1536K) Class: 124K(192K)->124K(192K)
[2024-10-12T07:55:01.748+0800][info] GC(74) Pause Young (Normal) (G1 Evacuation Pause) 77M->78M(128M) 2.083ms
[2024-10-12T07:55:01.748+0800][info] GC(74) User=0.01s Sys=0.00s Real=0.00s
[2024-10-12T07:55:01.850+0800][info] GC(75) Pause Young (Normal) (G1 Evacuation Pause)
[2024-10-12T07:55:01.850+0800][info] GC(75) Using 3 workers of 48 for evacuation
[2024-10-12T07:55:01.851+0800][info] GC(75)   Pre Evacuate Collection Set: 0.1ms
[2024-10-12T07:55:01.851+0800][info] GC(75)   Merge Heap Roots: 0.0ms
[2024-10-12T07:55:01.851+0800][info] GC(75)   Evacuate Collection Set: 1.0ms
[2024-10-12T07:55:01.851+0800][info] GC(75)   Post Evacuate Collection Set: 0.2ms
[2024-10-12T07:55:01.851+0800][info] GC(75)   Other: 0.2ms
[2024-10-12T07:55:01.851+0800][info] GC(75) Eden regions: 2->0(2)
[2024-10-12T07:55:01.851+0800][info] GC(75) Survivor regions: 1->1(1)
[2024-10-12T07:55:01.851+0800][info] GC(75) Old regions: 42->44
[2024-10-12T07:55:01.851+0800][info] GC(75) Archive regions: 2->2
[2024-10-12T07:55:01.851+0800][info] GC(75) Humongous regions: 2->2
[2024-10-12T07:55:01.851+0800][info] GC(75) Metaspace: 1560K(1728K)->1560K(1728K) NonClass: 1436K(1536K)->1436K(1536K) Class: 124K(192K)->124K(192K)
[2024-10-12T07:55:01.851+0800][info] GC(75) Pause Young (Normal) (G1 Evacuation Pause) 81M->82M(128M) 1.660ms
[2024-10-12T07:55:01.851+0800][info] GC(75) User=0.00s Sys=0.00s Real=0.00s
[2024-10-12T07:55:01.954+0800][info] GC(76) Pause Young (Normal) (G1 Evacuation Pause)
[2024-10-12T07:55:01.954+0800][info] GC(76) Using 3 workers of 48 for evacuation
[2024-10-12T07:55:01.956+0800][info] GC(76)   Pre Evacuate Collection Set: 0.1ms
[2024-10-12T07:55:01.956+0800][info] GC(76)   Merge Heap Roots: 0.1ms
[2024-10-12T07:55:01.956+0800][info] GC(76)   Evacuate Collection Set: 0.9ms
[2024-10-12T07:55:01.956+0800][info] GC(76)   Post Evacuate Collection Set: 0.2ms
[2024-10-12T07:55:01.956+0800][info] GC(76)   Other: 0.2ms
[2024-10-12T07:55:01.956+0800][info] GC(76) Eden regions: 2->0(2)
[2024-10-12T07:55:01.956+0800][info] GC(76) Survivor regions: 1->1(1)
[2024-10-12T07:55:01.956+0800][info] GC(76) Old regions: 44->46
[2024-10-12T07:55:01.956+0800][info] GC(76) Archive regions: 2->2
[2024-10-12T07:55:01.956+0800][info] GC(76) Humongous regions: 2->2
[2024-10-12T07:55:01.956+0800][info] GC(76) Metaspace: 1562K(1728K)->1562K(1728K) NonClass: 1438K(1536K)->1438K(1536K) Class: 124K(192K)->124K(192K)
[2024-10-12T07:55:01.956+0800][info] GC(76) Pause Young (Normal) (G1 Evacuation Pause) 85M->86M(128M) 1.622ms
[2024-10-12T07:55:01.956+0800][info] GC(76) User=0.00s Sys=0.00s Real=0.00s
[2024-10-12T07:55:02.058+0800][info] GC(77) Pause Young (Normal) (G1 Evacuation Pause)
[2024-10-12T07:55:02.058+0800][info] GC(77) Using 3 workers of 48 for evacuation
[2024-10-12T07:55:02.059+0800][info] GC(77)   Pre Evacuate Collection Set: 0.1ms
[2024-10-12T07:55:02.059+0800][info] GC(77)   Merge Heap Roots: 0.0ms
[2024-10-12T07:55:02.059+0800][info] GC(77)   Evacuate Collection Set: 0.9ms
[2024-10-12T07:55:02.059+0800][info] GC(77)   Post Evacuate Collection Set: 0.2ms
[2024-10-12T07:55:02.060+0800][info] GC(77)   Other: 0.2ms
[2024-10-12T07:55:02.060+0800][info] GC(77) Eden regions: 2->0(2)
[2024-10-12T07:55:02.060+0800][info] GC(77) Survivor regions: 1->1(1)
[2024-10-12T07:55:02.060+0800][info] GC(77) Old regions: 46->48
[2024-10-12T07:55:02.060+0800][info] GC(77) Archive regions: 2->2
[2024-10-12T07:55:02.060+0800][info] GC(77) Humongous regions: 2->2
[2024-10-12T07:55:02.060+0800][info] GC(77) Metaspace: 1562K(1728K)->1562K(1728K) NonClass: 1438K(1536K)->1438K(1536K) Class: 124K(192K)->124K(192K)
[2024-10-12T07:55:02.060+0800][info] GC(77) Pause Young (Normal) (G1 Evacuation Pause) 89M->89M(128M) 1.622ms
[2024-10-12T07:55:02.060+0800][info] GC(77) User=0.01s Sys=0.00s Real=0.00s
[2024-10-12T07:55:02.162+0800][info] GC(78) Pause Young (Concurrent Start) (G1 Evacuation Pause)
[2024-10-12T07:55:02.162+0800][info] GC(78) Using 3 workers of 48 for evacuation
[2024-10-12T07:55:02.164+0800][info] GC(78)   Pre Evacuate Collection Set: 0.1ms
[2024-10-12T07:55:02.164+0800][info] GC(78)   Merge Heap Roots: 0.1ms
[2024-10-12T07:55:02.164+0800][info] GC(78)   Evacuate Collection Set: 1.2ms
[2024-10-12T07:55:02.164+0800][info] GC(78)   Post Evacuate Collection Set: 0.2ms
[2024-10-12T07:55:02.164+0800][info] GC(78)   Other: 0.4ms
[2024-10-12T07:55:02.164+0800][info] GC(78) Eden regions: 2->0(2)
[2024-10-12T07:55:02.164+0800][info] GC(78) Survivor regions: 1->1(1)
[2024-10-12T07:55:02.164+0800][info] GC(78) Old regions: 48->50
[2024-10-12T07:55:02.164+0800][info] GC(78) Archive regions: 2->2
[2024-10-12T07:55:02.164+0800][info] GC(78) Humongous regions: 2->2
[2024-10-12T07:55:02.164+0800][info] GC(78) Metaspace: 1562K(1728K)->1562K(1728K) NonClass: 1438K(1536K)->1438K(1536K) Class: 124K(192K)->124K(192K)
[2024-10-12T07:55:02.164+0800][info] GC(78) Pause Young (Concurrent Start) (G1 Evacuation Pause) 93M->93M(128M) 2.045ms
[2024-10-12T07:55:02.164+0800][info] GC(78) User=0.00s Sys=0.01s Real=0.00s
[2024-10-12T07:55:02.165+0800][info] GC(79) Concurrent Mark Cycle
[2024-10-12T07:55:02.165+0800][info] GC(79) Concurrent Clear Claimed Marks
[2024-10-12T07:55:02.165+0800][info] GC(79) Concurrent Clear Claimed Marks 0.016ms
[2024-10-12T07:55:02.165+0800][info] GC(79) Concurrent Scan Root Regions
[2024-10-12T07:55:02.165+0800][info] GC(79) Concurrent Scan Root Regions 0.152ms
[2024-10-12T07:55:02.165+0800][info] GC(79) Concurrent Mark
[2024-10-12T07:55:02.165+0800][info] GC(79) Concurrent Mark From Roots
[2024-10-12T07:55:02.165+0800][info] GC(79) Using 12 workers of 12 for marking
[2024-10-12T07:55:02.169+0800][info] GC(79) Concurrent Mark From Roots 4.017ms
[2024-10-12T07:55:02.169+0800][info] GC(79) Concurrent Preclean
[2024-10-12T07:55:02.171+0800][info] GC(79) Concurrent Preclean 1.690ms
[2024-10-12T07:55:02.171+0800][info] GC(79) Pause Remark
[2024-10-12T07:55:02.172+0800][info] GC(79) Pause Remark 94M->94M(128M) 1.393ms
[2024-10-12T07:55:02.172+0800][info] GC(79) User=0.00s Sys=0.00s Real=0.00s
[2024-10-12T07:55:02.172+0800][info] GC(79) Concurrent Mark 7.402ms
[2024-10-12T07:55:02.172+0800][info] GC(79) Concurrent Rebuild Remembered Sets
[2024-10-12T07:55:02.174+0800][info] GC(79) Concurrent Rebuild Remembered Sets 1.461ms
[2024-10-12T07:55:02.174+0800][info] GC(79) Pause Cleanup
[2024-10-12T07:55:02.174+0800][info] GC(79) Pause Cleanup 94M->94M(128M) 0.302ms
[2024-10-12T07:55:02.174+0800][info] GC(79) User=0.00s Sys=0.00s Real=0.00s
[2024-10-12T07:55:02.174+0800][info] GC(79) Concurrent Cleanup for Next Mark
[2024-10-12T07:55:02.175+0800][info] GC(79) Concurrent Cleanup for Next Mark 0.410ms
[2024-10-12T07:55:02.175+0800][info] GC(79) Concurrent Mark Cycle 10.116ms
[2024-10-12T07:55:02.318+0800][info] GC(80) Pause Young (Prepare Mixed) (G1 Evacuation Pause)
[2024-10-12T07:55:02.318+0800][info] GC(80) Using 3 workers of 48 for evacuation
[2024-10-12T07:55:02.320+0800][info] GC(80)   Pre Evacuate Collection Set: 0.1ms
[2024-10-12T07:55:02.320+0800][info] GC(80)   Merge Heap Roots: 0.1ms
[2024-10-12T07:55:02.320+0800][info] GC(80)   Evacuate Collection Set: 1.1ms
[2024-10-12T07:55:02.320+0800][info] GC(80)   Post Evacuate Collection Set: 0.2ms
[2024-10-12T07:55:02.320+0800][info] GC(80)   Other: 0.2ms
[2024-10-12T07:55:02.320+0800][info] GC(80) Eden regions: 2->0(2)
[2024-10-12T07:55:02.320+0800][info] GC(80) Survivor regions: 1->1(1)
[2024-10-12T07:55:02.320+0800][info] GC(80) Old regions: 50->52
[2024-10-12T07:55:02.320+0800][info] GC(80) Archive regions: 2->2
[2024-10-12T07:55:02.320+0800][info] GC(80) Humongous regions: 2->2
[2024-10-12T07:55:02.320+0800][info] GC(80) Metaspace: 1566K(1728K)->1566K(1728K) NonClass: 1442K(1536K)->1442K(1536K) Class: 124K(192K)->124K(192K)
[2024-10-12T07:55:02.320+0800][info] GC(80) Pause Young (Prepare Mixed) (G1 Evacuation Pause) 97M->97M(128M) 1.779ms
[2024-10-12T07:55:02.320+0800][info] GC(80) User=0.00s Sys=0.00s Real=0.00s
[2024-10-12T07:55:02.423+0800][info] GC(81) Pause Young (Mixed) (G1 Preventive Collection)
[2024-10-12T07:55:02.423+0800][info] GC(81) Using 3 workers of 48 for evacuation
[2024-10-12T07:55:02.425+0800][info] GC(81)   Pre Evacuate Collection Set: 0.1ms
[2024-10-12T07:55:02.425+0800][info] GC(81)   Merge Heap Roots: 0.1ms
[2024-10-12T07:55:02.425+0800][info] GC(81)   Evacuate Collection Set: 1.6ms
[2024-10-12T07:55:02.425+0800][info] GC(81)   Post Evacuate Collection Set: 0.2ms
[2024-10-12T07:55:02.425+0800][info] GC(81)   Other: 0.2ms
[2024-10-12T07:55:02.425+0800][info] GC(81) Eden regions: 2->0(2)
[2024-10-12T07:55:02.425+0800][info] GC(81) Survivor regions: 1->1(1)
[2024-10-12T07:55:02.425+0800][info] GC(81) Old regions: 52->49
[2024-10-12T07:55:02.425+0800][info] GC(81) Archive regions: 2->2
[2024-10-12T07:55:02.425+0800][info] GC(81) Humongous regions: 2->2
[2024-10-12T07:55:02.425+0800][info] GC(81) Metaspace: 1566K(1728K)->1566K(1728K) NonClass: 1442K(1536K)->1442K(1536K) Class: 124K(192K)->124K(192K)
[2024-10-12T07:55:02.425+0800][info] GC(81) Pause Young (Mixed) (G1 Preventive Collection) 100M->95M(128M) 2.406ms
[2024-10-12T07:55:02.425+0800][info] GC(81) User=0.00s Sys=0.00s Real=0.00s
[2024-10-12T07:55:02.527+0800][info] GC(82) Pause Young (Mixed) (G1 Evacuation Pause)
[2024-10-12T07:55:02.527+0800][info] GC(82) Using 3 workers of 48 for evacuation
[2024-10-12T07:55:02.530+0800][info] GC(82)   Pre Evacuate Collection Set: 0.1ms
[2024-10-12T07:55:02.530+0800][info] GC(82)   Merge Heap Roots: 0.1ms
[2024-10-12T07:55:02.530+0800][info] GC(82)   Evacuate Collection Set: 2.1ms
[2024-10-12T07:55:02.530+0800][info] GC(82)   Post Evacuate Collection Set: 0.2ms
[2024-10-12T07:55:02.530+0800][info] GC(82)   Other: 0.2ms
[2024-10-12T07:55:02.530+0800][info] GC(82) Eden regions: 2->0(2)
[2024-10-12T07:55:02.530+0800][info] GC(82) Survivor regions: 1->1(1)
[2024-10-12T07:55:02.530+0800][info] GC(82) Old regions: 49->48
[2024-10-12T07:55:02.530+0800][info] GC(82) Archive regions: 2->2
[2024-10-12T07:55:02.530+0800][info] GC(82) Humongous regions: 2->2
[2024-10-12T07:55:02.530+0800][info] GC(82) Metaspace: 1566K(1728K)->1566K(1728K) NonClass: 1442K(1536K)->1442K(1536K) Class: 124K(192K)->124K(192K)
[2024-10-12T07:55:02.530+0800][info] GC(82) Pause Young (Mixed) (G1 Evacuation Pause) 99M->95M(128M) 2.831ms
[2024-10-12T07:55:02.530+0800][info] GC(82) User=0.01s Sys=0.00s Real=0.00s
[2024-10-12T07:55:02.633+0800][info] GC(83) Pause Young (Normal) (G1 Evacuation Pause)
[2024-10-12T07:55:02.633+0800][info] GC(83) Using 3 workers of 48 for evacuation
[2024-10-12T07:55:02.634+0800][info] GC(83)   Pre Evacuate Collection Set: 0.1ms
[2024-10-12T07:55:02.634+0800][info] GC(83)   Merge Heap Roots: 0.1ms
[2024-10-12T07:55:02.634+0800][info] GC(83)   Evacuate Collection Set: 1.0ms
[2024-10-12T07:55:02.634+0800][info] GC(83)   Post Evacuate Collection Set: 0.2ms
[2024-10-12T07:55:02.634+0800][info] GC(83)   Other: 0.2ms
[2024-10-12T07:55:02.634+0800][info] GC(83) Eden regions: 2->0(2)
[2024-10-12T07:55:02.634+0800][info] GC(83) Survivor regions: 1->1(1)
[2024-10-12T07:55:02.634+0800][info] GC(83) Old regions: 48->50
[2024-10-12T07:55:02.634+0800][info] GC(83) Archive regions: 2->2
[2024-10-12T07:55:02.634+0800][info] GC(83) Humongous regions: 2->2
[2024-10-12T07:55:02.634+0800][info] GC(83) Metaspace: 1566K(1728K)->1566K(1728K) NonClass: 1442K(1536K)->1442K(1536K) Class: 124K(192K)->124K(192K)
[2024-10-12T07:55:02.634+0800][info] GC(83) Pause Young (Normal) (G1 Evacuation Pause) 99M->99M(128M) 1.704ms
[2024-10-12T07:55:02.634+0800][info] GC(83) User=0.01s Sys=0.00s Real=0.01s
[2024-10-12T07:55:02.736+0800][info] GC(84) Pause Young (Concurrent Start) (G1 Evacuation Pause)
[2024-10-12T07:55:02.736+0800][info] GC(84) Using 3 workers of 48 for evacuation
[2024-10-12T07:55:02.738+0800][info] GC(84)   Pre Evacuate Collection Set: 0.1ms
[2024-10-12T07:55:02.738+0800][info] GC(84)   Merge Heap Roots: 0.1ms
[2024-10-12T07:55:02.738+0800][info] GC(84)   Evacuate Collection Set: 1.1ms
[2024-10-12T07:55:02.738+0800][info] GC(84)   Post Evacuate Collection Set: 0.2ms
[2024-10-12T07:55:02.738+0800][info] GC(84)   Other: 0.4ms
[2024-10-12T07:55:02.738+0800][info] GC(84) Eden regions: 2->0(2)
[2024-10-12T07:55:02.738+0800][info] GC(84) Survivor regions: 1->1(1)
[2024-10-12T07:55:02.738+0800][info] GC(84) Old regions: 50->52
[2024-10-12T07:55:02.738+0800][info] GC(84) Archive regions: 2->2
[2024-10-12T07:55:02.738+0800][info] GC(84) Humongous regions: 2->2
[2024-10-12T07:55:02.738+0800][info] GC(84) Metaspace: 1566K(1728K)->1566K(1728K) NonClass: 1442K(1536K)->1442K(1536K) Class: 124K(192K)->124K(192K)
[2024-10-12T07:55:02.738+0800][info] GC(84) Pause Young (Concurrent Start) (G1 Evacuation Pause) 102M->103M(128M) 1.968ms
[2024-10-12T07:55:02.738+0800][info] GC(84) User=0.01s Sys=0.00s Real=0.00s
[2024-10-12T07:55:02.739+0800][info] GC(85) Concurrent Mark Cycle
[2024-10-12T07:55:02.739+0800][info] GC(85) Concurrent Clear Claimed Marks
[2024-10-12T07:55:02.739+0800][info] GC(85) Concurrent Clear Claimed Marks 0.016ms
[2024-10-12T07:55:02.739+0800][info] GC(85) Concurrent Scan Root Regions
[2024-10-12T07:55:02.739+0800][info] GC(85) Concurrent Scan Root Regions 0.106ms
[2024-10-12T07:55:02.739+0800][info] GC(85) Concurrent Mark
[2024-10-12T07:55:02.739+0800][info] GC(85) Concurrent Mark From Roots
[2024-10-12T07:55:02.739+0800][info] GC(85) Using 12 workers of 12 for marking
[2024-10-12T07:55:02.743+0800][info] GC(85) Concurrent Mark From Roots 4.289ms
[2024-10-12T07:55:02.743+0800][info] GC(85) Concurrent Preclean
[2024-10-12T07:55:02.745+0800][info] GC(85) Concurrent Preclean 1.674ms
[2024-10-12T07:55:02.745+0800][info] GC(85) Pause Remark
[2024-10-12T07:55:02.746+0800][info] GC(85) Pause Remark 104M->104M(128M) 1.497ms
[2024-10-12T07:55:02.746+0800][info] GC(85) User=0.00s Sys=0.00s Real=0.01s
[2024-10-12T07:55:02.747+0800][info] GC(85) Concurrent Mark 7.798ms
[2024-10-12T07:55:02.747+0800][info] GC(85) Concurrent Rebuild Remembered Sets
[2024-10-12T07:55:02.748+0800][info] GC(85) Concurrent Rebuild Remembered Sets 1.295ms
[2024-10-12T07:55:02.748+0800][info] GC(85) Pause Cleanup
[2024-10-12T07:55:02.748+0800][info] GC(85) Pause Cleanup 104M->104M(128M) 0.270ms
[2024-10-12T07:55:02.748+0800][info] GC(85) User=0.00s Sys=0.00s Real=0.00s
[2024-10-12T07:55:02.748+0800][info] GC(85) Concurrent Cleanup for Next Mark
[2024-10-12T07:55:02.749+0800][info] GC(85) Concurrent Cleanup for Next Mark 0.530ms
[2024-10-12T07:55:02.749+0800][info] GC(85) Concurrent Mark Cycle 10.353ms
[2024-10-12T07:55:02.893+0800][info] GC(86) Pause Young (Prepare Mixed) (G1 Evacuation Pause)
[2024-10-12T07:55:02.893+0800][info] GC(86) Using 3 workers of 48 for evacuation
[2024-10-12T07:55:02.894+0800][info] GC(86)   Pre Evacuate Collection Set: 0.1ms
[2024-10-12T07:55:02.894+0800][info] GC(86)   Merge Heap Roots: 0.1ms
[2024-10-12T07:55:02.894+0800][info] GC(86)   Evacuate Collection Set: 1.0ms
[2024-10-12T07:55:02.894+0800][info] GC(86)   Post Evacuate Collection Set: 0.2ms
[2024-10-12T07:55:02.894+0800][info] GC(86)   Other: 0.2ms
[2024-10-12T07:55:02.894+0800][info] GC(86) Eden regions: 2->0(2)
[2024-10-12T07:55:02.894+0800][info] GC(86) Survivor regions: 1->1(1)
[2024-10-12T07:55:02.894+0800][info] GC(86) Old regions: 52->54
[2024-10-12T07:55:02.894+0800][info] GC(86) Archive regions: 2->2
[2024-10-12T07:55:02.894+0800][info] GC(86) Humongous regions: 2->2
[2024-10-12T07:55:02.894+0800][info] GC(86) Metaspace: 1566K(1728K)->1566K(1728K) NonClass: 1442K(1536K)->1442K(1536K) Class: 124K(192K)->124K(192K)
[2024-10-12T07:55:02.894+0800][info] GC(86) Pause Young (Prepare Mixed) (G1 Evacuation Pause) 107M->107M(128M) 1.717ms
[2024-10-12T07:55:02.894+0800][info] GC(86) User=0.01s Sys=0.00s Real=0.01s
[2024-10-12T07:55:02.956+0800][info] GC(87) Pause Young (Mixed) (G1 Preventive Collection)
[2024-10-12T07:55:02.956+0800][info] GC(87) Using 3 workers of 48 for evacuation
[2024-10-12T07:55:02.957+0800][info] GC(87)   Pre Evacuate Collection Set: 0.1ms
[2024-10-12T07:55:02.957+0800][info] GC(87)   Merge Heap Roots: 0.0ms
[2024-10-12T07:55:02.957+0800][info] GC(87)   Evacuate Collection Set: 1.0ms
[2024-10-12T07:55:02.957+0800][info] GC(87)   Post Evacuate Collection Set: 0.3ms
[2024-10-12T07:55:02.957+0800][info] GC(87)   Other: 0.2ms
[2024-10-12T07:55:02.957+0800][info] GC(87) Eden regions: 1->0(2)
[2024-10-12T07:55:02.957+0800][info] GC(87) Survivor regions: 1->1(1)
[2024-10-12T07:55:02.957+0800][info] GC(87) Old regions: 54->50
[2024-10-12T07:55:02.957+0800][info] GC(87) Archive regions: 2->2
[2024-10-12T07:55:02.957+0800][info] GC(87) Humongous regions: 2->2
[2024-10-12T07:55:02.957+0800][info] GC(87) Metaspace: 1566K(1728K)->1566K(1728K) NonClass: 1442K(1536K)->1442K(1536K) Class: 124K(192K)->124K(192K)
[2024-10-12T07:55:02.957+0800][info] GC(87) Pause Young (Mixed) (G1 Preventive Collection) 109M->100M(128M) 1.797ms
[2024-10-12T07:55:02.957+0800][info] GC(87) User=0.00s Sys=0.00s Real=0.00s
[2024-10-12T07:55:03.060+0800][info] GC(88) Pause Young (Mixed) (G1 Evacuation Pause)
[2024-10-12T07:55:03.060+0800][info] GC(88) Using 3 workers of 48 for evacuation
[2024-10-12T07:55:03.063+0800][info] GC(88)   Pre Evacuate Collection Set: 0.1ms
[2024-10-12T07:55:03.063+0800][info] GC(88)   Merge Heap Roots: 0.1ms
[2024-10-12T07:55:03.063+0800][info] GC(88)   Evacuate Collection Set: 2.3ms
[2024-10-12T07:55:03.063+0800][info] GC(88)   Post Evacuate Collection Set: 0.3ms
[2024-10-12T07:55:03.063+0800][info] GC(88)   Other: 0.2ms
[2024-10-12T07:55:03.063+0800][info] GC(88) Eden regions: 2->0(2)
[2024-10-12T07:55:03.063+0800][info] GC(88) Survivor regions: 1->1(1)
[2024-10-12T07:55:03.063+0800][info] GC(88) Old regions: 50->48
[2024-10-12T07:55:03.063+0800][info] GC(88) Archive regions: 2->2
[2024-10-12T07:55:03.063+0800][info] GC(88) Humongous regions: 2->2
[2024-10-12T07:55:03.063+0800][info] GC(88) Metaspace: 1567K(1728K)->1567K(1728K) NonClass: 1442K(1536K)->1442K(1536K) Class: 124K(192K)->124K(192K)
[2024-10-12T07:55:03.063+0800][info] GC(88) Pause Young (Mixed) (G1 Evacuation Pause) 103M->98M(128M) 3.042ms
[2024-10-12T07:55:03.063+0800][info] GC(88) User=0.01s Sys=0.00s Real=0.00s
[2024-10-12T07:55:03.166+0800][info] GC(89) Pause Young (Normal) (G1 Evacuation Pause)
[2024-10-12T07:55:03.166+0800][info] GC(89) Using 3 workers of 48 for evacuation
[2024-10-12T07:55:03.167+0800][info] GC(89)   Pre Evacuate Collection Set: 0.1ms
[2024-10-12T07:55:03.167+0800][info] GC(89)   Merge Heap Roots: 0.1ms
[2024-10-12T07:55:03.167+0800][info] GC(89)   Evacuate Collection Set: 1.1ms
[2024-10-12T07:55:03.167+0800][info] GC(89)   Post Evacuate Collection Set: 0.2ms
[2024-10-12T07:55:03.167+0800][info] GC(89)   Other: 0.2ms
[2024-10-12T07:55:03.167+0800][info] GC(89) Eden regions: 2->0(2)
[2024-10-12T07:55:03.167+0800][info] GC(89) Survivor regions: 1->1(1)
[2024-10-12T07:55:03.167+0800][info] GC(89) Old regions: 48->50
[2024-10-12T07:55:03.167+0800][info] GC(89) Archive regions: 2->2
[2024-10-12T07:55:03.167+0800][info] GC(89) Humongous regions: 2->2
[2024-10-12T07:55:03.167+0800][info] GC(89) Metaspace: 1567K(1728K)->1567K(1728K) NonClass: 1442K(1536K)->1442K(1536K) Class: 124K(192K)->124K(192K)
[2024-10-12T07:55:03.167+0800][info] GC(89) Pause Young (Normal) (G1 Evacuation Pause) 101M->102M(128M) 1.785ms
[2024-10-12T07:55:03.167+0800][info] GC(89) User=0.00s Sys=0.00s Real=0.00s
[2024-10-12T07:55:03.269+0800][info] GC(90) Pause Young (Concurrent Start) (G1 Evacuation Pause)
[2024-10-12T07:55:03.269+0800][info] GC(90) Using 3 workers of 48 for evacuation
[2024-10-12T07:55:03.271+0800][info] GC(90)   Pre Evacuate Collection Set: 0.1ms
[2024-10-12T07:55:03.271+0800][info] GC(90)   Merge Heap Roots: 0.1ms
[2024-10-12T07:55:03.271+0800][info] GC(90)   Evacuate Collection Set: 0.9ms
[2024-10-12T07:55:03.271+0800][info] GC(90)   Post Evacuate Collection Set: 0.2ms
[2024-10-12T07:55:03.271+0800][info] GC(90)   Other: 0.4ms
[2024-10-12T07:55:03.271+0800][info] GC(90) Eden regions: 2->0(2)
[2024-10-12T07:55:03.271+0800][info] GC(90) Survivor regions: 1->1(1)
[2024-10-12T07:55:03.271+0800][info] GC(90) Old regions: 50->52
[2024-10-12T07:55:03.271+0800][info] GC(90) Archive regions: 2->2
[2024-10-12T07:55:03.271+0800][info] GC(90) Humongous regions: 2->2
[2024-10-12T07:55:03.271+0800][info] GC(90) Metaspace: 1567K(1728K)->1567K(1728K) NonClass: 1442K(1536K)->1442K(1536K) Class: 124K(192K)->124K(192K)
[2024-10-12T07:55:03.271+0800][info] GC(90) Pause Young (Concurrent Start) (G1 Evacuation Pause) 106M->105M(128M) 1.765ms
[2024-10-12T07:55:03.271+0800][info] GC(90) User=0.00s Sys=0.00s Real=0.00s
[2024-10-12T07:55:03.271+0800][info] GC(91) Concurrent Mark Cycle
[2024-10-12T07:55:03.271+0800][info] GC(91) Concurrent Clear Claimed Marks
[2024-10-12T07:55:03.271+0800][info] GC(91) Concurrent Clear Claimed Marks 0.016ms
[2024-10-12T07:55:03.271+0800][info] GC(91) Concurrent Scan Root Regions
[2024-10-12T07:55:03.271+0800][info] GC(91) Concurrent Scan Root Regions 0.102ms
[2024-10-12T07:55:03.271+0800][info] GC(91) Concurrent Mark
[2024-10-12T07:55:03.271+0800][info] GC(91) Concurrent Mark From Roots
[2024-10-12T07:55:03.272+0800][info] GC(91) Using 12 workers of 12 for marking
[2024-10-12T07:55:03.276+0800][info] GC(91) Concurrent Mark From Roots 4.222ms
[2024-10-12T07:55:03.276+0800][info] GC(91) Concurrent Preclean
[2024-10-12T07:55:03.277+0800][info] GC(91) Concurrent Preclean 1.688ms
[2024-10-12T07:55:03.278+0800][info] GC(91) Pause Remark
[2024-10-12T07:55:03.279+0800][info] GC(91) Pause Remark 106M->106M(128M) 1.429ms
[2024-10-12T07:55:03.279+0800][info] GC(91) User=0.00s Sys=0.00s Real=0.00s
[2024-10-12T07:55:03.279+0800][info] GC(91) Concurrent Mark 7.594ms
[2024-10-12T07:55:03.279+0800][info] GC(91) Concurrent Rebuild Remembered Sets
[2024-10-12T07:55:03.280+0800][info] GC(91) Concurrent Rebuild Remembered Sets 1.282ms
[2024-10-12T07:55:03.281+0800][info] GC(91) Pause Cleanup
[2024-10-12T07:55:03.281+0800][info] GC(91) Pause Cleanup 106M->106M(128M) 0.300ms
[2024-10-12T07:55:03.281+0800][info] GC(91) User=0.00s Sys=0.00s Real=0.00s
[2024-10-12T07:55:03.281+0800][info] GC(91) Concurrent Cleanup for Next Mark
[2024-10-12T07:55:03.281+0800][info] GC(91) Concurrent Cleanup for Next Mark 0.411ms
[2024-10-12T07:55:03.281+0800][info] GC(91) Concurrent Mark Cycle 10.065ms
[2024-10-12T07:55:03.425+0800][info] GC(92) Pause Young (Prepare Mixed) (G1 Evacuation Pause)
[2024-10-12T07:55:03.425+0800][info] GC(92) Using 3 workers of 48 for evacuation
[2024-10-12T07:55:03.427+0800][info] GC(92)   Pre Evacuate Collection Set: 0.1ms
[2024-10-12T07:55:03.427+0800][info] GC(92)   Merge Heap Roots: 0.1ms
[2024-10-12T07:55:03.427+0800][info] GC(92)   Evacuate Collection Set: 1.1ms
[2024-10-12T07:55:03.427+0800][info] GC(92)   Post Evacuate Collection Set: 0.2ms
[2024-10-12T07:55:03.427+0800][info] GC(92)   Other: 0.2ms
[2024-10-12T07:55:03.427+0800][info] GC(92) Eden regions: 2->0(2)
[2024-10-12T07:55:03.427+0800][info] GC(92) Survivor regions: 1->1(1)
[2024-10-12T07:55:03.427+0800][info] GC(92) Old regions: 52->54
[2024-10-12T07:55:03.427+0800][info] GC(92) Archive regions: 2->2
[2024-10-12T07:55:03.427+0800][info] GC(92) Humongous regions: 2->2
[2024-10-12T07:55:03.427+0800][info] GC(92) Metaspace: 1567K(1728K)->1567K(1728K) NonClass: 1443K(1536K)->1443K(1536K) Class: 124K(192K)->124K(192K)
[2024-10-12T07:55:03.427+0800][info] GC(92) Pause Young (Prepare Mixed) (G1 Evacuation Pause) 109M->110M(128M) 1.815ms
[2024-10-12T07:55:03.427+0800][info] GC(92) User=0.00s Sys=0.00s Real=0.00s
[2024-10-12T07:55:03.489+0800][info] GC(93) Pause Young (Mixed) (G1 Preventive Collection)
[2024-10-12T07:55:03.489+0800][info] GC(93) Using 3 workers of 48 for evacuation
[2024-10-12T07:55:03.491+0800][info] GC(93)   Pre Evacuate Collection Set: 0.1ms
[2024-10-12T07:55:03.491+0800][info] GC(93)   Merge Heap Roots: 0.1ms
[2024-10-12T07:55:03.491+0800][info] GC(93)   Evacuate Collection Set: 1.3ms
[2024-10-12T07:55:03.491+0800][info] GC(93)   Post Evacuate Collection Set: 0.2ms
[2024-10-12T07:55:03.491+0800][info] GC(93)   Other: 0.2ms
[2024-10-12T07:55:03.491+0800][info] GC(93) Eden regions: 1->0(2)
[2024-10-12T07:55:03.491+0800][info] GC(93) Survivor regions: 1->1(1)
[2024-10-12T07:55:03.491+0800][info] GC(93) Old regions: 54->49
[2024-10-12T07:55:03.491+0800][info] GC(93) Archive regions: 2->2
[2024-10-12T07:55:03.491+0800][info] GC(93) Humongous regions: 2->2
[2024-10-12T07:55:03.491+0800][info] GC(93) Metaspace: 1567K(1728K)->1567K(1728K) NonClass: 1443K(1536K)->1443K(1536K) Class: 124K(192K)->124K(192K)
[2024-10-12T07:55:03.491+0800][info] GC(93) Pause Young (Mixed) (G1 Preventive Collection) 111M->101M(128M) 2.111ms
[2024-10-12T07:55:03.491+0800][info] GC(93) User=0.01s Sys=0.00s Real=0.00s
[2024-10-12T07:55:03.593+0800][info] GC(94) Pause Young (Mixed) (G1 Evacuation Pause)
[2024-10-12T07:55:03.594+0800][info] GC(94) Using 3 workers of 48 for evacuation
[2024-10-12T07:55:03.596+0800][info] GC(94)   Pre Evacuate Collection Set: 0.1ms
[2024-10-12T07:55:03.596+0800][info] GC(94)   Merge Heap Roots: 0.1ms
[2024-10-12T07:55:03.596+0800][info] GC(94)   Evacuate Collection Set: 2.0ms
[2024-10-12T07:55:03.596+0800][info] GC(94)   Post Evacuate Collection Set: 0.2ms
[2024-10-12T07:55:03.596+0800][info] GC(94)   Other: 0.2ms
[2024-10-12T07:55:03.596+0800][info] GC(94) Eden regions: 2->0(2)
[2024-10-12T07:55:03.596+0800][info] GC(94) Survivor regions: 1->1(1)
[2024-10-12T07:55:03.596+0800][info] GC(94) Old regions: 49->48
[2024-10-12T07:55:03.596+0800][info] GC(94) Archive regions: 2->2
[2024-10-12T07:55:03.596+0800][info] GC(94) Humongous regions: 2->2
[2024-10-12T07:55:03.596+0800][info] GC(94) Metaspace: 1567K(1728K)->1567K(1728K) NonClass: 1443K(1536K)->1443K(1536K) Class: 124K(192K)->124K(192K)
[2024-10-12T07:55:03.596+0800][info] GC(94) Pause Young (Mixed) (G1 Evacuation Pause) 105M->99M(128M) 2.720ms
[2024-10-12T07:55:03.596+0800][info] GC(94) User=0.01s Sys=0.00s Real=0.00s
[2024-10-12T07:55:03.698+0800][info] GC(95) Pause Young (Normal) (G1 Evacuation Pause)
[2024-10-12T07:55:03.698+0800][info] GC(95) Using 3 workers of 48 for evacuation
[2024-10-12T07:55:03.700+0800][info] GC(95)   Pre Evacuate Collection Set: 0.1ms
[2024-10-12T07:55:03.700+0800][info] GC(95)   Merge Heap Roots: 0.0ms
[2024-10-12T07:55:03.700+0800][info] GC(95)   Evacuate Collection Set: 1.0ms
[2024-10-12T07:55:03.700+0800][info] GC(95)   Post Evacuate Collection Set: 0.2ms
[2024-10-12T07:55:03.700+0800][info] GC(95)   Other: 0.2ms
[2024-10-12T07:55:03.700+0800][info] GC(95) Eden regions: 2->0(2)
[2024-10-12T07:55:03.700+0800][info] GC(95) Survivor regions: 1->1(1)
[2024-10-12T07:55:03.700+0800][info] GC(95) Old regions: 48->50
[2024-10-12T07:55:03.700+0800][info] GC(95) Archive regions: 2->2
[2024-10-12T07:55:03.700+0800][info] GC(95) Humongous regions: 2->2
[2024-10-12T07:55:03.700+0800][info] GC(95) Metaspace: 1567K(1728K)->1567K(1728K) NonClass: 1443K(1536K)->1443K(1536K) Class: 124K(192K)->124K(192K)
[2024-10-12T07:55:03.700+0800][info] GC(95) Pause Young (Normal) (G1 Evacuation Pause) 103M->103M(128M) 1.670ms
[2024-10-12T07:55:03.700+0800][info] GC(95) User=0.00s Sys=0.00s Real=0.00s
[2024-10-12T07:55:03.761+0800][info] GC(96) Pause Young (Concurrent Start) (G1 Humongous Allocation)
[2024-10-12T07:55:03.761+0800][info] GC(96) Using 3 workers of 48 for evacuation
[2024-10-12T07:55:03.763+0800][info] GC(96)   Pre Evacuate Collection Set: 0.1ms
[2024-10-12T07:55:03.763+0800][info] GC(96)   Merge Heap Roots: 0.1ms
[2024-10-12T07:55:03.763+0800][info] GC(96)   Evacuate Collection Set: 1.0ms
[2024-10-12T07:55:03.763+0800][info] GC(96)   Post Evacuate Collection Set: 0.2ms
[2024-10-12T07:55:03.763+0800][info] GC(96)   Other: 0.4ms
[2024-10-12T07:55:03.763+0800][info] GC(96) Eden regions: 2->0(2)
[2024-10-12T07:55:03.763+0800][info] GC(96) Survivor regions: 1->1(1)
[2024-10-12T07:55:03.763+0800][info] GC(96) Old regions: 50->51
[2024-10-12T07:55:03.763+0800][info] GC(96) Archive regions: 2->2
[2024-10-12T07:55:03.763+0800][info] GC(96) Humongous regions: 2->2
[2024-10-12T07:55:03.763+0800][info] GC(96) Metaspace: 1567K(1728K)->1567K(1728K) NonClass: 1443K(1536K)->1443K(1536K) Class: 124K(192K)->124K(192K)
[2024-10-12T07:55:03.763+0800][info] GC(96) Pause Young (Concurrent Start) (G1 Humongous Allocation) 105M->106M(128M) 1.866ms
[2024-10-12T07:55:03.763+0800][info] GC(96) User=0.01s Sys=0.00s Real=0.00s
[2024-10-12T07:55:03.763+0800][info] GC(97) Concurrent Mark Cycle
[2024-10-12T07:55:03.763+0800][info] GC(97) Concurrent Clear Claimed Marks
[2024-10-12T07:55:03.763+0800][info] GC(97) Concurrent Clear Claimed Marks 0.016ms
[2024-10-12T07:55:03.764+0800][info] GC(97) Concurrent Scan Root Regions
[2024-10-12T07:55:03.764+0800][info] GC(97) Concurrent Scan Root Regions 0.166ms
[2024-10-12T07:55:03.764+0800][info] GC(97) Concurrent Mark
[2024-10-12T07:55:03.764+0800][info] GC(97) Concurrent Mark From Roots
[2024-10-12T07:55:03.764+0800][info] GC(97) Using 12 workers of 12 for marking
[2024-10-12T07:55:03.768+0800][info] GC(97) Concurrent Mark From Roots 3.906ms
[2024-10-12T07:55:03.768+0800][info] GC(97) Concurrent Preclean
[2024-10-12T07:55:03.769+0800][info] GC(97) Concurrent Preclean 1.708ms
[2024-10-12T07:55:03.769+0800][info] GC(97) Pause Remark
[2024-10-12T07:55:03.771+0800][info] GC(97) Pause Remark 108M->108M(128M) 1.464ms
[2024-10-12T07:55:03.771+0800][info] GC(97) User=0.00s Sys=0.00s Real=0.00s
[2024-10-12T07:55:03.771+0800][info] GC(97) Concurrent Mark 7.397ms
[2024-10-12T07:55:03.771+0800][info] GC(97) Concurrent Rebuild Remembered Sets
[2024-10-12T07:55:03.772+0800][info] GC(97) Concurrent Rebuild Remembered Sets 1.289ms
[2024-10-12T07:55:03.773+0800][info] GC(97) Pause Cleanup
[2024-10-12T07:55:03.773+0800][info] GC(97) Pause Cleanup 108M->108M(128M) 0.250ms
[2024-10-12T07:55:03.773+0800][info] GC(97) User=0.01s Sys=0.00s Real=0.00s
[2024-10-12T07:55:03.773+0800][info] GC(97) Concurrent Cleanup for Next Mark
[2024-10-12T07:55:03.773+0800][info] GC(97) Concurrent Cleanup for Next Mark 0.496ms
[2024-10-12T07:55:03.773+0800][info] GC(97) Concurrent Mark Cycle 9.979ms
[2024-10-12T07:55:03.938+0800][info] GC(98) Pause Young (Prepare Mixed) (G1 Evacuation Pause)
[2024-10-12T07:55:03.938+0800][info] GC(98) Using 3 workers of 48 for evacuation
[2024-10-12T07:55:03.940+0800][info] GC(98)   Pre Evacuate Collection Set: 0.1ms
[2024-10-12T07:55:03.940+0800][info] GC(98)   Merge Heap Roots: 0.1ms
[2024-10-12T07:55:03.940+0800][info] GC(98)   Evacuate Collection Set: 1.0ms
[2024-10-12T07:55:03.940+0800][info] GC(98)   Post Evacuate Collection Set: 0.2ms
[2024-10-12T07:55:03.940+0800][info] GC(98)   Other: 0.2ms
[2024-10-12T07:55:03.940+0800][info] GC(98) Eden regions: 2->0(2)
[2024-10-12T07:55:03.940+0800][info] GC(98) Survivor regions: 1->1(1)
[2024-10-12T07:55:03.940+0800][info] GC(98) Old regions: 51->53
[2024-10-12T07:55:03.940+0800][info] GC(98) Archive regions: 2->2
[2024-10-12T07:55:03.940+0800][info] GC(98) Humongous regions: 3->2
[2024-10-12T07:55:03.940+0800][info] GC(98) Metaspace: 1567K(1728K)->1567K(1728K) NonClass: 1443K(1536K)->1443K(1536K) Class: 124K(192K)->124K(192K)
[2024-10-12T07:55:03.940+0800][info] GC(98) Pause Young (Prepare Mixed) (G1 Evacuation Pause) 112M->110M(128M) 1.690ms
[2024-10-12T07:55:03.940+0800][info] GC(98) User=0.00s Sys=0.00s Real=0.00s
[2024-10-12T07:55:04.042+0800][info] GC(99) Pause Young (Mixed) (G1 Preventive Collection)
[2024-10-12T07:55:04.043+0800][info] GC(99) Using 3 workers of 48 for evacuation
[2024-10-12T07:55:04.045+0800][info] GC(99) To-space exhausted
[2024-10-12T07:55:04.045+0800][info] GC(99)   Pre Evacuate Collection Set: 0.1ms
[2024-10-12T07:55:04.045+0800][info] GC(99)   Merge Heap Roots: 0.1ms
[2024-10-12T07:55:04.045+0800][info] GC(99)   Evacuate Collection Set: 1.4ms
[2024-10-12T07:55:04.045+0800][info] GC(99)   Post Evacuate Collection Set: 0.3ms
[2024-10-12T07:55:04.045+0800][info] GC(99)   Other: 0.2ms
[2024-10-12T07:55:04.045+0800][info] GC(99) Eden regions: 2->0(2)
[2024-10-12T07:55:04.045+0800][info] GC(99) Survivor regions: 1->1(1)
[2024-10-12T07:55:04.045+0800][info] GC(99) Old regions: 53->55
[2024-10-12T07:55:04.045+0800][info] GC(99) Archive regions: 2->2
[2024-10-12T07:55:04.045+0800][info] GC(99) Humongous regions: 2->2
[2024-10-12T07:55:04.045+0800][info] GC(99) Metaspace: 1567K(1728K)->1567K(1728K) NonClass: 1443K(1536K)->1443K(1536K) Class: 124K(192K)->124K(192K)
[2024-10-12T07:55:04.045+0800][info] GC(99) Pause Young (Mixed) (G1 Preventive Collection) 113M->114M(128M) 2.262ms
[2024-10-12T07:55:04.045+0800][info] GC(99) User=0.00s Sys=0.00s Real=0.00s
[2024-10-12T07:55:04.106+0800][info] GC(100) Pause Young (Mixed) (G1 Preventive Collection)
[2024-10-12T07:55:04.106+0800][info] GC(100) Using 3 workers of 48 for evacuation
[2024-10-12T07:55:04.108+0800][info] GC(100) To-space exhausted
[2024-10-12T07:55:04.108+0800][info] GC(100)   Pre Evacuate Collection Set: 0.1ms
[2024-10-12T07:55:04.108+0800][info] GC(100)   Merge Heap Roots: 0.1ms
[2024-10-12T07:55:04.108+0800][info] GC(100)   Evacuate Collection Set: 1.6ms
[2024-10-12T07:55:04.108+0800][info] GC(100)   Post Evacuate Collection Set: 0.3ms
[2024-10-12T07:55:04.108+0800][info] GC(100)   Other: 0.2ms
[2024-10-12T07:55:04.108+0800][info] GC(100) Eden regions: 1->0(2)
[2024-10-12T07:55:04.108+0800][info] GC(100) Survivor regions: 1->1(1)
[2024-10-12T07:55:04.108+0800][info] GC(100) Old regions: 55->56
[2024-10-12T07:55:04.108+0800][info] GC(100) Archive regions: 2->2
[2024-10-12T07:55:04.108+0800][info] GC(100) Humongous regions: 2->2
[2024-10-12T07:55:04.108+0800][info] GC(100) Metaspace: 1567K(1728K)->1567K(1728K) NonClass: 1443K(1536K)->1443K(1536K) Class: 124K(192K)->124K(192K)
[2024-10-12T07:55:04.109+0800][info] GC(100) Pause Young (Mixed) (G1 Preventive Collection) 116M->117M(128M) 2.380ms
[2024-10-12T07:55:04.109+0800][info] GC(100) User=0.00s Sys=0.00s Real=0.00s
[2024-10-12T07:55:04.150+0800][info] GC(101) Pause Young (Concurrent Start) (G1 Preventive Collection)
[2024-10-12T07:55:04.150+0800][info] GC(101) Using 3 workers of 48 for evacuation
[2024-10-12T07:55:04.151+0800][info] GC(101)   Pre Evacuate Collection Set: 0.1ms
[2024-10-12T07:55:04.151+0800][info] GC(101)   Merge Heap Roots: 0.1ms
[2024-10-12T07:55:04.151+0800][info] GC(101)   Evacuate Collection Set: 0.8ms
[2024-10-12T07:55:04.151+0800][info] GC(101)   Post Evacuate Collection Set: 0.2ms
[2024-10-12T07:55:04.151+0800][info] GC(101)   Other: 0.4ms
[2024-10-12T07:55:04.151+0800][info] GC(101) Eden regions: 1->0(2)
[2024-10-12T07:55:04.151+0800][info] GC(101) Survivor regions: 1->1(1)
[2024-10-12T07:55:04.151+0800][info] GC(101) Old regions: 56->57
[2024-10-12T07:55:04.151+0800][info] GC(101) Archive regions: 2->2
[2024-10-12T07:55:04.151+0800][info] GC(101) Humongous regions: 2->2
[2024-10-12T07:55:04.151+0800][info] GC(101) Metaspace: 1567K(1728K)->1567K(1728K) NonClass: 1443K(1536K)->1443K(1536K) Class: 124K(192K)->124K(192K)
[2024-10-12T07:55:04.151+0800][info] GC(101) Pause Young (Concurrent Start) (G1 Preventive Collection) 118M->118M(128M) 1.595ms
[2024-10-12T07:55:04.151+0800][info] GC(101) User=0.01s Sys=0.00s Real=0.00s
[2024-10-12T07:55:04.151+0800][info] GC(102) Concurrent Mark Cycle
[2024-10-12T07:55:04.151+0800][info] GC(102) Concurrent Clear Claimed Marks
[2024-10-12T07:55:04.151+0800][info] GC(102) Concurrent Clear Claimed Marks 0.016ms
[2024-10-12T07:55:04.151+0800][info] GC(102) Concurrent Scan Root Regions
[2024-10-12T07:55:04.152+0800][info] GC(102) Concurrent Scan Root Regions 0.162ms
[2024-10-12T07:55:04.152+0800][info] GC(102) Concurrent Mark
[2024-10-12T07:55:04.152+0800][info] GC(102) Concurrent Mark From Roots
[2024-10-12T07:55:04.152+0800][info] GC(102) Using 12 workers of 12 for marking
[2024-10-12T07:55:04.156+0800][info] GC(102) Concurrent Mark From Roots 4.281ms
[2024-10-12T07:55:04.156+0800][info] GC(102) Concurrent Preclean
[2024-10-12T07:55:04.158+0800][info] GC(102) Concurrent Preclean 1.692ms
[2024-10-12T07:55:04.158+0800][info] GC(102) Pause Remark
[2024-10-12T07:55:04.159+0800][info] GC(102) Pause Remark 119M->115M(128M) 1.378ms
[2024-10-12T07:55:04.159+0800][info] GC(102) User=0.00s Sys=0.01s Real=0.00s
[2024-10-12T07:55:04.159+0800][info] GC(102) Concurrent Mark 7.603ms
[2024-10-12T07:55:04.159+0800][info] GC(102) Concurrent Rebuild Remembered Sets
[2024-10-12T07:55:04.161+0800][info] GC(102) Concurrent Rebuild Remembered Sets 1.260ms
[2024-10-12T07:55:04.161+0800][info] GC(102) Pause Cleanup
[2024-10-12T07:55:04.161+0800][info] GC(102) Pause Cleanup 115M->115M(128M) 0.213ms
[2024-10-12T07:55:04.161+0800][info] GC(102) User=0.00s Sys=0.00s Real=0.00s
[2024-10-12T07:55:04.161+0800][info] GC(102) Concurrent Cleanup for Next Mark
[2024-10-12T07:55:04.161+0800][info] GC(102) Concurrent Cleanup for Next Mark 0.402ms
[2024-10-12T07:55:04.161+0800][info] GC(102) Concurrent Mark Cycle 9.973ms
[2024-10-12T07:55:04.264+0800][info] GC(103) Pause Young (Prepare Mixed) (G1 Preventive Collection)
[2024-10-12T07:55:04.264+0800][info] GC(103) Using 3 workers of 48 for evacuation
[2024-10-12T07:55:04.265+0800][info] GC(103)   Pre Evacuate Collection Set: 0.1ms
[2024-10-12T07:55:04.265+0800][info] GC(103)   Merge Heap Roots: 0.1ms
[2024-10-12T07:55:04.265+0800][info] GC(103)   Evacuate Collection Set: 0.9ms
[2024-10-12T07:55:04.265+0800][info] GC(103)   Post Evacuate Collection Set: 0.2ms
[2024-10-12T07:55:04.266+0800][info] GC(103)   Other: 0.3ms
[2024-10-12T07:55:04.266+0800][info] GC(103) Eden regions: 1->0(2)
[2024-10-12T07:55:04.266+0800][info] GC(103) Survivor regions: 1->1(1)
[2024-10-12T07:55:04.266+0800][info] GC(103) Old regions: 55->56
[2024-10-12T07:55:04.266+0800][info] GC(103) Archive regions: 2->2
[2024-10-12T07:55:04.266+0800][info] GC(103) Humongous regions: 2->2
[2024-10-12T07:55:04.266+0800][info] GC(103) Metaspace: 1570K(1728K)->1570K(1728K) NonClass: 1446K(1536K)->1446K(1536K) Class: 124K(192K)->124K(192K)
[2024-10-12T07:55:04.266+0800][info] GC(103) Pause Young (Prepare Mixed) (G1 Preventive Collection) 116M->116M(128M) 1.587ms
[2024-10-12T07:55:04.266+0800][info] GC(103) User=0.00s Sys=0.00s Real=0.01s
[2024-10-12T07:55:04.307+0800][info] GC(104) Pause Young (Mixed) (G1 Preventive Collection)
[2024-10-12T07:55:04.307+0800][info] GC(104) Using 3 workers of 48 for evacuation
[2024-10-12T07:55:04.309+0800][info] GC(104) To-space exhausted
[2024-10-12T07:55:04.309+0800][info] GC(104)   Pre Evacuate Collection Set: 0.1ms
[2024-10-12T07:55:04.309+0800][info] GC(104)   Merge Heap Roots: 0.1ms
[2024-10-12T07:55:04.309+0800][info] GC(104)   Evacuate Collection Set: 0.9ms
[2024-10-12T07:55:04.309+0800][info] GC(104)   Post Evacuate Collection Set: 0.3ms
[2024-10-12T07:55:04.309+0800][info] GC(104)   Other: 0.2ms
[2024-10-12T07:55:04.309+0800][info] GC(104) Eden regions: 1->0(2)
[2024-10-12T07:55:04.309+0800][info] GC(104) Survivor regions: 1->1(1)
[2024-10-12T07:55:04.309+0800][info] GC(104) Old regions: 56->55
[2024-10-12T07:55:04.309+0800][info] GC(104) Archive regions: 2->2
[2024-10-12T07:55:04.309+0800][info] GC(104) Humongous regions: 2->2
[2024-10-12T07:55:04.309+0800][info] GC(104) Metaspace: 1570K(1728K)->1570K(1728K) NonClass: 1446K(1536K)->1446K(1536K) Class: 124K(192K)->124K(192K)
[2024-10-12T07:55:04.309+0800][info] GC(104) Pause Young (Mixed) (G1 Preventive Collection) 118M->115M(128M) 1.661ms
[2024-10-12T07:55:04.309+0800][info] GC(104) User=0.01s Sys=0.00s Real=0.00s
[2024-10-12T07:55:04.371+0800][info] GC(105) Pause Young (Mixed) (G1 Preventive Collection)
[2024-10-12T07:55:04.371+0800][info] GC(105) Using 3 workers of 48 for evacuation
[2024-10-12T07:55:04.373+0800][info] GC(105) To-space exhausted
[2024-10-12T07:55:04.373+0800][info] GC(105)   Pre Evacuate Collection Set: 0.1ms
[2024-10-12T07:55:04.373+0800][info] GC(105)   Merge Heap Roots: 0.1ms
[2024-10-12T07:55:04.373+0800][info] GC(105)   Evacuate Collection Set: 1.4ms
[2024-10-12T07:55:04.373+0800][info] GC(105)   Post Evacuate Collection Set: 0.4ms
[2024-10-12T07:55:04.373+0800][info] GC(105)   Other: 0.2ms
[2024-10-12T07:55:04.373+0800][info] GC(105) Eden regions: 1->0(2)
[2024-10-12T07:55:04.373+0800][info] GC(105) Survivor regions: 1->1(1)
[2024-10-12T07:55:04.373+0800][info] GC(105) Old regions: 55->56
[2024-10-12T07:55:04.373+0800][info] GC(105) Archive regions: 2->2
[2024-10-12T07:55:04.373+0800][info] GC(105) Humongous regions: 2->2
[2024-10-12T07:55:04.373+0800][info] GC(105) Metaspace: 1570K(1728K)->1570K(1728K) NonClass: 1446K(1536K)->1446K(1536K) Class: 124K(192K)->124K(192K)
[2024-10-12T07:55:04.373+0800][info] GC(105) Pause Young (Mixed) (G1 Preventive Collection) 116M->116M(128M) 2.232ms
[2024-10-12T07:55:04.373+0800][info] GC(105) User=0.00s Sys=0.00s Real=0.00s
[2024-10-12T07:55:04.414+0800][info] GC(106) Pause Young (Mixed) (G1 Preventive Collection)
[2024-10-12T07:55:04.414+0800][info] GC(106) Using 3 workers of 48 for evacuation
[2024-10-12T07:55:04.416+0800][info] GC(106) To-space exhausted
[2024-10-12T07:55:04.416+0800][info] GC(106)   Pre Evacuate Collection Set: 0.1ms
[2024-10-12T07:55:04.416+0800][info] GC(106)   Merge Heap Roots: 0.1ms
[2024-10-12T07:55:04.416+0800][info] GC(106)   Evacuate Collection Set: 1.7ms
[2024-10-12T07:55:04.416+0800][info] GC(106)   Post Evacuate Collection Set: 0.4ms
[2024-10-12T07:55:04.416+0800][info] GC(106)   Other: 0.2ms
[2024-10-12T07:55:04.416+0800][info] GC(106) Eden regions: 1->0(2)
[2024-10-12T07:55:04.416+0800][info] GC(106) Survivor regions: 1->1(1)
[2024-10-12T07:55:04.416+0800][info] GC(106) Old regions: 56->58
[2024-10-12T07:55:04.416+0800][info] GC(106) Archive regions: 2->2
[2024-10-12T07:55:04.416+0800][info] GC(106) Humongous regions: 2->2
[2024-10-12T07:55:04.416+0800][info] GC(106) Metaspace: 1570K(1728K)->1570K(1728K) NonClass: 1446K(1536K)->1446K(1536K) Class: 124K(192K)->124K(192K)
[2024-10-12T07:55:04.416+0800][info] GC(106) Pause Young (Mixed) (G1 Preventive Collection) 118M->120M(128M) 2.594ms
[2024-10-12T07:55:04.416+0800][info] GC(106) User=0.01s Sys=0.00s Real=0.00s
[2024-10-12T07:55:04.478+0800][info] GC(107) Pause Young (Concurrent Start) (G1 Evacuation Pause)
[2024-10-12T07:55:04.478+0800][info] GC(107) Using 3 workers of 48 for evacuation
[2024-10-12T07:55:04.479+0800][info] GC(107) To-space exhausted
[2024-10-12T07:55:04.479+0800][info] GC(107)   Pre Evacuate Collection Set: 0.1ms
[2024-10-12T07:55:04.479+0800][info] GC(107)   Merge Heap Roots: 0.1ms
[2024-10-12T07:55:04.479+0800][info] GC(107)   Evacuate Collection Set: 0.3ms
[2024-10-12T07:55:04.479+0800][info] GC(107)   Post Evacuate Collection Set: 0.2ms
[2024-10-12T07:55:04.479+0800][info] GC(107)   Other: 0.4ms
[2024-10-12T07:55:04.479+0800][info] GC(107) Eden regions: 1->0(3)
[2024-10-12T07:55:04.479+0800][info] GC(107) Survivor regions: 1->0(0)
[2024-10-12T07:55:04.479+0800][info] GC(107) Old regions: 58->60
[2024-10-12T07:55:04.479+0800][info] GC(107) Archive regions: 2->2
[2024-10-12T07:55:04.479+0800][info] GC(107) Humongous regions: 2->2
[2024-10-12T07:55:04.479+0800][info] GC(107) Metaspace: 1570K(1728K)->1570K(1728K) NonClass: 1446K(1536K)->1446K(1536K) Class: 124K(192K)->124K(192K)
[2024-10-12T07:55:04.479+0800][info] GC(107) Pause Young (Concurrent Start) (G1 Evacuation Pause) 122M->122M(128M) 1.082ms
[2024-10-12T07:55:04.479+0800][info] GC(107) User=0.00s Sys=0.00s Real=0.00s
[2024-10-12T07:55:04.479+0800][info] Attempting full compaction
[2024-10-12T07:55:04.479+0800][info] GC(108) Using 3 workers of 48 for full compaction
[2024-10-12T07:55:04.479+0800][info] GC(109) Concurrent Mark Cycle
[2024-10-12T07:55:04.479+0800][info] GC(109) Concurrent Clear Claimed Marks
[2024-10-12T07:55:04.479+0800][info] GC(109) Concurrent Clear Claimed Marks 0.016ms
[2024-10-12T07:55:04.479+0800][info] GC(109) Concurrent Scan Root Regions
[2024-10-12T07:55:04.479+0800][info] GC(109) Concurrent Scan Root Regions 0.010ms
[2024-10-12T07:55:04.479+0800][info] GC(109) Concurrent Mark
[2024-10-12T07:55:04.480+0800][info] GC(109) Concurrent Mark From Roots
[2024-10-12T07:55:04.480+0800][info] GC(109) Using 12 workers of 12 for marking
[2024-10-12T07:55:04.479+0800][info] GC(108) Pause Full (G1 Compaction Pause)
[2024-10-12T07:55:04.480+0800][info] GC(108) Phase 1: Mark live objects
[2024-10-12T07:55:04.483+0800][info] GC(108) Phase 1: Mark live objects 3.408ms
[2024-10-12T07:55:04.483+0800][info] GC(108) Phase 2: Prepare for compaction
[2024-10-12T07:55:04.484+0800][info] GC(108) Phase 2: Prepare for compaction 0.648ms
[2024-10-12T07:55:04.484+0800][info] GC(108) Phase 3: Adjust pointers
[2024-10-12T07:55:04.486+0800][info] GC(108) Phase 3: Adjust pointers 1.638ms
[2024-10-12T07:55:04.486+0800][info] GC(108) Phase 4: Compact heap
[2024-10-12T07:55:04.496+0800][info] GC(108) Phase 4: Compact heap 10.142ms
[2024-10-12T07:55:04.497+0800][info] GC(108) Eden regions: 0->0(4)
[2024-10-12T07:55:04.497+0800][info] GC(108) Survivor regions: 0->0(0)
[2024-10-12T07:55:04.497+0800][info] GC(108) Old regions: 60->38
[2024-10-12T07:55:04.497+0800][info] GC(108) Archive regions: 2->2
[2024-10-12T07:55:04.497+0800][info] GC(108) Humongous regions: 2->2
[2024-10-12T07:55:04.497+0800][info] GC(108) Metaspace: 1570K(1728K)->1570K(1728K) NonClass: 1446K(1536K)->1446K(1536K) Class: 124K(192K)->124K(192K)
[2024-10-12T07:55:04.497+0800][info] GC(108) Pause Full (G1 Compaction Pause) 122M->70M(128M) 17.900ms
[2024-10-12T07:55:04.497+0800][info] GC(108) User=0.05s Sys=0.00s Real=0.02s
[2024-10-12T07:55:04.498+0800][info] GC(109) Concurrent Mark From Roots 18.181ms
[2024-10-12T07:55:04.498+0800][info] GC(109) Concurrent Mark Abort
[2024-10-12T07:55:04.498+0800][info] GC(109) Concurrent Mark Cycle 18.366ms
[2024-10-12T07:55:04.703+0800][info] GC(110) Pause Young (Normal) (G1 Evacuation Pause)
[2024-10-12T07:55:04.703+0800][info] GC(110) Using 3 workers of 48 for evacuation
[2024-10-12T07:55:04.704+0800][info] GC(110)   Pre Evacuate Collection Set: 0.1ms
[2024-10-12T07:55:04.704+0800][info] GC(110)   Merge Heap Roots: 0.1ms
[2024-10-12T07:55:04.705+0800][info] GC(110)   Evacuate Collection Set: 1.2ms
[2024-10-12T07:55:04.705+0800][info] GC(110)   Post Evacuate Collection Set: 0.2ms
[2024-10-12T07:55:04.705+0800][info] GC(110)   Other: 0.2ms
[2024-10-12T07:55:04.705+0800][info] GC(110) Eden regions: 4->0(3)
[2024-10-12T07:55:04.705+0800][info] GC(110) Survivor regions: 0->1(1)
[2024-10-12T07:55:04.705+0800][info] GC(110) Old regions: 38->41
[2024-10-12T07:55:04.705+0800][info] GC(110) Archive regions: 2->2
[2024-10-12T07:55:04.705+0800][info] GC(110) Humongous regions: 2->2
[2024-10-12T07:55:04.705+0800][info] GC(110) Metaspace: 1570K(1728K)->1570K(1728K) NonClass: 1446K(1536K)->1446K(1536K) Class: 124K(192K)->124K(192K)
[2024-10-12T07:55:04.705+0800][info] GC(110) Pause Young (Normal) (G1 Evacuation Pause) 77M->76M(128M) 1.922ms
[2024-10-12T07:55:04.705+0800][info] GC(110) User=0.00s Sys=0.00s Real=0.00s
[2024-10-12T07:55:04.869+0800][info] GC(111) Pause Young (Normal) (G1 Evacuation Pause)
[2024-10-12T07:55:04.869+0800][info] GC(111) Using 3 workers of 48 for evacuation
[2024-10-12T07:55:04.870+0800][info] GC(111)   Pre Evacuate Collection Set: 0.1ms
[2024-10-12T07:55:04.870+0800][info] GC(111)   Merge Heap Roots: 0.1ms
[2024-10-12T07:55:04.870+0800][info] GC(111)   Evacuate Collection Set: 1.2ms
[2024-10-12T07:55:04.870+0800][info] GC(111)   Post Evacuate Collection Set: 0.2ms
[2024-10-12T07:55:04.870+0800][info] GC(111)   Other: 0.2ms
[2024-10-12T07:55:04.870+0800][info] GC(111) Eden regions: 3->0(2)
[2024-10-12T07:55:04.870+0800][info] GC(111) Survivor regions: 1->1(1)
[2024-10-12T07:55:04.870+0800][info] GC(111) Old regions: 41->44
[2024-10-12T07:55:04.870+0800][info] GC(111) Archive regions: 2->2
[2024-10-12T07:55:04.871+0800][info] GC(111) Humongous regions: 2->2
[2024-10-12T07:55:04.871+0800][info] GC(111) Metaspace: 1570K(1728K)->1570K(1728K) NonClass: 1446K(1536K)->1446K(1536K) Class: 124K(192K)->124K(192K)
[2024-10-12T07:55:04.871+0800][info] GC(111) Pause Young (Normal) (G1 Evacuation Pause) 82M->83M(128M) 1.979ms
[2024-10-12T07:55:04.871+0800][info] GC(111) User=0.01s Sys=0.00s Real=0.00s
[2024-10-12T07:55:04.973+0800][info] GC(112) Pause Young (Normal) (G1 Evacuation Pause)
[2024-10-12T07:55:04.973+0800][info] GC(112) Using 3 workers of 48 for evacuation
[2024-10-12T07:55:04.975+0800][info] GC(112)   Pre Evacuate Collection Set: 0.1ms
[2024-10-12T07:55:04.975+0800][info] GC(112)   Merge Heap Roots: 0.1ms
[2024-10-12T07:55:04.975+0800][info] GC(112)   Evacuate Collection Set: 0.9ms
[2024-10-12T07:55:04.975+0800][info] GC(112)   Post Evacuate Collection Set: 0.2ms
[2024-10-12T07:55:04.975+0800][info] GC(112)   Other: 0.2ms
[2024-10-12T07:55:04.975+0800][info] GC(112) Eden regions: 2->0(2)
[2024-10-12T07:55:04.975+0800][info] GC(112) Survivor regions: 1->1(1)
[2024-10-12T07:55:04.975+0800][info] GC(112) Old regions: 44->46
[2024-10-12T07:55:04.975+0800][info] GC(112) Archive regions: 2->2
[2024-10-12T07:55:04.975+0800][info] GC(112) Humongous regions: 2->2
[2024-10-12T07:55:04.975+0800][info] GC(112) Metaspace: 1570K(1728K)->1570K(1728K) NonClass: 1446K(1536K)->1446K(1536K) Class: 124K(192K)->124K(192K)
[2024-10-12T07:55:04.975+0800][info] GC(112) Pause Young (Normal) (G1 Evacuation Pause) 86M->87M(128M) 1.503ms
[2024-10-12T07:55:04.975+0800][info] GC(112) User=0.01s Sys=0.00s Real=0.00s
[2024-10-12T07:55:05.077+0800][info] GC(113) Pause Young (Normal) (G1 Evacuation Pause)
[2024-10-12T07:55:05.077+0800][info] GC(113) Using 3 workers of 48 for evacuation
[2024-10-12T07:55:05.078+0800][info] GC(113)   Pre Evacuate Collection Set: 0.1ms
[2024-10-12T07:55:05.078+0800][info] GC(113)   Merge Heap Roots: 0.0ms
[2024-10-12T07:55:05.078+0800][info] GC(113)   Evacuate Collection Set: 1.1ms
[2024-10-12T07:55:05.078+0800][info] GC(113)   Post Evacuate Collection Set: 0.2ms
[2024-10-12T07:55:05.078+0800][info] GC(113)   Other: 0.2ms
[2024-10-12T07:55:05.078+0800][info] GC(113) Eden regions: 2->0(2)
[2024-10-12T07:55:05.078+0800][info] GC(113) Survivor regions: 1->1(1)
[2024-10-12T07:55:05.078+0800][info] GC(113) Old regions: 46->48
[2024-10-12T07:55:05.078+0800][info] GC(113) Archive regions: 2->2
[2024-10-12T07:55:05.078+0800][info] GC(113) Humongous regions: 2->2
[2024-10-12T07:55:05.078+0800][info] GC(113) Metaspace: 1570K(1728K)->1570K(1728K) NonClass: 1446K(1536K)->1446K(1536K) Class: 124K(192K)->124K(192K)
[2024-10-12T07:55:05.078+0800][info] GC(113) Pause Young (Normal) (G1 Evacuation Pause) 91M->91M(128M) 1.740ms
[2024-10-12T07:55:05.078+0800][info] GC(113) User=0.00s Sys=0.00s Real=0.00s
[2024-10-12T07:55:05.181+0800][info] GC(114) Pause Young (Concurrent Start) (G1 Evacuation Pause)
[2024-10-12T07:55:05.181+0800][info] GC(114) Using 3 workers of 48 for evacuation
[2024-10-12T07:55:05.183+0800][info] GC(114)   Pre Evacuate Collection Set: 0.1ms
[2024-10-12T07:55:05.183+0800][info] GC(114)   Merge Heap Roots: 0.1ms
[2024-10-12T07:55:05.183+0800][info] GC(114)   Evacuate Collection Set: 1.2ms
[2024-10-12T07:55:05.183+0800][info] GC(114)   Post Evacuate Collection Set: 0.2ms
[2024-10-12T07:55:05.183+0800][info] GC(114)   Other: 0.4ms
[2024-10-12T07:55:05.183+0800][info] GC(114) Eden regions: 2->0(2)
[2024-10-12T07:55:05.183+0800][info] GC(114) Survivor regions: 1->1(1)
[2024-10-12T07:55:05.183+0800][info] GC(114) Old regions: 48->50
[2024-10-12T07:55:05.183+0800][info] GC(114) Archive regions: 2->2
[2024-10-12T07:55:05.183+0800][info] GC(114) Humongous regions: 2->2
[2024-10-12T07:55:05.183+0800][info] GC(114) Metaspace: 1582K(1728K)->1582K(1728K) NonClass: 1458K(1536K)->1458K(1536K) Class: 124K(192K)->124K(192K)
[2024-10-12T07:55:05.183+0800][info] GC(114) Pause Young (Concurrent Start) (G1 Evacuation Pause) 94M->95M(128M) 1.995ms
[2024-10-12T07:55:05.183+0800][info] GC(114) User=0.00s Sys=0.00s Real=0.00s
[2024-10-12T07:55:05.183+0800][info] GC(115) Concurrent Mark Cycle
[2024-10-12T07:55:05.183+0800][info] GC(115) Concurrent Clear Claimed Marks
[2024-10-12T07:55:05.183+0800][info] GC(115) Concurrent Clear Claimed Marks 0.016ms
[2024-10-12T07:55:05.183+0800][info] GC(115) Concurrent Scan Root Regions
[2024-10-12T07:55:05.183+0800][info] GC(115) Concurrent Scan Root Regions 0.091ms
[2024-10-12T07:55:05.183+0800][info] GC(115) Concurrent Mark
[2024-10-12T07:55:05.183+0800][info] GC(115) Concurrent Mark From Roots
[2024-10-12T07:55:05.183+0800][info] GC(115) Using 12 workers of 12 for marking
[2024-10-12T07:55:05.188+0800][info] GC(115) Concurrent Mark From Roots 4.256ms
[2024-10-12T07:55:05.188+0800][info] GC(115) Concurrent Preclean
[2024-10-12T07:55:05.189+0800][info] GC(115) Concurrent Preclean 1.697ms
[2024-10-12T07:55:05.189+0800][info] GC(115) Pause Remark
[2024-10-12T07:55:05.191+0800][info] GC(115) Pause Remark 95M->95M(128M) 1.363ms
[2024-10-12T07:55:05.191+0800][info] GC(115) User=0.01s Sys=0.00s Real=0.00s
[2024-10-12T07:55:05.191+0800][info] GC(115) Concurrent Mark 7.579ms
[2024-10-12T07:55:05.191+0800][info] GC(115) Concurrent Rebuild Remembered Sets
[2024-10-12T07:55:05.192+0800][info] GC(115) Concurrent Rebuild Remembered Sets 1.298ms
[2024-10-12T07:55:05.192+0800][info] GC(115) Pause Cleanup
[2024-10-12T07:55:05.193+0800][info] GC(115) Pause Cleanup 95M->95M(128M) 0.300ms
[2024-10-12T07:55:05.193+0800][info] GC(115) User=0.00s Sys=0.00s Real=0.00s
[2024-10-12T07:55:05.193+0800][info] GC(115) Concurrent Cleanup for Next Mark
[2024-10-12T07:55:05.193+0800][info] GC(115) Concurrent Cleanup for Next Mark 0.409ms
[2024-10-12T07:55:05.193+0800][info] GC(115) Concurrent Mark Cycle 10.046ms
[2024-10-12T07:55:05.337+0800][info] GC(116) Pause Young (Prepare Mixed) (G1 Evacuation Pause)
[2024-10-12T07:55:05.337+0800][info] GC(116) Using 3 workers of 48 for evacuation
[2024-10-12T07:55:05.338+0800][info] GC(116)   Pre Evacuate Collection Set: 0.1ms
[2024-10-12T07:55:05.338+0800][info] GC(116)   Merge Heap Roots: 0.1ms
[2024-10-12T07:55:05.338+0800][info] GC(116)   Evacuate Collection Set: 1.1ms
[2024-10-12T07:55:05.338+0800][info] GC(116)   Post Evacuate Collection Set: 0.2ms
[2024-10-12T07:55:05.338+0800][info] GC(116)   Other: 0.2ms
[2024-10-12T07:55:05.338+0800][info] GC(116) Eden regions: 2->0(2)
[2024-10-12T07:55:05.338+0800][info] GC(116) Survivor regions: 1->1(1)
[2024-10-12T07:55:05.338+0800][info] GC(116) Old regions: 50->52
[2024-10-12T07:55:05.338+0800][info] GC(116) Archive regions: 2->2
[2024-10-12T07:55:05.338+0800][info] GC(116) Humongous regions: 2->2
[2024-10-12T07:55:05.338+0800][info] GC(116) Metaspace: 1582K(1728K)->1582K(1728K) NonClass: 1458K(1536K)->1458K(1536K) Class: 124K(192K)->124K(192K)
[2024-10-12T07:55:05.339+0800][info] GC(116) Pause Young (Prepare Mixed) (G1 Evacuation Pause) 98M->99M(128M) 1.855ms
[2024-10-12T07:55:05.339+0800][info] GC(116) User=0.01s Sys=0.00s Real=0.00s
[2024-10-12T07:55:05.441+0800][info] GC(117) Pause Young (Mixed) (G1 Preventive Collection)
[2024-10-12T07:55:05.441+0800][info] GC(117) Using 3 workers of 48 for evacuation
[2024-10-12T07:55:05.443+0800][info] GC(117)   Pre Evacuate Collection Set: 0.1ms
[2024-10-12T07:55:05.443+0800][info] GC(117)   Merge Heap Roots: 0.1ms
[2024-10-12T07:55:05.443+0800][info] GC(117)   Evacuate Collection Set: 1.5ms
[2024-10-12T07:55:05.443+0800][info] GC(117)   Post Evacuate Collection Set: 0.2ms
[2024-10-12T07:55:05.443+0800][info] GC(117)   Other: 0.2ms
[2024-10-12T07:55:05.443+0800][info] GC(117) Eden regions: 2->0(2)
[2024-10-12T07:55:05.443+0800][info] GC(117) Survivor regions: 1->1(1)
[2024-10-12T07:55:05.444+0800][info] GC(117) Old regions: 52->49
[2024-10-12T07:55:05.444+0800][info] GC(117) Archive regions: 2->2
[2024-10-12T07:55:05.444+0800][info] GC(117) Humongous regions: 2->2
[2024-10-12T07:55:05.444+0800][info] GC(117) Metaspace: 1582K(1728K)->1582K(1728K) NonClass: 1458K(1536K)->1458K(1536K) Class: 124K(192K)->124K(192K)
[2024-10-12T07:55:05.444+0800][info] GC(117) Pause Young (Mixed) (G1 Preventive Collection) 102M->96M(128M) 2.277ms
[2024-10-12T07:55:05.444+0800][info] GC(117) User=0.01s Sys=0.00s Real=0.00s
[2024-10-12T07:55:05.546+0800][info] GC(118) Pause Young (Mixed) (G1 Evacuation Pause)
[2024-10-12T07:55:05.546+0800][info] GC(118) Using 3 workers of 48 for evacuation
[2024-10-12T07:55:05.548+0800][info] GC(118)   Pre Evacuate Collection Set: 0.1ms
[2024-10-12T07:55:05.548+0800][info] GC(118)   Merge Heap Roots: 0.1ms
[2024-10-12T07:55:05.548+0800][info] GC(118)   Evacuate Collection Set: 1.6ms
[2024-10-12T07:55:05.548+0800][info] GC(118)   Post Evacuate Collection Set: 0.2ms
[2024-10-12T07:55:05.548+0800][info] GC(118)   Other: 0.2ms
[2024-10-12T07:55:05.548+0800][info] GC(118) Eden regions: 2->0(2)
[2024-10-12T07:55:05.548+0800][info] GC(118) Survivor regions: 1->1(1)
[2024-10-12T07:55:05.548+0800][info] GC(118) Old regions: 49->48
[2024-10-12T07:55:05.548+0800][info] GC(118) Archive regions: 2->2
[2024-10-12T07:55:05.548+0800][info] GC(118) Humongous regions: 2->2
[2024-10-12T07:55:05.548+0800][info] GC(118) Metaspace: 1582K(1728K)->1582K(1728K) NonClass: 1458K(1536K)->1458K(1536K) Class: 124K(192K)->124K(192K)
[2024-10-12T07:55:05.548+0800][info] GC(118) Pause Young (Mixed) (G1 Evacuation Pause) 100M->96M(128M) 2.265ms
[2024-10-12T07:55:05.548+0800][info] GC(118) User=0.00s Sys=0.00s Real=0.00s
[2024-10-12T07:55:05.651+0800][info] GC(119) Pause Young (Normal) (G1 Evacuation Pause)
[2024-10-12T07:55:05.651+0800][info] GC(119) Using 3 workers of 48 for evacuation
[2024-10-12T07:55:05.652+0800][info] GC(119)   Pre Evacuate Collection Set: 0.1ms
[2024-10-12T07:55:05.652+0800][info] GC(119)   Merge Heap Roots: 0.1ms
[2024-10-12T07:55:05.652+0800][info] GC(119)   Evacuate Collection Set: 0.9ms
[2024-10-12T07:55:05.652+0800][info] GC(119)   Post Evacuate Collection Set: 0.2ms
[2024-10-12T07:55:05.652+0800][info] GC(119)   Other: 0.2ms
[2024-10-12T07:55:05.652+0800][info] GC(119) Eden regions: 2->0(2)
[2024-10-12T07:55:05.652+0800][info] GC(119) Survivor regions: 1->1(1)
[2024-10-12T07:55:05.652+0800][info] GC(119) Old regions: 48->50
[2024-10-12T07:55:05.652+0800][info] GC(119) Archive regions: 2->2
[2024-10-12T07:55:05.652+0800][info] GC(119) Humongous regions: 2->2
[2024-10-12T07:55:05.652+0800][info] GC(119) Metaspace: 1582K(1728K)->1582K(1728K) NonClass: 1458K(1536K)->1458K(1536K) Class: 124K(192K)->124K(192K)
[2024-10-12T07:55:05.652+0800][info] GC(119) Pause Young (Normal) (G1 Evacuation Pause) 99M->100M(128M) 1.516ms
[2024-10-12T07:55:05.652+0800][info] GC(119) User=0.00s Sys=0.00s Real=0.00s
[2024-10-12T07:55:05.755+0800][info] GC(120) Pause Young (Concurrent Start) (G1 Evacuation Pause)
[2024-10-12T07:55:05.755+0800][info] GC(120) Using 3 workers of 48 for evacuation
[2024-10-12T07:55:05.756+0800][info] GC(120)   Pre Evacuate Collection Set: 0.1ms
[2024-10-12T07:55:05.756+0800][info] GC(120)   Merge Heap Roots: 0.1ms
[2024-10-12T07:55:05.756+0800][info] GC(120)   Evacuate Collection Set: 0.9ms
[2024-10-12T07:55:05.756+0800][info] GC(120)   Post Evacuate Collection Set: 0.2ms
[2024-10-12T07:55:05.756+0800][info] GC(120)   Other: 0.4ms
[2024-10-12T07:55:05.756+0800][info] GC(120) Eden regions: 2->0(2)
[2024-10-12T07:55:05.756+0800][info] GC(120) Survivor regions: 1->1(1)
[2024-10-12T07:55:05.756+0800][info] GC(120) Old regions: 50->52
[2024-10-12T07:55:05.756+0800][info] GC(120) Archive regions: 2->2
[2024-10-12T07:55:05.756+0800][info] GC(120) Humongous regions: 2->2
[2024-10-12T07:55:05.756+0800][info] GC(120) Metaspace: 1582K(1728K)->1582K(1728K) NonClass: 1458K(1536K)->1458K(1536K) Class: 124K(192K)->124K(192K)
[2024-10-12T07:55:05.756+0800][info] GC(120) Pause Young (Concurrent Start) (G1 Evacuation Pause) 103M->103M(128M) 1.752ms
[2024-10-12T07:55:05.756+0800][info] GC(120) User=0.01s Sys=0.00s Real=0.00s
[2024-10-12T07:55:05.756+0800][info] GC(121) Concurrent Mark Cycle
[2024-10-12T07:55:05.756+0800][info] GC(121) Concurrent Clear Claimed Marks
[2024-10-12T07:55:05.756+0800][info] GC(121) Concurrent Clear Claimed Marks 0.017ms
[2024-10-12T07:55:05.756+0800][info] GC(121) Concurrent Scan Root Regions
[2024-10-12T07:55:05.757+0800][info] GC(121) Concurrent Scan Root Regions 0.145ms
[2024-10-12T07:55:05.757+0800][info] GC(121) Concurrent Mark
[2024-10-12T07:55:05.757+0800][info] GC(121) Concurrent Mark From Roots
[2024-10-12T07:55:05.757+0800][info] GC(121) Using 12 workers of 12 for marking
[2024-10-12T07:55:05.761+0800][info] GC(121) Concurrent Mark From Roots 3.864ms
[2024-10-12T07:55:05.761+0800][info] GC(121) Concurrent Preclean
[2024-10-12T07:55:05.762+0800][info] GC(121) Concurrent Preclean 1.690ms
[2024-10-12T07:55:05.762+0800][info] GC(121) Pause Remark
[2024-10-12T07:55:05.764+0800][info] GC(121) Pause Remark 104M->102M(128M) 1.446ms
[2024-10-12T07:55:05.764+0800][info] GC(121) User=0.01s Sys=0.00s Real=0.00s
[2024-10-12T07:55:05.764+0800][info] GC(121) Concurrent Mark 7.320ms
[2024-10-12T07:55:05.764+0800][info] GC(121) Concurrent Rebuild Remembered Sets
[2024-10-12T07:55:05.765+0800][info] GC(121) Concurrent Rebuild Remembered Sets 1.268ms
[2024-10-12T07:55:05.765+0800][info] GC(121) Pause Cleanup
[2024-10-12T07:55:05.766+0800][info] GC(121) Pause Cleanup 102M->102M(128M) 0.229ms
[2024-10-12T07:55:05.766+0800][info] GC(121) User=0.00s Sys=0.00s Real=0.00s
[2024-10-12T07:55:05.766+0800][info] GC(121) Concurrent Cleanup for Next Mark
[2024-10-12T07:55:05.766+0800][info] GC(121) Concurrent Cleanup for Next Mark 0.376ms
[2024-10-12T07:55:05.766+0800][info] GC(121) Concurrent Mark Cycle 9.704ms
[2024-10-12T07:55:05.910+0800][info] GC(122) Pause Young (Prepare Mixed) (G1 Evacuation Pause)
[2024-10-12T07:55:05.910+0800][info] GC(122) Using 3 workers of 48 for evacuation
[2024-10-12T07:55:05.912+0800][info] GC(122)   Pre Evacuate Collection Set: 0.1ms
[2024-10-12T07:55:05.912+0800][info] GC(122)   Merge Heap Roots: 0.1ms
[2024-10-12T07:55:05.912+0800][info] GC(122)   Evacuate Collection Set: 1.1ms
[2024-10-12T07:55:05.912+0800][info] GC(122)   Post Evacuate Collection Set: 0.2ms
[2024-10-12T07:55:05.912+0800][info] GC(122)   Other: 0.2ms
[2024-10-12T07:55:05.912+0800][info] GC(122) Eden regions: 2->0(2)
[2024-10-12T07:55:05.912+0800][info] GC(122) Survivor regions: 1->1(1)
[2024-10-12T07:55:05.912+0800][info] GC(122) Old regions: 51->53
[2024-10-12T07:55:05.912+0800][info] GC(122) Archive regions: 2->2
[2024-10-12T07:55:05.912+0800][info] GC(122) Humongous regions: 2->2
[2024-10-12T07:55:05.912+0800][info] GC(122) Metaspace: 1582K(1728K)->1582K(1728K) NonClass: 1458K(1536K)->1458K(1536K) Class: 124K(192K)->124K(192K)
[2024-10-12T07:55:05.912+0800][info] GC(122) Pause Young (Prepare Mixed) (G1 Evacuation Pause) 105M->106M(128M) 1.783ms
[2024-10-12T07:55:05.912+0800][info] GC(122) User=0.00s Sys=0.00s Real=0.00s
[2024-10-12T07:55:06.014+0800][info] GC(123) Pause Young (Mixed) (G1 Preventive Collection)
[2024-10-12T07:55:06.014+0800][info] GC(123) Using 3 workers of 48 for evacuation
[2024-10-12T07:55:06.017+0800][info] GC(123) To-space exhausted
[2024-10-12T07:55:06.017+0800][info] GC(123)   Pre Evacuate Collection Set: 0.2ms
[2024-10-12T07:55:06.017+0800][info] GC(123)   Merge Heap Roots: 0.1ms
[2024-10-12T07:55:06.017+0800][info] GC(123)   Evacuate Collection Set: 1.6ms
[2024-10-12T07:55:06.017+0800][info] GC(123)   Post Evacuate Collection Set: 0.3ms
[2024-10-12T07:55:06.017+0800][info] GC(123)   Other: 0.7ms
[2024-10-12T07:55:06.017+0800][info] GC(123) Eden regions: 2->0(2)
[2024-10-12T07:55:06.017+0800][info] GC(123) Survivor regions: 1->1(1)
[2024-10-12T07:55:06.017+0800][info] GC(123) Old regions: 53->52
[2024-10-12T07:55:06.017+0800][info] GC(123) Archive regions: 2->2
[2024-10-12T07:55:06.017+0800][info] GC(123) Humongous regions: 2->2
[2024-10-12T07:55:06.017+0800][info] GC(123) Metaspace: 1582K(1728K)->1582K(1728K) NonClass: 1458K(1536K)->1458K(1536K) Class: 124K(192K)->124K(192K)
[2024-10-12T07:55:06.017+0800][info] GC(123) Pause Young (Mixed) (G1 Preventive Collection) 109M->106M(128M) 2.921ms
[2024-10-12T07:55:06.017+0800][info] GC(123) User=0.01s Sys=0.01s Real=0.00s
[2024-10-12T07:55:06.078+0800][info] GC(124) Pause Young (Mixed) (G1 Preventive Collection)
[2024-10-12T07:55:06.078+0800][info] GC(124) Using 3 workers of 48 for evacuation
[2024-10-12T07:55:06.080+0800][info] GC(124) To-space exhausted
[2024-10-12T07:55:06.080+0800][info] GC(124)   Pre Evacuate Collection Set: 0.1ms
[2024-10-12T07:55:06.080+0800][info] GC(124)   Merge Heap Roots: 0.1ms
[2024-10-12T07:55:06.080+0800][info] GC(124)   Evacuate Collection Set: 1.6ms
[2024-10-12T07:55:06.080+0800][info] GC(124)   Post Evacuate Collection Set: 0.3ms
[2024-10-12T07:55:06.080+0800][info] GC(124)   Other: 0.2ms
[2024-10-12T07:55:06.080+0800][info] GC(124) Eden regions: 2->0(2)
[2024-10-12T07:55:06.080+0800][info] GC(124) Survivor regions: 1->1(1)
[2024-10-12T07:55:06.080+0800][info] GC(124) Old regions: 52->54
[2024-10-12T07:55:06.080+0800][info] GC(124) Archive regions: 2->2
[2024-10-12T07:55:06.080+0800][info] GC(124) Humongous regions: 2->2
[2024-10-12T07:55:06.080+0800][info] GC(124) Metaspace: 1582K(1728K)->1582K(1728K) NonClass: 1458K(1536K)->1458K(1536K) Class: 124K(192K)->124K(192K)
[2024-10-12T07:55:06.080+0800][info] GC(124) Pause Young (Mixed) (G1 Preventive Collection) 108M->110M(128M) 2.316ms
[2024-10-12T07:55:06.080+0800][info] GC(124) User=0.00s Sys=0.00s Real=0.00s
[2024-10-12T07:55:06.081+0800][info] GC(125) Pause Young (Mixed) (G1 Preventive Collection)
[2024-10-12T07:55:06.081+0800][info] GC(125) Using 3 workers of 48 for evacuation
[2024-10-12T07:55:06.083+0800][info] GC(125)   Pre Evacuate Collection Set: 0.1ms
[2024-10-12T07:55:06.083+0800][info] GC(125)   Merge Heap Roots: 0.1ms
[2024-10-12T07:55:06.083+0800][info] GC(125)   Evacuate Collection Set: 1.3ms
[2024-10-12T07:55:06.083+0800][info] GC(125)   Post Evacuate Collection Set: 0.2ms
[2024-10-12T07:55:06.083+0800][info] GC(125)   Other: 0.1ms
[2024-10-12T07:55:06.083+0800][info] GC(125) Eden regions: 0->0(3)
[2024-10-12T07:55:06.083+0800][info] GC(125) Survivor regions: 1->0(1)
[2024-10-12T07:55:06.083+0800][info] GC(125) Old regions: 54->54
[2024-10-12T07:55:06.083+0800][info] GC(125) Archive regions: 2->2
[2024-10-12T07:55:06.083+0800][info] GC(125) Humongous regions: 3->2
[2024-10-12T07:55:06.083+0800][info] GC(125) Metaspace: 1582K(1728K)->1582K(1728K) NonClass: 1458K(1536K)->1458K(1536K) Class: 124K(192K)->124K(192K)
[2024-10-12T07:55:06.083+0800][info] GC(125) Pause Young (Mixed) (G1 Preventive Collection) 112M->108M(128M) 2.003ms
[2024-10-12T07:55:06.083+0800][info] GC(125) User=0.00s Sys=0.00s Real=0.00s
[2024-10-12T07:55:06.268+0800][info] GC(126) Pause Young (Concurrent Start) (G1 Preventive Collection)
[2024-10-12T07:55:06.268+0800][info] GC(126) Using 3 workers of 48 for evacuation
[2024-10-12T07:55:06.270+0800][info] GC(126)   Pre Evacuate Collection Set: 0.1ms
[2024-10-12T07:55:06.270+0800][info] GC(126)   Merge Heap Roots: 0.1ms
[2024-10-12T07:55:06.270+0800][info] GC(126)   Evacuate Collection Set: 1.1ms
[2024-10-12T07:55:06.270+0800][info] GC(126)   Post Evacuate Collection Set: 0.2ms
[2024-10-12T07:55:06.270+0800][info] GC(126)   Other: 0.4ms
[2024-10-12T07:55:06.270+0800][info] GC(126) Eden regions: 3->0(2)
[2024-10-12T07:55:06.270+0800][info] GC(126) Survivor regions: 0->1(1)
[2024-10-12T07:55:06.270+0800][info] GC(126) Old regions: 54->56
[2024-10-12T07:55:06.270+0800][info] GC(126) Archive regions: 2->2
[2024-10-12T07:55:06.270+0800][info] GC(126) Humongous regions: 2->2
[2024-10-12T07:55:06.270+0800][info] GC(126) Metaspace: 1582K(1728K)->1582K(1728K) NonClass: 1458K(1536K)->1458K(1536K) Class: 124K(192K)->124K(192K)
[2024-10-12T07:55:06.270+0800][info] GC(126) Pause Young (Concurrent Start) (G1 Preventive Collection) 113M->114M(128M) 1.942ms
[2024-10-12T07:55:06.270+0800][info] GC(126) User=0.00s Sys=0.00s Real=0.00s
[2024-10-12T07:55:06.270+0800][info] GC(127) Concurrent Mark Cycle
[2024-10-12T07:55:06.270+0800][info] GC(127) Concurrent Clear Claimed Marks
[2024-10-12T07:55:06.270+0800][info] GC(127) Concurrent Clear Claimed Marks 0.016ms
[2024-10-12T07:55:06.270+0800][info] GC(127) Concurrent Scan Root Regions
[2024-10-12T07:55:06.270+0800][info] GC(127) Concurrent Scan Root Regions 0.153ms
[2024-10-12T07:55:06.270+0800][info] GC(127) Concurrent Mark
[2024-10-12T07:55:06.270+0800][info] GC(127) Concurrent Mark From Roots
[2024-10-12T07:55:06.270+0800][info] GC(127) Using 12 workers of 12 for marking
[2024-10-12T07:55:06.274+0800][info] GC(127) Concurrent Mark From Roots 3.955ms
[2024-10-12T07:55:06.274+0800][info] GC(127) Concurrent Preclean
[2024-10-12T07:55:06.276+0800][info] GC(127) Concurrent Preclean 1.676ms
[2024-10-12T07:55:06.276+0800][info] GC(127) Pause Remark
[2024-10-12T07:55:06.277+0800][info] GC(127) Pause Remark 115M->108M(128M) 1.425ms
[2024-10-12T07:55:06.277+0800][info] GC(127) User=0.01s Sys=0.00s Real=0.00s
[2024-10-12T07:55:06.277+0800][info] GC(127) Concurrent Mark 7.359ms
[2024-10-12T07:55:06.277+0800][info] GC(127) Concurrent Rebuild Remembered Sets
[2024-10-12T07:55:06.279+0800][info] GC(127) Concurrent Rebuild Remembered Sets 1.545ms
[2024-10-12T07:55:06.279+0800][info] GC(127) Pause Cleanup
[2024-10-12T07:55:06.279+0800][info] GC(127) Pause Cleanup 108M->108M(128M) 0.303ms
[2024-10-12T07:55:06.279+0800][info] GC(127) User=0.00s Sys=0.00s Real=0.00s
[2024-10-12T07:55:06.280+0800][info] GC(127) Concurrent Cleanup for Next Mark
[2024-10-12T07:55:06.280+0800][info] GC(127) Concurrent Cleanup for Next Mark 0.393ms
[2024-10-12T07:55:06.280+0800][info] GC(127) Concurrent Mark Cycle 10.126ms
[2024-10-12T07:55:06.424+0800][info] GC(128) Pause Young (Prepare Mixed) (G1 Evacuation Pause)
[2024-10-12T07:55:06.424+0800][info] GC(128) Using 3 workers of 48 for evacuation
[2024-10-12T07:55:06.426+0800][info] GC(128)   Pre Evacuate Collection Set: 0.1ms
[2024-10-12T07:55:06.426+0800][info] GC(128)   Merge Heap Roots: 0.1ms
[2024-10-12T07:55:06.426+0800][info] GC(128)   Evacuate Collection Set: 1.2ms
[2024-10-12T07:55:06.426+0800][info] GC(128)   Post Evacuate Collection Set: 0.2ms
[2024-10-12T07:55:06.426+0800][info] GC(128)   Other: 0.2ms
[2024-10-12T07:55:06.426+0800][info] GC(128) Eden regions: 2->0(2)
[2024-10-12T07:55:06.426+0800][info] GC(128) Survivor regions: 1->1(1)
[2024-10-12T07:55:06.426+0800][info] GC(128) Old regions: 52->54
[2024-10-12T07:55:06.426+0800][info] GC(128) Archive regions: 2->2
[2024-10-12T07:55:06.426+0800][info] GC(128) Humongous regions: 2->2
[2024-10-12T07:55:06.426+0800][info] GC(128) Metaspace: 1582K(1792K)->1582K(1792K) NonClass: 1458K(1600K)->1458K(1600K) Class: 124K(192K)->124K(192K)
[2024-10-12T07:55:06.426+0800][info] GC(128) Pause Young (Prepare Mixed) (G1 Evacuation Pause) 111M->111M(128M) 1.899ms
[2024-10-12T07:55:06.426+0800][info] GC(128) User=0.00s Sys=0.00s Real=0.01s
[2024-10-12T07:55:06.487+0800][info] GC(129) Pause Young (Mixed) (G1 Preventive Collection)
[2024-10-12T07:55:06.487+0800][info] GC(129) Using 3 workers of 48 for evacuation
[2024-10-12T07:55:06.489+0800][info] GC(129)   Pre Evacuate Collection Set: 0.1ms
[2024-10-12T07:55:06.489+0800][info] GC(129)   Merge Heap Roots: 0.1ms
[2024-10-12T07:55:06.489+0800][info] GC(129)   Evacuate Collection Set: 1.4ms
[2024-10-12T07:55:06.489+0800][info] GC(129)   Post Evacuate Collection Set: 0.2ms
[2024-10-12T07:55:06.489+0800][info] GC(129)   Other: 0.2ms
[2024-10-12T07:55:06.489+0800][info] GC(129) Eden regions: 1->0(2)
[2024-10-12T07:55:06.489+0800][info] GC(129) Survivor regions: 1->1(1)
[2024-10-12T07:55:06.489+0800][info] GC(129) Old regions: 54->50
[2024-10-12T07:55:06.489+0800][info] GC(129) Archive regions: 2->2
[2024-10-12T07:55:06.489+0800][info] GC(129) Humongous regions: 2->2
[2024-10-12T07:55:06.489+0800][info] GC(129) Metaspace: 1582K(1792K)->1582K(1792K) NonClass: 1458K(1600K)->1458K(1600K) Class: 124K(192K)->124K(192K)
[2024-10-12T07:55:06.489+0800][info] GC(129) Pause Young (Mixed) (G1 Preventive Collection) 113M->103M(128M) 2.123ms
[2024-10-12T07:55:06.489+0800][info] GC(129) User=0.01s Sys=0.00s Real=0.00s
[2024-10-12T07:55:06.592+0800][info] GC(130) Pause Young (Mixed) (G1 Evacuation Pause)
[2024-10-12T07:55:06.592+0800][info] GC(130) Using 3 workers of 48 for evacuation
[2024-10-12T07:55:06.595+0800][info] GC(130)   Pre Evacuate Collection Set: 0.1ms
[2024-10-12T07:55:06.595+0800][info] GC(130)   Merge Heap Roots: 0.1ms
[2024-10-12T07:55:06.595+0800][info] GC(130)   Evacuate Collection Set: 2.2ms
[2024-10-12T07:55:06.595+0800][info] GC(130)   Post Evacuate Collection Set: 0.2ms
[2024-10-12T07:55:06.595+0800][info] GC(130)   Other: 0.2ms
[2024-10-12T07:55:06.595+0800][info] GC(130) Eden regions: 2->0(2)
[2024-10-12T07:55:06.595+0800][info] GC(130) Survivor regions: 1->1(1)
[2024-10-12T07:55:06.595+0800][info] GC(130) Old regions: 50->48
[2024-10-12T07:55:06.595+0800][info] GC(130) Archive regions: 2->2
[2024-10-12T07:55:06.595+0800][info] GC(130) Humongous regions: 2->2
[2024-10-12T07:55:06.595+0800][info] GC(130) Metaspace: 1583K(1792K)->1583K(1792K) NonClass: 1459K(1600K)->1459K(1600K) Class: 124K(192K)->124K(192K)
[2024-10-12T07:55:06.595+0800][info] GC(130) Pause Young (Mixed) (G1 Evacuation Pause) 107M->99M(128M) 2.915ms
[2024-10-12T07:55:06.595+0800][info] GC(130) User=0.01s Sys=0.00s Real=0.01s
[2024-10-12T07:55:06.697+0800][info] GC(131) Pause Young (Mixed) (G1 Evacuation Pause)
[2024-10-12T07:55:06.697+0800][info] GC(131) Using 3 workers of 48 for evacuation
[2024-10-12T07:55:06.699+0800][info] GC(131)   Pre Evacuate Collection Set: 0.2ms
[2024-10-12T07:55:06.699+0800][info] GC(131)   Merge Heap Roots: 0.1ms
[2024-10-12T07:55:06.699+0800][info] GC(131)   Evacuate Collection Set: 1.5ms
[2024-10-12T07:55:06.699+0800][info] GC(131)   Post Evacuate Collection Set: 0.2ms
[2024-10-12T07:55:06.699+0800][info] GC(131)   Other: 0.2ms
[2024-10-12T07:55:06.699+0800][info] GC(131) Eden regions: 2->0(2)
[2024-10-12T07:55:06.699+0800][info] GC(131) Survivor regions: 1->1(1)
[2024-10-12T07:55:06.699+0800][info] GC(131) Old regions: 48->49
[2024-10-12T07:55:06.699+0800][info] GC(131) Archive regions: 2->2
[2024-10-12T07:55:06.699+0800][info] GC(131) Humongous regions: 2->2
[2024-10-12T07:55:06.699+0800][info] GC(131) Metaspace: 1583K(1792K)->1583K(1792K) NonClass: 1459K(1600K)->1459K(1600K) Class: 124K(192K)->124K(192K)
[2024-10-12T07:55:06.699+0800][info] GC(131) Pause Young (Mixed) (G1 Evacuation Pause) 103M->102M(128M) 2.327ms
[2024-10-12T07:55:06.699+0800][info] GC(131) User=0.00s Sys=0.00s Real=0.00s
[2024-10-12T07:55:06.802+0800][info] GC(132) Pause Young (Normal) (G1 Evacuation Pause)
[2024-10-12T07:55:06.802+0800][info] GC(132) Using 3 workers of 48 for evacuation
[2024-10-12T07:55:06.804+0800][info] GC(132)   Pre Evacuate Collection Set: 0.1ms
[2024-10-12T07:55:06.804+0800][info] GC(132)   Merge Heap Roots: 0.1ms
[2024-10-12T07:55:06.804+0800][info] GC(132)   Evacuate Collection Set: 1.0ms
[2024-10-12T07:55:06.804+0800][info] GC(132)   Post Evacuate Collection Set: 0.2ms
[2024-10-12T07:55:06.804+0800][info] GC(132)   Other: 0.2ms
[2024-10-12T07:55:06.804+0800][info] GC(132) Eden regions: 2->0(2)
[2024-10-12T07:55:06.804+0800][info] GC(132) Survivor regions: 1->1(1)
[2024-10-12T07:55:06.804+0800][info] GC(132) Old regions: 49->51
[2024-10-12T07:55:06.804+0800][info] GC(132) Archive regions: 2->2
[2024-10-12T07:55:06.804+0800][info] GC(132) Humongous regions: 2->2
[2024-10-12T07:55:06.804+0800][info] GC(132) Metaspace: 1587K(1792K)->1587K(1792K) NonClass: 1463K(1600K)->1463K(1600K) Class: 124K(192K)->124K(192K)
[2024-10-12T07:55:06.804+0800][info] GC(132) Pause Young (Normal) (G1 Evacuation Pause) 105M->106M(128M) 1.667ms
[2024-10-12T07:55:06.804+0800][info] GC(132) User=0.01s Sys=0.00s Real=0.00s
[2024-10-12T07:55:06.906+0800][info] GC(133) Pause Young (Concurrent Start) (G1 Evacuation Pause)
[2024-10-12T07:55:06.906+0800][info] GC(133) Using 3 workers of 48 for evacuation
[2024-10-12T07:55:06.908+0800][info] GC(133)   Pre Evacuate Collection Set: 0.1ms
[2024-10-12T07:55:06.908+0800][info] GC(133)   Merge Heap Roots: 0.1ms
[2024-10-12T07:55:06.908+0800][info] GC(133)   Evacuate Collection Set: 1.0ms
[2024-10-12T07:55:06.908+0800][info] GC(133)   Post Evacuate Collection Set: 0.2ms
[2024-10-12T07:55:06.908+0800][info] GC(133)   Other: 0.4ms
[2024-10-12T07:55:06.908+0800][info] GC(133) Eden regions: 2->0(2)
[2024-10-12T07:55:06.908+0800][info] GC(133) Survivor regions: 1->1(1)
[2024-10-12T07:55:06.908+0800][info] GC(133) Old regions: 51->53
[2024-10-12T07:55:06.908+0800][info] GC(133) Archive regions: 2->2
[2024-10-12T07:55:06.908+0800][info] GC(133) Humongous regions: 2->2
[2024-10-12T07:55:06.908+0800][info] GC(133) Metaspace: 1587K(1792K)->1587K(1792K) NonClass: 1463K(1600K)->1463K(1600K) Class: 124K(192K)->124K(192K)
[2024-10-12T07:55:06.908+0800][info] GC(133) Pause Young (Concurrent Start) (G1 Evacuation Pause) 109M->110M(128M) 1.848ms
[2024-10-12T07:55:06.908+0800][info] GC(133) User=0.00s Sys=0.00s Real=0.00s
[2024-10-12T07:55:06.908+0800][info] GC(134) Concurrent Mark Cycle
[2024-10-12T07:55:06.908+0800][info] GC(134) Concurrent Clear Claimed Marks
[2024-10-12T07:55:06.908+0800][info] GC(134) Concurrent Clear Claimed Marks 0.016ms
[2024-10-12T07:55:06.908+0800][info] GC(134) Concurrent Scan Root Regions
[2024-10-12T07:55:06.908+0800][info] GC(134) Concurrent Scan Root Regions 0.115ms
[2024-10-12T07:55:06.908+0800][info] GC(134) Concurrent Mark
[2024-10-12T07:55:06.908+0800][info] GC(134) Concurrent Mark From Roots
[2024-10-12T07:55:06.908+0800][info] GC(134) Using 12 workers of 12 for marking
[2024-10-12T07:55:06.912+0800][info] GC(134) Concurrent Mark From Roots 4.082ms
[2024-10-12T07:55:06.912+0800][info] GC(134) Concurrent Preclean
[2024-10-12T07:55:06.914+0800][info] GC(134) Concurrent Preclean 1.684ms
[2024-10-12T07:55:06.914+0800][info] GC(134) Pause Remark
[2024-10-12T07:55:06.916+0800][info] GC(134) Pause Remark 110M->109M(128M) 1.430ms
[2024-10-12T07:55:06.916+0800][info] GC(134) User=0.00s Sys=0.01s Real=0.00s
[2024-10-12T07:55:06.916+0800][info] GC(134) Concurrent Mark 7.444ms
[2024-10-12T07:55:06.916+0800][info] GC(134) Concurrent Rebuild Remembered Sets
[2024-10-12T07:55:06.917+0800][info] GC(134) Concurrent Rebuild Remembered Sets 1.257ms
[2024-10-12T07:55:06.917+0800][info] GC(134) Pause Cleanup
[2024-10-12T07:55:06.917+0800][info] GC(134) Pause Cleanup 109M->109M(128M) 0.205ms
[2024-10-12T07:55:06.917+0800][info] GC(134) User=0.00s Sys=0.00s Real=0.00s
[2024-10-12T07:55:06.917+0800][info] GC(134) Concurrent Cleanup for Next Mark
[2024-10-12T07:55:06.918+0800][info] GC(134) Concurrent Cleanup for Next Mark 0.421ms
[2024-10-12T07:55:06.918+0800][info] GC(134) Concurrent Mark Cycle 9.744ms
[2024-10-12T07:55:07.062+0800][info] GC(135) Pause Young (Prepare Mixed) (G1 Evacuation Pause)
[2024-10-12T07:55:07.062+0800][info] GC(135) Using 3 workers of 48 for evacuation
[2024-10-12T07:55:07.063+0800][info] GC(135)   Pre Evacuate Collection Set: 0.1ms
[2024-10-12T07:55:07.063+0800][info] GC(135)   Merge Heap Roots: 0.1ms
[2024-10-12T07:55:07.063+0800][info] GC(135)   Evacuate Collection Set: 1.0ms
[2024-10-12T07:55:07.063+0800][info] GC(135)   Post Evacuate Collection Set: 0.2ms
[2024-10-12T07:55:07.064+0800][info] GC(135)   Other: 0.2ms
[2024-10-12T07:55:07.064+0800][info] GC(135) Eden regions: 2->0(2)
[2024-10-12T07:55:07.064+0800][info] GC(135) Survivor regions: 1->1(1)
[2024-10-12T07:55:07.064+0800][info] GC(135) Old regions: 52->53
[2024-10-12T07:55:07.064+0800][info] GC(135) Archive regions: 2->2
[2024-10-12T07:55:07.064+0800][info] GC(135) Humongous regions: 2->2
[2024-10-12T07:55:07.064+0800][info] GC(135) Metaspace: 1587K(1792K)->1587K(1792K) NonClass: 1463K(1600K)->1463K(1600K) Class: 124K(192K)->124K(192K)
[2024-10-12T07:55:07.064+0800][info] GC(135) Pause Young (Prepare Mixed) (G1 Evacuation Pause) 112M->111M(128M) 1.731ms
[2024-10-12T07:55:07.064+0800][info] GC(135) User=0.00s Sys=0.00s Real=0.00s
[2024-10-12T07:55:07.166+0800][info] GC(136) Pause Young (Mixed) (G1 Preventive Collection)
[2024-10-12T07:55:07.166+0800][info] GC(136) Using 3 workers of 48 for evacuation
[2024-10-12T07:55:07.168+0800][info] GC(136) To-space exhausted
[2024-10-12T07:55:07.168+0800][info] GC(136)   Pre Evacuate Collection Set: 0.1ms
[2024-10-12T07:55:07.168+0800][info] GC(136)   Merge Heap Roots: 0.1ms
[2024-10-12T07:55:07.168+0800][info] GC(136)   Evacuate Collection Set: 1.4ms
[2024-10-12T07:55:07.168+0800][info] GC(136)   Post Evacuate Collection Set: 0.3ms
[2024-10-12T07:55:07.168+0800][info] GC(136)   Other: 0.2ms
[2024-10-12T07:55:07.168+0800][info] GC(136) Eden regions: 2->0(2)
[2024-10-12T07:55:07.168+0800][info] GC(136) Survivor regions: 1->1(1)
[2024-10-12T07:55:07.168+0800][info] GC(136) Old regions: 53->51
[2024-10-12T07:55:07.168+0800][info] GC(136) Archive regions: 2->2
[2024-10-12T07:55:07.168+0800][info] GC(136) Humongous regions: 2->2
[2024-10-12T07:55:07.168+0800][info] GC(136) Metaspace: 1587K(1792K)->1587K(1792K) NonClass: 1463K(1600K)->1463K(1600K) Class: 124K(192K)->124K(192K)
[2024-10-12T07:55:07.168+0800][info] GC(136) Pause Young (Mixed) (G1 Preventive Collection) 115M->108M(128M) 2.260ms
[2024-10-12T07:55:07.168+0800][info] GC(136) User=0.00s Sys=0.00s Real=0.00s
[2024-10-12T07:55:07.271+0800][info] GC(137) Pause Young (Mixed) (G1 Evacuation Pause)
[2024-10-12T07:55:07.271+0800][info] GC(137) Using 3 workers of 48 for evacuation
[2024-10-12T07:55:07.273+0800][info] GC(137)   Pre Evacuate Collection Set: 0.1ms
[2024-10-12T07:55:07.273+0800][info] GC(137)   Merge Heap Roots: 0.1ms
[2024-10-12T07:55:07.273+0800][info] GC(137)   Evacuate Collection Set: 2.3ms
[2024-10-12T07:55:07.274+0800][info] GC(137)   Post Evacuate Collection Set: 0.2ms
[2024-10-12T07:55:07.274+0800][info] GC(137)   Other: 0.2ms
[2024-10-12T07:55:07.274+0800][info] GC(137) Eden regions: 2->0(2)
[2024-10-12T07:55:07.274+0800][info] GC(137) Survivor regions: 1->1(1)
[2024-10-12T07:55:07.274+0800][info] GC(137) Old regions: 51->49
[2024-10-12T07:55:07.274+0800][info] GC(137) Archive regions: 2->2
[2024-10-12T07:55:07.274+0800][info] GC(137) Humongous regions: 2->2
[2024-10-12T07:55:07.274+0800][info] GC(137) Metaspace: 1587K(1792K)->1587K(1792K) NonClass: 1463K(1600K)->1463K(1600K) Class: 124K(192K)->124K(192K)
[2024-10-12T07:55:07.274+0800][info] GC(137) Pause Young (Mixed) (G1 Evacuation Pause) 112M->104M(128M) 2.958ms
[2024-10-12T07:55:07.274+0800][info] GC(137) User=0.01s Sys=0.00s Real=0.01s
[2024-10-12T07:55:07.376+0800][info] GC(138) Pause Young (Mixed) (G1 Evacuation Pause)
[2024-10-12T07:55:07.376+0800][info] GC(138) Using 3 workers of 48 for evacuation
[2024-10-12T07:55:07.377+0800][info] GC(138)   Pre Evacuate Collection Set: 0.1ms
[2024-10-12T07:55:07.378+0800][info] GC(138)   Merge Heap Roots: 0.0ms
[2024-10-12T07:55:07.378+0800][info] GC(138)   Evacuate Collection Set: 1.2ms
[2024-10-12T07:55:07.378+0800][info] GC(138)   Post Evacuate Collection Set: 0.2ms
[2024-10-12T07:55:07.378+0800][info] GC(138)   Other: 0.2ms
[2024-10-12T07:55:07.378+0800][info] GC(138) Eden regions: 2->0(2)
[2024-10-12T07:55:07.378+0800][info] GC(138) Survivor regions: 1->1(1)
[2024-10-12T07:55:07.378+0800][info] GC(138) Old regions: 49->51
[2024-10-12T07:55:07.378+0800][info] GC(138) Archive regions: 2->2
[2024-10-12T07:55:07.378+0800][info] GC(138) Humongous regions: 2->2
[2024-10-12T07:55:07.378+0800][info] GC(138) Metaspace: 1587K(1792K)->1587K(1792K) NonClass: 1463K(1600K)->1463K(1600K) Class: 124K(192K)->124K(192K)
[2024-10-12T07:55:07.378+0800][info] GC(138) Pause Young (Mixed) (G1 Evacuation Pause) 108M->107M(128M) 1.893ms
[2024-10-12T07:55:07.378+0800][info] GC(138) User=0.01s Sys=0.00s Real=0.00s
[2024-10-12T07:55:07.480+0800][info] GC(139) Pause Young (Concurrent Start) (G1 Evacuation Pause)
[2024-10-12T07:55:07.480+0800][info] GC(139) Using 3 workers of 48 for evacuation
[2024-10-12T07:55:07.482+0800][info] GC(139)   Pre Evacuate Collection Set: 0.1ms
[2024-10-12T07:55:07.482+0800][info] GC(139)   Merge Heap Roots: 0.1ms
[2024-10-12T07:55:07.482+0800][info] GC(139)   Evacuate Collection Set: 1.1ms
[2024-10-12T07:55:07.482+0800][info] GC(139)   Post Evacuate Collection Set: 0.2ms
[2024-10-12T07:55:07.482+0800][info] GC(139)   Other: 0.4ms
[2024-10-12T07:55:07.482+0800][info] GC(139) Eden regions: 2->0(2)
[2024-10-12T07:55:07.482+0800][info] GC(139) Survivor regions: 1->1(1)
[2024-10-12T07:55:07.482+0800][info] GC(139) Old regions: 51->53
[2024-10-12T07:55:07.482+0800][info] GC(139) Archive regions: 2->2
[2024-10-12T07:55:07.482+0800][info] GC(139) Humongous regions: 2->2
[2024-10-12T07:55:07.482+0800][info] GC(139) Metaspace: 1587K(1792K)->1587K(1792K) NonClass: 1463K(1600K)->1463K(1600K) Class: 124K(192K)->124K(192K)
[2024-10-12T07:55:07.482+0800][info] GC(139) Pause Young (Concurrent Start) (G1 Evacuation Pause) 111M->112M(128M) 1.932ms
[2024-10-12T07:55:07.482+0800][info] GC(139) User=0.00s Sys=0.00s Real=0.00s
[2024-10-12T07:55:07.482+0800][info] GC(140) Concurrent Mark Cycle
[2024-10-12T07:55:07.482+0800][info] GC(140) Concurrent Clear Claimed Marks
[2024-10-12T07:55:07.482+0800][info] GC(140) Concurrent Clear Claimed Marks 0.017ms
[2024-10-12T07:55:07.482+0800][info] GC(140) Concurrent Scan Root Regions
[2024-10-12T07:55:07.483+0800][info] GC(140) Concurrent Scan Root Regions 0.160ms
[2024-10-12T07:55:07.483+0800][info] GC(140) Concurrent Mark
[2024-10-12T07:55:07.483+0800][info] GC(140) Concurrent Mark From Roots
[2024-10-12T07:55:07.483+0800][info] GC(140) Using 12 workers of 12 for marking
[2024-10-12T07:55:07.489+0800][info] GC(140) Concurrent Mark From Roots 6.017ms
[2024-10-12T07:55:07.489+0800][info] GC(140) Concurrent Preclean
[2024-10-12T07:55:07.490+0800][info] GC(140) Concurrent Preclean 1.704ms
[2024-10-12T07:55:07.490+0800][info] GC(140) Pause Remark
[2024-10-12T07:55:07.492+0800][info] GC(140) Pause Remark 112M->110M(128M) 1.439ms
[2024-10-12T07:55:07.492+0800][info] GC(140) User=0.00s Sys=0.00s Real=0.00s
[2024-10-12T07:55:07.492+0800][info] GC(140) Concurrent Mark 9.430ms
[2024-10-12T07:55:07.492+0800][info] GC(140) Concurrent Rebuild Remembered Sets
[2024-10-12T07:55:07.493+0800][info] GC(140) Concurrent Rebuild Remembered Sets 1.328ms
[2024-10-12T07:55:07.494+0800][info] GC(140) Pause Cleanup
[2024-10-12T07:55:07.494+0800][info] GC(140) Pause Cleanup 110M->110M(128M) 0.301ms
[2024-10-12T07:55:07.494+0800][info] GC(140) User=0.00s Sys=0.00s Real=0.00s
[2024-10-12T07:55:07.494+0800][info] GC(140) Concurrent Cleanup for Next Mark
[2024-10-12T07:55:07.494+0800][info] GC(140) Concurrent Cleanup for Next Mark 0.402ms
[2024-10-12T07:55:07.494+0800][info] GC(140) Concurrent Mark Cycle 11.988ms
[2024-10-12T07:55:07.636+0800][info] GC(141) Pause Young (Prepare Mixed) (G1 Evacuation Pause)
[2024-10-12T07:55:07.636+0800][info] GC(141) Using 3 workers of 48 for evacuation
[2024-10-12T07:55:07.638+0800][info] GC(141)   Pre Evacuate Collection Set: 0.1ms
[2024-10-12T07:55:07.638+0800][info] GC(141)   Merge Heap Roots: 0.1ms
[2024-10-12T07:55:07.638+0800][info] GC(141)   Evacuate Collection Set: 1.1ms
[2024-10-12T07:55:07.638+0800][info] GC(141)   Post Evacuate Collection Set: 0.2ms
[2024-10-12T07:55:07.638+0800][info] GC(141)   Other: 0.2ms
[2024-10-12T07:55:07.638+0800][info] GC(141) Eden regions: 2->0(2)
[2024-10-12T07:55:07.638+0800][info] GC(141) Survivor regions: 1->1(1)
[2024-10-12T07:55:07.638+0800][info] GC(141) Old regions: 52->54
[2024-10-12T07:55:07.638+0800][info] GC(141) Archive regions: 2->2
[2024-10-12T07:55:07.638+0800][info] GC(141) Humongous regions: 2->2
[2024-10-12T07:55:07.638+0800][info] GC(141) Metaspace: 1587K(1792K)->1587K(1792K) NonClass: 1463K(1600K)->1463K(1600K) Class: 124K(192K)->124K(192K)
[2024-10-12T07:55:07.638+0800][info] GC(141) Pause Young (Prepare Mixed) (G1 Evacuation Pause) 113M->114M(128M) 1.848ms
[2024-10-12T07:55:07.638+0800][info] GC(141) User=0.00s Sys=0.00s Real=0.00s
[2024-10-12T07:55:07.699+0800][info] GC(142) Pause Young (Mixed) (G1 Preventive Collection)
[2024-10-12T07:55:07.699+0800][info] GC(142) Using 3 workers of 48 for evacuation
[2024-10-12T07:55:07.701+0800][info] GC(142)   Pre Evacuate Collection Set: 0.2ms
[2024-10-12T07:55:07.701+0800][info] GC(142)   Merge Heap Roots: 0.1ms
[2024-10-12T07:55:07.701+0800][info] GC(142)   Evacuate Collection Set: 1.3ms
[2024-10-12T07:55:07.701+0800][info] GC(142)   Post Evacuate Collection Set: 0.2ms
[2024-10-12T07:55:07.701+0800][info] GC(142)   Other: 0.2ms
[2024-10-12T07:55:07.701+0800][info] GC(142) Eden regions: 1->0(2)
[2024-10-12T07:55:07.701+0800][info] GC(142) Survivor regions: 1->1(1)
[2024-10-12T07:55:07.701+0800][info] GC(142) Old regions: 54->50
[2024-10-12T07:55:07.701+0800][info] GC(142) Archive regions: 2->2
[2024-10-12T07:55:07.701+0800][info] GC(142) Humongous regions: 2->2
[2024-10-12T07:55:07.701+0800][info] GC(142) Metaspace: 1587K(1792K)->1587K(1792K) NonClass: 1463K(1600K)->1463K(1600K) Class: 124K(192K)->124K(192K)
[2024-10-12T07:55:07.701+0800][info] GC(142) Pause Young (Mixed) (G1 Preventive Collection) 115M->107M(128M) 2.048ms
[2024-10-12T07:55:07.701+0800][info] GC(142) User=0.00s Sys=0.00s Real=0.00s
[2024-10-12T07:55:07.804+0800][info] GC(143) Pause Young (Mixed) (G1 Evacuation Pause)
[2024-10-12T07:55:07.804+0800][info] GC(143) Using 3 workers of 48 for evacuation
[2024-10-12T07:55:07.806+0800][info] GC(143)   Pre Evacuate Collection Set: 0.1ms
[2024-10-12T07:55:07.806+0800][info] GC(143)   Merge Heap Roots: 0.1ms
[2024-10-12T07:55:07.806+0800][info] GC(143)   Evacuate Collection Set: 2.0ms
[2024-10-12T07:55:07.806+0800][info] GC(143)   Post Evacuate Collection Set: 0.2ms
[2024-10-12T07:55:07.807+0800][info] GC(143)   Other: 0.2ms
[2024-10-12T07:55:07.807+0800][info] GC(143) Eden regions: 2->0(2)
[2024-10-12T07:55:07.807+0800][info] GC(143) Survivor regions: 1->1(1)
[2024-10-12T07:55:07.807+0800][info] GC(143) Old regions: 50->48
[2024-10-12T07:55:07.807+0800][info] GC(143) Archive regions: 2->2
[2024-10-12T07:55:07.807+0800][info] GC(143) Humongous regions: 2->2
[2024-10-12T07:55:07.807+0800][info] GC(143) Metaspace: 1587K(1792K)->1587K(1792K) NonClass: 1463K(1600K)->1463K(1600K) Class: 124K(192K)->124K(192K)
[2024-10-12T07:55:07.807+0800][info] GC(143) Pause Young (Mixed) (G1 Evacuation Pause) 110M->103M(128M) 2.784ms
[2024-10-12T07:55:07.807+0800][info] GC(143) User=0.00s Sys=0.00s Real=0.01s
[2024-10-12T07:55:07.909+0800][info] GC(144) Pause Young (Mixed) (G1 Evacuation Pause)
[2024-10-12T07:55:07.909+0800][info] GC(144) Using 3 workers of 48 for evacuation
[2024-10-12T07:55:07.911+0800][info] GC(144)   Pre Evacuate Collection Set: 0.1ms
[2024-10-12T07:55:07.911+0800][info] GC(144)   Merge Heap Roots: 0.1ms
[2024-10-12T07:55:07.911+0800][info] GC(144)   Evacuate Collection Set: 1.4ms
[2024-10-12T07:55:07.911+0800][info] GC(144)   Post Evacuate Collection Set: 0.2ms
[2024-10-12T07:55:07.911+0800][info] GC(144)   Other: 0.2ms
[2024-10-12T07:55:07.911+0800][info] GC(144) Eden regions: 2->0(2)
[2024-10-12T07:55:07.911+0800][info] GC(144) Survivor regions: 1->1(1)
[2024-10-12T07:55:07.911+0800][info] GC(144) Old regions: 48->49
[2024-10-12T07:55:07.911+0800][info] GC(144) Archive regions: 2->2
[2024-10-12T07:55:07.911+0800][info] GC(144) Humongous regions: 2->2
[2024-10-12T07:55:07.911+0800][info] GC(144) Metaspace: 1587K(1792K)->1587K(1792K) NonClass: 1463K(1600K)->1463K(1600K) Class: 124K(192K)->124K(192K)
[2024-10-12T07:55:07.911+0800][info] GC(144) Pause Young (Mixed) (G1 Evacuation Pause) 107M->105M(128M) 2.164ms
[2024-10-12T07:55:07.911+0800][info] GC(144) User=0.00s Sys=0.00s Real=0.00s
[2024-10-12T07:55:08.013+0800][info] GC(145) Pause Young (Normal) (G1 Evacuation Pause)
[2024-10-12T07:55:08.013+0800][info] GC(145) Using 3 workers of 48 for evacuation
[2024-10-12T07:55:08.015+0800][info] GC(145)   Pre Evacuate Collection Set: 0.1ms
[2024-10-12T07:55:08.015+0800][info] GC(145)   Merge Heap Roots: 0.0ms
[2024-10-12T07:55:08.015+0800][info] GC(145)   Evacuate Collection Set: 0.9ms
[2024-10-12T07:55:08.015+0800][info] GC(145)   Post Evacuate Collection Set: 0.2ms
[2024-10-12T07:55:08.015+0800][info] GC(145)   Other: 0.2ms
[2024-10-12T07:55:08.015+0800][info] GC(145) Eden regions: 2->0(2)
[2024-10-12T07:55:08.015+0800][info] GC(145) Survivor regions: 1->1(1)
[2024-10-12T07:55:08.015+0800][info] GC(145) Old regions: 49->51
[2024-10-12T07:55:08.015+0800][info] GC(145) Archive regions: 2->2
[2024-10-12T07:55:08.015+0800][info] GC(145) Humongous regions: 2->2
[2024-10-12T07:55:08.015+0800][info] GC(145) Metaspace: 1587K(1792K)->1587K(1792K) NonClass: 1463K(1600K)->1463K(1600K) Class: 124K(192K)->124K(192K)
[2024-10-12T07:55:08.015+0800][info] GC(145) Pause Young (Normal) (G1 Evacuation Pause) 108M->108M(128M) 1.584ms
[2024-10-12T07:55:08.015+0800][info] GC(145) User=0.00s Sys=0.00s Real=0.00s
[2024-10-12T07:55:08.117+0800][info] GC(146) Pause Young (Concurrent Start) (G1 Evacuation Pause)
[2024-10-12T07:55:08.117+0800][info] GC(146) Using 3 workers of 48 for evacuation
[2024-10-12T07:55:08.119+0800][info] GC(146)   Pre Evacuate Collection Set: 0.1ms
[2024-10-12T07:55:08.119+0800][info] GC(146)   Merge Heap Roots: 0.1ms
[2024-10-12T07:55:08.119+0800][info] GC(146)   Evacuate Collection Set: 0.9ms
[2024-10-12T07:55:08.119+0800][info] GC(146)   Post Evacuate Collection Set: 0.2ms
[2024-10-12T07:55:08.119+0800][info] GC(146)   Other: 0.4ms
[2024-10-12T07:55:08.119+0800][info] GC(146) Eden regions: 2->0(2)
[2024-10-12T07:55:08.119+0800][info] GC(146) Survivor regions: 1->1(1)
[2024-10-12T07:55:08.119+0800][info] GC(146) Old regions: 51->53
[2024-10-12T07:55:08.119+0800][info] GC(146) Archive regions: 2->2
[2024-10-12T07:55:08.119+0800][info] GC(146) Humongous regions: 2->2
[2024-10-12T07:55:08.119+0800][info] GC(146) Metaspace: 1587K(1792K)->1587K(1792K) NonClass: 1463K(1600K)->1463K(1600K) Class: 124K(192K)->124K(192K)
[2024-10-12T07:55:08.119+0800][info] GC(146) Pause Young (Concurrent Start) (G1 Evacuation Pause) 112M->113M(128M) 1.786ms
[2024-10-12T07:55:08.119+0800][info] GC(146) User=0.00s Sys=0.00s Real=0.00s
[2024-10-12T07:55:08.119+0800][info] GC(147) Concurrent Mark Cycle
[2024-10-12T07:55:08.119+0800][info] GC(147) Concurrent Clear Claimed Marks
[2024-10-12T07:55:08.119+0800][info] GC(147) Concurrent Clear Claimed Marks 0.016ms
[2024-10-12T07:55:08.119+0800][info] GC(147) Concurrent Scan Root Regions
[2024-10-12T07:55:08.119+0800][info] GC(147) Concurrent Scan Root Regions 0.148ms
[2024-10-12T07:55:08.119+0800][info] GC(147) Concurrent Mark
[2024-10-12T07:55:08.119+0800][info] GC(147) Concurrent Mark From Roots
[2024-10-12T07:55:08.119+0800][info] GC(147) Using 12 workers of 12 for marking
[2024-10-12T07:55:08.123+0800][info] GC(147) Concurrent Mark From Roots 4.129ms
[2024-10-12T07:55:08.123+0800][info] GC(147) Concurrent Preclean
[2024-10-12T07:55:08.125+0800][info] GC(147) Concurrent Preclean 1.673ms
[2024-10-12T07:55:08.125+0800][info] GC(147) Pause Remark
[2024-10-12T07:55:08.126+0800][info] GC(147) Pause Remark 113M->113M(128M) 1.444ms
[2024-10-12T07:55:08.126+0800][info] GC(147) User=0.01s Sys=0.00s Real=0.01s
[2024-10-12T07:55:08.126+0800][info] GC(147) Concurrent Mark 7.443ms
[2024-10-12T07:55:08.126+0800][info] GC(147) Concurrent Rebuild Remembered Sets
[2024-10-12T07:55:08.128+0800][info] GC(147) Concurrent Rebuild Remembered Sets 1.309ms
[2024-10-12T07:55:08.128+0800][info] GC(147) Pause Cleanup
[2024-10-12T07:55:08.128+0800][info] GC(147) Pause Cleanup 113M->113M(128M) 0.303ms
[2024-10-12T07:55:08.128+0800][info] GC(147) User=0.00s Sys=0.00s Real=0.00s
[2024-10-12T07:55:08.128+0800][info] GC(147) Concurrent Cleanup for Next Mark
[2024-10-12T07:55:08.129+0800][info] GC(147) Concurrent Cleanup for Next Mark 0.486ms
[2024-10-12T07:55:08.129+0800][info] GC(147) Concurrent Mark Cycle 10.023ms
[2024-10-12T07:55:08.272+0800][info] GC(148) Pause Young (Prepare Mixed) (G1 Preventive Collection)
[2024-10-12T07:55:08.273+0800][info] GC(148) Using 3 workers of 48 for evacuation
[2024-10-12T07:55:08.274+0800][info] GC(148)   Pre Evacuate Collection Set: 0.1ms
[2024-10-12T07:55:08.274+0800][info] GC(148)   Merge Heap Roots: 0.1ms
[2024-10-12T07:55:08.274+0800][info] GC(148)   Evacuate Collection Set: 0.9ms
[2024-10-12T07:55:08.274+0800][info] GC(148)   Post Evacuate Collection Set: 0.2ms
[2024-10-12T07:55:08.274+0800][info] GC(148)   Other: 0.2ms
[2024-10-12T07:55:08.274+0800][info] GC(148) Eden regions: 2->0(2)
[2024-10-12T07:55:08.274+0800][info] GC(148) Survivor regions: 1->1(1)
[2024-10-12T07:55:08.274+0800][info] GC(148) Old regions: 53->55
[2024-10-12T07:55:08.274+0800][info] GC(148) Archive regions: 2->2
[2024-10-12T07:55:08.274+0800][info] GC(148) Humongous regions: 2->2
[2024-10-12T07:55:08.274+0800][info] GC(148) Metaspace: 1587K(1792K)->1587K(1792K) NonClass: 1463K(1600K)->1463K(1600K) Class: 124K(192K)->124K(192K)
[2024-10-12T07:55:08.274+0800][info] GC(148) Pause Young (Prepare Mixed) (G1 Preventive Collection) 116M->116M(128M) 1.578ms
[2024-10-12T07:55:08.274+0800][info] GC(148) User=0.00s Sys=0.00s Real=0.01s
[2024-10-12T07:55:08.335+0800][info] GC(149) Pause Young (Mixed) (G1 Preventive Collection)
[2024-10-12T07:55:08.335+0800][info] GC(149) Using 3 workers of 48 for evacuation
[2024-10-12T07:55:08.337+0800][info] GC(149) To-space exhausted
[2024-10-12T07:55:08.337+0800][info] GC(149)   Pre Evacuate Collection Set: 0.1ms
[2024-10-12T07:55:08.337+0800][info] GC(149)   Merge Heap Roots: 0.1ms
[2024-10-12T07:55:08.337+0800][info] GC(149)   Evacuate Collection Set: 1.3ms
[2024-10-12T07:55:08.337+0800][info] GC(149)   Post Evacuate Collection Set: 0.3ms
[2024-10-12T07:55:08.337+0800][info] GC(149)   Other: 0.2ms
[2024-10-12T07:55:08.337+0800][info] GC(149) Eden regions: 1->0(2)
[2024-10-12T07:55:08.337+0800][info] GC(149) Survivor regions: 1->1(1)
[2024-10-12T07:55:08.337+0800][info] GC(149) Old regions: 55->55
[2024-10-12T07:55:08.337+0800][info] GC(149) Archive regions: 2->2
[2024-10-12T07:55:08.337+0800][info] GC(149) Humongous regions: 2->2
[2024-10-12T07:55:08.337+0800][info] GC(149) Metaspace: 1587K(1792K)->1587K(1792K) NonClass: 1463K(1600K)->1463K(1600K) Class: 124K(192K)->124K(192K)
[2024-10-12T07:55:08.337+0800][info] GC(149) Pause Young (Mixed) (G1 Preventive Collection) 118M->117M(128M) 2.198ms
[2024-10-12T07:55:08.337+0800][info] GC(149) User=0.01s Sys=0.00s Real=0.00s
[2024-10-12T07:55:08.378+0800][info] GC(150) Pause Young (Mixed) (G1 Preventive Collection)
[2024-10-12T07:55:08.378+0800][info] GC(150) Using 3 workers of 48 for evacuation
[2024-10-12T07:55:08.381+0800][info] GC(150) To-space exhausted
[2024-10-12T07:55:08.381+0800][info] GC(150)   Pre Evacuate Collection Set: 0.1ms
[2024-10-12T07:55:08.381+0800][info] GC(150)   Merge Heap Roots: 0.1ms
[2024-10-12T07:55:08.381+0800][info] GC(150)   Evacuate Collection Set: 1.5ms
[2024-10-12T07:55:08.381+0800][info] GC(150)   Post Evacuate Collection Set: 0.3ms
[2024-10-12T07:55:08.381+0800][info] GC(150)   Other: 0.2ms
[2024-10-12T07:55:08.381+0800][info] GC(150) Eden regions: 1->0(2)
[2024-10-12T07:55:08.381+0800][info] GC(150) Survivor regions: 1->1(1)
[2024-10-12T07:55:08.381+0800][info] GC(150) Old regions: 55->58
[2024-10-12T07:55:08.381+0800][info] GC(150) Archive regions: 2->2
[2024-10-12T07:55:08.381+0800][info] GC(150) Humongous regions: 2->2
[2024-10-12T07:55:08.381+0800][info] GC(150) Metaspace: 1587K(1792K)->1587K(1792K) NonClass: 1463K(1600K)->1463K(1600K) Class: 124K(192K)->124K(192K)
[2024-10-12T07:55:08.381+0800][info] GC(150) Pause Young (Mixed) (G1 Preventive Collection) 119M->123M(128M) 2.264ms
[2024-10-12T07:55:08.381+0800][info] GC(150) User=0.00s Sys=0.00s Real=0.00s
[2024-10-12T07:55:08.381+0800][info] GC(151) Pause Young (Mixed) (G1 Humongous Allocation)
[2024-10-12T07:55:08.381+0800][info] GC(151) Using 3 workers of 48 for evacuation
[2024-10-12T07:55:08.382+0800][info] GC(151) To-space exhausted
[2024-10-12T07:55:08.382+0800][info] GC(151)   Pre Evacuate Collection Set: 0.1ms
[2024-10-12T07:55:08.382+0800][info] GC(151)   Merge Heap Roots: 0.1ms
[2024-10-12T07:55:08.382+0800][info] GC(151)   Evacuate Collection Set: 0.5ms
[2024-10-12T07:55:08.382+0800][info] GC(151)   Post Evacuate Collection Set: 0.7ms
[2024-10-12T07:55:08.382+0800][info] GC(151)   Other: 0.1ms
[2024-10-12T07:55:08.382+0800][info] GC(151) Eden regions: 1->0(3)
[2024-10-12T07:55:08.382+0800][info] GC(151) Survivor regions: 1->0(0)
[2024-10-12T07:55:08.382+0800][info] GC(151) Old regions: 58->60
[2024-10-12T07:55:08.382+0800][info] GC(151) Archive regions: 2->2
[2024-10-12T07:55:08.382+0800][info] GC(151) Humongous regions: 2->2
[2024-10-12T07:55:08.382+0800][info] GC(151) Metaspace: 1587K(1792K)->1587K(1792K) NonClass: 1463K(1600K)->1463K(1600K) Class: 124K(192K)->124K(192K)
[2024-10-12T07:55:08.383+0800][info] GC(151) Pause Young (Mixed) (G1 Humongous Allocation) 123M->123M(128M) 1.578ms
[2024-10-12T07:55:08.383+0800][info] GC(151) User=0.00s Sys=0.00s Real=0.00s
[2024-10-12T07:55:08.383+0800][info] Attempting full compaction
[2024-10-12T07:55:08.383+0800][info] GC(152) Using 3 workers of 48 for full compaction
[2024-10-12T07:55:08.383+0800][info] GC(152) Pause Full (G1 Compaction Pause)
[2024-10-12T07:55:08.383+0800][info] GC(152) Phase 1: Mark live objects
[2024-10-12T07:55:08.386+0800][info] GC(152) Phase 1: Mark live objects 3.434ms
[2024-10-12T07:55:08.386+0800][info] GC(152) Phase 2: Prepare for compaction
[2024-10-12T07:55:08.387+0800][info] GC(152) Phase 2: Prepare for compaction 0.674ms
[2024-10-12T07:55:08.387+0800][info] GC(152) Phase 3: Adjust pointers
[2024-10-12T07:55:08.388+0800][info] GC(152) Phase 3: Adjust pointers 1.544ms
[2024-10-12T07:55:08.388+0800][info] GC(152) Phase 4: Compact heap
[2024-10-12T07:55:08.402+0800][info] GC(152) Phase 4: Compact heap 13.665ms
[2024-10-12T07:55:08.403+0800][info] GC(152) Eden regions: 0->0(4)
[2024-10-12T07:55:08.403+0800][info] GC(152) Survivor regions: 0->0(0)
[2024-10-12T07:55:08.403+0800][info] GC(152) Old regions: 60->38
[2024-10-12T07:55:08.403+0800][info] GC(152) Archive regions: 2->2
[2024-10-12T07:55:08.403+0800][info] GC(152) Humongous regions: 2->2
[2024-10-12T07:55:08.403+0800][info] GC(152) Metaspace: 1587K(1792K)->1587K(1792K) NonClass: 1463K(1600K)->1463K(1600K) Class: 124K(192K)->124K(192K)
[2024-10-12T07:55:08.403+0800][info] GC(152) Pause Full (G1 Compaction Pause) 123M->69M(128M) 20.769ms
[2024-10-12T07:55:08.403+0800][info] GC(152) User=0.05s Sys=0.00s Real=0.02s
[2024-10-12T07:55:08.630+0800][info] GC(153) Pause Young (Normal) (G1 Evacuation Pause)
[2024-10-12T07:55:08.631+0800][info] GC(153) Using 3 workers of 48 for evacuation
[2024-10-12T07:55:08.632+0800][info] GC(153)   Pre Evacuate Collection Set: 0.1ms
[2024-10-12T07:55:08.632+0800][info] GC(153)   Merge Heap Roots: 0.1ms
[2024-10-12T07:55:08.632+0800][info] GC(153)   Evacuate Collection Set: 1.3ms
[2024-10-12T07:55:08.632+0800][info] GC(153)   Post Evacuate Collection Set: 0.2ms
[2024-10-12T07:55:08.632+0800][info] GC(153)   Other: 0.3ms
[2024-10-12T07:55:08.632+0800][info] GC(153) Eden regions: 4->0(2)
[2024-10-12T07:55:08.632+0800][info] GC(153) Survivor regions: 0->1(1)
[2024-10-12T07:55:08.632+0800][info] GC(153) Old regions: 38->41
[2024-10-12T07:55:08.632+0800][info] GC(153) Archive regions: 2->2
[2024-10-12T07:55:08.632+0800][info] GC(153) Humongous regions: 3->3
[2024-10-12T07:55:08.632+0800][info] GC(153) Metaspace: 1614K(1792K)->1614K(1792K) NonClass: 1490K(1600K)->1490K(1600K) Class: 124K(192K)->124K(192K)
[2024-10-12T07:55:08.632+0800][info] GC(153) Pause Young (Normal) (G1 Evacuation Pause) 79M->79M(128M) 1.996ms
[2024-10-12T07:55:08.632+0800][info] GC(153) User=0.00s Sys=0.00s Real=0.00s
[2024-10-12T07:55:08.735+0800][info] GC(154) Pause Young (Normal) (G1 Evacuation Pause)
[2024-10-12T07:55:08.735+0800][info] GC(154) Using 3 workers of 48 for evacuation
[2024-10-12T07:55:08.736+0800][info] GC(154)   Pre Evacuate Collection Set: 0.1ms
[2024-10-12T07:55:08.736+0800][info] GC(154)   Merge Heap Roots: 0.1ms
[2024-10-12T07:55:08.736+0800][info] GC(154)   Evacuate Collection Set: 1.0ms
[2024-10-12T07:55:08.736+0800][info] GC(154)   Post Evacuate Collection Set: 0.2ms
[2024-10-12T07:55:08.736+0800][info] GC(154)   Other: 0.3ms
[2024-10-12T07:55:08.736+0800][info] GC(154) Eden regions: 2->0(2)
[2024-10-12T07:55:08.736+0800][info] GC(154) Survivor regions: 1->1(1)
[2024-10-12T07:55:08.736+0800][info] GC(154) Old regions: 41->43
[2024-10-12T07:55:08.736+0800][info] GC(154) Archive regions: 2->2
[2024-10-12T07:55:08.736+0800][info] GC(154) Humongous regions: 3->3
[2024-10-12T07:55:08.736+0800][info] GC(154) Metaspace: 1614K(1792K)->1614K(1792K) NonClass: 1490K(1600K)->1490K(1600K) Class: 124K(192K)->124K(192K)
[2024-10-12T07:55:08.736+0800][info] GC(154) Pause Young (Normal) (G1 Evacuation Pause) 83M->83M(128M) 1.705ms
[2024-10-12T07:55:08.736+0800][info] GC(154) User=0.01s Sys=0.00s Real=0.00s
[2024-10-12T07:55:08.839+0800][info] GC(155) Pause Young (Normal) (G1 Evacuation Pause)
[2024-10-12T07:55:08.839+0800][info] GC(155) Using 3 workers of 48 for evacuation
[2024-10-12T07:55:08.840+0800][info] GC(155)   Pre Evacuate Collection Set: 0.1ms
[2024-10-12T07:55:08.840+0800][info] GC(155)   Merge Heap Roots: 0.0ms
[2024-10-12T07:55:08.840+0800][info] GC(155)   Evacuate Collection Set: 0.9ms
[2024-10-12T07:55:08.840+0800][info] GC(155)   Post Evacuate Collection Set: 0.2ms
[2024-10-12T07:55:08.840+0800][info] GC(155)   Other: 0.2ms
[2024-10-12T07:55:08.840+0800][info] GC(155) Eden regions: 2->0(2)
[2024-10-12T07:55:08.840+0800][info] GC(155) Survivor regions: 1->1(1)
[2024-10-12T07:55:08.840+0800][info] GC(155) Old regions: 43->45
[2024-10-12T07:55:08.840+0800][info] GC(155) Archive regions: 2->2
[2024-10-12T07:55:08.840+0800][info] GC(155) Humongous regions: 3->3
[2024-10-12T07:55:08.840+0800][info] GC(155) Metaspace: 1614K(1792K)->1614K(1792K) NonClass: 1490K(1600K)->1490K(1600K) Class: 124K(192K)->124K(192K)
[2024-10-12T07:55:08.840+0800][info] GC(155) Pause Young (Normal) (G1 Evacuation Pause) 87M->87M(128M) 1.573ms
[2024-10-12T07:55:08.840+0800][info] GC(155) User=0.01s Sys=0.00s Real=0.00s
[2024-10-12T07:55:08.942+0800][info] GC(156) Pause Young (Normal) (G1 Evacuation Pause)
[2024-10-12T07:55:08.942+0800][info] GC(156) Using 3 workers of 48 for evacuation
[2024-10-12T07:55:08.944+0800][info] GC(156)   Pre Evacuate Collection Set: 0.1ms
[2024-10-12T07:55:08.944+0800][info] GC(156)   Merge Heap Roots: 0.0ms
[2024-10-12T07:55:08.944+0800][info] GC(156)   Evacuate Collection Set: 0.9ms
[2024-10-12T07:55:08.944+0800][info] GC(156)   Post Evacuate Collection Set: 0.2ms
[2024-10-12T07:55:08.944+0800][info] GC(156)   Other: 0.2ms
[2024-10-12T07:55:08.944+0800][info] GC(156) Eden regions: 2->0(2)
[2024-10-12T07:55:08.944+0800][info] GC(156) Survivor regions: 1->1(1)
[2024-10-12T07:55:08.944+0800][info] GC(156) Old regions: 45->47
[2024-10-12T07:55:08.944+0800][info] GC(156) Archive regions: 2->2
[2024-10-12T07:55:08.944+0800][info] GC(156) Humongous regions: 3->3
[2024-10-12T07:55:08.944+0800][info] GC(156) Metaspace: 1614K(1792K)->1614K(1792K) NonClass: 1490K(1600K)->1490K(1600K) Class: 124K(192K)->124K(192K)
[2024-10-12T07:55:08.944+0800][info] GC(156) Pause Young (Normal) (G1 Evacuation Pause) 90M->91M(128M) 1.551ms
[2024-10-12T07:55:08.944+0800][info] GC(156) User=0.00s Sys=0.00s Real=0.00s
[2024-10-12T07:55:09.046+0800][info] GC(157) Pause Young (Concurrent Start) (G1 Evacuation Pause)
[2024-10-12T07:55:09.046+0800][info] GC(157) Using 3 workers of 48 for evacuation
[2024-10-12T07:55:09.048+0800][info] GC(157)   Pre Evacuate Collection Set: 0.1ms
[2024-10-12T07:55:09.048+0800][info] GC(157)   Merge Heap Roots: 0.1ms
[2024-10-12T07:55:09.048+0800][info] GC(157)   Evacuate Collection Set: 1.1ms
[2024-10-12T07:55:09.048+0800][info] GC(157)   Post Evacuate Collection Set: 0.2ms
[2024-10-12T07:55:09.048+0800][info] GC(157)   Other: 0.4ms
[2024-10-12T07:55:09.048+0800][info] GC(157) Eden regions: 2->0(2)
[2024-10-12T07:55:09.048+0800][info] GC(157) Survivor regions: 1->1(1)
[2024-10-12T07:55:09.048+0800][info] GC(157) Old regions: 47->49
[2024-10-12T07:55:09.048+0800][info] GC(157) Archive regions: 2->2
[2024-10-12T07:55:09.048+0800][info] GC(157) Humongous regions: 3->3
[2024-10-12T07:55:09.048+0800][info] GC(157) Metaspace: 1614K(1792K)->1614K(1792K) NonClass: 1490K(1600K)->1490K(1600K) Class: 124K(192K)->124K(192K)
[2024-10-12T07:55:09.048+0800][info] GC(157) Pause Young (Concurrent Start) (G1 Evacuation Pause) 94M->95M(128M) 1.992ms
[2024-10-12T07:55:09.048+0800][info] GC(157) User=0.01s Sys=0.00s Real=0.00s
[2024-10-12T07:55:09.049+0800][info] GC(158) Concurrent Mark Cycle
[2024-10-12T07:55:09.049+0800][info] GC(158) Concurrent Clear Claimed Marks
[2024-10-12T07:55:09.049+0800][info] GC(158) Concurrent Clear Claimed Marks 0.017ms
[2024-10-12T07:55:09.049+0800][info] GC(158) Concurrent Scan Root Regions
[2024-10-12T07:55:09.049+0800][info] GC(158) Concurrent Scan Root Regions 0.115ms
[2024-10-12T07:55:09.049+0800][info] GC(158) Concurrent Mark
[2024-10-12T07:55:09.049+0800][info] GC(158) Concurrent Mark From Roots
[2024-10-12T07:55:09.049+0800][info] GC(158) Using 12 workers of 12 for marking
[2024-10-12T07:55:09.053+0800][info] GC(158) Concurrent Mark From Roots 3.861ms
[2024-10-12T07:55:09.053+0800][info] GC(158) Concurrent Preclean
[2024-10-12T07:55:09.054+0800][info] GC(158) Concurrent Preclean 1.689ms
[2024-10-12T07:55:09.054+0800][info] GC(158) Pause Remark
[2024-10-12T07:55:09.056+0800][info] GC(158) Pause Remark 95M->95M(128M) 1.513ms
[2024-10-12T07:55:09.056+0800][info] GC(158) User=0.00s Sys=0.00s Real=0.00s
[2024-10-12T07:55:09.056+0800][info] GC(158) Concurrent Mark 7.313ms
[2024-10-12T07:55:09.056+0800][info] GC(158) Concurrent Rebuild Remembered Sets
[2024-10-12T07:55:09.057+0800][info] GC(158) Concurrent Rebuild Remembered Sets 1.305ms
[2024-10-12T07:55:09.057+0800][info] GC(158) Pause Cleanup
[2024-10-12T07:55:09.058+0800][info] GC(158) Pause Cleanup 95M->95M(128M) 0.221ms
[2024-10-12T07:55:09.058+0800][info] GC(158) User=0.00s Sys=0.00s Real=0.00s
[2024-10-12T07:55:09.058+0800][info] GC(158) Concurrent Cleanup for Next Mark
[2024-10-12T07:55:09.058+0800][info] GC(158) Concurrent Cleanup for Next Mark 0.480ms
[2024-10-12T07:55:09.058+0800][info] GC(158) Concurrent Mark Cycle 9.729ms
[2024-10-12T07:55:09.202+0800][info] GC(159) Pause Young (Prepare Mixed) (G1 Evacuation Pause)
[2024-10-12T07:55:09.202+0800][info] GC(159) Using 3 workers of 48 for evacuation
[2024-10-12T07:55:09.203+0800][info] GC(159)   Pre Evacuate Collection Set: 0.1ms
[2024-10-12T07:55:09.203+0800][info] GC(159)   Merge Heap Roots: 0.1ms
[2024-10-12T07:55:09.203+0800][info] GC(159)   Evacuate Collection Set: 1.0ms
[2024-10-12T07:55:09.203+0800][info] GC(159)   Post Evacuate Collection Set: 0.2ms
[2024-10-12T07:55:09.203+0800][info] GC(159)   Other: 0.2ms
[2024-10-12T07:55:09.203+0800][info] GC(159) Eden regions: 2->0(2)
[2024-10-12T07:55:09.203+0800][info] GC(159) Survivor regions: 1->1(1)
[2024-10-12T07:55:09.203+0800][info] GC(159) Old regions: 49->51
[2024-10-12T07:55:09.203+0800][info] GC(159) Archive regions: 2->2
[2024-10-12T07:55:09.203+0800][info] GC(159) Humongous regions: 3->3
[2024-10-12T07:55:09.203+0800][info] GC(159) Metaspace: 1614K(1792K)->1614K(1792K) NonClass: 1490K(1600K)->1490K(1600K) Class: 124K(192K)->124K(192K)
[2024-10-12T07:55:09.203+0800][info] GC(159) Pause Young (Prepare Mixed) (G1 Evacuation Pause) 98M->99M(128M) 1.697ms
[2024-10-12T07:55:09.203+0800][info] GC(159) User=0.00s Sys=0.00s Real=0.00s
[2024-10-12T07:55:09.306+0800][info] GC(160) Pause Young (Mixed) (G1 Preventive Collection)
[2024-10-12T07:55:09.306+0800][info] GC(160) Using 3 workers of 48 for evacuation
[2024-10-12T07:55:09.308+0800][info] GC(160)   Pre Evacuate Collection Set: 0.1ms
[2024-10-12T07:55:09.308+0800][info] GC(160)   Merge Heap Roots: 0.1ms
[2024-10-12T07:55:09.308+0800][info] GC(160)   Evacuate Collection Set: 1.7ms
[2024-10-12T07:55:09.308+0800][info] GC(160)   Post Evacuate Collection Set: 0.2ms
[2024-10-12T07:55:09.308+0800][info] GC(160)   Other: 0.2ms
[2024-10-12T07:55:09.308+0800][info] GC(160) Eden regions: 2->0(2)
[2024-10-12T07:55:09.308+0800][info] GC(160) Survivor regions: 1->1(1)
[2024-10-12T07:55:09.308+0800][info] GC(160) Old regions: 51->48
[2024-10-12T07:55:09.308+0800][info] GC(160) Archive regions: 2->2
[2024-10-12T07:55:09.308+0800][info] GC(160) Humongous regions: 3->3
[2024-10-12T07:55:09.308+0800][info] GC(160) Metaspace: 1614K(1792K)->1614K(1792K) NonClass: 1490K(1600K)->1490K(1600K) Class: 124K(192K)->124K(192K)
[2024-10-12T07:55:09.308+0800][info] GC(160) Pause Young (Mixed) (G1 Preventive Collection) 102M->96M(128M) 2.495ms
[2024-10-12T07:55:09.308+0800][info] GC(160) User=0.01s Sys=0.00s Real=0.00s
[2024-10-12T07:55:09.410+0800][info] GC(161) Pause Young (Mixed) (G1 Evacuation Pause)
[2024-10-12T07:55:09.410+0800][info] GC(161) Using 3 workers of 48 for evacuation
[2024-10-12T07:55:09.413+0800][info] GC(161)   Pre Evacuate Collection Set: 0.1ms
[2024-10-12T07:55:09.413+0800][info] GC(161)   Merge Heap Roots: 0.1ms
[2024-10-12T07:55:09.413+0800][info] GC(161)   Evacuate Collection Set: 2.1ms
[2024-10-12T07:55:09.413+0800][info] GC(161)   Post Evacuate Collection Set: 0.2ms
[2024-10-12T07:55:09.413+0800][info] GC(161)   Other: 0.2ms
[2024-10-12T07:55:09.413+0800][info] GC(161) Eden regions: 2->0(2)
[2024-10-12T07:55:09.413+0800][info] GC(161) Survivor regions: 1->1(1)
[2024-10-12T07:55:09.413+0800][info] GC(161) Old regions: 48->48
[2024-10-12T07:55:09.413+0800][info] GC(161) Archive regions: 2->2
[2024-10-12T07:55:09.413+0800][info] GC(161) Humongous regions: 3->3
[2024-10-12T07:55:09.413+0800][info] GC(161) Metaspace: 1614K(1792K)->1614K(1792K) NonClass: 1490K(1600K)->1490K(1600K) Class: 124K(192K)->124K(192K)
[2024-10-12T07:55:09.413+0800][info] GC(161) Pause Young (Mixed) (G1 Evacuation Pause) 100M->98M(128M) 2.837ms
[2024-10-12T07:55:09.413+0800][info] GC(161) User=0.00s Sys=0.00s Real=0.01s
[2024-10-12T07:55:09.516+0800][info] GC(162) Pause Young (Normal) (G1 Evacuation Pause)
[2024-10-12T07:55:09.516+0800][info] GC(162) Using 3 workers of 48 for evacuation
[2024-10-12T07:55:09.517+0800][info] GC(162)   Pre Evacuate Collection Set: 0.1ms
[2024-10-12T07:55:09.517+0800][info] GC(162)   Merge Heap Roots: 0.0ms
[2024-10-12T07:55:09.517+0800][info] GC(162)   Evacuate Collection Set: 1.0ms
[2024-10-12T07:55:09.517+0800][info] GC(162)   Post Evacuate Collection Set: 0.3ms
[2024-10-12T07:55:09.517+0800][info] GC(162)   Other: 0.2ms
[2024-10-12T07:55:09.517+0800][info] GC(162) Eden regions: 2->0(2)
[2024-10-12T07:55:09.517+0800][info] GC(162) Survivor regions: 1->1(1)
[2024-10-12T07:55:09.517+0800][info] GC(162) Old regions: 48->50
[2024-10-12T07:55:09.517+0800][info] GC(162) Archive regions: 2->2
[2024-10-12T07:55:09.517+0800][info] GC(162) Humongous regions: 3->3
[2024-10-12T07:55:09.517+0800][info] GC(162) Metaspace: 1614K(1792K)->1614K(1792K) NonClass: 1490K(1600K)->1490K(1600K) Class: 124K(192K)->124K(192K)
[2024-10-12T07:55:09.517+0800][info] GC(162) Pause Young (Normal) (G1 Evacuation Pause) 101M->102M(128M) 1.688ms
[2024-10-12T07:55:09.517+0800][info] GC(162) User=0.00s Sys=0.01s Real=0.00s
[2024-10-12T07:55:09.620+0800][info] GC(163) Pause Young (Concurrent Start) (G1 Evacuation Pause)
[2024-10-12T07:55:09.620+0800][info] GC(163) Using 3 workers of 48 for evacuation
[2024-10-12T07:55:09.621+0800][info] GC(163)   Pre Evacuate Collection Set: 0.1ms
[2024-10-12T07:55:09.621+0800][info] GC(163)   Merge Heap Roots: 0.1ms
[2024-10-12T07:55:09.621+0800][info] GC(163)   Evacuate Collection Set: 1.0ms
[2024-10-12T07:55:09.621+0800][info] GC(163)   Post Evacuate Collection Set: 0.3ms
[2024-10-12T07:55:09.621+0800][info] GC(163)   Other: 0.4ms
[2024-10-12T07:55:09.621+0800][info] GC(163) Eden regions: 2->0(2)
[2024-10-12T07:55:09.621+0800][info] GC(163) Survivor regions: 1->1(1)
[2024-10-12T07:55:09.621+0800][info] GC(163) Old regions: 50->52
[2024-10-12T07:55:09.621+0800][info] GC(163) Archive regions: 2->2
[2024-10-12T07:55:09.621+0800][info] GC(163) Humongous regions: 3->3
[2024-10-12T07:55:09.621+0800][info] GC(163) Metaspace: 1614K(1792K)->1614K(1792K) NonClass: 1490K(1600K)->1490K(1600K) Class: 124K(192K)->124K(192K)
[2024-10-12T07:55:09.621+0800][info] GC(163) Pause Young (Concurrent Start) (G1 Evacuation Pause) 105M->105M(128M) 1.877ms
[2024-10-12T07:55:09.621+0800][info] GC(163) User=0.00s Sys=0.00s Real=0.00s
[2024-10-12T07:55:09.622+0800][info] GC(164) Concurrent Mark Cycle
[2024-10-12T07:55:09.622+0800][info] GC(164) Concurrent Clear Claimed Marks
[2024-10-12T07:55:09.622+0800][info] GC(164) Concurrent Clear Claimed Marks 0.016ms
[2024-10-12T07:55:09.622+0800][info] GC(164) Concurrent Scan Root Regions
[2024-10-12T07:55:09.622+0800][info] GC(164) Concurrent Scan Root Regions 0.151ms
[2024-10-12T07:55:09.622+0800][info] GC(164) Concurrent Mark
[2024-10-12T07:55:09.622+0800][info] GC(164) Concurrent Mark From Roots
[2024-10-12T07:55:09.622+0800][info] GC(164) Using 12 workers of 12 for marking
[2024-10-12T07:55:09.627+0800][info] GC(164) Concurrent Mark From Roots 5.601ms
[2024-10-12T07:55:09.627+0800][info] GC(164) Concurrent Preclean
[2024-10-12T07:55:09.629+0800][info] GC(164) Concurrent Preclean 1.715ms
[2024-10-12T07:55:09.629+0800][info] GC(164) Pause Remark
[2024-10-12T07:55:09.631+0800][info] GC(164) Pause Remark 106M->106M(128M) 1.539ms
[2024-10-12T07:55:09.631+0800][info] GC(164) User=0.00s Sys=0.00s Real=0.00s
[2024-10-12T07:55:09.631+0800][info] GC(164) Concurrent Mark 9.118ms
[2024-10-12T07:55:09.631+0800][info] GC(164) Concurrent Rebuild Remembered Sets
[2024-10-12T07:55:09.632+0800][info] GC(164) Concurrent Rebuild Remembered Sets 1.290ms
[2024-10-12T07:55:09.632+0800][info] GC(164) Pause Cleanup
[2024-10-12T07:55:09.633+0800][info] GC(164) Pause Cleanup 106M->106M(128M) 0.221ms
[2024-10-12T07:55:09.633+0800][info] GC(164) User=0.00s Sys=0.00s Real=0.00s
[2024-10-12T07:55:09.633+0800][info] GC(164) Concurrent Cleanup for Next Mark
[2024-10-12T07:55:09.633+0800][info] GC(164) Concurrent Cleanup for Next Mark 0.394ms
[2024-10-12T07:55:09.633+0800][info] GC(164) Concurrent Mark Cycle 11.549ms
[2024-10-12T07:55:09.775+0800][info] GC(165) Pause Young (Prepare Mixed) (G1 Preventive Collection)
[2024-10-12T07:55:09.775+0800][info] GC(165) Using 3 workers of 48 for evacuation
[2024-10-12T07:55:09.777+0800][info] GC(165)   Pre Evacuate Collection Set: 0.1ms
[2024-10-12T07:55:09.777+0800][info] GC(165)   Merge Heap Roots: 0.1ms
[2024-10-12T07:55:09.777+0800][info] GC(165)   Evacuate Collection Set: 1.0ms
[2024-10-12T07:55:09.777+0800][info] GC(165)   Post Evacuate Collection Set: 0.2ms
[2024-10-12T07:55:09.777+0800][info] GC(165)   Other: 0.2ms
[2024-10-12T07:55:09.777+0800][info] GC(165) Eden regions: 2->0(2)
[2024-10-12T07:55:09.777+0800][info] GC(165) Survivor regions: 1->1(1)
[2024-10-12T07:55:09.777+0800][info] GC(165) Old regions: 52->53
[2024-10-12T07:55:09.777+0800][info] GC(165) Archive regions: 2->2
[2024-10-12T07:55:09.777+0800][info] GC(165) Humongous regions: 3->3
[2024-10-12T07:55:09.777+0800][info] GC(165) Metaspace: 1614K(1792K)->1614K(1792K) NonClass: 1490K(1600K)->1490K(1600K) Class: 124K(192K)->124K(192K)
[2024-10-12T07:55:09.777+0800][info] GC(165) Pause Young (Prepare Mixed) (G1 Preventive Collection) 109M->108M(128M) 1.672ms
[2024-10-12T07:55:09.777+0800][info] GC(165) User=0.00s Sys=0.00s Real=0.00s
[2024-10-12T07:55:09.838+0800][info] GC(166) Pause Young (Mixed) (G1 Preventive Collection)
[2024-10-12T07:55:09.838+0800][info] GC(166) Using 3 workers of 48 for evacuation
[2024-10-12T07:55:09.840+0800][info] GC(166) To-space exhausted
[2024-10-12T07:55:09.840+0800][info] GC(166)   Pre Evacuate Collection Set: 0.1ms
[2024-10-12T07:55:09.840+0800][info] GC(166)   Merge Heap Roots: 0.1ms
[2024-10-12T07:55:09.840+0800][info] GC(166)   Evacuate Collection Set: 1.4ms
[2024-10-12T07:55:09.840+0800][info] GC(166)   Post Evacuate Collection Set: 0.3ms
[2024-10-12T07:55:09.840+0800][info] GC(166)   Other: 0.2ms
[2024-10-12T07:55:09.840+0800][info] GC(166) Eden regions: 1->0(2)
[2024-10-12T07:55:09.840+0800][info] GC(166) Survivor regions: 1->1(1)
[2024-10-12T07:55:09.840+0800][info] GC(166) Old regions: 53->51
[2024-10-12T07:55:09.840+0800][info] GC(166) Archive regions: 2->2
[2024-10-12T07:55:09.840+0800][info] GC(166) Humongous regions: 3->3
[2024-10-12T07:55:09.840+0800][info] GC(166) Metaspace: 1614K(1792K)->1614K(1792K) NonClass: 1490K(1600K)->1490K(1600K) Class: 124K(192K)->124K(192K)
[2024-10-12T07:55:09.840+0800][info] GC(166) Pause Young (Mixed) (G1 Preventive Collection) 110M->106M(128M) 2.263ms
[2024-10-12T07:55:09.840+0800][info] GC(166) User=0.01s Sys=0.00s Real=0.00s
[2024-10-12T07:55:09.943+0800][info] GC(167) Pause Young (Mixed) (G1 Preventive Collection)
[2024-10-12T07:55:09.943+0800][info] GC(167) Using 3 workers of 48 for evacuation
[2024-10-12T07:55:09.945+0800][info] GC(167) To-space exhausted
[2024-10-12T07:55:09.945+0800][info] GC(167)   Pre Evacuate Collection Set: 0.1ms
[2024-10-12T07:55:09.945+0800][info] GC(167)   Merge Heap Roots: 0.1ms
[2024-10-12T07:55:09.945+0800][info] GC(167)   Evacuate Collection Set: 1.7ms
[2024-10-12T07:55:09.945+0800][info] GC(167)   Post Evacuate Collection Set: 0.3ms
[2024-10-12T07:55:09.945+0800][info] GC(167)   Other: 0.2ms
[2024-10-12T07:55:09.945+0800][info] GC(167) Eden regions: 2->0(2)
[2024-10-12T07:55:09.945+0800][info] GC(167) Survivor regions: 1->1(1)
[2024-10-12T07:55:09.945+0800][info] GC(167) Old regions: 51->56
[2024-10-12T07:55:09.945+0800][info] GC(167) Archive regions: 2->2
[2024-10-12T07:55:09.945+0800][info] GC(167) Humongous regions: 3->3
[2024-10-12T07:55:09.945+0800][info] GC(167) Metaspace: 1614K(1792K)->1614K(1792K) NonClass: 1490K(1600K)->1490K(1600K) Class: 124K(192K)->124K(192K)
[2024-10-12T07:55:09.945+0800][info] GC(167) Pause Young (Mixed) (G1 Preventive Collection) 109M->116M(128M) 2.520ms
[2024-10-12T07:55:09.945+0800][info] GC(167) User=0.00s Sys=0.00s Real=0.01s
[2024-10-12T07:55:10.007+0800][info] GC(168) Pause Young (Mixed) (G1 Preventive Collection)
[2024-10-12T07:55:10.007+0800][info] GC(168) Using 3 workers of 48 for evacuation
[2024-10-12T07:55:10.009+0800][info] GC(168) To-space exhausted
[2024-10-12T07:55:10.009+0800][info] GC(168)   Pre Evacuate Collection Set: 0.1ms
[2024-10-12T07:55:10.009+0800][info] GC(168)   Merge Heap Roots: 0.1ms
[2024-10-12T07:55:10.009+0800][info] GC(168)   Evacuate Collection Set: 0.9ms
[2024-10-12T07:55:10.009+0800][info] GC(168)   Post Evacuate Collection Set: 0.3ms
[2024-10-12T07:55:10.009+0800][info] GC(168)   Other: 0.2ms
[2024-10-12T07:55:10.009+0800][info] GC(168) Eden regions: 1->0(2)
[2024-10-12T07:55:10.009+0800][info] GC(168) Survivor regions: 1->1(1)
[2024-10-12T07:55:10.009+0800][info] GC(168) Old regions: 56->57
[2024-10-12T07:55:10.009+0800][info] GC(168) Archive regions: 2->2
[2024-10-12T07:55:10.009+0800][info] GC(168) Humongous regions: 3->3
[2024-10-12T07:55:10.009+0800][info] GC(168) Metaspace: 1616K(1792K)->1616K(1792K) NonClass: 1492K(1600K)->1492K(1600K) Class: 124K(192K)->124K(192K)
[2024-10-12T07:55:10.009+0800][info] GC(168) Pause Young (Mixed) (G1 Preventive Collection) 118M->118M(128M) 1.653ms
[2024-10-12T07:55:10.009+0800][info] GC(168) User=0.00s Sys=0.00s Real=0.00s
[2024-10-12T07:55:10.050+0800][info] GC(169) Pause Young (Concurrent Start) (G1 Evacuation Pause)
[2024-10-12T07:55:10.050+0800][info] GC(169) Using 3 workers of 48 for evacuation
[2024-10-12T07:55:10.051+0800][info] GC(169) To-space exhausted
[2024-10-12T07:55:10.051+0800][info] GC(169)   Pre Evacuate Collection Set: 0.1ms
[2024-10-12T07:55:10.051+0800][info] GC(169)   Merge Heap Roots: 0.1ms
[2024-10-12T07:55:10.051+0800][info] GC(169)   Evacuate Collection Set: 0.2ms
[2024-10-12T07:55:10.051+0800][info] GC(169)   Post Evacuate Collection Set: 0.3ms
[2024-10-12T07:55:10.051+0800][info] GC(169)   Other: 0.4ms
[2024-10-12T07:55:10.051+0800][info] GC(169) Eden regions: 1->0(3)
[2024-10-12T07:55:10.051+0800][info] GC(169) Survivor regions: 1->0(0)
[2024-10-12T07:55:10.051+0800][info] GC(169) Old regions: 57->59
[2024-10-12T07:55:10.051+0800][info] GC(169) Archive regions: 2->2
[2024-10-12T07:55:10.051+0800][info] GC(169) Humongous regions: 3->3
[2024-10-12T07:55:10.051+0800][info] GC(169) Metaspace: 1616K(1792K)->1616K(1792K) NonClass: 1492K(1600K)->1492K(1600K) Class: 124K(192K)->124K(192K)
[2024-10-12T07:55:10.051+0800][info] GC(169) Pause Young (Concurrent Start) (G1 Evacuation Pause) 120M->120M(128M) 1.103ms
[2024-10-12T07:55:10.051+0800][info] GC(169) User=0.00s Sys=0.00s Real=0.00s
[2024-10-12T07:55:10.051+0800][info] Attempting full compaction
[2024-10-12T07:55:10.051+0800][info] GC(170) Using 3 workers of 48 for full compaction
[2024-10-12T07:55:10.051+0800][info] GC(171) Concurrent Mark Cycle
[2024-10-12T07:55:10.051+0800][info] GC(170) Pause Full (G1 Compaction Pause)
[2024-10-12T07:55:10.051+0800][info] GC(171) Concurrent Clear Claimed Marks
[2024-10-12T07:55:10.051+0800][info] GC(171) Concurrent Clear Claimed Marks 0.045ms
[2024-10-12T07:55:10.051+0800][info] GC(171) Concurrent Scan Root Regions
[2024-10-12T07:55:10.051+0800][info] GC(171) Concurrent Scan Root Regions 0.010ms
[2024-10-12T07:55:10.051+0800][info] GC(171) Concurrent Mark
[2024-10-12T07:55:10.051+0800][info] GC(171) Concurrent Mark From Roots
[2024-10-12T07:55:10.051+0800][info] GC(171) Using 12 workers of 12 for marking
[2024-10-12T07:55:10.051+0800][info] GC(170) Phase 1: Mark live objects
[2024-10-12T07:55:10.055+0800][info] GC(170) Phase 1: Mark live objects 3.218ms
[2024-10-12T07:55:10.055+0800][info] GC(170) Phase 2: Prepare for compaction
[2024-10-12T07:55:10.055+0800][info] GC(170) Phase 2: Prepare for compaction 0.615ms
[2024-10-12T07:55:10.055+0800][info] GC(170) Phase 3: Adjust pointers
[2024-10-12T07:55:10.057+0800][info] GC(170) Phase 3: Adjust pointers 1.471ms
[2024-10-12T07:55:10.057+0800][info] GC(170) Phase 4: Compact heap
[2024-10-12T07:55:10.070+0800][info] GC(170) Phase 4: Compact heap 12.664ms
[2024-10-12T07:55:10.071+0800][info] GC(170) Eden regions: 0->0(4)
[2024-10-12T07:55:10.071+0800][info] GC(170) Survivor regions: 0->0(0)
[2024-10-12T07:55:10.071+0800][info] GC(170) Old regions: 59->38
[2024-10-12T07:55:10.071+0800][info] GC(170) Archive regions: 2->2
[2024-10-12T07:55:10.071+0800][info] GC(170) Humongous regions: 3->3
[2024-10-12T07:55:10.071+0800][info] GC(170) Metaspace: 1616K(1792K)->1616K(1792K) NonClass: 1492K(1600K)->1492K(1600K) Class: 124K(192K)->124K(192K)
[2024-10-12T07:55:10.071+0800][info] GC(170) Pause Full (G1 Compaction Pause) 120M->72M(128M) 19.795ms
[2024-10-12T07:55:10.071+0800][info] GC(170) User=0.05s Sys=0.00s Real=0.02s
[2024-10-12T07:55:10.071+0800][info] GC(171) Concurrent Mark From Roots 20.005ms
[2024-10-12T07:55:10.071+0800][info] GC(171) Concurrent Mark Abort
[2024-10-12T07:55:10.071+0800][info] GC(171) Concurrent Mark Cycle 20.215ms
[2024-10-12T07:55:10.297+0800][info] GC(172) Pause Young (Normal) (G1 Evacuation Pause)
[2024-10-12T07:55:10.297+0800][info] GC(172) Using 3 workers of 48 for evacuation
[2024-10-12T07:55:10.299+0800][info] GC(172)   Pre Evacuate Collection Set: 0.1ms
[2024-10-12T07:55:10.299+0800][info] GC(172)   Merge Heap Roots: 0.0ms
[2024-10-12T07:55:10.299+0800][info] GC(172)   Evacuate Collection Set: 1.3ms
[2024-10-12T07:55:10.299+0800][info] GC(172)   Post Evacuate Collection Set: 0.2ms
[2024-10-12T07:55:10.299+0800][info] GC(172)   Other: 0.3ms
[2024-10-12T07:55:10.299+0800][info] GC(172) Eden regions: 4->0(2)
[2024-10-12T07:55:10.299+0800][info] GC(172) Survivor regions: 0->1(1)
[2024-10-12T07:55:10.299+0800][info] GC(172) Old regions: 38->41
[2024-10-12T07:55:10.299+0800][info] GC(172) Archive regions: 2->2
[2024-10-12T07:55:10.299+0800][info] GC(172) Humongous regions: 3->3
[2024-10-12T07:55:10.299+0800][info] GC(172) Metaspace: 1617K(1792K)->1617K(1792K) NonClass: 1493K(1600K)->1493K(1600K) Class: 124K(192K)->124K(192K)
[2024-10-12T07:55:10.299+0800][info] GC(172) Pause Young (Normal) (G1 Evacuation Pause) 80M->79M(128M) 2.005ms
[2024-10-12T07:55:10.299+0800][info] GC(172) User=0.01s Sys=0.00s Real=0.00s
[2024-10-12T07:55:10.401+0800][info] GC(173) Pause Young (Normal) (G1 Evacuation Pause)
[2024-10-12T07:55:10.401+0800][info] GC(173) Using 3 workers of 48 for evacuation
[2024-10-12T07:55:10.403+0800][info] GC(173)   Pre Evacuate Collection Set: 0.1ms
[2024-10-12T07:55:10.403+0800][info] GC(173)   Merge Heap Roots: 0.1ms
[2024-10-12T07:55:10.403+0800][info] GC(173)   Evacuate Collection Set: 1.1ms
[2024-10-12T07:55:10.403+0800][info] GC(173)   Post Evacuate Collection Set: 0.2ms
[2024-10-12T07:55:10.403+0800][info] GC(173)   Other: 0.2ms
[2024-10-12T07:55:10.403+0800][info] GC(173) Eden regions: 2->0(2)
[2024-10-12T07:55:10.403+0800][info] GC(173) Survivor regions: 1->1(1)
[2024-10-12T07:55:10.403+0800][info] GC(173) Old regions: 41->43
[2024-10-12T07:55:10.403+0800][info] GC(173) Archive regions: 2->2
[2024-10-12T07:55:10.403+0800][info] GC(173) Humongous regions: 3->3
[2024-10-12T07:55:10.403+0800][info] GC(173) Metaspace: 1617K(1792K)->1617K(1792K) NonClass: 1493K(1600K)->1493K(1600K) Class: 124K(192K)->124K(192K)
[2024-10-12T07:55:10.403+0800][info] GC(173) Pause Young (Normal) (G1 Evacuation Pause) 83M->83M(128M) 1.818ms
[2024-10-12T07:55:10.403+0800][info] GC(173) User=0.00s Sys=0.00s Real=0.00s
[2024-10-12T07:55:10.506+0800][info] GC(174) Pause Young (Normal) (G1 Evacuation Pause)
[2024-10-12T07:55:10.506+0800][info] GC(174) Using 3 workers of 48 for evacuation
[2024-10-12T07:55:10.507+0800][info] GC(174)   Pre Evacuate Collection Set: 0.1ms
[2024-10-12T07:55:10.507+0800][info] GC(174)   Merge Heap Roots: 0.0ms
[2024-10-12T07:55:10.507+0800][info] GC(174)   Evacuate Collection Set: 1.1ms
[2024-10-12T07:55:10.508+0800][info] GC(174)   Post Evacuate Collection Set: 0.2ms
[2024-10-12T07:55:10.508+0800][info] GC(174)   Other: 0.2ms
[2024-10-12T07:55:10.508+0800][info] GC(174) Eden regions: 2->0(2)
[2024-10-12T07:55:10.508+0800][info] GC(174) Survivor regions: 1->1(1)
[2024-10-12T07:55:10.508+0800][info] GC(174) Old regions: 43->45
[2024-10-12T07:55:10.508+0800][info] GC(174) Archive regions: 2->2
[2024-10-12T07:55:10.508+0800][info] GC(174) Humongous regions: 3->3
[2024-10-12T07:55:10.508+0800][info] GC(174) Metaspace: 1617K(1792K)->1617K(1792K) NonClass: 1493K(1600K)->1493K(1600K) Class: 124K(192K)->124K(192K)
[2024-10-12T07:55:10.508+0800][info] GC(174) Pause Young (Normal) (G1 Evacuation Pause) 87M->87M(128M) 1.760ms
[2024-10-12T07:55:10.508+0800][info] GC(174) User=0.00s Sys=0.00s Real=0.00s
[2024-10-12T07:55:10.610+0800][info] GC(175) Pause Young (Normal) (G1 Evacuation Pause)
[2024-10-12T07:55:10.610+0800][info] GC(175) Using 3 workers of 48 for evacuation
[2024-10-12T07:55:10.611+0800][info] GC(175)   Pre Evacuate Collection Set: 0.1ms
[2024-10-12T07:55:10.611+0800][info] GC(175)   Merge Heap Roots: 0.1ms
[2024-10-12T07:55:10.611+0800][info] GC(175)   Evacuate Collection Set: 1.1ms
[2024-10-12T07:55:10.611+0800][info] GC(175)   Post Evacuate Collection Set: 0.2ms
[2024-10-12T07:55:10.611+0800][info] GC(175)   Other: 0.2ms
[2024-10-12T07:55:10.611+0800][info] GC(175) Eden regions: 2->0(2)
[2024-10-12T07:55:10.611+0800][info] GC(175) Survivor regions: 1->1(1)
[2024-10-12T07:55:10.611+0800][info] GC(175) Old regions: 45->47
[2024-10-12T07:55:10.611+0800][info] GC(175) Archive regions: 2->2
[2024-10-12T07:55:10.611+0800][info] GC(175) Humongous regions: 3->3
[2024-10-12T07:55:10.611+0800][info] GC(175) Metaspace: 1617K(1792K)->1617K(1792K) NonClass: 1493K(1600K)->1493K(1600K) Class: 124K(192K)->124K(192K)
[2024-10-12T07:55:10.611+0800][info] GC(175) Pause Young (Normal) (G1 Evacuation Pause) 91M->91M(128M) 1.753ms
[2024-10-12T07:55:10.611+0800][info] GC(175) User=0.00s Sys=0.00s Real=0.00s
[2024-10-12T07:55:10.612+0800][info] GC(176) Pause Young (Concurrent Start) (G1 Humongous Allocation)
[2024-10-12T07:55:10.612+0800][info] GC(176) Using 3 workers of 48 for evacuation
[2024-10-12T07:55:10.613+0800][info] GC(176)   Pre Evacuate Collection Set: 0.0ms
[2024-10-12T07:55:10.613+0800][info] GC(176)   Merge Heap Roots: 0.0ms
[2024-10-12T07:55:10.613+0800][info] GC(176)   Evacuate Collection Set: 0.7ms
[2024-10-12T07:55:10.613+0800][info] GC(176)   Post Evacuate Collection Set: 0.2ms
[2024-10-12T07:55:10.613+0800][info] GC(176)   Other: 0.3ms
[2024-10-12T07:55:10.613+0800][info] GC(176) Eden regions: 1->0(2)
[2024-10-12T07:55:10.613+0800][info] GC(176) Survivor regions: 1->1(1)
[2024-10-12T07:55:10.613+0800][info] GC(176) Old regions: 47->48
[2024-10-12T07:55:10.613+0800][info] GC(176) Archive regions: 2->2
[2024-10-12T07:55:10.613+0800][info] GC(176) Humongous regions: 3->3
[2024-10-12T07:55:10.613+0800][info] GC(176) Metaspace: 1617K(1792K)->1617K(1792K) NonClass: 1493K(1600K)->1493K(1600K) Class: 124K(192K)->124K(192K)
[2024-10-12T07:55:10.613+0800][info] GC(176) Pause Young (Concurrent Start) (G1 Humongous Allocation) 91M->92M(128M) 1.370ms
[2024-10-12T07:55:10.613+0800][info] GC(176) User=0.01s Sys=0.00s Real=0.00s
[2024-10-12T07:55:10.613+0800][info] GC(177) Concurrent Mark Cycle
[2024-10-12T07:55:10.613+0800][info] GC(177) Concurrent Clear Claimed Marks
[2024-10-12T07:55:10.613+0800][info] GC(177) Concurrent Clear Claimed Marks 0.016ms
[2024-10-12T07:55:10.613+0800][info] GC(177) Concurrent Scan Root Regions
[2024-10-12T07:55:10.613+0800][info] GC(177) Concurrent Scan Root Regions 0.140ms
[2024-10-12T07:55:10.613+0800][info] GC(177) Concurrent Mark
[2024-10-12T07:55:10.613+0800][info] GC(177) Concurrent Mark From Roots
[2024-10-12T07:55:10.613+0800][info] GC(177) Using 12 workers of 12 for marking
[2024-10-12T07:55:10.617+0800][info] GC(177) Concurrent Mark From Roots 4.056ms
[2024-10-12T07:55:10.617+0800][info] GC(177) Concurrent Preclean
[2024-10-12T07:55:10.619+0800][info] GC(177) Concurrent Preclean 1.674ms
[2024-10-12T07:55:10.619+0800][info] GC(177) Pause Remark
[2024-10-12T07:55:10.621+0800][info] GC(177) Pause Remark 94M->92M(128M) 1.490ms
[2024-10-12T07:55:10.621+0800][info] GC(177) User=0.00s Sys=0.00s Real=0.00s
[2024-10-12T07:55:10.621+0800][info] GC(177) Concurrent Mark 7.462ms
[2024-10-12T07:55:10.621+0800][info] GC(177) Concurrent Rebuild Remembered Sets
[2024-10-12T07:55:10.622+0800][info] GC(177) Concurrent Rebuild Remembered Sets 1.281ms
[2024-10-12T07:55:10.622+0800][info] GC(177) Pause Cleanup
[2024-10-12T07:55:10.622+0800][info] GC(177) Pause Cleanup 92M->92M(128M) 0.282ms
[2024-10-12T07:55:10.623+0800][info] GC(177) User=0.00s Sys=0.00s Real=0.00s
[2024-10-12T07:55:10.623+0800][info] GC(177) Concurrent Cleanup for Next Mark
[2024-10-12T07:55:10.623+0800][info] GC(177) Concurrent Cleanup for Next Mark 0.425ms
[2024-10-12T07:55:10.623+0800][info] GC(177) Concurrent Mark Cycle 9.892ms
[2024-10-12T07:55:10.787+0800][info] GC(178) Pause Young (Prepare Mixed) (G1 Evacuation Pause)
[2024-10-12T07:55:10.787+0800][info] GC(178) Using 3 workers of 48 for evacuation
[2024-10-12T07:55:10.789+0800][info] GC(178)   Pre Evacuate Collection Set: 0.1ms
[2024-10-12T07:55:10.789+0800][info] GC(178)   Merge Heap Roots: 0.1ms
[2024-10-12T07:55:10.789+0800][info] GC(178)   Evacuate Collection Set: 0.9ms
[2024-10-12T07:55:10.789+0800][info] GC(178)   Post Evacuate Collection Set: 0.2ms
[2024-10-12T07:55:10.789+0800][info] GC(178)   Other: 0.3ms
[2024-10-12T07:55:10.789+0800][info] GC(178) Eden regions: 2->0(2)
[2024-10-12T07:55:10.789+0800][info] GC(178) Survivor regions: 1->1(1)
[2024-10-12T07:55:10.789+0800][info] GC(178) Old regions: 46->47
[2024-10-12T07:55:10.789+0800][info] GC(178) Archive regions: 2->2
[2024-10-12T07:55:10.789+0800][info] GC(178) Humongous regions: 4->3
[2024-10-12T07:55:10.789+0800][info] GC(178) Metaspace: 1622K(1792K)->1622K(1792K) NonClass: 1498K(1600K)->1498K(1600K) Class: 124K(192K)->124K(192K)
[2024-10-12T07:55:10.789+0800][info] GC(178) Pause Young (Prepare Mixed) (G1 Evacuation Pause) 96M->94M(128M) 1.610ms
[2024-10-12T07:55:10.789+0800][info] GC(178) User=0.00s Sys=0.00s Real=0.00s
[2024-10-12T07:55:10.892+0800][info] GC(179) Pause Young (Mixed) (G1 Evacuation Pause)
[2024-10-12T07:55:10.892+0800][info] GC(179) Using 3 workers of 48 for evacuation
[2024-10-12T07:55:10.894+0800][info] GC(179)   Pre Evacuate Collection Set: 0.1ms
[2024-10-12T07:55:10.894+0800][info] GC(179)   Merge Heap Roots: 0.1ms
[2024-10-12T07:55:10.894+0800][info] GC(179)   Evacuate Collection Set: 1.8ms
[2024-10-12T07:55:10.894+0800][info] GC(179)   Post Evacuate Collection Set: 0.2ms
[2024-10-12T07:55:10.894+0800][info] GC(179)   Other: 0.2ms
[2024-10-12T07:55:10.894+0800][info] GC(179) Eden regions: 2->0(2)
[2024-10-12T07:55:10.894+0800][info] GC(179) Survivor regions: 1->1(1)
[2024-10-12T07:55:10.894+0800][info] GC(179) Old regions: 47->47
[2024-10-12T07:55:10.894+0800][info] GC(179) Archive regions: 2->2
[2024-10-12T07:55:10.894+0800][info] GC(179) Humongous regions: 3->3
[2024-10-12T07:55:10.894+0800][info] GC(179) Metaspace: 1622K(1792K)->1622K(1792K) NonClass: 1498K(1600K)->1498K(1600K) Class: 124K(192K)->124K(192K)
[2024-10-12T07:55:10.894+0800][info] GC(179) Pause Young (Mixed) (G1 Evacuation Pause) 98M->94M(128M) 2.555ms
[2024-10-12T07:55:10.894+0800][info] GC(179) User=0.01s Sys=0.00s Real=0.01s
[2024-10-12T07:55:10.996+0800][info] GC(180) Pause Young (Normal) (G1 Evacuation Pause)
[2024-10-12T07:55:10.996+0800][info] GC(180) Using 3 workers of 48 for evacuation
[2024-10-12T07:55:10.998+0800][info] GC(180)   Pre Evacuate Collection Set: 0.1ms
[2024-10-12T07:55:10.998+0800][info] GC(180)   Merge Heap Roots: 0.1ms
[2024-10-12T07:55:10.998+0800][info] GC(180)   Evacuate Collection Set: 1.1ms
[2024-10-12T07:55:10.998+0800][info] GC(180)   Post Evacuate Collection Set: 0.2ms
[2024-10-12T07:55:10.998+0800][info] GC(180)   Other: 0.2ms
[2024-10-12T07:55:10.998+0800][info] GC(180) Eden regions: 2->0(2)
[2024-10-12T07:55:10.998+0800][info] GC(180) Survivor regions: 1->1(1)
[2024-10-12T07:55:10.998+0800][info] GC(180) Old regions: 47->49
[2024-10-12T07:55:10.998+0800][info] GC(180) Archive regions: 2->2
[2024-10-12T07:55:10.998+0800][info] GC(180) Humongous regions: 3->3
[2024-10-12T07:55:10.998+0800][info] GC(180) Metaspace: 1622K(1792K)->1622K(1792K) NonClass: 1498K(1600K)->1498K(1600K) Class: 124K(192K)->124K(192K)
[2024-10-12T07:55:10.998+0800][info] GC(180) Pause Young (Normal) (G1 Evacuation Pause) 98M->98M(128M) 1.792ms
[2024-10-12T07:55:10.998+0800][info] GC(180) User=0.01s Sys=0.00s Real=0.00s
[2024-10-12T07:55:11.101+0800][info] GC(181) Pause Young (Concurrent Start) (G1 Evacuation Pause)
[2024-10-12T07:55:11.101+0800][info] GC(181) Using 3 workers of 48 for evacuation
[2024-10-12T07:55:11.103+0800][info] GC(181)   Pre Evacuate Collection Set: 0.1ms
[2024-10-12T07:55:11.103+0800][info] GC(181)   Merge Heap Roots: 0.1ms
[2024-10-12T07:55:11.103+0800][info] GC(181)   Evacuate Collection Set: 1.1ms
[2024-10-12T07:55:11.103+0800][info] GC(181)   Post Evacuate Collection Set: 0.2ms
[2024-10-12T07:55:11.103+0800][info] GC(181)   Other: 0.9ms
[2024-10-12T07:55:11.103+0800][info] GC(181) Eden regions: 2->0(2)
[2024-10-12T07:55:11.103+0800][info] GC(181) Survivor regions: 1->1(1)
[2024-10-12T07:55:11.103+0800][info] GC(181) Old regions: 49->51
[2024-10-12T07:55:11.103+0800][info] GC(181) Archive regions: 2->2
[2024-10-12T07:55:11.103+0800][info] GC(181) Humongous regions: 3->3
[2024-10-12T07:55:11.103+0800][info] GC(181) Metaspace: 1622K(1792K)->1622K(1792K) NonClass: 1498K(1600K)->1498K(1600K) Class: 124K(192K)->124K(192K)
[2024-10-12T07:55:11.103+0800][info] GC(181) Pause Young (Concurrent Start) (G1 Evacuation Pause) 102M->102M(128M) 2.481ms
[2024-10-12T07:55:11.103+0800][info] GC(181) User=0.00s Sys=0.00s Real=0.00s
[2024-10-12T07:55:11.103+0800][info] GC(182) Concurrent Mark Cycle
[2024-10-12T07:55:11.103+0800][info] GC(182) Concurrent Clear Claimed Marks
[2024-10-12T07:55:11.103+0800][info] GC(182) Concurrent Clear Claimed Marks 0.016ms
[2024-10-12T07:55:11.103+0800][info] GC(182) Concurrent Scan Root Regions
[2024-10-12T07:55:11.103+0800][info] GC(182) Concurrent Scan Root Regions 0.147ms
[2024-10-12T07:55:11.103+0800][info] GC(182) Concurrent Mark
[2024-10-12T07:55:11.103+0800][info] GC(182) Concurrent Mark From Roots
[2024-10-12T07:55:11.103+0800][info] GC(182) Using 12 workers of 12 for marking
[2024-10-12T07:55:11.108+0800][info] GC(182) Concurrent Mark From Roots 4.145ms
[2024-10-12T07:55:11.108+0800][info] GC(182) Concurrent Preclean
[2024-10-12T07:55:11.109+0800][info] GC(182) Concurrent Preclean 1.690ms
[2024-10-12T07:55:11.109+0800][info] GC(182) Pause Remark
[2024-10-12T07:55:11.111+0800][info] GC(182) Pause Remark 103M->103M(128M) 1.513ms
[2024-10-12T07:55:11.111+0800][info] GC(182) User=0.00s Sys=0.00s Real=0.00s
[2024-10-12T07:55:11.111+0800][info] GC(182) Concurrent Mark 7.684ms
[2024-10-12T07:55:11.111+0800][info] GC(182) Concurrent Rebuild Remembered Sets
[2024-10-12T07:55:11.112+0800][info] GC(182) Concurrent Rebuild Remembered Sets 1.290ms
[2024-10-12T07:55:11.113+0800][info] GC(182) Pause Cleanup
[2024-10-12T07:55:11.113+0800][info] GC(182) Pause Cleanup 103M->103M(128M) 0.200ms
[2024-10-12T07:55:11.113+0800][info] GC(182) User=0.00s Sys=0.00s Real=0.00s
[2024-10-12T07:55:11.113+0800][info] GC(182) Concurrent Cleanup for Next Mark
[2024-10-12T07:55:11.113+0800][info] GC(182) Concurrent Cleanup for Next Mark 0.472ms
[2024-10-12T07:55:11.113+0800][info] GC(182) Concurrent Mark Cycle 10.082ms
[2024-10-12T07:55:11.256+0800][info] GC(183) Pause Young (Prepare Mixed) (G1 Evacuation Pause)
[2024-10-12T07:55:11.256+0800][info] GC(183) Using 3 workers of 48 for evacuation
[2024-10-12T07:55:11.258+0800][info] GC(183)   Pre Evacuate Collection Set: 0.1ms
[2024-10-12T07:55:11.258+0800][info] GC(183)   Merge Heap Roots: 0.1ms
[2024-10-12T07:55:11.258+0800][info] GC(183)   Evacuate Collection Set: 1.1ms
[2024-10-12T07:55:11.258+0800][info] GC(183)   Post Evacuate Collection Set: 0.2ms
[2024-10-12T07:55:11.258+0800][info] GC(183)   Other: 0.2ms
[2024-10-12T07:55:11.258+0800][info] GC(183) Eden regions: 2->0(2)
[2024-10-12T07:55:11.258+0800][info] GC(183) Survivor regions: 1->1(1)
[2024-10-12T07:55:11.258+0800][info] GC(183) Old regions: 51->53
[2024-10-12T07:55:11.258+0800][info] GC(183) Archive regions: 2->2
[2024-10-12T07:55:11.258+0800][info] GC(183) Humongous regions: 3->3
[2024-10-12T07:55:11.258+0800][info] GC(183) Metaspace: 1622K(1792K)->1622K(1792K) NonClass: 1498K(1600K)->1498K(1600K) Class: 124K(192K)->124K(192K)
[2024-10-12T07:55:11.258+0800][info] GC(183) Pause Young (Prepare Mixed) (G1 Evacuation Pause) 106M->106M(128M) 1.813ms
[2024-10-12T07:55:11.258+0800][info] GC(183) User=0.00s Sys=0.00s Real=0.00s
[2024-10-12T07:55:11.320+0800][info] GC(184) Pause Young (Mixed) (G1 Preventive Collection)
[2024-10-12T07:55:11.320+0800][info] GC(184) Using 3 workers of 48 for evacuation
[2024-10-12T07:55:11.322+0800][info] GC(184)   Pre Evacuate Collection Set: 0.1ms
[2024-10-12T07:55:11.322+0800][info] GC(184)   Merge Heap Roots: 0.1ms
[2024-10-12T07:55:11.322+0800][info] GC(184)   Evacuate Collection Set: 1.5ms
[2024-10-12T07:55:11.322+0800][info] GC(184)   Post Evacuate Collection Set: 0.2ms
[2024-10-12T07:55:11.322+0800][info] GC(184)   Other: 0.2ms
[2024-10-12T07:55:11.322+0800][info] GC(184) Eden regions: 1->0(2)
[2024-10-12T07:55:11.322+0800][info] GC(184) Survivor regions: 1->1(1)
[2024-10-12T07:55:11.322+0800][info] GC(184) Old regions: 53->49
[2024-10-12T07:55:11.322+0800][info] GC(184) Archive regions: 2->2
[2024-10-12T07:55:11.322+0800][info] GC(184) Humongous regions: 3->3
[2024-10-12T07:55:11.322+0800][info] GC(184) Metaspace: 1622K(1792K)->1622K(1792K) NonClass: 1498K(1600K)->1498K(1600K) Class: 124K(192K)->124K(192K)
[2024-10-12T07:55:11.322+0800][info] GC(184) Pause Young (Mixed) (G1 Preventive Collection) 108M->100M(128M) 2.256ms
[2024-10-12T07:55:11.322+0800][info] GC(184) User=0.00s Sys=0.00s Real=0.00s
[2024-10-12T07:55:11.425+0800][info] GC(185) Pause Young (Mixed) (G1 Evacuation Pause)
[2024-10-12T07:55:11.425+0800][info] GC(185) Using 3 workers of 48 for evacuation
[2024-10-12T07:55:11.427+0800][info] GC(185)   Pre Evacuate Collection Set: 0.1ms
[2024-10-12T07:55:11.427+0800][info] GC(185)   Merge Heap Roots: 0.1ms
[2024-10-12T07:55:11.427+0800][info] GC(185)   Evacuate Collection Set: 2.4ms
[2024-10-12T07:55:11.428+0800][info] GC(185)   Post Evacuate Collection Set: 0.3ms
[2024-10-12T07:55:11.428+0800][info] GC(185)   Other: 0.2ms
[2024-10-12T07:55:11.428+0800][info] GC(185) Eden regions: 2->0(2)
[2024-10-12T07:55:11.428+0800][info] GC(185) Survivor regions: 1->1(1)
[2024-10-12T07:55:11.428+0800][info] GC(185) Old regions: 49->48
[2024-10-12T07:55:11.428+0800][info] GC(185) Archive regions: 2->2
[2024-10-12T07:55:11.428+0800][info] GC(185) Humongous regions: 3->3
[2024-10-12T07:55:11.428+0800][info] GC(185) Metaspace: 1622K(1792K)->1622K(1792K) NonClass: 1498K(1600K)->1498K(1600K) Class: 124K(192K)->124K(192K)
[2024-10-12T07:55:11.428+0800][info] GC(185) Pause Young (Mixed) (G1 Evacuation Pause) 104M->100M(128M) 3.141ms
[2024-10-12T07:55:11.428+0800][info] GC(185) User=0.01s Sys=0.00s Real=0.01s
[2024-10-12T07:55:11.530+0800][info] GC(186) Pause Young (Mixed) (G1 Evacuation Pause)
[2024-10-12T07:55:11.530+0800][info] GC(186) Using 3 workers of 48 for evacuation
[2024-10-12T07:55:11.532+0800][info] GC(186)   Pre Evacuate Collection Set: 0.1ms
[2024-10-12T07:55:11.532+0800][info] GC(186)   Merge Heap Roots: 0.1ms
[2024-10-12T07:55:11.532+0800][info] GC(186)   Evacuate Collection Set: 1.7ms
[2024-10-12T07:55:11.532+0800][info] GC(186)   Post Evacuate Collection Set: 0.2ms
[2024-10-12T07:55:11.532+0800][info] GC(186)   Other: 0.2ms
[2024-10-12T07:55:11.532+0800][info] GC(186) Eden regions: 2->0(2)
[2024-10-12T07:55:11.532+0800][info] GC(186) Survivor regions: 1->1(1)
[2024-10-12T07:55:11.532+0800][info] GC(186) Old regions: 48->48
[2024-10-12T07:55:11.532+0800][info] GC(186) Archive regions: 2->2
[2024-10-12T07:55:11.532+0800][info] GC(186) Humongous regions: 3->3
[2024-10-12T07:55:11.532+0800][info] GC(186) Metaspace: 1622K(1792K)->1622K(1792K) NonClass: 1498K(1600K)->1498K(1600K) Class: 124K(192K)->124K(192K)
[2024-10-12T07:55:11.532+0800][info] GC(186) Pause Young (Mixed) (G1 Evacuation Pause) 103M->100M(128M) 2.420ms
[2024-10-12T07:55:11.532+0800][info] GC(186) User=0.01s Sys=0.00s Real=0.00s
[2024-10-12T07:55:11.635+0800][info] GC(187) Pause Young (Normal) (G1 Evacuation Pause)
[2024-10-12T07:55:11.635+0800][info] GC(187) Using 3 workers of 48 for evacuation
[2024-10-12T07:55:11.636+0800][info] GC(187)   Pre Evacuate Collection Set: 0.1ms
[2024-10-12T07:55:11.636+0800][info] GC(187)   Merge Heap Roots: 0.0ms
[2024-10-12T07:55:11.636+0800][info] GC(187)   Evacuate Collection Set: 0.9ms
[2024-10-12T07:55:11.636+0800][info] GC(187)   Post Evacuate Collection Set: 0.2ms
[2024-10-12T07:55:11.636+0800][info] GC(187)   Other: 0.2ms
[2024-10-12T07:55:11.636+0800][info] GC(187) Eden regions: 2->0(2)
[2024-10-12T07:55:11.636+0800][info] GC(187) Survivor regions: 1->1(1)
[2024-10-12T07:55:11.636+0800][info] GC(187) Old regions: 48->50
[2024-10-12T07:55:11.636+0800][info] GC(187) Archive regions: 2->2
[2024-10-12T07:55:11.636+0800][info] GC(187) Humongous regions: 3->3
[2024-10-12T07:55:11.636+0800][info] GC(187) Metaspace: 1622K(1792K)->1622K(1792K) NonClass: 1498K(1600K)->1498K(1600K) Class: 124K(192K)->124K(192K)
[2024-10-12T07:55:11.636+0800][info] GC(187) Pause Young (Normal) (G1 Evacuation Pause) 103M->104M(128M) 1.630ms
[2024-10-12T07:55:11.636+0800][info] GC(187) User=0.00s Sys=0.00s Real=0.00s
[2024-10-12T07:55:11.738+0800][info] GC(188) Pause Young (Concurrent Start) (G1 Evacuation Pause)
[2024-10-12T07:55:11.739+0800][info] GC(188) Using 3 workers of 48 for evacuation
[2024-10-12T07:55:11.740+0800][info] GC(188)   Pre Evacuate Collection Set: 0.1ms
[2024-10-12T07:55:11.740+0800][info] GC(188)   Merge Heap Roots: 0.1ms
[2024-10-12T07:55:11.740+0800][info] GC(188)   Evacuate Collection Set: 1.0ms
[2024-10-12T07:55:11.740+0800][info] GC(188)   Post Evacuate Collection Set: 0.2ms
[2024-10-12T07:55:11.740+0800][info] GC(188)   Other: 0.4ms
[2024-10-12T07:55:11.740+0800][info] GC(188) Eden regions: 2->0(2)
[2024-10-12T07:55:11.740+0800][info] GC(188) Survivor regions: 1->1(1)
[2024-10-12T07:55:11.740+0800][info] GC(188) Old regions: 50->52
[2024-10-12T07:55:11.740+0800][info] GC(188) Archive regions: 2->2
[2024-10-12T07:55:11.740+0800][info] GC(188) Humongous regions: 3->3
[2024-10-12T07:55:11.740+0800][info] GC(188) Metaspace: 1622K(1792K)->1622K(1792K) NonClass: 1498K(1600K)->1498K(1600K) Class: 124K(192K)->124K(192K)
[2024-10-12T07:55:11.740+0800][info] GC(188) Pause Young (Concurrent Start) (G1 Evacuation Pause) 107M->107M(128M) 1.774ms
[2024-10-12T07:55:11.740+0800][info] GC(188) User=0.01s Sys=0.00s Real=0.00s
[2024-10-12T07:55:11.740+0800][info] GC(189) Concurrent Mark Cycle
[2024-10-12T07:55:11.740+0800][info] GC(189) Concurrent Clear Claimed Marks
[2024-10-12T07:55:11.740+0800][info] GC(189) Concurrent Clear Claimed Marks 0.016ms
[2024-10-12T07:55:11.740+0800][info] GC(189) Concurrent Scan Root Regions
[2024-10-12T07:55:11.741+0800][info] GC(189) Concurrent Scan Root Regions 0.147ms
[2024-10-12T07:55:11.741+0800][info] GC(189) Concurrent Mark
[2024-10-12T07:55:11.741+0800][info] GC(189) Concurrent Mark From Roots
[2024-10-12T07:55:11.741+0800][info] GC(189) Using 12 workers of 12 for marking
[2024-10-12T07:55:11.745+0800][info] GC(189) Concurrent Mark From Roots 3.939ms
[2024-10-12T07:55:11.745+0800][info] GC(189) Concurrent Preclean
[2024-10-12T07:55:11.746+0800][info] GC(189) Concurrent Preclean 1.708ms
[2024-10-12T07:55:11.746+0800][info] GC(189) Pause Remark
[2024-10-12T07:55:11.748+0800][info] GC(189) Pause Remark 108M->106M(128M) 1.490ms
[2024-10-12T07:55:11.748+0800][info] GC(189) User=0.01s Sys=0.01s Real=0.00s
[2024-10-12T07:55:11.748+0800][info] GC(189) Concurrent Mark 7.332ms
[2024-10-12T07:55:11.748+0800][info] GC(189) Concurrent Rebuild Remembered Sets
[2024-10-12T07:55:11.749+0800][info] GC(189) Concurrent Rebuild Remembered Sets 1.189ms
[2024-10-12T07:55:11.749+0800][info] GC(189) Pause Cleanup
[2024-10-12T07:55:11.749+0800][info] GC(189) Pause Cleanup 106M->106M(128M) 0.252ms
[2024-10-12T07:55:11.749+0800][info] GC(189) User=0.00s Sys=0.00s Real=0.00s
[2024-10-12T07:55:11.750+0800][info] GC(189) Concurrent Cleanup for Next Mark
[2024-10-12T07:55:11.750+0800][info] GC(189) Concurrent Cleanup for Next Mark 0.394ms
[2024-10-12T07:55:11.750+0800][info] GC(189) Concurrent Mark Cycle 9.563ms
[2024-10-12T07:55:11.894+0800][info] GC(190) Pause Young (Prepare Mixed) (G1 Evacuation Pause)
[2024-10-12T07:55:11.894+0800][info] GC(190) Using 3 workers of 48 for evacuation
[2024-10-12T07:55:11.895+0800][info] GC(190)   Pre Evacuate Collection Set: 0.1ms
[2024-10-12T07:55:11.895+0800][info] GC(190)   Merge Heap Roots: 0.1ms
[2024-10-12T07:55:11.895+0800][info] GC(190)   Evacuate Collection Set: 0.9ms
[2024-10-12T07:55:11.895+0800][info] GC(190)   Post Evacuate Collection Set: 0.2ms
[2024-10-12T07:55:11.895+0800][info] GC(190)   Other: 0.2ms
[2024-10-12T07:55:11.895+0800][info] GC(190) Eden regions: 2->0(2)
[2024-10-12T07:55:11.895+0800][info] GC(190) Survivor regions: 1->1(1)
[2024-10-12T07:55:11.895+0800][info] GC(190) Old regions: 51->52
[2024-10-12T07:55:11.895+0800][info] GC(190) Archive regions: 2->2
[2024-10-12T07:55:11.895+0800][info] GC(190) Humongous regions: 3->3
[2024-10-12T07:55:11.895+0800][info] GC(190) Metaspace: 1622K(1792K)->1622K(1792K) NonClass: 1498K(1600K)->1498K(1600K) Class: 124K(192K)->124K(192K)
[2024-10-12T07:55:11.895+0800][info] GC(190) Pause Young (Prepare Mixed) (G1 Evacuation Pause) 109M->109M(128M) 1.633ms
[2024-10-12T07:55:11.895+0800][info] GC(190) User=0.00s Sys=0.00s Real=0.00s
[2024-10-12T07:55:11.997+0800][info] GC(191) Pause Young (Mixed) (G1 Preventive Collection)
[2024-10-12T07:55:11.997+0800][info] GC(191) Using 3 workers of 48 for evacuation
[2024-10-12T07:55:11.999+0800][info] GC(191) To-space exhausted
[2024-10-12T07:55:11.999+0800][info] GC(191)   Pre Evacuate Collection Set: 0.1ms
[2024-10-12T07:55:11.999+0800][info] GC(191)   Merge Heap Roots: 0.1ms
[2024-10-12T07:55:11.999+0800][info] GC(191)   Evacuate Collection Set: 1.2ms
[2024-10-12T07:55:11.999+0800][info] GC(191)   Post Evacuate Collection Set: 0.3ms
[2024-10-12T07:55:11.999+0800][info] GC(191)   Other: 0.2ms
[2024-10-12T07:55:11.999+0800][info] GC(191) Eden regions: 2->0(2)
[2024-10-12T07:55:11.999+0800][info] GC(191) Survivor regions: 1->1(1)
[2024-10-12T07:55:11.999+0800][info] GC(191) Old regions: 52->49
[2024-10-12T07:55:11.999+0800][info] GC(191) Archive regions: 2->2
[2024-10-12T07:55:11.999+0800][info] GC(191) Humongous regions: 3->3
[2024-10-12T07:55:11.999+0800][info] GC(191) Metaspace: 1622K(1792K)->1622K(1792K) NonClass: 1498K(1600K)->1498K(1600K) Class: 124K(192K)->124K(192K)
[2024-10-12T07:55:11.999+0800][info] GC(191) Pause Young (Mixed) (G1 Preventive Collection) 112M->105M(128M) 1.888ms
[2024-10-12T07:55:11.999+0800][info] GC(191) User=0.00s Sys=0.00s Real=0.00s
[2024-10-12T07:55:12.102+0800][info] GC(192) Pause Young (Mixed) (G1 Evacuation Pause)
[2024-10-12T07:55:12.102+0800][info] GC(192) Using 3 workers of 48 for evacuation
[2024-10-12T07:55:12.104+0800][info] GC(192)   Pre Evacuate Collection Set: 0.1ms
[2024-10-12T07:55:12.104+0800][info] GC(192)   Merge Heap Roots: 0.1ms
[2024-10-12T07:55:12.104+0800][info] GC(192)   Evacuate Collection Set: 2.0ms
[2024-10-12T07:55:12.104+0800][info] GC(192)   Post Evacuate Collection Set: 0.2ms
[2024-10-12T07:55:12.104+0800][info] GC(192)   Other: 0.2ms
[2024-10-12T07:55:12.104+0800][info] GC(192) Eden regions: 2->0(2)
[2024-10-12T07:55:12.104+0800][info] GC(192) Survivor regions: 1->1(1)
[2024-10-12T07:55:12.104+0800][info] GC(192) Old regions: 49->47
[2024-10-12T07:55:12.104+0800][info] GC(192) Archive regions: 2->2
[2024-10-12T07:55:12.104+0800][info] GC(192) Humongous regions: 3->3
[2024-10-12T07:55:12.104+0800][info] GC(192) Metaspace: 1622K(1792K)->1622K(1792K) NonClass: 1498K(1600K)->1498K(1600K) Class: 124K(192K)->124K(192K)
[2024-10-12T07:55:12.104+0800][info] GC(192) Pause Young (Mixed) (G1 Evacuation Pause) 109M->101M(128M) 2.646ms
[2024-10-12T07:55:12.104+0800][info] GC(192) User=0.00s Sys=0.00s Real=0.00s
[2024-10-12T07:55:12.206+0800][info] GC(193) Pause Young (Normal) (G1 Evacuation Pause)
[2024-10-12T07:55:12.206+0800][info] GC(193) Using 3 workers of 48 for evacuation
[2024-10-12T07:55:12.208+0800][info] GC(193)   Pre Evacuate Collection Set: 0.1ms
[2024-10-12T07:55:12.208+0800][info] GC(193)   Merge Heap Roots: 0.0ms
[2024-10-12T07:55:12.208+0800][info] GC(193)   Evacuate Collection Set: 1.0ms
[2024-10-12T07:55:12.208+0800][info] GC(193)   Post Evacuate Collection Set: 0.2ms
[2024-10-12T07:55:12.208+0800][info] GC(193)   Other: 0.2ms
[2024-10-12T07:55:12.208+0800][info] GC(193) Eden regions: 2->0(2)
[2024-10-12T07:55:12.208+0800][info] GC(193) Survivor regions: 1->1(1)
[2024-10-12T07:55:12.208+0800][info] GC(193) Old regions: 47->49
[2024-10-12T07:55:12.208+0800][info] GC(193) Archive regions: 2->2
[2024-10-12T07:55:12.208+0800][info] GC(193) Humongous regions: 3->3
[2024-10-12T07:55:12.208+0800][info] GC(193) Metaspace: 1622K(1792K)->1622K(1792K) NonClass: 1498K(1600K)->1498K(1600K) Class: 124K(192K)->124K(192K)
[2024-10-12T07:55:12.208+0800][info] GC(193) Pause Young (Normal) (G1 Evacuation Pause) 105M->105M(128M) 1.649ms
[2024-10-12T07:55:12.208+0800][info] GC(193) User=0.01s Sys=0.00s Real=0.00s
[2024-10-12T07:55:12.311+0800][info] GC(194) Pause Young (Concurrent Start) (G1 Evacuation Pause)
[2024-10-12T07:55:12.311+0800][info] GC(194) Using 3 workers of 48 for evacuation
[2024-10-12T07:55:12.312+0800][info] GC(194)   Pre Evacuate Collection Set: 0.1ms
[2024-10-12T07:55:12.312+0800][info] GC(194)   Merge Heap Roots: 0.1ms
[2024-10-12T07:55:12.312+0800][info] GC(194)   Evacuate Collection Set: 0.9ms
[2024-10-12T07:55:12.312+0800][info] GC(194)   Post Evacuate Collection Set: 0.2ms
[2024-10-12T07:55:12.312+0800][info] GC(194)   Other: 0.4ms
[2024-10-12T07:55:12.312+0800][info] GC(194) Eden regions: 2->0(2)
[2024-10-12T07:55:12.312+0800][info] GC(194) Survivor regions: 1->1(1)
[2024-10-12T07:55:12.312+0800][info] GC(194) Old regions: 49->51
[2024-10-12T07:55:12.312+0800][info] GC(194) Archive regions: 2->2
[2024-10-12T07:55:12.312+0800][info] GC(194) Humongous regions: 3->3
[2024-10-12T07:55:12.312+0800][info] GC(194) Metaspace: 1622K(1792K)->1622K(1792K) NonClass: 1498K(1600K)->1498K(1600K) Class: 124K(192K)->124K(192K)
[2024-10-12T07:55:12.312+0800][info] GC(194) Pause Young (Concurrent Start) (G1 Evacuation Pause) 108M->108M(128M) 1.710ms
[2024-10-12T07:55:12.313+0800][info] GC(194) User=0.00s Sys=0.00s Real=0.00s
[2024-10-12T07:55:12.313+0800][info] GC(195) Concurrent Mark Cycle
[2024-10-12T07:55:12.313+0800][info] GC(195) Concurrent Clear Claimed Marks
[2024-10-12T07:55:12.313+0800][info] GC(195) Concurrent Clear Claimed Marks 0.016ms
[2024-10-12T07:55:12.313+0800][info] GC(195) Concurrent Scan Root Regions
[2024-10-12T07:55:12.313+0800][info] GC(195) Concurrent Scan Root Regions 0.163ms
[2024-10-12T07:55:12.313+0800][info] GC(195) Concurrent Mark
[2024-10-12T07:55:12.313+0800][info] GC(195) Concurrent Mark From Roots
[2024-10-12T07:55:12.313+0800][info] GC(195) Using 12 workers of 12 for marking
[2024-10-12T07:55:12.317+0800][info] GC(195) Concurrent Mark From Roots 4.105ms
[2024-10-12T07:55:12.317+0800][info] GC(195) Concurrent Preclean
[2024-10-12T07:55:12.319+0800][info] GC(195) Concurrent Preclean 1.698ms
[2024-10-12T07:55:12.319+0800][info] GC(195) Pause Remark
[2024-10-12T07:55:12.320+0800][info] GC(195) Pause Remark 109M->109M(128M) 1.578ms
[2024-10-12T07:55:12.320+0800][info] GC(195) User=0.00s Sys=0.01s Real=0.00s
[2024-10-12T07:55:12.321+0800][info] GC(195) Concurrent Mark 7.699ms
[2024-10-12T07:55:12.321+0800][info] GC(195) Concurrent Rebuild Remembered Sets
[2024-10-12T07:55:12.322+0800][info] GC(195) Concurrent Rebuild Remembered Sets 1.377ms
[2024-10-12T07:55:12.322+0800][info] GC(195) Pause Cleanup
[2024-10-12T07:55:12.322+0800][info] GC(195) Pause Cleanup 109M->109M(128M) 0.294ms
[2024-10-12T07:55:12.322+0800][info] GC(195) User=0.00s Sys=0.00s Real=0.00s
[2024-10-12T07:55:12.323+0800][info] GC(195) Concurrent Cleanup for Next Mark
[2024-10-12T07:55:12.323+0800][info] GC(195) Concurrent Cleanup for Next Mark 0.437ms
[2024-10-12T07:55:12.323+0800][info] GC(195) Concurrent Mark Cycle 10.353ms
[2024-10-12T07:55:12.466+0800][info] GC(196) Pause Young (Prepare Mixed) (G1 Evacuation Pause)
[2024-10-12T07:55:12.466+0800][info] GC(196) Using 3 workers of 48 for evacuation
[2024-10-12T07:55:12.467+0800][info] GC(196)   Pre Evacuate Collection Set: 0.1ms
[2024-10-12T07:55:12.467+0800][info] GC(196)   Merge Heap Roots: 0.1ms
[2024-10-12T07:55:12.467+0800][info] GC(196)   Evacuate Collection Set: 1.0ms
[2024-10-12T07:55:12.467+0800][info] GC(196)   Post Evacuate Collection Set: 0.2ms
[2024-10-12T07:55:12.467+0800][info] GC(196)   Other: 0.2ms
[2024-10-12T07:55:12.467+0800][info] GC(196) Eden regions: 2->0(2)
[2024-10-12T07:55:12.467+0800][info] GC(196) Survivor regions: 1->1(1)
[2024-10-12T07:55:12.467+0800][info] GC(196) Old regions: 51->52
[2024-10-12T07:55:12.467+0800][info] GC(196) Archive regions: 2->2
[2024-10-12T07:55:12.467+0800][info] GC(196) Humongous regions: 3->3
[2024-10-12T07:55:12.467+0800][info] GC(196) Metaspace: 1622K(1792K)->1622K(1792K) NonClass: 1498K(1600K)->1498K(1600K) Class: 124K(192K)->124K(192K)
[2024-10-12T07:55:12.467+0800][info] GC(196) Pause Young (Prepare Mixed) (G1 Evacuation Pause) 112M->111M(128M) 1.744ms
[2024-10-12T07:55:12.467+0800][info] GC(196) User=0.00s Sys=0.00s Real=0.00s
[2024-10-12T07:55:12.570+0800][info] GC(197) Pause Young (Mixed) (G1 Preventive Collection)
[2024-10-12T07:55:12.570+0800][info] GC(197) Using 3 workers of 48 for evacuation
[2024-10-12T07:55:12.572+0800][info] GC(197) To-space exhausted
[2024-10-12T07:55:12.572+0800][info] GC(197)   Pre Evacuate Collection Set: 0.1ms
[2024-10-12T07:55:12.572+0800][info] GC(197)   Merge Heap Roots: 0.1ms
[2024-10-12T07:55:12.572+0800][info] GC(197)   Evacuate Collection Set: 1.4ms
[2024-10-12T07:55:12.572+0800][info] GC(197)   Post Evacuate Collection Set: 0.3ms
[2024-10-12T07:55:12.572+0800][info] GC(197)   Other: 0.2ms
[2024-10-12T07:55:12.572+0800][info] GC(197) Eden regions: 2->0(2)
[2024-10-12T07:55:12.572+0800][info] GC(197) Survivor regions: 1->1(1)
[2024-10-12T07:55:12.572+0800][info] GC(197) Old regions: 52->53
[2024-10-12T07:55:12.572+0800][info] GC(197) Archive regions: 2->2
[2024-10-12T07:55:12.572+0800][info] GC(197) Humongous regions: 3->3
[2024-10-12T07:55:12.572+0800][info] GC(197) Metaspace: 1622K(1792K)->1622K(1792K) NonClass: 1498K(1600K)->1498K(1600K) Class: 124K(192K)->124K(192K)
[2024-10-12T07:55:12.572+0800][info] GC(197) Pause Young (Mixed) (G1 Preventive Collection) 115M->113M(128M) 2.275ms
[2024-10-12T07:55:12.572+0800][info] GC(197) User=0.00s Sys=0.00s Real=0.00s
[2024-10-12T07:55:12.633+0800][info] GC(198) Pause Young (Mixed) (G1 Preventive Collection)
[2024-10-12T07:55:12.633+0800][info] GC(198) Using 3 workers of 48 for evacuation
[2024-10-12T07:55:12.636+0800][info] GC(198) To-space exhausted
[2024-10-12T07:55:12.636+0800][info] GC(198)   Pre Evacuate Collection Set: 0.1ms
[2024-10-12T07:55:12.636+0800][info] GC(198)   Merge Heap Roots: 0.1ms
[2024-10-12T07:55:12.636+0800][info] GC(198)   Evacuate Collection Set: 1.9ms
[2024-10-12T07:55:12.636+0800][info] GC(198)   Post Evacuate Collection Set: 0.4ms
[2024-10-12T07:55:12.636+0800][info] GC(198)   Other: 0.2ms
[2024-10-12T07:55:12.636+0800][info] GC(198) Eden regions: 1->0(2)
[2024-10-12T07:55:12.636+0800][info] GC(198) Survivor regions: 1->1(1)
[2024-10-12T07:55:12.636+0800][info] GC(198) Old regions: 53->56
[2024-10-12T07:55:12.636+0800][info] GC(198) Archive regions: 2->2
[2024-10-12T07:55:12.636+0800][info] GC(198) Humongous regions: 3->3
[2024-10-12T07:55:12.636+0800][info] GC(198) Metaspace: 1622K(1792K)->1622K(1792K) NonClass: 1498K(1600K)->1498K(1600K) Class: 124K(192K)->124K(192K)
[2024-10-12T07:55:12.636+0800][info] GC(198) Pause Young (Mixed) (G1 Preventive Collection) 115M->119M(128M) 2.858ms
[2024-10-12T07:55:12.636+0800][info] GC(198) User=0.01s Sys=0.00s Real=0.00s
[2024-10-12T07:55:12.677+0800][info] GC(199) Pause Young (Mixed) (G1 Preventive Collection)
[2024-10-12T07:55:12.677+0800][info] GC(199) Using 3 workers of 48 for evacuation
[2024-10-12T07:55:12.679+0800][info] GC(199) To-space exhausted
[2024-10-12T07:55:12.679+0800][info] GC(199)   Pre Evacuate Collection Set: 0.1ms
[2024-10-12T07:55:12.679+0800][info] GC(199)   Merge Heap Roots: 0.1ms
[2024-10-12T07:55:12.679+0800][info] GC(199)   Evacuate Collection Set: 0.5ms
[2024-10-12T07:55:12.679+0800][info] GC(199)   Post Evacuate Collection Set: 0.3ms
[2024-10-12T07:55:12.679+0800][info] GC(199)   Other: 0.2ms
[2024-10-12T07:55:12.679+0800][info] GC(199) Eden regions: 1->0(2)
[2024-10-12T07:55:12.679+0800][info] GC(199) Survivor regions: 1->1(1)
[2024-10-12T07:55:12.679+0800][info] GC(199) Old regions: 56->57
[2024-10-12T07:55:12.679+0800][info] GC(199) Archive regions: 2->2
[2024-10-12T07:55:12.679+0800][info] GC(199) Humongous regions: 3->3
[2024-10-12T07:55:12.679+0800][info] GC(199) Metaspace: 1622K(1792K)->1622K(1792K) NonClass: 1498K(1600K)->1498K(1600K) Class: 124K(192K)->124K(192K)
[2024-10-12T07:55:12.679+0800][info] GC(199) Pause Young (Mixed) (G1 Preventive Collection) 121M->121M(128M) 1.331ms
[2024-10-12T07:55:12.679+0800][info] GC(199) User=0.00s Sys=0.00s Real=0.00s
[2024-10-12T07:55:12.740+0800][info] GC(200) Pause Young (Concurrent Start) (G1 Evacuation Pause)
[2024-10-12T07:55:12.741+0800][info] GC(200) Using 3 workers of 48 for evacuation
[2024-10-12T07:55:12.741+0800][info] GC(200) To-space exhausted
[2024-10-12T07:55:12.741+0800][info] GC(200)   Pre Evacuate Collection Set: 0.1ms
[2024-10-12T07:55:12.741+0800][info] GC(200)   Merge Heap Roots: 0.1ms
[2024-10-12T07:55:12.742+0800][info] GC(200)   Evacuate Collection Set: 0.3ms
[2024-10-12T07:55:12.742+0800][info] GC(200)   Post Evacuate Collection Set: 0.3ms
[2024-10-12T07:55:12.742+0800][info] GC(200)   Other: 0.4ms
[2024-10-12T07:55:12.742+0800][info] GC(200) Eden regions: 1->0(3)
[2024-10-12T07:55:12.742+0800][info] GC(200) Survivor regions: 1->0(0)
[2024-10-12T07:55:12.742+0800][info] GC(200) Old regions: 57->59
[2024-10-12T07:55:12.742+0800][info] GC(200) Archive regions: 2->2
[2024-10-12T07:55:12.742+0800][info] GC(200) Humongous regions: 3->3
[2024-10-12T07:55:12.742+0800][info] GC(200) Metaspace: 1622K(1792K)->1622K(1792K) NonClass: 1498K(1600K)->1498K(1600K) Class: 124K(192K)->124K(192K)
[2024-10-12T07:55:12.742+0800][info] GC(200) Pause Young (Concurrent Start) (G1 Evacuation Pause) 123M->123M(128M) 1.161ms
[2024-10-12T07:55:12.742+0800][info] GC(200) User=0.00s Sys=0.00s Real=0.00s
[2024-10-12T07:55:12.742+0800][info] Attempting full compaction
[2024-10-12T07:55:12.742+0800][info] GC(201) Using 3 workers of 48 for full compaction
[2024-10-12T07:55:12.742+0800][info] GC(201) Pause Full (G1 Compaction Pause)
[2024-10-12T07:55:12.742+0800][info] GC(202) Concurrent Mark Cycle
[2024-10-12T07:55:12.742+0800][info] GC(202) Concurrent Clear Claimed Marks
[2024-10-12T07:55:12.742+0800][info] GC(202) Concurrent Clear Claimed Marks 0.039ms
[2024-10-12T07:55:12.742+0800][info] GC(202) Concurrent Scan Root Regions
[2024-10-12T07:55:12.742+0800][info] GC(202) Concurrent Scan Root Regions 0.010ms
[2024-10-12T07:55:12.742+0800][info] GC(202) Concurrent Mark
[2024-10-12T07:55:12.742+0800][info] GC(202) Concurrent Mark From Roots
[2024-10-12T07:55:12.742+0800][info] GC(202) Using 12 workers of 12 for marking
[2024-10-12T07:55:12.742+0800][info] GC(201) Phase 1: Mark live objects
[2024-10-12T07:55:12.746+0800][info] GC(201) Phase 1: Mark live objects 3.502ms
[2024-10-12T07:55:12.746+0800][info] GC(201) Phase 2: Prepare for compaction
[2024-10-12T07:55:12.746+0800][info] GC(201) Phase 2: Prepare for compaction 0.675ms
[2024-10-12T07:55:12.746+0800][info] GC(201) Phase 3: Adjust pointers
[2024-10-12T07:55:12.748+0800][info] GC(201) Phase 3: Adjust pointers 1.543ms
[2024-10-12T07:55:12.748+0800][info] GC(201) Phase 4: Compact heap
[2024-10-12T07:55:12.759+0800][info] GC(201) Phase 4: Compact heap 11.182ms
[2024-10-12T07:55:12.760+0800][info] GC(201) Eden regions: 0->0(4)
[2024-10-12T07:55:12.760+0800][info] GC(201) Survivor regions: 0->0(0)
[2024-10-12T07:55:12.760+0800][info] GC(201) Old regions: 59->38
[2024-10-12T07:55:12.760+0800][info] GC(201) Archive regions: 2->2
[2024-10-12T07:55:12.761+0800][info] GC(201) Humongous regions: 3->3
[2024-10-12T07:55:12.761+0800][info] GC(201) Metaspace: 1622K(1792K)->1622K(1792K) NonClass: 1498K(1600K)->1498K(1600K) Class: 124K(192K)->124K(192K)
[2024-10-12T07:55:12.761+0800][info] GC(201) Pause Full (G1 Compaction Pause) 123M->71M(128M) 18.811ms
[2024-10-12T07:55:12.761+0800][info] GC(201) User=0.05s Sys=0.00s Real=0.02s
[2024-10-12T07:55:12.761+0800][info] GC(202) Concurrent Mark From Roots 18.980ms
[2024-10-12T07:55:12.761+0800][info] GC(202) Concurrent Mark Abort
[2024-10-12T07:55:12.761+0800][info] GC(202) Concurrent Mark Cycle 19.178ms
[2024-10-12T07:55:12.967+0800][info] GC(203) Pause Young (Normal) (G1 Evacuation Pause)
[2024-10-12T07:55:12.967+0800][info] GC(203) Using 3 workers of 48 for evacuation
[2024-10-12T07:55:12.969+0800][info] GC(203)   Pre Evacuate Collection Set: 0.1ms
[2024-10-12T07:55:12.969+0800][info] GC(203)   Merge Heap Roots: 0.1ms
[2024-10-12T07:55:12.969+0800][info] GC(203)   Evacuate Collection Set: 1.3ms
[2024-10-12T07:55:12.969+0800][info] GC(203)   Post Evacuate Collection Set: 0.2ms
[2024-10-12T07:55:12.969+0800][info] GC(203)   Other: 0.3ms
[2024-10-12T07:55:12.969+0800][info] GC(203) Eden regions: 4->0(2)
[2024-10-12T07:55:12.969+0800][info] GC(203) Survivor regions: 0->1(1)
[2024-10-12T07:55:12.969+0800][info] GC(203) Old regions: 38->41
[2024-10-12T07:55:12.969+0800][info] GC(203) Archive regions: 2->2
[2024-10-12T07:55:12.969+0800][info] GC(203) Humongous regions: 4->4
[2024-10-12T07:55:12.969+0800][info] GC(203) Metaspace: 1622K(1792K)->1622K(1792K) NonClass: 1498K(1600K)->1498K(1600K) Class: 124K(192K)->124K(192K)
[2024-10-12T07:55:12.969+0800][info] GC(203) Pause Young (Normal) (G1 Evacuation Pause) 80M->80M(128M) 2.031ms
[2024-10-12T07:55:12.969+0800][info] GC(203) User=0.00s Sys=0.00s Real=0.00s
[2024-10-12T07:55:13.071+0800][info] GC(204) Pause Young (Normal) (G1 Evacuation Pause)
[2024-10-12T07:55:13.071+0800][info] GC(204) Using 3 workers of 48 for evacuation
[2024-10-12T07:55:13.072+0800][info] GC(204)   Pre Evacuate Collection Set: 0.1ms
[2024-10-12T07:55:13.072+0800][info] GC(204)   Merge Heap Roots: 0.1ms
[2024-10-12T07:55:13.072+0800][info] GC(204)   Evacuate Collection Set: 1.0ms
[2024-10-12T07:55:13.072+0800][info] GC(204)   Post Evacuate Collection Set: 0.2ms
[2024-10-12T07:55:13.072+0800][info] GC(204)   Other: 0.2ms
[2024-10-12T07:55:13.072+0800][info] GC(204) Eden regions: 2->0(2)
[2024-10-12T07:55:13.073+0800][info] GC(204) Survivor regions: 1->1(1)
[2024-10-12T07:55:13.073+0800][info] GC(204) Old regions: 41->43
[2024-10-12T07:55:13.073+0800][info] GC(204) Archive regions: 2->2
[2024-10-12T07:55:13.073+0800][info] GC(204) Humongous regions: 4->4
[2024-10-12T07:55:13.073+0800][info] GC(204) Metaspace: 1622K(1792K)->1622K(1792K) NonClass: 1498K(1600K)->1498K(1600K) Class: 124K(192K)->124K(192K)
[2024-10-12T07:55:13.073+0800][info] GC(204) Pause Young (Normal) (G1 Evacuation Pause) 84M->84M(128M) 1.707ms
[2024-10-12T07:55:13.073+0800][info] GC(204) User=0.01s Sys=0.00s Real=0.00s
[2024-10-12T07:55:13.175+0800][info] GC(205) Pause Young (Normal) (G1 Evacuation Pause)
[2024-10-12T07:55:13.175+0800][info] GC(205) Using 3 workers of 48 for evacuation
[2024-10-12T07:55:13.177+0800][info] GC(205)   Pre Evacuate Collection Set: 0.1ms
[2024-10-12T07:55:13.177+0800][info] GC(205)   Merge Heap Roots: 0.0ms
[2024-10-12T07:55:13.177+0800][info] GC(205)   Evacuate Collection Set: 1.1ms
[2024-10-12T07:55:13.177+0800][info] GC(205)   Post Evacuate Collection Set: 0.2ms
[2024-10-12T07:55:13.177+0800][info] GC(205)   Other: 0.2ms
[2024-10-12T07:55:13.177+0800][info] GC(205) Eden regions: 2->0(2)
[2024-10-12T07:55:13.177+0800][info] GC(205) Survivor regions: 1->1(1)
[2024-10-12T07:55:13.177+0800][info] GC(205) Old regions: 43->45
[2024-10-12T07:55:13.177+0800][info] GC(205) Archive regions: 2->2
[2024-10-12T07:55:13.177+0800][info] GC(205) Humongous regions: 4->4
[2024-10-12T07:55:13.177+0800][info] GC(205) Metaspace: 1622K(1792K)->1622K(1792K) NonClass: 1498K(1600K)->1498K(1600K) Class: 124K(192K)->124K(192K)
[2024-10-12T07:55:13.177+0800][info] GC(205) Pause Young (Normal) (G1 Evacuation Pause) 88M->88M(128M) 1.769ms
[2024-10-12T07:55:13.177+0800][info] GC(205) User=0.00s Sys=0.00s Real=0.00s
[2024-10-12T07:55:13.279+0800][info] GC(206) Pause Young (Concurrent Start) (G1 Evacuation Pause)
[2024-10-12T07:55:13.279+0800][info] GC(206) Using 3 workers of 48 for evacuation
[2024-10-12T07:55:13.281+0800][info] GC(206)   Pre Evacuate Collection Set: 0.1ms
[2024-10-12T07:55:13.281+0800][info] GC(206)   Merge Heap Roots: 0.1ms
[2024-10-12T07:55:13.281+0800][info] GC(206)   Evacuate Collection Set: 1.2ms
[2024-10-12T07:55:13.281+0800][info] GC(206)   Post Evacuate Collection Set: 0.2ms
[2024-10-12T07:55:13.281+0800][info] GC(206)   Other: 0.4ms
[2024-10-12T07:55:13.281+0800][info] GC(206) Eden regions: 2->0(2)
[2024-10-12T07:55:13.281+0800][info] GC(206) Survivor regions: 1->1(1)
[2024-10-12T07:55:13.281+0800][info] GC(206) Old regions: 45->47
[2024-10-12T07:55:13.281+0800][info] GC(206) Archive regions: 2->2
[2024-10-12T07:55:13.281+0800][info] GC(206) Humongous regions: 4->4
[2024-10-12T07:55:13.281+0800][info] GC(206) Metaspace: 1622K(1792K)->1622K(1792K) NonClass: 1498K(1600K)->1498K(1600K) Class: 124K(192K)->124K(192K)
[2024-10-12T07:55:13.281+0800][info] GC(206) Pause Young (Concurrent Start) (G1 Evacuation Pause) 91M->92M(128M) 2.000ms
[2024-10-12T07:55:13.281+0800][info] GC(206) User=0.01s Sys=0.00s Real=0.00s
[2024-10-12T07:55:13.281+0800][info] GC(207) Concurrent Mark Cycle
[2024-10-12T07:55:13.281+0800][info] GC(207) Concurrent Clear Claimed Marks
[2024-10-12T07:55:13.281+0800][info] GC(207) Concurrent Clear Claimed Marks 0.017ms
[2024-10-12T07:55:13.281+0800][info] GC(207) Concurrent Scan Root Regions
[2024-10-12T07:55:13.281+0800][info] GC(207) Concurrent Scan Root Regions 0.182ms
[2024-10-12T07:55:13.281+0800][info] GC(207) Concurrent Mark
[2024-10-12T07:55:13.281+0800][info] GC(207) Concurrent Mark From Roots
[2024-10-12T07:55:13.281+0800][info] GC(207) Using 12 workers of 12 for marking
[2024-10-12T07:55:13.285+0800][info] GC(207) Concurrent Mark From Roots 4.246ms
[2024-10-12T07:55:13.285+0800][info] GC(207) Concurrent Preclean
[2024-10-12T07:55:13.287+0800][info] GC(207) Concurrent Preclean 1.665ms
[2024-10-12T07:55:13.287+0800][info] GC(207) Pause Remark
[2024-10-12T07:55:13.289+0800][info] GC(207) Pause Remark 92M->90M(128M) 1.576ms
[2024-10-12T07:55:13.289+0800][info] GC(207) User=0.00s Sys=0.00s Real=0.00s
[2024-10-12T07:55:13.289+0800][info] GC(207) Concurrent Mark 7.766ms
[2024-10-12T07:55:13.289+0800][info] GC(207) Concurrent Rebuild Remembered Sets
[2024-10-12T07:55:13.290+0800][info] GC(207) Concurrent Rebuild Remembered Sets 1.071ms
[2024-10-12T07:55:13.290+0800][info] GC(207) Pause Cleanup
[2024-10-12T07:55:13.291+0800][info] GC(207) Pause Cleanup 90M->90M(128M) 0.313ms
[2024-10-12T07:55:13.291+0800][info] GC(207) User=0.00s Sys=0.00s Real=0.00s
[2024-10-12T07:55:13.291+0800][info] GC(207) Concurrent Cleanup for Next Mark
[2024-10-12T07:55:13.291+0800][info] GC(207) Concurrent Cleanup for Next Mark 0.435ms
[2024-10-12T07:55:13.291+0800][info] GC(207) Concurrent Mark Cycle 10.134ms
[2024-10-12T07:55:13.434+0800][info] GC(208) Pause Young (Prepare Mixed) (G1 Evacuation Pause)
[2024-10-12T07:55:13.435+0800][info] GC(208) Using 3 workers of 48 for evacuation
[2024-10-12T07:55:13.436+0800][info] GC(208)   Pre Evacuate Collection Set: 0.1ms
[2024-10-12T07:55:13.436+0800][info] GC(208)   Merge Heap Roots: 0.1ms
[2024-10-12T07:55:13.436+0800][info] GC(208)   Evacuate Collection Set: 1.0ms
[2024-10-12T07:55:13.436+0800][info] GC(208)   Post Evacuate Collection Set: 0.2ms
[2024-10-12T07:55:13.436+0800][info] GC(208)   Other: 0.3ms
[2024-10-12T07:55:13.436+0800][info] GC(208) Eden regions: 2->0(2)
[2024-10-12T07:55:13.436+0800][info] GC(208) Survivor regions: 1->1(1)
[2024-10-12T07:55:13.436+0800][info] GC(208) Old regions: 47->49
[2024-10-12T07:55:13.436+0800][info] GC(208) Archive regions: 2->2
[2024-10-12T07:55:13.436+0800][info] GC(208) Humongous regions: 3->3
[2024-10-12T07:55:13.436+0800][info] GC(208) Metaspace: 1622K(1792K)->1622K(1792K) NonClass: 1498K(1600K)->1498K(1600K) Class: 124K(192K)->124K(192K)
[2024-10-12T07:55:13.436+0800][info] GC(208) Pause Young (Prepare Mixed) (G1 Evacuation Pause) 93M->93M(128M) 1.671ms
[2024-10-12T07:55:13.436+0800][info] GC(208) User=0.00s Sys=0.00s Real=0.00s
[2024-10-12T07:55:13.538+0800][info] GC(209) Pause Young (Mixed) (G1 Evacuation Pause)
[2024-10-12T07:55:13.538+0800][info] GC(209) Using 3 workers of 48 for evacuation
[2024-10-12T07:55:13.540+0800][info] GC(209)   Pre Evacuate Collection Set: 0.1ms
[2024-10-12T07:55:13.540+0800][info] GC(209)   Merge Heap Roots: 0.1ms
[2024-10-12T07:55:13.540+0800][info] GC(209)   Evacuate Collection Set: 1.6ms
[2024-10-12T07:55:13.540+0800][info] GC(209)   Post Evacuate Collection Set: 0.2ms
[2024-10-12T07:55:13.540+0800][info] GC(209)   Other: 0.2ms
[2024-10-12T07:55:13.540+0800][info] GC(209) Eden regions: 2->0(2)
[2024-10-12T07:55:13.540+0800][info] GC(209) Survivor regions: 1->1(1)
[2024-10-12T07:55:13.540+0800][info] GC(209) Old regions: 49->46
[2024-10-12T07:55:13.540+0800][info] GC(209) Archive regions: 2->2
[2024-10-12T07:55:13.540+0800][info] GC(209) Humongous regions: 3->3
[2024-10-12T07:55:13.540+0800][info] GC(209) Metaspace: 1622K(1792K)->1622K(1792K) NonClass: 1498K(1600K)->1498K(1600K) Class: 124K(192K)->124K(192K)
[2024-10-12T07:55:13.540+0800][info] GC(209) Pause Young (Mixed) (G1 Evacuation Pause) 97M->91M(128M) 2.370ms
[2024-10-12T07:55:13.540+0800][info] GC(209) User=0.01s Sys=0.00s Real=0.00s
[2024-10-12T07:55:13.643+0800][info] GC(210) Pause Young (Mixed) (G1 Evacuation Pause)
[2024-10-12T07:55:13.643+0800][info] GC(210) Using 3 workers of 48 for evacuation
[2024-10-12T07:55:13.645+0800][info] GC(210)   Pre Evacuate Collection Set: 0.1ms
[2024-10-12T07:55:13.645+0800][info] GC(210)   Merge Heap Roots: 0.1ms
[2024-10-12T07:55:13.645+0800][info] GC(210)   Evacuate Collection Set: 1.4ms
[2024-10-12T07:55:13.645+0800][info] GC(210)   Post Evacuate Collection Set: 0.2ms
[2024-10-12T07:55:13.645+0800][info] GC(210)   Other: 0.2ms
[2024-10-12T07:55:13.645+0800][info] GC(210) Eden regions: 2->0(2)
[2024-10-12T07:55:13.645+0800][info] GC(210) Survivor regions: 1->1(1)
[2024-10-12T07:55:13.645+0800][info] GC(210) Old regions: 46->46
[2024-10-12T07:55:13.645+0800][info] GC(210) Archive regions: 2->2
[2024-10-12T07:55:13.645+0800][info] GC(210) Humongous regions: 3->3
[2024-10-12T07:55:13.645+0800][info] GC(210) Metaspace: 1622K(1792K)->1622K(1792K) NonClass: 1498K(1600K)->1498K(1600K) Class: 124K(192K)->124K(192K)
[2024-10-12T07:55:13.645+0800][info] GC(210) Pause Young (Mixed) (G1 Evacuation Pause) 95M->92M(128M) 2.105ms
[2024-10-12T07:55:13.645+0800][info] GC(210) User=0.01s Sys=0.00s Real=0.00s
[2024-10-12T07:55:13.747+0800][info] GC(211) Pause Young (Normal) (G1 Evacuation Pause)
[2024-10-12T07:55:13.747+0800][info] GC(211) Using 3 workers of 48 for evacuation
[2024-10-12T07:55:13.748+0800][info] GC(211)   Pre Evacuate Collection Set: 0.1ms
[2024-10-12T07:55:13.748+0800][info] GC(211)   Merge Heap Roots: 0.0ms
[2024-10-12T07:55:13.748+0800][info] GC(211)   Evacuate Collection Set: 1.0ms
[2024-10-12T07:55:13.748+0800][info] GC(211)   Post Evacuate Collection Set: 0.2ms
[2024-10-12T07:55:13.748+0800][info] GC(211)   Other: 0.2ms
[2024-10-12T07:55:13.748+0800][info] GC(211) Eden regions: 2->0(2)
[2024-10-12T07:55:13.748+0800][info] GC(211) Survivor regions: 1->1(1)
[2024-10-12T07:55:13.748+0800][info] GC(211) Old regions: 46->48
[2024-10-12T07:55:13.748+0800][info] GC(211) Archive regions: 2->2
[2024-10-12T07:55:13.749+0800][info] GC(211) Humongous regions: 3->3
[2024-10-12T07:55:13.749+0800][info] GC(211) Metaspace: 1622K(1792K)->1622K(1792K) NonClass: 1498K(1600K)->1498K(1600K) Class: 124K(192K)->124K(192K)
[2024-10-12T07:55:13.749+0800][info] GC(211) Pause Young (Normal) (G1 Evacuation Pause) 96M->96M(128M) 1.659ms
[2024-10-12T07:55:13.749+0800][info] GC(211) User=0.00s Sys=0.00s Real=0.00s
[2024-10-12T07:55:13.851+0800][info] GC(212) Pause Young (Normal) (G1 Evacuation Pause)
[2024-10-12T07:55:13.851+0800][info] GC(212) Using 3 workers of 48 for evacuation
[2024-10-12T07:55:13.853+0800][info] GC(212)   Pre Evacuate Collection Set: 0.1ms
[2024-10-12T07:55:13.853+0800][info] GC(212)   Merge Heap Roots: 0.0ms
[2024-10-12T07:55:13.853+0800][info] GC(212)   Evacuate Collection Set: 1.0ms
[2024-10-12T07:55:13.853+0800][info] GC(212)   Post Evacuate Collection Set: 0.2ms
[2024-10-12T07:55:13.853+0800][info] GC(212)   Other: 0.2ms
[2024-10-12T07:55:13.853+0800][info] GC(212) Eden regions: 2->0(2)
[2024-10-12T07:55:13.853+0800][info] GC(212) Survivor regions: 1->1(1)
[2024-10-12T07:55:13.853+0800][info] GC(212) Old regions: 48->50
[2024-10-12T07:55:13.853+0800][info] GC(212) Archive regions: 2->2
[2024-10-12T07:55:13.853+0800][info] GC(212) Humongous regions: 3->3
[2024-10-12T07:55:13.853+0800][info] GC(212) Metaspace: 1622K(1792K)->1622K(1792K) NonClass: 1498K(1600K)->1498K(1600K) Class: 124K(192K)->124K(192K)
[2024-10-12T07:55:13.853+0800][info] GC(212) Pause Young (Normal) (G1 Evacuation Pause) 100M->100M(128M) 1.700ms
[2024-10-12T07:55:13.853+0800][info] GC(212) User=0.01s Sys=0.00s Real=0.00s
[2024-10-12T07:55:13.955+0800][info] GC(213) Pause Young (Concurrent Start) (G1 Evacuation Pause)
[2024-10-12T07:55:13.955+0800][info] GC(213) Using 3 workers of 48 for evacuation
[2024-10-12T07:55:13.956+0800][info] GC(213)   Pre Evacuate Collection Set: 0.1ms
[2024-10-12T07:55:13.956+0800][info] GC(213)   Merge Heap Roots: 0.1ms
[2024-10-12T07:55:13.956+0800][info] GC(213)   Evacuate Collection Set: 0.9ms
[2024-10-12T07:55:13.956+0800][info] GC(213)   Post Evacuate Collection Set: 0.2ms
[2024-10-12T07:55:13.956+0800][info] GC(213)   Other: 0.4ms
[2024-10-12T07:55:13.956+0800][info] GC(213) Eden regions: 2->0(2)
[2024-10-12T07:55:13.956+0800][info] GC(213) Survivor regions: 1->1(1)
[2024-10-12T07:55:13.957+0800][info] GC(213) Old regions: 50->52
[2024-10-12T07:55:13.957+0800][info] GC(213) Archive regions: 2->2
[2024-10-12T07:55:13.957+0800][info] GC(213) Humongous regions: 3->3
[2024-10-12T07:55:13.957+0800][info] GC(213) Metaspace: 1622K(1792K)->1622K(1792K) NonClass: 1498K(1600K)->1498K(1600K) Class: 124K(192K)->124K(192K)
[2024-10-12T07:55:13.957+0800][info] GC(213) Pause Young (Concurrent Start) (G1 Evacuation Pause) 104M->104M(128M) 1.764ms
[2024-10-12T07:55:13.957+0800][info] GC(213) User=0.00s Sys=0.00s Real=0.00s
[2024-10-12T07:55:13.957+0800][info] GC(214) Concurrent Mark Cycle
[2024-10-12T07:55:13.957+0800][info] GC(214) Concurrent Clear Claimed Marks
[2024-10-12T07:55:13.957+0800][info] GC(214) Concurrent Clear Claimed Marks 0.016ms
[2024-10-12T07:55:13.957+0800][info] GC(214) Concurrent Scan Root Regions
[2024-10-12T07:55:13.957+0800][info] GC(214) Concurrent Scan Root Regions 0.163ms
[2024-10-12T07:55:13.957+0800][info] GC(214) Concurrent Mark
[2024-10-12T07:55:13.957+0800][info] GC(214) Concurrent Mark From Roots
[2024-10-12T07:55:13.957+0800][info] GC(214) Using 12 workers of 12 for marking
[2024-10-12T07:55:13.961+0800][info] GC(214) Concurrent Mark From Roots 3.975ms
[2024-10-12T07:55:13.961+0800][info] GC(214) Concurrent Preclean
[2024-10-12T07:55:13.963+0800][info] GC(214) Concurrent Preclean 1.721ms
[2024-10-12T07:55:13.963+0800][info] GC(214) Pause Remark
[2024-10-12T07:55:13.964+0800][info] GC(214) Pause Remark 104M->101M(128M) 1.490ms
[2024-10-12T07:55:13.964+0800][info] GC(214) User=0.00s Sys=0.00s Real=0.00s
[2024-10-12T07:55:13.964+0800][info] GC(214) Concurrent Mark 7.505ms
[2024-10-12T07:55:13.964+0800][info] GC(214) Concurrent Rebuild Remembered Sets
[2024-10-12T07:55:13.966+0800][info] GC(214) Concurrent Rebuild Remembered Sets 1.466ms
[2024-10-12T07:55:13.966+0800][info] GC(214) Pause Cleanup
[2024-10-12T07:55:13.966+0800][info] GC(214) Pause Cleanup 101M->101M(128M) 0.284ms
[2024-10-12T07:55:13.966+0800][info] GC(214) User=0.00s Sys=0.00s Real=0.00s
[2024-10-12T07:55:13.966+0800][info] GC(214) Concurrent Cleanup for Next Mark
[2024-10-12T07:55:13.967+0800][info] GC(214) Concurrent Cleanup for Next Mark 0.448ms
[2024-10-12T07:55:13.967+0800][info] GC(214) Concurrent Mark Cycle 10.227ms
[2024-10-12T07:55:14.110+0800][info] GC(215) Pause Young (Prepare Mixed) (G1 Evacuation Pause)
[2024-10-12T07:55:14.110+0800][info] GC(215) Using 3 workers of 48 for evacuation
[2024-10-12T07:55:14.112+0800][info] GC(215)   Pre Evacuate Collection Set: 0.1ms
[2024-10-12T07:55:14.112+0800][info] GC(215)   Merge Heap Roots: 0.1ms
[2024-10-12T07:55:14.112+0800][info] GC(215)   Evacuate Collection Set: 1.1ms
[2024-10-12T07:55:14.112+0800][info] GC(215)   Post Evacuate Collection Set: 0.2ms
[2024-10-12T07:55:14.112+0800][info] GC(215)   Other: 0.2ms
[2024-10-12T07:55:14.112+0800][info] GC(215) Eden regions: 2->0(2)
[2024-10-12T07:55:14.112+0800][info] GC(215) Survivor regions: 1->1(1)
[2024-10-12T07:55:14.112+0800][info] GC(215) Old regions: 50->52
[2024-10-12T07:55:14.112+0800][info] GC(215) Archive regions: 2->2
[2024-10-12T07:55:14.112+0800][info] GC(215) Humongous regions: 3->3
[2024-10-12T07:55:14.112+0800][info] GC(215) Metaspace: 1630K(1792K)->1630K(1792K) NonClass: 1505K(1600K)->1505K(1600K) Class: 124K(192K)->124K(192K)
[2024-10-12T07:55:14.112+0800][info] GC(215) Pause Young (Prepare Mixed) (G1 Evacuation Pause) 104M->104M(128M) 1.828ms
[2024-10-12T07:55:14.112+0800][info] GC(215) User=0.00s Sys=0.00s Real=0.00s
[2024-10-12T07:55:14.214+0800][info] GC(216) Pause Young (Mixed) (G1 Preventive Collection)
[2024-10-12T07:55:14.214+0800][info] GC(216) Using 3 workers of 48 for evacuation
[2024-10-12T07:55:14.216+0800][info] GC(216) To-space exhausted
[2024-10-12T07:55:14.216+0800][info] GC(216)   Pre Evacuate Collection Set: 0.1ms
[2024-10-12T07:55:14.216+0800][info] GC(216)   Merge Heap Roots: 0.1ms
[2024-10-12T07:55:14.216+0800][info] GC(216)   Evacuate Collection Set: 1.5ms
[2024-10-12T07:55:14.216+0800][info] GC(216)   Post Evacuate Collection Set: 0.3ms
[2024-10-12T07:55:14.216+0800][info] GC(216)   Other: 0.3ms
[2024-10-12T07:55:14.216+0800][info] GC(216) Eden regions: 2->0(2)
[2024-10-12T07:55:14.216+0800][info] GC(216) Survivor regions: 1->1(1)
[2024-10-12T07:55:14.216+0800][info] GC(216) Old regions: 52->52
[2024-10-12T07:55:14.216+0800][info] GC(216) Archive regions: 2->2
[2024-10-12T07:55:14.216+0800][info] GC(216) Humongous regions: 3->3
[2024-10-12T07:55:14.216+0800][info] GC(216) Metaspace: 1630K(1792K)->1630K(1792K) NonClass: 1505K(1600K)->1505K(1600K) Class: 124K(192K)->124K(192K)
[2024-10-12T07:55:14.216+0800][info] GC(216) Pause Young (Mixed) (G1 Preventive Collection) 108M->107M(128M) 2.349ms
[2024-10-12T07:55:14.216+0800][info] GC(216) User=0.00s Sys=0.00s Real=0.00s
[2024-10-12T07:55:14.319+0800][info] GC(217) Pause Young (Mixed) (G1 Preventive Collection)
[2024-10-12T07:55:14.319+0800][info] GC(217) Using 3 workers of 48 for evacuation
[2024-10-12T07:55:14.321+0800][info] GC(217) To-space exhausted
[2024-10-12T07:55:14.321+0800][info] GC(217)   Pre Evacuate Collection Set: 0.1ms
[2024-10-12T07:55:14.321+0800][info] GC(217)   Merge Heap Roots: 0.1ms
[2024-10-12T07:55:14.321+0800][info] GC(217)   Evacuate Collection Set: 1.5ms
[2024-10-12T07:55:14.321+0800][info] GC(217)   Post Evacuate Collection Set: 0.4ms
[2024-10-12T07:55:14.321+0800][info] GC(217)   Other: 0.2ms
[2024-10-12T07:55:14.321+0800][info] GC(217) Eden regions: 2->0(2)
[2024-10-12T07:55:14.321+0800][info] GC(217) Survivor regions: 1->1(1)
[2024-10-12T07:55:14.321+0800][info] GC(217) Old regions: 52->57
[2024-10-12T07:55:14.321+0800][info] GC(217) Archive regions: 2->2
[2024-10-12T07:55:14.321+0800][info] GC(217) Humongous regions: 3->3
[2024-10-12T07:55:14.321+0800][info] GC(217) Metaspace: 1633K(1792K)->1633K(1792K) NonClass: 1509K(1600K)->1509K(1600K) Class: 124K(192K)->124K(192K)
[2024-10-12T07:55:14.321+0800][info] GC(217) Pause Young (Mixed) (G1 Preventive Collection) 110M->116M(128M) 2.420ms
[2024-10-12T07:55:14.321+0800][info] GC(217) User=0.00s Sys=0.00s Real=0.00s
[2024-10-12T07:55:14.383+0800][info] GC(218) Pause Young (Concurrent Start) (G1 Evacuation Pause)
[2024-10-12T07:55:14.383+0800][info] GC(218) Using 3 workers of 48 for evacuation
[2024-10-12T07:55:14.384+0800][info] GC(218) To-space exhausted
[2024-10-12T07:55:14.384+0800][info] GC(218)   Pre Evacuate Collection Set: 0.1ms
[2024-10-12T07:55:14.384+0800][info] GC(218)   Merge Heap Roots: 0.1ms
[2024-10-12T07:55:14.384+0800][info] GC(218)   Evacuate Collection Set: 0.3ms
[2024-10-12T07:55:14.384+0800][info] GC(218)   Post Evacuate Collection Set: 0.2ms
[2024-10-12T07:55:14.384+0800][info] GC(218)   Other: 0.4ms
[2024-10-12T07:55:14.384+0800][info] GC(218) Eden regions: 1->0(3)
[2024-10-12T07:55:14.384+0800][info] GC(218) Survivor regions: 1->0(0)
[2024-10-12T07:55:14.384+0800][info] GC(218) Old regions: 57->59
[2024-10-12T07:55:14.384+0800][info] GC(218) Archive regions: 2->2
[2024-10-12T07:55:14.384+0800][info] GC(218) Humongous regions: 3->3
[2024-10-12T07:55:14.384+0800][info] GC(218) Metaspace: 1633K(1792K)->1633K(1792K) NonClass: 1509K(1600K)->1509K(1600K) Class: 124K(192K)->124K(192K)
[2024-10-12T07:55:14.384+0800][info] GC(218) Pause Young (Concurrent Start) (G1 Evacuation Pause) 118M->118M(128M) 1.136ms
[2024-10-12T07:55:14.384+0800][info] GC(218) User=0.01s Sys=0.00s Real=0.00s
[2024-10-12T07:55:14.384+0800][info] Attempting full compaction
[2024-10-12T07:55:14.384+0800][info] GC(219) Using 3 workers of 48 for full compaction
[2024-10-12T07:55:14.384+0800][info] GC(219) Pause Full (G1 Compaction Pause)
[2024-10-12T07:55:14.384+0800][info] GC(220) Concurrent Mark Cycle
[2024-10-12T07:55:14.384+0800][info] GC(220) Concurrent Clear Claimed Marks
[2024-10-12T07:55:14.384+0800][info] GC(220) Concurrent Clear Claimed Marks 0.017ms
[2024-10-12T07:55:14.384+0800][info] GC(220) Concurrent Scan Root Regions
[2024-10-12T07:55:14.384+0800][info] GC(220) Concurrent Scan Root Regions 0.010ms
[2024-10-12T07:55:14.384+0800][info] GC(220) Concurrent Mark
[2024-10-12T07:55:14.384+0800][info] GC(220) Concurrent Mark From Roots
[2024-10-12T07:55:14.384+0800][info] GC(220) Using 12 workers of 12 for marking
[2024-10-12T07:55:14.384+0800][info] GC(219) Phase 1: Mark live objects
[2024-10-12T07:55:14.388+0800][info] GC(219) Phase 1: Mark live objects 3.570ms
[2024-10-12T07:55:14.388+0800][info] GC(219) Phase 2: Prepare for compaction
[2024-10-12T07:55:14.388+0800][info] GC(219) Phase 2: Prepare for compaction 0.592ms
[2024-10-12T07:55:14.388+0800][info] GC(219) Phase 3: Adjust pointers
[2024-10-12T07:55:14.390+0800][info] GC(219) Phase 3: Adjust pointers 1.580ms
[2024-10-12T07:55:14.390+0800][info] GC(219) Phase 4: Compact heap
[2024-10-12T07:55:14.402+0800][info] GC(219) Phase 4: Compact heap 12.285ms
[2024-10-12T07:55:14.404+0800][info] GC(219) Eden regions: 0->0(4)
[2024-10-12T07:55:14.404+0800][info] GC(219) Survivor regions: 0->0(0)
[2024-10-12T07:55:14.404+0800][info] GC(219) Old regions: 59->38
[2024-10-12T07:55:14.404+0800][info] GC(219) Archive regions: 2->2
[2024-10-12T07:55:14.404+0800][info] GC(219) Humongous regions: 3->3
[2024-10-12T07:55:14.404+0800][info] GC(219) Metaspace: 1633K(1792K)->1633K(1792K) NonClass: 1509K(1600K)->1509K(1600K) Class: 124K(192K)->124K(192K)
[2024-10-12T07:55:14.404+0800][info] GC(219) Pause Full (G1 Compaction Pause) 118M->71M(128M) 20.117ms
[2024-10-12T07:55:14.404+0800][info] GC(219) User=0.04s Sys=0.00s Real=0.02s
[2024-10-12T07:55:14.404+0800][info] GC(220) Concurrent Mark From Roots 20.332ms
[2024-10-12T07:55:14.404+0800][info] GC(220) Concurrent Mark Abort
[2024-10-12T07:55:14.404+0800][info] GC(220) Concurrent Mark Cycle 20.510ms
[2024-10-12T07:55:14.609+0800][info] GC(221) Pause Young (Normal) (G1 Evacuation Pause)
[2024-10-12T07:55:14.609+0800][info] GC(221) Using 3 workers of 48 for evacuation
[2024-10-12T07:55:14.611+0800][info] GC(221)   Pre Evacuate Collection Set: 0.1ms
[2024-10-12T07:55:14.611+0800][info] GC(221)   Merge Heap Roots: 0.1ms
[2024-10-12T07:55:14.611+0800][info] GC(221)   Evacuate Collection Set: 1.3ms
[2024-10-12T07:55:14.611+0800][info] GC(221)   Post Evacuate Collection Set: 0.2ms
[2024-10-12T07:55:14.611+0800][info] GC(221)   Other: 0.2ms
[2024-10-12T07:55:14.611+0800][info] GC(221) Eden regions: 4->0(3)
[2024-10-12T07:55:14.611+0800][info] GC(221) Survivor regions: 0->1(1)
[2024-10-12T07:55:14.611+0800][info] GC(221) Old regions: 38->41
[2024-10-12T07:55:14.611+0800][info] GC(221) Archive regions: 2->2
[2024-10-12T07:55:14.611+0800][info] GC(221) Humongous regions: 3->3
[2024-10-12T07:55:14.611+0800][info] GC(221) Metaspace: 1633K(1792K)->1633K(1792K) NonClass: 1509K(1600K)->1509K(1600K) Class: 124K(192K)->124K(192K)
[2024-10-12T07:55:14.611+0800][info] GC(221) Pause Young (Normal) (G1 Evacuation Pause) 78M->78M(128M) 1.978ms
[2024-10-12T07:55:14.611+0800][info] GC(221) User=0.01s Sys=0.00s Real=0.00s
[2024-10-12T07:55:14.775+0800][info] GC(222) Pause Young (Normal) (G1 Evacuation Pause)
[2024-10-12T07:55:14.775+0800][info] GC(222) Using 3 workers of 48 for evacuation
[2024-10-12T07:55:14.777+0800][info] GC(222)   Pre Evacuate Collection Set: 0.1ms
[2024-10-12T07:55:14.777+0800][info] GC(222)   Merge Heap Roots: 0.0ms
[2024-10-12T07:55:14.777+0800][info] GC(222)   Evacuate Collection Set: 1.3ms
[2024-10-12T07:55:14.777+0800][info] GC(222)   Post Evacuate Collection Set: 0.2ms
[2024-10-12T07:55:14.777+0800][info] GC(222)   Other: 0.2ms
[2024-10-12T07:55:14.777+0800][info] GC(222) Eden regions: 3->0(2)
[2024-10-12T07:55:14.777+0800][info] GC(222) Survivor regions: 1->1(1)
[2024-10-12T07:55:14.777+0800][info] GC(222) Old regions: 41->44
[2024-10-12T07:55:14.777+0800][info] GC(222) Archive regions: 2->2
[2024-10-12T07:55:14.777+0800][info] GC(222) Humongous regions: 3->3
[2024-10-12T07:55:14.777+0800][info] GC(222) Metaspace: 1633K(1792K)->1633K(1792K) NonClass: 1509K(1600K)->1509K(1600K) Class: 124K(192K)->124K(192K)
[2024-10-12T07:55:14.777+0800][info] GC(222) Pause Young (Normal) (G1 Evacuation Pause) 84M->85M(128M) 1.910ms
[2024-10-12T07:55:14.777+0800][info] GC(222) User=0.00s Sys=0.00s Real=0.00s
[2024-10-12T07:55:14.879+0800][info] GC(223) Pause Young (Normal) (G1 Evacuation Pause)
[2024-10-12T07:55:14.879+0800][info] GC(223) Using 3 workers of 48 for evacuation
[2024-10-12T07:55:14.880+0800][info] GC(223)   Pre Evacuate Collection Set: 0.1ms
[2024-10-12T07:55:14.880+0800][info] GC(223)   Merge Heap Roots: 0.1ms
[2024-10-12T07:55:14.880+0800][info] GC(223)   Evacuate Collection Set: 0.8ms
[2024-10-12T07:55:14.880+0800][info] GC(223)   Post Evacuate Collection Set: 0.2ms
[2024-10-12T07:55:14.880+0800][info] GC(223)   Other: 0.2ms
[2024-10-12T07:55:14.880+0800][info] GC(223) Eden regions: 2->0(2)
[2024-10-12T07:55:14.880+0800][info] GC(223) Survivor regions: 1->1(1)
[2024-10-12T07:55:14.880+0800][info] GC(223) Old regions: 44->46
[2024-10-12T07:55:14.880+0800][info] GC(223) Archive regions: 2->2
[2024-10-12T07:55:14.880+0800][info] GC(223) Humongous regions: 3->3
[2024-10-12T07:55:14.880+0800][info] GC(223) Metaspace: 1633K(1792K)->1633K(1792K) NonClass: 1509K(1600K)->1509K(1600K) Class: 124K(192K)->124K(192K)
[2024-10-12T07:55:14.880+0800][info] GC(223) Pause Young (Normal) (G1 Evacuation Pause) 88M->88M(128M) 1.431ms
[2024-10-12T07:55:14.880+0800][info] GC(223) User=0.01s Sys=0.00s Real=0.00s
[2024-10-12T07:55:14.983+0800][info] GC(224) Pause Young (Concurrent Start) (G1 Evacuation Pause)
[2024-10-12T07:55:14.983+0800][info] GC(224) Using 3 workers of 48 for evacuation
[2024-10-12T07:55:14.984+0800][info] GC(224)   Pre Evacuate Collection Set: 0.1ms
[2024-10-12T07:55:14.985+0800][info] GC(224)   Merge Heap Roots: 0.1ms
[2024-10-12T07:55:14.985+0800][info] GC(224)   Evacuate Collection Set: 1.0ms
[2024-10-12T07:55:14.985+0800][info] GC(224)   Post Evacuate Collection Set: 0.2ms
[2024-10-12T07:55:14.985+0800][info] GC(224)   Other: 0.4ms
[2024-10-12T07:55:14.985+0800][info] GC(224) Eden regions: 2->0(2)
[2024-10-12T07:55:14.985+0800][info] GC(224) Survivor regions: 1->1(1)
[2024-10-12T07:55:14.985+0800][info] GC(224) Old regions: 46->48
[2024-10-12T07:55:14.985+0800][info] GC(224) Archive regions: 2->2
[2024-10-12T07:55:14.985+0800][info] GC(224) Humongous regions: 3->3
[2024-10-12T07:55:14.985+0800][info] GC(224) Metaspace: 1633K(1792K)->1633K(1792K) NonClass: 1509K(1600K)->1509K(1600K) Class: 124K(192K)->124K(192K)
[2024-10-12T07:55:14.985+0800][info] GC(224) Pause Young (Concurrent Start) (G1 Evacuation Pause) 92M->92M(128M) 1.849ms
[2024-10-12T07:55:14.985+0800][info] GC(224) User=0.00s Sys=0.00s Real=0.00s
[2024-10-12T07:55:14.985+0800][info] GC(225) Concurrent Mark Cycle
[2024-10-12T07:55:14.985+0800][info] GC(225) Concurrent Clear Claimed Marks
[2024-10-12T07:55:14.985+0800][info] GC(225) Concurrent Clear Claimed Marks 0.016ms
[2024-10-12T07:55:14.985+0800][info] GC(225) Concurrent Scan Root Regions
[2024-10-12T07:55:14.985+0800][info] GC(225) Concurrent Scan Root Regions 0.121ms
[2024-10-12T07:55:14.985+0800][info] GC(225) Concurrent Mark
[2024-10-12T07:55:14.985+0800][info] GC(225) Concurrent Mark From Roots
[2024-10-12T07:55:14.985+0800][info] GC(225) Using 12 workers of 12 for marking
[2024-10-12T07:55:14.991+0800][info] GC(225) Concurrent Mark From Roots 5.780ms
[2024-10-12T07:55:14.991+0800][info] GC(225) Concurrent Preclean
[2024-10-12T07:55:14.992+0800][info] GC(225) Concurrent Preclean 1.664ms
[2024-10-12T07:55:14.993+0800][info] GC(225) Pause Remark
[2024-10-12T07:55:14.994+0800][info] GC(225) Pause Remark 92M->92M(128M) 1.585ms
[2024-10-12T07:55:14.994+0800][info] GC(225) User=0.00s Sys=0.00s Real=0.01s
[2024-10-12T07:55:14.994+0800][info] GC(225) Concurrent Mark 9.290ms
[2024-10-12T07:55:14.994+0800][info] GC(225) Concurrent Rebuild Remembered Sets
[2024-10-12T07:55:14.996+0800][info] GC(225) Concurrent Rebuild Remembered Sets 1.264ms
[2024-10-12T07:55:14.996+0800][info] GC(225) Pause Cleanup
[2024-10-12T07:55:14.996+0800][info] GC(225) Pause Cleanup 92M->92M(128M) 0.273ms
[2024-10-12T07:55:14.996+0800][info] GC(225) User=0.00s Sys=0.00s Real=0.00s
[2024-10-12T07:55:14.996+0800][info] GC(225) Concurrent Cleanup for Next Mark
[2024-10-12T07:55:14.996+0800][info] GC(225) Concurrent Cleanup for Next Mark 0.358ms
[2024-10-12T07:55:14.996+0800][info] GC(225) Concurrent Mark Cycle 11.606ms
[2024-10-12T07:55:15.138+0800][info] GC(226) Pause Young (Prepare Mixed) (G1 Evacuation Pause)
[2024-10-12T07:55:15.138+0800][info] GC(226) Using 3 workers of 48 for evacuation
[2024-10-12T07:55:15.139+0800][info] GC(226)   Pre Evacuate Collection Set: 0.1ms
[2024-10-12T07:55:15.139+0800][info] GC(226)   Merge Heap Roots: 0.1ms
[2024-10-12T07:55:15.139+0800][info] GC(226)   Evacuate Collection Set: 1.0ms
[2024-10-12T07:55:15.139+0800][info] GC(226)   Post Evacuate Collection Set: 0.2ms
[2024-10-12T07:55:15.139+0800][info] GC(226)   Other: 0.2ms
[2024-10-12T07:55:15.139+0800][info] GC(226) Eden regions: 2->0(2)
[2024-10-12T07:55:15.139+0800][info] GC(226) Survivor regions: 1->1(1)
[2024-10-12T07:55:15.139+0800][info] GC(226) Old regions: 48->50
[2024-10-12T07:55:15.139+0800][info] GC(226) Archive regions: 2->2
[2024-10-12T07:55:15.139+0800][info] GC(226) Humongous regions: 3->3
[2024-10-12T07:55:15.139+0800][info] GC(226) Metaspace: 1633K(1792K)->1633K(1792K) NonClass: 1509K(1600K)->1509K(1600K) Class: 124K(192K)->124K(192K)
[2024-10-12T07:55:15.139+0800][info] GC(226) Pause Young (Prepare Mixed) (G1 Evacuation Pause) 95M->95M(128M) 1.736ms
[2024-10-12T07:55:15.139+0800][info] GC(226) User=0.01s Sys=0.00s Real=0.00s
[2024-10-12T07:55:15.242+0800][info] GC(227) Pause Young (Mixed) (G1 Preventive Collection)
[2024-10-12T07:55:15.242+0800][info] GC(227) Using 3 workers of 48 for evacuation
[2024-10-12T07:55:15.245+0800][info] GC(227) To-space exhausted
[2024-10-12T07:55:15.245+0800][info] GC(227)   Pre Evacuate Collection Set: 0.1ms
[2024-10-12T07:55:15.245+0800][info] GC(227)   Merge Heap Roots: 0.1ms
[2024-10-12T07:55:15.245+0800][info] GC(227)   Evacuate Collection Set: 1.7ms
[2024-10-12T07:55:15.245+0800][info] GC(227)   Post Evacuate Collection Set: 0.2ms
[2024-10-12T07:55:15.245+0800][info] GC(227)   Other: 0.2ms
[2024-10-12T07:55:15.245+0800][info] GC(227) Eden regions: 2->0(2)
[2024-10-12T07:55:15.245+0800][info] GC(227) Survivor regions: 1->1(1)
[2024-10-12T07:55:15.245+0800][info] GC(227) Old regions: 50->48
[2024-10-12T07:55:15.245+0800][info] GC(227) Archive regions: 2->2
[2024-10-12T07:55:15.245+0800][info] GC(227) Humongous regions: 4->3
[2024-10-12T07:55:15.245+0800][info] GC(227) Metaspace: 1633K(1792K)->1633K(1792K) NonClass: 1509K(1600K)->1509K(1600K) Class: 124K(192K)->124K(192K)
[2024-10-12T07:55:15.245+0800][info] GC(227) Pause Young (Mixed) (G1 Preventive Collection) 101M->96M(128M) 2.491ms
[2024-10-12T07:55:15.245+0800][info] GC(227) User=0.00s Sys=0.00s Real=0.00s
[2024-10-12T07:55:15.347+0800][info] GC(228) Pause Young (Mixed) (G1 Evacuation Pause)
[2024-10-12T07:55:15.347+0800][info] GC(228) Using 3 workers of 48 for evacuation
[2024-10-12T07:55:15.349+0800][info] GC(228)   Pre Evacuate Collection Set: 0.1ms
[2024-10-12T07:55:15.349+0800][info] GC(228)   Merge Heap Roots: 0.1ms
[2024-10-12T07:55:15.349+0800][info] GC(228)   Evacuate Collection Set: 1.6ms
[2024-10-12T07:55:15.349+0800][info] GC(228)   Post Evacuate Collection Set: 0.3ms
[2024-10-12T07:55:15.349+0800][info] GC(228)   Other: 0.2ms
[2024-10-12T07:55:15.349+0800][info] GC(228) Eden regions: 2->0(2)
[2024-10-12T07:55:15.349+0800][info] GC(228) Survivor regions: 1->1(1)
[2024-10-12T07:55:15.349+0800][info] GC(228) Old regions: 48->46
[2024-10-12T07:55:15.349+0800][info] GC(228) Archive regions: 2->2
[2024-10-12T07:55:15.349+0800][info] GC(228) Humongous regions: 3->3
[2024-10-12T07:55:15.349+0800][info] GC(228) Metaspace: 1633K(1792K)->1633K(1792K) NonClass: 1509K(1600K)->1509K(1600K) Class: 124K(192K)->124K(192K)
[2024-10-12T07:55:15.349+0800][info] GC(228) Pause Young (Mixed) (G1 Evacuation Pause) 100M->94M(128M) 2.344ms
[2024-10-12T07:55:15.349+0800][info] GC(228) User=0.00s Sys=0.01s Real=0.00s
[2024-10-12T07:55:15.452+0800][info] GC(229) Pause Young (Normal) (G1 Evacuation Pause)
[2024-10-12T07:55:15.452+0800][info] GC(229) Using 3 workers of 48 for evacuation
[2024-10-12T07:55:15.453+0800][info] GC(229)   Pre Evacuate Collection Set: 0.1ms
[2024-10-12T07:55:15.453+0800][info] GC(229)   Merge Heap Roots: 0.0ms
[2024-10-12T07:55:15.453+0800][info] GC(229)   Evacuate Collection Set: 1.0ms
[2024-10-12T07:55:15.453+0800][info] GC(229)   Post Evacuate Collection Set: 0.2ms
[2024-10-12T07:55:15.453+0800][info] GC(229)   Other: 0.2ms
[2024-10-12T07:55:15.453+0800][info] GC(229) Eden regions: 2->0(2)
[2024-10-12T07:55:15.453+0800][info] GC(229) Survivor regions: 1->1(1)
[2024-10-12T07:55:15.453+0800][info] GC(229) Old regions: 46->48
[2024-10-12T07:55:15.453+0800][info] GC(229) Archive regions: 2->2
[2024-10-12T07:55:15.453+0800][info] GC(229) Humongous regions: 3->3
[2024-10-12T07:55:15.453+0800][info] GC(229) Metaspace: 1633K(1792K)->1633K(1792K) NonClass: 1509K(1600K)->1509K(1600K) Class: 124K(192K)->124K(192K)
[2024-10-12T07:55:15.453+0800][info] GC(229) Pause Young (Normal) (G1 Evacuation Pause) 98M->98M(128M) 1.664ms
[2024-10-12T07:55:15.453+0800][info] GC(229) User=0.00s Sys=0.00s Real=0.01s
[2024-10-12T07:55:15.555+0800][info] GC(230) Pause Young (Normal) (G1 Evacuation Pause)
[2024-10-12T07:55:15.556+0800][info] GC(230) Using 3 workers of 48 for evacuation
[2024-10-12T07:55:15.557+0800][info] GC(230)   Pre Evacuate Collection Set: 0.1ms
[2024-10-12T07:55:15.557+0800][info] GC(230)   Merge Heap Roots: 0.1ms
[2024-10-12T07:55:15.557+0800][info] GC(230)   Evacuate Collection Set: 1.0ms
[2024-10-12T07:55:15.557+0800][info] GC(230)   Post Evacuate Collection Set: 0.2ms
[2024-10-12T07:55:15.557+0800][info] GC(230)   Other: 0.2ms
[2024-10-12T07:55:15.557+0800][info] GC(230) Eden regions: 2->0(2)
[2024-10-12T07:55:15.557+0800][info] GC(230) Survivor regions: 1->1(1)
[2024-10-12T07:55:15.557+0800][info] GC(230) Old regions: 48->50
[2024-10-12T07:55:15.557+0800][info] GC(230) Archive regions: 2->2
[2024-10-12T07:55:15.557+0800][info] GC(230) Humongous regions: 3->3
[2024-10-12T07:55:15.557+0800][info] GC(230) Metaspace: 1633K(1792K)->1633K(1792K) NonClass: 1509K(1600K)->1509K(1600K) Class: 124K(192K)->124K(192K)
[2024-10-12T07:55:15.557+0800][info] GC(230) Pause Young (Normal) (G1 Evacuation Pause) 102M->102M(128M) 1.765ms
[2024-10-12T07:55:15.557+0800][info] GC(230) User=0.00s Sys=0.00s Real=0.00s
[2024-10-12T07:55:15.660+0800][info] GC(231) Pause Young (Concurrent Start) (G1 Evacuation Pause)
[2024-10-12T07:55:15.660+0800][info] GC(231) Using 3 workers of 48 for evacuation
[2024-10-12T07:55:15.662+0800][info] GC(231)   Pre Evacuate Collection Set: 0.1ms
[2024-10-12T07:55:15.662+0800][info] GC(231)   Merge Heap Roots: 0.1ms
[2024-10-12T07:55:15.662+0800][info] GC(231)   Evacuate Collection Set: 1.1ms
[2024-10-12T07:55:15.662+0800][info] GC(231)   Post Evacuate Collection Set: 0.2ms
[2024-10-12T07:55:15.662+0800][info] GC(231)   Other: 0.4ms
[2024-10-12T07:55:15.662+0800][info] GC(231) Eden regions: 2->0(2)
[2024-10-12T07:55:15.662+0800][info] GC(231) Survivor regions: 1->1(1)
[2024-10-12T07:55:15.662+0800][info] GC(231) Old regions: 50->52
[2024-10-12T07:55:15.662+0800][info] GC(231) Archive regions: 2->2
[2024-10-12T07:55:15.662+0800][info] GC(231) Humongous regions: 3->3
[2024-10-12T07:55:15.662+0800][info] GC(231) Metaspace: 1633K(1792K)->1633K(1792K) NonClass: 1509K(1600K)->1509K(1600K) Class: 124K(192K)->124K(192K)
[2024-10-12T07:55:15.662+0800][info] GC(231) Pause Young (Concurrent Start) (G1 Evacuation Pause) 105M->105M(128M) 1.922ms
[2024-10-12T07:55:15.662+0800][info] GC(231) User=0.01s Sys=0.00s Real=0.00s
[2024-10-12T07:55:15.662+0800][info] GC(232) Concurrent Mark Cycle
[2024-10-12T07:55:15.662+0800][info] GC(232) Concurrent Clear Claimed Marks
[2024-10-12T07:55:15.662+0800][info] GC(232) Concurrent Clear Claimed Marks 0.016ms
[2024-10-12T07:55:15.662+0800][info] GC(232) Concurrent Scan Root Regions
[2024-10-12T07:55:15.662+0800][info] GC(232) Concurrent Scan Root Regions 0.150ms
[2024-10-12T07:55:15.662+0800][info] GC(232) Concurrent Mark
[2024-10-12T07:55:15.662+0800][info] GC(232) Concurrent Mark From Roots
[2024-10-12T07:55:15.662+0800][info] GC(232) Using 12 workers of 12 for marking
[2024-10-12T07:55:15.666+0800][info] GC(232) Concurrent Mark From Roots 4.309ms
[2024-10-12T07:55:15.666+0800][info] GC(232) Concurrent Preclean
[2024-10-12T07:55:15.668+0800][info] GC(232) Concurrent Preclean 1.680ms
[2024-10-12T07:55:15.668+0800][info] GC(232) Pause Remark
[2024-10-12T07:55:15.670+0800][info] GC(232) Pause Remark 106M->106M(128M) 1.621ms
[2024-10-12T07:55:15.670+0800][info] GC(232) User=0.00s Sys=0.00s Real=0.00s
[2024-10-12T07:55:15.670+0800][info] GC(232) Concurrent Mark 7.861ms
[2024-10-12T07:55:15.670+0800][info] GC(232) Concurrent Rebuild Remembered Sets
[2024-10-12T07:55:15.671+0800][info] GC(232) Concurrent Rebuild Remembered Sets 1.212ms
[2024-10-12T07:55:15.671+0800][info] GC(232) Pause Cleanup
[2024-10-12T07:55:15.672+0800][info] GC(232) Pause Cleanup 106M->106M(128M) 0.262ms
[2024-10-12T07:55:15.672+0800][info] GC(232) User=0.00s Sys=0.00s Real=0.00s
[2024-10-12T07:55:15.672+0800][info] GC(232) Concurrent Cleanup for Next Mark
[2024-10-12T07:55:15.672+0800][info] GC(232) Concurrent Cleanup for Next Mark 0.439ms
[2024-10-12T07:55:15.672+0800][info] GC(232) Concurrent Mark Cycle 10.213ms
[2024-10-12T07:55:15.815+0800][info] GC(233) Pause Young (Prepare Mixed) (G1 Preventive Collection)
[2024-10-12T07:55:15.815+0800][info] GC(233) Using 3 workers of 48 for evacuation
[2024-10-12T07:55:15.816+0800][info] GC(233)   Pre Evacuate Collection Set: 0.1ms
[2024-10-12T07:55:15.817+0800][info] GC(233)   Merge Heap Roots: 0.1ms
[2024-10-12T07:55:15.817+0800][info] GC(233)   Evacuate Collection Set: 1.1ms
[2024-10-12T07:55:15.817+0800][info] GC(233)   Post Evacuate Collection Set: 0.2ms
[2024-10-12T07:55:15.817+0800][info] GC(233)   Other: 0.2ms
[2024-10-12T07:55:15.817+0800][info] GC(233) Eden regions: 2->0(2)
[2024-10-12T07:55:15.817+0800][info] GC(233) Survivor regions: 1->1(1)
[2024-10-12T07:55:15.817+0800][info] GC(233) Old regions: 52->54
[2024-10-12T07:55:15.817+0800][info] GC(233) Archive regions: 2->2
[2024-10-12T07:55:15.817+0800][info] GC(233) Humongous regions: 3->3
[2024-10-12T07:55:15.817+0800][info] GC(233) Metaspace: 1633K(1792K)->1633K(1792K) NonClass: 1509K(1600K)->1509K(1600K) Class: 124K(192K)->124K(192K)
[2024-10-12T07:55:15.817+0800][info] GC(233) Pause Young (Prepare Mixed) (G1 Preventive Collection) 109M->109M(128M) 1.805ms
[2024-10-12T07:55:15.817+0800][info] GC(233) User=0.01s Sys=0.00s Real=0.00s
[2024-10-12T07:55:15.878+0800][info] GC(234) Pause Young (Mixed) (G1 Preventive Collection)
[2024-10-12T07:55:15.878+0800][info] GC(234) Using 3 workers of 48 for evacuation
[2024-10-12T07:55:15.880+0800][info] GC(234) To-space exhausted
[2024-10-12T07:55:15.880+0800][info] GC(234)   Pre Evacuate Collection Set: 0.1ms
[2024-10-12T07:55:15.880+0800][info] GC(234)   Merge Heap Roots: 0.1ms
[2024-10-12T07:55:15.880+0800][info] GC(234)   Evacuate Collection Set: 1.1ms
[2024-10-12T07:55:15.880+0800][info] GC(234)   Post Evacuate Collection Set: 0.2ms
[2024-10-12T07:55:15.880+0800][info] GC(234)   Other: 0.2ms
[2024-10-12T07:55:15.880+0800][info] GC(234) Eden regions: 1->0(2)
[2024-10-12T07:55:15.880+0800][info] GC(234) Survivor regions: 1->1(1)
[2024-10-12T07:55:15.880+0800][info] GC(234) Old regions: 54->53
[2024-10-12T07:55:15.880+0800][info] GC(234) Archive regions: 2->2
[2024-10-12T07:55:15.880+0800][info] GC(234) Humongous regions: 3->3
[2024-10-12T07:55:15.880+0800][info] GC(234) Metaspace: 1633K(1792K)->1633K(1792K) NonClass: 1509K(1600K)->1509K(1600K) Class: 124K(192K)->124K(192K)
[2024-10-12T07:55:15.880+0800][info] GC(234) Pause Young (Mixed) (G1 Preventive Collection) 111M->109M(128M) 1.830ms
[2024-10-12T07:55:15.880+0800][info] GC(234) User=0.00s Sys=0.00s Real=0.00s
[2024-10-12T07:55:15.921+0800][info] GC(235) Pause Young (Mixed) (G1 Preventive Collection)
[2024-10-12T07:55:15.921+0800][info] GC(235) Using 3 workers of 48 for evacuation
[2024-10-12T07:55:15.923+0800][info] GC(235) To-space exhausted
[2024-10-12T07:55:15.923+0800][info] GC(235)   Pre Evacuate Collection Set: 0.1ms
[2024-10-12T07:55:15.923+0800][info] GC(235)   Merge Heap Roots: 0.1ms
[2024-10-12T07:55:15.923+0800][info] GC(235)   Evacuate Collection Set: 1.5ms
[2024-10-12T07:55:15.923+0800][info] GC(235)   Post Evacuate Collection Set: 0.3ms
[2024-10-12T07:55:15.923+0800][info] GC(235)   Other: 0.2ms
[2024-10-12T07:55:15.923+0800][info] GC(235) Eden regions: 1->0(2)
[2024-10-12T07:55:15.923+0800][info] GC(235) Survivor regions: 1->1(1)
[2024-10-12T07:55:15.923+0800][info] GC(235) Old regions: 53->54
[2024-10-12T07:55:15.923+0800][info] GC(235) Archive regions: 2->2
[2024-10-12T07:55:15.923+0800][info] GC(235) Humongous regions: 3->3
[2024-10-12T07:55:15.923+0800][info] GC(235) Metaspace: 1633K(1792K)->1633K(1792K) NonClass: 1509K(1600K)->1509K(1600K) Class: 124K(192K)->124K(192K)
[2024-10-12T07:55:15.924+0800][info] GC(235) Pause Young (Mixed) (G1 Preventive Collection) 111M->112M(128M) 2.278ms
[2024-10-12T07:55:15.924+0800][info] GC(235) User=0.00s Sys=0.00s Real=0.00s
[2024-10-12T07:55:15.985+0800][info] GC(236) Pause Young (Mixed) (G1 Preventive Collection)
[2024-10-12T07:55:15.985+0800][info] GC(236) Using 3 workers of 48 for evacuation
[2024-10-12T07:55:15.986+0800][info] GC(236) To-space exhausted
[2024-10-12T07:55:15.986+0800][info] GC(236)   Pre Evacuate Collection Set: 0.1ms
[2024-10-12T07:55:15.986+0800][info] GC(236)   Merge Heap Roots: 0.1ms
[2024-10-12T07:55:15.987+0800][info] GC(236)   Evacuate Collection Set: 1.0ms
[2024-10-12T07:55:15.987+0800][info] GC(236)   Post Evacuate Collection Set: 0.3ms
[2024-10-12T07:55:15.987+0800][info] GC(236)   Other: 0.2ms
[2024-10-12T07:55:15.987+0800][info] GC(236) Eden regions: 1->0(2)
[2024-10-12T07:55:15.987+0800][info] GC(236) Survivor regions: 1->1(1)
[2024-10-12T07:55:15.987+0800][info] GC(236) Old regions: 54->57
[2024-10-12T07:55:15.987+0800][info] GC(236) Archive regions: 2->2
[2024-10-12T07:55:15.987+0800][info] GC(236) Humongous regions: 3->3
[2024-10-12T07:55:15.987+0800][info] GC(236) Metaspace: 1633K(1792K)->1633K(1792K) NonClass: 1509K(1600K)->1509K(1600K) Class: 124K(192K)->124K(192K)
[2024-10-12T07:55:15.987+0800][info] GC(236) Pause Young (Mixed) (G1 Preventive Collection) 113M->117M(128M) 1.832ms
[2024-10-12T07:55:15.987+0800][info] GC(236) User=0.00s Sys=0.00s Real=0.01s
[2024-10-12T07:55:16.028+0800][info] GC(237) Pause Young (Concurrent Start) (G1 Evacuation Pause)
[2024-10-12T07:55:16.028+0800][info] GC(237) Using 3 workers of 48 for evacuation
[2024-10-12T07:55:16.029+0800][info] GC(237) To-space exhausted
[2024-10-12T07:55:16.029+0800][info] GC(237)   Pre Evacuate Collection Set: 0.1ms
[2024-10-12T07:55:16.029+0800][info] GC(237)   Merge Heap Roots: 0.1ms
[2024-10-12T07:55:16.029+0800][info] GC(237)   Evacuate Collection Set: 0.2ms
[2024-10-12T07:55:16.029+0800][info] GC(237)   Post Evacuate Collection Set: 0.2ms
[2024-10-12T07:55:16.029+0800][info] GC(237)   Other: 0.4ms
[2024-10-12T07:55:16.029+0800][info] GC(237) Eden regions: 1->0(3)
[2024-10-12T07:55:16.029+0800][info] GC(237) Survivor regions: 1->0(0)
[2024-10-12T07:55:16.029+0800][info] GC(237) Old regions: 57->59
[2024-10-12T07:55:16.029+0800][info] GC(237) Archive regions: 2->2
[2024-10-12T07:55:16.029+0800][info] GC(237) Humongous regions: 3->3
[2024-10-12T07:55:16.029+0800][info] GC(237) Metaspace: 1633K(1792K)->1633K(1792K) NonClass: 1509K(1600K)->1509K(1600K) Class: 124K(192K)->124K(192K)
[2024-10-12T07:55:16.029+0800][info] GC(237) Pause Young (Concurrent Start) (G1 Evacuation Pause) 119M->119M(128M) 1.069ms
[2024-10-12T07:55:16.029+0800][info] GC(237) User=0.00s Sys=0.00s Real=0.00s
[2024-10-12T07:55:16.029+0800][info] Attempting full compaction
[2024-10-12T07:55:16.029+0800][info] GC(238) Using 3 workers of 48 for full compaction
[2024-10-12T07:55:16.029+0800][info] GC(238) Pause Full (G1 Compaction Pause)
[2024-10-12T07:55:16.029+0800][info] GC(239) Concurrent Mark Cycle
[2024-10-12T07:55:16.029+0800][info] GC(239) Concurrent Clear Claimed Marks
[2024-10-12T07:55:16.029+0800][info] GC(239) Concurrent Clear Claimed Marks 0.016ms
[2024-10-12T07:55:16.029+0800][info] GC(239) Concurrent Scan Root Regions
[2024-10-12T07:55:16.029+0800][info] GC(239) Concurrent Scan Root Regions 0.010ms
[2024-10-12T07:55:16.029+0800][info] GC(239) Concurrent Mark
[2024-10-12T07:55:16.029+0800][info] GC(239) Concurrent Mark From Roots
[2024-10-12T07:55:16.029+0800][info] GC(239) Using 12 workers of 12 for marking
[2024-10-12T07:55:16.029+0800][info] GC(238) Phase 1: Mark live objects
[2024-10-12T07:55:16.033+0800][info] GC(238) Phase 1: Mark live objects 3.434ms
[2024-10-12T07:55:16.033+0800][info] GC(238) Phase 2: Prepare for compaction
[2024-10-12T07:55:16.033+0800][info] GC(238) Phase 2: Prepare for compaction 0.634ms
[2024-10-12T07:55:16.033+0800][info] GC(238) Phase 3: Adjust pointers
[2024-10-12T07:55:16.035+0800][info] GC(238) Phase 3: Adjust pointers 1.573ms
[2024-10-12T07:55:16.035+0800][info] GC(238) Phase 4: Compact heap
[2024-10-12T07:55:16.048+0800][info] GC(238) Phase 4: Compact heap 12.684ms
[2024-10-12T07:55:16.049+0800][info] GC(238) Eden regions: 0->0(4)
[2024-10-12T07:55:16.049+0800][info] GC(238) Survivor regions: 0->0(0)
[2024-10-12T07:55:16.049+0800][info] GC(238) Old regions: 59->37
[2024-10-12T07:55:16.049+0800][info] GC(238) Archive regions: 2->2
[2024-10-12T07:55:16.049+0800][info] GC(238) Humongous regions: 3->3
[2024-10-12T07:55:16.049+0800][info] GC(238) Metaspace: 1633K(1792K)->1633K(1792K) NonClass: 1509K(1600K)->1509K(1600K) Class: 124K(192K)->124K(192K)
[2024-10-12T07:55:16.049+0800][info] GC(238) Pause Full (G1 Compaction Pause) 119M->72M(128M) 20.372ms
[2024-10-12T07:55:16.049+0800][info] GC(238) User=0.04s Sys=0.00s Real=0.02s
[2024-10-12T07:55:16.050+0800][info] GC(239) Concurrent Mark From Roots 20.565ms
[2024-10-12T07:55:16.050+0800][info] GC(239) Concurrent Mark Abort
[2024-10-12T07:55:16.050+0800][info] GC(239) Concurrent Mark Cycle 20.739ms
[2024-10-12T07:55:16.275+0800][info] GC(240) Pause Young (Normal) (G1 Evacuation Pause)
[2024-10-12T07:55:16.275+0800][info] GC(240) Using 3 workers of 48 for evacuation
[2024-10-12T07:55:16.277+0800][info] GC(240)   Pre Evacuate Collection Set: 0.1ms
[2024-10-12T07:55:16.277+0800][info] GC(240)   Merge Heap Roots: 0.0ms
[2024-10-12T07:55:16.277+0800][info] GC(240)   Evacuate Collection Set: 1.3ms
[2024-10-12T07:55:16.277+0800][info] GC(240)   Post Evacuate Collection Set: 0.3ms
[2024-10-12T07:55:16.277+0800][info] GC(240)   Other: 0.2ms
[2024-10-12T07:55:16.277+0800][info] GC(240) Eden regions: 4->0(2)
[2024-10-12T07:55:16.277+0800][info] GC(240) Survivor regions: 0->1(1)
[2024-10-12T07:55:16.277+0800][info] GC(240) Old regions: 37->41
[2024-10-12T07:55:16.277+0800][info] GC(240) Archive regions: 2->2
[2024-10-12T07:55:16.277+0800][info] GC(240) Humongous regions: 3->3
[2024-10-12T07:55:16.277+0800][info] GC(240) Metaspace: 1633K(1792K)->1633K(1792K) NonClass: 1509K(1600K)->1509K(1600K) Class: 124K(192K)->124K(192K)
[2024-10-12T07:55:16.277+0800][info] GC(240) Pause Young (Normal) (G1 Evacuation Pause) 79M->80M(128M) 2.045ms
[2024-10-12T07:55:16.278+0800][info] GC(240) User=0.00s Sys=0.00s Real=0.00s
[2024-10-12T07:55:16.380+0800][info] GC(241) Pause Young (Normal) (G1 Evacuation Pause)
[2024-10-12T07:55:16.380+0800][info] GC(241) Using 3 workers of 48 for evacuation
[2024-10-12T07:55:16.382+0800][info] GC(241)   Pre Evacuate Collection Set: 0.1ms
[2024-10-12T07:55:16.382+0800][info] GC(241)   Merge Heap Roots: 0.0ms
[2024-10-12T07:55:16.382+0800][info] GC(241)   Evacuate Collection Set: 1.1ms
[2024-10-12T07:55:16.382+0800][info] GC(241)   Post Evacuate Collection Set: 0.2ms
[2024-10-12T07:55:16.382+0800][info] GC(241)   Other: 0.2ms
[2024-10-12T07:55:16.382+0800][info] GC(241) Eden regions: 2->0(2)
[2024-10-12T07:55:16.382+0800][info] GC(241) Survivor regions: 1->1(1)
[2024-10-12T07:55:16.382+0800][info] GC(241) Old regions: 41->43
[2024-10-12T07:55:16.382+0800][info] GC(241) Archive regions: 2->2
[2024-10-12T07:55:16.382+0800][info] GC(241) Humongous regions: 3->3
[2024-10-12T07:55:16.382+0800][info] GC(241) Metaspace: 1633K(1792K)->1633K(1792K) NonClass: 1509K(1600K)->1509K(1600K) Class: 124K(192K)->124K(192K)
[2024-10-12T07:55:16.382+0800][info] GC(241) Pause Young (Normal) (G1 Evacuation Pause) 84M->84M(128M) 1.732ms
[2024-10-12T07:55:16.382+0800][info] GC(241) User=0.01s Sys=0.00s Real=0.00s
[2024-10-12T07:55:16.484+0800][info] GC(242) Pause Young (Normal) (G1 Evacuation Pause)
[2024-10-12T07:55:16.484+0800][info] GC(242) Using 3 workers of 48 for evacuation
[2024-10-12T07:55:16.485+0800][info] GC(242)   Pre Evacuate Collection Set: 0.1ms
[2024-10-12T07:55:16.485+0800][info] GC(242)   Merge Heap Roots: 0.1ms
[2024-10-12T07:55:16.485+0800][info] GC(242)   Evacuate Collection Set: 1.1ms
[2024-10-12T07:55:16.485+0800][info] GC(242)   Post Evacuate Collection Set: 0.3ms
[2024-10-12T07:55:16.485+0800][info] GC(242)   Other: 0.2ms
[2024-10-12T07:55:16.485+0800][info] GC(242) Eden regions: 2->0(2)
[2024-10-12T07:55:16.485+0800][info] GC(242) Survivor regions: 1->1(1)
[2024-10-12T07:55:16.485+0800][info] GC(242) Old regions: 43->45
[2024-10-12T07:55:16.485+0800][info] GC(242) Archive regions: 2->2
[2024-10-12T07:55:16.485+0800][info] GC(242) Humongous regions: 3->3
[2024-10-12T07:55:16.485+0800][info] GC(242) Metaspace: 1633K(1792K)->1633K(1792K) NonClass: 1509K(1600K)->1509K(1600K) Class: 124K(192K)->124K(192K)
[2024-10-12T07:55:16.485+0800][info] GC(242) Pause Young (Normal) (G1 Evacuation Pause) 88M->88M(128M) 1.770ms
[2024-10-12T07:55:16.485+0800][info] GC(242) User=0.00s Sys=0.00s Real=0.01s
[2024-10-12T07:55:16.588+0800][info] GC(243) Pause Young (Normal) (G1 Evacuation Pause)
[2024-10-12T07:55:16.588+0800][info] GC(243) Using 3 workers of 48 for evacuation
[2024-10-12T07:55:16.589+0800][info] GC(243)   Pre Evacuate Collection Set: 0.1ms
[2024-10-12T07:55:16.589+0800][info] GC(243)   Merge Heap Roots: 0.0ms
[2024-10-12T07:55:16.589+0800][info] GC(243)   Evacuate Collection Set: 1.1ms
[2024-10-12T07:55:16.590+0800][info] GC(243)   Post Evacuate Collection Set: 0.2ms
[2024-10-12T07:55:16.590+0800][info] GC(243)   Other: 0.2ms
[2024-10-12T07:55:16.590+0800][info] GC(243) Eden regions: 2->0(2)
[2024-10-12T07:55:16.590+0800][info] GC(243) Survivor regions: 1->1(1)
[2024-10-12T07:55:16.590+0800][info] GC(243) Old regions: 45->47
[2024-10-12T07:55:16.590+0800][info] GC(243) Archive regions: 2->2
[2024-10-12T07:55:16.590+0800][info] GC(243) Humongous regions: 3->3
[2024-10-12T07:55:16.590+0800][info] GC(243) Metaspace: 1633K(1792K)->1633K(1792K) NonClass: 1509K(1600K)->1509K(1600K) Class: 124K(192K)->124K(192K)
[2024-10-12T07:55:16.590+0800][info] GC(243) Pause Young (Normal) (G1 Evacuation Pause) 92M->92M(128M) 1.668ms
[2024-10-12T07:55:16.590+0800][info] GC(243) User=0.00s Sys=0.00s Real=0.00s
[2024-10-12T07:55:16.692+0800][info] GC(244) Pause Young (Concurrent Start) (G1 Evacuation Pause)
[2024-10-12T07:55:16.692+0800][info] GC(244) Using 3 workers of 48 for evacuation
[2024-10-12T07:55:16.694+0800][info] GC(244)   Pre Evacuate Collection Set: 0.1ms
[2024-10-12T07:55:16.694+0800][info] GC(244)   Merge Heap Roots: 0.1ms
[2024-10-12T07:55:16.694+0800][info] GC(244)   Evacuate Collection Set: 1.2ms
[2024-10-12T07:55:16.694+0800][info] GC(244)   Post Evacuate Collection Set: 0.2ms
[2024-10-12T07:55:16.694+0800][info] GC(244)   Other: 0.4ms
[2024-10-12T07:55:16.694+0800][info] GC(244) Eden regions: 2->0(2)
[2024-10-12T07:55:16.694+0800][info] GC(244) Survivor regions: 1->1(1)
[2024-10-12T07:55:16.694+0800][info] GC(244) Old regions: 47->49
[2024-10-12T07:55:16.694+0800][info] GC(244) Archive regions: 2->2
[2024-10-12T07:55:16.694+0800][info] GC(244) Humongous regions: 3->3
[2024-10-12T07:55:16.694+0800][info] GC(244) Metaspace: 1633K(1792K)->1633K(1792K) NonClass: 1509K(1600K)->1509K(1600K) Class: 124K(192K)->124K(192K)
[2024-10-12T07:55:16.694+0800][info] GC(244) Pause Young (Concurrent Start) (G1 Evacuation Pause) 96M->96M(128M) 2.004ms
[2024-10-12T07:55:16.694+0800][info] GC(244) User=0.01s Sys=0.00s Real=0.01s
[2024-10-12T07:55:16.694+0800][info] GC(245) Concurrent Mark Cycle
[2024-10-12T07:55:16.694+0800][info] GC(245) Concurrent Clear Claimed Marks
[2024-10-12T07:55:16.694+0800][info] GC(245) Concurrent Clear Claimed Marks 0.016ms
[2024-10-12T07:55:16.694+0800][info] GC(245) Concurrent Scan Root Regions
[2024-10-12T07:55:16.694+0800][info] GC(245) Concurrent Scan Root Regions 0.156ms
[2024-10-12T07:55:16.694+0800][info] GC(245) Concurrent Mark
[2024-10-12T07:55:16.694+0800][info] GC(245) Concurrent Mark From Roots
[2024-10-12T07:55:16.694+0800][info] GC(245) Using 12 workers of 12 for marking
[2024-10-12T07:55:16.698+0800][info] GC(245) Concurrent Mark From Roots 4.296ms
[2024-10-12T07:55:16.698+0800][info] GC(245) Concurrent Preclean
[2024-10-12T07:55:16.700+0800][info] GC(245) Concurrent Preclean 1.661ms
[2024-10-12T07:55:16.700+0800][info] GC(245) Pause Remark
[2024-10-12T07:55:16.702+0800][info] GC(245) Pause Remark 97M->97M(128M) 1.635ms
[2024-10-12T07:55:16.702+0800][info] GC(245) User=0.01s Sys=0.00s Real=0.00s
[2024-10-12T07:55:16.702+0800][info] GC(245) Concurrent Mark 7.852ms
[2024-10-12T07:55:16.702+0800][info] GC(245) Concurrent Rebuild Remembered Sets
[2024-10-12T07:55:16.703+0800][info] GC(245) Concurrent Rebuild Remembered Sets 1.294ms
[2024-10-12T07:55:16.703+0800][info] GC(245) Pause Cleanup
[2024-10-12T07:55:16.704+0800][info] GC(245) Pause Cleanup 97M->97M(128M) 0.299ms
[2024-10-12T07:55:16.704+0800][info] GC(245) User=0.01s Sys=0.00s Real=0.00s
[2024-10-12T07:55:16.704+0800][info] GC(245) Concurrent Cleanup for Next Mark
[2024-10-12T07:55:16.704+0800][info] GC(245) Concurrent Cleanup for Next Mark 0.466ms
[2024-10-12T07:55:16.704+0800][info] GC(245) Concurrent Mark Cycle 10.426ms
[2024-10-12T07:55:16.847+0800][info] GC(246) Pause Young (Prepare Mixed) (G1 Evacuation Pause)
[2024-10-12T07:55:16.847+0800][info] GC(246) Using 3 workers of 48 for evacuation
[2024-10-12T07:55:16.849+0800][info] GC(246)   Pre Evacuate Collection Set: 0.1ms
[2024-10-12T07:55:16.849+0800][info] GC(246)   Merge Heap Roots: 0.1ms
[2024-10-12T07:55:16.849+0800][info] GC(246)   Evacuate Collection Set: 1.0ms
[2024-10-12T07:55:16.849+0800][info] GC(246)   Post Evacuate Collection Set: 0.2ms
[2024-10-12T07:55:16.849+0800][info] GC(246)   Other: 0.2ms
[2024-10-12T07:55:16.849+0800][info] GC(246) Eden regions: 2->0(2)
[2024-10-12T07:55:16.849+0800][info] GC(246) Survivor regions: 1->1(1)
[2024-10-12T07:55:16.849+0800][info] GC(246) Old regions: 49->51
[2024-10-12T07:55:16.849+0800][info] GC(246) Archive regions: 2->2
[2024-10-12T07:55:16.849+0800][info] GC(246) Humongous regions: 3->3
[2024-10-12T07:55:16.849+0800][info] GC(246) Metaspace: 1633K(1792K)->1633K(1792K) NonClass: 1509K(1600K)->1509K(1600K) Class: 124K(192K)->124K(192K)
[2024-10-12T07:55:16.849+0800][info] GC(246) Pause Young (Prepare Mixed) (G1 Evacuation Pause) 100M->100M(128M) 1.696ms
[2024-10-12T07:55:16.849+0800][info] GC(246) User=0.00s Sys=0.00s Real=0.00s
[2024-10-12T07:55:16.951+0800][info] GC(247) Pause Young (Mixed) (G1 Preventive Collection)
[2024-10-12T07:55:16.951+0800][info] GC(247) Using 3 workers of 48 for evacuation
[2024-10-12T07:55:16.953+0800][info] GC(247)   Pre Evacuate Collection Set: 0.1ms
[2024-10-12T07:55:16.953+0800][info] GC(247)   Merge Heap Roots: 0.1ms
[2024-10-12T07:55:16.953+0800][info] GC(247)   Evacuate Collection Set: 1.7ms
[2024-10-12T07:55:16.953+0800][info] GC(247)   Post Evacuate Collection Set: 0.3ms
[2024-10-12T07:55:16.953+0800][info] GC(247)   Other: 0.3ms
[2024-10-12T07:55:16.953+0800][info] GC(247) Eden regions: 2->0(2)
[2024-10-12T07:55:16.953+0800][info] GC(247) Survivor regions: 1->1(1)
[2024-10-12T07:55:16.953+0800][info] GC(247) Old regions: 51->48
[2024-10-12T07:55:16.953+0800][info] GC(247) Archive regions: 2->2
[2024-10-12T07:55:16.953+0800][info] GC(247) Humongous regions: 3->3
[2024-10-12T07:55:16.953+0800][info] GC(247) Metaspace: 1633K(1792K)->1633K(1792K) NonClass: 1509K(1600K)->1509K(1600K) Class: 124K(192K)->124K(192K)
[2024-10-12T07:55:16.953+0800][info] GC(247) Pause Young (Mixed) (G1 Preventive Collection) 104M->96M(128M) 2.525ms
[2024-10-12T07:55:16.953+0800][info] GC(247) User=0.00s Sys=0.00s Real=0.01s
[2024-10-12T07:55:17.056+0800][info] GC(248) Pause Young (Mixed) (G1 Evacuation Pause)
[2024-10-12T07:55:17.056+0800][info] GC(248) Using 3 workers of 48 for evacuation
[2024-10-12T07:55:17.058+0800][info] GC(248)   Pre Evacuate Collection Set: 0.1ms
[2024-10-12T07:55:17.058+0800][info] GC(248)   Merge Heap Roots: 0.1ms
[2024-10-12T07:55:17.058+0800][info] GC(248)   Evacuate Collection Set: 2.1ms
[2024-10-12T07:55:17.058+0800][info] GC(248)   Post Evacuate Collection Set: 0.2ms
[2024-10-12T07:55:17.059+0800][info] GC(248)   Other: 0.2ms
[2024-10-12T07:55:17.059+0800][info] GC(248) Eden regions: 2->0(2)
[2024-10-12T07:55:17.059+0800][info] GC(248) Survivor regions: 1->1(1)
[2024-10-12T07:55:17.059+0800][info] GC(248) Old regions: 48->47
[2024-10-12T07:55:17.059+0800][info] GC(248) Archive regions: 2->2
[2024-10-12T07:55:17.059+0800][info] GC(248) Humongous regions: 3->3
[2024-10-12T07:55:17.059+0800][info] GC(248) Metaspace: 1633K(1792K)->1633K(1792K) NonClass: 1509K(1600K)->1509K(1600K) Class: 124K(192K)->124K(192K)
[2024-10-12T07:55:17.059+0800][info] GC(248) Pause Young (Mixed) (G1 Evacuation Pause) 100M->96M(128M) 2.803ms
[2024-10-12T07:55:17.059+0800][info] GC(248) User=0.00s Sys=0.00s Real=0.00s
[2024-10-12T07:55:17.161+0800][info] GC(249) Pause Young (Normal) (G1 Evacuation Pause)
[2024-10-12T07:55:17.161+0800][info] GC(249) Using 3 workers of 48 for evacuation
[2024-10-12T07:55:17.162+0800][info] GC(249)   Pre Evacuate Collection Set: 0.1ms
[2024-10-12T07:55:17.162+0800][info] GC(249)   Merge Heap Roots: 0.0ms
[2024-10-12T07:55:17.162+0800][info] GC(249)   Evacuate Collection Set: 1.1ms
[2024-10-12T07:55:17.162+0800][info] GC(249)   Post Evacuate Collection Set: 0.2ms
[2024-10-12T07:55:17.162+0800][info] GC(249)   Other: 0.2ms
[2024-10-12T07:55:17.162+0800][info] GC(249) Eden regions: 2->0(2)
[2024-10-12T07:55:17.162+0800][info] GC(249) Survivor regions: 1->1(1)
[2024-10-12T07:55:17.162+0800][info] GC(249) Old regions: 47->49
[2024-10-12T07:55:17.162+0800][info] GC(249) Archive regions: 2->2
[2024-10-12T07:55:17.162+0800][info] GC(249) Humongous regions: 3->3
[2024-10-12T07:55:17.162+0800][info] GC(249) Metaspace: 1633K(1792K)->1633K(1792K) NonClass: 1509K(1600K)->1509K(1600K) Class: 124K(192K)->124K(192K)
[2024-10-12T07:55:17.162+0800][info] GC(249) Pause Young (Normal) (G1 Evacuation Pause) 99M->100M(128M) 1.793ms
[2024-10-12T07:55:17.162+0800][info] GC(249) User=0.01s Sys=0.00s Real=0.00s
[2024-10-12T07:55:17.265+0800][info] GC(250) Pause Young (Concurrent Start) (G1 Evacuation Pause)
[2024-10-12T07:55:17.265+0800][info] GC(250) Using 3 workers of 48 for evacuation
[2024-10-12T07:55:17.267+0800][info] GC(250)   Pre Evacuate Collection Set: 0.1ms
[2024-10-12T07:55:17.267+0800][info] GC(250)   Merge Heap Roots: 0.1ms
[2024-10-12T07:55:17.267+0800][info] GC(250)   Evacuate Collection Set: 1.2ms
[2024-10-12T07:55:17.267+0800][info] GC(250)   Post Evacuate Collection Set: 0.2ms
[2024-10-12T07:55:17.267+0800][info] GC(250)   Other: 0.4ms
[2024-10-12T07:55:17.267+0800][info] GC(250) Eden regions: 2->0(2)
[2024-10-12T07:55:17.267+0800][info] GC(250) Survivor regions: 1->1(1)
[2024-10-12T07:55:17.267+0800][info] GC(250) Old regions: 49->51
[2024-10-12T07:55:17.267+0800][info] GC(250) Archive regions: 2->2
[2024-10-12T07:55:17.267+0800][info] GC(250) Humongous regions: 3->3
[2024-10-12T07:55:17.267+0800][info] GC(250) Metaspace: 1633K(1792K)->1633K(1792K) NonClass: 1509K(1600K)->1509K(1600K) Class: 124K(192K)->124K(192K)
[2024-10-12T07:55:17.267+0800][info] GC(250) Pause Young (Concurrent Start) (G1 Evacuation Pause) 103M->104M(128M) 2.083ms
[2024-10-12T07:55:17.267+0800][info] GC(250) User=0.00s Sys=0.00s Real=0.01s
[2024-10-12T07:55:17.267+0800][info] GC(251) Concurrent Mark Cycle
[2024-10-12T07:55:17.267+0800][info] GC(251) Concurrent Clear Claimed Marks
[2024-10-12T07:55:17.267+0800][info] GC(251) Concurrent Clear Claimed Marks 0.017ms
[2024-10-12T07:55:17.267+0800][info] GC(251) Concurrent Scan Root Regions
[2024-10-12T07:55:17.267+0800][info] GC(251) Concurrent Scan Root Regions 0.164ms
[2024-10-12T07:55:17.267+0800][info] GC(251) Concurrent Mark
[2024-10-12T07:55:17.267+0800][info] GC(251) Concurrent Mark From Roots
[2024-10-12T07:55:17.267+0800][info] GC(251) Using 12 workers of 12 for marking
[2024-10-12T07:55:17.272+0800][info] GC(251) Concurrent Mark From Roots 4.248ms
[2024-10-12T07:55:17.272+0800][info] GC(251) Concurrent Preclean
[2024-10-12T07:55:17.273+0800][info] GC(251) Concurrent Preclean 1.689ms
[2024-10-12T07:55:17.273+0800][info] GC(251) Pause Remark
[2024-10-12T07:55:17.275+0800][info] GC(251) Pause Remark 104M->104M(128M) 1.613ms
[2024-10-12T07:55:17.275+0800][info] GC(251) User=0.00s Sys=0.00s Real=0.00s
[2024-10-12T07:55:17.275+0800][info] GC(251) Concurrent Mark 7.820ms
[2024-10-12T07:55:17.275+0800][info] GC(251) Concurrent Rebuild Remembered Sets
[2024-10-12T07:55:17.277+0800][info] GC(251) Concurrent Rebuild Remembered Sets 1.879ms
[2024-10-12T07:55:17.277+0800][info] GC(251) Pause Cleanup
[2024-10-12T07:55:17.277+0800][info] GC(251) Pause Cleanup 104M->104M(128M) 0.221ms
[2024-10-12T07:55:17.277+0800][info] GC(251) User=0.00s Sys=0.00s Real=0.00s
[2024-10-12T07:55:17.277+0800][info] GC(251) Concurrent Cleanup for Next Mark
[2024-10-12T07:55:17.278+0800][info] GC(251) Concurrent Cleanup for Next Mark 0.352ms
[2024-10-12T07:55:17.278+0800][info] GC(251) Concurrent Mark Cycle 10.813ms
[2024-10-12T07:55:17.420+0800][info] GC(252) Pause Young (Prepare Mixed) (G1 Evacuation Pause)
[2024-10-12T07:55:17.420+0800][info] GC(252) Using 3 workers of 48 for evacuation
[2024-10-12T07:55:17.422+0800][info] GC(252)   Pre Evacuate Collection Set: 0.1ms
[2024-10-12T07:55:17.422+0800][info] GC(252)   Merge Heap Roots: 0.1ms
[2024-10-12T07:55:17.422+0800][info] GC(252)   Evacuate Collection Set: 1.1ms
[2024-10-12T07:55:17.422+0800][info] GC(252)   Post Evacuate Collection Set: 0.2ms
[2024-10-12T07:55:17.422+0800][info] GC(252)   Other: 0.2ms
[2024-10-12T07:55:17.422+0800][info] GC(252) Eden regions: 2->0(2)
[2024-10-12T07:55:17.422+0800][info] GC(252) Survivor regions: 1->1(1)
[2024-10-12T07:55:17.422+0800][info] GC(252) Old regions: 51->53
[2024-10-12T07:55:17.422+0800][info] GC(252) Archive regions: 2->2
[2024-10-12T07:55:17.422+0800][info] GC(252) Humongous regions: 3->3
[2024-10-12T07:55:17.422+0800][info] GC(252) Metaspace: 1633K(1792K)->1633K(1792K) NonClass: 1509K(1600K)->1509K(1600K) Class: 124K(192K)->124K(192K)
[2024-10-12T07:55:17.422+0800][info] GC(252) Pause Young (Prepare Mixed) (G1 Evacuation Pause) 107M->108M(128M) 1.839ms
[2024-10-12T07:55:17.422+0800][info] GC(252) User=0.00s Sys=0.00s Real=0.00s
[2024-10-12T07:55:17.443+0800][info] GC(253) Pause Young (Mixed) (G1 Preventive Collection)
[2024-10-12T07:55:17.443+0800][info] GC(253) Using 3 workers of 48 for evacuation
[2024-10-12T07:55:17.445+0800][info] GC(253)   Pre Evacuate Collection Set: 0.2ms
[2024-10-12T07:55:17.445+0800][info] GC(253)   Merge Heap Roots: 0.1ms
[2024-10-12T07:55:17.445+0800][info] GC(253)   Evacuate Collection Set: 1.4ms
[2024-10-12T07:55:17.445+0800][info] GC(253)   Post Evacuate Collection Set: 0.2ms
[2024-10-12T07:55:17.445+0800][info] GC(253)   Other: 0.2ms
[2024-10-12T07:55:17.445+0800][info] GC(253) Eden regions: 1->0(2)
[2024-10-12T07:55:17.445+0800][info] GC(253) Survivor regions: 1->1(1)
[2024-10-12T07:55:17.445+0800][info] GC(253) Old regions: 53->49
[2024-10-12T07:55:17.445+0800][info] GC(253) Archive regions: 2->2
[2024-10-12T07:55:17.445+0800][info] GC(253) Humongous regions: 3->3
[2024-10-12T07:55:17.445+0800][info] GC(253) Metaspace: 1633K(1792K)->1633K(1792K) NonClass: 1509K(1600K)->1509K(1600K) Class: 124K(192K)->124K(192K)
[2024-10-12T07:55:17.445+0800][info] GC(253) Pause Young (Mixed) (G1 Preventive Collection) 109M->100M(128M) 2.168ms
[2024-10-12T07:55:17.445+0800][info] GC(253) User=0.00s Sys=0.01s Real=0.00s
[2024-10-12T07:55:17.568+0800][info] GC(254) Pause Young (Mixed) (G1 Preventive Collection)
[2024-10-12T07:55:17.568+0800][info] GC(254) Using 3 workers of 48 for evacuation
[2024-10-12T07:55:17.571+0800][info] GC(254)   Pre Evacuate Collection Set: 0.1ms
[2024-10-12T07:55:17.571+0800][info] GC(254)   Merge Heap Roots: 0.1ms
[2024-10-12T07:55:17.571+0800][info] GC(254)   Evacuate Collection Set: 2.3ms
[2024-10-12T07:55:17.571+0800][info] GC(254)   Post Evacuate Collection Set: 0.3ms
[2024-10-12T07:55:17.571+0800][info] GC(254)   Other: 0.2ms
[2024-10-12T07:55:17.571+0800][info] GC(254) Eden regions: 2->0(2)
[2024-10-12T07:55:17.571+0800][info] GC(254) Survivor regions: 1->1(1)
[2024-10-12T07:55:17.571+0800][info] GC(254) Old regions: 49->47
[2024-10-12T07:55:17.571+0800][info] GC(254) Archive regions: 2->2
[2024-10-12T07:55:17.571+0800][info] GC(254) Humongous regions: 4->3
[2024-10-12T07:55:17.571+0800][info] GC(254) Metaspace: 1633K(1792K)->1633K(1792K) NonClass: 1509K(1600K)->1509K(1600K) Class: 124K(192K)->124K(192K)
[2024-10-12T07:55:17.571+0800][info] GC(254) Pause Young (Mixed) (G1 Preventive Collection) 106M->98M(128M) 3.062ms
[2024-10-12T07:55:17.571+0800][info] GC(254) User=0.01s Sys=0.00s Real=0.00s
[2024-10-12T07:55:17.674+0800][info] GC(255) Pause Young (Mixed) (G1 Evacuation Pause)
[2024-10-12T07:55:17.674+0800][info] GC(255) Using 3 workers of 48 for evacuation
[2024-10-12T07:55:17.676+0800][info] GC(255)   Pre Evacuate Collection Set: 0.1ms
[2024-10-12T07:55:17.676+0800][info] GC(255)   Merge Heap Roots: 0.1ms
[2024-10-12T07:55:17.676+0800][info] GC(255)   Evacuate Collection Set: 1.7ms
[2024-10-12T07:55:17.676+0800][info] GC(255)   Post Evacuate Collection Set: 0.2ms
[2024-10-12T07:55:17.676+0800][info] GC(255)   Other: 0.2ms
[2024-10-12T07:55:17.676+0800][info] GC(255) Eden regions: 2->0(2)
[2024-10-12T07:55:17.676+0800][info] GC(255) Survivor regions: 1->1(1)
[2024-10-12T07:55:17.676+0800][info] GC(255) Old regions: 47->47
[2024-10-12T07:55:17.676+0800][info] GC(255) Archive regions: 2->2
[2024-10-12T07:55:17.676+0800][info] GC(255) Humongous regions: 3->3
[2024-10-12T07:55:17.676+0800][info] GC(255) Metaspace: 1633K(1792K)->1633K(1792K) NonClass: 1509K(1600K)->1509K(1600K) Class: 124K(192K)->124K(192K)
[2024-10-12T07:55:17.676+0800][info] GC(255) Pause Young (Mixed) (G1 Evacuation Pause) 102M->99M(128M) 2.425ms
[2024-10-12T07:55:17.676+0800][info] GC(255) User=0.01s Sys=0.00s Real=0.00s
[2024-10-12T07:55:17.778+0800][info] GC(256) Pause Young (Normal) (G1 Evacuation Pause)
[2024-10-12T07:55:17.778+0800][info] GC(256) Using 3 workers of 48 for evacuation
[2024-10-12T07:55:17.780+0800][info] GC(256)   Pre Evacuate Collection Set: 0.1ms
[2024-10-12T07:55:17.780+0800][info] GC(256)   Merge Heap Roots: 0.1ms
[2024-10-12T07:55:17.780+0800][info] GC(256)   Evacuate Collection Set: 1.1ms
[2024-10-12T07:55:17.780+0800][info] GC(256)   Post Evacuate Collection Set: 0.2ms
[2024-10-12T07:55:17.780+0800][info] GC(256)   Other: 0.2ms
[2024-10-12T07:55:17.780+0800][info] GC(256) Eden regions: 2->0(2)
[2024-10-12T07:55:17.780+0800][info] GC(256) Survivor regions: 1->1(1)
[2024-10-12T07:55:17.780+0800][info] GC(256) Old regions: 47->49
[2024-10-12T07:55:17.780+0800][info] GC(256) Archive regions: 2->2
[2024-10-12T07:55:17.780+0800][info] GC(256) Humongous regions: 3->3
[2024-10-12T07:55:17.780+0800][info] GC(256) Metaspace: 1633K(1792K)->1633K(1792K) NonClass: 1509K(1600K)->1509K(1600K) Class: 124K(192K)->124K(192K)
[2024-10-12T07:55:17.780+0800][info] GC(256) Pause Young (Normal) (G1 Evacuation Pause) 103M->103M(128M) 1.702ms
[2024-10-12T07:55:17.780+0800][info] GC(256) User=0.00s Sys=0.00s Real=0.00s
[2024-10-12T07:55:17.883+0800][info] GC(257) Pause Young (Concurrent Start) (G1 Evacuation Pause)
[2024-10-12T07:55:17.883+0800][info] GC(257) Using 3 workers of 48 for evacuation
[2024-10-12T07:55:17.884+0800][info] GC(257)   Pre Evacuate Collection Set: 0.1ms
[2024-10-12T07:55:17.884+0800][info] GC(257)   Merge Heap Roots: 0.1ms
[2024-10-12T07:55:17.884+0800][info] GC(257)   Evacuate Collection Set: 1.0ms
[2024-10-12T07:55:17.884+0800][info] GC(257)   Post Evacuate Collection Set: 0.2ms
[2024-10-12T07:55:17.884+0800][info] GC(257)   Other: 0.4ms
[2024-10-12T07:55:17.884+0800][info] GC(257) Eden regions: 2->0(2)
[2024-10-12T07:55:17.884+0800][info] GC(257) Survivor regions: 1->1(1)
[2024-10-12T07:55:17.884+0800][info] GC(257) Old regions: 49->51
[2024-10-12T07:55:17.884+0800][info] GC(257) Archive regions: 2->2
[2024-10-12T07:55:17.884+0800][info] GC(257) Humongous regions: 3->3
[2024-10-12T07:55:17.884+0800][info] GC(257) Metaspace: 1633K(1792K)->1633K(1792K) NonClass: 1509K(1600K)->1509K(1600K) Class: 124K(192K)->124K(192K)
[2024-10-12T07:55:17.884+0800][info] GC(257) Pause Young (Concurrent Start) (G1 Evacuation Pause) 107M->107M(128M) 1.815ms
[2024-10-12T07:55:17.884+0800][info] GC(257) User=0.01s Sys=0.00s Real=0.00s
[2024-10-12T07:55:17.885+0800][info] GC(258) Concurrent Mark Cycle
[2024-10-12T07:55:17.885+0800][info] GC(258) Concurrent Clear Claimed Marks
[2024-10-12T07:55:17.885+0800][info] GC(258) Concurrent Clear Claimed Marks 0.017ms
[2024-10-12T07:55:17.885+0800][info] GC(258) Concurrent Scan Root Regions
[2024-10-12T07:55:17.885+0800][info] GC(258) Concurrent Scan Root Regions 0.166ms
[2024-10-12T07:55:17.885+0800][info] GC(258) Concurrent Mark
[2024-10-12T07:55:17.885+0800][info] GC(258) Concurrent Mark From Roots
[2024-10-12T07:55:17.885+0800][info] GC(258) Using 12 workers of 12 for marking
[2024-10-12T07:55:17.889+0800][info] GC(258) Concurrent Mark From Roots 3.845ms
[2024-10-12T07:55:17.889+0800][info] GC(258) Concurrent Preclean
[2024-10-12T07:55:17.890+0800][info] GC(258) Concurrent Preclean 1.701ms
[2024-10-12T07:55:17.890+0800][info] GC(258) Pause Remark
[2024-10-12T07:55:17.892+0800][info] GC(258) Pause Remark 108M->106M(128M) 1.547ms
[2024-10-12T07:55:17.892+0800][info] GC(258) User=0.00s Sys=0.00s Real=0.00s
[2024-10-12T07:55:17.892+0800][info] GC(258) Concurrent Mark 7.359ms
[2024-10-12T07:55:17.892+0800][info] GC(258) Concurrent Rebuild Remembered Sets
[2024-10-12T07:55:17.894+0800][info] GC(258) Concurrent Rebuild Remembered Sets 1.367ms
[2024-10-12T07:55:17.894+0800][info] GC(258) Pause Cleanup
[2024-10-12T07:55:17.894+0800][info] GC(258) Pause Cleanup 106M->106M(128M) 0.272ms
[2024-10-12T07:55:17.894+0800][info] GC(258) User=0.00s Sys=0.00s Real=0.00s
[2024-10-12T07:55:17.894+0800][info] GC(258) Concurrent Cleanup for Next Mark
[2024-10-12T07:55:17.894+0800][info] GC(258) Concurrent Cleanup for Next Mark 0.471ms
[2024-10-12T07:55:17.895+0800][info] GC(258) Concurrent Mark Cycle 9.960ms
[2024-10-12T07:55:18.038+0800][info] GC(259) Pause Young (Prepare Mixed) (G1 Evacuation Pause)
[2024-10-12T07:55:18.038+0800][info] GC(259) Using 3 workers of 48 for evacuation
[2024-10-12T07:55:18.039+0800][info] GC(259)   Pre Evacuate Collection Set: 0.1ms
[2024-10-12T07:55:18.039+0800][info] GC(259)   Merge Heap Roots: 0.1ms
[2024-10-12T07:55:18.039+0800][info] GC(259)   Evacuate Collection Set: 1.0ms
[2024-10-12T07:55:18.039+0800][info] GC(259)   Post Evacuate Collection Set: 0.2ms
[2024-10-12T07:55:18.039+0800][info] GC(259)   Other: 0.2ms
[2024-10-12T07:55:18.039+0800][info] GC(259) Eden regions: 2->0(2)
[2024-10-12T07:55:18.039+0800][info] GC(259) Survivor regions: 1->1(1)
[2024-10-12T07:55:18.039+0800][info] GC(259) Old regions: 50->52
[2024-10-12T07:55:18.039+0800][info] GC(259) Archive regions: 2->2
[2024-10-12T07:55:18.039+0800][info] GC(259) Humongous regions: 3->3
[2024-10-12T07:55:18.039+0800][info] GC(259) Metaspace: 1633K(1792K)->1633K(1792K) NonClass: 1509K(1600K)->1509K(1600K) Class: 124K(192K)->124K(192K)
[2024-10-12T07:55:18.039+0800][info] GC(259) Pause Young (Prepare Mixed) (G1 Evacuation Pause) 109M->109M(128M) 1.723ms
[2024-10-12T07:55:18.039+0800][info] GC(259) User=0.01s Sys=0.00s Real=0.00s
[2024-10-12T07:55:18.142+0800][info] GC(260) Pause Young (Mixed) (G1 Preventive Collection)
[2024-10-12T07:55:18.142+0800][info] GC(260) Using 3 workers of 48 for evacuation
[2024-10-12T07:55:18.144+0800][info] GC(260) To-space exhausted
[2024-10-12T07:55:18.144+0800][info] GC(260)   Pre Evacuate Collection Set: 0.1ms
[2024-10-12T07:55:18.144+0800][info] GC(260)   Merge Heap Roots: 0.1ms
[2024-10-12T07:55:18.144+0800][info] GC(260)   Evacuate Collection Set: 1.4ms
[2024-10-12T07:55:18.144+0800][info] GC(260)   Post Evacuate Collection Set: 0.3ms
[2024-10-12T07:55:18.144+0800][info] GC(260)   Other: 0.2ms
[2024-10-12T07:55:18.144+0800][info] GC(260) Eden regions: 2->0(2)
[2024-10-12T07:55:18.144+0800][info] GC(260) Survivor regions: 1->1(1)
[2024-10-12T07:55:18.144+0800][info] GC(260) Old regions: 52->52
[2024-10-12T07:55:18.144+0800][info] GC(260) Archive regions: 2->2
[2024-10-12T07:55:18.144+0800][info] GC(260) Humongous regions: 3->3
[2024-10-12T07:55:18.144+0800][info] GC(260) Metaspace: 1633K(1792K)->1633K(1792K) NonClass: 1509K(1600K)->1509K(1600K) Class: 124K(192K)->124K(192K)
[2024-10-12T07:55:18.144+0800][info] GC(260) Pause Young (Mixed) (G1 Preventive Collection) 112M->110M(128M) 2.280ms
[2024-10-12T07:55:18.144+0800][info] GC(260) User=0.00s Sys=0.00s Real=0.00s
[2024-10-12T07:55:18.246+0800][info] GC(261) Pause Young (Mixed) (G1 Preventive Collection)
[2024-10-12T07:55:18.246+0800][info] GC(261) Using 3 workers of 48 for evacuation
[2024-10-12T07:55:18.248+0800][info] GC(261) To-space exhausted
[2024-10-12T07:55:18.248+0800][info] GC(261)   Pre Evacuate Collection Set: 0.1ms
[2024-10-12T07:55:18.248+0800][info] GC(261)   Merge Heap Roots: 0.1ms
[2024-10-12T07:55:18.248+0800][info] GC(261)   Evacuate Collection Set: 1.4ms
[2024-10-12T07:55:18.248+0800][info] GC(261)   Post Evacuate Collection Set: 0.3ms
[2024-10-12T07:55:18.248+0800][info] GC(261)   Other: 0.2ms
[2024-10-12T07:55:18.248+0800][info] GC(261) Eden regions: 2->0(2)
[2024-10-12T07:55:18.248+0800][info] GC(261) Survivor regions: 1->1(1)
[2024-10-12T07:55:18.248+0800][info] GC(261) Old regions: 52->57
[2024-10-12T07:55:18.248+0800][info] GC(261) Archive regions: 2->2
[2024-10-12T07:55:18.248+0800][info] GC(261) Humongous regions: 3->3
[2024-10-12T07:55:18.248+0800][info] GC(261) Metaspace: 1633K(1792K)->1633K(1792K) NonClass: 1509K(1600K)->1509K(1600K) Class: 124K(192K)->124K(192K)
[2024-10-12T07:55:18.248+0800][info] GC(261) Pause Young (Mixed) (G1 Preventive Collection) 114M->120M(128M) 2.216ms
[2024-10-12T07:55:18.248+0800][info] GC(261) User=0.01s Sys=0.00s Real=0.00s
[2024-10-12T07:55:18.310+0800][info] GC(262) Pause Young (Mixed) (G1 Evacuation Pause)
[2024-10-12T07:55:18.310+0800][info] GC(262) Using 3 workers of 48 for evacuation
[2024-10-12T07:55:18.311+0800][info] GC(262) To-space exhausted
[2024-10-12T07:55:18.311+0800][info] GC(262)   Pre Evacuate Collection Set: 0.1ms
[2024-10-12T07:55:18.311+0800][info] GC(262)   Merge Heap Roots: 0.1ms
[2024-10-12T07:55:18.311+0800][info] GC(262)   Evacuate Collection Set: 0.2ms
[2024-10-12T07:55:18.311+0800][info] GC(262)   Post Evacuate Collection Set: 0.2ms
[2024-10-12T07:55:18.311+0800][info] GC(262)   Other: 0.2ms
[2024-10-12T07:55:18.311+0800][info] GC(262) Eden regions: 1->0(3)
[2024-10-12T07:55:18.311+0800][info] GC(262) Survivor regions: 1->0(0)
[2024-10-12T07:55:18.311+0800][info] GC(262) Old regions: 57->59
[2024-10-12T07:55:18.311+0800][info] GC(262) Archive regions: 2->2
[2024-10-12T07:55:18.311+0800][info] GC(262) Humongous regions: 3->3
[2024-10-12T07:55:18.311+0800][info] GC(262) Metaspace: 1633K(1792K)->1633K(1792K) NonClass: 1509K(1600K)->1509K(1600K) Class: 124K(192K)->124K(192K)
[2024-10-12T07:55:18.311+0800][info] GC(262) Pause Young (Mixed) (G1 Evacuation Pause) 122M->122M(128M) 0.906ms
[2024-10-12T07:55:18.311+0800][info] GC(262) User=0.00s Sys=0.00s Real=0.00s
[2024-10-12T07:55:18.311+0800][info] Attempting full compaction
[2024-10-12T07:55:18.311+0800][info] GC(263) Using 3 workers of 48 for full compaction
[2024-10-12T07:55:18.311+0800][info] GC(263) Pause Full (G1 Compaction Pause)
[2024-10-12T07:55:18.311+0800][info] GC(263) Phase 1: Mark live objects
[2024-10-12T07:55:18.314+0800][info] GC(263) Phase 1: Mark live objects 3.336ms
[2024-10-12T07:55:18.314+0800][info] GC(263) Phase 2: Prepare for compaction
[2024-10-12T07:55:18.315+0800][info] GC(263) Phase 2: Prepare for compaction 0.641ms
[2024-10-12T07:55:18.315+0800][info] GC(263) Phase 3: Adjust pointers
[2024-10-12T07:55:18.316+0800][info] GC(263) Phase 3: Adjust pointers 1.566ms
[2024-10-12T07:55:18.316+0800][info] GC(263) Phase 4: Compact heap
[2024-10-12T07:55:18.328+0800][info] GC(263) Phase 4: Compact heap 11.322ms
[2024-10-12T07:55:18.329+0800][info] GC(263) Eden regions: 0->0(3)
[2024-10-12T07:55:18.329+0800][info] GC(263) Survivor regions: 0->0(0)
[2024-10-12T07:55:18.329+0800][info] GC(263) Old regions: 59->40
[2024-10-12T07:55:18.329+0800][info] GC(263) Archive regions: 2->2
[2024-10-12T07:55:18.329+0800][info] GC(263) Humongous regions: 3->3
[2024-10-12T07:55:18.329+0800][info] GC(263) Metaspace: 1633K(1792K)->1633K(1792K) NonClass: 1509K(1600K)->1509K(1600K) Class: 124K(192K)->124K(192K)
[2024-10-12T07:55:18.329+0800][info] GC(263) Pause Full (G1 Compaction Pause) 122M->72M(128M) 18.398ms
[2024-10-12T07:55:18.329+0800][info] GC(263) User=0.04s Sys=0.01s Real=0.02s
[2024-10-12T07:55:18.493+0800][info] GC(264) Pause Young (Normal) (G1 Evacuation Pause)
[2024-10-12T07:55:18.493+0800][info] GC(264) Using 3 workers of 48 for evacuation
[2024-10-12T07:55:18.495+0800][info] GC(264)   Pre Evacuate Collection Set: 0.1ms
[2024-10-12T07:55:18.495+0800][info] GC(264)   Merge Heap Roots: 0.0ms
[2024-10-12T07:55:18.495+0800][info] GC(264)   Evacuate Collection Set: 1.0ms
[2024-10-12T07:55:18.495+0800][info] GC(264)   Post Evacuate Collection Set: 0.2ms
[2024-10-12T07:55:18.495+0800][info] GC(264)   Other: 0.3ms
[2024-10-12T07:55:18.495+0800][info] GC(264) Eden regions: 3->0(2)
[2024-10-12T07:55:18.495+0800][info] GC(264) Survivor regions: 0->1(1)
[2024-10-12T07:55:18.495+0800][info] GC(264) Old regions: 40->42
[2024-10-12T07:55:18.495+0800][info] GC(264) Archive regions: 2->2
[2024-10-12T07:55:18.495+0800][info] GC(264) Humongous regions: 3->3
[2024-10-12T07:55:18.495+0800][info] GC(264) Metaspace: 1633K(1792K)->1633K(1792K) NonClass: 1509K(1600K)->1509K(1600K) Class: 124K(192K)->124K(192K)
[2024-10-12T07:55:18.495+0800][info] GC(264) Pause Young (Normal) (G1 Evacuation Pause) 78M->78M(128M) 1.758ms
[2024-10-12T07:55:18.495+0800][info] GC(264) User=0.01s Sys=0.00s Real=0.00s
[2024-10-12T07:55:18.598+0800][info] GC(265) Pause Young (Normal) (G1 Evacuation Pause)
[2024-10-12T07:55:18.598+0800][info] GC(265) Using 3 workers of 48 for evacuation
[2024-10-12T07:55:18.599+0800][info] GC(265)   Pre Evacuate Collection Set: 0.1ms
[2024-10-12T07:55:18.599+0800][info] GC(265)   Merge Heap Roots: 0.1ms
[2024-10-12T07:55:18.599+0800][info] GC(265)   Evacuate Collection Set: 0.9ms
[2024-10-12T07:55:18.599+0800][info] GC(265)   Post Evacuate Collection Set: 0.2ms
[2024-10-12T07:55:18.599+0800][info] GC(265)   Other: 0.2ms
[2024-10-12T07:55:18.599+0800][info] GC(265) Eden regions: 2->0(2)
[2024-10-12T07:55:18.599+0800][info] GC(265) Survivor regions: 1->1(1)
[2024-10-12T07:55:18.599+0800][info] GC(265) Old regions: 42->44
[2024-10-12T07:55:18.599+0800][info] GC(265) Archive regions: 2->2
[2024-10-12T07:55:18.599+0800][info] GC(265) Humongous regions: 3->3
[2024-10-12T07:55:18.599+0800][info] GC(265) Metaspace: 1633K(1792K)->1633K(1792K) NonClass: 1509K(1600K)->1509K(1600K) Class: 124K(192K)->124K(192K)
[2024-10-12T07:55:18.599+0800][info] GC(265) Pause Young (Normal) (G1 Evacuation Pause) 82M->82M(128M) 1.492ms
[2024-10-12T07:55:18.599+0800][info] GC(265) User=0.00s Sys=0.00s Real=0.00s
[2024-10-12T07:55:18.701+0800][info] GC(266) Pause Young (Normal) (G1 Evacuation Pause)
[2024-10-12T07:55:18.701+0800][info] GC(266) Using 3 workers of 48 for evacuation
[2024-10-12T07:55:18.703+0800][info] GC(266)   Pre Evacuate Collection Set: 0.1ms
[2024-10-12T07:55:18.703+0800][info] GC(266)   Merge Heap Roots: 0.1ms
[2024-10-12T07:55:18.703+0800][info] GC(266)   Evacuate Collection Set: 1.1ms
[2024-10-12T07:55:18.703+0800][info] GC(266)   Post Evacuate Collection Set: 0.2ms
[2024-10-12T07:55:18.703+0800][info] GC(266)   Other: 0.2ms
[2024-10-12T07:55:18.703+0800][info] GC(266) Eden regions: 2->0(2)
[2024-10-12T07:55:18.703+0800][info] GC(266) Survivor regions: 1->1(1)
[2024-10-12T07:55:18.703+0800][info] GC(266) Old regions: 44->46
[2024-10-12T07:55:18.703+0800][info] GC(266) Archive regions: 2->2
[2024-10-12T07:55:18.703+0800][info] GC(266) Humongous regions: 3->3
[2024-10-12T07:55:18.703+0800][info] GC(266) Metaspace: 1633K(1792K)->1633K(1792K) NonClass: 1509K(1600K)->1509K(1600K) Class: 124K(192K)->124K(192K)
[2024-10-12T07:55:18.703+0800][info] GC(266) Pause Young (Normal) (G1 Evacuation Pause) 85M->85M(128M) 1.728ms
[2024-10-12T07:55:18.703+0800][info] GC(266) User=0.01s Sys=0.00s Real=0.00s
[2024-10-12T07:55:18.806+0800][info] GC(267) Pause Young (Concurrent Start) (G1 Evacuation Pause)
[2024-10-12T07:55:18.806+0800][info] GC(267) Using 3 workers of 48 for evacuation
[2024-10-12T07:55:18.807+0800][info] GC(267)   Pre Evacuate Collection Set: 0.1ms
[2024-10-12T07:55:18.807+0800][info] GC(267)   Merge Heap Roots: 0.1ms
[2024-10-12T07:55:18.807+0800][info] GC(267)   Evacuate Collection Set: 1.1ms
[2024-10-12T07:55:18.807+0800][info] GC(267)   Post Evacuate Collection Set: 0.2ms
[2024-10-12T07:55:18.807+0800][info] GC(267)   Other: 0.4ms
[2024-10-12T07:55:18.807+0800][info] GC(267) Eden regions: 2->0(2)
[2024-10-12T07:55:18.808+0800][info] GC(267) Survivor regions: 1->1(1)
[2024-10-12T07:55:18.808+0800][info] GC(267) Old regions: 46->48
[2024-10-12T07:55:18.808+0800][info] GC(267) Archive regions: 2->2
[2024-10-12T07:55:18.808+0800][info] GC(267) Humongous regions: 3->3
[2024-10-12T07:55:18.808+0800][info] GC(267) Metaspace: 1633K(1792K)->1633K(1792K) NonClass: 1509K(1600K)->1509K(1600K) Class: 124K(192K)->124K(192K)
[2024-10-12T07:55:18.808+0800][info] GC(267) Pause Young (Concurrent Start) (G1 Evacuation Pause) 89M->89M(128M) 1.976ms
[2024-10-12T07:55:18.808+0800][info] GC(267) User=0.01s Sys=0.00s Real=0.00s
[2024-10-12T07:55:18.808+0800][info] GC(268) Concurrent Mark Cycle
[2024-10-12T07:55:18.808+0800][info] GC(268) Concurrent Clear Claimed Marks
[2024-10-12T07:55:18.808+0800][info] GC(268) Concurrent Clear Claimed Marks 0.016ms
[2024-10-12T07:55:18.808+0800][info] GC(268) Concurrent Scan Root Regions
[2024-10-12T07:55:18.808+0800][info] GC(268) Concurrent Scan Root Regions 0.112ms
[2024-10-12T07:55:18.808+0800][info] GC(268) Concurrent Mark
[2024-10-12T07:55:18.808+0800][info] GC(268) Concurrent Mark From Roots
[2024-10-12T07:55:18.808+0800][info] GC(268) Using 12 workers of 12 for marking
[2024-10-12T07:55:18.814+0800][info] GC(268) Concurrent Mark From Roots 6.278ms
[2024-10-12T07:55:18.814+0800][info] GC(268) Concurrent Preclean
[2024-10-12T07:55:18.816+0800][info] GC(268) Concurrent Preclean 1.667ms
[2024-10-12T07:55:18.816+0800][info] GC(268) Pause Remark
[2024-10-12T07:55:18.818+0800][info] GC(268) Pause Remark 89M->89M(128M) 1.597ms
[2024-10-12T07:55:18.818+0800][info] GC(268) User=0.01s Sys=0.00s Real=0.00s
[2024-10-12T07:55:18.818+0800][info] GC(268) Concurrent Mark 9.784ms
[2024-10-12T07:55:18.818+0800][info] GC(268) Concurrent Rebuild Remembered Sets
[2024-10-12T07:55:18.819+0800][info] GC(268) Concurrent Rebuild Remembered Sets 1.075ms
[2024-10-12T07:55:18.819+0800][info] GC(268) Pause Cleanup
[2024-10-12T07:55:18.819+0800][info] GC(268) Pause Cleanup 89M->89M(128M) 0.285ms
[2024-10-12T07:55:18.819+0800][info] GC(268) User=0.00s Sys=0.00s Real=0.00s
[2024-10-12T07:55:18.819+0800][info] GC(268) Concurrent Cleanup for Next Mark
[2024-10-12T07:55:18.820+0800][info] GC(268) Concurrent Cleanup for Next Mark 0.448ms
[2024-10-12T07:55:18.820+0800][info] GC(268) Concurrent Mark Cycle 12.066ms
[2024-10-12T07:55:18.961+0800][info] GC(269) Pause Young (Prepare Mixed) (G1 Evacuation Pause)
[2024-10-12T07:55:18.961+0800][info] GC(269) Using 3 workers of 48 for evacuation
[2024-10-12T07:55:18.962+0800][info] GC(269)   Pre Evacuate Collection Set: 0.1ms
[2024-10-12T07:55:18.962+0800][info] GC(269)   Merge Heap Roots: 0.1ms
[2024-10-12T07:55:18.962+0800][info] GC(269)   Evacuate Collection Set: 1.0ms
[2024-10-12T07:55:18.962+0800][info] GC(269)   Post Evacuate Collection Set: 0.2ms
[2024-10-12T07:55:18.962+0800][info] GC(269)   Other: 0.2ms
[2024-10-12T07:55:18.962+0800][info] GC(269) Eden regions: 2->0(2)
[2024-10-12T07:55:18.962+0800][info] GC(269) Survivor regions: 1->1(1)
[2024-10-12T07:55:18.963+0800][info] GC(269) Old regions: 48->50
[2024-10-12T07:55:18.963+0800][info] GC(269) Archive regions: 2->2
[2024-10-12T07:55:18.963+0800][info] GC(269) Humongous regions: 3->3
[2024-10-12T07:55:18.963+0800][info] GC(269) Metaspace: 1633K(1792K)->1633K(1792K) NonClass: 1509K(1600K)->1509K(1600K) Class: 124K(192K)->124K(192K)
[2024-10-12T07:55:18.963+0800][info] GC(269) Pause Young (Prepare Mixed) (G1 Evacuation Pause) 92M->93M(128M) 1.780ms
[2024-10-12T07:55:18.963+0800][info] GC(269) User=0.00s Sys=0.01s Real=0.00s
[2024-10-12T07:55:19.065+0800][info] GC(270) Pause Young (Mixed) (G1 Evacuation Pause)
[2024-10-12T07:55:19.065+0800][info] GC(270) Using 3 workers of 48 for evacuation
[2024-10-12T07:55:19.067+0800][info] GC(270)   Pre Evacuate Collection Set: 0.2ms
[2024-10-12T07:55:19.067+0800][info] GC(270)   Merge Heap Roots: 0.1ms
[2024-10-12T07:55:19.067+0800][info] GC(270)   Evacuate Collection Set: 1.6ms
[2024-10-12T07:55:19.067+0800][info] GC(270)   Post Evacuate Collection Set: 0.3ms
[2024-10-12T07:55:19.067+0800][info] GC(270)   Other: 0.3ms
[2024-10-12T07:55:19.067+0800][info] GC(270) Eden regions: 2->0(2)
[2024-10-12T07:55:19.067+0800][info] GC(270) Survivor regions: 1->1(1)
[2024-10-12T07:55:19.067+0800][info] GC(270) Old regions: 50->46
[2024-10-12T07:55:19.067+0800][info] GC(270) Archive regions: 2->2
[2024-10-12T07:55:19.067+0800][info] GC(270) Humongous regions: 3->3
[2024-10-12T07:55:19.068+0800][info] GC(270) Metaspace: 1633K(1792K)->1633K(1792K) NonClass: 1509K(1600K)->1509K(1600K) Class: 124K(192K)->124K(192K)
[2024-10-12T07:55:19.068+0800][info] GC(270) Pause Young (Mixed) (G1 Evacuation Pause) 96M->92M(128M) 2.435ms
[2024-10-12T07:55:19.068+0800][info] GC(270) User=0.01s Sys=0.00s Real=0.00s
[2024-10-12T07:55:19.170+0800][info] GC(271) Pause Young (Mixed) (G1 Evacuation Pause)
[2024-10-12T07:55:19.170+0800][info] GC(271) Using 3 workers of 48 for evacuation
[2024-10-12T07:55:19.172+0800][info] GC(271)   Pre Evacuate Collection Set: 0.2ms
[2024-10-12T07:55:19.172+0800][info] GC(271)   Merge Heap Roots: 0.1ms
[2024-10-12T07:55:19.172+0800][info] GC(271)   Evacuate Collection Set: 1.4ms
[2024-10-12T07:55:19.172+0800][info] GC(271)   Post Evacuate Collection Set: 0.2ms
[2024-10-12T07:55:19.172+0800][info] GC(271)   Other: 0.2ms
[2024-10-12T07:55:19.172+0800][info] GC(271) Eden regions: 2->0(2)
[2024-10-12T07:55:19.172+0800][info] GC(271) Survivor regions: 1->1(1)
[2024-10-12T07:55:19.172+0800][info] GC(271) Old regions: 46->48
[2024-10-12T07:55:19.172+0800][info] GC(271) Archive regions: 2->2
[2024-10-12T07:55:19.172+0800][info] GC(271) Humongous regions: 3->3
[2024-10-12T07:55:19.172+0800][info] GC(271) Metaspace: 1633K(1792K)->1633K(1792K) NonClass: 1509K(1600K)->1509K(1600K) Class: 124K(192K)->124K(192K)
[2024-10-12T07:55:19.172+0800][info] GC(271) Pause Young (Mixed) (G1 Evacuation Pause) 96M->95M(128M) 2.142ms
[2024-10-12T07:55:19.172+0800][info] GC(271) User=0.00s Sys=0.00s Real=0.00s
[2024-10-12T07:55:19.275+0800][info] GC(272) Pause Young (Normal) (G1 Evacuation Pause)
[2024-10-12T07:55:19.275+0800][info] GC(272) Using 3 workers of 48 for evacuation
[2024-10-12T07:55:19.276+0800][info] GC(272)   Pre Evacuate Collection Set: 0.1ms
[2024-10-12T07:55:19.276+0800][info] GC(272)   Merge Heap Roots: 0.1ms
[2024-10-12T07:55:19.276+0800][info] GC(272)   Evacuate Collection Set: 1.0ms
[2024-10-12T07:55:19.276+0800][info] GC(272)   Post Evacuate Collection Set: 0.2ms
[2024-10-12T07:55:19.276+0800][info] GC(272)   Other: 0.2ms
[2024-10-12T07:55:19.276+0800][info] GC(272) Eden regions: 2->0(2)
[2024-10-12T07:55:19.276+0800][info] GC(272) Survivor regions: 1->1(1)
[2024-10-12T07:55:19.276+0800][info] GC(272) Old regions: 48->50
[2024-10-12T07:55:19.276+0800][info] GC(272) Archive regions: 2->2
[2024-10-12T07:55:19.276+0800][info] GC(272) Humongous regions: 3->3
[2024-10-12T07:55:19.276+0800][info] GC(272) Metaspace: 1633K(1792K)->1633K(1792K) NonClass: 1509K(1600K)->1509K(1600K) Class: 124K(192K)->124K(192K)
[2024-10-12T07:55:19.276+0800][info] GC(272) Pause Young (Normal) (G1 Evacuation Pause) 99M->99M(128M) 1.779ms
[2024-10-12T07:55:19.277+0800][info] GC(272) User=0.01s Sys=0.00s Real=0.00s
[2024-10-12T07:55:19.379+0800][info] GC(273) Pause Young (Concurrent Start) (G1 Evacuation Pause)
[2024-10-12T07:55:19.379+0800][info] GC(273) Using 3 workers of 48 for evacuation
[2024-10-12T07:55:19.380+0800][info] GC(273)   Pre Evacuate Collection Set: 0.1ms
[2024-10-12T07:55:19.380+0800][info] GC(273)   Merge Heap Roots: 0.1ms
[2024-10-12T07:55:19.380+0800][info] GC(273)   Evacuate Collection Set: 1.0ms
[2024-10-12T07:55:19.380+0800][info] GC(273)   Post Evacuate Collection Set: 0.2ms
[2024-10-12T07:55:19.380+0800][info] GC(273)   Other: 0.4ms
[2024-10-12T07:55:19.380+0800][info] GC(273) Eden regions: 2->0(2)
[2024-10-12T07:55:19.380+0800][info] GC(273) Survivor regions: 1->1(1)
[2024-10-12T07:55:19.380+0800][info] GC(273) Old regions: 50->52
[2024-10-12T07:55:19.380+0800][info] GC(273) Archive regions: 2->2
[2024-10-12T07:55:19.380+0800][info] GC(273) Humongous regions: 3->3
[2024-10-12T07:55:19.380+0800][info] GC(273) Metaspace: 1633K(1792K)->1633K(1792K) NonClass: 1509K(1600K)->1509K(1600K) Class: 124K(192K)->124K(192K)
[2024-10-12T07:55:19.381+0800][info] GC(273) Pause Young (Concurrent Start) (G1 Evacuation Pause) 103M->103M(128M) 1.842ms
[2024-10-12T07:55:19.381+0800][info] GC(273) User=0.00s Sys=0.00s Real=0.00s
[2024-10-12T07:55:19.381+0800][info] GC(274) Concurrent Mark Cycle
[2024-10-12T07:55:19.381+0800][info] GC(274) Concurrent Clear Claimed Marks
[2024-10-12T07:55:19.381+0800][info] GC(274) Concurrent Clear Claimed Marks 0.016ms
[2024-10-12T07:55:19.381+0800][info] GC(274) Concurrent Scan Root Regions
[2024-10-12T07:55:19.381+0800][info] GC(274) Concurrent Scan Root Regions 0.138ms
[2024-10-12T07:55:19.381+0800][info] GC(274) Concurrent Mark
[2024-10-12T07:55:19.381+0800][info] GC(274) Concurrent Mark From Roots
[2024-10-12T07:55:19.381+0800][info] GC(274) Using 12 workers of 12 for marking
[2024-10-12T07:55:19.385+0800][info] GC(274) Concurrent Mark From Roots 4.310ms
[2024-10-12T07:55:19.385+0800][info] GC(274) Concurrent Preclean
[2024-10-12T07:55:19.387+0800][info] GC(274) Concurrent Preclean 1.683ms
[2024-10-12T07:55:19.387+0800][info] GC(274) Pause Remark
[2024-10-12T07:55:19.389+0800][info] GC(274) Pause Remark 104M->104M(128M) 1.541ms
[2024-10-12T07:55:19.389+0800][info] GC(274) User=0.00s Sys=0.00s Real=0.00s
[2024-10-12T07:55:19.389+0800][info] GC(274) Concurrent Mark 7.833ms
[2024-10-12T07:55:19.389+0800][info] GC(274) Concurrent Rebuild Remembered Sets
[2024-10-12T07:55:19.390+0800][info] GC(274) Concurrent Rebuild Remembered Sets 1.110ms
[2024-10-12T07:55:19.390+0800][info] GC(274) Pause Cleanup
[2024-10-12T07:55:19.390+0800][info] GC(274) Pause Cleanup 104M->104M(128M) 0.201ms
[2024-10-12T07:55:19.390+0800][info] GC(274) User=0.00s Sys=0.00s Real=0.00s
[2024-10-12T07:55:19.390+0800][info] GC(274) Concurrent Cleanup for Next Mark
[2024-10-12T07:55:19.391+0800][info] GC(274) Concurrent Cleanup for Next Mark 0.407ms
[2024-10-12T07:55:19.391+0800][info] GC(274) Concurrent Mark Cycle 9.983ms
[2024-10-12T07:55:19.535+0800][info] GC(275) Pause Young (Prepare Mixed) (G1 Preventive Collection)
[2024-10-12T07:55:19.535+0800][info] GC(275) Using 3 workers of 48 for evacuation
[2024-10-12T07:55:19.536+0800][info] GC(275)   Pre Evacuate Collection Set: 0.1ms
[2024-10-12T07:55:19.536+0800][info] GC(275)   Merge Heap Roots: 0.1ms
[2024-10-12T07:55:19.536+0800][info] GC(275)   Evacuate Collection Set: 1.1ms
[2024-10-12T07:55:19.536+0800][info] GC(275)   Post Evacuate Collection Set: 0.2ms
[2024-10-12T07:55:19.536+0800][info] GC(275)   Other: 0.2ms
[2024-10-12T07:55:19.536+0800][info] GC(275) Eden regions: 2->0(2)
[2024-10-12T07:55:19.536+0800][info] GC(275) Survivor regions: 1->1(1)
[2024-10-12T07:55:19.536+0800][info] GC(275) Old regions: 52->54
[2024-10-12T07:55:19.536+0800][info] GC(275) Archive regions: 2->2
[2024-10-12T07:55:19.536+0800][info] GC(275) Humongous regions: 3->3
[2024-10-12T07:55:19.536+0800][info] GC(275) Metaspace: 1634K(1792K)->1634K(1792K) NonClass: 1509K(1600K)->1509K(1600K) Class: 124K(192K)->124K(192K)
[2024-10-12T07:55:19.536+0800][info] GC(275) Pause Young (Prepare Mixed) (G1 Preventive Collection) 107M->107M(128M) 1.839ms
[2024-10-12T07:55:19.536+0800][info] GC(275) User=0.01s Sys=0.00s Real=0.00s
[2024-10-12T07:55:19.598+0800][info] GC(276) Pause Young (Mixed) (G1 Preventive Collection)
[2024-10-12T07:55:19.598+0800][info] GC(276) Using 3 workers of 48 for evacuation
[2024-10-12T07:55:19.600+0800][info] GC(276) To-space exhausted
[2024-10-12T07:55:19.600+0800][info] GC(276)   Pre Evacuate Collection Set: 0.2ms
[2024-10-12T07:55:19.600+0800][info] GC(276)   Merge Heap Roots: 0.1ms
[2024-10-12T07:55:19.600+0800][info] GC(276)   Evacuate Collection Set: 1.3ms
[2024-10-12T07:55:19.600+0800][info] GC(276)   Post Evacuate Collection Set: 0.3ms
[2024-10-12T07:55:19.600+0800][info] GC(276)   Other: 0.2ms
[2024-10-12T07:55:19.600+0800][info] GC(276) Eden regions: 1->0(2)
[2024-10-12T07:55:19.600+0800][info] GC(276) Survivor regions: 1->1(1)
[2024-10-12T07:55:19.600+0800][info] GC(276) Old regions: 54->50
[2024-10-12T07:55:19.600+0800][info] GC(276) Archive regions: 2->2
[2024-10-12T07:55:19.600+0800][info] GC(276) Humongous regions: 3->3
[2024-10-12T07:55:19.600+0800][info] GC(276) Metaspace: 1634K(1792K)->1634K(1792K) NonClass: 1509K(1600K)->1509K(1600K) Class: 124K(192K)->124K(192K)
[2024-10-12T07:55:19.600+0800][info] GC(276) Pause Young (Mixed) (G1 Preventive Collection) 109M->102M(128M) 2.134ms
[2024-10-12T07:55:19.600+0800][info] GC(276) User=0.00s Sys=0.00s Real=0.00s
[2024-10-12T07:55:19.702+0800][info] GC(277) Pause Young (Mixed) (G1 Evacuation Pause)
[2024-10-12T07:55:19.702+0800][info] GC(277) Using 3 workers of 48 for evacuation
[2024-10-12T07:55:19.705+0800][info] GC(277) To-space exhausted
[2024-10-12T07:55:19.705+0800][info] GC(277)   Pre Evacuate Collection Set: 0.2ms
[2024-10-12T07:55:19.705+0800][info] GC(277)   Merge Heap Roots: 0.1ms
[2024-10-12T07:55:19.705+0800][info] GC(277)   Evacuate Collection Set: 2.0ms
[2024-10-12T07:55:19.705+0800][info] GC(277)   Post Evacuate Collection Set: 0.3ms
[2024-10-12T07:55:19.705+0800][info] GC(277)   Other: 0.2ms
[2024-10-12T07:55:19.705+0800][info] GC(277) Eden regions: 2->0(2)
[2024-10-12T07:55:19.705+0800][info] GC(277) Survivor regions: 1->1(1)
[2024-10-12T07:55:19.705+0800][info] GC(277) Old regions: 50->49
[2024-10-12T07:55:19.705+0800][info] GC(277) Archive regions: 2->2
[2024-10-12T07:55:19.705+0800][info] GC(277) Humongous regions: 3->3
[2024-10-12T07:55:19.705+0800][info] GC(277) Metaspace: 1634K(1792K)->1634K(1792K) NonClass: 1509K(1600K)->1509K(1600K) Class: 124K(192K)->124K(192K)
[2024-10-12T07:55:19.705+0800][info] GC(277) Pause Young (Mixed) (G1 Evacuation Pause) 105M->101M(128M) 2.904ms
[2024-10-12T07:55:19.705+0800][info] GC(277) User=0.00s Sys=0.00s Real=0.00s
[2024-10-12T07:55:19.808+0800][info] GC(278) Pause Young (Mixed) (G1 Preventive Collection)
[2024-10-12T07:55:19.808+0800][info] GC(278) Using 3 workers of 48 for evacuation
[2024-10-12T07:55:19.811+0800][info] GC(278)   Pre Evacuate Collection Set: 0.2ms
[2024-10-12T07:55:19.811+0800][info] GC(278)   Merge Heap Roots: 0.1ms
[2024-10-12T07:55:19.811+0800][info] GC(278)   Evacuate Collection Set: 1.8ms
[2024-10-12T07:55:19.811+0800][info] GC(278)   Post Evacuate Collection Set: 0.2ms
[2024-10-12T07:55:19.811+0800][info] GC(278)   Other: 0.2ms
[2024-10-12T07:55:19.811+0800][info] GC(278) Eden regions: 2->0(2)
[2024-10-12T07:55:19.811+0800][info] GC(278) Survivor regions: 1->1(1)
[2024-10-12T07:55:19.811+0800][info] GC(278) Old regions: 49->49
[2024-10-12T07:55:19.811+0800][info] GC(278) Archive regions: 2->2
[2024-10-12T07:55:19.811+0800][info] GC(278) Humongous regions: 4->3
[2024-10-12T07:55:19.811+0800][info] GC(278) Metaspace: 1635K(1792K)->1635K(1792K) NonClass: 1511K(1600K)->1511K(1600K) Class: 124K(192K)->124K(192K)
[2024-10-12T07:55:19.811+0800][info] GC(278) Pause Young (Mixed) (G1 Preventive Collection) 106M->101M(128M) 2.667ms
[2024-10-12T07:55:19.811+0800][info] GC(278) User=0.00s Sys=0.00s Real=0.00s
[2024-10-12T07:55:19.913+0800][info] GC(279) Pause Young (Normal) (G1 Evacuation Pause)
[2024-10-12T07:55:19.913+0800][info] GC(279) Using 3 workers of 48 for evacuation
[2024-10-12T07:55:19.914+0800][info] GC(279)   Pre Evacuate Collection Set: 0.1ms
[2024-10-12T07:55:19.914+0800][info] GC(279)   Merge Heap Roots: 0.1ms
[2024-10-12T07:55:19.915+0800][info] GC(279)   Evacuate Collection Set: 1.0ms
[2024-10-12T07:55:19.915+0800][info] GC(279)   Post Evacuate Collection Set: 0.2ms
[2024-10-12T07:55:19.915+0800][info] GC(279)   Other: 0.3ms
[2024-10-12T07:55:19.915+0800][info] GC(279) Eden regions: 2->0(2)
[2024-10-12T07:55:19.915+0800][info] GC(279) Survivor regions: 1->1(1)
[2024-10-12T07:55:19.915+0800][info] GC(279) Old regions: 49->51
[2024-10-12T07:55:19.915+0800][info] GC(279) Archive regions: 2->2
[2024-10-12T07:55:19.915+0800][info] GC(279) Humongous regions: 3->3
[2024-10-12T07:55:19.915+0800][info] GC(279) Metaspace: 1635K(1792K)->1635K(1792K) NonClass: 1511K(1600K)->1511K(1600K) Class: 124K(192K)->124K(192K)
[2024-10-12T07:55:19.915+0800][info] GC(279) Pause Young (Normal) (G1 Evacuation Pause) 105M->105M(128M) 1.784ms
[2024-10-12T07:55:19.915+0800][info] GC(279) User=0.00s Sys=0.01s Real=0.01s
[2024-10-12T07:55:20.017+0800][info] GC(280) Pause Young (Concurrent Start) (G1 Evacuation Pause)
[2024-10-12T07:55:20.017+0800][info] GC(280) Using 3 workers of 48 for evacuation
[2024-10-12T07:55:20.019+0800][info] GC(280)   Pre Evacuate Collection Set: 0.1ms
[2024-10-12T07:55:20.019+0800][info] GC(280)   Merge Heap Roots: 0.1ms
[2024-10-12T07:55:20.019+0800][info] GC(280)   Evacuate Collection Set: 1.2ms
[2024-10-12T07:55:20.019+0800][info] GC(280)   Post Evacuate Collection Set: 0.2ms
[2024-10-12T07:55:20.019+0800][info] GC(280)   Other: 0.4ms
[2024-10-12T07:55:20.019+0800][info] GC(280) Eden regions: 2->0(2)
[2024-10-12T07:55:20.019+0800][info] GC(280) Survivor regions: 1->1(1)
[2024-10-12T07:55:20.019+0800][info] GC(280) Old regions: 51->53
[2024-10-12T07:55:20.019+0800][info] GC(280) Archive regions: 2->2
[2024-10-12T07:55:20.019+0800][info] GC(280) Humongous regions: 3->3
[2024-10-12T07:55:20.019+0800][info] GC(280) Metaspace: 1635K(1792K)->1635K(1792K) NonClass: 1511K(1600K)->1511K(1600K) Class: 124K(192K)->124K(192K)
[2024-10-12T07:55:20.019+0800][info] GC(280) Pause Young (Concurrent Start) (G1 Evacuation Pause) 109M->109M(128M) 2.132ms
[2024-10-12T07:55:20.019+0800][info] GC(280) User=0.00s Sys=0.00s Real=0.00s
[2024-10-12T07:55:20.020+0800][info] GC(281) Concurrent Mark Cycle
[2024-10-12T07:55:20.020+0800][info] GC(281) Concurrent Clear Claimed Marks
[2024-10-12T07:55:20.020+0800][info] GC(281) Concurrent Clear Claimed Marks 0.017ms
[2024-10-12T07:55:20.020+0800][info] GC(281) Concurrent Scan Root Regions
[2024-10-12T07:55:20.020+0800][info] GC(281) Concurrent Scan Root Regions 0.155ms
[2024-10-12T07:55:20.020+0800][info] GC(281) Concurrent Mark
[2024-10-12T07:55:20.020+0800][info] GC(281) Concurrent Mark From Roots
[2024-10-12T07:55:20.020+0800][info] GC(281) Using 12 workers of 12 for marking
[2024-10-12T07:55:20.024+0800][info] GC(281) Concurrent Mark From Roots 3.955ms
[2024-10-12T07:55:20.024+0800][info] GC(281) Concurrent Preclean
[2024-10-12T07:55:20.025+0800][info] GC(281) Concurrent Preclean 1.697ms
[2024-10-12T07:55:20.026+0800][info] GC(281) Pause Remark
[2024-10-12T07:55:20.027+0800][info] GC(281) Pause Remark 109M->107M(128M) 1.663ms
[2024-10-12T07:55:20.027+0800][info] GC(281) User=0.00s Sys=0.01s Real=0.00s
[2024-10-12T07:55:20.027+0800][info] GC(281) Concurrent Mark 7.572ms
[2024-10-12T07:55:20.027+0800][info] GC(281) Concurrent Rebuild Remembered Sets
[2024-10-12T07:55:20.029+0800][info] GC(281) Concurrent Rebuild Remembered Sets 1.336ms
[2024-10-12T07:55:20.029+0800][info] GC(281) Pause Cleanup
[2024-10-12T07:55:20.029+0800][info] GC(281) Pause Cleanup 107M->107M(128M) 0.289ms
[2024-10-12T07:55:20.029+0800][info] GC(281) User=0.00s Sys=0.00s Real=0.00s
[2024-10-12T07:55:20.029+0800][info] GC(281) Concurrent Cleanup for Next Mark
[2024-10-12T07:55:20.030+0800][info] GC(281) Concurrent Cleanup for Next Mark 0.425ms
[2024-10-12T07:55:20.030+0800][info] GC(281) Concurrent Mark Cycle 10.088ms
[2024-10-12T07:55:20.173+0800][info] GC(282) Pause Young (Prepare Mixed) (G1 Preventive Collection)
[2024-10-12T07:55:20.173+0800][info] GC(282) Using 3 workers of 48 for evacuation
[2024-10-12T07:55:20.175+0800][info] GC(282)   Pre Evacuate Collection Set: 0.1ms
[2024-10-12T07:55:20.175+0800][info] GC(282)   Merge Heap Roots: 0.1ms
[2024-10-12T07:55:20.175+0800][info] GC(282)   Evacuate Collection Set: 1.1ms
[2024-10-12T07:55:20.175+0800][info] GC(282)   Post Evacuate Collection Set: 0.2ms
[2024-10-12T07:55:20.175+0800][info] GC(282)   Other: 0.2ms
[2024-10-12T07:55:20.175+0800][info] GC(282) Eden regions: 2->0(2)
[2024-10-12T07:55:20.175+0800][info] GC(282) Survivor regions: 1->1(1)
[2024-10-12T07:55:20.175+0800][info] GC(282) Old regions: 52->54
[2024-10-12T07:55:20.175+0800][info] GC(282) Archive regions: 2->2
[2024-10-12T07:55:20.175+0800][info] GC(282) Humongous regions: 3->3
[2024-10-12T07:55:20.175+0800][info] GC(282) Metaspace: 1635K(1792K)->1635K(1792K) NonClass: 1511K(1600K)->1511K(1600K) Class: 124K(192K)->124K(192K)
[2024-10-12T07:55:20.175+0800][info] GC(282) Pause Young (Prepare Mixed) (G1 Preventive Collection) 110M->111M(128M) 1.885ms
[2024-10-12T07:55:20.175+0800][info] GC(282) User=0.00s Sys=0.00s Real=0.01s
[2024-10-12T07:55:20.237+0800][info] GC(283) Pause Young (Mixed) (G1 Preventive Collection)
[2024-10-12T07:55:20.237+0800][info] GC(283) Using 3 workers of 48 for evacuation
[2024-10-12T07:55:20.238+0800][info] GC(283)   Pre Evacuate Collection Set: 0.2ms
[2024-10-12T07:55:20.238+0800][info] GC(283)   Merge Heap Roots: 0.1ms
[2024-10-12T07:55:20.238+0800][info] GC(283)   Evacuate Collection Set: 1.1ms
[2024-10-12T07:55:20.238+0800][info] GC(283)   Post Evacuate Collection Set: 0.2ms
[2024-10-12T07:55:20.238+0800][info] GC(283)   Other: 0.2ms
[2024-10-12T07:55:20.239+0800][info] GC(283) Eden regions: 1->0(2)
[2024-10-12T07:55:20.239+0800][info] GC(283) Survivor regions: 1->1(1)
[2024-10-12T07:55:20.239+0800][info] GC(283) Old regions: 54->49
[2024-10-12T07:55:20.239+0800][info] GC(283) Archive regions: 2->2
[2024-10-12T07:55:20.239+0800][info] GC(283) Humongous regions: 3->3
[2024-10-12T07:55:20.239+0800][info] GC(283) Metaspace: 1636K(1792K)->1636K(1792K) NonClass: 1511K(1600K)->1511K(1600K) Class: 124K(192K)->124K(192K)
[2024-10-12T07:55:20.239+0800][info] GC(283) Pause Young (Mixed) (G1 Preventive Collection) 113M->104M(128M) 1.949ms
[2024-10-12T07:55:20.239+0800][info] GC(283) User=0.01s Sys=0.00s Real=0.00s
[2024-10-12T07:55:20.341+0800][info] GC(284) Pause Young (Mixed) (G1 Evacuation Pause)
[2024-10-12T07:55:20.341+0800][info] GC(284) Using 3 workers of 48 for evacuation
[2024-10-12T07:55:20.343+0800][info] GC(284)   Pre Evacuate Collection Set: 0.2ms
[2024-10-12T07:55:20.344+0800][info] GC(284)   Merge Heap Roots: 0.1ms
[2024-10-12T07:55:20.344+0800][info] GC(284)   Evacuate Collection Set: 2.0ms
[2024-10-12T07:55:20.344+0800][info] GC(284)   Post Evacuate Collection Set: 0.2ms
[2024-10-12T07:55:20.344+0800][info] GC(284)   Other: 0.2ms
[2024-10-12T07:55:20.344+0800][info] GC(284) Eden regions: 2->0(2)
[2024-10-12T07:55:20.344+0800][info] GC(284) Survivor regions: 1->1(1)
[2024-10-12T07:55:20.344+0800][info] GC(284) Old regions: 49->47
[2024-10-12T07:55:20.344+0800][info] GC(284) Archive regions: 2->2
[2024-10-12T07:55:20.344+0800][info] GC(284) Humongous regions: 3->3
[2024-10-12T07:55:20.344+0800][info] GC(284) Metaspace: 1636K(1792K)->1636K(1792K) NonClass: 1511K(1600K)->1511K(1600K) Class: 124K(192K)->124K(192K)
[2024-10-12T07:55:20.344+0800][info] GC(284) Pause Young (Mixed) (G1 Evacuation Pause) 107M->100M(128M) 2.774ms
[2024-10-12T07:55:20.344+0800][info] GC(284) User=0.01s Sys=0.00s Real=0.00s
[2024-10-12T07:55:20.446+0800][info] GC(285) Pause Young (Mixed) (G1 Evacuation Pause)
[2024-10-12T07:55:20.446+0800][info] GC(285) Using 3 workers of 48 for evacuation
[2024-10-12T07:55:20.449+0800][info] GC(285)   Pre Evacuate Collection Set: 0.2ms
[2024-10-12T07:55:20.449+0800][info] GC(285)   Merge Heap Roots: 0.1ms
[2024-10-12T07:55:20.449+0800][info] GC(285)   Evacuate Collection Set: 2.2ms
[2024-10-12T07:55:20.449+0800][info] GC(285)   Post Evacuate Collection Set: 0.2ms
[2024-10-12T07:55:20.449+0800][info] GC(285)   Other: 0.2ms
[2024-10-12T07:55:20.449+0800][info] GC(285) Eden regions: 2->0(2)
[2024-10-12T07:55:20.449+0800][info] GC(285) Survivor regions: 1->1(1)
[2024-10-12T07:55:20.449+0800][info] GC(285) Old regions: 47->47
[2024-10-12T07:55:20.449+0800][info] GC(285) Archive regions: 2->2
[2024-10-12T07:55:20.449+0800][info] GC(285) Humongous regions: 3->3
[2024-10-12T07:55:20.449+0800][info] GC(285) Metaspace: 1636K(1792K)->1636K(1792K) NonClass: 1511K(1600K)->1511K(1600K) Class: 124K(192K)->124K(192K)
[2024-10-12T07:55:20.449+0800][info] GC(285) Pause Young (Mixed) (G1 Evacuation Pause) 104M->101M(128M) 2.970ms
[2024-10-12T07:55:20.449+0800][info] GC(285) User=0.00s Sys=0.00s Real=0.00s
[2024-10-12T07:55:20.551+0800][info] GC(286) Pause Young (Normal) (G1 Evacuation Pause)
[2024-10-12T07:55:20.551+0800][info] GC(286) Using 3 workers of 48 for evacuation
[2024-10-12T07:55:20.553+0800][info] GC(286)   Pre Evacuate Collection Set: 0.1ms
[2024-10-12T07:55:20.553+0800][info] GC(286)   Merge Heap Roots: 0.1ms
[2024-10-12T07:55:20.553+0800][info] GC(286)   Evacuate Collection Set: 1.0ms
[2024-10-12T07:55:20.553+0800][info] GC(286)   Post Evacuate Collection Set: 0.2ms
[2024-10-12T07:55:20.553+0800][info] GC(286)   Other: 0.2ms
[2024-10-12T07:55:20.553+0800][info] GC(286) Eden regions: 2->0(2)
[2024-10-12T07:55:20.553+0800][info] GC(286) Survivor regions: 1->1(1)
[2024-10-12T07:55:20.553+0800][info] GC(286) Old regions: 47->49
[2024-10-12T07:55:20.553+0800][info] GC(286) Archive regions: 2->2
[2024-10-12T07:55:20.553+0800][info] GC(286) Humongous regions: 3->3
[2024-10-12T07:55:20.553+0800][info] GC(286) Metaspace: 1636K(1792K)->1636K(1792K) NonClass: 1511K(1600K)->1511K(1600K) Class: 124K(192K)->124K(192K)
[2024-10-12T07:55:20.553+0800][info] GC(286) Pause Young (Normal) (G1 Evacuation Pause) 104M->105M(128M) 1.700ms
[2024-10-12T07:55:20.553+0800][info] GC(286) User=0.00s Sys=0.00s Real=0.00s
[2024-10-12T07:55:20.655+0800][info] GC(287) Pause Young (Normal) (G1 Evacuation Pause)
[2024-10-12T07:55:20.656+0800][info] GC(287) Using 3 workers of 48 for evacuation
[2024-10-12T07:55:20.657+0800][info] GC(287)   Pre Evacuate Collection Set: 0.1ms
[2024-10-12T07:55:20.657+0800][info] GC(287)   Merge Heap Roots: 0.1ms
[2024-10-12T07:55:20.657+0800][info] GC(287)   Evacuate Collection Set: 0.9ms
[2024-10-12T07:55:20.657+0800][info] GC(287)   Post Evacuate Collection Set: 0.2ms
[2024-10-12T07:55:20.657+0800][info] GC(287)   Other: 0.2ms
[2024-10-12T07:55:20.657+0800][info] GC(287) Eden regions: 2->0(2)
[2024-10-12T07:55:20.657+0800][info] GC(287) Survivor regions: 1->1(1)
[2024-10-12T07:55:20.657+0800][info] GC(287) Old regions: 49->51
[2024-10-12T07:55:20.657+0800][info] GC(287) Archive regions: 2->2
[2024-10-12T07:55:20.657+0800][info] GC(287) Humongous regions: 3->3
[2024-10-12T07:55:20.657+0800][info] GC(287) Metaspace: 1636K(1792K)->1636K(1792K) NonClass: 1511K(1600K)->1511K(1600K) Class: 124K(192K)->124K(192K)
[2024-10-12T07:55:20.657+0800][info] GC(287) Pause Young (Normal) (G1 Evacuation Pause) 109M->109M(128M) 1.646ms
[2024-10-12T07:55:20.657+0800][info] GC(287) User=0.00s Sys=0.00s Real=0.00s
[2024-10-12T07:55:20.759+0800][info] GC(288) Pause Young (Concurrent Start) (G1 Evacuation Pause)
[2024-10-12T07:55:20.759+0800][info] GC(288) Using 3 workers of 48 for evacuation
[2024-10-12T07:55:20.761+0800][info] GC(288)   Pre Evacuate Collection Set: 0.1ms
[2024-10-12T07:55:20.761+0800][info] GC(288)   Merge Heap Roots: 0.1ms
[2024-10-12T07:55:20.761+0800][info] GC(288)   Evacuate Collection Set: 1.0ms
[2024-10-12T07:55:20.761+0800][info] GC(288)   Post Evacuate Collection Set: 0.2ms
[2024-10-12T07:55:20.761+0800][info] GC(288)   Other: 0.4ms
[2024-10-12T07:55:20.761+0800][info] GC(288) Eden regions: 2->0(2)
[2024-10-12T07:55:20.761+0800][info] GC(288) Survivor regions: 1->1(1)
[2024-10-12T07:55:20.761+0800][info] GC(288) Old regions: 51->53
[2024-10-12T07:55:20.761+0800][info] GC(288) Archive regions: 2->2
[2024-10-12T07:55:20.761+0800][info] GC(288) Humongous regions: 3->3
[2024-10-12T07:55:20.761+0800][info] GC(288) Metaspace: 1636K(1792K)->1636K(1792K) NonClass: 1511K(1600K)->1511K(1600K) Class: 124K(192K)->124K(192K)
[2024-10-12T07:55:20.761+0800][info] GC(288) Pause Young (Concurrent Start) (G1 Evacuation Pause) 112M->113M(128M) 1.887ms
[2024-10-12T07:55:20.761+0800][info] GC(288) User=0.00s Sys=0.00s Real=0.00s
[2024-10-12T07:55:20.761+0800][info] GC(289) Concurrent Mark Cycle
[2024-10-12T07:55:20.761+0800][info] GC(289) Concurrent Clear Claimed Marks
[2024-10-12T07:55:20.761+0800][info] GC(289) Concurrent Clear Claimed Marks 0.017ms
[2024-10-12T07:55:20.761+0800][info] GC(289) Concurrent Scan Root Regions
[2024-10-12T07:55:20.762+0800][info] GC(289) Concurrent Scan Root Regions 0.223ms
[2024-10-12T07:55:20.762+0800][info] GC(289) Concurrent Mark
[2024-10-12T07:55:20.762+0800][info] GC(289) Concurrent Mark From Roots
[2024-10-12T07:55:20.762+0800][info] GC(289) Using 12 workers of 12 for marking
[2024-10-12T07:55:20.766+0800][info] GC(289) Concurrent Mark From Roots 4.246ms
[2024-10-12T07:55:20.766+0800][info] GC(289) Concurrent Preclean
[2024-10-12T07:55:20.768+0800][info] GC(289) Concurrent Preclean 1.691ms
[2024-10-12T07:55:20.768+0800][info] GC(289) Pause Remark
[2024-10-12T07:55:20.769+0800][info] GC(289) Pause Remark 113M->112M(128M) 1.622ms
[2024-10-12T07:55:20.769+0800][info] GC(289) User=0.01s Sys=0.00s Real=0.00s
[2024-10-12T07:55:20.769+0800][info] GC(289) Concurrent Mark 7.816ms
[2024-10-12T07:55:20.769+0800][info] GC(289) Concurrent Rebuild Remembered Sets
[2024-10-12T07:55:20.771+0800][info] GC(289) Concurrent Rebuild Remembered Sets 1.328ms
[2024-10-12T07:55:20.771+0800][info] GC(289) Pause Cleanup
[2024-10-12T07:55:20.771+0800][info] GC(289) Pause Cleanup 112M->112M(128M) 0.263ms
[2024-10-12T07:55:20.771+0800][info] GC(289) User=0.00s Sys=0.00s Real=0.00s
[2024-10-12T07:55:20.771+0800][info] GC(289) Concurrent Cleanup for Next Mark
[2024-10-12T07:55:20.772+0800][info] GC(289) Concurrent Cleanup for Next Mark 0.405ms
[2024-10-12T07:55:20.772+0800][info] GC(289) Concurrent Mark Cycle 10.369ms
[2024-10-12T07:55:20.915+0800][info] GC(290) Pause Young (Prepare Mixed) (G1 Preventive Collection)
[2024-10-12T07:55:20.915+0800][info] GC(290) Using 3 workers of 48 for evacuation
[2024-10-12T07:55:20.917+0800][info] GC(290)   Pre Evacuate Collection Set: 0.1ms
[2024-10-12T07:55:20.917+0800][info] GC(290)   Merge Heap Roots: 0.1ms
[2024-10-12T07:55:20.917+0800][info] GC(290)   Evacuate Collection Set: 1.1ms
[2024-10-12T07:55:20.917+0800][info] GC(290)   Post Evacuate Collection Set: 0.2ms
[2024-10-12T07:55:20.917+0800][info] GC(290)   Other: 0.2ms
[2024-10-12T07:55:20.917+0800][info] GC(290) Eden regions: 2->0(2)
[2024-10-12T07:55:20.917+0800][info] GC(290) Survivor regions: 1->1(1)
[2024-10-12T07:55:20.917+0800][info] GC(290) Old regions: 52->54
[2024-10-12T07:55:20.917+0800][info] GC(290) Archive regions: 2->2
[2024-10-12T07:55:20.917+0800][info] GC(290) Humongous regions: 3->3
[2024-10-12T07:55:20.917+0800][info] GC(290) Metaspace: 1637K(1792K)->1637K(1792K) NonClass: 1513K(1600K)->1513K(1600K) Class: 124K(192K)->124K(192K)
[2024-10-12T07:55:20.917+0800][info] GC(290) Pause Young (Prepare Mixed) (G1 Preventive Collection) 115M->115M(128M) 1.835ms
[2024-10-12T07:55:20.917+0800][info] GC(290) User=0.00s Sys=0.00s Real=0.00s
[2024-10-12T07:55:20.978+0800][info] GC(291) Pause Young (Mixed) (G1 Preventive Collection)
[2024-10-12T07:55:20.978+0800][info] GC(291) Using 3 workers of 48 for evacuation
[2024-10-12T07:55:20.979+0800][info] GC(291) To-space exhausted
[2024-10-12T07:55:20.980+0800][info] GC(291)   Pre Evacuate Collection Set: 0.2ms
[2024-10-12T07:55:20.980+0800][info] GC(291)   Merge Heap Roots: 0.1ms
[2024-10-12T07:55:20.980+0800][info] GC(291)   Evacuate Collection Set: 1.0ms
[2024-10-12T07:55:20.980+0800][info] GC(291)   Post Evacuate Collection Set: 0.3ms
[2024-10-12T07:55:20.980+0800][info] GC(291)   Other: 0.2ms
[2024-10-12T07:55:20.980+0800][info] GC(291) Eden regions: 1->0(2)
[2024-10-12T07:55:20.980+0800][info] GC(291) Survivor regions: 1->1(1)
[2024-10-12T07:55:20.980+0800][info] GC(291) Old regions: 54->54
[2024-10-12T07:55:20.980+0800][info] GC(291) Archive regions: 2->2
[2024-10-12T07:55:20.980+0800][info] GC(291) Humongous regions: 3->3
[2024-10-12T07:55:20.980+0800][info] GC(291) Metaspace: 1637K(1792K)->1637K(1792K) NonClass: 1513K(1600K)->1513K(1600K) Class: 124K(192K)->124K(192K)
[2024-10-12T07:55:20.980+0800][info] GC(291) Pause Young (Mixed) (G1 Preventive Collection) 117M->115M(128M) 1.773ms
[2024-10-12T07:55:20.980+0800][info] GC(291) User=0.01s Sys=0.00s Real=0.00s
[2024-10-12T07:55:21.021+0800][info] GC(292) Pause Young (Mixed) (G1 Preventive Collection)
[2024-10-12T07:55:21.021+0800][info] GC(292) Using 3 workers of 48 for evacuation
[2024-10-12T07:55:21.023+0800][info] GC(292) To-space exhausted
[2024-10-12T07:55:21.023+0800][info] GC(292)   Pre Evacuate Collection Set: 0.2ms
[2024-10-12T07:55:21.023+0800][info] GC(292)   Merge Heap Roots: 0.1ms
[2024-10-12T07:55:21.023+0800][info] GC(292)   Evacuate Collection Set: 1.2ms
[2024-10-12T07:55:21.023+0800][info] GC(292)   Post Evacuate Collection Set: 0.4ms
[2024-10-12T07:55:21.023+0800][info] GC(292)   Other: 0.2ms
[2024-10-12T07:55:21.023+0800][info] GC(292) Eden regions: 1->0(2)
[2024-10-12T07:55:21.023+0800][info] GC(292) Survivor regions: 1->1(1)
[2024-10-12T07:55:21.023+0800][info] GC(292) Old regions: 54->56
[2024-10-12T07:55:21.023+0800][info] GC(292) Archive regions: 2->2
[2024-10-12T07:55:21.023+0800][info] GC(292) Humongous regions: 3->3
[2024-10-12T07:55:21.023+0800][info] GC(292) Metaspace: 1637K(1792K)->1637K(1792K) NonClass: 1513K(1600K)->1513K(1600K) Class: 124K(192K)->124K(192K)
[2024-10-12T07:55:21.023+0800][info] GC(292) Pause Young (Mixed) (G1 Preventive Collection) 117M->119M(128M) 2.123ms
[2024-10-12T07:55:21.023+0800][info] GC(292) User=0.00s Sys=0.00s Real=0.00s
[2024-10-12T07:55:21.085+0800][info] GC(293) Pause Young (Mixed) (G1 Preventive Collection)
[2024-10-12T07:55:21.085+0800][info] GC(293) Using 3 workers of 48 for evacuation
[2024-10-12T07:55:21.086+0800][info] GC(293) To-space exhausted
[2024-10-12T07:55:21.086+0800][info] GC(293)   Pre Evacuate Collection Set: 0.2ms
[2024-10-12T07:55:21.086+0800][info] GC(293)   Merge Heap Roots: 0.1ms
[2024-10-12T07:55:21.086+0800][info] GC(293)   Evacuate Collection Set: 0.7ms
[2024-10-12T07:55:21.086+0800][info] GC(293)   Post Evacuate Collection Set: 0.3ms
[2024-10-12T07:55:21.086+0800][info] GC(293)   Other: 0.2ms
[2024-10-12T07:55:21.086+0800][info] GC(293) Eden regions: 1->0(2)
[2024-10-12T07:55:21.086+0800][info] GC(293) Survivor regions: 1->1(1)
[2024-10-12T07:55:21.086+0800][info] GC(293) Old regions: 56->57
[2024-10-12T07:55:21.086+0800][info] GC(293) Archive regions: 2->2
[2024-10-12T07:55:21.086+0800][info] GC(293) Humongous regions: 3->3
[2024-10-12T07:55:21.086+0800][info] GC(293) Metaspace: 1637K(1792K)->1637K(1792K) NonClass: 1513K(1600K)->1513K(1600K) Class: 124K(192K)->124K(192K)
[2024-10-12T07:55:21.086+0800][info] GC(293) Pause Young (Mixed) (G1 Preventive Collection) 121M->121M(128M) 1.582ms
[2024-10-12T07:55:21.086+0800][info] GC(293) User=0.00s Sys=0.00s Real=0.01s
[2024-10-12T07:55:21.127+0800][info] GC(294) Pause Young (Mixed) (G1 Evacuation Pause)
[2024-10-12T07:55:21.127+0800][info] GC(294) Using 3 workers of 48 for evacuation
[2024-10-12T07:55:21.128+0800][info] GC(294) To-space exhausted
[2024-10-12T07:55:21.128+0800][info] GC(294)   Pre Evacuate Collection Set: 0.2ms
[2024-10-12T07:55:21.128+0800][info] GC(294)   Merge Heap Roots: 0.1ms
[2024-10-12T07:55:21.128+0800][info] GC(294)   Evacuate Collection Set: 0.3ms
[2024-10-12T07:55:21.128+0800][info] GC(294)   Post Evacuate Collection Set: 0.3ms
[2024-10-12T07:55:21.128+0800][info] GC(294)   Other: 0.2ms
[2024-10-12T07:55:21.128+0800][info] GC(294) Eden regions: 1->0(3)
[2024-10-12T07:55:21.128+0800][info] GC(294) Survivor regions: 1->0(0)
[2024-10-12T07:55:21.128+0800][info] GC(294) Old regions: 57->59
[2024-10-12T07:55:21.128+0800][info] GC(294) Archive regions: 2->2
[2024-10-12T07:55:21.128+0800][info] GC(294) Humongous regions: 3->3
[2024-10-12T07:55:21.128+0800][info] GC(294) Metaspace: 1637K(1792K)->1637K(1792K) NonClass: 1513K(1600K)->1513K(1600K) Class: 124K(192K)->124K(192K)
[2024-10-12T07:55:21.128+0800][info] GC(294) Pause Young (Mixed) (G1 Evacuation Pause) 122M->122M(128M) 1.004ms
[2024-10-12T07:55:21.128+0800][info] GC(294) User=0.00s Sys=0.00s Real=0.00s
[2024-10-12T07:55:21.128+0800][info] Attempting full compaction
[2024-10-12T07:55:21.128+0800][info] GC(295) Using 3 workers of 48 for full compaction
[2024-10-12T07:55:21.129+0800][info] GC(295) Pause Full (G1 Compaction Pause)
[2024-10-12T07:55:21.129+0800][info] GC(295) Phase 1: Mark live objects
[2024-10-12T07:55:21.132+0800][info] GC(295) Phase 1: Mark live objects 3.096ms
[2024-10-12T07:55:21.132+0800][info] GC(295) Phase 2: Prepare for compaction
[2024-10-12T07:55:21.132+0800][info] GC(295) Phase 2: Prepare for compaction 0.624ms
[2024-10-12T07:55:21.132+0800][info] GC(295) Phase 3: Adjust pointers
[2024-10-12T07:55:21.134+0800][info] GC(295) Phase 3: Adjust pointers 1.586ms
[2024-10-12T07:55:21.134+0800][info] GC(295) Phase 4: Compact heap
[2024-10-12T07:55:21.146+0800][info] GC(295) Phase 4: Compact heap 11.588ms
[2024-10-12T07:55:21.147+0800][info] GC(295) Eden regions: 0->0(4)
[2024-10-12T07:55:21.147+0800][info] GC(295) Survivor regions: 0->0(0)
[2024-10-12T07:55:21.147+0800][info] GC(295) Old regions: 59->38
[2024-10-12T07:55:21.147+0800][info] GC(295) Archive regions: 2->2
[2024-10-12T07:55:21.147+0800][info] GC(295) Humongous regions: 3->3
[2024-10-12T07:55:21.147+0800][info] GC(295) Metaspace: 1637K(1792K)->1637K(1792K) NonClass: 1513K(1600K)->1513K(1600K) Class: 124K(192K)->124K(192K)
[2024-10-12T07:55:21.147+0800][info] GC(295) Pause Full (G1 Compaction Pause) 122M->71M(128M) 18.509ms
[2024-10-12T07:55:21.147+0800][info] GC(295) User=0.05s Sys=0.00s Real=0.02s
[2024-10-12T07:55:21.372+0800][info] GC(296) Pause Young (Normal) (G1 Evacuation Pause)
[2024-10-12T07:55:21.372+0800][info] GC(296) Using 3 workers of 48 for evacuation
[2024-10-12T07:55:21.374+0800][info] GC(296)   Pre Evacuate Collection Set: 0.1ms
[2024-10-12T07:55:21.374+0800][info] GC(296)   Merge Heap Roots: 0.1ms
[2024-10-12T07:55:21.374+0800][info] GC(296)   Evacuate Collection Set: 1.4ms
[2024-10-12T07:55:21.374+0800][info] GC(296)   Post Evacuate Collection Set: 0.2ms
[2024-10-12T07:55:21.374+0800][info] GC(296)   Other: 0.3ms
[2024-10-12T07:55:21.374+0800][info] GC(296) Eden regions: 4->0(2)
[2024-10-12T07:55:21.374+0800][info] GC(296) Survivor regions: 0->1(1)
[2024-10-12T07:55:21.374+0800][info] GC(296) Old regions: 38->42
[2024-10-12T07:55:21.374+0800][info] GC(296) Archive regions: 2->2
[2024-10-12T07:55:21.374+0800][info] GC(296) Humongous regions: 3->3
[2024-10-12T07:55:21.374+0800][info] GC(296) Metaspace: 1637K(1792K)->1637K(1792K) NonClass: 1513K(1600K)->1513K(1600K) Class: 124K(192K)->124K(192K)
[2024-10-12T07:55:21.374+0800][info] GC(296) Pause Young (Normal) (G1 Evacuation Pause) 79M->80M(128M) 2.196ms
[2024-10-12T07:55:21.374+0800][info] GC(296) User=0.01s Sys=0.00s Real=0.01s
[2024-10-12T07:55:21.477+0800][info] GC(297) Pause Young (Normal) (G1 Evacuation Pause)
[2024-10-12T07:55:21.477+0800][info] GC(297) Using 3 workers of 48 for evacuation
[2024-10-12T07:55:21.478+0800][info] GC(297)   Pre Evacuate Collection Set: 0.1ms
[2024-10-12T07:55:21.478+0800][info] GC(297)   Merge Heap Roots: 0.1ms
[2024-10-12T07:55:21.478+0800][info] GC(297)   Evacuate Collection Set: 1.0ms
[2024-10-12T07:55:21.478+0800][info] GC(297)   Post Evacuate Collection Set: 0.2ms
[2024-10-12T07:55:21.478+0800][info] GC(297)   Other: 0.2ms
[2024-10-12T07:55:21.478+0800][info] GC(297) Eden regions: 2->0(2)
[2024-10-12T07:55:21.478+0800][info] GC(297) Survivor regions: 1->1(1)
[2024-10-12T07:55:21.478+0800][info] GC(297) Old regions: 42->44
[2024-10-12T07:55:21.478+0800][info] GC(297) Archive regions: 2->2
[2024-10-12T07:55:21.478+0800][info] GC(297) Humongous regions: 3->3
[2024-10-12T07:55:21.478+0800][info] GC(297) Metaspace: 1637K(1792K)->1637K(1792K) NonClass: 1513K(1600K)->1513K(1600K) Class: 124K(192K)->124K(192K)
[2024-10-12T07:55:21.478+0800][info] GC(297) Pause Young (Normal) (G1 Evacuation Pause) 83M->84M(128M) 1.732ms
[2024-10-12T07:55:21.478+0800][info] GC(297) User=0.00s Sys=0.00s Real=0.00s
[2024-10-12T07:55:21.581+0800][info] GC(298) Pause Young (Normal) (G1 Evacuation Pause)
[2024-10-12T07:55:21.581+0800][info] GC(298) Using 3 workers of 48 for evacuation
[2024-10-12T07:55:21.582+0800][info] GC(298)   Pre Evacuate Collection Set: 0.2ms
[2024-10-12T07:55:21.582+0800][info] GC(298)   Merge Heap Roots: 0.1ms
[2024-10-12T07:55:21.582+0800][info] GC(298)   Evacuate Collection Set: 0.9ms
[2024-10-12T07:55:21.582+0800][info] GC(298)   Post Evacuate Collection Set: 0.2ms
[2024-10-12T07:55:21.582+0800][info] GC(298)   Other: 0.2ms
[2024-10-12T07:55:21.582+0800][info] GC(298) Eden regions: 2->0(2)
[2024-10-12T07:55:21.582+0800][info] GC(298) Survivor regions: 1->1(1)
[2024-10-12T07:55:21.582+0800][info] GC(298) Old regions: 44->46
[2024-10-12T07:55:21.582+0800][info] GC(298) Archive regions: 2->2
[2024-10-12T07:55:21.582+0800][info] GC(298) Humongous regions: 3->3
[2024-10-12T07:55:21.582+0800][info] GC(298) Metaspace: 1637K(1792K)->1637K(1792K) NonClass: 1513K(1600K)->1513K(1600K) Class: 124K(192K)->124K(192K)
[2024-10-12T07:55:21.582+0800][info] GC(298) Pause Young (Normal) (G1 Evacuation Pause) 87M->88M(128M) 1.591ms
[2024-10-12T07:55:21.583+0800][info] GC(298) User=0.00s Sys=0.00s Real=0.00s
[2024-10-12T07:55:21.685+0800][info] GC(299) Pause Young (Normal) (G1 Evacuation Pause)
[2024-10-12T07:55:21.685+0800][info] GC(299) Using 3 workers of 48 for evacuation
[2024-10-12T07:55:21.687+0800][info] GC(299)   Pre Evacuate Collection Set: 0.1ms
[2024-10-12T07:55:21.687+0800][info] GC(299)   Merge Heap Roots: 0.1ms
[2024-10-12T07:55:21.687+0800][info] GC(299)   Evacuate Collection Set: 1.3ms
[2024-10-12T07:55:21.687+0800][info] GC(299)   Post Evacuate Collection Set: 0.2ms
[2024-10-12T07:55:21.687+0800][info] GC(299)   Other: 0.2ms
[2024-10-12T07:55:21.687+0800][info] GC(299) Eden regions: 2->0(2)
[2024-10-12T07:55:21.687+0800][info] GC(299) Survivor regions: 1->1(1)
[2024-10-12T07:55:21.687+0800][info] GC(299) Old regions: 46->47
[2024-10-12T07:55:21.687+0800][info] GC(299) Archive regions: 2->2
[2024-10-12T07:55:21.687+0800][info] GC(299) Humongous regions: 3->3
[2024-10-12T07:55:21.687+0800][info] GC(299) Metaspace: 1637K(1792K)->1637K(1792K) NonClass: 1513K(1600K)->1513K(1600K) Class: 124K(192K)->124K(192K)
[2024-10-12T07:55:21.687+0800][info] GC(299) Pause Young (Normal) (G1 Evacuation Pause) 91M->91M(128M) 2.090ms
[2024-10-12T07:55:21.687+0800][info] GC(299) User=0.01s Sys=0.00s Real=0.01s
[2024-10-12T07:55:21.789+0800][info] GC(300) Pause Young (Concurrent Start) (G1 Evacuation Pause)
[2024-10-12T07:55:21.789+0800][info] GC(300) Using 3 workers of 48 for evacuation
[2024-10-12T07:55:21.791+0800][info] GC(300)   Pre Evacuate Collection Set: 0.1ms
[2024-10-12T07:55:21.791+0800][info] GC(300)   Merge Heap Roots: 0.1ms
[2024-10-12T07:55:21.791+0800][info] GC(300)   Evacuate Collection Set: 1.1ms
[2024-10-12T07:55:21.791+0800][info] GC(300)   Post Evacuate Collection Set: 0.2ms
[2024-10-12T07:55:21.791+0800][info] GC(300)   Other: 0.4ms
[2024-10-12T07:55:21.791+0800][info] GC(300) Eden regions: 2->0(2)
[2024-10-12T07:55:21.791+0800][info] GC(300) Survivor regions: 1->1(1)
[2024-10-12T07:55:21.791+0800][info] GC(300) Old regions: 47->49
[2024-10-12T07:55:21.791+0800][info] GC(300) Archive regions: 2->2
[2024-10-12T07:55:21.791+0800][info] GC(300) Humongous regions: 3->3
[2024-10-12T07:55:21.791+0800][info] GC(300) Metaspace: 1637K(1792K)->1637K(1792K) NonClass: 1513K(1600K)->1513K(1600K) Class: 124K(192K)->124K(192K)
[2024-10-12T07:55:21.791+0800][info] GC(300) Pause Young (Concurrent Start) (G1 Evacuation Pause) 94M->94M(128M) 1.930ms
[2024-10-12T07:55:21.791+0800][info] GC(300) User=0.00s Sys=0.00s Real=0.00s
[2024-10-12T07:55:21.791+0800][info] GC(301) Concurrent Mark Cycle
[2024-10-12T07:55:21.791+0800][info] GC(301) Concurrent Clear Claimed Marks
[2024-10-12T07:55:21.791+0800][info] GC(301) Concurrent Clear Claimed Marks 0.016ms
[2024-10-12T07:55:21.791+0800][info] GC(301) Concurrent Scan Root Regions
[2024-10-12T07:55:21.792+0800][info] GC(301) Concurrent Scan Root Regions 0.143ms
[2024-10-12T07:55:21.792+0800][info] GC(301) Concurrent Mark
[2024-10-12T07:55:21.792+0800][info] GC(301) Concurrent Mark From Roots
[2024-10-12T07:55:21.792+0800][info] GC(301) Using 12 workers of 12 for marking
[2024-10-12T07:55:21.796+0800][info] GC(301) Concurrent Mark From Roots 3.988ms
[2024-10-12T07:55:21.796+0800][info] GC(301) Concurrent Preclean
[2024-10-12T07:55:21.797+0800][info] GC(301) Concurrent Preclean 1.694ms
[2024-10-12T07:55:21.797+0800][info] GC(301) Pause Remark
[2024-10-12T07:55:21.799+0800][info] GC(301) Pause Remark 95M->95M(128M) 1.657ms
[2024-10-12T07:55:21.799+0800][info] GC(301) User=0.01s Sys=0.00s Real=0.00s
[2024-10-12T07:55:21.799+0800][info] GC(301) Concurrent Mark 7.598ms
[2024-10-12T07:55:21.799+0800][info] GC(301) Concurrent Rebuild Remembered Sets
[2024-10-12T07:55:21.800+0800][info] GC(301) Concurrent Rebuild Remembered Sets 1.148ms
[2024-10-12T07:55:21.801+0800][info] GC(301) Pause Cleanup
[2024-10-12T07:55:21.801+0800][info] GC(301) Pause Cleanup 95M->95M(128M) 0.235ms
[2024-10-12T07:55:21.801+0800][info] GC(301) User=0.00s Sys=0.00s Real=0.00s
[2024-10-12T07:55:21.801+0800][info] GC(301) Concurrent Cleanup for Next Mark
[2024-10-12T07:55:21.801+0800][info] GC(301) Concurrent Cleanup for Next Mark 0.472ms
[2024-10-12T07:55:21.801+0800][info] GC(301) Concurrent Mark Cycle 9.963ms
[2024-10-12T07:55:21.945+0800][info] GC(302) Pause Young (Prepare Mixed) (G1 Evacuation Pause)
[2024-10-12T07:55:21.945+0800][info] GC(302) Using 3 workers of 48 for evacuation
[2024-10-12T07:55:21.946+0800][info] GC(302)   Pre Evacuate Collection Set: 0.1ms
[2024-10-12T07:55:21.946+0800][info] GC(302)   Merge Heap Roots: 0.1ms
[2024-10-12T07:55:21.946+0800][info] GC(302)   Evacuate Collection Set: 1.1ms
[2024-10-12T07:55:21.946+0800][info] GC(302)   Post Evacuate Collection Set: 0.2ms
[2024-10-12T07:55:21.946+0800][info] GC(302)   Other: 0.2ms
[2024-10-12T07:55:21.946+0800][info] GC(302) Eden regions: 2->0(2)
[2024-10-12T07:55:21.946+0800][info] GC(302) Survivor regions: 1->1(1)
[2024-10-12T07:55:21.946+0800][info] GC(302) Old regions: 49->51
[2024-10-12T07:55:21.946+0800][info] GC(302) Archive regions: 2->2
[2024-10-12T07:55:21.946+0800][info] GC(302) Humongous regions: 3->3
[2024-10-12T07:55:21.946+0800][info] GC(302) Metaspace: 1637K(1792K)->1637K(1792K) NonClass: 1513K(1600K)->1513K(1600K) Class: 124K(192K)->124K(192K)
[2024-10-12T07:55:21.946+0800][info] GC(302) Pause Young (Prepare Mixed) (G1 Evacuation Pause) 98M->98M(128M) 1.867ms
[2024-10-12T07:55:21.946+0800][info] GC(302) User=0.01s Sys=0.00s Real=0.01s
[2024-10-12T07:55:22.050+0800][info] GC(303) Pause Young (Mixed) (G1 Preventive Collection)
[2024-10-12T07:55:22.050+0800][info] GC(303) Using 3 workers of 48 for evacuation
[2024-10-12T07:55:22.052+0800][info] GC(303) To-space exhausted
[2024-10-12T07:55:22.052+0800][info] GC(303)   Pre Evacuate Collection Set: 0.2ms
[2024-10-12T07:55:22.052+0800][info] GC(303)   Merge Heap Roots: 0.1ms
[2024-10-12T07:55:22.052+0800][info] GC(303)   Evacuate Collection Set: 1.5ms
[2024-10-12T07:55:22.052+0800][info] GC(303)   Post Evacuate Collection Set: 0.3ms
[2024-10-12T07:55:22.052+0800][info] GC(303)   Other: 0.2ms
[2024-10-12T07:55:22.052+0800][info] GC(303) Eden regions: 2->0(2)
[2024-10-12T07:55:22.052+0800][info] GC(303) Survivor regions: 1->1(1)
[2024-10-12T07:55:22.052+0800][info] GC(303) Old regions: 51->52
[2024-10-12T07:55:22.052+0800][info] GC(303) Archive regions: 2->2
[2024-10-12T07:55:22.052+0800][info] GC(303) Humongous regions: 4->3
[2024-10-12T07:55:22.052+0800][info] GC(303) Metaspace: 1637K(1792K)->1637K(1792K) NonClass: 1513K(1600K)->1513K(1600K) Class: 124K(192K)->124K(192K)
[2024-10-12T07:55:22.052+0800][info] GC(303) Pause Young (Mixed) (G1 Preventive Collection) 103M->103M(128M) 2.287ms
[2024-10-12T07:55:22.052+0800][info] GC(303) User=0.01s Sys=0.00s Real=0.00s
[2024-10-12T07:55:22.155+0800][info] GC(304) Pause Young (Mixed) (G1 Preventive Collection)
[2024-10-12T07:55:22.155+0800][info] GC(304) Using 3 workers of 48 for evacuation
[2024-10-12T07:55:22.157+0800][info] GC(304) To-space exhausted
[2024-10-12T07:55:22.157+0800][info] GC(304)   Pre Evacuate Collection Set: 0.2ms
[2024-10-12T07:55:22.157+0800][info] GC(304)   Merge Heap Roots: 0.1ms
[2024-10-12T07:55:22.157+0800][info] GC(304)   Evacuate Collection Set: 1.5ms
[2024-10-12T07:55:22.157+0800][info] GC(304)   Post Evacuate Collection Set: 0.4ms
[2024-10-12T07:55:22.157+0800][info] GC(304)   Other: 0.2ms
[2024-10-12T07:55:22.157+0800][info] GC(304) Eden regions: 2->0(2)
[2024-10-12T07:55:22.157+0800][info] GC(304) Survivor regions: 1->1(1)
[2024-10-12T07:55:22.157+0800][info] GC(304) Old regions: 52->57
[2024-10-12T07:55:22.157+0800][info] GC(304) Archive regions: 2->2
[2024-10-12T07:55:22.157+0800][info] GC(304) Humongous regions: 3->3
[2024-10-12T07:55:22.157+0800][info] GC(304) Metaspace: 1637K(1792K)->1637K(1792K) NonClass: 1513K(1600K)->1513K(1600K) Class: 124K(192K)->124K(192K)
[2024-10-12T07:55:22.157+0800][info] GC(304) Pause Young (Mixed) (G1 Preventive Collection) 107M->113M(128M) 2.451ms
[2024-10-12T07:55:22.157+0800][info] GC(304) User=0.00s Sys=0.00s Real=0.00s
[2024-10-12T07:55:22.219+0800][info] GC(305) Pause Young (Concurrent Start) (G1 Evacuation Pause)
[2024-10-12T07:55:22.219+0800][info] GC(305) Using 3 workers of 48 for evacuation
[2024-10-12T07:55:22.220+0800][info] GC(305) To-space exhausted
[2024-10-12T07:55:22.220+0800][info] GC(305)   Pre Evacuate Collection Set: 0.1ms
[2024-10-12T07:55:22.220+0800][info] GC(305)   Merge Heap Roots: 0.1ms
[2024-10-12T07:55:22.220+0800][info] GC(305)   Evacuate Collection Set: 0.2ms
[2024-10-12T07:55:22.220+0800][info] GC(305)   Post Evacuate Collection Set: 0.3ms
[2024-10-12T07:55:22.220+0800][info] GC(305)   Other: 0.4ms
[2024-10-12T07:55:22.220+0800][info] GC(305) Eden regions: 1->0(3)
[2024-10-12T07:55:22.220+0800][info] GC(305) Survivor regions: 1->0(0)
[2024-10-12T07:55:22.220+0800][info] GC(305) Old regions: 57->59
[2024-10-12T07:55:22.220+0800][info] GC(305) Archive regions: 2->2
[2024-10-12T07:55:22.220+0800][info] GC(305) Humongous regions: 3->3
[2024-10-12T07:55:22.220+0800][info] GC(305) Metaspace: 1637K(1792K)->1637K(1792K) NonClass: 1513K(1600K)->1513K(1600K) Class: 124K(192K)->124K(192K)
[2024-10-12T07:55:22.220+0800][info] GC(305) Pause Young (Concurrent Start) (G1 Evacuation Pause) 115M->115M(128M) 1.178ms
[2024-10-12T07:55:22.220+0800][info] GC(305) User=0.00s Sys=0.00s Real=0.00s
[2024-10-12T07:55:22.220+0800][info] Attempting full compaction
[2024-10-12T07:55:22.220+0800][info] GC(306) Using 3 workers of 48 for full compaction
[2024-10-12T07:55:22.220+0800][info] GC(306) Pause Full (G1 Compaction Pause)
[2024-10-12T07:55:22.220+0800][info] GC(307) Concurrent Mark Cycle
[2024-10-12T07:55:22.220+0800][info] GC(307) Concurrent Clear Claimed Marks
[2024-10-12T07:55:22.220+0800][info] GC(307) Concurrent Clear Claimed Marks 0.016ms
[2024-10-12T07:55:22.220+0800][info] GC(307) Concurrent Scan Root Regions
[2024-10-12T07:55:22.220+0800][info] GC(307) Concurrent Scan Root Regions 0.010ms
[2024-10-12T07:55:22.221+0800][info] GC(307) Concurrent Mark
[2024-10-12T07:55:22.221+0800][info] GC(307) Concurrent Mark From Roots
[2024-10-12T07:55:22.221+0800][info] GC(307) Using 12 workers of 12 for marking
[2024-10-12T07:55:22.221+0800][info] GC(306) Phase 1: Mark live objects
[2024-10-12T07:55:22.225+0800][info] GC(306) Phase 1: Mark live objects 3.981ms
[2024-10-12T07:55:22.225+0800][info] GC(306) Phase 2: Prepare for compaction
[2024-10-12T07:55:22.225+0800][info] GC(306) Phase 2: Prepare for compaction 0.523ms
[2024-10-12T07:55:22.225+0800][info] GC(306) Phase 3: Adjust pointers
[2024-10-12T07:55:22.227+0800][info] GC(306) Phase 3: Adjust pointers 1.552ms
[2024-10-12T07:55:22.227+0800][info] GC(306) Phase 4: Compact heap
[2024-10-12T07:55:22.241+0800][info] GC(306) Phase 4: Compact heap 13.912ms
[2024-10-12T07:55:22.242+0800][info] GC(306) Eden regions: 0->0(3)
[2024-10-12T07:55:22.242+0800][info] GC(306) Survivor regions: 0->0(0)
[2024-10-12T07:55:22.242+0800][info] GC(306) Old regions: 59->40
[2024-10-12T07:55:22.242+0800][info] GC(306) Archive regions: 2->2
[2024-10-12T07:55:22.242+0800][info] GC(306) Humongous regions: 3->3
[2024-10-12T07:55:22.243+0800][info] GC(306) Metaspace: 1637K(1792K)->1637K(1792K) NonClass: 1513K(1600K)->1513K(1600K) Class: 124K(192K)->124K(192K)
[2024-10-12T07:55:22.243+0800][info] GC(306) Pause Full (G1 Compaction Pause) 115M->72M(128M) 22.134ms
[2024-10-12T07:55:22.243+0800][info] GC(306) User=0.04s Sys=0.00s Real=0.02s
[2024-10-12T07:55:22.243+0800][info] GC(307) Concurrent Mark From Roots 22.319ms
[2024-10-12T07:55:22.243+0800][info] GC(307) Concurrent Mark Abort
[2024-10-12T07:55:22.243+0800][info] GC(307) Concurrent Mark Cycle 22.500ms
[2024-10-12T07:55:22.406+0800][info] GC(308) Pause Young (Normal) (G1 Evacuation Pause)
[2024-10-12T07:55:22.406+0800][info] GC(308) Using 3 workers of 48 for evacuation
[2024-10-12T07:55:22.408+0800][info] GC(308)   Pre Evacuate Collection Set: 0.1ms
[2024-10-12T07:55:22.408+0800][info] GC(308)   Merge Heap Roots: 0.1ms
[2024-10-12T07:55:22.408+0800][info] GC(308)   Evacuate Collection Set: 1.2ms
[2024-10-12T07:55:22.408+0800][info] GC(308)   Post Evacuate Collection Set: 0.2ms
[2024-10-12T07:55:22.408+0800][info] GC(308)   Other: 0.2ms
[2024-10-12T07:55:22.408+0800][info] GC(308) Eden regions: 3->0(2)
[2024-10-12T07:55:22.408+0800][info] GC(308) Survivor regions: 0->1(1)
[2024-10-12T07:55:22.408+0800][info] GC(308) Old regions: 40->43
[2024-10-12T07:55:22.408+0800][info] GC(308) Archive regions: 2->2
[2024-10-12T07:55:22.408+0800][info] GC(308) Humongous regions: 3->3
[2024-10-12T07:55:22.408+0800][info] GC(308) Metaspace: 1637K(1792K)->1637K(1792K) NonClass: 1513K(1600K)->1513K(1600K) Class: 124K(192K)->124K(192K)
[2024-10-12T07:55:22.408+0800][info] GC(308) Pause Young (Normal) (G1 Evacuation Pause) 78M->79M(128M) 1.968ms
[2024-10-12T07:55:22.408+0800][info] GC(308) User=0.00s Sys=0.00s Real=0.00s
[2024-10-12T07:55:22.511+0800][info] GC(309) Pause Young (Normal) (G1 Evacuation Pause)
[2024-10-12T07:55:22.511+0800][info] GC(309) Using 3 workers of 48 for evacuation
[2024-10-12T07:55:22.512+0800][info] GC(309)   Pre Evacuate Collection Set: 0.1ms
[2024-10-12T07:55:22.512+0800][info] GC(309)   Merge Heap Roots: 0.1ms
[2024-10-12T07:55:22.512+0800][info] GC(309)   Evacuate Collection Set: 1.1ms
[2024-10-12T07:55:22.512+0800][info] GC(309)   Post Evacuate Collection Set: 0.2ms
[2024-10-12T07:55:22.512+0800][info] GC(309)   Other: 0.2ms
[2024-10-12T07:55:22.512+0800][info] GC(309) Eden regions: 2->0(2)
[2024-10-12T07:55:22.512+0800][info] GC(309) Survivor regions: 1->1(1)
[2024-10-12T07:55:22.512+0800][info] GC(309) Old regions: 43->45
[2024-10-12T07:55:22.512+0800][info] GC(309) Archive regions: 2->2
[2024-10-12T07:55:22.512+0800][info] GC(309) Humongous regions: 3->3
[2024-10-12T07:55:22.513+0800][info] GC(309) Metaspace: 1637K(1792K)->1637K(1792K) NonClass: 1513K(1600K)->1513K(1600K) Class: 124K(192K)->124K(192K)
[2024-10-12T07:55:22.513+0800][info] GC(309) Pause Young (Normal) (G1 Evacuation Pause) 82M->83M(128M) 1.754ms
[2024-10-12T07:55:22.513+0800][info] GC(309) User=0.01s Sys=0.00s Real=0.00s
[2024-10-12T07:55:22.615+0800][info] GC(310) Pause Young (Normal) (G1 Evacuation Pause)
[2024-10-12T07:55:22.615+0800][info] GC(310) Using 3 workers of 48 for evacuation
[2024-10-12T07:55:22.616+0800][info] GC(310)   Pre Evacuate Collection Set: 0.1ms
[2024-10-12T07:55:22.616+0800][info] GC(310)   Merge Heap Roots: 0.1ms
[2024-10-12T07:55:22.616+0800][info] GC(310)   Evacuate Collection Set: 1.1ms
[2024-10-12T07:55:22.616+0800][info] GC(310)   Post Evacuate Collection Set: 0.2ms
[2024-10-12T07:55:22.616+0800][info] GC(310)   Other: 0.2ms
[2024-10-12T07:55:22.616+0800][info] GC(310) Eden regions: 2->0(2)
[2024-10-12T07:55:22.616+0800][info] GC(310) Survivor regions: 1->1(1)
[2024-10-12T07:55:22.616+0800][info] GC(310) Old regions: 45->47
[2024-10-12T07:55:22.616+0800][info] GC(310) Archive regions: 2->2
[2024-10-12T07:55:22.616+0800][info] GC(310) Humongous regions: 3->3
[2024-10-12T07:55:22.617+0800][info] GC(310) Metaspace: 1637K(1792K)->1637K(1792K) NonClass: 1513K(1600K)->1513K(1600K) Class: 124K(192K)->124K(192K)
[2024-10-12T07:55:22.617+0800][info] GC(310) Pause Young (Normal) (G1 Evacuation Pause) 86M->87M(128M) 1.817ms
[2024-10-12T07:55:22.617+0800][info] GC(310) User=0.00s Sys=0.00s Real=0.00s
[2024-10-12T07:55:22.719+0800][info] GC(311) Pause Young (Concurrent Start) (G1 Evacuation Pause)
[2024-10-12T07:55:22.719+0800][info] GC(311) Using 3 workers of 48 for evacuation
[2024-10-12T07:55:22.721+0800][info] GC(311)   Pre Evacuate Collection Set: 0.1ms
[2024-10-12T07:55:22.721+0800][info] GC(311)   Merge Heap Roots: 0.1ms
[2024-10-12T07:55:22.721+0800][info] GC(311)   Evacuate Collection Set: 1.1ms
[2024-10-12T07:55:22.721+0800][info] GC(311)   Post Evacuate Collection Set: 0.2ms
[2024-10-12T07:55:22.721+0800][info] GC(311)   Other: 0.4ms
[2024-10-12T07:55:22.721+0800][info] GC(311) Eden regions: 2->0(2)
[2024-10-12T07:55:22.721+0800][info] GC(311) Survivor regions: 1->1(1)
[2024-10-12T07:55:22.721+0800][info] GC(311) Old regions: 47->49
[2024-10-12T07:55:22.721+0800][info] GC(311) Archive regions: 2->2
[2024-10-12T07:55:22.721+0800][info] GC(311) Humongous regions: 3->3
[2024-10-12T07:55:22.721+0800][info] GC(311) Metaspace: 1637K(1792K)->1637K(1792K) NonClass: 1513K(1600K)->1513K(1600K) Class: 124K(192K)->124K(192K)
[2024-10-12T07:55:22.721+0800][info] GC(311) Pause Young (Concurrent Start) (G1 Evacuation Pause) 90M->91M(128M) 1.965ms
[2024-10-12T07:55:22.721+0800][info] GC(311) User=0.01s Sys=0.00s Real=0.00s
[2024-10-12T07:55:22.721+0800][info] GC(312) Concurrent Mark Cycle
[2024-10-12T07:55:22.721+0800][info] GC(312) Concurrent Clear Claimed Marks
[2024-10-12T07:55:22.721+0800][info] GC(312) Concurrent Clear Claimed Marks 0.016ms
[2024-10-12T07:55:22.721+0800][info] GC(312) Concurrent Scan Root Regions
[2024-10-12T07:55:22.721+0800][info] GC(312) Concurrent Scan Root Regions 0.101ms
[2024-10-12T07:55:22.721+0800][info] GC(312) Concurrent Mark
[2024-10-12T07:55:22.721+0800][info] GC(312) Concurrent Mark From Roots
[2024-10-12T07:55:22.721+0800][info] GC(312) Using 12 workers of 12 for marking
[2024-10-12T07:55:22.726+0800][info] GC(312) Concurrent Mark From Roots 4.380ms
[2024-10-12T07:55:22.726+0800][info] GC(312) Concurrent Preclean
[2024-10-12T07:55:22.727+0800][info] GC(312) Concurrent Preclean 1.676ms
[2024-10-12T07:55:22.727+0800][info] GC(312) Pause Remark
[2024-10-12T07:55:22.729+0800][info] GC(312) Pause Remark 91M->90M(128M) 1.680ms
[2024-10-12T07:55:22.729+0800][info] GC(312) User=0.00s Sys=0.00s Real=0.00s
[2024-10-12T07:55:22.729+0800][info] GC(312) Concurrent Mark 8.056ms
[2024-10-12T07:55:22.729+0800][info] GC(312) Concurrent Rebuild Remembered Sets
[2024-10-12T07:55:22.731+0800][info] GC(312) Concurrent Rebuild Remembered Sets 1.298ms
[2024-10-12T07:55:22.731+0800][info] GC(312) Pause Cleanup
[2024-10-12T07:55:22.731+0800][info] GC(312) Pause Cleanup 90M->90M(128M) 0.236ms
[2024-10-12T07:55:22.731+0800][info] GC(312) User=0.00s Sys=0.00s Real=0.00s
[2024-10-12T07:55:22.731+0800][info] GC(312) Concurrent Cleanup for Next Mark
[2024-10-12T07:55:22.732+0800][info] GC(312) Concurrent Cleanup for Next Mark 0.407ms
[2024-10-12T07:55:22.732+0800][info] GC(312) Concurrent Mark Cycle 10.484ms
[2024-10-12T07:55:22.874+0800][info] GC(313) Pause Young (Prepare Mixed) (G1 Evacuation Pause)
[2024-10-12T07:55:22.874+0800][info] GC(313) Using 3 workers of 48 for evacuation
[2024-10-12T07:55:22.876+0800][info] GC(313)   Pre Evacuate Collection Set: 0.1ms
[2024-10-12T07:55:22.876+0800][info] GC(313)   Merge Heap Roots: 0.1ms
[2024-10-12T07:55:22.876+0800][info] GC(313)   Evacuate Collection Set: 1.0ms
[2024-10-12T07:55:22.876+0800][info] GC(313)   Post Evacuate Collection Set: 0.2ms
[2024-10-12T07:55:22.876+0800][info] GC(313)   Other: 0.2ms
[2024-10-12T07:55:22.876+0800][info] GC(313) Eden regions: 2->0(2)
[2024-10-12T07:55:22.876+0800][info] GC(313) Survivor regions: 1->1(1)
[2024-10-12T07:55:22.876+0800][info] GC(313) Old regions: 48->50
[2024-10-12T07:55:22.876+0800][info] GC(313) Archive regions: 2->2
[2024-10-12T07:55:22.876+0800][info] GC(313) Humongous regions: 3->3
[2024-10-12T07:55:22.876+0800][info] GC(313) Metaspace: 1637K(1792K)->1637K(1792K) NonClass: 1513K(1600K)->1513K(1600K) Class: 124K(192K)->124K(192K)
[2024-10-12T07:55:22.876+0800][info] GC(313) Pause Young (Prepare Mixed) (G1 Evacuation Pause) 93M->94M(128M) 1.721ms
[2024-10-12T07:55:22.876+0800][info] GC(313) User=0.00s Sys=0.00s Real=0.00s
[2024-10-12T07:55:22.979+0800][info] GC(314) Pause Young (Mixed) (G1 Evacuation Pause)
[2024-10-12T07:55:22.979+0800][info] GC(314) Using 3 workers of 48 for evacuation
[2024-10-12T07:55:22.981+0800][info] GC(314)   Pre Evacuate Collection Set: 0.2ms
[2024-10-12T07:55:22.981+0800][info] GC(314)   Merge Heap Roots: 0.1ms
[2024-10-12T07:55:22.981+0800][info] GC(314)   Evacuate Collection Set: 1.6ms
[2024-10-12T07:55:22.981+0800][info] GC(314)   Post Evacuate Collection Set: 0.3ms
[2024-10-12T07:55:22.981+0800][info] GC(314)   Other: 0.2ms
[2024-10-12T07:55:22.981+0800][info] GC(314) Eden regions: 2->0(2)
[2024-10-12T07:55:22.981+0800][info] GC(314) Survivor regions: 1->1(1)
[2024-10-12T07:55:22.981+0800][info] GC(314) Old regions: 50->47
[2024-10-12T07:55:22.981+0800][info] GC(314) Archive regions: 2->2
[2024-10-12T07:55:22.981+0800][info] GC(314) Humongous regions: 3->3
[2024-10-12T07:55:22.981+0800][info] GC(314) Metaspace: 1637K(1792K)->1637K(1792K) NonClass: 1513K(1600K)->1513K(1600K) Class: 124K(192K)->124K(192K)
[2024-10-12T07:55:22.981+0800][info] GC(314) Pause Young (Mixed) (G1 Evacuation Pause) 97M->93M(128M) 2.407ms
[2024-10-12T07:55:22.981+0800][info] GC(314) User=0.00s Sys=0.00s Real=0.00s
[2024-10-12T07:55:23.083+0800][info] GC(315) Pause Young (Mixed) (G1 Evacuation Pause)
[2024-10-12T07:55:23.083+0800][info] GC(315) Using 3 workers of 48 for evacuation
[2024-10-12T07:55:23.084+0800][info] GC(315)   Pre Evacuate Collection Set: 0.2ms
[2024-10-12T07:55:23.084+0800][info] GC(315)   Merge Heap Roots: 0.1ms
[2024-10-12T07:55:23.084+0800][info] GC(315)   Evacuate Collection Set: 0.8ms
[2024-10-12T07:55:23.084+0800][info] GC(315)   Post Evacuate Collection Set: 0.2ms
[2024-10-12T07:55:23.084+0800][info] GC(315)   Other: 0.2ms
[2024-10-12T07:55:23.084+0800][info] GC(315) Eden regions: 2->0(2)
[2024-10-12T07:55:23.084+0800][info] GC(315) Survivor regions: 1->1(1)
[2024-10-12T07:55:23.085+0800][info] GC(315) Old regions: 47->48
[2024-10-12T07:55:23.085+0800][info] GC(315) Archive regions: 2->2
[2024-10-12T07:55:23.085+0800][info] GC(315) Humongous regions: 3->3
[2024-10-12T07:55:23.085+0800][info] GC(315) Metaspace: 1637K(1792K)->1637K(1792K) NonClass: 1513K(1600K)->1513K(1600K) Class: 124K(192K)->124K(192K)
[2024-10-12T07:55:23.085+0800][info] GC(315) Pause Young (Mixed) (G1 Evacuation Pause) 96M->95M(128M) 1.608ms
[2024-10-12T07:55:23.085+0800][info] GC(315) User=0.01s Sys=0.00s Real=0.00s
[2024-10-12T07:55:23.187+0800][info] GC(316) Pause Young (Normal) (G1 Evacuation Pause)
[2024-10-12T07:55:23.187+0800][info] GC(316) Using 3 workers of 48 for evacuation
[2024-10-12T07:55:23.189+0800][info] GC(316)   Pre Evacuate Collection Set: 0.1ms
[2024-10-12T07:55:23.189+0800][info] GC(316)   Merge Heap Roots: 0.0ms
[2024-10-12T07:55:23.189+0800][info] GC(316)   Evacuate Collection Set: 1.1ms
[2024-10-12T07:55:23.189+0800][info] GC(316)   Post Evacuate Collection Set: 0.2ms
[2024-10-12T07:55:23.189+0800][info] GC(316)   Other: 0.2ms
[2024-10-12T07:55:23.189+0800][info] GC(316) Eden regions: 2->0(2)
[2024-10-12T07:55:23.189+0800][info] GC(316) Survivor regions: 1->1(1)
[2024-10-12T07:55:23.189+0800][info] GC(316) Old regions: 48->49
[2024-10-12T07:55:23.189+0800][info] GC(316) Archive regions: 2->2
[2024-10-12T07:55:23.189+0800][info] GC(316) Humongous regions: 3->3
[2024-10-12T07:55:23.189+0800][info] GC(316) Metaspace: 1637K(1792K)->1637K(1792K) NonClass: 1513K(1600K)->1513K(1600K) Class: 124K(192K)->124K(192K)
[2024-10-12T07:55:23.189+0800][info] GC(316) Pause Young (Normal) (G1 Evacuation Pause) 99M->98M(128M) 1.804ms
[2024-10-12T07:55:23.189+0800][info] GC(316) User=0.00s Sys=0.00s Real=0.00s
[2024-10-12T07:55:23.291+0800][info] GC(317) Pause Young (Normal) (G1 Evacuation Pause)
[2024-10-12T07:55:23.291+0800][info] GC(317) Using 3 workers of 48 for evacuation
[2024-10-12T07:55:23.292+0800][info] GC(317)   Pre Evacuate Collection Set: 0.1ms
[2024-10-12T07:55:23.292+0800][info] GC(317)   Merge Heap Roots: 0.1ms
[2024-10-12T07:55:23.292+0800][info] GC(317)   Evacuate Collection Set: 1.0ms
[2024-10-12T07:55:23.292+0800][info] GC(317)   Post Evacuate Collection Set: 0.2ms
[2024-10-12T07:55:23.292+0800][info] GC(317)   Other: 0.2ms
[2024-10-12T07:55:23.292+0800][info] GC(317) Eden regions: 2->0(2)
[2024-10-12T07:55:23.292+0800][info] GC(317) Survivor regions: 1->1(1)
[2024-10-12T07:55:23.292+0800][info] GC(317) Old regions: 49->51
[2024-10-12T07:55:23.292+0800][info] GC(317) Archive regions: 2->2
[2024-10-12T07:55:23.293+0800][info] GC(317) Humongous regions: 3->3
[2024-10-12T07:55:23.293+0800][info] GC(317) Metaspace: 1637K(1792K)->1637K(1792K) NonClass: 1513K(1600K)->1513K(1600K) Class: 124K(192K)->124K(192K)
[2024-10-12T07:55:23.293+0800][info] GC(317) Pause Young (Normal) (G1 Evacuation Pause) 102M->102M(128M) 1.695ms
[2024-10-12T07:55:23.293+0800][info] GC(317) User=0.00s Sys=0.01s Real=0.00s
[2024-10-12T07:55:23.395+0800][info] GC(318) Pause Young (Concurrent Start) (G1 Evacuation Pause)
[2024-10-12T07:55:23.395+0800][info] GC(318) Using 3 workers of 48 for evacuation
[2024-10-12T07:55:23.397+0800][info] GC(318)   Pre Evacuate Collection Set: 0.1ms
[2024-10-12T07:55:23.397+0800][info] GC(318)   Merge Heap Roots: 0.1ms
[2024-10-12T07:55:23.397+0800][info] GC(318)   Evacuate Collection Set: 1.0ms
[2024-10-12T07:55:23.397+0800][info] GC(318)   Post Evacuate Collection Set: 0.2ms
[2024-10-12T07:55:23.397+0800][info] GC(318)   Other: 0.4ms
[2024-10-12T07:55:23.397+0800][info] GC(318) Eden regions: 2->0(2)
[2024-10-12T07:55:23.397+0800][info] GC(318) Survivor regions: 1->1(1)
[2024-10-12T07:55:23.397+0800][info] GC(318) Old regions: 51->53
[2024-10-12T07:55:23.397+0800][info] GC(318) Archive regions: 2->2
[2024-10-12T07:55:23.397+0800][info] GC(318) Humongous regions: 3->3
[2024-10-12T07:55:23.397+0800][info] GC(318) Metaspace: 1640K(1792K)->1640K(1792K) NonClass: 1516K(1600K)->1516K(1600K) Class: 124K(192K)->124K(192K)
[2024-10-12T07:55:23.397+0800][info] GC(318) Pause Young (Concurrent Start) (G1 Evacuation Pause) 106M->106M(128M) 1.916ms
[2024-10-12T07:55:23.397+0800][info] GC(318) User=0.01s Sys=0.00s Real=0.00s
[2024-10-12T07:55:23.397+0800][info] GC(319) Concurrent Mark Cycle
[2024-10-12T07:55:23.397+0800][info] GC(319) Concurrent Clear Claimed Marks
[2024-10-12T07:55:23.397+0800][info] GC(319) Concurrent Clear Claimed Marks 0.016ms
[2024-10-12T07:55:23.397+0800][info] GC(319) Concurrent Scan Root Regions
[2024-10-12T07:55:23.397+0800][info] GC(319) Concurrent Scan Root Regions 0.158ms
[2024-10-12T07:55:23.397+0800][info] GC(319) Concurrent Mark
[2024-10-12T07:55:23.397+0800][info] GC(319) Concurrent Mark From Roots
[2024-10-12T07:55:23.397+0800][info] GC(319) Using 12 workers of 12 for marking
[2024-10-12T07:55:23.402+0800][info] GC(319) Concurrent Mark From Roots 4.462ms
[2024-10-12T07:55:23.402+0800][info] GC(319) Concurrent Preclean
[2024-10-12T07:55:23.404+0800][info] GC(319) Concurrent Preclean 1.670ms
[2024-10-12T07:55:23.404+0800][info] GC(319) Pause Remark
[2024-10-12T07:55:23.405+0800][info] GC(319) Pause Remark 106M->106M(128M) 1.524ms
[2024-10-12T07:55:23.405+0800][info] GC(319) User=0.00s Sys=0.00s Real=0.01s
[2024-10-12T07:55:23.405+0800][info] GC(319) Concurrent Mark 7.862ms
[2024-10-12T07:55:23.405+0800][info] GC(319) Concurrent Rebuild Remembered Sets
[2024-10-12T07:55:23.407+0800][info] GC(319) Concurrent Rebuild Remembered Sets 1.253ms
[2024-10-12T07:55:23.407+0800][info] GC(319) Pause Cleanup
[2024-10-12T07:55:23.407+0800][info] GC(319) Pause Cleanup 106M->106M(128M) 0.309ms
[2024-10-12T07:55:23.407+0800][info] GC(319) User=0.00s Sys=0.00s Real=0.00s
[2024-10-12T07:55:23.407+0800][info] GC(319) Concurrent Cleanup for Next Mark
[2024-10-12T07:55:23.407+0800][info] GC(319) Concurrent Cleanup for Next Mark 0.453ms
[2024-10-12T07:55:23.407+0800][info] GC(319) Concurrent Mark Cycle 10.397ms
[2024-10-12T07:55:23.550+0800][info] GC(320) Pause Young (Prepare Mixed) (G1 Preventive Collection)
[2024-10-12T07:55:23.550+0800][info] GC(320) Using 3 workers of 48 for evacuation
[2024-10-12T07:55:23.552+0800][info] GC(320)   Pre Evacuate Collection Set: 0.1ms
[2024-10-12T07:55:23.552+0800][info] GC(320)   Merge Heap Roots: 0.1ms
[2024-10-12T07:55:23.552+0800][info] GC(320)   Evacuate Collection Set: 1.0ms
[2024-10-12T07:55:23.552+0800][info] GC(320)   Post Evacuate Collection Set: 0.2ms
[2024-10-12T07:55:23.552+0800][info] GC(320)   Other: 0.3ms
[2024-10-12T07:55:23.552+0800][info] GC(320) Eden regions: 2->0(2)
[2024-10-12T07:55:23.552+0800][info] GC(320) Survivor regions: 1->1(1)
[2024-10-12T07:55:23.552+0800][info] GC(320) Old regions: 53->55
[2024-10-12T07:55:23.552+0800][info] GC(320) Archive regions: 2->2
[2024-10-12T07:55:23.552+0800][info] GC(320) Humongous regions: 3->3
[2024-10-12T07:55:23.552+0800][info] GC(320) Metaspace: 1640K(1792K)->1640K(1792K) NonClass: 1516K(1600K)->1516K(1600K) Class: 124K(192K)->124K(192K)
[2024-10-12T07:55:23.552+0800][info] GC(320) Pause Young (Prepare Mixed) (G1 Preventive Collection) 109M->109M(128M) 1.914ms
[2024-10-12T07:55:23.552+0800][info] GC(320) User=0.01s Sys=0.01s Real=0.00s
[2024-10-12T07:55:23.614+0800][info] GC(321) Pause Young (Mixed) (G1 Preventive Collection)
[2024-10-12T07:55:23.614+0800][info] GC(321) Using 3 workers of 48 for evacuation
[2024-10-12T07:55:23.616+0800][info] GC(321) To-space exhausted
[2024-10-12T07:55:23.616+0800][info] GC(321)   Pre Evacuate Collection Set: 0.2ms
[2024-10-12T07:55:23.616+0800][info] GC(321)   Merge Heap Roots: 0.1ms
[2024-10-12T07:55:23.616+0800][info] GC(321)   Evacuate Collection Set: 1.1ms
[2024-10-12T07:55:23.616+0800][info] GC(321)   Post Evacuate Collection Set: 0.3ms
[2024-10-12T07:55:23.616+0800][info] GC(321)   Other: 0.2ms
[2024-10-12T07:55:23.616+0800][info] GC(321) Eden regions: 1->0(2)
[2024-10-12T07:55:23.616+0800][info] GC(321) Survivor regions: 1->1(1)
[2024-10-12T07:55:23.616+0800][info] GC(321) Old regions: 55->54
[2024-10-12T07:55:23.616+0800][info] GC(321) Archive regions: 2->2
[2024-10-12T07:55:23.616+0800][info] GC(321) Humongous regions: 3->3
[2024-10-12T07:55:23.616+0800][info] GC(321) Metaspace: 1640K(1792K)->1640K(1792K) NonClass: 1516K(1600K)->1516K(1600K) Class: 124K(192K)->124K(192K)
[2024-10-12T07:55:23.616+0800][info] GC(321) Pause Young (Mixed) (G1 Preventive Collection) 111M->109M(128M) 2.020ms
[2024-10-12T07:55:23.616+0800][info] GC(321) User=0.00s Sys=0.00s Real=0.00s
[2024-10-12T07:55:23.657+0800][info] GC(322) Pause Young (Mixed) (G1 Preventive Collection)
[2024-10-12T07:55:23.657+0800][info] GC(322) Using 3 workers of 48 for evacuation
[2024-10-12T07:55:23.659+0800][info] GC(322) To-space exhausted
[2024-10-12T07:55:23.659+0800][info] GC(322)   Pre Evacuate Collection Set: 0.2ms
[2024-10-12T07:55:23.659+0800][info] GC(322)   Merge Heap Roots: 0.1ms
[2024-10-12T07:55:23.659+0800][info] GC(322)   Evacuate Collection Set: 1.1ms
[2024-10-12T07:55:23.659+0800][info] GC(322)   Post Evacuate Collection Set: 0.3ms
[2024-10-12T07:55:23.659+0800][info] GC(322)   Other: 0.2ms
[2024-10-12T07:55:23.659+0800][info] GC(322) Eden regions: 1->0(2)
[2024-10-12T07:55:23.659+0800][info] GC(322) Survivor regions: 1->1(1)
[2024-10-12T07:55:23.659+0800][info] GC(322) Old regions: 54->54
[2024-10-12T07:55:23.659+0800][info] GC(322) Archive regions: 2->2
[2024-10-12T07:55:23.659+0800][info] GC(322) Humongous regions: 3->3
[2024-10-12T07:55:23.659+0800][info] GC(322) Metaspace: 1640K(1792K)->1640K(1792K) NonClass: 1516K(1600K)->1516K(1600K) Class: 124K(192K)->124K(192K)
[2024-10-12T07:55:23.659+0800][info] GC(322) Pause Young (Mixed) (G1 Preventive Collection) 111M->109M(128M) 1.978ms
[2024-10-12T07:55:23.659+0800][info] GC(322) User=0.01s Sys=0.00s Real=0.00s
[2024-10-12T07:55:23.720+0800][info] GC(323) Pause Young (Mixed) (G1 Preventive Collection)
[2024-10-12T07:55:23.720+0800][info] GC(323) Using 3 workers of 48 for evacuation
[2024-10-12T07:55:23.722+0800][info] GC(323) To-space exhausted
[2024-10-12T07:55:23.723+0800][info] GC(323)   Pre Evacuate Collection Set: 0.2ms
[2024-10-12T07:55:23.723+0800][info] GC(323)   Merge Heap Roots: 0.1ms
[2024-10-12T07:55:23.723+0800][info] GC(323)   Evacuate Collection Set: 1.5ms
[2024-10-12T07:55:23.723+0800][info] GC(323)   Post Evacuate Collection Set: 0.4ms
[2024-10-12T07:55:23.723+0800][info] GC(323)   Other: 0.2ms
[2024-10-12T07:55:23.723+0800][info] GC(323) Eden regions: 1->0(2)
[2024-10-12T07:55:23.723+0800][info] GC(323) Survivor regions: 1->1(1)
[2024-10-12T07:55:23.723+0800][info] GC(323) Old regions: 54->57
[2024-10-12T07:55:23.723+0800][info] GC(323) Archive regions: 2->2
[2024-10-12T07:55:23.723+0800][info] GC(323) Humongous regions: 3->3
[2024-10-12T07:55:23.723+0800][info] GC(323) Metaspace: 1640K(1792K)->1640K(1792K) NonClass: 1516K(1600K)->1516K(1600K) Class: 124K(192K)->124K(192K)
[2024-10-12T07:55:23.723+0800][info] GC(323) Pause Young (Mixed) (G1 Preventive Collection) 111M->115M(128M) 2.445ms
[2024-10-12T07:55:23.723+0800][info] GC(323) User=0.00s Sys=0.00s Real=0.00s
[2024-10-12T07:55:23.764+0800][info] GC(324) Pause Young (Concurrent Start) (G1 Evacuation Pause)
[2024-10-12T07:55:23.764+0800][info] GC(324) Using 3 workers of 48 for evacuation
[2024-10-12T07:55:23.765+0800][info] GC(324) To-space exhausted
[2024-10-12T07:55:23.765+0800][info] GC(324)   Pre Evacuate Collection Set: 0.1ms
[2024-10-12T07:55:23.765+0800][info] GC(324)   Merge Heap Roots: 0.1ms
[2024-10-12T07:55:23.765+0800][info] GC(324)   Evacuate Collection Set: 0.2ms
[2024-10-12T07:55:23.765+0800][info] GC(324)   Post Evacuate Collection Set: 0.2ms
[2024-10-12T07:55:23.765+0800][info] GC(324)   Other: 0.4ms
[2024-10-12T07:55:23.765+0800][info] GC(324) Eden regions: 1->0(3)
[2024-10-12T07:55:23.765+0800][info] GC(324) Survivor regions: 1->0(0)
[2024-10-12T07:55:23.765+0800][info] GC(324) Old regions: 57->59
[2024-10-12T07:55:23.765+0800][info] GC(324) Archive regions: 2->2
[2024-10-12T07:55:23.765+0800][info] GC(324) Humongous regions: 3->3
[2024-10-12T07:55:23.765+0800][info] GC(324) Metaspace: 1640K(1792K)->1640K(1792K) NonClass: 1516K(1600K)->1516K(1600K) Class: 124K(192K)->124K(192K)
[2024-10-12T07:55:23.765+0800][info] GC(324) Pause Young (Concurrent Start) (G1 Evacuation Pause) 117M->117M(128M) 1.116ms
[2024-10-12T07:55:23.765+0800][info] GC(324) User=0.01s Sys=0.00s Real=0.00s
[2024-10-12T07:55:23.765+0800][info] Attempting full compaction
[2024-10-12T07:55:23.765+0800][info] GC(325) Using 3 workers of 48 for full compaction
[2024-10-12T07:55:23.765+0800][info] GC(325) Pause Full (G1 Compaction Pause)
[2024-10-12T07:55:23.765+0800][info] GC(326) Concurrent Mark Cycle
[2024-10-12T07:55:23.765+0800][info] GC(326) Concurrent Clear Claimed Marks
[2024-10-12T07:55:23.765+0800][info] GC(326) Concurrent Clear Claimed Marks 0.016ms
[2024-10-12T07:55:23.765+0800][info] GC(326) Concurrent Scan Root Regions
[2024-10-12T07:55:23.765+0800][info] GC(326) Concurrent Scan Root Regions 0.010ms
[2024-10-12T07:55:23.765+0800][info] GC(326) Concurrent Mark
[2024-10-12T07:55:23.765+0800][info] GC(326) Concurrent Mark From Roots
[2024-10-12T07:55:23.765+0800][info] GC(326) Using 12 workers of 12 for marking
[2024-10-12T07:55:23.765+0800][info] GC(325) Phase 1: Mark live objects
[2024-10-12T07:55:23.769+0800][info] GC(325) Phase 1: Mark live objects 3.775ms
[2024-10-12T07:55:23.769+0800][info] GC(325) Phase 2: Prepare for compaction
[2024-10-12T07:55:23.770+0800][info] GC(325) Phase 2: Prepare for compaction 0.654ms
[2024-10-12T07:55:23.770+0800][info] GC(325) Phase 3: Adjust pointers
[2024-10-12T07:55:23.771+0800][info] GC(325) Phase 3: Adjust pointers 1.589ms
[2024-10-12T07:55:23.771+0800][info] GC(325) Phase 4: Compact heap
[2024-10-12T07:55:23.782+0800][info] GC(325) Phase 4: Compact heap 10.900ms
[2024-10-12T07:55:23.784+0800][info] GC(325) Eden regions: 0->0(4)
[2024-10-12T07:55:23.784+0800][info] GC(325) Survivor regions: 0->0(0)
[2024-10-12T07:55:23.784+0800][info] GC(325) Old regions: 59->38
[2024-10-12T07:55:23.784+0800][info] GC(325) Archive regions: 2->2
[2024-10-12T07:55:23.784+0800][info] GC(325) Humongous regions: 3->3
[2024-10-12T07:55:23.784+0800][info] GC(325) Metaspace: 1640K(1792K)->1640K(1792K) NonClass: 1516K(1600K)->1516K(1600K) Class: 124K(192K)->124K(192K)
[2024-10-12T07:55:23.784+0800][info] GC(325) Pause Full (G1 Compaction Pause) 117M->71M(128M) 18.952ms
[2024-10-12T07:55:23.784+0800][info] GC(325) User=0.04s Sys=0.00s Real=0.02s
[2024-10-12T07:55:23.784+0800][info] GC(326) Concurrent Mark From Roots 19.134ms
[2024-10-12T07:55:23.784+0800][info] GC(326) Concurrent Mark Abort
[2024-10-12T07:55:23.784+0800][info] GC(326) Concurrent Mark Cycle 19.333ms
[2024-10-12T07:55:24.009+0800][info] GC(327) Pause Young (Normal) (G1 Evacuation Pause)
[2024-10-12T07:55:24.009+0800][info] GC(327) Using 3 workers of 48 for evacuation
[2024-10-12T07:55:24.011+0800][info] GC(327)   Pre Evacuate Collection Set: 0.1ms
[2024-10-12T07:55:24.011+0800][info] GC(327)   Merge Heap Roots: 0.1ms
[2024-10-12T07:55:24.011+0800][info] GC(327)   Evacuate Collection Set: 1.3ms
[2024-10-12T07:55:24.011+0800][info] GC(327)   Post Evacuate Collection Set: 0.2ms
[2024-10-12T07:55:24.011+0800][info] GC(327)   Other: 0.2ms
[2024-10-12T07:55:24.011+0800][info] GC(327) Eden regions: 4->0(2)
[2024-10-12T07:55:24.011+0800][info] GC(327) Survivor regions: 0->1(1)
[2024-10-12T07:55:24.011+0800][info] GC(327) Old regions: 38->42
[2024-10-12T07:55:24.011+0800][info] GC(327) Archive regions: 2->2
[2024-10-12T07:55:24.011+0800][info] GC(327) Humongous regions: 3->3
[2024-10-12T07:55:24.011+0800][info] GC(327) Metaspace: 1641K(1792K)->1641K(1792K) NonClass: 1517K(1600K)->1517K(1600K) Class: 124K(192K)->124K(192K)
[2024-10-12T07:55:24.011+0800][info] GC(327) Pause Young (Normal) (G1 Evacuation Pause) 79M->80M(128M) 2.087ms
[2024-10-12T07:55:24.011+0800][info] GC(327) User=0.01s Sys=0.00s Real=0.00s
[2024-10-12T07:55:24.114+0800][info] GC(328) Pause Young (Normal) (G1 Evacuation Pause)
[2024-10-12T07:55:24.114+0800][info] GC(328) Using 3 workers of 48 for evacuation
[2024-10-12T07:55:24.115+0800][info] GC(328)   Pre Evacuate Collection Set: 0.1ms
[2024-10-12T07:55:24.115+0800][info] GC(328)   Merge Heap Roots: 0.1ms
[2024-10-12T07:55:24.115+0800][info] GC(328)   Evacuate Collection Set: 1.0ms
[2024-10-12T07:55:24.115+0800][info] GC(328)   Post Evacuate Collection Set: 0.2ms
[2024-10-12T07:55:24.115+0800][info] GC(328)   Other: 0.2ms
[2024-10-12T07:55:24.115+0800][info] GC(328) Eden regions: 2->0(2)
[2024-10-12T07:55:24.115+0800][info] GC(328) Survivor regions: 1->1(1)
[2024-10-12T07:55:24.115+0800][info] GC(328) Old regions: 42->44
[2024-10-12T07:55:24.115+0800][info] GC(328) Archive regions: 2->2
[2024-10-12T07:55:24.115+0800][info] GC(328) Humongous regions: 3->3
[2024-10-12T07:55:24.115+0800][info] GC(328) Metaspace: 1641K(1792K)->1641K(1792K) NonClass: 1517K(1600K)->1517K(1600K) Class: 124K(192K)->124K(192K)
[2024-10-12T07:55:24.115+0800][info] GC(328) Pause Young (Normal) (G1 Evacuation Pause) 84M->84M(128M) 1.751ms
[2024-10-12T07:55:24.115+0800][info] GC(328) User=0.00s Sys=0.00s Real=0.00s
[2024-10-12T07:55:24.219+0800][info] GC(329) Pause Young (Normal) (G1 Evacuation Pause)
[2024-10-12T07:55:24.219+0800][info] GC(329) Using 3 workers of 48 for evacuation
[2024-10-12T07:55:24.220+0800][info] GC(329)   Pre Evacuate Collection Set: 0.1ms
[2024-10-12T07:55:24.220+0800][info] GC(329)   Merge Heap Roots: 0.1ms
[2024-10-12T07:55:24.220+0800][info] GC(329)   Evacuate Collection Set: 1.1ms
[2024-10-12T07:55:24.220+0800][info] GC(329)   Post Evacuate Collection Set: 0.2ms
[2024-10-12T07:55:24.220+0800][info] GC(329)   Other: 0.2ms
[2024-10-12T07:55:24.220+0800][info] GC(329) Eden regions: 2->0(2)
[2024-10-12T07:55:24.220+0800][info] GC(329) Survivor regions: 1->1(1)
[2024-10-12T07:55:24.220+0800][info] GC(329) Old regions: 44->46
[2024-10-12T07:55:24.220+0800][info] GC(329) Archive regions: 2->2
[2024-10-12T07:55:24.220+0800][info] GC(329) Humongous regions: 4->4
[2024-10-12T07:55:24.220+0800][info] GC(329) Metaspace: 1641K(1792K)->1641K(1792K) NonClass: 1517K(1600K)->1517K(1600K) Class: 124K(192K)->124K(192K)
[2024-10-12T07:55:24.220+0800][info] GC(329) Pause Young (Normal) (G1 Evacuation Pause) 90M->90M(128M) 1.839ms
[2024-10-12T07:55:24.220+0800][info] GC(329) User=0.01s Sys=0.00s Real=0.00s
[2024-10-12T07:55:24.323+0800][info] GC(330) Pause Young (Concurrent Start) (G1 Evacuation Pause)
[2024-10-12T07:55:24.323+0800][info] GC(330) Using 3 workers of 48 for evacuation
[2024-10-12T07:55:24.324+0800][info] GC(330)   Pre Evacuate Collection Set: 0.1ms
[2024-10-12T07:55:24.324+0800][info] GC(330)   Merge Heap Roots: 0.1ms
[2024-10-12T07:55:24.324+0800][info] GC(330)   Evacuate Collection Set: 1.1ms
[2024-10-12T07:55:24.324+0800][info] GC(330)   Post Evacuate Collection Set: 0.2ms
[2024-10-12T07:55:24.324+0800][info] GC(330)   Other: 0.4ms
[2024-10-12T07:55:24.324+0800][info] GC(330) Eden regions: 2->0(2)
[2024-10-12T07:55:24.324+0800][info] GC(330) Survivor regions: 1->1(1)
[2024-10-12T07:55:24.325+0800][info] GC(330) Old regions: 46->48
[2024-10-12T07:55:24.325+0800][info] GC(330) Archive regions: 2->2
[2024-10-12T07:55:24.325+0800][info] GC(330) Humongous regions: 4->4
[2024-10-12T07:55:24.325+0800][info] GC(330) Metaspace: 1641K(1792K)->1641K(1792K) NonClass: 1517K(1600K)->1517K(1600K) Class: 124K(192K)->124K(192K)
[2024-10-12T07:55:24.325+0800][info] GC(330) Pause Young (Concurrent Start) (G1 Evacuation Pause) 94M->94M(128M) 2.053ms
[2024-10-12T07:55:24.325+0800][info] GC(330) User=0.00s Sys=0.00s Real=0.00s
[2024-10-12T07:55:24.325+0800][info] GC(331) Concurrent Mark Cycle
[2024-10-12T07:55:24.325+0800][info] GC(331) Concurrent Clear Claimed Marks
[2024-10-12T07:55:24.325+0800][info] GC(331) Concurrent Clear Claimed Marks 0.037ms
[2024-10-12T07:55:24.325+0800][info] GC(331) Concurrent Scan Root Regions
[2024-10-12T07:55:24.325+0800][info] GC(331) Concurrent Scan Root Regions 0.101ms
[2024-10-12T07:55:24.325+0800][info] GC(331) Concurrent Mark
[2024-10-12T07:55:24.325+0800][info] GC(331) Concurrent Mark From Roots
[2024-10-12T07:55:24.325+0800][info] GC(331) Using 12 workers of 12 for marking
[2024-10-12T07:55:24.329+0800][info] GC(331) Concurrent Mark From Roots 3.874ms
[2024-10-12T07:55:24.329+0800][info] GC(331) Concurrent Preclean
[2024-10-12T07:55:24.331+0800][info] GC(331) Concurrent Preclean 1.690ms
[2024-10-12T07:55:24.331+0800][info] GC(331) Pause Remark
[2024-10-12T07:55:24.332+0800][info] GC(331) Pause Remark 95M->93M(128M) 1.627ms
[2024-10-12T07:55:24.332+0800][info] GC(331) User=0.00s Sys=0.00s Real=0.00s
[2024-10-12T07:55:24.332+0800][info] GC(331) Concurrent Mark 7.507ms
[2024-10-12T07:55:24.332+0800][info] GC(331) Concurrent Rebuild Remembered Sets
[2024-10-12T07:55:24.334+0800][info] GC(331) Concurrent Rebuild Remembered Sets 1.123ms
[2024-10-12T07:55:24.334+0800][info] GC(331) Pause Cleanup
[2024-10-12T07:55:24.334+0800][info] GC(331) Pause Cleanup 93M->93M(128M) 0.291ms
[2024-10-12T07:55:24.334+0800][info] GC(331) User=0.00s Sys=0.00s Real=0.00s
[2024-10-12T07:55:24.334+0800][info] GC(331) Concurrent Cleanup for Next Mark
[2024-10-12T07:55:24.334+0800][info] GC(331) Concurrent Cleanup for Next Mark 0.403ms
[2024-10-12T07:55:24.334+0800][info] GC(331) Concurrent Mark Cycle 9.798ms
[2024-10-12T07:55:24.478+0800][info] GC(332) Pause Young (Prepare Mixed) (G1 Evacuation Pause)
[2024-10-12T07:55:24.478+0800][info] GC(332) Using 3 workers of 48 for evacuation
[2024-10-12T07:55:24.480+0800][info] GC(332)   Pre Evacuate Collection Set: 0.1ms
[2024-10-12T07:55:24.480+0800][info] GC(332)   Merge Heap Roots: 0.1ms
[2024-10-12T07:55:24.480+0800][info] GC(332)   Evacuate Collection Set: 1.2ms
[2024-10-12T07:55:24.480+0800][info] GC(332)   Post Evacuate Collection Set: 0.2ms
[2024-10-12T07:55:24.480+0800][info] GC(332)   Other: 0.2ms
[2024-10-12T07:55:24.480+0800][info] GC(332) Eden regions: 2->0(2)
[2024-10-12T07:55:24.480+0800][info] GC(332) Survivor regions: 1->1(1)
[2024-10-12T07:55:24.480+0800][info] GC(332) Old regions: 48->50
[2024-10-12T07:55:24.480+0800][info] GC(332) Archive regions: 2->2
[2024-10-12T07:55:24.480+0800][info] GC(332) Humongous regions: 3->3
[2024-10-12T07:55:24.480+0800][info] GC(332) Metaspace: 1642K(1792K)->1642K(1792K) NonClass: 1518K(1600K)->1518K(1600K) Class: 124K(192K)->124K(192K)
[2024-10-12T07:55:24.480+0800][info] GC(332) Pause Young (Prepare Mixed) (G1 Evacuation Pause) 96M->97M(128M) 1.902ms
[2024-10-12T07:55:24.480+0800][info] GC(332) User=0.00s Sys=0.00s Real=0.00s
[2024-10-12T07:55:24.582+0800][info] GC(333) Pause Young (Mixed) (G1 Evacuation Pause)
[2024-10-12T07:55:24.582+0800][info] GC(333) Using 3 workers of 48 for evacuation
[2024-10-12T07:55:24.585+0800][info] GC(333)   Pre Evacuate Collection Set: 0.2ms
[2024-10-12T07:55:24.585+0800][info] GC(333)   Merge Heap Roots: 0.1ms
[2024-10-12T07:55:24.585+0800][info] GC(333)   Evacuate Collection Set: 1.7ms
[2024-10-12T07:55:24.585+0800][info] GC(333)   Post Evacuate Collection Set: 0.2ms
[2024-10-12T07:55:24.585+0800][info] GC(333)   Other: 0.2ms
[2024-10-12T07:55:24.585+0800][info] GC(333) Eden regions: 2->0(2)
[2024-10-12T07:55:24.585+0800][info] GC(333) Survivor regions: 1->1(1)
[2024-10-12T07:55:24.585+0800][info] GC(333) Old regions: 50->48
[2024-10-12T07:55:24.585+0800][info] GC(333) Archive regions: 2->2
[2024-10-12T07:55:24.585+0800][info] GC(333) Humongous regions: 3->3
[2024-10-12T07:55:24.585+0800][info] GC(333) Metaspace: 1642K(1792K)->1642K(1792K) NonClass: 1518K(1600K)->1518K(1600K) Class: 124K(192K)->124K(192K)
[2024-10-12T07:55:24.585+0800][info] GC(333) Pause Young (Mixed) (G1 Evacuation Pause) 100M->94M(128M) 2.506ms
[2024-10-12T07:55:24.585+0800][info] GC(333) User=0.01s Sys=0.00s Real=0.00s
[2024-10-12T07:55:24.687+0800][info] GC(334) Pause Young (Mixed) (G1 Evacuation Pause)
[2024-10-12T07:55:24.687+0800][info] GC(334) Using 3 workers of 48 for evacuation
[2024-10-12T07:55:24.690+0800][info] GC(334)   Pre Evacuate Collection Set: 0.2ms
[2024-10-12T07:55:24.690+0800][info] GC(334)   Merge Heap Roots: 0.1ms
[2024-10-12T07:55:24.690+0800][info] GC(334)   Evacuate Collection Set: 2.1ms
[2024-10-12T07:55:24.690+0800][info] GC(334)   Post Evacuate Collection Set: 0.2ms
[2024-10-12T07:55:24.690+0800][info] GC(334)   Other: 0.2ms
[2024-10-12T07:55:24.690+0800][info] GC(334) Eden regions: 2->0(2)
[2024-10-12T07:55:24.690+0800][info] GC(334) Survivor regions: 1->1(1)
[2024-10-12T07:55:24.690+0800][info] GC(334) Old regions: 48->47
[2024-10-12T07:55:24.690+0800][info] GC(334) Archive regions: 2->2
[2024-10-12T07:55:24.690+0800][info] GC(334) Humongous regions: 3->3
[2024-10-12T07:55:24.690+0800][info] GC(334) Metaspace: 1642K(1792K)->1642K(1792K) NonClass: 1518K(1600K)->1518K(1600K) Class: 124K(192K)->124K(192K)
[2024-10-12T07:55:24.690+0800][info] GC(334) Pause Young (Mixed) (G1 Evacuation Pause) 98M->95M(128M) 2.872ms
[2024-10-12T07:55:24.690+0800][info] GC(334) User=0.01s Sys=0.00s Real=0.00s
[2024-10-12T07:55:24.792+0800][info] GC(335) Pause Young (Normal) (G1 Evacuation Pause)
[2024-10-12T07:55:24.792+0800][info] GC(335) Using 3 workers of 48 for evacuation
[2024-10-12T07:55:24.794+0800][info] GC(335)   Pre Evacuate Collection Set: 0.1ms
[2024-10-12T07:55:24.794+0800][info] GC(335)   Merge Heap Roots: 0.1ms
[2024-10-12T07:55:24.794+0800][info] GC(335)   Evacuate Collection Set: 1.1ms
[2024-10-12T07:55:24.794+0800][info] GC(335)   Post Evacuate Collection Set: 0.2ms
[2024-10-12T07:55:24.794+0800][info] GC(335)   Other: 0.2ms
[2024-10-12T07:55:24.794+0800][info] GC(335) Eden regions: 2->0(2)
[2024-10-12T07:55:24.794+0800][info] GC(335) Survivor regions: 1->1(1)
[2024-10-12T07:55:24.794+0800][info] GC(335) Old regions: 47->49
[2024-10-12T07:55:24.794+0800][info] GC(335) Archive regions: 2->2
[2024-10-12T07:55:24.794+0800][info] GC(335) Humongous regions: 3->3
[2024-10-12T07:55:24.794+0800][info] GC(335) Metaspace: 1642K(1792K)->1642K(1792K) NonClass: 1518K(1600K)->1518K(1600K) Class: 124K(192K)->124K(192K)
[2024-10-12T07:55:24.794+0800][info] GC(335) Pause Young (Normal) (G1 Evacuation Pause) 98M->99M(128M) 1.872ms
[2024-10-12T07:55:24.794+0800][info] GC(335) User=0.00s Sys=0.00s Real=0.01s
[2024-10-12T07:55:24.897+0800][info] GC(336) Pause Young (Concurrent Start) (G1 Evacuation Pause)
[2024-10-12T07:55:24.897+0800][info] GC(336) Using 3 workers of 48 for evacuation
[2024-10-12T07:55:24.899+0800][info] GC(336)   Pre Evacuate Collection Set: 0.1ms
[2024-10-12T07:55:24.899+0800][info] GC(336)   Merge Heap Roots: 0.1ms
[2024-10-12T07:55:24.899+0800][info] GC(336)   Evacuate Collection Set: 1.1ms
[2024-10-12T07:55:24.899+0800][info] GC(336)   Post Evacuate Collection Set: 0.2ms
[2024-10-12T07:55:24.899+0800][info] GC(336)   Other: 0.4ms
[2024-10-12T07:55:24.899+0800][info] GC(336) Eden regions: 2->0(2)
[2024-10-12T07:55:24.899+0800][info] GC(336) Survivor regions: 1->1(1)
[2024-10-12T07:55:24.899+0800][info] GC(336) Old regions: 49->51
[2024-10-12T07:55:24.899+0800][info] GC(336) Archive regions: 2->2
[2024-10-12T07:55:24.899+0800][info] GC(336) Humongous regions: 3->3
[2024-10-12T07:55:24.899+0800][info] GC(336) Metaspace: 1642K(1792K)->1642K(1792K) NonClass: 1518K(1600K)->1518K(1600K) Class: 124K(192K)->124K(192K)
[2024-10-12T07:55:24.899+0800][info] GC(336) Pause Young (Concurrent Start) (G1 Evacuation Pause) 102M->102M(128M) 2.016ms
[2024-10-12T07:55:24.899+0800][info] GC(336) User=0.01s Sys=0.00s Real=0.00s
[2024-10-12T07:55:24.899+0800][info] GC(337) Concurrent Mark Cycle
[2024-10-12T07:55:24.899+0800][info] GC(337) Concurrent Clear Claimed Marks
[2024-10-12T07:55:24.899+0800][info] GC(337) Concurrent Clear Claimed Marks 0.016ms
[2024-10-12T07:55:24.899+0800][info] GC(337) Concurrent Scan Root Regions
[2024-10-12T07:55:24.899+0800][info] GC(337) Concurrent Scan Root Regions 0.152ms
[2024-10-12T07:55:24.899+0800][info] GC(337) Concurrent Mark
[2024-10-12T07:55:24.899+0800][info] GC(337) Concurrent Mark From Roots
[2024-10-12T07:55:24.899+0800][info] GC(337) Using 12 workers of 12 for marking
[2024-10-12T07:55:24.903+0800][info] GC(337) Concurrent Mark From Roots 3.920ms
[2024-10-12T07:55:24.903+0800][info] GC(337) Concurrent Preclean
[2024-10-12T07:55:24.905+0800][info] GC(337) Concurrent Preclean 1.681ms
[2024-10-12T07:55:24.905+0800][info] GC(337) Pause Remark
[2024-10-12T07:55:24.906+0800][info] GC(337) Pause Remark 103M->103M(128M) 1.547ms
[2024-10-12T07:55:24.906+0800][info] GC(337) User=0.00s Sys=0.00s Real=0.01s
[2024-10-12T07:55:24.907+0800][info] GC(337) Concurrent Mark 7.418ms
[2024-10-12T07:55:24.907+0800][info] GC(337) Concurrent Rebuild Remembered Sets
[2024-10-12T07:55:24.908+0800][info] GC(337) Concurrent Rebuild Remembered Sets 1.183ms
[2024-10-12T07:55:24.908+0800][info] GC(337) Pause Cleanup
[2024-10-12T07:55:24.908+0800][info] GC(337) Pause Cleanup 103M->103M(128M) 0.280ms
[2024-10-12T07:55:24.908+0800][info] GC(337) User=0.00s Sys=0.00s Real=0.00s
[2024-10-12T07:55:24.908+0800][info] GC(337) Concurrent Cleanup for Next Mark
[2024-10-12T07:55:24.909+0800][info] GC(337) Concurrent Cleanup for Next Mark 0.420ms
[2024-10-12T07:55:24.909+0800][info] GC(337) Concurrent Mark Cycle 9.750ms
[2024-10-12T07:55:25.052+0800][info] GC(338) Pause Young (Prepare Mixed) (G1 Evacuation Pause)
[2024-10-12T07:55:25.052+0800][info] GC(338) Using 3 workers of 48 for evacuation
[2024-10-12T07:55:25.054+0800][info] GC(338)   Pre Evacuate Collection Set: 0.1ms
[2024-10-12T07:55:25.054+0800][info] GC(338)   Merge Heap Roots: 0.1ms
[2024-10-12T07:55:25.054+0800][info] GC(338)   Evacuate Collection Set: 1.1ms
[2024-10-12T07:55:25.054+0800][info] GC(338)   Post Evacuate Collection Set: 0.2ms
[2024-10-12T07:55:25.054+0800][info] GC(338)   Other: 0.2ms
[2024-10-12T07:55:25.054+0800][info] GC(338) Eden regions: 2->0(2)
[2024-10-12T07:55:25.054+0800][info] GC(338) Survivor regions: 1->1(1)
[2024-10-12T07:55:25.054+0800][info] GC(338) Old regions: 51->53
[2024-10-12T07:55:25.054+0800][info] GC(338) Archive regions: 2->2
[2024-10-12T07:55:25.054+0800][info] GC(338) Humongous regions: 3->3
[2024-10-12T07:55:25.054+0800][info] GC(338) Metaspace: 1642K(1792K)->1642K(1792K) NonClass: 1518K(1600K)->1518K(1600K) Class: 124K(192K)->124K(192K)
[2024-10-12T07:55:25.054+0800][info] GC(338) Pause Young (Prepare Mixed) (G1 Evacuation Pause) 106M->106M(128M) 1.910ms
[2024-10-12T07:55:25.054+0800][info] GC(338) User=0.00s Sys=0.00s Real=0.01s
[2024-10-12T07:55:25.115+0800][info] GC(339) Pause Young (Mixed) (G1 Preventive Collection)
[2024-10-12T07:55:25.115+0800][info] GC(339) Using 3 workers of 48 for evacuation
[2024-10-12T07:55:25.117+0800][info] GC(339)   Pre Evacuate Collection Set: 0.2ms
[2024-10-12T07:55:25.117+0800][info] GC(339)   Merge Heap Roots: 0.1ms
[2024-10-12T07:55:25.117+0800][info] GC(339)   Evacuate Collection Set: 1.3ms
[2024-10-12T07:55:25.117+0800][info] GC(339)   Post Evacuate Collection Set: 0.3ms
[2024-10-12T07:55:25.117+0800][info] GC(339)   Other: 0.2ms
[2024-10-12T07:55:25.117+0800][info] GC(339) Eden regions: 1->0(2)
[2024-10-12T07:55:25.117+0800][info] GC(339) Survivor regions: 1->1(1)
[2024-10-12T07:55:25.117+0800][info] GC(339) Old regions: 53->49
[2024-10-12T07:55:25.117+0800][info] GC(339) Archive regions: 2->2
[2024-10-12T07:55:25.117+0800][info] GC(339) Humongous regions: 3->3
[2024-10-12T07:55:25.117+0800][info] GC(339) Metaspace: 1642K(1792K)->1642K(1792K) NonClass: 1518K(1600K)->1518K(1600K) Class: 124K(192K)->124K(192K)
[2024-10-12T07:55:25.117+0800][info] GC(339) Pause Young (Mixed) (G1 Preventive Collection) 108M->100M(128M) 2.208ms
[2024-10-12T07:55:25.117+0800][info] GC(339) User=0.01s Sys=0.00s Real=0.00s
[2024-10-12T07:55:25.220+0800][info] GC(340) Pause Young (Mixed) (G1 Evacuation Pause)
[2024-10-12T07:55:25.220+0800][info] GC(340) Using 3 workers of 48 for evacuation
[2024-10-12T07:55:25.223+0800][info] GC(340)   Pre Evacuate Collection Set: 0.2ms
[2024-10-12T07:55:25.223+0800][info] GC(340)   Merge Heap Roots: 0.1ms
[2024-10-12T07:55:25.223+0800][info] GC(340)   Evacuate Collection Set: 2.1ms
[2024-10-12T07:55:25.223+0800][info] GC(340)   Post Evacuate Collection Set: 0.2ms
[2024-10-12T07:55:25.223+0800][info] GC(340)   Other: 0.2ms
[2024-10-12T07:55:25.223+0800][info] GC(340) Eden regions: 2->0(2)
[2024-10-12T07:55:25.223+0800][info] GC(340) Survivor regions: 1->1(1)
[2024-10-12T07:55:25.223+0800][info] GC(340) Old regions: 49->48
[2024-10-12T07:55:25.223+0800][info] GC(340) Archive regions: 2->2
[2024-10-12T07:55:25.223+0800][info] GC(340) Humongous regions: 3->3
[2024-10-12T07:55:25.223+0800][info] GC(340) Metaspace: 1642K(1792K)->1642K(1792K) NonClass: 1518K(1600K)->1518K(1600K) Class: 124K(192K)->124K(192K)
[2024-10-12T07:55:25.223+0800][info] GC(340) Pause Young (Mixed) (G1 Evacuation Pause) 104M->99M(128M) 2.886ms
[2024-10-12T07:55:25.223+0800][info] GC(340) User=0.00s Sys=0.00s Real=0.00s
[2024-10-12T07:55:25.325+0800][info] GC(341) Pause Young (Mixed) (G1 Evacuation Pause)
[2024-10-12T07:55:25.325+0800][info] GC(341) Using 3 workers of 48 for evacuation
[2024-10-12T07:55:25.327+0800][info] GC(341)   Pre Evacuate Collection Set: 0.2ms
[2024-10-12T07:55:25.328+0800][info] GC(341)   Merge Heap Roots: 0.1ms
[2024-10-12T07:55:25.328+0800][info] GC(341)   Evacuate Collection Set: 1.8ms
[2024-10-12T07:55:25.328+0800][info] GC(341)   Post Evacuate Collection Set: 0.2ms
[2024-10-12T07:55:25.328+0800][info] GC(341)   Other: 0.2ms
[2024-10-12T07:55:25.328+0800][info] GC(341) Eden regions: 2->0(2)
[2024-10-12T07:55:25.328+0800][info] GC(341) Survivor regions: 1->1(1)
[2024-10-12T07:55:25.328+0800][info] GC(341) Old regions: 48->48
[2024-10-12T07:55:25.328+0800][info] GC(341) Archive regions: 2->2
[2024-10-12T07:55:25.328+0800][info] GC(341) Humongous regions: 3->3
[2024-10-12T07:55:25.328+0800][info] GC(341) Metaspace: 1642K(1792K)->1642K(1792K) NonClass: 1518K(1600K)->1518K(1600K) Class: 124K(192K)->124K(192K)
[2024-10-12T07:55:25.328+0800][info] GC(341) Pause Young (Mixed) (G1 Evacuation Pause) 102M->100M(128M) 2.626ms
[2024-10-12T07:55:25.328+0800][info] GC(341) User=0.00s Sys=0.00s Real=0.01s
[2024-10-12T07:55:25.430+0800][info] GC(342) Pause Young (Normal) (G1 Evacuation Pause)
[2024-10-12T07:55:25.430+0800][info] GC(342) Using 3 workers of 48 for evacuation
[2024-10-12T07:55:25.432+0800][info] GC(342)   Pre Evacuate Collection Set: 0.1ms
[2024-10-12T07:55:25.432+0800][info] GC(342)   Merge Heap Roots: 0.1ms
[2024-10-12T07:55:25.432+0800][info] GC(342)   Evacuate Collection Set: 1.0ms
[2024-10-12T07:55:25.432+0800][info] GC(342)   Post Evacuate Collection Set: 0.2ms
[2024-10-12T07:55:25.432+0800][info] GC(342)   Other: 0.2ms
[2024-10-12T07:55:25.432+0800][info] GC(342) Eden regions: 2->0(2)
[2024-10-12T07:55:25.432+0800][info] GC(342) Survivor regions: 1->1(1)
[2024-10-12T07:55:25.432+0800][info] GC(342) Old regions: 48->50
[2024-10-12T07:55:25.432+0800][info] GC(342) Archive regions: 2->2
[2024-10-12T07:55:25.432+0800][info] GC(342) Humongous regions: 3->3
[2024-10-12T07:55:25.432+0800][info] GC(342) Metaspace: 1642K(1792K)->1642K(1792K) NonClass: 1518K(1600K)->1518K(1600K) Class: 124K(192K)->124K(192K)
[2024-10-12T07:55:25.432+0800][info] GC(342) Pause Young (Normal) (G1 Evacuation Pause) 104M->104M(128M) 1.699ms
[2024-10-12T07:55:25.432+0800][info] GC(342) User=0.01s Sys=0.00s Real=0.00s
[2024-10-12T07:55:25.534+0800][info] GC(343) Pause Young (Concurrent Start) (G1 Evacuation Pause)
[2024-10-12T07:55:25.534+0800][info] GC(343) Using 3 workers of 48 for evacuation
[2024-10-12T07:55:25.536+0800][info] GC(343)   Pre Evacuate Collection Set: 0.1ms
[2024-10-12T07:55:25.536+0800][info] GC(343)   Merge Heap Roots: 0.1ms
[2024-10-12T07:55:25.536+0800][info] GC(343)   Evacuate Collection Set: 1.0ms
[2024-10-12T07:55:25.536+0800][info] GC(343)   Post Evacuate Collection Set: 0.2ms
[2024-10-12T07:55:25.536+0800][info] GC(343)   Other: 0.4ms
[2024-10-12T07:55:25.536+0800][info] GC(343) Eden regions: 2->0(2)
[2024-10-12T07:55:25.536+0800][info] GC(343) Survivor regions: 1->1(1)
[2024-10-12T07:55:25.536+0800][info] GC(343) Old regions: 50->52
[2024-10-12T07:55:25.536+0800][info] GC(343) Archive regions: 2->2
[2024-10-12T07:55:25.536+0800][info] GC(343) Humongous regions: 3->3
[2024-10-12T07:55:25.536+0800][info] GC(343) Metaspace: 1642K(1792K)->1642K(1792K) NonClass: 1518K(1600K)->1518K(1600K) Class: 124K(192K)->124K(192K)
[2024-10-12T07:55:25.536+0800][info] GC(343) Pause Young (Concurrent Start) (G1 Evacuation Pause) 107M->108M(128M) 1.910ms
[2024-10-12T07:55:25.536+0800][info] GC(343) User=0.00s Sys=0.00s Real=0.00s
[2024-10-12T07:55:25.536+0800][info] GC(344) Concurrent Mark Cycle
[2024-10-12T07:55:25.536+0800][info] GC(344) Concurrent Clear Claimed Marks
[2024-10-12T07:55:25.536+0800][info] GC(344) Concurrent Clear Claimed Marks 0.017ms
[2024-10-12T07:55:25.536+0800][info] GC(344) Concurrent Scan Root Regions
[2024-10-12T07:55:25.536+0800][info] GC(344) Concurrent Scan Root Regions 0.136ms
[2024-10-12T07:55:25.536+0800][info] GC(344) Concurrent Mark
[2024-10-12T07:55:25.536+0800][info] GC(344) Concurrent Mark From Roots
[2024-10-12T07:55:25.536+0800][info] GC(344) Using 12 workers of 12 for marking
[2024-10-12T07:55:25.540+0800][info] GC(344) Concurrent Mark From Roots 3.986ms
[2024-10-12T07:55:25.540+0800][info] GC(344) Concurrent Preclean
[2024-10-12T07:55:25.542+0800][info] GC(344) Concurrent Preclean 1.691ms
[2024-10-12T07:55:25.542+0800][info] GC(344) Pause Remark
[2024-10-12T07:55:25.543+0800][info] GC(344) Pause Remark 108M->106M(128M) 1.530ms
[2024-10-12T07:55:25.544+0800][info] GC(344) User=0.00s Sys=0.00s Real=0.00s
[2024-10-12T07:55:25.544+0800][info] GC(344) Concurrent Mark 7.454ms
[2024-10-12T07:55:25.544+0800][info] GC(344) Concurrent Rebuild Remembered Sets
[2024-10-12T07:55:25.545+0800][info] GC(344) Concurrent Rebuild Remembered Sets 1.285ms
[2024-10-12T07:55:25.545+0800][info] GC(344) Pause Cleanup
[2024-10-12T07:55:25.545+0800][info] GC(344) Pause Cleanup 106M->106M(128M) 0.223ms
[2024-10-12T07:55:25.545+0800][info] GC(344) User=0.00s Sys=0.00s Real=0.01s
[2024-10-12T07:55:25.545+0800][info] GC(344) Concurrent Cleanup for Next Mark
[2024-10-12T07:55:25.546+0800][info] GC(344) Concurrent Cleanup for Next Mark 0.469ms
[2024-10-12T07:55:25.546+0800][info] GC(344) Concurrent Mark Cycle 9.942ms
[2024-10-12T07:55:25.690+0800][info] GC(345) Pause Young (Prepare Mixed) (G1 Evacuation Pause)
[2024-10-12T07:55:25.690+0800][info] GC(345) Using 3 workers of 48 for evacuation
[2024-10-12T07:55:25.691+0800][info] GC(345)   Pre Evacuate Collection Set: 0.1ms
[2024-10-12T07:55:25.691+0800][info] GC(345)   Merge Heap Roots: 0.1ms
[2024-10-12T07:55:25.691+0800][info] GC(345)   Evacuate Collection Set: 1.0ms
[2024-10-12T07:55:25.691+0800][info] GC(345)   Post Evacuate Collection Set: 0.2ms
[2024-10-12T07:55:25.691+0800][info] GC(345)   Other: 0.2ms
[2024-10-12T07:55:25.691+0800][info] GC(345) Eden regions: 2->0(2)
[2024-10-12T07:55:25.691+0800][info] GC(345) Survivor regions: 1->1(1)
[2024-10-12T07:55:25.691+0800][info] GC(345) Old regions: 51->53
[2024-10-12T07:55:25.691+0800][info] GC(345) Archive regions: 2->2
[2024-10-12T07:55:25.691+0800][info] GC(345) Humongous regions: 3->3
[2024-10-12T07:55:25.691+0800][info] GC(345) Metaspace: 1651K(1856K)->1651K(1856K) NonClass: 1527K(1664K)->1527K(1664K) Class: 124K(192K)->124K(192K)
[2024-10-12T07:55:25.691+0800][info] GC(345) Pause Young (Prepare Mixed) (G1 Evacuation Pause) 109M->110M(128M) 1.767ms
[2024-10-12T07:55:25.691+0800][info] GC(345) User=0.00s Sys=0.00s Real=0.00s
[2024-10-12T07:55:25.753+0800][info] GC(346) Pause Young (Mixed) (G1 Preventive Collection)
[2024-10-12T07:55:25.753+0800][info] GC(346) Using 3 workers of 48 for evacuation
[2024-10-12T07:55:25.755+0800][info] GC(346)   Pre Evacuate Collection Set: 0.2ms
[2024-10-12T07:55:25.755+0800][info] GC(346)   Merge Heap Roots: 0.1ms
[2024-10-12T07:55:25.755+0800][info] GC(346)   Evacuate Collection Set: 1.3ms
[2024-10-12T07:55:25.755+0800][info] GC(346)   Post Evacuate Collection Set: 0.2ms
[2024-10-12T07:55:25.755+0800][info] GC(346)   Other: 0.2ms
[2024-10-12T07:55:25.755+0800][info] GC(346) Eden regions: 1->0(2)
[2024-10-12T07:55:25.755+0800][info] GC(346) Survivor regions: 1->1(1)
[2024-10-12T07:55:25.755+0800][info] GC(346) Old regions: 53->49
[2024-10-12T07:55:25.755+0800][info] GC(346) Archive regions: 2->2
[2024-10-12T07:55:25.755+0800][info] GC(346) Humongous regions: 3->3
[2024-10-12T07:55:25.755+0800][info] GC(346) Metaspace: 1651K(1856K)->1651K(1856K) NonClass: 1527K(1664K)->1527K(1664K) Class: 124K(192K)->124K(192K)
[2024-10-12T07:55:25.755+0800][info] GC(346) Pause Young (Mixed) (G1 Preventive Collection) 112M->104M(128M) 2.188ms
[2024-10-12T07:55:25.755+0800][info] GC(346) User=0.01s Sys=0.00s Real=0.01s
[2024-10-12T07:55:25.858+0800][info] GC(347) Pause Young (Mixed) (G1 Evacuation Pause)
[2024-10-12T07:55:25.858+0800][info] GC(347) Using 3 workers of 48 for evacuation
[2024-10-12T07:55:25.860+0800][info] GC(347)   Pre Evacuate Collection Set: 0.2ms
[2024-10-12T07:55:25.860+0800][info] GC(347)   Merge Heap Roots: 0.1ms
[2024-10-12T07:55:25.860+0800][info] GC(347)   Evacuate Collection Set: 2.0ms
[2024-10-12T07:55:25.860+0800][info] GC(347)   Post Evacuate Collection Set: 0.3ms
[2024-10-12T07:55:25.860+0800][info] GC(347)   Other: 0.2ms
[2024-10-12T07:55:25.860+0800][info] GC(347) Eden regions: 2->0(2)
[2024-10-12T07:55:25.860+0800][info] GC(347) Survivor regions: 1->1(1)
[2024-10-12T07:55:25.860+0800][info] GC(347) Old regions: 49->48
[2024-10-12T07:55:25.860+0800][info] GC(347) Archive regions: 2->2
[2024-10-12T07:55:25.860+0800][info] GC(347) Humongous regions: 3->3
[2024-10-12T07:55:25.860+0800][info] GC(347) Metaspace: 1651K(1856K)->1651K(1856K) NonClass: 1527K(1664K)->1527K(1664K) Class: 124K(192K)->124K(192K)
[2024-10-12T07:55:25.860+0800][info] GC(347) Pause Young (Mixed) (G1 Evacuation Pause) 108M->103M(128M) 2.817ms
[2024-10-12T07:55:25.860+0800][info] GC(347) User=0.01s Sys=0.00s Real=0.00s
[2024-10-12T07:55:25.963+0800][info] GC(348) Pause Young (Mixed) (G1 Evacuation Pause)
[2024-10-12T07:55:25.963+0800][info] GC(348) Using 3 workers of 48 for evacuation
[2024-10-12T07:55:25.964+0800][info] GC(348)   Pre Evacuate Collection Set: 0.2ms
[2024-10-12T07:55:25.964+0800][info] GC(348)   Merge Heap Roots: 0.1ms
[2024-10-12T07:55:25.964+0800][info] GC(348)   Evacuate Collection Set: 1.3ms
[2024-10-12T07:55:25.964+0800][info] GC(348)   Post Evacuate Collection Set: 0.2ms
[2024-10-12T07:55:25.964+0800][info] GC(348)   Other: 0.2ms
[2024-10-12T07:55:25.965+0800][info] GC(348) Eden regions: 2->0(2)
[2024-10-12T07:55:25.965+0800][info] GC(348) Survivor regions: 1->1(1)
[2024-10-12T07:55:25.965+0800][info] GC(348) Old regions: 48->48
[2024-10-12T07:55:25.965+0800][info] GC(348) Archive regions: 2->2
[2024-10-12T07:55:25.965+0800][info] GC(348) Humongous regions: 3->3
[2024-10-12T07:55:25.965+0800][info] GC(348) Metaspace: 1651K(1856K)->1651K(1856K) NonClass: 1527K(1664K)->1527K(1664K) Class: 124K(192K)->124K(192K)
[2024-10-12T07:55:25.965+0800][info] GC(348) Pause Young (Mixed) (G1 Evacuation Pause) 106M->104M(128M) 2.058ms
[2024-10-12T07:55:25.965+0800][info] GC(348) User=0.00s Sys=0.00s Real=0.00s
[2024-10-12T07:55:26.067+0800][info] GC(349) Pause Young (Normal) (G1 Evacuation Pause)
[2024-10-12T07:55:26.067+0800][info] GC(349) Using 3 workers of 48 for evacuation
[2024-10-12T07:55:26.069+0800][info] GC(349)   Pre Evacuate Collection Set: 0.1ms
[2024-10-12T07:55:26.069+0800][info] GC(349)   Merge Heap Roots: 0.1ms
[2024-10-12T07:55:26.069+0800][info] GC(349)   Evacuate Collection Set: 1.0ms
[2024-10-12T07:55:26.069+0800][info] GC(349)   Post Evacuate Collection Set: 0.2ms
[2024-10-12T07:55:26.069+0800][info] GC(349)   Other: 0.2ms
[2024-10-12T07:55:26.069+0800][info] GC(349) Eden regions: 2->0(2)
[2024-10-12T07:55:26.069+0800][info] GC(349) Survivor regions: 1->1(1)
[2024-10-12T07:55:26.069+0800][info] GC(349) Old regions: 48->50
[2024-10-12T07:55:26.069+0800][info] GC(349) Archive regions: 2->2
[2024-10-12T07:55:26.069+0800][info] GC(349) Humongous regions: 3->3
[2024-10-12T07:55:26.069+0800][info] GC(349) Metaspace: 1651K(1856K)->1651K(1856K) NonClass: 1527K(1664K)->1527K(1664K) Class: 124K(192K)->124K(192K)
[2024-10-12T07:55:26.069+0800][info] GC(349) Pause Young (Normal) (G1 Evacuation Pause) 108M->107M(128M) 1.785ms
[2024-10-12T07:55:26.069+0800][info] GC(349) User=0.00s Sys=0.00s Real=0.00s
[2024-10-12T07:55:26.171+0800][info] GC(350) Pause Young (Concurrent Start) (G1 Evacuation Pause)
[2024-10-12T07:55:26.171+0800][info] GC(350) Using 3 workers of 48 for evacuation
[2024-10-12T07:55:26.173+0800][info] GC(350)   Pre Evacuate Collection Set: 0.1ms
[2024-10-12T07:55:26.173+0800][info] GC(350)   Merge Heap Roots: 0.1ms
[2024-10-12T07:55:26.173+0800][info] GC(350)   Evacuate Collection Set: 0.9ms
[2024-10-12T07:55:26.173+0800][info] GC(350)   Post Evacuate Collection Set: 0.2ms
[2024-10-12T07:55:26.173+0800][info] GC(350)   Other: 0.4ms
[2024-10-12T07:55:26.173+0800][info] GC(350) Eden regions: 2->0(2)
[2024-10-12T07:55:26.173+0800][info] GC(350) Survivor regions: 1->1(1)
[2024-10-12T07:55:26.173+0800][info] GC(350) Old regions: 50->52
[2024-10-12T07:55:26.173+0800][info] GC(350) Archive regions: 2->2
[2024-10-12T07:55:26.173+0800][info] GC(350) Humongous regions: 3->3
[2024-10-12T07:55:26.173+0800][info] GC(350) Metaspace: 1651K(1856K)->1651K(1856K) NonClass: 1527K(1664K)->1527K(1664K) Class: 124K(192K)->124K(192K)
[2024-10-12T07:55:26.173+0800][info] GC(350) Pause Young (Concurrent Start) (G1 Evacuation Pause) 111M->111M(128M) 1.854ms
[2024-10-12T07:55:26.173+0800][info] GC(350) User=0.00s Sys=0.00s Real=0.00s
[2024-10-12T07:55:26.173+0800][info] GC(351) Concurrent Mark Cycle
[2024-10-12T07:55:26.173+0800][info] GC(351) Concurrent Clear Claimed Marks
[2024-10-12T07:55:26.173+0800][info] GC(351) Concurrent Clear Claimed Marks 0.016ms
[2024-10-12T07:55:26.173+0800][info] GC(351) Concurrent Scan Root Regions
[2024-10-12T07:55:26.173+0800][info] GC(351) Concurrent Scan Root Regions 0.163ms
[2024-10-12T07:55:26.173+0800][info] GC(351) Concurrent Mark
[2024-10-12T07:55:26.173+0800][info] GC(351) Concurrent Mark From Roots
[2024-10-12T07:55:26.173+0800][info] GC(351) Using 12 workers of 12 for marking
[2024-10-12T07:55:26.178+0800][info] GC(351) Concurrent Mark From Roots 4.189ms
[2024-10-12T07:55:26.178+0800][info] GC(351) Concurrent Preclean
[2024-10-12T07:55:26.179+0800][info] GC(351) Concurrent Preclean 1.687ms
[2024-10-12T07:55:26.179+0800][info] GC(351) Pause Remark
[2024-10-12T07:55:26.181+0800][info] GC(351) Pause Remark 111M->111M(128M) 1.593ms
[2024-10-12T07:55:26.181+0800][info] GC(351) User=0.01s Sys=0.00s Real=0.00s
[2024-10-12T07:55:26.181+0800][info] GC(351) Concurrent Mark 7.729ms
[2024-10-12T07:55:26.181+0800][info] GC(351) Concurrent Rebuild Remembered Sets
[2024-10-12T07:55:26.182+0800][info] GC(351) Concurrent Rebuild Remembered Sets 1.308ms
[2024-10-12T07:55:26.183+0800][info] GC(351) Pause Cleanup
[2024-10-12T07:55:26.183+0800][info] GC(351) Pause Cleanup 111M->111M(128M) 0.280ms
[2024-10-12T07:55:26.183+0800][info] GC(351) User=0.00s Sys=0.00s Real=0.00s
[2024-10-12T07:55:26.183+0800][info] GC(351) Concurrent Cleanup for Next Mark
[2024-10-12T07:55:26.183+0800][info] GC(351) Concurrent Cleanup for Next Mark 0.404ms
[2024-10-12T07:55:26.183+0800][info] GC(351) Concurrent Mark Cycle 10.177ms
[2024-10-12T07:55:26.327+0800][info] GC(352) Pause Young (Prepare Mixed) (G1 Preventive Collection)
[2024-10-12T07:55:26.327+0800][info] GC(352) Using 3 workers of 48 for evacuation
[2024-10-12T07:55:26.328+0800][info] GC(352)   Pre Evacuate Collection Set: 0.1ms
[2024-10-12T07:55:26.328+0800][info] GC(352)   Merge Heap Roots: 0.1ms
[2024-10-12T07:55:26.328+0800][info] GC(352)   Evacuate Collection Set: 1.2ms
[2024-10-12T07:55:26.328+0800][info] GC(352)   Post Evacuate Collection Set: 0.2ms
[2024-10-12T07:55:26.328+0800][info] GC(352)   Other: 0.3ms
[2024-10-12T07:55:26.329+0800][info] GC(352) Eden regions: 2->0(2)
[2024-10-12T07:55:26.329+0800][info] GC(352) Survivor regions: 1->1(1)
[2024-10-12T07:55:26.329+0800][info] GC(352) Old regions: 52->54
[2024-10-12T07:55:26.329+0800][info] GC(352) Archive regions: 2->2
[2024-10-12T07:55:26.329+0800][info] GC(352) Humongous regions: 3->3
[2024-10-12T07:55:26.329+0800][info] GC(352) Metaspace: 1652K(1856K)->1652K(1856K) NonClass: 1527K(1664K)->1527K(1664K) Class: 124K(192K)->124K(192K)
[2024-10-12T07:55:26.329+0800][info] GC(352) Pause Young (Prepare Mixed) (G1 Preventive Collection) 114M->115M(128M) 1.980ms
[2024-10-12T07:55:26.329+0800][info] GC(352) User=0.00s Sys=0.00s Real=0.00s
[2024-10-12T07:55:26.390+0800][info] GC(353) Pause Young (Mixed) (G1 Preventive Collection)
[2024-10-12T07:55:26.390+0800][info] GC(353) Using 3 workers of 48 for evacuation
[2024-10-12T07:55:26.392+0800][info] GC(353) To-space exhausted
[2024-10-12T07:55:26.392+0800][info] GC(353)   Pre Evacuate Collection Set: 0.2ms
[2024-10-12T07:55:26.392+0800][info] GC(353)   Merge Heap Roots: 0.1ms
[2024-10-12T07:55:26.392+0800][info] GC(353)   Evacuate Collection Set: 1.2ms
[2024-10-12T07:55:26.392+0800][info] GC(353)   Post Evacuate Collection Set: 0.3ms
[2024-10-12T07:55:26.392+0800][info] GC(353)   Other: 0.2ms
[2024-10-12T07:55:26.392+0800][info] GC(353) Eden regions: 1->0(2)
[2024-10-12T07:55:26.392+0800][info] GC(353) Survivor regions: 1->1(1)
[2024-10-12T07:55:26.392+0800][info] GC(353) Old regions: 54->53
[2024-10-12T07:55:26.392+0800][info] GC(353) Archive regions: 2->2
[2024-10-12T07:55:26.392+0800][info] GC(353) Humongous regions: 3->3
[2024-10-12T07:55:26.392+0800][info] GC(353) Metaspace: 1652K(1856K)->1652K(1856K) NonClass: 1527K(1664K)->1527K(1664K) Class: 124K(192K)->124K(192K)
[2024-10-12T07:55:26.392+0800][info] GC(353) Pause Young (Mixed) (G1 Preventive Collection) 116M->114M(128M) 2.067ms
[2024-10-12T07:55:26.392+0800][info] GC(353) User=0.00s Sys=0.00s Real=0.00s
[2024-10-12T07:55:26.433+0800][info] GC(354) Pause Young (Mixed) (G1 Preventive Collection)
[2024-10-12T07:55:26.433+0800][info] GC(354) Using 3 workers of 48 for evacuation
[2024-10-12T07:55:26.435+0800][info] GC(354) To-space exhausted
[2024-10-12T07:55:26.435+0800][info] GC(354)   Pre Evacuate Collection Set: 0.2ms
[2024-10-12T07:55:26.435+0800][info] GC(354)   Merge Heap Roots: 0.1ms
[2024-10-12T07:55:26.435+0800][info] GC(354)   Evacuate Collection Set: 1.4ms
[2024-10-12T07:55:26.435+0800][info] GC(354)   Post Evacuate Collection Set: 0.3ms
[2024-10-12T07:55:26.435+0800][info] GC(354)   Other: 0.2ms
[2024-10-12T07:55:26.435+0800][info] GC(354) Eden regions: 1->0(2)
[2024-10-12T07:55:26.435+0800][info] GC(354) Survivor regions: 1->1(1)
[2024-10-12T07:55:26.435+0800][info] GC(354) Old regions: 53->53
[2024-10-12T07:55:26.435+0800][info] GC(354) Archive regions: 2->2
[2024-10-12T07:55:26.435+0800][info] GC(354) Humongous regions: 3->3
[2024-10-12T07:55:26.435+0800][info] GC(354) Metaspace: 1652K(1856K)->1652K(1856K) NonClass: 1527K(1664K)->1527K(1664K) Class: 124K(192K)->124K(192K)
[2024-10-12T07:55:26.435+0800][info] GC(354) Pause Young (Mixed) (G1 Preventive Collection) 116M->114M(128M) 2.226ms
[2024-10-12T07:55:26.435+0800][info] GC(354) User=0.00s Sys=0.01s Real=0.00s
[2024-10-12T07:55:26.497+0800][info] GC(355) Pause Young (Mixed) (G1 Preventive Collection)
[2024-10-12T07:55:26.497+0800][info] GC(355) Using 3 workers of 48 for evacuation
[2024-10-12T07:55:26.499+0800][info] GC(355) To-space exhausted
[2024-10-12T07:55:26.499+0800][info] GC(355)   Pre Evacuate Collection Set: 0.2ms
[2024-10-12T07:55:26.499+0800][info] GC(355)   Merge Heap Roots: 0.1ms
[2024-10-12T07:55:26.499+0800][info] GC(355)   Evacuate Collection Set: 1.5ms
[2024-10-12T07:55:26.499+0800][info] GC(355)   Post Evacuate Collection Set: 0.2ms
[2024-10-12T07:55:26.499+0800][info] GC(355)   Other: 0.2ms
[2024-10-12T07:55:26.499+0800][info] GC(355) Eden regions: 1->0(2)
[2024-10-12T07:55:26.499+0800][info] GC(355) Survivor regions: 1->1(1)
[2024-10-12T07:55:26.499+0800][info] GC(355) Old regions: 53->53
[2024-10-12T07:55:26.499+0800][info] GC(355) Archive regions: 2->2
[2024-10-12T07:55:26.499+0800][info] GC(355) Humongous regions: 3->3
[2024-10-12T07:55:26.499+0800][info] GC(355) Metaspace: 1652K(1856K)->1652K(1856K) NonClass: 1527K(1664K)->1527K(1664K) Class: 124K(192K)->124K(192K)
[2024-10-12T07:55:26.499+0800][info] GC(355) Pause Young (Mixed) (G1 Preventive Collection) 116M->114M(128M) 2.276ms
[2024-10-12T07:55:26.499+0800][info] GC(355) User=0.00s Sys=0.00s Real=0.00s
[2024-10-12T07:55:26.499+0800][info] GC(356) Pause Young (Concurrent Start) (G1 Humongous Allocation)
[2024-10-12T07:55:26.499+0800][info] GC(356) Using 3 workers of 48 for evacuation
[2024-10-12T07:55:26.501+0800][info] GC(356)   Pre Evacuate Collection Set: 0.1ms
[2024-10-12T07:55:26.501+0800][info] GC(356)   Merge Heap Roots: 0.1ms
[2024-10-12T07:55:26.501+0800][info] GC(356)   Evacuate Collection Set: 0.9ms
[2024-10-12T07:55:26.501+0800][info] GC(356)   Post Evacuate Collection Set: 0.2ms
[2024-10-12T07:55:26.501+0800][info] GC(356)   Other: 0.3ms
[2024-10-12T07:55:26.501+0800][info] GC(356) Eden regions: 1->0(2)
[2024-10-12T07:55:26.501+0800][info] GC(356) Survivor regions: 1->1(1)
[2024-10-12T07:55:26.501+0800][info] GC(356) Old regions: 53->54
[2024-10-12T07:55:26.501+0800][info] GC(356) Archive regions: 2->2
[2024-10-12T07:55:26.501+0800][info] GC(356) Humongous regions: 3->3
[2024-10-12T07:55:26.501+0800][info] GC(356) Metaspace: 1652K(1856K)->1652K(1856K) NonClass: 1527K(1664K)->1527K(1664K) Class: 124K(192K)->124K(192K)
[2024-10-12T07:55:26.501+0800][info] GC(356) Pause Young (Concurrent Start) (G1 Humongous Allocation) 115M->115M(128M) 1.630ms
[2024-10-12T07:55:26.501+0800][info] GC(356) User=0.01s Sys=0.00s Real=0.00s
[2024-10-12T07:55:26.501+0800][info] GC(357) Concurrent Mark Cycle
[2024-10-12T07:55:26.501+0800][info] GC(357) Concurrent Clear Claimed Marks
[2024-10-12T07:55:26.501+0800][info] GC(357) Concurrent Clear Claimed Marks 0.016ms
[2024-10-12T07:55:26.501+0800][info] GC(357) Concurrent Scan Root Regions
[2024-10-12T07:55:26.501+0800][info] GC(357) Concurrent Scan Root Regions 0.164ms
[2024-10-12T07:55:26.501+0800][info] GC(357) Concurrent Mark
[2024-10-12T07:55:26.501+0800][info] GC(357) Concurrent Mark From Roots
[2024-10-12T07:55:26.501+0800][info] GC(357) Using 12 workers of 12 for marking
[2024-10-12T07:55:26.505+0800][info] GC(357) Concurrent Mark From Roots 4.029ms
[2024-10-12T07:55:26.505+0800][info] GC(357) Concurrent Preclean
[2024-10-12T07:55:26.507+0800][info] GC(357) Concurrent Preclean 1.683ms
[2024-10-12T07:55:26.507+0800][info] GC(357) Pause Remark
[2024-10-12T07:55:26.509+0800][info] GC(357) Pause Remark 117M->113M(128M) 1.621ms
[2024-10-12T07:55:26.509+0800][info] GC(357) User=0.00s Sys=0.00s Real=0.00s
[2024-10-12T07:55:26.509+0800][info] GC(357) Concurrent Mark 7.647ms
[2024-10-12T07:55:26.509+0800][info] GC(357) Concurrent Rebuild Remembered Sets
[2024-10-12T07:55:26.510+0800][info] GC(357) Concurrent Rebuild Remembered Sets 1.271ms
[2024-10-12T07:55:26.510+0800][info] GC(357) Pause Cleanup
[2024-10-12T07:55:26.511+0800][info] GC(357) Pause Cleanup 113M->113M(128M) 0.272ms
[2024-10-12T07:55:26.511+0800][info] GC(357) User=0.00s Sys=0.00s Real=0.00s
[2024-10-12T07:55:26.511+0800][info] GC(357) Concurrent Cleanup for Next Mark
[2024-10-12T07:55:26.511+0800][info] GC(357) Concurrent Cleanup for Next Mark 0.452ms
[2024-10-12T07:55:26.511+0800][info] GC(357) Concurrent Mark Cycle 10.136ms
[2024-10-12T07:55:26.675+0800][info] GC(358) Pause Young (Prepare Mixed) (G1 Preventive Collection)
[2024-10-12T07:55:26.675+0800][info] GC(358) Using 3 workers of 48 for evacuation
[2024-10-12T07:55:26.677+0800][info] GC(358)   Pre Evacuate Collection Set: 0.1ms
[2024-10-12T07:55:26.677+0800][info] GC(358)   Merge Heap Roots: 0.1ms
[2024-10-12T07:55:26.677+0800][info] GC(358)   Evacuate Collection Set: 1.0ms
[2024-10-12T07:55:26.677+0800][info] GC(358)   Post Evacuate Collection Set: 0.2ms
[2024-10-12T07:55:26.677+0800][info] GC(358)   Other: 0.2ms
[2024-10-12T07:55:26.677+0800][info] GC(358) Eden regions: 2->0(2)
[2024-10-12T07:55:26.677+0800][info] GC(358) Survivor regions: 1->1(1)
[2024-10-12T07:55:26.677+0800][info] GC(358) Old regions: 52->54
[2024-10-12T07:55:26.677+0800][info] GC(358) Archive regions: 2->2
[2024-10-12T07:55:26.677+0800][info] GC(358) Humongous regions: 4->3
[2024-10-12T07:55:26.677+0800][info] GC(358) Metaspace: 1652K(1856K)->1652K(1856K) NonClass: 1528K(1664K)->1528K(1664K) Class: 124K(192K)->124K(192K)
[2024-10-12T07:55:26.677+0800][info] GC(358) Pause Young (Prepare Mixed) (G1 Preventive Collection) 116M->115M(128M) 1.792ms
[2024-10-12T07:55:26.677+0800][info] GC(358) User=0.00s Sys=0.00s Real=0.00s
[2024-10-12T07:55:26.738+0800][info] GC(359) Pause Young (Mixed) (G1 Preventive Collection)
[2024-10-12T07:55:26.739+0800][info] GC(359) Using 3 workers of 48 for evacuation
[2024-10-12T07:55:26.740+0800][info] GC(359) To-space exhausted
[2024-10-12T07:55:26.740+0800][info] GC(359)   Pre Evacuate Collection Set: 0.2ms
[2024-10-12T07:55:26.740+0800][info] GC(359)   Merge Heap Roots: 0.1ms
[2024-10-12T07:55:26.740+0800][info] GC(359)   Evacuate Collection Set: 1.0ms
[2024-10-12T07:55:26.740+0800][info] GC(359)   Post Evacuate Collection Set: 0.2ms
[2024-10-12T07:55:26.740+0800][info] GC(359)   Other: 0.2ms
[2024-10-12T07:55:26.740+0800][info] GC(359) Eden regions: 1->0(2)
[2024-10-12T07:55:26.740+0800][info] GC(359) Survivor regions: 1->1(1)
[2024-10-12T07:55:26.740+0800][info] GC(359) Old regions: 54->50
[2024-10-12T07:55:26.740+0800][info] GC(359) Archive regions: 2->2
[2024-10-12T07:55:26.740+0800][info] GC(359) Humongous regions: 3->3
[2024-10-12T07:55:26.740+0800][info] GC(359) Metaspace: 1652K(1856K)->1652K(1856K) NonClass: 1528K(1664K)->1528K(1664K) Class: 124K(192K)->124K(192K)
[2024-10-12T07:55:26.740+0800][info] GC(359) Pause Young (Mixed) (G1 Preventive Collection) 117M->108M(128M) 1.783ms
[2024-10-12T07:55:26.740+0800][info] GC(359) User=0.00s Sys=0.00s Real=0.00s
[2024-10-12T07:55:26.843+0800][info] GC(360) Pause Young (Mixed) (G1 Evacuation Pause)
[2024-10-12T07:55:26.843+0800][info] GC(360) Using 3 workers of 48 for evacuation
[2024-10-12T07:55:26.845+0800][info] GC(360)   Pre Evacuate Collection Set: 0.2ms
[2024-10-12T07:55:26.845+0800][info] GC(360)   Merge Heap Roots: 0.1ms
[2024-10-12T07:55:26.845+0800][info] GC(360)   Evacuate Collection Set: 2.0ms
[2024-10-12T07:55:26.845+0800][info] GC(360)   Post Evacuate Collection Set: 0.2ms
[2024-10-12T07:55:26.846+0800][info] GC(360)   Other: 0.2ms
[2024-10-12T07:55:26.846+0800][info] GC(360) Eden regions: 2->0(2)
[2024-10-12T07:55:26.846+0800][info] GC(360) Survivor regions: 1->1(1)
[2024-10-12T07:55:26.846+0800][info] GC(360) Old regions: 50->48
[2024-10-12T07:55:26.846+0800][info] GC(360) Archive regions: 2->2
[2024-10-12T07:55:26.846+0800][info] GC(360) Humongous regions: 3->3
[2024-10-12T07:55:26.846+0800][info] GC(360) Metaspace: 1652K(1856K)->1652K(1856K) NonClass: 1528K(1664K)->1528K(1664K) Class: 124K(192K)->124K(192K)
[2024-10-12T07:55:26.846+0800][info] GC(360) Pause Young (Mixed) (G1 Evacuation Pause) 112M->104M(128M) 2.801ms
[2024-10-12T07:55:26.846+0800][info] GC(360) User=0.01s Sys=0.00s Real=0.01s
[2024-10-12T07:55:26.948+0800][info] GC(361) Pause Young (Mixed) (G1 Evacuation Pause)
[2024-10-12T07:55:26.948+0800][info] GC(361) Using 3 workers of 48 for evacuation
[2024-10-12T07:55:26.950+0800][info] GC(361)   Pre Evacuate Collection Set: 0.2ms
[2024-10-12T07:55:26.950+0800][info] GC(361)   Merge Heap Roots: 0.1ms
[2024-10-12T07:55:26.950+0800][info] GC(361)   Evacuate Collection Set: 1.6ms
[2024-10-12T07:55:26.950+0800][info] GC(361)   Post Evacuate Collection Set: 0.2ms
[2024-10-12T07:55:26.950+0800][info] GC(361)   Other: 0.2ms
[2024-10-12T07:55:26.950+0800][info] GC(361) Eden regions: 2->0(2)
[2024-10-12T07:55:26.950+0800][info] GC(361) Survivor regions: 1->1(1)
[2024-10-12T07:55:26.950+0800][info] GC(361) Old regions: 48->49
[2024-10-12T07:55:26.950+0800][info] GC(361) Archive regions: 2->2
[2024-10-12T07:55:26.950+0800][info] GC(361) Humongous regions: 3->3
[2024-10-12T07:55:26.950+0800][info] GC(361) Metaspace: 1652K(1856K)->1652K(1856K) NonClass: 1528K(1664K)->1528K(1664K) Class: 124K(192K)->124K(192K)
[2024-10-12T07:55:26.950+0800][info] GC(361) Pause Young (Mixed) (G1 Evacuation Pause) 108M->106M(128M) 2.398ms
[2024-10-12T07:55:26.950+0800][info] GC(361) User=0.01s Sys=0.00s Real=0.00s
[2024-10-12T07:55:27.053+0800][info] GC(362) Pause Young (Concurrent Start) (G1 Evacuation Pause)
[2024-10-12T07:55:27.053+0800][info] GC(362) Using 3 workers of 48 for evacuation
[2024-10-12T07:55:27.054+0800][info] GC(362)   Pre Evacuate Collection Set: 0.1ms
[2024-10-12T07:55:27.054+0800][info] GC(362)   Merge Heap Roots: 0.1ms
[2024-10-12T07:55:27.054+0800][info] GC(362)   Evacuate Collection Set: 1.0ms
[2024-10-12T07:55:27.054+0800][info] GC(362)   Post Evacuate Collection Set: 0.2ms
[2024-10-12T07:55:27.054+0800][info] GC(362)   Other: 0.4ms
[2024-10-12T07:55:27.054+0800][info] GC(362) Eden regions: 2->0(2)
[2024-10-12T07:55:27.054+0800][info] GC(362) Survivor regions: 1->1(1)
[2024-10-12T07:55:27.054+0800][info] GC(362) Old regions: 49->51
[2024-10-12T07:55:27.054+0800][info] GC(362) Archive regions: 2->2
[2024-10-12T07:55:27.054+0800][info] GC(362) Humongous regions: 3->3
[2024-10-12T07:55:27.054+0800][info] GC(362) Metaspace: 1652K(1856K)->1652K(1856K) NonClass: 1528K(1664K)->1528K(1664K) Class: 124K(192K)->124K(192K)
[2024-10-12T07:55:27.055+0800][info] GC(362) Pause Young (Concurrent Start) (G1 Evacuation Pause) 110M->110M(128M) 1.969ms
[2024-10-12T07:55:27.055+0800][info] GC(362) User=0.00s Sys=0.00s Real=0.01s
[2024-10-12T07:55:27.055+0800][info] GC(363) Concurrent Mark Cycle
[2024-10-12T07:55:27.055+0800][info] GC(363) Concurrent Clear Claimed Marks
[2024-10-12T07:55:27.055+0800][info] GC(363) Concurrent Clear Claimed Marks 0.016ms
[2024-10-12T07:55:27.055+0800][info] GC(363) Concurrent Scan Root Regions
[2024-10-12T07:55:27.055+0800][info] GC(363) Concurrent Scan Root Regions 0.161ms
[2024-10-12T07:55:27.055+0800][info] GC(363) Concurrent Mark
[2024-10-12T07:55:27.055+0800][info] GC(363) Concurrent Mark From Roots
[2024-10-12T07:55:27.055+0800][info] GC(363) Using 12 workers of 12 for marking
[2024-10-12T07:55:27.061+0800][info] GC(363) Concurrent Mark From Roots 6.322ms
[2024-10-12T07:55:27.061+0800][info] GC(363) Concurrent Preclean
[2024-10-12T07:55:27.063+0800][info] GC(363) Concurrent Preclean 1.673ms
[2024-10-12T07:55:27.063+0800][info] GC(363) Pause Remark
[2024-10-12T07:55:27.065+0800][info] GC(363) Pause Remark 111M->111M(128M) 1.550ms
[2024-10-12T07:55:27.065+0800][info] GC(363) User=0.01s Sys=0.00s Real=0.00s
[2024-10-12T07:55:27.065+0800][info] GC(363) Concurrent Mark 9.747ms
[2024-10-12T07:55:27.065+0800][info] GC(363) Concurrent Rebuild Remembered Sets
[2024-10-12T07:55:27.066+0800][info] GC(363) Concurrent Rebuild Remembered Sets 1.379ms
[2024-10-12T07:55:27.066+0800][info] GC(363) Pause Cleanup
[2024-10-12T07:55:27.066+0800][info] GC(363) Pause Cleanup 111M->111M(128M) 0.298ms
[2024-10-12T07:55:27.066+0800][info] GC(363) User=0.00s Sys=0.00s Real=0.00s
[2024-10-12T07:55:27.067+0800][info] GC(363) Concurrent Cleanup for Next Mark
[2024-10-12T07:55:27.067+0800][info] GC(363) Concurrent Cleanup for Next Mark 0.358ms
[2024-10-12T07:55:27.067+0800][info] GC(363) Concurrent Mark Cycle 12.254ms
[2024-10-12T07:55:27.208+0800][info] GC(364) Pause Young (Prepare Mixed) (G1 Evacuation Pause)
[2024-10-12T07:55:27.208+0800][info] GC(364) Using 3 workers of 48 for evacuation
[2024-10-12T07:55:27.209+0800][info] GC(364)   Pre Evacuate Collection Set: 0.1ms
[2024-10-12T07:55:27.209+0800][info] GC(364)   Merge Heap Roots: 0.1ms
[2024-10-12T07:55:27.209+0800][info] GC(364)   Evacuate Collection Set: 1.1ms
[2024-10-12T07:55:27.209+0800][info] GC(364)   Post Evacuate Collection Set: 0.2ms
[2024-10-12T07:55:27.209+0800][info] GC(364)   Other: 0.2ms
[2024-10-12T07:55:27.209+0800][info] GC(364) Eden regions: 2->0(2)
[2024-10-12T07:55:27.209+0800][info] GC(364) Survivor regions: 1->1(1)
[2024-10-12T07:55:27.209+0800][info] GC(364) Old regions: 51->53
[2024-10-12T07:55:27.209+0800][info] GC(364) Archive regions: 2->2
[2024-10-12T07:55:27.210+0800][info] GC(364) Humongous regions: 3->3
[2024-10-12T07:55:27.210+0800][info] GC(364) Metaspace: 1652K(1856K)->1652K(1856K) NonClass: 1528K(1664K)->1528K(1664K) Class: 124K(192K)->124K(192K)
[2024-10-12T07:55:27.210+0800][info] GC(364) Pause Young (Prepare Mixed) (G1 Evacuation Pause) 114M->114M(128M) 1.850ms
[2024-10-12T07:55:27.210+0800][info] GC(364) User=0.00s Sys=0.00s Real=0.00s
[2024-10-12T07:55:27.271+0800][info] GC(365) Pause Young (Mixed) (G1 Preventive Collection)
[2024-10-12T07:55:27.271+0800][info] GC(365) Using 3 workers of 48 for evacuation
[2024-10-12T07:55:27.274+0800][info] GC(365)   Pre Evacuate Collection Set: 0.2ms
[2024-10-12T07:55:27.274+0800][info] GC(365)   Merge Heap Roots: 0.1ms
[2024-10-12T07:55:27.274+0800][info] GC(365)   Evacuate Collection Set: 1.5ms
[2024-10-12T07:55:27.274+0800][info] GC(365)   Post Evacuate Collection Set: 0.3ms
[2024-10-12T07:55:27.274+0800][info] GC(365)   Other: 0.2ms
[2024-10-12T07:55:27.274+0800][info] GC(365) Eden regions: 1->0(2)
[2024-10-12T07:55:27.274+0800][info] GC(365) Survivor regions: 1->1(1)
[2024-10-12T07:55:27.274+0800][info] GC(365) Old regions: 53->49
[2024-10-12T07:55:27.274+0800][info] GC(365) Archive regions: 2->2
[2024-10-12T07:55:27.274+0800][info] GC(365) Humongous regions: 3->3
[2024-10-12T07:55:27.274+0800][info] GC(365) Metaspace: 1653K(1856K)->1653K(1856K) NonClass: 1529K(1664K)->1529K(1664K) Class: 124K(192K)->124K(192K)
[2024-10-12T07:55:27.274+0800][info] GC(365) Pause Young (Mixed) (G1 Preventive Collection) 116M->106M(128M) 2.330ms
[2024-10-12T07:55:27.274+0800][info] GC(365) User=0.01s Sys=0.00s Real=0.01s
[2024-10-12T07:55:27.376+0800][info] GC(366) Pause Young (Mixed) (G1 Evacuation Pause)
[2024-10-12T07:55:27.376+0800][info] GC(366) Using 3 workers of 48 for evacuation
[2024-10-12T07:55:27.379+0800][info] GC(366)   Pre Evacuate Collection Set: 0.2ms
[2024-10-12T07:55:27.379+0800][info] GC(366)   Merge Heap Roots: 0.1ms
[2024-10-12T07:55:27.379+0800][info] GC(366)   Evacuate Collection Set: 2.0ms
[2024-10-12T07:55:27.379+0800][info] GC(366)   Post Evacuate Collection Set: 0.3ms
[2024-10-12T07:55:27.379+0800][info] GC(366)   Other: 0.2ms
[2024-10-12T07:55:27.379+0800][info] GC(366) Eden regions: 2->0(2)
[2024-10-12T07:55:27.379+0800][info] GC(366) Survivor regions: 1->1(1)
[2024-10-12T07:55:27.379+0800][info] GC(366) Old regions: 49->48
[2024-10-12T07:55:27.379+0800][info] GC(366) Archive regions: 2->2
[2024-10-12T07:55:27.379+0800][info] GC(366) Humongous regions: 3->3
[2024-10-12T07:55:27.379+0800][info] GC(366) Metaspace: 1653K(1856K)->1653K(1856K) NonClass: 1529K(1664K)->1529K(1664K) Class: 124K(192K)->124K(192K)
[2024-10-12T07:55:27.379+0800][info] GC(366) Pause Young (Mixed) (G1 Evacuation Pause) 109M->104M(128M) 2.823ms
[2024-10-12T07:55:27.379+0800][info] GC(366) User=0.00s Sys=0.00s Real=0.00s
[2024-10-12T07:55:27.481+0800][info] GC(367) Pause Young (Mixed) (G1 Evacuation Pause)
[2024-10-12T07:55:27.481+0800][info] GC(367) Using 3 workers of 48 for evacuation
[2024-10-12T07:55:27.484+0800][info] GC(367)   Pre Evacuate Collection Set: 0.2ms
[2024-10-12T07:55:27.484+0800][info] GC(367)   Merge Heap Roots: 0.1ms
[2024-10-12T07:55:27.484+0800][info] GC(367)   Evacuate Collection Set: 1.6ms
[2024-10-12T07:55:27.484+0800][info] GC(367)   Post Evacuate Collection Set: 0.2ms
[2024-10-12T07:55:27.484+0800][info] GC(367)   Other: 0.2ms
[2024-10-12T07:55:27.484+0800][info] GC(367) Eden regions: 2->0(2)
[2024-10-12T07:55:27.484+0800][info] GC(367) Survivor regions: 1->1(1)
[2024-10-12T07:55:27.484+0800][info] GC(367) Old regions: 48->49
[2024-10-12T07:55:27.484+0800][info] GC(367) Archive regions: 2->2
[2024-10-12T07:55:27.484+0800][info] GC(367) Humongous regions: 3->3
[2024-10-12T07:55:27.484+0800][info] GC(367) Metaspace: 1654K(1856K)->1654K(1856K) NonClass: 1530K(1664K)->1530K(1664K) Class: 124K(192K)->124K(192K)
[2024-10-12T07:55:27.484+0800][info] GC(367) Pause Young (Mixed) (G1 Evacuation Pause) 108M->106M(128M) 2.291ms
[2024-10-12T07:55:27.484+0800][info] GC(367) User=0.00s Sys=0.00s Real=0.00s
[2024-10-12T07:55:27.586+0800][info] GC(368) Pause Young (Concurrent Start) (G1 Evacuation Pause)
[2024-10-12T07:55:27.586+0800][info] GC(368) Using 3 workers of 48 for evacuation
[2024-10-12T07:55:27.588+0800][info] GC(368)   Pre Evacuate Collection Set: 0.1ms
[2024-10-12T07:55:27.588+0800][info] GC(368)   Merge Heap Roots: 0.1ms
[2024-10-12T07:55:27.588+0800][info] GC(368)   Evacuate Collection Set: 1.0ms
[2024-10-12T07:55:27.588+0800][info] GC(368)   Post Evacuate Collection Set: 0.2ms
[2024-10-12T07:55:27.588+0800][info] GC(368)   Other: 0.4ms
[2024-10-12T07:55:27.588+0800][info] GC(368) Eden regions: 2->0(2)
[2024-10-12T07:55:27.588+0800][info] GC(368) Survivor regions: 1->1(1)
[2024-10-12T07:55:27.588+0800][info] GC(368) Old regions: 49->51
[2024-10-12T07:55:27.588+0800][info] GC(368) Archive regions: 2->2
[2024-10-12T07:55:27.588+0800][info] GC(368) Humongous regions: 3->3
[2024-10-12T07:55:27.588+0800][info] GC(368) Metaspace: 1654K(1856K)->1654K(1856K) NonClass: 1530K(1664K)->1530K(1664K) Class: 124K(192K)->124K(192K)
[2024-10-12T07:55:27.588+0800][info] GC(368) Pause Young (Concurrent Start) (G1 Evacuation Pause) 110M->109M(128M) 1.929ms
[2024-10-12T07:55:27.588+0800][info] GC(368) User=0.01s Sys=0.00s Real=0.00s
[2024-10-12T07:55:27.588+0800][info] GC(369) Concurrent Mark Cycle
[2024-10-12T07:55:27.588+0800][info] GC(369) Concurrent Clear Claimed Marks
[2024-10-12T07:55:27.588+0800][info] GC(369) Concurrent Clear Claimed Marks 0.017ms
[2024-10-12T07:55:27.588+0800][info] GC(369) Concurrent Scan Root Regions
[2024-10-12T07:55:27.588+0800][info] GC(369) Concurrent Scan Root Regions 0.144ms
[2024-10-12T07:55:27.588+0800][info] GC(369) Concurrent Mark
[2024-10-12T07:55:27.588+0800][info] GC(369) Concurrent Mark From Roots
[2024-10-12T07:55:27.588+0800][info] GC(369) Using 12 workers of 12 for marking
[2024-10-12T07:55:27.592+0800][info] GC(369) Concurrent Mark From Roots 4.101ms
[2024-10-12T07:55:27.592+0800][info] GC(369) Concurrent Preclean
[2024-10-12T07:55:27.594+0800][info] GC(369) Concurrent Preclean 1.726ms
[2024-10-12T07:55:27.594+0800][info] GC(369) Pause Remark
[2024-10-12T07:55:27.596+0800][info] GC(369) Pause Remark 110M->110M(128M) 1.554ms
[2024-10-12T07:55:27.596+0800][info] GC(369) User=0.00s Sys=0.00s Real=0.00s
[2024-10-12T07:55:27.596+0800][info] GC(369) Concurrent Mark 7.702ms
[2024-10-12T07:55:27.596+0800][info] GC(369) Concurrent Rebuild Remembered Sets
[2024-10-12T07:55:27.597+0800][info] GC(369) Concurrent Rebuild Remembered Sets 1.277ms
[2024-10-12T07:55:27.597+0800][info] GC(369) Pause Cleanup
[2024-10-12T07:55:27.597+0800][info] GC(369) Pause Cleanup 110M->110M(128M) 0.213ms
[2024-10-12T07:55:27.598+0800][info] GC(369) User=0.00s Sys=0.00s Real=0.00s
[2024-10-12T07:55:27.598+0800][info] GC(369) Concurrent Cleanup for Next Mark
[2024-10-12T07:55:27.598+0800][info] GC(369) Concurrent Cleanup for Next Mark 0.396ms
[2024-10-12T07:55:27.598+0800][info] GC(369) Concurrent Mark Cycle 10.036ms
[2024-10-12T07:55:27.742+0800][info] GC(370) Pause Young (Prepare Mixed) (G1 Evacuation Pause)
[2024-10-12T07:55:27.742+0800][info] GC(370) Using 3 workers of 48 for evacuation
[2024-10-12T07:55:27.744+0800][info] GC(370)   Pre Evacuate Collection Set: 0.1ms
[2024-10-12T07:55:27.744+0800][info] GC(370)   Merge Heap Roots: 0.1ms
[2024-10-12T07:55:27.744+0800][info] GC(370)   Evacuate Collection Set: 1.1ms
[2024-10-12T07:55:27.744+0800][info] GC(370)   Post Evacuate Collection Set: 0.2ms
[2024-10-12T07:55:27.744+0800][info] GC(370)   Other: 0.3ms
[2024-10-12T07:55:27.744+0800][info] GC(370) Eden regions: 2->0(2)
[2024-10-12T07:55:27.744+0800][info] GC(370) Survivor regions: 1->1(1)
[2024-10-12T07:55:27.744+0800][info] GC(370) Old regions: 51->53
[2024-10-12T07:55:27.744+0800][info] GC(370) Archive regions: 2->2
[2024-10-12T07:55:27.744+0800][info] GC(370) Humongous regions: 3->3
[2024-10-12T07:55:27.744+0800][info] GC(370) Metaspace: 1677K(1856K)->1677K(1856K) NonClass: 1553K(1664K)->1553K(1664K) Class: 124K(192K)->124K(192K)
[2024-10-12T07:55:27.744+0800][info] GC(370) Pause Young (Prepare Mixed) (G1 Evacuation Pause) 113M->113M(128M) 1.907ms
[2024-10-12T07:55:27.744+0800][info] GC(370) User=0.00s Sys=0.00s Real=0.00s
[2024-10-12T07:55:27.805+0800][info] GC(371) Pause Young (Mixed) (G1 Preventive Collection)
[2024-10-12T07:55:27.805+0800][info] GC(371) Using 3 workers of 48 for evacuation
[2024-10-12T07:55:27.807+0800][info] GC(371)   Pre Evacuate Collection Set: 0.2ms
[2024-10-12T07:55:27.807+0800][info] GC(371)   Merge Heap Roots: 0.1ms
[2024-10-12T07:55:27.807+0800][info] GC(371)   Evacuate Collection Set: 1.2ms
[2024-10-12T07:55:27.807+0800][info] GC(371)   Post Evacuate Collection Set: 0.2ms
[2024-10-12T07:55:27.807+0800][info] GC(371)   Other: 0.2ms
[2024-10-12T07:55:27.807+0800][info] GC(371) Eden regions: 1->0(2)
[2024-10-12T07:55:27.807+0800][info] GC(371) Survivor regions: 1->1(1)
[2024-10-12T07:55:27.807+0800][info] GC(371) Old regions: 53->49
[2024-10-12T07:55:27.807+0800][info] GC(371) Archive regions: 2->2
[2024-10-12T07:55:27.807+0800][info] GC(371) Humongous regions: 3->3
[2024-10-12T07:55:27.807+0800][info] GC(371) Metaspace: 1677K(1856K)->1677K(1856K) NonClass: 1553K(1664K)->1553K(1664K) Class: 124K(192K)->124K(192K)
[2024-10-12T07:55:27.807+0800][info] GC(371) Pause Young (Mixed) (G1 Preventive Collection) 115M->105M(128M) 1.994ms
[2024-10-12T07:55:27.807+0800][info] GC(371) User=0.01s Sys=0.00s Real=0.00s
[2024-10-12T07:55:27.909+0800][info] GC(372) Pause Young (Mixed) (G1 Evacuation Pause)
[2024-10-12T07:55:27.909+0800][info] GC(372) Using 3 workers of 48 for evacuation
[2024-10-12T07:55:27.912+0800][info] GC(372)   Pre Evacuate Collection Set: 0.2ms
[2024-10-12T07:55:27.912+0800][info] GC(372)   Merge Heap Roots: 0.1ms
[2024-10-12T07:55:27.912+0800][info] GC(372)   Evacuate Collection Set: 2.0ms
[2024-10-12T07:55:27.912+0800][info] GC(372)   Post Evacuate Collection Set: 0.2ms
[2024-10-12T07:55:27.912+0800][info] GC(372)   Other: 0.2ms
[2024-10-12T07:55:27.912+0800][info] GC(372) Eden regions: 2->0(2)
[2024-10-12T07:55:27.912+0800][info] GC(372) Survivor regions: 1->1(1)
[2024-10-12T07:55:27.912+0800][info] GC(372) Old regions: 49->46
[2024-10-12T07:55:27.912+0800][info] GC(372) Archive regions: 2->2
[2024-10-12T07:55:27.912+0800][info] GC(372) Humongous regions: 3->3
[2024-10-12T07:55:27.912+0800][info] GC(372) Metaspace: 1677K(1856K)->1677K(1856K) NonClass: 1553K(1664K)->1553K(1664K) Class: 124K(192K)->124K(192K)
[2024-10-12T07:55:27.912+0800][info] GC(372) Pause Young (Mixed) (G1 Evacuation Pause) 109M->100M(128M) 2.692ms
[2024-10-12T07:55:27.912+0800][info] GC(372) User=0.01s Sys=0.00s Real=0.00s
[2024-10-12T07:55:28.014+0800][info] GC(373) Pause Young (Mixed) (G1 Evacuation Pause)
[2024-10-12T07:55:28.015+0800][info] GC(373) Using 3 workers of 48 for evacuation
[2024-10-12T07:55:28.016+0800][info] GC(373)   Pre Evacuate Collection Set: 0.2ms
[2024-10-12T07:55:28.016+0800][info] GC(373)   Merge Heap Roots: 0.1ms
[2024-10-12T07:55:28.016+0800][info] GC(373)   Evacuate Collection Set: 1.4ms
[2024-10-12T07:55:28.016+0800][info] GC(373)   Post Evacuate Collection Set: 0.2ms
[2024-10-12T07:55:28.016+0800][info] GC(373)   Other: 0.2ms
[2024-10-12T07:55:28.016+0800][info] GC(373) Eden regions: 2->0(2)
[2024-10-12T07:55:28.016+0800][info] GC(373) Survivor regions: 1->1(1)
[2024-10-12T07:55:28.016+0800][info] GC(373) Old regions: 46->48
[2024-10-12T07:55:28.016+0800][info] GC(373) Archive regions: 2->2
[2024-10-12T07:55:28.017+0800][info] GC(373) Humongous regions: 3->3
[2024-10-12T07:55:28.017+0800][info] GC(373) Metaspace: 1677K(1856K)->1677K(1856K) NonClass: 1553K(1664K)->1553K(1664K) Class: 124K(192K)->124K(192K)
[2024-10-12T07:55:28.017+0800][info] GC(373) Pause Young (Mixed) (G1 Evacuation Pause) 104M->103M(128M) 2.083ms
[2024-10-12T07:55:28.017+0800][info] GC(373) User=0.00s Sys=0.00s Real=0.00s
[2024-10-12T07:55:28.118+0800][info] GC(374) Pause Young (Normal) (G1 Evacuation Pause)
[2024-10-12T07:55:28.118+0800][info] GC(374) Using 3 workers of 48 for evacuation
[2024-10-12T07:55:28.120+0800][info] GC(374)   Pre Evacuate Collection Set: 0.1ms
[2024-10-12T07:55:28.120+0800][info] GC(374)   Merge Heap Roots: 0.1ms
[2024-10-12T07:55:28.120+0800][info] GC(374)   Evacuate Collection Set: 1.1ms
[2024-10-12T07:55:28.120+0800][info] GC(374)   Post Evacuate Collection Set: 0.2ms
[2024-10-12T07:55:28.120+0800][info] GC(374)   Other: 0.2ms
[2024-10-12T07:55:28.120+0800][info] GC(374) Eden regions: 2->0(2)
[2024-10-12T07:55:28.120+0800][info] GC(374) Survivor regions: 1->1(1)
[2024-10-12T07:55:28.120+0800][info] GC(374) Old regions: 48->50
[2024-10-12T07:55:28.120+0800][info] GC(374) Archive regions: 2->2
[2024-10-12T07:55:28.120+0800][info] GC(374) Humongous regions: 3->3
[2024-10-12T07:55:28.120+0800][info] GC(374) Metaspace: 1677K(1856K)->1677K(1856K) NonClass: 1553K(1664K)->1553K(1664K) Class: 124K(192K)->124K(192K)
[2024-10-12T07:55:28.120+0800][info] GC(374) Pause Young (Normal) (G1 Evacuation Pause) 107M->107M(128M) 1.779ms
[2024-10-12T07:55:28.120+0800][info] GC(374) User=0.01s Sys=0.00s Real=0.00s
[2024-10-12T07:55:28.223+0800][info] GC(375) Pause Young (Concurrent Start) (G1 Evacuation Pause)
[2024-10-12T07:55:28.223+0800][info] GC(375) Using 3 workers of 48 for evacuation
[2024-10-12T07:55:28.224+0800][info] GC(375)   Pre Evacuate Collection Set: 0.1ms
[2024-10-12T07:55:28.224+0800][info] GC(375)   Merge Heap Roots: 0.1ms
[2024-10-12T07:55:28.224+0800][info] GC(375)   Evacuate Collection Set: 0.9ms
[2024-10-12T07:55:28.225+0800][info] GC(375)   Post Evacuate Collection Set: 0.2ms
[2024-10-12T07:55:28.225+0800][info] GC(375)   Other: 0.4ms
[2024-10-12T07:55:28.225+0800][info] GC(375) Eden regions: 2->0(2)
[2024-10-12T07:55:28.225+0800][info] GC(375) Survivor regions: 1->1(1)
[2024-10-12T07:55:28.225+0800][info] GC(375) Old regions: 50->51
[2024-10-12T07:55:28.225+0800][info] GC(375) Archive regions: 2->2
[2024-10-12T07:55:28.225+0800][info] GC(375) Humongous regions: 3->3
[2024-10-12T07:55:28.225+0800][info] GC(375) Metaspace: 1677K(1856K)->1677K(1856K) NonClass: 1553K(1664K)->1553K(1664K) Class: 124K(192K)->124K(192K)
[2024-10-12T07:55:28.225+0800][info] GC(375) Pause Young (Concurrent Start) (G1 Evacuation Pause) 111M->111M(128M) 1.791ms
[2024-10-12T07:55:28.225+0800][info] GC(375) User=0.00s Sys=0.00s Real=0.00s
[2024-10-12T07:55:28.225+0800][info] GC(376) Concurrent Mark Cycle
[2024-10-12T07:55:28.225+0800][info] GC(376) Concurrent Clear Claimed Marks
[2024-10-12T07:55:28.225+0800][info] GC(376) Concurrent Clear Claimed Marks 0.017ms
[2024-10-12T07:55:28.225+0800][info] GC(376) Concurrent Scan Root Regions
[2024-10-12T07:55:28.225+0800][info] GC(376) Concurrent Scan Root Regions 0.155ms
[2024-10-12T07:55:28.225+0800][info] GC(376) Concurrent Mark
[2024-10-12T07:55:28.225+0800][info] GC(376) Concurrent Mark From Roots
[2024-10-12T07:55:28.225+0800][info] GC(376) Using 12 workers of 12 for marking
[2024-10-12T07:55:28.229+0800][info] GC(376) Concurrent Mark From Roots 3.796ms
[2024-10-12T07:55:28.229+0800][info] GC(376) Concurrent Preclean
[2024-10-12T07:55:28.231+0800][info] GC(376) Concurrent Preclean 1.701ms
[2024-10-12T07:55:28.231+0800][info] GC(376) Pause Remark
[2024-10-12T07:55:28.232+0800][info] GC(376) Pause Remark 111M->109M(128M) 1.671ms
[2024-10-12T07:55:28.232+0800][info] GC(376) User=0.00s Sys=0.00s Real=0.00s
[2024-10-12T07:55:28.232+0800][info] GC(376) Concurrent Mark 7.487ms
[2024-10-12T07:55:28.233+0800][info] GC(376) Concurrent Rebuild Remembered Sets
[2024-10-12T07:55:28.234+0800][info] GC(376) Concurrent Rebuild Remembered Sets 1.264ms
[2024-10-12T07:55:28.234+0800][info] GC(376) Pause Cleanup
[2024-10-12T07:55:28.234+0800][info] GC(376) Pause Cleanup 109M->109M(128M) 0.288ms
[2024-10-12T07:55:28.234+0800][info] GC(376) User=0.00s Sys=0.00s Real=0.00s
[2024-10-12T07:55:28.234+0800][info] GC(376) Concurrent Cleanup for Next Mark
[2024-10-12T07:55:28.235+0800][info] GC(376) Concurrent Cleanup for Next Mark 0.362ms
[2024-10-12T07:55:28.235+0800][info] GC(376) Concurrent Mark Cycle 9.850ms
[2024-10-12T07:55:28.378+0800][info] GC(377) Pause Young (Prepare Mixed) (G1 Evacuation Pause)
[2024-10-12T07:55:28.378+0800][info] GC(377) Using 3 workers of 48 for evacuation
[2024-10-12T07:55:28.380+0800][info] GC(377)   Pre Evacuate Collection Set: 0.1ms
[2024-10-12T07:55:28.380+0800][info] GC(377)   Merge Heap Roots: 0.1ms
[2024-10-12T07:55:28.380+0800][info] GC(377)   Evacuate Collection Set: 1.2ms
[2024-10-12T07:55:28.380+0800][info] GC(377)   Post Evacuate Collection Set: 0.2ms
[2024-10-12T07:55:28.380+0800][info] GC(377)   Other: 0.3ms
[2024-10-12T07:55:28.380+0800][info] GC(377) Eden regions: 2->0(2)
[2024-10-12T07:55:28.380+0800][info] GC(377) Survivor regions: 1->1(1)
[2024-10-12T07:55:28.380+0800][info] GC(377) Old regions: 50->52
[2024-10-12T07:55:28.380+0800][info] GC(377) Archive regions: 2->2
[2024-10-12T07:55:28.380+0800][info] GC(377) Humongous regions: 3->3
[2024-10-12T07:55:28.380+0800][info] GC(377) Metaspace: 1677K(1856K)->1677K(1856K) NonClass: 1553K(1664K)->1553K(1664K) Class: 124K(192K)->124K(192K)
[2024-10-12T07:55:28.380+0800][info] GC(377) Pause Young (Prepare Mixed) (G1 Evacuation Pause) 112M->112M(128M) 1.947ms
[2024-10-12T07:55:28.380+0800][info] GC(377) User=0.00s Sys=0.00s Real=0.00s
[2024-10-12T07:55:28.482+0800][info] GC(378) Pause Young (Mixed) (G1 Preventive Collection)
[2024-10-12T07:55:28.482+0800][info] GC(378) Using 3 workers of 48 for evacuation
[2024-10-12T07:55:28.484+0800][info] GC(378) To-space exhausted
[2024-10-12T07:55:28.484+0800][info] GC(378)   Pre Evacuate Collection Set: 0.2ms
[2024-10-12T07:55:28.484+0800][info] GC(378)   Merge Heap Roots: 0.1ms
[2024-10-12T07:55:28.484+0800][info] GC(378)   Evacuate Collection Set: 1.3ms
[2024-10-12T07:55:28.484+0800][info] GC(378)   Post Evacuate Collection Set: 0.3ms
[2024-10-12T07:55:28.484+0800][info] GC(378)   Other: 0.2ms
[2024-10-12T07:55:28.484+0800][info] GC(378) Eden regions: 2->0(2)
[2024-10-12T07:55:28.484+0800][info] GC(378) Survivor regions: 1->1(1)
[2024-10-12T07:55:28.484+0800][info] GC(378) Old regions: 52->50
[2024-10-12T07:55:28.484+0800][info] GC(378) Archive regions: 2->2
[2024-10-12T07:55:28.484+0800][info] GC(378) Humongous regions: 3->3
[2024-10-12T07:55:28.484+0800][info] GC(378) Metaspace: 1677K(1856K)->1677K(1856K) NonClass: 1553K(1664K)->1553K(1664K) Class: 124K(192K)->124K(192K)
[2024-10-12T07:55:28.484+0800][info] GC(378) Pause Young (Mixed) (G1 Preventive Collection) 116M->109M(128M) 2.178ms
[2024-10-12T07:55:28.484+0800][info] GC(378) User=0.00s Sys=0.00s Real=0.00s
[2024-10-12T07:55:28.587+0800][info] GC(379) Pause Young (Mixed) (G1 Evacuation Pause)
[2024-10-12T07:55:28.587+0800][info] GC(379) Using 3 workers of 48 for evacuation
[2024-10-12T07:55:28.589+0800][info] GC(379) To-space exhausted
[2024-10-12T07:55:28.590+0800][info] GC(379)   Pre Evacuate Collection Set: 0.5ms
[2024-10-12T07:55:28.590+0800][info] GC(379)   Merge Heap Roots: 0.1ms
[2024-10-12T07:55:28.590+0800][info] GC(379)   Evacuate Collection Set: 1.9ms
[2024-10-12T07:55:28.590+0800][info] GC(379)   Post Evacuate Collection Set: 0.3ms
[2024-10-12T07:55:28.590+0800][info] GC(379)   Other: 0.2ms
[2024-10-12T07:55:28.590+0800][info] GC(379) Eden regions: 2->0(2)
[2024-10-12T07:55:28.590+0800][info] GC(379) Survivor regions: 1->1(1)
[2024-10-12T07:55:28.590+0800][info] GC(379) Old regions: 50->50
[2024-10-12T07:55:28.590+0800][info] GC(379) Archive regions: 2->2
[2024-10-12T07:55:28.590+0800][info] GC(379) Humongous regions: 3->3
[2024-10-12T07:55:28.590+0800][info] GC(379) Metaspace: 1677K(1856K)->1677K(1856K) NonClass: 1553K(1664K)->1553K(1664K) Class: 124K(192K)->124K(192K)
[2024-10-12T07:55:28.590+0800][info] GC(379) Pause Young (Mixed) (G1 Evacuation Pause) 112M->109M(128M) 2.963ms
[2024-10-12T07:55:28.590+0800][info] GC(379) User=0.01s Sys=0.00s Real=0.00s
[2024-10-12T07:55:28.692+0800][info] GC(380) Pause Young (Concurrent Start) (G1 Evacuation Pause)
[2024-10-12T07:55:28.692+0800][info] GC(380) Using 3 workers of 48 for evacuation
[2024-10-12T07:55:28.694+0800][info] GC(380)   Pre Evacuate Collection Set: 0.1ms
[2024-10-12T07:55:28.694+0800][info] GC(380)   Merge Heap Roots: 0.1ms
[2024-10-12T07:55:28.694+0800][info] GC(380)   Evacuate Collection Set: 1.0ms
[2024-10-12T07:55:28.694+0800][info] GC(380)   Post Evacuate Collection Set: 0.2ms
[2024-10-12T07:55:28.694+0800][info] GC(380)   Other: 0.4ms
[2024-10-12T07:55:28.694+0800][info] GC(380) Eden regions: 2->0(2)
[2024-10-12T07:55:28.694+0800][info] GC(380) Survivor regions: 1->1(1)
[2024-10-12T07:55:28.694+0800][info] GC(380) Old regions: 50->52
[2024-10-12T07:55:28.694+0800][info] GC(380) Archive regions: 2->2
[2024-10-12T07:55:28.694+0800][info] GC(380) Humongous regions: 3->3
[2024-10-12T07:55:28.694+0800][info] GC(380) Metaspace: 1677K(1856K)->1677K(1856K) NonClass: 1553K(1664K)->1553K(1664K) Class: 124K(192K)->124K(192K)
[2024-10-12T07:55:28.694+0800][info] GC(380) Pause Young (Concurrent Start) (G1 Evacuation Pause) 113M->113M(128M) 1.978ms
[2024-10-12T07:55:28.694+0800][info] GC(380) User=0.01s Sys=0.00s Real=0.01s
[2024-10-12T07:55:28.694+0800][info] GC(381) Concurrent Mark Cycle
[2024-10-12T07:55:28.694+0800][info] GC(381) Concurrent Clear Claimed Marks
[2024-10-12T07:55:28.694+0800][info] GC(381) Concurrent Clear Claimed Marks 0.017ms
[2024-10-12T07:55:28.695+0800][info] GC(381) Concurrent Scan Root Regions
[2024-10-12T07:55:28.695+0800][info] GC(381) Concurrent Scan Root Regions 0.111ms
[2024-10-12T07:55:28.695+0800][info] GC(381) Concurrent Mark
[2024-10-12T07:55:28.695+0800][info] GC(381) Concurrent Mark From Roots
[2024-10-12T07:55:28.695+0800][info] GC(381) Using 12 workers of 12 for marking
[2024-10-12T07:55:28.699+0800][info] GC(381) Concurrent Mark From Roots 4.071ms
[2024-10-12T07:55:28.699+0800][info] GC(381) Concurrent Preclean
[2024-10-12T07:55:28.700+0800][info] GC(381) Concurrent Preclean 1.705ms
[2024-10-12T07:55:28.701+0800][info] GC(381) Pause Remark
[2024-10-12T07:55:28.702+0800][info] GC(381) Pause Remark 113M->111M(128M) 1.552ms
[2024-10-12T07:55:28.702+0800][info] GC(381) User=0.00s Sys=0.00s Real=0.00s
[2024-10-12T07:55:28.702+0800][info] GC(381) Concurrent Mark 7.583ms
[2024-10-12T07:55:28.702+0800][info] GC(381) Concurrent Rebuild Remembered Sets
[2024-10-12T07:55:28.704+0800][info] GC(381) Concurrent Rebuild Remembered Sets 1.249ms
[2024-10-12T07:55:28.704+0800][info] GC(381) Pause Cleanup
[2024-10-12T07:55:28.704+0800][info] GC(381) Pause Cleanup 111M->111M(128M) 0.210ms
[2024-10-12T07:55:28.704+0800][info] GC(381) User=0.00s Sys=0.00s Real=0.00s
[2024-10-12T07:55:28.704+0800][info] GC(381) Concurrent Cleanup for Next Mark
[2024-10-12T07:55:28.704+0800][info] GC(381) Concurrent Cleanup for Next Mark 0.432ms
[2024-10-12T07:55:28.704+0800][info] GC(381) Concurrent Mark Cycle 9.946ms
[2024-10-12T07:55:28.848+0800][info] GC(382) Pause Young (Prepare Mixed) (G1 Evacuation Pause)
[2024-10-12T07:55:28.848+0800][info] GC(382) Using 3 workers of 48 for evacuation
[2024-10-12T07:55:28.849+0800][info] GC(382)   Pre Evacuate Collection Set: 0.1ms
[2024-10-12T07:55:28.849+0800][info] GC(382)   Merge Heap Roots: 0.1ms
[2024-10-12T07:55:28.849+0800][info] GC(382)   Evacuate Collection Set: 1.2ms
[2024-10-12T07:55:28.849+0800][info] GC(382)   Post Evacuate Collection Set: 0.2ms
[2024-10-12T07:55:28.849+0800][info] GC(382)   Other: 0.2ms
[2024-10-12T07:55:28.849+0800][info] GC(382) Eden regions: 2->0(2)
[2024-10-12T07:55:28.849+0800][info] GC(382) Survivor regions: 1->1(1)
[2024-10-12T07:55:28.849+0800][info] GC(382) Old regions: 51->53
[2024-10-12T07:55:28.849+0800][info] GC(382) Archive regions: 2->2
[2024-10-12T07:55:28.849+0800][info] GC(382) Humongous regions: 3->3
[2024-10-12T07:55:28.849+0800][info] GC(382) Metaspace: 1677K(1856K)->1677K(1856K) NonClass: 1553K(1664K)->1553K(1664K) Class: 124K(192K)->124K(192K)
[2024-10-12T07:55:28.849+0800][info] GC(382) Pause Young (Prepare Mixed) (G1 Evacuation Pause) 114M->115M(128M) 1.957ms
[2024-10-12T07:55:28.849+0800][info] GC(382) User=0.00s Sys=0.01s Real=0.00s
[2024-10-12T07:55:28.850+0800][info] GC(383) Pause Young (Mixed) (G1 Preventive Collection)
[2024-10-12T07:55:28.850+0800][info] GC(383) Using 3 workers of 48 for evacuation
[2024-10-12T07:55:28.851+0800][info] GC(383)   Pre Evacuate Collection Set: 0.1ms
[2024-10-12T07:55:28.851+0800][info] GC(383)   Merge Heap Roots: 0.1ms
[2024-10-12T07:55:28.851+0800][info] GC(383)   Evacuate Collection Set: 1.1ms
[2024-10-12T07:55:28.851+0800][info] GC(383)   Post Evacuate Collection Set: 0.2ms
[2024-10-12T07:55:28.851+0800][info] GC(383)   Other: 0.1ms
[2024-10-12T07:55:28.851+0800][info] GC(383) Eden regions: 1->0(2)
[2024-10-12T07:55:28.852+0800][info] GC(383) Survivor regions: 1->1(1)
[2024-10-12T07:55:28.852+0800][info] GC(383) Old regions: 53->49
[2024-10-12T07:55:28.852+0800][info] GC(383) Archive regions: 2->2
[2024-10-12T07:55:28.852+0800][info] GC(383) Humongous regions: 3->3
[2024-10-12T07:55:28.852+0800][info] GC(383) Metaspace: 1677K(1856K)->1677K(1856K) NonClass: 1553K(1664K)->1553K(1664K) Class: 124K(192K)->124K(192K)
[2024-10-12T07:55:28.852+0800][info] GC(383) Pause Young (Mixed) (G1 Preventive Collection) 115M->105M(128M) 1.754ms
[2024-10-12T07:55:28.852+0800][info] GC(383) User=0.00s Sys=0.00s Real=0.00s
[2024-10-12T07:55:28.975+0800][info] GC(384) Pause Young (Mixed) (G1 Preventive Collection)
[2024-10-12T07:55:28.975+0800][info] GC(384) Using 3 workers of 48 for evacuation
[2024-10-12T07:55:28.978+0800][info] GC(384)   Pre Evacuate Collection Set: 0.2ms
[2024-10-12T07:55:28.978+0800][info] GC(384)   Merge Heap Roots: 0.1ms
[2024-10-12T07:55:28.978+0800][info] GC(384)   Evacuate Collection Set: 2.0ms
[2024-10-12T07:55:28.978+0800][info] GC(384)   Post Evacuate Collection Set: 0.2ms
[2024-10-12T07:55:28.978+0800][info] GC(384)   Other: 0.2ms
[2024-10-12T07:55:28.978+0800][info] GC(384) Eden regions: 2->0(2)
[2024-10-12T07:55:28.978+0800][info] GC(384) Survivor regions: 1->1(1)
[2024-10-12T07:55:28.978+0800][info] GC(384) Old regions: 49->47
[2024-10-12T07:55:28.978+0800][info] GC(384) Archive regions: 2->2
[2024-10-12T07:55:28.978+0800][info] GC(384) Humongous regions: 4->3
[2024-10-12T07:55:28.978+0800][info] GC(384) Metaspace: 1677K(1856K)->1677K(1856K) NonClass: 1553K(1664K)->1553K(1664K) Class: 124K(192K)->124K(192K)
[2024-10-12T07:55:28.978+0800][info] GC(384) Pause Young (Mixed) (G1 Preventive Collection) 111M->102M(128M) 2.752ms
[2024-10-12T07:55:28.978+0800][info] GC(384) User=0.00s Sys=0.00s Real=0.00s
[2024-10-12T07:55:29.080+0800][info] GC(385) Pause Young (Mixed) (G1 Evacuation Pause)
[2024-10-12T07:55:29.080+0800][info] GC(385) Using 3 workers of 48 for evacuation
[2024-10-12T07:55:29.083+0800][info] GC(385)   Pre Evacuate Collection Set: 0.2ms
[2024-10-12T07:55:29.083+0800][info] GC(385)   Merge Heap Roots: 0.1ms
[2024-10-12T07:55:29.083+0800][info] GC(385)   Evacuate Collection Set: 1.9ms
[2024-10-12T07:55:29.083+0800][info] GC(385)   Post Evacuate Collection Set: 0.2ms
[2024-10-12T07:55:29.083+0800][info] GC(385)   Other: 0.2ms
[2024-10-12T07:55:29.083+0800][info] GC(385) Eden regions: 2->0(2)
[2024-10-12T07:55:29.083+0800][info] GC(385) Survivor regions: 1->1(1)
[2024-10-12T07:55:29.083+0800][info] GC(385) Old regions: 47->47
[2024-10-12T07:55:29.083+0800][info] GC(385) Archive regions: 2->2
[2024-10-12T07:55:29.083+0800][info] GC(385) Humongous regions: 3->3
[2024-10-12T07:55:29.083+0800][info] GC(385) Metaspace: 1677K(1856K)->1677K(1856K) NonClass: 1553K(1664K)->1553K(1664K) Class: 124K(192K)->124K(192K)
[2024-10-12T07:55:29.083+0800][info] GC(385) Pause Young (Mixed) (G1 Evacuation Pause) 105M->102M(128M) 2.699ms
[2024-10-12T07:55:29.083+0800][info] GC(385) User=0.01s Sys=0.00s Real=0.00s
[2024-10-12T07:55:29.185+0800][info] GC(386) Pause Young (Normal) (G1 Evacuation Pause)
[2024-10-12T07:55:29.185+0800][info] GC(386) Using 3 workers of 48 for evacuation
[2024-10-12T07:55:29.187+0800][info] GC(386)   Pre Evacuate Collection Set: 0.1ms
[2024-10-12T07:55:29.187+0800][info] GC(386)   Merge Heap Roots: 0.1ms
[2024-10-12T07:55:29.187+0800][info] GC(386)   Evacuate Collection Set: 1.3ms
[2024-10-12T07:55:29.187+0800][info] GC(386)   Post Evacuate Collection Set: 0.2ms
[2024-10-12T07:55:29.187+0800][info] GC(386)   Other: 0.2ms
[2024-10-12T07:55:29.187+0800][info] GC(386) Eden regions: 2->0(2)
[2024-10-12T07:55:29.187+0800][info] GC(386) Survivor regions: 1->1(1)
[2024-10-12T07:55:29.187+0800][info] GC(386) Old regions: 47->49
[2024-10-12T07:55:29.187+0800][info] GC(386) Archive regions: 2->2
[2024-10-12T07:55:29.187+0800][info] GC(386) Humongous regions: 3->3
[2024-10-12T07:55:29.187+0800][info] GC(386) Metaspace: 1677K(1856K)->1677K(1856K) NonClass: 1553K(1664K)->1553K(1664K) Class: 124K(192K)->124K(192K)
[2024-10-12T07:55:29.187+0800][info] GC(386) Pause Young (Normal) (G1 Evacuation Pause) 105M->106M(128M) 2.013ms
[2024-10-12T07:55:29.187+0800][info] GC(386) User=0.01s Sys=0.00s Real=0.00s
[2024-10-12T07:55:29.290+0800][info] GC(387) Pause Young (Normal) (G1 Evacuation Pause)
[2024-10-12T07:55:29.290+0800][info] GC(387) Using 3 workers of 48 for evacuation
[2024-10-12T07:55:29.291+0800][info] GC(387)   Pre Evacuate Collection Set: 0.1ms
[2024-10-12T07:55:29.292+0800][info] GC(387)   Merge Heap Roots: 0.1ms
[2024-10-12T07:55:29.292+0800][info] GC(387)   Evacuate Collection Set: 1.0ms
[2024-10-12T07:55:29.292+0800][info] GC(387)   Post Evacuate Collection Set: 0.2ms
[2024-10-12T07:55:29.292+0800][info] GC(387)   Other: 0.3ms
[2024-10-12T07:55:29.292+0800][info] GC(387) Eden regions: 2->0(2)
[2024-10-12T07:55:29.292+0800][info] GC(387) Survivor regions: 1->1(1)
[2024-10-12T07:55:29.292+0800][info] GC(387) Old regions: 49->51
[2024-10-12T07:55:29.292+0800][info] GC(387) Archive regions: 2->2
[2024-10-12T07:55:29.292+0800][info] GC(387) Humongous regions: 3->3
[2024-10-12T07:55:29.292+0800][info] GC(387) Metaspace: 1677K(1856K)->1677K(1856K) NonClass: 1553K(1664K)->1553K(1664K) Class: 124K(192K)->124K(192K)
[2024-10-12T07:55:29.292+0800][info] GC(387) Pause Young (Normal) (G1 Evacuation Pause) 109M->110M(128M) 1.739ms
[2024-10-12T07:55:29.292+0800][info] GC(387) User=0.00s Sys=0.00s Real=0.00s
[2024-10-12T07:55:29.394+0800][info] GC(388) Pause Young (Concurrent Start) (G1 Evacuation Pause)
[2024-10-12T07:55:29.394+0800][info] GC(388) Using 3 workers of 48 for evacuation
[2024-10-12T07:55:29.396+0800][info] GC(388)   Pre Evacuate Collection Set: 0.1ms
[2024-10-12T07:55:29.396+0800][info] GC(388)   Merge Heap Roots: 0.1ms
[2024-10-12T07:55:29.396+0800][info] GC(388)   Evacuate Collection Set: 1.1ms
[2024-10-12T07:55:29.396+0800][info] GC(388)   Post Evacuate Collection Set: 0.2ms
[2024-10-12T07:55:29.396+0800][info] GC(388)   Other: 0.4ms
[2024-10-12T07:55:29.396+0800][info] GC(388) Eden regions: 2->0(2)
[2024-10-12T07:55:29.396+0800][info] GC(388) Survivor regions: 1->1(1)
[2024-10-12T07:55:29.396+0800][info] GC(388) Old regions: 51->53
[2024-10-12T07:55:29.396+0800][info] GC(388) Archive regions: 2->2
[2024-10-12T07:55:29.396+0800][info] GC(388) Humongous regions: 3->3
[2024-10-12T07:55:29.396+0800][info] GC(388) Metaspace: 1677K(1856K)->1677K(1856K) NonClass: 1553K(1664K)->1553K(1664K) Class: 124K(192K)->124K(192K)
[2024-10-12T07:55:29.396+0800][info] GC(388) Pause Young (Concurrent Start) (G1 Evacuation Pause) 113M->114M(128M) 2.012ms
[2024-10-12T07:55:29.396+0800][info] GC(388) User=0.00s Sys=0.00s Real=0.00s
[2024-10-12T07:55:29.396+0800][info] GC(389) Concurrent Mark Cycle
[2024-10-12T07:55:29.396+0800][info] GC(389) Concurrent Clear Claimed Marks
[2024-10-12T07:55:29.396+0800][info] GC(389) Concurrent Clear Claimed Marks 0.016ms
[2024-10-12T07:55:29.396+0800][info] GC(389) Concurrent Scan Root Regions
[2024-10-12T07:55:29.396+0800][info] GC(389) Concurrent Scan Root Regions 0.157ms
[2024-10-12T07:55:29.396+0800][info] GC(389) Concurrent Mark
[2024-10-12T07:55:29.396+0800][info] GC(389) Concurrent Mark From Roots
[2024-10-12T07:55:29.396+0800][info] GC(389) Using 12 workers of 12 for marking
[2024-10-12T07:55:29.400+0800][info] GC(389) Concurrent Mark From Roots 3.954ms
[2024-10-12T07:55:29.400+0800][info] GC(389) Concurrent Preclean
[2024-10-12T07:55:29.402+0800][info] GC(389) Concurrent Preclean 1.699ms
[2024-10-12T07:55:29.402+0800][info] GC(389) Pause Remark
[2024-10-12T07:55:29.404+0800][info] GC(389) Pause Remark 114M->114M(128M) 1.666ms
[2024-10-12T07:55:29.404+0800][info] GC(389) User=0.00s Sys=0.00s Real=0.00s
[2024-10-12T07:55:29.404+0800][info] GC(389) Concurrent Mark 7.635ms
[2024-10-12T07:55:29.404+0800][info] GC(389) Concurrent Rebuild Remembered Sets
[2024-10-12T07:55:29.405+0800][info] GC(389) Concurrent Rebuild Remembered Sets 1.193ms
[2024-10-12T07:55:29.405+0800][info] GC(389) Pause Cleanup
[2024-10-12T07:55:29.405+0800][info] GC(389) Pause Cleanup 114M->114M(128M) 0.198ms
[2024-10-12T07:55:29.405+0800][info] GC(389) User=0.00s Sys=0.00s Real=0.00s
[2024-10-12T07:55:29.405+0800][info] GC(389) Concurrent Cleanup for Next Mark
[2024-10-12T07:55:29.406+0800][info] GC(389) Concurrent Cleanup for Next Mark 0.401ms
[2024-10-12T07:55:29.406+0800][info] GC(389) Concurrent Mark Cycle 9.904ms
[2024-10-12T07:55:29.549+0800][info] GC(390) Pause Young (Prepare Mixed) (G1 Preventive Collection)
[2024-10-12T07:55:29.549+0800][info] GC(390) Using 3 workers of 48 for evacuation
[2024-10-12T07:55:29.551+0800][info] GC(390)   Pre Evacuate Collection Set: 0.1ms
[2024-10-12T07:55:29.551+0800][info] GC(390)   Merge Heap Roots: 0.1ms
[2024-10-12T07:55:29.551+0800][info] GC(390)   Evacuate Collection Set: 1.1ms
[2024-10-12T07:55:29.551+0800][info] GC(390)   Post Evacuate Collection Set: 0.2ms
[2024-10-12T07:55:29.551+0800][info] GC(390)   Other: 0.3ms
[2024-10-12T07:55:29.551+0800][info] GC(390) Eden regions: 2->0(2)
[2024-10-12T07:55:29.551+0800][info] GC(390) Survivor regions: 1->1(1)
[2024-10-12T07:55:29.551+0800][info] GC(390) Old regions: 53->55
[2024-10-12T07:55:29.551+0800][info] GC(390) Archive regions: 2->2
[2024-10-12T07:55:29.551+0800][info] GC(390) Humongous regions: 3->3
[2024-10-12T07:55:29.551+0800][info] GC(390) Metaspace: 1677K(1856K)->1677K(1856K) NonClass: 1553K(1664K)->1553K(1664K) Class: 124K(192K)->124K(192K)
[2024-10-12T07:55:29.551+0800][info] GC(390) Pause Young (Prepare Mixed) (G1 Preventive Collection) 117M->117M(128M) 1.822ms
[2024-10-12T07:55:29.551+0800][info] GC(390) User=0.00s Sys=0.00s Real=0.00s
[2024-10-12T07:55:29.612+0800][info] GC(391) Pause Young (Mixed) (G1 Preventive Collection)
[2024-10-12T07:55:29.612+0800][info] GC(391) Using 3 workers of 48 for evacuation
[2024-10-12T07:55:29.614+0800][info] GC(391) To-space exhausted
[2024-10-12T07:55:29.614+0800][info] GC(391)   Pre Evacuate Collection Set: 0.2ms
[2024-10-12T07:55:29.614+0800][info] GC(391)   Merge Heap Roots: 0.1ms
[2024-10-12T07:55:29.614+0800][info] GC(391)   Evacuate Collection Set: 1.0ms
[2024-10-12T07:55:29.614+0800][info] GC(391)   Post Evacuate Collection Set: 0.3ms
[2024-10-12T07:55:29.614+0800][info] GC(391)   Other: 0.2ms
[2024-10-12T07:55:29.614+0800][info] GC(391) Eden regions: 1->0(2)
[2024-10-12T07:55:29.614+0800][info] GC(391) Survivor regions: 1->1(1)
[2024-10-12T07:55:29.614+0800][info] GC(391) Old regions: 55->54
[2024-10-12T07:55:29.614+0800][info] GC(391) Archive regions: 2->2
[2024-10-12T07:55:29.614+0800][info] GC(391) Humongous regions: 3->3
[2024-10-12T07:55:29.614+0800][info] GC(391) Metaspace: 1677K(1856K)->1677K(1856K) NonClass: 1553K(1664K)->1553K(1664K) Class: 124K(192K)->124K(192K)
[2024-10-12T07:55:29.614+0800][info] GC(391) Pause Young (Mixed) (G1 Preventive Collection) 119M->117M(128M) 1.819ms
[2024-10-12T07:55:29.614+0800][info] GC(391) User=0.01s Sys=0.00s Real=0.01s
[2024-10-12T07:55:29.655+0800][info] GC(392) Pause Young (Mixed) (G1 Preventive Collection)
[2024-10-12T07:55:29.655+0800][info] GC(392) Using 3 workers of 48 for evacuation
[2024-10-12T07:55:29.657+0800][info] GC(392) To-space exhausted
[2024-10-12T07:55:29.657+0800][info] GC(392)   Pre Evacuate Collection Set: 0.2ms
[2024-10-12T07:55:29.657+0800][info] GC(392)   Merge Heap Roots: 0.1ms
[2024-10-12T07:55:29.657+0800][info] GC(392)   Evacuate Collection Set: 1.1ms
[2024-10-12T07:55:29.657+0800][info] GC(392)   Post Evacuate Collection Set: 0.3ms
[2024-10-12T07:55:29.657+0800][info] GC(392)   Other: 0.2ms
[2024-10-12T07:55:29.657+0800][info] GC(392) Eden regions: 1->0(2)
[2024-10-12T07:55:29.657+0800][info] GC(392) Survivor regions: 1->1(1)
[2024-10-12T07:55:29.657+0800][info] GC(392) Old regions: 54->56
[2024-10-12T07:55:29.657+0800][info] GC(392) Archive regions: 2->2
[2024-10-12T07:55:29.657+0800][info] GC(392) Humongous regions: 3->3
[2024-10-12T07:55:29.657+0800][info] GC(392) Metaspace: 1677K(1856K)->1677K(1856K) NonClass: 1553K(1664K)->1553K(1664K) Class: 124K(192K)->124K(192K)
[2024-10-12T07:55:29.657+0800][info] GC(392) Pause Young (Mixed) (G1 Preventive Collection) 118M->120M(128M) 1.986ms
[2024-10-12T07:55:29.657+0800][info] GC(392) User=0.00s Sys=0.00s Real=0.00s
[2024-10-12T07:55:29.718+0800][info] GC(393) Pause Young (Mixed) (G1 Preventive Collection)
[2024-10-12T07:55:29.718+0800][info] GC(393) Using 3 workers of 48 for evacuation
[2024-10-12T07:55:29.720+0800][info] GC(393) To-space exhausted
[2024-10-12T07:55:29.720+0800][info] GC(393)   Pre Evacuate Collection Set: 0.2ms
[2024-10-12T07:55:29.720+0800][info] GC(393)   Merge Heap Roots: 0.1ms
[2024-10-12T07:55:29.720+0800][info] GC(393)   Evacuate Collection Set: 0.7ms
[2024-10-12T07:55:29.720+0800][info] GC(393)   Post Evacuate Collection Set: 0.3ms
[2024-10-12T07:55:29.720+0800][info] GC(393)   Other: 0.2ms
[2024-10-12T07:55:29.720+0800][info] GC(393) Eden regions: 1->0(2)
[2024-10-12T07:55:29.720+0800][info] GC(393) Survivor regions: 1->1(1)
[2024-10-12T07:55:29.720+0800][info] GC(393) Old regions: 56->57
[2024-10-12T07:55:29.720+0800][info] GC(393) Archive regions: 2->2
[2024-10-12T07:55:29.720+0800][info] GC(393) Humongous regions: 3->3
[2024-10-12T07:55:29.720+0800][info] GC(393) Metaspace: 1677K(1856K)->1677K(1856K) NonClass: 1553K(1664K)->1553K(1664K) Class: 124K(192K)->124K(192K)
[2024-10-12T07:55:29.720+0800][info] GC(393) Pause Young (Mixed) (G1 Preventive Collection) 122M->122M(128M) 1.537ms
[2024-10-12T07:55:29.720+0800][info] GC(393) User=0.00s Sys=0.00s Real=0.00s
[2024-10-12T07:55:29.761+0800][info] GC(394) Pause Young (Mixed) (G1 Evacuation Pause)
[2024-10-12T07:55:29.761+0800][info] GC(394) Using 3 workers of 48 for evacuation
[2024-10-12T07:55:29.762+0800][info] GC(394) To-space exhausted
[2024-10-12T07:55:29.762+0800][info] GC(394)   Pre Evacuate Collection Set: 0.2ms
[2024-10-12T07:55:29.762+0800][info] GC(394)   Merge Heap Roots: 0.1ms
[2024-10-12T07:55:29.762+0800][info] GC(394)   Evacuate Collection Set: 0.3ms
[2024-10-12T07:55:29.762+0800][info] GC(394)   Post Evacuate Collection Set: 0.3ms
[2024-10-12T07:55:29.762+0800][info] GC(394)   Other: 0.2ms
[2024-10-12T07:55:29.762+0800][info] GC(394) Eden regions: 1->0(3)
[2024-10-12T07:55:29.762+0800][info] GC(394) Survivor regions: 1->0(0)
[2024-10-12T07:55:29.762+0800][info] GC(394) Old regions: 57->59
[2024-10-12T07:55:29.762+0800][info] GC(394) Archive regions: 2->2
[2024-10-12T07:55:29.762+0800][info] GC(394) Humongous regions: 3->3
[2024-10-12T07:55:29.762+0800][info] GC(394) Metaspace: 1677K(1856K)->1677K(1856K) NonClass: 1553K(1664K)->1553K(1664K) Class: 124K(192K)->124K(192K)
[2024-10-12T07:55:29.762+0800][info] GC(394) Pause Young (Mixed) (G1 Evacuation Pause) 124M->124M(128M) 1.027ms
[2024-10-12T07:55:29.762+0800][info] GC(394) User=0.01s Sys=0.01s Real=0.00s
[2024-10-12T07:55:29.762+0800][info] Attempting full compaction
[2024-10-12T07:55:29.762+0800][info] GC(395) Using 3 workers of 48 for full compaction
[2024-10-12T07:55:29.762+0800][info] GC(395) Pause Full (G1 Compaction Pause)
[2024-10-12T07:55:29.763+0800][info] GC(395) Phase 1: Mark live objects
[2024-10-12T07:55:29.766+0800][info] GC(395) Phase 1: Mark live objects 3.748ms
[2024-10-12T07:55:29.766+0800][info] GC(395) Phase 2: Prepare for compaction
[2024-10-12T07:55:29.767+0800][info] GC(395) Phase 2: Prepare for compaction 0.593ms
[2024-10-12T07:55:29.767+0800][info] GC(395) Phase 3: Adjust pointers
[2024-10-12T07:55:29.769+0800][info] GC(395) Phase 3: Adjust pointers 1.652ms
[2024-10-12T07:55:29.769+0800][info] GC(395) Phase 4: Compact heap
[2024-10-12T07:55:29.780+0800][info] GC(395) Phase 4: Compact heap 11.432ms
[2024-10-12T07:55:29.781+0800][info] GC(395) Eden regions: 0->0(4)
[2024-10-12T07:55:29.781+0800][info] GC(395) Survivor regions: 0->0(0)
[2024-10-12T07:55:29.781+0800][info] GC(395) Old regions: 59->38
[2024-10-12T07:55:29.782+0800][info] GC(395) Archive regions: 2->2
[2024-10-12T07:55:29.782+0800][info] GC(395) Humongous regions: 3->3
[2024-10-12T07:55:29.782+0800][info] GC(395) Metaspace: 1677K(1856K)->1677K(1856K) NonClass: 1553K(1664K)->1553K(1664K) Class: 124K(192K)->124K(192K)
[2024-10-12T07:55:29.782+0800][info] GC(395) Pause Full (G1 Compaction Pause) 124M->70M(128M) 19.058ms
[2024-10-12T07:55:29.782+0800][info] GC(395) User=0.04s Sys=0.00s Real=0.02s
[2024-10-12T07:55:30.007+0800][info] GC(396) Pause Young (Normal) (G1 Evacuation Pause)
[2024-10-12T07:55:30.007+0800][info] GC(396) Using 3 workers of 48 for evacuation
[2024-10-12T07:55:30.009+0800][info] GC(396)   Pre Evacuate Collection Set: 0.1ms
[2024-10-12T07:55:30.009+0800][info] GC(396)   Merge Heap Roots: 0.1ms
[2024-10-12T07:55:30.009+0800][info] GC(396)   Evacuate Collection Set: 1.3ms
[2024-10-12T07:55:30.009+0800][info] GC(396)   Post Evacuate Collection Set: 0.2ms
[2024-10-12T07:55:30.009+0800][info] GC(396)   Other: 0.2ms
[2024-10-12T07:55:30.009+0800][info] GC(396) Eden regions: 4->0(2)
[2024-10-12T07:55:30.009+0800][info] GC(396) Survivor regions: 0->1(1)
[2024-10-12T07:55:30.009+0800][info] GC(396) Old regions: 38->42
[2024-10-12T07:55:30.009+0800][info] GC(396) Archive regions: 2->2
[2024-10-12T07:55:30.009+0800][info] GC(396) Humongous regions: 3->3
[2024-10-12T07:55:30.009+0800][info] GC(396) Metaspace: 1677K(1856K)->1677K(1856K) NonClass: 1553K(1664K)->1553K(1664K) Class: 124K(192K)->124K(192K)
[2024-10-12T07:55:30.009+0800][info] GC(396) Pause Young (Normal) (G1 Evacuation Pause) 78M->79M(128M) 2.117ms
[2024-10-12T07:55:30.009+0800][info] GC(396) User=0.01s Sys=0.00s Real=0.00s
[2024-10-12T07:55:30.111+0800][info] GC(397) Pause Young (Normal) (G1 Evacuation Pause)
[2024-10-12T07:55:30.111+0800][info] GC(397) Using 3 workers of 48 for evacuation
[2024-10-12T07:55:30.113+0800][info] GC(397)   Pre Evacuate Collection Set: 0.1ms
[2024-10-12T07:55:30.113+0800][info] GC(397)   Merge Heap Roots: 0.1ms
[2024-10-12T07:55:30.113+0800][info] GC(397)   Evacuate Collection Set: 1.0ms
[2024-10-12T07:55:30.113+0800][info] GC(397)   Post Evacuate Collection Set: 0.2ms
[2024-10-12T07:55:30.113+0800][info] GC(397)   Other: 0.2ms
[2024-10-12T07:55:30.113+0800][info] GC(397) Eden regions: 2->0(2)
[2024-10-12T07:55:30.113+0800][info] GC(397) Survivor regions: 1->1(1)
[2024-10-12T07:55:30.113+0800][info] GC(397) Old regions: 42->44
[2024-10-12T07:55:30.113+0800][info] GC(397) Archive regions: 2->2
[2024-10-12T07:55:30.113+0800][info] GC(397) Humongous regions: 3->3
[2024-10-12T07:55:30.113+0800][info] GC(397) Metaspace: 1677K(1856K)->1677K(1856K) NonClass: 1553K(1664K)->1553K(1664K) Class: 124K(192K)->124K(192K)
[2024-10-12T07:55:30.113+0800][info] GC(397) Pause Young (Normal) (G1 Evacuation Pause) 83M->83M(128M) 1.640ms
[2024-10-12T07:55:30.113+0800][info] GC(397) User=0.00s Sys=0.00s Real=0.00s
[2024-10-12T07:55:30.215+0800][info] GC(398) Pause Young (Normal) (G1 Evacuation Pause)
[2024-10-12T07:55:30.215+0800][info] GC(398) Using 3 workers of 48 for evacuation
[2024-10-12T07:55:30.217+0800][info] GC(398)   Pre Evacuate Collection Set: 0.1ms
[2024-10-12T07:55:30.217+0800][info] GC(398)   Merge Heap Roots: 0.0ms
[2024-10-12T07:55:30.217+0800][info] GC(398)   Evacuate Collection Set: 0.8ms
[2024-10-12T07:55:30.217+0800][info] GC(398)   Post Evacuate Collection Set: 0.2ms
[2024-10-12T07:55:30.217+0800][info] GC(398)   Other: 0.2ms
[2024-10-12T07:55:30.217+0800][info] GC(398) Eden regions: 2->0(2)
[2024-10-12T07:55:30.217+0800][info] GC(398) Survivor regions: 1->1(1)
[2024-10-12T07:55:30.217+0800][info] GC(398) Old regions: 44->46
[2024-10-12T07:55:30.217+0800][info] GC(398) Archive regions: 2->2
[2024-10-12T07:55:30.217+0800][info] GC(398) Humongous regions: 3->3
[2024-10-12T07:55:30.217+0800][info] GC(398) Metaspace: 1677K(1856K)->1677K(1856K) NonClass: 1553K(1664K)->1553K(1664K) Class: 124K(192K)->124K(192K)
[2024-10-12T07:55:30.217+0800][info] GC(398) Pause Young (Normal) (G1 Evacuation Pause) 87M->87M(128M) 1.470ms
[2024-10-12T07:55:30.217+0800][info] GC(398) User=0.01s Sys=0.00s Real=0.00s
[2024-10-12T07:55:30.319+0800][info] GC(399) Pause Young (Normal) (G1 Evacuation Pause)
[2024-10-12T07:55:30.319+0800][info] GC(399) Using 3 workers of 48 for evacuation
[2024-10-12T07:55:30.320+0800][info] GC(399)   Pre Evacuate Collection Set: 0.1ms
[2024-10-12T07:55:30.320+0800][info] GC(399)   Merge Heap Roots: 0.1ms
[2024-10-12T07:55:30.320+0800][info] GC(399)   Evacuate Collection Set: 0.8ms
[2024-10-12T07:55:30.320+0800][info] GC(399)   Post Evacuate Collection Set: 0.2ms
[2024-10-12T07:55:30.320+0800][info] GC(399)   Other: 0.2ms
[2024-10-12T07:55:30.320+0800][info] GC(399) Eden regions: 2->0(2)
[2024-10-12T07:55:30.320+0800][info] GC(399) Survivor regions: 1->1(1)
[2024-10-12T07:55:30.320+0800][info] GC(399) Old regions: 46->48
[2024-10-12T07:55:30.320+0800][info] GC(399) Archive regions: 2->2
[2024-10-12T07:55:30.320+0800][info] GC(399) Humongous regions: 3->3
[2024-10-12T07:55:30.320+0800][info] GC(399) Metaspace: 1677K(1856K)->1677K(1856K) NonClass: 1553K(1664K)->1553K(1664K) Class: 124K(192K)->124K(192K)
[2024-10-12T07:55:30.320+0800][info] GC(399) Pause Young (Normal) (G1 Evacuation Pause) 91M->91M(128M) 1.530ms
[2024-10-12T07:55:30.320+0800][info] GC(399) User=0.00s Sys=0.00s Real=0.00s
[2024-10-12T07:55:30.423+0800][info] GC(400) Pause Young (Concurrent Start) (G1 Evacuation Pause)
[2024-10-12T07:55:30.423+0800][info] GC(400) Using 3 workers of 48 for evacuation
[2024-10-12T07:55:30.424+0800][info] GC(400)   Pre Evacuate Collection Set: 0.1ms
[2024-10-12T07:55:30.424+0800][info] GC(400)   Merge Heap Roots: 0.1ms
[2024-10-12T07:55:30.424+0800][info] GC(400)   Evacuate Collection Set: 0.9ms
[2024-10-12T07:55:30.424+0800][info] GC(400)   Post Evacuate Collection Set: 0.2ms
[2024-10-12T07:55:30.424+0800][info] GC(400)   Other: 0.4ms
[2024-10-12T07:55:30.424+0800][info] GC(400) Eden regions: 2->0(2)
[2024-10-12T07:55:30.424+0800][info] GC(400) Survivor regions: 1->1(1)
[2024-10-12T07:55:30.424+0800][info] GC(400) Old regions: 48->49
[2024-10-12T07:55:30.424+0800][info] GC(400) Archive regions: 2->2
[2024-10-12T07:55:30.424+0800][info] GC(400) Humongous regions: 3->3
[2024-10-12T07:55:30.424+0800][info] GC(400) Metaspace: 1677K(1856K)->1677K(1856K) NonClass: 1553K(1664K)->1553K(1664K) Class: 124K(192K)->124K(192K)
[2024-10-12T07:55:30.424+0800][info] GC(400) Pause Young (Concurrent Start) (G1 Evacuation Pause) 94M->94M(128M) 1.763ms
[2024-10-12T07:55:30.424+0800][info] GC(400) User=0.01s Sys=0.00s Real=0.00s
[2024-10-12T07:55:30.425+0800][info] GC(401) Concurrent Mark Cycle
[2024-10-12T07:55:30.425+0800][info] GC(401) Concurrent Clear Claimed Marks
[2024-10-12T07:55:30.425+0800][info] GC(401) Concurrent Clear Claimed Marks 0.017ms
[2024-10-12T07:55:30.425+0800][info] GC(401) Concurrent Scan Root Regions
[2024-10-12T07:55:30.425+0800][info] GC(401) Concurrent Scan Root Regions 0.107ms
[2024-10-12T07:55:30.425+0800][info] GC(401) Concurrent Mark
[2024-10-12T07:55:30.425+0800][info] GC(401) Concurrent Mark From Roots
[2024-10-12T07:55:30.425+0800][info] GC(401) Using 12 workers of 12 for marking
[2024-10-12T07:55:30.429+0800][info] GC(401) Concurrent Mark From Roots 4.600ms
[2024-10-12T07:55:30.429+0800][info] GC(401) Concurrent Preclean
[2024-10-12T07:55:30.431+0800][info] GC(401) Concurrent Preclean 1.670ms
[2024-10-12T07:55:30.431+0800][info] GC(401) Pause Remark
[2024-10-12T07:55:30.433+0800][info] GC(401) Pause Remark 94M->94M(128M) 1.559ms
[2024-10-12T07:55:30.433+0800][info] GC(401) User=0.00s Sys=0.00s Real=0.00s
[2024-10-12T07:55:30.433+0800][info] GC(401) Concurrent Mark 8.073ms
[2024-10-12T07:55:30.433+0800][info] GC(401) Concurrent Rebuild Remembered Sets
[2024-10-12T07:55:30.434+0800][info] GC(401) Concurrent Rebuild Remembered Sets 1.112ms
[2024-10-12T07:55:30.434+0800][info] GC(401) Pause Cleanup
[2024-10-12T07:55:30.434+0800][info] GC(401) Pause Cleanup 94M->94M(128M) 0.291ms
[2024-10-12T07:55:30.434+0800][info] GC(401) User=0.00s Sys=0.00s Real=0.00s
[2024-10-12T07:55:30.434+0800][info] GC(401) Concurrent Cleanup for Next Mark
[2024-10-12T07:55:30.435+0800][info] GC(401) Concurrent Cleanup for Next Mark 0.361ms
[2024-10-12T07:55:30.435+0800][info] GC(401) Concurrent Mark Cycle 10.253ms
[2024-10-12T07:55:30.578+0800][info] GC(402) Pause Young (Prepare Mixed) (G1 Evacuation Pause)
[2024-10-12T07:55:30.578+0800][info] GC(402) Using 3 workers of 48 for evacuation
[2024-10-12T07:55:30.579+0800][info] GC(402)   Pre Evacuate Collection Set: 0.1ms
[2024-10-12T07:55:30.579+0800][info] GC(402)   Merge Heap Roots: 0.1ms
[2024-10-12T07:55:30.579+0800][info] GC(402)   Evacuate Collection Set: 1.2ms
[2024-10-12T07:55:30.580+0800][info] GC(402)   Post Evacuate Collection Set: 0.2ms
[2024-10-12T07:55:30.580+0800][info] GC(402)   Other: 0.2ms
[2024-10-12T07:55:30.580+0800][info] GC(402) Eden regions: 2->0(2)
[2024-10-12T07:55:30.580+0800][info] GC(402) Survivor regions: 1->1(1)
[2024-10-12T07:55:30.580+0800][info] GC(402) Old regions: 48->50
[2024-10-12T07:55:30.580+0800][info] GC(402) Archive regions: 2->2
[2024-10-12T07:55:30.580+0800][info] GC(402) Humongous regions: 3->3
[2024-10-12T07:55:30.580+0800][info] GC(402) Metaspace: 1677K(1856K)->1677K(1856K) NonClass: 1553K(1664K)->1553K(1664K) Class: 124K(192K)->124K(192K)
[2024-10-12T07:55:30.580+0800][info] GC(402) Pause Young (Prepare Mixed) (G1 Evacuation Pause) 97M->97M(128M) 1.997ms
[2024-10-12T07:55:30.580+0800][info] GC(402) User=0.00s Sys=0.00s Real=0.00s
[2024-10-12T07:55:30.682+0800][info] GC(403) Pause Young (Mixed) (G1 Evacuation Pause)
[2024-10-12T07:55:30.682+0800][info] GC(403) Using 3 workers of 48 for evacuation
[2024-10-12T07:55:30.685+0800][info] GC(403)   Pre Evacuate Collection Set: 0.2ms
[2024-10-12T07:55:30.685+0800][info] GC(403)   Merge Heap Roots: 0.1ms
[2024-10-12T07:55:30.685+0800][info] GC(403)   Evacuate Collection Set: 1.9ms
[2024-10-12T07:55:30.685+0800][info] GC(403)   Post Evacuate Collection Set: 0.2ms
[2024-10-12T07:55:30.685+0800][info] GC(403)   Other: 0.2ms
[2024-10-12T07:55:30.685+0800][info] GC(403) Eden regions: 2->0(2)
[2024-10-12T07:55:30.685+0800][info] GC(403) Survivor regions: 1->1(1)
[2024-10-12T07:55:30.685+0800][info] GC(403) Old regions: 50->47
[2024-10-12T07:55:30.685+0800][info] GC(403) Archive regions: 2->2
[2024-10-12T07:55:30.685+0800][info] GC(403) Humongous regions: 3->3
[2024-10-12T07:55:30.685+0800][info] GC(403) Metaspace: 1677K(1856K)->1677K(1856K) NonClass: 1553K(1664K)->1553K(1664K) Class: 124K(192K)->124K(192K)
[2024-10-12T07:55:30.685+0800][info] GC(403) Pause Young (Mixed) (G1 Evacuation Pause) 101M->94M(128M) 2.696ms
[2024-10-12T07:55:30.685+0800][info] GC(403) User=0.00s Sys=0.00s Real=0.00s
[2024-10-12T07:55:30.787+0800][info] GC(404) Pause Young (Mixed) (G1 Evacuation Pause)
[2024-10-12T07:55:30.787+0800][info] GC(404) Using 3 workers of 48 for evacuation
[2024-10-12T07:55:30.789+0800][info] GC(404)   Pre Evacuate Collection Set: 0.2ms
[2024-10-12T07:55:30.789+0800][info] GC(404)   Merge Heap Roots: 0.1ms
[2024-10-12T07:55:30.789+0800][info] GC(404)   Evacuate Collection Set: 1.3ms
[2024-10-12T07:55:30.789+0800][info] GC(404)   Post Evacuate Collection Set: 0.2ms
[2024-10-12T07:55:30.789+0800][info] GC(404)   Other: 0.2ms
[2024-10-12T07:55:30.789+0800][info] GC(404) Eden regions: 2->0(2)
[2024-10-12T07:55:30.789+0800][info] GC(404) Survivor regions: 1->1(1)
[2024-10-12T07:55:30.789+0800][info] GC(404) Old regions: 47->48
[2024-10-12T07:55:30.789+0800][info] GC(404) Archive regions: 2->2
[2024-10-12T07:55:30.789+0800][info] GC(404) Humongous regions: 3->3
[2024-10-12T07:55:30.789+0800][info] GC(404) Metaspace: 1677K(1856K)->1677K(1856K) NonClass: 1553K(1664K)->1553K(1664K) Class: 124K(192K)->124K(192K)
[2024-10-12T07:55:30.789+0800][info] GC(404) Pause Young (Mixed) (G1 Evacuation Pause) 98M->97M(128M) 2.057ms
[2024-10-12T07:55:30.789+0800][info] GC(404) User=0.01s Sys=0.00s Real=0.00s
[2024-10-12T07:55:30.891+0800][info] GC(405) Pause Young (Normal) (G1 Evacuation Pause)
[2024-10-12T07:55:30.891+0800][info] GC(405) Using 3 workers of 48 for evacuation
[2024-10-12T07:55:30.893+0800][info] GC(405)   Pre Evacuate Collection Set: 0.1ms
[2024-10-12T07:55:30.893+0800][info] GC(405)   Merge Heap Roots: 0.1ms
[2024-10-12T07:55:30.893+0800][info] GC(405)   Evacuate Collection Set: 1.0ms
[2024-10-12T07:55:30.893+0800][info] GC(405)   Post Evacuate Collection Set: 0.2ms
[2024-10-12T07:55:30.893+0800][info] GC(405)   Other: 0.2ms
[2024-10-12T07:55:30.893+0800][info] GC(405) Eden regions: 2->0(2)
[2024-10-12T07:55:30.893+0800][info] GC(405) Survivor regions: 1->1(1)
[2024-10-12T07:55:30.893+0800][info] GC(405) Old regions: 48->50
[2024-10-12T07:55:30.893+0800][info] GC(405) Archive regions: 2->2
[2024-10-12T07:55:30.893+0800][info] GC(405) Humongous regions: 3->3
[2024-10-12T07:55:30.893+0800][info] GC(405) Metaspace: 1677K(1856K)->1677K(1856K) NonClass: 1553K(1664K)->1553K(1664K) Class: 124K(192K)->124K(192K)
[2024-10-12T07:55:30.893+0800][info] GC(405) Pause Young (Normal) (G1 Evacuation Pause) 100M->101M(128M) 1.790ms
[2024-10-12T07:55:30.893+0800][info] GC(405) User=0.00s Sys=0.00s Real=0.01s
[2024-10-12T07:55:30.995+0800][info] GC(406) Pause Young (Concurrent Start) (G1 Evacuation Pause)
[2024-10-12T07:55:30.995+0800][info] GC(406) Using 3 workers of 48 for evacuation
[2024-10-12T07:55:30.997+0800][info] GC(406)   Pre Evacuate Collection Set: 0.1ms
[2024-10-12T07:55:30.997+0800][info] GC(406)   Merge Heap Roots: 0.1ms
[2024-10-12T07:55:30.997+0800][info] GC(406)   Evacuate Collection Set: 0.9ms
[2024-10-12T07:55:30.997+0800][info] GC(406)   Post Evacuate Collection Set: 0.2ms
[2024-10-12T07:55:30.997+0800][info] GC(406)   Other: 0.4ms
[2024-10-12T07:55:30.997+0800][info] GC(406) Eden regions: 2->0(2)
[2024-10-12T07:55:30.997+0800][info] GC(406) Survivor regions: 1->1(1)
[2024-10-12T07:55:30.997+0800][info] GC(406) Old regions: 50->52
[2024-10-12T07:55:30.997+0800][info] GC(406) Archive regions: 2->2
[2024-10-12T07:55:30.997+0800][info] GC(406) Humongous regions: 3->3
[2024-10-12T07:55:30.997+0800][info] GC(406) Metaspace: 1677K(1856K)->1677K(1856K) NonClass: 1553K(1664K)->1553K(1664K) Class: 124K(192K)->124K(192K)
[2024-10-12T07:55:30.997+0800][info] GC(406) Pause Young (Concurrent Start) (G1 Evacuation Pause) 104M->104M(128M) 1.765ms
[2024-10-12T07:55:30.997+0800][info] GC(406) User=0.00s Sys=0.00s Real=0.00s
[2024-10-12T07:55:30.997+0800][info] GC(407) Concurrent Mark Cycle
[2024-10-12T07:55:30.997+0800][info] GC(407) Concurrent Clear Claimed Marks
[2024-10-12T07:55:30.997+0800][info] GC(407) Concurrent Clear Claimed Marks 0.017ms
[2024-10-12T07:55:30.997+0800][info] GC(407) Concurrent Scan Root Regions
[2024-10-12T07:55:30.997+0800][info] GC(407) Concurrent Scan Root Regions 0.151ms
[2024-10-12T07:55:30.997+0800][info] GC(407) Concurrent Mark
[2024-10-12T07:55:30.997+0800][info] GC(407) Concurrent Mark From Roots
[2024-10-12T07:55:30.997+0800][info] GC(407) Using 12 workers of 12 for marking
[2024-10-12T07:55:31.003+0800][info] GC(407) Concurrent Mark From Roots 5.750ms
[2024-10-12T07:55:31.003+0800][info] GC(407) Concurrent Preclean
[2024-10-12T07:55:31.005+0800][info] GC(407) Concurrent Preclean 1.675ms
[2024-10-12T07:55:31.005+0800][info] GC(407) Pause Remark
[2024-10-12T07:55:31.006+0800][info] GC(407) Pause Remark 105M->103M(128M) 1.604ms
[2024-10-12T07:55:31.007+0800][info] GC(407) User=0.00s Sys=0.00s Real=0.01s
[2024-10-12T07:55:31.007+0800][info] GC(407) Concurrent Mark 9.284ms
[2024-10-12T07:55:31.007+0800][info] GC(407) Concurrent Rebuild Remembered Sets
[2024-10-12T07:55:31.008+0800][info] GC(407) Concurrent Rebuild Remembered Sets 1.064ms
[2024-10-12T07:55:31.008+0800][info] GC(407) Pause Cleanup
[2024-10-12T07:55:31.008+0800][info] GC(407) Pause Cleanup 103M->103M(128M) 0.244ms
[2024-10-12T07:55:31.008+0800][info] GC(407) User=0.00s Sys=0.00s Real=0.00s
[2024-10-12T07:55:31.008+0800][info] GC(407) Concurrent Cleanup for Next Mark
[2024-10-12T07:55:31.009+0800][info] GC(407) Concurrent Cleanup for Next Mark 0.426ms
[2024-10-12T07:55:31.009+0800][info] GC(407) Concurrent Mark Cycle 11.494ms
[2024-10-12T07:55:31.151+0800][info] GC(408) Pause Young (Prepare Mixed) (G1 Preventive Collection)
[2024-10-12T07:55:31.151+0800][info] GC(408) Using 3 workers of 48 for evacuation
[2024-10-12T07:55:31.153+0800][info] GC(408)   Pre Evacuate Collection Set: 0.1ms
[2024-10-12T07:55:31.153+0800][info] GC(408)   Merge Heap Roots: 0.1ms
[2024-10-12T07:55:31.153+0800][info] GC(408)   Evacuate Collection Set: 1.1ms
[2024-10-12T07:55:31.153+0800][info] GC(408)   Post Evacuate Collection Set: 0.2ms
[2024-10-12T07:55:31.153+0800][info] GC(408)   Other: 0.3ms
[2024-10-12T07:55:31.153+0800][info] GC(408) Eden regions: 2->0(2)
[2024-10-12T07:55:31.153+0800][info] GC(408) Survivor regions: 1->1(1)
[2024-10-12T07:55:31.153+0800][info] GC(408) Old regions: 51->53
[2024-10-12T07:55:31.153+0800][info] GC(408) Archive regions: 2->2
[2024-10-12T07:55:31.153+0800][info] GC(408) Humongous regions: 4->3
[2024-10-12T07:55:31.153+0800][info] GC(408) Metaspace: 1677K(1856K)->1677K(1856K) NonClass: 1553K(1664K)->1553K(1664K) Class: 124K(192K)->124K(192K)
[2024-10-12T07:55:31.153+0800][info] GC(408) Pause Young (Prepare Mixed) (G1 Preventive Collection) 108M->107M(128M) 1.868ms
[2024-10-12T07:55:31.153+0800][info] GC(408) User=0.00s Sys=0.00s Real=0.00s
[2024-10-12T07:55:31.214+0800][info] GC(409) Pause Young (Mixed) (G1 Preventive Collection)
[2024-10-12T07:55:31.214+0800][info] GC(409) Using 3 workers of 48 for evacuation
[2024-10-12T07:55:31.216+0800][info] GC(409)   Pre Evacuate Collection Set: 0.2ms
[2024-10-12T07:55:31.216+0800][info] GC(409)   Merge Heap Roots: 0.1ms
[2024-10-12T07:55:31.216+0800][info] GC(409)   Evacuate Collection Set: 1.4ms
[2024-10-12T07:55:31.216+0800][info] GC(409)   Post Evacuate Collection Set: 0.2ms
[2024-10-12T07:55:31.216+0800][info] GC(409)   Other: 0.2ms
[2024-10-12T07:55:31.216+0800][info] GC(409) Eden regions: 1->0(2)
[2024-10-12T07:55:31.216+0800][info] GC(409) Survivor regions: 1->1(1)
[2024-10-12T07:55:31.216+0800][info] GC(409) Old regions: 53->49
[2024-10-12T07:55:31.216+0800][info] GC(409) Archive regions: 2->2
[2024-10-12T07:55:31.216+0800][info] GC(409) Humongous regions: 3->3
[2024-10-12T07:55:31.216+0800][info] GC(409) Metaspace: 1677K(1856K)->1677K(1856K) NonClass: 1553K(1664K)->1553K(1664K) Class: 124K(192K)->124K(192K)
[2024-10-12T07:55:31.216+0800][info] GC(409) Pause Young (Mixed) (G1 Preventive Collection) 109M->101M(128M) 2.229ms
[2024-10-12T07:55:31.216+0800][info] GC(409) User=0.00s Sys=0.00s Real=0.00s
[2024-10-12T07:55:31.318+0800][info] GC(410) Pause Young (Mixed) (G1 Evacuation Pause)
[2024-10-12T07:55:31.318+0800][info] GC(410) Using 3 workers of 48 for evacuation
[2024-10-12T07:55:31.321+0800][info] GC(410)   Pre Evacuate Collection Set: 0.1ms
[2024-10-12T07:55:31.321+0800][info] GC(410)   Merge Heap Roots: 0.1ms
[2024-10-12T07:55:31.321+0800][info] GC(410)   Evacuate Collection Set: 2.2ms
[2024-10-12T07:55:31.321+0800][info] GC(410)   Post Evacuate Collection Set: 0.3ms
[2024-10-12T07:55:31.321+0800][info] GC(410)   Other: 0.2ms
[2024-10-12T07:55:31.321+0800][info] GC(410) Eden regions: 2->0(2)
[2024-10-12T07:55:31.321+0800][info] GC(410) Survivor regions: 1->1(1)
[2024-10-12T07:55:31.321+0800][info] GC(410) Old regions: 49->48
[2024-10-12T07:55:31.321+0800][info] GC(410) Archive regions: 2->2
[2024-10-12T07:55:31.321+0800][info] GC(410) Humongous regions: 3->3
[2024-10-12T07:55:31.321+0800][info] GC(410) Metaspace: 1677K(1856K)->1677K(1856K) NonClass: 1553K(1664K)->1553K(1664K) Class: 124K(192K)->124K(192K)
[2024-10-12T07:55:31.321+0800][info] GC(410) Pause Young (Mixed) (G1 Evacuation Pause) 104M->101M(128M) 2.985ms
[2024-10-12T07:55:31.321+0800][info] GC(410) User=0.01s Sys=0.00s Real=0.00s
[2024-10-12T07:55:31.424+0800][info] GC(411) Pause Young (Mixed) (G1 Evacuation Pause)
[2024-10-12T07:55:31.424+0800][info] GC(411) Using 3 workers of 48 for evacuation
[2024-10-12T07:55:31.426+0800][info] GC(411)   Pre Evacuate Collection Set: 0.1ms
[2024-10-12T07:55:31.426+0800][info] GC(411)   Merge Heap Roots: 0.1ms
[2024-10-12T07:55:31.426+0800][info] GC(411)   Evacuate Collection Set: 1.3ms
[2024-10-12T07:55:31.426+0800][info] GC(411)   Post Evacuate Collection Set: 0.2ms
[2024-10-12T07:55:31.426+0800][info] GC(411)   Other: 0.2ms
[2024-10-12T07:55:31.426+0800][info] GC(411) Eden regions: 2->0(2)
[2024-10-12T07:55:31.426+0800][info] GC(411) Survivor regions: 1->1(1)
[2024-10-12T07:55:31.426+0800][info] GC(411) Old regions: 48->49
[2024-10-12T07:55:31.426+0800][info] GC(411) Archive regions: 2->2
[2024-10-12T07:55:31.426+0800][info] GC(411) Humongous regions: 3->3
[2024-10-12T07:55:31.426+0800][info] GC(411) Metaspace: 1677K(1856K)->1677K(1856K) NonClass: 1553K(1664K)->1553K(1664K) Class: 124K(192K)->124K(192K)
[2024-10-12T07:55:31.426+0800][info] GC(411) Pause Young (Mixed) (G1 Evacuation Pause) 104M->103M(128M) 2.058ms
[2024-10-12T07:55:31.426+0800][info] GC(411) User=0.01s Sys=0.00s Real=0.01s
[2024-10-12T07:55:31.528+0800][info] GC(412) Pause Young (Normal) (G1 Evacuation Pause)
[2024-10-12T07:55:31.528+0800][info] GC(412) Using 3 workers of 48 for evacuation
[2024-10-12T07:55:31.529+0800][info] GC(412)   Pre Evacuate Collection Set: 0.1ms
[2024-10-12T07:55:31.529+0800][info] GC(412)   Merge Heap Roots: 0.1ms
[2024-10-12T07:55:31.529+0800][info] GC(412)   Evacuate Collection Set: 1.1ms
[2024-10-12T07:55:31.529+0800][info] GC(412)   Post Evacuate Collection Set: 0.2ms
[2024-10-12T07:55:31.530+0800][info] GC(412)   Other: 0.2ms
[2024-10-12T07:55:31.530+0800][info] GC(412) Eden regions: 2->0(2)
[2024-10-12T07:55:31.530+0800][info] GC(412) Survivor regions: 1->1(1)
[2024-10-12T07:55:31.530+0800][info] GC(412) Old regions: 49->51
[2024-10-12T07:55:31.530+0800][info] GC(412) Archive regions: 2->2
[2024-10-12T07:55:31.530+0800][info] GC(412) Humongous regions: 3->3
[2024-10-12T07:55:31.530+0800][info] GC(412) Metaspace: 1677K(1856K)->1677K(1856K) NonClass: 1553K(1664K)->1553K(1664K) Class: 124K(192K)->124K(192K)
[2024-10-12T07:55:31.530+0800][info] GC(412) Pause Young (Normal) (G1 Evacuation Pause) 106M->107M(128M) 1.772ms
[2024-10-12T07:55:31.530+0800][info] GC(412) User=0.00s Sys=0.00s Real=0.00s
[2024-10-12T07:55:31.632+0800][info] GC(413) Pause Young (Concurrent Start) (G1 Evacuation Pause)
[2024-10-12T07:55:31.632+0800][info] GC(413) Using 3 workers of 48 for evacuation
[2024-10-12T07:55:31.634+0800][info] GC(413)   Pre Evacuate Collection Set: 0.1ms
[2024-10-12T07:55:31.634+0800][info] GC(413)   Merge Heap Roots: 0.1ms
[2024-10-12T07:55:31.634+0800][info] GC(413)   Evacuate Collection Set: 1.1ms
[2024-10-12T07:55:31.634+0800][info] GC(413)   Post Evacuate Collection Set: 0.2ms
[2024-10-12T07:55:31.634+0800][info] GC(413)   Other: 0.4ms
[2024-10-12T07:55:31.634+0800][info] GC(413) Eden regions: 2->0(2)
[2024-10-12T07:55:31.634+0800][info] GC(413) Survivor regions: 1->1(1)
[2024-10-12T07:55:31.634+0800][info] GC(413) Old regions: 51->53
[2024-10-12T07:55:31.634+0800][info] GC(413) Archive regions: 2->2
[2024-10-12T07:55:31.634+0800][info] GC(413) Humongous regions: 3->3
[2024-10-12T07:55:31.634+0800][info] GC(413) Metaspace: 1677K(1856K)->1677K(1856K) NonClass: 1553K(1664K)->1553K(1664K) Class: 124K(192K)->124K(192K)
[2024-10-12T07:55:31.634+0800][info] GC(413) Pause Young (Concurrent Start) (G1 Evacuation Pause) 110M->110M(128M) 1.898ms
[2024-10-12T07:55:31.634+0800][info] GC(413) User=0.00s Sys=0.00s Real=0.01s
[2024-10-12T07:55:31.634+0800][info] GC(414) Concurrent Mark Cycle
[2024-10-12T07:55:31.634+0800][info] GC(414) Concurrent Clear Claimed Marks
[2024-10-12T07:55:31.634+0800][info] GC(414) Concurrent Clear Claimed Marks 0.017ms
[2024-10-12T07:55:31.634+0800][info] GC(414) Concurrent Scan Root Regions
[2024-10-12T07:55:31.634+0800][info] GC(414) Concurrent Scan Root Regions 0.151ms
[2024-10-12T07:55:31.634+0800][info] GC(414) Concurrent Mark
[2024-10-12T07:55:31.634+0800][info] GC(414) Concurrent Mark From Roots
[2024-10-12T07:55:31.634+0800][info] GC(414) Using 12 workers of 12 for marking
[2024-10-12T07:55:31.638+0800][info] GC(414) Concurrent Mark From Roots 4.101ms
[2024-10-12T07:55:31.638+0800][info] GC(414) Concurrent Preclean
[2024-10-12T07:55:31.640+0800][info] GC(414) Concurrent Preclean 1.686ms
[2024-10-12T07:55:31.640+0800][info] GC(414) Pause Remark
[2024-10-12T07:55:31.642+0800][info] GC(414) Pause Remark 111M->111M(128M) 1.685ms
[2024-10-12T07:55:31.642+0800][info] GC(414) User=0.00s Sys=0.00s Real=0.00s
[2024-10-12T07:55:31.642+0800][info] GC(414) Concurrent Mark 7.790ms
[2024-10-12T07:55:31.642+0800][info] GC(414) Concurrent Rebuild Remembered Sets
[2024-10-12T07:55:31.643+0800][info] GC(414) Concurrent Rebuild Remembered Sets 1.301ms
[2024-10-12T07:55:31.644+0800][info] GC(414) Pause Cleanup
[2024-10-12T07:55:31.644+0800][info] GC(414) Pause Cleanup 111M->111M(128M) 0.287ms
[2024-10-12T07:55:31.644+0800][info] GC(414) User=0.00s Sys=0.00s Real=0.00s
[2024-10-12T07:55:31.644+0800][info] GC(414) Concurrent Cleanup for Next Mark
[2024-10-12T07:55:31.644+0800][info] GC(414) Concurrent Cleanup for Next Mark 0.448ms
[2024-10-12T07:55:31.644+0800][info] GC(414) Concurrent Mark Cycle 10.336ms
[2024-10-12T07:55:31.787+0800][info] GC(415) Pause Young (Prepare Mixed) (G1 Preventive Collection)
[2024-10-12T07:55:31.787+0800][info] GC(415) Using 3 workers of 48 for evacuation
[2024-10-12T07:55:31.789+0800][info] GC(415)   Pre Evacuate Collection Set: 0.1ms
[2024-10-12T07:55:31.789+0800][info] GC(415)   Merge Heap Roots: 0.1ms
[2024-10-12T07:55:31.789+0800][info] GC(415)   Evacuate Collection Set: 1.1ms
[2024-10-12T07:55:31.789+0800][info] GC(415)   Post Evacuate Collection Set: 0.2ms
[2024-10-12T07:55:31.789+0800][info] GC(415)   Other: 0.2ms
[2024-10-12T07:55:31.789+0800][info] GC(415) Eden regions: 2->0(2)
[2024-10-12T07:55:31.789+0800][info] GC(415) Survivor regions: 1->1(1)
[2024-10-12T07:55:31.789+0800][info] GC(415) Old regions: 53->55
[2024-10-12T07:55:31.789+0800][info] GC(415) Archive regions: 2->2
[2024-10-12T07:55:31.789+0800][info] GC(415) Humongous regions: 3->3
[2024-10-12T07:55:31.789+0800][info] GC(415) Metaspace: 1677K(1856K)->1677K(1856K) NonClass: 1553K(1664K)->1553K(1664K) Class: 124K(192K)->124K(192K)
[2024-10-12T07:55:31.789+0800][info] GC(415) Pause Young (Prepare Mixed) (G1 Preventive Collection) 114M->115M(128M) 1.808ms
[2024-10-12T07:55:31.789+0800][info] GC(415) User=0.00s Sys=0.00s Real=0.00s
[2024-10-12T07:55:31.851+0800][info] GC(416) Pause Young (Mixed) (G1 Preventive Collection)
[2024-10-12T07:55:31.851+0800][info] GC(416) Using 3 workers of 48 for evacuation
[2024-10-12T07:55:31.852+0800][info] GC(416) To-space exhausted
[2024-10-12T07:55:31.852+0800][info] GC(416)   Pre Evacuate Collection Set: 0.1ms
[2024-10-12T07:55:31.852+0800][info] GC(416)   Merge Heap Roots: 0.1ms
[2024-10-12T07:55:31.852+0800][info] GC(416)   Evacuate Collection Set: 1.1ms
[2024-10-12T07:55:31.852+0800][info] GC(416)   Post Evacuate Collection Set: 0.3ms
[2024-10-12T07:55:31.852+0800][info] GC(416)   Other: 0.2ms
[2024-10-12T07:55:31.852+0800][info] GC(416) Eden regions: 1->0(2)
[2024-10-12T07:55:31.852+0800][info] GC(416) Survivor regions: 1->1(1)
[2024-10-12T07:55:31.852+0800][info] GC(416) Old regions: 55->55
[2024-10-12T07:55:31.852+0800][info] GC(416) Archive regions: 2->2
[2024-10-12T07:55:31.853+0800][info] GC(416) Humongous regions: 3->3
[2024-10-12T07:55:31.853+0800][info] GC(416) Metaspace: 1677K(1856K)->1677K(1856K) NonClass: 1553K(1664K)->1553K(1664K) Class: 124K(192K)->124K(192K)
[2024-10-12T07:55:31.853+0800][info] GC(416) Pause Young (Mixed) (G1 Preventive Collection) 116M->116M(128M) 1.978ms
[2024-10-12T07:55:31.853+0800][info] GC(416) User=0.01s Sys=0.00s Real=0.00s
[2024-10-12T07:55:31.894+0800][info] GC(417) Pause Young (Mixed) (G1 Preventive Collection)
[2024-10-12T07:55:31.894+0800][info] GC(417) Using 3 workers of 48 for evacuation
[2024-10-12T07:55:31.895+0800][info] GC(417) To-space exhausted
[2024-10-12T07:55:31.895+0800][info] GC(417)   Pre Evacuate Collection Set: 0.1ms
[2024-10-12T07:55:31.895+0800][info] GC(417)   Merge Heap Roots: 0.1ms
[2024-10-12T07:55:31.895+0800][info] GC(417)   Evacuate Collection Set: 0.9ms
[2024-10-12T07:55:31.895+0800][info] GC(417)   Post Evacuate Collection Set: 0.3ms
[2024-10-12T07:55:31.895+0800][info] GC(417)   Other: 0.2ms
[2024-10-12T07:55:31.895+0800][info] GC(417) Eden regions: 1->0(2)
[2024-10-12T07:55:31.895+0800][info] GC(417) Survivor regions: 1->1(1)
[2024-10-12T07:55:31.895+0800][info] GC(417) Old regions: 55->56
[2024-10-12T07:55:31.895+0800][info] GC(417) Archive regions: 2->2
[2024-10-12T07:55:31.895+0800][info] GC(417) Humongous regions: 3->3
[2024-10-12T07:55:31.895+0800][info] GC(417) Metaspace: 1677K(1856K)->1677K(1856K) NonClass: 1553K(1664K)->1553K(1664K) Class: 124K(192K)->124K(192K)
[2024-10-12T07:55:31.895+0800][info] GC(417) Pause Young (Mixed) (G1 Preventive Collection) 118M->118M(128M) 1.727ms
[2024-10-12T07:55:31.895+0800][info] GC(417) User=0.00s Sys=0.00s Real=0.00s
[2024-10-12T07:55:31.957+0800][info] GC(418) Pause Young (Mixed) (G1 Preventive Collection)
[2024-10-12T07:55:31.957+0800][info] GC(418) Using 3 workers of 48 for evacuation
[2024-10-12T07:55:31.958+0800][info] GC(418) To-space exhausted
[2024-10-12T07:55:31.958+0800][info] GC(418)   Pre Evacuate Collection Set: 0.1ms
[2024-10-12T07:55:31.958+0800][info] GC(418)   Merge Heap Roots: 0.1ms
[2024-10-12T07:55:31.958+0800][info] GC(418)   Evacuate Collection Set: 0.7ms
[2024-10-12T07:55:31.958+0800][info] GC(418)   Post Evacuate Collection Set: 0.3ms
[2024-10-12T07:55:31.958+0800][info] GC(418)   Other: 0.2ms
[2024-10-12T07:55:31.958+0800][info] GC(418) Eden regions: 1->0(2)
[2024-10-12T07:55:31.958+0800][info] GC(418) Survivor regions: 1->1(1)
[2024-10-12T07:55:31.958+0800][info] GC(418) Old regions: 56->57
[2024-10-12T07:55:31.958+0800][info] GC(418) Archive regions: 2->2
[2024-10-12T07:55:31.958+0800][info] GC(418) Humongous regions: 3->3
[2024-10-12T07:55:31.958+0800][info] GC(418) Metaspace: 1677K(1856K)->1677K(1856K) NonClass: 1553K(1664K)->1553K(1664K) Class: 124K(192K)->124K(192K)
[2024-10-12T07:55:31.958+0800][info] GC(418) Pause Young (Mixed) (G1 Preventive Collection) 119M->119M(128M) 1.518ms
[2024-10-12T07:55:31.958+0800][info] GC(418) User=0.00s Sys=0.00s Real=0.00s
[2024-10-12T07:55:31.999+0800][info] GC(419) Pause Young (Concurrent Start) (G1 Evacuation Pause)
[2024-10-12T07:55:31.999+0800][info] GC(419) Using 3 workers of 48 for evacuation
[2024-10-12T07:55:32.000+0800][info] GC(419) To-space exhausted
[2024-10-12T07:55:32.000+0800][info] GC(419)   Pre Evacuate Collection Set: 0.1ms
[2024-10-12T07:55:32.000+0800][info] GC(419)   Merge Heap Roots: 0.1ms
[2024-10-12T07:55:32.000+0800][info] GC(419)   Evacuate Collection Set: 0.3ms
[2024-10-12T07:55:32.000+0800][info] GC(419)   Post Evacuate Collection Set: 0.2ms
[2024-10-12T07:55:32.000+0800][info] GC(419)   Other: 0.4ms
[2024-10-12T07:55:32.000+0800][info] GC(419) Eden regions: 1->0(3)
[2024-10-12T07:55:32.000+0800][info] GC(419) Survivor regions: 1->0(0)
[2024-10-12T07:55:32.000+0800][info] GC(419) Old regions: 57->59
[2024-10-12T07:55:32.000+0800][info] GC(419) Archive regions: 2->2
[2024-10-12T07:55:32.000+0800][info] GC(419) Humongous regions: 3->3
[2024-10-12T07:55:32.000+0800][info] GC(419) Metaspace: 1677K(1856K)->1677K(1856K) NonClass: 1553K(1664K)->1553K(1664K) Class: 124K(192K)->124K(192K)
[2024-10-12T07:55:32.000+0800][info] GC(419) Pause Young (Concurrent Start) (G1 Evacuation Pause) 121M->121M(128M) 1.130ms
[2024-10-12T07:55:32.000+0800][info] GC(419) User=0.01s Sys=0.00s Real=0.00s
[2024-10-12T07:55:32.000+0800][info] Attempting full compaction
[2024-10-12T07:55:32.000+0800][info] GC(420) Using 3 workers of 48 for full compaction
[2024-10-12T07:55:32.000+0800][info] GC(420) Pause Full (G1 Compaction Pause)
[2024-10-12T07:55:32.000+0800][info] GC(421) Concurrent Mark Cycle
[2024-10-12T07:55:32.000+0800][info] GC(421) Concurrent Clear Claimed Marks
[2024-10-12T07:55:32.000+0800][info] GC(421) Concurrent Clear Claimed Marks 0.017ms
[2024-10-12T07:55:32.000+0800][info] GC(421) Concurrent Scan Root Regions
[2024-10-12T07:55:32.000+0800][info] GC(421) Concurrent Scan Root Regions 0.010ms
[2024-10-12T07:55:32.000+0800][info] GC(421) Concurrent Mark
[2024-10-12T07:55:32.000+0800][info] GC(421) Concurrent Mark From Roots
[2024-10-12T07:55:32.000+0800][info] GC(421) Using 12 workers of 12 for marking
[2024-10-12T07:55:32.001+0800][info] GC(420) Phase 1: Mark live objects
[2024-10-12T07:55:32.005+0800][info] GC(420) Phase 1: Mark live objects 4.587ms
[2024-10-12T07:55:32.005+0800][info] GC(420) Phase 2: Prepare for compaction
[2024-10-12T07:55:32.006+0800][info] GC(420) Phase 2: Prepare for compaction 0.659ms
[2024-10-12T07:55:32.006+0800][info] GC(420) Phase 3: Adjust pointers
[2024-10-12T07:55:32.008+0800][info] GC(420) Phase 3: Adjust pointers 1.663ms
[2024-10-12T07:55:32.008+0800][info] GC(420) Phase 4: Compact heap
[2024-10-12T07:55:32.020+0800][info] GC(420) Phase 4: Compact heap 12.691ms
[2024-10-12T07:55:32.022+0800][info] GC(420) Eden regions: 0->0(4)
[2024-10-12T07:55:32.022+0800][info] GC(420) Survivor regions: 0->0(0)
[2024-10-12T07:55:32.022+0800][info] GC(420) Old regions: 59->39
[2024-10-12T07:55:32.022+0800][info] GC(420) Archive regions: 2->2
[2024-10-12T07:55:32.022+0800][info] GC(420) Humongous regions: 3->3
[2024-10-12T07:55:32.022+0800][info] GC(420) Metaspace: 1677K(1856K)->1677K(1856K) NonClass: 1553K(1664K)->1553K(1664K) Class: 124K(192K)->124K(192K)
[2024-10-12T07:55:32.022+0800][info] GC(420) Pause Full (G1 Compaction Pause) 121M->72M(128M) 21.715ms
[2024-10-12T07:55:32.022+0800][info] GC(420) User=0.05s Sys=0.00s Real=0.02s
[2024-10-12T07:55:32.022+0800][info] GC(421) Concurrent Mark From Roots 21.921ms
[2024-10-12T07:55:32.022+0800][info] GC(421) Concurrent Mark Abort
[2024-10-12T07:55:32.022+0800][info] GC(421) Concurrent Mark Cycle 22.097ms
[2024-10-12T07:55:32.248+0800][info] GC(422) Pause Young (Normal) (G1 Evacuation Pause)
[2024-10-12T07:55:32.248+0800][info] GC(422) Using 3 workers of 48 for evacuation
[2024-10-12T07:55:32.250+0800][info] GC(422)   Pre Evacuate Collection Set: 0.1ms
[2024-10-12T07:55:32.250+0800][info] GC(422)   Merge Heap Roots: 0.0ms
[2024-10-12T07:55:32.250+0800][info] GC(422)   Evacuate Collection Set: 1.5ms
[2024-10-12T07:55:32.250+0800][info] GC(422)   Post Evacuate Collection Set: 0.2ms
[2024-10-12T07:55:32.250+0800][info] GC(422)   Other: 0.3ms
[2024-10-12T07:55:32.250+0800][info] GC(422) Eden regions: 4->0(2)
[2024-10-12T07:55:32.250+0800][info] GC(422) Survivor regions: 0->1(1)
[2024-10-12T07:55:32.250+0800][info] GC(422) Old regions: 39->42
[2024-10-12T07:55:32.250+0800][info] GC(422) Archive regions: 2->2
[2024-10-12T07:55:32.250+0800][info] GC(422) Humongous regions: 3->3
[2024-10-12T07:55:32.250+0800][info] GC(422) Metaspace: 1677K(1856K)->1677K(1856K) NonClass: 1553K(1664K)->1553K(1664K) Class: 124K(192K)->124K(192K)
[2024-10-12T07:55:32.250+0800][info] GC(422) Pause Young (Normal) (G1 Evacuation Pause) 80M->80M(128M) 2.178ms
[2024-10-12T07:55:32.250+0800][info] GC(422) User=0.01s Sys=0.00s Real=0.00s
[2024-10-12T07:55:32.352+0800][info] GC(423) Pause Young (Normal) (G1 Evacuation Pause)
[2024-10-12T07:55:32.352+0800][info] GC(423) Using 3 workers of 48 for evacuation
[2024-10-12T07:55:32.354+0800][info] GC(423)   Pre Evacuate Collection Set: 0.1ms
[2024-10-12T07:55:32.354+0800][info] GC(423)   Merge Heap Roots: 0.0ms
[2024-10-12T07:55:32.354+0800][info] GC(423)   Evacuate Collection Set: 1.4ms
[2024-10-12T07:55:32.354+0800][info] GC(423)   Post Evacuate Collection Set: 0.2ms
[2024-10-12T07:55:32.354+0800][info] GC(423)   Other: 0.2ms
[2024-10-12T07:55:32.354+0800][info] GC(423) Eden regions: 2->0(2)
[2024-10-12T07:55:32.354+0800][info] GC(423) Survivor regions: 1->1(1)
[2024-10-12T07:55:32.354+0800][info] GC(423) Old regions: 42->44
[2024-10-12T07:55:32.354+0800][info] GC(423) Archive regions: 2->2
[2024-10-12T07:55:32.354+0800][info] GC(423) Humongous regions: 3->3
[2024-10-12T07:55:32.354+0800][info] GC(423) Metaspace: 1677K(1856K)->1677K(1856K) NonClass: 1553K(1664K)->1553K(1664K) Class: 124K(192K)->124K(192K)
[2024-10-12T07:55:32.354+0800][info] GC(423) Pause Young (Normal) (G1 Evacuation Pause) 83M->84M(128M) 2.071ms
[2024-10-12T07:55:32.354+0800][info] GC(423) User=0.00s Sys=0.00s Real=0.01s
[2024-10-12T07:55:32.456+0800][info] GC(424) Pause Young (Normal) (G1 Evacuation Pause)
[2024-10-12T07:55:32.456+0800][info] GC(424) Using 3 workers of 48 for evacuation
[2024-10-12T07:55:32.458+0800][info] GC(424)   Pre Evacuate Collection Set: 0.1ms
[2024-10-12T07:55:32.458+0800][info] GC(424)   Merge Heap Roots: 0.1ms
[2024-10-12T07:55:32.458+0800][info] GC(424)   Evacuate Collection Set: 1.4ms
[2024-10-12T07:55:32.458+0800][info] GC(424)   Post Evacuate Collection Set: 0.2ms
[2024-10-12T07:55:32.458+0800][info] GC(424)   Other: 0.2ms
[2024-10-12T07:55:32.458+0800][info] GC(424) Eden regions: 2->0(2)
[2024-10-12T07:55:32.458+0800][info] GC(424) Survivor regions: 1->1(1)
[2024-10-12T07:55:32.458+0800][info] GC(424) Old regions: 44->46
[2024-10-12T07:55:32.458+0800][info] GC(424) Archive regions: 2->2
[2024-10-12T07:55:32.458+0800][info] GC(424) Humongous regions: 3->3
[2024-10-12T07:55:32.458+0800][info] GC(424) Metaspace: 1677K(1856K)->1677K(1856K) NonClass: 1553K(1664K)->1553K(1664K) Class: 124K(192K)->124K(192K)
[2024-10-12T07:55:32.459+0800][info] GC(424) Pause Young (Normal) (G1 Evacuation Pause) 87M->88M(128M) 2.084ms
[2024-10-12T07:55:32.459+0800][info] GC(424) User=0.01s Sys=0.00s Real=0.00s
[2024-10-12T07:55:32.561+0800][info] GC(425) Pause Young (Concurrent Start) (G1 Evacuation Pause)
[2024-10-12T07:55:32.561+0800][info] GC(425) Using 3 workers of 48 for evacuation
[2024-10-12T07:55:32.563+0800][info] GC(425)   Pre Evacuate Collection Set: 0.1ms
[2024-10-12T07:55:32.563+0800][info] GC(425)   Merge Heap Roots: 0.1ms
[2024-10-12T07:55:32.563+0800][info] GC(425)   Evacuate Collection Set: 1.1ms
[2024-10-12T07:55:32.563+0800][info] GC(425)   Post Evacuate Collection Set: 0.2ms
[2024-10-12T07:55:32.563+0800][info] GC(425)   Other: 0.4ms
[2024-10-12T07:55:32.563+0800][info] GC(425) Eden regions: 2->0(2)
[2024-10-12T07:55:32.563+0800][info] GC(425) Survivor regions: 1->1(1)
[2024-10-12T07:55:32.563+0800][info] GC(425) Old regions: 46->48
[2024-10-12T07:55:32.563+0800][info] GC(425) Archive regions: 2->2
[2024-10-12T07:55:32.563+0800][info] GC(425) Humongous regions: 3->3
[2024-10-12T07:55:32.563+0800][info] GC(425) Metaspace: 1677K(1856K)->1677K(1856K) NonClass: 1553K(1664K)->1553K(1664K) Class: 124K(192K)->124K(192K)
[2024-10-12T07:55:32.563+0800][info] GC(425) Pause Young (Concurrent Start) (G1 Evacuation Pause) 91M->91M(128M) 1.894ms
[2024-10-12T07:55:32.563+0800][info] GC(425) User=0.00s Sys=0.00s Real=0.00s
[2024-10-12T07:55:32.563+0800][info] GC(426) Concurrent Mark Cycle
[2024-10-12T07:55:32.563+0800][info] GC(426) Concurrent Clear Claimed Marks
[2024-10-12T07:55:32.563+0800][info] GC(426) Concurrent Clear Claimed Marks 0.016ms
[2024-10-12T07:55:32.563+0800][info] GC(426) Concurrent Scan Root Regions
[2024-10-12T07:55:32.563+0800][info] GC(426) Concurrent Scan Root Regions 0.120ms
[2024-10-12T07:55:32.563+0800][info] GC(426) Concurrent Mark
[2024-10-12T07:55:32.563+0800][info] GC(426) Concurrent Mark From Roots
[2024-10-12T07:55:32.563+0800][info] GC(426) Using 12 workers of 12 for marking
[2024-10-12T07:55:32.567+0800][info] GC(426) Concurrent Mark From Roots 4.200ms
[2024-10-12T07:55:32.567+0800][info] GC(426) Concurrent Preclean
[2024-10-12T07:55:32.569+0800][info] GC(426) Concurrent Preclean 1.686ms
[2024-10-12T07:55:32.569+0800][info] GC(426) Pause Remark
[2024-10-12T07:55:32.571+0800][info] GC(426) Pause Remark 92M->92M(128M) 1.577ms
[2024-10-12T07:55:32.571+0800][info] GC(426) User=0.00s Sys=0.00s Real=0.00s
[2024-10-12T07:55:32.571+0800][info] GC(426) Concurrent Mark 7.767ms
[2024-10-12T07:55:32.571+0800][info] GC(426) Concurrent Rebuild Remembered Sets
[2024-10-12T07:55:32.572+0800][info] GC(426) Concurrent Rebuild Remembered Sets 1.259ms
[2024-10-12T07:55:32.572+0800][info] GC(426) Pause Cleanup
[2024-10-12T07:55:32.572+0800][info] GC(426) Pause Cleanup 92M->92M(128M) 0.240ms
[2024-10-12T07:55:32.572+0800][info] GC(426) User=0.00s Sys=0.00s Real=0.00s
[2024-10-12T07:55:32.572+0800][info] GC(426) Concurrent Cleanup for Next Mark
[2024-10-12T07:55:32.573+0800][info] GC(426) Concurrent Cleanup for Next Mark 0.415ms
[2024-10-12T07:55:32.573+0800][info] GC(426) Concurrent Mark Cycle 10.101ms
[2024-10-12T07:55:32.716+0800][info] GC(427) Pause Young (Prepare Mixed) (G1 Evacuation Pause)
[2024-10-12T07:55:32.716+0800][info] GC(427) Using 3 workers of 48 for evacuation
[2024-10-12T07:55:32.718+0800][info] GC(427)   Pre Evacuate Collection Set: 0.1ms
[2024-10-12T07:55:32.718+0800][info] GC(427)   Merge Heap Roots: 0.1ms
[2024-10-12T07:55:32.718+0800][info] GC(427)   Evacuate Collection Set: 1.5ms
[2024-10-12T07:55:32.718+0800][info] GC(427)   Post Evacuate Collection Set: 0.2ms
[2024-10-12T07:55:32.718+0800][info] GC(427)   Other: 0.2ms
[2024-10-12T07:55:32.718+0800][info] GC(427) Eden regions: 2->0(2)
[2024-10-12T07:55:32.718+0800][info] GC(427) Survivor regions: 1->1(1)
[2024-10-12T07:55:32.718+0800][info] GC(427) Old regions: 48->50
[2024-10-12T07:55:32.718+0800][info] GC(427) Archive regions: 2->2
[2024-10-12T07:55:32.718+0800][info] GC(427) Humongous regions: 3->3
[2024-10-12T07:55:32.718+0800][info] GC(427) Metaspace: 1677K(1856K)->1677K(1856K) NonClass: 1553K(1664K)->1553K(1664K) Class: 124K(192K)->124K(192K)
[2024-10-12T07:55:32.718+0800][info] GC(427) Pause Young (Prepare Mixed) (G1 Evacuation Pause) 95M->96M(128M) 2.170ms
[2024-10-12T07:55:32.718+0800][info] GC(427) User=0.01s Sys=0.00s Real=0.00s
[2024-10-12T07:55:32.820+0800][info] GC(428) Pause Young (Mixed) (G1 Evacuation Pause)
[2024-10-12T07:55:32.820+0800][info] GC(428) Using 3 workers of 48 for evacuation
[2024-10-12T07:55:32.823+0800][info] GC(428)   Pre Evacuate Collection Set: 0.1ms
[2024-10-12T07:55:32.823+0800][info] GC(428)   Merge Heap Roots: 0.1ms
[2024-10-12T07:55:32.823+0800][info] GC(428)   Evacuate Collection Set: 2.0ms
[2024-10-12T07:55:32.823+0800][info] GC(428)   Post Evacuate Collection Set: 0.3ms
[2024-10-12T07:55:32.823+0800][info] GC(428)   Other: 0.2ms
[2024-10-12T07:55:32.823+0800][info] GC(428) Eden regions: 2->0(2)
[2024-10-12T07:55:32.823+0800][info] GC(428) Survivor regions: 1->1(1)
[2024-10-12T07:55:32.823+0800][info] GC(428) Old regions: 50->47
[2024-10-12T07:55:32.823+0800][info] GC(428) Archive regions: 2->2
[2024-10-12T07:55:32.823+0800][info] GC(428) Humongous regions: 3->3
[2024-10-12T07:55:32.823+0800][info] GC(428) Metaspace: 1677K(1856K)->1677K(1856K) NonClass: 1553K(1664K)->1553K(1664K) Class: 124K(192K)->124K(192K)
[2024-10-12T07:55:32.823+0800][info] GC(428) Pause Young (Mixed) (G1 Evacuation Pause) 99M->94M(128M) 2.824ms
[2024-10-12T07:55:32.823+0800][info] GC(428) User=0.00s Sys=0.00s Real=0.00s
[2024-10-12T07:55:32.926+0800][info] GC(429) Pause Young (Mixed) (G1 Evacuation Pause)
[2024-10-12T07:55:32.926+0800][info] GC(429) Using 3 workers of 48 for evacuation
[2024-10-12T07:55:32.928+0800][info] GC(429)   Pre Evacuate Collection Set: 0.1ms
[2024-10-12T07:55:32.928+0800][info] GC(429)   Merge Heap Roots: 0.1ms
[2024-10-12T07:55:32.928+0800][info] GC(429)   Evacuate Collection Set: 1.5ms
[2024-10-12T07:55:32.928+0800][info] GC(429)   Post Evacuate Collection Set: 0.2ms
[2024-10-12T07:55:32.928+0800][info] GC(429)   Other: 0.2ms
[2024-10-12T07:55:32.928+0800][info] GC(429) Eden regions: 2->0(2)
[2024-10-12T07:55:32.928+0800][info] GC(429) Survivor regions: 1->1(1)
[2024-10-12T07:55:32.928+0800][info] GC(429) Old regions: 47->48
[2024-10-12T07:55:32.928+0800][info] GC(429) Archive regions: 2->2
[2024-10-12T07:55:32.928+0800][info] GC(429) Humongous regions: 3->3
[2024-10-12T07:55:32.928+0800][info] GC(429) Metaspace: 1677K(1856K)->1677K(1856K) NonClass: 1553K(1664K)->1553K(1664K) Class: 124K(192K)->124K(192K)
[2024-10-12T07:55:32.928+0800][info] GC(429) Pause Young (Mixed) (G1 Evacuation Pause) 97M->96M(128M) 2.203ms
[2024-10-12T07:55:32.928+0800][info] GC(429) User=0.00s Sys=0.00s Real=0.00s
[2024-10-12T07:55:33.030+0800][info] GC(430) Pause Young (Normal) (G1 Evacuation Pause)
[2024-10-12T07:55:33.030+0800][info] GC(430) Using 3 workers of 48 for evacuation
[2024-10-12T07:55:33.032+0800][info] GC(430)   Pre Evacuate Collection Set: 0.1ms
[2024-10-12T07:55:33.032+0800][info] GC(430)   Merge Heap Roots: 0.0ms
[2024-10-12T07:55:33.032+0800][info] GC(430)   Evacuate Collection Set: 1.3ms
[2024-10-12T07:55:33.032+0800][info] GC(430)   Post Evacuate Collection Set: 0.2ms
[2024-10-12T07:55:33.032+0800][info] GC(430)   Other: 0.2ms
[2024-10-12T07:55:33.032+0800][info] GC(430) Eden regions: 2->0(2)
[2024-10-12T07:55:33.032+0800][info] GC(430) Survivor regions: 1->1(1)
[2024-10-12T07:55:33.032+0800][info] GC(430) Old regions: 48->49
[2024-10-12T07:55:33.032+0800][info] GC(430) Archive regions: 2->2
[2024-10-12T07:55:33.032+0800][info] GC(430) Humongous regions: 3->3
[2024-10-12T07:55:33.032+0800][info] GC(430) Metaspace: 1677K(1856K)->1677K(1856K) NonClass: 1553K(1664K)->1553K(1664K) Class: 124K(192K)->124K(192K)
[2024-10-12T07:55:33.032+0800][info] GC(430) Pause Young (Normal) (G1 Evacuation Pause) 99M->99M(128M) 1.964ms
[2024-10-12T07:55:33.032+0800][info] GC(430) User=0.01s Sys=0.00s Real=0.00s
[2024-10-12T07:55:33.134+0800][info] GC(431) Pause Young (Concurrent Start) (G1 Evacuation Pause)
[2024-10-12T07:55:33.134+0800][info] GC(431) Using 3 workers of 48 for evacuation
[2024-10-12T07:55:33.136+0800][info] GC(431)   Pre Evacuate Collection Set: 0.1ms
[2024-10-12T07:55:33.136+0800][info] GC(431)   Merge Heap Roots: 0.1ms
[2024-10-12T07:55:33.136+0800][info] GC(431)   Evacuate Collection Set: 1.0ms
[2024-10-12T07:55:33.136+0800][info] GC(431)   Post Evacuate Collection Set: 0.2ms
[2024-10-12T07:55:33.136+0800][info] GC(431)   Other: 0.4ms
[2024-10-12T07:55:33.136+0800][info] GC(431) Eden regions: 2->0(2)
[2024-10-12T07:55:33.136+0800][info] GC(431) Survivor regions: 1->1(1)
[2024-10-12T07:55:33.136+0800][info] GC(431) Old regions: 49->51
[2024-10-12T07:55:33.136+0800][info] GC(431) Archive regions: 2->2
[2024-10-12T07:55:33.136+0800][info] GC(431) Humongous regions: 3->3
[2024-10-12T07:55:33.136+0800][info] GC(431) Metaspace: 1677K(1856K)->1677K(1856K) NonClass: 1553K(1664K)->1553K(1664K) Class: 124K(192K)->124K(192K)
[2024-10-12T07:55:33.136+0800][info] GC(431) Pause Young (Concurrent Start) (G1 Evacuation Pause) 102M->103M(128M) 1.879ms
[2024-10-12T07:55:33.136+0800][info] GC(431) User=0.00s Sys=0.00s Real=0.00s
[2024-10-12T07:55:33.136+0800][info] GC(432) Concurrent Mark Cycle
[2024-10-12T07:55:33.136+0800][info] GC(432) Concurrent Clear Claimed Marks
[2024-10-12T07:55:33.136+0800][info] GC(432) Concurrent Clear Claimed Marks 0.017ms
[2024-10-12T07:55:33.136+0800][info] GC(432) Concurrent Scan Root Regions
[2024-10-12T07:55:33.137+0800][info] GC(432) Concurrent Scan Root Regions 0.157ms
[2024-10-12T07:55:33.137+0800][info] GC(432) Concurrent Mark
[2024-10-12T07:55:33.137+0800][info] GC(432) Concurrent Mark From Roots
[2024-10-12T07:55:33.137+0800][info] GC(432) Using 12 workers of 12 for marking
[2024-10-12T07:55:33.141+0800][info] GC(432) Concurrent Mark From Roots 4.007ms
[2024-10-12T07:55:33.141+0800][info] GC(432) Concurrent Preclean
[2024-10-12T07:55:33.142+0800][info] GC(432) Concurrent Preclean 1.687ms
[2024-10-12T07:55:33.142+0800][info] GC(432) Pause Remark
[2024-10-12T07:55:33.144+0800][info] GC(432) Pause Remark 103M->103M(128M) 1.666ms
[2024-10-12T07:55:33.144+0800][info] GC(432) User=0.00s Sys=0.00s Real=0.00s
[2024-10-12T07:55:33.144+0800][info] GC(432) Concurrent Mark 7.676ms
[2024-10-12T07:55:33.144+0800][info] GC(432) Concurrent Rebuild Remembered Sets
[2024-10-12T07:55:33.146+0800][info] GC(432) Concurrent Rebuild Remembered Sets 1.240ms
[2024-10-12T07:55:33.146+0800][info] GC(432) Pause Cleanup
[2024-10-12T07:55:33.146+0800][info] GC(432) Pause Cleanup 103M->103M(128M) 0.230ms
[2024-10-12T07:55:33.146+0800][info] GC(432) User=0.00s Sys=0.00s Real=0.00s
[2024-10-12T07:55:33.146+0800][info] GC(432) Concurrent Cleanup for Next Mark
[2024-10-12T07:55:33.146+0800][info] GC(432) Concurrent Cleanup for Next Mark 0.482ms
[2024-10-12T07:55:33.146+0800][info] GC(432) Concurrent Mark Cycle 10.124ms
[2024-10-12T07:55:33.289+0800][info] GC(433) Pause Young (Prepare Mixed) (G1 Evacuation Pause)
[2024-10-12T07:55:33.289+0800][info] GC(433) Using 3 workers of 48 for evacuation
[2024-10-12T07:55:33.291+0800][info] GC(433)   Pre Evacuate Collection Set: 0.1ms
[2024-10-12T07:55:33.291+0800][info] GC(433)   Merge Heap Roots: 0.1ms
[2024-10-12T07:55:33.291+0800][info] GC(433)   Evacuate Collection Set: 0.9ms
[2024-10-12T07:55:33.291+0800][info] GC(433)   Post Evacuate Collection Set: 0.2ms
[2024-10-12T07:55:33.291+0800][info] GC(433)   Other: 0.2ms
[2024-10-12T07:55:33.291+0800][info] GC(433) Eden regions: 2->0(2)
[2024-10-12T07:55:33.291+0800][info] GC(433) Survivor regions: 1->1(1)
[2024-10-12T07:55:33.291+0800][info] GC(433) Old regions: 51->53
[2024-10-12T07:55:33.291+0800][info] GC(433) Archive regions: 2->2
[2024-10-12T07:55:33.291+0800][info] GC(433) Humongous regions: 3->3
[2024-10-12T07:55:33.291+0800][info] GC(433) Metaspace: 1677K(1856K)->1677K(1856K) NonClass: 1553K(1664K)->1553K(1664K) Class: 124K(192K)->124K(192K)
[2024-10-12T07:55:33.291+0800][info] GC(433) Pause Young (Prepare Mixed) (G1 Evacuation Pause) 106M->106M(128M) 1.574ms
[2024-10-12T07:55:33.291+0800][info] GC(433) User=0.00s Sys=0.00s Real=0.00s
[2024-10-12T07:55:33.352+0800][info] GC(434) Pause Young (Mixed) (G1 Preventive Collection)
[2024-10-12T07:55:33.352+0800][info] GC(434) Using 3 workers of 48 for evacuation
[2024-10-12T07:55:33.354+0800][info] GC(434)   Pre Evacuate Collection Set: 0.1ms
[2024-10-12T07:55:33.354+0800][info] GC(434)   Merge Heap Roots: 0.1ms
[2024-10-12T07:55:33.354+0800][info] GC(434)   Evacuate Collection Set: 1.1ms
[2024-10-12T07:55:33.354+0800][info] GC(434)   Post Evacuate Collection Set: 0.2ms
[2024-10-12T07:55:33.354+0800][info] GC(434)   Other: 0.2ms
[2024-10-12T07:55:33.354+0800][info] GC(434) Eden regions: 1->0(2)
[2024-10-12T07:55:33.354+0800][info] GC(434) Survivor regions: 1->1(1)
[2024-10-12T07:55:33.354+0800][info] GC(434) Old regions: 53->48
[2024-10-12T07:55:33.354+0800][info] GC(434) Archive regions: 2->2
[2024-10-12T07:55:33.354+0800][info] GC(434) Humongous regions: 3->3
[2024-10-12T07:55:33.354+0800][info] GC(434) Metaspace: 1677K(1856K)->1677K(1856K) NonClass: 1553K(1664K)->1553K(1664K) Class: 124K(192K)->124K(192K)
[2024-10-12T07:55:33.354+0800][info] GC(434) Pause Young (Mixed) (G1 Preventive Collection) 108M->98M(128M) 1.844ms
[2024-10-12T07:55:33.354+0800][info] GC(434) User=0.01s Sys=0.00s Real=0.01s
[2024-10-12T07:55:33.457+0800][info] GC(435) Pause Young (Mixed) (G1 Evacuation Pause)
[2024-10-12T07:55:33.457+0800][info] GC(435) Using 3 workers of 48 for evacuation
[2024-10-12T07:55:33.460+0800][info] GC(435)   Pre Evacuate Collection Set: 0.1ms
[2024-10-12T07:55:33.460+0800][info] GC(435)   Merge Heap Roots: 0.1ms
[2024-10-12T07:55:33.460+0800][info] GC(435)   Evacuate Collection Set: 2.1ms
[2024-10-12T07:55:33.460+0800][info] GC(435)   Post Evacuate Collection Set: 0.3ms
[2024-10-12T07:55:33.460+0800][info] GC(435)   Other: 0.2ms
[2024-10-12T07:55:33.460+0800][info] GC(435) Eden regions: 2->0(2)
[2024-10-12T07:55:33.460+0800][info] GC(435) Survivor regions: 1->1(1)
[2024-10-12T07:55:33.460+0800][info] GC(435) Old regions: 48->47
[2024-10-12T07:55:33.460+0800][info] GC(435) Archive regions: 2->2
[2024-10-12T07:55:33.460+0800][info] GC(435) Humongous regions: 4->3
[2024-10-12T07:55:33.460+0800][info] GC(435) Metaspace: 1677K(1856K)->1677K(1856K) NonClass: 1553K(1664K)->1553K(1664K) Class: 124K(192K)->124K(192K)
[2024-10-12T07:55:33.460+0800][info] GC(435) Pause Young (Mixed) (G1 Evacuation Pause) 104M->97M(128M) 2.824ms
[2024-10-12T07:55:33.460+0800][info] GC(435) User=0.01s Sys=0.00s Real=0.00s
[2024-10-12T07:55:33.562+0800][info] GC(436) Pause Young (Mixed) (G1 Evacuation Pause)
[2024-10-12T07:55:33.562+0800][info] GC(436) Using 3 workers of 48 for evacuation
[2024-10-12T07:55:33.564+0800][info] GC(436)   Pre Evacuate Collection Set: 0.1ms
[2024-10-12T07:55:33.564+0800][info] GC(436)   Merge Heap Roots: 0.0ms
[2024-10-12T07:55:33.564+0800][info] GC(436)   Evacuate Collection Set: 1.2ms
[2024-10-12T07:55:33.564+0800][info] GC(436)   Post Evacuate Collection Set: 0.2ms
[2024-10-12T07:55:33.564+0800][info] GC(436)   Other: 0.2ms
[2024-10-12T07:55:33.564+0800][info] GC(436) Eden regions: 2->0(2)
[2024-10-12T07:55:33.564+0800][info] GC(436) Survivor regions: 1->1(1)
[2024-10-12T07:55:33.564+0800][info] GC(436) Old regions: 47->49
[2024-10-12T07:55:33.564+0800][info] GC(436) Archive regions: 2->2
[2024-10-12T07:55:33.564+0800][info] GC(436) Humongous regions: 3->3
[2024-10-12T07:55:33.564+0800][info] GC(436) Metaspace: 1677K(1856K)->1677K(1856K) NonClass: 1553K(1664K)->1553K(1664K) Class: 124K(192K)->124K(192K)
[2024-10-12T07:55:33.564+0800][info] GC(436) Pause Young (Mixed) (G1 Evacuation Pause) 100M->101M(128M) 1.775ms
[2024-10-12T07:55:33.564+0800][info] GC(436) User=0.00s Sys=0.00s Real=0.00s
[2024-10-12T07:55:33.666+0800][info] GC(437) Pause Young (Normal) (G1 Evacuation Pause)
[2024-10-12T07:55:33.666+0800][info] GC(437) Using 3 workers of 48 for evacuation
[2024-10-12T07:55:33.667+0800][info] GC(437)   Pre Evacuate Collection Set: 0.1ms
[2024-10-12T07:55:33.667+0800][info] GC(437)   Merge Heap Roots: 0.1ms
[2024-10-12T07:55:33.667+0800][info] GC(437)   Evacuate Collection Set: 0.8ms
[2024-10-12T07:55:33.667+0800][info] GC(437)   Post Evacuate Collection Set: 0.2ms
[2024-10-12T07:55:33.667+0800][info] GC(437)   Other: 0.2ms
[2024-10-12T07:55:33.667+0800][info] GC(437) Eden regions: 2->0(2)
[2024-10-12T07:55:33.667+0800][info] GC(437) Survivor regions: 1->1(1)
[2024-10-12T07:55:33.668+0800][info] GC(437) Old regions: 49->50
[2024-10-12T07:55:33.668+0800][info] GC(437) Archive regions: 2->2
[2024-10-12T07:55:33.668+0800][info] GC(437) Humongous regions: 3->3
[2024-10-12T07:55:33.668+0800][info] GC(437) Metaspace: 1677K(1856K)->1677K(1856K) NonClass: 1553K(1664K)->1553K(1664K) Class: 124K(192K)->124K(192K)
[2024-10-12T07:55:33.668+0800][info] GC(437) Pause Young (Normal) (G1 Evacuation Pause) 104M->104M(128M) 1.477ms
[2024-10-12T07:55:33.668+0800][info] GC(437) User=0.00s Sys=0.00s Real=0.00s
[2024-10-12T07:55:33.769+0800][info] GC(438) Pause Young (Concurrent Start) (G1 Evacuation Pause)
[2024-10-12T07:55:33.769+0800][info] GC(438) Using 3 workers of 48 for evacuation
[2024-10-12T07:55:33.771+0800][info] GC(438)   Pre Evacuate Collection Set: 0.1ms
[2024-10-12T07:55:33.771+0800][info] GC(438)   Merge Heap Roots: 0.1ms
[2024-10-12T07:55:33.771+0800][info] GC(438)   Evacuate Collection Set: 1.0ms
[2024-10-12T07:55:33.771+0800][info] GC(438)   Post Evacuate Collection Set: 0.2ms
[2024-10-12T07:55:33.771+0800][info] GC(438)   Other: 0.4ms
[2024-10-12T07:55:33.771+0800][info] GC(438) Eden regions: 2->0(2)
[2024-10-12T07:55:33.771+0800][info] GC(438) Survivor regions: 1->1(1)
[2024-10-12T07:55:33.771+0800][info] GC(438) Old regions: 50->52
[2024-10-12T07:55:33.771+0800][info] GC(438) Archive regions: 2->2
[2024-10-12T07:55:33.771+0800][info] GC(438) Humongous regions: 3->3
[2024-10-12T07:55:33.771+0800][info] GC(438) Metaspace: 1677K(1856K)->1677K(1856K) NonClass: 1553K(1664K)->1553K(1664K) Class: 124K(192K)->124K(192K)
[2024-10-12T07:55:33.771+0800][info] GC(438) Pause Young (Concurrent Start) (G1 Evacuation Pause) 108M->108M(128M) 1.762ms
[2024-10-12T07:55:33.771+0800][info] GC(438) User=0.00s Sys=0.00s Real=0.00s
[2024-10-12T07:55:33.771+0800][info] GC(439) Concurrent Mark Cycle
[2024-10-12T07:55:33.771+0800][info] GC(439) Concurrent Clear Claimed Marks
[2024-10-12T07:55:33.771+0800][info] GC(439) Concurrent Clear Claimed Marks 0.016ms
[2024-10-12T07:55:33.771+0800][info] GC(439) Concurrent Scan Root Regions
[2024-10-12T07:55:33.772+0800][info] GC(439) Concurrent Scan Root Regions 0.153ms
[2024-10-12T07:55:33.772+0800][info] GC(439) Concurrent Mark
[2024-10-12T07:55:33.772+0800][info] GC(439) Concurrent Mark From Roots
[2024-10-12T07:55:33.772+0800][info] GC(439) Using 12 workers of 12 for marking
[2024-10-12T07:55:33.775+0800][info] GC(439) Concurrent Mark From Roots 3.797ms
[2024-10-12T07:55:33.775+0800][info] GC(439) Concurrent Preclean
[2024-10-12T07:55:33.777+0800][info] GC(439) Concurrent Preclean 1.732ms
[2024-10-12T07:55:33.777+0800][info] GC(439) Pause Remark
[2024-10-12T07:55:33.779+0800][info] GC(439) Pause Remark 108M->108M(128M) 1.545ms
[2024-10-12T07:55:33.779+0800][info] GC(439) User=0.00s Sys=0.00s Real=0.00s
[2024-10-12T07:55:33.779+0800][info] GC(439) Concurrent Mark 7.323ms
[2024-10-12T07:55:33.779+0800][info] GC(439) Concurrent Rebuild Remembered Sets
[2024-10-12T07:55:33.780+0800][info] GC(439) Concurrent Rebuild Remembered Sets 1.306ms
[2024-10-12T07:55:33.780+0800][info] GC(439) Pause Cleanup
[2024-10-12T07:55:33.781+0800][info] GC(439) Pause Cleanup 108M->108M(128M) 0.227ms
[2024-10-12T07:55:33.781+0800][info] GC(439) User=0.00s Sys=0.00s Real=0.00s
[2024-10-12T07:55:33.781+0800][info] GC(439) Concurrent Cleanup for Next Mark
[2024-10-12T07:55:33.781+0800][info] GC(439) Concurrent Cleanup for Next Mark 0.325ms
[2024-10-12T07:55:33.781+0800][info] GC(439) Concurrent Mark Cycle 9.631ms
[2024-10-12T07:55:33.925+0800][info] GC(440) Pause Young (Prepare Mixed) (G1 Preventive Collection)
[2024-10-12T07:55:33.925+0800][info] GC(440) Using 3 workers of 48 for evacuation
[2024-10-12T07:55:33.926+0800][info] GC(440)   Pre Evacuate Collection Set: 0.1ms
[2024-10-12T07:55:33.926+0800][info] GC(440)   Merge Heap Roots: 0.1ms
[2024-10-12T07:55:33.926+0800][info] GC(440)   Evacuate Collection Set: 1.2ms
[2024-10-12T07:55:33.926+0800][info] GC(440)   Post Evacuate Collection Set: 0.2ms
[2024-10-12T07:55:33.926+0800][info] GC(440)   Other: 0.2ms
[2024-10-12T07:55:33.926+0800][info] GC(440) Eden regions: 2->0(2)
[2024-10-12T07:55:33.926+0800][info] GC(440) Survivor regions: 1->1(1)
[2024-10-12T07:55:33.926+0800][info] GC(440) Old regions: 52->54
[2024-10-12T07:55:33.926+0800][info] GC(440) Archive regions: 2->2
[2024-10-12T07:55:33.926+0800][info] GC(440) Humongous regions: 3->3
[2024-10-12T07:55:33.926+0800][info] GC(440) Metaspace: 1677K(1856K)->1677K(1856K) NonClass: 1553K(1664K)->1553K(1664K) Class: 124K(192K)->124K(192K)
[2024-10-12T07:55:33.926+0800][info] GC(440) Pause Young (Prepare Mixed) (G1 Preventive Collection) 111M->112M(128M) 1.908ms
[2024-10-12T07:55:33.926+0800][info] GC(440) User=0.01s Sys=0.00s Real=0.01s
[2024-10-12T07:55:33.988+0800][info] GC(441) Pause Young (Mixed) (G1 Preventive Collection)
[2024-10-12T07:55:33.988+0800][info] GC(441) Using 3 workers of 48 for evacuation
[2024-10-12T07:55:33.990+0800][info] GC(441) To-space exhausted
[2024-10-12T07:55:33.990+0800][info] GC(441)   Pre Evacuate Collection Set: 0.1ms
[2024-10-12T07:55:33.990+0800][info] GC(441)   Merge Heap Roots: 0.1ms
[2024-10-12T07:55:33.990+0800][info] GC(441)   Evacuate Collection Set: 1.1ms
[2024-10-12T07:55:33.990+0800][info] GC(441)   Post Evacuate Collection Set: 0.2ms
[2024-10-12T07:55:33.990+0800][info] GC(441)   Other: 0.2ms
[2024-10-12T07:55:33.990+0800][info] GC(441) Eden regions: 1->0(2)
[2024-10-12T07:55:33.990+0800][info] GC(441) Survivor regions: 1->1(1)
[2024-10-12T07:55:33.990+0800][info] GC(441) Old regions: 54->50
[2024-10-12T07:55:33.990+0800][info] GC(441) Archive regions: 2->2
[2024-10-12T07:55:33.990+0800][info] GC(441) Humongous regions: 3->3
[2024-10-12T07:55:33.990+0800][info] GC(441) Metaspace: 1677K(1856K)->1677K(1856K) NonClass: 1553K(1664K)->1553K(1664K) Class: 124K(192K)->124K(192K)
[2024-10-12T07:55:33.990+0800][info] GC(441) Pause Young (Mixed) (G1 Preventive Collection) 114M->106M(128M) 1.894ms
[2024-10-12T07:55:33.990+0800][info] GC(441) User=0.00s Sys=0.00s Real=0.00s
[2024-10-12T07:55:34.092+0800][info] GC(442) Pause Young (Mixed) (G1 Preventive Collection)
[2024-10-12T07:55:34.092+0800][info] GC(442) Using 3 workers of 48 for evacuation
[2024-10-12T07:55:34.095+0800][info] GC(442) To-space exhausted
[2024-10-12T07:55:34.095+0800][info] GC(442)   Pre Evacuate Collection Set: 0.1ms
[2024-10-12T07:55:34.095+0800][info] GC(442)   Merge Heap Roots: 0.1ms
[2024-10-12T07:55:34.095+0800][info] GC(442)   Evacuate Collection Set: 1.9ms
[2024-10-12T07:55:34.095+0800][info] GC(442)   Post Evacuate Collection Set: 0.3ms
[2024-10-12T07:55:34.095+0800][info] GC(442)   Other: 0.2ms
[2024-10-12T07:55:34.095+0800][info] GC(442) Eden regions: 2->0(2)
[2024-10-12T07:55:34.095+0800][info] GC(442) Survivor regions: 1->1(1)
[2024-10-12T07:55:34.095+0800][info] GC(442) Old regions: 50->52
[2024-10-12T07:55:34.095+0800][info] GC(442) Archive regions: 2->2
[2024-10-12T07:55:34.095+0800][info] GC(442) Humongous regions: 3->3
[2024-10-12T07:55:34.095+0800][info] GC(442) Metaspace: 1677K(1856K)->1677K(1856K) NonClass: 1553K(1664K)->1553K(1664K) Class: 124K(192K)->124K(192K)
[2024-10-12T07:55:34.095+0800][info] GC(442) Pause Young (Mixed) (G1 Preventive Collection) 109M->110M(128M) 2.694ms
[2024-10-12T07:55:34.095+0800][info] GC(442) User=0.01s Sys=0.00s Real=0.01s
[2024-10-12T07:55:34.156+0800][info] GC(443) Pause Young (Mixed) (G1 Preventive Collection)
[2024-10-12T07:55:34.156+0800][info] GC(443) Using 3 workers of 48 for evacuation
[2024-10-12T07:55:34.158+0800][info] GC(443) To-space exhausted
[2024-10-12T07:55:34.158+0800][info] GC(443)   Pre Evacuate Collection Set: 0.1ms
[2024-10-12T07:55:34.158+0800][info] GC(443)   Merge Heap Roots: 0.1ms
[2024-10-12T07:55:34.158+0800][info] GC(443)   Evacuate Collection Set: 1.6ms
[2024-10-12T07:55:34.158+0800][info] GC(443)   Post Evacuate Collection Set: 0.3ms
[2024-10-12T07:55:34.158+0800][info] GC(443)   Other: 0.2ms
[2024-10-12T07:55:34.158+0800][info] GC(443) Eden regions: 1->0(2)
[2024-10-12T07:55:34.159+0800][info] GC(443) Survivor regions: 1->1(1)
[2024-10-12T07:55:34.159+0800][info] GC(443) Old regions: 52->53
[2024-10-12T07:55:34.159+0800][info] GC(443) Archive regions: 2->2
[2024-10-12T07:55:34.159+0800][info] GC(443) Humongous regions: 3->3
[2024-10-12T07:55:34.159+0800][info] GC(443) Metaspace: 1677K(1856K)->1677K(1856K) NonClass: 1553K(1664K)->1553K(1664K) Class: 124K(192K)->124K(192K)
[2024-10-12T07:55:34.159+0800][info] GC(443) Pause Young (Mixed) (G1 Preventive Collection) 112M->112M(128M) 2.336ms
[2024-10-12T07:55:34.159+0800][info] GC(443) User=0.01s Sys=0.00s Real=0.00s
[2024-10-12T07:55:34.261+0800][info] GC(444) Pause Young (Concurrent Start) (G1 Preventive Collection)
[2024-10-12T07:55:34.261+0800][info] GC(444) Using 3 workers of 48 for evacuation
[2024-10-12T07:55:34.263+0800][info] GC(444)   Pre Evacuate Collection Set: 0.1ms
[2024-10-12T07:55:34.263+0800][info] GC(444)   Merge Heap Roots: 0.1ms
[2024-10-12T07:55:34.263+0800][info] GC(444)   Evacuate Collection Set: 1.0ms
[2024-10-12T07:55:34.263+0800][info] GC(444)   Post Evacuate Collection Set: 0.2ms
[2024-10-12T07:55:34.263+0800][info] GC(444)   Other: 0.5ms
[2024-10-12T07:55:34.263+0800][info] GC(444) Eden regions: 2->0(2)
[2024-10-12T07:55:34.263+0800][info] GC(444) Survivor regions: 1->1(1)
[2024-10-12T07:55:34.263+0800][info] GC(444) Old regions: 53->55
[2024-10-12T07:55:34.263+0800][info] GC(444) Archive regions: 2->2
[2024-10-12T07:55:34.263+0800][info] GC(444) Humongous regions: 3->3
[2024-10-12T07:55:34.263+0800][info] GC(444) Metaspace: 1677K(1856K)->1677K(1856K) NonClass: 1553K(1664K)->1553K(1664K) Class: 124K(192K)->124K(192K)
[2024-10-12T07:55:34.263+0800][info] GC(444) Pause Young (Concurrent Start) (G1 Preventive Collection) 116M->116M(128M) 1.922ms
[2024-10-12T07:55:34.263+0800][info] GC(444) User=0.00s Sys=0.00s Real=0.00s
[2024-10-12T07:55:34.263+0800][info] GC(445) Concurrent Mark Cycle
[2024-10-12T07:55:34.263+0800][info] GC(445) Concurrent Clear Claimed Marks
[2024-10-12T07:55:34.263+0800][info] GC(445) Concurrent Clear Claimed Marks 0.016ms
[2024-10-12T07:55:34.263+0800][info] GC(445) Concurrent Scan Root Regions
[2024-10-12T07:55:34.263+0800][info] GC(445) Concurrent Scan Root Regions 0.165ms
[2024-10-12T07:55:34.263+0800][info] GC(445) Concurrent Mark
[2024-10-12T07:55:34.263+0800][info] GC(445) Concurrent Mark From Roots
[2024-10-12T07:55:34.263+0800][info] GC(445) Using 12 workers of 12 for marking
[2024-10-12T07:55:34.267+0800][info] GC(445) Concurrent Mark From Roots 4.223ms
[2024-10-12T07:55:34.267+0800][info] GC(445) Concurrent Preclean
[2024-10-12T07:55:34.269+0800][info] GC(445) Concurrent Preclean 1.690ms
[2024-10-12T07:55:34.269+0800][info] GC(445) Pause Remark
[2024-10-12T07:55:34.271+0800][info] GC(445) Pause Remark 116M->113M(128M) 1.562ms
[2024-10-12T07:55:34.271+0800][info] GC(445) User=0.01s Sys=0.01s Real=0.00s
[2024-10-12T07:55:34.271+0800][info] GC(445) Concurrent Mark 7.706ms
[2024-10-12T07:55:34.271+0800][info] GC(445) Concurrent Rebuild Remembered Sets
[2024-10-12T07:55:34.272+0800][info] GC(445) Concurrent Rebuild Remembered Sets 1.253ms
[2024-10-12T07:55:34.272+0800][info] GC(445) Pause Cleanup
[2024-10-12T07:55:34.273+0800][info] GC(445) Pause Cleanup 113M->113M(128M) 0.236ms
[2024-10-12T07:55:34.273+0800][info] GC(445) User=0.00s Sys=0.00s Real=0.00s
[2024-10-12T07:55:34.273+0800][info] GC(445) Concurrent Cleanup for Next Mark
[2024-10-12T07:55:34.273+0800][info] GC(445) Concurrent Cleanup for Next Mark 0.425ms
[2024-10-12T07:55:34.273+0800][info] GC(445) Concurrent Mark Cycle 10.107ms
[2024-10-12T07:55:34.416+0800][info] GC(446) Pause Young (Prepare Mixed) (G1 Preventive Collection)
[2024-10-12T07:55:34.416+0800][info] GC(446) Using 3 workers of 48 for evacuation
[2024-10-12T07:55:34.418+0800][info] GC(446)   Pre Evacuate Collection Set: 0.1ms
[2024-10-12T07:55:34.418+0800][info] GC(446)   Merge Heap Roots: 0.1ms
[2024-10-12T07:55:34.418+0800][info] GC(446)   Evacuate Collection Set: 1.1ms
[2024-10-12T07:55:34.418+0800][info] GC(446)   Post Evacuate Collection Set: 0.2ms
[2024-10-12T07:55:34.418+0800][info] GC(446)   Other: 0.2ms
[2024-10-12T07:55:34.418+0800][info] GC(446) Eden regions: 2->0(2)
[2024-10-12T07:55:34.418+0800][info] GC(446) Survivor regions: 1->1(1)
[2024-10-12T07:55:34.418+0800][info] GC(446) Old regions: 53->55
[2024-10-12T07:55:34.418+0800][info] GC(446) Archive regions: 2->2
[2024-10-12T07:55:34.418+0800][info] GC(446) Humongous regions: 3->3
[2024-10-12T07:55:34.418+0800][info] GC(446) Metaspace: 1677K(1856K)->1677K(1856K) NonClass: 1553K(1664K)->1553K(1664K) Class: 124K(192K)->124K(192K)
[2024-10-12T07:55:34.418+0800][info] GC(446) Pause Young (Prepare Mixed) (G1 Preventive Collection) 116M->116M(128M) 1.851ms
[2024-10-12T07:55:34.418+0800][info] GC(446) User=0.01s Sys=0.00s Real=0.00s
[2024-10-12T07:55:34.479+0800][info] GC(447) Pause Young (Mixed) (G1 Preventive Collection)
[2024-10-12T07:55:34.480+0800][info] GC(447) Using 3 workers of 48 for evacuation
[2024-10-12T07:55:34.481+0800][info] GC(447) To-space exhausted
[2024-10-12T07:55:34.481+0800][info] GC(447)   Pre Evacuate Collection Set: 0.1ms
[2024-10-12T07:55:34.481+0800][info] GC(447)   Merge Heap Roots: 0.1ms
[2024-10-12T07:55:34.481+0800][info] GC(447)   Evacuate Collection Set: 0.8ms
[2024-10-12T07:55:34.481+0800][info] GC(447)   Post Evacuate Collection Set: 0.3ms
[2024-10-12T07:55:34.481+0800][info] GC(447)   Other: 0.2ms
[2024-10-12T07:55:34.481+0800][info] GC(447) Eden regions: 1->0(2)
[2024-10-12T07:55:34.481+0800][info] GC(447) Survivor regions: 1->1(1)
[2024-10-12T07:55:34.481+0800][info] GC(447) Old regions: 55->55
[2024-10-12T07:55:34.481+0800][info] GC(447) Archive regions: 2->2
[2024-10-12T07:55:34.481+0800][info] GC(447) Humongous regions: 3->3
[2024-10-12T07:55:34.481+0800][info] GC(447) Metaspace: 1677K(1856K)->1677K(1856K) NonClass: 1553K(1664K)->1553K(1664K) Class: 124K(192K)->124K(192K)
[2024-10-12T07:55:34.481+0800][info] GC(447) Pause Young (Mixed) (G1 Preventive Collection) 118M->116M(128M) 1.547ms
[2024-10-12T07:55:34.481+0800][info] GC(447) User=0.00s Sys=0.00s Real=0.00s
[2024-10-12T07:55:34.522+0800][info] GC(448) Pause Young (Mixed) (G1 Preventive Collection)
[2024-10-12T07:55:34.522+0800][info] GC(448) Using 3 workers of 48 for evacuation
[2024-10-12T07:55:34.523+0800][info] GC(448) To-space exhausted
[2024-10-12T07:55:34.524+0800][info] GC(448)   Pre Evacuate Collection Set: 0.2ms
[2024-10-12T07:55:34.524+0800][info] GC(448)   Merge Heap Roots: 0.1ms
[2024-10-12T07:55:34.524+0800][info] GC(448)   Evacuate Collection Set: 0.8ms
[2024-10-12T07:55:34.524+0800][info] GC(448)   Post Evacuate Collection Set: 0.3ms
[2024-10-12T07:55:34.524+0800][info] GC(448)   Other: 0.2ms
[2024-10-12T07:55:34.524+0800][info] GC(448) Eden regions: 1->0(2)
[2024-10-12T07:55:34.524+0800][info] GC(448) Survivor regions: 1->1(1)
[2024-10-12T07:55:34.524+0800][info] GC(448) Old regions: 55->57
[2024-10-12T07:55:34.524+0800][info] GC(448) Archive regions: 2->2
[2024-10-12T07:55:34.524+0800][info] GC(448) Humongous regions: 3->3
[2024-10-12T07:55:34.524+0800][info] GC(448) Metaspace: 1677K(1856K)->1677K(1856K) NonClass: 1553K(1664K)->1553K(1664K) Class: 124K(192K)->124K(192K)
[2024-10-12T07:55:34.524+0800][info] GC(448) Pause Young (Mixed) (G1 Preventive Collection) 118M->120M(128M) 1.650ms
[2024-10-12T07:55:34.524+0800][info] GC(448) User=0.00s Sys=0.00s Real=0.00s
[2024-10-12T07:55:34.585+0800][info] GC(449) Pause Young (Mixed) (G1 Evacuation Pause)
[2024-10-12T07:55:34.585+0800][info] GC(449) Using 3 workers of 48 for evacuation
[2024-10-12T07:55:34.586+0800][info] GC(449) To-space exhausted
[2024-10-12T07:55:34.586+0800][info] GC(449)   Pre Evacuate Collection Set: 0.1ms
[2024-10-12T07:55:34.586+0800][info] GC(449)   Merge Heap Roots: 0.1ms
[2024-10-12T07:55:34.586+0800][info] GC(449)   Evacuate Collection Set: 0.3ms
[2024-10-12T07:55:34.586+0800][info] GC(449)   Post Evacuate Collection Set: 0.3ms
[2024-10-12T07:55:34.586+0800][info] GC(449)   Other: 0.2ms
[2024-10-12T07:55:34.586+0800][info] GC(449) Eden regions: 1->0(3)
[2024-10-12T07:55:34.586+0800][info] GC(449) Survivor regions: 1->0(0)
[2024-10-12T07:55:34.586+0800][info] GC(449) Old regions: 57->59
[2024-10-12T07:55:34.586+0800][info] GC(449) Archive regions: 2->2
[2024-10-12T07:55:34.586+0800][info] GC(449) Humongous regions: 3->3
[2024-10-12T07:55:34.586+0800][info] GC(449) Metaspace: 1677K(1856K)->1677K(1856K) NonClass: 1553K(1664K)->1553K(1664K) Class: 124K(192K)->124K(192K)
[2024-10-12T07:55:34.586+0800][info] GC(449) Pause Young (Mixed) (G1 Evacuation Pause) 122M->122M(128M) 1.051ms
[2024-10-12T07:55:34.586+0800][info] GC(449) User=0.00s Sys=0.00s Real=0.00s
[2024-10-12T07:55:34.586+0800][info] Attempting full compaction
[2024-10-12T07:55:34.586+0800][info] GC(450) Using 3 workers of 48 for full compaction
[2024-10-12T07:55:34.587+0800][info] GC(450) Pause Full (G1 Compaction Pause)
[2024-10-12T07:55:34.587+0800][info] GC(450) Phase 1: Mark live objects
[2024-10-12T07:55:34.590+0800][info] GC(450) Phase 1: Mark live objects 3.576ms
[2024-10-12T07:55:34.590+0800][info] GC(450) Phase 2: Prepare for compaction
[2024-10-12T07:55:34.591+0800][info] GC(450) Phase 2: Prepare for compaction 0.626ms
[2024-10-12T07:55:34.591+0800][info] GC(450) Phase 3: Adjust pointers
[2024-10-12T07:55:34.592+0800][info] GC(450) Phase 3: Adjust pointers 1.620ms
[2024-10-12T07:55:34.592+0800][info] GC(450) Phase 4: Compact heap
[2024-10-12T07:55:34.604+0800][info] GC(450) Phase 4: Compact heap 11.239ms
[2024-10-12T07:55:34.605+0800][info] GC(450) Eden regions: 0->0(4)
[2024-10-12T07:55:34.605+0800][info] GC(450) Survivor regions: 0->0(0)
[2024-10-12T07:55:34.605+0800][info] GC(450) Old regions: 59->38
[2024-10-12T07:55:34.605+0800][info] GC(450) Archive regions: 2->2
[2024-10-12T07:55:34.605+0800][info] GC(450) Humongous regions: 3->3
[2024-10-12T07:55:34.605+0800][info] GC(450) Metaspace: 1677K(1856K)->1677K(1856K) NonClass: 1553K(1664K)->1553K(1664K) Class: 124K(192K)->124K(192K)
[2024-10-12T07:55:34.605+0800][info] GC(450) Pause Full (G1 Compaction Pause) 122M->72M(128M) 18.849ms
[2024-10-12T07:55:34.605+0800][info] GC(450) User=0.05s Sys=0.01s Real=0.02s
[2024-10-12T07:55:34.810+0800][info] GC(451) Pause Young (Normal) (G1 Evacuation Pause)
[2024-10-12T07:55:34.810+0800][info] GC(451) Using 3 workers of 48 for evacuation
[2024-10-12T07:55:34.812+0800][info] GC(451)   Pre Evacuate Collection Set: 0.1ms
[2024-10-12T07:55:34.812+0800][info] GC(451)   Merge Heap Roots: 0.1ms
[2024-10-12T07:55:34.812+0800][info] GC(451)   Evacuate Collection Set: 1.3ms
[2024-10-12T07:55:34.812+0800][info] GC(451)   Post Evacuate Collection Set: 0.2ms
[2024-10-12T07:55:34.812+0800][info] GC(451)   Other: 0.2ms
[2024-10-12T07:55:34.812+0800][info] GC(451) Eden regions: 4->0(2)
[2024-10-12T07:55:34.812+0800][info] GC(451) Survivor regions: 0->1(1)
[2024-10-12T07:55:34.812+0800][info] GC(451) Old regions: 38->41
[2024-10-12T07:55:34.812+0800][info] GC(451) Archive regions: 2->2
[2024-10-12T07:55:34.812+0800][info] GC(451) Humongous regions: 3->3
[2024-10-12T07:55:34.812+0800][info] GC(451) Metaspace: 1677K(1856K)->1677K(1856K) NonClass: 1553K(1664K)->1553K(1664K) Class: 124K(192K)->124K(192K)
[2024-10-12T07:55:34.812+0800][info] GC(451) Pause Young (Normal) (G1 Evacuation Pause) 79M->79M(128M) 1.964ms
[2024-10-12T07:55:34.812+0800][info] GC(451) User=0.00s Sys=0.00s Real=0.00s
[2024-10-12T07:55:34.914+0800][info] GC(452) Pause Young (Normal) (G1 Evacuation Pause)
[2024-10-12T07:55:34.914+0800][info] GC(452) Using 3 workers of 48 for evacuation
[2024-10-12T07:55:34.916+0800][info] GC(452)   Pre Evacuate Collection Set: 0.1ms
[2024-10-12T07:55:34.916+0800][info] GC(452)   Merge Heap Roots: 0.1ms
[2024-10-12T07:55:34.916+0800][info] GC(452)   Evacuate Collection Set: 1.0ms
[2024-10-12T07:55:34.916+0800][info] GC(452)   Post Evacuate Collection Set: 0.2ms
[2024-10-12T07:55:34.916+0800][info] GC(452)   Other: 0.2ms
[2024-10-12T07:55:34.916+0800][info] GC(452) Eden regions: 2->0(2)
[2024-10-12T07:55:34.916+0800][info] GC(452) Survivor regions: 1->1(1)
[2024-10-12T07:55:34.916+0800][info] GC(452) Old regions: 41->43
[2024-10-12T07:55:34.916+0800][info] GC(452) Archive regions: 2->2
[2024-10-12T07:55:34.916+0800][info] GC(452) Humongous regions: 3->3
[2024-10-12T07:55:34.916+0800][info] GC(452) Metaspace: 1677K(1856K)->1677K(1856K) NonClass: 1553K(1664K)->1553K(1664K) Class: 124K(192K)->124K(192K)
[2024-10-12T07:55:34.916+0800][info] GC(452) Pause Young (Normal) (G1 Evacuation Pause) 83M->83M(128M) 1.640ms
[2024-10-12T07:55:34.916+0800][info] GC(452) User=0.00s Sys=0.00s Real=0.00s
[2024-10-12T07:55:35.018+0800][info] GC(453) Pause Young (Normal) (G1 Evacuation Pause)
[2024-10-12T07:55:35.018+0800][info] GC(453) Using 3 workers of 48 for evacuation
[2024-10-12T07:55:35.020+0800][info] GC(453)   Pre Evacuate Collection Set: 0.1ms
[2024-10-12T07:55:35.020+0800][info] GC(453)   Merge Heap Roots: 0.0ms
[2024-10-12T07:55:35.020+0800][info] GC(453)   Evacuate Collection Set: 1.0ms
[2024-10-12T07:55:35.020+0800][info] GC(453)   Post Evacuate Collection Set: 0.2ms
[2024-10-12T07:55:35.020+0800][info] GC(453)   Other: 0.2ms
[2024-10-12T07:55:35.020+0800][info] GC(453) Eden regions: 2->0(2)
[2024-10-12T07:55:35.020+0800][info] GC(453) Survivor regions: 1->1(1)
[2024-10-12T07:55:35.020+0800][info] GC(453) Old regions: 43->45
[2024-10-12T07:55:35.020+0800][info] GC(453) Archive regions: 2->2
[2024-10-12T07:55:35.020+0800][info] GC(453) Humongous regions: 3->3
[2024-10-12T07:55:35.020+0800][info] GC(453) Metaspace: 1677K(1856K)->1677K(1856K) NonClass: 1553K(1664K)->1553K(1664K) Class: 124K(192K)->124K(192K)
[2024-10-12T07:55:35.020+0800][info] GC(453) Pause Young (Normal) (G1 Evacuation Pause) 87M->87M(128M) 1.663ms
[2024-10-12T07:55:35.020+0800][info] GC(453) User=0.00s Sys=0.00s Real=0.00s
[2024-10-12T07:55:35.122+0800][info] GC(454) Pause Young (Normal) (G1 Evacuation Pause)
[2024-10-12T07:55:35.122+0800][info] GC(454) Using 3 workers of 48 for evacuation
[2024-10-12T07:55:35.124+0800][info] GC(454)   Pre Evacuate Collection Set: 0.1ms
[2024-10-12T07:55:35.124+0800][info] GC(454)   Merge Heap Roots: 0.1ms
[2024-10-12T07:55:35.124+0800][info] GC(454)   Evacuate Collection Set: 1.1ms
[2024-10-12T07:55:35.124+0800][info] GC(454)   Post Evacuate Collection Set: 0.2ms
[2024-10-12T07:55:35.124+0800][info] GC(454)   Other: 0.2ms
[2024-10-12T07:55:35.124+0800][info] GC(454) Eden regions: 2->0(2)
[2024-10-12T07:55:35.124+0800][info] GC(454) Survivor regions: 1->1(1)
[2024-10-12T07:55:35.124+0800][info] GC(454) Old regions: 45->47
[2024-10-12T07:55:35.124+0800][info] GC(454) Archive regions: 2->2
[2024-10-12T07:55:35.124+0800][info] GC(454) Humongous regions: 3->3
[2024-10-12T07:55:35.124+0800][info] GC(454) Metaspace: 1677K(1856K)->1677K(1856K) NonClass: 1553K(1664K)->1553K(1664K) Class: 124K(192K)->124K(192K)
[2024-10-12T07:55:35.124+0800][info] GC(454) Pause Young (Normal) (G1 Evacuation Pause) 90M->91M(128M) 1.701ms
[2024-10-12T07:55:35.124+0800][info] GC(454) User=0.00s Sys=0.00s Real=0.00s
[2024-10-12T07:55:35.226+0800][info] GC(455) Pause Young (Concurrent Start) (G1 Evacuation Pause)
[2024-10-12T07:55:35.226+0800][info] GC(455) Using 3 workers of 48 for evacuation
[2024-10-12T07:55:35.228+0800][info] GC(455)   Pre Evacuate Collection Set: 0.1ms
[2024-10-12T07:55:35.228+0800][info] GC(455)   Merge Heap Roots: 0.1ms
[2024-10-12T07:55:35.228+0800][info] GC(455)   Evacuate Collection Set: 1.4ms
[2024-10-12T07:55:35.228+0800][info] GC(455)   Post Evacuate Collection Set: 0.2ms
[2024-10-12T07:55:35.228+0800][info] GC(455)   Other: 0.4ms
[2024-10-12T07:55:35.228+0800][info] GC(455) Eden regions: 2->0(2)
[2024-10-12T07:55:35.228+0800][info] GC(455) Survivor regions: 1->1(1)
[2024-10-12T07:55:35.228+0800][info] GC(455) Old regions: 47->49
[2024-10-12T07:55:35.228+0800][info] GC(455) Archive regions: 2->2
[2024-10-12T07:55:35.228+0800][info] GC(455) Humongous regions: 3->3
[2024-10-12T07:55:35.228+0800][info] GC(455) Metaspace: 1677K(1856K)->1677K(1856K) NonClass: 1553K(1664K)->1553K(1664K) Class: 124K(192K)->124K(192K)
[2024-10-12T07:55:35.229+0800][info] GC(455) Pause Young (Concurrent Start) (G1 Evacuation Pause) 94M->95M(128M) 2.192ms
[2024-10-12T07:55:35.229+0800][info] GC(455) User=0.01s Sys=0.00s Real=0.00s
[2024-10-12T07:55:35.229+0800][info] GC(456) Concurrent Mark Cycle
[2024-10-12T07:55:35.229+0800][info] GC(456) Concurrent Clear Claimed Marks
[2024-10-12T07:55:35.229+0800][info] GC(456) Concurrent Clear Claimed Marks 0.017ms
[2024-10-12T07:55:35.229+0800][info] GC(456) Concurrent Scan Root Regions
[2024-10-12T07:55:35.229+0800][info] GC(456) Concurrent Scan Root Regions 0.119ms
[2024-10-12T07:55:35.229+0800][info] GC(456) Concurrent Mark
[2024-10-12T07:55:35.229+0800][info] GC(456) Concurrent Mark From Roots
[2024-10-12T07:55:35.229+0800][info] GC(456) Using 12 workers of 12 for marking
[2024-10-12T07:55:35.235+0800][info] GC(456) Concurrent Mark From Roots 6.473ms
[2024-10-12T07:55:35.235+0800][info] GC(456) Concurrent Preclean
[2024-10-12T07:55:35.237+0800][info] GC(456) Concurrent Preclean 1.690ms
[2024-10-12T07:55:35.237+0800][info] GC(456) Pause Remark
[2024-10-12T07:55:35.239+0800][info] GC(456) Pause Remark 95M->95M(128M) 1.605ms
[2024-10-12T07:55:35.239+0800][info] GC(456) User=0.01s Sys=0.00s Real=0.00s
[2024-10-12T07:55:35.239+0800][info] GC(456) Concurrent Mark 10.029ms
[2024-10-12T07:55:35.239+0800][info] GC(456) Concurrent Rebuild Remembered Sets
[2024-10-12T07:55:35.240+0800][info] GC(456) Concurrent Rebuild Remembered Sets 1.316ms
[2024-10-12T07:55:35.240+0800][info] GC(456) Pause Cleanup
[2024-10-12T07:55:35.241+0800][info] GC(456) Pause Cleanup 95M->95M(128M) 0.237ms
[2024-10-12T07:55:35.241+0800][info] GC(456) User=0.00s Sys=0.00s Real=0.00s
[2024-10-12T07:55:35.241+0800][info] GC(456) Concurrent Cleanup for Next Mark
[2024-10-12T07:55:35.241+0800][info] GC(456) Concurrent Cleanup for Next Mark 0.439ms
[2024-10-12T07:55:35.241+0800][info] GC(456) Concurrent Mark Cycle 12.453ms
[2024-10-12T07:55:35.381+0800][info] GC(457) Pause Young (Prepare Mixed) (G1 Evacuation Pause)
[2024-10-12T07:55:35.381+0800][info] GC(457) Using 3 workers of 48 for evacuation
[2024-10-12T07:55:35.383+0800][info] GC(457)   Pre Evacuate Collection Set: 0.1ms
[2024-10-12T07:55:35.383+0800][info] GC(457)   Merge Heap Roots: 0.1ms
[2024-10-12T07:55:35.383+0800][info] GC(457)   Evacuate Collection Set: 1.1ms
[2024-10-12T07:55:35.383+0800][info] GC(457)   Post Evacuate Collection Set: 0.2ms
[2024-10-12T07:55:35.383+0800][info] GC(457)   Other: 0.2ms
[2024-10-12T07:55:35.383+0800][info] GC(457) Eden regions: 2->0(2)
[2024-10-12T07:55:35.383+0800][info] GC(457) Survivor regions: 1->1(1)
[2024-10-12T07:55:35.383+0800][info] GC(457) Old regions: 48->50
[2024-10-12T07:55:35.383+0800][info] GC(457) Archive regions: 2->2
[2024-10-12T07:55:35.383+0800][info] GC(457) Humongous regions: 3->3
[2024-10-12T07:55:35.383+0800][info] GC(457) Metaspace: 1677K(1856K)->1677K(1856K) NonClass: 1553K(1664K)->1553K(1664K) Class: 124K(192K)->124K(192K)
[2024-10-12T07:55:35.383+0800][info] GC(457) Pause Young (Prepare Mixed) (G1 Evacuation Pause) 98M->98M(128M) 1.760ms
[2024-10-12T07:55:35.383+0800][info] GC(457) User=0.01s Sys=0.00s Real=0.00s
[2024-10-12T07:55:35.486+0800][info] GC(458) Pause Young (Mixed) (G1 Evacuation Pause)
[2024-10-12T07:55:35.486+0800][info] GC(458) Using 3 workers of 48 for evacuation
[2024-10-12T07:55:35.488+0800][info] GC(458)   Pre Evacuate Collection Set: 0.1ms
[2024-10-12T07:55:35.488+0800][info] GC(458)   Merge Heap Roots: 0.1ms
[2024-10-12T07:55:35.488+0800][info] GC(458)   Evacuate Collection Set: 1.6ms
[2024-10-12T07:55:35.488+0800][info] GC(458)   Post Evacuate Collection Set: 0.2ms
[2024-10-12T07:55:35.488+0800][info] GC(458)   Other: 0.2ms
[2024-10-12T07:55:35.488+0800][info] GC(458) Eden regions: 2->0(2)
[2024-10-12T07:55:35.488+0800][info] GC(458) Survivor regions: 1->1(1)
[2024-10-12T07:55:35.488+0800][info] GC(458) Old regions: 50->48
[2024-10-12T07:55:35.488+0800][info] GC(458) Archive regions: 2->2
[2024-10-12T07:55:35.488+0800][info] GC(458) Humongous regions: 3->3
[2024-10-12T07:55:35.488+0800][info] GC(458) Metaspace: 1677K(1856K)->1677K(1856K) NonClass: 1553K(1664K)->1553K(1664K) Class: 124K(192K)->124K(192K)
[2024-10-12T07:55:35.488+0800][info] GC(458) Pause Young (Mixed) (G1 Evacuation Pause) 101M->95M(128M) 2.324ms
[2024-10-12T07:55:35.488+0800][info] GC(458) User=0.00s Sys=0.00s Real=0.00s
[2024-10-12T07:55:35.590+0800][info] GC(459) Pause Young (Mixed) (G1 Evacuation Pause)
[2024-10-12T07:55:35.590+0800][info] GC(459) Using 3 workers of 48 for evacuation
[2024-10-12T07:55:35.592+0800][info] GC(459)   Pre Evacuate Collection Set: 0.1ms
[2024-10-12T07:55:35.592+0800][info] GC(459)   Merge Heap Roots: 0.0ms
[2024-10-12T07:55:35.592+0800][info] GC(459)   Evacuate Collection Set: 1.3ms
[2024-10-12T07:55:35.592+0800][info] GC(459)   Post Evacuate Collection Set: 0.2ms
[2024-10-12T07:55:35.592+0800][info] GC(459)   Other: 0.2ms
[2024-10-12T07:55:35.592+0800][info] GC(459) Eden regions: 2->0(2)
[2024-10-12T07:55:35.592+0800][info] GC(459) Survivor regions: 1->1(1)
[2024-10-12T07:55:35.592+0800][info] GC(459) Old regions: 48->49
[2024-10-12T07:55:35.592+0800][info] GC(459) Archive regions: 2->2
[2024-10-12T07:55:35.592+0800][info] GC(459) Humongous regions: 3->3
[2024-10-12T07:55:35.592+0800][info] GC(459) Metaspace: 1677K(1856K)->1677K(1856K) NonClass: 1553K(1664K)->1553K(1664K) Class: 124K(192K)->124K(192K)
[2024-10-12T07:55:35.592+0800][info] GC(459) Pause Young (Mixed) (G1 Evacuation Pause) 99M->98M(128M) 1.979ms
[2024-10-12T07:55:35.592+0800][info] GC(459) User=0.01s Sys=0.00s Real=0.00s
[2024-10-12T07:55:35.633+0800][info] GC(460) Pause Young (Concurrent Start) (G1 Humongous Allocation)
[2024-10-12T07:55:35.633+0800][info] GC(460) Using 3 workers of 48 for evacuation
[2024-10-12T07:55:35.635+0800][info] GC(460)   Pre Evacuate Collection Set: 0.1ms
[2024-10-12T07:55:35.635+0800][info] GC(460)   Merge Heap Roots: 0.1ms
[2024-10-12T07:55:35.635+0800][info] GC(460)   Evacuate Collection Set: 0.9ms
[2024-10-12T07:55:35.635+0800][info] GC(460)   Post Evacuate Collection Set: 0.2ms
[2024-10-12T07:55:35.635+0800][info] GC(460)   Other: 0.4ms
[2024-10-12T07:55:35.635+0800][info] GC(460) Eden regions: 1->0(2)
[2024-10-12T07:55:35.635+0800][info] GC(460) Survivor regions: 1->1(1)
[2024-10-12T07:55:35.635+0800][info] GC(460) Old regions: 49->50
[2024-10-12T07:55:35.635+0800][info] GC(460) Archive regions: 2->2
[2024-10-12T07:55:35.635+0800][info] GC(460) Humongous regions: 3->3
[2024-10-12T07:55:35.635+0800][info] GC(460) Metaspace: 1677K(1856K)->1677K(1856K) NonClass: 1553K(1664K)->1553K(1664K) Class: 124K(192K)->124K(192K)
[2024-10-12T07:55:35.635+0800][info] GC(460) Pause Young (Concurrent Start) (G1 Humongous Allocation) 100M->100M(128M) 1.761ms
[2024-10-12T07:55:35.635+0800][info] GC(460) User=0.00s Sys=0.00s Real=0.00s
[2024-10-12T07:55:35.635+0800][info] GC(461) Concurrent Mark Cycle
[2024-10-12T07:55:35.635+0800][info] GC(461) Concurrent Clear Claimed Marks
[2024-10-12T07:55:35.635+0800][info] GC(461) Concurrent Clear Claimed Marks 0.016ms
[2024-10-12T07:55:35.635+0800][info] GC(461) Concurrent Scan Root Regions
[2024-10-12T07:55:35.635+0800][info] GC(461) Concurrent Scan Root Regions 0.150ms
[2024-10-12T07:55:35.635+0800][info] GC(461) Concurrent Mark
[2024-10-12T07:55:35.635+0800][info] GC(461) Concurrent Mark From Roots
[2024-10-12T07:55:35.635+0800][info] GC(461) Using 12 workers of 12 for marking
[2024-10-12T07:55:35.639+0800][info] GC(461) Concurrent Mark From Roots 4.026ms
[2024-10-12T07:55:35.639+0800][info] GC(461) Concurrent Preclean
[2024-10-12T07:55:35.641+0800][info] GC(461) Concurrent Preclean 1.682ms
[2024-10-12T07:55:35.641+0800][info] GC(461) Pause Remark
[2024-10-12T07:55:35.643+0800][info] GC(461) Pause Remark 102M->102M(128M) 1.510ms
[2024-10-12T07:55:35.643+0800][info] GC(461) User=0.00s Sys=0.00s Real=0.00s
[2024-10-12T07:55:35.643+0800][info] GC(461) Concurrent Mark 7.455ms
[2024-10-12T07:55:35.643+0800][info] GC(461) Concurrent Rebuild Remembered Sets
[2024-10-12T07:55:35.644+0800][info] GC(461) Concurrent Rebuild Remembered Sets 1.210ms
[2024-10-12T07:55:35.644+0800][info] GC(461) Pause Cleanup
[2024-10-12T07:55:35.644+0800][info] GC(461) Pause Cleanup 102M->102M(128M) 0.218ms
[2024-10-12T07:55:35.644+0800][info] GC(461) User=0.00s Sys=0.00s Real=0.00s
[2024-10-12T07:55:35.644+0800][info] GC(461) Concurrent Cleanup for Next Mark
[2024-10-12T07:55:35.645+0800][info] GC(461) Concurrent Cleanup for Next Mark 0.434ms
[2024-10-12T07:55:35.645+0800][info] GC(461) Concurrent Mark Cycle 9.767ms
[2024-10-12T07:55:35.809+0800][info] GC(462) Pause Young (Prepare Mixed) (G1 Evacuation Pause)
[2024-10-12T07:55:35.809+0800][info] GC(462) Using 3 workers of 48 for evacuation
[2024-10-12T07:55:35.811+0800][info] GC(462)   Pre Evacuate Collection Set: 0.1ms
[2024-10-12T07:55:35.811+0800][info] GC(462)   Merge Heap Roots: 0.1ms
[2024-10-12T07:55:35.811+0800][info] GC(462)   Evacuate Collection Set: 1.0ms
[2024-10-12T07:55:35.811+0800][info] GC(462)   Post Evacuate Collection Set: 0.2ms
[2024-10-12T07:55:35.811+0800][info] GC(462)   Other: 0.3ms
[2024-10-12T07:55:35.811+0800][info] GC(462) Eden regions: 2->0(2)
[2024-10-12T07:55:35.811+0800][info] GC(462) Survivor regions: 1->1(1)
[2024-10-12T07:55:35.811+0800][info] GC(462) Old regions: 50->51
[2024-10-12T07:55:35.811+0800][info] GC(462) Archive regions: 2->2
[2024-10-12T07:55:35.811+0800][info] GC(462) Humongous regions: 4->3
[2024-10-12T07:55:35.811+0800][info] GC(462) Metaspace: 1677K(1856K)->1677K(1856K) NonClass: 1553K(1664K)->1553K(1664K) Class: 124K(192K)->124K(192K)
[2024-10-12T07:55:35.811+0800][info] GC(462) Pause Young (Prepare Mixed) (G1 Evacuation Pause) 106M->103M(128M) 1.716ms
[2024-10-12T07:55:35.811+0800][info] GC(462) User=0.00s Sys=0.00s Real=0.00s
[2024-10-12T07:55:35.913+0800][info] GC(463) Pause Young (Mixed) (G1 Preventive Collection)
[2024-10-12T07:55:35.914+0800][info] GC(463) Using 3 workers of 48 for evacuation
[2024-10-12T07:55:35.916+0800][info] GC(463)   Pre Evacuate Collection Set: 0.1ms
[2024-10-12T07:55:35.916+0800][info] GC(463)   Merge Heap Roots: 0.1ms
[2024-10-12T07:55:35.916+0800][info] GC(463)   Evacuate Collection Set: 1.8ms
[2024-10-12T07:55:35.916+0800][info] GC(463)   Post Evacuate Collection Set: 0.2ms
[2024-10-12T07:55:35.916+0800][info] GC(463)   Other: 0.2ms
[2024-10-12T07:55:35.916+0800][info] GC(463) Eden regions: 2->0(2)
[2024-10-12T07:55:35.916+0800][info] GC(463) Survivor regions: 1->1(1)
[2024-10-12T07:55:35.916+0800][info] GC(463) Old regions: 51->48
[2024-10-12T07:55:35.916+0800][info] GC(463) Archive regions: 2->2
[2024-10-12T07:55:35.916+0800][info] GC(463) Humongous regions: 3->3
[2024-10-12T07:55:35.916+0800][info] GC(463) Metaspace: 1677K(1856K)->1677K(1856K) NonClass: 1553K(1664K)->1553K(1664K) Class: 124K(192K)->124K(192K)
[2024-10-12T07:55:35.916+0800][info] GC(463) Pause Young (Mixed) (G1 Preventive Collection) 107M->99M(128M) 2.623ms
[2024-10-12T07:55:35.916+0800][info] GC(463) User=0.01s Sys=0.01s Real=0.00s
[2024-10-12T07:55:36.018+0800][info] GC(464) Pause Young (Mixed) (G1 Evacuation Pause)
[2024-10-12T07:55:36.018+0800][info] GC(464) Using 3 workers of 48 for evacuation
[2024-10-12T07:55:36.020+0800][info] GC(464)   Pre Evacuate Collection Set: 0.1ms
[2024-10-12T07:55:36.020+0800][info] GC(464)   Merge Heap Roots: 0.1ms
[2024-10-12T07:55:36.020+0800][info] GC(464)   Evacuate Collection Set: 1.7ms
[2024-10-12T07:55:36.020+0800][info] GC(464)   Post Evacuate Collection Set: 0.3ms
[2024-10-12T07:55:36.020+0800][info] GC(464)   Other: 0.2ms
[2024-10-12T07:55:36.020+0800][info] GC(464) Eden regions: 2->0(2)
[2024-10-12T07:55:36.020+0800][info] GC(464) Survivor regions: 1->1(1)
[2024-10-12T07:55:36.020+0800][info] GC(464) Old regions: 48->47
[2024-10-12T07:55:36.020+0800][info] GC(464) Archive regions: 2->2
[2024-10-12T07:55:36.020+0800][info] GC(464) Humongous regions: 3->3
[2024-10-12T07:55:36.020+0800][info] GC(464) Metaspace: 1677K(1856K)->1677K(1856K) NonClass: 1553K(1664K)->1553K(1664K) Class: 124K(192K)->124K(192K)
[2024-10-12T07:55:36.020+0800][info] GC(464) Pause Young (Mixed) (G1 Evacuation Pause) 103M->98M(128M) 2.408ms
[2024-10-12T07:55:36.020+0800][info] GC(464) User=0.00s Sys=0.00s Real=0.00s
[2024-10-12T07:55:36.123+0800][info] GC(465) Pause Young (Normal) (G1 Evacuation Pause)
[2024-10-12T07:55:36.123+0800][info] GC(465) Using 3 workers of 48 for evacuation
[2024-10-12T07:55:36.124+0800][info] GC(465)   Pre Evacuate Collection Set: 0.1ms
[2024-10-12T07:55:36.124+0800][info] GC(465)   Merge Heap Roots: 0.1ms
[2024-10-12T07:55:36.124+0800][info] GC(465)   Evacuate Collection Set: 1.0ms
[2024-10-12T07:55:36.124+0800][info] GC(465)   Post Evacuate Collection Set: 0.2ms
[2024-10-12T07:55:36.124+0800][info] GC(465)   Other: 0.2ms
[2024-10-12T07:55:36.124+0800][info] GC(465) Eden regions: 2->0(2)
[2024-10-12T07:55:36.124+0800][info] GC(465) Survivor regions: 1->1(1)
[2024-10-12T07:55:36.124+0800][info] GC(465) Old regions: 47->49
[2024-10-12T07:55:36.124+0800][info] GC(465) Archive regions: 2->2
[2024-10-12T07:55:36.124+0800][info] GC(465) Humongous regions: 3->3
[2024-10-12T07:55:36.124+0800][info] GC(465) Metaspace: 1677K(1856K)->1677K(1856K) NonClass: 1553K(1664K)->1553K(1664K) Class: 124K(192K)->124K(192K)
[2024-10-12T07:55:36.124+0800][info] GC(465) Pause Young (Normal) (G1 Evacuation Pause) 102M->102M(128M) 1.630ms
[2024-10-12T07:55:36.124+0800][info] GC(465) User=0.01s Sys=0.00s Real=0.00s
[2024-10-12T07:55:36.226+0800][info] GC(466) Pause Young (Normal) (G1 Evacuation Pause)
[2024-10-12T07:55:36.226+0800][info] GC(466) Using 3 workers of 48 for evacuation
[2024-10-12T07:55:36.228+0800][info] GC(466)   Pre Evacuate Collection Set: 0.1ms
[2024-10-12T07:55:36.228+0800][info] GC(466)   Merge Heap Roots: 0.0ms
[2024-10-12T07:55:36.228+0800][info] GC(466)   Evacuate Collection Set: 0.9ms
[2024-10-12T07:55:36.228+0800][info] GC(466)   Post Evacuate Collection Set: 0.2ms
[2024-10-12T07:55:36.228+0800][info] GC(466)   Other: 0.2ms
[2024-10-12T07:55:36.228+0800][info] GC(466) Eden regions: 2->0(2)
[2024-10-12T07:55:36.228+0800][info] GC(466) Survivor regions: 1->1(1)
[2024-10-12T07:55:36.228+0800][info] GC(466) Old regions: 49->51
[2024-10-12T07:55:36.228+0800][info] GC(466) Archive regions: 2->2
[2024-10-12T07:55:36.228+0800][info] GC(466) Humongous regions: 3->3
[2024-10-12T07:55:36.228+0800][info] GC(466) Metaspace: 1677K(1856K)->1677K(1856K) NonClass: 1553K(1664K)->1553K(1664K) Class: 124K(192K)->124K(192K)
[2024-10-12T07:55:36.228+0800][info] GC(466) Pause Young (Normal) (G1 Evacuation Pause) 105M->106M(128M) 1.564ms
[2024-10-12T07:55:36.228+0800][info] GC(466) User=0.00s Sys=0.00s Real=0.00s
[2024-10-12T07:55:36.330+0800][info] GC(467) Pause Young (Concurrent Start) (G1 Evacuation Pause)
[2024-10-12T07:55:36.330+0800][info] GC(467) Using 3 workers of 48 for evacuation
[2024-10-12T07:55:36.332+0800][info] GC(467)   Pre Evacuate Collection Set: 0.1ms
[2024-10-12T07:55:36.332+0800][info] GC(467)   Merge Heap Roots: 0.1ms
[2024-10-12T07:55:36.332+0800][info] GC(467)   Evacuate Collection Set: 1.0ms
[2024-10-12T07:55:36.332+0800][info] GC(467)   Post Evacuate Collection Set: 0.2ms
[2024-10-12T07:55:36.332+0800][info] GC(467)   Other: 0.4ms
[2024-10-12T07:55:36.332+0800][info] GC(467) Eden regions: 2->0(2)
[2024-10-12T07:55:36.332+0800][info] GC(467) Survivor regions: 1->1(1)
[2024-10-12T07:55:36.332+0800][info] GC(467) Old regions: 51->53
[2024-10-12T07:55:36.332+0800][info] GC(467) Archive regions: 2->2
[2024-10-12T07:55:36.332+0800][info] GC(467) Humongous regions: 3->3
[2024-10-12T07:55:36.332+0800][info] GC(467) Metaspace: 1677K(1856K)->1677K(1856K) NonClass: 1553K(1664K)->1553K(1664K) Class: 124K(192K)->124K(192K)
[2024-10-12T07:55:36.332+0800][info] GC(467) Pause Young (Concurrent Start) (G1 Evacuation Pause) 109M->110M(128M) 1.781ms
[2024-10-12T07:55:36.332+0800][info] GC(467) User=0.01s Sys=0.00s Real=0.00s
[2024-10-12T07:55:36.332+0800][info] GC(468) Concurrent Mark Cycle
[2024-10-12T07:55:36.332+0800][info] GC(468) Concurrent Clear Claimed Marks
[2024-10-12T07:55:36.332+0800][info] GC(468) Concurrent Clear Claimed Marks 0.017ms
[2024-10-12T07:55:36.332+0800][info] GC(468) Concurrent Scan Root Regions
[2024-10-12T07:55:36.332+0800][info] GC(468) Concurrent Scan Root Regions 0.157ms
[2024-10-12T07:55:36.332+0800][info] GC(468) Concurrent Mark
[2024-10-12T07:55:36.332+0800][info] GC(468) Concurrent Mark From Roots
[2024-10-12T07:55:36.332+0800][info] GC(468) Using 12 workers of 12 for marking
[2024-10-12T07:55:36.337+0800][info] GC(468) Concurrent Mark From Roots 4.442ms
[2024-10-12T07:55:36.337+0800][info] GC(468) Concurrent Preclean
[2024-10-12T07:55:36.339+0800][info] GC(468) Concurrent Preclean 1.686ms
[2024-10-12T07:55:36.339+0800][info] GC(468) Pause Remark
[2024-10-12T07:55:36.340+0800][info] GC(468) Pause Remark 110M->109M(128M) 1.673ms
[2024-10-12T07:55:36.340+0800][info] GC(468) User=0.01s Sys=0.00s Real=0.00s
[2024-10-12T07:55:36.341+0800][info] GC(468) Concurrent Mark 8.134ms
[2024-10-12T07:55:36.341+0800][info] GC(468) Concurrent Rebuild Remembered Sets
[2024-10-12T07:55:36.342+0800][info] GC(468) Concurrent Rebuild Remembered Sets 1.200ms
[2024-10-12T07:55:36.342+0800][info] GC(468) Pause Cleanup
[2024-10-12T07:55:36.342+0800][info] GC(468) Pause Cleanup 109M->109M(128M) 0.188ms
[2024-10-12T07:55:36.342+0800][info] GC(468) User=0.00s Sys=0.00s Real=0.00s
[2024-10-12T07:55:36.342+0800][info] GC(468) Concurrent Cleanup for Next Mark
[2024-10-12T07:55:36.343+0800][info] GC(468) Concurrent Cleanup for Next Mark 0.463ms
[2024-10-12T07:55:36.343+0800][info] GC(468) Concurrent Mark Cycle 10.405ms
[2024-10-12T07:55:36.485+0800][info] GC(469) Pause Young (Prepare Mixed) (G1 Preventive Collection)
[2024-10-12T07:55:36.485+0800][info] GC(469) Using 3 workers of 48 for evacuation
[2024-10-12T07:55:36.487+0800][info] GC(469)   Pre Evacuate Collection Set: 0.1ms
[2024-10-12T07:55:36.487+0800][info] GC(469)   Merge Heap Roots: 0.1ms
[2024-10-12T07:55:36.487+0800][info] GC(469)   Evacuate Collection Set: 1.0ms
[2024-10-12T07:55:36.487+0800][info] GC(469)   Post Evacuate Collection Set: 0.2ms
[2024-10-12T07:55:36.487+0800][info] GC(469)   Other: 0.3ms
[2024-10-12T07:55:36.487+0800][info] GC(469) Eden regions: 2->0(2)
[2024-10-12T07:55:36.487+0800][info] GC(469) Survivor regions: 1->1(1)
[2024-10-12T07:55:36.487+0800][info] GC(469) Old regions: 52->53
[2024-10-12T07:55:36.487+0800][info] GC(469) Archive regions: 2->2
[2024-10-12T07:55:36.487+0800][info] GC(469) Humongous regions: 3->3
[2024-10-12T07:55:36.487+0800][info] GC(469) Metaspace: 1677K(1856K)->1677K(1856K) NonClass: 1553K(1664K)->1553K(1664K) Class: 124K(192K)->124K(192K)
[2024-10-12T07:55:36.487+0800][info] GC(469) Pause Young (Prepare Mixed) (G1 Preventive Collection) 111M->111M(128M) 1.645ms
[2024-10-12T07:55:36.487+0800][info] GC(469) User=0.01s Sys=0.00s Real=0.00s
[2024-10-12T07:55:36.548+0800][info] GC(470) Pause Young (Mixed) (G1 Preventive Collection)
[2024-10-12T07:55:36.548+0800][info] GC(470) Using 3 workers of 48 for evacuation
[2024-10-12T07:55:36.550+0800][info] GC(470)   Pre Evacuate Collection Set: 0.1ms
[2024-10-12T07:55:36.550+0800][info] GC(470)   Merge Heap Roots: 0.1ms
[2024-10-12T07:55:36.550+0800][info] GC(470)   Evacuate Collection Set: 1.2ms
[2024-10-12T07:55:36.550+0800][info] GC(470)   Post Evacuate Collection Set: 0.2ms
[2024-10-12T07:55:36.550+0800][info] GC(470)   Other: 0.2ms
[2024-10-12T07:55:36.550+0800][info] GC(470) Eden regions: 1->0(2)
[2024-10-12T07:55:36.550+0800][info] GC(470) Survivor regions: 1->1(1)
[2024-10-12T07:55:36.550+0800][info] GC(470) Old regions: 53->49
[2024-10-12T07:55:36.550+0800][info] GC(470) Archive regions: 2->2
[2024-10-12T07:55:36.550+0800][info] GC(470) Humongous regions: 3->3
[2024-10-12T07:55:36.550+0800][info] GC(470) Metaspace: 1677K(1856K)->1677K(1856K) NonClass: 1553K(1664K)->1553K(1664K) Class: 124K(192K)->124K(192K)
[2024-10-12T07:55:36.550+0800][info] GC(470) Pause Young (Mixed) (G1 Preventive Collection) 113M->104M(128M) 1.952ms
[2024-10-12T07:55:36.550+0800][info] GC(470) User=0.00s Sys=0.00s Real=0.00s
[2024-10-12T07:55:36.652+0800][info] GC(471) Pause Young (Mixed) (G1 Evacuation Pause)
[2024-10-12T07:55:36.652+0800][info] GC(471) Using 3 workers of 48 for evacuation
[2024-10-12T07:55:36.655+0800][info] GC(471)   Pre Evacuate Collection Set: 0.2ms
[2024-10-12T07:55:36.655+0800][info] GC(471)   Merge Heap Roots: 0.1ms
[2024-10-12T07:55:36.655+0800][info] GC(471)   Evacuate Collection Set: 2.2ms
[2024-10-12T07:55:36.655+0800][info] GC(471)   Post Evacuate Collection Set: 0.2ms
[2024-10-12T07:55:36.655+0800][info] GC(471)   Other: 0.2ms
[2024-10-12T07:55:36.655+0800][info] GC(471) Eden regions: 2->0(2)
[2024-10-12T07:55:36.655+0800][info] GC(471) Survivor regions: 1->1(1)
[2024-10-12T07:55:36.655+0800][info] GC(471) Old regions: 49->47
[2024-10-12T07:55:36.655+0800][info] GC(471) Archive regions: 2->2
[2024-10-12T07:55:36.655+0800][info] GC(471) Humongous regions: 3->3
[2024-10-12T07:55:36.655+0800][info] GC(471) Metaspace: 1677K(1856K)->1677K(1856K) NonClass: 1553K(1664K)->1553K(1664K) Class: 124K(192K)->124K(192K)
[2024-10-12T07:55:36.655+0800][info] GC(471) Pause Young (Mixed) (G1 Evacuation Pause) 108M->102M(128M) 2.969ms
[2024-10-12T07:55:36.655+0800][info] GC(471) User=0.01s Sys=0.00s Real=0.01s
[2024-10-12T07:55:36.758+0800][info] GC(472) Pause Young (Mixed) (G1 Evacuation Pause)
[2024-10-12T07:55:36.758+0800][info] GC(472) Using 3 workers of 48 for evacuation
[2024-10-12T07:55:36.760+0800][info] GC(472)   Pre Evacuate Collection Set: 0.1ms
[2024-10-12T07:55:36.760+0800][info] GC(472)   Merge Heap Roots: 0.1ms
[2024-10-12T07:55:36.760+0800][info] GC(472)   Evacuate Collection Set: 1.4ms
[2024-10-12T07:55:36.760+0800][info] GC(472)   Post Evacuate Collection Set: 0.2ms
[2024-10-12T07:55:36.760+0800][info] GC(472)   Other: 0.2ms
[2024-10-12T07:55:36.760+0800][info] GC(472) Eden regions: 2->0(2)
[2024-10-12T07:55:36.760+0800][info] GC(472) Survivor regions: 1->1(1)
[2024-10-12T07:55:36.760+0800][info] GC(472) Old regions: 47->48
[2024-10-12T07:55:36.760+0800][info] GC(472) Archive regions: 2->2
[2024-10-12T07:55:36.760+0800][info] GC(472) Humongous regions: 3->3
[2024-10-12T07:55:36.760+0800][info] GC(472) Metaspace: 1677K(1856K)->1677K(1856K) NonClass: 1553K(1664K)->1553K(1664K) Class: 124K(192K)->124K(192K)
[2024-10-12T07:55:36.760+0800][info] GC(472) Pause Young (Mixed) (G1 Evacuation Pause) 105M->104M(128M) 2.109ms
[2024-10-12T07:55:36.760+0800][info] GC(472) User=0.01s Sys=0.00s Real=0.00s
[2024-10-12T07:55:36.862+0800][info] GC(473) Pause Young (Normal) (G1 Evacuation Pause)
[2024-10-12T07:55:36.862+0800][info] GC(473) Using 3 workers of 48 for evacuation
[2024-10-12T07:55:36.864+0800][info] GC(473)   Pre Evacuate Collection Set: 0.1ms
[2024-10-12T07:55:36.864+0800][info] GC(473)   Merge Heap Roots: 0.1ms
[2024-10-12T07:55:36.864+0800][info] GC(473)   Evacuate Collection Set: 1.1ms
[2024-10-12T07:55:36.864+0800][info] GC(473)   Post Evacuate Collection Set: 0.2ms
[2024-10-12T07:55:36.864+0800][info] GC(473)   Other: 0.2ms
[2024-10-12T07:55:36.864+0800][info] GC(473) Eden regions: 2->0(2)
[2024-10-12T07:55:36.864+0800][info] GC(473) Survivor regions: 1->1(1)
[2024-10-12T07:55:36.864+0800][info] GC(473) Old regions: 48->50
[2024-10-12T07:55:36.864+0800][info] GC(473) Archive regions: 2->2
[2024-10-12T07:55:36.864+0800][info] GC(473) Humongous regions: 3->3
[2024-10-12T07:55:36.864+0800][info] GC(473) Metaspace: 1677K(1856K)->1677K(1856K) NonClass: 1553K(1664K)->1553K(1664K) Class: 124K(192K)->124K(192K)
[2024-10-12T07:55:36.864+0800][info] GC(473) Pause Young (Normal) (G1 Evacuation Pause) 107M->108M(128M) 1.753ms
[2024-10-12T07:55:36.864+0800][info] GC(473) User=0.00s Sys=0.00s Real=0.00s
[2024-10-12T07:55:36.966+0800][info] GC(474) Pause Young (Concurrent Start) (G1 Evacuation Pause)
[2024-10-12T07:55:36.966+0800][info] GC(474) Using 3 workers of 48 for evacuation
[2024-10-12T07:55:36.968+0800][info] GC(474)   Pre Evacuate Collection Set: 0.1ms
[2024-10-12T07:55:36.968+0800][info] GC(474)   Merge Heap Roots: 0.1ms
[2024-10-12T07:55:36.968+0800][info] GC(474)   Evacuate Collection Set: 1.1ms
[2024-10-12T07:55:36.968+0800][info] GC(474)   Post Evacuate Collection Set: 0.2ms
[2024-10-12T07:55:36.968+0800][info] GC(474)   Other: 0.4ms
[2024-10-12T07:55:36.968+0800][info] GC(474) Eden regions: 2->0(2)
[2024-10-12T07:55:36.968+0800][info] GC(474) Survivor regions: 1->1(1)
[2024-10-12T07:55:36.968+0800][info] GC(474) Old regions: 50->52
[2024-10-12T07:55:36.968+0800][info] GC(474) Archive regions: 2->2
[2024-10-12T07:55:36.968+0800][info] GC(474) Humongous regions: 3->3
[2024-10-12T07:55:36.968+0800][info] GC(474) Metaspace: 1677K(1856K)->1677K(1856K) NonClass: 1553K(1664K)->1553K(1664K) Class: 124K(192K)->124K(192K)
[2024-10-12T07:55:36.968+0800][info] GC(474) Pause Young (Concurrent Start) (G1 Evacuation Pause) 111M->111M(128M) 1.900ms
[2024-10-12T07:55:36.968+0800][info] GC(474) User=0.00s Sys=0.00s Real=0.00s
[2024-10-12T07:55:36.968+0800][info] GC(475) Concurrent Mark Cycle
[2024-10-12T07:55:36.968+0800][info] GC(475) Concurrent Clear Claimed Marks
[2024-10-12T07:55:36.968+0800][info] GC(475) Concurrent Clear Claimed Marks 0.016ms
[2024-10-12T07:55:36.968+0800][info] GC(475) Concurrent Scan Root Regions
[2024-10-12T07:55:36.968+0800][info] GC(475) Concurrent Scan Root Regions 0.108ms
[2024-10-12T07:55:36.968+0800][info] GC(475) Concurrent Mark
[2024-10-12T07:55:36.968+0800][info] GC(475) Concurrent Mark From Roots
[2024-10-12T07:55:36.968+0800][info] GC(475) Using 12 workers of 12 for marking
[2024-10-12T07:55:36.972+0800][info] GC(475) Concurrent Mark From Roots 3.897ms
[2024-10-12T07:55:36.972+0800][info] GC(475) Concurrent Preclean
[2024-10-12T07:55:36.974+0800][info] GC(475) Concurrent Preclean 1.696ms
[2024-10-12T07:55:36.974+0800][info] GC(475) Pause Remark
[2024-10-12T07:55:36.976+0800][info] GC(475) Pause Remark 112M->112M(128M) 1.650ms
[2024-10-12T07:55:36.976+0800][info] GC(475) User=0.00s Sys=0.00s Real=0.00s
[2024-10-12T07:55:36.976+0800][info] GC(475) Concurrent Mark 7.518ms
[2024-10-12T07:55:36.976+0800][info] GC(475) Concurrent Rebuild Remembered Sets
[2024-10-12T07:55:36.977+0800][info] GC(475) Concurrent Rebuild Remembered Sets 1.412ms
[2024-10-12T07:55:36.977+0800][info] GC(475) Pause Cleanup
[2024-10-12T07:55:36.978+0800][info] GC(475) Pause Cleanup 112M->112M(128M) 0.271ms
[2024-10-12T07:55:36.978+0800][info] GC(475) User=0.00s Sys=0.00s Real=0.00s
[2024-10-12T07:55:36.978+0800][info] GC(475) Concurrent Cleanup for Next Mark
[2024-10-12T07:55:36.978+0800][info] GC(475) Concurrent Cleanup for Next Mark 0.394ms
[2024-10-12T07:55:36.978+0800][info] GC(475) Concurrent Mark Cycle 10.029ms
[2024-10-12T07:55:37.121+0800][info] GC(476) Pause Young (Prepare Mixed) (G1 Preventive Collection)
[2024-10-12T07:55:37.121+0800][info] GC(476) Using 3 workers of 48 for evacuation
[2024-10-12T07:55:37.123+0800][info] GC(476)   Pre Evacuate Collection Set: 0.1ms
[2024-10-12T07:55:37.123+0800][info] GC(476)   Merge Heap Roots: 0.1ms
[2024-10-12T07:55:37.123+0800][info] GC(476)   Evacuate Collection Set: 1.1ms
[2024-10-12T07:55:37.123+0800][info] GC(476)   Post Evacuate Collection Set: 0.2ms
[2024-10-12T07:55:37.123+0800][info] GC(476)   Other: 0.2ms
[2024-10-12T07:55:37.123+0800][info] GC(476) Eden regions: 2->0(2)
[2024-10-12T07:55:37.123+0800][info] GC(476) Survivor regions: 1->1(1)
[2024-10-12T07:55:37.123+0800][info] GC(476) Old regions: 52->54
[2024-10-12T07:55:37.123+0800][info] GC(476) Archive regions: 2->2
[2024-10-12T07:55:37.123+0800][info] GC(476) Humongous regions: 3->3
[2024-10-12T07:55:37.123+0800][info] GC(476) Metaspace: 1677K(1856K)->1677K(1856K) NonClass: 1553K(1664K)->1553K(1664K) Class: 124K(192K)->124K(192K)
[2024-10-12T07:55:37.123+0800][info] GC(476) Pause Young (Prepare Mixed) (G1 Preventive Collection) 115M->115M(128M) 1.784ms
[2024-10-12T07:55:37.123+0800][info] GC(476) User=0.00s Sys=0.00s Real=0.00s
[2024-10-12T07:55:37.185+0800][info] GC(477) Pause Young (Mixed) (G1 Preventive Collection)
[2024-10-12T07:55:37.185+0800][info] GC(477) Using 3 workers of 48 for evacuation
[2024-10-12T07:55:37.186+0800][info] GC(477) To-space exhausted
[2024-10-12T07:55:37.186+0800][info] GC(477)   Pre Evacuate Collection Set: 0.1ms
[2024-10-12T07:55:37.186+0800][info] GC(477)   Merge Heap Roots: 0.1ms
[2024-10-12T07:55:37.186+0800][info] GC(477)   Evacuate Collection Set: 0.9ms
[2024-10-12T07:55:37.186+0800][info] GC(477)   Post Evacuate Collection Set: 0.3ms
[2024-10-12T07:55:37.186+0800][info] GC(477)   Other: 0.2ms
[2024-10-12T07:55:37.186+0800][info] GC(477) Eden regions: 1->0(2)
[2024-10-12T07:55:37.186+0800][info] GC(477) Survivor regions: 1->1(1)
[2024-10-12T07:55:37.186+0800][info] GC(477) Old regions: 54->54
[2024-10-12T07:55:37.186+0800][info] GC(477) Archive regions: 2->2
[2024-10-12T07:55:37.186+0800][info] GC(477) Humongous regions: 3->3
[2024-10-12T07:55:37.186+0800][info] GC(477) Metaspace: 1677K(1856K)->1677K(1856K) NonClass: 1553K(1664K)->1553K(1664K) Class: 124K(192K)->124K(192K)
[2024-10-12T07:55:37.186+0800][info] GC(477) Pause Young (Mixed) (G1 Preventive Collection) 117M->115M(128M) 1.688ms
[2024-10-12T07:55:37.186+0800][info] GC(477) User=0.01s Sys=0.00s Real=0.01s
[2024-10-12T07:55:37.227+0800][info] GC(478) Pause Young (Mixed) (G1 Preventive Collection)
[2024-10-12T07:55:37.227+0800][info] GC(478) Using 3 workers of 48 for evacuation
[2024-10-12T07:55:37.229+0800][info] GC(478) To-space exhausted
[2024-10-12T07:55:37.229+0800][info] GC(478)   Pre Evacuate Collection Set: 0.1ms
[2024-10-12T07:55:37.229+0800][info] GC(478)   Merge Heap Roots: 0.1ms
[2024-10-12T07:55:37.229+0800][info] GC(478)   Evacuate Collection Set: 1.1ms
[2024-10-12T07:55:37.229+0800][info] GC(478)   Post Evacuate Collection Set: 0.3ms
[2024-10-12T07:55:37.229+0800][info] GC(478)   Other: 0.2ms
[2024-10-12T07:55:37.229+0800][info] GC(478) Eden regions: 1->0(2)
[2024-10-12T07:55:37.229+0800][info] GC(478) Survivor regions: 1->1(1)
[2024-10-12T07:55:37.229+0800][info] GC(478) Old regions: 54->55
[2024-10-12T07:55:37.229+0800][info] GC(478) Archive regions: 2->2
[2024-10-12T07:55:37.229+0800][info] GC(478) Humongous regions: 3->3
[2024-10-12T07:55:37.229+0800][info] GC(478) Metaspace: 1677K(1856K)->1677K(1856K) NonClass: 1553K(1664K)->1553K(1664K) Class: 124K(192K)->124K(192K)
[2024-10-12T07:55:37.229+0800][info] GC(478) Pause Young (Mixed) (G1 Preventive Collection) 117M->117M(128M) 1.954ms
[2024-10-12T07:55:37.229+0800][info] GC(478) User=0.00s Sys=0.00s Real=0.00s
[2024-10-12T07:55:37.291+0800][info] GC(479) Pause Young (Mixed) (G1 Preventive Collection)
[2024-10-12T07:55:37.291+0800][info] GC(479) Using 3 workers of 48 for evacuation
[2024-10-12T07:55:37.292+0800][info] GC(479) To-space exhausted
[2024-10-12T07:55:37.292+0800][info] GC(479)   Pre Evacuate Collection Set: 0.1ms
[2024-10-12T07:55:37.292+0800][info] GC(479)   Merge Heap Roots: 0.1ms
[2024-10-12T07:55:37.292+0800][info] GC(479)   Evacuate Collection Set: 0.9ms
[2024-10-12T07:55:37.292+0800][info] GC(479)   Post Evacuate Collection Set: 0.3ms
[2024-10-12T07:55:37.292+0800][info] GC(479)   Other: 0.2ms
[2024-10-12T07:55:37.292+0800][info] GC(479) Eden regions: 1->0(2)
[2024-10-12T07:55:37.292+0800][info] GC(479) Survivor regions: 1->1(1)
[2024-10-12T07:55:37.292+0800][info] GC(479) Old regions: 55->57
[2024-10-12T07:55:37.292+0800][info] GC(479) Archive regions: 2->2
[2024-10-12T07:55:37.292+0800][info] GC(479) Humongous regions: 3->3
[2024-10-12T07:55:37.292+0800][info] GC(479) Metaspace: 1677K(1856K)->1677K(1856K) NonClass: 1553K(1664K)->1553K(1664K) Class: 124K(192K)->124K(192K)
[2024-10-12T07:55:37.292+0800][info] GC(479) Pause Young (Mixed) (G1 Preventive Collection) 118M->120M(128M) 1.689ms
[2024-10-12T07:55:37.292+0800][info] GC(479) User=0.00s Sys=0.00s Real=0.00s
[2024-10-12T07:55:37.333+0800][info] GC(480) Pause Young (Mixed) (G1 Evacuation Pause)
[2024-10-12T07:55:37.333+0800][info] GC(480) Using 3 workers of 48 for evacuation
[2024-10-12T07:55:37.334+0800][info] GC(480) To-space exhausted
[2024-10-12T07:55:37.334+0800][info] GC(480)   Pre Evacuate Collection Set: 0.1ms
[2024-10-12T07:55:37.334+0800][info] GC(480)   Merge Heap Roots: 0.1ms
[2024-10-12T07:55:37.334+0800][info] GC(480)   Evacuate Collection Set: 0.3ms
[2024-10-12T07:55:37.334+0800][info] GC(480)   Post Evacuate Collection Set: 0.2ms
[2024-10-12T07:55:37.334+0800][info] GC(480)   Other: 0.2ms
[2024-10-12T07:55:37.334+0800][info] GC(480) Eden regions: 1->0(3)
[2024-10-12T07:55:37.334+0800][info] GC(480) Survivor regions: 1->0(0)
[2024-10-12T07:55:37.334+0800][info] GC(480) Old regions: 57->59
[2024-10-12T07:55:37.334+0800][info] GC(480) Archive regions: 2->2
[2024-10-12T07:55:37.334+0800][info] GC(480) Humongous regions: 3->3
[2024-10-12T07:55:37.334+0800][info] GC(480) Metaspace: 1677K(1856K)->1677K(1856K) NonClass: 1553K(1664K)->1553K(1664K) Class: 124K(192K)->124K(192K)
[2024-10-12T07:55:37.334+0800][info] GC(480) Pause Young (Mixed) (G1 Evacuation Pause) 122M->122M(128M) 0.939ms
[2024-10-12T07:55:37.334+0800][info] GC(480) User=0.00s Sys=0.00s Real=0.00s
[2024-10-12T07:55:37.334+0800][info] Attempting full compaction
[2024-10-12T07:55:37.334+0800][info] GC(481) Using 3 workers of 48 for full compaction
[2024-10-12T07:55:37.334+0800][info] GC(481) Pause Full (G1 Compaction Pause)
[2024-10-12T07:55:37.334+0800][info] GC(481) Phase 1: Mark live objects
[2024-10-12T07:55:37.338+0800][info] GC(481) Phase 1: Mark live objects 3.525ms
[2024-10-12T07:55:37.338+0800][info] GC(481) Phase 2: Prepare for compaction
[2024-10-12T07:55:37.339+0800][info] GC(481) Phase 2: Prepare for compaction 0.577ms
[2024-10-12T07:55:37.339+0800][info] GC(481) Phase 3: Adjust pointers
[2024-10-12T07:55:37.340+0800][info] GC(481) Phase 3: Adjust pointers 1.688ms
[2024-10-12T07:55:37.340+0800][info] GC(481) Phase 4: Compact heap
[2024-10-12T07:55:37.351+0800][info] GC(481) Phase 4: Compact heap 10.691ms
[2024-10-12T07:55:37.353+0800][info] GC(481) Eden regions: 0->0(4)
[2024-10-12T07:55:37.353+0800][info] GC(481) Survivor regions: 0->0(0)
[2024-10-12T07:55:37.353+0800][info] GC(481) Old regions: 59->37
[2024-10-12T07:55:37.353+0800][info] GC(481) Archive regions: 2->2
[2024-10-12T07:55:37.353+0800][info] GC(481) Humongous regions: 3->3
[2024-10-12T07:55:37.353+0800][info] GC(481) Metaspace: 1677K(1856K)->1677K(1856K) NonClass: 1553K(1664K)->1553K(1664K) Class: 124K(192K)->124K(192K)
[2024-10-12T07:55:37.353+0800][info] GC(481) Pause Full (G1 Compaction Pause) 122M->71M(128M) 18.375ms
[2024-10-12T07:55:37.353+0800][info] GC(481) User=0.04s Sys=0.00s Real=0.01s
[2024-10-12T07:55:37.578+0800][info] GC(482) Pause Young (Normal) (G1 Evacuation Pause)
[2024-10-12T07:55:37.578+0800][info] GC(482) Using 3 workers of 48 for evacuation
[2024-10-12T07:55:37.580+0800][info] GC(482)   Pre Evacuate Collection Set: 0.1ms
[2024-10-12T07:55:37.580+0800][info] GC(482)   Merge Heap Roots: 0.1ms
[2024-10-12T07:55:37.580+0800][info] GC(482)   Evacuate Collection Set: 1.3ms
[2024-10-12T07:55:37.580+0800][info] GC(482)   Post Evacuate Collection Set: 0.2ms
[2024-10-12T07:55:37.580+0800][info] GC(482)   Other: 0.2ms
[2024-10-12T07:55:37.580+0800][info] GC(482) Eden regions: 4->0(2)
[2024-10-12T07:55:37.580+0800][info] GC(482) Survivor regions: 0->1(1)
[2024-10-12T07:55:37.580+0800][info] GC(482) Old regions: 37->41
[2024-10-12T07:55:37.580+0800][info] GC(482) Archive regions: 2->2
[2024-10-12T07:55:37.580+0800][info] GC(482) Humongous regions: 3->3
[2024-10-12T07:55:37.580+0800][info] GC(482) Metaspace: 1677K(1856K)->1677K(1856K) NonClass: 1553K(1664K)->1553K(1664K) Class: 124K(192K)->124K(192K)
[2024-10-12T07:55:37.580+0800][info] GC(482) Pause Young (Normal) (G1 Evacuation Pause) 79M->80M(128M) 1.970ms
[2024-10-12T07:55:37.580+0800][info] GC(482) User=0.00s Sys=0.00s Real=0.00s
[2024-10-12T07:55:37.682+0800][info] GC(483) Pause Young (Normal) (G1 Evacuation Pause)
[2024-10-12T07:55:37.682+0800][info] GC(483) Using 3 workers of 48 for evacuation
[2024-10-12T07:55:37.684+0800][info] GC(483)   Pre Evacuate Collection Set: 0.1ms
[2024-10-12T07:55:37.684+0800][info] GC(483)   Merge Heap Roots: 0.1ms
[2024-10-12T07:55:37.684+0800][info] GC(483)   Evacuate Collection Set: 1.1ms
[2024-10-12T07:55:37.684+0800][info] GC(483)   Post Evacuate Collection Set: 0.2ms
[2024-10-12T07:55:37.684+0800][info] GC(483)   Other: 0.2ms
[2024-10-12T07:55:37.684+0800][info] GC(483) Eden regions: 2->0(2)
[2024-10-12T07:55:37.684+0800][info] GC(483) Survivor regions: 1->1(1)
[2024-10-12T07:55:37.684+0800][info] GC(483) Old regions: 41->43
[2024-10-12T07:55:37.684+0800][info] GC(483) Archive regions: 2->2
[2024-10-12T07:55:37.684+0800][info] GC(483) Humongous regions: 3->3
[2024-10-12T07:55:37.684+0800][info] GC(483) Metaspace: 1677K(1856K)->1677K(1856K) NonClass: 1553K(1664K)->1553K(1664K) Class: 124K(192K)->124K(192K)
[2024-10-12T07:55:37.684+0800][info] GC(483) Pause Young (Normal) (G1 Evacuation Pause) 83M->84M(128M) 1.678ms
[2024-10-12T07:55:37.684+0800][info] GC(483) User=0.00s Sys=0.00s Real=0.00s
[2024-10-12T07:55:37.786+0800][info] GC(484) Pause Young (Normal) (G1 Evacuation Pause)
[2024-10-12T07:55:37.786+0800][info] GC(484) Using 3 workers of 48 for evacuation
[2024-10-12T07:55:37.788+0800][info] GC(484)   Pre Evacuate Collection Set: 0.1ms
[2024-10-12T07:55:37.788+0800][info] GC(484)   Merge Heap Roots: 0.0ms
[2024-10-12T07:55:37.788+0800][info] GC(484)   Evacuate Collection Set: 1.0ms
[2024-10-12T07:55:37.788+0800][info] GC(484)   Post Evacuate Collection Set: 0.2ms
[2024-10-12T07:55:37.788+0800][info] GC(484)   Other: 0.2ms
[2024-10-12T07:55:37.788+0800][info] GC(484) Eden regions: 2->0(2)
[2024-10-12T07:55:37.788+0800][info] GC(484) Survivor regions: 1->1(1)
[2024-10-12T07:55:37.788+0800][info] GC(484) Old regions: 43->45
[2024-10-12T07:55:37.788+0800][info] GC(484) Archive regions: 2->2
[2024-10-12T07:55:37.788+0800][info] GC(484) Humongous regions: 3->3
[2024-10-12T07:55:37.788+0800][info] GC(484) Metaspace: 1677K(1856K)->1677K(1856K) NonClass: 1553K(1664K)->1553K(1664K) Class: 124K(192K)->124K(192K)
[2024-10-12T07:55:37.788+0800][info] GC(484) Pause Young (Normal) (G1 Evacuation Pause) 87M->88M(128M) 1.601ms
[2024-10-12T07:55:37.788+0800][info] GC(484) User=0.00s Sys=0.00s Real=0.00s
[2024-10-12T07:55:37.890+0800][info] GC(485) Pause Young (Normal) (G1 Evacuation Pause)
[2024-10-12T07:55:37.890+0800][info] GC(485) Using 3 workers of 48 for evacuation
[2024-10-12T07:55:37.891+0800][info] GC(485)   Pre Evacuate Collection Set: 0.1ms
[2024-10-12T07:55:37.891+0800][info] GC(485)   Merge Heap Roots: 0.1ms
[2024-10-12T07:55:37.891+0800][info] GC(485)   Evacuate Collection Set: 0.9ms
[2024-10-12T07:55:37.891+0800][info] GC(485)   Post Evacuate Collection Set: 0.2ms
[2024-10-12T07:55:37.891+0800][info] GC(485)   Other: 0.2ms
[2024-10-12T07:55:37.891+0800][info] GC(485) Eden regions: 2->0(2)
[2024-10-12T07:55:37.891+0800][info] GC(485) Survivor regions: 1->1(1)
[2024-10-12T07:55:37.891+0800][info] GC(485) Old regions: 45->47
[2024-10-12T07:55:37.891+0800][info] GC(485) Archive regions: 2->2
[2024-10-12T07:55:37.891+0800][info] GC(485) Humongous regions: 3->3
[2024-10-12T07:55:37.891+0800][info] GC(485) Metaspace: 1677K(1856K)->1677K(1856K) NonClass: 1553K(1664K)->1553K(1664K) Class: 124K(192K)->124K(192K)
[2024-10-12T07:55:37.891+0800][info] GC(485) Pause Young (Normal) (G1 Evacuation Pause) 91M->92M(128M) 1.515ms
[2024-10-12T07:55:37.891+0800][info] GC(485) User=0.00s Sys=0.00s Real=0.00s
[2024-10-12T07:55:37.891+0800][info] GC(486) Pause Young (Concurrent Start) (G1 Humongous Allocation)
[2024-10-12T07:55:37.891+0800][info] GC(486) Using 3 workers of 48 for evacuation
[2024-10-12T07:55:37.892+0800][info] GC(486)   Pre Evacuate Collection Set: 0.0ms
[2024-10-12T07:55:37.892+0800][info] GC(486)   Merge Heap Roots: 0.1ms
[2024-10-12T07:55:37.892+0800][info] GC(486)   Evacuate Collection Set: 0.5ms
[2024-10-12T07:55:37.892+0800][info] GC(486)   Post Evacuate Collection Set: 0.2ms
[2024-10-12T07:55:37.892+0800][info] GC(486)   Other: 0.3ms
[2024-10-12T07:55:37.893+0800][info] GC(486) Eden regions: 1->0(2)
[2024-10-12T07:55:37.893+0800][info] GC(486) Survivor regions: 1->1(1)
[2024-10-12T07:55:37.893+0800][info] GC(486) Old regions: 47->48
[2024-10-12T07:55:37.893+0800][info] GC(486) Archive regions: 2->2
[2024-10-12T07:55:37.893+0800][info] GC(486) Humongous regions: 3->3
[2024-10-12T07:55:37.893+0800][info] GC(486) Metaspace: 1677K(1856K)->1677K(1856K) NonClass: 1553K(1664K)->1553K(1664K) Class: 124K(192K)->124K(192K)
[2024-10-12T07:55:37.893+0800][info] GC(486) Pause Young (Concurrent Start) (G1 Humongous Allocation) 92M->92M(128M) 1.203ms
[2024-10-12T07:55:37.893+0800][info] GC(486) User=0.01s Sys=0.00s Real=0.00s
[2024-10-12T07:55:37.893+0800][info] GC(487) Concurrent Mark Cycle
[2024-10-12T07:55:37.893+0800][info] GC(487) Concurrent Clear Claimed Marks
[2024-10-12T07:55:37.893+0800][info] GC(487) Concurrent Clear Claimed Marks 0.016ms
[2024-10-12T07:55:37.893+0800][info] GC(487) Concurrent Scan Root Regions
[2024-10-12T07:55:37.893+0800][info] GC(487) Concurrent Scan Root Regions 0.114ms
[2024-10-12T07:55:37.893+0800][info] GC(487) Concurrent Mark
[2024-10-12T07:55:37.893+0800][info] GC(487) Concurrent Mark From Roots
[2024-10-12T07:55:37.893+0800][info] GC(487) Using 12 workers of 12 for marking
[2024-10-12T07:55:37.898+0800][info] GC(487) Concurrent Mark From Roots 5.440ms
[2024-10-12T07:55:37.898+0800][info] GC(487) Concurrent Preclean
[2024-10-12T07:55:37.900+0800][info] GC(487) Concurrent Preclean 1.675ms
[2024-10-12T07:55:37.900+0800][info] GC(487) Pause Remark
[2024-10-12T07:55:37.902+0800][info] GC(487) Pause Remark 94M->92M(128M) 1.617ms
[2024-10-12T07:55:37.902+0800][info] GC(487) User=0.00s Sys=0.00s Real=0.00s
[2024-10-12T07:55:37.902+0800][info] GC(487) Concurrent Mark 9.042ms
[2024-10-12T07:55:37.902+0800][info] GC(487) Concurrent Rebuild Remembered Sets
[2024-10-12T07:55:37.903+0800][info] GC(487) Concurrent Rebuild Remembered Sets 1.107ms
[2024-10-12T07:55:37.903+0800][info] GC(487) Pause Cleanup
[2024-10-12T07:55:37.903+0800][info] GC(487) Pause Cleanup 92M->92M(128M) 0.269ms
[2024-10-12T07:55:37.903+0800][info] GC(487) User=0.00s Sys=0.00s Real=0.00s
[2024-10-12T07:55:37.904+0800][info] GC(487) Concurrent Cleanup for Next Mark
[2024-10-12T07:55:37.904+0800][info] GC(487) Concurrent Cleanup for Next Mark 0.317ms
[2024-10-12T07:55:37.904+0800][info] GC(487) Concurrent Mark Cycle 11.158ms
[2024-10-12T07:55:38.066+0800][info] GC(488) Pause Young (Prepare Mixed) (G1 Evacuation Pause)
[2024-10-12T07:55:38.066+0800][info] GC(488) Using 3 workers of 48 for evacuation
[2024-10-12T07:55:38.068+0800][info] GC(488)   Pre Evacuate Collection Set: 0.1ms
[2024-10-12T07:55:38.068+0800][info] GC(488)   Merge Heap Roots: 0.1ms
[2024-10-12T07:55:38.068+0800][info] GC(488)   Evacuate Collection Set: 0.9ms
[2024-10-12T07:55:38.068+0800][info] GC(488)   Post Evacuate Collection Set: 0.2ms
[2024-10-12T07:55:38.068+0800][info] GC(488)   Other: 0.2ms
[2024-10-12T07:55:38.068+0800][info] GC(488) Eden regions: 2->0(2)
[2024-10-12T07:55:38.068+0800][info] GC(488) Survivor regions: 1->1(1)
[2024-10-12T07:55:38.068+0800][info] GC(488) Old regions: 47->48
[2024-10-12T07:55:38.068+0800][info] GC(488) Archive regions: 2->2
[2024-10-12T07:55:38.068+0800][info] GC(488) Humongous regions: 4->3
[2024-10-12T07:55:38.068+0800][info] GC(488) Metaspace: 1677K(1856K)->1677K(1856K) NonClass: 1553K(1664K)->1553K(1664K) Class: 124K(192K)->124K(192K)
[2024-10-12T07:55:38.068+0800][info] GC(488) Pause Young (Prepare Mixed) (G1 Evacuation Pause) 96M->95M(128M) 1.614ms
[2024-10-12T07:55:38.068+0800][info] GC(488) User=0.00s Sys=0.00s Real=0.00s
[2024-10-12T07:55:38.170+0800][info] GC(489) Pause Young (Mixed) (G1 Evacuation Pause)
[2024-10-12T07:55:38.170+0800][info] GC(489) Using 3 workers of 48 for evacuation
[2024-10-12T07:55:38.172+0800][info] GC(489)   Pre Evacuate Collection Set: 0.1ms
[2024-10-12T07:55:38.172+0800][info] GC(489)   Merge Heap Roots: 0.1ms
[2024-10-12T07:55:38.172+0800][info] GC(489)   Evacuate Collection Set: 1.4ms
[2024-10-12T07:55:38.172+0800][info] GC(489)   Post Evacuate Collection Set: 0.2ms
[2024-10-12T07:55:38.172+0800][info] GC(489)   Other: 0.2ms
[2024-10-12T07:55:38.172+0800][info] GC(489) Eden regions: 2->0(2)
[2024-10-12T07:55:38.172+0800][info] GC(489) Survivor regions: 1->1(1)
[2024-10-12T07:55:38.172+0800][info] GC(489) Old regions: 48->46
[2024-10-12T07:55:38.172+0800][info] GC(489) Archive regions: 2->2
[2024-10-12T07:55:38.172+0800][info] GC(489) Humongous regions: 3->3
[2024-10-12T07:55:38.172+0800][info] GC(489) Metaspace: 1677K(1856K)->1677K(1856K) NonClass: 1553K(1664K)->1553K(1664K) Class: 124K(192K)->124K(192K)
[2024-10-12T07:55:38.173+0800][info] GC(489) Pause Young (Mixed) (G1 Evacuation Pause) 98M->92M(128M) 2.141ms
[2024-10-12T07:55:38.173+0800][info] GC(489) User=0.00s Sys=0.00s Real=0.00s
[2024-10-12T07:55:38.274+0800][info] GC(490) Pause Young (Normal) (G1 Evacuation Pause)
[2024-10-12T07:55:38.274+0800][info] GC(490) Using 3 workers of 48 for evacuation
[2024-10-12T07:55:38.276+0800][info] GC(490)   Pre Evacuate Collection Set: 0.1ms
[2024-10-12T07:55:38.276+0800][info] GC(490)   Merge Heap Roots: 0.1ms
[2024-10-12T07:55:38.276+0800][info] GC(490)   Evacuate Collection Set: 0.9ms
[2024-10-12T07:55:38.276+0800][info] GC(490)   Post Evacuate Collection Set: 0.2ms
[2024-10-12T07:55:38.276+0800][info] GC(490)   Other: 0.2ms
[2024-10-12T07:55:38.276+0800][info] GC(490) Eden regions: 2->0(2)
[2024-10-12T07:55:38.276+0800][info] GC(490) Survivor regions: 1->1(1)
[2024-10-12T07:55:38.276+0800][info] GC(490) Old regions: 46->48
[2024-10-12T07:55:38.276+0800][info] GC(490) Archive regions: 2->2
[2024-10-12T07:55:38.276+0800][info] GC(490) Humongous regions: 3->3
[2024-10-12T07:55:38.276+0800][info] GC(490) Metaspace: 1677K(1856K)->1677K(1856K) NonClass: 1553K(1664K)->1553K(1664K) Class: 124K(192K)->124K(192K)
[2024-10-12T07:55:38.276+0800][info] GC(490) Pause Young (Normal) (G1 Evacuation Pause) 96M->96M(128M) 1.556ms
[2024-10-12T07:55:38.276+0800][info] GC(490) User=0.01s Sys=0.00s Real=0.00s
[2024-10-12T07:55:38.378+0800][info] GC(491) Pause Young (Normal) (G1 Evacuation Pause)
[2024-10-12T07:55:38.378+0800][info] GC(491) Using 3 workers of 48 for evacuation
[2024-10-12T07:55:38.380+0800][info] GC(491)   Pre Evacuate Collection Set: 0.1ms
[2024-10-12T07:55:38.380+0800][info] GC(491)   Merge Heap Roots: 0.1ms
[2024-10-12T07:55:38.380+0800][info] GC(491)   Evacuate Collection Set: 1.0ms
[2024-10-12T07:55:38.380+0800][info] GC(491)   Post Evacuate Collection Set: 0.2ms
[2024-10-12T07:55:38.380+0800][info] GC(491)   Other: 0.2ms
[2024-10-12T07:55:38.380+0800][info] GC(491) Eden regions: 2->0(2)
[2024-10-12T07:55:38.380+0800][info] GC(491) Survivor regions: 1->1(1)
[2024-10-12T07:55:38.380+0800][info] GC(491) Old regions: 48->50
[2024-10-12T07:55:38.380+0800][info] GC(491) Archive regions: 2->2
[2024-10-12T07:55:38.380+0800][info] GC(491) Humongous regions: 3->3
[2024-10-12T07:55:38.380+0800][info] GC(491) Metaspace: 1677K(1856K)->1677K(1856K) NonClass: 1553K(1664K)->1553K(1664K) Class: 124K(192K)->124K(192K)
[2024-10-12T07:55:38.380+0800][info] GC(491) Pause Young (Normal) (G1 Evacuation Pause) 100M->100M(128M) 1.632ms
[2024-10-12T07:55:38.380+0800][info] GC(491) User=0.00s Sys=0.00s Real=0.00s
[2024-10-12T07:55:38.482+0800][info] GC(492) Pause Young (Concurrent Start) (G1 Evacuation Pause)
[2024-10-12T07:55:38.482+0800][info] GC(492) Using 3 workers of 48 for evacuation
[2024-10-12T07:55:38.484+0800][info] GC(492)   Pre Evacuate Collection Set: 0.1ms
[2024-10-12T07:55:38.484+0800][info] GC(492)   Merge Heap Roots: 0.1ms
[2024-10-12T07:55:38.484+0800][info] GC(492)   Evacuate Collection Set: 1.0ms
[2024-10-12T07:55:38.484+0800][info] GC(492)   Post Evacuate Collection Set: 0.2ms
[2024-10-12T07:55:38.484+0800][info] GC(492)   Other: 0.4ms
[2024-10-12T07:55:38.484+0800][info] GC(492) Eden regions: 2->0(2)
[2024-10-12T07:55:38.484+0800][info] GC(492) Survivor regions: 1->1(1)
[2024-10-12T07:55:38.484+0800][info] GC(492) Old regions: 50->52
[2024-10-12T07:55:38.484+0800][info] GC(492) Archive regions: 2->2
[2024-10-12T07:55:38.484+0800][info] GC(492) Humongous regions: 3->3
[2024-10-12T07:55:38.484+0800][info] GC(492) Metaspace: 1677K(1856K)->1677K(1856K) NonClass: 1553K(1664K)->1553K(1664K) Class: 124K(192K)->124K(192K)
[2024-10-12T07:55:38.484+0800][info] GC(492) Pause Young (Concurrent Start) (G1 Evacuation Pause) 103M->104M(128M) 1.762ms
[2024-10-12T07:55:38.484+0800][info] GC(492) User=0.01s Sys=0.00s Real=0.00s
[2024-10-12T07:55:38.484+0800][info] GC(493) Concurrent Mark Cycle
[2024-10-12T07:55:38.484+0800][info] GC(493) Concurrent Clear Claimed Marks
[2024-10-12T07:55:38.484+0800][info] GC(493) Concurrent Clear Claimed Marks 0.017ms
[2024-10-12T07:55:38.484+0800][info] GC(493) Concurrent Scan Root Regions
[2024-10-12T07:55:38.484+0800][info] GC(493) Concurrent Scan Root Regions 0.147ms
[2024-10-12T07:55:38.484+0800][info] GC(493) Concurrent Mark
[2024-10-12T07:55:38.484+0800][info] GC(493) Concurrent Mark From Roots
[2024-10-12T07:55:38.484+0800][info] GC(493) Using 12 workers of 12 for marking
[2024-10-12T07:55:38.491+0800][info] GC(493) Concurrent Mark From Roots 6.528ms
[2024-10-12T07:55:38.491+0800][info] GC(493) Concurrent Preclean
[2024-10-12T07:55:38.492+0800][info] GC(493) Concurrent Preclean 1.672ms
[2024-10-12T07:55:38.493+0800][info] GC(493) Pause Remark
[2024-10-12T07:55:38.494+0800][info] GC(493) Pause Remark 104M->104M(128M) 1.633ms
[2024-10-12T07:55:38.494+0800][info] GC(493) User=0.00s Sys=0.00s Real=0.01s
[2024-10-12T07:55:38.494+0800][info] GC(493) Concurrent Mark 10.160ms
[2024-10-12T07:55:38.494+0800][info] GC(493) Concurrent Rebuild Remembered Sets
[2024-10-12T07:55:38.496+0800][info] GC(493) Concurrent Rebuild Remembered Sets 1.327ms
[2024-10-12T07:55:38.496+0800][info] GC(493) Pause Cleanup
[2024-10-12T07:55:38.496+0800][info] GC(493) Pause Cleanup 104M->104M(128M) 0.264ms
[2024-10-12T07:55:38.496+0800][info] GC(493) User=0.00s Sys=0.00s Real=0.00s
[2024-10-12T07:55:38.496+0800][info] GC(493) Concurrent Cleanup for Next Mark
[2024-10-12T07:55:38.497+0800][info] GC(493) Concurrent Cleanup for Next Mark 0.459ms
[2024-10-12T07:55:38.497+0800][info] GC(493) Concurrent Mark Cycle 12.719ms
[2024-10-12T07:55:38.637+0800][info] GC(494) Pause Young (Prepare Mixed) (G1 Preventive Collection)
[2024-10-12T07:55:38.637+0800][info] GC(494) Using 3 workers of 48 for evacuation
[2024-10-12T07:55:38.639+0800][info] GC(494)   Pre Evacuate Collection Set: 0.1ms
[2024-10-12T07:55:38.639+0800][info] GC(494)   Merge Heap Roots: 0.1ms
[2024-10-12T07:55:38.639+0800][info] GC(494)   Evacuate Collection Set: 1.1ms
[2024-10-12T07:55:38.639+0800][info] GC(494)   Post Evacuate Collection Set: 0.2ms
[2024-10-12T07:55:38.639+0800][info] GC(494)   Other: 0.3ms
[2024-10-12T07:55:38.639+0800][info] GC(494) Eden regions: 2->0(2)
[2024-10-12T07:55:38.639+0800][info] GC(494) Survivor regions: 1->1(1)
[2024-10-12T07:55:38.639+0800][info] GC(494) Old regions: 52->54
[2024-10-12T07:55:38.639+0800][info] GC(494) Archive regions: 2->2
[2024-10-12T07:55:38.639+0800][info] GC(494) Humongous regions: 3->3
[2024-10-12T07:55:38.639+0800][info] GC(494) Metaspace: 1677K(1856K)->1677K(1856K) NonClass: 1553K(1664K)->1553K(1664K) Class: 124K(192K)->124K(192K)
[2024-10-12T07:55:38.639+0800][info] GC(494) Pause Young (Prepare Mixed) (G1 Preventive Collection) 107M->108M(128M) 1.794ms
[2024-10-12T07:55:38.639+0800][info] GC(494) User=0.00s Sys=0.00s Real=0.00s
[2024-10-12T07:55:38.700+0800][info] GC(495) Pause Young (Mixed) (G1 Preventive Collection)
[2024-10-12T07:55:38.700+0800][info] GC(495) Using 3 workers of 48 for evacuation
[2024-10-12T07:55:38.702+0800][info] GC(495)   Pre Evacuate Collection Set: 0.2ms
[2024-10-12T07:55:38.702+0800][info] GC(495)   Merge Heap Roots: 0.1ms
[2024-10-12T07:55:38.702+0800][info] GC(495)   Evacuate Collection Set: 1.1ms
[2024-10-12T07:55:38.702+0800][info] GC(495)   Post Evacuate Collection Set: 0.2ms
[2024-10-12T07:55:38.702+0800][info] GC(495)   Other: 0.4ms
[2024-10-12T07:55:38.702+0800][info] GC(495) Eden regions: 1->0(2)
[2024-10-12T07:55:38.702+0800][info] GC(495) Survivor regions: 1->1(1)
[2024-10-12T07:55:38.702+0800][info] GC(495) Old regions: 54->49
[2024-10-12T07:55:38.702+0800][info] GC(495) Archive regions: 2->2
[2024-10-12T07:55:38.702+0800][info] GC(495) Humongous regions: 3->3
[2024-10-12T07:55:38.702+0800][info] GC(495) Metaspace: 1677K(1856K)->1677K(1856K) NonClass: 1553K(1664K)->1553K(1664K) Class: 124K(192K)->124K(192K)
[2024-10-12T07:55:38.702+0800][info] GC(495) Pause Young (Mixed) (G1 Preventive Collection) 109M->99M(128M) 2.118ms
[2024-10-12T07:55:38.702+0800][info] GC(495) User=0.00s Sys=0.00s Real=0.00s
[2024-10-12T07:55:38.804+0800][info] GC(496) Pause Young (Mixed) (G1 Evacuation Pause)
[2024-10-12T07:55:38.805+0800][info] GC(496) Using 3 workers of 48 for evacuation
[2024-10-12T07:55:38.807+0800][info] GC(496)   Pre Evacuate Collection Set: 0.1ms
[2024-10-12T07:55:38.807+0800][info] GC(496)   Merge Heap Roots: 0.1ms
[2024-10-12T07:55:38.807+0800][info] GC(496)   Evacuate Collection Set: 2.2ms
[2024-10-12T07:55:38.807+0800][info] GC(496)   Post Evacuate Collection Set: 0.2ms
[2024-10-12T07:55:38.807+0800][info] GC(496)   Other: 0.2ms
[2024-10-12T07:55:38.807+0800][info] GC(496) Eden regions: 2->0(2)
[2024-10-12T07:55:38.807+0800][info] GC(496) Survivor regions: 1->1(1)
[2024-10-12T07:55:38.807+0800][info] GC(496) Old regions: 49->48
[2024-10-12T07:55:38.807+0800][info] GC(496) Archive regions: 2->2
[2024-10-12T07:55:38.807+0800][info] GC(496) Humongous regions: 3->3
[2024-10-12T07:55:38.807+0800][info] GC(496) Metaspace: 1677K(1856K)->1677K(1856K) NonClass: 1553K(1664K)->1553K(1664K) Class: 124K(192K)->124K(192K)
[2024-10-12T07:55:38.807+0800][info] GC(496) Pause Young (Mixed) (G1 Evacuation Pause) 103M->101M(128M) 2.947ms
[2024-10-12T07:55:38.807+0800][info] GC(496) User=0.01s Sys=0.00s Real=0.01s
[2024-10-12T07:55:38.910+0800][info] GC(497) Pause Young (Mixed) (G1 Evacuation Pause)
[2024-10-12T07:55:38.910+0800][info] GC(497) Using 3 workers of 48 for evacuation
[2024-10-12T07:55:38.912+0800][info] GC(497)   Pre Evacuate Collection Set: 0.1ms
[2024-10-12T07:55:38.912+0800][info] GC(497)   Merge Heap Roots: 0.1ms
[2024-10-12T07:55:38.912+0800][info] GC(497)   Evacuate Collection Set: 1.7ms
[2024-10-12T07:55:38.912+0800][info] GC(497)   Post Evacuate Collection Set: 0.2ms
[2024-10-12T07:55:38.912+0800][info] GC(497)   Other: 0.2ms
[2024-10-12T07:55:38.912+0800][info] GC(497) Eden regions: 2->0(2)
[2024-10-12T07:55:38.912+0800][info] GC(497) Survivor regions: 1->1(1)
[2024-10-12T07:55:38.912+0800][info] GC(497) Old regions: 48->47
[2024-10-12T07:55:38.912+0800][info] GC(497) Archive regions: 2->2
[2024-10-12T07:55:38.912+0800][info] GC(497) Humongous regions: 3->3
[2024-10-12T07:55:38.912+0800][info] GC(497) Metaspace: 1677K(1856K)->1677K(1856K) NonClass: 1553K(1664K)->1553K(1664K) Class: 124K(192K)->124K(192K)
[2024-10-12T07:55:38.912+0800][info] GC(497) Pause Young (Mixed) (G1 Evacuation Pause) 104M->100M(128M) 2.348ms
[2024-10-12T07:55:38.912+0800][info] GC(497) User=0.01s Sys=0.00s Real=0.00s
[2024-10-12T07:55:39.014+0800][info] GC(498) Pause Young (Normal) (G1 Evacuation Pause)
[2024-10-12T07:55:39.014+0800][info] GC(498) Using 3 workers of 48 for evacuation
[2024-10-12T07:55:39.016+0800][info] GC(498)   Pre Evacuate Collection Set: 0.1ms
[2024-10-12T07:55:39.016+0800][info] GC(498)   Merge Heap Roots: 0.1ms
[2024-10-12T07:55:39.016+0800][info] GC(498)   Evacuate Collection Set: 1.0ms
[2024-10-12T07:55:39.016+0800][info] GC(498)   Post Evacuate Collection Set: 0.2ms
[2024-10-12T07:55:39.016+0800][info] GC(498)   Other: 0.2ms
[2024-10-12T07:55:39.016+0800][info] GC(498) Eden regions: 2->0(2)
[2024-10-12T07:55:39.016+0800][info] GC(498) Survivor regions: 1->1(1)
[2024-10-12T07:55:39.016+0800][info] GC(498) Old regions: 47->49
[2024-10-12T07:55:39.016+0800][info] GC(498) Archive regions: 2->2
[2024-10-12T07:55:39.016+0800][info] GC(498) Humongous regions: 3->3
[2024-10-12T07:55:39.016+0800][info] GC(498) Metaspace: 1677K(1856K)->1677K(1856K) NonClass: 1553K(1664K)->1553K(1664K) Class: 124K(192K)->124K(192K)
[2024-10-12T07:55:39.016+0800][info] GC(498) Pause Young (Normal) (G1 Evacuation Pause) 104M->104M(128M) 1.621ms
[2024-10-12T07:55:39.016+0800][info] GC(498) User=0.00s Sys=0.00s Real=0.00s
[2024-10-12T07:55:39.118+0800][info] GC(499) Pause Young (Normal) (G1 Evacuation Pause)
[2024-10-12T07:55:39.118+0800][info] GC(499) Using 3 workers of 48 for evacuation
[2024-10-12T07:55:39.120+0800][info] GC(499)   Pre Evacuate Collection Set: 0.1ms
[2024-10-12T07:55:39.120+0800][info] GC(499)   Merge Heap Roots: 0.0ms
[2024-10-12T07:55:39.120+0800][info] GC(499)   Evacuate Collection Set: 1.0ms
[2024-10-12T07:55:39.120+0800][info] GC(499)   Post Evacuate Collection Set: 0.2ms
[2024-10-12T07:55:39.120+0800][info] GC(499)   Other: 0.2ms
[2024-10-12T07:55:39.120+0800][info] GC(499) Eden regions: 2->0(2)
[2024-10-12T07:55:39.120+0800][info] GC(499) Survivor regions: 1->1(1)
[2024-10-12T07:55:39.120+0800][info] GC(499) Old regions: 49->51
[2024-10-12T07:55:39.120+0800][info] GC(499) Archive regions: 2->2
[2024-10-12T07:55:39.120+0800][info] GC(499) Humongous regions: 3->3
[2024-10-12T07:55:39.120+0800][info] GC(499) Metaspace: 1677K(1856K)->1677K(1856K) NonClass: 1553K(1664K)->1553K(1664K) Class: 124K(192K)->124K(192K)
[2024-10-12T07:55:39.120+0800][info] GC(499) Pause Young (Normal) (G1 Evacuation Pause) 108M->108M(128M) 1.610ms
[2024-10-12T07:55:39.120+0800][info] GC(499) User=0.01s Sys=0.00s Real=0.00s
[2024-10-12T07:55:39.222+0800][info] GC(500) Pause Young (Concurrent Start) (G1 Evacuation Pause)
[2024-10-12T07:55:39.222+0800][info] GC(500) Using 3 workers of 48 for evacuation
[2024-10-12T07:55:39.223+0800][info] GC(500)   Pre Evacuate Collection Set: 0.1ms
[2024-10-12T07:55:39.223+0800][info] GC(500)   Merge Heap Roots: 0.1ms
[2024-10-12T07:55:39.223+0800][info] GC(500)   Evacuate Collection Set: 0.8ms
[2024-10-12T07:55:39.223+0800][info] GC(500)   Post Evacuate Collection Set: 0.2ms
[2024-10-12T07:55:39.223+0800][info] GC(500)   Other: 0.4ms
[2024-10-12T07:55:39.223+0800][info] GC(500) Eden regions: 2->0(2)
[2024-10-12T07:55:39.223+0800][info] GC(500) Survivor regions: 1->1(1)
[2024-10-12T07:55:39.223+0800][info] GC(500) Old regions: 51->53
[2024-10-12T07:55:39.223+0800][info] GC(500) Archive regions: 2->2
[2024-10-12T07:55:39.223+0800][info] GC(500) Humongous regions: 3->3
[2024-10-12T07:55:39.223+0800][info] GC(500) Metaspace: 1677K(1856K)->1677K(1856K) NonClass: 1553K(1664K)->1553K(1664K) Class: 124K(192K)->124K(192K)
[2024-10-12T07:55:39.223+0800][info] GC(500) Pause Young (Concurrent Start) (G1 Evacuation Pause) 111M->112M(128M) 1.644ms
[2024-10-12T07:55:39.223+0800][info] GC(500) User=0.00s Sys=0.00s Real=0.00s
[2024-10-12T07:55:39.224+0800][info] GC(501) Concurrent Mark Cycle
[2024-10-12T07:55:39.224+0800][info] GC(501) Concurrent Clear Claimed Marks
[2024-10-12T07:55:39.224+0800][info] GC(501) Concurrent Clear Claimed Marks 0.017ms
[2024-10-12T07:55:39.224+0800][info] GC(501) Concurrent Scan Root Regions
[2024-10-12T07:55:39.224+0800][info] GC(501) Concurrent Scan Root Regions 0.144ms
[2024-10-12T07:55:39.224+0800][info] GC(501) Concurrent Mark
[2024-10-12T07:55:39.224+0800][info] GC(501) Concurrent Mark From Roots
[2024-10-12T07:55:39.224+0800][info] GC(501) Using 12 workers of 12 for marking
[2024-10-12T07:55:39.228+0800][info] GC(501) Concurrent Mark From Roots 4.158ms
[2024-10-12T07:55:39.228+0800][info] GC(501) Concurrent Preclean
[2024-10-12T07:55:39.230+0800][info] GC(501) Concurrent Preclean 1.729ms
[2024-10-12T07:55:39.230+0800][info] GC(501) Pause Remark
[2024-10-12T07:55:39.231+0800][info] GC(501) Pause Remark 112M->112M(128M) 1.590ms
[2024-10-12T07:55:39.231+0800][info] GC(501) User=0.00s Sys=0.00s Real=0.00s
[2024-10-12T07:55:39.232+0800][info] GC(501) Concurrent Mark 7.781ms
[2024-10-12T07:55:39.232+0800][info] GC(501) Concurrent Rebuild Remembered Sets
[2024-10-12T07:55:39.233+0800][info] GC(501) Concurrent Rebuild Remembered Sets 1.279ms
[2024-10-12T07:55:39.233+0800][info] GC(501) Pause Cleanup
[2024-10-12T07:55:39.233+0800][info] GC(501) Pause Cleanup 112M->112M(128M) 0.221ms
[2024-10-12T07:55:39.233+0800][info] GC(501) User=0.00s Sys=0.00s Real=0.01s
[2024-10-12T07:55:39.233+0800][info] GC(501) Concurrent Cleanup for Next Mark
[2024-10-12T07:55:39.234+0800][info] GC(501) Concurrent Cleanup for Next Mark 0.351ms
[2024-10-12T07:55:39.234+0800][info] GC(501) Concurrent Mark Cycle 10.065ms
[2024-10-12T07:55:39.377+0800][info] GC(502) Pause Young (Prepare Mixed) (G1 Preventive Collection)
[2024-10-12T07:55:39.377+0800][info] GC(502) Using 3 workers of 48 for evacuation
[2024-10-12T07:55:39.378+0800][info] GC(502)   Pre Evacuate Collection Set: 0.1ms
[2024-10-12T07:55:39.378+0800][info] GC(502)   Merge Heap Roots: 0.1ms
[2024-10-12T07:55:39.378+0800][info] GC(502)   Evacuate Collection Set: 0.9ms
[2024-10-12T07:55:39.378+0800][info] GC(502)   Post Evacuate Collection Set: 0.2ms
[2024-10-12T07:55:39.378+0800][info] GC(502)   Other: 0.3ms
[2024-10-12T07:55:39.378+0800][info] GC(502) Eden regions: 2->0(2)
[2024-10-12T07:55:39.378+0800][info] GC(502) Survivor regions: 1->1(1)
[2024-10-12T07:55:39.378+0800][info] GC(502) Old regions: 53->55
[2024-10-12T07:55:39.378+0800][info] GC(502) Archive regions: 2->2
[2024-10-12T07:55:39.378+0800][info] GC(502) Humongous regions: 3->3
[2024-10-12T07:55:39.378+0800][info] GC(502) Metaspace: 1677K(1856K)->1677K(1856K) NonClass: 1553K(1664K)->1553K(1664K) Class: 124K(192K)->124K(192K)
[2024-10-12T07:55:39.378+0800][info] GC(502) Pause Young (Prepare Mixed) (G1 Preventive Collection) 115M->115M(128M) 1.692ms
[2024-10-12T07:55:39.378+0800][info] GC(502) User=0.00s Sys=0.00s Real=0.00s
[2024-10-12T07:55:39.440+0800][info] GC(503) Pause Young (Mixed) (G1 Preventive Collection)
[2024-10-12T07:55:39.440+0800][info] GC(503) Using 3 workers of 48 for evacuation
[2024-10-12T07:55:39.441+0800][info] GC(503) To-space exhausted
[2024-10-12T07:55:39.441+0800][info] GC(503)   Pre Evacuate Collection Set: 0.1ms
[2024-10-12T07:55:39.441+0800][info] GC(503)   Merge Heap Roots: 0.1ms
[2024-10-12T07:55:39.441+0800][info] GC(503)   Evacuate Collection Set: 1.0ms
[2024-10-12T07:55:39.441+0800][info] GC(503)   Post Evacuate Collection Set: 0.3ms
[2024-10-12T07:55:39.441+0800][info] GC(503)   Other: 0.2ms
[2024-10-12T07:55:39.441+0800][info] GC(503) Eden regions: 1->0(2)
[2024-10-12T07:55:39.441+0800][info] GC(503) Survivor regions: 1->1(1)
[2024-10-12T07:55:39.441+0800][info] GC(503) Old regions: 55->55
[2024-10-12T07:55:39.441+0800][info] GC(503) Archive regions: 2->2
[2024-10-12T07:55:39.441+0800][info] GC(503) Humongous regions: 3->3
[2024-10-12T07:55:39.441+0800][info] GC(503) Metaspace: 1677K(1856K)->1677K(1856K) NonClass: 1553K(1664K)->1553K(1664K) Class: 124K(192K)->124K(192K)
[2024-10-12T07:55:39.441+0800][info] GC(503) Pause Young (Mixed) (G1 Preventive Collection) 117M->116M(128M) 1.813ms
[2024-10-12T07:55:39.441+0800][info] GC(503) User=0.01s Sys=0.00s Real=0.00s
[2024-10-12T07:55:39.482+0800][info] GC(504) Pause Young (Mixed) (G1 Preventive Collection)
[2024-10-12T07:55:39.483+0800][info] GC(504) Using 3 workers of 48 for evacuation
[2024-10-12T07:55:39.484+0800][info] GC(504) To-space exhausted
[2024-10-12T07:55:39.484+0800][info] GC(504)   Pre Evacuate Collection Set: 0.1ms
[2024-10-12T07:55:39.484+0800][info] GC(504)   Merge Heap Roots: 0.1ms
[2024-10-12T07:55:39.484+0800][info] GC(504)   Evacuate Collection Set: 0.9ms
[2024-10-12T07:55:39.484+0800][info] GC(504)   Post Evacuate Collection Set: 0.3ms
[2024-10-12T07:55:39.484+0800][info] GC(504)   Other: 0.2ms
[2024-10-12T07:55:39.484+0800][info] GC(504) Eden regions: 1->0(2)
[2024-10-12T07:55:39.484+0800][info] GC(504) Survivor regions: 1->1(1)
[2024-10-12T07:55:39.484+0800][info] GC(504) Old regions: 55->57
[2024-10-12T07:55:39.484+0800][info] GC(504) Archive regions: 2->2
[2024-10-12T07:55:39.484+0800][info] GC(504) Humongous regions: 3->3
[2024-10-12T07:55:39.484+0800][info] GC(504) Metaspace: 1677K(1856K)->1677K(1856K) NonClass: 1553K(1664K)->1553K(1664K) Class: 124K(192K)->124K(192K)
[2024-10-12T07:55:39.484+0800][info] GC(504) Pause Young (Mixed) (G1 Preventive Collection) 118M->120M(128M) 1.694ms
[2024-10-12T07:55:39.484+0800][info] GC(504) User=0.00s Sys=0.00s Real=0.00s
[2024-10-12T07:55:39.546+0800][info] GC(505) Pause Young (Mixed) (G1 Evacuation Pause)
[2024-10-12T07:55:39.546+0800][info] GC(505) Using 3 workers of 48 for evacuation
[2024-10-12T07:55:39.547+0800][info] GC(505) To-space exhausted
[2024-10-12T07:55:39.547+0800][info] GC(505)   Pre Evacuate Collection Set: 0.1ms
[2024-10-12T07:55:39.547+0800][info] GC(505)   Merge Heap Roots: 0.1ms
[2024-10-12T07:55:39.547+0800][info] GC(505)   Evacuate Collection Set: 0.4ms
[2024-10-12T07:55:39.547+0800][info] GC(505)   Post Evacuate Collection Set: 0.4ms
[2024-10-12T07:55:39.547+0800][info] GC(505)   Other: 0.2ms
[2024-10-12T07:55:39.547+0800][info] GC(505) Eden regions: 1->0(3)
[2024-10-12T07:55:39.547+0800][info] GC(505) Survivor regions: 1->0(0)
[2024-10-12T07:55:39.547+0800][info] GC(505) Old regions: 57->59
[2024-10-12T07:55:39.547+0800][info] GC(505) Archive regions: 2->2
[2024-10-12T07:55:39.547+0800][info] GC(505) Humongous regions: 3->3
[2024-10-12T07:55:39.547+0800][info] GC(505) Metaspace: 1677K(1856K)->1677K(1856K) NonClass: 1553K(1664K)->1553K(1664K) Class: 124K(192K)->124K(192K)
[2024-10-12T07:55:39.547+0800][info] GC(505) Pause Young (Mixed) (G1 Evacuation Pause) 122M->122M(128M) 1.263ms
[2024-10-12T07:55:39.547+0800][info] GC(505) User=0.00s Sys=0.00s Real=0.00s
[2024-10-12T07:55:39.547+0800][info] Attempting full compaction
[2024-10-12T07:55:39.547+0800][info] GC(506) Using 3 workers of 48 for full compaction
[2024-10-12T07:55:39.547+0800][info] GC(506) Pause Full (G1 Compaction Pause)
[2024-10-12T07:55:39.547+0800][info] GC(506) Phase 1: Mark live objects
[2024-10-12T07:55:39.551+0800][info] GC(506) Phase 1: Mark live objects 3.473ms
[2024-10-12T07:55:39.551+0800][info] GC(506) Phase 2: Prepare for compaction
[2024-10-12T07:55:39.551+0800][info] GC(506) Phase 2: Prepare for compaction 0.587ms
[2024-10-12T07:55:39.551+0800][info] GC(506) Phase 3: Adjust pointers
[2024-10-12T07:55:39.553+0800][info] GC(506) Phase 3: Adjust pointers 1.628ms
[2024-10-12T07:55:39.553+0800][info] GC(506) Phase 4: Compact heap
[2024-10-12T07:55:39.565+0800][info] GC(506) Phase 4: Compact heap 11.483ms
[2024-10-12T07:55:39.566+0800][info] GC(506) Eden regions: 0->0(3)
[2024-10-12T07:55:39.566+0800][info] GC(506) Survivor regions: 0->0(0)
[2024-10-12T07:55:39.566+0800][info] GC(506) Old regions: 59->39
[2024-10-12T07:55:39.566+0800][info] GC(506) Archive regions: 2->2
[2024-10-12T07:55:39.566+0800][info] GC(506) Humongous regions: 3->3
[2024-10-12T07:55:39.566+0800][info] GC(506) Metaspace: 1677K(1856K)->1677K(1856K) NonClass: 1553K(1664K)->1553K(1664K) Class: 124K(192K)->124K(192K)
[2024-10-12T07:55:39.566+0800][info] GC(506) Pause Full (G1 Compaction Pause) 122M->72M(128M) 18.860ms
[2024-10-12T07:55:39.566+0800][info] GC(506) User=0.04s Sys=0.01s Real=0.02s
[2024-10-12T07:55:39.730+0800][info] GC(507) Pause Young (Normal) (G1 Evacuation Pause)
[2024-10-12T07:55:39.730+0800][info] GC(507) Using 3 workers of 48 for evacuation
[2024-10-12T07:55:39.731+0800][info] GC(507)   Pre Evacuate Collection Set: 0.1ms
[2024-10-12T07:55:39.731+0800][info] GC(507)   Merge Heap Roots: 0.1ms
[2024-10-12T07:55:39.731+0800][info] GC(507)   Evacuate Collection Set: 1.0ms
[2024-10-12T07:55:39.731+0800][info] GC(507)   Post Evacuate Collection Set: 0.2ms
[2024-10-12T07:55:39.731+0800][info] GC(507)   Other: 0.2ms
[2024-10-12T07:55:39.731+0800][info] GC(507) Eden regions: 3->0(2)
[2024-10-12T07:55:39.731+0800][info] GC(507) Survivor regions: 0->1(1)
[2024-10-12T07:55:39.731+0800][info] GC(507) Old regions: 39->41
[2024-10-12T07:55:39.731+0800][info] GC(507) Archive regions: 2->2
[2024-10-12T07:55:39.731+0800][info] GC(507) Humongous regions: 3->3
[2024-10-12T07:55:39.731+0800][info] GC(507) Metaspace: 1677K(1856K)->1677K(1856K) NonClass: 1553K(1664K)->1553K(1664K) Class: 124K(192K)->124K(192K)
[2024-10-12T07:55:39.731+0800][info] GC(507) Pause Young (Normal) (G1 Evacuation Pause) 78M->78M(128M) 1.661ms
[2024-10-12T07:55:39.731+0800][info] GC(507) User=0.00s Sys=0.00s Real=0.00s
[2024-10-12T07:55:39.834+0800][info] GC(508) Pause Young (Normal) (G1 Evacuation Pause)
[2024-10-12T07:55:39.834+0800][info] GC(508) Using 3 workers of 48 for evacuation
[2024-10-12T07:55:39.835+0800][info] GC(508)   Pre Evacuate Collection Set: 0.1ms
[2024-10-12T07:55:39.835+0800][info] GC(508)   Merge Heap Roots: 0.0ms
[2024-10-12T07:55:39.835+0800][info] GC(508)   Evacuate Collection Set: 1.0ms
[2024-10-12T07:55:39.835+0800][info] GC(508)   Post Evacuate Collection Set: 0.2ms
[2024-10-12T07:55:39.835+0800][info] GC(508)   Other: 0.2ms
[2024-10-12T07:55:39.835+0800][info] GC(508) Eden regions: 2->0(2)
[2024-10-12T07:55:39.835+0800][info] GC(508) Survivor regions: 1->1(1)
[2024-10-12T07:55:39.835+0800][info] GC(508) Old regions: 41->44
[2024-10-12T07:55:39.835+0800][info] GC(508) Archive regions: 2->2
[2024-10-12T07:55:39.835+0800][info] GC(508) Humongous regions: 3->3
[2024-10-12T07:55:39.835+0800][info] GC(508) Metaspace: 1677K(1856K)->1677K(1856K) NonClass: 1553K(1664K)->1553K(1664K) Class: 124K(192K)->124K(192K)
[2024-10-12T07:55:39.835+0800][info] GC(508) Pause Young (Normal) (G1 Evacuation Pause) 81M->82M(128M) 1.687ms
[2024-10-12T07:55:39.835+0800][info] GC(508) User=0.01s Sys=0.00s Real=0.00s
[2024-10-12T07:55:39.937+0800][info] GC(509) Pause Young (Normal) (G1 Evacuation Pause)
[2024-10-12T07:55:39.938+0800][info] GC(509) Using 3 workers of 48 for evacuation
[2024-10-12T07:55:39.939+0800][info] GC(509)   Pre Evacuate Collection Set: 0.1ms
[2024-10-12T07:55:39.939+0800][info] GC(509)   Merge Heap Roots: 0.0ms
[2024-10-12T07:55:39.939+0800][info] GC(509)   Evacuate Collection Set: 1.0ms
[2024-10-12T07:55:39.939+0800][info] GC(509)   Post Evacuate Collection Set: 0.2ms
[2024-10-12T07:55:39.939+0800][info] GC(509)   Other: 0.2ms
[2024-10-12T07:55:39.939+0800][info] GC(509) Eden regions: 2->0(2)
[2024-10-12T07:55:39.939+0800][info] GC(509) Survivor regions: 1->1(1)
[2024-10-12T07:55:39.939+0800][info] GC(509) Old regions: 44->46
[2024-10-12T07:55:39.939+0800][info] GC(509) Archive regions: 2->2
[2024-10-12T07:55:39.939+0800][info] GC(509) Humongous regions: 3->3
[2024-10-12T07:55:39.939+0800][info] GC(509) Metaspace: 1677K(1856K)->1677K(1856K) NonClass: 1553K(1664K)->1553K(1664K) Class: 124K(192K)->124K(192K)
[2024-10-12T07:55:39.939+0800][info] GC(509) Pause Young (Normal) (G1 Evacuation Pause) 86M->86M(128M) 1.611ms
[2024-10-12T07:55:39.939+0800][info] GC(509) User=0.00s Sys=0.00s Real=0.00s
[2024-10-12T07:55:40.042+0800][info] GC(510) Pause Young (Normal) (G1 Evacuation Pause)
[2024-10-12T07:55:40.042+0800][info] GC(510) Using 3 workers of 48 for evacuation
[2024-10-12T07:55:40.043+0800][info] GC(510)   Pre Evacuate Collection Set: 0.1ms
[2024-10-12T07:55:40.043+0800][info] GC(510)   Merge Heap Roots: 0.1ms
[2024-10-12T07:55:40.043+0800][info] GC(510)   Evacuate Collection Set: 1.0ms
[2024-10-12T07:55:40.043+0800][info] GC(510)   Post Evacuate Collection Set: 0.2ms
[2024-10-12T07:55:40.043+0800][info] GC(510)   Other: 0.2ms
[2024-10-12T07:55:40.043+0800][info] GC(510) Eden regions: 2->0(2)
[2024-10-12T07:55:40.043+0800][info] GC(510) Survivor regions: 1->1(1)
[2024-10-12T07:55:40.043+0800][info] GC(510) Old regions: 46->48
[2024-10-12T07:55:40.043+0800][info] GC(510) Archive regions: 2->2
[2024-10-12T07:55:40.043+0800][info] GC(510) Humongous regions: 3->3
[2024-10-12T07:55:40.043+0800][info] GC(510) Metaspace: 1677K(1856K)->1677K(1856K) NonClass: 1553K(1664K)->1553K(1664K) Class: 124K(192K)->124K(192K)
[2024-10-12T07:55:40.043+0800][info] GC(510) Pause Young (Normal) (G1 Evacuation Pause) 90M->90M(128M) 1.604ms
[2024-10-12T07:55:40.043+0800][info] GC(510) User=0.01s Sys=0.00s Real=0.00s
[2024-10-12T07:55:40.145+0800][info] GC(511) Pause Young (Concurrent Start) (G1 Evacuation Pause)
[2024-10-12T07:55:40.145+0800][info] GC(511) Using 3 workers of 48 for evacuation
[2024-10-12T07:55:40.147+0800][info] GC(511)   Pre Evacuate Collection Set: 0.1ms
[2024-10-12T07:55:40.147+0800][info] GC(511)   Merge Heap Roots: 0.1ms
[2024-10-12T07:55:40.147+0800][info] GC(511)   Evacuate Collection Set: 1.1ms
[2024-10-12T07:55:40.147+0800][info] GC(511)   Post Evacuate Collection Set: 0.2ms
[2024-10-12T07:55:40.147+0800][info] GC(511)   Other: 0.4ms
[2024-10-12T07:55:40.147+0800][info] GC(511) Eden regions: 2->0(2)
[2024-10-12T07:55:40.147+0800][info] GC(511) Survivor regions: 1->1(1)
[2024-10-12T07:55:40.147+0800][info] GC(511) Old regions: 48->50
[2024-10-12T07:55:40.147+0800][info] GC(511) Archive regions: 2->2
[2024-10-12T07:55:40.147+0800][info] GC(511) Humongous regions: 3->3
[2024-10-12T07:55:40.147+0800][info] GC(511) Metaspace: 1677K(1856K)->1677K(1856K) NonClass: 1553K(1664K)->1553K(1664K) Class: 124K(192K)->124K(192K)
[2024-10-12T07:55:40.147+0800][info] GC(511) Pause Young (Concurrent Start) (G1 Evacuation Pause) 94M->95M(128M) 1.933ms
[2024-10-12T07:55:40.147+0800][info] GC(511) User=0.00s Sys=0.00s Real=0.00s
[2024-10-12T07:55:40.147+0800][info] GC(512) Concurrent Mark Cycle
[2024-10-12T07:55:40.147+0800][info] GC(512) Concurrent Clear Claimed Marks
[2024-10-12T07:55:40.147+0800][info] GC(512) Concurrent Clear Claimed Marks 0.016ms
[2024-10-12T07:55:40.147+0800][info] GC(512) Concurrent Scan Root Regions
[2024-10-12T07:55:40.148+0800][info] GC(512) Concurrent Scan Root Regions 0.150ms
[2024-10-12T07:55:40.148+0800][info] GC(512) Concurrent Mark
[2024-10-12T07:55:40.148+0800][info] GC(512) Concurrent Mark From Roots
[2024-10-12T07:55:40.148+0800][info] GC(512) Using 12 workers of 12 for marking
[2024-10-12T07:55:40.152+0800][info] GC(512) Concurrent Mark From Roots 4.016ms
[2024-10-12T07:55:40.152+0800][info] GC(512) Concurrent Preclean
[2024-10-12T07:55:40.153+0800][info] GC(512) Concurrent Preclean 1.707ms
[2024-10-12T07:55:40.153+0800][info] GC(512) Pause Remark
[2024-10-12T07:55:40.155+0800][info] GC(512) Pause Remark 97M->95M(128M) 1.547ms
[2024-10-12T07:55:40.155+0800][info] GC(512) User=0.01s Sys=0.00s Real=0.00s
[2024-10-12T07:55:40.155+0800][info] GC(512) Concurrent Mark 7.578ms
[2024-10-12T07:55:40.155+0800][info] GC(512) Concurrent Rebuild Remembered Sets
[2024-10-12T07:55:40.156+0800][info] GC(512) Concurrent Rebuild Remembered Sets 1.232ms
[2024-10-12T07:55:40.156+0800][info] GC(512) Pause Cleanup
[2024-10-12T07:55:40.157+0800][info] GC(512) Pause Cleanup 95M->95M(128M) 0.197ms
[2024-10-12T07:55:40.157+0800][info] GC(512) User=0.00s Sys=0.00s Real=0.00s
[2024-10-12T07:55:40.157+0800][info] GC(512) Concurrent Cleanup for Next Mark
[2024-10-12T07:55:40.157+0800][info] GC(512) Concurrent Cleanup for Next Mark 0.420ms
[2024-10-12T07:55:40.157+0800][info] GC(512) Concurrent Mark Cycle 9.885ms
[2024-10-12T07:55:40.301+0800][info] GC(513) Pause Young (Prepare Mixed) (G1 Evacuation Pause)
[2024-10-12T07:55:40.301+0800][info] GC(513) Using 3 workers of 48 for evacuation
[2024-10-12T07:55:40.303+0800][info] GC(513)   Pre Evacuate Collection Set: 0.1ms
[2024-10-12T07:55:40.303+0800][info] GC(513)   Merge Heap Roots: 0.1ms
[2024-10-12T07:55:40.303+0800][info] GC(513)   Evacuate Collection Set: 1.0ms
[2024-10-12T07:55:40.303+0800][info] GC(513)   Post Evacuate Collection Set: 0.2ms
[2024-10-12T07:55:40.303+0800][info] GC(513)   Other: 0.3ms
[2024-10-12T07:55:40.303+0800][info] GC(513) Eden regions: 2->0(2)
[2024-10-12T07:55:40.303+0800][info] GC(513) Survivor regions: 1->1(1)
[2024-10-12T07:55:40.303+0800][info] GC(513) Old regions: 49->51
[2024-10-12T07:55:40.303+0800][info] GC(513) Archive regions: 2->2
[2024-10-12T07:55:40.303+0800][info] GC(513) Humongous regions: 4->3
[2024-10-12T07:55:40.303+0800][info] GC(513) Metaspace: 1677K(1856K)->1677K(1856K) NonClass: 1553K(1664K)->1553K(1664K) Class: 124K(192K)->124K(192K)
[2024-10-12T07:55:40.303+0800][info] GC(513) Pause Young (Prepare Mixed) (G1 Evacuation Pause) 98M->96M(128M) 1.731ms
[2024-10-12T07:55:40.303+0800][info] GC(513) User=0.00s Sys=0.00s Real=0.00s
[2024-10-12T07:55:40.405+0800][info] GC(514) Pause Young (Mixed) (G1 Preventive Collection)
[2024-10-12T07:55:40.405+0800][info] GC(514) Using 3 workers of 48 for evacuation
[2024-10-12T07:55:40.407+0800][info] GC(514)   Pre Evacuate Collection Set: 0.2ms
[2024-10-12T07:55:40.407+0800][info] GC(514)   Merge Heap Roots: 0.1ms
[2024-10-12T07:55:40.407+0800][info] GC(514)   Evacuate Collection Set: 1.6ms
[2024-10-12T07:55:40.407+0800][info] GC(514)   Post Evacuate Collection Set: 0.2ms
[2024-10-12T07:55:40.407+0800][info] GC(514)   Other: 0.2ms
[2024-10-12T07:55:40.407+0800][info] GC(514) Eden regions: 2->0(2)
[2024-10-12T07:55:40.407+0800][info] GC(514) Survivor regions: 1->1(1)
[2024-10-12T07:55:40.407+0800][info] GC(514) Old regions: 51->47
[2024-10-12T07:55:40.407+0800][info] GC(514) Archive regions: 2->2
[2024-10-12T07:55:40.407+0800][info] GC(514) Humongous regions: 3->3
[2024-10-12T07:55:40.407+0800][info] GC(514) Metaspace: 1677K(1856K)->1677K(1856K) NonClass: 1553K(1664K)->1553K(1664K) Class: 124K(192K)->124K(192K)
[2024-10-12T07:55:40.407+0800][info] GC(514) Pause Young (Mixed) (G1 Preventive Collection) 100M->95M(128M) 2.394ms
[2024-10-12T07:55:40.407+0800][info] GC(514) User=0.01s Sys=0.00s Real=0.01s
[2024-10-12T07:55:40.510+0800][info] GC(515) Pause Young (Mixed) (G1 Evacuation Pause)
[2024-10-12T07:55:40.510+0800][info] GC(515) Using 3 workers of 48 for evacuation
[2024-10-12T07:55:40.512+0800][info] GC(515)   Pre Evacuate Collection Set: 0.1ms
[2024-10-12T07:55:40.512+0800][info] GC(515)   Merge Heap Roots: 0.1ms
[2024-10-12T07:55:40.512+0800][info] GC(515)   Evacuate Collection Set: 1.3ms
[2024-10-12T07:55:40.512+0800][info] GC(515)   Post Evacuate Collection Set: 0.2ms
[2024-10-12T07:55:40.512+0800][info] GC(515)   Other: 0.2ms
[2024-10-12T07:55:40.512+0800][info] GC(515) Eden regions: 2->0(2)
[2024-10-12T07:55:40.512+0800][info] GC(515) Survivor regions: 1->1(1)
[2024-10-12T07:55:40.512+0800][info] GC(515) Old regions: 47->48
[2024-10-12T07:55:40.512+0800][info] GC(515) Archive regions: 2->2
[2024-10-12T07:55:40.512+0800][info] GC(515) Humongous regions: 3->3
[2024-10-12T07:55:40.512+0800][info] GC(515) Metaspace: 1677K(1856K)->1677K(1856K) NonClass: 1553K(1664K)->1553K(1664K) Class: 124K(192K)->124K(192K)
[2024-10-12T07:55:40.512+0800][info] GC(515) Pause Young (Mixed) (G1 Evacuation Pause) 98M->96M(128M) 1.998ms
[2024-10-12T07:55:40.512+0800][info] GC(515) User=0.00s Sys=0.00s Real=0.00s
[2024-10-12T07:55:40.614+0800][info] GC(516) Pause Young (Normal) (G1 Evacuation Pause)
[2024-10-12T07:55:40.614+0800][info] GC(516) Using 3 workers of 48 for evacuation
[2024-10-12T07:55:40.615+0800][info] GC(516)   Pre Evacuate Collection Set: 0.1ms
[2024-10-12T07:55:40.615+0800][info] GC(516)   Merge Heap Roots: 0.1ms
[2024-10-12T07:55:40.615+0800][info] GC(516)   Evacuate Collection Set: 0.9ms
[2024-10-12T07:55:40.615+0800][info] GC(516)   Post Evacuate Collection Set: 0.2ms
[2024-10-12T07:55:40.615+0800][info] GC(516)   Other: 0.2ms
[2024-10-12T07:55:40.615+0800][info] GC(516) Eden regions: 2->0(2)
[2024-10-12T07:55:40.615+0800][info] GC(516) Survivor regions: 1->1(1)
[2024-10-12T07:55:40.615+0800][info] GC(516) Old regions: 48->50
[2024-10-12T07:55:40.615+0800][info] GC(516) Archive regions: 2->2
[2024-10-12T07:55:40.615+0800][info] GC(516) Humongous regions: 3->3
[2024-10-12T07:55:40.615+0800][info] GC(516) Metaspace: 1677K(1856K)->1677K(1856K) NonClass: 1553K(1664K)->1553K(1664K) Class: 124K(192K)->124K(192K)
[2024-10-12T07:55:40.615+0800][info] GC(516) Pause Young (Normal) (G1 Evacuation Pause) 100M->100M(128M) 1.464ms
[2024-10-12T07:55:40.615+0800][info] GC(516) User=0.01s Sys=0.00s Real=0.00s
[2024-10-12T07:55:40.717+0800][info] GC(517) Pause Young (Concurrent Start) (G1 Evacuation Pause)
[2024-10-12T07:55:40.717+0800][info] GC(517) Using 3 workers of 48 for evacuation
[2024-10-12T07:55:40.719+0800][info] GC(517)   Pre Evacuate Collection Set: 0.1ms
[2024-10-12T07:55:40.719+0800][info] GC(517)   Merge Heap Roots: 0.1ms
[2024-10-12T07:55:40.719+0800][info] GC(517)   Evacuate Collection Set: 0.9ms
[2024-10-12T07:55:40.719+0800][info] GC(517)   Post Evacuate Collection Set: 0.2ms
[2024-10-12T07:55:40.719+0800][info] GC(517)   Other: 0.4ms
[2024-10-12T07:55:40.719+0800][info] GC(517) Eden regions: 2->0(2)
[2024-10-12T07:55:40.719+0800][info] GC(517) Survivor regions: 1->1(1)
[2024-10-12T07:55:40.719+0800][info] GC(517) Old regions: 50->52
[2024-10-12T07:55:40.719+0800][info] GC(517) Archive regions: 2->2
[2024-10-12T07:55:40.719+0800][info] GC(517) Humongous regions: 3->3
[2024-10-12T07:55:40.719+0800][info] GC(517) Metaspace: 1677K(1856K)->1677K(1856K) NonClass: 1553K(1664K)->1553K(1664K) Class: 124K(192K)->124K(192K)
[2024-10-12T07:55:40.719+0800][info] GC(517) Pause Young (Concurrent Start) (G1 Evacuation Pause) 104M->104M(128M) 1.728ms
[2024-10-12T07:55:40.719+0800][info] GC(517) User=0.00s Sys=0.00s Real=0.00s
[2024-10-12T07:55:40.719+0800][info] GC(518) Concurrent Mark Cycle
[2024-10-12T07:55:40.719+0800][info] GC(518) Concurrent Clear Claimed Marks
[2024-10-12T07:55:40.719+0800][info] GC(518) Concurrent Clear Claimed Marks 0.016ms
[2024-10-12T07:55:40.719+0800][info] GC(518) Concurrent Scan Root Regions
[2024-10-12T07:55:40.720+0800][info] GC(518) Concurrent Scan Root Regions 0.158ms
[2024-10-12T07:55:40.720+0800][info] GC(518) Concurrent Mark
[2024-10-12T07:55:40.720+0800][info] GC(518) Concurrent Mark From Roots
[2024-10-12T07:55:40.720+0800][info] GC(518) Using 12 workers of 12 for marking
[2024-10-12T07:55:40.724+0800][info] GC(518) Concurrent Mark From Roots 4.009ms
[2024-10-12T07:55:40.724+0800][info] GC(518) Concurrent Preclean
[2024-10-12T07:55:40.725+0800][info] GC(518) Concurrent Preclean 1.706ms
[2024-10-12T07:55:40.725+0800][info] GC(518) Pause Remark
[2024-10-12T07:55:40.727+0800][info] GC(518) Pause Remark 104M->104M(128M) 1.574ms
[2024-10-12T07:55:40.727+0800][info] GC(518) User=0.00s Sys=0.00s Real=0.00s
[2024-10-12T07:55:40.727+0800][info] GC(518) Concurrent Mark 7.614ms
[2024-10-12T07:55:40.727+0800][info] GC(518) Concurrent Rebuild Remembered Sets
[2024-10-12T07:55:40.728+0800][info] GC(518) Concurrent Rebuild Remembered Sets 1.238ms
[2024-10-12T07:55:40.728+0800][info] GC(518) Pause Cleanup
[2024-10-12T07:55:40.729+0800][info] GC(518) Pause Cleanup 104M->104M(128M) 0.202ms
[2024-10-12T07:55:40.729+0800][info] GC(518) User=0.00s Sys=0.00s Real=0.00s
[2024-10-12T07:55:40.729+0800][info] GC(518) Concurrent Cleanup for Next Mark
[2024-10-12T07:55:40.729+0800][info] GC(518) Concurrent Cleanup for Next Mark 0.486ms
[2024-10-12T07:55:40.729+0800][info] GC(518) Concurrent Mark Cycle 9.986ms
[2024-10-12T07:55:40.872+0800][info] GC(519) Pause Young (Prepare Mixed) (G1 Preventive Collection)
[2024-10-12T07:55:40.872+0800][info] GC(519) Using 3 workers of 48 for evacuation
[2024-10-12T07:55:40.874+0800][info] GC(519)   Pre Evacuate Collection Set: 0.1ms
[2024-10-12T07:55:40.874+0800][info] GC(519)   Merge Heap Roots: 0.1ms
[2024-10-12T07:55:40.874+0800][info] GC(519)   Evacuate Collection Set: 1.1ms
[2024-10-12T07:55:40.874+0800][info] GC(519)   Post Evacuate Collection Set: 0.2ms
[2024-10-12T07:55:40.874+0800][info] GC(519)   Other: 0.2ms
[2024-10-12T07:55:40.874+0800][info] GC(519) Eden regions: 2->0(2)
[2024-10-12T07:55:40.874+0800][info] GC(519) Survivor regions: 1->1(1)
[2024-10-12T07:55:40.874+0800][info] GC(519) Old regions: 52->54
[2024-10-12T07:55:40.874+0800][info] GC(519) Archive regions: 2->2
[2024-10-12T07:55:40.874+0800][info] GC(519) Humongous regions: 3->3
[2024-10-12T07:55:40.874+0800][info] GC(519) Metaspace: 1677K(1856K)->1677K(1856K) NonClass: 1553K(1664K)->1553K(1664K) Class: 124K(192K)->124K(192K)
[2024-10-12T07:55:40.874+0800][info] GC(519) Pause Young (Prepare Mixed) (G1 Preventive Collection) 107M->108M(128M) 1.768ms
[2024-10-12T07:55:40.874+0800][info] GC(519) User=0.00s Sys=0.00s Real=0.01s
[2024-10-12T07:55:40.936+0800][info] GC(520) Pause Young (Mixed) (G1 Preventive Collection)
[2024-10-12T07:55:40.936+0800][info] GC(520) Using 3 workers of 48 for evacuation
[2024-10-12T07:55:40.938+0800][info] GC(520)   Pre Evacuate Collection Set: 0.1ms
[2024-10-12T07:55:40.938+0800][info] GC(520)   Merge Heap Roots: 0.1ms
[2024-10-12T07:55:40.938+0800][info] GC(520)   Evacuate Collection Set: 1.3ms
[2024-10-12T07:55:40.938+0800][info] GC(520)   Post Evacuate Collection Set: 0.2ms
[2024-10-12T07:55:40.938+0800][info] GC(520)   Other: 0.3ms
[2024-10-12T07:55:40.938+0800][info] GC(520) Eden regions: 1->0(2)
[2024-10-12T07:55:40.938+0800][info] GC(520) Survivor regions: 1->1(1)
[2024-10-12T07:55:40.938+0800][info] GC(520) Old regions: 54->49
[2024-10-12T07:55:40.938+0800][info] GC(520) Archive regions: 2->2
[2024-10-12T07:55:40.938+0800][info] GC(520) Humongous regions: 3->3
[2024-10-12T07:55:40.938+0800][info] GC(520) Metaspace: 1677K(1856K)->1677K(1856K) NonClass: 1553K(1664K)->1553K(1664K) Class: 124K(192K)->124K(192K)
[2024-10-12T07:55:40.938+0800][info] GC(520) Pause Young (Mixed) (G1 Preventive Collection) 110M->101M(128M) 2.103ms
[2024-10-12T07:55:40.938+0800][info] GC(520) User=0.00s Sys=0.00s Real=0.00s
[2024-10-12T07:55:41.040+0800][info] GC(521) Pause Young (Mixed) (G1 Evacuation Pause)
[2024-10-12T07:55:41.040+0800][info] GC(521) Using 3 workers of 48 for evacuation
[2024-10-12T07:55:41.042+0800][info] GC(521)   Pre Evacuate Collection Set: 0.1ms
[2024-10-12T07:55:41.042+0800][info] GC(521)   Merge Heap Roots: 0.1ms
[2024-10-12T07:55:41.042+0800][info] GC(521)   Evacuate Collection Set: 1.9ms
[2024-10-12T07:55:41.042+0800][info] GC(521)   Post Evacuate Collection Set: 0.2ms
[2024-10-12T07:55:41.042+0800][info] GC(521)   Other: 0.2ms
[2024-10-12T07:55:41.042+0800][info] GC(521) Eden regions: 2->0(2)
[2024-10-12T07:55:41.042+0800][info] GC(521) Survivor regions: 1->1(1)
[2024-10-12T07:55:41.042+0800][info] GC(521) Old regions: 49->47
[2024-10-12T07:55:41.042+0800][info] GC(521) Archive regions: 2->2
[2024-10-12T07:55:41.042+0800][info] GC(521) Humongous regions: 3->3
[2024-10-12T07:55:41.042+0800][info] GC(521) Metaspace: 1677K(1856K)->1677K(1856K) NonClass: 1553K(1664K)->1553K(1664K) Class: 124K(192K)->124K(192K)
[2024-10-12T07:55:41.042+0800][info] GC(521) Pause Young (Mixed) (G1 Evacuation Pause) 104M->100M(128M) 2.624ms
[2024-10-12T07:55:41.042+0800][info] GC(521) User=0.01s Sys=0.00s Real=0.00s
[2024-10-12T07:55:41.145+0800][info] GC(522) Pause Young (Mixed) (G1 Evacuation Pause)
[2024-10-12T07:55:41.145+0800][info] GC(522) Using 3 workers of 48 for evacuation
[2024-10-12T07:55:41.147+0800][info] GC(522)   Pre Evacuate Collection Set: 0.1ms
[2024-10-12T07:55:41.147+0800][info] GC(522)   Merge Heap Roots: 0.1ms
[2024-10-12T07:55:41.147+0800][info] GC(522)   Evacuate Collection Set: 1.3ms
[2024-10-12T07:55:41.147+0800][info] GC(522)   Post Evacuate Collection Set: 0.2ms
[2024-10-12T07:55:41.147+0800][info] GC(522)   Other: 0.2ms
[2024-10-12T07:55:41.147+0800][info] GC(522) Eden regions: 2->0(2)
[2024-10-12T07:55:41.147+0800][info] GC(522) Survivor regions: 1->1(1)
[2024-10-12T07:55:41.147+0800][info] GC(522) Old regions: 47->49
[2024-10-12T07:55:41.147+0800][info] GC(522) Archive regions: 2->2
[2024-10-12T07:55:41.147+0800][info] GC(522) Humongous regions: 3->3
[2024-10-12T07:55:41.147+0800][info] GC(522) Metaspace: 1677K(1856K)->1677K(1856K) NonClass: 1553K(1664K)->1553K(1664K) Class: 124K(192K)->124K(192K)
[2024-10-12T07:55:41.147+0800][info] GC(522) Pause Young (Mixed) (G1 Evacuation Pause) 103M->103M(128M) 1.956ms
[2024-10-12T07:55:41.147+0800][info] GC(522) User=0.00s Sys=0.00s Real=0.01s
[2024-10-12T07:55:41.249+0800][info] GC(523) Pause Young (Normal) (G1 Evacuation Pause)
[2024-10-12T07:55:41.249+0800][info] GC(523) Using 3 workers of 48 for evacuation
[2024-10-12T07:55:41.250+0800][info] GC(523)   Pre Evacuate Collection Set: 0.1ms
[2024-10-12T07:55:41.250+0800][info] GC(523)   Merge Heap Roots: 0.1ms
[2024-10-12T07:55:41.250+0800][info] GC(523)   Evacuate Collection Set: 0.9ms
[2024-10-12T07:55:41.250+0800][info] GC(523)   Post Evacuate Collection Set: 0.2ms
[2024-10-12T07:55:41.250+0800][info] GC(523)   Other: 0.2ms
[2024-10-12T07:55:41.250+0800][info] GC(523) Eden regions: 2->0(2)
[2024-10-12T07:55:41.250+0800][info] GC(523) Survivor regions: 1->1(1)
[2024-10-12T07:55:41.250+0800][info] GC(523) Old regions: 49->51
[2024-10-12T07:55:41.250+0800][info] GC(523) Archive regions: 2->2
[2024-10-12T07:55:41.250+0800][info] GC(523) Humongous regions: 3->3
[2024-10-12T07:55:41.250+0800][info] GC(523) Metaspace: 1677K(1856K)->1677K(1856K) NonClass: 1553K(1664K)->1553K(1664K) Class: 124K(192K)->124K(192K)
[2024-10-12T07:55:41.250+0800][info] GC(523) Pause Young (Normal) (G1 Evacuation Pause) 106M->106M(128M) 1.503ms
[2024-10-12T07:55:41.250+0800][info] GC(523) User=0.00s Sys=0.00s Real=0.00s
[2024-10-12T07:55:41.353+0800][info] GC(524) Pause Young (Concurrent Start) (G1 Evacuation Pause)
[2024-10-12T07:55:41.353+0800][info] GC(524) Using 3 workers of 48 for evacuation
[2024-10-12T07:55:41.354+0800][info] GC(524)   Pre Evacuate Collection Set: 0.1ms
[2024-10-12T07:55:41.354+0800][info] GC(524)   Merge Heap Roots: 0.1ms
[2024-10-12T07:55:41.354+0800][info] GC(524)   Evacuate Collection Set: 1.1ms
[2024-10-12T07:55:41.354+0800][info] GC(524)   Post Evacuate Collection Set: 0.2ms
[2024-10-12T07:55:41.354+0800][info] GC(524)   Other: 0.4ms
[2024-10-12T07:55:41.354+0800][info] GC(524) Eden regions: 2->0(2)
[2024-10-12T07:55:41.354+0800][info] GC(524) Survivor regions: 1->1(1)
[2024-10-12T07:55:41.354+0800][info] GC(524) Old regions: 51->53
[2024-10-12T07:55:41.354+0800][info] GC(524) Archive regions: 2->2
[2024-10-12T07:55:41.354+0800][info] GC(524) Humongous regions: 3->3
[2024-10-12T07:55:41.355+0800][info] GC(524) Metaspace: 1677K(1856K)->1677K(1856K) NonClass: 1553K(1664K)->1553K(1664K) Class: 124K(192K)->124K(192K)
[2024-10-12T07:55:41.355+0800][info] GC(524) Pause Young (Concurrent Start) (G1 Evacuation Pause) 110M->110M(128M) 1.866ms
[2024-10-12T07:55:41.355+0800][info] GC(524) User=0.01s Sys=0.00s Real=0.01s
[2024-10-12T07:55:41.355+0800][info] GC(525) Concurrent Mark Cycle
[2024-10-12T07:55:41.355+0800][info] GC(525) Concurrent Clear Claimed Marks
[2024-10-12T07:55:41.355+0800][info] GC(525) Concurrent Clear Claimed Marks 0.016ms
[2024-10-12T07:55:41.355+0800][info] GC(525) Concurrent Scan Root Regions
[2024-10-12T07:55:41.355+0800][info] GC(525) Concurrent Scan Root Regions 0.150ms
[2024-10-12T07:55:41.355+0800][info] GC(525) Concurrent Mark
[2024-10-12T07:55:41.355+0800][info] GC(525) Concurrent Mark From Roots
[2024-10-12T07:55:41.355+0800][info] GC(525) Using 12 workers of 12 for marking
[2024-10-12T07:55:41.359+0800][info] GC(525) Concurrent Mark From Roots 3.978ms
[2024-10-12T07:55:41.359+0800][info] GC(525) Concurrent Preclean
[2024-10-12T07:55:41.361+0800][info] GC(525) Concurrent Preclean 1.680ms
[2024-10-12T07:55:41.361+0800][info] GC(525) Pause Remark
[2024-10-12T07:55:41.362+0800][info] GC(525) Pause Remark 111M->111M(128M) 1.655ms
[2024-10-12T07:55:41.362+0800][info] GC(525) User=0.00s Sys=0.00s Real=0.00s
[2024-10-12T07:55:41.363+0800][info] GC(525) Concurrent Mark 7.633ms
[2024-10-12T07:55:41.363+0800][info] GC(525) Concurrent Rebuild Remembered Sets
[2024-10-12T07:55:41.364+0800][info] GC(525) Concurrent Rebuild Remembered Sets 1.307ms
[2024-10-12T07:55:41.364+0800][info] GC(525) Pause Cleanup
[2024-10-12T07:55:41.364+0800][info] GC(525) Pause Cleanup 111M->111M(128M) 0.306ms
[2024-10-12T07:55:41.364+0800][info] GC(525) User=0.00s Sys=0.00s Real=0.00s
[2024-10-12T07:55:41.364+0800][info] GC(525) Concurrent Cleanup for Next Mark
[2024-10-12T07:55:41.365+0800][info] GC(525) Concurrent Cleanup for Next Mark 0.391ms
[2024-10-12T07:55:41.365+0800][info] GC(525) Concurrent Mark Cycle 10.146ms
[2024-10-12T07:55:41.508+0800][info] GC(526) Pause Young (Prepare Mixed) (G1 Preventive Collection)
[2024-10-12T07:55:41.508+0800][info] GC(526) Using 3 workers of 48 for evacuation
[2024-10-12T07:55:41.509+0800][info] GC(526)   Pre Evacuate Collection Set: 0.1ms
[2024-10-12T07:55:41.509+0800][info] GC(526)   Merge Heap Roots: 0.1ms
[2024-10-12T07:55:41.509+0800][info] GC(526)   Evacuate Collection Set: 1.2ms
[2024-10-12T07:55:41.509+0800][info] GC(526)   Post Evacuate Collection Set: 0.2ms
[2024-10-12T07:55:41.509+0800][info] GC(526)   Other: 0.2ms
[2024-10-12T07:55:41.509+0800][info] GC(526) Eden regions: 2->0(2)
[2024-10-12T07:55:41.509+0800][info] GC(526) Survivor regions: 1->1(1)
[2024-10-12T07:55:41.509+0800][info] GC(526) Old regions: 53->54
[2024-10-12T07:55:41.509+0800][info] GC(526) Archive regions: 2->2
[2024-10-12T07:55:41.509+0800][info] GC(526) Humongous regions: 3->3
[2024-10-12T07:55:41.509+0800][info] GC(526) Metaspace: 1677K(1856K)->1677K(1856K) NonClass: 1553K(1664K)->1553K(1664K) Class: 124K(192K)->124K(192K)
[2024-10-12T07:55:41.510+0800][info] GC(526) Pause Young (Prepare Mixed) (G1 Preventive Collection) 114M->114M(128M) 1.895ms
[2024-10-12T07:55:41.510+0800][info] GC(526) User=0.01s Sys=0.00s Real=0.00s
[2024-10-12T07:55:41.571+0800][info] GC(527) Pause Young (Mixed) (G1 Preventive Collection)
[2024-10-12T07:55:41.571+0800][info] GC(527) Using 3 workers of 48 for evacuation
[2024-10-12T07:55:41.573+0800][info] GC(527) To-space exhausted
[2024-10-12T07:55:41.573+0800][info] GC(527)   Pre Evacuate Collection Set: 0.1ms
[2024-10-12T07:55:41.573+0800][info] GC(527)   Merge Heap Roots: 0.1ms
[2024-10-12T07:55:41.573+0800][info] GC(527)   Evacuate Collection Set: 1.1ms
[2024-10-12T07:55:41.573+0800][info] GC(527)   Post Evacuate Collection Set: 0.3ms
[2024-10-12T07:55:41.573+0800][info] GC(527)   Other: 0.2ms
[2024-10-12T07:55:41.573+0800][info] GC(527) Eden regions: 1->0(2)
[2024-10-12T07:55:41.573+0800][info] GC(527) Survivor regions: 1->1(1)
[2024-10-12T07:55:41.573+0800][info] GC(527) Old regions: 54->54
[2024-10-12T07:55:41.573+0800][info] GC(527) Archive regions: 2->2
[2024-10-12T07:55:41.573+0800][info] GC(527) Humongous regions: 3->3
[2024-10-12T07:55:41.573+0800][info] GC(527) Metaspace: 1677K(1856K)->1677K(1856K) NonClass: 1553K(1664K)->1553K(1664K) Class: 124K(192K)->124K(192K)
[2024-10-12T07:55:41.573+0800][info] GC(527) Pause Young (Mixed) (G1 Preventive Collection) 116M->114M(128M) 1.922ms
[2024-10-12T07:55:41.573+0800][info] GC(527) User=0.00s Sys=0.00s Real=0.01s
[2024-10-12T07:55:41.614+0800][info] GC(528) Pause Young (Mixed) (G1 Preventive Collection)
[2024-10-12T07:55:41.614+0800][info] GC(528) Using 3 workers of 48 for evacuation
[2024-10-12T07:55:41.616+0800][info] GC(528) To-space exhausted
[2024-10-12T07:55:41.616+0800][info] GC(528)   Pre Evacuate Collection Set: 0.2ms
[2024-10-12T07:55:41.616+0800][info] GC(528)   Merge Heap Roots: 0.1ms
[2024-10-12T07:55:41.616+0800][info] GC(528)   Evacuate Collection Set: 1.1ms
[2024-10-12T07:55:41.616+0800][info] GC(528)   Post Evacuate Collection Set: 0.3ms
[2024-10-12T07:55:41.616+0800][info] GC(528)   Other: 0.2ms
[2024-10-12T07:55:41.616+0800][info] GC(528) Eden regions: 1->0(2)
[2024-10-12T07:55:41.616+0800][info] GC(528) Survivor regions: 1->1(1)
[2024-10-12T07:55:41.616+0800][info] GC(528) Old regions: 54->56
[2024-10-12T07:55:41.616+0800][info] GC(528) Archive regions: 2->2
[2024-10-12T07:55:41.616+0800][info] GC(528) Humongous regions: 3->3
[2024-10-12T07:55:41.616+0800][info] GC(528) Metaspace: 1677K(1856K)->1677K(1856K) NonClass: 1553K(1664K)->1553K(1664K) Class: 124K(192K)->124K(192K)
[2024-10-12T07:55:41.616+0800][info] GC(528) Pause Young (Mixed) (G1 Preventive Collection) 116M->118M(128M) 1.948ms
[2024-10-12T07:55:41.616+0800][info] GC(528) User=0.01s Sys=0.00s Real=0.00s
[2024-10-12T07:55:41.678+0800][info] GC(529) Pause Young (Mixed) (G1 Preventive Collection)
[2024-10-12T07:55:41.678+0800][info] GC(529) Using 3 workers of 48 for evacuation
[2024-10-12T07:55:41.679+0800][info] GC(529) To-space exhausted
[2024-10-12T07:55:41.679+0800][info] GC(529)   Pre Evacuate Collection Set: 0.1ms
[2024-10-12T07:55:41.679+0800][info] GC(529)   Merge Heap Roots: 0.1ms
[2024-10-12T07:55:41.679+0800][info] GC(529)   Evacuate Collection Set: 0.8ms
[2024-10-12T07:55:41.679+0800][info] GC(529)   Post Evacuate Collection Set: 0.3ms
[2024-10-12T07:55:41.679+0800][info] GC(529)   Other: 0.2ms
[2024-10-12T07:55:41.679+0800][info] GC(529) Eden regions: 1->0(2)
[2024-10-12T07:55:41.679+0800][info] GC(529) Survivor regions: 1->1(1)
[2024-10-12T07:55:41.679+0800][info] GC(529) Old regions: 56->57
[2024-10-12T07:55:41.679+0800][info] GC(529) Archive regions: 2->2
[2024-10-12T07:55:41.679+0800][info] GC(529) Humongous regions: 3->3
[2024-10-12T07:55:41.679+0800][info] GC(529) Metaspace: 1677K(1856K)->1677K(1856K) NonClass: 1553K(1664K)->1553K(1664K) Class: 124K(192K)->124K(192K)
[2024-10-12T07:55:41.679+0800][info] GC(529) Pause Young (Mixed) (G1 Preventive Collection) 120M->120M(128M) 1.601ms
[2024-10-12T07:55:41.679+0800][info] GC(529) User=0.00s Sys=0.00s Real=0.00s
[2024-10-12T07:55:41.720+0800][info] GC(530) Pause Young (Concurrent Start) (G1 Evacuation Pause)
[2024-10-12T07:55:41.720+0800][info] GC(530) Using 3 workers of 48 for evacuation
[2024-10-12T07:55:41.721+0800][info] GC(530) To-space exhausted
[2024-10-12T07:55:41.721+0800][info] GC(530)   Pre Evacuate Collection Set: 0.1ms
[2024-10-12T07:55:41.721+0800][info] GC(530)   Merge Heap Roots: 0.1ms
[2024-10-12T07:55:41.721+0800][info] GC(530)   Evacuate Collection Set: 0.3ms
[2024-10-12T07:55:41.721+0800][info] GC(530)   Post Evacuate Collection Set: 0.3ms
[2024-10-12T07:55:41.721+0800][info] GC(530)   Other: 0.4ms
[2024-10-12T07:55:41.721+0800][info] GC(530) Eden regions: 1->0(3)
[2024-10-12T07:55:41.721+0800][info] GC(530) Survivor regions: 1->0(0)
[2024-10-12T07:55:41.721+0800][info] GC(530) Old regions: 57->59
[2024-10-12T07:55:41.721+0800][info] GC(530) Archive regions: 2->2
[2024-10-12T07:55:41.721+0800][info] GC(530) Humongous regions: 3->3
[2024-10-12T07:55:41.721+0800][info] GC(530) Metaspace: 1677K(1856K)->1677K(1856K) NonClass: 1553K(1664K)->1553K(1664K) Class: 124K(192K)->124K(192K)
[2024-10-12T07:55:41.721+0800][info] GC(530) Pause Young (Concurrent Start) (G1 Evacuation Pause) 122M->122M(128M) 1.165ms
[2024-10-12T07:55:41.721+0800][info] GC(530) User=0.00s Sys=0.00s Real=0.00s
[2024-10-12T07:55:41.721+0800][info] Attempting full compaction
[2024-10-12T07:55:41.721+0800][info] GC(531) Using 3 workers of 48 for full compaction
[2024-10-12T07:55:41.721+0800][info] GC(532) Concurrent Mark Cycle
[2024-10-12T07:55:41.722+0800][info] GC(531) Pause Full (G1 Compaction Pause)
[2024-10-12T07:55:41.722+0800][info] GC(532) Concurrent Clear Claimed Marks
[2024-10-12T07:55:41.722+0800][info] GC(532) Concurrent Clear Claimed Marks 0.042ms
[2024-10-12T07:55:41.722+0800][info] GC(532) Concurrent Scan Root Regions
[2024-10-12T07:55:41.722+0800][info] GC(532) Concurrent Scan Root Regions 0.010ms
[2024-10-12T07:55:41.722+0800][info] GC(532) Concurrent Mark
[2024-10-12T07:55:41.722+0800][info] GC(532) Concurrent Mark From Roots
[2024-10-12T07:55:41.722+0800][info] GC(532) Using 12 workers of 12 for marking
[2024-10-12T07:55:41.722+0800][info] GC(531) Phase 1: Mark live objects
[2024-10-12T07:55:41.725+0800][info] GC(531) Phase 1: Mark live objects 3.518ms
[2024-10-12T07:55:41.725+0800][info] GC(531) Phase 2: Prepare for compaction
[2024-10-12T07:55:41.726+0800][info] GC(531) Phase 2: Prepare for compaction 0.654ms
[2024-10-12T07:55:41.726+0800][info] GC(531) Phase 3: Adjust pointers
[2024-10-12T07:55:41.728+0800][info] GC(531) Phase 3: Adjust pointers 1.620ms
[2024-10-12T07:55:41.728+0800][info] GC(531) Phase 4: Compact heap
[2024-10-12T07:55:41.739+0800][info] GC(531) Phase 4: Compact heap 11.476ms
[2024-10-12T07:55:41.741+0800][info] GC(531) Eden regions: 0->0(4)
[2024-10-12T07:55:41.741+0800][info] GC(531) Survivor regions: 0->0(0)
[2024-10-12T07:55:41.741+0800][info] GC(531) Old regions: 59->39
[2024-10-12T07:55:41.741+0800][info] GC(531) Archive regions: 2->2
[2024-10-12T07:55:41.741+0800][info] GC(531) Humongous regions: 3->3
[2024-10-12T07:55:41.741+0800][info] GC(531) Metaspace: 1677K(1856K)->1677K(1856K) NonClass: 1553K(1664K)->1553K(1664K) Class: 124K(192K)->124K(192K)
[2024-10-12T07:55:41.741+0800][info] GC(531) Pause Full (G1 Compaction Pause) 122M->72M(128M) 19.435ms
[2024-10-12T07:55:41.741+0800][info] GC(531) User=0.04s Sys=0.01s Real=0.02s
[2024-10-12T07:55:41.741+0800][info] GC(532) Concurrent Mark From Roots 19.662ms
[2024-10-12T07:55:41.741+0800][info] GC(532) Concurrent Mark Abort
[2024-10-12T07:55:41.741+0800][info] GC(532) Concurrent Mark Cycle 19.886ms
[2024-10-12T07:55:41.967+0800][info] GC(533) Pause Young (Normal) (G1 Evacuation Pause)
[2024-10-12T07:55:41.967+0800][info] GC(533) Using 3 workers of 48 for evacuation
[2024-10-12T07:55:41.969+0800][info] GC(533)   Pre Evacuate Collection Set: 0.1ms
[2024-10-12T07:55:41.969+0800][info] GC(533)   Merge Heap Roots: 0.1ms
[2024-10-12T07:55:41.969+0800][info] GC(533)   Evacuate Collection Set: 1.4ms
[2024-10-12T07:55:41.969+0800][info] GC(533)   Post Evacuate Collection Set: 0.2ms
[2024-10-12T07:55:41.969+0800][info] GC(533)   Other: 0.2ms
[2024-10-12T07:55:41.969+0800][info] GC(533) Eden regions: 4->0(2)
[2024-10-12T07:55:41.969+0800][info] GC(533) Survivor regions: 0->1(1)
[2024-10-12T07:55:41.969+0800][info] GC(533) Old regions: 39->42
[2024-10-12T07:55:41.969+0800][info] GC(533) Archive regions: 2->2
[2024-10-12T07:55:41.969+0800][info] GC(533) Humongous regions: 3->3
[2024-10-12T07:55:41.969+0800][info] GC(533) Metaspace: 1677K(1856K)->1677K(1856K) NonClass: 1553K(1664K)->1553K(1664K) Class: 124K(192K)->124K(192K)
[2024-10-12T07:55:41.969+0800][info] GC(533) Pause Young (Normal) (G1 Evacuation Pause) 80M->79M(128M) 2.117ms
[2024-10-12T07:55:41.969+0800][info] GC(533) User=0.01s Sys=0.00s Real=0.00s
[2024-10-12T07:55:42.085+0800][info] GC(534) Pause Young (Normal) (G1 Evacuation Pause)
[2024-10-12T07:55:42.085+0800][info] GC(534) Using 3 workers of 48 for evacuation
[2024-10-12T07:55:42.094+0800][info] GC(534)   Pre Evacuate Collection Set: 0.2ms
[2024-10-12T07:55:42.094+0800][info] GC(534)   Merge Heap Roots: 0.0ms
[2024-10-12T07:55:42.094+0800][info] GC(534)   Evacuate Collection Set: 7.6ms
[2024-10-12T07:55:42.094+0800][info] GC(534)   Post Evacuate Collection Set: 0.4ms
[2024-10-12T07:55:42.094+0800][info] GC(534)   Other: 0.3ms
[2024-10-12T07:55:42.094+0800][info] GC(534) Eden regions: 2->0(2)
[2024-10-12T07:55:42.094+0800][info] GC(534) Survivor regions: 1->1(1)
[2024-10-12T07:55:42.094+0800][info] GC(534) Old regions: 42->44
[2024-10-12T07:55:42.094+0800][info] GC(534) Archive regions: 2->2
[2024-10-12T07:55:42.094+0800][info] GC(534) Humongous regions: 3->3
[2024-10-12T07:55:42.094+0800][info] GC(534) Metaspace: 1677K(1856K)->1677K(1856K) NonClass: 1553K(1664K)->1553K(1664K) Class: 124K(192K)->124K(192K)
[2024-10-12T07:55:42.094+0800][info] GC(534) Pause Young (Normal) (G1 Evacuation Pause) 83M->83M(128M) 8.597ms
[2024-10-12T07:55:42.094+0800][info] GC(534) User=0.01s Sys=0.01s Real=0.01s
[2024-10-12T07:55:42.196+0800][info] GC(535) Pause Young (Normal) (G1 Evacuation Pause)
[2024-10-12T07:55:42.196+0800][info] GC(535) Using 3 workers of 48 for evacuation
[2024-10-12T07:55:42.203+0800][info] GC(535)   Pre Evacuate Collection Set: 0.1ms
[2024-10-12T07:55:42.203+0800][info] GC(535)   Merge Heap Roots: 0.1ms
[2024-10-12T07:55:42.203+0800][info] GC(535)   Evacuate Collection Set: 6.2ms
[2024-10-12T07:55:42.203+0800][info] GC(535)   Post Evacuate Collection Set: 0.2ms
[2024-10-12T07:55:42.203+0800][info] GC(535)   Other: 0.2ms
[2024-10-12T07:55:42.203+0800][info] GC(535) Eden regions: 2->0(2)
[2024-10-12T07:55:42.203+0800][info] GC(535) Survivor regions: 1->1(1)
[2024-10-12T07:55:42.203+0800][info] GC(535) Old regions: 44->46
[2024-10-12T07:55:42.203+0800][info] GC(535) Archive regions: 2->2
[2024-10-12T07:55:42.203+0800][info] GC(535) Humongous regions: 3->3
[2024-10-12T07:55:42.203+0800][info] GC(535) Metaspace: 1677K(1856K)->1677K(1856K) NonClass: 1553K(1664K)->1553K(1664K) Class: 124K(192K)->124K(192K)
[2024-10-12T07:55:42.203+0800][info] GC(535) Pause Young (Normal) (G1 Evacuation Pause) 87M->87M(128M) 6.853ms
[2024-10-12T07:55:42.203+0800][info] GC(535) User=0.01s Sys=0.01s Real=0.00s
[2024-10-12T07:55:42.305+0800][info] GC(536) Pause Young (Concurrent Start) (G1 Evacuation Pause)
[2024-10-12T07:55:42.306+0800][info] GC(536) Using 3 workers of 48 for evacuation
[2024-10-12T07:55:42.312+0800][info] GC(536)   Pre Evacuate Collection Set: 0.1ms
[2024-10-12T07:55:42.312+0800][info] GC(536)   Merge Heap Roots: 0.1ms
[2024-10-12T07:55:42.312+0800][info] GC(536)   Evacuate Collection Set: 5.3ms
[2024-10-12T07:55:42.312+0800][info] GC(536)   Post Evacuate Collection Set: 0.2ms
[2024-10-12T07:55:42.312+0800][info] GC(536)   Other: 0.4ms
[2024-10-12T07:55:42.312+0800][info] GC(536) Eden regions: 2->0(2)
[2024-10-12T07:55:42.312+0800][info] GC(536) Survivor regions: 1->1(1)
[2024-10-12T07:55:42.312+0800][info] GC(536) Old regions: 46->48
[2024-10-12T07:55:42.312+0800][info] GC(536) Archive regions: 2->2
[2024-10-12T07:55:42.312+0800][info] GC(536) Humongous regions: 3->3
[2024-10-12T07:55:42.312+0800][info] GC(536) Metaspace: 1677K(1856K)->1677K(1856K) NonClass: 1553K(1664K)->1553K(1664K) Class: 124K(192K)->124K(192K)
[2024-10-12T07:55:42.312+0800][info] GC(536) Pause Young (Concurrent Start) (G1 Evacuation Pause) 90M->91M(128M) 6.215ms
[2024-10-12T07:55:42.312+0800][info] GC(536) User=0.00s Sys=0.01s Real=0.00s
[2024-10-12T07:55:42.312+0800][info] GC(537) Concurrent Mark Cycle
[2024-10-12T07:55:42.312+0800][info] GC(537) Concurrent Clear Claimed Marks
[2024-10-12T07:55:42.312+0800][info] GC(537) Concurrent Clear Claimed Marks 0.027ms
[2024-10-12T07:55:42.312+0800][info] GC(537) Concurrent Scan Root Regions
[2024-10-12T07:55:42.312+0800][info] GC(537) Concurrent Scan Root Regions 0.183ms
[2024-10-12T07:55:42.312+0800][info] GC(537) Concurrent Mark
[2024-10-12T07:55:42.312+0800][info] GC(537) Concurrent Mark From Roots
[2024-10-12T07:55:42.312+0800][info] GC(537) Using 12 workers of 12 for marking
[2024-10-12T07:55:42.317+0800][info] GC(537) Concurrent Mark From Roots 4.764ms
[2024-10-12T07:55:42.317+0800][info] GC(537) Concurrent Preclean
[2024-10-12T07:55:42.319+0800][info] GC(537) Concurrent Preclean 1.736ms
[2024-10-12T07:55:42.319+0800][info] GC(537) Pause Remark
[2024-10-12T07:55:42.321+0800][info] GC(537) Pause Remark 91M->91M(128M) 2.310ms
[2024-10-12T07:55:42.321+0800][info] GC(537) User=0.01s Sys=0.00s Real=0.00s
[2024-10-12T07:55:42.321+0800][info] GC(537) Concurrent Mark 9.112ms
[2024-10-12T07:55:42.321+0800][info] GC(537) Concurrent Rebuild Remembered Sets
[2024-10-12T07:55:42.322+0800][info] GC(537) Concurrent Rebuild Remembered Sets 1.192ms
[2024-10-12T07:55:42.323+0800][info] GC(537) Pause Cleanup
[2024-10-12T07:55:42.323+0800][info] GC(537) Pause Cleanup 91M->91M(128M) 0.304ms
[2024-10-12T07:55:42.323+0800][info] GC(537) User=0.00s Sys=0.00s Real=0.00s
[2024-10-12T07:55:42.323+0800][info] GC(537) Concurrent Cleanup for Next Mark
[2024-10-12T07:55:42.323+0800][info] GC(537) Concurrent Cleanup for Next Mark 0.454ms
[2024-10-12T07:55:42.323+0800][info] GC(537) Concurrent Mark Cycle 11.619ms
[2024-10-12T07:55:42.465+0800][info] GC(538) Pause Young (Prepare Mixed) (G1 Evacuation Pause)
[2024-10-12T07:55:42.465+0800][info] GC(538) Using 3 workers of 48 for evacuation
[2024-10-12T07:55:42.469+0800][info] GC(538)   Pre Evacuate Collection Set: 0.1ms
[2024-10-12T07:55:42.469+0800][info] GC(538)   Merge Heap Roots: 0.1ms
[2024-10-12T07:55:42.469+0800][info] GC(538)   Evacuate Collection Set: 3.7ms
[2024-10-12T07:55:42.469+0800][info] GC(538)   Post Evacuate Collection Set: 0.2ms
[2024-10-12T07:55:42.469+0800][info] GC(538)   Other: 0.2ms
[2024-10-12T07:55:42.469+0800][info] GC(538) Eden regions: 2->0(2)
[2024-10-12T07:55:42.469+0800][info] GC(538) Survivor regions: 1->1(1)
[2024-10-12T07:55:42.469+0800][info] GC(538) Old regions: 48->50
[2024-10-12T07:55:42.469+0800][info] GC(538) Archive regions: 2->2
[2024-10-12T07:55:42.469+0800][info] GC(538) Humongous regions: 3->3
[2024-10-12T07:55:42.469+0800][info] GC(538) Metaspace: 1677K(1856K)->1677K(1856K) NonClass: 1553K(1664K)->1553K(1664K) Class: 124K(192K)->124K(192K)
[2024-10-12T07:55:42.469+0800][info] GC(538) Pause Young (Prepare Mixed) (G1 Evacuation Pause) 94M->94M(128M) 4.418ms
[2024-10-12T07:55:42.469+0800][info] GC(538) User=0.01s Sys=0.00s Real=0.01s
[2024-10-12T07:55:42.575+0800][info] GC(539) Pause Young (Mixed) (G1 Preventive Collection)
[2024-10-12T07:55:42.575+0800][info] GC(539) Using 3 workers of 48 for evacuation
[2024-10-12T07:55:42.586+0800][info] GC(539)   Pre Evacuate Collection Set: 0.1ms
[2024-10-12T07:55:42.586+0800][info] GC(539)   Merge Heap Roots: 0.1ms
[2024-10-12T07:55:42.586+0800][info] GC(539)   Evacuate Collection Set: 10.6ms
[2024-10-12T07:55:42.586+0800][info] GC(539)   Post Evacuate Collection Set: 0.3ms
[2024-10-12T07:55:42.586+0800][info] GC(539)   Other: 0.2ms
[2024-10-12T07:55:42.587+0800][info] GC(539) Eden regions: 2->0(2)
[2024-10-12T07:55:42.587+0800][info] GC(539) Survivor regions: 1->1(1)
[2024-10-12T07:55:42.587+0800][info] GC(539) Old regions: 50->47
[2024-10-12T07:55:42.587+0800][info] GC(539) Archive regions: 2->2
[2024-10-12T07:55:42.587+0800][info] GC(539) Humongous regions: 4->3
[2024-10-12T07:55:42.587+0800][info] GC(539) Metaspace: 1677K(1856K)->1677K(1856K) NonClass: 1553K(1664K)->1553K(1664K) Class: 124K(192K)->124K(192K)
[2024-10-12T07:55:42.587+0800][info] GC(539) Pause Young (Mixed) (G1 Preventive Collection) 100M->93M(128M) 11.337ms
[2024-10-12T07:55:42.587+0800][info] GC(539) User=0.01s Sys=0.02s Real=0.01s
[2024-10-12T07:55:42.689+0800][info] GC(540) Pause Young (Mixed) (G1 Evacuation Pause)
[2024-10-12T07:55:42.689+0800][info] GC(540) Using 3 workers of 48 for evacuation
[2024-10-12T07:55:42.696+0800][info] GC(540)   Pre Evacuate Collection Set: 0.1ms
[2024-10-12T07:55:42.696+0800][info] GC(540)   Merge Heap Roots: 0.1ms
[2024-10-12T07:55:42.696+0800][info] GC(540)   Evacuate Collection Set: 6.7ms
[2024-10-12T07:55:42.696+0800][info] GC(540)   Post Evacuate Collection Set: 0.2ms
[2024-10-12T07:55:42.696+0800][info] GC(540)   Other: 0.2ms
[2024-10-12T07:55:42.696+0800][info] GC(540) Eden regions: 2->0(2)
[2024-10-12T07:55:42.696+0800][info] GC(540) Survivor regions: 1->1(1)
[2024-10-12T07:55:42.696+0800][info] GC(540) Old regions: 47->47
[2024-10-12T07:55:42.696+0800][info] GC(540) Archive regions: 2->2
[2024-10-12T07:55:42.696+0800][info] GC(540) Humongous regions: 3->3
[2024-10-12T07:55:42.696+0800][info] GC(540) Metaspace: 1677K(1856K)->1677K(1856K) NonClass: 1553K(1664K)->1553K(1664K) Class: 124K(192K)->124K(192K)
[2024-10-12T07:55:42.696+0800][info] GC(540) Pause Young (Mixed) (G1 Evacuation Pause) 96M->94M(128M) 7.418ms
[2024-10-12T07:55:42.696+0800][info] GC(540) User=0.01s Sys=0.01s Real=0.01s
[2024-10-12T07:55:42.798+0800][info] GC(541) Pause Young (Normal) (G1 Evacuation Pause)
[2024-10-12T07:55:42.798+0800][info] GC(541) Using 3 workers of 48 for evacuation
[2024-10-12T07:55:42.801+0800][info] GC(541)   Pre Evacuate Collection Set: 0.1ms
[2024-10-12T07:55:42.801+0800][info] GC(541)   Merge Heap Roots: 0.0ms
[2024-10-12T07:55:42.801+0800][info] GC(541)   Evacuate Collection Set: 2.2ms
[2024-10-12T07:55:42.801+0800][info] GC(541)   Post Evacuate Collection Set: 0.3ms
[2024-10-12T07:55:42.801+0800][info] GC(541)   Other: 0.2ms
[2024-10-12T07:55:42.801+0800][info] GC(541) Eden regions: 2->0(2)
[2024-10-12T07:55:42.801+0800][info] GC(541) Survivor regions: 1->1(1)
[2024-10-12T07:55:42.801+0800][info] GC(541) Old regions: 47->49
[2024-10-12T07:55:42.801+0800][info] GC(541) Archive regions: 2->2
[2024-10-12T07:55:42.801+0800][info] GC(541) Humongous regions: 3->3
[2024-10-12T07:55:42.801+0800][info] GC(541) Metaspace: 1677K(1856K)->1677K(1856K) NonClass: 1553K(1664K)->1553K(1664K) Class: 124K(192K)->124K(192K)
[2024-10-12T07:55:42.801+0800][info] GC(541) Pause Young (Normal) (G1 Evacuation Pause) 98M->98M(128M) 2.972ms
[2024-10-12T07:55:42.801+0800][info] GC(541) User=0.01s Sys=0.00s Real=0.00s
[2024-10-12T07:55:42.903+0800][info] GC(542) Pause Young (Normal) (G1 Evacuation Pause)
[2024-10-12T07:55:42.903+0800][info] GC(542) Using 3 workers of 48 for evacuation
[2024-10-12T07:55:42.907+0800][info] GC(542)   Pre Evacuate Collection Set: 0.1ms
[2024-10-12T07:55:42.907+0800][info] GC(542)   Merge Heap Roots: 0.0ms
[2024-10-12T07:55:42.907+0800][info] GC(542)   Evacuate Collection Set: 3.0ms
[2024-10-12T07:55:42.907+0800][info] GC(542)   Post Evacuate Collection Set: 0.2ms
[2024-10-12T07:55:42.907+0800][info] GC(542)   Other: 0.2ms
[2024-10-12T07:55:42.907+0800][info] GC(542) Eden regions: 2->0(2)
[2024-10-12T07:55:42.907+0800][info] GC(542) Survivor regions: 1->1(1)
[2024-10-12T07:55:42.907+0800][info] GC(542) Old regions: 49->51
[2024-10-12T07:55:42.907+0800][info] GC(542) Archive regions: 2->2
[2024-10-12T07:55:42.907+0800][info] GC(542) Humongous regions: 3->3
[2024-10-12T07:55:42.907+0800][info] GC(542) Metaspace: 1677K(1856K)->1677K(1856K) NonClass: 1553K(1664K)->1553K(1664K) Class: 124K(192K)->124K(192K)
[2024-10-12T07:55:42.907+0800][info] GC(542) Pause Young (Normal) (G1 Evacuation Pause) 101M->102M(128M) 3.724ms
[2024-10-12T07:55:42.907+0800][info] GC(542) User=0.00s Sys=0.01s Real=0.01s
[2024-10-12T07:55:43.010+0800][info] GC(543) Pause Young (Concurrent Start) (G1 Evacuation Pause)
[2024-10-12T07:55:43.010+0800][info] GC(543) Using 3 workers of 48 for evacuation
[2024-10-12T07:55:43.013+0800][info] GC(543)   Pre Evacuate Collection Set: 0.1ms
[2024-10-12T07:55:43.013+0800][info] GC(543)   Merge Heap Roots: 0.1ms
[2024-10-12T07:55:43.013+0800][info] GC(543)   Evacuate Collection Set: 2.4ms
[2024-10-12T07:55:43.013+0800][info] GC(543)   Post Evacuate Collection Set: 0.2ms
[2024-10-12T07:55:43.013+0800][info] GC(543)   Other: 0.4ms
[2024-10-12T07:55:43.013+0800][info] GC(543) Eden regions: 2->0(2)
[2024-10-12T07:55:43.013+0800][info] GC(543) Survivor regions: 1->1(1)
[2024-10-12T07:55:43.013+0800][info] GC(543) Old regions: 51->53
[2024-10-12T07:55:43.013+0800][info] GC(543) Archive regions: 2->2
[2024-10-12T07:55:43.013+0800][info] GC(543) Humongous regions: 3->3
[2024-10-12T07:55:43.013+0800][info] GC(543) Metaspace: 1685K(1856K)->1685K(1856K) NonClass: 1561K(1664K)->1561K(1664K) Class: 124K(192K)->124K(192K)
[2024-10-12T07:55:43.013+0800][info] GC(543) Pause Young (Concurrent Start) (G1 Evacuation Pause) 105M->106M(128M) 3.276ms
[2024-10-12T07:55:43.013+0800][info] GC(543) User=0.01s Sys=0.00s Real=0.00s
[2024-10-12T07:55:43.013+0800][info] GC(544) Concurrent Mark Cycle
[2024-10-12T07:55:43.013+0800][info] GC(544) Concurrent Clear Claimed Marks
[2024-10-12T07:55:43.013+0800][info] GC(544) Concurrent Clear Claimed Marks 0.017ms
[2024-10-12T07:55:43.013+0800][info] GC(544) Concurrent Scan Root Regions
[2024-10-12T07:55:43.013+0800][info] GC(544) Concurrent Scan Root Regions 0.107ms
[2024-10-12T07:55:43.013+0800][info] GC(544) Concurrent Mark
[2024-10-12T07:55:43.013+0800][info] GC(544) Concurrent Mark From Roots
[2024-10-12T07:55:43.013+0800][info] GC(544) Using 12 workers of 12 for marking
[2024-10-12T07:55:43.017+0800][info] GC(544) Concurrent Mark From Roots 4.130ms
[2024-10-12T07:55:43.017+0800][info] GC(544) Concurrent Preclean
[2024-10-12T07:55:43.019+0800][info] GC(544) Concurrent Preclean 1.683ms
[2024-10-12T07:55:43.019+0800][info] GC(544) Pause Remark
[2024-10-12T07:55:43.021+0800][info] GC(544) Pause Remark 106M->103M(128M) 1.674ms
[2024-10-12T07:55:43.021+0800][info] GC(544) User=0.01s Sys=0.00s Real=0.00s
[2024-10-12T07:55:43.021+0800][info] GC(544) Concurrent Mark 7.807ms
[2024-10-12T07:55:43.021+0800][info] GC(544) Concurrent Rebuild Remembered Sets
[2024-10-12T07:55:43.022+0800][info] GC(544) Concurrent Rebuild Remembered Sets 1.270ms
[2024-10-12T07:55:43.022+0800][info] GC(544) Pause Cleanup
[2024-10-12T07:55:43.023+0800][info] GC(544) Pause Cleanup 103M->103M(128M) 0.222ms
[2024-10-12T07:55:43.023+0800][info] GC(544) User=0.00s Sys=0.00s Real=0.00s
[2024-10-12T07:55:43.023+0800][info] GC(544) Concurrent Cleanup for Next Mark
[2024-10-12T07:55:43.023+0800][info] GC(544) Concurrent Cleanup for Next Mark 0.449ms
[2024-10-12T07:55:43.023+0800][info] GC(544) Concurrent Mark Cycle 10.189ms
[2024-10-12T07:55:43.166+0800][info] GC(545) Pause Young (Prepare Mixed) (G1 Evacuation Pause)
[2024-10-12T07:55:43.166+0800][info] GC(545) Using 3 workers of 48 for evacuation
[2024-10-12T07:55:43.170+0800][info] GC(545)   Pre Evacuate Collection Set: 0.1ms
[2024-10-12T07:55:43.170+0800][info] GC(545)   Merge Heap Roots: 0.1ms
[2024-10-12T07:55:43.170+0800][info] GC(545)   Evacuate Collection Set: 3.7ms
[2024-10-12T07:55:43.170+0800][info] GC(545)   Post Evacuate Collection Set: 0.2ms
[2024-10-12T07:55:43.170+0800][info] GC(545)   Other: 0.2ms
[2024-10-12T07:55:43.170+0800][info] GC(545) Eden regions: 2->0(2)
[2024-10-12T07:55:43.170+0800][info] GC(545) Survivor regions: 1->1(1)
[2024-10-12T07:55:43.170+0800][info] GC(545) Old regions: 51->53
[2024-10-12T07:55:43.170+0800][info] GC(545) Archive regions: 2->2
[2024-10-12T07:55:43.170+0800][info] GC(545) Humongous regions: 3->3
[2024-10-12T07:55:43.170+0800][info] GC(545) Metaspace: 1685K(1856K)->1685K(1856K) NonClass: 1561K(1664K)->1561K(1664K) Class: 124K(192K)->124K(192K)
[2024-10-12T07:55:43.170+0800][info] GC(545) Pause Young (Prepare Mixed) (G1 Evacuation Pause) 106M->106M(128M) 4.446ms
[2024-10-12T07:55:43.170+0800][info] GC(545) User=0.01s Sys=0.00s Real=0.00s
[2024-10-12T07:55:43.232+0800][info] GC(546) Pause Young (Mixed) (G1 Preventive Collection)
[2024-10-12T07:55:43.232+0800][info] GC(546) Using 3 workers of 48 for evacuation
[2024-10-12T07:55:43.240+0800][info] GC(546)   Pre Evacuate Collection Set: 0.1ms
[2024-10-12T07:55:43.240+0800][info] GC(546)   Merge Heap Roots: 0.1ms
[2024-10-12T07:55:43.240+0800][info] GC(546)   Evacuate Collection Set: 7.3ms
[2024-10-12T07:55:43.240+0800][info] GC(546)   Post Evacuate Collection Set: 0.7ms
[2024-10-12T07:55:43.240+0800][info] GC(546)   Other: 0.4ms
[2024-10-12T07:55:43.240+0800][info] GC(546) Eden regions: 1->0(2)
[2024-10-12T07:55:43.240+0800][info] GC(546) Survivor regions: 1->1(1)
[2024-10-12T07:55:43.241+0800][info] GC(546) Old regions: 53->48
[2024-10-12T07:55:43.241+0800][info] GC(546) Archive regions: 2->2
[2024-10-12T07:55:43.241+0800][info] GC(546) Humongous regions: 3->3
[2024-10-12T07:55:43.241+0800][info] GC(546) Metaspace: 1685K(1856K)->1685K(1856K) NonClass: 1561K(1664K)->1561K(1664K) Class: 124K(192K)->124K(192K)
[2024-10-12T07:55:43.241+0800][info] GC(546) Pause Young (Mixed) (G1 Preventive Collection) 108M->99M(128M) 8.746ms
[2024-10-12T07:55:43.241+0800][info] GC(546) User=0.01s Sys=0.02s Real=0.01s
[2024-10-12T07:55:43.344+0800][info] GC(547) Pause Young (Mixed) (G1 Evacuation Pause)
[2024-10-12T07:55:43.344+0800][info] GC(547) Using 3 workers of 48 for evacuation
[2024-10-12T07:55:43.359+0800][info] GC(547)   Pre Evacuate Collection Set: 0.2ms
[2024-10-12T07:55:43.359+0800][info] GC(547)   Merge Heap Roots: 0.1ms
[2024-10-12T07:55:43.359+0800][info] GC(547)   Evacuate Collection Set: 14.1ms
[2024-10-12T07:55:43.359+0800][info] GC(547)   Post Evacuate Collection Set: 0.4ms
[2024-10-12T07:55:43.359+0800][info] GC(547)   Other: 0.2ms
[2024-10-12T07:55:43.359+0800][info] GC(547) Eden regions: 2->0(2)
[2024-10-12T07:55:43.359+0800][info] GC(547) Survivor regions: 1->1(1)
[2024-10-12T07:55:43.359+0800][info] GC(547) Old regions: 48->47
[2024-10-12T07:55:43.359+0800][info] GC(547) Archive regions: 2->2
[2024-10-12T07:55:43.359+0800][info] GC(547) Humongous regions: 3->3
[2024-10-12T07:55:43.359+0800][info] GC(547) Metaspace: 1685K(1856K)->1685K(1856K) NonClass: 1561K(1664K)->1561K(1664K) Class: 124K(192K)->124K(192K)
[2024-10-12T07:55:43.359+0800][info] GC(547) Pause Young (Mixed) (G1 Evacuation Pause) 102M->98M(128M) 15.066ms
[2024-10-12T07:55:43.359+0800][info] GC(547) User=0.01s Sys=0.03s Real=0.02s
[2024-10-12T07:55:43.462+0800][info] GC(548) Pause Young (Mixed) (G1 Evacuation Pause)
[2024-10-12T07:55:43.462+0800][info] GC(548) Using 3 workers of 48 for evacuation
[2024-10-12T07:55:43.468+0800][info] GC(548)   Pre Evacuate Collection Set: 0.1ms
[2024-10-12T07:55:43.468+0800][info] GC(548)   Merge Heap Roots: 0.1ms
[2024-10-12T07:55:43.468+0800][info] GC(548)   Evacuate Collection Set: 4.8ms
[2024-10-12T07:55:43.468+0800][info] GC(548)   Post Evacuate Collection Set: 0.3ms
[2024-10-12T07:55:43.468+0800][info] GC(548)   Other: 0.2ms
[2024-10-12T07:55:43.468+0800][info] GC(548) Eden regions: 2->0(2)
[2024-10-12T07:55:43.468+0800][info] GC(548) Survivor regions: 1->1(1)
[2024-10-12T07:55:43.468+0800][info] GC(548) Old regions: 47->48
[2024-10-12T07:55:43.468+0800][info] GC(548) Archive regions: 2->2
[2024-10-12T07:55:43.468+0800][info] GC(548) Humongous regions: 3->3
[2024-10-12T07:55:43.468+0800][info] GC(548) Metaspace: 1685K(1856K)->1685K(1856K) NonClass: 1561K(1664K)->1561K(1664K) Class: 124K(192K)->124K(192K)
[2024-10-12T07:55:43.468+0800][info] GC(548) Pause Young (Mixed) (G1 Evacuation Pause) 102M->101M(128M) 5.540ms
[2024-10-12T07:55:43.468+0800][info] GC(548) User=0.01s Sys=0.01s Real=0.01s
[2024-10-12T07:55:43.570+0800][info] GC(549) Pause Young (Normal) (G1 Evacuation Pause)
[2024-10-12T07:55:43.570+0800][info] GC(549) Using 3 workers of 48 for evacuation
[2024-10-12T07:55:43.574+0800][info] GC(549)   Pre Evacuate Collection Set: 0.1ms
[2024-10-12T07:55:43.574+0800][info] GC(549)   Merge Heap Roots: 0.0ms
[2024-10-12T07:55:43.574+0800][info] GC(549)   Evacuate Collection Set: 3.4ms
[2024-10-12T07:55:43.574+0800][info] GC(549)   Post Evacuate Collection Set: 0.2ms
[2024-10-12T07:55:43.574+0800][info] GC(549)   Other: 0.2ms
[2024-10-12T07:55:43.574+0800][info] GC(549) Eden regions: 2->0(2)
[2024-10-12T07:55:43.574+0800][info] GC(549) Survivor regions: 1->1(1)
[2024-10-12T07:55:43.574+0800][info] GC(549) Old regions: 48->50
[2024-10-12T07:55:43.574+0800][info] GC(549) Archive regions: 2->2
[2024-10-12T07:55:43.574+0800][info] GC(549) Humongous regions: 3->3
[2024-10-12T07:55:43.574+0800][info] GC(549) Metaspace: 1685K(1856K)->1685K(1856K) NonClass: 1561K(1664K)->1561K(1664K) Class: 124K(192K)->124K(192K)
[2024-10-12T07:55:43.574+0800][info] GC(549) Pause Young (Normal) (G1 Evacuation Pause) 104M->105M(128M) 4.093ms
[2024-10-12T07:55:43.574+0800][info] GC(549) User=0.01s Sys=0.00s Real=0.01s
[2024-10-12T07:55:43.676+0800][info] GC(550) Pause Young (Concurrent Start) (G1 Evacuation Pause)
[2024-10-12T07:55:43.676+0800][info] GC(550) Using 3 workers of 48 for evacuation
[2024-10-12T07:55:43.682+0800][info] GC(550)   Pre Evacuate Collection Set: 0.1ms
[2024-10-12T07:55:43.682+0800][info] GC(550)   Merge Heap Roots: 0.1ms
[2024-10-12T07:55:43.682+0800][info] GC(550)   Evacuate Collection Set: 4.0ms
[2024-10-12T07:55:43.682+0800][info] GC(550)   Post Evacuate Collection Set: 0.3ms
[2024-10-12T07:55:43.682+0800][info] GC(550)   Other: 1.3ms
[2024-10-12T07:55:43.682+0800][info] GC(550) Eden regions: 2->0(2)
[2024-10-12T07:55:43.682+0800][info] GC(550) Survivor regions: 1->1(1)
[2024-10-12T07:55:43.682+0800][info] GC(550) Old regions: 50->52
[2024-10-12T07:55:43.682+0800][info] GC(550) Archive regions: 2->2
[2024-10-12T07:55:43.682+0800][info] GC(550) Humongous regions: 3->3
[2024-10-12T07:55:43.682+0800][info] GC(550) Metaspace: 1685K(1856K)->1685K(1856K) NonClass: 1561K(1664K)->1561K(1664K) Class: 124K(192K)->124K(192K)
[2024-10-12T07:55:43.682+0800][info] GC(550) Pause Young (Concurrent Start) (G1 Evacuation Pause) 108M->109M(128M) 5.725ms
[2024-10-12T07:55:43.682+0800][info] GC(550) User=0.01s Sys=0.00s Real=0.00s
[2024-10-12T07:55:43.682+0800][info] GC(551) Concurrent Mark Cycle
[2024-10-12T07:55:43.682+0800][info] GC(551) Concurrent Clear Claimed Marks
[2024-10-12T07:55:43.682+0800][info] GC(551) Concurrent Clear Claimed Marks 0.017ms
[2024-10-12T07:55:43.682+0800][info] GC(551) Concurrent Scan Root Regions
[2024-10-12T07:55:43.683+0800][info] GC(551) Concurrent Scan Root Regions 0.211ms
[2024-10-12T07:55:43.683+0800][info] GC(551) Concurrent Mark
[2024-10-12T07:55:43.683+0800][info] GC(551) Concurrent Mark From Roots
[2024-10-12T07:55:43.683+0800][info] GC(551) Using 12 workers of 12 for marking
[2024-10-12T07:55:43.687+0800][info] GC(551) Concurrent Mark From Roots 4.866ms
[2024-10-12T07:55:43.687+0800][info] GC(551) Concurrent Preclean
[2024-10-12T07:55:43.689+0800][info] GC(551) Concurrent Preclean 1.719ms
[2024-10-12T07:55:43.689+0800][info] GC(551) Pause Remark
[2024-10-12T07:55:43.692+0800][info] GC(551) Pause Remark 109M->109M(128M) 2.576ms
[2024-10-12T07:55:43.692+0800][info] GC(551) User=0.00s Sys=0.00s Real=0.00s
[2024-10-12T07:55:43.692+0800][info] GC(551) Concurrent Mark 9.494ms
[2024-10-12T07:55:43.692+0800][info] GC(551) Concurrent Rebuild Remembered Sets
[2024-10-12T07:55:43.693+0800][info] GC(551) Concurrent Rebuild Remembered Sets 1.246ms
[2024-10-12T07:55:43.693+0800][info] GC(551) Pause Cleanup
[2024-10-12T07:55:43.694+0800][info] GC(551) Pause Cleanup 109M->109M(128M) 0.251ms
[2024-10-12T07:55:43.694+0800][info] GC(551) User=0.00s Sys=0.00s Real=0.00s
[2024-10-12T07:55:43.694+0800][info] GC(551) Concurrent Cleanup for Next Mark
[2024-10-12T07:55:43.695+0800][info] GC(551) Concurrent Cleanup for Next Mark 1.430ms
[2024-10-12T07:55:43.695+0800][info] GC(551) Concurrent Mark Cycle 12.981ms
[2024-10-12T07:55:43.835+0800][info] GC(552) Pause Young (Prepare Mixed) (G1 Preventive Collection)
[2024-10-12T07:55:43.835+0800][info] GC(552) Using 3 workers of 48 for evacuation
[2024-10-12T07:55:43.839+0800][info] GC(552)   Pre Evacuate Collection Set: 0.1ms
[2024-10-12T07:55:43.839+0800][info] GC(552)   Merge Heap Roots: 0.1ms
[2024-10-12T07:55:43.839+0800][info] GC(552)   Evacuate Collection Set: 3.1ms
[2024-10-12T07:55:43.839+0800][info] GC(552)   Post Evacuate Collection Set: 0.2ms
[2024-10-12T07:55:43.839+0800][info] GC(552)   Other: 0.4ms
[2024-10-12T07:55:43.839+0800][info] GC(552) Eden regions: 2->0(2)
[2024-10-12T07:55:43.839+0800][info] GC(552) Survivor regions: 1->1(1)
[2024-10-12T07:55:43.839+0800][info] GC(552) Old regions: 52->54
[2024-10-12T07:55:43.839+0800][info] GC(552) Archive regions: 2->2
[2024-10-12T07:55:43.839+0800][info] GC(552) Humongous regions: 3->3
[2024-10-12T07:55:43.839+0800][info] GC(552) Metaspace: 1685K(1856K)->1685K(1856K) NonClass: 1561K(1664K)->1561K(1664K) Class: 124K(192K)->124K(192K)
[2024-10-12T07:55:43.839+0800][info] GC(552) Pause Young (Prepare Mixed) (G1 Preventive Collection) 112M->113M(128M) 4.017ms
[2024-10-12T07:55:43.839+0800][info] GC(552) User=0.01s Sys=0.00s Real=0.00s
[2024-10-12T07:55:43.900+0800][info] GC(553) Pause Young (Mixed) (G1 Preventive Collection)
[2024-10-12T07:55:43.900+0800][info] GC(553) Using 3 workers of 48 for evacuation
[2024-10-12T07:55:43.904+0800][info] GC(553) To-space exhausted
[2024-10-12T07:55:43.904+0800][info] GC(553)   Pre Evacuate Collection Set: 0.1ms
[2024-10-12T07:55:43.904+0800][info] GC(553)   Merge Heap Roots: 0.1ms
[2024-10-12T07:55:43.904+0800][info] GC(553)   Evacuate Collection Set: 2.6ms
[2024-10-12T07:55:43.904+0800][info] GC(553)   Post Evacuate Collection Set: 0.3ms
[2024-10-12T07:55:43.904+0800][info] GC(553)   Other: 0.3ms
[2024-10-12T07:55:43.904+0800][info] GC(553) Eden regions: 1->0(2)
[2024-10-12T07:55:43.904+0800][info] GC(553) Survivor regions: 1->1(1)
[2024-10-12T07:55:43.904+0800][info] GC(553) Old regions: 54->50
[2024-10-12T07:55:43.904+0800][info] GC(553) Archive regions: 2->2
[2024-10-12T07:55:43.904+0800][info] GC(553) Humongous regions: 3->3
[2024-10-12T07:55:43.904+0800][info] GC(553) Metaspace: 1685K(1856K)->1685K(1856K) NonClass: 1561K(1664K)->1561K(1664K) Class: 124K(192K)->124K(192K)
[2024-10-12T07:55:43.904+0800][info] GC(553) Pause Young (Mixed) (G1 Preventive Collection) 115M->107M(128M) 3.469ms
[2024-10-12T07:55:43.904+0800][info] GC(553) User=0.01s Sys=0.00s Real=0.00s
[2024-10-12T07:55:44.006+0800][info] GC(554) Pause Young (Mixed) (G1 Preventive Collection)
[2024-10-12T07:55:44.006+0800][info] GC(554) Using 3 workers of 48 for evacuation
[2024-10-12T07:55:44.016+0800][info] GC(554) To-space exhausted
[2024-10-12T07:55:44.016+0800][info] GC(554)   Pre Evacuate Collection Set: 0.1ms
[2024-10-12T07:55:44.016+0800][info] GC(554)   Merge Heap Roots: 0.1ms
[2024-10-12T07:55:44.016+0800][info] GC(554)   Evacuate Collection Set: 9.0ms
[2024-10-12T07:55:44.016+0800][info] GC(554)   Post Evacuate Collection Set: 0.3ms
[2024-10-12T07:55:44.016+0800][info] GC(554)   Other: 0.2ms
[2024-10-12T07:55:44.016+0800][info] GC(554) Eden regions: 2->0(2)
[2024-10-12T07:55:44.016+0800][info] GC(554) Survivor regions: 1->1(1)
[2024-10-12T07:55:44.016+0800][info] GC(554) Old regions: 50->51
[2024-10-12T07:55:44.016+0800][info] GC(554) Archive regions: 2->2
[2024-10-12T07:55:44.016+0800][info] GC(554) Humongous regions: 3->3
[2024-10-12T07:55:44.016+0800][info] GC(554) Metaspace: 1685K(1856K)->1685K(1856K) NonClass: 1561K(1664K)->1561K(1664K) Class: 124K(192K)->124K(192K)
[2024-10-12T07:55:44.016+0800][info] GC(554) Pause Young (Mixed) (G1 Preventive Collection) 110M->109M(128M) 9.810ms
[2024-10-12T07:55:44.016+0800][info] GC(554) User=0.02s Sys=0.01s Real=0.01s
[2024-10-12T07:55:44.118+0800][info] GC(555) Pause Young (Mixed) (G1 Preventive Collection)
[2024-10-12T07:55:44.118+0800][info] GC(555) Using 3 workers of 48 for evacuation
[2024-10-12T07:55:44.123+0800][info] GC(555)   Pre Evacuate Collection Set: 0.1ms
[2024-10-12T07:55:44.123+0800][info] GC(555)   Merge Heap Roots: 0.1ms
[2024-10-12T07:55:44.123+0800][info] GC(555)   Evacuate Collection Set: 3.9ms
[2024-10-12T07:55:44.123+0800][info] GC(555)   Post Evacuate Collection Set: 0.3ms
[2024-10-12T07:55:44.123+0800][info] GC(555)   Other: 0.2ms
[2024-10-12T07:55:44.123+0800][info] GC(555) Eden regions: 2->0(2)
[2024-10-12T07:55:44.123+0800][info] GC(555) Survivor regions: 1->1(1)
[2024-10-12T07:55:44.123+0800][info] GC(555) Old regions: 51->51
[2024-10-12T07:55:44.123+0800][info] GC(555) Archive regions: 2->2
[2024-10-12T07:55:44.123+0800][info] GC(555) Humongous regions: 3->3
[2024-10-12T07:55:44.123+0800][info] GC(555) Metaspace: 1685K(1856K)->1685K(1856K) NonClass: 1561K(1664K)->1561K(1664K) Class: 124K(192K)->124K(192K)
[2024-10-12T07:55:44.123+0800][info] GC(555) Pause Young (Mixed) (G1 Preventive Collection) 112M->108M(128M) 4.654ms
[2024-10-12T07:55:44.123+0800][info] GC(555) User=0.01s Sys=0.00s Real=0.00s
[2024-10-12T07:55:44.225+0800][info] GC(556) Pause Young (Concurrent Start) (G1 Evacuation Pause)
[2024-10-12T07:55:44.225+0800][info] GC(556) Using 3 workers of 48 for evacuation
[2024-10-12T07:55:44.229+0800][info] GC(556)   Pre Evacuate Collection Set: 0.1ms
[2024-10-12T07:55:44.229+0800][info] GC(556)   Merge Heap Roots: 0.1ms
[2024-10-12T07:55:44.229+0800][info] GC(556)   Evacuate Collection Set: 2.7ms
[2024-10-12T07:55:44.229+0800][info] GC(556)   Post Evacuate Collection Set: 0.2ms
[2024-10-12T07:55:44.229+0800][info] GC(556)   Other: 0.4ms
[2024-10-12T07:55:44.229+0800][info] GC(556) Eden regions: 2->0(2)
[2024-10-12T07:55:44.229+0800][info] GC(556) Survivor regions: 1->1(1)
[2024-10-12T07:55:44.229+0800][info] GC(556) Old regions: 51->52
[2024-10-12T07:55:44.229+0800][info] GC(556) Archive regions: 2->2
[2024-10-12T07:55:44.229+0800][info] GC(556) Humongous regions: 3->3
[2024-10-12T07:55:44.229+0800][info] GC(556) Metaspace: 1685K(1856K)->1685K(1856K) NonClass: 1561K(1664K)->1561K(1664K) Class: 124K(192K)->124K(192K)
[2024-10-12T07:55:44.229+0800][info] GC(556) Pause Young (Concurrent Start) (G1 Evacuation Pause) 111M->111M(128M) 3.521ms
[2024-10-12T07:55:44.229+0800][info] GC(556) User=0.01s Sys=0.00s Real=0.00s
[2024-10-12T07:55:44.229+0800][info] GC(557) Concurrent Mark Cycle
[2024-10-12T07:55:44.229+0800][info] GC(557) Concurrent Clear Claimed Marks
[2024-10-12T07:55:44.229+0800][info] GC(557) Concurrent Clear Claimed Marks 0.017ms
[2024-10-12T07:55:44.229+0800][info] GC(557) Concurrent Scan Root Regions
[2024-10-12T07:55:44.229+0800][info] GC(557) Concurrent Scan Root Regions 0.194ms
[2024-10-12T07:55:44.229+0800][info] GC(557) Concurrent Mark
[2024-10-12T07:55:44.229+0800][info] GC(557) Concurrent Mark From Roots
[2024-10-12T07:55:44.229+0800][info] GC(557) Using 12 workers of 12 for marking
[2024-10-12T07:55:44.233+0800][info] GC(557) Concurrent Mark From Roots 4.243ms
[2024-10-12T07:55:44.233+0800][info] GC(557) Concurrent Preclean
[2024-10-12T07:55:44.235+0800][info] GC(557) Concurrent Preclean 1.671ms
[2024-10-12T07:55:44.235+0800][info] GC(557) Pause Remark
[2024-10-12T07:55:44.237+0800][info] GC(557) Pause Remark 112M->112M(128M) 1.643ms
[2024-10-12T07:55:44.237+0800][info] GC(557) User=0.01s Sys=0.00s Real=0.00s
[2024-10-12T07:55:44.237+0800][info] GC(557) Concurrent Mark 7.874ms
[2024-10-12T07:55:44.237+0800][info] GC(557) Concurrent Rebuild Remembered Sets
[2024-10-12T07:55:44.239+0800][info] GC(557) Concurrent Rebuild Remembered Sets 1.413ms
[2024-10-12T07:55:44.239+0800][info] GC(557) Pause Cleanup
[2024-10-12T07:55:44.239+0800][info] GC(557) Pause Cleanup 112M->112M(128M) 0.291ms
[2024-10-12T07:55:44.239+0800][info] GC(557) User=0.00s Sys=0.00s Real=0.00s
[2024-10-12T07:55:44.239+0800][info] GC(557) Concurrent Cleanup for Next Mark
[2024-10-12T07:55:44.240+0800][info] GC(557) Concurrent Cleanup for Next Mark 1.100ms
[2024-10-12T07:55:44.240+0800][info] GC(557) Concurrent Mark Cycle 11.284ms
[2024-10-12T07:55:44.382+0800][info] GC(558) Pause Young (Prepare Mixed) (G1 Preventive Collection)
[2024-10-12T07:55:44.382+0800][info] GC(558) Using 3 workers of 48 for evacuation
[2024-10-12T07:55:44.383+0800][info] GC(558)   Pre Evacuate Collection Set: 0.1ms
[2024-10-12T07:55:44.384+0800][info] GC(558)   Merge Heap Roots: 0.1ms
[2024-10-12T07:55:44.384+0800][info] GC(558)   Evacuate Collection Set: 1.0ms
[2024-10-12T07:55:44.384+0800][info] GC(558)   Post Evacuate Collection Set: 0.2ms
[2024-10-12T07:55:44.384+0800][info] GC(558)   Other: 0.2ms
[2024-10-12T07:55:44.384+0800][info] GC(558) Eden regions: 2->0(2)
[2024-10-12T07:55:44.384+0800][info] GC(558) Survivor regions: 1->1(1)
[2024-10-12T07:55:44.384+0800][info] GC(558) Old regions: 52->54
[2024-10-12T07:55:44.384+0800][info] GC(558) Archive regions: 2->2
[2024-10-12T07:55:44.384+0800][info] GC(558) Humongous regions: 3->3
[2024-10-12T07:55:44.384+0800][info] GC(558) Metaspace: 1685K(1856K)->1685K(1856K) NonClass: 1561K(1664K)->1561K(1664K) Class: 124K(192K)->124K(192K)
[2024-10-12T07:55:44.384+0800][info] GC(558) Pause Young (Prepare Mixed) (G1 Preventive Collection) 115M->115M(128M) 1.722ms
[2024-10-12T07:55:44.384+0800][info] GC(558) User=0.00s Sys=0.00s Real=0.00s
[2024-10-12T07:55:44.445+0800][info] GC(559) Pause Young (Mixed) (G1 Preventive Collection)
[2024-10-12T07:55:44.445+0800][info] GC(559) Using 3 workers of 48 for evacuation
[2024-10-12T07:55:44.449+0800][info] GC(559) To-space exhausted
[2024-10-12T07:55:44.449+0800][info] GC(559)   Pre Evacuate Collection Set: 0.1ms
[2024-10-12T07:55:44.449+0800][info] GC(559)   Merge Heap Roots: 0.1ms
[2024-10-12T07:55:44.449+0800][info] GC(559)   Evacuate Collection Set: 2.8ms
[2024-10-12T07:55:44.449+0800][info] GC(559)   Post Evacuate Collection Set: 0.3ms
[2024-10-12T07:55:44.449+0800][info] GC(559)   Other: 0.2ms
[2024-10-12T07:55:44.449+0800][info] GC(559) Eden regions: 1->0(2)
[2024-10-12T07:55:44.449+0800][info] GC(559) Survivor regions: 1->1(1)
[2024-10-12T07:55:44.449+0800][info] GC(559) Old regions: 54->51
[2024-10-12T07:55:44.449+0800][info] GC(559) Archive regions: 2->2
[2024-10-12T07:55:44.449+0800][info] GC(559) Humongous regions: 3->3
[2024-10-12T07:55:44.449+0800][info] GC(559) Metaspace: 1685K(1856K)->1685K(1856K) NonClass: 1561K(1664K)->1561K(1664K) Class: 124K(192K)->124K(192K)
[2024-10-12T07:55:44.449+0800][info] GC(559) Pause Young (Mixed) (G1 Preventive Collection) 117M->111M(128M) 3.604ms
[2024-10-12T07:55:44.449+0800][info] GC(559) User=0.01s Sys=0.00s Real=0.00s
[2024-10-12T07:55:44.551+0800][info] GC(560) Pause Young (Mixed) (G1 Preventive Collection)
[2024-10-12T07:55:44.551+0800][info] GC(560) Using 3 workers of 48 for evacuation
[2024-10-12T07:55:44.559+0800][info] GC(560) To-space exhausted
[2024-10-12T07:55:44.559+0800][info] GC(560)   Pre Evacuate Collection Set: 0.1ms
[2024-10-12T07:55:44.559+0800][info] GC(560)   Merge Heap Roots: 0.1ms
[2024-10-12T07:55:44.559+0800][info] GC(560)   Evacuate Collection Set: 6.8ms
[2024-10-12T07:55:44.559+0800][info] GC(560)   Post Evacuate Collection Set: 0.4ms
[2024-10-12T07:55:44.559+0800][info] GC(560)   Other: 0.2ms
[2024-10-12T07:55:44.559+0800][info] GC(560) Eden regions: 2->0(2)
[2024-10-12T07:55:44.559+0800][info] GC(560) Survivor regions: 1->1(1)
[2024-10-12T07:55:44.559+0800][info] GC(560) Old regions: 51->54
[2024-10-12T07:55:44.559+0800][info] GC(560) Archive regions: 2->2
[2024-10-12T07:55:44.559+0800][info] GC(560) Humongous regions: 3->3
[2024-10-12T07:55:44.559+0800][info] GC(560) Metaspace: 1685K(1856K)->1685K(1856K) NonClass: 1561K(1664K)->1561K(1664K) Class: 124K(192K)->124K(192K)
[2024-10-12T07:55:44.559+0800][info] GC(560) Pause Young (Mixed) (G1 Preventive Collection) 114M->117M(128M) 7.608ms
[2024-10-12T07:55:44.559+0800][info] GC(560) User=0.00s Sys=0.02s Real=0.01s
[2024-10-12T07:55:44.621+0800][info] GC(561) Pause Young (Mixed) (G1 Preventive Collection)
[2024-10-12T07:55:44.621+0800][info] GC(561) Using 3 workers of 48 for evacuation
[2024-10-12T07:55:44.624+0800][info] GC(561) To-space exhausted
[2024-10-12T07:55:44.624+0800][info] GC(561)   Pre Evacuate Collection Set: 0.1ms
[2024-10-12T07:55:44.624+0800][info] GC(561)   Merge Heap Roots: 0.1ms
[2024-10-12T07:55:44.624+0800][info] GC(561)   Evacuate Collection Set: 2.6ms
[2024-10-12T07:55:44.624+0800][info] GC(561)   Post Evacuate Collection Set: 0.3ms
[2024-10-12T07:55:44.624+0800][info] GC(561)   Other: 0.2ms
[2024-10-12T07:55:44.624+0800][info] GC(561) Eden regions: 1->0(2)
[2024-10-12T07:55:44.624+0800][info] GC(561) Survivor regions: 1->1(1)
[2024-10-12T07:55:44.624+0800][info] GC(561) Old regions: 54->55
[2024-10-12T07:55:44.624+0800][info] GC(561) Archive regions: 2->2
[2024-10-12T07:55:44.624+0800][info] GC(561) Humongous regions: 3->3
[2024-10-12T07:55:44.624+0800][info] GC(561) Metaspace: 1685K(1856K)->1685K(1856K) NonClass: 1561K(1664K)->1561K(1664K) Class: 124K(192K)->124K(192K)
[2024-10-12T07:55:44.624+0800][info] GC(561) Pause Young (Mixed) (G1 Preventive Collection) 118M->118M(128M) 3.372ms
[2024-10-12T07:55:44.624+0800][info] GC(561) User=0.01s Sys=0.00s Real=0.00s
[2024-10-12T07:55:44.665+0800][info] GC(562) Pause Young (Concurrent Start) (G1 Preventive Collection)
[2024-10-12T07:55:44.665+0800][info] GC(562) Using 3 workers of 48 for evacuation
[2024-10-12T07:55:44.667+0800][info] GC(562)   Pre Evacuate Collection Set: 0.1ms
[2024-10-12T07:55:44.667+0800][info] GC(562)   Merge Heap Roots: 0.1ms
[2024-10-12T07:55:44.667+0800][info] GC(562)   Evacuate Collection Set: 0.8ms
[2024-10-12T07:55:44.667+0800][info] GC(562)   Post Evacuate Collection Set: 0.2ms
[2024-10-12T07:55:44.667+0800][info] GC(562)   Other: 0.4ms
[2024-10-12T07:55:44.667+0800][info] GC(562) Eden regions: 1->0(2)
[2024-10-12T07:55:44.667+0800][info] GC(562) Survivor regions: 1->1(1)
[2024-10-12T07:55:44.667+0800][info] GC(562) Old regions: 55->56
[2024-10-12T07:55:44.667+0800][info] GC(562) Archive regions: 2->2
[2024-10-12T07:55:44.667+0800][info] GC(562) Humongous regions: 3->3
[2024-10-12T07:55:44.667+0800][info] GC(562) Metaspace: 1685K(1856K)->1685K(1856K) NonClass: 1561K(1664K)->1561K(1664K) Class: 124K(192K)->124K(192K)
[2024-10-12T07:55:44.667+0800][info] GC(562) Pause Young (Concurrent Start) (G1 Preventive Collection) 120M->120M(128M) 1.659ms
[2024-10-12T07:55:44.667+0800][info] GC(562) User=0.00s Sys=0.00s Real=0.00s
[2024-10-12T07:55:44.667+0800][info] GC(563) Concurrent Mark Cycle
[2024-10-12T07:55:44.667+0800][info] GC(563) Concurrent Clear Claimed Marks
[2024-10-12T07:55:44.667+0800][info] GC(563) Concurrent Clear Claimed Marks 0.016ms
[2024-10-12T07:55:44.667+0800][info] GC(563) Concurrent Scan Root Regions
[2024-10-12T07:55:44.667+0800][info] GC(563) Concurrent Scan Root Regions 0.144ms
[2024-10-12T07:55:44.667+0800][info] GC(563) Concurrent Mark
[2024-10-12T07:55:44.667+0800][info] GC(563) Concurrent Mark From Roots
[2024-10-12T07:55:44.667+0800][info] GC(563) Using 12 workers of 12 for marking
[2024-10-12T07:55:44.672+0800][info] GC(563) Concurrent Mark From Roots 4.537ms
[2024-10-12T07:55:44.672+0800][info] GC(563) Concurrent Preclean
[2024-10-12T07:55:44.673+0800][info] GC(563) Concurrent Preclean 1.705ms
[2024-10-12T07:55:44.674+0800][info] GC(563) Pause Remark
[2024-10-12T07:55:44.675+0800][info] GC(563) Pause Remark 120M->118M(128M) 1.631ms
[2024-10-12T07:55:44.675+0800][info] GC(563) User=0.00s Sys=0.00s Real=0.00s
[2024-10-12T07:55:44.675+0800][info] GC(563) Concurrent Mark 8.193ms
[2024-10-12T07:55:44.675+0800][info] GC(563) Concurrent Rebuild Remembered Sets
[2024-10-12T07:55:44.677+0800][info] GC(563) Concurrent Rebuild Remembered Sets 1.287ms
[2024-10-12T07:55:44.677+0800][info] GC(563) Pause Cleanup
[2024-10-12T07:55:44.677+0800][info] GC(563) Pause Cleanup 118M->118M(128M) 0.228ms
[2024-10-12T07:55:44.677+0800][info] GC(563) User=0.00s Sys=0.00s Real=0.00s
[2024-10-12T07:55:44.677+0800][info] GC(563) Concurrent Cleanup for Next Mark
[2024-10-12T07:55:44.678+0800][info] GC(563) Concurrent Cleanup for Next Mark 0.401ms
[2024-10-12T07:55:44.678+0800][info] GC(563) Concurrent Mark Cycle 10.627ms
[2024-10-12T07:55:44.779+0800][info] GC(564) Pause Young (Prepare Mixed) (G1 Preventive Collection)
[2024-10-12T07:55:44.779+0800][info] GC(564) Using 3 workers of 48 for evacuation
[2024-10-12T07:55:44.782+0800][info] GC(564)   Pre Evacuate Collection Set: 0.1ms
[2024-10-12T07:55:44.782+0800][info] GC(564)   Merge Heap Roots: 0.1ms
[2024-10-12T07:55:44.782+0800][info] GC(564)   Evacuate Collection Set: 2.7ms
[2024-10-12T07:55:44.782+0800][info] GC(564)   Post Evacuate Collection Set: 0.2ms
[2024-10-12T07:55:44.782+0800][info] GC(564)   Other: 0.2ms
[2024-10-12T07:55:44.782+0800][info] GC(564) Eden regions: 1->0(2)
[2024-10-12T07:55:44.782+0800][info] GC(564) Survivor regions: 1->1(1)
[2024-10-12T07:55:44.782+0800][info] GC(564) Old regions: 55->56
[2024-10-12T07:55:44.782+0800][info] GC(564) Archive regions: 2->2
[2024-10-12T07:55:44.782+0800][info] GC(564) Humongous regions: 3->3
[2024-10-12T07:55:44.782+0800][info] GC(564) Metaspace: 1685K(1856K)->1685K(1856K) NonClass: 1561K(1664K)->1561K(1664K) Class: 124K(192K)->124K(192K)
[2024-10-12T07:55:44.782+0800][info] GC(564) Pause Young (Prepare Mixed) (G1 Preventive Collection) 120M->120M(128M) 3.378ms
[2024-10-12T07:55:44.782+0800][info] GC(564) User=0.01s Sys=0.01s Real=0.00s
[2024-10-12T07:55:44.824+0800][info] GC(565) Pause Young (Mixed) (G1 Preventive Collection)
[2024-10-12T07:55:44.824+0800][info] GC(565) Using 3 workers of 48 for evacuation
[2024-10-12T07:55:44.826+0800][info] GC(565) To-space exhausted
[2024-10-12T07:55:44.826+0800][info] GC(565)   Pre Evacuate Collection Set: 0.2ms
[2024-10-12T07:55:44.826+0800][info] GC(565)   Merge Heap Roots: 0.1ms
[2024-10-12T07:55:44.826+0800][info] GC(565)   Evacuate Collection Set: 1.5ms
[2024-10-12T07:55:44.826+0800][info] GC(565)   Post Evacuate Collection Set: 0.3ms
[2024-10-12T07:55:44.826+0800][info] GC(565)   Other: 0.3ms
[2024-10-12T07:55:44.826+0800][info] GC(565) Eden regions: 1->0(2)
[2024-10-12T07:55:44.826+0800][info] GC(565) Survivor regions: 1->1(1)
[2024-10-12T07:55:44.826+0800][info] GC(565) Old regions: 56->56
[2024-10-12T07:55:44.826+0800][info] GC(565) Archive regions: 2->2
[2024-10-12T07:55:44.826+0800][info] GC(565) Humongous regions: 3->3
[2024-10-12T07:55:44.826+0800][info] GC(565) Metaspace: 1685K(1856K)->1685K(1856K) NonClass: 1561K(1664K)->1561K(1664K) Class: 124K(192K)->124K(192K)
[2024-10-12T07:55:44.826+0800][info] GC(565) Pause Young (Mixed) (G1 Preventive Collection) 122M->120M(128M) 2.503ms
[2024-10-12T07:55:44.826+0800][info] GC(565) User=0.00s Sys=0.00s Real=0.01s
[2024-10-12T07:55:44.867+0800][info] GC(566) Pause Young (Mixed) (G1 Preventive Collection)
[2024-10-12T07:55:44.867+0800][info] GC(566) Using 3 workers of 48 for evacuation
[2024-10-12T07:55:44.869+0800][info] GC(566) To-space exhausted
[2024-10-12T07:55:44.869+0800][info] GC(566)   Pre Evacuate Collection Set: 0.1ms
[2024-10-12T07:55:44.869+0800][info] GC(566)   Merge Heap Roots: 0.1ms
[2024-10-12T07:55:44.869+0800][info] GC(566)   Evacuate Collection Set: 0.9ms
[2024-10-12T07:55:44.869+0800][info] GC(566)   Post Evacuate Collection Set: 0.3ms
[2024-10-12T07:55:44.869+0800][info] GC(566)   Other: 0.2ms
[2024-10-12T07:55:44.869+0800][info] GC(566) Eden regions: 1->0(2)
[2024-10-12T07:55:44.869+0800][info] GC(566) Survivor regions: 1->1(1)
[2024-10-12T07:55:44.869+0800][info] GC(566) Old regions: 56->57
[2024-10-12T07:55:44.869+0800][info] GC(566) Archive regions: 2->2
[2024-10-12T07:55:44.869+0800][info] GC(566) Humongous regions: 3->3
[2024-10-12T07:55:44.869+0800][info] GC(566) Metaspace: 1685K(1856K)->1685K(1856K) NonClass: 1561K(1664K)->1561K(1664K) Class: 124K(192K)->124K(192K)
[2024-10-12T07:55:44.869+0800][info] GC(566) Pause Young (Mixed) (G1 Preventive Collection) 122M->122M(128M) 1.646ms
[2024-10-12T07:55:44.869+0800][info] GC(566) User=0.00s Sys=0.00s Real=0.00s
[2024-10-12T07:55:44.869+0800][info] GC(567) Pause Young (Mixed) (G1 Evacuation Pause)
[2024-10-12T07:55:44.869+0800][info] GC(567) Using 3 workers of 48 for evacuation
[2024-10-12T07:55:44.870+0800][info] GC(567) To-space exhausted
[2024-10-12T07:55:44.870+0800][info] GC(567)   Pre Evacuate Collection Set: 0.1ms
[2024-10-12T07:55:44.870+0800][info] GC(567)   Merge Heap Roots: 0.1ms
[2024-10-12T07:55:44.870+0800][info] GC(567)   Evacuate Collection Set: 0.4ms
[2024-10-12T07:55:44.870+0800][info] GC(567)   Post Evacuate Collection Set: 0.3ms
[2024-10-12T07:55:44.870+0800][info] GC(567)   Other: 0.1ms
[2024-10-12T07:55:44.870+0800][info] GC(567) Eden regions: 0->0(3)
[2024-10-12T07:55:44.870+0800][info] GC(567) Survivor regions: 1->0(0)
[2024-10-12T07:55:44.870+0800][info] GC(567) Old regions: 57->58
[2024-10-12T07:55:44.870+0800][info] GC(567) Archive regions: 2->2
[2024-10-12T07:55:44.870+0800][info] GC(567) Humongous regions: 4->3
[2024-10-12T07:55:44.870+0800][info] GC(567) Metaspace: 1685K(1856K)->1685K(1856K) NonClass: 1561K(1664K)->1561K(1664K) Class: 124K(192K)->124K(192K)
[2024-10-12T07:55:44.870+0800][info] GC(567) Pause Young (Mixed) (G1 Evacuation Pause) 124M->122M(128M) 1.118ms
[2024-10-12T07:55:44.870+0800][info] GC(567) User=0.00s Sys=0.00s Real=0.00s
[2024-10-12T07:55:44.932+0800][info] GC(568) Pause Young (Mixed) (G1 Evacuation Pause)
[2024-10-12T07:55:44.932+0800][info] GC(568) Using 3 workers of 48 for evacuation
[2024-10-12T07:55:44.933+0800][info] GC(568) To-space exhausted
[2024-10-12T07:55:44.933+0800][info] GC(568)   Pre Evacuate Collection Set: 0.1ms
[2024-10-12T07:55:44.933+0800][info] GC(568)   Merge Heap Roots: 0.1ms
[2024-10-12T07:55:44.933+0800][info] GC(568)   Evacuate Collection Set: 0.3ms
[2024-10-12T07:55:44.933+0800][info] GC(568)   Post Evacuate Collection Set: 0.3ms
[2024-10-12T07:55:44.933+0800][info] GC(568)   Other: 0.2ms
[2024-10-12T07:55:44.933+0800][info] GC(568) Eden regions: 1->0(3)
[2024-10-12T07:55:44.933+0800][info] GC(568) Survivor regions: 0->0(0)
[2024-10-12T07:55:44.933+0800][info] GC(568) Old regions: 58->59
[2024-10-12T07:55:44.933+0800][info] GC(568) Archive regions: 2->2
[2024-10-12T07:55:44.933+0800][info] GC(568) Humongous regions: 3->3
[2024-10-12T07:55:44.933+0800][info] GC(568) Metaspace: 1695K(1856K)->1695K(1856K) NonClass: 1571K(1664K)->1571K(1664K) Class: 124K(192K)->124K(192K)
[2024-10-12T07:55:44.933+0800][info] GC(568) Pause Young (Mixed) (G1 Evacuation Pause) 123M->123M(128M) 1.010ms
[2024-10-12T07:55:44.933+0800][info] GC(568) User=0.00s Sys=0.00s Real=0.01s
[2024-10-12T07:55:44.933+0800][info] Attempting full compaction
[2024-10-12T07:55:44.933+0800][info] GC(569) Using 3 workers of 48 for full compaction
[2024-10-12T07:55:44.933+0800][info] GC(569) Pause Full (G1 Compaction Pause)
[2024-10-12T07:55:44.933+0800][info] GC(569) Phase 1: Mark live objects
[2024-10-12T07:55:44.937+0800][info] GC(569) Phase 1: Mark live objects 3.386ms
[2024-10-12T07:55:44.937+0800][info] GC(569) Phase 2: Prepare for compaction
[2024-10-12T07:55:44.938+0800][info] GC(569) Phase 2: Prepare for compaction 0.726ms
[2024-10-12T07:55:44.938+0800][info] GC(569) Phase 3: Adjust pointers
[2024-10-12T07:55:44.940+0800][info] GC(569) Phase 3: Adjust pointers 2.348ms
[2024-10-12T07:55:44.940+0800][info] GC(569) Phase 4: Compact heap
[2024-10-12T07:55:44.960+0800][info] GC(569) Phase 4: Compact heap 19.769ms
[2024-10-12T07:55:44.961+0800][info] GC(569) Eden regions: 0->0(3)
[2024-10-12T07:55:44.961+0800][info] GC(569) Survivor regions: 0->0(0)
[2024-10-12T07:55:44.961+0800][info] GC(569) Old regions: 59->39
[2024-10-12T07:55:44.961+0800][info] GC(569) Archive regions: 2->2
[2024-10-12T07:55:44.961+0800][info] GC(569) Humongous regions: 3->3
[2024-10-12T07:55:44.962+0800][info] GC(569) Metaspace: 1695K(1856K)->1695K(1856K) NonClass: 1571K(1664K)->1571K(1664K) Class: 124K(192K)->124K(192K)
[2024-10-12T07:55:44.962+0800][info] GC(569) Pause Full (G1 Compaction Pause) 123M->72M(128M) 28.180ms
[2024-10-12T07:55:44.962+0800][info] GC(569) User=0.04s Sys=0.02s Real=0.02s
[2024-10-12T07:55:45.126+0800][info] GC(570) Pause Young (Normal) (G1 Evacuation Pause)
[2024-10-12T07:55:45.126+0800][info] GC(570) Using 3 workers of 48 for evacuation
[2024-10-12T07:55:45.127+0800][info] GC(570)   Pre Evacuate Collection Set: 0.1ms
[2024-10-12T07:55:45.127+0800][info] GC(570)   Merge Heap Roots: 0.0ms
[2024-10-12T07:55:45.127+0800][info] GC(570)   Evacuate Collection Set: 1.2ms
[2024-10-12T07:55:45.127+0800][info] GC(570)   Post Evacuate Collection Set: 0.2ms
[2024-10-12T07:55:45.128+0800][info] GC(570)   Other: 0.3ms
[2024-10-12T07:55:45.128+0800][info] GC(570) Eden regions: 3->0(2)
[2024-10-12T07:55:45.128+0800][info] GC(570) Survivor regions: 0->1(1)
[2024-10-12T07:55:45.128+0800][info] GC(570) Old regions: 39->41
[2024-10-12T07:55:45.128+0800][info] GC(570) Archive regions: 2->2
[2024-10-12T07:55:45.128+0800][info] GC(570) Humongous regions: 3->3
[2024-10-12T07:55:45.128+0800][info] GC(570) Metaspace: 1695K(1856K)->1695K(1856K) NonClass: 1571K(1664K)->1571K(1664K) Class: 124K(192K)->124K(192K)
[2024-10-12T07:55:45.128+0800][info] GC(570) Pause Young (Normal) (G1 Evacuation Pause) 78M->77M(128M) 1.916ms
[2024-10-12T07:55:45.128+0800][info] GC(570) User=0.01s Sys=0.00s Real=0.00s
[2024-10-12T07:55:45.230+0800][info] GC(571) Pause Young (Normal) (G1 Evacuation Pause)
[2024-10-12T07:55:45.230+0800][info] GC(571) Using 3 workers of 48 for evacuation
[2024-10-12T07:55:45.231+0800][info] GC(571)   Pre Evacuate Collection Set: 0.1ms
[2024-10-12T07:55:45.231+0800][info] GC(571)   Merge Heap Roots: 0.1ms
[2024-10-12T07:55:45.231+0800][info] GC(571)   Evacuate Collection Set: 1.0ms
[2024-10-12T07:55:45.231+0800][info] GC(571)   Post Evacuate Collection Set: 0.2ms
[2024-10-12T07:55:45.231+0800][info] GC(571)   Other: 0.2ms
[2024-10-12T07:55:45.231+0800][info] GC(571) Eden regions: 2->0(2)
[2024-10-12T07:55:45.231+0800][info] GC(571) Survivor regions: 1->1(1)
[2024-10-12T07:55:45.231+0800][info] GC(571) Old regions: 41->43
[2024-10-12T07:55:45.231+0800][info] GC(571) Archive regions: 2->2
[2024-10-12T07:55:45.231+0800][info] GC(571) Humongous regions: 3->3
[2024-10-12T07:55:45.231+0800][info] GC(571) Metaspace: 1695K(1856K)->1695K(1856K) NonClass: 1571K(1664K)->1571K(1664K) Class: 124K(192K)->124K(192K)
[2024-10-12T07:55:45.231+0800][info] GC(571) Pause Young (Normal) (G1 Evacuation Pause) 81M->81M(128M) 1.695ms
[2024-10-12T07:55:45.231+0800][info] GC(571) User=0.00s Sys=0.00s Real=0.00s
[2024-10-12T07:55:45.334+0800][info] GC(572) Pause Young (Normal) (G1 Evacuation Pause)
[2024-10-12T07:55:45.334+0800][info] GC(572) Using 3 workers of 48 for evacuation
[2024-10-12T07:55:45.335+0800][info] GC(572)   Pre Evacuate Collection Set: 0.1ms
[2024-10-12T07:55:45.335+0800][info] GC(572)   Merge Heap Roots: 0.1ms
[2024-10-12T07:55:45.335+0800][info] GC(572)   Evacuate Collection Set: 1.1ms
[2024-10-12T07:55:45.335+0800][info] GC(572)   Post Evacuate Collection Set: 0.2ms
[2024-10-12T07:55:45.335+0800][info] GC(572)   Other: 0.2ms
[2024-10-12T07:55:45.335+0800][info] GC(572) Eden regions: 2->0(2)
[2024-10-12T07:55:45.335+0800][info] GC(572) Survivor regions: 1->1(1)
[2024-10-12T07:55:45.335+0800][info] GC(572) Old regions: 43->45
[2024-10-12T07:55:45.335+0800][info] GC(572) Archive regions: 2->2
[2024-10-12T07:55:45.335+0800][info] GC(572) Humongous regions: 3->3
[2024-10-12T07:55:45.335+0800][info] GC(572) Metaspace: 1695K(1856K)->1695K(1856K) NonClass: 1571K(1664K)->1571K(1664K) Class: 124K(192K)->124K(192K)
[2024-10-12T07:55:45.335+0800][info] GC(572) Pause Young (Normal) (G1 Evacuation Pause) 84M->85M(128M) 1.805ms
[2024-10-12T07:55:45.335+0800][info] GC(572) User=0.00s Sys=0.00s Real=0.00s
[2024-10-12T07:55:45.437+0800][info] GC(573) Pause Young (Normal) (G1 Evacuation Pause)
[2024-10-12T07:55:45.438+0800][info] GC(573) Using 3 workers of 48 for evacuation
[2024-10-12T07:55:45.439+0800][info] GC(573)   Pre Evacuate Collection Set: 0.1ms
[2024-10-12T07:55:45.439+0800][info] GC(573)   Merge Heap Roots: 0.0ms
[2024-10-12T07:55:45.439+0800][info] GC(573)   Evacuate Collection Set: 1.1ms
[2024-10-12T07:55:45.439+0800][info] GC(573)   Post Evacuate Collection Set: 0.2ms
[2024-10-12T07:55:45.439+0800][info] GC(573)   Other: 0.2ms
[2024-10-12T07:55:45.439+0800][info] GC(573) Eden regions: 2->0(2)
[2024-10-12T07:55:45.439+0800][info] GC(573) Survivor regions: 1->1(1)
[2024-10-12T07:55:45.439+0800][info] GC(573) Old regions: 45->47
[2024-10-12T07:55:45.439+0800][info] GC(573) Archive regions: 2->2
[2024-10-12T07:55:45.439+0800][info] GC(573) Humongous regions: 3->3
[2024-10-12T07:55:45.439+0800][info] GC(573) Metaspace: 1695K(1856K)->1695K(1856K) NonClass: 1571K(1664K)->1571K(1664K) Class: 124K(192K)->124K(192K)
[2024-10-12T07:55:45.439+0800][info] GC(573) Pause Young (Normal) (G1 Evacuation Pause) 89M->89M(128M) 1.706ms
[2024-10-12T07:55:45.439+0800][info] GC(573) User=0.00s Sys=0.00s Real=0.00s
[2024-10-12T07:55:45.542+0800][info] GC(574) Pause Young (Concurrent Start) (G1 Evacuation Pause)
[2024-10-12T07:55:45.542+0800][info] GC(574) Using 3 workers of 48 for evacuation
[2024-10-12T07:55:45.543+0800][info] GC(574)   Pre Evacuate Collection Set: 0.1ms
[2024-10-12T07:55:45.543+0800][info] GC(574)   Merge Heap Roots: 0.1ms
[2024-10-12T07:55:45.543+0800][info] GC(574)   Evacuate Collection Set: 0.8ms
[2024-10-12T07:55:45.543+0800][info] GC(574)   Post Evacuate Collection Set: 0.2ms
[2024-10-12T07:55:45.543+0800][info] GC(574)   Other: 0.4ms
[2024-10-12T07:55:45.543+0800][info] GC(574) Eden regions: 2->0(2)
[2024-10-12T07:55:45.543+0800][info] GC(574) Survivor regions: 1->1(1)
[2024-10-12T07:55:45.543+0800][info] GC(574) Old regions: 47->48
[2024-10-12T07:55:45.543+0800][info] GC(574) Archive regions: 2->2
[2024-10-12T07:55:45.543+0800][info] GC(574) Humongous regions: 3->3
[2024-10-12T07:55:45.543+0800][info] GC(574) Metaspace: 1695K(1856K)->1695K(1856K) NonClass: 1571K(1664K)->1571K(1664K) Class: 124K(192K)->124K(192K)
[2024-10-12T07:55:45.543+0800][info] GC(574) Pause Young (Concurrent Start) (G1 Evacuation Pause) 93M->92M(128M) 1.640ms
[2024-10-12T07:55:45.543+0800][info] GC(574) User=0.00s Sys=0.00s Real=0.00s
[2024-10-12T07:55:45.543+0800][info] GC(575) Concurrent Mark Cycle
[2024-10-12T07:55:45.543+0800][info] GC(575) Concurrent Clear Claimed Marks
[2024-10-12T07:55:45.543+0800][info] GC(575) Concurrent Clear Claimed Marks 0.017ms
[2024-10-12T07:55:45.543+0800][info] GC(575) Concurrent Scan Root Regions
[2024-10-12T07:55:45.544+0800][info] GC(575) Concurrent Scan Root Regions 0.158ms
[2024-10-12T07:55:45.544+0800][info] GC(575) Concurrent Mark
[2024-10-12T07:55:45.544+0800][info] GC(575) Concurrent Mark From Roots
[2024-10-12T07:55:45.544+0800][info] GC(575) Using 12 workers of 12 for marking
[2024-10-12T07:55:45.548+0800][info] GC(575) Concurrent Mark From Roots 4.289ms
[2024-10-12T07:55:45.548+0800][info] GC(575) Concurrent Preclean
[2024-10-12T07:55:45.550+0800][info] GC(575) Concurrent Preclean 1.706ms
[2024-10-12T07:55:45.550+0800][info] GC(575) Pause Remark
[2024-10-12T07:55:45.552+0800][info] GC(575) Pause Remark 92M->92M(128M) 1.754ms
[2024-10-12T07:55:45.552+0800][info] GC(575) User=0.01s Sys=0.00s Real=0.00s
[2024-10-12T07:55:45.552+0800][info] GC(575) Concurrent Mark 8.092ms
[2024-10-12T07:55:45.552+0800][info] GC(575) Concurrent Rebuild Remembered Sets
[2024-10-12T07:55:45.553+0800][info] GC(575) Concurrent Rebuild Remembered Sets 1.522ms
[2024-10-12T07:55:45.553+0800][info] GC(575) Pause Cleanup
[2024-10-12T07:55:45.554+0800][info] GC(575) Pause Cleanup 92M->92M(128M) 0.230ms
[2024-10-12T07:55:45.554+0800][info] GC(575) User=0.00s Sys=0.00s Real=0.00s
[2024-10-12T07:55:45.554+0800][info] GC(575) Concurrent Cleanup for Next Mark
[2024-10-12T07:55:45.554+0800][info] GC(575) Concurrent Cleanup for Next Mark 0.397ms
[2024-10-12T07:55:45.554+0800][info] GC(575) Concurrent Mark Cycle 10.722ms
[2024-10-12T07:55:45.696+0800][info] GC(576) Pause Young (Prepare Mixed) (G1 Evacuation Pause)
[2024-10-12T07:55:45.696+0800][info] GC(576) Using 3 workers of 48 for evacuation
[2024-10-12T07:55:45.698+0800][info] GC(576)   Pre Evacuate Collection Set: 0.1ms
[2024-10-12T07:55:45.698+0800][info] GC(576)   Merge Heap Roots: 0.1ms
[2024-10-12T07:55:45.698+0800][info] GC(576)   Evacuate Collection Set: 1.1ms
[2024-10-12T07:55:45.698+0800][info] GC(576)   Post Evacuate Collection Set: 0.2ms
[2024-10-12T07:55:45.698+0800][info] GC(576)   Other: 0.2ms
[2024-10-12T07:55:45.698+0800][info] GC(576) Eden regions: 2->0(2)
[2024-10-12T07:55:45.698+0800][info] GC(576) Survivor regions: 1->1(1)
[2024-10-12T07:55:45.698+0800][info] GC(576) Old regions: 48->50
[2024-10-12T07:55:45.698+0800][info] GC(576) Archive regions: 2->2
[2024-10-12T07:55:45.698+0800][info] GC(576) Humongous regions: 3->3
[2024-10-12T07:55:45.698+0800][info] GC(576) Metaspace: 1695K(1856K)->1695K(1856K) NonClass: 1571K(1664K)->1571K(1664K) Class: 124K(192K)->124K(192K)
[2024-10-12T07:55:45.698+0800][info] GC(576) Pause Young (Prepare Mixed) (G1 Evacuation Pause) 95M->95M(128M) 1.847ms
[2024-10-12T07:55:45.698+0800][info] GC(576) User=0.00s Sys=0.00s Real=0.00s
[2024-10-12T07:55:45.800+0800][info] GC(577) Pause Young (Mixed) (G1 Evacuation Pause)
[2024-10-12T07:55:45.800+0800][info] GC(577) Using 3 workers of 48 for evacuation
[2024-10-12T07:55:45.803+0800][info] GC(577)   Pre Evacuate Collection Set: 0.1ms
[2024-10-12T07:55:45.803+0800][info] GC(577)   Merge Heap Roots: 0.1ms
[2024-10-12T07:55:45.803+0800][info] GC(577)   Evacuate Collection Set: 1.7ms
[2024-10-12T07:55:45.803+0800][info] GC(577)   Post Evacuate Collection Set: 0.2ms
[2024-10-12T07:55:45.803+0800][info] GC(577)   Other: 0.3ms
[2024-10-12T07:55:45.803+0800][info] GC(577) Eden regions: 2->0(2)
[2024-10-12T07:55:45.803+0800][info] GC(577) Survivor regions: 1->1(1)
[2024-10-12T07:55:45.803+0800][info] GC(577) Old regions: 50->47
[2024-10-12T07:55:45.803+0800][info] GC(577) Archive regions: 2->2
[2024-10-12T07:55:45.803+0800][info] GC(577) Humongous regions: 3->3
[2024-10-12T07:55:45.803+0800][info] GC(577) Metaspace: 1695K(1856K)->1695K(1856K) NonClass: 1571K(1664K)->1571K(1664K) Class: 124K(192K)->124K(192K)
[2024-10-12T07:55:45.803+0800][info] GC(577) Pause Young (Mixed) (G1 Evacuation Pause) 99M->94M(128M) 2.531ms
[2024-10-12T07:55:45.803+0800][info] GC(577) User=0.01s Sys=0.00s Real=0.00s
[2024-10-12T07:55:45.905+0800][info] GC(578) Pause Young (Mixed) (G1 Evacuation Pause)
[2024-10-12T07:55:45.905+0800][info] GC(578) Using 3 workers of 48 for evacuation
[2024-10-12T07:55:45.907+0800][info] GC(578)   Pre Evacuate Collection Set: 0.1ms
[2024-10-12T07:55:45.907+0800][info] GC(578)   Merge Heap Roots: 0.1ms
[2024-10-12T07:55:45.907+0800][info] GC(578)   Evacuate Collection Set: 1.6ms
[2024-10-12T07:55:45.907+0800][info] GC(578)   Post Evacuate Collection Set: 0.2ms
[2024-10-12T07:55:45.907+0800][info] GC(578)   Other: 0.2ms
[2024-10-12T07:55:45.907+0800][info] GC(578) Eden regions: 2->0(2)
[2024-10-12T07:55:45.907+0800][info] GC(578) Survivor regions: 1->1(1)
[2024-10-12T07:55:45.907+0800][info] GC(578) Old regions: 47->48
[2024-10-12T07:55:45.907+0800][info] GC(578) Archive regions: 2->2
[2024-10-12T07:55:45.907+0800][info] GC(578) Humongous regions: 3->3
[2024-10-12T07:55:45.907+0800][info] GC(578) Metaspace: 1695K(1856K)->1695K(1856K) NonClass: 1571K(1664K)->1571K(1664K) Class: 124K(192K)->124K(192K)
[2024-10-12T07:55:45.907+0800][info] GC(578) Pause Young (Mixed) (G1 Evacuation Pause) 98M->97M(128M) 2.342ms
[2024-10-12T07:55:45.907+0800][info] GC(578) User=0.00s Sys=0.00s Real=0.01s
[2024-10-12T07:55:46.009+0800][info] GC(579) Pause Young (Normal) (G1 Evacuation Pause)
[2024-10-12T07:55:46.009+0800][info] GC(579) Using 3 workers of 48 for evacuation
[2024-10-12T07:55:46.011+0800][info] GC(579)   Pre Evacuate Collection Set: 0.1ms
[2024-10-12T07:55:46.011+0800][info] GC(579)   Merge Heap Roots: 0.0ms
[2024-10-12T07:55:46.011+0800][info] GC(579)   Evacuate Collection Set: 1.1ms
[2024-10-12T07:55:46.011+0800][info] GC(579)   Post Evacuate Collection Set: 0.2ms
[2024-10-12T07:55:46.011+0800][info] GC(579)   Other: 0.2ms
[2024-10-12T07:55:46.011+0800][info] GC(579) Eden regions: 2->0(2)
[2024-10-12T07:55:46.011+0800][info] GC(579) Survivor regions: 1->1(1)
[2024-10-12T07:55:46.011+0800][info] GC(579) Old regions: 48->50
[2024-10-12T07:55:46.011+0800][info] GC(579) Archive regions: 2->2
[2024-10-12T07:55:46.011+0800][info] GC(579) Humongous regions: 3->3
[2024-10-12T07:55:46.011+0800][info] GC(579) Metaspace: 1695K(1856K)->1695K(1856K) NonClass: 1571K(1664K)->1571K(1664K) Class: 124K(192K)->124K(192K)
[2024-10-12T07:55:46.011+0800][info] GC(579) Pause Young (Normal) (G1 Evacuation Pause) 101M->101M(128M) 1.733ms
[2024-10-12T07:55:46.011+0800][info] GC(579) User=0.00s Sys=0.00s Real=0.00s
[2024-10-12T07:55:46.113+0800][info] GC(580) Pause Young (Concurrent Start) (G1 Evacuation Pause)
[2024-10-12T07:55:46.113+0800][info] GC(580) Using 3 workers of 48 for evacuation
[2024-10-12T07:55:46.115+0800][info] GC(580)   Pre Evacuate Collection Set: 0.1ms
[2024-10-12T07:55:46.115+0800][info] GC(580)   Merge Heap Roots: 0.1ms
[2024-10-12T07:55:46.115+0800][info] GC(580)   Evacuate Collection Set: 1.0ms
[2024-10-12T07:55:46.115+0800][info] GC(580)   Post Evacuate Collection Set: 0.2ms
[2024-10-12T07:55:46.115+0800][info] GC(580)   Other: 0.4ms
[2024-10-12T07:55:46.115+0800][info] GC(580) Eden regions: 2->0(2)
[2024-10-12T07:55:46.115+0800][info] GC(580) Survivor regions: 1->1(1)
[2024-10-12T07:55:46.115+0800][info] GC(580) Old regions: 50->52
[2024-10-12T07:55:46.115+0800][info] GC(580) Archive regions: 2->2
[2024-10-12T07:55:46.115+0800][info] GC(580) Humongous regions: 3->3
[2024-10-12T07:55:46.115+0800][info] GC(580) Metaspace: 1695K(1856K)->1695K(1856K) NonClass: 1571K(1664K)->1571K(1664K) Class: 124K(192K)->124K(192K)
[2024-10-12T07:55:46.115+0800][info] GC(580) Pause Young (Concurrent Start) (G1 Evacuation Pause) 104M->105M(128M) 1.819ms
[2024-10-12T07:55:46.115+0800][info] GC(580) User=0.00s Sys=0.00s Real=0.00s
[2024-10-12T07:55:46.115+0800][info] GC(581) Concurrent Mark Cycle
[2024-10-12T07:55:46.115+0800][info] GC(581) Concurrent Clear Claimed Marks
[2024-10-12T07:55:46.115+0800][info] GC(581) Concurrent Clear Claimed Marks 0.038ms
[2024-10-12T07:55:46.115+0800][info] GC(581) Concurrent Scan Root Regions
[2024-10-12T07:55:46.115+0800][info] GC(581) Concurrent Scan Root Regions 0.157ms
[2024-10-12T07:55:46.115+0800][info] GC(581) Concurrent Mark
[2024-10-12T07:55:46.115+0800][info] GC(581) Concurrent Mark From Roots
[2024-10-12T07:55:46.115+0800][info] GC(581) Using 12 workers of 12 for marking
[2024-10-12T07:55:46.120+0800][info] GC(581) Concurrent Mark From Roots 4.156ms
[2024-10-12T07:55:46.120+0800][info] GC(581) Concurrent Preclean
[2024-10-12T07:55:46.121+0800][info] GC(581) Concurrent Preclean 1.697ms
[2024-10-12T07:55:46.121+0800][info] GC(581) Pause Remark
[2024-10-12T07:55:46.123+0800][info] GC(581) Pause Remark 105M->105M(128M) 1.492ms
[2024-10-12T07:55:46.123+0800][info] GC(581) User=0.00s Sys=0.00s Real=0.00s
[2024-10-12T07:55:46.123+0800][info] GC(581) Concurrent Mark 7.648ms
[2024-10-12T07:55:46.123+0800][info] GC(581) Concurrent Rebuild Remembered Sets
[2024-10-12T07:55:46.125+0800][info] GC(581) Concurrent Rebuild Remembered Sets 1.582ms
[2024-10-12T07:55:46.125+0800][info] GC(581) Pause Cleanup
[2024-10-12T07:55:46.125+0800][info] GC(581) Pause Cleanup 105M->105M(128M) 0.283ms
[2024-10-12T07:55:46.125+0800][info] GC(581) User=0.00s Sys=0.00s Real=0.00s
[2024-10-12T07:55:46.125+0800][info] GC(581) Concurrent Cleanup for Next Mark
[2024-10-12T07:55:46.126+0800][info] GC(581) Concurrent Cleanup for Next Mark 0.456ms
[2024-10-12T07:55:46.126+0800][info] GC(581) Concurrent Mark Cycle 10.466ms
[2024-10-12T07:55:46.268+0800][info] GC(582) Pause Young (Prepare Mixed) (G1 Preventive Collection)
[2024-10-12T07:55:46.268+0800][info] GC(582) Using 3 workers of 48 for evacuation
[2024-10-12T07:55:46.270+0800][info] GC(582)   Pre Evacuate Collection Set: 0.1ms
[2024-10-12T07:55:46.270+0800][info] GC(582)   Merge Heap Roots: 0.1ms
[2024-10-12T07:55:46.270+0800][info] GC(582)   Evacuate Collection Set: 1.1ms
[2024-10-12T07:55:46.270+0800][info] GC(582)   Post Evacuate Collection Set: 0.2ms
[2024-10-12T07:55:46.270+0800][info] GC(582)   Other: 0.2ms
[2024-10-12T07:55:46.270+0800][info] GC(582) Eden regions: 2->0(2)
[2024-10-12T07:55:46.270+0800][info] GC(582) Survivor regions: 1->1(1)
[2024-10-12T07:55:46.270+0800][info] GC(582) Old regions: 52->54
[2024-10-12T07:55:46.270+0800][info] GC(582) Archive regions: 2->2
[2024-10-12T07:55:46.270+0800][info] GC(582) Humongous regions: 3->3
[2024-10-12T07:55:46.270+0800][info] GC(582) Metaspace: 1695K(1856K)->1695K(1856K) NonClass: 1571K(1664K)->1571K(1664K) Class: 124K(192K)->124K(192K)
[2024-10-12T07:55:46.270+0800][info] GC(582) Pause Young (Prepare Mixed) (G1 Preventive Collection) 108M->108M(128M) 1.852ms
[2024-10-12T07:55:46.270+0800][info] GC(582) User=0.01s Sys=0.00s Real=0.00s
[2024-10-12T07:55:46.331+0800][info] GC(583) Pause Young (Mixed) (G1 Preventive Collection)
[2024-10-12T07:55:46.331+0800][info] GC(583) Using 3 workers of 48 for evacuation
[2024-10-12T07:55:46.333+0800][info] GC(583) To-space exhausted
[2024-10-12T07:55:46.333+0800][info] GC(583)   Pre Evacuate Collection Set: 0.1ms
[2024-10-12T07:55:46.333+0800][info] GC(583)   Merge Heap Roots: 0.1ms
[2024-10-12T07:55:46.333+0800][info] GC(583)   Evacuate Collection Set: 1.3ms
[2024-10-12T07:55:46.333+0800][info] GC(583)   Post Evacuate Collection Set: 0.3ms
[2024-10-12T07:55:46.333+0800][info] GC(583)   Other: 0.2ms
[2024-10-12T07:55:46.333+0800][info] GC(583) Eden regions: 1->0(2)
[2024-10-12T07:55:46.333+0800][info] GC(583) Survivor regions: 1->1(1)
[2024-10-12T07:55:46.333+0800][info] GC(583) Old regions: 54->52
[2024-10-12T07:55:46.333+0800][info] GC(583) Archive regions: 2->2
[2024-10-12T07:55:46.333+0800][info] GC(583) Humongous regions: 3->3
[2024-10-12T07:55:46.333+0800][info] GC(583) Metaspace: 1695K(1856K)->1695K(1856K) NonClass: 1571K(1664K)->1571K(1664K) Class: 124K(192K)->124K(192K)
[2024-10-12T07:55:46.333+0800][info] GC(583) Pause Young (Mixed) (G1 Preventive Collection) 110M->106M(128M) 2.114ms
[2024-10-12T07:55:46.333+0800][info] GC(583) User=0.00s Sys=0.00s Real=0.01s
[2024-10-12T07:55:46.436+0800][info] GC(584) Pause Young (Mixed) (G1 Preventive Collection)
[2024-10-12T07:55:46.436+0800][info] GC(584) Using 3 workers of 48 for evacuation
[2024-10-12T07:55:46.438+0800][info] GC(584) To-space exhausted
[2024-10-12T07:55:46.438+0800][info] GC(584)   Pre Evacuate Collection Set: 0.1ms
[2024-10-12T07:55:46.438+0800][info] GC(584)   Merge Heap Roots: 0.1ms
[2024-10-12T07:55:46.438+0800][info] GC(584)   Evacuate Collection Set: 1.8ms
[2024-10-12T07:55:46.438+0800][info] GC(584)   Post Evacuate Collection Set: 0.4ms
[2024-10-12T07:55:46.438+0800][info] GC(584)   Other: 0.2ms
[2024-10-12T07:55:46.438+0800][info] GC(584) Eden regions: 2->0(2)
[2024-10-12T07:55:46.438+0800][info] GC(584) Survivor regions: 1->1(1)
[2024-10-12T07:55:46.438+0800][info] GC(584) Old regions: 52->56
[2024-10-12T07:55:46.439+0800][info] GC(584) Archive regions: 2->2
[2024-10-12T07:55:46.439+0800][info] GC(584) Humongous regions: 3->3
[2024-10-12T07:55:46.439+0800][info] GC(584) Metaspace: 1695K(1856K)->1695K(1856K) NonClass: 1571K(1664K)->1571K(1664K) Class: 124K(192K)->124K(192K)
[2024-10-12T07:55:46.439+0800][info] GC(584) Pause Young (Mixed) (G1 Preventive Collection) 110M->115M(128M) 2.619ms
[2024-10-12T07:55:46.439+0800][info] GC(584) User=0.01s Sys=0.00s Real=0.00s
[2024-10-12T07:55:46.500+0800][info] GC(585) Pause Young (Mixed) (G1 Preventive Collection)
[2024-10-12T07:55:46.501+0800][info] GC(585) Using 3 workers of 48 for evacuation
[2024-10-12T07:55:46.502+0800][info] GC(585) To-space exhausted
[2024-10-12T07:55:46.502+0800][info] GC(585)   Pre Evacuate Collection Set: 0.1ms
[2024-10-12T07:55:46.502+0800][info] GC(585)   Merge Heap Roots: 0.1ms
[2024-10-12T07:55:46.502+0800][info] GC(585)   Evacuate Collection Set: 0.6ms
[2024-10-12T07:55:46.502+0800][info] GC(585)   Post Evacuate Collection Set: 0.3ms
[2024-10-12T07:55:46.502+0800][info] GC(585)   Other: 0.2ms
[2024-10-12T07:55:46.502+0800][info] GC(585) Eden regions: 1->0(2)
[2024-10-12T07:55:46.502+0800][info] GC(585) Survivor regions: 1->1(1)
[2024-10-12T07:55:46.502+0800][info] GC(585) Old regions: 56->57
[2024-10-12T07:55:46.502+0800][info] GC(585) Archive regions: 2->2
[2024-10-12T07:55:46.502+0800][info] GC(585) Humongous regions: 3->3
[2024-10-12T07:55:46.502+0800][info] GC(585) Metaspace: 1695K(1856K)->1695K(1856K) NonClass: 1571K(1664K)->1571K(1664K) Class: 124K(192K)->124K(192K)
[2024-10-12T07:55:46.502+0800][info] GC(585) Pause Young (Mixed) (G1 Preventive Collection) 117M->117M(128M) 1.412ms
[2024-10-12T07:55:46.502+0800][info] GC(585) User=0.00s Sys=0.00s Real=0.00s
[2024-10-12T07:55:46.543+0800][info] GC(586) Pause Young (Concurrent Start) (G1 Evacuation Pause)
[2024-10-12T07:55:46.543+0800][info] GC(586) Using 3 workers of 48 for evacuation
[2024-10-12T07:55:46.544+0800][info] GC(586) To-space exhausted
[2024-10-12T07:55:46.544+0800][info] GC(586)   Pre Evacuate Collection Set: 0.1ms
[2024-10-12T07:55:46.544+0800][info] GC(586)   Merge Heap Roots: 0.1ms
[2024-10-12T07:55:46.544+0800][info] GC(586)   Evacuate Collection Set: 0.3ms
[2024-10-12T07:55:46.544+0800][info] GC(586)   Post Evacuate Collection Set: 0.2ms
[2024-10-12T07:55:46.544+0800][info] GC(586)   Other: 0.4ms
[2024-10-12T07:55:46.544+0800][info] GC(586) Eden regions: 1->0(3)
[2024-10-12T07:55:46.544+0800][info] GC(586) Survivor regions: 1->0(0)
[2024-10-12T07:55:46.544+0800][info] GC(586) Old regions: 57->59
[2024-10-12T07:55:46.544+0800][info] GC(586) Archive regions: 2->2
[2024-10-12T07:55:46.544+0800][info] GC(586) Humongous regions: 3->3
[2024-10-12T07:55:46.544+0800][info] GC(586) Metaspace: 1695K(1856K)->1695K(1856K) NonClass: 1571K(1664K)->1571K(1664K) Class: 124K(192K)->124K(192K)
[2024-10-12T07:55:46.544+0800][info] GC(586) Pause Young (Concurrent Start) (G1 Evacuation Pause) 118M->118M(128M) 1.076ms
[2024-10-12T07:55:46.544+0800][info] GC(586) User=0.01s Sys=0.00s Real=0.00s
[2024-10-12T07:55:46.544+0800][info] Attempting full compaction
[2024-10-12T07:55:46.544+0800][info] GC(587) Using 3 workers of 48 for full compaction
[2024-10-12T07:55:46.544+0800][info] GC(588) Concurrent Mark Cycle
[2024-10-12T07:55:46.544+0800][info] GC(587) Pause Full (G1 Compaction Pause)
[2024-10-12T07:55:46.544+0800][info] GC(588) Concurrent Clear Claimed Marks
[2024-10-12T07:55:46.544+0800][info] GC(588) Concurrent Clear Claimed Marks 0.048ms
[2024-10-12T07:55:46.544+0800][info] GC(588) Concurrent Scan Root Regions
[2024-10-12T07:55:46.544+0800][info] GC(588) Concurrent Scan Root Regions 0.010ms
[2024-10-12T07:55:46.544+0800][info] GC(588) Concurrent Mark
[2024-10-12T07:55:46.544+0800][info] GC(588) Concurrent Mark From Roots
[2024-10-12T07:55:46.544+0800][info] GC(588) Using 12 workers of 12 for marking
[2024-10-12T07:55:46.545+0800][info] GC(587) Phase 1: Mark live objects
[2024-10-12T07:55:46.548+0800][info] GC(587) Phase 1: Mark live objects 3.382ms
[2024-10-12T07:55:46.548+0800][info] GC(587) Phase 2: Prepare for compaction
[2024-10-12T07:55:46.549+0800][info] GC(587) Phase 2: Prepare for compaction 0.618ms
[2024-10-12T07:55:46.549+0800][info] GC(587) Phase 3: Adjust pointers
[2024-10-12T07:55:46.550+0800][info] GC(587) Phase 3: Adjust pointers 1.717ms
[2024-10-12T07:55:46.550+0800][info] GC(587) Phase 4: Compact heap
[2024-10-12T07:55:46.562+0800][info] GC(587) Phase 4: Compact heap 11.496ms
[2024-10-12T07:55:46.563+0800][info] GC(587) Eden regions: 0->0(4)
[2024-10-12T07:55:46.563+0800][info] GC(587) Survivor regions: 0->0(0)
[2024-10-12T07:55:46.563+0800][info] GC(587) Old regions: 59->39
[2024-10-12T07:55:46.563+0800][info] GC(587) Archive regions: 2->2
[2024-10-12T07:55:46.563+0800][info] GC(587) Humongous regions: 3->3
[2024-10-12T07:55:46.563+0800][info] GC(587) Metaspace: 1695K(1856K)->1695K(1856K) NonClass: 1571K(1664K)->1571K(1664K) Class: 124K(192K)->124K(192K)
[2024-10-12T07:55:46.563+0800][info] GC(587) Pause Full (G1 Compaction Pause) 118M->72M(128M) 19.383ms
[2024-10-12T07:55:46.564+0800][info] GC(587) User=0.04s Sys=0.00s Real=0.02s
[2024-10-12T07:55:46.564+0800][info] GC(588) Concurrent Mark From Roots 19.575ms
[2024-10-12T07:55:46.564+0800][info] GC(588) Concurrent Mark Abort
[2024-10-12T07:55:46.564+0800][info] GC(588) Concurrent Mark Cycle 19.792ms
[2024-10-12T07:55:46.789+0800][info] GC(589) Pause Young (Normal) (G1 Evacuation Pause)
[2024-10-12T07:55:46.789+0800][info] GC(589) Using 3 workers of 48 for evacuation
[2024-10-12T07:55:46.792+0800][info] GC(589)   Pre Evacuate Collection Set: 0.1ms
[2024-10-12T07:55:46.792+0800][info] GC(589)   Merge Heap Roots: 0.1ms
[2024-10-12T07:55:46.792+0800][info] GC(589)   Evacuate Collection Set: 1.5ms
[2024-10-12T07:55:46.792+0800][info] GC(589)   Post Evacuate Collection Set: 0.2ms
[2024-10-12T07:55:46.792+0800][info] GC(589)   Other: 0.3ms
[2024-10-12T07:55:46.792+0800][info] GC(589) Eden regions: 4->0(2)
[2024-10-12T07:55:46.792+0800][info] GC(589) Survivor regions: 0->1(1)
[2024-10-12T07:55:46.792+0800][info] GC(589) Old regions: 39->43
[2024-10-12T07:55:46.792+0800][info] GC(589) Archive regions: 2->2
[2024-10-12T07:55:46.792+0800][info] GC(589) Humongous regions: 3->3
[2024-10-12T07:55:46.792+0800][info] GC(589) Metaspace: 1695K(1856K)->1695K(1856K) NonClass: 1571K(1664K)->1571K(1664K) Class: 124K(192K)->124K(192K)
[2024-10-12T07:55:46.792+0800][info] GC(589) Pause Young (Normal) (G1 Evacuation Pause) 79M->80M(128M) 2.274ms
[2024-10-12T07:55:46.792+0800][info] GC(589) User=0.00s Sys=0.00s Real=0.00s
[2024-10-12T07:55:46.894+0800][info] GC(590) Pause Young (Normal) (G1 Evacuation Pause)
[2024-10-12T07:55:46.894+0800][info] GC(590) Using 3 workers of 48 for evacuation
[2024-10-12T07:55:46.895+0800][info] GC(590)   Pre Evacuate Collection Set: 0.1ms
[2024-10-12T07:55:46.895+0800][info] GC(590)   Merge Heap Roots: 0.0ms
[2024-10-12T07:55:46.895+0800][info] GC(590)   Evacuate Collection Set: 1.1ms
[2024-10-12T07:55:46.895+0800][info] GC(590)   Post Evacuate Collection Set: 0.2ms
[2024-10-12T07:55:46.895+0800][info] GC(590)   Other: 0.2ms
[2024-10-12T07:55:46.895+0800][info] GC(590) Eden regions: 2->0(2)
[2024-10-12T07:55:46.895+0800][info] GC(590) Survivor regions: 1->1(1)
[2024-10-12T07:55:46.895+0800][info] GC(590) Old regions: 43->45
[2024-10-12T07:55:46.895+0800][info] GC(590) Archive regions: 2->2
[2024-10-12T07:55:46.895+0800][info] GC(590) Humongous regions: 3->3
[2024-10-12T07:55:46.896+0800][info] GC(590) Metaspace: 1695K(1856K)->1695K(1856K) NonClass: 1571K(1664K)->1571K(1664K) Class: 124K(192K)->124K(192K)
[2024-10-12T07:55:46.896+0800][info] GC(590) Pause Young (Normal) (G1 Evacuation Pause) 84M->84M(128M) 1.834ms
[2024-10-12T07:55:46.896+0800][info] GC(590) User=0.01s Sys=0.00s Real=0.00s
[2024-10-12T07:55:46.998+0800][info] GC(591) Pause Young (Normal) (G1 Evacuation Pause)
[2024-10-12T07:55:46.998+0800][info] GC(591) Using 3 workers of 48 for evacuation
[2024-10-12T07:55:46.999+0800][info] GC(591)   Pre Evacuate Collection Set: 0.1ms
[2024-10-12T07:55:46.999+0800][info] GC(591)   Merge Heap Roots: 0.1ms
[2024-10-12T07:55:46.999+0800][info] GC(591)   Evacuate Collection Set: 1.1ms
[2024-10-12T07:55:46.999+0800][info] GC(591)   Post Evacuate Collection Set: 0.2ms
[2024-10-12T07:55:46.999+0800][info] GC(591)   Other: 0.2ms
[2024-10-12T07:55:47.000+0800][info] GC(591) Eden regions: 2->0(2)
[2024-10-12T07:55:47.000+0800][info] GC(591) Survivor regions: 1->1(1)
[2024-10-12T07:55:47.000+0800][info] GC(591) Old regions: 45->47
[2024-10-12T07:55:47.000+0800][info] GC(591) Archive regions: 2->2
[2024-10-12T07:55:47.000+0800][info] GC(591) Humongous regions: 3->3
[2024-10-12T07:55:47.000+0800][info] GC(591) Metaspace: 1695K(1856K)->1695K(1856K) NonClass: 1571K(1664K)->1571K(1664K) Class: 124K(192K)->124K(192K)
[2024-10-12T07:55:47.000+0800][info] GC(591) Pause Young (Normal) (G1 Evacuation Pause) 88M->88M(128M) 1.800ms
[2024-10-12T07:55:47.000+0800][info] GC(591) User=0.00s Sys=0.00s Real=0.00s
[2024-10-12T07:55:47.102+0800][info] GC(592) Pause Young (Concurrent Start) (G1 Evacuation Pause)
[2024-10-12T07:55:47.102+0800][info] GC(592) Using 3 workers of 48 for evacuation
[2024-10-12T07:55:47.104+0800][info] GC(592)   Pre Evacuate Collection Set: 0.1ms
[2024-10-12T07:55:47.104+0800][info] GC(592)   Merge Heap Roots: 0.1ms
[2024-10-12T07:55:47.104+0800][info] GC(592)   Evacuate Collection Set: 1.1ms
[2024-10-12T07:55:47.104+0800][info] GC(592)   Post Evacuate Collection Set: 0.2ms
[2024-10-12T07:55:47.104+0800][info] GC(592)   Other: 0.4ms
[2024-10-12T07:55:47.104+0800][info] GC(592) Eden regions: 2->0(2)
[2024-10-12T07:55:47.104+0800][info] GC(592) Survivor regions: 1->1(1)
[2024-10-12T07:55:47.104+0800][info] GC(592) Old regions: 47->49
[2024-10-12T07:55:47.104+0800][info] GC(592) Archive regions: 2->2
[2024-10-12T07:55:47.104+0800][info] GC(592) Humongous regions: 3->3
[2024-10-12T07:55:47.104+0800][info] GC(592) Metaspace: 1695K(1856K)->1695K(1856K) NonClass: 1571K(1664K)->1571K(1664K) Class: 124K(192K)->124K(192K)
[2024-10-12T07:55:47.104+0800][info] GC(592) Pause Young (Concurrent Start) (G1 Evacuation Pause) 92M->93M(128M) 1.947ms
[2024-10-12T07:55:47.104+0800][info] GC(592) User=0.01s Sys=0.00s Real=0.00s
[2024-10-12T07:55:47.104+0800][info] GC(593) Concurrent Mark Cycle
[2024-10-12T07:55:47.104+0800][info] GC(593) Concurrent Clear Claimed Marks
[2024-10-12T07:55:47.104+0800][info] GC(593) Concurrent Clear Claimed Marks 0.017ms
[2024-10-12T07:55:47.104+0800][info] GC(593) Concurrent Scan Root Regions
[2024-10-12T07:55:47.104+0800][info] GC(593) Concurrent Scan Root Regions 0.166ms
[2024-10-12T07:55:47.104+0800][info] GC(593) Concurrent Mark
[2024-10-12T07:55:47.104+0800][info] GC(593) Concurrent Mark From Roots
[2024-10-12T07:55:47.104+0800][info] GC(593) Using 12 workers of 12 for marking
[2024-10-12T07:55:47.108+0800][info] GC(593) Concurrent Mark From Roots 4.197ms
[2024-10-12T07:55:47.108+0800][info] GC(593) Concurrent Preclean
[2024-10-12T07:55:47.110+0800][info] GC(593) Concurrent Preclean 1.702ms
[2024-10-12T07:55:47.110+0800][info] GC(593) Pause Remark
[2024-10-12T07:55:47.112+0800][info] GC(593) Pause Remark 95M->95M(128M) 1.664ms
[2024-10-12T07:55:47.112+0800][info] GC(593) User=0.00s Sys=0.00s Real=0.00s
[2024-10-12T07:55:47.112+0800][info] GC(593) Concurrent Mark 7.886ms
[2024-10-12T07:55:47.112+0800][info] GC(593) Concurrent Rebuild Remembered Sets
[2024-10-12T07:55:47.113+0800][info] GC(593) Concurrent Rebuild Remembered Sets 1.186ms
[2024-10-12T07:55:47.113+0800][info] GC(593) Pause Cleanup
[2024-10-12T07:55:47.114+0800][info] GC(593) Pause Cleanup 95M->95M(128M) 0.300ms
[2024-10-12T07:55:47.114+0800][info] GC(593) User=0.00s Sys=0.00s Real=0.00s
[2024-10-12T07:55:47.114+0800][info] GC(593) Concurrent Cleanup for Next Mark
[2024-10-12T07:55:47.114+0800][info] GC(593) Concurrent Cleanup for Next Mark 0.415ms
[2024-10-12T07:55:47.114+0800][info] GC(593) Concurrent Mark Cycle 10.299ms
[2024-10-12T07:55:47.257+0800][info] GC(594) Pause Young (Prepare Mixed) (G1 Evacuation Pause)
[2024-10-12T07:55:47.257+0800][info] GC(594) Using 3 workers of 48 for evacuation
[2024-10-12T07:55:47.259+0800][info] GC(594)   Pre Evacuate Collection Set: 0.1ms
[2024-10-12T07:55:47.259+0800][info] GC(594)   Merge Heap Roots: 0.1ms
[2024-10-12T07:55:47.259+0800][info] GC(594)   Evacuate Collection Set: 1.1ms
[2024-10-12T07:55:47.259+0800][info] GC(594)   Post Evacuate Collection Set: 0.2ms
[2024-10-12T07:55:47.259+0800][info] GC(594)   Other: 0.2ms
[2024-10-12T07:55:47.259+0800][info] GC(594) Eden regions: 2->0(2)
[2024-10-12T07:55:47.259+0800][info] GC(594) Survivor regions: 1->1(1)
[2024-10-12T07:55:47.259+0800][info] GC(594) Old regions: 49->51
[2024-10-12T07:55:47.259+0800][info] GC(594) Archive regions: 2->2
[2024-10-12T07:55:47.259+0800][info] GC(594) Humongous regions: 4->3
[2024-10-12T07:55:47.259+0800][info] GC(594) Metaspace: 1695K(1856K)->1695K(1856K) NonClass: 1571K(1664K)->1571K(1664K) Class: 124K(192K)->124K(192K)
[2024-10-12T07:55:47.259+0800][info] GC(594) Pause Young (Prepare Mixed) (G1 Evacuation Pause) 98M->96M(128M) 1.782ms
[2024-10-12T07:55:47.259+0800][info] GC(594) User=0.00s Sys=0.00s Real=0.00s
[2024-10-12T07:55:47.361+0800][info] GC(595) Pause Young (Mixed) (G1 Preventive Collection)
[2024-10-12T07:55:47.361+0800][info] GC(595) Using 3 workers of 48 for evacuation
[2024-10-12T07:55:47.366+0800][info] GC(595)   Pre Evacuate Collection Set: 0.1ms
[2024-10-12T07:55:47.366+0800][info] GC(595)   Merge Heap Roots: 0.1ms
[2024-10-12T07:55:47.366+0800][info] GC(595)   Evacuate Collection Set: 4.0ms
[2024-10-12T07:55:47.366+0800][info] GC(595)   Post Evacuate Collection Set: 0.3ms
[2024-10-12T07:55:47.366+0800][info] GC(595)   Other: 0.2ms
[2024-10-12T07:55:47.366+0800][info] GC(595) Eden regions: 2->0(2)
[2024-10-12T07:55:47.366+0800][info] GC(595) Survivor regions: 1->1(1)
[2024-10-12T07:55:47.366+0800][info] GC(595) Old regions: 51->48
[2024-10-12T07:55:47.366+0800][info] GC(595) Archive regions: 2->2
[2024-10-12T07:55:47.366+0800][info] GC(595) Humongous regions: 3->3
[2024-10-12T07:55:47.366+0800][info] GC(595) Metaspace: 1695K(1856K)->1695K(1856K) NonClass: 1571K(1664K)->1571K(1664K) Class: 124K(192K)->124K(192K)
[2024-10-12T07:55:47.366+0800][info] GC(595) Pause Young (Mixed) (G1 Preventive Collection) 100M->96M(128M) 4.761ms
[2024-10-12T07:55:47.366+0800][info] GC(595) User=0.01s Sys=0.00s Real=0.01s
[2024-10-12T07:55:47.468+0800][info] GC(596) Pause Young (Mixed) (G1 Evacuation Pause)
[2024-10-12T07:55:47.468+0800][info] GC(596) Using 3 workers of 48 for evacuation
[2024-10-12T07:55:47.470+0800][info] GC(596)   Pre Evacuate Collection Set: 0.1ms
[2024-10-12T07:55:47.470+0800][info] GC(596)   Merge Heap Roots: 0.1ms
[2024-10-12T07:55:47.471+0800][info] GC(596)   Evacuate Collection Set: 1.7ms
[2024-10-12T07:55:47.471+0800][info] GC(596)   Post Evacuate Collection Set: 0.2ms
[2024-10-12T07:55:47.471+0800][info] GC(596)   Other: 0.2ms
[2024-10-12T07:55:47.471+0800][info] GC(596) Eden regions: 2->0(2)
[2024-10-12T07:55:47.471+0800][info] GC(596) Survivor regions: 1->1(1)
[2024-10-12T07:55:47.471+0800][info] GC(596) Old regions: 48->47
[2024-10-12T07:55:47.471+0800][info] GC(596) Archive regions: 2->2
[2024-10-12T07:55:47.471+0800][info] GC(596) Humongous regions: 3->3
[2024-10-12T07:55:47.471+0800][info] GC(596) Metaspace: 1695K(1856K)->1695K(1856K) NonClass: 1571K(1664K)->1571K(1664K) Class: 124K(192K)->124K(192K)
[2024-10-12T07:55:47.471+0800][info] GC(596) Pause Young (Mixed) (G1 Evacuation Pause) 99M->96M(128M) 2.417ms
[2024-10-12T07:55:47.471+0800][info] GC(596) User=0.00s Sys=0.00s Real=0.00s
[2024-10-12T07:55:47.573+0800][info] GC(597) Pause Young (Normal) (G1 Evacuation Pause)
[2024-10-12T07:55:47.573+0800][info] GC(597) Using 3 workers of 48 for evacuation
[2024-10-12T07:55:47.574+0800][info] GC(597)   Pre Evacuate Collection Set: 0.1ms
[2024-10-12T07:55:47.574+0800][info] GC(597)   Merge Heap Roots: 0.1ms
[2024-10-12T07:55:47.574+0800][info] GC(597)   Evacuate Collection Set: 1.0ms
[2024-10-12T07:55:47.574+0800][info] GC(597)   Post Evacuate Collection Set: 0.2ms
[2024-10-12T07:55:47.574+0800][info] GC(597)   Other: 0.3ms
[2024-10-12T07:55:47.574+0800][info] GC(597) Eden regions: 2->0(2)
[2024-10-12T07:55:47.574+0800][info] GC(597) Survivor regions: 1->1(1)
[2024-10-12T07:55:47.574+0800][info] GC(597) Old regions: 47->49
[2024-10-12T07:55:47.574+0800][info] GC(597) Archive regions: 2->2
[2024-10-12T07:55:47.574+0800][info] GC(597) Humongous regions: 3->3
[2024-10-12T07:55:47.574+0800][info] GC(597) Metaspace: 1695K(1856K)->1695K(1856K) NonClass: 1571K(1664K)->1571K(1664K) Class: 124K(192K)->124K(192K)
[2024-10-12T07:55:47.574+0800][info] GC(597) Pause Young (Normal) (G1 Evacuation Pause) 99M->100M(128M) 1.714ms
[2024-10-12T07:55:47.574+0800][info] GC(597) User=0.01s Sys=0.00s Real=0.01s
[2024-10-12T07:55:47.677+0800][info] GC(598) Pause Young (Normal) (G1 Evacuation Pause)
[2024-10-12T07:55:47.677+0800][info] GC(598) Using 3 workers of 48 for evacuation
[2024-10-12T07:55:47.678+0800][info] GC(598)   Pre Evacuate Collection Set: 0.1ms
[2024-10-12T07:55:47.678+0800][info] GC(598)   Merge Heap Roots: 0.0ms
[2024-10-12T07:55:47.678+0800][info] GC(598)   Evacuate Collection Set: 0.9ms
[2024-10-12T07:55:47.678+0800][info] GC(598)   Post Evacuate Collection Set: 0.2ms
[2024-10-12T07:55:47.678+0800][info] GC(598)   Other: 0.2ms
[2024-10-12T07:55:47.678+0800][info] GC(598) Eden regions: 2->0(2)
[2024-10-12T07:55:47.678+0800][info] GC(598) Survivor regions: 1->1(1)
[2024-10-12T07:55:47.678+0800][info] GC(598) Old regions: 49->51
[2024-10-12T07:55:47.678+0800][info] GC(598) Archive regions: 2->2
[2024-10-12T07:55:47.678+0800][info] GC(598) Humongous regions: 3->3
[2024-10-12T07:55:47.678+0800][info] GC(598) Metaspace: 1695K(1856K)->1695K(1856K) NonClass: 1571K(1664K)->1571K(1664K) Class: 124K(192K)->124K(192K)
[2024-10-12T07:55:47.678+0800][info] GC(598) Pause Young (Normal) (G1 Evacuation Pause) 103M->104M(128M) 1.596ms
[2024-10-12T07:55:47.678+0800][info] GC(598) User=0.00s Sys=0.00s Real=0.00s
[2024-10-12T07:55:47.780+0800][info] GC(599) Pause Young (Concurrent Start) (G1 Evacuation Pause)
[2024-10-12T07:55:47.780+0800][info] GC(599) Using 3 workers of 48 for evacuation
[2024-10-12T07:55:47.782+0800][info] GC(599)   Pre Evacuate Collection Set: 0.1ms
[2024-10-12T07:55:47.782+0800][info] GC(599)   Merge Heap Roots: 0.1ms
[2024-10-12T07:55:47.782+0800][info] GC(599)   Evacuate Collection Set: 1.1ms
[2024-10-12T07:55:47.782+0800][info] GC(599)   Post Evacuate Collection Set: 0.2ms
[2024-10-12T07:55:47.782+0800][info] GC(599)   Other: 0.4ms
[2024-10-12T07:55:47.782+0800][info] GC(599) Eden regions: 2->0(2)
[2024-10-12T07:55:47.782+0800][info] GC(599) Survivor regions: 1->1(1)
[2024-10-12T07:55:47.782+0800][info] GC(599) Old regions: 51->53
[2024-10-12T07:55:47.782+0800][info] GC(599) Archive regions: 2->2
[2024-10-12T07:55:47.782+0800][info] GC(599) Humongous regions: 3->3
[2024-10-12T07:55:47.782+0800][info] GC(599) Metaspace: 1695K(1856K)->1695K(1856K) NonClass: 1571K(1664K)->1571K(1664K) Class: 124K(192K)->124K(192K)
[2024-10-12T07:55:47.782+0800][info] GC(599) Pause Young (Concurrent Start) (G1 Evacuation Pause) 107M->107M(128M) 1.919ms
[2024-10-12T07:55:47.782+0800][info] GC(599) User=0.01s Sys=0.00s Real=0.00s
[2024-10-12T07:55:47.782+0800][info] GC(600) Concurrent Mark Cycle
[2024-10-12T07:55:47.782+0800][info] GC(600) Concurrent Clear Claimed Marks
[2024-10-12T07:55:47.782+0800][info] GC(600) Concurrent Clear Claimed Marks 0.017ms
[2024-10-12T07:55:47.782+0800][info] GC(600) Concurrent Scan Root Regions
[2024-10-12T07:55:47.783+0800][info] GC(600) Concurrent Scan Root Regions 0.161ms
[2024-10-12T07:55:47.783+0800][info] GC(600) Concurrent Mark
[2024-10-12T07:55:47.783+0800][info] GC(600) Concurrent Mark From Roots
[2024-10-12T07:55:47.783+0800][info] GC(600) Using 12 workers of 12 for marking
[2024-10-12T07:55:47.786+0800][info] GC(600) Concurrent Mark From Roots 3.810ms
[2024-10-12T07:55:47.786+0800][info] GC(600) Concurrent Preclean
[2024-10-12T07:55:47.788+0800][info] GC(600) Concurrent Preclean 1.683ms
[2024-10-12T07:55:47.788+0800][info] GC(600) Pause Remark
[2024-10-12T07:55:47.790+0800][info] GC(600) Pause Remark 108M->106M(128M) 1.656ms
[2024-10-12T07:55:47.790+0800][info] GC(600) User=0.01s Sys=0.00s Real=0.00s
[2024-10-12T07:55:47.790+0800][info] GC(600) Concurrent Mark 7.471ms
[2024-10-12T07:55:47.790+0800][info] GC(600) Concurrent Rebuild Remembered Sets
[2024-10-12T07:55:47.791+0800][info] GC(600) Concurrent Rebuild Remembered Sets 1.333ms
[2024-10-12T07:55:47.792+0800][info] GC(600) Pause Cleanup
[2024-10-12T07:55:47.792+0800][info] GC(600) Pause Cleanup 106M->106M(128M) 0.314ms
[2024-10-12T07:55:47.792+0800][info] GC(600) User=0.00s Sys=0.00s Real=0.00s
[2024-10-12T07:55:47.792+0800][info] GC(600) Concurrent Cleanup for Next Mark
[2024-10-12T07:55:47.792+0800][info] GC(600) Concurrent Cleanup for Next Mark 0.414ms
[2024-10-12T07:55:47.792+0800][info] GC(600) Concurrent Mark Cycle 10.072ms
[2024-10-12T07:55:47.936+0800][info] GC(601) Pause Young (Prepare Mixed) (G1 Preventive Collection)
[2024-10-12T07:55:47.936+0800][info] GC(601) Using 3 workers of 48 for evacuation
[2024-10-12T07:55:47.937+0800][info] GC(601)   Pre Evacuate Collection Set: 0.1ms
[2024-10-12T07:55:47.937+0800][info] GC(601)   Merge Heap Roots: 0.1ms
[2024-10-12T07:55:47.937+0800][info] GC(601)   Evacuate Collection Set: 1.0ms
[2024-10-12T07:55:47.937+0800][info] GC(601)   Post Evacuate Collection Set: 0.3ms
[2024-10-12T07:55:47.937+0800][info] GC(601)   Other: 0.2ms
[2024-10-12T07:55:47.937+0800][info] GC(601) Eden regions: 2->0(2)
[2024-10-12T07:55:47.937+0800][info] GC(601) Survivor regions: 1->1(1)
[2024-10-12T07:55:47.937+0800][info] GC(601) Old regions: 52->54
[2024-10-12T07:55:47.937+0800][info] GC(601) Archive regions: 2->2
[2024-10-12T07:55:47.937+0800][info] GC(601) Humongous regions: 3->3
[2024-10-12T07:55:47.937+0800][info] GC(601) Metaspace: 1695K(1856K)->1695K(1856K) NonClass: 1571K(1664K)->1571K(1664K) Class: 124K(192K)->124K(192K)
[2024-10-12T07:55:47.937+0800][info] GC(601) Pause Young (Prepare Mixed) (G1 Preventive Collection) 109M->109M(128M) 1.806ms
[2024-10-12T07:55:47.937+0800][info] GC(601) User=0.00s Sys=0.00s Real=0.00s
[2024-10-12T07:55:47.999+0800][info] GC(602) Pause Young (Mixed) (G1 Preventive Collection)
[2024-10-12T07:55:47.999+0800][info] GC(602) Using 3 workers of 48 for evacuation
[2024-10-12T07:55:48.000+0800][info] GC(602) To-space exhausted
[2024-10-12T07:55:48.000+0800][info] GC(602)   Pre Evacuate Collection Set: 0.1ms
[2024-10-12T07:55:48.000+0800][info] GC(602)   Merge Heap Roots: 0.1ms
[2024-10-12T07:55:48.000+0800][info] GC(602)   Evacuate Collection Set: 1.1ms
[2024-10-12T07:55:48.000+0800][info] GC(602)   Post Evacuate Collection Set: 0.3ms
[2024-10-12T07:55:48.000+0800][info] GC(602)   Other: 0.2ms
[2024-10-12T07:55:48.000+0800][info] GC(602) Eden regions: 1->0(2)
[2024-10-12T07:55:48.000+0800][info] GC(602) Survivor regions: 1->1(1)
[2024-10-12T07:55:48.000+0800][info] GC(602) Old regions: 54->51
[2024-10-12T07:55:48.000+0800][info] GC(602) Archive regions: 2->2
[2024-10-12T07:55:48.000+0800][info] GC(602) Humongous regions: 3->3
[2024-10-12T07:55:48.000+0800][info] GC(602) Metaspace: 1695K(1856K)->1695K(1856K) NonClass: 1571K(1664K)->1571K(1664K) Class: 124K(192K)->124K(192K)
[2024-10-12T07:55:48.000+0800][info] GC(602) Pause Young (Mixed) (G1 Preventive Collection) 111M->104M(128M) 1.872ms
[2024-10-12T07:55:48.001+0800][info] GC(602) User=0.01s Sys=0.00s Real=0.00s
[2024-10-12T07:55:48.103+0800][info] GC(603) Pause Young (Mixed) (G1 Preventive Collection)
[2024-10-12T07:55:48.103+0800][info] GC(603) Using 3 workers of 48 for evacuation
[2024-10-12T07:55:48.105+0800][info] GC(603) To-space exhausted
[2024-10-12T07:55:48.105+0800][info] GC(603)   Pre Evacuate Collection Set: 0.2ms
[2024-10-12T07:55:48.105+0800][info] GC(603)   Merge Heap Roots: 0.1ms
[2024-10-12T07:55:48.105+0800][info] GC(603)   Evacuate Collection Set: 1.6ms
[2024-10-12T07:55:48.105+0800][info] GC(603)   Post Evacuate Collection Set: 0.3ms
[2024-10-12T07:55:48.105+0800][info] GC(603)   Other: 0.2ms
[2024-10-12T07:55:48.105+0800][info] GC(603) Eden regions: 2->0(2)
[2024-10-12T07:55:48.105+0800][info] GC(603) Survivor regions: 1->1(1)
[2024-10-12T07:55:48.105+0800][info] GC(603) Old regions: 51->51
[2024-10-12T07:55:48.105+0800][info] GC(603) Archive regions: 2->2
[2024-10-12T07:55:48.105+0800][info] GC(603) Humongous regions: 3->3
[2024-10-12T07:55:48.105+0800][info] GC(603) Metaspace: 1695K(1856K)->1695K(1856K) NonClass: 1571K(1664K)->1571K(1664K) Class: 124K(192K)->124K(192K)
[2024-10-12T07:55:48.105+0800][info] GC(603) Pause Young (Mixed) (G1 Preventive Collection) 108M->106M(128M) 2.464ms
[2024-10-12T07:55:48.105+0800][info] GC(603) User=0.00s Sys=0.00s Real=0.01s
[2024-10-12T07:55:48.208+0800][info] GC(604) Pause Young (Mixed) (G1 Preventive Collection)
[2024-10-12T07:55:48.208+0800][info] GC(604) Using 3 workers of 48 for evacuation
[2024-10-12T07:55:48.210+0800][info] GC(604) To-space exhausted
[2024-10-12T07:55:48.210+0800][info] GC(604)   Pre Evacuate Collection Set: 0.1ms
[2024-10-12T07:55:48.210+0800][info] GC(604)   Merge Heap Roots: 0.1ms
[2024-10-12T07:55:48.210+0800][info] GC(604)   Evacuate Collection Set: 1.9ms
[2024-10-12T07:55:48.210+0800][info] GC(604)   Post Evacuate Collection Set: 0.3ms
[2024-10-12T07:55:48.210+0800][info] GC(604)   Other: 0.2ms
[2024-10-12T07:55:48.210+0800][info] GC(604) Eden regions: 2->0(2)
[2024-10-12T07:55:48.210+0800][info] GC(604) Survivor regions: 1->1(1)
[2024-10-12T07:55:48.211+0800][info] GC(604) Old regions: 51->53
[2024-10-12T07:55:48.211+0800][info] GC(604) Archive regions: 2->2
[2024-10-12T07:55:48.211+0800][info] GC(604) Humongous regions: 3->3
[2024-10-12T07:55:48.211+0800][info] GC(604) Metaspace: 1695K(1856K)->1695K(1856K) NonClass: 1571K(1664K)->1571K(1664K) Class: 124K(192K)->124K(192K)
[2024-10-12T07:55:48.211+0800][info] GC(604) Pause Young (Mixed) (G1 Preventive Collection) 109M->110M(128M) 2.693ms
[2024-10-12T07:55:48.211+0800][info] GC(604) User=0.00s Sys=0.00s Real=0.00s
[2024-10-12T07:55:48.313+0800][info] GC(605) Pause Young (Concurrent Start) (G1 Preventive Collection)
[2024-10-12T07:55:48.313+0800][info] GC(605) Using 3 workers of 48 for evacuation
[2024-10-12T07:55:48.315+0800][info] GC(605)   Pre Evacuate Collection Set: 0.1ms
[2024-10-12T07:55:48.315+0800][info] GC(605)   Merge Heap Roots: 0.1ms
[2024-10-12T07:55:48.315+0800][info] GC(605)   Evacuate Collection Set: 0.9ms
[2024-10-12T07:55:48.315+0800][info] GC(605)   Post Evacuate Collection Set: 0.2ms
[2024-10-12T07:55:48.315+0800][info] GC(605)   Other: 0.4ms
[2024-10-12T07:55:48.315+0800][info] GC(605) Eden regions: 2->0(2)
[2024-10-12T07:55:48.315+0800][info] GC(605) Survivor regions: 1->1(1)
[2024-10-12T07:55:48.315+0800][info] GC(605) Old regions: 53->55
[2024-10-12T07:55:48.315+0800][info] GC(605) Archive regions: 2->2
[2024-10-12T07:55:48.315+0800][info] GC(605) Humongous regions: 3->3
[2024-10-12T07:55:48.315+0800][info] GC(605) Metaspace: 1695K(1856K)->1695K(1856K) NonClass: 1571K(1664K)->1571K(1664K) Class: 124K(192K)->124K(192K)
[2024-10-12T07:55:48.315+0800][info] GC(605) Pause Young (Concurrent Start) (G1 Preventive Collection) 113M->114M(128M) 1.701ms
[2024-10-12T07:55:48.315+0800][info] GC(605) User=0.01s Sys=0.00s Real=0.00s
[2024-10-12T07:55:48.315+0800][info] GC(606) Concurrent Mark Cycle
[2024-10-12T07:55:48.315+0800][info] GC(606) Concurrent Clear Claimed Marks
[2024-10-12T07:55:48.315+0800][info] GC(606) Concurrent Clear Claimed Marks 0.017ms
[2024-10-12T07:55:48.315+0800][info] GC(606) Concurrent Scan Root Regions
[2024-10-12T07:55:48.315+0800][info] GC(606) Concurrent Scan Root Regions 0.176ms
[2024-10-12T07:55:48.315+0800][info] GC(606) Concurrent Mark
[2024-10-12T07:55:48.315+0800][info] GC(606) Concurrent Mark From Roots
[2024-10-12T07:55:48.315+0800][info] GC(606) Using 12 workers of 12 for marking
[2024-10-12T07:55:48.321+0800][info] GC(606) Concurrent Mark From Roots 5.359ms
[2024-10-12T07:55:48.321+0800][info] GC(606) Concurrent Preclean
[2024-10-12T07:55:48.322+0800][info] GC(606) Concurrent Preclean 1.715ms
[2024-10-12T07:55:48.322+0800][info] GC(606) Pause Remark
[2024-10-12T07:55:48.324+0800][info] GC(606) Pause Remark 114M->111M(128M) 1.627ms
[2024-10-12T07:55:48.324+0800][info] GC(606) User=0.00s Sys=0.00s Real=0.00s
[2024-10-12T07:55:48.324+0800][info] GC(606) Concurrent Mark 8.978ms
[2024-10-12T07:55:48.324+0800][info] GC(606) Concurrent Rebuild Remembered Sets
[2024-10-12T07:55:48.326+0800][info] GC(606) Concurrent Rebuild Remembered Sets 1.420ms
[2024-10-12T07:55:48.326+0800][info] GC(606) Pause Cleanup
[2024-10-12T07:55:48.326+0800][info] GC(606) Pause Cleanup 111M->111M(128M) 0.291ms
[2024-10-12T07:55:48.326+0800][info] GC(606) User=0.00s Sys=0.00s Real=0.00s
[2024-10-12T07:55:48.326+0800][info] GC(606) Concurrent Cleanup for Next Mark
[2024-10-12T07:55:48.327+0800][info] GC(606) Concurrent Cleanup for Next Mark 0.402ms
[2024-10-12T07:55:48.327+0800][info] GC(606) Concurrent Mark Cycle 11.631ms
[2024-10-12T07:55:48.468+0800][info] GC(607) Pause Young (Prepare Mixed) (G1 Preventive Collection)
[2024-10-12T07:55:48.468+0800][info] GC(607) Using 3 workers of 48 for evacuation
[2024-10-12T07:55:48.469+0800][info] GC(607)   Pre Evacuate Collection Set: 0.1ms
[2024-10-12T07:55:48.469+0800][info] GC(607)   Merge Heap Roots: 0.1ms
[2024-10-12T07:55:48.469+0800][info] GC(607)   Evacuate Collection Set: 1.1ms
[2024-10-12T07:55:48.469+0800][info] GC(607)   Post Evacuate Collection Set: 0.3ms
[2024-10-12T07:55:48.469+0800][info] GC(607)   Other: 0.2ms
[2024-10-12T07:55:48.469+0800][info] GC(607) Eden regions: 2->0(2)
[2024-10-12T07:55:48.469+0800][info] GC(607) Survivor regions: 1->1(1)
[2024-10-12T07:55:48.469+0800][info] GC(607) Old regions: 53->55
[2024-10-12T07:55:48.469+0800][info] GC(607) Archive regions: 2->2
[2024-10-12T07:55:48.469+0800][info] GC(607) Humongous regions: 3->3
[2024-10-12T07:55:48.470+0800][info] GC(607) Metaspace: 1695K(1856K)->1695K(1856K) NonClass: 1571K(1664K)->1571K(1664K) Class: 124K(192K)->124K(192K)
[2024-10-12T07:55:48.470+0800][info] GC(607) Pause Young (Prepare Mixed) (G1 Preventive Collection) 114M->114M(128M) 1.790ms
[2024-10-12T07:55:48.470+0800][info] GC(607) User=0.00s Sys=0.00s Real=0.00s
[2024-10-12T07:55:48.531+0800][info] GC(608) Pause Young (Mixed) (G1 Preventive Collection)
[2024-10-12T07:55:48.531+0800][info] GC(608) Using 3 workers of 48 for evacuation
[2024-10-12T07:55:48.533+0800][info] GC(608) To-space exhausted
[2024-10-12T07:55:48.533+0800][info] GC(608)   Pre Evacuate Collection Set: 0.1ms
[2024-10-12T07:55:48.533+0800][info] GC(608)   Merge Heap Roots: 0.1ms
[2024-10-12T07:55:48.533+0800][info] GC(608)   Evacuate Collection Set: 0.7ms
[2024-10-12T07:55:48.533+0800][info] GC(608)   Post Evacuate Collection Set: 0.3ms
[2024-10-12T07:55:48.533+0800][info] GC(608)   Other: 0.2ms
[2024-10-12T07:55:48.533+0800][info] GC(608) Eden regions: 1->0(2)
[2024-10-12T07:55:48.533+0800][info] GC(608) Survivor regions: 1->1(1)
[2024-10-12T07:55:48.533+0800][info] GC(608) Old regions: 55->55
[2024-10-12T07:55:48.533+0800][info] GC(608) Archive regions: 2->2
[2024-10-12T07:55:48.533+0800][info] GC(608) Humongous regions: 3->3
[2024-10-12T07:55:48.533+0800][info] GC(608) Metaspace: 1695K(1856K)->1695K(1856K) NonClass: 1571K(1664K)->1571K(1664K) Class: 124K(192K)->124K(192K)
[2024-10-12T07:55:48.533+0800][info] GC(608) Pause Young (Mixed) (G1 Preventive Collection) 116M->114M(128M) 1.517ms
[2024-10-12T07:55:48.533+0800][info] GC(608) User=0.01s Sys=0.00s Real=0.00s
[2024-10-12T07:55:48.574+0800][info] GC(609) Pause Young (Mixed) (G1 Preventive Collection)
[2024-10-12T07:55:48.574+0800][info] GC(609) Using 3 workers of 48 for evacuation
[2024-10-12T07:55:48.575+0800][info] GC(609) To-space exhausted
[2024-10-12T07:55:48.575+0800][info] GC(609)   Pre Evacuate Collection Set: 0.1ms
[2024-10-12T07:55:48.575+0800][info] GC(609)   Merge Heap Roots: 0.1ms
[2024-10-12T07:55:48.575+0800][info] GC(609)   Evacuate Collection Set: 0.8ms
[2024-10-12T07:55:48.575+0800][info] GC(609)   Post Evacuate Collection Set: 0.3ms
[2024-10-12T07:55:48.575+0800][info] GC(609)   Other: 0.2ms
[2024-10-12T07:55:48.575+0800][info] GC(609) Eden regions: 1->0(2)
[2024-10-12T07:55:48.575+0800][info] GC(609) Survivor regions: 1->1(1)
[2024-10-12T07:55:48.575+0800][info] GC(609) Old regions: 55->56
[2024-10-12T07:55:48.575+0800][info] GC(609) Archive regions: 2->2
[2024-10-12T07:55:48.575+0800][info] GC(609) Humongous regions: 3->3
[2024-10-12T07:55:48.575+0800][info] GC(609) Metaspace: 1695K(1856K)->1695K(1856K) NonClass: 1571K(1664K)->1571K(1664K) Class: 124K(192K)->124K(192K)
[2024-10-12T07:55:48.575+0800][info] GC(609) Pause Young (Mixed) (G1 Preventive Collection) 116M->116M(128M) 1.665ms
[2024-10-12T07:55:48.575+0800][info] GC(609) User=0.00s Sys=0.00s Real=0.00s
[2024-10-12T07:55:48.637+0800][info] GC(610) Pause Young (Mixed) (G1 Preventive Collection)
[2024-10-12T07:55:48.637+0800][info] GC(610) Using 3 workers of 48 for evacuation
[2024-10-12T07:55:48.638+0800][info] GC(610) To-space exhausted
[2024-10-12T07:55:48.638+0800][info] GC(610)   Pre Evacuate Collection Set: 0.1ms
[2024-10-12T07:55:48.638+0800][info] GC(610)   Merge Heap Roots: 0.1ms
[2024-10-12T07:55:48.638+0800][info] GC(610)   Evacuate Collection Set: 0.7ms
[2024-10-12T07:55:48.638+0800][info] GC(610)   Post Evacuate Collection Set: 0.3ms
[2024-10-12T07:55:48.638+0800][info] GC(610)   Other: 0.2ms
[2024-10-12T07:55:48.638+0800][info] GC(610) Eden regions: 1->0(2)
[2024-10-12T07:55:48.638+0800][info] GC(610) Survivor regions: 1->1(1)
[2024-10-12T07:55:48.638+0800][info] GC(610) Old regions: 56->57
[2024-10-12T07:55:48.638+0800][info] GC(610) Archive regions: 2->2
[2024-10-12T07:55:48.638+0800][info] GC(610) Humongous regions: 3->3
[2024-10-12T07:55:48.638+0800][info] GC(610) Metaspace: 1695K(1856K)->1695K(1856K) NonClass: 1571K(1664K)->1571K(1664K) Class: 124K(192K)->124K(192K)
[2024-10-12T07:55:48.638+0800][info] GC(610) Pause Young (Mixed) (G1 Preventive Collection) 118M->118M(128M) 1.448ms
[2024-10-12T07:55:48.638+0800][info] GC(610) User=0.00s Sys=0.00s Real=0.00s
[2024-10-12T07:55:48.679+0800][info] GC(611) Pause Young (Concurrent Start) (G1 Evacuation Pause)
[2024-10-12T07:55:48.679+0800][info] GC(611) Using 3 workers of 48 for evacuation
[2024-10-12T07:55:48.680+0800][info] GC(611) To-space exhausted
[2024-10-12T07:55:48.680+0800][info] GC(611)   Pre Evacuate Collection Set: 0.1ms
[2024-10-12T07:55:48.680+0800][info] GC(611)   Merge Heap Roots: 0.1ms
[2024-10-12T07:55:48.680+0800][info] GC(611)   Evacuate Collection Set: 0.2ms
[2024-10-12T07:55:48.680+0800][info] GC(611)   Post Evacuate Collection Set: 0.2ms
[2024-10-12T07:55:48.680+0800][info] GC(611)   Other: 0.4ms
[2024-10-12T07:55:48.680+0800][info] GC(611) Eden regions: 1->0(3)
[2024-10-12T07:55:48.680+0800][info] GC(611) Survivor regions: 1->0(0)
[2024-10-12T07:55:48.680+0800][info] GC(611) Old regions: 57->59
[2024-10-12T07:55:48.680+0800][info] GC(611) Archive regions: 2->2
[2024-10-12T07:55:48.680+0800][info] GC(611) Humongous regions: 3->3
[2024-10-12T07:55:48.680+0800][info] GC(611) Metaspace: 1695K(1856K)->1695K(1856K) NonClass: 1571K(1664K)->1571K(1664K) Class: 124K(192K)->124K(192K)
[2024-10-12T07:55:48.680+0800][info] GC(611) Pause Young (Concurrent Start) (G1 Evacuation Pause) 120M->120M(128M) 1.036ms
[2024-10-12T07:55:48.680+0800][info] GC(611) User=0.00s Sys=0.00s Real=0.00s
[2024-10-12T07:55:48.680+0800][info] Attempting full compaction
[2024-10-12T07:55:48.680+0800][info] GC(612) Using 3 workers of 48 for full compaction
[2024-10-12T07:55:48.680+0800][info] GC(612) Pause Full (G1 Compaction Pause)
[2024-10-12T07:55:48.680+0800][info] GC(613) Concurrent Mark Cycle
[2024-10-12T07:55:48.680+0800][info] GC(613) Concurrent Clear Claimed Marks
[2024-10-12T07:55:48.680+0800][info] GC(613) Concurrent Clear Claimed Marks 0.016ms
[2024-10-12T07:55:48.680+0800][info] GC(613) Concurrent Scan Root Regions
[2024-10-12T07:55:48.680+0800][info] GC(613) Concurrent Scan Root Regions 0.010ms
[2024-10-12T07:55:48.680+0800][info] GC(613) Concurrent Mark
[2024-10-12T07:55:48.680+0800][info] GC(613) Concurrent Mark From Roots
[2024-10-12T07:55:48.680+0800][info] GC(613) Using 12 workers of 12 for marking
[2024-10-12T07:55:48.680+0800][info] GC(612) Phase 1: Mark live objects
[2024-10-12T07:55:48.684+0800][info] GC(612) Phase 1: Mark live objects 3.474ms
[2024-10-12T07:55:48.684+0800][info] GC(612) Phase 2: Prepare for compaction
[2024-10-12T07:55:48.685+0800][info] GC(612) Phase 2: Prepare for compaction 0.619ms
[2024-10-12T07:55:48.685+0800][info] GC(612) Phase 3: Adjust pointers
[2024-10-12T07:55:48.686+0800][info] GC(612) Phase 3: Adjust pointers 1.819ms
[2024-10-12T07:55:48.686+0800][info] GC(612) Phase 4: Compact heap
[2024-10-12T07:55:48.698+0800][info] GC(612) Phase 4: Compact heap 11.081ms
[2024-10-12T07:55:48.699+0800][info] GC(612) Eden regions: 0->0(4)
[2024-10-12T07:55:48.699+0800][info] GC(612) Survivor regions: 0->0(0)
[2024-10-12T07:55:48.699+0800][info] GC(612) Old regions: 59->38
[2024-10-12T07:55:48.699+0800][info] GC(612) Archive regions: 2->2
[2024-10-12T07:55:48.699+0800][info] GC(612) Humongous regions: 3->3
[2024-10-12T07:55:48.699+0800][info] GC(612) Metaspace: 1695K(1856K)->1695K(1856K) NonClass: 1571K(1664K)->1571K(1664K) Class: 124K(192K)->124K(192K)
[2024-10-12T07:55:48.699+0800][info] GC(612) Pause Full (G1 Compaction Pause) 120M->72M(128M) 19.099ms
[2024-10-12T07:55:48.699+0800][info] GC(612) User=0.05s Sys=0.00s Real=0.02s
[2024-10-12T07:55:48.700+0800][info] GC(613) Concurrent Mark From Roots 19.301ms
[2024-10-12T07:55:48.700+0800][info] GC(613) Concurrent Mark Abort
[2024-10-12T07:55:48.700+0800][info] GC(613) Concurrent Mark Cycle 19.502ms
[2024-10-12T07:55:48.925+0800][info] GC(614) Pause Young (Normal) (G1 Evacuation Pause)
[2024-10-12T07:55:48.925+0800][info] GC(614) Using 3 workers of 48 for evacuation
[2024-10-12T07:55:48.927+0800][info] GC(614)   Pre Evacuate Collection Set: 0.1ms
[2024-10-12T07:55:48.927+0800][info] GC(614)   Merge Heap Roots: 0.1ms
[2024-10-12T07:55:48.927+0800][info] GC(614)   Evacuate Collection Set: 1.3ms
[2024-10-12T07:55:48.927+0800][info] GC(614)   Post Evacuate Collection Set: 0.2ms
[2024-10-12T07:55:48.927+0800][info] GC(614)   Other: 0.3ms
[2024-10-12T07:55:48.927+0800][info] GC(614) Eden regions: 4->0(2)
[2024-10-12T07:55:48.927+0800][info] GC(614) Survivor regions: 0->1(1)
[2024-10-12T07:55:48.927+0800][info] GC(614) Old regions: 38->42
[2024-10-12T07:55:48.927+0800][info] GC(614) Archive regions: 2->2
[2024-10-12T07:55:48.927+0800][info] GC(614) Humongous regions: 3->3
[2024-10-12T07:55:48.927+0800][info] GC(614) Metaspace: 1695K(1856K)->1695K(1856K) NonClass: 1571K(1664K)->1571K(1664K) Class: 124K(192K)->124K(192K)
[2024-10-12T07:55:48.927+0800][info] GC(614) Pause Young (Normal) (G1 Evacuation Pause) 80M->80M(128M) 2.109ms
[2024-10-12T07:55:48.927+0800][info] GC(614) User=0.00s Sys=0.00s Real=0.01s
[2024-10-12T07:55:49.029+0800][info] GC(615) Pause Young (Normal) (G1 Evacuation Pause)
[2024-10-12T07:55:49.029+0800][info] GC(615) Using 3 workers of 48 for evacuation
[2024-10-12T07:55:49.031+0800][info] GC(615)   Pre Evacuate Collection Set: 0.1ms
[2024-10-12T07:55:49.031+0800][info] GC(615)   Merge Heap Roots: 0.0ms
[2024-10-12T07:55:49.031+0800][info] GC(615)   Evacuate Collection Set: 1.0ms
[2024-10-12T07:55:49.031+0800][info] GC(615)   Post Evacuate Collection Set: 0.2ms
[2024-10-12T07:55:49.031+0800][info] GC(615)   Other: 0.2ms
[2024-10-12T07:55:49.031+0800][info] GC(615) Eden regions: 2->0(2)
[2024-10-12T07:55:49.031+0800][info] GC(615) Survivor regions: 1->1(1)
[2024-10-12T07:55:49.031+0800][info] GC(615) Old regions: 42->44
[2024-10-12T07:55:49.031+0800][info] GC(615) Archive regions: 2->2
[2024-10-12T07:55:49.031+0800][info] GC(615) Humongous regions: 3->3
[2024-10-12T07:55:49.031+0800][info] GC(615) Metaspace: 1695K(1856K)->1695K(1856K) NonClass: 1571K(1664K)->1571K(1664K) Class: 124K(192K)->124K(192K)
[2024-10-12T07:55:49.031+0800][info] GC(615) Pause Young (Normal) (G1 Evacuation Pause) 84M->84M(128M) 1.670ms
[2024-10-12T07:55:49.031+0800][info] GC(615) User=0.00s Sys=0.00s Real=0.00s
[2024-10-12T07:55:49.133+0800][info] GC(616) Pause Young (Normal) (G1 Evacuation Pause)
[2024-10-12T07:55:49.133+0800][info] GC(616) Using 3 workers of 48 for evacuation
[2024-10-12T07:55:49.135+0800][info] GC(616)   Pre Evacuate Collection Set: 0.1ms
[2024-10-12T07:55:49.135+0800][info] GC(616)   Merge Heap Roots: 0.1ms
[2024-10-12T07:55:49.135+0800][info] GC(616)   Evacuate Collection Set: 1.0ms
[2024-10-12T07:55:49.135+0800][info] GC(616)   Post Evacuate Collection Set: 0.2ms
[2024-10-12T07:55:49.135+0800][info] GC(616)   Other: 0.3ms
[2024-10-12T07:55:49.135+0800][info] GC(616) Eden regions: 2->0(2)
[2024-10-12T07:55:49.135+0800][info] GC(616) Survivor regions: 1->1(1)
[2024-10-12T07:55:49.135+0800][info] GC(616) Old regions: 44->45
[2024-10-12T07:55:49.135+0800][info] GC(616) Archive regions: 2->2
[2024-10-12T07:55:49.135+0800][info] GC(616) Humongous regions: 3->3
[2024-10-12T07:55:49.135+0800][info] GC(616) Metaspace: 1695K(1856K)->1695K(1856K) NonClass: 1571K(1664K)->1571K(1664K) Class: 124K(192K)->124K(192K)
[2024-10-12T07:55:49.135+0800][info] GC(616) Pause Young (Normal) (G1 Evacuation Pause) 88M->87M(128M) 1.705ms
[2024-10-12T07:55:49.135+0800][info] GC(616) User=0.00s Sys=0.00s Real=0.01s
[2024-10-12T07:55:49.237+0800][info] GC(617) Pause Young (Normal) (G1 Evacuation Pause)
[2024-10-12T07:55:49.237+0800][info] GC(617) Using 3 workers of 48 for evacuation
[2024-10-12T07:55:49.239+0800][info] GC(617)   Pre Evacuate Collection Set: 0.1ms
[2024-10-12T07:55:49.239+0800][info] GC(617)   Merge Heap Roots: 0.0ms
[2024-10-12T07:55:49.239+0800][info] GC(617)   Evacuate Collection Set: 1.0ms
[2024-10-12T07:55:49.239+0800][info] GC(617)   Post Evacuate Collection Set: 0.2ms
[2024-10-12T07:55:49.239+0800][info] GC(617)   Other: 0.2ms
[2024-10-12T07:55:49.239+0800][info] GC(617) Eden regions: 2->0(2)
[2024-10-12T07:55:49.239+0800][info] GC(617) Survivor regions: 1->1(1)
[2024-10-12T07:55:49.239+0800][info] GC(617) Old regions: 45->47
[2024-10-12T07:55:49.239+0800][info] GC(617) Archive regions: 2->2
[2024-10-12T07:55:49.239+0800][info] GC(617) Humongous regions: 3->3
[2024-10-12T07:55:49.239+0800][info] GC(617) Metaspace: 1695K(1856K)->1695K(1856K) NonClass: 1571K(1664K)->1571K(1664K) Class: 124K(192K)->124K(192K)
[2024-10-12T07:55:49.239+0800][info] GC(617) Pause Young (Normal) (G1 Evacuation Pause) 91M->91M(128M) 1.715ms
[2024-10-12T07:55:49.239+0800][info] GC(617) User=0.01s Sys=0.00s Real=0.00s
[2024-10-12T07:55:49.341+0800][info] GC(618) Pause Young (Concurrent Start) (G1 Evacuation Pause)
[2024-10-12T07:55:49.341+0800][info] GC(618) Using 3 workers of 48 for evacuation
[2024-10-12T07:55:49.342+0800][info] GC(618)   Pre Evacuate Collection Set: 0.1ms
[2024-10-12T07:55:49.342+0800][info] GC(618)   Merge Heap Roots: 0.1ms
[2024-10-12T07:55:49.342+0800][info] GC(618)   Evacuate Collection Set: 1.0ms
[2024-10-12T07:55:49.343+0800][info] GC(618)   Post Evacuate Collection Set: 0.2ms
[2024-10-12T07:55:49.343+0800][info] GC(618)   Other: 0.4ms
[2024-10-12T07:55:49.343+0800][info] GC(618) Eden regions: 2->0(2)
[2024-10-12T07:55:49.343+0800][info] GC(618) Survivor regions: 1->1(1)
[2024-10-12T07:55:49.343+0800][info] GC(618) Old regions: 47->49
[2024-10-12T07:55:49.343+0800][info] GC(618) Archive regions: 2->2
[2024-10-12T07:55:49.343+0800][info] GC(618) Humongous regions: 3->3
[2024-10-12T07:55:49.343+0800][info] GC(618) Metaspace: 1695K(1856K)->1695K(1856K) NonClass: 1571K(1664K)->1571K(1664K) Class: 124K(192K)->124K(192K)
[2024-10-12T07:55:49.343+0800][info] GC(618) Pause Young (Concurrent Start) (G1 Evacuation Pause) 95M->95M(128M) 1.871ms
[2024-10-12T07:55:49.343+0800][info] GC(618) User=0.00s Sys=0.00s Real=0.00s
[2024-10-12T07:55:49.343+0800][info] GC(619) Concurrent Mark Cycle
[2024-10-12T07:55:49.343+0800][info] GC(619) Concurrent Clear Claimed Marks
[2024-10-12T07:55:49.343+0800][info] GC(619) Concurrent Clear Claimed Marks 0.017ms
[2024-10-12T07:55:49.343+0800][info] GC(619) Concurrent Scan Root Regions
[2024-10-12T07:55:49.343+0800][info] GC(619) Concurrent Scan Root Regions 0.131ms
[2024-10-12T07:55:49.343+0800][info] GC(619) Concurrent Mark
[2024-10-12T07:55:49.343+0800][info] GC(619) Concurrent Mark From Roots
[2024-10-12T07:55:49.343+0800][info] GC(619) Using 12 workers of 12 for marking
[2024-10-12T07:55:49.347+0800][info] GC(619) Concurrent Mark From Roots 3.630ms
[2024-10-12T07:55:49.347+0800][info] GC(619) Concurrent Preclean
[2024-10-12T07:55:49.348+0800][info] GC(619) Concurrent Preclean 1.681ms
[2024-10-12T07:55:49.348+0800][info] GC(619) Pause Remark
[2024-10-12T07:55:49.350+0800][info] GC(619) Pause Remark 95M->95M(128M) 1.602ms
[2024-10-12T07:55:49.350+0800][info] GC(619) User=0.01s Sys=0.00s Real=0.00s
[2024-10-12T07:55:49.350+0800][info] GC(619) Concurrent Mark 7.223ms
[2024-10-12T07:55:49.350+0800][info] GC(619) Concurrent Rebuild Remembered Sets
[2024-10-12T07:55:49.351+0800][info] GC(619) Concurrent Rebuild Remembered Sets 1.109ms
[2024-10-12T07:55:49.352+0800][info] GC(619) Pause Cleanup
[2024-10-12T07:55:49.352+0800][info] GC(619) Pause Cleanup 95M->95M(128M) 0.302ms
[2024-10-12T07:55:49.352+0800][info] GC(619) User=0.00s Sys=0.00s Real=0.00s
[2024-10-12T07:55:49.352+0800][info] GC(619) Concurrent Cleanup for Next Mark
[2024-10-12T07:55:49.352+0800][info] GC(619) Concurrent Cleanup for Next Mark 0.422ms
[2024-10-12T07:55:49.352+0800][info] GC(619) Concurrent Mark Cycle 9.569ms
[2024-10-12T07:55:49.496+0800][info] GC(620) Pause Young (Prepare Mixed) (G1 Evacuation Pause)
[2024-10-12T07:55:49.496+0800][info] GC(620) Using 3 workers of 48 for evacuation
[2024-10-12T07:55:49.498+0800][info] GC(620)   Pre Evacuate Collection Set: 0.1ms
[2024-10-12T07:55:49.498+0800][info] GC(620)   Merge Heap Roots: 0.1ms
[2024-10-12T07:55:49.498+0800][info] GC(620)   Evacuate Collection Set: 1.0ms
[2024-10-12T07:55:49.498+0800][info] GC(620)   Post Evacuate Collection Set: 0.2ms
[2024-10-12T07:55:49.498+0800][info] GC(620)   Other: 0.2ms
[2024-10-12T07:55:49.498+0800][info] GC(620) Eden regions: 2->0(2)
[2024-10-12T07:55:49.498+0800][info] GC(620) Survivor regions: 1->1(1)
[2024-10-12T07:55:49.498+0800][info] GC(620) Old regions: 49->51
[2024-10-12T07:55:49.498+0800][info] GC(620) Archive regions: 2->2
[2024-10-12T07:55:49.498+0800][info] GC(620) Humongous regions: 4->3
[2024-10-12T07:55:49.498+0800][info] GC(620) Metaspace: 1695K(1856K)->1695K(1856K) NonClass: 1571K(1664K)->1571K(1664K) Class: 124K(192K)->124K(192K)
[2024-10-12T07:55:49.498+0800][info] GC(620) Pause Young (Prepare Mixed) (G1 Evacuation Pause) 100M->99M(128M) 1.729ms
[2024-10-12T07:55:49.498+0800][info] GC(620) User=0.00s Sys=0.00s Real=0.00s
[2024-10-12T07:55:49.600+0800][info] GC(621) Pause Young (Mixed) (G1 Preventive Collection)
[2024-10-12T07:55:49.600+0800][info] GC(621) Using 3 workers of 48 for evacuation
[2024-10-12T07:55:49.604+0800][info] GC(621)   Pre Evacuate Collection Set: 0.1ms
[2024-10-12T07:55:49.604+0800][info] GC(621)   Merge Heap Roots: 0.1ms
[2024-10-12T07:55:49.604+0800][info] GC(621)   Evacuate Collection Set: 3.3ms
[2024-10-12T07:55:49.604+0800][info] GC(621)   Post Evacuate Collection Set: 0.2ms
[2024-10-12T07:55:49.604+0800][info] GC(621)   Other: 0.2ms
[2024-10-12T07:55:49.604+0800][info] GC(621) Eden regions: 2->0(2)
[2024-10-12T07:55:49.604+0800][info] GC(621) Survivor regions: 1->1(1)
[2024-10-12T07:55:49.604+0800][info] GC(621) Old regions: 51->47
[2024-10-12T07:55:49.604+0800][info] GC(621) Archive regions: 2->2
[2024-10-12T07:55:49.604+0800][info] GC(621) Humongous regions: 3->3
[2024-10-12T07:55:49.604+0800][info] GC(621) Metaspace: 1695K(1856K)->1695K(1856K) NonClass: 1571K(1664K)->1571K(1664K) Class: 124K(192K)->124K(192K)
[2024-10-12T07:55:49.604+0800][info] GC(621) Pause Young (Mixed) (G1 Preventive Collection) 102M->94M(128M) 4.075ms
[2024-10-12T07:55:49.604+0800][info] GC(621) User=0.00s Sys=0.01s Real=0.00s
[2024-10-12T07:55:49.706+0800][info] GC(622) Pause Young (Mixed) (G1 Evacuation Pause)
[2024-10-12T07:55:49.706+0800][info] GC(622) Using 3 workers of 48 for evacuation
[2024-10-12T07:55:49.709+0800][info] GC(622)   Pre Evacuate Collection Set: 0.1ms
[2024-10-12T07:55:49.709+0800][info] GC(622)   Merge Heap Roots: 0.1ms
[2024-10-12T07:55:49.709+0800][info] GC(622)   Evacuate Collection Set: 1.8ms
[2024-10-12T07:55:49.709+0800][info] GC(622)   Post Evacuate Collection Set: 0.2ms
[2024-10-12T07:55:49.709+0800][info] GC(622)   Other: 0.2ms
[2024-10-12T07:55:49.709+0800][info] GC(622) Eden regions: 2->0(2)
[2024-10-12T07:55:49.709+0800][info] GC(622) Survivor regions: 1->1(1)
[2024-10-12T07:55:49.709+0800][info] GC(622) Old regions: 47->46
[2024-10-12T07:55:49.709+0800][info] GC(622) Archive regions: 2->2
[2024-10-12T07:55:49.709+0800][info] GC(622) Humongous regions: 3->3
[2024-10-12T07:55:49.709+0800][info] GC(622) Metaspace: 1695K(1856K)->1695K(1856K) NonClass: 1571K(1664K)->1571K(1664K) Class: 124K(192K)->124K(192K)
[2024-10-12T07:55:49.709+0800][info] GC(622) Pause Young (Mixed) (G1 Evacuation Pause) 98M->94M(128M) 2.517ms
[2024-10-12T07:55:49.709+0800][info] GC(622) User=0.01s Sys=0.00s Real=0.00s
[2024-10-12T07:55:49.811+0800][info] GC(623) Pause Young (Normal) (G1 Evacuation Pause)
[2024-10-12T07:55:49.811+0800][info] GC(623) Using 3 workers of 48 for evacuation
[2024-10-12T07:55:49.813+0800][info] GC(623)   Pre Evacuate Collection Set: 0.1ms
[2024-10-12T07:55:49.813+0800][info] GC(623)   Merge Heap Roots: 0.1ms
[2024-10-12T07:55:49.813+0800][info] GC(623)   Evacuate Collection Set: 1.2ms
[2024-10-12T07:55:49.813+0800][info] GC(623)   Post Evacuate Collection Set: 0.2ms
[2024-10-12T07:55:49.813+0800][info] GC(623)   Other: 0.2ms
[2024-10-12T07:55:49.813+0800][info] GC(623) Eden regions: 2->0(2)
[2024-10-12T07:55:49.813+0800][info] GC(623) Survivor regions: 1->1(1)
[2024-10-12T07:55:49.813+0800][info] GC(623) Old regions: 46->48
[2024-10-12T07:55:49.813+0800][info] GC(623) Archive regions: 2->2
[2024-10-12T07:55:49.813+0800][info] GC(623) Humongous regions: 3->3
[2024-10-12T07:55:49.813+0800][info] GC(623) Metaspace: 1695K(1856K)->1695K(1856K) NonClass: 1571K(1664K)->1571K(1664K) Class: 124K(192K)->124K(192K)
[2024-10-12T07:55:49.813+0800][info] GC(623) Pause Young (Normal) (G1 Evacuation Pause) 98M->98M(128M) 1.833ms
[2024-10-12T07:55:49.813+0800][info] GC(623) User=0.00s Sys=0.00s Real=0.00s
[2024-10-12T07:55:49.915+0800][info] GC(624) Pause Young (Normal) (G1 Evacuation Pause)
[2024-10-12T07:55:49.915+0800][info] GC(624) Using 3 workers of 48 for evacuation
[2024-10-12T07:55:49.916+0800][info] GC(624)   Pre Evacuate Collection Set: 0.1ms
[2024-10-12T07:55:49.916+0800][info] GC(624)   Merge Heap Roots: 0.0ms
[2024-10-12T07:55:49.916+0800][info] GC(624)   Evacuate Collection Set: 0.8ms
[2024-10-12T07:55:49.916+0800][info] GC(624)   Post Evacuate Collection Set: 0.2ms
[2024-10-12T07:55:49.916+0800][info] GC(624)   Other: 0.2ms
[2024-10-12T07:55:49.916+0800][info] GC(624) Eden regions: 2->0(2)
[2024-10-12T07:55:49.916+0800][info] GC(624) Survivor regions: 1->1(1)
[2024-10-12T07:55:49.916+0800][info] GC(624) Old regions: 48->50
[2024-10-12T07:55:49.916+0800][info] GC(624) Archive regions: 2->2
[2024-10-12T07:55:49.916+0800][info] GC(624) Humongous regions: 3->3
[2024-10-12T07:55:49.917+0800][info] GC(624) Metaspace: 1695K(1856K)->1695K(1856K) NonClass: 1571K(1664K)->1571K(1664K) Class: 124K(192K)->124K(192K)
[2024-10-12T07:55:49.917+0800][info] GC(624) Pause Young (Normal) (G1 Evacuation Pause) 102M->102M(128M) 1.446ms
[2024-10-12T07:55:49.917+0800][info] GC(624) User=0.00s Sys=0.00s Real=0.00s
[2024-10-12T07:55:50.018+0800][info] GC(625) Pause Young (Concurrent Start) (G1 Evacuation Pause)
[2024-10-12T07:55:50.018+0800][info] GC(625) Using 3 workers of 48 for evacuation
[2024-10-12T07:55:50.020+0800][info] GC(625)   Pre Evacuate Collection Set: 0.1ms
[2024-10-12T07:55:50.020+0800][info] GC(625)   Merge Heap Roots: 0.1ms
[2024-10-12T07:55:50.020+0800][info] GC(625)   Evacuate Collection Set: 0.9ms
[2024-10-12T07:55:50.020+0800][info] GC(625)   Post Evacuate Collection Set: 0.2ms
[2024-10-12T07:55:50.020+0800][info] GC(625)   Other: 0.4ms
[2024-10-12T07:55:50.020+0800][info] GC(625) Eden regions: 2->0(2)
[2024-10-12T07:55:50.020+0800][info] GC(625) Survivor regions: 1->1(1)
[2024-10-12T07:55:50.020+0800][info] GC(625) Old regions: 50->52
[2024-10-12T07:55:50.020+0800][info] GC(625) Archive regions: 2->2
[2024-10-12T07:55:50.020+0800][info] GC(625) Humongous regions: 3->3
[2024-10-12T07:55:50.020+0800][info] GC(625) Metaspace: 1695K(1856K)->1695K(1856K) NonClass: 1571K(1664K)->1571K(1664K) Class: 124K(192K)->124K(192K)
[2024-10-12T07:55:50.020+0800][info] GC(625) Pause Young (Concurrent Start) (G1 Evacuation Pause) 106M->106M(128M) 1.749ms
[2024-10-12T07:55:50.020+0800][info] GC(625) User=0.00s Sys=0.00s Real=0.00s
[2024-10-12T07:55:50.020+0800][info] GC(626) Concurrent Mark Cycle
[2024-10-12T07:55:50.020+0800][info] GC(626) Concurrent Clear Claimed Marks
[2024-10-12T07:55:50.020+0800][info] GC(626) Concurrent Clear Claimed Marks 0.016ms
[2024-10-12T07:55:50.020+0800][info] GC(626) Concurrent Scan Root Regions
[2024-10-12T07:55:50.021+0800][info] GC(626) Concurrent Scan Root Regions 0.167ms
[2024-10-12T07:55:50.021+0800][info] GC(626) Concurrent Mark
[2024-10-12T07:55:50.021+0800][info] GC(626) Concurrent Mark From Roots
[2024-10-12T07:55:50.021+0800][info] GC(626) Using 12 workers of 12 for marking
[2024-10-12T07:55:50.024+0800][info] GC(626) Concurrent Mark From Roots 3.860ms
[2024-10-12T07:55:50.024+0800][info] GC(626) Concurrent Preclean
[2024-10-12T07:55:50.026+0800][info] GC(626) Concurrent Preclean 1.705ms
[2024-10-12T07:55:50.026+0800][info] GC(626) Pause Remark
[2024-10-12T07:55:50.028+0800][info] GC(626) Pause Remark 107M->107M(128M) 1.634ms
[2024-10-12T07:55:50.028+0800][info] GC(626) User=0.00s Sys=0.00s Real=0.00s
[2024-10-12T07:55:50.028+0800][info] GC(626) Concurrent Mark 7.518ms
[2024-10-12T07:55:50.028+0800][info] GC(626) Concurrent Rebuild Remembered Sets
[2024-10-12T07:55:50.029+0800][info] GC(626) Concurrent Rebuild Remembered Sets 1.335ms
[2024-10-12T07:55:50.030+0800][info] GC(626) Pause Cleanup
[2024-10-12T07:55:50.030+0800][info] GC(626) Pause Cleanup 107M->107M(128M) 0.291ms
[2024-10-12T07:55:50.030+0800][info] GC(626) User=0.00s Sys=0.00s Real=0.00s
[2024-10-12T07:55:50.030+0800][info] GC(626) Concurrent Cleanup for Next Mark
[2024-10-12T07:55:50.030+0800][info] GC(626) Concurrent Cleanup for Next Mark 0.387ms
[2024-10-12T07:55:50.030+0800][info] GC(626) Concurrent Mark Cycle 10.014ms
[2024-10-12T07:55:50.174+0800][info] GC(627) Pause Young (Prepare Mixed) (G1 Preventive Collection)
[2024-10-12T07:55:50.174+0800][info] GC(627) Using 3 workers of 48 for evacuation
[2024-10-12T07:55:50.176+0800][info] GC(627)   Pre Evacuate Collection Set: 0.1ms
[2024-10-12T07:55:50.176+0800][info] GC(627)   Merge Heap Roots: 0.1ms
[2024-10-12T07:55:50.176+0800][info] GC(627)   Evacuate Collection Set: 1.2ms
[2024-10-12T07:55:50.176+0800][info] GC(627)   Post Evacuate Collection Set: 0.2ms
[2024-10-12T07:55:50.176+0800][info] GC(627)   Other: 0.2ms
[2024-10-12T07:55:50.176+0800][info] GC(627) Eden regions: 2->0(2)
[2024-10-12T07:55:50.176+0800][info] GC(627) Survivor regions: 1->1(1)
[2024-10-12T07:55:50.176+0800][info] GC(627) Old regions: 52->54
[2024-10-12T07:55:50.176+0800][info] GC(627) Archive regions: 2->2
[2024-10-12T07:55:50.176+0800][info] GC(627) Humongous regions: 3->3
[2024-10-12T07:55:50.176+0800][info] GC(627) Metaspace: 1695K(1856K)->1695K(1856K) NonClass: 1571K(1664K)->1571K(1664K) Class: 124K(192K)->124K(192K)
[2024-10-12T07:55:50.176+0800][info] GC(627) Pause Young (Prepare Mixed) (G1 Preventive Collection) 109M->110M(128M) 1.895ms
[2024-10-12T07:55:50.176+0800][info] GC(627) User=0.01s Sys=0.00s Real=0.00s
[2024-10-12T07:55:50.237+0800][info] GC(628) Pause Young (Mixed) (G1 Preventive Collection)
[2024-10-12T07:55:50.237+0800][info] GC(628) Using 3 workers of 48 for evacuation
[2024-10-12T07:55:50.239+0800][info] GC(628)   Pre Evacuate Collection Set: 0.1ms
[2024-10-12T07:55:50.239+0800][info] GC(628)   Merge Heap Roots: 0.1ms
[2024-10-12T07:55:50.239+0800][info] GC(628)   Evacuate Collection Set: 1.2ms
[2024-10-12T07:55:50.239+0800][info] GC(628)   Post Evacuate Collection Set: 0.2ms
[2024-10-12T07:55:50.239+0800][info] GC(628)   Other: 0.2ms
[2024-10-12T07:55:50.239+0800][info] GC(628) Eden regions: 1->0(2)
[2024-10-12T07:55:50.239+0800][info] GC(628) Survivor regions: 1->1(1)
[2024-10-12T07:55:50.239+0800][info] GC(628) Old regions: 54->49
[2024-10-12T07:55:50.239+0800][info] GC(628) Archive regions: 2->2
[2024-10-12T07:55:50.239+0800][info] GC(628) Humongous regions: 3->3
[2024-10-12T07:55:50.239+0800][info] GC(628) Metaspace: 1695K(1856K)->1695K(1856K) NonClass: 1571K(1664K)->1571K(1664K) Class: 124K(192K)->124K(192K)
[2024-10-12T07:55:50.239+0800][info] GC(628) Pause Young (Mixed) (G1 Preventive Collection) 112M->101M(128M) 1.964ms
[2024-10-12T07:55:50.239+0800][info] GC(628) User=0.00s Sys=0.00s Real=0.00s
[2024-10-12T07:55:50.342+0800][info] GC(629) Pause Young (Mixed) (G1 Evacuation Pause)
[2024-10-12T07:55:50.342+0800][info] GC(629) Using 3 workers of 48 for evacuation
[2024-10-12T07:55:50.344+0800][info] GC(629)   Pre Evacuate Collection Set: 0.1ms
[2024-10-12T07:55:50.344+0800][info] GC(629)   Merge Heap Roots: 0.1ms
[2024-10-12T07:55:50.344+0800][info] GC(629)   Evacuate Collection Set: 2.0ms
[2024-10-12T07:55:50.344+0800][info] GC(629)   Post Evacuate Collection Set: 0.2ms
[2024-10-12T07:55:50.344+0800][info] GC(629)   Other: 0.2ms
[2024-10-12T07:55:50.344+0800][info] GC(629) Eden regions: 2->0(2)
[2024-10-12T07:55:50.344+0800][info] GC(629) Survivor regions: 1->1(1)
[2024-10-12T07:55:50.344+0800][info] GC(629) Old regions: 49->47
[2024-10-12T07:55:50.344+0800][info] GC(629) Archive regions: 2->2
[2024-10-12T07:55:50.344+0800][info] GC(629) Humongous regions: 3->3
[2024-10-12T07:55:50.344+0800][info] GC(629) Metaspace: 1695K(1856K)->1695K(1856K) NonClass: 1571K(1664K)->1571K(1664K) Class: 124K(192K)->124K(192K)
[2024-10-12T07:55:50.344+0800][info] GC(629) Pause Young (Mixed) (G1 Evacuation Pause) 105M->99M(128M) 2.639ms
[2024-10-12T07:55:50.344+0800][info] GC(629) User=0.00s Sys=0.00s Real=0.00s
[2024-10-12T07:55:50.446+0800][info] GC(630) Pause Young (Mixed) (G1 Evacuation Pause)
[2024-10-12T07:55:50.446+0800][info] GC(630) Using 3 workers of 48 for evacuation
[2024-10-12T07:55:50.448+0800][info] GC(630)   Pre Evacuate Collection Set: 0.1ms
[2024-10-12T07:55:50.448+0800][info] GC(630)   Merge Heap Roots: 0.1ms
[2024-10-12T07:55:50.448+0800][info] GC(630)   Evacuate Collection Set: 1.5ms
[2024-10-12T07:55:50.448+0800][info] GC(630)   Post Evacuate Collection Set: 0.2ms
[2024-10-12T07:55:50.448+0800][info] GC(630)   Other: 0.2ms
[2024-10-12T07:55:50.448+0800][info] GC(630) Eden regions: 2->0(2)
[2024-10-12T07:55:50.448+0800][info] GC(630) Survivor regions: 1->1(1)
[2024-10-12T07:55:50.448+0800][info] GC(630) Old regions: 47->48
[2024-10-12T07:55:50.449+0800][info] GC(630) Archive regions: 2->2
[2024-10-12T07:55:50.449+0800][info] GC(630) Humongous regions: 3->3
[2024-10-12T07:55:50.449+0800][info] GC(630) Metaspace: 1695K(1856K)->1695K(1856K) NonClass: 1571K(1664K)->1571K(1664K) Class: 124K(192K)->124K(192K)
[2024-10-12T07:55:50.449+0800][info] GC(630) Pause Young (Mixed) (G1 Evacuation Pause) 103M->101M(128M) 2.197ms
[2024-10-12T07:55:50.449+0800][info] GC(630) User=0.01s Sys=0.00s Real=0.00s
[2024-10-12T07:55:50.551+0800][info] GC(631) Pause Young (Normal) (G1 Evacuation Pause)
[2024-10-12T07:55:50.551+0800][info] GC(631) Using 3 workers of 48 for evacuation
[2024-10-12T07:55:50.552+0800][info] GC(631)   Pre Evacuate Collection Set: 0.1ms
[2024-10-12T07:55:50.552+0800][info] GC(631)   Merge Heap Roots: 0.1ms
[2024-10-12T07:55:50.552+0800][info] GC(631)   Evacuate Collection Set: 1.0ms
[2024-10-12T07:55:50.552+0800][info] GC(631)   Post Evacuate Collection Set: 0.2ms
[2024-10-12T07:55:50.552+0800][info] GC(631)   Other: 0.2ms
[2024-10-12T07:55:50.552+0800][info] GC(631) Eden regions: 2->0(2)
[2024-10-12T07:55:50.552+0800][info] GC(631) Survivor regions: 1->1(1)
[2024-10-12T07:55:50.553+0800][info] GC(631) Old regions: 48->50
[2024-10-12T07:55:50.553+0800][info] GC(631) Archive regions: 2->2
[2024-10-12T07:55:50.553+0800][info] GC(631) Humongous regions: 3->3
[2024-10-12T07:55:50.553+0800][info] GC(631) Metaspace: 1695K(1856K)->1695K(1856K) NonClass: 1571K(1664K)->1571K(1664K) Class: 124K(192K)->124K(192K)
[2024-10-12T07:55:50.553+0800][info] GC(631) Pause Young (Normal) (G1 Evacuation Pause) 105M->105M(128M) 1.680ms
[2024-10-12T07:55:50.553+0800][info] GC(631) User=0.00s Sys=0.00s Real=0.00s
[2024-10-12T07:55:50.654+0800][info] GC(632) Pause Young (Concurrent Start) (G1 Evacuation Pause)
[2024-10-12T07:55:50.655+0800][info] GC(632) Using 3 workers of 48 for evacuation
[2024-10-12T07:55:50.656+0800][info] GC(632)   Pre Evacuate Collection Set: 0.1ms
[2024-10-12T07:55:50.656+0800][info] GC(632)   Merge Heap Roots: 0.1ms
[2024-10-12T07:55:50.656+0800][info] GC(632)   Evacuate Collection Set: 1.0ms
[2024-10-12T07:55:50.656+0800][info] GC(632)   Post Evacuate Collection Set: 0.2ms
[2024-10-12T07:55:50.656+0800][info] GC(632)   Other: 0.4ms
[2024-10-12T07:55:50.656+0800][info] GC(632) Eden regions: 2->0(2)
[2024-10-12T07:55:50.656+0800][info] GC(632) Survivor regions: 1->1(1)
[2024-10-12T07:55:50.656+0800][info] GC(632) Old regions: 50->52
[2024-10-12T07:55:50.656+0800][info] GC(632) Archive regions: 2->2
[2024-10-12T07:55:50.656+0800][info] GC(632) Humongous regions: 3->3
[2024-10-12T07:55:50.656+0800][info] GC(632) Metaspace: 1695K(1856K)->1695K(1856K) NonClass: 1571K(1664K)->1571K(1664K) Class: 124K(192K)->124K(192K)
[2024-10-12T07:55:50.656+0800][info] GC(632) Pause Young (Concurrent Start) (G1 Evacuation Pause) 109M->109M(128M) 1.828ms
[2024-10-12T07:55:50.656+0800][info] GC(632) User=0.00s Sys=0.00s Real=0.00s
[2024-10-12T07:55:50.656+0800][info] GC(633) Concurrent Mark Cycle
[2024-10-12T07:55:50.656+0800][info] GC(633) Concurrent Clear Claimed Marks
[2024-10-12T07:55:50.657+0800][info] GC(633) Concurrent Clear Claimed Marks 0.017ms
[2024-10-12T07:55:50.657+0800][info] GC(633) Concurrent Scan Root Regions
[2024-10-12T07:55:50.657+0800][info] GC(633) Concurrent Scan Root Regions 0.151ms
[2024-10-12T07:55:50.657+0800][info] GC(633) Concurrent Mark
[2024-10-12T07:55:50.657+0800][info] GC(633) Concurrent Mark From Roots
[2024-10-12T07:55:50.657+0800][info] GC(633) Using 12 workers of 12 for marking
[2024-10-12T07:55:50.661+0800][info] GC(633) Concurrent Mark From Roots 4.046ms
[2024-10-12T07:55:50.661+0800][info] GC(633) Concurrent Preclean
[2024-10-12T07:55:50.662+0800][info] GC(633) Concurrent Preclean 1.716ms
[2024-10-12T07:55:50.663+0800][info] GC(633) Pause Remark
[2024-10-12T07:55:50.664+0800][info] GC(633) Pause Remark 110M->108M(128M) 1.718ms
[2024-10-12T07:55:50.664+0800][info] GC(633) User=0.01s Sys=0.00s Real=0.00s
[2024-10-12T07:55:50.664+0800][info] GC(633) Concurrent Mark 7.803ms
[2024-10-12T07:55:50.665+0800][info] GC(633) Concurrent Rebuild Remembered Sets
[2024-10-12T07:55:50.666+0800][info] GC(633) Concurrent Rebuild Remembered Sets 1.326ms
[2024-10-12T07:55:50.666+0800][info] GC(633) Pause Cleanup
[2024-10-12T07:55:50.666+0800][info] GC(633) Pause Cleanup 108M->108M(128M) 0.293ms
[2024-10-12T07:55:50.666+0800][info] GC(633) User=0.00s Sys=0.00s Real=0.00s
[2024-10-12T07:55:50.666+0800][info] GC(633) Concurrent Cleanup for Next Mark
[2024-10-12T07:55:50.667+0800][info] GC(633) Concurrent Cleanup for Next Mark 0.406ms
[2024-10-12T07:55:50.667+0800][info] GC(633) Concurrent Mark Cycle 10.341ms
[2024-10-12T07:55:50.810+0800][info] GC(634) Pause Young (Prepare Mixed) (G1 Evacuation Pause)
[2024-10-12T07:55:50.810+0800][info] GC(634) Using 3 workers of 48 for evacuation
[2024-10-12T07:55:50.811+0800][info] GC(634)   Pre Evacuate Collection Set: 0.1ms
[2024-10-12T07:55:50.811+0800][info] GC(634)   Merge Heap Roots: 0.1ms
[2024-10-12T07:55:50.811+0800][info] GC(634)   Evacuate Collection Set: 1.0ms
[2024-10-12T07:55:50.811+0800][info] GC(634)   Post Evacuate Collection Set: 0.2ms
[2024-10-12T07:55:50.811+0800][info] GC(634)   Other: 0.2ms
[2024-10-12T07:55:50.811+0800][info] GC(634) Eden regions: 2->0(2)
[2024-10-12T07:55:50.811+0800][info] GC(634) Survivor regions: 1->1(1)
[2024-10-12T07:55:50.811+0800][info] GC(634) Old regions: 51->53
[2024-10-12T07:55:50.811+0800][info] GC(634) Archive regions: 2->2
[2024-10-12T07:55:50.811+0800][info] GC(634) Humongous regions: 3->3
[2024-10-12T07:55:50.811+0800][info] GC(634) Metaspace: 1695K(1856K)->1695K(1856K) NonClass: 1571K(1664K)->1571K(1664K) Class: 124K(192K)->124K(192K)
[2024-10-12T07:55:50.811+0800][info] GC(634) Pause Young (Prepare Mixed) (G1 Evacuation Pause) 111M->112M(128M) 1.715ms
[2024-10-12T07:55:50.811+0800][info] GC(634) User=0.00s Sys=0.00s Real=0.00s
[2024-10-12T07:55:50.873+0800][info] GC(635) Pause Young (Mixed) (G1 Preventive Collection)
[2024-10-12T07:55:50.873+0800][info] GC(635) Using 3 workers of 48 for evacuation
[2024-10-12T07:55:50.875+0800][info] GC(635)   Pre Evacuate Collection Set: 0.2ms
[2024-10-12T07:55:50.875+0800][info] GC(635)   Merge Heap Roots: 0.1ms
[2024-10-12T07:55:50.875+0800][info] GC(635)   Evacuate Collection Set: 1.5ms
[2024-10-12T07:55:50.875+0800][info] GC(635)   Post Evacuate Collection Set: 0.2ms
[2024-10-12T07:55:50.875+0800][info] GC(635)   Other: 0.2ms
[2024-10-12T07:55:50.875+0800][info] GC(635) Eden regions: 1->0(2)
[2024-10-12T07:55:50.875+0800][info] GC(635) Survivor regions: 1->1(1)
[2024-10-12T07:55:50.875+0800][info] GC(635) Old regions: 53->49
[2024-10-12T07:55:50.875+0800][info] GC(635) Archive regions: 2->2
[2024-10-12T07:55:50.875+0800][info] GC(635) Humongous regions: 3->3
[2024-10-12T07:55:50.875+0800][info] GC(635) Metaspace: 1695K(1856K)->1695K(1856K) NonClass: 1571K(1664K)->1571K(1664K) Class: 124K(192K)->124K(192K)
[2024-10-12T07:55:50.875+0800][info] GC(635) Pause Young (Mixed) (G1 Preventive Collection) 113M->105M(128M) 2.277ms
[2024-10-12T07:55:50.875+0800][info] GC(635) User=0.01s Sys=0.00s Real=0.01s
[2024-10-12T07:55:50.977+0800][info] GC(636) Pause Young (Mixed) (G1 Evacuation Pause)
[2024-10-12T07:55:50.977+0800][info] GC(636) Using 3 workers of 48 for evacuation
[2024-10-12T07:55:50.980+0800][info] GC(636)   Pre Evacuate Collection Set: 0.1ms
[2024-10-12T07:55:50.980+0800][info] GC(636)   Merge Heap Roots: 0.1ms
[2024-10-12T07:55:50.980+0800][info] GC(636)   Evacuate Collection Set: 2.2ms
[2024-10-12T07:55:50.980+0800][info] GC(636)   Post Evacuate Collection Set: 0.3ms
[2024-10-12T07:55:50.980+0800][info] GC(636)   Other: 0.2ms
[2024-10-12T07:55:50.980+0800][info] GC(636) Eden regions: 2->0(2)
[2024-10-12T07:55:50.980+0800][info] GC(636) Survivor regions: 1->1(1)
[2024-10-12T07:55:50.980+0800][info] GC(636) Old regions: 49->47
[2024-10-12T07:55:50.980+0800][info] GC(636) Archive regions: 2->2
[2024-10-12T07:55:50.980+0800][info] GC(636) Humongous regions: 3->3
[2024-10-12T07:55:50.980+0800][info] GC(636) Metaspace: 1695K(1856K)->1695K(1856K) NonClass: 1571K(1664K)->1571K(1664K) Class: 124K(192K)->124K(192K)
[2024-10-12T07:55:50.980+0800][info] GC(636) Pause Young (Mixed) (G1 Evacuation Pause) 109M->102M(128M) 2.957ms
[2024-10-12T07:55:50.980+0800][info] GC(636) User=0.01s Sys=0.00s Real=0.00s
[2024-10-12T07:55:51.083+0800][info] GC(637) Pause Young (Mixed) (G1 Evacuation Pause)
[2024-10-12T07:55:51.083+0800][info] GC(637) Using 3 workers of 48 for evacuation
[2024-10-12T07:55:51.085+0800][info] GC(637)   Pre Evacuate Collection Set: 0.1ms
[2024-10-12T07:55:51.085+0800][info] GC(637)   Merge Heap Roots: 0.1ms
[2024-10-12T07:55:51.085+0800][info] GC(637)   Evacuate Collection Set: 1.4ms
[2024-10-12T07:55:51.085+0800][info] GC(637)   Post Evacuate Collection Set: 0.2ms
[2024-10-12T07:55:51.085+0800][info] GC(637)   Other: 0.2ms
[2024-10-12T07:55:51.085+0800][info] GC(637) Eden regions: 2->0(2)
[2024-10-12T07:55:51.085+0800][info] GC(637) Survivor regions: 1->1(1)
[2024-10-12T07:55:51.085+0800][info] GC(637) Old regions: 47->47
[2024-10-12T07:55:51.085+0800][info] GC(637) Archive regions: 2->2
[2024-10-12T07:55:51.085+0800][info] GC(637) Humongous regions: 3->3
[2024-10-12T07:55:51.085+0800][info] GC(637) Metaspace: 1695K(1856K)->1695K(1856K) NonClass: 1571K(1664K)->1571K(1664K) Class: 124K(192K)->124K(192K)
[2024-10-12T07:55:51.085+0800][info] GC(637) Pause Young (Mixed) (G1 Evacuation Pause) 106M->102M(128M) 2.123ms
[2024-10-12T07:55:51.085+0800][info] GC(637) User=0.01s Sys=0.00s Real=0.00s
[2024-10-12T07:55:51.187+0800][info] GC(638) Pause Young (Normal) (G1 Evacuation Pause)
[2024-10-12T07:55:51.187+0800][info] GC(638) Using 3 workers of 48 for evacuation
[2024-10-12T07:55:51.188+0800][info] GC(638)   Pre Evacuate Collection Set: 0.1ms
[2024-10-12T07:55:51.188+0800][info] GC(638)   Merge Heap Roots: 0.1ms
[2024-10-12T07:55:51.188+0800][info] GC(638)   Evacuate Collection Set: 0.9ms
[2024-10-12T07:55:51.188+0800][info] GC(638)   Post Evacuate Collection Set: 0.2ms
[2024-10-12T07:55:51.188+0800][info] GC(638)   Other: 0.2ms
[2024-10-12T07:55:51.188+0800][info] GC(638) Eden regions: 2->0(2)
[2024-10-12T07:55:51.188+0800][info] GC(638) Survivor regions: 1->1(1)
[2024-10-12T07:55:51.188+0800][info] GC(638) Old regions: 47->49
[2024-10-12T07:55:51.188+0800][info] GC(638) Archive regions: 2->2
[2024-10-12T07:55:51.188+0800][info] GC(638) Humongous regions: 3->3
[2024-10-12T07:55:51.188+0800][info] GC(638) Metaspace: 1695K(1856K)->1695K(1856K) NonClass: 1571K(1664K)->1571K(1664K) Class: 124K(192K)->124K(192K)
[2024-10-12T07:55:51.188+0800][info] GC(638) Pause Young (Normal) (G1 Evacuation Pause) 106M->106M(128M) 1.576ms
[2024-10-12T07:55:51.188+0800][info] GC(638) User=0.00s Sys=0.00s Real=0.00s
[2024-10-12T07:55:51.291+0800][info] GC(639) Pause Young (Normal) (G1 Evacuation Pause)
[2024-10-12T07:55:51.291+0800][info] GC(639) Using 3 workers of 48 for evacuation
[2024-10-12T07:55:51.292+0800][info] GC(639)   Pre Evacuate Collection Set: 0.1ms
[2024-10-12T07:55:51.292+0800][info] GC(639)   Merge Heap Roots: 0.0ms
[2024-10-12T07:55:51.292+0800][info] GC(639)   Evacuate Collection Set: 0.9ms
[2024-10-12T07:55:51.292+0800][info] GC(639)   Post Evacuate Collection Set: 0.2ms
[2024-10-12T07:55:51.292+0800][info] GC(639)   Other: 0.2ms
[2024-10-12T07:55:51.292+0800][info] GC(639) Eden regions: 2->0(2)
[2024-10-12T07:55:51.292+0800][info] GC(639) Survivor regions: 1->1(1)
[2024-10-12T07:55:51.292+0800][info] GC(639) Old regions: 49->51
[2024-10-12T07:55:51.292+0800][info] GC(639) Archive regions: 2->2
[2024-10-12T07:55:51.292+0800][info] GC(639) Humongous regions: 3->3
[2024-10-12T07:55:51.292+0800][info] GC(639) Metaspace: 1695K(1856K)->1695K(1856K) NonClass: 1571K(1664K)->1571K(1664K) Class: 124K(192K)->124K(192K)
[2024-10-12T07:55:51.292+0800][info] GC(639) Pause Young (Normal) (G1 Evacuation Pause) 110M->110M(128M) 1.609ms
[2024-10-12T07:55:51.292+0800][info] GC(639) User=0.01s Sys=0.00s Real=0.00s
[2024-10-12T07:55:51.394+0800][info] GC(640) Pause Young (Concurrent Start) (G1 Evacuation Pause)
[2024-10-12T07:55:51.394+0800][info] GC(640) Using 3 workers of 48 for evacuation
[2024-10-12T07:55:51.396+0800][info] GC(640)   Pre Evacuate Collection Set: 0.1ms
[2024-10-12T07:55:51.396+0800][info] GC(640)   Merge Heap Roots: 0.1ms
[2024-10-12T07:55:51.396+0800][info] GC(640)   Evacuate Collection Set: 1.1ms
[2024-10-12T07:55:51.396+0800][info] GC(640)   Post Evacuate Collection Set: 0.2ms
[2024-10-12T07:55:51.396+0800][info] GC(640)   Other: 0.4ms
[2024-10-12T07:55:51.396+0800][info] GC(640) Eden regions: 2->0(2)
[2024-10-12T07:55:51.396+0800][info] GC(640) Survivor regions: 1->1(1)
[2024-10-12T07:55:51.396+0800][info] GC(640) Old regions: 51->53
[2024-10-12T07:55:51.396+0800][info] GC(640) Archive regions: 2->2
[2024-10-12T07:55:51.396+0800][info] GC(640) Humongous regions: 3->3
[2024-10-12T07:55:51.396+0800][info] GC(640) Metaspace: 1695K(1856K)->1695K(1856K) NonClass: 1571K(1664K)->1571K(1664K) Class: 124K(192K)->124K(192K)
[2024-10-12T07:55:51.396+0800][info] GC(640) Pause Young (Concurrent Start) (G1 Evacuation Pause) 113M->114M(128M) 1.878ms
[2024-10-12T07:55:51.396+0800][info] GC(640) User=0.00s Sys=0.00s Real=0.00s
[2024-10-12T07:55:51.396+0800][info] GC(641) Concurrent Mark Cycle
[2024-10-12T07:55:51.396+0800][info] GC(641) Concurrent Clear Claimed Marks
[2024-10-12T07:55:51.396+0800][info] GC(641) Concurrent Clear Claimed Marks 0.016ms
[2024-10-12T07:55:51.396+0800][info] GC(641) Concurrent Scan Root Regions
[2024-10-12T07:55:51.396+0800][info] GC(641) Concurrent Scan Root Regions 0.141ms
[2024-10-12T07:55:51.396+0800][info] GC(641) Concurrent Mark
[2024-10-12T07:55:51.396+0800][info] GC(641) Concurrent Mark From Roots
[2024-10-12T07:55:51.396+0800][info] GC(641) Using 12 workers of 12 for marking
[2024-10-12T07:55:51.401+0800][info] GC(641) Concurrent Mark From Roots 4.116ms
[2024-10-12T07:55:51.401+0800][info] GC(641) Concurrent Preclean
[2024-10-12T07:55:51.402+0800][info] GC(641) Concurrent Preclean 1.701ms
[2024-10-12T07:55:51.402+0800][info] GC(641) Pause Remark
[2024-10-12T07:55:51.404+0800][info] GC(641) Pause Remark 114M->111M(128M) 1.583ms
[2024-10-12T07:55:51.404+0800][info] GC(641) User=0.00s Sys=0.01s Real=0.00s
[2024-10-12T07:55:51.404+0800][info] GC(641) Concurrent Mark 7.703ms
[2024-10-12T07:55:51.404+0800][info] GC(641) Concurrent Rebuild Remembered Sets
[2024-10-12T07:55:51.405+0800][info] GC(641) Concurrent Rebuild Remembered Sets 1.272ms
[2024-10-12T07:55:51.406+0800][info] GC(641) Pause Cleanup
[2024-10-12T07:55:51.406+0800][info] GC(641) Pause Cleanup 111M->111M(128M) 0.256ms
[2024-10-12T07:55:51.406+0800][info] GC(641) User=0.00s Sys=0.00s Real=0.00s
[2024-10-12T07:55:51.406+0800][info] GC(641) Concurrent Cleanup for Next Mark
[2024-10-12T07:55:51.406+0800][info] GC(641) Concurrent Cleanup for Next Mark 0.392ms
[2024-10-12T07:55:51.406+0800][info] GC(641) Concurrent Mark Cycle 10.070ms
[2024-10-12T07:55:51.549+0800][info] GC(642) Pause Young (Prepare Mixed) (G1 Evacuation Pause)
[2024-10-12T07:55:51.549+0800][info] GC(642) Using 3 workers of 48 for evacuation
[2024-10-12T07:55:51.551+0800][info] GC(642)   Pre Evacuate Collection Set: 0.1ms
[2024-10-12T07:55:51.551+0800][info] GC(642)   Merge Heap Roots: 0.1ms
[2024-10-12T07:55:51.551+0800][info] GC(642)   Evacuate Collection Set: 1.0ms
[2024-10-12T07:55:51.551+0800][info] GC(642)   Post Evacuate Collection Set: 0.2ms
[2024-10-12T07:55:51.551+0800][info] GC(642)   Other: 0.2ms
[2024-10-12T07:55:51.551+0800][info] GC(642) Eden regions: 2->0(2)
[2024-10-12T07:55:51.551+0800][info] GC(642) Survivor regions: 1->1(1)
[2024-10-12T07:55:51.551+0800][info] GC(642) Old regions: 51->53
[2024-10-12T07:55:51.551+0800][info] GC(642) Archive regions: 2->2
[2024-10-12T07:55:51.551+0800][info] GC(642) Humongous regions: 3->3
[2024-10-12T07:55:51.551+0800][info] GC(642) Metaspace: 1695K(1856K)->1695K(1856K) NonClass: 1571K(1664K)->1571K(1664K) Class: 124K(192K)->124K(192K)
[2024-10-12T07:55:51.551+0800][info] GC(642) Pause Young (Prepare Mixed) (G1 Evacuation Pause) 114M->114M(128M) 1.673ms
[2024-10-12T07:55:51.551+0800][info] GC(642) User=0.01s Sys=0.00s Real=0.00s
[2024-10-12T07:55:51.612+0800][info] GC(643) Pause Young (Mixed) (G1 Preventive Collection)
[2024-10-12T07:55:51.612+0800][info] GC(643) Using 3 workers of 48 for evacuation
[2024-10-12T07:55:51.614+0800][info] GC(643) To-space exhausted
[2024-10-12T07:55:51.614+0800][info] GC(643)   Pre Evacuate Collection Set: 0.1ms
[2024-10-12T07:55:51.614+0800][info] GC(643)   Merge Heap Roots: 0.1ms
[2024-10-12T07:55:51.614+0800][info] GC(643)   Evacuate Collection Set: 1.3ms
[2024-10-12T07:55:51.614+0800][info] GC(643)   Post Evacuate Collection Set: 0.3ms
[2024-10-12T07:55:51.614+0800][info] GC(643)   Other: 0.2ms
[2024-10-12T07:55:51.614+0800][info] GC(643) Eden regions: 1->0(2)
[2024-10-12T07:55:51.614+0800][info] GC(643) Survivor regions: 1->1(1)
[2024-10-12T07:55:51.614+0800][info] GC(643) Old regions: 53->50
[2024-10-12T07:55:51.614+0800][info] GC(643) Archive regions: 2->2
[2024-10-12T07:55:51.614+0800][info] GC(643) Humongous regions: 3->3
[2024-10-12T07:55:51.614+0800][info] GC(643) Metaspace: 1695K(1856K)->1695K(1856K) NonClass: 1571K(1664K)->1571K(1664K) Class: 124K(192K)->124K(192K)
[2024-10-12T07:55:51.614+0800][info] GC(643) Pause Young (Mixed) (G1 Preventive Collection) 116M->109M(128M) 2.139ms
[2024-10-12T07:55:51.614+0800][info] GC(643) User=0.01s Sys=0.00s Real=0.01s
[2024-10-12T07:55:51.655+0800][info] GC(644) Pause Young (Mixed) (G1 Preventive Collection)
[2024-10-12T07:55:51.656+0800][info] GC(644) Using 3 workers of 48 for evacuation
[2024-10-12T07:55:51.658+0800][info] GC(644)   Pre Evacuate Collection Set: 0.1ms
[2024-10-12T07:55:51.658+0800][info] GC(644)   Merge Heap Roots: 0.1ms
[2024-10-12T07:55:51.658+0800][info] GC(644)   Evacuate Collection Set: 2.2ms
[2024-10-12T07:55:51.658+0800][info] GC(644)   Post Evacuate Collection Set: 0.2ms
[2024-10-12T07:55:51.658+0800][info] GC(644)   Other: 0.2ms
[2024-10-12T07:55:51.658+0800][info] GC(644) Eden regions: 2->0(2)
[2024-10-12T07:55:51.658+0800][info] GC(644) Survivor regions: 1->1(1)
[2024-10-12T07:55:51.658+0800][info] GC(644) Old regions: 50->48
[2024-10-12T07:55:51.658+0800][info] GC(644) Archive regions: 2->2
[2024-10-12T07:55:51.658+0800][info] GC(644) Humongous regions: 3->3
[2024-10-12T07:55:51.658+0800][info] GC(644) Metaspace: 1695K(1856K)->1695K(1856K) NonClass: 1571K(1664K)->1571K(1664K) Class: 124K(192K)->124K(192K)
[2024-10-12T07:55:51.658+0800][info] GC(644) Pause Young (Mixed) (G1 Preventive Collection) 111M->105M(128M) 2.910ms
[2024-10-12T07:55:51.658+0800][info] GC(644) User=0.00s Sys=0.00s Real=0.00s
[2024-10-12T07:55:51.782+0800][info] GC(645) Pause Young (Mixed) (G1 Evacuation Pause)
[2024-10-12T07:55:51.782+0800][info] GC(645) Using 3 workers of 48 for evacuation
[2024-10-12T07:55:51.784+0800][info] GC(645)   Pre Evacuate Collection Set: 0.1ms
[2024-10-12T07:55:51.784+0800][info] GC(645)   Merge Heap Roots: 0.1ms
[2024-10-12T07:55:51.784+0800][info] GC(645)   Evacuate Collection Set: 1.7ms
[2024-10-12T07:55:51.784+0800][info] GC(645)   Post Evacuate Collection Set: 0.2ms
[2024-10-12T07:55:51.784+0800][info] GC(645)   Other: 0.2ms
[2024-10-12T07:55:51.784+0800][info] GC(645) Eden regions: 2->0(2)
[2024-10-12T07:55:51.784+0800][info] GC(645) Survivor regions: 1->1(1)
[2024-10-12T07:55:51.784+0800][info] GC(645) Old regions: 48->49
[2024-10-12T07:55:51.784+0800][info] GC(645) Archive regions: 2->2
[2024-10-12T07:55:51.784+0800][info] GC(645) Humongous regions: 4->3
[2024-10-12T07:55:51.784+0800][info] GC(645) Metaspace: 1695K(1856K)->1695K(1856K) NonClass: 1571K(1664K)->1571K(1664K) Class: 124K(192K)->124K(192K)
[2024-10-12T07:55:51.784+0800][info] GC(645) Pause Young (Mixed) (G1 Evacuation Pause) 111M->106M(128M) 2.455ms
[2024-10-12T07:55:51.784+0800][info] GC(645) User=0.00s Sys=0.00s Real=0.00s
[2024-10-12T07:55:51.886+0800][info] GC(646) Pause Young (Normal) (G1 Evacuation Pause)
[2024-10-12T07:55:51.886+0800][info] GC(646) Using 3 workers of 48 for evacuation
[2024-10-12T07:55:51.888+0800][info] GC(646)   Pre Evacuate Collection Set: 0.1ms
[2024-10-12T07:55:51.888+0800][info] GC(646)   Merge Heap Roots: 0.1ms
[2024-10-12T07:55:51.888+0800][info] GC(646)   Evacuate Collection Set: 1.0ms
[2024-10-12T07:55:51.888+0800][info] GC(646)   Post Evacuate Collection Set: 0.2ms
[2024-10-12T07:55:51.888+0800][info] GC(646)   Other: 0.2ms
[2024-10-12T07:55:51.888+0800][info] GC(646) Eden regions: 2->0(2)
[2024-10-12T07:55:51.888+0800][info] GC(646) Survivor regions: 1->1(1)
[2024-10-12T07:55:51.888+0800][info] GC(646) Old regions: 49->51
[2024-10-12T07:55:51.888+0800][info] GC(646) Archive regions: 2->2
[2024-10-12T07:55:51.888+0800][info] GC(646) Humongous regions: 3->3
[2024-10-12T07:55:51.888+0800][info] GC(646) Metaspace: 1695K(1856K)->1695K(1856K) NonClass: 1571K(1664K)->1571K(1664K) Class: 124K(192K)->124K(192K)
[2024-10-12T07:55:51.888+0800][info] GC(646) Pause Young (Normal) (G1 Evacuation Pause) 110M->110M(128M) 1.621ms
[2024-10-12T07:55:51.888+0800][info] GC(646) User=0.01s Sys=0.00s Real=0.00s
[2024-10-12T07:55:51.990+0800][info] GC(647) Pause Young (Concurrent Start) (G1 Evacuation Pause)
[2024-10-12T07:55:51.990+0800][info] GC(647) Using 3 workers of 48 for evacuation
[2024-10-12T07:55:51.992+0800][info] GC(647)   Pre Evacuate Collection Set: 0.1ms
[2024-10-12T07:55:51.992+0800][info] GC(647)   Merge Heap Roots: 0.1ms
[2024-10-12T07:55:51.992+0800][info] GC(647)   Evacuate Collection Set: 0.9ms
[2024-10-12T07:55:51.992+0800][info] GC(647)   Post Evacuate Collection Set: 0.2ms
[2024-10-12T07:55:51.992+0800][info] GC(647)   Other: 0.4ms
[2024-10-12T07:55:51.992+0800][info] GC(647) Eden regions: 2->0(2)
[2024-10-12T07:55:51.992+0800][info] GC(647) Survivor regions: 1->1(1)
[2024-10-12T07:55:51.992+0800][info] GC(647) Old regions: 51->53
[2024-10-12T07:55:51.992+0800][info] GC(647) Archive regions: 2->2
[2024-10-12T07:55:51.992+0800][info] GC(647) Humongous regions: 3->3
[2024-10-12T07:55:51.992+0800][info] GC(647) Metaspace: 1695K(1856K)->1695K(1856K) NonClass: 1571K(1664K)->1571K(1664K) Class: 124K(192K)->124K(192K)
[2024-10-12T07:55:51.992+0800][info] GC(647) Pause Young (Concurrent Start) (G1 Evacuation Pause) 114M->114M(128M) 1.798ms
[2024-10-12T07:55:51.992+0800][info] GC(647) User=0.00s Sys=0.00s Real=0.00s
[2024-10-12T07:55:51.992+0800][info] GC(648) Concurrent Mark Cycle
[2024-10-12T07:55:51.992+0800][info] GC(648) Concurrent Clear Claimed Marks
[2024-10-12T07:55:51.992+0800][info] GC(648) Concurrent Clear Claimed Marks 0.017ms
[2024-10-12T07:55:51.992+0800][info] GC(648) Concurrent Scan Root Regions
[2024-10-12T07:55:51.992+0800][info] GC(648) Concurrent Scan Root Regions 0.154ms
[2024-10-12T07:55:51.992+0800][info] GC(648) Concurrent Mark
[2024-10-12T07:55:51.992+0800][info] GC(648) Concurrent Mark From Roots
[2024-10-12T07:55:51.992+0800][info] GC(648) Using 12 workers of 12 for marking
[2024-10-12T07:55:51.997+0800][info] GC(648) Concurrent Mark From Roots 4.500ms
[2024-10-12T07:55:51.997+0800][info] GC(648) Concurrent Preclean
[2024-10-12T07:55:51.999+0800][info] GC(648) Concurrent Preclean 1.703ms
[2024-10-12T07:55:51.999+0800][info] GC(648) Pause Remark
[2024-10-12T07:55:52.000+0800][info] GC(648) Pause Remark 115M->111M(128M) 1.623ms
[2024-10-12T07:55:52.000+0800][info] GC(648) User=0.01s Sys=0.00s Real=0.00s
[2024-10-12T07:55:52.000+0800][info] GC(648) Concurrent Mark 8.134ms
[2024-10-12T07:55:52.000+0800][info] GC(648) Concurrent Rebuild Remembered Sets
[2024-10-12T07:55:52.002+0800][info] GC(648) Concurrent Rebuild Remembered Sets 1.249ms
[2024-10-12T07:55:52.002+0800][info] GC(648) Pause Cleanup
[2024-10-12T07:55:52.002+0800][info] GC(648) Pause Cleanup 111M->111M(128M) 0.287ms
[2024-10-12T07:55:52.002+0800][info] GC(648) User=0.00s Sys=0.00s Real=0.00s
[2024-10-12T07:55:52.002+0800][info] GC(648) Concurrent Cleanup for Next Mark
[2024-10-12T07:55:52.003+0800][info] GC(648) Concurrent Cleanup for Next Mark 0.410ms
[2024-10-12T07:55:52.003+0800][info] GC(648) Concurrent Mark Cycle 10.598ms
[2024-10-12T07:55:52.145+0800][info] GC(649) Pause Young (Prepare Mixed) (G1 Evacuation Pause)
[2024-10-12T07:55:52.145+0800][info] GC(649) Using 3 workers of 48 for evacuation
[2024-10-12T07:55:52.147+0800][info] GC(649)   Pre Evacuate Collection Set: 0.1ms
[2024-10-12T07:55:52.147+0800][info] GC(649)   Merge Heap Roots: 0.1ms
[2024-10-12T07:55:52.147+0800][info] GC(649)   Evacuate Collection Set: 1.0ms
[2024-10-12T07:55:52.147+0800][info] GC(649)   Post Evacuate Collection Set: 0.2ms
[2024-10-12T07:55:52.147+0800][info] GC(649)   Other: 0.3ms
[2024-10-12T07:55:52.147+0800][info] GC(649) Eden regions: 2->0(2)
[2024-10-12T07:55:52.147+0800][info] GC(649) Survivor regions: 1->1(1)
[2024-10-12T07:55:52.147+0800][info] GC(649) Old regions: 51->52
[2024-10-12T07:55:52.147+0800][info] GC(649) Archive regions: 2->2
[2024-10-12T07:55:52.147+0800][info] GC(649) Humongous regions: 3->3
[2024-10-12T07:55:52.147+0800][info] GC(649) Metaspace: 1695K(1856K)->1695K(1856K) NonClass: 1571K(1664K)->1571K(1664K) Class: 124K(192K)->124K(192K)
[2024-10-12T07:55:52.147+0800][info] GC(649) Pause Young (Prepare Mixed) (G1 Evacuation Pause) 114M->113M(128M) 1.712ms
[2024-10-12T07:55:52.147+0800][info] GC(649) User=0.01s Sys=0.00s Real=0.00s
[2024-10-12T07:55:52.249+0800][info] GC(650) Pause Young (Mixed) (G1 Preventive Collection)
[2024-10-12T07:55:52.249+0800][info] GC(650) Using 3 workers of 48 for evacuation
[2024-10-12T07:55:52.251+0800][info] GC(650) To-space exhausted
[2024-10-12T07:55:52.251+0800][info] GC(650)   Pre Evacuate Collection Set: 0.1ms
[2024-10-12T07:55:52.251+0800][info] GC(650)   Merge Heap Roots: 0.1ms
[2024-10-12T07:55:52.251+0800][info] GC(650)   Evacuate Collection Set: 1.3ms
[2024-10-12T07:55:52.251+0800][info] GC(650)   Post Evacuate Collection Set: 0.3ms
[2024-10-12T07:55:52.251+0800][info] GC(650)   Other: 0.2ms
[2024-10-12T07:55:52.251+0800][info] GC(650) Eden regions: 2->0(2)
[2024-10-12T07:55:52.251+0800][info] GC(650) Survivor regions: 1->1(1)
[2024-10-12T07:55:52.251+0800][info] GC(650) Old regions: 52->54
[2024-10-12T07:55:52.251+0800][info] GC(650) Archive regions: 2->2
[2024-10-12T07:55:52.251+0800][info] GC(650) Humongous regions: 3->3
[2024-10-12T07:55:52.251+0800][info] GC(650) Metaspace: 1695K(1856K)->1695K(1856K) NonClass: 1571K(1664K)->1571K(1664K) Class: 124K(192K)->124K(192K)
[2024-10-12T07:55:52.251+0800][info] GC(650) Pause Young (Mixed) (G1 Preventive Collection) 116M->117M(128M) 2.139ms
[2024-10-12T07:55:52.251+0800][info] GC(650) User=0.00s Sys=0.00s Real=0.00s
[2024-10-12T07:55:52.312+0800][info] GC(651) Pause Young (Mixed) (G1 Preventive Collection)
[2024-10-12T07:55:52.312+0800][info] GC(651) Using 3 workers of 48 for evacuation
[2024-10-12T07:55:52.314+0800][info] GC(651) To-space exhausted
[2024-10-12T07:55:52.314+0800][info] GC(651)   Pre Evacuate Collection Set: 0.1ms
[2024-10-12T07:55:52.314+0800][info] GC(651)   Merge Heap Roots: 0.1ms
[2024-10-12T07:55:52.314+0800][info] GC(651)   Evacuate Collection Set: 1.1ms
[2024-10-12T07:55:52.314+0800][info] GC(651)   Post Evacuate Collection Set: 0.3ms
[2024-10-12T07:55:52.314+0800][info] GC(651)   Other: 0.2ms
[2024-10-12T07:55:52.314+0800][info] GC(651) Eden regions: 1->0(2)
[2024-10-12T07:55:52.314+0800][info] GC(651) Survivor regions: 1->1(1)
[2024-10-12T07:55:52.314+0800][info] GC(651) Old regions: 54->57
[2024-10-12T07:55:52.314+0800][info] GC(651) Archive regions: 2->2
[2024-10-12T07:55:52.314+0800][info] GC(651) Humongous regions: 3->3
[2024-10-12T07:55:52.314+0800][info] GC(651) Metaspace: 1695K(1856K)->1695K(1856K) NonClass: 1571K(1664K)->1571K(1664K) Class: 124K(192K)->124K(192K)
[2024-10-12T07:55:52.314+0800][info] GC(651) Pause Young (Mixed) (G1 Preventive Collection) 119M->123M(128M) 1.872ms
[2024-10-12T07:55:52.314+0800][info] GC(651) User=0.00s Sys=0.00s Real=0.01s
[2024-10-12T07:55:52.356+0800][info] GC(652) Pause Young (Mixed) (G1 Evacuation Pause)
[2024-10-12T07:55:52.356+0800][info] GC(652) Using 3 workers of 48 for evacuation
[2024-10-12T07:55:52.356+0800][info] GC(652) To-space exhausted
[2024-10-12T07:55:52.356+0800][info] GC(652)   Pre Evacuate Collection Set: 0.1ms
[2024-10-12T07:55:52.356+0800][info] GC(652)   Merge Heap Roots: 0.1ms
[2024-10-12T07:55:52.357+0800][info] GC(652)   Evacuate Collection Set: 0.4ms
[2024-10-12T07:55:52.357+0800][info] GC(652)   Post Evacuate Collection Set: 0.3ms
[2024-10-12T07:55:52.357+0800][info] GC(652)   Other: 0.2ms
[2024-10-12T07:55:52.357+0800][info] GC(652) Eden regions: 1->0(3)
[2024-10-12T07:55:52.357+0800][info] GC(652) Survivor regions: 1->0(0)
[2024-10-12T07:55:52.357+0800][info] GC(652) Old regions: 57->59
[2024-10-12T07:55:52.357+0800][info] GC(652) Archive regions: 2->2
[2024-10-12T07:55:52.357+0800][info] GC(652) Humongous regions: 3->3
[2024-10-12T07:55:52.357+0800][info] GC(652) Metaspace: 1695K(1856K)->1695K(1856K) NonClass: 1571K(1664K)->1571K(1664K) Class: 124K(192K)->124K(192K)
[2024-10-12T07:55:52.357+0800][info] GC(652) Pause Young (Mixed) (G1 Evacuation Pause) 125M->125M(128M) 1.081ms
[2024-10-12T07:55:52.357+0800][info] GC(652) User=0.00s Sys=0.00s Real=0.00s
[2024-10-12T07:55:52.357+0800][info] Attempting full compaction
[2024-10-12T07:55:52.357+0800][info] GC(653) Using 3 workers of 48 for full compaction
[2024-10-12T07:55:52.357+0800][info] GC(653) Pause Full (G1 Compaction Pause)
[2024-10-12T07:55:52.357+0800][info] GC(653) Phase 1: Mark live objects
[2024-10-12T07:55:52.360+0800][info] GC(653) Phase 1: Mark live objects 3.393ms
[2024-10-12T07:55:52.360+0800][info] GC(653) Phase 2: Prepare for compaction
[2024-10-12T07:55:52.361+0800][info] GC(653) Phase 2: Prepare for compaction 0.601ms
[2024-10-12T07:55:52.361+0800][info] GC(653) Phase 3: Adjust pointers
[2024-10-12T07:55:52.363+0800][info] GC(653) Phase 3: Adjust pointers 1.767ms
[2024-10-12T07:55:52.363+0800][info] GC(653) Phase 4: Compact heap
[2024-10-12T07:55:52.409+0800][info] GC(653) Phase 4: Compact heap 46.692ms
[2024-10-12T07:55:52.413+0800][info] GC(653) Eden regions: 0->0(3)
[2024-10-12T07:55:52.413+0800][info] GC(653) Survivor regions: 0->0(0)
[2024-10-12T07:55:52.413+0800][info] GC(653) Old regions: 59->39
[2024-10-12T07:55:52.413+0800][info] GC(653) Archive regions: 2->2
[2024-10-12T07:55:52.413+0800][info] GC(653) Humongous regions: 3->3
[2024-10-12T07:55:52.413+0800][info] GC(653) Metaspace: 1695K(1856K)->1695K(1856K) NonClass: 1571K(1664K)->1571K(1664K) Class: 124K(192K)->124K(192K)
[2024-10-12T07:55:52.413+0800][info] GC(653) Pause Full (G1 Compaction Pause) 125M->72M(128M) 56.064ms
[2024-10-12T07:55:52.413+0800][info] GC(653) User=0.06s Sys=0.05s Real=0.05s
[2024-10-12T07:55:52.583+0800][info] GC(654) Pause Young (Normal) (G1 Evacuation Pause)
[2024-10-12T07:55:52.583+0800][info] GC(654) Using 3 workers of 48 for evacuation
[2024-10-12T07:55:52.587+0800][info] GC(654)   Pre Evacuate Collection Set: 0.2ms
[2024-10-12T07:55:52.587+0800][info] GC(654)   Merge Heap Roots: 0.1ms
[2024-10-12T07:55:52.587+0800][info] GC(654)   Evacuate Collection Set: 4.0ms
[2024-10-12T07:55:52.587+0800][info] GC(654)   Post Evacuate Collection Set: 0.3ms
[2024-10-12T07:55:52.587+0800][info] GC(654)   Other: 0.3ms
[2024-10-12T07:55:52.587+0800][info] GC(654) Eden regions: 3->0(2)
[2024-10-12T07:55:52.587+0800][info] GC(654) Survivor regions: 0->1(1)
[2024-10-12T07:55:52.587+0800][info] GC(654) Old regions: 39->42
[2024-10-12T07:55:52.587+0800][info] GC(654) Archive regions: 2->2
[2024-10-12T07:55:52.587+0800][info] GC(654) Humongous regions: 3->3
[2024-10-12T07:55:52.587+0800][info] GC(654) Metaspace: 1695K(1856K)->1695K(1856K) NonClass: 1571K(1664K)->1571K(1664K) Class: 124K(192K)->124K(192K)
[2024-10-12T07:55:52.587+0800][info] GC(654) Pause Young (Normal) (G1 Evacuation Pause) 78M->78M(128M) 4.913ms
[2024-10-12T07:55:52.587+0800][info] GC(654) User=0.00s Sys=0.01s Real=0.01s
[2024-10-12T07:55:52.690+0800][info] GC(655) Pause Young (Normal) (G1 Evacuation Pause)
[2024-10-12T07:55:52.690+0800][info] GC(655) Using 3 workers of 48 for evacuation
[2024-10-12T07:55:52.695+0800][info] GC(655)   Pre Evacuate Collection Set: 0.1ms
[2024-10-12T07:55:52.695+0800][info] GC(655)   Merge Heap Roots: 0.1ms
[2024-10-12T07:55:52.695+0800][info] GC(655)   Evacuate Collection Set: 4.1ms
[2024-10-12T07:55:52.695+0800][info] GC(655)   Post Evacuate Collection Set: 0.2ms
[2024-10-12T07:55:52.695+0800][info] GC(655)   Other: 0.2ms
[2024-10-12T07:55:52.695+0800][info] GC(655) Eden regions: 2->0(2)
[2024-10-12T07:55:52.695+0800][info] GC(655) Survivor regions: 1->1(1)
[2024-10-12T07:55:52.695+0800][info] GC(655) Old regions: 42->44
[2024-10-12T07:55:52.695+0800][info] GC(655) Archive regions: 2->2
[2024-10-12T07:55:52.695+0800][info] GC(655) Humongous regions: 3->3
[2024-10-12T07:55:52.695+0800][info] GC(655) Metaspace: 1695K(1856K)->1695K(1856K) NonClass: 1571K(1664K)->1571K(1664K) Class: 124K(192K)->124K(192K)
[2024-10-12T07:55:52.695+0800][info] GC(655) Pause Young (Normal) (G1 Evacuation Pause) 82M->82M(128M) 4.803ms
[2024-10-12T07:55:52.695+0800][info] GC(655) User=0.01s Sys=0.01s Real=0.01s
[2024-10-12T07:55:52.797+0800][info] GC(656) Pause Young (Normal) (G1 Evacuation Pause)
[2024-10-12T07:55:52.797+0800][info] GC(656) Using 3 workers of 48 for evacuation
[2024-10-12T07:55:52.800+0800][info] GC(656)   Pre Evacuate Collection Set: 0.1ms
[2024-10-12T07:55:52.800+0800][info] GC(656)   Merge Heap Roots: 0.0ms
[2024-10-12T07:55:52.800+0800][info] GC(656)   Evacuate Collection Set: 2.3ms
[2024-10-12T07:55:52.800+0800][info] GC(656)   Post Evacuate Collection Set: 0.2ms
[2024-10-12T07:55:52.800+0800][info] GC(656)   Other: 0.2ms
[2024-10-12T07:55:52.800+0800][info] GC(656) Eden regions: 2->0(2)
[2024-10-12T07:55:52.800+0800][info] GC(656) Survivor regions: 1->1(1)
[2024-10-12T07:55:52.800+0800][info] GC(656) Old regions: 44->46
[2024-10-12T07:55:52.800+0800][info] GC(656) Archive regions: 2->2
[2024-10-12T07:55:52.800+0800][info] GC(656) Humongous regions: 3->3
[2024-10-12T07:55:52.800+0800][info] GC(656) Metaspace: 1695K(1856K)->1695K(1856K) NonClass: 1571K(1664K)->1571K(1664K) Class: 124K(192K)->124K(192K)
[2024-10-12T07:55:52.800+0800][info] GC(656) Pause Young (Normal) (G1 Evacuation Pause) 86M->86M(128M) 2.946ms
[2024-10-12T07:55:52.800+0800][info] GC(656) User=0.00s Sys=0.00s Real=0.00s
[2024-10-12T07:55:52.902+0800][info] GC(657) Pause Young (Normal) (G1 Evacuation Pause)
[2024-10-12T07:55:52.902+0800][info] GC(657) Using 3 workers of 48 for evacuation
[2024-10-12T07:55:52.907+0800][info] GC(657)   Pre Evacuate Collection Set: 0.1ms
[2024-10-12T07:55:52.907+0800][info] GC(657)   Merge Heap Roots: 0.0ms
[2024-10-12T07:55:52.907+0800][info] GC(657)   Evacuate Collection Set: 4.1ms
[2024-10-12T07:55:52.907+0800][info] GC(657)   Post Evacuate Collection Set: 0.2ms
[2024-10-12T07:55:52.907+0800][info] GC(657)   Other: 0.2ms
[2024-10-12T07:55:52.907+0800][info] GC(657) Eden regions: 2->0(2)
[2024-10-12T07:55:52.907+0800][info] GC(657) Survivor regions: 1->1(1)
[2024-10-12T07:55:52.907+0800][info] GC(657) Old regions: 46->47
[2024-10-12T07:55:52.907+0800][info] GC(657) Archive regions: 2->2
[2024-10-12T07:55:52.907+0800][info] GC(657) Humongous regions: 3->3
[2024-10-12T07:55:52.907+0800][info] GC(657) Metaspace: 1695K(1856K)->1695K(1856K) NonClass: 1571K(1664K)->1571K(1664K) Class: 124K(192K)->124K(192K)
[2024-10-12T07:55:52.907+0800][info] GC(657) Pause Young (Normal) (G1 Evacuation Pause) 90M->90M(128M) 4.789ms
[2024-10-12T07:55:52.907+0800][info] GC(657) User=0.00s Sys=0.01s Real=0.01s
[2024-10-12T07:55:53.009+0800][info] GC(658) Pause Young (Concurrent Start) (G1 Evacuation Pause)
[2024-10-12T07:55:53.009+0800][info] GC(658) Using 3 workers of 48 for evacuation
[2024-10-12T07:55:53.013+0800][info] GC(658)   Pre Evacuate Collection Set: 0.1ms
[2024-10-12T07:55:53.013+0800][info] GC(658)   Merge Heap Roots: 0.1ms
[2024-10-12T07:55:53.013+0800][info] GC(658)   Evacuate Collection Set: 3.0ms
[2024-10-12T07:55:53.013+0800][info] GC(658)   Post Evacuate Collection Set: 0.2ms
[2024-10-12T07:55:53.013+0800][info] GC(658)   Other: 0.4ms
[2024-10-12T07:55:53.013+0800][info] GC(658) Eden regions: 2->0(2)
[2024-10-12T07:55:53.013+0800][info] GC(658) Survivor regions: 1->1(1)
[2024-10-12T07:55:53.013+0800][info] GC(658) Old regions: 47->49
[2024-10-12T07:55:53.013+0800][info] GC(658) Archive regions: 2->2
[2024-10-12T07:55:53.013+0800][info] GC(658) Humongous regions: 3->3
[2024-10-12T07:55:53.013+0800][info] GC(658) Metaspace: 1695K(1856K)->1695K(1856K) NonClass: 1571K(1664K)->1571K(1664K) Class: 124K(192K)->124K(192K)
[2024-10-12T07:55:53.013+0800][info] GC(658) Pause Young (Concurrent Start) (G1 Evacuation Pause) 93M->94M(128M) 3.842ms
[2024-10-12T07:55:53.013+0800][info] GC(658) User=0.01s Sys=0.00s Real=0.00s
[2024-10-12T07:55:53.013+0800][info] GC(659) Concurrent Mark Cycle
[2024-10-12T07:55:53.013+0800][info] GC(659) Concurrent Clear Claimed Marks
[2024-10-12T07:55:53.013+0800][info] GC(659) Concurrent Clear Claimed Marks 0.017ms
[2024-10-12T07:55:53.013+0800][info] GC(659) Concurrent Scan Root Regions
[2024-10-12T07:55:53.013+0800][info] GC(659) Concurrent Scan Root Regions 0.188ms
[2024-10-12T07:55:53.013+0800][info] GC(659) Concurrent Mark
[2024-10-12T07:55:53.013+0800][info] GC(659) Concurrent Mark From Roots
[2024-10-12T07:55:53.013+0800][info] GC(659) Using 12 workers of 12 for marking
[2024-10-12T07:55:53.018+0800][info] GC(659) Concurrent Mark From Roots 4.736ms
[2024-10-12T07:55:53.018+0800][info] GC(659) Concurrent Preclean
[2024-10-12T07:55:53.020+0800][info] GC(659) Concurrent Preclean 1.694ms
[2024-10-12T07:55:53.020+0800][info] GC(659) Pause Remark
[2024-10-12T07:55:53.022+0800][info] GC(659) Pause Remark 94M->94M(128M) 2.196ms
[2024-10-12T07:55:53.022+0800][info] GC(659) User=0.00s Sys=0.00s Real=0.00s
[2024-10-12T07:55:53.022+0800][info] GC(659) Concurrent Mark 8.885ms
[2024-10-12T07:55:53.022+0800][info] GC(659) Concurrent Rebuild Remembered Sets
[2024-10-12T07:55:53.024+0800][info] GC(659) Concurrent Rebuild Remembered Sets 1.472ms
[2024-10-12T07:55:53.024+0800][info] GC(659) Pause Cleanup
[2024-10-12T07:55:53.024+0800][info] GC(659) Pause Cleanup 94M->94M(128M) 0.297ms
[2024-10-12T07:55:53.024+0800][info] GC(659) User=0.00s Sys=0.00s Real=0.00s
[2024-10-12T07:55:53.024+0800][info] GC(659) Concurrent Cleanup for Next Mark
[2024-10-12T07:55:53.026+0800][info] GC(659) Concurrent Cleanup for Next Mark 1.775ms
[2024-10-12T07:55:53.026+0800][info] GC(659) Concurrent Mark Cycle 12.989ms
[2024-10-12T07:55:53.166+0800][info] GC(660) Pause Young (Prepare Mixed) (G1 Evacuation Pause)
[2024-10-12T07:55:53.167+0800][info] GC(660) Using 3 workers of 48 for evacuation
[2024-10-12T07:55:53.171+0800][info] GC(660)   Pre Evacuate Collection Set: 0.1ms
[2024-10-12T07:55:53.171+0800][info] GC(660)   Merge Heap Roots: 0.1ms
[2024-10-12T07:55:53.171+0800][info] GC(660)   Evacuate Collection Set: 4.2ms
[2024-10-12T07:55:53.171+0800][info] GC(660)   Post Evacuate Collection Set: 0.2ms
[2024-10-12T07:55:53.171+0800][info] GC(660)   Other: 0.3ms
[2024-10-12T07:55:53.171+0800][info] GC(660) Eden regions: 2->0(2)
[2024-10-12T07:55:53.171+0800][info] GC(660) Survivor regions: 1->1(1)
[2024-10-12T07:55:53.171+0800][info] GC(660) Old regions: 49->51
[2024-10-12T07:55:53.171+0800][info] GC(660) Archive regions: 2->2
[2024-10-12T07:55:53.171+0800][info] GC(660) Humongous regions: 3->3
[2024-10-12T07:55:53.171+0800][info] GC(660) Metaspace: 1695K(1856K)->1695K(1856K) NonClass: 1571K(1664K)->1571K(1664K) Class: 124K(192K)->124K(192K)
[2024-10-12T07:55:53.171+0800][info] GC(660) Pause Young (Prepare Mixed) (G1 Evacuation Pause) 97M->97M(128M) 4.982ms
[2024-10-12T07:55:53.171+0800][info] GC(660) User=0.01s Sys=0.01s Real=0.00s
[2024-10-12T07:55:53.274+0800][info] GC(661) Pause Young (Mixed) (G1 Preventive Collection)
[2024-10-12T07:55:53.274+0800][info] GC(661) Using 3 workers of 48 for evacuation
[2024-10-12T07:55:53.283+0800][info] GC(661)   Pre Evacuate Collection Set: 0.1ms
[2024-10-12T07:55:53.283+0800][info] GC(661)   Merge Heap Roots: 0.1ms
[2024-10-12T07:55:53.283+0800][info] GC(661)   Evacuate Collection Set: 8.2ms
[2024-10-12T07:55:53.283+0800][info] GC(661)   Post Evacuate Collection Set: 0.3ms
[2024-10-12T07:55:53.283+0800][info] GC(661)   Other: 0.2ms
[2024-10-12T07:55:53.283+0800][info] GC(661) Eden regions: 2->0(2)
[2024-10-12T07:55:53.283+0800][info] GC(661) Survivor regions: 1->1(1)
[2024-10-12T07:55:53.283+0800][info] GC(661) Old regions: 51->48
[2024-10-12T07:55:53.283+0800][info] GC(661) Archive regions: 2->2
[2024-10-12T07:55:53.283+0800][info] GC(661) Humongous regions: 3->3
[2024-10-12T07:55:53.283+0800][info] GC(661) Metaspace: 1695K(1856K)->1695K(1856K) NonClass: 1571K(1664K)->1571K(1664K) Class: 124K(192K)->124K(192K)
[2024-10-12T07:55:53.283+0800][info] GC(661) Pause Young (Mixed) (G1 Preventive Collection) 101M->96M(128M) 9.060ms
[2024-10-12T07:55:53.283+0800][info] GC(661) User=0.01s Sys=0.01s Real=0.00s
[2024-10-12T07:55:53.385+0800][info] GC(662) Pause Young (Mixed) (G1 Evacuation Pause)
[2024-10-12T07:55:53.385+0800][info] GC(662) Using 3 workers of 48 for evacuation
[2024-10-12T07:55:53.398+0800][info] GC(662)   Pre Evacuate Collection Set: 0.1ms
[2024-10-12T07:55:53.398+0800][info] GC(662)   Merge Heap Roots: 0.1ms
[2024-10-12T07:55:53.398+0800][info] GC(662)   Evacuate Collection Set: 11.6ms
[2024-10-12T07:55:53.398+0800][info] GC(662)   Post Evacuate Collection Set: 0.3ms
[2024-10-12T07:55:53.398+0800][info] GC(662)   Other: 0.2ms
[2024-10-12T07:55:53.398+0800][info] GC(662) Eden regions: 2->0(2)
[2024-10-12T07:55:53.398+0800][info] GC(662) Survivor regions: 1->1(1)
[2024-10-12T07:55:53.398+0800][info] GC(662) Old regions: 48->47
[2024-10-12T07:55:53.398+0800][info] GC(662) Archive regions: 2->2
[2024-10-12T07:55:53.398+0800][info] GC(662) Humongous regions: 3->3
[2024-10-12T07:55:53.398+0800][info] GC(662) Metaspace: 1695K(1856K)->1695K(1856K) NonClass: 1571K(1664K)->1571K(1664K) Class: 124K(192K)->124K(192K)
[2024-10-12T07:55:53.398+0800][info] GC(662) Pause Young (Mixed) (G1 Evacuation Pause) 100M->96M(128M) 12.271ms
[2024-10-12T07:55:53.398+0800][info] GC(662) User=0.01s Sys=0.02s Real=0.01s
[2024-10-12T07:55:53.500+0800][info] GC(663) Pause Young (Mixed) (G1 Evacuation Pause)
[2024-10-12T07:55:53.500+0800][info] GC(663) Using 3 workers of 48 for evacuation
[2024-10-12T07:55:53.505+0800][info] GC(663)   Pre Evacuate Collection Set: 0.1ms
[2024-10-12T07:55:53.505+0800][info] GC(663)   Merge Heap Roots: 0.1ms
[2024-10-12T07:55:53.505+0800][info] GC(663)   Evacuate Collection Set: 4.3ms
[2024-10-12T07:55:53.505+0800][info] GC(663)   Post Evacuate Collection Set: 0.3ms
[2024-10-12T07:55:53.505+0800][info] GC(663)   Other: 0.2ms
[2024-10-12T07:55:53.505+0800][info] GC(663) Eden regions: 2->0(2)
[2024-10-12T07:55:53.505+0800][info] GC(663) Survivor regions: 1->1(1)
[2024-10-12T07:55:53.505+0800][info] GC(663) Old regions: 47->49
[2024-10-12T07:55:53.505+0800][info] GC(663) Archive regions: 2->2
[2024-10-12T07:55:53.505+0800][info] GC(663) Humongous regions: 3->3
[2024-10-12T07:55:53.505+0800][info] GC(663) Metaspace: 1695K(1856K)->1695K(1856K) NonClass: 1571K(1664K)->1571K(1664K) Class: 124K(192K)->124K(192K)
[2024-10-12T07:55:53.505+0800][info] GC(663) Pause Young (Mixed) (G1 Evacuation Pause) 99M->99M(128M) 5.073ms
[2024-10-12T07:55:53.505+0800][info] GC(663) User=0.00s Sys=0.01s Real=0.00s
[2024-10-12T07:55:53.608+0800][info] GC(664) Pause Young (Normal) (G1 Evacuation Pause)
[2024-10-12T07:55:53.608+0800][info] GC(664) Using 3 workers of 48 for evacuation
[2024-10-12T07:55:53.610+0800][info] GC(664)   Pre Evacuate Collection Set: 0.1ms
[2024-10-12T07:55:53.610+0800][info] GC(664)   Merge Heap Roots: 0.0ms
[2024-10-12T07:55:53.610+0800][info] GC(664)   Evacuate Collection Set: 2.3ms
[2024-10-12T07:55:53.610+0800][info] GC(664)   Post Evacuate Collection Set: 0.2ms
[2024-10-12T07:55:53.610+0800][info] GC(664)   Other: 0.2ms
[2024-10-12T07:55:53.610+0800][info] GC(664) Eden regions: 2->0(2)
[2024-10-12T07:55:53.610+0800][info] GC(664) Survivor regions: 1->1(1)
[2024-10-12T07:55:53.610+0800][info] GC(664) Old regions: 49->51
[2024-10-12T07:55:53.610+0800][info] GC(664) Archive regions: 2->2
[2024-10-12T07:55:53.610+0800][info] GC(664) Humongous regions: 3->3
[2024-10-12T07:55:53.610+0800][info] GC(664) Metaspace: 1695K(1856K)->1695K(1856K) NonClass: 1571K(1664K)->1571K(1664K) Class: 124K(192K)->124K(192K)
[2024-10-12T07:55:53.610+0800][info] GC(664) Pause Young (Normal) (G1 Evacuation Pause) 102M->103M(128M) 2.893ms
[2024-10-12T07:55:53.610+0800][info] GC(664) User=0.00s Sys=0.01s Real=0.00s
[2024-10-12T07:55:53.713+0800][info] GC(665) Pause Young (Concurrent Start) (G1 Evacuation Pause)
[2024-10-12T07:55:53.713+0800][info] GC(665) Using 3 workers of 48 for evacuation
[2024-10-12T07:55:53.716+0800][info] GC(665)   Pre Evacuate Collection Set: 0.1ms
[2024-10-12T07:55:53.716+0800][info] GC(665)   Merge Heap Roots: 0.1ms
[2024-10-12T07:55:53.716+0800][info] GC(665)   Evacuate Collection Set: 2.0ms
[2024-10-12T07:55:53.716+0800][info] GC(665)   Post Evacuate Collection Set: 0.2ms
[2024-10-12T07:55:53.716+0800][info] GC(665)   Other: 0.4ms
[2024-10-12T07:55:53.716+0800][info] GC(665) Eden regions: 2->0(2)
[2024-10-12T07:55:53.716+0800][info] GC(665) Survivor regions: 1->1(1)
[2024-10-12T07:55:53.716+0800][info] GC(665) Old regions: 51->53
[2024-10-12T07:55:53.716+0800][info] GC(665) Archive regions: 2->2
[2024-10-12T07:55:53.716+0800][info] GC(665) Humongous regions: 3->3
[2024-10-12T07:55:53.716+0800][info] GC(665) Metaspace: 1695K(1856K)->1695K(1856K) NonClass: 1571K(1664K)->1571K(1664K) Class: 124K(192K)->124K(192K)
[2024-10-12T07:55:53.716+0800][info] GC(665) Pause Young (Concurrent Start) (G1 Evacuation Pause) 106M->106M(128M) 2.860ms
[2024-10-12T07:55:53.716+0800][info] GC(665) User=0.01s Sys=0.00s Real=0.01s
[2024-10-12T07:55:53.716+0800][info] GC(666) Concurrent Mark Cycle
[2024-10-12T07:55:53.716+0800][info] GC(666) Concurrent Clear Claimed Marks
[2024-10-12T07:55:53.716+0800][info] GC(666) Concurrent Clear Claimed Marks 0.017ms
[2024-10-12T07:55:53.716+0800][info] GC(666) Concurrent Scan Root Regions
[2024-10-12T07:55:53.716+0800][info] GC(666) Concurrent Scan Root Regions 0.153ms
[2024-10-12T07:55:53.716+0800][info] GC(666) Concurrent Mark
[2024-10-12T07:55:53.716+0800][info] GC(666) Concurrent Mark From Roots
[2024-10-12T07:55:53.716+0800][info] GC(666) Using 12 workers of 12 for marking
[2024-10-12T07:55:53.721+0800][info] GC(666) Concurrent Mark From Roots 4.536ms
[2024-10-12T07:55:53.721+0800][info] GC(666) Concurrent Preclean
[2024-10-12T07:55:53.722+0800][info] GC(666) Concurrent Preclean 1.769ms
[2024-10-12T07:55:53.723+0800][info] GC(666) Pause Remark
[2024-10-12T07:55:53.724+0800][info] GC(666) Pause Remark 107M->107M(128M) 1.741ms
[2024-10-12T07:55:53.724+0800][info] GC(666) User=0.01s Sys=0.00s Real=0.00s
[2024-10-12T07:55:53.724+0800][info] GC(666) Concurrent Mark 8.376ms
[2024-10-12T07:55:53.725+0800][info] GC(666) Concurrent Rebuild Remembered Sets
[2024-10-12T07:55:53.726+0800][info] GC(666) Concurrent Rebuild Remembered Sets 1.323ms
[2024-10-12T07:55:53.726+0800][info] GC(666) Pause Cleanup
[2024-10-12T07:55:53.726+0800][info] GC(666) Pause Cleanup 107M->107M(128M) 0.304ms
[2024-10-12T07:55:53.726+0800][info] GC(666) User=0.00s Sys=0.00s Real=0.00s
[2024-10-12T07:55:53.726+0800][info] GC(666) Concurrent Cleanup for Next Mark
[2024-10-12T07:55:53.727+0800][info] GC(666) Concurrent Cleanup for Next Mark 0.394ms
[2024-10-12T07:55:53.727+0800][info] GC(666) Concurrent Mark Cycle 10.934ms
[2024-10-12T07:55:53.869+0800][info] GC(667) Pause Young (Prepare Mixed) (G1 Preventive Collection)
[2024-10-12T07:55:53.869+0800][info] GC(667) Using 3 workers of 48 for evacuation
[2024-10-12T07:55:53.871+0800][info] GC(667)   Pre Evacuate Collection Set: 0.1ms
[2024-10-12T07:55:53.871+0800][info] GC(667)   Merge Heap Roots: 0.1ms
[2024-10-12T07:55:53.871+0800][info] GC(667)   Evacuate Collection Set: 1.3ms
[2024-10-12T07:55:53.871+0800][info] GC(667)   Post Evacuate Collection Set: 0.2ms
[2024-10-12T07:55:53.871+0800][info] GC(667)   Other: 0.2ms
[2024-10-12T07:55:53.871+0800][info] GC(667) Eden regions: 2->0(2)
[2024-10-12T07:55:53.871+0800][info] GC(667) Survivor regions: 1->1(1)
[2024-10-12T07:55:53.871+0800][info] GC(667) Old regions: 53->55
[2024-10-12T07:55:53.871+0800][info] GC(667) Archive regions: 2->2
[2024-10-12T07:55:53.871+0800][info] GC(667) Humongous regions: 3->3
[2024-10-12T07:55:53.871+0800][info] GC(667) Metaspace: 1695K(1856K)->1695K(1856K) NonClass: 1571K(1664K)->1571K(1664K) Class: 124K(192K)->124K(192K)
[2024-10-12T07:55:53.871+0800][info] GC(667) Pause Young (Prepare Mixed) (G1 Preventive Collection) 110M->110M(128M) 1.990ms
[2024-10-12T07:55:53.871+0800][info] GC(667) User=0.01s Sys=0.00s Real=0.00s
[2024-10-12T07:55:53.932+0800][info] GC(668) Pause Young (Mixed) (G1 Preventive Collection)
[2024-10-12T07:55:53.932+0800][info] GC(668) Using 3 workers of 48 for evacuation
[2024-10-12T07:55:53.936+0800][info] GC(668) To-space exhausted
[2024-10-12T07:55:53.936+0800][info] GC(668)   Pre Evacuate Collection Set: 0.2ms
[2024-10-12T07:55:53.936+0800][info] GC(668)   Merge Heap Roots: 0.1ms
[2024-10-12T07:55:53.936+0800][info] GC(668)   Evacuate Collection Set: 2.8ms
[2024-10-12T07:55:53.936+0800][info] GC(668)   Post Evacuate Collection Set: 0.3ms
[2024-10-12T07:55:53.936+0800][info] GC(668)   Other: 0.3ms
[2024-10-12T07:55:53.936+0800][info] GC(668) Eden regions: 1->0(2)
[2024-10-12T07:55:53.936+0800][info] GC(668) Survivor regions: 1->1(1)
[2024-10-12T07:55:53.936+0800][info] GC(668) Old regions: 55->54
[2024-10-12T07:55:53.936+0800][info] GC(668) Archive regions: 2->2
[2024-10-12T07:55:53.936+0800][info] GC(668) Humongous regions: 3->3
[2024-10-12T07:55:53.936+0800][info] GC(668) Metaspace: 1695K(1856K)->1695K(1856K) NonClass: 1571K(1664K)->1571K(1664K) Class: 124K(192K)->124K(192K)
[2024-10-12T07:55:53.936+0800][info] GC(668) Pause Young (Mixed) (G1 Preventive Collection) 112M->111M(128M) 3.818ms
[2024-10-12T07:55:53.936+0800][info] GC(668) User=0.00s Sys=0.00s Real=0.01s
[2024-10-12T07:55:53.977+0800][info] GC(669) Pause Young (Mixed) (G1 Preventive Collection)
[2024-10-12T07:55:53.977+0800][info] GC(669) Using 3 workers of 48 for evacuation
[2024-10-12T07:55:53.982+0800][info] GC(669) To-space exhausted
[2024-10-12T07:55:53.982+0800][info] GC(669)   Pre Evacuate Collection Set: 0.1ms
[2024-10-12T07:55:53.982+0800][info] GC(669)   Merge Heap Roots: 0.1ms
[2024-10-12T07:55:53.982+0800][info] GC(669)   Evacuate Collection Set: 4.6ms
[2024-10-12T07:55:53.982+0800][info] GC(669)   Post Evacuate Collection Set: 0.3ms
[2024-10-12T07:55:53.982+0800][info] GC(669)   Other: 0.2ms
[2024-10-12T07:55:53.982+0800][info] GC(669) Eden regions: 1->0(2)
[2024-10-12T07:55:53.982+0800][info] GC(669) Survivor regions: 1->1(1)
[2024-10-12T07:55:53.982+0800][info] GC(669) Old regions: 54->55
[2024-10-12T07:55:53.982+0800][info] GC(669) Archive regions: 2->2
[2024-10-12T07:55:53.982+0800][info] GC(669) Humongous regions: 3->3
[2024-10-12T07:55:53.982+0800][info] GC(669) Metaspace: 1695K(1856K)->1695K(1856K) NonClass: 1571K(1664K)->1571K(1664K) Class: 124K(192K)->124K(192K)
[2024-10-12T07:55:53.982+0800][info] GC(669) Pause Young (Mixed) (G1 Preventive Collection) 112M->112M(128M) 5.396ms
[2024-10-12T07:55:53.982+0800][info] GC(669) User=0.01s Sys=0.01s Real=0.00s
[2024-10-12T07:55:54.003+0800][info] GC(670) Pause Young (Mixed) (G1 Preventive Collection)
[2024-10-12T07:55:54.003+0800][info] GC(670) Using 3 workers of 48 for evacuation
[2024-10-12T07:55:54.004+0800][info] GC(670) To-space exhausted
[2024-10-12T07:55:54.004+0800][info] GC(670)   Pre Evacuate Collection Set: 0.1ms
[2024-10-12T07:55:54.004+0800][info] GC(670)   Merge Heap Roots: 0.1ms
[2024-10-12T07:55:54.004+0800][info] GC(670)   Evacuate Collection Set: 0.7ms
[2024-10-12T07:55:54.004+0800][info] GC(670)   Post Evacuate Collection Set: 0.3ms
[2024-10-12T07:55:54.004+0800][info] GC(670)   Other: 0.2ms
[2024-10-12T07:55:54.004+0800][info] GC(670) Eden regions: 1->0(2)
[2024-10-12T07:55:54.004+0800][info] GC(670) Survivor regions: 1->1(1)
[2024-10-12T07:55:54.004+0800][info] GC(670) Old regions: 55->57
[2024-10-12T07:55:54.004+0800][info] GC(670) Archive regions: 2->2
[2024-10-12T07:55:54.004+0800][info] GC(670) Humongous regions: 3->3
[2024-10-12T07:55:54.004+0800][info] GC(670) Metaspace: 1695K(1856K)->1695K(1856K) NonClass: 1571K(1664K)->1571K(1664K) Class: 124K(192K)->124K(192K)
[2024-10-12T07:55:54.004+0800][info] GC(670) Pause Young (Mixed) (G1 Preventive Collection) 113M->115M(128M) 1.454ms
[2024-10-12T07:55:54.004+0800][info] GC(670) User=0.00s Sys=0.00s Real=0.00s
[2024-10-12T07:55:54.005+0800][info] GC(671) Pause Young (Concurrent Start) (G1 Evacuation Pause)
[2024-10-12T07:55:54.005+0800][info] GC(671) Using 3 workers of 48 for evacuation
[2024-10-12T07:55:54.006+0800][info] GC(671) To-space exhausted
[2024-10-12T07:55:54.006+0800][info] GC(671)   Pre Evacuate Collection Set: 0.0ms
[2024-10-12T07:55:54.006+0800][info] GC(671)   Merge Heap Roots: 0.0ms
[2024-10-12T07:55:54.006+0800][info] GC(671)   Evacuate Collection Set: 0.4ms
[2024-10-12T07:55:54.006+0800][info] GC(671)   Post Evacuate Collection Set: 0.2ms
[2024-10-12T07:55:54.006+0800][info] GC(671)   Other: 0.3ms
[2024-10-12T07:55:54.006+0800][info] GC(671) Eden regions: 0->0(3)
[2024-10-12T07:55:54.006+0800][info] GC(671) Survivor regions: 1->0(0)
[2024-10-12T07:55:54.006+0800][info] GC(671) Old regions: 57->58
[2024-10-12T07:55:54.006+0800][info] GC(671) Archive regions: 2->2
[2024-10-12T07:55:54.006+0800][info] GC(671) Humongous regions: 4->3
[2024-10-12T07:55:54.006+0800][info] GC(671) Metaspace: 1695K(1856K)->1695K(1856K) NonClass: 1571K(1664K)->1571K(1664K) Class: 124K(192K)->124K(192K)
[2024-10-12T07:55:54.006+0800][info] GC(671) Pause Young (Concurrent Start) (G1 Evacuation Pause) 117M->115M(128M) 1.147ms
[2024-10-12T07:55:54.006+0800][info] GC(671) User=0.00s Sys=0.00s Real=0.01s
[2024-10-12T07:55:54.006+0800][info] GC(672) Concurrent Mark Cycle
[2024-10-12T07:55:54.006+0800][info] GC(672) Concurrent Clear Claimed Marks
[2024-10-12T07:55:54.006+0800][info] GC(672) Concurrent Clear Claimed Marks 0.017ms
[2024-10-12T07:55:54.006+0800][info] GC(672) Concurrent Scan Root Regions
[2024-10-12T07:55:54.006+0800][info] GC(672) Concurrent Scan Root Regions 0.010ms
[2024-10-12T07:55:54.006+0800][info] GC(672) Concurrent Mark
[2024-10-12T07:55:54.006+0800][info] GC(672) Concurrent Mark From Roots
[2024-10-12T07:55:54.006+0800][info] GC(672) Using 12 workers of 12 for marking
[2024-10-12T07:55:54.010+0800][info] GC(672) Concurrent Mark From Roots 4.368ms
[2024-10-12T07:55:54.010+0800][info] GC(672) Concurrent Preclean
[2024-10-12T07:55:54.012+0800][info] GC(672) Concurrent Preclean 1.680ms
[2024-10-12T07:55:54.012+0800][info] GC(672) Pause Remark
[2024-10-12T07:55:54.014+0800][info] GC(672) Pause Remark 115M->115M(128M) 1.668ms
[2024-10-12T07:55:54.014+0800][info] GC(672) User=0.00s Sys=0.00s Real=0.01s
[2024-10-12T07:55:54.014+0800][info] GC(672) Concurrent Mark 8.043ms
[2024-10-12T07:55:54.014+0800][info] GC(672) Concurrent Rebuild Remembered Sets
[2024-10-12T07:55:54.015+0800][info] GC(672) Concurrent Rebuild Remembered Sets 1.339ms
[2024-10-12T07:55:54.016+0800][info] GC(672) Pause Cleanup
[2024-10-12T07:55:54.016+0800][info] GC(672) Pause Cleanup 115M->115M(128M) 0.289ms
[2024-10-12T07:55:54.016+0800][info] GC(672) User=0.00s Sys=0.00s Real=0.00s
[2024-10-12T07:55:54.016+0800][info] GC(672) Concurrent Cleanup for Next Mark
[2024-10-12T07:55:54.016+0800][info] GC(672) Concurrent Cleanup for Next Mark 0.331ms
[2024-10-12T07:55:54.016+0800][info] GC(672) Concurrent Mark Cycle 10.389ms
[2024-10-12T07:55:54.122+0800][info] GC(673) Pause Young (Prepare Mixed) (G1 Evacuation Pause)
[2024-10-12T07:55:54.122+0800][info] GC(673) Using 3 workers of 48 for evacuation
[2024-10-12T07:55:54.122+0800][info] GC(673) To-space exhausted
[2024-10-12T07:55:54.122+0800][info] GC(673)   Pre Evacuate Collection Set: 0.1ms
[2024-10-12T07:55:54.123+0800][info] GC(673)   Merge Heap Roots: 0.1ms
[2024-10-12T07:55:54.123+0800][info] GC(673)   Evacuate Collection Set: 0.2ms
[2024-10-12T07:55:54.123+0800][info] GC(673)   Post Evacuate Collection Set: 0.3ms
[2024-10-12T07:55:54.123+0800][info] GC(673)   Other: 0.2ms
[2024-10-12T07:55:54.123+0800][info] GC(673) Eden regions: 1->0(3)
[2024-10-12T07:55:54.123+0800][info] GC(673) Survivor regions: 0->0(0)
[2024-10-12T07:55:54.123+0800][info] GC(673) Old regions: 58->59
[2024-10-12T07:55:54.123+0800][info] GC(673) Archive regions: 2->2
[2024-10-12T07:55:54.123+0800][info] GC(673) Humongous regions: 3->3
[2024-10-12T07:55:54.123+0800][info] GC(673) Metaspace: 1695K(1856K)->1695K(1856K) NonClass: 1571K(1664K)->1571K(1664K) Class: 124K(192K)->124K(192K)
[2024-10-12T07:55:54.123+0800][info] GC(673) Pause Young (Prepare Mixed) (G1 Evacuation Pause) 117M->117M(128M) 0.915ms
[2024-10-12T07:55:54.123+0800][info] GC(673) User=0.00s Sys=0.00s Real=0.00s
[2024-10-12T07:55:54.123+0800][info] Attempting full compaction
[2024-10-12T07:55:54.123+0800][info] GC(674) Using 3 workers of 48 for full compaction
[2024-10-12T07:55:54.123+0800][info] GC(674) Pause Full (G1 Compaction Pause)
[2024-10-12T07:55:54.123+0800][info] GC(674) Phase 1: Mark live objects
[2024-10-12T07:55:54.126+0800][info] GC(674) Phase 1: Mark live objects 3.434ms
[2024-10-12T07:55:54.126+0800][info] GC(674) Phase 2: Prepare for compaction
[2024-10-12T07:55:54.127+0800][info] GC(674) Phase 2: Prepare for compaction 0.768ms
[2024-10-12T07:55:54.127+0800][info] GC(674) Phase 3: Adjust pointers
[2024-10-12T07:55:54.129+0800][info] GC(674) Phase 3: Adjust pointers 1.745ms
[2024-10-12T07:55:54.129+0800][info] GC(674) Phase 4: Compact heap
[2024-10-12T07:55:54.167+0800][info] GC(674) Phase 4: Compact heap 37.668ms
[2024-10-12T07:55:54.168+0800][info] GC(674) Eden regions: 0->0(4)
[2024-10-12T07:55:54.168+0800][info] GC(674) Survivor regions: 0->0(0)
[2024-10-12T07:55:54.168+0800][info] GC(674) Old regions: 59->38
[2024-10-12T07:55:54.168+0800][info] GC(674) Archive regions: 2->2
[2024-10-12T07:55:54.168+0800][info] GC(674) Humongous regions: 3->3
[2024-10-12T07:55:54.168+0800][info] GC(674) Metaspace: 1695K(1856K)->1695K(1856K) NonClass: 1571K(1664K)->1571K(1664K) Class: 124K(192K)->124K(192K)
[2024-10-12T07:55:54.168+0800][info] GC(674) Pause Full (G1 Compaction Pause) 117M->71M(128M) 45.433ms
[2024-10-12T07:55:54.168+0800][info] GC(674) User=0.05s Sys=0.06s Real=0.05s
[2024-10-12T07:55:54.393+0800][info] GC(675) Pause Young (Normal) (G1 Evacuation Pause)
[2024-10-12T07:55:54.393+0800][info] GC(675) Using 3 workers of 48 for evacuation
[2024-10-12T07:55:54.395+0800][info] GC(675)   Pre Evacuate Collection Set: 0.1ms
[2024-10-12T07:55:54.395+0800][info] GC(675)   Merge Heap Roots: 0.1ms
[2024-10-12T07:55:54.395+0800][info] GC(675)   Evacuate Collection Set: 1.2ms
[2024-10-12T07:55:54.395+0800][info] GC(675)   Post Evacuate Collection Set: 0.2ms
[2024-10-12T07:55:54.395+0800][info] GC(675)   Other: 0.2ms
[2024-10-12T07:55:54.395+0800][info] GC(675) Eden regions: 4->0(2)
[2024-10-12T07:55:54.395+0800][info] GC(675) Survivor regions: 0->1(1)
[2024-10-12T07:55:54.395+0800][info] GC(675) Old regions: 38->42
[2024-10-12T07:55:54.395+0800][info] GC(675) Archive regions: 2->2
[2024-10-12T07:55:54.395+0800][info] GC(675) Humongous regions: 3->3
[2024-10-12T07:55:54.395+0800][info] GC(675) Metaspace: 1695K(1856K)->1695K(1856K) NonClass: 1571K(1664K)->1571K(1664K) Class: 124K(192K)->124K(192K)
[2024-10-12T07:55:54.395+0800][info] GC(675) Pause Young (Normal) (G1 Evacuation Pause) 79M->80M(128M) 1.925ms
[2024-10-12T07:55:54.395+0800][info] GC(675) User=0.00s Sys=0.00s Real=0.00s
[2024-10-12T07:55:54.497+0800][info] GC(676) Pause Young (Normal) (G1 Evacuation Pause)
[2024-10-12T07:55:54.497+0800][info] GC(676) Using 3 workers of 48 for evacuation
[2024-10-12T07:55:54.499+0800][info] GC(676)   Pre Evacuate Collection Set: 0.1ms
[2024-10-12T07:55:54.499+0800][info] GC(676)   Merge Heap Roots: 0.0ms
[2024-10-12T07:55:54.499+0800][info] GC(676)   Evacuate Collection Set: 1.5ms
[2024-10-12T07:55:54.499+0800][info] GC(676)   Post Evacuate Collection Set: 0.2ms
[2024-10-12T07:55:54.499+0800][info] GC(676)   Other: 0.2ms
[2024-10-12T07:55:54.499+0800][info] GC(676) Eden regions: 2->0(2)
[2024-10-12T07:55:54.499+0800][info] GC(676) Survivor regions: 1->1(1)
[2024-10-12T07:55:54.499+0800][info] GC(676) Old regions: 42->44
[2024-10-12T07:55:54.499+0800][info] GC(676) Archive regions: 2->2
[2024-10-12T07:55:54.499+0800][info] GC(676) Humongous regions: 3->3
[2024-10-12T07:55:54.499+0800][info] GC(676) Metaspace: 1695K(1856K)->1695K(1856K) NonClass: 1571K(1664K)->1571K(1664K) Class: 124K(192K)->124K(192K)
[2024-10-12T07:55:54.499+0800][info] GC(676) Pause Young (Normal) (G1 Evacuation Pause) 83M->84M(128M) 2.176ms
[2024-10-12T07:55:54.499+0800][info] GC(676) User=0.01s Sys=0.00s Real=0.00s
[2024-10-12T07:55:54.601+0800][info] GC(677) Pause Young (Normal) (G1 Evacuation Pause)
[2024-10-12T07:55:54.601+0800][info] GC(677) Using 3 workers of 48 for evacuation
[2024-10-12T07:55:54.603+0800][info] GC(677)   Pre Evacuate Collection Set: 0.1ms
[2024-10-12T07:55:54.603+0800][info] GC(677)   Merge Heap Roots: 0.0ms
[2024-10-12T07:55:54.603+0800][info] GC(677)   Evacuate Collection Set: 0.9ms
[2024-10-12T07:55:54.603+0800][info] GC(677)   Post Evacuate Collection Set: 0.2ms
[2024-10-12T07:55:54.603+0800][info] GC(677)   Other: 0.2ms
[2024-10-12T07:55:54.603+0800][info] GC(677) Eden regions: 2->0(2)
[2024-10-12T07:55:54.603+0800][info] GC(677) Survivor regions: 1->1(1)
[2024-10-12T07:55:54.603+0800][info] GC(677) Old regions: 44->45
[2024-10-12T07:55:54.603+0800][info] GC(677) Archive regions: 2->2
[2024-10-12T07:55:54.603+0800][info] GC(677) Humongous regions: 3->3
[2024-10-12T07:55:54.603+0800][info] GC(677) Metaspace: 1695K(1856K)->1695K(1856K) NonClass: 1571K(1664K)->1571K(1664K) Class: 124K(192K)->124K(192K)
[2024-10-12T07:55:54.603+0800][info] GC(677) Pause Young (Normal) (G1 Evacuation Pause) 87M->87M(128M) 1.622ms
[2024-10-12T07:55:54.603+0800][info] GC(677) User=0.00s Sys=0.00s Real=0.00s
[2024-10-12T07:55:54.705+0800][info] GC(678) Pause Young (Normal) (G1 Evacuation Pause)
[2024-10-12T07:55:54.705+0800][info] GC(678) Using 3 workers of 48 for evacuation
[2024-10-12T07:55:54.706+0800][info] GC(678)   Pre Evacuate Collection Set: 0.1ms
[2024-10-12T07:55:54.706+0800][info] GC(678)   Merge Heap Roots: 0.1ms
[2024-10-12T07:55:54.706+0800][info] GC(678)   Evacuate Collection Set: 1.1ms
[2024-10-12T07:55:54.706+0800][info] GC(678)   Post Evacuate Collection Set: 0.2ms
[2024-10-12T07:55:54.706+0800][info] GC(678)   Other: 0.2ms
[2024-10-12T07:55:54.706+0800][info] GC(678) Eden regions: 2->0(2)
[2024-10-12T07:55:54.706+0800][info] GC(678) Survivor regions: 1->1(1)
[2024-10-12T07:55:54.706+0800][info] GC(678) Old regions: 45->47
[2024-10-12T07:55:54.706+0800][info] GC(678) Archive regions: 2->2
[2024-10-12T07:55:54.707+0800][info] GC(678) Humongous regions: 3->3
[2024-10-12T07:55:54.707+0800][info] GC(678) Metaspace: 1695K(1856K)->1695K(1856K) NonClass: 1571K(1664K)->1571K(1664K) Class: 124K(192K)->124K(192K)
[2024-10-12T07:55:54.707+0800][info] GC(678) Pause Young (Normal) (G1 Evacuation Pause) 90M->91M(128M) 1.788ms
[2024-10-12T07:55:54.707+0800][info] GC(678) User=0.01s Sys=0.00s Real=0.01s
[2024-10-12T07:55:54.809+0800][info] GC(679) Pause Young (Concurrent Start) (G1 Evacuation Pause)
[2024-10-12T07:55:54.809+0800][info] GC(679) Using 3 workers of 48 for evacuation
[2024-10-12T07:55:54.810+0800][info] GC(679)   Pre Evacuate Collection Set: 0.1ms
[2024-10-12T07:55:54.810+0800][info] GC(679)   Merge Heap Roots: 0.1ms
[2024-10-12T07:55:54.810+0800][info] GC(679)   Evacuate Collection Set: 1.0ms
[2024-10-12T07:55:54.810+0800][info] GC(679)   Post Evacuate Collection Set: 0.2ms
[2024-10-12T07:55:54.810+0800][info] GC(679)   Other: 0.4ms
[2024-10-12T07:55:54.810+0800][info] GC(679) Eden regions: 2->0(2)
[2024-10-12T07:55:54.810+0800][info] GC(679) Survivor regions: 1->1(1)
[2024-10-12T07:55:54.810+0800][info] GC(679) Old regions: 47->49
[2024-10-12T07:55:54.810+0800][info] GC(679) Archive regions: 2->2
[2024-10-12T07:55:54.810+0800][info] GC(679) Humongous regions: 3->3
[2024-10-12T07:55:54.810+0800][info] GC(679) Metaspace: 1695K(1856K)->1695K(1856K) NonClass: 1571K(1664K)->1571K(1664K) Class: 124K(192K)->124K(192K)
[2024-10-12T07:55:54.811+0800][info] GC(679) Pause Young (Concurrent Start) (G1 Evacuation Pause) 94M->94M(128M) 1.802ms
[2024-10-12T07:55:54.811+0800][info] GC(679) User=0.00s Sys=0.01s Real=0.00s
[2024-10-12T07:55:54.811+0800][info] GC(680) Concurrent Mark Cycle
[2024-10-12T07:55:54.811+0800][info] GC(680) Concurrent Clear Claimed Marks
[2024-10-12T07:55:54.811+0800][info] GC(680) Concurrent Clear Claimed Marks 0.017ms
[2024-10-12T07:55:54.811+0800][info] GC(680) Concurrent Scan Root Regions
[2024-10-12T07:55:54.811+0800][info] GC(680) Concurrent Scan Root Regions 0.157ms
[2024-10-12T07:55:54.811+0800][info] GC(680) Concurrent Mark
[2024-10-12T07:55:54.811+0800][info] GC(680) Concurrent Mark From Roots
[2024-10-12T07:55:54.811+0800][info] GC(680) Using 12 workers of 12 for marking
[2024-10-12T07:55:54.815+0800][info] GC(680) Concurrent Mark From Roots 4.334ms
[2024-10-12T07:55:54.815+0800][info] GC(680) Concurrent Preclean
[2024-10-12T07:55:54.817+0800][info] GC(680) Concurrent Preclean 1.681ms
[2024-10-12T07:55:54.817+0800][info] GC(680) Pause Remark
[2024-10-12T07:55:54.819+0800][info] GC(680) Pause Remark 95M->95M(128M) 1.575ms
[2024-10-12T07:55:54.819+0800][info] GC(680) User=0.00s Sys=0.00s Real=0.00s
[2024-10-12T07:55:54.819+0800][info] GC(680) Concurrent Mark 7.814ms
[2024-10-12T07:55:54.819+0800][info] GC(680) Concurrent Rebuild Remembered Sets
[2024-10-12T07:55:54.820+0800][info] GC(680) Concurrent Rebuild Remembered Sets 1.606ms
[2024-10-12T07:55:54.820+0800][info] GC(680) Pause Cleanup
[2024-10-12T07:55:54.821+0800][info] GC(680) Pause Cleanup 95M->95M(128M) 0.300ms
[2024-10-12T07:55:54.821+0800][info] GC(680) User=0.00s Sys=0.00s Real=0.00s
[2024-10-12T07:55:54.821+0800][info] GC(680) Concurrent Cleanup for Next Mark
[2024-10-12T07:55:54.821+0800][info] GC(680) Concurrent Cleanup for Next Mark 0.422ms
[2024-10-12T07:55:54.821+0800][info] GC(680) Concurrent Mark Cycle 10.672ms
[2024-10-12T07:55:54.963+0800][info] GC(681) Pause Young (Prepare Mixed) (G1 Evacuation Pause)
[2024-10-12T07:55:54.963+0800][info] GC(681) Using 3 workers of 48 for evacuation
[2024-10-12T07:55:54.965+0800][info] GC(681)   Pre Evacuate Collection Set: 0.1ms
[2024-10-12T07:55:54.965+0800][info] GC(681)   Merge Heap Roots: 0.1ms
[2024-10-12T07:55:54.965+0800][info] GC(681)   Evacuate Collection Set: 1.4ms
[2024-10-12T07:55:54.965+0800][info] GC(681)   Post Evacuate Collection Set: 0.2ms
[2024-10-12T07:55:54.965+0800][info] GC(681)   Other: 0.3ms
[2024-10-12T07:55:54.965+0800][info] GC(681) Eden regions: 2->0(2)
[2024-10-12T07:55:54.965+0800][info] GC(681) Survivor regions: 1->1(1)
[2024-10-12T07:55:54.965+0800][info] GC(681) Old regions: 49->51
[2024-10-12T07:55:54.965+0800][info] GC(681) Archive regions: 2->2
[2024-10-12T07:55:54.965+0800][info] GC(681) Humongous regions: 3->3
[2024-10-12T07:55:54.965+0800][info] GC(681) Metaspace: 1695K(1856K)->1695K(1856K) NonClass: 1571K(1664K)->1571K(1664K) Class: 124K(192K)->124K(192K)
[2024-10-12T07:55:54.965+0800][info] GC(681) Pause Young (Prepare Mixed) (G1 Evacuation Pause) 98M->98M(128M) 2.154ms
[2024-10-12T07:55:54.965+0800][info] GC(681) User=0.00s Sys=0.00s Real=0.01s
[2024-10-12T07:55:55.068+0800][info] GC(682) Pause Young (Mixed) (G1 Preventive Collection)
[2024-10-12T07:55:55.068+0800][info] GC(682) Using 3 workers of 48 for evacuation
[2024-10-12T07:55:55.070+0800][info] GC(682)   Pre Evacuate Collection Set: 0.1ms
[2024-10-12T07:55:55.070+0800][info] GC(682)   Merge Heap Roots: 0.1ms
[2024-10-12T07:55:55.070+0800][info] GC(682)   Evacuate Collection Set: 1.6ms
[2024-10-12T07:55:55.070+0800][info] GC(682)   Post Evacuate Collection Set: 0.2ms
[2024-10-12T07:55:55.070+0800][info] GC(682)   Other: 0.2ms
[2024-10-12T07:55:55.070+0800][info] GC(682) Eden regions: 2->0(2)
[2024-10-12T07:55:55.070+0800][info] GC(682) Survivor regions: 1->1(1)
[2024-10-12T07:55:55.070+0800][info] GC(682) Old regions: 51->48
[2024-10-12T07:55:55.070+0800][info] GC(682) Archive regions: 2->2
[2024-10-12T07:55:55.070+0800][info] GC(682) Humongous regions: 3->3
[2024-10-12T07:55:55.070+0800][info] GC(682) Metaspace: 1695K(1856K)->1695K(1856K) NonClass: 1571K(1664K)->1571K(1664K) Class: 124K(192K)->124K(192K)
[2024-10-12T07:55:55.070+0800][info] GC(682) Pause Young (Mixed) (G1 Preventive Collection) 101M->96M(128M) 2.375ms
[2024-10-12T07:55:55.070+0800][info] GC(682) User=0.01s Sys=0.00s Real=0.00s
[2024-10-12T07:55:55.172+0800][info] GC(683) Pause Young (Mixed) (G1 Evacuation Pause)
[2024-10-12T07:55:55.172+0800][info] GC(683) Using 3 workers of 48 for evacuation
[2024-10-12T07:55:55.174+0800][info] GC(683)   Pre Evacuate Collection Set: 0.2ms
[2024-10-12T07:55:55.174+0800][info] GC(683)   Merge Heap Roots: 0.1ms
[2024-10-12T07:55:55.174+0800][info] GC(683)   Evacuate Collection Set: 1.6ms
[2024-10-12T07:55:55.174+0800][info] GC(683)   Post Evacuate Collection Set: 0.2ms
[2024-10-12T07:55:55.174+0800][info] GC(683)   Other: 0.2ms
[2024-10-12T07:55:55.174+0800][info] GC(683) Eden regions: 2->0(2)
[2024-10-12T07:55:55.174+0800][info] GC(683) Survivor regions: 1->1(1)
[2024-10-12T07:55:55.174+0800][info] GC(683) Old regions: 48->48
[2024-10-12T07:55:55.174+0800][info] GC(683) Archive regions: 2->2
[2024-10-12T07:55:55.174+0800][info] GC(683) Humongous regions: 3->3
[2024-10-12T07:55:55.174+0800][info] GC(683) Metaspace: 1695K(1856K)->1695K(1856K) NonClass: 1571K(1664K)->1571K(1664K) Class: 124K(192K)->124K(192K)
[2024-10-12T07:55:55.174+0800][info] GC(683) Pause Young (Mixed) (G1 Evacuation Pause) 99M->98M(128M) 2.438ms
[2024-10-12T07:55:55.174+0800][info] GC(683) User=0.01s Sys=0.00s Real=0.01s
[2024-10-12T07:55:55.276+0800][info] GC(684) Pause Young (Normal) (G1 Evacuation Pause)
[2024-10-12T07:55:55.276+0800][info] GC(684) Using 3 workers of 48 for evacuation
[2024-10-12T07:55:55.278+0800][info] GC(684)   Pre Evacuate Collection Set: 0.1ms
[2024-10-12T07:55:55.278+0800][info] GC(684)   Merge Heap Roots: 0.0ms
[2024-10-12T07:55:55.278+0800][info] GC(684)   Evacuate Collection Set: 1.0ms
[2024-10-12T07:55:55.278+0800][info] GC(684)   Post Evacuate Collection Set: 0.2ms
[2024-10-12T07:55:55.278+0800][info] GC(684)   Other: 0.2ms
[2024-10-12T07:55:55.278+0800][info] GC(684) Eden regions: 2->0(2)
[2024-10-12T07:55:55.278+0800][info] GC(684) Survivor regions: 1->1(1)
[2024-10-12T07:55:55.278+0800][info] GC(684) Old regions: 48->50
[2024-10-12T07:55:55.278+0800][info] GC(684) Archive regions: 2->2
[2024-10-12T07:55:55.278+0800][info] GC(684) Humongous regions: 3->3
[2024-10-12T07:55:55.278+0800][info] GC(684) Metaspace: 1695K(1856K)->1695K(1856K) NonClass: 1571K(1664K)->1571K(1664K) Class: 124K(192K)->124K(192K)
[2024-10-12T07:55:55.278+0800][info] GC(684) Pause Young (Normal) (G1 Evacuation Pause) 101M->101M(128M) 1.677ms
[2024-10-12T07:55:55.278+0800][info] GC(684) User=0.00s Sys=0.00s Real=0.00s
[2024-10-12T07:55:55.380+0800][info] GC(685) Pause Young (Concurrent Start) (G1 Evacuation Pause)
[2024-10-12T07:55:55.380+0800][info] GC(685) Using 3 workers of 48 for evacuation
[2024-10-12T07:55:55.384+0800][info] GC(685)   Pre Evacuate Collection Set: 0.1ms
[2024-10-12T07:55:55.384+0800][info] GC(685)   Merge Heap Roots: 0.1ms
[2024-10-12T07:55:55.384+0800][info] GC(685)   Evacuate Collection Set: 2.8ms
[2024-10-12T07:55:55.384+0800][info] GC(685)   Post Evacuate Collection Set: 0.2ms
[2024-10-12T07:55:55.384+0800][info] GC(685)   Other: 0.4ms
[2024-10-12T07:55:55.384+0800][info] GC(685) Eden regions: 2->0(2)
[2024-10-12T07:55:55.384+0800][info] GC(685) Survivor regions: 1->1(1)
[2024-10-12T07:55:55.384+0800][info] GC(685) Old regions: 50->52
[2024-10-12T07:55:55.384+0800][info] GC(685) Archive regions: 2->2
[2024-10-12T07:55:55.384+0800][info] GC(685) Humongous regions: 3->3
[2024-10-12T07:55:55.384+0800][info] GC(685) Metaspace: 1695K(1856K)->1695K(1856K) NonClass: 1571K(1664K)->1571K(1664K) Class: 124K(192K)->124K(192K)
[2024-10-12T07:55:55.384+0800][info] GC(685) Pause Young (Concurrent Start) (G1 Evacuation Pause) 105M->105M(128M) 3.624ms
[2024-10-12T07:55:55.384+0800][info] GC(685) User=0.01s Sys=0.00s Real=0.00s
[2024-10-12T07:55:55.384+0800][info] GC(686) Concurrent Mark Cycle
[2024-10-12T07:55:55.384+0800][info] GC(686) Concurrent Clear Claimed Marks
[2024-10-12T07:55:55.384+0800][info] GC(686) Concurrent Clear Claimed Marks 0.016ms
[2024-10-12T07:55:55.384+0800][info] GC(686) Concurrent Scan Root Regions
[2024-10-12T07:55:55.384+0800][info] GC(686) Concurrent Scan Root Regions 0.158ms
[2024-10-12T07:55:55.384+0800][info] GC(686) Concurrent Mark
[2024-10-12T07:55:55.384+0800][info] GC(686) Concurrent Mark From Roots
[2024-10-12T07:55:55.384+0800][info] GC(686) Using 12 workers of 12 for marking
[2024-10-12T07:55:55.388+0800][info] GC(686) Concurrent Mark From Roots 4.203ms
[2024-10-12T07:55:55.388+0800][info] GC(686) Concurrent Preclean
[2024-10-12T07:55:55.390+0800][info] GC(686) Concurrent Preclean 1.697ms
[2024-10-12T07:55:55.390+0800][info] GC(686) Pause Remark
[2024-10-12T07:55:55.392+0800][info] GC(686) Pause Remark 105M->105M(128M) 1.651ms
[2024-10-12T07:55:55.392+0800][info] GC(686) User=0.00s Sys=0.00s Real=0.00s
[2024-10-12T07:55:55.392+0800][info] GC(686) Concurrent Mark 7.881ms
[2024-10-12T07:55:55.392+0800][info] GC(686) Concurrent Rebuild Remembered Sets
[2024-10-12T07:55:55.393+0800][info] GC(686) Concurrent Rebuild Remembered Sets 1.371ms
[2024-10-12T07:55:55.393+0800][info] GC(686) Pause Cleanup
[2024-10-12T07:55:55.394+0800][info] GC(686) Pause Cleanup 105M->105M(128M) 0.237ms
[2024-10-12T07:55:55.394+0800][info] GC(686) User=0.00s Sys=0.00s Real=0.00s
[2024-10-12T07:55:55.394+0800][info] GC(686) Concurrent Cleanup for Next Mark
[2024-10-12T07:55:55.394+0800][info] GC(686) Concurrent Cleanup for Next Mark 0.403ms
[2024-10-12T07:55:55.394+0800][info] GC(686) Concurrent Mark Cycle 10.338ms
[2024-10-12T07:55:55.537+0800][info] GC(687) Pause Young (Prepare Mixed) (G1 Preventive Collection)
[2024-10-12T07:55:55.537+0800][info] GC(687) Using 3 workers of 48 for evacuation
[2024-10-12T07:55:55.539+0800][info] GC(687)   Pre Evacuate Collection Set: 0.1ms
[2024-10-12T07:55:55.539+0800][info] GC(687)   Merge Heap Roots: 0.1ms
[2024-10-12T07:55:55.539+0800][info] GC(687)   Evacuate Collection Set: 1.4ms
[2024-10-12T07:55:55.539+0800][info] GC(687)   Post Evacuate Collection Set: 0.2ms
[2024-10-12T07:55:55.539+0800][info] GC(687)   Other: 0.2ms
[2024-10-12T07:55:55.539+0800][info] GC(687) Eden regions: 2->0(2)
[2024-10-12T07:55:55.539+0800][info] GC(687) Survivor regions: 1->1(1)
[2024-10-12T07:55:55.539+0800][info] GC(687) Old regions: 52->54
[2024-10-12T07:55:55.539+0800][info] GC(687) Archive regions: 2->2
[2024-10-12T07:55:55.539+0800][info] GC(687) Humongous regions: 3->3
[2024-10-12T07:55:55.539+0800][info] GC(687) Metaspace: 1695K(1856K)->1695K(1856K) NonClass: 1571K(1664K)->1571K(1664K) Class: 124K(192K)->124K(192K)
[2024-10-12T07:55:55.539+0800][info] GC(687) Pause Young (Prepare Mixed) (G1 Preventive Collection) 108M->109M(128M) 2.117ms
[2024-10-12T07:55:55.539+0800][info] GC(687) User=0.00s Sys=0.01s Real=0.00s
[2024-10-12T07:55:55.600+0800][info] GC(688) Pause Young (Mixed) (G1 Preventive Collection)
[2024-10-12T07:55:55.600+0800][info] GC(688) Using 3 workers of 48 for evacuation
[2024-10-12T07:55:55.602+0800][info] GC(688) To-space exhausted
[2024-10-12T07:55:55.602+0800][info] GC(688)   Pre Evacuate Collection Set: 0.1ms
[2024-10-12T07:55:55.602+0800][info] GC(688)   Merge Heap Roots: 0.1ms
[2024-10-12T07:55:55.602+0800][info] GC(688)   Evacuate Collection Set: 1.2ms
[2024-10-12T07:55:55.602+0800][info] GC(688)   Post Evacuate Collection Set: 0.3ms
[2024-10-12T07:55:55.602+0800][info] GC(688)   Other: 0.2ms
[2024-10-12T07:55:55.602+0800][info] GC(688) Eden regions: 1->0(2)
[2024-10-12T07:55:55.602+0800][info] GC(688) Survivor regions: 1->1(1)
[2024-10-12T07:55:55.602+0800][info] GC(688) Old regions: 54->50
[2024-10-12T07:55:55.602+0800][info] GC(688) Archive regions: 2->2
[2024-10-12T07:55:55.602+0800][info] GC(688) Humongous regions: 3->3
[2024-10-12T07:55:55.602+0800][info] GC(688) Metaspace: 1695K(1856K)->1695K(1856K) NonClass: 1571K(1664K)->1571K(1664K) Class: 124K(192K)->124K(192K)
[2024-10-12T07:55:55.602+0800][info] GC(688) Pause Young (Mixed) (G1 Preventive Collection) 111M->103M(128M) 1.953ms
[2024-10-12T07:55:55.602+0800][info] GC(688) User=0.00s Sys=0.00s Real=0.00s
[2024-10-12T07:55:55.704+0800][info] GC(689) Pause Young (Mixed) (G1 Preventive Collection)
[2024-10-12T07:55:55.704+0800][info] GC(689) Using 3 workers of 48 for evacuation
[2024-10-12T07:55:55.707+0800][info] GC(689) To-space exhausted
[2024-10-12T07:55:55.707+0800][info] GC(689)   Pre Evacuate Collection Set: 0.1ms
[2024-10-12T07:55:55.707+0800][info] GC(689)   Merge Heap Roots: 0.1ms
[2024-10-12T07:55:55.707+0800][info] GC(689)   Evacuate Collection Set: 1.9ms
[2024-10-12T07:55:55.707+0800][info] GC(689)   Post Evacuate Collection Set: 0.3ms
[2024-10-12T07:55:55.707+0800][info] GC(689)   Other: 0.2ms
[2024-10-12T07:55:55.707+0800][info] GC(689) Eden regions: 2->0(2)
[2024-10-12T07:55:55.707+0800][info] GC(689) Survivor regions: 1->1(1)
[2024-10-12T07:55:55.707+0800][info] GC(689) Old regions: 50->51
[2024-10-12T07:55:55.707+0800][info] GC(689) Archive regions: 2->2
[2024-10-12T07:55:55.707+0800][info] GC(689) Humongous regions: 3->3
[2024-10-12T07:55:55.707+0800][info] GC(689) Metaspace: 1695K(1856K)->1695K(1856K) NonClass: 1571K(1664K)->1571K(1664K) Class: 124K(192K)->124K(192K)
[2024-10-12T07:55:55.707+0800][info] GC(689) Pause Young (Mixed) (G1 Preventive Collection) 107M->106M(128M) 2.613ms
[2024-10-12T07:55:55.707+0800][info] GC(689) User=0.00s Sys=0.00s Real=0.01s
[2024-10-12T07:55:55.809+0800][info] GC(690) Pause Young (Mixed) (G1 Preventive Collection)
[2024-10-12T07:55:55.809+0800][info] GC(690) Using 3 workers of 48 for evacuation
[2024-10-12T07:55:55.811+0800][info] GC(690) To-space exhausted
[2024-10-12T07:55:55.811+0800][info] GC(690)   Pre Evacuate Collection Set: 0.2ms
[2024-10-12T07:55:55.811+0800][info] GC(690)   Merge Heap Roots: 0.1ms
[2024-10-12T07:55:55.811+0800][info] GC(690)   Evacuate Collection Set: 1.7ms
[2024-10-12T07:55:55.811+0800][info] GC(690)   Post Evacuate Collection Set: 0.3ms
[2024-10-12T07:55:55.811+0800][info] GC(690)   Other: 0.2ms
[2024-10-12T07:55:55.811+0800][info] GC(690) Eden regions: 2->0(2)
[2024-10-12T07:55:55.811+0800][info] GC(690) Survivor regions: 1->1(1)
[2024-10-12T07:55:55.811+0800][info] GC(690) Old regions: 51->53
[2024-10-12T07:55:55.811+0800][info] GC(690) Archive regions: 2->2
[2024-10-12T07:55:55.811+0800][info] GC(690) Humongous regions: 3->3
[2024-10-12T07:55:55.811+0800][info] GC(690) Metaspace: 1695K(1856K)->1695K(1856K) NonClass: 1571K(1664K)->1571K(1664K) Class: 124K(192K)->124K(192K)
[2024-10-12T07:55:55.811+0800][info] GC(690) Pause Young (Mixed) (G1 Preventive Collection) 110M->111M(128M) 2.456ms
[2024-10-12T07:55:55.811+0800][info] GC(690) User=0.01s Sys=0.00s Real=0.00s
[2024-10-12T07:55:55.914+0800][info] GC(691) Pause Young (Concurrent Start) (G1 Preventive Collection)
[2024-10-12T07:55:55.914+0800][info] GC(691) Using 3 workers of 48 for evacuation
[2024-10-12T07:55:55.915+0800][info] GC(691)   Pre Evacuate Collection Set: 0.1ms
[2024-10-12T07:55:55.915+0800][info] GC(691)   Merge Heap Roots: 0.1ms
[2024-10-12T07:55:55.915+0800][info] GC(691)   Evacuate Collection Set: 0.9ms
[2024-10-12T07:55:55.915+0800][info] GC(691)   Post Evacuate Collection Set: 0.2ms
[2024-10-12T07:55:55.915+0800][info] GC(691)   Other: 0.4ms
[2024-10-12T07:55:55.915+0800][info] GC(691) Eden regions: 2->0(2)
[2024-10-12T07:55:55.915+0800][info] GC(691) Survivor regions: 1->1(1)
[2024-10-12T07:55:55.915+0800][info] GC(691) Old regions: 53->55
[2024-10-12T07:55:55.915+0800][info] GC(691) Archive regions: 2->2
[2024-10-12T07:55:55.915+0800][info] GC(691) Humongous regions: 3->3
[2024-10-12T07:55:55.915+0800][info] GC(691) Metaspace: 1695K(1856K)->1695K(1856K) NonClass: 1571K(1664K)->1571K(1664K) Class: 124K(192K)->124K(192K)
[2024-10-12T07:55:55.915+0800][info] GC(691) Pause Young (Concurrent Start) (G1 Preventive Collection) 114M->114M(128M) 1.774ms
[2024-10-12T07:55:55.915+0800][info] GC(691) User=0.00s Sys=0.00s Real=0.00s
[2024-10-12T07:55:55.915+0800][info] GC(692) Concurrent Mark Cycle
[2024-10-12T07:55:55.915+0800][info] GC(692) Concurrent Clear Claimed Marks
[2024-10-12T07:55:55.915+0800][info] GC(692) Concurrent Clear Claimed Marks 0.016ms
[2024-10-12T07:55:55.915+0800][info] GC(692) Concurrent Scan Root Regions
[2024-10-12T07:55:55.916+0800][info] GC(692) Concurrent Scan Root Regions 0.157ms
[2024-10-12T07:55:55.916+0800][info] GC(692) Concurrent Mark
[2024-10-12T07:55:55.916+0800][info] GC(692) Concurrent Mark From Roots
[2024-10-12T07:55:55.916+0800][info] GC(692) Using 12 workers of 12 for marking
[2024-10-12T07:55:55.919+0800][info] GC(692) Concurrent Mark From Roots 3.715ms
[2024-10-12T07:55:55.919+0800][info] GC(692) Concurrent Preclean
[2024-10-12T07:55:55.921+0800][info] GC(692) Concurrent Preclean 1.727ms
[2024-10-12T07:55:55.921+0800][info] GC(692) Pause Remark
[2024-10-12T07:55:55.923+0800][info] GC(692) Pause Remark 115M->110M(128M) 1.648ms
[2024-10-12T07:55:55.923+0800][info] GC(692) User=0.00s Sys=0.00s Real=0.00s
[2024-10-12T07:55:55.923+0800][info] GC(692) Concurrent Mark 7.346ms
[2024-10-12T07:55:55.923+0800][info] GC(692) Concurrent Rebuild Remembered Sets
[2024-10-12T07:55:55.924+0800][info] GC(692) Concurrent Rebuild Remembered Sets 1.366ms
[2024-10-12T07:55:55.925+0800][info] GC(692) Pause Cleanup
[2024-10-12T07:55:55.925+0800][info] GC(692) Pause Cleanup 110M->110M(128M) 0.290ms
[2024-10-12T07:55:55.925+0800][info] GC(692) User=0.00s Sys=0.00s Real=0.00s
[2024-10-12T07:55:55.925+0800][info] GC(692) Concurrent Cleanup for Next Mark
[2024-10-12T07:55:55.925+0800][info] GC(692) Concurrent Cleanup for Next Mark 0.417ms
[2024-10-12T07:55:55.925+0800][info] GC(692) Concurrent Mark Cycle 9.939ms
[2024-10-12T07:55:56.068+0800][info] GC(693) Pause Young (Prepare Mixed) (G1 Preventive Collection)
[2024-10-12T07:55:56.068+0800][info] GC(693) Using 3 workers of 48 for evacuation
[2024-10-12T07:55:56.070+0800][info] GC(693)   Pre Evacuate Collection Set: 0.1ms
[2024-10-12T07:55:56.070+0800][info] GC(693)   Merge Heap Roots: 0.1ms
[2024-10-12T07:55:56.070+0800][info] GC(693)   Evacuate Collection Set: 1.1ms
[2024-10-12T07:55:56.070+0800][info] GC(693)   Post Evacuate Collection Set: 0.2ms
[2024-10-12T07:55:56.070+0800][info] GC(693)   Other: 0.2ms
[2024-10-12T07:55:56.070+0800][info] GC(693) Eden regions: 2->0(2)
[2024-10-12T07:55:56.070+0800][info] GC(693) Survivor regions: 1->1(1)
[2024-10-12T07:55:56.070+0800][info] GC(693) Old regions: 52->54
[2024-10-12T07:55:56.070+0800][info] GC(693) Archive regions: 2->2
[2024-10-12T07:55:56.070+0800][info] GC(693) Humongous regions: 3->3
[2024-10-12T07:55:56.070+0800][info] GC(693) Metaspace: 1695K(1856K)->1695K(1856K) NonClass: 1571K(1664K)->1571K(1664K) Class: 124K(192K)->124K(192K)
[2024-10-12T07:55:56.070+0800][info] GC(693) Pause Young (Prepare Mixed) (G1 Preventive Collection) 113M->113M(128M) 1.861ms
[2024-10-12T07:55:56.070+0800][info] GC(693) User=0.00s Sys=0.01s Real=0.00s
[2024-10-12T07:55:56.131+0800][info] GC(694) Pause Young (Mixed) (G1 Preventive Collection)
[2024-10-12T07:55:56.131+0800][info] GC(694) Using 3 workers of 48 for evacuation
[2024-10-12T07:55:56.133+0800][info] GC(694)   Pre Evacuate Collection Set: 0.1ms
[2024-10-12T07:55:56.133+0800][info] GC(694)   Merge Heap Roots: 0.1ms
[2024-10-12T07:55:56.133+0800][info] GC(694)   Evacuate Collection Set: 1.0ms
[2024-10-12T07:55:56.133+0800][info] GC(694)   Post Evacuate Collection Set: 0.2ms
[2024-10-12T07:55:56.133+0800][info] GC(694)   Other: 0.2ms
[2024-10-12T07:55:56.133+0800][info] GC(694) Eden regions: 1->0(2)
[2024-10-12T07:55:56.133+0800][info] GC(694) Survivor regions: 1->1(1)
[2024-10-12T07:55:56.133+0800][info] GC(694) Old regions: 54->49
[2024-10-12T07:55:56.133+0800][info] GC(694) Archive regions: 2->2
[2024-10-12T07:55:56.133+0800][info] GC(694) Humongous regions: 3->3
[2024-10-12T07:55:56.133+0800][info] GC(694) Metaspace: 1695K(1856K)->1695K(1856K) NonClass: 1571K(1664K)->1571K(1664K) Class: 124K(192K)->124K(192K)
[2024-10-12T07:55:56.133+0800][info] GC(694) Pause Young (Mixed) (G1 Preventive Collection) 115M->104M(128M) 1.671ms
[2024-10-12T07:55:56.133+0800][info] GC(694) User=0.01s Sys=0.00s Real=0.00s
[2024-10-12T07:55:56.235+0800][info] GC(695) Pause Young (Mixed) (G1 Evacuation Pause)
[2024-10-12T07:55:56.235+0800][info] GC(695) Using 3 workers of 48 for evacuation
[2024-10-12T07:55:56.237+0800][info] GC(695)   Pre Evacuate Collection Set: 0.1ms
[2024-10-12T07:55:56.237+0800][info] GC(695)   Merge Heap Roots: 0.1ms
[2024-10-12T07:55:56.237+0800][info] GC(695)   Evacuate Collection Set: 1.7ms
[2024-10-12T07:55:56.237+0800][info] GC(695)   Post Evacuate Collection Set: 0.2ms
[2024-10-12T07:55:56.237+0800][info] GC(695)   Other: 0.2ms
[2024-10-12T07:55:56.237+0800][info] GC(695) Eden regions: 2->0(2)
[2024-10-12T07:55:56.237+0800][info] GC(695) Survivor regions: 1->1(1)
[2024-10-12T07:55:56.237+0800][info] GC(695) Old regions: 49->46
[2024-10-12T07:55:56.237+0800][info] GC(695) Archive regions: 2->2
[2024-10-12T07:55:56.238+0800][info] GC(695) Humongous regions: 3->3
[2024-10-12T07:55:56.238+0800][info] GC(695) Metaspace: 1695K(1856K)->1695K(1856K) NonClass: 1571K(1664K)->1571K(1664K) Class: 124K(192K)->124K(192K)
[2024-10-12T07:55:56.238+0800][info] GC(695) Pause Young (Mixed) (G1 Evacuation Pause) 108M->100M(128M) 2.383ms
[2024-10-12T07:55:56.238+0800][info] GC(695) User=0.00s Sys=0.00s Real=0.00s
[2024-10-12T07:55:56.339+0800][info] GC(696) Pause Young (Mixed) (G1 Evacuation Pause)
[2024-10-12T07:55:56.340+0800][info] GC(696) Using 3 workers of 48 for evacuation
[2024-10-12T07:55:56.341+0800][info] GC(696)   Pre Evacuate Collection Set: 0.2ms
[2024-10-12T07:55:56.341+0800][info] GC(696)   Merge Heap Roots: 0.1ms
[2024-10-12T07:55:56.341+0800][info] GC(696)   Evacuate Collection Set: 1.1ms
[2024-10-12T07:55:56.341+0800][info] GC(696)   Post Evacuate Collection Set: 0.2ms
[2024-10-12T07:55:56.341+0800][info] GC(696)   Other: 0.2ms
[2024-10-12T07:55:56.341+0800][info] GC(696) Eden regions: 2->0(2)
[2024-10-12T07:55:56.341+0800][info] GC(696) Survivor regions: 1->1(1)
[2024-10-12T07:55:56.341+0800][info] GC(696) Old regions: 46->48
[2024-10-12T07:55:56.341+0800][info] GC(696) Archive regions: 2->2
[2024-10-12T07:55:56.341+0800][info] GC(696) Humongous regions: 3->3
[2024-10-12T07:55:56.341+0800][info] GC(696) Metaspace: 1695K(1856K)->1695K(1856K) NonClass: 1571K(1664K)->1571K(1664K) Class: 124K(192K)->124K(192K)
[2024-10-12T07:55:56.341+0800][info] GC(696) Pause Young (Mixed) (G1 Evacuation Pause) 103M->103M(128M) 1.920ms
[2024-10-12T07:55:56.341+0800][info] GC(696) User=0.00s Sys=0.00s Real=0.00s
[2024-10-12T07:55:56.444+0800][info] GC(697) Pause Young (Normal) (G1 Evacuation Pause)
[2024-10-12T07:55:56.444+0800][info] GC(697) Using 3 workers of 48 for evacuation
[2024-10-12T07:55:56.446+0800][info] GC(697)   Pre Evacuate Collection Set: 0.1ms
[2024-10-12T07:55:56.446+0800][info] GC(697)   Merge Heap Roots: 0.1ms
[2024-10-12T07:55:56.446+0800][info] GC(697)   Evacuate Collection Set: 1.1ms
[2024-10-12T07:55:56.446+0800][info] GC(697)   Post Evacuate Collection Set: 0.2ms
[2024-10-12T07:55:56.446+0800][info] GC(697)   Other: 0.2ms
[2024-10-12T07:55:56.446+0800][info] GC(697) Eden regions: 2->0(2)
[2024-10-12T07:55:56.446+0800][info] GC(697) Survivor regions: 1->1(1)
[2024-10-12T07:55:56.446+0800][info] GC(697) Old regions: 48->49
[2024-10-12T07:55:56.446+0800][info] GC(697) Archive regions: 2->2
[2024-10-12T07:55:56.446+0800][info] GC(697) Humongous regions: 4->3
[2024-10-12T07:55:56.446+0800][info] GC(697) Metaspace: 1695K(1856K)->1695K(1856K) NonClass: 1571K(1664K)->1571K(1664K) Class: 124K(192K)->124K(192K)
[2024-10-12T07:55:56.446+0800][info] GC(697) Pause Young (Normal) (G1 Evacuation Pause) 109M->107M(128M) 1.739ms
[2024-10-12T07:55:56.446+0800][info] GC(697) User=0.01s Sys=0.00s Real=0.01s
[2024-10-12T07:55:56.548+0800][info] GC(698) Pause Young (Normal) (G1 Evacuation Pause)
[2024-10-12T07:55:56.548+0800][info] GC(698) Using 3 workers of 48 for evacuation
[2024-10-12T07:55:56.549+0800][info] GC(698)   Pre Evacuate Collection Set: 0.1ms
[2024-10-12T07:55:56.549+0800][info] GC(698)   Merge Heap Roots: 0.0ms
[2024-10-12T07:55:56.549+0800][info] GC(698)   Evacuate Collection Set: 0.9ms
[2024-10-12T07:55:56.549+0800][info] GC(698)   Post Evacuate Collection Set: 0.2ms
[2024-10-12T07:55:56.549+0800][info] GC(698)   Other: 0.2ms
[2024-10-12T07:55:56.549+0800][info] GC(698) Eden regions: 2->0(2)
[2024-10-12T07:55:56.549+0800][info] GC(698) Survivor regions: 1->1(1)
[2024-10-12T07:55:56.549+0800][info] GC(698) Old regions: 49->51
[2024-10-12T07:55:56.549+0800][info] GC(698) Archive regions: 2->2
[2024-10-12T07:55:56.549+0800][info] GC(698) Humongous regions: 3->3
[2024-10-12T07:55:56.549+0800][info] GC(698) Metaspace: 1695K(1856K)->1695K(1856K) NonClass: 1571K(1664K)->1571K(1664K) Class: 124K(192K)->124K(192K)
[2024-10-12T07:55:56.549+0800][info] GC(698) Pause Young (Normal) (G1 Evacuation Pause) 110M->110M(128M) 1.571ms
[2024-10-12T07:55:56.549+0800][info] GC(698) User=0.00s Sys=0.01s Real=0.00s
[2024-10-12T07:55:56.651+0800][info] GC(699) Pause Young (Concurrent Start) (G1 Evacuation Pause)
[2024-10-12T07:55:56.651+0800][info] GC(699) Using 3 workers of 48 for evacuation
[2024-10-12T07:55:56.653+0800][info] GC(699)   Pre Evacuate Collection Set: 0.1ms
[2024-10-12T07:55:56.653+0800][info] GC(699)   Merge Heap Roots: 0.1ms
[2024-10-12T07:55:56.653+0800][info] GC(699)   Evacuate Collection Set: 1.3ms
[2024-10-12T07:55:56.653+0800][info] GC(699)   Post Evacuate Collection Set: 0.2ms
[2024-10-12T07:55:56.653+0800][info] GC(699)   Other: 0.4ms
[2024-10-12T07:55:56.653+0800][info] GC(699) Eden regions: 2->0(2)
[2024-10-12T07:55:56.653+0800][info] GC(699) Survivor regions: 1->1(1)
[2024-10-12T07:55:56.653+0800][info] GC(699) Old regions: 51->53
[2024-10-12T07:55:56.653+0800][info] GC(699) Archive regions: 2->2
[2024-10-12T07:55:56.653+0800][info] GC(699) Humongous regions: 3->3
[2024-10-12T07:55:56.653+0800][info] GC(699) Metaspace: 1695K(1856K)->1695K(1856K) NonClass: 1571K(1664K)->1571K(1664K) Class: 124K(192K)->124K(192K)
[2024-10-12T07:55:56.654+0800][info] GC(699) Pause Young (Concurrent Start) (G1 Evacuation Pause) 113M->113M(128M) 2.070ms
[2024-10-12T07:55:56.654+0800][info] GC(699) User=0.00s Sys=0.00s Real=0.01s
[2024-10-12T07:55:56.654+0800][info] GC(700) Concurrent Mark Cycle
[2024-10-12T07:55:56.654+0800][info] GC(700) Concurrent Clear Claimed Marks
[2024-10-12T07:55:56.654+0800][info] GC(700) Concurrent Clear Claimed Marks 0.036ms
[2024-10-12T07:55:56.654+0800][info] GC(700) Concurrent Scan Root Regions
[2024-10-12T07:55:56.654+0800][info] GC(700) Concurrent Scan Root Regions 0.153ms
[2024-10-12T07:55:56.654+0800][info] GC(700) Concurrent Mark
[2024-10-12T07:55:56.654+0800][info] GC(700) Concurrent Mark From Roots
[2024-10-12T07:55:56.654+0800][info] GC(700) Using 12 workers of 12 for marking
[2024-10-12T07:55:56.658+0800][info] GC(700) Concurrent Mark From Roots 4.272ms
[2024-10-12T07:55:56.658+0800][info] GC(700) Concurrent Preclean
[2024-10-12T07:55:56.660+0800][info] GC(700) Concurrent Preclean 1.668ms
[2024-10-12T07:55:56.660+0800][info] GC(700) Pause Remark
[2024-10-12T07:55:56.662+0800][info] GC(700) Pause Remark 114M->114M(128M) 1.730ms
[2024-10-12T07:55:56.662+0800][info] GC(700) User=0.00s Sys=0.00s Real=0.00s
[2024-10-12T07:55:56.662+0800][info] GC(700) Concurrent Mark 7.993ms
[2024-10-12T07:55:56.662+0800][info] GC(700) Concurrent Rebuild Remembered Sets
[2024-10-12T07:55:56.663+0800][info] GC(700) Concurrent Rebuild Remembered Sets 1.364ms
[2024-10-12T07:55:56.663+0800][info] GC(700) Pause Cleanup
[2024-10-12T07:55:56.664+0800][info] GC(700) Pause Cleanup 114M->114M(128M) 0.275ms
[2024-10-12T07:55:56.664+0800][info] GC(700) User=0.00s Sys=0.00s Real=0.00s
[2024-10-12T07:55:56.664+0800][info] GC(700) Concurrent Cleanup for Next Mark
[2024-10-12T07:55:56.664+0800][info] GC(700) Concurrent Cleanup for Next Mark 0.353ms
[2024-10-12T07:55:56.664+0800][info] GC(700) Concurrent Mark Cycle 10.520ms
[2024-10-12T07:55:56.806+0800][info] GC(701) Pause Young (Prepare Mixed) (G1 Preventive Collection)
[2024-10-12T07:55:56.807+0800][info] GC(701) Using 3 workers of 48 for evacuation
[2024-10-12T07:55:56.808+0800][info] GC(701)   Pre Evacuate Collection Set: 0.1ms
[2024-10-12T07:55:56.808+0800][info] GC(701)   Merge Heap Roots: 0.1ms
[2024-10-12T07:55:56.808+0800][info] GC(701)   Evacuate Collection Set: 1.1ms
[2024-10-12T07:55:56.808+0800][info] GC(701)   Post Evacuate Collection Set: 0.2ms
[2024-10-12T07:55:56.808+0800][info] GC(701)   Other: 0.3ms
[2024-10-12T07:55:56.808+0800][info] GC(701) Eden regions: 2->0(2)
[2024-10-12T07:55:56.808+0800][info] GC(701) Survivor regions: 1->1(1)
[2024-10-12T07:55:56.808+0800][info] GC(701) Old regions: 53->55
[2024-10-12T07:55:56.808+0800][info] GC(701) Archive regions: 2->2
[2024-10-12T07:55:56.808+0800][info] GC(701) Humongous regions: 3->3
[2024-10-12T07:55:56.808+0800][info] GC(701) Metaspace: 1695K(1856K)->1695K(1856K) NonClass: 1571K(1664K)->1571K(1664K) Class: 124K(192K)->124K(192K)
[2024-10-12T07:55:56.808+0800][info] GC(701) Pause Young (Prepare Mixed) (G1 Preventive Collection) 117M->118M(128M) 1.848ms
[2024-10-12T07:55:56.808+0800][info] GC(701) User=0.01s Sys=0.00s Real=0.00s
[2024-10-12T07:55:56.870+0800][info] GC(702) Pause Young (Mixed) (G1 Preventive Collection)
[2024-10-12T07:55:56.870+0800][info] GC(702) Using 3 workers of 48 for evacuation
[2024-10-12T07:55:56.871+0800][info] GC(702) To-space exhausted
[2024-10-12T07:55:56.871+0800][info] GC(702)   Pre Evacuate Collection Set: 0.1ms
[2024-10-12T07:55:56.871+0800][info] GC(702)   Merge Heap Roots: 0.1ms
[2024-10-12T07:55:56.871+0800][info] GC(702)   Evacuate Collection Set: 0.9ms
[2024-10-12T07:55:56.871+0800][info] GC(702)   Post Evacuate Collection Set: 0.3ms
[2024-10-12T07:55:56.872+0800][info] GC(702)   Other: 0.2ms
[2024-10-12T07:55:56.872+0800][info] GC(702) Eden regions: 1->0(2)
[2024-10-12T07:55:56.872+0800][info] GC(702) Survivor regions: 1->1(1)
[2024-10-12T07:55:56.872+0800][info] GC(702) Old regions: 55->56
[2024-10-12T07:55:56.872+0800][info] GC(702) Archive regions: 2->2
[2024-10-12T07:55:56.872+0800][info] GC(702) Humongous regions: 3->3
[2024-10-12T07:55:56.872+0800][info] GC(702) Metaspace: 1695K(1856K)->1695K(1856K) NonClass: 1571K(1664K)->1571K(1664K) Class: 124K(192K)->124K(192K)
[2024-10-12T07:55:56.872+0800][info] GC(702) Pause Young (Mixed) (G1 Preventive Collection) 120M->121M(128M) 1.695ms
[2024-10-12T07:55:56.872+0800][info] GC(702) User=0.00s Sys=0.00s Real=0.00s
[2024-10-12T07:55:56.913+0800][info] GC(703) Pause Young (Mixed) (G1 Preventive Collection)
[2024-10-12T07:55:56.913+0800][info] GC(703) Using 3 workers of 48 for evacuation
[2024-10-12T07:55:56.914+0800][info] GC(703) To-space exhausted
[2024-10-12T07:55:56.914+0800][info] GC(703)   Pre Evacuate Collection Set: 0.1ms
[2024-10-12T07:55:56.914+0800][info] GC(703)   Merge Heap Roots: 0.1ms
[2024-10-12T07:55:56.914+0800][info] GC(703)   Evacuate Collection Set: 0.6ms
[2024-10-12T07:55:56.914+0800][info] GC(703)   Post Evacuate Collection Set: 0.3ms
[2024-10-12T07:55:56.914+0800][info] GC(703)   Other: 0.2ms
[2024-10-12T07:55:56.914+0800][info] GC(703) Eden regions: 1->0(2)
[2024-10-12T07:55:56.914+0800][info] GC(703) Survivor regions: 1->1(1)
[2024-10-12T07:55:56.914+0800][info] GC(703) Old regions: 56->57
[2024-10-12T07:55:56.914+0800][info] GC(703) Archive regions: 2->2
[2024-10-12T07:55:56.914+0800][info] GC(703) Humongous regions: 3->3
[2024-10-12T07:55:56.914+0800][info] GC(703) Metaspace: 1695K(1856K)->1695K(1856K) NonClass: 1571K(1664K)->1571K(1664K) Class: 124K(192K)->124K(192K)
[2024-10-12T07:55:56.914+0800][info] GC(703) Pause Young (Mixed) (G1 Preventive Collection) 122M->122M(128M) 1.436ms
[2024-10-12T07:55:56.914+0800][info] GC(703) User=0.01s Sys=0.00s Real=0.01s
[2024-10-12T07:55:56.975+0800][info] GC(704) Pause Young (Mixed) (G1 Evacuation Pause)
[2024-10-12T07:55:56.975+0800][info] GC(704) Using 3 workers of 48 for evacuation
[2024-10-12T07:55:56.976+0800][info] GC(704) To-space exhausted
[2024-10-12T07:55:56.976+0800][info] GC(704)   Pre Evacuate Collection Set: 0.1ms
[2024-10-12T07:55:56.976+0800][info] GC(704)   Merge Heap Roots: 0.1ms
[2024-10-12T07:55:56.976+0800][info] GC(704)   Evacuate Collection Set: 0.3ms
[2024-10-12T07:55:56.976+0800][info] GC(704)   Post Evacuate Collection Set: 0.3ms
[2024-10-12T07:55:56.976+0800][info] GC(704)   Other: 0.2ms
[2024-10-12T07:55:56.976+0800][info] GC(704) Eden regions: 1->0(3)
[2024-10-12T07:55:56.976+0800][info] GC(704) Survivor regions: 1->0(0)
[2024-10-12T07:55:56.976+0800][info] GC(704) Old regions: 57->59
[2024-10-12T07:55:56.976+0800][info] GC(704) Archive regions: 2->2
[2024-10-12T07:55:56.976+0800][info] GC(704) Humongous regions: 3->3
[2024-10-12T07:55:56.976+0800][info] GC(704) Metaspace: 1695K(1856K)->1695K(1856K) NonClass: 1571K(1664K)->1571K(1664K) Class: 124K(192K)->124K(192K)
[2024-10-12T07:55:56.976+0800][info] GC(704) Pause Young (Mixed) (G1 Evacuation Pause) 124M->124M(128M) 0.993ms
[2024-10-12T07:55:56.976+0800][info] GC(704) User=0.00s Sys=0.00s Real=0.00s
[2024-10-12T07:55:56.976+0800][info] Attempting full compaction
[2024-10-12T07:55:56.976+0800][info] GC(705) Using 3 workers of 48 for full compaction
[2024-10-12T07:55:56.976+0800][info] GC(705) Pause Full (G1 Compaction Pause)
[2024-10-12T07:55:56.976+0800][info] GC(705) Phase 1: Mark live objects
[2024-10-12T07:55:56.980+0800][info] GC(705) Phase 1: Mark live objects 3.445ms
[2024-10-12T07:55:56.980+0800][info] GC(705) Phase 2: Prepare for compaction
[2024-10-12T07:55:56.980+0800][info] GC(705) Phase 2: Prepare for compaction 0.666ms
[2024-10-12T07:55:56.980+0800][info] GC(705) Phase 3: Adjust pointers
[2024-10-12T07:55:56.982+0800][info] GC(705) Phase 3: Adjust pointers 1.805ms
[2024-10-12T07:55:56.982+0800][info] GC(705) Phase 4: Compact heap
[2024-10-12T07:55:56.997+0800][info] GC(705) Phase 4: Compact heap 14.290ms
[2024-10-12T07:55:56.998+0800][info] GC(705) Eden regions: 0->0(4)
[2024-10-12T07:55:56.998+0800][info] GC(705) Survivor regions: 0->0(0)
[2024-10-12T07:55:56.998+0800][info] GC(705) Old regions: 59->38
[2024-10-12T07:55:56.998+0800][info] GC(705) Archive regions: 2->2
[2024-10-12T07:55:56.998+0800][info] GC(705) Humongous regions: 3->3
[2024-10-12T07:55:56.998+0800][info] GC(705) Metaspace: 1695K(1856K)->1695K(1856K) NonClass: 1571K(1664K)->1571K(1664K) Class: 124K(192K)->124K(192K)
[2024-10-12T07:55:56.998+0800][info] GC(705) Pause Full (G1 Compaction Pause) 124M->71M(128M) 22.042ms
[2024-10-12T07:55:56.998+0800][info] GC(705) User=0.04s Sys=0.00s Real=0.02s
[2024-10-12T07:55:57.203+0800][info] GC(706) Pause Young (Normal) (G1 Evacuation Pause)
[2024-10-12T07:55:57.203+0800][info] GC(706) Using 3 workers of 48 for evacuation
[2024-10-12T07:55:57.205+0800][info] GC(706)   Pre Evacuate Collection Set: 0.1ms
[2024-10-12T07:55:57.205+0800][info] GC(706)   Merge Heap Roots: 0.0ms
[2024-10-12T07:55:57.205+0800][info] GC(706)   Evacuate Collection Set: 1.7ms
[2024-10-12T07:55:57.205+0800][info] GC(706)   Post Evacuate Collection Set: 0.2ms
[2024-10-12T07:55:57.205+0800][info] GC(706)   Other: 0.2ms
[2024-10-12T07:55:57.205+0800][info] GC(706) Eden regions: 4->0(2)
[2024-10-12T07:55:57.205+0800][info] GC(706) Survivor regions: 0->1(1)
[2024-10-12T07:55:57.205+0800][info] GC(706) Old regions: 38->41
[2024-10-12T07:55:57.205+0800][info] GC(706) Archive regions: 2->2
[2024-10-12T07:55:57.205+0800][info] GC(706) Humongous regions: 3->3
[2024-10-12T07:55:57.205+0800][info] GC(706) Metaspace: 1695K(1856K)->1695K(1856K) NonClass: 1571K(1664K)->1571K(1664K) Class: 124K(192K)->124K(192K)
[2024-10-12T07:55:57.205+0800][info] GC(706) Pause Young (Normal) (G1 Evacuation Pause) 78M->79M(128M) 2.385ms
[2024-10-12T07:55:57.205+0800][info] GC(706) User=0.00s Sys=0.00s Real=0.01s
[2024-10-12T07:55:57.307+0800][info] GC(707) Pause Young (Normal) (G1 Evacuation Pause)
[2024-10-12T07:55:57.307+0800][info] GC(707) Using 3 workers of 48 for evacuation
[2024-10-12T07:55:57.309+0800][info] GC(707)   Pre Evacuate Collection Set: 0.1ms
[2024-10-12T07:55:57.309+0800][info] GC(707)   Merge Heap Roots: 0.0ms
[2024-10-12T07:55:57.309+0800][info] GC(707)   Evacuate Collection Set: 1.0ms
[2024-10-12T07:55:57.309+0800][info] GC(707)   Post Evacuate Collection Set: 0.2ms
[2024-10-12T07:55:57.309+0800][info] GC(707)   Other: 0.2ms
[2024-10-12T07:55:57.309+0800][info] GC(707) Eden regions: 2->0(2)
[2024-10-12T07:55:57.309+0800][info] GC(707) Survivor regions: 1->1(1)
[2024-10-12T07:55:57.309+0800][info] GC(707) Old regions: 41->43
[2024-10-12T07:55:57.309+0800][info] GC(707) Archive regions: 2->2
[2024-10-12T07:55:57.309+0800][info] GC(707) Humongous regions: 3->3
[2024-10-12T07:55:57.309+0800][info] GC(707) Metaspace: 1695K(1856K)->1695K(1856K) NonClass: 1571K(1664K)->1571K(1664K) Class: 124K(192K)->124K(192K)
[2024-10-12T07:55:57.309+0800][info] GC(707) Pause Young (Normal) (G1 Evacuation Pause) 82M->83M(128M) 1.574ms
[2024-10-12T07:55:57.309+0800][info] GC(707) User=0.01s Sys=0.00s Real=0.00s
[2024-10-12T07:55:57.410+0800][info] GC(708) Pause Young (Normal) (G1 Evacuation Pause)
[2024-10-12T07:55:57.411+0800][info] GC(708) Using 3 workers of 48 for evacuation
[2024-10-12T07:55:57.412+0800][info] GC(708)   Pre Evacuate Collection Set: 0.1ms
[2024-10-12T07:55:57.412+0800][info] GC(708)   Merge Heap Roots: 0.0ms
[2024-10-12T07:55:57.412+0800][info] GC(708)   Evacuate Collection Set: 0.8ms
[2024-10-12T07:55:57.412+0800][info] GC(708)   Post Evacuate Collection Set: 0.2ms
[2024-10-12T07:55:57.412+0800][info] GC(708)   Other: 0.2ms
[2024-10-12T07:55:57.412+0800][info] GC(708) Eden regions: 2->0(2)
[2024-10-12T07:55:57.412+0800][info] GC(708) Survivor regions: 1->1(1)
[2024-10-12T07:55:57.412+0800][info] GC(708) Old regions: 43->45
[2024-10-12T07:55:57.412+0800][info] GC(708) Archive regions: 2->2
[2024-10-12T07:55:57.412+0800][info] GC(708) Humongous regions: 3->3
[2024-10-12T07:55:57.412+0800][info] GC(708) Metaspace: 1695K(1856K)->1695K(1856K) NonClass: 1571K(1664K)->1571K(1664K) Class: 124K(192K)->124K(192K)
[2024-10-12T07:55:57.412+0800][info] GC(708) Pause Young (Normal) (G1 Evacuation Pause) 86M->85M(128M) 1.460ms
[2024-10-12T07:55:57.412+0800][info] GC(708) User=0.00s Sys=0.00s Real=0.00s
[2024-10-12T07:55:57.514+0800][info] GC(709) Pause Young (Normal) (G1 Evacuation Pause)
[2024-10-12T07:55:57.514+0800][info] GC(709) Using 3 workers of 48 for evacuation
[2024-10-12T07:55:57.516+0800][info] GC(709)   Pre Evacuate Collection Set: 0.1ms
[2024-10-12T07:55:57.516+0800][info] GC(709)   Merge Heap Roots: 0.0ms
[2024-10-12T07:55:57.516+0800][info] GC(709)   Evacuate Collection Set: 1.0ms
[2024-10-12T07:55:57.516+0800][info] GC(709)   Post Evacuate Collection Set: 0.2ms
[2024-10-12T07:55:57.516+0800][info] GC(709)   Other: 0.2ms
[2024-10-12T07:55:57.516+0800][info] GC(709) Eden regions: 2->0(2)
[2024-10-12T07:55:57.516+0800][info] GC(709) Survivor regions: 1->1(1)
[2024-10-12T07:55:57.516+0800][info] GC(709) Old regions: 45->47
[2024-10-12T07:55:57.516+0800][info] GC(709) Archive regions: 2->2
[2024-10-12T07:55:57.516+0800][info] GC(709) Humongous regions: 3->3
[2024-10-12T07:55:57.516+0800][info] GC(709) Metaspace: 1695K(1856K)->1695K(1856K) NonClass: 1571K(1664K)->1571K(1664K) Class: 124K(192K)->124K(192K)
[2024-10-12T07:55:57.516+0800][info] GC(709) Pause Young (Normal) (G1 Evacuation Pause) 89M->89M(128M) 1.586ms
[2024-10-12T07:55:57.516+0800][info] GC(709) User=0.01s Sys=0.00s Real=0.00s
[2024-10-12T07:55:57.618+0800][info] GC(710) Pause Young (Concurrent Start) (G1 Evacuation Pause)
[2024-10-12T07:55:57.618+0800][info] GC(710) Using 3 workers of 48 for evacuation
[2024-10-12T07:55:57.619+0800][info] GC(710)   Pre Evacuate Collection Set: 0.1ms
[2024-10-12T07:55:57.619+0800][info] GC(710)   Merge Heap Roots: 0.1ms
[2024-10-12T07:55:57.619+0800][info] GC(710)   Evacuate Collection Set: 1.0ms
[2024-10-12T07:55:57.619+0800][info] GC(710)   Post Evacuate Collection Set: 0.2ms
[2024-10-12T07:55:57.619+0800][info] GC(710)   Other: 0.4ms
[2024-10-12T07:55:57.619+0800][info] GC(710) Eden regions: 2->0(2)
[2024-10-12T07:55:57.619+0800][info] GC(710) Survivor regions: 1->1(1)
[2024-10-12T07:55:57.619+0800][info] GC(710) Old regions: 47->49
[2024-10-12T07:55:57.619+0800][info] GC(710) Archive regions: 2->2
[2024-10-12T07:55:57.619+0800][info] GC(710) Humongous regions: 3->3
[2024-10-12T07:55:57.619+0800][info] GC(710) Metaspace: 1695K(1856K)->1695K(1856K) NonClass: 1571K(1664K)->1571K(1664K) Class: 124K(192K)->124K(192K)
[2024-10-12T07:55:57.619+0800][info] GC(710) Pause Young (Concurrent Start) (G1 Evacuation Pause) 93M->93M(128M) 1.798ms
[2024-10-12T07:55:57.619+0800][info] GC(710) User=0.00s Sys=0.00s Real=0.00s
[2024-10-12T07:55:57.619+0800][info] GC(711) Concurrent Mark Cycle
[2024-10-12T07:55:57.619+0800][info] GC(711) Concurrent Clear Claimed Marks
[2024-10-12T07:55:57.619+0800][info] GC(711) Concurrent Clear Claimed Marks 0.017ms
[2024-10-12T07:55:57.620+0800][info] GC(711) Concurrent Scan Root Regions
[2024-10-12T07:55:57.620+0800][info] GC(711) Concurrent Scan Root Regions 0.153ms
[2024-10-12T07:55:57.620+0800][info] GC(711) Concurrent Mark
[2024-10-12T07:55:57.620+0800][info] GC(711) Concurrent Mark From Roots
[2024-10-12T07:55:57.620+0800][info] GC(711) Using 12 workers of 12 for marking
[2024-10-12T07:55:57.626+0800][info] GC(711) Concurrent Mark From Roots 6.481ms
[2024-10-12T07:55:57.626+0800][info] GC(711) Concurrent Preclean
[2024-10-12T07:55:57.628+0800][info] GC(711) Concurrent Preclean 1.674ms
[2024-10-12T07:55:57.628+0800][info] GC(711) Pause Remark
[2024-10-12T07:55:57.630+0800][info] GC(711) Pause Remark 94M->92M(128M) 1.641ms
[2024-10-12T07:55:57.630+0800][info] GC(711) User=0.00s Sys=0.00s Real=0.00s
[2024-10-12T07:55:57.630+0800][info] GC(711) Concurrent Mark 10.103ms
[2024-10-12T07:55:57.630+0800][info] GC(711) Concurrent Rebuild Remembered Sets
[2024-10-12T07:55:57.631+0800][info] GC(711) Concurrent Rebuild Remembered Sets 1.213ms
[2024-10-12T07:55:57.631+0800][info] GC(711) Pause Cleanup
[2024-10-12T07:55:57.631+0800][info] GC(711) Pause Cleanup 92M->92M(128M) 0.284ms
[2024-10-12T07:55:57.631+0800][info] GC(711) User=0.01s Sys=0.00s Real=0.00s
[2024-10-12T07:55:57.631+0800][info] GC(711) Concurrent Cleanup for Next Mark
[2024-10-12T07:55:57.632+0800][info] GC(711) Concurrent Cleanup for Next Mark 0.410ms
[2024-10-12T07:55:57.632+0800][info] GC(711) Concurrent Mark Cycle 12.484ms
[2024-10-12T07:55:57.772+0800][info] GC(712) Pause Young (Prepare Mixed) (G1 Evacuation Pause)
[2024-10-12T07:55:57.772+0800][info] GC(712) Using 3 workers of 48 for evacuation
[2024-10-12T07:55:57.774+0800][info] GC(712)   Pre Evacuate Collection Set: 0.1ms
[2024-10-12T07:55:57.774+0800][info] GC(712)   Merge Heap Roots: 0.1ms
[2024-10-12T07:55:57.774+0800][info] GC(712)   Evacuate Collection Set: 1.0ms
[2024-10-12T07:55:57.774+0800][info] GC(712)   Post Evacuate Collection Set: 0.2ms
[2024-10-12T07:55:57.774+0800][info] GC(712)   Other: 0.3ms
[2024-10-12T07:55:57.774+0800][info] GC(712) Eden regions: 2->0(2)
[2024-10-12T07:55:57.774+0800][info] GC(712) Survivor regions: 1->1(1)
[2024-10-12T07:55:57.774+0800][info] GC(712) Old regions: 48->49
[2024-10-12T07:55:57.774+0800][info] GC(712) Archive regions: 2->2
[2024-10-12T07:55:57.774+0800][info] GC(712) Humongous regions: 3->3
[2024-10-12T07:55:57.774+0800][info] GC(712) Metaspace: 1695K(1856K)->1695K(1856K) NonClass: 1571K(1664K)->1571K(1664K) Class: 124K(192K)->124K(192K)
[2024-10-12T07:55:57.774+0800][info] GC(712) Pause Young (Prepare Mixed) (G1 Evacuation Pause) 95M->95M(128M) 1.676ms
[2024-10-12T07:55:57.774+0800][info] GC(712) User=0.00s Sys=0.00s Real=0.01s
[2024-10-12T07:55:57.876+0800][info] GC(713) Pause Young (Mixed) (G1 Evacuation Pause)
[2024-10-12T07:55:57.876+0800][info] GC(713) Using 3 workers of 48 for evacuation
[2024-10-12T07:55:57.878+0800][info] GC(713)   Pre Evacuate Collection Set: 0.1ms
[2024-10-12T07:55:57.878+0800][info] GC(713)   Merge Heap Roots: 0.1ms
[2024-10-12T07:55:57.878+0800][info] GC(713)   Evacuate Collection Set: 1.5ms
[2024-10-12T07:55:57.878+0800][info] GC(713)   Post Evacuate Collection Set: 0.2ms
[2024-10-12T07:55:57.878+0800][info] GC(713)   Other: 0.2ms
[2024-10-12T07:55:57.878+0800][info] GC(713) Eden regions: 2->0(2)
[2024-10-12T07:55:57.878+0800][info] GC(713) Survivor regions: 1->1(1)
[2024-10-12T07:55:57.878+0800][info] GC(713) Old regions: 49->46
[2024-10-12T07:55:57.878+0800][info] GC(713) Archive regions: 2->2
[2024-10-12T07:55:57.878+0800][info] GC(713) Humongous regions: 3->3
[2024-10-12T07:55:57.878+0800][info] GC(713) Metaspace: 1695K(1856K)->1695K(1856K) NonClass: 1571K(1664K)->1571K(1664K) Class: 124K(192K)->124K(192K)
[2024-10-12T07:55:57.878+0800][info] GC(713) Pause Young (Mixed) (G1 Evacuation Pause) 98M->93M(128M) 2.231ms
[2024-10-12T07:55:57.878+0800][info] GC(713) User=0.01s Sys=0.00s Real=0.00s
[2024-10-12T07:55:57.980+0800][info] GC(714) Pause Young (Mixed) (G1 Evacuation Pause)
[2024-10-12T07:55:57.980+0800][info] GC(714) Using 3 workers of 48 for evacuation
[2024-10-12T07:55:57.982+0800][info] GC(714)   Pre Evacuate Collection Set: 0.1ms
[2024-10-12T07:55:57.982+0800][info] GC(714)   Merge Heap Roots: 0.0ms
[2024-10-12T07:55:57.982+0800][info] GC(714)   Evacuate Collection Set: 1.4ms
[2024-10-12T07:55:57.982+0800][info] GC(714)   Post Evacuate Collection Set: 0.2ms
[2024-10-12T07:55:57.982+0800][info] GC(714)   Other: 0.2ms
[2024-10-12T07:55:57.982+0800][info] GC(714) Eden regions: 2->0(2)
[2024-10-12T07:55:57.982+0800][info] GC(714) Survivor regions: 1->1(1)
[2024-10-12T07:55:57.982+0800][info] GC(714) Old regions: 46->47
[2024-10-12T07:55:57.982+0800][info] GC(714) Archive regions: 2->2
[2024-10-12T07:55:57.982+0800][info] GC(714) Humongous regions: 3->3
[2024-10-12T07:55:57.982+0800][info] GC(714) Metaspace: 1695K(1856K)->1695K(1856K) NonClass: 1571K(1664K)->1571K(1664K) Class: 124K(192K)->124K(192K)
[2024-10-12T07:55:57.982+0800][info] GC(714) Pause Young (Mixed) (G1 Evacuation Pause) 96M->95M(128M) 2.065ms
[2024-10-12T07:55:57.982+0800][info] GC(714) User=0.00s Sys=0.00s Real=0.00s
[2024-10-12T07:55:58.084+0800][info] GC(715) Pause Young (Normal) (G1 Evacuation Pause)
[2024-10-12T07:55:58.084+0800][info] GC(715) Using 3 workers of 48 for evacuation
[2024-10-12T07:55:58.085+0800][info] GC(715)   Pre Evacuate Collection Set: 0.1ms
[2024-10-12T07:55:58.085+0800][info] GC(715)   Merge Heap Roots: 0.1ms
[2024-10-12T07:55:58.085+0800][info] GC(715)   Evacuate Collection Set: 0.8ms
[2024-10-12T07:55:58.085+0800][info] GC(715)   Post Evacuate Collection Set: 0.2ms
[2024-10-12T07:55:58.085+0800][info] GC(715)   Other: 0.2ms
[2024-10-12T07:55:58.085+0800][info] GC(715) Eden regions: 2->0(2)
[2024-10-12T07:55:58.085+0800][info] GC(715) Survivor regions: 1->1(1)
[2024-10-12T07:55:58.085+0800][info] GC(715) Old regions: 47->49
[2024-10-12T07:55:58.086+0800][info] GC(715) Archive regions: 2->2
[2024-10-12T07:55:58.086+0800][info] GC(715) Humongous regions: 3->3
[2024-10-12T07:55:58.086+0800][info] GC(715) Metaspace: 1695K(1856K)->1695K(1856K) NonClass: 1571K(1664K)->1571K(1664K) Class: 124K(192K)->124K(192K)
[2024-10-12T07:55:58.086+0800][info] GC(715) Pause Young (Normal) (G1 Evacuation Pause) 99M->98M(128M) 1.477ms
[2024-10-12T07:55:58.086+0800][info] GC(715) User=0.01s Sys=0.00s Real=0.01s
[2024-10-12T07:55:58.188+0800][info] GC(716) Pause Young (Normal) (G1 Evacuation Pause)
[2024-10-12T07:55:58.188+0800][info] GC(716) Using 3 workers of 48 for evacuation
[2024-10-12T07:55:58.189+0800][info] GC(716)   Pre Evacuate Collection Set: 0.1ms
[2024-10-12T07:55:58.189+0800][info] GC(716)   Merge Heap Roots: 0.1ms
[2024-10-12T07:55:58.189+0800][info] GC(716)   Evacuate Collection Set: 1.1ms
[2024-10-12T07:55:58.189+0800][info] GC(716)   Post Evacuate Collection Set: 0.2ms
[2024-10-12T07:55:58.189+0800][info] GC(716)   Other: 0.2ms
[2024-10-12T07:55:58.189+0800][info] GC(716) Eden regions: 2->0(2)
[2024-10-12T07:55:58.189+0800][info] GC(716) Survivor regions: 1->1(1)
[2024-10-12T07:55:58.189+0800][info] GC(716) Old regions: 49->51
[2024-10-12T07:55:58.189+0800][info] GC(716) Archive regions: 2->2
[2024-10-12T07:55:58.189+0800][info] GC(716) Humongous regions: 3->3
[2024-10-12T07:55:58.189+0800][info] GC(716) Metaspace: 1695K(1856K)->1695K(1856K) NonClass: 1571K(1664K)->1571K(1664K) Class: 124K(192K)->124K(192K)
[2024-10-12T07:55:58.189+0800][info] GC(716) Pause Young (Normal) (G1 Evacuation Pause) 102M->102M(128M) 1.779ms
[2024-10-12T07:55:58.190+0800][info] GC(716) User=0.00s Sys=0.00s Real=0.00s
[2024-10-12T07:55:58.291+0800][info] GC(717) Pause Young (Concurrent Start) (G1 Evacuation Pause)
[2024-10-12T07:55:58.291+0800][info] GC(717) Using 3 workers of 48 for evacuation
[2024-10-12T07:55:58.293+0800][info] GC(717)   Pre Evacuate Collection Set: 0.1ms
[2024-10-12T07:55:58.293+0800][info] GC(717)   Merge Heap Roots: 0.1ms
[2024-10-12T07:55:58.293+0800][info] GC(717)   Evacuate Collection Set: 0.8ms
[2024-10-12T07:55:58.293+0800][info] GC(717)   Post Evacuate Collection Set: 0.2ms
[2024-10-12T07:55:58.293+0800][info] GC(717)   Other: 0.4ms
[2024-10-12T07:55:58.293+0800][info] GC(717) Eden regions: 2->0(2)
[2024-10-12T07:55:58.293+0800][info] GC(717) Survivor regions: 1->1(1)
[2024-10-12T07:55:58.293+0800][info] GC(717) Old regions: 51->52
[2024-10-12T07:55:58.293+0800][info] GC(717) Archive regions: 2->2
[2024-10-12T07:55:58.293+0800][info] GC(717) Humongous regions: 3->3
[2024-10-12T07:55:58.293+0800][info] GC(717) Metaspace: 1695K(1856K)->1695K(1856K) NonClass: 1571K(1664K)->1571K(1664K) Class: 124K(192K)->124K(192K)
[2024-10-12T07:55:58.293+0800][info] GC(717) Pause Young (Concurrent Start) (G1 Evacuation Pause) 106M->106M(128M) 1.620ms
[2024-10-12T07:55:58.293+0800][info] GC(717) User=0.00s Sys=0.00s Real=0.00s
[2024-10-12T07:55:58.293+0800][info] GC(718) Concurrent Mark Cycle
[2024-10-12T07:55:58.293+0800][info] GC(718) Concurrent Clear Claimed Marks
[2024-10-12T07:55:58.293+0800][info] GC(718) Concurrent Clear Claimed Marks 0.042ms
[2024-10-12T07:55:58.293+0800][info] GC(718) Concurrent Scan Root Regions
[2024-10-12T07:55:58.293+0800][info] GC(718) Concurrent Scan Root Regions 0.109ms
[2024-10-12T07:55:58.293+0800][info] GC(718) Concurrent Mark
[2024-10-12T07:55:58.293+0800][info] GC(718) Concurrent Mark From Roots
[2024-10-12T07:55:58.293+0800][info] GC(718) Using 12 workers of 12 for marking
[2024-10-12T07:55:58.297+0800][info] GC(718) Concurrent Mark From Roots 4.070ms
[2024-10-12T07:55:58.297+0800][info] GC(718) Concurrent Preclean
[2024-10-12T07:55:58.299+0800][info] GC(718) Concurrent Preclean 1.671ms
[2024-10-12T07:55:58.299+0800][info] GC(718) Pause Remark
[2024-10-12T07:55:58.301+0800][info] GC(718) Pause Remark 106M->104M(128M) 1.663ms
[2024-10-12T07:55:58.301+0800][info] GC(718) User=0.00s Sys=0.00s Real=0.00s
[2024-10-12T07:55:58.301+0800][info] GC(718) Concurrent Mark 7.677ms
[2024-10-12T07:55:58.301+0800][info] GC(718) Concurrent Rebuild Remembered Sets
[2024-10-12T07:55:58.302+0800][info] GC(718) Concurrent Rebuild Remembered Sets 1.162ms
[2024-10-12T07:55:58.302+0800][info] GC(718) Pause Cleanup
[2024-10-12T07:55:58.303+0800][info] GC(718) Pause Cleanup 104M->104M(128M) 0.306ms
[2024-10-12T07:55:58.303+0800][info] GC(718) User=0.00s Sys=0.00s Real=0.00s
[2024-10-12T07:55:58.303+0800][info] GC(718) Concurrent Cleanup for Next Mark
[2024-10-12T07:55:58.303+0800][info] GC(718) Concurrent Cleanup for Next Mark 0.436ms
[2024-10-12T07:55:58.303+0800][info] GC(718) Concurrent Mark Cycle 10.099ms
[2024-10-12T07:55:58.446+0800][info] GC(719) Pause Young (Prepare Mixed) (G1 Evacuation Pause)
[2024-10-12T07:55:58.446+0800][info] GC(719) Using 3 workers of 48 for evacuation
[2024-10-12T07:55:58.448+0800][info] GC(719)   Pre Evacuate Collection Set: 0.1ms
[2024-10-12T07:55:58.448+0800][info] GC(719)   Merge Heap Roots: 0.1ms
[2024-10-12T07:55:58.448+0800][info] GC(719)   Evacuate Collection Set: 1.1ms
[2024-10-12T07:55:58.448+0800][info] GC(719)   Post Evacuate Collection Set: 0.2ms
[2024-10-12T07:55:58.448+0800][info] GC(719)   Other: 0.2ms
[2024-10-12T07:55:58.448+0800][info] GC(719) Eden regions: 2->0(2)
[2024-10-12T07:55:58.448+0800][info] GC(719) Survivor regions: 1->1(1)
[2024-10-12T07:55:58.448+0800][info] GC(719) Old regions: 51->53
[2024-10-12T07:55:58.448+0800][info] GC(719) Archive regions: 2->2
[2024-10-12T07:55:58.448+0800][info] GC(719) Humongous regions: 3->3
[2024-10-12T07:55:58.448+0800][info] GC(719) Metaspace: 1695K(1856K)->1695K(1856K) NonClass: 1571K(1664K)->1571K(1664K) Class: 124K(192K)->124K(192K)
[2024-10-12T07:55:58.448+0800][info] GC(719) Pause Young (Prepare Mixed) (G1 Evacuation Pause) 107M->108M(128M) 1.831ms
[2024-10-12T07:55:58.448+0800][info] GC(719) User=0.00s Sys=0.00s Real=0.00s
[2024-10-12T07:55:58.509+0800][info] GC(720) Pause Young (Mixed) (G1 Preventive Collection)
[2024-10-12T07:55:58.509+0800][info] GC(720) Using 3 workers of 48 for evacuation
[2024-10-12T07:55:58.511+0800][info] GC(720)   Pre Evacuate Collection Set: 0.1ms
[2024-10-12T07:55:58.511+0800][info] GC(720)   Merge Heap Roots: 0.1ms
[2024-10-12T07:55:58.511+0800][info] GC(720)   Evacuate Collection Set: 1.5ms
[2024-10-12T07:55:58.511+0800][info] GC(720)   Post Evacuate Collection Set: 0.2ms
[2024-10-12T07:55:58.511+0800][info] GC(720)   Other: 0.3ms
[2024-10-12T07:55:58.511+0800][info] GC(720) Eden regions: 1->0(2)
[2024-10-12T07:55:58.511+0800][info] GC(720) Survivor regions: 1->1(1)
[2024-10-12T07:55:58.511+0800][info] GC(720) Old regions: 53->49
[2024-10-12T07:55:58.511+0800][info] GC(720) Archive regions: 2->2
[2024-10-12T07:55:58.511+0800][info] GC(720) Humongous regions: 3->3
[2024-10-12T07:55:58.511+0800][info] GC(720) Metaspace: 1695K(1856K)->1695K(1856K) NonClass: 1571K(1664K)->1571K(1664K) Class: 124K(192K)->124K(192K)
[2024-10-12T07:55:58.511+0800][info] GC(720) Pause Young (Mixed) (G1 Preventive Collection) 109M->100M(128M) 2.266ms
[2024-10-12T07:55:58.511+0800][info] GC(720) User=0.01s Sys=0.00s Real=0.00s
[2024-10-12T07:55:58.614+0800][info] GC(721) Pause Young (Mixed) (G1 Preventive Collection)
[2024-10-12T07:55:58.614+0800][info] GC(721) Using 3 workers of 48 for evacuation
[2024-10-12T07:55:58.616+0800][info] GC(721)   Pre Evacuate Collection Set: 0.1ms
[2024-10-12T07:55:58.616+0800][info] GC(721)   Merge Heap Roots: 0.1ms
[2024-10-12T07:55:58.616+0800][info] GC(721)   Evacuate Collection Set: 2.1ms
[2024-10-12T07:55:58.616+0800][info] GC(721)   Post Evacuate Collection Set: 0.2ms
[2024-10-12T07:55:58.616+0800][info] GC(721)   Other: 0.2ms
[2024-10-12T07:55:58.617+0800][info] GC(721) Eden regions: 2->0(2)
[2024-10-12T07:55:58.617+0800][info] GC(721) Survivor regions: 1->1(1)
[2024-10-12T07:55:58.617+0800][info] GC(721) Old regions: 49->47
[2024-10-12T07:55:58.617+0800][info] GC(721) Archive regions: 2->2
[2024-10-12T07:55:58.617+0800][info] GC(721) Humongous regions: 4->3
[2024-10-12T07:55:58.617+0800][info] GC(721) Metaspace: 1695K(1856K)->1695K(1856K) NonClass: 1571K(1664K)->1571K(1664K) Class: 124K(192K)->124K(192K)
[2024-10-12T07:55:58.617+0800][info] GC(721) Pause Young (Mixed) (G1 Preventive Collection) 106M->99M(128M) 2.765ms
[2024-10-12T07:55:58.617+0800][info] GC(721) User=0.01s Sys=0.00s Real=0.00s
[2024-10-12T07:55:58.718+0800][info] GC(722) Pause Young (Mixed) (G1 Evacuation Pause)
[2024-10-12T07:55:58.718+0800][info] GC(722) Using 3 workers of 48 for evacuation
[2024-10-12T07:55:58.721+0800][info] GC(722)   Pre Evacuate Collection Set: 0.1ms
[2024-10-12T07:55:58.721+0800][info] GC(722)   Merge Heap Roots: 0.1ms
[2024-10-12T07:55:58.721+0800][info] GC(722)   Evacuate Collection Set: 1.8ms
[2024-10-12T07:55:58.721+0800][info] GC(722)   Post Evacuate Collection Set: 0.3ms
[2024-10-12T07:55:58.721+0800][info] GC(722)   Other: 0.2ms
[2024-10-12T07:55:58.721+0800][info] GC(722) Eden regions: 2->0(2)
[2024-10-12T07:55:58.721+0800][info] GC(722) Survivor regions: 1->1(1)
[2024-10-12T07:55:58.721+0800][info] GC(722) Old regions: 47->46
[2024-10-12T07:55:58.721+0800][info] GC(722) Archive regions: 2->2
[2024-10-12T07:55:58.721+0800][info] GC(722) Humongous regions: 3->3
[2024-10-12T07:55:58.721+0800][info] GC(722) Metaspace: 1695K(1856K)->1695K(1856K) NonClass: 1571K(1664K)->1571K(1664K) Class: 124K(192K)->124K(192K)
[2024-10-12T07:55:58.721+0800][info] GC(722) Pause Young (Mixed) (G1 Evacuation Pause) 102M->98M(128M) 2.555ms
[2024-10-12T07:55:58.721+0800][info] GC(722) User=0.00s Sys=0.00s Real=0.00s
[2024-10-12T07:55:58.823+0800][info] GC(723) Pause Young (Normal) (G1 Evacuation Pause)
[2024-10-12T07:55:58.823+0800][info] GC(723) Using 3 workers of 48 for evacuation
[2024-10-12T07:55:58.824+0800][info] GC(723)   Pre Evacuate Collection Set: 0.1ms
[2024-10-12T07:55:58.824+0800][info] GC(723)   Merge Heap Roots: 0.0ms
[2024-10-12T07:55:58.824+0800][info] GC(723)   Evacuate Collection Set: 1.0ms
[2024-10-12T07:55:58.825+0800][info] GC(723)   Post Evacuate Collection Set: 0.2ms
[2024-10-12T07:55:58.825+0800][info] GC(723)   Other: 0.2ms
[2024-10-12T07:55:58.825+0800][info] GC(723) Eden regions: 2->0(2)
[2024-10-12T07:55:58.825+0800][info] GC(723) Survivor regions: 1->1(1)
[2024-10-12T07:55:58.825+0800][info] GC(723) Old regions: 46->48
[2024-10-12T07:55:58.825+0800][info] GC(723) Archive regions: 2->2
[2024-10-12T07:55:58.825+0800][info] GC(723) Humongous regions: 3->3
[2024-10-12T07:55:58.825+0800][info] GC(723) Metaspace: 1695K(1856K)->1695K(1856K) NonClass: 1571K(1664K)->1571K(1664K) Class: 124K(192K)->124K(192K)
[2024-10-12T07:55:58.825+0800][info] GC(723) Pause Young (Normal) (G1 Evacuation Pause) 102M->102M(128M) 1.657ms
[2024-10-12T07:55:58.825+0800][info] GC(723) User=0.01s Sys=0.00s Real=0.00s
[2024-10-12T07:55:58.926+0800][info] GC(724) Pause Young (Normal) (G1 Evacuation Pause)
[2024-10-12T07:55:58.926+0800][info] GC(724) Using 3 workers of 48 for evacuation
[2024-10-12T07:55:58.928+0800][info] GC(724)   Pre Evacuate Collection Set: 0.1ms
[2024-10-12T07:55:58.928+0800][info] GC(724)   Merge Heap Roots: 0.1ms
[2024-10-12T07:55:58.928+0800][info] GC(724)   Evacuate Collection Set: 0.8ms
[2024-10-12T07:55:58.928+0800][info] GC(724)   Post Evacuate Collection Set: 0.2ms
[2024-10-12T07:55:58.928+0800][info] GC(724)   Other: 0.2ms
[2024-10-12T07:55:58.928+0800][info] GC(724) Eden regions: 2->0(2)
[2024-10-12T07:55:58.928+0800][info] GC(724) Survivor regions: 1->1(1)
[2024-10-12T07:55:58.928+0800][info] GC(724) Old regions: 48->50
[2024-10-12T07:55:58.928+0800][info] GC(724) Archive regions: 2->2
[2024-10-12T07:55:58.928+0800][info] GC(724) Humongous regions: 3->3
[2024-10-12T07:55:58.928+0800][info] GC(724) Metaspace: 1695K(1856K)->1695K(1856K) NonClass: 1571K(1664K)->1571K(1664K) Class: 124K(192K)->124K(192K)
[2024-10-12T07:55:58.928+0800][info] GC(724) Pause Young (Normal) (G1 Evacuation Pause) 106M->106M(128M) 1.432ms
[2024-10-12T07:55:58.928+0800][info] GC(724) User=0.00s Sys=0.00s Real=0.00s
[2024-10-12T07:55:59.030+0800][info] GC(725) Pause Young (Concurrent Start) (G1 Evacuation Pause)
[2024-10-12T07:55:59.030+0800][info] GC(725) Using 3 workers of 48 for evacuation
[2024-10-12T07:55:59.032+0800][info] GC(725)   Pre Evacuate Collection Set: 0.1ms
[2024-10-12T07:55:59.032+0800][info] GC(725)   Merge Heap Roots: 0.1ms
[2024-10-12T07:55:59.032+0800][info] GC(725)   Evacuate Collection Set: 1.3ms
[2024-10-12T07:55:59.032+0800][info] GC(725)   Post Evacuate Collection Set: 0.2ms
[2024-10-12T07:55:59.032+0800][info] GC(725)   Other: 0.4ms
[2024-10-12T07:55:59.032+0800][info] GC(725) Eden regions: 2->0(2)
[2024-10-12T07:55:59.032+0800][info] GC(725) Survivor regions: 1->1(1)
[2024-10-12T07:55:59.032+0800][info] GC(725) Old regions: 50->52
[2024-10-12T07:55:59.032+0800][info] GC(725) Archive regions: 2->2
[2024-10-12T07:55:59.032+0800][info] GC(725) Humongous regions: 3->3
[2024-10-12T07:55:59.032+0800][info] GC(725) Metaspace: 1695K(1856K)->1695K(1856K) NonClass: 1571K(1664K)->1571K(1664K) Class: 124K(192K)->124K(192K)
[2024-10-12T07:55:59.032+0800][info] GC(725) Pause Young (Concurrent Start) (G1 Evacuation Pause) 109M->109M(128M) 2.080ms
[2024-10-12T07:55:59.032+0800][info] GC(725) User=0.00s Sys=0.00s Real=0.00s
[2024-10-12T07:55:59.032+0800][info] GC(726) Concurrent Mark Cycle
[2024-10-12T07:55:59.032+0800][info] GC(726) Concurrent Clear Claimed Marks
[2024-10-12T07:55:59.032+0800][info] GC(726) Concurrent Clear Claimed Marks 0.017ms
[2024-10-12T07:55:59.032+0800][info] GC(726) Concurrent Scan Root Regions
[2024-10-12T07:55:59.032+0800][info] GC(726) Concurrent Scan Root Regions 0.144ms
[2024-10-12T07:55:59.032+0800][info] GC(726) Concurrent Mark
[2024-10-12T07:55:59.032+0800][info] GC(726) Concurrent Mark From Roots
[2024-10-12T07:55:59.032+0800][info] GC(726) Using 12 workers of 12 for marking
[2024-10-12T07:55:59.037+0800][info] GC(726) Concurrent Mark From Roots 4.287ms
[2024-10-12T07:55:59.037+0800][info] GC(726) Concurrent Preclean
[2024-10-12T07:55:59.038+0800][info] GC(726) Concurrent Preclean 1.713ms
[2024-10-12T07:55:59.039+0800][info] GC(726) Pause Remark
[2024-10-12T07:55:59.040+0800][info] GC(726) Pause Remark 110M->110M(128M) 1.684ms
[2024-10-12T07:55:59.040+0800][info] GC(726) User=0.00s Sys=0.00s Real=0.00s
[2024-10-12T07:55:59.040+0800][info] GC(726) Concurrent Mark 8.005ms
[2024-10-12T07:55:59.040+0800][info] GC(726) Concurrent Rebuild Remembered Sets
[2024-10-12T07:55:59.042+0800][info] GC(726) Concurrent Rebuild Remembered Sets 1.352ms
[2024-10-12T07:55:59.042+0800][info] GC(726) Pause Cleanup
[2024-10-12T07:55:59.042+0800][info] GC(726) Pause Cleanup 110M->110M(128M) 0.290ms
[2024-10-12T07:55:59.042+0800][info] GC(726) User=0.00s Sys=0.00s Real=0.00s
[2024-10-12T07:55:59.042+0800][info] GC(726) Concurrent Cleanup for Next Mark
[2024-10-12T07:55:59.043+0800][info] GC(726) Concurrent Cleanup for Next Mark 0.396ms
[2024-10-12T07:55:59.043+0800][info] GC(726) Concurrent Mark Cycle 10.552ms
[2024-10-12T07:55:59.185+0800][info] GC(727) Pause Young (Prepare Mixed) (G1 Preventive Collection)
[2024-10-12T07:55:59.185+0800][info] GC(727) Using 3 workers of 48 for evacuation
[2024-10-12T07:55:59.187+0800][info] GC(727)   Pre Evacuate Collection Set: 0.1ms
[2024-10-12T07:55:59.187+0800][info] GC(727)   Merge Heap Roots: 0.1ms
[2024-10-12T07:55:59.187+0800][info] GC(727)   Evacuate Collection Set: 1.8ms
[2024-10-12T07:55:59.187+0800][info] GC(727)   Post Evacuate Collection Set: 0.2ms
[2024-10-12T07:55:59.187+0800][info] GC(727)   Other: 0.2ms
[2024-10-12T07:55:59.187+0800][info] GC(727) Eden regions: 2->0(2)
[2024-10-12T07:55:59.187+0800][info] GC(727) Survivor regions: 1->1(1)
[2024-10-12T07:55:59.187+0800][info] GC(727) Old regions: 52->54
[2024-10-12T07:55:59.187+0800][info] GC(727) Archive regions: 2->2
[2024-10-12T07:55:59.187+0800][info] GC(727) Humongous regions: 3->3
[2024-10-12T07:55:59.187+0800][info] GC(727) Metaspace: 1695K(1856K)->1695K(1856K) NonClass: 1571K(1664K)->1571K(1664K) Class: 124K(192K)->124K(192K)
[2024-10-12T07:55:59.187+0800][info] GC(727) Pause Young (Prepare Mixed) (G1 Preventive Collection) 113M->113M(128M) 2.556ms
[2024-10-12T07:55:59.187+0800][info] GC(727) User=0.01s Sys=0.00s Real=0.01s
[2024-10-12T07:55:59.249+0800][info] GC(728) Pause Young (Mixed) (G1 Preventive Collection)
[2024-10-12T07:55:59.249+0800][info] GC(728) Using 3 workers of 48 for evacuation
[2024-10-12T07:55:59.251+0800][info] GC(728) To-space exhausted
[2024-10-12T07:55:59.251+0800][info] GC(728)   Pre Evacuate Collection Set: 0.1ms
[2024-10-12T07:55:59.251+0800][info] GC(728)   Merge Heap Roots: 0.1ms
[2024-10-12T07:55:59.251+0800][info] GC(728)   Evacuate Collection Set: 1.5ms
[2024-10-12T07:55:59.251+0800][info] GC(728)   Post Evacuate Collection Set: 0.3ms
[2024-10-12T07:55:59.251+0800][info] GC(728)   Other: 0.2ms
[2024-10-12T07:55:59.251+0800][info] GC(728) Eden regions: 1->0(2)
[2024-10-12T07:55:59.251+0800][info] GC(728) Survivor regions: 1->1(1)
[2024-10-12T07:55:59.251+0800][info] GC(728) Old regions: 54->56
[2024-10-12T07:55:59.251+0800][info] GC(728) Archive regions: 2->2
[2024-10-12T07:55:59.251+0800][info] GC(728) Humongous regions: 3->3
[2024-10-12T07:55:59.251+0800][info] GC(728) Metaspace: 1695K(1856K)->1695K(1856K) NonClass: 1571K(1664K)->1571K(1664K) Class: 124K(192K)->124K(192K)
[2024-10-12T07:55:59.251+0800][info] GC(728) Pause Young (Mixed) (G1 Preventive Collection) 115M->118M(128M) 2.276ms
[2024-10-12T07:55:59.251+0800][info] GC(728) User=0.00s Sys=0.01s Real=0.00s
[2024-10-12T07:55:59.292+0800][info] GC(729) Pause Young (Mixed) (G1 Preventive Collection)
[2024-10-12T07:55:59.292+0800][info] GC(729) Using 3 workers of 48 for evacuation
[2024-10-12T07:55:59.294+0800][info] GC(729) To-space exhausted
[2024-10-12T07:55:59.294+0800][info] GC(729)   Pre Evacuate Collection Set: 0.1ms
[2024-10-12T07:55:59.294+0800][info] GC(729)   Merge Heap Roots: 0.1ms
[2024-10-12T07:55:59.294+0800][info] GC(729)   Evacuate Collection Set: 0.9ms
[2024-10-12T07:55:59.294+0800][info] GC(729)   Post Evacuate Collection Set: 0.4ms
[2024-10-12T07:55:59.294+0800][info] GC(729)   Other: 0.2ms
[2024-10-12T07:55:59.294+0800][info] GC(729) Eden regions: 1->0(2)
[2024-10-12T07:55:59.294+0800][info] GC(729) Survivor regions: 1->1(1)
[2024-10-12T07:55:59.294+0800][info] GC(729) Old regions: 56->57
[2024-10-12T07:55:59.294+0800][info] GC(729) Archive regions: 2->2
[2024-10-12T07:55:59.294+0800][info] GC(729) Humongous regions: 3->3
[2024-10-12T07:55:59.294+0800][info] GC(729) Metaspace: 1695K(1856K)->1695K(1856K) NonClass: 1571K(1664K)->1571K(1664K) Class: 124K(192K)->124K(192K)
[2024-10-12T07:55:59.294+0800][info] GC(729) Pause Young (Mixed) (G1 Preventive Collection) 120M->120M(128M) 1.810ms
[2024-10-12T07:55:59.294+0800][info] GC(729) User=0.00s Sys=0.00s Real=0.01s
[2024-10-12T07:55:59.355+0800][info] GC(730) Pause Young (Mixed) (G1 Evacuation Pause)
[2024-10-12T07:55:59.355+0800][info] GC(730) Using 3 workers of 48 for evacuation
[2024-10-12T07:55:59.356+0800][info] GC(730) To-space exhausted
[2024-10-12T07:55:59.356+0800][info] GC(730)   Pre Evacuate Collection Set: 0.1ms
[2024-10-12T07:55:59.356+0800][info] GC(730)   Merge Heap Roots: 0.1ms
[2024-10-12T07:55:59.356+0800][info] GC(730)   Evacuate Collection Set: 0.4ms
[2024-10-12T07:55:59.356+0800][info] GC(730)   Post Evacuate Collection Set: 0.3ms
[2024-10-12T07:55:59.356+0800][info] GC(730)   Other: 0.2ms
[2024-10-12T07:55:59.356+0800][info] GC(730) Eden regions: 1->0(3)
[2024-10-12T07:55:59.356+0800][info] GC(730) Survivor regions: 1->0(0)
[2024-10-12T07:55:59.356+0800][info] GC(730) Old regions: 57->59
[2024-10-12T07:55:59.356+0800][info] GC(730) Archive regions: 2->2
[2024-10-12T07:55:59.356+0800][info] GC(730) Humongous regions: 3->3
[2024-10-12T07:55:59.356+0800][info] GC(730) Metaspace: 1695K(1856K)->1695K(1856K) NonClass: 1571K(1664K)->1571K(1664K) Class: 124K(192K)->124K(192K)
[2024-10-12T07:55:59.356+0800][info] GC(730) Pause Young (Mixed) (G1 Evacuation Pause) 122M->122M(128M) 1.185ms
[2024-10-12T07:55:59.356+0800][info] GC(730) User=0.00s Sys=0.00s Real=0.00s
[2024-10-12T07:55:59.356+0800][info] Attempting full compaction
[2024-10-12T07:55:59.356+0800][info] GC(731) Using 3 workers of 48 for full compaction
[2024-10-12T07:55:59.356+0800][info] GC(731) Pause Full (G1 Compaction Pause)
[2024-10-12T07:55:59.356+0800][info] GC(731) Phase 1: Mark live objects
[2024-10-12T07:55:59.360+0800][info] GC(731) Phase 1: Mark live objects 3.258ms
[2024-10-12T07:55:59.360+0800][info] GC(731) Phase 2: Prepare for compaction
[2024-10-12T07:55:59.360+0800][info] GC(731) Phase 2: Prepare for compaction 0.670ms
[2024-10-12T07:55:59.360+0800][info] GC(731) Phase 3: Adjust pointers
[2024-10-12T07:55:59.362+0800][info] GC(731) Phase 3: Adjust pointers 1.800ms
[2024-10-12T07:55:59.362+0800][info] GC(731) Phase 4: Compact heap
[2024-10-12T07:55:59.374+0800][info] GC(731) Phase 4: Compact heap 11.859ms
[2024-10-12T07:55:59.376+0800][info] GC(731) Eden regions: 0->0(3)
[2024-10-12T07:55:59.376+0800][info] GC(731) Survivor regions: 0->0(0)
[2024-10-12T07:55:59.376+0800][info] GC(731) Old regions: 59->39
[2024-10-12T07:55:59.376+0800][info] GC(731) Archive regions: 2->2
[2024-10-12T07:55:59.376+0800][info] GC(731) Humongous regions: 3->3
[2024-10-12T07:55:59.376+0800][info] GC(731) Metaspace: 1695K(1856K)->1695K(1856K) NonClass: 1571K(1664K)->1571K(1664K) Class: 124K(192K)->124K(192K)
[2024-10-12T07:55:59.376+0800][info] GC(731) Pause Full (G1 Compaction Pause) 122M->71M(128M) 19.354ms
[2024-10-12T07:55:59.376+0800][info] GC(731) User=0.05s Sys=0.00s Real=0.02s
[2024-10-12T07:55:59.540+0800][info] GC(732) Pause Young (Normal) (G1 Evacuation Pause)
[2024-10-12T07:55:59.540+0800][info] GC(732) Using 3 workers of 48 for evacuation
[2024-10-12T07:55:59.541+0800][info] GC(732)   Pre Evacuate Collection Set: 0.1ms
[2024-10-12T07:55:59.541+0800][info] GC(732)   Merge Heap Roots: 0.0ms
[2024-10-12T07:55:59.541+0800][info] GC(732)   Evacuate Collection Set: 1.1ms
[2024-10-12T07:55:59.541+0800][info] GC(732)   Post Evacuate Collection Set: 0.3ms
[2024-10-12T07:55:59.541+0800][info] GC(732)   Other: 0.3ms
[2024-10-12T07:55:59.541+0800][info] GC(732) Eden regions: 3->0(2)
[2024-10-12T07:55:59.541+0800][info] GC(732) Survivor regions: 0->1(1)
[2024-10-12T07:55:59.541+0800][info] GC(732) Old regions: 39->41
[2024-10-12T07:55:59.541+0800][info] GC(732) Archive regions: 2->2
[2024-10-12T07:55:59.541+0800][info] GC(732) Humongous regions: 3->3
[2024-10-12T07:55:59.541+0800][info] GC(732) Metaspace: 1695K(1856K)->1695K(1856K) NonClass: 1571K(1664K)->1571K(1664K) Class: 124K(192K)->124K(192K)
[2024-10-12T07:55:59.541+0800][info] GC(732) Pause Young (Normal) (G1 Evacuation Pause) 77M->77M(128M) 1.891ms
[2024-10-12T07:55:59.541+0800][info] GC(732) User=0.00s Sys=0.00s Real=0.00s
[2024-10-12T07:55:59.643+0800][info] GC(733) Pause Young (Normal) (G1 Evacuation Pause)
[2024-10-12T07:55:59.643+0800][info] GC(733) Using 3 workers of 48 for evacuation
[2024-10-12T07:55:59.645+0800][info] GC(733)   Pre Evacuate Collection Set: 0.1ms
[2024-10-12T07:55:59.645+0800][info] GC(733)   Merge Heap Roots: 0.0ms
[2024-10-12T07:55:59.645+0800][info] GC(733)   Evacuate Collection Set: 1.0ms
[2024-10-12T07:55:59.645+0800][info] GC(733)   Post Evacuate Collection Set: 0.2ms
[2024-10-12T07:55:59.645+0800][info] GC(733)   Other: 0.2ms
[2024-10-12T07:55:59.645+0800][info] GC(733) Eden regions: 2->0(2)
[2024-10-12T07:55:59.645+0800][info] GC(733) Survivor regions: 1->1(1)
[2024-10-12T07:55:59.645+0800][info] GC(733) Old regions: 41->44
[2024-10-12T07:55:59.645+0800][info] GC(733) Archive regions: 2->2
[2024-10-12T07:55:59.645+0800][info] GC(733) Humongous regions: 3->3
[2024-10-12T07:55:59.645+0800][info] GC(733) Metaspace: 1695K(1856K)->1695K(1856K) NonClass: 1571K(1664K)->1571K(1664K) Class: 124K(192K)->124K(192K)
[2024-10-12T07:55:59.645+0800][info] GC(733) Pause Young (Normal) (G1 Evacuation Pause) 80M->81M(128M) 1.661ms
[2024-10-12T07:55:59.645+0800][info] GC(733) User=0.00s Sys=0.00s Real=0.00s
[2024-10-12T07:55:59.747+0800][info] GC(734) Pause Young (Normal) (G1 Evacuation Pause)
[2024-10-12T07:55:59.747+0800][info] GC(734) Using 3 workers of 48 for evacuation
[2024-10-12T07:55:59.748+0800][info] GC(734)   Pre Evacuate Collection Set: 0.1ms
[2024-10-12T07:55:59.748+0800][info] GC(734)   Merge Heap Roots: 0.0ms
[2024-10-12T07:55:59.748+0800][info] GC(734)   Evacuate Collection Set: 0.9ms
[2024-10-12T07:55:59.748+0800][info] GC(734)   Post Evacuate Collection Set: 0.2ms
[2024-10-12T07:55:59.749+0800][info] GC(734)   Other: 0.2ms
[2024-10-12T07:55:59.749+0800][info] GC(734) Eden regions: 2->0(2)
[2024-10-12T07:55:59.749+0800][info] GC(734) Survivor regions: 1->1(1)
[2024-10-12T07:55:59.749+0800][info] GC(734) Old regions: 44->45
[2024-10-12T07:55:59.749+0800][info] GC(734) Archive regions: 2->2
[2024-10-12T07:55:59.749+0800][info] GC(734) Humongous regions: 3->3
[2024-10-12T07:55:59.749+0800][info] GC(734) Metaspace: 1695K(1856K)->1695K(1856K) NonClass: 1571K(1664K)->1571K(1664K) Class: 124K(192K)->124K(192K)
[2024-10-12T07:55:59.749+0800][info] GC(734) Pause Young (Normal) (G1 Evacuation Pause) 85M->84M(128M) 1.503ms
[2024-10-12T07:55:59.749+0800][info] GC(734) User=0.00s Sys=0.00s Real=0.00s
[2024-10-12T07:55:59.850+0800][info] GC(735) Pause Young (Normal) (G1 Evacuation Pause)
[2024-10-12T07:55:59.850+0800][info] GC(735) Using 3 workers of 48 for evacuation
[2024-10-12T07:55:59.852+0800][info] GC(735)   Pre Evacuate Collection Set: 0.1ms
[2024-10-12T07:55:59.852+0800][info] GC(735)   Merge Heap Roots: 0.0ms
[2024-10-12T07:55:59.852+0800][info] GC(735)   Evacuate Collection Set: 0.9ms
[2024-10-12T07:55:59.852+0800][info] GC(735)   Post Evacuate Collection Set: 0.2ms
[2024-10-12T07:55:59.852+0800][info] GC(735)   Other: 0.2ms
[2024-10-12T07:55:59.852+0800][info] GC(735) Eden regions: 2->0(2)
[2024-10-12T07:55:59.852+0800][info] GC(735) Survivor regions: 1->1(1)
[2024-10-12T07:55:59.852+0800][info] GC(735) Old regions: 45->47
[2024-10-12T07:55:59.852+0800][info] GC(735) Archive regions: 2->2
[2024-10-12T07:55:59.852+0800][info] GC(735) Humongous regions: 3->3
[2024-10-12T07:55:59.852+0800][info] GC(735) Metaspace: 1695K(1856K)->1695K(1856K) NonClass: 1571K(1664K)->1571K(1664K) Class: 124K(192K)->124K(192K)
[2024-10-12T07:55:59.852+0800][info] GC(735) Pause Young (Normal) (G1 Evacuation Pause) 88M->88M(128M) 1.465ms
[2024-10-12T07:55:59.852+0800][info] GC(735) User=0.00s Sys=0.00s Real=0.00s
[2024-10-12T07:55:59.954+0800][info] GC(736) Pause Young (Concurrent Start) (G1 Evacuation Pause)
[2024-10-12T07:55:59.954+0800][info] GC(736) Using 3 workers of 48 for evacuation
[2024-10-12T07:55:59.956+0800][info] GC(736)   Pre Evacuate Collection Set: 0.1ms
[2024-10-12T07:55:59.956+0800][info] GC(736)   Merge Heap Roots: 0.1ms
[2024-10-12T07:55:59.956+0800][info] GC(736)   Evacuate Collection Set: 1.8ms
[2024-10-12T07:55:59.956+0800][info] GC(736)   Post Evacuate Collection Set: 0.2ms
[2024-10-12T07:55:59.956+0800][info] GC(736)   Other: 0.4ms
[2024-10-12T07:55:59.956+0800][info] GC(736) Eden regions: 2->0(2)
[2024-10-12T07:55:59.956+0800][info] GC(736) Survivor regions: 1->1(1)
[2024-10-12T07:55:59.956+0800][info] GC(736) Old regions: 47->49
[2024-10-12T07:55:59.956+0800][info] GC(736) Archive regions: 2->2
[2024-10-12T07:55:59.956+0800][info] GC(736) Humongous regions: 3->3
[2024-10-12T07:55:59.956+0800][info] GC(736) Metaspace: 1695K(1856K)->1695K(1856K) NonClass: 1571K(1664K)->1571K(1664K) Class: 124K(192K)->124K(192K)
[2024-10-12T07:55:59.956+0800][info] GC(736) Pause Young (Concurrent Start) (G1 Evacuation Pause) 91M->91M(128M) 2.614ms
[2024-10-12T07:55:59.956+0800][info] GC(736) User=0.00s Sys=0.00s Real=0.00s
[2024-10-12T07:55:59.957+0800][info] GC(737) Concurrent Mark Cycle
[2024-10-12T07:55:59.957+0800][info] GC(737) Concurrent Clear Claimed Marks
[2024-10-12T07:55:59.957+0800][info] GC(737) Concurrent Clear Claimed Marks 0.017ms
[2024-10-12T07:55:59.957+0800][info] GC(737) Concurrent Scan Root Regions
[2024-10-12T07:55:59.957+0800][info] GC(737) Concurrent Scan Root Regions 0.173ms
[2024-10-12T07:55:59.957+0800][info] GC(737) Concurrent Mark
[2024-10-12T07:55:59.957+0800][info] GC(737) Concurrent Mark From Roots
[2024-10-12T07:55:59.957+0800][info] GC(737) Using 12 workers of 12 for marking
[2024-10-12T07:55:59.963+0800][info] GC(737) Concurrent Mark From Roots 6.430ms
[2024-10-12T07:55:59.963+0800][info] GC(737) Concurrent Preclean
[2024-10-12T07:55:59.965+0800][info] GC(737) Concurrent Preclean 1.674ms
[2024-10-12T07:55:59.965+0800][info] GC(737) Pause Remark
[2024-10-12T07:55:59.967+0800][info] GC(737) Pause Remark 92M->92M(128M) 1.663ms
[2024-10-12T07:55:59.967+0800][info] GC(737) User=0.00s Sys=0.00s Real=0.00s
[2024-10-12T07:55:59.967+0800][info] GC(737) Concurrent Mark 10.092ms
[2024-10-12T07:55:59.967+0800][info] GC(737) Concurrent Rebuild Remembered Sets
[2024-10-12T07:55:59.968+0800][info] GC(737) Concurrent Rebuild Remembered Sets 1.302ms
[2024-10-12T07:55:59.968+0800][info] GC(737) Pause Cleanup
[2024-10-12T07:55:59.969+0800][info] GC(737) Pause Cleanup 92M->92M(128M) 0.191ms
[2024-10-12T07:55:59.969+0800][info] GC(737) User=0.00s Sys=0.00s Real=0.00s
[2024-10-12T07:55:59.969+0800][info] GC(737) Concurrent Cleanup for Next Mark
[2024-10-12T07:55:59.969+0800][info] GC(737) Concurrent Cleanup for Next Mark 0.371ms
[2024-10-12T07:55:59.969+0800][info] GC(737) Concurrent Mark Cycle 12.415ms
[2024-10-12T07:56:00.109+0800][info] GC(738) Pause Young (Prepare Mixed) (G1 Evacuation Pause)
[2024-10-12T07:56:00.109+0800][info] GC(738) Using 3 workers of 48 for evacuation
[2024-10-12T07:56:00.111+0800][info] GC(738)   Pre Evacuate Collection Set: 0.1ms
[2024-10-12T07:56:00.111+0800][info] GC(738)   Merge Heap Roots: 0.1ms
[2024-10-12T07:56:00.111+0800][info] GC(738)   Evacuate Collection Set: 1.2ms
[2024-10-12T07:56:00.111+0800][info] GC(738)   Post Evacuate Collection Set: 0.2ms
[2024-10-12T07:56:00.111+0800][info] GC(738)   Other: 0.3ms
[2024-10-12T07:56:00.111+0800][info] GC(738) Eden regions: 2->0(2)
[2024-10-12T07:56:00.111+0800][info] GC(738) Survivor regions: 1->1(1)
[2024-10-12T07:56:00.111+0800][info] GC(738) Old regions: 49->51
[2024-10-12T07:56:00.111+0800][info] GC(738) Archive regions: 2->2
[2024-10-12T07:56:00.111+0800][info] GC(738) Humongous regions: 3->3
[2024-10-12T07:56:00.111+0800][info] GC(738) Metaspace: 1695K(1856K)->1695K(1856K) NonClass: 1571K(1664K)->1571K(1664K) Class: 124K(192K)->124K(192K)
[2024-10-12T07:56:00.111+0800][info] GC(738) Pause Young (Prepare Mixed) (G1 Evacuation Pause) 95M->95M(128M) 1.911ms
[2024-10-12T07:56:00.111+0800][info] GC(738) User=0.00s Sys=0.00s Real=0.00s
[2024-10-12T07:56:00.213+0800][info] GC(739) Pause Young (Mixed) (G1 Preventive Collection)
[2024-10-12T07:56:00.213+0800][info] GC(739) Using 3 workers of 48 for evacuation
[2024-10-12T07:56:00.216+0800][info] GC(739)   Pre Evacuate Collection Set: 0.1ms
[2024-10-12T07:56:00.216+0800][info] GC(739)   Merge Heap Roots: 0.1ms
[2024-10-12T07:56:00.216+0800][info] GC(739)   Evacuate Collection Set: 1.6ms
[2024-10-12T07:56:00.216+0800][info] GC(739)   Post Evacuate Collection Set: 0.3ms
[2024-10-12T07:56:00.216+0800][info] GC(739)   Other: 0.2ms
[2024-10-12T07:56:00.216+0800][info] GC(739) Eden regions: 2->0(2)
[2024-10-12T07:56:00.216+0800][info] GC(739) Survivor regions: 1->1(1)
[2024-10-12T07:56:00.216+0800][info] GC(739) Old regions: 51->47
[2024-10-12T07:56:00.216+0800][info] GC(739) Archive regions: 2->2
[2024-10-12T07:56:00.216+0800][info] GC(739) Humongous regions: 3->3
[2024-10-12T07:56:00.216+0800][info] GC(739) Metaspace: 1695K(1856K)->1695K(1856K) NonClass: 1571K(1664K)->1571K(1664K) Class: 124K(192K)->124K(192K)
[2024-10-12T07:56:00.216+0800][info] GC(739) Pause Young (Mixed) (G1 Preventive Collection) 99M->94M(128M) 2.342ms
[2024-10-12T07:56:00.216+0800][info] GC(739) User=0.01s Sys=0.01s Real=0.00s
[2024-10-12T07:56:00.318+0800][info] GC(740) Pause Young (Mixed) (G1 Evacuation Pause)
[2024-10-12T07:56:00.318+0800][info] GC(740) Using 3 workers of 48 for evacuation
[2024-10-12T07:56:00.320+0800][info] GC(740)   Pre Evacuate Collection Set: 0.1ms
[2024-10-12T07:56:00.320+0800][info] GC(740)   Merge Heap Roots: 0.1ms
[2024-10-12T07:56:00.320+0800][info] GC(740)   Evacuate Collection Set: 1.4ms
[2024-10-12T07:56:00.320+0800][info] GC(740)   Post Evacuate Collection Set: 0.2ms
[2024-10-12T07:56:00.320+0800][info] GC(740)   Other: 0.2ms
[2024-10-12T07:56:00.320+0800][info] GC(740) Eden regions: 2->0(2)
[2024-10-12T07:56:00.320+0800][info] GC(740) Survivor regions: 1->1(1)
[2024-10-12T07:56:00.320+0800][info] GC(740) Old regions: 47->48
[2024-10-12T07:56:00.320+0800][info] GC(740) Archive regions: 2->2
[2024-10-12T07:56:00.320+0800][info] GC(740) Humongous regions: 3->3
[2024-10-12T07:56:00.320+0800][info] GC(740) Metaspace: 1695K(1856K)->1695K(1856K) NonClass: 1571K(1664K)->1571K(1664K) Class: 124K(192K)->124K(192K)
[2024-10-12T07:56:00.320+0800][info] GC(740) Pause Young (Mixed) (G1 Evacuation Pause) 97M->96M(128M) 2.069ms
[2024-10-12T07:56:00.320+0800][info] GC(740) User=0.00s Sys=0.00s Real=0.00s
[2024-10-12T07:56:00.422+0800][info] GC(741) Pause Young (Normal) (G1 Evacuation Pause)
[2024-10-12T07:56:00.422+0800][info] GC(741) Using 3 workers of 48 for evacuation
[2024-10-12T07:56:00.423+0800][info] GC(741)   Pre Evacuate Collection Set: 0.1ms
[2024-10-12T07:56:00.423+0800][info] GC(741)   Merge Heap Roots: 0.1ms
[2024-10-12T07:56:00.423+0800][info] GC(741)   Evacuate Collection Set: 0.8ms
[2024-10-12T07:56:00.423+0800][info] GC(741)   Post Evacuate Collection Set: 0.2ms
[2024-10-12T07:56:00.423+0800][info] GC(741)   Other: 0.2ms
[2024-10-12T07:56:00.423+0800][info] GC(741) Eden regions: 2->0(2)
[2024-10-12T07:56:00.423+0800][info] GC(741) Survivor regions: 1->1(1)
[2024-10-12T07:56:00.423+0800][info] GC(741) Old regions: 48->49
[2024-10-12T07:56:00.423+0800][info] GC(741) Archive regions: 2->2
[2024-10-12T07:56:00.423+0800][info] GC(741) Humongous regions: 3->3
[2024-10-12T07:56:00.423+0800][info] GC(741) Metaspace: 1695K(1856K)->1695K(1856K) NonClass: 1571K(1664K)->1571K(1664K) Class: 124K(192K)->124K(192K)
[2024-10-12T07:56:00.423+0800][info] GC(741) Pause Young (Normal) (G1 Evacuation Pause) 99M->99M(128M) 1.423ms
[2024-10-12T07:56:00.423+0800][info] GC(741) User=0.00s Sys=0.00s Real=0.00s
[2024-10-12T07:56:00.525+0800][info] GC(742) Pause Young (Normal) (G1 Evacuation Pause)
[2024-10-12T07:56:00.525+0800][info] GC(742) Using 3 workers of 48 for evacuation
[2024-10-12T07:56:00.527+0800][info] GC(742)   Pre Evacuate Collection Set: 0.1ms
[2024-10-12T07:56:00.527+0800][info] GC(742)   Merge Heap Roots: 0.0ms
[2024-10-12T07:56:00.527+0800][info] GC(742)   Evacuate Collection Set: 0.9ms
[2024-10-12T07:56:00.527+0800][info] GC(742)   Post Evacuate Collection Set: 0.2ms
[2024-10-12T07:56:00.527+0800][info] GC(742)   Other: 0.2ms
[2024-10-12T07:56:00.527+0800][info] GC(742) Eden regions: 2->0(2)
[2024-10-12T07:56:00.527+0800][info] GC(742) Survivor regions: 1->1(1)
[2024-10-12T07:56:00.527+0800][info] GC(742) Old regions: 49->51
[2024-10-12T07:56:00.527+0800][info] GC(742) Archive regions: 2->2
[2024-10-12T07:56:00.527+0800][info] GC(742) Humongous regions: 3->3
[2024-10-12T07:56:00.527+0800][info] GC(742) Metaspace: 1695K(1856K)->1695K(1856K) NonClass: 1571K(1664K)->1571K(1664K) Class: 124K(192K)->124K(192K)
[2024-10-12T07:56:00.527+0800][info] GC(742) Pause Young (Normal) (G1 Evacuation Pause) 102M->102M(128M) 1.537ms
[2024-10-12T07:56:00.527+0800][info] GC(742) User=0.00s Sys=0.00s Real=0.00s
[2024-10-12T07:56:00.629+0800][info] GC(743) Pause Young (Concurrent Start) (G1 Evacuation Pause)
[2024-10-12T07:56:00.629+0800][info] GC(743) Using 3 workers of 48 for evacuation
[2024-10-12T07:56:00.631+0800][info] GC(743)   Pre Evacuate Collection Set: 0.1ms
[2024-10-12T07:56:00.631+0800][info] GC(743)   Merge Heap Roots: 0.1ms
[2024-10-12T07:56:00.631+0800][info] GC(743)   Evacuate Collection Set: 1.1ms
[2024-10-12T07:56:00.631+0800][info] GC(743)   Post Evacuate Collection Set: 0.2ms
[2024-10-12T07:56:00.631+0800][info] GC(743)   Other: 0.4ms
[2024-10-12T07:56:00.631+0800][info] GC(743) Eden regions: 2->0(2)
[2024-10-12T07:56:00.631+0800][info] GC(743) Survivor regions: 1->1(1)
[2024-10-12T07:56:00.631+0800][info] GC(743) Old regions: 51->53
[2024-10-12T07:56:00.631+0800][info] GC(743) Archive regions: 2->2
[2024-10-12T07:56:00.631+0800][info] GC(743) Humongous regions: 3->3
[2024-10-12T07:56:00.631+0800][info] GC(743) Metaspace: 1695K(1856K)->1695K(1856K) NonClass: 1571K(1664K)->1571K(1664K) Class: 124K(192K)->124K(192K)
[2024-10-12T07:56:00.631+0800][info] GC(743) Pause Young (Concurrent Start) (G1 Evacuation Pause) 106M->106M(128M) 1.946ms
[2024-10-12T07:56:00.631+0800][info] GC(743) User=0.01s Sys=0.00s Real=0.00s
[2024-10-12T07:56:00.631+0800][info] GC(744) Concurrent Mark Cycle
[2024-10-12T07:56:00.631+0800][info] GC(744) Concurrent Clear Claimed Marks
[2024-10-12T07:56:00.631+0800][info] GC(744) Concurrent Clear Claimed Marks 0.017ms
[2024-10-12T07:56:00.631+0800][info] GC(744) Concurrent Scan Root Regions
[2024-10-12T07:56:00.631+0800][info] GC(744) Concurrent Scan Root Regions 0.152ms
[2024-10-12T07:56:00.631+0800][info] GC(744) Concurrent Mark
[2024-10-12T07:56:00.631+0800][info] GC(744) Concurrent Mark From Roots
[2024-10-12T07:56:00.631+0800][info] GC(744) Using 12 workers of 12 for marking
[2024-10-12T07:56:00.635+0800][info] GC(744) Concurrent Mark From Roots 4.083ms
[2024-10-12T07:56:00.635+0800][info] GC(744) Concurrent Preclean
[2024-10-12T07:56:00.637+0800][info] GC(744) Concurrent Preclean 1.711ms
[2024-10-12T07:56:00.637+0800][info] GC(744) Pause Remark
[2024-10-12T07:56:00.639+0800][info] GC(744) Pause Remark 107M->107M(128M) 1.652ms
[2024-10-12T07:56:00.639+0800][info] GC(744) User=0.01s Sys=0.00s Real=0.00s
[2024-10-12T07:56:00.639+0800][info] GC(744) Concurrent Mark 7.777ms
[2024-10-12T07:56:00.639+0800][info] GC(744) Concurrent Rebuild Remembered Sets
[2024-10-12T07:56:00.641+0800][info] GC(744) Concurrent Rebuild Remembered Sets 1.489ms
[2024-10-12T07:56:00.641+0800][info] GC(744) Pause Cleanup
[2024-10-12T07:56:00.641+0800][info] GC(744) Pause Cleanup 107M->107M(128M) 0.300ms
[2024-10-12T07:56:00.641+0800][info] GC(744) User=0.00s Sys=0.00s Real=0.00s
[2024-10-12T07:56:00.641+0800][info] GC(744) Concurrent Cleanup for Next Mark
[2024-10-12T07:56:00.641+0800][info] GC(744) Concurrent Cleanup for Next Mark 0.405ms
[2024-10-12T07:56:00.642+0800][info] GC(744) Concurrent Mark Cycle 10.500ms
[2024-10-12T07:56:00.783+0800][info] GC(745) Pause Young (Prepare Mixed) (G1 Preventive Collection)
[2024-10-12T07:56:00.784+0800][info] GC(745) Using 3 workers of 48 for evacuation
[2024-10-12T07:56:00.785+0800][info] GC(745)   Pre Evacuate Collection Set: 0.1ms
[2024-10-12T07:56:00.785+0800][info] GC(745)   Merge Heap Roots: 0.1ms
[2024-10-12T07:56:00.785+0800][info] GC(745)   Evacuate Collection Set: 1.1ms
[2024-10-12T07:56:00.785+0800][info] GC(745)   Post Evacuate Collection Set: 0.2ms
[2024-10-12T07:56:00.785+0800][info] GC(745)   Other: 0.3ms
[2024-10-12T07:56:00.785+0800][info] GC(745) Eden regions: 2->0(2)
[2024-10-12T07:56:00.785+0800][info] GC(745) Survivor regions: 1->1(1)
[2024-10-12T07:56:00.785+0800][info] GC(745) Old regions: 53->55
[2024-10-12T07:56:00.785+0800][info] GC(745) Archive regions: 2->2
[2024-10-12T07:56:00.785+0800][info] GC(745) Humongous regions: 3->3
[2024-10-12T07:56:00.785+0800][info] GC(745) Metaspace: 1695K(1856K)->1695K(1856K) NonClass: 1571K(1664K)->1571K(1664K) Class: 124K(192K)->124K(192K)
[2024-10-12T07:56:00.785+0800][info] GC(745) Pause Young (Prepare Mixed) (G1 Preventive Collection) 110M->111M(128M) 1.827ms
[2024-10-12T07:56:00.785+0800][info] GC(745) User=0.00s Sys=0.00s Real=0.01s
[2024-10-12T07:56:00.848+0800][info] Heap
[2024-10-12T07:56:00.848+0800][info]  garbage-first heap   total 131072K, used 115844K [0x00000000f8000000, 0x0000000100000000)
[2024-10-12T07:56:00.848+0800][info]   region size 2048K, 2 young (4096K), 1 survivors (2048K)
[2024-10-12T07:56:00.848+0800][info]  Metaspace       used 1696K, committed 1856K, reserved 1114112K
[2024-10-12T07:56:00.848+0800][info]   class space    used 124K, committed 192K, reserved 1048576K
