[2024-10-12T07:54:54.642+0800][debug][gc,ergo,cset] GC(9) Pruned 8 regions out of 26, leaving 6056872 bytes waste (allowed 6710886)
[2024-10-12T07:54:55.069+0800][debug][gc,ergo,cset] GC(11) Start adding old regions to collection set. Min 3 regions, max 7 regions, time remaining 40.13ms, optional threshold 8.03ms
[2024-10-12T07:54:55.069+0800][debug][gc,ergo,cset] GC(11) Finish adding old regions to collection set (Maximum number of regions). Initial 7 regions, optional 0 regions
[2024-10-12T07:54:55.069+0800][debug][gc,ergo,cset] GC(11) Finish choosing collection set old regions. Initial: 7, optional: 0, predicted old time: 0.00ms, predicted optional time: 0.00ms, time remaining: 32.42
[2024-10-12T07:54:55.176+0800][debug][gc,ergo,cset] GC(12) Start adding old regions to collection set. Min 3 regions, max 7 regions, time remaining 41.72ms, optional threshold 8.34ms
[2024-10-12T07:54:55.176+0800][debug][gc,ergo,cset] GC(12) Finish adding old regions to collection set (Maximum number of regions). Initial 7 regions, optional 0 regions
[2024-10-12T07:54:55.176+0800][debug][gc,ergo,cset] GC(12) Finish choosing collection set old regions. Initial: 7, optional: 0, predicted old time: 0.00ms, predicted optional time: 0.00ms, time remaining: 31.98
[2024-10-12T07:54:55.285+0800][debug][gc,ergo,cset] GC(13) Start adding old regions to collection set. Min 3 regions, max 7 regions, time remaining 42.62ms, optional threshold 8.52ms
[2024-10-12T07:54:55.285+0800][debug][gc,ergo,cset] GC(13) Old candidate collection set empty.
[2024-10-12T07:54:55.285+0800][debug][gc,ergo,cset] GC(13) Finish choosing collection set old regions. Initial: 4, optional: 0, predicted old time: 0.00ms, predicted optional time: 0.00ms, time remaining: 36.07
[2024-10-12T07:54:55.675+0800][debug][gc,ergo,cset] GC(15) Pruned 10 regions out of 21, leaving 6687904 bytes waste (allowed 6710886)
[2024-10-12T07:54:56.094+0800][debug][gc,ergo,cset] GC(17) Start adding old regions to collection set. Min 2 regions, max 7 regions, time remaining 45.78ms, optional threshold 9.16ms
[2024-10-12T07:54:56.094+0800][debug][gc,ergo,cset] GC(17) Finish adding old regions to collection set (Maximum number of regions). Initial 7 regions, optional 0 regions
[2024-10-12T07:54:56.094+0800][debug][gc,ergo,cset] GC(17) Finish choosing collection set old regions. Initial: 7, optional: 0, predicted old time: 0.00ms, predicted optional time: 0.00ms, time remaining: 41.86
[2024-10-12T07:54:56.203+0800][debug][gc,ergo,cset] GC(18) Start adding old regions to collection set. Min 2 regions, max 7 regions, time remaining 45.67ms, optional threshold 9.13ms
[2024-10-12T07:54:56.203+0800][debug][gc,ergo,cset] GC(18) Old candidate collection set empty.
[2024-10-12T07:54:56.203+0800][debug][gc,ergo,cset] GC(18) Finish choosing collection set old regions. Initial: 4, optional: 0, predicted old time: 0.00ms, predicted optional time: 0.00ms, time remaining: 42.45
[2024-10-12T07:54:56.446+0800][debug][gc,ergo,cset] GC(20) Pruned 11 regions out of 26, leaving 6154992 bytes waste (allowed 6710886)
[2024-10-12T07:54:56.759+0800][debug][gc,ergo,cset] GC(22) Start adding old regions to collection set. Min 2 regions, max 7 regions, time remaining 47.03ms, optional threshold 9.41ms
[2024-10-12T07:54:56.759+0800][debug][gc,ergo,cset] GC(22) Finish adding old regions to collection set (Maximum number of regions). Initial 7 regions, optional 0 regions
[2024-10-12T07:54:56.759+0800][debug][gc,ergo,cset] GC(22) Finish choosing collection set old regions. Initial: 7, optional: 0, predicted old time: 0.00ms, predicted optional time: 0.00ms, time remaining: 43.82
[2024-10-12T07:54:56.870+0800][debug][gc,ergo,cset] GC(23) Start adding old regions to collection set. Min 2 regions, max 7 regions, time remaining 46.72ms, optional threshold 9.34ms
[2024-10-12T07:54:56.870+0800][debug][gc,ergo,cset] GC(23) Finish adding old regions to collection set (Maximum number of regions). Initial 7 regions, optional 0 regions
[2024-10-12T07:54:56.870+0800][debug][gc,ergo,cset] GC(23) Finish choosing collection set old regions. Initial: 7, optional: 0, predicted old time: 0.00ms, predicted optional time: 0.00ms, time remaining: 42.14
[2024-10-12T07:54:56.976+0800][debug][gc,ergo,cset] GC(24) Start adding old regions to collection set. Min 2 regions, max 7 regions, time remaining 47.12ms, optional threshold 9.42ms
[2024-10-12T07:54:56.976+0800][debug][gc,ergo,cset] GC(24) Old candidate collection set empty.
[2024-10-12T07:54:56.976+0800][debug][gc,ergo,cset] GC(24) Finish choosing collection set old regions. Initial: 1, optional: 0, predicted old time: 0.00ms, predicted optional time: 0.00ms, time remaining: 46.27
[2024-10-12T07:54:57.365+0800][debug][gc,ergo,cset] GC(28) Pruned 9 regions out of 32, leaving 5956200 bytes waste (allowed 6710886)
[2024-10-12T07:54:57.617+0800][debug][gc,ergo,cset] GC(30) Start adding old regions to collection set. Min 3 regions, max 7 regions, time remaining 47.67ms, optional threshold 9.53ms
[2024-10-12T07:54:57.617+0800][debug][gc,ergo,cset] GC(30) Finish adding old regions to collection set (Maximum number of regions). Initial 7 regions, optional 0 regions
[2024-10-12T07:54:57.617+0800][debug][gc,ergo,cset] GC(30) Finish choosing collection set old regions. Initial: 7, optional: 0, predicted old time: 0.00ms, predicted optional time: 0.00ms, time remaining: 45.91
[2024-10-12T07:54:57.724+0800][debug][gc,ergo,cset] GC(31) Start adding old regions to collection set. Min 3 regions, max 7 regions, time remaining 47.61ms, optional threshold 9.52ms
[2024-10-12T07:54:57.724+0800][debug][gc,ergo,cset] GC(31) Finish adding old regions to collection set (Maximum number of regions). Initial 7 regions, optional 0 regions
[2024-10-12T07:54:57.724+0800][debug][gc,ergo,cset] GC(31) Finish choosing collection set old regions. Initial: 7, optional: 0, predicted old time: 0.00ms, predicted optional time: 0.00ms, time remaining: 44.98
[2024-10-12T07:54:57.829+0800][debug][gc,ergo,cset] GC(32) Start adding old regions to collection set. Min 3 regions, max 7 regions, time remaining 47.87ms, optional threshold 9.57ms
[2024-10-12T07:54:57.829+0800][debug][gc,ergo,cset] GC(32) Finish adding old regions to collection set (Maximum number of regions). Initial 7 regions, optional 0 regions
[2024-10-12T07:54:57.829+0800][debug][gc,ergo,cset] GC(32) Finish choosing collection set old regions. Initial: 7, optional: 0, predicted old time: 0.00ms, predicted optional time: 0.00ms, time remaining: 44.91
[2024-10-12T07:54:57.936+0800][debug][gc,ergo,cset] GC(33) Start adding old regions to collection set. Min 3 regions, max 7 regions, time remaining 48.05ms, optional threshold 9.61ms
[2024-10-12T07:54:57.936+0800][debug][gc,ergo,cset] GC(33) Old candidate collection set empty.
[2024-10-12T07:54:57.936+0800][debug][gc,ergo,cset] GC(33) Finish choosing collection set old regions. Initial: 2, optional: 0, predicted old time: 0.00ms, predicted optional time: 0.00ms, time remaining: 47.14
[2024-10-12T07:54:58.265+0800][debug][gc,ergo,cset] GC(37) Pruned 15 regions out of 38, leaving 9217472 bytes waste (allowed 9395240)
[2024-10-12T07:54:58.512+0800][debug][gc,ergo,cset] Preventive GC, insufficient free regions. Predicted need 5. Curr Eden 2 (Pred 3). Curr Survivor 1 (Pred 1). Curr Old 53 (Pred 1) Free 5 Alloc 1
[2024-10-12T07:54:58.512+0800][debug][gc,ergo,cset] GC(39) Start adding old regions to collection set. Min 3 regions, max 7 regions, time remaining 48.59ms, optional threshold 9.72ms
[2024-10-12T07:54:58.512+0800][debug][gc,ergo,cset] GC(39) Finish adding old regions to collection set (Maximum number of regions). Initial 7 regions, optional 0 regions
[2024-10-12T07:54:58.512+0800][debug][gc,ergo,cset] GC(39) Finish choosing collection set old regions. Initial: 7, optional: 0, predicted old time: 0.00ms, predicted optional time: 0.00ms, time remaining: 47.43
[2024-10-12T07:54:58.617+0800][debug][gc,ergo,cset] GC(40) Start adding old regions to collection set. Min 3 regions, max 7 regions, time remaining 48.53ms, optional threshold 9.71ms
[2024-10-12T07:54:58.617+0800][debug][gc,ergo,cset] GC(40) Finish adding old regions to collection set (Maximum number of regions). Initial 7 regions, optional 0 regions
[2024-10-12T07:54:58.617+0800][debug][gc,ergo,cset] GC(40) Finish choosing collection set old regions. Initial: 7, optional: 0, predicted old time: 0.00ms, predicted optional time: 0.00ms, time remaining: 46.91
[2024-10-12T07:54:58.722+0800][debug][gc,ergo,cset] GC(41) Start adding old regions to collection set. Min 3 regions, max 7 regions, time remaining 48.58ms, optional threshold 9.72ms
[2024-10-12T07:54:58.722+0800][debug][gc,ergo,cset] GC(41) Finish adding old regions to collection set (Maximum number of regions). Initial 7 regions, optional 0 regions
[2024-10-12T07:54:58.722+0800][debug][gc,ergo,cset] GC(41) Finish choosing collection set old regions. Initial: 7, optional: 0, predicted old time: 0.00ms, predicted optional time: 0.00ms, time remaining: 46.80
[2024-10-12T07:54:58.828+0800][debug][gc,ergo,cset] GC(42) Start adding old regions to collection set. Min 3 regions, max 7 regions, time remaining 48.61ms, optional threshold 9.72ms
[2024-10-12T07:54:58.828+0800][debug][gc,ergo,cset] GC(42) Old candidate collection set empty.
[2024-10-12T07:54:58.828+0800][debug][gc,ergo,cset] GC(42) Finish choosing collection set old regions. Initial: 2, optional: 0, predicted old time: 0.00ms, predicted optional time: 0.00ms, time remaining: 48.00
[2024-10-12T07:54:59.153+0800][debug][gc,ergo,cset] GC(46) Pruned 17 regions out of 44, leaving 11593152 bytes waste (allowed 12079595)
[2024-10-12T07:54:59.298+0800][debug][gc,ergo,cset] Preventive GC, insufficient free regions. Predicted need 4. Curr Eden 2 (Pred 3). Curr Survivor 1 (Pred 1). Curr Old 53 (Pred 0) Free 4 Alloc 1
[2024-10-12T07:54:59.362+0800][debug][gc,ergo,cset] Preventive GC, insufficient free regions. Predicted need 4. Curr Eden 1 (Pred 2). Curr Survivor 1 (Pred 1). Curr Old 55 (Pred 1) Free 4 Alloc 1
[2024-10-12T07:54:59.362+0800][debug][gc,ergo,cset] GC(48) Start adding old regions to collection set. Min 4 regions, max 7 regions, time remaining 48.99ms, optional threshold 9.80ms
[2024-10-12T07:54:59.362+0800][debug][gc,ergo,cset] GC(48) Finish adding old regions to collection set (Maximum number of regions). Initial 7 regions, optional 0 regions
[2024-10-12T07:54:59.362+0800][debug][gc,ergo,cset] GC(48) Finish choosing collection set old regions. Initial: 7, optional: 0, predicted old time: 0.00ms, predicted optional time: 0.00ms, time remaining: 48.18
[2024-10-12T07:54:59.467+0800][debug][gc,ergo,cset] GC(49) Start adding old regions to collection set. Min 4 regions, max 7 regions, time remaining 48.69ms, optional threshold 9.74ms
[2024-10-12T07:54:59.467+0800][debug][gc,ergo,cset] GC(49) Finish adding old regions to collection set (Maximum number of regions). Initial 7 regions, optional 0 regions
[2024-10-12T07:54:59.467+0800][debug][gc,ergo,cset] GC(49) Finish choosing collection set old regions. Initial: 7, optional: 0, predicted old time: 0.00ms, predicted optional time: 0.00ms, time remaining: 47.50
[2024-10-12T07:54:59.572+0800][debug][gc,ergo,cset] GC(50) Start adding old regions to collection set. Min 4 regions, max 7 regions, time remaining 48.61ms, optional threshold 9.72ms
[2024-10-12T07:54:59.572+0800][debug][gc,ergo,cset] GC(50) Finish adding old regions to collection set (Maximum number of regions). Initial 7 regions, optional 0 regions
[2024-10-12T07:54:59.572+0800][debug][gc,ergo,cset] GC(50) Finish choosing collection set old regions. Initial: 7, optional: 0, predicted old time: 0.00ms, predicted optional time: 0.00ms, time remaining: 47.15
[2024-10-12T07:54:59.679+0800][debug][gc,ergo,cset] GC(51) Start adding old regions to collection set. Min 4 regions, max 7 regions, time remaining 48.61ms, optional threshold 9.72ms
[2024-10-12T07:54:59.679+0800][debug][gc,ergo,cset] GC(51) Old candidate collection set empty.
[2024-10-12T07:54:59.679+0800][debug][gc,ergo,cset] GC(51) Finish choosing collection set old regions. Initial: 6, optional: 0, predicted old time: 0.00ms, predicted optional time: 0.00ms, time remaining: 47.15
[2024-10-12T07:55:00.003+0800][debug][gc,ergo,cset] GC(55) Pruned 24 regions out of 45, leaving 17304680 bytes waste (allowed 17448304)
[2024-10-12T07:55:00.148+0800][debug][gc,ergo,cset] Preventive GC, insufficient free regions. Predicted need 4. Curr Eden 2 (Pred 3). Curr Survivor 1 (Pred 1). Curr Old 54 (Pred 0) Free 4 Alloc 1
[2024-10-12T07:55:00.211+0800][debug][gc,ergo,cset] Preventive GC, insufficient free regions. Predicted need 4. Curr Eden 1 (Pred 2). Curr Survivor 1 (Pred 1). Curr Old 56 (Pred 1) Free 3 Alloc 1
[2024-10-12T07:55:00.212+0800][debug][gc,ergo,cset] GC(57) Start adding old regions to collection set. Min 3 regions, max 7 regions, time remaining 49.04ms, optional threshold 9.81ms
[2024-10-12T07:55:00.212+0800][debug][gc,ergo,cset] GC(57) Finish adding old regions to collection set (Maximum number of regions). Initial 7 regions, optional 0 regions
[2024-10-12T07:55:00.212+0800][debug][gc,ergo,cset] GC(57) Finish choosing collection set old regions. Initial: 7, optional: 0, predicted old time: 0.00ms, predicted optional time: 0.00ms, time remaining: 48.29
[2024-10-12T07:55:00.316+0800][debug][gc,ergo,cset] Preventive GC, insufficient free regions. Predicted need 6. Curr Eden 2 (Pred 3). Curr Survivor 1 (Pred 1). Curr Old 52 (Pred 2) Free 6 Alloc 1
[2024-10-12T07:55:00.316+0800][debug][gc,ergo,cset] GC(58) Start adding old regions to collection set. Min 3 regions, max 7 regions, time remaining 48.75ms, optional threshold 9.75ms
[2024-10-12T07:55:00.316+0800][debug][gc,ergo,cset] GC(58) Finish adding old regions to collection set (Maximum number of regions). Initial 7 regions, optional 0 regions
[2024-10-12T07:55:00.316+0800][debug][gc,ergo,cset] GC(58) Finish choosing collection set old regions. Initial: 7, optional: 0, predicted old time: 0.00ms, predicted optional time: 0.00ms, time remaining: 47.64
[2024-10-12T07:55:00.421+0800][debug][gc,ergo,cset] GC(59) Start adding old regions to collection set. Min 3 regions, max 7 regions, time remaining 48.71ms, optional threshold 9.74ms
[2024-10-12T07:55:00.421+0800][debug][gc,ergo,cset] GC(59) Old candidate collection set empty.
[2024-10-12T07:55:00.421+0800][debug][gc,ergo,cset] GC(59) Finish choosing collection set old regions. Initial: 7, optional: 0, predicted old time: 0.00ms, predicted optional time: 0.00ms, time remaining: 47.42
[2024-10-12T07:55:00.642+0800][debug][gc,ergo,cset] GC(62) Pruned 27 regions out of 43, leaving 19647784 bytes waste (allowed 20132659)
[2024-10-12T07:55:00.892+0800][debug][gc,ergo,cset] Preventive GC, insufficient free regions. Predicted need 5. Curr Eden 2 (Pred 3). Curr Survivor 1 (Pred 1). Curr Old 54 (Pred 1) Free 4 Alloc 1
[2024-10-12T07:55:00.892+0800][debug][gc,ergo,cset] GC(64) Start adding old regions to collection set. Min 2 regions, max 7 regions, time remaining 48.79ms, optional threshold 9.76ms
[2024-10-12T07:55:00.892+0800][debug][gc,ergo,cset] GC(64) Finish adding old regions to collection set (Maximum number of regions). Initial 7 regions, optional 0 regions
[2024-10-12T07:55:00.892+0800][debug][gc,ergo,cset] GC(64) Finish choosing collection set old regions. Initial: 7, optional: 0, predicted old time: 0.00ms, predicted optional time: 0.00ms, time remaining: 48.21
[2024-10-12T07:55:00.997+0800][debug][gc,ergo,cset] GC(65) Start adding old regions to collection set. Min 2 regions, max 7 regions, time remaining 48.80ms, optional threshold 9.76ms
[2024-10-12T07:55:00.998+0800][debug][gc,ergo,cset] GC(65) Finish adding old regions to collection set (Maximum number of regions). Initial 7 regions, optional 0 regions
[2024-10-12T07:55:00.998+0800][debug][gc,ergo,cset] GC(65) Finish choosing collection set old regions. Initial: 7, optional: 0, predicted old time: 0.00ms, predicted optional time: 0.00ms, time remaining: 47.75
[2024-10-12T07:55:01.104+0800][debug][gc,ergo,cset] GC(66) Start adding old regions to collection set. Min 2 regions, max 7 regions, time remaining 48.80ms, optional threshold 9.76ms
[2024-10-12T07:55:01.104+0800][debug][gc,ergo,cset] GC(66) Old candidate collection set empty.
[2024-10-12T07:55:01.104+0800][debug][gc,ergo,cset] GC(66) Finish choosing collection set old regions. Initial: 2, optional: 0, predicted old time: 0.00ms, predicted optional time: 0.00ms, time remaining: 48.43
[2024-10-12T07:55:01.220+0800][debug][gc,ergo,cset] GC(68) Pruned 25 regions out of 41, leaving 19763424 bytes waste (allowed 20132659)
[2024-10-12T07:55:01.468+0800][debug][gc,ergo,cset] Preventive GC, insufficient free regions. Predicted need 5. Curr Eden 2 (Pred 3). Curr Survivor 1 (Pred 1). Curr Old 54 (Pred 1) Free 4 Alloc 1
[2024-10-12T07:55:01.468+0800][debug][gc,ergo,cset] GC(70) Start adding old regions to collection set. Min 2 regions, max 7 regions, time remaining 48.73ms, optional threshold 9.75ms
[2024-10-12T07:55:01.468+0800][debug][gc,ergo,cset] GC(70) Finish adding old regions to collection set (Maximum number of regions). Initial 7 regions, optional 0 regions
[2024-10-12T07:55:01.468+0800][debug][gc,ergo,cset] GC(70) Finish choosing collection set old regions. Initial: 7, optional: 0, predicted old time: 0.00ms, predicted optional time: 0.00ms, time remaining: 47.82
[2024-10-12T07:55:01.491+0800][debug][gc,ergo,cset] Preventive GC, insufficient free regions. Predicted need 4. Curr Eden 1 (Pred 2). Curr Survivor 1 (Pred 1). Curr Old 55 (Pred 1) Free 4 Alloc 1
[2024-10-12T07:55:01.491+0800][debug][gc,ergo,cset] GC(71) Start adding old regions to collection set. Min 2 regions, max 7 regions, time remaining 48.98ms, optional threshold 9.80ms
[2024-10-12T07:55:01.491+0800][debug][gc,ergo,cset] GC(71) Finish adding old regions to collection set (Maximum number of regions). Initial 7 regions, optional 0 regions
[2024-10-12T07:55:01.491+0800][debug][gc,ergo,cset] GC(71) Finish choosing collection set old regions. Initial: 7, optional: 0, predicted old time: 0.00ms, predicted optional time: 0.00ms, time remaining: 47.62
[2024-10-12T07:55:01.494+0800][debug][gc,ergo,cset] GC(72) Start adding old regions to collection set. Min 2 regions, max 7 regions, time remaining 49.48ms, optional threshold 9.90ms
[2024-10-12T07:55:01.494+0800][debug][gc,ergo,cset] GC(72) Old candidate collection set empty.
[2024-10-12T07:55:01.494+0800][debug][gc,ergo,cset] GC(72) Finish choosing collection set old regions. Initial: 2, optional: 0, predicted old time: 0.00ms, predicted optional time: 0.00ms, time remaining: 49.05
[2024-10-12T07:55:02.174+0800][debug][gc,ergo,cset] GC(79) Pruned 25 regions out of 38, leaving 19211352 bytes waste (allowed 20132659)
[2024-10-12T07:55:02.422+0800][debug][gc,ergo,cset] Preventive GC, insufficient free regions. Predicted need 5. Curr Eden 2 (Pred 3). Curr Survivor 1 (Pred 1). Curr Old 52 (Pred 1) Free 5 Alloc 1
[2024-10-12T07:55:02.423+0800][debug][gc,ergo,cset] GC(81) Start adding old regions to collection set. Min 2 regions, max 7 regions, time remaining 48.76ms, optional threshold 9.75ms
[2024-10-12T07:55:02.423+0800][debug][gc,ergo,cset] GC(81) Finish adding old regions to collection set (Maximum number of regions). Initial 7 regions, optional 0 regions
[2024-10-12T07:55:02.423+0800][debug][gc,ergo,cset] GC(81) Finish choosing collection set old regions. Initial: 7, optional: 0, predicted old time: 0.00ms, predicted optional time: 0.00ms, time remaining: 47.80
[2024-10-12T07:55:02.527+0800][debug][gc,ergo,cset] GC(82) Start adding old regions to collection set. Min 2 regions, max 7 regions, time remaining 48.77ms, optional threshold 9.75ms
[2024-10-12T07:55:02.527+0800][debug][gc,ergo,cset] GC(82) Old candidate collection set empty.
[2024-10-12T07:55:02.527+0800][debug][gc,ergo,cset] GC(82) Finish choosing collection set old regions. Initial: 6, optional: 0, predicted old time: 0.00ms, predicted optional time: 0.00ms, time remaining: 47.69
[2024-10-12T07:55:02.748+0800][debug][gc,ergo,cset] GC(85) Pruned 23 regions out of 37, leaving 18872864 bytes waste (allowed 20132659)
[2024-10-12T07:55:02.955+0800][debug][gc,ergo,cset] Preventive GC, insufficient free regions. Predicted need 4. Curr Eden 1 (Pred 2). Curr Survivor 1 (Pred 1). Curr Old 54 (Pred 1) Free 4 Alloc 1
[2024-10-12T07:55:02.956+0800][debug][gc,ergo,cset] GC(87) Start adding old regions to collection set. Min 2 regions, max 7 regions, time remaining 49.01ms, optional threshold 9.80ms
[2024-10-12T07:55:02.956+0800][debug][gc,ergo,cset] GC(87) Finish adding old regions to collection set (Maximum number of regions). Initial 7 regions, optional 0 regions
[2024-10-12T07:55:02.956+0800][debug][gc,ergo,cset] GC(87) Finish choosing collection set old regions. Initial: 7, optional: 0, predicted old time: 0.00ms, predicted optional time: 0.00ms, time remaining: 48.50
[2024-10-12T07:55:03.060+0800][debug][gc,ergo,cset] GC(88) Start adding old regions to collection set. Min 2 regions, max 7 regions, time remaining 48.73ms, optional threshold 9.75ms
[2024-10-12T07:55:03.060+0800][debug][gc,ergo,cset] GC(88) Old candidate collection set empty.
[2024-10-12T07:55:03.060+0800][debug][gc,ergo,cset] GC(88) Finish choosing collection set old regions. Initial: 7, optional: 0, predicted old time: 0.00ms, predicted optional time: 0.00ms, time remaining: 47.56
[2024-10-12T07:55:03.281+0800][debug][gc,ergo,cset] GC(91) Pruned 26 regions out of 40, leaving 19975936 bytes waste (allowed 20132659)
[2024-10-12T07:55:03.488+0800][debug][gc,ergo,cset] Preventive GC, insufficient free regions. Predicted need 4. Curr Eden 1 (Pred 2). Curr Survivor 1 (Pred 1). Curr Old 54 (Pred 1) Free 4 Alloc 1
[2024-10-12T07:55:03.489+0800][debug][gc,ergo,cset] GC(93) Start adding old regions to collection set. Min 2 regions, max 7 regions, time remaining 49.00ms, optional threshold 9.80ms
[2024-10-12T07:55:03.489+0800][debug][gc,ergo,cset] GC(93) Finish adding old regions to collection set (Maximum number of regions). Initial 7 regions, optional 0 regions
[2024-10-12T07:55:03.489+0800][debug][gc,ergo,cset] GC(93) Finish choosing collection set old regions. Initial: 7, optional: 0, predicted old time: 0.00ms, predicted optional time: 0.00ms, time remaining: 48.25
[2024-10-12T07:55:03.594+0800][debug][gc,ergo,cset] GC(94) Start adding old regions to collection set. Min 2 regions, max 7 regions, time remaining 48.74ms, optional threshold 9.75ms
[2024-10-12T07:55:03.594+0800][debug][gc,ergo,cset] GC(94) Old candidate collection set empty.
[2024-10-12T07:55:03.594+0800][debug][gc,ergo,cset] GC(94) Finish choosing collection set old regions. Initial: 7, optional: 0, predicted old time: 0.00ms, predicted optional time: 0.00ms, time remaining: 47.56
[2024-10-12T07:55:03.773+0800][debug][gc,ergo,cset] GC(97) Pruned 25 regions out of 38, leaving 19913976 bytes waste (allowed 20132659)
[2024-10-12T07:55:04.042+0800][debug][gc,ergo,cset] Preventive GC, insufficient free regions. Predicted need 5. Curr Eden 2 (Pred 3). Curr Survivor 1 (Pred 1). Curr Old 53 (Pred 1) Free 4 Alloc 1
[2024-10-12T07:55:04.043+0800][debug][gc,ergo,cset] GC(99) Start adding old regions to collection set. Min 2 regions, max 7 regions, time remaining 48.78ms, optional threshold 9.76ms
[2024-10-12T07:55:04.043+0800][debug][gc,ergo,cset] GC(99) Finish adding old regions to collection set (Maximum number of regions). Initial 7 regions, optional 0 regions
[2024-10-12T07:55:04.043+0800][debug][gc,ergo,cset] GC(99) Finish choosing collection set old regions. Initial: 7, optional: 0, predicted old time: 0.00ms, predicted optional time: 0.00ms, time remaining: 47.94
[2024-10-12T07:55:04.106+0800][debug][gc,ergo,cset] Preventive GC, insufficient free regions. Predicted need 4. Curr Eden 1 (Pred 2). Curr Survivor 1 (Pred 1). Curr Old 55 (Pred 1) Free 3 Alloc 1
[2024-10-12T07:55:04.106+0800][debug][gc,ergo,cset] GC(100) Start adding old regions to collection set. Min 2 regions, max 7 regions, time remaining 49.04ms, optional threshold 9.81ms
[2024-10-12T07:55:04.106+0800][debug][gc,ergo,cset] GC(100) Old candidate collection set empty.
[2024-10-12T07:55:04.106+0800][debug][gc,ergo,cset] GC(100) Finish choosing collection set old regions. Initial: 6, optional: 0, predicted old time: 0.00ms, predicted optional time: 0.00ms, time remaining: 47.77
[2024-10-12T07:55:04.149+0800][debug][gc,ergo,cset] Preventive GC, insufficient free regions. Predicted need 3. Curr Eden 1 (Pred 2). Curr Survivor 1 (Pred 1). Curr Old 56 (Pred 0) Free 2 Alloc 1
[2024-10-12T07:55:04.161+0800][debug][gc,ergo,cset] GC(102) Pruned 25 regions out of 43, leaving 18434528 bytes waste (allowed 20132659)
[2024-10-12T07:55:04.264+0800][debug][gc,ergo,cset] Preventive GC, insufficient free regions. Predicted need 3. Curr Eden 1 (Pred 2). Curr Survivor 1 (Pred 1). Curr Old 55 (Pred 0) Free 3 Alloc 1
[2024-10-12T07:55:04.307+0800][debug][gc,ergo,cset] Preventive GC, insufficient free regions. Predicted need 4. Curr Eden 1 (Pred 2). Curr Survivor 1 (Pred 1). Curr Old 56 (Pred 1) Free 2 Alloc 1
[2024-10-12T07:55:04.307+0800][debug][gc,ergo,cset] GC(104) Start adding old regions to collection set. Min 3 regions, max 7 regions, time remaining 49.00ms, optional threshold 9.80ms
[2024-10-12T07:55:04.307+0800][debug][gc,ergo,cset] GC(104) Finish adding old regions to collection set (Maximum number of regions). Initial 7 regions, optional 0 regions
[2024-10-12T07:55:04.307+0800][debug][gc,ergo,cset] GC(104) Finish choosing collection set old regions. Initial: 7, optional: 0, predicted old time: 0.00ms, predicted optional time: 0.00ms, time remaining: 48.60
[2024-10-12T07:55:04.370+0800][debug][gc,ergo,cset] Preventive GC, insufficient free regions. Predicted need 4. Curr Eden 1 (Pred 2). Curr Survivor 1 (Pred 1). Curr Old 55 (Pred 1) Free 3 Alloc 1
[2024-10-12T07:55:04.371+0800][debug][gc,ergo,cset] GC(105) Start adding old regions to collection set. Min 3 regions, max 7 regions, time remaining 49.00ms, optional threshold 9.80ms
[2024-10-12T07:55:04.371+0800][debug][gc,ergo,cset] GC(105) Finish adding old regions to collection set (Maximum number of regions). Initial 7 regions, optional 0 regions
[2024-10-12T07:55:04.371+0800][debug][gc,ergo,cset] GC(105) Finish choosing collection set old regions. Initial: 7, optional: 0, predicted old time: 0.00ms, predicted optional time: 0.00ms, time remaining: 48.02
[2024-10-12T07:55:04.414+0800][debug][gc,ergo,cset] Preventive GC, insufficient free regions. Predicted need 5. Curr Eden 1 (Pred 2). Curr Survivor 1 (Pred 1). Curr Old 56 (Pred 2) Free 2 Alloc 1
[2024-10-12T07:55:04.414+0800][debug][gc,ergo,cset] GC(106) Start adding old regions to collection set. Min 3 regions, max 7 regions, time remaining 48.93ms, optional threshold 9.79ms
[2024-10-12T07:55:04.414+0800][debug][gc,ergo,cset] GC(106) Old candidate collection set empty.
[2024-10-12T07:55:04.414+0800][debug][gc,ergo,cset] GC(106) Finish choosing collection set old regions. Initial: 4, optional: 0, predicted old time: 0.00ms, predicted optional time: 0.00ms, time remaining: 47.92
[2024-10-12T07:55:05.193+0800][debug][gc,ergo,cset] GC(115) Pruned 30 regions out of 42, leaving 20085160 bytes waste (allowed 20132659)
[2024-10-12T07:55:05.441+0800][debug][gc,ergo,cset] Preventive GC, insufficient free regions. Predicted need 5. Curr Eden 2 (Pred 3). Curr Survivor 1 (Pred 1). Curr Old 52 (Pred 1) Free 5 Alloc 1
[2024-10-12T07:55:05.441+0800][debug][gc,ergo,cset] GC(117) Start adding old regions to collection set. Min 2 regions, max 7 regions, time remaining 48.73ms, optional threshold 9.75ms
[2024-10-12T07:55:05.441+0800][debug][gc,ergo,cset] GC(117) Finish adding old regions to collection set (Maximum number of regions). Initial 7 regions, optional 0 regions
[2024-10-12T07:55:05.441+0800][debug][gc,ergo,cset] GC(117) Finish choosing collection set old regions. Initial: 7, optional: 0, predicted old time: 0.00ms, predicted optional time: 0.00ms, time remaining: 48.09
[2024-10-12T07:55:05.546+0800][debug][gc,ergo,cset] GC(118) Start adding old regions to collection set. Min 2 regions, max 7 regions, time remaining 48.73ms, optional threshold 9.75ms
[2024-10-12T07:55:05.546+0800][debug][gc,ergo,cset] GC(118) Old candidate collection set empty.
[2024-10-12T07:55:05.546+0800][debug][gc,ergo,cset] GC(118) Finish choosing collection set old regions. Initial: 5, optional: 0, predicted old time: 0.00ms, predicted optional time: 0.00ms, time remaining: 47.86
[2024-10-12T07:55:05.766+0800][debug][gc,ergo,cset] GC(121) Pruned 28 regions out of 46, leaving 19672200 bytes waste (allowed 20132659)
[2024-10-12T07:55:06.014+0800][debug][gc,ergo,cset] Preventive GC, insufficient free regions. Predicted need 5. Curr Eden 2 (Pred 3). Curr Survivor 1 (Pred 1). Curr Old 53 (Pred 1) Free 4 Alloc 1
[2024-10-12T07:55:06.014+0800][debug][gc,ergo,cset] GC(123) Start adding old regions to collection set. Min 3 regions, max 7 regions, time remaining 48.76ms, optional threshold 9.75ms
[2024-10-12T07:55:06.014+0800][debug][gc,ergo,cset] GC(123) Finish adding old regions to collection set (Maximum number of regions). Initial 7 regions, optional 0 regions
[2024-10-12T07:55:06.014+0800][debug][gc,ergo,cset] GC(123) Finish choosing collection set old regions. Initial: 7, optional: 0, predicted old time: 0.00ms, predicted optional time: 0.00ms, time remaining: 47.95
[2024-10-12T07:55:06.078+0800][debug][gc,ergo,cset] Preventive GC, insufficient free regions. Predicted need 6. Curr Eden 2 (Pred 3). Curr Survivor 1 (Pred 1). Curr Old 52 (Pred 2) Free 5 Alloc 1
[2024-10-12T07:55:06.078+0800][debug][gc,ergo,cset] GC(124) Start adding old regions to collection set. Min 3 regions, max 7 regions, time remaining 48.76ms, optional threshold 9.75ms
[2024-10-12T07:55:06.078+0800][debug][gc,ergo,cset] GC(124) Finish adding old regions to collection set (Maximum number of regions). Initial 7 regions, optional 0 regions
[2024-10-12T07:55:06.078+0800][debug][gc,ergo,cset] GC(124) Finish choosing collection set old regions. Initial: 7, optional: 0, predicted old time: 0.00ms, predicted optional time: 0.00ms, time remaining: 47.53
[2024-10-12T07:55:06.081+0800][debug][gc,ergo,cset] Preventive GC, insufficient free regions. Predicted need 4. Curr Eden 0 (Pred 1). Curr Survivor 1 (Pred 1). Curr Old 54 (Pred 2) Free 4 Alloc 1
[2024-10-12T07:55:06.081+0800][debug][gc,ergo,cset] GC(125) Start adding old regions to collection set. Min 3 regions, max 7 regions, time remaining 49.55ms, optional threshold 9.91ms
[2024-10-12T07:55:06.081+0800][debug][gc,ergo,cset] GC(125) Old candidate collection set empty.
[2024-10-12T07:55:06.081+0800][debug][gc,ergo,cset] GC(125) Finish choosing collection set old regions. Initial: 4, optional: 0, predicted old time: 0.00ms, predicted optional time: 0.00ms, time remaining: 48.75
[2024-10-12T07:55:06.268+0800][debug][gc,ergo,cset] Preventive GC, insufficient free regions. Predicted need 4. Curr Eden 3 (Pred 4). Curr Survivor 0 (Pred 0). Curr Old 54 (Pred 0) Free 3 Alloc 1
[2024-10-12T07:55:06.279+0800][debug][gc,ergo,cset] GC(127) Pruned 28 regions out of 44, leaving 19344784 bytes waste (allowed 20132659)
[2024-10-12T07:55:06.487+0800][debug][gc,ergo,cset] Preventive GC, insufficient free regions. Predicted need 4. Curr Eden 1 (Pred 2). Curr Survivor 1 (Pred 1). Curr Old 54 (Pred 1) Free 4 Alloc 1
[2024-10-12T07:55:06.487+0800][debug][gc,ergo,cset] GC(129) Start adding old regions to collection set. Min 2 regions, max 7 regions, time remaining 48.97ms, optional threshold 9.79ms
[2024-10-12T07:55:06.487+0800][debug][gc,ergo,cset] GC(129) Finish adding old regions to collection set (Maximum number of regions). Initial 7 regions, optional 0 regions
[2024-10-12T07:55:06.487+0800][debug][gc,ergo,cset] GC(129) Finish choosing collection set old regions. Initial: 7, optional: 0, predicted old time: 0.00ms, predicted optional time: 0.00ms, time remaining: 48.10
[2024-10-12T07:55:06.592+0800][debug][gc,ergo,cset] GC(130) Start adding old regions to collection set. Min 2 regions, max 7 regions, time remaining 48.60ms, optional threshold 9.72ms
[2024-10-12T07:55:06.592+0800][debug][gc,ergo,cset] GC(130) Finish adding old regions to collection set (Maximum number of regions). Initial 7 regions, optional 0 regions
[2024-10-12T07:55:06.592+0800][debug][gc,ergo,cset] GC(130) Finish choosing collection set old regions. Initial: 7, optional: 0, predicted old time: 0.00ms, predicted optional time: 0.00ms, time remaining: 47.33
[2024-10-12T07:55:06.697+0800][debug][gc,ergo,cset] GC(131) Start adding old regions to collection set. Min 2 regions, max 7 regions, time remaining 48.59ms, optional threshold 9.72ms
[2024-10-12T07:55:06.697+0800][debug][gc,ergo,cset] GC(131) Old candidate collection set empty.
[2024-10-12T07:55:06.697+0800][debug][gc,ergo,cset] GC(131) Finish choosing collection set old regions. Initial: 2, optional: 0, predicted old time: 0.00ms, predicted optional time: 0.00ms, time remaining: 48.12
[2024-10-12T07:55:06.917+0800][debug][gc,ergo,cset] GC(134) Pruned 27 regions out of 42, leaving 19736984 bytes waste (allowed 20132659)
[2024-10-12T07:55:07.165+0800][debug][gc,ergo,cset] Preventive GC, insufficient free regions. Predicted need 5. Curr Eden 2 (Pred 3). Curr Survivor 1 (Pred 1). Curr Old 53 (Pred 1) Free 4 Alloc 1
[2024-10-12T07:55:07.166+0800][debug][gc,ergo,cset] GC(136) Start adding old regions to collection set. Min 2 regions, max 7 regions, time remaining 48.73ms, optional threshold 9.75ms
[2024-10-12T07:55:07.166+0800][debug][gc,ergo,cset] GC(136) Finish adding old regions to collection set (Maximum number of regions). Initial 7 regions, optional 0 regions
[2024-10-12T07:55:07.166+0800][debug][gc,ergo,cset] GC(136) Finish choosing collection set old regions. Initial: 7, optional: 0, predicted old time: 0.00ms, predicted optional time: 0.00ms, time remaining: 47.92
[2024-10-12T07:55:07.271+0800][debug][gc,ergo,cset] GC(137) Start adding old regions to collection set. Min 2 regions, max 7 regions, time remaining 48.72ms, optional threshold 9.74ms
[2024-10-12T07:55:07.271+0800][debug][gc,ergo,cset] GC(137) Finish adding old regions to collection set (Maximum number of regions). Initial 7 regions, optional 0 regions
[2024-10-12T07:55:07.271+0800][debug][gc,ergo,cset] GC(137) Finish choosing collection set old regions. Initial: 7, optional: 0, predicted old time: 0.00ms, predicted optional time: 0.00ms, time remaining: 47.31
[2024-10-12T07:55:07.376+0800][debug][gc,ergo,cset] GC(138) Start adding old regions to collection set. Min 2 regions, max 7 regions, time remaining 48.69ms, optional threshold 9.74ms
[2024-10-12T07:55:07.376+0800][debug][gc,ergo,cset] GC(138) Old candidate collection set empty.
[2024-10-12T07:55:07.376+0800][debug][gc,ergo,cset] GC(138) Finish choosing collection set old regions. Initial: 1, optional: 0, predicted old time: 0.00ms, predicted optional time: 0.00ms, time remaining: 48.48
[2024-10-12T07:55:07.494+0800][debug][gc,ergo,cset] GC(140) Pruned 25 regions out of 41, leaving 19205576 bytes waste (allowed 20132659)
[2024-10-12T07:55:07.699+0800][debug][gc,ergo,cset] Preventive GC, insufficient free regions. Predicted need 4. Curr Eden 1 (Pred 2). Curr Survivor 1 (Pred 1). Curr Old 54 (Pred 1) Free 4 Alloc 1
[2024-10-12T07:55:07.699+0800][debug][gc,ergo,cset] GC(142) Start adding old regions to collection set. Min 2 regions, max 7 regions, time remaining 48.99ms, optional threshold 9.80ms
[2024-10-12T07:55:07.699+0800][debug][gc,ergo,cset] GC(142) Finish adding old regions to collection set (Maximum number of regions). Initial 7 regions, optional 0 regions
[2024-10-12T07:55:07.699+0800][debug][gc,ergo,cset] GC(142) Finish choosing collection set old regions. Initial: 7, optional: 0, predicted old time: 0.00ms, predicted optional time: 0.00ms, time remaining: 48.03
[2024-10-12T07:55:07.804+0800][debug][gc,ergo,cset] GC(143) Start adding old regions to collection set. Min 2 regions, max 7 regions, time remaining 48.70ms, optional threshold 9.74ms
[2024-10-12T07:55:07.804+0800][debug][gc,ergo,cset] GC(143) Finish adding old regions to collection set (Maximum number of regions). Initial 7 regions, optional 0 regions
[2024-10-12T07:55:07.804+0800][debug][gc,ergo,cset] GC(143) Finish choosing collection set old regions. Initial: 7, optional: 0, predicted old time: 0.00ms, predicted optional time: 0.00ms, time remaining: 47.23
[2024-10-12T07:55:07.909+0800][debug][gc,ergo,cset] GC(144) Start adding old regions to collection set. Min 2 regions, max 7 regions, time remaining 48.68ms, optional threshold 9.74ms
[2024-10-12T07:55:07.909+0800][debug][gc,ergo,cset] GC(144) Old candidate collection set empty.
[2024-10-12T07:55:07.909+0800][debug][gc,ergo,cset] GC(144) Finish choosing collection set old regions. Initial: 2, optional: 0, predicted old time: 0.00ms, predicted optional time: 0.00ms, time remaining: 48.27
[2024-10-12T07:55:08.128+0800][debug][gc,ergo,cset] GC(147) Pruned 23 regions out of 42, leaving 19551160 bytes waste (allowed 20132659)
[2024-10-12T07:55:08.272+0800][debug][gc,ergo,cset] Preventive GC, insufficient free regions. Predicted need 4. Curr Eden 2 (Pred 3). Curr Survivor 1 (Pred 1). Curr Old 53 (Pred 0) Free 4 Alloc 1
[2024-10-12T07:55:08.335+0800][debug][gc,ergo,cset] Preventive GC, insufficient free regions. Predicted need 4. Curr Eden 1 (Pred 2). Curr Survivor 1 (Pred 1). Curr Old 55 (Pred 1) Free 3 Alloc 1
[2024-10-12T07:55:08.335+0800][debug][gc,ergo,cset] GC(149) Start adding old regions to collection set. Min 3 regions, max 7 regions, time remaining 48.97ms, optional threshold 9.79ms
[2024-10-12T07:55:08.335+0800][debug][gc,ergo,cset] GC(149) Finish adding old regions to collection set (Maximum number of regions). Initial 7 regions, optional 0 regions
[2024-10-12T07:55:08.335+0800][debug][gc,ergo,cset] GC(149) Finish choosing collection set old regions. Initial: 7, optional: 0, predicted old time: 0.00ms, predicted optional time: 0.00ms, time remaining: 47.91
[2024-10-12T07:55:08.378+0800][debug][gc,ergo,cset] Preventive GC, insufficient free regions. Predicted need 5. Curr Eden 1 (Pred 2). Curr Survivor 1 (Pred 1). Curr Old 55 (Pred 2) Free 3 Alloc 1
[2024-10-12T07:55:08.379+0800][debug][gc,ergo,cset] GC(150) Start adding old regions to collection set. Min 3 regions, max 7 regions, time remaining 48.95ms, optional threshold 9.79ms
[2024-10-12T07:55:08.379+0800][debug][gc,ergo,cset] GC(150) Finish adding old regions to collection set (Maximum number of regions). Initial 7 regions, optional 0 regions
[2024-10-12T07:55:08.379+0800][debug][gc,ergo,cset] GC(150) Finish choosing collection set old regions. Initial: 7, optional: 0, predicted old time: 0.00ms, predicted optional time: 0.00ms, time remaining: 47.39
[2024-10-12T07:55:08.381+0800][debug][gc,ergo,cset] GC(151) Start adding old regions to collection set. Min 3 regions, max 7 regions, time remaining 48.93ms, optional threshold 9.79ms
[2024-10-12T07:55:08.381+0800][debug][gc,ergo,cset] GC(151) Old candidate collection set empty.
[2024-10-12T07:55:08.381+0800][debug][gc,ergo,cset] GC(151) Finish choosing collection set old regions. Initial: 5, optional: 0, predicted old time: 0.00ms, predicted optional time: 0.00ms, time remaining: 47.79
[2024-10-12T07:55:09.058+0800][debug][gc,ergo,cset] GC(158) Pruned 27 regions out of 39, leaving 19453856 bytes waste (allowed 20132659)
[2024-10-12T07:55:09.306+0800][debug][gc,ergo,cset] Preventive GC, insufficient free regions. Predicted need 5. Curr Eden 2 (Pred 3). Curr Survivor 1 (Pred 1). Curr Old 51 (Pred 1) Free 5 Alloc 1
[2024-10-12T07:55:09.306+0800][debug][gc,ergo,cset] GC(160) Start adding old regions to collection set. Min 2 regions, max 7 regions, time remaining 48.78ms, optional threshold 9.76ms
[2024-10-12T07:55:09.306+0800][debug][gc,ergo,cset] GC(160) Finish adding old regions to collection set (Maximum number of regions). Initial 7 regions, optional 0 regions
[2024-10-12T07:55:09.306+0800][debug][gc,ergo,cset] GC(160) Finish choosing collection set old regions. Initial: 7, optional: 0, predicted old time: 0.00ms, predicted optional time: 0.00ms, time remaining: 47.63
[2024-10-12T07:55:09.411+0800][debug][gc,ergo,cset] GC(161) Start adding old regions to collection set. Min 2 regions, max 7 regions, time remaining 48.76ms, optional threshold 9.75ms
[2024-10-12T07:55:09.411+0800][debug][gc,ergo,cset] GC(161) Old candidate collection set empty.
[2024-10-12T07:55:09.411+0800][debug][gc,ergo,cset] GC(161) Finish choosing collection set old regions. Initial: 5, optional: 0, predicted old time: 0.00ms, predicted optional time: 0.00ms, time remaining: 47.72
[2024-10-12T07:55:09.633+0800][debug][gc,ergo,cset] GC(164) Pruned 23 regions out of 39, leaving 19201456 bytes waste (allowed 20132659)
[2024-10-12T07:55:09.775+0800][debug][gc,ergo,cset] Preventive GC, insufficient free regions. Predicted need 4. Curr Eden 2 (Pred 3). Curr Survivor 1 (Pred 1). Curr Old 52 (Pred 0) Free 4 Alloc 1
[2024-10-12T07:55:09.838+0800][debug][gc,ergo,cset] Preventive GC, insufficient free regions. Predicted need 4. Curr Eden 1 (Pred 2). Curr Survivor 1 (Pred 1). Curr Old 53 (Pred 1) Free 4 Alloc 1
[2024-10-12T07:55:09.838+0800][debug][gc,ergo,cset] GC(166) Start adding old regions to collection set. Min 2 regions, max 7 regions, time remaining 49.03ms, optional threshold 9.81ms
[2024-10-12T07:55:09.838+0800][debug][gc,ergo,cset] GC(166) Finish adding old regions to collection set (Maximum number of regions). Initial 7 regions, optional 0 regions
[2024-10-12T07:55:09.838+0800][debug][gc,ergo,cset] GC(166) Finish choosing collection set old regions. Initial: 7, optional: 0, predicted old time: 0.00ms, predicted optional time: 0.00ms, time remaining: 48.19
[2024-10-12T07:55:09.942+0800][debug][gc,ergo,cset] Preventive GC, insufficient free regions. Predicted need 5. Curr Eden 2 (Pred 3). Curr Survivor 1 (Pred 1). Curr Old 51 (Pred 1) Free 5 Alloc 1
[2024-10-12T07:55:09.943+0800][debug][gc,ergo,cset] GC(167) Start adding old regions to collection set. Min 2 regions, max 7 regions, time remaining 48.74ms, optional threshold 9.75ms
[2024-10-12T07:55:09.943+0800][debug][gc,ergo,cset] GC(167) Finish adding old regions to collection set (Maximum number of regions). Initial 7 regions, optional 0 regions
[2024-10-12T07:55:09.943+0800][debug][gc,ergo,cset] GC(167) Finish choosing collection set old regions. Initial: 7, optional: 0, predicted old time: 0.00ms, predicted optional time: 0.00ms, time remaining: 47.42
[2024-10-12T07:55:10.007+0800][debug][gc,ergo,cset] Preventive GC, insufficient free regions. Predicted need 5. Curr Eden 1 (Pred 2). Curr Survivor 1 (Pred 1). Curr Old 56 (Pred 2) Free 1 Alloc 1
[2024-10-12T07:55:10.007+0800][debug][gc,ergo,cset] GC(168) Start adding old regions to collection set. Min 2 regions, max 7 regions, time remaining 49.01ms, optional threshold 9.80ms
[2024-10-12T07:55:10.007+0800][debug][gc,ergo,cset] GC(168) Old candidate collection set empty.
[2024-10-12T07:55:10.007+0800][debug][gc,ergo,cset] GC(168) Finish choosing collection set old regions. Initial: 2, optional: 0, predicted old time: 0.00ms, predicted optional time: 0.00ms, time remaining: 48.61
[2024-10-12T07:55:10.622+0800][debug][gc,ergo,cset] GC(177) Pruned 28 regions out of 33, leaving 19433528 bytes waste (allowed 20132659)
[2024-10-12T07:55:10.892+0800][debug][gc,ergo,cset] GC(179) Start adding old regions to collection set. Min 1 regions, max 7 regions, time remaining 48.84ms, optional threshold 9.77ms
[2024-10-12T07:55:10.892+0800][debug][gc,ergo,cset] GC(179) Old candidate collection set empty.
[2024-10-12T07:55:10.892+0800][debug][gc,ergo,cset] GC(179) Finish choosing collection set old regions. Initial: 5, optional: 0, predicted old time: 0.00ms, predicted optional time: 0.00ms, time remaining: 48.11
[2024-10-12T07:55:11.113+0800][debug][gc,ergo,cset] GC(182) Pruned 21 regions out of 39, leaving 16053784 bytes waste (allowed 17448304)
[2024-10-12T07:55:11.319+0800][debug][gc,ergo,cset] Preventive GC, insufficient free regions. Predicted need 4. Curr Eden 1 (Pred 2). Curr Survivor 1 (Pred 1). Curr Old 53 (Pred 1) Free 4 Alloc 1
[2024-10-12T07:55:11.320+0800][debug][gc,ergo,cset] GC(184) Start adding old regions to collection set. Min 3 regions, max 7 regions, time remaining 49.00ms, optional threshold 9.80ms
[2024-10-12T07:55:11.320+0800][debug][gc,ergo,cset] GC(184) Finish adding old regions to collection set (Maximum number of regions). Initial 7 regions, optional 0 regions
[2024-10-12T07:55:11.320+0800][debug][gc,ergo,cset] GC(184) Finish choosing collection set old regions. Initial: 7, optional: 0, predicted old time: 0.00ms, predicted optional time: 0.00ms, time remaining: 47.90
[2024-10-12T07:55:11.425+0800][debug][gc,ergo,cset] GC(185) Start adding old regions to collection set. Min 3 regions, max 7 regions, time remaining 48.63ms, optional threshold 9.73ms
[2024-10-12T07:55:11.425+0800][debug][gc,ergo,cset] GC(185) Finish adding old regions to collection set (Maximum number of regions). Initial 7 regions, optional 0 regions
[2024-10-12T07:55:11.425+0800][debug][gc,ergo,cset] GC(185) Finish choosing collection set old regions. Initial: 7, optional: 0, predicted old time: 0.00ms, predicted optional time: 0.00ms, time remaining: 47.28
[2024-10-12T07:55:11.530+0800][debug][gc,ergo,cset] GC(186) Start adding old regions to collection set. Min 3 regions, max 7 regions, time remaining 48.59ms, optional threshold 9.72ms
[2024-10-12T07:55:11.530+0800][debug][gc,ergo,cset] GC(186) Old candidate collection set empty.
[2024-10-12T07:55:11.530+0800][debug][gc,ergo,cset] GC(186) Finish choosing collection set old regions. Initial: 4, optional: 0, predicted old time: 0.00ms, predicted optional time: 0.00ms, time remaining: 47.61
[2024-10-12T07:55:11.749+0800][debug][gc,ergo,cset] GC(189) Pruned 22 regions out of 36, leaving 17179456 bytes waste (allowed 17448304)
[2024-10-12T07:55:11.997+0800][debug][gc,ergo,cset] Preventive GC, insufficient free regions. Predicted need 5. Curr Eden 2 (Pred 3). Curr Survivor 1 (Pred 1). Curr Old 52 (Pred 1) Free 4 Alloc 1
[2024-10-12T07:55:11.997+0800][debug][gc,ergo,cset] GC(191) Start adding old regions to collection set. Min 2 regions, max 7 regions, time remaining 48.75ms, optional threshold 9.75ms
[2024-10-12T07:55:11.998+0800][debug][gc,ergo,cset] GC(191) Finish adding old regions to collection set (Maximum number of regions). Initial 7 regions, optional 0 regions
[2024-10-12T07:55:11.998+0800][debug][gc,ergo,cset] GC(191) Finish choosing collection set old regions. Initial: 7, optional: 0, predicted old time: 0.00ms, predicted optional time: 0.00ms, time remaining: 48.22
[2024-10-12T07:55:12.102+0800][debug][gc,ergo,cset] GC(192) Start adding old regions to collection set. Min 2 regions, max 7 regions, time remaining 48.76ms, optional threshold 9.75ms
[2024-10-12T07:55:12.102+0800][debug][gc,ergo,cset] GC(192) Old candidate collection set empty.
[2024-10-12T07:55:12.102+0800][debug][gc,ergo,cset] GC(192) Finish choosing collection set old regions. Initial: 7, optional: 0, predicted old time: 0.00ms, predicted optional time: 0.00ms, time remaining: 47.48
[2024-10-12T07:55:12.322+0800][debug][gc,ergo,cset] GC(195) Pruned 22 regions out of 38, leaving 17008376 bytes waste (allowed 17448304)
[2024-10-12T07:55:12.570+0800][debug][gc,ergo,cset] Preventive GC, insufficient free regions. Predicted need 5. Curr Eden 2 (Pred 3). Curr Survivor 1 (Pred 1). Curr Old 52 (Pred 1) Free 4 Alloc 1
[2024-10-12T07:55:12.570+0800][debug][gc,ergo,cset] GC(197) Start adding old regions to collection set. Min 2 regions, max 7 regions, time remaining 48.78ms, optional threshold 9.76ms
[2024-10-12T07:55:12.570+0800][debug][gc,ergo,cset] GC(197) Finish adding old regions to collection set (Maximum number of regions). Initial 7 regions, optional 0 regions
[2024-10-12T07:55:12.570+0800][debug][gc,ergo,cset] GC(197) Finish choosing collection set old regions. Initial: 7, optional: 0, predicted old time: 0.00ms, predicted optional time: 0.00ms, time remaining: 47.98
[2024-10-12T07:55:12.633+0800][debug][gc,ergo,cset] Preventive GC, insufficient free regions. Predicted need 4. Curr Eden 1 (Pred 2). Curr Survivor 1 (Pred 1). Curr Old 53 (Pred 1) Free 4 Alloc 1
[2024-10-12T07:55:12.633+0800][debug][gc,ergo,cset] GC(198) Start adding old regions to collection set. Min 2 regions, max 7 regions, time remaining 49.03ms, optional threshold 9.81ms
[2024-10-12T07:55:12.634+0800][debug][gc,ergo,cset] GC(198) Finish adding old regions to collection set (Maximum number of regions). Initial 7 regions, optional 0 regions
[2024-10-12T07:55:12.634+0800][debug][gc,ergo,cset] GC(198) Finish choosing collection set old regions. Initial: 7, optional: 0, predicted old time: 0.00ms, predicted optional time: 0.00ms, time remaining: 47.53
[2024-10-12T07:55:12.677+0800][debug][gc,ergo,cset] Preventive GC, insufficient free regions. Predicted need 5. Curr Eden 1 (Pred 2). Curr Survivor 1 (Pred 1). Curr Old 56 (Pred 2) Free 1 Alloc 1
[2024-10-12T07:55:12.678+0800][debug][gc,ergo,cset] GC(199) Start adding old regions to collection set. Min 2 regions, max 7 regions, time remaining 49.00ms, optional threshold 9.80ms
[2024-10-12T07:55:12.678+0800][debug][gc,ergo,cset] GC(199) Old candidate collection set empty.
[2024-10-12T07:55:12.678+0800][debug][gc,ergo,cset] GC(199) Finish choosing collection set old regions. Initial: 2, optional: 0, predicted old time: 0.00ms, predicted optional time: 0.00ms, time remaining: 48.57
[2024-10-12T07:55:13.290+0800][debug][gc,ergo,cset] GC(207) Pruned 23 regions out of 33, leaving 16574616 bytes waste (allowed 17448304)
[2024-10-12T07:55:13.538+0800][debug][gc,ergo,cset] GC(209) Start adding old regions to collection set. Min 2 regions, max 7 regions, time remaining 48.78ms, optional threshold 9.76ms
[2024-10-12T07:55:13.538+0800][debug][gc,ergo,cset] GC(209) Finish adding old regions to collection set (Maximum number of regions). Initial 7 regions, optional 0 regions
[2024-10-12T07:55:13.538+0800][debug][gc,ergo,cset] GC(209) Finish choosing collection set old regions. Initial: 7, optional: 0, predicted old time: 0.00ms, predicted optional time: 0.00ms, time remaining: 47.96
[2024-10-12T07:55:13.643+0800][debug][gc,ergo,cset] GC(210) Start adding old regions to collection set. Min 2 regions, max 7 regions, time remaining 48.76ms, optional threshold 9.75ms
[2024-10-12T07:55:13.643+0800][debug][gc,ergo,cset] GC(210) Old candidate collection set empty.
[2024-10-12T07:55:13.643+0800][debug][gc,ergo,cset] GC(210) Finish choosing collection set old regions. Initial: 3, optional: 0, predicted old time: 0.00ms, predicted optional time: 0.00ms, time remaining: 48.30
[2024-10-12T07:55:13.966+0800][debug][gc,ergo,cset] GC(214) Pruned 22 regions out of 36, leaving 16914904 bytes waste (allowed 17448304)
[2024-10-12T07:55:14.214+0800][debug][gc,ergo,cset] Preventive GC, insufficient free regions. Predicted need 5. Curr Eden 2 (Pred 3). Curr Survivor 1 (Pred 1). Curr Old 52 (Pred 1) Free 4 Alloc 1
[2024-10-12T07:55:14.214+0800][debug][gc,ergo,cset] GC(216) Start adding old regions to collection set. Min 2 regions, max 7 regions, time remaining 48.79ms, optional threshold 9.76ms
[2024-10-12T07:55:14.214+0800][debug][gc,ergo,cset] GC(216) Finish adding old regions to collection set (Maximum number of regions). Initial 7 regions, optional 0 regions
[2024-10-12T07:55:14.214+0800][debug][gc,ergo,cset] GC(216) Finish choosing collection set old regions. Initial: 7, optional: 0, predicted old time: 0.00ms, predicted optional time: 0.00ms, time remaining: 47.98
[2024-10-12T07:55:14.319+0800][debug][gc,ergo,cset] Preventive GC, insufficient free regions. Predicted need 5. Curr Eden 2 (Pred 3). Curr Survivor 1 (Pred 1). Curr Old 52 (Pred 1) Free 4 Alloc 1
[2024-10-12T07:55:14.319+0800][debug][gc,ergo,cset] GC(217) Start adding old regions to collection set. Min 2 regions, max 7 regions, time remaining 48.80ms, optional threshold 9.76ms
[2024-10-12T07:55:14.319+0800][debug][gc,ergo,cset] GC(217) Old candidate collection set empty.
[2024-10-12T07:55:14.319+0800][debug][gc,ergo,cset] GC(217) Finish choosing collection set old regions. Initial: 7, optional: 0, predicted old time: 0.00ms, predicted optional time: 0.00ms, time remaining: 47.65
[2024-10-12T07:55:14.996+0800][debug][gc,ergo,cset] GC(225) Pruned 26 regions out of 39, leaving 17128080 bytes waste (allowed 17448304)
[2024-10-12T07:55:15.242+0800][debug][gc,ergo,cset] Preventive GC, insufficient free regions. Predicted need 5. Curr Eden 2 (Pred 3). Curr Survivor 1 (Pred 1). Curr Old 50 (Pred 1) Free 5 Alloc 1
[2024-10-12T07:55:15.242+0800][debug][gc,ergo,cset] GC(227) Start adding old regions to collection set. Min 2 regions, max 7 regions, time remaining 48.82ms, optional threshold 9.76ms
[2024-10-12T07:55:15.242+0800][debug][gc,ergo,cset] GC(227) Finish adding old regions to collection set (Maximum number of regions). Initial 7 regions, optional 0 regions
[2024-10-12T07:55:15.243+0800][debug][gc,ergo,cset] GC(227) Finish choosing collection set old regions. Initial: 7, optional: 0, predicted old time: 0.00ms, predicted optional time: 0.00ms, time remaining: 47.98
[2024-10-12T07:55:15.347+0800][debug][gc,ergo,cset] GC(228) Start adding old regions to collection set. Min 2 regions, max 7 regions, time remaining 48.81ms, optional threshold 9.76ms
[2024-10-12T07:55:15.347+0800][debug][gc,ergo,cset] GC(228) Old candidate collection set empty.
[2024-10-12T07:55:15.347+0800][debug][gc,ergo,cset] GC(228) Finish choosing collection set old regions. Initial: 6, optional: 0, predicted old time: 0.00ms, predicted optional time: 0.00ms, time remaining: 47.78
[2024-10-12T07:55:15.672+0800][debug][gc,ergo,cset] GC(232) Pruned 25 regions out of 43, leaving 17381584 bytes waste (allowed 17448304)
[2024-10-12T07:55:15.815+0800][debug][gc,ergo,cset] Preventive GC, insufficient free regions. Predicted need 4. Curr Eden 2 (Pred 3). Curr Survivor 1 (Pred 1). Curr Old 52 (Pred 0) Free 4 Alloc 1
[2024-10-12T07:55:15.878+0800][debug][gc,ergo,cset] Preventive GC, insufficient free regions. Predicted need 4. Curr Eden 1 (Pred 2). Curr Survivor 1 (Pred 1). Curr Old 54 (Pred 1) Free 3 Alloc 1
[2024-10-12T07:55:15.878+0800][debug][gc,ergo,cset] GC(234) Start adding old regions to collection set. Min 3 regions, max 7 regions, time remaining 49.05ms, optional threshold 9.81ms
[2024-10-12T07:55:15.878+0800][debug][gc,ergo,cset] GC(234) Finish adding old regions to collection set (Maximum number of regions). Initial 7 regions, optional 0 regions
[2024-10-12T07:55:15.878+0800][debug][gc,ergo,cset] GC(234) Finish choosing collection set old regions. Initial: 7, optional: 0, predicted old time: 0.00ms, predicted optional time: 0.00ms, time remaining: 48.42
[2024-10-12T07:55:15.921+0800][debug][gc,ergo,cset] Preventive GC, insufficient free regions. Predicted need 5. Curr Eden 1 (Pred 2). Curr Survivor 1 (Pred 1). Curr Old 53 (Pred 2) Free 4 Alloc 1
[2024-10-12T07:55:15.921+0800][debug][gc,ergo,cset] GC(235) Start adding old regions to collection set. Min 3 regions, max 7 regions, time remaining 49.04ms, optional threshold 9.81ms
[2024-10-12T07:55:15.921+0800][debug][gc,ergo,cset] GC(235) Finish adding old regions to collection set (Maximum number of regions). Initial 7 regions, optional 0 regions
[2024-10-12T07:55:15.921+0800][debug][gc,ergo,cset] GC(235) Finish choosing collection set old regions. Initial: 7, optional: 0, predicted old time: 0.00ms, predicted optional time: 0.00ms, time remaining: 47.89
[2024-10-12T07:55:15.985+0800][debug][gc,ergo,cset] Preventive GC, insufficient free regions. Predicted need 5. Curr Eden 1 (Pred 2). Curr Survivor 1 (Pred 1). Curr Old 54 (Pred 2) Free 3 Alloc 1
[2024-10-12T07:55:15.985+0800][debug][gc,ergo,cset] GC(236) Start adding old regions to collection set. Min 3 regions, max 7 regions, time remaining 49.04ms, optional threshold 9.81ms
[2024-10-12T07:55:15.985+0800][debug][gc,ergo,cset] GC(236) Old candidate collection set empty.
[2024-10-12T07:55:15.985+0800][debug][gc,ergo,cset] GC(236) Finish choosing collection set old regions. Initial: 4, optional: 0, predicted old time: 0.00ms, predicted optional time: 0.00ms, time remaining: 48.27
[2024-10-12T07:55:16.704+0800][debug][gc,ergo,cset] GC(245) Pruned 26 regions out of 40, leaving 16640472 bytes waste (allowed 17448304)
[2024-10-12T07:55:16.951+0800][debug][gc,ergo,cset] Preventive GC, insufficient free regions. Predicted need 5. Curr Eden 2 (Pred 3). Curr Survivor 1 (Pred 1). Curr Old 51 (Pred 1) Free 5 Alloc 1
[2024-10-12T07:55:16.951+0800][debug][gc,ergo,cset] GC(247) Start adding old regions to collection set. Min 2 regions, max 7 regions, time remaining 48.79ms, optional threshold 9.76ms
[2024-10-12T07:55:16.951+0800][debug][gc,ergo,cset] GC(247) Finish adding old regions to collection set (Maximum number of regions). Initial 7 regions, optional 0 regions
[2024-10-12T07:55:16.951+0800][debug][gc,ergo,cset] GC(247) Finish choosing collection set old regions. Initial: 7, optional: 0, predicted old time: 0.00ms, predicted optional time: 0.00ms, time remaining: 48.01
[2024-10-12T07:55:17.056+0800][debug][gc,ergo,cset] GC(248) Start adding old regions to collection set. Min 2 regions, max 7 regions, time remaining 48.76ms, optional threshold 9.75ms
[2024-10-12T07:55:17.056+0800][debug][gc,ergo,cset] GC(248) Old candidate collection set empty.
[2024-10-12T07:55:17.056+0800][debug][gc,ergo,cset] GC(248) Finish choosing collection set old regions. Initial: 7, optional: 0, predicted old time: 0.00ms, predicted optional time: 0.00ms, time remaining: 47.48
[2024-10-12T07:55:17.277+0800][debug][gc,ergo,cset] GC(251) Pruned 25 regions out of 42, leaving 16717768 bytes waste (allowed 17448304)
[2024-10-12T07:55:17.442+0800][debug][gc,ergo,cset] Preventive GC, insufficient free regions. Predicted need 4. Curr Eden 1 (Pred 2). Curr Survivor 1 (Pred 2). Curr Old 53 (Pred 1) Free 4 Alloc 1
[2024-10-12T07:55:17.443+0800][debug][gc,ergo,cset] GC(253) Start adding old regions to collection set. Min 3 regions, max 7 regions, time remaining 49.02ms, optional threshold 9.80ms
[2024-10-12T07:55:17.443+0800][debug][gc,ergo,cset] GC(253) Finish adding old regions to collection set (Maximum number of regions). Initial 7 regions, optional 0 regions
[2024-10-12T07:55:17.443+0800][debug][gc,ergo,cset] GC(253) Finish choosing collection set old regions. Initial: 7, optional: 0, predicted old time: 0.00ms, predicted optional time: 0.00ms, time remaining: 48.18
[2024-10-12T07:55:17.568+0800][debug][gc,ergo,cset] Preventive GC, insufficient free regions. Predicted need 6. Curr Eden 2 (Pred 3). Curr Survivor 1 (Pred 1). Curr Old 49 (Pred 2) Free 6 Alloc 1
[2024-10-12T07:55:17.568+0800][debug][gc,ergo,cset] GC(254) Start adding old regions to collection set. Min 3 regions, max 7 regions, time remaining 48.64ms, optional threshold 9.73ms
[2024-10-12T07:55:17.568+0800][debug][gc,ergo,cset] GC(254) Finish adding old regions to collection set (Maximum number of regions). Initial 7 regions, optional 0 regions
[2024-10-12T07:55:17.568+0800][debug][gc,ergo,cset] GC(254) Finish choosing collection set old regions. Initial: 7, optional: 0, predicted old time: 0.00ms, predicted optional time: 0.00ms, time remaining: 47.20
[2024-10-12T07:55:17.674+0800][debug][gc,ergo,cset] GC(255) Start adding old regions to collection set. Min 3 regions, max 7 regions, time remaining 48.60ms, optional threshold 9.72ms
[2024-10-12T07:55:17.674+0800][debug][gc,ergo,cset] GC(255) Old candidate collection set empty.
[2024-10-12T07:55:17.674+0800][debug][gc,ergo,cset] GC(255) Finish choosing collection set old regions. Initial: 3, optional: 0, predicted old time: 0.00ms, predicted optional time: 0.00ms, time remaining: 47.88
[2024-10-12T07:55:17.894+0800][debug][gc,ergo,cset] GC(258) Pruned 24 regions out of 40, leaving 17140968 bytes waste (allowed 17448304)
[2024-10-12T07:55:18.142+0800][debug][gc,ergo,cset] Preventive GC, insufficient free regions. Predicted need 5. Curr Eden 2 (Pred 3). Curr Survivor 1 (Pred 1). Curr Old 52 (Pred 1) Free 4 Alloc 1
[2024-10-12T07:55:18.142+0800][debug][gc,ergo,cset] GC(260) Start adding old regions to collection set. Min 2 regions, max 7 regions, time remaining 48.75ms, optional threshold 9.75ms
[2024-10-12T07:55:18.142+0800][debug][gc,ergo,cset] GC(260) Finish adding old regions to collection set (Maximum number of regions). Initial 7 regions, optional 0 regions
[2024-10-12T07:55:18.142+0800][debug][gc,ergo,cset] GC(260) Finish choosing collection set old regions. Initial: 7, optional: 0, predicted old time: 0.00ms, predicted optional time: 0.00ms, time remaining: 47.85
[2024-10-12T07:55:18.246+0800][debug][gc,ergo,cset] Preventive GC, insufficient free regions. Predicted need 5. Curr Eden 2 (Pred 3). Curr Survivor 1 (Pred 1). Curr Old 52 (Pred 1) Free 4 Alloc 1
[2024-10-12T07:55:18.246+0800][debug][gc,ergo,cset] GC(261) Start adding old regions to collection set. Min 2 regions, max 7 regions, time remaining 48.76ms, optional threshold 9.75ms
[2024-10-12T07:55:18.246+0800][debug][gc,ergo,cset] GC(261) Finish adding old regions to collection set (Maximum number of regions). Initial 7 regions, optional 0 regions
[2024-10-12T07:55:18.246+0800][debug][gc,ergo,cset] GC(261) Finish choosing collection set old regions. Initial: 7, optional: 0, predicted old time: 0.00ms, predicted optional time: 0.00ms, time remaining: 47.47
[2024-10-12T07:55:18.310+0800][debug][gc,ergo,cset] GC(262) Start adding old regions to collection set. Min 2 regions, max 7 regions, time remaining 49.05ms, optional threshold 9.81ms
[2024-10-12T07:55:18.310+0800][debug][gc,ergo,cset] GC(262) Old candidate collection set empty.
[2024-10-12T07:55:18.310+0800][debug][gc,ergo,cset] GC(262) Finish choosing collection set old regions. Initial: 2, optional: 0, predicted old time: 0.00ms, predicted optional time: 0.00ms, time remaining: 48.61
[2024-10-12T07:55:18.819+0800][debug][gc,ergo,cset] GC(268) Pruned 22 regions out of 30, leaving 17368256 bytes waste (allowed 17448304)
[2024-10-12T07:55:19.065+0800][debug][gc,ergo,cset] GC(270) Start adding old regions to collection set. Min 1 regions, max 7 regions, time remaining 48.80ms, optional threshold 9.76ms
[2024-10-12T07:55:19.065+0800][debug][gc,ergo,cset] GC(270) Finish adding old regions to collection set (Maximum number of regions). Initial 7 regions, optional 0 regions
[2024-10-12T07:55:19.065+0800][debug][gc,ergo,cset] GC(270) Finish choosing collection set old regions. Initial: 7, optional: 0, predicted old time: 0.00ms, predicted optional time: 0.00ms, time remaining: 48.13
[2024-10-12T07:55:19.170+0800][debug][gc,ergo,cset] GC(271) Start adding old regions to collection set. Min 1 regions, max 7 regions, time remaining 48.75ms, optional threshold 9.75ms
[2024-10-12T07:55:19.170+0800][debug][gc,ergo,cset] GC(271) Old candidate collection set empty.
[2024-10-12T07:55:19.170+0800][debug][gc,ergo,cset] GC(271) Finish choosing collection set old regions. Initial: 1, optional: 0, predicted old time: 0.00ms, predicted optional time: 0.00ms, time remaining: 48.58
[2024-10-12T07:55:19.390+0800][debug][gc,ergo,cset] GC(274) Pruned 20 regions out of 39, leaving 14277768 bytes waste (allowed 14763950)
[2024-10-12T07:55:19.534+0800][debug][gc,ergo,cset] Preventive GC, insufficient free regions. Predicted need 4. Curr Eden 2 (Pred 3). Curr Survivor 1 (Pred 1). Curr Old 52 (Pred 0) Free 4 Alloc 1
[2024-10-12T07:55:19.598+0800][debug][gc,ergo,cset] Preventive GC, insufficient free regions. Predicted need 4. Curr Eden 1 (Pred 2). Curr Survivor 1 (Pred 1). Curr Old 54 (Pred 1) Free 3 Alloc 1
[2024-10-12T07:55:19.598+0800][debug][gc,ergo,cset] GC(276) Start adding old regions to collection set. Min 3 regions, max 7 regions, time remaining 48.98ms, optional threshold 9.80ms
[2024-10-12T07:55:19.598+0800][debug][gc,ergo,cset] GC(276) Finish adding old regions to collection set (Maximum number of regions). Initial 7 regions, optional 0 regions
[2024-10-12T07:55:19.598+0800][debug][gc,ergo,cset] GC(276) Finish choosing collection set old regions. Initial: 7, optional: 0, predicted old time: 0.00ms, predicted optional time: 0.00ms, time remaining: 48.12
[2024-10-12T07:55:19.702+0800][debug][gc,ergo,cset] GC(277) Start adding old regions to collection set. Min 3 regions, max 7 regions, time remaining 48.68ms, optional threshold 9.74ms
[2024-10-12T07:55:19.702+0800][debug][gc,ergo,cset] GC(277) Finish adding old regions to collection set (Maximum number of regions). Initial 7 regions, optional 0 regions
[2024-10-12T07:55:19.702+0800][debug][gc,ergo,cset] GC(277) Finish choosing collection set old regions. Initial: 7, optional: 0, predicted old time: 0.00ms, predicted optional time: 0.00ms, time remaining: 47.40
[2024-10-12T07:55:19.808+0800][debug][gc,ergo,cset] Preventive GC, insufficient free regions. Predicted need 6. Curr Eden 2 (Pred 3). Curr Survivor 1 (Pred 1). Curr Old 49 (Pred 2) Free 6 Alloc 1
[2024-10-12T07:55:19.808+0800][debug][gc,ergo,cset] GC(278) Start adding old regions to collection set. Min 3 regions, max 7 regions, time remaining 48.69ms, optional threshold 9.74ms
[2024-10-12T07:55:19.808+0800][debug][gc,ergo,cset] GC(278) Old candidate collection set empty.
[2024-10-12T07:55:19.808+0800][debug][gc,ergo,cset] GC(278) Finish choosing collection set old regions. Initial: 5, optional: 0, predicted old time: 0.00ms, predicted optional time: 0.00ms, time remaining: 47.66
[2024-10-12T07:55:20.029+0800][debug][gc,ergo,cset] GC(281) Pruned 21 regions out of 41, leaving 14613376 bytes waste (allowed 14763950)
[2024-10-12T07:55:20.173+0800][debug][gc,ergo,cset] Preventive GC, insufficient free regions. Predicted need 4. Curr Eden 2 (Pred 3). Curr Survivor 1 (Pred 1). Curr Old 52 (Pred 0) Free 4 Alloc 1
[2024-10-12T07:55:20.236+0800][debug][gc,ergo,cset] Preventive GC, insufficient free regions. Predicted need 4. Curr Eden 1 (Pred 2). Curr Survivor 1 (Pred 1). Curr Old 54 (Pred 1) Free 3 Alloc 1
[2024-10-12T07:55:20.237+0800][debug][gc,ergo,cset] GC(283) Start adding old regions to collection set. Min 3 regions, max 7 regions, time remaining 48.95ms, optional threshold 9.79ms
[2024-10-12T07:55:20.237+0800][debug][gc,ergo,cset] GC(283) Finish adding old regions to collection set (Maximum number of regions). Initial 7 regions, optional 0 regions
[2024-10-12T07:55:20.237+0800][debug][gc,ergo,cset] GC(283) Finish choosing collection set old regions. Initial: 7, optional: 0, predicted old time: 0.00ms, predicted optional time: 0.00ms, time remaining: 48.22
[2024-10-12T07:55:20.341+0800][debug][gc,ergo,cset] GC(284) Start adding old regions to collection set. Min 3 regions, max 7 regions, time remaining 48.66ms, optional threshold 9.73ms
[2024-10-12T07:55:20.341+0800][debug][gc,ergo,cset] GC(284) Finish adding old regions to collection set (Maximum number of regions). Initial 7 regions, optional 0 regions
[2024-10-12T07:55:20.341+0800][debug][gc,ergo,cset] GC(284) Finish choosing collection set old regions. Initial: 7, optional: 0, predicted old time: 0.00ms, predicted optional time: 0.00ms, time remaining: 47.40
[2024-10-12T07:55:20.446+0800][debug][gc,ergo,cset] GC(285) Start adding old regions to collection set. Min 3 regions, max 7 regions, time remaining 48.65ms, optional threshold 9.73ms
[2024-10-12T07:55:20.446+0800][debug][gc,ergo,cset] GC(285) Old candidate collection set empty.
[2024-10-12T07:55:20.446+0800][debug][gc,ergo,cset] GC(285) Finish choosing collection set old regions. Initial: 6, optional: 0, predicted old time: 0.00ms, predicted optional time: 0.00ms, time remaining: 47.26
[2024-10-12T07:55:20.771+0800][debug][gc,ergo,cset] GC(289) Pruned 18 regions out of 42, leaving 14604448 bytes waste (allowed 14763950)
[2024-10-12T07:55:20.915+0800][debug][gc,ergo,cset] Preventive GC, insufficient free regions. Predicted need 4. Curr Eden 2 (Pred 3). Curr Survivor 1 (Pred 1). Curr Old 52 (Pred 0) Free 4 Alloc 1
[2024-10-12T07:55:20.978+0800][debug][gc,ergo,cset] Preventive GC, insufficient free regions. Predicted need 4. Curr Eden 1 (Pred 2). Curr Survivor 1 (Pred 1). Curr Old 54 (Pred 1) Free 3 Alloc 1
[2024-10-12T07:55:20.978+0800][debug][gc,ergo,cset] GC(291) Start adding old regions to collection set. Min 3 regions, max 7 regions, time remaining 49.00ms, optional threshold 9.80ms
[2024-10-12T07:55:20.978+0800][debug][gc,ergo,cset] GC(291) Finish adding old regions to collection set (Maximum number of regions). Initial 7 regions, optional 0 regions
[2024-10-12T07:55:20.978+0800][debug][gc,ergo,cset] GC(291) Finish choosing collection set old regions. Initial: 7, optional: 0, predicted old time: 0.00ms, predicted optional time: 0.00ms, time remaining: 48.22
[2024-10-12T07:55:21.021+0800][debug][gc,ergo,cset] Preventive GC, insufficient free regions. Predicted need 5. Curr Eden 1 (Pred 2). Curr Survivor 1 (Pred 1). Curr Old 54 (Pred 2) Free 3 Alloc 1
[2024-10-12T07:55:21.021+0800][debug][gc,ergo,cset] GC(292) Start adding old regions to collection set. Min 3 regions, max 7 regions, time remaining 48.97ms, optional threshold 9.79ms
[2024-10-12T07:55:21.021+0800][debug][gc,ergo,cset] GC(292) Finish adding old regions to collection set (Maximum number of regions). Initial 7 regions, optional 0 regions
[2024-10-12T07:55:21.021+0800][debug][gc,ergo,cset] GC(292) Finish choosing collection set old regions. Initial: 7, optional: 0, predicted old time: 0.00ms, predicted optional time: 0.00ms, time remaining: 47.66
[2024-10-12T07:55:21.085+0800][debug][gc,ergo,cset] Preventive GC, insufficient free regions. Predicted need 5. Curr Eden 1 (Pred 2). Curr Survivor 1 (Pred 1). Curr Old 56 (Pred 2) Free 1 Alloc 1
[2024-10-12T07:55:21.085+0800][debug][gc,ergo,cset] GC(293) Start adding old regions to collection set. Min 3 regions, max 7 regions, time remaining 48.95ms, optional threshold 9.79ms
[2024-10-12T07:55:21.085+0800][debug][gc,ergo,cset] GC(293) Finish adding old regions to collection set (Maximum number of regions). Initial 7 regions, optional 0 regions
[2024-10-12T07:55:21.085+0800][debug][gc,ergo,cset] GC(293) Finish choosing collection set old regions. Initial: 7, optional: 0, predicted old time: 0.00ms, predicted optional time: 0.00ms, time remaining: 47.44
[2024-10-12T07:55:21.127+0800][debug][gc,ergo,cset] GC(294) Start adding old regions to collection set. Min 3 regions, max 7 regions, time remaining 48.93ms, optional threshold 9.79ms
[2024-10-12T07:55:21.128+0800][debug][gc,ergo,cset] GC(294) Old candidate collection set empty.
[2024-10-12T07:55:21.128+0800][debug][gc,ergo,cset] GC(294) Finish choosing collection set old regions. Initial: 3, optional: 0, predicted old time: 0.00ms, predicted optional time: 0.00ms, time remaining: 48.26
[2024-10-12T07:55:21.801+0800][debug][gc,ergo,cset] GC(301) Pruned 24 regions out of 38, leaving 16792728 bytes waste (allowed 17448304)
[2024-10-12T07:55:22.049+0800][debug][gc,ergo,cset] Preventive GC, insufficient free regions. Predicted need 5. Curr Eden 2 (Pred 3). Curr Survivor 1 (Pred 1). Curr Old 51 (Pred 1) Free 4 Alloc 1
[2024-10-12T07:55:22.050+0800][debug][gc,ergo,cset] GC(303) Start adding old regions to collection set. Min 2 regions, max 7 regions, time remaining 48.72ms, optional threshold 9.74ms
[2024-10-12T07:55:22.050+0800][debug][gc,ergo,cset] GC(303) Finish adding old regions to collection set (Maximum number of regions). Initial 7 regions, optional 0 regions
[2024-10-12T07:55:22.050+0800][debug][gc,ergo,cset] GC(303) Finish choosing collection set old regions. Initial: 7, optional: 0, predicted old time: 0.00ms, predicted optional time: 0.00ms, time remaining: 47.73
[2024-10-12T07:55:22.154+0800][debug][gc,ergo,cset] Preventive GC, insufficient free regions. Predicted need 5. Curr Eden 2 (Pred 3). Curr Survivor 1 (Pred 1). Curr Old 52 (Pred 1) Free 4 Alloc 1
[2024-10-12T07:55:22.155+0800][debug][gc,ergo,cset] GC(304) Start adding old regions to collection set. Min 2 regions, max 7 regions, time remaining 48.74ms, optional threshold 9.75ms
[2024-10-12T07:55:22.155+0800][debug][gc,ergo,cset] GC(304) Old candidate collection set empty.
[2024-10-12T07:55:22.155+0800][debug][gc,ergo,cset] GC(304) Finish choosing collection set old regions. Initial: 7, optional: 0, predicted old time: 0.00ms, predicted optional time: 0.00ms, time remaining: 47.42
[2024-10-12T07:55:22.731+0800][debug][gc,ergo,cset] GC(312) Pruned 26 regions out of 34, leaving 17395528 bytes waste (allowed 17448304)
[2024-10-12T07:55:22.979+0800][debug][gc,ergo,cset] GC(314) Start adding old regions to collection set. Min 1 regions, max 7 regions, time remaining 48.71ms, optional threshold 9.74ms
[2024-10-12T07:55:22.979+0800][debug][gc,ergo,cset] GC(314) Finish adding old regions to collection set (Maximum number of regions). Initial 7 regions, optional 0 regions
[2024-10-12T07:55:22.979+0800][debug][gc,ergo,cset] GC(314) Finish choosing collection set old regions. Initial: 7, optional: 0, predicted old time: 0.00ms, predicted optional time: 0.00ms, time remaining: 47.96
[2024-10-12T07:55:23.083+0800][debug][gc,ergo,cset] GC(315) Start adding old regions to collection set. Min 1 regions, max 7 regions, time remaining 48.71ms, optional threshold 9.74ms
[2024-10-12T07:55:23.083+0800][debug][gc,ergo,cset] GC(315) Old candidate collection set empty.
[2024-10-12T07:55:23.083+0800][debug][gc,ergo,cset] GC(315) Finish choosing collection set old regions. Initial: 1, optional: 0, predicted old time: 0.00ms, predicted optional time: 0.00ms, time remaining: 48.54
[2024-10-12T07:55:23.407+0800][debug][gc,ergo,cset] GC(319) Pruned 21 regions out of 42, leaving 14159624 bytes waste (allowed 14763950)
[2024-10-12T07:55:23.550+0800][debug][gc,ergo,cset] Preventive GC, insufficient free regions. Predicted need 4. Curr Eden 2 (Pred 3). Curr Survivor 1 (Pred 1). Curr Old 53 (Pred 0) Free 3 Alloc 1
[2024-10-12T07:55:23.614+0800][debug][gc,ergo,cset] Preventive GC, insufficient free regions. Predicted need 4. Curr Eden 1 (Pred 2). Curr Survivor 1 (Pred 1). Curr Old 55 (Pred 1) Free 2 Alloc 1
[2024-10-12T07:55:23.614+0800][debug][gc,ergo,cset] GC(321) Start adding old regions to collection set. Min 3 regions, max 7 regions, time remaining 48.92ms, optional threshold 9.78ms
[2024-10-12T07:55:23.614+0800][debug][gc,ergo,cset] GC(321) Finish adding old regions to collection set (Maximum number of regions). Initial 7 regions, optional 0 regions
[2024-10-12T07:55:23.614+0800][debug][gc,ergo,cset] GC(321) Finish choosing collection set old regions. Initial: 7, optional: 0, predicted old time: 0.00ms, predicted optional time: 0.00ms, time remaining: 47.95
[2024-10-12T07:55:23.657+0800][debug][gc,ergo,cset] Preventive GC, insufficient free regions. Predicted need 5. Curr Eden 1 (Pred 2). Curr Survivor 1 (Pred 1). Curr Old 54 (Pred 2) Free 3 Alloc 1
[2024-10-12T07:55:23.657+0800][debug][gc,ergo,cset] GC(322) Start adding old regions to collection set. Min 3 regions, max 7 regions, time remaining 48.79ms, optional threshold 9.76ms
[2024-10-12T07:55:23.657+0800][debug][gc,ergo,cset] GC(322) Finish adding old regions to collection set (Maximum number of regions). Initial 7 regions, optional 0 regions
[2024-10-12T07:55:23.657+0800][debug][gc,ergo,cset] GC(322) Finish choosing collection set old regions. Initial: 7, optional: 0, predicted old time: 0.00ms, predicted optional time: 0.00ms, time remaining: 47.51
[2024-10-12T07:55:23.720+0800][debug][gc,ergo,cset] Preventive GC, insufficient free regions. Predicted need 5. Curr Eden 1 (Pred 2). Curr Survivor 1 (Pred 1). Curr Old 54 (Pred 2) Free 3 Alloc 1
[2024-10-12T07:55:23.720+0800][debug][gc,ergo,cset] GC(323) Start adding old regions to collection set. Min 3 regions, max 7 regions, time remaining 48.80ms, optional threshold 9.76ms
[2024-10-12T07:55:23.720+0800][debug][gc,ergo,cset] GC(323) Old candidate collection set empty.
[2024-10-12T07:55:23.720+0800][debug][gc,ergo,cset] GC(323) Finish choosing collection set old regions. Initial: 7, optional: 0, predicted old time: 0.00ms, predicted optional time: 0.00ms, time remaining: 46.97
[2024-10-12T07:55:24.334+0800][debug][gc,ergo,cset] GC(331) Pruned 25 regions out of 38, leaving 16881104 bytes waste (allowed 17448304)
[2024-10-12T07:55:24.583+0800][debug][gc,ergo,cset] GC(333) Start adding old regions to collection set. Min 2 regions, max 7 regions, time remaining 48.58ms, optional threshold 9.72ms
[2024-10-12T07:55:24.583+0800][debug][gc,ergo,cset] GC(333) Finish adding old regions to collection set (Maximum number of regions). Initial 7 regions, optional 0 regions
[2024-10-12T07:55:24.583+0800][debug][gc,ergo,cset] GC(333) Finish choosing collection set old regions. Initial: 7, optional: 0, predicted old time: 0.00ms, predicted optional time: 0.00ms, time remaining: 47.49
[2024-10-12T07:55:24.687+0800][debug][gc,ergo,cset] GC(334) Start adding old regions to collection set. Min 2 regions, max 7 regions, time remaining 48.60ms, optional threshold 9.72ms
[2024-10-12T07:55:24.687+0800][debug][gc,ergo,cset] GC(334) Old candidate collection set empty.
[2024-10-12T07:55:24.688+0800][debug][gc,ergo,cset] GC(334) Finish choosing collection set old regions. Initial: 6, optional: 0, predicted old time: 0.00ms, predicted optional time: 0.00ms, time remaining: 47.28
[2024-10-12T07:55:24.908+0800][debug][gc,ergo,cset] GC(337) Pruned 25 regions out of 44, leaving 16635920 bytes waste (allowed 17448304)
[2024-10-12T07:55:25.115+0800][debug][gc,ergo,cset] Preventive GC, insufficient free regions. Predicted need 4. Curr Eden 1 (Pred 2). Curr Survivor 1 (Pred 2). Curr Old 53 (Pred 1) Free 4 Alloc 1
[2024-10-12T07:55:25.115+0800][debug][gc,ergo,cset] GC(339) Start adding old regions to collection set. Min 3 regions, max 7 regions, time remaining 48.92ms, optional threshold 9.78ms
[2024-10-12T07:55:25.115+0800][debug][gc,ergo,cset] GC(339) Finish adding old regions to collection set (Maximum number of regions). Initial 7 regions, optional 0 regions
[2024-10-12T07:55:25.115+0800][debug][gc,ergo,cset] GC(339) Finish choosing collection set old regions. Initial: 7, optional: 0, predicted old time: 0.00ms, predicted optional time: 0.00ms, time remaining: 48.11
[2024-10-12T07:55:25.220+0800][debug][gc,ergo,cset] GC(340) Start adding old regions to collection set. Min 3 regions, max 7 regions, time remaining 48.63ms, optional threshold 9.73ms
[2024-10-12T07:55:25.220+0800][debug][gc,ergo,cset] GC(340) Finish adding old regions to collection set (Maximum number of regions). Initial 7 regions, optional 0 regions
[2024-10-12T07:55:25.220+0800][debug][gc,ergo,cset] GC(340) Finish choosing collection set old regions. Initial: 7, optional: 0, predicted old time: 0.00ms, predicted optional time: 0.00ms, time remaining: 47.26
[2024-10-12T07:55:25.325+0800][debug][gc,ergo,cset] GC(341) Start adding old regions to collection set. Min 3 regions, max 7 regions, time remaining 48.60ms, optional threshold 9.72ms
[2024-10-12T07:55:25.325+0800][debug][gc,ergo,cset] GC(341) Old candidate collection set empty.
[2024-10-12T07:55:25.325+0800][debug][gc,ergo,cset] GC(341) Finish choosing collection set old regions. Initial: 5, optional: 0, predicted old time: 0.00ms, predicted optional time: 0.00ms, time remaining: 47.57
[2024-10-12T07:55:25.545+0800][debug][gc,ergo,cset] GC(344) Pruned 25 regions out of 41, leaving 17091240 bytes waste (allowed 17448304)
[2024-10-12T07:55:25.753+0800][debug][gc,ergo,cset] Preventive GC, insufficient free regions. Predicted need 4. Curr Eden 1 (Pred 2). Curr Survivor 1 (Pred 1). Curr Old 53 (Pred 1) Free 4 Alloc 1
[2024-10-12T07:55:25.753+0800][debug][gc,ergo,cset] GC(346) Start adding old regions to collection set. Min 2 regions, max 7 regions, time remaining 48.94ms, optional threshold 9.79ms
[2024-10-12T07:55:25.753+0800][debug][gc,ergo,cset] GC(346) Finish adding old regions to collection set (Maximum number of regions). Initial 7 regions, optional 0 regions
[2024-10-12T07:55:25.753+0800][debug][gc,ergo,cset] GC(346) Finish choosing collection set old regions. Initial: 7, optional: 0, predicted old time: 0.00ms, predicted optional time: 0.00ms, time remaining: 48.18
[2024-10-12T07:55:25.858+0800][debug][gc,ergo,cset] GC(347) Start adding old regions to collection set. Min 2 regions, max 7 regions, time remaining 48.62ms, optional threshold 9.72ms
[2024-10-12T07:55:25.858+0800][debug][gc,ergo,cset] GC(347) Finish adding old regions to collection set (Maximum number of regions). Initial 7 regions, optional 0 regions
[2024-10-12T07:55:25.858+0800][debug][gc,ergo,cset] GC(347) Finish choosing collection set old regions. Initial: 7, optional: 0, predicted old time: 0.00ms, predicted optional time: 0.00ms, time remaining: 47.24
[2024-10-12T07:55:25.963+0800][debug][gc,ergo,cset] GC(348) Start adding old regions to collection set. Min 2 regions, max 7 regions, time remaining 48.63ms, optional threshold 9.73ms
[2024-10-12T07:55:25.963+0800][debug][gc,ergo,cset] GC(348) Old candidate collection set empty.
[2024-10-12T07:55:25.963+0800][debug][gc,ergo,cset] GC(348) Finish choosing collection set old regions. Initial: 2, optional: 0, predicted old time: 0.00ms, predicted optional time: 0.00ms, time remaining: 48.15
[2024-10-12T07:55:26.183+0800][debug][gc,ergo,cset] GC(351) Pruned 22 regions out of 40, leaving 17115488 bytes waste (allowed 17448304)
[2024-10-12T07:55:26.326+0800][debug][gc,ergo,cset] Preventive GC, insufficient free regions. Predicted need 4. Curr Eden 2 (Pred 3). Curr Survivor 1 (Pred 1). Curr Old 52 (Pred 0) Free 4 Alloc 1
[2024-10-12T07:55:26.390+0800][debug][gc,ergo,cset] Preventive GC, insufficient free regions. Predicted need 4. Curr Eden 1 (Pred 2). Curr Survivor 1 (Pred 1). Curr Old 54 (Pred 1) Free 3 Alloc 1
[2024-10-12T07:55:26.390+0800][debug][gc,ergo,cset] GC(353) Start adding old regions to collection set. Min 3 regions, max 7 regions, time remaining 48.94ms, optional threshold 9.79ms
[2024-10-12T07:55:26.390+0800][debug][gc,ergo,cset] GC(353) Finish adding old regions to collection set (Maximum number of regions). Initial 7 regions, optional 0 regions
[2024-10-12T07:55:26.390+0800][debug][gc,ergo,cset] GC(353) Finish choosing collection set old regions. Initial: 7, optional: 0, predicted old time: 0.00ms, predicted optional time: 0.00ms, time remaining: 47.96
[2024-10-12T07:55:26.433+0800][debug][gc,ergo,cset] Preventive GC, insufficient free regions. Predicted need 5. Curr Eden 1 (Pred 2). Curr Survivor 1 (Pred 1). Curr Old 53 (Pred 2) Free 4 Alloc 1
[2024-10-12T07:55:26.433+0800][debug][gc,ergo,cset] GC(354) Start adding old regions to collection set. Min 3 regions, max 7 regions, time remaining 48.89ms, optional threshold 9.78ms
[2024-10-12T07:55:26.433+0800][debug][gc,ergo,cset] GC(354) Finish adding old regions to collection set (Maximum number of regions). Initial 7 regions, optional 0 regions
[2024-10-12T07:55:26.433+0800][debug][gc,ergo,cset] GC(354) Finish choosing collection set old regions. Initial: 7, optional: 0, predicted old time: 0.00ms, predicted optional time: 0.00ms, time remaining: 47.55
[2024-10-12T07:55:26.497+0800][debug][gc,ergo,cset] Preventive GC, insufficient free regions. Predicted need 5. Curr Eden 1 (Pred 2). Curr Survivor 1 (Pred 1). Curr Old 53 (Pred 2) Free 4 Alloc 1
[2024-10-12T07:55:26.497+0800][debug][gc,ergo,cset] GC(355) Start adding old regions to collection set. Min 3 regions, max 7 regions, time remaining 48.92ms, optional threshold 9.78ms
[2024-10-12T07:55:26.497+0800][debug][gc,ergo,cset] GC(355) Old candidate collection set empty.
[2024-10-12T07:55:26.497+0800][debug][gc,ergo,cset] GC(355) Finish choosing collection set old regions. Initial: 4, optional: 0, predicted old time: 0.00ms, predicted optional time: 0.00ms, time remaining: 48.08
[2024-10-12T07:55:26.511+0800][debug][gc,ergo,cset] GC(357) Pruned 21 regions out of 37, leaving 16910328 bytes waste (allowed 17448304)
[2024-10-12T07:55:26.675+0800][debug][gc,ergo,cset] Preventive GC, insufficient free regions. Predicted need 3. Curr Eden 2 (Pred 3). Curr Survivor 1 (Pred 1). Curr Old 52 (Pred 0) Free 3 Alloc 1
[2024-10-12T07:55:26.738+0800][debug][gc,ergo,cset] Preventive GC, insufficient free regions. Predicted need 4. Curr Eden 1 (Pred 2). Curr Survivor 1 (Pred 1). Curr Old 54 (Pred 1) Free 3 Alloc 1
[2024-10-12T07:55:26.739+0800][debug][gc,ergo,cset] GC(359) Start adding old regions to collection set. Min 2 regions, max 7 regions, time remaining 48.94ms, optional threshold 9.79ms
[2024-10-12T07:55:26.739+0800][debug][gc,ergo,cset] GC(359) Finish adding old regions to collection set (Maximum number of regions). Initial 7 regions, optional 0 regions
[2024-10-12T07:55:26.739+0800][debug][gc,ergo,cset] GC(359) Finish choosing collection set old regions. Initial: 7, optional: 0, predicted old time: 0.00ms, predicted optional time: 0.00ms, time remaining: 48.32
[2024-10-12T07:55:26.843+0800][debug][gc,ergo,cset] GC(360) Start adding old regions to collection set. Min 2 regions, max 7 regions, time remaining 48.67ms, optional threshold 9.73ms
[2024-10-12T07:55:26.843+0800][debug][gc,ergo,cset] GC(360) Finish adding old regions to collection set (Maximum number of regions). Initial 7 regions, optional 0 regions
[2024-10-12T07:55:26.843+0800][debug][gc,ergo,cset] GC(360) Finish choosing collection set old regions. Initial: 7, optional: 0, predicted old time: 0.00ms, predicted optional time: 0.00ms, time remaining: 47.36
[2024-10-12T07:55:26.948+0800][debug][gc,ergo,cset] GC(361) Start adding old regions to collection set. Min 2 regions, max 7 regions, time remaining 48.68ms, optional threshold 9.74ms
[2024-10-12T07:55:26.948+0800][debug][gc,ergo,cset] GC(361) Old candidate collection set empty.
[2024-10-12T07:55:26.948+0800][debug][gc,ergo,cset] GC(361) Finish choosing collection set old regions. Initial: 2, optional: 0, predicted old time: 0.00ms, predicted optional time: 0.00ms, time remaining: 48.28
[2024-10-12T07:55:27.066+0800][debug][gc,ergo,cset] GC(363) Pruned 21 regions out of 37, leaving 17174768 bytes waste (allowed 17448304)
[2024-10-12T07:55:27.271+0800][debug][gc,ergo,cset] Preventive GC, insufficient free regions. Predicted need 4. Curr Eden 1 (Pred 2). Curr Survivor 1 (Pred 1). Curr Old 53 (Pred 1) Free 4 Alloc 1
[2024-10-12T07:55:27.272+0800][debug][gc,ergo,cset] GC(365) Start adding old regions to collection set. Min 2 regions, max 7 regions, time remaining 48.93ms, optional threshold 9.79ms
[2024-10-12T07:55:27.272+0800][debug][gc,ergo,cset] GC(365) Finish adding old regions to collection set (Maximum number of regions). Initial 7 regions, optional 0 regions
[2024-10-12T07:55:27.272+0800][debug][gc,ergo,cset] GC(365) Finish choosing collection set old regions. Initial: 7, optional: 0, predicted old time: 0.00ms, predicted optional time: 0.00ms, time remaining: 48.07
[2024-10-12T07:55:27.376+0800][debug][gc,ergo,cset] GC(366) Start adding old regions to collection set. Min 2 regions, max 7 regions, time remaining 48.64ms, optional threshold 9.73ms
[2024-10-12T07:55:27.376+0800][debug][gc,ergo,cset] GC(366) Finish adding old regions to collection set (Maximum number of regions). Initial 7 regions, optional 0 regions
[2024-10-12T07:55:27.376+0800][debug][gc,ergo,cset] GC(366) Finish choosing collection set old regions. Initial: 7, optional: 0, predicted old time: 0.00ms, predicted optional time: 0.00ms, time remaining: 47.31
[2024-10-12T07:55:27.481+0800][debug][gc,ergo,cset] GC(367) Start adding old regions to collection set. Min 2 regions, max 7 regions, time remaining 48.63ms, optional threshold 9.73ms
[2024-10-12T07:55:27.481+0800][debug][gc,ergo,cset] GC(367) Old candidate collection set empty.
[2024-10-12T07:55:27.482+0800][debug][gc,ergo,cset] GC(367) Finish choosing collection set old regions. Initial: 2, optional: 0, predicted old time: 0.00ms, predicted optional time: 0.00ms, time remaining: 48.14
[2024-10-12T07:55:27.597+0800][debug][gc,ergo,cset] GC(369) Pruned 22 regions out of 38, leaving 17094024 bytes waste (allowed 17448304)
[2024-10-12T07:55:27.805+0800][debug][gc,ergo,cset] Preventive GC, insufficient free regions. Predicted need 4. Curr Eden 1 (Pred 2). Curr Survivor 1 (Pred 1). Curr Old 53 (Pred 1) Free 4 Alloc 1
[2024-10-12T07:55:27.805+0800][debug][gc,ergo,cset] GC(371) Start adding old regions to collection set. Min 2 regions, max 7 regions, time remaining 48.91ms, optional threshold 9.78ms
[2024-10-12T07:55:27.805+0800][debug][gc,ergo,cset] GC(371) Finish adding old regions to collection set (Maximum number of regions). Initial 7 regions, optional 0 regions
[2024-10-12T07:55:27.805+0800][debug][gc,ergo,cset] GC(371) Finish choosing collection set old regions. Initial: 7, optional: 0, predicted old time: 0.00ms, predicted optional time: 0.00ms, time remaining: 48.05
[2024-10-12T07:55:27.909+0800][debug][gc,ergo,cset] GC(372) Start adding old regions to collection set. Min 2 regions, max 7 regions, time remaining 48.63ms, optional threshold 9.73ms
[2024-10-12T07:55:27.909+0800][debug][gc,ergo,cset] GC(372) Finish adding old regions to collection set (Maximum number of regions). Initial 7 regions, optional 0 regions
[2024-10-12T07:55:27.909+0800][debug][gc,ergo,cset] GC(372) Finish choosing collection set old regions. Initial: 7, optional: 0, predicted old time: 0.00ms, predicted optional time: 0.00ms, time remaining: 47.33
[2024-10-12T07:55:28.015+0800][debug][gc,ergo,cset] GC(373) Start adding old regions to collection set. Min 2 regions, max 7 regions, time remaining 48.63ms, optional threshold 9.73ms
[2024-10-12T07:55:28.015+0800][debug][gc,ergo,cset] GC(373) Old candidate collection set empty.
[2024-10-12T07:55:28.015+0800][debug][gc,ergo,cset] GC(373) Finish choosing collection set old regions. Initial: 2, optional: 0, predicted old time: 0.00ms, predicted optional time: 0.00ms, time remaining: 48.18
[2024-10-12T07:55:28.234+0800][debug][gc,ergo,cset] GC(376) Pruned 23 regions out of 37, leaving 17320408 bytes waste (allowed 17448304)
[2024-10-12T07:55:28.482+0800][debug][gc,ergo,cset] Preventive GC, insufficient free regions. Predicted need 5. Curr Eden 2 (Pred 3). Curr Survivor 1 (Pred 1). Curr Old 52 (Pred 1) Free 4 Alloc 1
[2024-10-12T07:55:28.482+0800][debug][gc,ergo,cset] GC(378) Start adding old regions to collection set. Min 2 regions, max 7 regions, time remaining 48.70ms, optional threshold 9.74ms
[2024-10-12T07:55:28.482+0800][debug][gc,ergo,cset] GC(378) Finish adding old regions to collection set (Maximum number of regions). Initial 7 regions, optional 0 regions
[2024-10-12T07:55:28.482+0800][debug][gc,ergo,cset] GC(378) Finish choosing collection set old regions. Initial: 7, optional: 0, predicted old time: 0.00ms, predicted optional time: 0.00ms, time remaining: 48.02
[2024-10-12T07:55:28.587+0800][debug][gc,ergo,cset] GC(379) Start adding old regions to collection set. Min 2 regions, max 7 regions, time remaining 48.70ms, optional threshold 9.74ms
[2024-10-12T07:55:28.587+0800][debug][gc,ergo,cset] GC(379) Old candidate collection set empty.
[2024-10-12T07:55:28.587+0800][debug][gc,ergo,cset] GC(379) Finish choosing collection set old regions. Initial: 7, optional: 0, predicted old time: 0.00ms, predicted optional time: 0.00ms, time remaining: 47.44
[2024-10-12T07:55:28.704+0800][debug][gc,ergo,cset] GC(381) Pruned 23 regions out of 42, leaving 17161760 bytes waste (allowed 17448304)
[2024-10-12T07:55:28.850+0800][debug][gc,ergo,cset] Preventive GC, insufficient free regions. Predicted need 4. Curr Eden 1 (Pred 2). Curr Survivor 1 (Pred 1). Curr Old 53 (Pred 1) Free 4 Alloc 1
[2024-10-12T07:55:28.850+0800][debug][gc,ergo,cset] GC(383) Start adding old regions to collection set. Min 3 regions, max 7 regions, time remaining 48.94ms, optional threshold 9.79ms
[2024-10-12T07:55:28.850+0800][debug][gc,ergo,cset] GC(383) Finish adding old regions to collection set (Maximum number of regions). Initial 7 regions, optional 0 regions
[2024-10-12T07:55:28.850+0800][debug][gc,ergo,cset] GC(383) Finish choosing collection set old regions. Initial: 7, optional: 0, predicted old time: 0.00ms, predicted optional time: 0.00ms, time remaining: 48.18
[2024-10-12T07:55:28.975+0800][debug][gc,ergo,cset] Preventive GC, insufficient free regions. Predicted need 6. Curr Eden 2 (Pred 3). Curr Survivor 1 (Pred 1). Curr Old 49 (Pred 2) Free 6 Alloc 1
[2024-10-12T07:55:28.975+0800][debug][gc,ergo,cset] GC(384) Start adding old regions to collection set. Min 3 regions, max 7 regions, time remaining 48.72ms, optional threshold 9.74ms
[2024-10-12T07:55:28.975+0800][debug][gc,ergo,cset] GC(384) Finish adding old regions to collection set (Maximum number of regions). Initial 7 regions, optional 0 regions
[2024-10-12T07:55:28.975+0800][debug][gc,ergo,cset] GC(384) Finish choosing collection set old regions. Initial: 7, optional: 0, predicted old time: 0.00ms, predicted optional time: 0.00ms, time remaining: 47.42
[2024-10-12T07:55:29.080+0800][debug][gc,ergo,cset] GC(385) Start adding old regions to collection set. Min 3 regions, max 7 regions, time remaining 48.64ms, optional threshold 9.73ms
[2024-10-12T07:55:29.080+0800][debug][gc,ergo,cset] GC(385) Old candidate collection set empty.
[2024-10-12T07:55:29.080+0800][debug][gc,ergo,cset] GC(385) Finish choosing collection set old regions. Initial: 5, optional: 0, predicted old time: 0.00ms, predicted optional time: 0.00ms, time remaining: 47.52
[2024-10-12T07:55:29.405+0800][debug][gc,ergo,cset] GC(389) Pruned 23 regions out of 46, leaving 17102656 bytes waste (allowed 17448304)
[2024-10-12T07:55:29.549+0800][debug][gc,ergo,cset] Preventive GC, insufficient free regions. Predicted need 4. Curr Eden 2 (Pred 3). Curr Survivor 1 (Pred 2). Curr Old 53 (Pred 0) Free 3 Alloc 1
[2024-10-12T07:55:29.612+0800][debug][gc,ergo,cset] Preventive GC, insufficient free regions. Predicted need 4. Curr Eden 1 (Pred 2). Curr Survivor 1 (Pred 2). Curr Old 55 (Pred 1) Free 2 Alloc 1
[2024-10-12T07:55:29.612+0800][debug][gc,ergo,cset] GC(391) Start adding old regions to collection set. Min 3 regions, max 7 regions, time remaining 48.96ms, optional threshold 9.79ms
[2024-10-12T07:55:29.612+0800][debug][gc,ergo,cset] GC(391) Finish adding old regions to collection set (Maximum number of regions). Initial 7 regions, optional 0 regions
[2024-10-12T07:55:29.612+0800][debug][gc,ergo,cset] GC(391) Finish choosing collection set old regions. Initial: 7, optional: 0, predicted old time: 0.00ms, predicted optional time: 0.00ms, time remaining: 48.21
[2024-10-12T07:55:29.655+0800][debug][gc,ergo,cset] Preventive GC, insufficient free regions. Predicted need 5. Curr Eden 1 (Pred 2). Curr Survivor 1 (Pred 1). Curr Old 54 (Pred 2) Free 3 Alloc 1
[2024-10-12T07:55:29.655+0800][debug][gc,ergo,cset] GC(392) Start adding old regions to collection set. Min 3 regions, max 7 regions, time remaining 48.94ms, optional threshold 9.79ms
[2024-10-12T07:55:29.655+0800][debug][gc,ergo,cset] GC(392) Finish adding old regions to collection set (Maximum number of regions). Initial 7 regions, optional 0 regions
[2024-10-12T07:55:29.655+0800][debug][gc,ergo,cset] GC(392) Finish choosing collection set old regions. Initial: 7, optional: 0, predicted old time: 0.00ms, predicted optional time: 0.00ms, time remaining: 47.84
[2024-10-12T07:55:29.718+0800][debug][gc,ergo,cset] Preventive GC, insufficient free regions. Predicted need 5. Curr Eden 1 (Pred 2). Curr Survivor 1 (Pred 1). Curr Old 56 (Pred 2) Free 1 Alloc 1
[2024-10-12T07:55:29.719+0800][debug][gc,ergo,cset] GC(393) Start adding old regions to collection set. Min 3 regions, max 7 regions, time remaining 48.94ms, optional threshold 9.79ms
[2024-10-12T07:55:29.719+0800][debug][gc,ergo,cset] GC(393) Finish adding old regions to collection set (Maximum number of regions). Initial 7 regions, optional 0 regions
[2024-10-12T07:55:29.719+0800][debug][gc,ergo,cset] GC(393) Finish choosing collection set old regions. Initial: 7, optional: 0, predicted old time: 0.00ms, predicted optional time: 0.00ms, time remaining: 47.52
[2024-10-12T07:55:29.761+0800][debug][gc,ergo,cset] GC(394) Start adding old regions to collection set. Min 3 regions, max 7 regions, time remaining 48.89ms, optional threshold 9.78ms
[2024-10-12T07:55:29.761+0800][debug][gc,ergo,cset] GC(394) Old candidate collection set empty.
[2024-10-12T07:55:29.761+0800][debug][gc,ergo,cset] GC(394) Finish choosing collection set old regions. Initial: 2, optional: 0, predicted old time: 0.00ms, predicted optional time: 0.00ms, time remaining: 48.45
[2024-10-12T07:55:30.434+0800][debug][gc,ergo,cset] GC(401) Pruned 26 regions out of 35, leaving 20090208 bytes waste (allowed 20132659)
[2024-10-12T07:55:30.682+0800][debug][gc,ergo,cset] GC(403) Start adding old regions to collection set. Min 2 regions, max 7 regions, time remaining 48.71ms, optional threshold 9.74ms
[2024-10-12T07:55:30.682+0800][debug][gc,ergo,cset] GC(403) Finish adding old regions to collection set (Maximum number of regions). Initial 7 regions, optional 0 regions
[2024-10-12T07:55:30.682+0800][debug][gc,ergo,cset] GC(403) Finish choosing collection set old regions. Initial: 7, optional: 0, predicted old time: 0.00ms, predicted optional time: 0.00ms, time remaining: 47.78
[2024-10-12T07:55:30.787+0800][debug][gc,ergo,cset] GC(404) Start adding old regions to collection set. Min 2 regions, max 7 regions, time remaining 48.68ms, optional threshold 9.74ms
[2024-10-12T07:55:30.787+0800][debug][gc,ergo,cset] GC(404) Old candidate collection set empty.
[2024-10-12T07:55:30.787+0800][debug][gc,ergo,cset] GC(404) Finish choosing collection set old regions. Initial: 2, optional: 0, predicted old time: 0.00ms, predicted optional time: 0.00ms, time remaining: 48.35
[2024-10-12T07:55:31.008+0800][debug][gc,ergo,cset] GC(407) Pruned 24 regions out of 40, leaving 17048672 bytes waste (allowed 17448304)
[2024-10-12T07:55:31.151+0800][debug][gc,ergo,cset] Preventive GC, insufficient free regions. Predicted need 4. Curr Eden 2 (Pred 3). Curr Survivor 1 (Pred 1). Curr Old 51 (Pred 0) Free 4 Alloc 1
[2024-10-12T07:55:31.214+0800][debug][gc,ergo,cset] Preventive GC, insufficient free regions. Predicted need 4. Curr Eden 1 (Pred 2). Curr Survivor 1 (Pred 1). Curr Old 53 (Pred 1) Free 4 Alloc 1
[2024-10-12T07:55:31.214+0800][debug][gc,ergo,cset] GC(409) Start adding old regions to collection set. Min 2 regions, max 7 regions, time remaining 48.97ms, optional threshold 9.79ms
[2024-10-12T07:55:31.214+0800][debug][gc,ergo,cset] GC(409) Finish adding old regions to collection set (Maximum number of regions). Initial 7 regions, optional 0 regions
[2024-10-12T07:55:31.214+0800][debug][gc,ergo,cset] GC(409) Finish choosing collection set old regions. Initial: 7, optional: 0, predicted old time: 0.00ms, predicted optional time: 0.00ms, time remaining: 48.15
[2024-10-12T07:55:31.318+0800][debug][gc,ergo,cset] GC(410) Start adding old regions to collection set. Min 2 regions, max 7 regions, time remaining 48.66ms, optional threshold 9.73ms
[2024-10-12T07:55:31.318+0800][debug][gc,ergo,cset] GC(410) Finish adding old regions to collection set (Maximum number of regions). Initial 7 regions, optional 0 regions
[2024-10-12T07:55:31.319+0800][debug][gc,ergo,cset] GC(410) Finish choosing collection set old regions. Initial: 7, optional: 0, predicted old time: 0.00ms, predicted optional time: 0.00ms, time remaining: 47.40
[2024-10-12T07:55:31.424+0800][debug][gc,ergo,cset] GC(411) Start adding old regions to collection set. Min 2 regions, max 7 regions, time remaining 48.65ms, optional threshold 9.73ms
[2024-10-12T07:55:31.424+0800][debug][gc,ergo,cset] GC(411) Old candidate collection set empty.
[2024-10-12T07:55:31.424+0800][debug][gc,ergo,cset] GC(411) Finish choosing collection set old regions. Initial: 2, optional: 0, predicted old time: 0.00ms, predicted optional time: 0.00ms, time remaining: 48.22
[2024-10-12T07:55:31.644+0800][debug][gc,ergo,cset] GC(414) Pruned 25 regions out of 44, leaving 17352312 bytes waste (allowed 17448304)
[2024-10-12T07:55:31.787+0800][debug][gc,ergo,cset] Preventive GC, insufficient free regions. Predicted need 4. Curr Eden 2 (Pred 3). Curr Survivor 1 (Pred 1). Curr Old 53 (Pred 0) Free 3 Alloc 1
[2024-10-12T07:55:31.850+0800][debug][gc,ergo,cset] Preventive GC, insufficient free regions. Predicted need 4. Curr Eden 1 (Pred 2). Curr Survivor 1 (Pred 1). Curr Old 55 (Pred 1) Free 2 Alloc 1
[2024-10-12T07:55:31.851+0800][debug][gc,ergo,cset] GC(416) Start adding old regions to collection set. Min 3 regions, max 7 regions, time remaining 49.00ms, optional threshold 9.80ms
[2024-10-12T07:55:31.851+0800][debug][gc,ergo,cset] GC(416) Finish adding old regions to collection set (Maximum number of regions). Initial 7 regions, optional 0 regions
[2024-10-12T07:55:31.851+0800][debug][gc,ergo,cset] GC(416) Finish choosing collection set old regions. Initial: 7, optional: 0, predicted old time: 0.00ms, predicted optional time: 0.00ms, time remaining: 48.21
[2024-10-12T07:55:31.893+0800][debug][gc,ergo,cset] Preventive GC, insufficient free regions. Predicted need 5. Curr Eden 1 (Pred 2). Curr Survivor 1 (Pred 1). Curr Old 55 (Pred 2) Free 2 Alloc 1
[2024-10-12T07:55:31.894+0800][debug][gc,ergo,cset] GC(417) Start adding old regions to collection set. Min 3 regions, max 7 regions, time remaining 48.93ms, optional threshold 9.79ms
[2024-10-12T07:55:31.894+0800][debug][gc,ergo,cset] GC(417) Finish adding old regions to collection set (Maximum number of regions). Initial 7 regions, optional 0 regions
[2024-10-12T07:55:31.894+0800][debug][gc,ergo,cset] GC(417) Finish choosing collection set old regions. Initial: 7, optional: 0, predicted old time: 0.00ms, predicted optional time: 0.00ms, time remaining: 47.53
[2024-10-12T07:55:31.956+0800][debug][gc,ergo,cset] Preventive GC, insufficient free regions. Predicted need 5. Curr Eden 1 (Pred 2). Curr Survivor 1 (Pred 1). Curr Old 56 (Pred 2) Free 1 Alloc 1
[2024-10-12T07:55:31.957+0800][debug][gc,ergo,cset] GC(418) Start adding old regions to collection set. Min 3 regions, max 7 regions, time remaining 48.95ms, optional threshold 9.79ms
[2024-10-12T07:55:31.957+0800][debug][gc,ergo,cset] GC(418) Old candidate collection set empty.
[2024-10-12T07:55:31.957+0800][debug][gc,ergo,cset] GC(418) Finish choosing collection set old regions. Initial: 5, optional: 0, predicted old time: 0.00ms, predicted optional time: 0.00ms, time remaining: 47.92
[2024-10-12T07:55:32.572+0800][debug][gc,ergo,cset] GC(426) Pruned 24 regions out of 34, leaving 17085984 bytes waste (allowed 17448304)
[2024-10-12T07:55:32.820+0800][debug][gc,ergo,cset] GC(428) Start adding old regions to collection set. Min 2 regions, max 7 regions, time remaining 48.67ms, optional threshold 9.73ms
[2024-10-12T07:55:32.820+0800][debug][gc,ergo,cset] GC(428) Finish adding old regions to collection set (Maximum number of regions). Initial 7 regions, optional 0 regions
[2024-10-12T07:55:32.820+0800][debug][gc,ergo,cset] GC(428) Finish choosing collection set old regions. Initial: 7, optional: 0, predicted old time: 0.00ms, predicted optional time: 0.00ms, time remaining: 47.86
[2024-10-12T07:55:32.926+0800][debug][gc,ergo,cset] GC(429) Start adding old regions to collection set. Min 2 regions, max 7 regions, time remaining 48.65ms, optional threshold 9.73ms
[2024-10-12T07:55:32.926+0800][debug][gc,ergo,cset] GC(429) Old candidate collection set empty.
[2024-10-12T07:55:32.926+0800][debug][gc,ergo,cset] GC(429) Finish choosing collection set old regions. Initial: 3, optional: 0, predicted old time: 0.00ms, predicted optional time: 0.00ms, time remaining: 48.08
[2024-10-12T07:55:33.146+0800][debug][gc,ergo,cset] GC(432) Pruned 24 regions out of 39, leaving 16898472 bytes waste (allowed 17448304)
[2024-10-12T07:55:33.352+0800][debug][gc,ergo,cset] Preventive GC, insufficient free regions. Predicted need 4. Curr Eden 1 (Pred 2). Curr Survivor 1 (Pred 1). Curr Old 53 (Pred 1) Free 4 Alloc 1
[2024-10-12T07:55:33.352+0800][debug][gc,ergo,cset] GC(434) Start adding old regions to collection set. Min 2 regions, max 7 regions, time remaining 49.04ms, optional threshold 9.81ms
[2024-10-12T07:55:33.352+0800][debug][gc,ergo,cset] GC(434) Finish adding old regions to collection set (Maximum number of regions). Initial 7 regions, optional 0 regions
[2024-10-12T07:55:33.352+0800][debug][gc,ergo,cset] GC(434) Finish choosing collection set old regions. Initial: 7, optional: 0, predicted old time: 0.00ms, predicted optional time: 0.00ms, time remaining: 48.44
[2024-10-12T07:55:33.457+0800][debug][gc,ergo,cset] GC(435) Start adding old regions to collection set. Min 2 regions, max 7 regions, time remaining 48.77ms, optional threshold 9.75ms
[2024-10-12T07:55:33.457+0800][debug][gc,ergo,cset] GC(435) Finish adding old regions to collection set (Maximum number of regions). Initial 7 regions, optional 0 regions
[2024-10-12T07:55:33.457+0800][debug][gc,ergo,cset] GC(435) Finish choosing collection set old regions. Initial: 7, optional: 0, predicted old time: 0.00ms, predicted optional time: 0.00ms, time remaining: 47.50
[2024-10-12T07:55:33.562+0800][debug][gc,ergo,cset] GC(436) Start adding old regions to collection set. Min 2 regions, max 7 regions, time remaining 48.75ms, optional threshold 9.75ms
[2024-10-12T07:55:33.562+0800][debug][gc,ergo,cset] GC(436) Old candidate collection set empty.
[2024-10-12T07:55:33.562+0800][debug][gc,ergo,cset] GC(436) Finish choosing collection set old regions. Initial: 1, optional: 0, predicted old time: 0.00ms, predicted optional time: 0.00ms, time remaining: 48.55
[2024-10-12T07:55:33.781+0800][debug][gc,ergo,cset] GC(439) Pruned 26 regions out of 47, leaving 16871264 bytes waste (allowed 17448304)
[2024-10-12T07:55:33.924+0800][debug][gc,ergo,cset] Preventive GC, insufficient free regions. Predicted need 4. Curr Eden 2 (Pred 3). Curr Survivor 1 (Pred 1). Curr Old 52 (Pred 0) Free 4 Alloc 1
[2024-10-12T07:55:33.988+0800][debug][gc,ergo,cset] Preventive GC, insufficient free regions. Predicted need 4. Curr Eden 1 (Pred 2). Curr Survivor 1 (Pred 1). Curr Old 54 (Pred 1) Free 3 Alloc 1
[2024-10-12T07:55:33.988+0800][debug][gc,ergo,cset] GC(441) Start adding old regions to collection set. Min 3 regions, max 7 regions, time remaining 49.04ms, optional threshold 9.81ms
[2024-10-12T07:55:33.988+0800][debug][gc,ergo,cset] GC(441) Finish adding old regions to collection set (Maximum number of regions). Initial 7 regions, optional 0 regions
[2024-10-12T07:55:33.988+0800][debug][gc,ergo,cset] GC(441) Finish choosing collection set old regions. Initial: 7, optional: 0, predicted old time: 0.00ms, predicted optional time: 0.00ms, time remaining: 48.23
[2024-10-12T07:55:34.092+0800][debug][gc,ergo,cset] Preventive GC, insufficient free regions. Predicted need 6. Curr Eden 2 (Pred 3). Curr Survivor 1 (Pred 1). Curr Old 50 (Pred 2) Free 6 Alloc 1
[2024-10-12T07:55:34.092+0800][debug][gc,ergo,cset] GC(442) Start adding old regions to collection set. Min 3 regions, max 7 regions, time remaining 48.76ms, optional threshold 9.75ms
[2024-10-12T07:55:34.092+0800][debug][gc,ergo,cset] GC(442) Finish adding old regions to collection set (Maximum number of regions). Initial 7 regions, optional 0 regions
[2024-10-12T07:55:34.092+0800][debug][gc,ergo,cset] GC(442) Finish choosing collection set old regions. Initial: 7, optional: 0, predicted old time: 0.00ms, predicted optional time: 0.00ms, time remaining: 47.36
[2024-10-12T07:55:34.156+0800][debug][gc,ergo,cset] Preventive GC, insufficient free regions. Predicted need 5. Curr Eden 1 (Pred 2). Curr Survivor 1 (Pred 1). Curr Old 52 (Pred 2) Free 5 Alloc 1
[2024-10-12T07:55:34.156+0800][debug][gc,ergo,cset] GC(443) Start adding old regions to collection set. Min 3 regions, max 7 regions, time remaining 49.04ms, optional threshold 9.81ms
[2024-10-12T07:55:34.156+0800][debug][gc,ergo,cset] GC(443) Old candidate collection set empty.
[2024-10-12T07:55:34.156+0800][debug][gc,ergo,cset] GC(443) Finish choosing collection set old regions. Initial: 7, optional: 0, predicted old time: 0.00ms, predicted optional time: 0.00ms, time remaining: 47.45
[2024-10-12T07:55:34.261+0800][debug][gc,ergo,cset] Preventive GC, insufficient free regions. Predicted need 4. Curr Eden 2 (Pred 3). Curr Survivor 1 (Pred 1). Curr Old 53 (Pred 0) Free 3 Alloc 1
[2024-10-12T07:55:34.272+0800][debug][gc,ergo,cset] GC(445) Pruned 26 regions out of 43, leaving 19426360 bytes waste (allowed 20132659)
[2024-10-12T07:55:34.416+0800][debug][gc,ergo,cset] Preventive GC, insufficient free regions. Predicted need 4. Curr Eden 2 (Pred 3). Curr Survivor 1 (Pred 1). Curr Old 53 (Pred 0) Free 3 Alloc 1
[2024-10-12T07:55:34.479+0800][debug][gc,ergo,cset] Preventive GC, insufficient free regions. Predicted need 4. Curr Eden 1 (Pred 2). Curr Survivor 1 (Pred 1). Curr Old 55 (Pred 1) Free 2 Alloc 1
[2024-10-12T07:55:34.480+0800][debug][gc,ergo,cset] GC(447) Start adding old regions to collection set. Min 3 regions, max 7 regions, time remaining 48.98ms, optional threshold 9.80ms
[2024-10-12T07:55:34.480+0800][debug][gc,ergo,cset] GC(447) Finish adding old regions to collection set (Maximum number of regions). Initial 7 regions, optional 0 regions
[2024-10-12T07:55:34.480+0800][debug][gc,ergo,cset] GC(447) Finish choosing collection set old regions. Initial: 7, optional: 0, predicted old time: 0.00ms, predicted optional time: 0.00ms, time remaining: 48.31
[2024-10-12T07:55:34.522+0800][debug][gc,ergo,cset] Preventive GC, insufficient free regions. Predicted need 5. Curr Eden 1 (Pred 2). Curr Survivor 1 (Pred 1). Curr Old 55 (Pred 2) Free 2 Alloc 1
[2024-10-12T07:55:34.522+0800][debug][gc,ergo,cset] GC(448) Start adding old regions to collection set. Min 3 regions, max 7 regions, time remaining 48.98ms, optional threshold 9.80ms
[2024-10-12T07:55:34.522+0800][debug][gc,ergo,cset] GC(448) Finish adding old regions to collection set (Maximum number of regions). Initial 7 regions, optional 0 regions
[2024-10-12T07:55:34.522+0800][debug][gc,ergo,cset] GC(448) Finish choosing collection set old regions. Initial: 7, optional: 0, predicted old time: 0.00ms, predicted optional time: 0.00ms, time remaining: 47.77
[2024-10-12T07:55:34.585+0800][debug][gc,ergo,cset] GC(449) Start adding old regions to collection set. Min 3 regions, max 7 regions, time remaining 48.96ms, optional threshold 9.79ms
[2024-10-12T07:55:34.585+0800][debug][gc,ergo,cset] GC(449) Old candidate collection set empty.
[2024-10-12T07:55:34.585+0800][debug][gc,ergo,cset] GC(449) Finish choosing collection set old regions. Initial: 3, optional: 0, predicted old time: 0.00ms, predicted optional time: 0.00ms, time remaining: 48.31
[2024-10-12T07:55:35.241+0800][debug][gc,ergo,cset] GC(456) Pruned 27 regions out of 36, leaving 19623560 bytes waste (allowed 20132659)
[2024-10-12T07:55:35.486+0800][debug][gc,ergo,cset] GC(458) Start adding old regions to collection set. Min 2 regions, max 7 regions, time remaining 48.76ms, optional threshold 9.75ms
[2024-10-12T07:55:35.486+0800][debug][gc,ergo,cset] GC(458) Finish adding old regions to collection set (Maximum number of regions). Initial 7 regions, optional 0 regions
[2024-10-12T07:55:35.486+0800][debug][gc,ergo,cset] GC(458) Finish choosing collection set old regions. Initial: 7, optional: 0, predicted old time: 0.00ms, predicted optional time: 0.00ms, time remaining: 47.81
[2024-10-12T07:55:35.590+0800][debug][gc,ergo,cset] GC(459) Start adding old regions to collection set. Min 2 regions, max 7 regions, time remaining 48.76ms, optional threshold 9.75ms
[2024-10-12T07:55:35.590+0800][debug][gc,ergo,cset] GC(459) Old candidate collection set empty.
[2024-10-12T07:55:35.590+0800][debug][gc,ergo,cset] GC(459) Finish choosing collection set old regions. Initial: 2, optional: 0, predicted old time: 0.00ms, predicted optional time: 0.00ms, time remaining: 48.34
[2024-10-12T07:55:35.644+0800][debug][gc,ergo,cset] GC(461) Pruned 23 regions out of 36, leaving 16860608 bytes waste (allowed 17448304)
[2024-10-12T07:55:35.913+0800][debug][gc,ergo,cset] Preventive GC, insufficient free regions. Predicted need 5. Curr Eden 2 (Pred 3). Curr Survivor 1 (Pred 1). Curr Old 51 (Pred 1) Free 5 Alloc 1
[2024-10-12T07:55:35.914+0800][debug][gc,ergo,cset] GC(463) Start adding old regions to collection set. Min 2 regions, max 7 regions, time remaining 48.76ms, optional threshold 9.75ms
[2024-10-12T07:55:35.914+0800][debug][gc,ergo,cset] GC(463) Finish adding old regions to collection set (Maximum number of regions). Initial 7 regions, optional 0 regions
[2024-10-12T07:55:35.914+0800][debug][gc,ergo,cset] GC(463) Finish choosing collection set old regions. Initial: 7, optional: 0, predicted old time: 0.00ms, predicted optional time: 0.00ms, time remaining: 47.89
[2024-10-12T07:55:36.018+0800][debug][gc,ergo,cset] GC(464) Start adding old regions to collection set. Min 2 regions, max 7 regions, time remaining 48.75ms, optional threshold 9.75ms
[2024-10-12T07:55:36.018+0800][debug][gc,ergo,cset] GC(464) Old candidate collection set empty.
[2024-10-12T07:55:36.018+0800][debug][gc,ergo,cset] GC(464) Finish choosing collection set old regions. Initial: 6, optional: 0, predicted old time: 0.00ms, predicted optional time: 0.00ms, time remaining: 47.69
[2024-10-12T07:55:36.342+0800][debug][gc,ergo,cset] GC(468) Pruned 23 regions out of 39, leaving 16664256 bytes waste (allowed 17448304)
[2024-10-12T07:55:36.485+0800][debug][gc,ergo,cset] Preventive GC, insufficient free regions. Predicted need 4. Curr Eden 2 (Pred 3). Curr Survivor 1 (Pred 1). Curr Old 52 (Pred 0) Free 4 Alloc 1
[2024-10-12T07:55:36.548+0800][debug][gc,ergo,cset] Preventive GC, insufficient free regions. Predicted need 4. Curr Eden 1 (Pred 2). Curr Survivor 1 (Pred 1). Curr Old 53 (Pred 1) Free 4 Alloc 1
[2024-10-12T07:55:36.548+0800][debug][gc,ergo,cset] GC(470) Start adding old regions to collection set. Min 2 regions, max 7 regions, time remaining 49.05ms, optional threshold 9.81ms
[2024-10-12T07:55:36.548+0800][debug][gc,ergo,cset] GC(470) Finish adding old regions to collection set (Maximum number of regions). Initial 7 regions, optional 0 regions
[2024-10-12T07:55:36.548+0800][debug][gc,ergo,cset] GC(470) Finish choosing collection set old regions. Initial: 7, optional: 0, predicted old time: 0.00ms, predicted optional time: 0.00ms, time remaining: 48.24
[2024-10-12T07:55:36.653+0800][debug][gc,ergo,cset] GC(471) Start adding old regions to collection set. Min 2 regions, max 7 regions, time remaining 48.77ms, optional threshold 9.75ms
[2024-10-12T07:55:36.653+0800][debug][gc,ergo,cset] GC(471) Finish adding old regions to collection set (Maximum number of regions). Initial 7 regions, optional 0 regions
[2024-10-12T07:55:36.653+0800][debug][gc,ergo,cset] GC(471) Finish choosing collection set old regions. Initial: 7, optional: 0, predicted old time: 0.00ms, predicted optional time: 0.00ms, time remaining: 47.63
[2024-10-12T07:55:36.758+0800][debug][gc,ergo,cset] GC(472) Start adding old regions to collection set. Min 2 regions, max 7 regions, time remaining 48.67ms, optional threshold 9.73ms
[2024-10-12T07:55:36.758+0800][debug][gc,ergo,cset] GC(472) Old candidate collection set empty.
[2024-10-12T07:55:36.758+0800][debug][gc,ergo,cset] GC(472) Finish choosing collection set old regions. Initial: 2, optional: 0, predicted old time: 0.00ms, predicted optional time: 0.00ms, time remaining: 48.27
[2024-10-12T07:55:36.978+0800][debug][gc,ergo,cset] GC(475) Pruned 23 regions out of 45, leaving 16876520 bytes waste (allowed 17448304)
[2024-10-12T07:55:37.121+0800][debug][gc,ergo,cset] Preventive GC, insufficient free regions. Predicted need 4. Curr Eden 2 (Pred 3). Curr Survivor 1 (Pred 1). Curr Old 52 (Pred 0) Free 4 Alloc 1
[2024-10-12T07:55:37.184+0800][debug][gc,ergo,cset] Preventive GC, insufficient free regions. Predicted need 4. Curr Eden 1 (Pred 2). Curr Survivor 1 (Pred 1). Curr Old 54 (Pred 1) Free 3 Alloc 1
[2024-10-12T07:55:37.185+0800][debug][gc,ergo,cset] GC(477) Start adding old regions to collection set. Min 3 regions, max 7 regions, time remaining 49.03ms, optional threshold 9.81ms
[2024-10-12T07:55:37.185+0800][debug][gc,ergo,cset] GC(477) Finish adding old regions to collection set (Maximum number of regions). Initial 7 regions, optional 0 regions
[2024-10-12T07:55:37.185+0800][debug][gc,ergo,cset] GC(477) Finish choosing collection set old regions. Initial: 7, optional: 0, predicted old time: 0.00ms, predicted optional time: 0.00ms, time remaining: 48.15
[2024-10-12T07:55:37.227+0800][debug][gc,ergo,cset] Preventive GC, insufficient free regions. Predicted need 5. Curr Eden 1 (Pred 2). Curr Survivor 1 (Pred 1). Curr Old 54 (Pred 2) Free 3 Alloc 1
[2024-10-12T07:55:37.227+0800][debug][gc,ergo,cset] GC(478) Start adding old regions to collection set. Min 3 regions, max 7 regions, time remaining 49.02ms, optional threshold 9.80ms
[2024-10-12T07:55:37.227+0800][debug][gc,ergo,cset] GC(478) Finish adding old regions to collection set (Maximum number of regions). Initial 7 regions, optional 0 regions
[2024-10-12T07:55:37.227+0800][debug][gc,ergo,cset] GC(478) Finish choosing collection set old regions. Initial: 7, optional: 0, predicted old time: 0.00ms, predicted optional time: 0.00ms, time remaining: 47.70
[2024-10-12T07:55:37.291+0800][debug][gc,ergo,cset] Preventive GC, insufficient free regions. Predicted need 5. Curr Eden 1 (Pred 2). Curr Survivor 1 (Pred 1). Curr Old 55 (Pred 2) Free 2 Alloc 1
[2024-10-12T07:55:37.291+0800][debug][gc,ergo,cset] GC(479) Start adding old regions to collection set. Min 3 regions, max 7 regions, time remaining 49.00ms, optional threshold 9.80ms
[2024-10-12T07:55:37.291+0800][debug][gc,ergo,cset] GC(479) Finish adding old regions to collection set (Maximum number of regions). Initial 7 regions, optional 0 regions
[2024-10-12T07:55:37.291+0800][debug][gc,ergo,cset] GC(479) Finish choosing collection set old regions. Initial: 7, optional: 0, predicted old time: 0.00ms, predicted optional time: 0.00ms, time remaining: 47.54
[2024-10-12T07:55:37.333+0800][debug][gc,ergo,cset] GC(480) Start adding old regions to collection set. Min 3 regions, max 7 regions, time remaining 49.00ms, optional threshold 9.80ms
[2024-10-12T07:55:37.333+0800][debug][gc,ergo,cset] GC(480) Old candidate collection set empty.
[2024-10-12T07:55:37.333+0800][debug][gc,ergo,cset] GC(480) Finish choosing collection set old regions. Initial: 1, optional: 0, predicted old time: 0.00ms, predicted optional time: 0.00ms, time remaining: 48.78
[2024-10-12T07:55:37.903+0800][debug][gc,ergo,cset] GC(487) Pruned 28 regions out of 33, leaving 18913792 bytes waste (allowed 20132659)
[2024-10-12T07:55:38.170+0800][debug][gc,ergo,cset] GC(489) Start adding old regions to collection set. Min 1 regions, max 7 regions, time remaining 48.87ms, optional threshold 9.77ms
[2024-10-12T07:55:38.171+0800][debug][gc,ergo,cset] GC(489) Old candidate collection set empty.
[2024-10-12T07:55:38.171+0800][debug][gc,ergo,cset] GC(489) Finish choosing collection set old regions. Initial: 5, optional: 0, predicted old time: 0.00ms, predicted optional time: 0.00ms, time remaining: 48.49
[2024-10-12T07:55:38.496+0800][debug][gc,ergo,cset] GC(493) Pruned 25 regions out of 44, leaving 16888000 bytes waste (allowed 17448304)
[2024-10-12T07:55:38.637+0800][debug][gc,ergo,cset] Preventive GC, insufficient free regions. Predicted need 4. Curr Eden 2 (Pred 3). Curr Survivor 1 (Pred 1). Curr Old 52 (Pred 0) Free 4 Alloc 1
[2024-10-12T07:55:38.700+0800][debug][gc,ergo,cset] Preventive GC, insufficient free regions. Predicted need 4. Curr Eden 1 (Pred 2). Curr Survivor 1 (Pred 1). Curr Old 54 (Pred 1) Free 3 Alloc 1
[2024-10-12T07:55:38.701+0800][debug][gc,ergo,cset] GC(495) Start adding old regions to collection set. Min 3 regions, max 7 regions, time remaining 49.06ms, optional threshold 9.81ms
[2024-10-12T07:55:38.701+0800][debug][gc,ergo,cset] GC(495) Finish adding old regions to collection set (Maximum number of regions). Initial 7 regions, optional 0 regions
[2024-10-12T07:55:38.701+0800][debug][gc,ergo,cset] GC(495) Finish choosing collection set old regions. Initial: 7, optional: 0, predicted old time: 0.00ms, predicted optional time: 0.00ms, time remaining: 48.51
[2024-10-12T07:55:38.805+0800][debug][gc,ergo,cset] GC(496) Start adding old regions to collection set. Min 3 regions, max 7 regions, time remaining 48.72ms, optional threshold 9.74ms
[2024-10-12T07:55:38.805+0800][debug][gc,ergo,cset] GC(496) Finish adding old regions to collection set (Maximum number of regions). Initial 7 regions, optional 0 regions
[2024-10-12T07:55:38.805+0800][debug][gc,ergo,cset] GC(496) Finish choosing collection set old regions. Initial: 7, optional: 0, predicted old time: 0.00ms, predicted optional time: 0.00ms, time remaining: 47.53
[2024-10-12T07:55:38.910+0800][debug][gc,ergo,cset] GC(497) Start adding old regions to collection set. Min 3 regions, max 7 regions, time remaining 48.70ms, optional threshold 9.74ms
[2024-10-12T07:55:38.910+0800][debug][gc,ergo,cset] GC(497) Old candidate collection set empty.
[2024-10-12T07:55:38.910+0800][debug][gc,ergo,cset] GC(497) Finish choosing collection set old regions. Initial: 5, optional: 0, predicted old time: 0.00ms, predicted optional time: 0.00ms, time remaining: 47.68
[2024-10-12T07:55:39.233+0800][debug][gc,ergo,cset] GC(501) Pruned 22 regions out of 43, leaving 17142656 bytes waste (allowed 17448304)
[2024-10-12T07:55:39.377+0800][debug][gc,ergo,cset] Preventive GC, insufficient free regions. Predicted need 4. Curr Eden 2 (Pred 3). Curr Survivor 1 (Pred 1). Curr Old 53 (Pred 0) Free 3 Alloc 1
[2024-10-12T07:55:39.439+0800][debug][gc,ergo,cset] Preventive GC, insufficient free regions. Predicted need 4. Curr Eden 1 (Pred 2). Curr Survivor 1 (Pred 1). Curr Old 55 (Pred 1) Free 2 Alloc 1
[2024-10-12T07:55:39.440+0800][debug][gc,ergo,cset] GC(503) Start adding old regions to collection set. Min 3 regions, max 7 regions, time remaining 49.07ms, optional threshold 9.81ms
[2024-10-12T07:55:39.440+0800][debug][gc,ergo,cset] GC(503) Finish adding old regions to collection set (Maximum number of regions). Initial 7 regions, optional 0 regions
[2024-10-12T07:55:39.440+0800][debug][gc,ergo,cset] GC(503) Finish choosing collection set old regions. Initial: 7, optional: 0, predicted old time: 0.00ms, predicted optional time: 0.00ms, time remaining: 48.43
[2024-10-12T07:55:39.482+0800][debug][gc,ergo,cset] Preventive GC, insufficient free regions. Predicted need 5. Curr Eden 1 (Pred 2). Curr Survivor 1 (Pred 1). Curr Old 55 (Pred 2) Free 2 Alloc 1
[2024-10-12T07:55:39.483+0800][debug][gc,ergo,cset] GC(504) Start adding old regions to collection set. Min 3 regions, max 7 regions, time remaining 49.03ms, optional threshold 9.81ms
[2024-10-12T07:55:39.483+0800][debug][gc,ergo,cset] GC(504) Finish adding old regions to collection set (Maximum number of regions). Initial 7 regions, optional 0 regions
[2024-10-12T07:55:39.483+0800][debug][gc,ergo,cset] GC(504) Finish choosing collection set old regions. Initial: 7, optional: 0, predicted old time: 0.00ms, predicted optional time: 0.00ms, time remaining: 47.90
[2024-10-12T07:55:39.546+0800][debug][gc,ergo,cset] GC(505) Start adding old regions to collection set. Min 3 regions, max 7 regions, time remaining 49.03ms, optional threshold 9.81ms
[2024-10-12T07:55:39.546+0800][debug][gc,ergo,cset] GC(505) Old candidate collection set empty.
[2024-10-12T07:55:39.546+0800][debug][gc,ergo,cset] GC(505) Finish choosing collection set old regions. Initial: 7, optional: 0, predicted old time: 0.00ms, predicted optional time: 0.00ms, time remaining: 47.58
[2024-10-12T07:55:40.157+0800][debug][gc,ergo,cset] GC(512) Pruned 28 regions out of 37, leaving 19420168 bytes waste (allowed 20132659)
[2024-10-12T07:55:40.405+0800][debug][gc,ergo,cset] Preventive GC, insufficient free regions. Predicted need 5. Curr Eden 2 (Pred 3). Curr Survivor 1 (Pred 1). Curr Old 51 (Pred 1) Free 5 Alloc 1
[2024-10-12T07:55:40.405+0800][debug][gc,ergo,cset] GC(514) Start adding old regions to collection set. Min 2 regions, max 7 regions, time remaining 48.80ms, optional threshold 9.76ms
[2024-10-12T07:55:40.405+0800][debug][gc,ergo,cset] GC(514) Finish adding old regions to collection set (Maximum number of regions). Initial 7 regions, optional 0 regions
[2024-10-12T07:55:40.405+0800][debug][gc,ergo,cset] GC(514) Finish choosing collection set old regions. Initial: 7, optional: 0, predicted old time: 0.00ms, predicted optional time: 0.00ms, time remaining: 48.13
[2024-10-12T07:55:40.510+0800][debug][gc,ergo,cset] GC(515) Start adding old regions to collection set. Min 2 regions, max 7 regions, time remaining 48.74ms, optional threshold 9.75ms
[2024-10-12T07:55:40.510+0800][debug][gc,ergo,cset] GC(515) Old candidate collection set empty.
[2024-10-12T07:55:40.510+0800][debug][gc,ergo,cset] GC(515) Finish choosing collection set old regions. Initial: 2, optional: 0, predicted old time: 0.00ms, predicted optional time: 0.00ms, time remaining: 48.43
[2024-10-12T07:55:40.729+0800][debug][gc,ergo,cset] GC(518) Pruned 25 regions out of 41, leaving 17133112 bytes waste (allowed 17448304)
[2024-10-12T07:55:40.872+0800][debug][gc,ergo,cset] Preventive GC, insufficient free regions. Predicted need 4. Curr Eden 2 (Pred 3). Curr Survivor 1 (Pred 1). Curr Old 52 (Pred 0) Free 4 Alloc 1
[2024-10-12T07:55:40.935+0800][debug][gc,ergo,cset] Preventive GC, insufficient free regions. Predicted need 4. Curr Eden 1 (Pred 2). Curr Survivor 1 (Pred 1). Curr Old 54 (Pred 1) Free 3 Alloc 1
[2024-10-12T07:55:40.936+0800][debug][gc,ergo,cset] GC(520) Start adding old regions to collection set. Min 2 regions, max 7 regions, time remaining 49.01ms, optional threshold 9.80ms
[2024-10-12T07:55:40.936+0800][debug][gc,ergo,cset] GC(520) Finish adding old regions to collection set (Maximum number of regions). Initial 7 regions, optional 0 regions
[2024-10-12T07:55:40.936+0800][debug][gc,ergo,cset] GC(520) Finish choosing collection set old regions. Initial: 7, optional: 0, predicted old time: 0.00ms, predicted optional time: 0.00ms, time remaining: 48.33
[2024-10-12T07:55:41.040+0800][debug][gc,ergo,cset] GC(521) Start adding old regions to collection set. Min 2 regions, max 7 regions, time remaining 48.73ms, optional threshold 9.75ms
[2024-10-12T07:55:41.040+0800][debug][gc,ergo,cset] GC(521) Finish adding old regions to collection set (Maximum number of regions). Initial 7 regions, optional 0 regions
[2024-10-12T07:55:41.040+0800][debug][gc,ergo,cset] GC(521) Finish choosing collection set old regions. Initial: 7, optional: 0, predicted old time: 0.00ms, predicted optional time: 0.00ms, time remaining: 47.56
[2024-10-12T07:55:41.145+0800][debug][gc,ergo,cset] GC(522) Start adding old regions to collection set. Min 2 regions, max 7 regions, time remaining 48.75ms, optional threshold 9.75ms
[2024-10-12T07:55:41.145+0800][debug][gc,ergo,cset] GC(522) Old candidate collection set empty.
[2024-10-12T07:55:41.145+0800][debug][gc,ergo,cset] GC(522) Finish choosing collection set old regions. Initial: 2, optional: 0, predicted old time: 0.00ms, predicted optional time: 0.00ms, time remaining: 48.36
[2024-10-12T07:55:41.364+0800][debug][gc,ergo,cset] GC(525) Pruned 23 regions out of 43, leaving 16643648 bytes waste (allowed 17448304)
[2024-10-12T07:55:41.507+0800][debug][gc,ergo,cset] Preventive GC, insufficient free regions. Predicted need 4. Curr Eden 2 (Pred 3). Curr Survivor 1 (Pred 1). Curr Old 53 (Pred 0) Free 3 Alloc 1
[2024-10-12T07:55:41.571+0800][debug][gc,ergo,cset] Preventive GC, insufficient free regions. Predicted need 4. Curr Eden 1 (Pred 2). Curr Survivor 1 (Pred 1). Curr Old 54 (Pred 1) Free 3 Alloc 1
[2024-10-12T07:55:41.571+0800][debug][gc,ergo,cset] GC(527) Start adding old regions to collection set. Min 3 regions, max 7 regions, time remaining 49.05ms, optional threshold 9.81ms
[2024-10-12T07:55:41.571+0800][debug][gc,ergo,cset] GC(527) Finish adding old regions to collection set (Maximum number of regions). Initial 7 regions, optional 0 regions
[2024-10-12T07:55:41.571+0800][debug][gc,ergo,cset] GC(527) Finish choosing collection set old regions. Initial: 7, optional: 0, predicted old time: 0.00ms, predicted optional time: 0.00ms, time remaining: 48.20
[2024-10-12T07:55:41.614+0800][debug][gc,ergo,cset] Preventive GC, insufficient free regions. Predicted need 5. Curr Eden 1 (Pred 2). Curr Survivor 1 (Pred 1). Curr Old 54 (Pred 2) Free 3 Alloc 1
[2024-10-12T07:55:41.614+0800][debug][gc,ergo,cset] GC(528) Start adding old regions to collection set. Min 3 regions, max 7 regions, time remaining 49.03ms, optional threshold 9.81ms
[2024-10-12T07:55:41.614+0800][debug][gc,ergo,cset] GC(528) Finish adding old regions to collection set (Maximum number of regions). Initial 7 regions, optional 0 regions
[2024-10-12T07:55:41.614+0800][debug][gc,ergo,cset] GC(528) Finish choosing collection set old regions. Initial: 7, optional: 0, predicted old time: 0.00ms, predicted optional time: 0.00ms, time remaining: 47.87
[2024-10-12T07:55:41.677+0800][debug][gc,ergo,cset] Preventive GC, insufficient free regions. Predicted need 5. Curr Eden 1 (Pred 2). Curr Survivor 1 (Pred 1). Curr Old 56 (Pred 2) Free 1 Alloc 1
[2024-10-12T07:55:41.678+0800][debug][gc,ergo,cset] GC(529) Start adding old regions to collection set. Min 3 regions, max 7 regions, time remaining 49.02ms, optional threshold 9.80ms
[2024-10-12T07:55:41.678+0800][debug][gc,ergo,cset] GC(529) Old candidate collection set empty.
[2024-10-12T07:55:41.678+0800][debug][gc,ergo,cset] GC(529) Finish choosing collection set old regions. Initial: 6, optional: 0, predicted old time: 0.00ms, predicted optional time: 0.00ms, time remaining: 47.84
[2024-10-12T07:55:42.323+0800][debug][gc,ergo,cset] GC(537) Pruned 26 regions out of 36, leaving 16852352 bytes waste (allowed 17448304)
[2024-10-12T07:55:42.575+0800][debug][gc,ergo,cset] Preventive GC, insufficient free regions. Predicted need 5. Curr Eden 2 (Pred 4). Curr Survivor 1 (Pred 1). Curr Old 50 (Pred 1) Free 5 Alloc 1
[2024-10-12T07:55:42.575+0800][debug][gc,ergo,cset] GC(539) Start adding old regions to collection set. Min 2 regions, max 7 regions, time remaining 44.92ms, optional threshold 8.98ms
[2024-10-12T07:55:42.575+0800][debug][gc,ergo,cset] GC(539) Finish adding old regions to collection set (Maximum number of regions). Initial 7 regions, optional 0 regions
[2024-10-12T07:55:42.575+0800][debug][gc,ergo,cset] GC(539) Finish choosing collection set old regions. Initial: 7, optional: 0, predicted old time: 0.00ms, predicted optional time: 0.00ms, time remaining: 41.01
[2024-10-12T07:55:42.689+0800][debug][gc,ergo,cset] GC(540) Start adding old regions to collection set. Min 2 regions, max 7 regions, time remaining 44.23ms, optional threshold 8.85ms
[2024-10-12T07:55:42.689+0800][debug][gc,ergo,cset] GC(540) Old candidate collection set empty.
[2024-10-12T07:55:42.689+0800][debug][gc,ergo,cset] GC(540) Finish choosing collection set old regions. Initial: 3, optional: 0, predicted old time: 0.00ms, predicted optional time: 0.00ms, time remaining: 41.53
[2024-10-12T07:55:43.023+0800][debug][gc,ergo,cset] GC(544) Pruned 24 regions out of 39, leaving 16236816 bytes waste (allowed 17448304)
[2024-10-12T07:55:43.232+0800][debug][gc,ergo,cset] Preventive GC, insufficient free regions. Predicted need 4. Curr Eden 1 (Pred 2). Curr Survivor 1 (Pred 1). Curr Old 53 (Pred 1) Free 4 Alloc 1
[2024-10-12T07:55:43.232+0800][debug][gc,ergo,cset] GC(546) Start adding old regions to collection set. Min 2 regions, max 7 regions, time remaining 47.18ms, optional threshold 9.44ms
[2024-10-12T07:55:43.232+0800][debug][gc,ergo,cset] GC(546) Finish adding old regions to collection set (Maximum number of regions). Initial 7 regions, optional 0 regions
[2024-10-12T07:55:43.232+0800][debug][gc,ergo,cset] GC(546) Finish choosing collection set old regions. Initial: 7, optional: 0, predicted old time: 0.00ms, predicted optional time: 0.00ms, time remaining: 44.93
[2024-10-12T07:55:43.344+0800][debug][gc,ergo,cset] GC(547) Start adding old regions to collection set. Min 2 regions, max 7 regions, time remaining 44.65ms, optional threshold 8.93ms
[2024-10-12T07:55:43.344+0800][debug][gc,ergo,cset] GC(547) Finish adding old regions to collection set (Maximum number of regions). Initial 7 regions, optional 0 regions
[2024-10-12T07:55:43.344+0800][debug][gc,ergo,cset] GC(547) Finish choosing collection set old regions. Initial: 7, optional: 0, predicted old time: 0.00ms, predicted optional time: 0.00ms, time remaining: 38.98
[2024-10-12T07:55:43.462+0800][debug][gc,ergo,cset] GC(548) Start adding old regions to collection set. Min 2 regions, max 7 regions, time remaining 43.75ms, optional threshold 8.75ms
[2024-10-12T07:55:43.462+0800][debug][gc,ergo,cset] GC(548) Old candidate collection set empty.
[2024-10-12T07:55:43.462+0800][debug][gc,ergo,cset] GC(548) Finish choosing collection set old regions. Initial: 1, optional: 0, predicted old time: 0.00ms, predicted optional time: 0.00ms, time remaining: 42.58
[2024-10-12T07:55:43.694+0800][debug][gc,ergo,cset] GC(551) Pruned 25 regions out of 43, leaving 16660216 bytes waste (allowed 17448304)
[2024-10-12T07:55:43.835+0800][debug][gc,ergo,cset] Preventive GC, insufficient free regions. Predicted need 4. Curr Eden 2 (Pred 3). Curr Survivor 1 (Pred 1). Curr Old 52 (Pred 0) Free 4 Alloc 1
[2024-10-12T07:55:43.900+0800][debug][gc,ergo,cset] Preventive GC, insufficient free regions. Predicted need 4. Curr Eden 1 (Pred 2). Curr Survivor 1 (Pred 1). Curr Old 54 (Pred 1) Free 3 Alloc 1
[2024-10-12T07:55:43.900+0800][debug][gc,ergo,cset] GC(553) Start adding old regions to collection set. Min 3 regions, max 7 regions, time remaining 46.65ms, optional threshold 9.33ms
[2024-10-12T07:55:43.900+0800][debug][gc,ergo,cset] GC(553) Finish adding old regions to collection set (Maximum number of regions). Initial 7 regions, optional 0 regions
[2024-10-12T07:55:43.900+0800][debug][gc,ergo,cset] GC(553) Finish choosing collection set old regions. Initial: 7, optional: 0, predicted old time: 0.00ms, predicted optional time: 0.00ms, time remaining: 44.00
[2024-10-12T07:55:44.006+0800][debug][gc,ergo,cset] Preventive GC, insufficient free regions. Predicted need 6. Curr Eden 2 (Pred 3). Curr Survivor 1 (Pred 1). Curr Old 50 (Pred 2) Free 6 Alloc 1
[2024-10-12T07:55:44.006+0800][debug][gc,ergo,cset] GC(554) Start adding old regions to collection set. Min 3 regions, max 7 regions, time remaining 45.28ms, optional threshold 9.06ms
[2024-10-12T07:55:44.006+0800][debug][gc,ergo,cset] GC(554) Finish adding old regions to collection set (Maximum number of regions). Initial 7 regions, optional 0 regions
[2024-10-12T07:55:44.006+0800][debug][gc,ergo,cset] GC(554) Finish choosing collection set old regions. Initial: 7, optional: 0, predicted old time: 0.00ms, predicted optional time: 0.00ms, time remaining: 40.08
[2024-10-12T07:55:44.118+0800][debug][gc,ergo,cset] Preventive GC, insufficient free regions. Predicted need 6. Curr Eden 2 (Pred 3). Curr Survivor 1 (Pred 1). Curr Old 51 (Pred 2) Free 5 Alloc 1
[2024-10-12T07:55:44.118+0800][debug][gc,ergo,cset] GC(555) Start adding old regions to collection set. Min 3 regions, max 7 regions, time remaining 45.34ms, optional threshold 9.07ms
[2024-10-12T07:55:44.118+0800][debug][gc,ergo,cset] GC(555) Old candidate collection set empty.
[2024-10-12T07:55:44.118+0800][debug][gc,ergo,cset] GC(555) Finish choosing collection set old regions. Initial: 4, optional: 0, predicted old time: 0.00ms, predicted optional time: 0.00ms, time remaining: 41.88
[2024-10-12T07:55:44.239+0800][debug][gc,ergo,cset] GC(557) Pruned 24 regions out of 42, leaving 16874360 bytes waste (allowed 17448304)
[2024-10-12T07:55:44.382+0800][debug][gc,ergo,cset] Preventive GC, insufficient free regions. Predicted need 4. Curr Eden 2 (Pred 3). Curr Survivor 1 (Pred 1). Curr Old 52 (Pred 0) Free 4 Alloc 1
[2024-10-12T07:55:44.445+0800][debug][gc,ergo,cset] Preventive GC, insufficient free regions. Predicted need 4. Curr Eden 1 (Pred 2). Curr Survivor 1 (Pred 1). Curr Old 54 (Pred 1) Free 3 Alloc 1
[2024-10-12T07:55:44.445+0800][debug][gc,ergo,cset] GC(559) Start adding old regions to collection set. Min 3 regions, max 7 regions, time remaining 47.62ms, optional threshold 9.52ms
[2024-10-12T07:55:44.445+0800][debug][gc,ergo,cset] GC(559) Finish adding old regions to collection set (Maximum number of regions). Initial 7 regions, optional 0 regions
[2024-10-12T07:55:44.445+0800][debug][gc,ergo,cset] GC(559) Finish choosing collection set old regions. Initial: 7, optional: 0, predicted old time: 0.00ms, predicted optional time: 0.00ms, time remaining: 45.77
[2024-10-12T07:55:44.551+0800][debug][gc,ergo,cset] Preventive GC, insufficient free regions. Predicted need 6. Curr Eden 2 (Pred 3). Curr Survivor 1 (Pred 1). Curr Old 51 (Pred 2) Free 5 Alloc 1
[2024-10-12T07:55:44.551+0800][debug][gc,ergo,cset] GC(560) Start adding old regions to collection set. Min 3 regions, max 7 regions, time remaining 46.65ms, optional threshold 9.33ms
[2024-10-12T07:55:44.551+0800][debug][gc,ergo,cset] GC(560) Finish adding old regions to collection set (Maximum number of regions). Initial 7 regions, optional 0 regions
[2024-10-12T07:55:44.551+0800][debug][gc,ergo,cset] GC(560) Finish choosing collection set old regions. Initial: 7, optional: 0, predicted old time: 0.00ms, predicted optional time: 0.00ms, time remaining: 43.16
[2024-10-12T07:55:44.621+0800][debug][gc,ergo,cset] Preventive GC, insufficient free regions. Predicted need 5. Curr Eden 1 (Pred 2). Curr Survivor 1 (Pred 1). Curr Old 54 (Pred 2) Free 3 Alloc 1
[2024-10-12T07:55:44.621+0800][debug][gc,ergo,cset] GC(561) Start adding old regions to collection set. Min 3 regions, max 7 regions, time remaining 47.67ms, optional threshold 9.53ms
[2024-10-12T07:55:44.621+0800][debug][gc,ergo,cset] GC(561) Old candidate collection set empty.
[2024-10-12T07:55:44.621+0800][debug][gc,ergo,cset] GC(561) Finish choosing collection set old regions. Initial: 4, optional: 0, predicted old time: 0.00ms, predicted optional time: 0.00ms, time remaining: 45.17
[2024-10-12T07:55:44.665+0800][debug][gc,ergo,cset] Preventive GC, insufficient free regions. Predicted need 3. Curr Eden 1 (Pred 2). Curr Survivor 1 (Pred 1). Curr Old 55 (Pred 0) Free 2 Alloc 1
[2024-10-12T07:55:44.677+0800][debug][gc,ergo,cset] GC(563) Pruned 22 regions out of 45, leaving 16648768 bytes waste (allowed 17448304)
[2024-10-12T07:55:44.779+0800][debug][gc,ergo,cset] Preventive GC, insufficient free regions. Predicted need 3. Curr Eden 1 (Pred 2). Curr Survivor 1 (Pred 1). Curr Old 55 (Pred 0) Free 2 Alloc 1
[2024-10-12T07:55:44.823+0800][debug][gc,ergo,cset] Preventive GC, insufficient free regions. Predicted need 4. Curr Eden 1 (Pred 2). Curr Survivor 1 (Pred 1). Curr Old 56 (Pred 1) Free 1 Alloc 1
[2024-10-12T07:55:44.824+0800][debug][gc,ergo,cset] GC(565) Start adding old regions to collection set. Min 3 regions, max 7 regions, time remaining 47.74ms, optional threshold 9.55ms
[2024-10-12T07:55:44.824+0800][debug][gc,ergo,cset] GC(565) Finish adding old regions to collection set (Maximum number of regions). Initial 7 regions, optional 0 regions
[2024-10-12T07:55:44.824+0800][debug][gc,ergo,cset] GC(565) Finish choosing collection set old regions. Initial: 7, optional: 0, predicted old time: 0.00ms, predicted optional time: 0.00ms, time remaining: 46.24
[2024-10-12T07:55:44.867+0800][debug][gc,ergo,cset] Preventive GC, insufficient free regions. Predicted need 4. Curr Eden 1 (Pred 2). Curr Survivor 1 (Pred 1). Curr Old 56 (Pred 1) Free 1 Alloc 1
[2024-10-12T07:55:44.867+0800][debug][gc,ergo,cset] GC(566) Start adding old regions to collection set. Min 3 regions, max 7 regions, time remaining 47.73ms, optional threshold 9.55ms
[2024-10-12T07:55:44.867+0800][debug][gc,ergo,cset] GC(566) Finish adding old regions to collection set (Maximum number of regions). Initial 7 regions, optional 0 regions
[2024-10-12T07:55:44.867+0800][debug][gc,ergo,cset] GC(566) Finish choosing collection set old regions. Initial: 7, optional: 0, predicted old time: 0.00ms, predicted optional time: 0.00ms, time remaining: 44.70
[2024-10-12T07:55:44.869+0800][debug][gc,ergo,cset] GC(567) Start adding old regions to collection set. Min 3 regions, max 7 regions, time remaining 49.39ms, optional threshold 9.88ms
[2024-10-12T07:55:44.869+0800][debug][gc,ergo,cset] GC(567) Finish adding old regions to collection set (Maximum number of regions). Initial 7 regions, optional 0 regions
[2024-10-12T07:55:44.869+0800][debug][gc,ergo,cset] GC(567) Finish choosing collection set old regions. Initial: 7, optional: 0, predicted old time: 0.00ms, predicted optional time: 0.00ms, time remaining: 45.35
[2024-10-12T07:55:44.932+0800][debug][gc,ergo,cset] GC(568) Start adding old regions to collection set. Min 3 regions, max 7 regions, time remaining 47.69ms, optional threshold 9.54ms
[2024-10-12T07:55:44.932+0800][debug][gc,ergo,cset] GC(568) Old candidate collection set empty.
[2024-10-12T07:55:44.932+0800][debug][gc,ergo,cset] GC(568) Finish choosing collection set old regions. Initial: 2, optional: 0, predicted old time: 0.00ms, predicted optional time: 0.00ms, time remaining: 46.49
[2024-10-12T07:55:45.554+0800][debug][gc,ergo,cset] GC(575) Pruned 27 regions out of 36, leaving 19491600 bytes waste (allowed 20132659)
[2024-10-12T07:55:45.800+0800][debug][gc,ergo,cset] GC(577) Start adding old regions to collection set. Min 2 regions, max 7 regions, time remaining 48.35ms, optional threshold 9.67ms
[2024-10-12T07:55:45.800+0800][debug][gc,ergo,cset] GC(577) Finish adding old regions to collection set (Maximum number of regions). Initial 7 regions, optional 0 regions
[2024-10-12T07:55:45.800+0800][debug][gc,ergo,cset] GC(577) Finish choosing collection set old regions. Initial: 7, optional: 0, predicted old time: 0.00ms, predicted optional time: 0.00ms, time remaining: 46.94
[2024-10-12T07:55:45.905+0800][debug][gc,ergo,cset] GC(578) Start adding old regions to collection set. Min 2 regions, max 7 regions, time remaining 48.42ms, optional threshold 9.68ms
[2024-10-12T07:55:45.905+0800][debug][gc,ergo,cset] GC(578) Old candidate collection set empty.
[2024-10-12T07:55:45.905+0800][debug][gc,ergo,cset] GC(578) Finish choosing collection set old regions. Initial: 2, optional: 0, predicted old time: 0.00ms, predicted optional time: 0.00ms, time remaining: 47.93
[2024-10-12T07:55:46.125+0800][debug][gc,ergo,cset] GC(581) Pruned 24 regions out of 41, leaving 17380568 bytes waste (allowed 17448304)
[2024-10-12T07:55:46.268+0800][debug][gc,ergo,cset] Preventive GC, insufficient free regions. Predicted need 4. Curr Eden 2 (Pred 3). Curr Survivor 1 (Pred 1). Curr Old 52 (Pred 0) Free 4 Alloc 1
[2024-10-12T07:55:46.331+0800][debug][gc,ergo,cset] Preventive GC, insufficient free regions. Predicted need 4. Curr Eden 1 (Pred 2). Curr Survivor 1 (Pred 1). Curr Old 54 (Pred 1) Free 3 Alloc 1
[2024-10-12T07:55:46.331+0800][debug][gc,ergo,cset] GC(583) Start adding old regions to collection set. Min 3 regions, max 7 regions, time remaining 48.93ms, optional threshold 9.79ms
[2024-10-12T07:55:46.331+0800][debug][gc,ergo,cset] GC(583) Finish adding old regions to collection set (Maximum number of regions). Initial 7 regions, optional 0 regions
[2024-10-12T07:55:46.331+0800][debug][gc,ergo,cset] GC(583) Finish choosing collection set old regions. Initial: 7, optional: 0, predicted old time: 0.00ms, predicted optional time: 0.00ms, time remaining: 47.90
[2024-10-12T07:55:46.436+0800][debug][gc,ergo,cset] Preventive GC, insufficient free regions. Predicted need 5. Curr Eden 2 (Pred 3). Curr Survivor 1 (Pred 1). Curr Old 52 (Pred 1) Free 4 Alloc 1
[2024-10-12T07:55:46.436+0800][debug][gc,ergo,cset] GC(584) Start adding old regions to collection set. Min 3 regions, max 7 regions, time remaining 48.58ms, optional threshold 9.72ms
[2024-10-12T07:55:46.436+0800][debug][gc,ergo,cset] GC(584) Finish adding old regions to collection set (Maximum number of regions). Initial 7 regions, optional 0 regions
[2024-10-12T07:55:46.436+0800][debug][gc,ergo,cset] GC(584) Finish choosing collection set old regions. Initial: 7, optional: 0, predicted old time: 0.00ms, predicted optional time: 0.00ms, time remaining: 47.04
[2024-10-12T07:55:46.500+0800][debug][gc,ergo,cset] Preventive GC, insufficient free regions. Predicted need 5. Curr Eden 1 (Pred 2). Curr Survivor 1 (Pred 1). Curr Old 56 (Pred 2) Free 1 Alloc 1
[2024-10-12T07:55:46.501+0800][debug][gc,ergo,cset] GC(585) Start adding old regions to collection set. Min 3 regions, max 7 regions, time remaining 48.92ms, optional threshold 9.78ms
[2024-10-12T07:55:46.501+0800][debug][gc,ergo,cset] GC(585) Old candidate collection set empty.
[2024-10-12T07:55:46.501+0800][debug][gc,ergo,cset] GC(585) Finish choosing collection set old regions. Initial: 3, optional: 0, predicted old time: 0.00ms, predicted optional time: 0.00ms, time remaining: 48.21
[2024-10-12T07:55:47.114+0800][debug][gc,ergo,cset] GC(593) Pruned 26 regions out of 38, leaving 17366600 bytes waste (allowed 17448304)
[2024-10-12T07:55:47.361+0800][debug][gc,ergo,cset] Preventive GC, insufficient free regions. Predicted need 5. Curr Eden 2 (Pred 4). Curr Survivor 1 (Pred 1). Curr Old 51 (Pred 1) Free 5 Alloc 1
[2024-10-12T07:55:47.361+0800][debug][gc,ergo,cset] GC(595) Start adding old regions to collection set. Min 2 regions, max 7 regions, time remaining 48.70ms, optional threshold 9.74ms
[2024-10-12T07:55:47.361+0800][debug][gc,ergo,cset] GC(595) Finish adding old regions to collection set (Maximum number of regions). Initial 7 regions, optional 0 regions
[2024-10-12T07:55:47.361+0800][debug][gc,ergo,cset] GC(595) Finish choosing collection set old regions. Initial: 7, optional: 0, predicted old time: 0.00ms, predicted optional time: 0.00ms, time remaining: 47.67
[2024-10-12T07:55:47.468+0800][debug][gc,ergo,cset] GC(596) Start adding old regions to collection set. Min 2 regions, max 7 regions, time remaining 47.91ms, optional threshold 9.58ms
[2024-10-12T07:55:47.468+0800][debug][gc,ergo,cset] GC(596) Old candidate collection set empty.
[2024-10-12T07:55:47.468+0800][debug][gc,ergo,cset] GC(596) Finish choosing collection set old regions. Initial: 5, optional: 0, predicted old time: 0.00ms, predicted optional time: 0.00ms, time remaining: 46.27
[2024-10-12T07:55:47.792+0800][debug][gc,ergo,cset] GC(600) Pruned 25 regions out of 43, leaving 16856560 bytes waste (allowed 17448304)
[2024-10-12T07:55:47.935+0800][debug][gc,ergo,cset] Preventive GC, insufficient free regions. Predicted need 4. Curr Eden 2 (Pred 3). Curr Survivor 1 (Pred 1). Curr Old 52 (Pred 0) Free 4 Alloc 1
[2024-10-12T07:55:47.998+0800][debug][gc,ergo,cset] Preventive GC, insufficient free regions. Predicted need 4. Curr Eden 1 (Pred 2). Curr Survivor 1 (Pred 1). Curr Old 54 (Pred 1) Free 3 Alloc 1
[2024-10-12T07:55:47.999+0800][debug][gc,ergo,cset] GC(602) Start adding old regions to collection set. Min 3 regions, max 7 regions, time remaining 48.90ms, optional threshold 9.78ms
[2024-10-12T07:55:47.999+0800][debug][gc,ergo,cset] GC(602) Finish adding old regions to collection set (Maximum number of regions). Initial 7 regions, optional 0 regions
[2024-10-12T07:55:47.999+0800][debug][gc,ergo,cset] GC(602) Finish choosing collection set old regions. Initial: 7, optional: 0, predicted old time: 0.00ms, predicted optional time: 0.00ms, time remaining: 47.97
[2024-10-12T07:55:48.103+0800][debug][gc,ergo,cset] Preventive GC, insufficient free regions. Predicted need 6. Curr Eden 2 (Pred 3). Curr Survivor 1 (Pred 1). Curr Old 51 (Pred 2) Free 5 Alloc 1
[2024-10-12T07:55:48.103+0800][debug][gc,ergo,cset] GC(603) Start adding old regions to collection set. Min 3 regions, max 7 regions, time remaining 48.53ms, optional threshold 9.71ms
[2024-10-12T07:55:48.103+0800][debug][gc,ergo,cset] GC(603) Finish adding old regions to collection set (Maximum number of regions). Initial 7 regions, optional 0 regions
[2024-10-12T07:55:48.103+0800][debug][gc,ergo,cset] GC(603) Finish choosing collection set old regions. Initial: 7, optional: 0, predicted old time: 0.00ms, predicted optional time: 0.00ms, time remaining: 47.14
[2024-10-12T07:55:48.208+0800][debug][gc,ergo,cset] Preventive GC, insufficient free regions. Predicted need 6. Curr Eden 2 (Pred 3). Curr Survivor 1 (Pred 1). Curr Old 51 (Pred 2) Free 5 Alloc 1
[2024-10-12T07:55:48.208+0800][debug][gc,ergo,cset] GC(604) Start adding old regions to collection set. Min 3 regions, max 7 regions, time remaining 48.56ms, optional threshold 9.71ms
[2024-10-12T07:55:48.208+0800][debug][gc,ergo,cset] GC(604) Old candidate collection set empty.
[2024-10-12T07:55:48.208+0800][debug][gc,ergo,cset] GC(604) Finish choosing collection set old regions. Initial: 4, optional: 0, predicted old time: 0.00ms, predicted optional time: 0.00ms, time remaining: 47.42
[2024-10-12T07:55:48.313+0800][debug][gc,ergo,cset] Preventive GC, insufficient free regions. Predicted need 4. Curr Eden 2 (Pred 3). Curr Survivor 1 (Pred 1). Curr Old 53 (Pred 0) Free 3 Alloc 1
[2024-10-12T07:55:48.326+0800][debug][gc,ergo,cset] GC(606) Pruned 24 regions out of 41, leaving 17105344 bytes waste (allowed 17448304)
[2024-10-12T07:55:48.468+0800][debug][gc,ergo,cset] Preventive GC, insufficient free regions. Predicted need 4. Curr Eden 2 (Pred 3). Curr Survivor 1 (Pred 1). Curr Old 53 (Pred 0) Free 3 Alloc 1
[2024-10-12T07:55:48.531+0800][debug][gc,ergo,cset] Preventive GC, insufficient free regions. Predicted need 4. Curr Eden 1 (Pred 2). Curr Survivor 1 (Pred 1). Curr Old 55 (Pred 1) Free 2 Alloc 1
[2024-10-12T07:55:48.531+0800][debug][gc,ergo,cset] GC(608) Start adding old regions to collection set. Min 3 regions, max 7 regions, time remaining 48.94ms, optional threshold 9.79ms
[2024-10-12T07:55:48.531+0800][debug][gc,ergo,cset] GC(608) Finish adding old regions to collection set (Maximum number of regions). Initial 7 regions, optional 0 regions
[2024-10-12T07:55:48.531+0800][debug][gc,ergo,cset] GC(608) Finish choosing collection set old regions. Initial: 7, optional: 0, predicted old time: 0.00ms, predicted optional time: 0.00ms, time remaining: 48.25
[2024-10-12T07:55:48.574+0800][debug][gc,ergo,cset] Preventive GC, insufficient free regions. Predicted need 4. Curr Eden 1 (Pred 2). Curr Survivor 1 (Pred 1). Curr Old 55 (Pred 1) Free 2 Alloc 1
[2024-10-12T07:55:48.574+0800][debug][gc,ergo,cset] GC(609) Start adding old regions to collection set. Min 3 regions, max 7 regions, time remaining 48.92ms, optional threshold 9.78ms
[2024-10-12T07:55:48.574+0800][debug][gc,ergo,cset] GC(609) Finish adding old regions to collection set (Maximum number of regions). Initial 7 regions, optional 0 regions
[2024-10-12T07:55:48.574+0800][debug][gc,ergo,cset] GC(609) Finish choosing collection set old regions. Initial: 7, optional: 0, predicted old time: 0.00ms, predicted optional time: 0.00ms, time remaining: 47.81
[2024-10-12T07:55:48.636+0800][debug][gc,ergo,cset] Preventive GC, insufficient free regions. Predicted need 5. Curr Eden 1 (Pred 2). Curr Survivor 1 (Pred 1). Curr Old 56 (Pred 2) Free 1 Alloc 1
[2024-10-12T07:55:48.637+0800][debug][gc,ergo,cset] GC(610) Start adding old regions to collection set. Min 3 regions, max 7 regions, time remaining 48.91ms, optional threshold 9.78ms
[2024-10-12T07:55:48.637+0800][debug][gc,ergo,cset] GC(610) Old candidate collection set empty.
[2024-10-12T07:55:48.637+0800][debug][gc,ergo,cset] GC(610) Finish choosing collection set old regions. Initial: 3, optional: 0, predicted old time: 0.00ms, predicted optional time: 0.00ms, time remaining: 48.30
[2024-10-12T07:55:49.352+0800][debug][gc,ergo,cset] GC(619) Pruned 26 regions out of 38, leaving 17167776 bytes waste (allowed 17448304)
[2024-10-12T07:55:49.600+0800][debug][gc,ergo,cset] Preventive GC, insufficient free regions. Predicted need 5. Curr Eden 2 (Pred 3). Curr Survivor 1 (Pred 1). Curr Old 51 (Pred 1) Free 5 Alloc 1
[2024-10-12T07:55:49.600+0800][debug][gc,ergo,cset] GC(621) Start adding old regions to collection set. Min 2 regions, max 7 regions, time remaining 48.76ms, optional threshold 9.75ms
[2024-10-12T07:55:49.600+0800][debug][gc,ergo,cset] GC(621) Finish adding old regions to collection set (Maximum number of regions). Initial 7 regions, optional 0 regions
[2024-10-12T07:55:49.600+0800][debug][gc,ergo,cset] GC(621) Finish choosing collection set old regions. Initial: 7, optional: 0, predicted old time: 0.00ms, predicted optional time: 0.00ms, time remaining: 47.93
[2024-10-12T07:55:49.706+0800][debug][gc,ergo,cset] GC(622) Start adding old regions to collection set. Min 2 regions, max 7 regions, time remaining 47.93ms, optional threshold 9.59ms
[2024-10-12T07:55:49.706+0800][debug][gc,ergo,cset] GC(622) Old candidate collection set empty.
[2024-10-12T07:55:49.707+0800][debug][gc,ergo,cset] GC(622) Finish choosing collection set old regions. Initial: 5, optional: 0, predicted old time: 0.00ms, predicted optional time: 0.00ms, time remaining: 46.35
[2024-10-12T07:55:50.030+0800][debug][gc,ergo,cset] GC(626) Pruned 26 regions out of 43, leaving 16855776 bytes waste (allowed 17448304)
[2024-10-12T07:55:50.174+0800][debug][gc,ergo,cset] Preventive GC, insufficient free regions. Predicted need 4. Curr Eden 2 (Pred 3). Curr Survivor 1 (Pred 1). Curr Old 52 (Pred 0) Free 4 Alloc 1
[2024-10-12T07:55:50.237+0800][debug][gc,ergo,cset] Preventive GC, insufficient free regions. Predicted need 4. Curr Eden 1 (Pred 2). Curr Survivor 1 (Pred 1). Curr Old 54 (Pred 1) Free 3 Alloc 1
[2024-10-12T07:55:50.237+0800][debug][gc,ergo,cset] GC(628) Start adding old regions to collection set. Min 3 regions, max 7 regions, time remaining 48.91ms, optional threshold 9.78ms
[2024-10-12T07:55:50.237+0800][debug][gc,ergo,cset] GC(628) Finish adding old regions to collection set (Maximum number of regions). Initial 7 regions, optional 0 regions
[2024-10-12T07:55:50.237+0800][debug][gc,ergo,cset] GC(628) Finish choosing collection set old regions. Initial: 7, optional: 0, predicted old time: 0.00ms, predicted optional time: 0.00ms, time remaining: 48.15
[2024-10-12T07:55:50.342+0800][debug][gc,ergo,cset] GC(629) Start adding old regions to collection set. Min 3 regions, max 7 regions, time remaining 48.62ms, optional threshold 9.72ms
[2024-10-12T07:55:50.342+0800][debug][gc,ergo,cset] GC(629) Finish adding old regions to collection set (Maximum number of regions). Initial 7 regions, optional 0 regions
[2024-10-12T07:55:50.342+0800][debug][gc,ergo,cset] GC(629) Finish choosing collection set old regions. Initial: 7, optional: 0, predicted old time: 0.00ms, predicted optional time: 0.00ms, time remaining: 47.41
[2024-10-12T07:55:50.446+0800][debug][gc,ergo,cset] GC(630) Start adding old regions to collection set. Min 3 regions, max 7 regions, time remaining 48.64ms, optional threshold 9.73ms
[2024-10-12T07:55:50.446+0800][debug][gc,ergo,cset] GC(630) Old candidate collection set empty.
[2024-10-12T07:55:50.446+0800][debug][gc,ergo,cset] GC(630) Finish choosing collection set old regions. Initial: 3, optional: 0, predicted old time: 0.00ms, predicted optional time: 0.00ms, time remaining: 47.99
[2024-10-12T07:55:50.666+0800][debug][gc,ergo,cset] GC(633) Pruned 23 regions out of 40, leaving 16936936 bytes waste (allowed 17448304)
[2024-10-12T07:55:50.872+0800][debug][gc,ergo,cset] Preventive GC, insufficient free regions. Predicted need 4. Curr Eden 1 (Pred 2). Curr Survivor 1 (Pred 1). Curr Old 53 (Pred 1) Free 4 Alloc 1
[2024-10-12T07:55:50.873+0800][debug][gc,ergo,cset] GC(635) Start adding old regions to collection set. Min 3 regions, max 7 regions, time remaining 48.98ms, optional threshold 9.80ms
[2024-10-12T07:55:50.873+0800][debug][gc,ergo,cset] GC(635) Finish adding old regions to collection set (Maximum number of regions). Initial 7 regions, optional 0 regions
[2024-10-12T07:55:50.873+0800][debug][gc,ergo,cset] GC(635) Finish choosing collection set old regions. Initial: 7, optional: 0, predicted old time: 0.00ms, predicted optional time: 0.00ms, time remaining: 47.97
[2024-10-12T07:55:50.977+0800][debug][gc,ergo,cset] GC(636) Start adding old regions to collection set. Min 3 regions, max 7 regions, time remaining 48.65ms, optional threshold 9.73ms
[2024-10-12T07:55:50.977+0800][debug][gc,ergo,cset] GC(636) Finish adding old regions to collection set (Maximum number of regions). Initial 7 regions, optional 0 regions
[2024-10-12T07:55:50.977+0800][debug][gc,ergo,cset] GC(636) Finish choosing collection set old regions. Initial: 7, optional: 0, predicted old time: 0.00ms, predicted optional time: 0.00ms, time remaining: 47.06
[2024-10-12T07:55:51.083+0800][debug][gc,ergo,cset] GC(637) Start adding old regions to collection set. Min 3 regions, max 7 regions, time remaining 48.63ms, optional threshold 9.73ms
[2024-10-12T07:55:51.083+0800][debug][gc,ergo,cset] GC(637) Old candidate collection set empty.
[2024-10-12T07:55:51.083+0800][debug][gc,ergo,cset] GC(637) Finish choosing collection set old regions. Initial: 3, optional: 0, predicted old time: 0.00ms, predicted optional time: 0.00ms, time remaining: 47.96
[2024-10-12T07:55:51.406+0800][debug][gc,ergo,cset] GC(641) Pruned 21 regions out of 39, leaving 16694304 bytes waste (allowed 17448304)
[2024-10-12T07:55:51.612+0800][debug][gc,ergo,cset] Preventive GC, insufficient free regions. Predicted need 4. Curr Eden 1 (Pred 2). Curr Survivor 1 (Pred 1). Curr Old 53 (Pred 1) Free 4 Alloc 1
[2024-10-12T07:55:51.612+0800][debug][gc,ergo,cset] GC(643) Start adding old regions to collection set. Min 3 regions, max 7 regions, time remaining 49.04ms, optional threshold 9.81ms
[2024-10-12T07:55:51.612+0800][debug][gc,ergo,cset] GC(643) Finish adding old regions to collection set (Maximum number of regions). Initial 7 regions, optional 0 regions
[2024-10-12T07:55:51.612+0800][debug][gc,ergo,cset] GC(643) Finish choosing collection set old regions. Initial: 7, optional: 0, predicted old time: 0.00ms, predicted optional time: 0.00ms, time remaining: 48.18
[2024-10-12T07:55:51.655+0800][debug][gc,ergo,cset] Preventive GC, insufficient free regions. Predicted need 6. Curr Eden 2 (Pred 3). Curr Survivor 1 (Pred 1). Curr Old 50 (Pred 2) Free 6 Alloc 1
[2024-10-12T07:55:51.656+0800][debug][gc,ergo,cset] GC(644) Start adding old regions to collection set. Min 3 regions, max 7 regions, time remaining 48.77ms, optional threshold 9.75ms
[2024-10-12T07:55:51.656+0800][debug][gc,ergo,cset] GC(644) Finish adding old regions to collection set (Maximum number of regions). Initial 7 regions, optional 0 regions
[2024-10-12T07:55:51.656+0800][debug][gc,ergo,cset] GC(644) Finish choosing collection set old regions. Initial: 7, optional: 0, predicted old time: 0.00ms, predicted optional time: 0.00ms, time remaining: 47.51
[2024-10-12T07:55:51.782+0800][debug][gc,ergo,cset] GC(645) Start adding old regions to collection set. Min 3 regions, max 7 regions, time remaining 48.74ms, optional threshold 9.75ms
[2024-10-12T07:55:51.782+0800][debug][gc,ergo,cset] GC(645) Old candidate collection set empty.
[2024-10-12T07:55:51.782+0800][debug][gc,ergo,cset] GC(645) Finish choosing collection set old regions. Initial: 4, optional: 0, predicted old time: 0.00ms, predicted optional time: 0.00ms, time remaining: 47.92
[2024-10-12T07:55:52.002+0800][debug][gc,ergo,cset] GC(648) Pruned 22 regions out of 39, leaving 16652960 bytes waste (allowed 17448304)
[2024-10-12T07:55:52.249+0800][debug][gc,ergo,cset] Preventive GC, insufficient free regions. Predicted need 5. Curr Eden 2 (Pred 3). Curr Survivor 1 (Pred 1). Curr Old 52 (Pred 1) Free 4 Alloc 1
[2024-10-12T07:55:52.249+0800][debug][gc,ergo,cset] GC(650) Start adding old regions to collection set. Min 3 regions, max 7 regions, time remaining 48.77ms, optional threshold 9.75ms
[2024-10-12T07:55:52.249+0800][debug][gc,ergo,cset] GC(650) Finish adding old regions to collection set (Maximum number of regions). Initial 7 regions, optional 0 regions
[2024-10-12T07:55:52.249+0800][debug][gc,ergo,cset] GC(650) Finish choosing collection set old regions. Initial: 7, optional: 0, predicted old time: 0.00ms, predicted optional time: 0.00ms, time remaining: 47.99
[2024-10-12T07:55:52.312+0800][debug][gc,ergo,cset] Preventive GC, insufficient free regions. Predicted need 5. Curr Eden 1 (Pred 2). Curr Survivor 1 (Pred 1). Curr Old 54 (Pred 2) Free 3 Alloc 1
[2024-10-12T07:55:52.312+0800][debug][gc,ergo,cset] GC(651) Start adding old regions to collection set. Min 3 regions, max 7 regions, time remaining 49.04ms, optional threshold 9.81ms
[2024-10-12T07:55:52.312+0800][debug][gc,ergo,cset] GC(651) Finish adding old regions to collection set (Maximum number of regions). Initial 7 regions, optional 0 regions
[2024-10-12T07:55:52.313+0800][debug][gc,ergo,cset] GC(651) Finish choosing collection set old regions. Initial: 7, optional: 0, predicted old time: 0.00ms, predicted optional time: 0.00ms, time remaining: 47.86
[2024-10-12T07:55:52.356+0800][debug][gc,ergo,cset] GC(652) Start adding old regions to collection set. Min 3 regions, max 7 regions, time remaining 49.02ms, optional threshold 9.80ms
[2024-10-12T07:55:52.356+0800][debug][gc,ergo,cset] GC(652) Old candidate collection set empty.
[2024-10-12T07:55:52.356+0800][debug][gc,ergo,cset] GC(652) Finish choosing collection set old regions. Initial: 3, optional: 0, predicted old time: 0.00ms, predicted optional time: 0.00ms, time remaining: 48.39
[2024-10-12T07:55:53.024+0800][debug][gc,ergo,cset] GC(659) Pruned 25 regions out of 40, leaving 16655856 bytes waste (allowed 17448304)
[2024-10-12T07:55:53.273+0800][debug][gc,ergo,cset] Preventive GC, insufficient free regions. Predicted need 5. Curr Eden 2 (Pred 3). Curr Survivor 1 (Pred 1). Curr Old 51 (Pred 1) Free 5 Alloc 1
[2024-10-12T07:55:53.274+0800][debug][gc,ergo,cset] GC(661) Start adding old regions to collection set. Min 2 regions, max 7 regions, time remaining 46.34ms, optional threshold 9.27ms
[2024-10-12T07:55:53.274+0800][debug][gc,ergo,cset] GC(661) Finish adding old regions to collection set (Maximum number of regions). Initial 7 regions, optional 0 regions
[2024-10-12T07:55:53.274+0800][debug][gc,ergo,cset] GC(661) Finish choosing collection set old regions. Initial: 7, optional: 0, predicted old time: 0.00ms, predicted optional time: 0.00ms, time remaining: 43.38
[2024-10-12T07:55:53.386+0800][debug][gc,ergo,cset] GC(662) Start adding old regions to collection set. Min 2 regions, max 7 regions, time remaining 45.82ms, optional threshold 9.16ms
[2024-10-12T07:55:53.386+0800][debug][gc,ergo,cset] GC(662) Finish adding old regions to collection set (Maximum number of regions). Initial 7 regions, optional 0 regions
[2024-10-12T07:55:53.386+0800][debug][gc,ergo,cset] GC(662) Finish choosing collection set old regions. Initial: 7, optional: 0, predicted old time: 0.00ms, predicted optional time: 0.00ms, time remaining: 40.86
[2024-10-12T07:55:53.500+0800][debug][gc,ergo,cset] GC(663) Start adding old regions to collection set. Min 2 regions, max 7 regions, time remaining 45.45ms, optional threshold 9.09ms
[2024-10-12T07:55:53.500+0800][debug][gc,ergo,cset] GC(663) Old candidate collection set empty.
[2024-10-12T07:55:53.500+0800][debug][gc,ergo,cset] GC(663) Finish choosing collection set old regions. Initial: 1, optional: 0, predicted old time: 0.00ms, predicted optional time: 0.00ms, time remaining: 44.56
[2024-10-12T07:55:53.726+0800][debug][gc,ergo,cset] GC(666) Pruned 23 regions out of 40, leaving 16419760 bytes waste (allowed 17448304)
[2024-10-12T07:55:53.869+0800][debug][gc,ergo,cset] Preventive GC, insufficient free regions. Predicted need 4. Curr Eden 2 (Pred 3). Curr Survivor 1 (Pred 1). Curr Old 53 (Pred 0) Free 3 Alloc 1
[2024-10-12T07:55:53.932+0800][debug][gc,ergo,cset] Preventive GC, insufficient free regions. Predicted need 4. Curr Eden 1 (Pred 2). Curr Survivor 1 (Pred 1). Curr Old 55 (Pred 1) Free 2 Alloc 1
[2024-10-12T07:55:53.932+0800][debug][gc,ergo,cset] GC(668) Start adding old regions to collection set. Min 3 regions, max 7 regions, time remaining 47.89ms, optional threshold 9.58ms
[2024-10-12T07:55:53.932+0800][debug][gc,ergo,cset] GC(668) Finish adding old regions to collection set (Maximum number of regions). Initial 7 regions, optional 0 regions
[2024-10-12T07:55:53.932+0800][debug][gc,ergo,cset] GC(668) Finish choosing collection set old regions. Initial: 7, optional: 0, predicted old time: 0.00ms, predicted optional time: 0.00ms, time remaining: 46.38
[2024-10-12T07:55:53.977+0800][debug][gc,ergo,cset] Preventive GC, insufficient free regions. Predicted need 4. Curr Eden 1 (Pred 2). Curr Survivor 1 (Pred 1). Curr Old 54 (Pred 1) Free 3 Alloc 1
[2024-10-12T07:55:53.977+0800][debug][gc,ergo,cset] GC(669) Start adding old regions to collection set. Min 3 regions, max 7 regions, time remaining 47.84ms, optional threshold 9.57ms
[2024-10-12T07:55:53.977+0800][debug][gc,ergo,cset] GC(669) Finish adding old regions to collection set (Maximum number of regions). Initial 7 regions, optional 0 regions
[2024-10-12T07:55:53.977+0800][debug][gc,ergo,cset] GC(669) Finish choosing collection set old regions. Initial: 7, optional: 0, predicted old time: 0.00ms, predicted optional time: 0.00ms, time remaining: 44.89
[2024-10-12T07:55:54.003+0800][debug][gc,ergo,cset] Preventive GC, insufficient free regions. Predicted need 5. Curr Eden 1 (Pred 2). Curr Survivor 1 (Pred 1). Curr Old 55 (Pred 2) Free 2 Alloc 1
[2024-10-12T07:55:54.003+0800][debug][gc,ergo,cset] GC(670) Start adding old regions to collection set. Min 3 regions, max 7 regions, time remaining 47.83ms, optional threshold 9.57ms
[2024-10-12T07:55:54.003+0800][debug][gc,ergo,cset] GC(670) Old candidate collection set empty.
[2024-10-12T07:55:54.003+0800][debug][gc,ergo,cset] GC(670) Finish choosing collection set old regions. Initial: 3, optional: 0, predicted old time: 0.00ms, predicted optional time: 0.00ms, time remaining: 46.35
[2024-10-12T07:55:54.016+0800][debug][gc,ergo,cset] GC(672) Pruned 24 regions out of 48, leaving 16677168 bytes waste (allowed 17448304)
[2024-10-12T07:55:54.821+0800][debug][gc,ergo,cset] GC(680) Pruned 26 regions out of 35, leaving 19440848 bytes waste (allowed 20132659)
[2024-10-12T07:55:55.067+0800][debug][gc,ergo,cset] Preventive GC, insufficient free regions. Predicted need 5. Curr Eden 2 (Pred 3). Curr Survivor 1 (Pred 1). Curr Old 51 (Pred 1) Free 5 Alloc 1
[2024-10-12T07:55:55.068+0800][debug][gc,ergo,cset] GC(682) Start adding old regions to collection set. Min 2 regions, max 7 regions, time remaining 48.31ms, optional threshold 9.66ms
[2024-10-12T07:55:55.068+0800][debug][gc,ergo,cset] GC(682) Finish adding old regions to collection set (Maximum number of regions). Initial 7 regions, optional 0 regions
[2024-10-12T07:55:55.068+0800][debug][gc,ergo,cset] GC(682) Finish choosing collection set old regions. Initial: 7, optional: 0, predicted old time: 0.00ms, predicted optional time: 0.00ms, time remaining: 47.11
[2024-10-12T07:55:55.172+0800][debug][gc,ergo,cset] GC(683) Start adding old regions to collection set. Min 2 regions, max 7 regions, time remaining 48.39ms, optional threshold 9.68ms
[2024-10-12T07:55:55.172+0800][debug][gc,ergo,cset] GC(683) Old candidate collection set empty.
[2024-10-12T07:55:55.172+0800][debug][gc,ergo,cset] GC(683) Finish choosing collection set old regions. Initial: 2, optional: 0, predicted old time: 0.00ms, predicted optional time: 0.00ms, time remaining: 47.89
[2024-10-12T07:55:55.394+0800][debug][gc,ergo,cset] GC(686) Pruned 24 regions out of 43, leaving 17351968 bytes waste (allowed 17448304)
[2024-10-12T07:55:55.537+0800][debug][gc,ergo,cset] Preventive GC, insufficient free regions. Predicted need 4. Curr Eden 2 (Pred 3). Curr Survivor 1 (Pred 1). Curr Old 52 (Pred 0) Free 4 Alloc 1
[2024-10-12T07:55:55.600+0800][debug][gc,ergo,cset] Preventive GC, insufficient free regions. Predicted need 4. Curr Eden 1 (Pred 2). Curr Survivor 1 (Pred 1). Curr Old 54 (Pred 1) Free 3 Alloc 1
[2024-10-12T07:55:55.600+0800][debug][gc,ergo,cset] GC(688) Start adding old regions to collection set. Min 3 regions, max 7 regions, time remaining 48.82ms, optional threshold 9.76ms
[2024-10-12T07:55:55.600+0800][debug][gc,ergo,cset] GC(688) Finish adding old regions to collection set (Maximum number of regions). Initial 7 regions, optional 0 regions
[2024-10-12T07:55:55.600+0800][debug][gc,ergo,cset] GC(688) Finish choosing collection set old regions. Initial: 7, optional: 0, predicted old time: 0.00ms, predicted optional time: 0.00ms, time remaining: 47.68
[2024-10-12T07:55:55.704+0800][debug][gc,ergo,cset] Preventive GC, insufficient free regions. Predicted need 6. Curr Eden 2 (Pred 3). Curr Survivor 1 (Pred 1). Curr Old 50 (Pred 2) Free 6 Alloc 1
[2024-10-12T07:55:55.704+0800][debug][gc,ergo,cset] GC(689) Start adding old regions to collection set. Min 3 regions, max 7 regions, time remaining 48.41ms, optional threshold 9.68ms
[2024-10-12T07:55:55.704+0800][debug][gc,ergo,cset] GC(689) Finish adding old regions to collection set (Maximum number of regions). Initial 7 regions, optional 0 regions
[2024-10-12T07:55:55.704+0800][debug][gc,ergo,cset] GC(689) Finish choosing collection set old regions. Initial: 7, optional: 0, predicted old time: 0.00ms, predicted optional time: 0.00ms, time remaining: 46.76
[2024-10-12T07:55:55.809+0800][debug][gc,ergo,cset] Preventive GC, insufficient free regions. Predicted need 6. Curr Eden 2 (Pred 3). Curr Survivor 1 (Pred 1). Curr Old 51 (Pred 2) Free 5 Alloc 1
[2024-10-12T07:55:55.809+0800][debug][gc,ergo,cset] GC(690) Start adding old regions to collection set. Min 3 regions, max 7 regions, time remaining 48.43ms, optional threshold 9.69ms
[2024-10-12T07:55:55.809+0800][debug][gc,ergo,cset] GC(690) Old candidate collection set empty.
[2024-10-12T07:55:55.809+0800][debug][gc,ergo,cset] GC(690) Finish choosing collection set old regions. Initial: 5, optional: 0, predicted old time: 0.00ms, predicted optional time: 0.00ms, time remaining: 46.97
[2024-10-12T07:55:55.913+0800][debug][gc,ergo,cset] Preventive GC, insufficient free regions. Predicted need 4. Curr Eden 2 (Pred 3). Curr Survivor 1 (Pred 1). Curr Old 53 (Pred 0) Free 3 Alloc 1
[2024-10-12T07:55:55.925+0800][debug][gc,ergo,cset] GC(692) Pruned 25 regions out of 40, leaving 17400136 bytes waste (allowed 17448304)
[2024-10-12T07:55:56.068+0800][debug][gc,ergo,cset] Preventive GC, insufficient free regions. Predicted need 4. Curr Eden 2 (Pred 3). Curr Survivor 1 (Pred 1). Curr Old 52 (Pred 0) Free 4 Alloc 1
[2024-10-12T07:55:56.131+0800][debug][gc,ergo,cset] Preventive GC, insufficient free regions. Predicted need 4. Curr Eden 1 (Pred 2). Curr Survivor 1 (Pred 1). Curr Old 54 (Pred 1) Free 3 Alloc 1
[2024-10-12T07:55:56.131+0800][debug][gc,ergo,cset] GC(694) Start adding old regions to collection set. Min 2 regions, max 7 regions, time remaining 48.90ms, optional threshold 9.78ms
[2024-10-12T07:55:56.131+0800][debug][gc,ergo,cset] GC(694) Finish adding old regions to collection set (Maximum number of regions). Initial 7 regions, optional 0 regions
[2024-10-12T07:55:56.131+0800][debug][gc,ergo,cset] GC(694) Finish choosing collection set old regions. Initial: 7, optional: 0, predicted old time: 0.00ms, predicted optional time: 0.00ms, time remaining: 48.13
[2024-10-12T07:55:56.235+0800][debug][gc,ergo,cset] GC(695) Start adding old regions to collection set. Min 2 regions, max 7 regions, time remaining 48.62ms, optional threshold 9.72ms
[2024-10-12T07:55:56.235+0800][debug][gc,ergo,cset] GC(695) Finish adding old regions to collection set (Maximum number of regions). Initial 7 regions, optional 0 regions
[2024-10-12T07:55:56.235+0800][debug][gc,ergo,cset] GC(695) Finish choosing collection set old regions. Initial: 7, optional: 0, predicted old time: 0.00ms, predicted optional time: 0.00ms, time remaining: 47.44
[2024-10-12T07:55:56.340+0800][debug][gc,ergo,cset] GC(696) Start adding old regions to collection set. Min 2 regions, max 7 regions, time remaining 48.65ms, optional threshold 9.73ms
[2024-10-12T07:55:56.340+0800][debug][gc,ergo,cset] GC(696) Old candidate collection set empty.
[2024-10-12T07:55:56.340+0800][debug][gc,ergo,cset] GC(696) Finish choosing collection set old regions. Initial: 1, optional: 0, predicted old time: 0.00ms, predicted optional time: 0.00ms, time remaining: 48.43
[2024-10-12T07:55:56.664+0800][debug][gc,ergo,cset] GC(700) Pruned 22 regions out of 41, leaving 17327872 bytes waste (allowed 17448304)
[2024-10-12T07:55:56.806+0800][debug][gc,ergo,cset] Preventive GC, insufficient free regions. Predicted need 4. Curr Eden 2 (Pred 3). Curr Survivor 1 (Pred 1). Curr Old 53 (Pred 0) Free 3 Alloc 1
[2024-10-12T07:55:56.870+0800][debug][gc,ergo,cset] Preventive GC, insufficient free regions. Predicted need 4. Curr Eden 1 (Pred 2). Curr Survivor 1 (Pred 1). Curr Old 55 (Pred 1) Free 2 Alloc 1
[2024-10-12T07:55:56.870+0800][debug][gc,ergo,cset] GC(702) Start adding old regions to collection set. Min 3 regions, max 7 regions, time remaining 49.02ms, optional threshold 9.80ms
[2024-10-12T07:55:56.870+0800][debug][gc,ergo,cset] GC(702) Finish adding old regions to collection set (Maximum number of regions). Initial 7 regions, optional 0 regions
[2024-10-12T07:55:56.870+0800][debug][gc,ergo,cset] GC(702) Finish choosing collection set old regions. Initial: 7, optional: 0, predicted old time: 0.00ms, predicted optional time: 0.00ms, time remaining: 48.02
[2024-10-12T07:55:56.912+0800][debug][gc,ergo,cset] Preventive GC, insufficient free regions. Predicted need 5. Curr Eden 1 (Pred 2). Curr Survivor 1 (Pred 1). Curr Old 56 (Pred 2) Free 1 Alloc 1
[2024-10-12T07:55:56.913+0800][debug][gc,ergo,cset] GC(703) Start adding old regions to collection set. Min 3 regions, max 7 regions, time remaining 48.96ms, optional threshold 9.79ms
[2024-10-12T07:55:56.913+0800][debug][gc,ergo,cset] GC(703) Finish adding old regions to collection set (Maximum number of regions). Initial 7 regions, optional 0 regions
[2024-10-12T07:55:56.913+0800][debug][gc,ergo,cset] GC(703) Finish choosing collection set old regions. Initial: 7, optional: 0, predicted old time: 0.00ms, predicted optional time: 0.00ms, time remaining: 47.57
[2024-10-12T07:55:56.975+0800][debug][gc,ergo,cset] GC(704) Start adding old regions to collection set. Min 3 regions, max 7 regions, time remaining 48.97ms, optional threshold 9.79ms
[2024-10-12T07:55:56.975+0800][debug][gc,ergo,cset] GC(704) Old candidate collection set empty.
[2024-10-12T07:55:56.975+0800][debug][gc,ergo,cset] GC(704) Finish choosing collection set old regions. Initial: 5, optional: 0, predicted old time: 0.00ms, predicted optional time: 0.00ms, time remaining: 47.87
[2024-10-12T07:55:57.631+0800][debug][gc,ergo,cset] GC(711) Pruned 23 regions out of 32, leaving 17309264 bytes waste (allowed 17448304)
[2024-10-12T07:55:57.876+0800][debug][gc,ergo,cset] GC(713) Start adding old regions to collection set. Min 2 regions, max 7 regions, time remaining 48.80ms, optional threshold 9.76ms
[2024-10-12T07:55:57.876+0800][debug][gc,ergo,cset] GC(713) Finish adding old regions to collection set (Maximum number of regions). Initial 7 regions, optional 0 regions
[2024-10-12T07:55:57.876+0800][debug][gc,ergo,cset] GC(713) Finish choosing collection set old regions. Initial: 7, optional: 0, predicted old time: 0.00ms, predicted optional time: 0.00ms, time remaining: 47.82
[2024-10-12T07:55:57.980+0800][debug][gc,ergo,cset] GC(714) Start adding old regions to collection set. Min 2 regions, max 7 regions, time remaining 48.80ms, optional threshold 9.76ms
[2024-10-12T07:55:57.980+0800][debug][gc,ergo,cset] GC(714) Old candidate collection set empty.
[2024-10-12T07:55:57.980+0800][debug][gc,ergo,cset] GC(714) Finish choosing collection set old regions. Initial: 2, optional: 0, predicted old time: 0.00ms, predicted optional time: 0.00ms, time remaining: 48.42
[2024-10-12T07:55:58.303+0800][debug][gc,ergo,cset] GC(718) Pruned 20 regions out of 40, leaving 14327400 bytes waste (allowed 14763950)
[2024-10-12T07:55:58.509+0800][debug][gc,ergo,cset] Preventive GC, insufficient free regions. Predicted need 4. Curr Eden 1 (Pred 2). Curr Survivor 1 (Pred 1). Curr Old 53 (Pred 1) Free 4 Alloc 1
[2024-10-12T07:55:58.509+0800][debug][gc,ergo,cset] GC(720) Start adding old regions to collection set. Min 3 regions, max 7 regions, time remaining 49.06ms, optional threshold 9.81ms
[2024-10-12T07:55:58.509+0800][debug][gc,ergo,cset] GC(720) Finish adding old regions to collection set (Maximum number of regions). Initial 7 regions, optional 0 regions
[2024-10-12T07:55:58.509+0800][debug][gc,ergo,cset] GC(720) Finish choosing collection set old regions. Initial: 7, optional: 0, predicted old time: 0.00ms, predicted optional time: 0.00ms, time remaining: 48.03
[2024-10-12T07:55:58.614+0800][debug][gc,ergo,cset] Preventive GC, insufficient free regions. Predicted need 6. Curr Eden 2 (Pred 3). Curr Survivor 1 (Pred 1). Curr Old 49 (Pred 2) Free 6 Alloc 1
[2024-10-12T07:55:58.614+0800][debug][gc,ergo,cset] GC(721) Start adding old regions to collection set. Min 3 regions, max 7 regions, time remaining 48.72ms, optional threshold 9.74ms
[2024-10-12T07:55:58.614+0800][debug][gc,ergo,cset] GC(721) Finish adding old regions to collection set (Maximum number of regions). Initial 7 regions, optional 0 regions
[2024-10-12T07:55:58.614+0800][debug][gc,ergo,cset] GC(721) Finish choosing collection set old regions. Initial: 7, optional: 0, predicted old time: 0.00ms, predicted optional time: 0.00ms, time remaining: 47.41
[2024-10-12T07:55:58.718+0800][debug][gc,ergo,cset] GC(722) Start adding old regions to collection set. Min 3 regions, max 7 regions, time remaining 48.71ms, optional threshold 9.74ms
[2024-10-12T07:55:58.718+0800][debug][gc,ergo,cset] GC(722) Old candidate collection set empty.
[2024-10-12T07:55:58.718+0800][debug][gc,ergo,cset] GC(722) Finish choosing collection set old regions. Initial: 6, optional: 0, predicted old time: 0.00ms, predicted optional time: 0.00ms, time remaining: 47.30
[2024-10-12T07:55:59.042+0800][debug][gc,ergo,cset] GC(726) Pruned 19 regions out of 43, leaving 14377592 bytes waste (allowed 14763950)
[2024-10-12T07:55:59.185+0800][debug][gc,ergo,cset] Preventive GC, insufficient free regions. Predicted need 4. Curr Eden 2 (Pred 3). Curr Survivor 1 (Pred 1). Curr Old 52 (Pred 0) Free 4 Alloc 1
[2024-10-12T07:55:59.248+0800][debug][gc,ergo,cset] Preventive GC, insufficient free regions. Predicted need 4. Curr Eden 1 (Pred 2). Curr Survivor 1 (Pred 1). Curr Old 54 (Pred 1) Free 3 Alloc 1
[2024-10-12T07:55:59.249+0800][debug][gc,ergo,cset] GC(728) Start adding old regions to collection set. Min 3 regions, max 7 regions, time remaining 48.90ms, optional threshold 9.78ms
[2024-10-12T07:55:59.249+0800][debug][gc,ergo,cset] GC(728) Finish adding old regions to collection set (Maximum number of regions). Initial 7 regions, optional 0 regions
[2024-10-12T07:55:59.249+0800][debug][gc,ergo,cset] GC(728) Finish choosing collection set old regions. Initial: 7, optional: 0, predicted old time: 0.00ms, predicted optional time: 0.00ms, time remaining: 47.75
[2024-10-12T07:55:59.292+0800][debug][gc,ergo,cset] Preventive GC, insufficient free regions. Predicted need 5. Curr Eden 1 (Pred 2). Curr Survivor 1 (Pred 1). Curr Old 56 (Pred 2) Free 1 Alloc 1
[2024-10-12T07:55:59.292+0800][debug][gc,ergo,cset] GC(729) Start adding old regions to collection set. Min 3 regions, max 7 regions, time remaining 48.85ms, optional threshold 9.77ms
[2024-10-12T07:55:59.292+0800][debug][gc,ergo,cset] GC(729) Finish adding old regions to collection set (Maximum number of regions). Initial 7 regions, optional 0 regions
[2024-10-12T07:55:59.292+0800][debug][gc,ergo,cset] GC(729) Finish choosing collection set old regions. Initial: 7, optional: 0, predicted old time: 0.00ms, predicted optional time: 0.00ms, time remaining: 47.22
[2024-10-12T07:55:59.355+0800][debug][gc,ergo,cset] GC(730) Start adding old regions to collection set. Min 3 regions, max 7 regions, time remaining 48.72ms, optional threshold 9.74ms
[2024-10-12T07:55:59.355+0800][debug][gc,ergo,cset] GC(730) Finish adding old regions to collection set (Maximum number of regions). Initial 7 regions, optional 0 regions
[2024-10-12T07:55:59.355+0800][debug][gc,ergo,cset] GC(730) Finish choosing collection set old regions. Initial: 7, optional: 0, predicted old time: 0.00ms, predicted optional time: 0.00ms, time remaining: 46.80
[2024-10-12T07:55:59.968+0800][debug][gc,ergo,cset] GC(737) Pruned 22 regions out of 32, leaving 16809736 bytes waste (allowed 17448304)
[2024-10-12T07:56:00.213+0800][debug][gc,ergo,cset] Preventive GC, insufficient free regions. Predicted need 5. Curr Eden 2 (Pred 3). Curr Survivor 1 (Pred 1). Curr Old 51 (Pred 1) Free 5 Alloc 1
[2024-10-12T07:56:00.214+0800][debug][gc,ergo,cset] GC(739) Start adding old regions to collection set. Min 2 regions, max 7 regions, time remaining 48.67ms, optional threshold 9.73ms
[2024-10-12T07:56:00.214+0800][debug][gc,ergo,cset] GC(739) Finish adding old regions to collection set (Maximum number of regions). Initial 7 regions, optional 0 regions
[2024-10-12T07:56:00.214+0800][debug][gc,ergo,cset] GC(739) Finish choosing collection set old regions. Initial: 7, optional: 0, predicted old time: 0.00ms, predicted optional time: 0.00ms, time remaining: 47.82
[2024-10-12T07:56:00.318+0800][debug][gc,ergo,cset] GC(740) Start adding old regions to collection set. Min 2 regions, max 7 regions, time remaining 48.67ms, optional threshold 9.73ms
[2024-10-12T07:56:00.318+0800][debug][gc,ergo,cset] GC(740) Old candidate collection set empty.
[2024-10-12T07:56:00.318+0800][debug][gc,ergo,cset] GC(740) Finish choosing collection set old regions. Initial: 3, optional: 0, predicted old time: 0.00ms, predicted optional time: 0.00ms, time remaining: 48.14
[2024-10-12T07:56:00.641+0800][debug][gc,ergo,cset] GC(744) Pruned 22 regions out of 40, leaving 17288128 bytes waste (allowed 17448304)
[2024-10-12T07:56:00.783+0800][debug][gc,ergo,cset] Preventive GC, insufficient free regions. Predicted need 4. Curr Eden 2 (Pred 3). Curr Survivor 1 (Pred 2). Curr Old 53 (Pred 0) Free 3 Alloc 1
