[2024-09-08T23:16:32.715+0800][info] Using G1
[2024-09-08T23:16:32.718+0800][info] Version: 17.0.11-internal+0-adhoc.cxl.TencentKona-17-TencentKona-17.0.11 (release)
[2024-09-08T23:16:32.718+0800][info] CPUs: 72 total, 72 available
[2024-09-08T23:16:32.718+0800][info] Memory: 125G
[2024-09-08T23:16:32.718+0800][info] Large Page Support: Disabled
[2024-09-08T23:16:32.718+0800][info] NUMA Support: Disabled
[2024-09-08T23:16:32.718+0800][info] Compressed Oops: Enabled (32-bit)
[2024-09-08T23:16:32.718+0800][info] Heap Region Size: 4M
[2024-09-08T23:16:32.718+0800][info] Heap Min Capacity: 128M
[2024-09-08T23:16:32.718+0800][info] Heap Initial Capacity: 128M
[2024-09-08T23:16:32.718+0800][info] Heap Max Capacity: 128M
[2024-09-08T23:16:32.718+0800][info] Pre-touch: Disabled
[2024-09-08T23:16:32.718+0800][info] Parallel Workers: 48
[2024-09-08T23:16:32.718+0800][info] Concurrent Workers: 12
[2024-09-08T23:16:32.718+0800][info] Concurrent Refinement Workers: 48
[2024-09-08T23:16:32.718+0800][info] Periodic GC: Disabled
[2024-09-08T23:16:32.727+0800][info] CDS archive(s) mapped at: [0x00007d71f3000000-0x00007d71f3bc7000-0x00007d71f3bc7000), size 12349440, SharedBaseAddress: 0x00007d71f3000000, ArchiveRelocationMode: 1.
[2024-09-08T23:16:32.727+0800][info] Compressed class space mapped at: 0x00007d71f4000000-0x00007d7234000000, reserved size: 1073741824
[2024-09-08T23:16:32.727+0800][info] Narrow klass base: 0x00007d71f3000000, Narrow klass shift: 0, Narrow klass range: 0x100000000
[2024-09-08T23:16:32.794+0800][info] GC(0) Pause Young (Normal) (G1 Evacuation Pause)
[2024-09-08T23:16:32.794+0800][info] GC(0) Using 3 workers of 48 for evacuation
[2024-09-08T23:16:32.796+0800][info] GC(0)   Pre Evacuate Collection Set: 0.0ms
[2024-09-08T23:16:32.796+0800][info] GC(0)   Merge Heap Roots: 0.0ms
[2024-09-08T23:16:32.796+0800][info] GC(0)   Evacuate Collection Set: 1.6ms
[2024-09-08T23:16:32.796+0800][info] GC(0)   Post Evacuate Collection Set: 0.3ms
[2024-09-08T23:16:32.796+0800][info] GC(0)   Other: 0.3ms
[2024-09-08T23:16:32.796+0800][info] GC(0) Eden regions: 1->0(1)
[2024-09-08T23:16:32.796+0800][info] GC(0) Survivor regions: 0->1(1)
[2024-09-08T23:16:32.796+0800][info] GC(0) Old regions: 0->0
[2024-09-08T23:16:32.796+0800][info] GC(0) Archive regions: 2->2
[2024-09-08T23:16:32.796+0800][info] GC(0) Humongous regions: 0->0
[2024-09-08T23:16:32.796+0800][info] GC(0) Metaspace: 596K(704K)->596K(704K) NonClass: 543K(576K)->543K(576K) Class: 53K(128K)->53K(128K)
[2024-09-08T23:16:32.796+0800][info] GC(0) Pause Young (Normal) (G1 Evacuation Pause) 7M->7M(128M) 2.377ms
[2024-09-08T23:16:32.796+0800][info] GC(0) User=0.01s Sys=0.00s Real=0.00s
[2024-09-08T23:16:32.797+0800][info] GC(1) Pause Young (Normal) (G1 Evacuation Pause)
[2024-09-08T23:16:32.797+0800][info] GC(1) Using 3 workers of 48 for evacuation
[2024-09-08T23:16:32.800+0800][info] GC(1)   Pre Evacuate Collection Set: 0.0ms
[2024-09-08T23:16:32.800+0800][info] GC(1)   Merge Heap Roots: 0.0ms
[2024-09-08T23:16:32.800+0800][info] GC(1)   Evacuate Collection Set: 3.3ms
[2024-09-08T23:16:32.800+0800][info] GC(1)   Post Evacuate Collection Set: 0.1ms
[2024-09-08T23:16:32.800+0800][info] GC(1)   Other: 0.1ms
[2024-09-08T23:16:32.800+0800][info] GC(1) Eden regions: 1->0(1)
[2024-09-08T23:16:32.800+0800][info] GC(1) Survivor regions: 1->1(1)
[2024-09-08T23:16:32.800+0800][info] GC(1) Old regions: 0->1
[2024-09-08T23:16:32.800+0800][info] GC(1) Archive regions: 2->2
[2024-09-08T23:16:32.800+0800][info] GC(1) Humongous regions: 0->0
[2024-09-08T23:16:32.800+0800][info] GC(1) Metaspace: 597K(704K)->597K(704K) NonClass: 543K(576K)->543K(576K) Class: 53K(128K)->53K(128K)
[2024-09-08T23:16:32.800+0800][info] GC(1) Pause Young (Normal) (G1 Evacuation Pause) 11M->11M(128M) 3.533ms
[2024-09-08T23:16:32.800+0800][info] GC(1) User=0.01s Sys=0.00s Real=0.00s
[2024-09-08T23:16:32.801+0800][info] GC(2) Pause Young (Normal) (G1 Evacuation Pause)
[2024-09-08T23:16:32.801+0800][info] GC(2) Using 3 workers of 48 for evacuation
[2024-09-08T23:16:32.803+0800][info] GC(2)   Pre Evacuate Collection Set: 0.0ms
[2024-09-08T23:16:32.803+0800][info] GC(2)   Merge Heap Roots: 0.0ms
[2024-09-08T23:16:32.803+0800][info] GC(2)   Evacuate Collection Set: 2.0ms
[2024-09-08T23:16:32.803+0800][info] GC(2)   Post Evacuate Collection Set: 0.1ms
[2024-09-08T23:16:32.803+0800][info] GC(2)   Other: 0.0ms
[2024-09-08T23:16:32.803+0800][info] GC(2) Eden regions: 1->0(1)
[2024-09-08T23:16:32.803+0800][info] GC(2) Survivor regions: 1->1(1)
[2024-09-08T23:16:32.803+0800][info] GC(2) Old regions: 1->2
[2024-09-08T23:16:32.803+0800][info] GC(2) Archive regions: 2->2
[2024-09-08T23:16:32.803+0800][info] GC(2) Humongous regions: 0->0
[2024-09-08T23:16:32.803+0800][info] GC(2) Metaspace: 597K(704K)->597K(704K) NonClass: 543K(576K)->543K(576K) Class: 53K(128K)->53K(128K)
[2024-09-08T23:16:32.803+0800][info] GC(2) Pause Young (Normal) (G1 Evacuation Pause) 15M->14M(128M) 2.251ms
[2024-09-08T23:16:32.803+0800][info] GC(2) User=0.01s Sys=0.00s Real=0.00s
[2024-09-08T23:16:32.804+0800][info] GC(3) Pause Young (Normal) (G1 Evacuation Pause)
[2024-09-08T23:16:32.804+0800][info] GC(3) Using 3 workers of 48 for evacuation
[2024-09-08T23:16:32.806+0800][info] GC(3)   Pre Evacuate Collection Set: 0.0ms
[2024-09-08T23:16:32.806+0800][info] GC(3)   Merge Heap Roots: 0.0ms
[2024-09-08T23:16:32.806+0800][info] GC(3)   Evacuate Collection Set: 1.9ms
[2024-09-08T23:16:32.806+0800][info] GC(3)   Post Evacuate Collection Set: 0.1ms
[2024-09-08T23:16:32.806+0800][info] GC(3)   Other: 0.0ms
[2024-09-08T23:16:32.806+0800][info] GC(3) Eden regions: 1->0(2)
[2024-09-08T23:16:32.806+0800][info] GC(3) Survivor regions: 1->1(1)
[2024-09-08T23:16:32.806+0800][info] GC(3) Old regions: 2->3
[2024-09-08T23:16:32.806+0800][info] GC(3) Archive regions: 2->2
[2024-09-08T23:16:32.806+0800][info] GC(3) Humongous regions: 0->0
[2024-09-08T23:16:32.806+0800][info] GC(3) Metaspace: 597K(704K)->597K(704K) NonClass: 543K(576K)->543K(576K) Class: 53K(128K)->53K(128K)
[2024-09-08T23:16:32.806+0800][info] GC(3) Pause Young (Normal) (G1 Evacuation Pause) 18M->18M(128M) 2.154ms
[2024-09-08T23:16:32.806+0800][info] GC(3) User=0.00s Sys=0.00s Real=0.01s
[2024-09-08T23:16:32.808+0800][info] GC(4) Pause Young (Normal) (G1 Evacuation Pause)
[2024-09-08T23:16:32.808+0800][info] GC(4) Using 3 workers of 48 for evacuation
[2024-09-08T23:16:32.812+0800][info] GC(4)   Pre Evacuate Collection Set: 0.0ms
[2024-09-08T23:16:32.812+0800][info] GC(4)   Merge Heap Roots: 0.0ms
[2024-09-08T23:16:32.812+0800][info] GC(4)   Evacuate Collection Set: 4.6ms
[2024-09-08T23:16:32.812+0800][info] GC(4)   Post Evacuate Collection Set: 0.1ms
[2024-09-08T23:16:32.812+0800][info] GC(4)   Other: 0.0ms
[2024-09-08T23:16:32.812+0800][info] GC(4) Eden regions: 2->0(2)
[2024-09-08T23:16:32.812+0800][info] GC(4) Survivor regions: 1->1(1)
[2024-09-08T23:16:32.812+0800][info] GC(4) Old regions: 3->5
[2024-09-08T23:16:32.812+0800][info] GC(4) Archive regions: 2->2
[2024-09-08T23:16:32.812+0800][info] GC(4) Humongous regions: 0->0
[2024-09-08T23:16:32.812+0800][info] GC(4) Metaspace: 597K(704K)->597K(704K) NonClass: 543K(576K)->543K(576K) Class: 53K(128K)->53K(128K)
[2024-09-08T23:16:32.812+0800][info] GC(4) Pause Young (Normal) (G1 Evacuation Pause) 26M->27M(128M) 4.802ms
[2024-09-08T23:16:32.812+0800][info] GC(4) User=0.01s Sys=0.01s Real=0.00s
[2024-09-08T23:16:32.814+0800][info] GC(5) Pause Young (Normal) (G1 Evacuation Pause)
[2024-09-08T23:16:32.814+0800][info] GC(5) Using 3 workers of 48 for evacuation
[2024-09-08T23:16:32.817+0800][info] GC(5)   Pre Evacuate Collection Set: 0.0ms
[2024-09-08T23:16:32.817+0800][info] GC(5)   Merge Heap Roots: 0.0ms
[2024-09-08T23:16:32.817+0800][info] GC(5)   Evacuate Collection Set: 3.5ms
[2024-09-08T23:16:32.817+0800][info] GC(5)   Post Evacuate Collection Set: 0.1ms
[2024-09-08T23:16:32.817+0800][info] GC(5)   Other: 0.0ms
[2024-09-08T23:16:32.817+0800][info] GC(5) Eden regions: 2->0(2)
[2024-09-08T23:16:32.817+0800][info] GC(5) Survivor regions: 1->1(1)
[2024-09-08T23:16:32.817+0800][info] GC(5) Old regions: 5->7
[2024-09-08T23:16:32.817+0800][info] GC(5) Archive regions: 2->2
[2024-09-08T23:16:32.817+0800][info] GC(5) Humongous regions: 0->0
[2024-09-08T23:16:32.817+0800][info] GC(5) Metaspace: 597K(704K)->597K(704K) NonClass: 543K(576K)->543K(576K) Class: 53K(128K)->53K(128K)
[2024-09-08T23:16:32.817+0800][info] GC(5) Pause Young (Normal) (G1 Evacuation Pause) 34M->35M(128M) 3.753ms
[2024-09-08T23:16:32.817+0800][info] GC(5) User=0.00s Sys=0.01s Real=0.01s
[2024-09-08T23:16:32.819+0800][info] GC(6) Pause Young (Normal) (G1 Evacuation Pause)
[2024-09-08T23:16:32.819+0800][info] GC(6) Using 3 workers of 48 for evacuation
[2024-09-08T23:16:32.823+0800][info] GC(6)   Pre Evacuate Collection Set: 0.0ms
[2024-09-08T23:16:32.823+0800][info] GC(6)   Merge Heap Roots: 0.0ms
[2024-09-08T23:16:32.823+0800][info] GC(6)   Evacuate Collection Set: 3.6ms
[2024-09-08T23:16:32.823+0800][info] GC(6)   Post Evacuate Collection Set: 0.1ms
[2024-09-08T23:16:32.823+0800][info] GC(6)   Other: 0.0ms
[2024-09-08T23:16:32.823+0800][info] GC(6) Eden regions: 2->0(3)
[2024-09-08T23:16:32.823+0800][info] GC(6) Survivor regions: 1->1(1)
[2024-09-08T23:16:32.823+0800][info] GC(6) Old regions: 7->9
[2024-09-08T23:16:32.823+0800][info] GC(6) Archive regions: 2->2
[2024-09-08T23:16:32.823+0800][info] GC(6) Humongous regions: 0->0
[2024-09-08T23:16:32.823+0800][info] GC(6) Metaspace: 597K(704K)->597K(704K) NonClass: 543K(576K)->543K(576K) Class: 53K(128K)->53K(128K)
[2024-09-08T23:16:32.823+0800][info] GC(6) Pause Young (Normal) (G1 Evacuation Pause) 42M->43M(128M) 3.853ms
[2024-09-08T23:16:32.823+0800][info] GC(6) User=0.01s Sys=0.01s Real=0.00s
[2024-09-08T23:16:32.825+0800][info] GC(7) Pause Young (Normal) (G1 Evacuation Pause)
[2024-09-08T23:16:32.825+0800][info] GC(7) Using 3 workers of 48 for evacuation
[2024-09-08T23:16:32.832+0800][info] GC(7)   Pre Evacuate Collection Set: 0.0ms
[2024-09-08T23:16:32.832+0800][info] GC(7)   Merge Heap Roots: 0.0ms
[2024-09-08T23:16:32.832+0800][info] GC(7)   Evacuate Collection Set: 6.6ms
[2024-09-08T23:16:32.832+0800][info] GC(7)   Post Evacuate Collection Set: 0.1ms
[2024-09-08T23:16:32.832+0800][info] GC(7)   Other: 0.1ms
[2024-09-08T23:16:32.832+0800][info] GC(7) Eden regions: 3->0(4)
[2024-09-08T23:16:32.832+0800][info] GC(7) Survivor regions: 1->1(1)
[2024-09-08T23:16:32.832+0800][info] GC(7) Old regions: 9->12
[2024-09-08T23:16:32.832+0800][info] GC(7) Archive regions: 2->2
[2024-09-08T23:16:32.832+0800][info] GC(7) Humongous regions: 0->0
[2024-09-08T23:16:32.832+0800][info] GC(7) Metaspace: 597K(704K)->597K(704K) NonClass: 543K(576K)->543K(576K) Class: 53K(128K)->53K(128K)
[2024-09-08T23:16:32.832+0800][info] GC(7) Pause Young (Normal) (G1 Evacuation Pause) 54M->55M(128M) 6.845ms
[2024-09-08T23:16:32.832+0800][info] GC(7) User=0.01s Sys=0.01s Real=0.00s
[2024-09-08T23:16:32.834+0800][info] GC(8) Pause Young (Normal) (G1 Evacuation Pause)
[2024-09-08T23:16:32.834+0800][info] GC(8) Using 3 workers of 48 for evacuation
[2024-09-08T23:16:32.843+0800][info] GC(8)   Pre Evacuate Collection Set: 0.0ms
[2024-09-08T23:16:32.843+0800][info] GC(8)   Merge Heap Roots: 0.0ms
[2024-09-08T23:16:32.843+0800][info] GC(8)   Evacuate Collection Set: 8.2ms
[2024-09-08T23:16:32.843+0800][info] GC(8)   Post Evacuate Collection Set: 0.1ms
[2024-09-08T23:16:32.843+0800][info] GC(8)   Other: 0.1ms
[2024-09-08T23:16:32.843+0800][info] GC(8) Eden regions: 4->0(3)
[2024-09-08T23:16:32.843+0800][info] GC(8) Survivor regions: 1->1(1)
[2024-09-08T23:16:32.843+0800][info] GC(8) Old regions: 12->16
[2024-09-08T23:16:32.843+0800][info] GC(8) Archive regions: 2->2
[2024-09-08T23:16:32.843+0800][info] GC(8) Humongous regions: 0->0
[2024-09-08T23:16:32.843+0800][info] GC(8) Metaspace: 597K(704K)->597K(704K) NonClass: 543K(576K)->543K(576K) Class: 53K(128K)->53K(128K)
[2024-09-08T23:16:32.843+0800][info] GC(8) Pause Young (Normal) (G1 Evacuation Pause) 70M->71M(128M) 8.450ms
[2024-09-08T23:16:32.843+0800][info] GC(8) User=0.01s Sys=0.01s Real=0.01s
[2024-09-08T23:16:32.845+0800][info] GC(9) Pause Young (Concurrent Start) (G1 Evacuation Pause)
[2024-09-08T23:16:32.845+0800][info] GC(9) Using 3 workers of 48 for evacuation
[2024-09-08T23:16:32.851+0800][info] GC(9)   Pre Evacuate Collection Set: 0.0ms
[2024-09-08T23:16:32.851+0800][info] GC(9)   Merge Heap Roots: 0.0ms
[2024-09-08T23:16:32.851+0800][info] GC(9)   Evacuate Collection Set: 5.6ms
[2024-09-08T23:16:32.851+0800][info] GC(9)   Post Evacuate Collection Set: 0.1ms
[2024-09-08T23:16:32.851+0800][info] GC(9)   Other: 0.5ms
[2024-09-08T23:16:32.851+0800][info] GC(9) Eden regions: 3->0(2)
[2024-09-08T23:16:32.851+0800][info] GC(9) Survivor regions: 1->1(1)
[2024-09-08T23:16:32.851+0800][info] GC(9) Old regions: 16->19
[2024-09-08T23:16:32.851+0800][info] GC(9) Archive regions: 2->2
[2024-09-08T23:16:32.851+0800][info] GC(9) Humongous regions: 0->0
[2024-09-08T23:16:32.851+0800][info] GC(9) Metaspace: 597K(704K)->597K(704K) NonClass: 543K(576K)->543K(576K) Class: 53K(128K)->53K(128K)
[2024-09-08T23:16:32.851+0800][info] GC(9) Pause Young (Concurrent Start) (G1 Evacuation Pause) 82M->83M(128M) 6.275ms
[2024-09-08T23:16:32.851+0800][info] GC(9) User=0.01s Sys=0.01s Real=0.00s
[2024-09-08T23:16:32.851+0800][info] GC(10) Concurrent Mark Cycle
[2024-09-08T23:16:32.851+0800][info] GC(10) Concurrent Clear Claimed Marks
[2024-09-08T23:16:32.851+0800][info] GC(10) Concurrent Clear Claimed Marks 0.008ms
[2024-09-08T23:16:32.851+0800][info] GC(10) Concurrent Scan Root Regions
[2024-09-08T23:16:32.854+0800][info] GC(10) Concurrent Scan Root Regions 2.090ms
[2024-09-08T23:16:32.854+0800][info] GC(10) Concurrent Mark
[2024-09-08T23:16:32.854+0800][info] GC(10) Concurrent Mark From Roots
[2024-09-08T23:16:32.854+0800][info] GC(10) Using 12 workers of 12 for marking
[2024-09-08T23:16:32.857+0800][info] GC(10) Concurrent Mark From Roots 3.040ms
[2024-09-08T23:16:32.857+0800][info] GC(10) Concurrent Preclean
[2024-09-08T23:16:32.858+0800][info] GC(10) Concurrent Preclean 0.885ms
[2024-09-08T23:16:32.858+0800][info] GC(10) Pause Remark
[2024-09-08T23:16:32.858+0800][info] GC(10) Pause Remark 83M->83M(128M) 0.669ms
[2024-09-08T23:16:32.858+0800][info] GC(10) User=0.00s Sys=0.00s Real=0.00s
[2024-09-08T23:16:32.858+0800][info] GC(10) Concurrent Mark 4.766ms
[2024-09-08T23:16:32.858+0800][info] GC(10) Concurrent Rebuild Remembered Sets
[2024-09-08T23:16:32.858+0800][info] GC(10) Concurrent Rebuild Remembered Sets 0.008ms
[2024-09-08T23:16:32.858+0800][info] GC(10) Pause Cleanup
[2024-09-08T23:16:32.858+0800][info] GC(10) Pause Cleanup 83M->83M(128M) 0.009ms
[2024-09-08T23:16:32.858+0800][info] GC(10) User=0.00s Sys=0.00s Real=0.00s
[2024-09-08T23:16:32.858+0800][info] GC(10) Concurrent Cleanup for Next Mark
[2024-09-08T23:16:32.859+0800][info] GC(10) Concurrent Cleanup for Next Mark 0.812ms
[2024-09-08T23:16:32.859+0800][info] GC(10) Concurrent Mark Cycle 7.905ms
[2024-09-08T23:16:32.920+0800][info] GC(11) Pause Young (Normal) (G1 Evacuation Pause)
[2024-09-08T23:16:32.920+0800][info] GC(11) Using 3 workers of 48 for evacuation
[2024-09-08T23:16:32.924+0800][info] GC(11)   Pre Evacuate Collection Set: 0.0ms
[2024-09-08T23:16:32.924+0800][info] GC(11)   Merge Heap Roots: 0.0ms
[2024-09-08T23:16:32.924+0800][info] GC(11)   Evacuate Collection Set: 3.3ms
[2024-09-08T23:16:32.924+0800][info] GC(11)   Post Evacuate Collection Set: 0.3ms
[2024-09-08T23:16:32.924+0800][info] GC(11)   Other: 0.1ms
[2024-09-08T23:16:32.924+0800][info] GC(11) Eden regions: 2->0(2)
[2024-09-08T23:16:32.924+0800][info] GC(11) Survivor regions: 1->1(1)
[2024-09-08T23:16:32.924+0800][info] GC(11) Old regions: 19->21
[2024-09-08T23:16:32.924+0800][info] GC(11) Archive regions: 2->2
[2024-09-08T23:16:32.924+0800][info] GC(11) Humongous regions: 0->0
[2024-09-08T23:16:32.924+0800][info] GC(11) Metaspace: 710K(896K)->710K(896K) NonClass: 647K(768K)->647K(768K) Class: 63K(128K)->63K(128K)
[2024-09-08T23:16:32.924+0800][info] GC(11) Pause Young (Normal) (G1 Evacuation Pause) 91M->90M(128M) 3.776ms
[2024-09-08T23:16:32.924+0800][info] GC(11) User=0.00s Sys=0.02s Real=0.00s
[2024-09-08T23:16:32.925+0800][info] GC(12) Pause Young (Concurrent Start) (G1 Evacuation Pause)
[2024-09-08T23:16:32.925+0800][info] GC(12) Using 3 workers of 48 for evacuation
[2024-09-08T23:16:32.929+0800][info] GC(12)   Pre Evacuate Collection Set: 0.0ms
[2024-09-08T23:16:32.929+0800][info] GC(12)   Merge Heap Roots: 0.0ms
[2024-09-08T23:16:32.929+0800][info] GC(12)   Evacuate Collection Set: 3.4ms
[2024-09-08T23:16:32.929+0800][info] GC(12)   Post Evacuate Collection Set: 0.1ms
[2024-09-08T23:16:32.929+0800][info] GC(12)   Other: 0.1ms
[2024-09-08T23:16:32.929+0800][info] GC(12) Eden regions: 2->0(2)
[2024-09-08T23:16:32.929+0800][info] GC(12) Survivor regions: 1->1(1)
[2024-09-08T23:16:32.929+0800][info] GC(12) Old regions: 21->23
[2024-09-08T23:16:32.929+0800][info] GC(12) Archive regions: 2->2
[2024-09-08T23:16:32.929+0800][info] GC(12) Humongous regions: 0->0
[2024-09-08T23:16:32.929+0800][info] GC(12) Metaspace: 710K(896K)->710K(896K) NonClass: 647K(768K)->647K(768K) Class: 63K(128K)->63K(128K)
[2024-09-08T23:16:32.929+0800][info] GC(12) Pause Young (Concurrent Start) (G1 Evacuation Pause) 98M->98M(128M) 3.674ms
[2024-09-08T23:16:32.929+0800][info] GC(12) User=0.01s Sys=0.00s Real=0.00s
[2024-09-08T23:16:32.929+0800][info] GC(13) Concurrent Mark Cycle
[2024-09-08T23:16:32.929+0800][info] GC(13) Concurrent Clear Claimed Marks
[2024-09-08T23:16:32.929+0800][info] GC(13) Concurrent Clear Claimed Marks 0.012ms
[2024-09-08T23:16:32.929+0800][info] GC(13) Concurrent Scan Root Regions
[2024-09-08T23:16:32.929+0800][info] GC(13) Concurrent Scan Root Regions 0.141ms
[2024-09-08T23:16:32.929+0800][info] GC(13) Concurrent Mark
[2024-09-08T23:16:32.929+0800][info] GC(13) Concurrent Mark From Roots
[2024-09-08T23:16:32.929+0800][info] GC(13) Using 12 workers of 12 for marking
[2024-09-08T23:16:32.931+0800][info] GC(13) Concurrent Mark From Roots 2.361ms
[2024-09-08T23:16:32.931+0800][info] GC(13) Concurrent Preclean
[2024-09-08T23:16:32.932+0800][info] GC(13) Concurrent Preclean 0.700ms
[2024-09-08T23:16:32.932+0800][info] GC(13) Pause Remark
[2024-09-08T23:16:32.933+0800][info] GC(13) Pause Remark 98M->98M(128M) 0.688ms
[2024-09-08T23:16:32.933+0800][info] GC(13) User=0.00s Sys=0.00s Real=0.00s
[2024-09-08T23:16:32.933+0800][info] GC(13) Concurrent Mark 3.843ms
[2024-09-08T23:16:32.933+0800][info] GC(13) Concurrent Rebuild Remembered Sets
[2024-09-08T23:16:32.933+0800][info] GC(13) Concurrent Rebuild Remembered Sets 0.009ms
[2024-09-08T23:16:32.933+0800][info] GC(13) Pause Cleanup
[2024-09-08T23:16:32.933+0800][info] GC(13) Pause Cleanup 98M->98M(128M) 0.011ms
[2024-09-08T23:16:32.933+0800][info] GC(13) User=0.00s Sys=0.00s Real=0.00s
[2024-09-08T23:16:32.933+0800][info] GC(13) Concurrent Cleanup for Next Mark
[2024-09-08T23:16:32.933+0800][info] GC(13) Concurrent Cleanup for Next Mark 0.498ms
[2024-09-08T23:16:32.933+0800][info] GC(13) Concurrent Mark Cycle 4.637ms
[2024-09-08T23:16:33.037+0800][info] GC(14) Pause Young (Concurrent Start) (G1 Humongous Allocation)
[2024-09-08T23:16:33.037+0800][info] GC(14) Using 3 workers of 48 for evacuation
[2024-09-08T23:16:33.042+0800][info] GC(14)   Pre Evacuate Collection Set: 0.1ms
[2024-09-08T23:16:33.042+0800][info] GC(14)   Merge Heap Roots: 0.0ms
[2024-09-08T23:16:33.042+0800][info] GC(14)   Evacuate Collection Set: 4.3ms
[2024-09-08T23:16:33.042+0800][info] GC(14)   Post Evacuate Collection Set: 0.7ms
[2024-09-08T23:16:33.042+0800][info] GC(14)   Other: 0.3ms
[2024-09-08T23:16:33.042+0800][info] GC(14) Eden regions: 2->0(2)
[2024-09-08T23:16:33.043+0800][info] GC(14) Survivor regions: 1->1(1)
[2024-09-08T23:16:33.043+0800][info] GC(14) Old regions: 23->25
[2024-09-08T23:16:33.043+0800][info] GC(14) Archive regions: 2->2
[2024-09-08T23:16:33.043+0800][info] GC(14) Humongous regions: 0->0
[2024-09-08T23:16:33.043+0800][info] GC(14) Metaspace: 733K(896K)->733K(896K) NonClass: 670K(768K)->670K(768K) Class: 63K(128K)->63K(128K)
[2024-09-08T23:16:33.043+0800][info] GC(14) Pause Young (Concurrent Start) (G1 Humongous Allocation) 106M->106M(128M) 5.582ms
[2024-09-08T23:16:33.043+0800][info] GC(14) User=0.01s Sys=0.01s Real=0.00s
[2024-09-08T23:16:33.043+0800][info] GC(15) Concurrent Mark Cycle
[2024-09-08T23:16:33.043+0800][info] GC(15) Concurrent Clear Claimed Marks
[2024-09-08T23:16:33.043+0800][info] GC(15) Concurrent Clear Claimed Marks 0.043ms
[2024-09-08T23:16:33.043+0800][info] GC(15) Concurrent Scan Root Regions
[2024-09-08T23:16:33.043+0800][info] GC(15) Concurrent Scan Root Regions 0.090ms
[2024-09-08T23:16:33.043+0800][info] GC(15) Concurrent Mark
[2024-09-08T23:16:33.043+0800][info] GC(16) Pause Young (Normal) (G1 Preventive Collection)
[2024-09-08T23:16:33.043+0800][info] GC(16) Using 3 workers of 48 for evacuation
[2024-09-08T23:16:33.043+0800][info] GC(15) Concurrent Mark From Roots
[2024-09-08T23:16:33.043+0800][info] GC(15) Using 12 workers of 12 for marking
[2024-09-08T23:16:33.044+0800][info] GC(16)   Pre Evacuate Collection Set: 0.2ms
[2024-09-08T23:16:33.044+0800][info] GC(16)   Merge Heap Roots: 0.0ms
[2024-09-08T23:16:33.044+0800][info] GC(16)   Evacuate Collection Set: 0.6ms
[2024-09-08T23:16:33.044+0800][info] GC(16)   Post Evacuate Collection Set: 0.2ms
[2024-09-08T23:16:33.044+0800][info] GC(16)   Other: 0.1ms
[2024-09-08T23:16:33.044+0800][info] GC(16) Eden regions: 0->0(1)
[2024-09-08T23:16:33.044+0800][info] GC(16) Survivor regions: 1->0(1)
[2024-09-08T23:16:33.044+0800][info] GC(16) Old regions: 25->26
[2024-09-08T23:16:33.044+0800][info] GC(16) Archive regions: 2->2
[2024-09-08T23:16:33.044+0800][info] GC(16) Humongous regions: 0->0
[2024-09-08T23:16:33.044+0800][info] GC(16) Metaspace: 733K(896K)->733K(896K) NonClass: 670K(768K)->670K(768K) Class: 63K(128K)->63K(128K)
[2024-09-08T23:16:33.044+0800][info] GC(16) Pause Young (Normal) (G1 Preventive Collection) 106M->106M(128M) 1.104ms
[2024-09-08T23:16:33.044+0800][info] GC(16) User=0.00s Sys=0.01s Real=0.00s
[2024-09-08T23:16:33.046+0800][info] GC(15) Concurrent Mark From Roots 3.378ms
[2024-09-08T23:16:33.046+0800][info] GC(15) Concurrent Preclean
[2024-09-08T23:16:33.049+0800][info] GC(15) Concurrent Preclean 2.193ms
[2024-09-08T23:16:33.049+0800][info] GC(15) Pause Remark
[2024-09-08T23:16:33.050+0800][info] GC(15) Pause Remark 118M->38M(128M) 1.345ms
[2024-09-08T23:16:33.050+0800][info] GC(15) User=0.00s Sys=0.00s Real=0.00s
[2024-09-08T23:16:33.050+0800][info] GC(15) Concurrent Mark 7.189ms
[2024-09-08T23:16:33.050+0800][info] GC(15) Concurrent Rebuild Remembered Sets
[2024-09-08T23:16:33.052+0800][info] GC(15) Concurrent Rebuild Remembered Sets 2.231ms
[2024-09-08T23:16:33.052+0800][info] GC(15) Pause Cleanup
[2024-09-08T23:16:33.053+0800][info] GC(15) Pause Cleanup 38M->38M(128M) 0.151ms
[2024-09-08T23:16:33.053+0800][info] GC(15) User=0.00s Sys=0.00s Real=0.00s
[2024-09-08T23:16:33.053+0800][info] GC(15) Concurrent Cleanup for Next Mark
[2024-09-08T23:16:33.053+0800][info] GC(15) Concurrent Cleanup for Next Mark 0.263ms
[2024-09-08T23:16:33.053+0800][info] GC(15) Concurrent Mark Cycle 10.301ms
[2024-09-08T23:16:33.193+0800][info] GC(17) Pause Young (Prepare Mixed) (G1 Preventive Collection)
[2024-09-08T23:16:33.193+0800][info] GC(17) Using 3 workers of 48 for evacuation
[2024-09-08T23:16:33.193+0800][info] GC(17)   Pre Evacuate Collection Set: 0.0ms
[2024-09-08T23:16:33.193+0800][info] GC(17)   Merge Heap Roots: 0.0ms
[2024-09-08T23:16:33.193+0800][info] GC(17)   Evacuate Collection Set: 0.2ms
[2024-09-08T23:16:33.193+0800][info] GC(17)   Post Evacuate Collection Set: 0.2ms
[2024-09-08T23:16:33.193+0800][info] GC(17)   Other: 0.1ms
[2024-09-08T23:16:33.193+0800][info] GC(17) Eden regions: 1->0(1)
[2024-09-08T23:16:33.193+0800][info] GC(17) Survivor regions: 0->1(1)
[2024-09-08T23:16:33.193+0800][info] GC(17) Old regions: 6->6
[2024-09-08T23:16:33.193+0800][info] GC(17) Archive regions: 2->2
[2024-09-08T23:16:33.193+0800][info] GC(17) Humongous regions: 18->0
[2024-09-08T23:16:33.193+0800][info] GC(17) Metaspace: 758K(896K)->758K(896K) NonClass: 694K(768K)->694K(768K) Class: 63K(128K)->63K(128K)
[2024-09-08T23:16:33.193+0800][info] GC(17) Pause Young (Prepare Mixed) (G1 Preventive Collection) 98M->26M(128M) 0.689ms
[2024-09-08T23:16:33.193+0800][info] GC(17) User=0.00s Sys=0.00s Real=0.00s
[2024-09-08T23:16:33.242+0800][info] GC(18) Pause Young (Mixed) (G1 Humongous Allocation)
[2024-09-08T23:16:33.242+0800][info] GC(18) Using 3 workers of 48 for evacuation
[2024-09-08T23:16:33.243+0800][info] GC(18)   Pre Evacuate Collection Set: 0.0ms
[2024-09-08T23:16:33.243+0800][info] GC(18)   Merge Heap Roots: 0.0ms
[2024-09-08T23:16:33.243+0800][info] GC(18)   Evacuate Collection Set: 0.3ms
[2024-09-08T23:16:33.243+0800][info] GC(18)   Post Evacuate Collection Set: 0.2ms
[2024-09-08T23:16:33.243+0800][info] GC(18)   Other: 0.1ms
[2024-09-08T23:16:33.243+0800][info] GC(18) Eden regions: 0->0(1)
[2024-09-08T23:16:33.243+0800][info] GC(18) Survivor regions: 1->1(1)
[2024-09-08T23:16:33.243+0800][info] GC(18) Old regions: 6->5
[2024-09-08T23:16:33.243+0800][info] GC(18) Archive regions: 2->2
[2024-09-08T23:16:33.243+0800][info] GC(18) Humongous regions: 21->0
[2024-09-08T23:16:33.243+0800][info] GC(18) Metaspace: 758K(896K)->758K(896K) NonClass: 694K(768K)->694K(768K) Class: 63K(128K)->63K(128K)
[2024-09-08T23:16:33.243+0800][info] GC(18) Pause Young (Mixed) (G1 Humongous Allocation) 110M->22M(128M) 0.694ms
[2024-09-08T23:16:33.243+0800][info] GC(18) User=0.00s Sys=0.00s Real=0.00s
[2024-09-08T23:16:33.257+0800][info] GC(19) Pause Young (Concurrent Start) (G1 Humongous Allocation)
[2024-09-08T23:16:33.257+0800][info] GC(19) Using 3 workers of 48 for evacuation
[2024-09-08T23:16:33.258+0800][info] GC(19)   Pre Evacuate Collection Set: 0.0ms
[2024-09-08T23:16:33.258+0800][info] GC(19)   Merge Heap Roots: 0.0ms
[2024-09-08T23:16:33.258+0800][info] GC(19)   Evacuate Collection Set: 0.4ms
[2024-09-08T23:16:33.258+0800][info] GC(19)   Post Evacuate Collection Set: 0.2ms
[2024-09-08T23:16:33.258+0800][info] GC(19)   Other: 0.2ms
[2024-09-08T23:16:33.258+0800][info] GC(19) Eden regions: 0->0(1)
[2024-09-08T23:16:33.258+0800][info] GC(19) Survivor regions: 1->1(1)
[2024-09-08T23:16:33.258+0800][info] GC(19) Old regions: 5->5
[2024-09-08T23:16:33.258+0800][info] GC(19) Archive regions: 2->2
[2024-09-08T23:16:33.258+0800][info] GC(19) Humongous regions: 6->0
[2024-09-08T23:16:33.258+0800][info] GC(19) Metaspace: 758K(896K)->758K(896K) NonClass: 694K(768K)->694K(768K) Class: 63K(128K)->63K(128K)
[2024-09-08T23:16:33.258+0800][info] GC(19) Pause Young (Concurrent Start) (G1 Humongous Allocation) 46M->22M(128M) 0.993ms
[2024-09-08T23:16:33.258+0800][info] GC(19) User=0.00s Sys=0.00s Real=0.00s
[2024-09-08T23:16:33.258+0800][info] GC(20) Concurrent Undo Cycle
[2024-09-08T23:16:33.258+0800][info] GC(20) Concurrent Cleanup for Next Mark
[2024-09-08T23:16:33.258+0800][info] GC(20) Concurrent Cleanup for Next Mark 0.225ms
[2024-09-08T23:16:33.258+0800][info] GC(20) Concurrent Undo Cycle 0.304ms
[2024-09-08T23:16:33.271+0800][info] GC(21) Pause Young (Concurrent Start) (G1 Humongous Allocation)
[2024-09-08T23:16:33.271+0800][info] GC(21) Using 3 workers of 48 for evacuation
[2024-09-08T23:16:33.271+0800][info] GC(21)   Pre Evacuate Collection Set: 0.1ms
[2024-09-08T23:16:33.271+0800][info] GC(21)   Merge Heap Roots: 0.0ms
[2024-09-08T23:16:33.271+0800][info] GC(21)   Evacuate Collection Set: 0.2ms
[2024-09-08T23:16:33.271+0800][info] GC(21)   Post Evacuate Collection Set: 0.2ms
[2024-09-08T23:16:33.271+0800][info] GC(21)   Other: 0.3ms
[2024-09-08T23:16:33.271+0800][info] GC(21) Eden regions: 0->0(1)
[2024-09-08T23:16:33.271+0800][info] GC(21) Survivor regions: 1->1(1)
[2024-09-08T23:16:33.271+0800][info] GC(21) Old regions: 5->5
[2024-09-08T23:16:33.271+0800][info] GC(21) Archive regions: 2->2
[2024-09-08T23:16:33.271+0800][info] GC(21) Humongous regions: 6->0
[2024-09-08T23:16:33.271+0800][info] GC(21) Metaspace: 758K(896K)->758K(896K) NonClass: 694K(768K)->694K(768K) Class: 63K(128K)->63K(128K)
[2024-09-08T23:16:33.271+0800][info] GC(21) Pause Young (Concurrent Start) (G1 Humongous Allocation) 46M->22M(128M) 0.821ms
[2024-09-08T23:16:33.271+0800][info] GC(21) User=0.00s Sys=0.00s Real=0.00s
[2024-09-08T23:16:33.271+0800][info] GC(22) Concurrent Undo Cycle
[2024-09-08T23:16:33.271+0800][info] GC(22) Concurrent Cleanup for Next Mark
[2024-09-08T23:16:33.272+0800][info] GC(22) Concurrent Cleanup for Next Mark 0.163ms
[2024-09-08T23:16:33.272+0800][info] GC(22) Concurrent Undo Cycle 0.215ms
[2024-09-08T23:16:33.284+0800][info] GC(23) Pause Young (Concurrent Start) (G1 Humongous Allocation)
[2024-09-08T23:16:33.284+0800][info] GC(23) Using 3 workers of 48 for evacuation
[2024-09-08T23:16:33.285+0800][info] GC(23)   Pre Evacuate Collection Set: 0.1ms
[2024-09-08T23:16:33.285+0800][info] GC(23)   Merge Heap Roots: 0.0ms
[2024-09-08T23:16:33.285+0800][info] GC(23)   Evacuate Collection Set: 0.2ms
[2024-09-08T23:16:33.285+0800][info] GC(23)   Post Evacuate Collection Set: 0.2ms
[2024-09-08T23:16:33.285+0800][info] GC(23)   Other: 0.3ms
[2024-09-08T23:16:33.285+0800][info] GC(23) Eden regions: 0->0(1)
[2024-09-08T23:16:33.285+0800][info] GC(23) Survivor regions: 1->1(1)
[2024-09-08T23:16:33.285+0800][info] GC(23) Old regions: 5->5
[2024-09-08T23:16:33.285+0800][info] GC(23) Archive regions: 2->2
[2024-09-08T23:16:33.285+0800][info] GC(23) Humongous regions: 6->0
[2024-09-08T23:16:33.285+0800][info] GC(23) Metaspace: 758K(896K)->758K(896K) NonClass: 694K(768K)->694K(768K) Class: 63K(128K)->63K(128K)
[2024-09-08T23:16:33.285+0800][info] GC(23) Pause Young (Concurrent Start) (G1 Humongous Allocation) 46M->22M(128M) 0.888ms
[2024-09-08T23:16:33.285+0800][info] GC(23) User=0.00s Sys=0.00s Real=0.01s
[2024-09-08T23:16:33.285+0800][info] GC(24) Concurrent Undo Cycle
[2024-09-08T23:16:33.285+0800][info] GC(24) Concurrent Cleanup for Next Mark
[2024-09-08T23:16:33.285+0800][info] GC(24) Concurrent Cleanup for Next Mark 0.216ms
[2024-09-08T23:16:33.285+0800][info] GC(24) Concurrent Undo Cycle 0.306ms
[2024-09-08T23:16:33.298+0800][info] GC(25) Pause Young (Concurrent Start) (G1 Humongous Allocation)
[2024-09-08T23:16:33.298+0800][info] GC(25) Using 3 workers of 48 for evacuation
[2024-09-08T23:16:33.298+0800][info] GC(25)   Pre Evacuate Collection Set: 0.0ms
[2024-09-08T23:16:33.298+0800][info] GC(25)   Merge Heap Roots: 0.0ms
[2024-09-08T23:16:33.298+0800][info] GC(25)   Evacuate Collection Set: 0.2ms
[2024-09-08T23:16:33.298+0800][info] GC(25)   Post Evacuate Collection Set: 0.2ms
[2024-09-08T23:16:33.298+0800][info] GC(25)   Other: 0.3ms
[2024-09-08T23:16:33.299+0800][info] GC(25) Eden regions: 0->0(1)
[2024-09-08T23:16:33.299+0800][info] GC(25) Survivor regions: 1->1(1)
[2024-09-08T23:16:33.299+0800][info] GC(25) Old regions: 5->5
[2024-09-08T23:16:33.299+0800][info] GC(25) Archive regions: 2->2
[2024-09-08T23:16:33.299+0800][info] GC(25) Humongous regions: 6->0
[2024-09-08T23:16:33.299+0800][info] GC(25) Metaspace: 758K(896K)->758K(896K) NonClass: 694K(768K)->694K(768K) Class: 63K(128K)->63K(128K)
[2024-09-08T23:16:33.299+0800][info] GC(25) Pause Young (Concurrent Start) (G1 Humongous Allocation) 46M->22M(128M) 0.864ms
[2024-09-08T23:16:33.299+0800][info] GC(25) User=0.00s Sys=0.00s Real=0.00s
[2024-09-08T23:16:33.299+0800][info] GC(26) Concurrent Undo Cycle
[2024-09-08T23:16:33.299+0800][info] GC(26) Concurrent Cleanup for Next Mark
[2024-09-08T23:16:33.299+0800][info] GC(26) Concurrent Cleanup for Next Mark 0.270ms
[2024-09-08T23:16:33.299+0800][info] GC(26) Concurrent Undo Cycle 0.328ms
[2024-09-08T23:16:33.311+0800][info] GC(27) Pause Young (Concurrent Start) (G1 Humongous Allocation)
[2024-09-08T23:16:33.311+0800][info] GC(27) Using 3 workers of 48 for evacuation
[2024-09-08T23:16:33.312+0800][info] GC(27)   Pre Evacuate Collection Set: 0.0ms
[2024-09-08T23:16:33.312+0800][info] GC(27)   Merge Heap Roots: 0.0ms
[2024-09-08T23:16:33.312+0800][info] GC(27)   Evacuate Collection Set: 0.2ms
[2024-09-08T23:16:33.312+0800][info] GC(27)   Post Evacuate Collection Set: 0.2ms
[2024-09-08T23:16:33.312+0800][info] GC(27)   Other: 0.2ms
[2024-09-08T23:16:33.312+0800][info] GC(27) Eden regions: 0->0(1)
[2024-09-08T23:16:33.312+0800][info] GC(27) Survivor regions: 1->1(1)
[2024-09-08T23:16:33.312+0800][info] GC(27) Old regions: 5->5
[2024-09-08T23:16:33.312+0800][info] GC(27) Archive regions: 2->2
[2024-09-08T23:16:33.312+0800][info] GC(27) Humongous regions: 6->0
[2024-09-08T23:16:33.312+0800][info] GC(27) Metaspace: 758K(896K)->758K(896K) NonClass: 694K(768K)->694K(768K) Class: 63K(128K)->63K(128K)
[2024-09-08T23:16:33.312+0800][info] GC(27) Pause Young (Concurrent Start) (G1 Humongous Allocation) 46M->22M(128M) 0.866ms
[2024-09-08T23:16:33.312+0800][info] GC(27) User=0.00s Sys=0.00s Real=0.00s
[2024-09-08T23:16:33.312+0800][info] GC(28) Concurrent Undo Cycle
[2024-09-08T23:16:33.312+0800][info] GC(28) Concurrent Cleanup for Next Mark
[2024-09-08T23:16:33.312+0800][info] GC(28) Concurrent Cleanup for Next Mark 0.179ms
[2024-09-08T23:16:33.312+0800][info] GC(28) Concurrent Undo Cycle 0.241ms
[2024-09-08T23:16:33.325+0800][info] GC(29) Pause Young (Concurrent Start) (G1 Humongous Allocation)
[2024-09-08T23:16:33.325+0800][info] GC(29) Using 3 workers of 48 for evacuation
[2024-09-08T23:16:33.325+0800][info] GC(29)   Pre Evacuate Collection Set: 0.1ms
[2024-09-08T23:16:33.325+0800][info] GC(29)   Merge Heap Roots: 0.0ms
[2024-09-08T23:16:33.325+0800][info] GC(29)   Evacuate Collection Set: 0.2ms
[2024-09-08T23:16:33.325+0800][info] GC(29)   Post Evacuate Collection Set: 0.2ms
[2024-09-08T23:16:33.325+0800][info] GC(29)   Other: 0.2ms
[2024-09-08T23:16:33.325+0800][info] GC(29) Eden regions: 0->0(1)
[2024-09-08T23:16:33.325+0800][info] GC(29) Survivor regions: 1->1(1)
[2024-09-08T23:16:33.325+0800][info] GC(29) Old regions: 5->5
[2024-09-08T23:16:33.325+0800][info] GC(29) Archive regions: 2->2
[2024-09-08T23:16:33.325+0800][info] GC(29) Humongous regions: 6->0
[2024-09-08T23:16:33.325+0800][info] GC(29) Metaspace: 758K(896K)->758K(896K) NonClass: 694K(768K)->694K(768K) Class: 63K(128K)->63K(128K)
[2024-09-08T23:16:33.326+0800][info] GC(29) Pause Young (Concurrent Start) (G1 Humongous Allocation) 46M->22M(128M) 0.840ms
[2024-09-08T23:16:33.326+0800][info] GC(29) User=0.00s Sys=0.00s Real=0.01s
[2024-09-08T23:16:33.326+0800][info] GC(30) Concurrent Undo Cycle
[2024-09-08T23:16:33.326+0800][info] GC(30) Concurrent Cleanup for Next Mark
[2024-09-08T23:16:33.326+0800][info] GC(30) Concurrent Cleanup for Next Mark 0.197ms
[2024-09-08T23:16:33.326+0800][info] GC(30) Concurrent Undo Cycle 0.258ms
[2024-09-08T23:16:33.338+0800][info] GC(31) Pause Young (Concurrent Start) (G1 Humongous Allocation)
[2024-09-08T23:16:33.338+0800][info] GC(31) Using 3 workers of 48 for evacuation
[2024-09-08T23:16:33.338+0800][info] GC(31)   Pre Evacuate Collection Set: 0.0ms
[2024-09-08T23:16:33.339+0800][info] GC(31)   Merge Heap Roots: 0.0ms
[2024-09-08T23:16:33.339+0800][info] GC(31)   Evacuate Collection Set: 0.2ms
[2024-09-08T23:16:33.339+0800][info] GC(31)   Post Evacuate Collection Set: 0.2ms
[2024-09-08T23:16:33.339+0800][info] GC(31)   Other: 0.3ms
[2024-09-08T23:16:33.339+0800][info] GC(31) Eden regions: 0->0(1)
[2024-09-08T23:16:33.339+0800][info] GC(31) Survivor regions: 1->1(1)
[2024-09-08T23:16:33.339+0800][info] GC(31) Old regions: 5->5
[2024-09-08T23:16:33.339+0800][info] GC(31) Archive regions: 2->2
[2024-09-08T23:16:33.339+0800][info] GC(31) Humongous regions: 6->0
[2024-09-08T23:16:33.339+0800][info] GC(31) Metaspace: 758K(896K)->758K(896K) NonClass: 694K(768K)->694K(768K) Class: 63K(128K)->63K(128K)
[2024-09-08T23:16:33.339+0800][info] GC(31) Pause Young (Concurrent Start) (G1 Humongous Allocation) 46M->22M(128M) 0.858ms
[2024-09-08T23:16:33.339+0800][info] GC(31) User=0.00s Sys=0.00s Real=0.00s
[2024-09-08T23:16:33.339+0800][info] GC(32) Concurrent Undo Cycle
[2024-09-08T23:16:33.339+0800][info] GC(32) Concurrent Cleanup for Next Mark
[2024-09-08T23:16:33.339+0800][info] GC(32) Concurrent Cleanup for Next Mark 0.186ms
[2024-09-08T23:16:33.339+0800][info] GC(32) Concurrent Undo Cycle 0.247ms
[2024-09-08T23:16:33.351+0800][info] GC(33) Pause Young (Concurrent Start) (G1 Humongous Allocation)
[2024-09-08T23:16:33.351+0800][info] GC(33) Using 3 workers of 48 for evacuation
[2024-09-08T23:16:33.352+0800][info] GC(33)   Pre Evacuate Collection Set: 0.0ms
[2024-09-08T23:16:33.352+0800][info] GC(33)   Merge Heap Roots: 0.0ms
[2024-09-08T23:16:33.352+0800][info] GC(33)   Evacuate Collection Set: 0.2ms
[2024-09-08T23:16:33.352+0800][info] GC(33)   Post Evacuate Collection Set: 0.2ms
[2024-09-08T23:16:33.352+0800][info] GC(33)   Other: 0.2ms
[2024-09-08T23:16:33.352+0800][info] GC(33) Eden regions: 0->0(1)
[2024-09-08T23:16:33.352+0800][info] GC(33) Survivor regions: 1->1(1)
[2024-09-08T23:16:33.352+0800][info] GC(33) Old regions: 5->5
[2024-09-08T23:16:33.352+0800][info] GC(33) Archive regions: 2->2
[2024-09-08T23:16:33.352+0800][info] GC(33) Humongous regions: 6->0
[2024-09-08T23:16:33.352+0800][info] GC(33) Metaspace: 758K(896K)->758K(896K) NonClass: 694K(768K)->694K(768K) Class: 63K(128K)->63K(128K)
[2024-09-08T23:16:33.352+0800][info] GC(33) Pause Young (Concurrent Start) (G1 Humongous Allocation) 46M->22M(128M) 0.841ms
[2024-09-08T23:16:33.352+0800][info] GC(33) User=0.00s Sys=0.00s Real=0.00s
[2024-09-08T23:16:33.352+0800][info] GC(34) Concurrent Undo Cycle
[2024-09-08T23:16:33.352+0800][info] GC(34) Concurrent Cleanup for Next Mark
[2024-09-08T23:16:33.352+0800][info] GC(34) Concurrent Cleanup for Next Mark 0.162ms
[2024-09-08T23:16:33.352+0800][info] GC(34) Concurrent Undo Cycle 0.232ms
[2024-09-08T23:16:33.364+0800][info] GC(35) Pause Young (Concurrent Start) (G1 Humongous Allocation)
[2024-09-08T23:16:33.364+0800][info] GC(35) Using 3 workers of 48 for evacuation
[2024-09-08T23:16:33.365+0800][info] GC(35)   Pre Evacuate Collection Set: 0.0ms
[2024-09-08T23:16:33.365+0800][info] GC(35)   Merge Heap Roots: 0.0ms
[2024-09-08T23:16:33.365+0800][info] GC(35)   Evacuate Collection Set: 0.2ms
[2024-09-08T23:16:33.365+0800][info] GC(35)   Post Evacuate Collection Set: 0.2ms
[2024-09-08T23:16:33.365+0800][info] GC(35)   Other: 0.3ms
[2024-09-08T23:16:33.365+0800][info] GC(35) Eden regions: 0->0(1)
[2024-09-08T23:16:33.365+0800][info] GC(35) Survivor regions: 1->1(1)
[2024-09-08T23:16:33.365+0800][info] GC(35) Old regions: 5->5
[2024-09-08T23:16:33.365+0800][info] GC(35) Archive regions: 2->2
[2024-09-08T23:16:33.365+0800][info] GC(35) Humongous regions: 6->0
[2024-09-08T23:16:33.365+0800][info] GC(35) Metaspace: 758K(896K)->758K(896K) NonClass: 694K(768K)->694K(768K) Class: 63K(128K)->63K(128K)
[2024-09-08T23:16:33.365+0800][info] GC(35) Pause Young (Concurrent Start) (G1 Humongous Allocation) 46M->22M(128M) 0.894ms
[2024-09-08T23:16:33.365+0800][info] GC(35) User=0.00s Sys=0.00s Real=0.01s
[2024-09-08T23:16:33.365+0800][info] GC(36) Concurrent Undo Cycle
[2024-09-08T23:16:33.365+0800][info] GC(36) Concurrent Cleanup for Next Mark
[2024-09-08T23:16:33.365+0800][info] GC(36) Concurrent Cleanup for Next Mark 0.186ms
[2024-09-08T23:16:33.365+0800][info] GC(36) Concurrent Undo Cycle 0.256ms
[2024-09-08T23:16:33.378+0800][info] GC(37) Pause Young (Concurrent Start) (G1 Humongous Allocation)
[2024-09-08T23:16:33.378+0800][info] GC(37) Using 3 workers of 48 for evacuation
[2024-09-08T23:16:33.378+0800][info] GC(37)   Pre Evacuate Collection Set: 0.1ms
[2024-09-08T23:16:33.378+0800][info] GC(37)   Merge Heap Roots: 0.0ms
[2024-09-08T23:16:33.378+0800][info] GC(37)   Evacuate Collection Set: 0.2ms
[2024-09-08T23:16:33.378+0800][info] GC(37)   Post Evacuate Collection Set: 0.2ms
[2024-09-08T23:16:33.378+0800][info] GC(37)   Other: 0.3ms
[2024-09-08T23:16:33.378+0800][info] GC(37) Eden regions: 0->0(1)
[2024-09-08T23:16:33.378+0800][info] GC(37) Survivor regions: 1->1(1)
[2024-09-08T23:16:33.378+0800][info] GC(37) Old regions: 5->5
[2024-09-08T23:16:33.378+0800][info] GC(37) Archive regions: 2->2
[2024-09-08T23:16:33.378+0800][info] GC(37) Humongous regions: 6->0
[2024-09-08T23:16:33.378+0800][info] GC(37) Metaspace: 758K(896K)->758K(896K) NonClass: 694K(768K)->694K(768K) Class: 63K(128K)->63K(128K)
[2024-09-08T23:16:33.379+0800][info] GC(37) Pause Young (Concurrent Start) (G1 Humongous Allocation) 46M->22M(128M) 0.860ms
[2024-09-08T23:16:33.379+0800][info] GC(37) User=0.00s Sys=0.00s Real=0.00s
[2024-09-08T23:16:33.379+0800][info] GC(38) Concurrent Undo Cycle
[2024-09-08T23:16:33.379+0800][info] GC(38) Concurrent Cleanup for Next Mark
[2024-09-08T23:16:33.379+0800][info] GC(38) Concurrent Cleanup for Next Mark 0.261ms
[2024-09-08T23:16:33.379+0800][info] GC(38) Concurrent Undo Cycle 0.317ms
[2024-09-08T23:16:33.391+0800][info] GC(39) Pause Young (Concurrent Start) (G1 Humongous Allocation)
[2024-09-08T23:16:33.391+0800][info] GC(39) Using 3 workers of 48 for evacuation
[2024-09-08T23:16:33.392+0800][info] GC(39)   Pre Evacuate Collection Set: 0.0ms
[2024-09-08T23:16:33.392+0800][info] GC(39)   Merge Heap Roots: 0.0ms
[2024-09-08T23:16:33.392+0800][info] GC(39)   Evacuate Collection Set: 0.2ms
[2024-09-08T23:16:33.392+0800][info] GC(39)   Post Evacuate Collection Set: 0.2ms
[2024-09-08T23:16:33.392+0800][info] GC(39)   Other: 0.2ms
[2024-09-08T23:16:33.392+0800][info] GC(39) Eden regions: 0->0(1)
[2024-09-08T23:16:33.392+0800][info] GC(39) Survivor regions: 1->1(1)
[2024-09-08T23:16:33.392+0800][info] GC(39) Old regions: 5->5
[2024-09-08T23:16:33.392+0800][info] GC(39) Archive regions: 2->2
[2024-09-08T23:16:33.392+0800][info] GC(39) Humongous regions: 6->0
[2024-09-08T23:16:33.392+0800][info] GC(39) Metaspace: 758K(896K)->758K(896K) NonClass: 694K(768K)->694K(768K) Class: 63K(128K)->63K(128K)
[2024-09-08T23:16:33.392+0800][info] GC(39) Pause Young (Concurrent Start) (G1 Humongous Allocation) 46M->22M(128M) 0.857ms
[2024-09-08T23:16:33.392+0800][info] GC(39) User=0.00s Sys=0.00s Real=0.00s
[2024-09-08T23:16:33.392+0800][info] GC(40) Concurrent Undo Cycle
[2024-09-08T23:16:33.392+0800][info] GC(40) Concurrent Cleanup for Next Mark
[2024-09-08T23:16:33.392+0800][info] GC(40) Concurrent Cleanup for Next Mark 0.175ms
[2024-09-08T23:16:33.392+0800][info] GC(40) Concurrent Undo Cycle 0.245ms
[2024-09-08T23:16:33.404+0800][info] GC(41) Pause Young (Concurrent Start) (G1 Humongous Allocation)
[2024-09-08T23:16:33.404+0800][info] GC(41) Using 3 workers of 48 for evacuation
[2024-09-08T23:16:33.405+0800][info] GC(41)   Pre Evacuate Collection Set: 0.0ms
[2024-09-08T23:16:33.405+0800][info] GC(41)   Merge Heap Roots: 0.0ms
[2024-09-08T23:16:33.405+0800][info] GC(41)   Evacuate Collection Set: 0.2ms
[2024-09-08T23:16:33.405+0800][info] GC(41)   Post Evacuate Collection Set: 0.2ms
[2024-09-08T23:16:33.405+0800][info] GC(41)   Other: 0.2ms
[2024-09-08T23:16:33.405+0800][info] GC(41) Eden regions: 0->0(1)
[2024-09-08T23:16:33.405+0800][info] GC(41) Survivor regions: 1->1(1)
[2024-09-08T23:16:33.405+0800][info] GC(41) Old regions: 5->5
[2024-09-08T23:16:33.405+0800][info] GC(41) Archive regions: 2->2
[2024-09-08T23:16:33.405+0800][info] GC(41) Humongous regions: 6->0
[2024-09-08T23:16:33.405+0800][info] GC(41) Metaspace: 758K(896K)->758K(896K) NonClass: 694K(768K)->694K(768K) Class: 63K(128K)->63K(128K)
[2024-09-08T23:16:33.405+0800][info] GC(41) Pause Young (Concurrent Start) (G1 Humongous Allocation) 46M->22M(128M) 0.860ms
[2024-09-08T23:16:33.405+0800][info] GC(41) User=0.00s Sys=0.00s Real=0.01s
[2024-09-08T23:16:33.405+0800][info] GC(42) Concurrent Undo Cycle
[2024-09-08T23:16:33.405+0800][info] GC(42) Concurrent Cleanup for Next Mark
[2024-09-08T23:16:33.405+0800][info] GC(42) Concurrent Cleanup for Next Mark 0.189ms
[2024-09-08T23:16:33.405+0800][info] GC(42) Concurrent Undo Cycle 0.244ms
[2024-09-08T23:16:33.417+0800][info] GC(43) Pause Young (Concurrent Start) (G1 Humongous Allocation)
[2024-09-08T23:16:33.417+0800][info] GC(43) Using 3 workers of 48 for evacuation
[2024-09-08T23:16:33.418+0800][info] GC(43)   Pre Evacuate Collection Set: 0.1ms
[2024-09-08T23:16:33.418+0800][info] GC(43)   Merge Heap Roots: 0.0ms
[2024-09-08T23:16:33.418+0800][info] GC(43)   Evacuate Collection Set: 0.2ms
[2024-09-08T23:16:33.418+0800][info] GC(43)   Post Evacuate Collection Set: 0.2ms
[2024-09-08T23:16:33.418+0800][info] GC(43)   Other: 0.2ms
[2024-09-08T23:16:33.418+0800][info] GC(43) Eden regions: 0->0(1)
[2024-09-08T23:16:33.418+0800][info] GC(43) Survivor regions: 1->1(1)
[2024-09-08T23:16:33.418+0800][info] GC(43) Old regions: 5->5
[2024-09-08T23:16:33.418+0800][info] GC(43) Archive regions: 2->2
[2024-09-08T23:16:33.418+0800][info] GC(43) Humongous regions: 6->0
[2024-09-08T23:16:33.418+0800][info] GC(43) Metaspace: 758K(896K)->758K(896K) NonClass: 694K(768K)->694K(768K) Class: 63K(128K)->63K(128K)
[2024-09-08T23:16:33.418+0800][info] GC(43) Pause Young (Concurrent Start) (G1 Humongous Allocation) 46M->22M(128M) 0.826ms
[2024-09-08T23:16:33.418+0800][info] GC(43) User=0.00s Sys=0.00s Real=0.00s
[2024-09-08T23:16:33.418+0800][info] GC(44) Concurrent Undo Cycle
[2024-09-08T23:16:33.418+0800][info] GC(44) Concurrent Cleanup for Next Mark
[2024-09-08T23:16:33.418+0800][info] GC(44) Concurrent Cleanup for Next Mark 0.179ms
[2024-09-08T23:16:33.418+0800][info] GC(44) Concurrent Undo Cycle 0.223ms
[2024-09-08T23:16:33.431+0800][info] GC(45) Pause Young (Concurrent Start) (G1 Humongous Allocation)
[2024-09-08T23:16:33.431+0800][info] GC(45) Using 3 workers of 48 for evacuation
[2024-09-08T23:16:33.431+0800][info] GC(45)   Pre Evacuate Collection Set: 0.1ms
[2024-09-08T23:16:33.431+0800][info] GC(45)   Merge Heap Roots: 0.0ms
[2024-09-08T23:16:33.431+0800][info] GC(45)   Evacuate Collection Set: 0.2ms
[2024-09-08T23:16:33.431+0800][info] GC(45)   Post Evacuate Collection Set: 0.2ms
[2024-09-08T23:16:33.431+0800][info] GC(45)   Other: 0.3ms
[2024-09-08T23:16:33.431+0800][info] GC(45) Eden regions: 0->0(1)
[2024-09-08T23:16:33.431+0800][info] GC(45) Survivor regions: 1->0(1)
[2024-09-08T23:16:33.431+0800][info] GC(45) Old regions: 5->5
[2024-09-08T23:16:33.431+0800][info] GC(45) Archive regions: 2->2
[2024-09-08T23:16:33.431+0800][info] GC(45) Humongous regions: 6->0
[2024-09-08T23:16:33.431+0800][info] GC(45) Metaspace: 758K(896K)->758K(896K) NonClass: 694K(768K)->694K(768K) Class: 63K(128K)->63K(128K)
[2024-09-08T23:16:33.432+0800][info] GC(45) Pause Young (Concurrent Start) (G1 Humongous Allocation) 46M->22M(128M) 0.877ms
[2024-09-08T23:16:33.432+0800][info] GC(45) User=0.00s Sys=0.00s Real=0.00s
[2024-09-08T23:16:33.432+0800][info] GC(46) Concurrent Undo Cycle
[2024-09-08T23:16:33.432+0800][info] GC(46) Concurrent Cleanup for Next Mark
[2024-09-08T23:16:33.432+0800][info] GC(46) Concurrent Cleanup for Next Mark 0.167ms
[2024-09-08T23:16:33.432+0800][info] GC(46) Concurrent Undo Cycle 0.224ms
[2024-09-08T23:16:33.444+0800][info] GC(47) Pause Young (Concurrent Start) (G1 Humongous Allocation)
[2024-09-08T23:16:33.444+0800][info] GC(47) Using 3 workers of 48 for evacuation
[2024-09-08T23:16:33.445+0800][info] GC(47)   Pre Evacuate Collection Set: 0.0ms
[2024-09-08T23:16:33.445+0800][info] GC(47)   Merge Heap Roots: 0.0ms
[2024-09-08T23:16:33.445+0800][info] GC(47)   Evacuate Collection Set: 0.2ms
[2024-09-08T23:16:33.445+0800][info] GC(47)   Post Evacuate Collection Set: 0.2ms
[2024-09-08T23:16:33.445+0800][info] GC(47)   Other: 0.2ms
[2024-09-08T23:16:33.445+0800][info] GC(47) Eden regions: 0->0(1)
[2024-09-08T23:16:33.445+0800][info] GC(47) Survivor regions: 0->0(1)
[2024-09-08T23:16:33.445+0800][info] GC(47) Old regions: 5->5
[2024-09-08T23:16:33.445+0800][info] GC(47) Archive regions: 2->2
[2024-09-08T23:16:33.445+0800][info] GC(47) Humongous regions: 6->0
[2024-09-08T23:16:33.445+0800][info] GC(47) Metaspace: 758K(896K)->758K(896K) NonClass: 694K(768K)->694K(768K) Class: 63K(128K)->63K(128K)
[2024-09-08T23:16:33.445+0800][info] GC(47) Pause Young (Concurrent Start) (G1 Humongous Allocation) 46M->22M(128M) 0.817ms
[2024-09-08T23:16:33.445+0800][info] GC(47) User=0.00s Sys=0.00s Real=0.00s
[2024-09-08T23:16:33.445+0800][info] GC(48) Concurrent Undo Cycle
[2024-09-08T23:16:33.445+0800][info] GC(48) Concurrent Cleanup for Next Mark
[2024-09-08T23:16:33.445+0800][info] GC(48) Concurrent Cleanup for Next Mark 0.186ms
[2024-09-08T23:16:33.445+0800][info] GC(48) Concurrent Undo Cycle 0.244ms
[2024-09-08T23:16:33.457+0800][info] GC(49) Pause Young (Concurrent Start) (G1 Humongous Allocation)
[2024-09-08T23:16:33.457+0800][info] GC(49) Using 3 workers of 48 for evacuation
[2024-09-08T23:16:33.458+0800][info] GC(49)   Pre Evacuate Collection Set: 0.0ms
[2024-09-08T23:16:33.458+0800][info] GC(49)   Merge Heap Roots: 0.0ms
[2024-09-08T23:16:33.458+0800][info] GC(49)   Evacuate Collection Set: 0.2ms
[2024-09-08T23:16:33.458+0800][info] GC(49)   Post Evacuate Collection Set: 0.2ms
[2024-09-08T23:16:33.458+0800][info] GC(49)   Other: 0.2ms
[2024-09-08T23:16:33.458+0800][info] GC(49) Eden regions: 0->0(1)
[2024-09-08T23:16:33.458+0800][info] GC(49) Survivor regions: 0->0(1)
[2024-09-08T23:16:33.458+0800][info] GC(49) Old regions: 5->5
[2024-09-08T23:16:33.458+0800][info] GC(49) Archive regions: 2->2
[2024-09-08T23:16:33.458+0800][info] GC(49) Humongous regions: 6->0
[2024-09-08T23:16:33.458+0800][info] GC(49) Metaspace: 758K(896K)->758K(896K) NonClass: 694K(768K)->694K(768K) Class: 63K(128K)->63K(128K)
[2024-09-08T23:16:33.458+0800][info] GC(49) Pause Young (Concurrent Start) (G1 Humongous Allocation) 46M->22M(128M) 0.829ms
[2024-09-08T23:16:33.458+0800][info] GC(49) User=0.00s Sys=0.00s Real=0.00s
[2024-09-08T23:16:33.458+0800][info] GC(50) Concurrent Undo Cycle
[2024-09-08T23:16:33.458+0800][info] GC(50) Concurrent Cleanup for Next Mark
[2024-09-08T23:16:33.458+0800][info] GC(50) Concurrent Cleanup for Next Mark 0.245ms
[2024-09-08T23:16:33.458+0800][info] GC(50) Concurrent Undo Cycle 0.292ms
[2024-09-08T23:16:33.470+0800][info] GC(51) Pause Young (Concurrent Start) (G1 Humongous Allocation)
[2024-09-08T23:16:33.470+0800][info] GC(51) Using 3 workers of 48 for evacuation
[2024-09-08T23:16:33.471+0800][info] GC(51)   Pre Evacuate Collection Set: 0.1ms
[2024-09-08T23:16:33.471+0800][info] GC(51)   Merge Heap Roots: 0.0ms
[2024-09-08T23:16:33.471+0800][info] GC(51)   Evacuate Collection Set: 0.3ms
[2024-09-08T23:16:33.471+0800][info] GC(51)   Post Evacuate Collection Set: 0.2ms
[2024-09-08T23:16:33.471+0800][info] GC(51)   Other: 0.2ms
[2024-09-08T23:16:33.471+0800][info] GC(51) Eden regions: 0->0(1)
[2024-09-08T23:16:33.471+0800][info] GC(51) Survivor regions: 0->0(1)
[2024-09-08T23:16:33.471+0800][info] GC(51) Old regions: 5->5
[2024-09-08T23:16:33.471+0800][info] GC(51) Archive regions: 2->2
[2024-09-08T23:16:33.471+0800][info] GC(51) Humongous regions: 6->0
[2024-09-08T23:16:33.471+0800][info] GC(51) Metaspace: 758K(896K)->758K(896K) NonClass: 694K(768K)->694K(768K) Class: 63K(128K)->63K(128K)
[2024-09-08T23:16:33.471+0800][info] GC(51) Pause Young (Concurrent Start) (G1 Humongous Allocation) 46M->22M(128M) 0.960ms
[2024-09-08T23:16:33.471+0800][info] GC(51) User=0.00s Sys=0.00s Real=0.00s
[2024-09-08T23:16:33.471+0800][info] GC(52) Concurrent Undo Cycle
[2024-09-08T23:16:33.471+0800][info] GC(52) Concurrent Cleanup for Next Mark
[2024-09-08T23:16:33.472+0800][info] GC(52) Concurrent Cleanup for Next Mark 0.171ms
[2024-09-08T23:16:33.472+0800][info] GC(52) Concurrent Undo Cycle 0.219ms
[2024-09-08T23:16:33.484+0800][info] GC(53) Pause Young (Concurrent Start) (G1 Humongous Allocation)
[2024-09-08T23:16:33.484+0800][info] GC(53) Using 3 workers of 48 for evacuation
[2024-09-08T23:16:33.485+0800][info] GC(53)   Pre Evacuate Collection Set: 0.1ms
[2024-09-08T23:16:33.485+0800][info] GC(53)   Merge Heap Roots: 0.0ms
[2024-09-08T23:16:33.485+0800][info] GC(53)   Evacuate Collection Set: 0.2ms
[2024-09-08T23:16:33.485+0800][info] GC(53)   Post Evacuate Collection Set: 0.2ms
[2024-09-08T23:16:33.485+0800][info] GC(53)   Other: 0.3ms
[2024-09-08T23:16:33.485+0800][info] GC(53) Eden regions: 0->0(1)
[2024-09-08T23:16:33.485+0800][info] GC(53) Survivor regions: 0->0(1)
[2024-09-08T23:16:33.485+0800][info] GC(53) Old regions: 5->5
[2024-09-08T23:16:33.485+0800][info] GC(53) Archive regions: 2->2
[2024-09-08T23:16:33.485+0800][info] GC(53) Humongous regions: 6->0
[2024-09-08T23:16:33.485+0800][info] GC(53) Metaspace: 758K(896K)->758K(896K) NonClass: 694K(768K)->694K(768K) Class: 63K(128K)->63K(128K)
[2024-09-08T23:16:33.485+0800][info] GC(53) Pause Young (Concurrent Start) (G1 Humongous Allocation) 46M->22M(128M) 0.885ms
[2024-09-08T23:16:33.485+0800][info] GC(53) User=0.00s Sys=0.00s Real=0.01s
[2024-09-08T23:16:33.485+0800][info] GC(54) Concurrent Undo Cycle
[2024-09-08T23:16:33.485+0800][info] GC(54) Concurrent Cleanup for Next Mark
[2024-09-08T23:16:33.486+0800][info] GC(54) Concurrent Cleanup for Next Mark 0.196ms
[2024-09-08T23:16:33.486+0800][info] GC(54) Concurrent Undo Cycle 0.241ms
[2024-09-08T23:16:33.503+0800][info] GC(55) Pause Young (Normal) (G1 Evacuation Pause)
[2024-09-08T23:16:33.503+0800][info] GC(55) Using 3 workers of 48 for evacuation
[2024-09-08T23:16:33.504+0800][info] GC(55)   Pre Evacuate Collection Set: 0.0ms
[2024-09-08T23:16:33.504+0800][info] GC(55)   Merge Heap Roots: 0.0ms
[2024-09-08T23:16:33.504+0800][info] GC(55)   Evacuate Collection Set: 0.6ms
[2024-09-08T23:16:33.504+0800][info] GC(55)   Post Evacuate Collection Set: 0.2ms
[2024-09-08T23:16:33.504+0800][info] GC(55)   Other: 0.2ms
[2024-09-08T23:16:33.504+0800][info] GC(55) Eden regions: 1->0(1)
[2024-09-08T23:16:33.504+0800][info] GC(55) Survivor regions: 0->1(1)
[2024-09-08T23:16:33.504+0800][info] GC(55) Old regions: 5->5
[2024-09-08T23:16:33.504+0800][info] GC(55) Archive regions: 2->2
[2024-09-08T23:16:33.504+0800][info] GC(55) Humongous regions: 3->0
[2024-09-08T23:16:33.504+0800][info] GC(55) Metaspace: 758K(896K)->758K(896K) NonClass: 695K(768K)->695K(768K) Class: 63K(128K)->63K(128K)
[2024-09-08T23:16:33.504+0800][info] GC(55) Pause Young (Normal) (G1 Evacuation Pause) 38M->26M(128M) 1.105ms
[2024-09-08T23:16:33.504+0800][info] GC(55) User=0.01s Sys=0.00s Real=0.00s
[2024-09-08T23:16:33.505+0800][info] GC(56) Pause Young (Normal) (G1 Evacuation Pause)
[2024-09-08T23:16:33.505+0800][info] GC(56) Using 3 workers of 48 for evacuation
[2024-09-08T23:16:33.507+0800][info] GC(56)   Pre Evacuate Collection Set: 0.0ms
[2024-09-08T23:16:33.507+0800][info] GC(56)   Merge Heap Roots: 0.0ms
[2024-09-08T23:16:33.507+0800][info] GC(56)   Evacuate Collection Set: 1.1ms
[2024-09-08T23:16:33.507+0800][info] GC(56)   Post Evacuate Collection Set: 0.2ms
[2024-09-08T23:16:33.507+0800][info] GC(56)   Other: 0.1ms
[2024-09-08T23:16:33.507+0800][info] GC(56) Eden regions: 1->0(1)
[2024-09-08T23:16:33.507+0800][info] GC(56) Survivor regions: 1->1(1)
[2024-09-08T23:16:33.507+0800][info] GC(56) Old regions: 5->6
[2024-09-08T23:16:33.507+0800][info] GC(56) Archive regions: 2->2
[2024-09-08T23:16:33.507+0800][info] GC(56) Humongous regions: 0->0
[2024-09-08T23:16:33.507+0800][info] GC(56) Metaspace: 758K(896K)->758K(896K) NonClass: 695K(768K)->695K(768K) Class: 63K(128K)->63K(128K)
[2024-09-08T23:16:33.507+0800][info] GC(56) Pause Young (Normal) (G1 Evacuation Pause) 29M->29M(128M) 1.660ms
[2024-09-08T23:16:33.507+0800][info] GC(56) User=0.00s Sys=0.00s Real=0.00s
[2024-09-08T23:16:33.508+0800][info] GC(57) Pause Young (Normal) (G1 Evacuation Pause)
[2024-09-08T23:16:33.508+0800][info] GC(57) Using 3 workers of 48 for evacuation
[2024-09-08T23:16:33.509+0800][info] GC(57)   Pre Evacuate Collection Set: 0.0ms
[2024-09-08T23:16:33.509+0800][info] GC(57)   Merge Heap Roots: 0.0ms
[2024-09-08T23:16:33.509+0800][info] GC(57)   Evacuate Collection Set: 1.0ms
[2024-09-08T23:16:33.509+0800][info] GC(57)   Post Evacuate Collection Set: 0.2ms
[2024-09-08T23:16:33.509+0800][info] GC(57)   Other: 0.1ms
[2024-09-08T23:16:33.509+0800][info] GC(57) Eden regions: 1->0(1)
[2024-09-08T23:16:33.509+0800][info] GC(57) Survivor regions: 1->1(1)
[2024-09-08T23:16:33.509+0800][info] GC(57) Old regions: 6->7
[2024-09-08T23:16:33.509+0800][info] GC(57) Archive regions: 2->2
[2024-09-08T23:16:33.509+0800][info] GC(57) Humongous regions: 0->0
[2024-09-08T23:16:33.509+0800][info] GC(57) Metaspace: 758K(896K)->758K(896K) NonClass: 695K(768K)->695K(768K) Class: 63K(128K)->63K(128K)
[2024-09-08T23:16:33.509+0800][info] GC(57) Pause Young (Normal) (G1 Evacuation Pause) 33M->33M(128M) 1.425ms
[2024-09-08T23:16:33.509+0800][info] GC(57) User=0.00s Sys=0.00s Real=0.00s
[2024-09-08T23:16:33.510+0800][info] GC(58) Pause Young (Normal) (G1 Evacuation Pause)
[2024-09-08T23:16:33.510+0800][info] GC(58) Using 3 workers of 48 for evacuation
[2024-09-08T23:16:33.512+0800][info] GC(58)   Pre Evacuate Collection Set: 0.0ms
[2024-09-08T23:16:33.512+0800][info] GC(58)   Merge Heap Roots: 0.0ms
[2024-09-08T23:16:33.512+0800][info] GC(58)   Evacuate Collection Set: 0.9ms
[2024-09-08T23:16:33.512+0800][info] GC(58)   Post Evacuate Collection Set: 0.2ms
[2024-09-08T23:16:33.512+0800][info] GC(58)   Other: 0.1ms
[2024-09-08T23:16:33.512+0800][info] GC(58) Eden regions: 1->0(1)
[2024-09-08T23:16:33.512+0800][info] GC(58) Survivor regions: 1->1(1)
[2024-09-08T23:16:33.512+0800][info] GC(58) Old regions: 7->8
[2024-09-08T23:16:33.512+0800][info] GC(58) Archive regions: 2->2
[2024-09-08T23:16:33.512+0800][info] GC(58) Humongous regions: 0->0
[2024-09-08T23:16:33.512+0800][info] GC(58) Metaspace: 758K(896K)->758K(896K) NonClass: 695K(768K)->695K(768K) Class: 63K(128K)->63K(128K)
[2024-09-08T23:16:33.512+0800][info] GC(58) Pause Young (Normal) (G1 Evacuation Pause) 37M->37M(128M) 1.613ms
[2024-09-08T23:16:33.512+0800][info] GC(58) User=0.00s Sys=0.00s Real=0.00s
[2024-09-08T23:16:33.513+0800][info] GC(59) Pause Young (Normal) (G1 Evacuation Pause)
[2024-09-08T23:16:33.513+0800][info] GC(59) Using 3 workers of 48 for evacuation
[2024-09-08T23:16:33.514+0800][info] GC(59)   Pre Evacuate Collection Set: 0.0ms
[2024-09-08T23:16:33.514+0800][info] GC(59)   Merge Heap Roots: 0.0ms
[2024-09-08T23:16:33.514+0800][info] GC(59)   Evacuate Collection Set: 0.9ms
[2024-09-08T23:16:33.514+0800][info] GC(59)   Post Evacuate Collection Set: 0.2ms
[2024-09-08T23:16:33.514+0800][info] GC(59)   Other: 0.1ms
[2024-09-08T23:16:33.514+0800][info] GC(59) Eden regions: 1->0(1)
[2024-09-08T23:16:33.514+0800][info] GC(59) Survivor regions: 1->1(1)
[2024-09-08T23:16:33.514+0800][info] GC(59) Old regions: 8->9
[2024-09-08T23:16:33.514+0800][info] GC(59) Archive regions: 2->2
[2024-09-08T23:16:33.514+0800][info] GC(59) Humongous regions: 0->0
[2024-09-08T23:16:33.514+0800][info] GC(59) Metaspace: 758K(896K)->758K(896K) NonClass: 695K(768K)->695K(768K) Class: 63K(128K)->63K(128K)
[2024-09-08T23:16:33.514+0800][info] GC(59) Pause Young (Normal) (G1 Evacuation Pause) 41M->41M(128M) 1.443ms
[2024-09-08T23:16:33.514+0800][info] GC(59) User=0.00s Sys=0.00s Real=0.00s
[2024-09-08T23:16:33.515+0800][info] GC(60) Pause Young (Normal) (G1 Evacuation Pause)
[2024-09-08T23:16:33.515+0800][info] GC(60) Using 3 workers of 48 for evacuation
[2024-09-08T23:16:33.516+0800][info] GC(60)   Pre Evacuate Collection Set: 0.0ms
[2024-09-08T23:16:33.516+0800][info] GC(60)   Merge Heap Roots: 0.0ms
[2024-09-08T23:16:33.516+0800][info] GC(60)   Evacuate Collection Set: 0.9ms
[2024-09-08T23:16:33.516+0800][info] GC(60)   Post Evacuate Collection Set: 0.2ms
[2024-09-08T23:16:33.517+0800][info] GC(60)   Other: 0.1ms
[2024-09-08T23:16:33.517+0800][info] GC(60) Eden regions: 1->0(1)
[2024-09-08T23:16:33.517+0800][info] GC(60) Survivor regions: 1->1(1)
[2024-09-08T23:16:33.517+0800][info] GC(60) Old regions: 9->10
[2024-09-08T23:16:33.517+0800][info] GC(60) Archive regions: 2->2
[2024-09-08T23:16:33.517+0800][info] GC(60) Humongous regions: 0->0
[2024-09-08T23:16:33.517+0800][info] GC(60) Metaspace: 758K(896K)->758K(896K) NonClass: 695K(768K)->695K(768K) Class: 63K(128K)->63K(128K)
[2024-09-08T23:16:33.517+0800][info] GC(60) Pause Young (Normal) (G1 Evacuation Pause) 45M->45M(128M) 1.395ms
[2024-09-08T23:16:33.517+0800][info] GC(60) User=0.01s Sys=0.00s Real=0.00s
[2024-09-08T23:16:33.518+0800][info] GC(61) Pause Young (Normal) (G1 Evacuation Pause)
[2024-09-08T23:16:33.518+0800][info] GC(61) Using 3 workers of 48 for evacuation
[2024-09-08T23:16:33.519+0800][info] GC(61)   Pre Evacuate Collection Set: 0.0ms
[2024-09-08T23:16:33.519+0800][info] GC(61)   Merge Heap Roots: 0.0ms
[2024-09-08T23:16:33.519+0800][info] GC(61)   Evacuate Collection Set: 0.9ms
[2024-09-08T23:16:33.519+0800][info] GC(61)   Post Evacuate Collection Set: 0.2ms
[2024-09-08T23:16:33.519+0800][info] GC(61)   Other: 0.1ms
[2024-09-08T23:16:33.519+0800][info] GC(61) Eden regions: 1->0(1)
[2024-09-08T23:16:33.519+0800][info] GC(61) Survivor regions: 1->1(1)
[2024-09-08T23:16:33.519+0800][info] GC(61) Old regions: 10->11
[2024-09-08T23:16:33.519+0800][info] GC(61) Archive regions: 2->2
[2024-09-08T23:16:33.519+0800][info] GC(61) Humongous regions: 0->0
[2024-09-08T23:16:33.519+0800][info] GC(61) Metaspace: 758K(896K)->758K(896K) NonClass: 695K(768K)->695K(768K) Class: 63K(128K)->63K(128K)
[2024-09-08T23:16:33.519+0800][info] GC(61) Pause Young (Normal) (G1 Evacuation Pause) 49M->49M(128M) 1.390ms
[2024-09-08T23:16:33.519+0800][info] GC(61) User=0.00s Sys=0.00s Real=0.00s
[2024-09-08T23:16:33.520+0800][info] GC(62) Pause Young (Normal) (G1 Evacuation Pause)
[2024-09-08T23:16:33.520+0800][info] GC(62) Using 3 workers of 48 for evacuation
[2024-09-08T23:16:33.521+0800][info] GC(62)   Pre Evacuate Collection Set: 0.0ms
[2024-09-08T23:16:33.521+0800][info] GC(62)   Merge Heap Roots: 0.0ms
[2024-09-08T23:16:33.521+0800][info] GC(62)   Evacuate Collection Set: 0.9ms
[2024-09-08T23:16:33.521+0800][info] GC(62)   Post Evacuate Collection Set: 0.2ms
[2024-09-08T23:16:33.521+0800][info] GC(62)   Other: 0.1ms
[2024-09-08T23:16:33.521+0800][info] GC(62) Eden regions: 1->0(1)
[2024-09-08T23:16:33.521+0800][info] GC(62) Survivor regions: 1->1(1)
[2024-09-08T23:16:33.521+0800][info] GC(62) Old regions: 11->12
[2024-09-08T23:16:33.521+0800][info] GC(62) Archive regions: 2->2
[2024-09-08T23:16:33.521+0800][info] GC(62) Humongous regions: 0->0
[2024-09-08T23:16:33.521+0800][info] GC(62) Metaspace: 758K(896K)->758K(896K) NonClass: 695K(768K)->695K(768K) Class: 63K(128K)->63K(128K)
[2024-09-08T23:16:33.521+0800][info] GC(62) Pause Young (Normal) (G1 Evacuation Pause) 53M->53M(128M) 1.374ms
[2024-09-08T23:16:33.521+0800][info] GC(62) User=0.01s Sys=0.00s Real=0.00s
[2024-09-08T23:16:33.522+0800][info] GC(63) Pause Young (Normal) (G1 Evacuation Pause)
[2024-09-08T23:16:33.522+0800][info] GC(63) Using 3 workers of 48 for evacuation
[2024-09-08T23:16:33.523+0800][info] GC(63)   Pre Evacuate Collection Set: 0.0ms
[2024-09-08T23:16:33.523+0800][info] GC(63)   Merge Heap Roots: 0.0ms
[2024-09-08T23:16:33.523+0800][info] GC(63)   Evacuate Collection Set: 0.9ms
[2024-09-08T23:16:33.523+0800][info] GC(63)   Post Evacuate Collection Set: 0.2ms
[2024-09-08T23:16:33.523+0800][info] GC(63)   Other: 0.1ms
[2024-09-08T23:16:33.523+0800][info] GC(63) Eden regions: 1->0(1)
[2024-09-08T23:16:33.523+0800][info] GC(63) Survivor regions: 1->1(1)
[2024-09-08T23:16:33.523+0800][info] GC(63) Old regions: 12->13
[2024-09-08T23:16:33.523+0800][info] GC(63) Archive regions: 2->2
[2024-09-08T23:16:33.523+0800][info] GC(63) Humongous regions: 0->0
[2024-09-08T23:16:33.523+0800][info] GC(63) Metaspace: 758K(896K)->758K(896K) NonClass: 695K(768K)->695K(768K) Class: 63K(128K)->63K(128K)
[2024-09-08T23:16:33.523+0800][info] GC(63) Pause Young (Normal) (G1 Evacuation Pause) 57M->57M(128M) 1.370ms
[2024-09-08T23:16:33.523+0800][info] GC(63) User=0.00s Sys=0.00s Real=0.00s
[2024-09-08T23:16:33.524+0800][info] GC(64) Pause Young (Concurrent Start) (G1 Evacuation Pause)
[2024-09-08T23:16:33.524+0800][info] GC(64) Using 3 workers of 48 for evacuation
[2024-09-08T23:16:33.526+0800][info] GC(64)   Pre Evacuate Collection Set: 0.1ms
[2024-09-08T23:16:33.526+0800][info] GC(64)   Merge Heap Roots: 0.0ms
[2024-09-08T23:16:33.526+0800][info] GC(64)   Evacuate Collection Set: 1.2ms
[2024-09-08T23:16:33.526+0800][info] GC(64)   Post Evacuate Collection Set: 0.2ms
[2024-09-08T23:16:33.526+0800][info] GC(64)   Other: 0.2ms
[2024-09-08T23:16:33.526+0800][info] GC(64) Eden regions: 1->0(1)
[2024-09-08T23:16:33.526+0800][info] GC(64) Survivor regions: 1->1(1)
[2024-09-08T23:16:33.526+0800][info] GC(64) Old regions: 13->14
[2024-09-08T23:16:33.526+0800][info] GC(64) Archive regions: 2->2
[2024-09-08T23:16:33.526+0800][info] GC(64) Humongous regions: 0->0
[2024-09-08T23:16:33.526+0800][info] GC(64) Metaspace: 758K(896K)->758K(896K) NonClass: 695K(768K)->695K(768K) Class: 63K(128K)->63K(128K)
[2024-09-08T23:16:33.526+0800][info] GC(64) Pause Young (Concurrent Start) (G1 Evacuation Pause) 61M->61M(128M) 1.763ms
[2024-09-08T23:16:33.526+0800][info] GC(64) User=0.01s Sys=0.00s Real=0.01s
[2024-09-08T23:16:33.526+0800][info] GC(65) Concurrent Mark Cycle
[2024-09-08T23:16:33.526+0800][info] GC(65) Concurrent Clear Claimed Marks
[2024-09-08T23:16:33.526+0800][info] GC(65) Concurrent Clear Claimed Marks 0.023ms
[2024-09-08T23:16:33.526+0800][info] GC(65) Concurrent Scan Root Regions
[2024-09-08T23:16:33.526+0800][info] GC(65) Concurrent Scan Root Regions 0.217ms
[2024-09-08T23:16:33.526+0800][info] GC(65) Concurrent Mark
[2024-09-08T23:16:33.526+0800][info] GC(65) Concurrent Mark From Roots
[2024-09-08T23:16:33.526+0800][info] GC(65) Using 12 workers of 12 for marking
[2024-09-08T23:16:33.528+0800][info] GC(65) Concurrent Mark From Roots 1.968ms
[2024-09-08T23:16:33.528+0800][info] GC(65) Concurrent Preclean
[2024-09-08T23:16:33.530+0800][info] GC(65) Concurrent Preclean 1.710ms
[2024-09-08T23:16:33.530+0800][info] GC(65) Pause Remark
[2024-09-08T23:16:33.531+0800][info] GC(65) Pause Remark 61M->53M(128M) 1.181ms
[2024-09-08T23:16:33.531+0800][info] GC(65) User=0.00s Sys=0.00s Real=0.00s
[2024-09-08T23:16:33.531+0800][info] GC(65) Concurrent Mark 5.038ms
[2024-09-08T23:16:33.531+0800][info] GC(65) Concurrent Rebuild Remembered Sets
[2024-09-08T23:16:33.536+0800][info] GC(65) Concurrent Rebuild Remembered Sets 4.598ms
[2024-09-08T23:16:33.536+0800][info] GC(65) Pause Cleanup
[2024-09-08T23:16:33.536+0800][info] GC(65) Pause Cleanup 53M->53M(128M) 0.337ms
[2024-09-08T23:16:33.536+0800][info] GC(65) User=0.00s Sys=0.00s Real=0.00s
[2024-09-08T23:16:33.536+0800][info] GC(65) Concurrent Cleanup for Next Mark
[2024-09-08T23:16:33.537+0800][info] GC(65) Concurrent Cleanup for Next Mark 0.199ms
[2024-09-08T23:16:33.537+0800][info] GC(65) Concurrent Mark Cycle 10.685ms
[2024-09-08T23:16:33.630+0800][info] GC(66) Pause Young (Prepare Mixed) (G1 Evacuation Pause)
[2024-09-08T23:16:33.630+0800][info] GC(66) Using 3 workers of 48 for evacuation
[2024-09-08T23:16:33.631+0800][info] GC(66)   Pre Evacuate Collection Set: 0.0ms
[2024-09-08T23:16:33.631+0800][info] GC(66)   Merge Heap Roots: 0.0ms
[2024-09-08T23:16:33.631+0800][info] GC(66)   Evacuate Collection Set: 1.0ms
[2024-09-08T23:16:33.631+0800][info] GC(66)   Post Evacuate Collection Set: 0.1ms
[2024-09-08T23:16:33.631+0800][info] GC(66)   Other: 0.1ms
[2024-09-08T23:16:33.631+0800][info] GC(66) Eden regions: 1->0(1)
[2024-09-08T23:16:33.631+0800][info] GC(66) Survivor regions: 1->1(1)
[2024-09-08T23:16:33.631+0800][info] GC(66) Old regions: 12->13
[2024-09-08T23:16:33.631+0800][info] GC(66) Archive regions: 2->2
[2024-09-08T23:16:33.631+0800][info] GC(66) Humongous regions: 0->0
[2024-09-08T23:16:33.631+0800][info] GC(66) Metaspace: 761K(896K)->761K(896K) NonClass: 697K(768K)->697K(768K) Class: 63K(128K)->63K(128K)
[2024-09-08T23:16:33.631+0800][info] GC(66) Pause Young (Prepare Mixed) (G1 Evacuation Pause) 57M->57M(128M) 1.512ms
[2024-09-08T23:16:33.631+0800][info] GC(66) User=0.00s Sys=0.00s Real=0.00s
[2024-09-08T23:16:33.632+0800][info] GC(67) Pause Young (Mixed) (G1 Evacuation Pause)
[2024-09-08T23:16:33.632+0800][info] GC(67) Using 3 workers of 48 for evacuation
[2024-09-08T23:16:33.633+0800][info] GC(67)   Pre Evacuate Collection Set: 0.0ms
[2024-09-08T23:16:33.633+0800][info] GC(67)   Merge Heap Roots: 0.0ms
[2024-09-08T23:16:33.633+0800][info] GC(67)   Evacuate Collection Set: 0.9ms
[2024-09-08T23:16:33.633+0800][info] GC(67)   Post Evacuate Collection Set: 0.2ms
[2024-09-08T23:16:33.633+0800][info] GC(67)   Other: 0.1ms
[2024-09-08T23:16:33.633+0800][info] GC(67) Eden regions: 1->0(4)
[2024-09-08T23:16:33.633+0800][info] GC(67) Survivor regions: 1->1(1)
[2024-09-08T23:16:33.633+0800][info] GC(67) Old regions: 13->13
[2024-09-08T23:16:33.633+0800][info] GC(67) Archive regions: 2->2
[2024-09-08T23:16:33.633+0800][info] GC(67) Humongous regions: 0->0
[2024-09-08T23:16:33.633+0800][info] GC(67) Metaspace: 761K(896K)->761K(896K) NonClass: 697K(768K)->697K(768K) Class: 63K(128K)->63K(128K)
[2024-09-08T23:16:33.633+0800][info] GC(67) Pause Young (Mixed) (G1 Evacuation Pause) 61M->57M(128M) 1.343ms
[2024-09-08T23:16:33.633+0800][info] GC(67) User=0.00s Sys=0.00s Real=0.00s
[2024-09-08T23:16:33.637+0800][info] GC(68) Pause Young (Concurrent Start) (G1 Evacuation Pause)
[2024-09-08T23:16:33.637+0800][info] GC(68) Using 3 workers of 48 for evacuation
[2024-09-08T23:16:33.640+0800][info] GC(68)   Pre Evacuate Collection Set: 0.0ms
[2024-09-08T23:16:33.640+0800][info] GC(68)   Merge Heap Roots: 0.0ms
[2024-09-08T23:16:33.640+0800][info] GC(68)   Evacuate Collection Set: 2.5ms
[2024-09-08T23:16:33.640+0800][info] GC(68)   Post Evacuate Collection Set: 0.1ms
[2024-09-08T23:16:33.640+0800][info] GC(68)   Other: 0.3ms
[2024-09-08T23:16:33.640+0800][info] GC(68) Eden regions: 4->0(3)
[2024-09-08T23:16:33.640+0800][info] GC(68) Survivor regions: 1->1(1)
[2024-09-08T23:16:33.640+0800][info] GC(68) Old regions: 13->17
[2024-09-08T23:16:33.640+0800][info] GC(68) Archive regions: 2->2
[2024-09-08T23:16:33.640+0800][info] GC(68) Humongous regions: 0->0
[2024-09-08T23:16:33.640+0800][info] GC(68) Metaspace: 761K(896K)->761K(896K) NonClass: 697K(768K)->697K(768K) Class: 63K(128K)->63K(128K)
[2024-09-08T23:16:33.640+0800][info] GC(68) Pause Young (Concurrent Start) (G1 Evacuation Pause) 73M->73M(128M) 3.149ms
[2024-09-08T23:16:33.640+0800][info] GC(68) User=0.01s Sys=0.00s Real=0.00s
[2024-09-08T23:16:33.640+0800][info] GC(69) Concurrent Mark Cycle
[2024-09-08T23:16:33.640+0800][info] GC(69) Concurrent Clear Claimed Marks
[2024-09-08T23:16:33.640+0800][info] GC(69) Concurrent Clear Claimed Marks 0.022ms
[2024-09-08T23:16:33.640+0800][info] GC(69) Concurrent Scan Root Regions
[2024-09-08T23:16:33.641+0800][info] GC(69) Concurrent Scan Root Regions 0.340ms
[2024-09-08T23:16:33.641+0800][info] GC(69) Concurrent Mark
[2024-09-08T23:16:33.641+0800][info] GC(69) Concurrent Mark From Roots
[2024-09-08T23:16:33.641+0800][info] GC(69) Using 12 workers of 12 for marking
[2024-09-08T23:16:33.643+0800][info] GC(69) Concurrent Mark From Roots 2.651ms
[2024-09-08T23:16:33.643+0800][info] GC(69) Concurrent Preclean
[2024-09-08T23:16:33.645+0800][info] GC(69) Concurrent Preclean 1.707ms
[2024-09-08T23:16:33.645+0800][info] GC(69) Pause Remark
[2024-09-08T23:16:33.646+0800][info] GC(69) Pause Remark 73M->73M(128M) 1.014ms
[2024-09-08T23:16:33.646+0800][info] GC(69) User=0.00s Sys=0.00s Real=0.00s
[2024-09-08T23:16:33.646+0800][info] GC(69) Concurrent Mark 5.579ms
[2024-09-08T23:16:33.646+0800][info] GC(69) Concurrent Rebuild Remembered Sets
[2024-09-08T23:16:33.646+0800][info] GC(69) Concurrent Rebuild Remembered Sets 0.017ms
[2024-09-08T23:16:33.646+0800][info] GC(69) Pause Cleanup
[2024-09-08T23:16:33.646+0800][info] GC(69) Pause Cleanup 73M->73M(128M) 0.036ms
[2024-09-08T23:16:33.646+0800][info] GC(69) User=0.00s Sys=0.00s Real=0.00s
[2024-09-08T23:16:33.646+0800][info] GC(69) Concurrent Cleanup for Next Mark
[2024-09-08T23:16:33.647+0800][info] GC(69) Concurrent Cleanup for Next Mark 0.204ms
[2024-09-08T23:16:33.647+0800][info] GC(69) Concurrent Mark Cycle 6.469ms
[2024-09-08T23:16:33.747+0800][info] GC(70) Pause Young (Normal) (G1 Evacuation Pause)
[2024-09-08T23:16:33.747+0800][info] GC(70) Using 3 workers of 48 for evacuation
[2024-09-08T23:16:33.749+0800][info] GC(70)   Pre Evacuate Collection Set: 0.0ms
[2024-09-08T23:16:33.749+0800][info] GC(70)   Merge Heap Roots: 0.0ms
[2024-09-08T23:16:33.749+0800][info] GC(70)   Evacuate Collection Set: 2.0ms
[2024-09-08T23:16:33.749+0800][info] GC(70)   Post Evacuate Collection Set: 0.1ms
[2024-09-08T23:16:33.749+0800][info] GC(70)   Other: 0.2ms
[2024-09-08T23:16:33.749+0800][info] GC(70) Eden regions: 3->0(2)
[2024-09-08T23:16:33.749+0800][info] GC(70) Survivor regions: 1->1(1)
[2024-09-08T23:16:33.749+0800][info] GC(70) Old regions: 17->20
[2024-09-08T23:16:33.749+0800][info] GC(70) Archive regions: 2->2
[2024-09-08T23:16:33.749+0800][info] GC(70) Humongous regions: 0->0
[2024-09-08T23:16:33.749+0800][info] GC(70) Metaspace: 772K(896K)->772K(896K) NonClass: 709K(768K)->709K(768K) Class: 63K(128K)->63K(128K)
[2024-09-08T23:16:33.749+0800][info] GC(70) Pause Young (Normal) (G1 Evacuation Pause) 85M->85M(128M) 2.529ms
[2024-09-08T23:16:33.749+0800][info] GC(70) User=0.00s Sys=0.00s Real=0.00s
[2024-09-08T23:16:33.751+0800][info] GC(71) Pause Young (Concurrent Start) (G1 Evacuation Pause)
[2024-09-08T23:16:33.751+0800][info] GC(71) Using 3 workers of 48 for evacuation
[2024-09-08T23:16:33.753+0800][info] GC(71)   Pre Evacuate Collection Set: 0.0ms
[2024-09-08T23:16:33.753+0800][info] GC(71)   Merge Heap Roots: 0.0ms
[2024-09-08T23:16:33.753+0800][info] GC(71)   Evacuate Collection Set: 1.4ms
[2024-09-08T23:16:33.753+0800][info] GC(71)   Post Evacuate Collection Set: 0.1ms
[2024-09-08T23:16:33.753+0800][info] GC(71)   Other: 0.2ms
[2024-09-08T23:16:33.753+0800][info] GC(71) Eden regions: 2->0(1)
[2024-09-08T23:16:33.753+0800][info] GC(71) Survivor regions: 1->1(1)
[2024-09-08T23:16:33.753+0800][info] GC(71) Old regions: 20->22
[2024-09-08T23:16:33.753+0800][info] GC(71) Archive regions: 2->2
[2024-09-08T23:16:33.753+0800][info] GC(71) Humongous regions: 0->0
[2024-09-08T23:16:33.753+0800][info] GC(71) Metaspace: 772K(896K)->772K(896K) NonClass: 709K(768K)->709K(768K) Class: 63K(128K)->63K(128K)
[2024-09-08T23:16:33.753+0800][info] GC(71) Pause Young (Concurrent Start) (G1 Evacuation Pause) 93M->93M(128M) 2.102ms
[2024-09-08T23:16:33.753+0800][info] GC(71) User=0.01s Sys=0.00s Real=0.00s
[2024-09-08T23:16:33.753+0800][info] GC(72) Concurrent Mark Cycle
[2024-09-08T23:16:33.753+0800][info] GC(72) Concurrent Clear Claimed Marks
[2024-09-08T23:16:33.753+0800][info] GC(72) Concurrent Clear Claimed Marks 0.016ms
[2024-09-08T23:16:33.753+0800][info] GC(72) Concurrent Scan Root Regions
[2024-09-08T23:16:33.753+0800][info] GC(72) Concurrent Scan Root Regions 0.401ms
[2024-09-08T23:16:33.754+0800][info] GC(72) Concurrent Mark
[2024-09-08T23:16:33.754+0800][info] GC(72) Concurrent Mark From Roots
[2024-09-08T23:16:33.754+0800][info] GC(72) Using 12 workers of 12 for marking
[2024-09-08T23:16:33.756+0800][info] GC(72) Concurrent Mark From Roots 2.368ms
[2024-09-08T23:16:33.756+0800][info] GC(72) Concurrent Preclean
[2024-09-08T23:16:33.758+0800][info] GC(72) Concurrent Preclean 1.759ms
[2024-09-08T23:16:33.758+0800][info] GC(72) Pause Remark
[2024-09-08T23:16:33.759+0800][info] GC(72) Pause Remark 93M->93M(128M) 1.134ms
[2024-09-08T23:16:33.759+0800][info] GC(72) User=0.00s Sys=0.00s Real=0.00s
[2024-09-08T23:16:33.759+0800][info] GC(72) Concurrent Mark 5.446ms
[2024-09-08T23:16:33.759+0800][info] GC(72) Concurrent Rebuild Remembered Sets
[2024-09-08T23:16:33.759+0800][info] GC(72) Concurrent Rebuild Remembered Sets 0.012ms
[2024-09-08T23:16:33.759+0800][info] GC(72) Pause Cleanup
[2024-09-08T23:16:33.759+0800][info] GC(72) Pause Cleanup 93M->93M(128M) 0.023ms
[2024-09-08T23:16:33.759+0800][info] GC(72) User=0.00s Sys=0.00s Real=0.00s
[2024-09-08T23:16:33.759+0800][info] GC(72) Concurrent Cleanup for Next Mark
[2024-09-08T23:16:33.759+0800][info] GC(72) Concurrent Cleanup for Next Mark 0.231ms
[2024-09-08T23:16:33.759+0800][info] GC(72) Concurrent Mark Cycle 6.350ms
[2024-09-08T23:16:33.857+0800][info] GC(73) Pause Young (Normal) (G1 Evacuation Pause)
[2024-09-08T23:16:33.857+0800][info] GC(73) Using 3 workers of 48 for evacuation
[2024-09-08T23:16:33.858+0800][info] GC(73)   Pre Evacuate Collection Set: 0.0ms
[2024-09-08T23:16:33.858+0800][info] GC(73)   Merge Heap Roots: 0.1ms
[2024-09-08T23:16:33.858+0800][info] GC(73)   Evacuate Collection Set: 1.0ms
[2024-09-08T23:16:33.858+0800][info] GC(73)   Post Evacuate Collection Set: 0.1ms
[2024-09-08T23:16:33.858+0800][info] GC(73)   Other: 0.2ms
[2024-09-08T23:16:33.858+0800][info] GC(73) Eden regions: 1->0(1)
[2024-09-08T23:16:33.858+0800][info] GC(73) Survivor regions: 1->1(1)
[2024-09-08T23:16:33.858+0800][info] GC(73) Old regions: 22->23
[2024-09-08T23:16:33.858+0800][info] GC(73) Archive regions: 2->2
[2024-09-08T23:16:33.858+0800][info] GC(73) Humongous regions: 0->0
[2024-09-08T23:16:33.858+0800][info] GC(73) Metaspace: 773K(896K)->773K(896K) NonClass: 710K(768K)->710K(768K) Class: 63K(128K)->63K(128K)
[2024-09-08T23:16:33.858+0800][info] GC(73) Pause Young (Normal) (G1 Evacuation Pause) 97M->97M(128M) 1.514ms
[2024-09-08T23:16:33.858+0800][info] GC(73) User=0.01s Sys=0.00s Real=0.01s
[2024-09-08T23:16:33.859+0800][info] GC(74) Pause Young (Concurrent Start) (G1 Evacuation Pause)
[2024-09-08T23:16:33.859+0800][info] GC(74) Using 3 workers of 48 for evacuation
[2024-09-08T23:16:33.860+0800][info] GC(74)   Pre Evacuate Collection Set: 0.0ms
[2024-09-08T23:16:33.860+0800][info] GC(74)   Merge Heap Roots: 0.0ms
[2024-09-08T23:16:33.860+0800][info] GC(74)   Evacuate Collection Set: 1.0ms
[2024-09-08T23:16:33.860+0800][info] GC(74)   Post Evacuate Collection Set: 0.1ms
[2024-09-08T23:16:33.860+0800][info] GC(74)   Other: 0.2ms
[2024-09-08T23:16:33.860+0800][info] GC(74) Eden regions: 1->0(1)
[2024-09-08T23:16:33.860+0800][info] GC(74) Survivor regions: 1->1(1)
[2024-09-08T23:16:33.860+0800][info] GC(74) Old regions: 23->24
[2024-09-08T23:16:33.860+0800][info] GC(74) Archive regions: 2->2
[2024-09-08T23:16:33.860+0800][info] GC(74) Humongous regions: 0->0
[2024-09-08T23:16:33.860+0800][info] GC(74) Metaspace: 773K(896K)->773K(896K) NonClass: 710K(768K)->710K(768K) Class: 63K(128K)->63K(128K)
[2024-09-08T23:16:33.860+0800][info] GC(74) Pause Young (Concurrent Start) (G1 Evacuation Pause) 101M->101M(128M) 1.548ms
[2024-09-08T23:16:33.860+0800][info] GC(74) User=0.00s Sys=0.00s Real=0.00s
[2024-09-08T23:16:33.860+0800][info] GC(75) Concurrent Mark Cycle
[2024-09-08T23:16:33.860+0800][info] GC(75) Concurrent Clear Claimed Marks
[2024-09-08T23:16:33.860+0800][info] GC(75) Concurrent Clear Claimed Marks 0.022ms
[2024-09-08T23:16:33.860+0800][info] GC(75) Concurrent Scan Root Regions
[2024-09-08T23:16:33.861+0800][info] GC(75) Concurrent Scan Root Regions 0.074ms
[2024-09-08T23:16:33.861+0800][info] GC(75) Concurrent Mark
[2024-09-08T23:16:33.861+0800][info] GC(75) Concurrent Mark From Roots
[2024-09-08T23:16:33.861+0800][info] GC(75) Using 12 workers of 12 for marking
[2024-09-08T23:16:33.862+0800][info] GC(75) Concurrent Mark From Roots 1.946ms
[2024-09-08T23:16:33.863+0800][info] GC(75) Concurrent Preclean
[2024-09-08T23:16:33.864+0800][info] GC(75) Concurrent Preclean 1.781ms
[2024-09-08T23:16:33.864+0800][info] GC(75) Pause Remark
[2024-09-08T23:16:33.866+0800][info] GC(75) Pause Remark 101M->101M(128M) 1.368ms
[2024-09-08T23:16:33.866+0800][info] GC(75) User=0.00s Sys=0.00s Real=0.01s
[2024-09-08T23:16:33.866+0800][info] GC(75) Concurrent Mark 5.277ms
[2024-09-08T23:16:33.866+0800][info] GC(75) Concurrent Rebuild Remembered Sets
[2024-09-08T23:16:33.866+0800][info] GC(75) Concurrent Rebuild Remembered Sets 0.022ms
[2024-09-08T23:16:33.866+0800][info] GC(75) Pause Cleanup
[2024-09-08T23:16:33.866+0800][info] GC(75) Pause Cleanup 101M->101M(128M) 0.029ms
[2024-09-08T23:16:33.866+0800][info] GC(75) User=0.00s Sys=0.00s Real=0.00s
[2024-09-08T23:16:33.866+0800][info] GC(75) Concurrent Cleanup for Next Mark
[2024-09-08T23:16:33.866+0800][info] GC(75) Concurrent Cleanup for Next Mark 0.205ms
[2024-09-08T23:16:33.866+0800][info] GC(75) Concurrent Mark Cycle 5.880ms
[2024-09-08T23:16:33.964+0800][info] GC(76) Pause Young (Normal) (G1 Preventive Collection)
[2024-09-08T23:16:33.964+0800][info] GC(76) Using 3 workers of 48 for evacuation
[2024-09-08T23:16:33.966+0800][info] GC(76)   Pre Evacuate Collection Set: 0.0ms
[2024-09-08T23:16:33.966+0800][info] GC(76)   Merge Heap Roots: 0.0ms
[2024-09-08T23:16:33.966+0800][info] GC(76)   Evacuate Collection Set: 1.0ms
[2024-09-08T23:16:33.966+0800][info] GC(76)   Post Evacuate Collection Set: 0.2ms
[2024-09-08T23:16:33.966+0800][info] GC(76)   Other: 0.1ms
[2024-09-08T23:16:33.966+0800][info] GC(76) Eden regions: 1->0(1)
[2024-09-08T23:16:33.966+0800][info] GC(76) Survivor regions: 1->1(1)
[2024-09-08T23:16:33.966+0800][info] GC(76) Old regions: 24->25
[2024-09-08T23:16:33.966+0800][info] GC(76) Archive regions: 2->2
[2024-09-08T23:16:33.966+0800][info] GC(76) Humongous regions: 0->0
[2024-09-08T23:16:33.966+0800][info] GC(76) Metaspace: 780K(896K)->780K(896K) NonClass: 716K(768K)->716K(768K) Class: 63K(128K)->63K(128K)
[2024-09-08T23:16:33.966+0800][info] GC(76) Pause Young (Normal) (G1 Preventive Collection) 105M->105M(128M) 1.535ms
[2024-09-08T23:16:33.966+0800][info] GC(76) User=0.01s Sys=0.00s Real=0.01s
[2024-09-08T23:16:33.966+0800][info] GC(77) Pause Young (Concurrent Start) (G1 Preventive Collection)
[2024-09-08T23:16:33.966+0800][info] GC(77) Using 3 workers of 48 for evacuation
[2024-09-08T23:16:33.968+0800][info] GC(77)   Pre Evacuate Collection Set: 0.0ms
[2024-09-08T23:16:33.968+0800][info] GC(77)   Merge Heap Roots: 0.0ms
[2024-09-08T23:16:33.968+0800][info] GC(77)   Evacuate Collection Set: 0.9ms
[2024-09-08T23:16:33.968+0800][info] GC(77)   Post Evacuate Collection Set: 0.1ms
[2024-09-08T23:16:33.968+0800][info] GC(77)   Other: 0.2ms
[2024-09-08T23:16:33.968+0800][info] GC(77) Eden regions: 1->0(2)
[2024-09-08T23:16:33.968+0800][info] GC(77) Survivor regions: 1->1(1)
[2024-09-08T23:16:33.968+0800][info] GC(77) Old regions: 25->26
[2024-09-08T23:16:33.968+0800][info] GC(77) Archive regions: 2->2
[2024-09-08T23:16:33.968+0800][info] GC(77) Humongous regions: 0->0
[2024-09-08T23:16:33.968+0800][info] GC(77) Metaspace: 780K(896K)->780K(896K) NonClass: 716K(768K)->716K(768K) Class: 63K(128K)->63K(128K)
[2024-09-08T23:16:33.968+0800][info] GC(77) Pause Young (Concurrent Start) (G1 Preventive Collection) 109M->109M(128M) 1.544ms
[2024-09-08T23:16:33.968+0800][info] GC(77) User=0.00s Sys=0.00s Real=0.00s
[2024-09-08T23:16:33.968+0800][info] GC(78) Concurrent Mark Cycle
[2024-09-08T23:16:33.968+0800][info] GC(78) Concurrent Clear Claimed Marks
[2024-09-08T23:16:33.968+0800][info] GC(78) Concurrent Clear Claimed Marks 0.016ms
[2024-09-08T23:16:33.968+0800][info] GC(78) Concurrent Scan Root Regions
[2024-09-08T23:16:33.968+0800][info] GC(78) Concurrent Scan Root Regions 0.059ms
[2024-09-08T23:16:33.968+0800][info] GC(78) Concurrent Mark
[2024-09-08T23:16:33.968+0800][info] GC(78) Concurrent Mark From Roots
[2024-09-08T23:16:33.968+0800][info] GC(78) Using 12 workers of 12 for marking
[2024-09-08T23:16:33.970+0800][info] GC(78) Concurrent Mark From Roots 1.809ms
[2024-09-08T23:16:33.970+0800][info] GC(78) Concurrent Preclean
[2024-09-08T23:16:33.971+0800][info] GC(78) Concurrent Preclean 1.333ms
[2024-09-08T23:16:33.971+0800][info] GC(78) Pause Remark
[2024-09-08T23:16:33.973+0800][info] GC(78) Pause Remark 109M->109M(128M) 1.190ms
[2024-09-08T23:16:33.973+0800][info] GC(78) User=0.00s Sys=0.00s Real=0.00s
[2024-09-08T23:16:33.973+0800][info] GC(78) Concurrent Mark 4.479ms
[2024-09-08T23:16:33.973+0800][info] GC(78) Concurrent Rebuild Remembered Sets
[2024-09-08T23:16:33.973+0800][info] GC(78) Concurrent Rebuild Remembered Sets 0.010ms
[2024-09-08T23:16:33.973+0800][info] GC(78) Pause Cleanup
[2024-09-08T23:16:33.973+0800][info] GC(78) Pause Cleanup 109M->109M(128M) 0.044ms
[2024-09-08T23:16:33.973+0800][info] GC(78) User=0.00s Sys=0.00s Real=0.00s
[2024-09-08T23:16:33.973+0800][info] GC(78) Concurrent Cleanup for Next Mark
[2024-09-08T23:16:33.973+0800][info] GC(78) Concurrent Cleanup for Next Mark 0.171ms
[2024-09-08T23:16:33.973+0800][info] GC(78) Concurrent Mark Cycle 4.984ms
[2024-09-08T23:16:34.082+0800][info] GC(79) Pause Young (Normal) (G1 Preventive Collection)
[2024-09-08T23:16:34.082+0800][info] GC(79) Using 3 workers of 48 for evacuation
[2024-09-08T23:16:34.083+0800][info] GC(79)   Pre Evacuate Collection Set: 0.0ms
[2024-09-08T23:16:34.083+0800][info] GC(79)   Merge Heap Roots: 0.0ms
[2024-09-08T23:16:34.083+0800][info] GC(79)   Evacuate Collection Set: 0.9ms
[2024-09-08T23:16:34.083+0800][info] GC(79)   Post Evacuate Collection Set: 0.1ms
[2024-09-08T23:16:34.083+0800][info] GC(79)   Other: 0.1ms
[2024-09-08T23:16:34.083+0800][info] GC(79) Eden regions: 1->0(1)
[2024-09-08T23:16:34.083+0800][info] GC(79) Survivor regions: 1->1(1)
[2024-09-08T23:16:34.083+0800][info] GC(79) Old regions: 26->27
[2024-09-08T23:16:34.083+0800][info] GC(79) Archive regions: 2->2
[2024-09-08T23:16:34.083+0800][info] GC(79) Humongous regions: 0->0
[2024-09-08T23:16:34.083+0800][info] GC(79) Metaspace: 780K(896K)->780K(896K) NonClass: 716K(768K)->716K(768K) Class: 63K(128K)->63K(128K)
[2024-09-08T23:16:34.083+0800][info] GC(79) Pause Young (Normal) (G1 Preventive Collection) 113M->113M(128M) 1.419ms
[2024-09-08T23:16:34.083+0800][info] GC(79) User=0.00s Sys=0.00s Real=0.00s
[2024-09-08T23:16:34.084+0800][info] GC(80) Pause Young (Concurrent Start) (G1 Preventive Collection)
[2024-09-08T23:16:34.084+0800][info] GC(80) Using 3 workers of 48 for evacuation
[2024-09-08T23:16:34.085+0800][info] GC(80) To-space exhausted
[2024-09-08T23:16:34.085+0800][info] GC(80)   Pre Evacuate Collection Set: 0.0ms
[2024-09-08T23:16:34.085+0800][info] GC(80)   Merge Heap Roots: 0.0ms
[2024-09-08T23:16:34.085+0800][info] GC(80)   Evacuate Collection Set: 0.8ms
[2024-09-08T23:16:34.085+0800][info] GC(80)   Post Evacuate Collection Set: 0.2ms
[2024-09-08T23:16:34.085+0800][info] GC(80)   Other: 0.2ms
[2024-09-08T23:16:34.085+0800][info] GC(80) Eden regions: 1->0(1)
[2024-09-08T23:16:34.085+0800][info] GC(80) Survivor regions: 1->1(1)
[2024-09-08T23:16:34.085+0800][info] GC(80) Old regions: 27->28
[2024-09-08T23:16:34.085+0800][info] GC(80) Archive regions: 2->2
[2024-09-08T23:16:34.085+0800][info] GC(80) Humongous regions: 0->0
[2024-09-08T23:16:34.085+0800][info] GC(80) Metaspace: 780K(896K)->780K(896K) NonClass: 716K(768K)->716K(768K) Class: 63K(128K)->63K(128K)
[2024-09-08T23:16:34.085+0800][info] GC(80) Pause Young (Concurrent Start) (G1 Preventive Collection) 117M->119M(128M) 1.422ms
[2024-09-08T23:16:34.085+0800][info] GC(80) User=0.00s Sys=0.00s Real=0.01s
[2024-09-08T23:16:34.085+0800][info] GC(81) Concurrent Mark Cycle
[2024-09-08T23:16:34.085+0800][info] GC(81) Concurrent Clear Claimed Marks
[2024-09-08T23:16:34.085+0800][info] GC(81) Concurrent Clear Claimed Marks 0.019ms
[2024-09-08T23:16:34.086+0800][info] GC(81) Concurrent Scan Root Regions
[2024-09-08T23:16:34.086+0800][info] GC(81) Concurrent Scan Root Regions 0.074ms
[2024-09-08T23:16:34.086+0800][info] GC(81) Concurrent Mark
[2024-09-08T23:16:34.086+0800][info] GC(81) Concurrent Mark From Roots
[2024-09-08T23:16:34.086+0800][info] GC(81) Using 12 workers of 12 for marking
[2024-09-08T23:16:34.087+0800][info] GC(81) Concurrent Mark From Roots 1.879ms
[2024-09-08T23:16:34.088+0800][info] GC(81) Concurrent Preclean
[2024-09-08T23:16:34.089+0800][info] GC(81) Concurrent Preclean 1.705ms
[2024-09-08T23:16:34.089+0800][info] GC(81) Pause Remark
[2024-09-08T23:16:34.090+0800][info] GC(81) Pause Remark 119M->27M(128M) 1.206ms
[2024-09-08T23:16:34.091+0800][info] GC(81) User=0.00s Sys=0.00s Real=0.00s
[2024-09-08T23:16:34.091+0800][info] GC(81) Concurrent Mark 4.953ms
[2024-09-08T23:16:34.091+0800][info] GC(81) Concurrent Rebuild Remembered Sets
[2024-09-08T23:16:34.092+0800][info] GC(81) Concurrent Rebuild Remembered Sets 1.471ms
[2024-09-08T23:16:34.092+0800][info] GC(81) Pause Cleanup
[2024-09-08T23:16:34.092+0800][info] GC(81) Pause Cleanup 27M->27M(128M) 0.144ms
[2024-09-08T23:16:34.092+0800][info] GC(81) User=0.00s Sys=0.00s Real=0.00s
[2024-09-08T23:16:34.092+0800][info] GC(81) Concurrent Cleanup for Next Mark
[2024-09-08T23:16:34.092+0800][info] GC(81) Concurrent Cleanup for Next Mark 0.174ms
[2024-09-08T23:16:34.092+0800][info] GC(81) Concurrent Mark Cycle 7.058ms
[2024-09-08T23:16:34.188+0800][info] GC(82) Pause Young (Prepare Mixed) (G1 Evacuation Pause)
[2024-09-08T23:16:34.188+0800][info] GC(82) Using 3 workers of 48 for evacuation
[2024-09-08T23:16:34.190+0800][info] GC(82)   Pre Evacuate Collection Set: 0.0ms
[2024-09-08T23:16:34.190+0800][info] GC(82)   Merge Heap Roots: 0.0ms
[2024-09-08T23:16:34.190+0800][info] GC(82)   Evacuate Collection Set: 1.1ms
[2024-09-08T23:16:34.190+0800][info] GC(82)   Post Evacuate Collection Set: 0.1ms
[2024-09-08T23:16:34.190+0800][info] GC(82)   Other: 0.1ms
[2024-09-08T23:16:34.190+0800][info] GC(82) Eden regions: 1->0(1)
[2024-09-08T23:16:34.190+0800][info] GC(82) Survivor regions: 1->1(1)
[2024-09-08T23:16:34.190+0800][info] GC(82) Old regions: 5->6
[2024-09-08T23:16:34.190+0800][info] GC(82) Archive regions: 2->2
[2024-09-08T23:16:34.190+0800][info] GC(82) Humongous regions: 0->0
[2024-09-08T23:16:34.190+0800][info] GC(82) Metaspace: 781K(896K)->781K(896K) NonClass: 717K(768K)->717K(768K) Class: 63K(128K)->63K(128K)
[2024-09-08T23:16:34.190+0800][info] GC(82) Pause Young (Prepare Mixed) (G1 Evacuation Pause) 31M->31M(128M) 1.557ms
[2024-09-08T23:16:34.190+0800][info] GC(82) User=0.01s Sys=0.00s Real=0.00s
[2024-09-08T23:16:34.190+0800][info] GC(83) Pause Young (Mixed) (G1 Evacuation Pause)
[2024-09-08T23:16:34.190+0800][info] GC(83) Using 3 workers of 48 for evacuation
[2024-09-08T23:16:34.192+0800][info] GC(83)   Pre Evacuate Collection Set: 0.0ms
[2024-09-08T23:16:34.192+0800][info] GC(83)   Merge Heap Roots: 0.0ms
[2024-09-08T23:16:34.192+0800][info] GC(83)   Evacuate Collection Set: 1.0ms
[2024-09-08T23:16:34.192+0800][info] GC(83)   Post Evacuate Collection Set: 0.2ms
[2024-09-08T23:16:34.192+0800][info] GC(83)   Other: 0.1ms
[2024-09-08T23:16:34.192+0800][info] GC(83) Eden regions: 1->0(6)
[2024-09-08T23:16:34.192+0800][info] GC(83) Survivor regions: 1->1(1)
[2024-09-08T23:16:34.192+0800][info] GC(83) Old regions: 6->5
[2024-09-08T23:16:34.192+0800][info] GC(83) Archive regions: 2->2
[2024-09-08T23:16:34.192+0800][info] GC(83) Humongous regions: 0->0
[2024-09-08T23:16:34.192+0800][info] GC(83) Metaspace: 781K(896K)->781K(896K) NonClass: 717K(768K)->717K(768K) Class: 63K(128K)->63K(128K)
[2024-09-08T23:16:34.192+0800][info] GC(83) Pause Young (Mixed) (G1 Evacuation Pause) 35M->27M(128M) 1.502ms
[2024-09-08T23:16:34.192+0800][info] GC(83) User=0.00s Sys=0.00s Real=0.00s
[2024-09-08T23:16:34.197+0800][info] GC(84) Pause Young (Normal) (G1 Evacuation Pause)
[2024-09-08T23:16:34.197+0800][info] GC(84) Using 3 workers of 48 for evacuation
[2024-09-08T23:16:34.201+0800][info] GC(84)   Pre Evacuate Collection Set: 0.0ms
[2024-09-08T23:16:34.201+0800][info] GC(84)   Merge Heap Roots: 0.0ms
[2024-09-08T23:16:34.201+0800][info] GC(84)   Evacuate Collection Set: 3.5ms
[2024-09-08T23:16:34.201+0800][info] GC(84)   Post Evacuate Collection Set: 0.2ms
[2024-09-08T23:16:34.201+0800][info] GC(84)   Other: 0.2ms
[2024-09-08T23:16:34.201+0800][info] GC(84) Eden regions: 6->0(4)
[2024-09-08T23:16:34.201+0800][info] GC(84) Survivor regions: 1->1(1)
[2024-09-08T23:16:34.201+0800][info] GC(84) Old regions: 5->11
[2024-09-08T23:16:34.201+0800][info] GC(84) Archive regions: 2->2
[2024-09-08T23:16:34.201+0800][info] GC(84) Humongous regions: 0->0
[2024-09-08T23:16:34.201+0800][info] GC(84) Metaspace: 781K(896K)->781K(896K) NonClass: 717K(768K)->717K(768K) Class: 63K(128K)->63K(128K)
[2024-09-08T23:16:34.201+0800][info] GC(84) Pause Young (Normal) (G1 Evacuation Pause) 51M->51M(128M) 4.127ms
[2024-09-08T23:16:34.201+0800][info] GC(84) User=0.01s Sys=0.00s Real=0.00s
[2024-09-08T23:16:34.205+0800][info] GC(85) Pause Young (Concurrent Start) (G1 Evacuation Pause)
[2024-09-08T23:16:34.205+0800][info] GC(85) Using 3 workers of 48 for evacuation
[2024-09-08T23:16:34.208+0800][info] GC(85)   Pre Evacuate Collection Set: 0.0ms
[2024-09-08T23:16:34.208+0800][info] GC(85)   Merge Heap Roots: 0.0ms
[2024-09-08T23:16:34.208+0800][info] GC(85)   Evacuate Collection Set: 2.5ms
[2024-09-08T23:16:34.208+0800][info] GC(85)   Post Evacuate Collection Set: 0.2ms
[2024-09-08T23:16:34.208+0800][info] GC(85)   Other: 0.2ms
[2024-09-08T23:16:34.208+0800][info] GC(85) Eden regions: 4->0(3)
[2024-09-08T23:16:34.208+0800][info] GC(85) Survivor regions: 1->1(1)
[2024-09-08T23:16:34.208+0800][info] GC(85) Old regions: 11->15
[2024-09-08T23:16:34.208+0800][info] GC(85) Archive regions: 2->2
[2024-09-08T23:16:34.208+0800][info] GC(85) Humongous regions: 0->0
[2024-09-08T23:16:34.208+0800][info] GC(85) Metaspace: 781K(896K)->781K(896K) NonClass: 717K(768K)->717K(768K) Class: 63K(128K)->63K(128K)
[2024-09-08T23:16:34.208+0800][info] GC(85) Pause Young (Concurrent Start) (G1 Evacuation Pause) 67M->67M(128M) 3.161ms
[2024-09-08T23:16:34.208+0800][info] GC(85) User=0.01s Sys=0.00s Real=0.00s
[2024-09-08T23:16:34.208+0800][info] GC(86) Concurrent Mark Cycle
[2024-09-08T23:16:34.208+0800][info] GC(86) Concurrent Clear Claimed Marks
[2024-09-08T23:16:34.208+0800][info] GC(86) Concurrent Clear Claimed Marks 0.019ms
[2024-09-08T23:16:34.208+0800][info] GC(86) Concurrent Scan Root Regions
[2024-09-08T23:16:34.209+0800][info] GC(86) Concurrent Scan Root Regions 0.263ms
[2024-09-08T23:16:34.209+0800][info] GC(86) Concurrent Mark
[2024-09-08T23:16:34.209+0800][info] GC(86) Concurrent Mark From Roots
[2024-09-08T23:16:34.209+0800][info] GC(86) Using 12 workers of 12 for marking
[2024-09-08T23:16:34.210+0800][info] GC(86) Concurrent Mark From Roots 1.921ms
[2024-09-08T23:16:34.211+0800][info] GC(86) Concurrent Preclean
[2024-09-08T23:16:34.212+0800][info] GC(86) Concurrent Preclean 1.708ms
[2024-09-08T23:16:34.212+0800][info] GC(86) Pause Remark
[2024-09-08T23:16:34.213+0800][info] GC(86) Pause Remark 68M->68M(128M) 1.098ms
[2024-09-08T23:16:34.213+0800][info] GC(86) User=0.01s Sys=0.00s Real=0.00s
[2024-09-08T23:16:34.213+0800][info] GC(86) Concurrent Mark 4.888ms
[2024-09-08T23:16:34.213+0800][info] GC(86) Concurrent Rebuild Remembered Sets
[2024-09-08T23:16:34.217+0800][info] GC(86) Concurrent Rebuild Remembered Sets 3.718ms
[2024-09-08T23:16:34.217+0800][info] GC(86) Pause Cleanup
[2024-09-08T23:16:34.218+0800][info] GC(86) Pause Cleanup 68M->68M(128M) 0.286ms
[2024-09-08T23:16:34.218+0800][info] GC(86) User=0.00s Sys=0.00s Real=0.00s
[2024-09-08T23:16:34.218+0800][info] GC(86) Concurrent Cleanup for Next Mark
[2024-09-08T23:16:34.218+0800][info] GC(86) Concurrent Cleanup for Next Mark 0.229ms
[2024-09-08T23:16:34.218+0800][info] GC(86) Concurrent Mark Cycle 9.657ms
[2024-09-08T23:16:34.313+0800][info] GC(87) Pause Young (Prepare Mixed) (G1 Evacuation Pause)
[2024-09-08T23:16:34.313+0800][info] GC(87) Using 3 workers of 48 for evacuation
[2024-09-08T23:16:34.316+0800][info] GC(87)   Pre Evacuate Collection Set: 0.1ms
[2024-09-08T23:16:34.316+0800][info] GC(87)   Merge Heap Roots: 0.0ms
[2024-09-08T23:16:34.316+0800][info] GC(87)   Evacuate Collection Set: 2.0ms
[2024-09-08T23:16:34.316+0800][info] GC(87)   Post Evacuate Collection Set: 0.2ms
[2024-09-08T23:16:34.316+0800][info] GC(87)   Other: 0.2ms
[2024-09-08T23:16:34.316+0800][info] GC(87) Eden regions: 3->0(1)
[2024-09-08T23:16:34.316+0800][info] GC(87) Survivor regions: 1->1(1)
[2024-09-08T23:16:34.316+0800][info] GC(87) Old regions: 15->18
[2024-09-08T23:16:34.316+0800][info] GC(87) Archive regions: 2->2
[2024-09-08T23:16:34.316+0800][info] GC(87) Humongous regions: 0->0
[2024-09-08T23:16:34.316+0800][info] GC(87) Metaspace: 786K(960K)->786K(960K) NonClass: 722K(832K)->722K(832K) Class: 63K(128K)->63K(128K)
[2024-09-08T23:16:34.316+0800][info] GC(87) Pause Young (Prepare Mixed) (G1 Evacuation Pause) 79M->79M(128M) 2.629ms
[2024-09-08T23:16:34.316+0800][info] GC(87) User=0.01s Sys=0.00s Real=0.00s
[2024-09-08T23:16:34.317+0800][info] GC(88) Pause Young (Mixed) (G1 Evacuation Pause)
[2024-09-08T23:16:34.317+0800][info] GC(88) Using 3 workers of 48 for evacuation
[2024-09-08T23:16:34.318+0800][info] GC(88)   Pre Evacuate Collection Set: 0.0ms
[2024-09-08T23:16:34.318+0800][info] GC(88)   Merge Heap Roots: 0.0ms
[2024-09-08T23:16:34.318+0800][info] GC(88)   Evacuate Collection Set: 1.0ms
[2024-09-08T23:16:34.318+0800][info] GC(88)   Post Evacuate Collection Set: 0.1ms
[2024-09-08T23:16:34.318+0800][info] GC(88)   Other: 0.1ms
[2024-09-08T23:16:34.318+0800][info] GC(88) Eden regions: 1->0(2)
[2024-09-08T23:16:34.318+0800][info] GC(88) Survivor regions: 1->1(1)
[2024-09-08T23:16:34.318+0800][info] GC(88) Old regions: 18->19
[2024-09-08T23:16:34.318+0800][info] GC(88) Archive regions: 2->2
[2024-09-08T23:16:34.318+0800][info] GC(88) Humongous regions: 0->0
[2024-09-08T23:16:34.318+0800][info] GC(88) Metaspace: 786K(960K)->786K(960K) NonClass: 722K(832K)->722K(832K) Class: 63K(128K)->63K(128K)
[2024-09-08T23:16:34.318+0800][info] GC(88) Pause Young (Mixed) (G1 Evacuation Pause) 83M->80M(128M) 1.494ms
[2024-09-08T23:16:34.318+0800][info] GC(88) User=0.00s Sys=0.01s Real=0.01s
[2024-09-08T23:16:34.320+0800][info] GC(89) Pause Young (Concurrent Start) (G1 Evacuation Pause)
[2024-09-08T23:16:34.320+0800][info] GC(89) Using 3 workers of 48 for evacuation
[2024-09-08T23:16:34.321+0800][info] GC(89)   Pre Evacuate Collection Set: 0.0ms
[2024-09-08T23:16:34.321+0800][info] GC(89)   Merge Heap Roots: 0.0ms
[2024-09-08T23:16:34.321+0800][info] GC(89)   Evacuate Collection Set: 1.4ms
[2024-09-08T23:16:34.321+0800][info] GC(89)   Post Evacuate Collection Set: 0.1ms
[2024-09-08T23:16:34.321+0800][info] GC(89)   Other: 0.2ms
[2024-09-08T23:16:34.321+0800][info] GC(89) Eden regions: 2->0(2)
[2024-09-08T23:16:34.321+0800][info] GC(89) Survivor regions: 1->1(1)
[2024-09-08T23:16:34.322+0800][info] GC(89) Old regions: 19->21
[2024-09-08T23:16:34.322+0800][info] GC(89) Archive regions: 2->2
[2024-09-08T23:16:34.322+0800][info] GC(89) Humongous regions: 0->0
[2024-09-08T23:16:34.322+0800][info] GC(89) Metaspace: 786K(960K)->786K(960K) NonClass: 722K(832K)->722K(832K) Class: 63K(128K)->63K(128K)
[2024-09-08T23:16:34.322+0800][info] GC(89) Pause Young (Concurrent Start) (G1 Evacuation Pause) 88M->88M(128M) 2.038ms
[2024-09-08T23:16:34.322+0800][info] GC(89) User=0.00s Sys=0.00s Real=0.00s
[2024-09-08T23:16:34.322+0800][info] GC(90) Concurrent Mark Cycle
[2024-09-08T23:16:34.322+0800][info] GC(90) Concurrent Clear Claimed Marks
[2024-09-08T23:16:34.322+0800][info] GC(90) Concurrent Clear Claimed Marks 0.026ms
[2024-09-08T23:16:34.322+0800][info] GC(90) Concurrent Scan Root Regions
[2024-09-08T23:16:34.322+0800][info] GC(90) Concurrent Scan Root Regions 0.419ms
[2024-09-08T23:16:34.322+0800][info] GC(90) Concurrent Mark
[2024-09-08T23:16:34.322+0800][info] GC(90) Concurrent Mark From Roots
[2024-09-08T23:16:34.322+0800][info] GC(90) Using 12 workers of 12 for marking
[2024-09-08T23:16:34.324+0800][info] GC(90) Concurrent Mark From Roots 2.033ms
[2024-09-08T23:16:34.324+0800][info] GC(90) Concurrent Preclean
[2024-09-08T23:16:34.326+0800][info] GC(90) Concurrent Preclean 1.700ms
[2024-09-08T23:16:34.326+0800][info] GC(90) Pause Remark
[2024-09-08T23:16:34.327+0800][info] GC(90) Pause Remark 88M->88M(128M) 1.217ms
[2024-09-08T23:16:34.327+0800][info] GC(90) User=0.01s Sys=0.00s Real=0.00s
[2024-09-08T23:16:34.327+0800][info] GC(90) Concurrent Mark 5.123ms
[2024-09-08T23:16:34.327+0800][info] GC(90) Concurrent Rebuild Remembered Sets
[2024-09-08T23:16:34.333+0800][info] GC(90) Concurrent Rebuild Remembered Sets 5.700ms
[2024-09-08T23:16:34.333+0800][info] GC(90) Pause Cleanup
[2024-09-08T23:16:34.334+0800][info] GC(90) Pause Cleanup 88M->88M(128M) 0.530ms
[2024-09-08T23:16:34.334+0800][info] GC(90) User=0.00s Sys=0.00s Real=0.00s
[2024-09-08T23:16:34.334+0800][info] GC(90) Concurrent Cleanup for Next Mark
[2024-09-08T23:16:34.334+0800][info] GC(90) Concurrent Cleanup for Next Mark 0.192ms
[2024-09-08T23:16:34.334+0800][info] GC(90) Concurrent Mark Cycle 12.270ms
[2024-09-08T23:16:34.425+0800][info] GC(91) Pause Young (Normal) (G1 Evacuation Pause)
[2024-09-08T23:16:34.426+0800][info] GC(91) Using 3 workers of 48 for evacuation
[2024-09-08T23:16:34.427+0800][info] GC(91)   Pre Evacuate Collection Set: 0.1ms
[2024-09-08T23:16:34.427+0800][info] GC(91)   Merge Heap Roots: 0.0ms
[2024-09-08T23:16:34.427+0800][info] GC(91)   Evacuate Collection Set: 1.5ms
[2024-09-08T23:16:34.427+0800][info] GC(91)   Post Evacuate Collection Set: 0.1ms
[2024-09-08T23:16:34.427+0800][info] GC(91)   Other: 0.1ms
[2024-09-08T23:16:34.427+0800][info] GC(91) Eden regions: 2->0(1)
[2024-09-08T23:16:34.427+0800][info] GC(91) Survivor regions: 1->1(1)
[2024-09-08T23:16:34.427+0800][info] GC(91) Old regions: 21->23
[2024-09-08T23:16:34.427+0800][info] GC(91) Archive regions: 2->2
[2024-09-08T23:16:34.427+0800][info] GC(91) Humongous regions: 0->0
[2024-09-08T23:16:34.427+0800][info] GC(91) Metaspace: 802K(960K)->802K(960K) NonClass: 739K(832K)->739K(832K) Class: 63K(128K)->63K(128K)
[2024-09-08T23:16:34.428+0800][info] GC(91) Pause Young (Normal) (G1 Evacuation Pause) 96M->96M(128M) 2.016ms
[2024-09-08T23:16:34.428+0800][info] GC(91) User=0.00s Sys=0.00s Real=0.00s
[2024-09-08T23:16:34.428+0800][info] GC(92) Pause Young (Concurrent Start) (G1 Evacuation Pause)
[2024-09-08T23:16:34.428+0800][info] GC(92) Using 3 workers of 48 for evacuation
[2024-09-08T23:16:34.429+0800][info] GC(92)   Pre Evacuate Collection Set: 0.0ms
[2024-09-08T23:16:34.429+0800][info] GC(92)   Merge Heap Roots: 0.0ms
[2024-09-08T23:16:34.429+0800][info] GC(92)   Evacuate Collection Set: 0.9ms
[2024-09-08T23:16:34.429+0800][info] GC(92)   Post Evacuate Collection Set: 0.1ms
[2024-09-08T23:16:34.429+0800][info] GC(92)   Other: 0.2ms
[2024-09-08T23:16:34.429+0800][info] GC(92) Eden regions: 1->0(2)
[2024-09-08T23:16:34.430+0800][info] GC(92) Survivor regions: 1->1(1)
[2024-09-08T23:16:34.430+0800][info] GC(92) Old regions: 23->24
[2024-09-08T23:16:34.430+0800][info] GC(92) Archive regions: 2->2
[2024-09-08T23:16:34.430+0800][info] GC(92) Humongous regions: 0->0
[2024-09-08T23:16:34.430+0800][info] GC(92) Metaspace: 802K(960K)->802K(960K) NonClass: 739K(832K)->739K(832K) Class: 63K(128K)->63K(128K)
[2024-09-08T23:16:34.430+0800][info] GC(92) Pause Young (Concurrent Start) (G1 Evacuation Pause) 100M->100M(128M) 1.492ms
[2024-09-08T23:16:34.430+0800][info] GC(92) User=0.01s Sys=0.00s Real=0.00s
[2024-09-08T23:16:34.430+0800][info] GC(93) Concurrent Mark Cycle
[2024-09-08T23:16:34.430+0800][info] GC(93) Concurrent Clear Claimed Marks
[2024-09-08T23:16:34.430+0800][info] GC(93) Concurrent Clear Claimed Marks 0.025ms
[2024-09-08T23:16:34.430+0800][info] GC(93) Concurrent Scan Root Regions
[2024-09-08T23:16:34.430+0800][info] GC(93) Concurrent Scan Root Regions 0.055ms
[2024-09-08T23:16:34.430+0800][info] GC(93) Concurrent Mark
[2024-09-08T23:16:34.430+0800][info] GC(93) Concurrent Mark From Roots
[2024-09-08T23:16:34.430+0800][info] GC(93) Using 12 workers of 12 for marking
[2024-09-08T23:16:34.432+0800][info] GC(93) Concurrent Mark From Roots 1.919ms
[2024-09-08T23:16:34.432+0800][info] GC(93) Concurrent Preclean
[2024-09-08T23:16:34.434+0800][info] GC(93) Concurrent Preclean 1.720ms
[2024-09-08T23:16:34.434+0800][info] GC(93) Pause Remark
[2024-09-08T23:16:34.435+0800][info] GC(93) Pause Remark 100M->100M(128M) 1.342ms
[2024-09-08T23:16:34.435+0800][info] GC(93) User=0.00s Sys=0.00s Real=0.00s
[2024-09-08T23:16:34.435+0800][info] GC(93) Concurrent Mark 5.216ms
[2024-09-08T23:16:34.435+0800][info] GC(93) Concurrent Rebuild Remembered Sets
[2024-09-08T23:16:34.441+0800][info] GC(93) Concurrent Rebuild Remembered Sets 5.936ms
[2024-09-08T23:16:34.441+0800][info] GC(93) Pause Cleanup
[2024-09-08T23:16:34.442+0800][info] GC(93) Pause Cleanup 100M->100M(128M) 0.554ms
[2024-09-08T23:16:34.442+0800][info] GC(93) User=0.00s Sys=0.00s Real=0.00s
[2024-09-08T23:16:34.442+0800][info] GC(93) Concurrent Cleanup for Next Mark
[2024-09-08T23:16:34.442+0800][info] GC(93) Concurrent Cleanup for Next Mark 0.214ms
[2024-09-08T23:16:34.442+0800][info] GC(93) Concurrent Mark Cycle 12.309ms
[2024-09-08T23:16:34.533+0800][info] GC(94) Pause Young (Normal) (G1 Preventive Collection)
[2024-09-08T23:16:34.533+0800][info] GC(94) Using 3 workers of 48 for evacuation
[2024-09-08T23:16:34.534+0800][info] GC(94)   Pre Evacuate Collection Set: 0.0ms
[2024-09-08T23:16:34.534+0800][info] GC(94)   Merge Heap Roots: 0.0ms
[2024-09-08T23:16:34.534+0800][info] GC(94)   Evacuate Collection Set: 1.0ms
[2024-09-08T23:16:34.534+0800][info] GC(94)   Post Evacuate Collection Set: 0.2ms
[2024-09-08T23:16:34.535+0800][info] GC(94)   Other: 0.2ms
[2024-09-08T23:16:34.535+0800][info] GC(94) Eden regions: 1->0(1)
[2024-09-08T23:16:34.535+0800][info] GC(94) Survivor regions: 1->1(1)
[2024-09-08T23:16:34.535+0800][info] GC(94) Old regions: 24->25
[2024-09-08T23:16:34.535+0800][info] GC(94) Archive regions: 2->2
[2024-09-08T23:16:34.535+0800][info] GC(94) Humongous regions: 0->0
[2024-09-08T23:16:34.535+0800][info] GC(94) Metaspace: 803K(960K)->803K(960K) NonClass: 740K(832K)->740K(832K) Class: 63K(128K)->63K(128K)
[2024-09-08T23:16:34.535+0800][info] GC(94) Pause Young (Normal) (G1 Preventive Collection) 104M->104M(128M) 1.613ms
[2024-09-08T23:16:34.535+0800][info] GC(94) User=0.01s Sys=0.00s Real=0.00s
[2024-09-08T23:16:34.535+0800][info] GC(95) Pause Young (Concurrent Start) (G1 Preventive Collection)
[2024-09-08T23:16:34.535+0800][info] GC(95) Using 3 workers of 48 for evacuation
[2024-09-08T23:16:34.537+0800][info] GC(95)   Pre Evacuate Collection Set: 0.0ms
[2024-09-08T23:16:34.537+0800][info] GC(95)   Merge Heap Roots: 0.0ms
[2024-09-08T23:16:34.537+0800][info] GC(95)   Evacuate Collection Set: 0.9ms
[2024-09-08T23:16:34.537+0800][info] GC(95)   Post Evacuate Collection Set: 0.2ms
[2024-09-08T23:16:34.537+0800][info] GC(95)   Other: 0.3ms
[2024-09-08T23:16:34.537+0800][info] GC(95) Eden regions: 1->0(1)
[2024-09-08T23:16:34.537+0800][info] GC(95) Survivor regions: 1->1(1)
[2024-09-08T23:16:34.537+0800][info] GC(95) Old regions: 25->26
[2024-09-08T23:16:34.537+0800][info] GC(95) Archive regions: 2->2
[2024-09-08T23:16:34.537+0800][info] GC(95) Humongous regions: 0->0
[2024-09-08T23:16:34.537+0800][info] GC(95) Metaspace: 803K(960K)->803K(960K) NonClass: 740K(832K)->740K(832K) Class: 63K(128K)->63K(128K)
[2024-09-08T23:16:34.537+0800][info] GC(95) Pause Young (Concurrent Start) (G1 Preventive Collection) 108M->108M(128M) 1.628ms
[2024-09-08T23:16:34.537+0800][info] GC(95) User=0.00s Sys=0.00s Real=0.01s
[2024-09-08T23:16:34.537+0800][info] GC(96) Concurrent Mark Cycle
[2024-09-08T23:16:34.537+0800][info] GC(96) Concurrent Clear Claimed Marks
[2024-09-08T23:16:34.537+0800][info] GC(96) Concurrent Clear Claimed Marks 0.031ms
[2024-09-08T23:16:34.537+0800][info] GC(96) Concurrent Scan Root Regions
[2024-09-08T23:16:34.537+0800][info] GC(96) Concurrent Scan Root Regions 0.056ms
[2024-09-08T23:16:34.537+0800][info] GC(96) Concurrent Mark
[2024-09-08T23:16:34.537+0800][info] GC(96) Concurrent Mark From Roots
[2024-09-08T23:16:34.537+0800][info] GC(96) Using 12 workers of 12 for marking
[2024-09-08T23:16:34.539+0800][info] GC(96) Concurrent Mark From Roots 2.121ms
[2024-09-08T23:16:34.539+0800][info] GC(96) Concurrent Preclean
[2024-09-08T23:16:34.541+0800][info] GC(96) Concurrent Preclean 1.695ms
[2024-09-08T23:16:34.541+0800][info] GC(96) Pause Remark
[2024-09-08T23:16:34.542+0800][info] GC(96) Pause Remark 108M->108M(128M) 1.192ms
[2024-09-08T23:16:34.542+0800][info] GC(96) User=0.00s Sys=0.00s Real=0.00s
[2024-09-08T23:16:34.542+0800][info] GC(96) Concurrent Mark 5.173ms
[2024-09-08T23:16:34.542+0800][info] GC(96) Concurrent Rebuild Remembered Sets
[2024-09-08T23:16:34.549+0800][info] GC(96) Concurrent Rebuild Remembered Sets 6.269ms
[2024-09-08T23:16:34.549+0800][info] GC(96) Pause Cleanup
[2024-09-08T23:16:34.549+0800][info] GC(96) Pause Cleanup 108M->108M(128M) 0.595ms
[2024-09-08T23:16:34.549+0800][info] GC(96) User=0.00s Sys=0.00s Real=0.00s
[2024-09-08T23:16:34.549+0800][info] GC(96) Concurrent Cleanup for Next Mark
[2024-09-08T23:16:34.550+0800][info] GC(96) Concurrent Cleanup for Next Mark 0.212ms
[2024-09-08T23:16:34.550+0800][info] GC(96) Concurrent Mark Cycle 12.610ms
[2024-09-08T23:16:34.641+0800][info] GC(97) Pause Young (Concurrent Start) (G1 Humongous Allocation)
[2024-09-08T23:16:34.641+0800][info] GC(97) Using 3 workers of 48 for evacuation
[2024-09-08T23:16:34.642+0800][info] GC(97)   Pre Evacuate Collection Set: 0.1ms
[2024-09-08T23:16:34.642+0800][info] GC(97)   Merge Heap Roots: 0.0ms
[2024-09-08T23:16:34.642+0800][info] GC(97)   Evacuate Collection Set: 0.9ms
[2024-09-08T23:16:34.642+0800][info] GC(97)   Post Evacuate Collection Set: 0.2ms
[2024-09-08T23:16:34.643+0800][info] GC(97)   Other: 0.3ms
[2024-09-08T23:16:34.643+0800][info] GC(97) Eden regions: 1->0(1)
[2024-09-08T23:16:34.643+0800][info] GC(97) Survivor regions: 1->1(1)
[2024-09-08T23:16:34.643+0800][info] GC(97) Old regions: 26->27
[2024-09-08T23:16:34.643+0800][info] GC(97) Archive regions: 2->2
[2024-09-08T23:16:34.643+0800][info] GC(97) Humongous regions: 0->0
[2024-09-08T23:16:34.643+0800][info] GC(97) Metaspace: 810K(960K)->810K(960K) NonClass: 746K(832K)->746K(832K) Class: 63K(128K)->63K(128K)
[2024-09-08T23:16:34.643+0800][info] GC(97) Pause Young (Concurrent Start) (G1 Humongous Allocation) 111M->111M(128M) 1.642ms
[2024-09-08T23:16:34.643+0800][info] GC(97) User=0.00s Sys=0.00s Real=0.00s
[2024-09-08T23:16:34.643+0800][info] GC(98) Concurrent Mark Cycle
[2024-09-08T23:16:34.643+0800][info] GC(98) Concurrent Clear Claimed Marks
[2024-09-08T23:16:34.643+0800][info] GC(98) Concurrent Clear Claimed Marks 0.017ms
[2024-09-08T23:16:34.643+0800][info] GC(98) Concurrent Scan Root Regions
[2024-09-08T23:16:34.643+0800][info] GC(98) Concurrent Scan Root Regions 0.070ms
[2024-09-08T23:16:34.643+0800][info] GC(98) Concurrent Mark
[2024-09-08T23:16:34.643+0800][info] GC(98) Concurrent Mark From Roots
[2024-09-08T23:16:34.643+0800][info] GC(98) Using 12 workers of 12 for marking
[2024-09-08T23:16:34.643+0800][info] GC(99) Pause Young (Normal) (G1 Humongous Allocation)
[2024-09-08T23:16:34.643+0800][info] GC(99) Using 3 workers of 48 for evacuation
[2024-09-08T23:16:34.644+0800][info] GC(99)   Pre Evacuate Collection Set: 0.1ms
[2024-09-08T23:16:34.644+0800][info] GC(99)   Merge Heap Roots: 0.0ms
[2024-09-08T23:16:34.644+0800][info] GC(99)   Evacuate Collection Set: 0.4ms
[2024-09-08T23:16:34.644+0800][info] GC(99)   Post Evacuate Collection Set: 0.2ms
[2024-09-08T23:16:34.644+0800][info] GC(99)   Other: 0.2ms
[2024-09-08T23:16:34.644+0800][info] GC(99) Eden regions: 0->0(1)
[2024-09-08T23:16:34.644+0800][info] GC(99) Survivor regions: 1->0(1)
[2024-09-08T23:16:34.644+0800][info] GC(99) Old regions: 27->27
[2024-09-08T23:16:34.644+0800][info] GC(99) Archive regions: 2->2
[2024-09-08T23:16:34.644+0800][info] GC(99) Humongous regions: 0->0
[2024-09-08T23:16:34.644+0800][info] GC(99) Metaspace: 810K(960K)->810K(960K) NonClass: 746K(832K)->746K(832K) Class: 63K(128K)->63K(128K)
[2024-09-08T23:16:34.644+0800][info] GC(99) Pause Young (Normal) (G1 Humongous Allocation) 111M->111M(128M) 1.027ms
[2024-09-08T23:16:34.644+0800][info] GC(99) User=0.00s Sys=0.00s Real=0.00s
[2024-09-08T23:16:34.644+0800][info] Attempting full compaction
[2024-09-08T23:16:34.644+0800][info] GC(100) Using 1 workers of 48 for full compaction
[2024-09-08T23:16:34.644+0800][info] GC(100) Pause Full (G1 Compaction Pause)
[2024-09-08T23:16:34.644+0800][info] GC(100) Phase 1: Mark live objects
[2024-09-08T23:16:34.650+0800][info] GC(100) Phase 1: Mark live objects 5.947ms
[2024-09-08T23:16:34.650+0800][info] GC(100) Phase 2: Prepare for compaction
[2024-09-08T23:16:34.652+0800][info] GC(100) Phase 2: Prepare for compaction 1.323ms
[2024-09-08T23:16:34.652+0800][info] GC(100) Phase 3: Adjust pointers
[2024-09-08T23:16:34.654+0800][info] GC(100) Phase 3: Adjust pointers 2.561ms
[2024-09-08T23:16:34.654+0800][info] GC(100) Phase 4: Compact heap
[2024-09-08T23:16:34.655+0800][info] GC(100) Phase 4: Compact heap 0.893ms
[2024-09-08T23:16:34.656+0800][info] GC(100) Eden regions: 0->0(8)
[2024-09-08T23:16:34.656+0800][info] GC(100) Survivor regions: 0->0(1)
[2024-09-08T23:16:34.656+0800][info] GC(100) Old regions: 27->1
[2024-09-08T23:16:34.656+0800][info] GC(100) Archive regions: 2->2
[2024-09-08T23:16:34.656+0800][info] GC(100) Humongous regions: 0->0
[2024-09-08T23:16:34.656+0800][info] GC(100) Metaspace: 810K(960K)->810K(960K) NonClass: 746K(832K)->746K(832K) Class: 63K(128K)->63K(128K)
[2024-09-08T23:16:34.656+0800][info] GC(100) Pause Full (G1 Compaction Pause) 111M->4M(128M) 11.882ms
[2024-09-08T23:16:34.656+0800][info] GC(100) User=0.01s Sys=0.00s Real=0.01s
[2024-09-08T23:16:34.656+0800][info] GC(98) Concurrent Mark From Roots 13.348ms
[2024-09-08T23:16:34.656+0800][info] GC(98) Concurrent Mark Abort
[2024-09-08T23:16:34.656+0800][info] GC(98) Concurrent Mark Cycle 13.573ms
[2024-09-08T23:16:34.663+0800][info] GC(101) Pause Young (Concurrent Start) (G1 Humongous Allocation)
[2024-09-08T23:16:34.663+0800][info] GC(101) Using 3 workers of 48 for evacuation
[2024-09-08T23:16:34.664+0800][info] GC(101)   Pre Evacuate Collection Set: 0.0ms
[2024-09-08T23:16:34.664+0800][info] GC(101)   Merge Heap Roots: 0.0ms
[2024-09-08T23:16:34.664+0800][info] GC(101)   Evacuate Collection Set: 0.2ms
[2024-09-08T23:16:34.664+0800][info] GC(101)   Post Evacuate Collection Set: 0.2ms
[2024-09-08T23:16:34.664+0800][info] GC(101)   Other: 0.3ms
[2024-09-08T23:16:34.664+0800][info] GC(101) Eden regions: 0->0(8)
[2024-09-08T23:16:34.664+0800][info] GC(101) Survivor regions: 0->0(1)
[2024-09-08T23:16:34.664+0800][info] GC(101) Old regions: 1->1
[2024-09-08T23:16:34.664+0800][info] GC(101) Archive regions: 2->2
[2024-09-08T23:16:34.664+0800][info] GC(101) Humongous regions: 3->0
[2024-09-08T23:16:34.664+0800][info] GC(101) Metaspace: 810K(960K)->810K(960K) NonClass: 746K(832K)->746K(832K) Class: 63K(128K)->63K(128K)
[2024-09-08T23:16:34.664+0800][info] GC(101) Pause Young (Concurrent Start) (G1 Humongous Allocation) 16M->4M(128M) 0.927ms
[2024-09-08T23:16:34.664+0800][info] GC(101) User=0.01s Sys=0.00s Real=0.00s
[2024-09-08T23:16:34.664+0800][info] GC(102) Concurrent Mark Cycle
[2024-09-08T23:16:34.664+0800][info] GC(102) Concurrent Clear Claimed Marks
[2024-09-08T23:16:34.664+0800][info] GC(102) Concurrent Clear Claimed Marks 0.015ms
[2024-09-08T23:16:34.664+0800][info] GC(102) Concurrent Scan Root Regions
[2024-09-08T23:16:34.664+0800][info] GC(102) Concurrent Scan Root Regions 0.011ms
[2024-09-08T23:16:34.664+0800][info] GC(102) Concurrent Mark
[2024-09-08T23:16:34.664+0800][info] GC(102) Concurrent Mark From Roots
[2024-09-08T23:16:34.664+0800][info] GC(102) Using 12 workers of 12 for marking
[2024-09-08T23:16:34.666+0800][info] GC(102) Concurrent Mark From Roots 2.012ms
[2024-09-08T23:16:34.666+0800][info] GC(102) Concurrent Preclean
[2024-09-08T23:16:34.668+0800][info] GC(102) Concurrent Preclean 1.652ms
[2024-09-08T23:16:34.668+0800][info] GC(102) Pause Remark
[2024-09-08T23:16:34.669+0800][info] GC(102) Pause Remark 17M->17M(128M) 1.040ms
[2024-09-08T23:16:34.669+0800][info] GC(102) User=0.00s Sys=0.00s Real=0.00s
[2024-09-08T23:16:34.669+0800][info] GC(102) Concurrent Mark 4.858ms
[2024-09-08T23:16:34.669+0800][info] GC(102) Concurrent Rebuild Remembered Sets
[2024-09-08T23:16:34.669+0800][info] GC(102) Concurrent Rebuild Remembered Sets 0.012ms
[2024-09-08T23:16:34.669+0800][info] GC(102) Pause Cleanup
[2024-09-08T23:16:34.669+0800][info] GC(102) Pause Cleanup 17M->17M(128M) 0.019ms
[2024-09-08T23:16:34.669+0800][info] GC(102) User=0.00s Sys=0.00s Real=0.00s
[2024-09-08T23:16:34.669+0800][info] GC(102) Concurrent Cleanup for Next Mark
[2024-09-08T23:16:34.670+0800][info] GC(102) Concurrent Cleanup for Next Mark 0.161ms
[2024-09-08T23:16:34.670+0800][info] GC(102) Concurrent Mark Cycle 5.253ms
[2024-09-08T23:16:34.772+0800][info] GC(103) Pause Young (Concurrent Start) (G1 Humongous Allocation)
[2024-09-08T23:16:34.772+0800][info] GC(103) Using 3 workers of 48 for evacuation
[2024-09-08T23:16:34.773+0800][info] GC(103)   Pre Evacuate Collection Set: 0.1ms
[2024-09-08T23:16:34.773+0800][info] GC(103)   Merge Heap Roots: 0.0ms
[2024-09-08T23:16:34.773+0800][info] GC(103)   Evacuate Collection Set: 0.2ms
[2024-09-08T23:16:34.773+0800][info] GC(103)   Post Evacuate Collection Set: 0.2ms
[2024-09-08T23:16:34.773+0800][info] GC(103)   Other: 0.3ms
[2024-09-08T23:16:34.773+0800][info] GC(103) Eden regions: 1->0(9)
[2024-09-08T23:16:34.773+0800][info] GC(103) Survivor regions: 0->0(1)
[2024-09-08T23:16:34.773+0800][info] GC(103) Old regions: 1->1
[2024-09-08T23:16:34.773+0800][info] GC(103) Archive regions: 2->2
[2024-09-08T23:16:34.773+0800][info] GC(103) Humongous regions: 3->0
[2024-09-08T23:16:34.773+0800][info] GC(103) Metaspace: 810K(960K)->810K(960K) NonClass: 746K(832K)->746K(832K) Class: 63K(128K)->63K(128K)
[2024-09-08T23:16:34.773+0800][info] GC(103) Pause Young (Concurrent Start) (G1 Humongous Allocation) 17M->4M(128M) 0.939ms
[2024-09-08T23:16:34.773+0800][info] GC(103) User=0.00s Sys=0.00s Real=0.00s
[2024-09-08T23:16:34.773+0800][info] GC(104) Concurrent Mark Cycle
[2024-09-08T23:16:34.773+0800][info] GC(104) Concurrent Clear Claimed Marks
[2024-09-08T23:16:34.773+0800][info] GC(104) Concurrent Clear Claimed Marks 0.018ms
[2024-09-08T23:16:34.773+0800][info] GC(104) Concurrent Scan Root Regions
[2024-09-08T23:16:34.773+0800][info] GC(104) Concurrent Scan Root Regions 0.011ms
[2024-09-08T23:16:34.773+0800][info] GC(104) Concurrent Mark
[2024-09-08T23:16:34.773+0800][info] GC(104) Concurrent Mark From Roots
[2024-09-08T23:16:34.773+0800][info] GC(104) Using 12 workers of 12 for marking
[2024-09-08T23:16:34.775+0800][info] GC(104) Concurrent Mark From Roots 1.749ms
[2024-09-08T23:16:34.775+0800][info] GC(104) Concurrent Preclean
[2024-09-08T23:16:34.776+0800][info] GC(104) Concurrent Preclean 1.655ms
[2024-09-08T23:16:34.777+0800][info] GC(104) Pause Remark
[2024-09-08T23:16:34.778+0800][info] GC(104) Pause Remark 17M->17M(128M) 1.038ms
[2024-09-08T23:16:34.778+0800][info] GC(104) User=0.00s Sys=0.01s Real=0.01s
[2024-09-08T23:16:34.778+0800][info] GC(104) Concurrent Mark 4.605ms
[2024-09-08T23:16:34.778+0800][info] GC(104) Concurrent Rebuild Remembered Sets
[2024-09-08T23:16:34.778+0800][info] GC(104) Concurrent Rebuild Remembered Sets 0.013ms
[2024-09-08T23:16:34.778+0800][info] GC(104) Pause Cleanup
[2024-09-08T23:16:34.778+0800][info] GC(104) Pause Cleanup 17M->17M(128M) 0.025ms
[2024-09-08T23:16:34.778+0800][info] GC(104) User=0.00s Sys=0.00s Real=0.00s
[2024-09-08T23:16:34.778+0800][info] GC(104) Concurrent Cleanup for Next Mark
[2024-09-08T23:16:34.778+0800][info] GC(104) Concurrent Cleanup for Next Mark 0.193ms
[2024-09-08T23:16:34.778+0800][info] GC(104) Concurrent Mark Cycle 5.107ms
[2024-09-08T23:16:34.881+0800][info] GC(105) Pause Young (Concurrent Start) (G1 Humongous Allocation)
[2024-09-08T23:16:34.881+0800][info] GC(105) Using 3 workers of 48 for evacuation
[2024-09-08T23:16:34.882+0800][info] GC(105)   Pre Evacuate Collection Set: 0.1ms
[2024-09-08T23:16:34.882+0800][info] GC(105)   Merge Heap Roots: 0.0ms
[2024-09-08T23:16:34.882+0800][info] GC(105)   Evacuate Collection Set: 0.2ms
[2024-09-08T23:16:34.882+0800][info] GC(105)   Post Evacuate Collection Set: 0.2ms
[2024-09-08T23:16:34.882+0800][info] GC(105)   Other: 0.3ms
[2024-09-08T23:16:34.882+0800][info] GC(105) Eden regions: 1->0(11)
[2024-09-08T23:16:34.882+0800][info] GC(105) Survivor regions: 0->0(2)
[2024-09-08T23:16:34.882+0800][info] GC(105) Old regions: 1->1
[2024-09-08T23:16:34.882+0800][info] GC(105) Archive regions: 2->2
[2024-09-08T23:16:34.882+0800][info] GC(105) Humongous regions: 3->0
[2024-09-08T23:16:34.882+0800][info] GC(105) Metaspace: 810K(960K)->810K(960K) NonClass: 746K(832K)->746K(832K) Class: 63K(128K)->63K(128K)
[2024-09-08T23:16:34.882+0800][info] GC(105) Pause Young (Concurrent Start) (G1 Humongous Allocation) 17M->4M(128M) 0.898ms
[2024-09-08T23:16:34.882+0800][info] GC(105) User=0.00s Sys=0.00s Real=0.00s
[2024-09-08T23:16:34.882+0800][info] GC(106) Concurrent Mark Cycle
[2024-09-08T23:16:34.882+0800][info] GC(106) Concurrent Clear Claimed Marks
[2024-09-08T23:16:34.882+0800][info] GC(106) Concurrent Clear Claimed Marks 0.023ms
[2024-09-08T23:16:34.882+0800][info] GC(106) Concurrent Scan Root Regions
[2024-09-08T23:16:34.882+0800][info] GC(106) Concurrent Scan Root Regions 0.017ms
[2024-09-08T23:16:34.882+0800][info] GC(106) Concurrent Mark
[2024-09-08T23:16:34.882+0800][info] GC(106) Concurrent Mark From Roots
[2024-09-08T23:16:34.882+0800][info] GC(106) Using 12 workers of 12 for marking
[2024-09-08T23:16:34.884+0800][info] GC(106) Concurrent Mark From Roots 2.032ms
[2024-09-08T23:16:34.884+0800][info] GC(106) Concurrent Preclean
[2024-09-08T23:16:34.886+0800][info] GC(106) Concurrent Preclean 1.691ms
[2024-09-08T23:16:34.886+0800][info] GC(106) Pause Remark
[2024-09-08T23:16:34.887+0800][info] GC(106) Pause Remark 17M->17M(128M) 0.957ms
[2024-09-08T23:16:34.887+0800][info] GC(106) User=0.01s Sys=0.00s Real=0.00s
[2024-09-08T23:16:34.887+0800][info] GC(106) Concurrent Mark 4.915ms
[2024-09-08T23:16:34.887+0800][info] GC(106) Concurrent Rebuild Remembered Sets
[2024-09-08T23:16:34.887+0800][info] GC(106) Concurrent Rebuild Remembered Sets 0.015ms
[2024-09-08T23:16:34.887+0800][info] GC(106) Pause Cleanup
[2024-09-08T23:16:34.887+0800][info] GC(106) Pause Cleanup 17M->17M(128M) 0.019ms
[2024-09-08T23:16:34.887+0800][info] GC(106) User=0.00s Sys=0.00s Real=0.00s
[2024-09-08T23:16:34.887+0800][info] GC(106) Concurrent Cleanup for Next Mark
[2024-09-08T23:16:34.887+0800][info] GC(106) Concurrent Cleanup for Next Mark 0.190ms
[2024-09-08T23:16:34.887+0800][info] GC(106) Concurrent Mark Cycle 5.417ms
[2024-09-08T23:16:34.990+0800][info] GC(107) Pause Young (Concurrent Start) (G1 Humongous Allocation)
[2024-09-08T23:16:34.990+0800][info] GC(107) Using 3 workers of 48 for evacuation
[2024-09-08T23:16:34.991+0800][info] GC(107)   Pre Evacuate Collection Set: 0.0ms
[2024-09-08T23:16:34.991+0800][info] GC(107)   Merge Heap Roots: 0.0ms
[2024-09-08T23:16:34.991+0800][info] GC(107)   Evacuate Collection Set: 0.2ms
[2024-09-08T23:16:34.991+0800][info] GC(107)   Post Evacuate Collection Set: 0.1ms
[2024-09-08T23:16:34.991+0800][info] GC(107)   Other: 0.3ms
[2024-09-08T23:16:34.991+0800][info] GC(107) Eden regions: 1->0(12)
[2024-09-08T23:16:34.991+0800][info] GC(107) Survivor regions: 0->0(2)
[2024-09-08T23:16:34.991+0800][info] GC(107) Old regions: 1->1
[2024-09-08T23:16:34.991+0800][info] GC(107) Archive regions: 2->2
[2024-09-08T23:16:34.991+0800][info] GC(107) Humongous regions: 3->0
[2024-09-08T23:16:34.991+0800][info] GC(107) Metaspace: 810K(960K)->810K(960K) NonClass: 746K(832K)->746K(832K) Class: 63K(128K)->63K(128K)
[2024-09-08T23:16:34.991+0800][info] GC(107) Pause Young (Concurrent Start) (G1 Humongous Allocation) 17M->4M(128M) 0.661ms
[2024-09-08T23:16:34.991+0800][info] GC(107) User=0.00s Sys=0.00s Real=0.00s
[2024-09-08T23:16:34.991+0800][info] GC(108) Concurrent Mark Cycle
[2024-09-08T23:16:34.991+0800][info] GC(108) Concurrent Clear Claimed Marks
[2024-09-08T23:16:34.991+0800][info] GC(108) Concurrent Clear Claimed Marks 0.013ms
[2024-09-08T23:16:34.991+0800][info] GC(108) Concurrent Scan Root Regions
[2024-09-08T23:16:34.991+0800][info] GC(108) Concurrent Scan Root Regions 0.009ms
[2024-09-08T23:16:34.991+0800][info] GC(108) Concurrent Mark
[2024-09-08T23:16:34.991+0800][info] GC(108) Concurrent Mark From Roots
[2024-09-08T23:16:34.991+0800][info] GC(108) Using 12 workers of 12 for marking
[2024-09-08T23:16:34.993+0800][info] GC(108) Concurrent Mark From Roots 2.372ms
[2024-09-08T23:16:34.993+0800][info] GC(108) Concurrent Preclean
[2024-09-08T23:16:34.994+0800][info] GC(108) Concurrent Preclean 0.871ms
[2024-09-08T23:16:34.994+0800][info] GC(108) Pause Remark
[2024-09-08T23:16:34.995+0800][info] GC(108) Pause Remark 17M->17M(128M) 0.618ms
[2024-09-08T23:16:34.995+0800][info] GC(108) User=0.00s Sys=0.00s Real=0.00s
[2024-09-08T23:16:34.995+0800][info] GC(108) Concurrent Mark 3.953ms
[2024-09-08T23:16:34.995+0800][info] GC(108) Concurrent Rebuild Remembered Sets
[2024-09-08T23:16:34.995+0800][info] GC(108) Concurrent Rebuild Remembered Sets 0.009ms
[2024-09-08T23:16:34.995+0800][info] GC(108) Pause Cleanup
[2024-09-08T23:16:34.995+0800][info] GC(108) Pause Cleanup 17M->17M(128M) 0.010ms
[2024-09-08T23:16:34.995+0800][info] GC(108) User=0.00s Sys=0.00s Real=0.00s
[2024-09-08T23:16:34.995+0800][info] GC(108) Concurrent Cleanup for Next Mark
[2024-09-08T23:16:34.995+0800][info] GC(108) Concurrent Cleanup for Next Mark 0.184ms
[2024-09-08T23:16:34.995+0800][info] GC(108) Concurrent Mark Cycle 4.300ms
[2024-09-08T23:16:35.098+0800][info] GC(109) Pause Young (Concurrent Start) (G1 Humongous Allocation)
[2024-09-08T23:16:35.098+0800][info] GC(109) Using 3 workers of 48 for evacuation
[2024-09-08T23:16:35.099+0800][info] GC(109)   Pre Evacuate Collection Set: 0.1ms
[2024-09-08T23:16:35.099+0800][info] GC(109)   Merge Heap Roots: 0.0ms
[2024-09-08T23:16:35.099+0800][info] GC(109)   Evacuate Collection Set: 0.2ms
[2024-09-08T23:16:35.099+0800][info] GC(109)   Post Evacuate Collection Set: 0.1ms
[2024-09-08T23:16:35.099+0800][info] GC(109)   Other: 0.3ms
[2024-09-08T23:16:35.099+0800][info] GC(109) Eden regions: 1->0(14)
[2024-09-08T23:16:35.099+0800][info] GC(109) Survivor regions: 0->0(2)
[2024-09-08T23:16:35.099+0800][info] GC(109) Old regions: 1->1
[2024-09-08T23:16:35.099+0800][info] GC(109) Archive regions: 2->2
[2024-09-08T23:16:35.099+0800][info] GC(109) Humongous regions: 3->0
[2024-09-08T23:16:35.099+0800][info] GC(109) Metaspace: 810K(960K)->810K(960K) NonClass: 746K(832K)->746K(832K) Class: 63K(128K)->63K(128K)
[2024-09-08T23:16:35.099+0800][info] GC(109) Pause Young (Concurrent Start) (G1 Humongous Allocation) 17M->4M(128M) 0.677ms
[2024-09-08T23:16:35.099+0800][info] GC(109) User=0.00s Sys=0.00s Real=0.00s
[2024-09-08T23:16:35.099+0800][info] GC(110) Concurrent Mark Cycle
[2024-09-08T23:16:35.099+0800][info] GC(110) Concurrent Clear Claimed Marks
[2024-09-08T23:16:35.099+0800][info] GC(110) Concurrent Clear Claimed Marks 0.010ms
[2024-09-08T23:16:35.099+0800][info] GC(110) Concurrent Scan Root Regions
[2024-09-08T23:16:35.099+0800][info] GC(110) Concurrent Scan Root Regions 0.006ms
[2024-09-08T23:16:35.099+0800][info] GC(110) Concurrent Mark
[2024-09-08T23:16:35.099+0800][info] GC(110) Concurrent Mark From Roots
[2024-09-08T23:16:35.099+0800][info] GC(110) Using 12 workers of 12 for marking
[2024-09-08T23:16:35.101+0800][info] GC(110) Concurrent Mark From Roots 1.790ms
[2024-09-08T23:16:35.101+0800][info] GC(110) Concurrent Preclean
[2024-09-08T23:16:35.102+0800][info] GC(110) Concurrent Preclean 0.876ms
[2024-09-08T23:16:35.102+0800][info] GC(110) Pause Remark
[2024-09-08T23:16:35.102+0800][info] GC(110) Pause Remark 17M->17M(128M) 0.516ms
[2024-09-08T23:16:35.102+0800][info] GC(110) User=0.00s Sys=0.00s Real=0.00s
[2024-09-08T23:16:35.102+0800][info] GC(110) Concurrent Mark 3.287ms
[2024-09-08T23:16:35.102+0800][info] GC(110) Concurrent Rebuild Remembered Sets
[2024-09-08T23:16:35.103+0800][info] GC(110) Concurrent Rebuild Remembered Sets 0.009ms
[2024-09-08T23:16:35.103+0800][info] GC(110) Pause Cleanup
[2024-09-08T23:16:35.103+0800][info] GC(110) Pause Cleanup 17M->17M(128M) 0.010ms
[2024-09-08T23:16:35.103+0800][info] GC(110) User=0.00s Sys=0.00s Real=0.00s
[2024-09-08T23:16:35.103+0800][info] GC(110) Concurrent Cleanup for Next Mark
[2024-09-08T23:16:35.103+0800][info] GC(110) Concurrent Cleanup for Next Mark 0.183ms
[2024-09-08T23:16:35.103+0800][info] GC(110) Concurrent Mark Cycle 3.621ms
[2024-09-08T23:16:35.207+0800][info] GC(111) Pause Young (Concurrent Start) (G1 Humongous Allocation)
[2024-09-08T23:16:35.207+0800][info] GC(111) Using 3 workers of 48 for evacuation
[2024-09-08T23:16:35.207+0800][info] GC(111)   Pre Evacuate Collection Set: 0.0ms
[2024-09-08T23:16:35.207+0800][info] GC(111)   Merge Heap Roots: 0.0ms
[2024-09-08T23:16:35.207+0800][info] GC(111)   Evacuate Collection Set: 0.1ms
[2024-09-08T23:16:35.207+0800][info] GC(111)   Post Evacuate Collection Set: 0.1ms
[2024-09-08T23:16:35.207+0800][info] GC(111)   Other: 0.3ms
[2024-09-08T23:16:35.207+0800][info] GC(111) Eden regions: 1->0(16)
[2024-09-08T23:16:35.207+0800][info] GC(111) Survivor regions: 0->0(2)
[2024-09-08T23:16:35.207+0800][info] GC(111) Old regions: 1->1
[2024-09-08T23:16:35.207+0800][info] GC(111) Archive regions: 2->2
[2024-09-08T23:16:35.207+0800][info] GC(111) Humongous regions: 3->0
[2024-09-08T23:16:35.207+0800][info] GC(111) Metaspace: 810K(960K)->810K(960K) NonClass: 746K(832K)->746K(832K) Class: 63K(128K)->63K(128K)
[2024-09-08T23:16:35.208+0800][info] GC(111) Pause Young (Concurrent Start) (G1 Humongous Allocation) 17M->4M(128M) 0.852ms
[2024-09-08T23:16:35.208+0800][info] GC(111) User=0.00s Sys=0.00s Real=0.00s
[2024-09-08T23:16:35.208+0800][info] GC(112) Concurrent Mark Cycle
[2024-09-08T23:16:35.208+0800][info] GC(112) Concurrent Clear Claimed Marks
[2024-09-08T23:16:35.208+0800][info] GC(112) Concurrent Clear Claimed Marks 0.018ms
[2024-09-08T23:16:35.208+0800][info] GC(112) Concurrent Scan Root Regions
[2024-09-08T23:16:35.208+0800][info] GC(112) Concurrent Scan Root Regions 0.011ms
[2024-09-08T23:16:35.208+0800][info] GC(112) Concurrent Mark
[2024-09-08T23:16:35.208+0800][info] GC(112) Concurrent Mark From Roots
[2024-09-08T23:16:35.208+0800][info] GC(112) Using 12 workers of 12 for marking
[2024-09-08T23:16:35.210+0800][info] GC(112) Concurrent Mark From Roots 2.640ms
[2024-09-08T23:16:35.210+0800][info] GC(112) Concurrent Preclean
[2024-09-08T23:16:35.212+0800][info] GC(112) Concurrent Preclean 1.660ms
[2024-09-08T23:16:35.212+0800][info] GC(112) Pause Remark
[2024-09-08T23:16:35.213+0800][info] GC(112) Pause Remark 18M->18M(128M) 0.889ms
[2024-09-08T23:16:35.213+0800][info] GC(112) User=0.00s Sys=0.00s Real=0.00s
[2024-09-08T23:16:35.213+0800][info] GC(112) Concurrent Mark 5.354ms
[2024-09-08T23:16:35.213+0800][info] GC(112) Concurrent Rebuild Remembered Sets
[2024-09-08T23:16:35.213+0800][info] GC(112) Concurrent Rebuild Remembered Sets 0.012ms
[2024-09-08T23:16:35.213+0800][info] GC(112) Pause Cleanup
[2024-09-08T23:16:35.213+0800][info] GC(112) Pause Cleanup 18M->18M(128M) 0.018ms
[2024-09-08T23:16:35.213+0800][info] GC(112) User=0.00s Sys=0.00s Real=0.00s
[2024-09-08T23:16:35.213+0800][info] GC(112) Concurrent Cleanup for Next Mark
[2024-09-08T23:16:35.213+0800][info] GC(112) Concurrent Cleanup for Next Mark 0.207ms
[2024-09-08T23:16:35.213+0800][info] GC(112) Concurrent Mark Cycle 5.817ms
[2024-09-08T23:16:35.315+0800][info] GC(113) Pause Young (Concurrent Start) (G1 Humongous Allocation)
[2024-09-08T23:16:35.315+0800][info] GC(113) Using 3 workers of 48 for evacuation
[2024-09-08T23:16:35.316+0800][info] GC(113)   Pre Evacuate Collection Set: 0.0ms
[2024-09-08T23:16:35.316+0800][info] GC(113)   Merge Heap Roots: 0.0ms
[2024-09-08T23:16:35.316+0800][info] GC(113)   Evacuate Collection Set: 0.2ms
[2024-09-08T23:16:35.316+0800][info] GC(113)   Post Evacuate Collection Set: 0.2ms
[2024-09-08T23:16:35.316+0800][info] GC(113)   Other: 0.3ms
[2024-09-08T23:16:35.316+0800][info] GC(113) Eden regions: 1->0(18)
[2024-09-08T23:16:35.316+0800][info] GC(113) Survivor regions: 0->0(2)
[2024-09-08T23:16:35.316+0800][info] GC(113) Old regions: 1->1
[2024-09-08T23:16:35.316+0800][info] GC(113) Archive regions: 2->2
[2024-09-08T23:16:35.316+0800][info] GC(113) Humongous regions: 3->0
[2024-09-08T23:16:35.316+0800][info] GC(113) Metaspace: 810K(960K)->810K(960K) NonClass: 746K(832K)->746K(832K) Class: 63K(128K)->63K(128K)
[2024-09-08T23:16:35.316+0800][info] GC(113) Pause Young (Concurrent Start) (G1 Humongous Allocation) 18M->4M(128M) 0.967ms
[2024-09-08T23:16:35.316+0800][info] GC(113) User=0.00s Sys=0.00s Real=0.00s
[2024-09-08T23:16:35.316+0800][info] GC(114) Concurrent Mark Cycle
[2024-09-08T23:16:35.316+0800][info] GC(114) Concurrent Clear Claimed Marks
[2024-09-08T23:16:35.316+0800][info] GC(114) Concurrent Clear Claimed Marks 0.019ms
[2024-09-08T23:16:35.316+0800][info] GC(114) Concurrent Scan Root Regions
[2024-09-08T23:16:35.316+0800][info] GC(114) Concurrent Scan Root Regions 0.011ms
[2024-09-08T23:16:35.316+0800][info] GC(114) Concurrent Mark
[2024-09-08T23:16:35.316+0800][info] GC(114) Concurrent Mark From Roots
[2024-09-08T23:16:35.316+0800][info] GC(114) Using 12 workers of 12 for marking
[2024-09-08T23:16:35.318+0800][info] GC(114) Concurrent Mark From Roots 1.887ms
[2024-09-08T23:16:35.318+0800][info] GC(114) Concurrent Preclean
[2024-09-08T23:16:35.320+0800][info] GC(114) Concurrent Preclean 1.651ms
[2024-09-08T23:16:35.320+0800][info] GC(114) Pause Remark
[2024-09-08T23:16:35.321+0800][info] GC(114) Pause Remark 18M->18M(128M) 1.174ms
[2024-09-08T23:16:35.321+0800][info] GC(114) User=0.01s Sys=0.00s Real=0.00s
[2024-09-08T23:16:35.321+0800][info] GC(114) Concurrent Mark 4.934ms
[2024-09-08T23:16:35.321+0800][info] GC(114) Concurrent Rebuild Remembered Sets
[2024-09-08T23:16:35.321+0800][info] GC(114) Concurrent Rebuild Remembered Sets 0.012ms
[2024-09-08T23:16:35.321+0800][info] GC(114) Pause Cleanup
[2024-09-08T23:16:35.321+0800][info] GC(114) Pause Cleanup 18M->18M(128M) 0.019ms
[2024-09-08T23:16:35.321+0800][info] GC(114) User=0.00s Sys=0.00s Real=0.00s
[2024-09-08T23:16:35.321+0800][info] GC(114) Concurrent Cleanup for Next Mark
[2024-09-08T23:16:35.322+0800][info] GC(114) Concurrent Cleanup for Next Mark 0.190ms
[2024-09-08T23:16:35.322+0800][info] GC(114) Concurrent Mark Cycle 5.384ms
[2024-09-08T23:16:35.424+0800][info] GC(115) Pause Young (Concurrent Start) (G1 Humongous Allocation)
[2024-09-08T23:16:35.424+0800][info] GC(115) Using 3 workers of 48 for evacuation
[2024-09-08T23:16:35.425+0800][info] GC(115)   Pre Evacuate Collection Set: 0.1ms
[2024-09-08T23:16:35.425+0800][info] GC(115)   Merge Heap Roots: 0.0ms
[2024-09-08T23:16:35.425+0800][info] GC(115)   Evacuate Collection Set: 0.4ms
[2024-09-08T23:16:35.425+0800][info] GC(115)   Post Evacuate Collection Set: 0.2ms
[2024-09-08T23:16:35.425+0800][info] GC(115)   Other: 0.3ms
[2024-09-08T23:16:35.425+0800][info] GC(115) Eden regions: 1->0(19)
[2024-09-08T23:16:35.425+0800][info] GC(115) Survivor regions: 0->0(3)
[2024-09-08T23:16:35.425+0800][info] GC(115) Old regions: 1->1
[2024-09-08T23:16:35.425+0800][info] GC(115) Archive regions: 2->2
[2024-09-08T23:16:35.425+0800][info] GC(115) Humongous regions: 3->0
[2024-09-08T23:16:35.425+0800][info] GC(115) Metaspace: 813K(960K)->813K(960K) NonClass: 749K(832K)->749K(832K) Class: 63K(128K)->63K(128K)
[2024-09-08T23:16:35.425+0800][info] GC(115) Pause Young (Concurrent Start) (G1 Humongous Allocation) 18M->4M(128M) 1.089ms
[2024-09-08T23:16:35.425+0800][info] GC(115) User=0.00s Sys=0.00s Real=0.01s
[2024-09-08T23:16:35.425+0800][info] GC(116) Concurrent Mark Cycle
[2024-09-08T23:16:35.425+0800][info] GC(116) Concurrent Clear Claimed Marks
[2024-09-08T23:16:35.425+0800][info] GC(116) Concurrent Clear Claimed Marks 0.018ms
[2024-09-08T23:16:35.425+0800][info] GC(116) Concurrent Scan Root Regions
[2024-09-08T23:16:35.425+0800][info] GC(116) Concurrent Scan Root Regions 0.011ms
[2024-09-08T23:16:35.425+0800][info] GC(116) Concurrent Mark
[2024-09-08T23:16:35.425+0800][info] GC(116) Concurrent Mark From Roots
[2024-09-08T23:16:35.425+0800][info] GC(116) Using 12 workers of 12 for marking
[2024-09-08T23:16:35.427+0800][info] GC(116) Concurrent Mark From Roots 1.788ms
[2024-09-08T23:16:35.427+0800][info] GC(116) Concurrent Preclean
[2024-09-08T23:16:35.429+0800][info] GC(116) Concurrent Preclean 1.776ms
[2024-09-08T23:16:35.429+0800][info] GC(116) Pause Remark
[2024-09-08T23:16:35.430+0800][info] GC(116) Pause Remark 18M->18M(128M) 1.131ms
[2024-09-08T23:16:35.430+0800][info] GC(116) User=0.00s Sys=0.00s Real=0.00s
[2024-09-08T23:16:35.430+0800][info] GC(116) Concurrent Mark 4.910ms
[2024-09-08T23:16:35.430+0800][info] GC(116) Concurrent Rebuild Remembered Sets
[2024-09-08T23:16:35.430+0800][info] GC(116) Concurrent Rebuild Remembered Sets 0.016ms
[2024-09-08T23:16:35.430+0800][info] GC(116) Pause Cleanup
[2024-09-08T23:16:35.430+0800][info] GC(116) Pause Cleanup 18M->18M(128M) 0.019ms
[2024-09-08T23:16:35.430+0800][info] GC(116) User=0.00s Sys=0.00s Real=0.00s
[2024-09-08T23:16:35.431+0800][info] GC(116) Concurrent Cleanup for Next Mark
[2024-09-08T23:16:35.431+0800][info] GC(116) Concurrent Cleanup for Next Mark 0.189ms
[2024-09-08T23:16:35.431+0800][info] GC(116) Concurrent Mark Cycle 5.391ms
[2024-09-08T23:16:35.534+0800][info] GC(117) Pause Young (Concurrent Start) (G1 Humongous Allocation)
[2024-09-08T23:16:35.534+0800][info] GC(117) Using 3 workers of 48 for evacuation
[2024-09-08T23:16:35.534+0800][info] GC(117)   Pre Evacuate Collection Set: 0.1ms
[2024-09-08T23:16:35.534+0800][info] GC(117)   Merge Heap Roots: 0.0ms
[2024-09-08T23:16:35.534+0800][info] GC(117)   Evacuate Collection Set: 0.2ms
[2024-09-08T23:16:35.534+0800][info] GC(117)   Post Evacuate Collection Set: 0.2ms
[2024-09-08T23:16:35.534+0800][info] GC(117)   Other: 0.3ms
[2024-09-08T23:16:35.534+0800][info] GC(117) Eden regions: 1->0(19)
[2024-09-08T23:16:35.534+0800][info] GC(117) Survivor regions: 0->0(3)
[2024-09-08T23:16:35.535+0800][info] GC(117) Old regions: 1->1
[2024-09-08T23:16:35.535+0800][info] GC(117) Archive regions: 2->2
[2024-09-08T23:16:35.535+0800][info] GC(117) Humongous regions: 3->0
[2024-09-08T23:16:35.535+0800][info] GC(117) Metaspace: 813K(960K)->813K(960K) NonClass: 749K(832K)->749K(832K) Class: 63K(128K)->63K(128K)
[2024-09-08T23:16:35.535+0800][info] GC(117) Pause Young (Concurrent Start) (G1 Humongous Allocation) 18M->4M(128M) 0.866ms
[2024-09-08T23:16:35.535+0800][info] GC(117) User=0.00s Sys=0.00s Real=0.00s
[2024-09-08T23:16:35.535+0800][info] GC(118) Concurrent Mark Cycle
[2024-09-08T23:16:35.535+0800][info] GC(118) Concurrent Clear Claimed Marks
[2024-09-08T23:16:35.535+0800][info] GC(118) Concurrent Clear Claimed Marks 0.018ms
[2024-09-08T23:16:35.535+0800][info] GC(118) Concurrent Scan Root Regions
[2024-09-08T23:16:35.535+0800][info] GC(118) Concurrent Scan Root Regions 0.011ms
[2024-09-08T23:16:35.535+0800][info] GC(118) Concurrent Mark
[2024-09-08T23:16:35.535+0800][info] GC(118) Concurrent Mark From Roots
[2024-09-08T23:16:35.535+0800][info] GC(118) Using 12 workers of 12 for marking
[2024-09-08T23:16:35.537+0800][info] GC(118) Concurrent Mark From Roots 1.773ms
[2024-09-08T23:16:35.537+0800][info] GC(118) Concurrent Preclean
[2024-09-08T23:16:35.538+0800][info] GC(118) Concurrent Preclean 1.773ms
[2024-09-08T23:16:35.538+0800][info] GC(118) Pause Remark
[2024-09-08T23:16:35.540+0800][info] GC(118) Pause Remark 18M->18M(128M) 1.863ms
[2024-09-08T23:16:35.540+0800][info] GC(118) User=0.00s Sys=0.00s Real=0.00s
[2024-09-08T23:16:35.540+0800][info] GC(118) Concurrent Mark 5.588ms
[2024-09-08T23:16:35.540+0800][info] GC(118) Concurrent Rebuild Remembered Sets
[2024-09-08T23:16:35.540+0800][info] GC(118) Concurrent Rebuild Remembered Sets 0.012ms
[2024-09-08T23:16:35.540+0800][info] GC(118) Pause Cleanup
[2024-09-08T23:16:35.540+0800][info] GC(118) Pause Cleanup 18M->18M(128M) 0.025ms
[2024-09-08T23:16:35.540+0800][info] GC(118) User=0.00s Sys=0.00s Real=0.00s
[2024-09-08T23:16:35.540+0800][info] GC(118) Concurrent Cleanup for Next Mark
[2024-09-08T23:16:35.541+0800][info] GC(118) Concurrent Cleanup for Next Mark 0.216ms
[2024-09-08T23:16:35.541+0800][info] GC(118) Concurrent Mark Cycle 6.087ms
[2024-09-08T23:16:35.643+0800][info] GC(119) Pause Young (Concurrent Start) (G1 Humongous Allocation)
[2024-09-08T23:16:35.643+0800][info] GC(119) Using 3 workers of 48 for evacuation
[2024-09-08T23:16:35.644+0800][info] GC(119)   Pre Evacuate Collection Set: 0.0ms
[2024-09-08T23:16:35.644+0800][info] GC(119)   Merge Heap Roots: 0.0ms
[2024-09-08T23:16:35.644+0800][info] GC(119)   Evacuate Collection Set: 0.2ms
[2024-09-08T23:16:35.644+0800][info] GC(119)   Post Evacuate Collection Set: 0.2ms
[2024-09-08T23:16:35.644+0800][info] GC(119)   Other: 0.3ms
[2024-09-08T23:16:35.644+0800][info] GC(119) Eden regions: 1->0(19)
[2024-09-08T23:16:35.644+0800][info] GC(119) Survivor regions: 0->0(3)
[2024-09-08T23:16:35.644+0800][info] GC(119) Old regions: 1->1
[2024-09-08T23:16:35.644+0800][info] GC(119) Archive regions: 2->2
[2024-09-08T23:16:35.644+0800][info] GC(119) Humongous regions: 3->0
[2024-09-08T23:16:35.644+0800][info] GC(119) Metaspace: 813K(960K)->813K(960K) NonClass: 749K(832K)->749K(832K) Class: 63K(128K)->63K(128K)
[2024-09-08T23:16:35.644+0800][info] GC(119) Pause Young (Concurrent Start) (G1 Humongous Allocation) 18M->4M(128M) 0.898ms
[2024-09-08T23:16:35.644+0800][info] GC(119) User=0.00s Sys=0.00s Real=0.00s
[2024-09-08T23:16:35.644+0800][info] GC(120) Concurrent Mark Cycle
[2024-09-08T23:16:35.644+0800][info] GC(120) Concurrent Clear Claimed Marks
[2024-09-08T23:16:35.644+0800][info] GC(120) Concurrent Clear Claimed Marks 0.019ms
[2024-09-08T23:16:35.644+0800][info] GC(120) Concurrent Scan Root Regions
[2024-09-08T23:16:35.644+0800][info] GC(120) Concurrent Scan Root Regions 0.011ms
[2024-09-08T23:16:35.644+0800][info] GC(120) Concurrent Mark
[2024-09-08T23:16:35.644+0800][info] GC(120) Concurrent Mark From Roots
[2024-09-08T23:16:35.644+0800][info] GC(120) Using 12 workers of 12 for marking
[2024-09-08T23:16:35.646+0800][info] GC(120) Concurrent Mark From Roots 1.784ms
[2024-09-08T23:16:35.646+0800][info] GC(120) Concurrent Preclean
[2024-09-08T23:16:35.648+0800][info] GC(120) Concurrent Preclean 1.714ms
[2024-09-08T23:16:35.648+0800][info] GC(120) Pause Remark
[2024-09-08T23:16:35.649+0800][info] GC(120) Pause Remark 18M->18M(128M) 1.152ms
[2024-09-08T23:16:35.649+0800][info] GC(120) User=0.00s Sys=0.00s Real=0.00s
[2024-09-08T23:16:35.649+0800][info] GC(120) Concurrent Mark 4.837ms
[2024-09-08T23:16:35.649+0800][info] GC(120) Concurrent Rebuild Remembered Sets
[2024-09-08T23:16:35.649+0800][info] GC(120) Concurrent Rebuild Remembered Sets 0.012ms
[2024-09-08T23:16:35.649+0800][info] GC(120) Pause Cleanup
[2024-09-08T23:16:35.649+0800][info] GC(120) Pause Cleanup 18M->18M(128M) 0.019ms
[2024-09-08T23:16:35.649+0800][info] GC(120) User=0.00s Sys=0.00s Real=0.00s
[2024-09-08T23:16:35.649+0800][info] GC(120) Concurrent Cleanup for Next Mark
[2024-09-08T23:16:35.649+0800][info] GC(120) Concurrent Cleanup for Next Mark 0.278ms
[2024-09-08T23:16:35.649+0800][info] GC(120) Concurrent Mark Cycle 5.375ms
[2024-09-08T23:16:35.752+0800][info] GC(121) Pause Young (Concurrent Start) (G1 Humongous Allocation)
[2024-09-08T23:16:35.752+0800][info] GC(121) Using 3 workers of 48 for evacuation
[2024-09-08T23:16:35.753+0800][info] GC(121)   Pre Evacuate Collection Set: 0.1ms
[2024-09-08T23:16:35.753+0800][info] GC(121)   Merge Heap Roots: 0.0ms
[2024-09-08T23:16:35.753+0800][info] GC(121)   Evacuate Collection Set: 0.2ms
[2024-09-08T23:16:35.753+0800][info] GC(121)   Post Evacuate Collection Set: 0.1ms
[2024-09-08T23:16:35.753+0800][info] GC(121)   Other: 0.3ms
[2024-09-08T23:16:35.753+0800][info] GC(121) Eden regions: 1->0(19)
[2024-09-08T23:16:35.753+0800][info] GC(121) Survivor regions: 0->0(3)
[2024-09-08T23:16:35.753+0800][info] GC(121) Old regions: 1->1
[2024-09-08T23:16:35.753+0800][info] GC(121) Archive regions: 2->2
[2024-09-08T23:16:35.753+0800][info] GC(121) Humongous regions: 3->0
[2024-09-08T23:16:35.753+0800][info] GC(121) Metaspace: 813K(960K)->813K(960K) NonClass: 749K(832K)->749K(832K) Class: 63K(128K)->63K(128K)
[2024-09-08T23:16:35.753+0800][info] GC(121) Pause Young (Concurrent Start) (G1 Humongous Allocation) 18M->4M(128M) 0.921ms
[2024-09-08T23:16:35.753+0800][info] GC(121) User=0.01s Sys=0.00s Real=0.00s
[2024-09-08T23:16:35.753+0800][info] GC(122) Concurrent Mark Cycle
[2024-09-08T23:16:35.753+0800][info] GC(122) Concurrent Clear Claimed Marks
[2024-09-08T23:16:35.753+0800][info] GC(122) Concurrent Clear Claimed Marks 0.019ms
[2024-09-08T23:16:35.753+0800][info] GC(122) Concurrent Scan Root Regions
[2024-09-08T23:16:35.753+0800][info] GC(122) Concurrent Scan Root Regions 0.011ms
[2024-09-08T23:16:35.753+0800][info] GC(122) Concurrent Mark
[2024-09-08T23:16:35.753+0800][info] GC(122) Concurrent Mark From Roots
[2024-09-08T23:16:35.753+0800][info] GC(122) Using 12 workers of 12 for marking
[2024-09-08T23:16:35.755+0800][info] GC(122) Concurrent Mark From Roots 1.730ms
[2024-09-08T23:16:35.755+0800][info] GC(122) Concurrent Preclean
[2024-09-08T23:16:35.756+0800][info] GC(122) Concurrent Preclean 1.653ms
[2024-09-08T23:16:35.757+0800][info] GC(122) Pause Remark
[2024-09-08T23:16:35.758+0800][info] GC(122) Pause Remark 18M->18M(128M) 0.983ms
[2024-09-08T23:16:35.758+0800][info] GC(122) User=0.00s Sys=0.00s Real=0.01s
[2024-09-08T23:16:35.758+0800][info] GC(122) Concurrent Mark 4.572ms
[2024-09-08T23:16:35.758+0800][info] GC(122) Concurrent Rebuild Remembered Sets
[2024-09-08T23:16:35.758+0800][info] GC(122) Concurrent Rebuild Remembered Sets 0.012ms
[2024-09-08T23:16:35.758+0800][info] GC(122) Pause Cleanup
[2024-09-08T23:16:35.758+0800][info] GC(122) Pause Cleanup 18M->18M(128M) 0.019ms
[2024-09-08T23:16:35.758+0800][info] GC(122) User=0.00s Sys=0.00s Real=0.00s
[2024-09-08T23:16:35.758+0800][info] GC(122) Concurrent Cleanup for Next Mark
[2024-09-08T23:16:35.758+0800][info] GC(122) Concurrent Cleanup for Next Mark 0.188ms
[2024-09-08T23:16:35.758+0800][info] GC(122) Concurrent Mark Cycle 5.018ms
[2024-09-08T23:16:35.861+0800][info] GC(123) Pause Young (Concurrent Start) (G1 Humongous Allocation)
[2024-09-08T23:16:35.861+0800][info] GC(123) Using 3 workers of 48 for evacuation
[2024-09-08T23:16:35.862+0800][info] GC(123)   Pre Evacuate Collection Set: 0.0ms
[2024-09-08T23:16:35.862+0800][info] GC(123)   Merge Heap Roots: 0.0ms
[2024-09-08T23:16:35.862+0800][info] GC(123)   Evacuate Collection Set: 0.3ms
[2024-09-08T23:16:35.862+0800][info] GC(123)   Post Evacuate Collection Set: 0.1ms
[2024-09-08T23:16:35.862+0800][info] GC(123)   Other: 0.3ms
[2024-09-08T23:16:35.862+0800][info] GC(123) Eden regions: 1->0(19)
[2024-09-08T23:16:35.862+0800][info] GC(123) Survivor regions: 0->0(3)
[2024-09-08T23:16:35.862+0800][info] GC(123) Old regions: 1->1
[2024-09-08T23:16:35.862+0800][info] GC(123) Archive regions: 2->2
[2024-09-08T23:16:35.862+0800][info] GC(123) Humongous regions: 3->0
[2024-09-08T23:16:35.862+0800][info] GC(123) Metaspace: 813K(960K)->813K(960K) NonClass: 749K(832K)->749K(832K) Class: 63K(128K)->63K(128K)
[2024-09-08T23:16:35.862+0800][info] GC(123) Pause Young (Concurrent Start) (G1 Humongous Allocation) 18M->4M(128M) 0.909ms
[2024-09-08T23:16:35.862+0800][info] GC(123) User=0.01s Sys=0.00s Real=0.00s
[2024-09-08T23:16:35.862+0800][info] GC(124) Concurrent Mark Cycle
[2024-09-08T23:16:35.862+0800][info] GC(124) Concurrent Clear Claimed Marks
[2024-09-08T23:16:35.862+0800][info] GC(124) Concurrent Clear Claimed Marks 0.022ms
[2024-09-08T23:16:35.862+0800][info] GC(124) Concurrent Scan Root Regions
[2024-09-08T23:16:35.862+0800][info] GC(124) Concurrent Scan Root Regions 0.007ms
[2024-09-08T23:16:35.862+0800][info] GC(124) Concurrent Mark
[2024-09-08T23:16:35.862+0800][info] GC(124) Concurrent Mark From Roots
[2024-09-08T23:16:35.862+0800][info] GC(124) Using 12 workers of 12 for marking
[2024-09-08T23:16:35.864+0800][info] GC(124) Concurrent Mark From Roots 1.725ms
[2024-09-08T23:16:35.864+0800][info] GC(124) Concurrent Preclean
[2024-09-08T23:16:35.864+0800][info] GC(124) Concurrent Preclean 0.767ms
[2024-09-08T23:16:35.865+0800][info] GC(124) Pause Remark
[2024-09-08T23:16:35.865+0800][info] GC(124) Pause Remark 18M->18M(128M) 0.847ms
[2024-09-08T23:16:35.865+0800][info] GC(124) User=0.00s Sys=0.00s Real=0.01s
[2024-09-08T23:16:35.865+0800][info] GC(124) Concurrent Mark 3.453ms
[2024-09-08T23:16:35.865+0800][info] GC(124) Concurrent Rebuild Remembered Sets
[2024-09-08T23:16:35.865+0800][info] GC(124) Concurrent Rebuild Remembered Sets 0.011ms
[2024-09-08T23:16:35.865+0800][info] GC(124) Pause Cleanup
[2024-09-08T23:16:35.865+0800][info] GC(124) Pause Cleanup 18M->18M(128M) 0.011ms
[2024-09-08T23:16:35.865+0800][info] GC(124) User=0.00s Sys=0.00s Real=0.00s
[2024-09-08T23:16:35.865+0800][info] GC(124) Concurrent Cleanup for Next Mark
[2024-09-08T23:16:35.866+0800][info] GC(124) Concurrent Cleanup for Next Mark 0.226ms
[2024-09-08T23:16:35.866+0800][info] GC(124) Concurrent Mark Cycle 3.849ms
[2024-09-08T23:16:35.970+0800][info] GC(125) Pause Young (Concurrent Start) (G1 Humongous Allocation)
[2024-09-08T23:16:35.970+0800][info] GC(125) Using 3 workers of 48 for evacuation
[2024-09-08T23:16:35.971+0800][info] GC(125)   Pre Evacuate Collection Set: 0.0ms
[2024-09-08T23:16:35.971+0800][info] GC(125)   Merge Heap Roots: 0.0ms
[2024-09-08T23:16:35.971+0800][info] GC(125)   Evacuate Collection Set: 0.4ms
[2024-09-08T23:16:35.971+0800][info] GC(125)   Post Evacuate Collection Set: 0.1ms
[2024-09-08T23:16:35.971+0800][info] GC(125)   Other: 0.2ms
[2024-09-08T23:16:35.971+0800][info] GC(125) Eden regions: 1->0(19)
[2024-09-08T23:16:35.971+0800][info] GC(125) Survivor regions: 0->0(3)
[2024-09-08T23:16:35.971+0800][info] GC(125) Old regions: 1->1
[2024-09-08T23:16:35.971+0800][info] GC(125) Archive regions: 2->2
[2024-09-08T23:16:35.971+0800][info] GC(125) Humongous regions: 3->0
[2024-09-08T23:16:35.971+0800][info] GC(125) Metaspace: 815K(960K)->815K(960K) NonClass: 752K(832K)->752K(832K) Class: 63K(128K)->63K(128K)
[2024-09-08T23:16:35.971+0800][info] GC(125) Pause Young (Concurrent Start) (G1 Humongous Allocation) 18M->4M(128M) 0.843ms
[2024-09-08T23:16:35.971+0800][info] GC(125) User=0.01s Sys=0.00s Real=0.00s
[2024-09-08T23:16:35.971+0800][info] GC(126) Concurrent Mark Cycle
[2024-09-08T23:16:35.971+0800][info] GC(126) Concurrent Clear Claimed Marks
[2024-09-08T23:16:35.971+0800][info] GC(126) Concurrent Clear Claimed Marks 0.022ms
[2024-09-08T23:16:35.971+0800][info] GC(126) Concurrent Scan Root Regions
[2024-09-08T23:16:35.971+0800][info] GC(126) Concurrent Scan Root Regions 0.017ms
[2024-09-08T23:16:35.971+0800][info] GC(126) Concurrent Mark
[2024-09-08T23:16:35.971+0800][info] GC(126) Concurrent Mark From Roots
[2024-09-08T23:16:35.971+0800][info] GC(126) Using 12 workers of 12 for marking
[2024-09-08T23:16:35.973+0800][info] GC(126) Concurrent Mark From Roots 1.731ms
[2024-09-08T23:16:35.973+0800][info] GC(126) Concurrent Preclean
[2024-09-08T23:16:35.975+0800][info] GC(126) Concurrent Preclean 1.750ms
[2024-09-08T23:16:35.975+0800][info] GC(126) Pause Remark
[2024-09-08T23:16:35.976+0800][info] GC(126) Pause Remark 18M->18M(128M) 1.044ms
[2024-09-08T23:16:35.976+0800][info] GC(126) User=0.00s Sys=0.00s Real=0.00s
[2024-09-08T23:16:35.976+0800][info] GC(126) Concurrent Mark 4.648ms
[2024-09-08T23:16:35.976+0800][info] GC(126) Concurrent Rebuild Remembered Sets
[2024-09-08T23:16:35.976+0800][info] GC(126) Concurrent Rebuild Remembered Sets 0.013ms
[2024-09-08T23:16:35.976+0800][info] GC(126) Pause Cleanup
[2024-09-08T23:16:35.976+0800][info] GC(126) Pause Cleanup 18M->18M(128M) 0.025ms
[2024-09-08T23:16:35.976+0800][info] GC(126) User=0.00s Sys=0.00s Real=0.00s
[2024-09-08T23:16:35.976+0800][info] GC(126) Concurrent Cleanup for Next Mark
[2024-09-08T23:16:35.976+0800][info] GC(126) Concurrent Cleanup for Next Mark 0.207ms
[2024-09-08T23:16:35.976+0800][info] GC(126) Concurrent Mark Cycle 5.126ms
[2024-09-08T23:16:36.079+0800][info] GC(127) Pause Young (Concurrent Start) (G1 Humongous Allocation)
[2024-09-08T23:16:36.079+0800][info] GC(127) Using 3 workers of 48 for evacuation
[2024-09-08T23:16:36.080+0800][info] GC(127)   Pre Evacuate Collection Set: 0.0ms
[2024-09-08T23:16:36.080+0800][info] GC(127)   Merge Heap Roots: 0.0ms
[2024-09-08T23:16:36.080+0800][info] GC(127)   Evacuate Collection Set: 0.4ms
[2024-09-08T23:16:36.080+0800][info] GC(127)   Post Evacuate Collection Set: 0.1ms
[2024-09-08T23:16:36.080+0800][info] GC(127)   Other: 0.2ms
[2024-09-08T23:16:36.080+0800][info] GC(127) Eden regions: 1->0(19)
[2024-09-08T23:16:36.080+0800][info] GC(127) Survivor regions: 0->0(3)
[2024-09-08T23:16:36.080+0800][info] GC(127) Old regions: 1->1
[2024-09-08T23:16:36.080+0800][info] GC(127) Archive regions: 2->2
[2024-09-08T23:16:36.080+0800][info] GC(127) Humongous regions: 3->0
[2024-09-08T23:16:36.080+0800][info] GC(127) Metaspace: 815K(960K)->815K(960K) NonClass: 752K(832K)->752K(832K) Class: 63K(128K)->63K(128K)
[2024-09-08T23:16:36.080+0800][info] GC(127) Pause Young (Concurrent Start) (G1 Humongous Allocation) 18M->4M(128M) 0.820ms
[2024-09-08T23:16:36.080+0800][info] GC(127) User=0.00s Sys=0.00s Real=0.00s
[2024-09-08T23:16:36.080+0800][info] GC(128) Concurrent Mark Cycle
[2024-09-08T23:16:36.080+0800][info] GC(128) Concurrent Clear Claimed Marks
[2024-09-08T23:16:36.080+0800][info] GC(128) Concurrent Clear Claimed Marks 0.017ms
[2024-09-08T23:16:36.080+0800][info] GC(128) Concurrent Scan Root Regions
[2024-09-08T23:16:36.080+0800][info] GC(128) Concurrent Scan Root Regions 0.011ms
[2024-09-08T23:16:36.080+0800][info] GC(128) Concurrent Mark
[2024-09-08T23:16:36.080+0800][info] GC(128) Concurrent Mark From Roots
[2024-09-08T23:16:36.080+0800][info] GC(128) Using 12 workers of 12 for marking
[2024-09-08T23:16:36.082+0800][info] GC(128) Concurrent Mark From Roots 1.783ms
[2024-09-08T23:16:36.082+0800][info] GC(128) Concurrent Preclean
[2024-09-08T23:16:36.084+0800][info] GC(128) Concurrent Preclean 1.754ms
[2024-09-08T23:16:36.084+0800][info] GC(128) Pause Remark
[2024-09-08T23:16:36.085+0800][info] GC(128) Pause Remark 18M->18M(128M) 1.090ms
[2024-09-08T23:16:36.085+0800][info] GC(128) User=0.00s Sys=0.00s Real=0.01s
[2024-09-08T23:16:36.085+0800][info] GC(128) Concurrent Mark 4.757ms
[2024-09-08T23:16:36.085+0800][info] GC(128) Concurrent Rebuild Remembered Sets
[2024-09-08T23:16:36.085+0800][info] GC(128) Concurrent Rebuild Remembered Sets 0.013ms
[2024-09-08T23:16:36.085+0800][info] GC(128) Pause Cleanup
[2024-09-08T23:16:36.085+0800][info] GC(128) Pause Cleanup 18M->18M(128M) 0.011ms
[2024-09-08T23:16:36.085+0800][info] GC(128) User=0.00s Sys=0.00s Real=0.00s
[2024-09-08T23:16:36.085+0800][info] GC(128) Concurrent Cleanup for Next Mark
[2024-09-08T23:16:36.085+0800][info] GC(128) Concurrent Cleanup for Next Mark 0.273ms
[2024-09-08T23:16:36.085+0800][info] GC(128) Concurrent Mark Cycle 5.266ms
[2024-09-08T23:16:36.188+0800][info] GC(129) Pause Young (Concurrent Start) (G1 Humongous Allocation)
[2024-09-08T23:16:36.188+0800][info] GC(129) Using 3 workers of 48 for evacuation
[2024-09-08T23:16:36.188+0800][info] GC(129)   Pre Evacuate Collection Set: 0.0ms
[2024-09-08T23:16:36.188+0800][info] GC(129)   Merge Heap Roots: 0.0ms
[2024-09-08T23:16:36.188+0800][info] GC(129)   Evacuate Collection Set: 0.2ms
[2024-09-08T23:16:36.188+0800][info] GC(129)   Post Evacuate Collection Set: 0.1ms
[2024-09-08T23:16:36.188+0800][info] GC(129)   Other: 0.1ms
[2024-09-08T23:16:36.188+0800][info] GC(129) Eden regions: 1->0(19)
[2024-09-08T23:16:36.188+0800][info] GC(129) Survivor regions: 0->0(3)
[2024-09-08T23:16:36.188+0800][info] GC(129) Old regions: 1->1
[2024-09-08T23:16:36.188+0800][info] GC(129) Archive regions: 2->2
[2024-09-08T23:16:36.188+0800][info] GC(129) Humongous regions: 3->0
[2024-09-08T23:16:36.188+0800][info] GC(129) Metaspace: 827K(960K)->827K(960K) NonClass: 764K(832K)->764K(832K) Class: 63K(128K)->63K(128K)
[2024-09-08T23:16:36.188+0800][info] GC(129) Pause Young (Concurrent Start) (G1 Humongous Allocation) 18M->4M(128M) 0.645ms
[2024-09-08T23:16:36.188+0800][info] GC(129) User=0.00s Sys=0.00s Real=0.00s
[2024-09-08T23:16:36.188+0800][info] GC(130) Concurrent Mark Cycle
[2024-09-08T23:16:36.188+0800][info] GC(130) Concurrent Clear Claimed Marks
[2024-09-08T23:16:36.188+0800][info] GC(130) Concurrent Clear Claimed Marks 0.023ms
[2024-09-08T23:16:36.189+0800][info] GC(130) Concurrent Scan Root Regions
[2024-09-08T23:16:36.189+0800][info] GC(130) Concurrent Scan Root Regions 0.017ms
[2024-09-08T23:16:36.189+0800][info] GC(130) Concurrent Mark
[2024-09-08T23:16:36.189+0800][info] GC(130) Concurrent Mark From Roots
[2024-09-08T23:16:36.189+0800][info] GC(130) Using 12 workers of 12 for marking
[2024-09-08T23:16:36.190+0800][info] GC(130) Concurrent Mark From Roots 1.770ms
[2024-09-08T23:16:36.190+0800][info] GC(130) Concurrent Preclean
[2024-09-08T23:16:36.192+0800][info] GC(130) Concurrent Preclean 1.735ms
[2024-09-08T23:16:36.192+0800][info] GC(130) Pause Remark
[2024-09-08T23:16:36.193+0800][info] GC(130) Pause Remark 18M->18M(128M) 1.086ms
[2024-09-08T23:16:36.193+0800][info] GC(130) User=0.00s Sys=0.00s Real=0.00s
[2024-09-08T23:16:36.193+0800][info] GC(130) Concurrent Mark 4.710ms
[2024-09-08T23:16:36.193+0800][info] GC(130) Concurrent Rebuild Remembered Sets
[2024-09-08T23:16:36.193+0800][info] GC(130) Concurrent Rebuild Remembered Sets 0.012ms
[2024-09-08T23:16:36.193+0800][info] GC(130) Pause Cleanup
[2024-09-08T23:16:36.193+0800][info] GC(130) Pause Cleanup 18M->18M(128M) 0.009ms
[2024-09-08T23:16:36.193+0800][info] GC(130) User=0.00s Sys=0.00s Real=0.00s
[2024-09-08T23:16:36.193+0800][info] GC(130) Concurrent Cleanup for Next Mark
[2024-09-08T23:16:36.194+0800][info] GC(130) Concurrent Cleanup for Next Mark 0.188ms
[2024-09-08T23:16:36.194+0800][info] GC(130) Concurrent Mark Cycle 5.143ms
[2024-09-08T23:16:36.296+0800][info] GC(131) Pause Young (Concurrent Start) (G1 Humongous Allocation)
[2024-09-08T23:16:36.296+0800][info] GC(131) Using 3 workers of 48 for evacuation
[2024-09-08T23:16:36.297+0800][info] GC(131)   Pre Evacuate Collection Set: 0.0ms
[2024-09-08T23:16:36.297+0800][info] GC(131)   Merge Heap Roots: 0.0ms
[2024-09-08T23:16:36.297+0800][info] GC(131)   Evacuate Collection Set: 0.4ms
[2024-09-08T23:16:36.297+0800][info] GC(131)   Post Evacuate Collection Set: 0.1ms
[2024-09-08T23:16:36.297+0800][info] GC(131)   Other: 0.1ms
[2024-09-08T23:16:36.297+0800][info] GC(131) Eden regions: 1->0(19)
[2024-09-08T23:16:36.297+0800][info] GC(131) Survivor regions: 0->0(3)
[2024-09-08T23:16:36.297+0800][info] GC(131) Old regions: 1->1
[2024-09-08T23:16:36.297+0800][info] GC(131) Archive regions: 2->2
[2024-09-08T23:16:36.297+0800][info] GC(131) Humongous regions: 3->0
[2024-09-08T23:16:36.297+0800][info] GC(131) Metaspace: 827K(960K)->827K(960K) NonClass: 764K(832K)->764K(832K) Class: 63K(128K)->63K(128K)
[2024-09-08T23:16:36.297+0800][info] GC(131) Pause Young (Concurrent Start) (G1 Humongous Allocation) 18M->4M(128M) 0.796ms
[2024-09-08T23:16:36.297+0800][info] GC(131) User=0.00s Sys=0.00s Real=0.01s
[2024-09-08T23:16:36.297+0800][info] GC(132) Concurrent Mark Cycle
[2024-09-08T23:16:36.297+0800][info] GC(132) Concurrent Clear Claimed Marks
[2024-09-08T23:16:36.297+0800][info] GC(132) Concurrent Clear Claimed Marks 0.016ms
[2024-09-08T23:16:36.297+0800][info] GC(132) Concurrent Scan Root Regions
[2024-09-08T23:16:36.297+0800][info] GC(132) Concurrent Scan Root Regions 0.011ms
[2024-09-08T23:16:36.297+0800][info] GC(132) Concurrent Mark
[2024-09-08T23:16:36.297+0800][info] GC(132) Concurrent Mark From Roots
[2024-09-08T23:16:36.297+0800][info] GC(132) Using 12 workers of 12 for marking
[2024-09-08T23:16:36.299+0800][info] GC(132) Concurrent Mark From Roots 1.946ms
[2024-09-08T23:16:36.299+0800][info] GC(132) Concurrent Preclean
[2024-09-08T23:16:36.301+0800][info] GC(132) Concurrent Preclean 1.771ms
[2024-09-08T23:16:36.301+0800][info] GC(132) Pause Remark
[2024-09-08T23:16:36.302+0800][info] GC(132) Pause Remark 18M->18M(128M) 0.875ms
[2024-09-08T23:16:36.302+0800][info] GC(132) User=0.00s Sys=0.00s Real=0.00s
[2024-09-08T23:16:36.302+0800][info] GC(132) Concurrent Mark 4.707ms
[2024-09-08T23:16:36.302+0800][info] GC(132) Concurrent Rebuild Remembered Sets
[2024-09-08T23:16:36.302+0800][info] GC(132) Concurrent Rebuild Remembered Sets 0.018ms
[2024-09-08T23:16:36.302+0800][info] GC(132) Pause Cleanup
[2024-09-08T23:16:36.302+0800][info] GC(132) Pause Cleanup 18M->18M(128M) 0.009ms
[2024-09-08T23:16:36.302+0800][info] GC(132) User=0.00s Sys=0.00s Real=0.00s
[2024-09-08T23:16:36.302+0800][info] GC(132) Concurrent Cleanup for Next Mark
[2024-09-08T23:16:36.302+0800][info] GC(132) Concurrent Cleanup for Next Mark 0.227ms
[2024-09-08T23:16:36.302+0800][info] GC(132) Concurrent Mark Cycle 5.177ms
[2024-09-08T23:16:36.405+0800][info] GC(133) Pause Young (Concurrent Start) (G1 Humongous Allocation)
[2024-09-08T23:16:36.405+0800][info] GC(133) Using 3 workers of 48 for evacuation
[2024-09-08T23:16:36.405+0800][info] GC(133)   Pre Evacuate Collection Set: 0.0ms
[2024-09-08T23:16:36.405+0800][info] GC(133)   Merge Heap Roots: 0.0ms
[2024-09-08T23:16:36.405+0800][info] GC(133)   Evacuate Collection Set: 0.2ms
[2024-09-08T23:16:36.405+0800][info] GC(133)   Post Evacuate Collection Set: 0.1ms
[2024-09-08T23:16:36.405+0800][info] GC(133)   Other: 0.2ms
[2024-09-08T23:16:36.405+0800][info] GC(133) Eden regions: 1->0(19)
[2024-09-08T23:16:36.405+0800][info] GC(133) Survivor regions: 0->0(3)
[2024-09-08T23:16:36.405+0800][info] GC(133) Old regions: 1->1
[2024-09-08T23:16:36.405+0800][info] GC(133) Archive regions: 2->2
[2024-09-08T23:16:36.405+0800][info] GC(133) Humongous regions: 3->0
[2024-09-08T23:16:36.405+0800][info] GC(133) Metaspace: 827K(960K)->827K(960K) NonClass: 764K(832K)->764K(832K) Class: 63K(128K)->63K(128K)
[2024-09-08T23:16:36.405+0800][info] GC(133) Pause Young (Concurrent Start) (G1 Humongous Allocation) 18M->4M(128M) 0.636ms
[2024-09-08T23:16:36.405+0800][info] GC(133) User=0.00s Sys=0.00s Real=0.00s
[2024-09-08T23:16:36.405+0800][info] GC(134) Concurrent Mark Cycle
[2024-09-08T23:16:36.405+0800][info] GC(134) Concurrent Clear Claimed Marks
[2024-09-08T23:16:36.406+0800][info] GC(134) Concurrent Clear Claimed Marks 0.021ms
[2024-09-08T23:16:36.406+0800][info] GC(134) Concurrent Scan Root Regions
[2024-09-08T23:16:36.406+0800][info] GC(134) Concurrent Scan Root Regions 0.017ms
[2024-09-08T23:16:36.406+0800][info] GC(134) Concurrent Mark
[2024-09-08T23:16:36.406+0800][info] GC(134) Concurrent Mark From Roots
[2024-09-08T23:16:36.406+0800][info] GC(134) Using 12 workers of 12 for marking
[2024-09-08T23:16:36.407+0800][info] GC(134) Concurrent Mark From Roots 1.848ms
[2024-09-08T23:16:36.407+0800][info] GC(134) Concurrent Preclean
[2024-09-08T23:16:36.409+0800][info] GC(134) Concurrent Preclean 1.746ms
[2024-09-08T23:16:36.409+0800][info] GC(134) Pause Remark
[2024-09-08T23:16:36.410+0800][info] GC(134) Pause Remark 18M->18M(128M) 0.881ms
[2024-09-08T23:16:36.410+0800][info] GC(134) User=0.00s Sys=0.00s Real=0.00s
[2024-09-08T23:16:36.410+0800][info] GC(134) Concurrent Mark 4.586ms
[2024-09-08T23:16:36.410+0800][info] GC(134) Concurrent Rebuild Remembered Sets
[2024-09-08T23:16:36.410+0800][info] GC(134) Concurrent Rebuild Remembered Sets 0.018ms
[2024-09-08T23:16:36.410+0800][info] GC(134) Pause Cleanup
[2024-09-08T23:16:36.410+0800][info] GC(134) Pause Cleanup 18M->18M(128M) 0.009ms
[2024-09-08T23:16:36.410+0800][info] GC(134) User=0.00s Sys=0.00s Real=0.00s
[2024-09-08T23:16:36.410+0800][info] GC(134) Concurrent Cleanup for Next Mark
[2024-09-08T23:16:36.410+0800][info] GC(134) Concurrent Cleanup for Next Mark 0.214ms
[2024-09-08T23:16:36.411+0800][info] GC(134) Concurrent Mark Cycle 5.070ms
[2024-09-08T23:16:36.513+0800][info] GC(135) Pause Young (Concurrent Start) (G1 Humongous Allocation)
[2024-09-08T23:16:36.513+0800][info] GC(135) Using 3 workers of 48 for evacuation
[2024-09-08T23:16:36.514+0800][info] GC(135)   Pre Evacuate Collection Set: 0.0ms
[2024-09-08T23:16:36.514+0800][info] GC(135)   Merge Heap Roots: 0.0ms
[2024-09-08T23:16:36.514+0800][info] GC(135)   Evacuate Collection Set: 0.3ms
[2024-09-08T23:16:36.514+0800][info] GC(135)   Post Evacuate Collection Set: 0.2ms
[2024-09-08T23:16:36.514+0800][info] GC(135)   Other: 0.3ms
[2024-09-08T23:16:36.514+0800][info] GC(135) Eden regions: 1->0(19)
[2024-09-08T23:16:36.514+0800][info] GC(135) Survivor regions: 0->0(3)
[2024-09-08T23:16:36.514+0800][info] GC(135) Old regions: 1->1
[2024-09-08T23:16:36.514+0800][info] GC(135) Archive regions: 2->2
[2024-09-08T23:16:36.514+0800][info] GC(135) Humongous regions: 3->0
[2024-09-08T23:16:36.514+0800][info] GC(135) Metaspace: 827K(960K)->827K(960K) NonClass: 764K(832K)->764K(832K) Class: 63K(128K)->63K(128K)
[2024-09-08T23:16:36.514+0800][info] GC(135) Pause Young (Concurrent Start) (G1 Humongous Allocation) 18M->4M(128M) 1.074ms
[2024-09-08T23:16:36.514+0800][info] GC(135) User=0.00s Sys=0.00s Real=0.00s
[2024-09-08T23:16:36.514+0800][info] GC(136) Concurrent Mark Cycle
[2024-09-08T23:16:36.514+0800][info] GC(136) Concurrent Clear Claimed Marks
[2024-09-08T23:16:36.514+0800][info] GC(136) Concurrent Clear Claimed Marks 0.022ms
[2024-09-08T23:16:36.514+0800][info] GC(136) Concurrent Scan Root Regions
[2024-09-08T23:16:36.514+0800][info] GC(136) Concurrent Scan Root Regions 0.017ms
[2024-09-08T23:16:36.514+0800][info] GC(136) Concurrent Mark
[2024-09-08T23:16:36.514+0800][info] GC(136) Concurrent Mark From Roots
[2024-09-08T23:16:36.514+0800][info] GC(136) Using 12 workers of 12 for marking
[2024-09-08T23:16:36.516+0800][info] GC(136) Concurrent Mark From Roots 2.064ms
[2024-09-08T23:16:36.516+0800][info] GC(136) Concurrent Preclean
[2024-09-08T23:16:36.518+0800][info] GC(136) Concurrent Preclean 1.706ms
[2024-09-08T23:16:36.518+0800][info] GC(136) Pause Remark
[2024-09-08T23:16:36.519+0800][info] GC(136) Pause Remark 18M->18M(128M) 1.085ms
[2024-09-08T23:16:36.519+0800][info] GC(136) User=0.00s Sys=0.00s Real=0.00s
[2024-09-08T23:16:36.519+0800][info] GC(136) Concurrent Mark 5.044ms
[2024-09-08T23:16:36.519+0800][info] GC(136) Concurrent Rebuild Remembered Sets
[2024-09-08T23:16:36.519+0800][info] GC(136) Concurrent Rebuild Remembered Sets 0.012ms
[2024-09-08T23:16:36.519+0800][info] GC(136) Pause Cleanup
[2024-09-08T23:16:36.519+0800][info] GC(136) Pause Cleanup 18M->18M(128M) 0.025ms
[2024-09-08T23:16:36.519+0800][info] GC(136) User=0.00s Sys=0.00s Real=0.00s
[2024-09-08T23:16:36.519+0800][info] GC(136) Concurrent Cleanup for Next Mark
[2024-09-08T23:16:36.520+0800][info] GC(136) Concurrent Cleanup for Next Mark 0.205ms
[2024-09-08T23:16:36.520+0800][info] GC(136) Concurrent Mark Cycle 5.558ms
[2024-09-08T23:16:36.622+0800][info] GC(137) Pause Young (Concurrent Start) (G1 Humongous Allocation)
[2024-09-08T23:16:36.622+0800][info] GC(137) Using 3 workers of 48 for evacuation
[2024-09-08T23:16:36.622+0800][info] GC(137)   Pre Evacuate Collection Set: 0.1ms
[2024-09-08T23:16:36.623+0800][info] GC(137)   Merge Heap Roots: 0.0ms
[2024-09-08T23:16:36.623+0800][info] GC(137)   Evacuate Collection Set: 0.2ms
[2024-09-08T23:16:36.623+0800][info] GC(137)   Post Evacuate Collection Set: 0.2ms
[2024-09-08T23:16:36.623+0800][info] GC(137)   Other: 0.3ms
[2024-09-08T23:16:36.623+0800][info] GC(137) Eden regions: 1->0(19)
[2024-09-08T23:16:36.623+0800][info] GC(137) Survivor regions: 0->0(3)
[2024-09-08T23:16:36.623+0800][info] GC(137) Old regions: 1->1
[2024-09-08T23:16:36.623+0800][info] GC(137) Archive regions: 2->2
[2024-09-08T23:16:36.623+0800][info] GC(137) Humongous regions: 3->0
[2024-09-08T23:16:36.623+0800][info] GC(137) Metaspace: 828K(960K)->828K(960K) NonClass: 765K(832K)->765K(832K) Class: 63K(128K)->63K(128K)
[2024-09-08T23:16:36.623+0800][info] GC(137) Pause Young (Concurrent Start) (G1 Humongous Allocation) 18M->4M(128M) 0.975ms
[2024-09-08T23:16:36.623+0800][info] GC(137) User=0.00s Sys=0.00s Real=0.00s
[2024-09-08T23:16:36.623+0800][info] GC(138) Concurrent Mark Cycle
[2024-09-08T23:16:36.623+0800][info] GC(138) Concurrent Clear Claimed Marks
[2024-09-08T23:16:36.623+0800][info] GC(138) Concurrent Clear Claimed Marks 0.021ms
[2024-09-08T23:16:36.623+0800][info] GC(138) Concurrent Scan Root Regions
[2024-09-08T23:16:36.623+0800][info] GC(138) Concurrent Scan Root Regions 0.011ms
[2024-09-08T23:16:36.623+0800][info] GC(138) Concurrent Mark
[2024-09-08T23:16:36.623+0800][info] GC(138) Concurrent Mark From Roots
[2024-09-08T23:16:36.623+0800][info] GC(138) Using 12 workers of 12 for marking
[2024-09-08T23:16:36.625+0800][info] GC(138) Concurrent Mark From Roots 1.821ms
[2024-09-08T23:16:36.625+0800][info] GC(138) Concurrent Preclean
[2024-09-08T23:16:36.626+0800][info] GC(138) Concurrent Preclean 1.659ms
[2024-09-08T23:16:36.627+0800][info] GC(138) Pause Remark
[2024-09-08T23:16:36.627+0800][info] GC(138) Pause Remark 18M->18M(128M) 0.869ms
[2024-09-08T23:16:36.627+0800][info] GC(138) User=0.00s Sys=0.00s Real=0.00s
[2024-09-08T23:16:36.628+0800][info] GC(138) Concurrent Mark 4.589ms
[2024-09-08T23:16:36.628+0800][info] GC(138) Concurrent Rebuild Remembered Sets
[2024-09-08T23:16:36.628+0800][info] GC(138) Concurrent Rebuild Remembered Sets 0.012ms
[2024-09-08T23:16:36.628+0800][info] GC(138) Pause Cleanup
[2024-09-08T23:16:36.628+0800][info] GC(138) Pause Cleanup 18M->18M(128M) 0.032ms
[2024-09-08T23:16:36.628+0800][info] GC(138) User=0.00s Sys=0.00s Real=0.00s
[2024-09-08T23:16:36.628+0800][info] GC(138) Concurrent Cleanup for Next Mark
[2024-09-08T23:16:36.628+0800][info] GC(138) Concurrent Cleanup for Next Mark 0.189ms
[2024-09-08T23:16:36.628+0800][info] GC(138) Concurrent Mark Cycle 5.123ms
[2024-09-08T23:16:36.730+0800][info] GC(139) Pause Young (Concurrent Start) (G1 Humongous Allocation)
[2024-09-08T23:16:36.730+0800][info] GC(139) Using 3 workers of 48 for evacuation
[2024-09-08T23:16:36.731+0800][info] GC(139)   Pre Evacuate Collection Set: 0.0ms
[2024-09-08T23:16:36.731+0800][info] GC(139)   Merge Heap Roots: 0.0ms
[2024-09-08T23:16:36.731+0800][info] GC(139)   Evacuate Collection Set: 0.2ms
[2024-09-08T23:16:36.731+0800][info] GC(139)   Post Evacuate Collection Set: 0.1ms
[2024-09-08T23:16:36.731+0800][info] GC(139)   Other: 0.3ms
[2024-09-08T23:16:36.731+0800][info] GC(139) Eden regions: 1->0(19)
[2024-09-08T23:16:36.731+0800][info] GC(139) Survivor regions: 0->0(3)
[2024-09-08T23:16:36.731+0800][info] GC(139) Old regions: 1->1
[2024-09-08T23:16:36.731+0800][info] GC(139) Archive regions: 2->2
[2024-09-08T23:16:36.731+0800][info] GC(139) Humongous regions: 3->0
[2024-09-08T23:16:36.731+0800][info] GC(139) Metaspace: 829K(960K)->829K(960K) NonClass: 765K(832K)->765K(832K) Class: 63K(128K)->63K(128K)
[2024-09-08T23:16:36.731+0800][info] GC(139) Pause Young (Concurrent Start) (G1 Humongous Allocation) 18M->4M(128M) 0.769ms
[2024-09-08T23:16:36.731+0800][info] GC(139) User=0.00s Sys=0.00s Real=0.00s
[2024-09-08T23:16:36.731+0800][info] GC(140) Concurrent Mark Cycle
[2024-09-08T23:16:36.731+0800][info] GC(140) Concurrent Clear Claimed Marks
[2024-09-08T23:16:36.731+0800][info] GC(140) Concurrent Clear Claimed Marks 0.018ms
[2024-09-08T23:16:36.731+0800][info] GC(140) Concurrent Scan Root Regions
[2024-09-08T23:16:36.731+0800][info] GC(140) Concurrent Scan Root Regions 0.011ms
[2024-09-08T23:16:36.731+0800][info] GC(140) Concurrent Mark
[2024-09-08T23:16:36.731+0800][info] GC(140) Concurrent Mark From Roots
[2024-09-08T23:16:36.731+0800][info] GC(140) Using 12 workers of 12 for marking
[2024-09-08T23:16:36.733+0800][info] GC(140) Concurrent Mark From Roots 1.894ms
[2024-09-08T23:16:36.733+0800][info] GC(140) Concurrent Preclean
[2024-09-08T23:16:36.735+0800][info] GC(140) Concurrent Preclean 1.752ms
[2024-09-08T23:16:36.735+0800][info] GC(140) Pause Remark
[2024-09-08T23:16:36.736+0800][info] GC(140) Pause Remark 18M->18M(128M) 0.722ms
[2024-09-08T23:16:36.736+0800][info] GC(140) User=0.00s Sys=0.00s Real=0.00s
[2024-09-08T23:16:36.736+0800][info] GC(140) Concurrent Mark 4.569ms
[2024-09-08T23:16:36.736+0800][info] GC(140) Concurrent Rebuild Remembered Sets
[2024-09-08T23:16:36.736+0800][info] GC(140) Concurrent Rebuild Remembered Sets 0.017ms
[2024-09-08T23:16:36.736+0800][info] GC(140) Pause Cleanup
[2024-09-08T23:16:36.736+0800][info] GC(140) Pause Cleanup 18M->18M(128M) 0.027ms
[2024-09-08T23:16:36.736+0800][info] GC(140) User=0.00s Sys=0.00s Real=0.00s
[2024-09-08T23:16:36.736+0800][info] GC(140) Concurrent Cleanup for Next Mark
[2024-09-08T23:16:36.736+0800][info] GC(140) Concurrent Cleanup for Next Mark 0.195ms
[2024-09-08T23:16:36.736+0800][info] GC(140) Concurrent Mark Cycle 5.096ms
[2024-09-08T23:16:36.839+0800][info] GC(141) Pause Young (Concurrent Start) (G1 Humongous Allocation)
[2024-09-08T23:16:36.839+0800][info] GC(141) Using 3 workers of 48 for evacuation
[2024-09-08T23:16:36.839+0800][info] GC(141)   Pre Evacuate Collection Set: 0.0ms
[2024-09-08T23:16:36.839+0800][info] GC(141)   Merge Heap Roots: 0.0ms
[2024-09-08T23:16:36.839+0800][info] GC(141)   Evacuate Collection Set: 0.2ms
[2024-09-08T23:16:36.839+0800][info] GC(141)   Post Evacuate Collection Set: 0.1ms
[2024-09-08T23:16:36.839+0800][info] GC(141)   Other: 0.2ms
[2024-09-08T23:16:36.839+0800][info] GC(141) Eden regions: 1->0(19)
[2024-09-08T23:16:36.839+0800][info] GC(141) Survivor regions: 0->0(3)
[2024-09-08T23:16:36.839+0800][info] GC(141) Old regions: 1->1
[2024-09-08T23:16:36.839+0800][info] GC(141) Archive regions: 2->2
[2024-09-08T23:16:36.839+0800][info] GC(141) Humongous regions: 3->0
[2024-09-08T23:16:36.839+0800][info] GC(141) Metaspace: 829K(960K)->829K(960K) NonClass: 765K(832K)->765K(832K) Class: 63K(128K)->63K(128K)
[2024-09-08T23:16:36.839+0800][info] GC(141) Pause Young (Concurrent Start) (G1 Humongous Allocation) 18M->4M(128M) 0.715ms
[2024-09-08T23:16:36.840+0800][info] GC(141) User=0.00s Sys=0.00s Real=0.00s
[2024-09-08T23:16:36.840+0800][info] GC(142) Concurrent Mark Cycle
[2024-09-08T23:16:36.840+0800][info] GC(142) Concurrent Clear Claimed Marks
[2024-09-08T23:16:36.840+0800][info] GC(142) Concurrent Clear Claimed Marks 0.022ms
[2024-09-08T23:16:36.840+0800][info] GC(142) Concurrent Scan Root Regions
[2024-09-08T23:16:36.840+0800][info] GC(142) Concurrent Scan Root Regions 0.012ms
[2024-09-08T23:16:36.840+0800][info] GC(142) Concurrent Mark
[2024-09-08T23:16:36.840+0800][info] GC(142) Concurrent Mark From Roots
[2024-09-08T23:16:36.840+0800][info] GC(142) Using 12 workers of 12 for marking
[2024-09-08T23:16:36.842+0800][info] GC(142) Concurrent Mark From Roots 1.804ms
[2024-09-08T23:16:36.842+0800][info] GC(142) Concurrent Preclean
[2024-09-08T23:16:36.843+0800][info] GC(142) Concurrent Preclean 1.661ms
[2024-09-08T23:16:36.844+0800][info] GC(142) Pause Remark
[2024-09-08T23:16:36.844+0800][info] GC(142) Pause Remark 18M->18M(128M) 0.701ms
[2024-09-08T23:16:36.844+0800][info] GC(142) User=0.00s Sys=0.00s Real=0.00s
[2024-09-08T23:16:36.844+0800][info] GC(142) Concurrent Mark 4.319ms
[2024-09-08T23:16:36.844+0800][info] GC(142) Concurrent Rebuild Remembered Sets
[2024-09-08T23:16:36.844+0800][info] GC(142) Concurrent Rebuild Remembered Sets 0.012ms
[2024-09-08T23:16:36.844+0800][info] GC(142) Pause Cleanup
[2024-09-08T23:16:36.844+0800][info] GC(142) Pause Cleanup 18M->18M(128M) 0.018ms
[2024-09-08T23:16:36.844+0800][info] GC(142) User=0.00s Sys=0.00s Real=0.00s
[2024-09-08T23:16:36.844+0800][info] GC(142) Concurrent Cleanup for Next Mark
[2024-09-08T23:16:36.845+0800][info] GC(142) Concurrent Cleanup for Next Mark 0.190ms
[2024-09-08T23:16:36.845+0800][info] GC(142) Concurrent Mark Cycle 5.076ms
[2024-09-08T23:16:36.947+0800][info] GC(143) Pause Young (Concurrent Start) (G1 Humongous Allocation)
[2024-09-08T23:16:36.947+0800][info] GC(143) Using 3 workers of 48 for evacuation
[2024-09-08T23:16:36.948+0800][info] GC(143)   Pre Evacuate Collection Set: 0.0ms
[2024-09-08T23:16:36.948+0800][info] GC(143)   Merge Heap Roots: 0.0ms
[2024-09-08T23:16:36.948+0800][info] GC(143)   Evacuate Collection Set: 0.1ms
[2024-09-08T23:16:36.948+0800][info] GC(143)   Post Evacuate Collection Set: 0.1ms
[2024-09-08T23:16:36.948+0800][info] GC(143)   Other: 0.3ms
[2024-09-08T23:16:36.948+0800][info] GC(143) Eden regions: 1->0(19)
[2024-09-08T23:16:36.948+0800][info] GC(143) Survivor regions: 0->0(3)
[2024-09-08T23:16:36.948+0800][info] GC(143) Old regions: 1->1
[2024-09-08T23:16:36.948+0800][info] GC(143) Archive regions: 2->2
[2024-09-08T23:16:36.948+0800][info] GC(143) Humongous regions: 3->0
[2024-09-08T23:16:36.948+0800][info] GC(143) Metaspace: 829K(960K)->829K(960K) NonClass: 765K(832K)->765K(832K) Class: 63K(128K)->63K(128K)
[2024-09-08T23:16:36.948+0800][info] GC(143) Pause Young (Concurrent Start) (G1 Humongous Allocation) 18M->4M(128M) 0.735ms
[2024-09-08T23:16:36.948+0800][info] GC(143) User=0.00s Sys=0.00s Real=0.00s
[2024-09-08T23:16:36.948+0800][info] GC(144) Concurrent Mark Cycle
[2024-09-08T23:16:36.948+0800][info] GC(144) Concurrent Clear Claimed Marks
[2024-09-08T23:16:36.948+0800][info] GC(144) Concurrent Clear Claimed Marks 0.018ms
[2024-09-08T23:16:36.948+0800][info] GC(144) Concurrent Scan Root Regions
[2024-09-08T23:16:36.948+0800][info] GC(144) Concurrent Scan Root Regions 0.011ms
[2024-09-08T23:16:36.948+0800][info] GC(144) Concurrent Mark
[2024-09-08T23:16:36.948+0800][info] GC(144) Concurrent Mark From Roots
[2024-09-08T23:16:36.948+0800][info] GC(144) Using 12 workers of 12 for marking
[2024-09-08T23:16:36.950+0800][info] GC(144) Concurrent Mark From Roots 1.870ms
[2024-09-08T23:16:36.950+0800][info] GC(144) Concurrent Preclean
[2024-09-08T23:16:36.952+0800][info] GC(144) Concurrent Preclean 1.764ms
[2024-09-08T23:16:36.952+0800][info] GC(144) Pause Remark
[2024-09-08T23:16:36.952+0800][info] GC(144) Pause Remark 18M->18M(128M) 0.732ms
[2024-09-08T23:16:36.953+0800][info] GC(144) User=0.00s Sys=0.00s Real=0.00s
[2024-09-08T23:16:36.953+0800][info] GC(144) Concurrent Mark 4.542ms
[2024-09-08T23:16:36.953+0800][info] GC(144) Concurrent Rebuild Remembered Sets
[2024-09-08T23:16:36.953+0800][info] GC(144) Concurrent Rebuild Remembered Sets 0.017ms
[2024-09-08T23:16:36.953+0800][info] GC(144) Pause Cleanup
[2024-09-08T23:16:36.953+0800][info] GC(144) Pause Cleanup 18M->18M(128M) 0.031ms
[2024-09-08T23:16:36.953+0800][info] GC(144) User=0.00s Sys=0.00s Real=0.00s
[2024-09-08T23:16:36.953+0800][info] GC(144) Concurrent Cleanup for Next Mark
[2024-09-08T23:16:36.953+0800][info] GC(144) Concurrent Cleanup for Next Mark 0.293ms
[2024-09-08T23:16:36.953+0800][info] GC(144) Concurrent Mark Cycle 5.151ms
[2024-09-08T23:16:37.056+0800][info] GC(145) Pause Young (Concurrent Start) (G1 Humongous Allocation)
[2024-09-08T23:16:37.056+0800][info] GC(145) Using 3 workers of 48 for evacuation
[2024-09-08T23:16:37.056+0800][info] GC(145)   Pre Evacuate Collection Set: 0.0ms
[2024-09-08T23:16:37.056+0800][info] GC(145)   Merge Heap Roots: 0.0ms
[2024-09-08T23:16:37.056+0800][info] GC(145)   Evacuate Collection Set: 0.2ms
[2024-09-08T23:16:37.056+0800][info] GC(145)   Post Evacuate Collection Set: 0.1ms
[2024-09-08T23:16:37.056+0800][info] GC(145)   Other: 0.3ms
[2024-09-08T23:16:37.056+0800][info] GC(145) Eden regions: 1->0(19)
[2024-09-08T23:16:37.056+0800][info] GC(145) Survivor regions: 0->0(3)
[2024-09-08T23:16:37.056+0800][info] GC(145) Old regions: 1->1
[2024-09-08T23:16:37.056+0800][info] GC(145) Archive regions: 2->2
[2024-09-08T23:16:37.056+0800][info] GC(145) Humongous regions: 3->0
[2024-09-08T23:16:37.056+0800][info] GC(145) Metaspace: 829K(960K)->829K(960K) NonClass: 765K(832K)->765K(832K) Class: 63K(128K)->63K(128K)
[2024-09-08T23:16:37.056+0800][info] GC(145) Pause Young (Concurrent Start) (G1 Humongous Allocation) 18M->4M(128M) 0.762ms
[2024-09-08T23:16:37.056+0800][info] GC(145) User=0.00s Sys=0.00s Real=0.00s
[2024-09-08T23:16:37.056+0800][info] GC(146) Concurrent Mark Cycle
[2024-09-08T23:16:37.056+0800][info] GC(146) Concurrent Clear Claimed Marks
[2024-09-08T23:16:37.056+0800][info] GC(146) Concurrent Clear Claimed Marks 0.030ms
[2024-09-08T23:16:37.056+0800][info] GC(146) Concurrent Scan Root Regions
[2024-09-08T23:16:37.056+0800][info] GC(146) Concurrent Scan Root Regions 0.017ms
[2024-09-08T23:16:37.057+0800][info] GC(146) Concurrent Mark
[2024-09-08T23:16:37.057+0800][info] GC(146) Concurrent Mark From Roots
[2024-09-08T23:16:37.057+0800][info] GC(146) Using 12 workers of 12 for marking
[2024-09-08T23:16:37.058+0800][info] GC(146) Concurrent Mark From Roots 1.883ms
[2024-09-08T23:16:37.058+0800][info] GC(146) Concurrent Preclean
[2024-09-08T23:16:37.060+0800][info] GC(146) Concurrent Preclean 1.705ms
[2024-09-08T23:16:37.060+0800][info] GC(146) Pause Remark
[2024-09-08T23:16:37.061+0800][info] GC(146) Pause Remark 18M->18M(128M) 0.620ms
[2024-09-08T23:16:37.061+0800][info] GC(146) User=0.00s Sys=0.00s Real=0.00s
[2024-09-08T23:16:37.061+0800][info] GC(146) Concurrent Mark 4.346ms
[2024-09-08T23:16:37.061+0800][info] GC(146) Concurrent Rebuild Remembered Sets
[2024-09-08T23:16:37.061+0800][info] GC(146) Concurrent Rebuild Remembered Sets 0.018ms
[2024-09-08T23:16:37.061+0800][info] GC(146) Pause Cleanup
[2024-09-08T23:16:37.061+0800][info] GC(146) Pause Cleanup 18M->18M(128M) 0.013ms
[2024-09-08T23:16:37.061+0800][info] GC(146) User=0.00s Sys=0.00s Real=0.00s
[2024-09-08T23:16:37.061+0800][info] GC(146) Concurrent Cleanup for Next Mark
[2024-09-08T23:16:37.061+0800][info] GC(146) Concurrent Cleanup for Next Mark 0.268ms
[2024-09-08T23:16:37.061+0800][info] GC(146) Concurrent Mark Cycle 4.928ms
[2024-09-08T23:16:37.164+0800][info] GC(147) Pause Young (Concurrent Start) (G1 Humongous Allocation)
[2024-09-08T23:16:37.164+0800][info] GC(147) Using 3 workers of 48 for evacuation
[2024-09-08T23:16:37.165+0800][info] GC(147)   Pre Evacuate Collection Set: 0.0ms
[2024-09-08T23:16:37.165+0800][info] GC(147)   Merge Heap Roots: 0.0ms
[2024-09-08T23:16:37.165+0800][info] GC(147)   Evacuate Collection Set: 0.3ms
[2024-09-08T23:16:37.165+0800][info] GC(147)   Post Evacuate Collection Set: 0.1ms
[2024-09-08T23:16:37.165+0800][info] GC(147)   Other: 0.2ms
[2024-09-08T23:16:37.165+0800][info] GC(147) Eden regions: 1->0(19)
[2024-09-08T23:16:37.165+0800][info] GC(147) Survivor regions: 0->0(3)
[2024-09-08T23:16:37.165+0800][info] GC(147) Old regions: 1->1
[2024-09-08T23:16:37.165+0800][info] GC(147) Archive regions: 2->2
[2024-09-08T23:16:37.165+0800][info] GC(147) Humongous regions: 3->0
[2024-09-08T23:16:37.165+0800][info] GC(147) Metaspace: 829K(960K)->829K(960K) NonClass: 765K(832K)->765K(832K) Class: 63K(128K)->63K(128K)
[2024-09-08T23:16:37.165+0800][info] GC(147) Pause Young (Concurrent Start) (G1 Humongous Allocation) 18M->4M(128M) 0.689ms
[2024-09-08T23:16:37.165+0800][info] GC(147) User=0.00s Sys=0.00s Real=0.01s
[2024-09-08T23:16:37.165+0800][info] GC(148) Concurrent Mark Cycle
[2024-09-08T23:16:37.165+0800][info] GC(148) Concurrent Clear Claimed Marks
[2024-09-08T23:16:37.165+0800][info] GC(148) Concurrent Clear Claimed Marks 0.013ms
[2024-09-08T23:16:37.165+0800][info] GC(148) Concurrent Scan Root Regions
[2024-09-08T23:16:37.165+0800][info] GC(148) Concurrent Scan Root Regions 0.008ms
[2024-09-08T23:16:37.165+0800][info] GC(148) Concurrent Mark
[2024-09-08T23:16:37.165+0800][info] GC(148) Concurrent Mark From Roots
[2024-09-08T23:16:37.165+0800][info] GC(148) Using 12 workers of 12 for marking
[2024-09-08T23:16:37.167+0800][info] GC(148) Concurrent Mark From Roots 1.927ms
[2024-09-08T23:16:37.167+0800][info] GC(148) Concurrent Preclean
[2024-09-08T23:16:37.169+0800][info] GC(148) Concurrent Preclean 1.664ms
[2024-09-08T23:16:37.169+0800][info] GC(148) Pause Remark
[2024-09-08T23:16:37.169+0800][info] GC(148) Pause Remark 18M->18M(128M) 0.537ms
[2024-09-08T23:16:37.169+0800][info] GC(148) User=0.00s Sys=0.00s Real=0.00s
[2024-09-08T23:16:37.169+0800][info] GC(148) Concurrent Mark 4.221ms
[2024-09-08T23:16:37.169+0800][info] GC(148) Concurrent Rebuild Remembered Sets
[2024-09-08T23:16:37.169+0800][info] GC(148) Concurrent Rebuild Remembered Sets 0.012ms
[2024-09-08T23:16:37.169+0800][info] GC(148) Pause Cleanup
[2024-09-08T23:16:37.169+0800][info] GC(148) Pause Cleanup 18M->18M(128M) 0.007ms
[2024-09-08T23:16:37.169+0800][info] GC(148) User=0.00s Sys=0.00s Real=0.00s
[2024-09-08T23:16:37.169+0800][info] GC(148) Concurrent Cleanup for Next Mark
[2024-09-08T23:16:37.169+0800][info] GC(148) Concurrent Cleanup for Next Mark 0.199ms
[2024-09-08T23:16:37.169+0800][info] GC(148) Concurrent Mark Cycle 4.613ms
[2024-09-08T23:16:37.273+0800][info] GC(149) Pause Young (Concurrent Start) (G1 Humongous Allocation)
[2024-09-08T23:16:37.273+0800][info] GC(149) Using 3 workers of 48 for evacuation
[2024-09-08T23:16:37.273+0800][info] GC(149)   Pre Evacuate Collection Set: 0.0ms
[2024-09-08T23:16:37.273+0800][info] GC(149)   Merge Heap Roots: 0.0ms
[2024-09-08T23:16:37.273+0800][info] GC(149)   Evacuate Collection Set: 0.2ms
[2024-09-08T23:16:37.273+0800][info] GC(149)   Post Evacuate Collection Set: 0.1ms
[2024-09-08T23:16:37.273+0800][info] GC(149)   Other: 0.1ms
[2024-09-08T23:16:37.273+0800][info] GC(149) Eden regions: 1->0(19)
[2024-09-08T23:16:37.273+0800][info] GC(149) Survivor regions: 0->0(3)
[2024-09-08T23:16:37.273+0800][info] GC(149) Old regions: 1->1
[2024-09-08T23:16:37.273+0800][info] GC(149) Archive regions: 2->2
[2024-09-08T23:16:37.273+0800][info] GC(149) Humongous regions: 3->0
[2024-09-08T23:16:37.273+0800][info] GC(149) Metaspace: 829K(960K)->829K(960K) NonClass: 765K(832K)->765K(832K) Class: 63K(128K)->63K(128K)
[2024-09-08T23:16:37.273+0800][info] GC(149) Pause Young (Concurrent Start) (G1 Humongous Allocation) 18M->4M(128M) 0.487ms
[2024-09-08T23:16:37.273+0800][info] GC(149) User=0.00s Sys=0.00s Real=0.00s
[2024-09-08T23:16:37.273+0800][info] GC(150) Concurrent Mark Cycle
[2024-09-08T23:16:37.273+0800][info] GC(150) Concurrent Clear Claimed Marks
[2024-09-08T23:16:37.273+0800][info] GC(150) Concurrent Clear Claimed Marks 0.015ms
[2024-09-08T23:16:37.273+0800][info] GC(150) Concurrent Scan Root Regions
[2024-09-08T23:16:37.273+0800][info] GC(150) Concurrent Scan Root Regions 0.011ms
[2024-09-08T23:16:37.273+0800][info] GC(150) Concurrent Mark
[2024-09-08T23:16:37.273+0800][info] GC(150) Concurrent Mark From Roots
[2024-09-08T23:16:37.273+0800][info] GC(150) Using 12 workers of 12 for marking
[2024-09-08T23:16:37.275+0800][info] GC(150) Concurrent Mark From Roots 1.805ms
[2024-09-08T23:16:37.275+0800][info] GC(150) Concurrent Preclean
[2024-09-08T23:16:37.277+0800][info] GC(150) Concurrent Preclean 1.659ms
[2024-09-08T23:16:37.277+0800][info] GC(150) Pause Remark
[2024-09-08T23:16:37.277+0800][info] GC(150) Pause Remark 18M->18M(128M) 0.579ms
[2024-09-08T23:16:37.277+0800][info] GC(150) User=0.00s Sys=0.00s Real=0.01s
[2024-09-08T23:16:37.277+0800][info] GC(150) Concurrent Mark 4.138ms
[2024-09-08T23:16:37.277+0800][info] GC(150) Concurrent Rebuild Remembered Sets
[2024-09-08T23:16:37.277+0800][info] GC(150) Concurrent Rebuild Remembered Sets 0.012ms
[2024-09-08T23:16:37.277+0800][info] GC(150) Pause Cleanup
[2024-09-08T23:16:37.277+0800][info] GC(150) Pause Cleanup 18M->18M(128M) 0.007ms
[2024-09-08T23:16:37.277+0800][info] GC(150) User=0.00s Sys=0.00s Real=0.00s
[2024-09-08T23:16:37.277+0800][info] GC(150) Concurrent Cleanup for Next Mark
[2024-09-08T23:16:37.278+0800][info] GC(150) Concurrent Cleanup for Next Mark 0.208ms
[2024-09-08T23:16:37.278+0800][info] GC(150) Concurrent Mark Cycle 4.533ms
[2024-09-08T23:16:37.381+0800][info] GC(151) Pause Young (Concurrent Start) (G1 Humongous Allocation)
[2024-09-08T23:16:37.381+0800][info] GC(151) Using 3 workers of 48 for evacuation
[2024-09-08T23:16:37.381+0800][info] GC(151)   Pre Evacuate Collection Set: 0.0ms
[2024-09-08T23:16:37.381+0800][info] GC(151)   Merge Heap Roots: 0.0ms
[2024-09-08T23:16:37.381+0800][info] GC(151)   Evacuate Collection Set: 0.2ms
[2024-09-08T23:16:37.381+0800][info] GC(151)   Post Evacuate Collection Set: 0.1ms
[2024-09-08T23:16:37.381+0800][info] GC(151)   Other: 0.3ms
[2024-09-08T23:16:37.381+0800][info] GC(151) Eden regions: 1->0(19)
[2024-09-08T23:16:37.381+0800][info] GC(151) Survivor regions: 0->0(3)
[2024-09-08T23:16:37.381+0800][info] GC(151) Old regions: 1->1
[2024-09-08T23:16:37.381+0800][info] GC(151) Archive regions: 2->2
[2024-09-08T23:16:37.381+0800][info] GC(151) Humongous regions: 3->0
[2024-09-08T23:16:37.381+0800][info] GC(151) Metaspace: 829K(960K)->829K(960K) NonClass: 765K(832K)->765K(832K) Class: 63K(128K)->63K(128K)
[2024-09-08T23:16:37.381+0800][info] GC(151) Pause Young (Concurrent Start) (G1 Humongous Allocation) 18M->4M(128M) 0.801ms
[2024-09-08T23:16:37.382+0800][info] GC(151) User=0.00s Sys=0.00s Real=0.00s
[2024-09-08T23:16:37.382+0800][info] GC(152) Concurrent Mark Cycle
[2024-09-08T23:16:37.382+0800][info] GC(152) Concurrent Clear Claimed Marks
[2024-09-08T23:16:37.382+0800][info] GC(152) Concurrent Clear Claimed Marks 0.008ms
[2024-09-08T23:16:37.382+0800][info] GC(152) Concurrent Scan Root Regions
[2024-09-08T23:16:37.382+0800][info] GC(152) Concurrent Scan Root Regions 0.005ms
[2024-09-08T23:16:37.382+0800][info] GC(152) Concurrent Mark
[2024-09-08T23:16:37.382+0800][info] GC(152) Concurrent Mark From Roots
[2024-09-08T23:16:37.382+0800][info] GC(152) Using 12 workers of 12 for marking
[2024-09-08T23:16:37.383+0800][info] GC(152) Concurrent Mark From Roots 1.898ms
[2024-09-08T23:16:37.383+0800][info] GC(152) Concurrent Preclean
[2024-09-08T23:16:37.384+0800][info] GC(152) Concurrent Preclean 0.707ms
[2024-09-08T23:16:37.384+0800][info] GC(152) Pause Remark
[2024-09-08T23:16:37.385+0800][info] GC(152) Pause Remark 18M->18M(128M) 0.748ms
[2024-09-08T23:16:37.385+0800][info] GC(152) User=0.00s Sys=0.00s Real=0.01s
[2024-09-08T23:16:37.385+0800][info] GC(152) Concurrent Mark 3.457ms
[2024-09-08T23:16:37.385+0800][info] GC(152) Concurrent Rebuild Remembered Sets
[2024-09-08T23:16:37.385+0800][info] GC(152) Concurrent Rebuild Remembered Sets 0.007ms
[2024-09-08T23:16:37.385+0800][info] GC(152) Pause Cleanup
[2024-09-08T23:16:37.385+0800][info] GC(152) Pause Cleanup 18M->18M(128M) 0.018ms
[2024-09-08T23:16:37.385+0800][info] GC(152) User=0.00s Sys=0.00s Real=0.00s
[2024-09-08T23:16:37.385+0800][info] GC(152) Concurrent Cleanup for Next Mark
[2024-09-08T23:16:37.385+0800][info] GC(152) Concurrent Cleanup for Next Mark 0.258ms
[2024-09-08T23:16:37.385+0800][info] GC(152) Concurrent Mark Cycle 3.878ms
[2024-09-08T23:16:37.489+0800][info] GC(153) Pause Young (Concurrent Start) (G1 Humongous Allocation)
[2024-09-08T23:16:37.489+0800][info] GC(153) Using 3 workers of 48 for evacuation
[2024-09-08T23:16:37.490+0800][info] GC(153)   Pre Evacuate Collection Set: 0.0ms
[2024-09-08T23:16:37.490+0800][info] GC(153)   Merge Heap Roots: 0.0ms
[2024-09-08T23:16:37.490+0800][info] GC(153)   Evacuate Collection Set: 0.2ms
[2024-09-08T23:16:37.490+0800][info] GC(153)   Post Evacuate Collection Set: 0.1ms
[2024-09-08T23:16:37.490+0800][info] GC(153)   Other: 0.3ms
[2024-09-08T23:16:37.490+0800][info] GC(153) Eden regions: 1->0(19)
[2024-09-08T23:16:37.490+0800][info] GC(153) Survivor regions: 0->0(3)
[2024-09-08T23:16:37.490+0800][info] GC(153) Old regions: 1->1
[2024-09-08T23:16:37.490+0800][info] GC(153) Archive regions: 2->2
[2024-09-08T23:16:37.490+0800][info] GC(153) Humongous regions: 3->0
[2024-09-08T23:16:37.490+0800][info] GC(153) Metaspace: 829K(960K)->829K(960K) NonClass: 765K(832K)->765K(832K) Class: 63K(128K)->63K(128K)
[2024-09-08T23:16:37.490+0800][info] GC(153) Pause Young (Concurrent Start) (G1 Humongous Allocation) 18M->4M(128M) 0.844ms
[2024-09-08T23:16:37.490+0800][info] GC(153) User=0.01s Sys=0.00s Real=0.00s
[2024-09-08T23:16:37.490+0800][info] GC(154) Concurrent Mark Cycle
[2024-09-08T23:16:37.490+0800][info] GC(154) Concurrent Clear Claimed Marks
[2024-09-08T23:16:37.490+0800][info] GC(154) Concurrent Clear Claimed Marks 0.019ms
[2024-09-08T23:16:37.490+0800][info] GC(154) Concurrent Scan Root Regions
[2024-09-08T23:16:37.490+0800][info] GC(154) Concurrent Scan Root Regions 0.011ms
[2024-09-08T23:16:37.490+0800][info] GC(154) Concurrent Mark
[2024-09-08T23:16:37.490+0800][info] GC(154) Concurrent Mark From Roots
[2024-09-08T23:16:37.490+0800][info] GC(154) Using 12 workers of 12 for marking
[2024-09-08T23:16:37.492+0800][info] GC(154) Concurrent Mark From Roots 1.839ms
[2024-09-08T23:16:37.492+0800][info] GC(154) Concurrent Preclean
[2024-09-08T23:16:37.494+0800][info] GC(154) Concurrent Preclean 1.683ms
[2024-09-08T23:16:37.494+0800][info] GC(154) Pause Remark
[2024-09-08T23:16:37.494+0800][info] GC(154) Pause Remark 18M->18M(128M) 0.714ms
[2024-09-08T23:16:37.495+0800][info] GC(154) User=0.00s Sys=0.00s Real=0.00s
[2024-09-08T23:16:37.495+0800][info] GC(154) Concurrent Mark 4.417ms
[2024-09-08T23:16:37.495+0800][info] GC(154) Concurrent Rebuild Remembered Sets
[2024-09-08T23:16:37.495+0800][info] GC(154) Concurrent Rebuild Remembered Sets 0.012ms
[2024-09-08T23:16:37.495+0800][info] GC(154) Pause Cleanup
[2024-09-08T23:16:37.495+0800][info] GC(154) Pause Cleanup 18M->18M(128M) 0.020ms
[2024-09-08T23:16:37.495+0800][info] GC(154) User=0.00s Sys=0.00s Real=0.00s
[2024-09-08T23:16:37.495+0800][info] GC(154) Concurrent Cleanup for Next Mark
[2024-09-08T23:16:37.495+0800][info] GC(154) Concurrent Cleanup for Next Mark 0.239ms
[2024-09-08T23:16:37.495+0800][info] GC(154) Concurrent Mark Cycle 4.916ms
[2024-09-08T23:16:37.598+0800][info] GC(155) Pause Young (Concurrent Start) (G1 Humongous Allocation)
[2024-09-08T23:16:37.598+0800][info] GC(155) Using 3 workers of 48 for evacuation
[2024-09-08T23:16:37.598+0800][info] GC(155)   Pre Evacuate Collection Set: 0.0ms
[2024-09-08T23:16:37.598+0800][info] GC(155)   Merge Heap Roots: 0.0ms
[2024-09-08T23:16:37.598+0800][info] GC(155)   Evacuate Collection Set: 0.2ms
[2024-09-08T23:16:37.598+0800][info] GC(155)   Post Evacuate Collection Set: 0.1ms
[2024-09-08T23:16:37.598+0800][info] GC(155)   Other: 0.2ms
[2024-09-08T23:16:37.598+0800][info] GC(155) Eden regions: 1->0(19)
[2024-09-08T23:16:37.598+0800][info] GC(155) Survivor regions: 0->0(3)
[2024-09-08T23:16:37.598+0800][info] GC(155) Old regions: 1->1
[2024-09-08T23:16:37.598+0800][info] GC(155) Archive regions: 2->2
[2024-09-08T23:16:37.598+0800][info] GC(155) Humongous regions: 3->0
[2024-09-08T23:16:37.598+0800][info] GC(155) Metaspace: 831K(960K)->831K(960K) NonClass: 767K(832K)->767K(832K) Class: 63K(128K)->63K(128K)
[2024-09-08T23:16:37.598+0800][info] GC(155) Pause Young (Concurrent Start) (G1 Humongous Allocation) 18M->4M(128M) 0.720ms
[2024-09-08T23:16:37.598+0800][info] GC(155) User=0.00s Sys=0.00s Real=0.00s
[2024-09-08T23:16:37.598+0800][info] GC(156) Concurrent Mark Cycle
[2024-09-08T23:16:37.598+0800][info] GC(156) Concurrent Clear Claimed Marks
[2024-09-08T23:16:37.598+0800][info] GC(156) Concurrent Clear Claimed Marks 0.019ms
[2024-09-08T23:16:37.598+0800][info] GC(156) Concurrent Scan Root Regions
[2024-09-08T23:16:37.598+0800][info] GC(156) Concurrent Scan Root Regions 0.011ms
[2024-09-08T23:16:37.598+0800][info] GC(156) Concurrent Mark
[2024-09-08T23:16:37.598+0800][info] GC(156) Concurrent Mark From Roots
[2024-09-08T23:16:37.598+0800][info] GC(156) Using 12 workers of 12 for marking
[2024-09-08T23:16:37.600+0800][info] GC(156) Concurrent Mark From Roots 1.712ms
[2024-09-08T23:16:37.600+0800][info] GC(156) Concurrent Preclean
[2024-09-08T23:16:37.602+0800][info] GC(156) Concurrent Preclean 1.765ms
[2024-09-08T23:16:37.602+0800][info] GC(156) Pause Remark
[2024-09-08T23:16:37.603+0800][info] GC(156) Pause Remark 18M->18M(128M) 0.690ms
[2024-09-08T23:16:37.603+0800][info] GC(156) User=0.00s Sys=0.00s Real=0.00s
[2024-09-08T23:16:37.603+0800][info] GC(156) Concurrent Mark 4.317ms
[2024-09-08T23:16:37.603+0800][info] GC(156) Concurrent Rebuild Remembered Sets
[2024-09-08T23:16:37.603+0800][info] GC(156) Concurrent Rebuild Remembered Sets 0.012ms
[2024-09-08T23:16:37.603+0800][info] GC(156) Pause Cleanup
[2024-09-08T23:16:37.603+0800][info] GC(156) Pause Cleanup 18M->18M(128M) 0.018ms
[2024-09-08T23:16:37.603+0800][info] GC(156) User=0.00s Sys=0.00s Real=0.00s
[2024-09-08T23:16:37.603+0800][info] GC(156) Concurrent Cleanup for Next Mark
[2024-09-08T23:16:37.603+0800][info] GC(156) Concurrent Cleanup for Next Mark 0.210ms
[2024-09-08T23:16:37.603+0800][info] GC(156) Concurrent Mark Cycle 4.803ms
[2024-09-08T23:16:37.706+0800][info] GC(157) Pause Young (Concurrent Start) (G1 Humongous Allocation)
[2024-09-08T23:16:37.706+0800][info] GC(157) Using 3 workers of 48 for evacuation
[2024-09-08T23:16:37.706+0800][info] GC(157)   Pre Evacuate Collection Set: 0.0ms
[2024-09-08T23:16:37.706+0800][info] GC(157)   Merge Heap Roots: 0.0ms
[2024-09-08T23:16:37.706+0800][info] GC(157)   Evacuate Collection Set: 0.1ms
[2024-09-08T23:16:37.706+0800][info] GC(157)   Post Evacuate Collection Set: 0.1ms
[2024-09-08T23:16:37.706+0800][info] GC(157)   Other: 0.2ms
[2024-09-08T23:16:37.707+0800][info] GC(157) Eden regions: 1->0(19)
[2024-09-08T23:16:37.707+0800][info] GC(157) Survivor regions: 0->0(3)
[2024-09-08T23:16:37.707+0800][info] GC(157) Old regions: 1->1
[2024-09-08T23:16:37.707+0800][info] GC(157) Archive regions: 2->2
[2024-09-08T23:16:37.707+0800][info] GC(157) Humongous regions: 3->0
[2024-09-08T23:16:37.707+0800][info] GC(157) Metaspace: 856K(1024K)->856K(1024K) NonClass: 792K(896K)->792K(896K) Class: 63K(128K)->63K(128K)
[2024-09-08T23:16:37.707+0800][info] GC(157) Pause Young (Concurrent Start) (G1 Humongous Allocation) 18M->4M(128M) 0.706ms
[2024-09-08T23:16:37.707+0800][info] GC(157) User=0.00s Sys=0.00s Real=0.00s
[2024-09-08T23:16:37.707+0800][info] GC(158) Concurrent Mark Cycle
[2024-09-08T23:16:37.707+0800][info] GC(158) Concurrent Clear Claimed Marks
[2024-09-08T23:16:37.707+0800][info] GC(158) Concurrent Clear Claimed Marks 0.016ms
[2024-09-08T23:16:37.707+0800][info] GC(158) Concurrent Scan Root Regions
[2024-09-08T23:16:37.707+0800][info] GC(158) Concurrent Scan Root Regions 0.011ms
[2024-09-08T23:16:37.707+0800][info] GC(158) Concurrent Mark
[2024-09-08T23:16:37.707+0800][info] GC(158) Concurrent Mark From Roots
[2024-09-08T23:16:37.707+0800][info] GC(158) Using 12 workers of 12 for marking
[2024-09-08T23:16:37.709+0800][info] GC(158) Concurrent Mark From Roots 1.944ms
[2024-09-08T23:16:37.709+0800][info] GC(158) Concurrent Preclean
[2024-09-08T23:16:37.710+0800][info] GC(158) Concurrent Preclean 1.696ms
[2024-09-08T23:16:37.710+0800][info] GC(158) Pause Remark
[2024-09-08T23:16:37.711+0800][info] GC(158) Pause Remark 18M->18M(128M) 0.815ms
[2024-09-08T23:16:37.711+0800][info] GC(158) User=0.00s Sys=0.00s Real=0.00s
[2024-09-08T23:16:37.711+0800][info] GC(158) Concurrent Mark 4.604ms
[2024-09-08T23:16:37.711+0800][info] GC(158) Concurrent Rebuild Remembered Sets
[2024-09-08T23:16:37.711+0800][info] GC(158) Concurrent Rebuild Remembered Sets 0.012ms
[2024-09-08T23:16:37.711+0800][info] GC(158) Pause Cleanup
[2024-09-08T23:16:37.711+0800][info] GC(158) Pause Cleanup 18M->18M(128M) 0.018ms
[2024-09-08T23:16:37.711+0800][info] GC(158) User=0.00s Sys=0.00s Real=0.00s
[2024-09-08T23:16:37.711+0800][info] GC(158) Concurrent Cleanup for Next Mark
[2024-09-08T23:16:37.712+0800][info] GC(158) Concurrent Cleanup for Next Mark 0.276ms
[2024-09-08T23:16:37.712+0800][info] GC(158) Concurrent Mark Cycle 5.118ms
[2024-09-08T23:16:37.815+0800][info] GC(159) Pause Young (Concurrent Start) (G1 Humongous Allocation)
[2024-09-08T23:16:37.815+0800][info] GC(159) Using 3 workers of 48 for evacuation
[2024-09-08T23:16:37.815+0800][info] GC(159)   Pre Evacuate Collection Set: 0.0ms
[2024-09-08T23:16:37.815+0800][info] GC(159)   Merge Heap Roots: 0.0ms
[2024-09-08T23:16:37.815+0800][info] GC(159)   Evacuate Collection Set: 0.2ms
[2024-09-08T23:16:37.815+0800][info] GC(159)   Post Evacuate Collection Set: 0.1ms
[2024-09-08T23:16:37.815+0800][info] GC(159)   Other: 0.3ms
[2024-09-08T23:16:37.815+0800][info] GC(159) Eden regions: 1->0(19)
[2024-09-08T23:16:37.815+0800][info] GC(159) Survivor regions: 0->0(3)
[2024-09-08T23:16:37.816+0800][info] GC(159) Old regions: 1->1
[2024-09-08T23:16:37.816+0800][info] GC(159) Archive regions: 2->2
[2024-09-08T23:16:37.816+0800][info] GC(159) Humongous regions: 3->0
[2024-09-08T23:16:37.816+0800][info] GC(159) Metaspace: 868K(1024K)->868K(1024K) NonClass: 805K(896K)->805K(896K) Class: 63K(128K)->63K(128K)
[2024-09-08T23:16:37.816+0800][info] GC(159) Pause Young (Concurrent Start) (G1 Humongous Allocation) 18M->4M(128M) 0.834ms
[2024-09-08T23:16:37.816+0800][info] GC(159) User=0.00s Sys=0.00s Real=0.00s
[2024-09-08T23:16:37.816+0800][info] GC(160) Concurrent Mark Cycle
[2024-09-08T23:16:37.816+0800][info] GC(160) Concurrent Clear Claimed Marks
[2024-09-08T23:16:37.816+0800][info] GC(160) Concurrent Clear Claimed Marks 0.039ms
[2024-09-08T23:16:37.816+0800][info] GC(160) Concurrent Scan Root Regions
[2024-09-08T23:16:37.816+0800][info] GC(160) Concurrent Scan Root Regions 0.011ms
[2024-09-08T23:16:37.816+0800][info] GC(160) Concurrent Mark
[2024-09-08T23:16:37.816+0800][info] GC(160) Concurrent Mark From Roots
[2024-09-08T23:16:37.816+0800][info] GC(160) Using 12 workers of 12 for marking
[2024-09-08T23:16:37.818+0800][info] GC(160) Concurrent Mark From Roots 1.888ms
[2024-09-08T23:16:37.818+0800][info] GC(160) Concurrent Preclean
[2024-09-08T23:16:37.819+0800][info] GC(160) Concurrent Preclean 1.744ms
[2024-09-08T23:16:37.819+0800][info] GC(160) Pause Remark
[2024-09-08T23:16:37.821+0800][info] GC(160) Pause Remark 18M->18M(128M) 1.161ms
[2024-09-08T23:16:37.821+0800][info] GC(160) User=0.01s Sys=0.00s Real=0.00s
[2024-09-08T23:16:37.821+0800][info] GC(160) Concurrent Mark 4.943ms
[2024-09-08T23:16:37.821+0800][info] GC(160) Concurrent Rebuild Remembered Sets
[2024-09-08T23:16:37.821+0800][info] GC(160) Concurrent Rebuild Remembered Sets 0.017ms
[2024-09-08T23:16:37.821+0800][info] GC(160) Pause Cleanup
[2024-09-08T23:16:37.821+0800][info] GC(160) Pause Cleanup 18M->18M(128M) 0.029ms
[2024-09-08T23:16:37.821+0800][info] GC(160) User=0.00s Sys=0.00s Real=0.00s
[2024-09-08T23:16:37.821+0800][info] GC(160) Concurrent Cleanup for Next Mark
[2024-09-08T23:16:37.821+0800][info] GC(160) Concurrent Cleanup for Next Mark 0.279ms
[2024-09-08T23:16:37.821+0800][info] GC(160) Concurrent Mark Cycle 5.571ms
[2024-09-08T23:16:37.923+0800][info] GC(161) Pause Young (Concurrent Start) (G1 Humongous Allocation)
[2024-09-08T23:16:37.923+0800][info] GC(161) Using 3 workers of 48 for evacuation
[2024-09-08T23:16:37.924+0800][info] GC(161)   Pre Evacuate Collection Set: 0.0ms
[2024-09-08T23:16:37.924+0800][info] GC(161)   Merge Heap Roots: 0.0ms
[2024-09-08T23:16:37.924+0800][info] GC(161)   Evacuate Collection Set: 0.2ms
[2024-09-08T23:16:37.924+0800][info] GC(161)   Post Evacuate Collection Set: 0.2ms
[2024-09-08T23:16:37.924+0800][info] GC(161)   Other: 0.2ms
[2024-09-08T23:16:37.924+0800][info] GC(161) Eden regions: 1->0(19)
[2024-09-08T23:16:37.924+0800][info] GC(161) Survivor regions: 0->0(3)
[2024-09-08T23:16:37.924+0800][info] GC(161) Old regions: 1->1
[2024-09-08T23:16:37.924+0800][info] GC(161) Archive regions: 2->2
[2024-09-08T23:16:37.924+0800][info] GC(161) Humongous regions: 3->0
[2024-09-08T23:16:37.924+0800][info] GC(161) Metaspace: 868K(1024K)->868K(1024K) NonClass: 805K(896K)->805K(896K) Class: 63K(128K)->63K(128K)
[2024-09-08T23:16:37.924+0800][info] GC(161) Pause Young (Concurrent Start) (G1 Humongous Allocation) 18M->4M(128M) 0.776ms
[2024-09-08T23:16:37.924+0800][info] GC(161) User=0.00s Sys=0.00s Real=0.00s
[2024-09-08T23:16:37.924+0800][info] GC(162) Concurrent Mark Cycle
[2024-09-08T23:16:37.924+0800][info] GC(162) Concurrent Clear Claimed Marks
[2024-09-08T23:16:37.924+0800][info] GC(162) Concurrent Clear Claimed Marks 0.018ms
[2024-09-08T23:16:37.924+0800][info] GC(162) Concurrent Scan Root Regions
[2024-09-08T23:16:37.924+0800][info] GC(162) Concurrent Scan Root Regions 0.011ms
[2024-09-08T23:16:37.924+0800][info] GC(162) Concurrent Mark
[2024-09-08T23:16:37.924+0800][info] GC(162) Concurrent Mark From Roots
[2024-09-08T23:16:37.924+0800][info] GC(162) Using 12 workers of 12 for marking
[2024-09-08T23:16:37.926+0800][info] GC(162) Concurrent Mark From Roots 1.837ms
[2024-09-08T23:16:37.926+0800][info] GC(162) Concurrent Preclean
[2024-09-08T23:16:37.928+0800][info] GC(162) Concurrent Preclean 1.650ms
[2024-09-08T23:16:37.928+0800][info] GC(162) Pause Remark
[2024-09-08T23:16:37.929+0800][info] GC(162) Pause Remark 18M->18M(128M) 0.773ms
[2024-09-08T23:16:37.929+0800][info] GC(162) User=0.01s Sys=0.00s Real=0.00s
[2024-09-08T23:16:37.929+0800][info] GC(162) Concurrent Mark 4.407ms
[2024-09-08T23:16:37.929+0800][info] GC(162) Concurrent Rebuild Remembered Sets
[2024-09-08T23:16:37.929+0800][info] GC(162) Concurrent Rebuild Remembered Sets 0.019ms
[2024-09-08T23:16:37.929+0800][info] GC(162) Pause Cleanup
[2024-09-08T23:16:37.929+0800][info] GC(162) Pause Cleanup 18M->18M(128M) 0.029ms
[2024-09-08T23:16:37.929+0800][info] GC(162) User=0.00s Sys=0.00s Real=0.00s
[2024-09-08T23:16:37.929+0800][info] GC(162) Concurrent Cleanup for Next Mark
[2024-09-08T23:16:37.929+0800][info] GC(162) Concurrent Cleanup for Next Mark 0.242ms
[2024-09-08T23:16:37.929+0800][info] GC(162) Concurrent Mark Cycle 5.004ms
[2024-09-08T23:16:38.032+0800][info] GC(163) Pause Young (Concurrent Start) (G1 Humongous Allocation)
[2024-09-08T23:16:38.032+0800][info] GC(163) Using 3 workers of 48 for evacuation
[2024-09-08T23:16:38.032+0800][info] GC(163)   Pre Evacuate Collection Set: 0.0ms
[2024-09-08T23:16:38.032+0800][info] GC(163)   Merge Heap Roots: 0.0ms
[2024-09-08T23:16:38.032+0800][info] GC(163)   Evacuate Collection Set: 0.2ms
[2024-09-08T23:16:38.032+0800][info] GC(163)   Post Evacuate Collection Set: 0.1ms
[2024-09-08T23:16:38.033+0800][info] GC(163)   Other: 0.3ms
[2024-09-08T23:16:38.033+0800][info] GC(163) Eden regions: 1->0(19)
[2024-09-08T23:16:38.033+0800][info] GC(163) Survivor regions: 0->0(3)
[2024-09-08T23:16:38.033+0800][info] GC(163) Old regions: 1->1
[2024-09-08T23:16:38.033+0800][info] GC(163) Archive regions: 2->2
[2024-09-08T23:16:38.033+0800][info] GC(163) Humongous regions: 3->0
[2024-09-08T23:16:38.033+0800][info] GC(163) Metaspace: 868K(1024K)->868K(1024K) NonClass: 805K(896K)->805K(896K) Class: 63K(128K)->63K(128K)
[2024-09-08T23:16:38.033+0800][info] GC(163) Pause Young (Concurrent Start) (G1 Humongous Allocation) 18M->4M(128M) 0.838ms
[2024-09-08T23:16:38.033+0800][info] GC(163) User=0.00s Sys=0.00s Real=0.00s
[2024-09-08T23:16:38.033+0800][info] GC(164) Concurrent Mark Cycle
[2024-09-08T23:16:38.033+0800][info] GC(164) Concurrent Clear Claimed Marks
[2024-09-08T23:16:38.033+0800][info] GC(164) Concurrent Clear Claimed Marks 0.024ms
[2024-09-08T23:16:38.033+0800][info] GC(164) Concurrent Scan Root Regions
[2024-09-08T23:16:38.033+0800][info] GC(164) Concurrent Scan Root Regions 0.022ms
[2024-09-08T23:16:38.033+0800][info] GC(164) Concurrent Mark
[2024-09-08T23:16:38.033+0800][info] GC(164) Concurrent Mark From Roots
[2024-09-08T23:16:38.033+0800][info] GC(164) Using 12 workers of 12 for marking
[2024-09-08T23:16:38.035+0800][info] GC(164) Concurrent Mark From Roots 1.894ms
[2024-09-08T23:16:38.035+0800][info] GC(164) Concurrent Preclean
[2024-09-08T23:16:38.037+0800][info] GC(164) Concurrent Preclean 1.700ms
[2024-09-08T23:16:38.037+0800][info] GC(164) Pause Remark
[2024-09-08T23:16:38.037+0800][info] GC(164) Pause Remark 18M->18M(128M) 0.756ms
[2024-09-08T23:16:38.037+0800][info] GC(164) User=0.00s Sys=0.00s Real=0.01s
[2024-09-08T23:16:38.037+0800][info] GC(164) Concurrent Mark 4.502ms
[2024-09-08T23:16:38.037+0800][info] GC(164) Concurrent Rebuild Remembered Sets
[2024-09-08T23:16:38.037+0800][info] GC(164) Concurrent Rebuild Remembered Sets 0.012ms
[2024-09-08T23:16:38.037+0800][info] GC(164) Pause Cleanup
[2024-09-08T23:16:38.037+0800][info] GC(164) Pause Cleanup 18M->18M(128M) 0.026ms
[2024-09-08T23:16:38.038+0800][info] GC(164) User=0.00s Sys=0.00s Real=0.00s
[2024-09-08T23:16:38.038+0800][info] GC(164) Concurrent Cleanup for Next Mark
[2024-09-08T23:16:38.038+0800][info] GC(164) Concurrent Cleanup for Next Mark 0.214ms
[2024-09-08T23:16:38.038+0800][info] GC(164) Concurrent Mark Cycle 5.061ms
[2024-09-08T23:16:38.141+0800][info] GC(165) Pause Young (Concurrent Start) (G1 Humongous Allocation)
[2024-09-08T23:16:38.141+0800][info] GC(165) Using 3 workers of 48 for evacuation
[2024-09-08T23:16:38.141+0800][info] GC(165)   Pre Evacuate Collection Set: 0.0ms
[2024-09-08T23:16:38.141+0800][info] GC(165)   Merge Heap Roots: 0.0ms
[2024-09-08T23:16:38.141+0800][info] GC(165)   Evacuate Collection Set: 0.2ms
[2024-09-08T23:16:38.141+0800][info] GC(165)   Post Evacuate Collection Set: 0.1ms
[2024-09-08T23:16:38.141+0800][info] GC(165)   Other: 0.3ms
[2024-09-08T23:16:38.141+0800][info] GC(165) Eden regions: 1->0(19)
[2024-09-08T23:16:38.141+0800][info] GC(165) Survivor regions: 0->0(3)
[2024-09-08T23:16:38.141+0800][info] GC(165) Old regions: 1->1
[2024-09-08T23:16:38.141+0800][info] GC(165) Archive regions: 2->2
[2024-09-08T23:16:38.141+0800][info] GC(165) Humongous regions: 3->0
[2024-09-08T23:16:38.141+0800][info] GC(165) Metaspace: 868K(1024K)->868K(1024K) NonClass: 805K(896K)->805K(896K) Class: 63K(128K)->63K(128K)
[2024-09-08T23:16:38.142+0800][info] GC(165) Pause Young (Concurrent Start) (G1 Humongous Allocation) 18M->4M(128M) 0.835ms
[2024-09-08T23:16:38.142+0800][info] GC(165) User=0.00s Sys=0.00s Real=0.00s
[2024-09-08T23:16:38.142+0800][info] GC(166) Concurrent Mark Cycle
[2024-09-08T23:16:38.142+0800][info] GC(166) Concurrent Clear Claimed Marks
[2024-09-08T23:16:38.142+0800][info] GC(166) Concurrent Clear Claimed Marks 0.010ms
[2024-09-08T23:16:38.142+0800][info] GC(166) Concurrent Scan Root Regions
[2024-09-08T23:16:38.142+0800][info] GC(166) Concurrent Scan Root Regions 0.007ms
[2024-09-08T23:16:38.142+0800][info] GC(166) Concurrent Mark
[2024-09-08T23:16:38.142+0800][info] GC(166) Concurrent Mark From Roots
[2024-09-08T23:16:38.142+0800][info] GC(166) Using 12 workers of 12 for marking
[2024-09-08T23:16:38.143+0800][info] GC(166) Concurrent Mark From Roots 1.822ms
[2024-09-08T23:16:38.143+0800][info] GC(166) Concurrent Preclean
[2024-09-08T23:16:38.144+0800][info] GC(166) Concurrent Preclean 0.757ms
[2024-09-08T23:16:38.144+0800][info] GC(166) Pause Remark
[2024-09-08T23:16:38.145+0800][info] GC(166) Pause Remark 18M->18M(128M) 0.991ms
[2024-09-08T23:16:38.145+0800][info] GC(166) User=0.00s Sys=0.00s Real=0.01s
[2024-09-08T23:16:38.145+0800][info] GC(166) Concurrent Mark 3.680ms
[2024-09-08T23:16:38.145+0800][info] GC(166) Concurrent Rebuild Remembered Sets
[2024-09-08T23:16:38.145+0800][info] GC(166) Concurrent Rebuild Remembered Sets 0.008ms
[2024-09-08T23:16:38.145+0800][info] GC(166) Pause Cleanup
[2024-09-08T23:16:38.145+0800][info] GC(166) Pause Cleanup 18M->18M(128M) 0.018ms
[2024-09-08T23:16:38.145+0800][info] GC(166) User=0.00s Sys=0.00s Real=0.00s
[2024-09-08T23:16:38.145+0800][info] GC(166) Concurrent Cleanup for Next Mark
[2024-09-08T23:16:38.146+0800][info] GC(166) Concurrent Cleanup for Next Mark 0.205ms
[2024-09-08T23:16:38.146+0800][info] GC(166) Concurrent Mark Cycle 4.062ms
[2024-09-08T23:16:38.249+0800][info] GC(167) Pause Young (Concurrent Start) (G1 Humongous Allocation)
[2024-09-08T23:16:38.249+0800][info] GC(167) Using 3 workers of 48 for evacuation
[2024-09-08T23:16:38.250+0800][info] GC(167)   Pre Evacuate Collection Set: 0.0ms
[2024-09-08T23:16:38.250+0800][info] GC(167)   Merge Heap Roots: 0.0ms
[2024-09-08T23:16:38.250+0800][info] GC(167)   Evacuate Collection Set: 0.4ms
[2024-09-08T23:16:38.250+0800][info] GC(167)   Post Evacuate Collection Set: 0.1ms
[2024-09-08T23:16:38.250+0800][info] GC(167)   Other: 0.2ms
[2024-09-08T23:16:38.250+0800][info] GC(167) Eden regions: 1->0(19)
[2024-09-08T23:16:38.250+0800][info] GC(167) Survivor regions: 0->0(3)
[2024-09-08T23:16:38.250+0800][info] GC(167) Old regions: 1->1
[2024-09-08T23:16:38.250+0800][info] GC(167) Archive regions: 2->2
[2024-09-08T23:16:38.250+0800][info] GC(167) Humongous regions: 3->0
[2024-09-08T23:16:38.250+0800][info] GC(167) Metaspace: 868K(1024K)->868K(1024K) NonClass: 805K(896K)->805K(896K) Class: 63K(128K)->63K(128K)
[2024-09-08T23:16:38.250+0800][info] GC(167) Pause Young (Concurrent Start) (G1 Humongous Allocation) 18M->4M(128M) 1.042ms
[2024-09-08T23:16:38.250+0800][info] GC(167) User=0.01s Sys=0.00s Real=0.00s
[2024-09-08T23:16:38.251+0800][info] GC(168) Concurrent Mark Cycle
[2024-09-08T23:16:38.251+0800][info] GC(168) Concurrent Clear Claimed Marks
[2024-09-08T23:16:38.251+0800][info] GC(168) Concurrent Clear Claimed Marks 0.010ms
[2024-09-08T23:16:38.251+0800][info] GC(168) Concurrent Scan Root Regions
[2024-09-08T23:16:38.251+0800][info] GC(168) Concurrent Scan Root Regions 0.007ms
[2024-09-08T23:16:38.251+0800][info] GC(168) Concurrent Mark
[2024-09-08T23:16:38.251+0800][info] GC(168) Concurrent Mark From Roots
[2024-09-08T23:16:38.251+0800][info] GC(168) Using 12 workers of 12 for marking
[2024-09-08T23:16:38.253+0800][info] GC(168) Concurrent Mark From Roots 1.989ms
[2024-09-08T23:16:38.253+0800][info] GC(168) Concurrent Preclean
[2024-09-08T23:16:38.253+0800][info] GC(168) Concurrent Preclean 0.763ms
[2024-09-08T23:16:38.253+0800][info] GC(168) Pause Remark
[2024-09-08T23:16:38.254+0800][info] GC(168) Pause Remark 18M->18M(128M) 0.903ms
[2024-09-08T23:16:38.254+0800][info] GC(168) User=0.00s Sys=0.00s Real=0.00s
[2024-09-08T23:16:38.254+0800][info] GC(168) Concurrent Mark 3.773ms
[2024-09-08T23:16:38.254+0800][info] GC(168) Concurrent Rebuild Remembered Sets
[2024-09-08T23:16:38.254+0800][info] GC(168) Concurrent Rebuild Remembered Sets 0.007ms
[2024-09-08T23:16:38.254+0800][info] GC(168) Pause Cleanup
[2024-09-08T23:16:38.254+0800][info] GC(168) Pause Cleanup 18M->18M(128M) 0.017ms
[2024-09-08T23:16:38.254+0800][info] GC(168) User=0.00s Sys=0.00s Real=0.00s
[2024-09-08T23:16:38.254+0800][info] GC(168) Concurrent Cleanup for Next Mark
[2024-09-08T23:16:38.255+0800][info] GC(168) Concurrent Cleanup for Next Mark 0.174ms
[2024-09-08T23:16:38.255+0800][info] GC(168) Concurrent Mark Cycle 4.121ms
[2024-09-08T23:16:38.358+0800][info] GC(169) Pause Young (Concurrent Start) (G1 Humongous Allocation)
[2024-09-08T23:16:38.358+0800][info] GC(169) Using 3 workers of 48 for evacuation
[2024-09-08T23:16:38.359+0800][info] GC(169)   Pre Evacuate Collection Set: 0.0ms
[2024-09-08T23:16:38.359+0800][info] GC(169)   Merge Heap Roots: 0.0ms
[2024-09-08T23:16:38.359+0800][info] GC(169)   Evacuate Collection Set: 0.1ms
[2024-09-08T23:16:38.359+0800][info] GC(169)   Post Evacuate Collection Set: 0.1ms
[2024-09-08T23:16:38.359+0800][info] GC(169)   Other: 0.3ms
[2024-09-08T23:16:38.359+0800][info] GC(169) Eden regions: 1->0(19)
[2024-09-08T23:16:38.359+0800][info] GC(169) Survivor regions: 0->0(3)
[2024-09-08T23:16:38.359+0800][info] GC(169) Old regions: 1->1
[2024-09-08T23:16:38.359+0800][info] GC(169) Archive regions: 2->2
[2024-09-08T23:16:38.359+0800][info] GC(169) Humongous regions: 3->0
[2024-09-08T23:16:38.359+0800][info] GC(169) Metaspace: 868K(1024K)->868K(1024K) NonClass: 805K(896K)->805K(896K) Class: 63K(128K)->63K(128K)
[2024-09-08T23:16:38.359+0800][info] GC(169) Pause Young (Concurrent Start) (G1 Humongous Allocation) 18M->4M(128M) 0.745ms
[2024-09-08T23:16:38.359+0800][info] GC(169) User=0.00s Sys=0.00s Real=0.00s
[2024-09-08T23:16:38.359+0800][info] GC(170) Concurrent Mark Cycle
[2024-09-08T23:16:38.359+0800][info] GC(170) Concurrent Clear Claimed Marks
[2024-09-08T23:16:38.359+0800][info] GC(170) Concurrent Clear Claimed Marks 0.009ms
[2024-09-08T23:16:38.359+0800][info] GC(170) Concurrent Scan Root Regions
[2024-09-08T23:16:38.359+0800][info] GC(170) Concurrent Scan Root Regions 0.007ms
[2024-09-08T23:16:38.359+0800][info] GC(170) Concurrent Mark
[2024-09-08T23:16:38.359+0800][info] GC(170) Concurrent Mark From Roots
[2024-09-08T23:16:38.359+0800][info] GC(170) Using 12 workers of 12 for marking
[2024-09-08T23:16:38.361+0800][info] GC(170) Concurrent Mark From Roots 1.718ms
[2024-09-08T23:16:38.361+0800][info] GC(170) Concurrent Preclean
[2024-09-08T23:16:38.362+0800][info] GC(170) Concurrent Preclean 0.770ms
[2024-09-08T23:16:38.362+0800][info] GC(170) Pause Remark
[2024-09-08T23:16:38.363+0800][info] GC(170) Pause Remark 18M->18M(128M) 0.888ms
[2024-09-08T23:16:38.363+0800][info] GC(170) User=0.00s Sys=0.00s Real=0.00s
[2024-09-08T23:16:38.363+0800][info] GC(170) Concurrent Mark 3.482ms
[2024-09-08T23:16:38.363+0800][info] GC(170) Concurrent Rebuild Remembered Sets
[2024-09-08T23:16:38.363+0800][info] GC(170) Concurrent Rebuild Remembered Sets 0.007ms
[2024-09-08T23:16:38.363+0800][info] GC(170) Pause Cleanup
[2024-09-08T23:16:38.363+0800][info] GC(170) Pause Cleanup 18M->18M(128M) 0.018ms
[2024-09-08T23:16:38.363+0800][info] GC(170) User=0.00s Sys=0.00s Real=0.00s
[2024-09-08T23:16:38.363+0800][info] GC(170) Concurrent Cleanup for Next Mark
[2024-09-08T23:16:38.363+0800][info] GC(170) Concurrent Cleanup for Next Mark 0.174ms
[2024-09-08T23:16:38.363+0800][info] GC(170) Concurrent Mark Cycle 3.821ms
[2024-09-08T23:16:38.467+0800][info] GC(171) Pause Young (Concurrent Start) (G1 Humongous Allocation)
[2024-09-08T23:16:38.467+0800][info] GC(171) Using 3 workers of 48 for evacuation
[2024-09-08T23:16:38.468+0800][info] GC(171)   Pre Evacuate Collection Set: 0.0ms
[2024-09-08T23:16:38.468+0800][info] GC(171)   Merge Heap Roots: 0.0ms
[2024-09-08T23:16:38.468+0800][info] GC(171)   Evacuate Collection Set: 0.4ms
[2024-09-08T23:16:38.468+0800][info] GC(171)   Post Evacuate Collection Set: 0.1ms
[2024-09-08T23:16:38.468+0800][info] GC(171)   Other: 0.3ms
[2024-09-08T23:16:38.468+0800][info] GC(171) Eden regions: 1->0(19)
[2024-09-08T23:16:38.468+0800][info] GC(171) Survivor regions: 0->0(3)
[2024-09-08T23:16:38.468+0800][info] GC(171) Old regions: 1->1
[2024-09-08T23:16:38.468+0800][info] GC(171) Archive regions: 2->2
[2024-09-08T23:16:38.468+0800][info] GC(171) Humongous regions: 3->0
[2024-09-08T23:16:38.468+0800][info] GC(171) Metaspace: 868K(1024K)->868K(1024K) NonClass: 805K(896K)->805K(896K) Class: 63K(128K)->63K(128K)
[2024-09-08T23:16:38.468+0800][info] GC(171) Pause Young (Concurrent Start) (G1 Humongous Allocation) 18M->4M(128M) 1.019ms
[2024-09-08T23:16:38.468+0800][info] GC(171) User=0.00s Sys=0.00s Real=0.00s
[2024-09-08T23:16:38.468+0800][info] GC(172) Concurrent Mark Cycle
[2024-09-08T23:16:38.468+0800][info] GC(172) Concurrent Clear Claimed Marks
[2024-09-08T23:16:38.468+0800][info] GC(172) Concurrent Clear Claimed Marks 0.011ms
[2024-09-08T23:16:38.468+0800][info] GC(172) Concurrent Scan Root Regions
[2024-09-08T23:16:38.468+0800][info] GC(172) Concurrent Scan Root Regions 0.006ms
[2024-09-08T23:16:38.468+0800][info] GC(172) Concurrent Mark
[2024-09-08T23:16:38.468+0800][info] GC(172) Concurrent Mark From Roots
[2024-09-08T23:16:38.468+0800][info] GC(172) Using 12 workers of 12 for marking
[2024-09-08T23:16:38.470+0800][info] GC(172) Concurrent Mark From Roots 1.858ms
[2024-09-08T23:16:38.470+0800][info] GC(172) Concurrent Preclean
[2024-09-08T23:16:38.471+0800][info] GC(172) Concurrent Preclean 0.776ms
[2024-09-08T23:16:38.471+0800][info] GC(172) Pause Remark
[2024-09-08T23:16:38.472+0800][info] GC(172) Pause Remark 18M->18M(128M) 1.133ms
[2024-09-08T23:16:38.472+0800][info] GC(172) User=0.00s Sys=0.00s Real=0.00s
[2024-09-08T23:16:38.472+0800][info] GC(172) Concurrent Mark 3.895ms
[2024-09-08T23:16:38.472+0800][info] GC(172) Concurrent Rebuild Remembered Sets
[2024-09-08T23:16:38.472+0800][info] GC(172) Concurrent Rebuild Remembered Sets 0.008ms
[2024-09-08T23:16:38.472+0800][info] GC(172) Pause Cleanup
[2024-09-08T23:16:38.472+0800][info] GC(172) Pause Cleanup 18M->18M(128M) 0.021ms
[2024-09-08T23:16:38.472+0800][info] GC(172) User=0.00s Sys=0.00s Real=0.00s
[2024-09-08T23:16:38.472+0800][info] GC(172) Concurrent Cleanup for Next Mark
[2024-09-08T23:16:38.472+0800][info] GC(172) Concurrent Cleanup for Next Mark 0.178ms
[2024-09-08T23:16:38.472+0800][info] GC(172) Concurrent Mark Cycle 4.260ms
[2024-09-08T23:16:38.576+0800][info] GC(173) Pause Young (Concurrent Start) (G1 Humongous Allocation)
[2024-09-08T23:16:38.576+0800][info] GC(173) Using 3 workers of 48 for evacuation
[2024-09-08T23:16:38.577+0800][info] GC(173)   Pre Evacuate Collection Set: 0.0ms
[2024-09-08T23:16:38.577+0800][info] GC(173)   Merge Heap Roots: 0.0ms
[2024-09-08T23:16:38.577+0800][info] GC(173)   Evacuate Collection Set: 0.4ms
[2024-09-08T23:16:38.577+0800][info] GC(173)   Post Evacuate Collection Set: 0.2ms
[2024-09-08T23:16:38.577+0800][info] GC(173)   Other: 0.3ms
[2024-09-08T23:16:38.577+0800][info] GC(173) Eden regions: 1->0(19)
[2024-09-08T23:16:38.577+0800][info] GC(173) Survivor regions: 0->0(3)
[2024-09-08T23:16:38.577+0800][info] GC(173) Old regions: 1->1
[2024-09-08T23:16:38.577+0800][info] GC(173) Archive regions: 2->2
[2024-09-08T23:16:38.577+0800][info] GC(173) Humongous regions: 3->0
[2024-09-08T23:16:38.577+0800][info] GC(173) Metaspace: 868K(1024K)->868K(1024K) NonClass: 805K(896K)->805K(896K) Class: 63K(128K)->63K(128K)
[2024-09-08T23:16:38.577+0800][info] GC(173) Pause Young (Concurrent Start) (G1 Humongous Allocation) 18M->4M(128M) 1.192ms
[2024-09-08T23:16:38.577+0800][info] GC(173) User=0.00s Sys=0.00s Real=0.01s
[2024-09-08T23:16:38.577+0800][info] GC(174) Concurrent Mark Cycle
[2024-09-08T23:16:38.577+0800][info] GC(174) Concurrent Clear Claimed Marks
[2024-09-08T23:16:38.577+0800][info] GC(174) Concurrent Clear Claimed Marks 0.011ms
[2024-09-08T23:16:38.577+0800][info] GC(174) Concurrent Scan Root Regions
[2024-09-08T23:16:38.577+0800][info] GC(174) Concurrent Scan Root Regions 0.007ms
[2024-09-08T23:16:38.577+0800][info] GC(174) Concurrent Mark
[2024-09-08T23:16:38.577+0800][info] GC(174) Concurrent Mark From Roots
[2024-09-08T23:16:38.577+0800][info] GC(174) Using 12 workers of 12 for marking
[2024-09-08T23:16:38.579+0800][info] GC(174) Concurrent Mark From Roots 1.886ms
[2024-09-08T23:16:38.579+0800][info] GC(174) Concurrent Preclean
[2024-09-08T23:16:38.580+0800][info] GC(174) Concurrent Preclean 0.768ms
[2024-09-08T23:16:38.580+0800][info] GC(174) Pause Remark
[2024-09-08T23:16:38.581+0800][info] GC(174) Pause Remark 18M->18M(128M) 0.976ms
[2024-09-08T23:16:38.581+0800][info] GC(174) User=0.00s Sys=0.00s Real=0.00s
[2024-09-08T23:16:38.581+0800][info] GC(174) Concurrent Mark 3.744ms
[2024-09-08T23:16:38.581+0800][info] GC(174) Concurrent Rebuild Remembered Sets
[2024-09-08T23:16:38.581+0800][info] GC(174) Concurrent Rebuild Remembered Sets 0.007ms
[2024-09-08T23:16:38.581+0800][info] GC(174) Pause Cleanup
[2024-09-08T23:16:38.581+0800][info] GC(174) Pause Cleanup 18M->18M(128M) 0.018ms
[2024-09-08T23:16:38.581+0800][info] GC(174) User=0.00s Sys=0.00s Real=0.00s
[2024-09-08T23:16:38.581+0800][info] GC(174) Concurrent Cleanup for Next Mark
[2024-09-08T23:16:38.581+0800][info] GC(174) Concurrent Cleanup for Next Mark 0.258ms
[2024-09-08T23:16:38.581+0800][info] GC(174) Concurrent Mark Cycle 4.181ms
[2024-09-08T23:16:38.685+0800][info] GC(175) Pause Young (Concurrent Start) (G1 Humongous Allocation)
[2024-09-08T23:16:38.685+0800][info] GC(175) Using 3 workers of 48 for evacuation
[2024-09-08T23:16:38.686+0800][info] GC(175)   Pre Evacuate Collection Set: 0.0ms
[2024-09-08T23:16:38.686+0800][info] GC(175)   Merge Heap Roots: 0.0ms
[2024-09-08T23:16:38.686+0800][info] GC(175)   Evacuate Collection Set: 0.2ms
[2024-09-08T23:16:38.686+0800][info] GC(175)   Post Evacuate Collection Set: 0.1ms
[2024-09-08T23:16:38.686+0800][info] GC(175)   Other: 0.3ms
[2024-09-08T23:16:38.686+0800][info] GC(175) Eden regions: 1->0(19)
[2024-09-08T23:16:38.686+0800][info] GC(175) Survivor regions: 0->0(3)
[2024-09-08T23:16:38.686+0800][info] GC(175) Old regions: 1->1
[2024-09-08T23:16:38.686+0800][info] GC(175) Archive regions: 2->2
[2024-09-08T23:16:38.686+0800][info] GC(175) Humongous regions: 3->0
[2024-09-08T23:16:38.686+0800][info] GC(175) Metaspace: 868K(1024K)->868K(1024K) NonClass: 805K(896K)->805K(896K) Class: 63K(128K)->63K(128K)
[2024-09-08T23:16:38.686+0800][info] GC(175) Pause Young (Concurrent Start) (G1 Humongous Allocation) 18M->4M(128M) 0.853ms
[2024-09-08T23:16:38.686+0800][info] GC(175) User=0.00s Sys=0.00s Real=0.00s
[2024-09-08T23:16:38.686+0800][info] GC(176) Concurrent Mark Cycle
[2024-09-08T23:16:38.686+0800][info] GC(176) Concurrent Clear Claimed Marks
[2024-09-08T23:16:38.686+0800][info] GC(176) Concurrent Clear Claimed Marks 0.011ms
[2024-09-08T23:16:38.686+0800][info] GC(176) Concurrent Scan Root Regions
[2024-09-08T23:16:38.686+0800][info] GC(176) Concurrent Scan Root Regions 0.007ms
[2024-09-08T23:16:38.686+0800][info] GC(176) Concurrent Mark
[2024-09-08T23:16:38.686+0800][info] GC(176) Concurrent Mark From Roots
[2024-09-08T23:16:38.686+0800][info] GC(176) Using 12 workers of 12 for marking
[2024-09-08T23:16:38.688+0800][info] GC(176) Concurrent Mark From Roots 1.801ms
[2024-09-08T23:16:38.688+0800][info] GC(176) Concurrent Preclean
[2024-09-08T23:16:38.689+0800][info] GC(176) Concurrent Preclean 0.781ms
[2024-09-08T23:16:38.689+0800][info] GC(176) Pause Remark
[2024-09-08T23:16:38.690+0800][info] GC(176) Pause Remark 18M->18M(128M) 0.897ms
[2024-09-08T23:16:38.690+0800][info] GC(176) User=0.00s Sys=0.01s Real=0.00s
[2024-09-08T23:16:38.690+0800][info] GC(176) Concurrent Mark 3.628ms
[2024-09-08T23:16:38.690+0800][info] GC(176) Concurrent Rebuild Remembered Sets
[2024-09-08T23:16:38.690+0800][info] GC(176) Concurrent Rebuild Remembered Sets 0.007ms
[2024-09-08T23:16:38.690+0800][info] GC(176) Pause Cleanup
[2024-09-08T23:16:38.690+0800][info] GC(176) Pause Cleanup 18M->18M(128M) 0.021ms
[2024-09-08T23:16:38.690+0800][info] GC(176) User=0.00s Sys=0.00s Real=0.00s
[2024-09-08T23:16:38.690+0800][info] GC(176) Concurrent Cleanup for Next Mark
[2024-09-08T23:16:38.690+0800][info] GC(176) Concurrent Cleanup for Next Mark 0.178ms
[2024-09-08T23:16:38.690+0800][info] GC(176) Concurrent Mark Cycle 3.988ms
[2024-09-08T23:16:38.794+0800][info] GC(177) Pause Young (Concurrent Start) (G1 Humongous Allocation)
[2024-09-08T23:16:38.794+0800][info] GC(177) Using 3 workers of 48 for evacuation
[2024-09-08T23:16:38.795+0800][info] GC(177)   Pre Evacuate Collection Set: 0.0ms
[2024-09-08T23:16:38.795+0800][info] GC(177)   Merge Heap Roots: 0.0ms
[2024-09-08T23:16:38.795+0800][info] GC(177)   Evacuate Collection Set: 0.2ms
[2024-09-08T23:16:38.795+0800][info] GC(177)   Post Evacuate Collection Set: 0.1ms
[2024-09-08T23:16:38.795+0800][info] GC(177)   Other: 0.3ms
[2024-09-08T23:16:38.795+0800][info] GC(177) Eden regions: 1->0(19)
[2024-09-08T23:16:38.795+0800][info] GC(177) Survivor regions: 0->0(3)
[2024-09-08T23:16:38.795+0800][info] GC(177) Old regions: 1->1
[2024-09-08T23:16:38.795+0800][info] GC(177) Archive regions: 2->2
[2024-09-08T23:16:38.795+0800][info] GC(177) Humongous regions: 3->0
[2024-09-08T23:16:38.795+0800][info] GC(177) Metaspace: 871K(1024K)->871K(1024K) NonClass: 808K(896K)->808K(896K) Class: 63K(128K)->63K(128K)
[2024-09-08T23:16:38.795+0800][info] GC(177) Pause Young (Concurrent Start) (G1 Humongous Allocation) 18M->4M(128M) 0.965ms
[2024-09-08T23:16:38.795+0800][info] GC(177) User=0.00s Sys=0.00s Real=0.00s
[2024-09-08T23:16:38.795+0800][info] GC(178) Concurrent Mark Cycle
[2024-09-08T23:16:38.795+0800][info] GC(178) Concurrent Clear Claimed Marks
[2024-09-08T23:16:38.795+0800][info] GC(178) Concurrent Clear Claimed Marks 0.009ms
[2024-09-08T23:16:38.795+0800][info] GC(178) Concurrent Scan Root Regions
[2024-09-08T23:16:38.795+0800][info] GC(178) Concurrent Scan Root Regions 0.006ms
[2024-09-08T23:16:38.795+0800][info] GC(178) Concurrent Mark
[2024-09-08T23:16:38.795+0800][info] GC(178) Concurrent Mark From Roots
[2024-09-08T23:16:38.795+0800][info] GC(178) Using 12 workers of 12 for marking
[2024-09-08T23:16:38.797+0800][info] GC(178) Concurrent Mark From Roots 1.695ms
[2024-09-08T23:16:38.797+0800][info] GC(178) Concurrent Preclean
[2024-09-08T23:16:38.798+0800][info] GC(178) Concurrent Preclean 0.769ms
[2024-09-08T23:16:38.798+0800][info] GC(178) Pause Remark
[2024-09-08T23:16:38.799+0800][info] GC(178) Pause Remark 18M->18M(128M) 1.092ms
[2024-09-08T23:16:38.799+0800][info] GC(178) User=0.00s Sys=0.00s Real=0.00s
[2024-09-08T23:16:38.799+0800][info] GC(178) Concurrent Mark 3.684ms
[2024-09-08T23:16:38.799+0800][info] GC(178) Concurrent Rebuild Remembered Sets
[2024-09-08T23:16:38.799+0800][info] GC(178) Concurrent Rebuild Remembered Sets 0.007ms
[2024-09-08T23:16:38.799+0800][info] GC(178) Pause Cleanup
[2024-09-08T23:16:38.799+0800][info] GC(178) Pause Cleanup 18M->18M(128M) 0.024ms
[2024-09-08T23:16:38.799+0800][info] GC(178) User=0.00s Sys=0.00s Real=0.00s
[2024-09-08T23:16:38.799+0800][info] GC(178) Concurrent Cleanup for Next Mark
[2024-09-08T23:16:38.799+0800][info] GC(178) Concurrent Cleanup for Next Mark 0.197ms
[2024-09-08T23:16:38.799+0800][info] GC(178) Concurrent Mark Cycle 4.080ms
[2024-09-08T23:16:38.903+0800][info] GC(179) Pause Young (Concurrent Start) (G1 Humongous Allocation)
[2024-09-08T23:16:38.903+0800][info] GC(179) Using 3 workers of 48 for evacuation
[2024-09-08T23:16:38.904+0800][info] GC(179)   Pre Evacuate Collection Set: 0.0ms
[2024-09-08T23:16:38.904+0800][info] GC(179)   Merge Heap Roots: 0.0ms
[2024-09-08T23:16:38.904+0800][info] GC(179)   Evacuate Collection Set: 0.4ms
[2024-09-08T23:16:38.904+0800][info] GC(179)   Post Evacuate Collection Set: 0.2ms
[2024-09-08T23:16:38.904+0800][info] GC(179)   Other: 0.3ms
[2024-09-08T23:16:38.904+0800][info] GC(179) Eden regions: 1->0(19)
[2024-09-08T23:16:38.904+0800][info] GC(179) Survivor regions: 0->0(3)
[2024-09-08T23:16:38.904+0800][info] GC(179) Old regions: 1->1
[2024-09-08T23:16:38.904+0800][info] GC(179) Archive regions: 2->2
[2024-09-08T23:16:38.904+0800][info] GC(179) Humongous regions: 3->0
[2024-09-08T23:16:38.904+0800][info] GC(179) Metaspace: 871K(1024K)->871K(1024K) NonClass: 808K(896K)->808K(896K) Class: 63K(128K)->63K(128K)
[2024-09-08T23:16:38.904+0800][info] GC(179) Pause Young (Concurrent Start) (G1 Humongous Allocation) 18M->4M(128M) 1.092ms
[2024-09-08T23:16:38.904+0800][info] GC(179) User=0.00s Sys=0.00s Real=0.00s
[2024-09-08T23:16:38.904+0800][info] GC(180) Concurrent Mark Cycle
[2024-09-08T23:16:38.904+0800][info] GC(180) Concurrent Clear Claimed Marks
[2024-09-08T23:16:38.904+0800][info] GC(180) Concurrent Clear Claimed Marks 0.010ms
[2024-09-08T23:16:38.904+0800][info] GC(180) Concurrent Scan Root Regions
[2024-09-08T23:16:38.904+0800][info] GC(180) Concurrent Scan Root Regions 0.007ms
[2024-09-08T23:16:38.904+0800][info] GC(180) Concurrent Mark
[2024-09-08T23:16:38.904+0800][info] GC(180) Concurrent Mark From Roots
[2024-09-08T23:16:38.904+0800][info] GC(180) Using 12 workers of 12 for marking
[2024-09-08T23:16:38.906+0800][info] GC(180) Concurrent Mark From Roots 1.799ms
[2024-09-08T23:16:38.906+0800][info] GC(180) Concurrent Preclean
[2024-09-08T23:16:38.907+0800][info] GC(180) Concurrent Preclean 0.760ms
[2024-09-08T23:16:38.907+0800][info] GC(180) Pause Remark
[2024-09-08T23:16:38.908+0800][info] GC(180) Pause Remark 18M->18M(128M) 0.873ms
[2024-09-08T23:16:38.908+0800][info] GC(180) User=0.00s Sys=0.00s Real=0.00s
[2024-09-08T23:16:38.908+0800][info] GC(180) Concurrent Mark 3.556ms
[2024-09-08T23:16:38.908+0800][info] GC(180) Concurrent Rebuild Remembered Sets
[2024-09-08T23:16:38.908+0800][info] GC(180) Concurrent Rebuild Remembered Sets 0.006ms
[2024-09-08T23:16:38.908+0800][info] GC(180) Pause Cleanup
[2024-09-08T23:16:38.908+0800][info] GC(180) Pause Cleanup 18M->18M(128M) 0.024ms
[2024-09-08T23:16:38.908+0800][info] GC(180) User=0.00s Sys=0.00s Real=0.00s
[2024-09-08T23:16:38.908+0800][info] GC(180) Concurrent Cleanup for Next Mark
[2024-09-08T23:16:38.908+0800][info] GC(180) Concurrent Cleanup for Next Mark 0.193ms
[2024-09-08T23:16:38.908+0800][info] GC(180) Concurrent Mark Cycle 3.946ms
[2024-09-08T23:16:39.012+0800][info] GC(181) Pause Young (Concurrent Start) (G1 Humongous Allocation)
[2024-09-08T23:16:39.012+0800][info] GC(181) Using 3 workers of 48 for evacuation
[2024-09-08T23:16:39.013+0800][info] GC(181)   Pre Evacuate Collection Set: 0.0ms
[2024-09-08T23:16:39.013+0800][info] GC(181)   Merge Heap Roots: 0.0ms
[2024-09-08T23:16:39.013+0800][info] GC(181)   Evacuate Collection Set: 0.2ms
[2024-09-08T23:16:39.013+0800][info] GC(181)   Post Evacuate Collection Set: 0.1ms
[2024-09-08T23:16:39.013+0800][info] GC(181)   Other: 0.3ms
[2024-09-08T23:16:39.013+0800][info] GC(181) Eden regions: 1->0(19)
[2024-09-08T23:16:39.013+0800][info] GC(181) Survivor regions: 0->0(3)
[2024-09-08T23:16:39.013+0800][info] GC(181) Old regions: 1->1
[2024-09-08T23:16:39.013+0800][info] GC(181) Archive regions: 2->2
[2024-09-08T23:16:39.013+0800][info] GC(181) Humongous regions: 3->0
[2024-09-08T23:16:39.013+0800][info] GC(181) Metaspace: 871K(1024K)->871K(1024K) NonClass: 808K(896K)->808K(896K) Class: 63K(128K)->63K(128K)
[2024-09-08T23:16:39.013+0800][info] GC(181) Pause Young (Concurrent Start) (G1 Humongous Allocation) 18M->4M(128M) 0.908ms
[2024-09-08T23:16:39.013+0800][info] GC(181) User=0.00s Sys=0.01s Real=0.00s
[2024-09-08T23:16:39.013+0800][info] GC(182) Concurrent Undo Cycle
[2024-09-08T23:16:39.013+0800][info] GC(182) Concurrent Cleanup for Next Mark
[2024-09-08T23:16:39.013+0800][info] GC(182) Concurrent Cleanup for Next Mark 0.153ms
[2024-09-08T23:16:39.013+0800][info] GC(182) Concurrent Undo Cycle 0.185ms
[2024-09-08T23:16:39.020+0800][info] GC(183) Pause Young (Concurrent Start) (G1 Humongous Allocation)
[2024-09-08T23:16:39.020+0800][info] GC(183) Using 3 workers of 48 for evacuation
[2024-09-08T23:16:39.020+0800][info] GC(183)   Pre Evacuate Collection Set: 0.0ms
[2024-09-08T23:16:39.020+0800][info] GC(183)   Merge Heap Roots: 0.0ms
[2024-09-08T23:16:39.020+0800][info] GC(183)   Evacuate Collection Set: 0.2ms
[2024-09-08T23:16:39.021+0800][info] GC(183)   Post Evacuate Collection Set: 0.1ms
[2024-09-08T23:16:39.021+0800][info] GC(183)   Other: 0.2ms
[2024-09-08T23:16:39.021+0800][info] GC(183) Eden regions: 0->0(19)
[2024-09-08T23:16:39.021+0800][info] GC(183) Survivor regions: 0->0(3)
[2024-09-08T23:16:39.021+0800][info] GC(183) Old regions: 1->1
[2024-09-08T23:16:39.021+0800][info] GC(183) Archive regions: 2->2
[2024-09-08T23:16:39.021+0800][info] GC(183) Humongous regions: 3->0
[2024-09-08T23:16:39.021+0800][info] GC(183) Metaspace: 871K(1024K)->871K(1024K) NonClass: 808K(896K)->808K(896K) Class: 63K(128K)->63K(128K)
[2024-09-08T23:16:39.021+0800][info] GC(183) Pause Young (Concurrent Start) (G1 Humongous Allocation) 16M->4M(128M) 0.826ms
[2024-09-08T23:16:39.021+0800][info] GC(183) User=0.00s Sys=0.00s Real=0.00s
[2024-09-08T23:16:39.021+0800][info] GC(184) Concurrent Undo Cycle
[2024-09-08T23:16:39.021+0800][info] GC(184) Concurrent Cleanup for Next Mark
[2024-09-08T23:16:39.021+0800][info] GC(184) Concurrent Cleanup for Next Mark 0.129ms
[2024-09-08T23:16:39.021+0800][info] GC(184) Concurrent Undo Cycle 0.154ms
[2024-09-08T23:16:39.027+0800][info] GC(185) Pause Young (Concurrent Start) (G1 Humongous Allocation)
[2024-09-08T23:16:39.027+0800][info] GC(185) Using 3 workers of 48 for evacuation
[2024-09-08T23:16:39.027+0800][info] GC(185)   Pre Evacuate Collection Set: 0.0ms
[2024-09-08T23:16:39.027+0800][info] GC(185)   Merge Heap Roots: 0.0ms
[2024-09-08T23:16:39.027+0800][info] GC(185)   Evacuate Collection Set: 0.1ms
[2024-09-08T23:16:39.027+0800][info] GC(185)   Post Evacuate Collection Set: 0.1ms
[2024-09-08T23:16:39.027+0800][info] GC(185)   Other: 0.3ms
[2024-09-08T23:16:39.028+0800][info] GC(185) Eden regions: 0->0(19)
[2024-09-08T23:16:39.028+0800][info] GC(185) Survivor regions: 0->0(3)
[2024-09-08T23:16:39.028+0800][info] GC(185) Old regions: 1->1
[2024-09-08T23:16:39.028+0800][info] GC(185) Archive regions: 2->2
[2024-09-08T23:16:39.028+0800][info] GC(185) Humongous regions: 3->0
[2024-09-08T23:16:39.028+0800][info] GC(185) Metaspace: 871K(1024K)->871K(1024K) NonClass: 808K(896K)->808K(896K) Class: 63K(128K)->63K(128K)
[2024-09-08T23:16:39.028+0800][info] GC(185) Pause Young (Concurrent Start) (G1 Humongous Allocation) 16M->4M(128M) 0.767ms
[2024-09-08T23:16:39.028+0800][info] GC(185) User=0.00s Sys=0.00s Real=0.00s
[2024-09-08T23:16:39.028+0800][info] GC(186) Concurrent Undo Cycle
[2024-09-08T23:16:39.028+0800][info] GC(186) Concurrent Cleanup for Next Mark
[2024-09-08T23:16:39.028+0800][info] GC(186) Concurrent Cleanup for Next Mark 0.180ms
[2024-09-08T23:16:39.028+0800][info] GC(186) Concurrent Undo Cycle 0.204ms
[2024-09-08T23:16:39.034+0800][info] GC(187) Pause Young (Concurrent Start) (G1 Humongous Allocation)
[2024-09-08T23:16:39.034+0800][info] GC(187) Using 3 workers of 48 for evacuation
[2024-09-08T23:16:39.034+0800][info] GC(187)   Pre Evacuate Collection Set: 0.0ms
[2024-09-08T23:16:39.034+0800][info] GC(187)   Merge Heap Roots: 0.0ms
[2024-09-08T23:16:39.034+0800][info] GC(187)   Evacuate Collection Set: 0.2ms
[2024-09-08T23:16:39.034+0800][info] GC(187)   Post Evacuate Collection Set: 0.1ms
[2024-09-08T23:16:39.034+0800][info] GC(187)   Other: 0.2ms
[2024-09-08T23:16:39.034+0800][info] GC(187) Eden regions: 0->0(19)
[2024-09-08T23:16:39.034+0800][info] GC(187) Survivor regions: 0->0(3)
[2024-09-08T23:16:39.034+0800][info] GC(187) Old regions: 1->1
[2024-09-08T23:16:39.034+0800][info] GC(187) Archive regions: 2->2
[2024-09-08T23:16:39.034+0800][info] GC(187) Humongous regions: 3->0
[2024-09-08T23:16:39.034+0800][info] GC(187) Metaspace: 871K(1024K)->871K(1024K) NonClass: 808K(896K)->808K(896K) Class: 63K(128K)->63K(128K)
[2024-09-08T23:16:39.034+0800][info] GC(187) Pause Young (Concurrent Start) (G1 Humongous Allocation) 16M->4M(128M) 0.760ms
[2024-09-08T23:16:39.034+0800][info] GC(187) User=0.00s Sys=0.00s Real=0.00s
[2024-09-08T23:16:39.034+0800][info] GC(188) Concurrent Undo Cycle
[2024-09-08T23:16:39.034+0800][info] GC(188) Concurrent Cleanup for Next Mark
[2024-09-08T23:16:39.035+0800][info] GC(188) Concurrent Cleanup for Next Mark 0.156ms
[2024-09-08T23:16:39.035+0800][info] GC(188) Concurrent Undo Cycle 0.182ms
[2024-09-08T23:16:39.040+0800][info] GC(189) Pause Young (Concurrent Start) (G1 Humongous Allocation)
[2024-09-08T23:16:39.040+0800][info] GC(189) Using 3 workers of 48 for evacuation
[2024-09-08T23:16:39.041+0800][info] GC(189)   Pre Evacuate Collection Set: 0.0ms
[2024-09-08T23:16:39.041+0800][info] GC(189)   Merge Heap Roots: 0.0ms
[2024-09-08T23:16:39.041+0800][info] GC(189)   Evacuate Collection Set: 0.4ms
[2024-09-08T23:16:39.041+0800][info] GC(189)   Post Evacuate Collection Set: 0.1ms
[2024-09-08T23:16:39.041+0800][info] GC(189)   Other: 0.2ms
[2024-09-08T23:16:39.041+0800][info] GC(189) Eden regions: 0->0(19)
[2024-09-08T23:16:39.041+0800][info] GC(189) Survivor regions: 0->0(3)
[2024-09-08T23:16:39.041+0800][info] GC(189) Old regions: 1->1
[2024-09-08T23:16:39.041+0800][info] GC(189) Archive regions: 2->2
[2024-09-08T23:16:39.041+0800][info] GC(189) Humongous regions: 3->0
[2024-09-08T23:16:39.041+0800][info] GC(189) Metaspace: 871K(1024K)->871K(1024K) NonClass: 808K(896K)->808K(896K) Class: 63K(128K)->63K(128K)
[2024-09-08T23:16:39.041+0800][info] GC(189) Pause Young (Concurrent Start) (G1 Humongous Allocation) 16M->4M(128M) 0.946ms
[2024-09-08T23:16:39.041+0800][info] GC(189) User=0.00s Sys=0.00s Real=0.00s
[2024-09-08T23:16:39.041+0800][info] GC(190) Concurrent Undo Cycle
[2024-09-08T23:16:39.041+0800][info] GC(190) Concurrent Cleanup for Next Mark
[2024-09-08T23:16:39.041+0800][info] GC(190) Concurrent Cleanup for Next Mark 0.221ms
[2024-09-08T23:16:39.041+0800][info] GC(190) Concurrent Undo Cycle 0.248ms
[2024-09-08T23:16:39.047+0800][info] GC(191) Pause Young (Concurrent Start) (G1 Humongous Allocation)
[2024-09-08T23:16:39.047+0800][info] GC(191) Using 3 workers of 48 for evacuation
[2024-09-08T23:16:39.048+0800][info] GC(191)   Pre Evacuate Collection Set: 0.0ms
[2024-09-08T23:16:39.048+0800][info] GC(191)   Merge Heap Roots: 0.0ms
[2024-09-08T23:16:39.048+0800][info] GC(191)   Evacuate Collection Set: 0.1ms
[2024-09-08T23:16:39.048+0800][info] GC(191)   Post Evacuate Collection Set: 0.1ms
[2024-09-08T23:16:39.048+0800][info] GC(191)   Other: 0.3ms
[2024-09-08T23:16:39.048+0800][info] GC(191) Eden regions: 0->0(19)
[2024-09-08T23:16:39.048+0800][info] GC(191) Survivor regions: 0->0(3)
[2024-09-08T23:16:39.048+0800][info] GC(191) Old regions: 1->1
[2024-09-08T23:16:39.048+0800][info] GC(191) Archive regions: 2->2
[2024-09-08T23:16:39.048+0800][info] GC(191) Humongous regions: 3->0
[2024-09-08T23:16:39.048+0800][info] GC(191) Metaspace: 871K(1024K)->871K(1024K) NonClass: 808K(896K)->808K(896K) Class: 63K(128K)->63K(128K)
[2024-09-08T23:16:39.048+0800][info] GC(191) Pause Young (Concurrent Start) (G1 Humongous Allocation) 16M->4M(128M) 0.726ms
[2024-09-08T23:16:39.048+0800][info] GC(191) User=0.01s Sys=0.00s Real=0.00s
[2024-09-08T23:16:39.048+0800][info] GC(192) Concurrent Undo Cycle
[2024-09-08T23:16:39.048+0800][info] GC(192) Concurrent Cleanup for Next Mark
[2024-09-08T23:16:39.048+0800][info] GC(192) Concurrent Cleanup for Next Mark 0.173ms
[2024-09-08T23:16:39.048+0800][info] GC(192) Concurrent Undo Cycle 0.196ms
[2024-09-08T23:16:39.054+0800][info] GC(193) Pause Young (Concurrent Start) (G1 Humongous Allocation)
[2024-09-08T23:16:39.054+0800][info] GC(193) Using 3 workers of 48 for evacuation
[2024-09-08T23:16:39.054+0800][info] GC(193)   Pre Evacuate Collection Set: 0.0ms
[2024-09-08T23:16:39.054+0800][info] GC(193)   Merge Heap Roots: 0.0ms
[2024-09-08T23:16:39.054+0800][info] GC(193)   Evacuate Collection Set: 0.1ms
[2024-09-08T23:16:39.054+0800][info] GC(193)   Post Evacuate Collection Set: 0.1ms
[2024-09-08T23:16:39.054+0800][info] GC(193)   Other: 0.2ms
[2024-09-08T23:16:39.054+0800][info] GC(193) Eden regions: 0->0(19)
[2024-09-08T23:16:39.054+0800][info] GC(193) Survivor regions: 0->0(3)
[2024-09-08T23:16:39.054+0800][info] GC(193) Old regions: 1->1
[2024-09-08T23:16:39.054+0800][info] GC(193) Archive regions: 2->2
[2024-09-08T23:16:39.054+0800][info] GC(193) Humongous regions: 3->0
[2024-09-08T23:16:39.054+0800][info] GC(193) Metaspace: 871K(1024K)->871K(1024K) NonClass: 808K(896K)->808K(896K) Class: 63K(128K)->63K(128K)
[2024-09-08T23:16:39.054+0800][info] GC(193) Pause Young (Concurrent Start) (G1 Humongous Allocation) 16M->4M(128M) 0.650ms
[2024-09-08T23:16:39.054+0800][info] GC(193) User=0.00s Sys=0.00s Real=0.00s
[2024-09-08T23:16:39.054+0800][info] GC(194) Concurrent Undo Cycle
[2024-09-08T23:16:39.054+0800][info] GC(194) Concurrent Cleanup for Next Mark
[2024-09-08T23:16:39.054+0800][info] GC(194) Concurrent Cleanup for Next Mark 0.110ms
[2024-09-08T23:16:39.054+0800][info] GC(194) Concurrent Undo Cycle 0.134ms
[2024-09-08T23:16:39.060+0800][info] GC(195) Pause Young (Concurrent Start) (G1 Humongous Allocation)
[2024-09-08T23:16:39.060+0800][info] GC(195) Using 3 workers of 48 for evacuation
[2024-09-08T23:16:39.061+0800][info] GC(195)   Pre Evacuate Collection Set: 0.0ms
[2024-09-08T23:16:39.061+0800][info] GC(195)   Merge Heap Roots: 0.0ms
[2024-09-08T23:16:39.061+0800][info] GC(195)   Evacuate Collection Set: 0.1ms
[2024-09-08T23:16:39.061+0800][info] GC(195)   Post Evacuate Collection Set: 0.1ms
[2024-09-08T23:16:39.061+0800][info] GC(195)   Other: 0.2ms
[2024-09-08T23:16:39.061+0800][info] GC(195) Eden regions: 0->0(19)
[2024-09-08T23:16:39.061+0800][info] GC(195) Survivor regions: 0->0(3)
[2024-09-08T23:16:39.061+0800][info] GC(195) Old regions: 1->1
[2024-09-08T23:16:39.061+0800][info] GC(195) Archive regions: 2->2
[2024-09-08T23:16:39.061+0800][info] GC(195) Humongous regions: 3->0
[2024-09-08T23:16:39.061+0800][info] GC(195) Metaspace: 871K(1024K)->871K(1024K) NonClass: 808K(896K)->808K(896K) Class: 63K(128K)->63K(128K)
[2024-09-08T23:16:39.061+0800][info] GC(195) Pause Young (Concurrent Start) (G1 Humongous Allocation) 16M->4M(128M) 0.627ms
[2024-09-08T23:16:39.061+0800][info] GC(195) User=0.00s Sys=0.00s Real=0.00s
[2024-09-08T23:16:39.061+0800][info] GC(196) Concurrent Undo Cycle
[2024-09-08T23:16:39.061+0800][info] GC(196) Concurrent Cleanup for Next Mark
[2024-09-08T23:16:39.061+0800][info] GC(196) Concurrent Cleanup for Next Mark 0.110ms
[2024-09-08T23:16:39.061+0800][info] GC(196) Concurrent Undo Cycle 0.141ms
[2024-09-08T23:16:39.067+0800][info] GC(197) Pause Young (Concurrent Start) (G1 Humongous Allocation)
[2024-09-08T23:16:39.067+0800][info] GC(197) Using 3 workers of 48 for evacuation
[2024-09-08T23:16:39.067+0800][info] GC(197)   Pre Evacuate Collection Set: 0.0ms
[2024-09-08T23:16:39.067+0800][info] GC(197)   Merge Heap Roots: 0.0ms
[2024-09-08T23:16:39.067+0800][info] GC(197)   Evacuate Collection Set: 0.1ms
[2024-09-08T23:16:39.067+0800][info] GC(197)   Post Evacuate Collection Set: 0.1ms
[2024-09-08T23:16:39.067+0800][info] GC(197)   Other: 0.2ms
[2024-09-08T23:16:39.067+0800][info] GC(197) Eden regions: 0->0(19)
[2024-09-08T23:16:39.067+0800][info] GC(197) Survivor regions: 0->0(3)
[2024-09-08T23:16:39.067+0800][info] GC(197) Old regions: 1->1
[2024-09-08T23:16:39.067+0800][info] GC(197) Archive regions: 2->2
[2024-09-08T23:16:39.067+0800][info] GC(197) Humongous regions: 3->0
[2024-09-08T23:16:39.067+0800][info] GC(197) Metaspace: 871K(1024K)->871K(1024K) NonClass: 808K(896K)->808K(896K) Class: 63K(128K)->63K(128K)
[2024-09-08T23:16:39.067+0800][info] GC(197) Pause Young (Concurrent Start) (G1 Humongous Allocation) 16M->4M(128M) 0.609ms
[2024-09-08T23:16:39.067+0800][info] GC(197) User=0.00s Sys=0.00s Real=0.00s
[2024-09-08T23:16:39.067+0800][info] GC(198) Concurrent Undo Cycle
[2024-09-08T23:16:39.067+0800][info] GC(198) Concurrent Cleanup for Next Mark
[2024-09-08T23:16:39.068+0800][info] GC(198) Concurrent Cleanup for Next Mark 0.173ms
[2024-09-08T23:16:39.068+0800][info] GC(198) Concurrent Undo Cycle 0.211ms
[2024-09-08T23:16:39.103+0800][info] GC(199) Pause Young (Normal) (G1 Evacuation Pause)
[2024-09-08T23:16:39.104+0800][info] GC(199) Using 3 workers of 48 for evacuation
[2024-09-08T23:16:39.108+0800][info] GC(199) To-space exhausted
[2024-09-08T23:16:39.108+0800][info] GC(199)   Pre Evacuate Collection Set: 0.0ms
[2024-09-08T23:16:39.108+0800][info] GC(199)   Merge Heap Roots: 0.0ms
[2024-09-08T23:16:39.108+0800][info] GC(199)   Evacuate Collection Set: 3.6ms
[2024-09-08T23:16:39.108+0800][info] GC(199)   Post Evacuate Collection Set: 0.3ms
[2024-09-08T23:16:39.108+0800][info] GC(199)   Other: 0.2ms
[2024-09-08T23:16:39.108+0800][info] GC(199) Eden regions: 19->0(5)
[2024-09-08T23:16:39.108+0800][info] GC(199) Survivor regions: 0->3(3)
[2024-09-08T23:16:39.108+0800][info] GC(199) Old regions: 1->19
[2024-09-08T23:16:39.108+0800][info] GC(199) Archive regions: 2->2
[2024-09-08T23:16:39.108+0800][info] GC(199) Humongous regions: 3->0
[2024-09-08T23:16:39.108+0800][info] GC(199) Metaspace: 871K(1024K)->871K(1024K) NonClass: 808K(896K)->808K(896K) Class: 63K(128K)->63K(128K)
[2024-09-08T23:16:39.108+0800][info] GC(199) Pause Young (Normal) (G1 Evacuation Pause) 92M->88M(128M) 4.366ms
[2024-09-08T23:16:39.108+0800][info] GC(199) User=0.01s Sys=0.00s Real=0.01s
[2024-09-08T23:16:39.113+0800][info] GC(200) Pause Young (Concurrent Start) (G1 Evacuation Pause)
[2024-09-08T23:16:39.113+0800][info] GC(200) Using 3 workers of 48 for evacuation
[2024-09-08T23:16:39.115+0800][info] GC(200) To-space exhausted
[2024-09-08T23:16:39.115+0800][info] GC(200)   Pre Evacuate Collection Set: 0.0ms
[2024-09-08T23:16:39.115+0800][info] GC(200)   Merge Heap Roots: 0.0ms
[2024-09-08T23:16:39.115+0800][info] GC(200)   Evacuate Collection Set: 1.6ms
[2024-09-08T23:16:39.115+0800][info] GC(200)   Post Evacuate Collection Set: 0.2ms
[2024-09-08T23:16:39.116+0800][info] GC(200)   Other: 0.3ms
[2024-09-08T23:16:39.116+0800][info] GC(200) Eden regions: 5->0(1)
[2024-09-08T23:16:39.116+0800][info] GC(200) Survivor regions: 3->0(1)
[2024-09-08T23:16:39.116+0800][info] GC(200) Old regions: 19->28
[2024-09-08T23:16:39.116+0800][info] GC(200) Archive regions: 2->2
[2024-09-08T23:16:39.116+0800][info] GC(200) Humongous regions: 0->0
[2024-09-08T23:16:39.116+0800][info] GC(200) Metaspace: 871K(1024K)->871K(1024K) NonClass: 808K(896K)->808K(896K) Class: 63K(128K)->63K(128K)
[2024-09-08T23:16:39.116+0800][info] GC(200) Pause Young (Concurrent Start) (G1 Evacuation Pause) 108M->112M(128M) 2.358ms
[2024-09-08T23:16:39.116+0800][info] GC(200) User=0.01s Sys=0.00s Real=0.00s
[2024-09-08T23:16:39.116+0800][info] GC(201) Concurrent Mark Cycle
[2024-09-08T23:16:39.116+0800][info] GC(201) Concurrent Clear Claimed Marks
[2024-09-08T23:16:39.116+0800][info] GC(201) Concurrent Clear Claimed Marks 0.012ms
[2024-09-08T23:16:39.116+0800][info] GC(201) Concurrent Scan Root Regions
[2024-09-08T23:16:39.116+0800][info] GC(201) Concurrent Scan Root Regions 0.333ms
[2024-09-08T23:16:39.116+0800][info] GC(201) Concurrent Mark
[2024-09-08T23:16:39.116+0800][info] GC(201) Concurrent Mark From Roots
[2024-09-08T23:16:39.116+0800][info] GC(201) Using 12 workers of 12 for marking
[2024-09-08T23:16:39.118+0800][info] GC(201) Concurrent Mark From Roots 2.096ms
[2024-09-08T23:16:39.118+0800][info] GC(201) Concurrent Preclean
[2024-09-08T23:16:39.119+0800][info] GC(201) Concurrent Preclean 0.757ms
[2024-09-08T23:16:39.119+0800][info] GC(201) Pause Remark
[2024-09-08T23:16:39.120+0800][info] GC(201) Pause Remark 113M->113M(128M) 0.994ms
[2024-09-08T23:16:39.120+0800][info] GC(201) User=0.00s Sys=0.00s Real=0.00s
[2024-09-08T23:16:39.120+0800][info] GC(201) Concurrent Mark 3.962ms
[2024-09-08T23:16:39.120+0800][info] GC(201) Concurrent Rebuild Remembered Sets
[2024-09-08T23:16:39.127+0800][info] GC(201) Concurrent Rebuild Remembered Sets 6.482ms
[2024-09-08T23:16:39.127+0800][info] GC(201) Pause Cleanup
[2024-09-08T23:16:39.127+0800][info] GC(201) Pause Cleanup 113M->113M(128M) 0.496ms
[2024-09-08T23:16:39.127+0800][info] GC(201) User=0.00s Sys=0.00s Real=0.00s
[2024-09-08T23:16:39.127+0800][info] GC(201) Concurrent Cleanup for Next Mark
[2024-09-08T23:16:39.127+0800][info] GC(201) Concurrent Cleanup for Next Mark 0.176ms
[2024-09-08T23:16:39.127+0800][info] GC(201) Concurrent Mark Cycle 11.664ms
[2024-09-08T23:16:39.219+0800][info] GC(202) Pause Young (Prepare Mixed) (G1 Preventive Collection)
[2024-09-08T23:16:39.219+0800][info] GC(202) Using 3 workers of 48 for evacuation
[2024-09-08T23:16:39.219+0800][info] GC(202)   Pre Evacuate Collection Set: 0.0ms
[2024-09-08T23:16:39.219+0800][info] GC(202)   Merge Heap Roots: 0.0ms
[2024-09-08T23:16:39.219+0800][info] GC(202)   Evacuate Collection Set: 0.4ms
[2024-09-08T23:16:39.219+0800][info] GC(202)   Post Evacuate Collection Set: 0.1ms
[2024-09-08T23:16:39.219+0800][info] GC(202)   Other: 0.1ms
[2024-09-08T23:16:39.219+0800][info] GC(202) Eden regions: 1->0(1)
[2024-09-08T23:16:39.219+0800][info] GC(202) Survivor regions: 0->1(1)
[2024-09-08T23:16:39.219+0800][info] GC(202) Old regions: 28->28
[2024-09-08T23:16:39.219+0800][info] GC(202) Archive regions: 2->2
[2024-09-08T23:16:39.219+0800][info] GC(202) Humongous regions: 0->0
[2024-09-08T23:16:39.219+0800][info] GC(202) Metaspace: 871K(1024K)->871K(1024K) NonClass: 808K(896K)->808K(896K) Class: 63K(128K)->63K(128K)
[2024-09-08T23:16:39.219+0800][info] GC(202) Pause Young (Prepare Mixed) (G1 Preventive Collection) 116M->116M(128M) 0.756ms
[2024-09-08T23:16:39.219+0800][info] GC(202) User=0.00s Sys=0.00s Real=0.00s
[2024-09-08T23:16:39.230+0800][info] GC(203) Pause Young (Mixed) (G1 Evacuation Pause)
[2024-09-08T23:16:39.230+0800][info] GC(203) Using 3 workers of 48 for evacuation
[2024-09-08T23:16:39.230+0800][info] GC(203) To-space exhausted
[2024-09-08T23:16:39.230+0800][info] GC(203)   Pre Evacuate Collection Set: 0.0ms
[2024-09-08T23:16:39.230+0800][info] GC(203)   Merge Heap Roots: 0.0ms
[2024-09-08T23:16:39.230+0800][info] GC(203)   Evacuate Collection Set: 0.1ms
[2024-09-08T23:16:39.231+0800][info] GC(203)   Post Evacuate Collection Set: 0.1ms
[2024-09-08T23:16:39.231+0800][info] GC(203)   Other: 0.1ms
[2024-09-08T23:16:39.231+0800][info] GC(203) Eden regions: 1->0(1)
[2024-09-08T23:16:39.231+0800][info] GC(203) Survivor regions: 1->0(0)
[2024-09-08T23:16:39.231+0800][info] GC(203) Old regions: 28->30
[2024-09-08T23:16:39.231+0800][info] GC(203) Archive regions: 2->2
[2024-09-08T23:16:39.231+0800][info] GC(203) Humongous regions: 0->0
[2024-09-08T23:16:39.231+0800][info] GC(203) Metaspace: 871K(1024K)->871K(1024K) NonClass: 808K(896K)->808K(896K) Class: 63K(128K)->63K(128K)
[2024-09-08T23:16:39.231+0800][info] GC(203) Pause Young (Mixed) (G1 Evacuation Pause) 120M->120M(128M) 0.379ms
[2024-09-08T23:16:39.231+0800][info] GC(203) User=0.00s Sys=0.00s Real=0.00s
[2024-09-08T23:16:39.231+0800][info] Attempting full compaction
[2024-09-08T23:16:39.231+0800][info] GC(204) Using 1 workers of 48 for full compaction
[2024-09-08T23:16:39.231+0800][info] GC(204) Pause Full (G1 Compaction Pause)
[2024-09-08T23:16:39.231+0800][info] GC(204) Phase 1: Mark live objects
[2024-09-08T23:16:39.234+0800][info] GC(204) Phase 1: Mark live objects 3.456ms
[2024-09-08T23:16:39.234+0800][info] GC(204) Phase 2: Prepare for compaction
[2024-09-08T23:16:39.235+0800][info] GC(204) Phase 2: Prepare for compaction 0.600ms
[2024-09-08T23:16:39.235+0800][info] GC(204) Phase 3: Adjust pointers
[2024-09-08T23:16:39.236+0800][info] GC(204) Phase 3: Adjust pointers 1.450ms
[2024-09-08T23:16:39.236+0800][info] GC(204) Phase 4: Compact heap
[2024-09-08T23:16:39.237+0800][info] GC(204) Phase 4: Compact heap 1.154ms
[2024-09-08T23:16:39.238+0800][info] GC(204) Eden regions: 0->0(12)
[2024-09-08T23:16:39.238+0800][info] GC(204) Survivor regions: 0->0(0)
[2024-09-08T23:16:39.238+0800][info] GC(204) Old regions: 30->1
[2024-09-08T23:16:39.238+0800][info] GC(204) Archive regions: 2->2
[2024-09-08T23:16:39.238+0800][info] GC(204) Humongous regions: 0->0
[2024-09-08T23:16:39.238+0800][info] GC(204) Metaspace: 871K(1024K)->871K(1024K) NonClass: 808K(896K)->808K(896K) Class: 63K(128K)->63K(128K)
[2024-09-08T23:16:39.238+0800][info] GC(204) Pause Full (G1 Compaction Pause) 120M->7M(128M) 7.297ms
[2024-09-08T23:16:39.238+0800][info] GC(204) User=0.01s Sys=0.00s Real=0.01s
[2024-09-08T23:16:39.249+0800][info] GC(205) Pause Young (Normal) (G1 Evacuation Pause)
[2024-09-08T23:16:39.249+0800][info] GC(205) Using 3 workers of 48 for evacuation
[2024-09-08T23:16:39.254+0800][info] GC(205)   Pre Evacuate Collection Set: 0.1ms
[2024-09-08T23:16:39.254+0800][info] GC(205)   Merge Heap Roots: 0.0ms
[2024-09-08T23:16:39.254+0800][info] GC(205)   Evacuate Collection Set: 5.4ms
[2024-09-08T23:16:39.254+0800][info] GC(205)   Post Evacuate Collection Set: 0.1ms
[2024-09-08T23:16:39.254+0800][info] GC(205)   Other: 0.2ms
[2024-09-08T23:16:39.254+0800][info] GC(205) Eden regions: 12->0(5)
[2024-09-08T23:16:39.254+0800][info] GC(205) Survivor regions: 0->2(2)
[2024-09-08T23:16:39.254+0800][info] GC(205) Old regions: 1->11
[2024-09-08T23:16:39.254+0800][info] GC(205) Archive regions: 2->2
[2024-09-08T23:16:39.254+0800][info] GC(205) Humongous regions: 0->0
[2024-09-08T23:16:39.254+0800][info] GC(205) Metaspace: 871K(1024K)->871K(1024K) NonClass: 808K(896K)->808K(896K) Class: 63K(128K)->63K(128K)
[2024-09-08T23:16:39.255+0800][info] GC(205) Pause Young (Normal) (G1 Evacuation Pause) 55M->55M(128M) 5.886ms
[2024-09-08T23:16:39.255+0800][info] GC(205) User=0.02s Sys=0.00s Real=0.00s
[2024-09-08T23:16:39.259+0800][info] GC(206) Pause Young (Normal) (G1 Evacuation Pause)
[2024-09-08T23:16:39.259+0800][info] GC(206) Using 3 workers of 48 for evacuation
[2024-09-08T23:16:39.262+0800][info] GC(206)   Pre Evacuate Collection Set: 0.1ms
[2024-09-08T23:16:39.262+0800][info] GC(206)   Merge Heap Roots: 0.0ms
[2024-09-08T23:16:39.262+0800][info] GC(206)   Evacuate Collection Set: 3.0ms
[2024-09-08T23:16:39.262+0800][info] GC(206)   Post Evacuate Collection Set: 0.1ms
[2024-09-08T23:16:39.262+0800][info] GC(206)   Other: 0.1ms
[2024-09-08T23:16:39.262+0800][info] GC(206) Eden regions: 5->0(3)
[2024-09-08T23:16:39.262+0800][info] GC(206) Survivor regions: 2->1(1)
[2024-09-08T23:16:39.262+0800][info] GC(206) Old regions: 11->17
[2024-09-08T23:16:39.262+0800][info] GC(206) Archive regions: 2->2
[2024-09-08T23:16:39.262+0800][info] GC(206) Humongous regions: 0->0
[2024-09-08T23:16:39.262+0800][info] GC(206) Metaspace: 871K(1024K)->871K(1024K) NonClass: 808K(896K)->808K(896K) Class: 63K(128K)->63K(128K)
[2024-09-08T23:16:39.262+0800][info] GC(206) Pause Young (Normal) (G1 Evacuation Pause) 75M->75M(128M) 3.348ms
[2024-09-08T23:16:39.262+0800][info] GC(206) User=0.01s Sys=0.00s Real=0.00s
[2024-09-08T23:16:39.264+0800][info] GC(207) Pause Young (Concurrent Start) (G1 Evacuation Pause)
[2024-09-08T23:16:39.264+0800][info] GC(207) Using 3 workers of 48 for evacuation
[2024-09-08T23:16:39.266+0800][info] GC(207)   Pre Evacuate Collection Set: 0.0ms
[2024-09-08T23:16:39.266+0800][info] GC(207)   Merge Heap Roots: 0.0ms
[2024-09-08T23:16:39.266+0800][info] GC(207)   Evacuate Collection Set: 1.6ms
[2024-09-08T23:16:39.266+0800][info] GC(207)   Post Evacuate Collection Set: 0.1ms
[2024-09-08T23:16:39.266+0800][info] GC(207)   Other: 0.1ms
[2024-09-08T23:16:39.266+0800][info] GC(207) Eden regions: 3->0(2)
[2024-09-08T23:16:39.266+0800][info] GC(207) Survivor regions: 1->1(1)
[2024-09-08T23:16:39.266+0800][info] GC(207) Old regions: 17->20
[2024-09-08T23:16:39.266+0800][info] GC(207) Archive regions: 2->2
[2024-09-08T23:16:39.266+0800][info] GC(207) Humongous regions: 0->0
[2024-09-08T23:16:39.266+0800][info] GC(207) Metaspace: 871K(1024K)->871K(1024K) NonClass: 808K(896K)->808K(896K) Class: 63K(128K)->63K(128K)
[2024-09-08T23:16:39.266+0800][info] GC(207) Pause Young (Concurrent Start) (G1 Evacuation Pause) 87M->87M(128M) 1.944ms
[2024-09-08T23:16:39.266+0800][info] GC(207) User=0.01s Sys=0.00s Real=0.01s
[2024-09-08T23:16:39.266+0800][info] GC(208) Concurrent Mark Cycle
[2024-09-08T23:16:39.266+0800][info] GC(208) Concurrent Clear Claimed Marks
[2024-09-08T23:16:39.266+0800][info] GC(208) Concurrent Clear Claimed Marks 0.014ms
[2024-09-08T23:16:39.266+0800][info] GC(208) Concurrent Scan Root Regions
[2024-09-08T23:16:39.267+0800][info] GC(208) Concurrent Scan Root Regions 0.433ms
[2024-09-08T23:16:39.267+0800][info] GC(208) Concurrent Mark
[2024-09-08T23:16:39.267+0800][info] GC(208) Concurrent Mark From Roots
[2024-09-08T23:16:39.267+0800][info] GC(208) Using 12 workers of 12 for marking
[2024-09-08T23:16:39.269+0800][info] GC(208) Concurrent Mark From Roots 1.965ms
[2024-09-08T23:16:39.269+0800][info] GC(208) Concurrent Preclean
[2024-09-08T23:16:39.270+0800][info] GC(208) Concurrent Preclean 0.761ms
[2024-09-08T23:16:39.270+0800][info] GC(208) Pause Remark
[2024-09-08T23:16:39.270+0800][info] GC(208) Pause Remark 87M->87M(128M) 0.737ms
[2024-09-08T23:16:39.270+0800][info] GC(208) User=0.01s Sys=0.00s Real=0.00s
[2024-09-08T23:16:39.270+0800][info] GC(208) Concurrent Mark 3.556ms
[2024-09-08T23:16:39.270+0800][info] GC(208) Concurrent Rebuild Remembered Sets
[2024-09-08T23:16:39.270+0800][info] GC(208) Concurrent Rebuild Remembered Sets 0.006ms
[2024-09-08T23:16:39.270+0800][info] GC(208) Pause Cleanup
[2024-09-08T23:16:39.270+0800][info] GC(208) Pause Cleanup 87M->87M(128M) 0.009ms
[2024-09-08T23:16:39.271+0800][info] GC(208) User=0.00s Sys=0.00s Real=0.00s
[2024-09-08T23:16:39.271+0800][info] GC(208) Concurrent Cleanup for Next Mark
[2024-09-08T23:16:39.271+0800][info] GC(208) Concurrent Cleanup for Next Mark 0.178ms
[2024-09-08T23:16:39.271+0800][info] GC(208) Concurrent Mark Cycle 4.336ms
[2024-09-08T23:16:39.369+0800][info] GC(209) Pause Young (Normal) (G1 Evacuation Pause)
[2024-09-08T23:16:39.369+0800][info] GC(209) Using 3 workers of 48 for evacuation
[2024-09-08T23:16:39.370+0800][info] GC(209)   Pre Evacuate Collection Set: 0.0ms
[2024-09-08T23:16:39.370+0800][info] GC(209)   Merge Heap Roots: 0.0ms
[2024-09-08T23:16:39.370+0800][info] GC(209)   Evacuate Collection Set: 1.2ms
[2024-09-08T23:16:39.370+0800][info] GC(209)   Post Evacuate Collection Set: 0.2ms
[2024-09-08T23:16:39.370+0800][info] GC(209)   Other: 0.1ms
[2024-09-08T23:16:39.370+0800][info] GC(209) Eden regions: 2->0(1)
[2024-09-08T23:16:39.370+0800][info] GC(209) Survivor regions: 1->1(1)
[2024-09-08T23:16:39.370+0800][info] GC(209) Old regions: 20->22
[2024-09-08T23:16:39.370+0800][info] GC(209) Archive regions: 2->2
[2024-09-08T23:16:39.370+0800][info] GC(209) Humongous regions: 0->0
[2024-09-08T23:16:39.370+0800][info] GC(209) Metaspace: 871K(1024K)->871K(1024K) NonClass: 808K(896K)->808K(896K) Class: 63K(128K)->63K(128K)
[2024-09-08T23:16:39.370+0800][info] GC(209) Pause Young (Normal) (G1 Evacuation Pause) 95M->95M(128M) 1.515ms
[2024-09-08T23:16:39.370+0800][info] GC(209) User=0.00s Sys=0.00s Real=0.00s
[2024-09-08T23:16:39.371+0800][info] GC(210) Pause Young (Concurrent Start) (G1 Evacuation Pause)
[2024-09-08T23:16:39.371+0800][info] GC(210) Using 3 workers of 48 for evacuation
[2024-09-08T23:16:39.371+0800][info] GC(210)   Pre Evacuate Collection Set: 0.0ms
[2024-09-08T23:16:39.371+0800][info] GC(210)   Merge Heap Roots: 0.0ms
[2024-09-08T23:16:39.371+0800][info] GC(210)   Evacuate Collection Set: 0.7ms
[2024-09-08T23:16:39.371+0800][info] GC(210)   Post Evacuate Collection Set: 0.1ms
[2024-09-08T23:16:39.371+0800][info] GC(210)   Other: 0.1ms
[2024-09-08T23:16:39.371+0800][info] GC(210) Eden regions: 1->0(2)
[2024-09-08T23:16:39.371+0800][info] GC(210) Survivor regions: 1->1(1)
[2024-09-08T23:16:39.371+0800][info] GC(210) Old regions: 22->23
[2024-09-08T23:16:39.371+0800][info] GC(210) Archive regions: 2->2
[2024-09-08T23:16:39.371+0800][info] GC(210) Humongous regions: 0->0
[2024-09-08T23:16:39.371+0800][info] GC(210) Metaspace: 871K(1024K)->871K(1024K) NonClass: 808K(896K)->808K(896K) Class: 63K(128K)->63K(128K)
[2024-09-08T23:16:39.371+0800][info] GC(210) Pause Young (Concurrent Start) (G1 Evacuation Pause) 99M->99M(128M) 0.980ms
[2024-09-08T23:16:39.371+0800][info] GC(210) User=0.00s Sys=0.00s Real=0.00s
[2024-09-08T23:16:39.372+0800][info] GC(211) Concurrent Mark Cycle
[2024-09-08T23:16:39.372+0800][info] GC(211) Concurrent Clear Claimed Marks
[2024-09-08T23:16:39.372+0800][info] GC(211) Concurrent Clear Claimed Marks 0.029ms
[2024-09-08T23:16:39.372+0800][info] GC(211) Concurrent Scan Root Regions
[2024-09-08T23:16:39.372+0800][info] GC(211) Concurrent Scan Root Regions 0.035ms
[2024-09-08T23:16:39.372+0800][info] GC(211) Concurrent Mark
[2024-09-08T23:16:39.372+0800][info] GC(211) Concurrent Mark From Roots
[2024-09-08T23:16:39.372+0800][info] GC(211) Using 12 workers of 12 for marking
[2024-09-08T23:16:39.374+0800][info] GC(211) Concurrent Mark From Roots 1.979ms
[2024-09-08T23:16:39.374+0800][info] GC(211) Concurrent Preclean
[2024-09-08T23:16:39.374+0800][info] GC(211) Concurrent Preclean 0.758ms
[2024-09-08T23:16:39.374+0800][info] GC(211) Pause Remark
[2024-09-08T23:16:39.375+0800][info] GC(211) Pause Remark 99M->99M(128M) 0.794ms
[2024-09-08T23:16:39.375+0800][info] GC(211) User=0.01s Sys=0.00s Real=0.00s
[2024-09-08T23:16:39.375+0800][info] GC(211) Concurrent Mark 3.605ms
[2024-09-08T23:16:39.375+0800][info] GC(211) Concurrent Rebuild Remembered Sets
[2024-09-08T23:16:39.375+0800][info] GC(211) Concurrent Rebuild Remembered Sets 0.007ms
[2024-09-08T23:16:39.375+0800][info] GC(211) Pause Cleanup
[2024-09-08T23:16:39.375+0800][info] GC(211) Pause Cleanup 99M->99M(128M) 0.008ms
[2024-09-08T23:16:39.375+0800][info] GC(211) User=0.00s Sys=0.00s Real=0.00s
[2024-09-08T23:16:39.375+0800][info] GC(211) Concurrent Cleanup for Next Mark
[2024-09-08T23:16:39.375+0800][info] GC(211) Concurrent Cleanup for Next Mark 0.194ms
[2024-09-08T23:16:39.376+0800][info] GC(211) Concurrent Mark Cycle 3.983ms
[2024-09-08T23:16:39.473+0800][info] GC(212) Pause Young (Concurrent Start) (G1 Humongous Allocation)
[2024-09-08T23:16:39.473+0800][info] GC(212) Using 3 workers of 48 for evacuation
[2024-09-08T23:16:39.475+0800][info] GC(212)   Pre Evacuate Collection Set: 0.0ms
[2024-09-08T23:16:39.475+0800][info] GC(212)   Merge Heap Roots: 0.0ms
[2024-09-08T23:16:39.475+0800][info] GC(212)   Evacuate Collection Set: 1.1ms
[2024-09-08T23:16:39.475+0800][info] GC(212)   Post Evacuate Collection Set: 0.1ms
[2024-09-08T23:16:39.475+0800][info] GC(212)   Other: 0.2ms
[2024-09-08T23:16:39.475+0800][info] GC(212) Eden regions: 2->0(1)
[2024-09-08T23:16:39.475+0800][info] GC(212) Survivor regions: 1->1(1)
[2024-09-08T23:16:39.475+0800][info] GC(212) Old regions: 23->25
[2024-09-08T23:16:39.475+0800][info] GC(212) Archive regions: 2->2
[2024-09-08T23:16:39.475+0800][info] GC(212) Humongous regions: 0->0
[2024-09-08T23:16:39.475+0800][info] GC(212) Metaspace: 871K(1024K)->871K(1024K) NonClass: 808K(896K)->808K(896K) Class: 63K(128K)->63K(128K)
[2024-09-08T23:16:39.475+0800][info] GC(212) Pause Young (Concurrent Start) (G1 Humongous Allocation) 105M->105M(128M) 1.443ms
[2024-09-08T23:16:39.475+0800][info] GC(212) User=0.00s Sys=0.00s Real=0.00s
[2024-09-08T23:16:39.475+0800][info] GC(213) Concurrent Mark Cycle
[2024-09-08T23:16:39.475+0800][info] GC(213) Concurrent Clear Claimed Marks
[2024-09-08T23:16:39.475+0800][info] GC(213) Concurrent Clear Claimed Marks 0.011ms
[2024-09-08T23:16:39.475+0800][info] GC(213) Concurrent Scan Root Regions
[2024-09-08T23:16:39.475+0800][info] GC(213) Concurrent Scan Root Regions 0.057ms
[2024-09-08T23:16:39.475+0800][info] GC(213) Concurrent Mark
[2024-09-08T23:16:39.475+0800][info] GC(213) Concurrent Mark From Roots
[2024-09-08T23:16:39.475+0800][info] GC(213) Using 12 workers of 12 for marking
[2024-09-08T23:16:39.475+0800][info] GC(214) Pause Young (Normal) (G1 Preventive Collection)
[2024-09-08T23:16:39.475+0800][info] GC(214) Using 3 workers of 48 for evacuation
[2024-09-08T23:16:39.476+0800][info] GC(214)   Pre Evacuate Collection Set: 0.1ms
[2024-09-08T23:16:39.476+0800][info] GC(214)   Merge Heap Roots: 0.0ms
[2024-09-08T23:16:39.476+0800][info] GC(214)   Evacuate Collection Set: 0.4ms
[2024-09-08T23:16:39.476+0800][info] GC(214)   Post Evacuate Collection Set: 0.1ms
[2024-09-08T23:16:39.476+0800][info] GC(214)   Other: 0.1ms
[2024-09-08T23:16:39.476+0800][info] GC(214) Eden regions: 0->0(1)
[2024-09-08T23:16:39.476+0800][info] GC(214) Survivor regions: 1->0(1)
[2024-09-08T23:16:39.476+0800][info] GC(214) Old regions: 25->26
[2024-09-08T23:16:39.476+0800][info] GC(214) Archive regions: 2->2
[2024-09-08T23:16:39.476+0800][info] GC(214) Humongous regions: 0->0
[2024-09-08T23:16:39.476+0800][info] GC(214) Metaspace: 871K(1024K)->871K(1024K) NonClass: 808K(896K)->808K(896K) Class: 63K(128K)->63K(128K)
[2024-09-08T23:16:39.476+0800][info] GC(214) Pause Young (Normal) (G1 Preventive Collection) 105M->105M(128M) 0.665ms
[2024-09-08T23:16:39.476+0800][info] GC(214) User=0.00s Sys=0.00s Real=0.00s
[2024-09-08T23:16:39.479+0800][info] GC(213) Concurrent Mark From Roots 4.289ms
[2024-09-08T23:16:39.479+0800][info] GC(213) Concurrent Preclean
[2024-09-08T23:16:39.480+0800][info] GC(213) Concurrent Preclean 0.749ms
[2024-09-08T23:16:39.480+0800][info] GC(213) Pause Remark
[2024-09-08T23:16:39.481+0800][info] GC(213) Pause Remark 118M->34M(128M) 0.865ms
[2024-09-08T23:16:39.481+0800][info] GC(213) User=0.00s Sys=0.00s Real=0.00s
[2024-09-08T23:16:39.481+0800][info] GC(213) Concurrent Mark 5.978ms
[2024-09-08T23:16:39.481+0800][info] GC(213) Concurrent Rebuild Remembered Sets
[2024-09-08T23:16:39.483+0800][info] GC(213) Concurrent Rebuild Remembered Sets 1.894ms
[2024-09-08T23:16:39.483+0800][info] GC(213) Pause Cleanup
[2024-09-08T23:16:39.483+0800][info] GC(213) Pause Cleanup 34M->34M(128M) 0.133ms
[2024-09-08T23:16:39.483+0800][info] GC(213) User=0.00s Sys=0.00s Real=0.00s
[2024-09-08T23:16:39.483+0800][info] GC(213) Concurrent Cleanup for Next Mark
[2024-09-08T23:16:39.483+0800][info] GC(213) Concurrent Cleanup for Next Mark 0.241ms
[2024-09-08T23:16:39.483+0800][info] GC(213) Concurrent Mark Cycle 8.466ms
[2024-09-08T23:16:39.623+0800][info] GC(215) Pause Young (Prepare Mixed) (G1 Preventive Collection)
[2024-09-08T23:16:39.623+0800][info] GC(215) Using 3 workers of 48 for evacuation
[2024-09-08T23:16:39.623+0800][info] GC(215)   Pre Evacuate Collection Set: 0.0ms
[2024-09-08T23:16:39.623+0800][info] GC(215)   Merge Heap Roots: 0.0ms
[2024-09-08T23:16:39.623+0800][info] GC(215)   Evacuate Collection Set: 0.1ms
[2024-09-08T23:16:39.623+0800][info] GC(215)   Post Evacuate Collection Set: 0.2ms
[2024-09-08T23:16:39.624+0800][info] GC(215)   Other: 0.2ms
[2024-09-08T23:16:39.624+0800][info] GC(215) Eden regions: 1->0(1)
[2024-09-08T23:16:39.624+0800][info] GC(215) Survivor regions: 0->0(1)
[2024-09-08T23:16:39.624+0800][info] GC(215) Old regions: 5->5
[2024-09-08T23:16:39.624+0800][info] GC(215) Archive regions: 2->2
[2024-09-08T23:16:39.624+0800][info] GC(215) Humongous regions: 21->0
[2024-09-08T23:16:39.624+0800][info] GC(215) Metaspace: 871K(1024K)->871K(1024K) NonClass: 808K(896K)->808K(896K) Class: 63K(128K)->63K(128K)
[2024-09-08T23:16:39.624+0800][info] GC(215) Pause Young (Prepare Mixed) (G1 Preventive Collection) 106M->21M(128M) 0.636ms
[2024-09-08T23:16:39.624+0800][info] GC(215) User=0.00s Sys=0.00s Real=0.00s
[2024-09-08T23:16:39.671+0800][info] GC(216) Pause Young (Mixed) (G1 Preventive Collection)
[2024-09-08T23:16:39.671+0800][info] GC(216) Using 3 workers of 48 for evacuation
[2024-09-08T23:16:39.671+0800][info] GC(216)   Pre Evacuate Collection Set: 0.0ms
[2024-09-08T23:16:39.671+0800][info] GC(216)   Merge Heap Roots: 0.0ms
[2024-09-08T23:16:39.671+0800][info] GC(216)   Evacuate Collection Set: 0.1ms
[2024-09-08T23:16:39.671+0800][info] GC(216)   Post Evacuate Collection Set: 0.2ms
[2024-09-08T23:16:39.671+0800][info] GC(216)   Other: 0.1ms
[2024-09-08T23:16:39.671+0800][info] GC(216) Eden regions: 0->0(8)
[2024-09-08T23:16:39.671+0800][info] GC(216) Survivor regions: 0->0(1)
[2024-09-08T23:16:39.671+0800][info] GC(216) Old regions: 5->4
[2024-09-08T23:16:39.671+0800][info] GC(216) Archive regions: 2->2
[2024-09-08T23:16:39.671+0800][info] GC(216) Humongous regions: 21->0
[2024-09-08T23:16:39.671+0800][info] GC(216) Metaspace: 871K(1024K)->871K(1024K) NonClass: 808K(896K)->808K(896K) Class: 63K(128K)->63K(128K)
[2024-09-08T23:16:39.671+0800][info] GC(216) Pause Young (Mixed) (G1 Preventive Collection) 105M->17M(128M) 0.573ms
[2024-09-08T23:16:39.672+0800][info] GC(216) User=0.00s Sys=0.00s Real=0.00s
[2024-09-08T23:16:39.705+0800][info] GC(217) Pause Young (Concurrent Start) (G1 Humongous Allocation)
[2024-09-08T23:16:39.705+0800][info] GC(217) Using 3 workers of 48 for evacuation
[2024-09-08T23:16:39.706+0800][info] GC(217)   Pre Evacuate Collection Set: 0.0ms
[2024-09-08T23:16:39.706+0800][info] GC(217)   Merge Heap Roots: 0.0ms
[2024-09-08T23:16:39.706+0800][info] GC(217)   Evacuate Collection Set: 0.3ms
[2024-09-08T23:16:39.706+0800][info] GC(217)   Post Evacuate Collection Set: 0.1ms
[2024-09-08T23:16:39.706+0800][info] GC(217)   Other: 0.2ms
[2024-09-08T23:16:39.706+0800][info] GC(217) Eden regions: 0->0(8)
[2024-09-08T23:16:39.706+0800][info] GC(217) Survivor regions: 0->0(1)
[2024-09-08T23:16:39.706+0800][info] GC(217) Old regions: 4->4
[2024-09-08T23:16:39.706+0800][info] GC(217) Archive regions: 2->2
[2024-09-08T23:16:39.706+0800][info] GC(217) Humongous regions: 15->0
[2024-09-08T23:16:39.706+0800][info] GC(217) Metaspace: 871K(1024K)->871K(1024K) NonClass: 808K(896K)->808K(896K) Class: 63K(128K)->63K(128K)
[2024-09-08T23:16:39.706+0800][info] GC(217) Pause Young (Concurrent Start) (G1 Humongous Allocation) 77M->17M(128M) 0.846ms
[2024-09-08T23:16:39.706+0800][info] GC(217) User=0.01s Sys=0.00s Real=0.00s
[2024-09-08T23:16:39.706+0800][info] GC(218) Concurrent Undo Cycle
[2024-09-08T23:16:39.706+0800][info] GC(218) Concurrent Cleanup for Next Mark
[2024-09-08T23:16:39.707+0800][info] GC(218) Concurrent Cleanup for Next Mark 0.244ms
[2024-09-08T23:16:39.707+0800][info] GC(218) Concurrent Undo Cycle 0.303ms
[2024-09-08T23:16:39.720+0800][info] GC(219) Pause Young (Concurrent Start) (G1 Humongous Allocation)
[2024-09-08T23:16:39.720+0800][info] GC(219) Using 3 workers of 48 for evacuation
[2024-09-08T23:16:39.720+0800][info] GC(219)   Pre Evacuate Collection Set: 0.0ms
[2024-09-08T23:16:39.720+0800][info] GC(219)   Merge Heap Roots: 0.0ms
[2024-09-08T23:16:39.720+0800][info] GC(219)   Evacuate Collection Set: 0.2ms
[2024-09-08T23:16:39.720+0800][info] GC(219)   Post Evacuate Collection Set: 0.1ms
[2024-09-08T23:16:39.720+0800][info] GC(219)   Other: 0.3ms
[2024-09-08T23:16:39.720+0800][info] GC(219) Eden regions: 0->0(8)
[2024-09-08T23:16:39.720+0800][info] GC(219) Survivor regions: 0->0(1)
[2024-09-08T23:16:39.721+0800][info] GC(219) Old regions: 4->4
[2024-09-08T23:16:39.721+0800][info] GC(219) Archive regions: 2->2
[2024-09-08T23:16:39.721+0800][info] GC(219) Humongous regions: 6->0
[2024-09-08T23:16:39.721+0800][info] GC(219) Metaspace: 871K(1024K)->871K(1024K) NonClass: 808K(896K)->808K(896K) Class: 63K(128K)->63K(128K)
[2024-09-08T23:16:39.721+0800][info] GC(219) Pause Young (Concurrent Start) (G1 Humongous Allocation) 41M->17M(128M) 0.858ms
[2024-09-08T23:16:39.721+0800][info] GC(219) User=0.00s Sys=0.00s Real=0.00s
[2024-09-08T23:16:39.721+0800][info] GC(220) Concurrent Undo Cycle
[2024-09-08T23:16:39.721+0800][info] GC(220) Concurrent Cleanup for Next Mark
[2024-09-08T23:16:39.721+0800][info] GC(220) Concurrent Cleanup for Next Mark 0.188ms
[2024-09-08T23:16:39.721+0800][info] GC(220) Concurrent Undo Cycle 0.230ms
[2024-09-08T23:16:39.733+0800][info] GC(221) Pause Young (Concurrent Start) (G1 Humongous Allocation)
[2024-09-08T23:16:39.733+0800][info] GC(221) Using 3 workers of 48 for evacuation
[2024-09-08T23:16:39.733+0800][info] GC(221)   Pre Evacuate Collection Set: 0.0ms
[2024-09-08T23:16:39.733+0800][info] GC(221)   Merge Heap Roots: 0.0ms
[2024-09-08T23:16:39.733+0800][info] GC(221)   Evacuate Collection Set: 0.2ms
[2024-09-08T23:16:39.733+0800][info] GC(221)   Post Evacuate Collection Set: 0.1ms
[2024-09-08T23:16:39.733+0800][info] GC(221)   Other: 0.3ms
[2024-09-08T23:16:39.733+0800][info] GC(221) Eden regions: 0->0(8)
[2024-09-08T23:16:39.733+0800][info] GC(221) Survivor regions: 0->0(1)
[2024-09-08T23:16:39.733+0800][info] GC(221) Old regions: 4->4
[2024-09-08T23:16:39.733+0800][info] GC(221) Archive regions: 2->2
[2024-09-08T23:16:39.733+0800][info] GC(221) Humongous regions: 6->0
[2024-09-08T23:16:39.733+0800][info] GC(221) Metaspace: 871K(1024K)->871K(1024K) NonClass: 808K(896K)->808K(896K) Class: 63K(128K)->63K(128K)
[2024-09-08T23:16:39.733+0800][info] GC(221) Pause Young (Concurrent Start) (G1 Humongous Allocation) 41M->17M(128M) 0.838ms
[2024-09-08T23:16:39.733+0800][info] GC(221) User=0.00s Sys=0.00s Real=0.00s
[2024-09-08T23:16:39.733+0800][info] GC(222) Concurrent Undo Cycle
[2024-09-08T23:16:39.733+0800][info] GC(222) Concurrent Cleanup for Next Mark
[2024-09-08T23:16:39.734+0800][info] GC(222) Concurrent Cleanup for Next Mark 0.174ms
[2024-09-08T23:16:39.734+0800][info] GC(222) Concurrent Undo Cycle 0.210ms
[2024-09-08T23:16:39.745+0800][info] GC(223) Pause Young (Concurrent Start) (G1 Humongous Allocation)
[2024-09-08T23:16:39.745+0800][info] GC(223) Using 3 workers of 48 for evacuation
[2024-09-08T23:16:39.746+0800][info] GC(223)   Pre Evacuate Collection Set: 0.0ms
[2024-09-08T23:16:39.746+0800][info] GC(223)   Merge Heap Roots: 0.0ms
[2024-09-08T23:16:39.746+0800][info] GC(223)   Evacuate Collection Set: 0.1ms
[2024-09-08T23:16:39.746+0800][info] GC(223)   Post Evacuate Collection Set: 0.1ms
[2024-09-08T23:16:39.746+0800][info] GC(223)   Other: 0.2ms
[2024-09-08T23:16:39.746+0800][info] GC(223) Eden regions: 0->0(8)
[2024-09-08T23:16:39.746+0800][info] GC(223) Survivor regions: 0->0(1)
[2024-09-08T23:16:39.746+0800][info] GC(223) Old regions: 4->4
[2024-09-08T23:16:39.746+0800][info] GC(223) Archive regions: 2->2
[2024-09-08T23:16:39.746+0800][info] GC(223) Humongous regions: 6->0
[2024-09-08T23:16:39.746+0800][info] GC(223) Metaspace: 871K(1024K)->871K(1024K) NonClass: 808K(896K)->808K(896K) Class: 63K(128K)->63K(128K)
[2024-09-08T23:16:39.746+0800][info] GC(223) Pause Young (Concurrent Start) (G1 Humongous Allocation) 41M->17M(128M) 0.651ms
[2024-09-08T23:16:39.746+0800][info] GC(223) User=0.00s Sys=0.00s Real=0.00s
[2024-09-08T23:16:39.746+0800][info] GC(224) Concurrent Undo Cycle
[2024-09-08T23:16:39.746+0800][info] GC(224) Concurrent Cleanup for Next Mark
[2024-09-08T23:16:39.746+0800][info] GC(224) Concurrent Cleanup for Next Mark 0.138ms
[2024-09-08T23:16:39.746+0800][info] GC(224) Concurrent Undo Cycle 0.172ms
[2024-09-08T23:16:39.758+0800][info] GC(225) Pause Young (Concurrent Start) (G1 Humongous Allocation)
[2024-09-08T23:16:39.758+0800][info] GC(225) Using 3 workers of 48 for evacuation
[2024-09-08T23:16:39.758+0800][info] GC(225)   Pre Evacuate Collection Set: 0.0ms
[2024-09-08T23:16:39.758+0800][info] GC(225)   Merge Heap Roots: 0.0ms
[2024-09-08T23:16:39.758+0800][info] GC(225)   Evacuate Collection Set: 0.1ms
[2024-09-08T23:16:39.758+0800][info] GC(225)   Post Evacuate Collection Set: 0.1ms
[2024-09-08T23:16:39.758+0800][info] GC(225)   Other: 0.2ms
[2024-09-08T23:16:39.758+0800][info] GC(225) Eden regions: 0->0(8)
[2024-09-08T23:16:39.758+0800][info] GC(225) Survivor regions: 0->0(1)
[2024-09-08T23:16:39.758+0800][info] GC(225) Old regions: 4->4
[2024-09-08T23:16:39.758+0800][info] GC(225) Archive regions: 2->2
[2024-09-08T23:16:39.758+0800][info] GC(225) Humongous regions: 6->0
[2024-09-08T23:16:39.758+0800][info] GC(225) Metaspace: 871K(1024K)->871K(1024K) NonClass: 808K(896K)->808K(896K) Class: 63K(128K)->63K(128K)
[2024-09-08T23:16:39.758+0800][info] GC(225) Pause Young (Concurrent Start) (G1 Humongous Allocation) 41M->17M(128M) 0.617ms
[2024-09-08T23:16:39.758+0800][info] GC(225) User=0.00s Sys=0.00s Real=0.00s
[2024-09-08T23:16:39.758+0800][info] GC(226) Concurrent Undo Cycle
[2024-09-08T23:16:39.758+0800][info] GC(226) Concurrent Cleanup for Next Mark
[2024-09-08T23:16:39.759+0800][info] GC(226) Concurrent Cleanup for Next Mark 0.174ms
[2024-09-08T23:16:39.759+0800][info] GC(226) Concurrent Undo Cycle 0.208ms
[2024-09-08T23:16:39.777+0800][info] GC(227) Pause Young (Concurrent Start) (G1 Humongous Allocation)
[2024-09-08T23:16:39.777+0800][info] GC(227) Using 3 workers of 48 for evacuation
[2024-09-08T23:16:39.777+0800][info] GC(227)   Pre Evacuate Collection Set: 0.0ms
[2024-09-08T23:16:39.777+0800][info] GC(227)   Merge Heap Roots: 0.0ms
[2024-09-08T23:16:39.777+0800][info] GC(227)   Evacuate Collection Set: 0.2ms
[2024-09-08T23:16:39.778+0800][info] GC(227)   Post Evacuate Collection Set: 0.1ms
[2024-09-08T23:16:39.778+0800][info] GC(227)   Other: 0.3ms
[2024-09-08T23:16:39.778+0800][info] GC(227) Eden regions: 0->0(8)
[2024-09-08T23:16:39.778+0800][info] GC(227) Survivor regions: 0->0(1)
[2024-09-08T23:16:39.778+0800][info] GC(227) Old regions: 4->4
[2024-09-08T23:16:39.778+0800][info] GC(227) Archive regions: 2->2
[2024-09-08T23:16:39.778+0800][info] GC(227) Humongous regions: 9->0
[2024-09-08T23:16:39.778+0800][info] GC(227) Metaspace: 871K(1024K)->871K(1024K) NonClass: 808K(896K)->808K(896K) Class: 63K(128K)->63K(128K)
[2024-09-08T23:16:39.778+0800][info] GC(227) Pause Young (Concurrent Start) (G1 Humongous Allocation) 53M->17M(128M) 0.801ms
[2024-09-08T23:16:39.778+0800][info] GC(227) User=0.00s Sys=0.00s Real=0.00s
[2024-09-08T23:16:39.778+0800][info] GC(228) Concurrent Undo Cycle
[2024-09-08T23:16:39.778+0800][info] GC(228) Concurrent Cleanup for Next Mark
[2024-09-08T23:16:39.778+0800][info] GC(228) Concurrent Cleanup for Next Mark 0.231ms
[2024-09-08T23:16:39.778+0800][info] GC(228) Concurrent Undo Cycle 0.265ms
[2024-09-08T23:16:39.797+0800][info] GC(229) Pause Young (Concurrent Start) (G1 Humongous Allocation)
[2024-09-08T23:16:39.797+0800][info] GC(229) Using 3 workers of 48 for evacuation
[2024-09-08T23:16:39.797+0800][info] GC(229)   Pre Evacuate Collection Set: 0.0ms
[2024-09-08T23:16:39.797+0800][info] GC(229)   Merge Heap Roots: 0.0ms
[2024-09-08T23:16:39.798+0800][info] GC(229)   Evacuate Collection Set: 0.2ms
[2024-09-08T23:16:39.798+0800][info] GC(229)   Post Evacuate Collection Set: 0.1ms
[2024-09-08T23:16:39.798+0800][info] GC(229)   Other: 0.2ms
[2024-09-08T23:16:39.798+0800][info] GC(229) Eden regions: 0->0(8)
[2024-09-08T23:16:39.798+0800][info] GC(229) Survivor regions: 0->0(1)
[2024-09-08T23:16:39.798+0800][info] GC(229) Old regions: 4->4
[2024-09-08T23:16:39.798+0800][info] GC(229) Archive regions: 2->2
[2024-09-08T23:16:39.798+0800][info] GC(229) Humongous regions: 9->0
[2024-09-08T23:16:39.798+0800][info] GC(229) Metaspace: 871K(1024K)->871K(1024K) NonClass: 808K(896K)->808K(896K) Class: 63K(128K)->63K(128K)
[2024-09-08T23:16:39.798+0800][info] GC(229) Pause Young (Concurrent Start) (G1 Humongous Allocation) 53M->17M(128M) 0.758ms
[2024-09-08T23:16:39.798+0800][info] GC(229) User=0.00s Sys=0.00s Real=0.00s
[2024-09-08T23:16:39.798+0800][info] GC(230) Concurrent Undo Cycle
[2024-09-08T23:16:39.798+0800][info] GC(230) Concurrent Cleanup for Next Mark
[2024-09-08T23:16:39.798+0800][info] GC(230) Concurrent Cleanup for Next Mark 0.215ms
[2024-09-08T23:16:39.798+0800][info] GC(230) Concurrent Undo Cycle 0.252ms
[2024-09-08T23:16:39.817+0800][info] GC(231) Pause Young (Concurrent Start) (G1 Humongous Allocation)
[2024-09-08T23:16:39.817+0800][info] GC(231) Using 3 workers of 48 for evacuation
[2024-09-08T23:16:39.818+0800][info] GC(231)   Pre Evacuate Collection Set: 0.0ms
[2024-09-08T23:16:39.818+0800][info] GC(231)   Merge Heap Roots: 0.0ms
[2024-09-08T23:16:39.818+0800][info] GC(231)   Evacuate Collection Set: 0.1ms
[2024-09-08T23:16:39.818+0800][info] GC(231)   Post Evacuate Collection Set: 0.1ms
[2024-09-08T23:16:39.818+0800][info] GC(231)   Other: 0.2ms
[2024-09-08T23:16:39.818+0800][info] GC(231) Eden regions: 0->0(8)
[2024-09-08T23:16:39.818+0800][info] GC(231) Survivor regions: 0->0(1)
[2024-09-08T23:16:39.818+0800][info] GC(231) Old regions: 4->4
[2024-09-08T23:16:39.818+0800][info] GC(231) Archive regions: 2->2
[2024-09-08T23:16:39.818+0800][info] GC(231) Humongous regions: 9->0
[2024-09-08T23:16:39.818+0800][info] GC(231) Metaspace: 871K(1024K)->871K(1024K) NonClass: 808K(896K)->808K(896K) Class: 63K(128K)->63K(128K)
[2024-09-08T23:16:39.818+0800][info] GC(231) Pause Young (Concurrent Start) (G1 Humongous Allocation) 53M->17M(128M) 0.706ms
[2024-09-08T23:16:39.818+0800][info] GC(231) User=0.00s Sys=0.00s Real=0.00s
[2024-09-08T23:16:39.818+0800][info] GC(232) Concurrent Undo Cycle
[2024-09-08T23:16:39.818+0800][info] GC(232) Concurrent Cleanup for Next Mark
[2024-09-08T23:16:39.818+0800][info] GC(232) Concurrent Cleanup for Next Mark 0.187ms
[2024-09-08T23:16:39.818+0800][info] GC(232) Concurrent Undo Cycle 0.243ms
[2024-09-08T23:16:39.838+0800][info] GC(233) Pause Young (Concurrent Start) (G1 Humongous Allocation)
[2024-09-08T23:16:39.838+0800][info] GC(233) Using 3 workers of 48 for evacuation
[2024-09-08T23:16:39.839+0800][info] GC(233)   Pre Evacuate Collection Set: 0.0ms
[2024-09-08T23:16:39.839+0800][info] GC(233)   Merge Heap Roots: 0.0ms
[2024-09-08T23:16:39.839+0800][info] GC(233)   Evacuate Collection Set: 0.1ms
[2024-09-08T23:16:39.839+0800][info] GC(233)   Post Evacuate Collection Set: 0.1ms
[2024-09-08T23:16:39.839+0800][info] GC(233)   Other: 0.3ms
[2024-09-08T23:16:39.839+0800][info] GC(233) Eden regions: 0->0(8)
[2024-09-08T23:16:39.839+0800][info] GC(233) Survivor regions: 0->0(1)
[2024-09-08T23:16:39.839+0800][info] GC(233) Old regions: 4->4
[2024-09-08T23:16:39.839+0800][info] GC(233) Archive regions: 2->2
[2024-09-08T23:16:39.839+0800][info] GC(233) Humongous regions: 9->0
[2024-09-08T23:16:39.839+0800][info] GC(233) Metaspace: 871K(1024K)->871K(1024K) NonClass: 808K(896K)->808K(896K) Class: 63K(128K)->63K(128K)
[2024-09-08T23:16:39.839+0800][info] GC(233) Pause Young (Concurrent Start) (G1 Humongous Allocation) 53M->17M(128M) 0.776ms
[2024-09-08T23:16:39.839+0800][info] GC(233) User=0.00s Sys=0.00s Real=0.00s
[2024-09-08T23:16:39.839+0800][info] GC(234) Concurrent Undo Cycle
[2024-09-08T23:16:39.839+0800][info] GC(234) Concurrent Cleanup for Next Mark
[2024-09-08T23:16:39.839+0800][info] GC(234) Concurrent Cleanup for Next Mark 0.206ms
[2024-09-08T23:16:39.839+0800][info] GC(234) Concurrent Undo Cycle 0.242ms
[2024-09-08T23:16:39.859+0800][info] GC(235) Pause Young (Concurrent Start) (G1 Humongous Allocation)
[2024-09-08T23:16:39.859+0800][info] GC(235) Using 3 workers of 48 for evacuation
[2024-09-08T23:16:39.860+0800][info] GC(235)   Pre Evacuate Collection Set: 0.0ms
[2024-09-08T23:16:39.860+0800][info] GC(235)   Merge Heap Roots: 0.0ms
[2024-09-08T23:16:39.860+0800][info] GC(235)   Evacuate Collection Set: 0.2ms
[2024-09-08T23:16:39.860+0800][info] GC(235)   Post Evacuate Collection Set: 0.2ms
[2024-09-08T23:16:39.860+0800][info] GC(235)   Other: 0.2ms
[2024-09-08T23:16:39.860+0800][info] GC(235) Eden regions: 0->0(8)
[2024-09-08T23:16:39.860+0800][info] GC(235) Survivor regions: 0->0(1)
[2024-09-08T23:16:39.860+0800][info] GC(235) Old regions: 4->4
[2024-09-08T23:16:39.860+0800][info] GC(235) Archive regions: 2->2
[2024-09-08T23:16:39.860+0800][info] GC(235) Humongous regions: 9->0
[2024-09-08T23:16:39.860+0800][info] GC(235) Metaspace: 871K(1024K)->871K(1024K) NonClass: 808K(896K)->808K(896K) Class: 63K(128K)->63K(128K)
[2024-09-08T23:16:39.860+0800][info] GC(235) Pause Young (Concurrent Start) (G1 Humongous Allocation) 53M->17M(128M) 0.824ms
[2024-09-08T23:16:39.860+0800][info] GC(235) User=0.00s Sys=0.00s Real=0.00s
[2024-09-08T23:16:39.860+0800][info] GC(236) Concurrent Undo Cycle
[2024-09-08T23:16:39.860+0800][info] GC(236) Concurrent Cleanup for Next Mark
[2024-09-08T23:16:39.860+0800][info] GC(236) Concurrent Cleanup for Next Mark 0.164ms
[2024-09-08T23:16:39.860+0800][info] GC(236) Concurrent Undo Cycle 0.195ms
[2024-09-08T23:16:39.881+0800][info] GC(237) Pause Young (Concurrent Start) (G1 Humongous Allocation)
[2024-09-08T23:16:39.881+0800][info] GC(237) Using 3 workers of 48 for evacuation
[2024-09-08T23:16:39.881+0800][info] GC(237)   Pre Evacuate Collection Set: 0.0ms
[2024-09-08T23:16:39.881+0800][info] GC(237)   Merge Heap Roots: 0.1ms
[2024-09-08T23:16:39.881+0800][info] GC(237)   Evacuate Collection Set: 0.2ms
[2024-09-08T23:16:39.881+0800][info] GC(237)   Post Evacuate Collection Set: 0.1ms
[2024-09-08T23:16:39.881+0800][info] GC(237)   Other: 0.2ms
[2024-09-08T23:16:39.881+0800][info] GC(237) Eden regions: 0->0(8)
[2024-09-08T23:16:39.881+0800][info] GC(237) Survivor regions: 0->0(1)
[2024-09-08T23:16:39.881+0800][info] GC(237) Old regions: 4->4
[2024-09-08T23:16:39.881+0800][info] GC(237) Archive regions: 2->2
[2024-09-08T23:16:39.881+0800][info] GC(237) Humongous regions: 9->0
[2024-09-08T23:16:39.881+0800][info] GC(237) Metaspace: 871K(1024K)->871K(1024K) NonClass: 808K(896K)->808K(896K) Class: 63K(128K)->63K(128K)
[2024-09-08T23:16:39.881+0800][info] GC(237) Pause Young (Concurrent Start) (G1 Humongous Allocation) 53M->17M(128M) 0.960ms
[2024-09-08T23:16:39.881+0800][info] GC(237) User=0.01s Sys=0.00s Real=0.00s
[2024-09-08T23:16:39.882+0800][info] GC(238) Concurrent Undo Cycle
[2024-09-08T23:16:39.882+0800][info] GC(238) Concurrent Cleanup for Next Mark
[2024-09-08T23:16:39.882+0800][info] GC(238) Concurrent Cleanup for Next Mark 0.211ms
[2024-09-08T23:16:39.882+0800][info] GC(238) Concurrent Undo Cycle 0.244ms
[2024-09-08T23:16:39.902+0800][info] GC(239) Pause Young (Concurrent Start) (G1 Humongous Allocation)
[2024-09-08T23:16:39.902+0800][info] GC(239) Using 3 workers of 48 for evacuation
[2024-09-08T23:16:39.902+0800][info] GC(239)   Pre Evacuate Collection Set: 0.0ms
[2024-09-08T23:16:39.902+0800][info] GC(239)   Merge Heap Roots: 0.0ms
[2024-09-08T23:16:39.902+0800][info] GC(239)   Evacuate Collection Set: 0.1ms
[2024-09-08T23:16:39.902+0800][info] GC(239)   Post Evacuate Collection Set: 0.1ms
[2024-09-08T23:16:39.902+0800][info] GC(239)   Other: 0.2ms
[2024-09-08T23:16:39.902+0800][info] GC(239) Eden regions: 0->0(8)
[2024-09-08T23:16:39.902+0800][info] GC(239) Survivor regions: 0->0(1)
[2024-09-08T23:16:39.902+0800][info] GC(239) Old regions: 4->4
[2024-09-08T23:16:39.902+0800][info] GC(239) Archive regions: 2->2
[2024-09-08T23:16:39.902+0800][info] GC(239) Humongous regions: 9->0
[2024-09-08T23:16:39.902+0800][info] GC(239) Metaspace: 871K(1024K)->871K(1024K) NonClass: 808K(896K)->808K(896K) Class: 63K(128K)->63K(128K)
[2024-09-08T23:16:39.902+0800][info] GC(239) Pause Young (Concurrent Start) (G1 Humongous Allocation) 53M->17M(128M) 0.681ms
[2024-09-08T23:16:39.902+0800][info] GC(239) User=0.00s Sys=0.00s Real=0.00s
[2024-09-08T23:16:39.902+0800][info] GC(240) Concurrent Undo Cycle
[2024-09-08T23:16:39.902+0800][info] GC(240) Concurrent Cleanup for Next Mark
[2024-09-08T23:16:39.903+0800][info] GC(240) Concurrent Cleanup for Next Mark 0.241ms
[2024-09-08T23:16:39.903+0800][info] GC(240) Concurrent Undo Cycle 0.276ms
[2024-09-08T23:16:39.934+0800][info] GC(241) Pause Young (Normal) (G1 Evacuation Pause)
[2024-09-08T23:16:39.935+0800][info] GC(241) Using 3 workers of 48 for evacuation
[2024-09-08T23:16:39.939+0800][info] GC(241)   Pre Evacuate Collection Set: 0.0ms
[2024-09-08T23:16:39.939+0800][info] GC(241)   Merge Heap Roots: 0.0ms
[2024-09-08T23:16:39.939+0800][info] GC(241)   Evacuate Collection Set: 3.9ms
[2024-09-08T23:16:39.939+0800][info] GC(241)   Post Evacuate Collection Set: 0.2ms
[2024-09-08T23:16:39.939+0800][info] GC(241)   Other: 0.2ms
[2024-09-08T23:16:39.939+0800][info] GC(241) Eden regions: 8->0(5)
[2024-09-08T23:16:39.939+0800][info] GC(241) Survivor regions: 0->1(1)
[2024-09-08T23:16:39.939+0800][info] GC(241) Old regions: 4->11
[2024-09-08T23:16:39.939+0800][info] GC(241) Archive regions: 2->2
[2024-09-08T23:16:39.939+0800][info] GC(241) Humongous regions: 6->0
[2024-09-08T23:16:39.939+0800][info] GC(241) Metaspace: 871K(1024K)->871K(1024K) NonClass: 808K(896K)->808K(896K) Class: 63K(128K)->63K(128K)
[2024-09-08T23:16:39.939+0800][info] GC(241) Pause Young (Normal) (G1 Evacuation Pause) 73M->49M(128M) 4.564ms
[2024-09-08T23:16:39.939+0800][info] GC(241) User=0.02s Sys=0.00s Real=0.01s
[2024-09-08T23:16:39.944+0800][info] GC(242) Pause Young (Normal) (G1 Evacuation Pause)
[2024-09-08T23:16:39.944+0800][info] GC(242) Using 3 workers of 48 for evacuation
[2024-09-08T23:16:39.947+0800][info] GC(242)   Pre Evacuate Collection Set: 0.0ms
[2024-09-08T23:16:39.947+0800][info] GC(242)   Merge Heap Roots: 0.0ms
[2024-09-08T23:16:39.947+0800][info] GC(242)   Evacuate Collection Set: 2.9ms
[2024-09-08T23:16:39.947+0800][info] GC(242)   Post Evacuate Collection Set: 0.1ms
[2024-09-08T23:16:39.947+0800][info] GC(242)   Other: 0.1ms
[2024-09-08T23:16:39.947+0800][info] GC(242) Eden regions: 5->0(3)
[2024-09-08T23:16:39.947+0800][info] GC(242) Survivor regions: 1->1(1)
[2024-09-08T23:16:39.947+0800][info] GC(242) Old regions: 11->16
[2024-09-08T23:16:39.947+0800][info] GC(242) Archive regions: 2->2
[2024-09-08T23:16:39.947+0800][info] GC(242) Humongous regions: 0->0
[2024-09-08T23:16:39.947+0800][info] GC(242) Metaspace: 871K(1024K)->871K(1024K) NonClass: 808K(896K)->808K(896K) Class: 63K(128K)->63K(128K)
[2024-09-08T23:16:39.947+0800][info] GC(242) Pause Young (Normal) (G1 Evacuation Pause) 69M->69M(128M) 3.362ms
[2024-09-08T23:16:39.947+0800][info] GC(242) User=0.01s Sys=0.00s Real=0.01s
[2024-09-08T23:16:39.950+0800][info] GC(243) Pause Young (Normal) (G1 Evacuation Pause)
[2024-09-08T23:16:39.950+0800][info] GC(243) Using 3 workers of 48 for evacuation
[2024-09-08T23:16:39.952+0800][info] GC(243)   Pre Evacuate Collection Set: 0.0ms
[2024-09-08T23:16:39.952+0800][info] GC(243)   Merge Heap Roots: 0.0ms
[2024-09-08T23:16:39.952+0800][info] GC(243)   Evacuate Collection Set: 1.8ms
[2024-09-08T23:16:39.952+0800][info] GC(243)   Post Evacuate Collection Set: 0.1ms
[2024-09-08T23:16:39.952+0800][info] GC(243)   Other: 0.1ms
[2024-09-08T23:16:39.952+0800][info] GC(243) Eden regions: 3->0(2)
[2024-09-08T23:16:39.952+0800][info] GC(243) Survivor regions: 1->1(1)
[2024-09-08T23:16:39.952+0800][info] GC(243) Old regions: 16->19
[2024-09-08T23:16:39.952+0800][info] GC(243) Archive regions: 2->2
[2024-09-08T23:16:39.952+0800][info] GC(243) Humongous regions: 0->0
[2024-09-08T23:16:39.952+0800][info] GC(243) Metaspace: 871K(1024K)->871K(1024K) NonClass: 808K(896K)->808K(896K) Class: 63K(128K)->63K(128K)
[2024-09-08T23:16:39.952+0800][info] GC(243) Pause Young (Normal) (G1 Evacuation Pause) 81M->81M(128M) 2.207ms
[2024-09-08T23:16:39.952+0800][info] GC(243) User=0.01s Sys=0.00s Real=0.00s
[2024-09-08T23:16:39.954+0800][info] GC(244) Pause Young (Concurrent Start) (G1 Evacuation Pause)
[2024-09-08T23:16:39.954+0800][info] GC(244) Using 3 workers of 48 for evacuation
[2024-09-08T23:16:39.955+0800][info] GC(244)   Pre Evacuate Collection Set: 0.0ms
[2024-09-08T23:16:39.955+0800][info] GC(244)   Merge Heap Roots: 0.0ms
[2024-09-08T23:16:39.955+0800][info] GC(244)   Evacuate Collection Set: 1.2ms
[2024-09-08T23:16:39.955+0800][info] GC(244)   Post Evacuate Collection Set: 0.1ms
[2024-09-08T23:16:39.955+0800][info] GC(244)   Other: 0.2ms
[2024-09-08T23:16:39.955+0800][info] GC(244) Eden regions: 2->0(2)
[2024-09-08T23:16:39.955+0800][info] GC(244) Survivor regions: 1->1(1)
[2024-09-08T23:16:39.955+0800][info] GC(244) Old regions: 19->21
[2024-09-08T23:16:39.955+0800][info] GC(244) Archive regions: 2->2
[2024-09-08T23:16:39.955+0800][info] GC(244) Humongous regions: 0->0
[2024-09-08T23:16:39.955+0800][info] GC(244) Metaspace: 871K(1024K)->871K(1024K) NonClass: 808K(896K)->808K(896K) Class: 63K(128K)->63K(128K)
[2024-09-08T23:16:39.955+0800][info] GC(244) Pause Young (Concurrent Start) (G1 Evacuation Pause) 89M->89M(128M) 1.769ms
[2024-09-08T23:16:39.955+0800][info] GC(244) User=0.00s Sys=0.00s Real=0.00s
[2024-09-08T23:16:39.955+0800][info] GC(245) Concurrent Mark Cycle
[2024-09-08T23:16:39.955+0800][info] GC(245) Concurrent Clear Claimed Marks
[2024-09-08T23:16:39.955+0800][info] GC(245) Concurrent Clear Claimed Marks 0.013ms
[2024-09-08T23:16:39.955+0800][info] GC(245) Concurrent Scan Root Regions
[2024-09-08T23:16:39.956+0800][info] GC(245) Concurrent Scan Root Regions 0.042ms
[2024-09-08T23:16:39.956+0800][info] GC(245) Concurrent Mark
[2024-09-08T23:16:39.956+0800][info] GC(245) Concurrent Mark From Roots
[2024-09-08T23:16:39.956+0800][info] GC(245) Using 12 workers of 12 for marking
[2024-09-08T23:16:39.958+0800][info] GC(245) Concurrent Mark From Roots 2.640ms
[2024-09-08T23:16:39.958+0800][info] GC(245) Concurrent Preclean
[2024-09-08T23:16:39.959+0800][info] GC(245) Concurrent Preclean 0.773ms
[2024-09-08T23:16:39.959+0800][info] GC(245) Pause Remark
[2024-09-08T23:16:39.960+0800][info] GC(245) Pause Remark 90M->82M(128M) 1.128ms
[2024-09-08T23:16:39.960+0800][info] GC(245) User=0.01s Sys=0.00s Real=0.00s
[2024-09-08T23:16:39.960+0800][info] GC(245) Concurrent Mark 4.678ms
[2024-09-08T23:16:39.960+0800][info] GC(245) Concurrent Rebuild Remembered Sets
[2024-09-08T23:16:39.960+0800][info] GC(245) Concurrent Rebuild Remembered Sets 0.019ms
[2024-09-08T23:16:39.960+0800][info] GC(245) Pause Cleanup
[2024-09-08T23:16:39.960+0800][info] GC(245) Pause Cleanup 82M->82M(128M) 0.030ms
[2024-09-08T23:16:39.960+0800][info] GC(245) User=0.00s Sys=0.00s Real=0.00s
[2024-09-08T23:16:39.960+0800][info] GC(245) Concurrent Cleanup for Next Mark
[2024-09-08T23:16:39.961+0800][info] GC(245) Concurrent Cleanup for Next Mark 0.178ms
[2024-09-08T23:16:39.961+0800][info] GC(245) Concurrent Mark Cycle 5.141ms
[2024-09-08T23:16:40.059+0800][info] GC(246) Pause Young (Normal) (G1 Evacuation Pause)
[2024-09-08T23:16:40.059+0800][info] GC(246) Using 3 workers of 48 for evacuation
[2024-09-08T23:16:40.061+0800][info] GC(246)   Pre Evacuate Collection Set: 0.0ms
[2024-09-08T23:16:40.061+0800][info] GC(246)   Merge Heap Roots: 0.0ms
[2024-09-08T23:16:40.061+0800][info] GC(246)   Evacuate Collection Set: 1.3ms
[2024-09-08T23:16:40.061+0800][info] GC(246)   Post Evacuate Collection Set: 0.1ms
[2024-09-08T23:16:40.061+0800][info] GC(246)   Other: 0.2ms
[2024-09-08T23:16:40.061+0800][info] GC(246) Eden regions: 2->0(1)
[2024-09-08T23:16:40.061+0800][info] GC(246) Survivor regions: 1->1(1)
[2024-09-08T23:16:40.061+0800][info] GC(246) Old regions: 19->21
[2024-09-08T23:16:40.061+0800][info] GC(246) Archive regions: 2->2
[2024-09-08T23:16:40.061+0800][info] GC(246) Humongous regions: 0->0
[2024-09-08T23:16:40.061+0800][info] GC(246) Metaspace: 871K(1024K)->871K(1024K) NonClass: 808K(896K)->808K(896K) Class: 63K(128K)->63K(128K)
[2024-09-08T23:16:40.061+0800][info] GC(246) Pause Young (Normal) (G1 Evacuation Pause) 89M->89M(128M) 1.931ms
[2024-09-08T23:16:40.061+0800][info] GC(246) User=0.00s Sys=0.00s Real=0.00s
[2024-09-08T23:16:40.062+0800][info] GC(247) Pause Young (Concurrent Start) (G1 Evacuation Pause)
[2024-09-08T23:16:40.062+0800][info] GC(247) Using 3 workers of 48 for evacuation
[2024-09-08T23:16:40.063+0800][info] GC(247)   Pre Evacuate Collection Set: 0.0ms
[2024-09-08T23:16:40.063+0800][info] GC(247)   Merge Heap Roots: 0.0ms
[2024-09-08T23:16:40.063+0800][info] GC(247)   Evacuate Collection Set: 0.8ms
[2024-09-08T23:16:40.063+0800][info] GC(247)   Post Evacuate Collection Set: 0.1ms
[2024-09-08T23:16:40.063+0800][info] GC(247)   Other: 0.2ms
[2024-09-08T23:16:40.063+0800][info] GC(247) Eden regions: 1->0(1)
[2024-09-08T23:16:40.063+0800][info] GC(247) Survivor regions: 1->1(1)
[2024-09-08T23:16:40.063+0800][info] GC(247) Old regions: 21->22
[2024-09-08T23:16:40.063+0800][info] GC(247) Archive regions: 2->2
[2024-09-08T23:16:40.063+0800][info] GC(247) Humongous regions: 0->0
[2024-09-08T23:16:40.063+0800][info] GC(247) Metaspace: 871K(1024K)->871K(1024K) NonClass: 808K(896K)->808K(896K) Class: 63K(128K)->63K(128K)
[2024-09-08T23:16:40.063+0800][info] GC(247) Pause Young (Concurrent Start) (G1 Evacuation Pause) 93M->93M(128M) 1.434ms
[2024-09-08T23:16:40.063+0800][info] GC(247) User=0.01s Sys=0.00s Real=0.00s
[2024-09-08T23:16:40.063+0800][info] GC(248) Concurrent Mark Cycle
[2024-09-08T23:16:40.063+0800][info] GC(248) Concurrent Clear Claimed Marks
[2024-09-08T23:16:40.063+0800][info] GC(248) Concurrent Clear Claimed Marks 0.011ms
[2024-09-08T23:16:40.063+0800][info] GC(248) Concurrent Scan Root Regions
[2024-09-08T23:16:40.064+0800][info] GC(248) Concurrent Scan Root Regions 0.360ms
[2024-09-08T23:16:40.064+0800][info] GC(248) Concurrent Mark
[2024-09-08T23:16:40.064+0800][info] GC(248) Concurrent Mark From Roots
[2024-09-08T23:16:40.064+0800][info] GC(248) Using 12 workers of 12 for marking
[2024-09-08T23:16:40.066+0800][info] GC(248) Concurrent Mark From Roots 2.098ms
[2024-09-08T23:16:40.066+0800][info] GC(248) Concurrent Preclean
[2024-09-08T23:16:40.066+0800][info] GC(248) Concurrent Preclean 0.751ms
[2024-09-08T23:16:40.066+0800][info] GC(248) Pause Remark
[2024-09-08T23:16:40.068+0800][info] GC(248) Pause Remark 93M->93M(128M) 1.083ms
[2024-09-08T23:16:40.068+0800][info] GC(248) User=0.00s Sys=0.00s Real=0.00s
[2024-09-08T23:16:40.068+0800][info] GC(248) Concurrent Mark 4.046ms
[2024-09-08T23:16:40.068+0800][info] GC(248) Concurrent Rebuild Remembered Sets
[2024-09-08T23:16:40.068+0800][info] GC(248) Concurrent Rebuild Remembered Sets 0.007ms
[2024-09-08T23:16:40.068+0800][info] GC(248) Pause Cleanup
[2024-09-08T23:16:40.068+0800][info] GC(248) Pause Cleanup 93M->93M(128M) 0.018ms
[2024-09-08T23:16:40.068+0800][info] GC(248) User=0.00s Sys=0.00s Real=0.00s
[2024-09-08T23:16:40.068+0800][info] GC(248) Concurrent Cleanup for Next Mark
[2024-09-08T23:16:40.068+0800][info] GC(248) Concurrent Cleanup for Next Mark 0.197ms
[2024-09-08T23:16:40.068+0800][info] GC(248) Concurrent Mark Cycle 4.804ms
[2024-09-08T23:16:40.166+0800][info] GC(249) Pause Young (Normal) (G1 Evacuation Pause)
[2024-09-08T23:16:40.166+0800][info] GC(249) Using 3 workers of 48 for evacuation
[2024-09-08T23:16:40.167+0800][info] GC(249)   Pre Evacuate Collection Set: 0.0ms
[2024-09-08T23:16:40.167+0800][info] GC(249)   Merge Heap Roots: 0.0ms
[2024-09-08T23:16:40.167+0800][info] GC(249)   Evacuate Collection Set: 0.9ms
[2024-09-08T23:16:40.167+0800][info] GC(249)   Post Evacuate Collection Set: 0.1ms
[2024-09-08T23:16:40.167+0800][info] GC(249)   Other: 0.1ms
[2024-09-08T23:16:40.167+0800][info] GC(249) Eden regions: 1->0(1)
[2024-09-08T23:16:40.167+0800][info] GC(249) Survivor regions: 1->1(1)
[2024-09-08T23:16:40.167+0800][info] GC(249) Old regions: 22->23
[2024-09-08T23:16:40.168+0800][info] GC(249) Archive regions: 2->2
[2024-09-08T23:16:40.168+0800][info] GC(249) Humongous regions: 0->0
[2024-09-08T23:16:40.168+0800][info] GC(249) Metaspace: 871K(1024K)->871K(1024K) NonClass: 808K(896K)->808K(896K) Class: 63K(128K)->63K(128K)
[2024-09-08T23:16:40.168+0800][info] GC(249) Pause Young (Normal) (G1 Evacuation Pause) 97M->97M(128M) 1.400ms
[2024-09-08T23:16:40.168+0800][info] GC(249) User=0.00s Sys=0.00s Real=0.00s
[2024-09-08T23:16:40.168+0800][info] GC(250) Pause Young (Concurrent Start) (G1 Evacuation Pause)
[2024-09-08T23:16:40.168+0800][info] GC(250) Using 3 workers of 48 for evacuation
[2024-09-08T23:16:40.169+0800][info] GC(250)   Pre Evacuate Collection Set: 0.0ms
[2024-09-08T23:16:40.169+0800][info] GC(250)   Merge Heap Roots: 0.0ms
[2024-09-08T23:16:40.169+0800][info] GC(250)   Evacuate Collection Set: 0.9ms
[2024-09-08T23:16:40.169+0800][info] GC(250)   Post Evacuate Collection Set: 0.1ms
[2024-09-08T23:16:40.170+0800][info] GC(250)   Other: 0.2ms
[2024-09-08T23:16:40.170+0800][info] GC(250) Eden regions: 1->0(1)
[2024-09-08T23:16:40.170+0800][info] GC(250) Survivor regions: 1->1(1)
[2024-09-08T23:16:40.170+0800][info] GC(250) Old regions: 23->24
[2024-09-08T23:16:40.170+0800][info] GC(250) Archive regions: 2->2
[2024-09-08T23:16:40.170+0800][info] GC(250) Humongous regions: 0->0
[2024-09-08T23:16:40.170+0800][info] GC(250) Metaspace: 871K(1024K)->871K(1024K) NonClass: 808K(896K)->808K(896K) Class: 63K(128K)->63K(128K)
[2024-09-08T23:16:40.170+0800][info] GC(250) Pause Young (Concurrent Start) (G1 Evacuation Pause) 101M->101M(128M) 1.490ms
[2024-09-08T23:16:40.170+0800][info] GC(250) User=0.01s Sys=0.00s Real=0.00s
[2024-09-08T23:16:40.170+0800][info] GC(251) Concurrent Mark Cycle
[2024-09-08T23:16:40.170+0800][info] GC(251) Concurrent Clear Claimed Marks
[2024-09-08T23:16:40.170+0800][info] GC(251) Concurrent Clear Claimed Marks 0.011ms
[2024-09-08T23:16:40.170+0800][info] GC(251) Concurrent Scan Root Regions
[2024-09-08T23:16:40.170+0800][info] GC(251) Concurrent Scan Root Regions 0.031ms
[2024-09-08T23:16:40.170+0800][info] GC(251) Concurrent Mark
[2024-09-08T23:16:40.170+0800][info] GC(251) Concurrent Mark From Roots
[2024-09-08T23:16:40.170+0800][info] GC(251) Using 12 workers of 12 for marking
[2024-09-08T23:16:40.172+0800][info] GC(251) Concurrent Mark From Roots 2.005ms
[2024-09-08T23:16:40.172+0800][info] GC(251) Concurrent Preclean
[2024-09-08T23:16:40.173+0800][info] GC(251) Concurrent Preclean 0.893ms
[2024-09-08T23:16:40.173+0800][info] GC(251) Pause Remark
[2024-09-08T23:16:40.174+0800][info] GC(251) Pause Remark 101M->101M(128M) 0.991ms
[2024-09-08T23:16:40.174+0800][info] GC(251) User=0.00s Sys=0.00s Real=0.00s
[2024-09-08T23:16:40.174+0800][info] GC(251) Concurrent Mark 4.084ms
[2024-09-08T23:16:40.174+0800][info] GC(251) Concurrent Rebuild Remembered Sets
[2024-09-08T23:16:40.174+0800][info] GC(251) Concurrent Rebuild Remembered Sets 0.007ms
[2024-09-08T23:16:40.174+0800][info] GC(251) Pause Cleanup
[2024-09-08T23:16:40.174+0800][info] GC(251) Pause Cleanup 101M->101M(128M) 0.025ms
[2024-09-08T23:16:40.174+0800][info] GC(251) User=0.00s Sys=0.00s Real=0.00s
[2024-09-08T23:16:40.174+0800][info] GC(251) Concurrent Cleanup for Next Mark
[2024-09-08T23:16:40.174+0800][info] GC(251) Concurrent Cleanup for Next Mark 0.201ms
[2024-09-08T23:16:40.174+0800][info] GC(251) Concurrent Mark Cycle 4.521ms
[2024-09-08T23:16:40.272+0800][info] GC(252) Pause Young (Normal) (G1 Preventive Collection)
[2024-09-08T23:16:40.272+0800][info] GC(252) Using 3 workers of 48 for evacuation
[2024-09-08T23:16:40.273+0800][info] GC(252)   Pre Evacuate Collection Set: 0.0ms
[2024-09-08T23:16:40.273+0800][info] GC(252)   Merge Heap Roots: 0.0ms
[2024-09-08T23:16:40.273+0800][info] GC(252)   Evacuate Collection Set: 0.9ms
[2024-09-08T23:16:40.273+0800][info] GC(252)   Post Evacuate Collection Set: 0.1ms
[2024-09-08T23:16:40.273+0800][info] GC(252)   Other: 0.1ms
[2024-09-08T23:16:40.273+0800][info] GC(252) Eden regions: 1->0(1)
[2024-09-08T23:16:40.273+0800][info] GC(252) Survivor regions: 1->1(1)
[2024-09-08T23:16:40.273+0800][info] GC(252) Old regions: 24->25
[2024-09-08T23:16:40.273+0800][info] GC(252) Archive regions: 2->2
[2024-09-08T23:16:40.273+0800][info] GC(252) Humongous regions: 0->0
[2024-09-08T23:16:40.273+0800][info] GC(252) Metaspace: 871K(1024K)->871K(1024K) NonClass: 808K(896K)->808K(896K) Class: 63K(128K)->63K(128K)
[2024-09-08T23:16:40.273+0800][info] GC(252) Pause Young (Normal) (G1 Preventive Collection) 105M->105M(128M) 1.395ms
[2024-09-08T23:16:40.273+0800][info] GC(252) User=0.01s Sys=0.00s Real=0.00s
[2024-09-08T23:16:40.274+0800][info] GC(253) Pause Young (Concurrent Start) (G1 Preventive Collection)
[2024-09-08T23:16:40.274+0800][info] GC(253) Using 3 workers of 48 for evacuation
[2024-09-08T23:16:40.275+0800][info] GC(253)   Pre Evacuate Collection Set: 0.0ms
[2024-09-08T23:16:40.275+0800][info] GC(253)   Merge Heap Roots: 0.0ms
[2024-09-08T23:16:40.275+0800][info] GC(253)   Evacuate Collection Set: 0.8ms
[2024-09-08T23:16:40.275+0800][info] GC(253)   Post Evacuate Collection Set: 0.1ms
[2024-09-08T23:16:40.275+0800][info] GC(253)   Other: 0.2ms
[2024-09-08T23:16:40.275+0800][info] GC(253) Eden regions: 1->0(1)
[2024-09-08T23:16:40.275+0800][info] GC(253) Survivor regions: 1->1(1)
[2024-09-08T23:16:40.275+0800][info] GC(253) Old regions: 25->26
[2024-09-08T23:16:40.275+0800][info] GC(253) Archive regions: 2->2
[2024-09-08T23:16:40.275+0800][info] GC(253) Humongous regions: 0->0
[2024-09-08T23:16:40.275+0800][info] GC(253) Metaspace: 871K(1024K)->871K(1024K) NonClass: 808K(896K)->808K(896K) Class: 63K(128K)->63K(128K)
[2024-09-08T23:16:40.275+0800][info] GC(253) Pause Young (Concurrent Start) (G1 Preventive Collection) 109M->109M(128M) 1.427ms
[2024-09-08T23:16:40.275+0800][info] GC(253) User=0.00s Sys=0.00s Real=0.00s
[2024-09-08T23:16:40.275+0800][info] GC(254) Concurrent Mark Cycle
[2024-09-08T23:16:40.275+0800][info] GC(254) Concurrent Clear Claimed Marks
[2024-09-08T23:16:40.276+0800][info] GC(254) Concurrent Clear Claimed Marks 0.017ms
[2024-09-08T23:16:40.276+0800][info] GC(254) Concurrent Scan Root Regions
[2024-09-08T23:16:40.276+0800][info] GC(254) Concurrent Scan Root Regions 0.058ms
[2024-09-08T23:16:40.276+0800][info] GC(254) Concurrent Mark
[2024-09-08T23:16:40.276+0800][info] GC(254) Concurrent Mark From Roots
[2024-09-08T23:16:40.276+0800][info] GC(254) Using 12 workers of 12 for marking
[2024-09-08T23:16:40.279+0800][info] GC(254) Concurrent Mark From Roots 3.391ms
[2024-09-08T23:16:40.279+0800][info] GC(254) Concurrent Preclean
[2024-09-08T23:16:40.281+0800][info] GC(254) Concurrent Preclean 1.647ms
[2024-09-08T23:16:40.281+0800][info] GC(254) Pause Remark
[2024-09-08T23:16:40.282+0800][info] GC(254) Pause Remark 109M->109M(128M) 1.059ms
[2024-09-08T23:16:40.282+0800][info] GC(254) User=0.00s Sys=0.01s Real=0.00s
[2024-09-08T23:16:40.282+0800][info] GC(254) Concurrent Mark 6.292ms
[2024-09-08T23:16:40.282+0800][info] GC(254) Concurrent Rebuild Remembered Sets
[2024-09-08T23:16:40.282+0800][info] GC(254) Concurrent Rebuild Remembered Sets 0.018ms
[2024-09-08T23:16:40.282+0800][info] GC(254) Pause Cleanup
[2024-09-08T23:16:40.282+0800][info] GC(254) Pause Cleanup 109M->109M(128M) 0.021ms
[2024-09-08T23:16:40.282+0800][info] GC(254) User=0.00s Sys=0.00s Real=0.00s
[2024-09-08T23:16:40.282+0800][info] GC(254) Concurrent Cleanup for Next Mark
[2024-09-08T23:16:40.282+0800][info] GC(254) Concurrent Cleanup for Next Mark 0.185ms
[2024-09-08T23:16:40.282+0800][info] GC(254) Concurrent Mark Cycle 6.821ms
[2024-09-08T23:16:40.389+0800][info] GC(255) Pause Young (Concurrent Start) (WhiteBox Initiated Concurrent Mark)
[2024-09-08T23:16:40.389+0800][info] GC(255) Using 3 workers of 48 for evacuation
[2024-09-08T23:16:40.390+0800][info] GC(255)   Pre Evacuate Collection Set: 0.0ms
[2024-09-08T23:16:40.390+0800][info] GC(255)   Merge Heap Roots: 0.0ms
[2024-09-08T23:16:40.390+0800][info] GC(255)   Evacuate Collection Set: 0.7ms
[2024-09-08T23:16:40.390+0800][info] GC(255)   Post Evacuate Collection Set: 0.1ms
[2024-09-08T23:16:40.390+0800][info] GC(255)   Other: 0.3ms
[2024-09-08T23:16:40.390+0800][info] GC(255) Eden regions: 1->0(1)
[2024-09-08T23:16:40.390+0800][info] GC(255) Survivor regions: 1->1(1)
[2024-09-08T23:16:40.390+0800][info] GC(255) Old regions: 26->27
[2024-09-08T23:16:40.390+0800][info] GC(255) Archive regions: 2->2
[2024-09-08T23:16:40.390+0800][info] GC(255) Humongous regions: 0->0
[2024-09-08T23:16:40.390+0800][info] GC(255) Metaspace: 871K(1024K)->871K(1024K) NonClass: 808K(896K)->808K(896K) Class: 63K(128K)->63K(128K)
[2024-09-08T23:16:40.390+0800][info] GC(255) Pause Young (Concurrent Start) (WhiteBox Initiated Concurrent Mark) 111M->110M(128M) 1.321ms
[2024-09-08T23:16:40.391+0800][info] GC(255) User=0.00s Sys=0.00s Real=0.00s
[2024-09-08T23:16:40.391+0800][info] GC(256) Concurrent Mark Cycle
[2024-09-08T23:16:40.391+0800][info] GC(256) Concurrent Clear Claimed Marks
[2024-09-08T23:16:40.391+0800][info] GC(256) Concurrent Clear Claimed Marks 0.016ms
[2024-09-08T23:16:40.391+0800][info] GC(256) Concurrent Scan Root Regions
[2024-09-08T23:16:40.391+0800][info] GC(256) Concurrent Scan Root Regions 0.063ms
[2024-09-08T23:16:40.391+0800][info] GC(256) Concurrent Mark
[2024-09-08T23:16:40.391+0800][info] GC(256) Concurrent Mark From Roots
[2024-09-08T23:16:40.391+0800][info] GC(256) Using 12 workers of 12 for marking
[2024-09-08T23:16:40.391+0800][info] GC(257) Pause Young (Normal) (G1 Preventive Collection)
[2024-09-08T23:16:40.391+0800][info] GC(257) Using 3 workers of 48 for evacuation
[2024-09-08T23:16:40.391+0800][info] GC(257)   Pre Evacuate Collection Set: 0.1ms
[2024-09-08T23:16:40.391+0800][info] GC(257)   Merge Heap Roots: 0.0ms
[2024-09-08T23:16:40.391+0800][info] GC(257)   Evacuate Collection Set: 0.1ms
[2024-09-08T23:16:40.391+0800][info] GC(257)   Post Evacuate Collection Set: 0.1ms
[2024-09-08T23:16:40.391+0800][info] GC(257)   Other: 0.1ms
[2024-09-08T23:16:40.391+0800][info] GC(257) Eden regions: 0->0(1)
[2024-09-08T23:16:40.391+0800][info] GC(257) Survivor regions: 1->1(1)
[2024-09-08T23:16:40.391+0800][info] GC(257) Old regions: 27->27
[2024-09-08T23:16:40.391+0800][info] GC(257) Archive regions: 2->2
[2024-09-08T23:16:40.391+0800][info] GC(257) Humongous regions: 0->0
[2024-09-08T23:16:40.391+0800][info] GC(257) Metaspace: 871K(1024K)->871K(1024K) NonClass: 808K(896K)->808K(896K) Class: 63K(128K)->63K(128K)
[2024-09-08T23:16:40.391+0800][info] GC(257) Pause Young (Normal) (G1 Preventive Collection) 110M->110M(128M) 0.537ms
[2024-09-08T23:16:40.391+0800][info] GC(257) User=0.00s Sys=0.00s Real=0.00s
[2024-09-08T23:16:40.393+0800][info] GC(256) Concurrent Mark From Roots 2.700ms
[2024-09-08T23:16:40.393+0800][info] GC(256) Concurrent Preclean
[2024-09-08T23:16:40.394+0800][info] GC(256) Concurrent Preclean 0.771ms
[2024-09-08T23:16:40.394+0800][info] GC(256) Pause Remark
[2024-09-08T23:16:40.395+0800][info] GC(256) Pause Remark 111M->15M(128M) 1.093ms
[2024-09-08T23:16:40.395+0800][info] GC(256) User=0.00s Sys=0.00s Real=0.00s
[2024-09-08T23:16:40.395+0800][info] GC(256) Concurrent Mark 4.726ms
[2024-09-08T23:16:40.395+0800][info] GC(256) Concurrent Rebuild Remembered Sets
[2024-09-08T23:16:40.395+0800][info] GC(256) Concurrent Rebuild Remembered Sets 0.007ms
[2024-09-08T23:16:40.395+0800][info] GC(256) Pause Cleanup
[2024-09-08T23:16:40.395+0800][info] GC(256) Pause Cleanup 15M->15M(128M) 0.026ms
[2024-09-08T23:16:40.396+0800][info] GC(256) User=0.00s Sys=0.00s Real=0.00s
[2024-09-08T23:16:40.396+0800][info] GC(256) Concurrent Cleanup for Next Mark
[2024-09-08T23:16:40.396+0800][info] GC(256) Concurrent Cleanup for Next Mark 0.182ms
[2024-09-08T23:16:40.396+0800][info] GC(256) Concurrent Mark Cycle 5.206ms
[2024-09-08T23:16:41.393+0800][info] GC(258) Pause Young (Concurrent Start) (WhiteBox Initiated Concurrent Mark)
[2024-09-08T23:16:41.393+0800][info] GC(258) Using 3 workers of 48 for evacuation
[2024-09-08T23:16:41.394+0800][info] GC(258)   Pre Evacuate Collection Set: 0.0ms
[2024-09-08T23:16:41.394+0800][info] GC(258)   Merge Heap Roots: 0.0ms
[2024-09-08T23:16:41.394+0800][info] GC(258)   Evacuate Collection Set: 0.2ms
[2024-09-08T23:16:41.394+0800][info] GC(258)   Post Evacuate Collection Set: 0.4ms
[2024-09-08T23:16:41.394+0800][info] GC(258)   Other: 0.2ms
[2024-09-08T23:16:41.394+0800][info] GC(258) Eden regions: 1->0(9)
[2024-09-08T23:16:41.394+0800][info] GC(258) Survivor regions: 1->1(1)
[2024-09-08T23:16:41.394+0800][info] GC(258) Old regions: 3->3
[2024-09-08T23:16:41.394+0800][info] GC(258) Archive regions: 2->2
[2024-09-08T23:16:41.394+0800][info] GC(258) Humongous regions: 0->0
[2024-09-08T23:16:41.394+0800][info] GC(258) Metaspace: 872K(1024K)->872K(1024K) NonClass: 808K(896K)->808K(896K) Class: 63K(128K)->63K(128K)
[2024-09-08T23:16:41.394+0800][info] GC(258) Pause Young (Concurrent Start) (WhiteBox Initiated Concurrent Mark) 15M->13M(128M) 0.873ms
[2024-09-08T23:16:41.394+0800][info] GC(258) User=0.00s Sys=0.00s Real=0.00s
[2024-09-08T23:16:41.394+0800][info] GC(259) Concurrent Mark Cycle
[2024-09-08T23:16:41.394+0800][info] GC(259) Concurrent Clear Claimed Marks
[2024-09-08T23:16:41.394+0800][info] GC(259) Concurrent Clear Claimed Marks 0.012ms
[2024-09-08T23:16:41.394+0800][info] GC(259) Concurrent Scan Root Regions
[2024-09-08T23:16:41.394+0800][info] GC(259) Concurrent Scan Root Regions 0.060ms
[2024-09-08T23:16:41.394+0800][info] GC(259) Concurrent Mark
[2024-09-08T23:16:41.394+0800][info] GC(259) Concurrent Mark From Roots
[2024-09-08T23:16:41.394+0800][info] GC(259) Using 12 workers of 12 for marking
[2024-09-08T23:16:41.396+0800][info] GC(259) Concurrent Mark From Roots 1.868ms
[2024-09-08T23:16:41.396+0800][info] GC(259) Concurrent Preclean
[2024-09-08T23:16:41.397+0800][info] GC(259) Concurrent Preclean 0.767ms
[2024-09-08T23:16:41.397+0800][info] GC(259) Pause Remark
[2024-09-08T23:16:41.398+0800][info] GC(259) Pause Remark 14M->8M(128M) 0.737ms
[2024-09-08T23:16:41.398+0800][info] GC(259) User=0.00s Sys=0.00s Real=0.00s
[2024-09-08T23:16:41.398+0800][info] GC(259) Concurrent Mark 3.447ms
[2024-09-08T23:16:41.398+0800][info] GC(259) Concurrent Rebuild Remembered Sets
[2024-09-08T23:16:41.398+0800][info] GC(259) Concurrent Rebuild Remembered Sets 0.006ms
[2024-09-08T23:16:41.398+0800][info] GC(259) Pause Cleanup
[2024-09-08T23:16:41.398+0800][info] GC(259) Pause Cleanup 8M->8M(128M) 0.008ms
[2024-09-08T23:16:41.398+0800][info] GC(259) User=0.00s Sys=0.00s Real=0.00s
[2024-09-08T23:16:41.398+0800][info] GC(259) Concurrent Cleanup for Next Mark
[2024-09-08T23:16:41.398+0800][info] GC(259) Concurrent Cleanup for Next Mark 0.179ms
[2024-09-08T23:16:41.398+0800][info] GC(259) Concurrent Mark Cycle 3.821ms
[2024-09-08T23:16:42.396+0800][info] Heap
[2024-09-08T23:16:42.396+0800][info]  garbage-first heap   total 131072K, used 9215K [0x00000000f8000000, 0x0000000100000000)
[2024-09-08T23:16:42.396+0800][info]   region size 4096K, 2 young (8192K), 1 survivors (4096K)
[2024-09-08T23:16:42.396+0800][info]  Metaspace       used 881K, committed 1024K, reserved 1114112K
[2024-09-08T23:16:42.396+0800][info]   class space    used 63K, committed 128K, reserved 1048576K
