[2024-09-08T23:16:43.417+0800][info] Using G1
[2024-09-08T23:16:43.419+0800][info] Version: 17.0.11-internal+0-adhoc.cxl.TencentKona-17-TencentKona-17.0.11 (release)
[2024-09-08T23:16:43.419+0800][info] CPUs: 72 total, 72 available
[2024-09-08T23:16:43.419+0800][info] Memory: 125G
[2024-09-08T23:16:43.419+0800][info] Large Page Support: Disabled
[2024-09-08T23:16:43.419+0800][info] NUMA Support: Disabled
[2024-09-08T23:16:43.419+0800][info] Compressed Oops: Enabled (32-bit)
[2024-09-08T23:16:43.419+0800][info] Heap Region Size: 4M
[2024-09-08T23:16:43.419+0800][info] Heap Min Capacity: 128M
[2024-09-08T23:16:43.419+0800][info] Heap Initial Capacity: 128M
[2024-09-08T23:16:43.419+0800][info] Heap Max Capacity: 128M
[2024-09-08T23:16:43.419+0800][info] Pre-touch: Disabled
[2024-09-08T23:16:43.419+0800][info] Parallel Workers: 48
[2024-09-08T23:16:43.419+0800][info] Concurrent Workers: 12
[2024-09-08T23:16:43.419+0800][info] Concurrent Refinement Workers: 48
[2024-09-08T23:16:43.419+0800][info] Periodic GC: Disabled
[2024-09-08T23:16:43.429+0800][info] CDS archive(s) mapped at: [0x00007aa5df000000-0x00007aa5dfbc7000-0x00007aa5dfbc7000), size 12349440, SharedBaseAddress: 0x00007aa5df000000, ArchiveRelocationMode: 1.
[2024-09-08T23:16:43.429+0800][info] Compressed class space mapped at: 0x00007aa5e0000000-0x00007aa620000000, reserved size: 1073741824
[2024-09-08T23:16:43.429+0800][info] Narrow klass base: 0x00007aa5df000000, Narrow klass shift: 0, Narrow klass range: 0x100000000
[2024-09-08T23:16:43.496+0800][info] GC(0) Pause Young (Normal) (G1 Evacuation Pause)
[2024-09-08T23:16:43.497+0800][info] GC(0) Using 3 workers of 48 for evacuation
[2024-09-08T23:16:43.499+0800][info] GC(0)   Pre Evacuate Collection Set: 0.0ms
[2024-09-08T23:16:43.499+0800][info] GC(0)   Merge Heap Roots: 0.0ms
[2024-09-08T23:16:43.499+0800][info] GC(0)   Evacuate Collection Set: 1.7ms
[2024-09-08T23:16:43.499+0800][info] GC(0)   Post Evacuate Collection Set: 0.4ms
[2024-09-08T23:16:43.499+0800][info] GC(0)   Other: 0.4ms
[2024-09-08T23:16:43.499+0800][info] GC(0) Eden regions: 1->0(1)
[2024-09-08T23:16:43.499+0800][info] GC(0) Survivor regions: 0->1(1)
[2024-09-08T23:16:43.499+0800][info] GC(0) Old regions: 0->0
[2024-09-08T23:16:43.499+0800][info] GC(0) Archive regions: 2->2
[2024-09-08T23:16:43.499+0800][info] GC(0) Humongous regions: 0->0
[2024-09-08T23:16:43.499+0800][info] GC(0) Metaspace: 604K(704K)->604K(704K) NonClass: 550K(576K)->550K(576K) Class: 53K(128K)->53K(128K)
[2024-09-08T23:16:43.499+0800][info] GC(0) Pause Young (Normal) (G1 Evacuation Pause) 7M->7M(128M) 2.543ms
[2024-09-08T23:16:43.499+0800][info] GC(0) User=0.01s Sys=0.00s Real=0.01s
[2024-09-08T23:16:43.499+0800][info] GC(1) Pause Young (Normal) (G1 Evacuation Pause)
[2024-09-08T23:16:43.499+0800][info] GC(1) Using 3 workers of 48 for evacuation
[2024-09-08T23:16:43.503+0800][info] GC(1)   Pre Evacuate Collection Set: 0.0ms
[2024-09-08T23:16:43.503+0800][info] GC(1)   Merge Heap Roots: 0.0ms
[2024-09-08T23:16:43.503+0800][info] GC(1)   Evacuate Collection Set: 3.1ms
[2024-09-08T23:16:43.503+0800][info] GC(1)   Post Evacuate Collection Set: 0.2ms
[2024-09-08T23:16:43.503+0800][info] GC(1)   Other: 0.1ms
[2024-09-08T23:16:43.503+0800][info] GC(1) Eden regions: 1->0(1)
[2024-09-08T23:16:43.503+0800][info] GC(1) Survivor regions: 1->1(1)
[2024-09-08T23:16:43.503+0800][info] GC(1) Old regions: 0->1
[2024-09-08T23:16:43.503+0800][info] GC(1) Archive regions: 2->2
[2024-09-08T23:16:43.503+0800][info] GC(1) Humongous regions: 0->0
[2024-09-08T23:16:43.503+0800][info] GC(1) Metaspace: 604K(704K)->604K(704K) NonClass: 550K(576K)->550K(576K) Class: 53K(128K)->53K(128K)
[2024-09-08T23:16:43.503+0800][info] GC(1) Pause Young (Normal) (G1 Evacuation Pause) 11M->10M(128M) 3.574ms
[2024-09-08T23:16:43.503+0800][info] GC(1) User=0.01s Sys=0.01s Real=0.00s
[2024-09-08T23:16:43.503+0800][info] GC(2) Pause Young (Normal) (G1 Evacuation Pause)
[2024-09-08T23:16:43.504+0800][info] GC(2) Using 3 workers of 48 for evacuation
[2024-09-08T23:16:43.506+0800][info] GC(2)   Pre Evacuate Collection Set: 0.0ms
[2024-09-08T23:16:43.506+0800][info] GC(2)   Merge Heap Roots: 0.0ms
[2024-09-08T23:16:43.506+0800][info] GC(2)   Evacuate Collection Set: 2.0ms
[2024-09-08T23:16:43.506+0800][info] GC(2)   Post Evacuate Collection Set: 0.1ms
[2024-09-08T23:16:43.506+0800][info] GC(2)   Other: 0.5ms
[2024-09-08T23:16:43.506+0800][info] GC(2) Eden regions: 1->0(1)
[2024-09-08T23:16:43.506+0800][info] GC(2) Survivor regions: 1->1(1)
[2024-09-08T23:16:43.506+0800][info] GC(2) Old regions: 1->2
[2024-09-08T23:16:43.506+0800][info] GC(2) Archive regions: 2->2
[2024-09-08T23:16:43.506+0800][info] GC(2) Humongous regions: 0->0
[2024-09-08T23:16:43.506+0800][info] GC(2) Metaspace: 604K(704K)->604K(704K) NonClass: 550K(576K)->550K(576K) Class: 53K(128K)->53K(128K)
[2024-09-08T23:16:43.506+0800][info] GC(2) Pause Young (Normal) (G1 Evacuation Pause) 14M->14M(128M) 2.843ms
[2024-09-08T23:16:43.506+0800][info] GC(2) User=0.00s Sys=0.01s Real=0.01s
[2024-09-08T23:16:43.507+0800][info] GC(3) Pause Young (Normal) (G1 Evacuation Pause)
[2024-09-08T23:16:43.507+0800][info] GC(3) Using 3 workers of 48 for evacuation
[2024-09-08T23:16:43.509+0800][info] GC(3)   Pre Evacuate Collection Set: 0.0ms
[2024-09-08T23:16:43.509+0800][info] GC(3)   Merge Heap Roots: 0.0ms
[2024-09-08T23:16:43.509+0800][info] GC(3)   Evacuate Collection Set: 1.7ms
[2024-09-08T23:16:43.509+0800][info] GC(3)   Post Evacuate Collection Set: 0.1ms
[2024-09-08T23:16:43.509+0800][info] GC(3)   Other: 0.1ms
[2024-09-08T23:16:43.509+0800][info] GC(3) Eden regions: 1->0(1)
[2024-09-08T23:16:43.509+0800][info] GC(3) Survivor regions: 1->1(1)
[2024-09-08T23:16:43.509+0800][info] GC(3) Old regions: 2->3
[2024-09-08T23:16:43.509+0800][info] GC(3) Archive regions: 2->2
[2024-09-08T23:16:43.509+0800][info] GC(3) Humongous regions: 0->0
[2024-09-08T23:16:43.509+0800][info] GC(3) Metaspace: 604K(704K)->604K(704K) NonClass: 550K(576K)->550K(576K) Class: 53K(128K)->53K(128K)
[2024-09-08T23:16:43.509+0800][info] GC(3) Pause Young (Normal) (G1 Evacuation Pause) 18M->18M(128M) 2.132ms
[2024-09-08T23:16:43.509+0800][info] GC(3) User=0.00s Sys=0.00s Real=0.00s
[2024-09-08T23:16:43.510+0800][info] GC(4) Pause Young (Normal) (G1 Evacuation Pause)
[2024-09-08T23:16:43.510+0800][info] GC(4) Using 3 workers of 48 for evacuation
[2024-09-08T23:16:43.512+0800][info] GC(4)   Pre Evacuate Collection Set: 0.0ms
[2024-09-08T23:16:43.512+0800][info] GC(4)   Merge Heap Roots: 0.0ms
[2024-09-08T23:16:43.512+0800][info] GC(4)   Evacuate Collection Set: 1.7ms
[2024-09-08T23:16:43.512+0800][info] GC(4)   Post Evacuate Collection Set: 0.1ms
[2024-09-08T23:16:43.512+0800][info] GC(4)   Other: 0.1ms
[2024-09-08T23:16:43.512+0800][info] GC(4) Eden regions: 1->0(2)
[2024-09-08T23:16:43.512+0800][info] GC(4) Survivor regions: 1->1(1)
[2024-09-08T23:16:43.512+0800][info] GC(4) Old regions: 3->4
[2024-09-08T23:16:43.512+0800][info] GC(4) Archive regions: 2->2
[2024-09-08T23:16:43.512+0800][info] GC(4) Humongous regions: 0->0
[2024-09-08T23:16:43.512+0800][info] GC(4) Metaspace: 604K(704K)->604K(704K) NonClass: 550K(576K)->550K(576K) Class: 53K(128K)->53K(128K)
[2024-09-08T23:16:43.512+0800][info] GC(4) Pause Young (Normal) (G1 Evacuation Pause) 22M->22M(128M) 2.082ms
[2024-09-08T23:16:43.512+0800][info] GC(4) User=0.00s Sys=0.01s Real=0.00s
[2024-09-08T23:16:43.513+0800][info] GC(5) Pause Young (Normal) (G1 Evacuation Pause)
[2024-09-08T23:16:43.513+0800][info] GC(5) Using 3 workers of 48 for evacuation
[2024-09-08T23:16:43.517+0800][info] GC(5)   Pre Evacuate Collection Set: 0.0ms
[2024-09-08T23:16:43.517+0800][info] GC(5)   Merge Heap Roots: 0.0ms
[2024-09-08T23:16:43.517+0800][info] GC(5)   Evacuate Collection Set: 4.1ms
[2024-09-08T23:16:43.517+0800][info] GC(5)   Post Evacuate Collection Set: 0.1ms
[2024-09-08T23:16:43.517+0800][info] GC(5)   Other: 0.2ms
[2024-09-08T23:16:43.517+0800][info] GC(5) Eden regions: 2->0(2)
[2024-09-08T23:16:43.517+0800][info] GC(5) Survivor regions: 1->1(1)
[2024-09-08T23:16:43.517+0800][info] GC(5) Old regions: 4->6
[2024-09-08T23:16:43.517+0800][info] GC(5) Archive regions: 2->2
[2024-09-08T23:16:43.517+0800][info] GC(5) Humongous regions: 0->0
[2024-09-08T23:16:43.517+0800][info] GC(5) Metaspace: 604K(704K)->604K(704K) NonClass: 550K(576K)->550K(576K) Class: 53K(128K)->53K(128K)
[2024-09-08T23:16:43.517+0800][info] GC(5) Pause Young (Normal) (G1 Evacuation Pause) 30M->31M(128M) 4.591ms
[2024-09-08T23:16:43.518+0800][info] GC(5) User=0.01s Sys=0.01s Real=0.01s
[2024-09-08T23:16:43.519+0800][info] GC(6) Pause Young (Normal) (G1 Evacuation Pause)
[2024-09-08T23:16:43.519+0800][info] GC(6) Using 3 workers of 48 for evacuation
[2024-09-08T23:16:43.522+0800][info] GC(6)   Pre Evacuate Collection Set: 0.0ms
[2024-09-08T23:16:43.522+0800][info] GC(6)   Merge Heap Roots: 0.0ms
[2024-09-08T23:16:43.522+0800][info] GC(6)   Evacuate Collection Set: 3.0ms
[2024-09-08T23:16:43.522+0800][info] GC(6)   Post Evacuate Collection Set: 0.1ms
[2024-09-08T23:16:43.522+0800][info] GC(6)   Other: 0.1ms
[2024-09-08T23:16:43.522+0800][info] GC(6) Eden regions: 2->0(3)
[2024-09-08T23:16:43.522+0800][info] GC(6) Survivor regions: 1->1(1)
[2024-09-08T23:16:43.522+0800][info] GC(6) Old regions: 6->8
[2024-09-08T23:16:43.522+0800][info] GC(6) Archive regions: 2->2
[2024-09-08T23:16:43.522+0800][info] GC(6) Humongous regions: 0->0
[2024-09-08T23:16:43.522+0800][info] GC(6) Metaspace: 604K(704K)->604K(704K) NonClass: 550K(576K)->550K(576K) Class: 53K(128K)->53K(128K)
[2024-09-08T23:16:43.522+0800][info] GC(6) Pause Young (Normal) (G1 Evacuation Pause) 38M->39M(128M) 3.442ms
[2024-09-08T23:16:43.522+0800][info] GC(6) User=0.00s Sys=0.01s Real=0.00s
[2024-09-08T23:16:43.524+0800][info] GC(7) Pause Young (Normal) (G1 Evacuation Pause)
[2024-09-08T23:16:43.524+0800][info] GC(7) Using 3 workers of 48 for evacuation
[2024-09-08T23:16:43.529+0800][info] GC(7)   Pre Evacuate Collection Set: 0.0ms
[2024-09-08T23:16:43.529+0800][info] GC(7)   Merge Heap Roots: 0.0ms
[2024-09-08T23:16:43.529+0800][info] GC(7)   Evacuate Collection Set: 5.5ms
[2024-09-08T23:16:43.529+0800][info] GC(7)   Post Evacuate Collection Set: 0.1ms
[2024-09-08T23:16:43.529+0800][info] GC(7)   Other: 0.1ms
[2024-09-08T23:16:43.529+0800][info] GC(7) Eden regions: 3->0(4)
[2024-09-08T23:16:43.529+0800][info] GC(7) Survivor regions: 1->1(1)
[2024-09-08T23:16:43.529+0800][info] GC(7) Old regions: 8->11
[2024-09-08T23:16:43.529+0800][info] GC(7) Archive regions: 2->2
[2024-09-08T23:16:43.529+0800][info] GC(7) Humongous regions: 0->0
[2024-09-08T23:16:43.529+0800][info] GC(7) Metaspace: 604K(704K)->604K(704K) NonClass: 550K(576K)->550K(576K) Class: 53K(128K)->53K(128K)
[2024-09-08T23:16:43.530+0800][info] GC(7) Pause Young (Normal) (G1 Evacuation Pause) 50M->51M(128M) 5.982ms
[2024-09-08T23:16:43.530+0800][info] GC(7) User=0.00s Sys=0.01s Real=0.01s
[2024-09-08T23:16:43.532+0800][info] GC(8) Pause Young (Normal) (G1 Evacuation Pause)
[2024-09-08T23:16:43.532+0800][info] GC(8) Using 3 workers of 48 for evacuation
[2024-09-08T23:16:43.539+0800][info] GC(8)   Pre Evacuate Collection Set: 0.0ms
[2024-09-08T23:16:43.539+0800][info] GC(8)   Merge Heap Roots: 0.0ms
[2024-09-08T23:16:43.539+0800][info] GC(8)   Evacuate Collection Set: 6.9ms
[2024-09-08T23:16:43.539+0800][info] GC(8)   Post Evacuate Collection Set: 0.2ms
[2024-09-08T23:16:43.539+0800][info] GC(8)   Other: 0.1ms
[2024-09-08T23:16:43.539+0800][info] GC(8) Eden regions: 4->0(3)
[2024-09-08T23:16:43.539+0800][info] GC(8) Survivor regions: 1->1(1)
[2024-09-08T23:16:43.539+0800][info] GC(8) Old regions: 11->15
[2024-09-08T23:16:43.539+0800][info] GC(8) Archive regions: 2->2
[2024-09-08T23:16:43.539+0800][info] GC(8) Humongous regions: 0->0
[2024-09-08T23:16:43.539+0800][info] GC(8) Metaspace: 604K(704K)->604K(704K) NonClass: 550K(576K)->550K(576K) Class: 53K(128K)->53K(128K)
[2024-09-08T23:16:43.539+0800][info] GC(8) Pause Young (Normal) (G1 Evacuation Pause) 66M->67M(128M) 7.435ms
[2024-09-08T23:16:43.539+0800][info] GC(8) User=0.00s Sys=0.01s Real=0.01s
[2024-09-08T23:16:43.541+0800][info] GC(9) Pause Young (Concurrent Start) (G1 Evacuation Pause)
[2024-09-08T23:16:43.541+0800][info] GC(9) Using 3 workers of 48 for evacuation
[2024-09-08T23:16:43.547+0800][info] GC(9)   Pre Evacuate Collection Set: 0.0ms
[2024-09-08T23:16:43.547+0800][info] GC(9)   Merge Heap Roots: 0.0ms
[2024-09-08T23:16:43.547+0800][info] GC(9)   Evacuate Collection Set: 4.9ms
[2024-09-08T23:16:43.547+0800][info] GC(9)   Post Evacuate Collection Set: 0.1ms
[2024-09-08T23:16:43.547+0800][info] GC(9)   Other: 1.1ms
[2024-09-08T23:16:43.547+0800][info] GC(9) Eden regions: 3->0(2)
[2024-09-08T23:16:43.547+0800][info] GC(9) Survivor regions: 1->1(1)
[2024-09-08T23:16:43.547+0800][info] GC(9) Old regions: 15->18
[2024-09-08T23:16:43.547+0800][info] GC(9) Archive regions: 2->2
[2024-09-08T23:16:43.547+0800][info] GC(9) Humongous regions: 0->0
[2024-09-08T23:16:43.547+0800][info] GC(9) Metaspace: 604K(704K)->604K(704K) NonClass: 550K(576K)->550K(576K) Class: 53K(128K)->53K(128K)
[2024-09-08T23:16:43.547+0800][info] GC(9) Pause Young (Concurrent Start) (G1 Evacuation Pause) 79M->79M(128M) 6.282ms
[2024-09-08T23:16:43.547+0800][info] GC(9) User=0.00s Sys=0.01s Real=0.01s
[2024-09-08T23:16:43.547+0800][info] GC(10) Concurrent Mark Cycle
[2024-09-08T23:16:43.547+0800][info] GC(10) Concurrent Clear Claimed Marks
[2024-09-08T23:16:43.547+0800][info] GC(10) Concurrent Clear Claimed Marks 0.011ms
[2024-09-08T23:16:43.547+0800][info] GC(10) Concurrent Scan Root Regions
[2024-09-08T23:16:43.549+0800][info] GC(10) Concurrent Scan Root Regions 1.990ms
[2024-09-08T23:16:43.549+0800][info] GC(10) Concurrent Mark
[2024-09-08T23:16:43.549+0800][info] GC(10) Concurrent Mark From Roots
[2024-09-08T23:16:43.551+0800][info] GC(10) Using 12 workers of 12 for marking
[2024-09-08T23:16:43.554+0800][info] GC(10) Concurrent Mark From Roots 4.768ms
[2024-09-08T23:16:43.554+0800][info] GC(10) Concurrent Preclean
[2024-09-08T23:16:43.555+0800][info] GC(10) Concurrent Preclean 0.884ms
[2024-09-08T23:16:43.555+0800][info] GC(10) Pause Remark
[2024-09-08T23:16:43.556+0800][info] GC(10) Pause Remark 79M->79M(128M) 0.762ms
[2024-09-08T23:16:43.556+0800][info] GC(10) User=0.00s Sys=0.00s Real=0.00s
[2024-09-08T23:16:43.556+0800][info] GC(10) Concurrent Mark 6.610ms
[2024-09-08T23:16:43.556+0800][info] GC(10) Concurrent Rebuild Remembered Sets
[2024-09-08T23:16:43.560+0800][info] GC(10) Concurrent Rebuild Remembered Sets 4.291ms
[2024-09-08T23:16:43.560+0800][info] GC(10) Pause Cleanup
[2024-09-08T23:16:43.561+0800][info] GC(10) Pause Cleanup 79M->79M(128M) 0.215ms
[2024-09-08T23:16:43.561+0800][info] GC(10) User=0.00s Sys=0.00s Real=0.00s
[2024-09-08T23:16:43.561+0800][info] GC(10) Concurrent Cleanup for Next Mark
[2024-09-08T23:16:43.561+0800][info] GC(10) Concurrent Cleanup for Next Mark 0.778ms
[2024-09-08T23:16:43.561+0800][info] GC(10) Concurrent Mark Cycle 14.162ms
[2024-09-08T23:16:43.620+0800][info] GC(11) Pause Young (Normal) (G1 Evacuation Pause)
[2024-09-08T23:16:43.620+0800][info] GC(11) Using 3 workers of 48 for evacuation
[2024-09-08T23:16:43.624+0800][info] GC(11)   Pre Evacuate Collection Set: 0.0ms
[2024-09-08T23:16:43.624+0800][info] GC(11)   Merge Heap Roots: 0.1ms
[2024-09-08T23:16:43.625+0800][info] GC(11)   Evacuate Collection Set: 3.9ms
[2024-09-08T23:16:43.625+0800][info] GC(11)   Post Evacuate Collection Set: 0.7ms
[2024-09-08T23:16:43.625+0800][info] GC(11)   Other: 0.1ms
[2024-09-08T23:16:43.625+0800][info] GC(11) Eden regions: 2->0(2)
[2024-09-08T23:16:43.625+0800][info] GC(11) Survivor regions: 1->1(1)
[2024-09-08T23:16:43.625+0800][info] GC(11) Old regions: 18->20
[2024-09-08T23:16:43.625+0800][info] GC(11) Archive regions: 2->2
[2024-09-08T23:16:43.625+0800][info] GC(11) Humongous regions: 0->0
[2024-09-08T23:16:43.625+0800][info] GC(11) Metaspace: 707K(832K)->707K(832K) NonClass: 643K(704K)->643K(704K) Class: 63K(128K)->63K(128K)
[2024-09-08T23:16:43.625+0800][info] GC(11) Pause Young (Normal) (G1 Evacuation Pause) 87M->86M(128M) 4.916ms
[2024-09-08T23:16:43.625+0800][info] GC(11) User=0.00s Sys=0.01s Real=0.00s
[2024-09-08T23:16:43.626+0800][info] GC(12) Pause Young (Concurrent Start) (G1 Evacuation Pause)
[2024-09-08T23:16:43.626+0800][info] GC(12) Using 3 workers of 48 for evacuation
[2024-09-08T23:16:43.630+0800][info] GC(12)   Pre Evacuate Collection Set: 0.0ms
[2024-09-08T23:16:43.630+0800][info] GC(12)   Merge Heap Roots: 0.0ms
[2024-09-08T23:16:43.630+0800][info] GC(12)   Evacuate Collection Set: 4.0ms
[2024-09-08T23:16:43.630+0800][info] GC(12)   Post Evacuate Collection Set: 0.1ms
[2024-09-08T23:16:43.630+0800][info] GC(12)   Other: 0.2ms
[2024-09-08T23:16:43.630+0800][info] GC(12) Eden regions: 2->0(2)
[2024-09-08T23:16:43.630+0800][info] GC(12) Survivor regions: 1->1(1)
[2024-09-08T23:16:43.630+0800][info] GC(12) Old regions: 20->22
[2024-09-08T23:16:43.630+0800][info] GC(12) Archive regions: 2->2
[2024-09-08T23:16:43.630+0800][info] GC(12) Humongous regions: 0->0
[2024-09-08T23:16:43.630+0800][info] GC(12) Metaspace: 707K(832K)->707K(832K) NonClass: 643K(704K)->643K(704K) Class: 63K(128K)->63K(128K)
[2024-09-08T23:16:43.630+0800][info] GC(12) Pause Young (Concurrent Start) (G1 Evacuation Pause) 94M->94M(128M) 4.659ms
[2024-09-08T23:16:43.630+0800][info] GC(12) User=0.00s Sys=0.02s Real=0.00s
[2024-09-08T23:16:43.630+0800][info] GC(13) Concurrent Mark Cycle
[2024-09-08T23:16:43.630+0800][info] GC(13) Concurrent Clear Claimed Marks
[2024-09-08T23:16:43.630+0800][info] GC(13) Concurrent Clear Claimed Marks 0.013ms
[2024-09-08T23:16:43.630+0800][info] GC(13) Concurrent Scan Root Regions
[2024-09-08T23:16:43.631+0800][info] GC(13) Concurrent Scan Root Regions 0.337ms
[2024-09-08T23:16:43.631+0800][info] GC(13) Concurrent Mark
[2024-09-08T23:16:43.631+0800][info] GC(13) Concurrent Mark From Roots
[2024-09-08T23:16:43.631+0800][info] GC(13) Using 12 workers of 12 for marking
[2024-09-08T23:16:43.633+0800][info] GC(13) Concurrent Mark From Roots 2.542ms
[2024-09-08T23:16:43.633+0800][info] GC(13) Concurrent Preclean
[2024-09-08T23:16:43.635+0800][info] GC(13) Concurrent Preclean 1.535ms
[2024-09-08T23:16:43.635+0800][info] GC(13) Pause Remark
[2024-09-08T23:16:43.636+0800][info] GC(13) Pause Remark 94M->94M(128M) 0.996ms
[2024-09-08T23:16:43.636+0800][info] GC(13) User=0.00s Sys=0.00s Real=0.00s
[2024-09-08T23:16:43.636+0800][info] GC(13) Concurrent Mark 5.268ms
[2024-09-08T23:16:43.636+0800][info] GC(13) Concurrent Rebuild Remembered Sets
[2024-09-08T23:16:43.641+0800][info] GC(13) Concurrent Rebuild Remembered Sets 5.227ms
[2024-09-08T23:16:43.641+0800][info] GC(13) Pause Cleanup
[2024-09-08T23:16:43.642+0800][info] GC(13) Pause Cleanup 94M->94M(128M) 0.511ms
[2024-09-08T23:16:43.642+0800][info] GC(13) User=0.00s Sys=0.00s Real=0.00s
[2024-09-08T23:16:43.642+0800][info] GC(13) Concurrent Cleanup for Next Mark
[2024-09-08T23:16:43.643+0800][info] GC(13) Concurrent Cleanup for Next Mark 0.645ms
[2024-09-08T23:16:43.643+0800][info] GC(13) Concurrent Mark Cycle 12.278ms
[2024-09-08T23:16:43.736+0800][info] GC(14) Pause Young (Normal) (G1 Preventive Collection)
[2024-09-08T23:16:43.736+0800][info] GC(14) Using 3 workers of 48 for evacuation
[2024-09-08T23:16:43.742+0800][info] GC(14)   Pre Evacuate Collection Set: 0.1ms
[2024-09-08T23:16:43.742+0800][info] GC(14)   Merge Heap Roots: 0.1ms
[2024-09-08T23:16:43.742+0800][info] GC(14)   Evacuate Collection Set: 5.5ms
[2024-09-08T23:16:43.742+0800][info] GC(14)   Post Evacuate Collection Set: 0.2ms
[2024-09-08T23:16:43.742+0800][info] GC(14)   Other: 0.2ms
[2024-09-08T23:16:43.742+0800][info] GC(14) Eden regions: 2->0(2)
[2024-09-08T23:16:43.742+0800][info] GC(14) Survivor regions: 1->1(1)
[2024-09-08T23:16:43.742+0800][info] GC(14) Old regions: 22->24
[2024-09-08T23:16:43.742+0800][info] GC(14) Archive regions: 2->2
[2024-09-08T23:16:43.742+0800][info] GC(14) Humongous regions: 0->0
[2024-09-08T23:16:43.742+0800][info] GC(14) Metaspace: 730K(896K)->730K(896K) NonClass: 666K(768K)->666K(768K) Class: 63K(128K)->63K(128K)
[2024-09-08T23:16:43.742+0800][info] GC(14) Pause Young (Normal) (G1 Preventive Collection) 102M->102M(128M) 6.145ms
[2024-09-08T23:16:43.742+0800][info] GC(14) User=0.02s Sys=0.01s Real=0.01s
[2024-09-08T23:16:43.745+0800][info] GC(15) Pause Young (Concurrent Start) (G1 Humongous Allocation)
[2024-09-08T23:16:43.745+0800][info] GC(15) Using 3 workers of 48 for evacuation
[2024-09-08T23:16:43.748+0800][info] GC(15)   Pre Evacuate Collection Set: 0.0ms
[2024-09-08T23:16:43.748+0800][info] GC(15)   Merge Heap Roots: 0.0ms
[2024-09-08T23:16:43.748+0800][info] GC(15)   Evacuate Collection Set: 1.5ms
[2024-09-08T23:16:43.748+0800][info] GC(15)   Post Evacuate Collection Set: 0.7ms
[2024-09-08T23:16:43.748+0800][info] GC(15)   Other: 0.2ms
[2024-09-08T23:16:43.748+0800][info] GC(15) Eden regions: 1->0(1)
[2024-09-08T23:16:43.748+0800][info] GC(15) Survivor regions: 1->1(1)
[2024-09-08T23:16:43.748+0800][info] GC(15) Old regions: 24->25
[2024-09-08T23:16:43.748+0800][info] GC(15) Archive regions: 2->2
[2024-09-08T23:16:43.748+0800][info] GC(15) Humongous regions: 0->0
[2024-09-08T23:16:43.748+0800][info] GC(15) Metaspace: 730K(896K)->730K(896K) NonClass: 667K(768K)->667K(768K) Class: 63K(128K)->63K(128K)
[2024-09-08T23:16:43.748+0800][info] GC(15) Pause Young (Concurrent Start) (G1 Humongous Allocation) 106M->106M(128M) 2.657ms
[2024-09-08T23:16:43.748+0800][info] GC(15) User=0.00s Sys=0.00s Real=0.00s
[2024-09-08T23:16:43.748+0800][info] GC(16) Concurrent Mark Cycle
[2024-09-08T23:16:43.748+0800][info] GC(16) Concurrent Clear Claimed Marks
[2024-09-08T23:16:43.748+0800][info] GC(16) Concurrent Clear Claimed Marks 0.024ms
[2024-09-08T23:16:43.748+0800][info] GC(16) Concurrent Scan Root Regions
[2024-09-08T23:16:43.748+0800][info] GC(16) Concurrent Scan Root Regions 0.084ms
[2024-09-08T23:16:43.748+0800][info] GC(16) Concurrent Mark
[2024-09-08T23:16:43.748+0800][info] GC(16) Concurrent Mark From Roots
[2024-09-08T23:16:43.748+0800][info] GC(16) Using 12 workers of 12 for marking
[2024-09-08T23:16:43.748+0800][info] GC(17) Pause Young (Normal) (G1 Preventive Collection)
[2024-09-08T23:16:43.748+0800][info] GC(17) Using 3 workers of 48 for evacuation
[2024-09-08T23:16:43.749+0800][info] GC(17)   Pre Evacuate Collection Set: 0.2ms
[2024-09-08T23:16:43.749+0800][info] GC(17)   Merge Heap Roots: 0.0ms
[2024-09-08T23:16:43.749+0800][info] GC(17)   Evacuate Collection Set: 0.5ms
[2024-09-08T23:16:43.749+0800][info] GC(17)   Post Evacuate Collection Set: 0.2ms
[2024-09-08T23:16:43.749+0800][info] GC(17)   Other: 0.2ms
[2024-09-08T23:16:43.749+0800][info] GC(17) Eden regions: 0->0(1)
[2024-09-08T23:16:43.749+0800][info] GC(17) Survivor regions: 1->0(1)
[2024-09-08T23:16:43.749+0800][info] GC(17) Old regions: 25->26
[2024-09-08T23:16:43.749+0800][info] GC(17) Archive regions: 2->2
[2024-09-08T23:16:43.749+0800][info] GC(17) Humongous regions: 0->0
[2024-09-08T23:16:43.749+0800][info] GC(17) Metaspace: 730K(896K)->730K(896K) NonClass: 667K(768K)->667K(768K) Class: 63K(128K)->63K(128K)
[2024-09-08T23:16:43.749+0800][info] GC(17) Pause Young (Normal) (G1 Preventive Collection) 106M->106M(128M) 1.088ms
[2024-09-08T23:16:43.749+0800][info] GC(17) User=0.01s Sys=0.00s Real=0.00s
[2024-09-08T23:16:43.752+0800][info] GC(16) Concurrent Mark From Roots 3.345ms
[2024-09-08T23:16:43.752+0800][info] GC(16) Concurrent Preclean
[2024-09-08T23:16:43.754+0800][info] GC(16) Concurrent Preclean 2.021ms
[2024-09-08T23:16:43.754+0800][info] GC(16) Pause Remark
[2024-09-08T23:16:43.755+0800][info] GC(16) Pause Remark 118M->34M(128M) 1.056ms
[2024-09-08T23:16:43.755+0800][info] GC(16) User=0.00s Sys=0.00s Real=0.00s
[2024-09-08T23:16:43.755+0800][info] GC(16) Concurrent Mark 6.756ms
[2024-09-08T23:16:43.755+0800][info] GC(16) Concurrent Rebuild Remembered Sets
[2024-09-08T23:16:43.757+0800][info] GC(16) Concurrent Rebuild Remembered Sets 2.274ms
[2024-09-08T23:16:43.757+0800][info] GC(16) Pause Cleanup
[2024-09-08T23:16:43.758+0800][info] GC(16) Pause Cleanup 34M->34M(128M) 0.168ms
[2024-09-08T23:16:43.758+0800][info] GC(16) User=0.00s Sys=0.00s Real=0.00s
[2024-09-08T23:16:43.758+0800][info] GC(16) Concurrent Cleanup for Next Mark
[2024-09-08T23:16:43.758+0800][info] GC(16) Concurrent Cleanup for Next Mark 0.235ms
[2024-09-08T23:16:43.758+0800][info] GC(16) Concurrent Mark Cycle 9.825ms
[2024-09-08T23:16:43.902+0800][info] GC(18) Pause Young (Prepare Mixed) (G1 Preventive Collection)
[2024-09-08T23:16:43.902+0800][info] GC(18) Using 3 workers of 48 for evacuation
[2024-09-08T23:16:43.903+0800][info] GC(18)   Pre Evacuate Collection Set: 0.1ms
[2024-09-08T23:16:43.903+0800][info] GC(18)   Merge Heap Roots: 0.1ms
[2024-09-08T23:16:43.903+0800][info] GC(18)   Evacuate Collection Set: 0.2ms
[2024-09-08T23:16:43.903+0800][info] GC(18)   Post Evacuate Collection Set: 0.3ms
[2024-09-08T23:16:43.903+0800][info] GC(18)   Other: 0.2ms
[2024-09-08T23:16:43.903+0800][info] GC(18) Eden regions: 1->0(1)
[2024-09-08T23:16:43.903+0800][info] GC(18) Survivor regions: 0->1(1)
[2024-09-08T23:16:43.903+0800][info] GC(18) Old regions: 5->5
[2024-09-08T23:16:43.903+0800][info] GC(18) Archive regions: 2->2
[2024-09-08T23:16:43.903+0800][info] GC(18) Humongous regions: 21->0
[2024-09-08T23:16:43.903+0800][info] GC(18) Metaspace: 755K(896K)->755K(896K) NonClass: 691K(768K)->691K(768K) Class: 63K(128K)->63K(128K)
[2024-09-08T23:16:43.903+0800][info] GC(18) Pause Young (Prepare Mixed) (G1 Preventive Collection) 106M->22M(128M) 0.869ms
[2024-09-08T23:16:43.903+0800][info] GC(18) User=0.00s Sys=0.00s Real=0.00s
[2024-09-08T23:16:43.950+0800][info] GC(19) Pause Young (Mixed) (G1 Preventive Collection)
[2024-09-08T23:16:43.950+0800][info] GC(19) Using 3 workers of 48 for evacuation
[2024-09-08T23:16:43.951+0800][info] GC(19)   Pre Evacuate Collection Set: 0.1ms
[2024-09-08T23:16:43.951+0800][info] GC(19)   Merge Heap Roots: 0.1ms
[2024-09-08T23:16:43.951+0800][info] GC(19)   Evacuate Collection Set: 0.3ms
[2024-09-08T23:16:43.951+0800][info] GC(19)   Post Evacuate Collection Set: 0.3ms
[2024-09-08T23:16:43.951+0800][info] GC(19)   Other: 0.1ms
[2024-09-08T23:16:43.951+0800][info] GC(19) Eden regions: 0->0(1)
[2024-09-08T23:16:43.951+0800][info] GC(19) Survivor regions: 1->1(1)
[2024-09-08T23:16:43.951+0800][info] GC(19) Old regions: 5->3
[2024-09-08T23:16:43.951+0800][info] GC(19) Archive regions: 2->2
[2024-09-08T23:16:43.951+0800][info] GC(19) Humongous regions: 21->0
[2024-09-08T23:16:43.951+0800][info] GC(19) Metaspace: 755K(896K)->755K(896K) NonClass: 691K(768K)->691K(768K) Class: 63K(128K)->63K(128K)
[2024-09-08T23:16:43.951+0800][info] GC(19) Pause Young (Mixed) (G1 Preventive Collection) 106M->14M(128M) 0.958ms
[2024-09-08T23:16:43.951+0800][info] GC(19) User=0.01s Sys=0.00s Real=0.00s
[2024-09-08T23:16:44.006+0800][info] GC(20) Pause Young (Mixed) (G1 Humongous Allocation)
[2024-09-08T23:16:44.006+0800][info] GC(20) Using 3 workers of 48 for evacuation
[2024-09-08T23:16:44.008+0800][info] GC(20)   Pre Evacuate Collection Set: 0.1ms
[2024-09-08T23:16:44.008+0800][info] GC(20)   Merge Heap Roots: 0.1ms
[2024-09-08T23:16:44.008+0800][info] GC(20)   Evacuate Collection Set: 2.2ms
[2024-09-08T23:16:44.008+0800][info] GC(20)   Post Evacuate Collection Set: 0.3ms
[2024-09-08T23:16:44.008+0800][info] GC(20)   Other: 0.1ms
[2024-09-08T23:16:44.008+0800][info] GC(20) Eden regions: 0->0(1)
[2024-09-08T23:16:44.008+0800][info] GC(20) Survivor regions: 1->1(1)
[2024-09-08T23:16:44.008+0800][info] GC(20) Old regions: 3->2
[2024-09-08T23:16:44.008+0800][info] GC(20) Archive regions: 2->2
[2024-09-08T23:16:44.008+0800][info] GC(20) Humongous regions: 24->0
[2024-09-08T23:16:44.008+0800][info] GC(20) Metaspace: 755K(896K)->755K(896K) NonClass: 691K(768K)->691K(768K) Class: 63K(128K)->63K(128K)
[2024-09-08T23:16:44.008+0800][info] GC(20) Pause Young (Mixed) (G1 Humongous Allocation) 110M->11M(128M) 2.896ms
[2024-09-08T23:16:44.008+0800][info] GC(20) User=0.01s Sys=0.00s Real=0.00s
[2024-09-08T23:16:44.029+0800][info] GC(21) Pause Young (Concurrent Start) (G1 Humongous Allocation)
[2024-09-08T23:16:44.029+0800][info] GC(21) Using 3 workers of 48 for evacuation
[2024-09-08T23:16:44.030+0800][info] GC(21)   Pre Evacuate Collection Set: 0.0ms
[2024-09-08T23:16:44.030+0800][info] GC(21)   Merge Heap Roots: 0.0ms
[2024-09-08T23:16:44.030+0800][info] GC(21)   Evacuate Collection Set: 0.4ms
[2024-09-08T23:16:44.030+0800][info] GC(21)   Post Evacuate Collection Set: 0.2ms
[2024-09-08T23:16:44.030+0800][info] GC(21)   Other: 0.3ms
[2024-09-08T23:16:44.030+0800][info] GC(21) Eden regions: 0->0(1)
[2024-09-08T23:16:44.030+0800][info] GC(21) Survivor regions: 1->1(1)
[2024-09-08T23:16:44.030+0800][info] GC(21) Old regions: 2->2
[2024-09-08T23:16:44.030+0800][info] GC(21) Archive regions: 2->2
[2024-09-08T23:16:44.030+0800][info] GC(21) Humongous regions: 9->0
[2024-09-08T23:16:44.030+0800][info] GC(21) Metaspace: 755K(896K)->755K(896K) NonClass: 691K(768K)->691K(768K) Class: 63K(128K)->63K(128K)
[2024-09-08T23:16:44.030+0800][info] GC(21) Pause Young (Concurrent Start) (G1 Humongous Allocation) 47M->11M(128M) 1.063ms
[2024-09-08T23:16:44.030+0800][info] GC(21) User=0.00s Sys=0.00s Real=0.00s
[2024-09-08T23:16:44.030+0800][info] GC(22) Concurrent Undo Cycle
[2024-09-08T23:16:44.030+0800][info] GC(22) Concurrent Cleanup for Next Mark
[2024-09-08T23:16:44.031+0800][info] GC(22) Concurrent Cleanup for Next Mark 0.332ms
[2024-09-08T23:16:44.031+0800][info] GC(22) Concurrent Undo Cycle 0.429ms
[2024-09-08T23:16:44.050+0800][info] GC(23) Pause Young (Concurrent Start) (G1 Humongous Allocation)
[2024-09-08T23:16:44.050+0800][info] GC(23) Using 3 workers of 48 for evacuation
[2024-09-08T23:16:44.051+0800][info] GC(23)   Pre Evacuate Collection Set: 0.1ms
[2024-09-08T23:16:44.051+0800][info] GC(23)   Merge Heap Roots: 0.0ms
[2024-09-08T23:16:44.051+0800][info] GC(23)   Evacuate Collection Set: 0.4ms
[2024-09-08T23:16:44.051+0800][info] GC(23)   Post Evacuate Collection Set: 0.2ms
[2024-09-08T23:16:44.051+0800][info] GC(23)   Other: 0.2ms
[2024-09-08T23:16:44.051+0800][info] GC(23) Eden regions: 0->0(1)
[2024-09-08T23:16:44.051+0800][info] GC(23) Survivor regions: 1->1(1)
[2024-09-08T23:16:44.051+0800][info] GC(23) Old regions: 2->2
[2024-09-08T23:16:44.051+0800][info] GC(23) Archive regions: 2->2
[2024-09-08T23:16:44.051+0800][info] GC(23) Humongous regions: 9->0
[2024-09-08T23:16:44.051+0800][info] GC(23) Metaspace: 755K(896K)->755K(896K) NonClass: 691K(768K)->691K(768K) Class: 63K(128K)->63K(128K)
[2024-09-08T23:16:44.051+0800][info] GC(23) Pause Young (Concurrent Start) (G1 Humongous Allocation) 47M->11M(128M) 1.039ms
[2024-09-08T23:16:44.051+0800][info] GC(23) User=0.00s Sys=0.00s Real=0.00s
[2024-09-08T23:16:44.051+0800][info] GC(24) Concurrent Undo Cycle
[2024-09-08T23:16:44.052+0800][info] GC(24) Concurrent Cleanup for Next Mark
[2024-09-08T23:16:44.052+0800][info] GC(24) Concurrent Cleanup for Next Mark 0.258ms
[2024-09-08T23:16:44.052+0800][info] GC(24) Concurrent Undo Cycle 0.337ms
[2024-09-08T23:16:44.071+0800][info] GC(25) Pause Young (Concurrent Start) (G1 Humongous Allocation)
[2024-09-08T23:16:44.071+0800][info] GC(25) Using 3 workers of 48 for evacuation
[2024-09-08T23:16:44.072+0800][info] GC(25)   Pre Evacuate Collection Set: 0.1ms
[2024-09-08T23:16:44.072+0800][info] GC(25)   Merge Heap Roots: 0.0ms
[2024-09-08T23:16:44.072+0800][info] GC(25)   Evacuate Collection Set: 0.3ms
[2024-09-08T23:16:44.072+0800][info] GC(25)   Post Evacuate Collection Set: 0.2ms
[2024-09-08T23:16:44.072+0800][info] GC(25)   Other: 0.2ms
[2024-09-08T23:16:44.072+0800][info] GC(25) Eden regions: 0->0(1)
[2024-09-08T23:16:44.072+0800][info] GC(25) Survivor regions: 1->1(1)
[2024-09-08T23:16:44.072+0800][info] GC(25) Old regions: 2->2
[2024-09-08T23:16:44.072+0800][info] GC(25) Archive regions: 2->2
[2024-09-08T23:16:44.072+0800][info] GC(25) Humongous regions: 9->0
[2024-09-08T23:16:44.072+0800][info] GC(25) Metaspace: 755K(896K)->755K(896K) NonClass: 691K(768K)->691K(768K) Class: 63K(128K)->63K(128K)
[2024-09-08T23:16:44.072+0800][info] GC(25) Pause Young (Concurrent Start) (G1 Humongous Allocation) 47M->11M(128M) 1.011ms
[2024-09-08T23:16:44.072+0800][info] GC(25) User=0.01s Sys=0.00s Real=0.00s
[2024-09-08T23:16:44.072+0800][info] GC(26) Concurrent Undo Cycle
[2024-09-08T23:16:44.072+0800][info] GC(26) Concurrent Cleanup for Next Mark
[2024-09-08T23:16:44.073+0800][info] GC(26) Concurrent Cleanup for Next Mark 0.205ms
[2024-09-08T23:16:44.073+0800][info] GC(26) Concurrent Undo Cycle 0.287ms
[2024-09-08T23:16:44.092+0800][info] GC(27) Pause Young (Concurrent Start) (G1 Humongous Allocation)
[2024-09-08T23:16:44.092+0800][info] GC(27) Using 3 workers of 48 for evacuation
[2024-09-08T23:16:44.093+0800][info] GC(27)   Pre Evacuate Collection Set: 0.1ms
[2024-09-08T23:16:44.093+0800][info] GC(27)   Merge Heap Roots: 0.0ms
[2024-09-08T23:16:44.093+0800][info] GC(27)   Evacuate Collection Set: 0.4ms
[2024-09-08T23:16:44.093+0800][info] GC(27)   Post Evacuate Collection Set: 0.2ms
[2024-09-08T23:16:44.093+0800][info] GC(27)   Other: 0.3ms
[2024-09-08T23:16:44.093+0800][info] GC(27) Eden regions: 0->0(1)
[2024-09-08T23:16:44.093+0800][info] GC(27) Survivor regions: 1->1(1)
[2024-09-08T23:16:44.093+0800][info] GC(27) Old regions: 2->2
[2024-09-08T23:16:44.093+0800][info] GC(27) Archive regions: 2->2
[2024-09-08T23:16:44.093+0800][info] GC(27) Humongous regions: 9->0
[2024-09-08T23:16:44.093+0800][info] GC(27) Metaspace: 755K(896K)->755K(896K) NonClass: 691K(768K)->691K(768K) Class: 63K(128K)->63K(128K)
[2024-09-08T23:16:44.093+0800][info] GC(27) Pause Young (Concurrent Start) (G1 Humongous Allocation) 47M->11M(128M) 1.085ms
[2024-09-08T23:16:44.093+0800][info] GC(27) User=0.00s Sys=0.00s Real=0.00s
[2024-09-08T23:16:44.093+0800][info] GC(28) Concurrent Undo Cycle
[2024-09-08T23:16:44.093+0800][info] GC(28) Concurrent Cleanup for Next Mark
[2024-09-08T23:16:44.094+0800][info] GC(28) Concurrent Cleanup for Next Mark 0.323ms
[2024-09-08T23:16:44.094+0800][info] GC(28) Concurrent Undo Cycle 0.400ms
[2024-09-08T23:16:44.113+0800][info] GC(29) Pause Young (Concurrent Start) (G1 Humongous Allocation)
[2024-09-08T23:16:44.113+0800][info] GC(29) Using 3 workers of 48 for evacuation
[2024-09-08T23:16:44.114+0800][info] GC(29)   Pre Evacuate Collection Set: 0.1ms
[2024-09-08T23:16:44.114+0800][info] GC(29)   Merge Heap Roots: 0.1ms
[2024-09-08T23:16:44.114+0800][info] GC(29)   Evacuate Collection Set: 0.4ms
[2024-09-08T23:16:44.114+0800][info] GC(29)   Post Evacuate Collection Set: 0.2ms
[2024-09-08T23:16:44.114+0800][info] GC(29)   Other: 0.3ms
[2024-09-08T23:16:44.114+0800][info] GC(29) Eden regions: 0->0(1)
[2024-09-08T23:16:44.114+0800][info] GC(29) Survivor regions: 1->1(1)
[2024-09-08T23:16:44.114+0800][info] GC(29) Old regions: 2->2
[2024-09-08T23:16:44.114+0800][info] GC(29) Archive regions: 2->2
[2024-09-08T23:16:44.114+0800][info] GC(29) Humongous regions: 9->0
[2024-09-08T23:16:44.114+0800][info] GC(29) Metaspace: 755K(896K)->755K(896K) NonClass: 691K(768K)->691K(768K) Class: 63K(128K)->63K(128K)
[2024-09-08T23:16:44.114+0800][info] GC(29) Pause Young (Concurrent Start) (G1 Humongous Allocation) 47M->11M(128M) 1.054ms
[2024-09-08T23:16:44.114+0800][info] GC(29) User=0.00s Sys=0.00s Real=0.00s
[2024-09-08T23:16:44.114+0800][info] GC(30) Concurrent Undo Cycle
[2024-09-08T23:16:44.114+0800][info] GC(30) Concurrent Cleanup for Next Mark
[2024-09-08T23:16:44.114+0800][info] GC(30) Concurrent Cleanup for Next Mark 0.319ms
[2024-09-08T23:16:44.114+0800][info] GC(30) Concurrent Undo Cycle 0.396ms
[2024-09-08T23:16:44.133+0800][info] GC(31) Pause Young (Concurrent Start) (G1 Humongous Allocation)
[2024-09-08T23:16:44.133+0800][info] GC(31) Using 3 workers of 48 for evacuation
[2024-09-08T23:16:44.134+0800][info] GC(31)   Pre Evacuate Collection Set: 0.1ms
[2024-09-08T23:16:44.134+0800][info] GC(31)   Merge Heap Roots: 0.0ms
[2024-09-08T23:16:44.134+0800][info] GC(31)   Evacuate Collection Set: 0.4ms
[2024-09-08T23:16:44.134+0800][info] GC(31)   Post Evacuate Collection Set: 0.2ms
[2024-09-08T23:16:44.134+0800][info] GC(31)   Other: 0.2ms
[2024-09-08T23:16:44.134+0800][info] GC(31) Eden regions: 0->0(1)
[2024-09-08T23:16:44.134+0800][info] GC(31) Survivor regions: 1->1(1)
[2024-09-08T23:16:44.134+0800][info] GC(31) Old regions: 2->2
[2024-09-08T23:16:44.134+0800][info] GC(31) Archive regions: 2->2
[2024-09-08T23:16:44.134+0800][info] GC(31) Humongous regions: 9->0
[2024-09-08T23:16:44.134+0800][info] GC(31) Metaspace: 755K(896K)->755K(896K) NonClass: 691K(768K)->691K(768K) Class: 63K(128K)->63K(128K)
[2024-09-08T23:16:44.134+0800][info] GC(31) Pause Young (Concurrent Start) (G1 Humongous Allocation) 47M->11M(128M) 1.010ms
[2024-09-08T23:16:44.134+0800][info] GC(31) User=0.01s Sys=0.00s Real=0.00s
[2024-09-08T23:16:44.135+0800][info] GC(32) Concurrent Undo Cycle
[2024-09-08T23:16:44.135+0800][info] GC(32) Concurrent Cleanup for Next Mark
[2024-09-08T23:16:44.135+0800][info] GC(32) Concurrent Cleanup for Next Mark 0.229ms
[2024-09-08T23:16:44.135+0800][info] GC(32) Concurrent Undo Cycle 0.308ms
[2024-09-08T23:16:44.154+0800][info] GC(33) Pause Young (Concurrent Start) (G1 Humongous Allocation)
[2024-09-08T23:16:44.154+0800][info] GC(33) Using 3 workers of 48 for evacuation
[2024-09-08T23:16:44.155+0800][info] GC(33)   Pre Evacuate Collection Set: 0.1ms
[2024-09-08T23:16:44.155+0800][info] GC(33)   Merge Heap Roots: 0.0ms
[2024-09-08T23:16:44.155+0800][info] GC(33)   Evacuate Collection Set: 0.2ms
[2024-09-08T23:16:44.155+0800][info] GC(33)   Post Evacuate Collection Set: 0.2ms
[2024-09-08T23:16:44.155+0800][info] GC(33)   Other: 0.2ms
[2024-09-08T23:16:44.155+0800][info] GC(33) Eden regions: 0->0(1)
[2024-09-08T23:16:44.155+0800][info] GC(33) Survivor regions: 1->1(1)
[2024-09-08T23:16:44.155+0800][info] GC(33) Old regions: 2->2
[2024-09-08T23:16:44.155+0800][info] GC(33) Archive regions: 2->2
[2024-09-08T23:16:44.155+0800][info] GC(33) Humongous regions: 9->0
[2024-09-08T23:16:44.155+0800][info] GC(33) Metaspace: 755K(896K)->755K(896K) NonClass: 691K(768K)->691K(768K) Class: 63K(128K)->63K(128K)
[2024-09-08T23:16:44.155+0800][info] GC(33) Pause Young (Concurrent Start) (G1 Humongous Allocation) 47M->11M(128M) 0.922ms
[2024-09-08T23:16:44.155+0800][info] GC(33) User=0.00s Sys=0.00s Real=0.00s
[2024-09-08T23:16:44.155+0800][info] GC(34) Concurrent Undo Cycle
[2024-09-08T23:16:44.155+0800][info] GC(34) Concurrent Cleanup for Next Mark
[2024-09-08T23:16:44.156+0800][info] GC(34) Concurrent Cleanup for Next Mark 0.282ms
[2024-09-08T23:16:44.156+0800][info] GC(34) Concurrent Undo Cycle 0.362ms
[2024-09-08T23:16:44.175+0800][info] GC(35) Pause Young (Concurrent Start) (G1 Humongous Allocation)
[2024-09-08T23:16:44.175+0800][info] GC(35) Using 3 workers of 48 for evacuation
[2024-09-08T23:16:44.176+0800][info] GC(35)   Pre Evacuate Collection Set: 0.1ms
[2024-09-08T23:16:44.176+0800][info] GC(35)   Merge Heap Roots: 0.0ms
[2024-09-08T23:16:44.176+0800][info] GC(35)   Evacuate Collection Set: 0.4ms
[2024-09-08T23:16:44.176+0800][info] GC(35)   Post Evacuate Collection Set: 0.2ms
[2024-09-08T23:16:44.176+0800][info] GC(35)   Other: 0.2ms
[2024-09-08T23:16:44.176+0800][info] GC(35) Eden regions: 0->0(1)
[2024-09-08T23:16:44.176+0800][info] GC(35) Survivor regions: 1->1(1)
[2024-09-08T23:16:44.176+0800][info] GC(35) Old regions: 2->2
[2024-09-08T23:16:44.176+0800][info] GC(35) Archive regions: 2->2
[2024-09-08T23:16:44.176+0800][info] GC(35) Humongous regions: 9->0
[2024-09-08T23:16:44.176+0800][info] GC(35) Metaspace: 755K(896K)->755K(896K) NonClass: 691K(768K)->691K(768K) Class: 63K(128K)->63K(128K)
[2024-09-08T23:16:44.176+0800][info] GC(35) Pause Young (Concurrent Start) (G1 Humongous Allocation) 47M->11M(128M) 1.013ms
[2024-09-08T23:16:44.176+0800][info] GC(35) User=0.00s Sys=0.00s Real=0.00s
[2024-09-08T23:16:44.176+0800][info] GC(36) Concurrent Undo Cycle
[2024-09-08T23:16:44.176+0800][info] GC(36) Concurrent Cleanup for Next Mark
[2024-09-08T23:16:44.176+0800][info] GC(36) Concurrent Cleanup for Next Mark 0.255ms
[2024-09-08T23:16:44.176+0800][info] GC(36) Concurrent Undo Cycle 0.336ms
[2024-09-08T23:16:44.196+0800][info] GC(37) Pause Young (Concurrent Start) (G1 Humongous Allocation)
[2024-09-08T23:16:44.196+0800][info] GC(37) Using 3 workers of 48 for evacuation
[2024-09-08T23:16:44.196+0800][info] GC(37)   Pre Evacuate Collection Set: 0.1ms
[2024-09-08T23:16:44.196+0800][info] GC(37)   Merge Heap Roots: 0.0ms
[2024-09-08T23:16:44.196+0800][info] GC(37)   Evacuate Collection Set: 0.4ms
[2024-09-08T23:16:44.196+0800][info] GC(37)   Post Evacuate Collection Set: 0.2ms
[2024-09-08T23:16:44.197+0800][info] GC(37)   Other: 0.2ms
[2024-09-08T23:16:44.197+0800][info] GC(37) Eden regions: 0->0(1)
[2024-09-08T23:16:44.197+0800][info] GC(37) Survivor regions: 1->1(1)
[2024-09-08T23:16:44.197+0800][info] GC(37) Old regions: 2->2
[2024-09-08T23:16:44.197+0800][info] GC(37) Archive regions: 2->2
[2024-09-08T23:16:44.197+0800][info] GC(37) Humongous regions: 9->0
[2024-09-08T23:16:44.197+0800][info] GC(37) Metaspace: 755K(896K)->755K(896K) NonClass: 691K(768K)->691K(768K) Class: 63K(128K)->63K(128K)
[2024-09-08T23:16:44.197+0800][info] GC(37) Pause Young (Concurrent Start) (G1 Humongous Allocation) 47M->11M(128M) 1.053ms
[2024-09-08T23:16:44.197+0800][info] GC(37) User=0.00s Sys=0.00s Real=0.00s
[2024-09-08T23:16:44.197+0800][info] GC(38) Concurrent Undo Cycle
[2024-09-08T23:16:44.197+0800][info] GC(38) Concurrent Cleanup for Next Mark
[2024-09-08T23:16:44.197+0800][info] GC(38) Concurrent Cleanup for Next Mark 0.210ms
[2024-09-08T23:16:44.197+0800][info] GC(38) Concurrent Undo Cycle 0.305ms
[2024-09-08T23:16:44.215+0800][info] GC(39) Pause Young (Normal) (G1 Evacuation Pause)
[2024-09-08T23:16:44.215+0800][info] GC(39) Using 3 workers of 48 for evacuation
[2024-09-08T23:16:44.216+0800][info] GC(39)   Pre Evacuate Collection Set: 0.0ms
[2024-09-08T23:16:44.216+0800][info] GC(39)   Merge Heap Roots: 0.1ms
[2024-09-08T23:16:44.216+0800][info] GC(39)   Evacuate Collection Set: 0.7ms
[2024-09-08T23:16:44.216+0800][info] GC(39)   Post Evacuate Collection Set: 0.2ms
[2024-09-08T23:16:44.216+0800][info] GC(39)   Other: 0.1ms
[2024-09-08T23:16:44.216+0800][info] GC(39) Eden regions: 1->0(1)
[2024-09-08T23:16:44.216+0800][info] GC(39) Survivor regions: 1->1(1)
[2024-09-08T23:16:44.216+0800][info] GC(39) Old regions: 2->2
[2024-09-08T23:16:44.216+0800][info] GC(39) Archive regions: 2->2
[2024-09-08T23:16:44.216+0800][info] GC(39) Humongous regions: 3->0
[2024-09-08T23:16:44.216+0800][info] GC(39) Metaspace: 755K(896K)->755K(896K) NonClass: 691K(768K)->691K(768K) Class: 63K(128K)->63K(128K)
[2024-09-08T23:16:44.216+0800][info] GC(39) Pause Young (Normal) (G1 Evacuation Pause) 27M->15M(128M) 1.244ms
[2024-09-08T23:16:44.216+0800][info] GC(39) User=0.01s Sys=0.01s Real=0.00s
[2024-09-08T23:16:44.217+0800][info] GC(40) Pause Young (Normal) (G1 Evacuation Pause)
[2024-09-08T23:16:44.217+0800][info] GC(40) Using 3 workers of 48 for evacuation
[2024-09-08T23:16:44.219+0800][info] GC(40)   Pre Evacuate Collection Set: 0.0ms
[2024-09-08T23:16:44.219+0800][info] GC(40)   Merge Heap Roots: 0.0ms
[2024-09-08T23:16:44.219+0800][info] GC(40)   Evacuate Collection Set: 1.2ms
[2024-09-08T23:16:44.219+0800][info] GC(40)   Post Evacuate Collection Set: 0.2ms
[2024-09-08T23:16:44.219+0800][info] GC(40)   Other: 0.1ms
[2024-09-08T23:16:44.219+0800][info] GC(40) Eden regions: 1->0(1)
[2024-09-08T23:16:44.219+0800][info] GC(40) Survivor regions: 1->1(1)
[2024-09-08T23:16:44.219+0800][info] GC(40) Old regions: 2->3
[2024-09-08T23:16:44.219+0800][info] GC(40) Archive regions: 2->2
[2024-09-08T23:16:44.219+0800][info] GC(40) Humongous regions: 0->0
[2024-09-08T23:16:44.219+0800][info] GC(40) Metaspace: 755K(896K)->755K(896K) NonClass: 691K(768K)->691K(768K) Class: 63K(128K)->63K(128K)
[2024-09-08T23:16:44.219+0800][info] GC(40) Pause Young (Normal) (G1 Evacuation Pause) 19M->19M(128M) 1.647ms
[2024-09-08T23:16:44.219+0800][info] GC(40) User=0.00s Sys=0.00s Real=0.00s
[2024-09-08T23:16:44.219+0800][info] GC(41) Pause Young (Normal) (G1 Evacuation Pause)
[2024-09-08T23:16:44.219+0800][info] GC(41) Using 3 workers of 48 for evacuation
[2024-09-08T23:16:44.221+0800][info] GC(41)   Pre Evacuate Collection Set: 0.0ms
[2024-09-08T23:16:44.221+0800][info] GC(41)   Merge Heap Roots: 0.0ms
[2024-09-08T23:16:44.221+0800][info] GC(41)   Evacuate Collection Set: 1.2ms
[2024-09-08T23:16:44.221+0800][info] GC(41)   Post Evacuate Collection Set: 0.2ms
[2024-09-08T23:16:44.221+0800][info] GC(41)   Other: 0.1ms
[2024-09-08T23:16:44.221+0800][info] GC(41) Eden regions: 1->0(1)
[2024-09-08T23:16:44.221+0800][info] GC(41) Survivor regions: 1->1(1)
[2024-09-08T23:16:44.221+0800][info] GC(41) Old regions: 3->4
[2024-09-08T23:16:44.221+0800][info] GC(41) Archive regions: 2->2
[2024-09-08T23:16:44.221+0800][info] GC(41) Humongous regions: 0->0
[2024-09-08T23:16:44.221+0800][info] GC(41) Metaspace: 755K(896K)->755K(896K) NonClass: 691K(768K)->691K(768K) Class: 63K(128K)->63K(128K)
[2024-09-08T23:16:44.221+0800][info] GC(41) Pause Young (Normal) (G1 Evacuation Pause) 22M->22M(128M) 1.689ms
[2024-09-08T23:16:44.221+0800][info] GC(41) User=0.00s Sys=0.00s Real=0.00s
[2024-09-08T23:16:44.222+0800][info] GC(42) Pause Young (Normal) (G1 Evacuation Pause)
[2024-09-08T23:16:44.222+0800][info] GC(42) Using 3 workers of 48 for evacuation
[2024-09-08T23:16:44.223+0800][info] GC(42)   Pre Evacuate Collection Set: 0.0ms
[2024-09-08T23:16:44.223+0800][info] GC(42)   Merge Heap Roots: 0.0ms
[2024-09-08T23:16:44.223+0800][info] GC(42)   Evacuate Collection Set: 1.2ms
[2024-09-08T23:16:44.223+0800][info] GC(42)   Post Evacuate Collection Set: 0.2ms
[2024-09-08T23:16:44.223+0800][info] GC(42)   Other: 0.1ms
[2024-09-08T23:16:44.223+0800][info] GC(42) Eden regions: 1->0(1)
[2024-09-08T23:16:44.223+0800][info] GC(42) Survivor regions: 1->1(1)
[2024-09-08T23:16:44.223+0800][info] GC(42) Old regions: 4->5
[2024-09-08T23:16:44.223+0800][info] GC(42) Archive regions: 2->2
[2024-09-08T23:16:44.223+0800][info] GC(42) Humongous regions: 0->0
[2024-09-08T23:16:44.223+0800][info] GC(42) Metaspace: 755K(896K)->755K(896K) NonClass: 691K(768K)->691K(768K) Class: 63K(128K)->63K(128K)
[2024-09-08T23:16:44.224+0800][info] GC(42) Pause Young (Normal) (G1 Evacuation Pause) 26M->26M(128M) 1.675ms
[2024-09-08T23:16:44.224+0800][info] GC(42) User=0.01s Sys=0.00s Real=0.00s
[2024-09-08T23:16:44.224+0800][info] GC(43) Pause Young (Normal) (G1 Evacuation Pause)
[2024-09-08T23:16:44.224+0800][info] GC(43) Using 3 workers of 48 for evacuation
[2024-09-08T23:16:44.226+0800][info] GC(43)   Pre Evacuate Collection Set: 0.0ms
[2024-09-08T23:16:44.226+0800][info] GC(43)   Merge Heap Roots: 0.0ms
[2024-09-08T23:16:44.226+0800][info] GC(43)   Evacuate Collection Set: 1.3ms
[2024-09-08T23:16:44.226+0800][info] GC(43)   Post Evacuate Collection Set: 0.2ms
[2024-09-08T23:16:44.226+0800][info] GC(43)   Other: 0.1ms
[2024-09-08T23:16:44.226+0800][info] GC(43) Eden regions: 1->0(2)
[2024-09-08T23:16:44.226+0800][info] GC(43) Survivor regions: 1->1(1)
[2024-09-08T23:16:44.226+0800][info] GC(43) Old regions: 5->6
[2024-09-08T23:16:44.226+0800][info] GC(43) Archive regions: 2->2
[2024-09-08T23:16:44.226+0800][info] GC(43) Humongous regions: 0->0
[2024-09-08T23:16:44.226+0800][info] GC(43) Metaspace: 755K(896K)->755K(896K) NonClass: 691K(768K)->691K(768K) Class: 63K(128K)->63K(128K)
[2024-09-08T23:16:44.226+0800][info] GC(43) Pause Young (Normal) (G1 Evacuation Pause) 30M->30M(128M) 1.750ms
[2024-09-08T23:16:44.226+0800][info] GC(43) User=0.00s Sys=0.00s Real=0.01s
[2024-09-08T23:16:44.227+0800][info] GC(44) Pause Young (Normal) (G1 Evacuation Pause)
[2024-09-08T23:16:44.227+0800][info] GC(44) Using 3 workers of 48 for evacuation
[2024-09-08T23:16:44.230+0800][info] GC(44)   Pre Evacuate Collection Set: 0.0ms
[2024-09-08T23:16:44.230+0800][info] GC(44)   Merge Heap Roots: 0.0ms
[2024-09-08T23:16:44.230+0800][info] GC(44)   Evacuate Collection Set: 2.1ms
[2024-09-08T23:16:44.230+0800][info] GC(44)   Post Evacuate Collection Set: 0.2ms
[2024-09-08T23:16:44.230+0800][info] GC(44)   Other: 0.1ms
[2024-09-08T23:16:44.230+0800][info] GC(44) Eden regions: 2->0(2)
[2024-09-08T23:16:44.230+0800][info] GC(44) Survivor regions: 1->1(1)
[2024-09-08T23:16:44.230+0800][info] GC(44) Old regions: 6->8
[2024-09-08T23:16:44.230+0800][info] GC(44) Archive regions: 2->2
[2024-09-08T23:16:44.230+0800][info] GC(44) Humongous regions: 0->0
[2024-09-08T23:16:44.230+0800][info] GC(44) Metaspace: 755K(896K)->755K(896K) NonClass: 691K(768K)->691K(768K) Class: 63K(128K)->63K(128K)
[2024-09-08T23:16:44.230+0800][info] GC(44) Pause Young (Normal) (G1 Evacuation Pause) 38M->38M(128M) 2.536ms
[2024-09-08T23:16:44.230+0800][info] GC(44) User=0.01s Sys=0.00s Real=0.00s
[2024-09-08T23:16:44.231+0800][info] GC(45) Pause Young (Normal) (G1 Evacuation Pause)
[2024-09-08T23:16:44.231+0800][info] GC(45) Using 3 workers of 48 for evacuation
[2024-09-08T23:16:44.234+0800][info] GC(45)   Pre Evacuate Collection Set: 0.0ms
[2024-09-08T23:16:44.234+0800][info] GC(45)   Merge Heap Roots: 0.0ms
[2024-09-08T23:16:44.234+0800][info] GC(45)   Evacuate Collection Set: 1.9ms
[2024-09-08T23:16:44.234+0800][info] GC(45)   Post Evacuate Collection Set: 0.2ms
[2024-09-08T23:16:44.234+0800][info] GC(45)   Other: 0.1ms
[2024-09-08T23:16:44.234+0800][info] GC(45) Eden regions: 2->0(2)
[2024-09-08T23:16:44.234+0800][info] GC(45) Survivor regions: 1->1(1)
[2024-09-08T23:16:44.234+0800][info] GC(45) Old regions: 8->10
[2024-09-08T23:16:44.234+0800][info] GC(45) Archive regions: 2->2
[2024-09-08T23:16:44.234+0800][info] GC(45) Humongous regions: 0->0
[2024-09-08T23:16:44.234+0800][info] GC(45) Metaspace: 755K(896K)->755K(896K) NonClass: 691K(768K)->691K(768K) Class: 63K(128K)->63K(128K)
[2024-09-08T23:16:44.234+0800][info] GC(45) Pause Young (Normal) (G1 Evacuation Pause) 46M->46M(128M) 2.401ms
[2024-09-08T23:16:44.234+0800][info] GC(45) User=0.01s Sys=0.00s Real=0.00s
[2024-09-08T23:16:44.235+0800][info] GC(46) Pause Young (Normal) (G1 Evacuation Pause)
[2024-09-08T23:16:44.235+0800][info] GC(46) Using 3 workers of 48 for evacuation
[2024-09-08T23:16:44.237+0800][info] GC(46)   Pre Evacuate Collection Set: 0.0ms
[2024-09-08T23:16:44.237+0800][info] GC(46)   Merge Heap Roots: 0.0ms
[2024-09-08T23:16:44.237+0800][info] GC(46)   Evacuate Collection Set: 1.9ms
[2024-09-08T23:16:44.237+0800][info] GC(46)   Post Evacuate Collection Set: 0.2ms
[2024-09-08T23:16:44.237+0800][info] GC(46)   Other: 0.1ms
[2024-09-08T23:16:44.237+0800][info] GC(46) Eden regions: 2->0(2)
[2024-09-08T23:16:44.237+0800][info] GC(46) Survivor regions: 1->1(1)
[2024-09-08T23:16:44.237+0800][info] GC(46) Old regions: 10->12
[2024-09-08T23:16:44.237+0800][info] GC(46) Archive regions: 2->2
[2024-09-08T23:16:44.237+0800][info] GC(46) Humongous regions: 0->0
[2024-09-08T23:16:44.237+0800][info] GC(46) Metaspace: 755K(896K)->755K(896K) NonClass: 691K(768K)->691K(768K) Class: 63K(128K)->63K(128K)
[2024-09-08T23:16:44.237+0800][info] GC(46) Pause Young (Normal) (G1 Evacuation Pause) 54M->54M(128M) 2.375ms
[2024-09-08T23:16:44.237+0800][info] GC(46) User=0.00s Sys=0.00s Real=0.01s
[2024-09-08T23:16:44.239+0800][info] GC(47) Pause Young (Normal) (G1 Evacuation Pause)
[2024-09-08T23:16:44.239+0800][info] GC(47) Using 3 workers of 48 for evacuation
[2024-09-08T23:16:44.241+0800][info] GC(47)   Pre Evacuate Collection Set: 0.0ms
[2024-09-08T23:16:44.241+0800][info] GC(47)   Merge Heap Roots: 0.0ms
[2024-09-08T23:16:44.241+0800][info] GC(47)   Evacuate Collection Set: 1.9ms
[2024-09-08T23:16:44.241+0800][info] GC(47)   Post Evacuate Collection Set: 0.2ms
[2024-09-08T23:16:44.241+0800][info] GC(47)   Other: 0.1ms
[2024-09-08T23:16:44.241+0800][info] GC(47) Eden regions: 2->0(2)
[2024-09-08T23:16:44.241+0800][info] GC(47) Survivor regions: 1->1(1)
[2024-09-08T23:16:44.241+0800][info] GC(47) Old regions: 12->14
[2024-09-08T23:16:44.241+0800][info] GC(47) Archive regions: 2->2
[2024-09-08T23:16:44.241+0800][info] GC(47) Humongous regions: 0->0
[2024-09-08T23:16:44.241+0800][info] GC(47) Metaspace: 755K(896K)->755K(896K) NonClass: 691K(768K)->691K(768K) Class: 63K(128K)->63K(128K)
[2024-09-08T23:16:44.241+0800][info] GC(47) Pause Young (Normal) (G1 Evacuation Pause) 62M->63M(128M) 2.395ms
[2024-09-08T23:16:44.241+0800][info] GC(47) User=0.00s Sys=0.00s Real=0.00s
[2024-09-08T23:16:44.242+0800][info] GC(48) Pause Young (Concurrent Start) (G1 Evacuation Pause)
[2024-09-08T23:16:44.242+0800][info] GC(48) Using 3 workers of 48 for evacuation
[2024-09-08T23:16:44.245+0800][info] GC(48)   Pre Evacuate Collection Set: 0.0ms
[2024-09-08T23:16:44.245+0800][info] GC(48)   Merge Heap Roots: 0.0ms
[2024-09-08T23:16:44.245+0800][info] GC(48)   Evacuate Collection Set: 2.0ms
[2024-09-08T23:16:44.245+0800][info] GC(48)   Post Evacuate Collection Set: 0.2ms
[2024-09-08T23:16:44.245+0800][info] GC(48)   Other: 0.2ms
[2024-09-08T23:16:44.245+0800][info] GC(48) Eden regions: 2->0(2)
[2024-09-08T23:16:44.245+0800][info] GC(48) Survivor regions: 1->1(1)
[2024-09-08T23:16:44.245+0800][info] GC(48) Old regions: 14->16
[2024-09-08T23:16:44.245+0800][info] GC(48) Archive regions: 2->2
[2024-09-08T23:16:44.245+0800][info] GC(48) Humongous regions: 0->0
[2024-09-08T23:16:44.245+0800][info] GC(48) Metaspace: 755K(896K)->755K(896K) NonClass: 691K(768K)->691K(768K) Class: 63K(128K)->63K(128K)
[2024-09-08T23:16:44.245+0800][info] GC(48) Pause Young (Concurrent Start) (G1 Evacuation Pause) 71M->71M(128M) 2.622ms
[2024-09-08T23:16:44.245+0800][info] GC(48) User=0.01s Sys=0.00s Real=0.01s
[2024-09-08T23:16:44.245+0800][info] GC(49) Concurrent Mark Cycle
[2024-09-08T23:16:44.245+0800][info] GC(49) Concurrent Clear Claimed Marks
[2024-09-08T23:16:44.245+0800][info] GC(49) Concurrent Clear Claimed Marks 0.024ms
[2024-09-08T23:16:44.245+0800][info] GC(49) Concurrent Scan Root Regions
[2024-09-08T23:16:44.245+0800][info] GC(49) Concurrent Scan Root Regions 0.323ms
[2024-09-08T23:16:44.245+0800][info] GC(49) Concurrent Mark
[2024-09-08T23:16:44.245+0800][info] GC(49) Concurrent Mark From Roots
[2024-09-08T23:16:44.245+0800][info] GC(49) Using 12 workers of 12 for marking
[2024-09-08T23:16:44.248+0800][info] GC(49) Concurrent Mark From Roots 2.387ms
[2024-09-08T23:16:44.248+0800][info] GC(49) Concurrent Preclean
[2024-09-08T23:16:44.250+0800][info] GC(49) Concurrent Preclean 1.796ms
[2024-09-08T23:16:44.250+0800][info] GC(49) Pause Remark
[2024-09-08T23:16:44.251+0800][info] GC(49) Pause Remark 71M->71M(128M) 1.125ms
[2024-09-08T23:16:44.251+0800][info] GC(49) User=0.00s Sys=0.00s Real=0.00s
[2024-09-08T23:16:44.251+0800][info] GC(49) Concurrent Mark 5.491ms
[2024-09-08T23:16:44.251+0800][info] GC(49) Concurrent Rebuild Remembered Sets
[2024-09-08T23:16:44.256+0800][info] GC(49) Concurrent Rebuild Remembered Sets 5.324ms
[2024-09-08T23:16:44.256+0800][info] GC(49) Pause Cleanup
[2024-09-08T23:16:44.257+0800][info] GC(49) Pause Cleanup 71M->71M(128M) 0.358ms
[2024-09-08T23:16:44.257+0800][info] GC(49) User=0.00s Sys=0.00s Real=0.01s
[2024-09-08T23:16:44.257+0800][info] GC(49) Concurrent Cleanup for Next Mark
[2024-09-08T23:16:44.257+0800][info] GC(49) Concurrent Cleanup for Next Mark 0.305ms
[2024-09-08T23:16:44.257+0800][info] GC(49) Concurrent Mark Cycle 12.172ms
[2024-09-08T23:16:44.349+0800][info] GC(50) Pause Young (Prepare Mixed) (G1 Evacuation Pause)
[2024-09-08T23:16:44.350+0800][info] GC(50) Using 3 workers of 48 for evacuation
[2024-09-08T23:16:44.352+0800][info] GC(50)   Pre Evacuate Collection Set: 0.1ms
[2024-09-08T23:16:44.352+0800][info] GC(50)   Merge Heap Roots: 0.0ms
[2024-09-08T23:16:44.352+0800][info] GC(50)   Evacuate Collection Set: 2.2ms
[2024-09-08T23:16:44.352+0800][info] GC(50)   Post Evacuate Collection Set: 0.2ms
[2024-09-08T23:16:44.352+0800][info] GC(50)   Other: 0.2ms
[2024-09-08T23:16:44.352+0800][info] GC(50) Eden regions: 2->0(2)
[2024-09-08T23:16:44.352+0800][info] GC(50) Survivor regions: 1->1(1)
[2024-09-08T23:16:44.352+0800][info] GC(50) Old regions: 16->18
[2024-09-08T23:16:44.352+0800][info] GC(50) Archive regions: 2->2
[2024-09-08T23:16:44.352+0800][info] GC(50) Humongous regions: 0->0
[2024-09-08T23:16:44.352+0800][info] GC(50) Metaspace: 758K(896K)->758K(896K) NonClass: 694K(768K)->694K(768K) Class: 63K(128K)->63K(128K)
[2024-09-08T23:16:44.352+0800][info] GC(50) Pause Young (Prepare Mixed) (G1 Evacuation Pause) 79M->79M(128M) 2.781ms
[2024-09-08T23:16:44.352+0800][info] GC(50) User=0.00s Sys=0.00s Real=0.00s
[2024-09-08T23:16:44.354+0800][info] GC(51) Pause Young (Mixed) (G1 Evacuation Pause)
[2024-09-08T23:16:44.354+0800][info] GC(51) Using 3 workers of 48 for evacuation
[2024-09-08T23:16:44.358+0800][info] GC(51)   Pre Evacuate Collection Set: 0.1ms
[2024-09-08T23:16:44.358+0800][info] GC(51)   Merge Heap Roots: 0.0ms
[2024-09-08T23:16:44.358+0800][info] GC(51)   Evacuate Collection Set: 3.9ms
[2024-09-08T23:16:44.358+0800][info] GC(51)   Post Evacuate Collection Set: 0.2ms
[2024-09-08T23:16:44.358+0800][info] GC(51)   Other: 0.1ms
[2024-09-08T23:16:44.358+0800][info] GC(51) Eden regions: 2->0(2)
[2024-09-08T23:16:44.358+0800][info] GC(51) Survivor regions: 1->1(1)
[2024-09-08T23:16:44.358+0800][info] GC(51) Old regions: 18->19
[2024-09-08T23:16:44.358+0800][info] GC(51) Archive regions: 2->2
[2024-09-08T23:16:44.358+0800][info] GC(51) Humongous regions: 0->0
[2024-09-08T23:16:44.358+0800][info] GC(51) Metaspace: 758K(896K)->758K(896K) NonClass: 694K(768K)->694K(768K) Class: 63K(128K)->63K(128K)
[2024-09-08T23:16:44.358+0800][info] GC(51) Pause Young (Mixed) (G1 Evacuation Pause) 87M->80M(128M) 4.580ms
[2024-09-08T23:16:44.358+0800][info] GC(51) User=0.02s Sys=0.00s Real=0.01s
[2024-09-08T23:16:44.360+0800][info] GC(52) Pause Young (Concurrent Start) (G1 Evacuation Pause)
[2024-09-08T23:16:44.360+0800][info] GC(52) Using 3 workers of 48 for evacuation
[2024-09-08T23:16:44.363+0800][info] GC(52)   Pre Evacuate Collection Set: 0.1ms
[2024-09-08T23:16:44.363+0800][info] GC(52)   Merge Heap Roots: 0.0ms
[2024-09-08T23:16:44.363+0800][info] GC(52)   Evacuate Collection Set: 2.1ms
[2024-09-08T23:16:44.363+0800][info] GC(52)   Post Evacuate Collection Set: 0.2ms
[2024-09-08T23:16:44.363+0800][info] GC(52)   Other: 0.3ms
[2024-09-08T23:16:44.363+0800][info] GC(52) Eden regions: 2->0(2)
[2024-09-08T23:16:44.363+0800][info] GC(52) Survivor regions: 1->1(1)
[2024-09-08T23:16:44.363+0800][info] GC(52) Old regions: 19->21
[2024-09-08T23:16:44.363+0800][info] GC(52) Archive regions: 2->2
[2024-09-08T23:16:44.363+0800][info] GC(52) Humongous regions: 0->0
[2024-09-08T23:16:44.363+0800][info] GC(52) Metaspace: 758K(896K)->758K(896K) NonClass: 694K(768K)->694K(768K) Class: 63K(128K)->63K(128K)
[2024-09-08T23:16:44.363+0800][info] GC(52) Pause Young (Concurrent Start) (G1 Evacuation Pause) 88M->88M(128M) 2.835ms
[2024-09-08T23:16:44.363+0800][info] GC(52) User=0.00s Sys=0.00s Real=0.00s
[2024-09-08T23:16:44.363+0800][info] GC(53) Concurrent Mark Cycle
[2024-09-08T23:16:44.363+0800][info] GC(53) Concurrent Clear Claimed Marks
[2024-09-08T23:16:44.363+0800][info] GC(53) Concurrent Clear Claimed Marks 0.022ms
[2024-09-08T23:16:44.363+0800][info] GC(53) Concurrent Scan Root Regions
[2024-09-08T23:16:44.363+0800][info] GC(53) Concurrent Scan Root Regions 0.054ms
[2024-09-08T23:16:44.363+0800][info] GC(53) Concurrent Mark
[2024-09-08T23:16:44.363+0800][info] GC(53) Concurrent Mark From Roots
[2024-09-08T23:16:44.363+0800][info] GC(53) Using 12 workers of 12 for marking
[2024-09-08T23:16:44.366+0800][info] GC(53) Concurrent Mark From Roots 2.240ms
[2024-09-08T23:16:44.366+0800][info] GC(53) Concurrent Preclean
[2024-09-08T23:16:44.367+0800][info] GC(53) Concurrent Preclean 1.693ms
[2024-09-08T23:16:44.367+0800][info] GC(53) Pause Remark
[2024-09-08T23:16:44.369+0800][info] GC(53) Pause Remark 89M->89M(128M) 1.267ms
[2024-09-08T23:16:44.369+0800][info] GC(53) User=0.01s Sys=0.00s Real=0.00s
[2024-09-08T23:16:44.369+0800][info] GC(53) Concurrent Mark 5.432ms
[2024-09-08T23:16:44.369+0800][info] GC(53) Concurrent Rebuild Remembered Sets
[2024-09-08T23:16:44.376+0800][info] GC(53) Concurrent Rebuild Remembered Sets 7.689ms
[2024-09-08T23:16:44.377+0800][info] GC(53) Pause Cleanup
[2024-09-08T23:16:44.377+0800][info] GC(53) Pause Cleanup 89M->89M(128M) 0.421ms
[2024-09-08T23:16:44.377+0800][info] GC(53) User=0.00s Sys=0.00s Real=0.01s
[2024-09-08T23:16:44.377+0800][info] GC(53) Concurrent Cleanup for Next Mark
[2024-09-08T23:16:44.377+0800][info] GC(53) Concurrent Cleanup for Next Mark 0.193ms
[2024-09-08T23:16:44.377+0800][info] GC(53) Concurrent Mark Cycle 14.145ms
[2024-09-08T23:16:44.468+0800][info] GC(54) Pause Young (Normal) (G1 Evacuation Pause)
[2024-09-08T23:16:44.468+0800][info] GC(54) Using 3 workers of 48 for evacuation
[2024-09-08T23:16:44.471+0800][info] GC(54)   Pre Evacuate Collection Set: 0.1ms
[2024-09-08T23:16:44.471+0800][info] GC(54)   Merge Heap Roots: 0.1ms
[2024-09-08T23:16:44.471+0800][info] GC(54)   Evacuate Collection Set: 2.2ms
[2024-09-08T23:16:44.471+0800][info] GC(54)   Post Evacuate Collection Set: 0.2ms
[2024-09-08T23:16:44.471+0800][info] GC(54)   Other: 0.1ms
[2024-09-08T23:16:44.471+0800][info] GC(54) Eden regions: 2->0(1)
[2024-09-08T23:16:44.471+0800][info] GC(54) Survivor regions: 1->1(1)
[2024-09-08T23:16:44.471+0800][info] GC(54) Old regions: 21->23
[2024-09-08T23:16:44.471+0800][info] GC(54) Archive regions: 2->2
[2024-09-08T23:16:44.471+0800][info] GC(54) Humongous regions: 0->0
[2024-09-08T23:16:44.471+0800][info] GC(54) Metaspace: 769K(896K)->769K(896K) NonClass: 705K(768K)->705K(768K) Class: 63K(128K)->63K(128K)
[2024-09-08T23:16:44.471+0800][info] GC(54) Pause Young (Normal) (G1 Evacuation Pause) 96M->96M(128M) 2.825ms
[2024-09-08T23:16:44.471+0800][info] GC(54) User=0.00s Sys=0.00s Real=0.00s
[2024-09-08T23:16:44.472+0800][info] GC(55) Pause Young (Concurrent Start) (G1 Evacuation Pause)
[2024-09-08T23:16:44.472+0800][info] GC(55) Using 3 workers of 48 for evacuation
[2024-09-08T23:16:44.473+0800][info] GC(55)   Pre Evacuate Collection Set: 0.0ms
[2024-09-08T23:16:44.473+0800][info] GC(55)   Merge Heap Roots: 0.0ms
[2024-09-08T23:16:44.473+0800][info] GC(55)   Evacuate Collection Set: 1.4ms
[2024-09-08T23:16:44.473+0800][info] GC(55)   Post Evacuate Collection Set: 0.2ms
[2024-09-08T23:16:44.473+0800][info] GC(55)   Other: 0.2ms
[2024-09-08T23:16:44.474+0800][info] GC(55) Eden regions: 1->0(2)
[2024-09-08T23:16:44.474+0800][info] GC(55) Survivor regions: 1->1(1)
[2024-09-08T23:16:44.474+0800][info] GC(55) Old regions: 23->24
[2024-09-08T23:16:44.474+0800][info] GC(55) Archive regions: 2->2
[2024-09-08T23:16:44.474+0800][info] GC(55) Humongous regions: 0->0
[2024-09-08T23:16:44.474+0800][info] GC(55) Metaspace: 769K(896K)->769K(896K) NonClass: 705K(768K)->705K(768K) Class: 63K(128K)->63K(128K)
[2024-09-08T23:16:44.474+0800][info] GC(55) Pause Young (Concurrent Start) (G1 Evacuation Pause) 100M->100M(128M) 1.973ms
[2024-09-08T23:16:44.474+0800][info] GC(55) User=0.01s Sys=0.00s Real=0.00s
[2024-09-08T23:16:44.474+0800][info] GC(56) Concurrent Mark Cycle
[2024-09-08T23:16:44.474+0800][info] GC(56) Concurrent Clear Claimed Marks
[2024-09-08T23:16:44.474+0800][info] GC(56) Concurrent Clear Claimed Marks 0.021ms
[2024-09-08T23:16:44.474+0800][info] GC(56) Concurrent Scan Root Regions
[2024-09-08T23:16:44.474+0800][info] GC(56) Concurrent Scan Root Regions 0.055ms
[2024-09-08T23:16:44.474+0800][info] GC(56) Concurrent Mark
[2024-09-08T23:16:44.474+0800][info] GC(56) Concurrent Mark From Roots
[2024-09-08T23:16:44.474+0800][info] GC(56) Using 12 workers of 12 for marking
[2024-09-08T23:16:44.476+0800][info] GC(56) Concurrent Mark From Roots 2.101ms
[2024-09-08T23:16:44.476+0800][info] GC(56) Concurrent Preclean
[2024-09-08T23:16:44.478+0800][info] GC(56) Concurrent Preclean 1.696ms
[2024-09-08T23:16:44.478+0800][info] GC(56) Pause Remark
[2024-09-08T23:16:44.479+0800][info] GC(56) Pause Remark 100M->100M(128M) 1.273ms
[2024-09-08T23:16:44.479+0800][info] GC(56) User=0.01s Sys=0.00s Real=0.00s
[2024-09-08T23:16:44.479+0800][info] GC(56) Concurrent Mark 5.231ms
[2024-09-08T23:16:44.479+0800][info] GC(56) Concurrent Rebuild Remembered Sets
[2024-09-08T23:16:44.486+0800][info] GC(56) Concurrent Rebuild Remembered Sets 6.672ms
[2024-09-08T23:16:44.486+0800][info] GC(56) Pause Cleanup
[2024-09-08T23:16:44.487+0800][info] GC(56) Pause Cleanup 100M->100M(128M) 1.352ms
[2024-09-08T23:16:44.487+0800][info] GC(56) User=0.00s Sys=0.00s Real=0.00s
[2024-09-08T23:16:44.487+0800][info] GC(56) Concurrent Cleanup for Next Mark
[2024-09-08T23:16:44.488+0800][info] GC(56) Concurrent Cleanup for Next Mark 0.261ms
[2024-09-08T23:16:44.488+0800][info] GC(56) Concurrent Mark Cycle 13.976ms
[2024-09-08T23:16:44.578+0800][info] GC(57) Pause Young (Normal) (G1 Preventive Collection)
[2024-09-08T23:16:44.578+0800][info] GC(57) Using 3 workers of 48 for evacuation
[2024-09-08T23:16:44.579+0800][info] GC(57)   Pre Evacuate Collection Set: 0.1ms
[2024-09-08T23:16:44.579+0800][info] GC(57)   Merge Heap Roots: 0.0ms
[2024-09-08T23:16:44.579+0800][info] GC(57)   Evacuate Collection Set: 1.5ms
[2024-09-08T23:16:44.579+0800][info] GC(57)   Post Evacuate Collection Set: 0.2ms
[2024-09-08T23:16:44.579+0800][info] GC(57)   Other: 0.1ms
[2024-09-08T23:16:44.579+0800][info] GC(57) Eden regions: 1->0(1)
[2024-09-08T23:16:44.580+0800][info] GC(57) Survivor regions: 1->1(1)
[2024-09-08T23:16:44.580+0800][info] GC(57) Old regions: 24->25
[2024-09-08T23:16:44.580+0800][info] GC(57) Archive regions: 2->2
[2024-09-08T23:16:44.580+0800][info] GC(57) Humongous regions: 0->0
[2024-09-08T23:16:44.580+0800][info] GC(57) Metaspace: 770K(896K)->770K(896K) NonClass: 706K(768K)->706K(768K) Class: 63K(128K)->63K(128K)
[2024-09-08T23:16:44.580+0800][info] GC(57) Pause Young (Normal) (G1 Preventive Collection) 104M->104M(128M) 2.078ms
[2024-09-08T23:16:44.580+0800][info] GC(57) User=0.00s Sys=0.00s Real=0.00s
[2024-09-08T23:16:44.592+0800][info] GC(58) Pause Young (Concurrent Start) (G1 Preventive Collection)
[2024-09-08T23:16:44.592+0800][info] GC(58) Using 3 workers of 48 for evacuation
[2024-09-08T23:16:44.593+0800][info] GC(58)   Pre Evacuate Collection Set: 0.1ms
[2024-09-08T23:16:44.594+0800][info] GC(58)   Merge Heap Roots: 0.0ms
[2024-09-08T23:16:44.594+0800][info] GC(58)   Evacuate Collection Set: 1.4ms
[2024-09-08T23:16:44.594+0800][info] GC(58)   Post Evacuate Collection Set: 0.2ms
[2024-09-08T23:16:44.594+0800][info] GC(58)   Other: 0.3ms
[2024-09-08T23:16:44.594+0800][info] GC(58) Eden regions: 1->0(1)
[2024-09-08T23:16:44.594+0800][info] GC(58) Survivor regions: 1->1(1)
[2024-09-08T23:16:44.594+0800][info] GC(58) Old regions: 25->26
[2024-09-08T23:16:44.594+0800][info] GC(58) Archive regions: 2->2
[2024-09-08T23:16:44.594+0800][info] GC(58) Humongous regions: 0->0
[2024-09-08T23:16:44.594+0800][info] GC(58) Metaspace: 776K(896K)->776K(896K) NonClass: 713K(768K)->713K(768K) Class: 63K(128K)->63K(128K)
[2024-09-08T23:16:44.594+0800][info] GC(58) Pause Young (Concurrent Start) (G1 Preventive Collection) 108M->108M(128M) 2.109ms
[2024-09-08T23:16:44.594+0800][info] GC(58) User=0.00s Sys=0.00s Real=0.00s
[2024-09-08T23:16:44.594+0800][info] GC(59) Concurrent Mark Cycle
[2024-09-08T23:16:44.594+0800][info] GC(59) Concurrent Clear Claimed Marks
[2024-09-08T23:16:44.594+0800][info] GC(59) Concurrent Clear Claimed Marks 0.020ms
[2024-09-08T23:16:44.594+0800][info] GC(59) Concurrent Scan Root Regions
[2024-09-08T23:16:44.594+0800][info] GC(59) Concurrent Scan Root Regions 0.076ms
[2024-09-08T23:16:44.594+0800][info] GC(59) Concurrent Mark
[2024-09-08T23:16:44.594+0800][info] GC(59) Concurrent Mark From Roots
[2024-09-08T23:16:44.594+0800][info] GC(59) Using 12 workers of 12 for marking
[2024-09-08T23:16:44.598+0800][info] GC(59) Concurrent Mark From Roots 4.209ms
[2024-09-08T23:16:44.598+0800][info] GC(59) Concurrent Preclean
[2024-09-08T23:16:44.600+0800][info] GC(59) Concurrent Preclean 1.694ms
[2024-09-08T23:16:44.600+0800][info] GC(59) Pause Remark
[2024-09-08T23:16:44.602+0800][info] GC(59) Pause Remark 108M->28M(128M) 1.709ms
[2024-09-08T23:16:44.602+0800][info] GC(59) User=0.00s Sys=0.00s Real=0.00s
[2024-09-08T23:16:44.602+0800][info] GC(59) Concurrent Mark 7.798ms
[2024-09-08T23:16:44.602+0800][info] GC(59) Concurrent Rebuild Remembered Sets
[2024-09-08T23:16:44.604+0800][info] GC(59) Concurrent Rebuild Remembered Sets 1.778ms
[2024-09-08T23:16:44.604+0800][info] GC(59) Pause Cleanup
[2024-09-08T23:16:44.604+0800][info] GC(59) Pause Cleanup 28M->28M(128M) 0.285ms
[2024-09-08T23:16:44.604+0800][info] GC(59) User=0.00s Sys=0.00s Real=0.00s
[2024-09-08T23:16:44.604+0800][info] GC(59) Concurrent Cleanup for Next Mark
[2024-09-08T23:16:44.604+0800][info] GC(59) Concurrent Cleanup for Next Mark 0.233ms
[2024-09-08T23:16:44.604+0800][info] GC(59) Concurrent Mark Cycle 10.512ms
[2024-09-08T23:16:44.697+0800][info] GC(60) Pause Young (Prepare Mixed) (G1 Evacuation Pause)
[2024-09-08T23:16:44.697+0800][info] GC(60) Using 3 workers of 48 for evacuation
[2024-09-08T23:16:44.698+0800][info] GC(60)   Pre Evacuate Collection Set: 0.0ms
[2024-09-08T23:16:44.698+0800][info] GC(60)   Merge Heap Roots: 0.1ms
[2024-09-08T23:16:44.698+0800][info] GC(60)   Evacuate Collection Set: 1.0ms
[2024-09-08T23:16:44.698+0800][info] GC(60)   Post Evacuate Collection Set: 0.2ms
[2024-09-08T23:16:44.698+0800][info] GC(60)   Other: 0.1ms
[2024-09-08T23:16:44.698+0800][info] GC(60) Eden regions: 1->0(1)
[2024-09-08T23:16:44.698+0800][info] GC(60) Survivor regions: 1->1(1)
[2024-09-08T23:16:44.698+0800][info] GC(60) Old regions: 6->6
[2024-09-08T23:16:44.698+0800][info] GC(60) Archive regions: 2->2
[2024-09-08T23:16:44.698+0800][info] GC(60) Humongous regions: 0->0
[2024-09-08T23:16:44.698+0800][info] GC(60) Metaspace: 776K(896K)->776K(896K) NonClass: 713K(768K)->713K(768K) Class: 63K(128K)->63K(128K)
[2024-09-08T23:16:44.699+0800][info] GC(60) Pause Young (Prepare Mixed) (G1 Evacuation Pause) 32M->31M(128M) 1.584ms
[2024-09-08T23:16:44.699+0800][info] GC(60) User=0.00s Sys=0.00s Real=0.00s
[2024-09-08T23:16:44.699+0800][info] GC(61) Pause Young (Mixed) (G1 Evacuation Pause)
[2024-09-08T23:16:44.699+0800][info] GC(61) Using 3 workers of 48 for evacuation
[2024-09-08T23:16:44.703+0800][info] GC(61)   Pre Evacuate Collection Set: 0.0ms
[2024-09-08T23:16:44.703+0800][info] GC(61)   Merge Heap Roots: 0.0ms
[2024-09-08T23:16:44.703+0800][info] GC(61)   Evacuate Collection Set: 3.0ms
[2024-09-08T23:16:44.703+0800][info] GC(61)   Post Evacuate Collection Set: 0.2ms
[2024-09-08T23:16:44.703+0800][info] GC(61)   Other: 0.1ms
[2024-09-08T23:16:44.703+0800][info] GC(61) Eden regions: 1->0(1)
[2024-09-08T23:16:44.703+0800][info] GC(61) Survivor regions: 1->1(1)
[2024-09-08T23:16:44.703+0800][info] GC(61) Old regions: 6->4
[2024-09-08T23:16:44.703+0800][info] GC(61) Archive regions: 2->2
[2024-09-08T23:16:44.703+0800][info] GC(61) Humongous regions: 0->0
[2024-09-08T23:16:44.703+0800][info] GC(61) Metaspace: 776K(896K)->776K(896K) NonClass: 713K(768K)->713K(768K) Class: 63K(128K)->63K(128K)
[2024-09-08T23:16:44.703+0800][info] GC(61) Pause Young (Mixed) (G1 Evacuation Pause) 35M->20M(128M) 3.581ms
[2024-09-08T23:16:44.703+0800][info] GC(61) User=0.00s Sys=0.00s Real=0.00s
[2024-09-08T23:16:44.703+0800][info] GC(62) Pause Young (Mixed) (G1 Evacuation Pause)
[2024-09-08T23:16:44.703+0800][info] GC(62) Using 3 workers of 48 for evacuation
[2024-09-08T23:16:44.705+0800][info] GC(62)   Pre Evacuate Collection Set: 0.0ms
[2024-09-08T23:16:44.705+0800][info] GC(62)   Merge Heap Roots: 0.0ms
[2024-09-08T23:16:44.705+0800][info] GC(62)   Evacuate Collection Set: 1.4ms
[2024-09-08T23:16:44.705+0800][info] GC(62)   Post Evacuate Collection Set: 0.2ms
[2024-09-08T23:16:44.705+0800][info] GC(62)   Other: 0.1ms
[2024-09-08T23:16:44.705+0800][info] GC(62) Eden regions: 1->0(7)
[2024-09-08T23:16:44.705+0800][info] GC(62) Survivor regions: 1->1(1)
[2024-09-08T23:16:44.705+0800][info] GC(62) Old regions: 4->4
[2024-09-08T23:16:44.705+0800][info] GC(62) Archive regions: 2->2
[2024-09-08T23:16:44.705+0800][info] GC(62) Humongous regions: 0->0
[2024-09-08T23:16:44.705+0800][info] GC(62) Metaspace: 776K(896K)->776K(896K) NonClass: 713K(768K)->713K(768K) Class: 63K(128K)->63K(128K)
[2024-09-08T23:16:44.705+0800][info] GC(62) Pause Young (Mixed) (G1 Evacuation Pause) 24M->20M(128M) 1.824ms
[2024-09-08T23:16:44.705+0800][info] GC(62) User=0.00s Sys=0.00s Real=0.01s
[2024-09-08T23:16:44.711+0800][info] GC(63) Pause Young (Normal) (G1 Evacuation Pause)
[2024-09-08T23:16:44.711+0800][info] GC(63) Using 3 workers of 48 for evacuation
[2024-09-08T23:16:44.717+0800][info] GC(63)   Pre Evacuate Collection Set: 0.0ms
[2024-09-08T23:16:44.717+0800][info] GC(63)   Merge Heap Roots: 0.0ms
[2024-09-08T23:16:44.717+0800][info] GC(63)   Evacuate Collection Set: 5.5ms
[2024-09-08T23:16:44.717+0800][info] GC(63)   Post Evacuate Collection Set: 0.2ms
[2024-09-08T23:16:44.717+0800][info] GC(63)   Other: 0.1ms
[2024-09-08T23:16:44.717+0800][info] GC(63) Eden regions: 7->0(4)
[2024-09-08T23:16:44.717+0800][info] GC(63) Survivor regions: 1->1(1)
[2024-09-08T23:16:44.717+0800][info] GC(63) Old regions: 4->11
[2024-09-08T23:16:44.717+0800][info] GC(63) Archive regions: 2->2
[2024-09-08T23:16:44.717+0800][info] GC(63) Humongous regions: 0->0
[2024-09-08T23:16:44.717+0800][info] GC(63) Metaspace: 776K(896K)->776K(896K) NonClass: 713K(768K)->713K(768K) Class: 63K(128K)->63K(128K)
[2024-09-08T23:16:44.717+0800][info] GC(63) Pause Young (Normal) (G1 Evacuation Pause) 48M->48M(128M) 6.116ms
[2024-09-08T23:16:44.718+0800][info] GC(63) User=0.01s Sys=0.00s Real=0.01s
[2024-09-08T23:16:44.721+0800][info] GC(64) Pause Young (Normal) (G1 Evacuation Pause)
[2024-09-08T23:16:44.721+0800][info] GC(64) Using 3 workers of 48 for evacuation
[2024-09-08T23:16:44.724+0800][info] GC(64)   Pre Evacuate Collection Set: 0.1ms
[2024-09-08T23:16:44.725+0800][info] GC(64)   Merge Heap Roots: 0.0ms
[2024-09-08T23:16:44.725+0800][info] GC(64)   Evacuate Collection Set: 3.3ms
[2024-09-08T23:16:44.725+0800][info] GC(64)   Post Evacuate Collection Set: 0.2ms
[2024-09-08T23:16:44.725+0800][info] GC(64)   Other: 0.2ms
[2024-09-08T23:16:44.725+0800][info] GC(64) Eden regions: 4->0(3)
[2024-09-08T23:16:44.725+0800][info] GC(64) Survivor regions: 1->1(1)
[2024-09-08T23:16:44.725+0800][info] GC(64) Old regions: 11->15
[2024-09-08T23:16:44.725+0800][info] GC(64) Archive regions: 2->2
[2024-09-08T23:16:44.725+0800][info] GC(64) Humongous regions: 0->0
[2024-09-08T23:16:44.725+0800][info] GC(64) Metaspace: 776K(896K)->776K(896K) NonClass: 713K(768K)->713K(768K) Class: 63K(128K)->63K(128K)
[2024-09-08T23:16:44.725+0800][info] GC(64) Pause Young (Normal) (G1 Evacuation Pause) 64M->64M(128M) 3.880ms
[2024-09-08T23:16:44.725+0800][info] GC(64) User=0.01s Sys=0.00s Real=0.00s
[2024-09-08T23:16:44.727+0800][info] GC(65) Pause Young (Normal) (G1 Evacuation Pause)
[2024-09-08T23:16:44.727+0800][info] GC(65) Using 3 workers of 48 for evacuation
[2024-09-08T23:16:44.730+0800][info] GC(65)   Pre Evacuate Collection Set: 0.0ms
[2024-09-08T23:16:44.730+0800][info] GC(65)   Merge Heap Roots: 0.0ms
[2024-09-08T23:16:44.730+0800][info] GC(65)   Evacuate Collection Set: 2.6ms
[2024-09-08T23:16:44.730+0800][info] GC(65)   Post Evacuate Collection Set: 0.2ms
[2024-09-08T23:16:44.730+0800][info] GC(65)   Other: 0.1ms
[2024-09-08T23:16:44.730+0800][info] GC(65) Eden regions: 3->0(2)
[2024-09-08T23:16:44.730+0800][info] GC(65) Survivor regions: 1->1(1)
[2024-09-08T23:16:44.730+0800][info] GC(65) Old regions: 15->18
[2024-09-08T23:16:44.730+0800][info] GC(65) Archive regions: 2->2
[2024-09-08T23:16:44.730+0800][info] GC(65) Humongous regions: 0->0
[2024-09-08T23:16:44.730+0800][info] GC(65) Metaspace: 776K(896K)->776K(896K) NonClass: 713K(768K)->713K(768K) Class: 63K(128K)->63K(128K)
[2024-09-08T23:16:44.730+0800][info] GC(65) Pause Young (Normal) (G1 Evacuation Pause) 76M->76M(128M) 3.082ms
[2024-09-08T23:16:44.730+0800][info] GC(65) User=0.01s Sys=0.00s Real=0.00s
[2024-09-08T23:16:44.731+0800][info] GC(66) Pause Young (Normal) (G1 Evacuation Pause)
[2024-09-08T23:16:44.731+0800][info] GC(66) Using 3 workers of 48 for evacuation
[2024-09-08T23:16:44.733+0800][info] GC(66)   Pre Evacuate Collection Set: 0.1ms
[2024-09-08T23:16:44.733+0800][info] GC(66)   Merge Heap Roots: 0.0ms
[2024-09-08T23:16:44.733+0800][info] GC(66)   Evacuate Collection Set: 1.8ms
[2024-09-08T23:16:44.733+0800][info] GC(66)   Post Evacuate Collection Set: 0.2ms
[2024-09-08T23:16:44.733+0800][info] GC(66)   Other: 0.1ms
[2024-09-08T23:16:44.733+0800][info] GC(66) Eden regions: 2->0(2)
[2024-09-08T23:16:44.733+0800][info] GC(66) Survivor regions: 1->1(1)
[2024-09-08T23:16:44.733+0800][info] GC(66) Old regions: 18->20
[2024-09-08T23:16:44.733+0800][info] GC(66) Archive regions: 2->2
[2024-09-08T23:16:44.733+0800][info] GC(66) Humongous regions: 0->0
[2024-09-08T23:16:44.734+0800][info] GC(66) Metaspace: 776K(896K)->776K(896K) NonClass: 713K(768K)->713K(768K) Class: 63K(128K)->63K(128K)
[2024-09-08T23:16:44.734+0800][info] GC(66) Pause Young (Normal) (G1 Evacuation Pause) 84M->84M(128M) 2.364ms
[2024-09-08T23:16:44.734+0800][info] GC(66) User=0.01s Sys=0.00s Real=0.00s
[2024-09-08T23:16:44.735+0800][info] GC(67) Pause Young (Normal) (G1 Evacuation Pause)
[2024-09-08T23:16:44.735+0800][info] GC(67) Using 3 workers of 48 for evacuation
[2024-09-08T23:16:44.737+0800][info] GC(67)   Pre Evacuate Collection Set: 0.0ms
[2024-09-08T23:16:44.737+0800][info] GC(67)   Merge Heap Roots: 0.0ms
[2024-09-08T23:16:44.737+0800][info] GC(67)   Evacuate Collection Set: 1.9ms
[2024-09-08T23:16:44.737+0800][info] GC(67)   Post Evacuate Collection Set: 0.2ms
[2024-09-08T23:16:44.737+0800][info] GC(67)   Other: 0.1ms
[2024-09-08T23:16:44.737+0800][info] GC(67) Eden regions: 2->0(2)
[2024-09-08T23:16:44.737+0800][info] GC(67) Survivor regions: 1->1(1)
[2024-09-08T23:16:44.737+0800][info] GC(67) Old regions: 20->22
[2024-09-08T23:16:44.737+0800][info] GC(67) Archive regions: 2->2
[2024-09-08T23:16:44.737+0800][info] GC(67) Humongous regions: 0->0
[2024-09-08T23:16:44.737+0800][info] GC(67) Metaspace: 776K(896K)->776K(896K) NonClass: 713K(768K)->713K(768K) Class: 63K(128K)->63K(128K)
[2024-09-08T23:16:44.737+0800][info] GC(67) Pause Young (Normal) (G1 Evacuation Pause) 92M->92M(128M) 2.424ms
[2024-09-08T23:16:44.737+0800][info] GC(67) User=0.00s Sys=0.00s Real=0.01s
[2024-09-08T23:16:44.738+0800][info] GC(68) Pause Young (Normal) (G1 Preventive Collection)
[2024-09-08T23:16:44.738+0800][info] GC(68) Using 3 workers of 48 for evacuation
[2024-09-08T23:16:44.740+0800][info] GC(68)   Pre Evacuate Collection Set: 0.0ms
[2024-09-08T23:16:44.740+0800][info] GC(68)   Merge Heap Roots: 0.0ms
[2024-09-08T23:16:44.740+0800][info] GC(68)   Evacuate Collection Set: 1.9ms
[2024-09-08T23:16:44.741+0800][info] GC(68)   Post Evacuate Collection Set: 0.2ms
[2024-09-08T23:16:44.741+0800][info] GC(68)   Other: 0.1ms
[2024-09-08T23:16:44.741+0800][info] GC(68) Eden regions: 2->0(2)
[2024-09-08T23:16:44.741+0800][info] GC(68) Survivor regions: 1->1(1)
[2024-09-08T23:16:44.741+0800][info] GC(68) Old regions: 22->24
[2024-09-08T23:16:44.741+0800][info] GC(68) Archive regions: 2->2
[2024-09-08T23:16:44.741+0800][info] GC(68) Humongous regions: 0->0
[2024-09-08T23:16:44.741+0800][info] GC(68) Metaspace: 776K(896K)->776K(896K) NonClass: 713K(768K)->713K(768K) Class: 63K(128K)->63K(128K)
[2024-09-08T23:16:44.741+0800][info] GC(68) Pause Young (Normal) (G1 Preventive Collection) 100M->100M(128M) 2.358ms
[2024-09-08T23:16:44.741+0800][info] GC(68) User=0.01s Sys=0.00s Real=0.00s
[2024-09-08T23:16:44.741+0800][info] GC(69) Pause Young (Normal) (G1 Preventive Collection)
[2024-09-08T23:16:44.741+0800][info] GC(69) Using 3 workers of 48 for evacuation
[2024-09-08T23:16:44.743+0800][info] GC(69)   Pre Evacuate Collection Set: 0.0ms
[2024-09-08T23:16:44.743+0800][info] GC(69)   Merge Heap Roots: 0.0ms
[2024-09-08T23:16:44.743+0800][info] GC(69)   Evacuate Collection Set: 1.4ms
[2024-09-08T23:16:44.743+0800][info] GC(69)   Post Evacuate Collection Set: 0.2ms
[2024-09-08T23:16:44.743+0800][info] GC(69)   Other: 0.1ms
[2024-09-08T23:16:44.743+0800][info] GC(69) Eden regions: 1->0(2)
[2024-09-08T23:16:44.743+0800][info] GC(69) Survivor regions: 1->1(1)
[2024-09-08T23:16:44.743+0800][info] GC(69) Old regions: 24->25
[2024-09-08T23:16:44.743+0800][info] GC(69) Archive regions: 2->2
[2024-09-08T23:16:44.743+0800][info] GC(69) Humongous regions: 0->0
[2024-09-08T23:16:44.743+0800][info] GC(69) Metaspace: 776K(896K)->776K(896K) NonClass: 713K(768K)->713K(768K) Class: 63K(128K)->63K(128K)
[2024-09-08T23:16:44.743+0800][info] GC(69) Pause Young (Normal) (G1 Preventive Collection) 104M->104M(128M) 1.812ms
[2024-09-08T23:16:44.743+0800][info] GC(69) User=0.00s Sys=0.00s Real=0.00s
[2024-09-08T23:16:44.744+0800][info] GC(70) Pause Young (Concurrent Start) (G1 Humongous Allocation)
[2024-09-08T23:16:44.744+0800][info] GC(70) Using 3 workers of 48 for evacuation
[2024-09-08T23:16:44.746+0800][info] GC(70)   Pre Evacuate Collection Set: 0.0ms
[2024-09-08T23:16:44.746+0800][info] GC(70)   Merge Heap Roots: 0.0ms
[2024-09-08T23:16:44.746+0800][info] GC(70)   Evacuate Collection Set: 1.1ms
[2024-09-08T23:16:44.746+0800][info] GC(70)   Post Evacuate Collection Set: 0.2ms
[2024-09-08T23:16:44.746+0800][info] GC(70)   Other: 0.2ms
[2024-09-08T23:16:44.746+0800][info] GC(70) Eden regions: 1->0(2)
[2024-09-08T23:16:44.746+0800][info] GC(70) Survivor regions: 1->1(1)
[2024-09-08T23:16:44.746+0800][info] GC(70) Old regions: 25->26
[2024-09-08T23:16:44.746+0800][info] GC(70) Archive regions: 2->2
[2024-09-08T23:16:44.746+0800][info] GC(70) Humongous regions: 0->0
[2024-09-08T23:16:44.746+0800][info] GC(70) Metaspace: 776K(896K)->776K(896K) NonClass: 713K(768K)->713K(768K) Class: 63K(128K)->63K(128K)
[2024-09-08T23:16:44.746+0800][info] GC(70) Pause Young (Concurrent Start) (G1 Humongous Allocation) 106M->106M(128M) 1.703ms
[2024-09-08T23:16:44.746+0800][info] GC(70) User=0.01s Sys=0.00s Real=0.01s
[2024-09-08T23:16:44.746+0800][info] GC(71) Concurrent Mark Cycle
[2024-09-08T23:16:44.746+0800][info] GC(71) Concurrent Clear Claimed Marks
[2024-09-08T23:16:44.746+0800][info] GC(71) Concurrent Clear Claimed Marks 0.028ms
[2024-09-08T23:16:44.746+0800][info] GC(71) Concurrent Scan Root Regions
[2024-09-08T23:16:44.746+0800][info] GC(71) Concurrent Scan Root Regions 0.156ms
[2024-09-08T23:16:44.746+0800][info] GC(72) Pause Young (Normal) (G1 Preventive Collection)
[2024-09-08T23:16:44.746+0800][info] GC(72) Using 3 workers of 48 for evacuation
[2024-09-08T23:16:44.746+0800][info] GC(71) Concurrent Mark
[2024-09-08T23:16:44.746+0800][info] GC(71) Concurrent Mark From Roots
[2024-09-08T23:16:44.746+0800][info] GC(71) Using 12 workers of 12 for marking
[2024-09-08T23:16:44.747+0800][info] GC(72)   Pre Evacuate Collection Set: 0.3ms
[2024-09-08T23:16:44.747+0800][info] GC(72)   Merge Heap Roots: 0.0ms
[2024-09-08T23:16:44.747+0800][info] GC(72)   Evacuate Collection Set: 0.4ms
[2024-09-08T23:16:44.747+0800][info] GC(72)   Post Evacuate Collection Set: 0.1ms
[2024-09-08T23:16:44.747+0800][info] GC(72)   Other: 0.1ms
[2024-09-08T23:16:44.747+0800][info] GC(72) Eden regions: 0->0(2)
[2024-09-08T23:16:44.747+0800][info] GC(72) Survivor regions: 1->0(1)
[2024-09-08T23:16:44.747+0800][info] GC(72) Old regions: 26->26
[2024-09-08T23:16:44.747+0800][info] GC(72) Archive regions: 2->2
[2024-09-08T23:16:44.747+0800][info] GC(72) Humongous regions: 0->0
[2024-09-08T23:16:44.747+0800][info] GC(72) Metaspace: 776K(896K)->776K(896K) NonClass: 713K(768K)->713K(768K) Class: 63K(128K)->63K(128K)
[2024-09-08T23:16:44.747+0800][info] GC(72) Pause Young (Normal) (G1 Preventive Collection) 106M->106M(128M) 0.827ms
[2024-09-08T23:16:44.747+0800][info] GC(72) User=0.00s Sys=0.00s Real=0.00s
[2024-09-08T23:16:44.749+0800][info] GC(71) Concurrent Mark From Roots 2.933ms
[2024-09-08T23:16:44.749+0800][info] GC(71) Concurrent Preclean
[2024-09-08T23:16:44.751+0800][info] GC(71) Concurrent Preclean 1.707ms
[2024-09-08T23:16:44.751+0800][info] GC(71) Pause Remark
[2024-09-08T23:16:44.753+0800][info] GC(71) Pause Remark 119M->35M(128M) 1.502ms
[2024-09-08T23:16:44.753+0800][info] GC(71) User=0.01s Sys=0.00s Real=0.00s
[2024-09-08T23:16:44.753+0800][info] GC(71) Concurrent Mark 6.411ms
[2024-09-08T23:16:44.753+0800][info] GC(71) Concurrent Rebuild Remembered Sets
[2024-09-08T23:16:44.756+0800][info] GC(71) Concurrent Rebuild Remembered Sets 2.804ms
[2024-09-08T23:16:44.756+0800][info] GC(71) Pause Cleanup
[2024-09-08T23:16:44.756+0800][info] GC(71) Pause Cleanup 35M->35M(128M) 0.229ms
[2024-09-08T23:16:44.756+0800][info] GC(71) User=0.00s Sys=0.00s Real=0.00s
[2024-09-08T23:16:44.756+0800][info] GC(71) Concurrent Cleanup for Next Mark
[2024-09-08T23:16:44.756+0800][info] GC(71) Concurrent Cleanup for Next Mark 0.291ms
[2024-09-08T23:16:44.756+0800][info] GC(71) Concurrent Mark Cycle 10.308ms
[2024-09-08T23:16:44.897+0800][info] GC(73) Pause Young (Prepare Mixed) (G1 Preventive Collection)
[2024-09-08T23:16:44.897+0800][info] GC(73) Using 3 workers of 48 for evacuation
[2024-09-08T23:16:44.897+0800][info] GC(73)   Pre Evacuate Collection Set: 0.1ms
[2024-09-08T23:16:44.897+0800][info] GC(73)   Merge Heap Roots: 0.0ms
[2024-09-08T23:16:44.897+0800][info] GC(73)   Evacuate Collection Set: 0.1ms
[2024-09-08T23:16:44.897+0800][info] GC(73)   Post Evacuate Collection Set: 0.2ms
[2024-09-08T23:16:44.897+0800][info] GC(73)   Other: 0.1ms
[2024-09-08T23:16:44.897+0800][info] GC(73) Eden regions: 1->0(1)
[2024-09-08T23:16:44.897+0800][info] GC(73) Survivor regions: 0->0(1)
[2024-09-08T23:16:44.897+0800][info] GC(73) Old regions: 5->5
[2024-09-08T23:16:44.897+0800][info] GC(73) Archive regions: 2->2
[2024-09-08T23:16:44.897+0800][info] GC(73) Humongous regions: 21->0
[2024-09-08T23:16:44.897+0800][info] GC(73) Metaspace: 777K(896K)->777K(896K) NonClass: 713K(768K)->713K(768K) Class: 63K(128K)->63K(128K)
[2024-09-08T23:16:44.897+0800][info] GC(73) Pause Young (Prepare Mixed) (G1 Preventive Collection) 107M->22M(128M) 0.696ms
[2024-09-08T23:16:44.897+0800][info] GC(73) User=0.00s Sys=0.00s Real=0.01s
[2024-09-08T23:16:44.945+0800][info] GC(74) Pause Young (Mixed) (G1 Preventive Collection)
[2024-09-08T23:16:44.945+0800][info] GC(74) Using 3 workers of 48 for evacuation
[2024-09-08T23:16:44.947+0800][info] GC(74)   Pre Evacuate Collection Set: 0.1ms
[2024-09-08T23:16:44.947+0800][info] GC(74)   Merge Heap Roots: 0.1ms
[2024-09-08T23:16:44.947+0800][info] GC(74)   Evacuate Collection Set: 1.5ms
[2024-09-08T23:16:44.947+0800][info] GC(74)   Post Evacuate Collection Set: 0.2ms
[2024-09-08T23:16:44.947+0800][info] GC(74)   Other: 0.1ms
[2024-09-08T23:16:44.947+0800][info] GC(74) Eden regions: 0->0(8)
[2024-09-08T23:16:44.947+0800][info] GC(74) Survivor regions: 0->0(1)
[2024-09-08T23:16:44.947+0800][info] GC(74) Old regions: 5->3
[2024-09-08T23:16:44.947+0800][info] GC(74) Archive regions: 2->2
[2024-09-08T23:16:44.947+0800][info] GC(74) Humongous regions: 21->0
[2024-09-08T23:16:44.947+0800][info] GC(74) Metaspace: 777K(896K)->777K(896K) NonClass: 713K(768K)->713K(768K) Class: 63K(128K)->63K(128K)
[2024-09-08T23:16:44.947+0800][info] GC(74) Pause Young (Mixed) (G1 Preventive Collection) 106M->11M(128M) 2.148ms
[2024-09-08T23:16:44.947+0800][info] GC(74) User=0.00s Sys=0.00s Real=0.01s
[2024-09-08T23:16:45.001+0800][info] GC(75) Pause Young (Concurrent Start) (G1 Humongous Allocation)
[2024-09-08T23:16:45.001+0800][info] GC(75) Using 3 workers of 48 for evacuation
[2024-09-08T23:16:45.001+0800][info] GC(75)   Pre Evacuate Collection Set: 0.1ms
[2024-09-08T23:16:45.001+0800][info] GC(75)   Merge Heap Roots: 0.0ms
[2024-09-08T23:16:45.001+0800][info] GC(75)   Evacuate Collection Set: 0.1ms
[2024-09-08T23:16:45.001+0800][info] GC(75)   Post Evacuate Collection Set: 0.2ms
[2024-09-08T23:16:45.001+0800][info] GC(75)   Other: 0.3ms
[2024-09-08T23:16:45.001+0800][info] GC(75) Eden regions: 0->0(8)
[2024-09-08T23:16:45.001+0800][info] GC(75) Survivor regions: 0->0(1)
[2024-09-08T23:16:45.001+0800][info] GC(75) Old regions: 3->3
[2024-09-08T23:16:45.001+0800][info] GC(75) Archive regions: 2->2
[2024-09-08T23:16:45.001+0800][info] GC(75) Humongous regions: 24->0
[2024-09-08T23:16:45.001+0800][info] GC(75) Metaspace: 777K(896K)->777K(896K) NonClass: 713K(768K)->713K(768K) Class: 63K(128K)->63K(128K)
[2024-09-08T23:16:45.001+0800][info] GC(75) Pause Young (Concurrent Start) (G1 Humongous Allocation) 107M->11M(128M) 0.813ms
[2024-09-08T23:16:45.001+0800][info] GC(75) User=0.00s Sys=0.00s Real=0.00s
[2024-09-08T23:16:45.001+0800][info] GC(76) Concurrent Undo Cycle
[2024-09-08T23:16:45.001+0800][info] GC(76) Concurrent Cleanup for Next Mark
[2024-09-08T23:16:45.002+0800][info] GC(76) Concurrent Cleanup for Next Mark 0.329ms
[2024-09-08T23:16:45.002+0800][info] GC(76) Concurrent Undo Cycle 0.424ms
[2024-09-08T23:16:45.042+0800][info] GC(77) Pause Young (Concurrent Start) (G1 Humongous Allocation)
[2024-09-08T23:16:45.042+0800][info] GC(77) Using 3 workers of 48 for evacuation
[2024-09-08T23:16:45.042+0800][info] GC(77)   Pre Evacuate Collection Set: 0.1ms
[2024-09-08T23:16:45.042+0800][info] GC(77)   Merge Heap Roots: 0.0ms
[2024-09-08T23:16:45.042+0800][info] GC(77)   Evacuate Collection Set: 0.1ms
[2024-09-08T23:16:45.042+0800][info] GC(77)   Post Evacuate Collection Set: 0.1ms
[2024-09-08T23:16:45.042+0800][info] GC(77)   Other: 0.2ms
[2024-09-08T23:16:45.042+0800][info] GC(77) Eden regions: 0->0(8)
[2024-09-08T23:16:45.042+0800][info] GC(77) Survivor regions: 0->0(1)
[2024-09-08T23:16:45.042+0800][info] GC(77) Old regions: 3->3
[2024-09-08T23:16:45.042+0800][info] GC(77) Archive regions: 2->2
[2024-09-08T23:16:45.042+0800][info] GC(77) Humongous regions: 18->0
[2024-09-08T23:16:45.042+0800][info] GC(77) Metaspace: 777K(896K)->777K(896K) NonClass: 713K(768K)->713K(768K) Class: 63K(128K)->63K(128K)
[2024-09-08T23:16:45.043+0800][info] GC(77) Pause Young (Concurrent Start) (G1 Humongous Allocation) 83M->11M(128M) 0.740ms
[2024-09-08T23:16:45.043+0800][info] GC(77) User=0.00s Sys=0.00s Real=0.00s
[2024-09-08T23:16:45.043+0800][info] GC(78) Concurrent Undo Cycle
[2024-09-08T23:16:45.043+0800][info] GC(78) Concurrent Cleanup for Next Mark
[2024-09-08T23:16:45.043+0800][info] GC(78) Concurrent Cleanup for Next Mark 0.259ms
[2024-09-08T23:16:45.043+0800][info] GC(78) Concurrent Undo Cycle 0.317ms
[2024-09-08T23:16:45.083+0800][info] GC(79) Pause Young (Concurrent Start) (G1 Humongous Allocation)
[2024-09-08T23:16:45.083+0800][info] GC(79) Using 3 workers of 48 for evacuation
[2024-09-08T23:16:45.084+0800][info] GC(79)   Pre Evacuate Collection Set: 0.1ms
[2024-09-08T23:16:45.084+0800][info] GC(79)   Merge Heap Roots: 0.0ms
[2024-09-08T23:16:45.084+0800][info] GC(79)   Evacuate Collection Set: 0.1ms
[2024-09-08T23:16:45.084+0800][info] GC(79)   Post Evacuate Collection Set: 0.2ms
[2024-09-08T23:16:45.084+0800][info] GC(79)   Other: 0.2ms
[2024-09-08T23:16:45.084+0800][info] GC(79) Eden regions: 0->0(8)
[2024-09-08T23:16:45.084+0800][info] GC(79) Survivor regions: 0->0(1)
[2024-09-08T23:16:45.084+0800][info] GC(79) Old regions: 3->3
[2024-09-08T23:16:45.084+0800][info] GC(79) Archive regions: 2->2
[2024-09-08T23:16:45.084+0800][info] GC(79) Humongous regions: 18->0
[2024-09-08T23:16:45.084+0800][info] GC(79) Metaspace: 777K(896K)->777K(896K) NonClass: 713K(768K)->713K(768K) Class: 63K(128K)->63K(128K)
[2024-09-08T23:16:45.084+0800][info] GC(79) Pause Young (Concurrent Start) (G1 Humongous Allocation) 83M->11M(128M) 0.750ms
[2024-09-08T23:16:45.084+0800][info] GC(79) User=0.00s Sys=0.00s Real=0.00s
[2024-09-08T23:16:45.084+0800][info] GC(80) Concurrent Undo Cycle
[2024-09-08T23:16:45.084+0800][info] GC(80) Concurrent Cleanup for Next Mark
[2024-09-08T23:16:45.084+0800][info] GC(80) Concurrent Cleanup for Next Mark 0.246ms
[2024-09-08T23:16:45.084+0800][info] GC(80) Concurrent Undo Cycle 0.298ms
[2024-09-08T23:16:45.124+0800][info] GC(81) Pause Young (Concurrent Start) (G1 Humongous Allocation)
[2024-09-08T23:16:45.124+0800][info] GC(81) Using 3 workers of 48 for evacuation
[2024-09-08T23:16:45.125+0800][info] GC(81)   Pre Evacuate Collection Set: 0.0ms
[2024-09-08T23:16:45.125+0800][info] GC(81)   Merge Heap Roots: 0.0ms
[2024-09-08T23:16:45.125+0800][info] GC(81)   Evacuate Collection Set: 0.1ms
[2024-09-08T23:16:45.125+0800][info] GC(81)   Post Evacuate Collection Set: 0.1ms
[2024-09-08T23:16:45.125+0800][info] GC(81)   Other: 0.3ms
[2024-09-08T23:16:45.125+0800][info] GC(81) Eden regions: 0->0(8)
[2024-09-08T23:16:45.125+0800][info] GC(81) Survivor regions: 0->0(1)
[2024-09-08T23:16:45.125+0800][info] GC(81) Old regions: 3->3
[2024-09-08T23:16:45.125+0800][info] GC(81) Archive regions: 2->2
[2024-09-08T23:16:45.125+0800][info] GC(81) Humongous regions: 18->0
[2024-09-08T23:16:45.125+0800][info] GC(81) Metaspace: 777K(896K)->777K(896K) NonClass: 713K(768K)->713K(768K) Class: 63K(128K)->63K(128K)
[2024-09-08T23:16:45.125+0800][info] GC(81) Pause Young (Concurrent Start) (G1 Humongous Allocation) 83M->11M(128M) 0.739ms
[2024-09-08T23:16:45.125+0800][info] GC(81) User=0.00s Sys=0.00s Real=0.01s
[2024-09-08T23:16:45.125+0800][info] GC(82) Concurrent Undo Cycle
[2024-09-08T23:16:45.125+0800][info] GC(82) Concurrent Cleanup for Next Mark
[2024-09-08T23:16:45.125+0800][info] GC(82) Concurrent Cleanup for Next Mark 0.247ms
[2024-09-08T23:16:45.125+0800][info] GC(82) Concurrent Undo Cycle 0.301ms
[2024-09-08T23:16:45.165+0800][info] GC(83) Pause Young (Concurrent Start) (G1 Humongous Allocation)
[2024-09-08T23:16:45.165+0800][info] GC(83) Using 3 workers of 48 for evacuation
[2024-09-08T23:16:45.166+0800][info] GC(83)   Pre Evacuate Collection Set: 0.1ms
[2024-09-08T23:16:45.166+0800][info] GC(83)   Merge Heap Roots: 0.0ms
[2024-09-08T23:16:45.166+0800][info] GC(83)   Evacuate Collection Set: 0.3ms
[2024-09-08T23:16:45.166+0800][info] GC(83)   Post Evacuate Collection Set: 0.2ms
[2024-09-08T23:16:45.166+0800][info] GC(83)   Other: 0.2ms
[2024-09-08T23:16:45.166+0800][info] GC(83) Eden regions: 0->0(8)
[2024-09-08T23:16:45.166+0800][info] GC(83) Survivor regions: 0->0(1)
[2024-09-08T23:16:45.166+0800][info] GC(83) Old regions: 3->3
[2024-09-08T23:16:45.166+0800][info] GC(83) Archive regions: 2->2
[2024-09-08T23:16:45.166+0800][info] GC(83) Humongous regions: 18->0
[2024-09-08T23:16:45.166+0800][info] GC(83) Metaspace: 777K(896K)->777K(896K) NonClass: 713K(768K)->713K(768K) Class: 63K(128K)->63K(128K)
[2024-09-08T23:16:45.166+0800][info] GC(83) Pause Young (Concurrent Start) (G1 Humongous Allocation) 83M->11M(128M) 1.005ms
[2024-09-08T23:16:45.166+0800][info] GC(83) User=0.00s Sys=0.00s Real=0.00s
[2024-09-08T23:16:45.166+0800][info] GC(84) Concurrent Undo Cycle
[2024-09-08T23:16:45.166+0800][info] GC(84) Concurrent Cleanup for Next Mark
[2024-09-08T23:16:45.167+0800][info] GC(84) Concurrent Cleanup for Next Mark 0.262ms
[2024-09-08T23:16:45.167+0800][info] GC(84) Concurrent Undo Cycle 0.323ms
[2024-09-08T23:16:45.210+0800][info] GC(85) Pause Young (Normal) (G1 Preventive Collection)
[2024-09-08T23:16:45.210+0800][info] GC(85) Using 3 workers of 48 for evacuation
[2024-09-08T23:16:45.214+0800][info] GC(85)   Pre Evacuate Collection Set: 0.1ms
[2024-09-08T23:16:45.214+0800][info] GC(85)   Merge Heap Roots: 0.0ms
[2024-09-08T23:16:45.214+0800][info] GC(85)   Evacuate Collection Set: 3.6ms
[2024-09-08T23:16:45.214+0800][info] GC(85)   Post Evacuate Collection Set: 0.2ms
[2024-09-08T23:16:45.214+0800][info] GC(85)   Other: 0.1ms
[2024-09-08T23:16:45.214+0800][info] GC(85) Eden regions: 7->0(5)
[2024-09-08T23:16:45.214+0800][info] GC(85) Survivor regions: 0->1(1)
[2024-09-08T23:16:45.214+0800][info] GC(85) Old regions: 3->9
[2024-09-08T23:16:45.214+0800][info] GC(85) Archive regions: 2->2
[2024-09-08T23:16:45.214+0800][info] GC(85) Humongous regions: 12->0
[2024-09-08T23:16:45.214+0800][info] GC(85) Metaspace: 777K(896K)->777K(896K) NonClass: 713K(768K)->713K(768K) Class: 63K(128K)->63K(128K)
[2024-09-08T23:16:45.214+0800][info] GC(85) Pause Young (Normal) (G1 Preventive Collection) 87M->39M(128M) 4.179ms
[2024-09-08T23:16:45.214+0800][info] GC(85) User=0.01s Sys=0.00s Real=0.00s
[2024-09-08T23:16:45.218+0800][info] GC(86) Pause Young (Normal) (G1 Evacuation Pause)
[2024-09-08T23:16:45.218+0800][info] GC(86) Using 3 workers of 48 for evacuation
[2024-09-08T23:16:45.222+0800][info] GC(86)   Pre Evacuate Collection Set: 0.0ms
[2024-09-08T23:16:45.222+0800][info] GC(86)   Merge Heap Roots: 0.0ms
[2024-09-08T23:16:45.222+0800][info] GC(86)   Evacuate Collection Set: 3.0ms
[2024-09-08T23:16:45.222+0800][info] GC(86)   Post Evacuate Collection Set: 0.2ms
[2024-09-08T23:16:45.222+0800][info] GC(86)   Other: 0.1ms
[2024-09-08T23:16:45.222+0800][info] GC(86) Eden regions: 5->0(4)
[2024-09-08T23:16:45.222+0800][info] GC(86) Survivor regions: 1->1(1)
[2024-09-08T23:16:45.222+0800][info] GC(86) Old regions: 9->14
[2024-09-08T23:16:45.222+0800][info] GC(86) Archive regions: 2->2
[2024-09-08T23:16:45.222+0800][info] GC(86) Humongous regions: 0->0
[2024-09-08T23:16:45.222+0800][info] GC(86) Metaspace: 777K(896K)->777K(896K) NonClass: 713K(768K)->713K(768K) Class: 63K(128K)->63K(128K)
[2024-09-08T23:16:45.222+0800][info] GC(86) Pause Young (Normal) (G1 Evacuation Pause) 59M->59M(128M) 3.585ms
[2024-09-08T23:16:45.222+0800][info] GC(86) User=0.01s Sys=0.00s Real=0.00s
[2024-09-08T23:16:45.225+0800][info] GC(87) Pause Young (Normal) (G1 Evacuation Pause)
[2024-09-08T23:16:45.225+0800][info] GC(87) Using 3 workers of 48 for evacuation
[2024-09-08T23:16:45.228+0800][info] GC(87)   Pre Evacuate Collection Set: 0.1ms
[2024-09-08T23:16:45.228+0800][info] GC(87)   Merge Heap Roots: 0.0ms
[2024-09-08T23:16:45.228+0800][info] GC(87)   Evacuate Collection Set: 2.4ms
[2024-09-08T23:16:45.228+0800][info] GC(87)   Post Evacuate Collection Set: 0.2ms
[2024-09-08T23:16:45.228+0800][info] GC(87)   Other: 0.2ms
[2024-09-08T23:16:45.228+0800][info] GC(87) Eden regions: 4->0(2)
[2024-09-08T23:16:45.228+0800][info] GC(87) Survivor regions: 1->1(1)
[2024-09-08T23:16:45.228+0800][info] GC(87) Old regions: 14->18
[2024-09-08T23:16:45.228+0800][info] GC(87) Archive regions: 2->2
[2024-09-08T23:16:45.228+0800][info] GC(87) Humongous regions: 0->0
[2024-09-08T23:16:45.228+0800][info] GC(87) Metaspace: 777K(896K)->777K(896K) NonClass: 713K(768K)->713K(768K) Class: 63K(128K)->63K(128K)
[2024-09-08T23:16:45.228+0800][info] GC(87) Pause Young (Normal) (G1 Evacuation Pause) 75M->75M(128M) 2.943ms
[2024-09-08T23:16:45.228+0800][info] GC(87) User=0.00s Sys=0.00s Real=0.00s
[2024-09-08T23:16:45.229+0800][info] GC(88) Pause Young (Normal) (G1 Evacuation Pause)
[2024-09-08T23:16:45.229+0800][info] GC(88) Using 3 workers of 48 for evacuation
[2024-09-08T23:16:45.231+0800][info] GC(88)   Pre Evacuate Collection Set: 0.0ms
[2024-09-08T23:16:45.231+0800][info] GC(88)   Merge Heap Roots: 0.0ms
[2024-09-08T23:16:45.231+0800][info] GC(88)   Evacuate Collection Set: 1.5ms
[2024-09-08T23:16:45.231+0800][info] GC(88)   Post Evacuate Collection Set: 0.1ms
[2024-09-08T23:16:45.231+0800][info] GC(88)   Other: 0.1ms
[2024-09-08T23:16:45.231+0800][info] GC(88) Eden regions: 2->0(2)
[2024-09-08T23:16:45.231+0800][info] GC(88) Survivor regions: 1->1(1)
[2024-09-08T23:16:45.231+0800][info] GC(88) Old regions: 18->19
[2024-09-08T23:16:45.231+0800][info] GC(88) Archive regions: 2->2
[2024-09-08T23:16:45.231+0800][info] GC(88) Humongous regions: 0->0
[2024-09-08T23:16:45.231+0800][info] GC(88) Metaspace: 777K(896K)->777K(896K) NonClass: 713K(768K)->713K(768K) Class: 63K(128K)->63K(128K)
[2024-09-08T23:16:45.231+0800][info] GC(88) Pause Young (Normal) (G1 Evacuation Pause) 83M->83M(128M) 1.962ms
[2024-09-08T23:16:45.231+0800][info] GC(88) User=0.01s Sys=0.00s Real=0.00s
[2024-09-08T23:16:45.232+0800][info] GC(89) Pause Young (Normal) (G1 Evacuation Pause)
[2024-09-08T23:16:45.233+0800][info] GC(89) Using 3 workers of 48 for evacuation
[2024-09-08T23:16:45.234+0800][info] GC(89)   Pre Evacuate Collection Set: 0.0ms
[2024-09-08T23:16:45.234+0800][info] GC(89)   Merge Heap Roots: 0.0ms
[2024-09-08T23:16:45.234+0800][info] GC(89)   Evacuate Collection Set: 1.6ms
[2024-09-08T23:16:45.234+0800][info] GC(89)   Post Evacuate Collection Set: 0.2ms
[2024-09-08T23:16:45.234+0800][info] GC(89)   Other: 0.1ms
[2024-09-08T23:16:45.234+0800][info] GC(89) Eden regions: 2->0(2)
[2024-09-08T23:16:45.234+0800][info] GC(89) Survivor regions: 1->1(1)
[2024-09-08T23:16:45.234+0800][info] GC(89) Old regions: 19->21
[2024-09-08T23:16:45.234+0800][info] GC(89) Archive regions: 2->2
[2024-09-08T23:16:45.234+0800][info] GC(89) Humongous regions: 0->0
[2024-09-08T23:16:45.234+0800][info] GC(89) Metaspace: 777K(896K)->777K(896K) NonClass: 713K(768K)->713K(768K) Class: 63K(128K)->63K(128K)
[2024-09-08T23:16:45.234+0800][info] GC(89) Pause Young (Normal) (G1 Evacuation Pause) 91M->91M(128M) 1.982ms
[2024-09-08T23:16:45.234+0800][info] GC(89) User=0.00s Sys=0.00s Real=0.00s
[2024-09-08T23:16:45.236+0800][info] GC(90) Pause Young (Normal) (G1 Evacuation Pause)
[2024-09-08T23:16:45.236+0800][info] GC(90) Using 3 workers of 48 for evacuation
[2024-09-08T23:16:45.238+0800][info] GC(90)   Pre Evacuate Collection Set: 0.0ms
[2024-09-08T23:16:45.238+0800][info] GC(90)   Merge Heap Roots: 0.0ms
[2024-09-08T23:16:45.238+0800][info] GC(90)   Evacuate Collection Set: 1.5ms
[2024-09-08T23:16:45.238+0800][info] GC(90)   Post Evacuate Collection Set: 0.2ms
[2024-09-08T23:16:45.238+0800][info] GC(90)   Other: 0.1ms
[2024-09-08T23:16:45.238+0800][info] GC(90) Eden regions: 2->0(2)
[2024-09-08T23:16:45.238+0800][info] GC(90) Survivor regions: 1->1(1)
[2024-09-08T23:16:45.238+0800][info] GC(90) Old regions: 21->23
[2024-09-08T23:16:45.238+0800][info] GC(90) Archive regions: 2->2
[2024-09-08T23:16:45.238+0800][info] GC(90) Humongous regions: 0->0
[2024-09-08T23:16:45.238+0800][info] GC(90) Metaspace: 777K(896K)->777K(896K) NonClass: 713K(768K)->713K(768K) Class: 63K(128K)->63K(128K)
[2024-09-08T23:16:45.238+0800][info] GC(90) Pause Young (Normal) (G1 Evacuation Pause) 99M->99M(128M) 1.945ms
[2024-09-08T23:16:45.238+0800][info] GC(90) User=0.00s Sys=0.00s Real=0.01s
[2024-09-08T23:16:45.240+0800][info] GC(91) Pause Young (Normal) (G1 Preventive Collection)
[2024-09-08T23:16:45.240+0800][info] GC(91) Using 3 workers of 48 for evacuation
[2024-09-08T23:16:45.241+0800][info] GC(91)   Pre Evacuate Collection Set: 0.0ms
[2024-09-08T23:16:45.241+0800][info] GC(91)   Merge Heap Roots: 0.0ms
[2024-09-08T23:16:45.241+0800][info] GC(91)   Evacuate Collection Set: 1.4ms
[2024-09-08T23:16:45.241+0800][info] GC(91)   Post Evacuate Collection Set: 0.2ms
[2024-09-08T23:16:45.241+0800][info] GC(91)   Other: 0.1ms
[2024-09-08T23:16:45.241+0800][info] GC(91) Eden regions: 2->0(2)
[2024-09-08T23:16:45.241+0800][info] GC(91) Survivor regions: 1->1(1)
[2024-09-08T23:16:45.241+0800][info] GC(91) Old regions: 23->25
[2024-09-08T23:16:45.241+0800][info] GC(91) Archive regions: 2->2
[2024-09-08T23:16:45.241+0800][info] GC(91) Humongous regions: 0->0
[2024-09-08T23:16:45.241+0800][info] GC(91) Metaspace: 777K(896K)->777K(896K) NonClass: 713K(768K)->713K(768K) Class: 63K(128K)->63K(128K)
[2024-09-08T23:16:45.241+0800][info] GC(91) Pause Young (Normal) (G1 Preventive Collection) 107M->107M(128M) 1.888ms
[2024-09-08T23:16:45.241+0800][info] GC(91) User=0.01s Sys=0.00s Real=0.00s
[2024-09-08T23:16:45.242+0800][info] GC(92) Pause Young (Normal) (G1 Preventive Collection)
[2024-09-08T23:16:45.242+0800][info] GC(92) Using 3 workers of 48 for evacuation
[2024-09-08T23:16:45.243+0800][info] GC(92)   Pre Evacuate Collection Set: 0.0ms
[2024-09-08T23:16:45.243+0800][info] GC(92)   Merge Heap Roots: 0.0ms
[2024-09-08T23:16:45.243+0800][info] GC(92)   Evacuate Collection Set: 0.7ms
[2024-09-08T23:16:45.243+0800][info] GC(92)   Post Evacuate Collection Set: 0.1ms
[2024-09-08T23:16:45.243+0800][info] GC(92)   Other: 0.1ms
[2024-09-08T23:16:45.243+0800][info] GC(92) Eden regions: 1->0(2)
[2024-09-08T23:16:45.243+0800][info] GC(92) Survivor regions: 1->1(1)
[2024-09-08T23:16:45.243+0800][info] GC(92) Old regions: 25->26
[2024-09-08T23:16:45.243+0800][info] GC(92) Archive regions: 2->2
[2024-09-08T23:16:45.243+0800][info] GC(92) Humongous regions: 0->0
[2024-09-08T23:16:45.243+0800][info] GC(92) Metaspace: 777K(896K)->777K(896K) NonClass: 713K(768K)->713K(768K) Class: 63K(128K)->63K(128K)
[2024-09-08T23:16:45.243+0800][info] GC(92) Pause Young (Normal) (G1 Preventive Collection) 111M->111M(128M) 1.156ms
[2024-09-08T23:16:45.243+0800][info] GC(92) User=0.00s Sys=0.00s Real=0.00s
[2024-09-08T23:16:45.255+0800][info] GC(93) Pause Young (Concurrent Start) (G1 Preventive Collection)
[2024-09-08T23:16:45.255+0800][info] GC(93) Using 3 workers of 48 for evacuation
[2024-09-08T23:16:45.256+0800][info] GC(93)   Pre Evacuate Collection Set: 0.1ms
[2024-09-08T23:16:45.256+0800][info] GC(93)   Merge Heap Roots: 0.0ms
[2024-09-08T23:16:45.256+0800][info] GC(93)   Evacuate Collection Set: 0.9ms
[2024-09-08T23:16:45.256+0800][info] GC(93)   Post Evacuate Collection Set: 0.2ms
[2024-09-08T23:16:45.256+0800][info] GC(93)   Other: 0.3ms
[2024-09-08T23:16:45.256+0800][info] GC(93) Eden regions: 1->0(1)
[2024-09-08T23:16:45.256+0800][info] GC(93) Survivor regions: 1->1(1)
[2024-09-08T23:16:45.256+0800][info] GC(93) Old regions: 26->27
[2024-09-08T23:16:45.256+0800][info] GC(93) Archive regions: 2->2
[2024-09-08T23:16:45.256+0800][info] GC(93) Humongous regions: 0->0
[2024-09-08T23:16:45.256+0800][info] GC(93) Metaspace: 777K(896K)->777K(896K) NonClass: 713K(768K)->713K(768K) Class: 63K(128K)->63K(128K)
[2024-09-08T23:16:45.256+0800][info] GC(93) Pause Young (Concurrent Start) (G1 Preventive Collection) 115M->115M(128M) 1.564ms
[2024-09-08T23:16:45.256+0800][info] GC(93) User=0.01s Sys=0.00s Real=0.00s
[2024-09-08T23:16:45.256+0800][info] GC(94) Concurrent Mark Cycle
[2024-09-08T23:16:45.257+0800][info] GC(94) Concurrent Clear Claimed Marks
[2024-09-08T23:16:45.257+0800][info] GC(94) Concurrent Clear Claimed Marks 0.020ms
[2024-09-08T23:16:45.257+0800][info] GC(94) Concurrent Scan Root Regions
[2024-09-08T23:16:45.257+0800][info] GC(94) Concurrent Scan Root Regions 0.075ms
[2024-09-08T23:16:45.257+0800][info] GC(94) Concurrent Mark
[2024-09-08T23:16:45.257+0800][info] GC(94) Concurrent Mark From Roots
[2024-09-08T23:16:45.257+0800][info] GC(94) Using 12 workers of 12 for marking
[2024-09-08T23:16:45.260+0800][info] GC(94) Concurrent Mark From Roots 3.239ms
[2024-09-08T23:16:45.260+0800][info] GC(94) Concurrent Preclean
[2024-09-08T23:16:45.262+0800][info] GC(94) Concurrent Preclean 1.707ms
[2024-09-08T23:16:45.262+0800][info] GC(94) Pause Remark
[2024-09-08T23:16:45.263+0800][info] GC(94) Pause Remark 115M->23M(128M) 1.330ms
[2024-09-08T23:16:45.263+0800][info] GC(94) User=0.00s Sys=0.00s Real=0.00s
[2024-09-08T23:16:45.263+0800][info] GC(94) Concurrent Mark 6.468ms
[2024-09-08T23:16:45.263+0800][info] GC(94) Concurrent Rebuild Remembered Sets
[2024-09-08T23:16:45.265+0800][info] GC(94) Concurrent Rebuild Remembered Sets 1.423ms
[2024-09-08T23:16:45.265+0800][info] GC(94) Pause Cleanup
[2024-09-08T23:16:45.265+0800][info] GC(94) Pause Cleanup 23M->23M(128M) 0.194ms
[2024-09-08T23:16:45.265+0800][info] GC(94) User=0.00s Sys=0.00s Real=0.01s
[2024-09-08T23:16:45.265+0800][info] GC(94) Concurrent Cleanup for Next Mark
[2024-09-08T23:16:45.265+0800][info] GC(94) Concurrent Cleanup for Next Mark 0.239ms
[2024-09-08T23:16:45.265+0800][info] GC(94) Concurrent Mark Cycle 8.755ms
[2024-09-08T23:16:45.359+0800][info] GC(95) Pause Young (Prepare Mixed) (G1 Evacuation Pause)
[2024-09-08T23:16:45.359+0800][info] GC(95) Using 3 workers of 48 for evacuation
[2024-09-08T23:16:45.360+0800][info] GC(95)   Pre Evacuate Collection Set: 0.1ms
[2024-09-08T23:16:45.360+0800][info] GC(95)   Merge Heap Roots: 0.0ms
[2024-09-08T23:16:45.360+0800][info] GC(95)   Evacuate Collection Set: 0.9ms
[2024-09-08T23:16:45.360+0800][info] GC(95)   Post Evacuate Collection Set: 0.2ms
[2024-09-08T23:16:45.360+0800][info] GC(95)   Other: 0.1ms
[2024-09-08T23:16:45.360+0800][info] GC(95) Eden regions: 1->0(1)
[2024-09-08T23:16:45.361+0800][info] GC(95) Survivor regions: 1->1(1)
[2024-09-08T23:16:45.361+0800][info] GC(95) Old regions: 4->5
[2024-09-08T23:16:45.361+0800][info] GC(95) Archive regions: 2->2
[2024-09-08T23:16:45.361+0800][info] GC(95) Humongous regions: 0->0
[2024-09-08T23:16:45.361+0800][info] GC(95) Metaspace: 782K(896K)->782K(896K) NonClass: 718K(768K)->718K(768K) Class: 63K(128K)->63K(128K)
[2024-09-08T23:16:45.361+0800][info] GC(95) Pause Young (Prepare Mixed) (G1 Evacuation Pause) 27M->26M(128M) 1.387ms
[2024-09-08T23:16:45.361+0800][info] GC(95) User=0.01s Sys=0.01s Real=0.00s
[2024-09-08T23:16:45.361+0800][info] GC(96) Pause Young (Mixed) (G1 Evacuation Pause)
[2024-09-08T23:16:45.361+0800][info] GC(96) Using 3 workers of 48 for evacuation
[2024-09-08T23:16:45.364+0800][info] GC(96)   Pre Evacuate Collection Set: 0.0ms
[2024-09-08T23:16:45.364+0800][info] GC(96)   Merge Heap Roots: 0.0ms
[2024-09-08T23:16:45.364+0800][info] GC(96)   Evacuate Collection Set: 2.5ms
[2024-09-08T23:16:45.364+0800][info] GC(96)   Post Evacuate Collection Set: 0.2ms
[2024-09-08T23:16:45.364+0800][info] GC(96)   Other: 0.1ms
[2024-09-08T23:16:45.364+0800][info] GC(96) Eden regions: 1->0(7)
[2024-09-08T23:16:45.364+0800][info] GC(96) Survivor regions: 1->1(1)
[2024-09-08T23:16:45.364+0800][info] GC(96) Old regions: 5->3
[2024-09-08T23:16:45.364+0800][info] GC(96) Archive regions: 2->2
[2024-09-08T23:16:45.364+0800][info] GC(96) Humongous regions: 0->0
[2024-09-08T23:16:45.364+0800][info] GC(96) Metaspace: 782K(896K)->782K(896K) NonClass: 718K(768K)->718K(768K) Class: 63K(128K)->63K(128K)
[2024-09-08T23:16:45.364+0800][info] GC(96) Pause Young (Mixed) (G1 Evacuation Pause) 30M->19M(128M) 2.962ms
[2024-09-08T23:16:45.364+0800][info] GC(96) User=0.00s Sys=0.00s Real=0.00s
[2024-09-08T23:16:45.371+0800][info] GC(97) Pause Young (Normal) (G1 Evacuation Pause)
[2024-09-08T23:16:45.371+0800][info] GC(97) Using 3 workers of 48 for evacuation
[2024-09-08T23:16:45.375+0800][info] GC(97)   Pre Evacuate Collection Set: 0.0ms
[2024-09-08T23:16:45.375+0800][info] GC(97)   Merge Heap Roots: 0.0ms
[2024-09-08T23:16:45.375+0800][info] GC(97)   Evacuate Collection Set: 4.1ms
[2024-09-08T23:16:45.375+0800][info] GC(97)   Post Evacuate Collection Set: 0.2ms
[2024-09-08T23:16:45.375+0800][info] GC(97)   Other: 0.1ms
[2024-09-08T23:16:45.375+0800][info] GC(97) Eden regions: 7->0(5)
[2024-09-08T23:16:45.375+0800][info] GC(97) Survivor regions: 1->1(1)
[2024-09-08T23:16:45.375+0800][info] GC(97) Old regions: 3->10
[2024-09-08T23:16:45.375+0800][info] GC(97) Archive regions: 2->2
[2024-09-08T23:16:45.375+0800][info] GC(97) Humongous regions: 0->0
[2024-09-08T23:16:45.375+0800][info] GC(97) Metaspace: 782K(896K)->782K(896K) NonClass: 718K(768K)->718K(768K) Class: 63K(128K)->63K(128K)
[2024-09-08T23:16:45.375+0800][info] GC(97) Pause Young (Normal) (G1 Evacuation Pause) 47M->47M(128M) 4.728ms
[2024-09-08T23:16:45.375+0800][info] GC(97) User=0.01s Sys=0.00s Real=0.00s
[2024-09-08T23:16:45.380+0800][info] GC(98) Pause Young (Normal) (G1 Evacuation Pause)
[2024-09-08T23:16:45.380+0800][info] GC(98) Using 3 workers of 48 for evacuation
[2024-09-08T23:16:45.383+0800][info] GC(98)   Pre Evacuate Collection Set: 0.0ms
[2024-09-08T23:16:45.383+0800][info] GC(98)   Merge Heap Roots: 0.0ms
[2024-09-08T23:16:45.383+0800][info] GC(98)   Evacuate Collection Set: 3.1ms
[2024-09-08T23:16:45.383+0800][info] GC(98)   Post Evacuate Collection Set: 0.2ms
[2024-09-08T23:16:45.383+0800][info] GC(98)   Other: 0.1ms
[2024-09-08T23:16:45.383+0800][info] GC(98) Eden regions: 5->0(3)
[2024-09-08T23:16:45.383+0800][info] GC(98) Survivor regions: 1->1(1)
[2024-09-08T23:16:45.383+0800][info] GC(98) Old regions: 10->15
[2024-09-08T23:16:45.383+0800][info] GC(98) Archive regions: 2->2
[2024-09-08T23:16:45.383+0800][info] GC(98) Humongous regions: 0->0
[2024-09-08T23:16:45.383+0800][info] GC(98) Metaspace: 782K(896K)->782K(896K) NonClass: 718K(768K)->718K(768K) Class: 63K(128K)->63K(128K)
[2024-09-08T23:16:45.383+0800][info] GC(98) Pause Young (Normal) (G1 Evacuation Pause) 67M->67M(128M) 3.651ms
[2024-09-08T23:16:45.383+0800][info] GC(98) User=0.01s Sys=0.00s Real=0.00s
[2024-09-08T23:16:45.386+0800][info] GC(99) Pause Young (Normal) (G1 Evacuation Pause)
[2024-09-08T23:16:45.386+0800][info] GC(99) Using 3 workers of 48 for evacuation
[2024-09-08T23:16:45.388+0800][info] GC(99)   Pre Evacuate Collection Set: 0.0ms
[2024-09-08T23:16:45.388+0800][info] GC(99)   Merge Heap Roots: 0.0ms
[2024-09-08T23:16:45.388+0800][info] GC(99)   Evacuate Collection Set: 2.0ms
[2024-09-08T23:16:45.388+0800][info] GC(99)   Post Evacuate Collection Set: 0.2ms
[2024-09-08T23:16:45.388+0800][info] GC(99)   Other: 0.1ms
[2024-09-08T23:16:45.388+0800][info] GC(99) Eden regions: 3->0(2)
[2024-09-08T23:16:45.388+0800][info] GC(99) Survivor regions: 1->1(1)
[2024-09-08T23:16:45.388+0800][info] GC(99) Old regions: 15->18
[2024-09-08T23:16:45.388+0800][info] GC(99) Archive regions: 2->2
[2024-09-08T23:16:45.388+0800][info] GC(99) Humongous regions: 0->0
[2024-09-08T23:16:45.388+0800][info] GC(99) Metaspace: 782K(896K)->782K(896K) NonClass: 718K(768K)->718K(768K) Class: 63K(128K)->63K(128K)
[2024-09-08T23:16:45.388+0800][info] GC(99) Pause Young (Normal) (G1 Evacuation Pause) 79M->79M(128M) 2.596ms
[2024-09-08T23:16:45.388+0800][info] GC(99) User=0.01s Sys=0.00s Real=0.00s
[2024-09-08T23:16:45.390+0800][info] GC(100) Pause Young (Normal) (G1 Evacuation Pause)
[2024-09-08T23:16:45.390+0800][info] GC(100) Using 3 workers of 48 for evacuation
[2024-09-08T23:16:45.392+0800][info] GC(100)   Pre Evacuate Collection Set: 0.0ms
[2024-09-08T23:16:45.392+0800][info] GC(100)   Merge Heap Roots: 0.0ms
[2024-09-08T23:16:45.392+0800][info] GC(100)   Evacuate Collection Set: 1.6ms
[2024-09-08T23:16:45.392+0800][info] GC(100)   Post Evacuate Collection Set: 0.2ms
[2024-09-08T23:16:45.392+0800][info] GC(100)   Other: 0.1ms
[2024-09-08T23:16:45.392+0800][info] GC(100) Eden regions: 2->0(2)
[2024-09-08T23:16:45.392+0800][info] GC(100) Survivor regions: 1->1(1)
[2024-09-08T23:16:45.392+0800][info] GC(100) Old regions: 18->20
[2024-09-08T23:16:45.392+0800][info] GC(100) Archive regions: 2->2
[2024-09-08T23:16:45.392+0800][info] GC(100) Humongous regions: 0->0
[2024-09-08T23:16:45.392+0800][info] GC(100) Metaspace: 782K(896K)->782K(896K) NonClass: 718K(768K)->718K(768K) Class: 63K(128K)->63K(128K)
[2024-09-08T23:16:45.392+0800][info] GC(100) Pause Young (Normal) (G1 Evacuation Pause) 87M->87M(128M) 2.135ms
[2024-09-08T23:16:45.392+0800][info] GC(100) User=0.00s Sys=0.00s Real=0.00s
[2024-09-08T23:16:45.393+0800][info] GC(101) Pause Young (Normal) (G1 Evacuation Pause)
[2024-09-08T23:16:45.393+0800][info] GC(101) Using 3 workers of 48 for evacuation
[2024-09-08T23:16:45.395+0800][info] GC(101)   Pre Evacuate Collection Set: 0.0ms
[2024-09-08T23:16:45.395+0800][info] GC(101)   Merge Heap Roots: 0.0ms
[2024-09-08T23:16:45.395+0800][info] GC(101)   Evacuate Collection Set: 1.4ms
[2024-09-08T23:16:45.395+0800][info] GC(101)   Post Evacuate Collection Set: 0.1ms
[2024-09-08T23:16:45.395+0800][info] GC(101)   Other: 0.1ms
[2024-09-08T23:16:45.395+0800][info] GC(101) Eden regions: 2->0(2)
[2024-09-08T23:16:45.395+0800][info] GC(101) Survivor regions: 1->1(1)
[2024-09-08T23:16:45.395+0800][info] GC(101) Old regions: 20->22
[2024-09-08T23:16:45.395+0800][info] GC(101) Archive regions: 2->2
[2024-09-08T23:16:45.395+0800][info] GC(101) Humongous regions: 0->0
[2024-09-08T23:16:45.395+0800][info] GC(101) Metaspace: 782K(896K)->782K(896K) NonClass: 718K(768K)->718K(768K) Class: 63K(128K)->63K(128K)
[2024-09-08T23:16:45.395+0800][info] GC(101) Pause Young (Normal) (G1 Evacuation Pause) 95M->95M(128M) 1.897ms
[2024-09-08T23:16:45.395+0800][info] GC(101) User=0.01s Sys=0.00s Real=0.00s
[2024-09-08T23:16:45.397+0800][info] GC(102) Pause Young (Normal) (G1 Preventive Collection)
[2024-09-08T23:16:45.397+0800][info] GC(102) Using 3 workers of 48 for evacuation
[2024-09-08T23:16:45.399+0800][info] GC(102)   Pre Evacuate Collection Set: 0.0ms
[2024-09-08T23:16:45.399+0800][info] GC(102)   Merge Heap Roots: 0.0ms
[2024-09-08T23:16:45.399+0800][info] GC(102)   Evacuate Collection Set: 1.4ms
[2024-09-08T23:16:45.399+0800][info] GC(102)   Post Evacuate Collection Set: 0.2ms
[2024-09-08T23:16:45.399+0800][info] GC(102)   Other: 0.2ms
[2024-09-08T23:16:45.399+0800][info] GC(102) Eden regions: 2->0(2)
[2024-09-08T23:16:45.399+0800][info] GC(102) Survivor regions: 1->1(1)
[2024-09-08T23:16:45.399+0800][info] GC(102) Old regions: 22->24
[2024-09-08T23:16:45.399+0800][info] GC(102) Archive regions: 2->2
[2024-09-08T23:16:45.399+0800][info] GC(102) Humongous regions: 0->0
[2024-09-08T23:16:45.399+0800][info] GC(102) Metaspace: 782K(896K)->782K(896K) NonClass: 718K(768K)->718K(768K) Class: 63K(128K)->63K(128K)
[2024-09-08T23:16:45.399+0800][info] GC(102) Pause Young (Normal) (G1 Preventive Collection) 103M->103M(128M) 1.987ms
[2024-09-08T23:16:45.399+0800][info] GC(102) User=0.00s Sys=0.00s Real=0.01s
[2024-09-08T23:16:45.400+0800][info] GC(103) Pause Young (Normal) (G1 Preventive Collection)
[2024-09-08T23:16:45.400+0800][info] GC(103) Using 3 workers of 48 for evacuation
[2024-09-08T23:16:45.401+0800][info] GC(103)   Pre Evacuate Collection Set: 0.0ms
[2024-09-08T23:16:45.401+0800][info] GC(103)   Merge Heap Roots: 0.0ms
[2024-09-08T23:16:45.401+0800][info] GC(103)   Evacuate Collection Set: 0.9ms
[2024-09-08T23:16:45.401+0800][info] GC(103)   Post Evacuate Collection Set: 0.2ms
[2024-09-08T23:16:45.401+0800][info] GC(103)   Other: 0.1ms
[2024-09-08T23:16:45.401+0800][info] GC(103) Eden regions: 1->0(2)
[2024-09-08T23:16:45.401+0800][info] GC(103) Survivor regions: 1->1(1)
[2024-09-08T23:16:45.401+0800][info] GC(103) Old regions: 24->25
[2024-09-08T23:16:45.401+0800][info] GC(103) Archive regions: 2->2
[2024-09-08T23:16:45.401+0800][info] GC(103) Humongous regions: 0->0
[2024-09-08T23:16:45.401+0800][info] GC(103) Metaspace: 782K(896K)->782K(896K) NonClass: 718K(768K)->718K(768K) Class: 63K(128K)->63K(128K)
[2024-09-08T23:16:45.401+0800][info] GC(103) Pause Young (Normal) (G1 Preventive Collection) 107M->107M(128M) 1.395ms
[2024-09-08T23:16:45.401+0800][info] GC(103) User=0.00s Sys=0.00s Real=0.00s
[2024-09-08T23:16:45.402+0800][info] GC(104) Pause Young (Concurrent Start) (G1 Humongous Allocation)
[2024-09-08T23:16:45.402+0800][info] GC(104) Using 3 workers of 48 for evacuation
[2024-09-08T23:16:45.404+0800][info] GC(104)   Pre Evacuate Collection Set: 0.0ms
[2024-09-08T23:16:45.404+0800][info] GC(104)   Merge Heap Roots: 0.0ms
[2024-09-08T23:16:45.404+0800][info] GC(104)   Evacuate Collection Set: 0.9ms
[2024-09-08T23:16:45.404+0800][info] GC(104)   Post Evacuate Collection Set: 0.2ms
[2024-09-08T23:16:45.404+0800][info] GC(104)   Other: 0.2ms
[2024-09-08T23:16:45.404+0800][info] GC(104) Eden regions: 1->0(2)
[2024-09-08T23:16:45.404+0800][info] GC(104) Survivor regions: 1->1(1)
[2024-09-08T23:16:45.404+0800][info] GC(104) Old regions: 25->26
[2024-09-08T23:16:45.404+0800][info] GC(104) Archive regions: 2->2
[2024-09-08T23:16:45.404+0800][info] GC(104) Humongous regions: 0->0
[2024-09-08T23:16:45.404+0800][info] GC(104) Metaspace: 782K(896K)->782K(896K) NonClass: 718K(768K)->718K(768K) Class: 63K(128K)->63K(128K)
[2024-09-08T23:16:45.404+0800][info] GC(104) Pause Young (Concurrent Start) (G1 Humongous Allocation) 109M->109M(128M) 1.483ms
[2024-09-08T23:16:45.404+0800][info] GC(104) User=0.01s Sys=0.00s Real=0.00s
[2024-09-08T23:16:45.404+0800][info] GC(105) Pause Young (Normal) (G1 Preventive Collection)
[2024-09-08T23:16:45.404+0800][info] GC(105) Using 3 workers of 48 for evacuation
[2024-09-08T23:16:45.404+0800][info] GC(106) Concurrent Undo Cycle
[2024-09-08T23:16:45.404+0800][info] GC(106) Concurrent Cleanup for Next Mark
[2024-09-08T23:16:45.404+0800][info] GC(105)   Pre Evacuate Collection Set: 0.0ms
[2024-09-08T23:16:45.404+0800][info] GC(105)   Merge Heap Roots: 0.0ms
[2024-09-08T23:16:45.404+0800][info] GC(105)   Evacuate Collection Set: 0.3ms
[2024-09-08T23:16:45.404+0800][info] GC(105)   Post Evacuate Collection Set: 0.1ms
[2024-09-08T23:16:45.404+0800][info] GC(105)   Other: 0.1ms
[2024-09-08T23:16:45.404+0800][info] GC(105) Eden regions: 0->0(1)
[2024-09-08T23:16:45.404+0800][info] GC(105) Survivor regions: 1->0(1)
[2024-09-08T23:16:45.404+0800][info] GC(105) Old regions: 26->27
[2024-09-08T23:16:45.405+0800][info] GC(105) Archive regions: 2->2
[2024-09-08T23:16:45.405+0800][info] GC(105) Humongous regions: 0->0
[2024-09-08T23:16:45.405+0800][info] GC(105) Metaspace: 782K(896K)->782K(896K) NonClass: 718K(768K)->718K(768K) Class: 63K(128K)->63K(128K)
[2024-09-08T23:16:45.405+0800][info] GC(105) Pause Young (Normal) (G1 Preventive Collection) 109M->109M(128M) 0.730ms
[2024-09-08T23:16:45.405+0800][info] GC(105) User=0.00s Sys=0.00s Real=0.00s
[2024-09-08T23:16:45.405+0800][info] GC(106) Concurrent Cleanup for Next Mark 1.020ms
[2024-09-08T23:16:45.405+0800][info] GC(106) Concurrent Undo Cycle 1.164ms
[2024-09-08T23:16:45.411+0800][info] GC(107) Pause Young (Concurrent Start) (G1 Humongous Allocation)
[2024-09-08T23:16:45.411+0800][info] GC(107) Using 3 workers of 48 for evacuation
[2024-09-08T23:16:45.412+0800][info] GC(107)   Pre Evacuate Collection Set: 0.0ms
[2024-09-08T23:16:45.412+0800][info] GC(107)   Merge Heap Roots: 0.0ms
[2024-09-08T23:16:45.412+0800][info] GC(107)   Evacuate Collection Set: 0.3ms
[2024-09-08T23:16:45.412+0800][info] GC(107)   Post Evacuate Collection Set: 0.2ms
[2024-09-08T23:16:45.412+0800][info] GC(107)   Other: 0.3ms
[2024-09-08T23:16:45.412+0800][info] GC(107) Eden regions: 0->0(1)
[2024-09-08T23:16:45.412+0800][info] GC(107) Survivor regions: 0->0(0)
[2024-09-08T23:16:45.412+0800][info] GC(107) Old regions: 27->27
[2024-09-08T23:16:45.412+0800][info] GC(107) Archive regions: 2->2
[2024-09-08T23:16:45.412+0800][info] GC(107) Humongous regions: 3->0
[2024-09-08T23:16:45.412+0800][info] GC(107) Metaspace: 782K(896K)->782K(896K) NonClass: 718K(768K)->718K(768K) Class: 63K(128K)->63K(128K)
[2024-09-08T23:16:45.412+0800][info] GC(107) Pause Young (Concurrent Start) (G1 Humongous Allocation) 121M->109M(128M) 0.944ms
[2024-09-08T23:16:45.412+0800][info] GC(107) User=0.00s Sys=0.00s Real=0.00s
[2024-09-08T23:16:45.412+0800][info] GC(108) Concurrent Undo Cycle
[2024-09-08T23:16:45.412+0800][info] GC(108) Concurrent Cleanup for Next Mark
[2024-09-08T23:16:45.413+0800][info] GC(108) Concurrent Cleanup for Next Mark 0.391ms
[2024-09-08T23:16:45.413+0800][info] GC(108) Concurrent Undo Cycle 0.465ms
[2024-09-08T23:16:45.418+0800][info] GC(109) Pause Young (Concurrent Start) (G1 Humongous Allocation)
[2024-09-08T23:16:45.418+0800][info] GC(109) Using 3 workers of 48 for evacuation
[2024-09-08T23:16:45.419+0800][info] GC(109)   Pre Evacuate Collection Set: 0.1ms
[2024-09-08T23:16:45.419+0800][info] GC(109)   Merge Heap Roots: 0.0ms
[2024-09-08T23:16:45.419+0800][info] GC(109)   Evacuate Collection Set: 0.1ms
[2024-09-08T23:16:45.419+0800][info] GC(109)   Post Evacuate Collection Set: 0.1ms
[2024-09-08T23:16:45.419+0800][info] GC(109)   Other: 0.3ms
[2024-09-08T23:16:45.419+0800][info] GC(109) Eden regions: 0->0(1)
[2024-09-08T23:16:45.419+0800][info] GC(109) Survivor regions: 0->0(0)
[2024-09-08T23:16:45.419+0800][info] GC(109) Old regions: 27->27
[2024-09-08T23:16:45.419+0800][info] GC(109) Archive regions: 2->2
[2024-09-08T23:16:45.419+0800][info] GC(109) Humongous regions: 3->0
[2024-09-08T23:16:45.419+0800][info] GC(109) Metaspace: 782K(896K)->782K(896K) NonClass: 718K(768K)->718K(768K) Class: 63K(128K)->63K(128K)
[2024-09-08T23:16:45.419+0800][info] GC(109) Pause Young (Concurrent Start) (G1 Humongous Allocation) 121M->109M(128M) 0.812ms
[2024-09-08T23:16:45.419+0800][info] GC(109) User=0.01s Sys=0.00s Real=0.00s
[2024-09-08T23:16:45.419+0800][info] GC(110) Concurrent Undo Cycle
[2024-09-08T23:16:45.419+0800][info] GC(110) Concurrent Cleanup for Next Mark
[2024-09-08T23:16:45.419+0800][info] GC(110) Concurrent Cleanup for Next Mark 0.172ms
[2024-09-08T23:16:45.419+0800][info] GC(110) Concurrent Undo Cycle 0.244ms
[2024-09-08T23:16:45.425+0800][info] GC(111) Pause Young (Concurrent Start) (G1 Humongous Allocation)
[2024-09-08T23:16:45.425+0800][info] GC(111) Using 3 workers of 48 for evacuation
[2024-09-08T23:16:45.425+0800][info] GC(111)   Pre Evacuate Collection Set: 0.0ms
[2024-09-08T23:16:45.425+0800][info] GC(111)   Merge Heap Roots: 0.0ms
[2024-09-08T23:16:45.425+0800][info] GC(111)   Evacuate Collection Set: 0.2ms
[2024-09-08T23:16:45.425+0800][info] GC(111)   Post Evacuate Collection Set: 0.2ms
[2024-09-08T23:16:45.426+0800][info] GC(111)   Other: 0.2ms
[2024-09-08T23:16:45.426+0800][info] GC(111) Eden regions: 0->0(1)
[2024-09-08T23:16:45.426+0800][info] GC(111) Survivor regions: 0->0(0)
[2024-09-08T23:16:45.426+0800][info] GC(111) Old regions: 27->27
[2024-09-08T23:16:45.426+0800][info] GC(111) Archive regions: 2->2
[2024-09-08T23:16:45.426+0800][info] GC(111) Humongous regions: 3->0
[2024-09-08T23:16:45.426+0800][info] GC(111) Metaspace: 782K(896K)->782K(896K) NonClass: 718K(768K)->718K(768K) Class: 63K(128K)->63K(128K)
[2024-09-08T23:16:45.426+0800][info] GC(111) Pause Young (Concurrent Start) (G1 Humongous Allocation) 121M->109M(128M) 0.787ms
[2024-09-08T23:16:45.426+0800][info] GC(111) User=0.00s Sys=0.00s Real=0.00s
[2024-09-08T23:16:45.426+0800][info] GC(112) Concurrent Undo Cycle
[2024-09-08T23:16:45.426+0800][info] GC(112) Concurrent Cleanup for Next Mark
[2024-09-08T23:16:45.426+0800][info] GC(112) Concurrent Cleanup for Next Mark 0.141ms
[2024-09-08T23:16:45.426+0800][info] GC(112) Concurrent Undo Cycle 0.260ms
[2024-09-08T23:16:45.432+0800][info] GC(113) Pause Young (Concurrent Start) (G1 Humongous Allocation)
[2024-09-08T23:16:45.432+0800][info] GC(113) Using 3 workers of 48 for evacuation
[2024-09-08T23:16:45.433+0800][info] GC(113)   Pre Evacuate Collection Set: 0.1ms
[2024-09-08T23:16:45.433+0800][info] GC(113)   Merge Heap Roots: 0.0ms
[2024-09-08T23:16:45.433+0800][info] GC(113)   Evacuate Collection Set: 0.6ms
[2024-09-08T23:16:45.433+0800][info] GC(113)   Post Evacuate Collection Set: 0.2ms
[2024-09-08T23:16:45.433+0800][info] GC(113)   Other: 0.3ms
[2024-09-08T23:16:45.433+0800][info] GC(113) Eden regions: 0->0(1)
[2024-09-08T23:16:45.433+0800][info] GC(113) Survivor regions: 0->0(0)
[2024-09-08T23:16:45.433+0800][info] GC(113) Old regions: 27->27
[2024-09-08T23:16:45.433+0800][info] GC(113) Archive regions: 2->2
[2024-09-08T23:16:45.433+0800][info] GC(113) Humongous regions: 3->0
[2024-09-08T23:16:45.433+0800][info] GC(113) Metaspace: 782K(896K)->782K(896K) NonClass: 718K(768K)->718K(768K) Class: 63K(128K)->63K(128K)
[2024-09-08T23:16:45.433+0800][info] GC(113) Pause Young (Concurrent Start) (G1 Humongous Allocation) 121M->109M(128M) 1.270ms
[2024-09-08T23:16:45.433+0800][info] GC(113) User=0.00s Sys=0.00s Real=0.00s
[2024-09-08T23:16:45.433+0800][info] GC(114) Concurrent Undo Cycle
[2024-09-08T23:16:45.433+0800][info] GC(114) Concurrent Cleanup for Next Mark
[2024-09-08T23:16:45.433+0800][info] GC(114) Concurrent Cleanup for Next Mark 0.131ms
[2024-09-08T23:16:45.433+0800][info] GC(114) Concurrent Undo Cycle 0.184ms
[2024-09-08T23:16:45.439+0800][info] GC(115) Pause Young (Concurrent Start) (G1 Humongous Allocation)
[2024-09-08T23:16:45.439+0800][info] GC(115) Using 3 workers of 48 for evacuation
[2024-09-08T23:16:45.439+0800][info] GC(115)   Pre Evacuate Collection Set: 0.0ms
[2024-09-08T23:16:45.439+0800][info] GC(115)   Merge Heap Roots: 0.0ms
[2024-09-08T23:16:45.439+0800][info] GC(115)   Evacuate Collection Set: 0.3ms
[2024-09-08T23:16:45.439+0800][info] GC(115)   Post Evacuate Collection Set: 0.1ms
[2024-09-08T23:16:45.439+0800][info] GC(115)   Other: 0.1ms
[2024-09-08T23:16:45.439+0800][info] GC(115) Eden regions: 0->0(1)
[2024-09-08T23:16:45.439+0800][info] GC(115) Survivor regions: 0->0(0)
[2024-09-08T23:16:45.439+0800][info] GC(115) Old regions: 27->27
[2024-09-08T23:16:45.439+0800][info] GC(115) Archive regions: 2->2
[2024-09-08T23:16:45.439+0800][info] GC(115) Humongous regions: 3->0
[2024-09-08T23:16:45.439+0800][info] GC(115) Metaspace: 782K(896K)->782K(896K) NonClass: 718K(768K)->718K(768K) Class: 63K(128K)->63K(128K)
[2024-09-08T23:16:45.439+0800][info] GC(115) Pause Young (Concurrent Start) (G1 Humongous Allocation) 121M->109M(128M) 0.664ms
[2024-09-08T23:16:45.439+0800][info] GC(115) User=0.00s Sys=0.00s Real=0.00s
[2024-09-08T23:16:45.439+0800][info] GC(116) Concurrent Undo Cycle
[2024-09-08T23:16:45.439+0800][info] GC(116) Concurrent Cleanup for Next Mark
[2024-09-08T23:16:45.439+0800][info] GC(116) Concurrent Cleanup for Next Mark 0.141ms
[2024-09-08T23:16:45.439+0800][info] GC(116) Concurrent Undo Cycle 0.182ms
[2024-09-08T23:16:45.445+0800][info] GC(117) Pause Young (Concurrent Start) (G1 Humongous Allocation)
[2024-09-08T23:16:45.445+0800][info] GC(117) Using 3 workers of 48 for evacuation
[2024-09-08T23:16:45.445+0800][info] GC(117)   Pre Evacuate Collection Set: 0.0ms
[2024-09-08T23:16:45.445+0800][info] GC(117)   Merge Heap Roots: 0.0ms
[2024-09-08T23:16:45.445+0800][info] GC(117)   Evacuate Collection Set: 0.1ms
[2024-09-08T23:16:45.445+0800][info] GC(117)   Post Evacuate Collection Set: 0.1ms
[2024-09-08T23:16:45.445+0800][info] GC(117)   Other: 0.2ms
[2024-09-08T23:16:45.445+0800][info] GC(117) Eden regions: 0->0(1)
[2024-09-08T23:16:45.445+0800][info] GC(117) Survivor regions: 0->0(0)
[2024-09-08T23:16:45.446+0800][info] GC(117) Old regions: 27->27
[2024-09-08T23:16:45.446+0800][info] GC(117) Archive regions: 2->2
[2024-09-08T23:16:45.446+0800][info] GC(117) Humongous regions: 3->0
[2024-09-08T23:16:45.446+0800][info] GC(117) Metaspace: 782K(896K)->782K(896K) NonClass: 718K(768K)->718K(768K) Class: 63K(128K)->63K(128K)
[2024-09-08T23:16:45.446+0800][info] GC(117) Pause Young (Concurrent Start) (G1 Humongous Allocation) 121M->109M(128M) 0.497ms
[2024-09-08T23:16:45.446+0800][info] GC(117) User=0.00s Sys=0.00s Real=0.00s
[2024-09-08T23:16:45.446+0800][info] GC(118) Concurrent Undo Cycle
[2024-09-08T23:16:45.446+0800][info] GC(118) Concurrent Cleanup for Next Mark
[2024-09-08T23:16:45.446+0800][info] GC(118) Concurrent Cleanup for Next Mark 0.232ms
[2024-09-08T23:16:45.446+0800][info] GC(118) Concurrent Undo Cycle 0.263ms
[2024-09-08T23:16:45.451+0800][info] GC(119) Pause Young (Concurrent Start) (G1 Humongous Allocation)
[2024-09-08T23:16:45.451+0800][info] GC(119) Using 3 workers of 48 for evacuation
[2024-09-08T23:16:45.452+0800][info] GC(119)   Pre Evacuate Collection Set: 0.0ms
[2024-09-08T23:16:45.452+0800][info] GC(119)   Merge Heap Roots: 0.0ms
[2024-09-08T23:16:45.452+0800][info] GC(119)   Evacuate Collection Set: 0.2ms
[2024-09-08T23:16:45.452+0800][info] GC(119)   Post Evacuate Collection Set: 0.1ms
[2024-09-08T23:16:45.452+0800][info] GC(119)   Other: 0.1ms
[2024-09-08T23:16:45.452+0800][info] GC(119) Eden regions: 0->0(1)
[2024-09-08T23:16:45.452+0800][info] GC(119) Survivor regions: 0->0(0)
[2024-09-08T23:16:45.452+0800][info] GC(119) Old regions: 27->27
[2024-09-08T23:16:45.452+0800][info] GC(119) Archive regions: 2->2
[2024-09-08T23:16:45.452+0800][info] GC(119) Humongous regions: 3->0
[2024-09-08T23:16:45.452+0800][info] GC(119) Metaspace: 782K(896K)->782K(896K) NonClass: 718K(768K)->718K(768K) Class: 63K(128K)->63K(128K)
[2024-09-08T23:16:45.452+0800][info] GC(119) Pause Young (Concurrent Start) (G1 Humongous Allocation) 121M->109M(128M) 0.516ms
[2024-09-08T23:16:45.452+0800][info] GC(119) User=0.00s Sys=0.00s Real=0.00s
[2024-09-08T23:16:45.452+0800][info] GC(120) Concurrent Undo Cycle
[2024-09-08T23:16:45.452+0800][info] GC(120) Concurrent Cleanup for Next Mark
[2024-09-08T23:16:45.452+0800][info] GC(120) Concurrent Cleanup for Next Mark 0.320ms
[2024-09-08T23:16:45.452+0800][info] GC(120) Concurrent Undo Cycle 0.357ms
[2024-09-08T23:16:45.457+0800][info] GC(121) Pause Young (Concurrent Start) (G1 Humongous Allocation)
[2024-09-08T23:16:45.457+0800][info] GC(121) Using 3 workers of 48 for evacuation
[2024-09-08T23:16:45.458+0800][info] GC(121)   Pre Evacuate Collection Set: 0.0ms
[2024-09-08T23:16:45.458+0800][info] GC(121)   Merge Heap Roots: 0.0ms
[2024-09-08T23:16:45.458+0800][info] GC(121)   Evacuate Collection Set: 0.2ms
[2024-09-08T23:16:45.458+0800][info] GC(121)   Post Evacuate Collection Set: 0.1ms
[2024-09-08T23:16:45.458+0800][info] GC(121)   Other: 0.1ms
[2024-09-08T23:16:45.458+0800][info] GC(121) Eden regions: 0->0(1)
[2024-09-08T23:16:45.458+0800][info] GC(121) Survivor regions: 0->0(0)
[2024-09-08T23:16:45.458+0800][info] GC(121) Old regions: 27->27
[2024-09-08T23:16:45.458+0800][info] GC(121) Archive regions: 2->2
[2024-09-08T23:16:45.458+0800][info] GC(121) Humongous regions: 3->0
[2024-09-08T23:16:45.458+0800][info] GC(121) Metaspace: 782K(896K)->782K(896K) NonClass: 718K(768K)->718K(768K) Class: 63K(128K)->63K(128K)
[2024-09-08T23:16:45.458+0800][info] GC(121) Pause Young (Concurrent Start) (G1 Humongous Allocation) 121M->109M(128M) 0.498ms
[2024-09-08T23:16:45.458+0800][info] GC(121) User=0.01s Sys=0.00s Real=0.00s
[2024-09-08T23:16:45.458+0800][info] GC(122) Concurrent Undo Cycle
[2024-09-08T23:16:45.458+0800][info] GC(122) Concurrent Cleanup for Next Mark
[2024-09-08T23:16:45.458+0800][info] GC(122) Concurrent Cleanup for Next Mark 0.115ms
[2024-09-08T23:16:45.458+0800][info] GC(122) Concurrent Undo Cycle 0.138ms
[2024-09-08T23:16:45.464+0800][info] GC(123) Pause Young (Concurrent Start) (G1 Humongous Allocation)
[2024-09-08T23:16:45.464+0800][info] GC(123) Using 3 workers of 48 for evacuation
[2024-09-08T23:16:45.464+0800][info] GC(123)   Pre Evacuate Collection Set: 0.0ms
[2024-09-08T23:16:45.464+0800][info] GC(123)   Merge Heap Roots: 0.0ms
[2024-09-08T23:16:45.464+0800][info] GC(123)   Evacuate Collection Set: 0.2ms
[2024-09-08T23:16:45.464+0800][info] GC(123)   Post Evacuate Collection Set: 0.1ms
[2024-09-08T23:16:45.464+0800][info] GC(123)   Other: 0.1ms
[2024-09-08T23:16:45.464+0800][info] GC(123) Eden regions: 0->0(1)
[2024-09-08T23:16:45.464+0800][info] GC(123) Survivor regions: 0->0(0)
[2024-09-08T23:16:45.464+0800][info] GC(123) Old regions: 27->27
[2024-09-08T23:16:45.464+0800][info] GC(123) Archive regions: 2->2
[2024-09-08T23:16:45.464+0800][info] GC(123) Humongous regions: 3->0
[2024-09-08T23:16:45.464+0800][info] GC(123) Metaspace: 782K(896K)->782K(896K) NonClass: 718K(768K)->718K(768K) Class: 63K(128K)->63K(128K)
[2024-09-08T23:16:45.464+0800][info] GC(123) Pause Young (Concurrent Start) (G1 Humongous Allocation) 121M->109M(128M) 0.567ms
[2024-09-08T23:16:45.464+0800][info] GC(123) User=0.00s Sys=0.00s Real=0.00s
[2024-09-08T23:16:45.464+0800][info] GC(124) Concurrent Undo Cycle
[2024-09-08T23:16:45.464+0800][info] GC(124) Concurrent Cleanup for Next Mark
[2024-09-08T23:16:45.465+0800][info] GC(124) Concurrent Cleanup for Next Mark 0.118ms
[2024-09-08T23:16:45.465+0800][info] GC(124) Concurrent Undo Cycle 0.152ms
[2024-09-08T23:16:45.470+0800][info] GC(125) Pause Young (Concurrent Start) (G1 Humongous Allocation)
[2024-09-08T23:16:45.470+0800][info] GC(125) Using 3 workers of 48 for evacuation
[2024-09-08T23:16:45.470+0800][info] GC(125)   Pre Evacuate Collection Set: 0.1ms
[2024-09-08T23:16:45.470+0800][info] GC(125)   Merge Heap Roots: 0.0ms
[2024-09-08T23:16:45.471+0800][info] GC(125)   Evacuate Collection Set: 0.2ms
[2024-09-08T23:16:45.471+0800][info] GC(125)   Post Evacuate Collection Set: 0.1ms
[2024-09-08T23:16:45.471+0800][info] GC(125)   Other: 0.1ms
[2024-09-08T23:16:45.471+0800][info] GC(125) Eden regions: 0->0(1)
[2024-09-08T23:16:45.471+0800][info] GC(125) Survivor regions: 0->0(0)
[2024-09-08T23:16:45.471+0800][info] GC(125) Old regions: 27->27
[2024-09-08T23:16:45.471+0800][info] GC(125) Archive regions: 2->2
[2024-09-08T23:16:45.471+0800][info] GC(125) Humongous regions: 3->0
[2024-09-08T23:16:45.471+0800][info] GC(125) Metaspace: 782K(896K)->782K(896K) NonClass: 718K(768K)->718K(768K) Class: 63K(128K)->63K(128K)
[2024-09-08T23:16:45.471+0800][info] GC(125) Pause Young (Concurrent Start) (G1 Humongous Allocation) 121M->109M(128M) 0.594ms
[2024-09-08T23:16:45.471+0800][info] GC(125) User=0.00s Sys=0.00s Real=0.00s
[2024-09-08T23:16:45.471+0800][info] GC(126) Concurrent Undo Cycle
[2024-09-08T23:16:45.471+0800][info] GC(126) Concurrent Cleanup for Next Mark
[2024-09-08T23:16:45.471+0800][info] GC(126) Concurrent Cleanup for Next Mark 0.108ms
[2024-09-08T23:16:45.471+0800][info] GC(126) Concurrent Undo Cycle 0.124ms
[2024-09-08T23:16:45.476+0800][info] GC(127) Pause Young (Concurrent Start) (G1 Humongous Allocation)
[2024-09-08T23:16:45.476+0800][info] GC(127) Using 3 workers of 48 for evacuation
[2024-09-08T23:16:45.477+0800][info] GC(127)   Pre Evacuate Collection Set: 0.1ms
[2024-09-08T23:16:45.477+0800][info] GC(127)   Merge Heap Roots: 0.0ms
[2024-09-08T23:16:45.477+0800][info] GC(127)   Evacuate Collection Set: 0.2ms
[2024-09-08T23:16:45.477+0800][info] GC(127)   Post Evacuate Collection Set: 0.1ms
[2024-09-08T23:16:45.477+0800][info] GC(127)   Other: 0.1ms
[2024-09-08T23:16:45.477+0800][info] GC(127) Eden regions: 0->0(1)
[2024-09-08T23:16:45.477+0800][info] GC(127) Survivor regions: 0->0(0)
[2024-09-08T23:16:45.477+0800][info] GC(127) Old regions: 27->27
[2024-09-08T23:16:45.477+0800][info] GC(127) Archive regions: 2->2
[2024-09-08T23:16:45.477+0800][info] GC(127) Humongous regions: 3->0
[2024-09-08T23:16:45.477+0800][info] GC(127) Metaspace: 782K(896K)->782K(896K) NonClass: 718K(768K)->718K(768K) Class: 63K(128K)->63K(128K)
[2024-09-08T23:16:45.477+0800][info] GC(127) Pause Young (Concurrent Start) (G1 Humongous Allocation) 121M->109M(128M) 0.652ms
[2024-09-08T23:16:45.477+0800][info] GC(127) User=0.00s Sys=0.00s Real=0.00s
[2024-09-08T23:16:45.477+0800][info] GC(128) Concurrent Undo Cycle
[2024-09-08T23:16:45.477+0800][info] GC(128) Concurrent Cleanup for Next Mark
[2024-09-08T23:16:45.477+0800][info] GC(128) Concurrent Cleanup for Next Mark 0.129ms
[2024-09-08T23:16:45.477+0800][info] GC(128) Concurrent Undo Cycle 0.156ms
[2024-09-08T23:16:45.482+0800][info] GC(129) Pause Young (Concurrent Start) (G1 Humongous Allocation)
[2024-09-08T23:16:45.482+0800][info] GC(129) Using 3 workers of 48 for evacuation
[2024-09-08T23:16:45.483+0800][info] GC(129)   Pre Evacuate Collection Set: 0.0ms
[2024-09-08T23:16:45.483+0800][info] GC(129)   Merge Heap Roots: 0.0ms
[2024-09-08T23:16:45.483+0800][info] GC(129)   Evacuate Collection Set: 0.3ms
[2024-09-08T23:16:45.483+0800][info] GC(129)   Post Evacuate Collection Set: 0.1ms
[2024-09-08T23:16:45.483+0800][info] GC(129)   Other: 0.1ms
[2024-09-08T23:16:45.483+0800][info] GC(129) Eden regions: 0->0(1)
[2024-09-08T23:16:45.483+0800][info] GC(129) Survivor regions: 0->0(0)
[2024-09-08T23:16:45.483+0800][info] GC(129) Old regions: 27->27
[2024-09-08T23:16:45.483+0800][info] GC(129) Archive regions: 2->2
[2024-09-08T23:16:45.483+0800][info] GC(129) Humongous regions: 3->0
[2024-09-08T23:16:45.483+0800][info] GC(129) Metaspace: 782K(896K)->782K(896K) NonClass: 718K(768K)->718K(768K) Class: 63K(128K)->63K(128K)
[2024-09-08T23:16:45.483+0800][info] GC(129) Pause Young (Concurrent Start) (G1 Humongous Allocation) 121M->109M(128M) 0.592ms
[2024-09-08T23:16:45.483+0800][info] GC(129) User=0.00s Sys=0.00s Real=0.00s
[2024-09-08T23:16:45.483+0800][info] GC(130) Concurrent Undo Cycle
[2024-09-08T23:16:45.483+0800][info] GC(130) Concurrent Cleanup for Next Mark
[2024-09-08T23:16:45.483+0800][info] GC(130) Concurrent Cleanup for Next Mark 0.226ms
[2024-09-08T23:16:45.483+0800][info] GC(130) Concurrent Undo Cycle 0.244ms
[2024-09-08T23:16:45.488+0800][info] GC(131) Pause Young (Concurrent Start) (G1 Humongous Allocation)
[2024-09-08T23:16:45.488+0800][info] GC(131) Using 3 workers of 48 for evacuation
[2024-09-08T23:16:45.489+0800][info] GC(131)   Pre Evacuate Collection Set: 0.0ms
[2024-09-08T23:16:45.489+0800][info] GC(131)   Merge Heap Roots: 0.0ms
[2024-09-08T23:16:45.489+0800][info] GC(131)   Evacuate Collection Set: 0.3ms
[2024-09-08T23:16:45.489+0800][info] GC(131)   Post Evacuate Collection Set: 0.1ms
[2024-09-08T23:16:45.489+0800][info] GC(131)   Other: 0.1ms
[2024-09-08T23:16:45.489+0800][info] GC(131) Eden regions: 0->0(1)
[2024-09-08T23:16:45.489+0800][info] GC(131) Survivor regions: 0->0(0)
[2024-09-08T23:16:45.489+0800][info] GC(131) Old regions: 27->27
[2024-09-08T23:16:45.489+0800][info] GC(131) Archive regions: 2->2
[2024-09-08T23:16:45.489+0800][info] GC(131) Humongous regions: 3->0
[2024-09-08T23:16:45.489+0800][info] GC(131) Metaspace: 782K(896K)->782K(896K) NonClass: 718K(768K)->718K(768K) Class: 63K(128K)->63K(128K)
[2024-09-08T23:16:45.489+0800][info] GC(131) Pause Young (Concurrent Start) (G1 Humongous Allocation) 121M->109M(128M) 0.604ms
[2024-09-08T23:16:45.489+0800][info] GC(131) User=0.00s Sys=0.00s Real=0.00s
[2024-09-08T23:16:45.489+0800][info] GC(132) Concurrent Undo Cycle
[2024-09-08T23:16:45.489+0800][info] GC(132) Concurrent Cleanup for Next Mark
[2024-09-08T23:16:45.489+0800][info] GC(132) Concurrent Cleanup for Next Mark 0.301ms
[2024-09-08T23:16:45.489+0800][info] GC(132) Concurrent Undo Cycle 0.319ms
[2024-09-08T23:16:45.495+0800][info] GC(133) Pause Young (Concurrent Start) (G1 Humongous Allocation)
[2024-09-08T23:16:45.495+0800][info] GC(133) Using 3 workers of 48 for evacuation
[2024-09-08T23:16:45.495+0800][info] GC(133)   Pre Evacuate Collection Set: 0.0ms
[2024-09-08T23:16:45.495+0800][info] GC(133)   Merge Heap Roots: 0.0ms
[2024-09-08T23:16:45.495+0800][info] GC(133)   Evacuate Collection Set: 0.3ms
[2024-09-08T23:16:45.495+0800][info] GC(133)   Post Evacuate Collection Set: 0.1ms
[2024-09-08T23:16:45.495+0800][info] GC(133)   Other: 0.1ms
[2024-09-08T23:16:45.495+0800][info] GC(133) Eden regions: 0->0(1)
[2024-09-08T23:16:45.495+0800][info] GC(133) Survivor regions: 0->0(0)
[2024-09-08T23:16:45.495+0800][info] GC(133) Old regions: 27->27
[2024-09-08T23:16:45.495+0800][info] GC(133) Archive regions: 2->2
[2024-09-08T23:16:45.495+0800][info] GC(133) Humongous regions: 3->0
[2024-09-08T23:16:45.495+0800][info] GC(133) Metaspace: 782K(896K)->782K(896K) NonClass: 718K(768K)->718K(768K) Class: 63K(128K)->63K(128K)
[2024-09-08T23:16:45.495+0800][info] GC(133) Pause Young (Concurrent Start) (G1 Humongous Allocation) 121M->109M(128M) 0.594ms
[2024-09-08T23:16:45.495+0800][info] GC(133) User=0.00s Sys=0.00s Real=0.00s
[2024-09-08T23:16:45.495+0800][info] GC(134) Concurrent Undo Cycle
[2024-09-08T23:16:45.495+0800][info] GC(134) Concurrent Cleanup for Next Mark
[2024-09-08T23:16:45.495+0800][info] GC(134) Concurrent Cleanup for Next Mark 0.119ms
[2024-09-08T23:16:45.495+0800][info] GC(134) Concurrent Undo Cycle 0.137ms
[2024-09-08T23:16:45.501+0800][info] GC(135) Pause Young (Concurrent Start) (G1 Humongous Allocation)
[2024-09-08T23:16:45.501+0800][info] GC(135) Using 3 workers of 48 for evacuation
[2024-09-08T23:16:45.501+0800][info] GC(135)   Pre Evacuate Collection Set: 0.0ms
[2024-09-08T23:16:45.501+0800][info] GC(135)   Merge Heap Roots: 0.0ms
[2024-09-08T23:16:45.501+0800][info] GC(135)   Evacuate Collection Set: 0.2ms
[2024-09-08T23:16:45.501+0800][info] GC(135)   Post Evacuate Collection Set: 0.1ms
[2024-09-08T23:16:45.501+0800][info] GC(135)   Other: 0.1ms
[2024-09-08T23:16:45.501+0800][info] GC(135) Eden regions: 0->0(1)
[2024-09-08T23:16:45.501+0800][info] GC(135) Survivor regions: 0->0(0)
[2024-09-08T23:16:45.501+0800][info] GC(135) Old regions: 27->27
[2024-09-08T23:16:45.501+0800][info] GC(135) Archive regions: 2->2
[2024-09-08T23:16:45.501+0800][info] GC(135) Humongous regions: 3->0
[2024-09-08T23:16:45.501+0800][info] GC(135) Metaspace: 782K(896K)->782K(896K) NonClass: 718K(768K)->718K(768K) Class: 63K(128K)->63K(128K)
[2024-09-08T23:16:45.501+0800][info] GC(135) Pause Young (Concurrent Start) (G1 Humongous Allocation) 121M->109M(128M) 0.510ms
[2024-09-08T23:16:45.501+0800][info] GC(135) User=0.00s Sys=0.00s Real=0.00s
[2024-09-08T23:16:45.501+0800][info] GC(136) Concurrent Undo Cycle
[2024-09-08T23:16:45.502+0800][info] GC(136) Concurrent Cleanup for Next Mark
[2024-09-08T23:16:45.502+0800][info] GC(136) Concurrent Cleanup for Next Mark 0.123ms
[2024-09-08T23:16:45.502+0800][info] GC(136) Concurrent Undo Cycle 0.146ms
[2024-09-08T23:16:45.507+0800][info] GC(137) Pause Young (Concurrent Start) (G1 Humongous Allocation)
[2024-09-08T23:16:45.507+0800][info] GC(137) Using 3 workers of 48 for evacuation
[2024-09-08T23:16:45.508+0800][info] GC(137)   Pre Evacuate Collection Set: 0.0ms
[2024-09-08T23:16:45.508+0800][info] GC(137)   Merge Heap Roots: 0.0ms
[2024-09-08T23:16:45.508+0800][info] GC(137)   Evacuate Collection Set: 0.2ms
[2024-09-08T23:16:45.508+0800][info] GC(137)   Post Evacuate Collection Set: 0.1ms
[2024-09-08T23:16:45.508+0800][info] GC(137)   Other: 0.1ms
[2024-09-08T23:16:45.508+0800][info] GC(137) Eden regions: 0->0(1)
[2024-09-08T23:16:45.508+0800][info] GC(137) Survivor regions: 0->0(0)
[2024-09-08T23:16:45.508+0800][info] GC(137) Old regions: 27->27
[2024-09-08T23:16:45.508+0800][info] GC(137) Archive regions: 2->2
[2024-09-08T23:16:45.508+0800][info] GC(137) Humongous regions: 3->0
[2024-09-08T23:16:45.508+0800][info] GC(137) Metaspace: 782K(896K)->782K(896K) NonClass: 718K(768K)->718K(768K) Class: 63K(128K)->63K(128K)
[2024-09-08T23:16:45.508+0800][info] GC(137) Pause Young (Concurrent Start) (G1 Humongous Allocation) 121M->109M(128M) 0.568ms
[2024-09-08T23:16:45.508+0800][info] GC(137) User=0.00s Sys=0.00s Real=0.00s
[2024-09-08T23:16:45.508+0800][info] GC(138) Concurrent Undo Cycle
[2024-09-08T23:16:45.508+0800][info] GC(138) Concurrent Cleanup for Next Mark
[2024-09-08T23:16:45.508+0800][info] GC(138) Concurrent Cleanup for Next Mark 0.131ms
[2024-09-08T23:16:45.508+0800][info] GC(138) Concurrent Undo Cycle 0.159ms
[2024-09-08T23:16:45.514+0800][info] GC(139) Pause Young (Concurrent Start) (G1 Humongous Allocation)
[2024-09-08T23:16:45.514+0800][info] GC(139) Using 3 workers of 48 for evacuation
[2024-09-08T23:16:45.514+0800][info] GC(139)   Pre Evacuate Collection Set: 0.1ms
[2024-09-08T23:16:45.514+0800][info] GC(139)   Merge Heap Roots: 0.0ms
[2024-09-08T23:16:45.514+0800][info] GC(139)   Evacuate Collection Set: 0.2ms
[2024-09-08T23:16:45.514+0800][info] GC(139)   Post Evacuate Collection Set: 0.1ms
[2024-09-08T23:16:45.514+0800][info] GC(139)   Other: 0.1ms
[2024-09-08T23:16:45.514+0800][info] GC(139) Eden regions: 0->0(1)
[2024-09-08T23:16:45.514+0800][info] GC(139) Survivor regions: 0->0(0)
[2024-09-08T23:16:45.514+0800][info] GC(139) Old regions: 27->27
[2024-09-08T23:16:45.514+0800][info] GC(139) Archive regions: 2->2
[2024-09-08T23:16:45.514+0800][info] GC(139) Humongous regions: 3->0
[2024-09-08T23:16:45.514+0800][info] GC(139) Metaspace: 782K(896K)->782K(896K) NonClass: 718K(768K)->718K(768K) Class: 63K(128K)->63K(128K)
[2024-09-08T23:16:45.514+0800][info] GC(139) Pause Young (Concurrent Start) (G1 Humongous Allocation) 121M->109M(128M) 0.642ms
[2024-09-08T23:16:45.514+0800][info] GC(139) User=0.00s Sys=0.00s Real=0.00s
[2024-09-08T23:16:45.514+0800][info] GC(140) Concurrent Undo Cycle
[2024-09-08T23:16:45.514+0800][info] GC(140) Concurrent Cleanup for Next Mark
[2024-09-08T23:16:45.515+0800][info] GC(140) Concurrent Cleanup for Next Mark 0.130ms
[2024-09-08T23:16:45.515+0800][info] GC(140) Concurrent Undo Cycle 0.149ms
[2024-09-08T23:16:45.520+0800][info] GC(141) Pause Young (Concurrent Start) (G1 Humongous Allocation)
[2024-09-08T23:16:45.520+0800][info] GC(141) Using 3 workers of 48 for evacuation
[2024-09-08T23:16:45.521+0800][info] GC(141)   Pre Evacuate Collection Set: 0.1ms
[2024-09-08T23:16:45.521+0800][info] GC(141)   Merge Heap Roots: 0.0ms
[2024-09-08T23:16:45.521+0800][info] GC(141)   Evacuate Collection Set: 0.2ms
[2024-09-08T23:16:45.521+0800][info] GC(141)   Post Evacuate Collection Set: 0.1ms
[2024-09-08T23:16:45.521+0800][info] GC(141)   Other: 0.1ms
[2024-09-08T23:16:45.521+0800][info] GC(141) Eden regions: 0->0(1)
[2024-09-08T23:16:45.521+0800][info] GC(141) Survivor regions: 0->0(0)
[2024-09-08T23:16:45.521+0800][info] GC(141) Old regions: 27->27
[2024-09-08T23:16:45.521+0800][info] GC(141) Archive regions: 2->2
[2024-09-08T23:16:45.521+0800][info] GC(141) Humongous regions: 3->0
[2024-09-08T23:16:45.521+0800][info] GC(141) Metaspace: 782K(896K)->782K(896K) NonClass: 718K(768K)->718K(768K) Class: 63K(128K)->63K(128K)
[2024-09-08T23:16:45.521+0800][info] GC(141) Pause Young (Concurrent Start) (G1 Humongous Allocation) 121M->109M(128M) 0.666ms
[2024-09-08T23:16:45.521+0800][info] GC(141) User=0.00s Sys=0.00s Real=0.00s
[2024-09-08T23:16:45.521+0800][info] GC(142) Concurrent Undo Cycle
[2024-09-08T23:16:45.521+0800][info] GC(142) Concurrent Cleanup for Next Mark
[2024-09-08T23:16:45.521+0800][info] GC(142) Concurrent Cleanup for Next Mark 0.241ms
[2024-09-08T23:16:45.521+0800][info] GC(142) Concurrent Undo Cycle 0.268ms
[2024-09-08T23:16:45.526+0800][info] GC(143) Pause Young (Concurrent Start) (G1 Humongous Allocation)
[2024-09-08T23:16:45.526+0800][info] GC(143) Using 3 workers of 48 for evacuation
[2024-09-08T23:16:45.527+0800][info] GC(143)   Pre Evacuate Collection Set: 0.1ms
[2024-09-08T23:16:45.527+0800][info] GC(143)   Merge Heap Roots: 0.0ms
[2024-09-08T23:16:45.527+0800][info] GC(143)   Evacuate Collection Set: 0.3ms
[2024-09-08T23:16:45.527+0800][info] GC(143)   Post Evacuate Collection Set: 0.1ms
[2024-09-08T23:16:45.527+0800][info] GC(143)   Other: 0.1ms
[2024-09-08T23:16:45.527+0800][info] GC(143) Eden regions: 0->0(1)
[2024-09-08T23:16:45.527+0800][info] GC(143) Survivor regions: 0->0(0)
[2024-09-08T23:16:45.527+0800][info] GC(143) Old regions: 27->27
[2024-09-08T23:16:45.527+0800][info] GC(143) Archive regions: 2->2
[2024-09-08T23:16:45.527+0800][info] GC(143) Humongous regions: 3->0
[2024-09-08T23:16:45.527+0800][info] GC(143) Metaspace: 782K(896K)->782K(896K) NonClass: 718K(768K)->718K(768K) Class: 63K(128K)->63K(128K)
[2024-09-08T23:16:45.527+0800][info] GC(143) Pause Young (Concurrent Start) (G1 Humongous Allocation) 121M->109M(128M) 0.623ms
[2024-09-08T23:16:45.527+0800][info] GC(143) User=0.00s Sys=0.00s Real=0.00s
[2024-09-08T23:16:45.527+0800][info] GC(144) Concurrent Undo Cycle
[2024-09-08T23:16:45.527+0800][info] GC(144) Concurrent Cleanup for Next Mark
[2024-09-08T23:16:45.527+0800][info] GC(144) Concurrent Cleanup for Next Mark 0.301ms
[2024-09-08T23:16:45.527+0800][info] GC(144) Concurrent Undo Cycle 0.320ms
[2024-09-08T23:16:45.533+0800][info] GC(145) Pause Young (Concurrent Start) (G1 Humongous Allocation)
[2024-09-08T23:16:45.533+0800][info] GC(145) Using 3 workers of 48 for evacuation
[2024-09-08T23:16:45.533+0800][info] GC(145)   Pre Evacuate Collection Set: 0.0ms
[2024-09-08T23:16:45.533+0800][info] GC(145)   Merge Heap Roots: 0.0ms
[2024-09-08T23:16:45.533+0800][info] GC(145)   Evacuate Collection Set: 0.2ms
[2024-09-08T23:16:45.533+0800][info] GC(145)   Post Evacuate Collection Set: 0.1ms
[2024-09-08T23:16:45.533+0800][info] GC(145)   Other: 0.1ms
[2024-09-08T23:16:45.533+0800][info] GC(145) Eden regions: 0->0(1)
[2024-09-08T23:16:45.533+0800][info] GC(145) Survivor regions: 0->0(0)
[2024-09-08T23:16:45.533+0800][info] GC(145) Old regions: 27->27
[2024-09-08T23:16:45.533+0800][info] GC(145) Archive regions: 2->2
[2024-09-08T23:16:45.533+0800][info] GC(145) Humongous regions: 3->0
[2024-09-08T23:16:45.533+0800][info] GC(145) Metaspace: 782K(896K)->782K(896K) NonClass: 718K(768K)->718K(768K) Class: 63K(128K)->63K(128K)
[2024-09-08T23:16:45.533+0800][info] GC(145) Pause Young (Concurrent Start) (G1 Humongous Allocation) 121M->109M(128M) 0.556ms
[2024-09-08T23:16:45.534+0800][info] GC(145) User=0.00s Sys=0.00s Real=0.00s
[2024-09-08T23:16:45.534+0800][info] GC(146) Concurrent Undo Cycle
[2024-09-08T23:16:45.534+0800][info] GC(146) Concurrent Cleanup for Next Mark
[2024-09-08T23:16:45.534+0800][info] GC(146) Concurrent Cleanup for Next Mark 0.117ms
[2024-09-08T23:16:45.534+0800][info] GC(146) Concurrent Undo Cycle 0.134ms
[2024-09-08T23:16:45.539+0800][info] GC(147) Pause Young (Concurrent Start) (G1 Humongous Allocation)
[2024-09-08T23:16:45.539+0800][info] GC(147) Using 3 workers of 48 for evacuation
[2024-09-08T23:16:45.540+0800][info] GC(147)   Pre Evacuate Collection Set: 0.1ms
[2024-09-08T23:16:45.540+0800][info] GC(147)   Merge Heap Roots: 0.0ms
[2024-09-08T23:16:45.540+0800][info] GC(147)   Evacuate Collection Set: 0.2ms
[2024-09-08T23:16:45.540+0800][info] GC(147)   Post Evacuate Collection Set: 0.1ms
[2024-09-08T23:16:45.540+0800][info] GC(147)   Other: 0.1ms
[2024-09-08T23:16:45.540+0800][info] GC(147) Eden regions: 0->0(1)
[2024-09-08T23:16:45.540+0800][info] GC(147) Survivor regions: 0->0(0)
[2024-09-08T23:16:45.540+0800][info] GC(147) Old regions: 27->27
[2024-09-08T23:16:45.540+0800][info] GC(147) Archive regions: 2->2
[2024-09-08T23:16:45.540+0800][info] GC(147) Humongous regions: 3->0
[2024-09-08T23:16:45.540+0800][info] GC(147) Metaspace: 782K(896K)->782K(896K) NonClass: 718K(768K)->718K(768K) Class: 63K(128K)->63K(128K)
[2024-09-08T23:16:45.540+0800][info] GC(147) Pause Young (Concurrent Start) (G1 Humongous Allocation) 121M->109M(128M) 0.619ms
[2024-09-08T23:16:45.540+0800][info] GC(147) User=0.00s Sys=0.00s Real=0.00s
[2024-09-08T23:16:45.540+0800][info] GC(148) Concurrent Undo Cycle
[2024-09-08T23:16:45.540+0800][info] GC(148) Concurrent Cleanup for Next Mark
[2024-09-08T23:16:45.540+0800][info] GC(148) Concurrent Cleanup for Next Mark 0.106ms
[2024-09-08T23:16:45.540+0800][info] GC(148) Concurrent Undo Cycle 0.125ms
[2024-09-08T23:16:45.545+0800][info] GC(149) Pause Young (Concurrent Start) (G1 Humongous Allocation)
[2024-09-08T23:16:45.545+0800][info] GC(149) Using 3 workers of 48 for evacuation
[2024-09-08T23:16:45.546+0800][info] GC(149)   Pre Evacuate Collection Set: 0.0ms
[2024-09-08T23:16:45.546+0800][info] GC(149)   Merge Heap Roots: 0.0ms
[2024-09-08T23:16:45.546+0800][info] GC(149)   Evacuate Collection Set: 0.3ms
[2024-09-08T23:16:45.546+0800][info] GC(149)   Post Evacuate Collection Set: 0.1ms
[2024-09-08T23:16:45.546+0800][info] GC(149)   Other: 0.1ms
[2024-09-08T23:16:45.546+0800][info] GC(149) Eden regions: 0->0(1)
[2024-09-08T23:16:45.546+0800][info] GC(149) Survivor regions: 0->0(0)
[2024-09-08T23:16:45.546+0800][info] GC(149) Old regions: 27->27
[2024-09-08T23:16:45.546+0800][info] GC(149) Archive regions: 2->2
[2024-09-08T23:16:45.546+0800][info] GC(149) Humongous regions: 3->0
[2024-09-08T23:16:45.546+0800][info] GC(149) Metaspace: 782K(896K)->782K(896K) NonClass: 718K(768K)->718K(768K) Class: 63K(128K)->63K(128K)
[2024-09-08T23:16:45.546+0800][info] GC(149) Pause Young (Concurrent Start) (G1 Humongous Allocation) 121M->109M(128M) 0.582ms
[2024-09-08T23:16:45.546+0800][info] GC(149) User=0.00s Sys=0.00s Real=0.00s
[2024-09-08T23:16:45.546+0800][info] GC(150) Concurrent Undo Cycle
[2024-09-08T23:16:45.546+0800][info] GC(150) Concurrent Cleanup for Next Mark
[2024-09-08T23:16:45.546+0800][info] GC(150) Concurrent Cleanup for Next Mark 0.107ms
[2024-09-08T23:16:45.546+0800][info] GC(150) Concurrent Undo Cycle 0.125ms
[2024-09-08T23:16:45.552+0800][info] GC(151) Pause Young (Concurrent Start) (G1 Humongous Allocation)
[2024-09-08T23:16:45.552+0800][info] GC(151) Using 3 workers of 48 for evacuation
[2024-09-08T23:16:45.552+0800][info] GC(151)   Pre Evacuate Collection Set: 0.0ms
[2024-09-08T23:16:45.552+0800][info] GC(151)   Merge Heap Roots: 0.0ms
[2024-09-08T23:16:45.552+0800][info] GC(151)   Evacuate Collection Set: 0.1ms
[2024-09-08T23:16:45.552+0800][info] GC(151)   Post Evacuate Collection Set: 0.1ms
[2024-09-08T23:16:45.552+0800][info] GC(151)   Other: 0.1ms
[2024-09-08T23:16:45.552+0800][info] GC(151) Eden regions: 0->0(1)
[2024-09-08T23:16:45.552+0800][info] GC(151) Survivor regions: 0->0(0)
[2024-09-08T23:16:45.552+0800][info] GC(151) Old regions: 27->27
[2024-09-08T23:16:45.552+0800][info] GC(151) Archive regions: 2->2
[2024-09-08T23:16:45.552+0800][info] GC(151) Humongous regions: 3->0
[2024-09-08T23:16:45.552+0800][info] GC(151) Metaspace: 782K(896K)->782K(896K) NonClass: 718K(768K)->718K(768K) Class: 63K(128K)->63K(128K)
[2024-09-08T23:16:45.552+0800][info] GC(151) Pause Young (Concurrent Start) (G1 Humongous Allocation) 121M->109M(128M) 0.419ms
[2024-09-08T23:16:45.552+0800][info] GC(151) User=0.00s Sys=0.00s Real=0.00s
[2024-09-08T23:16:45.552+0800][info] GC(152) Concurrent Undo Cycle
[2024-09-08T23:16:45.552+0800][info] GC(152) Concurrent Cleanup for Next Mark
[2024-09-08T23:16:45.552+0800][info] GC(152) Concurrent Cleanup for Next Mark 0.127ms
[2024-09-08T23:16:45.552+0800][info] GC(152) Concurrent Undo Cycle 0.143ms
[2024-09-08T23:16:45.558+0800][info] GC(153) Pause Young (Concurrent Start) (G1 Humongous Allocation)
[2024-09-08T23:16:45.558+0800][info] GC(153) Using 3 workers of 48 for evacuation
[2024-09-08T23:16:45.558+0800][info] GC(153)   Pre Evacuate Collection Set: 0.0ms
[2024-09-08T23:16:45.558+0800][info] GC(153)   Merge Heap Roots: 0.0ms
[2024-09-08T23:16:45.558+0800][info] GC(153)   Evacuate Collection Set: 0.2ms
[2024-09-08T23:16:45.558+0800][info] GC(153)   Post Evacuate Collection Set: 0.1ms
[2024-09-08T23:16:45.558+0800][info] GC(153)   Other: 0.1ms
[2024-09-08T23:16:45.558+0800][info] GC(153) Eden regions: 0->0(1)
[2024-09-08T23:16:45.558+0800][info] GC(153) Survivor regions: 0->0(0)
[2024-09-08T23:16:45.558+0800][info] GC(153) Old regions: 27->27
[2024-09-08T23:16:45.558+0800][info] GC(153) Archive regions: 2->2
[2024-09-08T23:16:45.558+0800][info] GC(153) Humongous regions: 3->0
[2024-09-08T23:16:45.558+0800][info] GC(153) Metaspace: 782K(896K)->782K(896K) NonClass: 718K(768K)->718K(768K) Class: 63K(128K)->63K(128K)
[2024-09-08T23:16:45.558+0800][info] GC(153) Pause Young (Concurrent Start) (G1 Humongous Allocation) 121M->109M(128M) 0.598ms
[2024-09-08T23:16:45.558+0800][info] GC(153) User=0.00s Sys=0.00s Real=0.00s
[2024-09-08T23:16:45.558+0800][info] GC(154) Concurrent Undo Cycle
[2024-09-08T23:16:45.558+0800][info] GC(154) Concurrent Cleanup for Next Mark
[2024-09-08T23:16:45.559+0800][info] GC(154) Concurrent Cleanup for Next Mark 0.226ms
[2024-09-08T23:16:45.559+0800][info] GC(154) Concurrent Undo Cycle 0.248ms
[2024-09-08T23:16:45.564+0800][info] GC(155) Pause Young (Concurrent Start) (G1 Humongous Allocation)
[2024-09-08T23:16:45.564+0800][info] GC(155) Using 3 workers of 48 for evacuation
[2024-09-08T23:16:45.565+0800][info] GC(155)   Pre Evacuate Collection Set: 0.0ms
[2024-09-08T23:16:45.565+0800][info] GC(155)   Merge Heap Roots: 0.0ms
[2024-09-08T23:16:45.565+0800][info] GC(155)   Evacuate Collection Set: 0.2ms
[2024-09-08T23:16:45.565+0800][info] GC(155)   Post Evacuate Collection Set: 0.1ms
[2024-09-08T23:16:45.565+0800][info] GC(155)   Other: 0.1ms
[2024-09-08T23:16:45.565+0800][info] GC(155) Eden regions: 0->0(1)
[2024-09-08T23:16:45.565+0800][info] GC(155) Survivor regions: 0->0(0)
[2024-09-08T23:16:45.565+0800][info] GC(155) Old regions: 27->27
[2024-09-08T23:16:45.565+0800][info] GC(155) Archive regions: 2->2
[2024-09-08T23:16:45.565+0800][info] GC(155) Humongous regions: 3->0
[2024-09-08T23:16:45.565+0800][info] GC(155) Metaspace: 782K(896K)->782K(896K) NonClass: 718K(768K)->718K(768K) Class: 63K(128K)->63K(128K)
[2024-09-08T23:16:45.565+0800][info] GC(155) Pause Young (Concurrent Start) (G1 Humongous Allocation) 121M->109M(128M) 0.667ms
[2024-09-08T23:16:45.565+0800][info] GC(155) User=0.00s Sys=0.00s Real=0.01s
[2024-09-08T23:16:45.565+0800][info] GC(156) Concurrent Undo Cycle
[2024-09-08T23:16:45.565+0800][info] GC(156) Concurrent Cleanup for Next Mark
[2024-09-08T23:16:45.565+0800][info] GC(156) Concurrent Cleanup for Next Mark 0.332ms
[2024-09-08T23:16:45.565+0800][info] GC(156) Concurrent Undo Cycle 0.361ms
[2024-09-08T23:16:45.571+0800][info] GC(157) Pause Young (Concurrent Start) (G1 Humongous Allocation)
[2024-09-08T23:16:45.571+0800][info] GC(157) Using 3 workers of 48 for evacuation
[2024-09-08T23:16:45.571+0800][info] GC(157)   Pre Evacuate Collection Set: 0.0ms
[2024-09-08T23:16:45.571+0800][info] GC(157)   Merge Heap Roots: 0.0ms
[2024-09-08T23:16:45.571+0800][info] GC(157)   Evacuate Collection Set: 0.1ms
[2024-09-08T23:16:45.571+0800][info] GC(157)   Post Evacuate Collection Set: 0.1ms
[2024-09-08T23:16:45.571+0800][info] GC(157)   Other: 0.1ms
[2024-09-08T23:16:45.571+0800][info] GC(157) Eden regions: 0->0(1)
[2024-09-08T23:16:45.571+0800][info] GC(157) Survivor regions: 0->0(0)
[2024-09-08T23:16:45.571+0800][info] GC(157) Old regions: 27->27
[2024-09-08T23:16:45.571+0800][info] GC(157) Archive regions: 2->2
[2024-09-08T23:16:45.571+0800][info] GC(157) Humongous regions: 3->0
[2024-09-08T23:16:45.571+0800][info] GC(157) Metaspace: 782K(896K)->782K(896K) NonClass: 718K(768K)->718K(768K) Class: 63K(128K)->63K(128K)
[2024-09-08T23:16:45.571+0800][info] GC(157) Pause Young (Concurrent Start) (G1 Humongous Allocation) 121M->109M(128M) 0.425ms
[2024-09-08T23:16:45.571+0800][info] GC(157) User=0.00s Sys=0.00s Real=0.00s
[2024-09-08T23:16:45.571+0800][info] GC(158) Concurrent Undo Cycle
[2024-09-08T23:16:45.571+0800][info] GC(158) Concurrent Cleanup for Next Mark
[2024-09-08T23:16:45.571+0800][info] GC(158) Concurrent Cleanup for Next Mark 0.125ms
[2024-09-08T23:16:45.572+0800][info] GC(158) Concurrent Undo Cycle 0.168ms
[2024-09-08T23:16:45.577+0800][info] GC(159) Pause Young (Concurrent Start) (G1 Humongous Allocation)
[2024-09-08T23:16:45.577+0800][info] GC(159) Using 3 workers of 48 for evacuation
[2024-09-08T23:16:45.577+0800][info] GC(159)   Pre Evacuate Collection Set: 0.0ms
[2024-09-08T23:16:45.577+0800][info] GC(159)   Merge Heap Roots: 0.0ms
[2024-09-08T23:16:45.578+0800][info] GC(159)   Evacuate Collection Set: 0.1ms
[2024-09-08T23:16:45.578+0800][info] GC(159)   Post Evacuate Collection Set: 0.1ms
[2024-09-08T23:16:45.578+0800][info] GC(159)   Other: 0.1ms
[2024-09-08T23:16:45.578+0800][info] GC(159) Eden regions: 0->0(1)
[2024-09-08T23:16:45.578+0800][info] GC(159) Survivor regions: 0->0(0)
[2024-09-08T23:16:45.578+0800][info] GC(159) Old regions: 27->27
[2024-09-08T23:16:45.578+0800][info] GC(159) Archive regions: 2->2
[2024-09-08T23:16:45.578+0800][info] GC(159) Humongous regions: 3->0
[2024-09-08T23:16:45.578+0800][info] GC(159) Metaspace: 782K(896K)->782K(896K) NonClass: 718K(768K)->718K(768K) Class: 63K(128K)->63K(128K)
[2024-09-08T23:16:45.578+0800][info] GC(159) Pause Young (Concurrent Start) (G1 Humongous Allocation) 121M->109M(128M) 0.419ms
[2024-09-08T23:16:45.578+0800][info] GC(159) User=0.00s Sys=0.00s Real=0.00s
[2024-09-08T23:16:45.578+0800][info] GC(160) Concurrent Undo Cycle
[2024-09-08T23:16:45.578+0800][info] GC(160) Concurrent Cleanup for Next Mark
[2024-09-08T23:16:45.578+0800][info] GC(160) Concurrent Cleanup for Next Mark 0.121ms
[2024-09-08T23:16:45.578+0800][info] GC(160) Concurrent Undo Cycle 0.165ms
[2024-09-08T23:16:45.583+0800][info] GC(161) Pause Young (Concurrent Start) (G1 Humongous Allocation)
[2024-09-08T23:16:45.583+0800][info] GC(161) Using 3 workers of 48 for evacuation
[2024-09-08T23:16:45.584+0800][info] GC(161)   Pre Evacuate Collection Set: 0.0ms
[2024-09-08T23:16:45.584+0800][info] GC(161)   Merge Heap Roots: 0.0ms
[2024-09-08T23:16:45.584+0800][info] GC(161)   Evacuate Collection Set: 0.2ms
[2024-09-08T23:16:45.584+0800][info] GC(161)   Post Evacuate Collection Set: 0.1ms
[2024-09-08T23:16:45.584+0800][info] GC(161)   Other: 0.1ms
[2024-09-08T23:16:45.584+0800][info] GC(161) Eden regions: 0->0(1)
[2024-09-08T23:16:45.584+0800][info] GC(161) Survivor regions: 0->0(0)
[2024-09-08T23:16:45.584+0800][info] GC(161) Old regions: 27->27
[2024-09-08T23:16:45.584+0800][info] GC(161) Archive regions: 2->2
[2024-09-08T23:16:45.584+0800][info] GC(161) Humongous regions: 3->0
[2024-09-08T23:16:45.584+0800][info] GC(161) Metaspace: 782K(896K)->782K(896K) NonClass: 718K(768K)->718K(768K) Class: 63K(128K)->63K(128K)
[2024-09-08T23:16:45.584+0800][info] GC(161) Pause Young (Concurrent Start) (G1 Humongous Allocation) 121M->109M(128M) 0.521ms
[2024-09-08T23:16:45.584+0800][info] GC(161) User=0.01s Sys=0.00s Real=0.00s
[2024-09-08T23:16:45.584+0800][info] GC(162) Concurrent Undo Cycle
[2024-09-08T23:16:45.584+0800][info] GC(162) Concurrent Cleanup for Next Mark
[2024-09-08T23:16:45.584+0800][info] GC(162) Concurrent Cleanup for Next Mark 0.118ms
[2024-09-08T23:16:45.584+0800][info] GC(162) Concurrent Undo Cycle 0.161ms
[2024-09-08T23:16:45.590+0800][info] GC(163) Pause Young (Concurrent Start) (G1 Humongous Allocation)
[2024-09-08T23:16:45.590+0800][info] GC(163) Using 3 workers of 48 for evacuation
[2024-09-08T23:16:45.590+0800][info] GC(163)   Pre Evacuate Collection Set: 0.0ms
[2024-09-08T23:16:45.590+0800][info] GC(163)   Merge Heap Roots: 0.0ms
[2024-09-08T23:16:45.590+0800][info] GC(163)   Evacuate Collection Set: 0.1ms
[2024-09-08T23:16:45.590+0800][info] GC(163)   Post Evacuate Collection Set: 0.1ms
[2024-09-08T23:16:45.590+0800][info] GC(163)   Other: 0.1ms
[2024-09-08T23:16:45.590+0800][info] GC(163) Eden regions: 0->0(1)
[2024-09-08T23:16:45.590+0800][info] GC(163) Survivor regions: 0->0(0)
[2024-09-08T23:16:45.590+0800][info] GC(163) Old regions: 27->27
[2024-09-08T23:16:45.590+0800][info] GC(163) Archive regions: 2->2
[2024-09-08T23:16:45.590+0800][info] GC(163) Humongous regions: 3->0
[2024-09-08T23:16:45.590+0800][info] GC(163) Metaspace: 782K(896K)->782K(896K) NonClass: 718K(768K)->718K(768K) Class: 63K(128K)->63K(128K)
[2024-09-08T23:16:45.590+0800][info] GC(163) Pause Young (Concurrent Start) (G1 Humongous Allocation) 121M->109M(128M) 0.428ms
[2024-09-08T23:16:45.590+0800][info] GC(163) User=0.00s Sys=0.00s Real=0.00s
[2024-09-08T23:16:45.590+0800][info] GC(164) Concurrent Undo Cycle
[2024-09-08T23:16:45.590+0800][info] GC(164) Concurrent Cleanup for Next Mark
[2024-09-08T23:16:45.590+0800][info] GC(164) Concurrent Cleanup for Next Mark 0.139ms
[2024-09-08T23:16:45.590+0800][info] GC(164) Concurrent Undo Cycle 0.178ms
[2024-09-08T23:16:45.596+0800][info] GC(165) Pause Young (Concurrent Start) (G1 Humongous Allocation)
[2024-09-08T23:16:45.596+0800][info] GC(165) Using 3 workers of 48 for evacuation
[2024-09-08T23:16:45.596+0800][info] GC(165)   Pre Evacuate Collection Set: 0.0ms
[2024-09-08T23:16:45.596+0800][info] GC(165)   Merge Heap Roots: 0.0ms
[2024-09-08T23:16:45.596+0800][info] GC(165)   Evacuate Collection Set: 0.1ms
[2024-09-08T23:16:45.596+0800][info] GC(165)   Post Evacuate Collection Set: 0.1ms
[2024-09-08T23:16:45.596+0800][info] GC(165)   Other: 0.1ms
[2024-09-08T23:16:45.596+0800][info] GC(165) Eden regions: 0->0(1)
[2024-09-08T23:16:45.596+0800][info] GC(165) Survivor regions: 0->0(0)
[2024-09-08T23:16:45.596+0800][info] GC(165) Old regions: 27->27
[2024-09-08T23:16:45.596+0800][info] GC(165) Archive regions: 2->2
[2024-09-08T23:16:45.596+0800][info] GC(165) Humongous regions: 3->0
[2024-09-08T23:16:45.596+0800][info] GC(165) Metaspace: 782K(896K)->782K(896K) NonClass: 718K(768K)->718K(768K) Class: 63K(128K)->63K(128K)
[2024-09-08T23:16:45.596+0800][info] GC(165) Pause Young (Concurrent Start) (G1 Humongous Allocation) 121M->109M(128M) 0.441ms
[2024-09-08T23:16:45.596+0800][info] GC(165) User=0.00s Sys=0.00s Real=0.00s
[2024-09-08T23:16:45.596+0800][info] GC(166) Concurrent Undo Cycle
[2024-09-08T23:16:45.596+0800][info] GC(166) Concurrent Cleanup for Next Mark
[2024-09-08T23:16:45.597+0800][info] GC(166) Concurrent Cleanup for Next Mark 0.245ms
[2024-09-08T23:16:45.597+0800][info] GC(166) Concurrent Undo Cycle 0.288ms
[2024-09-08T23:16:45.602+0800][info] GC(167) Pause Young (Concurrent Start) (G1 Humongous Allocation)
[2024-09-08T23:16:45.602+0800][info] GC(167) Using 3 workers of 48 for evacuation
[2024-09-08T23:16:45.603+0800][info] GC(167)   Pre Evacuate Collection Set: 0.0ms
[2024-09-08T23:16:45.603+0800][info] GC(167)   Merge Heap Roots: 0.0ms
[2024-09-08T23:16:45.603+0800][info] GC(167)   Evacuate Collection Set: 0.1ms
[2024-09-08T23:16:45.603+0800][info] GC(167)   Post Evacuate Collection Set: 0.1ms
[2024-09-08T23:16:45.603+0800][info] GC(167)   Other: 0.1ms
[2024-09-08T23:16:45.603+0800][info] GC(167) Eden regions: 0->0(1)
[2024-09-08T23:16:45.603+0800][info] GC(167) Survivor regions: 0->0(0)
[2024-09-08T23:16:45.603+0800][info] GC(167) Old regions: 27->27
[2024-09-08T23:16:45.603+0800][info] GC(167) Archive regions: 2->2
[2024-09-08T23:16:45.603+0800][info] GC(167) Humongous regions: 3->0
[2024-09-08T23:16:45.603+0800][info] GC(167) Metaspace: 782K(896K)->782K(896K) NonClass: 718K(768K)->718K(768K) Class: 63K(128K)->63K(128K)
[2024-09-08T23:16:45.603+0800][info] GC(167) Pause Young (Concurrent Start) (G1 Humongous Allocation) 121M->109M(128M) 0.610ms
[2024-09-08T23:16:45.603+0800][info] GC(167) User=0.00s Sys=0.00s Real=0.00s
[2024-09-08T23:16:45.603+0800][info] GC(168) Concurrent Undo Cycle
[2024-09-08T23:16:45.603+0800][info] GC(168) Concurrent Cleanup for Next Mark
[2024-09-08T23:16:45.603+0800][info] GC(168) Concurrent Cleanup for Next Mark 0.337ms
[2024-09-08T23:16:45.603+0800][info] GC(168) Concurrent Undo Cycle 0.381ms
[2024-09-08T23:16:45.609+0800][info] GC(169) Pause Young (Concurrent Start) (G1 Humongous Allocation)
[2024-09-08T23:16:45.609+0800][info] GC(169) Using 3 workers of 48 for evacuation
[2024-09-08T23:16:45.609+0800][info] GC(169)   Pre Evacuate Collection Set: 0.0ms
[2024-09-08T23:16:45.609+0800][info] GC(169)   Merge Heap Roots: 0.0ms
[2024-09-08T23:16:45.609+0800][info] GC(169)   Evacuate Collection Set: 0.1ms
[2024-09-08T23:16:45.609+0800][info] GC(169)   Post Evacuate Collection Set: 0.1ms
[2024-09-08T23:16:45.609+0800][info] GC(169)   Other: 0.1ms
[2024-09-08T23:16:45.609+0800][info] GC(169) Eden regions: 0->0(1)
[2024-09-08T23:16:45.609+0800][info] GC(169) Survivor regions: 0->0(0)
[2024-09-08T23:16:45.609+0800][info] GC(169) Old regions: 27->27
[2024-09-08T23:16:45.609+0800][info] GC(169) Archive regions: 2->2
[2024-09-08T23:16:45.609+0800][info] GC(169) Humongous regions: 3->0
[2024-09-08T23:16:45.609+0800][info] GC(169) Metaspace: 782K(896K)->782K(896K) NonClass: 718K(768K)->718K(768K) Class: 63K(128K)->63K(128K)
[2024-09-08T23:16:45.609+0800][info] GC(169) Pause Young (Concurrent Start) (G1 Humongous Allocation) 121M->109M(128M) 0.415ms
[2024-09-08T23:16:45.609+0800][info] GC(169) User=0.00s Sys=0.00s Real=0.00s
[2024-09-08T23:16:45.609+0800][info] GC(170) Concurrent Undo Cycle
[2024-09-08T23:16:45.609+0800][info] GC(170) Concurrent Cleanup for Next Mark
[2024-09-08T23:16:45.609+0800][info] GC(170) Concurrent Cleanup for Next Mark 0.123ms
[2024-09-08T23:16:45.609+0800][info] GC(170) Concurrent Undo Cycle 0.164ms
[2024-09-08T23:16:45.615+0800][info] GC(171) Pause Young (Concurrent Start) (G1 Humongous Allocation)
[2024-09-08T23:16:45.615+0800][info] GC(171) Using 3 workers of 48 for evacuation
[2024-09-08T23:16:45.615+0800][info] GC(171)   Pre Evacuate Collection Set: 0.0ms
[2024-09-08T23:16:45.615+0800][info] GC(171)   Merge Heap Roots: 0.0ms
[2024-09-08T23:16:45.615+0800][info] GC(171)   Evacuate Collection Set: 0.1ms
[2024-09-08T23:16:45.615+0800][info] GC(171)   Post Evacuate Collection Set: 0.1ms
[2024-09-08T23:16:45.615+0800][info] GC(171)   Other: 0.1ms
[2024-09-08T23:16:45.615+0800][info] GC(171) Eden regions: 0->0(1)
[2024-09-08T23:16:45.615+0800][info] GC(171) Survivor regions: 0->0(0)
[2024-09-08T23:16:45.615+0800][info] GC(171) Old regions: 27->27
[2024-09-08T23:16:45.615+0800][info] GC(171) Archive regions: 2->2
[2024-09-08T23:16:45.615+0800][info] GC(171) Humongous regions: 3->0
[2024-09-08T23:16:45.615+0800][info] GC(171) Metaspace: 782K(896K)->782K(896K) NonClass: 718K(768K)->718K(768K) Class: 63K(128K)->63K(128K)
[2024-09-08T23:16:45.615+0800][info] GC(171) Pause Young (Concurrent Start) (G1 Humongous Allocation) 121M->109M(128M) 0.447ms
[2024-09-08T23:16:45.615+0800][info] GC(171) User=0.00s Sys=0.00s Real=0.00s
[2024-09-08T23:16:45.615+0800][info] GC(172) Concurrent Undo Cycle
[2024-09-08T23:16:45.615+0800][info] GC(172) Concurrent Cleanup for Next Mark
[2024-09-08T23:16:45.616+0800][info] GC(172) Concurrent Cleanup for Next Mark 0.117ms
[2024-09-08T23:16:45.616+0800][info] GC(172) Concurrent Undo Cycle 0.158ms
[2024-09-08T23:16:45.621+0800][info] GC(173) Pause Young (Concurrent Start) (G1 Humongous Allocation)
[2024-09-08T23:16:45.621+0800][info] GC(173) Using 3 workers of 48 for evacuation
[2024-09-08T23:16:45.622+0800][info] GC(173)   Pre Evacuate Collection Set: 0.0ms
[2024-09-08T23:16:45.622+0800][info] GC(173)   Merge Heap Roots: 0.0ms
[2024-09-08T23:16:45.622+0800][info] GC(173)   Evacuate Collection Set: 0.1ms
[2024-09-08T23:16:45.622+0800][info] GC(173)   Post Evacuate Collection Set: 0.1ms
[2024-09-08T23:16:45.622+0800][info] GC(173)   Other: 0.1ms
[2024-09-08T23:16:45.622+0800][info] GC(173) Eden regions: 0->0(1)
[2024-09-08T23:16:45.622+0800][info] GC(173) Survivor regions: 0->0(0)
[2024-09-08T23:16:45.622+0800][info] GC(173) Old regions: 27->27
[2024-09-08T23:16:45.622+0800][info] GC(173) Archive regions: 2->2
[2024-09-08T23:16:45.622+0800][info] GC(173) Humongous regions: 3->0
[2024-09-08T23:16:45.622+0800][info] GC(173) Metaspace: 782K(896K)->782K(896K) NonClass: 718K(768K)->718K(768K) Class: 63K(128K)->63K(128K)
[2024-09-08T23:16:45.622+0800][info] GC(173) Pause Young (Concurrent Start) (G1 Humongous Allocation) 121M->109M(128M) 0.437ms
[2024-09-08T23:16:45.622+0800][info] GC(173) User=0.00s Sys=0.00s Real=0.00s
[2024-09-08T23:16:45.622+0800][info] GC(174) Concurrent Undo Cycle
[2024-09-08T23:16:45.622+0800][info] GC(174) Concurrent Cleanup for Next Mark
[2024-09-08T23:16:45.622+0800][info] GC(174) Concurrent Cleanup for Next Mark 0.119ms
[2024-09-08T23:16:45.622+0800][info] GC(174) Concurrent Undo Cycle 0.159ms
[2024-09-08T23:16:45.627+0800][info] GC(175) Pause Young (Concurrent Start) (G1 Humongous Allocation)
[2024-09-08T23:16:45.627+0800][info] GC(175) Using 3 workers of 48 for evacuation
[2024-09-08T23:16:45.628+0800][info] GC(175)   Pre Evacuate Collection Set: 0.0ms
[2024-09-08T23:16:45.628+0800][info] GC(175)   Merge Heap Roots: 0.0ms
[2024-09-08T23:16:45.628+0800][info] GC(175)   Evacuate Collection Set: 0.1ms
[2024-09-08T23:16:45.628+0800][info] GC(175)   Post Evacuate Collection Set: 0.1ms
[2024-09-08T23:16:45.628+0800][info] GC(175)   Other: 0.1ms
[2024-09-08T23:16:45.628+0800][info] GC(175) Eden regions: 0->0(1)
[2024-09-08T23:16:45.628+0800][info] GC(175) Survivor regions: 0->0(0)
[2024-09-08T23:16:45.628+0800][info] GC(175) Old regions: 27->27
[2024-09-08T23:16:45.628+0800][info] GC(175) Archive regions: 2->2
[2024-09-08T23:16:45.628+0800][info] GC(175) Humongous regions: 3->0
[2024-09-08T23:16:45.628+0800][info] GC(175) Metaspace: 782K(896K)->782K(896K) NonClass: 718K(768K)->718K(768K) Class: 63K(128K)->63K(128K)
[2024-09-08T23:16:45.628+0800][info] GC(175) Pause Young (Concurrent Start) (G1 Humongous Allocation) 121M->109M(128M) 0.432ms
[2024-09-08T23:16:45.628+0800][info] GC(175) User=0.00s Sys=0.00s Real=0.00s
[2024-09-08T23:16:45.628+0800][info] GC(176) Concurrent Undo Cycle
[2024-09-08T23:16:45.628+0800][info] GC(176) Concurrent Cleanup for Next Mark
[2024-09-08T23:16:45.628+0800][info] GC(176) Concurrent Cleanup for Next Mark 0.140ms
[2024-09-08T23:16:45.628+0800][info] GC(176) Concurrent Undo Cycle 0.192ms
[2024-09-08T23:16:45.634+0800][info] GC(177) Pause Young (Concurrent Start) (G1 Humongous Allocation)
[2024-09-08T23:16:45.634+0800][info] GC(177) Using 3 workers of 48 for evacuation
[2024-09-08T23:16:45.634+0800][info] GC(177)   Pre Evacuate Collection Set: 0.0ms
[2024-09-08T23:16:45.634+0800][info] GC(177)   Merge Heap Roots: 0.0ms
[2024-09-08T23:16:45.634+0800][info] GC(177)   Evacuate Collection Set: 0.1ms
[2024-09-08T23:16:45.634+0800][info] GC(177)   Post Evacuate Collection Set: 0.1ms
[2024-09-08T23:16:45.634+0800][info] GC(177)   Other: 0.1ms
[2024-09-08T23:16:45.634+0800][info] GC(177) Eden regions: 0->0(1)
[2024-09-08T23:16:45.634+0800][info] GC(177) Survivor regions: 0->0(0)
[2024-09-08T23:16:45.634+0800][info] GC(177) Old regions: 27->27
[2024-09-08T23:16:45.634+0800][info] GC(177) Archive regions: 2->2
[2024-09-08T23:16:45.634+0800][info] GC(177) Humongous regions: 3->0
[2024-09-08T23:16:45.634+0800][info] GC(177) Metaspace: 782K(896K)->782K(896K) NonClass: 718K(768K)->718K(768K) Class: 63K(128K)->63K(128K)
[2024-09-08T23:16:45.634+0800][info] GC(177) Pause Young (Concurrent Start) (G1 Humongous Allocation) 121M->109M(128M) 0.428ms
[2024-09-08T23:16:45.634+0800][info] GC(177) User=0.00s Sys=0.00s Real=0.00s
[2024-09-08T23:16:45.634+0800][info] GC(178) Concurrent Undo Cycle
[2024-09-08T23:16:45.634+0800][info] GC(178) Concurrent Cleanup for Next Mark
[2024-09-08T23:16:45.634+0800][info] GC(178) Concurrent Cleanup for Next Mark 0.257ms
[2024-09-08T23:16:45.634+0800][info] GC(178) Concurrent Undo Cycle 0.298ms
[2024-09-08T23:16:45.640+0800][info] GC(179) Pause Young (Concurrent Start) (G1 Humongous Allocation)
[2024-09-08T23:16:45.640+0800][info] GC(179) Using 3 workers of 48 for evacuation
[2024-09-08T23:16:45.640+0800][info] GC(179)   Pre Evacuate Collection Set: 0.0ms
[2024-09-08T23:16:45.640+0800][info] GC(179)   Merge Heap Roots: 0.0ms
[2024-09-08T23:16:45.640+0800][info] GC(179)   Evacuate Collection Set: 0.2ms
[2024-09-08T23:16:45.640+0800][info] GC(179)   Post Evacuate Collection Set: 0.1ms
[2024-09-08T23:16:45.640+0800][info] GC(179)   Other: 0.1ms
[2024-09-08T23:16:45.640+0800][info] GC(179) Eden regions: 0->0(1)
[2024-09-08T23:16:45.640+0800][info] GC(179) Survivor regions: 0->0(0)
[2024-09-08T23:16:45.640+0800][info] GC(179) Old regions: 27->27
[2024-09-08T23:16:45.640+0800][info] GC(179) Archive regions: 2->2
[2024-09-08T23:16:45.640+0800][info] GC(179) Humongous regions: 3->0
[2024-09-08T23:16:45.640+0800][info] GC(179) Metaspace: 782K(896K)->782K(896K) NonClass: 718K(768K)->718K(768K) Class: 63K(128K)->63K(128K)
[2024-09-08T23:16:45.640+0800][info] GC(179) Pause Young (Concurrent Start) (G1 Humongous Allocation) 121M->109M(128M) 0.538ms
[2024-09-08T23:16:45.640+0800][info] GC(179) User=0.00s Sys=0.00s Real=0.00s
[2024-09-08T23:16:45.640+0800][info] GC(180) Concurrent Undo Cycle
[2024-09-08T23:16:45.640+0800][info] GC(180) Concurrent Cleanup for Next Mark
[2024-09-08T23:16:45.641+0800][info] GC(180) Concurrent Cleanup for Next Mark 0.378ms
[2024-09-08T23:16:45.641+0800][info] GC(180) Concurrent Undo Cycle 0.429ms
[2024-09-08T23:16:45.646+0800][info] GC(181) Pause Young (Concurrent Start) (G1 Humongous Allocation)
[2024-09-08T23:16:45.646+0800][info] GC(181) Using 3 workers of 48 for evacuation
[2024-09-08T23:16:45.647+0800][info] GC(181)   Pre Evacuate Collection Set: 0.0ms
[2024-09-08T23:16:45.647+0800][info] GC(181)   Merge Heap Roots: 0.0ms
[2024-09-08T23:16:45.647+0800][info] GC(181)   Evacuate Collection Set: 0.1ms
[2024-09-08T23:16:45.647+0800][info] GC(181)   Post Evacuate Collection Set: 0.1ms
[2024-09-08T23:16:45.647+0800][info] GC(181)   Other: 0.1ms
[2024-09-08T23:16:45.647+0800][info] GC(181) Eden regions: 0->0(1)
[2024-09-08T23:16:45.647+0800][info] GC(181) Survivor regions: 0->0(0)
[2024-09-08T23:16:45.647+0800][info] GC(181) Old regions: 27->27
[2024-09-08T23:16:45.647+0800][info] GC(181) Archive regions: 2->2
[2024-09-08T23:16:45.647+0800][info] GC(181) Humongous regions: 3->0
[2024-09-08T23:16:45.647+0800][info] GC(181) Metaspace: 782K(896K)->782K(896K) NonClass: 718K(768K)->718K(768K) Class: 63K(128K)->63K(128K)
[2024-09-08T23:16:45.647+0800][info] GC(181) Pause Young (Concurrent Start) (G1 Humongous Allocation) 121M->109M(128M) 0.419ms
[2024-09-08T23:16:45.647+0800][info] GC(181) User=0.00s Sys=0.00s Real=0.00s
[2024-09-08T23:16:45.647+0800][info] GC(182) Concurrent Undo Cycle
[2024-09-08T23:16:45.647+0800][info] GC(182) Concurrent Cleanup for Next Mark
[2024-09-08T23:16:45.647+0800][info] GC(182) Concurrent Cleanup for Next Mark 0.132ms
[2024-09-08T23:16:45.647+0800][info] GC(182) Concurrent Undo Cycle 0.171ms
[2024-09-08T23:16:45.653+0800][info] GC(183) Pause Young (Concurrent Start) (G1 Humongous Allocation)
[2024-09-08T23:16:45.653+0800][info] GC(183) Using 3 workers of 48 for evacuation
[2024-09-08T23:16:45.653+0800][info] GC(183)   Pre Evacuate Collection Set: 0.0ms
[2024-09-08T23:16:45.653+0800][info] GC(183)   Merge Heap Roots: 0.0ms
[2024-09-08T23:16:45.653+0800][info] GC(183)   Evacuate Collection Set: 0.1ms
[2024-09-08T23:16:45.653+0800][info] GC(183)   Post Evacuate Collection Set: 0.1ms
[2024-09-08T23:16:45.653+0800][info] GC(183)   Other: 0.1ms
[2024-09-08T23:16:45.653+0800][info] GC(183) Eden regions: 0->0(1)
[2024-09-08T23:16:45.653+0800][info] GC(183) Survivor regions: 0->0(0)
[2024-09-08T23:16:45.653+0800][info] GC(183) Old regions: 27->27
[2024-09-08T23:16:45.653+0800][info] GC(183) Archive regions: 2->2
[2024-09-08T23:16:45.653+0800][info] GC(183) Humongous regions: 3->0
[2024-09-08T23:16:45.653+0800][info] GC(183) Metaspace: 782K(896K)->782K(896K) NonClass: 718K(768K)->718K(768K) Class: 63K(128K)->63K(128K)
[2024-09-08T23:16:45.653+0800][info] GC(183) Pause Young (Concurrent Start) (G1 Humongous Allocation) 121M->109M(128M) 0.454ms
[2024-09-08T23:16:45.653+0800][info] GC(183) User=0.00s Sys=0.00s Real=0.00s
[2024-09-08T23:16:45.653+0800][info] GC(184) Concurrent Undo Cycle
[2024-09-08T23:16:45.653+0800][info] GC(184) Concurrent Cleanup for Next Mark
[2024-09-08T23:16:45.653+0800][info] GC(184) Concurrent Cleanup for Next Mark 0.119ms
[2024-09-08T23:16:45.653+0800][info] GC(184) Concurrent Undo Cycle 0.159ms
[2024-09-08T23:16:45.659+0800][info] GC(185) Pause Young (Concurrent Start) (G1 Humongous Allocation)
[2024-09-08T23:16:45.659+0800][info] GC(185) Using 3 workers of 48 for evacuation
[2024-09-08T23:16:45.659+0800][info] GC(185)   Pre Evacuate Collection Set: 0.0ms
[2024-09-08T23:16:45.659+0800][info] GC(185)   Merge Heap Roots: 0.0ms
[2024-09-08T23:16:45.659+0800][info] GC(185)   Evacuate Collection Set: 0.2ms
[2024-09-08T23:16:45.659+0800][info] GC(185)   Post Evacuate Collection Set: 0.1ms
[2024-09-08T23:16:45.659+0800][info] GC(185)   Other: 0.1ms
[2024-09-08T23:16:45.659+0800][info] GC(185) Eden regions: 0->0(1)
[2024-09-08T23:16:45.659+0800][info] GC(185) Survivor regions: 0->0(0)
[2024-09-08T23:16:45.659+0800][info] GC(185) Old regions: 27->27
[2024-09-08T23:16:45.659+0800][info] GC(185) Archive regions: 2->2
[2024-09-08T23:16:45.659+0800][info] GC(185) Humongous regions: 3->0
[2024-09-08T23:16:45.659+0800][info] GC(185) Metaspace: 782K(896K)->782K(896K) NonClass: 718K(768K)->718K(768K) Class: 63K(128K)->63K(128K)
[2024-09-08T23:16:45.659+0800][info] GC(185) Pause Young (Concurrent Start) (G1 Humongous Allocation) 121M->109M(128M) 0.514ms
[2024-09-08T23:16:45.659+0800][info] GC(185) User=0.00s Sys=0.00s Real=0.00s
[2024-09-08T23:16:45.659+0800][info] GC(186) Concurrent Undo Cycle
[2024-09-08T23:16:45.659+0800][info] GC(186) Concurrent Cleanup for Next Mark
[2024-09-08T23:16:45.660+0800][info] GC(186) Concurrent Cleanup for Next Mark 0.119ms
[2024-09-08T23:16:45.660+0800][info] GC(186) Concurrent Undo Cycle 0.156ms
[2024-09-08T23:16:45.665+0800][info] GC(187) Pause Young (Concurrent Start) (G1 Humongous Allocation)
[2024-09-08T23:16:45.665+0800][info] GC(187) Using 3 workers of 48 for evacuation
[2024-09-08T23:16:45.666+0800][info] GC(187)   Pre Evacuate Collection Set: 0.0ms
[2024-09-08T23:16:45.666+0800][info] GC(187)   Merge Heap Roots: 0.0ms
[2024-09-08T23:16:45.666+0800][info] GC(187)   Evacuate Collection Set: 0.2ms
[2024-09-08T23:16:45.666+0800][info] GC(187)   Post Evacuate Collection Set: 0.1ms
[2024-09-08T23:16:45.666+0800][info] GC(187)   Other: 0.1ms
[2024-09-08T23:16:45.666+0800][info] GC(187) Eden regions: 0->0(1)
[2024-09-08T23:16:45.666+0800][info] GC(187) Survivor regions: 0->0(0)
[2024-09-08T23:16:45.666+0800][info] GC(187) Old regions: 27->27
[2024-09-08T23:16:45.666+0800][info] GC(187) Archive regions: 2->2
[2024-09-08T23:16:45.666+0800][info] GC(187) Humongous regions: 3->0
[2024-09-08T23:16:45.666+0800][info] GC(187) Metaspace: 782K(896K)->782K(896K) NonClass: 718K(768K)->718K(768K) Class: 63K(128K)->63K(128K)
[2024-09-08T23:16:45.666+0800][info] GC(187) Pause Young (Concurrent Start) (G1 Humongous Allocation) 121M->109M(128M) 0.558ms
[2024-09-08T23:16:45.666+0800][info] GC(187) User=0.00s Sys=0.00s Real=0.00s
[2024-09-08T23:16:45.666+0800][info] GC(188) Concurrent Undo Cycle
[2024-09-08T23:16:45.666+0800][info] GC(188) Concurrent Cleanup for Next Mark
[2024-09-08T23:16:45.666+0800][info] GC(188) Concurrent Cleanup for Next Mark 0.140ms
[2024-09-08T23:16:45.666+0800][info] GC(188) Concurrent Undo Cycle 0.180ms
[2024-09-08T23:16:45.672+0800][info] GC(189) Pause Young (Concurrent Start) (G1 Humongous Allocation)
[2024-09-08T23:16:45.672+0800][info] GC(189) Using 3 workers of 48 for evacuation
[2024-09-08T23:16:45.672+0800][info] GC(189)   Pre Evacuate Collection Set: 0.0ms
[2024-09-08T23:16:45.672+0800][info] GC(189)   Merge Heap Roots: 0.0ms
[2024-09-08T23:16:45.672+0800][info] GC(189)   Evacuate Collection Set: 0.1ms
[2024-09-08T23:16:45.672+0800][info] GC(189)   Post Evacuate Collection Set: 0.1ms
[2024-09-08T23:16:45.672+0800][info] GC(189)   Other: 0.1ms
[2024-09-08T23:16:45.672+0800][info] GC(189) Eden regions: 0->0(1)
[2024-09-08T23:16:45.672+0800][info] GC(189) Survivor regions: 0->0(0)
[2024-09-08T23:16:45.672+0800][info] GC(189) Old regions: 27->27
[2024-09-08T23:16:45.672+0800][info] GC(189) Archive regions: 2->2
[2024-09-08T23:16:45.672+0800][info] GC(189) Humongous regions: 3->0
[2024-09-08T23:16:45.672+0800][info] GC(189) Metaspace: 782K(896K)->782K(896K) NonClass: 718K(768K)->718K(768K) Class: 63K(128K)->63K(128K)
[2024-09-08T23:16:45.672+0800][info] GC(189) Pause Young (Concurrent Start) (G1 Humongous Allocation) 121M->109M(128M) 0.443ms
[2024-09-08T23:16:45.672+0800][info] GC(189) User=0.00s Sys=0.00s Real=0.00s
[2024-09-08T23:16:45.672+0800][info] GC(190) Concurrent Undo Cycle
[2024-09-08T23:16:45.672+0800][info] GC(190) Concurrent Cleanup for Next Mark
[2024-09-08T23:16:45.672+0800][info] GC(190) Concurrent Cleanup for Next Mark 0.254ms
[2024-09-08T23:16:45.672+0800][info] GC(190) Concurrent Undo Cycle 0.294ms
[2024-09-08T23:16:45.678+0800][info] GC(191) Pause Young (Concurrent Start) (G1 Humongous Allocation)
[2024-09-08T23:16:45.678+0800][info] GC(191) Using 3 workers of 48 for evacuation
[2024-09-08T23:16:45.678+0800][info] GC(191)   Pre Evacuate Collection Set: 0.0ms
[2024-09-08T23:16:45.678+0800][info] GC(191)   Merge Heap Roots: 0.0ms
[2024-09-08T23:16:45.678+0800][info] GC(191)   Evacuate Collection Set: 0.1ms
[2024-09-08T23:16:45.678+0800][info] GC(191)   Post Evacuate Collection Set: 0.1ms
[2024-09-08T23:16:45.678+0800][info] GC(191)   Other: 0.1ms
[2024-09-08T23:16:45.678+0800][info] GC(191) Eden regions: 0->0(1)
[2024-09-08T23:16:45.678+0800][info] GC(191) Survivor regions: 0->0(0)
[2024-09-08T23:16:45.678+0800][info] GC(191) Old regions: 27->27
[2024-09-08T23:16:45.678+0800][info] GC(191) Archive regions: 2->2
[2024-09-08T23:16:45.678+0800][info] GC(191) Humongous regions: 3->0
[2024-09-08T23:16:45.678+0800][info] GC(191) Metaspace: 782K(896K)->782K(896K) NonClass: 718K(768K)->718K(768K) Class: 63K(128K)->63K(128K)
[2024-09-08T23:16:45.678+0800][info] GC(191) Pause Young (Concurrent Start) (G1 Humongous Allocation) 121M->109M(128M) 0.428ms
[2024-09-08T23:16:45.678+0800][info] GC(191) User=0.00s Sys=0.00s Real=0.00s
[2024-09-08T23:16:45.678+0800][info] GC(192) Concurrent Undo Cycle
[2024-09-08T23:16:45.678+0800][info] GC(192) Concurrent Cleanup for Next Mark
[2024-09-08T23:16:45.679+0800][info] GC(192) Concurrent Cleanup for Next Mark 0.361ms
[2024-09-08T23:16:45.679+0800][info] GC(192) Concurrent Undo Cycle 0.411ms
[2024-09-08T23:16:45.684+0800][info] GC(193) Pause Young (Concurrent Start) (G1 Humongous Allocation)
[2024-09-08T23:16:45.684+0800][info] GC(193) Using 3 workers of 48 for evacuation
[2024-09-08T23:16:45.685+0800][info] GC(193)   Pre Evacuate Collection Set: 0.0ms
[2024-09-08T23:16:45.685+0800][info] GC(193)   Merge Heap Roots: 0.0ms
[2024-09-08T23:16:45.685+0800][info] GC(193)   Evacuate Collection Set: 0.2ms
[2024-09-08T23:16:45.685+0800][info] GC(193)   Post Evacuate Collection Set: 0.1ms
[2024-09-08T23:16:45.685+0800][info] GC(193)   Other: 0.1ms
[2024-09-08T23:16:45.685+0800][info] GC(193) Eden regions: 0->0(1)
[2024-09-08T23:16:45.685+0800][info] GC(193) Survivor regions: 0->0(0)
[2024-09-08T23:16:45.685+0800][info] GC(193) Old regions: 27->27
[2024-09-08T23:16:45.685+0800][info] GC(193) Archive regions: 2->2
[2024-09-08T23:16:45.685+0800][info] GC(193) Humongous regions: 3->0
[2024-09-08T23:16:45.685+0800][info] GC(193) Metaspace: 782K(896K)->782K(896K) NonClass: 718K(768K)->718K(768K) Class: 63K(128K)->63K(128K)
[2024-09-08T23:16:45.685+0800][info] GC(193) Pause Young (Concurrent Start) (G1 Humongous Allocation) 121M->109M(128M) 0.574ms
[2024-09-08T23:16:45.685+0800][info] GC(193) User=0.00s Sys=0.00s Real=0.01s
[2024-09-08T23:16:45.685+0800][info] GC(194) Concurrent Undo Cycle
[2024-09-08T23:16:45.685+0800][info] GC(194) Concurrent Cleanup for Next Mark
[2024-09-08T23:16:45.685+0800][info] GC(194) Concurrent Cleanup for Next Mark 0.142ms
[2024-09-08T23:16:45.685+0800][info] GC(194) Concurrent Undo Cycle 0.209ms
[2024-09-08T23:16:45.691+0800][info] GC(195) Pause Young (Concurrent Start) (G1 Humongous Allocation)
[2024-09-08T23:16:45.691+0800][info] GC(195) Using 3 workers of 48 for evacuation
[2024-09-08T23:16:45.691+0800][info] GC(195)   Pre Evacuate Collection Set: 0.0ms
[2024-09-08T23:16:45.691+0800][info] GC(195)   Merge Heap Roots: 0.0ms
[2024-09-08T23:16:45.691+0800][info] GC(195)   Evacuate Collection Set: 0.1ms
[2024-09-08T23:16:45.691+0800][info] GC(195)   Post Evacuate Collection Set: 0.1ms
[2024-09-08T23:16:45.691+0800][info] GC(195)   Other: 0.1ms
[2024-09-08T23:16:45.691+0800][info] GC(195) Eden regions: 0->0(1)
[2024-09-08T23:16:45.691+0800][info] GC(195) Survivor regions: 0->0(0)
[2024-09-08T23:16:45.691+0800][info] GC(195) Old regions: 27->27
[2024-09-08T23:16:45.691+0800][info] GC(195) Archive regions: 2->2
[2024-09-08T23:16:45.691+0800][info] GC(195) Humongous regions: 3->0
[2024-09-08T23:16:45.691+0800][info] GC(195) Metaspace: 782K(896K)->782K(896K) NonClass: 718K(768K)->718K(768K) Class: 63K(128K)->63K(128K)
[2024-09-08T23:16:45.691+0800][info] GC(195) Pause Young (Concurrent Start) (G1 Humongous Allocation) 121M->109M(128M) 0.427ms
[2024-09-08T23:16:45.691+0800][info] GC(195) User=0.00s Sys=0.00s Real=0.00s
[2024-09-08T23:16:45.691+0800][info] GC(196) Concurrent Undo Cycle
[2024-09-08T23:16:45.691+0800][info] GC(196) Concurrent Cleanup for Next Mark
[2024-09-08T23:16:45.691+0800][info] GC(196) Concurrent Cleanup for Next Mark 0.125ms
[2024-09-08T23:16:45.691+0800][info] GC(196) Concurrent Undo Cycle 0.191ms
[2024-09-08T23:16:45.697+0800][info] GC(197) Pause Young (Concurrent Start) (G1 Humongous Allocation)
[2024-09-08T23:16:45.697+0800][info] GC(197) Using 3 workers of 48 for evacuation
[2024-09-08T23:16:45.697+0800][info] GC(197)   Pre Evacuate Collection Set: 0.0ms
[2024-09-08T23:16:45.697+0800][info] GC(197)   Merge Heap Roots: 0.0ms
[2024-09-08T23:16:45.697+0800][info] GC(197)   Evacuate Collection Set: 0.1ms
[2024-09-08T23:16:45.697+0800][info] GC(197)   Post Evacuate Collection Set: 0.1ms
[2024-09-08T23:16:45.697+0800][info] GC(197)   Other: 0.1ms
[2024-09-08T23:16:45.697+0800][info] GC(197) Eden regions: 0->0(1)
[2024-09-08T23:16:45.697+0800][info] GC(197) Survivor regions: 0->0(0)
[2024-09-08T23:16:45.697+0800][info] GC(197) Old regions: 27->27
[2024-09-08T23:16:45.697+0800][info] GC(197) Archive regions: 2->2
[2024-09-08T23:16:45.697+0800][info] GC(197) Humongous regions: 3->0
[2024-09-08T23:16:45.697+0800][info] GC(197) Metaspace: 782K(896K)->782K(896K) NonClass: 718K(768K)->718K(768K) Class: 63K(128K)->63K(128K)
[2024-09-08T23:16:45.697+0800][info] GC(197) Pause Young (Concurrent Start) (G1 Humongous Allocation) 121M->109M(128M) 0.438ms
[2024-09-08T23:16:45.697+0800][info] GC(197) User=0.00s Sys=0.00s Real=0.00s
[2024-09-08T23:16:45.697+0800][info] GC(198) Concurrent Undo Cycle
[2024-09-08T23:16:45.697+0800][info] GC(198) Concurrent Cleanup for Next Mark
[2024-09-08T23:16:45.697+0800][info] GC(198) Concurrent Cleanup for Next Mark 0.126ms
[2024-09-08T23:16:45.697+0800][info] GC(198) Concurrent Undo Cycle 0.192ms
[2024-09-08T23:16:45.703+0800][info] GC(199) Pause Young (Concurrent Start) (G1 Humongous Allocation)
[2024-09-08T23:16:45.703+0800][info] GC(199) Using 3 workers of 48 for evacuation
[2024-09-08T23:16:45.703+0800][info] GC(199)   Pre Evacuate Collection Set: 0.0ms
[2024-09-08T23:16:45.703+0800][info] GC(199)   Merge Heap Roots: 0.0ms
[2024-09-08T23:16:45.703+0800][info] GC(199)   Evacuate Collection Set: 0.2ms
[2024-09-08T23:16:45.703+0800][info] GC(199)   Post Evacuate Collection Set: 0.1ms
[2024-09-08T23:16:45.703+0800][info] GC(199)   Other: 0.1ms
[2024-09-08T23:16:45.703+0800][info] GC(199) Eden regions: 0->0(1)
[2024-09-08T23:16:45.703+0800][info] GC(199) Survivor regions: 0->0(0)
[2024-09-08T23:16:45.703+0800][info] GC(199) Old regions: 27->27
[2024-09-08T23:16:45.703+0800][info] GC(199) Archive regions: 2->2
[2024-09-08T23:16:45.703+0800][info] GC(199) Humongous regions: 3->0
[2024-09-08T23:16:45.703+0800][info] GC(199) Metaspace: 782K(896K)->782K(896K) NonClass: 718K(768K)->718K(768K) Class: 63K(128K)->63K(128K)
[2024-09-08T23:16:45.703+0800][info] GC(199) Pause Young (Concurrent Start) (G1 Humongous Allocation) 121M->109M(128M) 0.507ms
[2024-09-08T23:16:45.703+0800][info] GC(199) User=0.01s Sys=0.00s Real=0.00s
[2024-09-08T23:16:45.703+0800][info] GC(200) Concurrent Undo Cycle
[2024-09-08T23:16:45.704+0800][info] GC(200) Concurrent Cleanup for Next Mark
[2024-09-08T23:16:45.704+0800][info] GC(200) Concurrent Cleanup for Next Mark 0.144ms
[2024-09-08T23:16:45.704+0800][info] GC(200) Concurrent Undo Cycle 0.210ms
[2024-09-08T23:16:45.709+0800][info] GC(201) Pause Young (Concurrent Start) (G1 Humongous Allocation)
[2024-09-08T23:16:45.709+0800][info] GC(201) Using 3 workers of 48 for evacuation
[2024-09-08T23:16:45.710+0800][info] GC(201)   Pre Evacuate Collection Set: 0.0ms
[2024-09-08T23:16:45.710+0800][info] GC(201)   Merge Heap Roots: 0.0ms
[2024-09-08T23:16:45.710+0800][info] GC(201)   Evacuate Collection Set: 0.1ms
[2024-09-08T23:16:45.710+0800][info] GC(201)   Post Evacuate Collection Set: 0.1ms
[2024-09-08T23:16:45.710+0800][info] GC(201)   Other: 0.1ms
[2024-09-08T23:16:45.710+0800][info] GC(201) Eden regions: 0->0(1)
[2024-09-08T23:16:45.710+0800][info] GC(201) Survivor regions: 0->0(0)
[2024-09-08T23:16:45.710+0800][info] GC(201) Old regions: 27->27
[2024-09-08T23:16:45.710+0800][info] GC(201) Archive regions: 2->2
[2024-09-08T23:16:45.710+0800][info] GC(201) Humongous regions: 3->0
[2024-09-08T23:16:45.710+0800][info] GC(201) Metaspace: 782K(896K)->782K(896K) NonClass: 718K(768K)->718K(768K) Class: 63K(128K)->63K(128K)
[2024-09-08T23:16:45.710+0800][info] GC(201) Pause Young (Concurrent Start) (G1 Humongous Allocation) 121M->109M(128M) 0.430ms
[2024-09-08T23:16:45.710+0800][info] GC(201) User=0.00s Sys=0.00s Real=0.00s
[2024-09-08T23:16:45.710+0800][info] GC(202) Concurrent Undo Cycle
[2024-09-08T23:16:45.710+0800][info] GC(202) Concurrent Cleanup for Next Mark
[2024-09-08T23:16:45.710+0800][info] GC(202) Concurrent Cleanup for Next Mark 0.264ms
[2024-09-08T23:16:45.710+0800][info] GC(202) Concurrent Undo Cycle 0.333ms
[2024-09-08T23:16:45.715+0800][info] GC(203) Pause Young (Concurrent Start) (G1 Humongous Allocation)
[2024-09-08T23:16:45.715+0800][info] GC(203) Using 3 workers of 48 for evacuation
[2024-09-08T23:16:45.716+0800][info] GC(203)   Pre Evacuate Collection Set: 0.0ms
[2024-09-08T23:16:45.716+0800][info] GC(203)   Merge Heap Roots: 0.0ms
[2024-09-08T23:16:45.716+0800][info] GC(203)   Evacuate Collection Set: 0.2ms
[2024-09-08T23:16:45.716+0800][info] GC(203)   Post Evacuate Collection Set: 0.1ms
[2024-09-08T23:16:45.716+0800][info] GC(203)   Other: 0.1ms
[2024-09-08T23:16:45.716+0800][info] GC(203) Eden regions: 0->0(1)
[2024-09-08T23:16:45.716+0800][info] GC(203) Survivor regions: 0->0(0)
[2024-09-08T23:16:45.716+0800][info] GC(203) Old regions: 27->27
[2024-09-08T23:16:45.716+0800][info] GC(203) Archive regions: 2->2
[2024-09-08T23:16:45.716+0800][info] GC(203) Humongous regions: 3->0
[2024-09-08T23:16:45.716+0800][info] GC(203) Metaspace: 782K(896K)->782K(896K) NonClass: 718K(768K)->718K(768K) Class: 63K(128K)->63K(128K)
[2024-09-08T23:16:45.716+0800][info] GC(203) Pause Young (Concurrent Start) (G1 Humongous Allocation) 121M->109M(128M) 0.539ms
[2024-09-08T23:16:45.716+0800][info] GC(203) User=0.00s Sys=0.00s Real=0.00s
[2024-09-08T23:16:45.716+0800][info] GC(204) Concurrent Undo Cycle
[2024-09-08T23:16:45.716+0800][info] GC(204) Concurrent Cleanup for Next Mark
[2024-09-08T23:16:45.716+0800][info] GC(204) Concurrent Cleanup for Next Mark 0.359ms
[2024-09-08T23:16:45.716+0800][info] GC(204) Concurrent Undo Cycle 0.427ms
[2024-09-08T23:16:45.722+0800][info] GC(205) Pause Young (Normal) (G1 Evacuation Pause)
[2024-09-08T23:16:45.722+0800][info] GC(205) Using 3 workers of 48 for evacuation
[2024-09-08T23:16:45.722+0800][info] GC(205)   Pre Evacuate Collection Set: 0.0ms
[2024-09-08T23:16:45.722+0800][info] GC(205)   Merge Heap Roots: 0.0ms
[2024-09-08T23:16:45.722+0800][info] GC(205)   Evacuate Collection Set: 0.1ms
[2024-09-08T23:16:45.722+0800][info] GC(205)   Post Evacuate Collection Set: 0.1ms
[2024-09-08T23:16:45.722+0800][info] GC(205)   Other: 0.1ms
[2024-09-08T23:16:45.722+0800][info] GC(205) Eden regions: 0->0(1)
[2024-09-08T23:16:45.722+0800][info] GC(205) Survivor regions: 0->0(0)
[2024-09-08T23:16:45.722+0800][info] GC(205) Old regions: 27->27
[2024-09-08T23:16:45.722+0800][info] GC(205) Archive regions: 2->2
[2024-09-08T23:16:45.722+0800][info] GC(205) Humongous regions: 3->0
[2024-09-08T23:16:45.722+0800][info] GC(205) Metaspace: 782K(896K)->782K(896K) NonClass: 718K(768K)->718K(768K) Class: 63K(128K)->63K(128K)
[2024-09-08T23:16:45.722+0800][info] GC(205) Pause Young (Normal) (G1 Evacuation Pause) 121M->109M(128M) 0.358ms
[2024-09-08T23:16:45.722+0800][info] GC(205) User=0.00s Sys=0.00s Real=0.00s
[2024-09-08T23:16:45.734+0800][info] GC(206) Pause Young (Normal) (G1 Preventive Collection)
[2024-09-08T23:16:45.734+0800][info] GC(206) Using 3 workers of 48 for evacuation
[2024-09-08T23:16:45.735+0800][info] GC(206)   Pre Evacuate Collection Set: 0.0ms
[2024-09-08T23:16:45.735+0800][info] GC(206)   Merge Heap Roots: 0.0ms
[2024-09-08T23:16:45.735+0800][info] GC(206)   Evacuate Collection Set: 0.5ms
[2024-09-08T23:16:45.735+0800][info] GC(206)   Post Evacuate Collection Set: 0.1ms
[2024-09-08T23:16:45.735+0800][info] GC(206)   Other: 0.1ms
[2024-09-08T23:16:45.735+0800][info] GC(206) Eden regions: 1->0(1)
[2024-09-08T23:16:45.735+0800][info] GC(206) Survivor regions: 0->1(1)
[2024-09-08T23:16:45.735+0800][info] GC(206) Old regions: 27->27
[2024-09-08T23:16:45.735+0800][info] GC(206) Archive regions: 2->2
[2024-09-08T23:16:45.735+0800][info] GC(206) Humongous regions: 0->0
[2024-09-08T23:16:45.735+0800][info] GC(206) Metaspace: 782K(896K)->782K(896K) NonClass: 718K(768K)->718K(768K) Class: 63K(128K)->63K(128K)
[2024-09-08T23:16:45.735+0800][info] GC(206) Pause Young (Normal) (G1 Preventive Collection) 113M->113M(128M) 0.755ms
[2024-09-08T23:16:45.735+0800][info] GC(206) User=0.00s Sys=0.00s Real=0.00s
[2024-09-08T23:16:45.735+0800][info] GC(207) Pause Young (Normal) (G1 Preventive Collection)
[2024-09-08T23:16:45.735+0800][info] GC(207) Using 3 workers of 48 for evacuation
[2024-09-08T23:16:45.736+0800][info] GC(207) To-space exhausted
[2024-09-08T23:16:45.736+0800][info] GC(207)   Pre Evacuate Collection Set: 0.0ms
[2024-09-08T23:16:45.736+0800][info] GC(207)   Merge Heap Roots: 0.0ms
[2024-09-08T23:16:45.736+0800][info] GC(207)   Evacuate Collection Set: 0.6ms
[2024-09-08T23:16:45.736+0800][info] GC(207)   Post Evacuate Collection Set: 0.2ms
[2024-09-08T23:16:45.736+0800][info] GC(207)   Other: 0.0ms
[2024-09-08T23:16:45.736+0800][info] GC(207) Eden regions: 1->0(1)
[2024-09-08T23:16:45.736+0800][info] GC(207) Survivor regions: 1->1(1)
[2024-09-08T23:16:45.736+0800][info] GC(207) Old regions: 27->28
[2024-09-08T23:16:45.736+0800][info] GC(207) Archive regions: 2->2
[2024-09-08T23:16:45.736+0800][info] GC(207) Humongous regions: 0->0
[2024-09-08T23:16:45.736+0800][info] GC(207) Metaspace: 782K(896K)->782K(896K) NonClass: 718K(768K)->718K(768K) Class: 63K(128K)->63K(128K)
[2024-09-08T23:16:45.736+0800][info] GC(207) Pause Young (Normal) (G1 Preventive Collection) 117M->119M(128M) 0.916ms
[2024-09-08T23:16:45.736+0800][info] GC(207) User=0.00s Sys=0.00s Real=0.00s
[2024-09-08T23:16:45.737+0800][info] GC(208) Pause Young (Concurrent Start) (G1 Evacuation Pause)
[2024-09-08T23:16:45.737+0800][info] GC(208) Using 3 workers of 48 for evacuation
[2024-09-08T23:16:45.737+0800][info] GC(208) To-space exhausted
[2024-09-08T23:16:45.737+0800][info] GC(208)   Pre Evacuate Collection Set: 0.0ms
[2024-09-08T23:16:45.737+0800][info] GC(208)   Merge Heap Roots: 0.0ms
[2024-09-08T23:16:45.737+0800][info] GC(208)   Evacuate Collection Set: 0.2ms
[2024-09-08T23:16:45.738+0800][info] GC(208)   Post Evacuate Collection Set: 0.2ms
[2024-09-08T23:16:45.738+0800][info] GC(208)   Other: 0.1ms
[2024-09-08T23:16:45.738+0800][info] GC(208) Eden regions: 1->0(1)
[2024-09-08T23:16:45.738+0800][info] GC(208) Survivor regions: 1->0(0)
[2024-09-08T23:16:45.738+0800][info] GC(208) Old regions: 28->30
[2024-09-08T23:16:45.738+0800][info] GC(208) Archive regions: 2->2
[2024-09-08T23:16:45.738+0800][info] GC(208) Humongous regions: 0->0
[2024-09-08T23:16:45.738+0800][info] GC(208) Metaspace: 782K(896K)->782K(896K) NonClass: 718K(768K)->718K(768K) Class: 63K(128K)->63K(128K)
[2024-09-08T23:16:45.738+0800][info] GC(208) Pause Young (Concurrent Start) (G1 Evacuation Pause) 123M->123M(128M) 0.537ms
[2024-09-08T23:16:45.738+0800][info] GC(208) User=0.00s Sys=0.00s Real=0.00s
[2024-09-08T23:16:45.738+0800][info] Attempting full compaction
[2024-09-08T23:16:45.738+0800][info] GC(209) Using 1 workers of 48 for full compaction
[2024-09-08T23:16:45.738+0800][info] GC(210) Concurrent Mark Cycle
[2024-09-08T23:16:45.738+0800][info] GC(210) Concurrent Clear Claimed Marks
[2024-09-08T23:16:45.738+0800][info] GC(210) Concurrent Clear Claimed Marks 0.018ms
[2024-09-08T23:16:45.738+0800][info] GC(210) Concurrent Scan Root Regions
[2024-09-08T23:16:45.738+0800][info] GC(209) Pause Full (G1 Compaction Pause)
[2024-09-08T23:16:45.738+0800][info] GC(210) Concurrent Scan Root Regions 0.014ms
[2024-09-08T23:16:45.738+0800][info] GC(210) Concurrent Mark
[2024-09-08T23:16:45.738+0800][info] GC(210) Concurrent Mark From Roots
[2024-09-08T23:16:45.738+0800][info] GC(210) Using 12 workers of 12 for marking
[2024-09-08T23:16:45.738+0800][info] GC(209) Phase 1: Mark live objects
[2024-09-08T23:16:45.742+0800][info] GC(209) Phase 1: Mark live objects 4.171ms
[2024-09-08T23:16:45.742+0800][info] GC(209) Phase 2: Prepare for compaction
[2024-09-08T23:16:45.743+0800][info] GC(209) Phase 2: Prepare for compaction 1.155ms
[2024-09-08T23:16:45.743+0800][info] GC(209) Phase 3: Adjust pointers
[2024-09-08T23:16:45.746+0800][info] GC(209) Phase 3: Adjust pointers 3.017ms
[2024-09-08T23:16:45.746+0800][info] GC(209) Phase 4: Compact heap
[2024-09-08T23:16:45.748+0800][info] GC(209) Phase 4: Compact heap 1.539ms
[2024-09-08T23:16:45.748+0800][info] GC(209) Eden regions: 0->0(8)
[2024-09-08T23:16:45.748+0800][info] GC(209) Survivor regions: 0->0(0)
[2024-09-08T23:16:45.748+0800][info] GC(209) Old regions: 30->4
[2024-09-08T23:16:45.748+0800][info] GC(209) Archive regions: 2->2
[2024-09-08T23:16:45.748+0800][info] GC(209) Humongous regions: 0->0
[2024-09-08T23:16:45.748+0800][info] GC(209) Metaspace: 782K(896K)->782K(896K) NonClass: 718K(768K)->718K(768K) Class: 63K(128K)->63K(128K)
[2024-09-08T23:16:45.748+0800][info] GC(209) Pause Full (G1 Compaction Pause) 123M->16M(128M) 10.783ms
[2024-09-08T23:16:45.748+0800][info] GC(209) User=0.01s Sys=0.00s Real=0.01s
[2024-09-08T23:16:45.749+0800][info] GC(210) Concurrent Mark From Roots 10.867ms
[2024-09-08T23:16:45.749+0800][info] GC(210) Concurrent Mark Abort
[2024-09-08T23:16:45.749+0800][info] GC(210) Concurrent Mark Cycle 11.086ms
[2024-09-08T23:16:45.805+0800][info] GC(211) Pause Young (Normal) (G1 Evacuation Pause)
[2024-09-08T23:16:45.805+0800][info] GC(211) Using 3 workers of 48 for evacuation
[2024-09-08T23:16:45.809+0800][info] GC(211)   Pre Evacuate Collection Set: 0.0ms
[2024-09-08T23:16:45.810+0800][info] GC(211)   Merge Heap Roots: 0.0ms
[2024-09-08T23:16:45.810+0800][info] GC(211)   Evacuate Collection Set: 3.8ms
[2024-09-08T23:16:45.810+0800][info] GC(211)   Post Evacuate Collection Set: 0.2ms
[2024-09-08T23:16:45.810+0800][info] GC(211)   Other: 0.2ms
[2024-09-08T23:16:45.810+0800][info] GC(211) Eden regions: 8->0(5)
[2024-09-08T23:16:45.810+0800][info] GC(211) Survivor regions: 0->1(1)
[2024-09-08T23:16:45.810+0800][info] GC(211) Old regions: 4->11
[2024-09-08T23:16:45.810+0800][info] GC(211) Archive regions: 2->2
[2024-09-08T23:16:45.810+0800][info] GC(211) Humongous regions: 0->0
[2024-09-08T23:16:45.810+0800][info] GC(211) Metaspace: 798K(960K)->798K(960K) NonClass: 735K(832K)->735K(832K) Class: 63K(128K)->63K(128K)
[2024-09-08T23:16:45.810+0800][info] GC(211) Pause Young (Normal) (G1 Evacuation Pause) 48M->48M(128M) 4.370ms
[2024-09-08T23:16:45.810+0800][info] GC(211) User=0.01s Sys=0.00s Real=0.00s
[2024-09-08T23:16:45.813+0800][info] GC(212) Pause Young (Concurrent Start) (G1 Evacuation Pause)
[2024-09-08T23:16:45.813+0800][info] GC(212) Using 3 workers of 48 for evacuation
[2024-09-08T23:16:45.817+0800][info] GC(212)   Pre Evacuate Collection Set: 0.0ms
[2024-09-08T23:16:45.817+0800][info] GC(212)   Merge Heap Roots: 0.0ms
[2024-09-08T23:16:45.817+0800][info] GC(212)   Evacuate Collection Set: 2.9ms
[2024-09-08T23:16:45.817+0800][info] GC(212)   Post Evacuate Collection Set: 0.1ms
[2024-09-08T23:16:45.817+0800][info] GC(212)   Other: 0.3ms
[2024-09-08T23:16:45.817+0800][info] GC(212) Eden regions: 5->0(3)
[2024-09-08T23:16:45.817+0800][info] GC(212) Survivor regions: 1->1(1)
[2024-09-08T23:16:45.817+0800][info] GC(212) Old regions: 11->17
[2024-09-08T23:16:45.817+0800][info] GC(212) Archive regions: 2->2
[2024-09-08T23:16:45.817+0800][info] GC(212) Humongous regions: 0->0
[2024-09-08T23:16:45.817+0800][info] GC(212) Metaspace: 798K(960K)->798K(960K) NonClass: 735K(832K)->735K(832K) Class: 63K(128K)->63K(128K)
[2024-09-08T23:16:45.817+0800][info] GC(212) Pause Young (Concurrent Start) (G1 Evacuation Pause) 68M->68M(128M) 3.670ms
[2024-09-08T23:16:45.817+0800][info] GC(212) User=0.01s Sys=0.00s Real=0.01s
[2024-09-08T23:16:45.817+0800][info] GC(213) Concurrent Mark Cycle
[2024-09-08T23:16:45.817+0800][info] GC(213) Concurrent Clear Claimed Marks
[2024-09-08T23:16:45.817+0800][info] GC(213) Concurrent Clear Claimed Marks 0.018ms
[2024-09-08T23:16:45.817+0800][info] GC(213) Concurrent Scan Root Regions
[2024-09-08T23:16:45.817+0800][info] GC(213) Concurrent Scan Root Regions 0.273ms
[2024-09-08T23:16:45.817+0800][info] GC(213) Concurrent Mark
[2024-09-08T23:16:45.817+0800][info] GC(213) Concurrent Mark From Roots
[2024-09-08T23:16:45.818+0800][info] GC(213) Using 12 workers of 12 for marking
[2024-09-08T23:16:45.820+0800][info] GC(213) Concurrent Mark From Roots 2.761ms
[2024-09-08T23:16:45.820+0800][info] GC(213) Concurrent Preclean
[2024-09-08T23:16:45.822+0800][info] GC(213) Concurrent Preclean 1.762ms
[2024-09-08T23:16:45.822+0800][info] GC(213) Pause Remark
[2024-09-08T23:16:45.823+0800][info] GC(213) Pause Remark 69M->69M(128M) 1.205ms
[2024-09-08T23:16:45.823+0800][info] GC(213) User=0.00s Sys=0.00s Real=0.00s
[2024-09-08T23:16:45.823+0800][info] GC(213) Concurrent Mark 5.910ms
[2024-09-08T23:16:45.823+0800][info] GC(213) Concurrent Rebuild Remembered Sets
[2024-09-08T23:16:45.829+0800][info] GC(213) Concurrent Rebuild Remembered Sets 5.412ms
[2024-09-08T23:16:45.829+0800][info] GC(213) Pause Cleanup
[2024-09-08T23:16:45.829+0800][info] GC(213) Pause Cleanup 69M->69M(128M) 0.435ms
[2024-09-08T23:16:45.829+0800][info] GC(213) User=0.00s Sys=0.00s Real=0.00s
[2024-09-08T23:16:45.829+0800][info] GC(213) Concurrent Cleanup for Next Mark
[2024-09-08T23:16:45.830+0800][info] GC(213) Concurrent Cleanup for Next Mark 0.292ms
[2024-09-08T23:16:45.830+0800][info] GC(213) Concurrent Mark Cycle 12.614ms
[2024-09-08T23:16:45.920+0800][info] GC(214) Pause Young (Prepare Mixed) (G1 Evacuation Pause)
[2024-09-08T23:16:45.920+0800][info] GC(214) Using 3 workers of 48 for evacuation
[2024-09-08T23:16:45.923+0800][info] GC(214)   Pre Evacuate Collection Set: 0.0ms
[2024-09-08T23:16:45.923+0800][info] GC(214)   Merge Heap Roots: 0.0ms
[2024-09-08T23:16:45.923+0800][info] GC(214)   Evacuate Collection Set: 1.9ms
[2024-09-08T23:16:45.923+0800][info] GC(214)   Post Evacuate Collection Set: 0.2ms
[2024-09-08T23:16:45.923+0800][info] GC(214)   Other: 0.2ms
[2024-09-08T23:16:45.923+0800][info] GC(214) Eden regions: 3->0(1)
[2024-09-08T23:16:45.923+0800][info] GC(214) Survivor regions: 1->1(1)
[2024-09-08T23:16:45.923+0800][info] GC(214) Old regions: 17->20
[2024-09-08T23:16:45.923+0800][info] GC(214) Archive regions: 2->2
[2024-09-08T23:16:45.923+0800][info] GC(214) Humongous regions: 0->0
[2024-09-08T23:16:45.923+0800][info] GC(214) Metaspace: 800K(960K)->800K(960K) NonClass: 736K(832K)->736K(832K) Class: 63K(128K)->63K(128K)
[2024-09-08T23:16:45.923+0800][info] GC(214) Pause Young (Prepare Mixed) (G1 Evacuation Pause) 80M->80M(128M) 2.591ms
[2024-09-08T23:16:45.923+0800][info] GC(214) User=0.00s Sys=0.00s Real=0.00s
[2024-09-08T23:16:45.924+0800][info] GC(215) Pause Young (Mixed) (G1 Evacuation Pause)
[2024-09-08T23:16:45.924+0800][info] GC(215) Using 3 workers of 48 for evacuation
[2024-09-08T23:16:45.925+0800][info] GC(215)   Pre Evacuate Collection Set: 0.0ms
[2024-09-08T23:16:45.925+0800][info] GC(215)   Merge Heap Roots: 0.0ms
[2024-09-08T23:16:45.925+0800][info] GC(215)   Evacuate Collection Set: 1.1ms
[2024-09-08T23:16:45.925+0800][info] GC(215)   Post Evacuate Collection Set: 0.2ms
[2024-09-08T23:16:45.925+0800][info] GC(215)   Other: 0.1ms
[2024-09-08T23:16:45.925+0800][info] GC(215) Eden regions: 1->0(2)
[2024-09-08T23:16:45.925+0800][info] GC(215) Survivor regions: 1->1(1)
[2024-09-08T23:16:45.925+0800][info] GC(215) Old regions: 20->20
[2024-09-08T23:16:45.925+0800][info] GC(215) Archive regions: 2->2
[2024-09-08T23:16:45.925+0800][info] GC(215) Humongous regions: 0->0
[2024-09-08T23:16:45.925+0800][info] GC(215) Metaspace: 800K(960K)->800K(960K) NonClass: 736K(832K)->736K(832K) Class: 63K(128K)->63K(128K)
[2024-09-08T23:16:45.925+0800][info] GC(215) Pause Young (Mixed) (G1 Evacuation Pause) 84M->84M(128M) 1.517ms
[2024-09-08T23:16:45.925+0800][info] GC(215) User=0.01s Sys=0.00s Real=0.01s
[2024-09-08T23:16:45.926+0800][info] GC(216) Pause Young (Concurrent Start) (G1 Evacuation Pause)
[2024-09-08T23:16:45.926+0800][info] GC(216) Using 3 workers of 48 for evacuation
[2024-09-08T23:16:45.928+0800][info] GC(216)   Pre Evacuate Collection Set: 0.0ms
[2024-09-08T23:16:45.928+0800][info] GC(216)   Merge Heap Roots: 0.0ms
[2024-09-08T23:16:45.928+0800][info] GC(216)   Evacuate Collection Set: 1.4ms
[2024-09-08T23:16:45.928+0800][info] GC(216)   Post Evacuate Collection Set: 0.1ms
[2024-09-08T23:16:45.928+0800][info] GC(216)   Other: 0.2ms
[2024-09-08T23:16:45.928+0800][info] GC(216) Eden regions: 2->0(2)
[2024-09-08T23:16:45.928+0800][info] GC(216) Survivor regions: 1->1(1)
[2024-09-08T23:16:45.928+0800][info] GC(216) Old regions: 20->22
[2024-09-08T23:16:45.928+0800][info] GC(216) Archive regions: 2->2
[2024-09-08T23:16:45.928+0800][info] GC(216) Humongous regions: 0->0
[2024-09-08T23:16:45.928+0800][info] GC(216) Metaspace: 800K(960K)->800K(960K) NonClass: 736K(832K)->736K(832K) Class: 63K(128K)->63K(128K)
[2024-09-08T23:16:45.928+0800][info] GC(216) Pause Young (Concurrent Start) (G1 Evacuation Pause) 92M->92M(128M) 1.959ms
[2024-09-08T23:16:45.928+0800][info] GC(216) User=0.00s Sys=0.00s Real=0.00s
[2024-09-08T23:16:45.928+0800][info] GC(217) Concurrent Mark Cycle
[2024-09-08T23:16:45.928+0800][info] GC(217) Concurrent Clear Claimed Marks
[2024-09-08T23:16:45.928+0800][info] GC(217) Concurrent Clear Claimed Marks 0.017ms
[2024-09-08T23:16:45.928+0800][info] GC(217) Concurrent Scan Root Regions
[2024-09-08T23:16:45.929+0800][info] GC(217) Concurrent Scan Root Regions 0.059ms
[2024-09-08T23:16:45.929+0800][info] GC(217) Concurrent Mark
[2024-09-08T23:16:45.929+0800][info] GC(217) Concurrent Mark From Roots
[2024-09-08T23:16:45.929+0800][info] GC(217) Using 12 workers of 12 for marking
[2024-09-08T23:16:45.932+0800][info] GC(217) Concurrent Mark From Roots 3.876ms
[2024-09-08T23:16:45.932+0800][info] GC(217) Concurrent Preclean
[2024-09-08T23:16:45.934+0800][info] GC(217) Concurrent Preclean 1.673ms
[2024-09-08T23:16:45.934+0800][info] GC(217) Pause Remark
[2024-09-08T23:16:45.935+0800][info] GC(217) Pause Remark 92M->92M(128M) 1.172ms
[2024-09-08T23:16:45.935+0800][info] GC(217) User=0.00s Sys=0.00s Real=0.00s
[2024-09-08T23:16:45.936+0800][info] GC(217) Concurrent Mark 6.958ms
[2024-09-08T23:16:45.936+0800][info] GC(217) Concurrent Rebuild Remembered Sets
[2024-09-08T23:16:45.942+0800][info] GC(217) Concurrent Rebuild Remembered Sets 6.123ms
[2024-09-08T23:16:45.942+0800][info] GC(217) Pause Cleanup
[2024-09-08T23:16:45.942+0800][info] GC(217) Pause Cleanup 92M->92M(128M) 0.529ms
[2024-09-08T23:16:45.942+0800][info] GC(217) User=0.00s Sys=0.00s Real=0.00s
[2024-09-08T23:16:45.942+0800][info] GC(217) Concurrent Cleanup for Next Mark
[2024-09-08T23:16:45.943+0800][info] GC(217) Concurrent Cleanup for Next Mark 0.266ms
[2024-09-08T23:16:45.943+0800][info] GC(217) Concurrent Mark Cycle 14.244ms
[2024-09-08T23:16:46.032+0800][info] GC(218) Pause Young (Normal) (G1 Preventive Collection)
[2024-09-08T23:16:46.032+0800][info] GC(218) Using 3 workers of 48 for evacuation
[2024-09-08T23:16:46.034+0800][info] GC(218)   Pre Evacuate Collection Set: 0.0ms
[2024-09-08T23:16:46.034+0800][info] GC(218)   Merge Heap Roots: 0.0ms
[2024-09-08T23:16:46.034+0800][info] GC(218)   Evacuate Collection Set: 1.5ms
[2024-09-08T23:16:46.034+0800][info] GC(218)   Post Evacuate Collection Set: 0.2ms
[2024-09-08T23:16:46.034+0800][info] GC(218)   Other: 0.2ms
[2024-09-08T23:16:46.034+0800][info] GC(218) Eden regions: 2->0(1)
[2024-09-08T23:16:46.034+0800][info] GC(218) Survivor regions: 1->1(1)
[2024-09-08T23:16:46.034+0800][info] GC(218) Old regions: 22->24
[2024-09-08T23:16:46.034+0800][info] GC(218) Archive regions: 2->2
[2024-09-08T23:16:46.034+0800][info] GC(218) Humongous regions: 0->0
[2024-09-08T23:16:46.034+0800][info] GC(218) Metaspace: 806K(960K)->806K(960K) NonClass: 743K(832K)->743K(832K) Class: 63K(128K)->63K(128K)
[2024-09-08T23:16:46.034+0800][info] GC(218) Pause Young (Normal) (G1 Preventive Collection) 100M->100M(128M) 2.119ms
[2024-09-08T23:16:46.034+0800][info] GC(218) User=0.00s Sys=0.00s Real=0.00s
[2024-09-08T23:16:46.035+0800][info] GC(219) Pause Young (Concurrent Start) (G1 Preventive Collection)
[2024-09-08T23:16:46.035+0800][info] GC(219) Using 3 workers of 48 for evacuation
[2024-09-08T23:16:46.037+0800][info] GC(219)   Pre Evacuate Collection Set: 0.0ms
[2024-09-08T23:16:46.037+0800][info] GC(219)   Merge Heap Roots: 0.0ms
[2024-09-08T23:16:46.037+0800][info] GC(219)   Evacuate Collection Set: 1.0ms
[2024-09-08T23:16:46.037+0800][info] GC(219)   Post Evacuate Collection Set: 0.2ms
[2024-09-08T23:16:46.037+0800][info] GC(219)   Other: 0.2ms
[2024-09-08T23:16:46.037+0800][info] GC(219) Eden regions: 1->0(1)
[2024-09-08T23:16:46.037+0800][info] GC(219) Survivor regions: 1->1(1)
[2024-09-08T23:16:46.037+0800][info] GC(219) Old regions: 24->25
[2024-09-08T23:16:46.037+0800][info] GC(219) Archive regions: 2->2
[2024-09-08T23:16:46.037+0800][info] GC(219) Humongous regions: 0->0
[2024-09-08T23:16:46.037+0800][info] GC(219) Metaspace: 806K(960K)->806K(960K) NonClass: 743K(832K)->743K(832K) Class: 63K(128K)->63K(128K)
[2024-09-08T23:16:46.037+0800][info] GC(219) Pause Young (Concurrent Start) (G1 Preventive Collection) 104M->104M(128M) 1.679ms
[2024-09-08T23:16:46.037+0800][info] GC(219) User=0.00s Sys=0.01s Real=0.01s
[2024-09-08T23:16:46.037+0800][info] GC(220) Concurrent Mark Cycle
[2024-09-08T23:16:46.037+0800][info] GC(220) Concurrent Clear Claimed Marks
[2024-09-08T23:16:46.037+0800][info] GC(220) Concurrent Clear Claimed Marks 0.017ms
[2024-09-08T23:16:46.037+0800][info] GC(220) Concurrent Scan Root Regions
[2024-09-08T23:16:46.037+0800][info] GC(220) Concurrent Scan Root Regions 0.052ms
[2024-09-08T23:16:46.037+0800][info] GC(220) Concurrent Mark
[2024-09-08T23:16:46.037+0800][info] GC(220) Concurrent Mark From Roots
[2024-09-08T23:16:46.037+0800][info] GC(220) Using 12 workers of 12 for marking
[2024-09-08T23:16:46.040+0800][info] GC(220) Concurrent Mark From Roots 2.611ms
[2024-09-08T23:16:46.040+0800][info] GC(220) Concurrent Preclean
[2024-09-08T23:16:46.042+0800][info] GC(220) Concurrent Preclean 1.686ms
[2024-09-08T23:16:46.042+0800][info] GC(220) Pause Remark
[2024-09-08T23:16:46.043+0800][info] GC(220) Pause Remark 104M->104M(128M) 1.079ms
[2024-09-08T23:16:46.043+0800][info] GC(220) User=0.00s Sys=0.00s Real=0.00s
[2024-09-08T23:16:46.043+0800][info] GC(220) Concurrent Mark 5.610ms
[2024-09-08T23:16:46.043+0800][info] GC(220) Concurrent Rebuild Remembered Sets
[2024-09-08T23:16:46.050+0800][info] GC(220) Concurrent Rebuild Remembered Sets 6.980ms
[2024-09-08T23:16:46.050+0800][info] GC(220) Pause Cleanup
[2024-09-08T23:16:46.050+0800][info] GC(220) Pause Cleanup 104M->104M(128M) 0.573ms
[2024-09-08T23:16:46.051+0800][info] GC(220) User=0.00s Sys=0.00s Real=0.00s
[2024-09-08T23:16:46.051+0800][info] GC(220) Concurrent Cleanup for Next Mark
[2024-09-08T23:16:46.051+0800][info] GC(220) Concurrent Cleanup for Next Mark 0.185ms
[2024-09-08T23:16:46.051+0800][info] GC(220) Concurrent Mark Cycle 13.712ms
[2024-09-08T23:16:46.149+0800][info] GC(221) Pause Young (Concurrent Start) (WhiteBox Initiated Concurrent Mark)
[2024-09-08T23:16:46.149+0800][info] GC(221) Using 3 workers of 48 for evacuation
[2024-09-08T23:16:46.151+0800][info] GC(221)   Pre Evacuate Collection Set: 0.0ms
[2024-09-08T23:16:46.151+0800][info] GC(221)   Merge Heap Roots: 0.0ms
[2024-09-08T23:16:46.151+0800][info] GC(221)   Evacuate Collection Set: 0.7ms
[2024-09-08T23:16:46.151+0800][info] GC(221)   Post Evacuate Collection Set: 0.2ms
[2024-09-08T23:16:46.151+0800][info] GC(221)   Other: 0.3ms
[2024-09-08T23:16:46.151+0800][info] GC(221) Eden regions: 1->0(1)
[2024-09-08T23:16:46.151+0800][info] GC(221) Survivor regions: 1->1(1)
[2024-09-08T23:16:46.151+0800][info] GC(221) Old regions: 25->26
[2024-09-08T23:16:46.151+0800][info] GC(221) Archive regions: 2->2
[2024-09-08T23:16:46.151+0800][info] GC(221) Humongous regions: 0->0
[2024-09-08T23:16:46.151+0800][info] GC(221) Metaspace: 806K(960K)->806K(960K) NonClass: 743K(832K)->743K(832K) Class: 63K(128K)->63K(128K)
[2024-09-08T23:16:46.151+0800][info] GC(221) Pause Young (Concurrent Start) (WhiteBox Initiated Concurrent Mark) 106M->105M(128M) 1.398ms
[2024-09-08T23:16:46.151+0800][info] GC(221) User=0.00s Sys=0.00s Real=0.00s
[2024-09-08T23:16:46.151+0800][info] GC(222) Concurrent Mark Cycle
[2024-09-08T23:16:46.151+0800][info] GC(222) Concurrent Clear Claimed Marks
[2024-09-08T23:16:46.151+0800][info] GC(222) Concurrent Clear Claimed Marks 0.026ms
[2024-09-08T23:16:46.151+0800][info] GC(222) Concurrent Scan Root Regions
[2024-09-08T23:16:46.151+0800][info] GC(222) Concurrent Scan Root Regions 0.082ms
[2024-09-08T23:16:46.151+0800][info] GC(222) Concurrent Mark
[2024-09-08T23:16:46.151+0800][info] GC(222) Concurrent Mark From Roots
[2024-09-08T23:16:46.151+0800][info] GC(222) Using 12 workers of 12 for marking
[2024-09-08T23:16:46.154+0800][info] GC(222) Concurrent Mark From Roots 2.477ms
[2024-09-08T23:16:46.154+0800][info] GC(222) Concurrent Preclean
[2024-09-08T23:16:46.155+0800][info] GC(222) Concurrent Preclean 1.652ms
[2024-09-08T23:16:46.155+0800][info] GC(222) Pause Remark
[2024-09-08T23:16:46.156+0800][info] GC(222) Pause Remark 106M->14M(128M) 1.075ms
[2024-09-08T23:16:46.156+0800][info] GC(222) User=0.00s Sys=0.00s Real=0.00s
[2024-09-08T23:16:46.157+0800][info] GC(222) Concurrent Mark 5.424ms
[2024-09-08T23:16:46.157+0800][info] GC(222) Concurrent Rebuild Remembered Sets
[2024-09-08T23:16:46.157+0800][info] GC(222) Concurrent Rebuild Remembered Sets 0.914ms
[2024-09-08T23:16:46.158+0800][info] GC(222) Pause Cleanup
[2024-09-08T23:16:46.158+0800][info] GC(222) Pause Cleanup 14M->14M(128M) 0.162ms
[2024-09-08T23:16:46.158+0800][info] GC(222) User=0.00s Sys=0.00s Real=0.00s
[2024-09-08T23:16:46.158+0800][info] GC(222) Concurrent Cleanup for Next Mark
[2024-09-08T23:16:46.158+0800][info] GC(222) Concurrent Cleanup for Next Mark 0.219ms
[2024-09-08T23:16:46.158+0800][info] GC(222) Concurrent Mark Cycle 7.110ms
[2024-09-08T23:16:47.152+0800][info] GC(223) Pause Young (Concurrent Start) (WhiteBox Initiated Concurrent Mark)
[2024-09-08T23:16:47.152+0800][info] GC(223) Using 3 workers of 48 for evacuation
[2024-09-08T23:16:47.153+0800][info] GC(223)   Pre Evacuate Collection Set: 0.1ms
[2024-09-08T23:16:47.153+0800][info] GC(223)   Merge Heap Roots: 0.0ms
[2024-09-08T23:16:47.153+0800][info] GC(223)   Evacuate Collection Set: 0.2ms
[2024-09-08T23:16:47.153+0800][info] GC(223)   Post Evacuate Collection Set: 0.7ms
[2024-09-08T23:16:47.153+0800][info] GC(223)   Other: 0.3ms
[2024-09-08T23:16:47.153+0800][info] GC(223) Eden regions: 1->0(4)
[2024-09-08T23:16:47.153+0800][info] GC(223) Survivor regions: 1->1(1)
[2024-09-08T23:16:47.153+0800][info] GC(223) Old regions: 3->3
[2024-09-08T23:16:47.154+0800][info] GC(223) Archive regions: 2->2
[2024-09-08T23:16:47.154+0800][info] GC(223) Humongous regions: 0->0
[2024-09-08T23:16:47.154+0800][info] GC(223) Metaspace: 807K(960K)->807K(960K) NonClass: 743K(832K)->743K(832K) Class: 63K(128K)->63K(128K)
[2024-09-08T23:16:47.154+0800][info] GC(223) Pause Young (Concurrent Start) (WhiteBox Initiated Concurrent Mark) 14M->12M(128M) 1.468ms
[2024-09-08T23:16:47.154+0800][info] GC(223) User=0.00s Sys=0.00s Real=0.00s
[2024-09-08T23:16:47.154+0800][info] GC(224) Concurrent Mark Cycle
[2024-09-08T23:16:47.154+0800][info] GC(224) Concurrent Clear Claimed Marks
[2024-09-08T23:16:47.154+0800][info] GC(224) Concurrent Clear Claimed Marks 0.019ms
[2024-09-08T23:16:47.154+0800][info] GC(224) Concurrent Scan Root Regions
[2024-09-08T23:16:47.154+0800][info] GC(224) Concurrent Scan Root Regions 0.097ms
[2024-09-08T23:16:47.154+0800][info] GC(224) Concurrent Mark
[2024-09-08T23:16:47.154+0800][info] GC(224) Concurrent Mark From Roots
[2024-09-08T23:16:47.154+0800][info] GC(224) Using 12 workers of 12 for marking
[2024-09-08T23:16:47.156+0800][info] GC(224) Concurrent Mark From Roots 1.955ms
[2024-09-08T23:16:47.156+0800][info] GC(224) Concurrent Preclean
[2024-09-08T23:16:47.157+0800][info] GC(224) Concurrent Preclean 1.673ms
[2024-09-08T23:16:47.158+0800][info] GC(224) Pause Remark
[2024-09-08T23:16:47.158+0800][info] GC(224) Pause Remark 12M->8M(128M) 0.835ms
[2024-09-08T23:16:47.158+0800][info] GC(224) User=0.00s Sys=0.00s Real=0.00s
[2024-09-08T23:16:47.158+0800][info] GC(224) Concurrent Mark 4.610ms
[2024-09-08T23:16:47.158+0800][info] GC(224) Concurrent Rebuild Remembered Sets
[2024-09-08T23:16:47.159+0800][info] GC(224) Concurrent Rebuild Remembered Sets 0.842ms
[2024-09-08T23:16:47.159+0800][info] GC(224) Pause Cleanup
[2024-09-08T23:16:47.159+0800][info] GC(224) Pause Cleanup 8M->8M(128M) 0.098ms
[2024-09-08T23:16:47.159+0800][info] GC(224) User=0.00s Sys=0.00s Real=0.00s
[2024-09-08T23:16:47.159+0800][info] GC(224) Concurrent Cleanup for Next Mark
[2024-09-08T23:16:47.160+0800][info] GC(224) Concurrent Cleanup for Next Mark 0.196ms
[2024-09-08T23:16:47.160+0800][info] GC(224) Concurrent Mark Cycle 6.075ms
[2024-09-08T23:16:48.155+0800][info] Heap
[2024-09-08T23:16:48.155+0800][info]  garbage-first heap   total 131072K, used 8596K [0x00000000f8000000, 0x0000000100000000)
[2024-09-08T23:16:48.155+0800][info]   region size 4096K, 2 young (8192K), 1 survivors (4096K)
[2024-09-08T23:16:48.155+0800][info]  Metaspace       used 815K, committed 960K, reserved 1114112K
[2024-09-08T23:16:48.155+0800][info]   class space    used 63K, committed 128K, reserved 1048576K
