[2024-10-11T04:34:44.973+0800][debug][gc,ergo,cset] GC(9) Pruned 7 regions out of 25, leaving 5664512 bytes waste (allowed 6710886)
[2024-10-11T04:34:45.402+0800][debug][gc,ergo,cset] GC(11) Start adding old regions to collection set. Min 3 regions, max 7 regions, time remaining 41.04ms, optional threshold 8.21ms
[2024-10-11T04:34:45.402+0800][debug][gc,ergo,cset] GC(11) Finish adding old regions to collection set (Maximum number of regions). Initial 7 regions, optional 0 regions
[2024-10-11T04:34:45.402+0800][debug][gc,ergo,cset] GC(11) Finish choosing collection set old regions. Initial: 7, optional: 0, predicted old time: 0.00ms, predicted optional time: 0.00ms, time remaining: 34.39
[2024-10-11T04:34:45.512+0800][debug][gc,ergo,cset] GC(12) Start adding old regions to collection set. Min 3 regions, max 7 regions, time remaining 42.11ms, optional threshold 8.42ms
[2024-10-11T04:34:45.512+0800][debug][gc,ergo,cset] GC(12) Finish adding old regions to collection set (Maximum number of regions). Initial 7 regions, optional 0 regions
[2024-10-11T04:34:45.512+0800][debug][gc,ergo,cset] GC(12) Finish choosing collection set old regions. Initial: 7, optional: 0, predicted old time: 0.00ms, predicted optional time: 0.00ms, time remaining: 33.92
[2024-10-11T04:34:45.620+0800][debug][gc,ergo,cset] GC(13) Start adding old regions to collection set. Min 3 regions, max 7 regions, time remaining 43.29ms, optional threshold 8.66ms
[2024-10-11T04:34:45.620+0800][debug][gc,ergo,cset] GC(13) Old candidate collection set empty.
[2024-10-11T04:34:45.620+0800][debug][gc,ergo,cset] GC(13) Finish choosing collection set old regions. Initial: 4, optional: 0, predicted old time: 0.00ms, predicted optional time: 0.00ms, time remaining: 37.48
[2024-10-11T04:34:46.027+0800][debug][gc,ergo,cset] GC(15) Pruned 12 regions out of 24, leaving 6613632 bytes waste (allowed 6710886)
[2024-10-11T04:34:46.383+0800][debug][gc,ergo,cset] GC(17) Start adding old regions to collection set. Min 2 regions, max 7 regions, time remaining 46.02ms, optional threshold 9.20ms
[2024-10-11T04:34:46.383+0800][debug][gc,ergo,cset] GC(17) Finish adding old regions to collection set (Maximum number of regions). Initial 7 regions, optional 0 regions
[2024-10-11T04:34:46.383+0800][debug][gc,ergo,cset] GC(17) Finish choosing collection set old regions. Initial: 7, optional: 0, predicted old time: 0.00ms, predicted optional time: 0.00ms, time remaining: 41.84
[2024-10-11T04:34:46.491+0800][debug][gc,ergo,cset] GC(18) Start adding old regions to collection set. Min 2 regions, max 7 regions, time remaining 46.15ms, optional threshold 9.23ms
[2024-10-11T04:34:46.491+0800][debug][gc,ergo,cset] GC(18) Old candidate collection set empty.
[2024-10-11T04:34:46.491+0800][debug][gc,ergo,cset] GC(18) Finish choosing collection set old regions. Initial: 5, optional: 0, predicted old time: 0.00ms, predicted optional time: 0.00ms, time remaining: 41.34
[2024-10-11T04:34:46.732+0800][debug][gc,ergo,cset] GC(20) Pruned 10 regions out of 25, leaving 6155840 bytes waste (allowed 6710886)
[2024-10-11T04:34:47.046+0800][debug][gc,ergo,cset] GC(22) Start adding old regions to collection set. Min 2 regions, max 7 regions, time remaining 47.43ms, optional threshold 9.49ms
[2024-10-11T04:34:47.046+0800][debug][gc,ergo,cset] GC(22) Finish adding old regions to collection set (Maximum number of regions). Initial 7 regions, optional 0 regions
[2024-10-11T04:34:47.046+0800][debug][gc,ergo,cset] GC(22) Finish choosing collection set old regions. Initial: 7, optional: 0, predicted old time: 0.00ms, predicted optional time: 0.00ms, time remaining: 44.56
[2024-10-11T04:34:47.155+0800][debug][gc,ergo,cset] GC(23) Start adding old regions to collection set. Min 2 regions, max 7 regions, time remaining 47.09ms, optional threshold 9.42ms
[2024-10-11T04:34:47.155+0800][debug][gc,ergo,cset] GC(23) Finish adding old regions to collection set (Maximum number of regions). Initial 7 regions, optional 0 regions
[2024-10-11T04:34:47.155+0800][debug][gc,ergo,cset] GC(23) Finish choosing collection set old regions. Initial: 7, optional: 0, predicted old time: 0.00ms, predicted optional time: 0.00ms, time remaining: 42.61
[2024-10-11T04:34:47.262+0800][debug][gc,ergo,cset] GC(24) Start adding old regions to collection set. Min 2 regions, max 7 regions, time remaining 47.47ms, optional threshold 9.49ms
[2024-10-11T04:34:47.262+0800][debug][gc,ergo,cset] GC(24) Old candidate collection set empty.
[2024-10-11T04:34:47.262+0800][debug][gc,ergo,cset] GC(24) Finish choosing collection set old regions. Initial: 1, optional: 0, predicted old time: 0.00ms, predicted optional time: 0.00ms, time remaining: 46.89
[2024-10-11T04:34:47.647+0800][debug][gc,ergo,cset] GC(28) Pruned 10 regions out of 34, leaving 6133504 bytes waste (allowed 6710886)
[2024-10-11T04:34:47.900+0800][debug][gc,ergo,cset] GC(30) Start adding old regions to collection set. Min 3 regions, max 7 regions, time remaining 47.92ms, optional threshold 9.58ms
[2024-10-11T04:34:47.900+0800][debug][gc,ergo,cset] GC(30) Finish adding old regions to collection set (Maximum number of regions). Initial 7 regions, optional 0 regions
[2024-10-11T04:34:47.900+0800][debug][gc,ergo,cset] GC(30) Finish choosing collection set old regions. Initial: 7, optional: 0, predicted old time: 0.00ms, predicted optional time: 0.00ms, time remaining: 46.13
[2024-10-11T04:34:48.005+0800][debug][gc,ergo,cset] GC(31) Start adding old regions to collection set. Min 3 regions, max 7 regions, time remaining 48.11ms, optional threshold 9.62ms
[2024-10-11T04:34:48.005+0800][debug][gc,ergo,cset] GC(31) Finish adding old regions to collection set (Maximum number of regions). Initial 7 regions, optional 0 regions
[2024-10-11T04:34:48.005+0800][debug][gc,ergo,cset] GC(31) Finish choosing collection set old regions. Initial: 7, optional: 0, predicted old time: 0.00ms, predicted optional time: 0.00ms, time remaining: 45.90
[2024-10-11T04:34:48.110+0800][debug][gc,ergo,cset] GC(32) Start adding old regions to collection set. Min 3 regions, max 7 regions, time remaining 48.29ms, optional threshold 9.66ms
[2024-10-11T04:34:48.110+0800][debug][gc,ergo,cset] GC(32) Finish adding old regions to collection set (Maximum number of regions). Initial 7 regions, optional 0 regions
[2024-10-11T04:34:48.110+0800][debug][gc,ergo,cset] GC(32) Finish choosing collection set old regions. Initial: 7, optional: 0, predicted old time: 0.00ms, predicted optional time: 0.00ms, time remaining: 45.74
[2024-10-11T04:34:48.215+0800][debug][gc,ergo,cset] GC(33) Start adding old regions to collection set. Min 3 regions, max 7 regions, time remaining 48.41ms, optional threshold 9.68ms
[2024-10-11T04:34:48.215+0800][debug][gc,ergo,cset] GC(33) Old candidate collection set empty.
[2024-10-11T04:34:48.216+0800][debug][gc,ergo,cset] GC(33) Finish choosing collection set old regions. Initial: 3, optional: 0, predicted old time: 0.00ms, predicted optional time: 0.00ms, time remaining: 47.38
[2024-10-11T04:34:48.540+0800][debug][gc,ergo,cset] GC(37) Pruned 10 regions out of 36, leaving 6600168 bytes waste (allowed 6710886)
[2024-10-11T04:34:48.791+0800][debug][gc,ergo,cset] GC(39) Start adding old regions to collection set. Min 4 regions, max 7 regions, time remaining 48.80ms, optional threshold 9.76ms
[2024-10-11T04:34:48.791+0800][debug][gc,ergo,cset] GC(39) Finish adding old regions to collection set (Maximum number of regions). Initial 7 regions, optional 0 regions
[2024-10-11T04:34:48.791+0800][debug][gc,ergo,cset] GC(39) Finish choosing collection set old regions. Initial: 7, optional: 0, predicted old time: 0.00ms, predicted optional time: 0.00ms, time remaining: 47.92
[2024-10-11T04:34:48.896+0800][debug][gc,ergo,cset] GC(40) Start adding old regions to collection set. Min 4 regions, max 7 regions, time remaining 48.77ms, optional threshold 9.75ms
[2024-10-11T04:34:48.896+0800][debug][gc,ergo,cset] GC(40) Finish adding old regions to collection set (Maximum number of regions). Initial 7 regions, optional 0 regions
[2024-10-11T04:34:48.896+0800][debug][gc,ergo,cset] GC(40) Finish choosing collection set old regions. Initial: 7, optional: 0, predicted old time: 0.00ms, predicted optional time: 0.00ms, time remaining: 47.32
[2024-10-11T04:34:49.000+0800][debug][gc,ergo,cset] GC(41) Start adding old regions to collection set. Min 4 regions, max 7 regions, time remaining 48.71ms, optional threshold 9.74ms
[2024-10-11T04:34:49.000+0800][debug][gc,ergo,cset] GC(41) Finish adding old regions to collection set (Maximum number of regions). Initial 7 regions, optional 0 regions
[2024-10-11T04:34:49.000+0800][debug][gc,ergo,cset] GC(41) Finish choosing collection set old regions. Initial: 7, optional: 0, predicted old time: 0.00ms, predicted optional time: 0.00ms, time remaining: 47.00
[2024-10-11T04:34:49.106+0800][debug][gc,ergo,cset] GC(42) Start adding old regions to collection set. Min 4 regions, max 7 regions, time remaining 48.74ms, optional threshold 9.75ms
[2024-10-11T04:34:49.106+0800][debug][gc,ergo,cset] GC(42) Old candidate collection set empty.
[2024-10-11T04:34:49.106+0800][debug][gc,ergo,cset] GC(42) Finish choosing collection set old regions. Initial: 5, optional: 0, predicted old time: 0.00ms, predicted optional time: 0.00ms, time remaining: 47.44
[2024-10-11T04:34:49.429+0800][debug][gc,ergo,cset] GC(46) Pruned 8 regions out of 36, leaving 6313040 bytes waste (allowed 6710886)
[2024-10-11T04:34:49.638+0800][debug][gc,ergo,cset] Preventive GC, insufficient free regions. Predicted need 5. Curr Eden 1 (Pred 2). Curr Survivor 1 (Pred 1). Curr Old 52 (Pred 2) Free 5 Alloc 1
[2024-10-11T04:34:49.639+0800][debug][gc,ergo,cset] GC(48) Start adding old regions to collection set. Min 4 regions, max 7 regions, time remaining 49.13ms, optional threshold 9.83ms
[2024-10-11T04:34:49.639+0800][debug][gc,ergo,cset] GC(48) Finish adding old regions to collection set (Maximum number of regions). Initial 7 regions, optional 0 regions
[2024-10-11T04:34:49.639+0800][debug][gc,ergo,cset] GC(48) Finish choosing collection set old regions. Initial: 7, optional: 0, predicted old time: 0.00ms, predicted optional time: 0.00ms, time remaining: 48.37
[2024-10-11T04:34:49.743+0800][debug][gc,ergo,cset] GC(49) Start adding old regions to collection set. Min 4 regions, max 7 regions, time remaining 48.89ms, optional threshold 9.78ms
[2024-10-11T04:34:49.743+0800][debug][gc,ergo,cset] GC(49) Finish adding old regions to collection set (Maximum number of regions). Initial 7 regions, optional 0 regions
[2024-10-11T04:34:49.743+0800][debug][gc,ergo,cset] GC(49) Finish choosing collection set old regions. Initial: 7, optional: 0, predicted old time: 0.00ms, predicted optional time: 0.00ms, time remaining: 47.78
[2024-10-11T04:34:49.847+0800][debug][gc,ergo,cset] GC(50) Start adding old regions to collection set. Min 4 regions, max 7 regions, time remaining 48.87ms, optional threshold 9.77ms
[2024-10-11T04:34:49.847+0800][debug][gc,ergo,cset] GC(50) Finish adding old regions to collection set (Maximum number of regions). Initial 7 regions, optional 0 regions
[2024-10-11T04:34:49.847+0800][debug][gc,ergo,cset] GC(50) Finish choosing collection set old regions. Initial: 7, optional: 0, predicted old time: 0.00ms, predicted optional time: 0.00ms, time remaining: 47.62
[2024-10-11T04:34:49.953+0800][debug][gc,ergo,cset] GC(51) Start adding old regions to collection set. Min 4 regions, max 7 regions, time remaining 48.89ms, optional threshold 9.78ms
[2024-10-11T04:34:49.953+0800][debug][gc,ergo,cset] GC(51) Old candidate collection set empty.
[2024-10-11T04:34:49.953+0800][debug][gc,ergo,cset] GC(51) Finish choosing collection set old regions. Initial: 7, optional: 0, predicted old time: 0.00ms, predicted optional time: 0.00ms, time remaining: 47.35
[2024-10-11T04:34:50.276+0800][debug][gc,ergo,cset] GC(55) Pruned 8 regions out of 38, leaving 6646640 bytes waste (allowed 6710886)
[2024-10-11T04:34:50.484+0800][debug][gc,ergo,cset] Preventive GC, insufficient free regions. Predicted need 5. Curr Eden 1 (Pred 2). Curr Survivor 1 (Pred 1). Curr Old 52 (Pred 2) Free 5 Alloc 1
[2024-10-11T04:34:50.485+0800][debug][gc,ergo,cset] GC(57) Start adding old regions to collection set. Min 4 regions, max 7 regions, time remaining 49.16ms, optional threshold 9.83ms
[2024-10-11T04:34:50.485+0800][debug][gc,ergo,cset] GC(57) Finish adding old regions to collection set (Maximum number of regions). Initial 7 regions, optional 0 regions
[2024-10-11T04:34:50.485+0800][debug][gc,ergo,cset] GC(57) Finish choosing collection set old regions. Initial: 7, optional: 0, predicted old time: 0.00ms, predicted optional time: 0.00ms, time remaining: 48.37
[2024-10-11T04:34:50.589+0800][debug][gc,ergo,cset] Preventive GC, insufficient free regions. Predicted need 7. Curr Eden 2 (Pred 3). Curr Survivor 1 (Pred 1). Curr Old 49 (Pred 3) Free 7 Alloc 1
[2024-10-11T04:34:50.589+0800][debug][gc,ergo,cset] GC(58) Start adding old regions to collection set. Min 4 regions, max 7 regions, time remaining 48.92ms, optional threshold 9.78ms
[2024-10-11T04:34:50.589+0800][debug][gc,ergo,cset] GC(58) Finish adding old regions to collection set (Maximum number of regions). Initial 7 regions, optional 0 regions
[2024-10-11T04:34:50.589+0800][debug][gc,ergo,cset] GC(58) Finish choosing collection set old regions. Initial: 7, optional: 0, predicted old time: 0.00ms, predicted optional time: 0.00ms, time remaining: 47.89
[2024-10-11T04:34:50.694+0800][debug][gc,ergo,cset] GC(59) Start adding old regions to collection set. Min 4 regions, max 7 regions, time remaining 48.89ms, optional threshold 9.78ms
[2024-10-11T04:34:50.694+0800][debug][gc,ergo,cset] GC(59) Finish adding old regions to collection set (Maximum number of regions). Initial 7 regions, optional 0 regions
[2024-10-11T04:34:50.694+0800][debug][gc,ergo,cset] GC(59) Finish choosing collection set old regions. Initial: 7, optional: 0, predicted old time: 0.00ms, predicted optional time: 0.00ms, time remaining: 47.67
[2024-10-11T04:34:50.799+0800][debug][gc,ergo,cset] GC(60) Start adding old regions to collection set. Min 4 regions, max 7 regions, time remaining 48.84ms, optional threshold 9.77ms
[2024-10-11T04:34:50.799+0800][debug][gc,ergo,cset] GC(60) Finish adding old regions to collection set (Maximum number of regions). Initial 7 regions, optional 0 regions
[2024-10-11T04:34:50.799+0800][debug][gc,ergo,cset] GC(60) Finish choosing collection set old regions. Initial: 7, optional: 0, predicted old time: 0.00ms, predicted optional time: 0.00ms, time remaining: 47.36
[2024-10-11T04:34:50.905+0800][debug][gc,ergo,cset] GC(61) Start adding old regions to collection set. Min 4 regions, max 7 regions, time remaining 48.87ms, optional threshold 9.77ms
[2024-10-11T04:34:50.905+0800][debug][gc,ergo,cset] GC(61) Old candidate collection set empty.
[2024-10-11T04:34:50.905+0800][debug][gc,ergo,cset] GC(61) Finish choosing collection set old regions. Initial: 2, optional: 0, predicted old time: 0.00ms, predicted optional time: 0.00ms, time remaining: 48.41
[2024-10-11T04:34:51.123+0800][debug][gc,ergo,cset] GC(64) Pruned 7 regions out of 38, leaving 6346848 bytes waste (allowed 6710886)
[2024-10-11T04:34:51.331+0800][debug][gc,ergo,cset] Preventive GC, insufficient free regions. Predicted need 5. Curr Eden 1 (Pred 2). Curr Survivor 1 (Pred 1). Curr Old 53 (Pred 2) Free 4 Alloc 1
[2024-10-11T04:34:51.331+0800][debug][gc,ergo,cset] GC(66) Start adding old regions to collection set. Min 4 regions, max 7 regions, time remaining 49.16ms, optional threshold 9.83ms
[2024-10-11T04:34:51.331+0800][debug][gc,ergo,cset] GC(66) Finish adding old regions to collection set (Maximum number of regions). Initial 7 regions, optional 0 regions
[2024-10-11T04:34:51.331+0800][debug][gc,ergo,cset] GC(66) Finish choosing collection set old regions. Initial: 7, optional: 0, predicted old time: 0.00ms, predicted optional time: 0.00ms, time remaining: 48.42
[2024-10-11T04:34:51.374+0800][debug][gc,ergo,cset] Preventive GC, insufficient free regions. Predicted need 6. Curr Eden 1 (Pred 2). Curr Survivor 1 (Pred 1). Curr Old 51 (Pred 3) Free 6 Alloc 1
[2024-10-11T04:34:51.374+0800][debug][gc,ergo,cset] GC(67) Start adding old regions to collection set. Min 4 regions, max 7 regions, time remaining 49.14ms, optional threshold 9.83ms
[2024-10-11T04:34:51.374+0800][debug][gc,ergo,cset] GC(67) Finish adding old regions to collection set (Maximum number of regions). Initial 7 regions, optional 0 regions
[2024-10-11T04:34:51.374+0800][debug][gc,ergo,cset] GC(67) Finish choosing collection set old regions. Initial: 7, optional: 0, predicted old time: 0.00ms, predicted optional time: 0.00ms, time remaining: 48.10
[2024-10-11T04:34:51.479+0800][debug][gc,ergo,cset] GC(68) Start adding old regions to collection set. Min 4 regions, max 7 regions, time remaining 48.91ms, optional threshold 9.78ms
[2024-10-11T04:34:51.479+0800][debug][gc,ergo,cset] GC(68) Finish adding old regions to collection set (Maximum number of regions). Initial 7 regions, optional 0 regions
[2024-10-11T04:34:51.479+0800][debug][gc,ergo,cset] GC(68) Finish choosing collection set old regions. Initial: 7, optional: 0, predicted old time: 0.00ms, predicted optional time: 0.00ms, time remaining: 47.72
[2024-10-11T04:34:51.584+0800][debug][gc,ergo,cset] GC(69) Start adding old regions to collection set. Min 4 regions, max 7 regions, time remaining 48.88ms, optional threshold 9.78ms
[2024-10-11T04:34:51.584+0800][debug][gc,ergo,cset] GC(69) Finish adding old regions to collection set (Maximum number of regions). Initial 7 regions, optional 0 regions
[2024-10-11T04:34:51.584+0800][debug][gc,ergo,cset] GC(69) Finish choosing collection set old regions. Initial: 7, optional: 0, predicted old time: 0.00ms, predicted optional time: 0.00ms, time remaining: 47.55
[2024-10-11T04:34:51.689+0800][debug][gc,ergo,cset] GC(70) Start adding old regions to collection set. Min 4 regions, max 7 regions, time remaining 48.89ms, optional threshold 9.78ms
[2024-10-11T04:34:51.689+0800][debug][gc,ergo,cset] GC(70) Old candidate collection set empty.
[2024-10-11T04:34:51.689+0800][debug][gc,ergo,cset] GC(70) Finish choosing collection set old regions. Initial: 3, optional: 0, predicted old time: 0.00ms, predicted optional time: 0.00ms, time remaining: 48.17
[2024-10-11T04:34:51.704+0800][debug][gc,ergo,cset] GC(72) Pruned 9 regions out of 34, leaving 6621008 bytes waste (allowed 6710886)
[2024-10-11T04:34:51.971+0800][debug][gc,ergo,cset] GC(74) Start adding old regions to collection set. Min 4 regions, max 7 regions, time remaining 48.95ms, optional threshold 9.79ms
[2024-10-11T04:34:51.971+0800][debug][gc,ergo,cset] GC(74) Finish adding old regions to collection set (Maximum number of regions). Initial 7 regions, optional 0 regions
[2024-10-11T04:34:51.971+0800][debug][gc,ergo,cset] GC(74) Finish choosing collection set old regions. Initial: 7, optional: 0, predicted old time: 0.00ms, predicted optional time: 0.00ms, time remaining: 47.97
[2024-10-11T04:34:52.075+0800][debug][gc,ergo,cset] GC(75) Start adding old regions to collection set. Min 4 regions, max 7 regions, time remaining 48.93ms, optional threshold 9.79ms
[2024-10-11T04:34:52.075+0800][debug][gc,ergo,cset] GC(75) Finish adding old regions to collection set (Maximum number of regions). Initial 7 regions, optional 0 regions
[2024-10-11T04:34:52.075+0800][debug][gc,ergo,cset] GC(75) Finish choosing collection set old regions. Initial: 7, optional: 0, predicted old time: 0.00ms, predicted optional time: 0.00ms, time remaining: 47.55
[2024-10-11T04:34:52.181+0800][debug][gc,ergo,cset] GC(76) Start adding old regions to collection set. Min 4 regions, max 7 regions, time remaining 48.86ms, optional threshold 9.77ms
[2024-10-11T04:34:52.181+0800][debug][gc,ergo,cset] GC(76) Finish adding old regions to collection set (Maximum number of regions). Initial 7 regions, optional 0 regions
[2024-10-11T04:34:52.181+0800][debug][gc,ergo,cset] GC(76) Finish choosing collection set old regions. Initial: 7, optional: 0, predicted old time: 0.00ms, predicted optional time: 0.00ms, time remaining: 47.16
[2024-10-11T04:34:52.286+0800][debug][gc,ergo,cset] GC(77) Start adding old regions to collection set. Min 4 regions, max 7 regions, time remaining 48.86ms, optional threshold 9.77ms
[2024-10-11T04:34:52.286+0800][debug][gc,ergo,cset] GC(77) Old candidate collection set empty.
[2024-10-11T04:34:52.286+0800][debug][gc,ergo,cset] GC(77) Finish choosing collection set old regions. Initial: 4, optional: 0, predicted old time: 0.00ms, predicted optional time: 0.00ms, time remaining: 47.92
[2024-10-11T04:34:52.609+0800][debug][gc,ergo,cset] GC(81) Pruned 7 regions out of 35, leaving 6354248 bytes waste (allowed 6710886)
[2024-10-11T04:34:52.817+0800][debug][gc,ergo,cset] Preventive GC, insufficient free regions. Predicted need 4. Curr Eden 1 (Pred 2). Curr Survivor 1 (Pred 1). Curr Old 53 (Pred 1) Free 4 Alloc 1
[2024-10-11T04:34:52.817+0800][debug][gc,ergo,cset] GC(83) Start adding old regions to collection set. Min 4 regions, max 7 regions, time remaining 49.19ms, optional threshold 9.84ms
[2024-10-11T04:34:52.817+0800][debug][gc,ergo,cset] GC(83) Finish adding old regions to collection set (Maximum number of regions). Initial 7 regions, optional 0 regions
[2024-10-11T04:34:52.817+0800][debug][gc,ergo,cset] GC(83) Finish choosing collection set old regions. Initial: 7, optional: 0, predicted old time: 0.00ms, predicted optional time: 0.00ms, time remaining: 48.70
[2024-10-11T04:34:52.922+0800][debug][gc,ergo,cset] GC(84) Start adding old regions to collection set. Min 4 regions, max 7 regions, time remaining 48.94ms, optional threshold 9.79ms
[2024-10-11T04:34:52.922+0800][debug][gc,ergo,cset] GC(84) Finish adding old regions to collection set (Maximum number of regions). Initial 7 regions, optional 0 regions
[2024-10-11T04:34:52.922+0800][debug][gc,ergo,cset] GC(84) Finish choosing collection set old regions. Initial: 7, optional: 0, predicted old time: 0.00ms, predicted optional time: 0.00ms, time remaining: 48.04
[2024-10-11T04:34:53.026+0800][debug][gc,ergo,cset] GC(85) Start adding old regions to collection set. Min 4 regions, max 7 regions, time remaining 48.92ms, optional threshold 9.78ms
[2024-10-11T04:34:53.026+0800][debug][gc,ergo,cset] GC(85) Finish adding old regions to collection set (Maximum number of regions). Initial 7 regions, optional 0 regions
[2024-10-11T04:34:53.026+0800][debug][gc,ergo,cset] GC(85) Finish choosing collection set old regions. Initial: 7, optional: 0, predicted old time: 0.00ms, predicted optional time: 0.00ms, time remaining: 47.66
[2024-10-11T04:34:53.132+0800][debug][gc,ergo,cset] GC(86) Start adding old regions to collection set. Min 4 regions, max 7 regions, time remaining 48.90ms, optional threshold 9.78ms
[2024-10-11T04:34:53.132+0800][debug][gc,ergo,cset] GC(86) Old candidate collection set empty.
[2024-10-11T04:34:53.132+0800][debug][gc,ergo,cset] GC(86) Finish choosing collection set old regions. Initial: 7, optional: 0, predicted old time: 0.00ms, predicted optional time: 0.00ms, time remaining: 47.38
[2024-10-11T04:34:53.454+0800][debug][gc,ergo,cset] GC(90) Pruned 7 regions out of 42, leaving 6591056 bytes waste (allowed 6710886)
[2024-10-11T04:34:53.599+0800][debug][gc,ergo,cset] Preventive GC, insufficient free regions. Predicted need 4. Curr Eden 2 (Pred 3). Curr Survivor 1 (Pred 1). Curr Old 52 (Pred 0) Free 4 Alloc 1
[2024-10-11T04:34:53.662+0800][debug][gc,ergo,cset] Preventive GC, insufficient free regions. Predicted need 5. Curr Eden 1 (Pred 2). Curr Survivor 1 (Pred 1). Curr Old 54 (Pred 2) Free 3 Alloc 1
[2024-10-11T04:34:53.663+0800][debug][gc,ergo,cset] GC(92) Start adding old regions to collection set. Min 5 regions, max 7 regions, time remaining 49.19ms, optional threshold 9.84ms
[2024-10-11T04:34:53.663+0800][debug][gc,ergo,cset] GC(92) Finish adding old regions to collection set (Maximum number of regions). Initial 7 regions, optional 0 regions
[2024-10-11T04:34:53.663+0800][debug][gc,ergo,cset] GC(92) Finish choosing collection set old regions. Initial: 7, optional: 0, predicted old time: 0.00ms, predicted optional time: 0.00ms, time remaining: 48.63
[2024-10-11T04:34:53.705+0800][debug][gc,ergo,cset] Preventive GC, insufficient free regions. Predicted need 6. Curr Eden 1 (Pred 2). Curr Survivor 1 (Pred 1). Curr Old 51 (Pred 3) Free 6 Alloc 1
[2024-10-11T04:34:53.705+0800][debug][gc,ergo,cset] GC(93) Start adding old regions to collection set. Min 5 regions, max 7 regions, time remaining 49.17ms, optional threshold 9.83ms
[2024-10-11T04:34:53.705+0800][debug][gc,ergo,cset] GC(93) Finish adding old regions to collection set (Maximum number of regions). Initial 7 regions, optional 0 regions
[2024-10-11T04:34:53.705+0800][debug][gc,ergo,cset] GC(93) Finish choosing collection set old regions. Initial: 7, optional: 0, predicted old time: 0.00ms, predicted optional time: 0.00ms, time remaining: 48.21
[2024-10-11T04:34:53.769+0800][debug][gc,ergo,cset] Preventive GC, insufficient free regions. Predicted need 7. Curr Eden 1 (Pred 2). Curr Survivor 1 (Pred 1). Curr Old 54 (Pred 4) Free 3 Alloc 1
[2024-10-11T04:34:53.770+0800][debug][gc,ergo,cset] GC(94) Start adding old regions to collection set. Min 5 regions, max 7 regions, time remaining 49.16ms, optional threshold 9.83ms
[2024-10-11T04:34:53.770+0800][debug][gc,ergo,cset] GC(94) Finish adding old regions to collection set (Maximum number of regions). Initial 7 regions, optional 0 regions
[2024-10-11T04:34:53.770+0800][debug][gc,ergo,cset] GC(94) Finish choosing collection set old regions. Initial: 7, optional: 0, predicted old time: 0.00ms, predicted optional time: 0.00ms, time remaining: 48.02
[2024-10-11T04:34:53.812+0800][debug][gc,ergo,cset] Preventive GC, insufficient free regions. Predicted need 7. Curr Eden 1 (Pred 2). Curr Survivor 1 (Pred 1). Curr Old 56 (Pred 4) Free 1 Alloc 1
[2024-10-11T04:34:53.812+0800][debug][gc,ergo,cset] GC(95) Start adding old regions to collection set. Min 5 regions, max 7 regions, time remaining 49.15ms, optional threshold 9.83ms
[2024-10-11T04:34:53.812+0800][debug][gc,ergo,cset] GC(95) Finish adding old regions to collection set (Maximum number of regions). Initial 7 regions, optional 0 regions
[2024-10-11T04:34:53.812+0800][debug][gc,ergo,cset] GC(95) Finish choosing collection set old regions. Initial: 7, optional: 0, predicted old time: 0.00ms, predicted optional time: 0.00ms, time remaining: 47.90
[2024-10-11T04:34:53.876+0800][debug][gc,ergo,cset] GC(96) Start adding old regions to collection set. Min 5 regions, max 7 regions, time remaining 49.01ms, optional threshold 9.80ms
[2024-10-11T04:34:53.876+0800][debug][gc,ergo,cset] GC(96) Old candidate collection set empty.
[2024-10-11T04:34:53.876+0800][debug][gc,ergo,cset] GC(96) Finish choosing collection set old regions. Initial: 7, optional: 0, predicted old time: 0.00ms, predicted optional time: 0.00ms, time remaining: 47.46
[2024-10-11T04:34:54.426+0800][debug][gc,ergo,cset] GC(102) Pruned 11 regions out of 40, leaving 6553952 bytes waste (allowed 6710886)
[2024-10-11T04:34:54.674+0800][debug][gc,ergo,cset] GC(104) Start adding old regions to collection set. Min 4 regions, max 7 regions, time remaining 49.02ms, optional threshold 9.80ms
[2024-10-11T04:34:54.674+0800][debug][gc,ergo,cset] GC(104) Finish adding old regions to collection set (Maximum number of regions). Initial 7 regions, optional 0 regions
[2024-10-11T04:34:54.674+0800][debug][gc,ergo,cset] GC(104) Finish choosing collection set old regions. Initial: 7, optional: 0, predicted old time: 0.00ms, predicted optional time: 0.00ms, time remaining: 48.26
[2024-10-11T04:34:54.778+0800][debug][gc,ergo,cset] GC(105) Start adding old regions to collection set. Min 4 regions, max 7 regions, time remaining 48.94ms, optional threshold 9.79ms
[2024-10-11T04:34:54.778+0800][debug][gc,ergo,cset] GC(105) Finish adding old regions to collection set (Maximum number of regions). Initial 7 regions, optional 0 regions
[2024-10-11T04:34:54.778+0800][debug][gc,ergo,cset] GC(105) Finish choosing collection set old regions. Initial: 7, optional: 0, predicted old time: 0.00ms, predicted optional time: 0.00ms, time remaining: 47.82
[2024-10-11T04:34:54.883+0800][debug][gc,ergo,cset] GC(106) Start adding old regions to collection set. Min 4 regions, max 7 regions, time remaining 48.94ms, optional threshold 9.79ms
[2024-10-11T04:34:54.883+0800][debug][gc,ergo,cset] GC(106) Finish adding old regions to collection set (Maximum number of regions). Initial 7 regions, optional 0 regions
[2024-10-11T04:34:54.883+0800][debug][gc,ergo,cset] GC(106) Finish choosing collection set old regions. Initial: 7, optional: 0, predicted old time: 0.00ms, predicted optional time: 0.00ms, time remaining: 47.69
[2024-10-11T04:34:54.988+0800][debug][gc,ergo,cset] GC(107) Start adding old regions to collection set. Min 4 regions, max 7 regions, time remaining 48.92ms, optional threshold 9.78ms
[2024-10-11T04:34:54.988+0800][debug][gc,ergo,cset] GC(107) Finish adding old regions to collection set (Maximum number of regions). Initial 7 regions, optional 0 regions
[2024-10-11T04:34:54.988+0800][debug][gc,ergo,cset] GC(107) Finish choosing collection set old regions. Initial: 7, optional: 0, predicted old time: 0.00ms, predicted optional time: 0.00ms, time remaining: 47.47
[2024-10-11T04:34:55.093+0800][debug][gc,ergo,cset] GC(108) Start adding old regions to collection set. Min 4 regions, max 7 regions, time remaining 48.90ms, optional threshold 9.78ms
[2024-10-11T04:34:55.093+0800][debug][gc,ergo,cset] GC(108) Old candidate collection set empty.
[2024-10-11T04:34:55.093+0800][debug][gc,ergo,cset] GC(108) Finish choosing collection set old regions. Initial: 1, optional: 0, predicted old time: 0.00ms, predicted optional time: 0.00ms, time remaining: 48.66
[2024-10-11T04:34:55.311+0800][debug][gc,ergo,cset] GC(111) Pruned 9 regions out of 43, leaving 6025864 bytes waste (allowed 6710886)
[2024-10-11T04:34:55.519+0800][debug][gc,ergo,cset] Preventive GC, insufficient free regions. Predicted need 5. Curr Eden 1 (Pred 2). Curr Survivor 1 (Pred 1). Curr Old 53 (Pred 2) Free 4 Alloc 1
[2024-10-11T04:34:55.519+0800][debug][gc,ergo,cset] GC(113) Start adding old regions to collection set. Min 5 regions, max 7 regions, time remaining 49.18ms, optional threshold 9.84ms
[2024-10-11T04:34:55.519+0800][debug][gc,ergo,cset] GC(113) Finish adding old regions to collection set (Maximum number of regions). Initial 7 regions, optional 0 regions
[2024-10-11T04:34:55.519+0800][debug][gc,ergo,cset] GC(113) Finish choosing collection set old regions. Initial: 7, optional: 0, predicted old time: 0.00ms, predicted optional time: 0.00ms, time remaining: 48.28
[2024-10-11T04:34:55.624+0800][debug][gc,ergo,cset] Preventive GC, insufficient free regions. Predicted need 7. Curr Eden 2 (Pred 3). Curr Survivor 1 (Pred 1). Curr Old 50 (Pred 3) Free 6 Alloc 1
[2024-10-11T04:34:55.624+0800][debug][gc,ergo,cset] GC(114) Start adding old regions to collection set. Min 5 regions, max 7 regions, time remaining 48.96ms, optional threshold 9.79ms
[2024-10-11T04:34:55.624+0800][debug][gc,ergo,cset] GC(114) Finish adding old regions to collection set (Maximum number of regions). Initial 7 regions, optional 0 regions
[2024-10-11T04:34:55.624+0800][debug][gc,ergo,cset] GC(114) Finish choosing collection set old regions. Initial: 7, optional: 0, predicted old time: 0.00ms, predicted optional time: 0.00ms, time remaining: 47.85
[2024-10-11T04:34:55.687+0800][debug][gc,ergo,cset] Preventive GC, insufficient free regions. Predicted need 6. Curr Eden 1 (Pred 2). Curr Survivor 1 (Pred 1). Curr Old 53 (Pred 3) Free 4 Alloc 1
[2024-10-11T04:34:55.688+0800][debug][gc,ergo,cset] GC(115) Start adding old regions to collection set. Min 5 regions, max 7 regions, time remaining 49.15ms, optional threshold 9.83ms
[2024-10-11T04:34:55.688+0800][debug][gc,ergo,cset] GC(115) Finish adding old regions to collection set (Maximum number of regions). Initial 7 regions, optional 0 regions
[2024-10-11T04:34:55.688+0800][debug][gc,ergo,cset] GC(115) Finish choosing collection set old regions. Initial: 7, optional: 0, predicted old time: 0.00ms, predicted optional time: 0.00ms, time remaining: 47.82
[2024-10-11T04:34:55.731+0800][debug][gc,ergo,cset] Preventive GC, insufficient free regions. Predicted need 7. Curr Eden 1 (Pred 2). Curr Survivor 1 (Pred 1). Curr Old 56 (Pred 4) Free 1 Alloc 1
[2024-10-11T04:34:55.731+0800][debug][gc,ergo,cset] GC(116) Start adding old regions to collection set. Min 5 regions, max 7 regions, time remaining 49.08ms, optional threshold 9.82ms
[2024-10-11T04:34:55.731+0800][debug][gc,ergo,cset] GC(116) Finish adding old regions to collection set (Maximum number of regions). Initial 7 regions, optional 0 regions
[2024-10-11T04:34:55.731+0800][debug][gc,ergo,cset] GC(116) Finish choosing collection set old regions. Initial: 7, optional: 0, predicted old time: 0.00ms, predicted optional time: 0.00ms, time remaining: 47.66
[2024-10-11T04:34:55.795+0800][debug][gc,ergo,cset] GC(117) Start adding old regions to collection set. Min 5 regions, max 7 regions, time remaining 49.08ms, optional threshold 9.82ms
[2024-10-11T04:34:55.795+0800][debug][gc,ergo,cset] GC(117) Old candidate collection set empty.
[2024-10-11T04:34:55.795+0800][debug][gc,ergo,cset] GC(117) Finish choosing collection set old regions. Initial: 6, optional: 0, predicted old time: 0.00ms, predicted optional time: 0.00ms, time remaining: 47.61
[2024-10-11T04:34:56.344+0800][debug][gc,ergo,cset] GC(123) Pruned 12 regions out of 37, leaving 6344856 bytes waste (allowed 6710886)
[2024-10-11T04:34:56.592+0800][debug][gc,ergo,cset] GC(125) Start adding old regions to collection set. Min 4 regions, max 7 regions, time remaining 48.99ms, optional threshold 9.80ms
[2024-10-11T04:34:56.592+0800][debug][gc,ergo,cset] GC(125) Finish adding old regions to collection set (Maximum number of regions). Initial 7 regions, optional 0 regions
[2024-10-11T04:34:56.592+0800][debug][gc,ergo,cset] GC(125) Finish choosing collection set old regions. Initial: 7, optional: 0, predicted old time: 0.00ms, predicted optional time: 0.00ms, time remaining: 48.00
[2024-10-11T04:34:56.697+0800][debug][gc,ergo,cset] GC(126) Start adding old regions to collection set. Min 4 regions, max 7 regions, time remaining 48.96ms, optional threshold 9.79ms
[2024-10-11T04:34:56.697+0800][debug][gc,ergo,cset] GC(126) Finish adding old regions to collection set (Maximum number of regions). Initial 7 regions, optional 0 regions
[2024-10-11T04:34:56.697+0800][debug][gc,ergo,cset] GC(126) Finish choosing collection set old regions. Initial: 7, optional: 0, predicted old time: 0.00ms, predicted optional time: 0.00ms, time remaining: 47.70
[2024-10-11T04:34:56.801+0800][debug][gc,ergo,cset] GC(127) Start adding old regions to collection set. Min 4 regions, max 7 regions, time remaining 48.95ms, optional threshold 9.79ms
[2024-10-11T04:34:56.801+0800][debug][gc,ergo,cset] GC(127) Finish adding old regions to collection set (Maximum number of regions). Initial 7 regions, optional 0 regions
[2024-10-11T04:34:56.801+0800][debug][gc,ergo,cset] GC(127) Finish choosing collection set old regions. Initial: 7, optional: 0, predicted old time: 0.00ms, predicted optional time: 0.00ms, time remaining: 47.45
[2024-10-11T04:34:56.907+0800][debug][gc,ergo,cset] GC(128) Start adding old regions to collection set. Min 4 regions, max 7 regions, time remaining 48.90ms, optional threshold 9.78ms
[2024-10-11T04:34:56.907+0800][debug][gc,ergo,cset] GC(128) Old candidate collection set empty.
[2024-10-11T04:34:56.907+0800][debug][gc,ergo,cset] GC(128) Finish choosing collection set old regions. Initial: 4, optional: 0, predicted old time: 0.00ms, predicted optional time: 0.00ms, time remaining: 47.88
[2024-10-11T04:34:57.228+0800][debug][gc,ergo,cset] GC(132) Pruned 9 regions out of 41, leaving 6392968 bytes waste (allowed 6710886)
[2024-10-11T04:34:57.436+0800][debug][gc,ergo,cset] Preventive GC, insufficient free regions. Predicted need 4. Curr Eden 1 (Pred 2). Curr Survivor 1 (Pred 1). Curr Old 53 (Pred 1) Free 4 Alloc 1
[2024-10-11T04:34:57.436+0800][debug][gc,ergo,cset] GC(134) Start adding old regions to collection set. Min 4 regions, max 7 regions, time remaining 49.25ms, optional threshold 9.85ms
[2024-10-11T04:34:57.436+0800][debug][gc,ergo,cset] GC(134) Finish adding old regions to collection set (Maximum number of regions). Initial 7 regions, optional 0 regions
[2024-10-11T04:34:57.436+0800][debug][gc,ergo,cset] GC(134) Finish choosing collection set old regions. Initial: 7, optional: 0, predicted old time: 0.00ms, predicted optional time: 0.00ms, time remaining: 48.72
[2024-10-11T04:34:57.540+0800][debug][gc,ergo,cset] Preventive GC, insufficient free regions. Predicted need 7. Curr Eden 2 (Pred 3). Curr Survivor 1 (Pred 1). Curr Old 49 (Pred 3) Free 7 Alloc 1
[2024-10-11T04:34:57.540+0800][debug][gc,ergo,cset] GC(135) Start adding old regions to collection set. Min 4 regions, max 7 regions, time remaining 49.02ms, optional threshold 9.80ms
[2024-10-11T04:34:57.540+0800][debug][gc,ergo,cset] GC(135) Finish adding old regions to collection set (Maximum number of regions). Initial 7 regions, optional 0 regions
[2024-10-11T04:34:57.540+0800][debug][gc,ergo,cset] GC(135) Finish choosing collection set old regions. Initial: 7, optional: 0, predicted old time: 0.00ms, predicted optional time: 0.00ms, time remaining: 48.02
[2024-10-11T04:34:57.644+0800][debug][gc,ergo,cset] GC(136) Start adding old regions to collection set. Min 4 regions, max 7 regions, time remaining 48.98ms, optional threshold 9.80ms
[2024-10-11T04:34:57.644+0800][debug][gc,ergo,cset] GC(136) Finish adding old regions to collection set (Maximum number of regions). Initial 7 regions, optional 0 regions
[2024-10-11T04:34:57.644+0800][debug][gc,ergo,cset] GC(136) Finish choosing collection set old regions. Initial: 7, optional: 0, predicted old time: 0.00ms, predicted optional time: 0.00ms, time remaining: 47.73
[2024-10-11T04:34:57.749+0800][debug][gc,ergo,cset] GC(137) Start adding old regions to collection set. Min 4 regions, max 7 regions, time remaining 48.97ms, optional threshold 9.79ms
[2024-10-11T04:34:57.749+0800][debug][gc,ergo,cset] GC(137) Finish adding old regions to collection set (Maximum number of regions). Initial 7 regions, optional 0 regions
[2024-10-11T04:34:57.749+0800][debug][gc,ergo,cset] GC(137) Finish choosing collection set old regions. Initial: 7, optional: 0, predicted old time: 0.00ms, predicted optional time: 0.00ms, time remaining: 47.66
[2024-10-11T04:34:57.854+0800][debug][gc,ergo,cset] GC(138) Start adding old regions to collection set. Min 4 regions, max 7 regions, time remaining 48.97ms, optional threshold 9.79ms
[2024-10-11T04:34:57.854+0800][debug][gc,ergo,cset] GC(138) Old candidate collection set empty.
[2024-10-11T04:34:57.854+0800][debug][gc,ergo,cset] GC(138) Finish choosing collection set old regions. Initial: 4, optional: 0, predicted old time: 0.00ms, predicted optional time: 0.00ms, time remaining: 48.10
[2024-10-11T04:34:58.072+0800][debug][gc,ergo,cset] GC(141) Pruned 9 regions out of 38, leaving 5909704 bytes waste (allowed 6710886)
[2024-10-11T04:34:58.279+0800][debug][gc,ergo,cset] Preventive GC, insufficient free regions. Predicted need 5. Curr Eden 1 (Pred 2). Curr Survivor 1 (Pred 1). Curr Old 53 (Pred 2) Free 4 Alloc 1
[2024-10-11T04:34:58.280+0800][debug][gc,ergo,cset] GC(143) Start adding old regions to collection set. Min 4 regions, max 7 regions, time remaining 49.24ms, optional threshold 9.85ms
[2024-10-11T04:34:58.280+0800][debug][gc,ergo,cset] GC(143) Finish adding old regions to collection set (Maximum number of regions). Initial 7 regions, optional 0 regions
[2024-10-11T04:34:58.280+0800][debug][gc,ergo,cset] GC(143) Finish choosing collection set old regions. Initial: 7, optional: 0, predicted old time: 0.00ms, predicted optional time: 0.00ms, time remaining: 48.61
[2024-10-11T04:34:58.383+0800][debug][gc,ergo,cset] GC(144) Start adding old regions to collection set. Min 4 regions, max 7 regions, time remaining 49.00ms, optional threshold 9.80ms
[2024-10-11T04:34:58.383+0800][debug][gc,ergo,cset] GC(144) Finish adding old regions to collection set (Maximum number of regions). Initial 7 regions, optional 0 regions
[2024-10-11T04:34:58.383+0800][debug][gc,ergo,cset] GC(144) Finish choosing collection set old regions. Initial: 7, optional: 0, predicted old time: 0.00ms, predicted optional time: 0.00ms, time remaining: 47.98
[2024-10-11T04:34:58.489+0800][debug][gc,ergo,cset] GC(145) Start adding old regions to collection set. Min 4 regions, max 7 regions, time remaining 48.98ms, optional threshold 9.80ms
[2024-10-11T04:34:58.489+0800][debug][gc,ergo,cset] GC(145) Finish adding old regions to collection set (Maximum number of regions). Initial 7 regions, optional 0 regions
[2024-10-11T04:34:58.489+0800][debug][gc,ergo,cset] GC(145) Finish choosing collection set old regions. Initial: 7, optional: 0, predicted old time: 0.00ms, predicted optional time: 0.00ms, time remaining: 47.74
[2024-10-11T04:34:58.594+0800][debug][gc,ergo,cset] GC(146) Start adding old regions to collection set. Min 4 regions, max 7 regions, time remaining 48.91ms, optional threshold 9.78ms
[2024-10-11T04:34:58.594+0800][debug][gc,ergo,cset] GC(146) Finish adding old regions to collection set (Maximum number of regions). Initial 7 regions, optional 0 regions
[2024-10-11T04:34:58.594+0800][debug][gc,ergo,cset] GC(146) Finish choosing collection set old regions. Initial: 7, optional: 0, predicted old time: 0.00ms, predicted optional time: 0.00ms, time remaining: 47.54
[2024-10-11T04:34:58.699+0800][debug][gc,ergo,cset] GC(147) Start adding old regions to collection set. Min 4 regions, max 7 regions, time remaining 48.93ms, optional threshold 9.79ms
[2024-10-11T04:34:58.699+0800][debug][gc,ergo,cset] GC(147) Old candidate collection set empty.
[2024-10-11T04:34:58.699+0800][debug][gc,ergo,cset] GC(147) Finish choosing collection set old regions. Initial: 1, optional: 0, predicted old time: 0.00ms, predicted optional time: 0.00ms, time remaining: 48.70
[2024-10-11T04:34:58.917+0800][debug][gc,ergo,cset] GC(150) Pruned 10 regions out of 43, leaving 6697648 bytes waste (allowed 6710886)
[2024-10-11T04:34:59.124+0800][debug][gc,ergo,cset] Preventive GC, insufficient free regions. Predicted need 5. Curr Eden 1 (Pred 2). Curr Survivor 1 (Pred 1). Curr Old 52 (Pred 2) Free 5 Alloc 1
[2024-10-11T04:34:59.124+0800][debug][gc,ergo,cset] GC(152) Start adding old regions to collection set. Min 5 regions, max 7 regions, time remaining 49.22ms, optional threshold 9.84ms
[2024-10-11T04:34:59.124+0800][debug][gc,ergo,cset] GC(152) Finish adding old regions to collection set (Maximum number of regions). Initial 7 regions, optional 0 regions
[2024-10-11T04:34:59.124+0800][debug][gc,ergo,cset] GC(152) Finish choosing collection set old regions. Initial: 7, optional: 0, predicted old time: 0.00ms, predicted optional time: 0.00ms, time remaining: 48.39
[2024-10-11T04:34:59.228+0800][debug][gc,ergo,cset] Preventive GC, insufficient free regions. Predicted need 7. Curr Eden 2 (Pred 3). Curr Survivor 1 (Pred 1). Curr Old 49 (Pred 3) Free 7 Alloc 1
[2024-10-11T04:34:59.228+0800][debug][gc,ergo,cset] GC(153) Start adding old regions to collection set. Min 5 regions, max 7 regions, time remaining 48.94ms, optional threshold 9.79ms
[2024-10-11T04:34:59.228+0800][debug][gc,ergo,cset] GC(153) Finish adding old regions to collection set (Maximum number of regions). Initial 7 regions, optional 0 regions
[2024-10-11T04:34:59.228+0800][debug][gc,ergo,cset] GC(153) Finish choosing collection set old regions. Initial: 7, optional: 0, predicted old time: 0.00ms, predicted optional time: 0.00ms, time remaining: 47.78
[2024-10-11T04:34:59.333+0800][debug][gc,ergo,cset] Preventive GC, insufficient free regions. Predicted need 8. Curr Eden 2 (Pred 3). Curr Survivor 1 (Pred 1). Curr Old 48 (Pred 4) Free 8 Alloc 1
[2024-10-11T04:34:59.333+0800][debug][gc,ergo,cset] GC(154) Start adding old regions to collection set. Min 5 regions, max 7 regions, time remaining 48.94ms, optional threshold 9.79ms
[2024-10-11T04:34:59.333+0800][debug][gc,ergo,cset] GC(154) Finish adding old regions to collection set (Maximum number of regions). Initial 7 regions, optional 0 regions
[2024-10-11T04:34:59.333+0800][debug][gc,ergo,cset] GC(154) Finish choosing collection set old regions. Initial: 7, optional: 0, predicted old time: 0.00ms, predicted optional time: 0.00ms, time remaining: 47.58
[2024-10-11T04:34:59.437+0800][debug][gc,ergo,cset] GC(155) Start adding old regions to collection set. Min 5 regions, max 7 regions, time remaining 48.96ms, optional threshold 9.79ms
[2024-10-11T04:34:59.437+0800][debug][gc,ergo,cset] GC(155) Finish adding old regions to collection set (Maximum number of regions). Initial 7 regions, optional 0 regions
[2024-10-11T04:34:59.437+0800][debug][gc,ergo,cset] GC(155) Finish choosing collection set old regions. Initial: 7, optional: 0, predicted old time: 0.00ms, predicted optional time: 0.00ms, time remaining: 47.59
[2024-10-11T04:34:59.542+0800][debug][gc,ergo,cset] GC(156) Start adding old regions to collection set. Min 5 regions, max 7 regions, time remaining 48.96ms, optional threshold 9.79ms
[2024-10-11T04:34:59.542+0800][debug][gc,ergo,cset] GC(156) Old candidate collection set empty.
[2024-10-11T04:34:59.542+0800][debug][gc,ergo,cset] GC(156) Finish choosing collection set old regions. Initial: 5, optional: 0, predicted old time: 0.00ms, predicted optional time: 0.00ms, time remaining: 47.88
[2024-10-11T04:34:59.760+0800][debug][gc,ergo,cset] GC(159) Pruned 10 regions out of 39, leaving 6618688 bytes waste (allowed 6710886)
[2024-10-11T04:34:59.968+0800][debug][gc,ergo,cset] Preventive GC, insufficient free regions. Predicted need 4. Curr Eden 1 (Pred 2). Curr Survivor 1 (Pred 1). Curr Old 53 (Pred 1) Free 4 Alloc 1
[2024-10-11T04:34:59.968+0800][debug][gc,ergo,cset] GC(161) Start adding old regions to collection set. Min 4 regions, max 7 regions, time remaining 49.23ms, optional threshold 9.85ms
[2024-10-11T04:34:59.968+0800][debug][gc,ergo,cset] GC(161) Finish adding old regions to collection set (Maximum number of regions). Initial 7 regions, optional 0 regions
[2024-10-11T04:34:59.968+0800][debug][gc,ergo,cset] GC(161) Finish choosing collection set old regions. Initial: 7, optional: 0, predicted old time: 0.00ms, predicted optional time: 0.00ms, time remaining: 48.69
[2024-10-11T04:35:00.072+0800][debug][gc,ergo,cset] GC(162) Start adding old regions to collection set. Min 4 regions, max 7 regions, time remaining 49.00ms, optional threshold 9.80ms
[2024-10-11T04:35:00.072+0800][debug][gc,ergo,cset] GC(162) Finish adding old regions to collection set (Maximum number of regions). Initial 7 regions, optional 0 regions
[2024-10-11T04:35:00.072+0800][debug][gc,ergo,cset] GC(162) Finish choosing collection set old regions. Initial: 7, optional: 0, predicted old time: 0.00ms, predicted optional time: 0.00ms, time remaining: 47.98
[2024-10-11T04:35:00.176+0800][debug][gc,ergo,cset] GC(163) Start adding old regions to collection set. Min 4 regions, max 7 regions, time remaining 48.94ms, optional threshold 9.79ms
[2024-10-11T04:35:00.177+0800][debug][gc,ergo,cset] GC(163) Finish adding old regions to collection set (Maximum number of regions). Initial 7 regions, optional 0 regions
[2024-10-11T04:35:00.177+0800][debug][gc,ergo,cset] GC(163) Finish choosing collection set old regions. Initial: 7, optional: 0, predicted old time: 0.00ms, predicted optional time: 0.00ms, time remaining: 47.61
[2024-10-11T04:35:00.282+0800][debug][gc,ergo,cset] GC(164) Start adding old regions to collection set. Min 4 regions, max 7 regions, time remaining 48.87ms, optional threshold 9.77ms
[2024-10-11T04:35:00.282+0800][debug][gc,ergo,cset] GC(164) Finish adding old regions to collection set (Maximum number of regions). Initial 7 regions, optional 0 regions
[2024-10-11T04:35:00.282+0800][debug][gc,ergo,cset] GC(164) Finish choosing collection set old regions. Initial: 7, optional: 0, predicted old time: 0.00ms, predicted optional time: 0.00ms, time remaining: 47.32
[2024-10-11T04:35:00.387+0800][debug][gc,ergo,cset] GC(165) Start adding old regions to collection set. Min 4 regions, max 7 regions, time remaining 48.88ms, optional threshold 9.78ms
[2024-10-11T04:35:00.387+0800][debug][gc,ergo,cset] GC(165) Old candidate collection set empty.
[2024-10-11T04:35:00.387+0800][debug][gc,ergo,cset] GC(165) Finish choosing collection set old regions. Initial: 1, optional: 0, predicted old time: 0.00ms, predicted optional time: 0.00ms, time remaining: 48.60
[2024-10-11T04:35:00.604+0800][debug][gc,ergo,cset] GC(168) Pruned 8 regions out of 39, leaving 6365808 bytes waste (allowed 6710886)
[2024-10-11T04:35:00.749+0800][debug][gc,ergo,cset] Preventive GC, insufficient free regions. Predicted need 4. Curr Eden 2 (Pred 3). Curr Survivor 1 (Pred 1). Curr Old 52 (Pred 0) Free 3 Alloc 1
[2024-10-11T04:35:00.812+0800][debug][gc,ergo,cset] Preventive GC, insufficient free regions. Predicted need 4. Curr Eden 1 (Pred 2). Curr Survivor 1 (Pred 1). Curr Old 54 (Pred 1) Free 3 Alloc 1
[2024-10-11T04:35:00.812+0800][debug][gc,ergo,cset] GC(170) Start adding old regions to collection set. Min 4 regions, max 7 regions, time remaining 49.22ms, optional threshold 9.84ms
[2024-10-11T04:35:00.812+0800][debug][gc,ergo,cset] GC(170) Finish adding old regions to collection set (Maximum number of regions). Initial 7 regions, optional 0 regions
[2024-10-11T04:35:00.812+0800][debug][gc,ergo,cset] GC(170) Finish choosing collection set old regions. Initial: 7, optional: 0, predicted old time: 0.00ms, predicted optional time: 0.00ms, time remaining: 48.49
[2024-10-11T04:35:00.854+0800][debug][gc,ergo,cset] Preventive GC, insufficient free regions. Predicted need 5. Curr Eden 1 (Pred 2). Curr Survivor 1 (Pred 1). Curr Old 53 (Pred 2) Free 4 Alloc 1
[2024-10-11T04:35:00.855+0800][debug][gc,ergo,cset] GC(171) Start adding old regions to collection set. Min 4 regions, max 7 regions, time remaining 49.20ms, optional threshold 9.84ms
[2024-10-11T04:35:00.855+0800][debug][gc,ergo,cset] GC(171) Finish adding old regions to collection set (Maximum number of regions). Initial 7 regions, optional 0 regions
[2024-10-11T04:35:00.855+0800][debug][gc,ergo,cset] GC(171) Finish choosing collection set old regions. Initial: 7, optional: 0, predicted old time: 0.00ms, predicted optional time: 0.00ms, time remaining: 48.18
[2024-10-11T04:35:00.919+0800][debug][gc,ergo,cset] Preventive GC, insufficient free regions. Predicted need 6. Curr Eden 1 (Pred 2). Curr Survivor 1 (Pred 1). Curr Old 55 (Pred 3) Free 2 Alloc 1
[2024-10-11T04:35:00.919+0800][debug][gc,ergo,cset] GC(172) Start adding old regions to collection set. Min 4 regions, max 7 regions, time remaining 49.18ms, optional threshold 9.84ms
[2024-10-11T04:35:00.919+0800][debug][gc,ergo,cset] GC(172) Finish adding old regions to collection set (Maximum number of regions). Initial 7 regions, optional 0 regions
[2024-10-11T04:35:00.919+0800][debug][gc,ergo,cset] GC(172) Finish choosing collection set old regions. Initial: 7, optional: 0, predicted old time: 0.00ms, predicted optional time: 0.00ms, time remaining: 47.93
[2024-10-11T04:35:00.962+0800][debug][gc,ergo,cset] GC(173) Start adding old regions to collection set. Min 4 regions, max 7 regions, time remaining 49.18ms, optional threshold 9.84ms
[2024-10-11T04:35:00.962+0800][debug][gc,ergo,cset] GC(173) Finish adding old regions to collection set (Maximum number of regions). Initial 7 regions, optional 0 regions
[2024-10-11T04:35:00.962+0800][debug][gc,ergo,cset] GC(173) Finish choosing collection set old regions. Initial: 7, optional: 0, predicted old time: 0.00ms, predicted optional time: 0.00ms, time remaining: 47.78
[2024-10-11T04:35:01.631+0800][debug][gc,ergo,cset] GC(180) Pruned 12 regions out of 43, leaving 6325856 bytes waste (allowed 6710886)
[2024-10-11T04:35:01.878+0800][debug][gc,ergo,cset] Preventive GC, insufficient free regions. Predicted need 5. Curr Eden 2 (Pred 3). Curr Survivor 1 (Pred 1). Curr Old 51 (Pred 1) Free 5 Alloc 1
[2024-10-11T04:35:01.879+0800][debug][gc,ergo,cset] GC(182) Start adding old regions to collection set. Min 4 regions, max 7 regions, time remaining 49.07ms, optional threshold 9.81ms
[2024-10-11T04:35:01.879+0800][debug][gc,ergo,cset] GC(182) Finish adding old regions to collection set (Maximum number of regions). Initial 7 regions, optional 0 regions
[2024-10-11T04:35:01.879+0800][debug][gc,ergo,cset] GC(182) Finish choosing collection set old regions. Initial: 7, optional: 0, predicted old time: 0.00ms, predicted optional time: 0.00ms, time remaining: 48.33
[2024-10-11T04:35:01.983+0800][debug][gc,ergo,cset] GC(183) Start adding old regions to collection set. Min 4 regions, max 7 regions, time remaining 49.03ms, optional threshold 9.81ms
[2024-10-11T04:35:01.983+0800][debug][gc,ergo,cset] GC(183) Finish adding old regions to collection set (Maximum number of regions). Initial 7 regions, optional 0 regions
[2024-10-11T04:35:01.983+0800][debug][gc,ergo,cset] GC(183) Finish choosing collection set old regions. Initial: 7, optional: 0, predicted old time: 0.00ms, predicted optional time: 0.00ms, time remaining: 48.00
[2024-10-11T04:35:02.087+0800][debug][gc,ergo,cset] GC(184) Start adding old regions to collection set. Min 4 regions, max 7 regions, time remaining 48.98ms, optional threshold 9.80ms
[2024-10-11T04:35:02.087+0800][debug][gc,ergo,cset] GC(184) Finish adding old regions to collection set (Maximum number of regions). Initial 7 regions, optional 0 regions
[2024-10-11T04:35:02.087+0800][debug][gc,ergo,cset] GC(184) Finish choosing collection set old regions. Initial: 7, optional: 0, predicted old time: 0.00ms, predicted optional time: 0.00ms, time remaining: 47.69
[2024-10-11T04:35:02.192+0800][debug][gc,ergo,cset] GC(185) Start adding old regions to collection set. Min 4 regions, max 7 regions, time remaining 48.96ms, optional threshold 9.79ms
[2024-10-11T04:35:02.192+0800][debug][gc,ergo,cset] GC(185) Finish adding old regions to collection set (Maximum number of regions). Initial 7 regions, optional 0 regions
[2024-10-11T04:35:02.192+0800][debug][gc,ergo,cset] GC(185) Finish choosing collection set old regions. Initial: 7, optional: 0, predicted old time: 0.00ms, predicted optional time: 0.00ms, time remaining: 47.45
[2024-10-11T04:35:02.297+0800][debug][gc,ergo,cset] GC(186) Start adding old regions to collection set. Min 4 regions, max 7 regions, time remaining 48.95ms, optional threshold 9.79ms
[2024-10-11T04:35:02.297+0800][debug][gc,ergo,cset] GC(186) Old candidate collection set empty.
[2024-10-11T04:35:02.297+0800][debug][gc,ergo,cset] GC(186) Finish choosing collection set old regions. Initial: 3, optional: 0, predicted old time: 0.00ms, predicted optional time: 0.00ms, time remaining: 48.30
[2024-10-11T04:35:02.619+0800][debug][gc,ergo,cset] GC(190) Pruned 10 regions out of 43, leaving 6442808 bytes waste (allowed 6710886)
[2024-10-11T04:35:02.763+0800][debug][gc,ergo,cset] Preventive GC, insufficient free regions. Predicted need 4. Curr Eden 2 (Pred 3). Curr Survivor 1 (Pred 1). Curr Old 52 (Pred 0) Free 4 Alloc 1
[2024-10-11T04:35:02.825+0800][debug][gc,ergo,cset] Preventive GC, insufficient free regions. Predicted need 5. Curr Eden 1 (Pred 2). Curr Survivor 1 (Pred 1). Curr Old 54 (Pred 2) Free 3 Alloc 1
[2024-10-11T04:35:02.826+0800][debug][gc,ergo,cset] GC(192) Start adding old regions to collection set. Min 5 regions, max 7 regions, time remaining 49.23ms, optional threshold 9.85ms
[2024-10-11T04:35:02.826+0800][debug][gc,ergo,cset] GC(192) Finish adding old regions to collection set (Maximum number of regions). Initial 7 regions, optional 0 regions
[2024-10-11T04:35:02.826+0800][debug][gc,ergo,cset] GC(192) Finish choosing collection set old regions. Initial: 7, optional: 0, predicted old time: 0.00ms, predicted optional time: 0.00ms, time remaining: 48.53
[2024-10-11T04:35:02.848+0800][debug][gc,ergo,cset] Preventive GC, insufficient free regions. Predicted need 6. Curr Eden 1 (Pred 2). Curr Survivor 1 (Pred 1). Curr Old 56 (Pred 3) Free 1 Alloc 1
[2024-10-11T04:35:02.848+0800][debug][gc,ergo,cset] GC(193) Start adding old regions to collection set. Min 5 regions, max 7 regions, time remaining 49.14ms, optional threshold 9.83ms
[2024-10-11T04:35:02.848+0800][debug][gc,ergo,cset] GC(193) Finish adding old regions to collection set (Maximum number of regions). Initial 7 regions, optional 0 regions
[2024-10-11T04:35:02.848+0800][debug][gc,ergo,cset] GC(193) Finish choosing collection set old regions. Initial: 7, optional: 0, predicted old time: 0.00ms, predicted optional time: 0.00ms, time remaining: 48.14
[2024-10-11T04:35:02.850+0800][debug][gc,ergo,cset] GC(194) Start adding old regions to collection set. Min 5 regions, max 7 regions, time remaining 49.38ms, optional threshold 9.88ms
[2024-10-11T04:35:02.850+0800][debug][gc,ergo,cset] GC(194) Finish adding old regions to collection set (Maximum number of regions). Initial 7 regions, optional 0 regions
[2024-10-11T04:35:02.850+0800][debug][gc,ergo,cset] GC(194) Finish choosing collection set old regions. Initial: 7, optional: 0, predicted old time: 0.00ms, predicted optional time: 0.00ms, time remaining: 48.14
[2024-10-11T04:35:02.914+0800][debug][gc,ergo,cset] GC(195) Start adding old regions to collection set. Min 5 regions, max 7 regions, time remaining 48.92ms, optional threshold 9.78ms
[2024-10-11T04:35:02.914+0800][debug][gc,ergo,cset] GC(195) Finish adding old regions to collection set (Maximum number of regions). Initial 7 regions, optional 0 regions
[2024-10-11T04:35:02.914+0800][debug][gc,ergo,cset] GC(195) Finish choosing collection set old regions. Initial: 7, optional: 0, predicted old time: 0.00ms, predicted optional time: 0.00ms, time remaining: 47.64
[2024-10-11T04:35:03.644+0800][debug][gc,ergo,cset] GC(202) Pruned 12 regions out of 38, leaving 6611640 bytes waste (allowed 6710886)
[2024-10-11T04:35:03.891+0800][debug][gc,ergo,cset] Preventive GC, insufficient free regions. Predicted need 6. Curr Eden 2 (Pred 3). Curr Survivor 1 (Pred 1). Curr Old 51 (Pred 2) Free 5 Alloc 1
[2024-10-11T04:35:03.892+0800][debug][gc,ergo,cset] GC(204) Start adding old regions to collection set. Min 4 regions, max 7 regions, time remaining 49.07ms, optional threshold 9.81ms
[2024-10-11T04:35:03.892+0800][debug][gc,ergo,cset] GC(204) Finish adding old regions to collection set (Maximum number of regions). Initial 7 regions, optional 0 regions
[2024-10-11T04:35:03.892+0800][debug][gc,ergo,cset] GC(204) Finish choosing collection set old regions. Initial: 7, optional: 0, predicted old time: 0.00ms, predicted optional time: 0.00ms, time remaining: 48.39
[2024-10-11T04:35:03.996+0800][debug][gc,ergo,cset] GC(205) Start adding old regions to collection set. Min 4 regions, max 7 regions, time remaining 49.01ms, optional threshold 9.80ms
[2024-10-11T04:35:03.996+0800][debug][gc,ergo,cset] GC(205) Finish adding old regions to collection set (Maximum number of regions). Initial 7 regions, optional 0 regions
[2024-10-11T04:35:03.996+0800][debug][gc,ergo,cset] GC(205) Finish choosing collection set old regions. Initial: 7, optional: 0, predicted old time: 0.00ms, predicted optional time: 0.00ms, time remaining: 47.99
[2024-10-11T04:35:04.100+0800][debug][gc,ergo,cset] GC(206) Start adding old regions to collection set. Min 4 regions, max 7 regions, time remaining 48.95ms, optional threshold 9.79ms
[2024-10-11T04:35:04.100+0800][debug][gc,ergo,cset] GC(206) Finish adding old regions to collection set (Maximum number of regions). Initial 7 regions, optional 0 regions
[2024-10-11T04:35:04.100+0800][debug][gc,ergo,cset] GC(206) Finish choosing collection set old regions. Initial: 7, optional: 0, predicted old time: 0.00ms, predicted optional time: 0.00ms, time remaining: 47.67
[2024-10-11T04:35:04.205+0800][debug][gc,ergo,cset] GC(207) Start adding old regions to collection set. Min 4 regions, max 7 regions, time remaining 48.95ms, optional threshold 9.79ms
[2024-10-11T04:35:04.205+0800][debug][gc,ergo,cset] GC(207) Old candidate collection set empty.
[2024-10-11T04:35:04.205+0800][debug][gc,ergo,cset] GC(207) Finish choosing collection set old regions. Initial: 5, optional: 0, predicted old time: 0.00ms, predicted optional time: 0.00ms, time remaining: 47.96
[2024-10-11T04:35:04.526+0800][debug][gc,ergo,cset] GC(211) Pruned 10 regions out of 39, leaving 6514936 bytes waste (allowed 6710886)
[2024-10-11T04:35:04.774+0800][debug][gc,ergo,cset] Preventive GC, insufficient free regions. Predicted need 5. Curr Eden 2 (Pred 3). Curr Survivor 1 (Pred 1). Curr Old 51 (Pred 1) Free 5 Alloc 1
[2024-10-11T04:35:04.774+0800][debug][gc,ergo,cset] GC(213) Start adding old regions to collection set. Min 4 regions, max 7 regions, time remaining 49.02ms, optional threshold 9.80ms
[2024-10-11T04:35:04.774+0800][debug][gc,ergo,cset] GC(213) Finish adding old regions to collection set (Maximum number of regions). Initial 7 regions, optional 0 regions
[2024-10-11T04:35:04.774+0800][debug][gc,ergo,cset] GC(213) Finish choosing collection set old regions. Initial: 7, optional: 0, predicted old time: 0.00ms, predicted optional time: 0.00ms, time remaining: 48.36
[2024-10-11T04:35:04.878+0800][debug][gc,ergo,cset] Preventive GC, insufficient free regions. Predicted need 7. Curr Eden 2 (Pred 3). Curr Survivor 1 (Pred 1). Curr Old 49 (Pred 3) Free 7 Alloc 1
[2024-10-11T04:35:04.878+0800][debug][gc,ergo,cset] GC(214) Start adding old regions to collection set. Min 4 regions, max 7 regions, time remaining 49.00ms, optional threshold 9.80ms
[2024-10-11T04:35:04.878+0800][debug][gc,ergo,cset] GC(214) Finish adding old regions to collection set (Maximum number of regions). Initial 7 regions, optional 0 regions
[2024-10-11T04:35:04.878+0800][debug][gc,ergo,cset] GC(214) Finish choosing collection set old regions. Initial: 7, optional: 0, predicted old time: 0.00ms, predicted optional time: 0.00ms, time remaining: 47.88
[2024-10-11T04:35:04.983+0800][debug][gc,ergo,cset] GC(215) Start adding old regions to collection set. Min 4 regions, max 7 regions, time remaining 48.96ms, optional threshold 9.79ms
[2024-10-11T04:35:04.983+0800][debug][gc,ergo,cset] GC(215) Finish adding old regions to collection set (Maximum number of regions). Initial 7 regions, optional 0 regions
[2024-10-11T04:35:04.983+0800][debug][gc,ergo,cset] GC(215) Finish choosing collection set old regions. Initial: 7, optional: 0, predicted old time: 0.00ms, predicted optional time: 0.00ms, time remaining: 47.58
[2024-10-11T04:35:05.089+0800][debug][gc,ergo,cset] GC(216) Start adding old regions to collection set. Min 4 regions, max 7 regions, time remaining 48.93ms, optional threshold 9.79ms
[2024-10-11T04:35:05.089+0800][debug][gc,ergo,cset] GC(216) Finish adding old regions to collection set (Maximum number of regions). Initial 7 regions, optional 0 regions
[2024-10-11T04:35:05.089+0800][debug][gc,ergo,cset] GC(216) Finish choosing collection set old regions. Initial: 7, optional: 0, predicted old time: 0.00ms, predicted optional time: 0.00ms, time remaining: 47.34
[2024-10-11T04:35:05.193+0800][debug][gc,ergo,cset] GC(217) Start adding old regions to collection set. Min 4 regions, max 7 regions, time remaining 48.95ms, optional threshold 9.79ms
[2024-10-11T04:35:05.193+0800][debug][gc,ergo,cset] GC(217) Old candidate collection set empty.
[2024-10-11T04:35:05.193+0800][debug][gc,ergo,cset] GC(217) Finish choosing collection set old regions. Initial: 1, optional: 0, predicted old time: 0.00ms, predicted optional time: 0.00ms, time remaining: 48.73
[2024-10-11T04:35:05.411+0800][debug][gc,ergo,cset] GC(220) Pruned 9 regions out of 39, leaving 6652968 bytes waste (allowed 6710886)
[2024-10-11T04:35:05.555+0800][debug][gc,ergo,cset] Preventive GC, insufficient free regions. Predicted need 4. Curr Eden 2 (Pred 3). Curr Survivor 1 (Pred 1). Curr Old 52 (Pred 0) Free 4 Alloc 1
[2024-10-11T04:35:05.618+0800][debug][gc,ergo,cset] Preventive GC, insufficient free regions. Predicted need 4. Curr Eden 1 (Pred 2). Curr Survivor 1 (Pred 1). Curr Old 54 (Pred 1) Free 3 Alloc 1
[2024-10-11T04:35:05.618+0800][debug][gc,ergo,cset] GC(222) Start adding old regions to collection set. Min 4 regions, max 7 regions, time remaining 49.22ms, optional threshold 9.84ms
[2024-10-11T04:35:05.618+0800][debug][gc,ergo,cset] GC(222) Finish adding old regions to collection set (Maximum number of regions). Initial 7 regions, optional 0 regions
[2024-10-11T04:35:05.618+0800][debug][gc,ergo,cset] GC(222) Finish choosing collection set old regions. Initial: 7, optional: 0, predicted old time: 0.00ms, predicted optional time: 0.00ms, time remaining: 48.41
[2024-10-11T04:35:05.722+0800][debug][gc,ergo,cset] GC(223) Start adding old regions to collection set. Min 4 regions, max 7 regions, time remaining 48.94ms, optional threshold 9.79ms
[2024-10-11T04:35:05.722+0800][debug][gc,ergo,cset] GC(223) Finish adding old regions to collection set (Maximum number of regions). Initial 7 regions, optional 0 regions
[2024-10-11T04:35:05.722+0800][debug][gc,ergo,cset] GC(223) Finish choosing collection set old regions. Initial: 7, optional: 0, predicted old time: 0.00ms, predicted optional time: 0.00ms, time remaining: 47.73
[2024-10-11T04:35:05.827+0800][debug][gc,ergo,cset] GC(224) Start adding old regions to collection set. Min 4 regions, max 7 regions, time remaining 48.90ms, optional threshold 9.78ms
[2024-10-11T04:35:05.827+0800][debug][gc,ergo,cset] GC(224) Finish adding old regions to collection set (Maximum number of regions). Initial 7 regions, optional 0 regions
[2024-10-11T04:35:05.827+0800][debug][gc,ergo,cset] GC(224) Finish choosing collection set old regions. Initial: 7, optional: 0, predicted old time: 0.00ms, predicted optional time: 0.00ms, time remaining: 47.58
[2024-10-11T04:35:05.931+0800][debug][gc,ergo,cset] GC(225) Start adding old regions to collection set. Min 4 regions, max 7 regions, time remaining 48.91ms, optional threshold 9.78ms
[2024-10-11T04:35:05.931+0800][debug][gc,ergo,cset] GC(225) Finish adding old regions to collection set (Maximum number of regions). Initial 7 regions, optional 0 regions
[2024-10-11T04:35:05.931+0800][debug][gc,ergo,cset] GC(225) Finish choosing collection set old regions. Initial: 7, optional: 0, predicted old time: 0.00ms, predicted optional time: 0.00ms, time remaining: 47.43
[2024-10-11T04:35:06.036+0800][debug][gc,ergo,cset] GC(226) Start adding old regions to collection set. Min 4 regions, max 7 regions, time remaining 48.93ms, optional threshold 9.79ms
[2024-10-11T04:35:06.036+0800][debug][gc,ergo,cset] GC(226) Old candidate collection set empty.
[2024-10-11T04:35:06.036+0800][debug][gc,ergo,cset] GC(226) Finish choosing collection set old regions. Initial: 2, optional: 0, predicted old time: 0.00ms, predicted optional time: 0.00ms, time remaining: 48.50
[2024-10-11T04:35:06.358+0800][debug][gc,ergo,cset] GC(230) Pruned 8 regions out of 42, leaving 6463008 bytes waste (allowed 6710886)
[2024-10-11T04:35:06.502+0800][debug][gc,ergo,cset] Preventive GC, insufficient free regions. Predicted need 4. Curr Eden 2 (Pred 3). Curr Survivor 1 (Pred 1). Curr Old 53 (Pred 0) Free 3 Alloc 1
[2024-10-11T04:35:06.566+0800][debug][gc,ergo,cset] Preventive GC, insufficient free regions. Predicted need 5. Curr Eden 1 (Pred 2). Curr Survivor 1 (Pred 1). Curr Old 55 (Pred 2) Free 2 Alloc 1
[2024-10-11T04:35:06.566+0800][debug][gc,ergo,cset] GC(232) Start adding old regions to collection set. Min 5 regions, max 7 regions, time remaining 49.13ms, optional threshold 9.83ms
[2024-10-11T04:35:06.566+0800][debug][gc,ergo,cset] GC(232) Finish adding old regions to collection set (Maximum number of regions). Initial 7 regions, optional 0 regions
[2024-10-11T04:35:06.566+0800][debug][gc,ergo,cset] GC(232) Finish choosing collection set old regions. Initial: 7, optional: 0, predicted old time: 0.00ms, predicted optional time: 0.00ms, time remaining: 48.40
[2024-10-11T04:35:06.608+0800][debug][gc,ergo,cset] Preventive GC, insufficient free regions. Predicted need 6. Curr Eden 1 (Pred 2). Curr Survivor 1 (Pred 1). Curr Old 56 (Pred 3) Free 1 Alloc 1
[2024-10-11T04:35:06.609+0800][debug][gc,ergo,cset] GC(233) Start adding old regions to collection set. Min 5 regions, max 7 regions, time remaining 49.00ms, optional threshold 9.80ms
[2024-10-11T04:35:06.609+0800][debug][gc,ergo,cset] GC(233) Finish adding old regions to collection set (Maximum number of regions). Initial 7 regions, optional 0 regions
[2024-10-11T04:35:06.609+0800][debug][gc,ergo,cset] GC(233) Finish choosing collection set old regions. Initial: 7, optional: 0, predicted old time: 0.00ms, predicted optional time: 0.00ms, time remaining: 48.02
[2024-10-11T04:35:06.672+0800][debug][gc,ergo,cset] GC(234) Start adding old regions to collection set. Min 5 regions, max 7 regions, time remaining 48.97ms, optional threshold 9.79ms
[2024-10-11T04:35:06.672+0800][debug][gc,ergo,cset] GC(234) Finish adding old regions to collection set (Maximum number of regions). Initial 7 regions, optional 0 regions
[2024-10-11T04:35:06.672+0800][debug][gc,ergo,cset] GC(234) Finish choosing collection set old regions. Initial: 7, optional: 0, predicted old time: 0.00ms, predicted optional time: 0.00ms, time remaining: 47.69
[2024-10-11T04:35:07.259+0800][debug][gc,ergo,cset] GC(241) Pruned 11 regions out of 35, leaving 5927704 bytes waste (allowed 6710886)
[2024-10-11T04:35:07.528+0800][debug][gc,ergo,cset] GC(243) Start adding old regions to collection set. Min 3 regions, max 7 regions, time remaining 48.97ms, optional threshold 9.79ms
[2024-10-11T04:35:07.528+0800][debug][gc,ergo,cset] GC(243) Finish adding old regions to collection set (Maximum number of regions). Initial 7 regions, optional 0 regions
[2024-10-11T04:35:07.528+0800][debug][gc,ergo,cset] GC(243) Finish choosing collection set old regions. Initial: 7, optional: 0, predicted old time: 0.00ms, predicted optional time: 0.00ms, time remaining: 48.21
[2024-10-11T04:35:07.632+0800][debug][gc,ergo,cset] GC(244) Start adding old regions to collection set. Min 3 regions, max 7 regions, time remaining 48.93ms, optional threshold 9.79ms
[2024-10-11T04:35:07.632+0800][debug][gc,ergo,cset] GC(244) Finish adding old regions to collection set (Maximum number of regions). Initial 7 regions, optional 0 regions
[2024-10-11T04:35:07.632+0800][debug][gc,ergo,cset] GC(244) Finish choosing collection set old regions. Initial: 7, optional: 0, predicted old time: 0.00ms, predicted optional time: 0.00ms, time remaining: 47.66
[2024-10-11T04:35:07.737+0800][debug][gc,ergo,cset] GC(245) Start adding old regions to collection set. Min 3 regions, max 7 regions, time remaining 48.88ms, optional threshold 9.78ms
[2024-10-11T04:35:07.737+0800][debug][gc,ergo,cset] GC(245) Finish adding old regions to collection set (Maximum number of regions). Initial 7 regions, optional 0 regions
[2024-10-11T04:35:07.737+0800][debug][gc,ergo,cset] GC(245) Finish choosing collection set old regions. Initial: 7, optional: 0, predicted old time: 0.00ms, predicted optional time: 0.00ms, time remaining: 47.52
[2024-10-11T04:35:07.841+0800][debug][gc,ergo,cset] GC(246) Start adding old regions to collection set. Min 3 regions, max 7 regions, time remaining 48.91ms, optional threshold 9.78ms
[2024-10-11T04:35:07.841+0800][debug][gc,ergo,cset] GC(246) Old candidate collection set empty.
[2024-10-11T04:35:07.841+0800][debug][gc,ergo,cset] GC(246) Finish choosing collection set old regions. Initial: 3, optional: 0, predicted old time: 0.00ms, predicted optional time: 0.00ms, time remaining: 48.20
[2024-10-11T04:35:08.163+0800][debug][gc,ergo,cset] GC(250) Pruned 11 regions out of 43, leaving 5656104 bytes waste (allowed 6710886)
[2024-10-11T04:35:08.307+0800][debug][gc,ergo,cset] Preventive GC, insufficient free regions. Predicted need 4. Curr Eden 2 (Pred 3). Curr Survivor 1 (Pred 1). Curr Old 52 (Pred 0) Free 4 Alloc 1
[2024-10-11T04:35:08.369+0800][debug][gc,ergo,cset] Preventive GC, insufficient free regions. Predicted need 5. Curr Eden 1 (Pred 2). Curr Survivor 1 (Pred 1). Curr Old 54 (Pred 2) Free 3 Alloc 1
[2024-10-11T04:35:08.370+0800][debug][gc,ergo,cset] GC(252) Start adding old regions to collection set. Min 4 regions, max 7 regions, time remaining 49.25ms, optional threshold 9.85ms
[2024-10-11T04:35:08.370+0800][debug][gc,ergo,cset] GC(252) Finish adding old regions to collection set (Maximum number of regions). Initial 7 regions, optional 0 regions
[2024-10-11T04:35:08.370+0800][debug][gc,ergo,cset] GC(252) Finish choosing collection set old regions. Initial: 7, optional: 0, predicted old time: 0.00ms, predicted optional time: 0.00ms, time remaining: 48.63
[2024-10-11T04:35:08.412+0800][debug][gc,ergo,cset] Preventive GC, insufficient free regions. Predicted need 5. Curr Eden 1 (Pred 2). Curr Survivor 1 (Pred 1). Curr Old 53 (Pred 2) Free 4 Alloc 1
[2024-10-11T04:35:08.413+0800][debug][gc,ergo,cset] GC(253) Start adding old regions to collection set. Min 4 regions, max 7 regions, time remaining 49.21ms, optional threshold 9.84ms
[2024-10-11T04:35:08.413+0800][debug][gc,ergo,cset] GC(253) Finish adding old regions to collection set (Maximum number of regions). Initial 7 regions, optional 0 regions
[2024-10-11T04:35:08.413+0800][debug][gc,ergo,cset] GC(253) Finish choosing collection set old regions. Initial: 7, optional: 0, predicted old time: 0.00ms, predicted optional time: 0.00ms, time remaining: 48.22
[2024-10-11T04:35:08.476+0800][debug][gc,ergo,cset] Preventive GC, insufficient free regions. Predicted need 6. Curr Eden 1 (Pred 2). Curr Survivor 1 (Pred 1). Curr Old 55 (Pred 3) Free 2 Alloc 1
[2024-10-11T04:35:08.476+0800][debug][gc,ergo,cset] GC(254) Start adding old regions to collection set. Min 4 regions, max 7 regions, time remaining 49.16ms, optional threshold 9.83ms
[2024-10-11T04:35:08.476+0800][debug][gc,ergo,cset] GC(254) Finish adding old regions to collection set (Maximum number of regions). Initial 7 regions, optional 0 regions
[2024-10-11T04:35:08.476+0800][debug][gc,ergo,cset] GC(254) Finish choosing collection set old regions. Initial: 7, optional: 0, predicted old time: 0.00ms, predicted optional time: 0.00ms, time remaining: 48.03
[2024-10-11T04:35:08.519+0800][debug][gc,ergo,cset] GC(255) Start adding old regions to collection set. Min 4 regions, max 7 regions, time remaining 49.09ms, optional threshold 9.82ms
[2024-10-11T04:35:08.519+0800][debug][gc,ergo,cset] GC(255) Finish adding old regions to collection set (Maximum number of regions). Initial 7 regions, optional 0 regions
[2024-10-11T04:35:08.519+0800][debug][gc,ergo,cset] GC(255) Finish choosing collection set old regions. Initial: 7, optional: 0, predicted old time: 0.00ms, predicted optional time: 0.00ms, time remaining: 47.87
[2024-10-11T04:35:09.188+0800][debug][gc,ergo,cset] GC(262) Pruned 10 regions out of 35, leaving 6501272 bytes waste (allowed 6710886)
[2024-10-11T04:35:09.435+0800][debug][gc,ergo,cset] Preventive GC, insufficient free regions. Predicted need 6. Curr Eden 2 (Pred 3). Curr Survivor 1 (Pred 1). Curr Old 50 (Pred 2) Free 6 Alloc 1
[2024-10-11T04:35:09.435+0800][debug][gc,ergo,cset] GC(264) Start adding old regions to collection set. Min 4 regions, max 7 regions, time remaining 49.05ms, optional threshold 9.81ms
[2024-10-11T04:35:09.435+0800][debug][gc,ergo,cset] GC(264) Finish adding old regions to collection set (Maximum number of regions). Initial 7 regions, optional 0 regions
[2024-10-11T04:35:09.435+0800][debug][gc,ergo,cset] GC(264) Finish choosing collection set old regions. Initial: 7, optional: 0, predicted old time: 0.00ms, predicted optional time: 0.00ms, time remaining: 48.34
[2024-10-11T04:35:09.540+0800][debug][gc,ergo,cset] Preventive GC, insufficient free regions. Predicted need 7. Curr Eden 2 (Pred 3). Curr Survivor 1 (Pred 1). Curr Old 48 (Pred 3) Free 7 Alloc 1
[2024-10-11T04:35:09.540+0800][debug][gc,ergo,cset] GC(265) Start adding old regions to collection set. Min 4 regions, max 7 regions, time remaining 48.99ms, optional threshold 9.80ms
[2024-10-11T04:35:09.540+0800][debug][gc,ergo,cset] GC(265) Finish adding old regions to collection set (Maximum number of regions). Initial 7 regions, optional 0 regions
[2024-10-11T04:35:09.540+0800][debug][gc,ergo,cset] GC(265) Finish choosing collection set old regions. Initial: 7, optional: 0, predicted old time: 0.00ms, predicted optional time: 0.00ms, time remaining: 47.92
[2024-10-11T04:35:09.645+0800][debug][gc,ergo,cset] GC(266) Start adding old regions to collection set. Min 4 regions, max 7 regions, time remaining 48.95ms, optional threshold 9.79ms
[2024-10-11T04:35:09.645+0800][debug][gc,ergo,cset] GC(266) Finish adding old regions to collection set (Maximum number of regions). Initial 7 regions, optional 0 regions
[2024-10-11T04:35:09.645+0800][debug][gc,ergo,cset] GC(266) Finish choosing collection set old regions. Initial: 7, optional: 0, predicted old time: 0.00ms, predicted optional time: 0.00ms, time remaining: 47.70
[2024-10-11T04:35:09.750+0800][debug][gc,ergo,cset] GC(267) Start adding old regions to collection set. Min 4 regions, max 7 regions, time remaining 48.94ms, optional threshold 9.79ms
[2024-10-11T04:35:09.750+0800][debug][gc,ergo,cset] GC(267) Old candidate collection set empty.
[2024-10-11T04:35:09.750+0800][debug][gc,ergo,cset] GC(267) Finish choosing collection set old regions. Initial: 4, optional: 0, predicted old time: 0.00ms, predicted optional time: 0.00ms, time remaining: 48.05
[2024-10-11T04:35:10.071+0800][debug][gc,ergo,cset] GC(271) Pruned 9 regions out of 42, leaving 6388240 bytes waste (allowed 6710886)
[2024-10-11T04:35:10.215+0800][debug][gc,ergo,cset] Preventive GC, insufficient free regions. Predicted need 4. Curr Eden 2 (Pred 3). Curr Survivor 1 (Pred 1). Curr Old 52 (Pred 0) Free 4 Alloc 1
[2024-10-11T04:35:10.277+0800][debug][gc,ergo,cset] Preventive GC, insufficient free regions. Predicted need 5. Curr Eden 1 (Pred 2). Curr Survivor 1 (Pred 1). Curr Old 54 (Pred 2) Free 3 Alloc 1
[2024-10-11T04:35:10.278+0800][debug][gc,ergo,cset] GC(273) Start adding old regions to collection set. Min 5 regions, max 7 regions, time remaining 49.24ms, optional threshold 9.85ms
[2024-10-11T04:35:10.278+0800][debug][gc,ergo,cset] GC(273) Finish adding old regions to collection set (Maximum number of regions). Initial 7 regions, optional 0 regions
[2024-10-11T04:35:10.278+0800][debug][gc,ergo,cset] GC(273) Finish choosing collection set old regions. Initial: 7, optional: 0, predicted old time: 0.00ms, predicted optional time: 0.00ms, time remaining: 48.65
[2024-10-11T04:35:10.320+0800][debug][gc,ergo,cset] Preventive GC, insufficient free regions. Predicted need 6. Curr Eden 1 (Pred 2). Curr Survivor 1 (Pred 1). Curr Old 53 (Pred 3) Free 4 Alloc 1
[2024-10-11T04:35:10.320+0800][debug][gc,ergo,cset] GC(274) Start adding old regions to collection set. Min 5 regions, max 7 regions, time remaining 49.22ms, optional threshold 9.84ms
[2024-10-11T04:35:10.320+0800][debug][gc,ergo,cset] GC(274) Finish adding old regions to collection set (Maximum number of regions). Initial 7 regions, optional 0 regions
[2024-10-11T04:35:10.320+0800][debug][gc,ergo,cset] GC(274) Finish choosing collection set old regions. Initial: 7, optional: 0, predicted old time: 0.00ms, predicted optional time: 0.00ms, time remaining: 48.32
[2024-10-11T04:35:10.383+0800][debug][gc,ergo,cset] GC(275) Start adding old regions to collection set. Min 5 regions, max 7 regions, time remaining 49.17ms, optional threshold 9.83ms
[2024-10-11T04:35:10.383+0800][debug][gc,ergo,cset] GC(275) Finish adding old regions to collection set (Maximum number of regions). Initial 7 regions, optional 0 regions
[2024-10-11T04:35:10.383+0800][debug][gc,ergo,cset] GC(275) Finish choosing collection set old regions. Initial: 7, optional: 0, predicted old time: 0.00ms, predicted optional time: 0.00ms, time remaining: 48.03
[2024-10-11T04:35:10.990+0800][debug][gc,ergo,cset] GC(282) Pruned 9 regions out of 37, leaving 5500152 bytes waste (allowed 6710886)
[2024-10-11T04:35:11.238+0800][debug][gc,ergo,cset] Preventive GC, insufficient free regions. Predicted need 6. Curr Eden 2 (Pred 3). Curr Survivor 1 (Pred 1). Curr Old 51 (Pred 2) Free 5 Alloc 1
[2024-10-11T04:35:11.238+0800][debug][gc,ergo,cset] GC(284) Start adding old regions to collection set. Min 4 regions, max 7 regions, time remaining 49.08ms, optional threshold 9.82ms
[2024-10-11T04:35:11.238+0800][debug][gc,ergo,cset] GC(284) Finish adding old regions to collection set (Maximum number of regions). Initial 7 regions, optional 0 regions
[2024-10-11T04:35:11.238+0800][debug][gc,ergo,cset] GC(284) Finish choosing collection set old regions. Initial: 7, optional: 0, predicted old time: 0.00ms, predicted optional time: 0.00ms, time remaining: 48.47
[2024-10-11T04:35:11.342+0800][debug][gc,ergo,cset] GC(285) Start adding old regions to collection set. Min 4 regions, max 7 regions, time remaining 49.04ms, optional threshold 9.81ms
[2024-10-11T04:35:11.342+0800][debug][gc,ergo,cset] GC(285) Finish adding old regions to collection set (Maximum number of regions). Initial 7 regions, optional 0 regions
[2024-10-11T04:35:11.342+0800][debug][gc,ergo,cset] GC(285) Finish choosing collection set old regions. Initial: 7, optional: 0, predicted old time: 0.00ms, predicted optional time: 0.00ms, time remaining: 48.09
[2024-10-11T04:35:11.446+0800][debug][gc,ergo,cset] GC(286) Start adding old regions to collection set. Min 4 regions, max 7 regions, time remaining 48.99ms, optional threshold 9.80ms
[2024-10-11T04:35:11.446+0800][debug][gc,ergo,cset] GC(286) Finish adding old regions to collection set (Maximum number of regions). Initial 7 regions, optional 0 regions
[2024-10-11T04:35:11.447+0800][debug][gc,ergo,cset] GC(286) Finish choosing collection set old regions. Initial: 7, optional: 0, predicted old time: 0.00ms, predicted optional time: 0.00ms, time remaining: 47.80
[2024-10-11T04:35:11.551+0800][debug][gc,ergo,cset] GC(287) Start adding old regions to collection set. Min 4 regions, max 7 regions, time remaining 48.98ms, optional threshold 9.80ms
[2024-10-11T04:35:11.551+0800][debug][gc,ergo,cset] GC(287) Old candidate collection set empty.
[2024-10-11T04:35:11.551+0800][debug][gc,ergo,cset] GC(287) Finish choosing collection set old regions. Initial: 7, optional: 0, predicted old time: 0.00ms, predicted optional time: 0.00ms, time remaining: 47.47
[2024-10-11T04:35:11.709+0800][debug][gc,ergo,cset] GC(290) Pruned 9 regions out of 35, leaving 6271840 bytes waste (allowed 6710886)
[2024-10-11T04:35:11.977+0800][debug][gc,ergo,cset] Preventive GC, insufficient free regions. Predicted need 6. Curr Eden 2 (Pred 3). Curr Survivor 1 (Pred 2). Curr Old 50 (Pred 2) Free 6 Alloc 1
[2024-10-11T04:35:11.977+0800][debug][gc,ergo,cset] GC(292) Start adding old regions to collection set. Min 4 regions, max 7 regions, time remaining 49.01ms, optional threshold 9.80ms
[2024-10-11T04:35:11.977+0800][debug][gc,ergo,cset] GC(292) Finish adding old regions to collection set (Maximum number of regions). Initial 7 regions, optional 0 regions
[2024-10-11T04:35:11.977+0800][debug][gc,ergo,cset] GC(292) Finish choosing collection set old regions. Initial: 7, optional: 0, predicted old time: 0.00ms, predicted optional time: 0.00ms, time remaining: 48.18
[2024-10-11T04:35:12.082+0800][debug][gc,ergo,cset] GC(293) Start adding old regions to collection set. Min 4 regions, max 7 regions, time remaining 48.98ms, optional threshold 9.80ms
[2024-10-11T04:35:12.082+0800][debug][gc,ergo,cset] GC(293) Finish adding old regions to collection set (Maximum number of regions). Initial 7 regions, optional 0 regions
[2024-10-11T04:35:12.082+0800][debug][gc,ergo,cset] GC(293) Finish choosing collection set old regions. Initial: 7, optional: 0, predicted old time: 0.00ms, predicted optional time: 0.00ms, time remaining: 47.85
[2024-10-11T04:35:12.187+0800][debug][gc,ergo,cset] GC(294) Start adding old regions to collection set. Min 4 regions, max 7 regions, time remaining 48.98ms, optional threshold 9.80ms
[2024-10-11T04:35:12.187+0800][debug][gc,ergo,cset] GC(294) Finish adding old regions to collection set (Maximum number of regions). Initial 7 regions, optional 0 regions
[2024-10-11T04:35:12.187+0800][debug][gc,ergo,cset] GC(294) Finish choosing collection set old regions. Initial: 7, optional: 0, predicted old time: 0.00ms, predicted optional time: 0.00ms, time remaining: 47.76
[2024-10-11T04:35:12.291+0800][debug][gc,ergo,cset] GC(295) Start adding old regions to collection set. Min 4 regions, max 7 regions, time remaining 48.99ms, optional threshold 9.80ms
[2024-10-11T04:35:12.291+0800][debug][gc,ergo,cset] GC(295) Old candidate collection set empty.
[2024-10-11T04:35:12.291+0800][debug][gc,ergo,cset] GC(295) Finish choosing collection set old regions. Initial: 5, optional: 0, predicted old time: 0.00ms, predicted optional time: 0.00ms, time remaining: 48.08
[2024-10-11T04:35:12.613+0800][debug][gc,ergo,cset] GC(299) Pruned 8 regions out of 40, leaving 6620416 bytes waste (allowed 6710886)
[2024-10-11T04:35:12.819+0800][debug][gc,ergo,cset] Preventive GC, insufficient free regions. Predicted need 5. Curr Eden 1 (Pred 2). Curr Survivor 1 (Pred 1). Curr Old 53 (Pred 2) Free 4 Alloc 1
[2024-10-11T04:35:12.819+0800][debug][gc,ergo,cset] GC(301) Start adding old regions to collection set. Min 4 regions, max 7 regions, time remaining 49.25ms, optional threshold 9.85ms
[2024-10-11T04:35:12.819+0800][debug][gc,ergo,cset] GC(301) Finish adding old regions to collection set (Maximum number of regions). Initial 7 regions, optional 0 regions
[2024-10-11T04:35:12.819+0800][debug][gc,ergo,cset] GC(301) Finish choosing collection set old regions. Initial: 7, optional: 0, predicted old time: 0.00ms, predicted optional time: 0.00ms, time remaining: 48.55
[2024-10-11T04:35:12.862+0800][debug][gc,ergo,cset] Preventive GC, insufficient free regions. Predicted need 5. Curr Eden 1 (Pred 2). Curr Survivor 1 (Pred 1). Curr Old 52 (Pred 2) Free 5 Alloc 1
[2024-10-11T04:35:12.862+0800][debug][gc,ergo,cset] GC(302) Start adding old regions to collection set. Min 4 regions, max 7 regions, time remaining 49.24ms, optional threshold 9.85ms
[2024-10-11T04:35:12.862+0800][debug][gc,ergo,cset] GC(302) Finish adding old regions to collection set (Maximum number of regions). Initial 7 regions, optional 0 regions
[2024-10-11T04:35:12.862+0800][debug][gc,ergo,cset] GC(302) Finish choosing collection set old regions. Initial: 7, optional: 0, predicted old time: 0.00ms, predicted optional time: 0.00ms, time remaining: 48.31
[2024-10-11T04:35:12.925+0800][debug][gc,ergo,cset] Preventive GC, insufficient free regions. Predicted need 6. Curr Eden 1 (Pred 2). Curr Survivor 1 (Pred 1). Curr Old 53 (Pred 3) Free 4 Alloc 1
[2024-10-11T04:35:12.926+0800][debug][gc,ergo,cset] GC(303) Start adding old regions to collection set. Min 4 regions, max 7 regions, time remaining 49.21ms, optional threshold 9.84ms
[2024-10-11T04:35:12.926+0800][debug][gc,ergo,cset] GC(303) Finish adding old regions to collection set (Maximum number of regions). Initial 7 regions, optional 0 regions
[2024-10-11T04:35:12.926+0800][debug][gc,ergo,cset] GC(303) Finish choosing collection set old regions. Initial: 7, optional: 0, predicted old time: 0.00ms, predicted optional time: 0.00ms, time remaining: 48.00
[2024-10-11T04:35:12.969+0800][debug][gc,ergo,cset] Preventive GC, insufficient free regions. Predicted need 6. Curr Eden 1 (Pred 2). Curr Survivor 1 (Pred 1). Curr Old 56 (Pred 3) Free 1 Alloc 1
[2024-10-11T04:35:12.969+0800][debug][gc,ergo,cset] GC(304) Start adding old regions to collection set. Min 4 regions, max 7 regions, time remaining 49.17ms, optional threshold 9.83ms
[2024-10-11T04:35:12.969+0800][debug][gc,ergo,cset] GC(304) Finish adding old regions to collection set (Maximum number of regions). Initial 7 regions, optional 0 regions
[2024-10-11T04:35:12.969+0800][debug][gc,ergo,cset] GC(304) Finish choosing collection set old regions. Initial: 7, optional: 0, predicted old time: 0.00ms, predicted optional time: 0.00ms, time remaining: 48.01
[2024-10-11T04:35:13.032+0800][debug][gc,ergo,cset] GC(305) Start adding old regions to collection set. Min 4 regions, max 7 regions, time remaining 49.20ms, optional threshold 9.84ms
[2024-10-11T04:35:13.032+0800][debug][gc,ergo,cset] GC(305) Old candidate collection set empty.
[2024-10-11T04:35:13.032+0800][debug][gc,ergo,cset] GC(305) Finish choosing collection set old regions. Initial: 4, optional: 0, predicted old time: 0.00ms, predicted optional time: 0.00ms, time remaining: 48.38
[2024-10-11T04:35:13.682+0800][debug][gc,ergo,cset] GC(312) Pruned 11 regions out of 35, leaving 6411032 bytes waste (allowed 6710886)
[2024-10-11T04:35:13.928+0800][debug][gc,ergo,cset] Preventive GC, insufficient free regions. Predicted need 5. Curr Eden 2 (Pred 3). Curr Survivor 1 (Pred 1). Curr Old 51 (Pred 1) Free 5 Alloc 1
[2024-10-11T04:35:13.928+0800][debug][gc,ergo,cset] GC(314) Start adding old regions to collection set. Min 3 regions, max 7 regions, time remaining 49.09ms, optional threshold 9.82ms
[2024-10-11T04:35:13.928+0800][debug][gc,ergo,cset] GC(314) Finish adding old regions to collection set (Maximum number of regions). Initial 7 regions, optional 0 regions
[2024-10-11T04:35:13.928+0800][debug][gc,ergo,cset] GC(314) Finish choosing collection set old regions. Initial: 7, optional: 0, predicted old time: 0.00ms, predicted optional time: 0.00ms, time remaining: 48.57
[2024-10-11T04:35:14.033+0800][debug][gc,ergo,cset] GC(315) Start adding old regions to collection set. Min 3 regions, max 7 regions, time remaining 49.06ms, optional threshold 9.81ms
[2024-10-11T04:35:14.033+0800][debug][gc,ergo,cset] GC(315) Finish adding old regions to collection set (Maximum number of regions). Initial 7 regions, optional 0 regions
[2024-10-11T04:35:14.033+0800][debug][gc,ergo,cset] GC(315) Finish choosing collection set old regions. Initial: 7, optional: 0, predicted old time: 0.00ms, predicted optional time: 0.00ms, time remaining: 48.13
[2024-10-11T04:35:14.137+0800][debug][gc,ergo,cset] GC(316) Start adding old regions to collection set. Min 3 regions, max 7 regions, time remaining 48.98ms, optional threshold 9.80ms
[2024-10-11T04:35:14.137+0800][debug][gc,ergo,cset] GC(316) Finish adding old regions to collection set (Maximum number of regions). Initial 7 regions, optional 0 regions
[2024-10-11T04:35:14.137+0800][debug][gc,ergo,cset] GC(316) Finish choosing collection set old regions. Initial: 7, optional: 0, predicted old time: 0.00ms, predicted optional time: 0.00ms, time remaining: 47.69
[2024-10-11T04:35:14.242+0800][debug][gc,ergo,cset] GC(317) Start adding old regions to collection set. Min 3 regions, max 7 regions, time remaining 48.98ms, optional threshold 9.80ms
[2024-10-11T04:35:14.242+0800][debug][gc,ergo,cset] GC(317) Old candidate collection set empty.
[2024-10-11T04:35:14.242+0800][debug][gc,ergo,cset] GC(317) Finish choosing collection set old regions. Initial: 3, optional: 0, predicted old time: 0.00ms, predicted optional time: 0.00ms, time remaining: 48.34
[2024-10-11T04:35:14.563+0800][debug][gc,ergo,cset] GC(321) Pruned 10 regions out of 40, leaving 6082776 bytes waste (allowed 6710886)
[2024-10-11T04:35:14.770+0800][debug][gc,ergo,cset] Preventive GC, insufficient free regions. Predicted need 5. Curr Eden 1 (Pred 2). Curr Survivor 1 (Pred 1). Curr Old 53 (Pred 2) Free 4 Alloc 1
[2024-10-11T04:35:14.770+0800][debug][gc,ergo,cset] GC(323) Start adding old regions to collection set. Min 4 regions, max 7 regions, time remaining 49.25ms, optional threshold 9.85ms
[2024-10-11T04:35:14.770+0800][debug][gc,ergo,cset] GC(323) Finish adding old regions to collection set (Maximum number of regions). Initial 7 regions, optional 0 regions
[2024-10-11T04:35:14.770+0800][debug][gc,ergo,cset] GC(323) Finish choosing collection set old regions. Initial: 7, optional: 0, predicted old time: 0.00ms, predicted optional time: 0.00ms, time remaining: 48.63
[2024-10-11T04:35:14.812+0800][debug][gc,ergo,cset] Preventive GC, insufficient free regions. Predicted need 5. Curr Eden 1 (Pred 2). Curr Survivor 1 (Pred 1). Curr Old 52 (Pred 2) Free 5 Alloc 1
[2024-10-11T04:35:14.813+0800][debug][gc,ergo,cset] GC(324) Start adding old regions to collection set. Min 4 regions, max 7 regions, time remaining 49.23ms, optional threshold 9.85ms
[2024-10-11T04:35:14.813+0800][debug][gc,ergo,cset] GC(324) Finish adding old regions to collection set (Maximum number of regions). Initial 7 regions, optional 0 regions
[2024-10-11T04:35:14.813+0800][debug][gc,ergo,cset] GC(324) Finish choosing collection set old regions. Initial: 7, optional: 0, predicted old time: 0.00ms, predicted optional time: 0.00ms, time remaining: 48.34
[2024-10-11T04:35:14.876+0800][debug][gc,ergo,cset] Preventive GC, insufficient free regions. Predicted need 5. Curr Eden 1 (Pred 2). Curr Survivor 1 (Pred 1). Curr Old 53 (Pred 2) Free 4 Alloc 1
[2024-10-11T04:35:14.876+0800][debug][gc,ergo,cset] GC(325) Start adding old regions to collection set. Min 4 regions, max 7 regions, time remaining 49.22ms, optional threshold 9.84ms
[2024-10-11T04:35:14.876+0800][debug][gc,ergo,cset] GC(325) Finish adding old regions to collection set (Maximum number of regions). Initial 7 regions, optional 0 regions
[2024-10-11T04:35:14.876+0800][debug][gc,ergo,cset] GC(325) Finish choosing collection set old regions. Initial: 7, optional: 0, predicted old time: 0.00ms, predicted optional time: 0.00ms, time remaining: 48.05
[2024-10-11T04:35:14.919+0800][debug][gc,ergo,cset] Preventive GC, insufficient free regions. Predicted need 6. Curr Eden 1 (Pred 2). Curr Survivor 1 (Pred 1). Curr Old 56 (Pred 3) Free 1 Alloc 1
[2024-10-11T04:35:14.920+0800][debug][gc,ergo,cset] GC(326) Start adding old regions to collection set. Min 4 regions, max 7 regions, time remaining 49.19ms, optional threshold 9.84ms
[2024-10-11T04:35:14.920+0800][debug][gc,ergo,cset] GC(326) Finish adding old regions to collection set (Maximum number of regions). Initial 7 regions, optional 0 regions
[2024-10-11T04:35:14.920+0800][debug][gc,ergo,cset] GC(326) Finish choosing collection set old regions. Initial: 7, optional: 0, predicted old time: 0.00ms, predicted optional time: 0.00ms, time remaining: 47.91
[2024-10-11T04:35:14.983+0800][debug][gc,ergo,cset] GC(327) Start adding old regions to collection set. Min 4 regions, max 7 regions, time remaining 49.07ms, optional threshold 9.81ms
[2024-10-11T04:35:14.983+0800][debug][gc,ergo,cset] GC(327) Old candidate collection set empty.
[2024-10-11T04:35:14.983+0800][debug][gc,ergo,cset] GC(327) Finish choosing collection set old regions. Initial: 2, optional: 0, predicted old time: 0.00ms, predicted optional time: 0.00ms, time remaining: 48.56
[2024-10-11T04:35:15.632+0800][debug][gc,ergo,cset] GC(334) Pruned 10 regions out of 34, leaving 5929992 bytes waste (allowed 6710886)
[2024-10-11T04:35:15.880+0800][debug][gc,ergo,cset] Preventive GC, insufficient free regions. Predicted need 5. Curr Eden 2 (Pred 3). Curr Survivor 1 (Pred 1). Curr Old 51 (Pred 1) Free 5 Alloc 1
[2024-10-11T04:35:15.880+0800][debug][gc,ergo,cset] GC(336) Start adding old regions to collection set. Min 3 regions, max 7 regions, time remaining 49.08ms, optional threshold 9.82ms
[2024-10-11T04:35:15.880+0800][debug][gc,ergo,cset] GC(336) Finish adding old regions to collection set (Maximum number of regions). Initial 7 regions, optional 0 regions
[2024-10-11T04:35:15.880+0800][debug][gc,ergo,cset] GC(336) Finish choosing collection set old regions. Initial: 7, optional: 0, predicted old time: 0.00ms, predicted optional time: 0.00ms, time remaining: 48.33
[2024-10-11T04:35:15.985+0800][debug][gc,ergo,cset] GC(337) Start adding old regions to collection set. Min 3 regions, max 7 regions, time remaining 49.00ms, optional threshold 9.80ms
[2024-10-11T04:35:15.985+0800][debug][gc,ergo,cset] GC(337) Finish adding old regions to collection set (Maximum number of regions). Initial 7 regions, optional 0 regions
[2024-10-11T04:35:15.985+0800][debug][gc,ergo,cset] GC(337) Finish choosing collection set old regions. Initial: 7, optional: 0, predicted old time: 0.00ms, predicted optional time: 0.00ms, time remaining: 47.91
[2024-10-11T04:35:16.089+0800][debug][gc,ergo,cset] GC(338) Start adding old regions to collection set. Min 3 regions, max 7 regions, time remaining 48.95ms, optional threshold 9.79ms
[2024-10-11T04:35:16.089+0800][debug][gc,ergo,cset] GC(338) Finish adding old regions to collection set (Maximum number of regions). Initial 7 regions, optional 0 regions
[2024-10-11T04:35:16.089+0800][debug][gc,ergo,cset] GC(338) Finish choosing collection set old regions. Initial: 7, optional: 0, predicted old time: 0.00ms, predicted optional time: 0.00ms, time remaining: 47.68
[2024-10-11T04:35:16.194+0800][debug][gc,ergo,cset] GC(339) Start adding old regions to collection set. Min 3 regions, max 7 regions, time remaining 48.95ms, optional threshold 9.79ms
[2024-10-11T04:35:16.194+0800][debug][gc,ergo,cset] GC(339) Old candidate collection set empty.
[2024-10-11T04:35:16.194+0800][debug][gc,ergo,cset] GC(339) Finish choosing collection set old regions. Initial: 3, optional: 0, predicted old time: 0.00ms, predicted optional time: 0.00ms, time remaining: 48.29
[2024-10-11T04:35:16.515+0800][debug][gc,ergo,cset] GC(343) Pruned 9 regions out of 39, leaving 6011896 bytes waste (allowed 6710886)
[2024-10-11T04:35:16.722+0800][debug][gc,ergo,cset] Preventive GC, insufficient free regions. Predicted need 5. Curr Eden 1 (Pred 2). Curr Survivor 1 (Pred 1). Curr Old 53 (Pred 2) Free 4 Alloc 1
[2024-10-11T04:35:16.722+0800][debug][gc,ergo,cset] GC(345) Start adding old regions to collection set. Min 4 regions, max 7 regions, time remaining 49.24ms, optional threshold 9.85ms
[2024-10-11T04:35:16.722+0800][debug][gc,ergo,cset] GC(345) Finish adding old regions to collection set (Maximum number of regions). Initial 7 regions, optional 0 regions
[2024-10-11T04:35:16.722+0800][debug][gc,ergo,cset] GC(345) Finish choosing collection set old regions. Initial: 7, optional: 0, predicted old time: 0.00ms, predicted optional time: 0.00ms, time remaining: 48.56
[2024-10-11T04:35:16.826+0800][debug][gc,ergo,cset] Preventive GC, insufficient free regions. Predicted need 6. Curr Eden 2 (Pred 3). Curr Survivor 1 (Pred 1). Curr Old 50 (Pred 2) Free 6 Alloc 1
[2024-10-11T04:35:16.826+0800][debug][gc,ergo,cset] GC(346) Start adding old regions to collection set. Min 4 regions, max 7 regions, time remaining 49.03ms, optional threshold 9.81ms
[2024-10-11T04:35:16.826+0800][debug][gc,ergo,cset] GC(346) Finish adding old regions to collection set (Maximum number of regions). Initial 7 regions, optional 0 regions
[2024-10-11T04:35:16.826+0800][debug][gc,ergo,cset] GC(346) Finish choosing collection set old regions. Initial: 7, optional: 0, predicted old time: 0.00ms, predicted optional time: 0.00ms, time remaining: 48.08
[2024-10-11T04:35:16.931+0800][debug][gc,ergo,cset] GC(347) Start adding old regions to collection set. Min 4 regions, max 7 regions, time remaining 48.96ms, optional threshold 9.79ms
[2024-10-11T04:35:16.931+0800][debug][gc,ergo,cset] GC(347) Finish adding old regions to collection set (Maximum number of regions). Initial 7 regions, optional 0 regions
[2024-10-11T04:35:16.931+0800][debug][gc,ergo,cset] GC(347) Finish choosing collection set old regions. Initial: 7, optional: 0, predicted old time: 0.00ms, predicted optional time: 0.00ms, time remaining: 47.70
[2024-10-11T04:35:17.035+0800][debug][gc,ergo,cset] GC(348) Start adding old regions to collection set. Min 4 regions, max 7 regions, time remaining 48.94ms, optional threshold 9.79ms
[2024-10-11T04:35:17.035+0800][debug][gc,ergo,cset] GC(348) Finish adding old regions to collection set (Maximum number of regions). Initial 7 regions, optional 0 regions
[2024-10-11T04:35:17.035+0800][debug][gc,ergo,cset] GC(348) Finish choosing collection set old regions. Initial: 7, optional: 0, predicted old time: 0.00ms, predicted optional time: 0.00ms, time remaining: 47.63
[2024-10-11T04:35:17.140+0800][debug][gc,ergo,cset] GC(349) Start adding old regions to collection set. Min 4 regions, max 7 regions, time remaining 48.95ms, optional threshold 9.79ms
[2024-10-11T04:35:17.140+0800][debug][gc,ergo,cset] GC(349) Old candidate collection set empty.
[2024-10-11T04:35:17.140+0800][debug][gc,ergo,cset] GC(349) Finish choosing collection set old regions. Initial: 2, optional: 0, predicted old time: 0.00ms, predicted optional time: 0.00ms, time remaining: 48.53
[2024-10-11T04:35:17.358+0800][debug][gc,ergo,cset] GC(352) Pruned 10 regions out of 41, leaving 6626224 bytes waste (allowed 6710886)
[2024-10-11T04:35:17.565+0800][debug][gc,ergo,cset] Preventive GC, insufficient free regions. Predicted need 5. Curr Eden 1 (Pred 2). Curr Survivor 1 (Pred 1). Curr Old 53 (Pred 2) Free 4 Alloc 1
[2024-10-11T04:35:17.565+0800][debug][gc,ergo,cset] GC(354) Start adding old regions to collection set. Min 4 regions, max 7 regions, time remaining 49.24ms, optional threshold 9.85ms
[2024-10-11T04:35:17.565+0800][debug][gc,ergo,cset] GC(354) Finish adding old regions to collection set (Maximum number of regions). Initial 7 regions, optional 0 regions
[2024-10-11T04:35:17.565+0800][debug][gc,ergo,cset] GC(354) Finish choosing collection set old regions. Initial: 7, optional: 0, predicted old time: 0.00ms, predicted optional time: 0.00ms, time remaining: 48.52
[2024-10-11T04:35:17.607+0800][debug][gc,ergo,cset] Preventive GC, insufficient free regions. Predicted need 6. Curr Eden 1 (Pred 2). Curr Survivor 1 (Pred 1). Curr Old 52 (Pred 3) Free 5 Alloc 1
[2024-10-11T04:35:17.608+0800][debug][gc,ergo,cset] GC(355) Start adding old regions to collection set. Min 4 regions, max 7 regions, time remaining 49.23ms, optional threshold 9.85ms
[2024-10-11T04:35:17.608+0800][debug][gc,ergo,cset] GC(355) Finish adding old regions to collection set (Maximum number of regions). Initial 7 regions, optional 0 regions
[2024-10-11T04:35:17.608+0800][debug][gc,ergo,cset] GC(355) Finish choosing collection set old regions. Initial: 7, optional: 0, predicted old time: 0.00ms, predicted optional time: 0.00ms, time remaining: 48.22
[2024-10-11T04:35:17.671+0800][debug][gc,ergo,cset] Preventive GC, insufficient free regions. Predicted need 6. Curr Eden 1 (Pred 2). Curr Survivor 1 (Pred 1). Curr Old 53 (Pred 3) Free 4 Alloc 1
[2024-10-11T04:35:17.671+0800][debug][gc,ergo,cset] GC(356) Start adding old regions to collection set. Min 4 regions, max 7 regions, time remaining 49.23ms, optional threshold 9.85ms
[2024-10-11T04:35:17.671+0800][debug][gc,ergo,cset] GC(356) Finish adding old regions to collection set (Maximum number of regions). Initial 7 regions, optional 0 regions
[2024-10-11T04:35:17.671+0800][debug][gc,ergo,cset] GC(356) Finish choosing collection set old regions. Initial: 7, optional: 0, predicted old time: 0.00ms, predicted optional time: 0.00ms, time remaining: 48.06
[2024-10-11T04:35:17.714+0800][debug][gc,ergo,cset] Preventive GC, insufficient free regions. Predicted need 6. Curr Eden 1 (Pred 2). Curr Survivor 1 (Pred 1). Curr Old 55 (Pred 3) Free 2 Alloc 1
[2024-10-11T04:35:17.714+0800][debug][gc,ergo,cset] GC(357) Start adding old regions to collection set. Min 4 regions, max 7 regions, time remaining 49.21ms, optional threshold 9.84ms
[2024-10-11T04:35:17.714+0800][debug][gc,ergo,cset] GC(357) Finish adding old regions to collection set (Maximum number of regions). Initial 7 regions, optional 0 regions
[2024-10-11T04:35:17.714+0800][debug][gc,ergo,cset] GC(357) Finish choosing collection set old regions. Initial: 7, optional: 0, predicted old time: 0.00ms, predicted optional time: 0.00ms, time remaining: 47.73
[2024-10-11T04:35:17.780+0800][debug][gc,ergo,cset] GC(358) Start adding old regions to collection set. Min 4 regions, max 7 regions, time remaining 49.10ms, optional threshold 9.82ms
[2024-10-11T04:35:17.780+0800][debug][gc,ergo,cset] GC(358) Old candidate collection set empty.
[2024-10-11T04:35:17.780+0800][debug][gc,ergo,cset] GC(358) Finish choosing collection set old regions. Initial: 3, optional: 0, predicted old time: 0.00ms, predicted optional time: 0.00ms, time remaining: 48.40
[2024-10-11T04:35:18.368+0800][debug][gc,ergo,cset] GC(365) Pruned 11 regions out of 30, leaving 6677272 bytes waste (allowed 6710886)
[2024-10-11T04:35:18.637+0800][debug][gc,ergo,cset] GC(367) Start adding old regions to collection set. Min 3 regions, max 7 regions, time remaining 49.07ms, optional threshold 9.81ms
[2024-10-11T04:35:18.637+0800][debug][gc,ergo,cset] GC(367) Finish adding old regions to collection set (Maximum number of regions). Initial 7 regions, optional 0 regions
[2024-10-11T04:35:18.637+0800][debug][gc,ergo,cset] GC(367) Finish choosing collection set old regions. Initial: 7, optional: 0, predicted old time: 0.00ms, predicted optional time: 0.00ms, time remaining: 48.36
[2024-10-11T04:35:18.741+0800][debug][gc,ergo,cset] GC(368) Start adding old regions to collection set. Min 3 regions, max 7 regions, time remaining 49.01ms, optional threshold 9.80ms
[2024-10-11T04:35:18.741+0800][debug][gc,ergo,cset] GC(368) Finish adding old regions to collection set (Maximum number of regions). Initial 7 regions, optional 0 regions
[2024-10-11T04:35:18.741+0800][debug][gc,ergo,cset] GC(368) Finish choosing collection set old regions. Initial: 7, optional: 0, predicted old time: 0.00ms, predicted optional time: 0.00ms, time remaining: 48.00
[2024-10-11T04:35:18.846+0800][debug][gc,ergo,cset] GC(369) Start adding old regions to collection set. Min 3 regions, max 7 regions, time remaining 49.00ms, optional threshold 9.80ms
[2024-10-11T04:35:18.846+0800][debug][gc,ergo,cset] GC(369) Old candidate collection set empty.
[2024-10-11T04:35:18.846+0800][debug][gc,ergo,cset] GC(369) Finish choosing collection set old regions. Initial: 5, optional: 0, predicted old time: 0.00ms, predicted optional time: 0.00ms, time remaining: 48.13
[2024-10-11T04:35:19.167+0800][debug][gc,ergo,cset] GC(373) Pruned 10 regions out of 36, leaving 6443936 bytes waste (allowed 6710886)
[2024-10-11T04:35:19.415+0800][debug][gc,ergo,cset] Preventive GC, insufficient free regions. Predicted need 5. Curr Eden 2 (Pred 3). Curr Survivor 1 (Pred 1). Curr Old 52 (Pred 1) Free 4 Alloc 1
[2024-10-11T04:35:19.415+0800][debug][gc,ergo,cset] GC(375) Start adding old regions to collection set. Min 4 regions, max 7 regions, time remaining 49.06ms, optional threshold 9.81ms
[2024-10-11T04:35:19.415+0800][debug][gc,ergo,cset] GC(375) Finish adding old regions to collection set (Maximum number of regions). Initial 7 regions, optional 0 regions
[2024-10-11T04:35:19.415+0800][debug][gc,ergo,cset] GC(375) Finish choosing collection set old regions. Initial: 7, optional: 0, predicted old time: 0.00ms, predicted optional time: 0.00ms, time remaining: 48.50
[2024-10-11T04:35:19.519+0800][debug][gc,ergo,cset] Preventive GC, insufficient free regions. Predicted need 6. Curr Eden 2 (Pred 3). Curr Survivor 1 (Pred 1). Curr Old 50 (Pred 2) Free 6 Alloc 1
[2024-10-11T04:35:19.519+0800][debug][gc,ergo,cset] GC(376) Start adding old regions to collection set. Min 4 regions, max 7 regions, time remaining 49.07ms, optional threshold 9.81ms
[2024-10-11T04:35:19.519+0800][debug][gc,ergo,cset] GC(376) Finish adding old regions to collection set (Maximum number of regions). Initial 7 regions, optional 0 regions
[2024-10-11T04:35:19.519+0800][debug][gc,ergo,cset] GC(376) Finish choosing collection set old regions. Initial: 7, optional: 0, predicted old time: 0.00ms, predicted optional time: 0.00ms, time remaining: 48.26
[2024-10-11T04:35:19.623+0800][debug][gc,ergo,cset] GC(377) Start adding old regions to collection set. Min 4 regions, max 7 regions, time remaining 49.01ms, optional threshold 9.80ms
[2024-10-11T04:35:19.623+0800][debug][gc,ergo,cset] GC(377) Finish adding old regions to collection set (Maximum number of regions). Initial 7 regions, optional 0 regions
[2024-10-11T04:35:19.623+0800][debug][gc,ergo,cset] GC(377) Finish choosing collection set old regions. Initial: 7, optional: 0, predicted old time: 0.00ms, predicted optional time: 0.00ms, time remaining: 47.87
[2024-10-11T04:35:19.728+0800][debug][gc,ergo,cset] GC(378) Start adding old regions to collection set. Min 4 regions, max 7 regions, time remaining 49.00ms, optional threshold 9.80ms
[2024-10-11T04:35:19.728+0800][debug][gc,ergo,cset] GC(378) Old candidate collection set empty.
[2024-10-11T04:35:19.728+0800][debug][gc,ergo,cset] GC(378) Finish choosing collection set old regions. Initial: 5, optional: 0, predicted old time: 0.00ms, predicted optional time: 0.00ms, time remaining: 48.05
[2024-10-11T04:35:19.947+0800][debug][gc,ergo,cset] GC(381) Pruned 11 regions out of 42, leaving 6610488 bytes waste (allowed 6710886)
[2024-10-11T04:35:20.153+0800][debug][gc,ergo,cset] Preventive GC, insufficient free regions. Predicted need 5. Curr Eden 1 (Pred 2). Curr Survivor 1 (Pred 1). Curr Old 53 (Pred 2) Free 4 Alloc 1
[2024-10-11T04:35:20.153+0800][debug][gc,ergo,cset] GC(383) Start adding old regions to collection set. Min 4 regions, max 7 regions, time remaining 49.24ms, optional threshold 9.85ms
[2024-10-11T04:35:20.153+0800][debug][gc,ergo,cset] GC(383) Finish adding old regions to collection set (Maximum number of regions). Initial 7 regions, optional 0 regions
[2024-10-11T04:35:20.153+0800][debug][gc,ergo,cset] GC(383) Finish choosing collection set old regions. Initial: 7, optional: 0, predicted old time: 0.00ms, predicted optional time: 0.00ms, time remaining: 48.50
[2024-10-11T04:35:20.196+0800][debug][gc,ergo,cset] Preventive GC, insufficient free regions. Predicted need 6. Curr Eden 1 (Pred 2). Curr Survivor 1 (Pred 1). Curr Old 51 (Pred 3) Free 6 Alloc 1
[2024-10-11T04:35:20.196+0800][debug][gc,ergo,cset] GC(384) Start adding old regions to collection set. Min 4 regions, max 7 regions, time remaining 49.22ms, optional threshold 9.84ms
[2024-10-11T04:35:20.196+0800][debug][gc,ergo,cset] GC(384) Finish adding old regions to collection set (Maximum number of regions). Initial 7 regions, optional 0 regions
[2024-10-11T04:35:20.197+0800][debug][gc,ergo,cset] GC(384) Finish choosing collection set old regions. Initial: 7, optional: 0, predicted old time: 0.00ms, predicted optional time: 0.00ms, time remaining: 48.23
[2024-10-11T04:35:20.300+0800][debug][gc,ergo,cset] Preventive GC, insufficient free regions. Predicted need 7. Curr Eden 2 (Pred 3). Curr Survivor 1 (Pred 1). Curr Old 49 (Pred 3) Free 7 Alloc 1
[2024-10-11T04:35:20.301+0800][debug][gc,ergo,cset] GC(385) Start adding old regions to collection set. Min 4 regions, max 7 regions, time remaining 48.96ms, optional threshold 9.79ms
[2024-10-11T04:35:20.301+0800][debug][gc,ergo,cset] GC(385) Finish adding old regions to collection set (Maximum number of regions). Initial 7 regions, optional 0 regions
[2024-10-11T04:35:20.301+0800][debug][gc,ergo,cset] GC(385) Finish choosing collection set old regions. Initial: 7, optional: 0, predicted old time: 0.00ms, predicted optional time: 0.00ms, time remaining: 47.73
[2024-10-11T04:35:20.406+0800][debug][gc,ergo,cset] GC(386) Start adding old regions to collection set. Min 4 regions, max 7 regions, time remaining 48.94ms, optional threshold 9.79ms
[2024-10-11T04:35:20.406+0800][debug][gc,ergo,cset] GC(386) Finish adding old regions to collection set (Maximum number of regions). Initial 7 regions, optional 0 regions
[2024-10-11T04:35:20.406+0800][debug][gc,ergo,cset] GC(386) Finish choosing collection set old regions. Initial: 7, optional: 0, predicted old time: 0.00ms, predicted optional time: 0.00ms, time remaining: 47.62
[2024-10-11T04:35:20.511+0800][debug][gc,ergo,cset] GC(387) Start adding old regions to collection set. Min 4 regions, max 7 regions, time remaining 48.95ms, optional threshold 9.79ms
[2024-10-11T04:35:20.511+0800][debug][gc,ergo,cset] GC(387) Old candidate collection set empty.
[2024-10-11T04:35:20.511+0800][debug][gc,ergo,cset] GC(387) Finish choosing collection set old regions. Initial: 3, optional: 0, predicted old time: 0.00ms, predicted optional time: 0.00ms, time remaining: 48.31
[2024-10-11T04:35:20.605+0800][debug][gc,ergo,cset] GC(389) Pruned 10 regions out of 34, leaving 6675536 bytes waste (allowed 6710886)
[2024-10-11T04:35:20.770+0800][debug][gc,ergo,cset] Preventive GC, insufficient free regions. Predicted need 4. Curr Eden 2 (Pred 3). Curr Survivor 1 (Pred 1). Curr Old 51 (Pred 0) Free 4 Alloc 1
[2024-10-11T04:35:20.832+0800][debug][gc,ergo,cset] Preventive GC, insufficient free regions. Predicted need 4. Curr Eden 1 (Pred 2). Curr Survivor 1 (Pred 1). Curr Old 53 (Pred 1) Free 4 Alloc 1
[2024-10-11T04:35:20.833+0800][debug][gc,ergo,cset] GC(391) Start adding old regions to collection set. Min 3 regions, max 7 regions, time remaining 49.19ms, optional threshold 9.84ms
[2024-10-11T04:35:20.833+0800][debug][gc,ergo,cset] GC(391) Finish adding old regions to collection set (Maximum number of regions). Initial 7 regions, optional 0 regions
[2024-10-11T04:35:20.833+0800][debug][gc,ergo,cset] GC(391) Finish choosing collection set old regions. Initial: 7, optional: 0, predicted old time: 0.00ms, predicted optional time: 0.00ms, time remaining: 48.53
[2024-10-11T04:35:20.937+0800][debug][gc,ergo,cset] GC(392) Start adding old regions to collection set. Min 3 regions, max 7 regions, time remaining 48.96ms, optional threshold 9.79ms
[2024-10-11T04:35:20.937+0800][debug][gc,ergo,cset] GC(392) Finish adding old regions to collection set (Maximum number of regions). Initial 7 regions, optional 0 regions
[2024-10-11T04:35:20.937+0800][debug][gc,ergo,cset] GC(392) Finish choosing collection set old regions. Initial: 7, optional: 0, predicted old time: 0.00ms, predicted optional time: 0.00ms, time remaining: 47.94
[2024-10-11T04:35:21.041+0800][debug][gc,ergo,cset] GC(393) Start adding old regions to collection set. Min 3 regions, max 7 regions, time remaining 48.87ms, optional threshold 9.77ms
[2024-10-11T04:35:21.041+0800][debug][gc,ergo,cset] GC(393) Finish adding old regions to collection set (Maximum number of regions). Initial 7 regions, optional 0 regions
[2024-10-11T04:35:21.041+0800][debug][gc,ergo,cset] GC(393) Finish choosing collection set old regions. Initial: 7, optional: 0, predicted old time: 0.00ms, predicted optional time: 0.00ms, time remaining: 47.49
[2024-10-11T04:35:21.147+0800][debug][gc,ergo,cset] GC(394) Start adding old regions to collection set. Min 3 regions, max 7 regions, time remaining 48.75ms, optional threshold 9.75ms
[2024-10-11T04:35:21.147+0800][debug][gc,ergo,cset] GC(394) Old candidate collection set empty.
[2024-10-11T04:35:21.147+0800][debug][gc,ergo,cset] GC(394) Finish choosing collection set old regions. Initial: 3, optional: 0, predicted old time: 0.00ms, predicted optional time: 0.00ms, time remaining: 48.00
[2024-10-11T04:35:21.468+0800][debug][gc,ergo,cset] GC(398) Pruned 8 regions out of 38, leaving 6042776 bytes waste (allowed 6710886)
[2024-10-11T04:35:21.611+0800][debug][gc,ergo,cset] Preventive GC, insufficient free regions. Predicted need 4. Curr Eden 2 (Pred 3). Curr Survivor 1 (Pred 1). Curr Old 52 (Pred 0) Free 4 Alloc 1
[2024-10-11T04:35:21.674+0800][debug][gc,ergo,cset] Preventive GC, insufficient free regions. Predicted need 4. Curr Eden 1 (Pred 2). Curr Survivor 1 (Pred 1). Curr Old 53 (Pred 1) Free 4 Alloc 1
[2024-10-11T04:35:21.674+0800][debug][gc,ergo,cset] GC(400) Start adding old regions to collection set. Min 4 regions, max 7 regions, time remaining 49.22ms, optional threshold 9.84ms
[2024-10-11T04:35:21.674+0800][debug][gc,ergo,cset] GC(400) Finish adding old regions to collection set (Maximum number of regions). Initial 7 regions, optional 0 regions
[2024-10-11T04:35:21.674+0800][debug][gc,ergo,cset] GC(400) Finish choosing collection set old regions. Initial: 7, optional: 0, predicted old time: 0.00ms, predicted optional time: 0.00ms, time remaining: 48.61
[2024-10-11T04:35:21.779+0800][debug][gc,ergo,cset] GC(401) Start adding old regions to collection set. Min 4 regions, max 7 regions, time remaining 48.99ms, optional threshold 9.80ms
[2024-10-11T04:35:21.779+0800][debug][gc,ergo,cset] GC(401) Finish adding old regions to collection set (Maximum number of regions). Initial 7 regions, optional 0 regions
[2024-10-11T04:35:21.779+0800][debug][gc,ergo,cset] GC(401) Finish choosing collection set old regions. Initial: 7, optional: 0, predicted old time: 0.00ms, predicted optional time: 0.00ms, time remaining: 47.96
[2024-10-11T04:35:21.883+0800][debug][gc,ergo,cset] GC(402) Start adding old regions to collection set. Min 4 regions, max 7 regions, time remaining 48.97ms, optional threshold 9.79ms
[2024-10-11T04:35:21.883+0800][debug][gc,ergo,cset] GC(402) Finish adding old regions to collection set (Maximum number of regions). Initial 7 regions, optional 0 regions
[2024-10-11T04:35:21.883+0800][debug][gc,ergo,cset] GC(402) Finish choosing collection set old regions. Initial: 7, optional: 0, predicted old time: 0.00ms, predicted optional time: 0.00ms, time remaining: 47.70
[2024-10-11T04:35:21.988+0800][debug][gc,ergo,cset] GC(403) Start adding old regions to collection set. Min 4 regions, max 7 regions, time remaining 48.95ms, optional threshold 9.79ms
[2024-10-11T04:35:21.988+0800][debug][gc,ergo,cset] GC(403) Finish adding old regions to collection set (Maximum number of regions). Initial 7 regions, optional 0 regions
[2024-10-11T04:35:21.988+0800][debug][gc,ergo,cset] GC(403) Finish choosing collection set old regions. Initial: 7, optional: 0, predicted old time: 0.00ms, predicted optional time: 0.00ms, time remaining: 47.56
[2024-10-11T04:35:22.093+0800][debug][gc,ergo,cset] GC(404) Start adding old regions to collection set. Min 4 regions, max 7 regions, time remaining 48.89ms, optional threshold 9.78ms
[2024-10-11T04:35:22.093+0800][debug][gc,ergo,cset] GC(404) Old candidate collection set empty.
[2024-10-11T04:35:22.093+0800][debug][gc,ergo,cset] GC(404) Finish choosing collection set old regions. Initial: 2, optional: 0, predicted old time: 0.00ms, predicted optional time: 0.00ms, time remaining: 48.40
[2024-10-11T04:35:22.415+0800][debug][gc,ergo,cset] GC(408) Pruned 9 regions out of 41, leaving 6395200 bytes waste (allowed 6710886)
[2024-10-11T04:35:22.558+0800][debug][gc,ergo,cset] Preventive GC, insufficient free regions. Predicted need 4. Curr Eden 2 (Pred 3). Curr Survivor 1 (Pred 1). Curr Old 52 (Pred 0) Free 4 Alloc 1
[2024-10-11T04:35:22.620+0800][debug][gc,ergo,cset] Preventive GC, insufficient free regions. Predicted need 4. Curr Eden 1 (Pred 2). Curr Survivor 1 (Pred 1). Curr Old 54 (Pred 1) Free 3 Alloc 1
[2024-10-11T04:35:22.621+0800][debug][gc,ergo,cset] GC(410) Start adding old regions to collection set. Min 4 regions, max 7 regions, time remaining 49.25ms, optional threshold 9.85ms
[2024-10-11T04:35:22.621+0800][debug][gc,ergo,cset] GC(410) Finish adding old regions to collection set (Maximum number of regions). Initial 7 regions, optional 0 regions
[2024-10-11T04:35:22.621+0800][debug][gc,ergo,cset] GC(410) Finish choosing collection set old regions. Initial: 7, optional: 0, predicted old time: 0.00ms, predicted optional time: 0.00ms, time remaining: 48.70
[2024-10-11T04:35:22.725+0800][debug][gc,ergo,cset] GC(411) Start adding old regions to collection set. Min 4 regions, max 7 regions, time remaining 49.03ms, optional threshold 9.81ms
[2024-10-11T04:35:22.725+0800][debug][gc,ergo,cset] GC(411) Finish adding old regions to collection set (Maximum number of regions). Initial 7 regions, optional 0 regions
[2024-10-11T04:35:22.725+0800][debug][gc,ergo,cset] GC(411) Finish choosing collection set old regions. Initial: 7, optional: 0, predicted old time: 0.00ms, predicted optional time: 0.00ms, time remaining: 48.11
[2024-10-11T04:35:22.829+0800][debug][gc,ergo,cset] GC(412) Start adding old regions to collection set. Min 4 regions, max 7 regions, time remaining 48.99ms, optional threshold 9.80ms
[2024-10-11T04:35:22.829+0800][debug][gc,ergo,cset] GC(412) Finish adding old regions to collection set (Maximum number of regions). Initial 7 regions, optional 0 regions
[2024-10-11T04:35:22.829+0800][debug][gc,ergo,cset] GC(412) Finish choosing collection set old regions. Initial: 7, optional: 0, predicted old time: 0.00ms, predicted optional time: 0.00ms, time remaining: 47.77
[2024-10-11T04:35:22.935+0800][debug][gc,ergo,cset] GC(413) Start adding old regions to collection set. Min 4 regions, max 7 regions, time remaining 48.93ms, optional threshold 9.79ms
[2024-10-11T04:35:22.935+0800][debug][gc,ergo,cset] GC(413) Finish adding old regions to collection set (Maximum number of regions). Initial 7 regions, optional 0 regions
[2024-10-11T04:35:22.935+0800][debug][gc,ergo,cset] GC(413) Finish choosing collection set old regions. Initial: 7, optional: 0, predicted old time: 0.00ms, predicted optional time: 0.00ms, time remaining: 47.60
[2024-10-11T04:35:23.039+0800][debug][gc,ergo,cset] GC(414) Start adding old regions to collection set. Min 4 regions, max 7 regions, time remaining 48.93ms, optional threshold 9.79ms
[2024-10-11T04:35:23.039+0800][debug][gc,ergo,cset] GC(414) Old candidate collection set empty.
[2024-10-11T04:35:23.039+0800][debug][gc,ergo,cset] GC(414) Finish choosing collection set old regions. Initial: 4, optional: 0, predicted old time: 0.00ms, predicted optional time: 0.00ms, time remaining: 47.97
[2024-10-11T04:35:23.258+0800][debug][gc,ergo,cset] GC(417) Pruned 9 regions out of 42, leaving 6136752 bytes waste (allowed 6710886)
[2024-10-11T04:35:23.402+0800][debug][gc,ergo,cset] Preventive GC, insufficient free regions. Predicted need 4. Curr Eden 2 (Pred 3). Curr Survivor 1 (Pred 1). Curr Old 52 (Pred 0) Free 4 Alloc 1
[2024-10-11T04:35:23.464+0800][debug][gc,ergo,cset] Preventive GC, insufficient free regions. Predicted need 5. Curr Eden 1 (Pred 2). Curr Survivor 1 (Pred 1). Curr Old 54 (Pred 2) Free 3 Alloc 1
[2024-10-11T04:35:23.465+0800][debug][gc,ergo,cset] GC(419) Start adding old regions to collection set. Min 5 regions, max 7 regions, time remaining 49.20ms, optional threshold 9.84ms
[2024-10-11T04:35:23.465+0800][debug][gc,ergo,cset] GC(419) Finish adding old regions to collection set (Maximum number of regions). Initial 7 regions, optional 0 regions
[2024-10-11T04:35:23.465+0800][debug][gc,ergo,cset] GC(419) Finish choosing collection set old regions. Initial: 7, optional: 0, predicted old time: 0.00ms, predicted optional time: 0.00ms, time remaining: 48.51
[2024-10-11T04:35:23.507+0800][debug][gc,ergo,cset] Preventive GC, insufficient free regions. Predicted need 6. Curr Eden 1 (Pred 2). Curr Survivor 1 (Pred 1). Curr Old 54 (Pred 3) Free 3 Alloc 1
[2024-10-11T04:35:23.507+0800][debug][gc,ergo,cset] GC(420) Start adding old regions to collection set. Min 5 regions, max 7 regions, time remaining 49.18ms, optional threshold 9.84ms
[2024-10-11T04:35:23.507+0800][debug][gc,ergo,cset] GC(420) Finish adding old regions to collection set (Maximum number of regions). Initial 7 regions, optional 0 regions
[2024-10-11T04:35:23.507+0800][debug][gc,ergo,cset] GC(420) Finish choosing collection set old regions. Initial: 7, optional: 0, predicted old time: 0.00ms, predicted optional time: 0.00ms, time remaining: 48.13
[2024-10-11T04:35:23.571+0800][debug][gc,ergo,cset] GC(421) Start adding old regions to collection set. Min 5 regions, max 7 regions, time remaining 49.16ms, optional threshold 9.83ms
[2024-10-11T04:35:23.571+0800][debug][gc,ergo,cset] GC(421) Finish adding old regions to collection set (Maximum number of regions). Initial 7 regions, optional 0 regions
[2024-10-11T04:35:23.571+0800][debug][gc,ergo,cset] GC(421) Finish choosing collection set old regions. Initial: 7, optional: 0, predicted old time: 0.00ms, predicted optional time: 0.00ms, time remaining: 47.97
[2024-10-11T04:35:24.220+0800][debug][gc,ergo,cset] GC(428) Pruned 10 regions out of 38, leaving 6210360 bytes waste (allowed 6710886)
[2024-10-11T04:35:24.468+0800][debug][gc,ergo,cset] Preventive GC, insufficient free regions. Predicted need 6. Curr Eden 2 (Pred 3). Curr Survivor 1 (Pred 1). Curr Old 51 (Pred 2) Free 5 Alloc 1
[2024-10-11T04:35:24.468+0800][debug][gc,ergo,cset] GC(430) Start adding old regions to collection set. Min 4 regions, max 7 regions, time remaining 49.09ms, optional threshold 9.82ms
[2024-10-11T04:35:24.468+0800][debug][gc,ergo,cset] GC(430) Finish adding old regions to collection set (Maximum number of regions). Initial 7 regions, optional 0 regions
[2024-10-11T04:35:24.468+0800][debug][gc,ergo,cset] GC(430) Finish choosing collection set old regions. Initial: 7, optional: 0, predicted old time: 0.00ms, predicted optional time: 0.00ms, time remaining: 48.41
[2024-10-11T04:35:24.572+0800][debug][gc,ergo,cset] GC(431) Start adding old regions to collection set. Min 4 regions, max 7 regions, time remaining 49.02ms, optional threshold 9.80ms
[2024-10-11T04:35:24.572+0800][debug][gc,ergo,cset] GC(431) Finish adding old regions to collection set (Maximum number of regions). Initial 7 regions, optional 0 regions
[2024-10-11T04:35:24.572+0800][debug][gc,ergo,cset] GC(431) Finish choosing collection set old regions. Initial: 7, optional: 0, predicted old time: 0.00ms, predicted optional time: 0.00ms, time remaining: 47.89
[2024-10-11T04:35:24.677+0800][debug][gc,ergo,cset] GC(432) Start adding old regions to collection set. Min 4 regions, max 7 regions, time remaining 48.96ms, optional threshold 9.79ms
[2024-10-11T04:35:24.677+0800][debug][gc,ergo,cset] GC(432) Finish adding old regions to collection set (Maximum number of regions). Initial 7 regions, optional 0 regions
[2024-10-11T04:35:24.677+0800][debug][gc,ergo,cset] GC(432) Finish choosing collection set old regions. Initial: 7, optional: 0, predicted old time: 0.00ms, predicted optional time: 0.00ms, time remaining: 47.70
[2024-10-11T04:35:24.781+0800][debug][gc,ergo,cset] GC(433) Start adding old regions to collection set. Min 4 regions, max 7 regions, time remaining 48.96ms, optional threshold 9.79ms
[2024-10-11T04:35:24.781+0800][debug][gc,ergo,cset] GC(433) Old candidate collection set empty.
[2024-10-11T04:35:24.781+0800][debug][gc,ergo,cset] GC(433) Finish choosing collection set old regions. Initial: 7, optional: 0, predicted old time: 0.00ms, predicted optional time: 0.00ms, time remaining: 47.59
[2024-10-11T04:35:25.042+0800][debug][gc,ergo,cset] GC(437) Pruned 8 regions out of 37, leaving 6447360 bytes waste (allowed 6710886)
[2024-10-11T04:35:25.206+0800][debug][gc,ergo,cset] Preventive GC, insufficient free regions. Predicted need 4. Curr Eden 2 (Pred 3). Curr Survivor 1 (Pred 1). Curr Old 51 (Pred 0) Free 4 Alloc 1
[2024-10-11T04:35:25.269+0800][debug][gc,ergo,cset] Preventive GC, insufficient free regions. Predicted need 4. Curr Eden 1 (Pred 2). Curr Survivor 1 (Pred 1). Curr Old 53 (Pred 1) Free 4 Alloc 1
[2024-10-11T04:35:25.269+0800][debug][gc,ergo,cset] GC(439) Start adding old regions to collection set. Min 4 regions, max 7 regions, time remaining 49.25ms, optional threshold 9.85ms
[2024-10-11T04:35:25.269+0800][debug][gc,ergo,cset] GC(439) Finish adding old regions to collection set (Maximum number of regions). Initial 7 regions, optional 0 regions
[2024-10-11T04:35:25.269+0800][debug][gc,ergo,cset] GC(439) Finish choosing collection set old regions. Initial: 7, optional: 0, predicted old time: 0.00ms, predicted optional time: 0.00ms, time remaining: 48.64
[2024-10-11T04:35:25.373+0800][debug][gc,ergo,cset] GC(440) Start adding old regions to collection set. Min 4 regions, max 7 regions, time remaining 48.99ms, optional threshold 9.80ms
[2024-10-11T04:35:25.373+0800][debug][gc,ergo,cset] GC(440) Finish adding old regions to collection set (Maximum number of regions). Initial 7 regions, optional 0 regions
[2024-10-11T04:35:25.373+0800][debug][gc,ergo,cset] GC(440) Finish choosing collection set old regions. Initial: 7, optional: 0, predicted old time: 0.00ms, predicted optional time: 0.00ms, time remaining: 48.09
[2024-10-11T04:35:25.478+0800][debug][gc,ergo,cset] GC(441) Start adding old regions to collection set. Min 4 regions, max 7 regions, time remaining 48.98ms, optional threshold 9.80ms
[2024-10-11T04:35:25.478+0800][debug][gc,ergo,cset] GC(441) Finish adding old regions to collection set (Maximum number of regions). Initial 7 regions, optional 0 regions
[2024-10-11T04:35:25.478+0800][debug][gc,ergo,cset] GC(441) Finish choosing collection set old regions. Initial: 7, optional: 0, predicted old time: 0.00ms, predicted optional time: 0.00ms, time remaining: 47.88
[2024-10-11T04:35:25.582+0800][debug][gc,ergo,cset] GC(442) Start adding old regions to collection set. Min 4 regions, max 7 regions, time remaining 48.99ms, optional threshold 9.80ms
[2024-10-11T04:35:25.582+0800][debug][gc,ergo,cset] GC(442) Finish adding old regions to collection set (Maximum number of regions). Initial 7 regions, optional 0 regions
[2024-10-11T04:35:25.582+0800][debug][gc,ergo,cset] GC(442) Finish choosing collection set old regions. Initial: 7, optional: 0, predicted old time: 0.00ms, predicted optional time: 0.00ms, time remaining: 47.74
[2024-10-11T04:35:25.686+0800][debug][gc,ergo,cset] GC(443) Start adding old regions to collection set. Min 4 regions, max 7 regions, time remaining 48.99ms, optional threshold 9.80ms
[2024-10-11T04:35:25.686+0800][debug][gc,ergo,cset] GC(443) Old candidate collection set empty.
[2024-10-11T04:35:25.686+0800][debug][gc,ergo,cset] GC(443) Finish choosing collection set old regions. Initial: 1, optional: 0, predicted old time: 0.00ms, predicted optional time: 0.00ms, time remaining: 48.80
[2024-10-11T04:35:26.007+0800][debug][gc,ergo,cset] GC(447) Pruned 7 regions out of 36, leaving 5816168 bytes waste (allowed 6710886)
[2024-10-11T04:35:26.213+0800][debug][gc,ergo,cset] Preventive GC, insufficient free regions. Predicted need 5. Curr Eden 1 (Pred 2). Curr Survivor 1 (Pred 1). Curr Old 53 (Pred 2) Free 4 Alloc 1
[2024-10-11T04:35:26.213+0800][debug][gc,ergo,cset] GC(449) Start adding old regions to collection set. Min 4 regions, max 7 regions, time remaining 49.28ms, optional threshold 9.86ms
[2024-10-11T04:35:26.213+0800][debug][gc,ergo,cset] GC(449) Finish adding old regions to collection set (Maximum number of regions). Initial 7 regions, optional 0 regions
[2024-10-11T04:35:26.213+0800][debug][gc,ergo,cset] GC(449) Finish choosing collection set old regions. Initial: 7, optional: 0, predicted old time: 0.00ms, predicted optional time: 0.00ms, time remaining: 48.52
[2024-10-11T04:35:26.317+0800][debug][gc,ergo,cset] GC(450) Start adding old regions to collection set. Min 4 regions, max 7 regions, time remaining 49.02ms, optional threshold 9.80ms
[2024-10-11T04:35:26.317+0800][debug][gc,ergo,cset] GC(450) Finish adding old regions to collection set (Maximum number of regions). Initial 7 regions, optional 0 regions
[2024-10-11T04:35:26.317+0800][debug][gc,ergo,cset] GC(450) Finish choosing collection set old regions. Initial: 7, optional: 0, predicted old time: 0.00ms, predicted optional time: 0.00ms, time remaining: 47.98
[2024-10-11T04:35:26.422+0800][debug][gc,ergo,cset] GC(451) Start adding old regions to collection set. Min 4 regions, max 7 regions, time remaining 49.00ms, optional threshold 9.80ms
[2024-10-11T04:35:26.422+0800][debug][gc,ergo,cset] GC(451) Finish adding old regions to collection set (Maximum number of regions). Initial 7 regions, optional 0 regions
[2024-10-11T04:35:26.422+0800][debug][gc,ergo,cset] GC(451) Finish choosing collection set old regions. Initial: 7, optional: 0, predicted old time: 0.00ms, predicted optional time: 0.00ms, time remaining: 47.66
[2024-10-11T04:35:26.527+0800][debug][gc,ergo,cset] GC(452) Start adding old regions to collection set. Min 4 regions, max 7 regions, time remaining 48.90ms, optional threshold 9.78ms
[2024-10-11T04:35:26.527+0800][debug][gc,ergo,cset] GC(452) Finish adding old regions to collection set (Maximum number of regions). Initial 7 regions, optional 0 regions
[2024-10-11T04:35:26.527+0800][debug][gc,ergo,cset] GC(452) Finish choosing collection set old regions. Initial: 7, optional: 0, predicted old time: 0.00ms, predicted optional time: 0.00ms, time remaining: 47.40
[2024-10-11T04:35:26.632+0800][debug][gc,ergo,cset] GC(453) Start adding old regions to collection set. Min 4 regions, max 7 regions, time remaining 48.94ms, optional threshold 9.79ms
[2024-10-11T04:35:26.632+0800][debug][gc,ergo,cset] GC(453) Old candidate collection set empty.
[2024-10-11T04:35:26.632+0800][debug][gc,ergo,cset] GC(453) Finish choosing collection set old regions. Initial: 1, optional: 0, predicted old time: 0.00ms, predicted optional time: 0.00ms, time remaining: 48.72
[2024-10-11T04:35:26.953+0800][debug][gc,ergo,cset] GC(457) Pruned 9 regions out of 38, leaving 6298448 bytes waste (allowed 6710886)
[2024-10-11T04:35:27.200+0800][debug][gc,ergo,cset] Preventive GC, insufficient free regions. Predicted need 5. Curr Eden 2 (Pred 3). Curr Survivor 1 (Pred 1). Curr Old 52 (Pred 1) Free 4 Alloc 1
[2024-10-11T04:35:27.200+0800][debug][gc,ergo,cset] GC(459) Start adding old regions to collection set. Min 4 regions, max 7 regions, time remaining 49.05ms, optional threshold 9.81ms
[2024-10-11T04:35:27.200+0800][debug][gc,ergo,cset] GC(459) Finish adding old regions to collection set (Maximum number of regions). Initial 7 regions, optional 0 regions
[2024-10-11T04:35:27.200+0800][debug][gc,ergo,cset] GC(459) Finish choosing collection set old regions. Initial: 7, optional: 0, predicted old time: 0.00ms, predicted optional time: 0.00ms, time remaining: 48.37
[2024-10-11T04:35:27.263+0800][debug][gc,ergo,cset] Preventive GC, insufficient free regions. Predicted need 7. Curr Eden 2 (Pred 3). Curr Survivor 1 (Pred 1). Curr Old 50 (Pred 3) Free 6 Alloc 1
[2024-10-11T04:35:27.263+0800][debug][gc,ergo,cset] GC(460) Start adding old regions to collection set. Min 4 regions, max 7 regions, time remaining 49.06ms, optional threshold 9.81ms
[2024-10-11T04:35:27.263+0800][debug][gc,ergo,cset] GC(460) Finish adding old regions to collection set (Maximum number of regions). Initial 7 regions, optional 0 regions
[2024-10-11T04:35:27.263+0800][debug][gc,ergo,cset] GC(460) Finish choosing collection set old regions. Initial: 7, optional: 0, predicted old time: 0.00ms, predicted optional time: 0.00ms, time remaining: 47.87
[2024-10-11T04:35:27.388+0800][debug][gc,ergo,cset] Preventive GC, insufficient free regions. Predicted need 7. Curr Eden 2 (Pred 3). Curr Survivor 1 (Pred 1). Curr Old 48 (Pred 3) Free 7 Alloc 1
[2024-10-11T04:35:27.389+0800][debug][gc,ergo,cset] GC(461) Start adding old regions to collection set. Min 4 regions, max 7 regions, time remaining 49.02ms, optional threshold 9.80ms
[2024-10-11T04:35:27.389+0800][debug][gc,ergo,cset] GC(461) Finish adding old regions to collection set (Maximum number of regions). Initial 7 regions, optional 0 regions
[2024-10-11T04:35:27.389+0800][debug][gc,ergo,cset] GC(461) Finish choosing collection set old regions. Initial: 7, optional: 0, predicted old time: 0.00ms, predicted optional time: 0.00ms, time remaining: 47.68
[2024-10-11T04:35:27.452+0800][debug][gc,ergo,cset] Preventive GC, insufficient free regions. Predicted need 6. Curr Eden 1 (Pred 2). Curr Survivor 1 (Pred 1). Curr Old 51 (Pred 3) Free 6 Alloc 1
[2024-10-11T04:35:27.452+0800][debug][gc,ergo,cset] GC(462) Start adding old regions to collection set. Min 4 regions, max 7 regions, time remaining 49.22ms, optional threshold 9.84ms
[2024-10-11T04:35:27.452+0800][debug][gc,ergo,cset] GC(462) Finish adding old regions to collection set (Maximum number of regions). Initial 7 regions, optional 0 regions
[2024-10-11T04:35:27.452+0800][debug][gc,ergo,cset] GC(462) Finish choosing collection set old regions. Initial: 7, optional: 0, predicted old time: 0.00ms, predicted optional time: 0.00ms, time remaining: 47.79
[2024-10-11T04:35:27.557+0800][debug][gc,ergo,cset] Preventive GC, insufficient free regions. Predicted need 5. Curr Eden 2 (Pred 3). Curr Survivor 1 (Pred 1). Curr Old 52 (Pred 1) Free 4 Alloc 1
[2024-10-11T04:35:27.557+0800][debug][gc,ergo,cset] GC(463) Start adding old regions to collection set. Min 4 regions, max 7 regions, time remaining 49.00ms, optional threshold 9.80ms
[2024-10-11T04:35:27.557+0800][debug][gc,ergo,cset] GC(463) Old candidate collection set empty.
[2024-10-11T04:35:27.557+0800][debug][gc,ergo,cset] GC(463) Finish choosing collection set old regions. Initial: 1, optional: 0, predicted old time: 0.00ms, predicted optional time: 0.00ms, time remaining: 48.70
[2024-10-11T04:35:27.620+0800][debug][gc,ergo,cset] Preventive GC, insufficient free regions. Predicted need 3. Curr Eden 1 (Pred 2). Curr Survivor 1 (Pred 1). Curr Old 54 (Pred 0) Free 3 Alloc 1
[2024-10-11T04:35:27.631+0800][debug][gc,ergo,cset] GC(465) Pruned 9 regions out of 43, leaving 6519696 bytes waste (allowed 6710886)
[2024-10-11T04:35:27.713+0800][debug][gc,ergo,cset] Preventive GC, insufficient free regions. Predicted need 3. Curr Eden 1 (Pred 2). Curr Survivor 1 (Pred 1). Curr Old 54 (Pred 0) Free 3 Alloc 1
[2024-10-11T04:35:27.776+0800][debug][gc,ergo,cset] Preventive GC, insufficient free regions. Predicted need 4. Curr Eden 1 (Pred 2). Curr Survivor 1 (Pred 1). Curr Old 55 (Pred 1) Free 2 Alloc 1
[2024-10-11T04:35:27.776+0800][debug][gc,ergo,cset] GC(467) Start adding old regions to collection set. Min 5 regions, max 7 regions, time remaining 49.22ms, optional threshold 9.84ms
[2024-10-11T04:35:27.776+0800][debug][gc,ergo,cset] GC(467) Finish adding old regions to collection set (Maximum number of regions). Initial 7 regions, optional 0 regions
[2024-10-11T04:35:27.776+0800][debug][gc,ergo,cset] GC(467) Finish choosing collection set old regions. Initial: 7, optional: 0, predicted old time: 0.00ms, predicted optional time: 0.00ms, time remaining: 48.59
[2024-10-11T04:35:27.818+0800][debug][gc,ergo,cset] Preventive GC, insufficient free regions. Predicted need 6. Curr Eden 1 (Pred 2). Curr Survivor 1 (Pred 1). Curr Old 54 (Pred 3) Free 3 Alloc 1
[2024-10-11T04:35:27.818+0800][debug][gc,ergo,cset] GC(468) Start adding old regions to collection set. Min 5 regions, max 7 regions, time remaining 49.21ms, optional threshold 9.84ms
[2024-10-11T04:35:27.818+0800][debug][gc,ergo,cset] GC(468) Finish adding old regions to collection set (Maximum number of regions). Initial 7 regions, optional 0 regions
[2024-10-11T04:35:27.818+0800][debug][gc,ergo,cset] GC(468) Finish choosing collection set old regions. Initial: 7, optional: 0, predicted old time: 0.00ms, predicted optional time: 0.00ms, time remaining: 48.24
[2024-10-11T04:35:27.881+0800][debug][gc,ergo,cset] Preventive GC, insufficient free regions. Predicted need 6. Curr Eden 1 (Pred 2). Curr Survivor 1 (Pred 1). Curr Old 55 (Pred 3) Free 2 Alloc 1
[2024-10-11T04:35:27.881+0800][debug][gc,ergo,cset] GC(469) Start adding old regions to collection set. Min 5 regions, max 7 regions, time remaining 49.22ms, optional threshold 9.84ms
[2024-10-11T04:35:27.881+0800][debug][gc,ergo,cset] GC(469) Finish adding old regions to collection set (Maximum number of regions). Initial 7 regions, optional 0 regions
[2024-10-11T04:35:27.881+0800][debug][gc,ergo,cset] GC(469) Finish choosing collection set old regions. Initial: 7, optional: 0, predicted old time: 0.00ms, predicted optional time: 0.00ms, time remaining: 48.04
[2024-10-11T04:35:27.923+0800][debug][gc,ergo,cset] GC(470) Start adding old regions to collection set. Min 5 regions, max 7 regions, time remaining 49.20ms, optional threshold 9.84ms
[2024-10-11T04:35:27.923+0800][debug][gc,ergo,cset] GC(470) Finish adding old regions to collection set (Maximum number of regions). Initial 7 regions, optional 0 regions
[2024-10-11T04:35:27.924+0800][debug][gc,ergo,cset] GC(470) Finish choosing collection set old regions. Initial: 7, optional: 0, predicted old time: 0.00ms, predicted optional time: 0.00ms, time remaining: 47.74
[2024-10-11T04:35:28.530+0800][debug][gc,ergo,cset] GC(477) Pruned 10 regions out of 37, leaving 6326080 bytes waste (allowed 6710886)
[2024-10-11T04:35:28.777+0800][debug][gc,ergo,cset] Preventive GC, insufficient free regions. Predicted need 6. Curr Eden 2 (Pred 3). Curr Survivor 1 (Pred 1). Curr Old 51 (Pred 2) Free 5 Alloc 1
[2024-10-11T04:35:28.778+0800][debug][gc,ergo,cset] GC(479) Start adding old regions to collection set. Min 4 regions, max 7 regions, time remaining 49.08ms, optional threshold 9.82ms
[2024-10-11T04:35:28.778+0800][debug][gc,ergo,cset] GC(479) Finish adding old regions to collection set (Maximum number of regions). Initial 7 regions, optional 0 regions
[2024-10-11T04:35:28.778+0800][debug][gc,ergo,cset] GC(479) Finish choosing collection set old regions. Initial: 7, optional: 0, predicted old time: 0.00ms, predicted optional time: 0.00ms, time remaining: 48.17
[2024-10-11T04:35:28.882+0800][debug][gc,ergo,cset] GC(480) Start adding old regions to collection set. Min 4 regions, max 7 regions, time remaining 49.04ms, optional threshold 9.81ms
[2024-10-11T04:35:28.882+0800][debug][gc,ergo,cset] GC(480) Finish adding old regions to collection set (Maximum number of regions). Initial 7 regions, optional 0 regions
[2024-10-11T04:35:28.882+0800][debug][gc,ergo,cset] GC(480) Finish choosing collection set old regions. Initial: 7, optional: 0, predicted old time: 0.00ms, predicted optional time: 0.00ms, time remaining: 47.87
[2024-10-11T04:35:28.986+0800][debug][gc,ergo,cset] GC(481) Start adding old regions to collection set. Min 4 regions, max 7 regions, time remaining 49.03ms, optional threshold 9.81ms
[2024-10-11T04:35:28.986+0800][debug][gc,ergo,cset] GC(481) Finish adding old regions to collection set (Maximum number of regions). Initial 7 regions, optional 0 regions
[2024-10-11T04:35:28.986+0800][debug][gc,ergo,cset] GC(481) Finish choosing collection set old regions. Initial: 7, optional: 0, predicted old time: 0.00ms, predicted optional time: 0.00ms, time remaining: 47.66
[2024-10-11T04:35:29.091+0800][debug][gc,ergo,cset] GC(482) Start adding old regions to collection set. Min 4 regions, max 7 regions, time remaining 48.98ms, optional threshold 9.80ms
[2024-10-11T04:35:29.091+0800][debug][gc,ergo,cset] GC(482) Old candidate collection set empty.
[2024-10-11T04:35:29.091+0800][debug][gc,ergo,cset] GC(482) Finish choosing collection set old regions. Initial: 6, optional: 0, predicted old time: 0.00ms, predicted optional time: 0.00ms, time remaining: 47.60
[2024-10-11T04:35:29.416+0800][debug][gc,ergo,cset] GC(486) Pruned 9 regions out of 42, leaving 6123176 bytes waste (allowed 6710886)
[2024-10-11T04:35:29.516+0800][debug][gc,ergo,cset] Preventive GC, insufficient free regions. Predicted need 4. Curr Eden 2 (Pred 3). Curr Survivor 1 (Pred 1). Curr Old 52 (Pred 0) Free 4 Alloc 1
[2024-10-11T04:35:29.518+0800][debug][gc,ergo,cset] Preventive GC, insufficient free regions. Predicted need 4. Curr Eden 0 (Pred 1). Curr Survivor 1 (Pred 1). Curr Old 54 (Pred 2) Free 3 Alloc 1
[2024-10-11T04:35:29.519+0800][debug][gc,ergo,cset] GC(488) Start adding old regions to collection set. Min 5 regions, max 7 regions, time remaining 49.62ms, optional threshold 9.92ms
[2024-10-11T04:35:29.519+0800][debug][gc,ergo,cset] GC(488) Finish adding old regions to collection set (Maximum number of regions). Initial 7 regions, optional 0 regions
[2024-10-11T04:35:29.519+0800][debug][gc,ergo,cset] GC(488) Finish choosing collection set old regions. Initial: 7, optional: 0, predicted old time: 0.00ms, predicted optional time: 0.00ms, time remaining: 48.82
[2024-10-11T04:35:29.642+0800][debug][gc,ergo,cset] Preventive GC, insufficient free regions. Predicted need 6. Curr Eden 2 (Pred 3). Curr Survivor 0 (Pred 0). Curr Old 51 (Pred 3) Free 6 Alloc 1
[2024-10-11T04:35:29.643+0800][debug][gc,ergo,cset] GC(489) Start adding old regions to collection set. Min 5 regions, max 7 regions, time remaining 49.02ms, optional threshold 9.80ms
[2024-10-11T04:35:29.643+0800][debug][gc,ergo,cset] GC(489) Finish adding old regions to collection set (Maximum number of regions). Initial 7 regions, optional 0 regions
[2024-10-11T04:35:29.643+0800][debug][gc,ergo,cset] GC(489) Finish choosing collection set old regions. Initial: 7, optional: 0, predicted old time: 0.00ms, predicted optional time: 0.00ms, time remaining: 48.01
[2024-10-11T04:35:29.747+0800][debug][gc,ergo,cset] Preventive GC, insufficient free regions. Predicted need 7. Curr Eden 2 (Pred 3). Curr Survivor 1 (Pred 1). Curr Old 49 (Pred 3) Free 7 Alloc 1
[2024-10-11T04:35:29.747+0800][debug][gc,ergo,cset] GC(490) Start adding old regions to collection set. Min 5 regions, max 7 regions, time remaining 48.93ms, optional threshold 9.79ms
[2024-10-11T04:35:29.747+0800][debug][gc,ergo,cset] GC(490) Finish adding old regions to collection set (Maximum number of regions). Initial 7 regions, optional 0 regions
[2024-10-11T04:35:29.747+0800][debug][gc,ergo,cset] GC(490) Finish choosing collection set old regions. Initial: 7, optional: 0, predicted old time: 0.00ms, predicted optional time: 0.00ms, time remaining: 47.68
[2024-10-11T04:35:29.852+0800][debug][gc,ergo,cset] GC(491) Start adding old regions to collection set. Min 5 regions, max 7 regions, time remaining 48.88ms, optional threshold 9.78ms
[2024-10-11T04:35:29.852+0800][debug][gc,ergo,cset] GC(491) Finish adding old regions to collection set (Maximum number of regions). Initial 7 regions, optional 0 regions
[2024-10-11T04:35:29.852+0800][debug][gc,ergo,cset] GC(491) Finish choosing collection set old regions. Initial: 7, optional: 0, predicted old time: 0.00ms, predicted optional time: 0.00ms, time remaining: 47.49
[2024-10-11T04:35:29.957+0800][debug][gc,ergo,cset] GC(492) Start adding old regions to collection set. Min 5 regions, max 7 regions, time remaining 48.90ms, optional threshold 9.78ms
[2024-10-11T04:35:29.957+0800][debug][gc,ergo,cset] GC(492) Old candidate collection set empty.
[2024-10-11T04:35:29.957+0800][debug][gc,ergo,cset] GC(492) Finish choosing collection set old regions. Initial: 5, optional: 0, predicted old time: 0.00ms, predicted optional time: 0.00ms, time remaining: 47.87
[2024-10-11T04:35:30.279+0800][debug][gc,ergo,cset] GC(496) Pruned 11 regions out of 41, leaving 6510768 bytes waste (allowed 6710886)
[2024-10-11T04:35:30.485+0800][debug][gc,ergo,cset] Preventive GC, insufficient free regions. Predicted need 4. Curr Eden 1 (Pred 2). Curr Survivor 1 (Pred 1). Curr Old 53 (Pred 1) Free 4 Alloc 1
[2024-10-11T04:35:30.485+0800][debug][gc,ergo,cset] GC(498) Start adding old regions to collection set. Min 4 regions, max 7 regions, time remaining 49.24ms, optional threshold 9.85ms
[2024-10-11T04:35:30.485+0800][debug][gc,ergo,cset] GC(498) Finish adding old regions to collection set (Maximum number of regions). Initial 7 regions, optional 0 regions
[2024-10-11T04:35:30.485+0800][debug][gc,ergo,cset] GC(498) Finish choosing collection set old regions. Initial: 7, optional: 0, predicted old time: 0.00ms, predicted optional time: 0.00ms, time remaining: 48.62
[2024-10-11T04:35:30.589+0800][debug][gc,ergo,cset] GC(499) Start adding old regions to collection set. Min 4 regions, max 7 regions, time remaining 49.02ms, optional threshold 9.80ms
[2024-10-11T04:35:30.589+0800][debug][gc,ergo,cset] GC(499) Finish adding old regions to collection set (Maximum number of regions). Initial 7 regions, optional 0 regions
[2024-10-11T04:35:30.589+0800][debug][gc,ergo,cset] GC(499) Finish choosing collection set old regions. Initial: 7, optional: 0, predicted old time: 0.00ms, predicted optional time: 0.00ms, time remaining: 48.02
[2024-10-11T04:35:30.694+0800][debug][gc,ergo,cset] GC(500) Start adding old regions to collection set. Min 4 regions, max 7 regions, time remaining 48.97ms, optional threshold 9.79ms
[2024-10-11T04:35:30.694+0800][debug][gc,ergo,cset] GC(500) Finish adding old regions to collection set (Maximum number of regions). Initial 7 regions, optional 0 regions
[2024-10-11T04:35:30.694+0800][debug][gc,ergo,cset] GC(500) Finish choosing collection set old regions. Initial: 7, optional: 0, predicted old time: 0.00ms, predicted optional time: 0.00ms, time remaining: 47.62
[2024-10-11T04:35:30.799+0800][debug][gc,ergo,cset] GC(501) Start adding old regions to collection set. Min 4 regions, max 7 regions, time remaining 48.95ms, optional threshold 9.79ms
[2024-10-11T04:35:30.799+0800][debug][gc,ergo,cset] GC(501) Finish adding old regions to collection set (Maximum number of regions). Initial 7 regions, optional 0 regions
[2024-10-11T04:35:30.799+0800][debug][gc,ergo,cset] GC(501) Finish choosing collection set old regions. Initial: 7, optional: 0, predicted old time: 0.00ms, predicted optional time: 0.00ms, time remaining: 47.61
[2024-10-11T04:35:30.904+0800][debug][gc,ergo,cset] GC(502) Start adding old regions to collection set. Min 4 regions, max 7 regions, time remaining 48.94ms, optional threshold 9.79ms
[2024-10-11T04:35:30.904+0800][debug][gc,ergo,cset] GC(502) Old candidate collection set empty.
[2024-10-11T04:35:30.904+0800][debug][gc,ergo,cset] GC(502) Finish choosing collection set old regions. Initial: 2, optional: 0, predicted old time: 0.00ms, predicted optional time: 0.00ms, time remaining: 48.53
[2024-10-11T04:35:31.225+0800][debug][gc,ergo,cset] GC(506) Pruned 8 regions out of 41, leaving 5577832 bytes waste (allowed 6710886)
[2024-10-11T04:35:31.369+0800][debug][gc,ergo,cset] Preventive GC, insufficient free regions. Predicted need 4. Curr Eden 2 (Pred 3). Curr Survivor 1 (Pred 1). Curr Old 52 (Pred 0) Free 4 Alloc 1
[2024-10-11T04:35:31.432+0800][debug][gc,ergo,cset] Preventive GC, insufficient free regions. Predicted need 5. Curr Eden 1 (Pred 2). Curr Survivor 1 (Pred 1). Curr Old 54 (Pred 2) Free 3 Alloc 1
[2024-10-11T04:35:31.432+0800][debug][gc,ergo,cset] GC(508) Start adding old regions to collection set. Min 5 regions, max 7 regions, time remaining 49.25ms, optional threshold 9.85ms
[2024-10-11T04:35:31.432+0800][debug][gc,ergo,cset] GC(508) Finish adding old regions to collection set (Maximum number of regions). Initial 7 regions, optional 0 regions
[2024-10-11T04:35:31.432+0800][debug][gc,ergo,cset] GC(508) Finish choosing collection set old regions. Initial: 7, optional: 0, predicted old time: 0.00ms, predicted optional time: 0.00ms, time remaining: 48.55
[2024-10-11T04:35:31.474+0800][debug][gc,ergo,cset] Preventive GC, insufficient free regions. Predicted need 6. Curr Eden 1 (Pred 2). Curr Survivor 1 (Pred 1). Curr Old 56 (Pred 3) Free 1 Alloc 1
[2024-10-11T04:35:31.475+0800][debug][gc,ergo,cset] GC(509) Start adding old regions to collection set. Min 5 regions, max 7 regions, time remaining 49.22ms, optional threshold 9.84ms
[2024-10-11T04:35:31.475+0800][debug][gc,ergo,cset] GC(509) Finish adding old regions to collection set (Maximum number of regions). Initial 7 regions, optional 0 regions
[2024-10-11T04:35:31.475+0800][debug][gc,ergo,cset] GC(509) Finish choosing collection set old regions. Initial: 7, optional: 0, predicted old time: 0.00ms, predicted optional time: 0.00ms, time remaining: 48.24
[2024-10-11T04:35:31.538+0800][debug][gc,ergo,cset] GC(510) Start adding old regions to collection set. Min 5 regions, max 7 regions, time remaining 49.21ms, optional threshold 9.84ms
[2024-10-11T04:35:31.538+0800][debug][gc,ergo,cset] GC(510) Finish adding old regions to collection set (Maximum number of regions). Initial 7 regions, optional 0 regions
[2024-10-11T04:35:31.538+0800][debug][gc,ergo,cset] GC(510) Finish choosing collection set old regions. Initial: 7, optional: 0, predicted old time: 0.00ms, predicted optional time: 0.00ms, time remaining: 48.09
[2024-10-11T04:35:32.045+0800][debug][gc,ergo,cset] GC(516) Pruned 10 regions out of 36, leaving 6547232 bytes waste (allowed 6710886)
[2024-10-11T04:35:32.292+0800][debug][gc,ergo,cset] GC(518) Start adding old regions to collection set. Min 4 regions, max 7 regions, time remaining 49.07ms, optional threshold 9.81ms
[2024-10-11T04:35:32.292+0800][debug][gc,ergo,cset] GC(518) Finish adding old regions to collection set (Maximum number of regions). Initial 7 regions, optional 0 regions
[2024-10-11T04:35:32.292+0800][debug][gc,ergo,cset] GC(518) Finish choosing collection set old regions. Initial: 7, optional: 0, predicted old time: 0.00ms, predicted optional time: 0.00ms, time remaining: 48.41
[2024-10-11T04:35:32.396+0800][debug][gc,ergo,cset] GC(519) Start adding old regions to collection set. Min 4 regions, max 7 regions, time remaining 49.03ms, optional threshold 9.81ms
[2024-10-11T04:35:32.396+0800][debug][gc,ergo,cset] GC(519) Finish adding old regions to collection set (Maximum number of regions). Initial 7 regions, optional 0 regions
[2024-10-11T04:35:32.396+0800][debug][gc,ergo,cset] GC(519) Finish choosing collection set old regions. Initial: 7, optional: 0, predicted old time: 0.00ms, predicted optional time: 0.00ms, time remaining: 47.95
[2024-10-11T04:35:32.501+0800][debug][gc,ergo,cset] GC(520) Start adding old regions to collection set. Min 4 regions, max 7 regions, time remaining 49.00ms, optional threshold 9.80ms
[2024-10-11T04:35:32.501+0800][debug][gc,ergo,cset] GC(520) Finish adding old regions to collection set (Maximum number of regions). Initial 7 regions, optional 0 regions
[2024-10-11T04:35:32.501+0800][debug][gc,ergo,cset] GC(520) Finish choosing collection set old regions. Initial: 7, optional: 0, predicted old time: 0.00ms, predicted optional time: 0.00ms, time remaining: 47.61
[2024-10-11T04:35:32.605+0800][debug][gc,ergo,cset] GC(521) Start adding old regions to collection set. Min 4 regions, max 7 regions, time remaining 49.00ms, optional threshold 9.80ms
[2024-10-11T04:35:32.605+0800][debug][gc,ergo,cset] GC(521) Old candidate collection set empty.
[2024-10-11T04:35:32.605+0800][debug][gc,ergo,cset] GC(521) Finish choosing collection set old regions. Initial: 5, optional: 0, predicted old time: 0.00ms, predicted optional time: 0.00ms, time remaining: 47.94
[2024-10-11T04:35:32.927+0800][debug][gc,ergo,cset] GC(525) Pruned 6 regions out of 41, leaving 6159952 bytes waste (allowed 6710886)
[2024-10-11T04:35:33.071+0800][debug][gc,ergo,cset] Preventive GC, insufficient free regions. Predicted need 4. Curr Eden 2 (Pred 3). Curr Survivor 1 (Pred 1). Curr Old 52 (Pred 0) Free 4 Alloc 1
[2024-10-11T04:35:33.134+0800][debug][gc,ergo,cset] Preventive GC, insufficient free regions. Predicted need 5. Curr Eden 1 (Pred 2). Curr Survivor 1 (Pred 1). Curr Old 54 (Pred 2) Free 3 Alloc 1
[2024-10-11T04:35:33.134+0800][debug][gc,ergo,cset] GC(527) Start adding old regions to collection set. Min 5 regions, max 7 regions, time remaining 49.25ms, optional threshold 9.85ms
[2024-10-11T04:35:33.134+0800][debug][gc,ergo,cset] GC(527) Finish adding old regions to collection set (Maximum number of regions). Initial 7 regions, optional 0 regions
[2024-10-11T04:35:33.134+0800][debug][gc,ergo,cset] GC(527) Finish choosing collection set old regions. Initial: 7, optional: 0, predicted old time: 0.00ms, predicted optional time: 0.00ms, time remaining: 48.67
[2024-10-11T04:35:33.237+0800][debug][gc,ergo,cset] Preventive GC, insufficient free regions. Predicted need 7. Curr Eden 2 (Pred 3). Curr Survivor 1 (Pred 1). Curr Old 50 (Pred 3) Free 6 Alloc 1
[2024-10-11T04:35:33.237+0800][debug][gc,ergo,cset] GC(528) Start adding old regions to collection set. Min 5 regions, max 7 regions, time remaining 49.02ms, optional threshold 9.80ms
[2024-10-11T04:35:33.237+0800][debug][gc,ergo,cset] GC(528) Finish adding old regions to collection set (Maximum number of regions). Initial 7 regions, optional 0 regions
[2024-10-11T04:35:33.237+0800][debug][gc,ergo,cset] GC(528) Finish choosing collection set old regions. Initial: 7, optional: 0, predicted old time: 0.00ms, predicted optional time: 0.00ms, time remaining: 48.07
[2024-10-11T04:35:33.301+0800][debug][gc,ergo,cset] Preventive GC, insufficient free regions. Predicted need 7. Curr Eden 1 (Pred 2). Curr Survivor 1 (Pred 1). Curr Old 51 (Pred 4) Free 6 Alloc 1
[2024-10-11T04:35:33.301+0800][debug][gc,ergo,cset] GC(529) Start adding old regions to collection set. Min 5 regions, max 7 regions, time remaining 49.22ms, optional threshold 9.84ms
[2024-10-11T04:35:33.301+0800][debug][gc,ergo,cset] GC(529) Finish adding old regions to collection set (Maximum number of regions). Initial 7 regions, optional 0 regions
[2024-10-11T04:35:33.301+0800][debug][gc,ergo,cset] GC(529) Finish choosing collection set old regions. Initial: 7, optional: 0, predicted old time: 0.00ms, predicted optional time: 0.00ms, time remaining: 48.05
[2024-10-11T04:35:33.344+0800][debug][gc,ergo,cset] Preventive GC, insufficient free regions. Predicted need 7. Curr Eden 1 (Pred 2). Curr Survivor 1 (Pred 1). Curr Old 52 (Pred 4) Free 5 Alloc 1
[2024-10-11T04:35:33.344+0800][debug][gc,ergo,cset] GC(530) Start adding old regions to collection set. Min 5 regions, max 7 regions, time remaining 49.21ms, optional threshold 9.84ms
[2024-10-11T04:35:33.344+0800][debug][gc,ergo,cset] GC(530) Finish adding old regions to collection set (Maximum number of regions). Initial 7 regions, optional 0 regions
[2024-10-11T04:35:33.344+0800][debug][gc,ergo,cset] GC(530) Finish choosing collection set old regions. Initial: 7, optional: 0, predicted old time: 0.00ms, predicted optional time: 0.00ms, time remaining: 47.94
[2024-10-11T04:35:33.408+0800][debug][gc,ergo,cset] Preventive GC, insufficient free regions. Predicted need 7. Curr Eden 1 (Pred 2). Curr Survivor 1 (Pred 1). Curr Old 55 (Pred 4) Free 2 Alloc 1
[2024-10-11T04:35:33.408+0800][debug][gc,ergo,cset] GC(531) Start adding old regions to collection set. Min 5 regions, max 7 regions, time remaining 49.20ms, optional threshold 9.84ms
[2024-10-11T04:35:33.408+0800][debug][gc,ergo,cset] GC(531) Old candidate collection set empty.
[2024-10-11T04:35:33.408+0800][debug][gc,ergo,cset] GC(531) Finish choosing collection set old regions. Initial: 7, optional: 0, predicted old time: 0.00ms, predicted optional time: 0.00ms, time remaining: 47.77
[2024-10-11T04:35:33.935+0800][debug][gc,ergo,cset] GC(539) Pruned 12 regions out of 32, leaving 6679576 bytes waste (allowed 6710886)
[2024-10-11T04:35:34.203+0800][debug][gc,ergo,cset] GC(541) Start adding old regions to collection set. Min 3 regions, max 7 regions, time remaining 49.09ms, optional threshold 9.82ms
[2024-10-11T04:35:34.203+0800][debug][gc,ergo,cset] GC(541) Finish adding old regions to collection set (Maximum number of regions). Initial 7 regions, optional 0 regions
[2024-10-11T04:35:34.203+0800][debug][gc,ergo,cset] GC(541) Finish choosing collection set old regions. Initial: 7, optional: 0, predicted old time: 0.00ms, predicted optional time: 0.00ms, time remaining: 48.40
[2024-10-11T04:35:34.307+0800][debug][gc,ergo,cset] GC(542) Start adding old regions to collection set. Min 3 regions, max 7 regions, time remaining 49.06ms, optional threshold 9.81ms
[2024-10-11T04:35:34.307+0800][debug][gc,ergo,cset] GC(542) Finish adding old regions to collection set (Maximum number of regions). Initial 7 regions, optional 0 regions
[2024-10-11T04:35:34.307+0800][debug][gc,ergo,cset] GC(542) Finish choosing collection set old regions. Initial: 7, optional: 0, predicted old time: 0.00ms, predicted optional time: 0.00ms, time remaining: 48.02
[2024-10-11T04:35:34.412+0800][debug][gc,ergo,cset] GC(543) Start adding old regions to collection set. Min 3 regions, max 7 regions, time remaining 49.02ms, optional threshold 9.80ms
[2024-10-11T04:35:34.412+0800][debug][gc,ergo,cset] GC(543) Old candidate collection set empty.
[2024-10-11T04:35:34.412+0800][debug][gc,ergo,cset] GC(543) Finish choosing collection set old regions. Initial: 6, optional: 0, predicted old time: 0.00ms, predicted optional time: 0.00ms, time remaining: 47.86
[2024-10-11T04:35:34.734+0800][debug][gc,ergo,cset] GC(547) Pruned 9 regions out of 40, leaving 6122200 bytes waste (allowed 6710886)
[2024-10-11T04:35:34.941+0800][debug][gc,ergo,cset] Preventive GC, insufficient free regions. Predicted need 5. Curr Eden 1 (Pred 2). Curr Survivor 1 (Pred 1). Curr Old 53 (Pred 2) Free 4 Alloc 1
[2024-10-11T04:35:34.941+0800][debug][gc,ergo,cset] GC(549) Start adding old regions to collection set. Min 4 regions, max 7 regions, time remaining 49.24ms, optional threshold 9.85ms
[2024-10-11T04:35:34.941+0800][debug][gc,ergo,cset] GC(549) Finish adding old regions to collection set (Maximum number of regions). Initial 7 regions, optional 0 regions
[2024-10-11T04:35:34.941+0800][debug][gc,ergo,cset] GC(549) Finish choosing collection set old regions. Initial: 7, optional: 0, predicted old time: 0.00ms, predicted optional time: 0.00ms, time remaining: 48.56
[2024-10-11T04:35:34.983+0800][debug][gc,ergo,cset] Preventive GC, insufficient free regions. Predicted need 6. Curr Eden 1 (Pred 2). Curr Survivor 1 (Pred 1). Curr Old 51 (Pred 3) Free 6 Alloc 1
[2024-10-11T04:35:34.984+0800][debug][gc,ergo,cset] GC(550) Start adding old regions to collection set. Min 4 regions, max 7 regions, time remaining 49.22ms, optional threshold 9.84ms
[2024-10-11T04:35:34.984+0800][debug][gc,ergo,cset] GC(550) Finish adding old regions to collection set (Maximum number of regions). Initial 7 regions, optional 0 regions
[2024-10-11T04:35:34.984+0800][debug][gc,ergo,cset] GC(550) Finish choosing collection set old regions. Initial: 7, optional: 0, predicted old time: 0.00ms, predicted optional time: 0.00ms, time remaining: 48.24
[2024-10-11T04:35:35.047+0800][debug][gc,ergo,cset] Preventive GC, insufficient free regions. Predicted need 6. Curr Eden 1 (Pred 2). Curr Survivor 1 (Pred 1). Curr Old 52 (Pred 3) Free 5 Alloc 1
[2024-10-11T04:35:35.047+0800][debug][gc,ergo,cset] GC(551) Start adding old regions to collection set. Min 4 regions, max 7 regions, time remaining 49.22ms, optional threshold 9.84ms
[2024-10-11T04:35:35.047+0800][debug][gc,ergo,cset] GC(551) Finish adding old regions to collection set (Maximum number of regions). Initial 7 regions, optional 0 regions
[2024-10-11T04:35:35.047+0800][debug][gc,ergo,cset] GC(551) Finish choosing collection set old regions. Initial: 7, optional: 0, predicted old time: 0.00ms, predicted optional time: 0.00ms, time remaining: 48.07
[2024-10-11T04:35:35.090+0800][debug][gc,ergo,cset] Preventive GC, insufficient free regions. Predicted need 6. Curr Eden 1 (Pred 2). Curr Survivor 1 (Pred 1). Curr Old 54 (Pred 3) Free 3 Alloc 1
[2024-10-11T04:35:35.091+0800][debug][gc,ergo,cset] GC(552) Start adding old regions to collection set. Min 4 regions, max 7 regions, time remaining 49.20ms, optional threshold 9.84ms
[2024-10-11T04:35:35.091+0800][debug][gc,ergo,cset] GC(552) Finish adding old regions to collection set (Maximum number of regions). Initial 7 regions, optional 0 regions
[2024-10-11T04:35:35.091+0800][debug][gc,ergo,cset] GC(552) Finish choosing collection set old regions. Initial: 7, optional: 0, predicted old time: 0.00ms, predicted optional time: 0.00ms, time remaining: 47.77
[2024-10-11T04:35:35.154+0800][debug][gc,ergo,cset] GC(553) Start adding old regions to collection set. Min 4 regions, max 7 regions, time remaining 49.18ms, optional threshold 9.84ms
[2024-10-11T04:35:35.154+0800][debug][gc,ergo,cset] GC(553) Old candidate collection set empty.
[2024-10-11T04:35:35.154+0800][debug][gc,ergo,cset] GC(553) Finish choosing collection set old regions. Initial: 3, optional: 0, predicted old time: 0.00ms, predicted optional time: 0.00ms, time remaining: 48.53
[2024-10-11T04:35:35.762+0800][debug][gc,ergo,cset] GC(560) Pruned 9 regions out of 36, leaving 6307016 bytes waste (allowed 6710886)
[2024-10-11T04:35:36.008+0800][debug][gc,ergo,cset] Preventive GC, insufficient free regions. Predicted need 5. Curr Eden 2 (Pred 3). Curr Survivor 1 (Pred 1). Curr Old 52 (Pred 1) Free 4 Alloc 1
[2024-10-11T04:35:36.008+0800][debug][gc,ergo,cset] GC(562) Start adding old regions to collection set. Min 4 regions, max 7 regions, time remaining 49.08ms, optional threshold 9.82ms
[2024-10-11T04:35:36.008+0800][debug][gc,ergo,cset] GC(562) Finish adding old regions to collection set (Maximum number of regions). Initial 7 regions, optional 0 regions
[2024-10-11T04:35:36.008+0800][debug][gc,ergo,cset] GC(562) Finish choosing collection set old regions. Initial: 7, optional: 0, predicted old time: 0.00ms, predicted optional time: 0.00ms, time remaining: 48.58
[2024-10-11T04:35:36.112+0800][debug][gc,ergo,cset] Preventive GC, insufficient free regions. Predicted need 7. Curr Eden 2 (Pred 3). Curr Survivor 1 (Pred 1). Curr Old 49 (Pred 3) Free 7 Alloc 1
[2024-10-11T04:35:36.112+0800][debug][gc,ergo,cset] GC(563) Start adding old regions to collection set. Min 4 regions, max 7 regions, time remaining 49.08ms, optional threshold 9.82ms
[2024-10-11T04:35:36.112+0800][debug][gc,ergo,cset] GC(563) Finish adding old regions to collection set (Maximum number of regions). Initial 7 regions, optional 0 regions
[2024-10-11T04:35:36.112+0800][debug][gc,ergo,cset] GC(563) Finish choosing collection set old regions. Initial: 7, optional: 0, predicted old time: 0.00ms, predicted optional time: 0.00ms, time remaining: 48.20
[2024-10-11T04:35:36.176+0800][debug][gc,ergo,cset] Preventive GC, insufficient free regions. Predicted need 7. Curr Eden 2 (Pred 3). Curr Survivor 1 (Pred 1). Curr Old 49 (Pred 3) Free 7 Alloc 1
[2024-10-11T04:35:36.176+0800][debug][gc,ergo,cset] GC(564) Start adding old regions to collection set. Min 4 regions, max 7 regions, time remaining 49.09ms, optional threshold 9.82ms
[2024-10-11T04:35:36.176+0800][debug][gc,ergo,cset] GC(564) Finish adding old regions to collection set (Maximum number of regions). Initial 7 regions, optional 0 regions
[2024-10-11T04:35:36.176+0800][debug][gc,ergo,cset] GC(564) Finish choosing collection set old regions. Initial: 7, optional: 0, predicted old time: 0.00ms, predicted optional time: 0.00ms, time remaining: 48.04
[2024-10-11T04:35:36.301+0800][debug][gc,ergo,cset] Preventive GC, insufficient free regions. Predicted need 8. Curr Eden 2 (Pred 3). Curr Survivor 1 (Pred 1). Curr Old 48 (Pred 4) Free 7 Alloc 1
[2024-10-11T04:35:36.301+0800][debug][gc,ergo,cset] GC(565) Start adding old regions to collection set. Min 4 regions, max 7 regions, time remaining 49.07ms, optional threshold 9.81ms
[2024-10-11T04:35:36.301+0800][debug][gc,ergo,cset] GC(565) Old candidate collection set empty.
[2024-10-11T04:35:36.301+0800][debug][gc,ergo,cset] GC(565) Finish choosing collection set old regions. Initial: 6, optional: 0, predicted old time: 0.00ms, predicted optional time: 0.00ms, time remaining: 47.99
[2024-10-11T04:35:36.535+0800][debug][gc,ergo,cset] GC(568) Pruned 10 regions out of 38, leaving 6163872 bytes waste (allowed 6710886)
[2024-10-11T04:35:36.678+0800][debug][gc,ergo,cset] Preventive GC, insufficient free regions. Predicted need 4. Curr Eden 2 (Pred 3). Curr Survivor 1 (Pred 1). Curr Old 52 (Pred 0) Free 4 Alloc 1
[2024-10-11T04:35:36.742+0800][debug][gc,ergo,cset] Preventive GC, insufficient free regions. Predicted need 4. Curr Eden 1 (Pred 2). Curr Survivor 1 (Pred 1). Curr Old 54 (Pred 1) Free 3 Alloc 1
[2024-10-11T04:35:36.742+0800][debug][gc,ergo,cset] GC(570) Start adding old regions to collection set. Min 4 regions, max 7 regions, time remaining 47.94ms, optional threshold 9.59ms
[2024-10-11T04:35:36.742+0800][debug][gc,ergo,cset] GC(570) Finish adding old regions to collection set (Maximum number of regions). Initial 7 regions, optional 0 regions
[2024-10-11T04:35:36.742+0800][debug][gc,ergo,cset] GC(570) Finish choosing collection set old regions. Initial: 7, optional: 0, predicted old time: 0.00ms, predicted optional time: 0.00ms, time remaining: 46.47
[2024-10-11T04:35:36.848+0800][debug][gc,ergo,cset] Preventive GC, insufficient free regions. Predicted need 6. Curr Eden 2 (Pred 3). Curr Survivor 1 (Pred 1). Curr Old 50 (Pred 2) Free 6 Alloc 1
[2024-10-11T04:35:36.848+0800][debug][gc,ergo,cset] GC(571) Start adding old regions to collection set. Min 4 regions, max 7 regions, time remaining 47.06ms, optional threshold 9.41ms
[2024-10-11T04:35:36.848+0800][debug][gc,ergo,cset] GC(571) Finish adding old regions to collection set (Maximum number of regions). Initial 7 regions, optional 0 regions
[2024-10-11T04:35:36.848+0800][debug][gc,ergo,cset] GC(571) Finish choosing collection set old regions. Initial: 7, optional: 0, predicted old time: 0.00ms, predicted optional time: 0.00ms, time remaining: 43.63
[2024-10-11T04:35:36.918+0800][debug][gc,ergo,cset] Preventive GC, insufficient free regions. Predicted need 5. Curr Eden 1 (Pred 2). Curr Survivor 1 (Pred 1). Curr Old 52 (Pred 2) Free 5 Alloc 1
[2024-10-11T04:35:36.918+0800][debug][gc,ergo,cset] GC(572) Start adding old regions to collection set. Min 4 regions, max 7 regions, time remaining 47.86ms, optional threshold 9.57ms
[2024-10-11T04:35:36.918+0800][debug][gc,ergo,cset] GC(572) Finish adding old regions to collection set (Maximum number of regions). Initial 7 regions, optional 0 regions
[2024-10-11T04:35:36.918+0800][debug][gc,ergo,cset] GC(572) Finish choosing collection set old regions. Initial: 7, optional: 0, predicted old time: 0.00ms, predicted optional time: 0.00ms, time remaining: 43.99
[2024-10-11T04:35:36.964+0800][debug][gc,ergo,cset] Preventive GC, insufficient free regions. Predicted need 6. Curr Eden 1 (Pred 2). Curr Survivor 1 (Pred 1). Curr Old 55 (Pred 3) Free 2 Alloc 1
[2024-10-11T04:35:36.964+0800][debug][gc,ergo,cset] GC(573) Start adding old regions to collection set. Min 4 regions, max 7 regions, time remaining 47.83ms, optional threshold 9.57ms
[2024-10-11T04:35:36.964+0800][debug][gc,ergo,cset] GC(573) Old candidate collection set empty.
[2024-10-11T04:35:36.964+0800][debug][gc,ergo,cset] GC(573) Finish choosing collection set old regions. Initial: 7, optional: 0, predicted old time: 0.00ms, predicted optional time: 0.00ms, time remaining: 43.40
[2024-10-11T04:35:37.701+0800][debug][gc,ergo,cset] GC(582) Pruned 12 regions out of 35, leaving 6360304 bytes waste (allowed 6710886)
[2024-10-11T04:35:37.948+0800][debug][gc,ergo,cset] Preventive GC, insufficient free regions. Predicted need 5. Curr Eden 2 (Pred 3). Curr Survivor 1 (Pred 1). Curr Old 51 (Pred 1) Free 5 Alloc 1
[2024-10-11T04:35:37.948+0800][debug][gc,ergo,cset] GC(584) Start adding old regions to collection set. Min 3 regions, max 7 regions, time remaining 48.40ms, optional threshold 9.68ms
[2024-10-11T04:35:37.948+0800][debug][gc,ergo,cset] GC(584) Finish adding old regions to collection set (Maximum number of regions). Initial 7 regions, optional 0 regions
[2024-10-11T04:35:37.948+0800][debug][gc,ergo,cset] GC(584) Finish choosing collection set old regions. Initial: 7, optional: 0, predicted old time: 0.00ms, predicted optional time: 0.00ms, time remaining: 47.21
[2024-10-11T04:35:38.053+0800][debug][gc,ergo,cset] GC(585) Start adding old regions to collection set. Min 3 regions, max 7 regions, time remaining 48.34ms, optional threshold 9.67ms
[2024-10-11T04:35:38.053+0800][debug][gc,ergo,cset] GC(585) Finish adding old regions to collection set (Maximum number of regions). Initial 7 regions, optional 0 regions
[2024-10-11T04:35:38.053+0800][debug][gc,ergo,cset] GC(585) Finish choosing collection set old regions. Initial: 7, optional: 0, predicted old time: 0.00ms, predicted optional time: 0.00ms, time remaining: 46.61
[2024-10-11T04:35:38.157+0800][debug][gc,ergo,cset] GC(586) Start adding old regions to collection set. Min 3 regions, max 7 regions, time remaining 48.46ms, optional threshold 9.69ms
[2024-10-11T04:35:38.157+0800][debug][gc,ergo,cset] GC(586) Finish adding old regions to collection set (Maximum number of regions). Initial 7 regions, optional 0 regions
[2024-10-11T04:35:38.157+0800][debug][gc,ergo,cset] GC(586) Finish choosing collection set old regions. Initial: 7, optional: 0, predicted old time: 0.00ms, predicted optional time: 0.00ms, time remaining: 46.43
[2024-10-11T04:35:38.263+0800][debug][gc,ergo,cset] GC(587) Start adding old regions to collection set. Min 3 regions, max 7 regions, time remaining 48.50ms, optional threshold 9.70ms
[2024-10-11T04:35:38.263+0800][debug][gc,ergo,cset] GC(587) Old candidate collection set empty.
[2024-10-11T04:35:38.263+0800][debug][gc,ergo,cset] GC(587) Finish choosing collection set old regions. Initial: 2, optional: 0, predicted old time: 0.00ms, predicted optional time: 0.00ms, time remaining: 47.77
[2024-10-11T04:35:38.440+0800][debug][gc,ergo,cset] GC(590) Pruned 10 regions out of 39, leaving 6044144 bytes waste (allowed 6710886)
[2024-10-11T04:35:38.668+0800][debug][gc,ergo,cset] Preventive GC, insufficient free regions. Predicted need 5. Curr Eden 1 (Pred 2). Curr Survivor 1 (Pred 1). Curr Old 52 (Pred 2) Free 5 Alloc 1
[2024-10-11T04:35:38.668+0800][debug][gc,ergo,cset] GC(592) Start adding old regions to collection set. Min 4 regions, max 7 regions, time remaining 49.07ms, optional threshold 9.81ms
[2024-10-11T04:35:38.668+0800][debug][gc,ergo,cset] GC(592) Finish adding old regions to collection set (Maximum number of regions). Initial 7 regions, optional 0 regions
[2024-10-11T04:35:38.668+0800][debug][gc,ergo,cset] GC(592) Finish choosing collection set old regions. Initial: 7, optional: 0, predicted old time: 0.00ms, predicted optional time: 0.00ms, time remaining: 48.00
[2024-10-11T04:35:38.773+0800][debug][gc,ergo,cset] Preventive GC, insufficient free regions. Predicted need 7. Curr Eden 2 (Pred 3). Curr Survivor 1 (Pred 1). Curr Old 49 (Pred 3) Free 7 Alloc 1
[2024-10-11T04:35:38.773+0800][debug][gc,ergo,cset] GC(593) Start adding old regions to collection set. Min 4 regions, max 7 regions, time remaining 48.65ms, optional threshold 9.73ms
[2024-10-11T04:35:38.773+0800][debug][gc,ergo,cset] GC(593) Finish adding old regions to collection set (Maximum number of regions). Initial 7 regions, optional 0 regions
[2024-10-11T04:35:38.773+0800][debug][gc,ergo,cset] GC(593) Finish choosing collection set old regions. Initial: 7, optional: 0, predicted old time: 0.00ms, predicted optional time: 0.00ms, time remaining: 47.15
[2024-10-11T04:35:38.878+0800][debug][gc,ergo,cset] GC(594) Start adding old regions to collection set. Min 4 regions, max 7 regions, time remaining 48.70ms, optional threshold 9.74ms
[2024-10-11T04:35:38.878+0800][debug][gc,ergo,cset] GC(594) Finish adding old regions to collection set (Maximum number of regions). Initial 7 regions, optional 0 regions
[2024-10-11T04:35:38.878+0800][debug][gc,ergo,cset] GC(594) Finish choosing collection set old regions. Initial: 7, optional: 0, predicted old time: 0.00ms, predicted optional time: 0.00ms, time remaining: 47.10
[2024-10-11T04:35:38.983+0800][debug][gc,ergo,cset] GC(595) Start adding old regions to collection set. Min 4 regions, max 7 regions, time remaining 48.74ms, optional threshold 9.75ms
[2024-10-11T04:35:38.983+0800][debug][gc,ergo,cset] GC(595) Finish adding old regions to collection set (Maximum number of regions). Initial 7 regions, optional 0 regions
[2024-10-11T04:35:38.983+0800][debug][gc,ergo,cset] GC(595) Finish choosing collection set old regions. Initial: 7, optional: 0, predicted old time: 0.00ms, predicted optional time: 0.00ms, time remaining: 47.06
[2024-10-11T04:35:39.088+0800][debug][gc,ergo,cset] GC(596) Start adding old regions to collection set. Min 4 regions, max 7 regions, time remaining 48.79ms, optional threshold 9.76ms
[2024-10-11T04:35:39.088+0800][debug][gc,ergo,cset] GC(596) Old candidate collection set empty.
[2024-10-11T04:35:39.088+0800][debug][gc,ergo,cset] GC(596) Finish choosing collection set old regions. Initial: 1, optional: 0, predicted old time: 0.00ms, predicted optional time: 0.00ms, time remaining: 48.55
[2024-10-11T04:35:39.306+0800][debug][gc,ergo,cset] GC(599) Pruned 9 regions out of 43, leaving 6401736 bytes waste (allowed 6710886)
[2024-10-11T04:35:39.450+0800][debug][gc,ergo,cset] Preventive GC, insufficient free regions. Predicted need 4. Curr Eden 2 (Pred 3). Curr Survivor 1 (Pred 1). Curr Old 52 (Pred 0) Free 4 Alloc 1
[2024-10-11T04:35:39.513+0800][debug][gc,ergo,cset] Preventive GC, insufficient free regions. Predicted need 5. Curr Eden 1 (Pred 2). Curr Survivor 1 (Pred 1). Curr Old 54 (Pred 2) Free 3 Alloc 1
[2024-10-11T04:35:39.513+0800][debug][gc,ergo,cset] GC(601) Start adding old regions to collection set. Min 5 regions, max 7 regions, time remaining 49.20ms, optional threshold 9.84ms
[2024-10-11T04:35:39.513+0800][debug][gc,ergo,cset] GC(601) Finish adding old regions to collection set (Maximum number of regions). Initial 7 regions, optional 0 regions
[2024-10-11T04:35:39.513+0800][debug][gc,ergo,cset] GC(601) Finish choosing collection set old regions. Initial: 7, optional: 0, predicted old time: 0.00ms, predicted optional time: 0.00ms, time remaining: 48.37
[2024-10-11T04:35:39.555+0800][debug][gc,ergo,cset] Preventive GC, insufficient free regions. Predicted need 6. Curr Eden 1 (Pred 2). Curr Survivor 1 (Pred 1). Curr Old 53 (Pred 3) Free 4 Alloc 1
[2024-10-11T04:35:39.555+0800][debug][gc,ergo,cset] GC(602) Start adding old regions to collection set. Min 5 regions, max 7 regions, time remaining 49.18ms, optional threshold 9.84ms
[2024-10-11T04:35:39.555+0800][debug][gc,ergo,cset] GC(602) Finish adding old regions to collection set (Maximum number of regions). Initial 7 regions, optional 0 regions
[2024-10-11T04:35:39.555+0800][debug][gc,ergo,cset] GC(602) Finish choosing collection set old regions. Initial: 7, optional: 0, predicted old time: 0.00ms, predicted optional time: 0.00ms, time remaining: 47.89
[2024-10-11T04:35:39.618+0800][debug][gc,ergo,cset] Preventive GC, insufficient free regions. Predicted need 7. Curr Eden 1 (Pred 2). Curr Survivor 1 (Pred 1). Curr Old 56 (Pred 4) Free 1 Alloc 1
[2024-10-11T04:35:39.619+0800][debug][gc,ergo,cset] GC(603) Start adding old regions to collection set. Min 5 regions, max 7 regions, time remaining 49.17ms, optional threshold 9.83ms
[2024-10-11T04:35:39.619+0800][debug][gc,ergo,cset] GC(603) Finish adding old regions to collection set (Maximum number of regions). Initial 7 regions, optional 0 regions
[2024-10-11T04:35:39.619+0800][debug][gc,ergo,cset] GC(603) Finish choosing collection set old regions. Initial: 7, optional: 0, predicted old time: 0.00ms, predicted optional time: 0.00ms, time remaining: 47.66
[2024-10-11T04:35:39.662+0800][debug][gc,ergo,cset] GC(604) Start adding old regions to collection set. Min 5 regions, max 7 regions, time remaining 49.08ms, optional threshold 9.82ms
[2024-10-11T04:35:39.662+0800][debug][gc,ergo,cset] GC(604) Finish adding old regions to collection set (Maximum number of regions). Initial 7 regions, optional 0 regions
[2024-10-11T04:35:39.662+0800][debug][gc,ergo,cset] GC(604) Finish choosing collection set old regions. Initial: 7, optional: 0, predicted old time: 0.00ms, predicted optional time: 0.00ms, time remaining: 47.48
[2024-10-11T04:35:40.335+0800][debug][gc,ergo,cset] GC(611) Pruned 12 regions out of 40, leaving 6415376 bytes waste (allowed 6710886)
[2024-10-11T04:35:40.580+0800][debug][gc,ergo,cset] Preventive GC, insufficient free regions. Predicted need 6. Curr Eden 2 (Pred 3). Curr Survivor 1 (Pred 1). Curr Old 51 (Pred 2) Free 5 Alloc 1
[2024-10-11T04:35:40.580+0800][debug][gc,ergo,cset] GC(613) Start adding old regions to collection set. Min 4 regions, max 7 regions, time remaining 48.96ms, optional threshold 9.79ms
[2024-10-11T04:35:40.580+0800][debug][gc,ergo,cset] GC(613) Finish adding old regions to collection set (Maximum number of regions). Initial 7 regions, optional 0 regions
[2024-10-11T04:35:40.580+0800][debug][gc,ergo,cset] GC(613) Finish choosing collection set old regions. Initial: 7, optional: 0, predicted old time: 0.00ms, predicted optional time: 0.00ms, time remaining: 48.08
[2024-10-11T04:35:40.684+0800][debug][gc,ergo,cset] GC(614) Start adding old regions to collection set. Min 4 regions, max 7 regions, time remaining 48.91ms, optional threshold 9.78ms
[2024-10-11T04:35:40.684+0800][debug][gc,ergo,cset] GC(614) Finish adding old regions to collection set (Maximum number of regions). Initial 7 regions, optional 0 regions
[2024-10-11T04:35:40.684+0800][debug][gc,ergo,cset] GC(614) Finish choosing collection set old regions. Initial: 7, optional: 0, predicted old time: 0.00ms, predicted optional time: 0.00ms, time remaining: 47.64
[2024-10-11T04:35:40.790+0800][debug][gc,ergo,cset] GC(615) Start adding old regions to collection set. Min 4 regions, max 7 regions, time remaining 48.88ms, optional threshold 9.78ms
[2024-10-11T04:35:40.790+0800][debug][gc,ergo,cset] GC(615) Finish adding old regions to collection set (Maximum number of regions). Initial 7 regions, optional 0 regions
[2024-10-11T04:35:40.790+0800][debug][gc,ergo,cset] GC(615) Finish choosing collection set old regions. Initial: 7, optional: 0, predicted old time: 0.00ms, predicted optional time: 0.00ms, time remaining: 47.50
[2024-10-11T04:35:40.894+0800][debug][gc,ergo,cset] GC(616) Start adding old regions to collection set. Min 4 regions, max 7 regions, time remaining 48.90ms, optional threshold 9.78ms
[2024-10-11T04:35:40.894+0800][debug][gc,ergo,cset] GC(616) Old candidate collection set empty.
[2024-10-11T04:35:40.894+0800][debug][gc,ergo,cset] GC(616) Finish choosing collection set old regions. Initial: 7, optional: 0, predicted old time: 0.00ms, predicted optional time: 0.00ms, time remaining: 47.28
[2024-10-11T04:35:41.220+0800][debug][gc,ergo,cset] GC(620) Pruned 10 regions out of 41, leaving 6397480 bytes waste (allowed 6710886)
[2024-10-11T04:35:41.360+0800][debug][gc,ergo,cset] Preventive GC, insufficient free regions. Predicted need 4. Curr Eden 2 (Pred 3). Curr Survivor 1 (Pred 1). Curr Old 52 (Pred 0) Free 4 Alloc 1
[2024-10-11T04:35:41.423+0800][debug][gc,ergo,cset] Preventive GC, insufficient free regions. Predicted need 5. Curr Eden 1 (Pred 2). Curr Survivor 1 (Pred 1). Curr Old 54 (Pred 2) Free 3 Alloc 1
[2024-10-11T04:35:41.423+0800][debug][gc,ergo,cset] GC(622) Start adding old regions to collection set. Min 4 regions, max 7 regions, time remaining 49.24ms, optional threshold 9.85ms
[2024-10-11T04:35:41.423+0800][debug][gc,ergo,cset] GC(622) Finish adding old regions to collection set (Maximum number of regions). Initial 7 regions, optional 0 regions
[2024-10-11T04:35:41.423+0800][debug][gc,ergo,cset] GC(622) Finish choosing collection set old regions. Initial: 7, optional: 0, predicted old time: 0.00ms, predicted optional time: 0.00ms, time remaining: 48.48
[2024-10-11T04:35:41.466+0800][debug][gc,ergo,cset] Preventive GC, insufficient free regions. Predicted need 5. Curr Eden 1 (Pred 2). Curr Survivor 1 (Pred 1). Curr Old 54 (Pred 2) Free 3 Alloc 1
[2024-10-11T04:35:41.466+0800][debug][gc,ergo,cset] GC(623) Start adding old regions to collection set. Min 4 regions, max 7 regions, time remaining 49.21ms, optional threshold 9.84ms
[2024-10-11T04:35:41.466+0800][debug][gc,ergo,cset] GC(623) Finish adding old regions to collection set (Maximum number of regions). Initial 7 regions, optional 0 regions
[2024-10-11T04:35:41.466+0800][debug][gc,ergo,cset] GC(623) Finish choosing collection set old regions. Initial: 7, optional: 0, predicted old time: 0.00ms, predicted optional time: 0.00ms, time remaining: 48.24
[2024-10-11T04:35:41.529+0800][debug][gc,ergo,cset] GC(624) Start adding old regions to collection set. Min 4 regions, max 7 regions, time remaining 49.20ms, optional threshold 9.84ms
[2024-10-11T04:35:41.529+0800][debug][gc,ergo,cset] GC(624) Finish adding old regions to collection set (Maximum number of regions). Initial 7 regions, optional 0 regions
[2024-10-11T04:35:41.529+0800][debug][gc,ergo,cset] GC(624) Finish choosing collection set old regions. Initial: 7, optional: 0, predicted old time: 0.00ms, predicted optional time: 0.00ms, time remaining: 48.06
[2024-10-11T04:35:42.181+0800][debug][gc,ergo,cset] GC(631) Pruned 11 regions out of 38, leaving 6701976 bytes waste (allowed 6710886)
[2024-10-11T04:35:42.427+0800][debug][gc,ergo,cset] Preventive GC, insufficient free regions. Predicted need 6. Curr Eden 2 (Pred 3). Curr Survivor 1 (Pred 1). Curr Old 51 (Pred 2) Free 5 Alloc 1
[2024-10-11T04:35:42.427+0800][debug][gc,ergo,cset] GC(633) Start adding old regions to collection set. Min 4 regions, max 7 regions, time remaining 49.09ms, optional threshold 9.82ms
[2024-10-11T04:35:42.427+0800][debug][gc,ergo,cset] GC(633) Finish adding old regions to collection set (Maximum number of regions). Initial 7 regions, optional 0 regions
[2024-10-11T04:35:42.427+0800][debug][gc,ergo,cset] GC(633) Finish choosing collection set old regions. Initial: 7, optional: 0, predicted old time: 0.00ms, predicted optional time: 0.00ms, time remaining: 48.31
[2024-10-11T04:35:42.532+0800][debug][gc,ergo,cset] GC(634) Start adding old regions to collection set. Min 4 regions, max 7 regions, time remaining 49.00ms, optional threshold 9.80ms
[2024-10-11T04:35:42.532+0800][debug][gc,ergo,cset] GC(634) Finish adding old regions to collection set (Maximum number of regions). Initial 7 regions, optional 0 regions
[2024-10-11T04:35:42.532+0800][debug][gc,ergo,cset] GC(634) Finish choosing collection set old regions. Initial: 7, optional: 0, predicted old time: 0.00ms, predicted optional time: 0.00ms, time remaining: 47.94
[2024-10-11T04:35:42.637+0800][debug][gc,ergo,cset] GC(635) Start adding old regions to collection set. Min 4 regions, max 7 regions, time remaining 48.98ms, optional threshold 9.80ms
[2024-10-11T04:35:42.637+0800][debug][gc,ergo,cset] GC(635) Finish adding old regions to collection set (Maximum number of regions). Initial 7 regions, optional 0 regions
[2024-10-11T04:35:42.637+0800][debug][gc,ergo,cset] GC(635) Finish choosing collection set old regions. Initial: 7, optional: 0, predicted old time: 0.00ms, predicted optional time: 0.00ms, time remaining: 47.76
[2024-10-11T04:35:42.741+0800][debug][gc,ergo,cset] GC(636) Start adding old regions to collection set. Min 4 regions, max 7 regions, time remaining 48.96ms, optional threshold 9.79ms
[2024-10-11T04:35:42.741+0800][debug][gc,ergo,cset] GC(636) Old candidate collection set empty.
[2024-10-11T04:35:42.742+0800][debug][gc,ergo,cset] GC(636) Finish choosing collection set old regions. Initial: 6, optional: 0, predicted old time: 0.00ms, predicted optional time: 0.00ms, time remaining: 47.77
[2024-10-11T04:35:42.899+0800][debug][gc,ergo,cset] GC(639) Pruned 11 regions out of 36, leaving 6340504 bytes waste (allowed 6710886)
[2024-10-11T04:35:43.167+0800][debug][gc,ergo,cset] GC(641) Start adding old regions to collection set. Min 4 regions, max 7 regions, time remaining 49.01ms, optional threshold 9.80ms
[2024-10-11T04:35:43.167+0800][debug][gc,ergo,cset] GC(641) Finish adding old regions to collection set (Maximum number of regions). Initial 7 regions, optional 0 regions
[2024-10-11T04:35:43.167+0800][debug][gc,ergo,cset] GC(641) Finish choosing collection set old regions. Initial: 7, optional: 0, predicted old time: 0.00ms, predicted optional time: 0.00ms, time remaining: 48.19
[2024-10-11T04:35:43.271+0800][debug][gc,ergo,cset] GC(642) Start adding old regions to collection set. Min 4 regions, max 7 regions, time remaining 48.81ms, optional threshold 9.76ms
[2024-10-11T04:35:43.271+0800][debug][gc,ergo,cset] GC(642) Finish adding old regions to collection set (Maximum number of regions). Initial 7 regions, optional 0 regions
[2024-10-11T04:35:43.271+0800][debug][gc,ergo,cset] GC(642) Finish choosing collection set old regions. Initial: 7, optional: 0, predicted old time: 0.00ms, predicted optional time: 0.00ms, time remaining: 47.41
[2024-10-11T04:35:43.376+0800][debug][gc,ergo,cset] GC(643) Start adding old regions to collection set. Min 4 regions, max 7 regions, time remaining 48.84ms, optional threshold 9.77ms
[2024-10-11T04:35:43.376+0800][debug][gc,ergo,cset] GC(643) Finish adding old regions to collection set (Maximum number of regions). Initial 7 regions, optional 0 regions
[2024-10-11T04:35:43.376+0800][debug][gc,ergo,cset] GC(643) Finish choosing collection set old regions. Initial: 7, optional: 0, predicted old time: 0.00ms, predicted optional time: 0.00ms, time remaining: 47.26
[2024-10-11T04:35:43.481+0800][debug][gc,ergo,cset] GC(644) Start adding old regions to collection set. Min 4 regions, max 7 regions, time remaining 48.82ms, optional threshold 9.76ms
[2024-10-11T04:35:43.481+0800][debug][gc,ergo,cset] GC(644) Old candidate collection set empty.
[2024-10-11T04:35:43.481+0800][debug][gc,ergo,cset] GC(644) Finish choosing collection set old regions. Initial: 4, optional: 0, predicted old time: 0.00ms, predicted optional time: 0.00ms, time remaining: 47.83
[2024-10-11T04:35:43.802+0800][debug][gc,ergo,cset] GC(648) Pruned 10 regions out of 39, leaving 6022520 bytes waste (allowed 6710886)
[2024-10-11T04:35:44.007+0800][debug][gc,ergo,cset] Preventive GC, insufficient free regions. Predicted need 4. Curr Eden 1 (Pred 2). Curr Survivor 1 (Pred 1). Curr Old 53 (Pred 1) Free 4 Alloc 1
[2024-10-11T04:35:44.007+0800][debug][gc,ergo,cset] GC(650) Start adding old regions to collection set. Min 4 regions, max 7 regions, time remaining 49.23ms, optional threshold 9.85ms
[2024-10-11T04:35:44.007+0800][debug][gc,ergo,cset] GC(650) Finish adding old regions to collection set (Maximum number of regions). Initial 7 regions, optional 0 regions
[2024-10-11T04:35:44.007+0800][debug][gc,ergo,cset] GC(650) Finish choosing collection set old regions. Initial: 7, optional: 0, predicted old time: 0.00ms, predicted optional time: 0.00ms, time remaining: 48.65
[2024-10-11T04:35:44.111+0800][debug][gc,ergo,cset] Preventive GC, insufficient free regions. Predicted need 7. Curr Eden 2 (Pred 3). Curr Survivor 1 (Pred 1). Curr Old 49 (Pred 3) Free 7 Alloc 1
[2024-10-11T04:35:44.111+0800][debug][gc,ergo,cset] GC(651) Start adding old regions to collection set. Min 4 regions, max 7 regions, time remaining 48.97ms, optional threshold 9.79ms
[2024-10-11T04:35:44.111+0800][debug][gc,ergo,cset] GC(651) Finish adding old regions to collection set (Maximum number of regions). Initial 7 regions, optional 0 regions
[2024-10-11T04:35:44.111+0800][debug][gc,ergo,cset] GC(651) Finish choosing collection set old regions. Initial: 7, optional: 0, predicted old time: 0.00ms, predicted optional time: 0.00ms, time remaining: 47.93
[2024-10-11T04:35:44.215+0800][debug][gc,ergo,cset] GC(652) Start adding old regions to collection set. Min 4 regions, max 7 regions, time remaining 48.95ms, optional threshold 9.79ms
[2024-10-11T04:35:44.216+0800][debug][gc,ergo,cset] GC(652) Finish adding old regions to collection set (Maximum number of regions). Initial 7 regions, optional 0 regions
[2024-10-11T04:35:44.216+0800][debug][gc,ergo,cset] GC(652) Finish choosing collection set old regions. Initial: 7, optional: 0, predicted old time: 0.00ms, predicted optional time: 0.00ms, time remaining: 47.76
[2024-10-11T04:35:44.320+0800][debug][gc,ergo,cset] GC(653) Start adding old regions to collection set. Min 4 regions, max 7 regions, time remaining 48.89ms, optional threshold 9.78ms
[2024-10-11T04:35:44.320+0800][debug][gc,ergo,cset] GC(653) Finish adding old regions to collection set (Maximum number of regions). Initial 7 regions, optional 0 regions
[2024-10-11T04:35:44.320+0800][debug][gc,ergo,cset] GC(653) Finish choosing collection set old regions. Initial: 7, optional: 0, predicted old time: 0.00ms, predicted optional time: 0.00ms, time remaining: 47.55
[2024-10-11T04:35:44.425+0800][debug][gc,ergo,cset] GC(654) Start adding old regions to collection set. Min 4 regions, max 7 regions, time remaining 48.92ms, optional threshold 9.78ms
[2024-10-11T04:35:44.425+0800][debug][gc,ergo,cset] GC(654) Old candidate collection set empty.
[2024-10-11T04:35:44.425+0800][debug][gc,ergo,cset] GC(654) Finish choosing collection set old regions. Initial: 1, optional: 0, predicted old time: 0.00ms, predicted optional time: 0.00ms, time remaining: 48.69
[2024-10-11T04:35:44.746+0800][debug][gc,ergo,cset] GC(658) Pruned 10 regions out of 39, leaving 6522784 bytes waste (allowed 6710886)
[2024-10-11T04:35:44.951+0800][debug][gc,ergo,cset] Preventive GC, insufficient free regions. Predicted need 5. Curr Eden 1 (Pred 2). Curr Survivor 1 (Pred 1). Curr Old 53 (Pred 2) Free 4 Alloc 1
[2024-10-11T04:35:44.951+0800][debug][gc,ergo,cset] GC(660) Start adding old regions to collection set. Min 4 regions, max 7 regions, time remaining 49.23ms, optional threshold 9.85ms
[2024-10-11T04:35:44.951+0800][debug][gc,ergo,cset] GC(660) Finish adding old regions to collection set (Maximum number of regions). Initial 7 regions, optional 0 regions
[2024-10-11T04:35:44.951+0800][debug][gc,ergo,cset] GC(660) Finish choosing collection set old regions. Initial: 7, optional: 0, predicted old time: 0.00ms, predicted optional time: 0.00ms, time remaining: 48.40
[2024-10-11T04:35:45.055+0800][debug][gc,ergo,cset] GC(661) Start adding old regions to collection set. Min 4 regions, max 7 regions, time remaining 49.00ms, optional threshold 9.80ms
[2024-10-11T04:35:45.055+0800][debug][gc,ergo,cset] GC(661) Finish adding old regions to collection set (Maximum number of regions). Initial 7 regions, optional 0 regions
[2024-10-11T04:35:45.055+0800][debug][gc,ergo,cset] GC(661) Finish choosing collection set old regions. Initial: 7, optional: 0, predicted old time: 0.00ms, predicted optional time: 0.00ms, time remaining: 47.89
[2024-10-11T04:35:45.160+0800][debug][gc,ergo,cset] GC(662) Start adding old regions to collection set. Min 4 regions, max 7 regions, time remaining 48.97ms, optional threshold 9.79ms
[2024-10-11T04:35:45.160+0800][debug][gc,ergo,cset] GC(662) Finish adding old regions to collection set (Maximum number of regions). Initial 7 regions, optional 0 regions
[2024-10-11T04:35:45.160+0800][debug][gc,ergo,cset] GC(662) Finish choosing collection set old regions. Initial: 7, optional: 0, predicted old time: 0.00ms, predicted optional time: 0.00ms, time remaining: 47.71
[2024-10-11T04:35:45.264+0800][debug][gc,ergo,cset] GC(663) Start adding old regions to collection set. Min 4 regions, max 7 regions, time remaining 48.96ms, optional threshold 9.79ms
[2024-10-11T04:35:45.264+0800][debug][gc,ergo,cset] GC(663) Finish adding old regions to collection set (Maximum number of regions). Initial 7 regions, optional 0 regions
[2024-10-11T04:35:45.264+0800][debug][gc,ergo,cset] GC(663) Finish choosing collection set old regions. Initial: 7, optional: 0, predicted old time: 0.00ms, predicted optional time: 0.00ms, time remaining: 47.44
[2024-10-11T04:35:45.369+0800][debug][gc,ergo,cset] GC(664) Start adding old regions to collection set. Min 4 regions, max 7 regions, time remaining 48.93ms, optional threshold 9.79ms
[2024-10-11T04:35:45.369+0800][debug][gc,ergo,cset] GC(664) Old candidate collection set empty.
[2024-10-11T04:35:45.369+0800][debug][gc,ergo,cset] GC(664) Finish choosing collection set old regions. Initial: 1, optional: 0, predicted old time: 0.00ms, predicted optional time: 0.00ms, time remaining: 48.70
[2024-10-11T04:35:45.688+0800][debug][gc,ergo,cset] GC(668) Pruned 9 regions out of 43, leaving 6555024 bytes waste (allowed 6710886)
[2024-10-11T04:35:45.832+0800][debug][gc,ergo,cset] Preventive GC, insufficient free regions. Predicted need 4. Curr Eden 2 (Pred 3). Curr Survivor 1 (Pred 1). Curr Old 53 (Pred 0) Free 3 Alloc 1
[2024-10-11T04:35:45.895+0800][debug][gc,ergo,cset] Preventive GC, insufficient free regions. Predicted need 5. Curr Eden 1 (Pred 2). Curr Survivor 1 (Pred 1). Curr Old 55 (Pred 2) Free 2 Alloc 1
[2024-10-11T04:35:45.895+0800][debug][gc,ergo,cset] GC(670) Start adding old regions to collection set. Min 5 regions, max 7 regions, time remaining 49.26ms, optional threshold 9.85ms
[2024-10-11T04:35:45.895+0800][debug][gc,ergo,cset] GC(670) Finish adding old regions to collection set (Maximum number of regions). Initial 7 regions, optional 0 regions
[2024-10-11T04:35:45.895+0800][debug][gc,ergo,cset] GC(670) Finish choosing collection set old regions. Initial: 7, optional: 0, predicted old time: 0.00ms, predicted optional time: 0.00ms, time remaining: 48.54
[2024-10-11T04:35:45.937+0800][debug][gc,ergo,cset] Preventive GC, insufficient free regions. Predicted need 6. Curr Eden 1 (Pred 2). Curr Survivor 1 (Pred 1). Curr Old 52 (Pred 3) Free 5 Alloc 1
[2024-10-11T04:35:45.937+0800][debug][gc,ergo,cset] GC(671) Start adding old regions to collection set. Min 5 regions, max 7 regions, time remaining 49.24ms, optional threshold 9.85ms
[2024-10-11T04:35:45.937+0800][debug][gc,ergo,cset] GC(671) Finish adding old regions to collection set (Maximum number of regions). Initial 7 regions, optional 0 regions
[2024-10-11T04:35:45.937+0800][debug][gc,ergo,cset] GC(671) Finish choosing collection set old regions. Initial: 7, optional: 0, predicted old time: 0.00ms, predicted optional time: 0.00ms, time remaining: 48.13
[2024-10-11T04:35:46.000+0800][debug][gc,ergo,cset] Preventive GC, insufficient free regions. Predicted need 6. Curr Eden 1 (Pred 2). Curr Survivor 1 (Pred 1). Curr Old 53 (Pred 3) Free 4 Alloc 1
[2024-10-11T04:35:46.000+0800][debug][gc,ergo,cset] GC(672) Start adding old regions to collection set. Min 5 regions, max 7 regions, time remaining 49.23ms, optional threshold 9.85ms
[2024-10-11T04:35:46.000+0800][debug][gc,ergo,cset] GC(672) Finish adding old regions to collection set (Maximum number of regions). Initial 7 regions, optional 0 regions
[2024-10-11T04:35:46.000+0800][debug][gc,ergo,cset] GC(672) Finish choosing collection set old regions. Initial: 7, optional: 0, predicted old time: 0.00ms, predicted optional time: 0.00ms, time remaining: 47.96
[2024-10-11T04:35:46.044+0800][debug][gc,ergo,cset] GC(673) Start adding old regions to collection set. Min 5 regions, max 7 regions, time remaining 49.21ms, optional threshold 9.84ms
[2024-10-11T04:35:46.044+0800][debug][gc,ergo,cset] GC(673) Finish adding old regions to collection set (Maximum number of regions). Initial 7 regions, optional 0 regions
[2024-10-11T04:35:46.044+0800][debug][gc,ergo,cset] GC(673) Finish choosing collection set old regions. Initial: 7, optional: 0, predicted old time: 0.00ms, predicted optional time: 0.00ms, time remaining: 47.87
[2024-10-11T04:35:46.711+0800][debug][gc,ergo,cset] GC(680) Pruned 10 regions out of 35, leaving 6706984 bytes waste (allowed 6710886)
[2024-10-11T04:35:46.958+0800][debug][gc,ergo,cset] Preventive GC, insufficient free regions. Predicted need 5. Curr Eden 2 (Pred 3). Curr Survivor 1 (Pred 1). Curr Old 51 (Pred 1) Free 5 Alloc 1
[2024-10-11T04:35:46.958+0800][debug][gc,ergo,cset] GC(682) Start adding old regions to collection set. Min 4 regions, max 7 regions, time remaining 49.06ms, optional threshold 9.81ms
[2024-10-11T04:35:46.958+0800][debug][gc,ergo,cset] GC(682) Finish adding old regions to collection set (Maximum number of regions). Initial 7 regions, optional 0 regions
[2024-10-11T04:35:46.958+0800][debug][gc,ergo,cset] GC(682) Finish choosing collection set old regions. Initial: 7, optional: 0, predicted old time: 0.00ms, predicted optional time: 0.00ms, time remaining: 48.33
[2024-10-11T04:35:47.062+0800][debug][gc,ergo,cset] GC(683) Start adding old regions to collection set. Min 4 regions, max 7 regions, time remaining 49.03ms, optional threshold 9.81ms
[2024-10-11T04:35:47.062+0800][debug][gc,ergo,cset] GC(683) Finish adding old regions to collection set (Maximum number of regions). Initial 7 regions, optional 0 regions
[2024-10-11T04:35:47.062+0800][debug][gc,ergo,cset] GC(683) Finish choosing collection set old regions. Initial: 7, optional: 0, predicted old time: 0.00ms, predicted optional time: 0.00ms, time remaining: 47.85
[2024-10-11T04:35:47.166+0800][debug][gc,ergo,cset] GC(684) Start adding old regions to collection set. Min 4 regions, max 7 regions, time remaining 49.01ms, optional threshold 9.80ms
[2024-10-11T04:35:47.166+0800][debug][gc,ergo,cset] GC(684) Finish adding old regions to collection set (Maximum number of regions). Initial 7 regions, optional 0 regions
[2024-10-11T04:35:47.167+0800][debug][gc,ergo,cset] GC(684) Finish choosing collection set old regions. Initial: 7, optional: 0, predicted old time: 0.00ms, predicted optional time: 0.00ms, time remaining: 47.68
[2024-10-11T04:35:47.271+0800][debug][gc,ergo,cset] GC(685) Start adding old regions to collection set. Min 4 regions, max 7 regions, time remaining 48.99ms, optional threshold 9.80ms
[2024-10-11T04:35:47.271+0800][debug][gc,ergo,cset] GC(685) Old candidate collection set empty.
[2024-10-11T04:35:47.271+0800][debug][gc,ergo,cset] GC(685) Finish choosing collection set old regions. Initial: 4, optional: 0, predicted old time: 0.00ms, predicted optional time: 0.00ms, time remaining: 48.08
[2024-10-11T04:35:47.593+0800][debug][gc,ergo,cset] GC(689) Pruned 8 regions out of 41, leaving 6329136 bytes waste (allowed 6710886)
[2024-10-11T04:35:47.736+0800][debug][gc,ergo,cset] Preventive GC, insufficient free regions. Predicted need 4. Curr Eden 2 (Pred 3). Curr Survivor 1 (Pred 1). Curr Old 52 (Pred 0) Free 4 Alloc 1
[2024-10-11T04:35:47.799+0800][debug][gc,ergo,cset] Preventive GC, insufficient free regions. Predicted need 5. Curr Eden 1 (Pred 2). Curr Survivor 1 (Pred 1). Curr Old 54 (Pred 2) Free 3 Alloc 1
[2024-10-11T04:35:47.800+0800][debug][gc,ergo,cset] GC(691) Start adding old regions to collection set. Min 5 regions, max 7 regions, time remaining 49.13ms, optional threshold 9.83ms
[2024-10-11T04:35:47.800+0800][debug][gc,ergo,cset] GC(691) Finish adding old regions to collection set (Maximum number of regions). Initial 7 regions, optional 0 regions
[2024-10-11T04:35:47.800+0800][debug][gc,ergo,cset] GC(691) Finish choosing collection set old regions. Initial: 7, optional: 0, predicted old time: 0.00ms, predicted optional time: 0.00ms, time remaining: 48.33
[2024-10-11T04:35:47.842+0800][debug][gc,ergo,cset] Preventive GC, insufficient free regions. Predicted need 6. Curr Eden 1 (Pred 2). Curr Survivor 1 (Pred 1). Curr Old 51 (Pred 3) Free 6 Alloc 1
[2024-10-11T04:35:47.843+0800][debug][gc,ergo,cset] GC(692) Start adding old regions to collection set. Min 5 regions, max 7 regions, time remaining 49.10ms, optional threshold 9.82ms
[2024-10-11T04:35:47.843+0800][debug][gc,ergo,cset] GC(692) Finish adding old regions to collection set (Maximum number of regions). Initial 7 regions, optional 0 regions
[2024-10-11T04:35:47.843+0800][debug][gc,ergo,cset] GC(692) Finish choosing collection set old regions. Initial: 7, optional: 0, predicted old time: 0.00ms, predicted optional time: 0.00ms, time remaining: 47.94
[2024-10-11T04:35:47.946+0800][debug][gc,ergo,cset] Preventive GC, insufficient free regions. Predicted need 8. Curr Eden 2 (Pred 3). Curr Survivor 1 (Pred 1). Curr Old 49 (Pred 4) Free 7 Alloc 1
[2024-10-11T04:35:47.947+0800][debug][gc,ergo,cset] GC(693) Start adding old regions to collection set. Min 5 regions, max 7 regions, time remaining 48.85ms, optional threshold 9.77ms
[2024-10-11T04:35:47.947+0800][debug][gc,ergo,cset] GC(693) Finish adding old regions to collection set (Maximum number of regions). Initial 7 regions, optional 0 regions
[2024-10-11T04:35:47.947+0800][debug][gc,ergo,cset] GC(693) Finish choosing collection set old regions. Initial: 7, optional: 0, predicted old time: 0.00ms, predicted optional time: 0.00ms, time remaining: 47.43
[2024-10-11T04:35:48.051+0800][debug][gc,ergo,cset] Preventive GC, insufficient free regions. Predicted need 8. Curr Eden 2 (Pred 3). Curr Survivor 1 (Pred 1). Curr Old 48 (Pred 4) Free 8 Alloc 1
[2024-10-11T04:35:48.051+0800][debug][gc,ergo,cset] GC(694) Start adding old regions to collection set. Min 5 regions, max 7 regions, time remaining 48.86ms, optional threshold 9.77ms
[2024-10-11T04:35:48.051+0800][debug][gc,ergo,cset] GC(694) Finish adding old regions to collection set (Maximum number of regions). Initial 7 regions, optional 0 regions
[2024-10-11T04:35:48.051+0800][debug][gc,ergo,cset] GC(694) Finish choosing collection set old regions. Initial: 7, optional: 0, predicted old time: 0.00ms, predicted optional time: 0.00ms, time remaining: 47.38
[2024-10-11T04:35:48.155+0800][debug][gc,ergo,cset] GC(695) Start adding old regions to collection set. Min 5 regions, max 7 regions, time remaining 48.89ms, optional threshold 9.78ms
[2024-10-11T04:35:48.155+0800][debug][gc,ergo,cset] GC(695) Old candidate collection set empty.
[2024-10-11T04:35:48.155+0800][debug][gc,ergo,cset] GC(695) Finish choosing collection set old regions. Initial: 5, optional: 0, predicted old time: 0.00ms, predicted optional time: 0.00ms, time remaining: 47.76
[2024-10-11T04:35:48.479+0800][debug][gc,ergo,cset] GC(699) Pruned 11 regions out of 42, leaving 6506480 bytes waste (allowed 6710886)
[2024-10-11T04:35:48.620+0800][debug][gc,ergo,cset] Preventive GC, insufficient free regions. Predicted need 4. Curr Eden 2 (Pred 3). Curr Survivor 1 (Pred 1). Curr Old 53 (Pred 0) Free 3 Alloc 1
[2024-10-11T04:35:48.683+0800][debug][gc,ergo,cset] Preventive GC, insufficient free regions. Predicted need 4. Curr Eden 1 (Pred 2). Curr Survivor 1 (Pred 1). Curr Old 55 (Pred 1) Free 2 Alloc 1
[2024-10-11T04:35:48.683+0800][debug][gc,ergo,cset] GC(701) Start adding old regions to collection set. Min 4 regions, max 7 regions, time remaining 49.24ms, optional threshold 9.85ms
[2024-10-11T04:35:48.683+0800][debug][gc,ergo,cset] GC(701) Finish adding old regions to collection set (Maximum number of regions). Initial 7 regions, optional 0 regions
[2024-10-11T04:35:48.683+0800][debug][gc,ergo,cset] GC(701) Finish choosing collection set old regions. Initial: 7, optional: 0, predicted old time: 0.00ms, predicted optional time: 0.00ms, time remaining: 48.79
[2024-10-11T04:35:48.725+0800][debug][gc,ergo,cset] Preventive GC, insufficient free regions. Predicted need 5. Curr Eden 1 (Pred 2). Curr Survivor 1 (Pred 1). Curr Old 54 (Pred 2) Free 3 Alloc 1
[2024-10-11T04:35:48.725+0800][debug][gc,ergo,cset] GC(702) Start adding old regions to collection set. Min 4 regions, max 7 regions, time remaining 49.18ms, optional threshold 9.84ms
[2024-10-11T04:35:48.725+0800][debug][gc,ergo,cset] GC(702) Finish adding old regions to collection set (Maximum number of regions). Initial 7 regions, optional 0 regions
[2024-10-11T04:35:48.725+0800][debug][gc,ergo,cset] GC(702) Finish choosing collection set old regions. Initial: 7, optional: 0, predicted old time: 0.00ms, predicted optional time: 0.00ms, time remaining: 48.34
[2024-10-11T04:35:48.788+0800][debug][gc,ergo,cset] Preventive GC, insufficient free regions. Predicted need 6. Curr Eden 1 (Pred 2). Curr Survivor 1 (Pred 1). Curr Old 56 (Pred 3) Free 1 Alloc 1
[2024-10-11T04:35:48.788+0800][debug][gc,ergo,cset] GC(703) Start adding old regions to collection set. Min 4 regions, max 7 regions, time remaining 49.19ms, optional threshold 9.84ms
[2024-10-11T04:35:48.788+0800][debug][gc,ergo,cset] GC(703) Finish adding old regions to collection set (Maximum number of regions). Initial 7 regions, optional 0 regions
[2024-10-11T04:35:48.788+0800][debug][gc,ergo,cset] GC(703) Finish choosing collection set old regions. Initial: 7, optional: 0, predicted old time: 0.00ms, predicted optional time: 0.00ms, time remaining: 48.04
[2024-10-11T04:35:48.831+0800][debug][gc,ergo,cset] GC(704) Start adding old regions to collection set. Min 4 regions, max 7 regions, time remaining 49.17ms, optional threshold 9.83ms
[2024-10-11T04:35:48.831+0800][debug][gc,ergo,cset] GC(704) Finish adding old regions to collection set (Maximum number of regions). Initial 7 regions, optional 0 regions
[2024-10-11T04:35:48.831+0800][debug][gc,ergo,cset] GC(704) Finish choosing collection set old regions. Initial: 7, optional: 0, predicted old time: 0.00ms, predicted optional time: 0.00ms, time remaining: 47.79
[2024-10-11T04:35:49.500+0800][debug][gc,ergo,cset] GC(711) Pruned 10 regions out of 34, leaving 6288672 bytes waste (allowed 6710886)
