[2024-10-11T04:22:22.935+0800][info] Using G1
[2024-10-11T04:22:22.938+0800][info] Version: 17.0.11-internal+0-adhoc.cxl.TencentKona-17-TencentKona-17.0.11 (release)
[2024-10-11T04:22:22.938+0800][info] CPUs: 72 total, 72 available
[2024-10-11T04:22:22.938+0800][info] Memory: 125G
[2024-10-11T04:22:22.938+0800][info] Large Page Support: Disabled
[2024-10-11T04:22:22.938+0800][info] NUMA Support: Disabled
[2024-10-11T04:22:22.938+0800][info] Compressed Oops: Enabled (32-bit)
[2024-10-11T04:22:22.938+0800][info] Heap Region Size: 2M
[2024-10-11T04:22:22.938+0800][info] Heap Min Capacity: 128M
[2024-10-11T04:22:22.938+0800][info] Heap Initial Capacity: 128M
[2024-10-11T04:22:22.938+0800][info] Heap Max Capacity: 128M
[2024-10-11T04:22:22.938+0800][info] Pre-touch: Disabled
[2024-10-11T04:22:22.938+0800][info] Parallel Workers: 48
[2024-10-11T04:22:22.938+0800][info] Concurrent Workers: 12
[2024-10-11T04:22:22.938+0800][info] Concurrent Refinement Workers: 48
[2024-10-11T04:22:22.938+0800][info] Periodic GC: Disabled
[2024-10-11T04:22:22.950+0800][info] CDS archive(s) mapped at: [0x0000769027000000-0x0000769027bc7000-0x0000769027bc7000), size 12349440, SharedBaseAddress: 0x0000769027000000, ArchiveRelocationMode: 1.
[2024-10-11T04:22:22.950+0800][info] Compressed class space mapped at: 0x0000769028000000-0x0000769068000000, reserved size: 1073741824
[2024-10-11T04:22:22.950+0800][info] Narrow klass base: 0x0000769027000000, Narrow klass shift: 0, Narrow klass range: 0x100000000
[2024-10-11T04:22:23.123+0800][info] GC(0) Pause Young (Normal) (G1 Evacuation Pause)
[2024-10-11T04:22:23.124+0800][info] GC(0) Using 3 workers of 48 for evacuation
[2024-10-11T04:22:23.128+0800][info] GC(0)   Pre Evacuate Collection Set: 0.0ms
[2024-10-11T04:22:23.128+0800][info] GC(0)   Merge Heap Roots: 0.0ms
[2024-10-11T04:22:23.128+0800][info] GC(0)   Evacuate Collection Set: 3.2ms
[2024-10-11T04:22:23.128+0800][info] GC(0)   Post Evacuate Collection Set: 0.7ms
[2024-10-11T04:22:23.128+0800][info] GC(0)   Other: 0.7ms
[2024-10-11T04:22:23.128+0800][info] GC(0) Eden regions: 3->0(2)
[2024-10-11T04:22:23.128+0800][info] GC(0) Survivor regions: 0->1(1)
[2024-10-11T04:22:23.128+0800][info] GC(0) Old regions: 0->2
[2024-10-11T04:22:23.128+0800][info] GC(0) Archive regions: 2->2
[2024-10-11T04:22:23.128+0800][info] GC(0) Humongous regions: 1->1
[2024-10-11T04:22:23.128+0800][info] GC(0) Metaspace: 1145K(1280K)->1145K(1280K) NonClass: 1026K(1088K)->1026K(1088K) Class: 118K(192K)->118K(192K)
[2024-10-11T04:22:23.128+0800][info] GC(0) Pause Young (Normal) (G1 Evacuation Pause) 9M->8M(128M) 4.798ms
[2024-10-11T04:22:23.128+0800][info] GC(0) User=0.01s Sys=0.01s Real=0.01s
[2024-10-11T04:22:23.235+0800][info] GC(1) Pause Young (Normal) (G1 Evacuation Pause)
[2024-10-11T04:22:23.235+0800][info] GC(1) Using 3 workers of 48 for evacuation
[2024-10-11T04:22:23.239+0800][info] GC(1)   Pre Evacuate Collection Set: 0.0ms
[2024-10-11T04:22:23.239+0800][info] GC(1)   Merge Heap Roots: 0.0ms
[2024-10-11T04:22:23.239+0800][info] GC(1)   Evacuate Collection Set: 3.4ms
[2024-10-11T04:22:23.239+0800][info] GC(1)   Post Evacuate Collection Set: 0.2ms
[2024-10-11T04:22:23.239+0800][info] GC(1)   Other: 0.2ms
[2024-10-11T04:22:23.239+0800][info] GC(1) Eden regions: 2->0(2)
[2024-10-11T04:22:23.239+0800][info] GC(1) Survivor regions: 1->1(1)
[2024-10-11T04:22:23.239+0800][info] GC(1) Old regions: 2->4
[2024-10-11T04:22:23.239+0800][info] GC(1) Archive regions: 2->2
[2024-10-11T04:22:23.239+0800][info] GC(1) Humongous regions: 1->1
[2024-10-11T04:22:23.239+0800][info] GC(1) Metaspace: 1232K(1344K)->1232K(1344K) NonClass: 1104K(1152K)->1104K(1152K) Class: 127K(192K)->127K(192K)
[2024-10-11T04:22:23.239+0800][info] GC(1) Pause Young (Normal) (G1 Evacuation Pause) 12M->12M(128M) 3.964ms
[2024-10-11T04:22:23.239+0800][info] GC(1) User=0.01s Sys=0.00s Real=0.00s
[2024-10-11T04:22:23.367+0800][info] GC(2) Pause Young (Normal) (G1 Evacuation Pause)
[2024-10-11T04:22:23.367+0800][info] GC(2) Using 3 workers of 48 for evacuation
[2024-10-11T04:22:23.370+0800][info] GC(2)   Pre Evacuate Collection Set: 0.1ms
[2024-10-11T04:22:23.370+0800][info] GC(2)   Merge Heap Roots: 0.0ms
[2024-10-11T04:22:23.370+0800][info] GC(2)   Evacuate Collection Set: 2.2ms
[2024-10-11T04:22:23.370+0800][info] GC(2)   Post Evacuate Collection Set: 0.8ms
[2024-10-11T04:22:23.370+0800][info] GC(2)   Other: 0.2ms
[2024-10-11T04:22:23.370+0800][info] GC(2) Eden regions: 2->0(2)
[2024-10-11T04:22:23.370+0800][info] GC(2) Survivor regions: 1->1(1)
[2024-10-11T04:22:23.370+0800][info] GC(2) Old regions: 4->5
[2024-10-11T04:22:23.370+0800][info] GC(2) Archive regions: 2->2
[2024-10-11T04:22:23.370+0800][info] GC(2) Humongous regions: 1->1
[2024-10-11T04:22:23.370+0800][info] GC(2) Metaspace: 1365K(1536K)->1365K(1536K) NonClass: 1229K(1344K)->1229K(1344K) Class: 135K(192K)->135K(192K)
[2024-10-11T04:22:23.370+0800][info] GC(2) Pause Young (Normal) (G1 Evacuation Pause) 16M->15M(128M) 3.494ms
[2024-10-11T04:22:23.370+0800][info] GC(2) User=0.01s Sys=0.00s Real=0.00s
[2024-10-11T04:22:23.474+0800][info] GC(3) Pause Young (Normal) (G1 Evacuation Pause)
[2024-10-11T04:22:23.474+0800][info] GC(3) Using 3 workers of 48 for evacuation
[2024-10-11T04:22:23.477+0800][info] GC(3)   Pre Evacuate Collection Set: 0.1ms
[2024-10-11T04:22:23.477+0800][info] GC(3)   Merge Heap Roots: 0.0ms
[2024-10-11T04:22:23.477+0800][info] GC(3)   Evacuate Collection Set: 2.9ms
[2024-10-11T04:22:23.477+0800][info] GC(3)   Post Evacuate Collection Set: 0.2ms
[2024-10-11T04:22:23.477+0800][info] GC(3)   Other: 0.2ms
[2024-10-11T04:22:23.477+0800][info] GC(3) Eden regions: 2->0(4)
[2024-10-11T04:22:23.477+0800][info] GC(3) Survivor regions: 1->1(1)
[2024-10-11T04:22:23.477+0800][info] GC(3) Old regions: 5->7
[2024-10-11T04:22:23.477+0800][info] GC(3) Archive regions: 2->2
[2024-10-11T04:22:23.477+0800][info] GC(3) Humongous regions: 1->1
[2024-10-11T04:22:23.477+0800][info] GC(3) Metaspace: 1366K(1536K)->1366K(1536K) NonClass: 1230K(1344K)->1230K(1344K) Class: 135K(192K)->135K(192K)
[2024-10-11T04:22:23.477+0800][info] GC(3) Pause Young (Normal) (G1 Evacuation Pause) 19M->19M(128M) 3.571ms
[2024-10-11T04:22:23.477+0800][info] GC(3) User=0.01s Sys=0.00s Real=0.00s
[2024-10-11T04:22:23.708+0800][info] GC(4) Pause Young (Normal) (G1 Evacuation Pause)
[2024-10-11T04:22:23.708+0800][info] GC(4) Using 3 workers of 48 for evacuation
[2024-10-11T04:22:23.713+0800][info] GC(4)   Pre Evacuate Collection Set: 0.1ms
[2024-10-11T04:22:23.713+0800][info] GC(4)   Merge Heap Roots: 0.0ms
[2024-10-11T04:22:23.713+0800][info] GC(4)   Evacuate Collection Set: 4.8ms
[2024-10-11T04:22:23.713+0800][info] GC(4)   Post Evacuate Collection Set: 0.2ms
[2024-10-11T04:22:23.713+0800][info] GC(4)   Other: 0.2ms
[2024-10-11T04:22:23.713+0800][info] GC(4) Eden regions: 4->0(5)
[2024-10-11T04:22:23.713+0800][info] GC(4) Survivor regions: 1->1(1)
[2024-10-11T04:22:23.713+0800][info] GC(4) Old regions: 7->10
[2024-10-11T04:22:23.713+0800][info] GC(4) Archive regions: 2->2
[2024-10-11T04:22:23.713+0800][info] GC(4) Humongous regions: 1->1
[2024-10-11T04:22:23.713+0800][info] GC(4) Metaspace: 1371K(1536K)->1371K(1536K) NonClass: 1235K(1344K)->1235K(1344K) Class: 135K(192K)->135K(192K)
[2024-10-11T04:22:23.713+0800][info] GC(4) Pause Young (Normal) (G1 Evacuation Pause) 27M->25M(128M) 5.515ms
[2024-10-11T04:22:23.713+0800][info] GC(4) User=0.00s Sys=0.01s Real=0.01s
[2024-10-11T04:22:23.984+0800][info] GC(5) Pause Young (Normal) (G1 Evacuation Pause)
[2024-10-11T04:22:23.984+0800][info] GC(5) Using 3 workers of 48 for evacuation
[2024-10-11T04:22:23.991+0800][info] GC(5)   Pre Evacuate Collection Set: 0.1ms
[2024-10-11T04:22:23.991+0800][info] GC(5)   Merge Heap Roots: 0.0ms
[2024-10-11T04:22:23.991+0800][info] GC(5)   Evacuate Collection Set: 6.6ms
[2024-10-11T04:22:23.991+0800][info] GC(5)   Post Evacuate Collection Set: 0.2ms
[2024-10-11T04:22:23.991+0800][info] GC(5)   Other: 0.2ms
[2024-10-11T04:22:23.991+0800][info] GC(5) Eden regions: 5->0(7)
[2024-10-11T04:22:23.991+0800][info] GC(5) Survivor regions: 1->1(1)
[2024-10-11T04:22:23.991+0800][info] GC(5) Old regions: 10->14
[2024-10-11T04:22:23.991+0800][info] GC(5) Archive regions: 2->2
[2024-10-11T04:22:23.991+0800][info] GC(5) Humongous regions: 1->1
[2024-10-11T04:22:23.991+0800][info] GC(5) Metaspace: 1382K(1536K)->1382K(1536K) NonClass: 1247K(1344K)->1247K(1344K) Class: 135K(192K)->135K(192K)
[2024-10-11T04:22:23.991+0800][info] GC(5) Pause Young (Normal) (G1 Evacuation Pause) 35M->33M(128M) 7.328ms
[2024-10-11T04:22:23.991+0800][info] GC(5) User=0.00s Sys=0.02s Real=0.01s
[2024-10-11T04:22:24.389+0800][info] GC(6) Pause Young (Normal) (G1 Evacuation Pause)
[2024-10-11T04:22:24.389+0800][info] GC(6) Using 3 workers of 48 for evacuation
[2024-10-11T04:22:24.397+0800][info] GC(6)   Pre Evacuate Collection Set: 0.1ms
[2024-10-11T04:22:24.397+0800][info] GC(6)   Merge Heap Roots: 0.0ms
[2024-10-11T04:22:24.397+0800][info] GC(6)   Evacuate Collection Set: 8.3ms
[2024-10-11T04:22:24.397+0800][info] GC(6)   Post Evacuate Collection Set: 0.2ms
[2024-10-11T04:22:24.397+0800][info] GC(6)   Other: 0.3ms
[2024-10-11T04:22:24.398+0800][info] GC(6) Eden regions: 7->0(8)
[2024-10-11T04:22:24.398+0800][info] GC(6) Survivor regions: 1->1(1)
[2024-10-11T04:22:24.398+0800][info] GC(6) Old regions: 14->21
[2024-10-11T04:22:24.398+0800][info] GC(6) Archive regions: 2->2
[2024-10-11T04:22:24.398+0800][info] GC(6) Humongous regions: 1->1
[2024-10-11T04:22:24.398+0800][info] GC(6) Metaspace: 1392K(1536K)->1392K(1536K) NonClass: 1256K(1344K)->1256K(1344K) Class: 135K(192K)->135K(192K)
[2024-10-11T04:22:24.398+0800][info] GC(6) Pause Young (Normal) (G1 Evacuation Pause) 47M->46M(128M) 8.969ms
[2024-10-11T04:22:24.398+0800][info] GC(6) User=0.00s Sys=0.03s Real=0.01s
[2024-10-11T04:22:24.834+0800][info] GC(7) Pause Young (Normal) (G1 Evacuation Pause)
[2024-10-11T04:22:24.834+0800][info] GC(7) Using 3 workers of 48 for evacuation
[2024-10-11T04:22:24.842+0800][info] GC(7)   Pre Evacuate Collection Set: 0.1ms
[2024-10-11T04:22:24.842+0800][info] GC(7)   Merge Heap Roots: 0.0ms
[2024-10-11T04:22:24.842+0800][info] GC(7)   Evacuate Collection Set: 7.8ms
[2024-10-11T04:22:24.842+0800][info] GC(7)   Post Evacuate Collection Set: 0.2ms
[2024-10-11T04:22:24.842+0800][info] GC(7)   Other: 0.2ms
[2024-10-11T04:22:24.842+0800][info] GC(7) Eden regions: 8->0(9)
[2024-10-11T04:22:24.842+0800][info] GC(7) Survivor regions: 1->2(2)
[2024-10-11T04:22:24.842+0800][info] GC(7) Old regions: 21->26
[2024-10-11T04:22:24.842+0800][info] GC(7) Archive regions: 2->2
[2024-10-11T04:22:24.843+0800][info] GC(7) Humongous regions: 1->1
[2024-10-11T04:22:24.843+0800][info] GC(7) Metaspace: 1400K(1536K)->1400K(1536K) NonClass: 1265K(1344K)->1265K(1344K) Class: 135K(192K)->135K(192K)
[2024-10-11T04:22:24.843+0800][info] GC(7) Pause Young (Normal) (G1 Evacuation Pause) 62M->58M(128M) 8.482ms
[2024-10-11T04:22:24.843+0800][info] GC(7) User=0.00s Sys=0.02s Real=0.00s
[2024-10-11T04:22:25.195+0800][info] GC(8) Pause Young (Concurrent Start) (G1 Humongous Allocation)
[2024-10-11T04:22:25.195+0800][info] GC(8) Using 3 workers of 48 for evacuation
[2024-10-11T04:22:25.203+0800][info] GC(8)   Pre Evacuate Collection Set: 0.1ms
[2024-10-11T04:22:25.203+0800][info] GC(8)   Merge Heap Roots: 0.1ms
[2024-10-11T04:22:25.203+0800][info] GC(8)   Evacuate Collection Set: 6.6ms
[2024-10-11T04:22:25.203+0800][info] GC(8)   Post Evacuate Collection Set: 0.2ms
[2024-10-11T04:22:25.203+0800][info] GC(8)   Other: 1.2ms
[2024-10-11T04:22:25.203+0800][info] GC(8) Eden regions: 7->0(6)
[2024-10-11T04:22:25.203+0800][info] GC(8) Survivor regions: 2->2(2)
[2024-10-11T04:22:25.203+0800][info] GC(8) Old regions: 26->31
[2024-10-11T04:22:25.203+0800][info] GC(8) Archive regions: 2->2
[2024-10-11T04:22:25.203+0800][info] GC(8) Humongous regions: 1->1
[2024-10-11T04:22:25.203+0800][info] GC(8) Metaspace: 1411K(1536K)->1411K(1536K) NonClass: 1275K(1344K)->1275K(1344K) Class: 135K(192K)->135K(192K)
[2024-10-11T04:22:25.204+0800][info] GC(8) Pause Young (Concurrent Start) (G1 Humongous Allocation) 71M->68M(128M) 8.355ms
[2024-10-11T04:22:25.204+0800][info] GC(8) User=0.01s Sys=0.01s Real=0.00s
[2024-10-11T04:22:25.204+0800][info] GC(9) Concurrent Mark Cycle
[2024-10-11T04:22:25.204+0800][info] GC(9) Concurrent Clear Claimed Marks
[2024-10-11T04:22:25.204+0800][info] GC(9) Concurrent Clear Claimed Marks 0.019ms
[2024-10-11T04:22:25.204+0800][info] GC(9) Concurrent Scan Root Regions
[2024-10-11T04:22:25.206+0800][info] GC(9) Concurrent Scan Root Regions 2.116ms
[2024-10-11T04:22:25.206+0800][info] GC(9) Concurrent Mark
[2024-10-11T04:22:25.206+0800][info] GC(9) Concurrent Mark From Roots
[2024-10-11T04:22:25.207+0800][info] GC(9) Using 12 workers of 12 for marking
[2024-10-11T04:22:25.210+0800][info] GC(9) Concurrent Mark From Roots 4.047ms
[2024-10-11T04:22:25.210+0800][info] GC(9) Concurrent Preclean
[2024-10-11T04:22:25.211+0800][info] GC(9) Concurrent Preclean 1.351ms
[2024-10-11T04:22:25.212+0800][info] GC(9) Pause Remark
[2024-10-11T04:22:25.213+0800][info] GC(9) Pause Remark 71M->71M(128M) 0.941ms
[2024-10-11T04:22:25.213+0800][info] GC(9) User=0.01s Sys=0.00s Real=0.00s
[2024-10-11T04:22:25.213+0800][info] GC(9) Concurrent Mark 6.569ms
[2024-10-11T04:22:25.213+0800][info] GC(9) Concurrent Rebuild Remembered Sets
[2024-10-11T04:22:25.213+0800][info] GC(9) Concurrent Rebuild Remembered Sets 0.845ms
[2024-10-11T04:22:25.214+0800][info] GC(9) Pause Cleanup
[2024-10-11T04:22:25.214+0800][info] GC(9) Pause Cleanup 71M->71M(128M) 0.206ms
[2024-10-11T04:22:25.214+0800][info] GC(9) User=0.00s Sys=0.00s Real=0.00s
[2024-10-11T04:22:25.214+0800][info] GC(9) Concurrent Cleanup for Next Mark
[2024-10-11T04:22:25.215+0800][info] GC(9) Concurrent Cleanup for Next Mark 1.157ms
[2024-10-11T04:22:25.215+0800][info] GC(9) Concurrent Mark Cycle 11.517ms
[2024-10-11T04:22:25.594+0800][info] GC(10) Pause Young (Prepare Mixed) (G1 Evacuation Pause)
[2024-10-11T04:22:25.594+0800][info] GC(10) Using 3 workers of 48 for evacuation
[2024-10-11T04:22:25.603+0800][info] GC(10)   Pre Evacuate Collection Set: 0.1ms
[2024-10-11T04:22:25.603+0800][info] GC(10)   Merge Heap Roots: 0.0ms
[2024-10-11T04:22:25.603+0800][info] GC(10)   Evacuate Collection Set: 8.2ms
[2024-10-11T04:22:25.603+0800][info] GC(10)   Post Evacuate Collection Set: 0.2ms
[2024-10-11T04:22:25.603+0800][info] GC(10)   Other: 0.2ms
[2024-10-11T04:22:25.603+0800][info] GC(10) Eden regions: 6->0(2)
[2024-10-11T04:22:25.603+0800][info] GC(10) Survivor regions: 2->1(1)
[2024-10-11T04:22:25.603+0800][info] GC(10) Old regions: 31->38
[2024-10-11T04:22:25.603+0800][info] GC(10) Archive regions: 2->2
[2024-10-11T04:22:25.603+0800][info] GC(10) Humongous regions: 2->2
[2024-10-11T04:22:25.603+0800][info] GC(10) Metaspace: 1437K(1600K)->1437K(1600K) NonClass: 1301K(1408K)->1301K(1408K) Class: 135K(192K)->135K(192K)
[2024-10-11T04:22:25.603+0800][info] GC(10) Pause Young (Prepare Mixed) (G1 Evacuation Pause) 82M->82M(128M) 8.940ms
[2024-10-11T04:22:25.603+0800][info] GC(10) User=0.00s Sys=0.02s Real=0.00s
[2024-10-11T04:22:25.708+0800][info] GC(11) Pause Young (Mixed) (G1 Evacuation Pause)
[2024-10-11T04:22:25.708+0800][info] GC(11) Using 3 workers of 48 for evacuation
[2024-10-11T04:22:25.713+0800][info] GC(11)   Pre Evacuate Collection Set: 0.2ms
[2024-10-11T04:22:25.713+0800][info] GC(11)   Merge Heap Roots: 0.1ms
[2024-10-11T04:22:25.713+0800][info] GC(11)   Evacuate Collection Set: 4.2ms
[2024-10-11T04:22:25.713+0800][info] GC(11)   Post Evacuate Collection Set: 0.2ms
[2024-10-11T04:22:25.713+0800][info] GC(11)   Other: 0.2ms
[2024-10-11T04:22:25.713+0800][info] GC(11) Eden regions: 2->0(2)
[2024-10-11T04:22:25.713+0800][info] GC(11) Survivor regions: 1->1(1)
[2024-10-11T04:22:25.713+0800][info] GC(11) Old regions: 38->33
[2024-10-11T04:22:25.713+0800][info] GC(11) Archive regions: 2->2
[2024-10-11T04:22:25.713+0800][info] GC(11) Humongous regions: 2->2
[2024-10-11T04:22:25.713+0800][info] GC(11) Metaspace: 1469K(1600K)->1469K(1600K) NonClass: 1333K(1408K)->1333K(1408K) Class: 135K(192K)->135K(192K)
[2024-10-11T04:22:25.713+0800][info] GC(11) Pause Young (Mixed) (G1 Evacuation Pause) 85M->73M(128M) 4.968ms
[2024-10-11T04:22:25.713+0800][info] GC(11) User=0.01s Sys=0.00s Real=0.01s
[2024-10-11T04:22:25.817+0800][info] GC(12) Pause Young (Mixed) (G1 Evacuation Pause)
[2024-10-11T04:22:25.817+0800][info] GC(12) Using 3 workers of 48 for evacuation
[2024-10-11T04:22:25.820+0800][info] GC(12)   Pre Evacuate Collection Set: 0.2ms
[2024-10-11T04:22:25.820+0800][info] GC(12)   Merge Heap Roots: 0.1ms
[2024-10-11T04:22:25.820+0800][info] GC(12)   Evacuate Collection Set: 1.9ms
[2024-10-11T04:22:25.820+0800][info] GC(12)   Post Evacuate Collection Set: 0.2ms
[2024-10-11T04:22:25.820+0800][info] GC(12)   Other: 0.2ms
[2024-10-11T04:22:25.820+0800][info] GC(12) Eden regions: 2->0(2)
[2024-10-11T04:22:25.820+0800][info] GC(12) Survivor regions: 1->1(1)
[2024-10-11T04:22:25.820+0800][info] GC(12) Old regions: 33->30
[2024-10-11T04:22:25.820+0800][info] GC(12) Archive regions: 2->2
[2024-10-11T04:22:25.820+0800][info] GC(12) Humongous regions: 2->2
[2024-10-11T04:22:25.820+0800][info] GC(12) Metaspace: 1483K(1600K)->1483K(1600K) NonClass: 1347K(1408K)->1347K(1408K) Class: 135K(192K)->135K(192K)
[2024-10-11T04:22:25.820+0800][info] GC(12) Pause Young (Mixed) (G1 Evacuation Pause) 77M->67M(128M) 2.703ms
[2024-10-11T04:22:25.820+0800][info] GC(12) User=0.01s Sys=0.01s Real=0.00s
[2024-10-11T04:22:25.924+0800][info] GC(13) Pause Young (Mixed) (G1 Evacuation Pause)
[2024-10-11T04:22:25.924+0800][info] GC(13) Using 3 workers of 48 for evacuation
[2024-10-11T04:22:25.926+0800][info] GC(13)   Pre Evacuate Collection Set: 0.2ms
[2024-10-11T04:22:25.926+0800][info] GC(13)   Merge Heap Roots: 0.0ms
[2024-10-11T04:22:25.926+0800][info] GC(13)   Evacuate Collection Set: 1.5ms
[2024-10-11T04:22:25.926+0800][info] GC(13)   Post Evacuate Collection Set: 0.2ms
[2024-10-11T04:22:25.926+0800][info] GC(13)   Other: 0.1ms
[2024-10-11T04:22:25.927+0800][info] GC(13) Eden regions: 2->0(6)
[2024-10-11T04:22:25.927+0800][info] GC(13) Survivor regions: 1->1(1)
[2024-10-11T04:22:25.927+0800][info] GC(13) Old regions: 30->31
[2024-10-11T04:22:25.927+0800][info] GC(13) Archive regions: 2->2
[2024-10-11T04:22:25.927+0800][info] GC(13) Humongous regions: 2->2
[2024-10-11T04:22:25.927+0800][info] GC(13) Metaspace: 1520K(1664K)->1520K(1664K) NonClass: 1384K(1472K)->1384K(1472K) Class: 135K(192K)->135K(192K)
[2024-10-11T04:22:25.927+0800][info] GC(13) Pause Young (Mixed) (G1 Evacuation Pause) 71M->68M(128M) 2.238ms
[2024-10-11T04:22:25.927+0800][info] GC(13) User=0.00s Sys=0.00s Real=0.01s
[2024-10-11T04:22:26.256+0800][info] GC(14) Pause Young (Concurrent Start) (G1 Evacuation Pause)
[2024-10-11T04:22:26.256+0800][info] GC(14) Using 3 workers of 48 for evacuation
[2024-10-11T04:22:26.259+0800][info] GC(14)   Pre Evacuate Collection Set: 0.1ms
[2024-10-11T04:22:26.259+0800][info] GC(14)   Merge Heap Roots: 0.1ms
[2024-10-11T04:22:26.259+0800][info] GC(14)   Evacuate Collection Set: 2.2ms
[2024-10-11T04:22:26.259+0800][info] GC(14)   Post Evacuate Collection Set: 0.2ms
[2024-10-11T04:22:26.259+0800][info] GC(14)   Other: 0.4ms
[2024-10-11T04:22:26.259+0800][info] GC(14) Eden regions: 6->0(4)
[2024-10-11T04:22:26.259+0800][info] GC(14) Survivor regions: 1->1(1)
[2024-10-11T04:22:26.259+0800][info] GC(14) Old regions: 31->36
[2024-10-11T04:22:26.259+0800][info] GC(14) Archive regions: 2->2
[2024-10-11T04:22:26.259+0800][info] GC(14) Humongous regions: 2->2
[2024-10-11T04:22:26.259+0800][info] GC(14) Metaspace: 1522K(1664K)->1522K(1664K) NonClass: 1386K(1472K)->1386K(1472K) Class: 135K(192K)->135K(192K)
[2024-10-11T04:22:26.259+0800][info] GC(14) Pause Young (Concurrent Start) (G1 Evacuation Pause) 80M->79M(128M) 3.092ms
[2024-10-11T04:22:26.259+0800][info] GC(14) User=0.01s Sys=0.00s Real=0.00s
[2024-10-11T04:22:26.259+0800][info] GC(15) Concurrent Mark Cycle
[2024-10-11T04:22:26.259+0800][info] GC(15) Concurrent Clear Claimed Marks
[2024-10-11T04:22:26.260+0800][info] GC(15) Concurrent Clear Claimed Marks 0.017ms
[2024-10-11T04:22:26.260+0800][info] GC(15) Concurrent Scan Root Regions
[2024-10-11T04:22:26.260+0800][info] GC(15) Concurrent Scan Root Regions 0.106ms
[2024-10-11T04:22:26.260+0800][info] GC(15) Concurrent Mark
[2024-10-11T04:22:26.260+0800][info] GC(15) Concurrent Mark From Roots
[2024-10-11T04:22:26.260+0800][info] GC(15) Using 12 workers of 12 for marking
[2024-10-11T04:22:26.263+0800][info] GC(15) Concurrent Mark From Roots 2.921ms
[2024-10-11T04:22:26.263+0800][info] GC(15) Concurrent Preclean
[2024-10-11T04:22:26.264+0800][info] GC(15) Concurrent Preclean 1.664ms
[2024-10-11T04:22:26.264+0800][info] GC(15) Pause Remark
[2024-10-11T04:22:26.265+0800][info] GC(15) Pause Remark 80M->78M(128M) 1.056ms
[2024-10-11T04:22:26.265+0800][info] GC(15) User=0.00s Sys=0.00s Real=0.01s
[2024-10-11T04:22:26.265+0800][info] GC(15) Concurrent Mark 5.784ms
[2024-10-11T04:22:26.265+0800][info] GC(15) Concurrent Rebuild Remembered Sets
[2024-10-11T04:22:26.267+0800][info] GC(15) Concurrent Rebuild Remembered Sets 1.396ms
[2024-10-11T04:22:26.267+0800][info] GC(15) Pause Cleanup
[2024-10-11T04:22:26.267+0800][info] GC(15) Pause Cleanup 78M->78M(128M) 0.155ms
[2024-10-11T04:22:26.267+0800][info] GC(15) User=0.00s Sys=0.00s Real=0.00s
[2024-10-11T04:22:26.267+0800][info] GC(15) Concurrent Cleanup for Next Mark
[2024-10-11T04:22:26.269+0800][info] GC(15) Concurrent Cleanup for Next Mark 2.053ms
[2024-10-11T04:22:26.269+0800][info] GC(15) Concurrent Mark Cycle 9.852ms
[2024-10-11T04:22:26.538+0800][info] GC(16) Pause Young (Prepare Mixed) (G1 Evacuation Pause)
[2024-10-11T04:22:26.538+0800][info] GC(16) Using 3 workers of 48 for evacuation
[2024-10-11T04:22:26.541+0800][info] GC(16)   Pre Evacuate Collection Set: 0.1ms
[2024-10-11T04:22:26.541+0800][info] GC(16)   Merge Heap Roots: 0.1ms
[2024-10-11T04:22:26.541+0800][info] GC(16)   Evacuate Collection Set: 1.8ms
[2024-10-11T04:22:26.541+0800][info] GC(16)   Post Evacuate Collection Set: 0.2ms
[2024-10-11T04:22:26.541+0800][info] GC(16)   Other: 0.2ms
[2024-10-11T04:22:26.541+0800][info] GC(16) Eden regions: 4->0(2)
[2024-10-11T04:22:26.541+0800][info] GC(16) Survivor regions: 1->1(1)
[2024-10-11T04:22:26.541+0800][info] GC(16) Old regions: 35->40
[2024-10-11T04:22:26.541+0800][info] GC(16) Archive regions: 2->2
[2024-10-11T04:22:26.541+0800][info] GC(16) Humongous regions: 2->2
[2024-10-11T04:22:26.541+0800][info] GC(16) Metaspace: 1524K(1664K)->1524K(1664K) NonClass: 1389K(1472K)->1389K(1472K) Class: 135K(192K)->135K(192K)
[2024-10-11T04:22:26.541+0800][info] GC(16) Pause Young (Prepare Mixed) (G1 Evacuation Pause) 85M->86M(128M) 2.549ms
[2024-10-11T04:22:26.541+0800][info] GC(16) User=0.00s Sys=0.00s Real=0.00s
[2024-10-11T04:22:26.645+0800][info] GC(17) Pause Young (Mixed) (G1 Evacuation Pause)
[2024-10-11T04:22:26.645+0800][info] GC(17) Using 3 workers of 48 for evacuation
[2024-10-11T04:22:26.649+0800][info] GC(17)   Pre Evacuate Collection Set: 0.2ms
[2024-10-11T04:22:26.649+0800][info] GC(17)   Merge Heap Roots: 0.1ms
[2024-10-11T04:22:26.649+0800][info] GC(17)   Evacuate Collection Set: 4.3ms
[2024-10-11T04:22:26.649+0800][info] GC(17)   Post Evacuate Collection Set: 0.2ms
[2024-10-11T04:22:26.650+0800][info] GC(17)   Other: 0.2ms
[2024-10-11T04:22:26.650+0800][info] GC(17) Eden regions: 2->0(2)
[2024-10-11T04:22:26.650+0800][info] GC(17) Survivor regions: 1->1(1)
[2024-10-11T04:22:26.650+0800][info] GC(17) Old regions: 40->36
[2024-10-11T04:22:26.650+0800][info] GC(17) Archive regions: 2->2
[2024-10-11T04:22:26.650+0800][info] GC(17) Humongous regions: 2->2
[2024-10-11T04:22:26.650+0800][info] GC(17) Metaspace: 1524K(1664K)->1524K(1664K) NonClass: 1389K(1472K)->1389K(1472K) Class: 135K(192K)->135K(192K)
[2024-10-11T04:22:26.650+0800][info] GC(17) Pause Young (Mixed) (G1 Evacuation Pause) 90M->79M(128M) 5.108ms
[2024-10-11T04:22:26.650+0800][info] GC(17) User=0.01s Sys=0.01s Real=0.01s
[2024-10-11T04:22:26.752+0800][info] GC(18) Pause Young (Mixed) (G1 Evacuation Pause)
[2024-10-11T04:22:26.752+0800][info] GC(18) Using 3 workers of 48 for evacuation
[2024-10-11T04:22:26.755+0800][info] GC(18)   Pre Evacuate Collection Set: 0.2ms
[2024-10-11T04:22:26.755+0800][info] GC(18)   Merge Heap Roots: 0.1ms
[2024-10-11T04:22:26.755+0800][info] GC(18)   Evacuate Collection Set: 1.7ms
[2024-10-11T04:22:26.755+0800][info] GC(18)   Post Evacuate Collection Set: 0.2ms
[2024-10-11T04:22:26.755+0800][info] GC(18)   Other: 0.1ms
[2024-10-11T04:22:26.755+0800][info] GC(18) Eden regions: 2->0(4)
[2024-10-11T04:22:26.755+0800][info] GC(18) Survivor regions: 1->1(1)
[2024-10-11T04:22:26.755+0800][info] GC(18) Old regions: 36->37
[2024-10-11T04:22:26.755+0800][info] GC(18) Archive regions: 2->2
[2024-10-11T04:22:26.755+0800][info] GC(18) Humongous regions: 2->2
[2024-10-11T04:22:26.755+0800][info] GC(18) Metaspace: 1529K(1664K)->1529K(1664K) NonClass: 1393K(1472K)->1393K(1472K) Class: 135K(192K)->135K(192K)
[2024-10-11T04:22:26.755+0800][info] GC(18) Pause Young (Mixed) (G1 Evacuation Pause) 83M->80M(128M) 2.402ms
[2024-10-11T04:22:26.755+0800][info] GC(18) User=0.01s Sys=0.00s Real=0.01s
[2024-10-11T04:22:26.982+0800][info] GC(19) Pause Young (Concurrent Start) (G1 Evacuation Pause)
[2024-10-11T04:22:26.982+0800][info] GC(19) Using 3 workers of 48 for evacuation
[2024-10-11T04:22:26.984+0800][info] GC(19)   Pre Evacuate Collection Set: 0.1ms
[2024-10-11T04:22:26.984+0800][info] GC(19)   Merge Heap Roots: 0.0ms
[2024-10-11T04:22:26.984+0800][info] GC(19)   Evacuate Collection Set: 1.4ms
[2024-10-11T04:22:26.984+0800][info] GC(19)   Post Evacuate Collection Set: 0.2ms
[2024-10-11T04:22:26.984+0800][info] GC(19)   Other: 0.4ms
[2024-10-11T04:22:26.984+0800][info] GC(19) Eden regions: 4->0(3)
[2024-10-11T04:22:26.984+0800][info] GC(19) Survivor regions: 1->1(1)
[2024-10-11T04:22:26.984+0800][info] GC(19) Old regions: 37->41
[2024-10-11T04:22:26.984+0800][info] GC(19) Archive regions: 2->2
[2024-10-11T04:22:26.984+0800][info] GC(19) Humongous regions: 2->2
[2024-10-11T04:22:26.984+0800][info] GC(19) Metaspace: 1529K(1664K)->1529K(1664K) NonClass: 1393K(1472K)->1393K(1472K) Class: 135K(192K)->135K(192K)
[2024-10-11T04:22:26.984+0800][info] GC(19) Pause Young (Concurrent Start) (G1 Evacuation Pause) 88M->88M(128M) 2.187ms
[2024-10-11T04:22:26.984+0800][info] GC(19) User=0.00s Sys=0.00s Real=0.00s
[2024-10-11T04:22:26.984+0800][info] GC(20) Concurrent Mark Cycle
[2024-10-11T04:22:26.984+0800][info] GC(20) Concurrent Clear Claimed Marks
[2024-10-11T04:22:26.984+0800][info] GC(20) Concurrent Clear Claimed Marks 0.016ms
[2024-10-11T04:22:26.984+0800][info] GC(20) Concurrent Scan Root Regions
[2024-10-11T04:22:26.984+0800][info] GC(20) Concurrent Scan Root Regions 0.147ms
[2024-10-11T04:22:26.984+0800][info] GC(20) Concurrent Mark
[2024-10-11T04:22:26.984+0800][info] GC(20) Concurrent Mark From Roots
[2024-10-11T04:22:26.984+0800][info] GC(20) Using 12 workers of 12 for marking
[2024-10-11T04:22:26.988+0800][info] GC(20) Concurrent Mark From Roots 3.661ms
[2024-10-11T04:22:26.988+0800][info] GC(20) Concurrent Preclean
[2024-10-11T04:22:26.989+0800][info] GC(20) Concurrent Preclean 1.679ms
[2024-10-11T04:22:26.989+0800][info] GC(20) Pause Remark
[2024-10-11T04:22:26.991+0800][info] GC(20) Pause Remark 89M->89M(128M) 1.123ms
[2024-10-11T04:22:26.991+0800][info] GC(20) User=0.00s Sys=0.00s Real=0.00s
[2024-10-11T04:22:26.991+0800][info] GC(20) Concurrent Mark 6.660ms
[2024-10-11T04:22:26.991+0800][info] GC(20) Concurrent Rebuild Remembered Sets
[2024-10-11T04:22:26.992+0800][info] GC(20) Concurrent Rebuild Remembered Sets 1.555ms
[2024-10-11T04:22:26.992+0800][info] GC(20) Pause Cleanup
[2024-10-11T04:22:26.993+0800][info] GC(20) Pause Cleanup 89M->89M(128M) 0.178ms
[2024-10-11T04:22:26.993+0800][info] GC(20) User=0.00s Sys=0.00s Real=0.00s
[2024-10-11T04:22:26.993+0800][info] GC(20) Concurrent Cleanup for Next Mark
[2024-10-11T04:22:26.993+0800][info] GC(20) Concurrent Cleanup for Next Mark 0.401ms
[2024-10-11T04:22:26.993+0800][info] GC(20) Concurrent Mark Cycle 9.271ms
[2024-10-11T04:22:27.200+0800][info] GC(21) Pause Young (Prepare Mixed) (G1 Evacuation Pause)
[2024-10-11T04:22:27.200+0800][info] GC(21) Using 3 workers of 48 for evacuation
[2024-10-11T04:22:27.203+0800][info] GC(21)   Pre Evacuate Collection Set: 0.1ms
[2024-10-11T04:22:27.203+0800][info] GC(21)   Merge Heap Roots: 0.1ms
[2024-10-11T04:22:27.203+0800][info] GC(21)   Evacuate Collection Set: 2.1ms
[2024-10-11T04:22:27.203+0800][info] GC(21)   Post Evacuate Collection Set: 0.2ms
[2024-10-11T04:22:27.203+0800][info] GC(21)   Other: 0.2ms
[2024-10-11T04:22:27.203+0800][info] GC(21) Eden regions: 3->0(2)
[2024-10-11T04:22:27.203+0800][info] GC(21) Survivor regions: 1->1(1)
[2024-10-11T04:22:27.203+0800][info] GC(21) Old regions: 41->44
[2024-10-11T04:22:27.203+0800][info] GC(21) Archive regions: 2->2
[2024-10-11T04:22:27.203+0800][info] GC(21) Humongous regions: 2->2
[2024-10-11T04:22:27.203+0800][info] GC(21) Metaspace: 1533K(1664K)->1533K(1664K) NonClass: 1397K(1472K)->1397K(1472K) Class: 135K(192K)->135K(192K)
[2024-10-11T04:22:27.203+0800][info] GC(21) Pause Young (Prepare Mixed) (G1 Evacuation Pause) 94M->94M(128M) 2.791ms
[2024-10-11T04:22:27.203+0800][info] GC(21) User=0.01s Sys=0.00s Real=0.00s
[2024-10-11T04:22:27.307+0800][info] GC(22) Pause Young (Mixed) (G1 Evacuation Pause)
[2024-10-11T04:22:27.307+0800][info] GC(22) Using 3 workers of 48 for evacuation
[2024-10-11T04:22:27.314+0800][info] GC(22)   Pre Evacuate Collection Set: 0.2ms
[2024-10-11T04:22:27.314+0800][info] GC(22)   Merge Heap Roots: 0.1ms
[2024-10-11T04:22:27.314+0800][info] GC(22)   Evacuate Collection Set: 6.3ms
[2024-10-11T04:22:27.314+0800][info] GC(22)   Post Evacuate Collection Set: 0.2ms
[2024-10-11T04:22:27.314+0800][info] GC(22)   Other: 0.2ms
[2024-10-11T04:22:27.314+0800][info] GC(22) Eden regions: 2->0(2)
[2024-10-11T04:22:27.314+0800][info] GC(22) Survivor regions: 1->1(1)
[2024-10-11T04:22:27.314+0800][info] GC(22) Old regions: 44->41
[2024-10-11T04:22:27.314+0800][info] GC(22) Archive regions: 2->2
[2024-10-11T04:22:27.314+0800][info] GC(22) Humongous regions: 2->2
[2024-10-11T04:22:27.314+0800][info] GC(22) Metaspace: 1561K(1664K)->1561K(1664K) NonClass: 1425K(1472K)->1425K(1472K) Class: 135K(192K)->135K(192K)
[2024-10-11T04:22:27.314+0800][info] GC(22) Pause Young (Mixed) (G1 Evacuation Pause) 98M->89M(128M) 7.025ms
[2024-10-11T04:22:27.314+0800][info] GC(22) User=0.00s Sys=0.02s Real=0.01s
[2024-10-11T04:22:27.417+0800][info] GC(23) Pause Young (Mixed) (G1 Evacuation Pause)
[2024-10-11T04:22:27.417+0800][info] GC(23) Using 3 workers of 48 for evacuation
[2024-10-11T04:22:27.419+0800][info] GC(23)   Pre Evacuate Collection Set: 0.2ms
[2024-10-11T04:22:27.419+0800][info] GC(23)   Merge Heap Roots: 0.1ms
[2024-10-11T04:22:27.419+0800][info] GC(23)   Evacuate Collection Set: 1.7ms
[2024-10-11T04:22:27.419+0800][info] GC(23)   Post Evacuate Collection Set: 0.2ms
[2024-10-11T04:22:27.419+0800][info] GC(23)   Other: 0.1ms
[2024-10-11T04:22:27.419+0800][info] GC(23) Eden regions: 2->0(2)
[2024-10-11T04:22:27.419+0800][info] GC(23) Survivor regions: 1->1(1)
[2024-10-11T04:22:27.419+0800][info] GC(23) Old regions: 41->40
[2024-10-11T04:22:27.419+0800][info] GC(23) Archive regions: 2->2
[2024-10-11T04:22:27.419+0800][info] GC(23) Humongous regions: 2->2
[2024-10-11T04:22:27.419+0800][info] GC(23) Metaspace: 1561K(1664K)->1561K(1664K) NonClass: 1425K(1472K)->1425K(1472K) Class: 135K(192K)->135K(192K)
[2024-10-11T04:22:27.419+0800][info] GC(23) Pause Young (Mixed) (G1 Evacuation Pause) 93M->87M(128M) 2.472ms
[2024-10-11T04:22:27.419+0800][info] GC(23) User=0.00s Sys=0.00s Real=0.00s
[2024-10-11T04:22:27.523+0800][info] GC(24) Pause Young (Mixed) (G1 Evacuation Pause)
[2024-10-11T04:22:27.523+0800][info] GC(24) Using 3 workers of 48 for evacuation
[2024-10-11T04:22:27.525+0800][info] GC(24)   Pre Evacuate Collection Set: 0.2ms
[2024-10-11T04:22:27.525+0800][info] GC(24)   Merge Heap Roots: 0.0ms
[2024-10-11T04:22:27.525+0800][info] GC(24)   Evacuate Collection Set: 1.6ms
[2024-10-11T04:22:27.525+0800][info] GC(24)   Post Evacuate Collection Set: 0.2ms
[2024-10-11T04:22:27.525+0800][info] GC(24)   Other: 0.2ms
[2024-10-11T04:22:27.525+0800][info] GC(24) Eden regions: 2->0(3)
[2024-10-11T04:22:27.525+0800][info] GC(24) Survivor regions: 1->1(1)
[2024-10-11T04:22:27.525+0800][info] GC(24) Old regions: 40->40
[2024-10-11T04:22:27.525+0800][info] GC(24) Archive regions: 2->2
[2024-10-11T04:22:27.525+0800][info] GC(24) Humongous regions: 3->3
[2024-10-11T04:22:27.525+0800][info] GC(24) Metaspace: 1561K(1664K)->1561K(1664K) NonClass: 1425K(1472K)->1425K(1472K) Class: 135K(192K)->135K(192K)
[2024-10-11T04:22:27.526+0800][info] GC(24) Pause Young (Mixed) (G1 Evacuation Pause) 93M->89M(128M) 2.356ms
[2024-10-11T04:22:27.526+0800][info] GC(24) User=0.01s Sys=0.00s Real=0.01s
[2024-10-11T04:22:27.689+0800][info] GC(25) Pause Young (Normal) (G1 Evacuation Pause)
[2024-10-11T04:22:27.690+0800][info] GC(25) Using 3 workers of 48 for evacuation
[2024-10-11T04:22:27.691+0800][info] GC(25)   Pre Evacuate Collection Set: 0.1ms
[2024-10-11T04:22:27.691+0800][info] GC(25)   Merge Heap Roots: 0.0ms
[2024-10-11T04:22:27.691+0800][info] GC(25)   Evacuate Collection Set: 0.9ms
[2024-10-11T04:22:27.691+0800][info] GC(25)   Post Evacuate Collection Set: 0.2ms
[2024-10-11T04:22:27.691+0800][info] GC(25)   Other: 0.2ms
[2024-10-11T04:22:27.691+0800][info] GC(25) Eden regions: 3->0(2)
[2024-10-11T04:22:27.691+0800][info] GC(25) Survivor regions: 1->1(1)
[2024-10-11T04:22:27.691+0800][info] GC(25) Old regions: 40->43
[2024-10-11T04:22:27.691+0800][info] GC(25) Archive regions: 2->2
[2024-10-11T04:22:27.691+0800][info] GC(25) Humongous regions: 3->3
[2024-10-11T04:22:27.691+0800][info] GC(25) Metaspace: 1561K(1664K)->1561K(1664K) NonClass: 1425K(1472K)->1425K(1472K) Class: 135K(192K)->135K(192K)
[2024-10-11T04:22:27.691+0800][info] GC(25) Pause Young (Normal) (G1 Evacuation Pause) 95M->94M(128M) 1.613ms
[2024-10-11T04:22:27.691+0800][info] GC(25) User=0.01s Sys=0.00s Real=0.00s
[2024-10-11T04:22:27.794+0800][info] GC(26) Pause Young (Normal) (G1 Evacuation Pause)
[2024-10-11T04:22:27.794+0800][info] GC(26) Using 3 workers of 48 for evacuation
[2024-10-11T04:22:27.796+0800][info] GC(26)   Pre Evacuate Collection Set: 0.1ms
[2024-10-11T04:22:27.796+0800][info] GC(26)   Merge Heap Roots: 0.0ms
[2024-10-11T04:22:27.796+0800][info] GC(26)   Evacuate Collection Set: 0.7ms
[2024-10-11T04:22:27.796+0800][info] GC(26)   Post Evacuate Collection Set: 0.2ms
[2024-10-11T04:22:27.796+0800][info] GC(26)   Other: 0.2ms
[2024-10-11T04:22:27.796+0800][info] GC(26) Eden regions: 2->0(2)
[2024-10-11T04:22:27.796+0800][info] GC(26) Survivor regions: 1->1(1)
[2024-10-11T04:22:27.796+0800][info] GC(26) Old regions: 43->45
[2024-10-11T04:22:27.796+0800][info] GC(26) Archive regions: 2->2
[2024-10-11T04:22:27.796+0800][info] GC(26) Humongous regions: 3->3
[2024-10-11T04:22:27.796+0800][info] GC(26) Metaspace: 1561K(1664K)->1561K(1664K) NonClass: 1426K(1472K)->1426K(1472K) Class: 135K(192K)->135K(192K)
[2024-10-11T04:22:27.796+0800][info] GC(26) Pause Young (Normal) (G1 Evacuation Pause) 98M->98M(128M) 1.306ms
[2024-10-11T04:22:27.796+0800][info] GC(26) User=0.00s Sys=0.00s Real=0.00s
[2024-10-11T04:22:27.898+0800][info] GC(27) Pause Young (Concurrent Start) (G1 Evacuation Pause)
[2024-10-11T04:22:27.898+0800][info] GC(27) Using 3 workers of 48 for evacuation
[2024-10-11T04:22:27.900+0800][info] GC(27)   Pre Evacuate Collection Set: 0.1ms
[2024-10-11T04:22:27.900+0800][info] GC(27)   Merge Heap Roots: 0.1ms
[2024-10-11T04:22:27.900+0800][info] GC(27)   Evacuate Collection Set: 0.8ms
[2024-10-11T04:22:27.900+0800][info] GC(27)   Post Evacuate Collection Set: 0.2ms
[2024-10-11T04:22:27.900+0800][info] GC(27)   Other: 0.4ms
[2024-10-11T04:22:27.900+0800][info] GC(27) Eden regions: 2->0(2)
[2024-10-11T04:22:27.900+0800][info] GC(27) Survivor regions: 1->1(1)
[2024-10-11T04:22:27.900+0800][info] GC(27) Old regions: 45->46
[2024-10-11T04:22:27.900+0800][info] GC(27) Archive regions: 2->2
[2024-10-11T04:22:27.900+0800][info] GC(27) Humongous regions: 3->3
[2024-10-11T04:22:27.900+0800][info] GC(27) Metaspace: 1561K(1664K)->1561K(1664K) NonClass: 1426K(1472K)->1426K(1472K) Class: 135K(192K)->135K(192K)
[2024-10-11T04:22:27.900+0800][info] GC(27) Pause Young (Concurrent Start) (G1 Evacuation Pause) 102M->101M(128M) 1.607ms
[2024-10-11T04:22:27.900+0800][info] GC(27) User=0.01s Sys=0.00s Real=0.00s
[2024-10-11T04:22:27.900+0800][info] GC(28) Concurrent Mark Cycle
[2024-10-11T04:22:27.900+0800][info] GC(28) Concurrent Clear Claimed Marks
[2024-10-11T04:22:27.900+0800][info] GC(28) Concurrent Clear Claimed Marks 0.016ms
[2024-10-11T04:22:27.900+0800][info] GC(28) Concurrent Scan Root Regions
[2024-10-11T04:22:27.900+0800][info] GC(28) Concurrent Scan Root Regions 0.145ms
[2024-10-11T04:22:27.900+0800][info] GC(28) Concurrent Mark
[2024-10-11T04:22:27.900+0800][info] GC(28) Concurrent Mark From Roots
[2024-10-11T04:22:27.900+0800][info] GC(28) Using 12 workers of 12 for marking
[2024-10-11T04:22:27.904+0800][info] GC(28) Concurrent Mark From Roots 3.548ms
[2024-10-11T04:22:27.904+0800][info] GC(28) Concurrent Preclean
[2024-10-11T04:22:27.905+0800][info] GC(28) Concurrent Preclean 1.680ms
[2024-10-11T04:22:27.906+0800][info] GC(28) Pause Remark
[2024-10-11T04:22:27.907+0800][info] GC(28) Pause Remark 101M->101M(128M) 1.164ms
[2024-10-11T04:22:27.907+0800][info] GC(28) User=0.01s Sys=0.00s Real=0.00s
[2024-10-11T04:22:27.907+0800][info] GC(28) Concurrent Mark 6.593ms
[2024-10-11T04:22:27.907+0800][info] GC(28) Concurrent Rebuild Remembered Sets
[2024-10-11T04:22:27.908+0800][info] GC(28) Concurrent Rebuild Remembered Sets 1.560ms
[2024-10-11T04:22:27.908+0800][info] GC(28) Pause Cleanup
[2024-10-11T04:22:27.909+0800][info] GC(28) Pause Cleanup 101M->101M(128M) 0.172ms
[2024-10-11T04:22:27.909+0800][info] GC(28) User=0.00s Sys=0.00s Real=0.00s
[2024-10-11T04:22:27.909+0800][info] GC(28) Concurrent Cleanup for Next Mark
[2024-10-11T04:22:27.909+0800][info] GC(28) Concurrent Cleanup for Next Mark 0.355ms
[2024-10-11T04:22:27.909+0800][info] GC(28) Concurrent Mark Cycle 9.194ms
[2024-10-11T04:22:28.055+0800][info] GC(29) Pause Young (Prepare Mixed) (G1 Evacuation Pause)
[2024-10-11T04:22:28.055+0800][info] GC(29) Using 3 workers of 48 for evacuation
[2024-10-11T04:22:28.057+0800][info] GC(29)   Pre Evacuate Collection Set: 0.1ms
[2024-10-11T04:22:28.057+0800][info] GC(29)   Merge Heap Roots: 0.1ms
[2024-10-11T04:22:28.057+0800][info] GC(29)   Evacuate Collection Set: 1.5ms
[2024-10-11T04:22:28.057+0800][info] GC(29)   Post Evacuate Collection Set: 0.2ms
[2024-10-11T04:22:28.057+0800][info] GC(29)   Other: 0.2ms
[2024-10-11T04:22:28.057+0800][info] GC(29) Eden regions: 2->0(2)
[2024-10-11T04:22:28.057+0800][info] GC(29) Survivor regions: 1->1(1)
[2024-10-11T04:22:28.057+0800][info] GC(29) Old regions: 46->48
[2024-10-11T04:22:28.057+0800][info] GC(29) Archive regions: 2->2
[2024-10-11T04:22:28.057+0800][info] GC(29) Humongous regions: 3->3
[2024-10-11T04:22:28.057+0800][info] GC(29) Metaspace: 1563K(1664K)->1563K(1664K) NonClass: 1427K(1472K)->1427K(1472K) Class: 135K(192K)->135K(192K)
[2024-10-11T04:22:28.057+0800][info] GC(29) Pause Young (Prepare Mixed) (G1 Evacuation Pause) 104M->104M(128M) 2.180ms
[2024-10-11T04:22:28.057+0800][info] GC(29) User=0.00s Sys=0.00s Real=0.00s
[2024-10-11T04:22:28.160+0800][info] GC(30) Pause Young (Mixed) (G1 Evacuation Pause)
[2024-10-11T04:22:28.160+0800][info] GC(30) Using 3 workers of 48 for evacuation
[2024-10-11T04:22:28.162+0800][info] GC(30)   Pre Evacuate Collection Set: 0.2ms
[2024-10-11T04:22:28.162+0800][info] GC(30)   Merge Heap Roots: 0.1ms
[2024-10-11T04:22:28.162+0800][info] GC(30)   Evacuate Collection Set: 2.0ms
[2024-10-11T04:22:28.162+0800][info] GC(30)   Post Evacuate Collection Set: 0.2ms
[2024-10-11T04:22:28.162+0800][info] GC(30)   Other: 0.2ms
[2024-10-11T04:22:28.162+0800][info] GC(30) Eden regions: 2->0(2)
[2024-10-11T04:22:28.162+0800][info] GC(30) Survivor regions: 1->1(1)
[2024-10-11T04:22:28.162+0800][info] GC(30) Old regions: 48->45
[2024-10-11T04:22:28.162+0800][info] GC(30) Archive regions: 2->2
[2024-10-11T04:22:28.162+0800][info] GC(30) Humongous regions: 3->3
[2024-10-11T04:22:28.162+0800][info] GC(30) Metaspace: 1563K(1664K)->1563K(1664K) NonClass: 1427K(1472K)->1427K(1472K) Class: 135K(192K)->135K(192K)
[2024-10-11T04:22:28.162+0800][info] GC(30) Pause Young (Mixed) (G1 Evacuation Pause) 108M->99M(128M) 2.742ms
[2024-10-11T04:22:28.162+0800][info] GC(30) User=0.01s Sys=0.00s Real=0.00s
[2024-10-11T04:22:28.266+0800][info] GC(31) Pause Young (Mixed) (G1 Evacuation Pause)
[2024-10-11T04:22:28.266+0800][info] GC(31) Using 3 workers of 48 for evacuation
[2024-10-11T04:22:28.268+0800][info] GC(31)   Pre Evacuate Collection Set: 0.2ms
[2024-10-11T04:22:28.268+0800][info] GC(31)   Merge Heap Roots: 0.1ms
[2024-10-11T04:22:28.268+0800][info] GC(31)   Evacuate Collection Set: 1.9ms
[2024-10-11T04:22:28.268+0800][info] GC(31)   Post Evacuate Collection Set: 0.2ms
[2024-10-11T04:22:28.268+0800][info] GC(31)   Other: 0.2ms
[2024-10-11T04:22:28.268+0800][info] GC(31) Eden regions: 2->0(2)
[2024-10-11T04:22:28.268+0800][info] GC(31) Survivor regions: 1->1(1)
[2024-10-11T04:22:28.268+0800][info] GC(31) Old regions: 45->44
[2024-10-11T04:22:28.268+0800][info] GC(31) Archive regions: 2->2
[2024-10-11T04:22:28.268+0800][info] GC(31) Humongous regions: 3->3
[2024-10-11T04:22:28.268+0800][info] GC(31) Metaspace: 1565K(1664K)->1565K(1664K) NonClass: 1430K(1472K)->1430K(1472K) Class: 135K(192K)->135K(192K)
[2024-10-11T04:22:28.268+0800][info] GC(31) Pause Young (Mixed) (G1 Evacuation Pause) 103M->97M(128M) 2.572ms
[2024-10-11T04:22:28.268+0800][info] GC(31) User=0.01s Sys=0.00s Real=0.00s
[2024-10-11T04:22:28.371+0800][info] GC(32) Pause Young (Mixed) (G1 Evacuation Pause)
[2024-10-11T04:22:28.371+0800][info] GC(32) Using 3 workers of 48 for evacuation
[2024-10-11T04:22:28.373+0800][info] GC(32)   Pre Evacuate Collection Set: 0.2ms
[2024-10-11T04:22:28.373+0800][info] GC(32)   Merge Heap Roots: 0.1ms
[2024-10-11T04:22:28.373+0800][info] GC(32)   Evacuate Collection Set: 1.7ms
[2024-10-11T04:22:28.373+0800][info] GC(32)   Post Evacuate Collection Set: 0.2ms
[2024-10-11T04:22:28.373+0800][info] GC(32)   Other: 0.1ms
[2024-10-11T04:22:28.373+0800][info] GC(32) Eden regions: 2->0(2)
[2024-10-11T04:22:28.373+0800][info] GC(32) Survivor regions: 1->1(1)
[2024-10-11T04:22:28.373+0800][info] GC(32) Old regions: 44->43
[2024-10-11T04:22:28.373+0800][info] GC(32) Archive regions: 2->2
[2024-10-11T04:22:28.373+0800][info] GC(32) Humongous regions: 3->3
[2024-10-11T04:22:28.373+0800][info] GC(32) Metaspace: 1565K(1664K)->1565K(1664K) NonClass: 1430K(1472K)->1430K(1472K) Class: 135K(192K)->135K(192K)
[2024-10-11T04:22:28.373+0800][info] GC(32) Pause Young (Mixed) (G1 Evacuation Pause) 101M->94M(128M) 2.404ms
[2024-10-11T04:22:28.373+0800][info] GC(32) User=0.00s Sys=0.00s Real=0.00s
[2024-10-11T04:22:28.476+0800][info] GC(33) Pause Young (Mixed) (G1 Evacuation Pause)
[2024-10-11T04:22:28.476+0800][info] GC(33) Using 3 workers of 48 for evacuation
[2024-10-11T04:22:28.478+0800][info] GC(33)   Pre Evacuate Collection Set: 0.2ms
[2024-10-11T04:22:28.478+0800][info] GC(33)   Merge Heap Roots: 0.1ms
[2024-10-11T04:22:28.478+0800][info] GC(33)   Evacuate Collection Set: 1.3ms
[2024-10-11T04:22:28.478+0800][info] GC(33)   Post Evacuate Collection Set: 0.2ms
[2024-10-11T04:22:28.478+0800][info] GC(33)   Other: 0.1ms
[2024-10-11T04:22:28.478+0800][info] GC(33) Eden regions: 2->0(2)
[2024-10-11T04:22:28.478+0800][info] GC(33) Survivor regions: 1->1(1)
[2024-10-11T04:22:28.478+0800][info] GC(33) Old regions: 43->44
[2024-10-11T04:22:28.478+0800][info] GC(33) Archive regions: 2->2
[2024-10-11T04:22:28.478+0800][info] GC(33) Humongous regions: 3->3
[2024-10-11T04:22:28.478+0800][info] GC(33) Metaspace: 1567K(1728K)->1567K(1728K) NonClass: 1431K(1536K)->1431K(1536K) Class: 135K(192K)->135K(192K)
[2024-10-11T04:22:28.478+0800][info] GC(33) Pause Young (Mixed) (G1 Evacuation Pause) 98M->96M(128M) 2.013ms
[2024-10-11T04:22:28.478+0800][info] GC(33) User=0.01s Sys=0.00s Real=0.00s
[2024-10-11T04:22:28.581+0800][info] GC(34) Pause Young (Normal) (G1 Evacuation Pause)
[2024-10-11T04:22:28.581+0800][info] GC(34) Using 3 workers of 48 for evacuation
[2024-10-11T04:22:28.582+0800][info] GC(34)   Pre Evacuate Collection Set: 0.1ms
[2024-10-11T04:22:28.582+0800][info] GC(34)   Merge Heap Roots: 0.0ms
[2024-10-11T04:22:28.582+0800][info] GC(34)   Evacuate Collection Set: 0.8ms
[2024-10-11T04:22:28.582+0800][info] GC(34)   Post Evacuate Collection Set: 0.2ms
[2024-10-11T04:22:28.582+0800][info] GC(34)   Other: 0.2ms
[2024-10-11T04:22:28.582+0800][info] GC(34) Eden regions: 2->0(2)
[2024-10-11T04:22:28.582+0800][info] GC(34) Survivor regions: 1->1(1)
[2024-10-11T04:22:28.582+0800][info] GC(34) Old regions: 44->45
[2024-10-11T04:22:28.582+0800][info] GC(34) Archive regions: 2->2
[2024-10-11T04:22:28.582+0800][info] GC(34) Humongous regions: 3->3
[2024-10-11T04:22:28.582+0800][info] GC(34) Metaspace: 1567K(1728K)->1567K(1728K) NonClass: 1431K(1536K)->1431K(1536K) Class: 135K(192K)->135K(192K)
[2024-10-11T04:22:28.582+0800][info] GC(34) Pause Young (Normal) (G1 Evacuation Pause) 99M->99M(128M) 1.436ms
[2024-10-11T04:22:28.582+0800][info] GC(34) User=0.00s Sys=0.00s Real=0.00s
[2024-10-11T04:22:28.686+0800][info] GC(35) Pause Young (Normal) (G1 Evacuation Pause)
[2024-10-11T04:22:28.686+0800][info] GC(35) Using 3 workers of 48 for evacuation
[2024-10-11T04:22:28.688+0800][info] GC(35)   Pre Evacuate Collection Set: 0.1ms
[2024-10-11T04:22:28.688+0800][info] GC(35)   Merge Heap Roots: 0.0ms
[2024-10-11T04:22:28.688+0800][info] GC(35)   Evacuate Collection Set: 0.7ms
[2024-10-11T04:22:28.688+0800][info] GC(35)   Post Evacuate Collection Set: 0.2ms
[2024-10-11T04:22:28.688+0800][info] GC(35)   Other: 0.2ms
[2024-10-11T04:22:28.688+0800][info] GC(35) Eden regions: 2->0(2)
[2024-10-11T04:22:28.688+0800][info] GC(35) Survivor regions: 1->1(1)
[2024-10-11T04:22:28.688+0800][info] GC(35) Old regions: 45->47
[2024-10-11T04:22:28.688+0800][info] GC(35) Archive regions: 2->2
[2024-10-11T04:22:28.688+0800][info] GC(35) Humongous regions: 3->3
[2024-10-11T04:22:28.688+0800][info] GC(35) Metaspace: 1581K(1728K)->1581K(1728K) NonClass: 1445K(1536K)->1445K(1536K) Class: 135K(192K)->135K(192K)
[2024-10-11T04:22:28.688+0800][info] GC(35) Pause Young (Normal) (G1 Evacuation Pause) 103M->103M(128M) 1.346ms
[2024-10-11T04:22:28.688+0800][info] GC(35) User=0.00s Sys=0.00s Real=0.00s
[2024-10-11T04:22:28.790+0800][info] GC(36) Pause Young (Concurrent Start) (G1 Evacuation Pause)
[2024-10-11T04:22:28.790+0800][info] GC(36) Using 3 workers of 48 for evacuation
[2024-10-11T04:22:28.792+0800][info] GC(36)   Pre Evacuate Collection Set: 0.1ms
[2024-10-11T04:22:28.792+0800][info] GC(36)   Merge Heap Roots: 0.0ms
[2024-10-11T04:22:28.792+0800][info] GC(36)   Evacuate Collection Set: 0.7ms
[2024-10-11T04:22:28.792+0800][info] GC(36)   Post Evacuate Collection Set: 0.2ms
[2024-10-11T04:22:28.792+0800][info] GC(36)   Other: 0.3ms
[2024-10-11T04:22:28.792+0800][info] GC(36) Eden regions: 2->0(2)
[2024-10-11T04:22:28.792+0800][info] GC(36) Survivor regions: 1->1(1)
[2024-10-11T04:22:28.792+0800][info] GC(36) Old regions: 47->49
[2024-10-11T04:22:28.792+0800][info] GC(36) Archive regions: 2->2
[2024-10-11T04:22:28.792+0800][info] GC(36) Humongous regions: 3->3
[2024-10-11T04:22:28.792+0800][info] GC(36) Metaspace: 1584K(1728K)->1584K(1728K) NonClass: 1448K(1536K)->1448K(1536K) Class: 135K(192K)->135K(192K)
[2024-10-11T04:22:28.792+0800][info] GC(36) Pause Young (Concurrent Start) (G1 Evacuation Pause) 107M->107M(128M) 1.491ms
[2024-10-11T04:22:28.792+0800][info] GC(36) User=0.00s Sys=0.00s Real=0.00s
[2024-10-11T04:22:28.792+0800][info] GC(37) Concurrent Mark Cycle
[2024-10-11T04:22:28.792+0800][info] GC(37) Concurrent Clear Claimed Marks
[2024-10-11T04:22:28.792+0800][info] GC(37) Concurrent Clear Claimed Marks 0.016ms
[2024-10-11T04:22:28.792+0800][info] GC(37) Concurrent Scan Root Regions
[2024-10-11T04:22:28.792+0800][info] GC(37) Concurrent Scan Root Regions 0.146ms
[2024-10-11T04:22:28.792+0800][info] GC(37) Concurrent Mark
[2024-10-11T04:22:28.792+0800][info] GC(37) Concurrent Mark From Roots
[2024-10-11T04:22:28.792+0800][info] GC(37) Using 12 workers of 12 for marking
[2024-10-11T04:22:28.796+0800][info] GC(37) Concurrent Mark From Roots 3.744ms
[2024-10-11T04:22:28.796+0800][info] GC(37) Concurrent Preclean
[2024-10-11T04:22:28.798+0800][info] GC(37) Concurrent Preclean 1.686ms
[2024-10-11T04:22:28.798+0800][info] GC(37) Pause Remark
[2024-10-11T04:22:28.799+0800][info] GC(37) Pause Remark 107M->103M(128M) 1.258ms
[2024-10-11T04:22:28.799+0800][info] GC(37) User=0.00s Sys=0.00s Real=0.00s
[2024-10-11T04:22:28.799+0800][info] GC(37) Concurrent Mark 7.124ms
[2024-10-11T04:22:28.799+0800][info] GC(37) Concurrent Rebuild Remembered Sets
[2024-10-11T04:22:28.801+0800][info] GC(37) Concurrent Rebuild Remembered Sets 1.503ms
[2024-10-11T04:22:28.801+0800][info] GC(37) Pause Cleanup
[2024-10-11T04:22:28.801+0800][info] GC(37) Pause Cleanup 103M->103M(128M) 0.151ms
[2024-10-11T04:22:28.801+0800][info] GC(37) User=0.00s Sys=0.00s Real=0.00s
[2024-10-11T04:22:28.801+0800][info] GC(37) Concurrent Cleanup for Next Mark
[2024-10-11T04:22:28.801+0800][info] GC(37) Concurrent Cleanup for Next Mark 0.421ms
[2024-10-11T04:22:28.801+0800][info] GC(37) Concurrent Mark Cycle 9.627ms
[2024-10-11T04:22:28.947+0800][info] GC(38) Pause Young (Prepare Mixed) (G1 Evacuation Pause)
[2024-10-11T04:22:28.947+0800][info] GC(38) Using 3 workers of 48 for evacuation
[2024-10-11T04:22:28.948+0800][info] GC(38)   Pre Evacuate Collection Set: 0.1ms
[2024-10-11T04:22:28.948+0800][info] GC(38)   Merge Heap Roots: 0.1ms
[2024-10-11T04:22:28.948+0800][info] GC(38)   Evacuate Collection Set: 0.9ms
[2024-10-11T04:22:28.948+0800][info] GC(38)   Post Evacuate Collection Set: 0.2ms
[2024-10-11T04:22:28.948+0800][info] GC(38)   Other: 0.2ms
[2024-10-11T04:22:28.948+0800][info] GC(38) Eden regions: 2->0(2)
[2024-10-11T04:22:28.948+0800][info] GC(38) Survivor regions: 1->1(1)
[2024-10-11T04:22:28.948+0800][info] GC(38) Old regions: 47->49
[2024-10-11T04:22:28.948+0800][info] GC(38) Archive regions: 2->2
[2024-10-11T04:22:28.948+0800][info] GC(38) Humongous regions: 3->3
[2024-10-11T04:22:28.948+0800][info] GC(38) Metaspace: 1600K(1728K)->1600K(1728K) NonClass: 1464K(1536K)->1464K(1536K) Class: 135K(192K)->135K(192K)
[2024-10-11T04:22:28.948+0800][info] GC(38) Pause Young (Prepare Mixed) (G1 Evacuation Pause) 107M->107M(128M) 1.603ms
[2024-10-11T04:22:28.948+0800][info] GC(38) User=0.00s Sys=0.00s Real=0.00s
[2024-10-11T04:22:29.050+0800][info] GC(39) Pause Young (Mixed) (G1 Evacuation Pause)
[2024-10-11T04:22:29.050+0800][info] GC(39) Using 3 workers of 48 for evacuation
[2024-10-11T04:22:29.052+0800][info] GC(39)   Pre Evacuate Collection Set: 0.2ms
[2024-10-11T04:22:29.052+0800][info] GC(39)   Merge Heap Roots: 0.0ms
[2024-10-11T04:22:29.052+0800][info] GC(39)   Evacuate Collection Set: 1.2ms
[2024-10-11T04:22:29.052+0800][info] GC(39)   Post Evacuate Collection Set: 0.2ms
[2024-10-11T04:22:29.052+0800][info] GC(39)   Other: 0.2ms
[2024-10-11T04:22:29.052+0800][info] GC(39) Eden regions: 2->0(2)
[2024-10-11T04:22:29.052+0800][info] GC(39) Survivor regions: 1->1(1)
[2024-10-11T04:22:29.052+0800][info] GC(39) Old regions: 49->46
[2024-10-11T04:22:29.052+0800][info] GC(39) Archive regions: 2->2
[2024-10-11T04:22:29.052+0800][info] GC(39) Humongous regions: 3->3
[2024-10-11T04:22:29.052+0800][info] GC(39) Metaspace: 1600K(1728K)->1600K(1728K) NonClass: 1464K(1536K)->1464K(1536K) Class: 135K(192K)->135K(192K)
[2024-10-11T04:22:29.052+0800][info] GC(39) Pause Young (Mixed) (G1 Evacuation Pause) 111M->101M(128M) 1.914ms
[2024-10-11T04:22:29.052+0800][info] GC(39) User=0.01s Sys=0.01s Real=0.00s
[2024-10-11T04:22:29.155+0800][info] GC(40) Pause Young (Mixed) (G1 Evacuation Pause)
[2024-10-11T04:22:29.155+0800][info] GC(40) Using 3 workers of 48 for evacuation
[2024-10-11T04:22:29.157+0800][info] GC(40)   Pre Evacuate Collection Set: 0.2ms
[2024-10-11T04:22:29.157+0800][info] GC(40)   Merge Heap Roots: 0.1ms
[2024-10-11T04:22:29.157+0800][info] GC(40)   Evacuate Collection Set: 1.6ms
[2024-10-11T04:22:29.157+0800][info] GC(40)   Post Evacuate Collection Set: 0.2ms
[2024-10-11T04:22:29.157+0800][info] GC(40)   Other: 0.1ms
[2024-10-11T04:22:29.157+0800][info] GC(40) Eden regions: 2->0(2)
[2024-10-11T04:22:29.157+0800][info] GC(40) Survivor regions: 1->1(1)
[2024-10-11T04:22:29.157+0800][info] GC(40) Old regions: 46->44
[2024-10-11T04:22:29.157+0800][info] GC(40) Archive regions: 2->2
[2024-10-11T04:22:29.157+0800][info] GC(40) Humongous regions: 3->3
[2024-10-11T04:22:29.157+0800][info] GC(40) Metaspace: 1601K(1728K)->1601K(1728K) NonClass: 1465K(1536K)->1465K(1536K) Class: 135K(192K)->135K(192K)
[2024-10-11T04:22:29.157+0800][info] GC(40) Pause Young (Mixed) (G1 Evacuation Pause) 104M->97M(128M) 2.366ms
[2024-10-11T04:22:29.157+0800][info] GC(40) User=0.00s Sys=0.00s Real=0.00s
[2024-10-11T04:22:29.259+0800][info] GC(41) Pause Young (Mixed) (G1 Evacuation Pause)
[2024-10-11T04:22:29.259+0800][info] GC(41) Using 3 workers of 48 for evacuation
[2024-10-11T04:22:29.262+0800][info] GC(41)   Pre Evacuate Collection Set: 0.2ms
[2024-10-11T04:22:29.262+0800][info] GC(41)   Merge Heap Roots: 0.0ms
[2024-10-11T04:22:29.262+0800][info] GC(41)   Evacuate Collection Set: 1.7ms
[2024-10-11T04:22:29.262+0800][info] GC(41)   Post Evacuate Collection Set: 0.2ms
[2024-10-11T04:22:29.262+0800][info] GC(41)   Other: 0.1ms
[2024-10-11T04:22:29.262+0800][info] GC(41) Eden regions: 2->0(2)
[2024-10-11T04:22:29.262+0800][info] GC(41) Survivor regions: 1->1(1)
[2024-10-11T04:22:29.262+0800][info] GC(41) Old regions: 44->44
[2024-10-11T04:22:29.262+0800][info] GC(41) Archive regions: 2->2
[2024-10-11T04:22:29.262+0800][info] GC(41) Humongous regions: 3->3
[2024-10-11T04:22:29.262+0800][info] GC(41) Metaspace: 1601K(1728K)->1601K(1728K) NonClass: 1465K(1536K)->1465K(1536K) Class: 135K(192K)->135K(192K)
[2024-10-11T04:22:29.262+0800][info] GC(41) Pause Young (Mixed) (G1 Evacuation Pause) 101M->96M(128M) 2.349ms
[2024-10-11T04:22:29.262+0800][info] GC(41) User=0.01s Sys=0.00s Real=0.00s
[2024-10-11T04:22:29.365+0800][info] GC(42) Pause Young (Normal) (G1 Evacuation Pause)
[2024-10-11T04:22:29.365+0800][info] GC(42) Using 3 workers of 48 for evacuation
[2024-10-11T04:22:29.366+0800][info] GC(42)   Pre Evacuate Collection Set: 0.1ms
[2024-10-11T04:22:29.366+0800][info] GC(42)   Merge Heap Roots: 0.1ms
[2024-10-11T04:22:29.366+0800][info] GC(42)   Evacuate Collection Set: 0.8ms
[2024-10-11T04:22:29.366+0800][info] GC(42)   Post Evacuate Collection Set: 0.2ms
[2024-10-11T04:22:29.366+0800][info] GC(42)   Other: 0.2ms
[2024-10-11T04:22:29.366+0800][info] GC(42) Eden regions: 2->0(2)
[2024-10-11T04:22:29.366+0800][info] GC(42) Survivor regions: 1->1(1)
[2024-10-11T04:22:29.366+0800][info] GC(42) Old regions: 44->46
[2024-10-11T04:22:29.366+0800][info] GC(42) Archive regions: 2->2
[2024-10-11T04:22:29.366+0800][info] GC(42) Humongous regions: 3->3
[2024-10-11T04:22:29.366+0800][info] GC(42) Metaspace: 1602K(1728K)->1602K(1728K) NonClass: 1466K(1536K)->1466K(1536K) Class: 135K(192K)->135K(192K)
[2024-10-11T04:22:29.366+0800][info] GC(42) Pause Young (Normal) (G1 Evacuation Pause) 100M->100M(128M) 1.391ms
[2024-10-11T04:22:29.366+0800][info] GC(42) User=0.01s Sys=0.00s Real=0.01s
[2024-10-11T04:22:29.468+0800][info] GC(43) Pause Young (Normal) (G1 Evacuation Pause)
[2024-10-11T04:22:29.468+0800][info] GC(43) Using 3 workers of 48 for evacuation
[2024-10-11T04:22:29.469+0800][info] GC(43)   Pre Evacuate Collection Set: 0.1ms
[2024-10-11T04:22:29.469+0800][info] GC(43)   Merge Heap Roots: 0.1ms
[2024-10-11T04:22:29.469+0800][info] GC(43)   Evacuate Collection Set: 0.7ms
[2024-10-11T04:22:29.469+0800][info] GC(43)   Post Evacuate Collection Set: 0.2ms
[2024-10-11T04:22:29.469+0800][info] GC(43)   Other: 0.2ms
[2024-10-11T04:22:29.469+0800][info] GC(43) Eden regions: 2->0(2)
[2024-10-11T04:22:29.469+0800][info] GC(43) Survivor regions: 1->1(1)
[2024-10-11T04:22:29.469+0800][info] GC(43) Old regions: 46->47
[2024-10-11T04:22:29.469+0800][info] GC(43) Archive regions: 2->2
[2024-10-11T04:22:29.469+0800][info] GC(43) Humongous regions: 3->3
[2024-10-11T04:22:29.469+0800][info] GC(43) Metaspace: 1602K(1728K)->1602K(1728K) NonClass: 1466K(1536K)->1466K(1536K) Class: 135K(192K)->135K(192K)
[2024-10-11T04:22:29.469+0800][info] GC(43) Pause Young (Normal) (G1 Evacuation Pause) 103M->103M(128M) 1.415ms
[2024-10-11T04:22:29.469+0800][info] GC(43) User=0.00s Sys=0.00s Real=0.00s
[2024-10-11T04:22:29.572+0800][info] GC(44) Pause Young (Concurrent Start) (G1 Evacuation Pause)
[2024-10-11T04:22:29.572+0800][info] GC(44) Using 3 workers of 48 for evacuation
[2024-10-11T04:22:29.574+0800][info] GC(44)   Pre Evacuate Collection Set: 0.1ms
[2024-10-11T04:22:29.574+0800][info] GC(44)   Merge Heap Roots: 0.0ms
[2024-10-11T04:22:29.574+0800][info] GC(44)   Evacuate Collection Set: 0.8ms
[2024-10-11T04:22:29.574+0800][info] GC(44)   Post Evacuate Collection Set: 0.2ms
[2024-10-11T04:22:29.574+0800][info] GC(44)   Other: 0.3ms
[2024-10-11T04:22:29.574+0800][info] GC(44) Eden regions: 2->0(2)
[2024-10-11T04:22:29.574+0800][info] GC(44) Survivor regions: 1->1(1)
[2024-10-11T04:22:29.574+0800][info] GC(44) Old regions: 47->49
[2024-10-11T04:22:29.574+0800][info] GC(44) Archive regions: 2->2
[2024-10-11T04:22:29.574+0800][info] GC(44) Humongous regions: 3->3
[2024-10-11T04:22:29.574+0800][info] GC(44) Metaspace: 1602K(1728K)->1602K(1728K) NonClass: 1466K(1536K)->1466K(1536K) Class: 135K(192K)->135K(192K)
[2024-10-11T04:22:29.574+0800][info] GC(44) Pause Young (Concurrent Start) (G1 Evacuation Pause) 107M->107M(128M) 1.612ms
[2024-10-11T04:22:29.574+0800][info] GC(44) User=0.00s Sys=0.00s Real=0.01s
[2024-10-11T04:22:29.574+0800][info] GC(45) Concurrent Mark Cycle
[2024-10-11T04:22:29.574+0800][info] GC(45) Concurrent Clear Claimed Marks
[2024-10-11T04:22:29.574+0800][info] GC(45) Concurrent Clear Claimed Marks 0.015ms
[2024-10-11T04:22:29.574+0800][info] GC(45) Concurrent Scan Root Regions
[2024-10-11T04:22:29.574+0800][info] GC(45) Concurrent Scan Root Regions 0.132ms
[2024-10-11T04:22:29.574+0800][info] GC(45) Concurrent Mark
[2024-10-11T04:22:29.574+0800][info] GC(45) Concurrent Mark From Roots
[2024-10-11T04:22:29.574+0800][info] GC(45) Using 12 workers of 12 for marking
[2024-10-11T04:22:29.578+0800][info] GC(45) Concurrent Mark From Roots 4.057ms
[2024-10-11T04:22:29.578+0800][info] GC(45) Concurrent Preclean
[2024-10-11T04:22:29.580+0800][info] GC(45) Concurrent Preclean 1.665ms
[2024-10-11T04:22:29.580+0800][info] GC(45) Pause Remark
[2024-10-11T04:22:29.581+0800][info] GC(45) Pause Remark 107M->105M(128M) 1.156ms
[2024-10-11T04:22:29.581+0800][info] GC(45) User=0.01s Sys=0.00s Real=0.00s
[2024-10-11T04:22:29.581+0800][info] GC(45) Concurrent Mark 7.049ms
[2024-10-11T04:22:29.581+0800][info] GC(45) Concurrent Rebuild Remembered Sets
[2024-10-11T04:22:29.583+0800][info] GC(45) Concurrent Rebuild Remembered Sets 1.488ms
[2024-10-11T04:22:29.583+0800][info] GC(45) Pause Cleanup
[2024-10-11T04:22:29.583+0800][info] GC(45) Pause Cleanup 105M->105M(128M) 0.178ms
[2024-10-11T04:22:29.583+0800][info] GC(45) User=0.00s Sys=0.00s Real=0.00s
[2024-10-11T04:22:29.583+0800][info] GC(45) Concurrent Cleanup for Next Mark
[2024-10-11T04:22:29.584+0800][info] GC(45) Concurrent Cleanup for Next Mark 0.396ms
[2024-10-11T04:22:29.584+0800][info] GC(45) Concurrent Mark Cycle 9.571ms
[2024-10-11T04:22:29.728+0800][info] GC(46) Pause Young (Prepare Mixed) (G1 Evacuation Pause)
[2024-10-11T04:22:29.728+0800][info] GC(46) Using 3 workers of 48 for evacuation
[2024-10-11T04:22:29.729+0800][info] GC(46)   Pre Evacuate Collection Set: 0.1ms
[2024-10-11T04:22:29.729+0800][info] GC(46)   Merge Heap Roots: 0.1ms
[2024-10-11T04:22:29.729+0800][info] GC(46)   Evacuate Collection Set: 0.8ms
[2024-10-11T04:22:29.729+0800][info] GC(46)   Post Evacuate Collection Set: 0.2ms
[2024-10-11T04:22:29.729+0800][info] GC(46)   Other: 0.2ms
[2024-10-11T04:22:29.729+0800][info] GC(46) Eden regions: 2->0(2)
[2024-10-11T04:22:29.729+0800][info] GC(46) Survivor regions: 1->1(1)
[2024-10-11T04:22:29.729+0800][info] GC(46) Old regions: 48->50
[2024-10-11T04:22:29.729+0800][info] GC(46) Archive regions: 2->2
[2024-10-11T04:22:29.729+0800][info] GC(46) Humongous regions: 3->3
[2024-10-11T04:22:29.729+0800][info] GC(46) Metaspace: 1608K(1728K)->1608K(1728K) NonClass: 1473K(1536K)->1473K(1536K) Class: 135K(192K)->135K(192K)
[2024-10-11T04:22:29.729+0800][info] GC(46) Pause Young (Prepare Mixed) (G1 Evacuation Pause) 108M->108M(128M) 1.502ms
[2024-10-11T04:22:29.729+0800][info] GC(46) User=0.00s Sys=0.00s Real=0.00s
[2024-10-11T04:22:29.832+0800][info] GC(47) Pause Young (Mixed) (G1 Preventive Collection)
[2024-10-11T04:22:29.833+0800][info] GC(47) Using 3 workers of 48 for evacuation
[2024-10-11T04:22:29.834+0800][info] GC(47)   Pre Evacuate Collection Set: 0.2ms
[2024-10-11T04:22:29.834+0800][info] GC(47)   Merge Heap Roots: 0.1ms
[2024-10-11T04:22:29.834+0800][info] GC(47)   Evacuate Collection Set: 1.2ms
[2024-10-11T04:22:29.834+0800][info] GC(47)   Post Evacuate Collection Set: 0.2ms
[2024-10-11T04:22:29.834+0800][info] GC(47)   Other: 0.2ms
[2024-10-11T04:22:29.834+0800][info] GC(47) Eden regions: 2->0(2)
[2024-10-11T04:22:29.834+0800][info] GC(47) Survivor regions: 1->1(1)
[2024-10-11T04:22:29.834+0800][info] GC(47) Old regions: 50->47
[2024-10-11T04:22:29.834+0800][info] GC(47) Archive regions: 2->2
[2024-10-11T04:22:29.834+0800][info] GC(47) Humongous regions: 4->3
[2024-10-11T04:22:29.834+0800][info] GC(47) Metaspace: 1608K(1728K)->1608K(1728K) NonClass: 1473K(1536K)->1473K(1536K) Class: 135K(192K)->135K(192K)
[2024-10-11T04:22:29.834+0800][info] GC(47) Pause Young (Mixed) (G1 Preventive Collection) 114M->103M(128M) 1.960ms
[2024-10-11T04:22:29.834+0800][info] GC(47) User=0.00s Sys=0.00s Real=0.01s
[2024-10-11T04:22:29.937+0800][info] GC(48) Pause Young (Mixed) (G1 Evacuation Pause)
[2024-10-11T04:22:29.937+0800][info] GC(48) Using 3 workers of 48 for evacuation
[2024-10-11T04:22:29.939+0800][info] GC(48)   Pre Evacuate Collection Set: 0.2ms
[2024-10-11T04:22:29.939+0800][info] GC(48)   Merge Heap Roots: 0.1ms
[2024-10-11T04:22:29.939+0800][info] GC(48)   Evacuate Collection Set: 1.6ms
[2024-10-11T04:22:29.939+0800][info] GC(48)   Post Evacuate Collection Set: 0.2ms
[2024-10-11T04:22:29.939+0800][info] GC(48)   Other: 0.1ms
[2024-10-11T04:22:29.939+0800][info] GC(48) Eden regions: 2->0(2)
[2024-10-11T04:22:29.939+0800][info] GC(48) Survivor regions: 1->1(1)
[2024-10-11T04:22:29.939+0800][info] GC(48) Old regions: 47->46
[2024-10-11T04:22:29.939+0800][info] GC(48) Archive regions: 2->2
[2024-10-11T04:22:29.939+0800][info] GC(48) Humongous regions: 3->3
[2024-10-11T04:22:29.939+0800][info] GC(48) Metaspace: 1608K(1728K)->1608K(1728K) NonClass: 1473K(1536K)->1473K(1536K) Class: 135K(192K)->135K(192K)
[2024-10-11T04:22:29.939+0800][info] GC(48) Pause Young (Mixed) (G1 Evacuation Pause) 106M->100M(128M) 2.253ms
[2024-10-11T04:22:29.939+0800][info] GC(48) User=0.01s Sys=0.00s Real=0.00s
[2024-10-11T04:22:30.042+0800][info] GC(49) Pause Young (Mixed) (G1 Evacuation Pause)
[2024-10-11T04:22:30.042+0800][info] GC(49) Using 3 workers of 48 for evacuation
[2024-10-11T04:22:30.044+0800][info] GC(49)   Pre Evacuate Collection Set: 0.2ms
[2024-10-11T04:22:30.044+0800][info] GC(49)   Merge Heap Roots: 0.0ms
[2024-10-11T04:22:30.044+0800][info] GC(49)   Evacuate Collection Set: 1.7ms
[2024-10-11T04:22:30.044+0800][info] GC(49)   Post Evacuate Collection Set: 0.2ms
[2024-10-11T04:22:30.044+0800][info] GC(49)   Other: 0.1ms
[2024-10-11T04:22:30.044+0800][info] GC(49) Eden regions: 2->0(2)
[2024-10-11T04:22:30.044+0800][info] GC(49) Survivor regions: 1->1(1)
[2024-10-11T04:22:30.044+0800][info] GC(49) Old regions: 46->45
[2024-10-11T04:22:30.044+0800][info] GC(49) Archive regions: 2->2
[2024-10-11T04:22:30.044+0800][info] GC(49) Humongous regions: 3->3
[2024-10-11T04:22:30.044+0800][info] GC(49) Metaspace: 1612K(1728K)->1612K(1728K) NonClass: 1476K(1536K)->1476K(1536K) Class: 135K(192K)->135K(192K)
[2024-10-11T04:22:30.044+0800][info] GC(49) Pause Young (Mixed) (G1 Evacuation Pause) 103M->98M(128M) 2.395ms
[2024-10-11T04:22:30.044+0800][info] GC(49) User=0.00s Sys=0.00s Real=0.00s
[2024-10-11T04:22:30.146+0800][info] GC(50) Pause Young (Mixed) (G1 Evacuation Pause)
[2024-10-11T04:22:30.146+0800][info] GC(50) Using 3 workers of 48 for evacuation
[2024-10-11T04:22:30.148+0800][info] GC(50)   Pre Evacuate Collection Set: 0.2ms
[2024-10-11T04:22:30.148+0800][info] GC(50)   Merge Heap Roots: 0.1ms
[2024-10-11T04:22:30.148+0800][info] GC(50)   Evacuate Collection Set: 1.1ms
[2024-10-11T04:22:30.148+0800][info] GC(50)   Post Evacuate Collection Set: 0.2ms
[2024-10-11T04:22:30.148+0800][info] GC(50)   Other: 0.1ms
[2024-10-11T04:22:30.148+0800][info] GC(50) Eden regions: 2->0(2)
[2024-10-11T04:22:30.148+0800][info] GC(50) Survivor regions: 1->1(1)
[2024-10-11T04:22:30.148+0800][info] GC(50) Old regions: 45->46
[2024-10-11T04:22:30.148+0800][info] GC(50) Archive regions: 2->2
[2024-10-11T04:22:30.148+0800][info] GC(50) Humongous regions: 3->3
[2024-10-11T04:22:30.148+0800][info] GC(50) Metaspace: 1612K(1728K)->1612K(1728K) NonClass: 1476K(1536K)->1476K(1536K) Class: 135K(192K)->135K(192K)
[2024-10-11T04:22:30.148+0800][info] GC(50) Pause Young (Mixed) (G1 Evacuation Pause) 101M->101M(128M) 1.787ms
[2024-10-11T04:22:30.148+0800][info] GC(50) User=0.00s Sys=0.00s Real=0.00s
[2024-10-11T04:22:30.251+0800][info] GC(51) Pause Young (Normal) (G1 Evacuation Pause)
[2024-10-11T04:22:30.251+0800][info] GC(51) Using 3 workers of 48 for evacuation
[2024-10-11T04:22:30.252+0800][info] GC(51)   Pre Evacuate Collection Set: 0.1ms
[2024-10-11T04:22:30.252+0800][info] GC(51)   Merge Heap Roots: 0.0ms
[2024-10-11T04:22:30.252+0800][info] GC(51)   Evacuate Collection Set: 0.7ms
[2024-10-11T04:22:30.252+0800][info] GC(51)   Post Evacuate Collection Set: 0.2ms
[2024-10-11T04:22:30.252+0800][info] GC(51)   Other: 0.2ms
[2024-10-11T04:22:30.252+0800][info] GC(51) Eden regions: 2->0(2)
[2024-10-11T04:22:30.252+0800][info] GC(51) Survivor regions: 1->1(1)
[2024-10-11T04:22:30.252+0800][info] GC(51) Old regions: 46->48
[2024-10-11T04:22:30.252+0800][info] GC(51) Archive regions: 2->2
[2024-10-11T04:22:30.252+0800][info] GC(51) Humongous regions: 3->3
[2024-10-11T04:22:30.252+0800][info] GC(51) Metaspace: 1612K(1728K)->1612K(1728K) NonClass: 1476K(1536K)->1476K(1536K) Class: 135K(192K)->135K(192K)
[2024-10-11T04:22:30.252+0800][info] GC(51) Pause Young (Normal) (G1 Evacuation Pause) 105M->105M(128M) 1.316ms
[2024-10-11T04:22:30.252+0800][info] GC(51) User=0.00s Sys=0.00s Real=0.00s
[2024-10-11T04:22:30.354+0800][info] GC(52) Pause Young (Normal) (G1 Evacuation Pause)
[2024-10-11T04:22:30.354+0800][info] GC(52) Using 3 workers of 48 for evacuation
[2024-10-11T04:22:30.355+0800][info] GC(52)   Pre Evacuate Collection Set: 0.1ms
[2024-10-11T04:22:30.355+0800][info] GC(52)   Merge Heap Roots: 0.0ms
[2024-10-11T04:22:30.355+0800][info] GC(52)   Evacuate Collection Set: 0.7ms
[2024-10-11T04:22:30.355+0800][info] GC(52)   Post Evacuate Collection Set: 0.2ms
[2024-10-11T04:22:30.355+0800][info] GC(52)   Other: 0.2ms
[2024-10-11T04:22:30.355+0800][info] GC(52) Eden regions: 2->0(2)
[2024-10-11T04:22:30.355+0800][info] GC(52) Survivor regions: 1->1(1)
[2024-10-11T04:22:30.355+0800][info] GC(52) Old regions: 48->50
[2024-10-11T04:22:30.355+0800][info] GC(52) Archive regions: 2->2
[2024-10-11T04:22:30.355+0800][info] GC(52) Humongous regions: 3->3
[2024-10-11T04:22:30.356+0800][info] GC(52) Metaspace: 1612K(1728K)->1612K(1728K) NonClass: 1476K(1536K)->1476K(1536K) Class: 135K(192K)->135K(192K)
[2024-10-11T04:22:30.356+0800][info] GC(52) Pause Young (Normal) (G1 Evacuation Pause) 109M->109M(128M) 1.313ms
[2024-10-11T04:22:30.356+0800][info] GC(52) User=0.00s Sys=0.00s Real=0.00s
[2024-10-11T04:22:30.458+0800][info] GC(53) Pause Young (Concurrent Start) (G1 Evacuation Pause)
[2024-10-11T04:22:30.458+0800][info] GC(53) Using 3 workers of 48 for evacuation
[2024-10-11T04:22:30.460+0800][info] GC(53)   Pre Evacuate Collection Set: 0.1ms
[2024-10-11T04:22:30.460+0800][info] GC(53)   Merge Heap Roots: 0.0ms
[2024-10-11T04:22:30.460+0800][info] GC(53)   Evacuate Collection Set: 0.7ms
[2024-10-11T04:22:30.460+0800][info] GC(53)   Post Evacuate Collection Set: 0.2ms
[2024-10-11T04:22:30.460+0800][info] GC(53)   Other: 0.3ms
[2024-10-11T04:22:30.460+0800][info] GC(53) Eden regions: 2->0(2)
[2024-10-11T04:22:30.460+0800][info] GC(53) Survivor regions: 1->1(1)
[2024-10-11T04:22:30.460+0800][info] GC(53) Old regions: 50->52
[2024-10-11T04:22:30.460+0800][info] GC(53) Archive regions: 2->2
[2024-10-11T04:22:30.460+0800][info] GC(53) Humongous regions: 3->3
[2024-10-11T04:22:30.460+0800][info] GC(53) Metaspace: 1612K(1728K)->1612K(1728K) NonClass: 1476K(1536K)->1476K(1536K) Class: 135K(192K)->135K(192K)
[2024-10-11T04:22:30.460+0800][info] GC(53) Pause Young (Concurrent Start) (G1 Evacuation Pause) 113M->113M(128M) 1.550ms
[2024-10-11T04:22:30.460+0800][info] GC(53) User=0.01s Sys=0.00s Real=0.00s
[2024-10-11T04:22:30.460+0800][info] GC(54) Concurrent Mark Cycle
[2024-10-11T04:22:30.460+0800][info] GC(54) Concurrent Clear Claimed Marks
[2024-10-11T04:22:30.460+0800][info] GC(54) Concurrent Clear Claimed Marks 0.016ms
[2024-10-11T04:22:30.460+0800][info] GC(54) Concurrent Scan Root Regions
[2024-10-11T04:22:30.460+0800][info] GC(54) Concurrent Scan Root Regions 0.092ms
[2024-10-11T04:22:30.460+0800][info] GC(54) Concurrent Mark
[2024-10-11T04:22:30.460+0800][info] GC(54) Concurrent Mark From Roots
[2024-10-11T04:22:30.460+0800][info] GC(54) Using 12 workers of 12 for marking
[2024-10-11T04:22:30.463+0800][info] GC(54) Concurrent Mark From Roots 3.406ms
[2024-10-11T04:22:30.464+0800][info] GC(54) Concurrent Preclean
[2024-10-11T04:22:30.465+0800][info] GC(54) Concurrent Preclean 1.669ms
[2024-10-11T04:22:30.465+0800][info] GC(54) Pause Remark
[2024-10-11T04:22:30.466+0800][info] GC(54) Pause Remark 113M->111M(128M) 1.247ms
[2024-10-11T04:22:30.467+0800][info] GC(54) User=0.01s Sys=0.00s Real=0.00s
[2024-10-11T04:22:30.467+0800][info] GC(54) Concurrent Mark 6.490ms
[2024-10-11T04:22:30.467+0800][info] GC(54) Concurrent Rebuild Remembered Sets
[2024-10-11T04:22:30.468+0800][info] GC(54) Concurrent Rebuild Remembered Sets 1.496ms
[2024-10-11T04:22:30.468+0800][info] GC(54) Pause Cleanup
[2024-10-11T04:22:30.468+0800][info] GC(54) Pause Cleanup 111M->111M(128M) 0.186ms
[2024-10-11T04:22:30.468+0800][info] GC(54) User=0.00s Sys=0.00s Real=0.00s
[2024-10-11T04:22:30.468+0800][info] GC(54) Concurrent Cleanup for Next Mark
[2024-10-11T04:22:30.469+0800][info] GC(54) Concurrent Cleanup for Next Mark 0.331ms
[2024-10-11T04:22:30.469+0800][info] GC(54) Concurrent Mark Cycle 8.919ms
[2024-10-11T04:22:30.614+0800][info] GC(55) Pause Young (Prepare Mixed) (G1 Evacuation Pause)
[2024-10-11T04:22:30.614+0800][info] GC(55) Using 3 workers of 48 for evacuation
[2024-10-11T04:22:30.615+0800][info] GC(55)   Pre Evacuate Collection Set: 0.1ms
[2024-10-11T04:22:30.615+0800][info] GC(55)   Merge Heap Roots: 0.1ms
[2024-10-11T04:22:30.615+0800][info] GC(55)   Evacuate Collection Set: 0.9ms
[2024-10-11T04:22:30.615+0800][info] GC(55)   Post Evacuate Collection Set: 0.2ms
[2024-10-11T04:22:30.615+0800][info] GC(55)   Other: 0.2ms
[2024-10-11T04:22:30.615+0800][info] GC(55) Eden regions: 2->0(2)
[2024-10-11T04:22:30.615+0800][info] GC(55) Survivor regions: 1->1(1)
[2024-10-11T04:22:30.615+0800][info] GC(55) Old regions: 51->53
[2024-10-11T04:22:30.615+0800][info] GC(55) Archive regions: 2->2
[2024-10-11T04:22:30.615+0800][info] GC(55) Humongous regions: 3->3
[2024-10-11T04:22:30.615+0800][info] GC(55) Metaspace: 1612K(1728K)->1612K(1728K) NonClass: 1476K(1536K)->1476K(1536K) Class: 135K(192K)->135K(192K)
[2024-10-11T04:22:30.615+0800][info] GC(55) Pause Young (Prepare Mixed) (G1 Evacuation Pause) 115M->115M(128M) 1.587ms
[2024-10-11T04:22:30.615+0800][info] GC(55) User=0.00s Sys=0.00s Real=0.00s
[2024-10-11T04:22:30.677+0800][info] GC(56) Pause Young (Mixed) (G1 Preventive Collection)
[2024-10-11T04:22:30.677+0800][info] GC(56) Using 3 workers of 48 for evacuation
[2024-10-11T04:22:30.679+0800][info] GC(56)   Pre Evacuate Collection Set: 0.2ms
[2024-10-11T04:22:30.679+0800][info] GC(56)   Merge Heap Roots: 0.1ms
[2024-10-11T04:22:30.679+0800][info] GC(56)   Evacuate Collection Set: 1.0ms
[2024-10-11T04:22:30.679+0800][info] GC(56)   Post Evacuate Collection Set: 0.2ms
[2024-10-11T04:22:30.679+0800][info] GC(56)   Other: 0.2ms
[2024-10-11T04:22:30.679+0800][info] GC(56) Eden regions: 1->0(2)
[2024-10-11T04:22:30.679+0800][info] GC(56) Survivor regions: 1->1(1)
[2024-10-11T04:22:30.679+0800][info] GC(56) Old regions: 53->49
[2024-10-11T04:22:30.679+0800][info] GC(56) Archive regions: 2->2
[2024-10-11T04:22:30.679+0800][info] GC(56) Humongous regions: 3->3
[2024-10-11T04:22:30.679+0800][info] GC(56) Metaspace: 1612K(1728K)->1612K(1728K) NonClass: 1476K(1536K)->1476K(1536K) Class: 135K(192K)->135K(192K)
[2024-10-11T04:22:30.679+0800][info] GC(56) Pause Young (Mixed) (G1 Preventive Collection) 117M->106M(128M) 1.730ms
[2024-10-11T04:22:30.679+0800][info] GC(56) User=0.00s Sys=0.00s Real=0.00s
[2024-10-11T04:22:30.781+0800][info] GC(57) Pause Young (Mixed) (G1 Evacuation Pause)
[2024-10-11T04:22:30.781+0800][info] GC(57) Using 3 workers of 48 for evacuation
[2024-10-11T04:22:30.783+0800][info] GC(57)   Pre Evacuate Collection Set: 0.2ms
[2024-10-11T04:22:30.783+0800][info] GC(57)   Merge Heap Roots: 0.1ms
[2024-10-11T04:22:30.783+0800][info] GC(57)   Evacuate Collection Set: 1.5ms
[2024-10-11T04:22:30.783+0800][info] GC(57)   Post Evacuate Collection Set: 0.2ms
[2024-10-11T04:22:30.783+0800][info] GC(57)   Other: 0.1ms
[2024-10-11T04:22:30.783+0800][info] GC(57) Eden regions: 2->0(2)
[2024-10-11T04:22:30.783+0800][info] GC(57) Survivor regions: 1->1(1)
[2024-10-11T04:22:30.783+0800][info] GC(57) Old regions: 49->47
[2024-10-11T04:22:30.783+0800][info] GC(57) Archive regions: 2->2
[2024-10-11T04:22:30.783+0800][info] GC(57) Humongous regions: 3->3
[2024-10-11T04:22:30.783+0800][info] GC(57) Metaspace: 1612K(1728K)->1612K(1728K) NonClass: 1476K(1536K)->1476K(1536K) Class: 135K(192K)->135K(192K)
[2024-10-11T04:22:30.783+0800][info] GC(57) Pause Young (Mixed) (G1 Evacuation Pause) 110M->102M(128M) 2.212ms
[2024-10-11T04:22:30.783+0800][info] GC(57) User=0.00s Sys=0.00s Real=0.00s
[2024-10-11T04:22:30.886+0800][info] GC(58) Pause Young (Mixed) (G1 Evacuation Pause)
[2024-10-11T04:22:30.886+0800][info] GC(58) Using 3 workers of 48 for evacuation
[2024-10-11T04:22:30.888+0800][info] GC(58)   Pre Evacuate Collection Set: 0.2ms
[2024-10-11T04:22:30.888+0800][info] GC(58)   Merge Heap Roots: 0.1ms
[2024-10-11T04:22:30.888+0800][info] GC(58)   Evacuate Collection Set: 1.7ms
[2024-10-11T04:22:30.888+0800][info] GC(58)   Post Evacuate Collection Set: 0.2ms
[2024-10-11T04:22:30.888+0800][info] GC(58)   Other: 0.1ms
[2024-10-11T04:22:30.888+0800][info] GC(58) Eden regions: 2->0(2)
[2024-10-11T04:22:30.888+0800][info] GC(58) Survivor regions: 1->1(1)
[2024-10-11T04:22:30.888+0800][info] GC(58) Old regions: 47->46
[2024-10-11T04:22:30.888+0800][info] GC(58) Archive regions: 2->2
[2024-10-11T04:22:30.888+0800][info] GC(58) Humongous regions: 3->3
[2024-10-11T04:22:30.889+0800][info] GC(58) Metaspace: 1612K(1728K)->1612K(1728K) NonClass: 1476K(1536K)->1476K(1536K) Class: 135K(192K)->135K(192K)
[2024-10-11T04:22:30.889+0800][info] GC(58) Pause Young (Mixed) (G1 Evacuation Pause) 106M->100M(128M) 2.398ms
[2024-10-11T04:22:30.889+0800][info] GC(58) User=0.00s Sys=0.00s Real=0.00s
[2024-10-11T04:22:30.991+0800][info] GC(59) Pause Young (Mixed) (G1 Evacuation Pause)
[2024-10-11T04:22:30.991+0800][info] GC(59) Using 3 workers of 48 for evacuation
[2024-10-11T04:22:30.993+0800][info] GC(59)   Pre Evacuate Collection Set: 0.2ms
[2024-10-11T04:22:30.993+0800][info] GC(59)   Merge Heap Roots: 0.1ms
[2024-10-11T04:22:30.993+0800][info] GC(59)   Evacuate Collection Set: 2.0ms
[2024-10-11T04:22:30.993+0800][info] GC(59)   Post Evacuate Collection Set: 0.2ms
[2024-10-11T04:22:30.993+0800][info] GC(59)   Other: 0.1ms
[2024-10-11T04:22:30.993+0800][info] GC(59) Eden regions: 2->0(2)
[2024-10-11T04:22:30.993+0800][info] GC(59) Survivor regions: 1->1(1)
[2024-10-11T04:22:30.993+0800][info] GC(59) Old regions: 46->45
[2024-10-11T04:22:30.993+0800][info] GC(59) Archive regions: 2->2
[2024-10-11T04:22:30.993+0800][info] GC(59) Humongous regions: 3->3
[2024-10-11T04:22:30.993+0800][info] GC(59) Metaspace: 1612K(1728K)->1612K(1728K) NonClass: 1476K(1536K)->1476K(1536K) Class: 135K(192K)->135K(192K)
[2024-10-11T04:22:30.993+0800][info] GC(59) Pause Young (Mixed) (G1 Evacuation Pause) 104M->99M(128M) 2.742ms
[2024-10-11T04:22:30.993+0800][info] GC(59) User=0.00s Sys=0.00s Real=0.01s
[2024-10-11T04:22:31.096+0800][info] GC(60) Pause Young (Mixed) (G1 Evacuation Pause)
[2024-10-11T04:22:31.096+0800][info] GC(60) Using 3 workers of 48 for evacuation
[2024-10-11T04:22:31.098+0800][info] GC(60)   Pre Evacuate Collection Set: 0.2ms
[2024-10-11T04:22:31.098+0800][info] GC(60)   Merge Heap Roots: 0.0ms
[2024-10-11T04:22:31.098+0800][info] GC(60)   Evacuate Collection Set: 1.2ms
[2024-10-11T04:22:31.098+0800][info] GC(60)   Post Evacuate Collection Set: 0.2ms
[2024-10-11T04:22:31.098+0800][info] GC(60)   Other: 0.1ms
[2024-10-11T04:22:31.098+0800][info] GC(60) Eden regions: 2->0(2)
[2024-10-11T04:22:31.098+0800][info] GC(60) Survivor regions: 1->1(1)
[2024-10-11T04:22:31.098+0800][info] GC(60) Old regions: 45->47
[2024-10-11T04:22:31.098+0800][info] GC(60) Archive regions: 2->2
[2024-10-11T04:22:31.098+0800][info] GC(60) Humongous regions: 3->3
[2024-10-11T04:22:31.098+0800][info] GC(60) Metaspace: 1612K(1728K)->1612K(1728K) NonClass: 1476K(1536K)->1476K(1536K) Class: 135K(192K)->135K(192K)
[2024-10-11T04:22:31.098+0800][info] GC(60) Pause Young (Mixed) (G1 Evacuation Pause) 103M->102M(128M) 2.025ms
[2024-10-11T04:22:31.098+0800][info] GC(60) User=0.00s Sys=0.00s Real=0.00s
[2024-10-11T04:22:31.200+0800][info] GC(61) Pause Young (Normal) (G1 Evacuation Pause)
[2024-10-11T04:22:31.200+0800][info] GC(61) Using 3 workers of 48 for evacuation
[2024-10-11T04:22:31.202+0800][info] GC(61)   Pre Evacuate Collection Set: 0.1ms
[2024-10-11T04:22:31.202+0800][info] GC(61)   Merge Heap Roots: 0.0ms
[2024-10-11T04:22:31.202+0800][info] GC(61)   Evacuate Collection Set: 0.7ms
[2024-10-11T04:22:31.202+0800][info] GC(61)   Post Evacuate Collection Set: 0.2ms
[2024-10-11T04:22:31.202+0800][info] GC(61)   Other: 0.2ms
[2024-10-11T04:22:31.202+0800][info] GC(61) Eden regions: 2->0(2)
[2024-10-11T04:22:31.202+0800][info] GC(61) Survivor regions: 1->1(1)
[2024-10-11T04:22:31.202+0800][info] GC(61) Old regions: 47->49
[2024-10-11T04:22:31.202+0800][info] GC(61) Archive regions: 2->2
[2024-10-11T04:22:31.202+0800][info] GC(61) Humongous regions: 3->3
[2024-10-11T04:22:31.202+0800][info] GC(61) Metaspace: 1612K(1728K)->1612K(1728K) NonClass: 1476K(1536K)->1476K(1536K) Class: 135K(192K)->135K(192K)
[2024-10-11T04:22:31.202+0800][info] GC(61) Pause Young (Normal) (G1 Evacuation Pause) 105M->106M(128M) 1.346ms
[2024-10-11T04:22:31.202+0800][info] GC(61) User=0.00s Sys=0.00s Real=0.00s
[2024-10-11T04:22:31.304+0800][info] GC(62) Pause Young (Concurrent Start) (G1 Evacuation Pause)
[2024-10-11T04:22:31.304+0800][info] GC(62) Using 3 workers of 48 for evacuation
[2024-10-11T04:22:31.306+0800][info] GC(62)   Pre Evacuate Collection Set: 0.1ms
[2024-10-11T04:22:31.306+0800][info] GC(62)   Merge Heap Roots: 0.0ms
[2024-10-11T04:22:31.306+0800][info] GC(62)   Evacuate Collection Set: 0.8ms
[2024-10-11T04:22:31.306+0800][info] GC(62)   Post Evacuate Collection Set: 0.2ms
[2024-10-11T04:22:31.306+0800][info] GC(62)   Other: 0.4ms
[2024-10-11T04:22:31.306+0800][info] GC(62) Eden regions: 2->0(2)
[2024-10-11T04:22:31.306+0800][info] GC(62) Survivor regions: 1->1(1)
[2024-10-11T04:22:31.306+0800][info] GC(62) Old regions: 49->50
[2024-10-11T04:22:31.306+0800][info] GC(62) Archive regions: 2->2
[2024-10-11T04:22:31.306+0800][info] GC(62) Humongous regions: 3->3
[2024-10-11T04:22:31.306+0800][info] GC(62) Metaspace: 1612K(1728K)->1612K(1728K) NonClass: 1476K(1536K)->1476K(1536K) Class: 135K(192K)->135K(192K)
[2024-10-11T04:22:31.306+0800][info] GC(62) Pause Young (Concurrent Start) (G1 Evacuation Pause) 109M->109M(128M) 1.564ms
[2024-10-11T04:22:31.306+0800][info] GC(62) User=0.00s Sys=0.00s Real=0.01s
[2024-10-11T04:22:31.306+0800][info] GC(63) Concurrent Mark Cycle
[2024-10-11T04:22:31.306+0800][info] GC(63) Concurrent Clear Claimed Marks
[2024-10-11T04:22:31.306+0800][info] GC(63) Concurrent Clear Claimed Marks 0.017ms
[2024-10-11T04:22:31.306+0800][info] GC(63) Concurrent Scan Root Regions
[2024-10-11T04:22:31.306+0800][info] GC(63) Concurrent Scan Root Regions 0.101ms
[2024-10-11T04:22:31.306+0800][info] GC(63) Concurrent Mark
[2024-10-11T04:22:31.306+0800][info] GC(63) Concurrent Mark From Roots
[2024-10-11T04:22:31.306+0800][info] GC(63) Using 12 workers of 12 for marking
[2024-10-11T04:22:31.310+0800][info] GC(63) Concurrent Mark From Roots 3.458ms
[2024-10-11T04:22:31.310+0800][info] GC(63) Concurrent Preclean
[2024-10-11T04:22:31.311+0800][info] GC(63) Concurrent Preclean 1.665ms
[2024-10-11T04:22:31.311+0800][info] GC(63) Pause Remark
[2024-10-11T04:22:31.313+0800][info] GC(63) Pause Remark 110M->110M(128M) 1.175ms
[2024-10-11T04:22:31.313+0800][info] GC(63) User=0.00s Sys=0.00s Real=0.00s
[2024-10-11T04:22:31.313+0800][info] GC(63) Concurrent Mark 6.532ms
[2024-10-11T04:22:31.313+0800][info] GC(63) Concurrent Rebuild Remembered Sets
[2024-10-11T04:22:31.314+0800][info] GC(63) Concurrent Rebuild Remembered Sets 1.499ms
[2024-10-11T04:22:31.314+0800][info] GC(63) Pause Cleanup
[2024-10-11T04:22:31.315+0800][info] GC(63) Pause Cleanup 110M->110M(128M) 0.186ms
[2024-10-11T04:22:31.315+0800][info] GC(63) User=0.00s Sys=0.00s Real=0.00s
[2024-10-11T04:22:31.315+0800][info] GC(63) Concurrent Cleanup for Next Mark
[2024-10-11T04:22:31.315+0800][info] GC(63) Concurrent Cleanup for Next Mark 0.392ms
[2024-10-11T04:22:31.315+0800][info] GC(63) Concurrent Mark Cycle 9.041ms
[2024-10-11T04:22:31.459+0800][info] GC(64) Pause Young (Prepare Mixed) (G1 Evacuation Pause)
[2024-10-11T04:22:31.460+0800][info] GC(64) Using 3 workers of 48 for evacuation
[2024-10-11T04:22:31.461+0800][info] GC(64)   Pre Evacuate Collection Set: 0.1ms
[2024-10-11T04:22:31.461+0800][info] GC(64)   Merge Heap Roots: 0.1ms
[2024-10-11T04:22:31.461+0800][info] GC(64)   Evacuate Collection Set: 0.8ms
[2024-10-11T04:22:31.461+0800][info] GC(64)   Post Evacuate Collection Set: 0.2ms
[2024-10-11T04:22:31.461+0800][info] GC(64)   Other: 0.2ms
[2024-10-11T04:22:31.461+0800][info] GC(64) Eden regions: 2->0(2)
[2024-10-11T04:22:31.461+0800][info] GC(64) Survivor regions: 1->1(1)
[2024-10-11T04:22:31.461+0800][info] GC(64) Old regions: 50->52
[2024-10-11T04:22:31.461+0800][info] GC(64) Archive regions: 2->2
[2024-10-11T04:22:31.461+0800][info] GC(64) Humongous regions: 3->3
[2024-10-11T04:22:31.461+0800][info] GC(64) Metaspace: 1612K(1728K)->1612K(1728K) NonClass: 1476K(1536K)->1476K(1536K) Class: 135K(192K)->135K(192K)
[2024-10-11T04:22:31.461+0800][info] GC(64) Pause Young (Prepare Mixed) (G1 Evacuation Pause) 113M->113M(128M) 1.499ms
[2024-10-11T04:22:31.461+0800][info] GC(64) User=0.00s Sys=0.00s Real=0.00s
[2024-10-11T04:22:31.523+0800][info] GC(65) Pause Young (Mixed) (G1 Preventive Collection)
[2024-10-11T04:22:31.523+0800][info] GC(65) Using 3 workers of 48 for evacuation
[2024-10-11T04:22:31.525+0800][info] GC(65)   Pre Evacuate Collection Set: 0.2ms
[2024-10-11T04:22:31.525+0800][info] GC(65)   Merge Heap Roots: 0.1ms
[2024-10-11T04:22:31.525+0800][info] GC(65)   Evacuate Collection Set: 1.0ms
[2024-10-11T04:22:31.525+0800][info] GC(65)   Post Evacuate Collection Set: 0.2ms
[2024-10-11T04:22:31.525+0800][info] GC(65)   Other: 0.2ms
[2024-10-11T04:22:31.525+0800][info] GC(65) Eden regions: 1->0(2)
[2024-10-11T04:22:31.525+0800][info] GC(65) Survivor regions: 1->1(1)
[2024-10-11T04:22:31.525+0800][info] GC(65) Old regions: 52->48
[2024-10-11T04:22:31.525+0800][info] GC(65) Archive regions: 2->2
[2024-10-11T04:22:31.525+0800][info] GC(65) Humongous regions: 3->3
[2024-10-11T04:22:31.525+0800][info] GC(65) Metaspace: 1612K(1728K)->1612K(1728K) NonClass: 1476K(1536K)->1476K(1536K) Class: 135K(192K)->135K(192K)
[2024-10-11T04:22:31.525+0800][info] GC(65) Pause Young (Mixed) (G1 Preventive Collection) 115M->104M(128M) 1.701ms
[2024-10-11T04:22:31.525+0800][info] GC(65) User=0.01s Sys=0.00s Real=0.00s
[2024-10-11T04:22:31.627+0800][info] GC(66) Pause Young (Mixed) (G1 Evacuation Pause)
[2024-10-11T04:22:31.627+0800][info] GC(66) Using 3 workers of 48 for evacuation
[2024-10-11T04:22:31.629+0800][info] GC(66)   Pre Evacuate Collection Set: 0.2ms
[2024-10-11T04:22:31.629+0800][info] GC(66)   Merge Heap Roots: 0.1ms
[2024-10-11T04:22:31.629+0800][info] GC(66)   Evacuate Collection Set: 1.7ms
[2024-10-11T04:22:31.629+0800][info] GC(66)   Post Evacuate Collection Set: 0.2ms
[2024-10-11T04:22:31.629+0800][info] GC(66)   Other: 0.1ms
[2024-10-11T04:22:31.629+0800][info] GC(66) Eden regions: 2->0(2)
[2024-10-11T04:22:31.629+0800][info] GC(66) Survivor regions: 1->1(1)
[2024-10-11T04:22:31.629+0800][info] GC(66) Old regions: 48->47
[2024-10-11T04:22:31.629+0800][info] GC(66) Archive regions: 2->2
[2024-10-11T04:22:31.629+0800][info] GC(66) Humongous regions: 3->3
[2024-10-11T04:22:31.629+0800][info] GC(66) Metaspace: 1612K(1728K)->1612K(1728K) NonClass: 1476K(1536K)->1476K(1536K) Class: 135K(192K)->135K(192K)
[2024-10-11T04:22:31.629+0800][info] GC(66) Pause Young (Mixed) (G1 Evacuation Pause) 108M->102M(128M) 2.407ms
[2024-10-11T04:22:31.629+0800][info] GC(66) User=0.00s Sys=0.00s Real=0.00s
[2024-10-11T04:22:31.732+0800][info] GC(67) Pause Young (Mixed) (G1 Evacuation Pause)
[2024-10-11T04:22:31.732+0800][info] GC(67) Using 3 workers of 48 for evacuation
[2024-10-11T04:22:31.734+0800][info] GC(67)   Pre Evacuate Collection Set: 0.2ms
[2024-10-11T04:22:31.734+0800][info] GC(67)   Merge Heap Roots: 0.1ms
[2024-10-11T04:22:31.734+0800][info] GC(67)   Evacuate Collection Set: 1.9ms
[2024-10-11T04:22:31.734+0800][info] GC(67)   Post Evacuate Collection Set: 0.2ms
[2024-10-11T04:22:31.734+0800][info] GC(67)   Other: 0.1ms
[2024-10-11T04:22:31.735+0800][info] GC(67) Eden regions: 2->0(2)
[2024-10-11T04:22:31.735+0800][info] GC(67) Survivor regions: 1->1(1)
[2024-10-11T04:22:31.735+0800][info] GC(67) Old regions: 47->45
[2024-10-11T04:22:31.735+0800][info] GC(67) Archive regions: 2->2
[2024-10-11T04:22:31.735+0800][info] GC(67) Humongous regions: 3->3
[2024-10-11T04:22:31.735+0800][info] GC(67) Metaspace: 1612K(1728K)->1612K(1728K) NonClass: 1476K(1536K)->1476K(1536K) Class: 135K(192K)->135K(192K)
[2024-10-11T04:22:31.735+0800][info] GC(67) Pause Young (Mixed) (G1 Evacuation Pause) 105M->99M(128M) 2.543ms
[2024-10-11T04:22:31.735+0800][info] GC(67) User=0.01s Sys=0.00s Real=0.01s
[2024-10-11T04:22:31.837+0800][info] GC(68) Pause Young (Mixed) (G1 Evacuation Pause)
[2024-10-11T04:22:31.837+0800][info] GC(68) Using 3 workers of 48 for evacuation
[2024-10-11T04:22:31.839+0800][info] GC(68)   Pre Evacuate Collection Set: 0.2ms
[2024-10-11T04:22:31.839+0800][info] GC(68)   Merge Heap Roots: 0.1ms
[2024-10-11T04:22:31.839+0800][info] GC(68)   Evacuate Collection Set: 1.6ms
[2024-10-11T04:22:31.839+0800][info] GC(68)   Post Evacuate Collection Set: 0.2ms
[2024-10-11T04:22:31.839+0800][info] GC(68)   Other: 0.1ms
[2024-10-11T04:22:31.839+0800][info] GC(68) Eden regions: 2->0(2)
[2024-10-11T04:22:31.839+0800][info] GC(68) Survivor regions: 1->1(1)
[2024-10-11T04:22:31.839+0800][info] GC(68) Old regions: 45->45
[2024-10-11T04:22:31.839+0800][info] GC(68) Archive regions: 2->2
[2024-10-11T04:22:31.839+0800][info] GC(68) Humongous regions: 3->3
[2024-10-11T04:22:31.839+0800][info] GC(68) Metaspace: 1612K(1728K)->1612K(1728K) NonClass: 1476K(1536K)->1476K(1536K) Class: 135K(192K)->135K(192K)
[2024-10-11T04:22:31.839+0800][info] GC(68) Pause Young (Mixed) (G1 Evacuation Pause) 103M->98M(128M) 2.310ms
[2024-10-11T04:22:31.839+0800][info] GC(68) User=0.00s Sys=0.00s Real=0.00s
[2024-10-11T04:22:31.942+0800][info] GC(69) Pause Young (Normal) (G1 Evacuation Pause)
[2024-10-11T04:22:31.942+0800][info] GC(69) Using 3 workers of 48 for evacuation
[2024-10-11T04:22:31.943+0800][info] GC(69)   Pre Evacuate Collection Set: 0.1ms
[2024-10-11T04:22:31.943+0800][info] GC(69)   Merge Heap Roots: 0.0ms
[2024-10-11T04:22:31.944+0800][info] GC(69)   Evacuate Collection Set: 0.8ms
[2024-10-11T04:22:31.944+0800][info] GC(69)   Post Evacuate Collection Set: 0.2ms
[2024-10-11T04:22:31.944+0800][info] GC(69)   Other: 0.2ms
[2024-10-11T04:22:31.944+0800][info] GC(69) Eden regions: 2->0(2)
[2024-10-11T04:22:31.944+0800][info] GC(69) Survivor regions: 1->1(1)
[2024-10-11T04:22:31.944+0800][info] GC(69) Old regions: 45->47
[2024-10-11T04:22:31.944+0800][info] GC(69) Archive regions: 2->2
[2024-10-11T04:22:31.944+0800][info] GC(69) Humongous regions: 4->3
[2024-10-11T04:22:31.944+0800][info] GC(69) Metaspace: 1612K(1728K)->1612K(1728K) NonClass: 1476K(1536K)->1476K(1536K) Class: 135K(192K)->135K(192K)
[2024-10-11T04:22:31.944+0800][info] GC(69) Pause Young (Normal) (G1 Evacuation Pause) 103M->102M(128M) 1.493ms
[2024-10-11T04:22:31.944+0800][info] GC(69) User=0.00s Sys=0.00s Real=0.00s
[2024-10-11T04:22:32.046+0800][info] GC(70) Pause Young (Normal) (G1 Evacuation Pause)
[2024-10-11T04:22:32.046+0800][info] GC(70) Using 3 workers of 48 for evacuation
[2024-10-11T04:22:32.047+0800][info] GC(70)   Pre Evacuate Collection Set: 0.1ms
[2024-10-11T04:22:32.047+0800][info] GC(70)   Merge Heap Roots: 0.0ms
[2024-10-11T04:22:32.047+0800][info] GC(70)   Evacuate Collection Set: 0.7ms
[2024-10-11T04:22:32.047+0800][info] GC(70)   Post Evacuate Collection Set: 0.2ms
[2024-10-11T04:22:32.047+0800][info] GC(70)   Other: 0.2ms
[2024-10-11T04:22:32.047+0800][info] GC(70) Eden regions: 2->0(2)
[2024-10-11T04:22:32.047+0800][info] GC(70) Survivor regions: 1->1(1)
[2024-10-11T04:22:32.047+0800][info] GC(70) Old regions: 47->49
[2024-10-11T04:22:32.047+0800][info] GC(70) Archive regions: 2->2
[2024-10-11T04:22:32.047+0800][info] GC(70) Humongous regions: 3->3
[2024-10-11T04:22:32.047+0800][info] GC(70) Metaspace: 1612K(1728K)->1612K(1728K) NonClass: 1476K(1536K)->1476K(1536K) Class: 135K(192K)->135K(192K)
[2024-10-11T04:22:32.047+0800][info] GC(70) Pause Young (Normal) (G1 Evacuation Pause) 105M->106M(128M) 1.290ms
[2024-10-11T04:22:32.047+0800][info] GC(70) User=0.00s Sys=0.00s Real=0.00s
[2024-10-11T04:22:32.150+0800][info] GC(71) Pause Young (Concurrent Start) (G1 Evacuation Pause)
[2024-10-11T04:22:32.150+0800][info] GC(71) Using 3 workers of 48 for evacuation
[2024-10-11T04:22:32.151+0800][info] GC(71)   Pre Evacuate Collection Set: 0.1ms
[2024-10-11T04:22:32.151+0800][info] GC(71)   Merge Heap Roots: 0.0ms
[2024-10-11T04:22:32.151+0800][info] GC(71)   Evacuate Collection Set: 0.9ms
[2024-10-11T04:22:32.151+0800][info] GC(71)   Post Evacuate Collection Set: 0.2ms
[2024-10-11T04:22:32.151+0800][info] GC(71)   Other: 0.3ms
[2024-10-11T04:22:32.151+0800][info] GC(71) Eden regions: 2->0(2)
[2024-10-11T04:22:32.151+0800][info] GC(71) Survivor regions: 1->1(1)
[2024-10-11T04:22:32.151+0800][info] GC(71) Old regions: 49->51
[2024-10-11T04:22:32.151+0800][info] GC(71) Archive regions: 2->2
[2024-10-11T04:22:32.151+0800][info] GC(71) Humongous regions: 3->3
[2024-10-11T04:22:32.151+0800][info] GC(71) Metaspace: 1612K(1728K)->1612K(1728K) NonClass: 1476K(1536K)->1476K(1536K) Class: 135K(192K)->135K(192K)
[2024-10-11T04:22:32.151+0800][info] GC(71) Pause Young (Concurrent Start) (G1 Evacuation Pause) 109M->110M(128M) 1.673ms
[2024-10-11T04:22:32.151+0800][info] GC(71) User=0.00s Sys=0.00s Real=0.00s
[2024-10-11T04:22:32.151+0800][info] GC(72) Concurrent Mark Cycle
[2024-10-11T04:22:32.151+0800][info] GC(72) Concurrent Clear Claimed Marks
[2024-10-11T04:22:32.151+0800][info] GC(72) Concurrent Clear Claimed Marks 0.017ms
[2024-10-11T04:22:32.151+0800][info] GC(72) Concurrent Scan Root Regions
[2024-10-11T04:22:32.152+0800][info] GC(72) Concurrent Scan Root Regions 0.104ms
[2024-10-11T04:22:32.152+0800][info] GC(72) Concurrent Mark
[2024-10-11T04:22:32.152+0800][info] GC(72) Concurrent Mark From Roots
[2024-10-11T04:22:32.152+0800][info] GC(72) Using 12 workers of 12 for marking
[2024-10-11T04:22:32.155+0800][info] GC(72) Concurrent Mark From Roots 3.258ms
[2024-10-11T04:22:32.155+0800][info] GC(72) Concurrent Preclean
[2024-10-11T04:22:32.157+0800][info] GC(72) Concurrent Preclean 1.662ms
[2024-10-11T04:22:32.157+0800][info] GC(72) Pause Remark
[2024-10-11T04:22:32.158+0800][info] GC(72) Pause Remark 110M->110M(128M) 1.173ms
[2024-10-11T04:22:32.158+0800][info] GC(72) User=0.00s Sys=0.00s Real=0.00s
[2024-10-11T04:22:32.158+0800][info] GC(72) Concurrent Mark 6.225ms
[2024-10-11T04:22:32.158+0800][info] GC(72) Concurrent Rebuild Remembered Sets
[2024-10-11T04:22:32.159+0800][info] GC(72) Concurrent Rebuild Remembered Sets 1.500ms
[2024-10-11T04:22:32.159+0800][info] GC(72) Pause Cleanup
[2024-10-11T04:22:32.160+0800][info] GC(72) Pause Cleanup 110M->110M(128M) 0.169ms
[2024-10-11T04:22:32.160+0800][info] GC(72) User=0.00s Sys=0.00s Real=0.00s
[2024-10-11T04:22:32.160+0800][info] GC(72) Concurrent Cleanup for Next Mark
[2024-10-11T04:22:32.160+0800][info] GC(72) Concurrent Cleanup for Next Mark 0.361ms
[2024-10-11T04:22:32.160+0800][info] GC(72) Concurrent Mark Cycle 8.686ms
[2024-10-11T04:22:32.305+0800][info] GC(73) Pause Young (Prepare Mixed) (G1 Evacuation Pause)
[2024-10-11T04:22:32.305+0800][info] GC(73) Using 3 workers of 48 for evacuation
[2024-10-11T04:22:32.306+0800][info] GC(73)   Pre Evacuate Collection Set: 0.1ms
[2024-10-11T04:22:32.306+0800][info] GC(73)   Merge Heap Roots: 0.1ms
[2024-10-11T04:22:32.306+0800][info] GC(73)   Evacuate Collection Set: 0.8ms
[2024-10-11T04:22:32.306+0800][info] GC(73)   Post Evacuate Collection Set: 0.2ms
[2024-10-11T04:22:32.306+0800][info] GC(73)   Other: 0.2ms
[2024-10-11T04:22:32.306+0800][info] GC(73) Eden regions: 2->0(2)
[2024-10-11T04:22:32.306+0800][info] GC(73) Survivor regions: 1->1(1)
[2024-10-11T04:22:32.306+0800][info] GC(73) Old regions: 51->52
[2024-10-11T04:22:32.306+0800][info] GC(73) Archive regions: 2->2
[2024-10-11T04:22:32.306+0800][info] GC(73) Humongous regions: 3->3
[2024-10-11T04:22:32.306+0800][info] GC(73) Metaspace: 1612K(1728K)->1612K(1728K) NonClass: 1476K(1536K)->1476K(1536K) Class: 135K(192K)->135K(192K)
[2024-10-11T04:22:32.306+0800][info] GC(73) Pause Young (Prepare Mixed) (G1 Evacuation Pause) 113M->113M(128M) 1.543ms
[2024-10-11T04:22:32.306+0800][info] GC(73) User=0.00s Sys=0.00s Real=0.01s
[2024-10-11T04:22:32.368+0800][info] GC(74) Pause Young (Mixed) (G1 Preventive Collection)
[2024-10-11T04:22:32.368+0800][info] GC(74) Using 3 workers of 48 for evacuation
[2024-10-11T04:22:32.370+0800][info] GC(74)   Pre Evacuate Collection Set: 0.2ms
[2024-10-11T04:22:32.370+0800][info] GC(74)   Merge Heap Roots: 0.1ms
[2024-10-11T04:22:32.370+0800][info] GC(74)   Evacuate Collection Set: 1.2ms
[2024-10-11T04:22:32.370+0800][info] GC(74)   Post Evacuate Collection Set: 0.2ms
[2024-10-11T04:22:32.370+0800][info] GC(74)   Other: 0.2ms
[2024-10-11T04:22:32.370+0800][info] GC(74) Eden regions: 1->0(2)
[2024-10-11T04:22:32.370+0800][info] GC(74) Survivor regions: 1->1(1)
[2024-10-11T04:22:32.370+0800][info] GC(74) Old regions: 52->49
[2024-10-11T04:22:32.370+0800][info] GC(74) Archive regions: 2->2
[2024-10-11T04:22:32.370+0800][info] GC(74) Humongous regions: 3->3
[2024-10-11T04:22:32.370+0800][info] GC(74) Metaspace: 1612K(1728K)->1612K(1728K) NonClass: 1476K(1536K)->1476K(1536K) Class: 135K(192K)->135K(192K)
[2024-10-11T04:22:32.370+0800][info] GC(74) Pause Young (Mixed) (G1 Preventive Collection) 115M->106M(128M) 1.942ms
[2024-10-11T04:22:32.370+0800][info] GC(74) User=0.01s Sys=0.00s Real=0.00s
[2024-10-11T04:22:32.473+0800][info] GC(75) Pause Young (Mixed) (G1 Evacuation Pause)
[2024-10-11T04:22:32.473+0800][info] GC(75) Using 3 workers of 48 for evacuation
[2024-10-11T04:22:32.475+0800][info] GC(75)   Pre Evacuate Collection Set: 0.2ms
[2024-10-11T04:22:32.475+0800][info] GC(75)   Merge Heap Roots: 0.1ms
[2024-10-11T04:22:32.475+0800][info] GC(75)   Evacuate Collection Set: 1.6ms
[2024-10-11T04:22:32.475+0800][info] GC(75)   Post Evacuate Collection Set: 0.2ms
[2024-10-11T04:22:32.475+0800][info] GC(75)   Other: 0.1ms
[2024-10-11T04:22:32.475+0800][info] GC(75) Eden regions: 2->0(2)
[2024-10-11T04:22:32.475+0800][info] GC(75) Survivor regions: 1->1(1)
[2024-10-11T04:22:32.475+0800][info] GC(75) Old regions: 49->47
[2024-10-11T04:22:32.475+0800][info] GC(75) Archive regions: 2->2
[2024-10-11T04:22:32.475+0800][info] GC(75) Humongous regions: 3->3
[2024-10-11T04:22:32.475+0800][info] GC(75) Metaspace: 1614K(1728K)->1614K(1728K) NonClass: 1478K(1536K)->1478K(1536K) Class: 135K(192K)->135K(192K)
[2024-10-11T04:22:32.475+0800][info] GC(75) Pause Young (Mixed) (G1 Evacuation Pause) 110M->103M(128M) 2.275ms
[2024-10-11T04:22:32.475+0800][info] GC(75) User=0.00s Sys=0.00s Real=0.01s
[2024-10-11T04:22:32.577+0800][info] GC(76) Pause Young (Mixed) (G1 Evacuation Pause)
[2024-10-11T04:22:32.577+0800][info] GC(76) Using 3 workers of 48 for evacuation
[2024-10-11T04:22:32.579+0800][info] GC(76)   Pre Evacuate Collection Set: 0.2ms
[2024-10-11T04:22:32.579+0800][info] GC(76)   Merge Heap Roots: 0.1ms
[2024-10-11T04:22:32.579+0800][info] GC(76)   Evacuate Collection Set: 1.7ms
[2024-10-11T04:22:32.579+0800][info] GC(76)   Post Evacuate Collection Set: 0.2ms
[2024-10-11T04:22:32.579+0800][info] GC(76)   Other: 0.1ms
[2024-10-11T04:22:32.579+0800][info] GC(76) Eden regions: 2->0(2)
[2024-10-11T04:22:32.579+0800][info] GC(76) Survivor regions: 1->1(1)
[2024-10-11T04:22:32.579+0800][info] GC(76) Old regions: 47->46
[2024-10-11T04:22:32.579+0800][info] GC(76) Archive regions: 2->2
[2024-10-11T04:22:32.579+0800][info] GC(76) Humongous regions: 3->3
[2024-10-11T04:22:32.579+0800][info] GC(76) Metaspace: 1614K(1728K)->1614K(1728K) NonClass: 1478K(1536K)->1478K(1536K) Class: 135K(192K)->135K(192K)
[2024-10-11T04:22:32.579+0800][info] GC(76) Pause Young (Mixed) (G1 Evacuation Pause) 107M->101M(128M) 2.433ms
[2024-10-11T04:22:32.579+0800][info] GC(76) User=0.00s Sys=0.00s Real=0.00s
[2024-10-11T04:22:32.682+0800][info] GC(77) Pause Young (Mixed) (G1 Evacuation Pause)
[2024-10-11T04:22:32.682+0800][info] GC(77) Using 3 workers of 48 for evacuation
[2024-10-11T04:22:32.685+0800][info] GC(77)   Pre Evacuate Collection Set: 0.2ms
[2024-10-11T04:22:32.685+0800][info] GC(77)   Merge Heap Roots: 0.1ms
[2024-10-11T04:22:32.685+0800][info] GC(77)   Evacuate Collection Set: 1.8ms
[2024-10-11T04:22:32.685+0800][info] GC(77)   Post Evacuate Collection Set: 0.2ms
[2024-10-11T04:22:32.685+0800][info] GC(77)   Other: 0.1ms
[2024-10-11T04:22:32.685+0800][info] GC(77) Eden regions: 2->0(2)
[2024-10-11T04:22:32.685+0800][info] GC(77) Survivor regions: 1->1(1)
[2024-10-11T04:22:32.685+0800][info] GC(77) Old regions: 46->46
[2024-10-11T04:22:32.685+0800][info] GC(77) Archive regions: 2->2
[2024-10-11T04:22:32.685+0800][info] GC(77) Humongous regions: 3->3
[2024-10-11T04:22:32.685+0800][info] GC(77) Metaspace: 1614K(1728K)->1614K(1728K) NonClass: 1478K(1536K)->1478K(1536K) Class: 135K(192K)->135K(192K)
[2024-10-11T04:22:32.685+0800][info] GC(77) Pause Young (Mixed) (G1 Evacuation Pause) 105M->100M(128M) 2.432ms
[2024-10-11T04:22:32.685+0800][info] GC(77) User=0.01s Sys=0.00s Real=0.00s
[2024-10-11T04:22:32.787+0800][info] GC(78) Pause Young (Normal) (G1 Evacuation Pause)
[2024-10-11T04:22:32.787+0800][info] GC(78) Using 3 workers of 48 for evacuation
[2024-10-11T04:22:32.788+0800][info] GC(78)   Pre Evacuate Collection Set: 0.1ms
[2024-10-11T04:22:32.788+0800][info] GC(78)   Merge Heap Roots: 0.1ms
[2024-10-11T04:22:32.788+0800][info] GC(78)   Evacuate Collection Set: 0.6ms
[2024-10-11T04:22:32.788+0800][info] GC(78)   Post Evacuate Collection Set: 0.2ms
[2024-10-11T04:22:32.788+0800][info] GC(78)   Other: 0.2ms
[2024-10-11T04:22:32.788+0800][info] GC(78) Eden regions: 2->0(2)
[2024-10-11T04:22:32.788+0800][info] GC(78) Survivor regions: 1->1(1)
[2024-10-11T04:22:32.788+0800][info] GC(78) Old regions: 46->47
[2024-10-11T04:22:32.788+0800][info] GC(78) Archive regions: 2->2
[2024-10-11T04:22:32.788+0800][info] GC(78) Humongous regions: 3->3
[2024-10-11T04:22:32.788+0800][info] GC(78) Metaspace: 1614K(1728K)->1614K(1728K) NonClass: 1478K(1536K)->1478K(1536K) Class: 135K(192K)->135K(192K)
[2024-10-11T04:22:32.788+0800][info] GC(78) Pause Young (Normal) (G1 Evacuation Pause) 103M->103M(128M) 1.258ms
[2024-10-11T04:22:32.788+0800][info] GC(78) User=0.00s Sys=0.00s Real=0.00s
[2024-10-11T04:22:32.891+0800][info] GC(79) Pause Young (Normal) (G1 Evacuation Pause)
[2024-10-11T04:22:32.891+0800][info] GC(79) Using 3 workers of 48 for evacuation
[2024-10-11T04:22:32.892+0800][info] GC(79)   Pre Evacuate Collection Set: 0.1ms
[2024-10-11T04:22:32.892+0800][info] GC(79)   Merge Heap Roots: 0.0ms
[2024-10-11T04:22:32.892+0800][info] GC(79)   Evacuate Collection Set: 0.7ms
[2024-10-11T04:22:32.892+0800][info] GC(79)   Post Evacuate Collection Set: 0.2ms
[2024-10-11T04:22:32.892+0800][info] GC(79)   Other: 0.2ms
[2024-10-11T04:22:32.892+0800][info] GC(79) Eden regions: 2->0(2)
[2024-10-11T04:22:32.892+0800][info] GC(79) Survivor regions: 1->1(1)
[2024-10-11T04:22:32.892+0800][info] GC(79) Old regions: 47->49
[2024-10-11T04:22:32.892+0800][info] GC(79) Archive regions: 2->2
[2024-10-11T04:22:32.892+0800][info] GC(79) Humongous regions: 3->3
[2024-10-11T04:22:32.892+0800][info] GC(79) Metaspace: 1618K(1728K)->1618K(1728K) NonClass: 1482K(1536K)->1482K(1536K) Class: 135K(192K)->135K(192K)
[2024-10-11T04:22:32.892+0800][info] GC(79) Pause Young (Normal) (G1 Evacuation Pause) 107M->107M(128M) 1.368ms
[2024-10-11T04:22:32.892+0800][info] GC(79) User=0.01s Sys=0.00s Real=0.00s
[2024-10-11T04:22:32.994+0800][info] GC(80) Pause Young (Concurrent Start) (G1 Evacuation Pause)
[2024-10-11T04:22:32.994+0800][info] GC(80) Using 3 workers of 48 for evacuation
[2024-10-11T04:22:32.996+0800][info] GC(80)   Pre Evacuate Collection Set: 0.1ms
[2024-10-11T04:22:32.996+0800][info] GC(80)   Merge Heap Roots: 0.0ms
[2024-10-11T04:22:32.996+0800][info] GC(80)   Evacuate Collection Set: 0.7ms
[2024-10-11T04:22:32.996+0800][info] GC(80)   Post Evacuate Collection Set: 0.2ms
[2024-10-11T04:22:32.996+0800][info] GC(80)   Other: 0.3ms
[2024-10-11T04:22:32.996+0800][info] GC(80) Eden regions: 2->0(2)
[2024-10-11T04:22:32.996+0800][info] GC(80) Survivor regions: 1->1(1)
[2024-10-11T04:22:32.996+0800][info] GC(80) Old regions: 49->51
[2024-10-11T04:22:32.996+0800][info] GC(80) Archive regions: 2->2
[2024-10-11T04:22:32.996+0800][info] GC(80) Humongous regions: 3->3
[2024-10-11T04:22:32.996+0800][info] GC(80) Metaspace: 1618K(1728K)->1618K(1728K) NonClass: 1482K(1536K)->1482K(1536K) Class: 135K(192K)->135K(192K)
[2024-10-11T04:22:32.996+0800][info] GC(80) Pause Young (Concurrent Start) (G1 Evacuation Pause) 111M->111M(128M) 1.520ms
[2024-10-11T04:22:32.996+0800][info] GC(80) User=0.00s Sys=0.00s Real=0.00s
[2024-10-11T04:22:32.996+0800][info] GC(81) Concurrent Mark Cycle
[2024-10-11T04:22:32.996+0800][info] GC(81) Concurrent Clear Claimed Marks
[2024-10-11T04:22:32.996+0800][info] GC(81) Concurrent Clear Claimed Marks 0.017ms
[2024-10-11T04:22:32.996+0800][info] GC(81) Concurrent Scan Root Regions
[2024-10-11T04:22:32.996+0800][info] GC(81) Concurrent Scan Root Regions 0.123ms
[2024-10-11T04:22:32.996+0800][info] GC(81) Concurrent Mark
[2024-10-11T04:22:32.996+0800][info] GC(81) Concurrent Mark From Roots
[2024-10-11T04:22:32.996+0800][info] GC(81) Using 12 workers of 12 for marking
[2024-10-11T04:22:33.000+0800][info] GC(81) Concurrent Mark From Roots 3.970ms
[2024-10-11T04:22:33.000+0800][info] GC(81) Concurrent Preclean
[2024-10-11T04:22:33.002+0800][info] GC(81) Concurrent Preclean 1.687ms
[2024-10-11T04:22:33.002+0800][info] GC(81) Pause Remark
[2024-10-11T04:22:33.003+0800][info] GC(81) Pause Remark 111M->109M(128M) 1.308ms
[2024-10-11T04:22:33.003+0800][info] GC(81) User=0.01s Sys=0.00s Real=0.00s
[2024-10-11T04:22:33.003+0800][info] GC(81) Concurrent Mark 7.228ms
[2024-10-11T04:22:33.003+0800][info] GC(81) Concurrent Rebuild Remembered Sets
[2024-10-11T04:22:33.005+0800][info] GC(81) Concurrent Rebuild Remembered Sets 1.441ms
[2024-10-11T04:22:33.005+0800][info] GC(81) Pause Cleanup
[2024-10-11T04:22:33.005+0800][info] GC(81) Pause Cleanup 109M->109M(128M) 0.171ms
[2024-10-11T04:22:33.005+0800][info] GC(81) User=0.00s Sys=0.00s Real=0.00s
[2024-10-11T04:22:33.005+0800][info] GC(81) Concurrent Cleanup for Next Mark
[2024-10-11T04:22:33.005+0800][info] GC(81) Concurrent Cleanup for Next Mark 0.405ms
[2024-10-11T04:22:33.005+0800][info] GC(81) Concurrent Mark Cycle 9.669ms
[2024-10-11T04:22:33.150+0800][info] GC(82) Pause Young (Prepare Mixed) (G1 Evacuation Pause)
[2024-10-11T04:22:33.150+0800][info] GC(82) Using 3 workers of 48 for evacuation
[2024-10-11T04:22:33.151+0800][info] GC(82)   Pre Evacuate Collection Set: 0.1ms
[2024-10-11T04:22:33.151+0800][info] GC(82)   Merge Heap Roots: 0.1ms
[2024-10-11T04:22:33.151+0800][info] GC(82)   Evacuate Collection Set: 0.9ms
[2024-10-11T04:22:33.151+0800][info] GC(82)   Post Evacuate Collection Set: 0.2ms
[2024-10-11T04:22:33.151+0800][info] GC(82)   Other: 0.2ms
[2024-10-11T04:22:33.151+0800][info] GC(82) Eden regions: 2->0(2)
[2024-10-11T04:22:33.151+0800][info] GC(82) Survivor regions: 1->1(1)
[2024-10-11T04:22:33.151+0800][info] GC(82) Old regions: 50->52
[2024-10-11T04:22:33.151+0800][info] GC(82) Archive regions: 2->2
[2024-10-11T04:22:33.151+0800][info] GC(82) Humongous regions: 3->3
[2024-10-11T04:22:33.151+0800][info] GC(82) Metaspace: 1618K(1728K)->1618K(1728K) NonClass: 1482K(1536K)->1482K(1536K) Class: 135K(192K)->135K(192K)
[2024-10-11T04:22:33.151+0800][info] GC(82) Pause Young (Prepare Mixed) (G1 Evacuation Pause) 112M->112M(128M) 1.605ms
[2024-10-11T04:22:33.151+0800][info] GC(82) User=0.01s Sys=0.00s Real=0.00s
[2024-10-11T04:22:33.213+0800][info] GC(83) Pause Young (Mixed) (G1 Preventive Collection)
[2024-10-11T04:22:33.213+0800][info] GC(83) Using 3 workers of 48 for evacuation
[2024-10-11T04:22:33.215+0800][info] GC(83)   Pre Evacuate Collection Set: 0.2ms
[2024-10-11T04:22:33.215+0800][info] GC(83)   Merge Heap Roots: 0.1ms
[2024-10-11T04:22:33.215+0800][info] GC(83)   Evacuate Collection Set: 1.3ms
[2024-10-11T04:22:33.215+0800][info] GC(83)   Post Evacuate Collection Set: 0.2ms
[2024-10-11T04:22:33.215+0800][info] GC(83)   Other: 0.2ms
[2024-10-11T04:22:33.215+0800][info] GC(83) Eden regions: 1->0(2)
[2024-10-11T04:22:33.215+0800][info] GC(83) Survivor regions: 1->1(1)
[2024-10-11T04:22:33.215+0800][info] GC(83) Old regions: 52->49
[2024-10-11T04:22:33.215+0800][info] GC(83) Archive regions: 2->2
[2024-10-11T04:22:33.215+0800][info] GC(83) Humongous regions: 3->3
[2024-10-11T04:22:33.215+0800][info] GC(83) Metaspace: 1618K(1728K)->1618K(1728K) NonClass: 1482K(1536K)->1482K(1536K) Class: 135K(192K)->135K(192K)
[2024-10-11T04:22:33.215+0800][info] GC(83) Pause Young (Mixed) (G1 Preventive Collection) 114M->106M(128M) 2.027ms
[2024-10-11T04:22:33.215+0800][info] GC(83) User=0.00s Sys=0.01s Real=0.01s
[2024-10-11T04:22:33.318+0800][info] GC(84) Pause Young (Mixed) (G1 Evacuation Pause)
[2024-10-11T04:22:33.318+0800][info] GC(84) Using 3 workers of 48 for evacuation
[2024-10-11T04:22:33.320+0800][info] GC(84)   Pre Evacuate Collection Set: 0.2ms
[2024-10-11T04:22:33.320+0800][info] GC(84)   Merge Heap Roots: 0.1ms
[2024-10-11T04:22:33.320+0800][info] GC(84)   Evacuate Collection Set: 1.7ms
[2024-10-11T04:22:33.320+0800][info] GC(84)   Post Evacuate Collection Set: 0.2ms
[2024-10-11T04:22:33.320+0800][info] GC(84)   Other: 0.1ms
[2024-10-11T04:22:33.320+0800][info] GC(84) Eden regions: 2->0(2)
[2024-10-11T04:22:33.320+0800][info] GC(84) Survivor regions: 1->1(1)
[2024-10-11T04:22:33.320+0800][info] GC(84) Old regions: 49->47
[2024-10-11T04:22:33.320+0800][info] GC(84) Archive regions: 2->2
[2024-10-11T04:22:33.320+0800][info] GC(84) Humongous regions: 3->3
[2024-10-11T04:22:33.320+0800][info] GC(84) Metaspace: 1618K(1728K)->1618K(1728K) NonClass: 1482K(1536K)->1482K(1536K) Class: 135K(192K)->135K(192K)
[2024-10-11T04:22:33.320+0800][info] GC(84) Pause Young (Mixed) (G1 Evacuation Pause) 109M->102M(128M) 2.439ms
[2024-10-11T04:22:33.320+0800][info] GC(84) User=0.00s Sys=0.00s Real=0.00s
[2024-10-11T04:22:33.422+0800][info] GC(85) Pause Young (Mixed) (G1 Evacuation Pause)
[2024-10-11T04:22:33.422+0800][info] GC(85) Using 3 workers of 48 for evacuation
[2024-10-11T04:22:33.424+0800][info] GC(85)   Pre Evacuate Collection Set: 0.2ms
[2024-10-11T04:22:33.425+0800][info] GC(85)   Merge Heap Roots: 0.1ms
[2024-10-11T04:22:33.425+0800][info] GC(85)   Evacuate Collection Set: 1.8ms
[2024-10-11T04:22:33.425+0800][info] GC(85)   Post Evacuate Collection Set: 0.2ms
[2024-10-11T04:22:33.425+0800][info] GC(85)   Other: 0.1ms
[2024-10-11T04:22:33.425+0800][info] GC(85) Eden regions: 2->0(2)
[2024-10-11T04:22:33.425+0800][info] GC(85) Survivor regions: 1->1(1)
[2024-10-11T04:22:33.425+0800][info] GC(85) Old regions: 47->46
[2024-10-11T04:22:33.425+0800][info] GC(85) Archive regions: 2->2
[2024-10-11T04:22:33.425+0800][info] GC(85) Humongous regions: 3->3
[2024-10-11T04:22:33.425+0800][info] GC(85) Metaspace: 1618K(1728K)->1618K(1728K) NonClass: 1482K(1536K)->1482K(1536K) Class: 135K(192K)->135K(192K)
[2024-10-11T04:22:33.425+0800][info] GC(85) Pause Young (Mixed) (G1 Evacuation Pause) 106M->101M(128M) 2.563ms
[2024-10-11T04:22:33.425+0800][info] GC(85) User=0.00s Sys=0.00s Real=0.00s
[2024-10-11T04:22:33.527+0800][info] GC(86) Pause Young (Mixed) (G1 Evacuation Pause)
[2024-10-11T04:22:33.527+0800][info] GC(86) Using 3 workers of 48 for evacuation
[2024-10-11T04:22:33.530+0800][info] GC(86)   Pre Evacuate Collection Set: 0.2ms
[2024-10-11T04:22:33.530+0800][info] GC(86)   Merge Heap Roots: 0.1ms
[2024-10-11T04:22:33.530+0800][info] GC(86)   Evacuate Collection Set: 2.0ms
[2024-10-11T04:22:33.530+0800][info] GC(86)   Post Evacuate Collection Set: 0.2ms
[2024-10-11T04:22:33.530+0800][info] GC(86)   Other: 0.2ms
[2024-10-11T04:22:33.530+0800][info] GC(86) Eden regions: 2->0(2)
[2024-10-11T04:22:33.530+0800][info] GC(86) Survivor regions: 1->1(1)
[2024-10-11T04:22:33.530+0800][info] GC(86) Old regions: 46->46
[2024-10-11T04:22:33.530+0800][info] GC(86) Archive regions: 2->2
[2024-10-11T04:22:33.530+0800][info] GC(86) Humongous regions: 3->3
[2024-10-11T04:22:33.530+0800][info] GC(86) Metaspace: 1618K(1728K)->1618K(1728K) NonClass: 1482K(1536K)->1482K(1536K) Class: 135K(192K)->135K(192K)
[2024-10-11T04:22:33.530+0800][info] GC(86) Pause Young (Mixed) (G1 Evacuation Pause) 105M->100M(128M) 2.755ms
[2024-10-11T04:22:33.530+0800][info] GC(86) User=0.00s Sys=0.00s Real=0.00s
[2024-10-11T04:22:33.632+0800][info] GC(87) Pause Young (Normal) (G1 Evacuation Pause)
[2024-10-11T04:22:33.632+0800][info] GC(87) Using 3 workers of 48 for evacuation
[2024-10-11T04:22:33.634+0800][info] GC(87)   Pre Evacuate Collection Set: 0.1ms
[2024-10-11T04:22:33.634+0800][info] GC(87)   Merge Heap Roots: 0.1ms
[2024-10-11T04:22:33.634+0800][info] GC(87)   Evacuate Collection Set: 0.8ms
[2024-10-11T04:22:33.634+0800][info] GC(87)   Post Evacuate Collection Set: 0.2ms
[2024-10-11T04:22:33.634+0800][info] GC(87)   Other: 0.2ms
[2024-10-11T04:22:33.634+0800][info] GC(87) Eden regions: 2->0(2)
[2024-10-11T04:22:33.634+0800][info] GC(87) Survivor regions: 1->1(1)
[2024-10-11T04:22:33.634+0800][info] GC(87) Old regions: 46->48
[2024-10-11T04:22:33.634+0800][info] GC(87) Archive regions: 2->2
[2024-10-11T04:22:33.634+0800][info] GC(87) Humongous regions: 3->3
[2024-10-11T04:22:33.634+0800][info] GC(87) Metaspace: 1618K(1728K)->1618K(1728K) NonClass: 1482K(1536K)->1482K(1536K) Class: 135K(192K)->135K(192K)
[2024-10-11T04:22:33.634+0800][info] GC(87) Pause Young (Normal) (G1 Evacuation Pause) 103M->104M(128M) 1.493ms
[2024-10-11T04:22:33.634+0800][info] GC(87) User=0.01s Sys=0.00s Real=0.01s
[2024-10-11T04:22:33.736+0800][info] GC(88) Pause Young (Normal) (G1 Evacuation Pause)
[2024-10-11T04:22:33.736+0800][info] GC(88) Using 3 workers of 48 for evacuation
[2024-10-11T04:22:33.738+0800][info] GC(88)   Pre Evacuate Collection Set: 0.1ms
[2024-10-11T04:22:33.738+0800][info] GC(88)   Merge Heap Roots: 0.0ms
[2024-10-11T04:22:33.738+0800][info] GC(88)   Evacuate Collection Set: 0.8ms
[2024-10-11T04:22:33.738+0800][info] GC(88)   Post Evacuate Collection Set: 0.2ms
[2024-10-11T04:22:33.738+0800][info] GC(88)   Other: 0.2ms
[2024-10-11T04:22:33.738+0800][info] GC(88) Eden regions: 2->0(2)
[2024-10-11T04:22:33.738+0800][info] GC(88) Survivor regions: 1->1(1)
[2024-10-11T04:22:33.738+0800][info] GC(88) Old regions: 48->50
[2024-10-11T04:22:33.738+0800][info] GC(88) Archive regions: 2->2
[2024-10-11T04:22:33.738+0800][info] GC(88) Humongous regions: 3->3
[2024-10-11T04:22:33.738+0800][info] GC(88) Metaspace: 1618K(1728K)->1618K(1728K) NonClass: 1482K(1536K)->1482K(1536K) Class: 135K(192K)->135K(192K)
[2024-10-11T04:22:33.738+0800][info] GC(88) Pause Young (Normal) (G1 Evacuation Pause) 107M->108M(128M) 1.464ms
[2024-10-11T04:22:33.738+0800][info] GC(88) User=0.00s Sys=0.00s Real=0.00s
[2024-10-11T04:22:33.840+0800][info] GC(89) Pause Young (Concurrent Start) (G1 Evacuation Pause)
[2024-10-11T04:22:33.840+0800][info] GC(89) Using 3 workers of 48 for evacuation
[2024-10-11T04:22:33.842+0800][info] GC(89)   Pre Evacuate Collection Set: 0.1ms
[2024-10-11T04:22:33.842+0800][info] GC(89)   Merge Heap Roots: 0.0ms
[2024-10-11T04:22:33.842+0800][info] GC(89)   Evacuate Collection Set: 0.9ms
[2024-10-11T04:22:33.842+0800][info] GC(89)   Post Evacuate Collection Set: 0.2ms
[2024-10-11T04:22:33.842+0800][info] GC(89)   Other: 0.3ms
[2024-10-11T04:22:33.842+0800][info] GC(89) Eden regions: 2->0(2)
[2024-10-11T04:22:33.842+0800][info] GC(89) Survivor regions: 1->1(1)
[2024-10-11T04:22:33.842+0800][info] GC(89) Old regions: 50->52
[2024-10-11T04:22:33.842+0800][info] GC(89) Archive regions: 2->2
[2024-10-11T04:22:33.842+0800][info] GC(89) Humongous regions: 3->3
[2024-10-11T04:22:33.842+0800][info] GC(89) Metaspace: 1618K(1728K)->1618K(1728K) NonClass: 1482K(1536K)->1482K(1536K) Class: 135K(192K)->135K(192K)
[2024-10-11T04:22:33.842+0800][info] GC(89) Pause Young (Concurrent Start) (G1 Evacuation Pause) 111M->112M(128M) 1.754ms
[2024-10-11T04:22:33.842+0800][info] GC(89) User=0.01s Sys=0.00s Real=0.00s
[2024-10-11T04:22:33.842+0800][info] GC(90) Concurrent Mark Cycle
[2024-10-11T04:22:33.842+0800][info] GC(90) Concurrent Clear Claimed Marks
[2024-10-11T04:22:33.842+0800][info] GC(90) Concurrent Clear Claimed Marks 0.016ms
[2024-10-11T04:22:33.842+0800][info] GC(90) Concurrent Scan Root Regions
[2024-10-11T04:22:33.842+0800][info] GC(90) Concurrent Scan Root Regions 0.133ms
[2024-10-11T04:22:33.842+0800][info] GC(90) Concurrent Mark
[2024-10-11T04:22:33.842+0800][info] GC(90) Concurrent Mark From Roots
[2024-10-11T04:22:33.842+0800][info] GC(90) Using 12 workers of 12 for marking
[2024-10-11T04:22:33.847+0800][info] GC(90) Concurrent Mark From Roots 4.671ms
[2024-10-11T04:22:33.847+0800][info] GC(90) Concurrent Preclean
[2024-10-11T04:22:33.848+0800][info] GC(90) Concurrent Preclean 1.664ms
[2024-10-11T04:22:33.849+0800][info] GC(90) Pause Remark
[2024-10-11T04:22:33.850+0800][info] GC(90) Pause Remark 113M->113M(128M) 1.232ms
[2024-10-11T04:22:33.850+0800][info] GC(90) User=0.00s Sys=0.00s Real=0.00s
[2024-10-11T04:22:33.850+0800][info] GC(90) Concurrent Mark 7.805ms
[2024-10-11T04:22:33.850+0800][info] GC(90) Concurrent Rebuild Remembered Sets
[2024-10-11T04:22:33.851+0800][info] GC(90) Concurrent Rebuild Remembered Sets 1.450ms
[2024-10-11T04:22:33.851+0800][info] GC(90) Pause Cleanup
[2024-10-11T04:22:33.852+0800][info] GC(90) Pause Cleanup 113M->113M(128M) 0.173ms
[2024-10-11T04:22:33.852+0800][info] GC(90) User=0.00s Sys=0.00s Real=0.00s
[2024-10-11T04:22:33.852+0800][info] GC(90) Concurrent Cleanup for Next Mark
[2024-10-11T04:22:33.852+0800][info] GC(90) Concurrent Cleanup for Next Mark 0.391ms
[2024-10-11T04:22:33.852+0800][info] GC(90) Concurrent Mark Cycle 10.255ms
[2024-10-11T04:22:33.996+0800][info] GC(91) Pause Young (Prepare Mixed) (G1 Preventive Collection)
[2024-10-11T04:22:33.996+0800][info] GC(91) Using 3 workers of 48 for evacuation
[2024-10-11T04:22:33.997+0800][info] GC(91)   Pre Evacuate Collection Set: 0.1ms
[2024-10-11T04:22:33.997+0800][info] GC(91)   Merge Heap Roots: 0.1ms
[2024-10-11T04:22:33.997+0800][info] GC(91)   Evacuate Collection Set: 0.8ms
[2024-10-11T04:22:33.997+0800][info] GC(91)   Post Evacuate Collection Set: 0.2ms
[2024-10-11T04:22:33.997+0800][info] GC(91)   Other: 0.2ms
[2024-10-11T04:22:33.997+0800][info] GC(91) Eden regions: 2->0(2)
[2024-10-11T04:22:33.997+0800][info] GC(91) Survivor regions: 1->1(1)
[2024-10-11T04:22:33.997+0800][info] GC(91) Old regions: 52->54
[2024-10-11T04:22:33.997+0800][info] GC(91) Archive regions: 2->2
[2024-10-11T04:22:33.997+0800][info] GC(91) Humongous regions: 3->3
[2024-10-11T04:22:33.997+0800][info] GC(91) Metaspace: 1618K(1728K)->1618K(1728K) NonClass: 1482K(1536K)->1482K(1536K) Class: 135K(192K)->135K(192K)
[2024-10-11T04:22:33.997+0800][info] GC(91) Pause Young (Prepare Mixed) (G1 Preventive Collection) 116M->116M(128M) 1.476ms
[2024-10-11T04:22:33.997+0800][info] GC(91) User=0.00s Sys=0.00s Real=0.00s
[2024-10-11T04:22:34.059+0800][info] GC(92) Pause Young (Mixed) (G1 Preventive Collection)
[2024-10-11T04:22:34.059+0800][info] GC(92) Using 3 workers of 48 for evacuation
[2024-10-11T04:22:34.060+0800][info] GC(92) To-space exhausted
[2024-10-11T04:22:34.060+0800][info] GC(92)   Pre Evacuate Collection Set: 0.2ms
[2024-10-11T04:22:34.060+0800][info] GC(92)   Merge Heap Roots: 0.1ms
[2024-10-11T04:22:34.060+0800][info] GC(92)   Evacuate Collection Set: 0.9ms
[2024-10-11T04:22:34.060+0800][info] GC(92)   Post Evacuate Collection Set: 0.2ms
[2024-10-11T04:22:34.060+0800][info] GC(92)   Other: 0.2ms
[2024-10-11T04:22:34.060+0800][info] GC(92) Eden regions: 1->0(2)
[2024-10-11T04:22:34.060+0800][info] GC(92) Survivor regions: 1->1(1)
[2024-10-11T04:22:34.060+0800][info] GC(92) Old regions: 54->52
[2024-10-11T04:22:34.060+0800][info] GC(92) Archive regions: 2->2
[2024-10-11T04:22:34.060+0800][info] GC(92) Humongous regions: 3->3
[2024-10-11T04:22:34.060+0800][info] GC(92) Metaspace: 1618K(1728K)->1618K(1728K) NonClass: 1482K(1536K)->1482K(1536K) Class: 135K(192K)->135K(192K)
[2024-10-11T04:22:34.060+0800][info] GC(92) Pause Young (Mixed) (G1 Preventive Collection) 118M->113M(128M) 1.676ms
[2024-10-11T04:22:34.060+0800][info] GC(92) User=0.01s Sys=0.00s Real=0.00s
[2024-10-11T04:22:34.101+0800][info] GC(93) Pause Young (Mixed) (G1 Preventive Collection)
[2024-10-11T04:22:34.101+0800][info] GC(93) Using 3 workers of 48 for evacuation
[2024-10-11T04:22:34.103+0800][info] GC(93) To-space exhausted
[2024-10-11T04:22:34.103+0800][info] GC(93)   Pre Evacuate Collection Set: 0.2ms
[2024-10-11T04:22:34.103+0800][info] GC(93)   Merge Heap Roots: 0.1ms
[2024-10-11T04:22:34.103+0800][info] GC(93)   Evacuate Collection Set: 1.2ms
[2024-10-11T04:22:34.103+0800][info] GC(93)   Post Evacuate Collection Set: 0.2ms
[2024-10-11T04:22:34.103+0800][info] GC(93)   Other: 0.1ms
[2024-10-11T04:22:34.103+0800][info] GC(93) Eden regions: 1->0(2)
[2024-10-11T04:22:34.103+0800][info] GC(93) Survivor regions: 1->1(1)
[2024-10-11T04:22:34.103+0800][info] GC(93) Old regions: 52->50
[2024-10-11T04:22:34.103+0800][info] GC(93) Archive regions: 2->2
[2024-10-11T04:22:34.103+0800][info] GC(93) Humongous regions: 3->3
[2024-10-11T04:22:34.103+0800][info] GC(93) Metaspace: 1618K(1728K)->1618K(1728K) NonClass: 1482K(1536K)->1482K(1536K) Class: 135K(192K)->135K(192K)
[2024-10-11T04:22:34.103+0800][info] GC(93) Pause Young (Mixed) (G1 Preventive Collection) 115M->109M(128M) 1.894ms
[2024-10-11T04:22:34.103+0800][info] GC(93) User=0.00s Sys=0.01s Real=0.00s
[2024-10-11T04:22:34.165+0800][info] GC(94) Pause Young (Mixed) (G1 Preventive Collection)
[2024-10-11T04:22:34.165+0800][info] GC(94) Using 3 workers of 48 for evacuation
[2024-10-11T04:22:34.167+0800][info] GC(94)   Pre Evacuate Collection Set: 0.2ms
[2024-10-11T04:22:34.167+0800][info] GC(94)   Merge Heap Roots: 0.1ms
[2024-10-11T04:22:34.167+0800][info] GC(94)   Evacuate Collection Set: 1.5ms
[2024-10-11T04:22:34.167+0800][info] GC(94)   Post Evacuate Collection Set: 0.2ms
[2024-10-11T04:22:34.167+0800][info] GC(94)   Other: 0.1ms
[2024-10-11T04:22:34.167+0800][info] GC(94) Eden regions: 2->0(2)
[2024-10-11T04:22:34.167+0800][info] GC(94) Survivor regions: 1->1(1)
[2024-10-11T04:22:34.167+0800][info] GC(94) Old regions: 50->48
[2024-10-11T04:22:34.167+0800][info] GC(94) Archive regions: 2->2
[2024-10-11T04:22:34.167+0800][info] GC(94) Humongous regions: 3->3
[2024-10-11T04:22:34.167+0800][info] GC(94) Metaspace: 1618K(1728K)->1618K(1728K) NonClass: 1482K(1536K)->1482K(1536K) Class: 135K(192K)->135K(192K)
[2024-10-11T04:22:34.167+0800][info] GC(94) Pause Young (Mixed) (G1 Preventive Collection) 111M->105M(128M) 2.234ms
[2024-10-11T04:22:34.167+0800][info] GC(94) User=0.01s Sys=0.00s Real=0.01s
[2024-10-11T04:22:34.291+0800][info] GC(95) Pause Young (Mixed) (G1 Preventive Collection)
[2024-10-11T04:22:34.291+0800][info] GC(95) Using 3 workers of 48 for evacuation
[2024-10-11T04:22:34.293+0800][info] GC(95) To-space exhausted
[2024-10-11T04:22:34.293+0800][info] GC(95)   Pre Evacuate Collection Set: 0.2ms
[2024-10-11T04:22:34.293+0800][info] GC(95)   Merge Heap Roots: 0.0ms
[2024-10-11T04:22:34.293+0800][info] GC(95)   Evacuate Collection Set: 1.9ms
[2024-10-11T04:22:34.293+0800][info] GC(95)   Post Evacuate Collection Set: 0.2ms
[2024-10-11T04:22:34.293+0800][info] GC(95)   Other: 0.2ms
[2024-10-11T04:22:34.293+0800][info] GC(95) Eden regions: 2->0(2)
[2024-10-11T04:22:34.293+0800][info] GC(95) Survivor regions: 1->1(1)
[2024-10-11T04:22:34.293+0800][info] GC(95) Old regions: 48->48
[2024-10-11T04:22:34.293+0800][info] GC(95) Archive regions: 2->2
[2024-10-11T04:22:34.293+0800][info] GC(95) Humongous regions: 4->3
[2024-10-11T04:22:34.293+0800][info] GC(95) Metaspace: 1619K(1728K)->1619K(1728K) NonClass: 1483K(1536K)->1483K(1536K) Class: 135K(192K)->135K(192K)
[2024-10-11T04:22:34.293+0800][info] GC(95) Pause Young (Mixed) (G1 Preventive Collection) 110M->105M(128M) 2.688ms
[2024-10-11T04:22:34.293+0800][info] GC(95) User=0.00s Sys=0.00s Real=0.01s
[2024-10-11T04:22:34.396+0800][info] GC(96) Pause Young (Mixed) (G1 Evacuation Pause)
[2024-10-11T04:22:34.396+0800][info] GC(96) Using 3 workers of 48 for evacuation
[2024-10-11T04:22:34.398+0800][info] GC(96)   Pre Evacuate Collection Set: 0.2ms
[2024-10-11T04:22:34.398+0800][info] GC(96)   Merge Heap Roots: 0.0ms
[2024-10-11T04:22:34.398+0800][info] GC(96)   Evacuate Collection Set: 1.0ms
[2024-10-11T04:22:34.398+0800][info] GC(96)   Post Evacuate Collection Set: 0.2ms
[2024-10-11T04:22:34.398+0800][info] GC(96)   Other: 0.1ms
[2024-10-11T04:22:34.398+0800][info] GC(96) Eden regions: 2->0(2)
[2024-10-11T04:22:34.398+0800][info] GC(96) Survivor regions: 1->1(1)
[2024-10-11T04:22:34.398+0800][info] GC(96) Old regions: 48->50
[2024-10-11T04:22:34.398+0800][info] GC(96) Archive regions: 2->2
[2024-10-11T04:22:34.398+0800][info] GC(96) Humongous regions: 3->3
[2024-10-11T04:22:34.398+0800][info] GC(96) Metaspace: 1619K(1728K)->1619K(1728K) NonClass: 1483K(1536K)->1483K(1536K) Class: 135K(192K)->135K(192K)
[2024-10-11T04:22:34.398+0800][info] GC(96) Pause Young (Mixed) (G1 Evacuation Pause) 109M->109M(128M) 1.684ms
[2024-10-11T04:22:34.398+0800][info] GC(96) User=0.00s Sys=0.00s Real=0.00s
[2024-10-11T04:22:34.500+0800][info] GC(97) Pause Young (Concurrent Start) (G1 Evacuation Pause)
[2024-10-11T04:22:34.500+0800][info] GC(97) Using 3 workers of 48 for evacuation
[2024-10-11T04:22:34.501+0800][info] GC(97)   Pre Evacuate Collection Set: 0.1ms
[2024-10-11T04:22:34.501+0800][info] GC(97)   Merge Heap Roots: 0.0ms
[2024-10-11T04:22:34.501+0800][info] GC(97)   Evacuate Collection Set: 0.8ms
[2024-10-11T04:22:34.501+0800][info] GC(97)   Post Evacuate Collection Set: 0.2ms
[2024-10-11T04:22:34.501+0800][info] GC(97)   Other: 0.3ms
[2024-10-11T04:22:34.501+0800][info] GC(97) Eden regions: 2->0(2)
[2024-10-11T04:22:34.501+0800][info] GC(97) Survivor regions: 1->1(1)
[2024-10-11T04:22:34.501+0800][info] GC(97) Old regions: 50->52
[2024-10-11T04:22:34.501+0800][info] GC(97) Archive regions: 2->2
[2024-10-11T04:22:34.501+0800][info] GC(97) Humongous regions: 3->3
[2024-10-11T04:22:34.501+0800][info] GC(97) Metaspace: 1619K(1728K)->1619K(1728K) NonClass: 1483K(1536K)->1483K(1536K) Class: 135K(192K)->135K(192K)
[2024-10-11T04:22:34.501+0800][info] GC(97) Pause Young (Concurrent Start) (G1 Evacuation Pause) 112M->113M(128M) 1.577ms
[2024-10-11T04:22:34.501+0800][info] GC(97) User=0.01s Sys=0.00s Real=0.00s
[2024-10-11T04:22:34.501+0800][info] GC(98) Concurrent Mark Cycle
[2024-10-11T04:22:34.501+0800][info] GC(98) Concurrent Clear Claimed Marks
[2024-10-11T04:22:34.501+0800][info] GC(98) Concurrent Clear Claimed Marks 0.016ms
[2024-10-11T04:22:34.501+0800][info] GC(98) Concurrent Scan Root Regions
[2024-10-11T04:22:34.502+0800][info] GC(98) Concurrent Scan Root Regions 0.141ms
[2024-10-11T04:22:34.502+0800][info] GC(98) Concurrent Mark
[2024-10-11T04:22:34.502+0800][info] GC(98) Concurrent Mark From Roots
[2024-10-11T04:22:34.502+0800][info] GC(98) Using 12 workers of 12 for marking
[2024-10-11T04:22:34.505+0800][info] GC(98) Concurrent Mark From Roots 3.394ms
[2024-10-11T04:22:34.505+0800][info] GC(98) Concurrent Preclean
[2024-10-11T04:22:34.507+0800][info] GC(98) Concurrent Preclean 1.670ms
[2024-10-11T04:22:34.507+0800][info] GC(98) Pause Remark
[2024-10-11T04:22:34.508+0800][info] GC(98) Pause Remark 113M->111M(128M) 1.293ms
[2024-10-11T04:22:34.508+0800][info] GC(98) User=0.00s Sys=0.00s Real=0.00s
[2024-10-11T04:22:34.508+0800][info] GC(98) Concurrent Mark 6.578ms
[2024-10-11T04:22:34.508+0800][info] GC(98) Concurrent Rebuild Remembered Sets
[2024-10-11T04:22:34.510+0800][info] GC(98) Concurrent Rebuild Remembered Sets 1.686ms
[2024-10-11T04:22:34.510+0800][info] GC(98) Pause Cleanup
[2024-10-11T04:22:34.510+0800][info] GC(98) Pause Cleanup 111M->111M(128M) 0.207ms
[2024-10-11T04:22:34.510+0800][info] GC(98) User=0.00s Sys=0.00s Real=0.00s
[2024-10-11T04:22:34.510+0800][info] GC(98) Concurrent Cleanup for Next Mark
[2024-10-11T04:22:34.511+0800][info] GC(98) Concurrent Cleanup for Next Mark 0.387ms
[2024-10-11T04:22:34.511+0800][info] GC(98) Concurrent Mark Cycle 9.283ms
[2024-10-11T04:22:34.655+0800][info] GC(99) Pause Young (Prepare Mixed) (G1 Evacuation Pause)
[2024-10-11T04:22:34.655+0800][info] GC(99) Using 3 workers of 48 for evacuation
[2024-10-11T04:22:34.657+0800][info] GC(99)   Pre Evacuate Collection Set: 0.1ms
[2024-10-11T04:22:34.657+0800][info] GC(99)   Merge Heap Roots: 0.1ms
[2024-10-11T04:22:34.657+0800][info] GC(99)   Evacuate Collection Set: 0.7ms
[2024-10-11T04:22:34.657+0800][info] GC(99)   Post Evacuate Collection Set: 0.2ms
[2024-10-11T04:22:34.657+0800][info] GC(99)   Other: 0.2ms
[2024-10-11T04:22:34.657+0800][info] GC(99) Eden regions: 2->0(2)
[2024-10-11T04:22:34.657+0800][info] GC(99) Survivor regions: 1->1(1)
[2024-10-11T04:22:34.657+0800][info] GC(99) Old regions: 51->53
[2024-10-11T04:22:34.657+0800][info] GC(99) Archive regions: 2->2
[2024-10-11T04:22:34.657+0800][info] GC(99) Humongous regions: 3->3
[2024-10-11T04:22:34.657+0800][info] GC(99) Metaspace: 1619K(1728K)->1619K(1728K) NonClass: 1483K(1536K)->1483K(1536K) Class: 135K(192K)->135K(192K)
[2024-10-11T04:22:34.657+0800][info] GC(99) Pause Young (Prepare Mixed) (G1 Evacuation Pause) 114M->114M(128M) 1.436ms
[2024-10-11T04:22:34.657+0800][info] GC(99) User=0.01s Sys=0.00s Real=0.00s
[2024-10-11T04:22:34.718+0800][info] GC(100) Pause Young (Mixed) (G1 Preventive Collection)
[2024-10-11T04:22:34.718+0800][info] GC(100) Using 3 workers of 48 for evacuation
[2024-10-11T04:22:34.720+0800][info] GC(100)   Pre Evacuate Collection Set: 0.2ms
[2024-10-11T04:22:34.720+0800][info] GC(100)   Merge Heap Roots: 0.1ms
[2024-10-11T04:22:34.720+0800][info] GC(100)   Evacuate Collection Set: 0.9ms
[2024-10-11T04:22:34.720+0800][info] GC(100)   Post Evacuate Collection Set: 0.2ms
[2024-10-11T04:22:34.720+0800][info] GC(100)   Other: 0.2ms
[2024-10-11T04:22:34.720+0800][info] GC(100) Eden regions: 1->0(2)
[2024-10-11T04:22:34.720+0800][info] GC(100) Survivor regions: 1->1(1)
[2024-10-11T04:22:34.720+0800][info] GC(100) Old regions: 53->48
[2024-10-11T04:22:34.720+0800][info] GC(100) Archive regions: 2->2
[2024-10-11T04:22:34.720+0800][info] GC(100) Humongous regions: 3->3
[2024-10-11T04:22:34.720+0800][info] GC(100) Metaspace: 1619K(1728K)->1619K(1728K) NonClass: 1483K(1536K)->1483K(1536K) Class: 135K(192K)->135K(192K)
[2024-10-11T04:22:34.720+0800][info] GC(100) Pause Young (Mixed) (G1 Preventive Collection) 116M->105M(128M) 1.678ms
[2024-10-11T04:22:34.720+0800][info] GC(100) User=0.00s Sys=0.00s Real=0.00s
[2024-10-11T04:22:34.822+0800][info] GC(101) Pause Young (Mixed) (G1 Evacuation Pause)
[2024-10-11T04:22:34.822+0800][info] GC(101) Using 3 workers of 48 for evacuation
[2024-10-11T04:22:34.824+0800][info] GC(101)   Pre Evacuate Collection Set: 0.2ms
[2024-10-11T04:22:34.824+0800][info] GC(101)   Merge Heap Roots: 0.1ms
[2024-10-11T04:22:34.824+0800][info] GC(101)   Evacuate Collection Set: 1.7ms
[2024-10-11T04:22:34.824+0800][info] GC(101)   Post Evacuate Collection Set: 0.2ms
[2024-10-11T04:22:34.824+0800][info] GC(101)   Other: 0.1ms
[2024-10-11T04:22:34.824+0800][info] GC(101) Eden regions: 2->0(2)
[2024-10-11T04:22:34.824+0800][info] GC(101) Survivor regions: 1->1(1)
[2024-10-11T04:22:34.824+0800][info] GC(101) Old regions: 48->47
[2024-10-11T04:22:34.824+0800][info] GC(101) Archive regions: 2->2
[2024-10-11T04:22:34.824+0800][info] GC(101) Humongous regions: 3->3
[2024-10-11T04:22:34.824+0800][info] GC(101) Metaspace: 1619K(1728K)->1619K(1728K) NonClass: 1483K(1536K)->1483K(1536K) Class: 135K(192K)->135K(192K)
[2024-10-11T04:22:34.824+0800][info] GC(101) Pause Young (Mixed) (G1 Evacuation Pause) 109M->103M(128M) 2.427ms
[2024-10-11T04:22:34.824+0800][info] GC(101) User=0.01s Sys=0.01s Real=0.00s
[2024-10-11T04:22:34.927+0800][info] GC(102) Pause Young (Mixed) (G1 Evacuation Pause)
[2024-10-11T04:22:34.927+0800][info] GC(102) Using 3 workers of 48 for evacuation
[2024-10-11T04:22:34.929+0800][info] GC(102)   Pre Evacuate Collection Set: 0.2ms
[2024-10-11T04:22:34.929+0800][info] GC(102)   Merge Heap Roots: 0.1ms
[2024-10-11T04:22:34.929+0800][info] GC(102)   Evacuate Collection Set: 1.8ms
[2024-10-11T04:22:34.929+0800][info] GC(102)   Post Evacuate Collection Set: 0.2ms
[2024-10-11T04:22:34.929+0800][info] GC(102)   Other: 0.1ms
[2024-10-11T04:22:34.929+0800][info] GC(102) Eden regions: 2->0(2)
[2024-10-11T04:22:34.929+0800][info] GC(102) Survivor regions: 1->1(1)
[2024-10-11T04:22:34.929+0800][info] GC(102) Old regions: 47->46
[2024-10-11T04:22:34.929+0800][info] GC(102) Archive regions: 2->2
[2024-10-11T04:22:34.929+0800][info] GC(102) Humongous regions: 3->3
[2024-10-11T04:22:34.929+0800][info] GC(102) Metaspace: 1619K(1728K)->1619K(1728K) NonClass: 1483K(1536K)->1483K(1536K) Class: 135K(192K)->135K(192K)
[2024-10-11T04:22:34.929+0800][info] GC(102) Pause Young (Mixed) (G1 Evacuation Pause) 106M->101M(128M) 2.499ms
[2024-10-11T04:22:34.929+0800][info] GC(102) User=0.00s Sys=0.00s Real=0.00s
[2024-10-11T04:22:35.031+0800][info] GC(103) Pause Young (Mixed) (G1 Evacuation Pause)
[2024-10-11T04:22:35.031+0800][info] GC(103) Using 3 workers of 48 for evacuation
[2024-10-11T04:22:35.034+0800][info] GC(103)   Pre Evacuate Collection Set: 0.2ms
[2024-10-11T04:22:35.034+0800][info] GC(103)   Merge Heap Roots: 0.1ms
[2024-10-11T04:22:35.034+0800][info] GC(103)   Evacuate Collection Set: 2.1ms
[2024-10-11T04:22:35.034+0800][info] GC(103)   Post Evacuate Collection Set: 0.2ms
[2024-10-11T04:22:35.034+0800][info] GC(103)   Other: 0.1ms
[2024-10-11T04:22:35.034+0800][info] GC(103) Eden regions: 2->0(2)
[2024-10-11T04:22:35.034+0800][info] GC(103) Survivor regions: 1->1(1)
[2024-10-11T04:22:35.034+0800][info] GC(103) Old regions: 46->46
[2024-10-11T04:22:35.034+0800][info] GC(103) Archive regions: 2->2
[2024-10-11T04:22:35.034+0800][info] GC(103) Humongous regions: 3->3
[2024-10-11T04:22:35.034+0800][info] GC(103) Metaspace: 1619K(1728K)->1619K(1728K) NonClass: 1483K(1536K)->1483K(1536K) Class: 135K(192K)->135K(192K)
[2024-10-11T04:22:35.034+0800][info] GC(103) Pause Young (Mixed) (G1 Evacuation Pause) 104M->100M(128M) 2.812ms
[2024-10-11T04:22:35.034+0800][info] GC(103) User=0.01s Sys=0.00s Real=0.01s
[2024-10-11T04:22:35.137+0800][info] GC(104) Pause Young (Mixed) (G1 Evacuation Pause)
[2024-10-11T04:22:35.137+0800][info] GC(104) Using 3 workers of 48 for evacuation
[2024-10-11T04:22:35.138+0800][info] GC(104)   Pre Evacuate Collection Set: 0.2ms
[2024-10-11T04:22:35.138+0800][info] GC(104)   Merge Heap Roots: 0.0ms
[2024-10-11T04:22:35.138+0800][info] GC(104)   Evacuate Collection Set: 1.0ms
[2024-10-11T04:22:35.138+0800][info] GC(104)   Post Evacuate Collection Set: 0.2ms
[2024-10-11T04:22:35.138+0800][info] GC(104)   Other: 0.1ms
[2024-10-11T04:22:35.138+0800][info] GC(104) Eden regions: 2->0(2)
[2024-10-11T04:22:35.138+0800][info] GC(104) Survivor regions: 1->1(1)
[2024-10-11T04:22:35.138+0800][info] GC(104) Old regions: 46->47
[2024-10-11T04:22:35.138+0800][info] GC(104) Archive regions: 2->2
[2024-10-11T04:22:35.138+0800][info] GC(104) Humongous regions: 3->3
[2024-10-11T04:22:35.138+0800][info] GC(104) Metaspace: 1622K(1728K)->1622K(1728K) NonClass: 1486K(1536K)->1486K(1536K) Class: 135K(192K)->135K(192K)
[2024-10-11T04:22:35.138+0800][info] GC(104) Pause Young (Mixed) (G1 Evacuation Pause) 103M->103M(128M) 1.654ms
[2024-10-11T04:22:35.138+0800][info] GC(104) User=0.00s Sys=0.00s Real=0.00s
[2024-10-11T04:22:35.240+0800][info] GC(105) Pause Young (Normal) (G1 Evacuation Pause)
[2024-10-11T04:22:35.240+0800][info] GC(105) Using 3 workers of 48 for evacuation
[2024-10-11T04:22:35.242+0800][info] GC(105)   Pre Evacuate Collection Set: 0.1ms
[2024-10-11T04:22:35.242+0800][info] GC(105)   Merge Heap Roots: 0.1ms
[2024-10-11T04:22:35.242+0800][info] GC(105)   Evacuate Collection Set: 0.7ms
[2024-10-11T04:22:35.242+0800][info] GC(105)   Post Evacuate Collection Set: 0.2ms
[2024-10-11T04:22:35.242+0800][info] GC(105)   Other: 0.2ms
[2024-10-11T04:22:35.242+0800][info] GC(105) Eden regions: 2->0(2)
[2024-10-11T04:22:35.242+0800][info] GC(105) Survivor regions: 1->1(1)
[2024-10-11T04:22:35.242+0800][info] GC(105) Old regions: 47->49
[2024-10-11T04:22:35.242+0800][info] GC(105) Archive regions: 2->2
[2024-10-11T04:22:35.242+0800][info] GC(105) Humongous regions: 3->3
[2024-10-11T04:22:35.242+0800][info] GC(105) Metaspace: 1622K(1728K)->1622K(1728K) NonClass: 1486K(1536K)->1486K(1536K) Class: 135K(192K)->135K(192K)
[2024-10-11T04:22:35.242+0800][info] GC(105) Pause Young (Normal) (G1 Evacuation Pause) 106M->107M(128M) 1.417ms
[2024-10-11T04:22:35.242+0800][info] GC(105) User=0.01s Sys=0.00s Real=0.00s
[2024-10-11T04:22:35.344+0800][info] GC(106) Pause Young (Concurrent Start) (G1 Evacuation Pause)
[2024-10-11T04:22:35.344+0800][info] GC(106) Using 3 workers of 48 for evacuation
[2024-10-11T04:22:35.346+0800][info] GC(106)   Pre Evacuate Collection Set: 0.1ms
[2024-10-11T04:22:35.346+0800][info] GC(106)   Merge Heap Roots: 0.0ms
[2024-10-11T04:22:35.346+0800][info] GC(106)   Evacuate Collection Set: 0.8ms
[2024-10-11T04:22:35.346+0800][info] GC(106)   Post Evacuate Collection Set: 0.2ms
[2024-10-11T04:22:35.346+0800][info] GC(106)   Other: 0.3ms
[2024-10-11T04:22:35.346+0800][info] GC(106) Eden regions: 2->0(2)
[2024-10-11T04:22:35.346+0800][info] GC(106) Survivor regions: 1->1(1)
[2024-10-11T04:22:35.346+0800][info] GC(106) Old regions: 49->51
[2024-10-11T04:22:35.346+0800][info] GC(106) Archive regions: 2->2
[2024-10-11T04:22:35.346+0800][info] GC(106) Humongous regions: 3->3
[2024-10-11T04:22:35.346+0800][info] GC(106) Metaspace: 1622K(1728K)->1622K(1728K) NonClass: 1486K(1536K)->1486K(1536K) Class: 135K(192K)->135K(192K)
[2024-10-11T04:22:35.346+0800][info] GC(106) Pause Young (Concurrent Start) (G1 Evacuation Pause) 110M->110M(128M) 1.640ms
[2024-10-11T04:22:35.346+0800][info] GC(106) User=0.00s Sys=0.00s Real=0.01s
[2024-10-11T04:22:35.346+0800][info] GC(107) Concurrent Mark Cycle
[2024-10-11T04:22:35.346+0800][info] GC(107) Concurrent Clear Claimed Marks
[2024-10-11T04:22:35.346+0800][info] GC(107) Concurrent Clear Claimed Marks 0.016ms
[2024-10-11T04:22:35.346+0800][info] GC(107) Concurrent Scan Root Regions
[2024-10-11T04:22:35.346+0800][info] GC(107) Concurrent Scan Root Regions 0.104ms
[2024-10-11T04:22:35.346+0800][info] GC(107) Concurrent Mark
[2024-10-11T04:22:35.346+0800][info] GC(107) Concurrent Mark From Roots
[2024-10-11T04:22:35.346+0800][info] GC(107) Using 12 workers of 12 for marking
[2024-10-11T04:22:35.350+0800][info] GC(107) Concurrent Mark From Roots 3.621ms
[2024-10-11T04:22:35.350+0800][info] GC(107) Concurrent Preclean
[2024-10-11T04:22:35.352+0800][info] GC(107) Concurrent Preclean 1.658ms
[2024-10-11T04:22:35.352+0800][info] GC(107) Pause Remark
[2024-10-11T04:22:35.353+0800][info] GC(107) Pause Remark 111M->109M(128M) 1.183ms
[2024-10-11T04:22:35.353+0800][info] GC(107) User=0.00s Sys=0.00s Real=0.00s
[2024-10-11T04:22:35.353+0800][info] GC(107) Concurrent Mark 6.594ms
[2024-10-11T04:22:35.353+0800][info] GC(107) Concurrent Rebuild Remembered Sets
[2024-10-11T04:22:35.354+0800][info] GC(107) Concurrent Rebuild Remembered Sets 1.533ms
[2024-10-11T04:22:35.354+0800][info] GC(107) Pause Cleanup
[2024-10-11T04:22:35.355+0800][info] GC(107) Pause Cleanup 109M->109M(128M) 0.142ms
[2024-10-11T04:22:35.355+0800][info] GC(107) User=0.00s Sys=0.00s Real=0.00s
[2024-10-11T04:22:35.355+0800][info] GC(107) Concurrent Cleanup for Next Mark
[2024-10-11T04:22:35.355+0800][info] GC(107) Concurrent Cleanup for Next Mark 0.393ms
[2024-10-11T04:22:35.355+0800][info] GC(107) Concurrent Mark Cycle 9.021ms
[2024-10-11T04:22:35.499+0800][info] GC(108) Pause Young (Prepare Mixed) (G1 Evacuation Pause)
[2024-10-11T04:22:35.499+0800][info] GC(108) Using 3 workers of 48 for evacuation
[2024-10-11T04:22:35.501+0800][info] GC(108)   Pre Evacuate Collection Set: 0.1ms
[2024-10-11T04:22:35.501+0800][info] GC(108)   Merge Heap Roots: 0.1ms
[2024-10-11T04:22:35.501+0800][info] GC(108)   Evacuate Collection Set: 0.9ms
[2024-10-11T04:22:35.501+0800][info] GC(108)   Post Evacuate Collection Set: 0.2ms
[2024-10-11T04:22:35.501+0800][info] GC(108)   Other: 0.2ms
[2024-10-11T04:22:35.501+0800][info] GC(108) Eden regions: 2->0(2)
[2024-10-11T04:22:35.501+0800][info] GC(108) Survivor regions: 1->1(1)
[2024-10-11T04:22:35.501+0800][info] GC(108) Old regions: 50->52
[2024-10-11T04:22:35.501+0800][info] GC(108) Archive regions: 2->2
[2024-10-11T04:22:35.501+0800][info] GC(108) Humongous regions: 3->3
[2024-10-11T04:22:35.501+0800][info] GC(108) Metaspace: 1622K(1728K)->1622K(1728K) NonClass: 1486K(1536K)->1486K(1536K) Class: 135K(192K)->135K(192K)
[2024-10-11T04:22:35.501+0800][info] GC(108) Pause Young (Prepare Mixed) (G1 Evacuation Pause) 112M->113M(128M) 1.558ms
[2024-10-11T04:22:35.501+0800][info] GC(108) User=0.00s Sys=0.00s Real=0.00s
[2024-10-11T04:22:35.604+0800][info] GC(109) Pause Young (Mixed) (G1 Preventive Collection)
[2024-10-11T04:22:35.604+0800][info] GC(109) Using 3 workers of 48 for evacuation
[2024-10-11T04:22:35.606+0800][info] GC(109) To-space exhausted
[2024-10-11T04:22:35.606+0800][info] GC(109)   Pre Evacuate Collection Set: 0.2ms
[2024-10-11T04:22:35.606+0800][info] GC(109)   Merge Heap Roots: 0.1ms
[2024-10-11T04:22:35.606+0800][info] GC(109)   Evacuate Collection Set: 1.1ms
[2024-10-11T04:22:35.606+0800][info] GC(109)   Post Evacuate Collection Set: 0.2ms
[2024-10-11T04:22:35.606+0800][info] GC(109)   Other: 0.2ms
[2024-10-11T04:22:35.606+0800][info] GC(109) Eden regions: 2->0(2)
[2024-10-11T04:22:35.606+0800][info] GC(109) Survivor regions: 1->1(1)
[2024-10-11T04:22:35.606+0800][info] GC(109) Old regions: 52->51
[2024-10-11T04:22:35.606+0800][info] GC(109) Archive regions: 2->2
[2024-10-11T04:22:35.606+0800][info] GC(109) Humongous regions: 3->3
[2024-10-11T04:22:35.606+0800][info] GC(109) Metaspace: 1622K(1728K)->1622K(1728K) NonClass: 1486K(1536K)->1486K(1536K) Class: 135K(192K)->135K(192K)
[2024-10-11T04:22:35.606+0800][info] GC(109) Pause Young (Mixed) (G1 Preventive Collection) 116M->111M(128M) 1.810ms
[2024-10-11T04:22:35.606+0800][info] GC(109) User=0.00s Sys=0.00s Real=0.01s
[2024-10-11T04:22:35.708+0800][info] GC(110) Pause Young (Mixed) (G1 Preventive Collection)
[2024-10-11T04:22:35.708+0800][info] GC(110) Using 3 workers of 48 for evacuation
[2024-10-11T04:22:35.710+0800][info] GC(110) To-space exhausted
[2024-10-11T04:22:35.710+0800][info] GC(110)   Pre Evacuate Collection Set: 0.2ms
[2024-10-11T04:22:35.710+0800][info] GC(110)   Merge Heap Roots: 0.1ms
[2024-10-11T04:22:35.710+0800][info] GC(110)   Evacuate Collection Set: 1.4ms
[2024-10-11T04:22:35.710+0800][info] GC(110)   Post Evacuate Collection Set: 0.3ms
[2024-10-11T04:22:35.710+0800][info] GC(110)   Other: 0.1ms
[2024-10-11T04:22:35.710+0800][info] GC(110) Eden regions: 2->0(2)
[2024-10-11T04:22:35.710+0800][info] GC(110) Survivor regions: 1->1(1)
[2024-10-11T04:22:35.710+0800][info] GC(110) Old regions: 51->55
[2024-10-11T04:22:35.710+0800][info] GC(110) Archive regions: 2->2
[2024-10-11T04:22:35.710+0800][info] GC(110) Humongous regions: 3->3
[2024-10-11T04:22:35.710+0800][info] GC(110) Metaspace: 1622K(1728K)->1622K(1728K) NonClass: 1486K(1536K)->1486K(1536K) Class: 135K(192K)->135K(192K)
[2024-10-11T04:22:35.710+0800][info] GC(110) Pause Young (Mixed) (G1 Preventive Collection) 115M->119M(128M) 2.191ms
[2024-10-11T04:22:35.710+0800][info] GC(110) User=0.01s Sys=0.00s Real=0.00s
[2024-10-11T04:22:35.772+0800][info] GC(111) Pause Young (Mixed) (G1 Preventive Collection)
[2024-10-11T04:22:35.772+0800][info] GC(111) Using 3 workers of 48 for evacuation
[2024-10-11T04:22:35.773+0800][info] GC(111) To-space exhausted
[2024-10-11T04:22:35.773+0800][info] GC(111)   Pre Evacuate Collection Set: 0.2ms
[2024-10-11T04:22:35.773+0800][info] GC(111)   Merge Heap Roots: 0.1ms
[2024-10-11T04:22:35.773+0800][info] GC(111)   Evacuate Collection Set: 0.7ms
[2024-10-11T04:22:35.773+0800][info] GC(111)   Post Evacuate Collection Set: 0.2ms
[2024-10-11T04:22:35.773+0800][info] GC(111)   Other: 0.1ms
[2024-10-11T04:22:35.773+0800][info] GC(111) Eden regions: 1->0(2)
[2024-10-11T04:22:35.774+0800][info] GC(111) Survivor regions: 1->1(1)
[2024-10-11T04:22:35.774+0800][info] GC(111) Old regions: 55->57
[2024-10-11T04:22:35.774+0800][info] GC(111) Archive regions: 2->2
[2024-10-11T04:22:35.774+0800][info] GC(111) Humongous regions: 3->3
[2024-10-11T04:22:35.774+0800][info] GC(111) Metaspace: 1622K(1728K)->1622K(1728K) NonClass: 1486K(1536K)->1486K(1536K) Class: 135K(192K)->135K(192K)
[2024-10-11T04:22:35.774+0800][info] GC(111) Pause Young (Mixed) (G1 Preventive Collection) 121M->123M(128M) 1.463ms
[2024-10-11T04:22:35.774+0800][info] GC(111) User=0.01s Sys=0.00s Real=0.01s
[2024-10-11T04:22:35.815+0800][info] GC(112) Pause Young (Mixed) (G1 Evacuation Pause)
[2024-10-11T04:22:35.815+0800][info] GC(112) Using 3 workers of 48 for evacuation
[2024-10-11T04:22:35.816+0800][info] GC(112) To-space exhausted
[2024-10-11T04:22:35.816+0800][info] GC(112)   Pre Evacuate Collection Set: 0.2ms
[2024-10-11T04:22:35.816+0800][info] GC(112)   Merge Heap Roots: 0.1ms
[2024-10-11T04:22:35.816+0800][info] GC(112)   Evacuate Collection Set: 0.3ms
[2024-10-11T04:22:35.816+0800][info] GC(112)   Post Evacuate Collection Set: 0.6ms
[2024-10-11T04:22:35.816+0800][info] GC(112)   Other: 0.1ms
[2024-10-11T04:22:35.816+0800][info] GC(112) Eden regions: 1->0(3)
[2024-10-11T04:22:35.816+0800][info] GC(112) Survivor regions: 1->0(0)
[2024-10-11T04:22:35.816+0800][info] GC(112) Old regions: 57->59
[2024-10-11T04:22:35.816+0800][info] GC(112) Archive regions: 2->2
[2024-10-11T04:22:35.816+0800][info] GC(112) Humongous regions: 3->3
[2024-10-11T04:22:35.816+0800][info] GC(112) Metaspace: 1622K(1728K)->1622K(1728K) NonClass: 1486K(1536K)->1486K(1536K) Class: 135K(192K)->135K(192K)
[2024-10-11T04:22:35.816+0800][info] GC(112) Pause Young (Mixed) (G1 Evacuation Pause) 125M->125M(128M) 1.372ms
[2024-10-11T04:22:35.816+0800][info] GC(112) User=0.00s Sys=0.00s Real=0.00s
[2024-10-11T04:22:35.816+0800][info] Attempting full compaction
[2024-10-11T04:22:35.816+0800][info] GC(113) Using 3 workers of 48 for full compaction
[2024-10-11T04:22:35.816+0800][info] GC(113) Pause Full (G1 Compaction Pause)
[2024-10-11T04:22:35.816+0800][info] GC(113) Phase 1: Mark live objects
[2024-10-11T04:22:35.820+0800][info] GC(113) Phase 1: Mark live objects 3.938ms
[2024-10-11T04:22:35.820+0800][info] GC(113) Phase 2: Prepare for compaction
[2024-10-11T04:22:35.821+0800][info] GC(113) Phase 2: Prepare for compaction 0.645ms
[2024-10-11T04:22:35.821+0800][info] GC(113) Phase 3: Adjust pointers
[2024-10-11T04:22:35.822+0800][info] GC(113) Phase 3: Adjust pointers 1.483ms
[2024-10-11T04:22:35.822+0800][info] GC(113) Phase 4: Compact heap
[2024-10-11T04:22:35.835+0800][info] GC(113) Phase 4: Compact heap 12.076ms
[2024-10-11T04:22:35.836+0800][info] GC(113) Eden regions: 0->0(4)
[2024-10-11T04:22:35.836+0800][info] GC(113) Survivor regions: 0->0(0)
[2024-10-11T04:22:35.836+0800][info] GC(113) Old regions: 59->38
[2024-10-11T04:22:35.836+0800][info] GC(113) Archive regions: 2->2
[2024-10-11T04:22:35.836+0800][info] GC(113) Humongous regions: 3->3
[2024-10-11T04:22:35.836+0800][info] GC(113) Metaspace: 1622K(1728K)->1571K(1728K) NonClass: 1486K(1536K)->1447K(1536K) Class: 135K(192K)->124K(192K)
[2024-10-11T04:22:35.836+0800][info] GC(113) Pause Full (G1 Compaction Pause) 125M->71M(128M) 19.794ms
[2024-10-11T04:22:35.836+0800][info] GC(113) User=0.04s Sys=0.00s Real=0.02s
[2024-10-11T04:22:36.062+0800][info] GC(114) Pause Young (Normal) (G1 Evacuation Pause)
[2024-10-11T04:22:36.062+0800][info] GC(114) Using 3 workers of 48 for evacuation
[2024-10-11T04:22:36.063+0800][info] GC(114)   Pre Evacuate Collection Set: 0.1ms
[2024-10-11T04:22:36.063+0800][info] GC(114)   Merge Heap Roots: 0.0ms
[2024-10-11T04:22:36.063+0800][info] GC(114)   Evacuate Collection Set: 1.1ms
[2024-10-11T04:22:36.063+0800][info] GC(114)   Post Evacuate Collection Set: 0.2ms
[2024-10-11T04:22:36.063+0800][info] GC(114)   Other: 0.2ms
[2024-10-11T04:22:36.063+0800][info] GC(114) Eden regions: 4->0(2)
[2024-10-11T04:22:36.064+0800][info] GC(114) Survivor regions: 0->1(1)
[2024-10-11T04:22:36.064+0800][info] GC(114) Old regions: 38->42
[2024-10-11T04:22:36.064+0800][info] GC(114) Archive regions: 2->2
[2024-10-11T04:22:36.064+0800][info] GC(114) Humongous regions: 3->3
[2024-10-11T04:22:36.064+0800][info] GC(114) Metaspace: 1583K(1792K)->1583K(1792K) NonClass: 1459K(1600K)->1459K(1600K) Class: 124K(192K)->124K(192K)
[2024-10-11T04:22:36.064+0800][info] GC(114) Pause Young (Normal) (G1 Evacuation Pause) 79M->80M(128M) 1.814ms
[2024-10-11T04:22:36.064+0800][info] GC(114) User=0.00s Sys=0.00s Real=0.00s
[2024-10-11T04:22:36.166+0800][info] GC(115) Pause Young (Normal) (G1 Evacuation Pause)
[2024-10-11T04:22:36.166+0800][info] GC(115) Using 3 workers of 48 for evacuation
[2024-10-11T04:22:36.167+0800][info] GC(115)   Pre Evacuate Collection Set: 0.1ms
[2024-10-11T04:22:36.167+0800][info] GC(115)   Merge Heap Roots: 0.0ms
[2024-10-11T04:22:36.167+0800][info] GC(115)   Evacuate Collection Set: 0.7ms
[2024-10-11T04:22:36.167+0800][info] GC(115)   Post Evacuate Collection Set: 0.2ms
[2024-10-11T04:22:36.167+0800][info] GC(115)   Other: 0.2ms
[2024-10-11T04:22:36.167+0800][info] GC(115) Eden regions: 2->0(2)
[2024-10-11T04:22:36.167+0800][info] GC(115) Survivor regions: 1->1(1)
[2024-10-11T04:22:36.167+0800][info] GC(115) Old regions: 42->44
[2024-10-11T04:22:36.167+0800][info] GC(115) Archive regions: 2->2
[2024-10-11T04:22:36.167+0800][info] GC(115) Humongous regions: 3->3
[2024-10-11T04:22:36.167+0800][info] GC(115) Metaspace: 1583K(1792K)->1583K(1792K) NonClass: 1459K(1600K)->1459K(1600K) Class: 124K(192K)->124K(192K)
[2024-10-11T04:22:36.167+0800][info] GC(115) Pause Young (Normal) (G1 Evacuation Pause) 84M->84M(128M) 1.332ms
[2024-10-11T04:22:36.167+0800][info] GC(115) User=0.01s Sys=0.00s Real=0.00s
[2024-10-11T04:22:36.270+0800][info] GC(116) Pause Young (Normal) (G1 Evacuation Pause)
[2024-10-11T04:22:36.270+0800][info] GC(116) Using 3 workers of 48 for evacuation
[2024-10-11T04:22:36.271+0800][info] GC(116)   Pre Evacuate Collection Set: 0.1ms
[2024-10-11T04:22:36.271+0800][info] GC(116)   Merge Heap Roots: 0.0ms
[2024-10-11T04:22:36.271+0800][info] GC(116)   Evacuate Collection Set: 0.7ms
[2024-10-11T04:22:36.271+0800][info] GC(116)   Post Evacuate Collection Set: 0.2ms
[2024-10-11T04:22:36.271+0800][info] GC(116)   Other: 0.2ms
[2024-10-11T04:22:36.271+0800][info] GC(116) Eden regions: 2->0(2)
[2024-10-11T04:22:36.271+0800][info] GC(116) Survivor regions: 1->1(1)
[2024-10-11T04:22:36.271+0800][info] GC(116) Old regions: 44->46
[2024-10-11T04:22:36.271+0800][info] GC(116) Archive regions: 2->2
[2024-10-11T04:22:36.271+0800][info] GC(116) Humongous regions: 3->3
[2024-10-11T04:22:36.271+0800][info] GC(116) Metaspace: 1583K(1792K)->1583K(1792K) NonClass: 1459K(1600K)->1459K(1600K) Class: 124K(192K)->124K(192K)
[2024-10-11T04:22:36.271+0800][info] GC(116) Pause Young (Normal) (G1 Evacuation Pause) 87M->88M(128M) 1.336ms
[2024-10-11T04:22:36.271+0800][info] GC(116) User=0.00s Sys=0.00s Real=0.00s
[2024-10-11T04:22:36.373+0800][info] GC(117) Pause Young (Concurrent Start) (G1 Evacuation Pause)
[2024-10-11T04:22:36.373+0800][info] GC(117) Using 3 workers of 48 for evacuation
[2024-10-11T04:22:36.375+0800][info] GC(117)   Pre Evacuate Collection Set: 0.1ms
[2024-10-11T04:22:36.375+0800][info] GC(117)   Merge Heap Roots: 0.0ms
[2024-10-11T04:22:36.375+0800][info] GC(117)   Evacuate Collection Set: 0.9ms
[2024-10-11T04:22:36.375+0800][info] GC(117)   Post Evacuate Collection Set: 0.2ms
[2024-10-11T04:22:36.375+0800][info] GC(117)   Other: 0.4ms
[2024-10-11T04:22:36.375+0800][info] GC(117) Eden regions: 2->0(2)
[2024-10-11T04:22:36.375+0800][info] GC(117) Survivor regions: 1->1(1)
[2024-10-11T04:22:36.375+0800][info] GC(117) Old regions: 46->48
[2024-10-11T04:22:36.375+0800][info] GC(117) Archive regions: 2->2
[2024-10-11T04:22:36.375+0800][info] GC(117) Humongous regions: 3->3
[2024-10-11T04:22:36.375+0800][info] GC(117) Metaspace: 1583K(1792K)->1583K(1792K) NonClass: 1459K(1600K)->1459K(1600K) Class: 124K(192K)->124K(192K)
[2024-10-11T04:22:36.375+0800][info] GC(117) Pause Young (Concurrent Start) (G1 Evacuation Pause) 91M->92M(128M) 1.745ms
[2024-10-11T04:22:36.375+0800][info] GC(117) User=0.00s Sys=0.01s Real=0.00s
[2024-10-11T04:22:36.375+0800][info] GC(118) Concurrent Mark Cycle
[2024-10-11T04:22:36.375+0800][info] GC(118) Concurrent Clear Claimed Marks
[2024-10-11T04:22:36.375+0800][info] GC(118) Concurrent Clear Claimed Marks 0.015ms
[2024-10-11T04:22:36.375+0800][info] GC(118) Concurrent Scan Root Regions
[2024-10-11T04:22:36.375+0800][info] GC(118) Concurrent Scan Root Regions 0.146ms
[2024-10-11T04:22:36.375+0800][info] GC(118) Concurrent Mark
[2024-10-11T04:22:36.375+0800][info] GC(118) Concurrent Mark From Roots
[2024-10-11T04:22:36.375+0800][info] GC(118) Using 12 workers of 12 for marking
[2024-10-11T04:22:36.380+0800][info] GC(118) Concurrent Mark From Roots 4.413ms
[2024-10-11T04:22:36.380+0800][info] GC(118) Concurrent Preclean
[2024-10-11T04:22:36.381+0800][info] GC(118) Concurrent Preclean 1.701ms
[2024-10-11T04:22:36.381+0800][info] GC(118) Pause Remark
[2024-10-11T04:22:36.383+0800][info] GC(118) Pause Remark 94M->94M(128M) 1.408ms
[2024-10-11T04:22:36.383+0800][info] GC(118) User=0.00s Sys=0.01s Real=0.00s
[2024-10-11T04:22:36.383+0800][info] GC(118) Concurrent Mark 7.764ms
[2024-10-11T04:22:36.383+0800][info] GC(118) Concurrent Rebuild Remembered Sets
[2024-10-11T04:22:36.385+0800][info] GC(118) Concurrent Rebuild Remembered Sets 1.573ms
[2024-10-11T04:22:36.385+0800][info] GC(118) Pause Cleanup
[2024-10-11T04:22:36.385+0800][info] GC(118) Pause Cleanup 94M->94M(128M) 0.240ms
[2024-10-11T04:22:36.385+0800][info] GC(118) User=0.00s Sys=0.00s Real=0.00s
[2024-10-11T04:22:36.385+0800][info] GC(118) Concurrent Cleanup for Next Mark
[2024-10-11T04:22:36.385+0800][info] GC(118) Concurrent Cleanup for Next Mark 0.366ms
[2024-10-11T04:22:36.385+0800][info] GC(118) Concurrent Mark Cycle 10.411ms
[2024-10-11T04:22:36.529+0800][info] GC(119) Pause Young (Prepare Mixed) (G1 Evacuation Pause)
[2024-10-11T04:22:36.529+0800][info] GC(119) Using 3 workers of 48 for evacuation
[2024-10-11T04:22:36.531+0800][info] GC(119)   Pre Evacuate Collection Set: 0.1ms
[2024-10-11T04:22:36.531+0800][info] GC(119)   Merge Heap Roots: 0.1ms
[2024-10-11T04:22:36.531+0800][info] GC(119)   Evacuate Collection Set: 0.9ms
[2024-10-11T04:22:36.531+0800][info] GC(119)   Post Evacuate Collection Set: 0.2ms
[2024-10-11T04:22:36.531+0800][info] GC(119)   Other: 0.2ms
[2024-10-11T04:22:36.531+0800][info] GC(119) Eden regions: 2->0(2)
[2024-10-11T04:22:36.531+0800][info] GC(119) Survivor regions: 1->1(1)
[2024-10-11T04:22:36.531+0800][info] GC(119) Old regions: 48->50
[2024-10-11T04:22:36.531+0800][info] GC(119) Archive regions: 2->2
[2024-10-11T04:22:36.531+0800][info] GC(119) Humongous regions: 4->3
[2024-10-11T04:22:36.531+0800][info] GC(119) Metaspace: 1583K(1792K)->1583K(1792K) NonClass: 1459K(1600K)->1459K(1600K) Class: 124K(192K)->124K(192K)
[2024-10-11T04:22:36.531+0800][info] GC(119) Pause Young (Prepare Mixed) (G1 Evacuation Pause) 97M->96M(128M) 1.628ms
[2024-10-11T04:22:36.531+0800][info] GC(119) User=0.00s Sys=0.00s Real=0.00s
[2024-10-11T04:22:36.633+0800][info] GC(120) Pause Young (Mixed) (G1 Preventive Collection)
[2024-10-11T04:22:36.633+0800][info] GC(120) Using 3 workers of 48 for evacuation
[2024-10-11T04:22:36.635+0800][info] GC(120)   Pre Evacuate Collection Set: 0.2ms
[2024-10-11T04:22:36.635+0800][info] GC(120)   Merge Heap Roots: 0.1ms
[2024-10-11T04:22:36.635+0800][info] GC(120)   Evacuate Collection Set: 1.4ms
[2024-10-11T04:22:36.635+0800][info] GC(120)   Post Evacuate Collection Set: 0.2ms
[2024-10-11T04:22:36.635+0800][info] GC(120)   Other: 0.3ms
[2024-10-11T04:22:36.635+0800][info] GC(120) Eden regions: 2->0(2)
[2024-10-11T04:22:36.635+0800][info] GC(120) Survivor regions: 1->1(1)
[2024-10-11T04:22:36.635+0800][info] GC(120) Old regions: 50->47
[2024-10-11T04:22:36.635+0800][info] GC(120) Archive regions: 2->2
[2024-10-11T04:22:36.635+0800][info] GC(120) Humongous regions: 3->3
[2024-10-11T04:22:36.635+0800][info] GC(120) Metaspace: 1583K(1792K)->1583K(1792K) NonClass: 1459K(1600K)->1459K(1600K) Class: 124K(192K)->124K(192K)
[2024-10-11T04:22:36.635+0800][info] GC(120) Pause Young (Mixed) (G1 Preventive Collection) 99M->92M(128M) 2.223ms
[2024-10-11T04:22:36.635+0800][info] GC(120) User=0.01s Sys=0.00s Real=0.01s
[2024-10-11T04:22:36.738+0800][info] GC(121) Pause Young (Mixed) (G1 Evacuation Pause)
[2024-10-11T04:22:36.738+0800][info] GC(121) Using 3 workers of 48 for evacuation
[2024-10-11T04:22:36.740+0800][info] GC(121)   Pre Evacuate Collection Set: 0.2ms
[2024-10-11T04:22:36.740+0800][info] GC(121)   Merge Heap Roots: 0.1ms
[2024-10-11T04:22:36.740+0800][info] GC(121)   Evacuate Collection Set: 1.7ms
[2024-10-11T04:22:36.740+0800][info] GC(121)   Post Evacuate Collection Set: 0.2ms
[2024-10-11T04:22:36.740+0800][info] GC(121)   Other: 0.1ms
[2024-10-11T04:22:36.740+0800][info] GC(121) Eden regions: 2->0(2)
[2024-10-11T04:22:36.740+0800][info] GC(121) Survivor regions: 1->1(1)
[2024-10-11T04:22:36.740+0800][info] GC(121) Old regions: 47->46
[2024-10-11T04:22:36.740+0800][info] GC(121) Archive regions: 2->2
[2024-10-11T04:22:36.740+0800][info] GC(121) Humongous regions: 3->3
[2024-10-11T04:22:36.740+0800][info] GC(121) Metaspace: 1583K(1792K)->1583K(1792K) NonClass: 1459K(1600K)->1459K(1600K) Class: 124K(192K)->124K(192K)
[2024-10-11T04:22:36.740+0800][info] GC(121) Pause Young (Mixed) (G1 Evacuation Pause) 96M->93M(128M) 2.429ms
[2024-10-11T04:22:36.740+0800][info] GC(121) User=0.01s Sys=0.00s Real=0.00s
[2024-10-11T04:22:36.842+0800][info] GC(122) Pause Young (Mixed) (G1 Evacuation Pause)
[2024-10-11T04:22:36.842+0800][info] GC(122) Using 3 workers of 48 for evacuation
[2024-10-11T04:22:36.845+0800][info] GC(122)   Pre Evacuate Collection Set: 0.2ms
[2024-10-11T04:22:36.845+0800][info] GC(122)   Merge Heap Roots: 0.1ms
[2024-10-11T04:22:36.845+0800][info] GC(122)   Evacuate Collection Set: 1.9ms
[2024-10-11T04:22:36.845+0800][info] GC(122)   Post Evacuate Collection Set: 0.2ms
[2024-10-11T04:22:36.845+0800][info] GC(122)   Other: 0.1ms
[2024-10-11T04:22:36.845+0800][info] GC(122) Eden regions: 2->0(2)
[2024-10-11T04:22:36.845+0800][info] GC(122) Survivor regions: 1->1(1)
[2024-10-11T04:22:36.845+0800][info] GC(122) Old regions: 46->46
[2024-10-11T04:22:36.845+0800][info] GC(122) Archive regions: 2->2
[2024-10-11T04:22:36.845+0800][info] GC(122) Humongous regions: 3->3
[2024-10-11T04:22:36.845+0800][info] GC(122) Metaspace: 1583K(1792K)->1583K(1792K) NonClass: 1459K(1600K)->1459K(1600K) Class: 124K(192K)->124K(192K)
[2024-10-11T04:22:36.845+0800][info] GC(122) Pause Young (Mixed) (G1 Evacuation Pause) 97M->94M(128M) 2.618ms
[2024-10-11T04:22:36.845+0800][info] GC(122) User=0.00s Sys=0.00s Real=0.00s
[2024-10-11T04:22:36.948+0800][info] GC(123) Pause Young (Mixed) (G1 Evacuation Pause)
[2024-10-11T04:22:36.948+0800][info] GC(123) Using 3 workers of 48 for evacuation
[2024-10-11T04:22:36.950+0800][info] GC(123)   Pre Evacuate Collection Set: 0.2ms
[2024-10-11T04:22:36.950+0800][info] GC(123)   Merge Heap Roots: 0.1ms
[2024-10-11T04:22:36.950+0800][info] GC(123)   Evacuate Collection Set: 1.5ms
[2024-10-11T04:22:36.950+0800][info] GC(123)   Post Evacuate Collection Set: 0.2ms
[2024-10-11T04:22:36.950+0800][info] GC(123)   Other: 0.1ms
[2024-10-11T04:22:36.950+0800][info] GC(123) Eden regions: 2->0(2)
[2024-10-11T04:22:36.950+0800][info] GC(123) Survivor regions: 1->1(1)
[2024-10-11T04:22:36.950+0800][info] GC(123) Old regions: 46->47
[2024-10-11T04:22:36.950+0800][info] GC(123) Archive regions: 2->2
[2024-10-11T04:22:36.950+0800][info] GC(123) Humongous regions: 3->3
[2024-10-11T04:22:36.950+0800][info] GC(123) Metaspace: 1583K(1792K)->1583K(1792K) NonClass: 1459K(1600K)->1459K(1600K) Class: 124K(192K)->124K(192K)
[2024-10-11T04:22:36.950+0800][info] GC(123) Pause Young (Mixed) (G1 Evacuation Pause) 98M->97M(128M) 2.182ms
[2024-10-11T04:22:36.950+0800][info] GC(123) User=0.00s Sys=0.00s Real=0.00s
[2024-10-11T04:22:37.052+0800][info] GC(124) Pause Young (Normal) (G1 Evacuation Pause)
[2024-10-11T04:22:37.052+0800][info] GC(124) Using 3 workers of 48 for evacuation
[2024-10-11T04:22:37.053+0800][info] GC(124)   Pre Evacuate Collection Set: 0.1ms
[2024-10-11T04:22:37.053+0800][info] GC(124)   Merge Heap Roots: 0.0ms
[2024-10-11T04:22:37.053+0800][info] GC(124)   Evacuate Collection Set: 0.6ms
[2024-10-11T04:22:37.053+0800][info] GC(124)   Post Evacuate Collection Set: 0.2ms
[2024-10-11T04:22:37.053+0800][info] GC(124)   Other: 0.2ms
[2024-10-11T04:22:37.053+0800][info] GC(124) Eden regions: 2->0(2)
[2024-10-11T04:22:37.053+0800][info] GC(124) Survivor regions: 1->1(1)
[2024-10-11T04:22:37.053+0800][info] GC(124) Old regions: 47->48
[2024-10-11T04:22:37.053+0800][info] GC(124) Archive regions: 2->2
[2024-10-11T04:22:37.053+0800][info] GC(124) Humongous regions: 3->3
[2024-10-11T04:22:37.053+0800][info] GC(124) Metaspace: 1587K(1792K)->1587K(1792K) NonClass: 1463K(1600K)->1463K(1600K) Class: 124K(192K)->124K(192K)
[2024-10-11T04:22:37.053+0800][info] GC(124) Pause Young (Normal) (G1 Evacuation Pause) 101M->100M(128M) 1.321ms
[2024-10-11T04:22:37.053+0800][info] GC(124) User=0.00s Sys=0.00s Real=0.01s
[2024-10-11T04:22:37.156+0800][info] GC(125) Pause Young (Normal) (G1 Evacuation Pause)
[2024-10-11T04:22:37.156+0800][info] GC(125) Using 3 workers of 48 for evacuation
[2024-10-11T04:22:37.157+0800][info] GC(125)   Pre Evacuate Collection Set: 0.1ms
[2024-10-11T04:22:37.157+0800][info] GC(125)   Merge Heap Roots: 0.0ms
[2024-10-11T04:22:37.157+0800][info] GC(125)   Evacuate Collection Set: 0.7ms
[2024-10-11T04:22:37.157+0800][info] GC(125)   Post Evacuate Collection Set: 0.2ms
[2024-10-11T04:22:37.157+0800][info] GC(125)   Other: 0.2ms
[2024-10-11T04:22:37.157+0800][info] GC(125) Eden regions: 2->0(2)
[2024-10-11T04:22:37.157+0800][info] GC(125) Survivor regions: 1->1(1)
[2024-10-11T04:22:37.157+0800][info] GC(125) Old regions: 48->50
[2024-10-11T04:22:37.157+0800][info] GC(125) Archive regions: 2->2
[2024-10-11T04:22:37.157+0800][info] GC(125) Humongous regions: 3->3
[2024-10-11T04:22:37.157+0800][info] GC(125) Metaspace: 1587K(1792K)->1587K(1792K) NonClass: 1463K(1600K)->1463K(1600K) Class: 124K(192K)->124K(192K)
[2024-10-11T04:22:37.157+0800][info] GC(125) Pause Young (Normal) (G1 Evacuation Pause) 104M->104M(128M) 1.351ms
[2024-10-11T04:22:37.157+0800][info] GC(125) User=0.00s Sys=0.00s Real=0.00s
[2024-10-11T04:22:37.259+0800][info] GC(126) Pause Young (Concurrent Start) (G1 Evacuation Pause)
[2024-10-11T04:22:37.259+0800][info] GC(126) Using 3 workers of 48 for evacuation
[2024-10-11T04:22:37.261+0800][info] GC(126)   Pre Evacuate Collection Set: 0.1ms
[2024-10-11T04:22:37.261+0800][info] GC(126)   Merge Heap Roots: 0.0ms
[2024-10-11T04:22:37.261+0800][info] GC(126)   Evacuate Collection Set: 0.7ms
[2024-10-11T04:22:37.261+0800][info] GC(126)   Post Evacuate Collection Set: 0.2ms
[2024-10-11T04:22:37.261+0800][info] GC(126)   Other: 0.3ms
[2024-10-11T04:22:37.261+0800][info] GC(126) Eden regions: 2->0(2)
[2024-10-11T04:22:37.261+0800][info] GC(126) Survivor regions: 1->1(1)
[2024-10-11T04:22:37.261+0800][info] GC(126) Old regions: 50->52
[2024-10-11T04:22:37.261+0800][info] GC(126) Archive regions: 2->2
[2024-10-11T04:22:37.261+0800][info] GC(126) Humongous regions: 3->3
[2024-10-11T04:22:37.261+0800][info] GC(126) Metaspace: 1587K(1792K)->1587K(1792K) NonClass: 1463K(1600K)->1463K(1600K) Class: 124K(192K)->124K(192K)
[2024-10-11T04:22:37.261+0800][info] GC(126) Pause Young (Concurrent Start) (G1 Evacuation Pause) 108M->108M(128M) 1.461ms
[2024-10-11T04:22:37.261+0800][info] GC(126) User=0.01s Sys=0.00s Real=0.00s
[2024-10-11T04:22:37.261+0800][info] GC(127) Concurrent Mark Cycle
[2024-10-11T04:22:37.261+0800][info] GC(127) Concurrent Clear Claimed Marks
[2024-10-11T04:22:37.261+0800][info] GC(127) Concurrent Clear Claimed Marks 0.015ms
[2024-10-11T04:22:37.261+0800][info] GC(127) Concurrent Scan Root Regions
[2024-10-11T04:22:37.261+0800][info] GC(127) Concurrent Scan Root Regions 0.153ms
[2024-10-11T04:22:37.261+0800][info] GC(127) Concurrent Mark
[2024-10-11T04:22:37.261+0800][info] GC(127) Concurrent Mark From Roots
[2024-10-11T04:22:37.261+0800][info] GC(127) Using 12 workers of 12 for marking
[2024-10-11T04:22:37.264+0800][info] GC(127) Concurrent Mark From Roots 3.359ms
[2024-10-11T04:22:37.264+0800][info] GC(127) Concurrent Preclean
[2024-10-11T04:22:37.266+0800][info] GC(127) Concurrent Preclean 1.688ms
[2024-10-11T04:22:37.266+0800][info] GC(127) Pause Remark
[2024-10-11T04:22:37.268+0800][info] GC(127) Pause Remark 108M->108M(128M) 1.330ms
[2024-10-11T04:22:37.268+0800][info] GC(127) User=0.00s Sys=0.00s Real=0.00s
[2024-10-11T04:22:37.268+0800][info] GC(127) Concurrent Mark 6.603ms
[2024-10-11T04:22:37.268+0800][info] GC(127) Concurrent Rebuild Remembered Sets
[2024-10-11T04:22:37.269+0800][info] GC(127) Concurrent Rebuild Remembered Sets 1.715ms
[2024-10-11T04:22:37.270+0800][info] GC(127) Pause Cleanup
[2024-10-11T04:22:37.270+0800][info] GC(127) Pause Cleanup 108M->108M(128M) 0.187ms
[2024-10-11T04:22:37.270+0800][info] GC(127) User=0.00s Sys=0.00s Real=0.00s
[2024-10-11T04:22:37.270+0800][info] GC(127) Concurrent Cleanup for Next Mark
[2024-10-11T04:22:37.270+0800][info] GC(127) Concurrent Cleanup for Next Mark 0.394ms
[2024-10-11T04:22:37.270+0800][info] GC(127) Concurrent Mark Cycle 9.383ms
[2024-10-11T04:22:37.415+0800][info] GC(128) Pause Young (Prepare Mixed) (G1 Preventive Collection)
[2024-10-11T04:22:37.415+0800][info] GC(128) Using 3 workers of 48 for evacuation
[2024-10-11T04:22:37.416+0800][info] GC(128)   Pre Evacuate Collection Set: 0.1ms
[2024-10-11T04:22:37.416+0800][info] GC(128)   Merge Heap Roots: 0.0ms
[2024-10-11T04:22:37.416+0800][info] GC(128)   Evacuate Collection Set: 0.8ms
[2024-10-11T04:22:37.416+0800][info] GC(128)   Post Evacuate Collection Set: 0.2ms
[2024-10-11T04:22:37.416+0800][info] GC(128)   Other: 0.2ms
[2024-10-11T04:22:37.416+0800][info] GC(128) Eden regions: 2->0(2)
[2024-10-11T04:22:37.416+0800][info] GC(128) Survivor regions: 1->1(1)
[2024-10-11T04:22:37.416+0800][info] GC(128) Old regions: 52->54
[2024-10-11T04:22:37.416+0800][info] GC(128) Archive regions: 2->2
[2024-10-11T04:22:37.416+0800][info] GC(128) Humongous regions: 3->3
[2024-10-11T04:22:37.416+0800][info] GC(128) Metaspace: 1587K(1792K)->1587K(1792K) NonClass: 1463K(1600K)->1463K(1600K) Class: 124K(192K)->124K(192K)
[2024-10-11T04:22:37.416+0800][info] GC(128) Pause Young (Prepare Mixed) (G1 Preventive Collection) 111M->112M(128M) 1.434ms
[2024-10-11T04:22:37.416+0800][info] GC(128) User=0.00s Sys=0.00s Real=0.00s
[2024-10-11T04:22:37.478+0800][info] GC(129) Pause Young (Mixed) (G1 Preventive Collection)
[2024-10-11T04:22:37.478+0800][info] GC(129) Using 3 workers of 48 for evacuation
[2024-10-11T04:22:37.479+0800][info] GC(129) To-space exhausted
[2024-10-11T04:22:37.479+0800][info] GC(129)   Pre Evacuate Collection Set: 0.2ms
[2024-10-11T04:22:37.479+0800][info] GC(129)   Merge Heap Roots: 0.0ms
[2024-10-11T04:22:37.479+0800][info] GC(129)   Evacuate Collection Set: 0.8ms
[2024-10-11T04:22:37.479+0800][info] GC(129)   Post Evacuate Collection Set: 0.2ms
[2024-10-11T04:22:37.479+0800][info] GC(129)   Other: 0.2ms
[2024-10-11T04:22:37.479+0800][info] GC(129) Eden regions: 1->0(2)
[2024-10-11T04:22:37.479+0800][info] GC(129) Survivor regions: 1->1(1)
[2024-10-11T04:22:37.479+0800][info] GC(129) Old regions: 54->53
[2024-10-11T04:22:37.479+0800][info] GC(129) Archive regions: 2->2
[2024-10-11T04:22:37.479+0800][info] GC(129) Humongous regions: 3->3
[2024-10-11T04:22:37.479+0800][info] GC(129) Metaspace: 1587K(1792K)->1587K(1792K) NonClass: 1463K(1600K)->1463K(1600K) Class: 124K(192K)->124K(192K)
[2024-10-11T04:22:37.479+0800][info] GC(129) Pause Young (Mixed) (G1 Preventive Collection) 113M->110M(128M) 1.509ms
[2024-10-11T04:22:37.479+0800][info] GC(129) User=0.00s Sys=0.00s Real=0.00s
[2024-10-11T04:22:37.520+0800][info] GC(130) Pause Young (Mixed) (G1 Preventive Collection)
[2024-10-11T04:22:37.520+0800][info] GC(130) Using 3 workers of 48 for evacuation
[2024-10-11T04:22:37.522+0800][info] GC(130) To-space exhausted
[2024-10-11T04:22:37.522+0800][info] GC(130)   Pre Evacuate Collection Set: 0.2ms
[2024-10-11T04:22:37.522+0800][info] GC(130)   Merge Heap Roots: 0.1ms
[2024-10-11T04:22:37.522+0800][info] GC(130)   Evacuate Collection Set: 1.2ms
[2024-10-11T04:22:37.522+0800][info] GC(130)   Post Evacuate Collection Set: 0.3ms
[2024-10-11T04:22:37.522+0800][info] GC(130)   Other: 0.2ms
[2024-10-11T04:22:37.522+0800][info] GC(130) Eden regions: 1->0(2)
[2024-10-11T04:22:37.522+0800][info] GC(130) Survivor regions: 1->1(1)
[2024-10-11T04:22:37.522+0800][info] GC(130) Old regions: 53->55
[2024-10-11T04:22:37.522+0800][info] GC(130) Archive regions: 2->2
[2024-10-11T04:22:37.522+0800][info] GC(130) Humongous regions: 3->3
[2024-10-11T04:22:37.522+0800][info] GC(130) Metaspace: 1587K(1792K)->1587K(1792K) NonClass: 1463K(1600K)->1463K(1600K) Class: 124K(192K)->124K(192K)
[2024-10-11T04:22:37.522+0800][info] GC(130) Pause Young (Mixed) (G1 Preventive Collection) 112M->115M(128M) 2.091ms
[2024-10-11T04:22:37.522+0800][info] GC(130) User=0.00s Sys=0.00s Real=0.00s
[2024-10-11T04:22:37.584+0800][info] GC(131) Pause Young (Mixed) (G1 Preventive Collection)
[2024-10-11T04:22:37.584+0800][info] GC(131) Using 3 workers of 48 for evacuation
[2024-10-11T04:22:37.586+0800][info] GC(131) To-space exhausted
[2024-10-11T04:22:37.586+0800][info] GC(131)   Pre Evacuate Collection Set: 0.2ms
[2024-10-11T04:22:37.586+0800][info] GC(131)   Merge Heap Roots: 0.1ms
[2024-10-11T04:22:37.586+0800][info] GC(131)   Evacuate Collection Set: 0.9ms
[2024-10-11T04:22:37.586+0800][info] GC(131)   Post Evacuate Collection Set: 0.3ms
[2024-10-11T04:22:37.586+0800][info] GC(131)   Other: 0.2ms
[2024-10-11T04:22:37.586+0800][info] GC(131) Eden regions: 1->0(2)
[2024-10-11T04:22:37.586+0800][info] GC(131) Survivor regions: 1->1(1)
[2024-10-11T04:22:37.586+0800][info] GC(131) Old regions: 55->57
[2024-10-11T04:22:37.586+0800][info] GC(131) Archive regions: 2->2
[2024-10-11T04:22:37.586+0800][info] GC(131) Humongous regions: 3->3
[2024-10-11T04:22:37.586+0800][info] GC(131) Metaspace: 1588K(1792K)->1588K(1792K) NonClass: 1464K(1600K)->1464K(1600K) Class: 124K(192K)->124K(192K)
[2024-10-11T04:22:37.586+0800][info] GC(131) Pause Young (Mixed) (G1 Preventive Collection) 117M->119M(128M) 1.673ms
[2024-10-11T04:22:37.586+0800][info] GC(131) User=0.00s Sys=0.00s Real=0.01s
[2024-10-11T04:22:37.627+0800][info] GC(132) Pause Young (Mixed) (G1 Evacuation Pause)
[2024-10-11T04:22:37.627+0800][info] GC(132) Using 3 workers of 48 for evacuation
[2024-10-11T04:22:37.628+0800][info] GC(132) To-space exhausted
[2024-10-11T04:22:37.628+0800][info] GC(132)   Pre Evacuate Collection Set: 0.2ms
[2024-10-11T04:22:37.628+0800][info] GC(132)   Merge Heap Roots: 0.1ms
[2024-10-11T04:22:37.628+0800][info] GC(132)   Evacuate Collection Set: 0.5ms
[2024-10-11T04:22:37.628+0800][info] GC(132)   Post Evacuate Collection Set: 0.7ms
[2024-10-11T04:22:37.628+0800][info] GC(132)   Other: 0.1ms
[2024-10-11T04:22:37.628+0800][info] GC(132) Eden regions: 1->0(3)
[2024-10-11T04:22:37.628+0800][info] GC(132) Survivor regions: 1->0(0)
[2024-10-11T04:22:37.628+0800][info] GC(132) Old regions: 57->59
[2024-10-11T04:22:37.628+0800][info] GC(132) Archive regions: 2->2
[2024-10-11T04:22:37.628+0800][info] GC(132) Humongous regions: 3->3
[2024-10-11T04:22:37.628+0800][info] GC(132) Metaspace: 1588K(1792K)->1588K(1792K) NonClass: 1464K(1600K)->1464K(1600K) Class: 124K(192K)->124K(192K)
[2024-10-11T04:22:37.628+0800][info] GC(132) Pause Young (Mixed) (G1 Evacuation Pause) 120M->120M(128M) 1.627ms
[2024-10-11T04:22:37.628+0800][info] GC(132) User=0.00s Sys=0.00s Real=0.00s
[2024-10-11T04:22:37.628+0800][info] Attempting full compaction
[2024-10-11T04:22:37.629+0800][info] GC(133) Using 3 workers of 48 for full compaction
[2024-10-11T04:22:37.629+0800][info] GC(133) Pause Full (G1 Compaction Pause)
[2024-10-11T04:22:37.629+0800][info] GC(133) Phase 1: Mark live objects
[2024-10-11T04:22:37.632+0800][info] GC(133) Phase 1: Mark live objects 3.082ms
[2024-10-11T04:22:37.632+0800][info] GC(133) Phase 2: Prepare for compaction
[2024-10-11T04:22:37.632+0800][info] GC(133) Phase 2: Prepare for compaction 0.611ms
[2024-10-11T04:22:37.632+0800][info] GC(133) Phase 3: Adjust pointers
[2024-10-11T04:22:37.634+0800][info] GC(133) Phase 3: Adjust pointers 1.437ms
[2024-10-11T04:22:37.634+0800][info] GC(133) Phase 4: Compact heap
[2024-10-11T04:22:37.647+0800][info] GC(133) Phase 4: Compact heap 12.766ms
[2024-10-11T04:22:37.648+0800][info] GC(133) Eden regions: 0->0(3)
[2024-10-11T04:22:37.648+0800][info] GC(133) Survivor regions: 0->0(0)
[2024-10-11T04:22:37.648+0800][info] GC(133) Old regions: 59->39
[2024-10-11T04:22:37.648+0800][info] GC(133) Archive regions: 2->2
[2024-10-11T04:22:37.648+0800][info] GC(133) Humongous regions: 3->3
[2024-10-11T04:22:37.648+0800][info] GC(133) Metaspace: 1588K(1792K)->1588K(1792K) NonClass: 1464K(1600K)->1464K(1600K) Class: 124K(192K)->124K(192K)
[2024-10-11T04:22:37.648+0800][info] GC(133) Pause Full (G1 Compaction Pause) 120M->72M(128M) 19.418ms
[2024-10-11T04:22:37.648+0800][info] GC(133) User=0.04s Sys=0.00s Real=0.02s
[2024-10-11T04:22:37.812+0800][info] GC(134) Pause Young (Normal) (G1 Evacuation Pause)
[2024-10-11T04:22:37.812+0800][info] GC(134) Using 3 workers of 48 for evacuation
[2024-10-11T04:22:37.814+0800][info] GC(134)   Pre Evacuate Collection Set: 0.1ms
[2024-10-11T04:22:37.814+0800][info] GC(134)   Merge Heap Roots: 0.0ms
[2024-10-11T04:22:37.814+0800][info] GC(134)   Evacuate Collection Set: 1.0ms
[2024-10-11T04:22:37.814+0800][info] GC(134)   Post Evacuate Collection Set: 0.2ms
[2024-10-11T04:22:37.814+0800][info] GC(134)   Other: 0.2ms
[2024-10-11T04:22:37.814+0800][info] GC(134) Eden regions: 3->0(2)
[2024-10-11T04:22:37.814+0800][info] GC(134) Survivor regions: 0->1(1)
[2024-10-11T04:22:37.814+0800][info] GC(134) Old regions: 39->42
[2024-10-11T04:22:37.814+0800][info] GC(134) Archive regions: 2->2
[2024-10-11T04:22:37.814+0800][info] GC(134) Humongous regions: 3->3
[2024-10-11T04:22:37.814+0800][info] GC(134) Metaspace: 1588K(1792K)->1588K(1792K) NonClass: 1464K(1600K)->1464K(1600K) Class: 124K(192K)->124K(192K)
[2024-10-11T04:22:37.814+0800][info] GC(134) Pause Young (Normal) (G1 Evacuation Pause) 78M->78M(128M) 1.681ms
[2024-10-11T04:22:37.814+0800][info] GC(134) User=0.00s Sys=0.00s Real=0.01s
[2024-10-11T04:22:37.916+0800][info] GC(135) Pause Young (Normal) (G1 Evacuation Pause)
[2024-10-11T04:22:37.916+0800][info] GC(135) Using 3 workers of 48 for evacuation
[2024-10-11T04:22:37.917+0800][info] GC(135)   Pre Evacuate Collection Set: 0.1ms
[2024-10-11T04:22:37.917+0800][info] GC(135)   Merge Heap Roots: 0.0ms
[2024-10-11T04:22:37.917+0800][info] GC(135)   Evacuate Collection Set: 0.7ms
[2024-10-11T04:22:37.917+0800][info] GC(135)   Post Evacuate Collection Set: 0.2ms
[2024-10-11T04:22:37.917+0800][info] GC(135)   Other: 0.2ms
[2024-10-11T04:22:37.917+0800][info] GC(135) Eden regions: 2->0(2)
[2024-10-11T04:22:37.917+0800][info] GC(135) Survivor regions: 1->1(1)
[2024-10-11T04:22:37.917+0800][info] GC(135) Old regions: 42->43
[2024-10-11T04:22:37.917+0800][info] GC(135) Archive regions: 2->2
[2024-10-11T04:22:37.917+0800][info] GC(135) Humongous regions: 3->3
[2024-10-11T04:22:37.917+0800][info] GC(135) Metaspace: 1588K(1792K)->1588K(1792K) NonClass: 1464K(1600K)->1464K(1600K) Class: 124K(192K)->124K(192K)
[2024-10-11T04:22:37.917+0800][info] GC(135) Pause Young (Normal) (G1 Evacuation Pause) 82M->82M(128M) 1.323ms
[2024-10-11T04:22:37.917+0800][info] GC(135) User=0.00s Sys=0.00s Real=0.00s
[2024-10-11T04:22:38.020+0800][info] GC(136) Pause Young (Normal) (G1 Evacuation Pause)
[2024-10-11T04:22:38.020+0800][info] GC(136) Using 3 workers of 48 for evacuation
[2024-10-11T04:22:38.021+0800][info] GC(136)   Pre Evacuate Collection Set: 0.1ms
[2024-10-11T04:22:38.021+0800][info] GC(136)   Merge Heap Roots: 0.0ms
[2024-10-11T04:22:38.021+0800][info] GC(136)   Evacuate Collection Set: 0.7ms
[2024-10-11T04:22:38.021+0800][info] GC(136)   Post Evacuate Collection Set: 0.2ms
[2024-10-11T04:22:38.021+0800][info] GC(136)   Other: 0.2ms
[2024-10-11T04:22:38.021+0800][info] GC(136) Eden regions: 2->0(2)
[2024-10-11T04:22:38.021+0800][info] GC(136) Survivor regions: 1->1(1)
[2024-10-11T04:22:38.021+0800][info] GC(136) Old regions: 43->45
[2024-10-11T04:22:38.021+0800][info] GC(136) Archive regions: 2->2
[2024-10-11T04:22:38.021+0800][info] GC(136) Humongous regions: 3->3
[2024-10-11T04:22:38.021+0800][info] GC(136) Metaspace: 1588K(1792K)->1588K(1792K) NonClass: 1464K(1600K)->1464K(1600K) Class: 124K(192K)->124K(192K)
[2024-10-11T04:22:38.021+0800][info] GC(136) Pause Young (Normal) (G1 Evacuation Pause) 85M->85M(128M) 1.309ms
[2024-10-11T04:22:38.021+0800][info] GC(136) User=0.00s Sys=0.00s Real=0.00s
[2024-10-11T04:22:38.123+0800][info] GC(137) Pause Young (Normal) (G1 Evacuation Pause)
[2024-10-11T04:22:38.123+0800][info] GC(137) Using 3 workers of 48 for evacuation
[2024-10-11T04:22:38.124+0800][info] GC(137)   Pre Evacuate Collection Set: 0.1ms
[2024-10-11T04:22:38.124+0800][info] GC(137)   Merge Heap Roots: 0.0ms
[2024-10-11T04:22:38.124+0800][info] GC(137)   Evacuate Collection Set: 0.6ms
[2024-10-11T04:22:38.124+0800][info] GC(137)   Post Evacuate Collection Set: 0.2ms
[2024-10-11T04:22:38.124+0800][info] GC(137)   Other: 0.2ms
[2024-10-11T04:22:38.124+0800][info] GC(137) Eden regions: 2->0(2)
[2024-10-11T04:22:38.124+0800][info] GC(137) Survivor regions: 1->1(1)
[2024-10-11T04:22:38.124+0800][info] GC(137) Old regions: 45->47
[2024-10-11T04:22:38.124+0800][info] GC(137) Archive regions: 2->2
[2024-10-11T04:22:38.124+0800][info] GC(137) Humongous regions: 3->3
[2024-10-11T04:22:38.124+0800][info] GC(137) Metaspace: 1588K(1792K)->1588K(1792K) NonClass: 1464K(1600K)->1464K(1600K) Class: 124K(192K)->124K(192K)
[2024-10-11T04:22:38.124+0800][info] GC(137) Pause Young (Normal) (G1 Evacuation Pause) 88M->89M(128M) 1.272ms
[2024-10-11T04:22:38.124+0800][info] GC(137) User=0.00s Sys=0.00s Real=0.00s
[2024-10-11T04:22:38.227+0800][info] GC(138) Pause Young (Concurrent Start) (G1 Evacuation Pause)
[2024-10-11T04:22:38.227+0800][info] GC(138) Using 3 workers of 48 for evacuation
[2024-10-11T04:22:38.228+0800][info] GC(138)   Pre Evacuate Collection Set: 0.1ms
[2024-10-11T04:22:38.228+0800][info] GC(138)   Merge Heap Roots: 0.0ms
[2024-10-11T04:22:38.228+0800][info] GC(138)   Evacuate Collection Set: 0.7ms
[2024-10-11T04:22:38.228+0800][info] GC(138)   Post Evacuate Collection Set: 0.2ms
[2024-10-11T04:22:38.228+0800][info] GC(138)   Other: 0.3ms
[2024-10-11T04:22:38.228+0800][info] GC(138) Eden regions: 2->0(2)
[2024-10-11T04:22:38.228+0800][info] GC(138) Survivor regions: 1->1(1)
[2024-10-11T04:22:38.228+0800][info] GC(138) Old regions: 47->49
[2024-10-11T04:22:38.228+0800][info] GC(138) Archive regions: 2->2
[2024-10-11T04:22:38.228+0800][info] GC(138) Humongous regions: 3->3
[2024-10-11T04:22:38.228+0800][info] GC(138) Metaspace: 1588K(1792K)->1588K(1792K) NonClass: 1464K(1600K)->1464K(1600K) Class: 124K(192K)->124K(192K)
[2024-10-11T04:22:38.228+0800][info] GC(138) Pause Young (Concurrent Start) (G1 Evacuation Pause) 93M->93M(128M) 1.490ms
[2024-10-11T04:22:38.228+0800][info] GC(138) User=0.00s Sys=0.00s Real=0.00s
[2024-10-11T04:22:38.228+0800][info] GC(139) Concurrent Mark Cycle
[2024-10-11T04:22:38.228+0800][info] GC(139) Concurrent Clear Claimed Marks
[2024-10-11T04:22:38.228+0800][info] GC(139) Concurrent Clear Claimed Marks 0.015ms
[2024-10-11T04:22:38.228+0800][info] GC(139) Concurrent Scan Root Regions
[2024-10-11T04:22:38.229+0800][info] GC(139) Concurrent Scan Root Regions 0.155ms
[2024-10-11T04:22:38.229+0800][info] GC(139) Concurrent Mark
[2024-10-11T04:22:38.229+0800][info] GC(139) Concurrent Mark From Roots
[2024-10-11T04:22:38.229+0800][info] GC(139) Using 12 workers of 12 for marking
[2024-10-11T04:22:38.233+0800][info] GC(139) Concurrent Mark From Roots 4.527ms
[2024-10-11T04:22:38.233+0800][info] GC(139) Concurrent Preclean
[2024-10-11T04:22:38.235+0800][info] GC(139) Concurrent Preclean 1.671ms
[2024-10-11T04:22:38.235+0800][info] GC(139) Pause Remark
[2024-10-11T04:22:38.236+0800][info] GC(139) Pause Remark 94M->94M(128M) 1.334ms
[2024-10-11T04:22:38.236+0800][info] GC(139) User=0.00s Sys=0.00s Real=0.00s
[2024-10-11T04:22:38.236+0800][info] GC(139) Concurrent Mark 7.784ms
[2024-10-11T04:22:38.236+0800][info] GC(139) Concurrent Rebuild Remembered Sets
[2024-10-11T04:22:38.238+0800][info] GC(139) Concurrent Rebuild Remembered Sets 1.638ms
[2024-10-11T04:22:38.238+0800][info] GC(139) Pause Cleanup
[2024-10-11T04:22:38.238+0800][info] GC(139) Pause Cleanup 94M->94M(128M) 0.180ms
[2024-10-11T04:22:38.238+0800][info] GC(139) User=0.00s Sys=0.00s Real=0.00s
[2024-10-11T04:22:38.238+0800][info] GC(139) Concurrent Cleanup for Next Mark
[2024-10-11T04:22:38.239+0800][info] GC(139) Concurrent Cleanup for Next Mark 0.390ms
[2024-10-11T04:22:38.239+0800][info] GC(139) Concurrent Mark Cycle 10.494ms
[2024-10-11T04:22:38.382+0800][info] GC(140) Pause Young (Prepare Mixed) (G1 Evacuation Pause)
[2024-10-11T04:22:38.382+0800][info] GC(140) Using 3 workers of 48 for evacuation
[2024-10-11T04:22:38.383+0800][info] GC(140)   Pre Evacuate Collection Set: 0.1ms
[2024-10-11T04:22:38.383+0800][info] GC(140)   Merge Heap Roots: 0.1ms
[2024-10-11T04:22:38.383+0800][info] GC(140)   Evacuate Collection Set: 0.8ms
[2024-10-11T04:22:38.383+0800][info] GC(140)   Post Evacuate Collection Set: 0.2ms
[2024-10-11T04:22:38.383+0800][info] GC(140)   Other: 0.2ms
[2024-10-11T04:22:38.383+0800][info] GC(140) Eden regions: 2->0(2)
[2024-10-11T04:22:38.383+0800][info] GC(140) Survivor regions: 1->1(1)
[2024-10-11T04:22:38.383+0800][info] GC(140) Old regions: 49->51
[2024-10-11T04:22:38.383+0800][info] GC(140) Archive regions: 2->2
[2024-10-11T04:22:38.383+0800][info] GC(140) Humongous regions: 3->3
[2024-10-11T04:22:38.383+0800][info] GC(140) Metaspace: 1588K(1792K)->1588K(1792K) NonClass: 1464K(1600K)->1464K(1600K) Class: 124K(192K)->124K(192K)
[2024-10-11T04:22:38.383+0800][info] GC(140) Pause Young (Prepare Mixed) (G1 Evacuation Pause) 97M->97M(128M) 1.453ms
[2024-10-11T04:22:38.383+0800][info] GC(140) User=0.00s Sys=0.00s Real=0.00s
[2024-10-11T04:22:38.486+0800][info] GC(141) Pause Young (Mixed) (G1 Preventive Collection)
[2024-10-11T04:22:38.486+0800][info] GC(141) Using 3 workers of 48 for evacuation
[2024-10-11T04:22:38.488+0800][info] GC(141)   Pre Evacuate Collection Set: 0.2ms
[2024-10-11T04:22:38.488+0800][info] GC(141)   Merge Heap Roots: 0.0ms
[2024-10-11T04:22:38.488+0800][info] GC(141)   Evacuate Collection Set: 1.4ms
[2024-10-11T04:22:38.488+0800][info] GC(141)   Post Evacuate Collection Set: 0.2ms
[2024-10-11T04:22:38.488+0800][info] GC(141)   Other: 0.2ms
[2024-10-11T04:22:38.488+0800][info] GC(141) Eden regions: 2->0(2)
[2024-10-11T04:22:38.488+0800][info] GC(141) Survivor regions: 1->1(1)
[2024-10-11T04:22:38.488+0800][info] GC(141) Old regions: 51->48
[2024-10-11T04:22:38.488+0800][info] GC(141) Archive regions: 2->2
[2024-10-11T04:22:38.488+0800][info] GC(141) Humongous regions: 3->3
[2024-10-11T04:22:38.488+0800][info] GC(141) Metaspace: 1588K(1792K)->1588K(1792K) NonClass: 1464K(1600K)->1464K(1600K) Class: 124K(192K)->124K(192K)
[2024-10-11T04:22:38.488+0800][info] GC(141) Pause Young (Mixed) (G1 Preventive Collection) 100M->93M(128M) 2.092ms
[2024-10-11T04:22:38.488+0800][info] GC(141) User=0.01s Sys=0.01s Real=0.00s
[2024-10-11T04:22:38.590+0800][info] GC(142) Pause Young (Mixed) (G1 Evacuation Pause)
[2024-10-11T04:22:38.590+0800][info] GC(142) Using 3 workers of 48 for evacuation
[2024-10-11T04:22:38.592+0800][info] GC(142)   Pre Evacuate Collection Set: 0.2ms
[2024-10-11T04:22:38.592+0800][info] GC(142)   Merge Heap Roots: 0.1ms
[2024-10-11T04:22:38.592+0800][info] GC(142)   Evacuate Collection Set: 1.7ms
[2024-10-11T04:22:38.592+0800][info] GC(142)   Post Evacuate Collection Set: 0.2ms
[2024-10-11T04:22:38.592+0800][info] GC(142)   Other: 0.1ms
[2024-10-11T04:22:38.592+0800][info] GC(142) Eden regions: 2->0(2)
[2024-10-11T04:22:38.592+0800][info] GC(142) Survivor regions: 1->1(1)
[2024-10-11T04:22:38.592+0800][info] GC(142) Old regions: 48->48
[2024-10-11T04:22:38.592+0800][info] GC(142) Archive regions: 2->2
[2024-10-11T04:22:38.592+0800][info] GC(142) Humongous regions: 3->3
[2024-10-11T04:22:38.592+0800][info] GC(142) Metaspace: 1588K(1792K)->1588K(1792K) NonClass: 1464K(1600K)->1464K(1600K) Class: 124K(192K)->124K(192K)
[2024-10-11T04:22:38.592+0800][info] GC(142) Pause Young (Mixed) (G1 Evacuation Pause) 97M->94M(128M) 2.374ms
[2024-10-11T04:22:38.592+0800][info] GC(142) User=0.01s Sys=0.00s Real=0.00s
[2024-10-11T04:22:38.695+0800][info] GC(143) Pause Young (Mixed) (G1 Preventive Collection)
[2024-10-11T04:22:38.695+0800][info] GC(143) Using 3 workers of 48 for evacuation
[2024-10-11T04:22:38.698+0800][info] GC(143)   Pre Evacuate Collection Set: 0.2ms
[2024-10-11T04:22:38.698+0800][info] GC(143)   Merge Heap Roots: 0.1ms
[2024-10-11T04:22:38.698+0800][info] GC(143)   Evacuate Collection Set: 1.8ms
[2024-10-11T04:22:38.698+0800][info] GC(143)   Post Evacuate Collection Set: 0.2ms
[2024-10-11T04:22:38.698+0800][info] GC(143)   Other: 0.1ms
[2024-10-11T04:22:38.698+0800][info] GC(143) Eden regions: 2->0(2)
[2024-10-11T04:22:38.698+0800][info] GC(143) Survivor regions: 1->1(1)
[2024-10-11T04:22:38.698+0800][info] GC(143) Old regions: 48->46
[2024-10-11T04:22:38.698+0800][info] GC(143) Archive regions: 2->2
[2024-10-11T04:22:38.698+0800][info] GC(143) Humongous regions: 4->3
[2024-10-11T04:22:38.698+0800][info] GC(143) Metaspace: 1588K(1792K)->1588K(1792K) NonClass: 1464K(1600K)->1464K(1600K) Class: 124K(192K)->124K(192K)
[2024-10-11T04:22:38.698+0800][info] GC(143) Pause Young (Mixed) (G1 Preventive Collection) 99M->94M(128M) 2.470ms
[2024-10-11T04:22:38.698+0800][info] GC(143) User=0.00s Sys=0.00s Real=0.00s
[2024-10-11T04:22:38.800+0800][info] GC(144) Pause Young (Mixed) (G1 Evacuation Pause)
[2024-10-11T04:22:38.800+0800][info] GC(144) Using 3 workers of 48 for evacuation
[2024-10-11T04:22:38.802+0800][info] GC(144)   Pre Evacuate Collection Set: 0.2ms
[2024-10-11T04:22:38.802+0800][info] GC(144)   Merge Heap Roots: 0.1ms
[2024-10-11T04:22:38.802+0800][info] GC(144)   Evacuate Collection Set: 1.7ms
[2024-10-11T04:22:38.802+0800][info] GC(144)   Post Evacuate Collection Set: 0.2ms
[2024-10-11T04:22:38.802+0800][info] GC(144)   Other: 0.1ms
[2024-10-11T04:22:38.802+0800][info] GC(144) Eden regions: 2->0(2)
[2024-10-11T04:22:38.802+0800][info] GC(144) Survivor regions: 1->1(1)
[2024-10-11T04:22:38.802+0800][info] GC(144) Old regions: 46->46
[2024-10-11T04:22:38.802+0800][info] GC(144) Archive regions: 2->2
[2024-10-11T04:22:38.802+0800][info] GC(144) Humongous regions: 3->3
[2024-10-11T04:22:38.802+0800][info] GC(144) Metaspace: 1588K(1792K)->1588K(1792K) NonClass: 1464K(1600K)->1464K(1600K) Class: 124K(192K)->124K(192K)
[2024-10-11T04:22:38.802+0800][info] GC(144) Pause Young (Mixed) (G1 Evacuation Pause) 97M->95M(128M) 2.365ms
[2024-10-11T04:22:38.802+0800][info] GC(144) User=0.00s Sys=0.00s Real=0.00s
[2024-10-11T04:22:38.905+0800][info] GC(145) Pause Young (Normal) (G1 Evacuation Pause)
[2024-10-11T04:22:38.905+0800][info] GC(145) Using 3 workers of 48 for evacuation
[2024-10-11T04:22:38.906+0800][info] GC(145)   Pre Evacuate Collection Set: 0.1ms
[2024-10-11T04:22:38.906+0800][info] GC(145)   Merge Heap Roots: 0.1ms
[2024-10-11T04:22:38.906+0800][info] GC(145)   Evacuate Collection Set: 0.7ms
[2024-10-11T04:22:38.906+0800][info] GC(145)   Post Evacuate Collection Set: 0.2ms
[2024-10-11T04:22:38.906+0800][info] GC(145)   Other: 0.2ms
[2024-10-11T04:22:38.906+0800][info] GC(145) Eden regions: 2->0(2)
[2024-10-11T04:22:38.906+0800][info] GC(145) Survivor regions: 1->1(1)
[2024-10-11T04:22:38.906+0800][info] GC(145) Old regions: 46->48
[2024-10-11T04:22:38.906+0800][info] GC(145) Archive regions: 2->2
[2024-10-11T04:22:38.906+0800][info] GC(145) Humongous regions: 3->3
[2024-10-11T04:22:38.906+0800][info] GC(145) Metaspace: 1588K(1792K)->1588K(1792K) NonClass: 1464K(1600K)->1464K(1600K) Class: 124K(192K)->124K(192K)
[2024-10-11T04:22:38.906+0800][info] GC(145) Pause Young (Normal) (G1 Evacuation Pause) 98M->98M(128M) 1.341ms
[2024-10-11T04:22:38.906+0800][info] GC(145) User=0.01s Sys=0.00s Real=0.01s
[2024-10-11T04:22:39.008+0800][info] GC(146) Pause Young (Normal) (G1 Evacuation Pause)
[2024-10-11T04:22:39.008+0800][info] GC(146) Using 3 workers of 48 for evacuation
[2024-10-11T04:22:39.009+0800][info] GC(146)   Pre Evacuate Collection Set: 0.1ms
[2024-10-11T04:22:39.010+0800][info] GC(146)   Merge Heap Roots: 0.0ms
[2024-10-11T04:22:39.010+0800][info] GC(146)   Evacuate Collection Set: 0.7ms
[2024-10-11T04:22:39.010+0800][info] GC(146)   Post Evacuate Collection Set: 0.2ms
[2024-10-11T04:22:39.010+0800][info] GC(146)   Other: 0.2ms
[2024-10-11T04:22:39.010+0800][info] GC(146) Eden regions: 2->0(2)
[2024-10-11T04:22:39.010+0800][info] GC(146) Survivor regions: 1->1(1)
[2024-10-11T04:22:39.010+0800][info] GC(146) Old regions: 48->50
[2024-10-11T04:22:39.010+0800][info] GC(146) Archive regions: 2->2
[2024-10-11T04:22:39.010+0800][info] GC(146) Humongous regions: 3->3
[2024-10-11T04:22:39.010+0800][info] GC(146) Metaspace: 1588K(1792K)->1588K(1792K) NonClass: 1464K(1600K)->1464K(1600K) Class: 124K(192K)->124K(192K)
[2024-10-11T04:22:39.010+0800][info] GC(146) Pause Young (Normal) (G1 Evacuation Pause) 102M->102M(128M) 1.294ms
[2024-10-11T04:22:39.010+0800][info] GC(146) User=0.00s Sys=0.00s Real=0.00s
[2024-10-11T04:22:39.112+0800][info] GC(147) Pause Young (Concurrent Start) (G1 Evacuation Pause)
[2024-10-11T04:22:39.112+0800][info] GC(147) Using 3 workers of 48 for evacuation
[2024-10-11T04:22:39.114+0800][info] GC(147)   Pre Evacuate Collection Set: 0.1ms
[2024-10-11T04:22:39.114+0800][info] GC(147)   Merge Heap Roots: 0.0ms
[2024-10-11T04:22:39.114+0800][info] GC(147)   Evacuate Collection Set: 0.8ms
[2024-10-11T04:22:39.114+0800][info] GC(147)   Post Evacuate Collection Set: 0.2ms
[2024-10-11T04:22:39.114+0800][info] GC(147)   Other: 0.4ms
[2024-10-11T04:22:39.114+0800][info] GC(147) Eden regions: 2->0(2)
[2024-10-11T04:22:39.114+0800][info] GC(147) Survivor regions: 1->1(1)
[2024-10-11T04:22:39.114+0800][info] GC(147) Old regions: 50->52
[2024-10-11T04:22:39.114+0800][info] GC(147) Archive regions: 2->2
[2024-10-11T04:22:39.114+0800][info] GC(147) Humongous regions: 3->3
[2024-10-11T04:22:39.114+0800][info] GC(147) Metaspace: 1588K(1792K)->1588K(1792K) NonClass: 1464K(1600K)->1464K(1600K) Class: 124K(192K)->124K(192K)
[2024-10-11T04:22:39.114+0800][info] GC(147) Pause Young (Concurrent Start) (G1 Evacuation Pause) 106M->106M(128M) 1.608ms
[2024-10-11T04:22:39.114+0800][info] GC(147) User=0.01s Sys=0.00s Real=0.01s
[2024-10-11T04:22:39.114+0800][info] GC(148) Concurrent Mark Cycle
[2024-10-11T04:22:39.114+0800][info] GC(148) Concurrent Clear Claimed Marks
[2024-10-11T04:22:39.114+0800][info] GC(148) Concurrent Clear Claimed Marks 0.015ms
[2024-10-11T04:22:39.114+0800][info] GC(148) Concurrent Scan Root Regions
[2024-10-11T04:22:39.114+0800][info] GC(148) Concurrent Scan Root Regions 0.141ms
[2024-10-11T04:22:39.114+0800][info] GC(148) Concurrent Mark
[2024-10-11T04:22:39.114+0800][info] GC(148) Concurrent Mark From Roots
[2024-10-11T04:22:39.114+0800][info] GC(148) Using 12 workers of 12 for marking
[2024-10-11T04:22:39.118+0800][info] GC(148) Concurrent Mark From Roots 3.476ms
[2024-10-11T04:22:39.118+0800][info] GC(148) Concurrent Preclean
[2024-10-11T04:22:39.119+0800][info] GC(148) Concurrent Preclean 1.669ms
[2024-10-11T04:22:39.119+0800][info] GC(148) Pause Remark
[2024-10-11T04:22:39.121+0800][info] GC(148) Pause Remark 107M->107M(128M) 1.242ms
[2024-10-11T04:22:39.121+0800][info] GC(148) User=0.00s Sys=0.00s Real=0.00s
[2024-10-11T04:22:39.121+0800][info] GC(148) Concurrent Mark 6.594ms
[2024-10-11T04:22:39.121+0800][info] GC(148) Concurrent Rebuild Remembered Sets
[2024-10-11T04:22:39.122+0800][info] GC(148) Concurrent Rebuild Remembered Sets 1.479ms
[2024-10-11T04:22:39.122+0800][info] GC(148) Pause Cleanup
[2024-10-11T04:22:39.123+0800][info] GC(148) Pause Cleanup 107M->107M(128M) 0.197ms
[2024-10-11T04:22:39.123+0800][info] GC(148) User=0.00s Sys=0.00s Real=0.00s
[2024-10-11T04:22:39.123+0800][info] GC(148) Concurrent Cleanup for Next Mark
[2024-10-11T04:22:39.123+0800][info] GC(148) Concurrent Cleanup for Next Mark 0.389ms
[2024-10-11T04:22:39.123+0800][info] GC(148) Concurrent Mark Cycle 9.135ms
[2024-10-11T04:22:39.267+0800][info] GC(149) Pause Young (Prepare Mixed) (G1 Preventive Collection)
[2024-10-11T04:22:39.267+0800][info] GC(149) Using 3 workers of 48 for evacuation
[2024-10-11T04:22:39.269+0800][info] GC(149)   Pre Evacuate Collection Set: 0.1ms
[2024-10-11T04:22:39.269+0800][info] GC(149)   Merge Heap Roots: 0.1ms
[2024-10-11T04:22:39.269+0800][info] GC(149)   Evacuate Collection Set: 0.8ms
[2024-10-11T04:22:39.269+0800][info] GC(149)   Post Evacuate Collection Set: 0.2ms
[2024-10-11T04:22:39.269+0800][info] GC(149)   Other: 0.2ms
[2024-10-11T04:22:39.269+0800][info] GC(149) Eden regions: 2->0(2)
[2024-10-11T04:22:39.269+0800][info] GC(149) Survivor regions: 1->1(1)
[2024-10-11T04:22:39.269+0800][info] GC(149) Old regions: 52->54
[2024-10-11T04:22:39.269+0800][info] GC(149) Archive regions: 2->2
[2024-10-11T04:22:39.269+0800][info] GC(149) Humongous regions: 3->3
[2024-10-11T04:22:39.269+0800][info] GC(149) Metaspace: 1588K(1792K)->1588K(1792K) NonClass: 1464K(1600K)->1464K(1600K) Class: 124K(192K)->124K(192K)
[2024-10-11T04:22:39.269+0800][info] GC(149) Pause Young (Prepare Mixed) (G1 Preventive Collection) 110M->110M(128M) 1.481ms
[2024-10-11T04:22:39.269+0800][info] GC(149) User=0.01s Sys=0.00s Real=0.00s
[2024-10-11T04:22:39.331+0800][info] GC(150) Pause Young (Mixed) (G1 Preventive Collection)
[2024-10-11T04:22:39.331+0800][info] GC(150) Using 3 workers of 48 for evacuation
[2024-10-11T04:22:39.332+0800][info] GC(150)   Pre Evacuate Collection Set: 0.2ms
[2024-10-11T04:22:39.332+0800][info] GC(150)   Merge Heap Roots: 0.1ms
[2024-10-11T04:22:39.332+0800][info] GC(150)   Evacuate Collection Set: 0.9ms
[2024-10-11T04:22:39.332+0800][info] GC(150)   Post Evacuate Collection Set: 0.2ms
[2024-10-11T04:22:39.332+0800][info] GC(150)   Other: 0.2ms
[2024-10-11T04:22:39.332+0800][info] GC(150) Eden regions: 1->0(2)
[2024-10-11T04:22:39.332+0800][info] GC(150) Survivor regions: 1->1(1)
[2024-10-11T04:22:39.332+0800][info] GC(150) Old regions: 54->49
[2024-10-11T04:22:39.332+0800][info] GC(150) Archive regions: 2->2
[2024-10-11T04:22:39.332+0800][info] GC(150) Humongous regions: 3->3
[2024-10-11T04:22:39.332+0800][info] GC(150) Metaspace: 1588K(1792K)->1588K(1792K) NonClass: 1464K(1600K)->1464K(1600K) Class: 124K(192K)->124K(192K)
[2024-10-11T04:22:39.332+0800][info] GC(150) Pause Young (Mixed) (G1 Preventive Collection) 112M->102M(128M) 1.636ms
[2024-10-11T04:22:39.332+0800][info] GC(150) User=0.00s Sys=0.00s Real=0.00s
[2024-10-11T04:22:39.434+0800][info] GC(151) Pause Young (Mixed) (G1 Evacuation Pause)
[2024-10-11T04:22:39.434+0800][info] GC(151) Using 3 workers of 48 for evacuation
[2024-10-11T04:22:39.437+0800][info] GC(151)   Pre Evacuate Collection Set: 0.2ms
[2024-10-11T04:22:39.437+0800][info] GC(151)   Merge Heap Roots: 0.1ms
[2024-10-11T04:22:39.437+0800][info] GC(151)   Evacuate Collection Set: 1.6ms
[2024-10-11T04:22:39.437+0800][info] GC(151)   Post Evacuate Collection Set: 0.2ms
[2024-10-11T04:22:39.437+0800][info] GC(151)   Other: 0.1ms
[2024-10-11T04:22:39.437+0800][info] GC(151) Eden regions: 2->0(2)
[2024-10-11T04:22:39.437+0800][info] GC(151) Survivor regions: 1->1(1)
[2024-10-11T04:22:39.437+0800][info] GC(151) Old regions: 49->47
[2024-10-11T04:22:39.437+0800][info] GC(151) Archive regions: 2->2
[2024-10-11T04:22:39.437+0800][info] GC(151) Humongous regions: 3->3
[2024-10-11T04:22:39.437+0800][info] GC(151) Metaspace: 1588K(1792K)->1588K(1792K) NonClass: 1464K(1600K)->1464K(1600K) Class: 124K(192K)->124K(192K)
[2024-10-11T04:22:39.437+0800][info] GC(151) Pause Young (Mixed) (G1 Evacuation Pause) 105M->99M(128M) 2.317ms
[2024-10-11T04:22:39.437+0800][info] GC(151) User=0.01s Sys=0.00s Real=0.00s
[2024-10-11T04:22:39.540+0800][info] GC(152) Pause Young (Mixed) (G1 Evacuation Pause)
[2024-10-11T04:22:39.540+0800][info] GC(152) Using 3 workers of 48 for evacuation
[2024-10-11T04:22:39.542+0800][info] GC(152)   Pre Evacuate Collection Set: 0.2ms
[2024-10-11T04:22:39.542+0800][info] GC(152)   Merge Heap Roots: 0.1ms
[2024-10-11T04:22:39.542+0800][info] GC(152)   Evacuate Collection Set: 1.9ms
[2024-10-11T04:22:39.542+0800][info] GC(152)   Post Evacuate Collection Set: 0.2ms
[2024-10-11T04:22:39.542+0800][info] GC(152)   Other: 0.1ms
[2024-10-11T04:22:39.542+0800][info] GC(152) Eden regions: 2->0(2)
[2024-10-11T04:22:39.542+0800][info] GC(152) Survivor regions: 1->1(1)
[2024-10-11T04:22:39.542+0800][info] GC(152) Old regions: 47->46
[2024-10-11T04:22:39.542+0800][info] GC(152) Archive regions: 2->2
[2024-10-11T04:22:39.542+0800][info] GC(152) Humongous regions: 3->3
[2024-10-11T04:22:39.542+0800][info] GC(152) Metaspace: 1589K(1792K)->1589K(1792K) NonClass: 1465K(1600K)->1465K(1600K) Class: 124K(192K)->124K(192K)
[2024-10-11T04:22:39.542+0800][info] GC(152) Pause Young (Mixed) (G1 Evacuation Pause) 102M->98M(128M) 2.669ms
[2024-10-11T04:22:39.542+0800][info] GC(152) User=0.01s Sys=0.00s Real=0.00s
[2024-10-11T04:22:39.644+0800][info] GC(153) Pause Young (Mixed) (G1 Evacuation Pause)
[2024-10-11T04:22:39.644+0800][info] GC(153) Using 3 workers of 48 for evacuation
[2024-10-11T04:22:39.647+0800][info] GC(153)   Pre Evacuate Collection Set: 0.2ms
[2024-10-11T04:22:39.647+0800][info] GC(153)   Merge Heap Roots: 0.1ms
[2024-10-11T04:22:39.647+0800][info] GC(153)   Evacuate Collection Set: 2.2ms
[2024-10-11T04:22:39.647+0800][info] GC(153)   Post Evacuate Collection Set: 0.2ms
[2024-10-11T04:22:39.647+0800][info] GC(153)   Other: 0.1ms
[2024-10-11T04:22:39.647+0800][info] GC(153) Eden regions: 2->0(2)
[2024-10-11T04:22:39.647+0800][info] GC(153) Survivor regions: 1->1(1)
[2024-10-11T04:22:39.647+0800][info] GC(153) Old regions: 46->46
[2024-10-11T04:22:39.647+0800][info] GC(153) Archive regions: 2->2
[2024-10-11T04:22:39.647+0800][info] GC(153) Humongous regions: 3->3
[2024-10-11T04:22:39.647+0800][info] GC(153) Metaspace: 1589K(1792K)->1589K(1792K) NonClass: 1465K(1600K)->1465K(1600K) Class: 124K(192K)->124K(192K)
[2024-10-11T04:22:39.647+0800][info] GC(153) Pause Young (Mixed) (G1 Evacuation Pause) 102M->98M(128M) 2.866ms
[2024-10-11T04:22:39.647+0800][info] GC(153) User=0.01s Sys=0.00s Real=0.01s
[2024-10-11T04:22:39.750+0800][info] GC(154) Pause Young (Mixed) (G1 Evacuation Pause)
[2024-10-11T04:22:39.750+0800][info] GC(154) Using 3 workers of 48 for evacuation
[2024-10-11T04:22:39.752+0800][info] GC(154)   Pre Evacuate Collection Set: 0.2ms
[2024-10-11T04:22:39.752+0800][info] GC(154)   Merge Heap Roots: 0.1ms
[2024-10-11T04:22:39.752+0800][info] GC(154)   Evacuate Collection Set: 1.4ms
[2024-10-11T04:22:39.752+0800][info] GC(154)   Post Evacuate Collection Set: 0.2ms
[2024-10-11T04:22:39.752+0800][info] GC(154)   Other: 0.1ms
[2024-10-11T04:22:39.752+0800][info] GC(154) Eden regions: 2->0(2)
[2024-10-11T04:22:39.752+0800][info] GC(154) Survivor regions: 1->1(1)
[2024-10-11T04:22:39.752+0800][info] GC(154) Old regions: 46->46
[2024-10-11T04:22:39.752+0800][info] GC(154) Archive regions: 2->2
[2024-10-11T04:22:39.752+0800][info] GC(154) Humongous regions: 3->3
[2024-10-11T04:22:39.752+0800][info] GC(154) Metaspace: 1589K(1792K)->1589K(1792K) NonClass: 1465K(1600K)->1465K(1600K) Class: 124K(192K)->124K(192K)
[2024-10-11T04:22:39.752+0800][info] GC(154) Pause Young (Mixed) (G1 Evacuation Pause) 101M->99M(128M) 2.065ms
[2024-10-11T04:22:39.752+0800][info] GC(154) User=0.01s Sys=0.00s Real=0.00s
[2024-10-11T04:22:39.854+0800][info] GC(155) Pause Young (Normal) (G1 Evacuation Pause)
[2024-10-11T04:22:39.854+0800][info] GC(155) Using 3 workers of 48 for evacuation
[2024-10-11T04:22:39.855+0800][info] GC(155)   Pre Evacuate Collection Set: 0.1ms
[2024-10-11T04:22:39.855+0800][info] GC(155)   Merge Heap Roots: 0.0ms
[2024-10-11T04:22:39.855+0800][info] GC(155)   Evacuate Collection Set: 0.7ms
[2024-10-11T04:22:39.855+0800][info] GC(155)   Post Evacuate Collection Set: 0.2ms
[2024-10-11T04:22:39.855+0800][info] GC(155)   Other: 0.2ms
[2024-10-11T04:22:39.855+0800][info] GC(155) Eden regions: 2->0(2)
[2024-10-11T04:22:39.855+0800][info] GC(155) Survivor regions: 1->1(1)
[2024-10-11T04:22:39.855+0800][info] GC(155) Old regions: 46->48
[2024-10-11T04:22:39.855+0800][info] GC(155) Archive regions: 2->2
[2024-10-11T04:22:39.855+0800][info] GC(155) Humongous regions: 3->3
[2024-10-11T04:22:39.855+0800][info] GC(155) Metaspace: 1589K(1792K)->1589K(1792K) NonClass: 1465K(1600K)->1465K(1600K) Class: 124K(192K)->124K(192K)
[2024-10-11T04:22:39.855+0800][info] GC(155) Pause Young (Normal) (G1 Evacuation Pause) 102M->103M(128M) 1.353ms
[2024-10-11T04:22:39.855+0800][info] GC(155) User=0.00s Sys=0.00s Real=0.00s
[2024-10-11T04:22:39.958+0800][info] GC(156) Pause Young (Normal) (G1 Evacuation Pause)
[2024-10-11T04:22:39.958+0800][info] GC(156) Using 3 workers of 48 for evacuation
[2024-10-11T04:22:39.959+0800][info] GC(156)   Pre Evacuate Collection Set: 0.1ms
[2024-10-11T04:22:39.959+0800][info] GC(156)   Merge Heap Roots: 0.0ms
[2024-10-11T04:22:39.959+0800][info] GC(156)   Evacuate Collection Set: 0.6ms
[2024-10-11T04:22:39.959+0800][info] GC(156)   Post Evacuate Collection Set: 0.2ms
[2024-10-11T04:22:39.959+0800][info] GC(156)   Other: 0.2ms
[2024-10-11T04:22:39.959+0800][info] GC(156) Eden regions: 2->0(2)
[2024-10-11T04:22:39.959+0800][info] GC(156) Survivor regions: 1->1(1)
[2024-10-11T04:22:39.959+0800][info] GC(156) Old regions: 48->50
[2024-10-11T04:22:39.959+0800][info] GC(156) Archive regions: 2->2
[2024-10-11T04:22:39.959+0800][info] GC(156) Humongous regions: 3->3
[2024-10-11T04:22:39.959+0800][info] GC(156) Metaspace: 1616K(1792K)->1616K(1792K) NonClass: 1492K(1600K)->1492K(1600K) Class: 124K(192K)->124K(192K)
[2024-10-11T04:22:39.959+0800][info] GC(156) Pause Young (Normal) (G1 Evacuation Pause) 106M->106M(128M) 1.230ms
[2024-10-11T04:22:39.959+0800][info] GC(156) User=0.00s Sys=0.00s Real=0.00s
[2024-10-11T04:22:40.061+0800][info] GC(157) Pause Young (Concurrent Start) (G1 Evacuation Pause)
[2024-10-11T04:22:40.061+0800][info] GC(157) Using 3 workers of 48 for evacuation
[2024-10-11T04:22:40.063+0800][info] GC(157)   Pre Evacuate Collection Set: 0.1ms
[2024-10-11T04:22:40.063+0800][info] GC(157)   Merge Heap Roots: 0.1ms
[2024-10-11T04:22:40.063+0800][info] GC(157)   Evacuate Collection Set: 0.8ms
[2024-10-11T04:22:40.063+0800][info] GC(157)   Post Evacuate Collection Set: 0.2ms
[2024-10-11T04:22:40.063+0800][info] GC(157)   Other: 0.3ms
[2024-10-11T04:22:40.063+0800][info] GC(157) Eden regions: 2->0(2)
[2024-10-11T04:22:40.063+0800][info] GC(157) Survivor regions: 1->1(1)
[2024-10-11T04:22:40.063+0800][info] GC(157) Old regions: 50->52
[2024-10-11T04:22:40.063+0800][info] GC(157) Archive regions: 2->2
[2024-10-11T04:22:40.063+0800][info] GC(157) Humongous regions: 3->3
[2024-10-11T04:22:40.063+0800][info] GC(157) Metaspace: 1616K(1792K)->1616K(1792K) NonClass: 1492K(1600K)->1492K(1600K) Class: 124K(192K)->124K(192K)
[2024-10-11T04:22:40.063+0800][info] GC(157) Pause Young (Concurrent Start) (G1 Evacuation Pause) 110M->110M(128M) 1.588ms
[2024-10-11T04:22:40.063+0800][info] GC(157) User=0.01s Sys=0.00s Real=0.00s
[2024-10-11T04:22:40.063+0800][info] GC(158) Concurrent Mark Cycle
[2024-10-11T04:22:40.063+0800][info] GC(158) Concurrent Clear Claimed Marks
[2024-10-11T04:22:40.063+0800][info] GC(158) Concurrent Clear Claimed Marks 0.015ms
[2024-10-11T04:22:40.063+0800][info] GC(158) Concurrent Scan Root Regions
[2024-10-11T04:22:40.063+0800][info] GC(158) Concurrent Scan Root Regions 0.102ms
[2024-10-11T04:22:40.063+0800][info] GC(158) Concurrent Mark
[2024-10-11T04:22:40.063+0800][info] GC(158) Concurrent Mark From Roots
[2024-10-11T04:22:40.063+0800][info] GC(158) Using 12 workers of 12 for marking
[2024-10-11T04:22:40.067+0800][info] GC(158) Concurrent Mark From Roots 3.590ms
[2024-10-11T04:22:40.067+0800][info] GC(158) Concurrent Preclean
[2024-10-11T04:22:40.069+0800][info] GC(158) Concurrent Preclean 1.682ms
[2024-10-11T04:22:40.069+0800][info] GC(158) Pause Remark
[2024-10-11T04:22:40.070+0800][info] GC(158) Pause Remark 110M->109M(128M) 1.350ms
[2024-10-11T04:22:40.070+0800][info] GC(158) User=0.00s Sys=0.00s Real=0.00s
[2024-10-11T04:22:40.070+0800][info] GC(158) Concurrent Mark 6.817ms
[2024-10-11T04:22:40.070+0800][info] GC(158) Concurrent Rebuild Remembered Sets
[2024-10-11T04:22:40.072+0800][info] GC(158) Concurrent Rebuild Remembered Sets 1.394ms
[2024-10-11T04:22:40.072+0800][info] GC(158) Pause Cleanup
[2024-10-11T04:22:40.072+0800][info] GC(158) Pause Cleanup 109M->109M(128M) 0.179ms
[2024-10-11T04:22:40.072+0800][info] GC(158) User=0.00s Sys=0.00s Real=0.00s
[2024-10-11T04:22:40.072+0800][info] GC(158) Concurrent Cleanup for Next Mark
[2024-10-11T04:22:40.072+0800][info] GC(158) Concurrent Cleanup for Next Mark 0.347ms
[2024-10-11T04:22:40.072+0800][info] GC(158) Concurrent Mark Cycle 9.155ms
[2024-10-11T04:22:40.217+0800][info] GC(159) Pause Young (Prepare Mixed) (G1 Evacuation Pause)
[2024-10-11T04:22:40.217+0800][info] GC(159) Using 3 workers of 48 for evacuation
[2024-10-11T04:22:40.219+0800][info] GC(159)   Pre Evacuate Collection Set: 0.1ms
[2024-10-11T04:22:40.219+0800][info] GC(159)   Merge Heap Roots: 0.1ms
[2024-10-11T04:22:40.219+0800][info] GC(159)   Evacuate Collection Set: 0.8ms
[2024-10-11T04:22:40.219+0800][info] GC(159)   Post Evacuate Collection Set: 0.2ms
[2024-10-11T04:22:40.219+0800][info] GC(159)   Other: 0.2ms
[2024-10-11T04:22:40.219+0800][info] GC(159) Eden regions: 2->0(2)
[2024-10-11T04:22:40.219+0800][info] GC(159) Survivor regions: 1->1(1)
[2024-10-11T04:22:40.219+0800][info] GC(159) Old regions: 51->53
[2024-10-11T04:22:40.219+0800][info] GC(159) Archive regions: 2->2
[2024-10-11T04:22:40.219+0800][info] GC(159) Humongous regions: 3->3
[2024-10-11T04:22:40.219+0800][info] GC(159) Metaspace: 1616K(1792K)->1616K(1792K) NonClass: 1492K(1600K)->1492K(1600K) Class: 124K(192K)->124K(192K)
[2024-10-11T04:22:40.219+0800][info] GC(159) Pause Young (Prepare Mixed) (G1 Evacuation Pause) 112M->112M(128M) 1.498ms
[2024-10-11T04:22:40.219+0800][info] GC(159) User=0.00s Sys=0.00s Real=0.00s
[2024-10-11T04:22:40.280+0800][info] GC(160) Pause Young (Mixed) (G1 Preventive Collection)
[2024-10-11T04:22:40.280+0800][info] GC(160) Using 3 workers of 48 for evacuation
[2024-10-11T04:22:40.282+0800][info] GC(160)   Pre Evacuate Collection Set: 0.2ms
[2024-10-11T04:22:40.282+0800][info] GC(160)   Merge Heap Roots: 0.1ms
[2024-10-11T04:22:40.282+0800][info] GC(160)   Evacuate Collection Set: 1.2ms
[2024-10-11T04:22:40.282+0800][info] GC(160)   Post Evacuate Collection Set: 0.2ms
[2024-10-11T04:22:40.282+0800][info] GC(160)   Other: 0.2ms
[2024-10-11T04:22:40.282+0800][info] GC(160) Eden regions: 1->0(2)
[2024-10-11T04:22:40.282+0800][info] GC(160) Survivor regions: 1->1(1)
[2024-10-11T04:22:40.282+0800][info] GC(160) Old regions: 53->48
[2024-10-11T04:22:40.282+0800][info] GC(160) Archive regions: 2->2
[2024-10-11T04:22:40.282+0800][info] GC(160) Humongous regions: 3->3
[2024-10-11T04:22:40.282+0800][info] GC(160) Metaspace: 1616K(1792K)->1616K(1792K) NonClass: 1492K(1600K)->1492K(1600K) Class: 124K(192K)->124K(192K)
[2024-10-11T04:22:40.282+0800][info] GC(160) Pause Young (Mixed) (G1 Preventive Collection) 114M->103M(128M) 1.928ms
[2024-10-11T04:22:40.282+0800][info] GC(160) User=0.01s Sys=0.00s Real=0.00s
[2024-10-11T04:22:40.384+0800][info] GC(161) Pause Young (Mixed) (G1 Evacuation Pause)
[2024-10-11T04:22:40.384+0800][info] GC(161) Using 3 workers of 48 for evacuation
[2024-10-11T04:22:40.386+0800][info] GC(161)   Pre Evacuate Collection Set: 0.2ms
[2024-10-11T04:22:40.387+0800][info] GC(161)   Merge Heap Roots: 0.1ms
[2024-10-11T04:22:40.387+0800][info] GC(161)   Evacuate Collection Set: 1.7ms
[2024-10-11T04:22:40.387+0800][info] GC(161)   Post Evacuate Collection Set: 0.2ms
[2024-10-11T04:22:40.387+0800][info] GC(161)   Other: 0.1ms
[2024-10-11T04:22:40.387+0800][info] GC(161) Eden regions: 2->0(2)
[2024-10-11T04:22:40.387+0800][info] GC(161) Survivor regions: 1->1(1)
[2024-10-11T04:22:40.387+0800][info] GC(161) Old regions: 48->46
[2024-10-11T04:22:40.387+0800][info] GC(161) Archive regions: 2->2
[2024-10-11T04:22:40.387+0800][info] GC(161) Humongous regions: 3->3
[2024-10-11T04:22:40.387+0800][info] GC(161) Metaspace: 1616K(1792K)->1616K(1792K) NonClass: 1492K(1600K)->1492K(1600K) Class: 124K(192K)->124K(192K)
[2024-10-11T04:22:40.387+0800][info] GC(161) Pause Young (Mixed) (G1 Evacuation Pause) 107M->100M(128M) 2.395ms
[2024-10-11T04:22:40.387+0800][info] GC(161) User=0.00s Sys=0.00s Real=0.01s
[2024-10-11T04:22:40.489+0800][info] GC(162) Pause Young (Mixed) (G1 Evacuation Pause)
[2024-10-11T04:22:40.489+0800][info] GC(162) Using 3 workers of 48 for evacuation
[2024-10-11T04:22:40.492+0800][info] GC(162)   Pre Evacuate Collection Set: 0.2ms
[2024-10-11T04:22:40.492+0800][info] GC(162)   Merge Heap Roots: 0.1ms
[2024-10-11T04:22:40.492+0800][info] GC(162)   Evacuate Collection Set: 1.9ms
[2024-10-11T04:22:40.492+0800][info] GC(162)   Post Evacuate Collection Set: 0.2ms
[2024-10-11T04:22:40.492+0800][info] GC(162)   Other: 0.2ms
[2024-10-11T04:22:40.492+0800][info] GC(162) Eden regions: 2->0(2)
[2024-10-11T04:22:40.492+0800][info] GC(162) Survivor regions: 1->1(1)
[2024-10-11T04:22:40.492+0800][info] GC(162) Old regions: 46->46
[2024-10-11T04:22:40.492+0800][info] GC(162) Archive regions: 2->2
[2024-10-11T04:22:40.492+0800][info] GC(162) Humongous regions: 3->3
[2024-10-11T04:22:40.492+0800][info] GC(162) Metaspace: 1616K(1792K)->1616K(1792K) NonClass: 1492K(1600K)->1492K(1600K) Class: 124K(192K)->124K(192K)
[2024-10-11T04:22:40.492+0800][info] GC(162) Pause Young (Mixed) (G1 Evacuation Pause) 103M->99M(128M) 2.679ms
[2024-10-11T04:22:40.492+0800][info] GC(162) User=0.00s Sys=0.00s Real=0.00s
[2024-10-11T04:22:40.594+0800][info] GC(163) Pause Young (Mixed) (G1 Evacuation Pause)
[2024-10-11T04:22:40.594+0800][info] GC(163) Using 3 workers of 48 for evacuation
[2024-10-11T04:22:40.596+0800][info] GC(163)   Pre Evacuate Collection Set: 0.2ms
[2024-10-11T04:22:40.596+0800][info] GC(163)   Merge Heap Roots: 0.1ms
[2024-10-11T04:22:40.596+0800][info] GC(163)   Evacuate Collection Set: 1.9ms
[2024-10-11T04:22:40.597+0800][info] GC(163)   Post Evacuate Collection Set: 0.2ms
[2024-10-11T04:22:40.597+0800][info] GC(163)   Other: 0.1ms
[2024-10-11T04:22:40.597+0800][info] GC(163) Eden regions: 2->0(2)
[2024-10-11T04:22:40.597+0800][info] GC(163) Survivor regions: 1->1(1)
[2024-10-11T04:22:40.597+0800][info] GC(163) Old regions: 46->46
[2024-10-11T04:22:40.597+0800][info] GC(163) Archive regions: 2->2
[2024-10-11T04:22:40.597+0800][info] GC(163) Humongous regions: 3->3
[2024-10-11T04:22:40.597+0800][info] GC(163) Metaspace: 1616K(1792K)->1616K(1792K) NonClass: 1492K(1600K)->1492K(1600K) Class: 124K(192K)->124K(192K)
[2024-10-11T04:22:40.597+0800][info] GC(163) Pause Young (Mixed) (G1 Evacuation Pause) 102M->99M(128M) 2.547ms
[2024-10-11T04:22:40.597+0800][info] GC(163) User=0.01s Sys=0.00s Real=0.00s
[2024-10-11T04:22:40.699+0800][info] GC(164) Pause Young (Mixed) (G1 Evacuation Pause)
[2024-10-11T04:22:40.699+0800][info] GC(164) Using 3 workers of 48 for evacuation
[2024-10-11T04:22:40.701+0800][info] GC(164)   Pre Evacuate Collection Set: 0.2ms
[2024-10-11T04:22:40.701+0800][info] GC(164)   Merge Heap Roots: 0.1ms
[2024-10-11T04:22:40.701+0800][info] GC(164)   Evacuate Collection Set: 1.0ms
[2024-10-11T04:22:40.701+0800][info] GC(164)   Post Evacuate Collection Set: 0.2ms
[2024-10-11T04:22:40.701+0800][info] GC(164)   Other: 0.1ms
[2024-10-11T04:22:40.701+0800][info] GC(164) Eden regions: 2->0(2)
[2024-10-11T04:22:40.701+0800][info] GC(164) Survivor regions: 1->1(1)
[2024-10-11T04:22:40.701+0800][info] GC(164) Old regions: 46->47
[2024-10-11T04:22:40.701+0800][info] GC(164) Archive regions: 2->2
[2024-10-11T04:22:40.701+0800][info] GC(164) Humongous regions: 3->3
[2024-10-11T04:22:40.701+0800][info] GC(164) Metaspace: 1616K(1792K)->1616K(1792K) NonClass: 1492K(1600K)->1492K(1600K) Class: 124K(192K)->124K(192K)
[2024-10-11T04:22:40.701+0800][info] GC(164) Pause Young (Mixed) (G1 Evacuation Pause) 102M->102M(128M) 1.619ms
[2024-10-11T04:22:40.701+0800][info] GC(164) User=0.00s Sys=0.00s Real=0.00s
[2024-10-11T04:22:40.803+0800][info] GC(165) Pause Young (Normal) (G1 Evacuation Pause)
[2024-10-11T04:22:40.803+0800][info] GC(165) Using 3 workers of 48 for evacuation
[2024-10-11T04:22:40.804+0800][info] GC(165)   Pre Evacuate Collection Set: 0.1ms
[2024-10-11T04:22:40.804+0800][info] GC(165)   Merge Heap Roots: 0.0ms
[2024-10-11T04:22:40.804+0800][info] GC(165)   Evacuate Collection Set: 0.7ms
[2024-10-11T04:22:40.804+0800][info] GC(165)   Post Evacuate Collection Set: 0.2ms
[2024-10-11T04:22:40.804+0800][info] GC(165)   Other: 0.2ms
[2024-10-11T04:22:40.804+0800][info] GC(165) Eden regions: 2->0(2)
[2024-10-11T04:22:40.804+0800][info] GC(165) Survivor regions: 1->1(1)
[2024-10-11T04:22:40.804+0800][info] GC(165) Old regions: 47->49
[2024-10-11T04:22:40.804+0800][info] GC(165) Archive regions: 2->2
[2024-10-11T04:22:40.804+0800][info] GC(165) Humongous regions: 3->3
[2024-10-11T04:22:40.804+0800][info] GC(165) Metaspace: 1616K(1792K)->1616K(1792K) NonClass: 1492K(1600K)->1492K(1600K) Class: 124K(192K)->124K(192K)
[2024-10-11T04:22:40.804+0800][info] GC(165) Pause Young (Normal) (G1 Evacuation Pause) 105M->106M(128M) 1.404ms
[2024-10-11T04:22:40.804+0800][info] GC(165) User=0.00s Sys=0.00s Real=0.00s
[2024-10-11T04:22:40.825+0800][info] GC(166) Pause Young (Concurrent Start) (G1 Humongous Allocation)
[2024-10-11T04:22:40.825+0800][info] GC(166) Using 3 workers of 48 for evacuation
[2024-10-11T04:22:40.826+0800][info] GC(166)   Pre Evacuate Collection Set: 0.1ms
[2024-10-11T04:22:40.826+0800][info] GC(166)   Merge Heap Roots: 0.0ms
[2024-10-11T04:22:40.826+0800][info] GC(166)   Evacuate Collection Set: 0.5ms
[2024-10-11T04:22:40.826+0800][info] GC(166)   Post Evacuate Collection Set: 0.2ms
[2024-10-11T04:22:40.826+0800][info] GC(166)   Other: 0.3ms
[2024-10-11T04:22:40.826+0800][info] GC(166) Eden regions: 1->0(2)
[2024-10-11T04:22:40.826+0800][info] GC(166) Survivor regions: 1->1(1)
[2024-10-11T04:22:40.826+0800][info] GC(166) Old regions: 49->50
[2024-10-11T04:22:40.826+0800][info] GC(166) Archive regions: 2->2
[2024-10-11T04:22:40.826+0800][info] GC(166) Humongous regions: 3->3
[2024-10-11T04:22:40.826+0800][info] GC(166) Metaspace: 1616K(1792K)->1616K(1792K) NonClass: 1492K(1600K)->1492K(1600K) Class: 124K(192K)->124K(192K)
[2024-10-11T04:22:40.826+0800][info] GC(166) Pause Young (Concurrent Start) (G1 Humongous Allocation) 107M->107M(128M) 1.264ms
[2024-10-11T04:22:40.826+0800][info] GC(166) User=0.00s Sys=0.00s Real=0.01s
[2024-10-11T04:22:40.826+0800][info] GC(167) Concurrent Mark Cycle
[2024-10-11T04:22:40.826+0800][info] GC(167) Concurrent Clear Claimed Marks
[2024-10-11T04:22:40.826+0800][info] GC(167) Concurrent Clear Claimed Marks 0.016ms
[2024-10-11T04:22:40.826+0800][info] GC(167) Concurrent Scan Root Regions
[2024-10-11T04:22:40.826+0800][info] GC(167) Concurrent Scan Root Regions 0.150ms
[2024-10-11T04:22:40.827+0800][info] GC(167) Concurrent Mark
[2024-10-11T04:22:40.827+0800][info] GC(167) Concurrent Mark From Roots
[2024-10-11T04:22:40.827+0800][info] GC(167) Using 12 workers of 12 for marking
[2024-10-11T04:22:40.830+0800][info] GC(167) Concurrent Mark From Roots 3.782ms
[2024-10-11T04:22:40.830+0800][info] GC(167) Concurrent Preclean
[2024-10-11T04:22:40.832+0800][info] GC(167) Concurrent Preclean 1.674ms
[2024-10-11T04:22:40.832+0800][info] GC(167) Pause Remark
[2024-10-11T04:22:40.833+0800][info] GC(167) Pause Remark 109M->109M(128M) 1.371ms
[2024-10-11T04:22:40.833+0800][info] GC(167) User=0.01s Sys=0.00s Real=0.01s
[2024-10-11T04:22:40.834+0800][info] GC(167) Concurrent Mark 7.021ms
[2024-10-11T04:22:40.834+0800][info] GC(167) Concurrent Rebuild Remembered Sets
[2024-10-11T04:22:40.835+0800][info] GC(167) Concurrent Rebuild Remembered Sets 1.513ms
[2024-10-11T04:22:40.835+0800][info] GC(167) Pause Cleanup
[2024-10-11T04:22:40.835+0800][info] GC(167) Pause Cleanup 109M->109M(128M) 0.153ms
[2024-10-11T04:22:40.835+0800][info] GC(167) User=0.00s Sys=0.00s Real=0.00s
[2024-10-11T04:22:40.835+0800][info] GC(167) Concurrent Cleanup for Next Mark
[2024-10-11T04:22:40.836+0800][info] GC(167) Concurrent Cleanup for Next Mark 0.392ms
[2024-10-11T04:22:40.836+0800][info] GC(167) Concurrent Mark Cycle 9.498ms
[2024-10-11T04:22:41.001+0800][info] GC(168) Pause Young (Prepare Mixed) (G1 Evacuation Pause)
[2024-10-11T04:22:41.001+0800][info] GC(168) Using 3 workers of 48 for evacuation
[2024-10-11T04:22:41.002+0800][info] GC(168)   Pre Evacuate Collection Set: 0.1ms
[2024-10-11T04:22:41.002+0800][info] GC(168)   Merge Heap Roots: 0.1ms
[2024-10-11T04:22:41.002+0800][info] GC(168)   Evacuate Collection Set: 0.8ms
[2024-10-11T04:22:41.002+0800][info] GC(168)   Post Evacuate Collection Set: 0.2ms
[2024-10-11T04:22:41.002+0800][info] GC(168)   Other: 0.2ms
[2024-10-11T04:22:41.002+0800][info] GC(168) Eden regions: 2->0(2)
[2024-10-11T04:22:41.002+0800][info] GC(168) Survivor regions: 1->1(1)
[2024-10-11T04:22:41.002+0800][info] GC(168) Old regions: 50->52
[2024-10-11T04:22:41.002+0800][info] GC(168) Archive regions: 2->2
[2024-10-11T04:22:41.002+0800][info] GC(168) Humongous regions: 4->3
[2024-10-11T04:22:41.002+0800][info] GC(168) Metaspace: 1616K(1792K)->1616K(1792K) NonClass: 1492K(1600K)->1492K(1600K) Class: 124K(192K)->124K(192K)
[2024-10-11T04:22:41.002+0800][info] GC(168) Pause Young (Prepare Mixed) (G1 Evacuation Pause) 112M->111M(128M) 1.471ms
[2024-10-11T04:22:41.002+0800][info] GC(168) User=0.01s Sys=0.00s Real=0.00s
[2024-10-11T04:22:41.105+0800][info] GC(169) Pause Young (Mixed) (G1 Preventive Collection)
[2024-10-11T04:22:41.105+0800][info] GC(169) Using 3 workers of 48 for evacuation
[2024-10-11T04:22:41.107+0800][info] GC(169) To-space exhausted
[2024-10-11T04:22:41.107+0800][info] GC(169)   Pre Evacuate Collection Set: 0.2ms
[2024-10-11T04:22:41.107+0800][info] GC(169)   Merge Heap Roots: 0.1ms
[2024-10-11T04:22:41.107+0800][info] GC(169)   Evacuate Collection Set: 1.3ms
[2024-10-11T04:22:41.107+0800][info] GC(169)   Post Evacuate Collection Set: 0.2ms
[2024-10-11T04:22:41.107+0800][info] GC(169)   Other: 0.2ms
[2024-10-11T04:22:41.107+0800][info] GC(169) Eden regions: 2->0(2)
[2024-10-11T04:22:41.107+0800][info] GC(169) Survivor regions: 1->1(1)
[2024-10-11T04:22:41.107+0800][info] GC(169) Old regions: 52->53
[2024-10-11T04:22:41.107+0800][info] GC(169) Archive regions: 2->2
[2024-10-11T04:22:41.107+0800][info] GC(169) Humongous regions: 3->3
[2024-10-11T04:22:41.107+0800][info] GC(169) Metaspace: 1616K(1792K)->1616K(1792K) NonClass: 1492K(1600K)->1492K(1600K) Class: 124K(192K)->124K(192K)
[2024-10-11T04:22:41.107+0800][info] GC(169) Pause Young (Mixed) (G1 Preventive Collection) 115M->114M(128M) 2.038ms
[2024-10-11T04:22:41.107+0800][info] GC(169) User=0.00s Sys=0.00s Real=0.01s
[2024-10-11T04:22:41.168+0800][info] GC(170) Pause Young (Mixed) (G1 Preventive Collection)
[2024-10-11T04:22:41.168+0800][info] GC(170) Using 3 workers of 48 for evacuation
[2024-10-11T04:22:41.170+0800][info] GC(170) To-space exhausted
[2024-10-11T04:22:41.170+0800][info] GC(170)   Pre Evacuate Collection Set: 0.2ms
[2024-10-11T04:22:41.170+0800][info] GC(170)   Merge Heap Roots: 0.1ms
[2024-10-11T04:22:41.170+0800][info] GC(170)   Evacuate Collection Set: 1.3ms
[2024-10-11T04:22:41.170+0800][info] GC(170)   Post Evacuate Collection Set: 0.6ms
[2024-10-11T04:22:41.170+0800][info] GC(170)   Other: 0.1ms
[2024-10-11T04:22:41.170+0800][info] GC(170) Eden regions: 1->0(2)
[2024-10-11T04:22:41.170+0800][info] GC(170) Survivor regions: 1->1(1)
[2024-10-11T04:22:41.170+0800][info] GC(170) Old regions: 53->57
[2024-10-11T04:22:41.170+0800][info] GC(170) Archive regions: 2->2
[2024-10-11T04:22:41.170+0800][info] GC(170) Humongous regions: 3->3
[2024-10-11T04:22:41.170+0800][info] GC(170) Metaspace: 1616K(1792K)->1616K(1792K) NonClass: 1492K(1600K)->1492K(1600K) Class: 124K(192K)->124K(192K)
[2024-10-11T04:22:41.170+0800][info] GC(170) Pause Young (Mixed) (G1 Preventive Collection) 116M->122M(128M) 2.328ms
[2024-10-11T04:22:41.170+0800][info] GC(170) User=0.00s Sys=0.00s Real=0.00s
[2024-10-11T04:22:41.211+0800][info] GC(171) Pause Young (Mixed) (G1 Evacuation Pause)
[2024-10-11T04:22:41.212+0800][info] GC(171) Using 3 workers of 48 for evacuation
[2024-10-11T04:22:41.213+0800][info] GC(171) To-space exhausted
[2024-10-11T04:22:41.213+0800][info] GC(171)   Pre Evacuate Collection Set: 0.2ms
[2024-10-11T04:22:41.213+0800][info] GC(171)   Merge Heap Roots: 0.1ms
[2024-10-11T04:22:41.213+0800][info] GC(171)   Evacuate Collection Set: 0.5ms
[2024-10-11T04:22:41.213+0800][info] GC(171)   Post Evacuate Collection Set: 0.3ms
[2024-10-11T04:22:41.213+0800][info] GC(171)   Other: 0.1ms
[2024-10-11T04:22:41.213+0800][info] GC(171) Eden regions: 1->0(3)
[2024-10-11T04:22:41.213+0800][info] GC(171) Survivor regions: 1->0(0)
[2024-10-11T04:22:41.213+0800][info] GC(171) Old regions: 57->59
[2024-10-11T04:22:41.213+0800][info] GC(171) Archive regions: 2->2
[2024-10-11T04:22:41.213+0800][info] GC(171) Humongous regions: 3->3
[2024-10-11T04:22:41.213+0800][info] GC(171) Metaspace: 1616K(1792K)->1616K(1792K) NonClass: 1492K(1600K)->1492K(1600K) Class: 124K(192K)->124K(192K)
[2024-10-11T04:22:41.213+0800][info] GC(171) Pause Young (Mixed) (G1 Evacuation Pause) 124M->124M(128M) 1.283ms
[2024-10-11T04:22:41.213+0800][info] GC(171) User=0.00s Sys=0.00s Real=0.00s
[2024-10-11T04:22:41.213+0800][info] Attempting full compaction
[2024-10-11T04:22:41.213+0800][info] GC(172) Using 3 workers of 48 for full compaction
[2024-10-11T04:22:41.213+0800][info] GC(172) Pause Full (G1 Compaction Pause)
[2024-10-11T04:22:41.213+0800][info] GC(172) Phase 1: Mark live objects
[2024-10-11T04:22:41.216+0800][info] GC(172) Phase 1: Mark live objects 3.170ms
[2024-10-11T04:22:41.216+0800][info] GC(172) Phase 2: Prepare for compaction
[2024-10-11T04:22:41.217+0800][info] GC(172) Phase 2: Prepare for compaction 0.632ms
[2024-10-11T04:22:41.217+0800][info] GC(172) Phase 3: Adjust pointers
[2024-10-11T04:22:41.218+0800][info] GC(172) Phase 3: Adjust pointers 1.517ms
[2024-10-11T04:22:41.218+0800][info] GC(172) Phase 4: Compact heap
[2024-10-11T04:22:41.230+0800][info] GC(172) Phase 4: Compact heap 11.724ms
[2024-10-11T04:22:41.231+0800][info] GC(172) Eden regions: 0->0(4)
[2024-10-11T04:22:41.231+0800][info] GC(172) Survivor regions: 0->0(0)
[2024-10-11T04:22:41.231+0800][info] GC(172) Old regions: 59->38
[2024-10-11T04:22:41.231+0800][info] GC(172) Archive regions: 2->2
[2024-10-11T04:22:41.231+0800][info] GC(172) Humongous regions: 3->3
[2024-10-11T04:22:41.231+0800][info] GC(172) Metaspace: 1616K(1792K)->1616K(1792K) NonClass: 1492K(1600K)->1492K(1600K) Class: 124K(192K)->124K(192K)
[2024-10-11T04:22:41.231+0800][info] GC(172) Pause Full (G1 Compaction Pause) 124M->71M(128M) 18.609ms
[2024-10-11T04:22:41.232+0800][info] GC(172) User=0.04s Sys=0.00s Real=0.02s
[2024-10-11T04:22:41.457+0800][info] GC(173) Pause Young (Normal) (G1 Evacuation Pause)
[2024-10-11T04:22:41.457+0800][info] GC(173) Using 3 workers of 48 for evacuation
[2024-10-11T04:22:41.458+0800][info] GC(173)   Pre Evacuate Collection Set: 0.1ms
[2024-10-11T04:22:41.459+0800][info] GC(173)   Merge Heap Roots: 0.1ms
[2024-10-11T04:22:41.459+0800][info] GC(173)   Evacuate Collection Set: 1.1ms
[2024-10-11T04:22:41.459+0800][info] GC(173)   Post Evacuate Collection Set: 0.2ms
[2024-10-11T04:22:41.459+0800][info] GC(173)   Other: 0.2ms
[2024-10-11T04:22:41.459+0800][info] GC(173) Eden regions: 4->0(2)
[2024-10-11T04:22:41.459+0800][info] GC(173) Survivor regions: 0->1(1)
[2024-10-11T04:22:41.459+0800][info] GC(173) Old regions: 38->42
[2024-10-11T04:22:41.459+0800][info] GC(173) Archive regions: 2->2
[2024-10-11T04:22:41.459+0800][info] GC(173) Humongous regions: 3->3
[2024-10-11T04:22:41.459+0800][info] GC(173) Metaspace: 1616K(1792K)->1616K(1792K) NonClass: 1492K(1600K)->1492K(1600K) Class: 124K(192K)->124K(192K)
[2024-10-11T04:22:41.459+0800][info] GC(173) Pause Young (Normal) (G1 Evacuation Pause) 79M->80M(128M) 1.794ms
[2024-10-11T04:22:41.459+0800][info] GC(173) User=0.01s Sys=0.00s Real=0.00s
[2024-10-11T04:22:41.562+0800][info] GC(174) Pause Young (Normal) (G1 Evacuation Pause)
[2024-10-11T04:22:41.562+0800][info] GC(174) Using 3 workers of 48 for evacuation
[2024-10-11T04:22:41.563+0800][info] GC(174)   Pre Evacuate Collection Set: 0.1ms
[2024-10-11T04:22:41.563+0800][info] GC(174)   Merge Heap Roots: 0.0ms
[2024-10-11T04:22:41.563+0800][info] GC(174)   Evacuate Collection Set: 0.7ms
[2024-10-11T04:22:41.563+0800][info] GC(174)   Post Evacuate Collection Set: 0.2ms
[2024-10-11T04:22:41.563+0800][info] GC(174)   Other: 0.2ms
[2024-10-11T04:22:41.563+0800][info] GC(174) Eden regions: 2->0(2)
[2024-10-11T04:22:41.563+0800][info] GC(174) Survivor regions: 1->1(1)
[2024-10-11T04:22:41.563+0800][info] GC(174) Old regions: 42->44
[2024-10-11T04:22:41.563+0800][info] GC(174) Archive regions: 2->2
[2024-10-11T04:22:41.563+0800][info] GC(174) Humongous regions: 3->3
[2024-10-11T04:22:41.563+0800][info] GC(174) Metaspace: 1618K(1792K)->1618K(1792K) NonClass: 1494K(1600K)->1494K(1600K) Class: 124K(192K)->124K(192K)
[2024-10-11T04:22:41.563+0800][info] GC(174) Pause Young (Normal) (G1 Evacuation Pause) 84M->84M(128M) 1.390ms
[2024-10-11T04:22:41.563+0800][info] GC(174) User=0.00s Sys=0.00s Real=0.00s
[2024-10-11T04:22:41.665+0800][info] GC(175) Pause Young (Normal) (G1 Evacuation Pause)
[2024-10-11T04:22:41.665+0800][info] GC(175) Using 3 workers of 48 for evacuation
[2024-10-11T04:22:41.666+0800][info] GC(175)   Pre Evacuate Collection Set: 0.1ms
[2024-10-11T04:22:41.666+0800][info] GC(175)   Merge Heap Roots: 0.0ms
[2024-10-11T04:22:41.666+0800][info] GC(175)   Evacuate Collection Set: 0.7ms
[2024-10-11T04:22:41.666+0800][info] GC(175)   Post Evacuate Collection Set: 0.2ms
[2024-10-11T04:22:41.666+0800][info] GC(175)   Other: 0.2ms
[2024-10-11T04:22:41.666+0800][info] GC(175) Eden regions: 2->0(2)
[2024-10-11T04:22:41.666+0800][info] GC(175) Survivor regions: 1->1(1)
[2024-10-11T04:22:41.666+0800][info] GC(175) Old regions: 44->45
[2024-10-11T04:22:41.666+0800][info] GC(175) Archive regions: 2->2
[2024-10-11T04:22:41.666+0800][info] GC(175) Humongous regions: 3->3
[2024-10-11T04:22:41.666+0800][info] GC(175) Metaspace: 1618K(1792K)->1618K(1792K) NonClass: 1494K(1600K)->1494K(1600K) Class: 124K(192K)->124K(192K)
[2024-10-11T04:22:41.666+0800][info] GC(175) Pause Young (Normal) (G1 Evacuation Pause) 87M->87M(128M) 1.303ms
[2024-10-11T04:22:41.666+0800][info] GC(175) User=0.00s Sys=0.00s Real=0.01s
[2024-10-11T04:22:41.769+0800][info] GC(176) Pause Young (Normal) (G1 Evacuation Pause)
[2024-10-11T04:22:41.769+0800][info] GC(176) Using 3 workers of 48 for evacuation
[2024-10-11T04:22:41.770+0800][info] GC(176)   Pre Evacuate Collection Set: 0.1ms
[2024-10-11T04:22:41.770+0800][info] GC(176)   Merge Heap Roots: 0.1ms
[2024-10-11T04:22:41.770+0800][info] GC(176)   Evacuate Collection Set: 0.7ms
[2024-10-11T04:22:41.770+0800][info] GC(176)   Post Evacuate Collection Set: 0.2ms
[2024-10-11T04:22:41.770+0800][info] GC(176)   Other: 0.2ms
[2024-10-11T04:22:41.770+0800][info] GC(176) Eden regions: 2->0(2)
[2024-10-11T04:22:41.770+0800][info] GC(176) Survivor regions: 1->1(1)
[2024-10-11T04:22:41.770+0800][info] GC(176) Old regions: 45->47
[2024-10-11T04:22:41.770+0800][info] GC(176) Archive regions: 2->2
[2024-10-11T04:22:41.770+0800][info] GC(176) Humongous regions: 3->3
[2024-10-11T04:22:41.770+0800][info] GC(176) Metaspace: 1618K(1792K)->1618K(1792K) NonClass: 1494K(1600K)->1494K(1600K) Class: 124K(192K)->124K(192K)
[2024-10-11T04:22:41.770+0800][info] GC(176) Pause Young (Normal) (G1 Evacuation Pause) 91M->90M(128M) 1.427ms
[2024-10-11T04:22:41.770+0800][info] GC(176) User=0.00s Sys=0.00s Real=0.00s
[2024-10-11T04:22:41.872+0800][info] GC(177) Pause Young (Concurrent Start) (G1 Evacuation Pause)
[2024-10-11T04:22:41.872+0800][info] GC(177) Using 3 workers of 48 for evacuation
[2024-10-11T04:22:41.874+0800][info] GC(177)   Pre Evacuate Collection Set: 0.1ms
[2024-10-11T04:22:41.874+0800][info] GC(177)   Merge Heap Roots: 0.0ms
[2024-10-11T04:22:41.874+0800][info] GC(177)   Evacuate Collection Set: 0.9ms
[2024-10-11T04:22:41.874+0800][info] GC(177)   Post Evacuate Collection Set: 0.2ms
[2024-10-11T04:22:41.874+0800][info] GC(177)   Other: 0.3ms
[2024-10-11T04:22:41.874+0800][info] GC(177) Eden regions: 2->0(2)
[2024-10-11T04:22:41.874+0800][info] GC(177) Survivor regions: 1->1(1)
[2024-10-11T04:22:41.874+0800][info] GC(177) Old regions: 47->49
[2024-10-11T04:22:41.874+0800][info] GC(177) Archive regions: 2->2
[2024-10-11T04:22:41.874+0800][info] GC(177) Humongous regions: 3->3
[2024-10-11T04:22:41.874+0800][info] GC(177) Metaspace: 1618K(1792K)->1618K(1792K) NonClass: 1494K(1600K)->1494K(1600K) Class: 124K(192K)->124K(192K)
[2024-10-11T04:22:41.874+0800][info] GC(177) Pause Young (Concurrent Start) (G1 Evacuation Pause) 94M->94M(128M) 1.662ms
[2024-10-11T04:22:41.874+0800][info] GC(177) User=0.00s Sys=0.00s Real=0.01s
[2024-10-11T04:22:41.874+0800][info] GC(178) Concurrent Mark Cycle
[2024-10-11T04:22:41.874+0800][info] GC(178) Concurrent Clear Claimed Marks
[2024-10-11T04:22:41.874+0800][info] GC(178) Concurrent Clear Claimed Marks 0.015ms
[2024-10-11T04:22:41.874+0800][info] GC(178) Concurrent Scan Root Regions
[2024-10-11T04:22:41.874+0800][info] GC(178) Concurrent Scan Root Regions 0.099ms
[2024-10-11T04:22:41.874+0800][info] GC(178) Concurrent Mark
[2024-10-11T04:22:41.874+0800][info] GC(178) Concurrent Mark From Roots
[2024-10-11T04:22:41.874+0800][info] GC(178) Using 12 workers of 12 for marking
[2024-10-11T04:22:41.878+0800][info] GC(178) Concurrent Mark From Roots 3.572ms
[2024-10-11T04:22:41.878+0800][info] GC(178) Concurrent Preclean
[2024-10-11T04:22:41.879+0800][info] GC(178) Concurrent Preclean 1.674ms
[2024-10-11T04:22:41.880+0800][info] GC(178) Pause Remark
[2024-10-11T04:22:41.881+0800][info] GC(178) Pause Remark 95M->95M(128M) 1.367ms
[2024-10-11T04:22:41.881+0800][info] GC(178) User=0.00s Sys=0.00s Real=0.00s
[2024-10-11T04:22:41.881+0800][info] GC(178) Concurrent Mark 6.865ms
[2024-10-11T04:22:41.881+0800][info] GC(178) Concurrent Rebuild Remembered Sets
[2024-10-11T04:22:41.883+0800][info] GC(178) Concurrent Rebuild Remembered Sets 1.509ms
[2024-10-11T04:22:41.883+0800][info] GC(178) Pause Cleanup
[2024-10-11T04:22:41.883+0800][info] GC(178) Pause Cleanup 95M->95M(128M) 0.157ms
[2024-10-11T04:22:41.883+0800][info] GC(178) User=0.00s Sys=0.00s Real=0.00s
[2024-10-11T04:22:41.883+0800][info] GC(178) Concurrent Cleanup for Next Mark
[2024-10-11T04:22:41.883+0800][info] GC(178) Concurrent Cleanup for Next Mark 0.355ms
[2024-10-11T04:22:41.883+0800][info] GC(178) Concurrent Mark Cycle 9.233ms
[2024-10-11T04:22:42.028+0800][info] GC(179) Pause Young (Prepare Mixed) (G1 Evacuation Pause)
[2024-10-11T04:22:42.028+0800][info] GC(179) Using 3 workers of 48 for evacuation
[2024-10-11T04:22:42.029+0800][info] GC(179)   Pre Evacuate Collection Set: 0.1ms
[2024-10-11T04:22:42.029+0800][info] GC(179)   Merge Heap Roots: 0.1ms
[2024-10-11T04:22:42.029+0800][info] GC(179)   Evacuate Collection Set: 0.8ms
[2024-10-11T04:22:42.029+0800][info] GC(179)   Post Evacuate Collection Set: 0.2ms
[2024-10-11T04:22:42.029+0800][info] GC(179)   Other: 0.2ms
[2024-10-11T04:22:42.029+0800][info] GC(179) Eden regions: 2->0(2)
[2024-10-11T04:22:42.029+0800][info] GC(179) Survivor regions: 1->1(1)
[2024-10-11T04:22:42.029+0800][info] GC(179) Old regions: 49->51
[2024-10-11T04:22:42.029+0800][info] GC(179) Archive regions: 2->2
[2024-10-11T04:22:42.029+0800][info] GC(179) Humongous regions: 3->3
[2024-10-11T04:22:42.029+0800][info] GC(179) Metaspace: 1618K(1792K)->1618K(1792K) NonClass: 1494K(1600K)->1494K(1600K) Class: 124K(192K)->124K(192K)
[2024-10-11T04:22:42.029+0800][info] GC(179) Pause Young (Prepare Mixed) (G1 Evacuation Pause) 98M->99M(128M) 1.437ms
[2024-10-11T04:22:42.029+0800][info] GC(179) User=0.00s Sys=0.00s Real=0.00s
[2024-10-11T04:22:42.131+0800][info] GC(180) Pause Young (Mixed) (G1 Preventive Collection)
[2024-10-11T04:22:42.131+0800][info] GC(180) Using 3 workers of 48 for evacuation
[2024-10-11T04:22:42.133+0800][info] GC(180)   Pre Evacuate Collection Set: 0.2ms
[2024-10-11T04:22:42.133+0800][info] GC(180)   Merge Heap Roots: 0.0ms
[2024-10-11T04:22:42.133+0800][info] GC(180)   Evacuate Collection Set: 1.2ms
[2024-10-11T04:22:42.133+0800][info] GC(180)   Post Evacuate Collection Set: 0.2ms
[2024-10-11T04:22:42.133+0800][info] GC(180)   Other: 0.2ms
[2024-10-11T04:22:42.133+0800][info] GC(180) Eden regions: 2->0(2)
[2024-10-11T04:22:42.133+0800][info] GC(180) Survivor regions: 1->1(1)
[2024-10-11T04:22:42.133+0800][info] GC(180) Old regions: 51->48
[2024-10-11T04:22:42.133+0800][info] GC(180) Archive regions: 2->2
[2024-10-11T04:22:42.133+0800][info] GC(180) Humongous regions: 3->3
[2024-10-11T04:22:42.133+0800][info] GC(180) Metaspace: 1618K(1792K)->1618K(1792K) NonClass: 1494K(1600K)->1494K(1600K) Class: 124K(192K)->124K(192K)
[2024-10-11T04:22:42.133+0800][info] GC(180) Pause Young (Mixed) (G1 Preventive Collection) 102M->96M(128M) 1.885ms
[2024-10-11T04:22:42.133+0800][info] GC(180) User=0.00s Sys=0.00s Real=0.00s
[2024-10-11T04:22:42.236+0800][info] GC(181) Pause Young (Mixed) (G1 Evacuation Pause)
[2024-10-11T04:22:42.236+0800][info] GC(181) Using 3 workers of 48 for evacuation
[2024-10-11T04:22:42.238+0800][info] GC(181)   Pre Evacuate Collection Set: 0.2ms
[2024-10-11T04:22:42.238+0800][info] GC(181)   Merge Heap Roots: 0.1ms
[2024-10-11T04:22:42.238+0800][info] GC(181)   Evacuate Collection Set: 2.1ms
[2024-10-11T04:22:42.238+0800][info] GC(181)   Post Evacuate Collection Set: 0.2ms
[2024-10-11T04:22:42.238+0800][info] GC(181)   Other: 0.1ms
[2024-10-11T04:22:42.238+0800][info] GC(181) Eden regions: 2->0(2)
[2024-10-11T04:22:42.238+0800][info] GC(181) Survivor regions: 1->1(1)
[2024-10-11T04:22:42.238+0800][info] GC(181) Old regions: 48->47
[2024-10-11T04:22:42.238+0800][info] GC(181) Archive regions: 2->2
[2024-10-11T04:22:42.238+0800][info] GC(181) Humongous regions: 3->3
[2024-10-11T04:22:42.238+0800][info] GC(181) Metaspace: 1624K(1792K)->1624K(1792K) NonClass: 1499K(1600K)->1499K(1600K) Class: 124K(192K)->124K(192K)
[2024-10-11T04:22:42.238+0800][info] GC(181) Pause Young (Mixed) (G1 Evacuation Pause) 99M->96M(128M) 2.825ms
[2024-10-11T04:22:42.238+0800][info] GC(181) User=0.00s Sys=0.00s Real=0.00s
[2024-10-11T04:22:42.341+0800][info] GC(182) Pause Young (Mixed) (G1 Evacuation Pause)
[2024-10-11T04:22:42.341+0800][info] GC(182) Using 3 workers of 48 for evacuation
[2024-10-11T04:22:42.343+0800][info] GC(182)   Pre Evacuate Collection Set: 0.2ms
[2024-10-11T04:22:42.343+0800][info] GC(182)   Merge Heap Roots: 0.1ms
[2024-10-11T04:22:42.343+0800][info] GC(182)   Evacuate Collection Set: 2.0ms
[2024-10-11T04:22:42.343+0800][info] GC(182)   Post Evacuate Collection Set: 0.2ms
[2024-10-11T04:22:42.343+0800][info] GC(182)   Other: 0.1ms
[2024-10-11T04:22:42.343+0800][info] GC(182) Eden regions: 2->0(2)
[2024-10-11T04:22:42.343+0800][info] GC(182) Survivor regions: 1->1(1)
[2024-10-11T04:22:42.343+0800][info] GC(182) Old regions: 47->47
[2024-10-11T04:22:42.343+0800][info] GC(182) Archive regions: 2->2
[2024-10-11T04:22:42.343+0800][info] GC(182) Humongous regions: 3->3
[2024-10-11T04:22:42.343+0800][info] GC(182) Metaspace: 1624K(1792K)->1624K(1792K) NonClass: 1499K(1600K)->1499K(1600K) Class: 124K(192K)->124K(192K)
[2024-10-11T04:22:42.343+0800][info] GC(182) Pause Young (Mixed) (G1 Evacuation Pause) 99M->97M(128M) 2.674ms
[2024-10-11T04:22:42.343+0800][info] GC(182) User=0.00s Sys=0.00s Real=0.00s
[2024-10-11T04:22:42.446+0800][info] GC(183) Pause Young (Mixed) (G1 Evacuation Pause)
[2024-10-11T04:22:42.446+0800][info] GC(183) Using 3 workers of 48 for evacuation
[2024-10-11T04:22:42.448+0800][info] GC(183)   Pre Evacuate Collection Set: 0.2ms
[2024-10-11T04:22:42.448+0800][info] GC(183)   Merge Heap Roots: 0.1ms
[2024-10-11T04:22:42.448+0800][info] GC(183)   Evacuate Collection Set: 2.0ms
[2024-10-11T04:22:42.448+0800][info] GC(183)   Post Evacuate Collection Set: 0.2ms
[2024-10-11T04:22:42.448+0800][info] GC(183)   Other: 0.1ms
[2024-10-11T04:22:42.448+0800][info] GC(183) Eden regions: 2->0(2)
[2024-10-11T04:22:42.448+0800][info] GC(183) Survivor regions: 1->1(1)
[2024-10-11T04:22:42.448+0800][info] GC(183) Old regions: 47->47
[2024-10-11T04:22:42.448+0800][info] GC(183) Archive regions: 2->2
[2024-10-11T04:22:42.448+0800][info] GC(183) Humongous regions: 3->3
[2024-10-11T04:22:42.448+0800][info] GC(183) Metaspace: 1624K(1792K)->1624K(1792K) NonClass: 1499K(1600K)->1499K(1600K) Class: 124K(192K)->124K(192K)
[2024-10-11T04:22:42.448+0800][info] GC(183) Pause Young (Mixed) (G1 Evacuation Pause) 101M->98M(128M) 2.616ms
[2024-10-11T04:22:42.448+0800][info] GC(183) User=0.01s Sys=0.00s Real=0.00s
[2024-10-11T04:22:42.551+0800][info] GC(184) Pause Young (Mixed) (G1 Evacuation Pause)
[2024-10-11T04:22:42.551+0800][info] GC(184) Using 3 workers of 48 for evacuation
[2024-10-11T04:22:42.552+0800][info] GC(184)   Pre Evacuate Collection Set: 0.2ms
[2024-10-11T04:22:42.552+0800][info] GC(184)   Merge Heap Roots: 0.0ms
[2024-10-11T04:22:42.552+0800][info] GC(184)   Evacuate Collection Set: 0.9ms
[2024-10-11T04:22:42.552+0800][info] GC(184)   Post Evacuate Collection Set: 0.2ms
[2024-10-11T04:22:42.552+0800][info] GC(184)   Other: 0.1ms
[2024-10-11T04:22:42.552+0800][info] GC(184) Eden regions: 2->0(2)
[2024-10-11T04:22:42.552+0800][info] GC(184) Survivor regions: 1->1(1)
[2024-10-11T04:22:42.552+0800][info] GC(184) Old regions: 47->49
[2024-10-11T04:22:42.552+0800][info] GC(184) Archive regions: 2->2
[2024-10-11T04:22:42.552+0800][info] GC(184) Humongous regions: 3->3
[2024-10-11T04:22:42.552+0800][info] GC(184) Metaspace: 1624K(1792K)->1624K(1792K) NonClass: 1499K(1600K)->1499K(1600K) Class: 124K(192K)->124K(192K)
[2024-10-11T04:22:42.552+0800][info] GC(184) Pause Young (Mixed) (G1 Evacuation Pause) 102M->102M(128M) 1.536ms
[2024-10-11T04:22:42.552+0800][info] GC(184) User=0.00s Sys=0.00s Real=0.00s
[2024-10-11T04:22:42.654+0800][info] GC(185) Pause Young (Normal) (G1 Evacuation Pause)
[2024-10-11T04:22:42.654+0800][info] GC(185) Using 3 workers of 48 for evacuation
[2024-10-11T04:22:42.656+0800][info] GC(185)   Pre Evacuate Collection Set: 0.1ms
[2024-10-11T04:22:42.656+0800][info] GC(185)   Merge Heap Roots: 0.0ms
[2024-10-11T04:22:42.656+0800][info] GC(185)   Evacuate Collection Set: 0.8ms
[2024-10-11T04:22:42.656+0800][info] GC(185)   Post Evacuate Collection Set: 0.2ms
[2024-10-11T04:22:42.656+0800][info] GC(185)   Other: 0.2ms
[2024-10-11T04:22:42.656+0800][info] GC(185) Eden regions: 2->0(2)
[2024-10-11T04:22:42.656+0800][info] GC(185) Survivor regions: 1->1(1)
[2024-10-11T04:22:42.656+0800][info] GC(185) Old regions: 49->51
[2024-10-11T04:22:42.656+0800][info] GC(185) Archive regions: 2->2
[2024-10-11T04:22:42.656+0800][info] GC(185) Humongous regions: 3->3
[2024-10-11T04:22:42.656+0800][info] GC(185) Metaspace: 1624K(1792K)->1624K(1792K) NonClass: 1499K(1600K)->1499K(1600K) Class: 124K(192K)->124K(192K)
[2024-10-11T04:22:42.656+0800][info] GC(185) Pause Young (Normal) (G1 Evacuation Pause) 105M->106M(128M) 1.453ms
[2024-10-11T04:22:42.656+0800][info] GC(185) User=0.00s Sys=0.00s Real=0.00s
[2024-10-11T04:22:42.758+0800][info] GC(186) Pause Young (Concurrent Start) (G1 Evacuation Pause)
[2024-10-11T04:22:42.758+0800][info] GC(186) Using 3 workers of 48 for evacuation
[2024-10-11T04:22:42.759+0800][info] GC(186)   Pre Evacuate Collection Set: 0.1ms
[2024-10-11T04:22:42.759+0800][info] GC(186)   Merge Heap Roots: 0.0ms
[2024-10-11T04:22:42.759+0800][info] GC(186)   Evacuate Collection Set: 0.8ms
[2024-10-11T04:22:42.759+0800][info] GC(186)   Post Evacuate Collection Set: 0.2ms
[2024-10-11T04:22:42.759+0800][info] GC(186)   Other: 0.3ms
[2024-10-11T04:22:42.759+0800][info] GC(186) Eden regions: 2->0(2)
[2024-10-11T04:22:42.759+0800][info] GC(186) Survivor regions: 1->1(1)
[2024-10-11T04:22:42.759+0800][info] GC(186) Old regions: 51->53
[2024-10-11T04:22:42.760+0800][info] GC(186) Archive regions: 2->2
[2024-10-11T04:22:42.760+0800][info] GC(186) Humongous regions: 3->3
[2024-10-11T04:22:42.760+0800][info] GC(186) Metaspace: 1624K(1792K)->1624K(1792K) NonClass: 1499K(1600K)->1499K(1600K) Class: 124K(192K)->124K(192K)
[2024-10-11T04:22:42.760+0800][info] GC(186) Pause Young (Concurrent Start) (G1 Evacuation Pause) 109M->110M(128M) 1.615ms
[2024-10-11T04:22:42.760+0800][info] GC(186) User=0.01s Sys=0.00s Real=0.00s
[2024-10-11T04:22:42.760+0800][info] GC(187) Concurrent Mark Cycle
[2024-10-11T04:22:42.760+0800][info] GC(187) Concurrent Clear Claimed Marks
[2024-10-11T04:22:42.760+0800][info] GC(187) Concurrent Clear Claimed Marks 0.015ms
[2024-10-11T04:22:42.760+0800][info] GC(187) Concurrent Scan Root Regions
[2024-10-11T04:22:42.760+0800][info] GC(187) Concurrent Scan Root Regions 0.097ms
[2024-10-11T04:22:42.760+0800][info] GC(187) Concurrent Mark
[2024-10-11T04:22:42.760+0800][info] GC(187) Concurrent Mark From Roots
[2024-10-11T04:22:42.760+0800][info] GC(187) Using 12 workers of 12 for marking
[2024-10-11T04:22:42.763+0800][info] GC(187) Concurrent Mark From Roots 3.689ms
[2024-10-11T04:22:42.764+0800][info] GC(187) Concurrent Preclean
[2024-10-11T04:22:42.765+0800][info] GC(187) Concurrent Preclean 1.721ms
[2024-10-11T04:22:42.765+0800][info] GC(187) Pause Remark
[2024-10-11T04:22:42.767+0800][info] GC(187) Pause Remark 111M->109M(128M) 1.236ms
[2024-10-11T04:22:42.767+0800][info] GC(187) User=0.00s Sys=0.00s Real=0.00s
[2024-10-11T04:22:42.767+0800][info] GC(187) Concurrent Mark 6.815ms
[2024-10-11T04:22:42.767+0800][info] GC(187) Concurrent Rebuild Remembered Sets
[2024-10-11T04:22:42.768+0800][info] GC(187) Concurrent Rebuild Remembered Sets 1.467ms
[2024-10-11T04:22:42.768+0800][info] GC(187) Pause Cleanup
[2024-10-11T04:22:42.768+0800][info] GC(187) Pause Cleanup 109M->109M(128M) 0.181ms
[2024-10-11T04:22:42.768+0800][info] GC(187) User=0.00s Sys=0.00s Real=0.00s
[2024-10-11T04:22:42.768+0800][info] GC(187) Concurrent Cleanup for Next Mark
[2024-10-11T04:22:42.769+0800][info] GC(187) Concurrent Cleanup for Next Mark 0.368ms
[2024-10-11T04:22:42.769+0800][info] GC(187) Concurrent Mark Cycle 9.260ms
[2024-10-11T04:22:42.913+0800][info] GC(188) Pause Young (Prepare Mixed) (G1 Preventive Collection)
[2024-10-11T04:22:42.913+0800][info] GC(188) Using 3 workers of 48 for evacuation
[2024-10-11T04:22:42.914+0800][info] GC(188)   Pre Evacuate Collection Set: 0.1ms
[2024-10-11T04:22:42.914+0800][info] GC(188)   Merge Heap Roots: 0.1ms
[2024-10-11T04:22:42.915+0800][info] GC(188)   Evacuate Collection Set: 0.8ms
[2024-10-11T04:22:42.915+0800][info] GC(188)   Post Evacuate Collection Set: 0.2ms
[2024-10-11T04:22:42.915+0800][info] GC(188)   Other: 0.2ms
[2024-10-11T04:22:42.915+0800][info] GC(188) Eden regions: 2->0(2)
[2024-10-11T04:22:42.915+0800][info] GC(188) Survivor regions: 1->1(1)
[2024-10-11T04:22:42.915+0800][info] GC(188) Old regions: 52->54
[2024-10-11T04:22:42.915+0800][info] GC(188) Archive regions: 2->2
[2024-10-11T04:22:42.915+0800][info] GC(188) Humongous regions: 3->3
[2024-10-11T04:22:42.915+0800][info] GC(188) Metaspace: 1624K(1792K)->1624K(1792K) NonClass: 1499K(1600K)->1499K(1600K) Class: 124K(192K)->124K(192K)
[2024-10-11T04:22:42.915+0800][info] GC(188) Pause Young (Prepare Mixed) (G1 Preventive Collection) 112M->112M(128M) 1.468ms
[2024-10-11T04:22:42.915+0800][info] GC(188) User=0.01s Sys=0.00s Real=0.00s
[2024-10-11T04:22:42.976+0800][info] GC(189) Pause Young (Mixed) (G1 Preventive Collection)
[2024-10-11T04:22:42.976+0800][info] GC(189) Using 3 workers of 48 for evacuation
[2024-10-11T04:22:42.978+0800][info] GC(189) To-space exhausted
[2024-10-11T04:22:42.978+0800][info] GC(189)   Pre Evacuate Collection Set: 0.2ms
[2024-10-11T04:22:42.978+0800][info] GC(189)   Merge Heap Roots: 0.1ms
[2024-10-11T04:22:42.978+0800][info] GC(189)   Evacuate Collection Set: 0.9ms
[2024-10-11T04:22:42.978+0800][info] GC(189)   Post Evacuate Collection Set: 0.3ms
[2024-10-11T04:22:42.978+0800][info] GC(189)   Other: 0.2ms
[2024-10-11T04:22:42.978+0800][info] GC(189) Eden regions: 1->0(2)
[2024-10-11T04:22:42.978+0800][info] GC(189) Survivor regions: 1->1(1)
[2024-10-11T04:22:42.978+0800][info] GC(189) Old regions: 54->57
[2024-10-11T04:22:42.978+0800][info] GC(189) Archive regions: 2->2
[2024-10-11T04:22:42.978+0800][info] GC(189) Humongous regions: 3->3
[2024-10-11T04:22:42.978+0800][info] GC(189) Metaspace: 1624K(1792K)->1624K(1792K) NonClass: 1499K(1600K)->1499K(1600K) Class: 124K(192K)->124K(192K)
[2024-10-11T04:22:42.978+0800][info] GC(189) Pause Young (Mixed) (G1 Preventive Collection) 114M->119M(128M) 1.759ms
[2024-10-11T04:22:42.978+0800][info] GC(189) User=0.00s Sys=0.00s Real=0.00s
[2024-10-11T04:22:43.019+0800][info] GC(190) Pause Young (Mixed) (G1 Evacuation Pause)
[2024-10-11T04:22:43.019+0800][info] GC(190) Using 3 workers of 48 for evacuation
[2024-10-11T04:22:43.020+0800][info] GC(190) To-space exhausted
[2024-10-11T04:22:43.020+0800][info] GC(190)   Pre Evacuate Collection Set: 0.2ms
[2024-10-11T04:22:43.020+0800][info] GC(190)   Merge Heap Roots: 0.1ms
[2024-10-11T04:22:43.020+0800][info] GC(190)   Evacuate Collection Set: 0.5ms
[2024-10-11T04:22:43.020+0800][info] GC(190)   Post Evacuate Collection Set: 0.7ms
[2024-10-11T04:22:43.020+0800][info] GC(190)   Other: 0.1ms
[2024-10-11T04:22:43.020+0800][info] GC(190) Eden regions: 1->0(3)
[2024-10-11T04:22:43.020+0800][info] GC(190) Survivor regions: 1->0(0)
[2024-10-11T04:22:43.020+0800][info] GC(190) Old regions: 57->59
[2024-10-11T04:22:43.020+0800][info] GC(190) Archive regions: 2->2
[2024-10-11T04:22:43.020+0800][info] GC(190) Humongous regions: 3->3
[2024-10-11T04:22:43.020+0800][info] GC(190) Metaspace: 1624K(1792K)->1624K(1792K) NonClass: 1499K(1600K)->1499K(1600K) Class: 124K(192K)->124K(192K)
[2024-10-11T04:22:43.020+0800][info] GC(190) Pause Young (Mixed) (G1 Evacuation Pause) 120M->120M(128M) 1.628ms
[2024-10-11T04:22:43.020+0800][info] GC(190) User=0.00s Sys=0.00s Real=0.00s
[2024-10-11T04:22:43.020+0800][info] Attempting full compaction
[2024-10-11T04:22:43.020+0800][info] GC(191) Using 3 workers of 48 for full compaction
[2024-10-11T04:22:43.020+0800][info] GC(191) Pause Full (G1 Compaction Pause)
[2024-10-11T04:22:43.021+0800][info] GC(191) Phase 1: Mark live objects
[2024-10-11T04:22:43.023+0800][info] GC(191) Phase 1: Mark live objects 2.931ms
[2024-10-11T04:22:43.023+0800][info] GC(191) Phase 2: Prepare for compaction
[2024-10-11T04:22:43.024+0800][info] GC(191) Phase 2: Prepare for compaction 0.581ms
[2024-10-11T04:22:43.024+0800][info] GC(191) Phase 3: Adjust pointers
[2024-10-11T04:22:43.026+0800][info] GC(191) Phase 3: Adjust pointers 1.456ms
[2024-10-11T04:22:43.026+0800][info] GC(191) Phase 4: Compact heap
[2024-10-11T04:22:43.038+0800][info] GC(191) Phase 4: Compact heap 12.858ms
[2024-10-11T04:22:43.040+0800][info] GC(191) Eden regions: 0->0(4)
[2024-10-11T04:22:43.040+0800][info] GC(191) Survivor regions: 0->0(0)
[2024-10-11T04:22:43.040+0800][info] GC(191) Old regions: 59->38
[2024-10-11T04:22:43.040+0800][info] GC(191) Archive regions: 2->2
[2024-10-11T04:22:43.040+0800][info] GC(191) Humongous regions: 3->3
[2024-10-11T04:22:43.040+0800][info] GC(191) Metaspace: 1624K(1792K)->1624K(1792K) NonClass: 1499K(1600K)->1499K(1600K) Class: 124K(192K)->124K(192K)
[2024-10-11T04:22:43.040+0800][info] GC(191) Pause Full (G1 Compaction Pause) 120M->71M(128M) 19.404ms
[2024-10-11T04:22:43.040+0800][info] GC(191) User=0.04s Sys=0.00s Real=0.02s
[2024-10-11T04:22:43.266+0800][info] GC(192) Pause Young (Normal) (G1 Evacuation Pause)
[2024-10-11T04:22:43.266+0800][info] GC(192) Using 3 workers of 48 for evacuation
[2024-10-11T04:22:43.267+0800][info] GC(192)   Pre Evacuate Collection Set: 0.1ms
[2024-10-11T04:22:43.267+0800][info] GC(192)   Merge Heap Roots: 0.0ms
[2024-10-11T04:22:43.267+0800][info] GC(192)   Evacuate Collection Set: 1.0ms
[2024-10-11T04:22:43.267+0800][info] GC(192)   Post Evacuate Collection Set: 0.2ms
[2024-10-11T04:22:43.267+0800][info] GC(192)   Other: 0.2ms
[2024-10-11T04:22:43.267+0800][info] GC(192) Eden regions: 4->0(2)
[2024-10-11T04:22:43.267+0800][info] GC(192) Survivor regions: 0->1(1)
[2024-10-11T04:22:43.267+0800][info] GC(192) Old regions: 38->41
[2024-10-11T04:22:43.267+0800][info] GC(192) Archive regions: 2->2
[2024-10-11T04:22:43.267+0800][info] GC(192) Humongous regions: 4->4
[2024-10-11T04:22:43.267+0800][info] GC(192) Metaspace: 1624K(1792K)->1624K(1792K) NonClass: 1499K(1600K)->1499K(1600K) Class: 124K(192K)->124K(192K)
[2024-10-11T04:22:43.267+0800][info] GC(192) Pause Young (Normal) (G1 Evacuation Pause) 81M->80M(128M) 1.706ms
[2024-10-11T04:22:43.267+0800][info] GC(192) User=0.00s Sys=0.00s Real=0.00s
[2024-10-11T04:22:43.370+0800][info] GC(193) Pause Young (Normal) (G1 Evacuation Pause)
[2024-10-11T04:22:43.370+0800][info] GC(193) Using 3 workers of 48 for evacuation
[2024-10-11T04:22:43.371+0800][info] GC(193)   Pre Evacuate Collection Set: 0.1ms
[2024-10-11T04:22:43.371+0800][info] GC(193)   Merge Heap Roots: 0.0ms
[2024-10-11T04:22:43.371+0800][info] GC(193)   Evacuate Collection Set: 0.9ms
[2024-10-11T04:22:43.371+0800][info] GC(193)   Post Evacuate Collection Set: 0.2ms
[2024-10-11T04:22:43.371+0800][info] GC(193)   Other: 0.2ms
[2024-10-11T04:22:43.371+0800][info] GC(193) Eden regions: 2->0(2)
[2024-10-11T04:22:43.371+0800][info] GC(193) Survivor regions: 1->1(1)
[2024-10-11T04:22:43.371+0800][info] GC(193) Old regions: 41->43
[2024-10-11T04:22:43.371+0800][info] GC(193) Archive regions: 2->2
[2024-10-11T04:22:43.371+0800][info] GC(193) Humongous regions: 4->4
[2024-10-11T04:22:43.371+0800][info] GC(193) Metaspace: 1624K(1792K)->1624K(1792K) NonClass: 1499K(1600K)->1499K(1600K) Class: 124K(192K)->124K(192K)
[2024-10-11T04:22:43.371+0800][info] GC(193) Pause Young (Normal) (G1 Evacuation Pause) 84M->85M(128M) 1.606ms
[2024-10-11T04:22:43.371+0800][info] GC(193) User=0.01s Sys=0.00s Real=0.00s
[2024-10-11T04:22:43.473+0800][info] GC(194) Pause Young (Normal) (G1 Evacuation Pause)
[2024-10-11T04:22:43.473+0800][info] GC(194) Using 3 workers of 48 for evacuation
[2024-10-11T04:22:43.475+0800][info] GC(194)   Pre Evacuate Collection Set: 0.1ms
[2024-10-11T04:22:43.475+0800][info] GC(194)   Merge Heap Roots: 0.1ms
[2024-10-11T04:22:43.475+0800][info] GC(194)   Evacuate Collection Set: 0.7ms
[2024-10-11T04:22:43.475+0800][info] GC(194)   Post Evacuate Collection Set: 0.2ms
[2024-10-11T04:22:43.475+0800][info] GC(194)   Other: 0.2ms
[2024-10-11T04:22:43.475+0800][info] GC(194) Eden regions: 2->0(2)
[2024-10-11T04:22:43.475+0800][info] GC(194) Survivor regions: 1->1(1)
[2024-10-11T04:22:43.475+0800][info] GC(194) Old regions: 43->45
[2024-10-11T04:22:43.475+0800][info] GC(194) Archive regions: 2->2
[2024-10-11T04:22:43.475+0800][info] GC(194) Humongous regions: 4->4
[2024-10-11T04:22:43.475+0800][info] GC(194) Metaspace: 1624K(1792K)->1624K(1792K) NonClass: 1499K(1600K)->1499K(1600K) Class: 124K(192K)->124K(192K)
[2024-10-11T04:22:43.475+0800][info] GC(194) Pause Young (Normal) (G1 Evacuation Pause) 88M->89M(128M) 1.339ms
[2024-10-11T04:22:43.475+0800][info] GC(194) User=0.00s Sys=0.00s Real=0.00s
[2024-10-11T04:22:43.577+0800][info] GC(195) Pause Young (Normal) (G1 Evacuation Pause)
[2024-10-11T04:22:43.577+0800][info] GC(195) Using 3 workers of 48 for evacuation
[2024-10-11T04:22:43.578+0800][info] GC(195)   Pre Evacuate Collection Set: 0.1ms
[2024-10-11T04:22:43.578+0800][info] GC(195)   Merge Heap Roots: 0.1ms
[2024-10-11T04:22:43.578+0800][info] GC(195)   Evacuate Collection Set: 0.8ms
[2024-10-11T04:22:43.578+0800][info] GC(195)   Post Evacuate Collection Set: 0.2ms
[2024-10-11T04:22:43.578+0800][info] GC(195)   Other: 0.2ms
[2024-10-11T04:22:43.579+0800][info] GC(195) Eden regions: 2->0(2)
[2024-10-11T04:22:43.579+0800][info] GC(195) Survivor regions: 1->1(1)
[2024-10-11T04:22:43.579+0800][info] GC(195) Old regions: 45->47
[2024-10-11T04:22:43.579+0800][info] GC(195) Archive regions: 2->2
[2024-10-11T04:22:43.579+0800][info] GC(195) Humongous regions: 4->4
[2024-10-11T04:22:43.579+0800][info] GC(195) Metaspace: 1624K(1792K)->1624K(1792K) NonClass: 1499K(1600K)->1499K(1600K) Class: 124K(192K)->124K(192K)
[2024-10-11T04:22:43.579+0800][info] GC(195) Pause Young (Normal) (G1 Evacuation Pause) 92M->92M(128M) 1.404ms
[2024-10-11T04:22:43.579+0800][info] GC(195) User=0.00s Sys=0.00s Real=0.00s
[2024-10-11T04:22:43.681+0800][info] GC(196) Pause Young (Concurrent Start) (G1 Evacuation Pause)
[2024-10-11T04:22:43.681+0800][info] GC(196) Using 3 workers of 48 for evacuation
[2024-10-11T04:22:43.682+0800][info] GC(196)   Pre Evacuate Collection Set: 0.1ms
[2024-10-11T04:22:43.682+0800][info] GC(196)   Merge Heap Roots: 0.0ms
[2024-10-11T04:22:43.682+0800][info] GC(196)   Evacuate Collection Set: 0.8ms
[2024-10-11T04:22:43.682+0800][info] GC(196)   Post Evacuate Collection Set: 0.2ms
[2024-10-11T04:22:43.682+0800][info] GC(196)   Other: 0.3ms
[2024-10-11T04:22:43.682+0800][info] GC(196) Eden regions: 2->0(2)
[2024-10-11T04:22:43.682+0800][info] GC(196) Survivor regions: 1->1(1)
[2024-10-11T04:22:43.682+0800][info] GC(196) Old regions: 47->49
[2024-10-11T04:22:43.682+0800][info] GC(196) Archive regions: 2->2
[2024-10-11T04:22:43.682+0800][info] GC(196) Humongous regions: 4->4
[2024-10-11T04:22:43.682+0800][info] GC(196) Metaspace: 1624K(1792K)->1624K(1792K) NonClass: 1499K(1600K)->1499K(1600K) Class: 124K(192K)->124K(192K)
[2024-10-11T04:22:43.682+0800][info] GC(196) Pause Young (Concurrent Start) (G1 Evacuation Pause) 96M->96M(128M) 1.578ms
[2024-10-11T04:22:43.682+0800][info] GC(196) User=0.01s Sys=0.00s Real=0.00s
[2024-10-11T04:22:43.682+0800][info] GC(197) Concurrent Mark Cycle
[2024-10-11T04:22:43.682+0800][info] GC(197) Concurrent Clear Claimed Marks
[2024-10-11T04:22:43.682+0800][info] GC(197) Concurrent Clear Claimed Marks 0.014ms
[2024-10-11T04:22:43.682+0800][info] GC(197) Concurrent Scan Root Regions
[2024-10-11T04:22:43.683+0800][info] GC(197) Concurrent Scan Root Regions 0.101ms
[2024-10-11T04:22:43.683+0800][info] GC(197) Concurrent Mark
[2024-10-11T04:22:43.683+0800][info] GC(197) Concurrent Mark From Roots
[2024-10-11T04:22:43.683+0800][info] GC(197) Using 12 workers of 12 for marking
[2024-10-11T04:22:43.686+0800][info] GC(197) Concurrent Mark From Roots 3.637ms
[2024-10-11T04:22:43.686+0800][info] GC(197) Concurrent Preclean
[2024-10-11T04:22:43.688+0800][info] GC(197) Concurrent Preclean 1.669ms
[2024-10-11T04:22:43.688+0800][info] GC(197) Pause Remark
[2024-10-11T04:22:43.689+0800][info] GC(197) Pause Remark 96M->94M(128M) 1.377ms
[2024-10-11T04:22:43.689+0800][info] GC(197) User=0.00s Sys=0.00s Real=0.00s
[2024-10-11T04:22:43.689+0800][info] GC(197) Concurrent Mark 6.846ms
[2024-10-11T04:22:43.689+0800][info] GC(197) Concurrent Rebuild Remembered Sets
[2024-10-11T04:22:43.691+0800][info] GC(197) Concurrent Rebuild Remembered Sets 1.507ms
[2024-10-11T04:22:43.691+0800][info] GC(197) Pause Cleanup
[2024-10-11T04:22:43.691+0800][info] GC(197) Pause Cleanup 94M->94M(128M) 0.155ms
[2024-10-11T04:22:43.691+0800][info] GC(197) User=0.00s Sys=0.00s Real=0.00s
[2024-10-11T04:22:43.691+0800][info] GC(197) Concurrent Cleanup for Next Mark
[2024-10-11T04:22:43.692+0800][info] GC(197) Concurrent Cleanup for Next Mark 0.359ms
[2024-10-11T04:22:43.692+0800][info] GC(197) Concurrent Mark Cycle 9.231ms
[2024-10-11T04:22:43.836+0800][info] GC(198) Pause Young (Prepare Mixed) (G1 Evacuation Pause)
[2024-10-11T04:22:43.836+0800][info] GC(198) Using 3 workers of 48 for evacuation
[2024-10-11T04:22:43.837+0800][info] GC(198)   Pre Evacuate Collection Set: 0.1ms
[2024-10-11T04:22:43.837+0800][info] GC(198)   Merge Heap Roots: 0.1ms
[2024-10-11T04:22:43.837+0800][info] GC(198)   Evacuate Collection Set: 0.9ms
[2024-10-11T04:22:43.837+0800][info] GC(198)   Post Evacuate Collection Set: 0.2ms
[2024-10-11T04:22:43.837+0800][info] GC(198)   Other: 0.2ms
[2024-10-11T04:22:43.837+0800][info] GC(198) Eden regions: 2->0(2)
[2024-10-11T04:22:43.837+0800][info] GC(198) Survivor regions: 1->1(1)
[2024-10-11T04:22:43.837+0800][info] GC(198) Old regions: 48->50
[2024-10-11T04:22:43.837+0800][info] GC(198) Archive regions: 2->2
[2024-10-11T04:22:43.837+0800][info] GC(198) Humongous regions: 3->3
[2024-10-11T04:22:43.837+0800][info] GC(198) Metaspace: 1624K(1792K)->1624K(1792K) NonClass: 1499K(1600K)->1499K(1600K) Class: 124K(192K)->124K(192K)
[2024-10-11T04:22:43.837+0800][info] GC(198) Pause Young (Prepare Mixed) (G1 Evacuation Pause) 97M->97M(128M) 1.641ms
[2024-10-11T04:22:43.837+0800][info] GC(198) User=0.00s Sys=0.00s Real=0.00s
[2024-10-11T04:22:43.939+0800][info] GC(199) Pause Young (Mixed) (G1 Evacuation Pause)
[2024-10-11T04:22:43.939+0800][info] GC(199) Using 3 workers of 48 for evacuation
[2024-10-11T04:22:43.941+0800][info] GC(199)   Pre Evacuate Collection Set: 0.2ms
[2024-10-11T04:22:43.941+0800][info] GC(199)   Merge Heap Roots: 0.1ms
[2024-10-11T04:22:43.941+0800][info] GC(199)   Evacuate Collection Set: 1.2ms
[2024-10-11T04:22:43.941+0800][info] GC(199)   Post Evacuate Collection Set: 0.2ms
[2024-10-11T04:22:43.941+0800][info] GC(199)   Other: 0.2ms
[2024-10-11T04:22:43.941+0800][info] GC(199) Eden regions: 2->0(2)
[2024-10-11T04:22:43.941+0800][info] GC(199) Survivor regions: 1->1(1)
[2024-10-11T04:22:43.941+0800][info] GC(199) Old regions: 50->46
[2024-10-11T04:22:43.941+0800][info] GC(199) Archive regions: 2->2
[2024-10-11T04:22:43.941+0800][info] GC(199) Humongous regions: 3->3
[2024-10-11T04:22:43.941+0800][info] GC(199) Metaspace: 1624K(1792K)->1624K(1792K) NonClass: 1499K(1600K)->1499K(1600K) Class: 124K(192K)->124K(192K)
[2024-10-11T04:22:43.941+0800][info] GC(199) Pause Young (Mixed) (G1 Evacuation Pause) 101M->93M(128M) 1.963ms
[2024-10-11T04:22:43.941+0800][info] GC(199) User=0.00s Sys=0.00s Real=0.00s
[2024-10-11T04:22:44.044+0800][info] GC(200) Pause Young (Mixed) (G1 Evacuation Pause)
[2024-10-11T04:22:44.044+0800][info] GC(200) Using 3 workers of 48 for evacuation
[2024-10-11T04:22:44.046+0800][info] GC(200)   Pre Evacuate Collection Set: 0.2ms
[2024-10-11T04:22:44.046+0800][info] GC(200)   Merge Heap Roots: 0.1ms
[2024-10-11T04:22:44.046+0800][info] GC(200)   Evacuate Collection Set: 1.8ms
[2024-10-11T04:22:44.046+0800][info] GC(200)   Post Evacuate Collection Set: 0.2ms
[2024-10-11T04:22:44.046+0800][info] GC(200)   Other: 0.1ms
[2024-10-11T04:22:44.046+0800][info] GC(200) Eden regions: 2->0(2)
[2024-10-11T04:22:44.046+0800][info] GC(200) Survivor regions: 1->1(1)
[2024-10-11T04:22:44.046+0800][info] GC(200) Old regions: 46->45
[2024-10-11T04:22:44.046+0800][info] GC(200) Archive regions: 2->2
[2024-10-11T04:22:44.046+0800][info] GC(200) Humongous regions: 3->3
[2024-10-11T04:22:44.046+0800][info] GC(200) Metaspace: 1624K(1792K)->1624K(1792K) NonClass: 1499K(1600K)->1499K(1600K) Class: 124K(192K)->124K(192K)
[2024-10-11T04:22:44.046+0800][info] GC(200) Pause Young (Mixed) (G1 Evacuation Pause) 96M->92M(128M) 2.502ms
[2024-10-11T04:22:44.046+0800][info] GC(200) User=0.01s Sys=0.00s Real=0.01s
[2024-10-11T04:22:44.148+0800][info] GC(201) Pause Young (Mixed) (G1 Evacuation Pause)
[2024-10-11T04:22:44.148+0800][info] GC(201) Using 3 workers of 48 for evacuation
[2024-10-11T04:22:44.151+0800][info] GC(201)   Pre Evacuate Collection Set: 0.2ms
[2024-10-11T04:22:44.151+0800][info] GC(201)   Merge Heap Roots: 0.1ms
[2024-10-11T04:22:44.151+0800][info] GC(201)   Evacuate Collection Set: 1.7ms
[2024-10-11T04:22:44.151+0800][info] GC(201)   Post Evacuate Collection Set: 0.2ms
[2024-10-11T04:22:44.151+0800][info] GC(201)   Other: 0.1ms
[2024-10-11T04:22:44.151+0800][info] GC(201) Eden regions: 2->0(2)
[2024-10-11T04:22:44.151+0800][info] GC(201) Survivor regions: 1->1(1)
[2024-10-11T04:22:44.151+0800][info] GC(201) Old regions: 45->45
[2024-10-11T04:22:44.151+0800][info] GC(201) Archive regions: 2->2
[2024-10-11T04:22:44.151+0800][info] GC(201) Humongous regions: 3->3
[2024-10-11T04:22:44.151+0800][info] GC(201) Metaspace: 1624K(1792K)->1624K(1792K) NonClass: 1499K(1600K)->1499K(1600K) Class: 124K(192K)->124K(192K)
[2024-10-11T04:22:44.151+0800][info] GC(201) Pause Young (Mixed) (G1 Evacuation Pause) 96M->93M(128M) 2.399ms
[2024-10-11T04:22:44.151+0800][info] GC(201) User=0.01s Sys=0.00s Real=0.00s
[2024-10-11T04:22:44.253+0800][info] GC(202) Pause Young (Mixed) (G1 Evacuation Pause)
[2024-10-11T04:22:44.253+0800][info] GC(202) Using 3 workers of 48 for evacuation
[2024-10-11T04:22:44.255+0800][info] GC(202)   Pre Evacuate Collection Set: 0.2ms
[2024-10-11T04:22:44.255+0800][info] GC(202)   Merge Heap Roots: 0.1ms
[2024-10-11T04:22:44.255+0800][info] GC(202)   Evacuate Collection Set: 1.4ms
[2024-10-11T04:22:44.255+0800][info] GC(202)   Post Evacuate Collection Set: 0.2ms
[2024-10-11T04:22:44.255+0800][info] GC(202)   Other: 0.1ms
[2024-10-11T04:22:44.255+0800][info] GC(202) Eden regions: 2->0(2)
[2024-10-11T04:22:44.255+0800][info] GC(202) Survivor regions: 1->1(1)
[2024-10-11T04:22:44.255+0800][info] GC(202) Old regions: 45->46
[2024-10-11T04:22:44.255+0800][info] GC(202) Archive regions: 2->2
[2024-10-11T04:22:44.255+0800][info] GC(202) Humongous regions: 3->3
[2024-10-11T04:22:44.255+0800][info] GC(202) Metaspace: 1624K(1792K)->1624K(1792K) NonClass: 1499K(1600K)->1499K(1600K) Class: 124K(192K)->124K(192K)
[2024-10-11T04:22:44.255+0800][info] GC(202) Pause Young (Mixed) (G1 Evacuation Pause) 96M->96M(128M) 2.101ms
[2024-10-11T04:22:44.255+0800][info] GC(202) User=0.00s Sys=0.00s Real=0.00s
[2024-10-11T04:22:44.358+0800][info] GC(203) Pause Young (Normal) (G1 Evacuation Pause)
[2024-10-11T04:22:44.358+0800][info] GC(203) Using 3 workers of 48 for evacuation
[2024-10-11T04:22:44.359+0800][info] GC(203)   Pre Evacuate Collection Set: 0.1ms
[2024-10-11T04:22:44.359+0800][info] GC(203)   Merge Heap Roots: 0.0ms
[2024-10-11T04:22:44.359+0800][info] GC(203)   Evacuate Collection Set: 0.7ms
[2024-10-11T04:22:44.359+0800][info] GC(203)   Post Evacuate Collection Set: 0.2ms
[2024-10-11T04:22:44.359+0800][info] GC(203)   Other: 0.2ms
[2024-10-11T04:22:44.359+0800][info] GC(203) Eden regions: 2->0(2)
[2024-10-11T04:22:44.359+0800][info] GC(203) Survivor regions: 1->1(1)
[2024-10-11T04:22:44.359+0800][info] GC(203) Old regions: 46->48
[2024-10-11T04:22:44.359+0800][info] GC(203) Archive regions: 2->2
[2024-10-11T04:22:44.359+0800][info] GC(203) Humongous regions: 3->3
[2024-10-11T04:22:44.359+0800][info] GC(203) Metaspace: 1624K(1792K)->1624K(1792K) NonClass: 1499K(1600K)->1499K(1600K) Class: 124K(192K)->124K(192K)
[2024-10-11T04:22:44.359+0800][info] GC(203) Pause Young (Normal) (G1 Evacuation Pause) 99M->99M(128M) 1.338ms
[2024-10-11T04:22:44.359+0800][info] GC(203) User=0.00s Sys=0.00s Real=0.00s
[2024-10-11T04:22:44.461+0800][info] GC(204) Pause Young (Normal) (G1 Evacuation Pause)
[2024-10-11T04:22:44.461+0800][info] GC(204) Using 3 workers of 48 for evacuation
[2024-10-11T04:22:44.462+0800][info] GC(204)   Pre Evacuate Collection Set: 0.1ms
[2024-10-11T04:22:44.462+0800][info] GC(204)   Merge Heap Roots: 0.0ms
[2024-10-11T04:22:44.462+0800][info] GC(204)   Evacuate Collection Set: 0.6ms
[2024-10-11T04:22:44.462+0800][info] GC(204)   Post Evacuate Collection Set: 0.2ms
[2024-10-11T04:22:44.462+0800][info] GC(204)   Other: 0.2ms
[2024-10-11T04:22:44.463+0800][info] GC(204) Eden regions: 2->0(2)
[2024-10-11T04:22:44.463+0800][info] GC(204) Survivor regions: 1->1(1)
[2024-10-11T04:22:44.463+0800][info] GC(204) Old regions: 48->50
[2024-10-11T04:22:44.463+0800][info] GC(204) Archive regions: 2->2
[2024-10-11T04:22:44.463+0800][info] GC(204) Humongous regions: 3->3
[2024-10-11T04:22:44.463+0800][info] GC(204) Metaspace: 1624K(1792K)->1624K(1792K) NonClass: 1499K(1600K)->1499K(1600K) Class: 124K(192K)->124K(192K)
[2024-10-11T04:22:44.463+0800][info] GC(204) Pause Young (Normal) (G1 Evacuation Pause) 103M->103M(128M) 1.248ms
[2024-10-11T04:22:44.463+0800][info] GC(204) User=0.00s Sys=0.00s Real=0.00s
[2024-10-11T04:22:44.565+0800][info] GC(205) Pause Young (Concurrent Start) (G1 Evacuation Pause)
[2024-10-11T04:22:44.565+0800][info] GC(205) Using 3 workers of 48 for evacuation
[2024-10-11T04:22:44.566+0800][info] GC(205)   Pre Evacuate Collection Set: 0.1ms
[2024-10-11T04:22:44.566+0800][info] GC(205)   Merge Heap Roots: 0.0ms
[2024-10-11T04:22:44.566+0800][info] GC(205)   Evacuate Collection Set: 0.8ms
[2024-10-11T04:22:44.566+0800][info] GC(205)   Post Evacuate Collection Set: 0.2ms
[2024-10-11T04:22:44.566+0800][info] GC(205)   Other: 0.4ms
[2024-10-11T04:22:44.566+0800][info] GC(205) Eden regions: 2->0(2)
[2024-10-11T04:22:44.566+0800][info] GC(205) Survivor regions: 1->1(1)
[2024-10-11T04:22:44.566+0800][info] GC(205) Old regions: 50->52
[2024-10-11T04:22:44.566+0800][info] GC(205) Archive regions: 2->2
[2024-10-11T04:22:44.566+0800][info] GC(205) Humongous regions: 3->3
[2024-10-11T04:22:44.566+0800][info] GC(205) Metaspace: 1624K(1792K)->1624K(1792K) NonClass: 1499K(1600K)->1499K(1600K) Class: 124K(192K)->124K(192K)
[2024-10-11T04:22:44.566+0800][info] GC(205) Pause Young (Concurrent Start) (G1 Evacuation Pause) 107M->107M(128M) 1.652ms
[2024-10-11T04:22:44.566+0800][info] GC(205) User=0.01s Sys=0.00s Real=0.01s
[2024-10-11T04:22:44.566+0800][info] GC(206) Concurrent Mark Cycle
[2024-10-11T04:22:44.566+0800][info] GC(206) Concurrent Clear Claimed Marks
[2024-10-11T04:22:44.566+0800][info] GC(206) Concurrent Clear Claimed Marks 0.014ms
[2024-10-11T04:22:44.566+0800][info] GC(206) Concurrent Scan Root Regions
[2024-10-11T04:22:44.566+0800][info] GC(206) Concurrent Scan Root Regions 0.086ms
[2024-10-11T04:22:44.567+0800][info] GC(206) Concurrent Mark
[2024-10-11T04:22:44.567+0800][info] GC(206) Concurrent Mark From Roots
[2024-10-11T04:22:44.567+0800][info] GC(206) Using 12 workers of 12 for marking
[2024-10-11T04:22:44.570+0800][info] GC(206) Concurrent Mark From Roots 3.601ms
[2024-10-11T04:22:44.570+0800][info] GC(206) Concurrent Preclean
[2024-10-11T04:22:44.572+0800][info] GC(206) Concurrent Preclean 1.681ms
[2024-10-11T04:22:44.572+0800][info] GC(206) Pause Remark
[2024-10-11T04:22:44.573+0800][info] GC(206) Pause Remark 107M->107M(128M) 1.402ms
[2024-10-11T04:22:44.573+0800][info] GC(206) User=0.00s Sys=0.00s Real=0.01s
[2024-10-11T04:22:44.573+0800][info] GC(206) Concurrent Mark 6.848ms
[2024-10-11T04:22:44.573+0800][info] GC(206) Concurrent Rebuild Remembered Sets
[2024-10-11T04:22:44.575+0800][info] GC(206) Concurrent Rebuild Remembered Sets 1.451ms
[2024-10-11T04:22:44.575+0800][info] GC(206) Pause Cleanup
[2024-10-11T04:22:44.575+0800][info] GC(206) Pause Cleanup 107M->107M(128M) 0.161ms
[2024-10-11T04:22:44.575+0800][info] GC(206) User=0.00s Sys=0.00s Real=0.00s
[2024-10-11T04:22:44.575+0800][info] GC(206) Concurrent Cleanup for Next Mark
[2024-10-11T04:22:44.576+0800][info] GC(206) Concurrent Cleanup for Next Mark 0.394ms
[2024-10-11T04:22:44.576+0800][info] GC(206) Concurrent Mark Cycle 9.201ms
[2024-10-11T04:22:44.720+0800][info] GC(207) Pause Young (Prepare Mixed) (G1 Preventive Collection)
[2024-10-11T04:22:44.720+0800][info] GC(207) Using 3 workers of 48 for evacuation
[2024-10-11T04:22:44.721+0800][info] GC(207)   Pre Evacuate Collection Set: 0.1ms
[2024-10-11T04:22:44.721+0800][info] GC(207)   Merge Heap Roots: 0.1ms
[2024-10-11T04:22:44.721+0800][info] GC(207)   Evacuate Collection Set: 0.7ms
[2024-10-11T04:22:44.721+0800][info] GC(207)   Post Evacuate Collection Set: 0.2ms
[2024-10-11T04:22:44.721+0800][info] GC(207)   Other: 0.2ms
[2024-10-11T04:22:44.721+0800][info] GC(207) Eden regions: 2->0(2)
[2024-10-11T04:22:44.721+0800][info] GC(207) Survivor regions: 1->1(1)
[2024-10-11T04:22:44.721+0800][info] GC(207) Old regions: 52->54
[2024-10-11T04:22:44.721+0800][info] GC(207) Archive regions: 2->2
[2024-10-11T04:22:44.721+0800][info] GC(207) Humongous regions: 3->3
[2024-10-11T04:22:44.721+0800][info] GC(207) Metaspace: 1624K(1792K)->1624K(1792K) NonClass: 1499K(1600K)->1499K(1600K) Class: 124K(192K)->124K(192K)
[2024-10-11T04:22:44.721+0800][info] GC(207) Pause Young (Prepare Mixed) (G1 Preventive Collection) 110M->111M(128M) 1.391ms
[2024-10-11T04:22:44.721+0800][info] GC(207) User=0.00s Sys=0.00s Real=0.00s
[2024-10-11T04:22:44.783+0800][info] GC(208) Pause Young (Mixed) (G1 Preventive Collection)
[2024-10-11T04:22:44.783+0800][info] GC(208) Using 3 workers of 48 for evacuation
[2024-10-11T04:22:44.784+0800][info] GC(208) To-space exhausted
[2024-10-11T04:22:44.784+0800][info] GC(208)   Pre Evacuate Collection Set: 0.2ms
[2024-10-11T04:22:44.784+0800][info] GC(208)   Merge Heap Roots: 0.1ms
[2024-10-11T04:22:44.784+0800][info] GC(208)   Evacuate Collection Set: 1.0ms
[2024-10-11T04:22:44.784+0800][info] GC(208)   Post Evacuate Collection Set: 0.2ms
[2024-10-11T04:22:44.784+0800][info] GC(208)   Other: 0.2ms
[2024-10-11T04:22:44.784+0800][info] GC(208) Eden regions: 1->0(2)
[2024-10-11T04:22:44.784+0800][info] GC(208) Survivor regions: 1->1(1)
[2024-10-11T04:22:44.784+0800][info] GC(208) Old regions: 54->51
[2024-10-11T04:22:44.784+0800][info] GC(208) Archive regions: 2->2
[2024-10-11T04:22:44.784+0800][info] GC(208) Humongous regions: 3->3
[2024-10-11T04:22:44.784+0800][info] GC(208) Metaspace: 1624K(1792K)->1624K(1792K) NonClass: 1499K(1600K)->1499K(1600K) Class: 124K(192K)->124K(192K)
[2024-10-11T04:22:44.784+0800][info] GC(208) Pause Young (Mixed) (G1 Preventive Collection) 113M->107M(128M) 1.761ms
[2024-10-11T04:22:44.784+0800][info] GC(208) User=0.00s Sys=0.00s Real=0.00s
[2024-10-11T04:22:44.887+0800][info] GC(209) Pause Young (Mixed) (G1 Preventive Collection)
[2024-10-11T04:22:44.887+0800][info] GC(209) Using 3 workers of 48 for evacuation
[2024-10-11T04:22:44.889+0800][info] GC(209) To-space exhausted
[2024-10-11T04:22:44.889+0800][info] GC(209)   Pre Evacuate Collection Set: 0.2ms
[2024-10-11T04:22:44.889+0800][info] GC(209)   Merge Heap Roots: 0.1ms
[2024-10-11T04:22:44.889+0800][info] GC(209)   Evacuate Collection Set: 1.5ms
[2024-10-11T04:22:44.889+0800][info] GC(209)   Post Evacuate Collection Set: 0.4ms
[2024-10-11T04:22:44.889+0800][info] GC(209)   Other: 0.1ms
[2024-10-11T04:22:44.889+0800][info] GC(209) Eden regions: 2->0(2)
[2024-10-11T04:22:44.889+0800][info] GC(209) Survivor regions: 1->1(1)
[2024-10-11T04:22:44.889+0800][info] GC(209) Old regions: 51->54
[2024-10-11T04:22:44.889+0800][info] GC(209) Archive regions: 2->2
[2024-10-11T04:22:44.889+0800][info] GC(209) Humongous regions: 3->3
[2024-10-11T04:22:44.889+0800][info] GC(209) Metaspace: 1624K(1792K)->1624K(1792K) NonClass: 1499K(1600K)->1499K(1600K) Class: 124K(192K)->124K(192K)
[2024-10-11T04:22:44.889+0800][info] GC(209) Pause Young (Mixed) (G1 Preventive Collection) 111M->113M(128M) 2.393ms
[2024-10-11T04:22:44.889+0800][info] GC(209) User=0.01s Sys=0.00s Real=0.00s
[2024-10-11T04:22:44.951+0800][info] GC(210) Pause Young (Mixed) (G1 Preventive Collection)
[2024-10-11T04:22:44.951+0800][info] GC(210) Using 3 workers of 48 for evacuation
[2024-10-11T04:22:44.953+0800][info] GC(210) To-space exhausted
[2024-10-11T04:22:44.953+0800][info] GC(210)   Pre Evacuate Collection Set: 0.2ms
[2024-10-11T04:22:44.953+0800][info] GC(210)   Merge Heap Roots: 0.1ms
[2024-10-11T04:22:44.953+0800][info] GC(210)   Evacuate Collection Set: 1.1ms
[2024-10-11T04:22:44.953+0800][info] GC(210)   Post Evacuate Collection Set: 0.7ms
[2024-10-11T04:22:44.953+0800][info] GC(210)   Other: 0.2ms
[2024-10-11T04:22:44.953+0800][info] GC(210) Eden regions: 1->0(2)
[2024-10-11T04:22:44.953+0800][info] GC(210) Survivor regions: 1->1(1)
[2024-10-11T04:22:44.953+0800][info] GC(210) Old regions: 54->57
[2024-10-11T04:22:44.953+0800][info] GC(210) Archive regions: 2->2
[2024-10-11T04:22:44.953+0800][info] GC(210) Humongous regions: 3->3
[2024-10-11T04:22:44.953+0800][info] GC(210) Metaspace: 1624K(1792K)->1624K(1792K) NonClass: 1499K(1600K)->1499K(1600K) Class: 124K(192K)->124K(192K)
[2024-10-11T04:22:44.953+0800][info] GC(210) Pause Young (Mixed) (G1 Preventive Collection) 115M->119M(128M) 2.328ms
[2024-10-11T04:22:44.953+0800][info] GC(210) User=0.00s Sys=0.00s Real=0.00s
[2024-10-11T04:22:44.994+0800][info] GC(211) Pause Young (Mixed) (G1 Evacuation Pause)
[2024-10-11T04:22:44.994+0800][info] GC(211) Using 3 workers of 48 for evacuation
[2024-10-11T04:22:44.995+0800][info] GC(211) To-space exhausted
[2024-10-11T04:22:44.995+0800][info] GC(211)   Pre Evacuate Collection Set: 0.2ms
[2024-10-11T04:22:44.995+0800][info] GC(211)   Merge Heap Roots: 0.1ms
[2024-10-11T04:22:44.995+0800][info] GC(211)   Evacuate Collection Set: 0.4ms
[2024-10-11T04:22:44.995+0800][info] GC(211)   Post Evacuate Collection Set: 0.2ms
[2024-10-11T04:22:44.995+0800][info] GC(211)   Other: 0.2ms
[2024-10-11T04:22:44.995+0800][info] GC(211) Eden regions: 1->0(3)
[2024-10-11T04:22:44.995+0800][info] GC(211) Survivor regions: 1->0(0)
[2024-10-11T04:22:44.995+0800][info] GC(211) Old regions: 57->59
[2024-10-11T04:22:44.995+0800][info] GC(211) Archive regions: 2->2
[2024-10-11T04:22:44.995+0800][info] GC(211) Humongous regions: 3->3
[2024-10-11T04:22:44.995+0800][info] GC(211) Metaspace: 1624K(1792K)->1624K(1792K) NonClass: 1499K(1600K)->1499K(1600K) Class: 124K(192K)->124K(192K)
[2024-10-11T04:22:44.995+0800][info] GC(211) Pause Young (Mixed) (G1 Evacuation Pause) 120M->120M(128M) 1.100ms
[2024-10-11T04:22:44.995+0800][info] GC(211) User=0.00s Sys=0.00s Real=0.00s
[2024-10-11T04:22:44.995+0800][info] Attempting full compaction
[2024-10-11T04:22:44.995+0800][info] GC(212) Using 3 workers of 48 for full compaction
[2024-10-11T04:22:44.995+0800][info] GC(212) Pause Full (G1 Compaction Pause)
[2024-10-11T04:22:44.995+0800][info] GC(212) Phase 1: Mark live objects
[2024-10-11T04:22:44.998+0800][info] GC(212) Phase 1: Mark live objects 3.077ms
[2024-10-11T04:22:44.998+0800][info] GC(212) Phase 2: Prepare for compaction
[2024-10-11T04:22:44.999+0800][info] GC(212) Phase 2: Prepare for compaction 0.636ms
[2024-10-11T04:22:44.999+0800][info] GC(212) Phase 3: Adjust pointers
[2024-10-11T04:22:45.001+0800][info] GC(212) Phase 3: Adjust pointers 1.517ms
[2024-10-11T04:22:45.001+0800][info] GC(212) Phase 4: Compact heap
[2024-10-11T04:22:45.013+0800][info] GC(212) Phase 4: Compact heap 12.377ms
[2024-10-11T04:22:45.014+0800][info] GC(212) Eden regions: 0->0(4)
[2024-10-11T04:22:45.014+0800][info] GC(212) Survivor regions: 0->0(0)
[2024-10-11T04:22:45.014+0800][info] GC(212) Old regions: 59->38
[2024-10-11T04:22:45.014+0800][info] GC(212) Archive regions: 2->2
[2024-10-11T04:22:45.014+0800][info] GC(212) Humongous regions: 3->3
[2024-10-11T04:22:45.014+0800][info] GC(212) Metaspace: 1624K(1792K)->1624K(1792K) NonClass: 1499K(1600K)->1499K(1600K) Class: 124K(192K)->124K(192K)
[2024-10-11T04:22:45.014+0800][info] GC(212) Pause Full (G1 Compaction Pause) 120M->71M(128M) 19.284ms
[2024-10-11T04:22:45.015+0800][info] GC(212) User=0.03s Sys=0.01s Real=0.02s
[2024-10-11T04:22:45.240+0800][info] GC(213) Pause Young (Normal) (G1 Evacuation Pause)
[2024-10-11T04:22:45.240+0800][info] GC(213) Using 3 workers of 48 for evacuation
[2024-10-11T04:22:45.242+0800][info] GC(213)   Pre Evacuate Collection Set: 0.1ms
[2024-10-11T04:22:45.242+0800][info] GC(213)   Merge Heap Roots: 0.1ms
[2024-10-11T04:22:45.242+0800][info] GC(213)   Evacuate Collection Set: 1.1ms
[2024-10-11T04:22:45.242+0800][info] GC(213)   Post Evacuate Collection Set: 0.2ms
[2024-10-11T04:22:45.242+0800][info] GC(213)   Other: 0.2ms
[2024-10-11T04:22:45.242+0800][info] GC(213) Eden regions: 4->0(2)
[2024-10-11T04:22:45.242+0800][info] GC(213) Survivor regions: 0->1(1)
[2024-10-11T04:22:45.242+0800][info] GC(213) Old regions: 38->41
[2024-10-11T04:22:45.242+0800][info] GC(213) Archive regions: 2->2
[2024-10-11T04:22:45.242+0800][info] GC(213) Humongous regions: 3->3
[2024-10-11T04:22:45.242+0800][info] GC(213) Metaspace: 1624K(1792K)->1624K(1792K) NonClass: 1499K(1600K)->1499K(1600K) Class: 124K(192K)->124K(192K)
[2024-10-11T04:22:45.242+0800][info] GC(213) Pause Young (Normal) (G1 Evacuation Pause) 79M->79M(128M) 1.782ms
[2024-10-11T04:22:45.242+0800][info] GC(213) User=0.01s Sys=0.00s Real=0.00s
[2024-10-11T04:22:45.345+0800][info] GC(214) Pause Young (Normal) (G1 Evacuation Pause)
[2024-10-11T04:22:45.345+0800][info] GC(214) Using 3 workers of 48 for evacuation
[2024-10-11T04:22:45.346+0800][info] GC(214)   Pre Evacuate Collection Set: 0.1ms
[2024-10-11T04:22:45.346+0800][info] GC(214)   Merge Heap Roots: 0.1ms
[2024-10-11T04:22:45.346+0800][info] GC(214)   Evacuate Collection Set: 0.7ms
[2024-10-11T04:22:45.346+0800][info] GC(214)   Post Evacuate Collection Set: 0.2ms
[2024-10-11T04:22:45.346+0800][info] GC(214)   Other: 0.2ms
[2024-10-11T04:22:45.346+0800][info] GC(214) Eden regions: 2->0(2)
[2024-10-11T04:22:45.346+0800][info] GC(214) Survivor regions: 1->1(1)
[2024-10-11T04:22:45.346+0800][info] GC(214) Old regions: 41->43
[2024-10-11T04:22:45.346+0800][info] GC(214) Archive regions: 2->2
[2024-10-11T04:22:45.346+0800][info] GC(214) Humongous regions: 4->4
[2024-10-11T04:22:45.346+0800][info] GC(214) Metaspace: 1624K(1792K)->1624K(1792K) NonClass: 1499K(1600K)->1499K(1600K) Class: 124K(192K)->124K(192K)
[2024-10-11T04:22:45.346+0800][info] GC(214) Pause Young (Normal) (G1 Evacuation Pause) 84M->85M(128M) 1.351ms
[2024-10-11T04:22:45.346+0800][info] GC(214) User=0.00s Sys=0.00s Real=0.01s
[2024-10-11T04:22:45.448+0800][info] GC(215) Pause Young (Normal) (G1 Evacuation Pause)
[2024-10-11T04:22:45.448+0800][info] GC(215) Using 3 workers of 48 for evacuation
[2024-10-11T04:22:45.449+0800][info] GC(215)   Pre Evacuate Collection Set: 0.1ms
[2024-10-11T04:22:45.449+0800][info] GC(215)   Merge Heap Roots: 0.0ms
[2024-10-11T04:22:45.449+0800][info] GC(215)   Evacuate Collection Set: 0.8ms
[2024-10-11T04:22:45.449+0800][info] GC(215)   Post Evacuate Collection Set: 0.2ms
[2024-10-11T04:22:45.449+0800][info] GC(215)   Other: 0.2ms
[2024-10-11T04:22:45.449+0800][info] GC(215) Eden regions: 2->0(2)
[2024-10-11T04:22:45.449+0800][info] GC(215) Survivor regions: 1->1(1)
[2024-10-11T04:22:45.449+0800][info] GC(215) Old regions: 43->46
[2024-10-11T04:22:45.449+0800][info] GC(215) Archive regions: 2->2
[2024-10-11T04:22:45.450+0800][info] GC(215) Humongous regions: 4->4
[2024-10-11T04:22:45.450+0800][info] GC(215) Metaspace: 1624K(1792K)->1624K(1792K) NonClass: 1499K(1600K)->1499K(1600K) Class: 124K(192K)->124K(192K)
[2024-10-11T04:22:45.450+0800][info] GC(215) Pause Young (Normal) (G1 Evacuation Pause) 88M->89M(128M) 1.462ms
[2024-10-11T04:22:45.450+0800][info] GC(215) User=0.01s Sys=0.01s Real=0.00s
[2024-10-11T04:22:45.552+0800][info] GC(216) Pause Young (Concurrent Start) (G1 Evacuation Pause)
[2024-10-11T04:22:45.552+0800][info] GC(216) Using 3 workers of 48 for evacuation
[2024-10-11T04:22:45.553+0800][info] GC(216)   Pre Evacuate Collection Set: 0.1ms
[2024-10-11T04:22:45.553+0800][info] GC(216)   Merge Heap Roots: 0.0ms
[2024-10-11T04:22:45.554+0800][info] GC(216)   Evacuate Collection Set: 0.8ms
[2024-10-11T04:22:45.554+0800][info] GC(216)   Post Evacuate Collection Set: 0.2ms
[2024-10-11T04:22:45.554+0800][info] GC(216)   Other: 0.3ms
[2024-10-11T04:22:45.554+0800][info] GC(216) Eden regions: 2->0(2)
[2024-10-11T04:22:45.554+0800][info] GC(216) Survivor regions: 1->1(1)
[2024-10-11T04:22:45.554+0800][info] GC(216) Old regions: 46->47
[2024-10-11T04:22:45.554+0800][info] GC(216) Archive regions: 2->2
[2024-10-11T04:22:45.554+0800][info] GC(216) Humongous regions: 4->4
[2024-10-11T04:22:45.554+0800][info] GC(216) Metaspace: 1624K(1792K)->1624K(1792K) NonClass: 1499K(1600K)->1499K(1600K) Class: 124K(192K)->124K(192K)
[2024-10-11T04:22:45.554+0800][info] GC(216) Pause Young (Concurrent Start) (G1 Evacuation Pause) 93M->93M(128M) 1.604ms
[2024-10-11T04:22:45.554+0800][info] GC(216) User=0.00s Sys=0.00s Real=0.01s
[2024-10-11T04:22:45.554+0800][info] GC(217) Concurrent Mark Cycle
[2024-10-11T04:22:45.554+0800][info] GC(217) Concurrent Clear Claimed Marks
[2024-10-11T04:22:45.554+0800][info] GC(217) Concurrent Clear Claimed Marks 0.015ms
[2024-10-11T04:22:45.554+0800][info] GC(217) Concurrent Scan Root Regions
[2024-10-11T04:22:45.554+0800][info] GC(217) Concurrent Scan Root Regions 0.149ms
[2024-10-11T04:22:45.554+0800][info] GC(217) Concurrent Mark
[2024-10-11T04:22:45.554+0800][info] GC(217) Concurrent Mark From Roots
[2024-10-11T04:22:45.554+0800][info] GC(217) Using 12 workers of 12 for marking
[2024-10-11T04:22:45.558+0800][info] GC(217) Concurrent Mark From Roots 3.652ms
[2024-10-11T04:22:45.558+0800][info] GC(217) Concurrent Preclean
[2024-10-11T04:22:45.559+0800][info] GC(217) Concurrent Preclean 1.668ms
[2024-10-11T04:22:45.559+0800][info] GC(217) Pause Remark
[2024-10-11T04:22:45.561+0800][info] GC(217) Pause Remark 93M->89M(128M) 1.418ms
[2024-10-11T04:22:45.561+0800][info] GC(217) User=0.00s Sys=0.00s Real=0.00s
[2024-10-11T04:22:45.561+0800][info] GC(217) Concurrent Mark 6.960ms
[2024-10-11T04:22:45.561+0800][info] GC(217) Concurrent Rebuild Remembered Sets
[2024-10-11T04:22:45.562+0800][info] GC(217) Concurrent Rebuild Remembered Sets 1.574ms
[2024-10-11T04:22:45.563+0800][info] GC(217) Pause Cleanup
[2024-10-11T04:22:45.563+0800][info] GC(217) Pause Cleanup 89M->89M(128M) 0.150ms
[2024-10-11T04:22:45.563+0800][info] GC(217) User=0.00s Sys=0.00s Real=0.00s
[2024-10-11T04:22:45.563+0800][info] GC(217) Concurrent Cleanup for Next Mark
[2024-10-11T04:22:45.563+0800][info] GC(217) Concurrent Cleanup for Next Mark 0.372ms
[2024-10-11T04:22:45.563+0800][info] GC(217) Concurrent Mark Cycle 9.471ms
[2024-10-11T04:22:45.707+0800][info] GC(218) Pause Young (Prepare Mixed) (G1 Evacuation Pause)
[2024-10-11T04:22:45.707+0800][info] GC(218) Using 3 workers of 48 for evacuation
[2024-10-11T04:22:45.708+0800][info] GC(218)   Pre Evacuate Collection Set: 0.1ms
[2024-10-11T04:22:45.708+0800][info] GC(218)   Merge Heap Roots: 0.1ms
[2024-10-11T04:22:45.708+0800][info] GC(218)   Evacuate Collection Set: 0.8ms
[2024-10-11T04:22:45.708+0800][info] GC(218)   Post Evacuate Collection Set: 0.2ms
[2024-10-11T04:22:45.708+0800][info] GC(218)   Other: 0.2ms
[2024-10-11T04:22:45.708+0800][info] GC(218) Eden regions: 2->0(2)
[2024-10-11T04:22:45.708+0800][info] GC(218) Survivor regions: 1->1(1)
[2024-10-11T04:22:45.708+0800][info] GC(218) Old regions: 46->48
[2024-10-11T04:22:45.708+0800][info] GC(218) Archive regions: 2->2
[2024-10-11T04:22:45.708+0800][info] GC(218) Humongous regions: 3->3
[2024-10-11T04:22:45.708+0800][info] GC(218) Metaspace: 1624K(1792K)->1624K(1792K) NonClass: 1499K(1600K)->1499K(1600K) Class: 124K(192K)->124K(192K)
[2024-10-11T04:22:45.708+0800][info] GC(218) Pause Young (Prepare Mixed) (G1 Evacuation Pause) 92M->93M(128M) 1.491ms
[2024-10-11T04:22:45.708+0800][info] GC(218) User=0.00s Sys=0.00s Real=0.00s
[2024-10-11T04:22:45.811+0800][info] GC(219) Pause Young (Mixed) (G1 Evacuation Pause)
[2024-10-11T04:22:45.811+0800][info] GC(219) Using 3 workers of 48 for evacuation
[2024-10-11T04:22:45.813+0800][info] GC(219)   Pre Evacuate Collection Set: 0.2ms
[2024-10-11T04:22:45.813+0800][info] GC(219)   Merge Heap Roots: 0.1ms
[2024-10-11T04:22:45.813+0800][info] GC(219)   Evacuate Collection Set: 1.5ms
[2024-10-11T04:22:45.813+0800][info] GC(219)   Post Evacuate Collection Set: 0.2ms
[2024-10-11T04:22:45.813+0800][info] GC(219)   Other: 0.2ms
[2024-10-11T04:22:45.813+0800][info] GC(219) Eden regions: 2->0(2)
[2024-10-11T04:22:45.813+0800][info] GC(219) Survivor regions: 1->1(1)
[2024-10-11T04:22:45.813+0800][info] GC(219) Old regions: 48->46
[2024-10-11T04:22:45.813+0800][info] GC(219) Archive regions: 2->2
[2024-10-11T04:22:45.813+0800][info] GC(219) Humongous regions: 3->3
[2024-10-11T04:22:45.813+0800][info] GC(219) Metaspace: 1624K(1792K)->1624K(1792K) NonClass: 1499K(1600K)->1499K(1600K) Class: 124K(192K)->124K(192K)
[2024-10-11T04:22:45.813+0800][info] GC(219) Pause Young (Mixed) (G1 Evacuation Pause) 96M->92M(128M) 2.256ms
[2024-10-11T04:22:45.813+0800][info] GC(219) User=0.01s Sys=0.00s Real=0.00s
[2024-10-11T04:22:45.915+0800][info] GC(220) Pause Young (Mixed) (G1 Evacuation Pause)
[2024-10-11T04:22:45.915+0800][info] GC(220) Using 3 workers of 48 for evacuation
[2024-10-11T04:22:45.917+0800][info] GC(220)   Pre Evacuate Collection Set: 0.2ms
[2024-10-11T04:22:45.917+0800][info] GC(220)   Merge Heap Roots: 0.1ms
[2024-10-11T04:22:45.917+0800][info] GC(220)   Evacuate Collection Set: 1.8ms
[2024-10-11T04:22:45.917+0800][info] GC(220)   Post Evacuate Collection Set: 0.2ms
[2024-10-11T04:22:45.917+0800][info] GC(220)   Other: 0.1ms
[2024-10-11T04:22:45.917+0800][info] GC(220) Eden regions: 2->0(2)
[2024-10-11T04:22:45.917+0800][info] GC(220) Survivor regions: 1->1(1)
[2024-10-11T04:22:45.917+0800][info] GC(220) Old regions: 46->46
[2024-10-11T04:22:45.917+0800][info] GC(220) Archive regions: 2->2
[2024-10-11T04:22:45.917+0800][info] GC(220) Humongous regions: 3->3
[2024-10-11T04:22:45.917+0800][info] GC(220) Metaspace: 1624K(1792K)->1624K(1792K) NonClass: 1499K(1600K)->1499K(1600K) Class: 124K(192K)->124K(192K)
[2024-10-11T04:22:45.917+0800][info] GC(220) Pause Young (Mixed) (G1 Evacuation Pause) 96M->93M(128M) 2.526ms
[2024-10-11T04:22:45.917+0800][info] GC(220) User=0.00s Sys=0.00s Real=0.00s
[2024-10-11T04:22:46.020+0800][info] GC(221) Pause Young (Mixed) (G1 Evacuation Pause)
[2024-10-11T04:22:46.020+0800][info] GC(221) Using 3 workers of 48 for evacuation
[2024-10-11T04:22:46.023+0800][info] GC(221)   Pre Evacuate Collection Set: 0.2ms
[2024-10-11T04:22:46.023+0800][info] GC(221)   Merge Heap Roots: 0.1ms
[2024-10-11T04:22:46.023+0800][info] GC(221)   Evacuate Collection Set: 2.1ms
[2024-10-11T04:22:46.023+0800][info] GC(221)   Post Evacuate Collection Set: 0.2ms
[2024-10-11T04:22:46.023+0800][info] GC(221)   Other: 0.1ms
[2024-10-11T04:22:46.023+0800][info] GC(221) Eden regions: 2->0(2)
[2024-10-11T04:22:46.023+0800][info] GC(221) Survivor regions: 1->1(1)
[2024-10-11T04:22:46.023+0800][info] GC(221) Old regions: 46->45
[2024-10-11T04:22:46.023+0800][info] GC(221) Archive regions: 2->2
[2024-10-11T04:22:46.023+0800][info] GC(221) Humongous regions: 3->3
[2024-10-11T04:22:46.023+0800][info] GC(221) Metaspace: 1624K(1792K)->1624K(1792K) NonClass: 1499K(1600K)->1499K(1600K) Class: 124K(192K)->124K(192K)
[2024-10-11T04:22:46.023+0800][info] GC(221) Pause Young (Mixed) (G1 Evacuation Pause) 97M->93M(128M) 2.812ms
[2024-10-11T04:22:46.023+0800][info] GC(221) User=0.00s Sys=0.00s Real=0.00s
[2024-10-11T04:22:46.125+0800][info] GC(222) Pause Young (Normal) (G1 Evacuation Pause)
[2024-10-11T04:22:46.125+0800][info] GC(222) Using 3 workers of 48 for evacuation
[2024-10-11T04:22:46.126+0800][info] GC(222)   Pre Evacuate Collection Set: 0.1ms
[2024-10-11T04:22:46.126+0800][info] GC(222)   Merge Heap Roots: 0.1ms
[2024-10-11T04:22:46.126+0800][info] GC(222)   Evacuate Collection Set: 0.8ms
[2024-10-11T04:22:46.126+0800][info] GC(222)   Post Evacuate Collection Set: 0.2ms
[2024-10-11T04:22:46.126+0800][info] GC(222)   Other: 0.2ms
[2024-10-11T04:22:46.126+0800][info] GC(222) Eden regions: 2->0(2)
[2024-10-11T04:22:46.126+0800][info] GC(222) Survivor regions: 1->1(1)
[2024-10-11T04:22:46.126+0800][info] GC(222) Old regions: 45->47
[2024-10-11T04:22:46.126+0800][info] GC(222) Archive regions: 2->2
[2024-10-11T04:22:46.126+0800][info] GC(222) Humongous regions: 3->3
[2024-10-11T04:22:46.126+0800][info] GC(222) Metaspace: 1624K(1792K)->1624K(1792K) NonClass: 1499K(1600K)->1499K(1600K) Class: 124K(192K)->124K(192K)
[2024-10-11T04:22:46.126+0800][info] GC(222) Pause Young (Normal) (G1 Evacuation Pause) 97M->97M(128M) 1.388ms
[2024-10-11T04:22:46.126+0800][info] GC(222) User=0.01s Sys=0.00s Real=0.01s
[2024-10-11T04:22:46.229+0800][info] GC(223) Pause Young (Normal) (G1 Evacuation Pause)
[2024-10-11T04:22:46.229+0800][info] GC(223) Using 3 workers of 48 for evacuation
[2024-10-11T04:22:46.230+0800][info] GC(223)   Pre Evacuate Collection Set: 0.1ms
[2024-10-11T04:22:46.230+0800][info] GC(223)   Merge Heap Roots: 0.0ms
[2024-10-11T04:22:46.230+0800][info] GC(223)   Evacuate Collection Set: 0.7ms
[2024-10-11T04:22:46.230+0800][info] GC(223)   Post Evacuate Collection Set: 0.2ms
[2024-10-11T04:22:46.230+0800][info] GC(223)   Other: 0.2ms
[2024-10-11T04:22:46.230+0800][info] GC(223) Eden regions: 2->0(2)
[2024-10-11T04:22:46.230+0800][info] GC(223) Survivor regions: 1->1(1)
[2024-10-11T04:22:46.230+0800][info] GC(223) Old regions: 47->48
[2024-10-11T04:22:46.230+0800][info] GC(223) Archive regions: 2->2
[2024-10-11T04:22:46.230+0800][info] GC(223) Humongous regions: 3->3
[2024-10-11T04:22:46.230+0800][info] GC(223) Metaspace: 1624K(1792K)->1624K(1792K) NonClass: 1499K(1600K)->1499K(1600K) Class: 124K(192K)->124K(192K)
[2024-10-11T04:22:46.230+0800][info] GC(223) Pause Young (Normal) (G1 Evacuation Pause) 101M->100M(128M) 1.333ms
[2024-10-11T04:22:46.230+0800][info] GC(223) User=0.00s Sys=0.00s Real=0.00s
[2024-10-11T04:22:46.332+0800][info] GC(224) Pause Young (Concurrent Start) (G1 Evacuation Pause)
[2024-10-11T04:22:46.332+0800][info] GC(224) Using 3 workers of 48 for evacuation
[2024-10-11T04:22:46.334+0800][info] GC(224)   Pre Evacuate Collection Set: 0.1ms
[2024-10-11T04:22:46.334+0800][info] GC(224)   Merge Heap Roots: 0.0ms
[2024-10-11T04:22:46.334+0800][info] GC(224)   Evacuate Collection Set: 0.8ms
[2024-10-11T04:22:46.334+0800][info] GC(224)   Post Evacuate Collection Set: 0.2ms
[2024-10-11T04:22:46.334+0800][info] GC(224)   Other: 0.3ms
[2024-10-11T04:22:46.334+0800][info] GC(224) Eden regions: 2->0(2)
[2024-10-11T04:22:46.334+0800][info] GC(224) Survivor regions: 1->1(1)
[2024-10-11T04:22:46.334+0800][info] GC(224) Old regions: 48->50
[2024-10-11T04:22:46.334+0800][info] GC(224) Archive regions: 2->2
[2024-10-11T04:22:46.334+0800][info] GC(224) Humongous regions: 3->3
[2024-10-11T04:22:46.334+0800][info] GC(224) Metaspace: 1624K(1792K)->1624K(1792K) NonClass: 1499K(1600K)->1499K(1600K) Class: 124K(192K)->124K(192K)
[2024-10-11T04:22:46.334+0800][info] GC(224) Pause Young (Concurrent Start) (G1 Evacuation Pause) 104M->104M(128M) 1.542ms
[2024-10-11T04:22:46.334+0800][info] GC(224) User=0.01s Sys=0.00s Real=0.01s
[2024-10-11T04:22:46.334+0800][info] GC(225) Concurrent Mark Cycle
[2024-10-11T04:22:46.334+0800][info] GC(225) Concurrent Clear Claimed Marks
[2024-10-11T04:22:46.334+0800][info] GC(225) Concurrent Clear Claimed Marks 0.015ms
[2024-10-11T04:22:46.334+0800][info] GC(225) Concurrent Scan Root Regions
[2024-10-11T04:22:46.334+0800][info] GC(225) Concurrent Scan Root Regions 0.099ms
[2024-10-11T04:22:46.334+0800][info] GC(225) Concurrent Mark
[2024-10-11T04:22:46.334+0800][info] GC(225) Concurrent Mark From Roots
[2024-10-11T04:22:46.334+0800][info] GC(225) Using 12 workers of 12 for marking
[2024-10-11T04:22:46.338+0800][info] GC(225) Concurrent Mark From Roots 3.607ms
[2024-10-11T04:22:46.338+0800][info] GC(225) Concurrent Preclean
[2024-10-11T04:22:46.339+0800][info] GC(225) Concurrent Preclean 1.679ms
[2024-10-11T04:22:46.339+0800][info] GC(225) Pause Remark
[2024-10-11T04:22:46.341+0800][info] GC(225) Pause Remark 105M->105M(128M) 1.386ms
[2024-10-11T04:22:46.341+0800][info] GC(225) User=0.00s Sys=0.00s Real=0.00s
[2024-10-11T04:22:46.341+0800][info] GC(225) Concurrent Mark 6.926ms
[2024-10-11T04:22:46.341+0800][info] GC(225) Concurrent Rebuild Remembered Sets
[2024-10-11T04:22:46.343+0800][info] GC(225) Concurrent Rebuild Remembered Sets 1.580ms
[2024-10-11T04:22:46.343+0800][info] GC(225) Pause Cleanup
[2024-10-11T04:22:46.343+0800][info] GC(225) Pause Cleanup 105M->105M(128M) 0.178ms
[2024-10-11T04:22:46.343+0800][info] GC(225) User=0.00s Sys=0.00s Real=0.00s
[2024-10-11T04:22:46.343+0800][info] GC(225) Concurrent Cleanup for Next Mark
[2024-10-11T04:22:46.343+0800][info] GC(225) Concurrent Cleanup for Next Mark 0.355ms
[2024-10-11T04:22:46.343+0800][info] GC(225) Concurrent Mark Cycle 9.497ms
[2024-10-11T04:22:46.487+0800][info] GC(226) Pause Young (Prepare Mixed) (G1 Evacuation Pause)
[2024-10-11T04:22:46.487+0800][info] GC(226) Using 3 workers of 48 for evacuation
[2024-10-11T04:22:46.489+0800][info] GC(226)   Pre Evacuate Collection Set: 0.1ms
[2024-10-11T04:22:46.489+0800][info] GC(226)   Merge Heap Roots: 0.1ms
[2024-10-11T04:22:46.489+0800][info] GC(226)   Evacuate Collection Set: 0.8ms
[2024-10-11T04:22:46.489+0800][info] GC(226)   Post Evacuate Collection Set: 0.2ms
[2024-10-11T04:22:46.489+0800][info] GC(226)   Other: 0.2ms
[2024-10-11T04:22:46.489+0800][info] GC(226) Eden regions: 2->0(2)
[2024-10-11T04:22:46.489+0800][info] GC(226) Survivor regions: 1->1(1)
[2024-10-11T04:22:46.489+0800][info] GC(226) Old regions: 50->52
[2024-10-11T04:22:46.489+0800][info] GC(226) Archive regions: 2->2
[2024-10-11T04:22:46.489+0800][info] GC(226) Humongous regions: 3->3
[2024-10-11T04:22:46.489+0800][info] GC(226) Metaspace: 1631K(1792K)->1631K(1792K) NonClass: 1507K(1600K)->1507K(1600K) Class: 124K(192K)->124K(192K)
[2024-10-11T04:22:46.489+0800][info] GC(226) Pause Young (Prepare Mixed) (G1 Evacuation Pause) 108M->108M(128M) 1.449ms
[2024-10-11T04:22:46.489+0800][info] GC(226) User=0.00s Sys=0.00s Real=0.00s
[2024-10-11T04:22:46.591+0800][info] GC(227) Pause Young (Mixed) (G1 Preventive Collection)
[2024-10-11T04:22:46.591+0800][info] GC(227) Using 3 workers of 48 for evacuation
[2024-10-11T04:22:46.593+0800][info] GC(227) To-space exhausted
[2024-10-11T04:22:46.593+0800][info] GC(227)   Pre Evacuate Collection Set: 0.2ms
[2024-10-11T04:22:46.593+0800][info] GC(227)   Merge Heap Roots: 0.0ms
[2024-10-11T04:22:46.593+0800][info] GC(227)   Evacuate Collection Set: 1.2ms
[2024-10-11T04:22:46.593+0800][info] GC(227)   Post Evacuate Collection Set: 0.3ms
[2024-10-11T04:22:46.593+0800][info] GC(227)   Other: 0.2ms
[2024-10-11T04:22:46.593+0800][info] GC(227) Eden regions: 2->0(2)
[2024-10-11T04:22:46.593+0800][info] GC(227) Survivor regions: 1->1(1)
[2024-10-11T04:22:46.593+0800][info] GC(227) Old regions: 52->51
[2024-10-11T04:22:46.593+0800][info] GC(227) Archive regions: 2->2
[2024-10-11T04:22:46.593+0800][info] GC(227) Humongous regions: 3->3
[2024-10-11T04:22:46.593+0800][info] GC(227) Metaspace: 1631K(1792K)->1631K(1792K) NonClass: 1507K(1600K)->1507K(1600K) Class: 124K(192K)->124K(192K)
[2024-10-11T04:22:46.593+0800][info] GC(227) Pause Young (Mixed) (G1 Preventive Collection) 111M->107M(128M) 1.961ms
[2024-10-11T04:22:46.593+0800][info] GC(227) User=0.01s Sys=0.00s Real=0.00s
[2024-10-11T04:22:46.696+0800][info] GC(228) Pause Young (Mixed) (G1 Preventive Collection)
[2024-10-11T04:22:46.696+0800][info] GC(228) Using 3 workers of 48 for evacuation
[2024-10-11T04:22:46.698+0800][info] GC(228) To-space exhausted
[2024-10-11T04:22:46.698+0800][info] GC(228)   Pre Evacuate Collection Set: 0.2ms
[2024-10-11T04:22:46.698+0800][info] GC(228)   Merge Heap Roots: 0.1ms
[2024-10-11T04:22:46.698+0800][info] GC(228)   Evacuate Collection Set: 1.4ms
[2024-10-11T04:22:46.698+0800][info] GC(228)   Post Evacuate Collection Set: 0.3ms
[2024-10-11T04:22:46.698+0800][info] GC(228)   Other: 0.2ms
[2024-10-11T04:22:46.698+0800][info] GC(228) Eden regions: 2->0(2)
[2024-10-11T04:22:46.698+0800][info] GC(228) Survivor regions: 1->1(1)
[2024-10-11T04:22:46.698+0800][info] GC(228) Old regions: 51->55
[2024-10-11T04:22:46.698+0800][info] GC(228) Archive regions: 2->2
[2024-10-11T04:22:46.698+0800][info] GC(228) Humongous regions: 3->3
[2024-10-11T04:22:46.698+0800][info] GC(228) Metaspace: 1634K(1792K)->1634K(1792K) NonClass: 1510K(1600K)->1510K(1600K) Class: 124K(192K)->124K(192K)
[2024-10-11T04:22:46.698+0800][info] GC(228) Pause Young (Mixed) (G1 Preventive Collection) 111M->115M(128M) 2.185ms
[2024-10-11T04:22:46.698+0800][info] GC(228) User=0.01s Sys=0.00s Real=0.00s
[2024-10-11T04:22:46.759+0800][info] GC(229) Pause Young (Mixed) (G1 Preventive Collection)
[2024-10-11T04:22:46.759+0800][info] GC(229) Using 3 workers of 48 for evacuation
[2024-10-11T04:22:46.761+0800][info] GC(229) To-space exhausted
[2024-10-11T04:22:46.761+0800][info] GC(229)   Pre Evacuate Collection Set: 0.2ms
[2024-10-11T04:22:46.761+0800][info] GC(229)   Merge Heap Roots: 0.1ms
[2024-10-11T04:22:46.761+0800][info] GC(229)   Evacuate Collection Set: 0.8ms
[2024-10-11T04:22:46.761+0800][info] GC(229)   Post Evacuate Collection Set: 0.3ms
[2024-10-11T04:22:46.761+0800][info] GC(229)   Other: 0.2ms
[2024-10-11T04:22:46.761+0800][info] GC(229) Eden regions: 1->0(2)
[2024-10-11T04:22:46.761+0800][info] GC(229) Survivor regions: 1->1(1)
[2024-10-11T04:22:46.761+0800][info] GC(229) Old regions: 55->57
[2024-10-11T04:22:46.761+0800][info] GC(229) Archive regions: 2->2
[2024-10-11T04:22:46.761+0800][info] GC(229) Humongous regions: 3->3
[2024-10-11T04:22:46.761+0800][info] GC(229) Metaspace: 1634K(1792K)->1634K(1792K) NonClass: 1510K(1600K)->1510K(1600K) Class: 124K(192K)->124K(192K)
[2024-10-11T04:22:46.761+0800][info] GC(229) Pause Young (Mixed) (G1 Preventive Collection) 117M->119M(128M) 1.645ms
[2024-10-11T04:22:46.761+0800][info] GC(229) User=0.00s Sys=0.00s Real=0.00s
[2024-10-11T04:22:46.802+0800][info] GC(230) Pause Young (Mixed) (G1 Evacuation Pause)
[2024-10-11T04:22:46.802+0800][info] GC(230) Using 3 workers of 48 for evacuation
[2024-10-11T04:22:46.803+0800][info] GC(230) To-space exhausted
[2024-10-11T04:22:46.803+0800][info] GC(230)   Pre Evacuate Collection Set: 0.2ms
[2024-10-11T04:22:46.803+0800][info] GC(230)   Merge Heap Roots: 0.1ms
[2024-10-11T04:22:46.803+0800][info] GC(230)   Evacuate Collection Set: 0.2ms
[2024-10-11T04:22:46.803+0800][info] GC(230)   Post Evacuate Collection Set: 0.2ms
[2024-10-11T04:22:46.803+0800][info] GC(230)   Other: 0.1ms
[2024-10-11T04:22:46.803+0800][info] GC(230) Eden regions: 1->0(3)
[2024-10-11T04:22:46.803+0800][info] GC(230) Survivor regions: 1->0(0)
[2024-10-11T04:22:46.803+0800][info] GC(230) Old regions: 57->59
[2024-10-11T04:22:46.803+0800][info] GC(230) Archive regions: 2->2
[2024-10-11T04:22:46.803+0800][info] GC(230) Humongous regions: 3->3
[2024-10-11T04:22:46.803+0800][info] GC(230) Metaspace: 1634K(1792K)->1634K(1792K) NonClass: 1510K(1600K)->1510K(1600K) Class: 124K(192K)->124K(192K)
[2024-10-11T04:22:46.803+0800][info] GC(230) Pause Young (Mixed) (G1 Evacuation Pause) 121M->121M(128M) 0.896ms
[2024-10-11T04:22:46.803+0800][info] GC(230) User=0.00s Sys=0.00s Real=0.00s
[2024-10-11T04:22:46.803+0800][info] Attempting full compaction
[2024-10-11T04:22:46.803+0800][info] GC(231) Using 3 workers of 48 for full compaction
[2024-10-11T04:22:46.803+0800][info] GC(231) Pause Full (G1 Compaction Pause)
[2024-10-11T04:22:46.803+0800][info] GC(231) Phase 1: Mark live objects
[2024-10-11T04:22:46.806+0800][info] GC(231) Phase 1: Mark live objects 3.305ms
[2024-10-11T04:22:46.806+0800][info] GC(231) Phase 2: Prepare for compaction
[2024-10-11T04:22:46.807+0800][info] GC(231) Phase 2: Prepare for compaction 0.636ms
[2024-10-11T04:22:46.807+0800][info] GC(231) Phase 3: Adjust pointers
[2024-10-11T04:22:46.809+0800][info] GC(231) Phase 3: Adjust pointers 1.569ms
[2024-10-11T04:22:46.809+0800][info] GC(231) Phase 4: Compact heap
[2024-10-11T04:22:46.825+0800][info] GC(231) Phase 4: Compact heap 16.015ms
[2024-10-11T04:22:46.826+0800][info] GC(231) Eden regions: 0->0(3)
[2024-10-11T04:22:46.826+0800][info] GC(231) Survivor regions: 0->0(0)
[2024-10-11T04:22:46.826+0800][info] GC(231) Old regions: 59->39
[2024-10-11T04:22:46.826+0800][info] GC(231) Archive regions: 2->2
[2024-10-11T04:22:46.826+0800][info] GC(231) Humongous regions: 3->3
[2024-10-11T04:22:46.826+0800][info] GC(231) Metaspace: 1634K(1792K)->1634K(1792K) NonClass: 1510K(1600K)->1510K(1600K) Class: 124K(192K)->124K(192K)
[2024-10-11T04:22:46.826+0800][info] GC(231) Pause Full (G1 Compaction Pause) 121M->72M(128M) 23.151ms
[2024-10-11T04:22:46.826+0800][info] GC(231) User=0.04s Sys=0.00s Real=0.03s
[2024-10-11T04:22:46.990+0800][info] GC(232) Pause Young (Normal) (G1 Evacuation Pause)
[2024-10-11T04:22:46.990+0800][info] GC(232) Using 3 workers of 48 for evacuation
[2024-10-11T04:22:46.992+0800][info] GC(232)   Pre Evacuate Collection Set: 0.1ms
[2024-10-11T04:22:46.992+0800][info] GC(232)   Merge Heap Roots: 0.1ms
[2024-10-11T04:22:46.992+0800][info] GC(232)   Evacuate Collection Set: 1.0ms
[2024-10-11T04:22:46.992+0800][info] GC(232)   Post Evacuate Collection Set: 0.2ms
[2024-10-11T04:22:46.992+0800][info] GC(232)   Other: 0.2ms
[2024-10-11T04:22:46.992+0800][info] GC(232) Eden regions: 3->0(2)
[2024-10-11T04:22:46.992+0800][info] GC(232) Survivor regions: 0->1(1)
[2024-10-11T04:22:46.992+0800][info] GC(232) Old regions: 39->42
[2024-10-11T04:22:46.992+0800][info] GC(232) Archive regions: 2->2
[2024-10-11T04:22:46.992+0800][info] GC(232) Humongous regions: 3->3
[2024-10-11T04:22:46.992+0800][info] GC(232) Metaspace: 1635K(1792K)->1635K(1792K) NonClass: 1510K(1600K)->1510K(1600K) Class: 124K(192K)->124K(192K)
[2024-10-11T04:22:46.992+0800][info] GC(232) Pause Young (Normal) (G1 Evacuation Pause) 78M->79M(128M) 1.664ms
[2024-10-11T04:22:46.992+0800][info] GC(232) User=0.01s Sys=0.00s Real=0.00s
[2024-10-11T04:22:47.094+0800][info] GC(233) Pause Young (Normal) (G1 Evacuation Pause)
[2024-10-11T04:22:47.094+0800][info] GC(233) Using 3 workers of 48 for evacuation
[2024-10-11T04:22:47.095+0800][info] GC(233)   Pre Evacuate Collection Set: 0.1ms
[2024-10-11T04:22:47.095+0800][info] GC(233)   Merge Heap Roots: 0.0ms
[2024-10-11T04:22:47.095+0800][info] GC(233)   Evacuate Collection Set: 0.8ms
[2024-10-11T04:22:47.096+0800][info] GC(233)   Post Evacuate Collection Set: 0.2ms
[2024-10-11T04:22:47.096+0800][info] GC(233)   Other: 0.2ms
[2024-10-11T04:22:47.096+0800][info] GC(233) Eden regions: 2->0(2)
[2024-10-11T04:22:47.096+0800][info] GC(233) Survivor regions: 1->1(1)
[2024-10-11T04:22:47.096+0800][info] GC(233) Old regions: 42->44
[2024-10-11T04:22:47.096+0800][info] GC(233) Archive regions: 2->2
[2024-10-11T04:22:47.096+0800][info] GC(233) Humongous regions: 3->3
[2024-10-11T04:22:47.096+0800][info] GC(233) Metaspace: 1635K(1792K)->1635K(1792K) NonClass: 1510K(1600K)->1510K(1600K) Class: 124K(192K)->124K(192K)
[2024-10-11T04:22:47.096+0800][info] GC(233) Pause Young (Normal) (G1 Evacuation Pause) 82M->83M(128M) 1.436ms
[2024-10-11T04:22:47.096+0800][info] GC(233) User=0.00s Sys=0.00s Real=0.00s
[2024-10-11T04:22:47.198+0800][info] GC(234) Pause Young (Normal) (G1 Evacuation Pause)
[2024-10-11T04:22:47.198+0800][info] GC(234) Using 3 workers of 48 for evacuation
[2024-10-11T04:22:47.199+0800][info] GC(234)   Pre Evacuate Collection Set: 0.1ms
[2024-10-11T04:22:47.199+0800][info] GC(234)   Merge Heap Roots: 0.0ms
[2024-10-11T04:22:47.199+0800][info] GC(234)   Evacuate Collection Set: 0.8ms
[2024-10-11T04:22:47.199+0800][info] GC(234)   Post Evacuate Collection Set: 0.2ms
[2024-10-11T04:22:47.199+0800][info] GC(234)   Other: 0.2ms
[2024-10-11T04:22:47.199+0800][info] GC(234) Eden regions: 2->0(2)
[2024-10-11T04:22:47.199+0800][info] GC(234) Survivor regions: 1->1(1)
[2024-10-11T04:22:47.199+0800][info] GC(234) Old regions: 44->45
[2024-10-11T04:22:47.199+0800][info] GC(234) Archive regions: 2->2
[2024-10-11T04:22:47.199+0800][info] GC(234) Humongous regions: 3->3
[2024-10-11T04:22:47.199+0800][info] GC(234) Metaspace: 1635K(1792K)->1635K(1792K) NonClass: 1510K(1600K)->1510K(1600K) Class: 124K(192K)->124K(192K)
[2024-10-11T04:22:47.199+0800][info] GC(234) Pause Young (Normal) (G1 Evacuation Pause) 86M->86M(128M) 1.428ms
[2024-10-11T04:22:47.199+0800][info] GC(234) User=0.00s Sys=0.00s Real=0.00s
[2024-10-11T04:22:47.302+0800][info] GC(235) Pause Young (Normal) (G1 Evacuation Pause)
[2024-10-11T04:22:47.302+0800][info] GC(235) Using 3 workers of 48 for evacuation
[2024-10-11T04:22:47.303+0800][info] GC(235)   Pre Evacuate Collection Set: 0.1ms
[2024-10-11T04:22:47.303+0800][info] GC(235)   Merge Heap Roots: 0.0ms
[2024-10-11T04:22:47.303+0800][info] GC(235)   Evacuate Collection Set: 0.6ms
[2024-10-11T04:22:47.303+0800][info] GC(235)   Post Evacuate Collection Set: 0.2ms
[2024-10-11T04:22:47.303+0800][info] GC(235)   Other: 0.2ms
[2024-10-11T04:22:47.303+0800][info] GC(235) Eden regions: 2->0(2)
[2024-10-11T04:22:47.303+0800][info] GC(235) Survivor regions: 1->1(1)
[2024-10-11T04:22:47.303+0800][info] GC(235) Old regions: 45->47
[2024-10-11T04:22:47.303+0800][info] GC(235) Archive regions: 2->2
[2024-10-11T04:22:47.303+0800][info] GC(235) Humongous regions: 3->3
[2024-10-11T04:22:47.303+0800][info] GC(235) Metaspace: 1635K(1792K)->1635K(1792K) NonClass: 1510K(1600K)->1510K(1600K) Class: 124K(192K)->124K(192K)
[2024-10-11T04:22:47.303+0800][info] GC(235) Pause Young (Normal) (G1 Evacuation Pause) 90M->89M(128M) 1.283ms
[2024-10-11T04:22:47.303+0800][info] GC(235) User=0.00s Sys=0.00s Real=0.00s
[2024-10-11T04:22:47.405+0800][info] GC(236) Pause Young (Concurrent Start) (G1 Evacuation Pause)
[2024-10-11T04:22:47.405+0800][info] GC(236) Using 3 workers of 48 for evacuation
[2024-10-11T04:22:47.407+0800][info] GC(236)   Pre Evacuate Collection Set: 0.1ms
[2024-10-11T04:22:47.407+0800][info] GC(236)   Merge Heap Roots: 0.0ms
[2024-10-11T04:22:47.407+0800][info] GC(236)   Evacuate Collection Set: 1.0ms
[2024-10-11T04:22:47.407+0800][info] GC(236)   Post Evacuate Collection Set: 0.2ms
[2024-10-11T04:22:47.407+0800][info] GC(236)   Other: 0.4ms
[2024-10-11T04:22:47.407+0800][info] GC(236) Eden regions: 2->0(2)
[2024-10-11T04:22:47.407+0800][info] GC(236) Survivor regions: 1->1(1)
[2024-10-11T04:22:47.407+0800][info] GC(236) Old regions: 47->49
[2024-10-11T04:22:47.407+0800][info] GC(236) Archive regions: 2->2
[2024-10-11T04:22:47.407+0800][info] GC(236) Humongous regions: 3->3
[2024-10-11T04:22:47.407+0800][info] GC(236) Metaspace: 1635K(1792K)->1635K(1792K) NonClass: 1510K(1600K)->1510K(1600K) Class: 124K(192K)->124K(192K)
[2024-10-11T04:22:47.407+0800][info] GC(236) Pause Young (Concurrent Start) (G1 Evacuation Pause) 93M->93M(128M) 1.768ms
[2024-10-11T04:22:47.407+0800][info] GC(236) User=0.00s Sys=0.00s Real=0.00s
[2024-10-11T04:22:47.407+0800][info] GC(237) Concurrent Mark Cycle
[2024-10-11T04:22:47.407+0800][info] GC(237) Concurrent Clear Claimed Marks
[2024-10-11T04:22:47.407+0800][info] GC(237) Concurrent Clear Claimed Marks 0.015ms
[2024-10-11T04:22:47.407+0800][info] GC(237) Concurrent Scan Root Regions
[2024-10-11T04:22:47.407+0800][info] GC(237) Concurrent Scan Root Regions 0.147ms
[2024-10-11T04:22:47.407+0800][info] GC(237) Concurrent Mark
[2024-10-11T04:22:47.407+0800][info] GC(237) Concurrent Mark From Roots
[2024-10-11T04:22:47.407+0800][info] GC(237) Using 12 workers of 12 for marking
[2024-10-11T04:22:47.411+0800][info] GC(237) Concurrent Mark From Roots 3.566ms
[2024-10-11T04:22:47.411+0800][info] GC(237) Concurrent Preclean
[2024-10-11T04:22:47.413+0800][info] GC(237) Concurrent Preclean 1.672ms
[2024-10-11T04:22:47.413+0800][info] GC(237) Pause Remark
[2024-10-11T04:22:47.414+0800][info] GC(237) Pause Remark 94M->94M(128M) 1.459ms
[2024-10-11T04:22:47.414+0800][info] GC(237) User=0.00s Sys=0.00s Real=0.01s
[2024-10-11T04:22:47.414+0800][info] GC(237) Concurrent Mark 6.918ms
[2024-10-11T04:22:47.414+0800][info] GC(237) Concurrent Rebuild Remembered Sets
[2024-10-11T04:22:47.416+0800][info] GC(237) Concurrent Rebuild Remembered Sets 1.525ms
[2024-10-11T04:22:47.416+0800][info] GC(237) Pause Cleanup
[2024-10-11T04:22:47.416+0800][info] GC(237) Pause Cleanup 94M->94M(128M) 0.150ms
[2024-10-11T04:22:47.416+0800][info] GC(237) User=0.00s Sys=0.00s Real=0.00s
[2024-10-11T04:22:47.416+0800][info] GC(237) Concurrent Cleanup for Next Mark
[2024-10-11T04:22:47.416+0800][info] GC(237) Concurrent Cleanup for Next Mark 0.360ms
[2024-10-11T04:22:47.416+0800][info] GC(237) Concurrent Mark Cycle 9.373ms
[2024-10-11T04:22:47.560+0800][info] GC(238) Pause Young (Prepare Mixed) (G1 Evacuation Pause)
[2024-10-11T04:22:47.560+0800][info] GC(238) Using 3 workers of 48 for evacuation
[2024-10-11T04:22:47.561+0800][info] GC(238)   Pre Evacuate Collection Set: 0.1ms
[2024-10-11T04:22:47.561+0800][info] GC(238)   Merge Heap Roots: 0.1ms
[2024-10-11T04:22:47.561+0800][info] GC(238)   Evacuate Collection Set: 0.7ms
[2024-10-11T04:22:47.561+0800][info] GC(238)   Post Evacuate Collection Set: 0.2ms
[2024-10-11T04:22:47.561+0800][info] GC(238)   Other: 0.3ms
[2024-10-11T04:22:47.561+0800][info] GC(238) Eden regions: 2->0(2)
[2024-10-11T04:22:47.561+0800][info] GC(238) Survivor regions: 1->1(1)
[2024-10-11T04:22:47.561+0800][info] GC(238) Old regions: 49->51
[2024-10-11T04:22:47.561+0800][info] GC(238) Archive regions: 2->2
[2024-10-11T04:22:47.562+0800][info] GC(238) Humongous regions: 3->3
[2024-10-11T04:22:47.562+0800][info] GC(238) Metaspace: 1635K(1792K)->1635K(1792K) NonClass: 1510K(1600K)->1510K(1600K) Class: 124K(192K)->124K(192K)
[2024-10-11T04:22:47.562+0800][info] GC(238) Pause Young (Prepare Mixed) (G1 Evacuation Pause) 97M->97M(128M) 1.476ms
[2024-10-11T04:22:47.562+0800][info] GC(238) User=0.00s Sys=0.00s Real=0.00s
[2024-10-11T04:22:47.624+0800][info] GC(239) Pause Young (Mixed) (G1 Preventive Collection)
[2024-10-11T04:22:47.624+0800][info] GC(239) Using 3 workers of 48 for evacuation
[2024-10-11T04:22:47.626+0800][info] GC(239)   Pre Evacuate Collection Set: 0.2ms
[2024-10-11T04:22:47.626+0800][info] GC(239)   Merge Heap Roots: 0.1ms
[2024-10-11T04:22:47.626+0800][info] GC(239)   Evacuate Collection Set: 1.3ms
[2024-10-11T04:22:47.626+0800][info] GC(239)   Post Evacuate Collection Set: 0.2ms
[2024-10-11T04:22:47.626+0800][info] GC(239)   Other: 0.2ms
[2024-10-11T04:22:47.626+0800][info] GC(239) Eden regions: 1->0(2)
[2024-10-11T04:22:47.626+0800][info] GC(239) Survivor regions: 1->1(1)
[2024-10-11T04:22:47.626+0800][info] GC(239) Old regions: 51->48
[2024-10-11T04:22:47.626+0800][info] GC(239) Archive regions: 2->2
[2024-10-11T04:22:47.626+0800][info] GC(239) Humongous regions: 4->3
[2024-10-11T04:22:47.626+0800][info] GC(239) Metaspace: 1635K(1792K)->1635K(1792K) NonClass: 1510K(1600K)->1510K(1600K) Class: 124K(192K)->124K(192K)
[2024-10-11T04:22:47.626+0800][info] GC(239) Pause Young (Mixed) (G1 Preventive Collection) 101M->94M(128M) 1.972ms
[2024-10-11T04:22:47.626+0800][info] GC(239) User=0.01s Sys=0.00s Real=0.01s
[2024-10-11T04:22:47.728+0800][info] GC(240) Pause Young (Mixed) (G1 Evacuation Pause)
[2024-10-11T04:22:47.728+0800][info] GC(240) Using 3 workers of 48 for evacuation
[2024-10-11T04:22:47.730+0800][info] GC(240)   Pre Evacuate Collection Set: 0.2ms
[2024-10-11T04:22:47.730+0800][info] GC(240)   Merge Heap Roots: 0.1ms
[2024-10-11T04:22:47.730+0800][info] GC(240)   Evacuate Collection Set: 1.8ms
[2024-10-11T04:22:47.730+0800][info] GC(240)   Post Evacuate Collection Set: 0.2ms
[2024-10-11T04:22:47.730+0800][info] GC(240)   Other: 0.1ms
[2024-10-11T04:22:47.730+0800][info] GC(240) Eden regions: 2->0(2)
[2024-10-11T04:22:47.730+0800][info] GC(240) Survivor regions: 1->1(1)
[2024-10-11T04:22:47.730+0800][info] GC(240) Old regions: 48->46
[2024-10-11T04:22:47.730+0800][info] GC(240) Archive regions: 2->2
[2024-10-11T04:22:47.730+0800][info] GC(240) Humongous regions: 3->3
[2024-10-11T04:22:47.730+0800][info] GC(240) Metaspace: 1635K(1792K)->1635K(1792K) NonClass: 1510K(1600K)->1510K(1600K) Class: 124K(192K)->124K(192K)
[2024-10-11T04:22:47.731+0800][info] GC(240) Pause Young (Mixed) (G1 Evacuation Pause) 98M->94M(128M) 2.580ms
[2024-10-11T04:22:47.731+0800][info] GC(240) User=0.01s Sys=0.00s Real=0.00s
[2024-10-11T04:22:47.833+0800][info] GC(241) Pause Young (Mixed) (G1 Evacuation Pause)
[2024-10-11T04:22:47.833+0800][info] GC(241) Using 3 workers of 48 for evacuation
[2024-10-11T04:22:47.836+0800][info] GC(241)   Pre Evacuate Collection Set: 0.2ms
[2024-10-11T04:22:47.836+0800][info] GC(241)   Merge Heap Roots: 0.1ms
[2024-10-11T04:22:47.836+0800][info] GC(241)   Evacuate Collection Set: 1.9ms
[2024-10-11T04:22:47.836+0800][info] GC(241)   Post Evacuate Collection Set: 0.2ms
[2024-10-11T04:22:47.836+0800][info] GC(241)   Other: 0.1ms
[2024-10-11T04:22:47.836+0800][info] GC(241) Eden regions: 2->0(2)
[2024-10-11T04:22:47.836+0800][info] GC(241) Survivor regions: 1->1(1)
[2024-10-11T04:22:47.836+0800][info] GC(241) Old regions: 46->47
[2024-10-11T04:22:47.836+0800][info] GC(241) Archive regions: 2->2
[2024-10-11T04:22:47.836+0800][info] GC(241) Humongous regions: 3->3
[2024-10-11T04:22:47.836+0800][info] GC(241) Metaspace: 1635K(1792K)->1635K(1792K) NonClass: 1510K(1600K)->1510K(1600K) Class: 124K(192K)->124K(192K)
[2024-10-11T04:22:47.836+0800][info] GC(241) Pause Young (Mixed) (G1 Evacuation Pause) 97M->97M(128M) 2.568ms
[2024-10-11T04:22:47.836+0800][info] GC(241) User=0.01s Sys=0.00s Real=0.00s
[2024-10-11T04:22:47.938+0800][info] GC(242) Pause Young (Mixed) (G1 Evacuation Pause)
[2024-10-11T04:22:47.938+0800][info] GC(242) Using 3 workers of 48 for evacuation
[2024-10-11T04:22:47.940+0800][info] GC(242)   Pre Evacuate Collection Set: 0.2ms
[2024-10-11T04:22:47.940+0800][info] GC(242)   Merge Heap Roots: 0.1ms
[2024-10-11T04:22:47.940+0800][info] GC(242)   Evacuate Collection Set: 1.7ms
[2024-10-11T04:22:47.940+0800][info] GC(242)   Post Evacuate Collection Set: 0.2ms
[2024-10-11T04:22:47.940+0800][info] GC(242)   Other: 0.1ms
[2024-10-11T04:22:47.940+0800][info] GC(242) Eden regions: 2->0(2)
[2024-10-11T04:22:47.940+0800][info] GC(242) Survivor regions: 1->1(1)
[2024-10-11T04:22:47.940+0800][info] GC(242) Old regions: 47->46
[2024-10-11T04:22:47.940+0800][info] GC(242) Archive regions: 2->2
[2024-10-11T04:22:47.940+0800][info] GC(242) Humongous regions: 3->3
[2024-10-11T04:22:47.940+0800][info] GC(242) Metaspace: 1635K(1792K)->1635K(1792K) NonClass: 1510K(1600K)->1510K(1600K) Class: 124K(192K)->124K(192K)
[2024-10-11T04:22:47.940+0800][info] GC(242) Pause Young (Mixed) (G1 Evacuation Pause) 100M->96M(128M) 2.361ms
[2024-10-11T04:22:47.940+0800][info] GC(242) User=0.00s Sys=0.00s Real=0.00s
[2024-10-11T04:22:48.043+0800][info] GC(243) Pause Young (Normal) (G1 Evacuation Pause)
[2024-10-11T04:22:48.043+0800][info] GC(243) Using 3 workers of 48 for evacuation
[2024-10-11T04:22:48.044+0800][info] GC(243)   Pre Evacuate Collection Set: 0.1ms
[2024-10-11T04:22:48.044+0800][info] GC(243)   Merge Heap Roots: 0.0ms
[2024-10-11T04:22:48.044+0800][info] GC(243)   Evacuate Collection Set: 0.7ms
[2024-10-11T04:22:48.044+0800][info] GC(243)   Post Evacuate Collection Set: 0.2ms
[2024-10-11T04:22:48.044+0800][info] GC(243)   Other: 0.2ms
[2024-10-11T04:22:48.044+0800][info] GC(243) Eden regions: 2->0(2)
[2024-10-11T04:22:48.044+0800][info] GC(243) Survivor regions: 1->1(1)
[2024-10-11T04:22:48.044+0800][info] GC(243) Old regions: 46->47
[2024-10-11T04:22:48.044+0800][info] GC(243) Archive regions: 2->2
[2024-10-11T04:22:48.044+0800][info] GC(243) Humongous regions: 3->3
[2024-10-11T04:22:48.044+0800][info] GC(243) Metaspace: 1635K(1792K)->1635K(1792K) NonClass: 1510K(1600K)->1510K(1600K) Class: 124K(192K)->124K(192K)
[2024-10-11T04:22:48.044+0800][info] GC(243) Pause Young (Normal) (G1 Evacuation Pause) 99M->98M(128M) 1.354ms
[2024-10-11T04:22:48.044+0800][info] GC(243) User=0.01s Sys=0.00s Real=0.00s
[2024-10-11T04:22:48.146+0800][info] GC(244) Pause Young (Normal) (G1 Evacuation Pause)
[2024-10-11T04:22:48.146+0800][info] GC(244) Using 3 workers of 48 for evacuation
[2024-10-11T04:22:48.147+0800][info] GC(244)   Pre Evacuate Collection Set: 0.1ms
[2024-10-11T04:22:48.147+0800][info] GC(244)   Merge Heap Roots: 0.0ms
[2024-10-11T04:22:48.147+0800][info] GC(244)   Evacuate Collection Set: 0.9ms
[2024-10-11T04:22:48.147+0800][info] GC(244)   Post Evacuate Collection Set: 0.2ms
[2024-10-11T04:22:48.147+0800][info] GC(244)   Other: 0.2ms
[2024-10-11T04:22:48.148+0800][info] GC(244) Eden regions: 2->0(2)
[2024-10-11T04:22:48.148+0800][info] GC(244) Survivor regions: 1->1(1)
[2024-10-11T04:22:48.148+0800][info] GC(244) Old regions: 47->49
[2024-10-11T04:22:48.148+0800][info] GC(244) Archive regions: 2->2
[2024-10-11T04:22:48.148+0800][info] GC(244) Humongous regions: 3->3
[2024-10-11T04:22:48.148+0800][info] GC(244) Metaspace: 1635K(1792K)->1635K(1792K) NonClass: 1510K(1600K)->1510K(1600K) Class: 124K(192K)->124K(192K)
[2024-10-11T04:22:48.148+0800][info] GC(244) Pause Young (Normal) (G1 Evacuation Pause) 102M->102M(128M) 1.527ms
[2024-10-11T04:22:48.148+0800][info] GC(244) User=0.00s Sys=0.00s Real=0.00s
[2024-10-11T04:22:48.250+0800][info] GC(245) Pause Young (Concurrent Start) (G1 Evacuation Pause)
[2024-10-11T04:22:48.250+0800][info] GC(245) Using 3 workers of 48 for evacuation
[2024-10-11T04:22:48.251+0800][info] GC(245)   Pre Evacuate Collection Set: 0.1ms
[2024-10-11T04:22:48.251+0800][info] GC(245)   Merge Heap Roots: 0.0ms
[2024-10-11T04:22:48.251+0800][info] GC(245)   Evacuate Collection Set: 0.8ms
[2024-10-11T04:22:48.252+0800][info] GC(245)   Post Evacuate Collection Set: 0.2ms
[2024-10-11T04:22:48.252+0800][info] GC(245)   Other: 0.3ms
[2024-10-11T04:22:48.252+0800][info] GC(245) Eden regions: 2->0(2)
[2024-10-11T04:22:48.252+0800][info] GC(245) Survivor regions: 1->1(1)
[2024-10-11T04:22:48.252+0800][info] GC(245) Old regions: 49->51
[2024-10-11T04:22:48.252+0800][info] GC(245) Archive regions: 2->2
[2024-10-11T04:22:48.252+0800][info] GC(245) Humongous regions: 3->3
[2024-10-11T04:22:48.252+0800][info] GC(245) Metaspace: 1635K(1792K)->1635K(1792K) NonClass: 1510K(1600K)->1510K(1600K) Class: 124K(192K)->124K(192K)
[2024-10-11T04:22:48.252+0800][info] GC(245) Pause Young (Concurrent Start) (G1 Evacuation Pause) 106M->106M(128M) 1.600ms
[2024-10-11T04:22:48.252+0800][info] GC(245) User=0.01s Sys=0.00s Real=0.00s
[2024-10-11T04:22:48.252+0800][info] GC(246) Concurrent Mark Cycle
[2024-10-11T04:22:48.252+0800][info] GC(246) Concurrent Clear Claimed Marks
[2024-10-11T04:22:48.252+0800][info] GC(246) Concurrent Clear Claimed Marks 0.015ms
[2024-10-11T04:22:48.252+0800][info] GC(246) Concurrent Scan Root Regions
[2024-10-11T04:22:48.252+0800][info] GC(246) Concurrent Scan Root Regions 0.150ms
[2024-10-11T04:22:48.252+0800][info] GC(246) Concurrent Mark
[2024-10-11T04:22:48.252+0800][info] GC(246) Concurrent Mark From Roots
[2024-10-11T04:22:48.252+0800][info] GC(246) Using 12 workers of 12 for marking
[2024-10-11T04:22:48.256+0800][info] GC(246) Concurrent Mark From Roots 3.664ms
[2024-10-11T04:22:48.256+0800][info] GC(246) Concurrent Preclean
[2024-10-11T04:22:48.257+0800][info] GC(246) Concurrent Preclean 1.705ms
[2024-10-11T04:22:48.257+0800][info] GC(246) Pause Remark
[2024-10-11T04:22:48.259+0800][info] GC(246) Pause Remark 107M->107M(128M) 1.479ms
[2024-10-11T04:22:48.259+0800][info] GC(246) User=0.00s Sys=0.00s Real=0.00s
[2024-10-11T04:22:48.259+0800][info] GC(246) Concurrent Mark 7.100ms
[2024-10-11T04:22:48.259+0800][info] GC(246) Concurrent Rebuild Remembered Sets
[2024-10-11T04:22:48.261+0800][info] GC(246) Concurrent Rebuild Remembered Sets 1.580ms
[2024-10-11T04:22:48.261+0800][info] GC(246) Pause Cleanup
[2024-10-11T04:22:48.261+0800][info] GC(246) Pause Cleanup 107M->107M(128M) 0.141ms
[2024-10-11T04:22:48.261+0800][info] GC(246) User=0.00s Sys=0.00s Real=0.00s
[2024-10-11T04:22:48.261+0800][info] GC(246) Concurrent Cleanup for Next Mark
[2024-10-11T04:22:48.261+0800][info] GC(246) Concurrent Cleanup for Next Mark 0.374ms
[2024-10-11T04:22:48.261+0800][info] GC(246) Concurrent Mark Cycle 9.604ms
[2024-10-11T04:22:48.405+0800][info] GC(247) Pause Young (Prepare Mixed) (G1 Evacuation Pause)
[2024-10-11T04:22:48.405+0800][info] GC(247) Using 3 workers of 48 for evacuation
[2024-10-11T04:22:48.406+0800][info] GC(247)   Pre Evacuate Collection Set: 0.1ms
[2024-10-11T04:22:48.406+0800][info] GC(247)   Merge Heap Roots: 0.1ms
[2024-10-11T04:22:48.406+0800][info] GC(247)   Evacuate Collection Set: 0.9ms
[2024-10-11T04:22:48.406+0800][info] GC(247)   Post Evacuate Collection Set: 0.2ms
[2024-10-11T04:22:48.406+0800][info] GC(247)   Other: 0.2ms
[2024-10-11T04:22:48.406+0800][info] GC(247) Eden regions: 2->0(2)
[2024-10-11T04:22:48.406+0800][info] GC(247) Survivor regions: 1->1(1)
[2024-10-11T04:22:48.406+0800][info] GC(247) Old regions: 51->53
[2024-10-11T04:22:48.406+0800][info] GC(247) Archive regions: 2->2
[2024-10-11T04:22:48.406+0800][info] GC(247) Humongous regions: 3->3
[2024-10-11T04:22:48.406+0800][info] GC(247) Metaspace: 1635K(1792K)->1635K(1792K) NonClass: 1510K(1600K)->1510K(1600K) Class: 124K(192K)->124K(192K)
[2024-10-11T04:22:48.406+0800][info] GC(247) Pause Young (Prepare Mixed) (G1 Evacuation Pause) 110M->110M(128M) 1.608ms
[2024-10-11T04:22:48.406+0800][info] GC(247) User=0.00s Sys=0.00s Real=0.01s
[2024-10-11T04:22:48.468+0800][info] GC(248) Pause Young (Mixed) (G1 Preventive Collection)
[2024-10-11T04:22:48.468+0800][info] GC(248) Using 3 workers of 48 for evacuation
[2024-10-11T04:22:48.470+0800][info] GC(248)   Pre Evacuate Collection Set: 0.2ms
[2024-10-11T04:22:48.470+0800][info] GC(248)   Merge Heap Roots: 0.1ms
[2024-10-11T04:22:48.470+0800][info] GC(248)   Evacuate Collection Set: 1.0ms
[2024-10-11T04:22:48.470+0800][info] GC(248)   Post Evacuate Collection Set: 0.2ms
[2024-10-11T04:22:48.470+0800][info] GC(248)   Other: 0.2ms
[2024-10-11T04:22:48.470+0800][info] GC(248) Eden regions: 1->0(2)
[2024-10-11T04:22:48.470+0800][info] GC(248) Survivor regions: 1->1(1)
[2024-10-11T04:22:48.470+0800][info] GC(248) Old regions: 53->48
[2024-10-11T04:22:48.470+0800][info] GC(248) Archive regions: 2->2
[2024-10-11T04:22:48.470+0800][info] GC(248) Humongous regions: 3->3
[2024-10-11T04:22:48.470+0800][info] GC(248) Metaspace: 1635K(1792K)->1635K(1792K) NonClass: 1510K(1600K)->1510K(1600K) Class: 124K(192K)->124K(192K)
[2024-10-11T04:22:48.470+0800][info] GC(248) Pause Young (Mixed) (G1 Preventive Collection) 112M->102M(128M) 1.663ms
[2024-10-11T04:22:48.470+0800][info] GC(248) User=0.00s Sys=0.00s Real=0.00s
[2024-10-11T04:22:48.572+0800][info] GC(249) Pause Young (Mixed) (G1 Evacuation Pause)
[2024-10-11T04:22:48.572+0800][info] GC(249) Using 3 workers of 48 for evacuation
[2024-10-11T04:22:48.574+0800][info] GC(249)   Pre Evacuate Collection Set: 0.2ms
[2024-10-11T04:22:48.574+0800][info] GC(249)   Merge Heap Roots: 0.1ms
[2024-10-11T04:22:48.574+0800][info] GC(249)   Evacuate Collection Set: 2.0ms
[2024-10-11T04:22:48.574+0800][info] GC(249)   Post Evacuate Collection Set: 0.2ms
[2024-10-11T04:22:48.574+0800][info] GC(249)   Other: 0.1ms
[2024-10-11T04:22:48.574+0800][info] GC(249) Eden regions: 2->0(2)
[2024-10-11T04:22:48.574+0800][info] GC(249) Survivor regions: 1->1(1)
[2024-10-11T04:22:48.574+0800][info] GC(249) Old regions: 48->47
[2024-10-11T04:22:48.574+0800][info] GC(249) Archive regions: 2->2
[2024-10-11T04:22:48.574+0800][info] GC(249) Humongous regions: 3->3
[2024-10-11T04:22:48.574+0800][info] GC(249) Metaspace: 1635K(1792K)->1635K(1792K) NonClass: 1510K(1600K)->1510K(1600K) Class: 124K(192K)->124K(192K)
[2024-10-11T04:22:48.575+0800][info] GC(249) Pause Young (Mixed) (G1 Evacuation Pause) 106M->100M(128M) 2.674ms
[2024-10-11T04:22:48.575+0800][info] GC(249) User=0.01s Sys=0.00s Real=0.01s
[2024-10-11T04:22:48.677+0800][info] GC(250) Pause Young (Mixed) (G1 Evacuation Pause)
[2024-10-11T04:22:48.677+0800][info] GC(250) Using 3 workers of 48 for evacuation
[2024-10-11T04:22:48.680+0800][info] GC(250)   Pre Evacuate Collection Set: 0.2ms
[2024-10-11T04:22:48.680+0800][info] GC(250)   Merge Heap Roots: 0.1ms
[2024-10-11T04:22:48.680+0800][info] GC(250)   Evacuate Collection Set: 2.0ms
[2024-10-11T04:22:48.680+0800][info] GC(250)   Post Evacuate Collection Set: 0.2ms
[2024-10-11T04:22:48.680+0800][info] GC(250)   Other: 0.2ms
[2024-10-11T04:22:48.680+0800][info] GC(250) Eden regions: 2->0(2)
[2024-10-11T04:22:48.680+0800][info] GC(250) Survivor regions: 1->1(1)
[2024-10-11T04:22:48.680+0800][info] GC(250) Old regions: 47->47
[2024-10-11T04:22:48.680+0800][info] GC(250) Archive regions: 2->2
[2024-10-11T04:22:48.680+0800][info] GC(250) Humongous regions: 3->3
[2024-10-11T04:22:48.680+0800][info] GC(250) Metaspace: 1635K(1792K)->1635K(1792K) NonClass: 1510K(1600K)->1510K(1600K) Class: 124K(192K)->124K(192K)
[2024-10-11T04:22:48.680+0800][info] GC(250) Pause Young (Mixed) (G1 Evacuation Pause) 104M->100M(128M) 2.658ms
[2024-10-11T04:22:48.680+0800][info] GC(250) User=0.01s Sys=0.00s Real=0.00s
[2024-10-11T04:22:48.782+0800][info] GC(251) Pause Young (Mixed) (G1 Evacuation Pause)
[2024-10-11T04:22:48.782+0800][info] GC(251) Using 3 workers of 48 for evacuation
[2024-10-11T04:22:48.784+0800][info] GC(251)   Pre Evacuate Collection Set: 0.2ms
[2024-10-11T04:22:48.784+0800][info] GC(251)   Merge Heap Roots: 0.1ms
[2024-10-11T04:22:48.784+0800][info] GC(251)   Evacuate Collection Set: 1.9ms
[2024-10-11T04:22:48.784+0800][info] GC(251)   Post Evacuate Collection Set: 0.2ms
[2024-10-11T04:22:48.784+0800][info] GC(251)   Other: 0.1ms
[2024-10-11T04:22:48.784+0800][info] GC(251) Eden regions: 2->0(2)
[2024-10-11T04:22:48.784+0800][info] GC(251) Survivor regions: 1->1(1)
[2024-10-11T04:22:48.784+0800][info] GC(251) Old regions: 47->47
[2024-10-11T04:22:48.784+0800][info] GC(251) Archive regions: 2->2
[2024-10-11T04:22:48.784+0800][info] GC(251) Humongous regions: 3->3
[2024-10-11T04:22:48.784+0800][info] GC(251) Metaspace: 1635K(1792K)->1635K(1792K) NonClass: 1510K(1600K)->1510K(1600K) Class: 124K(192K)->124K(192K)
[2024-10-11T04:22:48.784+0800][info] GC(251) Pause Young (Mixed) (G1 Evacuation Pause) 104M->101M(128M) 2.626ms
[2024-10-11T04:22:48.784+0800][info] GC(251) User=0.00s Sys=0.00s Real=0.00s
[2024-10-11T04:22:48.887+0800][info] GC(252) Pause Young (Mixed) (G1 Evacuation Pause)
[2024-10-11T04:22:48.887+0800][info] GC(252) Using 3 workers of 48 for evacuation
[2024-10-11T04:22:48.888+0800][info] GC(252)   Pre Evacuate Collection Set: 0.2ms
[2024-10-11T04:22:48.888+0800][info] GC(252)   Merge Heap Roots: 0.1ms
[2024-10-11T04:22:48.888+0800][info] GC(252)   Evacuate Collection Set: 0.9ms
[2024-10-11T04:22:48.888+0800][info] GC(252)   Post Evacuate Collection Set: 0.2ms
[2024-10-11T04:22:48.888+0800][info] GC(252)   Other: 0.1ms
[2024-10-11T04:22:48.888+0800][info] GC(252) Eden regions: 2->0(2)
[2024-10-11T04:22:48.888+0800][info] GC(252) Survivor regions: 1->1(1)
[2024-10-11T04:22:48.888+0800][info] GC(252) Old regions: 47->49
[2024-10-11T04:22:48.888+0800][info] GC(252) Archive regions: 2->2
[2024-10-11T04:22:48.888+0800][info] GC(252) Humongous regions: 3->3
[2024-10-11T04:22:48.888+0800][info] GC(252) Metaspace: 1635K(1792K)->1635K(1792K) NonClass: 1510K(1600K)->1510K(1600K) Class: 124K(192K)->124K(192K)
[2024-10-11T04:22:48.888+0800][info] GC(252) Pause Young (Mixed) (G1 Evacuation Pause) 104M->104M(128M) 1.519ms
[2024-10-11T04:22:48.888+0800][info] GC(252) User=0.00s Sys=0.00s Real=0.00s
[2024-10-11T04:22:48.990+0800][info] GC(253) Pause Young (Normal) (G1 Evacuation Pause)
[2024-10-11T04:22:48.990+0800][info] GC(253) Using 3 workers of 48 for evacuation
[2024-10-11T04:22:48.992+0800][info] GC(253)   Pre Evacuate Collection Set: 0.1ms
[2024-10-11T04:22:48.992+0800][info] GC(253)   Merge Heap Roots: 0.1ms
[2024-10-11T04:22:48.992+0800][info] GC(253)   Evacuate Collection Set: 0.9ms
[2024-10-11T04:22:48.992+0800][info] GC(253)   Post Evacuate Collection Set: 0.2ms
[2024-10-11T04:22:48.992+0800][info] GC(253)   Other: 0.2ms
[2024-10-11T04:22:48.992+0800][info] GC(253) Eden regions: 2->0(2)
[2024-10-11T04:22:48.992+0800][info] GC(253) Survivor regions: 1->1(1)
[2024-10-11T04:22:48.992+0800][info] GC(253) Old regions: 49->51
[2024-10-11T04:22:48.992+0800][info] GC(253) Archive regions: 2->2
[2024-10-11T04:22:48.992+0800][info] GC(253) Humongous regions: 3->3
[2024-10-11T04:22:48.992+0800][info] GC(253) Metaspace: 1635K(1792K)->1635K(1792K) NonClass: 1510K(1600K)->1510K(1600K) Class: 124K(192K)->124K(192K)
[2024-10-11T04:22:48.992+0800][info] GC(253) Pause Young (Normal) (G1 Evacuation Pause) 108M->108M(128M) 1.551ms
[2024-10-11T04:22:48.992+0800][info] GC(253) User=0.00s Sys=0.00s Real=0.00s
[2024-10-11T04:22:49.094+0800][info] GC(254) Pause Young (Concurrent Start) (G1 Evacuation Pause)
[2024-10-11T04:22:49.095+0800][info] GC(254) Using 3 workers of 48 for evacuation
[2024-10-11T04:22:49.096+0800][info] GC(254)   Pre Evacuate Collection Set: 0.1ms
[2024-10-11T04:22:49.096+0800][info] GC(254)   Merge Heap Roots: 0.0ms
[2024-10-11T04:22:49.096+0800][info] GC(254)   Evacuate Collection Set: 0.7ms
[2024-10-11T04:22:49.096+0800][info] GC(254)   Post Evacuate Collection Set: 0.2ms
[2024-10-11T04:22:49.096+0800][info] GC(254)   Other: 0.3ms
[2024-10-11T04:22:49.096+0800][info] GC(254) Eden regions: 2->0(2)
[2024-10-11T04:22:49.096+0800][info] GC(254) Survivor regions: 1->1(1)
[2024-10-11T04:22:49.096+0800][info] GC(254) Old regions: 51->53
[2024-10-11T04:22:49.096+0800][info] GC(254) Archive regions: 2->2
[2024-10-11T04:22:49.096+0800][info] GC(254) Humongous regions: 3->3
[2024-10-11T04:22:49.096+0800][info] GC(254) Metaspace: 1635K(1792K)->1635K(1792K) NonClass: 1510K(1600K)->1510K(1600K) Class: 124K(192K)->124K(192K)
[2024-10-11T04:22:49.096+0800][info] GC(254) Pause Young (Concurrent Start) (G1 Evacuation Pause) 112M->112M(128M) 1.520ms
[2024-10-11T04:22:49.096+0800][info] GC(254) User=0.00s Sys=0.00s Real=0.00s
[2024-10-11T04:22:49.096+0800][info] GC(255) Concurrent Mark Cycle
[2024-10-11T04:22:49.096+0800][info] GC(255) Concurrent Clear Claimed Marks
[2024-10-11T04:22:49.096+0800][info] GC(255) Concurrent Clear Claimed Marks 0.015ms
[2024-10-11T04:22:49.096+0800][info] GC(255) Concurrent Scan Root Regions
[2024-10-11T04:22:49.096+0800][info] GC(255) Concurrent Scan Root Regions 0.134ms
[2024-10-11T04:22:49.096+0800][info] GC(255) Concurrent Mark
[2024-10-11T04:22:49.096+0800][info] GC(255) Concurrent Mark From Roots
[2024-10-11T04:22:49.096+0800][info] GC(255) Using 12 workers of 12 for marking
[2024-10-11T04:22:49.100+0800][info] GC(255) Concurrent Mark From Roots 3.451ms
[2024-10-11T04:22:49.100+0800][info] GC(255) Concurrent Preclean
[2024-10-11T04:22:49.102+0800][info] GC(255) Concurrent Preclean 1.705ms
[2024-10-11T04:22:49.102+0800][info] GC(255) Pause Remark
[2024-10-11T04:22:49.103+0800][info] GC(255) Pause Remark 113M->113M(128M) 1.392ms
[2024-10-11T04:22:49.103+0800][info] GC(255) User=0.00s Sys=0.00s Real=0.00s
[2024-10-11T04:22:49.103+0800][info] GC(255) Concurrent Mark 6.749ms
[2024-10-11T04:22:49.103+0800][info] GC(255) Concurrent Rebuild Remembered Sets
[2024-10-11T04:22:49.105+0800][info] GC(255) Concurrent Rebuild Remembered Sets 1.571ms
[2024-10-11T04:22:49.105+0800][info] GC(255) Pause Cleanup
[2024-10-11T04:22:49.105+0800][info] GC(255) Pause Cleanup 113M->113M(128M) 0.160ms
[2024-10-11T04:22:49.105+0800][info] GC(255) User=0.00s Sys=0.00s Real=0.00s
[2024-10-11T04:22:49.105+0800][info] GC(255) Concurrent Cleanup for Next Mark
[2024-10-11T04:22:49.105+0800][info] GC(255) Concurrent Cleanup for Next Mark 0.367ms
[2024-10-11T04:22:49.105+0800][info] GC(255) Concurrent Mark Cycle 9.248ms
[2024-10-11T04:22:49.249+0800][info] GC(256) Pause Young (Prepare Mixed) (G1 Preventive Collection)
[2024-10-11T04:22:49.249+0800][info] GC(256) Using 3 workers of 48 for evacuation
[2024-10-11T04:22:49.251+0800][info] GC(256)   Pre Evacuate Collection Set: 0.1ms
[2024-10-11T04:22:49.251+0800][info] GC(256)   Merge Heap Roots: 0.1ms
[2024-10-11T04:22:49.251+0800][info] GC(256)   Evacuate Collection Set: 0.8ms
[2024-10-11T04:22:49.251+0800][info] GC(256)   Post Evacuate Collection Set: 0.2ms
[2024-10-11T04:22:49.251+0800][info] GC(256)   Other: 0.2ms
[2024-10-11T04:22:49.251+0800][info] GC(256) Eden regions: 2->0(2)
[2024-10-11T04:22:49.251+0800][info] GC(256) Survivor regions: 1->1(1)
[2024-10-11T04:22:49.251+0800][info] GC(256) Old regions: 53->55
[2024-10-11T04:22:49.251+0800][info] GC(256) Archive regions: 2->2
[2024-10-11T04:22:49.251+0800][info] GC(256) Humongous regions: 3->3
[2024-10-11T04:22:49.251+0800][info] GC(256) Metaspace: 1635K(1792K)->1635K(1792K) NonClass: 1510K(1600K)->1510K(1600K) Class: 124K(192K)->124K(192K)
[2024-10-11T04:22:49.251+0800][info] GC(256) Pause Young (Prepare Mixed) (G1 Preventive Collection) 116M->116M(128M) 1.503ms
[2024-10-11T04:22:49.251+0800][info] GC(256) User=0.00s Sys=0.00s Real=0.00s
[2024-10-11T04:22:49.312+0800][info] GC(257) Pause Young (Mixed) (G1 Preventive Collection)
[2024-10-11T04:22:49.312+0800][info] GC(257) Using 3 workers of 48 for evacuation
[2024-10-11T04:22:49.313+0800][info] GC(257) To-space exhausted
[2024-10-11T04:22:49.313+0800][info] GC(257)   Pre Evacuate Collection Set: 0.2ms
[2024-10-11T04:22:49.313+0800][info] GC(257)   Merge Heap Roots: 0.1ms
[2024-10-11T04:22:49.313+0800][info] GC(257)   Evacuate Collection Set: 0.7ms
[2024-10-11T04:22:49.313+0800][info] GC(257)   Post Evacuate Collection Set: 0.2ms
[2024-10-11T04:22:49.313+0800][info] GC(257)   Other: 0.2ms
[2024-10-11T04:22:49.313+0800][info] GC(257) Eden regions: 1->0(2)
[2024-10-11T04:22:49.313+0800][info] GC(257) Survivor regions: 1->1(1)
[2024-10-11T04:22:49.313+0800][info] GC(257) Old regions: 55->54
[2024-10-11T04:22:49.313+0800][info] GC(257) Archive regions: 2->2
[2024-10-11T04:22:49.313+0800][info] GC(257) Humongous regions: 3->3
[2024-10-11T04:22:49.313+0800][info] GC(257) Metaspace: 1635K(1792K)->1635K(1792K) NonClass: 1510K(1600K)->1510K(1600K) Class: 124K(192K)->124K(192K)
[2024-10-11T04:22:49.313+0800][info] GC(257) Pause Young (Mixed) (G1 Preventive Collection) 118M->116M(128M) 1.444ms
[2024-10-11T04:22:49.313+0800][info] GC(257) User=0.00s Sys=0.01s Real=0.01s
[2024-10-11T04:22:49.355+0800][info] GC(258) Pause Young (Mixed) (G1 Preventive Collection)
[2024-10-11T04:22:49.355+0800][info] GC(258) Using 3 workers of 48 for evacuation
[2024-10-11T04:22:49.356+0800][info] GC(258) To-space exhausted
[2024-10-11T04:22:49.356+0800][info] GC(258)   Pre Evacuate Collection Set: 0.2ms
[2024-10-11T04:22:49.356+0800][info] GC(258)   Merge Heap Roots: 0.1ms
[2024-10-11T04:22:49.356+0800][info] GC(258)   Evacuate Collection Set: 0.9ms
[2024-10-11T04:22:49.356+0800][info] GC(258)   Post Evacuate Collection Set: 0.2ms
[2024-10-11T04:22:49.356+0800][info] GC(258)   Other: 0.2ms
[2024-10-11T04:22:49.356+0800][info] GC(258) Eden regions: 1->0(2)
[2024-10-11T04:22:49.356+0800][info] GC(258) Survivor regions: 1->1(1)
[2024-10-11T04:22:49.356+0800][info] GC(258) Old regions: 54->55
[2024-10-11T04:22:49.356+0800][info] GC(258) Archive regions: 2->2
[2024-10-11T04:22:49.356+0800][info] GC(258) Humongous regions: 3->3
[2024-10-11T04:22:49.356+0800][info] GC(258) Metaspace: 1635K(1792K)->1635K(1792K) NonClass: 1510K(1600K)->1510K(1600K) Class: 124K(192K)->124K(192K)
[2024-10-11T04:22:49.356+0800][info] GC(258) Pause Young (Mixed) (G1 Preventive Collection) 117M->117M(128M) 1.612ms
[2024-10-11T04:22:49.356+0800][info] GC(258) User=0.01s Sys=0.00s Real=0.00s
[2024-10-11T04:22:49.418+0800][info] GC(259) Pause Young (Mixed) (G1 Preventive Collection)
[2024-10-11T04:22:49.418+0800][info] GC(259) Using 3 workers of 48 for evacuation
[2024-10-11T04:22:49.420+0800][info] GC(259) To-space exhausted
[2024-10-11T04:22:49.420+0800][info] GC(259)   Pre Evacuate Collection Set: 0.2ms
[2024-10-11T04:22:49.420+0800][info] GC(259)   Merge Heap Roots: 0.1ms
[2024-10-11T04:22:49.420+0800][info] GC(259)   Evacuate Collection Set: 1.2ms
[2024-10-11T04:22:49.420+0800][info] GC(259)   Post Evacuate Collection Set: 0.4ms
[2024-10-11T04:22:49.420+0800][info] GC(259)   Other: 0.2ms
[2024-10-11T04:22:49.420+0800][info] GC(259) Eden regions: 1->0(2)
[2024-10-11T04:22:49.420+0800][info] GC(259) Survivor regions: 1->1(1)
[2024-10-11T04:22:49.420+0800][info] GC(259) Old regions: 55->57
[2024-10-11T04:22:49.420+0800][info] GC(259) Archive regions: 2->2
[2024-10-11T04:22:49.420+0800][info] GC(259) Humongous regions: 3->3
[2024-10-11T04:22:49.420+0800][info] GC(259) Metaspace: 1635K(1792K)->1635K(1792K) NonClass: 1510K(1600K)->1510K(1600K) Class: 124K(192K)->124K(192K)
[2024-10-11T04:22:49.420+0800][info] GC(259) Pause Young (Mixed) (G1 Preventive Collection) 119M->121M(128M) 2.173ms
[2024-10-11T04:22:49.420+0800][info] GC(259) User=0.00s Sys=0.00s Real=0.00s
[2024-10-11T04:22:49.461+0800][info] GC(260) Pause Young (Mixed) (G1 Evacuation Pause)
[2024-10-11T04:22:49.461+0800][info] GC(260) Using 3 workers of 48 for evacuation
[2024-10-11T04:22:49.462+0800][info] GC(260) To-space exhausted
[2024-10-11T04:22:49.462+0800][info] GC(260)   Pre Evacuate Collection Set: 0.2ms
[2024-10-11T04:22:49.462+0800][info] GC(260)   Merge Heap Roots: 0.1ms
[2024-10-11T04:22:49.462+0800][info] GC(260)   Evacuate Collection Set: 0.5ms
[2024-10-11T04:22:49.462+0800][info] GC(260)   Post Evacuate Collection Set: 0.3ms
[2024-10-11T04:22:49.462+0800][info] GC(260)   Other: 0.2ms
[2024-10-11T04:22:49.462+0800][info] GC(260) Eden regions: 1->0(3)
[2024-10-11T04:22:49.462+0800][info] GC(260) Survivor regions: 1->0(0)
[2024-10-11T04:22:49.462+0800][info] GC(260) Old regions: 57->59
[2024-10-11T04:22:49.462+0800][info] GC(260) Archive regions: 2->2
[2024-10-11T04:22:49.462+0800][info] GC(260) Humongous regions: 3->3
[2024-10-11T04:22:49.462+0800][info] GC(260) Metaspace: 1635K(1792K)->1635K(1792K) NonClass: 1510K(1600K)->1510K(1600K) Class: 124K(192K)->124K(192K)
[2024-10-11T04:22:49.462+0800][info] GC(260) Pause Young (Mixed) (G1 Evacuation Pause) 123M->123M(128M) 1.319ms
[2024-10-11T04:22:49.462+0800][info] GC(260) User=0.00s Sys=0.00s Real=0.00s
[2024-10-11T04:22:49.462+0800][info] Attempting full compaction
[2024-10-11T04:22:49.462+0800][info] GC(261) Using 3 workers of 48 for full compaction
[2024-10-11T04:22:49.462+0800][info] GC(261) Pause Full (G1 Compaction Pause)
[2024-10-11T04:22:49.462+0800][info] GC(261) Phase 1: Mark live objects
[2024-10-11T04:22:49.466+0800][info] GC(261) Phase 1: Mark live objects 3.143ms
[2024-10-11T04:22:49.466+0800][info] GC(261) Phase 2: Prepare for compaction
[2024-10-11T04:22:49.466+0800][info] GC(261) Phase 2: Prepare for compaction 0.634ms
[2024-10-11T04:22:49.466+0800][info] GC(261) Phase 3: Adjust pointers
[2024-10-11T04:22:49.468+0800][info] GC(261) Phase 3: Adjust pointers 1.514ms
[2024-10-11T04:22:49.468+0800][info] GC(261) Phase 4: Compact heap
[2024-10-11T04:22:49.480+0800][info] GC(261) Phase 4: Compact heap 12.057ms
[2024-10-11T04:22:49.481+0800][info] GC(261) Eden regions: 0->0(3)
[2024-10-11T04:22:49.481+0800][info] GC(261) Survivor regions: 0->0(0)
[2024-10-11T04:22:49.481+0800][info] GC(261) Old regions: 59->39
[2024-10-11T04:22:49.481+0800][info] GC(261) Archive regions: 2->2
[2024-10-11T04:22:49.481+0800][info] GC(261) Humongous regions: 3->3
[2024-10-11T04:22:49.481+0800][info] GC(261) Metaspace: 1635K(1792K)->1635K(1792K) NonClass: 1510K(1600K)->1510K(1600K) Class: 124K(192K)->124K(192K)
[2024-10-11T04:22:49.481+0800][info] GC(261) Pause Full (G1 Compaction Pause) 123M->72M(128M) 18.938ms
[2024-10-11T04:22:49.481+0800][info] GC(261) User=0.04s Sys=0.00s Real=0.02s
[2024-10-11T04:22:49.645+0800][info] GC(262) Pause Young (Normal) (G1 Evacuation Pause)
[2024-10-11T04:22:49.645+0800][info] GC(262) Using 3 workers of 48 for evacuation
[2024-10-11T04:22:49.647+0800][info] GC(262)   Pre Evacuate Collection Set: 0.1ms
[2024-10-11T04:22:49.647+0800][info] GC(262)   Merge Heap Roots: 0.0ms
[2024-10-11T04:22:49.647+0800][info] GC(262)   Evacuate Collection Set: 0.8ms
[2024-10-11T04:22:49.647+0800][info] GC(262)   Post Evacuate Collection Set: 0.2ms
[2024-10-11T04:22:49.647+0800][info] GC(262)   Other: 0.2ms
[2024-10-11T04:22:49.647+0800][info] GC(262) Eden regions: 3->0(2)
[2024-10-11T04:22:49.647+0800][info] GC(262) Survivor regions: 0->1(1)
[2024-10-11T04:22:49.647+0800][info] GC(262) Old regions: 39->41
[2024-10-11T04:22:49.647+0800][info] GC(262) Archive regions: 2->2
[2024-10-11T04:22:49.647+0800][info] GC(262) Humongous regions: 3->3
[2024-10-11T04:22:49.647+0800][info] GC(262) Metaspace: 1635K(1792K)->1635K(1792K) NonClass: 1510K(1600K)->1510K(1600K) Class: 124K(192K)->124K(192K)
[2024-10-11T04:22:49.647+0800][info] GC(262) Pause Young (Normal) (G1 Evacuation Pause) 78M->77M(128M) 1.513ms
[2024-10-11T04:22:49.647+0800][info] GC(262) User=0.00s Sys=0.00s Real=0.00s
[2024-10-11T04:22:49.749+0800][info] GC(263) Pause Young (Normal) (G1 Evacuation Pause)
[2024-10-11T04:22:49.749+0800][info] GC(263) Using 3 workers of 48 for evacuation
[2024-10-11T04:22:49.750+0800][info] GC(263)   Pre Evacuate Collection Set: 0.1ms
[2024-10-11T04:22:49.750+0800][info] GC(263)   Merge Heap Roots: 0.0ms
[2024-10-11T04:22:49.750+0800][info] GC(263)   Evacuate Collection Set: 0.9ms
[2024-10-11T04:22:49.750+0800][info] GC(263)   Post Evacuate Collection Set: 0.2ms
[2024-10-11T04:22:49.750+0800][info] GC(263)   Other: 0.2ms
[2024-10-11T04:22:49.750+0800][info] GC(263) Eden regions: 2->0(2)
[2024-10-11T04:22:49.750+0800][info] GC(263) Survivor regions: 1->1(1)
[2024-10-11T04:22:49.750+0800][info] GC(263) Old regions: 41->43
[2024-10-11T04:22:49.750+0800][info] GC(263) Archive regions: 2->2
[2024-10-11T04:22:49.750+0800][info] GC(263) Humongous regions: 3->3
[2024-10-11T04:22:49.750+0800][info] GC(263) Metaspace: 1635K(1792K)->1635K(1792K) NonClass: 1510K(1600K)->1510K(1600K) Class: 124K(192K)->124K(192K)
[2024-10-11T04:22:49.750+0800][info] GC(263) Pause Young (Normal) (G1 Evacuation Pause) 81M->81M(128M) 1.566ms
[2024-10-11T04:22:49.750+0800][info] GC(263) User=0.00s Sys=0.00s Real=0.00s
[2024-10-11T04:22:49.853+0800][info] GC(264) Pause Young (Normal) (G1 Evacuation Pause)
[2024-10-11T04:22:49.853+0800][info] GC(264) Using 3 workers of 48 for evacuation
[2024-10-11T04:22:49.855+0800][info] GC(264)   Pre Evacuate Collection Set: 0.1ms
[2024-10-11T04:22:49.855+0800][info] GC(264)   Merge Heap Roots: 0.1ms
[2024-10-11T04:22:49.855+0800][info] GC(264)   Evacuate Collection Set: 0.9ms
[2024-10-11T04:22:49.855+0800][info] GC(264)   Post Evacuate Collection Set: 0.2ms
[2024-10-11T04:22:49.855+0800][info] GC(264)   Other: 0.3ms
[2024-10-11T04:22:49.855+0800][info] GC(264) Eden regions: 2->0(2)
[2024-10-11T04:22:49.855+0800][info] GC(264) Survivor regions: 1->1(1)
[2024-10-11T04:22:49.855+0800][info] GC(264) Old regions: 43->45
[2024-10-11T04:22:49.855+0800][info] GC(264) Archive regions: 2->2
[2024-10-11T04:22:49.855+0800][info] GC(264) Humongous regions: 4->4
[2024-10-11T04:22:49.855+0800][info] GC(264) Metaspace: 1635K(1792K)->1635K(1792K) NonClass: 1510K(1600K)->1510K(1600K) Class: 124K(192K)->124K(192K)
[2024-10-11T04:22:49.855+0800][info] GC(264) Pause Young (Normal) (G1 Evacuation Pause) 87M->87M(128M) 1.547ms
[2024-10-11T04:22:49.855+0800][info] GC(264) User=0.00s Sys=0.00s Real=0.00s
[2024-10-11T04:22:49.957+0800][info] GC(265) Pause Young (Normal) (G1 Evacuation Pause)
[2024-10-11T04:22:49.957+0800][info] GC(265) Using 3 workers of 48 for evacuation
[2024-10-11T04:22:49.958+0800][info] GC(265)   Pre Evacuate Collection Set: 0.1ms
[2024-10-11T04:22:49.958+0800][info] GC(265)   Merge Heap Roots: 0.1ms
[2024-10-11T04:22:49.958+0800][info] GC(265)   Evacuate Collection Set: 0.7ms
[2024-10-11T04:22:49.958+0800][info] GC(265)   Post Evacuate Collection Set: 0.2ms
[2024-10-11T04:22:49.958+0800][info] GC(265)   Other: 0.2ms
[2024-10-11T04:22:49.958+0800][info] GC(265) Eden regions: 2->0(2)
[2024-10-11T04:22:49.958+0800][info] GC(265) Survivor regions: 1->1(1)
[2024-10-11T04:22:49.958+0800][info] GC(265) Old regions: 45->47
[2024-10-11T04:22:49.958+0800][info] GC(265) Archive regions: 2->2
[2024-10-11T04:22:49.958+0800][info] GC(265) Humongous regions: 4->4
[2024-10-11T04:22:49.958+0800][info] GC(265) Metaspace: 1635K(1792K)->1635K(1792K) NonClass: 1510K(1600K)->1510K(1600K) Class: 124K(192K)->124K(192K)
[2024-10-11T04:22:49.958+0800][info] GC(265) Pause Young (Normal) (G1 Evacuation Pause) 91M->91M(128M) 1.381ms
[2024-10-11T04:22:49.958+0800][info] GC(265) User=0.01s Sys=0.00s Real=0.00s
[2024-10-11T04:22:50.061+0800][info] GC(266) Pause Young (Concurrent Start) (G1 Evacuation Pause)
[2024-10-11T04:22:50.061+0800][info] GC(266) Using 3 workers of 48 for evacuation
[2024-10-11T04:22:50.062+0800][info] GC(266)   Pre Evacuate Collection Set: 0.1ms
[2024-10-11T04:22:50.062+0800][info] GC(266)   Merge Heap Roots: 0.0ms
[2024-10-11T04:22:50.062+0800][info] GC(266)   Evacuate Collection Set: 0.9ms
[2024-10-11T04:22:50.062+0800][info] GC(266)   Post Evacuate Collection Set: 0.2ms
[2024-10-11T04:22:50.062+0800][info] GC(266)   Other: 0.4ms
[2024-10-11T04:22:50.062+0800][info] GC(266) Eden regions: 2->0(2)
[2024-10-11T04:22:50.062+0800][info] GC(266) Survivor regions: 1->1(1)
[2024-10-11T04:22:50.062+0800][info] GC(266) Old regions: 47->49
[2024-10-11T04:22:50.062+0800][info] GC(266) Archive regions: 2->2
[2024-10-11T04:22:50.062+0800][info] GC(266) Humongous regions: 4->4
[2024-10-11T04:22:50.062+0800][info] GC(266) Metaspace: 1635K(1792K)->1635K(1792K) NonClass: 1510K(1600K)->1510K(1600K) Class: 124K(192K)->124K(192K)
[2024-10-11T04:22:50.062+0800][info] GC(266) Pause Young (Concurrent Start) (G1 Evacuation Pause) 94M->94M(128M) 1.749ms
[2024-10-11T04:22:50.062+0800][info] GC(266) User=0.00s Sys=0.00s Real=0.00s
[2024-10-11T04:22:50.062+0800][info] GC(267) Concurrent Mark Cycle
[2024-10-11T04:22:50.062+0800][info] GC(267) Concurrent Clear Claimed Marks
[2024-10-11T04:22:50.062+0800][info] GC(267) Concurrent Clear Claimed Marks 0.015ms
[2024-10-11T04:22:50.062+0800][info] GC(267) Concurrent Scan Root Regions
[2024-10-11T04:22:50.063+0800][info] GC(267) Concurrent Scan Root Regions 0.147ms
[2024-10-11T04:22:50.063+0800][info] GC(267) Concurrent Mark
[2024-10-11T04:22:50.063+0800][info] GC(267) Concurrent Mark From Roots
[2024-10-11T04:22:50.063+0800][info] GC(267) Using 12 workers of 12 for marking
[2024-10-11T04:22:50.066+0800][info] GC(267) Concurrent Mark From Roots 3.675ms
[2024-10-11T04:22:50.066+0800][info] GC(267) Concurrent Preclean
[2024-10-11T04:22:50.068+0800][info] GC(267) Concurrent Preclean 1.672ms
[2024-10-11T04:22:50.068+0800][info] GC(267) Pause Remark
[2024-10-11T04:22:50.069+0800][info] GC(267) Pause Remark 95M->93M(128M) 1.470ms
[2024-10-11T04:22:50.070+0800][info] GC(267) User=0.01s Sys=0.00s Real=0.00s
[2024-10-11T04:22:50.070+0800][info] GC(267) Concurrent Mark 7.014ms
[2024-10-11T04:22:50.070+0800][info] GC(267) Concurrent Rebuild Remembered Sets
[2024-10-11T04:22:50.072+0800][info] GC(267) Concurrent Rebuild Remembered Sets 2.029ms
[2024-10-11T04:22:50.072+0800][info] GC(267) Pause Cleanup
[2024-10-11T04:22:50.072+0800][info] GC(267) Pause Cleanup 93M->93M(128M) 0.185ms
[2024-10-11T04:22:50.072+0800][info] GC(267) User=0.00s Sys=0.00s Real=0.00s
[2024-10-11T04:22:50.072+0800][info] GC(267) Concurrent Cleanup for Next Mark
[2024-10-11T04:22:50.072+0800][info] GC(267) Concurrent Cleanup for Next Mark 0.374ms
[2024-10-11T04:22:50.072+0800][info] GC(267) Concurrent Mark Cycle 10.083ms
[2024-10-11T04:22:50.215+0800][info] GC(268) Pause Young (Prepare Mixed) (G1 Evacuation Pause)
[2024-10-11T04:22:50.215+0800][info] GC(268) Using 3 workers of 48 for evacuation
[2024-10-11T04:22:50.217+0800][info] GC(268)   Pre Evacuate Collection Set: 0.1ms
[2024-10-11T04:22:50.217+0800][info] GC(268)   Merge Heap Roots: 0.1ms
[2024-10-11T04:22:50.217+0800][info] GC(268)   Evacuate Collection Set: 0.8ms
[2024-10-11T04:22:50.217+0800][info] GC(268)   Post Evacuate Collection Set: 0.2ms
[2024-10-11T04:22:50.217+0800][info] GC(268)   Other: 0.2ms
[2024-10-11T04:22:50.217+0800][info] GC(268) Eden regions: 2->0(2)
[2024-10-11T04:22:50.217+0800][info] GC(268) Survivor regions: 1->1(1)
[2024-10-11T04:22:50.217+0800][info] GC(268) Old regions: 49->51
[2024-10-11T04:22:50.217+0800][info] GC(268) Archive regions: 2->2
[2024-10-11T04:22:50.217+0800][info] GC(268) Humongous regions: 3->3
[2024-10-11T04:22:50.217+0800][info] GC(268) Metaspace: 1635K(1792K)->1635K(1792K) NonClass: 1510K(1600K)->1510K(1600K) Class: 124K(192K)->124K(192K)
[2024-10-11T04:22:50.217+0800][info] GC(268) Pause Young (Prepare Mixed) (G1 Evacuation Pause) 96M->96M(128M) 1.470ms
[2024-10-11T04:22:50.217+0800][info] GC(268) User=0.01s Sys=0.00s Real=0.00s
[2024-10-11T04:22:50.319+0800][info] GC(269) Pause Young (Mixed) (G1 Preventive Collection)
[2024-10-11T04:22:50.319+0800][info] GC(269) Using 3 workers of 48 for evacuation
[2024-10-11T04:22:50.321+0800][info] GC(269)   Pre Evacuate Collection Set: 0.2ms
[2024-10-11T04:22:50.321+0800][info] GC(269)   Merge Heap Roots: 0.0ms
[2024-10-11T04:22:50.321+0800][info] GC(269)   Evacuate Collection Set: 1.3ms
[2024-10-11T04:22:50.321+0800][info] GC(269)   Post Evacuate Collection Set: 0.2ms
[2024-10-11T04:22:50.321+0800][info] GC(269)   Other: 0.3ms
[2024-10-11T04:22:50.321+0800][info] GC(269) Eden regions: 2->0(2)
[2024-10-11T04:22:50.321+0800][info] GC(269) Survivor regions: 1->1(1)
[2024-10-11T04:22:50.321+0800][info] GC(269) Old regions: 51->47
[2024-10-11T04:22:50.321+0800][info] GC(269) Archive regions: 2->2
[2024-10-11T04:22:50.321+0800][info] GC(269) Humongous regions: 3->3
[2024-10-11T04:22:50.321+0800][info] GC(269) Metaspace: 1635K(1792K)->1635K(1792K) NonClass: 1510K(1600K)->1510K(1600K) Class: 124K(192K)->124K(192K)
[2024-10-11T04:22:50.321+0800][info] GC(269) Pause Young (Mixed) (G1 Preventive Collection) 100M->92M(128M) 2.033ms
[2024-10-11T04:22:50.321+0800][info] GC(269) User=0.00s Sys=0.01s Real=0.00s
[2024-10-11T04:22:50.423+0800][info] GC(270) Pause Young (Mixed) (G1 Evacuation Pause)
[2024-10-11T04:22:50.423+0800][info] GC(270) Using 3 workers of 48 for evacuation
[2024-10-11T04:22:50.426+0800][info] GC(270)   Pre Evacuate Collection Set: 0.2ms
[2024-10-11T04:22:50.426+0800][info] GC(270)   Merge Heap Roots: 0.0ms
[2024-10-11T04:22:50.426+0800][info] GC(270)   Evacuate Collection Set: 1.9ms
[2024-10-11T04:22:50.426+0800][info] GC(270)   Post Evacuate Collection Set: 0.2ms
[2024-10-11T04:22:50.426+0800][info] GC(270)   Other: 0.1ms
[2024-10-11T04:22:50.426+0800][info] GC(270) Eden regions: 2->0(2)
[2024-10-11T04:22:50.426+0800][info] GC(270) Survivor regions: 1->1(1)
[2024-10-11T04:22:50.426+0800][info] GC(270) Old regions: 47->46
[2024-10-11T04:22:50.426+0800][info] GC(270) Archive regions: 2->2
[2024-10-11T04:22:50.426+0800][info] GC(270) Humongous regions: 3->3
[2024-10-11T04:22:50.426+0800][info] GC(270) Metaspace: 1635K(1792K)->1635K(1792K) NonClass: 1511K(1600K)->1511K(1600K) Class: 124K(192K)->124K(192K)
[2024-10-11T04:22:50.426+0800][info] GC(270) Pause Young (Mixed) (G1 Evacuation Pause) 96M->93M(128M) 2.585ms
[2024-10-11T04:22:50.426+0800][info] GC(270) User=0.01s Sys=0.00s Real=0.01s
[2024-10-11T04:22:50.528+0800][info] GC(271) Pause Young (Mixed) (G1 Evacuation Pause)
[2024-10-11T04:22:50.528+0800][info] GC(271) Using 3 workers of 48 for evacuation
[2024-10-11T04:22:50.531+0800][info] GC(271)   Pre Evacuate Collection Set: 0.2ms
[2024-10-11T04:22:50.531+0800][info] GC(271)   Merge Heap Roots: 0.1ms
[2024-10-11T04:22:50.531+0800][info] GC(271)   Evacuate Collection Set: 1.9ms
[2024-10-11T04:22:50.531+0800][info] GC(271)   Post Evacuate Collection Set: 0.2ms
[2024-10-11T04:22:50.531+0800][info] GC(271)   Other: 0.1ms
[2024-10-11T04:22:50.531+0800][info] GC(271) Eden regions: 2->0(2)
[2024-10-11T04:22:50.531+0800][info] GC(271) Survivor regions: 1->1(1)
[2024-10-11T04:22:50.531+0800][info] GC(271) Old regions: 46->45
[2024-10-11T04:22:50.531+0800][info] GC(271) Archive regions: 2->2
[2024-10-11T04:22:50.531+0800][info] GC(271) Humongous regions: 3->3
[2024-10-11T04:22:50.531+0800][info] GC(271) Metaspace: 1635K(1792K)->1635K(1792K) NonClass: 1511K(1600K)->1511K(1600K) Class: 124K(192K)->124K(192K)
[2024-10-11T04:22:50.531+0800][info] GC(271) Pause Young (Mixed) (G1 Evacuation Pause) 96M->93M(128M) 2.565ms
[2024-10-11T04:22:50.531+0800][info] GC(271) User=0.01s Sys=0.00s Real=0.00s
[2024-10-11T04:22:50.633+0800][info] GC(272) Pause Young (Mixed) (G1 Evacuation Pause)
[2024-10-11T04:22:50.633+0800][info] GC(272) Using 3 workers of 48 for evacuation
[2024-10-11T04:22:50.635+0800][info] GC(272)   Pre Evacuate Collection Set: 0.2ms
[2024-10-11T04:22:50.635+0800][info] GC(272)   Merge Heap Roots: 0.0ms
[2024-10-11T04:22:50.635+0800][info] GC(272)   Evacuate Collection Set: 1.5ms
[2024-10-11T04:22:50.635+0800][info] GC(272)   Post Evacuate Collection Set: 0.2ms
[2024-10-11T04:22:50.635+0800][info] GC(272)   Other: 0.1ms
[2024-10-11T04:22:50.635+0800][info] GC(272) Eden regions: 2->0(2)
[2024-10-11T04:22:50.635+0800][info] GC(272) Survivor regions: 1->1(1)
[2024-10-11T04:22:50.635+0800][info] GC(272) Old regions: 45->46
[2024-10-11T04:22:50.635+0800][info] GC(272) Archive regions: 2->2
[2024-10-11T04:22:50.635+0800][info] GC(272) Humongous regions: 3->3
[2024-10-11T04:22:50.635+0800][info] GC(272) Metaspace: 1635K(1792K)->1635K(1792K) NonClass: 1511K(1600K)->1511K(1600K) Class: 124K(192K)->124K(192K)
[2024-10-11T04:22:50.635+0800][info] GC(272) Pause Young (Mixed) (G1 Evacuation Pause) 97M->96M(128M) 2.213ms
[2024-10-11T04:22:50.635+0800][info] GC(272) User=0.00s Sys=0.00s Real=0.01s
[2024-10-11T04:22:50.738+0800][info] GC(273) Pause Young (Normal) (G1 Evacuation Pause)
[2024-10-11T04:22:50.738+0800][info] GC(273) Using 3 workers of 48 for evacuation
[2024-10-11T04:22:50.739+0800][info] GC(273)   Pre Evacuate Collection Set: 0.1ms
[2024-10-11T04:22:50.739+0800][info] GC(273)   Merge Heap Roots: 0.0ms
[2024-10-11T04:22:50.739+0800][info] GC(273)   Evacuate Collection Set: 0.7ms
[2024-10-11T04:22:50.739+0800][info] GC(273)   Post Evacuate Collection Set: 0.2ms
[2024-10-11T04:22:50.739+0800][info] GC(273)   Other: 0.2ms
[2024-10-11T04:22:50.739+0800][info] GC(273) Eden regions: 2->0(2)
[2024-10-11T04:22:50.739+0800][info] GC(273) Survivor regions: 1->1(1)
[2024-10-11T04:22:50.739+0800][info] GC(273) Old regions: 46->48
[2024-10-11T04:22:50.739+0800][info] GC(273) Archive regions: 2->2
[2024-10-11T04:22:50.739+0800][info] GC(273) Humongous regions: 3->3
[2024-10-11T04:22:50.739+0800][info] GC(273) Metaspace: 1635K(1792K)->1635K(1792K) NonClass: 1511K(1600K)->1511K(1600K) Class: 124K(192K)->124K(192K)
[2024-10-11T04:22:50.739+0800][info] GC(273) Pause Young (Normal) (G1 Evacuation Pause) 99M->100M(128M) 1.406ms
[2024-10-11T04:22:50.739+0800][info] GC(273) User=0.01s Sys=0.00s Real=0.00s
[2024-10-11T04:22:50.841+0800][info] GC(274) Pause Young (Normal) (G1 Evacuation Pause)
[2024-10-11T04:22:50.841+0800][info] GC(274) Using 3 workers of 48 for evacuation
[2024-10-11T04:22:50.842+0800][info] GC(274)   Pre Evacuate Collection Set: 0.1ms
[2024-10-11T04:22:50.842+0800][info] GC(274)   Merge Heap Roots: 0.0ms
[2024-10-11T04:22:50.842+0800][info] GC(274)   Evacuate Collection Set: 0.8ms
[2024-10-11T04:22:50.842+0800][info] GC(274)   Post Evacuate Collection Set: 0.2ms
[2024-10-11T04:22:50.842+0800][info] GC(274)   Other: 0.2ms
[2024-10-11T04:22:50.842+0800][info] GC(274) Eden regions: 2->0(2)
[2024-10-11T04:22:50.842+0800][info] GC(274) Survivor regions: 1->1(1)
[2024-10-11T04:22:50.842+0800][info] GC(274) Old regions: 48->50
[2024-10-11T04:22:50.842+0800][info] GC(274) Archive regions: 2->2
[2024-10-11T04:22:50.842+0800][info] GC(274) Humongous regions: 3->3
[2024-10-11T04:22:50.842+0800][info] GC(274) Metaspace: 1635K(1792K)->1635K(1792K) NonClass: 1511K(1600K)->1511K(1600K) Class: 124K(192K)->124K(192K)
[2024-10-11T04:22:50.842+0800][info] GC(274) Pause Young (Normal) (G1 Evacuation Pause) 103M->103M(128M) 1.432ms
[2024-10-11T04:22:50.842+0800][info] GC(274) User=0.00s Sys=0.00s Real=0.00s
[2024-10-11T04:22:50.945+0800][info] GC(275) Pause Young (Concurrent Start) (G1 Evacuation Pause)
[2024-10-11T04:22:50.945+0800][info] GC(275) Using 3 workers of 48 for evacuation
[2024-10-11T04:22:50.946+0800][info] GC(275)   Pre Evacuate Collection Set: 0.1ms
[2024-10-11T04:22:50.946+0800][info] GC(275)   Merge Heap Roots: 0.1ms
[2024-10-11T04:22:50.946+0800][info] GC(275)   Evacuate Collection Set: 0.8ms
[2024-10-11T04:22:50.946+0800][info] GC(275)   Post Evacuate Collection Set: 0.2ms
[2024-10-11T04:22:50.946+0800][info] GC(275)   Other: 0.4ms
[2024-10-11T04:22:50.946+0800][info] GC(275) Eden regions: 2->0(2)
[2024-10-11T04:22:50.946+0800][info] GC(275) Survivor regions: 1->1(1)
[2024-10-11T04:22:50.946+0800][info] GC(275) Old regions: 50->52
[2024-10-11T04:22:50.946+0800][info] GC(275) Archive regions: 2->2
[2024-10-11T04:22:50.946+0800][info] GC(275) Humongous regions: 3->3
[2024-10-11T04:22:50.946+0800][info] GC(275) Metaspace: 1635K(1792K)->1635K(1792K) NonClass: 1511K(1600K)->1511K(1600K) Class: 124K(192K)->124K(192K)
[2024-10-11T04:22:50.946+0800][info] GC(275) Pause Young (Concurrent Start) (G1 Evacuation Pause) 107M->107M(128M) 1.630ms
[2024-10-11T04:22:50.946+0800][info] GC(275) User=0.00s Sys=0.00s Real=0.01s
[2024-10-11T04:22:50.946+0800][info] GC(276) Concurrent Mark Cycle
[2024-10-11T04:22:50.946+0800][info] GC(276) Concurrent Clear Claimed Marks
[2024-10-11T04:22:50.946+0800][info] GC(276) Concurrent Clear Claimed Marks 0.014ms
[2024-10-11T04:22:50.946+0800][info] GC(276) Concurrent Scan Root Regions
[2024-10-11T04:22:50.947+0800][info] GC(276) Concurrent Scan Root Regions 0.143ms
[2024-10-11T04:22:50.947+0800][info] GC(276) Concurrent Mark
[2024-10-11T04:22:50.947+0800][info] GC(276) Concurrent Mark From Roots
[2024-10-11T04:22:50.947+0800][info] GC(276) Using 12 workers of 12 for marking
[2024-10-11T04:22:50.950+0800][info] GC(276) Concurrent Mark From Roots 3.418ms
[2024-10-11T04:22:50.950+0800][info] GC(276) Concurrent Preclean
[2024-10-11T04:22:50.952+0800][info] GC(276) Concurrent Preclean 1.677ms
[2024-10-11T04:22:50.952+0800][info] GC(276) Pause Remark
[2024-10-11T04:22:50.953+0800][info] GC(276) Pause Remark 107M->105M(128M) 1.473ms
[2024-10-11T04:22:50.953+0800][info] GC(276) User=0.01s Sys=0.00s Real=0.01s
[2024-10-11T04:22:50.953+0800][info] GC(276) Concurrent Mark 6.795ms
[2024-10-11T04:22:50.953+0800][info] GC(276) Concurrent Rebuild Remembered Sets
[2024-10-11T04:22:50.955+0800][info] GC(276) Concurrent Rebuild Remembered Sets 1.466ms
[2024-10-11T04:22:50.955+0800][info] GC(276) Pause Cleanup
[2024-10-11T04:22:50.955+0800][info] GC(276) Pause Cleanup 105M->105M(128M) 0.180ms
[2024-10-11T04:22:50.955+0800][info] GC(276) User=0.00s Sys=0.00s Real=0.00s
[2024-10-11T04:22:50.955+0800][info] GC(276) Concurrent Cleanup for Next Mark
[2024-10-11T04:22:50.956+0800][info] GC(276) Concurrent Cleanup for Next Mark 0.379ms
[2024-10-11T04:22:50.956+0800][info] GC(276) Concurrent Mark Cycle 9.291ms
[2024-10-11T04:22:51.099+0800][info] GC(277) Pause Young (Prepare Mixed) (G1 Evacuation Pause)
[2024-10-11T04:22:51.099+0800][info] GC(277) Using 3 workers of 48 for evacuation
[2024-10-11T04:22:51.101+0800][info] GC(277)   Pre Evacuate Collection Set: 0.1ms
[2024-10-11T04:22:51.101+0800][info] GC(277)   Merge Heap Roots: 0.1ms
[2024-10-11T04:22:51.101+0800][info] GC(277)   Evacuate Collection Set: 0.8ms
[2024-10-11T04:22:51.101+0800][info] GC(277)   Post Evacuate Collection Set: 0.2ms
[2024-10-11T04:22:51.101+0800][info] GC(277)   Other: 0.2ms
[2024-10-11T04:22:51.101+0800][info] GC(277) Eden regions: 2->0(2)
[2024-10-11T04:22:51.101+0800][info] GC(277) Survivor regions: 1->1(1)
[2024-10-11T04:22:51.101+0800][info] GC(277) Old regions: 51->53
[2024-10-11T04:22:51.101+0800][info] GC(277) Archive regions: 2->2
[2024-10-11T04:22:51.101+0800][info] GC(277) Humongous regions: 3->3
[2024-10-11T04:22:51.101+0800][info] GC(277) Metaspace: 1635K(1792K)->1635K(1792K) NonClass: 1511K(1600K)->1511K(1600K) Class: 124K(192K)->124K(192K)
[2024-10-11T04:22:51.101+0800][info] GC(277) Pause Young (Prepare Mixed) (G1 Evacuation Pause) 108M->109M(128M) 1.452ms
[2024-10-11T04:22:51.101+0800][info] GC(277) User=0.00s Sys=0.00s Real=0.00s
[2024-10-11T04:22:51.162+0800][info] GC(278) Pause Young (Mixed) (G1 Preventive Collection)
[2024-10-11T04:22:51.162+0800][info] GC(278) Using 3 workers of 48 for evacuation
[2024-10-11T04:22:51.164+0800][info] GC(278)   Pre Evacuate Collection Set: 0.2ms
[2024-10-11T04:22:51.164+0800][info] GC(278)   Merge Heap Roots: 0.0ms
[2024-10-11T04:22:51.164+0800][info] GC(278)   Evacuate Collection Set: 1.0ms
[2024-10-11T04:22:51.164+0800][info] GC(278)   Post Evacuate Collection Set: 0.2ms
[2024-10-11T04:22:51.164+0800][info] GC(278)   Other: 0.2ms
[2024-10-11T04:22:51.164+0800][info] GC(278) Eden regions: 1->0(2)
[2024-10-11T04:22:51.164+0800][info] GC(278) Survivor regions: 1->1(1)
[2024-10-11T04:22:51.164+0800][info] GC(278) Old regions: 53->48
[2024-10-11T04:22:51.164+0800][info] GC(278) Archive regions: 2->2
[2024-10-11T04:22:51.164+0800][info] GC(278) Humongous regions: 3->3
[2024-10-11T04:22:51.164+0800][info] GC(278) Metaspace: 1635K(1792K)->1635K(1792K) NonClass: 1511K(1600K)->1511K(1600K) Class: 124K(192K)->124K(192K)
[2024-10-11T04:22:51.164+0800][info] GC(278) Pause Young (Mixed) (G1 Preventive Collection) 111M->100M(128M) 1.770ms
[2024-10-11T04:22:51.164+0800][info] GC(278) User=0.00s Sys=0.00s Real=0.00s
[2024-10-11T04:22:51.266+0800][info] GC(279) Pause Young (Mixed) (G1 Evacuation Pause)
[2024-10-11T04:22:51.266+0800][info] GC(279) Using 3 workers of 48 for evacuation
[2024-10-11T04:22:51.268+0800][info] GC(279)   Pre Evacuate Collection Set: 0.2ms
[2024-10-11T04:22:51.268+0800][info] GC(279)   Merge Heap Roots: 0.1ms
[2024-10-11T04:22:51.268+0800][info] GC(279)   Evacuate Collection Set: 1.5ms
[2024-10-11T04:22:51.268+0800][info] GC(279)   Post Evacuate Collection Set: 0.2ms
[2024-10-11T04:22:51.268+0800][info] GC(279)   Other: 0.1ms
[2024-10-11T04:22:51.268+0800][info] GC(279) Eden regions: 2->0(2)
[2024-10-11T04:22:51.268+0800][info] GC(279) Survivor regions: 1->1(1)
[2024-10-11T04:22:51.268+0800][info] GC(279) Old regions: 48->47
[2024-10-11T04:22:51.268+0800][info] GC(279) Archive regions: 2->2
[2024-10-11T04:22:51.268+0800][info] GC(279) Humongous regions: 3->3
[2024-10-11T04:22:51.268+0800][info] GC(279) Metaspace: 1635K(1792K)->1635K(1792K) NonClass: 1511K(1600K)->1511K(1600K) Class: 124K(192K)->124K(192K)
[2024-10-11T04:22:51.268+0800][info] GC(279) Pause Young (Mixed) (G1 Evacuation Pause) 104M->98M(128M) 2.250ms
[2024-10-11T04:22:51.268+0800][info] GC(279) User=0.01s Sys=0.00s Real=0.00s
[2024-10-11T04:22:51.371+0800][info] GC(280) Pause Young (Mixed) (G1 Evacuation Pause)
[2024-10-11T04:22:51.371+0800][info] GC(280) Using 3 workers of 48 for evacuation
[2024-10-11T04:22:51.373+0800][info] GC(280)   Pre Evacuate Collection Set: 0.2ms
[2024-10-11T04:22:51.373+0800][info] GC(280)   Merge Heap Roots: 0.1ms
[2024-10-11T04:22:51.373+0800][info] GC(280)   Evacuate Collection Set: 1.5ms
[2024-10-11T04:22:51.373+0800][info] GC(280)   Post Evacuate Collection Set: 0.2ms
[2024-10-11T04:22:51.373+0800][info] GC(280)   Other: 0.1ms
[2024-10-11T04:22:51.373+0800][info] GC(280) Eden regions: 2->0(2)
[2024-10-11T04:22:51.373+0800][info] GC(280) Survivor regions: 1->1(1)
[2024-10-11T04:22:51.373+0800][info] GC(280) Old regions: 47->45
[2024-10-11T04:22:51.373+0800][info] GC(280) Archive regions: 2->2
[2024-10-11T04:22:51.373+0800][info] GC(280) Humongous regions: 3->3
[2024-10-11T04:22:51.373+0800][info] GC(280) Metaspace: 1635K(1792K)->1635K(1792K) NonClass: 1511K(1600K)->1511K(1600K) Class: 124K(192K)->124K(192K)
[2024-10-11T04:22:51.373+0800][info] GC(280) Pause Young (Mixed) (G1 Evacuation Pause) 102M->94M(128M) 2.275ms
[2024-10-11T04:22:51.373+0800][info] GC(280) User=0.00s Sys=0.00s Real=0.01s
[2024-10-11T04:22:51.475+0800][info] GC(281) Pause Young (Mixed) (G1 Evacuation Pause)
[2024-10-11T04:22:51.475+0800][info] GC(281) Using 3 workers of 48 for evacuation
[2024-10-11T04:22:51.478+0800][info] GC(281)   Pre Evacuate Collection Set: 0.2ms
[2024-10-11T04:22:51.478+0800][info] GC(281)   Merge Heap Roots: 0.1ms
[2024-10-11T04:22:51.478+0800][info] GC(281)   Evacuate Collection Set: 1.9ms
[2024-10-11T04:22:51.478+0800][info] GC(281)   Post Evacuate Collection Set: 0.2ms
[2024-10-11T04:22:51.478+0800][info] GC(281)   Other: 0.1ms
[2024-10-11T04:22:51.478+0800][info] GC(281) Eden regions: 2->0(2)
[2024-10-11T04:22:51.478+0800][info] GC(281) Survivor regions: 1->1(1)
[2024-10-11T04:22:51.478+0800][info] GC(281) Old regions: 45->44
[2024-10-11T04:22:51.478+0800][info] GC(281) Archive regions: 2->2
[2024-10-11T04:22:51.478+0800][info] GC(281) Humongous regions: 3->3
[2024-10-11T04:22:51.478+0800][info] GC(281) Metaspace: 1635K(1792K)->1635K(1792K) NonClass: 1511K(1600K)->1511K(1600K) Class: 124K(192K)->124K(192K)
[2024-10-11T04:22:51.478+0800][info] GC(281) Pause Young (Mixed) (G1 Evacuation Pause) 98M->95M(128M) 2.593ms
[2024-10-11T04:22:51.478+0800][info] GC(281) User=0.01s Sys=0.00s Real=0.00s
[2024-10-11T04:22:51.580+0800][info] GC(282) Pause Young (Normal) (G1 Evacuation Pause)
[2024-10-11T04:22:51.580+0800][info] GC(282) Using 3 workers of 48 for evacuation
[2024-10-11T04:22:51.581+0800][info] GC(282)   Pre Evacuate Collection Set: 0.1ms
[2024-10-11T04:22:51.581+0800][info] GC(282)   Merge Heap Roots: 0.1ms
[2024-10-11T04:22:51.581+0800][info] GC(282)   Evacuate Collection Set: 0.7ms
[2024-10-11T04:22:51.581+0800][info] GC(282)   Post Evacuate Collection Set: 0.2ms
[2024-10-11T04:22:51.581+0800][info] GC(282)   Other: 0.2ms
[2024-10-11T04:22:51.581+0800][info] GC(282) Eden regions: 2->0(2)
[2024-10-11T04:22:51.581+0800][info] GC(282) Survivor regions: 1->1(1)
[2024-10-11T04:22:51.581+0800][info] GC(282) Old regions: 44->46
[2024-10-11T04:22:51.581+0800][info] GC(282) Archive regions: 2->2
[2024-10-11T04:22:51.581+0800][info] GC(282) Humongous regions: 3->3
[2024-10-11T04:22:51.581+0800][info] GC(282) Metaspace: 1635K(1792K)->1635K(1792K) NonClass: 1511K(1600K)->1511K(1600K) Class: 124K(192K)->124K(192K)
[2024-10-11T04:22:51.582+0800][info] GC(282) Pause Young (Normal) (G1 Evacuation Pause) 98M->98M(128M) 1.450ms
[2024-10-11T04:22:51.582+0800][info] GC(282) User=0.00s Sys=0.00s Real=0.00s
[2024-10-11T04:22:51.683+0800][info] GC(283) Pause Young (Normal) (G1 Evacuation Pause)
[2024-10-11T04:22:51.684+0800][info] GC(283) Using 3 workers of 48 for evacuation
[2024-10-11T04:22:51.685+0800][info] GC(283)   Pre Evacuate Collection Set: 0.1ms
[2024-10-11T04:22:51.685+0800][info] GC(283)   Merge Heap Roots: 0.0ms
[2024-10-11T04:22:51.685+0800][info] GC(283)   Evacuate Collection Set: 0.8ms
[2024-10-11T04:22:51.685+0800][info] GC(283)   Post Evacuate Collection Set: 0.2ms
[2024-10-11T04:22:51.685+0800][info] GC(283)   Other: 0.2ms
[2024-10-11T04:22:51.685+0800][info] GC(283) Eden regions: 2->0(2)
[2024-10-11T04:22:51.685+0800][info] GC(283) Survivor regions: 1->1(1)
[2024-10-11T04:22:51.685+0800][info] GC(283) Old regions: 46->48
[2024-10-11T04:22:51.685+0800][info] GC(283) Archive regions: 2->2
[2024-10-11T04:22:51.685+0800][info] GC(283) Humongous regions: 3->3
[2024-10-11T04:22:51.685+0800][info] GC(283) Metaspace: 1635K(1792K)->1635K(1792K) NonClass: 1511K(1600K)->1511K(1600K) Class: 124K(192K)->124K(192K)
[2024-10-11T04:22:51.685+0800][info] GC(283) Pause Young (Normal) (G1 Evacuation Pause) 102M->102M(128M) 1.460ms
[2024-10-11T04:22:51.685+0800][info] GC(283) User=0.00s Sys=0.00s Real=0.00s
[2024-10-11T04:22:51.787+0800][info] GC(284) Pause Young (Concurrent Start) (G1 Evacuation Pause)
[2024-10-11T04:22:51.787+0800][info] GC(284) Using 3 workers of 48 for evacuation
[2024-10-11T04:22:51.789+0800][info] GC(284)   Pre Evacuate Collection Set: 0.1ms
[2024-10-11T04:22:51.789+0800][info] GC(284)   Merge Heap Roots: 0.0ms
[2024-10-11T04:22:51.789+0800][info] GC(284)   Evacuate Collection Set: 0.7ms
[2024-10-11T04:22:51.789+0800][info] GC(284)   Post Evacuate Collection Set: 0.2ms
[2024-10-11T04:22:51.789+0800][info] GC(284)   Other: 0.4ms
[2024-10-11T04:22:51.789+0800][info] GC(284) Eden regions: 2->0(2)
[2024-10-11T04:22:51.789+0800][info] GC(284) Survivor regions: 1->1(1)
[2024-10-11T04:22:51.789+0800][info] GC(284) Old regions: 48->50
[2024-10-11T04:22:51.789+0800][info] GC(284) Archive regions: 2->2
[2024-10-11T04:22:51.789+0800][info] GC(284) Humongous regions: 3->3
[2024-10-11T04:22:51.789+0800][info] GC(284) Metaspace: 1635K(1792K)->1635K(1792K) NonClass: 1511K(1600K)->1511K(1600K) Class: 124K(192K)->124K(192K)
[2024-10-11T04:22:51.789+0800][info] GC(284) Pause Young (Concurrent Start) (G1 Evacuation Pause) 106M->106M(128M) 1.514ms
[2024-10-11T04:22:51.789+0800][info] GC(284) User=0.00s Sys=0.00s Real=0.00s
[2024-10-11T04:22:51.789+0800][info] GC(285) Concurrent Mark Cycle
[2024-10-11T04:22:51.789+0800][info] GC(285) Concurrent Clear Claimed Marks
[2024-10-11T04:22:51.789+0800][info] GC(285) Concurrent Clear Claimed Marks 0.015ms
[2024-10-11T04:22:51.789+0800][info] GC(285) Concurrent Scan Root Regions
[2024-10-11T04:22:51.789+0800][info] GC(285) Concurrent Scan Root Regions 0.139ms
[2024-10-11T04:22:51.789+0800][info] GC(285) Concurrent Mark
[2024-10-11T04:22:51.789+0800][info] GC(285) Concurrent Mark From Roots
[2024-10-11T04:22:51.789+0800][info] GC(285) Using 12 workers of 12 for marking
[2024-10-11T04:22:51.793+0800][info] GC(285) Concurrent Mark From Roots 3.507ms
[2024-10-11T04:22:51.793+0800][info] GC(285) Concurrent Preclean
[2024-10-11T04:22:51.794+0800][info] GC(285) Concurrent Preclean 1.696ms
[2024-10-11T04:22:51.795+0800][info] GC(285) Pause Remark
[2024-10-11T04:22:51.796+0800][info] GC(285) Pause Remark 107M->105M(128M) 1.469ms
[2024-10-11T04:22:51.796+0800][info] GC(285) User=0.00s Sys=0.00s Real=0.00s
[2024-10-11T04:22:51.796+0800][info] GC(285) Concurrent Mark 6.911ms
[2024-10-11T04:22:51.796+0800][info] GC(285) Concurrent Rebuild Remembered Sets
[2024-10-11T04:22:51.798+0800][info] GC(285) Concurrent Rebuild Remembered Sets 1.595ms
[2024-10-11T04:22:51.798+0800][info] GC(285) Pause Cleanup
[2024-10-11T04:22:51.798+0800][info] GC(285) Pause Cleanup 105M->105M(128M) 0.186ms
[2024-10-11T04:22:51.798+0800][info] GC(285) User=0.01s Sys=0.00s Real=0.00s
[2024-10-11T04:22:51.798+0800][info] GC(285) Concurrent Cleanup for Next Mark
[2024-10-11T04:22:51.798+0800][info] GC(285) Concurrent Cleanup for Next Mark 0.395ms
[2024-10-11T04:22:51.799+0800][info] GC(285) Concurrent Mark Cycle 9.562ms
[2024-10-11T04:22:51.942+0800][info] GC(286) Pause Young (Prepare Mixed) (G1 Evacuation Pause)
[2024-10-11T04:22:51.942+0800][info] GC(286) Using 3 workers of 48 for evacuation
[2024-10-11T04:22:51.943+0800][info] GC(286)   Pre Evacuate Collection Set: 0.1ms
[2024-10-11T04:22:51.943+0800][info] GC(286)   Merge Heap Roots: 0.1ms
[2024-10-11T04:22:51.943+0800][info] GC(286)   Evacuate Collection Set: 0.8ms
[2024-10-11T04:22:51.943+0800][info] GC(286)   Post Evacuate Collection Set: 0.2ms
[2024-10-11T04:22:51.943+0800][info] GC(286)   Other: 0.2ms
[2024-10-11T04:22:51.943+0800][info] GC(286) Eden regions: 2->0(2)
[2024-10-11T04:22:51.943+0800][info] GC(286) Survivor regions: 1->1(1)
[2024-10-11T04:22:51.943+0800][info] GC(286) Old regions: 49->51
[2024-10-11T04:22:51.943+0800][info] GC(286) Archive regions: 2->2
[2024-10-11T04:22:51.943+0800][info] GC(286) Humongous regions: 3->3
[2024-10-11T04:22:51.943+0800][info] GC(286) Metaspace: 1635K(1792K)->1635K(1792K) NonClass: 1511K(1600K)->1511K(1600K) Class: 124K(192K)->124K(192K)
[2024-10-11T04:22:51.943+0800][info] GC(286) Pause Young (Prepare Mixed) (G1 Evacuation Pause) 108M->108M(128M) 1.479ms
[2024-10-11T04:22:51.943+0800][info] GC(286) User=0.00s Sys=0.00s Real=0.00s
[2024-10-11T04:22:52.005+0800][info] GC(287) Pause Young (Mixed) (G1 Preventive Collection)
[2024-10-11T04:22:52.005+0800][info] GC(287) Using 3 workers of 48 for evacuation
[2024-10-11T04:22:52.007+0800][info] GC(287)   Pre Evacuate Collection Set: 0.2ms
[2024-10-11T04:22:52.007+0800][info] GC(287)   Merge Heap Roots: 0.1ms
[2024-10-11T04:22:52.007+0800][info] GC(287)   Evacuate Collection Set: 1.2ms
[2024-10-11T04:22:52.007+0800][info] GC(287)   Post Evacuate Collection Set: 0.2ms
[2024-10-11T04:22:52.007+0800][info] GC(287)   Other: 0.2ms
[2024-10-11T04:22:52.007+0800][info] GC(287) Eden regions: 2->0(2)
[2024-10-11T04:22:52.007+0800][info] GC(287) Survivor regions: 1->1(1)
[2024-10-11T04:22:52.007+0800][info] GC(287) Old regions: 51->47
[2024-10-11T04:22:52.007+0800][info] GC(287) Archive regions: 2->2
[2024-10-11T04:22:52.007+0800][info] GC(287) Humongous regions: 3->3
[2024-10-11T04:22:52.007+0800][info] GC(287) Metaspace: 1635K(1792K)->1635K(1792K) NonClass: 1511K(1600K)->1511K(1600K) Class: 124K(192K)->124K(192K)
[2024-10-11T04:22:52.007+0800][info] GC(287) Pause Young (Mixed) (G1 Preventive Collection) 111M->101M(128M) 1.960ms
[2024-10-11T04:22:52.007+0800][info] GC(287) User=0.01s Sys=0.00s Real=0.01s
[2024-10-11T04:22:52.130+0800][info] GC(288) Pause Young (Mixed) (G1 Evacuation Pause)
[2024-10-11T04:22:52.130+0800][info] GC(288) Using 3 workers of 48 for evacuation
[2024-10-11T04:22:52.132+0800][info] GC(288)   Pre Evacuate Collection Set: 0.2ms
[2024-10-11T04:22:52.132+0800][info] GC(288)   Merge Heap Roots: 0.1ms
[2024-10-11T04:22:52.132+0800][info] GC(288)   Evacuate Collection Set: 1.6ms
[2024-10-11T04:22:52.132+0800][info] GC(288)   Post Evacuate Collection Set: 0.2ms
[2024-10-11T04:22:52.132+0800][info] GC(288)   Other: 0.1ms
[2024-10-11T04:22:52.132+0800][info] GC(288) Eden regions: 2->0(2)
[2024-10-11T04:22:52.132+0800][info] GC(288) Survivor regions: 1->1(1)
[2024-10-11T04:22:52.132+0800][info] GC(288) Old regions: 47->46
[2024-10-11T04:22:52.132+0800][info] GC(288) Archive regions: 2->2
[2024-10-11T04:22:52.132+0800][info] GC(288) Humongous regions: 4->3
[2024-10-11T04:22:52.132+0800][info] GC(288) Metaspace: 1635K(1792K)->1635K(1792K) NonClass: 1511K(1600K)->1511K(1600K) Class: 124K(192K)->124K(192K)
[2024-10-11T04:22:52.132+0800][info] GC(288) Pause Young (Mixed) (G1 Evacuation Pause) 107M->99M(128M) 2.275ms
[2024-10-11T04:22:52.132+0800][info] GC(288) User=0.00s Sys=0.00s Real=0.00s
[2024-10-11T04:22:52.235+0800][info] GC(289) Pause Young (Mixed) (G1 Evacuation Pause)
[2024-10-11T04:22:52.235+0800][info] GC(289) Using 3 workers of 48 for evacuation
[2024-10-11T04:22:52.237+0800][info] GC(289)   Pre Evacuate Collection Set: 0.2ms
[2024-10-11T04:22:52.237+0800][info] GC(289)   Merge Heap Roots: 0.1ms
[2024-10-11T04:22:52.237+0800][info] GC(289)   Evacuate Collection Set: 1.9ms
[2024-10-11T04:22:52.237+0800][info] GC(289)   Post Evacuate Collection Set: 0.2ms
[2024-10-11T04:22:52.237+0800][info] GC(289)   Other: 0.1ms
[2024-10-11T04:22:52.237+0800][info] GC(289) Eden regions: 2->0(2)
[2024-10-11T04:22:52.237+0800][info] GC(289) Survivor regions: 1->1(1)
[2024-10-11T04:22:52.237+0800][info] GC(289) Old regions: 46->46
[2024-10-11T04:22:52.237+0800][info] GC(289) Archive regions: 2->2
[2024-10-11T04:22:52.237+0800][info] GC(289) Humongous regions: 3->3
[2024-10-11T04:22:52.237+0800][info] GC(289) Metaspace: 1635K(1792K)->1635K(1792K) NonClass: 1511K(1600K)->1511K(1600K) Class: 124K(192K)->124K(192K)
[2024-10-11T04:22:52.237+0800][info] GC(289) Pause Young (Mixed) (G1 Evacuation Pause) 102M->99M(128M) 2.613ms
[2024-10-11T04:22:52.237+0800][info] GC(289) User=0.01s Sys=0.00s Real=0.00s
[2024-10-11T04:22:52.340+0800][info] GC(290) Pause Young (Mixed) (G1 Evacuation Pause)
[2024-10-11T04:22:52.340+0800][info] GC(290) Using 3 workers of 48 for evacuation
[2024-10-11T04:22:52.342+0800][info] GC(290)   Pre Evacuate Collection Set: 0.2ms
[2024-10-11T04:22:52.342+0800][info] GC(290)   Merge Heap Roots: 0.1ms
[2024-10-11T04:22:52.342+0800][info] GC(290)   Evacuate Collection Set: 1.9ms
[2024-10-11T04:22:52.342+0800][info] GC(290)   Post Evacuate Collection Set: 0.2ms
[2024-10-11T04:22:52.342+0800][info] GC(290)   Other: 0.2ms
[2024-10-11T04:22:52.342+0800][info] GC(290) Eden regions: 2->0(2)
[2024-10-11T04:22:52.342+0800][info] GC(290) Survivor regions: 1->1(1)
[2024-10-11T04:22:52.342+0800][info] GC(290) Old regions: 46->45
[2024-10-11T04:22:52.342+0800][info] GC(290) Archive regions: 2->2
[2024-10-11T04:22:52.342+0800][info] GC(290) Humongous regions: 3->3
[2024-10-11T04:22:52.342+0800][info] GC(290) Metaspace: 1635K(1792K)->1635K(1792K) NonClass: 1511K(1600K)->1511K(1600K) Class: 124K(192K)->124K(192K)
[2024-10-11T04:22:52.342+0800][info] GC(290) Pause Young (Mixed) (G1 Evacuation Pause) 103M->97M(128M) 2.635ms
[2024-10-11T04:22:52.342+0800][info] GC(290) User=0.01s Sys=0.00s Real=0.00s
[2024-10-11T04:22:52.445+0800][info] GC(291) Pause Young (Normal) (G1 Evacuation Pause)
[2024-10-11T04:22:52.445+0800][info] GC(291) Using 3 workers of 48 for evacuation
[2024-10-11T04:22:52.446+0800][info] GC(291)   Pre Evacuate Collection Set: 0.1ms
[2024-10-11T04:22:52.446+0800][info] GC(291)   Merge Heap Roots: 0.1ms
[2024-10-11T04:22:52.446+0800][info] GC(291)   Evacuate Collection Set: 0.8ms
[2024-10-11T04:22:52.446+0800][info] GC(291)   Post Evacuate Collection Set: 0.2ms
[2024-10-11T04:22:52.446+0800][info] GC(291)   Other: 0.2ms
[2024-10-11T04:22:52.446+0800][info] GC(291) Eden regions: 2->0(2)
[2024-10-11T04:22:52.446+0800][info] GC(291) Survivor regions: 1->1(1)
[2024-10-11T04:22:52.446+0800][info] GC(291) Old regions: 45->47
[2024-10-11T04:22:52.446+0800][info] GC(291) Archive regions: 2->2
[2024-10-11T04:22:52.446+0800][info] GC(291) Humongous regions: 3->3
[2024-10-11T04:22:52.446+0800][info] GC(291) Metaspace: 1635K(1792K)->1635K(1792K) NonClass: 1511K(1600K)->1511K(1600K) Class: 124K(192K)->124K(192K)
[2024-10-11T04:22:52.446+0800][info] GC(291) Pause Young (Normal) (G1 Evacuation Pause) 101M->101M(128M) 1.473ms
[2024-10-11T04:22:52.446+0800][info] GC(291) User=0.00s Sys=0.00s Real=0.01s
[2024-10-11T04:22:52.548+0800][info] GC(292) Pause Young (Normal) (G1 Evacuation Pause)
[2024-10-11T04:22:52.548+0800][info] GC(292) Using 3 workers of 48 for evacuation
[2024-10-11T04:22:52.549+0800][info] GC(292)   Pre Evacuate Collection Set: 0.1ms
[2024-10-11T04:22:52.549+0800][info] GC(292)   Merge Heap Roots: 0.0ms
[2024-10-11T04:22:52.549+0800][info] GC(292)   Evacuate Collection Set: 0.6ms
[2024-10-11T04:22:52.549+0800][info] GC(292)   Post Evacuate Collection Set: 0.2ms
[2024-10-11T04:22:52.549+0800][info] GC(292)   Other: 0.2ms
[2024-10-11T04:22:52.549+0800][info] GC(292) Eden regions: 2->0(2)
[2024-10-11T04:22:52.549+0800][info] GC(292) Survivor regions: 1->1(1)
[2024-10-11T04:22:52.549+0800][info] GC(292) Old regions: 47->49
[2024-10-11T04:22:52.549+0800][info] GC(292) Archive regions: 2->2
[2024-10-11T04:22:52.549+0800][info] GC(292) Humongous regions: 3->3
[2024-10-11T04:22:52.549+0800][info] GC(292) Metaspace: 1635K(1792K)->1635K(1792K) NonClass: 1511K(1600K)->1511K(1600K) Class: 124K(192K)->124K(192K)
[2024-10-11T04:22:52.549+0800][info] GC(292) Pause Young (Normal) (G1 Evacuation Pause) 105M->105M(128M) 1.222ms
[2024-10-11T04:22:52.549+0800][info] GC(292) User=0.00s Sys=0.00s Real=0.00s
[2024-10-11T04:22:52.652+0800][info] GC(293) Pause Young (Concurrent Start) (G1 Evacuation Pause)
[2024-10-11T04:22:52.652+0800][info] GC(293) Using 3 workers of 48 for evacuation
[2024-10-11T04:22:52.653+0800][info] GC(293)   Pre Evacuate Collection Set: 0.1ms
[2024-10-11T04:22:52.653+0800][info] GC(293)   Merge Heap Roots: 0.0ms
[2024-10-11T04:22:52.653+0800][info] GC(293)   Evacuate Collection Set: 0.7ms
[2024-10-11T04:22:52.653+0800][info] GC(293)   Post Evacuate Collection Set: 0.2ms
[2024-10-11T04:22:52.653+0800][info] GC(293)   Other: 0.3ms
[2024-10-11T04:22:52.653+0800][info] GC(293) Eden regions: 2->0(2)
[2024-10-11T04:22:52.653+0800][info] GC(293) Survivor regions: 1->1(1)
[2024-10-11T04:22:52.653+0800][info] GC(293) Old regions: 49->51
[2024-10-11T04:22:52.653+0800][info] GC(293) Archive regions: 2->2
[2024-10-11T04:22:52.653+0800][info] GC(293) Humongous regions: 3->3
[2024-10-11T04:22:52.653+0800][info] GC(293) Metaspace: 1635K(1792K)->1635K(1792K) NonClass: 1511K(1600K)->1511K(1600K) Class: 124K(192K)->124K(192K)
[2024-10-11T04:22:52.653+0800][info] GC(293) Pause Young (Concurrent Start) (G1 Evacuation Pause) 108M->108M(128M) 1.562ms
[2024-10-11T04:22:52.653+0800][info] GC(293) User=0.00s Sys=0.00s Real=0.01s
[2024-10-11T04:22:52.653+0800][info] GC(294) Concurrent Mark Cycle
[2024-10-11T04:22:52.653+0800][info] GC(294) Concurrent Clear Claimed Marks
[2024-10-11T04:22:52.653+0800][info] GC(294) Concurrent Clear Claimed Marks 0.014ms
[2024-10-11T04:22:52.653+0800][info] GC(294) Concurrent Scan Root Regions
[2024-10-11T04:22:52.654+0800][info] GC(294) Concurrent Scan Root Regions 0.099ms
[2024-10-11T04:22:52.654+0800][info] GC(294) Concurrent Mark
[2024-10-11T04:22:52.654+0800][info] GC(294) Concurrent Mark From Roots
[2024-10-11T04:22:52.654+0800][info] GC(294) Using 12 workers of 12 for marking
[2024-10-11T04:22:52.658+0800][info] GC(294) Concurrent Mark From Roots 4.723ms
[2024-10-11T04:22:52.658+0800][info] GC(294) Concurrent Preclean
[2024-10-11T04:22:52.660+0800][info] GC(294) Concurrent Preclean 1.678ms
[2024-10-11T04:22:52.660+0800][info] GC(294) Pause Remark
[2024-10-11T04:22:52.661+0800][info] GC(294) Pause Remark 109M->107M(128M) 1.364ms
[2024-10-11T04:22:52.661+0800][info] GC(294) User=0.00s Sys=0.00s Real=0.00s
[2024-10-11T04:22:52.662+0800][info] GC(294) Concurrent Mark 7.900ms
[2024-10-11T04:22:52.662+0800][info] GC(294) Concurrent Rebuild Remembered Sets
[2024-10-11T04:22:52.663+0800][info] GC(294) Concurrent Rebuild Remembered Sets 1.604ms
[2024-10-11T04:22:52.663+0800][info] GC(294) Pause Cleanup
[2024-10-11T04:22:52.663+0800][info] GC(294) Pause Cleanup 107M->107M(128M) 0.179ms
[2024-10-11T04:22:52.663+0800][info] GC(294) User=0.00s Sys=0.00s Real=0.00s
[2024-10-11T04:22:52.664+0800][info] GC(294) Concurrent Cleanup for Next Mark
[2024-10-11T04:22:52.664+0800][info] GC(294) Concurrent Cleanup for Next Mark 0.398ms
[2024-10-11T04:22:52.664+0800][info] GC(294) Concurrent Mark Cycle 10.510ms
[2024-10-11T04:22:52.807+0800][info] GC(295) Pause Young (Prepare Mixed) (G1 Evacuation Pause)
[2024-10-11T04:22:52.807+0800][info] GC(295) Using 3 workers of 48 for evacuation
[2024-10-11T04:22:52.808+0800][info] GC(295)   Pre Evacuate Collection Set: 0.1ms
[2024-10-11T04:22:52.808+0800][info] GC(295)   Merge Heap Roots: 0.1ms
[2024-10-11T04:22:52.808+0800][info] GC(295)   Evacuate Collection Set: 0.8ms
[2024-10-11T04:22:52.808+0800][info] GC(295)   Post Evacuate Collection Set: 0.2ms
[2024-10-11T04:22:52.808+0800][info] GC(295)   Other: 0.2ms
[2024-10-11T04:22:52.808+0800][info] GC(295) Eden regions: 2->0(2)
[2024-10-11T04:22:52.808+0800][info] GC(295) Survivor regions: 1->1(1)
[2024-10-11T04:22:52.808+0800][info] GC(295) Old regions: 50->52
[2024-10-11T04:22:52.808+0800][info] GC(295) Archive regions: 2->2
[2024-10-11T04:22:52.808+0800][info] GC(295) Humongous regions: 3->3
[2024-10-11T04:22:52.808+0800][info] GC(295) Metaspace: 1637K(1792K)->1637K(1792K) NonClass: 1513K(1600K)->1513K(1600K) Class: 124K(192K)->124K(192K)
[2024-10-11T04:22:52.808+0800][info] GC(295) Pause Young (Prepare Mixed) (G1 Evacuation Pause) 110M->110M(128M) 1.525ms
[2024-10-11T04:22:52.808+0800][info] GC(295) User=0.00s Sys=0.00s Real=0.00s
[2024-10-11T04:22:52.869+0800][info] GC(296) Pause Young (Mixed) (G1 Preventive Collection)
[2024-10-11T04:22:52.869+0800][info] GC(296) Using 3 workers of 48 for evacuation
[2024-10-11T04:22:52.871+0800][info] GC(296)   Pre Evacuate Collection Set: 0.2ms
[2024-10-11T04:22:52.871+0800][info] GC(296)   Merge Heap Roots: 0.1ms
[2024-10-11T04:22:52.871+0800][info] GC(296)   Evacuate Collection Set: 1.1ms
[2024-10-11T04:22:52.871+0800][info] GC(296)   Post Evacuate Collection Set: 0.2ms
[2024-10-11T04:22:52.871+0800][info] GC(296)   Other: 0.2ms
[2024-10-11T04:22:52.871+0800][info] GC(296) Eden regions: 1->0(2)
[2024-10-11T04:22:52.871+0800][info] GC(296) Survivor regions: 1->1(1)
[2024-10-11T04:22:52.871+0800][info] GC(296) Old regions: 52->48
[2024-10-11T04:22:52.871+0800][info] GC(296) Archive regions: 2->2
[2024-10-11T04:22:52.871+0800][info] GC(296) Humongous regions: 3->3
[2024-10-11T04:22:52.871+0800][info] GC(296) Metaspace: 1637K(1792K)->1637K(1792K) NonClass: 1513K(1600K)->1513K(1600K) Class: 124K(192K)->124K(192K)
[2024-10-11T04:22:52.871+0800][info] GC(296) Pause Young (Mixed) (G1 Preventive Collection) 112M->103M(128M) 1.833ms
[2024-10-11T04:22:52.871+0800][info] GC(296) User=0.00s Sys=0.01s Real=0.00s
[2024-10-11T04:22:52.974+0800][info] GC(297) Pause Young (Mixed) (G1 Evacuation Pause)
[2024-10-11T04:22:52.974+0800][info] GC(297) Using 3 workers of 48 for evacuation
[2024-10-11T04:22:52.976+0800][info] GC(297)   Pre Evacuate Collection Set: 0.2ms
[2024-10-11T04:22:52.976+0800][info] GC(297)   Merge Heap Roots: 0.1ms
[2024-10-11T04:22:52.976+0800][info] GC(297)   Evacuate Collection Set: 1.4ms
[2024-10-11T04:22:52.976+0800][info] GC(297)   Post Evacuate Collection Set: 0.2ms
[2024-10-11T04:22:52.976+0800][info] GC(297)   Other: 0.1ms
[2024-10-11T04:22:52.976+0800][info] GC(297) Eden regions: 2->0(2)
[2024-10-11T04:22:52.976+0800][info] GC(297) Survivor regions: 1->1(1)
[2024-10-11T04:22:52.976+0800][info] GC(297) Old regions: 48->46
[2024-10-11T04:22:52.976+0800][info] GC(297) Archive regions: 2->2
[2024-10-11T04:22:52.976+0800][info] GC(297) Humongous regions: 3->3
[2024-10-11T04:22:52.976+0800][info] GC(297) Metaspace: 1637K(1792K)->1637K(1792K) NonClass: 1513K(1600K)->1513K(1600K) Class: 124K(192K)->124K(192K)
[2024-10-11T04:22:52.976+0800][info] GC(297) Pause Young (Mixed) (G1 Evacuation Pause) 107M->99M(128M) 2.081ms
[2024-10-11T04:22:52.976+0800][info] GC(297) User=0.00s Sys=0.00s Real=0.00s
[2024-10-11T04:22:53.078+0800][info] GC(298) Pause Young (Mixed) (G1 Evacuation Pause)
[2024-10-11T04:22:53.078+0800][info] GC(298) Using 3 workers of 48 for evacuation
[2024-10-11T04:22:53.080+0800][info] GC(298)   Pre Evacuate Collection Set: 0.2ms
[2024-10-11T04:22:53.080+0800][info] GC(298)   Merge Heap Roots: 0.1ms
[2024-10-11T04:22:53.080+0800][info] GC(298)   Evacuate Collection Set: 1.7ms
[2024-10-11T04:22:53.080+0800][info] GC(298)   Post Evacuate Collection Set: 0.2ms
[2024-10-11T04:22:53.080+0800][info] GC(298)   Other: 0.1ms
[2024-10-11T04:22:53.080+0800][info] GC(298) Eden regions: 2->0(2)
[2024-10-11T04:22:53.080+0800][info] GC(298) Survivor regions: 1->1(1)
[2024-10-11T04:22:53.080+0800][info] GC(298) Old regions: 46->45
[2024-10-11T04:22:53.080+0800][info] GC(298) Archive regions: 2->2
[2024-10-11T04:22:53.080+0800][info] GC(298) Humongous regions: 3->3
[2024-10-11T04:22:53.080+0800][info] GC(298) Metaspace: 1637K(1792K)->1637K(1792K) NonClass: 1513K(1600K)->1513K(1600K) Class: 124K(192K)->124K(192K)
[2024-10-11T04:22:53.080+0800][info] GC(298) Pause Young (Mixed) (G1 Evacuation Pause) 103M->97M(128M) 2.404ms
[2024-10-11T04:22:53.080+0800][info] GC(298) User=0.01s Sys=0.00s Real=0.00s
[2024-10-11T04:22:53.183+0800][info] GC(299) Pause Young (Mixed) (G1 Evacuation Pause)
[2024-10-11T04:22:53.183+0800][info] GC(299) Using 3 workers of 48 for evacuation
[2024-10-11T04:22:53.185+0800][info] GC(299)   Pre Evacuate Collection Set: 0.2ms
[2024-10-11T04:22:53.185+0800][info] GC(299)   Merge Heap Roots: 0.1ms
[2024-10-11T04:22:53.185+0800][info] GC(299)   Evacuate Collection Set: 2.0ms
[2024-10-11T04:22:53.185+0800][info] GC(299)   Post Evacuate Collection Set: 0.2ms
[2024-10-11T04:22:53.185+0800][info] GC(299)   Other: 0.1ms
[2024-10-11T04:22:53.185+0800][info] GC(299) Eden regions: 2->0(2)
[2024-10-11T04:22:53.185+0800][info] GC(299) Survivor regions: 1->1(1)
[2024-10-11T04:22:53.185+0800][info] GC(299) Old regions: 45->45
[2024-10-11T04:22:53.185+0800][info] GC(299) Archive regions: 2->2
[2024-10-11T04:22:53.185+0800][info] GC(299) Humongous regions: 3->3
[2024-10-11T04:22:53.185+0800][info] GC(299) Metaspace: 1637K(1792K)->1637K(1792K) NonClass: 1513K(1600K)->1513K(1600K) Class: 124K(192K)->124K(192K)
[2024-10-11T04:22:53.186+0800][info] GC(299) Pause Young (Mixed) (G1 Evacuation Pause) 101M->97M(128M) 2.620ms
[2024-10-11T04:22:53.186+0800][info] GC(299) User=0.01s Sys=0.00s Real=0.01s
[2024-10-11T04:22:53.288+0800][info] GC(300) Pause Young (Mixed) (G1 Evacuation Pause)
[2024-10-11T04:22:53.288+0800][info] GC(300) Using 3 workers of 48 for evacuation
[2024-10-11T04:22:53.289+0800][info] GC(300)   Pre Evacuate Collection Set: 0.2ms
[2024-10-11T04:22:53.289+0800][info] GC(300)   Merge Heap Roots: 0.1ms
[2024-10-11T04:22:53.289+0800][info] GC(300)   Evacuate Collection Set: 0.8ms
[2024-10-11T04:22:53.289+0800][info] GC(300)   Post Evacuate Collection Set: 0.2ms
[2024-10-11T04:22:53.289+0800][info] GC(300)   Other: 0.1ms
[2024-10-11T04:22:53.289+0800][info] GC(300) Eden regions: 2->0(2)
[2024-10-11T04:22:53.289+0800][info] GC(300) Survivor regions: 1->1(1)
[2024-10-11T04:22:53.289+0800][info] GC(300) Old regions: 45->47
[2024-10-11T04:22:53.289+0800][info] GC(300) Archive regions: 2->2
[2024-10-11T04:22:53.289+0800][info] GC(300) Humongous regions: 3->3
[2024-10-11T04:22:53.289+0800][info] GC(300) Metaspace: 1637K(1792K)->1637K(1792K) NonClass: 1513K(1600K)->1513K(1600K) Class: 124K(192K)->124K(192K)
[2024-10-11T04:22:53.289+0800][info] GC(300) Pause Young (Mixed) (G1 Evacuation Pause) 101M->101M(128M) 1.576ms
[2024-10-11T04:22:53.289+0800][info] GC(300) User=0.00s Sys=0.00s Real=0.00s
[2024-10-11T04:22:53.392+0800][info] GC(301) Pause Young (Normal) (G1 Evacuation Pause)
[2024-10-11T04:22:53.392+0800][info] GC(301) Using 3 workers of 48 for evacuation
[2024-10-11T04:22:53.393+0800][info] GC(301)   Pre Evacuate Collection Set: 0.1ms
[2024-10-11T04:22:53.393+0800][info] GC(301)   Merge Heap Roots: 0.1ms
[2024-10-11T04:22:53.393+0800][info] GC(301)   Evacuate Collection Set: 0.7ms
[2024-10-11T04:22:53.393+0800][info] GC(301)   Post Evacuate Collection Set: 0.2ms
[2024-10-11T04:22:53.393+0800][info] GC(301)   Other: 0.2ms
[2024-10-11T04:22:53.393+0800][info] GC(301) Eden regions: 2->0(2)
[2024-10-11T04:22:53.393+0800][info] GC(301) Survivor regions: 1->1(1)
[2024-10-11T04:22:53.393+0800][info] GC(301) Old regions: 47->48
[2024-10-11T04:22:53.393+0800][info] GC(301) Archive regions: 2->2
[2024-10-11T04:22:53.393+0800][info] GC(301) Humongous regions: 3->3
[2024-10-11T04:22:53.393+0800][info] GC(301) Metaspace: 1637K(1792K)->1637K(1792K) NonClass: 1513K(1600K)->1513K(1600K) Class: 124K(192K)->124K(192K)
[2024-10-11T04:22:53.393+0800][info] GC(301) Pause Young (Normal) (G1 Evacuation Pause) 104M->104M(128M) 1.301ms
[2024-10-11T04:22:53.393+0800][info] GC(301) User=0.01s Sys=0.00s Real=0.00s
[2024-10-11T04:22:53.495+0800][info] GC(302) Pause Young (Normal) (G1 Evacuation Pause)
[2024-10-11T04:22:53.495+0800][info] GC(302) Using 3 workers of 48 for evacuation
[2024-10-11T04:22:53.496+0800][info] GC(302)   Pre Evacuate Collection Set: 0.1ms
[2024-10-11T04:22:53.496+0800][info] GC(302)   Merge Heap Roots: 0.1ms
[2024-10-11T04:22:53.496+0800][info] GC(302)   Evacuate Collection Set: 0.7ms
[2024-10-11T04:22:53.496+0800][info] GC(302)   Post Evacuate Collection Set: 0.2ms
[2024-10-11T04:22:53.496+0800][info] GC(302)   Other: 0.2ms
[2024-10-11T04:22:53.496+0800][info] GC(302) Eden regions: 2->0(2)
[2024-10-11T04:22:53.496+0800][info] GC(302) Survivor regions: 1->1(1)
[2024-10-11T04:22:53.496+0800][info] GC(302) Old regions: 48->50
[2024-10-11T04:22:53.496+0800][info] GC(302) Archive regions: 2->2
[2024-10-11T04:22:53.496+0800][info] GC(302) Humongous regions: 3->3
[2024-10-11T04:22:53.496+0800][info] GC(302) Metaspace: 1637K(1792K)->1637K(1792K) NonClass: 1513K(1600K)->1513K(1600K) Class: 124K(192K)->124K(192K)
[2024-10-11T04:22:53.496+0800][info] GC(302) Pause Young (Normal) (G1 Evacuation Pause) 108M->108M(128M) 1.301ms
[2024-10-11T04:22:53.496+0800][info] GC(302) User=0.00s Sys=0.00s Real=0.00s
[2024-10-11T04:22:53.599+0800][info] GC(303) Pause Young (Concurrent Start) (G1 Evacuation Pause)
[2024-10-11T04:22:53.599+0800][info] GC(303) Using 3 workers of 48 for evacuation
[2024-10-11T04:22:53.600+0800][info] GC(303)   Pre Evacuate Collection Set: 0.1ms
[2024-10-11T04:22:53.600+0800][info] GC(303)   Merge Heap Roots: 0.0ms
[2024-10-11T04:22:53.600+0800][info] GC(303)   Evacuate Collection Set: 0.8ms
[2024-10-11T04:22:53.600+0800][info] GC(303)   Post Evacuate Collection Set: 0.2ms
[2024-10-11T04:22:53.600+0800][info] GC(303)   Other: 0.3ms
[2024-10-11T04:22:53.600+0800][info] GC(303) Eden regions: 2->0(2)
[2024-10-11T04:22:53.600+0800][info] GC(303) Survivor regions: 1->1(1)
[2024-10-11T04:22:53.600+0800][info] GC(303) Old regions: 50->52
[2024-10-11T04:22:53.600+0800][info] GC(303) Archive regions: 2->2
[2024-10-11T04:22:53.600+0800][info] GC(303) Humongous regions: 3->3
[2024-10-11T04:22:53.600+0800][info] GC(303) Metaspace: 1637K(1792K)->1637K(1792K) NonClass: 1513K(1600K)->1513K(1600K) Class: 124K(192K)->124K(192K)
[2024-10-11T04:22:53.600+0800][info] GC(303) Pause Young (Concurrent Start) (G1 Evacuation Pause) 112M->112M(128M) 1.543ms
[2024-10-11T04:22:53.600+0800][info] GC(303) User=0.00s Sys=0.00s Real=0.00s
[2024-10-11T04:22:53.600+0800][info] GC(304) Concurrent Mark Cycle
[2024-10-11T04:22:53.600+0800][info] GC(304) Concurrent Clear Claimed Marks
[2024-10-11T04:22:53.600+0800][info] GC(304) Concurrent Clear Claimed Marks 0.014ms
[2024-10-11T04:22:53.600+0800][info] GC(304) Concurrent Scan Root Regions
[2024-10-11T04:22:53.601+0800][info] GC(304) Concurrent Scan Root Regions 0.147ms
[2024-10-11T04:22:53.601+0800][info] GC(304) Concurrent Mark
[2024-10-11T04:22:53.601+0800][info] GC(304) Concurrent Mark From Roots
[2024-10-11T04:22:53.601+0800][info] GC(304) Using 12 workers of 12 for marking
[2024-10-11T04:22:53.605+0800][info] GC(304) Concurrent Mark From Roots 3.954ms
[2024-10-11T04:22:53.605+0800][info] GC(304) Concurrent Preclean
[2024-10-11T04:22:53.606+0800][info] GC(304) Concurrent Preclean 1.715ms
[2024-10-11T04:22:53.606+0800][info] GC(304) Pause Remark
[2024-10-11T04:22:53.608+0800][info] GC(304) Pause Remark 113M->113M(128M) 1.501ms
[2024-10-11T04:22:53.608+0800][info] GC(304) User=0.00s Sys=0.00s Real=0.00s
[2024-10-11T04:22:53.608+0800][info] GC(304) Concurrent Mark 7.426ms
[2024-10-11T04:22:53.608+0800][info] GC(304) Concurrent Rebuild Remembered Sets
[2024-10-11T04:22:53.610+0800][info] GC(304) Concurrent Rebuild Remembered Sets 1.471ms
[2024-10-11T04:22:53.610+0800][info] GC(304) Pause Cleanup
[2024-10-11T04:22:53.610+0800][info] GC(304) Pause Cleanup 113M->113M(128M) 0.177ms
[2024-10-11T04:22:53.610+0800][info] GC(304) User=0.00s Sys=0.00s Real=0.00s
[2024-10-11T04:22:53.610+0800][info] GC(304) Concurrent Cleanup for Next Mark
[2024-10-11T04:22:53.610+0800][info] GC(304) Concurrent Cleanup for Next Mark 0.382ms
[2024-10-11T04:22:53.610+0800][info] GC(304) Concurrent Mark Cycle 9.938ms
[2024-10-11T04:22:53.754+0800][info] GC(305) Pause Young (Prepare Mixed) (G1 Preventive Collection)
[2024-10-11T04:22:53.754+0800][info] GC(305) Using 3 workers of 48 for evacuation
[2024-10-11T04:22:53.755+0800][info] GC(305)   Pre Evacuate Collection Set: 0.1ms
[2024-10-11T04:22:53.755+0800][info] GC(305)   Merge Heap Roots: 0.1ms
[2024-10-11T04:22:53.755+0800][info] GC(305)   Evacuate Collection Set: 1.0ms
[2024-10-11T04:22:53.755+0800][info] GC(305)   Post Evacuate Collection Set: 0.2ms
[2024-10-11T04:22:53.755+0800][info] GC(305)   Other: 0.2ms
[2024-10-11T04:22:53.755+0800][info] GC(305) Eden regions: 2->0(2)
[2024-10-11T04:22:53.755+0800][info] GC(305) Survivor regions: 1->1(1)
[2024-10-11T04:22:53.755+0800][info] GC(305) Old regions: 52->54
[2024-10-11T04:22:53.755+0800][info] GC(305) Archive regions: 2->2
[2024-10-11T04:22:53.755+0800][info] GC(305) Humongous regions: 3->3
[2024-10-11T04:22:53.755+0800][info] GC(305) Metaspace: 1638K(1792K)->1638K(1792K) NonClass: 1513K(1600K)->1513K(1600K) Class: 124K(192K)->124K(192K)
[2024-10-11T04:22:53.755+0800][info] GC(305) Pause Young (Prepare Mixed) (G1 Preventive Collection) 116M->116M(128M) 1.635ms
[2024-10-11T04:22:53.755+0800][info] GC(305) User=0.01s Sys=0.00s Real=0.00s
[2024-10-11T04:22:53.817+0800][info] GC(306) Pause Young (Mixed) (G1 Preventive Collection)
[2024-10-11T04:22:53.817+0800][info] GC(306) Using 3 workers of 48 for evacuation
[2024-10-11T04:22:53.818+0800][info] GC(306) To-space exhausted
[2024-10-11T04:22:53.818+0800][info] GC(306)   Pre Evacuate Collection Set: 0.2ms
[2024-10-11T04:22:53.818+0800][info] GC(306)   Merge Heap Roots: 0.1ms
[2024-10-11T04:22:53.818+0800][info] GC(306)   Evacuate Collection Set: 0.8ms
[2024-10-11T04:22:53.818+0800][info] GC(306)   Post Evacuate Collection Set: 0.2ms
[2024-10-11T04:22:53.819+0800][info] GC(306)   Other: 0.2ms
[2024-10-11T04:22:53.819+0800][info] GC(306) Eden regions: 1->0(2)
[2024-10-11T04:22:53.819+0800][info] GC(306) Survivor regions: 1->1(1)
[2024-10-11T04:22:53.819+0800][info] GC(306) Old regions: 54->52
[2024-10-11T04:22:53.819+0800][info] GC(306) Archive regions: 2->2
[2024-10-11T04:22:53.819+0800][info] GC(306) Humongous regions: 3->3
[2024-10-11T04:22:53.819+0800][info] GC(306) Metaspace: 1638K(1792K)->1638K(1792K) NonClass: 1513K(1600K)->1513K(1600K) Class: 124K(192K)->124K(192K)
[2024-10-11T04:22:53.819+0800][info] GC(306) Pause Young (Mixed) (G1 Preventive Collection) 118M->112M(128M) 1.579ms
[2024-10-11T04:22:53.819+0800][info] GC(306) User=0.00s Sys=0.00s Real=0.00s
[2024-10-11T04:22:53.860+0800][info] GC(307) Pause Young (Mixed) (G1 Preventive Collection)
[2024-10-11T04:22:53.860+0800][info] GC(307) Using 3 workers of 48 for evacuation
[2024-10-11T04:22:53.862+0800][info] GC(307) To-space exhausted
[2024-10-11T04:22:53.862+0800][info] GC(307)   Pre Evacuate Collection Set: 0.2ms
[2024-10-11T04:22:53.862+0800][info] GC(307)   Merge Heap Roots: 0.1ms
[2024-10-11T04:22:53.862+0800][info] GC(307)   Evacuate Collection Set: 1.4ms
[2024-10-11T04:22:53.862+0800][info] GC(307)   Post Evacuate Collection Set: 0.2ms
[2024-10-11T04:22:53.862+0800][info] GC(307)   Other: 0.2ms
[2024-10-11T04:22:53.862+0800][info] GC(307) Eden regions: 1->0(2)
[2024-10-11T04:22:53.862+0800][info] GC(307) Survivor regions: 1->1(1)
[2024-10-11T04:22:53.862+0800][info] GC(307) Old regions: 52->50
[2024-10-11T04:22:53.862+0800][info] GC(307) Archive regions: 2->2
[2024-10-11T04:22:53.862+0800][info] GC(307) Humongous regions: 3->3
[2024-10-11T04:22:53.862+0800][info] GC(307) Metaspace: 1638K(1792K)->1638K(1792K) NonClass: 1513K(1600K)->1513K(1600K) Class: 124K(192K)->124K(192K)
[2024-10-11T04:22:53.862+0800][info] GC(307) Pause Young (Mixed) (G1 Preventive Collection) 114M->108M(128M) 2.183ms
[2024-10-11T04:22:53.862+0800][info] GC(307) User=0.00s Sys=0.00s Real=0.00s
[2024-10-11T04:22:53.964+0800][info] GC(308) Pause Young (Mixed) (G1 Preventive Collection)
[2024-10-11T04:22:53.964+0800][info] GC(308) Using 3 workers of 48 for evacuation
[2024-10-11T04:22:53.966+0800][info] GC(308) To-space exhausted
[2024-10-11T04:22:53.966+0800][info] GC(308)   Pre Evacuate Collection Set: 0.2ms
[2024-10-11T04:22:53.966+0800][info] GC(308)   Merge Heap Roots: 0.1ms
[2024-10-11T04:22:53.966+0800][info] GC(308)   Evacuate Collection Set: 1.7ms
[2024-10-11T04:22:53.966+0800][info] GC(308)   Post Evacuate Collection Set: 0.2ms
[2024-10-11T04:22:53.966+0800][info] GC(308)   Other: 0.1ms
[2024-10-11T04:22:53.966+0800][info] GC(308) Eden regions: 2->0(2)
[2024-10-11T04:22:53.966+0800][info] GC(308) Survivor regions: 1->1(1)
[2024-10-11T04:22:53.966+0800][info] GC(308) Old regions: 50->51
[2024-10-11T04:22:53.966+0800][info] GC(308) Archive regions: 2->2
[2024-10-11T04:22:53.966+0800][info] GC(308) Humongous regions: 3->3
[2024-10-11T04:22:53.966+0800][info] GC(308) Metaspace: 1638K(1792K)->1638K(1792K) NonClass: 1513K(1600K)->1513K(1600K) Class: 124K(192K)->124K(192K)
[2024-10-11T04:22:53.966+0800][info] GC(308) Pause Young (Mixed) (G1 Preventive Collection) 111M->110M(128M) 2.340ms
[2024-10-11T04:22:53.966+0800][info] GC(308) User=0.01s Sys=0.00s Real=0.01s
[2024-10-11T04:22:54.028+0800][info] GC(309) Pause Young (Mixed) (G1 Preventive Collection)
[2024-10-11T04:22:54.028+0800][info] GC(309) Using 3 workers of 48 for evacuation
[2024-10-11T04:22:54.030+0800][info] GC(309)   Pre Evacuate Collection Set: 0.2ms
[2024-10-11T04:22:54.030+0800][info] GC(309)   Merge Heap Roots: 0.1ms
[2024-10-11T04:22:54.030+0800][info] GC(309)   Evacuate Collection Set: 1.6ms
[2024-10-11T04:22:54.030+0800][info] GC(309)   Post Evacuate Collection Set: 0.2ms
[2024-10-11T04:22:54.030+0800][info] GC(309)   Other: 0.1ms
[2024-10-11T04:22:54.030+0800][info] GC(309) Eden regions: 1->0(2)
[2024-10-11T04:22:54.030+0800][info] GC(309) Survivor regions: 1->1(1)
[2024-10-11T04:22:54.030+0800][info] GC(309) Old regions: 51->49
[2024-10-11T04:22:54.030+0800][info] GC(309) Archive regions: 2->2
[2024-10-11T04:22:54.030+0800][info] GC(309) Humongous regions: 3->3
[2024-10-11T04:22:54.030+0800][info] GC(309) Metaspace: 1638K(1792K)->1638K(1792K) NonClass: 1514K(1600K)->1514K(1600K) Class: 124K(192K)->124K(192K)
[2024-10-11T04:22:54.030+0800][info] GC(309) Pause Young (Mixed) (G1 Preventive Collection) 112M->106M(128M) 2.234ms
[2024-10-11T04:22:54.030+0800][info] GC(309) User=0.01s Sys=0.00s Real=0.00s
[2024-10-11T04:22:54.133+0800][info] GC(310) Pause Young (Mixed) (G1 Preventive Collection)
[2024-10-11T04:22:54.133+0800][info] GC(310) Using 3 workers of 48 for evacuation
[2024-10-11T04:22:54.134+0800][info] GC(310)   Pre Evacuate Collection Set: 0.2ms
[2024-10-11T04:22:54.134+0800][info] GC(310)   Merge Heap Roots: 0.1ms
[2024-10-11T04:22:54.134+0800][info] GC(310)   Evacuate Collection Set: 1.4ms
[2024-10-11T04:22:54.134+0800][info] GC(310)   Post Evacuate Collection Set: 0.2ms
[2024-10-11T04:22:54.134+0800][info] GC(310)   Other: 0.1ms
[2024-10-11T04:22:54.134+0800][info] GC(310) Eden regions: 2->0(2)
[2024-10-11T04:22:54.134+0800][info] GC(310) Survivor regions: 1->1(1)
[2024-10-11T04:22:54.135+0800][info] GC(310) Old regions: 49->51
[2024-10-11T04:22:54.135+0800][info] GC(310) Archive regions: 2->2
[2024-10-11T04:22:54.135+0800][info] GC(310) Humongous regions: 3->3
[2024-10-11T04:22:54.135+0800][info] GC(310) Metaspace: 1638K(1792K)->1638K(1792K) NonClass: 1514K(1600K)->1514K(1600K) Class: 124K(192K)->124K(192K)
[2024-10-11T04:22:54.135+0800][info] GC(310) Pause Young (Mixed) (G1 Preventive Collection) 109M->108M(128M) 2.026ms
[2024-10-11T04:22:54.135+0800][info] GC(310) User=0.00s Sys=0.00s Real=0.01s
[2024-10-11T04:22:54.196+0800][info] GC(311) Pause Young (Concurrent Start) (G1 Humongous Allocation)
[2024-10-11T04:22:54.196+0800][info] GC(311) Using 3 workers of 48 for evacuation
[2024-10-11T04:22:54.197+0800][info] GC(311)   Pre Evacuate Collection Set: 0.1ms
[2024-10-11T04:22:54.197+0800][info] GC(311)   Merge Heap Roots: 0.0ms
[2024-10-11T04:22:54.197+0800][info] GC(311)   Evacuate Collection Set: 0.6ms
[2024-10-11T04:22:54.197+0800][info] GC(311)   Post Evacuate Collection Set: 0.2ms
[2024-10-11T04:22:54.197+0800][info] GC(311)   Other: 0.3ms
[2024-10-11T04:22:54.197+0800][info] GC(311) Eden regions: 2->0(2)
[2024-10-11T04:22:54.197+0800][info] GC(311) Survivor regions: 1->1(1)
[2024-10-11T04:22:54.197+0800][info] GC(311) Old regions: 51->52
[2024-10-11T04:22:54.197+0800][info] GC(311) Archive regions: 2->2
[2024-10-11T04:22:54.197+0800][info] GC(311) Humongous regions: 3->3
[2024-10-11T04:22:54.197+0800][info] GC(311) Metaspace: 1638K(1792K)->1638K(1792K) NonClass: 1514K(1600K)->1514K(1600K) Class: 124K(192K)->124K(192K)
[2024-10-11T04:22:54.197+0800][info] GC(311) Pause Young (Concurrent Start) (G1 Humongous Allocation) 111M->111M(128M) 1.382ms
[2024-10-11T04:22:54.197+0800][info] GC(311) User=0.00s Sys=0.00s Real=0.00s
[2024-10-11T04:22:54.198+0800][info] GC(312) Concurrent Mark Cycle
[2024-10-11T04:22:54.198+0800][info] GC(312) Concurrent Clear Claimed Marks
[2024-10-11T04:22:54.198+0800][info] GC(312) Concurrent Clear Claimed Marks 0.014ms
[2024-10-11T04:22:54.198+0800][info] GC(312) Concurrent Scan Root Regions
[2024-10-11T04:22:54.198+0800][info] GC(312) Concurrent Scan Root Regions 0.148ms
[2024-10-11T04:22:54.198+0800][info] GC(312) Concurrent Mark
[2024-10-11T04:22:54.198+0800][info] GC(312) Concurrent Mark From Roots
[2024-10-11T04:22:54.198+0800][info] GC(312) Using 12 workers of 12 for marking
[2024-10-11T04:22:54.201+0800][info] GC(312) Concurrent Mark From Roots 3.685ms
[2024-10-11T04:22:54.201+0800][info] GC(312) Concurrent Preclean
[2024-10-11T04:22:54.203+0800][info] GC(312) Concurrent Preclean 1.676ms
[2024-10-11T04:22:54.203+0800][info] GC(312) Pause Remark
[2024-10-11T04:22:54.205+0800][info] GC(312) Pause Remark 113M->111M(128M) 1.378ms
[2024-10-11T04:22:54.205+0800][info] GC(312) User=0.00s Sys=0.00s Real=0.00s
[2024-10-11T04:22:54.205+0800][info] GC(312) Concurrent Mark 6.867ms
[2024-10-11T04:22:54.205+0800][info] GC(312) Concurrent Rebuild Remembered Sets
[2024-10-11T04:22:54.206+0800][info] GC(312) Concurrent Rebuild Remembered Sets 1.479ms
[2024-10-11T04:22:54.206+0800][info] GC(312) Pause Cleanup
[2024-10-11T04:22:54.206+0800][info] GC(312) Pause Cleanup 111M->111M(128M) 0.190ms
[2024-10-11T04:22:54.206+0800][info] GC(312) User=0.00s Sys=0.00s Real=0.00s
[2024-10-11T04:22:54.207+0800][info] GC(312) Concurrent Cleanup for Next Mark
[2024-10-11T04:22:54.207+0800][info] GC(312) Concurrent Cleanup for Next Mark 0.388ms
[2024-10-11T04:22:54.207+0800][info] GC(312) Concurrent Mark Cycle 9.403ms
[2024-10-11T04:22:54.372+0800][info] GC(313) Pause Young (Prepare Mixed) (G1 Preventive Collection)
[2024-10-11T04:22:54.372+0800][info] GC(313) Using 3 workers of 48 for evacuation
[2024-10-11T04:22:54.373+0800][info] GC(313)   Pre Evacuate Collection Set: 0.1ms
[2024-10-11T04:22:54.373+0800][info] GC(313)   Merge Heap Roots: 0.1ms
[2024-10-11T04:22:54.373+0800][info] GC(313)   Evacuate Collection Set: 0.8ms
[2024-10-11T04:22:54.373+0800][info] GC(313)   Post Evacuate Collection Set: 0.2ms
[2024-10-11T04:22:54.373+0800][info] GC(313)   Other: 0.2ms
[2024-10-11T04:22:54.373+0800][info] GC(313) Eden regions: 2->0(2)
[2024-10-11T04:22:54.373+0800][info] GC(313) Survivor regions: 1->1(1)
[2024-10-11T04:22:54.373+0800][info] GC(313) Old regions: 51->53
[2024-10-11T04:22:54.373+0800][info] GC(313) Archive regions: 2->2
[2024-10-11T04:22:54.373+0800][info] GC(313) Humongous regions: 4->3
[2024-10-11T04:22:54.373+0800][info] GC(313) Metaspace: 1638K(1792K)->1638K(1792K) NonClass: 1514K(1600K)->1514K(1600K) Class: 124K(192K)->124K(192K)
[2024-10-11T04:22:54.373+0800][info] GC(313) Pause Young (Prepare Mixed) (G1 Preventive Collection) 115M->113M(128M) 1.573ms
[2024-10-11T04:22:54.373+0800][info] GC(313) User=0.01s Sys=0.00s Real=0.01s
[2024-10-11T04:22:54.435+0800][info] GC(314) Pause Young (Mixed) (G1 Preventive Collection)
[2024-10-11T04:22:54.435+0800][info] GC(314) Using 3 workers of 48 for evacuation
[2024-10-11T04:22:54.436+0800][info] GC(314)   Pre Evacuate Collection Set: 0.2ms
[2024-10-11T04:22:54.436+0800][info] GC(314)   Merge Heap Roots: 0.1ms
[2024-10-11T04:22:54.436+0800][info] GC(314)   Evacuate Collection Set: 0.9ms
[2024-10-11T04:22:54.436+0800][info] GC(314)   Post Evacuate Collection Set: 0.2ms
[2024-10-11T04:22:54.436+0800][info] GC(314)   Other: 0.2ms
[2024-10-11T04:22:54.436+0800][info] GC(314) Eden regions: 1->0(2)
[2024-10-11T04:22:54.436+0800][info] GC(314) Survivor regions: 1->1(1)
[2024-10-11T04:22:54.436+0800][info] GC(314) Old regions: 53->49
[2024-10-11T04:22:54.436+0800][info] GC(314) Archive regions: 2->2
[2024-10-11T04:22:54.436+0800][info] GC(314) Humongous regions: 3->3
[2024-10-11T04:22:54.436+0800][info] GC(314) Metaspace: 1638K(1792K)->1638K(1792K) NonClass: 1514K(1600K)->1514K(1600K) Class: 124K(192K)->124K(192K)
[2024-10-11T04:22:54.436+0800][info] GC(314) Pause Young (Mixed) (G1 Preventive Collection) 115M->105M(128M) 1.625ms
[2024-10-11T04:22:54.436+0800][info] GC(314) User=0.00s Sys=0.00s Real=0.00s
[2024-10-11T04:22:54.539+0800][info] GC(315) Pause Young (Mixed) (G1 Evacuation Pause)
[2024-10-11T04:22:54.539+0800][info] GC(315) Using 3 workers of 48 for evacuation
[2024-10-11T04:22:54.541+0800][info] GC(315)   Pre Evacuate Collection Set: 0.2ms
[2024-10-11T04:22:54.541+0800][info] GC(315)   Merge Heap Roots: 0.1ms
[2024-10-11T04:22:54.541+0800][info] GC(315)   Evacuate Collection Set: 1.6ms
[2024-10-11T04:22:54.541+0800][info] GC(315)   Post Evacuate Collection Set: 0.2ms
[2024-10-11T04:22:54.541+0800][info] GC(315)   Other: 0.1ms
[2024-10-11T04:22:54.541+0800][info] GC(315) Eden regions: 2->0(2)
[2024-10-11T04:22:54.541+0800][info] GC(315) Survivor regions: 1->1(1)
[2024-10-11T04:22:54.541+0800][info] GC(315) Old regions: 49->47
[2024-10-11T04:22:54.541+0800][info] GC(315) Archive regions: 2->2
[2024-10-11T04:22:54.541+0800][info] GC(315) Humongous regions: 3->3
[2024-10-11T04:22:54.541+0800][info] GC(315) Metaspace: 1638K(1792K)->1638K(1792K) NonClass: 1514K(1600K)->1514K(1600K) Class: 124K(192K)->124K(192K)
[2024-10-11T04:22:54.541+0800][info] GC(315) Pause Young (Mixed) (G1 Evacuation Pause) 108M->101M(128M) 2.249ms
[2024-10-11T04:22:54.541+0800][info] GC(315) User=0.00s Sys=0.00s Real=0.00s
[2024-10-11T04:22:54.643+0800][info] GC(316) Pause Young (Mixed) (G1 Evacuation Pause)
[2024-10-11T04:22:54.643+0800][info] GC(316) Using 3 workers of 48 for evacuation
[2024-10-11T04:22:54.646+0800][info] GC(316)   Pre Evacuate Collection Set: 0.2ms
[2024-10-11T04:22:54.646+0800][info] GC(316)   Merge Heap Roots: 0.1ms
[2024-10-11T04:22:54.646+0800][info] GC(316)   Evacuate Collection Set: 2.0ms
[2024-10-11T04:22:54.646+0800][info] GC(316)   Post Evacuate Collection Set: 0.2ms
[2024-10-11T04:22:54.646+0800][info] GC(316)   Other: 0.1ms
[2024-10-11T04:22:54.646+0800][info] GC(316) Eden regions: 2->0(2)
[2024-10-11T04:22:54.646+0800][info] GC(316) Survivor regions: 1->1(1)
[2024-10-11T04:22:54.646+0800][info] GC(316) Old regions: 47->46
[2024-10-11T04:22:54.646+0800][info] GC(316) Archive regions: 2->2
[2024-10-11T04:22:54.646+0800][info] GC(316) Humongous regions: 3->3
[2024-10-11T04:22:54.646+0800][info] GC(316) Metaspace: 1638K(1792K)->1638K(1792K) NonClass: 1514K(1600K)->1514K(1600K) Class: 124K(192K)->124K(192K)
[2024-10-11T04:22:54.646+0800][info] GC(316) Pause Young (Mixed) (G1 Evacuation Pause) 105M->99M(128M) 2.701ms
[2024-10-11T04:22:54.646+0800][info] GC(316) User=0.00s Sys=0.00s Real=0.01s
[2024-10-11T04:22:54.749+0800][info] GC(317) Pause Young (Mixed) (G1 Evacuation Pause)
[2024-10-11T04:22:54.749+0800][info] GC(317) Using 3 workers of 48 for evacuation
[2024-10-11T04:22:54.751+0800][info] GC(317)   Pre Evacuate Collection Set: 0.2ms
[2024-10-11T04:22:54.751+0800][info] GC(317)   Merge Heap Roots: 0.1ms
[2024-10-11T04:22:54.751+0800][info] GC(317)   Evacuate Collection Set: 2.0ms
[2024-10-11T04:22:54.751+0800][info] GC(317)   Post Evacuate Collection Set: 0.2ms
[2024-10-11T04:22:54.751+0800][info] GC(317)   Other: 0.1ms
[2024-10-11T04:22:54.751+0800][info] GC(317) Eden regions: 2->0(2)
[2024-10-11T04:22:54.751+0800][info] GC(317) Survivor regions: 1->1(1)
[2024-10-11T04:22:54.751+0800][info] GC(317) Old regions: 46->44
[2024-10-11T04:22:54.751+0800][info] GC(317) Archive regions: 2->2
[2024-10-11T04:22:54.751+0800][info] GC(317) Humongous regions: 3->3
[2024-10-11T04:22:54.751+0800][info] GC(317) Metaspace: 1638K(1792K)->1638K(1792K) NonClass: 1514K(1600K)->1514K(1600K) Class: 124K(192K)->124K(192K)
[2024-10-11T04:22:54.751+0800][info] GC(317) Pause Young (Mixed) (G1 Evacuation Pause) 103M->96M(128M) 2.705ms
[2024-10-11T04:22:54.751+0800][info] GC(317) User=0.01s Sys=0.00s Real=0.00s
[2024-10-11T04:22:54.853+0800][info] GC(318) Pause Young (Normal) (G1 Evacuation Pause)
[2024-10-11T04:22:54.853+0800][info] GC(318) Using 3 workers of 48 for evacuation
[2024-10-11T04:22:54.855+0800][info] GC(318)   Pre Evacuate Collection Set: 0.1ms
[2024-10-11T04:22:54.855+0800][info] GC(318)   Merge Heap Roots: 0.1ms
[2024-10-11T04:22:54.855+0800][info] GC(318)   Evacuate Collection Set: 0.7ms
[2024-10-11T04:22:54.855+0800][info] GC(318)   Post Evacuate Collection Set: 0.2ms
[2024-10-11T04:22:54.855+0800][info] GC(318)   Other: 0.2ms
[2024-10-11T04:22:54.855+0800][info] GC(318) Eden regions: 2->0(2)
[2024-10-11T04:22:54.855+0800][info] GC(318) Survivor regions: 1->1(1)
[2024-10-11T04:22:54.855+0800][info] GC(318) Old regions: 44->46
[2024-10-11T04:22:54.855+0800][info] GC(318) Archive regions: 2->2
[2024-10-11T04:22:54.855+0800][info] GC(318) Humongous regions: 3->3
[2024-10-11T04:22:54.855+0800][info] GC(318) Metaspace: 1638K(1792K)->1638K(1792K) NonClass: 1514K(1600K)->1514K(1600K) Class: 124K(192K)->124K(192K)
[2024-10-11T04:22:54.855+0800][info] GC(318) Pause Young (Normal) (G1 Evacuation Pause) 99M->100M(128M) 1.350ms
[2024-10-11T04:22:54.855+0800][info] GC(318) User=0.01s Sys=0.00s Real=0.00s
[2024-10-11T04:22:54.957+0800][info] GC(319) Pause Young (Normal) (G1 Evacuation Pause)
[2024-10-11T04:22:54.957+0800][info] GC(319) Using 3 workers of 48 for evacuation
[2024-10-11T04:22:54.958+0800][info] GC(319)   Pre Evacuate Collection Set: 0.1ms
[2024-10-11T04:22:54.958+0800][info] GC(319)   Merge Heap Roots: 0.0ms
[2024-10-11T04:22:54.958+0800][info] GC(319)   Evacuate Collection Set: 0.7ms
[2024-10-11T04:22:54.958+0800][info] GC(319)   Post Evacuate Collection Set: 0.2ms
[2024-10-11T04:22:54.958+0800][info] GC(319)   Other: 0.2ms
[2024-10-11T04:22:54.958+0800][info] GC(319) Eden regions: 2->0(2)
[2024-10-11T04:22:54.958+0800][info] GC(319) Survivor regions: 1->1(1)
[2024-10-11T04:22:54.958+0800][info] GC(319) Old regions: 46->48
[2024-10-11T04:22:54.958+0800][info] GC(319) Archive regions: 2->2
[2024-10-11T04:22:54.958+0800][info] GC(319) Humongous regions: 3->3
[2024-10-11T04:22:54.958+0800][info] GC(319) Metaspace: 1638K(1792K)->1638K(1792K) NonClass: 1514K(1600K)->1514K(1600K) Class: 124K(192K)->124K(192K)
[2024-10-11T04:22:54.958+0800][info] GC(319) Pause Young (Normal) (G1 Evacuation Pause) 104M->104M(128M) 1.304ms
[2024-10-11T04:22:54.958+0800][info] GC(319) User=0.00s Sys=0.00s Real=0.00s
[2024-10-11T04:22:55.060+0800][info] GC(320) Pause Young (Concurrent Start) (G1 Evacuation Pause)
[2024-10-11T04:22:55.061+0800][info] GC(320) Using 3 workers of 48 for evacuation
[2024-10-11T04:22:55.062+0800][info] GC(320)   Pre Evacuate Collection Set: 0.1ms
[2024-10-11T04:22:55.062+0800][info] GC(320)   Merge Heap Roots: 0.0ms
[2024-10-11T04:22:55.062+0800][info] GC(320)   Evacuate Collection Set: 0.8ms
[2024-10-11T04:22:55.062+0800][info] GC(320)   Post Evacuate Collection Set: 0.2ms
[2024-10-11T04:22:55.062+0800][info] GC(320)   Other: 0.3ms
[2024-10-11T04:22:55.062+0800][info] GC(320) Eden regions: 2->0(2)
[2024-10-11T04:22:55.062+0800][info] GC(320) Survivor regions: 1->1(1)
[2024-10-11T04:22:55.062+0800][info] GC(320) Old regions: 48->50
[2024-10-11T04:22:55.062+0800][info] GC(320) Archive regions: 2->2
[2024-10-11T04:22:55.062+0800][info] GC(320) Humongous regions: 3->3
[2024-10-11T04:22:55.062+0800][info] GC(320) Metaspace: 1638K(1792K)->1638K(1792K) NonClass: 1514K(1600K)->1514K(1600K) Class: 124K(192K)->124K(192K)
[2024-10-11T04:22:55.062+0800][info] GC(320) Pause Young (Concurrent Start) (G1 Evacuation Pause) 107M->108M(128M) 1.620ms
[2024-10-11T04:22:55.062+0800][info] GC(320) User=0.00s Sys=0.00s Real=0.00s
[2024-10-11T04:22:55.062+0800][info] GC(321) Concurrent Mark Cycle
[2024-10-11T04:22:55.062+0800][info] GC(321) Concurrent Clear Claimed Marks
[2024-10-11T04:22:55.062+0800][info] GC(321) Concurrent Clear Claimed Marks 0.015ms
[2024-10-11T04:22:55.062+0800][info] GC(321) Concurrent Scan Root Regions
[2024-10-11T04:22:55.062+0800][info] GC(321) Concurrent Scan Root Regions 0.106ms
[2024-10-11T04:22:55.062+0800][info] GC(321) Concurrent Mark
[2024-10-11T04:22:55.062+0800][info] GC(321) Concurrent Mark From Roots
[2024-10-11T04:22:55.062+0800][info] GC(321) Using 12 workers of 12 for marking
[2024-10-11T04:22:55.067+0800][info] GC(321) Concurrent Mark From Roots 4.371ms
[2024-10-11T04:22:55.067+0800][info] GC(321) Concurrent Preclean
[2024-10-11T04:22:55.068+0800][info] GC(321) Concurrent Preclean 1.682ms
[2024-10-11T04:22:55.069+0800][info] GC(321) Pause Remark
[2024-10-11T04:22:55.070+0800][info] GC(321) Pause Remark 108M->108M(128M) 1.525ms
[2024-10-11T04:22:55.070+0800][info] GC(321) User=0.01s Sys=0.00s Real=0.00s
[2024-10-11T04:22:55.070+0800][info] GC(321) Concurrent Mark 7.834ms
[2024-10-11T04:22:55.070+0800][info] GC(321) Concurrent Rebuild Remembered Sets
[2024-10-11T04:22:55.072+0800][info] GC(321) Concurrent Rebuild Remembered Sets 1.493ms
[2024-10-11T04:22:55.072+0800][info] GC(321) Pause Cleanup
[2024-10-11T04:22:55.072+0800][info] GC(321) Pause Cleanup 108M->108M(128M) 0.177ms
[2024-10-11T04:22:55.072+0800][info] GC(321) User=0.00s Sys=0.00s Real=0.00s
[2024-10-11T04:22:55.072+0800][info] GC(321) Concurrent Cleanup for Next Mark
[2024-10-11T04:22:55.072+0800][info] GC(321) Concurrent Cleanup for Next Mark 0.393ms
[2024-10-11T04:22:55.072+0800][info] GC(321) Concurrent Mark Cycle 10.340ms
[2024-10-11T04:22:55.216+0800][info] GC(322) Pause Young (Prepare Mixed) (G1 Evacuation Pause)
[2024-10-11T04:22:55.216+0800][info] GC(322) Using 3 workers of 48 for evacuation
[2024-10-11T04:22:55.217+0800][info] GC(322)   Pre Evacuate Collection Set: 0.1ms
[2024-10-11T04:22:55.217+0800][info] GC(322)   Merge Heap Roots: 0.1ms
[2024-10-11T04:22:55.217+0800][info] GC(322)   Evacuate Collection Set: 0.9ms
[2024-10-11T04:22:55.217+0800][info] GC(322)   Post Evacuate Collection Set: 0.2ms
[2024-10-11T04:22:55.217+0800][info] GC(322)   Other: 0.2ms
[2024-10-11T04:22:55.217+0800][info] GC(322) Eden regions: 2->0(2)
[2024-10-11T04:22:55.217+0800][info] GC(322) Survivor regions: 1->1(1)
[2024-10-11T04:22:55.217+0800][info] GC(322) Old regions: 50->52
[2024-10-11T04:22:55.217+0800][info] GC(322) Archive regions: 2->2
[2024-10-11T04:22:55.217+0800][info] GC(322) Humongous regions: 3->3
[2024-10-11T04:22:55.217+0800][info] GC(322) Metaspace: 1639K(1792K)->1639K(1792K) NonClass: 1514K(1600K)->1514K(1600K) Class: 124K(192K)->124K(192K)
[2024-10-11T04:22:55.217+0800][info] GC(322) Pause Young (Prepare Mixed) (G1 Evacuation Pause) 111M->112M(128M) 1.608ms
[2024-10-11T04:22:55.217+0800][info] GC(322) User=0.00s Sys=0.00s Real=0.00s
[2024-10-11T04:22:55.319+0800][info] GC(323) Pause Young (Mixed) (G1 Preventive Collection)
[2024-10-11T04:22:55.319+0800][info] GC(323) Using 3 workers of 48 for evacuation
[2024-10-11T04:22:55.321+0800][info] GC(323) To-space exhausted
[2024-10-11T04:22:55.321+0800][info] GC(323)   Pre Evacuate Collection Set: 0.2ms
[2024-10-11T04:22:55.321+0800][info] GC(323)   Merge Heap Roots: 0.1ms
[2024-10-11T04:22:55.321+0800][info] GC(323)   Evacuate Collection Set: 1.3ms
[2024-10-11T04:22:55.321+0800][info] GC(323)   Post Evacuate Collection Set: 0.3ms
[2024-10-11T04:22:55.321+0800][info] GC(323)   Other: 0.2ms
[2024-10-11T04:22:55.321+0800][info] GC(323) Eden regions: 2->0(2)
[2024-10-11T04:22:55.321+0800][info] GC(323) Survivor regions: 1->1(1)
[2024-10-11T04:22:55.322+0800][info] GC(323) Old regions: 52->49
[2024-10-11T04:22:55.322+0800][info] GC(323) Archive regions: 2->2
[2024-10-11T04:22:55.322+0800][info] GC(323) Humongous regions: 3->3
[2024-10-11T04:22:55.322+0800][info] GC(323) Metaspace: 1639K(1792K)->1639K(1792K) NonClass: 1514K(1600K)->1514K(1600K) Class: 124K(192K)->124K(192K)
[2024-10-11T04:22:55.322+0800][info] GC(323) Pause Young (Mixed) (G1 Preventive Collection) 115M->106M(128M) 2.125ms
[2024-10-11T04:22:55.322+0800][info] GC(323) User=0.00s Sys=0.00s Real=0.00s
[2024-10-11T04:22:55.424+0800][info] GC(324) Pause Young (Mixed) (G1 Evacuation Pause)
[2024-10-11T04:22:55.424+0800][info] GC(324) Using 3 workers of 48 for evacuation
[2024-10-11T04:22:55.426+0800][info] GC(324)   Pre Evacuate Collection Set: 0.2ms
[2024-10-11T04:22:55.426+0800][info] GC(324)   Merge Heap Roots: 0.1ms
[2024-10-11T04:22:55.426+0800][info] GC(324)   Evacuate Collection Set: 1.6ms
[2024-10-11T04:22:55.426+0800][info] GC(324)   Post Evacuate Collection Set: 0.2ms
[2024-10-11T04:22:55.426+0800][info] GC(324)   Other: 0.1ms
[2024-10-11T04:22:55.426+0800][info] GC(324) Eden regions: 2->0(2)
[2024-10-11T04:22:55.426+0800][info] GC(324) Survivor regions: 1->1(1)
[2024-10-11T04:22:55.426+0800][info] GC(324) Old regions: 49->47
[2024-10-11T04:22:55.426+0800][info] GC(324) Archive regions: 2->2
[2024-10-11T04:22:55.426+0800][info] GC(324) Humongous regions: 3->3
[2024-10-11T04:22:55.426+0800][info] GC(324) Metaspace: 1639K(1792K)->1639K(1792K) NonClass: 1514K(1600K)->1514K(1600K) Class: 124K(192K)->124K(192K)
[2024-10-11T04:22:55.426+0800][info] GC(324) Pause Young (Mixed) (G1 Evacuation Pause) 110M->102M(128M) 2.317ms
[2024-10-11T04:22:55.426+0800][info] GC(324) User=0.01s Sys=0.00s Real=0.01s
[2024-10-11T04:22:55.528+0800][info] GC(325) Pause Young (Mixed) (G1 Evacuation Pause)
[2024-10-11T04:22:55.528+0800][info] GC(325) Using 3 workers of 48 for evacuation
[2024-10-11T04:22:55.531+0800][info] GC(325)   Pre Evacuate Collection Set: 0.2ms
[2024-10-11T04:22:55.531+0800][info] GC(325)   Merge Heap Roots: 0.1ms
[2024-10-11T04:22:55.531+0800][info] GC(325)   Evacuate Collection Set: 1.8ms
[2024-10-11T04:22:55.531+0800][info] GC(325)   Post Evacuate Collection Set: 0.2ms
[2024-10-11T04:22:55.531+0800][info] GC(325)   Other: 0.1ms
[2024-10-11T04:22:55.531+0800][info] GC(325) Eden regions: 2->0(2)
[2024-10-11T04:22:55.531+0800][info] GC(325) Survivor regions: 1->1(1)
[2024-10-11T04:22:55.531+0800][info] GC(325) Old regions: 47->46
[2024-10-11T04:22:55.531+0800][info] GC(325) Archive regions: 2->2
[2024-10-11T04:22:55.531+0800][info] GC(325) Humongous regions: 3->3
[2024-10-11T04:22:55.531+0800][info] GC(325) Metaspace: 1639K(1792K)->1639K(1792K) NonClass: 1514K(1600K)->1514K(1600K) Class: 124K(192K)->124K(192K)
[2024-10-11T04:22:55.531+0800][info] GC(325) Pause Young (Mixed) (G1 Evacuation Pause) 105M->100M(128M) 2.451ms
[2024-10-11T04:22:55.531+0800][info] GC(325) User=0.01s Sys=0.00s Real=0.00s
[2024-10-11T04:22:55.633+0800][info] GC(326) Pause Young (Mixed) (G1 Evacuation Pause)
[2024-10-11T04:22:55.633+0800][info] GC(326) Using 3 workers of 48 for evacuation
[2024-10-11T04:22:55.635+0800][info] GC(326)   Pre Evacuate Collection Set: 0.2ms
[2024-10-11T04:22:55.635+0800][info] GC(326)   Merge Heap Roots: 0.0ms
[2024-10-11T04:22:55.635+0800][info] GC(326)   Evacuate Collection Set: 1.5ms
[2024-10-11T04:22:55.635+0800][info] GC(326)   Post Evacuate Collection Set: 0.2ms
[2024-10-11T04:22:55.635+0800][info] GC(326)   Other: 0.1ms
[2024-10-11T04:22:55.635+0800][info] GC(326) Eden regions: 2->0(2)
[2024-10-11T04:22:55.635+0800][info] GC(326) Survivor regions: 1->1(1)
[2024-10-11T04:22:55.635+0800][info] GC(326) Old regions: 46->47
[2024-10-11T04:22:55.635+0800][info] GC(326) Archive regions: 2->2
[2024-10-11T04:22:55.635+0800][info] GC(326) Humongous regions: 3->3
[2024-10-11T04:22:55.635+0800][info] GC(326) Metaspace: 1639K(1792K)->1639K(1792K) NonClass: 1514K(1600K)->1514K(1600K) Class: 124K(192K)->124K(192K)
[2024-10-11T04:22:55.636+0800][info] GC(326) Pause Young (Mixed) (G1 Evacuation Pause) 103M->101M(128M) 2.211ms
[2024-10-11T04:22:55.636+0800][info] GC(326) User=0.00s Sys=0.00s Real=0.00s
[2024-10-11T04:22:55.738+0800][info] GC(327) Pause Young (Normal) (G1 Evacuation Pause)
[2024-10-11T04:22:55.738+0800][info] GC(327) Using 3 workers of 48 for evacuation
[2024-10-11T04:22:55.739+0800][info] GC(327)   Pre Evacuate Collection Set: 0.1ms
[2024-10-11T04:22:55.739+0800][info] GC(327)   Merge Heap Roots: 0.0ms
[2024-10-11T04:22:55.739+0800][info] GC(327)   Evacuate Collection Set: 0.7ms
[2024-10-11T04:22:55.739+0800][info] GC(327)   Post Evacuate Collection Set: 0.2ms
[2024-10-11T04:22:55.739+0800][info] GC(327)   Other: 0.2ms
[2024-10-11T04:22:55.739+0800][info] GC(327) Eden regions: 2->0(2)
[2024-10-11T04:22:55.739+0800][info] GC(327) Survivor regions: 1->1(1)
[2024-10-11T04:22:55.739+0800][info] GC(327) Old regions: 47->49
[2024-10-11T04:22:55.739+0800][info] GC(327) Archive regions: 2->2
[2024-10-11T04:22:55.739+0800][info] GC(327) Humongous regions: 3->3
[2024-10-11T04:22:55.739+0800][info] GC(327) Metaspace: 1639K(1792K)->1639K(1792K) NonClass: 1514K(1600K)->1514K(1600K) Class: 124K(192K)->124K(192K)
[2024-10-11T04:22:55.739+0800][info] GC(327) Pause Young (Normal) (G1 Evacuation Pause) 104M->105M(128M) 1.311ms
[2024-10-11T04:22:55.739+0800][info] GC(327) User=0.01s Sys=0.00s Real=0.00s
[2024-10-11T04:22:55.841+0800][info] GC(328) Pause Young (Normal) (G1 Evacuation Pause)
[2024-10-11T04:22:55.841+0800][info] GC(328) Using 3 workers of 48 for evacuation
[2024-10-11T04:22:55.843+0800][info] GC(328)   Pre Evacuate Collection Set: 0.1ms
[2024-10-11T04:22:55.843+0800][info] GC(328)   Merge Heap Roots: 0.0ms
[2024-10-11T04:22:55.843+0800][info] GC(328)   Evacuate Collection Set: 0.8ms
[2024-10-11T04:22:55.843+0800][info] GC(328)   Post Evacuate Collection Set: 0.2ms
[2024-10-11T04:22:55.843+0800][info] GC(328)   Other: 0.2ms
[2024-10-11T04:22:55.843+0800][info] GC(328) Eden regions: 2->0(2)
[2024-10-11T04:22:55.843+0800][info] GC(328) Survivor regions: 1->1(1)
[2024-10-11T04:22:55.843+0800][info] GC(328) Old regions: 49->51
[2024-10-11T04:22:55.843+0800][info] GC(328) Archive regions: 2->2
[2024-10-11T04:22:55.843+0800][info] GC(328) Humongous regions: 3->3
[2024-10-11T04:22:55.843+0800][info] GC(328) Metaspace: 1639K(1792K)->1639K(1792K) NonClass: 1514K(1600K)->1514K(1600K) Class: 124K(192K)->124K(192K)
[2024-10-11T04:22:55.843+0800][info] GC(328) Pause Young (Normal) (G1 Evacuation Pause) 108M->109M(128M) 1.374ms
[2024-10-11T04:22:55.843+0800][info] GC(328) User=0.00s Sys=0.00s Real=0.00s
[2024-10-11T04:22:55.945+0800][info] GC(329) Pause Young (Concurrent Start) (G1 Evacuation Pause)
[2024-10-11T04:22:55.945+0800][info] GC(329) Using 3 workers of 48 for evacuation
[2024-10-11T04:22:55.946+0800][info] GC(329)   Pre Evacuate Collection Set: 0.1ms
[2024-10-11T04:22:55.946+0800][info] GC(329)   Merge Heap Roots: 0.0ms
[2024-10-11T04:22:55.946+0800][info] GC(329)   Evacuate Collection Set: 0.8ms
[2024-10-11T04:22:55.946+0800][info] GC(329)   Post Evacuate Collection Set: 0.2ms
[2024-10-11T04:22:55.946+0800][info] GC(329)   Other: 0.4ms
[2024-10-11T04:22:55.946+0800][info] GC(329) Eden regions: 2->0(2)
[2024-10-11T04:22:55.946+0800][info] GC(329) Survivor regions: 1->1(1)
[2024-10-11T04:22:55.946+0800][info] GC(329) Old regions: 51->53
[2024-10-11T04:22:55.946+0800][info] GC(329) Archive regions: 2->2
[2024-10-11T04:22:55.946+0800][info] GC(329) Humongous regions: 3->3
[2024-10-11T04:22:55.946+0800][info] GC(329) Metaspace: 1639K(1792K)->1639K(1792K) NonClass: 1514K(1600K)->1514K(1600K) Class: 124K(192K)->124K(192K)
[2024-10-11T04:22:55.946+0800][info] GC(329) Pause Young (Concurrent Start) (G1 Evacuation Pause) 112M->113M(128M) 1.604ms
[2024-10-11T04:22:55.946+0800][info] GC(329) User=0.00s Sys=0.00s Real=0.01s
[2024-10-11T04:22:55.946+0800][info] GC(330) Concurrent Mark Cycle
[2024-10-11T04:22:55.947+0800][info] GC(330) Concurrent Clear Claimed Marks
[2024-10-11T04:22:55.947+0800][info] GC(330) Concurrent Clear Claimed Marks 0.015ms
[2024-10-11T04:22:55.947+0800][info] GC(330) Concurrent Scan Root Regions
[2024-10-11T04:22:55.947+0800][info] GC(330) Concurrent Scan Root Regions 0.145ms
[2024-10-11T04:22:55.947+0800][info] GC(330) Concurrent Mark
[2024-10-11T04:22:55.947+0800][info] GC(330) Concurrent Mark From Roots
[2024-10-11T04:22:55.947+0800][info] GC(330) Using 12 workers of 12 for marking
[2024-10-11T04:22:55.950+0800][info] GC(330) Concurrent Mark From Roots 3.490ms
[2024-10-11T04:22:55.950+0800][info] GC(330) Concurrent Preclean
[2024-10-11T04:22:55.952+0800][info] GC(330) Concurrent Preclean 1.682ms
[2024-10-11T04:22:55.952+0800][info] GC(330) Pause Remark
[2024-10-11T04:22:55.953+0800][info] GC(330) Pause Remark 113M->113M(128M) 1.384ms
[2024-10-11T04:22:55.953+0800][info] GC(330) User=0.01s Sys=0.00s Real=0.01s
[2024-10-11T04:22:55.953+0800][info] GC(330) Concurrent Mark 6.723ms
[2024-10-11T04:22:55.953+0800][info] GC(330) Concurrent Rebuild Remembered Sets
[2024-10-11T04:22:55.955+0800][info] GC(330) Concurrent Rebuild Remembered Sets 1.594ms
[2024-10-11T04:22:55.955+0800][info] GC(330) Pause Cleanup
[2024-10-11T04:22:55.955+0800][info] GC(330) Pause Cleanup 113M->113M(128M) 0.184ms
[2024-10-11T04:22:55.955+0800][info] GC(330) User=0.00s Sys=0.00s Real=0.00s
[2024-10-11T04:22:55.955+0800][info] GC(330) Concurrent Cleanup for Next Mark
[2024-10-11T04:22:55.956+0800][info] GC(330) Concurrent Cleanup for Next Mark 0.386ms
[2024-10-11T04:22:55.956+0800][info] GC(330) Concurrent Mark Cycle 9.339ms
[2024-10-11T04:22:56.100+0800][info] GC(331) Pause Young (Prepare Mixed) (G1 Preventive Collection)
[2024-10-11T04:22:56.100+0800][info] GC(331) Using 3 workers of 48 for evacuation
[2024-10-11T04:22:56.102+0800][info] GC(331)   Pre Evacuate Collection Set: 0.1ms
[2024-10-11T04:22:56.102+0800][info] GC(331)   Merge Heap Roots: 0.1ms
[2024-10-11T04:22:56.102+0800][info] GC(331)   Evacuate Collection Set: 0.9ms
[2024-10-11T04:22:56.102+0800][info] GC(331)   Post Evacuate Collection Set: 0.2ms
[2024-10-11T04:22:56.102+0800][info] GC(331)   Other: 0.2ms
[2024-10-11T04:22:56.102+0800][info] GC(331) Eden regions: 2->0(2)
[2024-10-11T04:22:56.102+0800][info] GC(331) Survivor regions: 1->1(1)
[2024-10-11T04:22:56.102+0800][info] GC(331) Old regions: 53->55
[2024-10-11T04:22:56.102+0800][info] GC(331) Archive regions: 2->2
[2024-10-11T04:22:56.102+0800][info] GC(331) Humongous regions: 3->3
[2024-10-11T04:22:56.102+0800][info] GC(331) Metaspace: 1641K(1792K)->1641K(1792K) NonClass: 1517K(1600K)->1517K(1600K) Class: 124K(192K)->124K(192K)
[2024-10-11T04:22:56.102+0800][info] GC(331) Pause Young (Prepare Mixed) (G1 Preventive Collection) 116M->117M(128M) 1.540ms
[2024-10-11T04:22:56.102+0800][info] GC(331) User=0.00s Sys=0.00s Real=0.00s
[2024-10-11T04:22:56.163+0800][info] GC(332) Pause Young (Mixed) (G1 Preventive Collection)
[2024-10-11T04:22:56.163+0800][info] GC(332) Using 3 workers of 48 for evacuation
[2024-10-11T04:22:56.164+0800][info] GC(332) To-space exhausted
[2024-10-11T04:22:56.164+0800][info] GC(332)   Pre Evacuate Collection Set: 0.2ms
[2024-10-11T04:22:56.164+0800][info] GC(332)   Merge Heap Roots: 0.1ms
[2024-10-11T04:22:56.164+0800][info] GC(332)   Evacuate Collection Set: 0.7ms
[2024-10-11T04:22:56.164+0800][info] GC(332)   Post Evacuate Collection Set: 0.2ms
[2024-10-11T04:22:56.164+0800][info] GC(332)   Other: 0.2ms
[2024-10-11T04:22:56.164+0800][info] GC(332) Eden regions: 1->0(2)
[2024-10-11T04:22:56.164+0800][info] GC(332) Survivor regions: 1->1(1)
[2024-10-11T04:22:56.164+0800][info] GC(332) Old regions: 55->51
[2024-10-11T04:22:56.164+0800][info] GC(332) Archive regions: 2->2
[2024-10-11T04:22:56.164+0800][info] GC(332) Humongous regions: 3->3
[2024-10-11T04:22:56.164+0800][info] GC(332) Metaspace: 1641K(1792K)->1641K(1792K) NonClass: 1517K(1600K)->1517K(1600K) Class: 124K(192K)->124K(192K)
[2024-10-11T04:22:56.164+0800][info] GC(332) Pause Young (Mixed) (G1 Preventive Collection) 119M->110M(128M) 1.463ms
[2024-10-11T04:22:56.165+0800][info] GC(332) User=0.01s Sys=0.00s Real=0.00s
[2024-10-11T04:22:56.267+0800][info] GC(333) Pause Young (Mixed) (G1 Preventive Collection)
[2024-10-11T04:22:56.267+0800][info] GC(333) Using 3 workers of 48 for evacuation
[2024-10-11T04:22:56.269+0800][info] GC(333) To-space exhausted
[2024-10-11T04:22:56.269+0800][info] GC(333)   Pre Evacuate Collection Set: 0.2ms
[2024-10-11T04:22:56.269+0800][info] GC(333)   Merge Heap Roots: 0.0ms
[2024-10-11T04:22:56.269+0800][info] GC(333)   Evacuate Collection Set: 1.3ms
[2024-10-11T04:22:56.269+0800][info] GC(333)   Post Evacuate Collection Set: 0.2ms
[2024-10-11T04:22:56.269+0800][info] GC(333)   Other: 0.1ms
[2024-10-11T04:22:56.269+0800][info] GC(333) Eden regions: 2->0(2)
[2024-10-11T04:22:56.269+0800][info] GC(333) Survivor regions: 1->1(1)
[2024-10-11T04:22:56.269+0800][info] GC(333) Old regions: 51->53
[2024-10-11T04:22:56.269+0800][info] GC(333) Archive regions: 2->2
[2024-10-11T04:22:56.269+0800][info] GC(333) Humongous regions: 3->3
[2024-10-11T04:22:56.269+0800][info] GC(333) Metaspace: 1641K(1792K)->1641K(1792K) NonClass: 1517K(1600K)->1517K(1600K) Class: 124K(192K)->124K(192K)
[2024-10-11T04:22:56.269+0800][info] GC(333) Pause Young (Mixed) (G1 Preventive Collection) 114M->114M(128M) 1.952ms
[2024-10-11T04:22:56.269+0800][info] GC(333) User=0.00s Sys=0.00s Real=0.00s
[2024-10-11T04:22:56.330+0800][info] GC(334) Pause Young (Mixed) (G1 Preventive Collection)
[2024-10-11T04:22:56.330+0800][info] GC(334) Using 3 workers of 48 for evacuation
[2024-10-11T04:22:56.332+0800][info] GC(334) To-space exhausted
[2024-10-11T04:22:56.332+0800][info] GC(334)   Pre Evacuate Collection Set: 0.2ms
[2024-10-11T04:22:56.332+0800][info] GC(334)   Merge Heap Roots: 0.1ms
[2024-10-11T04:22:56.332+0800][info] GC(334)   Evacuate Collection Set: 1.2ms
[2024-10-11T04:22:56.332+0800][info] GC(334)   Post Evacuate Collection Set: 0.3ms
[2024-10-11T04:22:56.332+0800][info] GC(334)   Other: 0.2ms
[2024-10-11T04:22:56.332+0800][info] GC(334) Eden regions: 1->0(2)
[2024-10-11T04:22:56.332+0800][info] GC(334) Survivor regions: 1->1(1)
[2024-10-11T04:22:56.332+0800][info] GC(334) Old regions: 53->56
[2024-10-11T04:22:56.332+0800][info] GC(334) Archive regions: 2->2
[2024-10-11T04:22:56.332+0800][info] GC(334) Humongous regions: 3->3
[2024-10-11T04:22:56.332+0800][info] GC(334) Metaspace: 1641K(1792K)->1641K(1792K) NonClass: 1517K(1600K)->1517K(1600K) Class: 124K(192K)->124K(192K)
[2024-10-11T04:22:56.332+0800][info] GC(334) Pause Young (Mixed) (G1 Preventive Collection) 116M->120M(128M) 1.969ms
[2024-10-11T04:22:56.332+0800][info] GC(334) User=0.01s Sys=0.00s Real=0.00s
[2024-10-11T04:22:56.373+0800][info] GC(335) Pause Young (Mixed) (G1 Preventive Collection)
[2024-10-11T04:22:56.373+0800][info] GC(335) Using 3 workers of 48 for evacuation
[2024-10-11T04:22:56.375+0800][info] GC(335) To-space exhausted
[2024-10-11T04:22:56.375+0800][info] GC(335)   Pre Evacuate Collection Set: 0.2ms
[2024-10-11T04:22:56.375+0800][info] GC(335)   Merge Heap Roots: 0.1ms
[2024-10-11T04:22:56.375+0800][info] GC(335)   Evacuate Collection Set: 0.6ms
[2024-10-11T04:22:56.375+0800][info] GC(335)   Post Evacuate Collection Set: 0.3ms
[2024-10-11T04:22:56.375+0800][info] GC(335)   Other: 0.1ms
[2024-10-11T04:22:56.375+0800][info] GC(335) Eden regions: 1->0(2)
[2024-10-11T04:22:56.375+0800][info] GC(335) Survivor regions: 1->1(1)
[2024-10-11T04:22:56.375+0800][info] GC(335) Old regions: 56->57
[2024-10-11T04:22:56.375+0800][info] GC(335) Archive regions: 2->2
[2024-10-11T04:22:56.375+0800][info] GC(335) Humongous regions: 3->3
[2024-10-11T04:22:56.375+0800][info] GC(335) Metaspace: 1641K(1792K)->1641K(1792K) NonClass: 1517K(1600K)->1517K(1600K) Class: 124K(192K)->124K(192K)
[2024-10-11T04:22:56.375+0800][info] GC(335) Pause Young (Mixed) (G1 Preventive Collection) 121M->121M(128M) 1.437ms
[2024-10-11T04:22:56.375+0800][info] GC(335) User=0.00s Sys=0.00s Real=0.00s
[2024-10-11T04:22:56.436+0800][info] GC(336) Pause Young (Mixed) (G1 Evacuation Pause)
[2024-10-11T04:22:56.436+0800][info] GC(336) Using 3 workers of 48 for evacuation
[2024-10-11T04:22:56.437+0800][info] GC(336) To-space exhausted
[2024-10-11T04:22:56.437+0800][info] GC(336)   Pre Evacuate Collection Set: 0.2ms
[2024-10-11T04:22:56.437+0800][info] GC(336)   Merge Heap Roots: 0.1ms
[2024-10-11T04:22:56.437+0800][info] GC(336)   Evacuate Collection Set: 0.4ms
[2024-10-11T04:22:56.437+0800][info] GC(336)   Post Evacuate Collection Set: 0.3ms
[2024-10-11T04:22:56.437+0800][info] GC(336)   Other: 0.1ms
[2024-10-11T04:22:56.437+0800][info] GC(336) Eden regions: 1->0(3)
[2024-10-11T04:22:56.437+0800][info] GC(336) Survivor regions: 1->0(0)
[2024-10-11T04:22:56.437+0800][info] GC(336) Old regions: 57->59
[2024-10-11T04:22:56.437+0800][info] GC(336) Archive regions: 2->2
[2024-10-11T04:22:56.437+0800][info] GC(336) Humongous regions: 3->3
[2024-10-11T04:22:56.437+0800][info] GC(336) Metaspace: 1641K(1792K)->1641K(1792K) NonClass: 1517K(1600K)->1517K(1600K) Class: 124K(192K)->124K(192K)
[2024-10-11T04:22:56.437+0800][info] GC(336) Pause Young (Mixed) (G1 Evacuation Pause) 123M->123M(128M) 1.206ms
[2024-10-11T04:22:56.437+0800][info] GC(336) User=0.00s Sys=0.00s Real=0.00s
[2024-10-11T04:22:56.437+0800][info] Attempting full compaction
[2024-10-11T04:22:56.437+0800][info] GC(337) Using 3 workers of 48 for full compaction
[2024-10-11T04:22:56.437+0800][info] GC(337) Pause Full (G1 Compaction Pause)
[2024-10-11T04:22:56.437+0800][info] GC(337) Phase 1: Mark live objects
[2024-10-11T04:22:56.441+0800][info] GC(337) Phase 1: Mark live objects 3.196ms
[2024-10-11T04:22:56.441+0800][info] GC(337) Phase 2: Prepare for compaction
[2024-10-11T04:22:56.441+0800][info] GC(337) Phase 2: Prepare for compaction 0.603ms
[2024-10-11T04:22:56.441+0800][info] GC(337) Phase 3: Adjust pointers
[2024-10-11T04:22:56.443+0800][info] GC(337) Phase 3: Adjust pointers 1.584ms
[2024-10-11T04:22:56.443+0800][info] GC(337) Phase 4: Compact heap
[2024-10-11T04:22:56.456+0800][info] GC(337) Phase 4: Compact heap 12.885ms
[2024-10-11T04:22:56.457+0800][info] GC(337) Eden regions: 0->0(4)
[2024-10-11T04:22:56.457+0800][info] GC(337) Survivor regions: 0->0(0)
[2024-10-11T04:22:56.457+0800][info] GC(337) Old regions: 59->38
[2024-10-11T04:22:56.457+0800][info] GC(337) Archive regions: 2->2
[2024-10-11T04:22:56.457+0800][info] GC(337) Humongous regions: 3->3
[2024-10-11T04:22:56.457+0800][info] GC(337) Metaspace: 1641K(1792K)->1641K(1792K) NonClass: 1517K(1600K)->1517K(1600K) Class: 124K(192K)->124K(192K)
[2024-10-11T04:22:56.457+0800][info] GC(337) Pause Full (G1 Compaction Pause) 123M->71M(128M) 19.860ms
[2024-10-11T04:22:56.457+0800][info] GC(337) User=0.04s Sys=0.01s Real=0.02s
[2024-10-11T04:22:56.663+0800][info] GC(338) Pause Young (Normal) (G1 Evacuation Pause)
[2024-10-11T04:22:56.663+0800][info] GC(338) Using 3 workers of 48 for evacuation
[2024-10-11T04:22:56.664+0800][info] GC(338)   Pre Evacuate Collection Set: 0.1ms
[2024-10-11T04:22:56.664+0800][info] GC(338)   Merge Heap Roots: 0.1ms
[2024-10-11T04:22:56.664+0800][info] GC(338)   Evacuate Collection Set: 1.1ms
[2024-10-11T04:22:56.664+0800][info] GC(338)   Post Evacuate Collection Set: 0.2ms
[2024-10-11T04:22:56.664+0800][info] GC(338)   Other: 0.2ms
[2024-10-11T04:22:56.664+0800][info] GC(338) Eden regions: 4->0(2)
[2024-10-11T04:22:56.664+0800][info] GC(338) Survivor regions: 0->1(1)
[2024-10-11T04:22:56.664+0800][info] GC(338) Old regions: 38->41
[2024-10-11T04:22:56.664+0800][info] GC(338) Archive regions: 2->2
[2024-10-11T04:22:56.664+0800][info] GC(338) Humongous regions: 4->4
[2024-10-11T04:22:56.664+0800][info] GC(338) Metaspace: 1641K(1792K)->1641K(1792K) NonClass: 1517K(1600K)->1517K(1600K) Class: 124K(192K)->124K(192K)
[2024-10-11T04:22:56.664+0800][info] GC(338) Pause Young (Normal) (G1 Evacuation Pause) 81M->81M(128M) 1.860ms
[2024-10-11T04:22:56.665+0800][info] GC(338) User=0.00s Sys=0.00s Real=0.00s
[2024-10-11T04:22:56.767+0800][info] GC(339) Pause Young (Normal) (G1 Evacuation Pause)
[2024-10-11T04:22:56.767+0800][info] GC(339) Using 3 workers of 48 for evacuation
[2024-10-11T04:22:56.768+0800][info] GC(339)   Pre Evacuate Collection Set: 0.1ms
[2024-10-11T04:22:56.768+0800][info] GC(339)   Merge Heap Roots: 0.1ms
[2024-10-11T04:22:56.768+0800][info] GC(339)   Evacuate Collection Set: 0.6ms
[2024-10-11T04:22:56.768+0800][info] GC(339)   Post Evacuate Collection Set: 0.2ms
[2024-10-11T04:22:56.768+0800][info] GC(339)   Other: 0.2ms
[2024-10-11T04:22:56.768+0800][info] GC(339) Eden regions: 2->0(2)
[2024-10-11T04:22:56.768+0800][info] GC(339) Survivor regions: 1->1(1)
[2024-10-11T04:22:56.768+0800][info] GC(339) Old regions: 41->43
[2024-10-11T04:22:56.768+0800][info] GC(339) Archive regions: 2->2
[2024-10-11T04:22:56.768+0800][info] GC(339) Humongous regions: 4->4
[2024-10-11T04:22:56.768+0800][info] GC(339) Metaspace: 1641K(1792K)->1641K(1792K) NonClass: 1517K(1600K)->1517K(1600K) Class: 124K(192K)->124K(192K)
[2024-10-11T04:22:56.768+0800][info] GC(339) Pause Young (Normal) (G1 Evacuation Pause) 85M->85M(128M) 1.263ms
[2024-10-11T04:22:56.768+0800][info] GC(339) User=0.00s Sys=0.00s Real=0.00s
[2024-10-11T04:22:56.870+0800][info] GC(340) Pause Young (Normal) (G1 Evacuation Pause)
[2024-10-11T04:22:56.870+0800][info] GC(340) Using 3 workers of 48 for evacuation
[2024-10-11T04:22:56.871+0800][info] GC(340)   Pre Evacuate Collection Set: 0.1ms
[2024-10-11T04:22:56.871+0800][info] GC(340)   Merge Heap Roots: 0.0ms
[2024-10-11T04:22:56.871+0800][info] GC(340)   Evacuate Collection Set: 0.7ms
[2024-10-11T04:22:56.871+0800][info] GC(340)   Post Evacuate Collection Set: 0.2ms
[2024-10-11T04:22:56.871+0800][info] GC(340)   Other: 0.2ms
[2024-10-11T04:22:56.871+0800][info] GC(340) Eden regions: 2->0(2)
[2024-10-11T04:22:56.871+0800][info] GC(340) Survivor regions: 1->1(1)
[2024-10-11T04:22:56.871+0800][info] GC(340) Old regions: 43->45
[2024-10-11T04:22:56.871+0800][info] GC(340) Archive regions: 2->2
[2024-10-11T04:22:56.871+0800][info] GC(340) Humongous regions: 4->4
[2024-10-11T04:22:56.872+0800][info] GC(340) Metaspace: 1641K(1792K)->1641K(1792K) NonClass: 1517K(1600K)->1517K(1600K) Class: 124K(192K)->124K(192K)
[2024-10-11T04:22:56.872+0800][info] GC(340) Pause Young (Normal) (G1 Evacuation Pause) 88M->88M(128M) 1.292ms
[2024-10-11T04:22:56.872+0800][info] GC(340) User=0.00s Sys=0.00s Real=0.00s
[2024-10-11T04:22:56.974+0800][info] GC(341) Pause Young (Normal) (G1 Evacuation Pause)
[2024-10-11T04:22:56.974+0800][info] GC(341) Using 3 workers of 48 for evacuation
[2024-10-11T04:22:56.975+0800][info] GC(341)   Pre Evacuate Collection Set: 0.1ms
[2024-10-11T04:22:56.975+0800][info] GC(341)   Merge Heap Roots: 0.1ms
[2024-10-11T04:22:56.975+0800][info] GC(341)   Evacuate Collection Set: 0.6ms
[2024-10-11T04:22:56.975+0800][info] GC(341)   Post Evacuate Collection Set: 0.2ms
[2024-10-11T04:22:56.975+0800][info] GC(341)   Other: 0.2ms
[2024-10-11T04:22:56.975+0800][info] GC(341) Eden regions: 2->0(2)
[2024-10-11T04:22:56.975+0800][info] GC(341) Survivor regions: 1->1(1)
[2024-10-11T04:22:56.975+0800][info] GC(341) Old regions: 45->47
[2024-10-11T04:22:56.975+0800][info] GC(341) Archive regions: 2->2
[2024-10-11T04:22:56.975+0800][info] GC(341) Humongous regions: 4->4
[2024-10-11T04:22:56.975+0800][info] GC(341) Metaspace: 1642K(1792K)->1642K(1792K) NonClass: 1518K(1600K)->1518K(1600K) Class: 124K(192K)->124K(192K)
[2024-10-11T04:22:56.975+0800][info] GC(341) Pause Young (Normal) (G1 Evacuation Pause) 92M->92M(128M) 1.258ms
[2024-10-11T04:22:56.975+0800][info] GC(341) User=0.00s Sys=0.00s Real=0.00s
[2024-10-11T04:22:57.077+0800][info] GC(342) Pause Young (Concurrent Start) (G1 Evacuation Pause)
[2024-10-11T04:22:57.077+0800][info] GC(342) Using 3 workers of 48 for evacuation
[2024-10-11T04:22:57.079+0800][info] GC(342)   Pre Evacuate Collection Set: 0.1ms
[2024-10-11T04:22:57.079+0800][info] GC(342)   Merge Heap Roots: 0.0ms
[2024-10-11T04:22:57.079+0800][info] GC(342)   Evacuate Collection Set: 0.8ms
[2024-10-11T04:22:57.079+0800][info] GC(342)   Post Evacuate Collection Set: 0.2ms
[2024-10-11T04:22:57.079+0800][info] GC(342)   Other: 0.3ms
[2024-10-11T04:22:57.079+0800][info] GC(342) Eden regions: 2->0(2)
[2024-10-11T04:22:57.079+0800][info] GC(342) Survivor regions: 1->1(1)
[2024-10-11T04:22:57.079+0800][info] GC(342) Old regions: 47->49
[2024-10-11T04:22:57.079+0800][info] GC(342) Archive regions: 2->2
[2024-10-11T04:22:57.079+0800][info] GC(342) Humongous regions: 4->4
[2024-10-11T04:22:57.079+0800][info] GC(342) Metaspace: 1642K(1792K)->1642K(1792K) NonClass: 1518K(1600K)->1518K(1600K) Class: 124K(192K)->124K(192K)
[2024-10-11T04:22:57.079+0800][info] GC(342) Pause Young (Concurrent Start) (G1 Evacuation Pause) 95M->96M(128M) 1.562ms
[2024-10-11T04:22:57.079+0800][info] GC(342) User=0.00s Sys=0.01s Real=0.00s
[2024-10-11T04:22:57.079+0800][info] GC(343) Concurrent Mark Cycle
[2024-10-11T04:22:57.079+0800][info] GC(343) Concurrent Clear Claimed Marks
[2024-10-11T04:22:57.079+0800][info] GC(343) Concurrent Clear Claimed Marks 0.015ms
[2024-10-11T04:22:57.079+0800][info] GC(343) Concurrent Scan Root Regions
[2024-10-11T04:22:57.079+0800][info] GC(343) Concurrent Scan Root Regions 0.134ms
[2024-10-11T04:22:57.079+0800][info] GC(343) Concurrent Mark
[2024-10-11T04:22:57.079+0800][info] GC(343) Concurrent Mark From Roots
[2024-10-11T04:22:57.079+0800][info] GC(343) Using 12 workers of 12 for marking
[2024-10-11T04:22:57.083+0800][info] GC(343) Concurrent Mark From Roots 3.480ms
[2024-10-11T04:22:57.083+0800][info] GC(343) Concurrent Preclean
[2024-10-11T04:22:57.084+0800][info] GC(343) Concurrent Preclean 1.680ms
[2024-10-11T04:22:57.084+0800][info] GC(343) Pause Remark
[2024-10-11T04:22:57.086+0800][info] GC(343) Pause Remark 97M->95M(128M) 1.337ms
[2024-10-11T04:22:57.086+0800][info] GC(343) User=0.00s Sys=0.00s Real=0.01s
[2024-10-11T04:22:57.086+0800][info] GC(343) Concurrent Mark 6.663ms
[2024-10-11T04:22:57.086+0800][info] GC(343) Concurrent Rebuild Remembered Sets
[2024-10-11T04:22:57.087+0800][info] GC(343) Concurrent Rebuild Remembered Sets 1.539ms
[2024-10-11T04:22:57.088+0800][info] GC(343) Pause Cleanup
[2024-10-11T04:22:57.088+0800][info] GC(343) Pause Cleanup 95M->95M(128M) 0.184ms
[2024-10-11T04:22:57.088+0800][info] GC(343) User=0.00s Sys=0.00s Real=0.00s
[2024-10-11T04:22:57.088+0800][info] GC(343) Concurrent Cleanup for Next Mark
[2024-10-11T04:22:57.088+0800][info] GC(343) Concurrent Cleanup for Next Mark 0.374ms
[2024-10-11T04:22:57.088+0800][info] GC(343) Concurrent Mark Cycle 9.240ms
[2024-10-11T04:22:57.233+0800][info] GC(344) Pause Young (Prepare Mixed) (G1 Evacuation Pause)
[2024-10-11T04:22:57.233+0800][info] GC(344) Using 3 workers of 48 for evacuation
[2024-10-11T04:22:57.234+0800][info] GC(344)   Pre Evacuate Collection Set: 0.1ms
[2024-10-11T04:22:57.234+0800][info] GC(344)   Merge Heap Roots: 0.1ms
[2024-10-11T04:22:57.234+0800][info] GC(344)   Evacuate Collection Set: 0.9ms
[2024-10-11T04:22:57.234+0800][info] GC(344)   Post Evacuate Collection Set: 0.2ms
[2024-10-11T04:22:57.234+0800][info] GC(344)   Other: 0.2ms
[2024-10-11T04:22:57.234+0800][info] GC(344) Eden regions: 2->0(2)
[2024-10-11T04:22:57.234+0800][info] GC(344) Survivor regions: 1->1(1)
[2024-10-11T04:22:57.234+0800][info] GC(344) Old regions: 49->51
[2024-10-11T04:22:57.234+0800][info] GC(344) Archive regions: 2->2
[2024-10-11T04:22:57.234+0800][info] GC(344) Humongous regions: 3->3
[2024-10-11T04:22:57.234+0800][info] GC(344) Metaspace: 1644K(1792K)->1644K(1792K) NonClass: 1519K(1600K)->1519K(1600K) Class: 124K(192K)->124K(192K)
[2024-10-11T04:22:57.235+0800][info] GC(344) Pause Young (Prepare Mixed) (G1 Evacuation Pause) 98M->98M(128M) 1.631ms
[2024-10-11T04:22:57.235+0800][info] GC(344) User=0.00s Sys=0.00s Real=0.01s
[2024-10-11T04:22:57.337+0800][info] GC(345) Pause Young (Mixed) (G1 Preventive Collection)
[2024-10-11T04:22:57.337+0800][info] GC(345) Using 3 workers of 48 for evacuation
[2024-10-11T04:22:57.339+0800][info] GC(345)   Pre Evacuate Collection Set: 0.2ms
[2024-10-11T04:22:57.339+0800][info] GC(345)   Merge Heap Roots: 0.1ms
[2024-10-11T04:22:57.339+0800][info] GC(345)   Evacuate Collection Set: 1.5ms
[2024-10-11T04:22:57.339+0800][info] GC(345)   Post Evacuate Collection Set: 0.2ms
[2024-10-11T04:22:57.339+0800][info] GC(345)   Other: 0.2ms
[2024-10-11T04:22:57.339+0800][info] GC(345) Eden regions: 2->0(2)
[2024-10-11T04:22:57.339+0800][info] GC(345) Survivor regions: 1->1(1)
[2024-10-11T04:22:57.339+0800][info] GC(345) Old regions: 51->48
[2024-10-11T04:22:57.339+0800][info] GC(345) Archive regions: 2->2
[2024-10-11T04:22:57.339+0800][info] GC(345) Humongous regions: 3->3
[2024-10-11T04:22:57.339+0800][info] GC(345) Metaspace: 1644K(1792K)->1644K(1792K) NonClass: 1519K(1600K)->1519K(1600K) Class: 124K(192K)->124K(192K)
[2024-10-11T04:22:57.339+0800][info] GC(345) Pause Young (Mixed) (G1 Preventive Collection) 102M->95M(128M) 2.170ms
[2024-10-11T04:22:57.339+0800][info] GC(345) User=0.01s Sys=0.00s Real=0.00s
[2024-10-11T04:22:57.441+0800][info] GC(346) Pause Young (Mixed) (G1 Evacuation Pause)
[2024-10-11T04:22:57.441+0800][info] GC(346) Using 3 workers of 48 for evacuation
[2024-10-11T04:22:57.443+0800][info] GC(346)   Pre Evacuate Collection Set: 0.2ms
[2024-10-11T04:22:57.443+0800][info] GC(346)   Merge Heap Roots: 0.1ms
[2024-10-11T04:22:57.443+0800][info] GC(346)   Evacuate Collection Set: 1.5ms
[2024-10-11T04:22:57.443+0800][info] GC(346)   Post Evacuate Collection Set: 0.2ms
[2024-10-11T04:22:57.443+0800][info] GC(346)   Other: 0.1ms
[2024-10-11T04:22:57.443+0800][info] GC(346) Eden regions: 2->0(2)
[2024-10-11T04:22:57.443+0800][info] GC(346) Survivor regions: 1->1(1)
[2024-10-11T04:22:57.443+0800][info] GC(346) Old regions: 48->46
[2024-10-11T04:22:57.443+0800][info] GC(346) Archive regions: 2->2
[2024-10-11T04:22:57.443+0800][info] GC(346) Humongous regions: 3->3
[2024-10-11T04:22:57.443+0800][info] GC(346) Metaspace: 1644K(1792K)->1644K(1792K) NonClass: 1519K(1600K)->1519K(1600K) Class: 124K(192K)->124K(192K)
[2024-10-11T04:22:57.443+0800][info] GC(346) Pause Young (Mixed) (G1 Evacuation Pause) 99M->93M(128M) 2.202ms
[2024-10-11T04:22:57.443+0800][info] GC(346) User=0.01s Sys=0.00s Real=0.00s
[2024-10-11T04:22:57.545+0800][info] GC(347) Pause Young (Mixed) (G1 Evacuation Pause)
[2024-10-11T04:22:57.545+0800][info] GC(347) Using 3 workers of 48 for evacuation
[2024-10-11T04:22:57.548+0800][info] GC(347)   Pre Evacuate Collection Set: 0.2ms
[2024-10-11T04:22:57.548+0800][info] GC(347)   Merge Heap Roots: 0.1ms
[2024-10-11T04:22:57.548+0800][info] GC(347)   Evacuate Collection Set: 1.9ms
[2024-10-11T04:22:57.548+0800][info] GC(347)   Post Evacuate Collection Set: 0.2ms
[2024-10-11T04:22:57.548+0800][info] GC(347)   Other: 0.1ms
[2024-10-11T04:22:57.548+0800][info] GC(347) Eden regions: 2->0(2)
[2024-10-11T04:22:57.548+0800][info] GC(347) Survivor regions: 1->1(1)
[2024-10-11T04:22:57.548+0800][info] GC(347) Old regions: 46->45
[2024-10-11T04:22:57.548+0800][info] GC(347) Archive regions: 2->2
[2024-10-11T04:22:57.548+0800][info] GC(347) Humongous regions: 3->3
[2024-10-11T04:22:57.548+0800][info] GC(347) Metaspace: 1644K(1792K)->1644K(1792K) NonClass: 1519K(1600K)->1519K(1600K) Class: 124K(192K)->124K(192K)
[2024-10-11T04:22:57.548+0800][info] GC(347) Pause Young (Mixed) (G1 Evacuation Pause) 96M->94M(128M) 2.612ms
[2024-10-11T04:22:57.548+0800][info] GC(347) User=0.00s Sys=0.00s Real=0.00s
[2024-10-11T04:22:57.650+0800][info] GC(348) Pause Young (Mixed) (G1 Evacuation Pause)
[2024-10-11T04:22:57.650+0800][info] GC(348) Using 3 workers of 48 for evacuation
[2024-10-11T04:22:57.652+0800][info] GC(348)   Pre Evacuate Collection Set: 0.2ms
[2024-10-11T04:22:57.652+0800][info] GC(348)   Merge Heap Roots: 0.1ms
[2024-10-11T04:22:57.652+0800][info] GC(348)   Evacuate Collection Set: 1.2ms
[2024-10-11T04:22:57.652+0800][info] GC(348)   Post Evacuate Collection Set: 0.2ms
[2024-10-11T04:22:57.652+0800][info] GC(348)   Other: 0.1ms
[2024-10-11T04:22:57.652+0800][info] GC(348) Eden regions: 2->0(2)
[2024-10-11T04:22:57.652+0800][info] GC(348) Survivor regions: 1->1(1)
[2024-10-11T04:22:57.652+0800][info] GC(348) Old regions: 45->46
[2024-10-11T04:22:57.652+0800][info] GC(348) Archive regions: 2->2
[2024-10-11T04:22:57.652+0800][info] GC(348) Humongous regions: 3->3
[2024-10-11T04:22:57.652+0800][info] GC(348) Metaspace: 1644K(1792K)->1644K(1792K) NonClass: 1519K(1600K)->1519K(1600K) Class: 124K(192K)->124K(192K)
[2024-10-11T04:22:57.652+0800][info] GC(348) Pause Young (Mixed) (G1 Evacuation Pause) 97M->96M(128M) 1.816ms
[2024-10-11T04:22:57.652+0800][info] GC(348) User=0.00s Sys=0.00s Real=0.00s
[2024-10-11T04:22:57.754+0800][info] GC(349) Pause Young (Normal) (G1 Evacuation Pause)
[2024-10-11T04:22:57.754+0800][info] GC(349) Using 3 workers of 48 for evacuation
[2024-10-11T04:22:57.755+0800][info] GC(349)   Pre Evacuate Collection Set: 0.1ms
[2024-10-11T04:22:57.755+0800][info] GC(349)   Merge Heap Roots: 0.0ms
[2024-10-11T04:22:57.755+0800][info] GC(349)   Evacuate Collection Set: 0.6ms
[2024-10-11T04:22:57.755+0800][info] GC(349)   Post Evacuate Collection Set: 0.2ms
[2024-10-11T04:22:57.755+0800][info] GC(349)   Other: 0.2ms
[2024-10-11T04:22:57.755+0800][info] GC(349) Eden regions: 2->0(2)
[2024-10-11T04:22:57.755+0800][info] GC(349) Survivor regions: 1->1(1)
[2024-10-11T04:22:57.755+0800][info] GC(349) Old regions: 46->48
[2024-10-11T04:22:57.755+0800][info] GC(349) Archive regions: 2->2
[2024-10-11T04:22:57.755+0800][info] GC(349) Humongous regions: 3->3
[2024-10-11T04:22:57.755+0800][info] GC(349) Metaspace: 1644K(1792K)->1644K(1792K) NonClass: 1519K(1600K)->1519K(1600K) Class: 124K(192K)->124K(192K)
[2024-10-11T04:22:57.755+0800][info] GC(349) Pause Young (Normal) (G1 Evacuation Pause) 100M->100M(128M) 1.257ms
[2024-10-11T04:22:57.756+0800][info] GC(349) User=0.00s Sys=0.00s Real=0.00s
[2024-10-11T04:22:57.858+0800][info] GC(350) Pause Young (Normal) (G1 Evacuation Pause)
[2024-10-11T04:22:57.858+0800][info] GC(350) Using 3 workers of 48 for evacuation
[2024-10-11T04:22:57.859+0800][info] GC(350)   Pre Evacuate Collection Set: 0.1ms
[2024-10-11T04:22:57.859+0800][info] GC(350)   Merge Heap Roots: 0.0ms
[2024-10-11T04:22:57.859+0800][info] GC(350)   Evacuate Collection Set: 0.7ms
[2024-10-11T04:22:57.859+0800][info] GC(350)   Post Evacuate Collection Set: 0.2ms
[2024-10-11T04:22:57.859+0800][info] GC(350)   Other: 0.2ms
[2024-10-11T04:22:57.859+0800][info] GC(350) Eden regions: 2->0(2)
[2024-10-11T04:22:57.859+0800][info] GC(350) Survivor regions: 1->1(1)
[2024-10-11T04:22:57.859+0800][info] GC(350) Old regions: 48->50
[2024-10-11T04:22:57.859+0800][info] GC(350) Archive regions: 2->2
[2024-10-11T04:22:57.859+0800][info] GC(350) Humongous regions: 3->3
[2024-10-11T04:22:57.859+0800][info] GC(350) Metaspace: 1644K(1792K)->1644K(1792K) NonClass: 1519K(1600K)->1519K(1600K) Class: 124K(192K)->124K(192K)
[2024-10-11T04:22:57.859+0800][info] GC(350) Pause Young (Normal) (G1 Evacuation Pause) 103M->104M(128M) 1.307ms
[2024-10-11T04:22:57.859+0800][info] GC(350) User=0.00s Sys=0.00s Real=0.00s
[2024-10-11T04:22:57.961+0800][info] GC(351) Pause Young (Concurrent Start) (G1 Evacuation Pause)
[2024-10-11T04:22:57.961+0800][info] GC(351) Using 3 workers of 48 for evacuation
[2024-10-11T04:22:57.963+0800][info] GC(351)   Pre Evacuate Collection Set: 0.1ms
[2024-10-11T04:22:57.963+0800][info] GC(351)   Merge Heap Roots: 0.0ms
[2024-10-11T04:22:57.963+0800][info] GC(351)   Evacuate Collection Set: 0.8ms
[2024-10-11T04:22:57.963+0800][info] GC(351)   Post Evacuate Collection Set: 0.2ms
[2024-10-11T04:22:57.963+0800][info] GC(351)   Other: 0.3ms
[2024-10-11T04:22:57.963+0800][info] GC(351) Eden regions: 2->0(2)
[2024-10-11T04:22:57.963+0800][info] GC(351) Survivor regions: 1->1(1)
[2024-10-11T04:22:57.963+0800][info] GC(351) Old regions: 50->52
[2024-10-11T04:22:57.963+0800][info] GC(351) Archive regions: 2->2
[2024-10-11T04:22:57.963+0800][info] GC(351) Humongous regions: 3->3
[2024-10-11T04:22:57.963+0800][info] GC(351) Metaspace: 1644K(1792K)->1644K(1792K) NonClass: 1519K(1600K)->1519K(1600K) Class: 124K(192K)->124K(192K)
[2024-10-11T04:22:57.963+0800][info] GC(351) Pause Young (Concurrent Start) (G1 Evacuation Pause) 107M->108M(128M) 1.555ms
[2024-10-11T04:22:57.963+0800][info] GC(351) User=0.01s Sys=0.00s Real=0.00s
[2024-10-11T04:22:57.963+0800][info] GC(352) Concurrent Mark Cycle
[2024-10-11T04:22:57.963+0800][info] GC(352) Concurrent Clear Claimed Marks
[2024-10-11T04:22:57.963+0800][info] GC(352) Concurrent Clear Claimed Marks 0.015ms
[2024-10-11T04:22:57.963+0800][info] GC(352) Concurrent Scan Root Regions
[2024-10-11T04:22:57.963+0800][info] GC(352) Concurrent Scan Root Regions 0.101ms
[2024-10-11T04:22:57.963+0800][info] GC(352) Concurrent Mark
[2024-10-11T04:22:57.963+0800][info] GC(352) Concurrent Mark From Roots
[2024-10-11T04:22:57.963+0800][info] GC(352) Using 12 workers of 12 for marking
[2024-10-11T04:22:57.967+0800][info] GC(352) Concurrent Mark From Roots 3.436ms
[2024-10-11T04:22:57.967+0800][info] GC(352) Concurrent Preclean
[2024-10-11T04:22:57.968+0800][info] GC(352) Concurrent Preclean 1.682ms
[2024-10-11T04:22:57.968+0800][info] GC(352) Pause Remark
[2024-10-11T04:22:57.970+0800][info] GC(352) Pause Remark 108M->106M(128M) 1.342ms
[2024-10-11T04:22:57.970+0800][info] GC(352) User=0.00s Sys=0.00s Real=0.00s
[2024-10-11T04:22:57.970+0800][info] GC(352) Concurrent Mark 6.625ms
[2024-10-11T04:22:57.970+0800][info] GC(352) Concurrent Rebuild Remembered Sets
[2024-10-11T04:22:57.971+0800][info] GC(352) Concurrent Rebuild Remembered Sets 1.660ms
[2024-10-11T04:22:57.972+0800][info] GC(352) Pause Cleanup
[2024-10-11T04:22:57.972+0800][info] GC(352) Pause Cleanup 106M->106M(128M) 0.180ms
[2024-10-11T04:22:57.972+0800][info] GC(352) User=0.00s Sys=0.00s Real=0.00s
[2024-10-11T04:22:57.972+0800][info] GC(352) Concurrent Cleanup for Next Mark
[2024-10-11T04:22:57.972+0800][info] GC(352) Concurrent Cleanup for Next Mark 0.359ms
[2024-10-11T04:22:57.972+0800][info] GC(352) Concurrent Mark Cycle 9.259ms
[2024-10-11T04:22:58.116+0800][info] GC(353) Pause Young (Prepare Mixed) (G1 Evacuation Pause)
[2024-10-11T04:22:58.116+0800][info] GC(353) Using 3 workers of 48 for evacuation
[2024-10-11T04:22:58.118+0800][info] GC(353)   Pre Evacuate Collection Set: 0.1ms
[2024-10-11T04:22:58.118+0800][info] GC(353)   Merge Heap Roots: 0.1ms
[2024-10-11T04:22:58.118+0800][info] GC(353)   Evacuate Collection Set: 0.9ms
[2024-10-11T04:22:58.118+0800][info] GC(353)   Post Evacuate Collection Set: 0.2ms
[2024-10-11T04:22:58.118+0800][info] GC(353)   Other: 0.2ms
[2024-10-11T04:22:58.118+0800][info] GC(353) Eden regions: 2->0(2)
[2024-10-11T04:22:58.118+0800][info] GC(353) Survivor regions: 1->1(1)
[2024-10-11T04:22:58.118+0800][info] GC(353) Old regions: 51->53
[2024-10-11T04:22:58.118+0800][info] GC(353) Archive regions: 2->2
[2024-10-11T04:22:58.118+0800][info] GC(353) Humongous regions: 3->3
[2024-10-11T04:22:58.118+0800][info] GC(353) Metaspace: 1644K(1792K)->1644K(1792K) NonClass: 1519K(1600K)->1519K(1600K) Class: 124K(192K)->124K(192K)
[2024-10-11T04:22:58.118+0800][info] GC(353) Pause Young (Prepare Mixed) (G1 Evacuation Pause) 109M->110M(128M) 1.606ms
[2024-10-11T04:22:58.118+0800][info] GC(353) User=0.00s Sys=0.00s Real=0.00s
[2024-10-11T04:22:58.179+0800][info] GC(354) Pause Young (Mixed) (G1 Preventive Collection)
[2024-10-11T04:22:58.179+0800][info] GC(354) Using 3 workers of 48 for evacuation
[2024-10-11T04:22:58.181+0800][info] GC(354)   Pre Evacuate Collection Set: 0.2ms
[2024-10-11T04:22:58.181+0800][info] GC(354)   Merge Heap Roots: 0.0ms
[2024-10-11T04:22:58.181+0800][info] GC(354)   Evacuate Collection Set: 1.1ms
[2024-10-11T04:22:58.181+0800][info] GC(354)   Post Evacuate Collection Set: 0.2ms
[2024-10-11T04:22:58.181+0800][info] GC(354)   Other: 0.2ms
[2024-10-11T04:22:58.181+0800][info] GC(354) Eden regions: 1->0(2)
[2024-10-11T04:22:58.181+0800][info] GC(354) Survivor regions: 1->1(1)
[2024-10-11T04:22:58.181+0800][info] GC(354) Old regions: 53->49
[2024-10-11T04:22:58.181+0800][info] GC(354) Archive regions: 2->2
[2024-10-11T04:22:58.181+0800][info] GC(354) Humongous regions: 3->3
[2024-10-11T04:22:58.181+0800][info] GC(354) Metaspace: 1644K(1792K)->1644K(1792K) NonClass: 1519K(1600K)->1519K(1600K) Class: 124K(192K)->124K(192K)
[2024-10-11T04:22:58.181+0800][info] GC(354) Pause Young (Mixed) (G1 Preventive Collection) 112M->103M(128M) 1.790ms
[2024-10-11T04:22:58.181+0800][info] GC(354) User=0.01s Sys=0.00s Real=0.00s
[2024-10-11T04:22:58.283+0800][info] GC(355) Pause Young (Mixed) (G1 Evacuation Pause)
[2024-10-11T04:22:58.283+0800][info] GC(355) Using 3 workers of 48 for evacuation
[2024-10-11T04:22:58.286+0800][info] GC(355)   Pre Evacuate Collection Set: 0.2ms
[2024-10-11T04:22:58.286+0800][info] GC(355)   Merge Heap Roots: 0.1ms
[2024-10-11T04:22:58.286+0800][info] GC(355)   Evacuate Collection Set: 1.6ms
[2024-10-11T04:22:58.286+0800][info] GC(355)   Post Evacuate Collection Set: 0.2ms
[2024-10-11T04:22:58.286+0800][info] GC(355)   Other: 0.1ms
[2024-10-11T04:22:58.286+0800][info] GC(355) Eden regions: 2->0(2)
[2024-10-11T04:22:58.286+0800][info] GC(355) Survivor regions: 1->1(1)
[2024-10-11T04:22:58.286+0800][info] GC(355) Old regions: 49->47
[2024-10-11T04:22:58.286+0800][info] GC(355) Archive regions: 2->2
[2024-10-11T04:22:58.286+0800][info] GC(355) Humongous regions: 3->3
[2024-10-11T04:22:58.286+0800][info] GC(355) Metaspace: 1644K(1792K)->1644K(1792K) NonClass: 1519K(1600K)->1519K(1600K) Class: 124K(192K)->124K(192K)
[2024-10-11T04:22:58.286+0800][info] GC(355) Pause Young (Mixed) (G1 Evacuation Pause) 107M->100M(128M) 2.281ms
[2024-10-11T04:22:58.286+0800][info] GC(355) User=0.00s Sys=0.00s Real=0.01s
[2024-10-11T04:22:58.388+0800][info] GC(356) Pause Young (Mixed) (G1 Evacuation Pause)
[2024-10-11T04:22:58.388+0800][info] GC(356) Using 3 workers of 48 for evacuation
[2024-10-11T04:22:58.390+0800][info] GC(356)   Pre Evacuate Collection Set: 0.2ms
[2024-10-11T04:22:58.390+0800][info] GC(356)   Merge Heap Roots: 0.1ms
[2024-10-11T04:22:58.390+0800][info] GC(356)   Evacuate Collection Set: 2.1ms
[2024-10-11T04:22:58.390+0800][info] GC(356)   Post Evacuate Collection Set: 0.2ms
[2024-10-11T04:22:58.390+0800][info] GC(356)   Other: 0.1ms
[2024-10-11T04:22:58.390+0800][info] GC(356) Eden regions: 2->0(2)
[2024-10-11T04:22:58.390+0800][info] GC(356) Survivor regions: 1->1(1)
[2024-10-11T04:22:58.390+0800][info] GC(356) Old regions: 47->47
[2024-10-11T04:22:58.390+0800][info] GC(356) Archive regions: 2->2
[2024-10-11T04:22:58.390+0800][info] GC(356) Humongous regions: 3->3
[2024-10-11T04:22:58.390+0800][info] GC(356) Metaspace: 1644K(1792K)->1644K(1792K) NonClass: 1519K(1600K)->1519K(1600K) Class: 124K(192K)->124K(192K)
[2024-10-11T04:22:58.390+0800][info] GC(356) Pause Young (Mixed) (G1 Evacuation Pause) 104M->100M(128M) 2.745ms
[2024-10-11T04:22:58.390+0800][info] GC(356) User=0.01s Sys=0.00s Real=0.00s
[2024-10-11T04:22:58.493+0800][info] GC(357) Pause Young (Mixed) (G1 Evacuation Pause)
[2024-10-11T04:22:58.493+0800][info] GC(357) Using 3 workers of 48 for evacuation
[2024-10-11T04:22:58.495+0800][info] GC(357)   Pre Evacuate Collection Set: 0.2ms
[2024-10-11T04:22:58.495+0800][info] GC(357)   Merge Heap Roots: 0.1ms
[2024-10-11T04:22:58.495+0800][info] GC(357)   Evacuate Collection Set: 1.8ms
[2024-10-11T04:22:58.495+0800][info] GC(357)   Post Evacuate Collection Set: 0.2ms
[2024-10-11T04:22:58.495+0800][info] GC(357)   Other: 0.1ms
[2024-10-11T04:22:58.495+0800][info] GC(357) Eden regions: 2->0(2)
[2024-10-11T04:22:58.495+0800][info] GC(357) Survivor regions: 1->1(1)
[2024-10-11T04:22:58.495+0800][info] GC(357) Old regions: 47->46
[2024-10-11T04:22:58.495+0800][info] GC(357) Archive regions: 2->2
[2024-10-11T04:22:58.495+0800][info] GC(357) Humongous regions: 3->3
[2024-10-11T04:22:58.495+0800][info] GC(357) Metaspace: 1644K(1792K)->1644K(1792K) NonClass: 1519K(1600K)->1519K(1600K) Class: 124K(192K)->124K(192K)
[2024-10-11T04:22:58.495+0800][info] GC(357) Pause Young (Mixed) (G1 Evacuation Pause) 104M->99M(128M) 2.497ms
[2024-10-11T04:22:58.495+0800][info] GC(357) User=0.01s Sys=0.00s Real=0.01s
[2024-10-11T04:22:58.597+0800][info] GC(358) Pause Young (Mixed) (G1 Evacuation Pause)
[2024-10-11T04:22:58.597+0800][info] GC(358) Using 3 workers of 48 for evacuation
[2024-10-11T04:22:58.599+0800][info] GC(358)   Pre Evacuate Collection Set: 0.2ms
[2024-10-11T04:22:58.599+0800][info] GC(358)   Merge Heap Roots: 0.1ms
[2024-10-11T04:22:58.599+0800][info] GC(358)   Evacuate Collection Set: 1.1ms
[2024-10-11T04:22:58.599+0800][info] GC(358)   Post Evacuate Collection Set: 0.2ms
[2024-10-11T04:22:58.599+0800][info] GC(358)   Other: 0.2ms
[2024-10-11T04:22:58.599+0800][info] GC(358) Eden regions: 2->0(2)
[2024-10-11T04:22:58.599+0800][info] GC(358) Survivor regions: 1->1(1)
[2024-10-11T04:22:58.599+0800][info] GC(358) Old regions: 46->48
[2024-10-11T04:22:58.599+0800][info] GC(358) Archive regions: 2->2
[2024-10-11T04:22:58.599+0800][info] GC(358) Humongous regions: 3->3
[2024-10-11T04:22:58.599+0800][info] GC(358) Metaspace: 1644K(1792K)->1644K(1792K) NonClass: 1519K(1600K)->1519K(1600K) Class: 124K(192K)->124K(192K)
[2024-10-11T04:22:58.599+0800][info] GC(358) Pause Young (Mixed) (G1 Evacuation Pause) 103M->102M(128M) 1.791ms
[2024-10-11T04:22:58.599+0800][info] GC(358) User=0.00s Sys=0.00s Real=0.00s
[2024-10-11T04:22:58.702+0800][info] GC(359) Pause Young (Normal) (G1 Evacuation Pause)
[2024-10-11T04:22:58.702+0800][info] GC(359) Using 3 workers of 48 for evacuation
[2024-10-11T04:22:58.703+0800][info] GC(359)   Pre Evacuate Collection Set: 0.1ms
[2024-10-11T04:22:58.703+0800][info] GC(359)   Merge Heap Roots: 0.0ms
[2024-10-11T04:22:58.703+0800][info] GC(359)   Evacuate Collection Set: 0.8ms
[2024-10-11T04:22:58.703+0800][info] GC(359)   Post Evacuate Collection Set: 0.2ms
[2024-10-11T04:22:58.703+0800][info] GC(359)   Other: 0.2ms
[2024-10-11T04:22:58.703+0800][info] GC(359) Eden regions: 2->0(2)
[2024-10-11T04:22:58.703+0800][info] GC(359) Survivor regions: 1->1(1)
[2024-10-11T04:22:58.703+0800][info] GC(359) Old regions: 48->50
[2024-10-11T04:22:58.703+0800][info] GC(359) Archive regions: 2->2
[2024-10-11T04:22:58.703+0800][info] GC(359) Humongous regions: 4->3
[2024-10-11T04:22:58.703+0800][info] GC(359) Metaspace: 1644K(1792K)->1644K(1792K) NonClass: 1519K(1600K)->1519K(1600K) Class: 124K(192K)->124K(192K)
[2024-10-11T04:22:58.703+0800][info] GC(359) Pause Young (Normal) (G1 Evacuation Pause) 107M->106M(128M) 1.448ms
[2024-10-11T04:22:58.703+0800][info] GC(359) User=0.00s Sys=0.00s Real=0.00s
[2024-10-11T04:22:58.806+0800][info] GC(360) Pause Young (Concurrent Start) (G1 Evacuation Pause)
[2024-10-11T04:22:58.806+0800][info] GC(360) Using 3 workers of 48 for evacuation
[2024-10-11T04:22:58.807+0800][info] GC(360)   Pre Evacuate Collection Set: 0.1ms
[2024-10-11T04:22:58.807+0800][info] GC(360)   Merge Heap Roots: 0.0ms
[2024-10-11T04:22:58.807+0800][info] GC(360)   Evacuate Collection Set: 0.8ms
[2024-10-11T04:22:58.807+0800][info] GC(360)   Post Evacuate Collection Set: 0.2ms
[2024-10-11T04:22:58.807+0800][info] GC(360)   Other: 0.4ms
[2024-10-11T04:22:58.807+0800][info] GC(360) Eden regions: 2->0(2)
[2024-10-11T04:22:58.807+0800][info] GC(360) Survivor regions: 1->1(1)
[2024-10-11T04:22:58.807+0800][info] GC(360) Old regions: 50->52
[2024-10-11T04:22:58.807+0800][info] GC(360) Archive regions: 2->2
[2024-10-11T04:22:58.807+0800][info] GC(360) Humongous regions: 3->3
[2024-10-11T04:22:58.807+0800][info] GC(360) Metaspace: 1644K(1792K)->1644K(1792K) NonClass: 1519K(1600K)->1519K(1600K) Class: 124K(192K)->124K(192K)
[2024-10-11T04:22:58.807+0800][info] GC(360) Pause Young (Concurrent Start) (G1 Evacuation Pause) 109M->110M(128M) 1.561ms
[2024-10-11T04:22:58.807+0800][info] GC(360) User=0.00s Sys=0.00s Real=0.00s
[2024-10-11T04:22:58.807+0800][info] GC(361) Concurrent Mark Cycle
[2024-10-11T04:22:58.807+0800][info] GC(361) Concurrent Clear Claimed Marks
[2024-10-11T04:22:58.807+0800][info] GC(361) Concurrent Clear Claimed Marks 0.014ms
[2024-10-11T04:22:58.807+0800][info] GC(361) Concurrent Scan Root Regions
[2024-10-11T04:22:58.807+0800][info] GC(361) Concurrent Scan Root Regions 0.143ms
[2024-10-11T04:22:58.807+0800][info] GC(361) Concurrent Mark
[2024-10-11T04:22:58.807+0800][info] GC(361) Concurrent Mark From Roots
[2024-10-11T04:22:58.807+0800][info] GC(361) Using 12 workers of 12 for marking
[2024-10-11T04:22:58.811+0800][info] GC(361) Concurrent Mark From Roots 3.360ms
[2024-10-11T04:22:58.811+0800][info] GC(361) Concurrent Preclean
[2024-10-11T04:22:58.812+0800][info] GC(361) Concurrent Preclean 1.677ms
[2024-10-11T04:22:58.813+0800][info] GC(361) Pause Remark
[2024-10-11T04:22:58.814+0800][info] GC(361) Pause Remark 111M->111M(128M) 1.394ms
[2024-10-11T04:22:58.814+0800][info] GC(361) User=0.00s Sys=0.00s Real=0.01s
[2024-10-11T04:22:58.814+0800][info] GC(361) Concurrent Mark 6.573ms
[2024-10-11T04:22:58.814+0800][info] GC(361) Concurrent Rebuild Remembered Sets
[2024-10-11T04:22:58.815+0800][info] GC(361) Concurrent Rebuild Remembered Sets 1.452ms
[2024-10-11T04:22:58.816+0800][info] GC(361) Pause Cleanup
[2024-10-11T04:22:58.816+0800][info] GC(361) Pause Cleanup 111M->111M(128M) 0.185ms
[2024-10-11T04:22:58.816+0800][info] GC(361) User=0.00s Sys=0.00s Real=0.00s
[2024-10-11T04:22:58.816+0800][info] GC(361) Concurrent Cleanup for Next Mark
[2024-10-11T04:22:58.816+0800][info] GC(361) Concurrent Cleanup for Next Mark 0.355ms
[2024-10-11T04:22:58.816+0800][info] GC(361) Concurrent Mark Cycle 9.033ms
[2024-10-11T04:22:58.961+0800][info] GC(362) Pause Young (Prepare Mixed) (G1 Preventive Collection)
[2024-10-11T04:22:58.961+0800][info] GC(362) Using 3 workers of 48 for evacuation
[2024-10-11T04:22:58.962+0800][info] GC(362)   Pre Evacuate Collection Set: 0.1ms
[2024-10-11T04:22:58.962+0800][info] GC(362)   Merge Heap Roots: 0.1ms
[2024-10-11T04:22:58.962+0800][info] GC(362)   Evacuate Collection Set: 0.9ms
[2024-10-11T04:22:58.962+0800][info] GC(362)   Post Evacuate Collection Set: 0.2ms
[2024-10-11T04:22:58.962+0800][info] GC(362)   Other: 0.2ms
[2024-10-11T04:22:58.962+0800][info] GC(362) Eden regions: 2->0(2)
[2024-10-11T04:22:58.962+0800][info] GC(362) Survivor regions: 1->1(1)
[2024-10-11T04:22:58.962+0800][info] GC(362) Old regions: 52->54
[2024-10-11T04:22:58.962+0800][info] GC(362) Archive regions: 2->2
[2024-10-11T04:22:58.962+0800][info] GC(362) Humongous regions: 3->3
[2024-10-11T04:22:58.962+0800][info] GC(362) Metaspace: 1653K(1856K)->1653K(1856K) NonClass: 1528K(1664K)->1528K(1664K) Class: 124K(192K)->124K(192K)
[2024-10-11T04:22:58.963+0800][info] GC(362) Pause Young (Prepare Mixed) (G1 Preventive Collection) 114M->114M(128M) 1.614ms
[2024-10-11T04:22:58.963+0800][info] GC(362) User=0.00s Sys=0.00s Real=0.00s
[2024-10-11T04:22:59.024+0800][info] GC(363) Pause Young (Mixed) (G1 Preventive Collection)
[2024-10-11T04:22:59.024+0800][info] GC(363) Using 3 workers of 48 for evacuation
[2024-10-11T04:22:59.026+0800][info] GC(363) To-space exhausted
[2024-10-11T04:22:59.026+0800][info] GC(363)   Pre Evacuate Collection Set: 0.2ms
[2024-10-11T04:22:59.026+0800][info] GC(363)   Merge Heap Roots: 0.1ms
[2024-10-11T04:22:59.026+0800][info] GC(363)   Evacuate Collection Set: 1.1ms
[2024-10-11T04:22:59.026+0800][info] GC(363)   Post Evacuate Collection Set: 0.3ms
[2024-10-11T04:22:59.026+0800][info] GC(363)   Other: 0.2ms
[2024-10-11T04:22:59.026+0800][info] GC(363) Eden regions: 1->0(2)
[2024-10-11T04:22:59.026+0800][info] GC(363) Survivor regions: 1->1(1)
[2024-10-11T04:22:59.026+0800][info] GC(363) Old regions: 54->52
[2024-10-11T04:22:59.026+0800][info] GC(363) Archive regions: 2->2
[2024-10-11T04:22:59.026+0800][info] GC(363) Humongous regions: 3->3
[2024-10-11T04:22:59.026+0800][info] GC(363) Metaspace: 1653K(1856K)->1653K(1856K) NonClass: 1528K(1664K)->1528K(1664K) Class: 124K(192K)->124K(192K)
[2024-10-11T04:22:59.026+0800][info] GC(363) Pause Young (Mixed) (G1 Preventive Collection) 116M->111M(128M) 1.848ms
[2024-10-11T04:22:59.026+0800][info] GC(363) User=0.01s Sys=0.00s Real=0.01s
[2024-10-11T04:22:59.067+0800][info] GC(364) Pause Young (Mixed) (G1 Preventive Collection)
[2024-10-11T04:22:59.067+0800][info] GC(364) Using 3 workers of 48 for evacuation
[2024-10-11T04:22:59.069+0800][info] GC(364) To-space exhausted
[2024-10-11T04:22:59.069+0800][info] GC(364)   Pre Evacuate Collection Set: 0.2ms
[2024-10-11T04:22:59.069+0800][info] GC(364)   Merge Heap Roots: 0.1ms
[2024-10-11T04:22:59.069+0800][info] GC(364)   Evacuate Collection Set: 1.3ms
[2024-10-11T04:22:59.069+0800][info] GC(364)   Post Evacuate Collection Set: 0.2ms
[2024-10-11T04:22:59.069+0800][info] GC(364)   Other: 0.1ms
[2024-10-11T04:22:59.069+0800][info] GC(364) Eden regions: 1->0(2)
[2024-10-11T04:22:59.069+0800][info] GC(364) Survivor regions: 1->1(1)
[2024-10-11T04:22:59.069+0800][info] GC(364) Old regions: 52->50
[2024-10-11T04:22:59.069+0800][info] GC(364) Archive regions: 2->2
[2024-10-11T04:22:59.069+0800][info] GC(364) Humongous regions: 3->3
[2024-10-11T04:22:59.069+0800][info] GC(364) Metaspace: 1653K(1856K)->1653K(1856K) NonClass: 1528K(1664K)->1528K(1664K) Class: 124K(192K)->124K(192K)
[2024-10-11T04:22:59.069+0800][info] GC(364) Pause Young (Mixed) (G1 Preventive Collection) 113M->107M(128M) 2.019ms
[2024-10-11T04:22:59.069+0800][info] GC(364) User=0.00s Sys=0.00s Real=0.00s
[2024-10-11T04:22:59.131+0800][info] GC(365) Pause Young (Mixed) (G1 Preventive Collection)
[2024-10-11T04:22:59.131+0800][info] GC(365) Using 3 workers of 48 for evacuation
[2024-10-11T04:22:59.133+0800][info] GC(365)   Pre Evacuate Collection Set: 0.2ms
[2024-10-11T04:22:59.133+0800][info] GC(365)   Merge Heap Roots: 0.1ms
[2024-10-11T04:22:59.133+0800][info] GC(365)   Evacuate Collection Set: 1.6ms
[2024-10-11T04:22:59.133+0800][info] GC(365)   Post Evacuate Collection Set: 0.2ms
[2024-10-11T04:22:59.133+0800][info] GC(365)   Other: 0.1ms
[2024-10-11T04:22:59.133+0800][info] GC(365) Eden regions: 1->0(2)
[2024-10-11T04:22:59.133+0800][info] GC(365) Survivor regions: 1->1(1)
[2024-10-11T04:22:59.133+0800][info] GC(365) Old regions: 50->49
[2024-10-11T04:22:59.133+0800][info] GC(365) Archive regions: 2->2
[2024-10-11T04:22:59.133+0800][info] GC(365) Humongous regions: 3->3
[2024-10-11T04:22:59.133+0800][info] GC(365) Metaspace: 1653K(1856K)->1653K(1856K) NonClass: 1528K(1664K)->1528K(1664K) Class: 124K(192K)->124K(192K)
[2024-10-11T04:22:59.133+0800][info] GC(365) Pause Young (Mixed) (G1 Preventive Collection) 109M->104M(128M) 2.263ms
[2024-10-11T04:22:59.133+0800][info] GC(365) User=0.00s Sys=0.00s Real=0.00s
[2024-10-11T04:22:59.235+0800][info] GC(366) Pause Young (Mixed) (G1 Preventive Collection)
[2024-10-11T04:22:59.235+0800][info] GC(366) Using 3 workers of 48 for evacuation
[2024-10-11T04:22:59.238+0800][info] GC(366) To-space exhausted
[2024-10-11T04:22:59.238+0800][info] GC(366)   Pre Evacuate Collection Set: 0.2ms
[2024-10-11T04:22:59.238+0800][info] GC(366)   Merge Heap Roots: 0.1ms
[2024-10-11T04:22:59.238+0800][info] GC(366)   Evacuate Collection Set: 2.0ms
[2024-10-11T04:22:59.238+0800][info] GC(366)   Post Evacuate Collection Set: 0.2ms
[2024-10-11T04:22:59.238+0800][info] GC(366)   Other: 0.2ms
[2024-10-11T04:22:59.238+0800][info] GC(366) Eden regions: 2->0(2)
[2024-10-11T04:22:59.238+0800][info] GC(366) Survivor regions: 1->1(1)
[2024-10-11T04:22:59.238+0800][info] GC(366) Old regions: 49->50
[2024-10-11T04:22:59.238+0800][info] GC(366) Archive regions: 2->2
[2024-10-11T04:22:59.238+0800][info] GC(366) Humongous regions: 3->3
[2024-10-11T04:22:59.238+0800][info] GC(366) Metaspace: 1653K(1856K)->1653K(1856K) NonClass: 1528K(1664K)->1528K(1664K) Class: 124K(192K)->124K(192K)
[2024-10-11T04:22:59.238+0800][info] GC(366) Pause Young (Mixed) (G1 Preventive Collection) 108M->108M(128M) 2.729ms
[2024-10-11T04:22:59.238+0800][info] GC(366) User=0.00s Sys=0.00s Real=0.00s
[2024-10-11T04:22:59.299+0800][info] GC(367) Pause Young (Mixed) (G1 Preventive Collection)
[2024-10-11T04:22:59.299+0800][info] GC(367) Using 3 workers of 48 for evacuation
[2024-10-11T04:22:59.302+0800][info] GC(367)   Pre Evacuate Collection Set: 0.2ms
[2024-10-11T04:22:59.302+0800][info] GC(367)   Merge Heap Roots: 0.1ms
[2024-10-11T04:22:59.302+0800][info] GC(367)   Evacuate Collection Set: 2.0ms
[2024-10-11T04:22:59.302+0800][info] GC(367)   Post Evacuate Collection Set: 0.2ms
[2024-10-11T04:22:59.302+0800][info] GC(367)   Other: 0.1ms
[2024-10-11T04:22:59.302+0800][info] GC(367) Eden regions: 1->0(2)
[2024-10-11T04:22:59.302+0800][info] GC(367) Survivor regions: 1->1(1)
[2024-10-11T04:22:59.302+0800][info] GC(367) Old regions: 50->49
[2024-10-11T04:22:59.302+0800][info] GC(367) Archive regions: 2->2
[2024-10-11T04:22:59.302+0800][info] GC(367) Humongous regions: 3->3
[2024-10-11T04:22:59.302+0800][info] GC(367) Metaspace: 1653K(1856K)->1653K(1856K) NonClass: 1528K(1664K)->1528K(1664K) Class: 124K(192K)->124K(192K)
[2024-10-11T04:22:59.302+0800][info] GC(367) Pause Young (Mixed) (G1 Preventive Collection) 110M->105M(128M) 2.698ms
[2024-10-11T04:22:59.302+0800][info] GC(367) User=0.01s Sys=0.00s Real=0.00s
[2024-10-11T04:22:59.405+0800][info] GC(368) Pause Young (Normal) (G1 Evacuation Pause)
[2024-10-11T04:22:59.405+0800][info] GC(368) Using 3 workers of 48 for evacuation
[2024-10-11T04:22:59.406+0800][info] GC(368)   Pre Evacuate Collection Set: 0.1ms
[2024-10-11T04:22:59.406+0800][info] GC(368)   Merge Heap Roots: 0.0ms
[2024-10-11T04:22:59.406+0800][info] GC(368)   Evacuate Collection Set: 0.8ms
[2024-10-11T04:22:59.406+0800][info] GC(368)   Post Evacuate Collection Set: 0.2ms
[2024-10-11T04:22:59.406+0800][info] GC(368)   Other: 0.2ms
[2024-10-11T04:22:59.406+0800][info] GC(368) Eden regions: 2->0(2)
[2024-10-11T04:22:59.406+0800][info] GC(368) Survivor regions: 1->1(1)
[2024-10-11T04:22:59.406+0800][info] GC(368) Old regions: 49->51
[2024-10-11T04:22:59.406+0800][info] GC(368) Archive regions: 2->2
[2024-10-11T04:22:59.406+0800][info] GC(368) Humongous regions: 3->3
[2024-10-11T04:22:59.406+0800][info] GC(368) Metaspace: 1653K(1856K)->1653K(1856K) NonClass: 1528K(1664K)->1528K(1664K) Class: 124K(192K)->124K(192K)
[2024-10-11T04:22:59.406+0800][info] GC(368) Pause Young (Normal) (G1 Evacuation Pause) 109M->110M(128M) 1.478ms
[2024-10-11T04:22:59.406+0800][info] GC(368) User=0.01s Sys=0.00s Real=0.01s
[2024-10-11T04:22:59.508+0800][info] GC(369) Pause Young (Concurrent Start) (G1 Evacuation Pause)
[2024-10-11T04:22:59.508+0800][info] GC(369) Using 3 workers of 48 for evacuation
[2024-10-11T04:22:59.510+0800][info] GC(369)   Pre Evacuate Collection Set: 0.1ms
[2024-10-11T04:22:59.510+0800][info] GC(369)   Merge Heap Roots: 0.1ms
[2024-10-11T04:22:59.510+0800][info] GC(369)   Evacuate Collection Set: 0.9ms
[2024-10-11T04:22:59.510+0800][info] GC(369)   Post Evacuate Collection Set: 0.2ms
[2024-10-11T04:22:59.510+0800][info] GC(369)   Other: 0.3ms
[2024-10-11T04:22:59.510+0800][info] GC(369) Eden regions: 2->0(2)
[2024-10-11T04:22:59.510+0800][info] GC(369) Survivor regions: 1->1(1)
[2024-10-11T04:22:59.510+0800][info] GC(369) Old regions: 51->53
[2024-10-11T04:22:59.510+0800][info] GC(369) Archive regions: 2->2
[2024-10-11T04:22:59.510+0800][info] GC(369) Humongous regions: 3->3
[2024-10-11T04:22:59.510+0800][info] GC(369) Metaspace: 1653K(1856K)->1653K(1856K) NonClass: 1528K(1664K)->1528K(1664K) Class: 124K(192K)->124K(192K)
[2024-10-11T04:22:59.510+0800][info] GC(369) Pause Young (Concurrent Start) (G1 Evacuation Pause) 113M->114M(128M) 1.679ms
[2024-10-11T04:22:59.510+0800][info] GC(369) User=0.00s Sys=0.00s Real=0.00s
[2024-10-11T04:22:59.510+0800][info] GC(370) Concurrent Mark Cycle
[2024-10-11T04:22:59.510+0800][info] GC(370) Concurrent Clear Claimed Marks
[2024-10-11T04:22:59.510+0800][info] GC(370) Concurrent Clear Claimed Marks 0.014ms
[2024-10-11T04:22:59.510+0800][info] GC(370) Concurrent Scan Root Regions
[2024-10-11T04:22:59.510+0800][info] GC(370) Concurrent Scan Root Regions 0.164ms
[2024-10-11T04:22:59.510+0800][info] GC(370) Concurrent Mark
[2024-10-11T04:22:59.510+0800][info] GC(370) Concurrent Mark From Roots
[2024-10-11T04:22:59.510+0800][info] GC(370) Using 12 workers of 12 for marking
[2024-10-11T04:22:59.513+0800][info] GC(370) Concurrent Mark From Roots 3.470ms
[2024-10-11T04:22:59.514+0800][info] GC(370) Concurrent Preclean
[2024-10-11T04:22:59.515+0800][info] GC(370) Concurrent Preclean 1.679ms
[2024-10-11T04:22:59.515+0800][info] GC(370) Pause Remark
[2024-10-11T04:22:59.517+0800][info] GC(370) Pause Remark 114M->113M(128M) 1.318ms
[2024-10-11T04:22:59.517+0800][info] GC(370) User=0.00s Sys=0.00s Real=0.00s
[2024-10-11T04:22:59.517+0800][info] GC(370) Concurrent Mark 6.599ms
[2024-10-11T04:22:59.517+0800][info] GC(370) Concurrent Rebuild Remembered Sets
[2024-10-11T04:22:59.518+0800][info] GC(370) Concurrent Rebuild Remembered Sets 1.393ms
[2024-10-11T04:22:59.518+0800][info] GC(370) Pause Cleanup
[2024-10-11T04:22:59.518+0800][info] GC(370) Pause Cleanup 113M->113M(128M) 0.190ms
[2024-10-11T04:22:59.518+0800][info] GC(370) User=0.00s Sys=0.00s Real=0.00s
[2024-10-11T04:22:59.518+0800][info] GC(370) Concurrent Cleanup for Next Mark
[2024-10-11T04:22:59.519+0800][info] GC(370) Concurrent Cleanup for Next Mark 0.386ms
[2024-10-11T04:22:59.519+0800][info] GC(370) Concurrent Mark Cycle 9.055ms
[2024-10-11T04:22:59.663+0800][info] GC(371) Pause Young (Prepare Mixed) (G1 Preventive Collection)
[2024-10-11T04:22:59.663+0800][info] GC(371) Using 3 workers of 48 for evacuation
[2024-10-11T04:22:59.665+0800][info] GC(371)   Pre Evacuate Collection Set: 0.1ms
[2024-10-11T04:22:59.665+0800][info] GC(371)   Merge Heap Roots: 0.1ms
[2024-10-11T04:22:59.665+0800][info] GC(371)   Evacuate Collection Set: 0.8ms
[2024-10-11T04:22:59.665+0800][info] GC(371)   Post Evacuate Collection Set: 0.2ms
[2024-10-11T04:22:59.665+0800][info] GC(371)   Other: 0.2ms
[2024-10-11T04:22:59.665+0800][info] GC(371) Eden regions: 2->0(2)
[2024-10-11T04:22:59.665+0800][info] GC(371) Survivor regions: 1->1(1)
[2024-10-11T04:22:59.665+0800][info] GC(371) Old regions: 52->54
[2024-10-11T04:22:59.665+0800][info] GC(371) Archive regions: 2->2
[2024-10-11T04:22:59.665+0800][info] GC(371) Humongous regions: 3->3
[2024-10-11T04:22:59.665+0800][info] GC(371) Metaspace: 1653K(1856K)->1653K(1856K) NonClass: 1529K(1664K)->1529K(1664K) Class: 124K(192K)->124K(192K)
[2024-10-11T04:22:59.665+0800][info] GC(371) Pause Young (Prepare Mixed) (G1 Preventive Collection) 116M->116M(128M) 1.488ms
[2024-10-11T04:22:59.665+0800][info] GC(371) User=0.01s Sys=0.00s Real=0.00s
[2024-10-11T04:22:59.726+0800][info] GC(372) Pause Young (Mixed) (G1 Preventive Collection)
[2024-10-11T04:22:59.726+0800][info] GC(372) Using 3 workers of 48 for evacuation
[2024-10-11T04:22:59.727+0800][info] GC(372) To-space exhausted
[2024-10-11T04:22:59.728+0800][info] GC(372)   Pre Evacuate Collection Set: 0.2ms
[2024-10-11T04:22:59.728+0800][info] GC(372)   Merge Heap Roots: 0.1ms
[2024-10-11T04:22:59.728+0800][info] GC(372)   Evacuate Collection Set: 0.8ms
[2024-10-11T04:22:59.728+0800][info] GC(372)   Post Evacuate Collection Set: 0.2ms
[2024-10-11T04:22:59.728+0800][info] GC(372)   Other: 0.2ms
[2024-10-11T04:22:59.728+0800][info] GC(372) Eden regions: 1->0(2)
[2024-10-11T04:22:59.728+0800][info] GC(372) Survivor regions: 1->1(1)
[2024-10-11T04:22:59.728+0800][info] GC(372) Old regions: 54->52
[2024-10-11T04:22:59.728+0800][info] GC(372) Archive regions: 2->2
[2024-10-11T04:22:59.728+0800][info] GC(372) Humongous regions: 3->3
[2024-10-11T04:22:59.728+0800][info] GC(372) Metaspace: 1653K(1856K)->1653K(1856K) NonClass: 1529K(1664K)->1529K(1664K) Class: 124K(192K)->124K(192K)
[2024-10-11T04:22:59.728+0800][info] GC(372) Pause Young (Mixed) (G1 Preventive Collection) 118M->112M(128M) 1.485ms
[2024-10-11T04:22:59.728+0800][info] GC(372) User=0.01s Sys=0.00s Real=0.00s
[2024-10-11T04:22:59.769+0800][info] GC(373) Pause Young (Mixed) (G1 Preventive Collection)
[2024-10-11T04:22:59.769+0800][info] GC(373) Using 3 workers of 48 for evacuation
[2024-10-11T04:22:59.771+0800][info] GC(373)   Pre Evacuate Collection Set: 0.2ms
[2024-10-11T04:22:59.771+0800][info] GC(373)   Merge Heap Roots: 0.1ms
[2024-10-11T04:22:59.771+0800][info] GC(373)   Evacuate Collection Set: 1.3ms
[2024-10-11T04:22:59.771+0800][info] GC(373)   Post Evacuate Collection Set: 0.2ms
[2024-10-11T04:22:59.771+0800][info] GC(373)   Other: 0.1ms
[2024-10-11T04:22:59.771+0800][info] GC(373) Eden regions: 1->0(2)
[2024-10-11T04:22:59.771+0800][info] GC(373) Survivor regions: 1->1(1)
[2024-10-11T04:22:59.771+0800][info] GC(373) Old regions: 52->49
[2024-10-11T04:22:59.771+0800][info] GC(373) Archive regions: 2->2
[2024-10-11T04:22:59.771+0800][info] GC(373) Humongous regions: 3->3
[2024-10-11T04:22:59.771+0800][info] GC(373) Metaspace: 1653K(1856K)->1653K(1856K) NonClass: 1529K(1664K)->1529K(1664K) Class: 124K(192K)->124K(192K)
[2024-10-11T04:22:59.771+0800][info] GC(373) Pause Young (Mixed) (G1 Preventive Collection) 114M->106M(128M) 1.994ms
[2024-10-11T04:22:59.771+0800][info] GC(373) User=0.00s Sys=0.00s Real=0.00s
[2024-10-11T04:22:59.873+0800][info] GC(374) Pause Young (Mixed) (G1 Preventive Collection)
[2024-10-11T04:22:59.873+0800][info] GC(374) Using 3 workers of 48 for evacuation
[2024-10-11T04:22:59.876+0800][info] GC(374)   Pre Evacuate Collection Set: 0.2ms
[2024-10-11T04:22:59.876+0800][info] GC(374)   Merge Heap Roots: 0.1ms
[2024-10-11T04:22:59.876+0800][info] GC(374)   Evacuate Collection Set: 1.7ms
[2024-10-11T04:22:59.876+0800][info] GC(374)   Post Evacuate Collection Set: 0.2ms
[2024-10-11T04:22:59.876+0800][info] GC(374)   Other: 0.1ms
[2024-10-11T04:22:59.876+0800][info] GC(374) Eden regions: 2->0(2)
[2024-10-11T04:22:59.876+0800][info] GC(374) Survivor regions: 1->1(1)
[2024-10-11T04:22:59.876+0800][info] GC(374) Old regions: 49->48
[2024-10-11T04:22:59.876+0800][info] GC(374) Archive regions: 2->2
[2024-10-11T04:22:59.876+0800][info] GC(374) Humongous regions: 3->3
[2024-10-11T04:22:59.876+0800][info] GC(374) Metaspace: 1653K(1856K)->1653K(1856K) NonClass: 1529K(1664K)->1529K(1664K) Class: 124K(192K)->124K(192K)
[2024-10-11T04:22:59.876+0800][info] GC(374) Pause Young (Mixed) (G1 Preventive Collection) 109M->104M(128M) 2.366ms
[2024-10-11T04:22:59.876+0800][info] GC(374) User=0.01s Sys=0.01s Real=0.00s
[2024-10-11T04:22:59.978+0800][info] GC(375) Pause Young (Mixed) (G1 Evacuation Pause)
[2024-10-11T04:22:59.978+0800][info] GC(375) Using 3 workers of 48 for evacuation
[2024-10-11T04:22:59.980+0800][info] GC(375)   Pre Evacuate Collection Set: 0.2ms
[2024-10-11T04:22:59.980+0800][info] GC(375)   Merge Heap Roots: 0.1ms
[2024-10-11T04:22:59.980+0800][info] GC(375)   Evacuate Collection Set: 1.6ms
[2024-10-11T04:22:59.980+0800][info] GC(375)   Post Evacuate Collection Set: 0.2ms
[2024-10-11T04:22:59.980+0800][info] GC(375)   Other: 0.1ms
[2024-10-11T04:22:59.980+0800][info] GC(375) Eden regions: 2->0(2)
[2024-10-11T04:22:59.980+0800][info] GC(375) Survivor regions: 1->1(1)
[2024-10-11T04:22:59.980+0800][info] GC(375) Old regions: 48->47
[2024-10-11T04:22:59.980+0800][info] GC(375) Archive regions: 2->2
[2024-10-11T04:22:59.980+0800][info] GC(375) Humongous regions: 3->3
[2024-10-11T04:22:59.980+0800][info] GC(375) Metaspace: 1653K(1856K)->1653K(1856K) NonClass: 1529K(1664K)->1529K(1664K) Class: 124K(192K)->124K(192K)
[2024-10-11T04:22:59.980+0800][info] GC(375) Pause Young (Mixed) (G1 Evacuation Pause) 108M->102M(128M) 2.250ms
[2024-10-11T04:22:59.980+0800][info] GC(375) User=0.00s Sys=0.00s Real=0.00s
[2024-10-11T04:23:00.083+0800][info] GC(376) Pause Young (Mixed) (G1 Evacuation Pause)
[2024-10-11T04:23:00.083+0800][info] GC(376) Using 3 workers of 48 for evacuation
[2024-10-11T04:23:00.084+0800][info] GC(376)   Pre Evacuate Collection Set: 0.2ms
[2024-10-11T04:23:00.084+0800][info] GC(376)   Merge Heap Roots: 0.1ms
[2024-10-11T04:23:00.084+0800][info] GC(376)   Evacuate Collection Set: 1.2ms
[2024-10-11T04:23:00.084+0800][info] GC(376)   Post Evacuate Collection Set: 0.2ms
[2024-10-11T04:23:00.084+0800][info] GC(376)   Other: 0.1ms
[2024-10-11T04:23:00.084+0800][info] GC(376) Eden regions: 2->0(2)
[2024-10-11T04:23:00.084+0800][info] GC(376) Survivor regions: 1->1(1)
[2024-10-11T04:23:00.084+0800][info] GC(376) Old regions: 47->48
[2024-10-11T04:23:00.084+0800][info] GC(376) Archive regions: 2->2
[2024-10-11T04:23:00.084+0800][info] GC(376) Humongous regions: 3->3
[2024-10-11T04:23:00.084+0800][info] GC(376) Metaspace: 1653K(1856K)->1653K(1856K) NonClass: 1529K(1664K)->1529K(1664K) Class: 124K(192K)->124K(192K)
[2024-10-11T04:23:00.084+0800][info] GC(376) Pause Young (Mixed) (G1 Evacuation Pause) 105M->103M(128M) 1.824ms
[2024-10-11T04:23:00.084+0800][info] GC(376) User=0.00s Sys=0.00s Real=0.00s
[2024-10-11T04:23:00.186+0800][info] GC(377) Pause Young (Normal) (G1 Evacuation Pause)
[2024-10-11T04:23:00.186+0800][info] GC(377) Using 3 workers of 48 for evacuation
[2024-10-11T04:23:00.188+0800][info] GC(377)   Pre Evacuate Collection Set: 0.1ms
[2024-10-11T04:23:00.188+0800][info] GC(377)   Merge Heap Roots: 0.0ms
[2024-10-11T04:23:00.188+0800][info] GC(377)   Evacuate Collection Set: 0.7ms
[2024-10-11T04:23:00.188+0800][info] GC(377)   Post Evacuate Collection Set: 0.2ms
[2024-10-11T04:23:00.188+0800][info] GC(377)   Other: 0.2ms
[2024-10-11T04:23:00.188+0800][info] GC(377) Eden regions: 2->0(2)
[2024-10-11T04:23:00.188+0800][info] GC(377) Survivor regions: 1->1(1)
[2024-10-11T04:23:00.188+0800][info] GC(377) Old regions: 48->50
[2024-10-11T04:23:00.188+0800][info] GC(377) Archive regions: 2->2
[2024-10-11T04:23:00.188+0800][info] GC(377) Humongous regions: 3->3
[2024-10-11T04:23:00.188+0800][info] GC(377) Metaspace: 1653K(1856K)->1653K(1856K) NonClass: 1529K(1664K)->1529K(1664K) Class: 124K(192K)->124K(192K)
[2024-10-11T04:23:00.188+0800][info] GC(377) Pause Young (Normal) (G1 Evacuation Pause) 107M->107M(128M) 1.335ms
[2024-10-11T04:23:00.188+0800][info] GC(377) User=0.00s Sys=0.00s Real=0.00s
[2024-10-11T04:23:00.290+0800][info] GC(378) Pause Young (Concurrent Start) (G1 Evacuation Pause)
[2024-10-11T04:23:00.290+0800][info] GC(378) Using 3 workers of 48 for evacuation
[2024-10-11T04:23:00.292+0800][info] GC(378)   Pre Evacuate Collection Set: 0.1ms
[2024-10-11T04:23:00.292+0800][info] GC(378)   Merge Heap Roots: 0.0ms
[2024-10-11T04:23:00.292+0800][info] GC(378)   Evacuate Collection Set: 0.8ms
[2024-10-11T04:23:00.292+0800][info] GC(378)   Post Evacuate Collection Set: 0.2ms
[2024-10-11T04:23:00.292+0800][info] GC(378)   Other: 0.3ms
[2024-10-11T04:23:00.292+0800][info] GC(378) Eden regions: 2->0(2)
[2024-10-11T04:23:00.292+0800][info] GC(378) Survivor regions: 1->1(1)
[2024-10-11T04:23:00.292+0800][info] GC(378) Old regions: 50->52
[2024-10-11T04:23:00.292+0800][info] GC(378) Archive regions: 2->2
[2024-10-11T04:23:00.292+0800][info] GC(378) Humongous regions: 3->3
[2024-10-11T04:23:00.292+0800][info] GC(378) Metaspace: 1653K(1856K)->1653K(1856K) NonClass: 1529K(1664K)->1529K(1664K) Class: 124K(192K)->124K(192K)
[2024-10-11T04:23:00.292+0800][info] GC(378) Pause Young (Concurrent Start) (G1 Evacuation Pause) 110M->111M(128M) 1.547ms
[2024-10-11T04:23:00.292+0800][info] GC(378) User=0.00s Sys=0.00s Real=0.00s
[2024-10-11T04:23:00.292+0800][info] GC(379) Concurrent Mark Cycle
[2024-10-11T04:23:00.292+0800][info] GC(379) Concurrent Clear Claimed Marks
[2024-10-11T04:23:00.292+0800][info] GC(379) Concurrent Clear Claimed Marks 0.015ms
[2024-10-11T04:23:00.292+0800][info] GC(379) Concurrent Scan Root Regions
[2024-10-11T04:23:00.292+0800][info] GC(379) Concurrent Scan Root Regions 0.099ms
[2024-10-11T04:23:00.292+0800][info] GC(379) Concurrent Mark
[2024-10-11T04:23:00.292+0800][info] GC(379) Concurrent Mark From Roots
[2024-10-11T04:23:00.292+0800][info] GC(379) Using 12 workers of 12 for marking
[2024-10-11T04:23:00.296+0800][info] GC(379) Concurrent Mark From Roots 4.402ms
[2024-10-11T04:23:00.296+0800][info] GC(379) Concurrent Preclean
[2024-10-11T04:23:00.298+0800][info] GC(379) Concurrent Preclean 1.690ms
[2024-10-11T04:23:00.298+0800][info] GC(379) Pause Remark
[2024-10-11T04:23:00.300+0800][info] GC(379) Pause Remark 111M->109M(128M) 1.400ms
[2024-10-11T04:23:00.300+0800][info] GC(379) User=0.00s Sys=0.00s Real=0.00s
[2024-10-11T04:23:00.300+0800][info] GC(379) Concurrent Mark 7.717ms
[2024-10-11T04:23:00.300+0800][info] GC(379) Concurrent Rebuild Remembered Sets
[2024-10-11T04:23:00.301+0800][info] GC(379) Concurrent Rebuild Remembered Sets 1.608ms
[2024-10-11T04:23:00.301+0800][info] GC(379) Pause Cleanup
[2024-10-11T04:23:00.302+0800][info] GC(379) Pause Cleanup 109M->109M(128M) 0.196ms
[2024-10-11T04:23:00.302+0800][info] GC(379) User=0.00s Sys=0.00s Real=0.00s
[2024-10-11T04:23:00.302+0800][info] GC(379) Concurrent Cleanup for Next Mark
[2024-10-11T04:23:00.302+0800][info] GC(379) Concurrent Cleanup for Next Mark 0.396ms
[2024-10-11T04:23:00.302+0800][info] GC(379) Concurrent Mark Cycle 10.346ms
[2024-10-11T04:23:00.445+0800][info] GC(380) Pause Young (Prepare Mixed) (G1 Evacuation Pause)
[2024-10-11T04:23:00.445+0800][info] GC(380) Using 3 workers of 48 for evacuation
[2024-10-11T04:23:00.446+0800][info] GC(380)   Pre Evacuate Collection Set: 0.1ms
[2024-10-11T04:23:00.446+0800][info] GC(380)   Merge Heap Roots: 0.1ms
[2024-10-11T04:23:00.446+0800][info] GC(380)   Evacuate Collection Set: 0.8ms
[2024-10-11T04:23:00.446+0800][info] GC(380)   Post Evacuate Collection Set: 0.2ms
[2024-10-11T04:23:00.446+0800][info] GC(380)   Other: 0.2ms
[2024-10-11T04:23:00.446+0800][info] GC(380) Eden regions: 2->0(2)
[2024-10-11T04:23:00.446+0800][info] GC(380) Survivor regions: 1->1(1)
[2024-10-11T04:23:00.446+0800][info] GC(380) Old regions: 51->53
[2024-10-11T04:23:00.446+0800][info] GC(380) Archive regions: 2->2
[2024-10-11T04:23:00.446+0800][info] GC(380) Humongous regions: 3->3
[2024-10-11T04:23:00.446+0800][info] GC(380) Metaspace: 1654K(1856K)->1654K(1856K) NonClass: 1530K(1664K)->1530K(1664K) Class: 124K(192K)->124K(192K)
[2024-10-11T04:23:00.447+0800][info] GC(380) Pause Young (Prepare Mixed) (G1 Evacuation Pause) 112M->113M(128M) 1.540ms
[2024-10-11T04:23:00.447+0800][info] GC(380) User=0.00s Sys=0.01s Real=0.01s
[2024-10-11T04:23:00.508+0800][info] GC(381) Pause Young (Mixed) (G1 Preventive Collection)
[2024-10-11T04:23:00.508+0800][info] GC(381) Using 3 workers of 48 for evacuation
[2024-10-11T04:23:00.510+0800][info] GC(381)   Pre Evacuate Collection Set: 0.2ms
[2024-10-11T04:23:00.510+0800][info] GC(381)   Merge Heap Roots: 0.1ms
[2024-10-11T04:23:00.510+0800][info] GC(381)   Evacuate Collection Set: 1.1ms
[2024-10-11T04:23:00.510+0800][info] GC(381)   Post Evacuate Collection Set: 0.2ms
[2024-10-11T04:23:00.510+0800][info] GC(381)   Other: 0.2ms
[2024-10-11T04:23:00.510+0800][info] GC(381) Eden regions: 1->0(2)
[2024-10-11T04:23:00.510+0800][info] GC(381) Survivor regions: 1->1(1)
[2024-10-11T04:23:00.510+0800][info] GC(381) Old regions: 53->48
[2024-10-11T04:23:00.510+0800][info] GC(381) Archive regions: 2->2
[2024-10-11T04:23:00.510+0800][info] GC(381) Humongous regions: 3->3
[2024-10-11T04:23:00.510+0800][info] GC(381) Metaspace: 1654K(1856K)->1654K(1856K) NonClass: 1530K(1664K)->1530K(1664K) Class: 124K(192K)->124K(192K)
[2024-10-11T04:23:00.510+0800][info] GC(381) Pause Young (Mixed) (G1 Preventive Collection) 115M->104M(128M) 1.850ms
[2024-10-11T04:23:00.510+0800][info] GC(381) User=0.01s Sys=0.00s Real=0.00s
[2024-10-11T04:23:00.612+0800][info] GC(382) Pause Young (Mixed) (G1 Evacuation Pause)
[2024-10-11T04:23:00.612+0800][info] GC(382) Using 3 workers of 48 for evacuation
[2024-10-11T04:23:00.615+0800][info] GC(382)   Pre Evacuate Collection Set: 0.2ms
[2024-10-11T04:23:00.615+0800][info] GC(382)   Merge Heap Roots: 0.1ms
[2024-10-11T04:23:00.615+0800][info] GC(382)   Evacuate Collection Set: 2.0ms
[2024-10-11T04:23:00.615+0800][info] GC(382)   Post Evacuate Collection Set: 0.2ms
[2024-10-11T04:23:00.615+0800][info] GC(382)   Other: 0.1ms
[2024-10-11T04:23:00.615+0800][info] GC(382) Eden regions: 2->0(2)
[2024-10-11T04:23:00.615+0800][info] GC(382) Survivor regions: 1->1(1)
[2024-10-11T04:23:00.615+0800][info] GC(382) Old regions: 48->47
[2024-10-11T04:23:00.615+0800][info] GC(382) Archive regions: 2->2
[2024-10-11T04:23:00.615+0800][info] GC(382) Humongous regions: 3->3
[2024-10-11T04:23:00.615+0800][info] GC(382) Metaspace: 1654K(1856K)->1654K(1856K) NonClass: 1530K(1664K)->1530K(1664K) Class: 124K(192K)->124K(192K)
[2024-10-11T04:23:00.615+0800][info] GC(382) Pause Young (Mixed) (G1 Evacuation Pause) 108M->102M(128M) 2.675ms
[2024-10-11T04:23:00.615+0800][info] GC(382) User=0.00s Sys=0.00s Real=0.01s
[2024-10-11T04:23:00.718+0800][info] GC(383) Pause Young (Mixed) (G1 Evacuation Pause)
[2024-10-11T04:23:00.718+0800][info] GC(383) Using 3 workers of 48 for evacuation
[2024-10-11T04:23:00.720+0800][info] GC(383)   Pre Evacuate Collection Set: 0.2ms
[2024-10-11T04:23:00.720+0800][info] GC(383)   Merge Heap Roots: 0.1ms
[2024-10-11T04:23:00.720+0800][info] GC(383)   Evacuate Collection Set: 1.9ms
[2024-10-11T04:23:00.720+0800][info] GC(383)   Post Evacuate Collection Set: 0.2ms
[2024-10-11T04:23:00.720+0800][info] GC(383)   Other: 0.1ms
[2024-10-11T04:23:00.720+0800][info] GC(383) Eden regions: 2->0(2)
[2024-10-11T04:23:00.720+0800][info] GC(383) Survivor regions: 1->1(1)
[2024-10-11T04:23:00.720+0800][info] GC(383) Old regions: 47->46
[2024-10-11T04:23:00.720+0800][info] GC(383) Archive regions: 2->2
[2024-10-11T04:23:00.720+0800][info] GC(383) Humongous regions: 3->3
[2024-10-11T04:23:00.720+0800][info] GC(383) Metaspace: 1654K(1856K)->1654K(1856K) NonClass: 1530K(1664K)->1530K(1664K) Class: 124K(192K)->124K(192K)
[2024-10-11T04:23:00.720+0800][info] GC(383) Pause Young (Mixed) (G1 Evacuation Pause) 105M->100M(128M) 2.569ms
[2024-10-11T04:23:00.720+0800][info] GC(383) User=0.00s Sys=0.00s Real=0.00s
[2024-10-11T04:23:00.822+0800][info] GC(384) Pause Young (Mixed) (G1 Evacuation Pause)
[2024-10-11T04:23:00.822+0800][info] GC(384) Using 3 workers of 48 for evacuation
[2024-10-11T04:23:00.825+0800][info] GC(384)   Pre Evacuate Collection Set: 0.2ms
[2024-10-11T04:23:00.825+0800][info] GC(384)   Merge Heap Roots: 0.1ms
[2024-10-11T04:23:00.825+0800][info] GC(384)   Evacuate Collection Set: 1.9ms
[2024-10-11T04:23:00.825+0800][info] GC(384)   Post Evacuate Collection Set: 0.2ms
[2024-10-11T04:23:00.825+0800][info] GC(384)   Other: 0.1ms
[2024-10-11T04:23:00.825+0800][info] GC(384) Eden regions: 2->0(2)
[2024-10-11T04:23:00.825+0800][info] GC(384) Survivor regions: 1->1(1)
[2024-10-11T04:23:00.825+0800][info] GC(384) Old regions: 46->46
[2024-10-11T04:23:00.825+0800][info] GC(384) Archive regions: 2->2
[2024-10-11T04:23:00.825+0800][info] GC(384) Humongous regions: 3->3
[2024-10-11T04:23:00.825+0800][info] GC(384) Metaspace: 1654K(1856K)->1654K(1856K) NonClass: 1530K(1664K)->1530K(1664K) Class: 124K(192K)->124K(192K)
[2024-10-11T04:23:00.825+0800][info] GC(384) Pause Young (Mixed) (G1 Evacuation Pause) 103M->99M(128M) 2.559ms
[2024-10-11T04:23:00.825+0800][info] GC(384) User=0.00s Sys=0.00s Real=0.00s
[2024-10-11T04:23:00.928+0800][info] GC(385) Pause Young (Mixed) (G1 Evacuation Pause)
[2024-10-11T04:23:00.928+0800][info] GC(385) Using 3 workers of 48 for evacuation
[2024-10-11T04:23:00.930+0800][info] GC(385)   Pre Evacuate Collection Set: 0.2ms
[2024-10-11T04:23:00.930+0800][info] GC(385)   Merge Heap Roots: 0.1ms
[2024-10-11T04:23:00.930+0800][info] GC(385)   Evacuate Collection Set: 1.3ms
[2024-10-11T04:23:00.930+0800][info] GC(385)   Post Evacuate Collection Set: 0.2ms
[2024-10-11T04:23:00.930+0800][info] GC(385)   Other: 0.1ms
[2024-10-11T04:23:00.930+0800][info] GC(385) Eden regions: 2->0(2)
[2024-10-11T04:23:00.930+0800][info] GC(385) Survivor regions: 1->1(1)
[2024-10-11T04:23:00.930+0800][info] GC(385) Old regions: 46->47
[2024-10-11T04:23:00.930+0800][info] GC(385) Archive regions: 2->2
[2024-10-11T04:23:00.930+0800][info] GC(385) Humongous regions: 4->3
[2024-10-11T04:23:00.930+0800][info] GC(385) Metaspace: 1655K(1856K)->1655K(1856K) NonClass: 1531K(1664K)->1531K(1664K) Class: 124K(192K)->124K(192K)
[2024-10-11T04:23:00.930+0800][info] GC(385) Pause Young (Mixed) (G1 Evacuation Pause) 105M->101M(128M) 1.948ms
[2024-10-11T04:23:00.930+0800][info] GC(385) User=0.00s Sys=0.00s Real=0.00s
[2024-10-11T04:23:01.032+0800][info] GC(386) Pause Young (Normal) (G1 Evacuation Pause)
[2024-10-11T04:23:01.032+0800][info] GC(386) Using 3 workers of 48 for evacuation
[2024-10-11T04:23:01.033+0800][info] GC(386)   Pre Evacuate Collection Set: 0.1ms
[2024-10-11T04:23:01.033+0800][info] GC(386)   Merge Heap Roots: 0.0ms
[2024-10-11T04:23:01.033+0800][info] GC(386)   Evacuate Collection Set: 0.7ms
[2024-10-11T04:23:01.033+0800][info] GC(386)   Post Evacuate Collection Set: 0.2ms
[2024-10-11T04:23:01.033+0800][info] GC(386)   Other: 0.2ms
[2024-10-11T04:23:01.033+0800][info] GC(386) Eden regions: 2->0(2)
[2024-10-11T04:23:01.033+0800][info] GC(386) Survivor regions: 1->1(1)
[2024-10-11T04:23:01.033+0800][info] GC(386) Old regions: 47->49
[2024-10-11T04:23:01.033+0800][info] GC(386) Archive regions: 2->2
[2024-10-11T04:23:01.033+0800][info] GC(386) Humongous regions: 3->3
[2024-10-11T04:23:01.033+0800][info] GC(386) Metaspace: 1655K(1856K)->1655K(1856K) NonClass: 1531K(1664K)->1531K(1664K) Class: 124K(192K)->124K(192K)
[2024-10-11T04:23:01.033+0800][info] GC(386) Pause Young (Normal) (G1 Evacuation Pause) 104M->105M(128M) 1.338ms
[2024-10-11T04:23:01.033+0800][info] GC(386) User=0.00s Sys=0.00s Real=0.00s
[2024-10-11T04:23:01.136+0800][info] GC(387) Pause Young (Normal) (G1 Evacuation Pause)
[2024-10-11T04:23:01.136+0800][info] GC(387) Using 3 workers of 48 for evacuation
[2024-10-11T04:23:01.137+0800][info] GC(387)   Pre Evacuate Collection Set: 0.1ms
[2024-10-11T04:23:01.137+0800][info] GC(387)   Merge Heap Roots: 0.0ms
[2024-10-11T04:23:01.137+0800][info] GC(387)   Evacuate Collection Set: 0.6ms
[2024-10-11T04:23:01.137+0800][info] GC(387)   Post Evacuate Collection Set: 0.2ms
[2024-10-11T04:23:01.137+0800][info] GC(387)   Other: 0.2ms
[2024-10-11T04:23:01.137+0800][info] GC(387) Eden regions: 2->0(2)
[2024-10-11T04:23:01.137+0800][info] GC(387) Survivor regions: 1->1(1)
[2024-10-11T04:23:01.137+0800][info] GC(387) Old regions: 49->51
[2024-10-11T04:23:01.137+0800][info] GC(387) Archive regions: 2->2
[2024-10-11T04:23:01.137+0800][info] GC(387) Humongous regions: 3->3
[2024-10-11T04:23:01.137+0800][info] GC(387) Metaspace: 1658K(1856K)->1658K(1856K) NonClass: 1534K(1664K)->1534K(1664K) Class: 124K(192K)->124K(192K)
[2024-10-11T04:23:01.137+0800][info] GC(387) Pause Young (Normal) (G1 Evacuation Pause) 108M->109M(128M) 1.249ms
[2024-10-11T04:23:01.137+0800][info] GC(387) User=0.00s Sys=0.00s Real=0.00s
[2024-10-11T04:23:01.239+0800][info] GC(388) Pause Young (Concurrent Start) (G1 Evacuation Pause)
[2024-10-11T04:23:01.239+0800][info] GC(388) Using 3 workers of 48 for evacuation
[2024-10-11T04:23:01.240+0800][info] GC(388)   Pre Evacuate Collection Set: 0.1ms
[2024-10-11T04:23:01.240+0800][info] GC(388)   Merge Heap Roots: 0.0ms
[2024-10-11T04:23:01.240+0800][info] GC(388)   Evacuate Collection Set: 0.9ms
[2024-10-11T04:23:01.240+0800][info] GC(388)   Post Evacuate Collection Set: 0.2ms
[2024-10-11T04:23:01.241+0800][info] GC(388)   Other: 0.4ms
[2024-10-11T04:23:01.241+0800][info] GC(388) Eden regions: 2->0(2)
[2024-10-11T04:23:01.241+0800][info] GC(388) Survivor regions: 1->1(1)
[2024-10-11T04:23:01.241+0800][info] GC(388) Old regions: 51->53
[2024-10-11T04:23:01.241+0800][info] GC(388) Archive regions: 2->2
[2024-10-11T04:23:01.241+0800][info] GC(388) Humongous regions: 3->3
[2024-10-11T04:23:01.241+0800][info] GC(388) Metaspace: 1658K(1856K)->1658K(1856K) NonClass: 1534K(1664K)->1534K(1664K) Class: 124K(192K)->124K(192K)
[2024-10-11T04:23:01.241+0800][info] GC(388) Pause Young (Concurrent Start) (G1 Evacuation Pause) 112M->113M(128M) 1.681ms
[2024-10-11T04:23:01.241+0800][info] GC(388) User=0.00s Sys=0.00s Real=0.00s
[2024-10-11T04:23:01.241+0800][info] GC(389) Concurrent Mark Cycle
[2024-10-11T04:23:01.241+0800][info] GC(389) Concurrent Clear Claimed Marks
[2024-10-11T04:23:01.241+0800][info] GC(389) Concurrent Clear Claimed Marks 0.014ms
[2024-10-11T04:23:01.241+0800][info] GC(389) Concurrent Scan Root Regions
[2024-10-11T04:23:01.241+0800][info] GC(389) Concurrent Scan Root Regions 0.150ms
[2024-10-11T04:23:01.241+0800][info] GC(389) Concurrent Mark
[2024-10-11T04:23:01.241+0800][info] GC(389) Concurrent Mark From Roots
[2024-10-11T04:23:01.241+0800][info] GC(389) Using 12 workers of 12 for marking
[2024-10-11T04:23:01.245+0800][info] GC(389) Concurrent Mark From Roots 4.340ms
[2024-10-11T04:23:01.245+0800][info] GC(389) Concurrent Preclean
[2024-10-11T04:23:01.247+0800][info] GC(389) Concurrent Preclean 1.682ms
[2024-10-11T04:23:01.247+0800][info] GC(389) Pause Remark
[2024-10-11T04:23:01.249+0800][info] GC(389) Pause Remark 113M->113M(128M) 1.517ms
[2024-10-11T04:23:01.249+0800][info] GC(389) User=0.00s Sys=0.00s Real=0.00s
[2024-10-11T04:23:01.249+0800][info] GC(389) Concurrent Mark 7.794ms
[2024-10-11T04:23:01.249+0800][info] GC(389) Concurrent Rebuild Remembered Sets
[2024-10-11T04:23:01.250+0800][info] GC(389) Concurrent Rebuild Remembered Sets 1.528ms
[2024-10-11T04:23:01.250+0800][info] GC(389) Pause Cleanup
[2024-10-11T04:23:01.251+0800][info] GC(389) Pause Cleanup 113M->113M(128M) 0.184ms
[2024-10-11T04:23:01.251+0800][info] GC(389) User=0.00s Sys=0.00s Real=0.00s
[2024-10-11T04:23:01.251+0800][info] GC(389) Concurrent Cleanup for Next Mark
[2024-10-11T04:23:01.251+0800][info] GC(389) Concurrent Cleanup for Next Mark 0.395ms
[2024-10-11T04:23:01.251+0800][info] GC(389) Concurrent Mark Cycle 10.406ms
[2024-10-11T04:23:01.395+0800][info] GC(390) Pause Young (Prepare Mixed) (G1 Preventive Collection)
[2024-10-11T04:23:01.395+0800][info] GC(390) Using 3 workers of 48 for evacuation
[2024-10-11T04:23:01.396+0800][info] GC(390)   Pre Evacuate Collection Set: 0.1ms
[2024-10-11T04:23:01.396+0800][info] GC(390)   Merge Heap Roots: 0.1ms
[2024-10-11T04:23:01.396+0800][info] GC(390)   Evacuate Collection Set: 0.8ms
[2024-10-11T04:23:01.396+0800][info] GC(390)   Post Evacuate Collection Set: 0.2ms
[2024-10-11T04:23:01.396+0800][info] GC(390)   Other: 0.2ms
[2024-10-11T04:23:01.396+0800][info] GC(390) Eden regions: 2->0(2)
[2024-10-11T04:23:01.396+0800][info] GC(390) Survivor regions: 1->1(1)
[2024-10-11T04:23:01.396+0800][info] GC(390) Old regions: 53->55
[2024-10-11T04:23:01.396+0800][info] GC(390) Archive regions: 2->2
[2024-10-11T04:23:01.396+0800][info] GC(390) Humongous regions: 3->3
[2024-10-11T04:23:01.396+0800][info] GC(390) Metaspace: 1678K(1856K)->1678K(1856K) NonClass: 1553K(1664K)->1553K(1664K) Class: 124K(192K)->124K(192K)
[2024-10-11T04:23:01.396+0800][info] GC(390) Pause Young (Prepare Mixed) (G1 Preventive Collection) 116M->117M(128M) 1.459ms
[2024-10-11T04:23:01.396+0800][info] GC(390) User=0.00s Sys=0.00s Real=0.00s
[2024-10-11T04:23:01.457+0800][info] GC(391) Pause Young (Mixed) (G1 Preventive Collection)
[2024-10-11T04:23:01.457+0800][info] GC(391) Using 3 workers of 48 for evacuation
[2024-10-11T04:23:01.459+0800][info] GC(391) To-space exhausted
[2024-10-11T04:23:01.459+0800][info] GC(391)   Pre Evacuate Collection Set: 0.2ms
[2024-10-11T04:23:01.459+0800][info] GC(391)   Merge Heap Roots: 0.1ms
[2024-10-11T04:23:01.459+0800][info] GC(391)   Evacuate Collection Set: 0.7ms
[2024-10-11T04:23:01.459+0800][info] GC(391)   Post Evacuate Collection Set: 0.2ms
[2024-10-11T04:23:01.459+0800][info] GC(391)   Other: 0.2ms
[2024-10-11T04:23:01.459+0800][info] GC(391) Eden regions: 1->0(2)
[2024-10-11T04:23:01.459+0800][info] GC(391) Survivor regions: 1->1(1)
[2024-10-11T04:23:01.459+0800][info] GC(391) Old regions: 55->53
[2024-10-11T04:23:01.459+0800][info] GC(391) Archive regions: 2->2
[2024-10-11T04:23:01.459+0800][info] GC(391) Humongous regions: 3->3
[2024-10-11T04:23:01.459+0800][info] GC(391) Metaspace: 1678K(1856K)->1678K(1856K) NonClass: 1553K(1664K)->1553K(1664K) Class: 124K(192K)->124K(192K)
[2024-10-11T04:23:01.459+0800][info] GC(391) Pause Young (Mixed) (G1 Preventive Collection) 119M->114M(128M) 1.417ms
[2024-10-11T04:23:01.459+0800][info] GC(391) User=0.00s Sys=0.00s Real=0.00s
[2024-10-11T04:23:01.500+0800][info] GC(392) Pause Young (Mixed) (G1 Preventive Collection)
[2024-10-11T04:23:01.500+0800][info] GC(392) Using 3 workers of 48 for evacuation
[2024-10-11T04:23:01.502+0800][info] GC(392) To-space exhausted
[2024-10-11T04:23:01.502+0800][info] GC(392)   Pre Evacuate Collection Set: 0.2ms
[2024-10-11T04:23:01.502+0800][info] GC(392)   Merge Heap Roots: 0.1ms
[2024-10-11T04:23:01.502+0800][info] GC(392)   Evacuate Collection Set: 1.2ms
[2024-10-11T04:23:01.502+0800][info] GC(392)   Post Evacuate Collection Set: 0.2ms
[2024-10-11T04:23:01.502+0800][info] GC(392)   Other: 0.1ms
[2024-10-11T04:23:01.502+0800][info] GC(392) Eden regions: 1->0(2)
[2024-10-11T04:23:01.502+0800][info] GC(392) Survivor regions: 1->1(1)
[2024-10-11T04:23:01.502+0800][info] GC(392) Old regions: 53->54
[2024-10-11T04:23:01.502+0800][info] GC(392) Archive regions: 2->2
[2024-10-11T04:23:01.502+0800][info] GC(392) Humongous regions: 3->3
[2024-10-11T04:23:01.502+0800][info] GC(392) Metaspace: 1678K(1856K)->1678K(1856K) NonClass: 1553K(1664K)->1553K(1664K) Class: 124K(192K)->124K(192K)
[2024-10-11T04:23:01.502+0800][info] GC(392) Pause Young (Mixed) (G1 Preventive Collection) 116M->116M(128M) 1.953ms
[2024-10-11T04:23:01.502+0800][info] GC(392) User=0.01s Sys=0.00s Real=0.00s
[2024-10-11T04:23:01.563+0800][info] GC(393) Pause Young (Mixed) (G1 Preventive Collection)
[2024-10-11T04:23:01.563+0800][info] GC(393) Using 3 workers of 48 for evacuation
[2024-10-11T04:23:01.565+0800][info] GC(393) To-space exhausted
[2024-10-11T04:23:01.565+0800][info] GC(393)   Pre Evacuate Collection Set: 0.2ms
[2024-10-11T04:23:01.565+0800][info] GC(393)   Merge Heap Roots: 0.1ms
[2024-10-11T04:23:01.565+0800][info] GC(393)   Evacuate Collection Set: 1.0ms
[2024-10-11T04:23:01.565+0800][info] GC(393)   Post Evacuate Collection Set: 0.7ms
[2024-10-11T04:23:01.565+0800][info] GC(393)   Other: 0.1ms
[2024-10-11T04:23:01.565+0800][info] GC(393) Eden regions: 1->0(2)
[2024-10-11T04:23:01.565+0800][info] GC(393) Survivor regions: 1->1(1)
[2024-10-11T04:23:01.565+0800][info] GC(393) Old regions: 54->56
[2024-10-11T04:23:01.565+0800][info] GC(393) Archive regions: 2->2
[2024-10-11T04:23:01.565+0800][info] GC(393) Humongous regions: 3->3
[2024-10-11T04:23:01.565+0800][info] GC(393) Metaspace: 1678K(1856K)->1678K(1856K) NonClass: 1553K(1664K)->1553K(1664K) Class: 124K(192K)->124K(192K)
[2024-10-11T04:23:01.565+0800][info] GC(393) Pause Young (Mixed) (G1 Preventive Collection) 118M->119M(128M) 2.189ms
[2024-10-11T04:23:01.565+0800][info] GC(393) User=0.00s Sys=0.01s Real=0.01s
[2024-10-11T04:23:01.607+0800][info] GC(394) Pause Young (Mixed) (G1 Preventive Collection)
[2024-10-11T04:23:01.607+0800][info] GC(394) Using 3 workers of 48 for evacuation
[2024-10-11T04:23:01.608+0800][info] GC(394) To-space exhausted
[2024-10-11T04:23:01.608+0800][info] GC(394)   Pre Evacuate Collection Set: 0.2ms
[2024-10-11T04:23:01.608+0800][info] GC(394)   Merge Heap Roots: 0.1ms
[2024-10-11T04:23:01.608+0800][info] GC(394)   Evacuate Collection Set: 0.5ms
[2024-10-11T04:23:01.608+0800][info] GC(394)   Post Evacuate Collection Set: 0.2ms
[2024-10-11T04:23:01.608+0800][info] GC(394)   Other: 0.1ms
[2024-10-11T04:23:01.608+0800][info] GC(394) Eden regions: 1->0(2)
[2024-10-11T04:23:01.608+0800][info] GC(394) Survivor regions: 1->1(1)
[2024-10-11T04:23:01.608+0800][info] GC(394) Old regions: 56->57
[2024-10-11T04:23:01.608+0800][info] GC(394) Archive regions: 2->2
[2024-10-11T04:23:01.608+0800][info] GC(394) Humongous regions: 3->3
[2024-10-11T04:23:01.608+0800][info] GC(394) Metaspace: 1678K(1856K)->1678K(1856K) NonClass: 1553K(1664K)->1553K(1664K) Class: 124K(192K)->124K(192K)
[2024-10-11T04:23:01.608+0800][info] GC(394) Pause Young (Mixed) (G1 Preventive Collection) 121M->121M(128M) 1.206ms
[2024-10-11T04:23:01.608+0800][info] GC(394) User=0.00s Sys=0.00s Real=0.00s
[2024-10-11T04:23:01.669+0800][info] GC(395) Pause Young (Mixed) (G1 Evacuation Pause)
[2024-10-11T04:23:01.669+0800][info] GC(395) Using 3 workers of 48 for evacuation
[2024-10-11T04:23:01.671+0800][info] GC(395) To-space exhausted
[2024-10-11T04:23:01.671+0800][info] GC(395)   Pre Evacuate Collection Set: 0.2ms
[2024-10-11T04:23:01.671+0800][info] GC(395)   Merge Heap Roots: 0.1ms
[2024-10-11T04:23:01.671+0800][info] GC(395)   Evacuate Collection Set: 0.4ms
[2024-10-11T04:23:01.671+0800][info] GC(395)   Post Evacuate Collection Set: 0.7ms
[2024-10-11T04:23:01.671+0800][info] GC(395)   Other: 0.2ms
[2024-10-11T04:23:01.671+0800][info] GC(395) Eden regions: 1->0(3)
[2024-10-11T04:23:01.671+0800][info] GC(395) Survivor regions: 1->0(0)
[2024-10-11T04:23:01.671+0800][info] GC(395) Old regions: 57->59
[2024-10-11T04:23:01.671+0800][info] GC(395) Archive regions: 2->2
[2024-10-11T04:23:01.671+0800][info] GC(395) Humongous regions: 3->3
[2024-10-11T04:23:01.671+0800][info] GC(395) Metaspace: 1678K(1856K)->1678K(1856K) NonClass: 1553K(1664K)->1553K(1664K) Class: 124K(192K)->124K(192K)
[2024-10-11T04:23:01.671+0800][info] GC(395) Pause Young (Mixed) (G1 Evacuation Pause) 123M->123M(128M) 1.527ms
[2024-10-11T04:23:01.671+0800][info] GC(395) User=0.01s Sys=0.00s Real=0.00s
[2024-10-11T04:23:01.671+0800][info] Attempting full compaction
[2024-10-11T04:23:01.671+0800][info] GC(396) Using 3 workers of 48 for full compaction
[2024-10-11T04:23:01.671+0800][info] GC(396) Pause Full (G1 Compaction Pause)
[2024-10-11T04:23:01.671+0800][info] GC(396) Phase 1: Mark live objects
[2024-10-11T04:23:01.674+0800][info] GC(396) Phase 1: Mark live objects 3.162ms
[2024-10-11T04:23:01.674+0800][info] GC(396) Phase 2: Prepare for compaction
[2024-10-11T04:23:01.675+0800][info] GC(396) Phase 2: Prepare for compaction 0.647ms
[2024-10-11T04:23:01.675+0800][info] GC(396) Phase 3: Adjust pointers
[2024-10-11T04:23:01.677+0800][info] GC(396) Phase 3: Adjust pointers 1.604ms
[2024-10-11T04:23:01.677+0800][info] GC(396) Phase 4: Compact heap
[2024-10-11T04:23:01.688+0800][info] GC(396) Phase 4: Compact heap 11.917ms
[2024-10-11T04:23:01.690+0800][info] GC(396) Eden regions: 0->0(3)
[2024-10-11T04:23:01.690+0800][info] GC(396) Survivor regions: 0->0(0)
[2024-10-11T04:23:01.690+0800][info] GC(396) Old regions: 59->39
[2024-10-11T04:23:01.690+0800][info] GC(396) Archive regions: 2->2
[2024-10-11T04:23:01.690+0800][info] GC(396) Humongous regions: 3->3
[2024-10-11T04:23:01.690+0800][info] GC(396) Metaspace: 1678K(1856K)->1678K(1856K) NonClass: 1553K(1664K)->1553K(1664K) Class: 124K(192K)->124K(192K)
[2024-10-11T04:23:01.690+0800][info] GC(396) Pause Full (G1 Compaction Pause) 123M->72M(128M) 19.004ms
[2024-10-11T04:23:01.690+0800][info] GC(396) User=0.04s Sys=0.00s Real=0.02s
[2024-10-11T04:23:01.854+0800][info] GC(397) Pause Young (Normal) (G1 Evacuation Pause)
[2024-10-11T04:23:01.854+0800][info] GC(397) Using 3 workers of 48 for evacuation
[2024-10-11T04:23:01.855+0800][info] GC(397)   Pre Evacuate Collection Set: 0.1ms
[2024-10-11T04:23:01.855+0800][info] GC(397)   Merge Heap Roots: 0.0ms
[2024-10-11T04:23:01.855+0800][info] GC(397)   Evacuate Collection Set: 0.8ms
[2024-10-11T04:23:01.855+0800][info] GC(397)   Post Evacuate Collection Set: 0.2ms
[2024-10-11T04:23:01.855+0800][info] GC(397)   Other: 0.2ms
[2024-10-11T04:23:01.855+0800][info] GC(397) Eden regions: 3->0(2)
[2024-10-11T04:23:01.855+0800][info] GC(397) Survivor regions: 0->1(1)
[2024-10-11T04:23:01.855+0800][info] GC(397) Old regions: 39->42
[2024-10-11T04:23:01.855+0800][info] GC(397) Archive regions: 2->2
[2024-10-11T04:23:01.855+0800][info] GC(397) Humongous regions: 3->3
[2024-10-11T04:23:01.855+0800][info] GC(397) Metaspace: 1678K(1856K)->1678K(1856K) NonClass: 1553K(1664K)->1553K(1664K) Class: 124K(192K)->124K(192K)
[2024-10-11T04:23:01.855+0800][info] GC(397) Pause Young (Normal) (G1 Evacuation Pause) 78M->78M(128M) 1.502ms
[2024-10-11T04:23:01.855+0800][info] GC(397) User=0.00s Sys=0.00s Real=0.00s
[2024-10-11T04:23:01.958+0800][info] GC(398) Pause Young (Normal) (G1 Evacuation Pause)
[2024-10-11T04:23:01.958+0800][info] GC(398) Using 3 workers of 48 for evacuation
[2024-10-11T04:23:01.959+0800][info] GC(398)   Pre Evacuate Collection Set: 0.1ms
[2024-10-11T04:23:01.959+0800][info] GC(398)   Merge Heap Roots: 0.0ms
[2024-10-11T04:23:01.959+0800][info] GC(398)   Evacuate Collection Set: 0.8ms
[2024-10-11T04:23:01.959+0800][info] GC(398)   Post Evacuate Collection Set: 0.2ms
[2024-10-11T04:23:01.959+0800][info] GC(398)   Other: 0.2ms
[2024-10-11T04:23:01.959+0800][info] GC(398) Eden regions: 2->0(2)
[2024-10-11T04:23:01.959+0800][info] GC(398) Survivor regions: 1->1(1)
[2024-10-11T04:23:01.959+0800][info] GC(398) Old regions: 42->44
[2024-10-11T04:23:01.959+0800][info] GC(398) Archive regions: 2->2
[2024-10-11T04:23:01.959+0800][info] GC(398) Humongous regions: 3->3
[2024-10-11T04:23:01.959+0800][info] GC(398) Metaspace: 1678K(1856K)->1678K(1856K) NonClass: 1553K(1664K)->1553K(1664K) Class: 124K(192K)->124K(192K)
[2024-10-11T04:23:01.959+0800][info] GC(398) Pause Young (Normal) (G1 Evacuation Pause) 82M->82M(128M) 1.438ms
[2024-10-11T04:23:01.959+0800][info] GC(398) User=0.01s Sys=0.00s Real=0.00s
[2024-10-11T04:23:02.061+0800][info] GC(399) Pause Young (Normal) (G1 Evacuation Pause)
[2024-10-11T04:23:02.061+0800][info] GC(399) Using 3 workers of 48 for evacuation
[2024-10-11T04:23:02.063+0800][info] GC(399)   Pre Evacuate Collection Set: 0.1ms
[2024-10-11T04:23:02.063+0800][info] GC(399)   Merge Heap Roots: 0.0ms
[2024-10-11T04:23:02.063+0800][info] GC(399)   Evacuate Collection Set: 0.9ms
[2024-10-11T04:23:02.063+0800][info] GC(399)   Post Evacuate Collection Set: 0.2ms
[2024-10-11T04:23:02.063+0800][info] GC(399)   Other: 0.2ms
[2024-10-11T04:23:02.063+0800][info] GC(399) Eden regions: 2->0(2)
[2024-10-11T04:23:02.063+0800][info] GC(399) Survivor regions: 1->1(1)
[2024-10-11T04:23:02.063+0800][info] GC(399) Old regions: 44->46
[2024-10-11T04:23:02.063+0800][info] GC(399) Archive regions: 2->2
[2024-10-11T04:23:02.063+0800][info] GC(399) Humongous regions: 3->3
[2024-10-11T04:23:02.063+0800][info] GC(399) Metaspace: 1678K(1856K)->1678K(1856K) NonClass: 1553K(1664K)->1553K(1664K) Class: 124K(192K)->124K(192K)
[2024-10-11T04:23:02.063+0800][info] GC(399) Pause Young (Normal) (G1 Evacuation Pause) 86M->87M(128M) 1.585ms
[2024-10-11T04:23:02.063+0800][info] GC(399) User=0.00s Sys=0.00s Real=0.00s
[2024-10-11T04:23:02.165+0800][info] GC(400) Pause Young (Normal) (G1 Evacuation Pause)
[2024-10-11T04:23:02.165+0800][info] GC(400) Using 3 workers of 48 for evacuation
[2024-10-11T04:23:02.166+0800][info] GC(400)   Pre Evacuate Collection Set: 0.1ms
[2024-10-11T04:23:02.166+0800][info] GC(400)   Merge Heap Roots: 0.0ms
[2024-10-11T04:23:02.166+0800][info] GC(400)   Evacuate Collection Set: 0.7ms
[2024-10-11T04:23:02.166+0800][info] GC(400)   Post Evacuate Collection Set: 0.2ms
[2024-10-11T04:23:02.166+0800][info] GC(400)   Other: 0.2ms
[2024-10-11T04:23:02.166+0800][info] GC(400) Eden regions: 2->0(2)
[2024-10-11T04:23:02.166+0800][info] GC(400) Survivor regions: 1->1(1)
[2024-10-11T04:23:02.166+0800][info] GC(400) Old regions: 46->48
[2024-10-11T04:23:02.166+0800][info] GC(400) Archive regions: 2->2
[2024-10-11T04:23:02.166+0800][info] GC(400) Humongous regions: 3->3
[2024-10-11T04:23:02.166+0800][info] GC(400) Metaspace: 1678K(1856K)->1678K(1856K) NonClass: 1553K(1664K)->1553K(1664K) Class: 124K(192K)->124K(192K)
[2024-10-11T04:23:02.166+0800][info] GC(400) Pause Young (Normal) (G1 Evacuation Pause) 90M->91M(128M) 1.327ms
[2024-10-11T04:23:02.166+0800][info] GC(400) User=0.00s Sys=0.00s Real=0.01s
[2024-10-11T04:23:02.269+0800][info] GC(401) Pause Young (Concurrent Start) (G1 Evacuation Pause)
[2024-10-11T04:23:02.269+0800][info] GC(401) Using 3 workers of 48 for evacuation
[2024-10-11T04:23:02.270+0800][info] GC(401)   Pre Evacuate Collection Set: 0.1ms
[2024-10-11T04:23:02.270+0800][info] GC(401)   Merge Heap Roots: 0.0ms
[2024-10-11T04:23:02.270+0800][info] GC(401)   Evacuate Collection Set: 0.8ms
[2024-10-11T04:23:02.270+0800][info] GC(401)   Post Evacuate Collection Set: 0.2ms
[2024-10-11T04:23:02.270+0800][info] GC(401)   Other: 0.4ms
[2024-10-11T04:23:02.270+0800][info] GC(401) Eden regions: 2->0(2)
[2024-10-11T04:23:02.270+0800][info] GC(401) Survivor regions: 1->1(1)
[2024-10-11T04:23:02.270+0800][info] GC(401) Old regions: 48->50
[2024-10-11T04:23:02.270+0800][info] GC(401) Archive regions: 2->2
[2024-10-11T04:23:02.270+0800][info] GC(401) Humongous regions: 3->3
[2024-10-11T04:23:02.270+0800][info] GC(401) Metaspace: 1678K(1856K)->1678K(1856K) NonClass: 1553K(1664K)->1553K(1664K) Class: 124K(192K)->124K(192K)
[2024-10-11T04:23:02.270+0800][info] GC(401) Pause Young (Concurrent Start) (G1 Evacuation Pause) 94M->94M(128M) 1.661ms
[2024-10-11T04:23:02.270+0800][info] GC(401) User=0.00s Sys=0.00s Real=0.00s
[2024-10-11T04:23:02.270+0800][info] GC(402) Concurrent Mark Cycle
[2024-10-11T04:23:02.270+0800][info] GC(402) Concurrent Clear Claimed Marks
[2024-10-11T04:23:02.270+0800][info] GC(402) Concurrent Clear Claimed Marks 0.015ms
[2024-10-11T04:23:02.270+0800][info] GC(402) Concurrent Scan Root Regions
[2024-10-11T04:23:02.271+0800][info] GC(402) Concurrent Scan Root Regions 0.147ms
[2024-10-11T04:23:02.271+0800][info] GC(402) Concurrent Mark
[2024-10-11T04:23:02.271+0800][info] GC(402) Concurrent Mark From Roots
[2024-10-11T04:23:02.271+0800][info] GC(402) Using 12 workers of 12 for marking
[2024-10-11T04:23:02.274+0800][info] GC(402) Concurrent Mark From Roots 3.550ms
[2024-10-11T04:23:02.274+0800][info] GC(402) Concurrent Preclean
[2024-10-11T04:23:02.276+0800][info] GC(402) Concurrent Preclean 1.679ms
[2024-10-11T04:23:02.276+0800][info] GC(402) Pause Remark
[2024-10-11T04:23:02.277+0800][info] GC(402) Pause Remark 95M->95M(128M) 1.428ms
[2024-10-11T04:23:02.277+0800][info] GC(402) User=0.00s Sys=0.00s Real=0.00s
[2024-10-11T04:23:02.277+0800][info] GC(402) Concurrent Mark 6.867ms
[2024-10-11T04:23:02.277+0800][info] GC(402) Concurrent Rebuild Remembered Sets
[2024-10-11T04:23:02.280+0800][info] GC(402) Concurrent Rebuild Remembered Sets 2.031ms
[2024-10-11T04:23:02.280+0800][info] GC(402) Pause Cleanup
[2024-10-11T04:23:02.280+0800][info] GC(402) Pause Cleanup 95M->95M(128M) 0.187ms
[2024-10-11T04:23:02.280+0800][info] GC(402) User=0.00s Sys=0.00s Real=0.00s
[2024-10-11T04:23:02.280+0800][info] GC(402) Concurrent Cleanup for Next Mark
[2024-10-11T04:23:02.280+0800][info] GC(402) Concurrent Cleanup for Next Mark 0.395ms
[2024-10-11T04:23:02.280+0800][info] GC(402) Concurrent Mark Cycle 9.968ms
[2024-10-11T04:23:02.423+0800][info] GC(403) Pause Young (Prepare Mixed) (G1 Evacuation Pause)
[2024-10-11T04:23:02.423+0800][info] GC(403) Using 3 workers of 48 for evacuation
[2024-10-11T04:23:02.425+0800][info] GC(403)   Pre Evacuate Collection Set: 0.1ms
[2024-10-11T04:23:02.425+0800][info] GC(403)   Merge Heap Roots: 0.1ms
[2024-10-11T04:23:02.425+0800][info] GC(403)   Evacuate Collection Set: 0.8ms
[2024-10-11T04:23:02.425+0800][info] GC(403)   Post Evacuate Collection Set: 0.2ms
[2024-10-11T04:23:02.425+0800][info] GC(403)   Other: 0.2ms
[2024-10-11T04:23:02.425+0800][info] GC(403) Eden regions: 2->0(2)
[2024-10-11T04:23:02.425+0800][info] GC(403) Survivor regions: 1->1(1)
[2024-10-11T04:23:02.425+0800][info] GC(403) Old regions: 50->52
[2024-10-11T04:23:02.425+0800][info] GC(403) Archive regions: 2->2
[2024-10-11T04:23:02.425+0800][info] GC(403) Humongous regions: 3->3
[2024-10-11T04:23:02.425+0800][info] GC(403) Metaspace: 1678K(1856K)->1678K(1856K) NonClass: 1553K(1664K)->1553K(1664K) Class: 124K(192K)->124K(192K)
[2024-10-11T04:23:02.425+0800][info] GC(403) Pause Young (Prepare Mixed) (G1 Evacuation Pause) 98M->98M(128M) 1.490ms
[2024-10-11T04:23:02.425+0800][info] GC(403) User=0.00s Sys=0.00s Real=0.00s
[2024-10-11T04:23:02.527+0800][info] GC(404) Pause Young (Mixed) (G1 Preventive Collection)
[2024-10-11T04:23:02.527+0800][info] GC(404) Using 3 workers of 48 for evacuation
[2024-10-11T04:23:02.529+0800][info] GC(404) To-space exhausted
[2024-10-11T04:23:02.529+0800][info] GC(404)   Pre Evacuate Collection Set: 0.2ms
[2024-10-11T04:23:02.529+0800][info] GC(404)   Merge Heap Roots: 0.1ms
[2024-10-11T04:23:02.529+0800][info] GC(404)   Evacuate Collection Set: 1.1ms
[2024-10-11T04:23:02.529+0800][info] GC(404)   Post Evacuate Collection Set: 0.2ms
[2024-10-11T04:23:02.529+0800][info] GC(404)   Other: 0.2ms
[2024-10-11T04:23:02.529+0800][info] GC(404) Eden regions: 2->0(2)
[2024-10-11T04:23:02.529+0800][info] GC(404) Survivor regions: 1->1(1)
[2024-10-11T04:23:02.529+0800][info] GC(404) Old regions: 52->50
[2024-10-11T04:23:02.529+0800][info] GC(404) Archive regions: 2->2
[2024-10-11T04:23:02.529+0800][info] GC(404) Humongous regions: 3->3
[2024-10-11T04:23:02.529+0800][info] GC(404) Metaspace: 1678K(1856K)->1678K(1856K) NonClass: 1553K(1664K)->1553K(1664K) Class: 124K(192K)->124K(192K)
[2024-10-11T04:23:02.529+0800][info] GC(404) Pause Young (Mixed) (G1 Preventive Collection) 102M->99M(128M) 1.867ms
[2024-10-11T04:23:02.529+0800][info] GC(404) User=0.01s Sys=0.00s Real=0.00s
[2024-10-11T04:23:02.631+0800][info] GC(405) Pause Young (Mixed) (G1 Preventive Collection)
[2024-10-11T04:23:02.631+0800][info] GC(405) Using 3 workers of 48 for evacuation
[2024-10-11T04:23:02.633+0800][info] GC(405) To-space exhausted
[2024-10-11T04:23:02.633+0800][info] GC(405)   Pre Evacuate Collection Set: 0.2ms
[2024-10-11T04:23:02.633+0800][info] GC(405)   Merge Heap Roots: 0.1ms
[2024-10-11T04:23:02.633+0800][info] GC(405)   Evacuate Collection Set: 1.5ms
[2024-10-11T04:23:02.633+0800][info] GC(405)   Post Evacuate Collection Set: 0.3ms
[2024-10-11T04:23:02.633+0800][info] GC(405)   Other: 0.2ms
[2024-10-11T04:23:02.633+0800][info] GC(405) Eden regions: 2->0(2)
[2024-10-11T04:23:02.633+0800][info] GC(405) Survivor regions: 1->1(1)
[2024-10-11T04:23:02.634+0800][info] GC(405) Old regions: 50->51
[2024-10-11T04:23:02.634+0800][info] GC(405) Archive regions: 2->2
[2024-10-11T04:23:02.634+0800][info] GC(405) Humongous regions: 3->3
[2024-10-11T04:23:02.634+0800][info] GC(405) Metaspace: 1678K(1856K)->1678K(1856K) NonClass: 1553K(1664K)->1553K(1664K) Class: 124K(192K)->124K(192K)
[2024-10-11T04:23:02.634+0800][info] GC(405) Pause Young (Mixed) (G1 Preventive Collection) 102M->102M(128M) 2.385ms
[2024-10-11T04:23:02.634+0800][info] GC(405) User=0.01s Sys=0.00s Real=0.01s
[2024-10-11T04:23:02.736+0800][info] GC(406) Pause Young (Mixed) (G1 Preventive Collection)
[2024-10-11T04:23:02.736+0800][info] GC(406) Using 3 workers of 48 for evacuation
[2024-10-11T04:23:02.738+0800][info] GC(406) To-space exhausted
[2024-10-11T04:23:02.738+0800][info] GC(406)   Pre Evacuate Collection Set: 0.2ms
[2024-10-11T04:23:02.738+0800][info] GC(406)   Merge Heap Roots: 0.1ms
[2024-10-11T04:23:02.738+0800][info] GC(406)   Evacuate Collection Set: 1.5ms
[2024-10-11T04:23:02.738+0800][info] GC(406)   Post Evacuate Collection Set: 0.3ms
[2024-10-11T04:23:02.738+0800][info] GC(406)   Other: 0.2ms
[2024-10-11T04:23:02.738+0800][info] GC(406) Eden regions: 2->0(2)
[2024-10-11T04:23:02.738+0800][info] GC(406) Survivor regions: 1->1(1)
[2024-10-11T04:23:02.739+0800][info] GC(406) Old regions: 51->54
[2024-10-11T04:23:02.739+0800][info] GC(406) Archive regions: 2->2
[2024-10-11T04:23:02.739+0800][info] GC(406) Humongous regions: 3->3
[2024-10-11T04:23:02.739+0800][info] GC(406) Metaspace: 1678K(1856K)->1678K(1856K) NonClass: 1553K(1664K)->1553K(1664K) Class: 124K(192K)->124K(192K)
[2024-10-11T04:23:02.739+0800][info] GC(406) Pause Young (Mixed) (G1 Preventive Collection) 106M->108M(128M) 2.376ms
[2024-10-11T04:23:02.739+0800][info] GC(406) User=0.00s Sys=0.00s Real=0.00s
[2024-10-11T04:23:02.800+0800][info] GC(407) Pause Young (Mixed) (G1 Preventive Collection)
[2024-10-11T04:23:02.800+0800][info] GC(407) Using 3 workers of 48 for evacuation
[2024-10-11T04:23:02.801+0800][info] GC(407) To-space exhausted
[2024-10-11T04:23:02.801+0800][info] GC(407)   Pre Evacuate Collection Set: 0.2ms
[2024-10-11T04:23:02.801+0800][info] GC(407)   Merge Heap Roots: 0.1ms
[2024-10-11T04:23:02.801+0800][info] GC(407)   Evacuate Collection Set: 0.9ms
[2024-10-11T04:23:02.801+0800][info] GC(407)   Post Evacuate Collection Set: 0.2ms
[2024-10-11T04:23:02.801+0800][info] GC(407)   Other: 0.1ms
[2024-10-11T04:23:02.801+0800][info] GC(407) Eden regions: 1->0(2)
[2024-10-11T04:23:02.801+0800][info] GC(407) Survivor regions: 1->1(1)
[2024-10-11T04:23:02.801+0800][info] GC(407) Old regions: 54->57
[2024-10-11T04:23:02.801+0800][info] GC(407) Archive regions: 2->2
[2024-10-11T04:23:02.801+0800][info] GC(407) Humongous regions: 3->3
[2024-10-11T04:23:02.801+0800][info] GC(407) Metaspace: 1678K(1856K)->1678K(1856K) NonClass: 1553K(1664K)->1553K(1664K) Class: 124K(192K)->124K(192K)
[2024-10-11T04:23:02.802+0800][info] GC(407) Pause Young (Mixed) (G1 Preventive Collection) 110M->114M(128M) 1.590ms
[2024-10-11T04:23:02.802+0800][info] GC(407) User=0.01s Sys=0.00s Real=0.00s
[2024-10-11T04:23:02.843+0800][info] GC(408) Pause Young (Concurrent Start) (G1 Evacuation Pause)
[2024-10-11T04:23:02.843+0800][info] GC(408) Using 3 workers of 48 for evacuation
[2024-10-11T04:23:02.843+0800][info] GC(408) To-space exhausted
[2024-10-11T04:23:02.843+0800][info] GC(408)   Pre Evacuate Collection Set: 0.1ms
[2024-10-11T04:23:02.843+0800][info] GC(408)   Merge Heap Roots: 0.1ms
[2024-10-11T04:23:02.843+0800][info] GC(408)   Evacuate Collection Set: 0.3ms
[2024-10-11T04:23:02.843+0800][info] GC(408)   Post Evacuate Collection Set: 0.2ms
[2024-10-11T04:23:02.844+0800][info] GC(408)   Other: 0.3ms
[2024-10-11T04:23:02.844+0800][info] GC(408) Eden regions: 1->0(3)
[2024-10-11T04:23:02.844+0800][info] GC(408) Survivor regions: 1->0(0)
[2024-10-11T04:23:02.844+0800][info] GC(408) Old regions: 57->59
[2024-10-11T04:23:02.844+0800][info] GC(408) Archive regions: 2->2
[2024-10-11T04:23:02.844+0800][info] GC(408) Humongous regions: 3->3
[2024-10-11T04:23:02.844+0800][info] GC(408) Metaspace: 1678K(1856K)->1678K(1856K) NonClass: 1553K(1664K)->1553K(1664K) Class: 124K(192K)->124K(192K)
[2024-10-11T04:23:02.844+0800][info] GC(408) Pause Young (Concurrent Start) (G1 Evacuation Pause) 116M->116M(128M) 1.111ms
[2024-10-11T04:23:02.844+0800][info] GC(408) User=0.00s Sys=0.00s Real=0.00s
[2024-10-11T04:23:02.844+0800][info] Attempting full compaction
[2024-10-11T04:23:02.844+0800][info] GC(410) Concurrent Mark Cycle
[2024-10-11T04:23:02.844+0800][info] GC(410) Concurrent Clear Claimed Marks
[2024-10-11T04:23:02.844+0800][info] GC(409) Using 3 workers of 48 for full compaction
[2024-10-11T04:23:02.844+0800][info] GC(410) Concurrent Clear Claimed Marks 0.019ms
[2024-10-11T04:23:02.844+0800][info] GC(410) Concurrent Scan Root Regions
[2024-10-11T04:23:02.844+0800][info] GC(410) Concurrent Scan Root Regions 0.014ms
[2024-10-11T04:23:02.844+0800][info] GC(410) Concurrent Mark
[2024-10-11T04:23:02.844+0800][info] GC(410) Concurrent Mark From Roots
[2024-10-11T04:23:02.844+0800][info] GC(410) Using 12 workers of 12 for marking
[2024-10-11T04:23:02.844+0800][info] GC(409) Pause Full (G1 Compaction Pause)
[2024-10-11T04:23:02.844+0800][info] GC(409) Phase 1: Mark live objects
[2024-10-11T04:23:02.848+0800][info] GC(409) Phase 1: Mark live objects 3.358ms
[2024-10-11T04:23:02.848+0800][info] GC(409) Phase 2: Prepare for compaction
[2024-10-11T04:23:02.848+0800][info] GC(409) Phase 2: Prepare for compaction 0.651ms
[2024-10-11T04:23:02.848+0800][info] GC(409) Phase 3: Adjust pointers
[2024-10-11T04:23:02.850+0800][info] GC(409) Phase 3: Adjust pointers 1.679ms
[2024-10-11T04:23:02.850+0800][info] GC(409) Phase 4: Compact heap
[2024-10-11T04:23:02.863+0800][info] GC(409) Phase 4: Compact heap 12.461ms
[2024-10-11T04:23:02.864+0800][info] GC(409) Eden regions: 0->0(4)
[2024-10-11T04:23:02.864+0800][info] GC(409) Survivor regions: 0->0(0)
[2024-10-11T04:23:02.864+0800][info] GC(409) Old regions: 59->39
[2024-10-11T04:23:02.864+0800][info] GC(409) Archive regions: 2->2
[2024-10-11T04:23:02.864+0800][info] GC(409) Humongous regions: 3->3
[2024-10-11T04:23:02.864+0800][info] GC(409) Metaspace: 1678K(1856K)->1678K(1856K) NonClass: 1553K(1664K)->1553K(1664K) Class: 124K(192K)->124K(192K)
[2024-10-11T04:23:02.864+0800][info] GC(409) Pause Full (G1 Compaction Pause) 116M->72M(128M) 20.231ms
[2024-10-11T04:23:02.864+0800][info] GC(409) User=0.04s Sys=0.00s Real=0.02s
[2024-10-11T04:23:02.864+0800][info] GC(410) Concurrent Mark From Roots 20.513ms
[2024-10-11T04:23:02.864+0800][info] GC(410) Concurrent Mark Abort
[2024-10-11T04:23:02.864+0800][info] GC(410) Concurrent Mark Cycle 20.742ms
[2024-10-11T04:23:03.090+0800][info] GC(411) Pause Young (Normal) (G1 Evacuation Pause)
[2024-10-11T04:23:03.090+0800][info] GC(411) Using 3 workers of 48 for evacuation
[2024-10-11T04:23:03.091+0800][info] GC(411)   Pre Evacuate Collection Set: 0.1ms
[2024-10-11T04:23:03.091+0800][info] GC(411)   Merge Heap Roots: 0.0ms
[2024-10-11T04:23:03.091+0800][info] GC(411)   Evacuate Collection Set: 1.1ms
[2024-10-11T04:23:03.091+0800][info] GC(411)   Post Evacuate Collection Set: 0.2ms
[2024-10-11T04:23:03.091+0800][info] GC(411)   Other: 0.2ms
[2024-10-11T04:23:03.091+0800][info] GC(411) Eden regions: 4->0(2)
[2024-10-11T04:23:03.091+0800][info] GC(411) Survivor regions: 0->1(1)
[2024-10-11T04:23:03.091+0800][info] GC(411) Old regions: 39->42
[2024-10-11T04:23:03.091+0800][info] GC(411) Archive regions: 2->2
[2024-10-11T04:23:03.091+0800][info] GC(411) Humongous regions: 3->3
[2024-10-11T04:23:03.091+0800][info] GC(411) Metaspace: 1678K(1856K)->1678K(1856K) NonClass: 1553K(1664K)->1553K(1664K) Class: 124K(192K)->124K(192K)
[2024-10-11T04:23:03.091+0800][info] GC(411) Pause Young (Normal) (G1 Evacuation Pause) 80M->80M(128M) 1.769ms
[2024-10-11T04:23:03.092+0800][info] GC(411) User=0.00s Sys=0.00s Real=0.00s
[2024-10-11T04:23:03.194+0800][info] GC(412) Pause Young (Normal) (G1 Evacuation Pause)
[2024-10-11T04:23:03.194+0800][info] GC(412) Using 3 workers of 48 for evacuation
[2024-10-11T04:23:03.196+0800][info] GC(412)   Pre Evacuate Collection Set: 0.1ms
[2024-10-11T04:23:03.196+0800][info] GC(412)   Merge Heap Roots: 0.1ms
[2024-10-11T04:23:03.196+0800][info] GC(412)   Evacuate Collection Set: 0.8ms
[2024-10-11T04:23:03.196+0800][info] GC(412)   Post Evacuate Collection Set: 0.2ms
[2024-10-11T04:23:03.196+0800][info] GC(412)   Other: 0.2ms
[2024-10-11T04:23:03.196+0800][info] GC(412) Eden regions: 2->0(2)
[2024-10-11T04:23:03.196+0800][info] GC(412) Survivor regions: 1->1(1)
[2024-10-11T04:23:03.196+0800][info] GC(412) Old regions: 42->44
[2024-10-11T04:23:03.196+0800][info] GC(412) Archive regions: 2->2
[2024-10-11T04:23:03.196+0800][info] GC(412) Humongous regions: 4->4
[2024-10-11T04:23:03.196+0800][info] GC(412) Metaspace: 1678K(1856K)->1678K(1856K) NonClass: 1553K(1664K)->1553K(1664K) Class: 124K(192K)->124K(192K)
[2024-10-11T04:23:03.196+0800][info] GC(412) Pause Young (Normal) (G1 Evacuation Pause) 86M->86M(128M) 1.388ms
[2024-10-11T04:23:03.196+0800][info] GC(412) User=0.00s Sys=0.00s Real=0.00s
[2024-10-11T04:23:03.298+0800][info] GC(413) Pause Young (Normal) (G1 Evacuation Pause)
[2024-10-11T04:23:03.298+0800][info] GC(413) Using 3 workers of 48 for evacuation
[2024-10-11T04:23:03.299+0800][info] GC(413)   Pre Evacuate Collection Set: 0.1ms
[2024-10-11T04:23:03.299+0800][info] GC(413)   Merge Heap Roots: 0.0ms
[2024-10-11T04:23:03.299+0800][info] GC(413)   Evacuate Collection Set: 0.7ms
[2024-10-11T04:23:03.299+0800][info] GC(413)   Post Evacuate Collection Set: 0.2ms
[2024-10-11T04:23:03.299+0800][info] GC(413)   Other: 0.2ms
[2024-10-11T04:23:03.299+0800][info] GC(413) Eden regions: 2->0(2)
[2024-10-11T04:23:03.299+0800][info] GC(413) Survivor regions: 1->1(1)
[2024-10-11T04:23:03.299+0800][info] GC(413) Old regions: 44->46
[2024-10-11T04:23:03.299+0800][info] GC(413) Archive regions: 2->2
[2024-10-11T04:23:03.299+0800][info] GC(413) Humongous regions: 4->4
[2024-10-11T04:23:03.299+0800][info] GC(413) Metaspace: 1678K(1856K)->1678K(1856K) NonClass: 1553K(1664K)->1553K(1664K) Class: 124K(192K)->124K(192K)
[2024-10-11T04:23:03.299+0800][info] GC(413) Pause Young (Normal) (G1 Evacuation Pause) 89M->89M(128M) 1.308ms
[2024-10-11T04:23:03.299+0800][info] GC(413) User=0.00s Sys=0.00s Real=0.00s
[2024-10-11T04:23:03.401+0800][info] GC(414) Pause Young (Concurrent Start) (G1 Evacuation Pause)
[2024-10-11T04:23:03.401+0800][info] GC(414) Using 3 workers of 48 for evacuation
[2024-10-11T04:23:03.403+0800][info] GC(414)   Pre Evacuate Collection Set: 0.1ms
[2024-10-11T04:23:03.403+0800][info] GC(414)   Merge Heap Roots: 0.0ms
[2024-10-11T04:23:03.403+0800][info] GC(414)   Evacuate Collection Set: 0.8ms
[2024-10-11T04:23:03.403+0800][info] GC(414)   Post Evacuate Collection Set: 0.2ms
[2024-10-11T04:23:03.403+0800][info] GC(414)   Other: 0.3ms
[2024-10-11T04:23:03.403+0800][info] GC(414) Eden regions: 2->0(2)
[2024-10-11T04:23:03.403+0800][info] GC(414) Survivor regions: 1->1(1)
[2024-10-11T04:23:03.403+0800][info] GC(414) Old regions: 46->48
[2024-10-11T04:23:03.403+0800][info] GC(414) Archive regions: 2->2
[2024-10-11T04:23:03.403+0800][info] GC(414) Humongous regions: 4->4
[2024-10-11T04:23:03.403+0800][info] GC(414) Metaspace: 1678K(1856K)->1678K(1856K) NonClass: 1553K(1664K)->1553K(1664K) Class: 124K(192K)->124K(192K)
[2024-10-11T04:23:03.403+0800][info] GC(414) Pause Young (Concurrent Start) (G1 Evacuation Pause) 93M->93M(128M) 1.513ms
[2024-10-11T04:23:03.403+0800][info] GC(414) User=0.00s Sys=0.00s Real=0.00s
[2024-10-11T04:23:03.403+0800][info] GC(415) Concurrent Mark Cycle
[2024-10-11T04:23:03.403+0800][info] GC(415) Concurrent Clear Claimed Marks
[2024-10-11T04:23:03.403+0800][info] GC(415) Concurrent Clear Claimed Marks 0.016ms
[2024-10-11T04:23:03.403+0800][info] GC(415) Concurrent Scan Root Regions
[2024-10-11T04:23:03.403+0800][info] GC(415) Concurrent Scan Root Regions 0.121ms
[2024-10-11T04:23:03.403+0800][info] GC(415) Concurrent Mark
[2024-10-11T04:23:03.403+0800][info] GC(415) Concurrent Mark From Roots
[2024-10-11T04:23:03.403+0800][info] GC(415) Using 12 workers of 12 for marking
[2024-10-11T04:23:03.408+0800][info] GC(415) Concurrent Mark From Roots 4.519ms
[2024-10-11T04:23:03.408+0800][info] GC(415) Concurrent Preclean
[2024-10-11T04:23:03.410+0800][info] GC(415) Concurrent Preclean 1.728ms
[2024-10-11T04:23:03.410+0800][info] GC(415) Pause Remark
[2024-10-11T04:23:03.411+0800][info] GC(415) Pause Remark 94M->92M(128M) 1.522ms
[2024-10-11T04:23:03.411+0800][info] GC(415) User=0.00s Sys=0.00s Real=0.00s
[2024-10-11T04:23:03.411+0800][info] GC(415) Concurrent Mark 8.083ms
[2024-10-11T04:23:03.411+0800][info] GC(415) Concurrent Rebuild Remembered Sets
[2024-10-11T04:23:03.413+0800][info] GC(415) Concurrent Rebuild Remembered Sets 1.527ms
[2024-10-11T04:23:03.413+0800][info] GC(415) Pause Cleanup
[2024-10-11T04:23:03.413+0800][info] GC(415) Pause Cleanup 92M->92M(128M) 0.210ms
[2024-10-11T04:23:03.413+0800][info] GC(415) User=0.00s Sys=0.00s Real=0.01s
[2024-10-11T04:23:03.413+0800][info] GC(415) Concurrent Cleanup for Next Mark
[2024-10-11T04:23:03.414+0800][info] GC(415) Concurrent Cleanup for Next Mark 0.393ms
[2024-10-11T04:23:03.414+0800][info] GC(415) Concurrent Mark Cycle 10.694ms
[2024-10-11T04:23:03.556+0800][info] GC(416) Pause Young (Prepare Mixed) (G1 Evacuation Pause)
[2024-10-11T04:23:03.556+0800][info] GC(416) Using 3 workers of 48 for evacuation
[2024-10-11T04:23:03.557+0800][info] GC(416)   Pre Evacuate Collection Set: 0.1ms
[2024-10-11T04:23:03.557+0800][info] GC(416)   Merge Heap Roots: 0.1ms
[2024-10-11T04:23:03.557+0800][info] GC(416)   Evacuate Collection Set: 0.8ms
[2024-10-11T04:23:03.557+0800][info] GC(416)   Post Evacuate Collection Set: 0.2ms
[2024-10-11T04:23:03.557+0800][info] GC(416)   Other: 0.2ms
[2024-10-11T04:23:03.557+0800][info] GC(416) Eden regions: 2->0(2)
[2024-10-11T04:23:03.557+0800][info] GC(416) Survivor regions: 1->1(1)
[2024-10-11T04:23:03.557+0800][info] GC(416) Old regions: 48->50
[2024-10-11T04:23:03.557+0800][info] GC(416) Archive regions: 2->2
[2024-10-11T04:23:03.557+0800][info] GC(416) Humongous regions: 3->3
[2024-10-11T04:23:03.557+0800][info] GC(416) Metaspace: 1678K(1856K)->1678K(1856K) NonClass: 1553K(1664K)->1553K(1664K) Class: 124K(192K)->124K(192K)
[2024-10-11T04:23:03.557+0800][info] GC(416) Pause Young (Prepare Mixed) (G1 Evacuation Pause) 95M->95M(128M) 1.479ms
[2024-10-11T04:23:03.557+0800][info] GC(416) User=0.00s Sys=0.00s Real=0.00s
[2024-10-11T04:23:03.660+0800][info] GC(417) Pause Young (Mixed) (G1 Evacuation Pause)
[2024-10-11T04:23:03.660+0800][info] GC(417) Using 3 workers of 48 for evacuation
[2024-10-11T04:23:03.662+0800][info] GC(417)   Pre Evacuate Collection Set: 0.2ms
[2024-10-11T04:23:03.662+0800][info] GC(417)   Merge Heap Roots: 0.1ms
[2024-10-11T04:23:03.662+0800][info] GC(417)   Evacuate Collection Set: 1.6ms
[2024-10-11T04:23:03.662+0800][info] GC(417)   Post Evacuate Collection Set: 0.2ms
[2024-10-11T04:23:03.662+0800][info] GC(417)   Other: 0.2ms
[2024-10-11T04:23:03.662+0800][info] GC(417) Eden regions: 2->0(2)
[2024-10-11T04:23:03.662+0800][info] GC(417) Survivor regions: 1->1(1)
[2024-10-11T04:23:03.662+0800][info] GC(417) Old regions: 50->48
[2024-10-11T04:23:03.662+0800][info] GC(417) Archive regions: 2->2
[2024-10-11T04:23:03.662+0800][info] GC(417) Humongous regions: 3->3
[2024-10-11T04:23:03.662+0800][info] GC(417) Metaspace: 1678K(1856K)->1678K(1856K) NonClass: 1553K(1664K)->1553K(1664K) Class: 124K(192K)->124K(192K)
[2024-10-11T04:23:03.662+0800][info] GC(417) Pause Young (Mixed) (G1 Evacuation Pause) 99M->94M(128M) 2.301ms
[2024-10-11T04:23:03.662+0800][info] GC(417) User=0.01s Sys=0.00s Real=0.00s
[2024-10-11T04:23:03.764+0800][info] GC(418) Pause Young (Mixed) (G1 Evacuation Pause)
[2024-10-11T04:23:03.764+0800][info] GC(418) Using 3 workers of 48 for evacuation
[2024-10-11T04:23:03.766+0800][info] GC(418)   Pre Evacuate Collection Set: 0.2ms
[2024-10-11T04:23:03.766+0800][info] GC(418)   Merge Heap Roots: 0.1ms
[2024-10-11T04:23:03.766+0800][info] GC(418)   Evacuate Collection Set: 1.6ms
[2024-10-11T04:23:03.766+0800][info] GC(418)   Post Evacuate Collection Set: 0.2ms
[2024-10-11T04:23:03.766+0800][info] GC(418)   Other: 0.2ms
[2024-10-11T04:23:03.766+0800][info] GC(418) Eden regions: 2->0(2)
[2024-10-11T04:23:03.766+0800][info] GC(418) Survivor regions: 1->1(1)
[2024-10-11T04:23:03.766+0800][info] GC(418) Old regions: 48->46
[2024-10-11T04:23:03.766+0800][info] GC(418) Archive regions: 2->2
[2024-10-11T04:23:03.766+0800][info] GC(418) Humongous regions: 3->3
[2024-10-11T04:23:03.766+0800][info] GC(418) Metaspace: 1678K(1856K)->1678K(1856K) NonClass: 1553K(1664K)->1553K(1664K) Class: 124K(192K)->124K(192K)
[2024-10-11T04:23:03.766+0800][info] GC(418) Pause Young (Mixed) (G1 Evacuation Pause) 98M->94M(128M) 2.323ms
[2024-10-11T04:23:03.766+0800][info] GC(418) User=0.01s Sys=0.00s Real=0.01s
[2024-10-11T04:23:03.869+0800][info] GC(419) Pause Young (Mixed) (G1 Evacuation Pause)
[2024-10-11T04:23:03.869+0800][info] GC(419) Using 3 workers of 48 for evacuation
[2024-10-11T04:23:03.871+0800][info] GC(419)   Pre Evacuate Collection Set: 0.2ms
[2024-10-11T04:23:03.871+0800][info] GC(419)   Merge Heap Roots: 0.1ms
[2024-10-11T04:23:03.871+0800][info] GC(419)   Evacuate Collection Set: 1.7ms
[2024-10-11T04:23:03.871+0800][info] GC(419)   Post Evacuate Collection Set: 0.2ms
[2024-10-11T04:23:03.871+0800][info] GC(419)   Other: 0.1ms
[2024-10-11T04:23:03.871+0800][info] GC(419) Eden regions: 2->0(2)
[2024-10-11T04:23:03.871+0800][info] GC(419) Survivor regions: 1->1(1)
[2024-10-11T04:23:03.871+0800][info] GC(419) Old regions: 46->45
[2024-10-11T04:23:03.871+0800][info] GC(419) Archive regions: 2->2
[2024-10-11T04:23:03.871+0800][info] GC(419) Humongous regions: 3->3
[2024-10-11T04:23:03.871+0800][info] GC(419) Metaspace: 1678K(1856K)->1678K(1856K) NonClass: 1553K(1664K)->1553K(1664K) Class: 124K(192K)->124K(192K)
[2024-10-11T04:23:03.871+0800][info] GC(419) Pause Young (Mixed) (G1 Evacuation Pause) 97M->93M(128M) 2.352ms
[2024-10-11T04:23:03.871+0800][info] GC(419) User=0.00s Sys=0.00s Real=0.00s
[2024-10-11T04:23:03.973+0800][info] GC(420) Pause Young (Mixed) (G1 Evacuation Pause)
[2024-10-11T04:23:03.973+0800][info] GC(420) Using 3 workers of 48 for evacuation
[2024-10-11T04:23:03.975+0800][info] GC(420)   Pre Evacuate Collection Set: 0.2ms
[2024-10-11T04:23:03.975+0800][info] GC(420)   Merge Heap Roots: 0.1ms
[2024-10-11T04:23:03.975+0800][info] GC(420)   Evacuate Collection Set: 1.0ms
[2024-10-11T04:23:03.975+0800][info] GC(420)   Post Evacuate Collection Set: 0.2ms
[2024-10-11T04:23:03.975+0800][info] GC(420)   Other: 0.1ms
[2024-10-11T04:23:03.975+0800][info] GC(420) Eden regions: 2->0(2)
[2024-10-11T04:23:03.975+0800][info] GC(420) Survivor regions: 1->1(1)
[2024-10-11T04:23:03.975+0800][info] GC(420) Old regions: 45->47
[2024-10-11T04:23:03.975+0800][info] GC(420) Archive regions: 2->2
[2024-10-11T04:23:03.975+0800][info] GC(420) Humongous regions: 3->3
[2024-10-11T04:23:03.975+0800][info] GC(420) Metaspace: 1678K(1856K)->1678K(1856K) NonClass: 1553K(1664K)->1553K(1664K) Class: 124K(192K)->124K(192K)
[2024-10-11T04:23:03.975+0800][info] GC(420) Pause Young (Mixed) (G1 Evacuation Pause) 96M->96M(128M) 1.640ms
[2024-10-11T04:23:03.975+0800][info] GC(420) User=0.00s Sys=0.00s Real=0.00s
[2024-10-11T04:23:04.077+0800][info] GC(421) Pause Young (Normal) (G1 Evacuation Pause)
[2024-10-11T04:23:04.077+0800][info] GC(421) Using 3 workers of 48 for evacuation
[2024-10-11T04:23:04.078+0800][info] GC(421)   Pre Evacuate Collection Set: 0.1ms
[2024-10-11T04:23:04.078+0800][info] GC(421)   Merge Heap Roots: 0.1ms
[2024-10-11T04:23:04.078+0800][info] GC(421)   Evacuate Collection Set: 0.7ms
[2024-10-11T04:23:04.078+0800][info] GC(421)   Post Evacuate Collection Set: 0.2ms
[2024-10-11T04:23:04.078+0800][info] GC(421)   Other: 0.2ms
[2024-10-11T04:23:04.078+0800][info] GC(421) Eden regions: 2->0(2)
[2024-10-11T04:23:04.079+0800][info] GC(421) Survivor regions: 1->1(1)
[2024-10-11T04:23:04.079+0800][info] GC(421) Old regions: 47->49
[2024-10-11T04:23:04.079+0800][info] GC(421) Archive regions: 2->2
[2024-10-11T04:23:04.079+0800][info] GC(421) Humongous regions: 3->3
[2024-10-11T04:23:04.079+0800][info] GC(421) Metaspace: 1678K(1856K)->1678K(1856K) NonClass: 1553K(1664K)->1553K(1664K) Class: 124K(192K)->124K(192K)
[2024-10-11T04:23:04.079+0800][info] GC(421) Pause Young (Normal) (G1 Evacuation Pause) 100M->100M(128M) 1.325ms
[2024-10-11T04:23:04.079+0800][info] GC(421) User=0.00s Sys=0.00s Real=0.00s
[2024-10-11T04:23:04.181+0800][info] GC(422) Pause Young (Concurrent Start) (G1 Evacuation Pause)
[2024-10-11T04:23:04.181+0800][info] GC(422) Using 3 workers of 48 for evacuation
[2024-10-11T04:23:04.182+0800][info] GC(422)   Pre Evacuate Collection Set: 0.1ms
[2024-10-11T04:23:04.182+0800][info] GC(422)   Merge Heap Roots: 0.0ms
[2024-10-11T04:23:04.182+0800][info] GC(422)   Evacuate Collection Set: 0.9ms
[2024-10-11T04:23:04.182+0800][info] GC(422)   Post Evacuate Collection Set: 0.2ms
[2024-10-11T04:23:04.182+0800][info] GC(422)   Other: 0.3ms
[2024-10-11T04:23:04.182+0800][info] GC(422) Eden regions: 2->0(2)
[2024-10-11T04:23:04.182+0800][info] GC(422) Survivor regions: 1->1(1)
[2024-10-11T04:23:04.182+0800][info] GC(422) Old regions: 49->51
[2024-10-11T04:23:04.182+0800][info] GC(422) Archive regions: 2->2
[2024-10-11T04:23:04.182+0800][info] GC(422) Humongous regions: 3->3
[2024-10-11T04:23:04.182+0800][info] GC(422) Metaspace: 1678K(1856K)->1678K(1856K) NonClass: 1553K(1664K)->1553K(1664K) Class: 124K(192K)->124K(192K)
[2024-10-11T04:23:04.182+0800][info] GC(422) Pause Young (Concurrent Start) (G1 Evacuation Pause) 104M->104M(128M) 1.641ms
[2024-10-11T04:23:04.182+0800][info] GC(422) User=0.00s Sys=0.00s Real=0.00s
[2024-10-11T04:23:04.182+0800][info] GC(423) Concurrent Mark Cycle
[2024-10-11T04:23:04.182+0800][info] GC(423) Concurrent Clear Claimed Marks
[2024-10-11T04:23:04.182+0800][info] GC(423) Concurrent Clear Claimed Marks 0.016ms
[2024-10-11T04:23:04.182+0800][info] GC(423) Concurrent Scan Root Regions
[2024-10-11T04:23:04.183+0800][info] GC(423) Concurrent Scan Root Regions 0.149ms
[2024-10-11T04:23:04.183+0800][info] GC(423) Concurrent Mark
[2024-10-11T04:23:04.183+0800][info] GC(423) Concurrent Mark From Roots
[2024-10-11T04:23:04.183+0800][info] GC(423) Using 12 workers of 12 for marking
[2024-10-11T04:23:04.186+0800][info] GC(423) Concurrent Mark From Roots 3.488ms
[2024-10-11T04:23:04.186+0800][info] GC(423) Concurrent Preclean
[2024-10-11T04:23:04.188+0800][info] GC(423) Concurrent Preclean 1.679ms
[2024-10-11T04:23:04.188+0800][info] GC(423) Pause Remark
[2024-10-11T04:23:04.190+0800][info] GC(423) Pause Remark 105M->103M(128M) 1.532ms
[2024-10-11T04:23:04.190+0800][info] GC(423) User=0.00s Sys=0.00s Real=0.00s
[2024-10-11T04:23:04.190+0800][info] GC(423) Concurrent Mark 7.014ms
[2024-10-11T04:23:04.190+0800][info] GC(423) Concurrent Rebuild Remembered Sets
[2024-10-11T04:23:04.191+0800][info] GC(423) Concurrent Rebuild Remembered Sets 1.467ms
[2024-10-11T04:23:04.191+0800][info] GC(423) Pause Cleanup
[2024-10-11T04:23:04.191+0800][info] GC(423) Pause Cleanup 103M->103M(128M) 0.176ms
[2024-10-11T04:23:04.192+0800][info] GC(423) User=0.00s Sys=0.00s Real=0.00s
[2024-10-11T04:23:04.192+0800][info] GC(423) Concurrent Cleanup for Next Mark
[2024-10-11T04:23:04.192+0800][info] GC(423) Concurrent Cleanup for Next Mark 0.393ms
[2024-10-11T04:23:04.192+0800][info] GC(423) Concurrent Mark Cycle 9.554ms
[2024-10-11T04:23:04.336+0800][info] GC(424) Pause Young (Prepare Mixed) (G1 Evacuation Pause)
[2024-10-11T04:23:04.336+0800][info] GC(424) Using 3 workers of 48 for evacuation
[2024-10-11T04:23:04.337+0800][info] GC(424)   Pre Evacuate Collection Set: 0.1ms
[2024-10-11T04:23:04.337+0800][info] GC(424)   Merge Heap Roots: 0.1ms
[2024-10-11T04:23:04.337+0800][info] GC(424)   Evacuate Collection Set: 0.7ms
[2024-10-11T04:23:04.337+0800][info] GC(424)   Post Evacuate Collection Set: 0.2ms
[2024-10-11T04:23:04.337+0800][info] GC(424)   Other: 0.2ms
[2024-10-11T04:23:04.337+0800][info] GC(424) Eden regions: 2->0(2)
[2024-10-11T04:23:04.337+0800][info] GC(424) Survivor regions: 1->1(1)
[2024-10-11T04:23:04.337+0800][info] GC(424) Old regions: 50->51
[2024-10-11T04:23:04.337+0800][info] GC(424) Archive regions: 2->2
[2024-10-11T04:23:04.337+0800][info] GC(424) Humongous regions: 3->3
[2024-10-11T04:23:04.337+0800][info] GC(424) Metaspace: 1678K(1856K)->1678K(1856K) NonClass: 1553K(1664K)->1553K(1664K) Class: 124K(192K)->124K(192K)
[2024-10-11T04:23:04.337+0800][info] GC(424) Pause Young (Prepare Mixed) (G1 Evacuation Pause) 106M->105M(128M) 1.403ms
[2024-10-11T04:23:04.337+0800][info] GC(424) User=0.01s Sys=0.00s Real=0.00s
[2024-10-11T04:23:04.439+0800][info] GC(425) Pause Young (Mixed) (G1 Preventive Collection)
[2024-10-11T04:23:04.439+0800][info] GC(425) Using 3 workers of 48 for evacuation
[2024-10-11T04:23:04.441+0800][info] GC(425)   Pre Evacuate Collection Set: 0.2ms
[2024-10-11T04:23:04.441+0800][info] GC(425)   Merge Heap Roots: 0.0ms
[2024-10-11T04:23:04.441+0800][info] GC(425)   Evacuate Collection Set: 1.2ms
[2024-10-11T04:23:04.441+0800][info] GC(425)   Post Evacuate Collection Set: 0.2ms
[2024-10-11T04:23:04.441+0800][info] GC(425)   Other: 0.2ms
[2024-10-11T04:23:04.441+0800][info] GC(425) Eden regions: 2->0(2)
[2024-10-11T04:23:04.441+0800][info] GC(425) Survivor regions: 1->1(1)
[2024-10-11T04:23:04.441+0800][info] GC(425) Old regions: 51->48
[2024-10-11T04:23:04.441+0800][info] GC(425) Archive regions: 2->2
[2024-10-11T04:23:04.441+0800][info] GC(425) Humongous regions: 3->3
[2024-10-11T04:23:04.441+0800][info] GC(425) Metaspace: 1678K(1856K)->1678K(1856K) NonClass: 1553K(1664K)->1553K(1664K) Class: 124K(192K)->124K(192K)
[2024-10-11T04:23:04.441+0800][info] GC(425) Pause Young (Mixed) (G1 Preventive Collection) 109M->100M(128M) 1.921ms
[2024-10-11T04:23:04.441+0800][info] GC(425) User=0.01s Sys=0.00s Real=0.00s
[2024-10-11T04:23:04.543+0800][info] GC(426) Pause Young (Mixed) (G1 Evacuation Pause)
[2024-10-11T04:23:04.543+0800][info] GC(426) Using 3 workers of 48 for evacuation
[2024-10-11T04:23:04.546+0800][info] GC(426)   Pre Evacuate Collection Set: 0.2ms
[2024-10-11T04:23:04.546+0800][info] GC(426)   Merge Heap Roots: 0.1ms
[2024-10-11T04:23:04.546+0800][info] GC(426)   Evacuate Collection Set: 1.8ms
[2024-10-11T04:23:04.546+0800][info] GC(426)   Post Evacuate Collection Set: 0.2ms
[2024-10-11T04:23:04.546+0800][info] GC(426)   Other: 0.1ms
[2024-10-11T04:23:04.546+0800][info] GC(426) Eden regions: 2->0(2)
[2024-10-11T04:23:04.546+0800][info] GC(426) Survivor regions: 1->1(1)
[2024-10-11T04:23:04.546+0800][info] GC(426) Old regions: 48->46
[2024-10-11T04:23:04.546+0800][info] GC(426) Archive regions: 2->2
[2024-10-11T04:23:04.546+0800][info] GC(426) Humongous regions: 3->3
[2024-10-11T04:23:04.546+0800][info] GC(426) Metaspace: 1678K(1856K)->1678K(1856K) NonClass: 1553K(1664K)->1553K(1664K) Class: 124K(192K)->124K(192K)
[2024-10-11T04:23:04.546+0800][info] GC(426) Pause Young (Mixed) (G1 Evacuation Pause) 104M->98M(128M) 2.510ms
[2024-10-11T04:23:04.546+0800][info] GC(426) User=0.01s Sys=0.00s Real=0.01s
[2024-10-11T04:23:04.648+0800][info] GC(427) Pause Young (Mixed) (G1 Evacuation Pause)
[2024-10-11T04:23:04.648+0800][info] GC(427) Using 3 workers of 48 for evacuation
[2024-10-11T04:23:04.650+0800][info] GC(427)   Pre Evacuate Collection Set: 0.2ms
[2024-10-11T04:23:04.650+0800][info] GC(427)   Merge Heap Roots: 0.1ms
[2024-10-11T04:23:04.650+0800][info] GC(427)   Evacuate Collection Set: 1.9ms
[2024-10-11T04:23:04.650+0800][info] GC(427)   Post Evacuate Collection Set: 0.2ms
[2024-10-11T04:23:04.650+0800][info] GC(427)   Other: 0.1ms
[2024-10-11T04:23:04.650+0800][info] GC(427) Eden regions: 2->0(2)
[2024-10-11T04:23:04.650+0800][info] GC(427) Survivor regions: 1->1(1)
[2024-10-11T04:23:04.650+0800][info] GC(427) Old regions: 46->46
[2024-10-11T04:23:04.650+0800][info] GC(427) Archive regions: 2->2
[2024-10-11T04:23:04.650+0800][info] GC(427) Humongous regions: 3->3
[2024-10-11T04:23:04.651+0800][info] GC(427) Metaspace: 1678K(1856K)->1678K(1856K) NonClass: 1553K(1664K)->1553K(1664K) Class: 124K(192K)->124K(192K)
[2024-10-11T04:23:04.651+0800][info] GC(427) Pause Young (Mixed) (G1 Evacuation Pause) 102M->98M(128M) 2.627ms
[2024-10-11T04:23:04.651+0800][info] GC(427) User=0.00s Sys=0.00s Real=0.00s
[2024-10-11T04:23:04.753+0800][info] GC(428) Pause Young (Mixed) (G1 Evacuation Pause)
[2024-10-11T04:23:04.753+0800][info] GC(428) Using 3 workers of 48 for evacuation
[2024-10-11T04:23:04.755+0800][info] GC(428)   Pre Evacuate Collection Set: 0.2ms
[2024-10-11T04:23:04.755+0800][info] GC(428)   Merge Heap Roots: 0.0ms
[2024-10-11T04:23:04.755+0800][info] GC(428)   Evacuate Collection Set: 1.1ms
[2024-10-11T04:23:04.755+0800][info] GC(428)   Post Evacuate Collection Set: 0.2ms
[2024-10-11T04:23:04.755+0800][info] GC(428)   Other: 0.1ms
[2024-10-11T04:23:04.755+0800][info] GC(428) Eden regions: 2->0(2)
[2024-10-11T04:23:04.755+0800][info] GC(428) Survivor regions: 1->1(1)
[2024-10-11T04:23:04.755+0800][info] GC(428) Old regions: 46->47
[2024-10-11T04:23:04.755+0800][info] GC(428) Archive regions: 2->2
[2024-10-11T04:23:04.755+0800][info] GC(428) Humongous regions: 3->3
[2024-10-11T04:23:04.755+0800][info] GC(428) Metaspace: 1678K(1856K)->1678K(1856K) NonClass: 1553K(1664K)->1553K(1664K) Class: 124K(192K)->124K(192K)
[2024-10-11T04:23:04.755+0800][info] GC(428) Pause Young (Mixed) (G1 Evacuation Pause) 102M->100M(128M) 1.821ms
[2024-10-11T04:23:04.755+0800][info] GC(428) User=0.01s Sys=0.00s Real=0.01s
[2024-10-11T04:23:04.857+0800][info] GC(429) Pause Young (Normal) (G1 Evacuation Pause)
[2024-10-11T04:23:04.857+0800][info] GC(429) Using 3 workers of 48 for evacuation
[2024-10-11T04:23:04.858+0800][info] GC(429)   Pre Evacuate Collection Set: 0.1ms
[2024-10-11T04:23:04.858+0800][info] GC(429)   Merge Heap Roots: 0.1ms
[2024-10-11T04:23:04.858+0800][info] GC(429)   Evacuate Collection Set: 0.7ms
[2024-10-11T04:23:04.858+0800][info] GC(429)   Post Evacuate Collection Set: 0.2ms
[2024-10-11T04:23:04.858+0800][info] GC(429)   Other: 0.2ms
[2024-10-11T04:23:04.858+0800][info] GC(429) Eden regions: 2->0(2)
[2024-10-11T04:23:04.858+0800][info] GC(429) Survivor regions: 1->1(1)
[2024-10-11T04:23:04.858+0800][info] GC(429) Old regions: 47->49
[2024-10-11T04:23:04.858+0800][info] GC(429) Archive regions: 2->2
[2024-10-11T04:23:04.858+0800][info] GC(429) Humongous regions: 3->3
[2024-10-11T04:23:04.858+0800][info] GC(429) Metaspace: 1678K(1856K)->1678K(1856K) NonClass: 1553K(1664K)->1553K(1664K) Class: 124K(192K)->124K(192K)
[2024-10-11T04:23:04.858+0800][info] GC(429) Pause Young (Normal) (G1 Evacuation Pause) 104M->104M(128M) 1.282ms
[2024-10-11T04:23:04.858+0800][info] GC(429) User=0.00s Sys=0.00s Real=0.00s
[2024-10-11T04:23:04.960+0800][info] GC(430) Pause Young (Concurrent Start) (G1 Evacuation Pause)
[2024-10-11T04:23:04.961+0800][info] GC(430) Using 3 workers of 48 for evacuation
[2024-10-11T04:23:04.962+0800][info] GC(430)   Pre Evacuate Collection Set: 0.1ms
[2024-10-11T04:23:04.962+0800][info] GC(430)   Merge Heap Roots: 0.0ms
[2024-10-11T04:23:04.962+0800][info] GC(430)   Evacuate Collection Set: 0.8ms
[2024-10-11T04:23:04.962+0800][info] GC(430)   Post Evacuate Collection Set: 0.2ms
[2024-10-11T04:23:04.962+0800][info] GC(430)   Other: 0.3ms
[2024-10-11T04:23:04.962+0800][info] GC(430) Eden regions: 2->0(2)
[2024-10-11T04:23:04.962+0800][info] GC(430) Survivor regions: 1->1(1)
[2024-10-11T04:23:04.962+0800][info] GC(430) Old regions: 49->51
[2024-10-11T04:23:04.962+0800][info] GC(430) Archive regions: 2->2
[2024-10-11T04:23:04.962+0800][info] GC(430) Humongous regions: 3->3
[2024-10-11T04:23:04.962+0800][info] GC(430) Metaspace: 1678K(1856K)->1678K(1856K) NonClass: 1553K(1664K)->1553K(1664K) Class: 124K(192K)->124K(192K)
[2024-10-11T04:23:04.962+0800][info] GC(430) Pause Young (Concurrent Start) (G1 Evacuation Pause) 108M->108M(128M) 1.548ms
[2024-10-11T04:23:04.962+0800][info] GC(430) User=0.01s Sys=0.00s Real=0.00s
[2024-10-11T04:23:04.962+0800][info] GC(431) Concurrent Mark Cycle
[2024-10-11T04:23:04.962+0800][info] GC(431) Concurrent Clear Claimed Marks
[2024-10-11T04:23:04.962+0800][info] GC(431) Concurrent Clear Claimed Marks 0.042ms
[2024-10-11T04:23:04.962+0800][info] GC(431) Concurrent Scan Root Regions
[2024-10-11T04:23:04.962+0800][info] GC(431) Concurrent Scan Root Regions 0.148ms
[2024-10-11T04:23:04.962+0800][info] GC(431) Concurrent Mark
[2024-10-11T04:23:04.962+0800][info] GC(431) Concurrent Mark From Roots
[2024-10-11T04:23:04.962+0800][info] GC(431) Using 12 workers of 12 for marking
[2024-10-11T04:23:04.967+0800][info] GC(431) Concurrent Mark From Roots 4.205ms
[2024-10-11T04:23:04.967+0800][info] GC(431) Concurrent Preclean
[2024-10-11T04:23:04.968+0800][info] GC(431) Concurrent Preclean 1.680ms
[2024-10-11T04:23:04.968+0800][info] GC(431) Pause Remark
[2024-10-11T04:23:04.970+0800][info] GC(431) Pause Remark 109M->109M(128M) 1.517ms
[2024-10-11T04:23:04.970+0800][info] GC(431) User=0.00s Sys=0.00s Real=0.00s
[2024-10-11T04:23:04.970+0800][info] GC(431) Concurrent Mark 7.714ms
[2024-10-11T04:23:04.970+0800][info] GC(431) Concurrent Rebuild Remembered Sets
[2024-10-11T04:23:04.972+0800][info] GC(431) Concurrent Rebuild Remembered Sets 1.438ms
[2024-10-11T04:23:04.972+0800][info] GC(431) Pause Cleanup
[2024-10-11T04:23:04.972+0800][info] GC(431) Pause Cleanup 109M->109M(128M) 0.249ms
[2024-10-11T04:23:04.972+0800][info] GC(431) User=0.00s Sys=0.00s Real=0.00s
[2024-10-11T04:23:04.972+0800][info] GC(431) Concurrent Cleanup for Next Mark
[2024-10-11T04:23:04.972+0800][info] GC(431) Concurrent Cleanup for Next Mark 0.396ms
[2024-10-11T04:23:04.972+0800][info] GC(431) Concurrent Mark Cycle 10.324ms
[2024-10-11T04:23:05.115+0800][info] GC(432) Pause Young (Prepare Mixed) (G1 Evacuation Pause)
[2024-10-11T04:23:05.115+0800][info] GC(432) Using 3 workers of 48 for evacuation
[2024-10-11T04:23:05.116+0800][info] GC(432)   Pre Evacuate Collection Set: 0.1ms
[2024-10-11T04:23:05.116+0800][info] GC(432)   Merge Heap Roots: 0.1ms
[2024-10-11T04:23:05.116+0800][info] GC(432)   Evacuate Collection Set: 0.9ms
[2024-10-11T04:23:05.116+0800][info] GC(432)   Post Evacuate Collection Set: 0.2ms
[2024-10-11T04:23:05.116+0800][info] GC(432)   Other: 0.2ms
[2024-10-11T04:23:05.117+0800][info] GC(432) Eden regions: 2->0(2)
[2024-10-11T04:23:05.117+0800][info] GC(432) Survivor regions: 1->1(1)
[2024-10-11T04:23:05.117+0800][info] GC(432) Old regions: 51->52
[2024-10-11T04:23:05.117+0800][info] GC(432) Archive regions: 2->2
[2024-10-11T04:23:05.117+0800][info] GC(432) Humongous regions: 3->3
[2024-10-11T04:23:05.117+0800][info] GC(432) Metaspace: 1678K(1856K)->1678K(1856K) NonClass: 1553K(1664K)->1553K(1664K) Class: 124K(192K)->124K(192K)
[2024-10-11T04:23:05.117+0800][info] GC(432) Pause Young (Prepare Mixed) (G1 Evacuation Pause) 112M->111M(128M) 1.537ms
[2024-10-11T04:23:05.117+0800][info] GC(432) User=0.00s Sys=0.00s Real=0.00s
[2024-10-11T04:23:05.219+0800][info] GC(433) Pause Young (Mixed) (G1 Preventive Collection)
[2024-10-11T04:23:05.219+0800][info] GC(433) Using 3 workers of 48 for evacuation
[2024-10-11T04:23:05.221+0800][info] GC(433) To-space exhausted
[2024-10-11T04:23:05.221+0800][info] GC(433)   Pre Evacuate Collection Set: 0.2ms
[2024-10-11T04:23:05.221+0800][info] GC(433)   Merge Heap Roots: 0.1ms
[2024-10-11T04:23:05.221+0800][info] GC(433)   Evacuate Collection Set: 1.1ms
[2024-10-11T04:23:05.221+0800][info] GC(433)   Post Evacuate Collection Set: 0.2ms
[2024-10-11T04:23:05.221+0800][info] GC(433)   Other: 0.2ms
[2024-10-11T04:23:05.221+0800][info] GC(433) Eden regions: 2->0(2)
[2024-10-11T04:23:05.221+0800][info] GC(433) Survivor regions: 1->1(1)
[2024-10-11T04:23:05.221+0800][info] GC(433) Old regions: 52->50
[2024-10-11T04:23:05.221+0800][info] GC(433) Archive regions: 2->2
[2024-10-11T04:23:05.221+0800][info] GC(433) Humongous regions: 3->3
[2024-10-11T04:23:05.221+0800][info] GC(433) Metaspace: 1678K(1856K)->1678K(1856K) NonClass: 1553K(1664K)->1553K(1664K) Class: 124K(192K)->124K(192K)
[2024-10-11T04:23:05.221+0800][info] GC(433) Pause Young (Mixed) (G1 Preventive Collection) 115M->108M(128M) 1.797ms
[2024-10-11T04:23:05.221+0800][info] GC(433) User=0.01s Sys=0.00s Real=0.00s
[2024-10-11T04:23:05.323+0800][info] GC(434) Pause Young (Mixed) (G1 Preventive Collection)
[2024-10-11T04:23:05.323+0800][info] GC(434) Using 3 workers of 48 for evacuation
[2024-10-11T04:23:05.325+0800][info] GC(434) To-space exhausted
[2024-10-11T04:23:05.325+0800][info] GC(434)   Pre Evacuate Collection Set: 0.2ms
[2024-10-11T04:23:05.325+0800][info] GC(434)   Merge Heap Roots: 0.1ms
[2024-10-11T04:23:05.325+0800][info] GC(434)   Evacuate Collection Set: 1.5ms
[2024-10-11T04:23:05.325+0800][info] GC(434)   Post Evacuate Collection Set: 0.2ms
[2024-10-11T04:23:05.325+0800][info] GC(434)   Other: 0.1ms
[2024-10-11T04:23:05.325+0800][info] GC(434) Eden regions: 2->0(2)
[2024-10-11T04:23:05.325+0800][info] GC(434) Survivor regions: 1->1(1)
[2024-10-11T04:23:05.325+0800][info] GC(434) Old regions: 50->50
[2024-10-11T04:23:05.325+0800][info] GC(434) Archive regions: 2->2
[2024-10-11T04:23:05.325+0800][info] GC(434) Humongous regions: 3->3
[2024-10-11T04:23:05.325+0800][info] GC(434) Metaspace: 1678K(1856K)->1678K(1856K) NonClass: 1553K(1664K)->1553K(1664K) Class: 124K(192K)->124K(192K)
[2024-10-11T04:23:05.325+0800][info] GC(434) Pause Young (Mixed) (G1 Preventive Collection) 112M->108M(128M) 2.210ms
[2024-10-11T04:23:05.325+0800][info] GC(434) User=0.00s Sys=0.01s Real=0.01s
[2024-10-11T04:23:05.387+0800][info] GC(435) Pause Young (Mixed) (G1 Preventive Collection)
[2024-10-11T04:23:05.387+0800][info] GC(435) Using 3 workers of 48 for evacuation
[2024-10-11T04:23:05.389+0800][info] GC(435)   Pre Evacuate Collection Set: 0.2ms
[2024-10-11T04:23:05.389+0800][info] GC(435)   Merge Heap Roots: 0.1ms
[2024-10-11T04:23:05.389+0800][info] GC(435)   Evacuate Collection Set: 1.6ms
[2024-10-11T04:23:05.389+0800][info] GC(435)   Post Evacuate Collection Set: 0.2ms
[2024-10-11T04:23:05.389+0800][info] GC(435)   Other: 0.1ms
[2024-10-11T04:23:05.389+0800][info] GC(435) Eden regions: 1->0(2)
[2024-10-11T04:23:05.389+0800][info] GC(435) Survivor regions: 1->1(1)
[2024-10-11T04:23:05.389+0800][info] GC(435) Old regions: 50->48
[2024-10-11T04:23:05.389+0800][info] GC(435) Archive regions: 2->2
[2024-10-11T04:23:05.389+0800][info] GC(435) Humongous regions: 4->3
[2024-10-11T04:23:05.389+0800][info] GC(435) Metaspace: 1678K(1856K)->1678K(1856K) NonClass: 1553K(1664K)->1553K(1664K) Class: 124K(192K)->124K(192K)
[2024-10-11T04:23:05.389+0800][info] GC(435) Pause Young (Mixed) (G1 Preventive Collection) 112M->104M(128M) 2.250ms
[2024-10-11T04:23:05.390+0800][info] GC(435) User=0.01s Sys=0.00s Real=0.00s
[2024-10-11T04:23:05.492+0800][info] GC(436) Pause Young (Mixed) (G1 Evacuation Pause)
[2024-10-11T04:23:05.492+0800][info] GC(436) Using 3 workers of 48 for evacuation
[2024-10-11T04:23:05.494+0800][info] GC(436)   Pre Evacuate Collection Set: 0.2ms
[2024-10-11T04:23:05.494+0800][info] GC(436)   Merge Heap Roots: 0.1ms
[2024-10-11T04:23:05.494+0800][info] GC(436)   Evacuate Collection Set: 2.1ms
[2024-10-11T04:23:05.494+0800][info] GC(436)   Post Evacuate Collection Set: 0.2ms
[2024-10-11T04:23:05.494+0800][info] GC(436)   Other: 0.1ms
[2024-10-11T04:23:05.494+0800][info] GC(436) Eden regions: 2->0(2)
[2024-10-11T04:23:05.494+0800][info] GC(436) Survivor regions: 1->1(1)
[2024-10-11T04:23:05.494+0800][info] GC(436) Old regions: 48->48
[2024-10-11T04:23:05.494+0800][info] GC(436) Archive regions: 2->2
[2024-10-11T04:23:05.494+0800][info] GC(436) Humongous regions: 3->3
[2024-10-11T04:23:05.494+0800][info] GC(436) Metaspace: 1678K(1856K)->1678K(1856K) NonClass: 1553K(1664K)->1553K(1664K) Class: 124K(192K)->124K(192K)
[2024-10-11T04:23:05.494+0800][info] GC(436) Pause Young (Mixed) (G1 Evacuation Pause) 107M->104M(128M) 2.788ms
[2024-10-11T04:23:05.495+0800][info] GC(436) User=0.01s Sys=0.00s Real=0.01s
[2024-10-11T04:23:05.597+0800][info] GC(437) Pause Young (Mixed) (G1 Evacuation Pause)
[2024-10-11T04:23:05.597+0800][info] GC(437) Using 3 workers of 48 for evacuation
[2024-10-11T04:23:05.599+0800][info] GC(437)   Pre Evacuate Collection Set: 0.2ms
[2024-10-11T04:23:05.599+0800][info] GC(437)   Merge Heap Roots: 0.0ms
[2024-10-11T04:23:05.599+0800][info] GC(437)   Evacuate Collection Set: 1.3ms
[2024-10-11T04:23:05.599+0800][info] GC(437)   Post Evacuate Collection Set: 0.2ms
[2024-10-11T04:23:05.599+0800][info] GC(437)   Other: 0.1ms
[2024-10-11T04:23:05.599+0800][info] GC(437) Eden regions: 2->0(2)
[2024-10-11T04:23:05.599+0800][info] GC(437) Survivor regions: 1->1(1)
[2024-10-11T04:23:05.599+0800][info] GC(437) Old regions: 48->50
[2024-10-11T04:23:05.599+0800][info] GC(437) Archive regions: 2->2
[2024-10-11T04:23:05.599+0800][info] GC(437) Humongous regions: 3->3
[2024-10-11T04:23:05.599+0800][info] GC(437) Metaspace: 1678K(1856K)->1678K(1856K) NonClass: 1553K(1664K)->1553K(1664K) Class: 124K(192K)->124K(192K)
[2024-10-11T04:23:05.599+0800][info] GC(437) Pause Young (Mixed) (G1 Evacuation Pause) 107M->107M(128M) 1.938ms
[2024-10-11T04:23:05.599+0800][info] GC(437) User=0.00s Sys=0.00s Real=0.00s
[2024-10-11T04:23:05.701+0800][info] GC(438) Pause Young (Concurrent Start) (G1 Evacuation Pause)
[2024-10-11T04:23:05.701+0800][info] GC(438) Using 3 workers of 48 for evacuation
[2024-10-11T04:23:05.702+0800][info] GC(438)   Pre Evacuate Collection Set: 0.1ms
[2024-10-11T04:23:05.702+0800][info] GC(438)   Merge Heap Roots: 0.0ms
[2024-10-11T04:23:05.702+0800][info] GC(438)   Evacuate Collection Set: 0.7ms
[2024-10-11T04:23:05.702+0800][info] GC(438)   Post Evacuate Collection Set: 0.2ms
[2024-10-11T04:23:05.702+0800][info] GC(438)   Other: 0.4ms
[2024-10-11T04:23:05.702+0800][info] GC(438) Eden regions: 2->0(2)
[2024-10-11T04:23:05.702+0800][info] GC(438) Survivor regions: 1->1(1)
[2024-10-11T04:23:05.702+0800][info] GC(438) Old regions: 50->52
[2024-10-11T04:23:05.702+0800][info] GC(438) Archive regions: 2->2
[2024-10-11T04:23:05.702+0800][info] GC(438) Humongous regions: 3->3
[2024-10-11T04:23:05.702+0800][info] GC(438) Metaspace: 1678K(1856K)->1678K(1856K) NonClass: 1553K(1664K)->1553K(1664K) Class: 124K(192K)->124K(192K)
[2024-10-11T04:23:05.702+0800][info] GC(438) Pause Young (Concurrent Start) (G1 Evacuation Pause) 110M->111M(128M) 1.526ms
[2024-10-11T04:23:05.702+0800][info] GC(438) User=0.00s Sys=0.00s Real=0.00s
[2024-10-11T04:23:05.703+0800][info] GC(439) Concurrent Mark Cycle
[2024-10-11T04:23:05.703+0800][info] GC(439) Concurrent Clear Claimed Marks
[2024-10-11T04:23:05.703+0800][info] GC(439) Concurrent Clear Claimed Marks 0.016ms
[2024-10-11T04:23:05.703+0800][info] GC(439) Concurrent Scan Root Regions
[2024-10-11T04:23:05.703+0800][info] GC(439) Concurrent Scan Root Regions 0.096ms
[2024-10-11T04:23:05.703+0800][info] GC(439) Concurrent Mark
[2024-10-11T04:23:05.703+0800][info] GC(439) Concurrent Mark From Roots
[2024-10-11T04:23:05.703+0800][info] GC(439) Using 12 workers of 12 for marking
[2024-10-11T04:23:05.707+0800][info] GC(439) Concurrent Mark From Roots 4.452ms
[2024-10-11T04:23:05.707+0800][info] GC(439) Concurrent Preclean
[2024-10-11T04:23:05.709+0800][info] GC(439) Concurrent Preclean 1.677ms
[2024-10-11T04:23:05.709+0800][info] GC(439) Pause Remark
[2024-10-11T04:23:05.710+0800][info] GC(439) Pause Remark 111M->109M(128M) 1.433ms
[2024-10-11T04:23:05.710+0800][info] GC(439) User=0.01s Sys=0.00s Real=0.00s
[2024-10-11T04:23:05.711+0800][info] GC(439) Concurrent Mark 7.861ms
[2024-10-11T04:23:05.711+0800][info] GC(439) Concurrent Rebuild Remembered Sets
[2024-10-11T04:23:05.712+0800][info] GC(439) Concurrent Rebuild Remembered Sets 1.431ms
[2024-10-11T04:23:05.712+0800][info] GC(439) Pause Cleanup
[2024-10-11T04:23:05.712+0800][info] GC(439) Pause Cleanup 109M->109M(128M) 0.201ms
[2024-10-11T04:23:05.712+0800][info] GC(439) User=0.00s Sys=0.00s Real=0.00s
[2024-10-11T04:23:05.712+0800][info] GC(439) Concurrent Cleanup for Next Mark
[2024-10-11T04:23:05.713+0800][info] GC(439) Concurrent Cleanup for Next Mark 0.391ms
[2024-10-11T04:23:05.713+0800][info] GC(439) Concurrent Mark Cycle 10.259ms
[2024-10-11T04:23:05.856+0800][info] GC(440) Pause Young (Prepare Mixed) (G1 Evacuation Pause)
[2024-10-11T04:23:05.856+0800][info] GC(440) Using 3 workers of 48 for evacuation
[2024-10-11T04:23:05.857+0800][info] GC(440)   Pre Evacuate Collection Set: 0.1ms
[2024-10-11T04:23:05.857+0800][info] GC(440)   Merge Heap Roots: 0.1ms
[2024-10-11T04:23:05.857+0800][info] GC(440)   Evacuate Collection Set: 0.7ms
[2024-10-11T04:23:05.857+0800][info] GC(440)   Post Evacuate Collection Set: 0.2ms
[2024-10-11T04:23:05.857+0800][info] GC(440)   Other: 0.2ms
[2024-10-11T04:23:05.857+0800][info] GC(440) Eden regions: 2->0(2)
[2024-10-11T04:23:05.857+0800][info] GC(440) Survivor regions: 1->1(1)
[2024-10-11T04:23:05.857+0800][info] GC(440) Old regions: 51->52
[2024-10-11T04:23:05.857+0800][info] GC(440) Archive regions: 2->2
[2024-10-11T04:23:05.857+0800][info] GC(440) Humongous regions: 3->3
[2024-10-11T04:23:05.857+0800][info] GC(440) Metaspace: 1678K(1856K)->1678K(1856K) NonClass: 1553K(1664K)->1553K(1664K) Class: 124K(192K)->124K(192K)
[2024-10-11T04:23:05.857+0800][info] GC(440) Pause Young (Prepare Mixed) (G1 Evacuation Pause) 112M->112M(128M) 1.460ms
[2024-10-11T04:23:05.857+0800][info] GC(440) User=0.00s Sys=0.00s Real=0.00s
[2024-10-11T04:23:05.959+0800][info] GC(441) Pause Young (Mixed) (G1 Preventive Collection)
[2024-10-11T04:23:05.959+0800][info] GC(441) Using 3 workers of 48 for evacuation
[2024-10-11T04:23:05.961+0800][info] GC(441) To-space exhausted
[2024-10-11T04:23:05.961+0800][info] GC(441)   Pre Evacuate Collection Set: 0.2ms
[2024-10-11T04:23:05.961+0800][info] GC(441)   Merge Heap Roots: 0.1ms
[2024-10-11T04:23:05.961+0800][info] GC(441)   Evacuate Collection Set: 1.1ms
[2024-10-11T04:23:05.961+0800][info] GC(441)   Post Evacuate Collection Set: 0.2ms
[2024-10-11T04:23:05.961+0800][info] GC(441)   Other: 0.2ms
[2024-10-11T04:23:05.961+0800][info] GC(441) Eden regions: 2->0(2)
[2024-10-11T04:23:05.961+0800][info] GC(441) Survivor regions: 1->1(1)
[2024-10-11T04:23:05.961+0800][info] GC(441) Old regions: 52->51
[2024-10-11T04:23:05.961+0800][info] GC(441) Archive regions: 2->2
[2024-10-11T04:23:05.961+0800][info] GC(441) Humongous regions: 3->3
[2024-10-11T04:23:05.961+0800][info] GC(441) Metaspace: 1678K(1856K)->1678K(1856K) NonClass: 1553K(1664K)->1553K(1664K) Class: 124K(192K)->124K(192K)
[2024-10-11T04:23:05.961+0800][info] GC(441) Pause Young (Mixed) (G1 Preventive Collection) 115M->110M(128M) 1.773ms
[2024-10-11T04:23:05.961+0800][info] GC(441) User=0.01s Sys=0.00s Real=0.00s
[2024-10-11T04:23:06.022+0800][info] GC(442) Pause Young (Mixed) (G1 Preventive Collection)
[2024-10-11T04:23:06.022+0800][info] GC(442) Using 3 workers of 48 for evacuation
[2024-10-11T04:23:06.024+0800][info] GC(442)   Pre Evacuate Collection Set: 0.2ms
[2024-10-11T04:23:06.024+0800][info] GC(442)   Merge Heap Roots: 0.1ms
[2024-10-11T04:23:06.024+0800][info] GC(442)   Evacuate Collection Set: 1.6ms
[2024-10-11T04:23:06.024+0800][info] GC(442)   Post Evacuate Collection Set: 0.2ms
[2024-10-11T04:23:06.024+0800][info] GC(442)   Other: 0.1ms
[2024-10-11T04:23:06.024+0800][info] GC(442) Eden regions: 1->0(2)
[2024-10-11T04:23:06.024+0800][info] GC(442) Survivor regions: 1->1(1)
[2024-10-11T04:23:06.024+0800][info] GC(442) Old regions: 51->49
[2024-10-11T04:23:06.024+0800][info] GC(442) Archive regions: 2->2
[2024-10-11T04:23:06.024+0800][info] GC(442) Humongous regions: 3->3
[2024-10-11T04:23:06.025+0800][info] GC(442) Metaspace: 1678K(1856K)->1678K(1856K) NonClass: 1553K(1664K)->1553K(1664K) Class: 124K(192K)->124K(192K)
[2024-10-11T04:23:06.025+0800][info] GC(442) Pause Young (Mixed) (G1 Preventive Collection) 112M->104M(128M) 2.258ms
[2024-10-11T04:23:06.025+0800][info] GC(442) User=0.00s Sys=0.01s Real=0.00s
[2024-10-11T04:23:06.127+0800][info] GC(443) Pause Young (Mixed) (G1 Preventive Collection)
[2024-10-11T04:23:06.127+0800][info] GC(443) Using 3 workers of 48 for evacuation
[2024-10-11T04:23:06.130+0800][info] GC(443)   Pre Evacuate Collection Set: 0.2ms
[2024-10-11T04:23:06.130+0800][info] GC(443)   Merge Heap Roots: 0.1ms
[2024-10-11T04:23:06.130+0800][info] GC(443)   Evacuate Collection Set: 2.1ms
[2024-10-11T04:23:06.130+0800][info] GC(443)   Post Evacuate Collection Set: 0.2ms
[2024-10-11T04:23:06.130+0800][info] GC(443)   Other: 0.1ms
[2024-10-11T04:23:06.130+0800][info] GC(443) Eden regions: 2->0(2)
[2024-10-11T04:23:06.130+0800][info] GC(443) Survivor regions: 1->1(1)
[2024-10-11T04:23:06.130+0800][info] GC(443) Old regions: 49->48
[2024-10-11T04:23:06.130+0800][info] GC(443) Archive regions: 2->2
[2024-10-11T04:23:06.130+0800][info] GC(443) Humongous regions: 3->3
[2024-10-11T04:23:06.130+0800][info] GC(443) Metaspace: 1678K(1856K)->1678K(1856K) NonClass: 1553K(1664K)->1553K(1664K) Class: 124K(192K)->124K(192K)
[2024-10-11T04:23:06.130+0800][info] GC(443) Pause Young (Mixed) (G1 Preventive Collection) 108M->104M(128M) 2.794ms
[2024-10-11T04:23:06.130+0800][info] GC(443) User=0.01s Sys=0.00s Real=0.00s
[2024-10-11T04:23:06.232+0800][info] GC(444) Pause Young (Mixed) (G1 Evacuation Pause)
[2024-10-11T04:23:06.232+0800][info] GC(444) Using 3 workers of 48 for evacuation
[2024-10-11T04:23:06.234+0800][info] GC(444)   Pre Evacuate Collection Set: 0.2ms
[2024-10-11T04:23:06.234+0800][info] GC(444)   Merge Heap Roots: 0.1ms
[2024-10-11T04:23:06.234+0800][info] GC(444)   Evacuate Collection Set: 1.6ms
[2024-10-11T04:23:06.234+0800][info] GC(444)   Post Evacuate Collection Set: 0.2ms
[2024-10-11T04:23:06.234+0800][info] GC(444)   Other: 0.1ms
[2024-10-11T04:23:06.234+0800][info] GC(444) Eden regions: 2->0(2)
[2024-10-11T04:23:06.234+0800][info] GC(444) Survivor regions: 1->1(1)
[2024-10-11T04:23:06.234+0800][info] GC(444) Old regions: 48->48
[2024-10-11T04:23:06.234+0800][info] GC(444) Archive regions: 2->2
[2024-10-11T04:23:06.234+0800][info] GC(444) Humongous regions: 3->3
[2024-10-11T04:23:06.234+0800][info] GC(444) Metaspace: 1678K(1856K)->1678K(1856K) NonClass: 1553K(1664K)->1553K(1664K) Class: 124K(192K)->124K(192K)
[2024-10-11T04:23:06.234+0800][info] GC(444) Pause Young (Mixed) (G1 Evacuation Pause) 107M->103M(128M) 2.295ms
[2024-10-11T04:23:06.234+0800][info] GC(444) User=0.01s Sys=0.00s Real=0.01s
[2024-10-11T04:23:06.337+0800][info] GC(445) Pause Young (Normal) (G1 Evacuation Pause)
[2024-10-11T04:23:06.337+0800][info] GC(445) Using 3 workers of 48 for evacuation
[2024-10-11T04:23:06.338+0800][info] GC(445)   Pre Evacuate Collection Set: 0.1ms
[2024-10-11T04:23:06.338+0800][info] GC(445)   Merge Heap Roots: 0.0ms
[2024-10-11T04:23:06.338+0800][info] GC(445)   Evacuate Collection Set: 0.9ms
[2024-10-11T04:23:06.338+0800][info] GC(445)   Post Evacuate Collection Set: 0.2ms
[2024-10-11T04:23:06.338+0800][info] GC(445)   Other: 0.2ms
[2024-10-11T04:23:06.338+0800][info] GC(445) Eden regions: 2->0(2)
[2024-10-11T04:23:06.338+0800][info] GC(445) Survivor regions: 1->1(1)
[2024-10-11T04:23:06.338+0800][info] GC(445) Old regions: 48->50
[2024-10-11T04:23:06.338+0800][info] GC(445) Archive regions: 2->2
[2024-10-11T04:23:06.338+0800][info] GC(445) Humongous regions: 3->3
[2024-10-11T04:23:06.338+0800][info] GC(445) Metaspace: 1678K(1856K)->1678K(1856K) NonClass: 1553K(1664K)->1553K(1664K) Class: 124K(192K)->124K(192K)
[2024-10-11T04:23:06.338+0800][info] GC(445) Pause Young (Normal) (G1 Evacuation Pause) 106M->107M(128M) 1.532ms
[2024-10-11T04:23:06.338+0800][info] GC(445) User=0.00s Sys=0.00s Real=0.00s
[2024-10-11T04:23:06.440+0800][info] GC(446) Pause Young (Concurrent Start) (G1 Evacuation Pause)
[2024-10-11T04:23:06.440+0800][info] GC(446) Using 3 workers of 48 for evacuation
[2024-10-11T04:23:06.442+0800][info] GC(446)   Pre Evacuate Collection Set: 0.1ms
[2024-10-11T04:23:06.442+0800][info] GC(446)   Merge Heap Roots: 0.0ms
[2024-10-11T04:23:06.442+0800][info] GC(446)   Evacuate Collection Set: 0.8ms
[2024-10-11T04:23:06.442+0800][info] GC(446)   Post Evacuate Collection Set: 0.2ms
[2024-10-11T04:23:06.442+0800][info] GC(446)   Other: 0.3ms
[2024-10-11T04:23:06.442+0800][info] GC(446) Eden regions: 2->0(2)
[2024-10-11T04:23:06.442+0800][info] GC(446) Survivor regions: 1->1(1)
[2024-10-11T04:23:06.442+0800][info] GC(446) Old regions: 50->52
[2024-10-11T04:23:06.442+0800][info] GC(446) Archive regions: 2->2
[2024-10-11T04:23:06.442+0800][info] GC(446) Humongous regions: 3->3
[2024-10-11T04:23:06.442+0800][info] GC(446) Metaspace: 1678K(1856K)->1678K(1856K) NonClass: 1553K(1664K)->1553K(1664K) Class: 124K(192K)->124K(192K)
[2024-10-11T04:23:06.442+0800][info] GC(446) Pause Young (Concurrent Start) (G1 Evacuation Pause) 111M->110M(128M) 1.608ms
[2024-10-11T04:23:06.442+0800][info] GC(446) User=0.01s Sys=0.00s Real=0.00s
[2024-10-11T04:23:06.442+0800][info] GC(447) Concurrent Mark Cycle
[2024-10-11T04:23:06.442+0800][info] GC(447) Concurrent Clear Claimed Marks
[2024-10-11T04:23:06.442+0800][info] GC(447) Concurrent Clear Claimed Marks 0.016ms
[2024-10-11T04:23:06.442+0800][info] GC(447) Concurrent Scan Root Regions
[2024-10-11T04:23:06.442+0800][info] GC(447) Concurrent Scan Root Regions 0.109ms
[2024-10-11T04:23:06.442+0800][info] GC(447) Concurrent Mark
[2024-10-11T04:23:06.442+0800][info] GC(447) Concurrent Mark From Roots
[2024-10-11T04:23:06.442+0800][info] GC(447) Using 12 workers of 12 for marking
[2024-10-11T04:23:06.446+0800][info] GC(447) Concurrent Mark From Roots 3.978ms
[2024-10-11T04:23:06.446+0800][info] GC(447) Concurrent Preclean
[2024-10-11T04:23:06.448+0800][info] GC(447) Concurrent Preclean 1.683ms
[2024-10-11T04:23:06.448+0800][info] GC(447) Pause Remark
[2024-10-11T04:23:06.449+0800][info] GC(447) Pause Remark 111M->109M(128M) 1.405ms
[2024-10-11T04:23:06.449+0800][info] GC(447) User=0.01s Sys=0.00s Real=0.00s
[2024-10-11T04:23:06.449+0800][info] GC(447) Concurrent Mark 7.288ms
[2024-10-11T04:23:06.450+0800][info] GC(447) Concurrent Rebuild Remembered Sets
[2024-10-11T04:23:06.451+0800][info] GC(447) Concurrent Rebuild Remembered Sets 1.433ms
[2024-10-11T04:23:06.451+0800][info] GC(447) Pause Cleanup
[2024-10-11T04:23:06.451+0800][info] GC(447) Pause Cleanup 109M->109M(128M) 0.198ms
[2024-10-11T04:23:06.451+0800][info] GC(447) User=0.00s Sys=0.00s Real=0.00s
[2024-10-11T04:23:06.451+0800][info] GC(447) Concurrent Cleanup for Next Mark
[2024-10-11T04:23:06.452+0800][info] GC(447) Concurrent Cleanup for Next Mark 0.352ms
[2024-10-11T04:23:06.452+0800][info] GC(447) Concurrent Mark Cycle 9.738ms
[2024-10-11T04:23:06.596+0800][info] GC(448) Pause Young (Prepare Mixed) (G1 Evacuation Pause)
[2024-10-11T04:23:06.596+0800][info] GC(448) Using 3 workers of 48 for evacuation
[2024-10-11T04:23:06.597+0800][info] GC(448)   Pre Evacuate Collection Set: 0.1ms
[2024-10-11T04:23:06.597+0800][info] GC(448)   Merge Heap Roots: 0.1ms
[2024-10-11T04:23:06.597+0800][info] GC(448)   Evacuate Collection Set: 1.0ms
[2024-10-11T04:23:06.597+0800][info] GC(448)   Post Evacuate Collection Set: 0.2ms
[2024-10-11T04:23:06.597+0800][info] GC(448)   Other: 0.2ms
[2024-10-11T04:23:06.597+0800][info] GC(448) Eden regions: 2->0(2)
[2024-10-11T04:23:06.597+0800][info] GC(448) Survivor regions: 1->1(1)
[2024-10-11T04:23:06.597+0800][info] GC(448) Old regions: 51->53
[2024-10-11T04:23:06.597+0800][info] GC(448) Archive regions: 2->2
[2024-10-11T04:23:06.597+0800][info] GC(448) Humongous regions: 3->3
[2024-10-11T04:23:06.597+0800][info] GC(448) Metaspace: 1678K(1856K)->1678K(1856K) NonClass: 1553K(1664K)->1553K(1664K) Class: 124K(192K)->124K(192K)
[2024-10-11T04:23:06.597+0800][info] GC(448) Pause Young (Prepare Mixed) (G1 Evacuation Pause) 112M->112M(128M) 1.706ms
[2024-10-11T04:23:06.597+0800][info] GC(448) User=0.01s Sys=0.00s Real=0.00s
[2024-10-11T04:23:06.659+0800][info] GC(449) Pause Young (Mixed) (G1 Preventive Collection)
[2024-10-11T04:23:06.659+0800][info] GC(449) Using 3 workers of 48 for evacuation
[2024-10-11T04:23:06.660+0800][info] GC(449)   Pre Evacuate Collection Set: 0.2ms
[2024-10-11T04:23:06.660+0800][info] GC(449)   Merge Heap Roots: 0.0ms
[2024-10-11T04:23:06.660+0800][info] GC(449)   Evacuate Collection Set: 1.1ms
[2024-10-11T04:23:06.660+0800][info] GC(449)   Post Evacuate Collection Set: 0.2ms
[2024-10-11T04:23:06.660+0800][info] GC(449)   Other: 0.2ms
[2024-10-11T04:23:06.660+0800][info] GC(449) Eden regions: 1->0(2)
[2024-10-11T04:23:06.660+0800][info] GC(449) Survivor regions: 1->1(1)
[2024-10-11T04:23:06.660+0800][info] GC(449) Old regions: 53->49
[2024-10-11T04:23:06.660+0800][info] GC(449) Archive regions: 2->2
[2024-10-11T04:23:06.660+0800][info] GC(449) Humongous regions: 3->3
[2024-10-11T04:23:06.660+0800][info] GC(449) Metaspace: 1678K(1856K)->1678K(1856K) NonClass: 1553K(1664K)->1553K(1664K) Class: 124K(192K)->124K(192K)
[2024-10-11T04:23:06.660+0800][info] GC(449) Pause Young (Mixed) (G1 Preventive Collection) 114M->105M(128M) 1.865ms
[2024-10-11T04:23:06.660+0800][info] GC(449) User=0.00s Sys=0.00s Real=0.00s
[2024-10-11T04:23:06.763+0800][info] GC(450) Pause Young (Mixed) (G1 Evacuation Pause)
[2024-10-11T04:23:06.763+0800][info] GC(450) Using 3 workers of 48 for evacuation
[2024-10-11T04:23:06.765+0800][info] GC(450)   Pre Evacuate Collection Set: 0.2ms
[2024-10-11T04:23:06.765+0800][info] GC(450)   Merge Heap Roots: 0.1ms
[2024-10-11T04:23:06.765+0800][info] GC(450)   Evacuate Collection Set: 1.8ms
[2024-10-11T04:23:06.765+0800][info] GC(450)   Post Evacuate Collection Set: 0.2ms
[2024-10-11T04:23:06.766+0800][info] GC(450)   Other: 0.1ms
[2024-10-11T04:23:06.766+0800][info] GC(450) Eden regions: 2->0(2)
[2024-10-11T04:23:06.766+0800][info] GC(450) Survivor regions: 1->1(1)
[2024-10-11T04:23:06.766+0800][info] GC(450) Old regions: 49->47
[2024-10-11T04:23:06.766+0800][info] GC(450) Archive regions: 2->2
[2024-10-11T04:23:06.766+0800][info] GC(450) Humongous regions: 3->3
[2024-10-11T04:23:06.766+0800][info] GC(450) Metaspace: 1678K(1856K)->1678K(1856K) NonClass: 1553K(1664K)->1553K(1664K) Class: 124K(192K)->124K(192K)
[2024-10-11T04:23:06.766+0800][info] GC(450) Pause Young (Mixed) (G1 Evacuation Pause) 108M->102M(128M) 2.561ms
[2024-10-11T04:23:06.766+0800][info] GC(450) User=0.01s Sys=0.00s Real=0.01s
[2024-10-11T04:23:06.868+0800][info] GC(451) Pause Young (Mixed) (G1 Evacuation Pause)
[2024-10-11T04:23:06.868+0800][info] GC(451) Using 3 workers of 48 for evacuation
[2024-10-11T04:23:06.870+0800][info] GC(451)   Pre Evacuate Collection Set: 0.2ms
[2024-10-11T04:23:06.870+0800][info] GC(451)   Merge Heap Roots: 0.1ms
[2024-10-11T04:23:06.870+0800][info] GC(451)   Evacuate Collection Set: 1.9ms
[2024-10-11T04:23:06.870+0800][info] GC(451)   Post Evacuate Collection Set: 0.2ms
[2024-10-11T04:23:06.870+0800][info] GC(451)   Other: 0.1ms
[2024-10-11T04:23:06.870+0800][info] GC(451) Eden regions: 2->0(2)
[2024-10-11T04:23:06.870+0800][info] GC(451) Survivor regions: 1->1(1)
[2024-10-11T04:23:06.870+0800][info] GC(451) Old regions: 47->47
[2024-10-11T04:23:06.870+0800][info] GC(451) Archive regions: 2->2
[2024-10-11T04:23:06.870+0800][info] GC(451) Humongous regions: 3->3
[2024-10-11T04:23:06.870+0800][info] GC(451) Metaspace: 1678K(1856K)->1678K(1856K) NonClass: 1553K(1664K)->1553K(1664K) Class: 124K(192K)->124K(192K)
[2024-10-11T04:23:06.870+0800][info] GC(451) Pause Young (Mixed) (G1 Evacuation Pause) 106M->101M(128M) 2.539ms
[2024-10-11T04:23:06.870+0800][info] GC(451) User=0.00s Sys=0.00s Real=0.00s
[2024-10-11T04:23:06.973+0800][info] GC(452) Pause Young (Mixed) (G1 Evacuation Pause)
[2024-10-11T04:23:06.973+0800][info] GC(452) Using 3 workers of 48 for evacuation
[2024-10-11T04:23:06.975+0800][info] GC(452)   Pre Evacuate Collection Set: 0.2ms
[2024-10-11T04:23:06.975+0800][info] GC(452)   Merge Heap Roots: 0.1ms
[2024-10-11T04:23:06.975+0800][info] GC(452)   Evacuate Collection Set: 1.9ms
[2024-10-11T04:23:06.975+0800][info] GC(452)   Post Evacuate Collection Set: 0.2ms
[2024-10-11T04:23:06.975+0800][info] GC(452)   Other: 0.1ms
[2024-10-11T04:23:06.975+0800][info] GC(452) Eden regions: 2->0(2)
[2024-10-11T04:23:06.975+0800][info] GC(452) Survivor regions: 1->1(1)
[2024-10-11T04:23:06.975+0800][info] GC(452) Old regions: 47->47
[2024-10-11T04:23:06.975+0800][info] GC(452) Archive regions: 2->2
[2024-10-11T04:23:06.975+0800][info] GC(452) Humongous regions: 3->3
[2024-10-11T04:23:06.975+0800][info] GC(452) Metaspace: 1678K(1856K)->1678K(1856K) NonClass: 1553K(1664K)->1553K(1664K) Class: 124K(192K)->124K(192K)
[2024-10-11T04:23:06.975+0800][info] GC(452) Pause Young (Mixed) (G1 Evacuation Pause) 105M->101M(128M) 2.546ms
[2024-10-11T04:23:06.975+0800][info] GC(452) User=0.01s Sys=0.00s Real=0.01s
[2024-10-11T04:23:07.077+0800][info] GC(453) Pause Young (Normal) (G1 Evacuation Pause)
[2024-10-11T04:23:07.077+0800][info] GC(453) Using 3 workers of 48 for evacuation
[2024-10-11T04:23:07.078+0800][info] GC(453)   Pre Evacuate Collection Set: 0.1ms
[2024-10-11T04:23:07.078+0800][info] GC(453)   Merge Heap Roots: 0.0ms
[2024-10-11T04:23:07.078+0800][info] GC(453)   Evacuate Collection Set: 0.7ms
[2024-10-11T04:23:07.078+0800][info] GC(453)   Post Evacuate Collection Set: 0.2ms
[2024-10-11T04:23:07.078+0800][info] GC(453)   Other: 0.2ms
[2024-10-11T04:23:07.078+0800][info] GC(453) Eden regions: 2->0(2)
[2024-10-11T04:23:07.078+0800][info] GC(453) Survivor regions: 1->1(1)
[2024-10-11T04:23:07.078+0800][info] GC(453) Old regions: 47->49
[2024-10-11T04:23:07.078+0800][info] GC(453) Archive regions: 2->2
[2024-10-11T04:23:07.078+0800][info] GC(453) Humongous regions: 3->3
[2024-10-11T04:23:07.078+0800][info] GC(453) Metaspace: 1678K(1856K)->1678K(1856K) NonClass: 1553K(1664K)->1553K(1664K) Class: 124K(192K)->124K(192K)
[2024-10-11T04:23:07.078+0800][info] GC(453) Pause Young (Normal) (G1 Evacuation Pause) 104M->105M(128M) 1.314ms
[2024-10-11T04:23:07.078+0800][info] GC(453) User=0.01s Sys=0.00s Real=0.00s
[2024-10-11T04:23:07.181+0800][info] GC(454) Pause Young (Normal) (G1 Evacuation Pause)
[2024-10-11T04:23:07.181+0800][info] GC(454) Using 3 workers of 48 for evacuation
[2024-10-11T04:23:07.182+0800][info] GC(454)   Pre Evacuate Collection Set: 0.1ms
[2024-10-11T04:23:07.182+0800][info] GC(454)   Merge Heap Roots: 0.1ms
[2024-10-11T04:23:07.182+0800][info] GC(454)   Evacuate Collection Set: 0.6ms
[2024-10-11T04:23:07.182+0800][info] GC(454)   Post Evacuate Collection Set: 0.2ms
[2024-10-11T04:23:07.182+0800][info] GC(454)   Other: 0.2ms
[2024-10-11T04:23:07.182+0800][info] GC(454) Eden regions: 2->0(2)
[2024-10-11T04:23:07.182+0800][info] GC(454) Survivor regions: 1->1(1)
[2024-10-11T04:23:07.182+0800][info] GC(454) Old regions: 49->50
[2024-10-11T04:23:07.182+0800][info] GC(454) Archive regions: 2->2
[2024-10-11T04:23:07.182+0800][info] GC(454) Humongous regions: 3->3
[2024-10-11T04:23:07.182+0800][info] GC(454) Metaspace: 1678K(1856K)->1678K(1856K) NonClass: 1553K(1664K)->1553K(1664K) Class: 124K(192K)->124K(192K)
[2024-10-11T04:23:07.182+0800][info] GC(454) Pause Young (Normal) (G1 Evacuation Pause) 108M->108M(128M) 1.203ms
[2024-10-11T04:23:07.182+0800][info] GC(454) User=0.00s Sys=0.01s Real=0.00s
[2024-10-11T04:23:07.284+0800][info] GC(455) Pause Young (Concurrent Start) (G1 Evacuation Pause)
[2024-10-11T04:23:07.284+0800][info] GC(455) Using 3 workers of 48 for evacuation
[2024-10-11T04:23:07.286+0800][info] GC(455)   Pre Evacuate Collection Set: 0.1ms
[2024-10-11T04:23:07.286+0800][info] GC(455)   Merge Heap Roots: 0.0ms
[2024-10-11T04:23:07.286+0800][info] GC(455)   Evacuate Collection Set: 0.9ms
[2024-10-11T04:23:07.286+0800][info] GC(455)   Post Evacuate Collection Set: 0.2ms
[2024-10-11T04:23:07.286+0800][info] GC(455)   Other: 0.3ms
[2024-10-11T04:23:07.286+0800][info] GC(455) Eden regions: 2->0(2)
[2024-10-11T04:23:07.286+0800][info] GC(455) Survivor regions: 1->1(1)
[2024-10-11T04:23:07.286+0800][info] GC(455) Old regions: 50->52
[2024-10-11T04:23:07.286+0800][info] GC(455) Archive regions: 2->2
[2024-10-11T04:23:07.286+0800][info] GC(455) Humongous regions: 3->3
[2024-10-11T04:23:07.286+0800][info] GC(455) Metaspace: 1678K(1856K)->1678K(1856K) NonClass: 1553K(1664K)->1553K(1664K) Class: 124K(192K)->124K(192K)
[2024-10-11T04:23:07.286+0800][info] GC(455) Pause Young (Concurrent Start) (G1 Evacuation Pause) 111M->111M(128M) 1.638ms
[2024-10-11T04:23:07.286+0800][info] GC(455) User=0.00s Sys=0.00s Real=0.01s
[2024-10-11T04:23:07.286+0800][info] GC(456) Concurrent Mark Cycle
[2024-10-11T04:23:07.286+0800][info] GC(456) Concurrent Clear Claimed Marks
[2024-10-11T04:23:07.286+0800][info] GC(456) Concurrent Clear Claimed Marks 0.016ms
[2024-10-11T04:23:07.286+0800][info] GC(456) Concurrent Scan Root Regions
[2024-10-11T04:23:07.286+0800][info] GC(456) Concurrent Scan Root Regions 0.148ms
[2024-10-11T04:23:07.286+0800][info] GC(456) Concurrent Mark
[2024-10-11T04:23:07.286+0800][info] GC(456) Concurrent Mark From Roots
[2024-10-11T04:23:07.286+0800][info] GC(456) Using 12 workers of 12 for marking
[2024-10-11T04:23:07.291+0800][info] GC(456) Concurrent Mark From Roots 4.411ms
[2024-10-11T04:23:07.291+0800][info] GC(456) Concurrent Preclean
[2024-10-11T04:23:07.292+0800][info] GC(456) Concurrent Preclean 1.686ms
[2024-10-11T04:23:07.292+0800][info] GC(456) Pause Remark
[2024-10-11T04:23:07.294+0800][info] GC(456) Pause Remark 112M->110M(128M) 1.452ms
[2024-10-11T04:23:07.294+0800][info] GC(456) User=0.01s Sys=0.00s Real=0.01s
[2024-10-11T04:23:07.294+0800][info] GC(456) Concurrent Mark 7.877ms
[2024-10-11T04:23:07.294+0800][info] GC(456) Concurrent Rebuild Remembered Sets
[2024-10-11T04:23:07.295+0800][info] GC(456) Concurrent Rebuild Remembered Sets 1.451ms
[2024-10-11T04:23:07.296+0800][info] GC(456) Pause Cleanup
[2024-10-11T04:23:07.296+0800][info] GC(456) Pause Cleanup 110M->110M(128M) 0.176ms
[2024-10-11T04:23:07.296+0800][info] GC(456) User=0.00s Sys=0.00s Real=0.00s
[2024-10-11T04:23:07.296+0800][info] GC(456) Concurrent Cleanup for Next Mark
[2024-10-11T04:23:07.296+0800][info] GC(456) Concurrent Cleanup for Next Mark 0.397ms
[2024-10-11T04:23:07.296+0800][info] GC(456) Concurrent Mark Cycle 10.405ms
[2024-10-11T04:23:07.439+0800][info] GC(457) Pause Young (Prepare Mixed) (G1 Evacuation Pause)
[2024-10-11T04:23:07.439+0800][info] GC(457) Using 3 workers of 48 for evacuation
[2024-10-11T04:23:07.440+0800][info] GC(457)   Pre Evacuate Collection Set: 0.1ms
[2024-10-11T04:23:07.440+0800][info] GC(457)   Merge Heap Roots: 0.1ms
[2024-10-11T04:23:07.440+0800][info] GC(457)   Evacuate Collection Set: 0.8ms
[2024-10-11T04:23:07.440+0800][info] GC(457)   Post Evacuate Collection Set: 0.2ms
[2024-10-11T04:23:07.440+0800][info] GC(457)   Other: 0.2ms
[2024-10-11T04:23:07.440+0800][info] GC(457) Eden regions: 2->0(2)
[2024-10-11T04:23:07.440+0800][info] GC(457) Survivor regions: 1->1(1)
[2024-10-11T04:23:07.440+0800][info] GC(457) Old regions: 51->53
[2024-10-11T04:23:07.440+0800][info] GC(457) Archive regions: 2->2
[2024-10-11T04:23:07.440+0800][info] GC(457) Humongous regions: 3->3
[2024-10-11T04:23:07.440+0800][info] GC(457) Metaspace: 1678K(1856K)->1678K(1856K) NonClass: 1553K(1664K)->1553K(1664K) Class: 124K(192K)->124K(192K)
[2024-10-11T04:23:07.440+0800][info] GC(457) Pause Young (Prepare Mixed) (G1 Evacuation Pause) 113M->113M(128M) 1.459ms
[2024-10-11T04:23:07.440+0800][info] GC(457) User=0.01s Sys=0.00s Real=0.00s
[2024-10-11T04:23:07.502+0800][info] GC(458) Pause Young (Mixed) (G1 Preventive Collection)
[2024-10-11T04:23:07.502+0800][info] GC(458) Using 3 workers of 48 for evacuation
[2024-10-11T04:23:07.503+0800][info] GC(458)   Pre Evacuate Collection Set: 0.2ms
[2024-10-11T04:23:07.503+0800][info] GC(458)   Merge Heap Roots: 0.1ms
[2024-10-11T04:23:07.503+0800][info] GC(458)   Evacuate Collection Set: 1.0ms
[2024-10-11T04:23:07.503+0800][info] GC(458)   Post Evacuate Collection Set: 0.2ms
[2024-10-11T04:23:07.503+0800][info] GC(458)   Other: 0.2ms
[2024-10-11T04:23:07.503+0800][info] GC(458) Eden regions: 1->0(2)
[2024-10-11T04:23:07.503+0800][info] GC(458) Survivor regions: 1->1(1)
[2024-10-11T04:23:07.503+0800][info] GC(458) Old regions: 53->49
[2024-10-11T04:23:07.503+0800][info] GC(458) Archive regions: 2->2
[2024-10-11T04:23:07.503+0800][info] GC(458) Humongous regions: 3->3
[2024-10-11T04:23:07.503+0800][info] GC(458) Metaspace: 1678K(1856K)->1678K(1856K) NonClass: 1553K(1664K)->1553K(1664K) Class: 124K(192K)->124K(192K)
[2024-10-11T04:23:07.503+0800][info] GC(458) Pause Young (Mixed) (G1 Preventive Collection) 115M->104M(128M) 1.723ms
[2024-10-11T04:23:07.503+0800][info] GC(458) User=0.00s Sys=0.00s Real=0.00s
[2024-10-11T04:23:07.606+0800][info] GC(459) Pause Young (Mixed) (G1 Preventive Collection)
[2024-10-11T04:23:07.606+0800][info] GC(459) Using 3 workers of 48 for evacuation
[2024-10-11T04:23:07.608+0800][info] GC(459)   Pre Evacuate Collection Set: 0.2ms
[2024-10-11T04:23:07.608+0800][info] GC(459)   Merge Heap Roots: 0.0ms
[2024-10-11T04:23:07.608+0800][info] GC(459)   Evacuate Collection Set: 1.4ms
[2024-10-11T04:23:07.608+0800][info] GC(459)   Post Evacuate Collection Set: 0.2ms
[2024-10-11T04:23:07.608+0800][info] GC(459)   Other: 0.1ms
[2024-10-11T04:23:07.608+0800][info] GC(459) Eden regions: 2->0(2)
[2024-10-11T04:23:07.608+0800][info] GC(459) Survivor regions: 1->1(1)
[2024-10-11T04:23:07.608+0800][info] GC(459) Old regions: 49->46
[2024-10-11T04:23:07.608+0800][info] GC(459) Archive regions: 2->2
[2024-10-11T04:23:07.608+0800][info] GC(459) Humongous regions: 4->3
[2024-10-11T04:23:07.608+0800][info] GC(459) Metaspace: 1678K(1856K)->1678K(1856K) NonClass: 1553K(1664K)->1553K(1664K) Class: 124K(192K)->124K(192K)
[2024-10-11T04:23:07.608+0800][info] GC(459) Pause Young (Mixed) (G1 Preventive Collection) 110M->100M(128M) 2.112ms
[2024-10-11T04:23:07.609+0800][info] GC(459) User=0.01s Sys=0.00s Real=0.00s
[2024-10-11T04:23:07.711+0800][info] GC(460) Pause Young (Mixed) (G1 Evacuation Pause)
[2024-10-11T04:23:07.711+0800][info] GC(460) Using 3 workers of 48 for evacuation
[2024-10-11T04:23:07.713+0800][info] GC(460)   Pre Evacuate Collection Set: 0.2ms
[2024-10-11T04:23:07.713+0800][info] GC(460)   Merge Heap Roots: 0.1ms
[2024-10-11T04:23:07.713+0800][info] GC(460)   Evacuate Collection Set: 1.8ms
[2024-10-11T04:23:07.713+0800][info] GC(460)   Post Evacuate Collection Set: 0.2ms
[2024-10-11T04:23:07.713+0800][info] GC(460)   Other: 0.1ms
[2024-10-11T04:23:07.713+0800][info] GC(460) Eden regions: 2->0(2)
[2024-10-11T04:23:07.713+0800][info] GC(460) Survivor regions: 1->1(1)
[2024-10-11T04:23:07.713+0800][info] GC(460) Old regions: 46->45
[2024-10-11T04:23:07.713+0800][info] GC(460) Archive regions: 2->2
[2024-10-11T04:23:07.713+0800][info] GC(460) Humongous regions: 3->3
[2024-10-11T04:23:07.713+0800][info] GC(460) Metaspace: 1678K(1856K)->1678K(1856K) NonClass: 1553K(1664K)->1553K(1664K) Class: 124K(192K)->124K(192K)
[2024-10-11T04:23:07.713+0800][info] GC(460) Pause Young (Mixed) (G1 Evacuation Pause) 104M->98M(128M) 2.517ms
[2024-10-11T04:23:07.713+0800][info] GC(460) User=0.00s Sys=0.00s Real=0.00s
[2024-10-11T04:23:07.815+0800][info] GC(461) Pause Young (Mixed) (G1 Evacuation Pause)
[2024-10-11T04:23:07.815+0800][info] GC(461) Using 3 workers of 48 for evacuation
[2024-10-11T04:23:07.818+0800][info] GC(461)   Pre Evacuate Collection Set: 0.2ms
[2024-10-11T04:23:07.818+0800][info] GC(461)   Merge Heap Roots: 0.1ms
[2024-10-11T04:23:07.818+0800][info] GC(461)   Evacuate Collection Set: 2.0ms
[2024-10-11T04:23:07.818+0800][info] GC(461)   Post Evacuate Collection Set: 0.2ms
[2024-10-11T04:23:07.818+0800][info] GC(461)   Other: 0.1ms
[2024-10-11T04:23:07.818+0800][info] GC(461) Eden regions: 2->0(2)
[2024-10-11T04:23:07.818+0800][info] GC(461) Survivor regions: 1->1(1)
[2024-10-11T04:23:07.818+0800][info] GC(461) Old regions: 45->46
[2024-10-11T04:23:07.818+0800][info] GC(461) Archive regions: 2->2
[2024-10-11T04:23:07.818+0800][info] GC(461) Humongous regions: 3->3
[2024-10-11T04:23:07.818+0800][info] GC(461) Metaspace: 1678K(1856K)->1678K(1856K) NonClass: 1553K(1664K)->1553K(1664K) Class: 124K(192K)->124K(192K)
[2024-10-11T04:23:07.818+0800][info] GC(461) Pause Young (Mixed) (G1 Evacuation Pause) 102M->99M(128M) 2.682ms
[2024-10-11T04:23:07.818+0800][info] GC(461) User=0.00s Sys=0.00s Real=0.00s
[2024-10-11T04:23:07.920+0800][info] GC(462) Pause Young (Normal) (G1 Evacuation Pause)
[2024-10-11T04:23:07.920+0800][info] GC(462) Using 3 workers of 48 for evacuation
[2024-10-11T04:23:07.921+0800][info] GC(462)   Pre Evacuate Collection Set: 0.1ms
[2024-10-11T04:23:07.921+0800][info] GC(462)   Merge Heap Roots: 0.0ms
[2024-10-11T04:23:07.921+0800][info] GC(462)   Evacuate Collection Set: 0.8ms
[2024-10-11T04:23:07.922+0800][info] GC(462)   Post Evacuate Collection Set: 0.2ms
[2024-10-11T04:23:07.922+0800][info] GC(462)   Other: 0.2ms
[2024-10-11T04:23:07.922+0800][info] GC(462) Eden regions: 2->0(2)
[2024-10-11T04:23:07.922+0800][info] GC(462) Survivor regions: 1->1(1)
[2024-10-11T04:23:07.922+0800][info] GC(462) Old regions: 46->48
[2024-10-11T04:23:07.922+0800][info] GC(462) Archive regions: 2->2
[2024-10-11T04:23:07.922+0800][info] GC(462) Humongous regions: 3->3
[2024-10-11T04:23:07.922+0800][info] GC(462) Metaspace: 1678K(1856K)->1678K(1856K) NonClass: 1553K(1664K)->1553K(1664K) Class: 124K(192K)->124K(192K)
[2024-10-11T04:23:07.922+0800][info] GC(462) Pause Young (Normal) (G1 Evacuation Pause) 102M->103M(128M) 1.414ms
[2024-10-11T04:23:07.922+0800][info] GC(462) User=0.01s Sys=0.00s Real=0.00s
[2024-10-11T04:23:08.024+0800][info] GC(463) Pause Young (Normal) (G1 Evacuation Pause)
[2024-10-11T04:23:08.024+0800][info] GC(463) Using 3 workers of 48 for evacuation
[2024-10-11T04:23:08.025+0800][info] GC(463)   Pre Evacuate Collection Set: 0.1ms
[2024-10-11T04:23:08.025+0800][info] GC(463)   Merge Heap Roots: 0.1ms
[2024-10-11T04:23:08.025+0800][info] GC(463)   Evacuate Collection Set: 0.7ms
[2024-10-11T04:23:08.025+0800][info] GC(463)   Post Evacuate Collection Set: 0.2ms
[2024-10-11T04:23:08.025+0800][info] GC(463)   Other: 0.2ms
[2024-10-11T04:23:08.025+0800][info] GC(463) Eden regions: 2->0(2)
[2024-10-11T04:23:08.025+0800][info] GC(463) Survivor regions: 1->1(1)
[2024-10-11T04:23:08.025+0800][info] GC(463) Old regions: 48->50
[2024-10-11T04:23:08.025+0800][info] GC(463) Archive regions: 2->2
[2024-10-11T04:23:08.025+0800][info] GC(463) Humongous regions: 3->3
[2024-10-11T04:23:08.025+0800][info] GC(463) Metaspace: 1678K(1856K)->1678K(1856K) NonClass: 1553K(1664K)->1553K(1664K) Class: 124K(192K)->124K(192K)
[2024-10-11T04:23:08.025+0800][info] GC(463) Pause Young (Normal) (G1 Evacuation Pause) 107M->107M(128M) 1.285ms
[2024-10-11T04:23:08.025+0800][info] GC(463) User=0.00s Sys=0.00s Real=0.01s
[2024-10-11T04:23:08.127+0800][info] GC(464) Pause Young (Concurrent Start) (G1 Evacuation Pause)
[2024-10-11T04:23:08.127+0800][info] GC(464) Using 3 workers of 48 for evacuation
[2024-10-11T04:23:08.129+0800][info] GC(464)   Pre Evacuate Collection Set: 0.1ms
[2024-10-11T04:23:08.129+0800][info] GC(464)   Merge Heap Roots: 0.0ms
[2024-10-11T04:23:08.129+0800][info] GC(464)   Evacuate Collection Set: 0.7ms
[2024-10-11T04:23:08.129+0800][info] GC(464)   Post Evacuate Collection Set: 0.2ms
[2024-10-11T04:23:08.129+0800][info] GC(464)   Other: 0.4ms
[2024-10-11T04:23:08.129+0800][info] GC(464) Eden regions: 2->0(2)
[2024-10-11T04:23:08.129+0800][info] GC(464) Survivor regions: 1->1(1)
[2024-10-11T04:23:08.129+0800][info] GC(464) Old regions: 50->51
[2024-10-11T04:23:08.129+0800][info] GC(464) Archive regions: 2->2
[2024-10-11T04:23:08.129+0800][info] GC(464) Humongous regions: 3->3
[2024-10-11T04:23:08.129+0800][info] GC(464) Metaspace: 1678K(1856K)->1678K(1856K) NonClass: 1553K(1664K)->1553K(1664K) Class: 124K(192K)->124K(192K)
[2024-10-11T04:23:08.129+0800][info] GC(464) Pause Young (Concurrent Start) (G1 Evacuation Pause) 110M->110M(128M) 1.523ms
[2024-10-11T04:23:08.129+0800][info] GC(464) User=0.01s Sys=0.00s Real=0.00s
[2024-10-11T04:23:08.129+0800][info] GC(465) Concurrent Mark Cycle
[2024-10-11T04:23:08.129+0800][info] GC(465) Concurrent Clear Claimed Marks
[2024-10-11T04:23:08.129+0800][info] GC(465) Concurrent Clear Claimed Marks 0.019ms
[2024-10-11T04:23:08.129+0800][info] GC(465) Concurrent Scan Root Regions
[2024-10-11T04:23:08.129+0800][info] GC(465) Concurrent Scan Root Regions 0.149ms
[2024-10-11T04:23:08.129+0800][info] GC(465) Concurrent Mark
[2024-10-11T04:23:08.129+0800][info] GC(465) Concurrent Mark From Roots
[2024-10-11T04:23:08.129+0800][info] GC(465) Using 12 workers of 12 for marking
[2024-10-11T04:23:08.133+0800][info] GC(465) Concurrent Mark From Roots 3.936ms
[2024-10-11T04:23:08.133+0800][info] GC(465) Concurrent Preclean
[2024-10-11T04:23:08.135+0800][info] GC(465) Concurrent Preclean 1.682ms
[2024-10-11T04:23:08.135+0800][info] GC(465) Pause Remark
[2024-10-11T04:23:08.137+0800][info] GC(465) Pause Remark 111M->111M(128M) 1.475ms
[2024-10-11T04:23:08.137+0800][info] GC(465) User=0.00s Sys=0.00s Real=0.00s
[2024-10-11T04:23:08.137+0800][info] GC(465) Concurrent Mark 7.403ms
[2024-10-11T04:23:08.137+0800][info] GC(465) Concurrent Rebuild Remembered Sets
[2024-10-11T04:23:08.138+0800][info] GC(465) Concurrent Rebuild Remembered Sets 1.508ms
[2024-10-11T04:23:08.138+0800][info] GC(465) Pause Cleanup
[2024-10-11T04:23:08.139+0800][info] GC(465) Pause Cleanup 111M->111M(128M) 0.248ms
[2024-10-11T04:23:08.139+0800][info] GC(465) User=0.00s Sys=0.00s Real=0.00s
[2024-10-11T04:23:08.139+0800][info] GC(465) Concurrent Cleanup for Next Mark
[2024-10-11T04:23:08.139+0800][info] GC(465) Concurrent Cleanup for Next Mark 0.390ms
[2024-10-11T04:23:08.139+0800][info] GC(465) Concurrent Mark Cycle 10.103ms
[2024-10-11T04:23:08.282+0800][info] GC(466) Pause Young (Prepare Mixed) (G1 Evacuation Pause)
[2024-10-11T04:23:08.282+0800][info] GC(466) Using 3 workers of 48 for evacuation
[2024-10-11T04:23:08.284+0800][info] GC(466)   Pre Evacuate Collection Set: 0.1ms
[2024-10-11T04:23:08.284+0800][info] GC(466)   Merge Heap Roots: 0.1ms
[2024-10-11T04:23:08.284+0800][info] GC(466)   Evacuate Collection Set: 0.8ms
[2024-10-11T04:23:08.284+0800][info] GC(466)   Post Evacuate Collection Set: 0.2ms
[2024-10-11T04:23:08.284+0800][info] GC(466)   Other: 0.2ms
[2024-10-11T04:23:08.284+0800][info] GC(466) Eden regions: 2->0(2)
[2024-10-11T04:23:08.284+0800][info] GC(466) Survivor regions: 1->1(1)
[2024-10-11T04:23:08.284+0800][info] GC(466) Old regions: 51->53
[2024-10-11T04:23:08.284+0800][info] GC(466) Archive regions: 2->2
[2024-10-11T04:23:08.284+0800][info] GC(466) Humongous regions: 3->3
[2024-10-11T04:23:08.284+0800][info] GC(466) Metaspace: 1678K(1856K)->1678K(1856K) NonClass: 1553K(1664K)->1553K(1664K) Class: 124K(192K)->124K(192K)
[2024-10-11T04:23:08.284+0800][info] GC(466) Pause Young (Prepare Mixed) (G1 Evacuation Pause) 114M->113M(128M) 1.434ms
[2024-10-11T04:23:08.284+0800][info] GC(466) User=0.00s Sys=0.01s Real=0.00s
[2024-10-11T04:23:08.345+0800][info] GC(467) Pause Young (Mixed) (G1 Preventive Collection)
[2024-10-11T04:23:08.345+0800][info] GC(467) Using 3 workers of 48 for evacuation
[2024-10-11T04:23:08.347+0800][info] GC(467) To-space exhausted
[2024-10-11T04:23:08.347+0800][info] GC(467)   Pre Evacuate Collection Set: 0.2ms
[2024-10-11T04:23:08.347+0800][info] GC(467)   Merge Heap Roots: 0.1ms
[2024-10-11T04:23:08.347+0800][info] GC(467)   Evacuate Collection Set: 1.1ms
[2024-10-11T04:23:08.347+0800][info] GC(467)   Post Evacuate Collection Set: 0.2ms
[2024-10-11T04:23:08.347+0800][info] GC(467)   Other: 0.2ms
[2024-10-11T04:23:08.347+0800][info] GC(467) Eden regions: 1->0(2)
[2024-10-11T04:23:08.347+0800][info] GC(467) Survivor regions: 1->1(1)
[2024-10-11T04:23:08.347+0800][info] GC(467) Old regions: 53->52
[2024-10-11T04:23:08.347+0800][info] GC(467) Archive regions: 2->2
[2024-10-11T04:23:08.347+0800][info] GC(467) Humongous regions: 3->3
[2024-10-11T04:23:08.347+0800][info] GC(467) Metaspace: 1678K(1856K)->1678K(1856K) NonClass: 1553K(1664K)->1553K(1664K) Class: 124K(192K)->124K(192K)
[2024-10-11T04:23:08.347+0800][info] GC(467) Pause Young (Mixed) (G1 Preventive Collection) 115M->112M(128M) 1.935ms
[2024-10-11T04:23:08.347+0800][info] GC(467) User=0.01s Sys=0.00s Real=0.01s
[2024-10-11T04:23:08.388+0800][info] GC(468) Pause Young (Mixed) (G1 Preventive Collection)
[2024-10-11T04:23:08.388+0800][info] GC(468) Using 3 workers of 48 for evacuation
[2024-10-11T04:23:08.390+0800][info] GC(468) To-space exhausted
[2024-10-11T04:23:08.390+0800][info] GC(468)   Pre Evacuate Collection Set: 0.2ms
[2024-10-11T04:23:08.390+0800][info] GC(468)   Merge Heap Roots: 0.1ms
[2024-10-11T04:23:08.390+0800][info] GC(468)   Evacuate Collection Set: 1.4ms
[2024-10-11T04:23:08.390+0800][info] GC(468)   Post Evacuate Collection Set: 0.3ms
[2024-10-11T04:23:08.390+0800][info] GC(468)   Other: 0.2ms
[2024-10-11T04:23:08.390+0800][info] GC(468) Eden regions: 1->0(2)
[2024-10-11T04:23:08.390+0800][info] GC(468) Survivor regions: 1->1(1)
[2024-10-11T04:23:08.390+0800][info] GC(468) Old regions: 52->55
[2024-10-11T04:23:08.390+0800][info] GC(468) Archive regions: 2->2
[2024-10-11T04:23:08.390+0800][info] GC(468) Humongous regions: 3->3
[2024-10-11T04:23:08.390+0800][info] GC(468) Metaspace: 1678K(1856K)->1678K(1856K) NonClass: 1553K(1664K)->1553K(1664K) Class: 124K(192K)->124K(192K)
[2024-10-11T04:23:08.390+0800][info] GC(468) Pause Young (Mixed) (G1 Preventive Collection) 114M->118M(128M) 2.269ms
[2024-10-11T04:23:08.390+0800][info] GC(468) User=0.00s Sys=0.00s Real=0.00s
[2024-10-11T04:23:08.452+0800][info] GC(469) Pause Young (Mixed) (G1 Preventive Collection)
[2024-10-11T04:23:08.452+0800][info] GC(469) Using 3 workers of 48 for evacuation
[2024-10-11T04:23:08.453+0800][info] GC(469) To-space exhausted
[2024-10-11T04:23:08.453+0800][info] GC(469)   Pre Evacuate Collection Set: 0.2ms
[2024-10-11T04:23:08.453+0800][info] GC(469)   Merge Heap Roots: 0.1ms
[2024-10-11T04:23:08.453+0800][info] GC(469)   Evacuate Collection Set: 0.9ms
[2024-10-11T04:23:08.453+0800][info] GC(469)   Post Evacuate Collection Set: 0.3ms
[2024-10-11T04:23:08.453+0800][info] GC(469)   Other: 0.1ms
[2024-10-11T04:23:08.453+0800][info] GC(469) Eden regions: 1->0(2)
[2024-10-11T04:23:08.453+0800][info] GC(469) Survivor regions: 1->1(1)
[2024-10-11T04:23:08.453+0800][info] GC(469) Old regions: 55->57
[2024-10-11T04:23:08.453+0800][info] GC(469) Archive regions: 2->2
[2024-10-11T04:23:08.453+0800][info] GC(469) Humongous regions: 3->3
[2024-10-11T04:23:08.453+0800][info] GC(469) Metaspace: 1678K(1856K)->1678K(1856K) NonClass: 1553K(1664K)->1553K(1664K) Class: 124K(192K)->124K(192K)
[2024-10-11T04:23:08.453+0800][info] GC(469) Pause Young (Mixed) (G1 Preventive Collection) 120M->121M(128M) 1.758ms
[2024-10-11T04:23:08.453+0800][info] GC(469) User=0.00s Sys=0.00s Real=0.01s
[2024-10-11T04:23:08.495+0800][info] GC(470) Pause Young (Mixed) (G1 Evacuation Pause)
[2024-10-11T04:23:08.495+0800][info] GC(470) Using 3 workers of 48 for evacuation
[2024-10-11T04:23:08.496+0800][info] GC(470) To-space exhausted
[2024-10-11T04:23:08.496+0800][info] GC(470)   Pre Evacuate Collection Set: 0.2ms
[2024-10-11T04:23:08.496+0800][info] GC(470)   Merge Heap Roots: 0.1ms
[2024-10-11T04:23:08.496+0800][info] GC(470)   Evacuate Collection Set: 0.4ms
[2024-10-11T04:23:08.496+0800][info] GC(470)   Post Evacuate Collection Set: 0.2ms
[2024-10-11T04:23:08.496+0800][info] GC(470)   Other: 0.1ms
[2024-10-11T04:23:08.496+0800][info] GC(470) Eden regions: 1->0(3)
[2024-10-11T04:23:08.496+0800][info] GC(470) Survivor regions: 1->0(0)
[2024-10-11T04:23:08.496+0800][info] GC(470) Old regions: 57->59
[2024-10-11T04:23:08.496+0800][info] GC(470) Archive regions: 2->2
[2024-10-11T04:23:08.496+0800][info] GC(470) Humongous regions: 3->3
[2024-10-11T04:23:08.496+0800][info] GC(470) Metaspace: 1678K(1856K)->1678K(1856K) NonClass: 1553K(1664K)->1553K(1664K) Class: 124K(192K)->124K(192K)
[2024-10-11T04:23:08.496+0800][info] GC(470) Pause Young (Mixed) (G1 Evacuation Pause) 123M->123M(128M) 1.097ms
[2024-10-11T04:23:08.496+0800][info] GC(470) User=0.00s Sys=0.00s Real=0.00s
[2024-10-11T04:23:08.496+0800][info] Attempting full compaction
[2024-10-11T04:23:08.496+0800][info] GC(471) Using 3 workers of 48 for full compaction
[2024-10-11T04:23:08.496+0800][info] GC(471) Pause Full (G1 Compaction Pause)
[2024-10-11T04:23:08.496+0800][info] GC(471) Phase 1: Mark live objects
[2024-10-11T04:23:08.499+0800][info] GC(471) Phase 1: Mark live objects 3.128ms
[2024-10-11T04:23:08.499+0800][info] GC(471) Phase 2: Prepare for compaction
[2024-10-11T04:23:08.500+0800][info] GC(471) Phase 2: Prepare for compaction 0.649ms
[2024-10-11T04:23:08.500+0800][info] GC(471) Phase 3: Adjust pointers
[2024-10-11T04:23:08.501+0800][info] GC(471) Phase 3: Adjust pointers 1.628ms
[2024-10-11T04:23:08.501+0800][info] GC(471) Phase 4: Compact heap
[2024-10-11T04:23:08.513+0800][info] GC(471) Phase 4: Compact heap 11.519ms
[2024-10-11T04:23:08.514+0800][info] GC(471) Eden regions: 0->0(4)
[2024-10-11T04:23:08.514+0800][info] GC(471) Survivor regions: 0->0(0)
[2024-10-11T04:23:08.514+0800][info] GC(471) Old regions: 59->38
[2024-10-11T04:23:08.514+0800][info] GC(471) Archive regions: 2->2
[2024-10-11T04:23:08.514+0800][info] GC(471) Humongous regions: 3->3
[2024-10-11T04:23:08.514+0800][info] GC(471) Metaspace: 1678K(1856K)->1678K(1856K) NonClass: 1553K(1664K)->1553K(1664K) Class: 124K(192K)->124K(192K)
[2024-10-11T04:23:08.515+0800][info] GC(471) Pause Full (G1 Compaction Pause) 123M->71M(128M) 18.600ms
[2024-10-11T04:23:08.515+0800][info] GC(471) User=0.04s Sys=0.00s Real=0.02s
[2024-10-11T04:23:08.740+0800][info] GC(472) Pause Young (Normal) (G1 Evacuation Pause)
[2024-10-11T04:23:08.740+0800][info] GC(472) Using 3 workers of 48 for evacuation
[2024-10-11T04:23:08.741+0800][info] GC(472)   Pre Evacuate Collection Set: 0.1ms
[2024-10-11T04:23:08.741+0800][info] GC(472)   Merge Heap Roots: 0.0ms
[2024-10-11T04:23:08.741+0800][info] GC(472)   Evacuate Collection Set: 1.1ms
[2024-10-11T04:23:08.741+0800][info] GC(472)   Post Evacuate Collection Set: 0.2ms
[2024-10-11T04:23:08.741+0800][info] GC(472)   Other: 0.2ms
[2024-10-11T04:23:08.741+0800][info] GC(472) Eden regions: 4->0(2)
[2024-10-11T04:23:08.741+0800][info] GC(472) Survivor regions: 0->1(1)
[2024-10-11T04:23:08.741+0800][info] GC(472) Old regions: 38->41
[2024-10-11T04:23:08.741+0800][info] GC(472) Archive regions: 2->2
[2024-10-11T04:23:08.741+0800][info] GC(472) Humongous regions: 3->3
[2024-10-11T04:23:08.741+0800][info] GC(472) Metaspace: 1678K(1856K)->1678K(1856K) NonClass: 1553K(1664K)->1553K(1664K) Class: 124K(192K)->124K(192K)
[2024-10-11T04:23:08.741+0800][info] GC(472) Pause Young (Normal) (G1 Evacuation Pause) 79M->79M(128M) 1.854ms
[2024-10-11T04:23:08.741+0800][info] GC(472) User=0.01s Sys=0.00s Real=0.00s
[2024-10-11T04:23:08.844+0800][info] GC(473) Pause Young (Normal) (G1 Evacuation Pause)
[2024-10-11T04:23:08.844+0800][info] GC(473) Using 3 workers of 48 for evacuation
[2024-10-11T04:23:08.845+0800][info] GC(473)   Pre Evacuate Collection Set: 0.1ms
[2024-10-11T04:23:08.845+0800][info] GC(473)   Merge Heap Roots: 0.0ms
[2024-10-11T04:23:08.845+0800][info] GC(473)   Evacuate Collection Set: 0.8ms
[2024-10-11T04:23:08.845+0800][info] GC(473)   Post Evacuate Collection Set: 0.2ms
[2024-10-11T04:23:08.845+0800][info] GC(473)   Other: 0.2ms
[2024-10-11T04:23:08.845+0800][info] GC(473) Eden regions: 2->0(2)
[2024-10-11T04:23:08.845+0800][info] GC(473) Survivor regions: 1->1(1)
[2024-10-11T04:23:08.845+0800][info] GC(473) Old regions: 41->43
[2024-10-11T04:23:08.845+0800][info] GC(473) Archive regions: 2->2
[2024-10-11T04:23:08.845+0800][info] GC(473) Humongous regions: 3->3
[2024-10-11T04:23:08.845+0800][info] GC(473) Metaspace: 1678K(1856K)->1678K(1856K) NonClass: 1553K(1664K)->1553K(1664K) Class: 124K(192K)->124K(192K)
[2024-10-11T04:23:08.845+0800][info] GC(473) Pause Young (Normal) (G1 Evacuation Pause) 83M->83M(128M) 1.371ms
[2024-10-11T04:23:08.845+0800][info] GC(473) User=0.00s Sys=0.00s Real=0.00s
[2024-10-11T04:23:08.947+0800][info] GC(474) Pause Young (Normal) (G1 Evacuation Pause)
[2024-10-11T04:23:08.947+0800][info] GC(474) Using 3 workers of 48 for evacuation
[2024-10-11T04:23:08.948+0800][info] GC(474)   Pre Evacuate Collection Set: 0.1ms
[2024-10-11T04:23:08.948+0800][info] GC(474)   Merge Heap Roots: 0.0ms
[2024-10-11T04:23:08.948+0800][info] GC(474)   Evacuate Collection Set: 0.7ms
[2024-10-11T04:23:08.948+0800][info] GC(474)   Post Evacuate Collection Set: 0.2ms
[2024-10-11T04:23:08.948+0800][info] GC(474)   Other: 0.2ms
[2024-10-11T04:23:08.948+0800][info] GC(474) Eden regions: 2->0(2)
[2024-10-11T04:23:08.949+0800][info] GC(474) Survivor regions: 1->1(1)
[2024-10-11T04:23:08.949+0800][info] GC(474) Old regions: 43->45
[2024-10-11T04:23:08.949+0800][info] GC(474) Archive regions: 2->2
[2024-10-11T04:23:08.949+0800][info] GC(474) Humongous regions: 3->3
[2024-10-11T04:23:08.949+0800][info] GC(474) Metaspace: 1678K(1856K)->1678K(1856K) NonClass: 1553K(1664K)->1553K(1664K) Class: 124K(192K)->124K(192K)
[2024-10-11T04:23:08.949+0800][info] GC(474) Pause Young (Normal) (G1 Evacuation Pause) 87M->87M(128M) 1.290ms
[2024-10-11T04:23:08.949+0800][info] GC(474) User=0.01s Sys=0.00s Real=0.00s
[2024-10-11T04:23:09.051+0800][info] GC(475) Pause Young (Normal) (G1 Evacuation Pause)
[2024-10-11T04:23:09.051+0800][info] GC(475) Using 3 workers of 48 for evacuation
[2024-10-11T04:23:09.052+0800][info] GC(475)   Pre Evacuate Collection Set: 0.1ms
[2024-10-11T04:23:09.052+0800][info] GC(475)   Merge Heap Roots: 0.0ms
[2024-10-11T04:23:09.052+0800][info] GC(475)   Evacuate Collection Set: 0.7ms
[2024-10-11T04:23:09.052+0800][info] GC(475)   Post Evacuate Collection Set: 0.2ms
[2024-10-11T04:23:09.052+0800][info] GC(475)   Other: 0.2ms
[2024-10-11T04:23:09.052+0800][info] GC(475) Eden regions: 2->0(2)
[2024-10-11T04:23:09.052+0800][info] GC(475) Survivor regions: 1->1(1)
[2024-10-11T04:23:09.052+0800][info] GC(475) Old regions: 45->47
[2024-10-11T04:23:09.052+0800][info] GC(475) Archive regions: 2->2
[2024-10-11T04:23:09.052+0800][info] GC(475) Humongous regions: 3->3
[2024-10-11T04:23:09.052+0800][info] GC(475) Metaspace: 1678K(1856K)->1678K(1856K) NonClass: 1553K(1664K)->1553K(1664K) Class: 124K(192K)->124K(192K)
[2024-10-11T04:23:09.052+0800][info] GC(475) Pause Young (Normal) (G1 Evacuation Pause) 90M->91M(128M) 1.360ms
[2024-10-11T04:23:09.052+0800][info] GC(475) User=0.00s Sys=0.00s Real=0.00s
[2024-10-11T04:23:09.154+0800][info] GC(476) Pause Young (Concurrent Start) (G1 Evacuation Pause)
[2024-10-11T04:23:09.154+0800][info] GC(476) Using 3 workers of 48 for evacuation
[2024-10-11T04:23:09.156+0800][info] GC(476)   Pre Evacuate Collection Set: 0.1ms
[2024-10-11T04:23:09.156+0800][info] GC(476)   Merge Heap Roots: 0.0ms
[2024-10-11T04:23:09.156+0800][info] GC(476)   Evacuate Collection Set: 0.7ms
[2024-10-11T04:23:09.156+0800][info] GC(476)   Post Evacuate Collection Set: 0.2ms
[2024-10-11T04:23:09.156+0800][info] GC(476)   Other: 0.3ms
[2024-10-11T04:23:09.156+0800][info] GC(476) Eden regions: 2->0(2)
[2024-10-11T04:23:09.156+0800][info] GC(476) Survivor regions: 1->1(1)
[2024-10-11T04:23:09.156+0800][info] GC(476) Old regions: 47->49
[2024-10-11T04:23:09.156+0800][info] GC(476) Archive regions: 2->2
[2024-10-11T04:23:09.156+0800][info] GC(476) Humongous regions: 3->3
[2024-10-11T04:23:09.156+0800][info] GC(476) Metaspace: 1678K(1856K)->1678K(1856K) NonClass: 1553K(1664K)->1553K(1664K) Class: 124K(192K)->124K(192K)
[2024-10-11T04:23:09.156+0800][info] GC(476) Pause Young (Concurrent Start) (G1 Evacuation Pause) 94M->94M(128M) 1.490ms
[2024-10-11T04:23:09.156+0800][info] GC(476) User=0.01s Sys=0.00s Real=0.00s
[2024-10-11T04:23:09.156+0800][info] GC(477) Concurrent Mark Cycle
[2024-10-11T04:23:09.156+0800][info] GC(477) Concurrent Clear Claimed Marks
[2024-10-11T04:23:09.156+0800][info] GC(477) Concurrent Clear Claimed Marks 0.017ms
[2024-10-11T04:23:09.156+0800][info] GC(477) Concurrent Scan Root Regions
[2024-10-11T04:23:09.156+0800][info] GC(477) Concurrent Scan Root Regions 0.111ms
[2024-10-11T04:23:09.156+0800][info] GC(477) Concurrent Mark
[2024-10-11T04:23:09.156+0800][info] GC(477) Concurrent Mark From Roots
[2024-10-11T04:23:09.156+0800][info] GC(477) Using 12 workers of 12 for marking
[2024-10-11T04:23:09.160+0800][info] GC(477) Concurrent Mark From Roots 3.920ms
[2024-10-11T04:23:09.160+0800][info] GC(477) Concurrent Preclean
[2024-10-11T04:23:09.162+0800][info] GC(477) Concurrent Preclean 1.704ms
[2024-10-11T04:23:09.162+0800][info] GC(477) Pause Remark
[2024-10-11T04:23:09.164+0800][info] GC(477) Pause Remark 95M->95M(128M) 1.573ms
[2024-10-11T04:23:09.164+0800][info] GC(477) User=0.00s Sys=0.00s Real=0.00s
[2024-10-11T04:23:09.164+0800][info] GC(477) Concurrent Mark 7.483ms
[2024-10-11T04:23:09.164+0800][info] GC(477) Concurrent Rebuild Remembered Sets
[2024-10-11T04:23:09.165+0800][info] GC(477) Concurrent Rebuild Remembered Sets 1.417ms
[2024-10-11T04:23:09.165+0800][info] GC(477) Pause Cleanup
[2024-10-11T04:23:09.165+0800][info] GC(477) Pause Cleanup 95M->95M(128M) 0.210ms
[2024-10-11T04:23:09.165+0800][info] GC(477) User=0.00s Sys=0.00s Real=0.00s
[2024-10-11T04:23:09.166+0800][info] GC(477) Concurrent Cleanup for Next Mark
[2024-10-11T04:23:09.166+0800][info] GC(477) Concurrent Cleanup for Next Mark 0.361ms
[2024-10-11T04:23:09.166+0800][info] GC(477) Concurrent Mark Cycle 9.920ms
[2024-10-11T04:23:09.309+0800][info] GC(478) Pause Young (Prepare Mixed) (G1 Evacuation Pause)
[2024-10-11T04:23:09.309+0800][info] GC(478) Using 3 workers of 48 for evacuation
[2024-10-11T04:23:09.310+0800][info] GC(478)   Pre Evacuate Collection Set: 0.1ms
[2024-10-11T04:23:09.310+0800][info] GC(478)   Merge Heap Roots: 0.1ms
[2024-10-11T04:23:09.310+0800][info] GC(478)   Evacuate Collection Set: 1.0ms
[2024-10-11T04:23:09.310+0800][info] GC(478)   Post Evacuate Collection Set: 0.2ms
[2024-10-11T04:23:09.310+0800][info] GC(478)   Other: 0.2ms
[2024-10-11T04:23:09.310+0800][info] GC(478) Eden regions: 2->0(2)
[2024-10-11T04:23:09.310+0800][info] GC(478) Survivor regions: 1->1(1)
[2024-10-11T04:23:09.310+0800][info] GC(478) Old regions: 49->51
[2024-10-11T04:23:09.310+0800][info] GC(478) Archive regions: 2->2
[2024-10-11T04:23:09.310+0800][info] GC(478) Humongous regions: 3->3
[2024-10-11T04:23:09.310+0800][info] GC(478) Metaspace: 1678K(1856K)->1678K(1856K) NonClass: 1553K(1664K)->1553K(1664K) Class: 124K(192K)->124K(192K)
[2024-10-11T04:23:09.310+0800][info] GC(478) Pause Young (Prepare Mixed) (G1 Evacuation Pause) 98M->98M(128M) 1.661ms
[2024-10-11T04:23:09.310+0800][info] GC(478) User=0.00s Sys=0.00s Real=0.00s
[2024-10-11T04:23:09.413+0800][info] GC(479) Pause Young (Mixed) (G1 Preventive Collection)
[2024-10-11T04:23:09.413+0800][info] GC(479) Using 3 workers of 48 for evacuation
[2024-10-11T04:23:09.415+0800][info] GC(479) To-space exhausted
[2024-10-11T04:23:09.415+0800][info] GC(479)   Pre Evacuate Collection Set: 0.2ms
[2024-10-11T04:23:09.415+0800][info] GC(479)   Merge Heap Roots: 0.1ms
[2024-10-11T04:23:09.415+0800][info] GC(479)   Evacuate Collection Set: 1.3ms
[2024-10-11T04:23:09.415+0800][info] GC(479)   Post Evacuate Collection Set: 0.2ms
[2024-10-11T04:23:09.415+0800][info] GC(479)   Other: 0.2ms
[2024-10-11T04:23:09.415+0800][info] GC(479) Eden regions: 2->0(2)
[2024-10-11T04:23:09.415+0800][info] GC(479) Survivor regions: 1->1(1)
[2024-10-11T04:23:09.415+0800][info] GC(479) Old regions: 51->49
[2024-10-11T04:23:09.415+0800][info] GC(479) Archive regions: 2->2
[2024-10-11T04:23:09.415+0800][info] GC(479) Humongous regions: 3->3
[2024-10-11T04:23:09.415+0800][info] GC(479) Metaspace: 1678K(1856K)->1678K(1856K) NonClass: 1553K(1664K)->1553K(1664K) Class: 124K(192K)->124K(192K)
[2024-10-11T04:23:09.415+0800][info] GC(479) Pause Young (Mixed) (G1 Preventive Collection) 102M->98M(128M) 2.033ms
[2024-10-11T04:23:09.415+0800][info] GC(479) User=0.00s Sys=0.00s Real=0.01s
[2024-10-11T04:23:09.517+0800][info] GC(480) Pause Young (Mixed) (G1 Evacuation Pause)
[2024-10-11T04:23:09.517+0800][info] GC(480) Using 3 workers of 48 for evacuation
[2024-10-11T04:23:09.519+0800][info] GC(480)   Pre Evacuate Collection Set: 0.2ms
[2024-10-11T04:23:09.519+0800][info] GC(480)   Merge Heap Roots: 0.1ms
[2024-10-11T04:23:09.519+0800][info] GC(480)   Evacuate Collection Set: 2.0ms
[2024-10-11T04:23:09.519+0800][info] GC(480)   Post Evacuate Collection Set: 0.2ms
[2024-10-11T04:23:09.519+0800][info] GC(480)   Other: 0.1ms
[2024-10-11T04:23:09.519+0800][info] GC(480) Eden regions: 2->0(2)
[2024-10-11T04:23:09.520+0800][info] GC(480) Survivor regions: 1->1(1)
[2024-10-11T04:23:09.520+0800][info] GC(480) Old regions: 49->48
[2024-10-11T04:23:09.520+0800][info] GC(480) Archive regions: 2->2
[2024-10-11T04:23:09.520+0800][info] GC(480) Humongous regions: 3->3
[2024-10-11T04:23:09.520+0800][info] GC(480) Metaspace: 1678K(1856K)->1678K(1856K) NonClass: 1553K(1664K)->1553K(1664K) Class: 124K(192K)->124K(192K)
[2024-10-11T04:23:09.520+0800][info] GC(480) Pause Young (Mixed) (G1 Evacuation Pause) 101M->97M(128M) 2.697ms
[2024-10-11T04:23:09.520+0800][info] GC(480) User=0.00s Sys=0.01s Real=0.00s
[2024-10-11T04:23:09.622+0800][info] GC(481) Pause Young (Mixed) (G1 Evacuation Pause)
[2024-10-11T04:23:09.622+0800][info] GC(481) Using 3 workers of 48 for evacuation
[2024-10-11T04:23:09.624+0800][info] GC(481)   Pre Evacuate Collection Set: 0.2ms
[2024-10-11T04:23:09.624+0800][info] GC(481)   Merge Heap Roots: 0.1ms
[2024-10-11T04:23:09.624+0800][info] GC(481)   Evacuate Collection Set: 1.7ms
[2024-10-11T04:23:09.624+0800][info] GC(481)   Post Evacuate Collection Set: 0.2ms
[2024-10-11T04:23:09.624+0800][info] GC(481)   Other: 0.1ms
[2024-10-11T04:23:09.624+0800][info] GC(481) Eden regions: 2->0(2)
[2024-10-11T04:23:09.624+0800][info] GC(481) Survivor regions: 1->1(1)
[2024-10-11T04:23:09.624+0800][info] GC(481) Old regions: 48->47
[2024-10-11T04:23:09.624+0800][info] GC(481) Archive regions: 2->2
[2024-10-11T04:23:09.624+0800][info] GC(481) Humongous regions: 3->3
[2024-10-11T04:23:09.624+0800][info] GC(481) Metaspace: 1678K(1856K)->1678K(1856K) NonClass: 1553K(1664K)->1553K(1664K) Class: 124K(192K)->124K(192K)
[2024-10-11T04:23:09.624+0800][info] GC(481) Pause Young (Mixed) (G1 Evacuation Pause) 100M->95M(128M) 2.377ms
[2024-10-11T04:23:09.624+0800][info] GC(481) User=0.00s Sys=0.00s Real=0.00s
[2024-10-11T04:23:09.727+0800][info] GC(482) Pause Young (Mixed) (G1 Evacuation Pause)
[2024-10-11T04:23:09.727+0800][info] GC(482) Using 3 workers of 48 for evacuation
[2024-10-11T04:23:09.729+0800][info] GC(482)   Pre Evacuate Collection Set: 0.2ms
[2024-10-11T04:23:09.729+0800][info] GC(482)   Merge Heap Roots: 0.1ms
[2024-10-11T04:23:09.729+0800][info] GC(482)   Evacuate Collection Set: 1.5ms
[2024-10-11T04:23:09.729+0800][info] GC(482)   Post Evacuate Collection Set: 0.2ms
[2024-10-11T04:23:09.729+0800][info] GC(482)   Other: 0.1ms
[2024-10-11T04:23:09.729+0800][info] GC(482) Eden regions: 2->0(2)
[2024-10-11T04:23:09.729+0800][info] GC(482) Survivor regions: 1->1(1)
[2024-10-11T04:23:09.729+0800][info] GC(482) Old regions: 47->47
[2024-10-11T04:23:09.729+0800][info] GC(482) Archive regions: 2->2
[2024-10-11T04:23:09.729+0800][info] GC(482) Humongous regions: 3->3
[2024-10-11T04:23:09.729+0800][info] GC(482) Metaspace: 1678K(1856K)->1678K(1856K) NonClass: 1553K(1664K)->1553K(1664K) Class: 124K(192K)->124K(192K)
[2024-10-11T04:23:09.729+0800][info] GC(482) Pause Young (Mixed) (G1 Evacuation Pause) 99M->96M(128M) 2.183ms
[2024-10-11T04:23:09.729+0800][info] GC(482) User=0.00s Sys=0.00s Real=0.00s
[2024-10-11T04:23:09.831+0800][info] GC(483) Pause Young (Normal) (G1 Evacuation Pause)
[2024-10-11T04:23:09.832+0800][info] GC(483) Using 3 workers of 48 for evacuation
[2024-10-11T04:23:09.833+0800][info] GC(483)   Pre Evacuate Collection Set: 0.1ms
[2024-10-11T04:23:09.833+0800][info] GC(483)   Merge Heap Roots: 0.0ms
[2024-10-11T04:23:09.833+0800][info] GC(483)   Evacuate Collection Set: 0.7ms
[2024-10-11T04:23:09.833+0800][info] GC(483)   Post Evacuate Collection Set: 0.2ms
[2024-10-11T04:23:09.833+0800][info] GC(483)   Other: 0.2ms
[2024-10-11T04:23:09.833+0800][info] GC(483) Eden regions: 2->0(2)
[2024-10-11T04:23:09.833+0800][info] GC(483) Survivor regions: 1->1(1)
[2024-10-11T04:23:09.833+0800][info] GC(483) Old regions: 47->49
[2024-10-11T04:23:09.833+0800][info] GC(483) Archive regions: 2->2
[2024-10-11T04:23:09.833+0800][info] GC(483) Humongous regions: 4->3
[2024-10-11T04:23:09.833+0800][info] GC(483) Metaspace: 1678K(1856K)->1678K(1856K) NonClass: 1553K(1664K)->1553K(1664K) Class: 124K(192K)->124K(192K)
[2024-10-11T04:23:09.833+0800][info] GC(483) Pause Young (Normal) (G1 Evacuation Pause) 101M->100M(128M) 1.334ms
[2024-10-11T04:23:09.833+0800][info] GC(483) User=0.00s Sys=0.00s Real=0.00s
[2024-10-11T04:23:09.935+0800][info] GC(484) Pause Young (Normal) (G1 Evacuation Pause)
[2024-10-11T04:23:09.935+0800][info] GC(484) Using 3 workers of 48 for evacuation
[2024-10-11T04:23:09.936+0800][info] GC(484)   Pre Evacuate Collection Set: 0.1ms
[2024-10-11T04:23:09.936+0800][info] GC(484)   Merge Heap Roots: 0.0ms
[2024-10-11T04:23:09.936+0800][info] GC(484)   Evacuate Collection Set: 0.7ms
[2024-10-11T04:23:09.936+0800][info] GC(484)   Post Evacuate Collection Set: 0.2ms
[2024-10-11T04:23:09.936+0800][info] GC(484)   Other: 0.2ms
[2024-10-11T04:23:09.936+0800][info] GC(484) Eden regions: 2->0(2)
[2024-10-11T04:23:09.936+0800][info] GC(484) Survivor regions: 1->1(1)
[2024-10-11T04:23:09.936+0800][info] GC(484) Old regions: 49->51
[2024-10-11T04:23:09.936+0800][info] GC(484) Archive regions: 2->2
[2024-10-11T04:23:09.936+0800][info] GC(484) Humongous regions: 3->3
[2024-10-11T04:23:09.936+0800][info] GC(484) Metaspace: 1678K(1856K)->1678K(1856K) NonClass: 1553K(1664K)->1553K(1664K) Class: 124K(192K)->124K(192K)
[2024-10-11T04:23:09.936+0800][info] GC(484) Pause Young (Normal) (G1 Evacuation Pause) 103M->104M(128M) 1.330ms
[2024-10-11T04:23:09.936+0800][info] GC(484) User=0.00s Sys=0.00s Real=0.00s
[2024-10-11T04:23:10.038+0800][info] GC(485) Pause Young (Concurrent Start) (G1 Evacuation Pause)
[2024-10-11T04:23:10.038+0800][info] GC(485) Using 3 workers of 48 for evacuation
[2024-10-11T04:23:10.040+0800][info] GC(485)   Pre Evacuate Collection Set: 0.1ms
[2024-10-11T04:23:10.040+0800][info] GC(485)   Merge Heap Roots: 0.0ms
[2024-10-11T04:23:10.040+0800][info] GC(485)   Evacuate Collection Set: 0.7ms
[2024-10-11T04:23:10.040+0800][info] GC(485)   Post Evacuate Collection Set: 0.2ms
[2024-10-11T04:23:10.040+0800][info] GC(485)   Other: 0.3ms
[2024-10-11T04:23:10.040+0800][info] GC(485) Eden regions: 2->0(2)
[2024-10-11T04:23:10.040+0800][info] GC(485) Survivor regions: 1->1(1)
[2024-10-11T04:23:10.040+0800][info] GC(485) Old regions: 51->52
[2024-10-11T04:23:10.040+0800][info] GC(485) Archive regions: 2->2
[2024-10-11T04:23:10.040+0800][info] GC(485) Humongous regions: 3->3
[2024-10-11T04:23:10.040+0800][info] GC(485) Metaspace: 1678K(1856K)->1678K(1856K) NonClass: 1553K(1664K)->1553K(1664K) Class: 124K(192K)->124K(192K)
[2024-10-11T04:23:10.040+0800][info] GC(485) Pause Young (Concurrent Start) (G1 Evacuation Pause) 107M->107M(128M) 1.507ms
[2024-10-11T04:23:10.040+0800][info] GC(485) User=0.00s Sys=0.01s Real=0.00s
[2024-10-11T04:23:10.040+0800][info] GC(486) Concurrent Mark Cycle
[2024-10-11T04:23:10.040+0800][info] GC(486) Concurrent Clear Claimed Marks
[2024-10-11T04:23:10.040+0800][info] GC(486) Concurrent Clear Claimed Marks 0.017ms
[2024-10-11T04:23:10.040+0800][info] GC(486) Concurrent Scan Root Regions
[2024-10-11T04:23:10.040+0800][info] GC(486) Concurrent Scan Root Regions 0.154ms
[2024-10-11T04:23:10.040+0800][info] GC(486) Concurrent Mark
[2024-10-11T04:23:10.040+0800][info] GC(486) Concurrent Mark From Roots
[2024-10-11T04:23:10.040+0800][info] GC(486) Using 12 workers of 12 for marking
[2024-10-11T04:23:10.045+0800][info] GC(486) Concurrent Mark From Roots 4.448ms
[2024-10-11T04:23:10.045+0800][info] GC(486) Concurrent Preclean
[2024-10-11T04:23:10.047+0800][info] GC(486) Concurrent Preclean 1.728ms
[2024-10-11T04:23:10.047+0800][info] GC(486) Pause Remark
[2024-10-11T04:23:10.048+0800][info] GC(486) Pause Remark 108M->108M(128M) 1.515ms
[2024-10-11T04:23:10.048+0800][info] GC(486) User=0.00s Sys=0.00s Real=0.00s
[2024-10-11T04:23:10.048+0800][info] GC(486) Concurrent Mark 8.006ms
[2024-10-11T04:23:10.048+0800][info] GC(486) Concurrent Rebuild Remembered Sets
[2024-10-11T04:23:10.050+0800][info] GC(486) Concurrent Rebuild Remembered Sets 1.483ms
[2024-10-11T04:23:10.050+0800][info] GC(486) Pause Cleanup
[2024-10-11T04:23:10.050+0800][info] GC(486) Pause Cleanup 108M->108M(128M) 0.245ms
[2024-10-11T04:23:10.050+0800][info] GC(486) User=0.00s Sys=0.00s Real=0.00s
[2024-10-11T04:23:10.050+0800][info] GC(486) Concurrent Cleanup for Next Mark
[2024-10-11T04:23:10.051+0800][info] GC(486) Concurrent Cleanup for Next Mark 0.403ms
[2024-10-11T04:23:10.051+0800][info] GC(486) Concurrent Mark Cycle 10.650ms
[2024-10-11T04:23:10.193+0800][info] GC(487) Pause Young (Prepare Mixed) (G1 Preventive Collection)
[2024-10-11T04:23:10.193+0800][info] GC(487) Using 3 workers of 48 for evacuation
[2024-10-11T04:23:10.194+0800][info] GC(487)   Pre Evacuate Collection Set: 0.1ms
[2024-10-11T04:23:10.194+0800][info] GC(487)   Merge Heap Roots: 0.1ms
[2024-10-11T04:23:10.194+0800][info] GC(487)   Evacuate Collection Set: 0.8ms
[2024-10-11T04:23:10.194+0800][info] GC(487)   Post Evacuate Collection Set: 0.2ms
[2024-10-11T04:23:10.194+0800][info] GC(487)   Other: 0.3ms
[2024-10-11T04:23:10.194+0800][info] GC(487) Eden regions: 2->0(2)
[2024-10-11T04:23:10.194+0800][info] GC(487) Survivor regions: 1->1(1)
[2024-10-11T04:23:10.195+0800][info] GC(487) Old regions: 52->55
[2024-10-11T04:23:10.195+0800][info] GC(487) Archive regions: 2->2
[2024-10-11T04:23:10.195+0800][info] GC(487) Humongous regions: 3->3
[2024-10-11T04:23:10.195+0800][info] GC(487) Metaspace: 1678K(1856K)->1678K(1856K) NonClass: 1553K(1664K)->1553K(1664K) Class: 124K(192K)->124K(192K)
[2024-10-11T04:23:10.195+0800][info] GC(487) Pause Young (Prepare Mixed) (G1 Preventive Collection) 111M->112M(128M) 1.568ms
[2024-10-11T04:23:10.195+0800][info] GC(487) User=0.01s Sys=0.00s Real=0.01s
[2024-10-11T04:23:10.256+0800][info] GC(488) Pause Young (Mixed) (G1 Preventive Collection)
[2024-10-11T04:23:10.256+0800][info] GC(488) Using 3 workers of 48 for evacuation
[2024-10-11T04:23:10.257+0800][info] GC(488) To-space exhausted
[2024-10-11T04:23:10.257+0800][info] GC(488)   Pre Evacuate Collection Set: 0.2ms
[2024-10-11T04:23:10.257+0800][info] GC(488)   Merge Heap Roots: 0.1ms
[2024-10-11T04:23:10.257+0800][info] GC(488)   Evacuate Collection Set: 0.7ms
[2024-10-11T04:23:10.257+0800][info] GC(488)   Post Evacuate Collection Set: 0.3ms
[2024-10-11T04:23:10.257+0800][info] GC(488)   Other: 0.2ms
[2024-10-11T04:23:10.257+0800][info] GC(488) Eden regions: 1->0(2)
[2024-10-11T04:23:10.257+0800][info] GC(488) Survivor regions: 1->1(1)
[2024-10-11T04:23:10.257+0800][info] GC(488) Old regions: 55->54
[2024-10-11T04:23:10.257+0800][info] GC(488) Archive regions: 2->2
[2024-10-11T04:23:10.257+0800][info] GC(488) Humongous regions: 3->3
[2024-10-11T04:23:10.257+0800][info] GC(488) Metaspace: 1678K(1856K)->1678K(1856K) NonClass: 1553K(1664K)->1553K(1664K) Class: 124K(192K)->124K(192K)
[2024-10-11T04:23:10.257+0800][info] GC(488) Pause Young (Mixed) (G1 Preventive Collection) 114M->111M(128M) 1.502ms
[2024-10-11T04:23:10.257+0800][info] GC(488) User=0.00s Sys=0.00s Real=0.00s
[2024-10-11T04:23:10.299+0800][info] GC(489) Pause Young (Mixed) (G1 Preventive Collection)
[2024-10-11T04:23:10.299+0800][info] GC(489) Using 3 workers of 48 for evacuation
[2024-10-11T04:23:10.300+0800][info] GC(489) To-space exhausted
[2024-10-11T04:23:10.300+0800][info] GC(489)   Pre Evacuate Collection Set: 0.2ms
[2024-10-11T04:23:10.301+0800][info] GC(489)   Merge Heap Roots: 0.0ms
[2024-10-11T04:23:10.301+0800][info] GC(489)   Evacuate Collection Set: 0.9ms
[2024-10-11T04:23:10.301+0800][info] GC(489)   Post Evacuate Collection Set: 0.2ms
[2024-10-11T04:23:10.301+0800][info] GC(489)   Other: 0.1ms
[2024-10-11T04:23:10.301+0800][info] GC(489) Eden regions: 1->0(2)
[2024-10-11T04:23:10.301+0800][info] GC(489) Survivor regions: 1->1(1)
[2024-10-11T04:23:10.301+0800][info] GC(489) Old regions: 54->53
[2024-10-11T04:23:10.301+0800][info] GC(489) Archive regions: 2->2
[2024-10-11T04:23:10.301+0800][info] GC(489) Humongous regions: 3->3
[2024-10-11T04:23:10.301+0800][info] GC(489) Metaspace: 1678K(1856K)->1678K(1856K) NonClass: 1553K(1664K)->1553K(1664K) Class: 124K(192K)->124K(192K)
[2024-10-11T04:23:10.301+0800][info] GC(489) Pause Young (Mixed) (G1 Preventive Collection) 113M->109M(128M) 1.600ms
[2024-10-11T04:23:10.301+0800][info] GC(489) User=0.01s Sys=0.00s Real=0.00s
[2024-10-11T04:23:10.362+0800][info] GC(490) Pause Young (Mixed) (G1 Preventive Collection)
[2024-10-11T04:23:10.362+0800][info] GC(490) Using 3 workers of 48 for evacuation
[2024-10-11T04:23:10.364+0800][info] GC(490) To-space exhausted
[2024-10-11T04:23:10.364+0800][info] GC(490)   Pre Evacuate Collection Set: 0.2ms
[2024-10-11T04:23:10.364+0800][info] GC(490)   Merge Heap Roots: 0.1ms
[2024-10-11T04:23:10.364+0800][info] GC(490)   Evacuate Collection Set: 1.3ms
[2024-10-11T04:23:10.364+0800][info] GC(490)   Post Evacuate Collection Set: 0.3ms
[2024-10-11T04:23:10.364+0800][info] GC(490)   Other: 0.2ms
[2024-10-11T04:23:10.364+0800][info] GC(490) Eden regions: 1->0(2)
[2024-10-11T04:23:10.364+0800][info] GC(490) Survivor regions: 1->1(1)
[2024-10-11T04:23:10.364+0800][info] GC(490) Old regions: 53->56
[2024-10-11T04:23:10.364+0800][info] GC(490) Archive regions: 2->2
[2024-10-11T04:23:10.364+0800][info] GC(490) Humongous regions: 3->3
[2024-10-11T04:23:10.364+0800][info] GC(490) Metaspace: 1678K(1856K)->1678K(1856K) NonClass: 1553K(1664K)->1553K(1664K) Class: 124K(192K)->124K(192K)
[2024-10-11T04:23:10.364+0800][info] GC(490) Pause Young (Mixed) (G1 Preventive Collection) 111M->116M(128M) 2.126ms
[2024-10-11T04:23:10.364+0800][info] GC(490) User=0.00s Sys=0.00s Real=0.00s
[2024-10-11T04:23:10.405+0800][info] GC(491) Pause Young (Mixed) (G1 Preventive Collection)
[2024-10-11T04:23:10.405+0800][info] GC(491) Using 3 workers of 48 for evacuation
[2024-10-11T04:23:10.406+0800][info] GC(491) To-space exhausted
[2024-10-11T04:23:10.406+0800][info] GC(491)   Pre Evacuate Collection Set: 0.2ms
[2024-10-11T04:23:10.406+0800][info] GC(491)   Merge Heap Roots: 0.0ms
[2024-10-11T04:23:10.406+0800][info] GC(491)   Evacuate Collection Set: 0.6ms
[2024-10-11T04:23:10.407+0800][info] GC(491)   Post Evacuate Collection Set: 0.3ms
[2024-10-11T04:23:10.407+0800][info] GC(491)   Other: 0.1ms
[2024-10-11T04:23:10.407+0800][info] GC(491) Eden regions: 1->0(2)
[2024-10-11T04:23:10.407+0800][info] GC(491) Survivor regions: 1->1(1)
[2024-10-11T04:23:10.407+0800][info] GC(491) Old regions: 56->57
[2024-10-11T04:23:10.407+0800][info] GC(491) Archive regions: 2->2
[2024-10-11T04:23:10.407+0800][info] GC(491) Humongous regions: 3->3
[2024-10-11T04:23:10.407+0800][info] GC(491) Metaspace: 1678K(1856K)->1678K(1856K) NonClass: 1553K(1664K)->1553K(1664K) Class: 124K(192K)->124K(192K)
[2024-10-11T04:23:10.407+0800][info] GC(491) Pause Young (Mixed) (G1 Preventive Collection) 117M->117M(128M) 1.386ms
[2024-10-11T04:23:10.407+0800][info] GC(491) User=0.00s Sys=0.00s Real=0.00s
[2024-10-11T04:23:10.468+0800][info] GC(492) Pause Young (Mixed) (G1 Evacuation Pause)
[2024-10-11T04:23:10.468+0800][info] GC(492) Using 3 workers of 48 for evacuation
[2024-10-11T04:23:10.469+0800][info] GC(492) To-space exhausted
[2024-10-11T04:23:10.469+0800][info] GC(492)   Pre Evacuate Collection Set: 0.2ms
[2024-10-11T04:23:10.469+0800][info] GC(492)   Merge Heap Roots: 0.1ms
[2024-10-11T04:23:10.469+0800][info] GC(492)   Evacuate Collection Set: 0.5ms
[2024-10-11T04:23:10.469+0800][info] GC(492)   Post Evacuate Collection Set: 0.4ms
[2024-10-11T04:23:10.469+0800][info] GC(492)   Other: 0.1ms
[2024-10-11T04:23:10.469+0800][info] GC(492) Eden regions: 1->0(3)
[2024-10-11T04:23:10.469+0800][info] GC(492) Survivor regions: 1->0(0)
[2024-10-11T04:23:10.469+0800][info] GC(492) Old regions: 57->59
[2024-10-11T04:23:10.469+0800][info] GC(492) Archive regions: 2->2
[2024-10-11T04:23:10.469+0800][info] GC(492) Humongous regions: 3->3
[2024-10-11T04:23:10.469+0800][info] GC(492) Metaspace: 1678K(1856K)->1678K(1856K) NonClass: 1553K(1664K)->1553K(1664K) Class: 124K(192K)->124K(192K)
[2024-10-11T04:23:10.469+0800][info] GC(492) Pause Young (Mixed) (G1 Evacuation Pause) 119M->119M(128M) 1.336ms
[2024-10-11T04:23:10.469+0800][info] GC(492) User=0.01s Sys=0.00s Real=0.00s
[2024-10-11T04:23:10.469+0800][info] Attempting full compaction
[2024-10-11T04:23:10.469+0800][info] GC(493) Using 3 workers of 48 for full compaction
[2024-10-11T04:23:10.469+0800][info] GC(493) Pause Full (G1 Compaction Pause)
[2024-10-11T04:23:10.469+0800][info] GC(493) Phase 1: Mark live objects
[2024-10-11T04:23:10.473+0800][info] GC(493) Phase 1: Mark live objects 3.277ms
[2024-10-11T04:23:10.473+0800][info] GC(493) Phase 2: Prepare for compaction
[2024-10-11T04:23:10.473+0800][info] GC(493) Phase 2: Prepare for compaction 0.601ms
[2024-10-11T04:23:10.473+0800][info] GC(493) Phase 3: Adjust pointers
[2024-10-11T04:23:10.475+0800][info] GC(493) Phase 3: Adjust pointers 1.663ms
[2024-10-11T04:23:10.475+0800][info] GC(493) Phase 4: Compact heap
[2024-10-11T04:23:10.489+0800][info] GC(493) Phase 4: Compact heap 13.662ms
[2024-10-11T04:23:10.490+0800][info] GC(493) Eden regions: 0->0(3)
[2024-10-11T04:23:10.490+0800][info] GC(493) Survivor regions: 0->0(0)
[2024-10-11T04:23:10.490+0800][info] GC(493) Old regions: 59->39
[2024-10-11T04:23:10.490+0800][info] GC(493) Archive regions: 2->2
[2024-10-11T04:23:10.490+0800][info] GC(493) Humongous regions: 3->3
[2024-10-11T04:23:10.490+0800][info] GC(493) Metaspace: 1678K(1856K)->1678K(1856K) NonClass: 1553K(1664K)->1553K(1664K) Class: 124K(192K)->124K(192K)
[2024-10-11T04:23:10.490+0800][info] GC(493) Pause Full (G1 Compaction Pause) 119M->71M(128M) 20.864ms
[2024-10-11T04:23:10.490+0800][info] GC(493) User=0.03s Sys=0.00s Real=0.02s
[2024-10-11T04:23:10.654+0800][info] GC(494) Pause Young (Normal) (G1 Evacuation Pause)
[2024-10-11T04:23:10.654+0800][info] GC(494) Using 3 workers of 48 for evacuation
[2024-10-11T04:23:10.655+0800][info] GC(494)   Pre Evacuate Collection Set: 0.1ms
[2024-10-11T04:23:10.655+0800][info] GC(494)   Merge Heap Roots: 0.0ms
[2024-10-11T04:23:10.655+0800][info] GC(494)   Evacuate Collection Set: 0.8ms
[2024-10-11T04:23:10.655+0800][info] GC(494)   Post Evacuate Collection Set: 0.2ms
[2024-10-11T04:23:10.655+0800][info] GC(494)   Other: 0.2ms
[2024-10-11T04:23:10.655+0800][info] GC(494) Eden regions: 3->0(2)
[2024-10-11T04:23:10.656+0800][info] GC(494) Survivor regions: 0->1(1)
[2024-10-11T04:23:10.656+0800][info] GC(494) Old regions: 39->41
[2024-10-11T04:23:10.656+0800][info] GC(494) Archive regions: 2->2
[2024-10-11T04:23:10.656+0800][info] GC(494) Humongous regions: 3->3
[2024-10-11T04:23:10.656+0800][info] GC(494) Metaspace: 1678K(1856K)->1678K(1856K) NonClass: 1553K(1664K)->1553K(1664K) Class: 124K(192K)->124K(192K)
[2024-10-11T04:23:10.656+0800][info] GC(494) Pause Young (Normal) (G1 Evacuation Pause) 77M->77M(128M) 1.491ms
[2024-10-11T04:23:10.656+0800][info] GC(494) User=0.00s Sys=0.00s Real=0.00s
[2024-10-11T04:23:10.758+0800][info] GC(495) Pause Young (Normal) (G1 Evacuation Pause)
[2024-10-11T04:23:10.758+0800][info] GC(495) Using 3 workers of 48 for evacuation
[2024-10-11T04:23:10.759+0800][info] GC(495)   Pre Evacuate Collection Set: 0.1ms
[2024-10-11T04:23:10.759+0800][info] GC(495)   Merge Heap Roots: 0.1ms
[2024-10-11T04:23:10.759+0800][info] GC(495)   Evacuate Collection Set: 0.7ms
[2024-10-11T04:23:10.759+0800][info] GC(495)   Post Evacuate Collection Set: 0.2ms
[2024-10-11T04:23:10.759+0800][info] GC(495)   Other: 0.2ms
[2024-10-11T04:23:10.759+0800][info] GC(495) Eden regions: 2->0(2)
[2024-10-11T04:23:10.759+0800][info] GC(495) Survivor regions: 1->1(1)
[2024-10-11T04:23:10.759+0800][info] GC(495) Old regions: 41->43
[2024-10-11T04:23:10.759+0800][info] GC(495) Archive regions: 2->2
[2024-10-11T04:23:10.759+0800][info] GC(495) Humongous regions: 3->3
[2024-10-11T04:23:10.759+0800][info] GC(495) Metaspace: 1678K(1856K)->1678K(1856K) NonClass: 1553K(1664K)->1553K(1664K) Class: 124K(192K)->124K(192K)
[2024-10-11T04:23:10.759+0800][info] GC(495) Pause Young (Normal) (G1 Evacuation Pause) 81M->81M(128M) 1.301ms
[2024-10-11T04:23:10.759+0800][info] GC(495) User=0.00s Sys=0.00s Real=0.00s
[2024-10-11T04:23:10.861+0800][info] GC(496) Pause Young (Normal) (G1 Evacuation Pause)
[2024-10-11T04:23:10.861+0800][info] GC(496) Using 3 workers of 48 for evacuation
[2024-10-11T04:23:10.862+0800][info] GC(496)   Pre Evacuate Collection Set: 0.1ms
[2024-10-11T04:23:10.863+0800][info] GC(496)   Merge Heap Roots: 0.0ms
[2024-10-11T04:23:10.863+0800][info] GC(496)   Evacuate Collection Set: 0.7ms
[2024-10-11T04:23:10.863+0800][info] GC(496)   Post Evacuate Collection Set: 0.2ms
[2024-10-11T04:23:10.863+0800][info] GC(496)   Other: 0.2ms
[2024-10-11T04:23:10.863+0800][info] GC(496) Eden regions: 2->0(2)
[2024-10-11T04:23:10.863+0800][info] GC(496) Survivor regions: 1->1(1)
[2024-10-11T04:23:10.863+0800][info] GC(496) Old regions: 43->45
[2024-10-11T04:23:10.863+0800][info] GC(496) Archive regions: 2->2
[2024-10-11T04:23:10.863+0800][info] GC(496) Humongous regions: 3->3
[2024-10-11T04:23:10.863+0800][info] GC(496) Metaspace: 1678K(1856K)->1678K(1856K) NonClass: 1553K(1664K)->1553K(1664K) Class: 124K(192K)->124K(192K)
[2024-10-11T04:23:10.863+0800][info] GC(496) Pause Young (Normal) (G1 Evacuation Pause) 84M->85M(128M) 1.323ms
[2024-10-11T04:23:10.863+0800][info] GC(496) User=0.00s Sys=0.00s Real=0.00s
[2024-10-11T04:23:10.965+0800][info] GC(497) Pause Young (Normal) (G1 Evacuation Pause)
[2024-10-11T04:23:10.965+0800][info] GC(497) Using 3 workers of 48 for evacuation
[2024-10-11T04:23:10.966+0800][info] GC(497)   Pre Evacuate Collection Set: 0.1ms
[2024-10-11T04:23:10.966+0800][info] GC(497)   Merge Heap Roots: 0.0ms
[2024-10-11T04:23:10.966+0800][info] GC(497)   Evacuate Collection Set: 0.8ms
[2024-10-11T04:23:10.966+0800][info] GC(497)   Post Evacuate Collection Set: 0.2ms
[2024-10-11T04:23:10.966+0800][info] GC(497)   Other: 0.2ms
[2024-10-11T04:23:10.966+0800][info] GC(497) Eden regions: 2->0(2)
[2024-10-11T04:23:10.966+0800][info] GC(497) Survivor regions: 1->1(1)
[2024-10-11T04:23:10.966+0800][info] GC(497) Old regions: 45->47
[2024-10-11T04:23:10.966+0800][info] GC(497) Archive regions: 2->2
[2024-10-11T04:23:10.966+0800][info] GC(497) Humongous regions: 3->3
[2024-10-11T04:23:10.966+0800][info] GC(497) Metaspace: 1678K(1856K)->1678K(1856K) NonClass: 1553K(1664K)->1553K(1664K) Class: 124K(192K)->124K(192K)
[2024-10-11T04:23:10.966+0800][info] GC(497) Pause Young (Normal) (G1 Evacuation Pause) 88M->89M(128M) 1.448ms
[2024-10-11T04:23:10.966+0800][info] GC(497) User=0.00s Sys=0.01s Real=0.01s
[2024-10-11T04:23:11.068+0800][info] GC(498) Pause Young (Concurrent Start) (G1 Evacuation Pause)
[2024-10-11T04:23:11.069+0800][info] GC(498) Using 3 workers of 48 for evacuation
[2024-10-11T04:23:11.070+0800][info] GC(498)   Pre Evacuate Collection Set: 0.1ms
[2024-10-11T04:23:11.070+0800][info] GC(498)   Merge Heap Roots: 0.0ms
[2024-10-11T04:23:11.070+0800][info] GC(498)   Evacuate Collection Set: 0.8ms
[2024-10-11T04:23:11.070+0800][info] GC(498)   Post Evacuate Collection Set: 0.2ms
[2024-10-11T04:23:11.070+0800][info] GC(498)   Other: 0.4ms
[2024-10-11T04:23:11.070+0800][info] GC(498) Eden regions: 2->0(2)
[2024-10-11T04:23:11.070+0800][info] GC(498) Survivor regions: 1->1(1)
[2024-10-11T04:23:11.070+0800][info] GC(498) Old regions: 47->49
[2024-10-11T04:23:11.070+0800][info] GC(498) Archive regions: 2->2
[2024-10-11T04:23:11.070+0800][info] GC(498) Humongous regions: 3->3
[2024-10-11T04:23:11.070+0800][info] GC(498) Metaspace: 1678K(1856K)->1678K(1856K) NonClass: 1553K(1664K)->1553K(1664K) Class: 124K(192K)->124K(192K)
[2024-10-11T04:23:11.070+0800][info] GC(498) Pause Young (Concurrent Start) (G1 Evacuation Pause) 92M->93M(128M) 1.651ms
[2024-10-11T04:23:11.070+0800][info] GC(498) User=0.00s Sys=0.00s Real=0.00s
[2024-10-11T04:23:11.070+0800][info] GC(499) Concurrent Mark Cycle
[2024-10-11T04:23:11.070+0800][info] GC(499) Concurrent Clear Claimed Marks
[2024-10-11T04:23:11.070+0800][info] GC(499) Concurrent Clear Claimed Marks 0.017ms
[2024-10-11T04:23:11.070+0800][info] GC(499) Concurrent Scan Root Regions
[2024-10-11T04:23:11.070+0800][info] GC(499) Concurrent Scan Root Regions 0.105ms
[2024-10-11T04:23:11.070+0800][info] GC(499) Concurrent Mark
[2024-10-11T04:23:11.070+0800][info] GC(499) Concurrent Mark From Roots
[2024-10-11T04:23:11.070+0800][info] GC(499) Using 12 workers of 12 for marking
[2024-10-11T04:23:11.074+0800][info] GC(499) Concurrent Mark From Roots 3.938ms
[2024-10-11T04:23:11.074+0800][info] GC(499) Concurrent Preclean
[2024-10-11T04:23:11.076+0800][info] GC(499) Concurrent Preclean 1.683ms
[2024-10-11T04:23:11.076+0800][info] GC(499) Pause Remark
[2024-10-11T04:23:11.078+0800][info] GC(499) Pause Remark 93M->93M(128M) 1.446ms
[2024-10-11T04:23:11.078+0800][info] GC(499) User=0.00s Sys=0.00s Real=0.00s
[2024-10-11T04:23:11.078+0800][info] GC(499) Concurrent Mark 7.363ms
[2024-10-11T04:23:11.078+0800][info] GC(499) Concurrent Rebuild Remembered Sets
[2024-10-11T04:23:11.079+0800][info] GC(499) Concurrent Rebuild Remembered Sets 1.496ms
[2024-10-11T04:23:11.079+0800][info] GC(499) Pause Cleanup
[2024-10-11T04:23:11.080+0800][info] GC(499) Pause Cleanup 93M->93M(128M) 0.186ms
[2024-10-11T04:23:11.080+0800][info] GC(499) User=0.00s Sys=0.00s Real=0.00s
[2024-10-11T04:23:11.080+0800][info] GC(499) Concurrent Cleanup for Next Mark
[2024-10-11T04:23:11.080+0800][info] GC(499) Concurrent Cleanup for Next Mark 0.375ms
[2024-10-11T04:23:11.080+0800][info] GC(499) Concurrent Mark Cycle 9.889ms
[2024-10-11T04:23:11.223+0800][info] GC(500) Pause Young (Prepare Mixed) (G1 Evacuation Pause)
[2024-10-11T04:23:11.223+0800][info] GC(500) Using 3 workers of 48 for evacuation
[2024-10-11T04:23:11.225+0800][info] GC(500)   Pre Evacuate Collection Set: 0.1ms
[2024-10-11T04:23:11.225+0800][info] GC(500)   Merge Heap Roots: 0.1ms
[2024-10-11T04:23:11.225+0800][info] GC(500)   Evacuate Collection Set: 0.8ms
[2024-10-11T04:23:11.225+0800][info] GC(500)   Post Evacuate Collection Set: 0.2ms
[2024-10-11T04:23:11.225+0800][info] GC(500)   Other: 0.2ms
[2024-10-11T04:23:11.225+0800][info] GC(500) Eden regions: 2->0(2)
[2024-10-11T04:23:11.225+0800][info] GC(500) Survivor regions: 1->1(1)
[2024-10-11T04:23:11.225+0800][info] GC(500) Old regions: 49->51
[2024-10-11T04:23:11.225+0800][info] GC(500) Archive regions: 2->2
[2024-10-11T04:23:11.225+0800][info] GC(500) Humongous regions: 3->3
[2024-10-11T04:23:11.225+0800][info] GC(500) Metaspace: 1678K(1856K)->1678K(1856K) NonClass: 1553K(1664K)->1553K(1664K) Class: 124K(192K)->124K(192K)
[2024-10-11T04:23:11.225+0800][info] GC(500) Pause Young (Prepare Mixed) (G1 Evacuation Pause) 96M->96M(128M) 1.487ms
[2024-10-11T04:23:11.225+0800][info] GC(500) User=0.00s Sys=0.00s Real=0.00s
[2024-10-11T04:23:11.327+0800][info] GC(501) Pause Young (Mixed) (G1 Preventive Collection)
[2024-10-11T04:23:11.327+0800][info] GC(501) Using 3 workers of 48 for evacuation
[2024-10-11T04:23:11.329+0800][info] GC(501)   Pre Evacuate Collection Set: 0.2ms
[2024-10-11T04:23:11.329+0800][info] GC(501)   Merge Heap Roots: 0.1ms
[2024-10-11T04:23:11.329+0800][info] GC(501)   Evacuate Collection Set: 1.4ms
[2024-10-11T04:23:11.329+0800][info] GC(501)   Post Evacuate Collection Set: 0.2ms
[2024-10-11T04:23:11.329+0800][info] GC(501)   Other: 0.2ms
[2024-10-11T04:23:11.329+0800][info] GC(501) Eden regions: 2->0(2)
[2024-10-11T04:23:11.329+0800][info] GC(501) Survivor regions: 1->1(1)
[2024-10-11T04:23:11.329+0800][info] GC(501) Old regions: 51->48
[2024-10-11T04:23:11.329+0800][info] GC(501) Archive regions: 2->2
[2024-10-11T04:23:11.329+0800][info] GC(501) Humongous regions: 3->3
[2024-10-11T04:23:11.329+0800][info] GC(501) Metaspace: 1678K(1856K)->1678K(1856K) NonClass: 1553K(1664K)->1553K(1664K) Class: 124K(192K)->124K(192K)
[2024-10-11T04:23:11.329+0800][info] GC(501) Pause Young (Mixed) (G1 Preventive Collection) 100M->93M(128M) 2.062ms
[2024-10-11T04:23:11.329+0800][info] GC(501) User=0.01s Sys=0.00s Real=0.00s
[2024-10-11T04:23:11.431+0800][info] GC(502) Pause Young (Mixed) (G1 Evacuation Pause)
[2024-10-11T04:23:11.431+0800][info] GC(502) Using 3 workers of 48 for evacuation
[2024-10-11T04:23:11.434+0800][info] GC(502)   Pre Evacuate Collection Set: 0.2ms
[2024-10-11T04:23:11.434+0800][info] GC(502)   Merge Heap Roots: 0.1ms
[2024-10-11T04:23:11.434+0800][info] GC(502)   Evacuate Collection Set: 1.6ms
[2024-10-11T04:23:11.434+0800][info] GC(502)   Post Evacuate Collection Set: 0.2ms
[2024-10-11T04:23:11.434+0800][info] GC(502)   Other: 0.1ms
[2024-10-11T04:23:11.434+0800][info] GC(502) Eden regions: 2->0(2)
[2024-10-11T04:23:11.434+0800][info] GC(502) Survivor regions: 1->1(1)
[2024-10-11T04:23:11.434+0800][info] GC(502) Old regions: 48->47
[2024-10-11T04:23:11.434+0800][info] GC(502) Archive regions: 2->2
[2024-10-11T04:23:11.434+0800][info] GC(502) Humongous regions: 3->3
[2024-10-11T04:23:11.434+0800][info] GC(502) Metaspace: 1678K(1856K)->1678K(1856K) NonClass: 1553K(1664K)->1553K(1664K) Class: 124K(192K)->124K(192K)
[2024-10-11T04:23:11.434+0800][info] GC(502) Pause Young (Mixed) (G1 Evacuation Pause) 97M->93M(128M) 2.305ms
[2024-10-11T04:23:11.434+0800][info] GC(502) User=0.00s Sys=0.00s Real=0.01s
[2024-10-11T04:23:11.536+0800][info] GC(503) Pause Young (Mixed) (G1 Evacuation Pause)
[2024-10-11T04:23:11.536+0800][info] GC(503) Using 3 workers of 48 for evacuation
[2024-10-11T04:23:11.538+0800][info] GC(503)   Pre Evacuate Collection Set: 0.2ms
[2024-10-11T04:23:11.538+0800][info] GC(503)   Merge Heap Roots: 0.1ms
[2024-10-11T04:23:11.538+0800][info] GC(503)   Evacuate Collection Set: 2.0ms
[2024-10-11T04:23:11.538+0800][info] GC(503)   Post Evacuate Collection Set: 0.2ms
[2024-10-11T04:23:11.539+0800][info] GC(503)   Other: 0.1ms
[2024-10-11T04:23:11.539+0800][info] GC(503) Eden regions: 2->0(2)
[2024-10-11T04:23:11.539+0800][info] GC(503) Survivor regions: 1->1(1)
[2024-10-11T04:23:11.539+0800][info] GC(503) Old regions: 47->47
[2024-10-11T04:23:11.539+0800][info] GC(503) Archive regions: 2->2
[2024-10-11T04:23:11.539+0800][info] GC(503) Humongous regions: 3->3
[2024-10-11T04:23:11.539+0800][info] GC(503) Metaspace: 1678K(1856K)->1678K(1856K) NonClass: 1553K(1664K)->1553K(1664K) Class: 124K(192K)->124K(192K)
[2024-10-11T04:23:11.539+0800][info] GC(503) Pause Young (Mixed) (G1 Evacuation Pause) 97M->94M(128M) 2.745ms
[2024-10-11T04:23:11.539+0800][info] GC(503) User=0.01s Sys=0.00s Real=0.00s
[2024-10-11T04:23:11.641+0800][info] GC(504) Pause Young (Mixed) (G1 Evacuation Pause)
[2024-10-11T04:23:11.641+0800][info] GC(504) Using 3 workers of 48 for evacuation
[2024-10-11T04:23:11.644+0800][info] GC(504)   Pre Evacuate Collection Set: 0.2ms
[2024-10-11T04:23:11.644+0800][info] GC(504)   Merge Heap Roots: 0.1ms
[2024-10-11T04:23:11.644+0800][info] GC(504)   Evacuate Collection Set: 2.0ms
[2024-10-11T04:23:11.644+0800][info] GC(504)   Post Evacuate Collection Set: 0.2ms
[2024-10-11T04:23:11.644+0800][info] GC(504)   Other: 0.1ms
[2024-10-11T04:23:11.644+0800][info] GC(504) Eden regions: 2->0(2)
[2024-10-11T04:23:11.644+0800][info] GC(504) Survivor regions: 1->1(1)
[2024-10-11T04:23:11.644+0800][info] GC(504) Old regions: 47->46
[2024-10-11T04:23:11.644+0800][info] GC(504) Archive regions: 2->2
[2024-10-11T04:23:11.644+0800][info] GC(504) Humongous regions: 3->3
[2024-10-11T04:23:11.644+0800][info] GC(504) Metaspace: 1678K(1856K)->1678K(1856K) NonClass: 1553K(1664K)->1553K(1664K) Class: 124K(192K)->124K(192K)
[2024-10-11T04:23:11.644+0800][info] GC(504) Pause Young (Mixed) (G1 Evacuation Pause) 98M->95M(128M) 2.734ms
[2024-10-11T04:23:11.644+0800][info] GC(504) User=0.01s Sys=0.00s Real=0.00s
[2024-10-11T04:23:11.746+0800][info] GC(505) Pause Young (Normal) (G1 Evacuation Pause)
[2024-10-11T04:23:11.746+0800][info] GC(505) Using 3 workers of 48 for evacuation
[2024-10-11T04:23:11.747+0800][info] GC(505)   Pre Evacuate Collection Set: 0.1ms
[2024-10-11T04:23:11.747+0800][info] GC(505)   Merge Heap Roots: 0.0ms
[2024-10-11T04:23:11.747+0800][info] GC(505)   Evacuate Collection Set: 0.7ms
[2024-10-11T04:23:11.747+0800][info] GC(505)   Post Evacuate Collection Set: 0.2ms
[2024-10-11T04:23:11.747+0800][info] GC(505)   Other: 0.2ms
[2024-10-11T04:23:11.747+0800][info] GC(505) Eden regions: 2->0(2)
[2024-10-11T04:23:11.747+0800][info] GC(505) Survivor regions: 1->1(1)
[2024-10-11T04:23:11.747+0800][info] GC(505) Old regions: 46->48
[2024-10-11T04:23:11.747+0800][info] GC(505) Archive regions: 2->2
[2024-10-11T04:23:11.747+0800][info] GC(505) Humongous regions: 3->3
[2024-10-11T04:23:11.747+0800][info] GC(505) Metaspace: 1678K(1856K)->1678K(1856K) NonClass: 1553K(1664K)->1553K(1664K) Class: 124K(192K)->124K(192K)
[2024-10-11T04:23:11.747+0800][info] GC(505) Pause Young (Normal) (G1 Evacuation Pause) 98M->99M(128M) 1.289ms
[2024-10-11T04:23:11.747+0800][info] GC(505) User=0.00s Sys=0.00s Real=0.00s
[2024-10-11T04:23:11.849+0800][info] GC(506) Pause Young (Normal) (G1 Evacuation Pause)
[2024-10-11T04:23:11.849+0800][info] GC(506) Using 3 workers of 48 for evacuation
[2024-10-11T04:23:11.851+0800][info] GC(506)   Pre Evacuate Collection Set: 0.1ms
[2024-10-11T04:23:11.851+0800][info] GC(506)   Merge Heap Roots: 0.0ms
[2024-10-11T04:23:11.851+0800][info] GC(506)   Evacuate Collection Set: 0.7ms
[2024-10-11T04:23:11.851+0800][info] GC(506)   Post Evacuate Collection Set: 0.2ms
[2024-10-11T04:23:11.851+0800][info] GC(506)   Other: 0.2ms
[2024-10-11T04:23:11.851+0800][info] GC(506) Eden regions: 2->0(2)
[2024-10-11T04:23:11.851+0800][info] GC(506) Survivor regions: 1->1(1)
[2024-10-11T04:23:11.851+0800][info] GC(506) Old regions: 48->50
[2024-10-11T04:23:11.851+0800][info] GC(506) Archive regions: 2->2
[2024-10-11T04:23:11.851+0800][info] GC(506) Humongous regions: 3->3
[2024-10-11T04:23:11.851+0800][info] GC(506) Metaspace: 1678K(1856K)->1678K(1856K) NonClass: 1553K(1664K)->1553K(1664K) Class: 124K(192K)->124K(192K)
[2024-10-11T04:23:11.851+0800][info] GC(506) Pause Young (Normal) (G1 Evacuation Pause) 102M->103M(128M) 1.370ms
[2024-10-11T04:23:11.851+0800][info] GC(506) User=0.00s Sys=0.00s Real=0.00s
[2024-10-11T04:23:11.953+0800][info] GC(507) Pause Young (Concurrent Start) (G1 Evacuation Pause)
[2024-10-11T04:23:11.953+0800][info] GC(507) Using 3 workers of 48 for evacuation
[2024-10-11T04:23:11.954+0800][info] GC(507)   Pre Evacuate Collection Set: 0.1ms
[2024-10-11T04:23:11.954+0800][info] GC(507)   Merge Heap Roots: 0.0ms
[2024-10-11T04:23:11.954+0800][info] GC(507)   Evacuate Collection Set: 0.9ms
[2024-10-11T04:23:11.954+0800][info] GC(507)   Post Evacuate Collection Set: 0.2ms
[2024-10-11T04:23:11.954+0800][info] GC(507)   Other: 0.4ms
[2024-10-11T04:23:11.954+0800][info] GC(507) Eden regions: 2->0(2)
[2024-10-11T04:23:11.954+0800][info] GC(507) Survivor regions: 1->1(1)
[2024-10-11T04:23:11.954+0800][info] GC(507) Old regions: 50->52
[2024-10-11T04:23:11.954+0800][info] GC(507) Archive regions: 2->2
[2024-10-11T04:23:11.954+0800][info] GC(507) Humongous regions: 3->3
[2024-10-11T04:23:11.954+0800][info] GC(507) Metaspace: 1678K(1856K)->1678K(1856K) NonClass: 1553K(1664K)->1553K(1664K) Class: 124K(192K)->124K(192K)
[2024-10-11T04:23:11.955+0800][info] GC(507) Pause Young (Concurrent Start) (G1 Evacuation Pause) 106M->107M(128M) 1.700ms
[2024-10-11T04:23:11.955+0800][info] GC(507) User=0.01s Sys=0.00s Real=0.01s
[2024-10-11T04:23:11.955+0800][info] GC(508) Concurrent Mark Cycle
[2024-10-11T04:23:11.955+0800][info] GC(508) Concurrent Clear Claimed Marks
[2024-10-11T04:23:11.955+0800][info] GC(508) Concurrent Clear Claimed Marks 0.016ms
[2024-10-11T04:23:11.955+0800][info] GC(508) Concurrent Scan Root Regions
[2024-10-11T04:23:11.955+0800][info] GC(508) Concurrent Scan Root Regions 0.147ms
[2024-10-11T04:23:11.955+0800][info] GC(508) Concurrent Mark
[2024-10-11T04:23:11.955+0800][info] GC(508) Concurrent Mark From Roots
[2024-10-11T04:23:11.955+0800][info] GC(508) Using 12 workers of 12 for marking
[2024-10-11T04:23:11.959+0800][info] GC(508) Concurrent Mark From Roots 3.935ms
[2024-10-11T04:23:11.959+0800][info] GC(508) Concurrent Preclean
[2024-10-11T04:23:11.961+0800][info] GC(508) Concurrent Preclean 1.683ms
[2024-10-11T04:23:11.961+0800][info] GC(508) Pause Remark
[2024-10-11T04:23:11.962+0800][info] GC(508) Pause Remark 107M->106M(128M) 1.504ms
[2024-10-11T04:23:11.962+0800][info] GC(508) User=0.00s Sys=0.00s Real=0.00s
[2024-10-11T04:23:11.962+0800][info] GC(508) Concurrent Mark 7.434ms
[2024-10-11T04:23:11.962+0800][info] GC(508) Concurrent Rebuild Remembered Sets
[2024-10-11T04:23:11.964+0800][info] GC(508) Concurrent Rebuild Remembered Sets 1.469ms
[2024-10-11T04:23:11.964+0800][info] GC(508) Pause Cleanup
[2024-10-11T04:23:11.964+0800][info] GC(508) Pause Cleanup 106M->106M(128M) 0.179ms
[2024-10-11T04:23:11.964+0800][info] GC(508) User=0.00s Sys=0.00s Real=0.00s
[2024-10-11T04:23:11.964+0800][info] GC(508) Concurrent Cleanup for Next Mark
[2024-10-11T04:23:11.965+0800][info] GC(508) Concurrent Cleanup for Next Mark 0.389ms
[2024-10-11T04:23:11.965+0800][info] GC(508) Concurrent Mark Cycle 9.973ms
[2024-10-11T04:23:12.108+0800][info] GC(509) Pause Young (Prepare Mixed) (G1 Preventive Collection)
[2024-10-11T04:23:12.108+0800][info] GC(509) Using 3 workers of 48 for evacuation
[2024-10-11T04:23:12.110+0800][info] GC(509)   Pre Evacuate Collection Set: 0.1ms
[2024-10-11T04:23:12.110+0800][info] GC(509)   Merge Heap Roots: 0.1ms
[2024-10-11T04:23:12.110+0800][info] GC(509)   Evacuate Collection Set: 0.9ms
[2024-10-11T04:23:12.110+0800][info] GC(509)   Post Evacuate Collection Set: 0.2ms
[2024-10-11T04:23:12.110+0800][info] GC(509)   Other: 0.2ms
[2024-10-11T04:23:12.110+0800][info] GC(509) Eden regions: 2->0(2)
[2024-10-11T04:23:12.110+0800][info] GC(509) Survivor regions: 1->1(1)
[2024-10-11T04:23:12.110+0800][info] GC(509) Old regions: 51->53
[2024-10-11T04:23:12.110+0800][info] GC(509) Archive regions: 2->2
[2024-10-11T04:23:12.110+0800][info] GC(509) Humongous regions: 4->3
[2024-10-11T04:23:12.110+0800][info] GC(509) Metaspace: 1678K(1856K)->1678K(1856K) NonClass: 1553K(1664K)->1553K(1664K) Class: 124K(192K)->124K(192K)
[2024-10-11T04:23:12.110+0800][info] GC(509) Pause Young (Prepare Mixed) (G1 Preventive Collection) 111M->109M(128M) 1.582ms
[2024-10-11T04:23:12.110+0800][info] GC(509) User=0.01s Sys=0.00s Real=0.00s
[2024-10-11T04:23:12.171+0800][info] GC(510) Pause Young (Mixed) (G1 Preventive Collection)
[2024-10-11T04:23:12.171+0800][info] GC(510) Using 3 workers of 48 for evacuation
[2024-10-11T04:23:12.173+0800][info] GC(510)   Pre Evacuate Collection Set: 0.2ms
[2024-10-11T04:23:12.173+0800][info] GC(510)   Merge Heap Roots: 0.1ms
[2024-10-11T04:23:12.173+0800][info] GC(510)   Evacuate Collection Set: 1.1ms
[2024-10-11T04:23:12.173+0800][info] GC(510)   Post Evacuate Collection Set: 0.2ms
[2024-10-11T04:23:12.173+0800][info] GC(510)   Other: 0.2ms
[2024-10-11T04:23:12.173+0800][info] GC(510) Eden regions: 1->0(2)
[2024-10-11T04:23:12.173+0800][info] GC(510) Survivor regions: 1->1(1)
[2024-10-11T04:23:12.173+0800][info] GC(510) Old regions: 53->49
[2024-10-11T04:23:12.173+0800][info] GC(510) Archive regions: 2->2
[2024-10-11T04:23:12.173+0800][info] GC(510) Humongous regions: 3->3
[2024-10-11T04:23:12.173+0800][info] GC(510) Metaspace: 1678K(1856K)->1678K(1856K) NonClass: 1553K(1664K)->1553K(1664K) Class: 124K(192K)->124K(192K)
[2024-10-11T04:23:12.173+0800][info] GC(510) Pause Young (Mixed) (G1 Preventive Collection) 111M->102M(128M) 1.794ms
[2024-10-11T04:23:12.173+0800][info] GC(510) User=0.00s Sys=0.00s Real=0.00s
[2024-10-11T04:23:12.275+0800][info] GC(511) Pause Young (Mixed) (G1 Evacuation Pause)
[2024-10-11T04:23:12.275+0800][info] GC(511) Using 3 workers of 48 for evacuation
[2024-10-11T04:23:12.278+0800][info] GC(511)   Pre Evacuate Collection Set: 0.2ms
[2024-10-11T04:23:12.278+0800][info] GC(511)   Merge Heap Roots: 0.1ms
[2024-10-11T04:23:12.278+0800][info] GC(511)   Evacuate Collection Set: 1.9ms
[2024-10-11T04:23:12.278+0800][info] GC(511)   Post Evacuate Collection Set: 0.2ms
[2024-10-11T04:23:12.278+0800][info] GC(511)   Other: 0.1ms
[2024-10-11T04:23:12.278+0800][info] GC(511) Eden regions: 2->0(2)
[2024-10-11T04:23:12.278+0800][info] GC(511) Survivor regions: 1->1(1)
[2024-10-11T04:23:12.278+0800][info] GC(511) Old regions: 49->47
[2024-10-11T04:23:12.278+0800][info] GC(511) Archive regions: 2->2
[2024-10-11T04:23:12.278+0800][info] GC(511) Humongous regions: 3->3
[2024-10-11T04:23:12.278+0800][info] GC(511) Metaspace: 1678K(1856K)->1678K(1856K) NonClass: 1553K(1664K)->1553K(1664K) Class: 124K(192K)->124K(192K)
[2024-10-11T04:23:12.278+0800][info] GC(511) Pause Young (Mixed) (G1 Evacuation Pause) 106M->100M(128M) 2.572ms
[2024-10-11T04:23:12.278+0800][info] GC(511) User=0.01s Sys=0.00s Real=0.00s
[2024-10-11T04:23:12.380+0800][info] GC(512) Pause Young (Mixed) (G1 Evacuation Pause)
[2024-10-11T04:23:12.380+0800][info] GC(512) Using 3 workers of 48 for evacuation
[2024-10-11T04:23:12.382+0800][info] GC(512)   Pre Evacuate Collection Set: 0.2ms
[2024-10-11T04:23:12.382+0800][info] GC(512)   Merge Heap Roots: 0.1ms
[2024-10-11T04:23:12.382+0800][info] GC(512)   Evacuate Collection Set: 1.9ms
[2024-10-11T04:23:12.382+0800][info] GC(512)   Post Evacuate Collection Set: 0.2ms
[2024-10-11T04:23:12.382+0800][info] GC(512)   Other: 0.1ms
[2024-10-11T04:23:12.382+0800][info] GC(512) Eden regions: 2->0(2)
[2024-10-11T04:23:12.382+0800][info] GC(512) Survivor regions: 1->1(1)
[2024-10-11T04:23:12.382+0800][info] GC(512) Old regions: 47->46
[2024-10-11T04:23:12.382+0800][info] GC(512) Archive regions: 2->2
[2024-10-11T04:23:12.382+0800][info] GC(512) Humongous regions: 3->3
[2024-10-11T04:23:12.382+0800][info] GC(512) Metaspace: 1678K(1856K)->1678K(1856K) NonClass: 1553K(1664K)->1553K(1664K) Class: 124K(192K)->124K(192K)
[2024-10-11T04:23:12.383+0800][info] GC(512) Pause Young (Mixed) (G1 Evacuation Pause) 103M->97M(128M) 2.579ms
[2024-10-11T04:23:12.383+0800][info] GC(512) User=0.00s Sys=0.00s Real=0.00s
[2024-10-11T04:23:12.485+0800][info] GC(513) Pause Young (Mixed) (G1 Evacuation Pause)
[2024-10-11T04:23:12.485+0800][info] GC(513) Using 3 workers of 48 for evacuation
[2024-10-11T04:23:12.488+0800][info] GC(513)   Pre Evacuate Collection Set: 0.2ms
[2024-10-11T04:23:12.488+0800][info] GC(513)   Merge Heap Roots: 0.1ms
[2024-10-11T04:23:12.488+0800][info] GC(513)   Evacuate Collection Set: 1.9ms
[2024-10-11T04:23:12.488+0800][info] GC(513)   Post Evacuate Collection Set: 0.2ms
[2024-10-11T04:23:12.488+0800][info] GC(513)   Other: 0.2ms
[2024-10-11T04:23:12.488+0800][info] GC(513) Eden regions: 2->0(2)
[2024-10-11T04:23:12.488+0800][info] GC(513) Survivor regions: 1->1(1)
[2024-10-11T04:23:12.488+0800][info] GC(513) Old regions: 46->44
[2024-10-11T04:23:12.488+0800][info] GC(513) Archive regions: 2->2
[2024-10-11T04:23:12.488+0800][info] GC(513) Humongous regions: 3->3
[2024-10-11T04:23:12.488+0800][info] GC(513) Metaspace: 1678K(1856K)->1678K(1856K) NonClass: 1553K(1664K)->1553K(1664K) Class: 124K(192K)->124K(192K)
[2024-10-11T04:23:12.488+0800][info] GC(513) Pause Young (Mixed) (G1 Evacuation Pause) 101M->95M(128M) 2.696ms
[2024-10-11T04:23:12.488+0800][info] GC(513) User=0.00s Sys=0.01s Real=0.01s
[2024-10-11T04:23:12.590+0800][info] GC(514) Pause Young (Normal) (G1 Evacuation Pause)
[2024-10-11T04:23:12.590+0800][info] GC(514) Using 3 workers of 48 for evacuation
[2024-10-11T04:23:12.591+0800][info] GC(514)   Pre Evacuate Collection Set: 0.1ms
[2024-10-11T04:23:12.591+0800][info] GC(514)   Merge Heap Roots: 0.1ms
[2024-10-11T04:23:12.591+0800][info] GC(514)   Evacuate Collection Set: 0.7ms
[2024-10-11T04:23:12.591+0800][info] GC(514)   Post Evacuate Collection Set: 0.2ms
[2024-10-11T04:23:12.591+0800][info] GC(514)   Other: 0.2ms
[2024-10-11T04:23:12.591+0800][info] GC(514) Eden regions: 2->0(2)
[2024-10-11T04:23:12.591+0800][info] GC(514) Survivor regions: 1->1(1)
[2024-10-11T04:23:12.591+0800][info] GC(514) Old regions: 44->46
[2024-10-11T04:23:12.591+0800][info] GC(514) Archive regions: 2->2
[2024-10-11T04:23:12.591+0800][info] GC(514) Humongous regions: 3->3
[2024-10-11T04:23:12.591+0800][info] GC(514) Metaspace: 1678K(1856K)->1678K(1856K) NonClass: 1553K(1664K)->1553K(1664K) Class: 124K(192K)->124K(192K)
[2024-10-11T04:23:12.591+0800][info] GC(514) Pause Young (Normal) (G1 Evacuation Pause) 98M->99M(128M) 1.368ms
[2024-10-11T04:23:12.591+0800][info] GC(514) User=0.00s Sys=0.00s Real=0.00s
[2024-10-11T04:23:12.693+0800][info] GC(515) Pause Young (Normal) (G1 Evacuation Pause)
[2024-10-11T04:23:12.693+0800][info] GC(515) Using 3 workers of 48 for evacuation
[2024-10-11T04:23:12.695+0800][info] GC(515)   Pre Evacuate Collection Set: 0.1ms
[2024-10-11T04:23:12.695+0800][info] GC(515)   Merge Heap Roots: 0.1ms
[2024-10-11T04:23:12.695+0800][info] GC(515)   Evacuate Collection Set: 0.7ms
[2024-10-11T04:23:12.695+0800][info] GC(515)   Post Evacuate Collection Set: 0.2ms
[2024-10-11T04:23:12.695+0800][info] GC(515)   Other: 0.2ms
[2024-10-11T04:23:12.695+0800][info] GC(515) Eden regions: 2->0(2)
[2024-10-11T04:23:12.695+0800][info] GC(515) Survivor regions: 1->1(1)
[2024-10-11T04:23:12.695+0800][info] GC(515) Old regions: 46->48
[2024-10-11T04:23:12.695+0800][info] GC(515) Archive regions: 2->2
[2024-10-11T04:23:12.695+0800][info] GC(515) Humongous regions: 3->3
[2024-10-11T04:23:12.695+0800][info] GC(515) Metaspace: 1678K(1856K)->1678K(1856K) NonClass: 1553K(1664K)->1553K(1664K) Class: 124K(192K)->124K(192K)
[2024-10-11T04:23:12.695+0800][info] GC(515) Pause Young (Normal) (G1 Evacuation Pause) 103M->103M(128M) 1.359ms
[2024-10-11T04:23:12.695+0800][info] GC(515) User=0.01s Sys=0.00s Real=0.00s
[2024-10-11T04:23:12.797+0800][info] GC(516) Pause Young (Concurrent Start) (G1 Evacuation Pause)
[2024-10-11T04:23:12.797+0800][info] GC(516) Using 3 workers of 48 for evacuation
[2024-10-11T04:23:12.798+0800][info] GC(516)   Pre Evacuate Collection Set: 0.1ms
[2024-10-11T04:23:12.798+0800][info] GC(516)   Merge Heap Roots: 0.1ms
[2024-10-11T04:23:12.798+0800][info] GC(516)   Evacuate Collection Set: 0.8ms
[2024-10-11T04:23:12.798+0800][info] GC(516)   Post Evacuate Collection Set: 0.2ms
[2024-10-11T04:23:12.798+0800][info] GC(516)   Other: 0.3ms
[2024-10-11T04:23:12.798+0800][info] GC(516) Eden regions: 2->0(2)
[2024-10-11T04:23:12.798+0800][info] GC(516) Survivor regions: 1->1(1)
[2024-10-11T04:23:12.798+0800][info] GC(516) Old regions: 48->50
[2024-10-11T04:23:12.798+0800][info] GC(516) Archive regions: 2->2
[2024-10-11T04:23:12.798+0800][info] GC(516) Humongous regions: 3->3
[2024-10-11T04:23:12.798+0800][info] GC(516) Metaspace: 1678K(1856K)->1678K(1856K) NonClass: 1553K(1664K)->1553K(1664K) Class: 124K(192K)->124K(192K)
[2024-10-11T04:23:12.798+0800][info] GC(516) Pause Young (Concurrent Start) (G1 Evacuation Pause) 106M->107M(128M) 1.601ms
[2024-10-11T04:23:12.798+0800][info] GC(516) User=0.00s Sys=0.00s Real=0.00s
[2024-10-11T04:23:12.798+0800][info] GC(517) Concurrent Mark Cycle
[2024-10-11T04:23:12.798+0800][info] GC(517) Concurrent Clear Claimed Marks
[2024-10-11T04:23:12.798+0800][info] GC(517) Concurrent Clear Claimed Marks 0.017ms
[2024-10-11T04:23:12.798+0800][info] GC(517) Concurrent Scan Root Regions
[2024-10-11T04:23:12.799+0800][info] GC(517) Concurrent Scan Root Regions 0.150ms
[2024-10-11T04:23:12.799+0800][info] GC(517) Concurrent Mark
[2024-10-11T04:23:12.799+0800][info] GC(517) Concurrent Mark From Roots
[2024-10-11T04:23:12.799+0800][info] GC(517) Using 12 workers of 12 for marking
[2024-10-11T04:23:12.802+0800][info] GC(517) Concurrent Mark From Roots 3.553ms
[2024-10-11T04:23:12.802+0800][info] GC(517) Concurrent Preclean
[2024-10-11T04:23:12.804+0800][info] GC(517) Concurrent Preclean 1.680ms
[2024-10-11T04:23:12.804+0800][info] GC(517) Pause Remark
[2024-10-11T04:23:12.806+0800][info] GC(517) Pause Remark 107M->107M(128M) 1.511ms
[2024-10-11T04:23:12.806+0800][info] GC(517) User=0.01s Sys=0.00s Real=0.01s
[2024-10-11T04:23:12.806+0800][info] GC(517) Concurrent Mark 7.058ms
[2024-10-11T04:23:12.806+0800][info] GC(517) Concurrent Rebuild Remembered Sets
[2024-10-11T04:23:12.807+0800][info] GC(517) Concurrent Rebuild Remembered Sets 1.422ms
[2024-10-11T04:23:12.807+0800][info] GC(517) Pause Cleanup
[2024-10-11T04:23:12.808+0800][info] GC(517) Pause Cleanup 107M->107M(128M) 0.183ms
[2024-10-11T04:23:12.808+0800][info] GC(517) User=0.00s Sys=0.00s Real=0.00s
[2024-10-11T04:23:12.808+0800][info] GC(517) Concurrent Cleanup for Next Mark
[2024-10-11T04:23:12.808+0800][info] GC(517) Concurrent Cleanup for Next Mark 0.394ms
[2024-10-11T04:23:12.808+0800][info] GC(517) Concurrent Mark Cycle 9.563ms
[2024-10-11T04:23:12.952+0800][info] GC(518) Pause Young (Prepare Mixed) (G1 Evacuation Pause)
[2024-10-11T04:23:12.952+0800][info] GC(518) Using 3 workers of 48 for evacuation
[2024-10-11T04:23:12.953+0800][info] GC(518)   Pre Evacuate Collection Set: 0.1ms
[2024-10-11T04:23:12.953+0800][info] GC(518)   Merge Heap Roots: 0.1ms
[2024-10-11T04:23:12.953+0800][info] GC(518)   Evacuate Collection Set: 0.8ms
[2024-10-11T04:23:12.953+0800][info] GC(518)   Post Evacuate Collection Set: 0.2ms
[2024-10-11T04:23:12.953+0800][info] GC(518)   Other: 0.2ms
[2024-10-11T04:23:12.953+0800][info] GC(518) Eden regions: 2->0(2)
[2024-10-11T04:23:12.953+0800][info] GC(518) Survivor regions: 1->1(1)
[2024-10-11T04:23:12.953+0800][info] GC(518) Old regions: 50->52
[2024-10-11T04:23:12.953+0800][info] GC(518) Archive regions: 2->2
[2024-10-11T04:23:12.953+0800][info] GC(518) Humongous regions: 3->3
[2024-10-11T04:23:12.953+0800][info] GC(518) Metaspace: 1678K(1856K)->1678K(1856K) NonClass: 1553K(1664K)->1553K(1664K) Class: 124K(192K)->124K(192K)
[2024-10-11T04:23:12.953+0800][info] GC(518) Pause Young (Prepare Mixed) (G1 Evacuation Pause) 110M->111M(128M) 1.501ms
[2024-10-11T04:23:12.953+0800][info] GC(518) User=0.00s Sys=0.00s Real=0.01s
[2024-10-11T04:23:13.055+0800][info] GC(519) Pause Young (Mixed) (G1 Preventive Collection)
[2024-10-11T04:23:13.055+0800][info] GC(519) Using 3 workers of 48 for evacuation
[2024-10-11T04:23:13.057+0800][info] GC(519) To-space exhausted
[2024-10-11T04:23:13.057+0800][info] GC(519)   Pre Evacuate Collection Set: 0.2ms
[2024-10-11T04:23:13.057+0800][info] GC(519)   Merge Heap Roots: 0.0ms
[2024-10-11T04:23:13.057+0800][info] GC(519)   Evacuate Collection Set: 1.0ms
[2024-10-11T04:23:13.057+0800][info] GC(519)   Post Evacuate Collection Set: 0.2ms
[2024-10-11T04:23:13.057+0800][info] GC(519)   Other: 0.2ms
[2024-10-11T04:23:13.057+0800][info] GC(519) Eden regions: 2->0(2)
[2024-10-11T04:23:13.057+0800][info] GC(519) Survivor regions: 1->1(1)
[2024-10-11T04:23:13.057+0800][info] GC(519) Old regions: 52->54
[2024-10-11T04:23:13.057+0800][info] GC(519) Archive regions: 2->2
[2024-10-11T04:23:13.057+0800][info] GC(519) Humongous regions: 3->3
[2024-10-11T04:23:13.057+0800][info] GC(519) Metaspace: 1678K(1856K)->1678K(1856K) NonClass: 1553K(1664K)->1553K(1664K) Class: 124K(192K)->124K(192K)
[2024-10-11T04:23:13.057+0800][info] GC(519) Pause Young (Mixed) (G1 Preventive Collection) 114M->115M(128M) 1.746ms
[2024-10-11T04:23:13.057+0800][info] GC(519) User=0.01s Sys=0.00s Real=0.00s
[2024-10-11T04:23:13.118+0800][info] GC(520) Pause Young (Mixed) (G1 Preventive Collection)
[2024-10-11T04:23:13.118+0800][info] GC(520) Using 3 workers of 48 for evacuation
[2024-10-11T04:23:13.120+0800][info] GC(520) To-space exhausted
[2024-10-11T04:23:13.120+0800][info] GC(520)   Pre Evacuate Collection Set: 0.2ms
[2024-10-11T04:23:13.120+0800][info] GC(520)   Merge Heap Roots: 0.1ms
[2024-10-11T04:23:13.120+0800][info] GC(520)   Evacuate Collection Set: 0.9ms
[2024-10-11T04:23:13.120+0800][info] GC(520)   Post Evacuate Collection Set: 0.2ms
[2024-10-11T04:23:13.120+0800][info] GC(520)   Other: 0.1ms
[2024-10-11T04:23:13.120+0800][info] GC(520) Eden regions: 1->0(2)
[2024-10-11T04:23:13.120+0800][info] GC(520) Survivor regions: 1->1(1)
[2024-10-11T04:23:13.120+0800][info] GC(520) Old regions: 54->55
[2024-10-11T04:23:13.120+0800][info] GC(520) Archive regions: 2->2
[2024-10-11T04:23:13.120+0800][info] GC(520) Humongous regions: 3->3
[2024-10-11T04:23:13.120+0800][info] GC(520) Metaspace: 1678K(1856K)->1678K(1856K) NonClass: 1553K(1664K)->1553K(1664K) Class: 124K(192K)->124K(192K)
[2024-10-11T04:23:13.120+0800][info] GC(520) Pause Young (Mixed) (G1 Preventive Collection) 117M->117M(128M) 1.652ms
[2024-10-11T04:23:13.120+0800][info] GC(520) User=0.00s Sys=0.00s Real=0.00s
[2024-10-11T04:23:13.161+0800][info] GC(521) Pause Young (Mixed) (G1 Preventive Collection)
[2024-10-11T04:23:13.161+0800][info] GC(521) Using 3 workers of 48 for evacuation
[2024-10-11T04:23:13.163+0800][info] GC(521) To-space exhausted
[2024-10-11T04:23:13.163+0800][info] GC(521)   Pre Evacuate Collection Set: 0.2ms
[2024-10-11T04:23:13.163+0800][info] GC(521)   Merge Heap Roots: 0.1ms
[2024-10-11T04:23:13.163+0800][info] GC(521)   Evacuate Collection Set: 0.7ms
[2024-10-11T04:23:13.163+0800][info] GC(521)   Post Evacuate Collection Set: 0.2ms
[2024-10-11T04:23:13.163+0800][info] GC(521)   Other: 0.2ms
[2024-10-11T04:23:13.163+0800][info] GC(521) Eden regions: 1->0(2)
[2024-10-11T04:23:13.163+0800][info] GC(521) Survivor regions: 1->1(1)
[2024-10-11T04:23:13.163+0800][info] GC(521) Old regions: 55->57
[2024-10-11T04:23:13.163+0800][info] GC(521) Archive regions: 2->2
[2024-10-11T04:23:13.163+0800][info] GC(521) Humongous regions: 3->3
[2024-10-11T04:23:13.163+0800][info] GC(521) Metaspace: 1678K(1856K)->1678K(1856K) NonClass: 1553K(1664K)->1553K(1664K) Class: 124K(192K)->124K(192K)
[2024-10-11T04:23:13.163+0800][info] GC(521) Pause Young (Mixed) (G1 Preventive Collection) 119M->121M(128M) 1.458ms
[2024-10-11T04:23:13.163+0800][info] GC(521) User=0.00s Sys=0.01s Real=0.00s
[2024-10-11T04:23:13.224+0800][info] GC(522) Pause Young (Mixed) (G1 Evacuation Pause)
[2024-10-11T04:23:13.224+0800][info] GC(522) Using 3 workers of 48 for evacuation
[2024-10-11T04:23:13.226+0800][info] GC(522) To-space exhausted
[2024-10-11T04:23:13.226+0800][info] GC(522)   Pre Evacuate Collection Set: 0.2ms
[2024-10-11T04:23:13.226+0800][info] GC(522)   Merge Heap Roots: 0.1ms
[2024-10-11T04:23:13.226+0800][info] GC(522)   Evacuate Collection Set: 0.5ms
[2024-10-11T04:23:13.226+0800][info] GC(522)   Post Evacuate Collection Set: 0.7ms
[2024-10-11T04:23:13.226+0800][info] GC(522)   Other: 0.1ms
[2024-10-11T04:23:13.226+0800][info] GC(522) Eden regions: 1->0(3)
[2024-10-11T04:23:13.226+0800][info] GC(522) Survivor regions: 1->0(0)
[2024-10-11T04:23:13.226+0800][info] GC(522) Old regions: 57->59
[2024-10-11T04:23:13.226+0800][info] GC(522) Archive regions: 2->2
[2024-10-11T04:23:13.226+0800][info] GC(522) Humongous regions: 3->3
[2024-10-11T04:23:13.226+0800][info] GC(522) Metaspace: 1678K(1856K)->1678K(1856K) NonClass: 1553K(1664K)->1553K(1664K) Class: 124K(192K)->124K(192K)
[2024-10-11T04:23:13.226+0800][info] GC(522) Pause Young (Mixed) (G1 Evacuation Pause) 123M->123M(128M) 1.715ms
[2024-10-11T04:23:13.226+0800][info] GC(522) User=0.01s Sys=0.00s Real=0.01s
[2024-10-11T04:23:13.226+0800][info] Attempting full compaction
[2024-10-11T04:23:13.226+0800][info] GC(523) Using 3 workers of 48 for full compaction
[2024-10-11T04:23:13.226+0800][info] GC(523) Pause Full (G1 Compaction Pause)
[2024-10-11T04:23:13.226+0800][info] GC(523) Phase 1: Mark live objects
[2024-10-11T04:23:13.229+0800][info] GC(523) Phase 1: Mark live objects 3.058ms
[2024-10-11T04:23:13.229+0800][info] GC(523) Phase 2: Prepare for compaction
[2024-10-11T04:23:13.230+0800][info] GC(523) Phase 2: Prepare for compaction 0.661ms
[2024-10-11T04:23:13.230+0800][info] GC(523) Phase 3: Adjust pointers
[2024-10-11T04:23:13.231+0800][info] GC(523) Phase 3: Adjust pointers 1.668ms
[2024-10-11T04:23:13.231+0800][info] GC(523) Phase 4: Compact heap
[2024-10-11T04:23:13.246+0800][info] GC(523) Phase 4: Compact heap 14.058ms
[2024-10-11T04:23:13.247+0800][info] GC(523) Eden regions: 0->0(4)
[2024-10-11T04:23:13.247+0800][info] GC(523) Survivor regions: 0->0(0)
[2024-10-11T04:23:13.247+0800][info] GC(523) Old regions: 59->38
[2024-10-11T04:23:13.247+0800][info] GC(523) Archive regions: 2->2
[2024-10-11T04:23:13.247+0800][info] GC(523) Humongous regions: 3->3
[2024-10-11T04:23:13.247+0800][info] GC(523) Metaspace: 1678K(1856K)->1678K(1856K) NonClass: 1553K(1664K)->1553K(1664K) Class: 124K(192K)->124K(192K)
[2024-10-11T04:23:13.247+0800][info] GC(523) Pause Full (G1 Compaction Pause) 123M->71M(128M) 21.075ms
[2024-10-11T04:23:13.247+0800][info] GC(523) User=0.04s Sys=0.00s Real=0.02s
[2024-10-11T04:23:13.452+0800][info] GC(524) Pause Young (Normal) (G1 Evacuation Pause)
[2024-10-11T04:23:13.452+0800][info] GC(524) Using 3 workers of 48 for evacuation
[2024-10-11T04:23:13.454+0800][info] GC(524)   Pre Evacuate Collection Set: 0.1ms
[2024-10-11T04:23:13.454+0800][info] GC(524)   Merge Heap Roots: 0.0ms
[2024-10-11T04:23:13.454+0800][info] GC(524)   Evacuate Collection Set: 1.1ms
[2024-10-11T04:23:13.454+0800][info] GC(524)   Post Evacuate Collection Set: 0.2ms
[2024-10-11T04:23:13.454+0800][info] GC(524)   Other: 0.2ms
[2024-10-11T04:23:13.454+0800][info] GC(524) Eden regions: 4->0(2)
[2024-10-11T04:23:13.454+0800][info] GC(524) Survivor regions: 0->1(1)
[2024-10-11T04:23:13.454+0800][info] GC(524) Old regions: 38->41
[2024-10-11T04:23:13.454+0800][info] GC(524) Archive regions: 2->2
[2024-10-11T04:23:13.454+0800][info] GC(524) Humongous regions: 3->3
[2024-10-11T04:23:13.454+0800][info] GC(524) Metaspace: 1678K(1856K)->1678K(1856K) NonClass: 1553K(1664K)->1553K(1664K) Class: 124K(192K)->124K(192K)
[2024-10-11T04:23:13.454+0800][info] GC(524) Pause Young (Normal) (G1 Evacuation Pause) 79M->78M(128M) 1.790ms
[2024-10-11T04:23:13.454+0800][info] GC(524) User=0.00s Sys=0.00s Real=0.01s
[2024-10-11T04:23:13.556+0800][info] GC(525) Pause Young (Normal) (G1 Evacuation Pause)
[2024-10-11T04:23:13.556+0800][info] GC(525) Using 3 workers of 48 for evacuation
[2024-10-11T04:23:13.557+0800][info] GC(525)   Pre Evacuate Collection Set: 0.1ms
[2024-10-11T04:23:13.557+0800][info] GC(525)   Merge Heap Roots: 0.0ms
[2024-10-11T04:23:13.557+0800][info] GC(525)   Evacuate Collection Set: 0.7ms
[2024-10-11T04:23:13.557+0800][info] GC(525)   Post Evacuate Collection Set: 0.2ms
[2024-10-11T04:23:13.557+0800][info] GC(525)   Other: 0.2ms
[2024-10-11T04:23:13.557+0800][info] GC(525) Eden regions: 2->0(2)
[2024-10-11T04:23:13.557+0800][info] GC(525) Survivor regions: 1->1(1)
[2024-10-11T04:23:13.557+0800][info] GC(525) Old regions: 41->43
[2024-10-11T04:23:13.557+0800][info] GC(525) Archive regions: 2->2
[2024-10-11T04:23:13.557+0800][info] GC(525) Humongous regions: 3->3
[2024-10-11T04:23:13.557+0800][info] GC(525) Metaspace: 1678K(1856K)->1678K(1856K) NonClass: 1553K(1664K)->1553K(1664K) Class: 124K(192K)->124K(192K)
[2024-10-11T04:23:13.557+0800][info] GC(525) Pause Young (Normal) (G1 Evacuation Pause) 82M->82M(128M) 1.372ms
[2024-10-11T04:23:13.557+0800][info] GC(525) User=0.01s Sys=0.00s Real=0.00s
[2024-10-11T04:23:13.659+0800][info] GC(526) Pause Young (Normal) (G1 Evacuation Pause)
[2024-10-11T04:23:13.659+0800][info] GC(526) Using 3 workers of 48 for evacuation
[2024-10-11T04:23:13.661+0800][info] GC(526)   Pre Evacuate Collection Set: 0.1ms
[2024-10-11T04:23:13.661+0800][info] GC(526)   Merge Heap Roots: 0.0ms
[2024-10-11T04:23:13.661+0800][info] GC(526)   Evacuate Collection Set: 0.8ms
[2024-10-11T04:23:13.661+0800][info] GC(526)   Post Evacuate Collection Set: 0.2ms
[2024-10-11T04:23:13.661+0800][info] GC(526)   Other: 0.2ms
[2024-10-11T04:23:13.661+0800][info] GC(526) Eden regions: 2->0(2)
[2024-10-11T04:23:13.661+0800][info] GC(526) Survivor regions: 1->1(1)
[2024-10-11T04:23:13.661+0800][info] GC(526) Old regions: 43->45
[2024-10-11T04:23:13.661+0800][info] GC(526) Archive regions: 2->2
[2024-10-11T04:23:13.661+0800][info] GC(526) Humongous regions: 3->3
[2024-10-11T04:23:13.661+0800][info] GC(526) Metaspace: 1678K(1856K)->1678K(1856K) NonClass: 1553K(1664K)->1553K(1664K) Class: 124K(192K)->124K(192K)
[2024-10-11T04:23:13.661+0800][info] GC(526) Pause Young (Normal) (G1 Evacuation Pause) 86M->86M(128M) 1.401ms
[2024-10-11T04:23:13.661+0800][info] GC(526) User=0.00s Sys=0.00s Real=0.00s
[2024-10-11T04:23:13.763+0800][info] GC(527) Pause Young (Normal) (G1 Evacuation Pause)
[2024-10-11T04:23:13.763+0800][info] GC(527) Using 3 workers of 48 for evacuation
[2024-10-11T04:23:13.764+0800][info] GC(527)   Pre Evacuate Collection Set: 0.1ms
[2024-10-11T04:23:13.764+0800][info] GC(527)   Merge Heap Roots: 0.0ms
[2024-10-11T04:23:13.764+0800][info] GC(527)   Evacuate Collection Set: 0.8ms
[2024-10-11T04:23:13.764+0800][info] GC(527)   Post Evacuate Collection Set: 0.2ms
[2024-10-11T04:23:13.764+0800][info] GC(527)   Other: 0.2ms
[2024-10-11T04:23:13.764+0800][info] GC(527) Eden regions: 2->0(2)
[2024-10-11T04:23:13.764+0800][info] GC(527) Survivor regions: 1->1(1)
[2024-10-11T04:23:13.764+0800][info] GC(527) Old regions: 45->47
[2024-10-11T04:23:13.764+0800][info] GC(527) Archive regions: 2->2
[2024-10-11T04:23:13.764+0800][info] GC(527) Humongous regions: 3->3
[2024-10-11T04:23:13.764+0800][info] GC(527) Metaspace: 1678K(1856K)->1678K(1856K) NonClass: 1553K(1664K)->1553K(1664K) Class: 124K(192K)->124K(192K)
[2024-10-11T04:23:13.764+0800][info] GC(527) Pause Young (Normal) (G1 Evacuation Pause) 90M->90M(128M) 1.365ms
[2024-10-11T04:23:13.764+0800][info] GC(527) User=0.00s Sys=0.00s Real=0.00s
[2024-10-11T04:23:13.867+0800][info] GC(528) Pause Young (Concurrent Start) (G1 Evacuation Pause)
[2024-10-11T04:23:13.867+0800][info] GC(528) Using 3 workers of 48 for evacuation
[2024-10-11T04:23:13.868+0800][info] GC(528)   Pre Evacuate Collection Set: 0.1ms
[2024-10-11T04:23:13.868+0800][info] GC(528)   Merge Heap Roots: 0.0ms
[2024-10-11T04:23:13.868+0800][info] GC(528)   Evacuate Collection Set: 0.8ms
[2024-10-11T04:23:13.868+0800][info] GC(528)   Post Evacuate Collection Set: 0.2ms
[2024-10-11T04:23:13.868+0800][info] GC(528)   Other: 0.3ms
[2024-10-11T04:23:13.868+0800][info] GC(528) Eden regions: 2->0(2)
[2024-10-11T04:23:13.868+0800][info] GC(528) Survivor regions: 1->1(1)
[2024-10-11T04:23:13.868+0800][info] GC(528) Old regions: 47->49
[2024-10-11T04:23:13.868+0800][info] GC(528) Archive regions: 2->2
[2024-10-11T04:23:13.868+0800][info] GC(528) Humongous regions: 3->3
[2024-10-11T04:23:13.868+0800][info] GC(528) Metaspace: 1678K(1856K)->1678K(1856K) NonClass: 1553K(1664K)->1553K(1664K) Class: 124K(192K)->124K(192K)
[2024-10-11T04:23:13.868+0800][info] GC(528) Pause Young (Concurrent Start) (G1 Evacuation Pause) 93M->94M(128M) 1.570ms
[2024-10-11T04:23:13.868+0800][info] GC(528) User=0.00s Sys=0.00s Real=0.00s
[2024-10-11T04:23:13.868+0800][info] GC(529) Concurrent Mark Cycle
[2024-10-11T04:23:13.868+0800][info] GC(529) Concurrent Clear Claimed Marks
[2024-10-11T04:23:13.868+0800][info] GC(529) Concurrent Clear Claimed Marks 0.017ms
[2024-10-11T04:23:13.868+0800][info] GC(529) Concurrent Scan Root Regions
[2024-10-11T04:23:13.869+0800][info] GC(529) Concurrent Scan Root Regions 0.111ms
[2024-10-11T04:23:13.869+0800][info] GC(529) Concurrent Mark
[2024-10-11T04:23:13.869+0800][info] GC(529) Concurrent Mark From Roots
[2024-10-11T04:23:13.869+0800][info] GC(529) Using 12 workers of 12 for marking
[2024-10-11T04:23:13.872+0800][info] GC(529) Concurrent Mark From Roots 3.360ms
[2024-10-11T04:23:13.872+0800][info] GC(529) Concurrent Preclean
[2024-10-11T04:23:13.874+0800][info] GC(529) Concurrent Preclean 1.718ms
[2024-10-11T04:23:13.874+0800][info] GC(529) Pause Remark
[2024-10-11T04:23:13.875+0800][info] GC(529) Pause Remark 94M->94M(128M) 1.472ms
[2024-10-11T04:23:13.875+0800][info] GC(529) User=0.00s Sys=0.00s Real=0.00s
[2024-10-11T04:23:13.875+0800][info] GC(529) Concurrent Mark 6.859ms
[2024-10-11T04:23:13.875+0800][info] GC(529) Concurrent Rebuild Remembered Sets
[2024-10-11T04:23:13.877+0800][info] GC(529) Concurrent Rebuild Remembered Sets 1.432ms
[2024-10-11T04:23:13.877+0800][info] GC(529) Pause Cleanup
[2024-10-11T04:23:13.877+0800][info] GC(529) Pause Cleanup 94M->94M(128M) 0.203ms
[2024-10-11T04:23:13.877+0800][info] GC(529) User=0.00s Sys=0.00s Real=0.00s
[2024-10-11T04:23:13.877+0800][info] GC(529) Concurrent Cleanup for Next Mark
[2024-10-11T04:23:13.878+0800][info] GC(529) Concurrent Cleanup for Next Mark 0.392ms
[2024-10-11T04:23:13.878+0800][info] GC(529) Concurrent Mark Cycle 9.362ms
[2024-10-11T04:23:14.021+0800][info] GC(530) Pause Young (Prepare Mixed) (G1 Evacuation Pause)
[2024-10-11T04:23:14.021+0800][info] GC(530) Using 3 workers of 48 for evacuation
[2024-10-11T04:23:14.022+0800][info] GC(530)   Pre Evacuate Collection Set: 0.1ms
[2024-10-11T04:23:14.022+0800][info] GC(530)   Merge Heap Roots: 0.1ms
[2024-10-11T04:23:14.023+0800][info] GC(530)   Evacuate Collection Set: 0.8ms
[2024-10-11T04:23:14.023+0800][info] GC(530)   Post Evacuate Collection Set: 0.2ms
[2024-10-11T04:23:14.023+0800][info] GC(530)   Other: 0.2ms
[2024-10-11T04:23:14.023+0800][info] GC(530) Eden regions: 2->0(2)
[2024-10-11T04:23:14.023+0800][info] GC(530) Survivor regions: 1->1(1)
[2024-10-11T04:23:14.023+0800][info] GC(530) Old regions: 49->51
[2024-10-11T04:23:14.023+0800][info] GC(530) Archive regions: 2->2
[2024-10-11T04:23:14.023+0800][info] GC(530) Humongous regions: 3->3
[2024-10-11T04:23:14.023+0800][info] GC(530) Metaspace: 1678K(1856K)->1678K(1856K) NonClass: 1553K(1664K)->1553K(1664K) Class: 124K(192K)->124K(192K)
[2024-10-11T04:23:14.023+0800][info] GC(530) Pause Young (Prepare Mixed) (G1 Evacuation Pause) 97M->98M(128M) 1.474ms
[2024-10-11T04:23:14.023+0800][info] GC(530) User=0.00s Sys=0.00s Real=0.00s
[2024-10-11T04:23:14.125+0800][info] GC(531) Pause Young (Mixed) (G1 Preventive Collection)
[2024-10-11T04:23:14.125+0800][info] GC(531) Using 3 workers of 48 for evacuation
[2024-10-11T04:23:14.127+0800][info] GC(531)   Pre Evacuate Collection Set: 0.2ms
[2024-10-11T04:23:14.127+0800][info] GC(531)   Merge Heap Roots: 0.1ms
[2024-10-11T04:23:14.127+0800][info] GC(531)   Evacuate Collection Set: 1.2ms
[2024-10-11T04:23:14.127+0800][info] GC(531)   Post Evacuate Collection Set: 0.2ms
[2024-10-11T04:23:14.127+0800][info] GC(531)   Other: 0.2ms
[2024-10-11T04:23:14.127+0800][info] GC(531) Eden regions: 2->0(2)
[2024-10-11T04:23:14.127+0800][info] GC(531) Survivor regions: 1->1(1)
[2024-10-11T04:23:14.127+0800][info] GC(531) Old regions: 51->48
[2024-10-11T04:23:14.127+0800][info] GC(531) Archive regions: 2->2
[2024-10-11T04:23:14.127+0800][info] GC(531) Humongous regions: 3->3
[2024-10-11T04:23:14.127+0800][info] GC(531) Metaspace: 1678K(1856K)->1678K(1856K) NonClass: 1553K(1664K)->1553K(1664K) Class: 124K(192K)->124K(192K)
[2024-10-11T04:23:14.127+0800][info] GC(531) Pause Young (Mixed) (G1 Preventive Collection) 101M->96M(128M) 1.966ms
[2024-10-11T04:23:14.127+0800][info] GC(531) User=0.00s Sys=0.00s Real=0.00s
[2024-10-11T04:23:14.229+0800][info] GC(532) Pause Young (Mixed) (G1 Evacuation Pause)
[2024-10-11T04:23:14.229+0800][info] GC(532) Using 3 workers of 48 for evacuation
[2024-10-11T04:23:14.231+0800][info] GC(532)   Pre Evacuate Collection Set: 0.2ms
[2024-10-11T04:23:14.231+0800][info] GC(532)   Merge Heap Roots: 0.1ms
[2024-10-11T04:23:14.231+0800][info] GC(532)   Evacuate Collection Set: 1.6ms
[2024-10-11T04:23:14.231+0800][info] GC(532)   Post Evacuate Collection Set: 0.2ms
[2024-10-11T04:23:14.231+0800][info] GC(532)   Other: 0.1ms
[2024-10-11T04:23:14.231+0800][info] GC(532) Eden regions: 2->0(2)
[2024-10-11T04:23:14.231+0800][info] GC(532) Survivor regions: 1->1(1)
[2024-10-11T04:23:14.231+0800][info] GC(532) Old regions: 48->47
[2024-10-11T04:23:14.231+0800][info] GC(532) Archive regions: 2->2
[2024-10-11T04:23:14.231+0800][info] GC(532) Humongous regions: 3->3
[2024-10-11T04:23:14.231+0800][info] GC(532) Metaspace: 1678K(1856K)->1678K(1856K) NonClass: 1553K(1664K)->1553K(1664K) Class: 124K(192K)->124K(192K)
[2024-10-11T04:23:14.231+0800][info] GC(532) Pause Young (Mixed) (G1 Evacuation Pause) 99M->96M(128M) 2.255ms
[2024-10-11T04:23:14.231+0800][info] GC(532) User=0.01s Sys=0.00s Real=0.00s
[2024-10-11T04:23:14.334+0800][info] GC(533) Pause Young (Mixed) (G1 Evacuation Pause)
[2024-10-11T04:23:14.334+0800][info] GC(533) Using 3 workers of 48 for evacuation
[2024-10-11T04:23:14.337+0800][info] GC(533)   Pre Evacuate Collection Set: 0.2ms
[2024-10-11T04:23:14.337+0800][info] GC(533)   Merge Heap Roots: 0.0ms
[2024-10-11T04:23:14.337+0800][info] GC(533)   Evacuate Collection Set: 1.9ms
[2024-10-11T04:23:14.337+0800][info] GC(533)   Post Evacuate Collection Set: 0.2ms
[2024-10-11T04:23:14.337+0800][info] GC(533)   Other: 0.1ms
[2024-10-11T04:23:14.337+0800][info] GC(533) Eden regions: 2->0(2)
[2024-10-11T04:23:14.337+0800][info] GC(533) Survivor regions: 1->1(1)
[2024-10-11T04:23:14.337+0800][info] GC(533) Old regions: 47->46
[2024-10-11T04:23:14.337+0800][info] GC(533) Archive regions: 2->2
[2024-10-11T04:23:14.337+0800][info] GC(533) Humongous regions: 4->3
[2024-10-11T04:23:14.337+0800][info] GC(533) Metaspace: 1678K(1856K)->1678K(1856K) NonClass: 1553K(1664K)->1553K(1664K) Class: 124K(192K)->124K(192K)
[2024-10-11T04:23:14.337+0800][info] GC(533) Pause Young (Mixed) (G1 Evacuation Pause) 101M->96M(128M) 2.580ms
[2024-10-11T04:23:14.337+0800][info] GC(533) User=0.01s Sys=0.00s Real=0.00s
[2024-10-11T04:23:14.439+0800][info] GC(534) Pause Young (Mixed) (G1 Evacuation Pause)
[2024-10-11T04:23:14.439+0800][info] GC(534) Using 3 workers of 48 for evacuation
[2024-10-11T04:23:14.441+0800][info] GC(534)   Pre Evacuate Collection Set: 0.2ms
[2024-10-11T04:23:14.441+0800][info] GC(534)   Merge Heap Roots: 0.1ms
[2024-10-11T04:23:14.441+0800][info] GC(534)   Evacuate Collection Set: 1.2ms
[2024-10-11T04:23:14.441+0800][info] GC(534)   Post Evacuate Collection Set: 0.2ms
[2024-10-11T04:23:14.441+0800][info] GC(534)   Other: 0.1ms
[2024-10-11T04:23:14.441+0800][info] GC(534) Eden regions: 2->0(2)
[2024-10-11T04:23:14.441+0800][info] GC(534) Survivor regions: 1->1(1)
[2024-10-11T04:23:14.441+0800][info] GC(534) Old regions: 46->47
[2024-10-11T04:23:14.441+0800][info] GC(534) Archive regions: 2->2
[2024-10-11T04:23:14.441+0800][info] GC(534) Humongous regions: 3->3
[2024-10-11T04:23:14.441+0800][info] GC(534) Metaspace: 1678K(1856K)->1678K(1856K) NonClass: 1553K(1664K)->1553K(1664K) Class: 124K(192K)->124K(192K)
[2024-10-11T04:23:14.441+0800][info] GC(534) Pause Young (Mixed) (G1 Evacuation Pause) 99M->98M(128M) 1.916ms
[2024-10-11T04:23:14.441+0800][info] GC(534) User=0.00s Sys=0.00s Real=0.00s
[2024-10-11T04:23:14.543+0800][info] GC(535) Pause Young (Normal) (G1 Evacuation Pause)
[2024-10-11T04:23:14.543+0800][info] GC(535) Using 3 workers of 48 for evacuation
[2024-10-11T04:23:14.544+0800][info] GC(535)   Pre Evacuate Collection Set: 0.1ms
[2024-10-11T04:23:14.544+0800][info] GC(535)   Merge Heap Roots: 0.0ms
[2024-10-11T04:23:14.544+0800][info] GC(535)   Evacuate Collection Set: 0.7ms
[2024-10-11T04:23:14.544+0800][info] GC(535)   Post Evacuate Collection Set: 0.2ms
[2024-10-11T04:23:14.544+0800][info] GC(535)   Other: 0.2ms
[2024-10-11T04:23:14.544+0800][info] GC(535) Eden regions: 2->0(2)
[2024-10-11T04:23:14.544+0800][info] GC(535) Survivor regions: 1->1(1)
[2024-10-11T04:23:14.544+0800][info] GC(535) Old regions: 47->49
[2024-10-11T04:23:14.544+0800][info] GC(535) Archive regions: 2->2
[2024-10-11T04:23:14.544+0800][info] GC(535) Humongous regions: 3->3
[2024-10-11T04:23:14.544+0800][info] GC(535) Metaspace: 1678K(1856K)->1678K(1856K) NonClass: 1553K(1664K)->1553K(1664K) Class: 124K(192K)->124K(192K)
[2024-10-11T04:23:14.544+0800][info] GC(535) Pause Young (Normal) (G1 Evacuation Pause) 101M->102M(128M) 1.310ms
[2024-10-11T04:23:14.545+0800][info] GC(535) User=0.01s Sys=0.00s Real=0.00s
[2024-10-11T04:23:14.647+0800][info] GC(536) Pause Young (Normal) (G1 Evacuation Pause)
[2024-10-11T04:23:14.647+0800][info] GC(536) Using 3 workers of 48 for evacuation
[2024-10-11T04:23:14.648+0800][info] GC(536)   Pre Evacuate Collection Set: 0.1ms
[2024-10-11T04:23:14.648+0800][info] GC(536)   Merge Heap Roots: 0.0ms
[2024-10-11T04:23:14.648+0800][info] GC(536)   Evacuate Collection Set: 0.7ms
[2024-10-11T04:23:14.648+0800][info] GC(536)   Post Evacuate Collection Set: 0.2ms
[2024-10-11T04:23:14.648+0800][info] GC(536)   Other: 0.2ms
[2024-10-11T04:23:14.648+0800][info] GC(536) Eden regions: 2->0(2)
[2024-10-11T04:23:14.648+0800][info] GC(536) Survivor regions: 1->1(1)
[2024-10-11T04:23:14.648+0800][info] GC(536) Old regions: 49->50
[2024-10-11T04:23:14.648+0800][info] GC(536) Archive regions: 2->2
[2024-10-11T04:23:14.648+0800][info] GC(536) Humongous regions: 3->3
[2024-10-11T04:23:14.648+0800][info] GC(536) Metaspace: 1678K(1856K)->1678K(1856K) NonClass: 1553K(1664K)->1553K(1664K) Class: 124K(192K)->124K(192K)
[2024-10-11T04:23:14.648+0800][info] GC(536) Pause Young (Normal) (G1 Evacuation Pause) 105M->105M(128M) 1.282ms
[2024-10-11T04:23:14.648+0800][info] GC(536) User=0.00s Sys=0.00s Real=0.00s
[2024-10-11T04:23:14.750+0800][info] GC(537) Pause Young (Concurrent Start) (G1 Evacuation Pause)
[2024-10-11T04:23:14.750+0800][info] GC(537) Using 3 workers of 48 for evacuation
[2024-10-11T04:23:14.751+0800][info] GC(537)   Pre Evacuate Collection Set: 0.1ms
[2024-10-11T04:23:14.751+0800][info] GC(537)   Merge Heap Roots: 0.1ms
[2024-10-11T04:23:14.752+0800][info] GC(537)   Evacuate Collection Set: 0.8ms
[2024-10-11T04:23:14.752+0800][info] GC(537)   Post Evacuate Collection Set: 0.2ms
[2024-10-11T04:23:14.752+0800][info] GC(537)   Other: 0.3ms
[2024-10-11T04:23:14.752+0800][info] GC(537) Eden regions: 2->0(2)
[2024-10-11T04:23:14.752+0800][info] GC(537) Survivor regions: 1->1(1)
[2024-10-11T04:23:14.752+0800][info] GC(537) Old regions: 50->52
[2024-10-11T04:23:14.752+0800][info] GC(537) Archive regions: 2->2
[2024-10-11T04:23:14.752+0800][info] GC(537) Humongous regions: 3->3
[2024-10-11T04:23:14.752+0800][info] GC(537) Metaspace: 1678K(1856K)->1678K(1856K) NonClass: 1553K(1664K)->1553K(1664K) Class: 124K(192K)->124K(192K)
[2024-10-11T04:23:14.752+0800][info] GC(537) Pause Young (Concurrent Start) (G1 Evacuation Pause) 108M->108M(128M) 1.531ms
[2024-10-11T04:23:14.752+0800][info] GC(537) User=0.00s Sys=0.00s Real=0.00s
[2024-10-11T04:23:14.752+0800][info] GC(538) Concurrent Mark Cycle
[2024-10-11T04:23:14.752+0800][info] GC(538) Concurrent Clear Claimed Marks
[2024-10-11T04:23:14.752+0800][info] GC(538) Concurrent Clear Claimed Marks 0.017ms
[2024-10-11T04:23:14.752+0800][info] GC(538) Concurrent Scan Root Regions
[2024-10-11T04:23:14.752+0800][info] GC(538) Concurrent Scan Root Regions 0.147ms
[2024-10-11T04:23:14.752+0800][info] GC(538) Concurrent Mark
[2024-10-11T04:23:14.752+0800][info] GC(538) Concurrent Mark From Roots
[2024-10-11T04:23:14.752+0800][info] GC(538) Using 12 workers of 12 for marking
[2024-10-11T04:23:14.756+0800][info] GC(538) Concurrent Mark From Roots 3.819ms
[2024-10-11T04:23:14.756+0800][info] GC(538) Concurrent Preclean
[2024-10-11T04:23:14.758+0800][info] GC(538) Concurrent Preclean 1.708ms
[2024-10-11T04:23:14.758+0800][info] GC(538) Pause Remark
[2024-10-11T04:23:14.759+0800][info] GC(538) Pause Remark 109M->109M(128M) 1.467ms
[2024-10-11T04:23:14.759+0800][info] GC(538) User=0.01s Sys=0.00s Real=0.00s
[2024-10-11T04:23:14.759+0800][info] GC(538) Concurrent Mark 7.247ms
[2024-10-11T04:23:14.759+0800][info] GC(538) Concurrent Rebuild Remembered Sets
[2024-10-11T04:23:14.761+0800][info] GC(538) Concurrent Rebuild Remembered Sets 1.450ms
[2024-10-11T04:23:14.761+0800][info] GC(538) Pause Cleanup
[2024-10-11T04:23:14.761+0800][info] GC(538) Pause Cleanup 109M->109M(128M) 0.196ms
[2024-10-11T04:23:14.761+0800][info] GC(538) User=0.00s Sys=0.00s Real=0.00s
[2024-10-11T04:23:14.761+0800][info] GC(538) Concurrent Cleanup for Next Mark
[2024-10-11T04:23:14.762+0800][info] GC(538) Concurrent Cleanup for Next Mark 0.393ms
[2024-10-11T04:23:14.762+0800][info] GC(538) Concurrent Mark Cycle 9.804ms
[2024-10-11T04:23:14.905+0800][info] GC(539) Pause Young (Prepare Mixed) (G1 Preventive Collection)
[2024-10-11T04:23:14.905+0800][info] GC(539) Using 3 workers of 48 for evacuation
[2024-10-11T04:23:14.906+0800][info] GC(539)   Pre Evacuate Collection Set: 0.1ms
[2024-10-11T04:23:14.906+0800][info] GC(539)   Merge Heap Roots: 0.1ms
[2024-10-11T04:23:14.906+0800][info] GC(539)   Evacuate Collection Set: 1.0ms
[2024-10-11T04:23:14.906+0800][info] GC(539)   Post Evacuate Collection Set: 0.2ms
[2024-10-11T04:23:14.906+0800][info] GC(539)   Other: 0.2ms
[2024-10-11T04:23:14.906+0800][info] GC(539) Eden regions: 2->0(2)
[2024-10-11T04:23:14.906+0800][info] GC(539) Survivor regions: 1->1(1)
[2024-10-11T04:23:14.906+0800][info] GC(539) Old regions: 52->54
[2024-10-11T04:23:14.906+0800][info] GC(539) Archive regions: 2->2
[2024-10-11T04:23:14.906+0800][info] GC(539) Humongous regions: 3->3
[2024-10-11T04:23:14.906+0800][info] GC(539) Metaspace: 1678K(1856K)->1678K(1856K) NonClass: 1553K(1664K)->1553K(1664K) Class: 124K(192K)->124K(192K)
[2024-10-11T04:23:14.906+0800][info] GC(539) Pause Young (Prepare Mixed) (G1 Preventive Collection) 112M->112M(128M) 1.627ms
[2024-10-11T04:23:14.906+0800][info] GC(539) User=0.00s Sys=0.00s Real=0.01s
[2024-10-11T04:23:14.968+0800][info] GC(540) Pause Young (Mixed) (G1 Preventive Collection)
[2024-10-11T04:23:14.968+0800][info] GC(540) Using 3 workers of 48 for evacuation
[2024-10-11T04:23:14.969+0800][info] GC(540) To-space exhausted
[2024-10-11T04:23:14.969+0800][info] GC(540)   Pre Evacuate Collection Set: 0.2ms
[2024-10-11T04:23:14.969+0800][info] GC(540)   Merge Heap Roots: 0.0ms
[2024-10-11T04:23:14.969+0800][info] GC(540)   Evacuate Collection Set: 1.0ms
[2024-10-11T04:23:14.969+0800][info] GC(540)   Post Evacuate Collection Set: 0.2ms
[2024-10-11T04:23:14.970+0800][info] GC(540)   Other: 0.2ms
[2024-10-11T04:23:14.970+0800][info] GC(540) Eden regions: 1->0(2)
[2024-10-11T04:23:14.970+0800][info] GC(540) Survivor regions: 1->1(1)
[2024-10-11T04:23:14.970+0800][info] GC(540) Old regions: 54->53
[2024-10-11T04:23:14.970+0800][info] GC(540) Archive regions: 2->2
[2024-10-11T04:23:14.970+0800][info] GC(540) Humongous regions: 3->3
[2024-10-11T04:23:14.970+0800][info] GC(540) Metaspace: 1678K(1856K)->1678K(1856K) NonClass: 1553K(1664K)->1553K(1664K) Class: 124K(192K)->124K(192K)
[2024-10-11T04:23:14.970+0800][info] GC(540) Pause Young (Mixed) (G1 Preventive Collection) 114M->111M(128M) 1.702ms
[2024-10-11T04:23:14.970+0800][info] GC(540) User=0.00s Sys=0.00s Real=0.00s
[2024-10-11T04:23:15.011+0800][info] GC(541) Pause Young (Mixed) (G1 Preventive Collection)
[2024-10-11T04:23:15.011+0800][info] GC(541) Using 3 workers of 48 for evacuation
[2024-10-11T04:23:15.012+0800][info] GC(541) To-space exhausted
[2024-10-11T04:23:15.012+0800][info] GC(541)   Pre Evacuate Collection Set: 0.2ms
[2024-10-11T04:23:15.012+0800][info] GC(541)   Merge Heap Roots: 0.1ms
[2024-10-11T04:23:15.012+0800][info] GC(541)   Evacuate Collection Set: 1.0ms
[2024-10-11T04:23:15.012+0800][info] GC(541)   Post Evacuate Collection Set: 0.2ms
[2024-10-11T04:23:15.012+0800][info] GC(541)   Other: 0.1ms
[2024-10-11T04:23:15.012+0800][info] GC(541) Eden regions: 1->0(2)
[2024-10-11T04:23:15.012+0800][info] GC(541) Survivor regions: 1->1(1)
[2024-10-11T04:23:15.012+0800][info] GC(541) Old regions: 53->52
[2024-10-11T04:23:15.012+0800][info] GC(541) Archive regions: 2->2
[2024-10-11T04:23:15.012+0800][info] GC(541) Humongous regions: 3->3
[2024-10-11T04:23:15.012+0800][info] GC(541) Metaspace: 1678K(1856K)->1678K(1856K) NonClass: 1553K(1664K)->1553K(1664K) Class: 124K(192K)->124K(192K)
[2024-10-11T04:23:15.012+0800][info] GC(541) Pause Young (Mixed) (G1 Preventive Collection) 113M->109M(128M) 1.719ms
[2024-10-11T04:23:15.012+0800][info] GC(541) User=0.00s Sys=0.00s Real=0.00s
[2024-10-11T04:23:15.074+0800][info] GC(542) Pause Young (Mixed) (G1 Preventive Collection)
[2024-10-11T04:23:15.074+0800][info] GC(542) Using 3 workers of 48 for evacuation
[2024-10-11T04:23:15.076+0800][info] GC(542) To-space exhausted
[2024-10-11T04:23:15.076+0800][info] GC(542)   Pre Evacuate Collection Set: 0.2ms
[2024-10-11T04:23:15.076+0800][info] GC(542)   Merge Heap Roots: 0.1ms
[2024-10-11T04:23:15.076+0800][info] GC(542)   Evacuate Collection Set: 1.4ms
[2024-10-11T04:23:15.076+0800][info] GC(542)   Post Evacuate Collection Set: 0.2ms
[2024-10-11T04:23:15.076+0800][info] GC(542)   Other: 0.1ms
[2024-10-11T04:23:15.076+0800][info] GC(542) Eden regions: 1->0(2)
[2024-10-11T04:23:15.076+0800][info] GC(542) Survivor regions: 1->1(1)
[2024-10-11T04:23:15.076+0800][info] GC(542) Old regions: 52->52
[2024-10-11T04:23:15.076+0800][info] GC(542) Archive regions: 2->2
[2024-10-11T04:23:15.076+0800][info] GC(542) Humongous regions: 3->3
[2024-10-11T04:23:15.076+0800][info] GC(542) Metaspace: 1678K(1856K)->1678K(1856K) NonClass: 1553K(1664K)->1553K(1664K) Class: 124K(192K)->124K(192K)
[2024-10-11T04:23:15.076+0800][info] GC(542) Pause Young (Mixed) (G1 Preventive Collection) 111M->110M(128M) 2.079ms
[2024-10-11T04:23:15.076+0800][info] GC(542) User=0.01s Sys=0.00s Real=0.00s
[2024-10-11T04:23:15.117+0800][info] GC(543) Pause Young (Mixed) (G1 Preventive Collection)
[2024-10-11T04:23:15.117+0800][info] GC(543) Using 3 workers of 48 for evacuation
[2024-10-11T04:23:15.119+0800][info] GC(543) To-space exhausted
[2024-10-11T04:23:15.119+0800][info] GC(543)   Pre Evacuate Collection Set: 0.2ms
[2024-10-11T04:23:15.119+0800][info] GC(543)   Merge Heap Roots: 0.1ms
[2024-10-11T04:23:15.119+0800][info] GC(543)   Evacuate Collection Set: 1.4ms
[2024-10-11T04:23:15.119+0800][info] GC(543)   Post Evacuate Collection Set: 0.3ms
[2024-10-11T04:23:15.119+0800][info] GC(543)   Other: 0.2ms
[2024-10-11T04:23:15.119+0800][info] GC(543) Eden regions: 1->0(2)
[2024-10-11T04:23:15.119+0800][info] GC(543) Survivor regions: 1->1(1)
[2024-10-11T04:23:15.119+0800][info] GC(543) Old regions: 52->56
[2024-10-11T04:23:15.119+0800][info] GC(543) Archive regions: 2->2
[2024-10-11T04:23:15.119+0800][info] GC(543) Humongous regions: 3->3
[2024-10-11T04:23:15.119+0800][info] GC(543) Metaspace: 1678K(1856K)->1678K(1856K) NonClass: 1553K(1664K)->1553K(1664K) Class: 124K(192K)->124K(192K)
[2024-10-11T04:23:15.119+0800][info] GC(543) Pause Young (Mixed) (G1 Preventive Collection) 112M->118M(128M) 2.176ms
[2024-10-11T04:23:15.119+0800][info] GC(543) User=0.00s Sys=0.00s Real=0.00s
[2024-10-11T04:23:15.181+0800][info] GC(544) Pause Young (Mixed) (G1 Preventive Collection)
[2024-10-11T04:23:15.181+0800][info] GC(544) Using 3 workers of 48 for evacuation
[2024-10-11T04:23:15.182+0800][info] GC(544) To-space exhausted
[2024-10-11T04:23:15.182+0800][info] GC(544)   Pre Evacuate Collection Set: 0.2ms
[2024-10-11T04:23:15.182+0800][info] GC(544)   Merge Heap Roots: 0.1ms
[2024-10-11T04:23:15.182+0800][info] GC(544)   Evacuate Collection Set: 0.5ms
[2024-10-11T04:23:15.182+0800][info] GC(544)   Post Evacuate Collection Set: 0.6ms
[2024-10-11T04:23:15.182+0800][info] GC(544)   Other: 0.1ms
[2024-10-11T04:23:15.182+0800][info] GC(544) Eden regions: 1->0(2)
[2024-10-11T04:23:15.182+0800][info] GC(544) Survivor regions: 1->1(1)
[2024-10-11T04:23:15.182+0800][info] GC(544) Old regions: 56->57
[2024-10-11T04:23:15.182+0800][info] GC(544) Archive regions: 2->2
[2024-10-11T04:23:15.182+0800][info] GC(544) Humongous regions: 3->3
[2024-10-11T04:23:15.182+0800][info] GC(544) Metaspace: 1678K(1856K)->1678K(1856K) NonClass: 1553K(1664K)->1553K(1664K) Class: 124K(192K)->124K(192K)
[2024-10-11T04:23:15.182+0800][info] GC(544) Pause Young (Mixed) (G1 Preventive Collection) 120M->120M(128M) 1.603ms
[2024-10-11T04:23:15.182+0800][info] GC(544) User=0.01s Sys=0.00s Real=0.00s
[2024-10-11T04:23:15.223+0800][info] GC(545) Pause Young (Concurrent Start) (G1 Evacuation Pause)
[2024-10-11T04:23:15.223+0800][info] GC(545) Using 3 workers of 48 for evacuation
[2024-10-11T04:23:15.224+0800][info] GC(545) To-space exhausted
[2024-10-11T04:23:15.224+0800][info] GC(545)   Pre Evacuate Collection Set: 0.1ms
[2024-10-11T04:23:15.224+0800][info] GC(545)   Merge Heap Roots: 0.1ms
[2024-10-11T04:23:15.224+0800][info] GC(545)   Evacuate Collection Set: 0.3ms
[2024-10-11T04:23:15.224+0800][info] GC(545)   Post Evacuate Collection Set: 0.2ms
[2024-10-11T04:23:15.224+0800][info] GC(545)   Other: 0.3ms
[2024-10-11T04:23:15.224+0800][info] GC(545) Eden regions: 1->0(3)
[2024-10-11T04:23:15.224+0800][info] GC(545) Survivor regions: 1->0(0)
[2024-10-11T04:23:15.224+0800][info] GC(545) Old regions: 57->59
[2024-10-11T04:23:15.224+0800][info] GC(545) Archive regions: 2->2
[2024-10-11T04:23:15.224+0800][info] GC(545) Humongous regions: 3->3
[2024-10-11T04:23:15.224+0800][info] GC(545) Metaspace: 1678K(1856K)->1678K(1856K) NonClass: 1553K(1664K)->1553K(1664K) Class: 124K(192K)->124K(192K)
[2024-10-11T04:23:15.224+0800][info] GC(545) Pause Young (Concurrent Start) (G1 Evacuation Pause) 121M->121M(128M) 1.061ms
[2024-10-11T04:23:15.224+0800][info] GC(545) User=0.00s Sys=0.00s Real=0.00s
[2024-10-11T04:23:15.225+0800][info] Attempting full compaction
[2024-10-11T04:23:15.225+0800][info] GC(546) Using 3 workers of 48 for full compaction
[2024-10-11T04:23:15.225+0800][info] GC(546) Pause Full (G1 Compaction Pause)
[2024-10-11T04:23:15.225+0800][info] GC(547) Concurrent Mark Cycle
[2024-10-11T04:23:15.225+0800][info] GC(547) Concurrent Clear Claimed Marks
[2024-10-11T04:23:15.225+0800][info] GC(547) Concurrent Clear Claimed Marks 0.017ms
[2024-10-11T04:23:15.225+0800][info] GC(547) Concurrent Scan Root Regions
[2024-10-11T04:23:15.225+0800][info] GC(547) Concurrent Scan Root Regions 0.010ms
[2024-10-11T04:23:15.225+0800][info] GC(547) Concurrent Mark
[2024-10-11T04:23:15.225+0800][info] GC(547) Concurrent Mark From Roots
[2024-10-11T04:23:15.225+0800][info] GC(547) Using 12 workers of 12 for marking
[2024-10-11T04:23:15.225+0800][info] GC(546) Phase 1: Mark live objects
[2024-10-11T04:23:15.228+0800][info] GC(546) Phase 1: Mark live objects 3.372ms
[2024-10-11T04:23:15.228+0800][info] GC(546) Phase 2: Prepare for compaction
[2024-10-11T04:23:15.229+0800][info] GC(546) Phase 2: Prepare for compaction 0.594ms
[2024-10-11T04:23:15.229+0800][info] GC(546) Phase 3: Adjust pointers
[2024-10-11T04:23:15.231+0800][info] GC(546) Phase 3: Adjust pointers 1.681ms
[2024-10-11T04:23:15.231+0800][info] GC(546) Phase 4: Compact heap
[2024-10-11T04:23:15.244+0800][info] GC(546) Phase 4: Compact heap 13.652ms
[2024-10-11T04:23:15.246+0800][info] GC(546) Eden regions: 0->0(4)
[2024-10-11T04:23:15.246+0800][info] GC(546) Survivor regions: 0->0(0)
[2024-10-11T04:23:15.246+0800][info] GC(546) Old regions: 59->38
[2024-10-11T04:23:15.246+0800][info] GC(546) Archive regions: 2->2
[2024-10-11T04:23:15.246+0800][info] GC(546) Humongous regions: 3->3
[2024-10-11T04:23:15.246+0800][info] GC(546) Metaspace: 1678K(1856K)->1678K(1856K) NonClass: 1553K(1664K)->1553K(1664K) Class: 124K(192K)->124K(192K)
[2024-10-11T04:23:15.246+0800][info] GC(546) Pause Full (G1 Compaction Pause) 121M->71M(128M) 21.262ms
[2024-10-11T04:23:15.246+0800][info] GC(546) User=0.04s Sys=0.00s Real=0.03s
[2024-10-11T04:23:15.246+0800][info] GC(547) Concurrent Mark From Roots 21.471ms
[2024-10-11T04:23:15.246+0800][info] GC(547) Concurrent Mark Abort
[2024-10-11T04:23:15.246+0800][info] GC(547) Concurrent Mark Cycle 21.657ms
[2024-10-11T04:23:15.483+0800][info] GC(548) Pause Young (Normal) (G1 Evacuation Pause)
[2024-10-11T04:23:15.483+0800][info] GC(548) Using 3 workers of 48 for evacuation
[2024-10-11T04:23:15.490+0800][info] GC(548)   Pre Evacuate Collection Set: 0.2ms
[2024-10-11T04:23:15.490+0800][info] GC(548)   Merge Heap Roots: 0.1ms
[2024-10-11T04:23:15.490+0800][info] GC(548)   Evacuate Collection Set: 6.1ms
[2024-10-11T04:23:15.490+0800][info] GC(548)   Post Evacuate Collection Set: 0.3ms
[2024-10-11T04:23:15.490+0800][info] GC(548)   Other: 0.3ms
[2024-10-11T04:23:15.490+0800][info] GC(548) Eden regions: 4->0(2)
[2024-10-11T04:23:15.490+0800][info] GC(548) Survivor regions: 0->1(1)
[2024-10-11T04:23:15.490+0800][info] GC(548) Old regions: 38->41
[2024-10-11T04:23:15.490+0800][info] GC(548) Archive regions: 2->2
[2024-10-11T04:23:15.490+0800][info] GC(548) Humongous regions: 3->3
[2024-10-11T04:23:15.490+0800][info] GC(548) Metaspace: 1678K(1856K)->1678K(1856K) NonClass: 1553K(1664K)->1553K(1664K) Class: 124K(192K)->124K(192K)
[2024-10-11T04:23:15.490+0800][info] GC(548) Pause Young (Normal) (G1 Evacuation Pause) 79M->79M(128M) 7.100ms
[2024-10-11T04:23:15.490+0800][info] GC(548) User=0.01s Sys=0.01s Real=0.01s
[2024-10-11T04:23:15.592+0800][info] GC(549) Pause Young (Normal) (G1 Evacuation Pause)
[2024-10-11T04:23:15.592+0800][info] GC(549) Using 3 workers of 48 for evacuation
[2024-10-11T04:23:15.595+0800][info] GC(549)   Pre Evacuate Collection Set: 0.1ms
[2024-10-11T04:23:15.595+0800][info] GC(549)   Merge Heap Roots: 0.0ms
[2024-10-11T04:23:15.595+0800][info] GC(549)   Evacuate Collection Set: 2.7ms
[2024-10-11T04:23:15.595+0800][info] GC(549)   Post Evacuate Collection Set: 0.2ms
[2024-10-11T04:23:15.595+0800][info] GC(549)   Other: 0.2ms
[2024-10-11T04:23:15.595+0800][info] GC(549) Eden regions: 2->0(2)
[2024-10-11T04:23:15.595+0800][info] GC(549) Survivor regions: 1->1(1)
[2024-10-11T04:23:15.595+0800][info] GC(549) Old regions: 41->43
[2024-10-11T04:23:15.595+0800][info] GC(549) Archive regions: 2->2
[2024-10-11T04:23:15.595+0800][info] GC(549) Humongous regions: 3->3
[2024-10-11T04:23:15.595+0800][info] GC(549) Metaspace: 1678K(1856K)->1678K(1856K) NonClass: 1553K(1664K)->1553K(1664K) Class: 124K(192K)->124K(192K)
[2024-10-11T04:23:15.595+0800][info] GC(549) Pause Young (Normal) (G1 Evacuation Pause) 83M->83M(128M) 3.324ms
[2024-10-11T04:23:15.595+0800][info] GC(549) User=0.00s Sys=0.01s Real=0.01s
[2024-10-11T04:23:15.698+0800][info] GC(550) Pause Young (Normal) (G1 Evacuation Pause)
[2024-10-11T04:23:15.698+0800][info] GC(550) Using 3 workers of 48 for evacuation
[2024-10-11T04:23:15.701+0800][info] GC(550)   Pre Evacuate Collection Set: 0.1ms
[2024-10-11T04:23:15.701+0800][info] GC(550)   Merge Heap Roots: 0.0ms
[2024-10-11T04:23:15.701+0800][info] GC(550)   Evacuate Collection Set: 2.7ms
[2024-10-11T04:23:15.701+0800][info] GC(550)   Post Evacuate Collection Set: 0.2ms
[2024-10-11T04:23:15.701+0800][info] GC(550)   Other: 0.2ms
[2024-10-11T04:23:15.701+0800][info] GC(550) Eden regions: 2->0(2)
[2024-10-11T04:23:15.701+0800][info] GC(550) Survivor regions: 1->1(1)
[2024-10-11T04:23:15.701+0800][info] GC(550) Old regions: 43->45
[2024-10-11T04:23:15.701+0800][info] GC(550) Archive regions: 2->2
[2024-10-11T04:23:15.701+0800][info] GC(550) Humongous regions: 3->3
[2024-10-11T04:23:15.701+0800][info] GC(550) Metaspace: 1678K(1856K)->1678K(1856K) NonClass: 1553K(1664K)->1553K(1664K) Class: 124K(192K)->124K(192K)
[2024-10-11T04:23:15.701+0800][info] GC(550) Pause Young (Normal) (G1 Evacuation Pause) 87M->87M(128M) 3.290ms
[2024-10-11T04:23:15.701+0800][info] GC(550) User=0.01s Sys=0.00s Real=0.00s
[2024-10-11T04:23:15.803+0800][info] GC(551) Pause Young (Normal) (G1 Evacuation Pause)
[2024-10-11T04:23:15.803+0800][info] GC(551) Using 3 workers of 48 for evacuation
[2024-10-11T04:23:15.806+0800][info] GC(551)   Pre Evacuate Collection Set: 0.1ms
[2024-10-11T04:23:15.806+0800][info] GC(551)   Merge Heap Roots: 0.1ms
[2024-10-11T04:23:15.806+0800][info] GC(551)   Evacuate Collection Set: 2.3ms
[2024-10-11T04:23:15.806+0800][info] GC(551)   Post Evacuate Collection Set: 0.2ms
[2024-10-11T04:23:15.806+0800][info] GC(551)   Other: 0.2ms
[2024-10-11T04:23:15.806+0800][info] GC(551) Eden regions: 2->0(2)
[2024-10-11T04:23:15.806+0800][info] GC(551) Survivor regions: 1->1(1)
[2024-10-11T04:23:15.806+0800][info] GC(551) Old regions: 45->47
[2024-10-11T04:23:15.806+0800][info] GC(551) Archive regions: 2->2
[2024-10-11T04:23:15.806+0800][info] GC(551) Humongous regions: 3->3
[2024-10-11T04:23:15.806+0800][info] GC(551) Metaspace: 1678K(1856K)->1678K(1856K) NonClass: 1553K(1664K)->1553K(1664K) Class: 124K(192K)->124K(192K)
[2024-10-11T04:23:15.806+0800][info] GC(551) Pause Young (Normal) (G1 Evacuation Pause) 90M->91M(128M) 2.988ms
[2024-10-11T04:23:15.806+0800][info] GC(551) User=0.01s Sys=0.00s Real=0.01s
[2024-10-11T04:23:15.908+0800][info] GC(552) Pause Young (Concurrent Start) (G1 Evacuation Pause)
[2024-10-11T04:23:15.908+0800][info] GC(552) Using 3 workers of 48 for evacuation
[2024-10-11T04:23:15.911+0800][info] GC(552)   Pre Evacuate Collection Set: 0.1ms
[2024-10-11T04:23:15.911+0800][info] GC(552)   Merge Heap Roots: 0.0ms
[2024-10-11T04:23:15.911+0800][info] GC(552)   Evacuate Collection Set: 2.2ms
[2024-10-11T04:23:15.911+0800][info] GC(552)   Post Evacuate Collection Set: 0.2ms
[2024-10-11T04:23:15.911+0800][info] GC(552)   Other: 0.3ms
[2024-10-11T04:23:15.911+0800][info] GC(552) Eden regions: 2->0(2)
[2024-10-11T04:23:15.911+0800][info] GC(552) Survivor regions: 1->1(1)
[2024-10-11T04:23:15.911+0800][info] GC(552) Old regions: 47->49
[2024-10-11T04:23:15.911+0800][info] GC(552) Archive regions: 2->2
[2024-10-11T04:23:15.911+0800][info] GC(552) Humongous regions: 3->3
[2024-10-11T04:23:15.911+0800][info] GC(552) Metaspace: 1678K(1856K)->1678K(1856K) NonClass: 1553K(1664K)->1553K(1664K) Class: 124K(192K)->124K(192K)
[2024-10-11T04:23:15.911+0800][info] GC(552) Pause Young (Concurrent Start) (G1 Evacuation Pause) 95M->95M(128M) 3.022ms
[2024-10-11T04:23:15.911+0800][info] GC(552) User=0.01s Sys=0.00s Real=0.00s
[2024-10-11T04:23:15.912+0800][info] GC(553) Concurrent Mark Cycle
[2024-10-11T04:23:15.912+0800][info] GC(553) Concurrent Clear Claimed Marks
[2024-10-11T04:23:15.912+0800][info] GC(553) Concurrent Clear Claimed Marks 0.027ms
[2024-10-11T04:23:15.912+0800][info] GC(553) Concurrent Scan Root Regions
[2024-10-11T04:23:15.912+0800][info] GC(553) Concurrent Scan Root Regions 0.127ms
[2024-10-11T04:23:15.912+0800][info] GC(553) Concurrent Mark
[2024-10-11T04:23:15.912+0800][info] GC(553) Concurrent Mark From Roots
[2024-10-11T04:23:15.912+0800][info] GC(553) Using 12 workers of 12 for marking
[2024-10-11T04:23:15.916+0800][info] GC(553) Concurrent Mark From Roots 4.412ms
[2024-10-11T04:23:15.916+0800][info] GC(553) Concurrent Preclean
[2024-10-11T04:23:15.918+0800][info] GC(553) Concurrent Preclean 1.697ms
[2024-10-11T04:23:15.918+0800][info] GC(553) Pause Remark
[2024-10-11T04:23:15.920+0800][info] GC(553) Pause Remark 96M->96M(128M) 1.931ms
[2024-10-11T04:23:15.920+0800][info] GC(553) User=0.00s Sys=0.00s Real=0.00s
[2024-10-11T04:23:15.920+0800][info] GC(553) Concurrent Mark 8.336ms
[2024-10-11T04:23:15.920+0800][info] GC(553) Concurrent Rebuild Remembered Sets
[2024-10-11T04:23:15.922+0800][info] GC(553) Concurrent Rebuild Remembered Sets 2.080ms
[2024-10-11T04:23:15.922+0800][info] GC(553) Pause Cleanup
[2024-10-11T04:23:15.923+0800][info] GC(553) Pause Cleanup 96M->96M(128M) 0.253ms
[2024-10-11T04:23:15.923+0800][info] GC(553) User=0.00s Sys=0.00s Real=0.00s
[2024-10-11T04:23:15.923+0800][info] GC(553) Concurrent Cleanup for Next Mark
[2024-10-11T04:23:15.923+0800][info] GC(553) Concurrent Cleanup for Next Mark 0.395ms
[2024-10-11T04:23:15.923+0800][info] GC(553) Concurrent Mark Cycle 11.560ms
[2024-10-11T04:23:16.064+0800][info] GC(554) Pause Young (Prepare Mixed) (G1 Evacuation Pause)
[2024-10-11T04:23:16.064+0800][info] GC(554) Using 3 workers of 48 for evacuation
[2024-10-11T04:23:16.068+0800][info] GC(554)   Pre Evacuate Collection Set: 0.1ms
[2024-10-11T04:23:16.068+0800][info] GC(554)   Merge Heap Roots: 0.1ms
[2024-10-11T04:23:16.068+0800][info] GC(554)   Evacuate Collection Set: 2.6ms
[2024-10-11T04:23:16.068+0800][info] GC(554)   Post Evacuate Collection Set: 0.2ms
[2024-10-11T04:23:16.068+0800][info] GC(554)   Other: 0.2ms
[2024-10-11T04:23:16.068+0800][info] GC(554) Eden regions: 2->0(2)
[2024-10-11T04:23:16.068+0800][info] GC(554) Survivor regions: 1->1(1)
[2024-10-11T04:23:16.068+0800][info] GC(554) Old regions: 49->51
[2024-10-11T04:23:16.068+0800][info] GC(554) Archive regions: 2->2
[2024-10-11T04:23:16.068+0800][info] GC(554) Humongous regions: 3->3
[2024-10-11T04:23:16.068+0800][info] GC(554) Metaspace: 1678K(1856K)->1678K(1856K) NonClass: 1553K(1664K)->1553K(1664K) Class: 124K(192K)->124K(192K)
[2024-10-11T04:23:16.068+0800][info] GC(554) Pause Young (Prepare Mixed) (G1 Evacuation Pause) 99M->99M(128M) 3.341ms
[2024-10-11T04:23:16.068+0800][info] GC(554) User=0.01s Sys=0.00s Real=0.01s
[2024-10-11T04:23:16.170+0800][info] GC(555) Pause Young (Mixed) (G1 Preventive Collection)
[2024-10-11T04:23:16.170+0800][info] GC(555) Using 3 workers of 48 for evacuation
[2024-10-11T04:23:16.176+0800][info] GC(555)   Pre Evacuate Collection Set: 0.2ms
[2024-10-11T04:23:16.176+0800][info] GC(555)   Merge Heap Roots: 0.1ms
[2024-10-11T04:23:16.176+0800][info] GC(555)   Evacuate Collection Set: 4.9ms
[2024-10-11T04:23:16.176+0800][info] GC(555)   Post Evacuate Collection Set: 0.2ms
[2024-10-11T04:23:16.176+0800][info] GC(555)   Other: 0.2ms
[2024-10-11T04:23:16.176+0800][info] GC(555) Eden regions: 2->0(2)
[2024-10-11T04:23:16.176+0800][info] GC(555) Survivor regions: 1->1(1)
[2024-10-11T04:23:16.176+0800][info] GC(555) Old regions: 51->48
[2024-10-11T04:23:16.176+0800][info] GC(555) Archive regions: 2->2
[2024-10-11T04:23:16.176+0800][info] GC(555) Humongous regions: 3->3
[2024-10-11T04:23:16.176+0800][info] GC(555) Metaspace: 1678K(1856K)->1678K(1856K) NonClass: 1553K(1664K)->1553K(1664K) Class: 124K(192K)->124K(192K)
[2024-10-11T04:23:16.176+0800][info] GC(555) Pause Young (Mixed) (G1 Preventive Collection) 102M->96M(128M) 5.602ms
[2024-10-11T04:23:16.176+0800][info] GC(555) User=0.00s Sys=0.02s Real=0.01s
[2024-10-11T04:23:16.278+0800][info] GC(556) Pause Young (Mixed) (G1 Evacuation Pause)
[2024-10-11T04:23:16.278+0800][info] GC(556) Using 3 workers of 48 for evacuation
[2024-10-11T04:23:16.285+0800][info] GC(556)   Pre Evacuate Collection Set: 0.2ms
[2024-10-11T04:23:16.285+0800][info] GC(556)   Merge Heap Roots: 0.1ms
[2024-10-11T04:23:16.285+0800][info] GC(556)   Evacuate Collection Set: 6.7ms
[2024-10-11T04:23:16.285+0800][info] GC(556)   Post Evacuate Collection Set: 0.2ms
[2024-10-11T04:23:16.285+0800][info] GC(556)   Other: 0.1ms
[2024-10-11T04:23:16.285+0800][info] GC(556) Eden regions: 2->0(2)
[2024-10-11T04:23:16.285+0800][info] GC(556) Survivor regions: 1->1(1)
[2024-10-11T04:23:16.285+0800][info] GC(556) Old regions: 48->46
[2024-10-11T04:23:16.285+0800][info] GC(556) Archive regions: 2->2
[2024-10-11T04:23:16.285+0800][info] GC(556) Humongous regions: 3->3
[2024-10-11T04:23:16.285+0800][info] GC(556) Metaspace: 1678K(1856K)->1678K(1856K) NonClass: 1553K(1664K)->1553K(1664K) Class: 124K(192K)->124K(192K)
[2024-10-11T04:23:16.285+0800][info] GC(556) Pause Young (Mixed) (G1 Evacuation Pause) 100M->94M(128M) 7.367ms
[2024-10-11T04:23:16.285+0800][info] GC(556) User=0.01s Sys=0.01s Real=0.01s
[2024-10-11T04:23:16.388+0800][info] GC(557) Pause Young (Mixed) (G1 Evacuation Pause)
[2024-10-11T04:23:16.388+0800][info] GC(557) Using 3 workers of 48 for evacuation
[2024-10-11T04:23:16.395+0800][info] GC(557)   Pre Evacuate Collection Set: 0.2ms
[2024-10-11T04:23:16.395+0800][info] GC(557)   Merge Heap Roots: 0.1ms
[2024-10-11T04:23:16.395+0800][info] GC(557)   Evacuate Collection Set: 6.5ms
[2024-10-11T04:23:16.395+0800][info] GC(557)   Post Evacuate Collection Set: 0.2ms
[2024-10-11T04:23:16.395+0800][info] GC(557)   Other: 0.1ms
[2024-10-11T04:23:16.395+0800][info] GC(557) Eden regions: 2->0(2)
[2024-10-11T04:23:16.395+0800][info] GC(557) Survivor regions: 1->1(1)
[2024-10-11T04:23:16.395+0800][info] GC(557) Old regions: 46->46
[2024-10-11T04:23:16.395+0800][info] GC(557) Archive regions: 2->2
[2024-10-11T04:23:16.395+0800][info] GC(557) Humongous regions: 3->3
[2024-10-11T04:23:16.395+0800][info] GC(557) Metaspace: 1678K(1856K)->1678K(1856K) NonClass: 1553K(1664K)->1553K(1664K) Class: 124K(192K)->124K(192K)
[2024-10-11T04:23:16.395+0800][info] GC(557) Pause Young (Mixed) (G1 Evacuation Pause) 98M->94M(128M) 7.209ms
[2024-10-11T04:23:16.395+0800][info] GC(557) User=0.01s Sys=0.00s Real=0.01s
[2024-10-11T04:23:16.497+0800][info] GC(558) Pause Young (Mixed) (G1 Evacuation Pause)
[2024-10-11T04:23:16.497+0800][info] GC(558) Using 3 workers of 48 for evacuation
[2024-10-11T04:23:16.504+0800][info] GC(558)   Pre Evacuate Collection Set: 0.2ms
[2024-10-11T04:23:16.504+0800][info] GC(558)   Merge Heap Roots: 0.1ms
[2024-10-11T04:23:16.504+0800][info] GC(558)   Evacuate Collection Set: 6.5ms
[2024-10-11T04:23:16.504+0800][info] GC(558)   Post Evacuate Collection Set: 0.2ms
[2024-10-11T04:23:16.504+0800][info] GC(558)   Other: 0.1ms
[2024-10-11T04:23:16.504+0800][info] GC(558) Eden regions: 2->0(2)
[2024-10-11T04:23:16.504+0800][info] GC(558) Survivor regions: 1->1(1)
[2024-10-11T04:23:16.504+0800][info] GC(558) Old regions: 46->46
[2024-10-11T04:23:16.504+0800][info] GC(558) Archive regions: 2->2
[2024-10-11T04:23:16.504+0800][info] GC(558) Humongous regions: 3->3
[2024-10-11T04:23:16.504+0800][info] GC(558) Metaspace: 1678K(1856K)->1678K(1856K) NonClass: 1553K(1664K)->1553K(1664K) Class: 124K(192K)->124K(192K)
[2024-10-11T04:23:16.504+0800][info] GC(558) Pause Young (Mixed) (G1 Evacuation Pause) 98M->96M(128M) 7.203ms
[2024-10-11T04:23:16.504+0800][info] GC(558) User=0.02s Sys=0.00s Real=0.00s
[2024-10-11T04:23:16.607+0800][info] GC(559) Pause Young (Normal) (G1 Evacuation Pause)
[2024-10-11T04:23:16.607+0800][info] GC(559) Using 3 workers of 48 for evacuation
[2024-10-11T04:23:16.609+0800][info] GC(559)   Pre Evacuate Collection Set: 0.1ms
[2024-10-11T04:23:16.609+0800][info] GC(559)   Merge Heap Roots: 0.0ms
[2024-10-11T04:23:16.609+0800][info] GC(559)   Evacuate Collection Set: 1.4ms
[2024-10-11T04:23:16.609+0800][info] GC(559)   Post Evacuate Collection Set: 0.2ms
[2024-10-11T04:23:16.609+0800][info] GC(559)   Other: 0.2ms
[2024-10-11T04:23:16.609+0800][info] GC(559) Eden regions: 2->0(2)
[2024-10-11T04:23:16.609+0800][info] GC(559) Survivor regions: 1->1(1)
[2024-10-11T04:23:16.609+0800][info] GC(559) Old regions: 46->48
[2024-10-11T04:23:16.609+0800][info] GC(559) Archive regions: 2->2
[2024-10-11T04:23:16.609+0800][info] GC(559) Humongous regions: 4->3
[2024-10-11T04:23:16.609+0800][info] GC(559) Metaspace: 1678K(1856K)->1678K(1856K) NonClass: 1553K(1664K)->1553K(1664K) Class: 124K(192K)->124K(192K)
[2024-10-11T04:23:16.609+0800][info] GC(559) Pause Young (Normal) (G1 Evacuation Pause) 102M->100M(128M) 2.037ms
[2024-10-11T04:23:16.609+0800][info] GC(559) User=0.00s Sys=0.00s Real=0.00s
[2024-10-11T04:23:16.711+0800][info] GC(560) Pause Young (Normal) (G1 Evacuation Pause)
[2024-10-11T04:23:16.711+0800][info] GC(560) Using 3 workers of 48 for evacuation
[2024-10-11T04:23:16.714+0800][info] GC(560)   Pre Evacuate Collection Set: 0.1ms
[2024-10-11T04:23:16.714+0800][info] GC(560)   Merge Heap Roots: 0.0ms
[2024-10-11T04:23:16.714+0800][info] GC(560)   Evacuate Collection Set: 1.7ms
[2024-10-11T04:23:16.714+0800][info] GC(560)   Post Evacuate Collection Set: 0.2ms
[2024-10-11T04:23:16.714+0800][info] GC(560)   Other: 0.2ms
[2024-10-11T04:23:16.714+0800][info] GC(560) Eden regions: 2->0(2)
[2024-10-11T04:23:16.714+0800][info] GC(560) Survivor regions: 1->1(1)
[2024-10-11T04:23:16.714+0800][info] GC(560) Old regions: 48->50
[2024-10-11T04:23:16.714+0800][info] GC(560) Archive regions: 2->2
[2024-10-11T04:23:16.714+0800][info] GC(560) Humongous regions: 3->3
[2024-10-11T04:23:16.714+0800][info] GC(560) Metaspace: 1678K(1856K)->1678K(1856K) NonClass: 1553K(1664K)->1553K(1664K) Class: 124K(192K)->124K(192K)
[2024-10-11T04:23:16.714+0800][info] GC(560) Pause Young (Normal) (G1 Evacuation Pause) 103M->104M(128M) 2.304ms
[2024-10-11T04:23:16.714+0800][info] GC(560) User=0.01s Sys=0.00s Real=0.01s
[2024-10-11T04:23:16.816+0800][info] GC(561) Pause Young (Concurrent Start) (G1 Evacuation Pause)
[2024-10-11T04:23:16.816+0800][info] GC(561) Using 3 workers of 48 for evacuation
[2024-10-11T04:23:16.818+0800][info] GC(561)   Pre Evacuate Collection Set: 0.1ms
[2024-10-11T04:23:16.818+0800][info] GC(561)   Merge Heap Roots: 0.0ms
[2024-10-11T04:23:16.818+0800][info] GC(561)   Evacuate Collection Set: 1.7ms
[2024-10-11T04:23:16.818+0800][info] GC(561)   Post Evacuate Collection Set: 0.2ms
[2024-10-11T04:23:16.818+0800][info] GC(561)   Other: 0.3ms
[2024-10-11T04:23:16.818+0800][info] GC(561) Eden regions: 2->0(2)
[2024-10-11T04:23:16.818+0800][info] GC(561) Survivor regions: 1->1(1)
[2024-10-11T04:23:16.818+0800][info] GC(561) Old regions: 50->51
[2024-10-11T04:23:16.818+0800][info] GC(561) Archive regions: 2->2
[2024-10-11T04:23:16.818+0800][info] GC(561) Humongous regions: 3->3
[2024-10-11T04:23:16.818+0800][info] GC(561) Metaspace: 1678K(1856K)->1678K(1856K) NonClass: 1553K(1664K)->1553K(1664K) Class: 124K(192K)->124K(192K)
[2024-10-11T04:23:16.819+0800][info] GC(561) Pause Young (Concurrent Start) (G1 Evacuation Pause) 107M->107M(128M) 2.451ms
[2024-10-11T04:23:16.819+0800][info] GC(561) User=0.00s Sys=0.00s Real=0.00s
[2024-10-11T04:23:16.819+0800][info] GC(562) Concurrent Mark Cycle
[2024-10-11T04:23:16.819+0800][info] GC(562) Concurrent Clear Claimed Marks
[2024-10-11T04:23:16.819+0800][info] GC(562) Concurrent Clear Claimed Marks 0.016ms
[2024-10-11T04:23:16.819+0800][info] GC(562) Concurrent Scan Root Regions
[2024-10-11T04:23:16.819+0800][info] GC(562) Concurrent Scan Root Regions 0.194ms
[2024-10-11T04:23:16.819+0800][info] GC(562) Concurrent Mark
[2024-10-11T04:23:16.819+0800][info] GC(562) Concurrent Mark From Roots
[2024-10-11T04:23:16.819+0800][info] GC(562) Using 12 workers of 12 for marking
[2024-10-11T04:23:16.823+0800][info] GC(562) Concurrent Mark From Roots 4.427ms
[2024-10-11T04:23:16.823+0800][info] GC(562) Concurrent Preclean
[2024-10-11T04:23:16.825+0800][info] GC(562) Concurrent Preclean 1.724ms
[2024-10-11T04:23:16.825+0800][info] GC(562) Pause Remark
[2024-10-11T04:23:16.827+0800][info] GC(562) Pause Remark 108M->108M(128M) 1.457ms
[2024-10-11T04:23:16.827+0800][info] GC(562) User=0.01s Sys=0.00s Real=0.00s
[2024-10-11T04:23:16.827+0800][info] GC(562) Concurrent Mark 7.904ms
[2024-10-11T04:23:16.827+0800][info] GC(562) Concurrent Rebuild Remembered Sets
[2024-10-11T04:23:16.828+0800][info] GC(562) Concurrent Rebuild Remembered Sets 1.625ms
[2024-10-11T04:23:16.829+0800][info] GC(562) Pause Cleanup
[2024-10-11T04:23:16.829+0800][info] GC(562) Pause Cleanup 108M->108M(128M) 0.183ms
[2024-10-11T04:23:16.829+0800][info] GC(562) User=0.00s Sys=0.00s Real=0.00s
[2024-10-11T04:23:16.829+0800][info] GC(562) Concurrent Cleanup for Next Mark
[2024-10-11T04:23:16.829+0800][info] GC(562) Concurrent Cleanup for Next Mark 0.407ms
[2024-10-11T04:23:16.829+0800][info] GC(562) Concurrent Mark Cycle 10.668ms
[2024-10-11T04:23:16.971+0800][info] GC(563) Pause Young (Prepare Mixed) (G1 Evacuation Pause)
[2024-10-11T04:23:16.971+0800][info] GC(563) Using 3 workers of 48 for evacuation
[2024-10-11T04:23:16.974+0800][info] GC(563)   Pre Evacuate Collection Set: 0.1ms
[2024-10-11T04:23:16.974+0800][info] GC(563)   Merge Heap Roots: 0.1ms
[2024-10-11T04:23:16.974+0800][info] GC(563)   Evacuate Collection Set: 1.9ms
[2024-10-11T04:23:16.974+0800][info] GC(563)   Post Evacuate Collection Set: 0.2ms
[2024-10-11T04:23:16.974+0800][info] GC(563)   Other: 0.2ms
[2024-10-11T04:23:16.974+0800][info] GC(563) Eden regions: 2->0(2)
[2024-10-11T04:23:16.974+0800][info] GC(563) Survivor regions: 1->1(1)
[2024-10-11T04:23:16.974+0800][info] GC(563) Old regions: 51->53
[2024-10-11T04:23:16.974+0800][info] GC(563) Archive regions: 2->2
[2024-10-11T04:23:16.974+0800][info] GC(563) Humongous regions: 3->3
[2024-10-11T04:23:16.974+0800][info] GC(563) Metaspace: 1678K(1856K)->1678K(1856K) NonClass: 1553K(1664K)->1553K(1664K) Class: 124K(192K)->124K(192K)
[2024-10-11T04:23:16.974+0800][info] GC(563) Pause Young (Prepare Mixed) (G1 Evacuation Pause) 111M->111M(128M) 2.613ms
[2024-10-11T04:23:16.974+0800][info] GC(563) User=0.00s Sys=0.01s Real=0.01s
[2024-10-11T04:23:17.036+0800][info] GC(564) Pause Young (Mixed) (G1 Preventive Collection)
[2024-10-11T04:23:17.036+0800][info] GC(564) Using 3 workers of 48 for evacuation
[2024-10-11T04:23:17.037+0800][info] GC(564) To-space exhausted
[2024-10-11T04:23:17.037+0800][info] GC(564)   Pre Evacuate Collection Set: 0.2ms
[2024-10-11T04:23:17.037+0800][info] GC(564)   Merge Heap Roots: 0.0ms
[2024-10-11T04:23:17.037+0800][info] GC(564)   Evacuate Collection Set: 1.0ms
[2024-10-11T04:23:17.037+0800][info] GC(564)   Post Evacuate Collection Set: 0.2ms
[2024-10-11T04:23:17.037+0800][info] GC(564)   Other: 0.2ms
[2024-10-11T04:23:17.037+0800][info] GC(564) Eden regions: 1->0(2)
[2024-10-11T04:23:17.037+0800][info] GC(564) Survivor regions: 1->1(1)
[2024-10-11T04:23:17.037+0800][info] GC(564) Old regions: 53->50
[2024-10-11T04:23:17.037+0800][info] GC(564) Archive regions: 2->2
[2024-10-11T04:23:17.037+0800][info] GC(564) Humongous regions: 3->3
[2024-10-11T04:23:17.037+0800][info] GC(564) Metaspace: 1678K(1856K)->1678K(1856K) NonClass: 1553K(1664K)->1553K(1664K) Class: 124K(192K)->124K(192K)
[2024-10-11T04:23:17.037+0800][info] GC(564) Pause Young (Mixed) (G1 Preventive Collection) 113M->105M(128M) 1.726ms
[2024-10-11T04:23:17.037+0800][info] GC(564) User=0.00s Sys=0.00s Real=0.00s
[2024-10-11T04:23:17.140+0800][info] GC(565) Pause Young (Mixed) (G1 Preventive Collection)
[2024-10-11T04:23:17.140+0800][info] GC(565) Using 3 workers of 48 for evacuation
[2024-10-11T04:23:17.145+0800][info] GC(565) To-space exhausted
[2024-10-11T04:23:17.145+0800][info] GC(565)   Pre Evacuate Collection Set: 0.2ms
[2024-10-11T04:23:17.145+0800][info] GC(565)   Merge Heap Roots: 0.1ms
[2024-10-11T04:23:17.145+0800][info] GC(565)   Evacuate Collection Set: 4.4ms
[2024-10-11T04:23:17.145+0800][info] GC(565)   Post Evacuate Collection Set: 0.2ms
[2024-10-11T04:23:17.145+0800][info] GC(565)   Other: 0.1ms
[2024-10-11T04:23:17.145+0800][info] GC(565) Eden regions: 2->0(2)
[2024-10-11T04:23:17.145+0800][info] GC(565) Survivor regions: 1->1(1)
[2024-10-11T04:23:17.145+0800][info] GC(565) Old regions: 50->50
[2024-10-11T04:23:17.145+0800][info] GC(565) Archive regions: 2->2
[2024-10-11T04:23:17.145+0800][info] GC(565) Humongous regions: 3->3
[2024-10-11T04:23:17.145+0800][info] GC(565) Metaspace: 1678K(1856K)->1678K(1856K) NonClass: 1553K(1664K)->1553K(1664K) Class: 124K(192K)->124K(192K)
[2024-10-11T04:23:17.145+0800][info] GC(565) Pause Young (Mixed) (G1 Preventive Collection) 109M->106M(128M) 5.124ms
[2024-10-11T04:23:17.145+0800][info] GC(565) User=0.01s Sys=0.00s Real=0.00s
[2024-10-11T04:23:17.247+0800][info] GC(566) Pause Young (Mixed) (G1 Preventive Collection)
[2024-10-11T04:23:17.247+0800][info] GC(566) Using 3 workers of 48 for evacuation
[2024-10-11T04:23:17.251+0800][info] GC(566) To-space exhausted
[2024-10-11T04:23:17.251+0800][info] GC(566)   Pre Evacuate Collection Set: 0.2ms
[2024-10-11T04:23:17.251+0800][info] GC(566)   Merge Heap Roots: 0.1ms
[2024-10-11T04:23:17.251+0800][info] GC(566)   Evacuate Collection Set: 2.7ms
[2024-10-11T04:23:17.251+0800][info] GC(566)   Post Evacuate Collection Set: 0.4ms
[2024-10-11T04:23:17.251+0800][info] GC(566)   Other: 0.1ms
[2024-10-11T04:23:17.251+0800][info] GC(566) Eden regions: 2->0(2)
[2024-10-11T04:23:17.251+0800][info] GC(566) Survivor regions: 1->1(1)
[2024-10-11T04:23:17.251+0800][info] GC(566) Old regions: 50->53
[2024-10-11T04:23:17.251+0800][info] GC(566) Archive regions: 2->2
[2024-10-11T04:23:17.251+0800][info] GC(566) Humongous regions: 3->3
[2024-10-11T04:23:17.251+0800][info] GC(566) Metaspace: 1678K(1856K)->1678K(1856K) NonClass: 1553K(1664K)->1553K(1664K) Class: 124K(192K)->124K(192K)
[2024-10-11T04:23:17.251+0800][info] GC(566) Pause Young (Mixed) (G1 Preventive Collection) 109M->112M(128M) 3.514ms
[2024-10-11T04:23:17.251+0800][info] GC(566) User=0.00s Sys=0.00s Real=0.00s
[2024-10-11T04:23:17.313+0800][info] GC(567) Pause Young (Mixed) (G1 Preventive Collection)
[2024-10-11T04:23:17.313+0800][info] GC(567) Using 3 workers of 48 for evacuation
[2024-10-11T04:23:17.315+0800][info] GC(567) To-space exhausted
[2024-10-11T04:23:17.315+0800][info] GC(567)   Pre Evacuate Collection Set: 0.2ms
[2024-10-11T04:23:17.315+0800][info] GC(567)   Merge Heap Roots: 0.1ms
[2024-10-11T04:23:17.315+0800][info] GC(567)   Evacuate Collection Set: 1.5ms
[2024-10-11T04:23:17.315+0800][info] GC(567)   Post Evacuate Collection Set: 0.3ms
[2024-10-11T04:23:17.315+0800][info] GC(567)   Other: 0.2ms
[2024-10-11T04:23:17.315+0800][info] GC(567) Eden regions: 1->0(2)
[2024-10-11T04:23:17.315+0800][info] GC(567) Survivor regions: 1->1(1)
[2024-10-11T04:23:17.315+0800][info] GC(567) Old regions: 53->56
[2024-10-11T04:23:17.315+0800][info] GC(567) Archive regions: 2->2
[2024-10-11T04:23:17.315+0800][info] GC(567) Humongous regions: 3->3
[2024-10-11T04:23:17.315+0800][info] GC(567) Metaspace: 1678K(1856K)->1678K(1856K) NonClass: 1553K(1664K)->1553K(1664K) Class: 124K(192K)->124K(192K)
[2024-10-11T04:23:17.315+0800][info] GC(567) Pause Young (Mixed) (G1 Preventive Collection) 113M->117M(128M) 2.243ms
[2024-10-11T04:23:17.315+0800][info] GC(567) User=0.01s Sys=0.00s Real=0.01s
[2024-10-11T04:23:17.356+0800][info] GC(568) Pause Young (Mixed) (G1 Preventive Collection)
[2024-10-11T04:23:17.356+0800][info] GC(568) Using 3 workers of 48 for evacuation
[2024-10-11T04:23:17.357+0800][info] GC(568) To-space exhausted
[2024-10-11T04:23:17.357+0800][info] GC(568)   Pre Evacuate Collection Set: 0.2ms
[2024-10-11T04:23:17.357+0800][info] GC(568)   Merge Heap Roots: 0.1ms
[2024-10-11T04:23:17.357+0800][info] GC(568)   Evacuate Collection Set: 0.5ms
[2024-10-11T04:23:17.357+0800][info] GC(568)   Post Evacuate Collection Set: 0.2ms
[2024-10-11T04:23:17.357+0800][info] GC(568)   Other: 0.1ms
[2024-10-11T04:23:17.357+0800][info] GC(568) Eden regions: 1->0(2)
[2024-10-11T04:23:17.357+0800][info] GC(568) Survivor regions: 1->1(1)
[2024-10-11T04:23:17.357+0800][info] GC(568) Old regions: 56->57
[2024-10-11T04:23:17.357+0800][info] GC(568) Archive regions: 2->2
[2024-10-11T04:23:17.357+0800][info] GC(568) Humongous regions: 3->3
[2024-10-11T04:23:17.357+0800][info] GC(568) Metaspace: 1678K(1856K)->1678K(1856K) NonClass: 1553K(1664K)->1553K(1664K) Class: 124K(192K)->124K(192K)
[2024-10-11T04:23:17.357+0800][info] GC(568) Pause Young (Mixed) (G1 Preventive Collection) 119M->119M(128M) 1.193ms
[2024-10-11T04:23:17.357+0800][info] GC(568) User=0.00s Sys=0.00s Real=0.00s
[2024-10-11T04:23:17.419+0800][info] GC(569) Pause Young (Concurrent Start) (G1 Evacuation Pause)
[2024-10-11T04:23:17.419+0800][info] GC(569) Using 3 workers of 48 for evacuation
[2024-10-11T04:23:17.420+0800][info] GC(569) To-space exhausted
[2024-10-11T04:23:17.420+0800][info] GC(569)   Pre Evacuate Collection Set: 0.1ms
[2024-10-11T04:23:17.420+0800][info] GC(569)   Merge Heap Roots: 0.1ms
[2024-10-11T04:23:17.420+0800][info] GC(569)   Evacuate Collection Set: 0.3ms
[2024-10-11T04:23:17.420+0800][info] GC(569)   Post Evacuate Collection Set: 0.2ms
[2024-10-11T04:23:17.420+0800][info] GC(569)   Other: 0.3ms
[2024-10-11T04:23:17.420+0800][info] GC(569) Eden regions: 1->0(3)
[2024-10-11T04:23:17.420+0800][info] GC(569) Survivor regions: 1->0(0)
[2024-10-11T04:23:17.420+0800][info] GC(569) Old regions: 57->59
[2024-10-11T04:23:17.420+0800][info] GC(569) Archive regions: 2->2
[2024-10-11T04:23:17.420+0800][info] GC(569) Humongous regions: 3->3
[2024-10-11T04:23:17.420+0800][info] GC(569) Metaspace: 1685K(1856K)->1685K(1856K) NonClass: 1561K(1664K)->1561K(1664K) Class: 124K(192K)->124K(192K)
[2024-10-11T04:23:17.420+0800][info] GC(569) Pause Young (Concurrent Start) (G1 Evacuation Pause) 121M->121M(128M) 1.107ms
[2024-10-11T04:23:17.420+0800][info] GC(569) User=0.01s Sys=0.00s Real=0.00s
[2024-10-11T04:23:17.420+0800][info] Attempting full compaction
[2024-10-11T04:23:17.420+0800][info] GC(570) Using 3 workers of 48 for full compaction
[2024-10-11T04:23:17.420+0800][info] GC(571) Concurrent Mark Cycle
[2024-10-11T04:23:17.420+0800][info] GC(571) Concurrent Clear Claimed Marks
[2024-10-11T04:23:17.420+0800][info] GC(571) Concurrent Clear Claimed Marks 0.017ms
[2024-10-11T04:23:17.420+0800][info] GC(571) Concurrent Scan Root Regions
[2024-10-11T04:23:17.420+0800][info] GC(571) Concurrent Scan Root Regions 0.016ms
[2024-10-11T04:23:17.420+0800][info] GC(571) Concurrent Mark
[2024-10-11T04:23:17.420+0800][info] GC(571) Concurrent Mark From Roots
[2024-10-11T04:23:17.420+0800][info] GC(571) Using 12 workers of 12 for marking
[2024-10-11T04:23:17.420+0800][info] GC(570) Pause Full (G1 Compaction Pause)
[2024-10-11T04:23:17.421+0800][info] GC(570) Phase 1: Mark live objects
[2024-10-11T04:23:17.424+0800][info] GC(570) Phase 1: Mark live objects 3.371ms
[2024-10-11T04:23:17.424+0800][info] GC(570) Phase 2: Prepare for compaction
[2024-10-11T04:23:17.425+0800][info] GC(570) Phase 2: Prepare for compaction 0.595ms
[2024-10-11T04:23:17.425+0800][info] GC(570) Phase 3: Adjust pointers
[2024-10-11T04:23:17.427+0800][info] GC(570) Phase 3: Adjust pointers 1.694ms
[2024-10-11T04:23:17.427+0800][info] GC(570) Phase 4: Compact heap
[2024-10-11T04:23:17.446+0800][info] GC(570) Phase 4: Compact heap 18.976ms
[2024-10-11T04:23:17.447+0800][info] GC(570) Eden regions: 0->0(4)
[2024-10-11T04:23:17.447+0800][info] GC(570) Survivor regions: 0->0(0)
[2024-10-11T04:23:17.447+0800][info] GC(570) Old regions: 59->39
[2024-10-11T04:23:17.447+0800][info] GC(570) Archive regions: 2->2
[2024-10-11T04:23:17.447+0800][info] GC(570) Humongous regions: 3->3
[2024-10-11T04:23:17.447+0800][info] GC(570) Metaspace: 1685K(1856K)->1685K(1856K) NonClass: 1561K(1664K)->1561K(1664K) Class: 124K(192K)->124K(192K)
[2024-10-11T04:23:17.447+0800][info] GC(570) Pause Full (G1 Compaction Pause) 121M->72M(128M) 26.732ms
[2024-10-11T04:23:17.447+0800][info] GC(570) User=0.04s Sys=0.01s Real=0.03s
[2024-10-11T04:23:17.447+0800][info] GC(571) Concurrent Mark From Roots 27.030ms
[2024-10-11T04:23:17.447+0800][info] GC(571) Concurrent Mark Abort
[2024-10-11T04:23:17.447+0800][info] GC(571) Concurrent Mark Cycle 27.231ms
[2024-10-11T04:23:17.652+0800][info] GC(572) Pause Young (Normal) (G1 Evacuation Pause)
[2024-10-11T04:23:17.652+0800][info] GC(572) Using 3 workers of 48 for evacuation
[2024-10-11T04:23:17.654+0800][info] GC(572)   Pre Evacuate Collection Set: 0.1ms
[2024-10-11T04:23:17.654+0800][info] GC(572)   Merge Heap Roots: 0.0ms
[2024-10-11T04:23:17.654+0800][info] GC(572)   Evacuate Collection Set: 1.1ms
[2024-10-11T04:23:17.654+0800][info] GC(572)   Post Evacuate Collection Set: 0.2ms
[2024-10-11T04:23:17.654+0800][info] GC(572)   Other: 0.3ms
[2024-10-11T04:23:17.654+0800][info] GC(572) Eden regions: 4->0(2)
[2024-10-11T04:23:17.654+0800][info] GC(572) Survivor regions: 0->1(1)
[2024-10-11T04:23:17.654+0800][info] GC(572) Old regions: 39->42
[2024-10-11T04:23:17.654+0800][info] GC(572) Archive regions: 2->2
[2024-10-11T04:23:17.654+0800][info] GC(572) Humongous regions: 3->3
[2024-10-11T04:23:17.654+0800][info] GC(572) Metaspace: 1685K(1856K)->1685K(1856K) NonClass: 1561K(1664K)->1561K(1664K) Class: 124K(192K)->124K(192K)
[2024-10-11T04:23:17.654+0800][info] GC(572) Pause Young (Normal) (G1 Evacuation Pause) 79M->80M(128M) 1.813ms
[2024-10-11T04:23:17.654+0800][info] GC(572) User=0.00s Sys=0.00s Real=0.01s
[2024-10-11T04:23:17.756+0800][info] GC(573) Pause Young (Normal) (G1 Evacuation Pause)
[2024-10-11T04:23:17.756+0800][info] GC(573) Using 3 workers of 48 for evacuation
[2024-10-11T04:23:17.757+0800][info] GC(573)   Pre Evacuate Collection Set: 0.1ms
[2024-10-11T04:23:17.757+0800][info] GC(573)   Merge Heap Roots: 0.0ms
[2024-10-11T04:23:17.757+0800][info] GC(573)   Evacuate Collection Set: 0.8ms
[2024-10-11T04:23:17.757+0800][info] GC(573)   Post Evacuate Collection Set: 0.2ms
[2024-10-11T04:23:17.757+0800][info] GC(573)   Other: 0.2ms
[2024-10-11T04:23:17.757+0800][info] GC(573) Eden regions: 2->0(2)
[2024-10-11T04:23:17.757+0800][info] GC(573) Survivor regions: 1->1(1)
[2024-10-11T04:23:17.757+0800][info] GC(573) Old regions: 42->44
[2024-10-11T04:23:17.757+0800][info] GC(573) Archive regions: 2->2
[2024-10-11T04:23:17.757+0800][info] GC(573) Humongous regions: 3->3
[2024-10-11T04:23:17.757+0800][info] GC(573) Metaspace: 1685K(1856K)->1685K(1856K) NonClass: 1561K(1664K)->1561K(1664K) Class: 124K(192K)->124K(192K)
[2024-10-11T04:23:17.757+0800][info] GC(573) Pause Young (Normal) (G1 Evacuation Pause) 83M->83M(128M) 1.496ms
[2024-10-11T04:23:17.757+0800][info] GC(573) User=0.00s Sys=0.00s Real=0.00s
[2024-10-11T04:23:17.860+0800][info] GC(574) Pause Young (Normal) (G1 Evacuation Pause)
[2024-10-11T04:23:17.860+0800][info] GC(574) Using 3 workers of 48 for evacuation
[2024-10-11T04:23:17.861+0800][info] GC(574)   Pre Evacuate Collection Set: 0.1ms
[2024-10-11T04:23:17.861+0800][info] GC(574)   Merge Heap Roots: 0.0ms
[2024-10-11T04:23:17.861+0800][info] GC(574)   Evacuate Collection Set: 0.8ms
[2024-10-11T04:23:17.861+0800][info] GC(574)   Post Evacuate Collection Set: 0.2ms
[2024-10-11T04:23:17.861+0800][info] GC(574)   Other: 0.2ms
[2024-10-11T04:23:17.861+0800][info] GC(574) Eden regions: 2->0(2)
[2024-10-11T04:23:17.861+0800][info] GC(574) Survivor regions: 1->1(1)
[2024-10-11T04:23:17.861+0800][info] GC(574) Old regions: 44->46
[2024-10-11T04:23:17.861+0800][info] GC(574) Archive regions: 2->2
[2024-10-11T04:23:17.861+0800][info] GC(574) Humongous regions: 3->3
[2024-10-11T04:23:17.861+0800][info] GC(574) Metaspace: 1685K(1856K)->1685K(1856K) NonClass: 1561K(1664K)->1561K(1664K) Class: 124K(192K)->124K(192K)
[2024-10-11T04:23:17.861+0800][info] GC(574) Pause Young (Normal) (G1 Evacuation Pause) 87M->88M(128M) 1.420ms
[2024-10-11T04:23:17.861+0800][info] GC(574) User=0.01s Sys=0.00s Real=0.00s
[2024-10-11T04:23:17.963+0800][info] GC(575) Pause Young (Normal) (G1 Evacuation Pause)
[2024-10-11T04:23:17.963+0800][info] GC(575) Using 3 workers of 48 for evacuation
[2024-10-11T04:23:17.964+0800][info] GC(575)   Pre Evacuate Collection Set: 0.1ms
[2024-10-11T04:23:17.964+0800][info] GC(575)   Merge Heap Roots: 0.0ms
[2024-10-11T04:23:17.964+0800][info] GC(575)   Evacuate Collection Set: 0.7ms
[2024-10-11T04:23:17.964+0800][info] GC(575)   Post Evacuate Collection Set: 0.2ms
[2024-10-11T04:23:17.964+0800][info] GC(575)   Other: 0.2ms
[2024-10-11T04:23:17.964+0800][info] GC(575) Eden regions: 2->0(2)
[2024-10-11T04:23:17.964+0800][info] GC(575) Survivor regions: 1->1(1)
[2024-10-11T04:23:17.964+0800][info] GC(575) Old regions: 46->48
[2024-10-11T04:23:17.964+0800][info] GC(575) Archive regions: 2->2
[2024-10-11T04:23:17.964+0800][info] GC(575) Humongous regions: 3->3
[2024-10-11T04:23:17.964+0800][info] GC(575) Metaspace: 1685K(1856K)->1685K(1856K) NonClass: 1561K(1664K)->1561K(1664K) Class: 124K(192K)->124K(192K)
[2024-10-11T04:23:17.964+0800][info] GC(575) Pause Young (Normal) (G1 Evacuation Pause) 91M->91M(128M) 1.295ms
[2024-10-11T04:23:17.964+0800][info] GC(575) User=0.00s Sys=0.00s Real=0.00s
[2024-10-11T04:23:18.067+0800][info] GC(576) Pause Young (Concurrent Start) (G1 Evacuation Pause)
[2024-10-11T04:23:18.067+0800][info] GC(576) Using 3 workers of 48 for evacuation
[2024-10-11T04:23:18.068+0800][info] GC(576)   Pre Evacuate Collection Set: 0.1ms
[2024-10-11T04:23:18.068+0800][info] GC(576)   Merge Heap Roots: 0.0ms
[2024-10-11T04:23:18.068+0800][info] GC(576)   Evacuate Collection Set: 0.9ms
[2024-10-11T04:23:18.068+0800][info] GC(576)   Post Evacuate Collection Set: 0.2ms
[2024-10-11T04:23:18.068+0800][info] GC(576)   Other: 0.3ms
[2024-10-11T04:23:18.068+0800][info] GC(576) Eden regions: 2->0(2)
[2024-10-11T04:23:18.068+0800][info] GC(576) Survivor regions: 1->1(1)
[2024-10-11T04:23:18.068+0800][info] GC(576) Old regions: 48->50
[2024-10-11T04:23:18.068+0800][info] GC(576) Archive regions: 2->2
[2024-10-11T04:23:18.068+0800][info] GC(576) Humongous regions: 3->3
[2024-10-11T04:23:18.068+0800][info] GC(576) Metaspace: 1685K(1856K)->1685K(1856K) NonClass: 1561K(1664K)->1561K(1664K) Class: 124K(192K)->124K(192K)
[2024-10-11T04:23:18.068+0800][info] GC(576) Pause Young (Concurrent Start) (G1 Evacuation Pause) 95M->96M(128M) 1.653ms
[2024-10-11T04:23:18.068+0800][info] GC(576) User=0.00s Sys=0.00s Real=0.00s
[2024-10-11T04:23:18.068+0800][info] GC(577) Concurrent Mark Cycle
[2024-10-11T04:23:18.068+0800][info] GC(577) Concurrent Clear Claimed Marks
[2024-10-11T04:23:18.068+0800][info] GC(577) Concurrent Clear Claimed Marks 0.017ms
[2024-10-11T04:23:18.068+0800][info] GC(577) Concurrent Scan Root Regions
[2024-10-11T04:23:18.069+0800][info] GC(577) Concurrent Scan Root Regions 0.096ms
[2024-10-11T04:23:18.069+0800][info] GC(577) Concurrent Mark
[2024-10-11T04:23:18.069+0800][info] GC(577) Concurrent Mark From Roots
[2024-10-11T04:23:18.069+0800][info] GC(577) Using 12 workers of 12 for marking
[2024-10-11T04:23:18.072+0800][info] GC(577) Concurrent Mark From Roots 3.452ms
[2024-10-11T04:23:18.072+0800][info] GC(577) Concurrent Preclean
[2024-10-11T04:23:18.074+0800][info] GC(577) Concurrent Preclean 1.704ms
[2024-10-11T04:23:18.074+0800][info] GC(577) Pause Remark
[2024-10-11T04:23:18.075+0800][info] GC(577) Pause Remark 96M->96M(128M) 1.487ms
[2024-10-11T04:23:18.075+0800][info] GC(577) User=0.00s Sys=0.00s Real=0.00s
[2024-10-11T04:23:18.076+0800][info] GC(577) Concurrent Mark 6.956ms
[2024-10-11T04:23:18.076+0800][info] GC(577) Concurrent Rebuild Remembered Sets
[2024-10-11T04:23:18.077+0800][info] GC(577) Concurrent Rebuild Remembered Sets 1.643ms
[2024-10-11T04:23:18.077+0800][info] GC(577) Pause Cleanup
[2024-10-11T04:23:18.078+0800][info] GC(577) Pause Cleanup 96M->96M(128M) 0.190ms
[2024-10-11T04:23:18.078+0800][info] GC(577) User=0.00s Sys=0.00s Real=0.00s
[2024-10-11T04:23:18.078+0800][info] GC(577) Concurrent Cleanup for Next Mark
[2024-10-11T04:23:18.078+0800][info] GC(577) Concurrent Cleanup for Next Mark 0.357ms
[2024-10-11T04:23:18.078+0800][info] GC(577) Concurrent Mark Cycle 9.598ms
[2024-10-11T04:23:18.221+0800][info] GC(578) Pause Young (Prepare Mixed) (G1 Evacuation Pause)
[2024-10-11T04:23:18.221+0800][info] GC(578) Using 3 workers of 48 for evacuation
[2024-10-11T04:23:18.223+0800][info] GC(578)   Pre Evacuate Collection Set: 0.1ms
[2024-10-11T04:23:18.223+0800][info] GC(578)   Merge Heap Roots: 0.1ms
[2024-10-11T04:23:18.223+0800][info] GC(578)   Evacuate Collection Set: 0.8ms
[2024-10-11T04:23:18.223+0800][info] GC(578)   Post Evacuate Collection Set: 0.2ms
[2024-10-11T04:23:18.223+0800][info] GC(578)   Other: 0.2ms
[2024-10-11T04:23:18.223+0800][info] GC(578) Eden regions: 2->0(2)
[2024-10-11T04:23:18.223+0800][info] GC(578) Survivor regions: 1->1(1)
[2024-10-11T04:23:18.223+0800][info] GC(578) Old regions: 50->52
[2024-10-11T04:23:18.223+0800][info] GC(578) Archive regions: 2->2
[2024-10-11T04:23:18.223+0800][info] GC(578) Humongous regions: 3->3
[2024-10-11T04:23:18.223+0800][info] GC(578) Metaspace: 1685K(1856K)->1685K(1856K) NonClass: 1561K(1664K)->1561K(1664K) Class: 124K(192K)->124K(192K)
[2024-10-11T04:23:18.223+0800][info] GC(578) Pause Young (Prepare Mixed) (G1 Evacuation Pause) 99M->99M(128M) 1.434ms
[2024-10-11T04:23:18.223+0800][info] GC(578) User=0.00s Sys=0.00s Real=0.00s
[2024-10-11T04:23:18.325+0800][info] GC(579) Pause Young (Mixed) (G1 Preventive Collection)
[2024-10-11T04:23:18.325+0800][info] GC(579) Using 3 workers of 48 for evacuation
[2024-10-11T04:23:18.327+0800][info] GC(579) To-space exhausted
[2024-10-11T04:23:18.327+0800][info] GC(579)   Pre Evacuate Collection Set: 0.2ms
[2024-10-11T04:23:18.327+0800][info] GC(579)   Merge Heap Roots: 0.1ms
[2024-10-11T04:23:18.327+0800][info] GC(579)   Evacuate Collection Set: 1.0ms
[2024-10-11T04:23:18.327+0800][info] GC(579)   Post Evacuate Collection Set: 0.2ms
[2024-10-11T04:23:18.327+0800][info] GC(579)   Other: 0.3ms
[2024-10-11T04:23:18.327+0800][info] GC(579) Eden regions: 2->0(2)
[2024-10-11T04:23:18.327+0800][info] GC(579) Survivor regions: 1->1(1)
[2024-10-11T04:23:18.327+0800][info] GC(579) Old regions: 52->53
[2024-10-11T04:23:18.327+0800][info] GC(579) Archive regions: 2->2
[2024-10-11T04:23:18.327+0800][info] GC(579) Humongous regions: 3->3
[2024-10-11T04:23:18.327+0800][info] GC(579) Metaspace: 1685K(1856K)->1685K(1856K) NonClass: 1561K(1664K)->1561K(1664K) Class: 124K(192K)->124K(192K)
[2024-10-11T04:23:18.327+0800][info] GC(579) Pause Young (Mixed) (G1 Preventive Collection) 103M->104M(128M) 1.872ms
[2024-10-11T04:23:18.327+0800][info] GC(579) User=0.00s Sys=0.01s Real=0.01s
[2024-10-11T04:23:18.388+0800][info] GC(580) Pause Young (Mixed) (G1 Preventive Collection)
[2024-10-11T04:23:18.388+0800][info] GC(580) Using 3 workers of 48 for evacuation
[2024-10-11T04:23:18.390+0800][info] GC(580) To-space exhausted
[2024-10-11T04:23:18.390+0800][info] GC(580)   Pre Evacuate Collection Set: 0.2ms
[2024-10-11T04:23:18.390+0800][info] GC(580)   Merge Heap Roots: 0.1ms
[2024-10-11T04:23:18.390+0800][info] GC(580)   Evacuate Collection Set: 1.5ms
[2024-10-11T04:23:18.390+0800][info] GC(580)   Post Evacuate Collection Set: 0.3ms
[2024-10-11T04:23:18.390+0800][info] GC(580)   Other: 0.1ms
[2024-10-11T04:23:18.390+0800][info] GC(580) Eden regions: 1->0(2)
[2024-10-11T04:23:18.390+0800][info] GC(580) Survivor regions: 1->1(1)
[2024-10-11T04:23:18.390+0800][info] GC(580) Old regions: 53->57
[2024-10-11T04:23:18.390+0800][info] GC(580) Archive regions: 2->2
[2024-10-11T04:23:18.391+0800][info] GC(580) Humongous regions: 3->3
[2024-10-11T04:23:18.391+0800][info] GC(580) Metaspace: 1685K(1856K)->1685K(1856K) NonClass: 1561K(1664K)->1561K(1664K) Class: 124K(192K)->124K(192K)
[2024-10-11T04:23:18.391+0800][info] GC(580) Pause Young (Mixed) (G1 Preventive Collection) 106M->112M(128M) 2.277ms
[2024-10-11T04:23:18.391+0800][info] GC(580) User=0.00s Sys=0.00s Real=0.00s
[2024-10-11T04:23:18.432+0800][info] GC(581) Pause Young (Mixed) (G1 Evacuation Pause)
[2024-10-11T04:23:18.432+0800][info] GC(581) Using 3 workers of 48 for evacuation
[2024-10-11T04:23:18.433+0800][info] GC(581) To-space exhausted
[2024-10-11T04:23:18.433+0800][info] GC(581)   Pre Evacuate Collection Set: 0.2ms
[2024-10-11T04:23:18.433+0800][info] GC(581)   Merge Heap Roots: 0.1ms
[2024-10-11T04:23:18.433+0800][info] GC(581)   Evacuate Collection Set: 0.6ms
[2024-10-11T04:23:18.433+0800][info] GC(581)   Post Evacuate Collection Set: 0.8ms
[2024-10-11T04:23:18.433+0800][info] GC(581)   Other: 0.1ms
[2024-10-11T04:23:18.433+0800][info] GC(581) Eden regions: 1->0(3)
[2024-10-11T04:23:18.433+0800][info] GC(581) Survivor regions: 1->0(0)
[2024-10-11T04:23:18.433+0800][info] GC(581) Old regions: 57->59
[2024-10-11T04:23:18.433+0800][info] GC(581) Archive regions: 2->2
[2024-10-11T04:23:18.433+0800][info] GC(581) Humongous regions: 3->3
[2024-10-11T04:23:18.433+0800][info] GC(581) Metaspace: 1685K(1856K)->1685K(1856K) NonClass: 1561K(1664K)->1561K(1664K) Class: 124K(192K)->124K(192K)
[2024-10-11T04:23:18.433+0800][info] GC(581) Pause Young (Mixed) (G1 Evacuation Pause) 113M->113M(128M) 1.847ms
[2024-10-11T04:23:18.433+0800][info] GC(581) User=0.00s Sys=0.00s Real=0.01s
[2024-10-11T04:23:18.433+0800][info] Attempting full compaction
[2024-10-11T04:23:18.433+0800][info] GC(582) Using 3 workers of 48 for full compaction
[2024-10-11T04:23:18.434+0800][info] GC(582) Pause Full (G1 Compaction Pause)
[2024-10-11T04:23:18.434+0800][info] GC(582) Phase 1: Mark live objects
[2024-10-11T04:23:18.437+0800][info] GC(582) Phase 1: Mark live objects 3.075ms
[2024-10-11T04:23:18.437+0800][info] GC(582) Phase 2: Prepare for compaction
[2024-10-11T04:23:18.437+0800][info] GC(582) Phase 2: Prepare for compaction 0.592ms
[2024-10-11T04:23:18.437+0800][info] GC(582) Phase 3: Adjust pointers
[2024-10-11T04:23:18.439+0800][info] GC(582) Phase 3: Adjust pointers 1.677ms
[2024-10-11T04:23:18.439+0800][info] GC(582) Phase 4: Compact heap
[2024-10-11T04:23:18.451+0800][info] GC(582) Phase 4: Compact heap 11.722ms
[2024-10-11T04:23:18.452+0800][info] GC(582) Eden regions: 0->0(4)
[2024-10-11T04:23:18.452+0800][info] GC(582) Survivor regions: 0->0(0)
[2024-10-11T04:23:18.452+0800][info] GC(582) Old regions: 59->38
[2024-10-11T04:23:18.452+0800][info] GC(582) Archive regions: 2->2
[2024-10-11T04:23:18.452+0800][info] GC(582) Humongous regions: 3->3
[2024-10-11T04:23:18.452+0800][info] GC(582) Metaspace: 1685K(1856K)->1685K(1856K) NonClass: 1561K(1664K)->1561K(1664K) Class: 124K(192K)->124K(192K)
[2024-10-11T04:23:18.452+0800][info] GC(582) Pause Full (G1 Compaction Pause) 113M->70M(128M) 18.706ms
[2024-10-11T04:23:18.452+0800][info] GC(582) User=0.04s Sys=0.00s Real=0.01s
[2024-10-11T04:23:18.677+0800][info] GC(583) Pause Young (Normal) (G1 Evacuation Pause)
[2024-10-11T04:23:18.677+0800][info] GC(583) Using 3 workers of 48 for evacuation
[2024-10-11T04:23:18.679+0800][info] GC(583)   Pre Evacuate Collection Set: 0.1ms
[2024-10-11T04:23:18.679+0800][info] GC(583)   Merge Heap Roots: 0.0ms
[2024-10-11T04:23:18.679+0800][info] GC(583)   Evacuate Collection Set: 1.0ms
[2024-10-11T04:23:18.679+0800][info] GC(583)   Post Evacuate Collection Set: 0.2ms
[2024-10-11T04:23:18.679+0800][info] GC(583)   Other: 0.2ms
[2024-10-11T04:23:18.679+0800][info] GC(583) Eden regions: 4->0(2)
[2024-10-11T04:23:18.679+0800][info] GC(583) Survivor regions: 0->1(1)
[2024-10-11T04:23:18.679+0800][info] GC(583) Old regions: 38->41
[2024-10-11T04:23:18.679+0800][info] GC(583) Archive regions: 2->2
[2024-10-11T04:23:18.679+0800][info] GC(583) Humongous regions: 3->3
[2024-10-11T04:23:18.679+0800][info] GC(583) Metaspace: 1685K(1856K)->1685K(1856K) NonClass: 1561K(1664K)->1561K(1664K) Class: 124K(192K)->124K(192K)
[2024-10-11T04:23:18.679+0800][info] GC(583) Pause Young (Normal) (G1 Evacuation Pause) 78M->78M(128M) 1.731ms
[2024-10-11T04:23:18.679+0800][info] GC(583) User=0.00s Sys=0.00s Real=0.00s
[2024-10-11T04:23:18.782+0800][info] GC(584) Pause Young (Normal) (G1 Evacuation Pause)
[2024-10-11T04:23:18.782+0800][info] GC(584) Using 3 workers of 48 for evacuation
[2024-10-11T04:23:18.783+0800][info] GC(584)   Pre Evacuate Collection Set: 0.1ms
[2024-10-11T04:23:18.783+0800][info] GC(584)   Merge Heap Roots: 0.0ms
[2024-10-11T04:23:18.783+0800][info] GC(584)   Evacuate Collection Set: 0.8ms
[2024-10-11T04:23:18.783+0800][info] GC(584)   Post Evacuate Collection Set: 0.2ms
[2024-10-11T04:23:18.783+0800][info] GC(584)   Other: 0.2ms
[2024-10-11T04:23:18.783+0800][info] GC(584) Eden regions: 2->0(2)
[2024-10-11T04:23:18.783+0800][info] GC(584) Survivor regions: 1->1(1)
[2024-10-11T04:23:18.783+0800][info] GC(584) Old regions: 41->44
[2024-10-11T04:23:18.783+0800][info] GC(584) Archive regions: 2->2
[2024-10-11T04:23:18.783+0800][info] GC(584) Humongous regions: 4->4
[2024-10-11T04:23:18.783+0800][info] GC(584) Metaspace: 1685K(1856K)->1685K(1856K) NonClass: 1561K(1664K)->1561K(1664K) Class: 124K(192K)->124K(192K)
[2024-10-11T04:23:18.783+0800][info] GC(584) Pause Young (Normal) (G1 Evacuation Pause) 84M->85M(128M) 1.404ms
[2024-10-11T04:23:18.783+0800][info] GC(584) User=0.01s Sys=0.00s Real=0.00s
[2024-10-11T04:23:18.885+0800][info] GC(585) Pause Young (Normal) (G1 Evacuation Pause)
[2024-10-11T04:23:18.885+0800][info] GC(585) Using 3 workers of 48 for evacuation
[2024-10-11T04:23:18.887+0800][info] GC(585)   Pre Evacuate Collection Set: 0.1ms
[2024-10-11T04:23:18.887+0800][info] GC(585)   Merge Heap Roots: 0.1ms
[2024-10-11T04:23:18.887+0800][info] GC(585)   Evacuate Collection Set: 0.9ms
[2024-10-11T04:23:18.887+0800][info] GC(585)   Post Evacuate Collection Set: 0.2ms
[2024-10-11T04:23:18.887+0800][info] GC(585)   Other: 0.2ms
[2024-10-11T04:23:18.887+0800][info] GC(585) Eden regions: 2->0(2)
[2024-10-11T04:23:18.887+0800][info] GC(585) Survivor regions: 1->1(1)
[2024-10-11T04:23:18.887+0800][info] GC(585) Old regions: 44->45
[2024-10-11T04:23:18.887+0800][info] GC(585) Archive regions: 2->2
[2024-10-11T04:23:18.887+0800][info] GC(585) Humongous regions: 4->4
[2024-10-11T04:23:18.887+0800][info] GC(585) Metaspace: 1685K(1856K)->1685K(1856K) NonClass: 1561K(1664K)->1561K(1664K) Class: 124K(192K)->124K(192K)
[2024-10-11T04:23:18.887+0800][info] GC(585) Pause Young (Normal) (G1 Evacuation Pause) 88M->88M(128M) 1.513ms
[2024-10-11T04:23:18.887+0800][info] GC(585) User=0.00s Sys=0.00s Real=0.00s
[2024-10-11T04:23:18.989+0800][info] GC(586) Pause Young (Concurrent Start) (G1 Evacuation Pause)
[2024-10-11T04:23:18.989+0800][info] GC(586) Using 3 workers of 48 for evacuation
[2024-10-11T04:23:18.991+0800][info] GC(586)   Pre Evacuate Collection Set: 0.1ms
[2024-10-11T04:23:18.991+0800][info] GC(586)   Merge Heap Roots: 0.0ms
[2024-10-11T04:23:18.991+0800][info] GC(586)   Evacuate Collection Set: 0.8ms
[2024-10-11T04:23:18.991+0800][info] GC(586)   Post Evacuate Collection Set: 0.2ms
[2024-10-11T04:23:18.991+0800][info] GC(586)   Other: 0.4ms
[2024-10-11T04:23:18.991+0800][info] GC(586) Eden regions: 2->0(2)
[2024-10-11T04:23:18.991+0800][info] GC(586) Survivor regions: 1->1(1)
[2024-10-11T04:23:18.991+0800][info] GC(586) Old regions: 45->47
[2024-10-11T04:23:18.991+0800][info] GC(586) Archive regions: 2->2
[2024-10-11T04:23:18.991+0800][info] GC(586) Humongous regions: 4->4
[2024-10-11T04:23:18.991+0800][info] GC(586) Metaspace: 1685K(1856K)->1685K(1856K) NonClass: 1561K(1664K)->1561K(1664K) Class: 124K(192K)->124K(192K)
[2024-10-11T04:23:18.991+0800][info] GC(586) Pause Young (Concurrent Start) (G1 Evacuation Pause) 92M->92M(128M) 1.593ms
[2024-10-11T04:23:18.991+0800][info] GC(586) User=0.00s Sys=0.00s Real=0.00s
[2024-10-11T04:23:18.991+0800][info] GC(587) Concurrent Mark Cycle
[2024-10-11T04:23:18.991+0800][info] GC(587) Concurrent Clear Claimed Marks
[2024-10-11T04:23:18.991+0800][info] GC(587) Concurrent Clear Claimed Marks 0.016ms
[2024-10-11T04:23:18.991+0800][info] GC(587) Concurrent Scan Root Regions
[2024-10-11T04:23:18.991+0800][info] GC(587) Concurrent Scan Root Regions 0.204ms
[2024-10-11T04:23:18.991+0800][info] GC(587) Concurrent Mark
[2024-10-11T04:23:18.991+0800][info] GC(587) Concurrent Mark From Roots
[2024-10-11T04:23:18.991+0800][info] GC(587) Using 12 workers of 12 for marking
[2024-10-11T04:23:18.995+0800][info] GC(587) Concurrent Mark From Roots 3.676ms
[2024-10-11T04:23:18.995+0800][info] GC(587) Concurrent Preclean
[2024-10-11T04:23:18.997+0800][info] GC(587) Concurrent Preclean 1.678ms
[2024-10-11T04:23:18.997+0800][info] GC(587) Pause Remark
[2024-10-11T04:23:18.998+0800][info] GC(587) Pause Remark 93M->90M(128M) 1.468ms
[2024-10-11T04:23:18.998+0800][info] GC(587) User=0.00s Sys=0.00s Real=0.00s
[2024-10-11T04:23:18.998+0800][info] GC(587) Concurrent Mark 7.071ms
[2024-10-11T04:23:18.998+0800][info] GC(587) Concurrent Rebuild Remembered Sets
[2024-10-11T04:23:19.000+0800][info] GC(587) Concurrent Rebuild Remembered Sets 1.570ms
[2024-10-11T04:23:19.000+0800][info] GC(587) Pause Cleanup
[2024-10-11T04:23:19.000+0800][info] GC(587) Pause Cleanup 90M->90M(128M) 0.179ms
[2024-10-11T04:23:19.000+0800][info] GC(587) User=0.00s Sys=0.00s Real=0.00s
[2024-10-11T04:23:19.000+0800][info] GC(587) Concurrent Cleanup for Next Mark
[2024-10-11T04:23:19.001+0800][info] GC(587) Concurrent Cleanup for Next Mark 0.393ms
[2024-10-11T04:23:19.001+0800][info] GC(587) Concurrent Mark Cycle 9.778ms
[2024-10-11T04:23:19.144+0800][info] GC(588) Pause Young (Prepare Mixed) (G1 Evacuation Pause)
[2024-10-11T04:23:19.144+0800][info] GC(588) Using 3 workers of 48 for evacuation
[2024-10-11T04:23:19.145+0800][info] GC(588)   Pre Evacuate Collection Set: 0.1ms
[2024-10-11T04:23:19.145+0800][info] GC(588)   Merge Heap Roots: 0.1ms
[2024-10-11T04:23:19.145+0800][info] GC(588)   Evacuate Collection Set: 0.8ms
[2024-10-11T04:23:19.145+0800][info] GC(588)   Post Evacuate Collection Set: 0.2ms
[2024-10-11T04:23:19.145+0800][info] GC(588)   Other: 0.2ms
[2024-10-11T04:23:19.145+0800][info] GC(588) Eden regions: 2->0(2)
[2024-10-11T04:23:19.145+0800][info] GC(588) Survivor regions: 1->1(1)
[2024-10-11T04:23:19.145+0800][info] GC(588) Old regions: 46->48
[2024-10-11T04:23:19.145+0800][info] GC(588) Archive regions: 2->2
[2024-10-11T04:23:19.145+0800][info] GC(588) Humongous regions: 3->3
[2024-10-11T04:23:19.145+0800][info] GC(588) Metaspace: 1685K(1856K)->1685K(1856K) NonClass: 1561K(1664K)->1561K(1664K) Class: 124K(192K)->124K(192K)
[2024-10-11T04:23:19.145+0800][info] GC(588) Pause Young (Prepare Mixed) (G1 Evacuation Pause) 93M->93M(128M) 1.464ms
[2024-10-11T04:23:19.145+0800][info] GC(588) User=0.00s Sys=0.00s Real=0.01s
[2024-10-11T04:23:19.248+0800][info] GC(589) Pause Young (Mixed) (G1 Evacuation Pause)
[2024-10-11T04:23:19.248+0800][info] GC(589) Using 3 workers of 48 for evacuation
[2024-10-11T04:23:19.250+0800][info] GC(589)   Pre Evacuate Collection Set: 0.2ms
[2024-10-11T04:23:19.250+0800][info] GC(589)   Merge Heap Roots: 0.1ms
[2024-10-11T04:23:19.250+0800][info] GC(589)   Evacuate Collection Set: 1.4ms
[2024-10-11T04:23:19.250+0800][info] GC(589)   Post Evacuate Collection Set: 0.2ms
[2024-10-11T04:23:19.250+0800][info] GC(589)   Other: 0.2ms
[2024-10-11T04:23:19.250+0800][info] GC(589) Eden regions: 2->0(2)
[2024-10-11T04:23:19.250+0800][info] GC(589) Survivor regions: 1->1(1)
[2024-10-11T04:23:19.250+0800][info] GC(589) Old regions: 48->45
[2024-10-11T04:23:19.250+0800][info] GC(589) Archive regions: 2->2
[2024-10-11T04:23:19.250+0800][info] GC(589) Humongous regions: 3->3
[2024-10-11T04:23:19.250+0800][info] GC(589) Metaspace: 1685K(1856K)->1685K(1856K) NonClass: 1561K(1664K)->1561K(1664K) Class: 124K(192K)->124K(192K)
[2024-10-11T04:23:19.250+0800][info] GC(589) Pause Young (Mixed) (G1 Evacuation Pause) 96M->90M(128M) 2.201ms
[2024-10-11T04:23:19.250+0800][info] GC(589) User=0.00s Sys=0.00s Real=0.00s
[2024-10-11T04:23:19.352+0800][info] GC(590) Pause Young (Mixed) (G1 Evacuation Pause)
[2024-10-11T04:23:19.352+0800][info] GC(590) Using 3 workers of 48 for evacuation
[2024-10-11T04:23:19.354+0800][info] GC(590)   Pre Evacuate Collection Set: 0.2ms
[2024-10-11T04:23:19.354+0800][info] GC(590)   Merge Heap Roots: 0.1ms
[2024-10-11T04:23:19.354+0800][info] GC(590)   Evacuate Collection Set: 1.6ms
[2024-10-11T04:23:19.354+0800][info] GC(590)   Post Evacuate Collection Set: 0.2ms
[2024-10-11T04:23:19.354+0800][info] GC(590)   Other: 0.1ms
[2024-10-11T04:23:19.354+0800][info] GC(590) Eden regions: 2->0(2)
[2024-10-11T04:23:19.354+0800][info] GC(590) Survivor regions: 1->1(1)
[2024-10-11T04:23:19.354+0800][info] GC(590) Old regions: 45->44
[2024-10-11T04:23:19.354+0800][info] GC(590) Archive regions: 2->2
[2024-10-11T04:23:19.354+0800][info] GC(590) Humongous regions: 3->3
[2024-10-11T04:23:19.354+0800][info] GC(590) Metaspace: 1685K(1856K)->1685K(1856K) NonClass: 1561K(1664K)->1561K(1664K) Class: 124K(192K)->124K(192K)
[2024-10-11T04:23:19.354+0800][info] GC(590) Pause Young (Mixed) (G1 Evacuation Pause) 93M->89M(128M) 2.245ms
[2024-10-11T04:23:19.354+0800][info] GC(590) User=0.01s Sys=0.00s Real=0.01s
[2024-10-11T04:23:19.457+0800][info] GC(591) Pause Young (Mixed) (G1 Evacuation Pause)
[2024-10-11T04:23:19.457+0800][info] GC(591) Using 3 workers of 48 for evacuation
[2024-10-11T04:23:19.459+0800][info] GC(591)   Pre Evacuate Collection Set: 0.2ms
[2024-10-11T04:23:19.459+0800][info] GC(591)   Merge Heap Roots: 0.1ms
[2024-10-11T04:23:19.459+0800][info] GC(591)   Evacuate Collection Set: 1.8ms
[2024-10-11T04:23:19.459+0800][info] GC(591)   Post Evacuate Collection Set: 0.2ms
[2024-10-11T04:23:19.459+0800][info] GC(591)   Other: 0.1ms
[2024-10-11T04:23:19.459+0800][info] GC(591) Eden regions: 2->0(2)
[2024-10-11T04:23:19.459+0800][info] GC(591) Survivor regions: 1->1(1)
[2024-10-11T04:23:19.459+0800][info] GC(591) Old regions: 44->44
[2024-10-11T04:23:19.459+0800][info] GC(591) Archive regions: 2->2
[2024-10-11T04:23:19.459+0800][info] GC(591) Humongous regions: 3->3
[2024-10-11T04:23:19.459+0800][info] GC(591) Metaspace: 1685K(1856K)->1685K(1856K) NonClass: 1561K(1664K)->1561K(1664K) Class: 124K(192K)->124K(192K)
[2024-10-11T04:23:19.459+0800][info] GC(591) Pause Young (Mixed) (G1 Evacuation Pause) 92M->89M(128M) 2.447ms
[2024-10-11T04:23:19.459+0800][info] GC(591) User=0.01s Sys=0.00s Real=0.00s
[2024-10-11T04:23:19.561+0800][info] GC(592) Pause Young (Normal) (G1 Evacuation Pause)
[2024-10-11T04:23:19.561+0800][info] GC(592) Using 3 workers of 48 for evacuation
[2024-10-11T04:23:19.562+0800][info] GC(592)   Pre Evacuate Collection Set: 0.1ms
[2024-10-11T04:23:19.562+0800][info] GC(592)   Merge Heap Roots: 0.1ms
[2024-10-11T04:23:19.562+0800][info] GC(592)   Evacuate Collection Set: 0.7ms
[2024-10-11T04:23:19.562+0800][info] GC(592)   Post Evacuate Collection Set: 0.2ms
[2024-10-11T04:23:19.562+0800][info] GC(592)   Other: 0.2ms
[2024-10-11T04:23:19.562+0800][info] GC(592) Eden regions: 2->0(2)
[2024-10-11T04:23:19.562+0800][info] GC(592) Survivor regions: 1->1(1)
[2024-10-11T04:23:19.562+0800][info] GC(592) Old regions: 44->46
[2024-10-11T04:23:19.562+0800][info] GC(592) Archive regions: 2->2
[2024-10-11T04:23:19.562+0800][info] GC(592) Humongous regions: 3->3
[2024-10-11T04:23:19.562+0800][info] GC(592) Metaspace: 1685K(1856K)->1685K(1856K) NonClass: 1561K(1664K)->1561K(1664K) Class: 124K(192K)->124K(192K)
[2024-10-11T04:23:19.562+0800][info] GC(592) Pause Young (Normal) (G1 Evacuation Pause) 93M->93M(128M) 1.333ms
[2024-10-11T04:23:19.562+0800][info] GC(592) User=0.00s Sys=0.00s Real=0.00s
[2024-10-11T04:23:19.665+0800][info] GC(593) Pause Young (Normal) (G1 Evacuation Pause)
[2024-10-11T04:23:19.665+0800][info] GC(593) Using 3 workers of 48 for evacuation
[2024-10-11T04:23:19.666+0800][info] GC(593)   Pre Evacuate Collection Set: 0.1ms
[2024-10-11T04:23:19.666+0800][info] GC(593)   Merge Heap Roots: 0.0ms
[2024-10-11T04:23:19.666+0800][info] GC(593)   Evacuate Collection Set: 0.8ms
[2024-10-11T04:23:19.666+0800][info] GC(593)   Post Evacuate Collection Set: 0.2ms
[2024-10-11T04:23:19.666+0800][info] GC(593)   Other: 0.2ms
[2024-10-11T04:23:19.666+0800][info] GC(593) Eden regions: 2->0(2)
[2024-10-11T04:23:19.666+0800][info] GC(593) Survivor regions: 1->1(1)
[2024-10-11T04:23:19.666+0800][info] GC(593) Old regions: 46->47
[2024-10-11T04:23:19.666+0800][info] GC(593) Archive regions: 2->2
[2024-10-11T04:23:19.666+0800][info] GC(593) Humongous regions: 3->3
[2024-10-11T04:23:19.666+0800][info] GC(593) Metaspace: 1685K(1856K)->1685K(1856K) NonClass: 1561K(1664K)->1561K(1664K) Class: 124K(192K)->124K(192K)
[2024-10-11T04:23:19.666+0800][info] GC(593) Pause Young (Normal) (G1 Evacuation Pause) 97M->97M(128M) 1.432ms
[2024-10-11T04:23:19.666+0800][info] GC(593) User=0.00s Sys=0.00s Real=0.01s
[2024-10-11T04:23:19.768+0800][info] GC(594) Pause Young (Concurrent Start) (G1 Evacuation Pause)
[2024-10-11T04:23:19.768+0800][info] GC(594) Using 3 workers of 48 for evacuation
[2024-10-11T04:23:19.770+0800][info] GC(594)   Pre Evacuate Collection Set: 0.1ms
[2024-10-11T04:23:19.770+0800][info] GC(594)   Merge Heap Roots: 0.0ms
[2024-10-11T04:23:19.770+0800][info] GC(594)   Evacuate Collection Set: 0.7ms
[2024-10-11T04:23:19.770+0800][info] GC(594)   Post Evacuate Collection Set: 0.2ms
[2024-10-11T04:23:19.770+0800][info] GC(594)   Other: 0.3ms
[2024-10-11T04:23:19.770+0800][info] GC(594) Eden regions: 2->0(2)
[2024-10-11T04:23:19.770+0800][info] GC(594) Survivor regions: 1->1(1)
[2024-10-11T04:23:19.770+0800][info] GC(594) Old regions: 47->49
[2024-10-11T04:23:19.770+0800][info] GC(594) Archive regions: 2->2
[2024-10-11T04:23:19.770+0800][info] GC(594) Humongous regions: 3->3
[2024-10-11T04:23:19.770+0800][info] GC(594) Metaspace: 1685K(1856K)->1685K(1856K) NonClass: 1561K(1664K)->1561K(1664K) Class: 124K(192K)->124K(192K)
[2024-10-11T04:23:19.770+0800][info] GC(594) Pause Young (Concurrent Start) (G1 Evacuation Pause) 100M->101M(128M) 1.496ms
[2024-10-11T04:23:19.770+0800][info] GC(594) User=0.00s Sys=0.00s Real=0.00s
[2024-10-11T04:23:19.770+0800][info] GC(595) Concurrent Mark Cycle
[2024-10-11T04:23:19.770+0800][info] GC(595) Concurrent Clear Claimed Marks
[2024-10-11T04:23:19.770+0800][info] GC(595) Concurrent Clear Claimed Marks 0.016ms
[2024-10-11T04:23:19.770+0800][info] GC(595) Concurrent Scan Root Regions
[2024-10-11T04:23:19.770+0800][info] GC(595) Concurrent Scan Root Regions 0.110ms
[2024-10-11T04:23:19.770+0800][info] GC(595) Concurrent Mark
[2024-10-11T04:23:19.770+0800][info] GC(595) Concurrent Mark From Roots
[2024-10-11T04:23:19.770+0800][info] GC(595) Using 12 workers of 12 for marking
[2024-10-11T04:23:19.774+0800][info] GC(595) Concurrent Mark From Roots 3.743ms
[2024-10-11T04:23:19.774+0800][info] GC(595) Concurrent Preclean
[2024-10-11T04:23:19.776+0800][info] GC(595) Concurrent Preclean 1.682ms
[2024-10-11T04:23:19.776+0800][info] GC(595) Pause Remark
[2024-10-11T04:23:19.777+0800][info] GC(595) Pause Remark 101M->101M(128M) 1.434ms
[2024-10-11T04:23:19.777+0800][info] GC(595) User=0.00s Sys=0.00s Real=0.00s
[2024-10-11T04:23:19.777+0800][info] GC(595) Concurrent Mark 7.177ms
[2024-10-11T04:23:19.777+0800][info] GC(595) Concurrent Rebuild Remembered Sets
[2024-10-11T04:23:19.779+0800][info] GC(595) Concurrent Rebuild Remembered Sets 1.690ms
[2024-10-11T04:23:19.779+0800][info] GC(595) Pause Cleanup
[2024-10-11T04:23:19.779+0800][info] GC(595) Pause Cleanup 101M->101M(128M) 0.240ms
[2024-10-11T04:23:19.779+0800][info] GC(595) User=0.00s Sys=0.00s Real=0.00s
[2024-10-11T04:23:19.780+0800][info] GC(595) Concurrent Cleanup for Next Mark
[2024-10-11T04:23:19.780+0800][info] GC(595) Concurrent Cleanup for Next Mark 0.393ms
[2024-10-11T04:23:19.780+0800][info] GC(595) Concurrent Mark Cycle 9.969ms
[2024-10-11T04:23:19.923+0800][info] GC(596) Pause Young (Prepare Mixed) (G1 Evacuation Pause)
[2024-10-11T04:23:19.923+0800][info] GC(596) Using 3 workers of 48 for evacuation
[2024-10-11T04:23:19.925+0800][info] GC(596)   Pre Evacuate Collection Set: 0.1ms
[2024-10-11T04:23:19.925+0800][info] GC(596)   Merge Heap Roots: 0.1ms
[2024-10-11T04:23:19.925+0800][info] GC(596)   Evacuate Collection Set: 0.8ms
[2024-10-11T04:23:19.925+0800][info] GC(596)   Post Evacuate Collection Set: 0.2ms
[2024-10-11T04:23:19.925+0800][info] GC(596)   Other: 0.2ms
[2024-10-11T04:23:19.925+0800][info] GC(596) Eden regions: 2->0(2)
[2024-10-11T04:23:19.925+0800][info] GC(596) Survivor regions: 1->1(1)
[2024-10-11T04:23:19.925+0800][info] GC(596) Old regions: 49->51
[2024-10-11T04:23:19.925+0800][info] GC(596) Archive regions: 2->2
[2024-10-11T04:23:19.925+0800][info] GC(596) Humongous regions: 3->3
[2024-10-11T04:23:19.925+0800][info] GC(596) Metaspace: 1697K(1856K)->1697K(1856K) NonClass: 1573K(1664K)->1573K(1664K) Class: 124K(192K)->124K(192K)
[2024-10-11T04:23:19.925+0800][info] GC(596) Pause Young (Prepare Mixed) (G1 Evacuation Pause) 104M->104M(128M) 1.471ms
[2024-10-11T04:23:19.925+0800][info] GC(596) User=0.01s Sys=0.00s Real=0.00s
[2024-10-11T04:23:20.027+0800][info] GC(597) Pause Young (Mixed) (G1 Preventive Collection)
[2024-10-11T04:23:20.027+0800][info] GC(597) Using 3 workers of 48 for evacuation
[2024-10-11T04:23:20.029+0800][info] GC(597)   Pre Evacuate Collection Set: 0.1ms
[2024-10-11T04:23:20.029+0800][info] GC(597)   Merge Heap Roots: 0.1ms
[2024-10-11T04:23:20.029+0800][info] GC(597)   Evacuate Collection Set: 1.4ms
[2024-10-11T04:23:20.029+0800][info] GC(597)   Post Evacuate Collection Set: 0.2ms
[2024-10-11T04:23:20.029+0800][info] GC(597)   Other: 0.2ms
[2024-10-11T04:23:20.029+0800][info] GC(597) Eden regions: 2->0(2)
[2024-10-11T04:23:20.029+0800][info] GC(597) Survivor regions: 1->1(1)
[2024-10-11T04:23:20.029+0800][info] GC(597) Old regions: 51->48
[2024-10-11T04:23:20.029+0800][info] GC(597) Archive regions: 2->2
[2024-10-11T04:23:20.029+0800][info] GC(597) Humongous regions: 3->3
[2024-10-11T04:23:20.029+0800][info] GC(597) Metaspace: 1697K(1856K)->1697K(1856K) NonClass: 1573K(1664K)->1573K(1664K) Class: 124K(192K)->124K(192K)
[2024-10-11T04:23:20.029+0800][info] GC(597) Pause Young (Mixed) (G1 Preventive Collection) 108M->100M(128M) 2.054ms
[2024-10-11T04:23:20.029+0800][info] GC(597) User=0.00s Sys=0.00s Real=0.00s
[2024-10-11T04:23:20.132+0800][info] GC(598) Pause Young (Mixed) (G1 Evacuation Pause)
[2024-10-11T04:23:20.132+0800][info] GC(598) Using 3 workers of 48 for evacuation
[2024-10-11T04:23:20.134+0800][info] GC(598)   Pre Evacuate Collection Set: 0.2ms
[2024-10-11T04:23:20.134+0800][info] GC(598)   Merge Heap Roots: 0.1ms
[2024-10-11T04:23:20.134+0800][info] GC(598)   Evacuate Collection Set: 1.8ms
[2024-10-11T04:23:20.134+0800][info] GC(598)   Post Evacuate Collection Set: 0.2ms
[2024-10-11T04:23:20.134+0800][info] GC(598)   Other: 0.1ms
[2024-10-11T04:23:20.134+0800][info] GC(598) Eden regions: 2->0(2)
[2024-10-11T04:23:20.134+0800][info] GC(598) Survivor regions: 1->1(1)
[2024-10-11T04:23:20.134+0800][info] GC(598) Old regions: 48->47
[2024-10-11T04:23:20.134+0800][info] GC(598) Archive regions: 2->2
[2024-10-11T04:23:20.134+0800][info] GC(598) Humongous regions: 3->3
[2024-10-11T04:23:20.134+0800][info] GC(598) Metaspace: 1697K(1856K)->1697K(1856K) NonClass: 1573K(1664K)->1573K(1664K) Class: 124K(192K)->124K(192K)
[2024-10-11T04:23:20.134+0800][info] GC(598) Pause Young (Mixed) (G1 Evacuation Pause) 103M->98M(128M) 2.550ms
[2024-10-11T04:23:20.134+0800][info] GC(598) User=0.01s Sys=0.00s Real=0.01s
[2024-10-11T04:23:20.236+0800][info] GC(599) Pause Young (Mixed) (G1 Evacuation Pause)
[2024-10-11T04:23:20.236+0800][info] GC(599) Using 3 workers of 48 for evacuation
[2024-10-11T04:23:20.239+0800][info] GC(599)   Pre Evacuate Collection Set: 0.2ms
[2024-10-11T04:23:20.239+0800][info] GC(599)   Merge Heap Roots: 0.1ms
[2024-10-11T04:23:20.239+0800][info] GC(599)   Evacuate Collection Set: 1.9ms
[2024-10-11T04:23:20.239+0800][info] GC(599)   Post Evacuate Collection Set: 0.2ms
[2024-10-11T04:23:20.239+0800][info] GC(599)   Other: 0.1ms
[2024-10-11T04:23:20.239+0800][info] GC(599) Eden regions: 2->0(2)
[2024-10-11T04:23:20.239+0800][info] GC(599) Survivor regions: 1->1(1)
[2024-10-11T04:23:20.239+0800][info] GC(599) Old regions: 47->46
[2024-10-11T04:23:20.239+0800][info] GC(599) Archive regions: 2->2
[2024-10-11T04:23:20.239+0800][info] GC(599) Humongous regions: 3->3
[2024-10-11T04:23:20.239+0800][info] GC(599) Metaspace: 1697K(1856K)->1697K(1856K) NonClass: 1573K(1664K)->1573K(1664K) Class: 124K(192K)->124K(192K)
[2024-10-11T04:23:20.239+0800][info] GC(599) Pause Young (Mixed) (G1 Evacuation Pause) 102M->98M(128M) 2.530ms
[2024-10-11T04:23:20.239+0800][info] GC(599) User=0.00s Sys=0.00s Real=0.00s
[2024-10-11T04:23:20.341+0800][info] GC(600) Pause Young (Mixed) (G1 Evacuation Pause)
[2024-10-11T04:23:20.341+0800][info] GC(600) Using 3 workers of 48 for evacuation
[2024-10-11T04:23:20.343+0800][info] GC(600)   Pre Evacuate Collection Set: 0.2ms
[2024-10-11T04:23:20.343+0800][info] GC(600)   Merge Heap Roots: 0.1ms
[2024-10-11T04:23:20.343+0800][info] GC(600)   Evacuate Collection Set: 1.4ms
[2024-10-11T04:23:20.343+0800][info] GC(600)   Post Evacuate Collection Set: 0.2ms
[2024-10-11T04:23:20.343+0800][info] GC(600)   Other: 0.1ms
[2024-10-11T04:23:20.343+0800][info] GC(600) Eden regions: 2->0(2)
[2024-10-11T04:23:20.343+0800][info] GC(600) Survivor regions: 1->1(1)
[2024-10-11T04:23:20.343+0800][info] GC(600) Old regions: 46->47
[2024-10-11T04:23:20.343+0800][info] GC(600) Archive regions: 2->2
[2024-10-11T04:23:20.343+0800][info] GC(600) Humongous regions: 3->3
[2024-10-11T04:23:20.343+0800][info] GC(600) Metaspace: 1697K(1856K)->1697K(1856K) NonClass: 1573K(1664K)->1573K(1664K) Class: 124K(192K)->124K(192K)
[2024-10-11T04:23:20.343+0800][info] GC(600) Pause Young (Mixed) (G1 Evacuation Pause) 102M->99M(128M) 2.086ms
[2024-10-11T04:23:20.343+0800][info] GC(600) User=0.00s Sys=0.00s Real=0.00s
[2024-10-11T04:23:20.445+0800][info] GC(601) Pause Young (Normal) (G1 Evacuation Pause)
[2024-10-11T04:23:20.445+0800][info] GC(601) Using 3 workers of 48 for evacuation
[2024-10-11T04:23:20.447+0800][info] GC(601)   Pre Evacuate Collection Set: 0.1ms
[2024-10-11T04:23:20.447+0800][info] GC(601)   Merge Heap Roots: 0.0ms
[2024-10-11T04:23:20.447+0800][info] GC(601)   Evacuate Collection Set: 0.7ms
[2024-10-11T04:23:20.447+0800][info] GC(601)   Post Evacuate Collection Set: 0.2ms
[2024-10-11T04:23:20.447+0800][info] GC(601)   Other: 0.2ms
[2024-10-11T04:23:20.447+0800][info] GC(601) Eden regions: 2->0(2)
[2024-10-11T04:23:20.447+0800][info] GC(601) Survivor regions: 1->1(1)
[2024-10-11T04:23:20.447+0800][info] GC(601) Old regions: 47->48
[2024-10-11T04:23:20.447+0800][info] GC(601) Archive regions: 2->2
[2024-10-11T04:23:20.447+0800][info] GC(601) Humongous regions: 3->3
[2024-10-11T04:23:20.447+0800][info] GC(601) Metaspace: 1697K(1856K)->1697K(1856K) NonClass: 1573K(1664K)->1573K(1664K) Class: 124K(192K)->124K(192K)
[2024-10-11T04:23:20.447+0800][info] GC(601) Pause Young (Normal) (G1 Evacuation Pause) 102M->102M(128M) 1.395ms
[2024-10-11T04:23:20.447+0800][info] GC(601) User=0.01s Sys=0.00s Real=0.00s
[2024-10-11T04:23:20.549+0800][info] GC(602) Pause Young (Normal) (G1 Evacuation Pause)
[2024-10-11T04:23:20.549+0800][info] GC(602) Using 3 workers of 48 for evacuation
[2024-10-11T04:23:20.550+0800][info] GC(602)   Pre Evacuate Collection Set: 0.1ms
[2024-10-11T04:23:20.550+0800][info] GC(602)   Merge Heap Roots: 0.0ms
[2024-10-11T04:23:20.550+0800][info] GC(602)   Evacuate Collection Set: 0.7ms
[2024-10-11T04:23:20.550+0800][info] GC(602)   Post Evacuate Collection Set: 0.2ms
[2024-10-11T04:23:20.550+0800][info] GC(602)   Other: 0.2ms
[2024-10-11T04:23:20.550+0800][info] GC(602) Eden regions: 2->0(2)
[2024-10-11T04:23:20.550+0800][info] GC(602) Survivor regions: 1->1(1)
[2024-10-11T04:23:20.550+0800][info] GC(602) Old regions: 48->50
[2024-10-11T04:23:20.550+0800][info] GC(602) Archive regions: 2->2
[2024-10-11T04:23:20.550+0800][info] GC(602) Humongous regions: 3->3
[2024-10-11T04:23:20.550+0800][info] GC(602) Metaspace: 1697K(1856K)->1697K(1856K) NonClass: 1573K(1664K)->1573K(1664K) Class: 124K(192K)->124K(192K)
[2024-10-11T04:23:20.550+0800][info] GC(602) Pause Young (Normal) (G1 Evacuation Pause) 106M->106M(128M) 1.343ms
[2024-10-11T04:23:20.551+0800][info] GC(602) User=0.00s Sys=0.00s Real=0.00s
[2024-10-11T04:23:20.653+0800][info] GC(603) Pause Young (Concurrent Start) (G1 Evacuation Pause)
[2024-10-11T04:23:20.653+0800][info] GC(603) Using 3 workers of 48 for evacuation
[2024-10-11T04:23:20.654+0800][info] GC(603)   Pre Evacuate Collection Set: 0.1ms
[2024-10-11T04:23:20.654+0800][info] GC(603)   Merge Heap Roots: 0.1ms
[2024-10-11T04:23:20.654+0800][info] GC(603)   Evacuate Collection Set: 0.7ms
[2024-10-11T04:23:20.654+0800][info] GC(603)   Post Evacuate Collection Set: 0.2ms
[2024-10-11T04:23:20.654+0800][info] GC(603)   Other: 0.3ms
[2024-10-11T04:23:20.654+0800][info] GC(603) Eden regions: 2->0(2)
[2024-10-11T04:23:20.654+0800][info] GC(603) Survivor regions: 1->1(1)
[2024-10-11T04:23:20.654+0800][info] GC(603) Old regions: 50->52
[2024-10-11T04:23:20.654+0800][info] GC(603) Archive regions: 2->2
[2024-10-11T04:23:20.654+0800][info] GC(603) Humongous regions: 3->3
[2024-10-11T04:23:20.654+0800][info] GC(603) Metaspace: 1697K(1856K)->1697K(1856K) NonClass: 1573K(1664K)->1573K(1664K) Class: 124K(192K)->124K(192K)
[2024-10-11T04:23:20.654+0800][info] GC(603) Pause Young (Concurrent Start) (G1 Evacuation Pause) 110M->109M(128M) 1.479ms
[2024-10-11T04:23:20.654+0800][info] GC(603) User=0.00s Sys=0.00s Real=0.01s
[2024-10-11T04:23:20.654+0800][info] GC(604) Concurrent Mark Cycle
[2024-10-11T04:23:20.654+0800][info] GC(604) Concurrent Clear Claimed Marks
[2024-10-11T04:23:20.654+0800][info] GC(604) Concurrent Clear Claimed Marks 0.016ms
[2024-10-11T04:23:20.654+0800][info] GC(604) Concurrent Scan Root Regions
[2024-10-11T04:23:20.654+0800][info] GC(604) Concurrent Scan Root Regions 0.151ms
[2024-10-11T04:23:20.654+0800][info] GC(604) Concurrent Mark
[2024-10-11T04:23:20.654+0800][info] GC(604) Concurrent Mark From Roots
[2024-10-11T04:23:20.654+0800][info] GC(604) Using 12 workers of 12 for marking
[2024-10-11T04:23:20.658+0800][info] GC(604) Concurrent Mark From Roots 3.665ms
[2024-10-11T04:23:20.658+0800][info] GC(604) Concurrent Preclean
[2024-10-11T04:23:20.660+0800][info] GC(604) Concurrent Preclean 1.681ms
[2024-10-11T04:23:20.660+0800][info] GC(604) Pause Remark
[2024-10-11T04:23:20.661+0800][info] GC(604) Pause Remark 110M->110M(128M) 1.536ms
[2024-10-11T04:23:20.661+0800][info] GC(604) User=0.00s Sys=0.00s Real=0.00s
[2024-10-11T04:23:20.662+0800][info] GC(604) Concurrent Mark 7.195ms
[2024-10-11T04:23:20.662+0800][info] GC(604) Concurrent Rebuild Remembered Sets
[2024-10-11T04:23:20.663+0800][info] GC(604) Concurrent Rebuild Remembered Sets 1.697ms
[2024-10-11T04:23:20.663+0800][info] GC(604) Pause Cleanup
[2024-10-11T04:23:20.664+0800][info] GC(604) Pause Cleanup 110M->110M(128M) 0.239ms
[2024-10-11T04:23:20.664+0800][info] GC(604) User=0.00s Sys=0.00s Real=0.00s
[2024-10-11T04:23:20.664+0800][info] GC(604) Concurrent Cleanup for Next Mark
[2024-10-11T04:23:20.664+0800][info] GC(604) Concurrent Cleanup for Next Mark 0.416ms
[2024-10-11T04:23:20.664+0800][info] GC(604) Concurrent Mark Cycle 10.053ms
[2024-10-11T04:23:20.807+0800][info] GC(605) Pause Young (Prepare Mixed) (G1 Preventive Collection)
[2024-10-11T04:23:20.807+0800][info] GC(605) Using 3 workers of 48 for evacuation
[2024-10-11T04:23:20.809+0800][info] GC(605)   Pre Evacuate Collection Set: 0.1ms
[2024-10-11T04:23:20.809+0800][info] GC(605)   Merge Heap Roots: 0.1ms
[2024-10-11T04:23:20.809+0800][info] GC(605)   Evacuate Collection Set: 0.9ms
[2024-10-11T04:23:20.809+0800][info] GC(605)   Post Evacuate Collection Set: 0.2ms
[2024-10-11T04:23:20.809+0800][info] GC(605)   Other: 0.2ms
[2024-10-11T04:23:20.809+0800][info] GC(605) Eden regions: 2->0(2)
[2024-10-11T04:23:20.809+0800][info] GC(605) Survivor regions: 1->1(1)
[2024-10-11T04:23:20.809+0800][info] GC(605) Old regions: 52->54
[2024-10-11T04:23:20.809+0800][info] GC(605) Archive regions: 2->2
[2024-10-11T04:23:20.809+0800][info] GC(605) Humongous regions: 3->3
[2024-10-11T04:23:20.809+0800][info] GC(605) Metaspace: 1697K(1856K)->1697K(1856K) NonClass: 1573K(1664K)->1573K(1664K) Class: 124K(192K)->124K(192K)
[2024-10-11T04:23:20.809+0800][info] GC(605) Pause Young (Prepare Mixed) (G1 Preventive Collection) 113M->114M(128M) 1.597ms
[2024-10-11T04:23:20.809+0800][info] GC(605) User=0.01s Sys=0.00s Real=0.00s
[2024-10-11T04:23:20.870+0800][info] GC(606) Pause Young (Mixed) (G1 Preventive Collection)
[2024-10-11T04:23:20.870+0800][info] GC(606) Using 3 workers of 48 for evacuation
[2024-10-11T04:23:20.872+0800][info] GC(606) To-space exhausted
[2024-10-11T04:23:20.872+0800][info] GC(606)   Pre Evacuate Collection Set: 0.2ms
[2024-10-11T04:23:20.872+0800][info] GC(606)   Merge Heap Roots: 0.1ms
[2024-10-11T04:23:20.872+0800][info] GC(606)   Evacuate Collection Set: 0.9ms
[2024-10-11T04:23:20.872+0800][info] GC(606)   Post Evacuate Collection Set: 0.2ms
[2024-10-11T04:23:20.872+0800][info] GC(606)   Other: 0.2ms
[2024-10-11T04:23:20.872+0800][info] GC(606) Eden regions: 1->0(2)
[2024-10-11T04:23:20.872+0800][info] GC(606) Survivor regions: 1->1(1)
[2024-10-11T04:23:20.872+0800][info] GC(606) Old regions: 54->50
[2024-10-11T04:23:20.872+0800][info] GC(606) Archive regions: 2->2
[2024-10-11T04:23:20.872+0800][info] GC(606) Humongous regions: 3->3
[2024-10-11T04:23:20.872+0800][info] GC(606) Metaspace: 1697K(1856K)->1697K(1856K) NonClass: 1573K(1664K)->1573K(1664K) Class: 124K(192K)->124K(192K)
[2024-10-11T04:23:20.872+0800][info] GC(606) Pause Young (Mixed) (G1 Preventive Collection) 115M->108M(128M) 1.645ms
[2024-10-11T04:23:20.872+0800][info] GC(606) User=0.00s Sys=0.00s Real=0.00s
[2024-10-11T04:23:20.974+0800][info] GC(607) Pause Young (Mixed) (G1 Preventive Collection)
[2024-10-11T04:23:20.974+0800][info] GC(607) Using 3 workers of 48 for evacuation
[2024-10-11T04:23:20.976+0800][info] GC(607) To-space exhausted
[2024-10-11T04:23:20.976+0800][info] GC(607)   Pre Evacuate Collection Set: 0.2ms
[2024-10-11T04:23:20.976+0800][info] GC(607)   Merge Heap Roots: 0.1ms
[2024-10-11T04:23:20.976+0800][info] GC(607)   Evacuate Collection Set: 1.5ms
[2024-10-11T04:23:20.976+0800][info] GC(607)   Post Evacuate Collection Set: 0.2ms
[2024-10-11T04:23:20.976+0800][info] GC(607)   Other: 0.1ms
[2024-10-11T04:23:20.976+0800][info] GC(607) Eden regions: 2->0(2)
[2024-10-11T04:23:20.976+0800][info] GC(607) Survivor regions: 1->1(1)
[2024-10-11T04:23:20.976+0800][info] GC(607) Old regions: 50->51
[2024-10-11T04:23:20.976+0800][info] GC(607) Archive regions: 2->2
[2024-10-11T04:23:20.976+0800][info] GC(607) Humongous regions: 3->3
[2024-10-11T04:23:20.976+0800][info] GC(607) Metaspace: 1697K(1856K)->1697K(1856K) NonClass: 1573K(1664K)->1573K(1664K) Class: 124K(192K)->124K(192K)
[2024-10-11T04:23:20.976+0800][info] GC(607) Pause Young (Mixed) (G1 Preventive Collection) 111M->110M(128M) 2.203ms
[2024-10-11T04:23:20.976+0800][info] GC(607) User=0.01s Sys=0.00s Real=0.00s
[2024-10-11T04:23:20.976+0800][info] GC(608) Pause Young (Mixed) (G1 Preventive Collection)
[2024-10-11T04:23:20.976+0800][info] GC(608) Using 3 workers of 48 for evacuation
[2024-10-11T04:23:20.978+0800][info] GC(608)   Pre Evacuate Collection Set: 0.1ms
[2024-10-11T04:23:20.978+0800][info] GC(608)   Merge Heap Roots: 0.1ms
[2024-10-11T04:23:20.978+0800][info] GC(608)   Evacuate Collection Set: 1.4ms
[2024-10-11T04:23:20.978+0800][info] GC(608)   Post Evacuate Collection Set: 0.2ms
[2024-10-11T04:23:20.978+0800][info] GC(608)   Other: 0.1ms
[2024-10-11T04:23:20.978+0800][info] GC(608) Eden regions: 1->0(2)
[2024-10-11T04:23:20.978+0800][info] GC(608) Survivor regions: 1->1(1)
[2024-10-11T04:23:20.978+0800][info] GC(608) Old regions: 51->49
[2024-10-11T04:23:20.978+0800][info] GC(608) Archive regions: 2->2
[2024-10-11T04:23:20.978+0800][info] GC(608) Humongous regions: 3->3
[2024-10-11T04:23:20.978+0800][info] GC(608) Metaspace: 1697K(1856K)->1697K(1856K) NonClass: 1573K(1664K)->1573K(1664K) Class: 124K(192K)->124K(192K)
[2024-10-11T04:23:20.978+0800][info] GC(608) Pause Young (Mixed) (G1 Preventive Collection) 110M->103M(128M) 1.955ms
[2024-10-11T04:23:20.978+0800][info] GC(608) User=0.00s Sys=0.00s Real=0.00s
[2024-10-11T04:23:21.102+0800][info] GC(609) Pause Young (Mixed) (G1 Preventive Collection)
[2024-10-11T04:23:21.102+0800][info] GC(609) Using 3 workers of 48 for evacuation
[2024-10-11T04:23:21.104+0800][info] GC(609) To-space exhausted
[2024-10-11T04:23:21.104+0800][info] GC(609)   Pre Evacuate Collection Set: 0.2ms
[2024-10-11T04:23:21.104+0800][info] GC(609)   Merge Heap Roots: 0.1ms
[2024-10-11T04:23:21.104+0800][info] GC(609)   Evacuate Collection Set: 1.7ms
[2024-10-11T04:23:21.104+0800][info] GC(609)   Post Evacuate Collection Set: 0.3ms
[2024-10-11T04:23:21.104+0800][info] GC(609)   Other: 0.1ms
[2024-10-11T04:23:21.104+0800][info] GC(609) Eden regions: 2->0(2)
[2024-10-11T04:23:21.104+0800][info] GC(609) Survivor regions: 1->1(1)
[2024-10-11T04:23:21.104+0800][info] GC(609) Old regions: 49->51
[2024-10-11T04:23:21.104+0800][info] GC(609) Archive regions: 2->2
[2024-10-11T04:23:21.104+0800][info] GC(609) Humongous regions: 4->3
[2024-10-11T04:23:21.104+0800][info] GC(609) Metaspace: 1697K(1856K)->1697K(1856K) NonClass: 1573K(1664K)->1573K(1664K) Class: 124K(192K)->124K(192K)
[2024-10-11T04:23:21.104+0800][info] GC(609) Pause Young (Mixed) (G1 Preventive Collection) 109M->110M(128M) 2.403ms
[2024-10-11T04:23:21.104+0800][info] GC(609) User=0.00s Sys=0.00s Real=0.00s
[2024-10-11T04:23:21.206+0800][info] GC(610) Pause Young (Mixed) (G1 Preventive Collection)
[2024-10-11T04:23:21.207+0800][info] GC(610) Using 3 workers of 48 for evacuation
[2024-10-11T04:23:21.209+0800][info] GC(610)   Pre Evacuate Collection Set: 0.2ms
[2024-10-11T04:23:21.209+0800][info] GC(610)   Merge Heap Roots: 0.1ms
[2024-10-11T04:23:21.209+0800][info] GC(610)   Evacuate Collection Set: 1.9ms
[2024-10-11T04:23:21.209+0800][info] GC(610)   Post Evacuate Collection Set: 0.2ms
[2024-10-11T04:23:21.209+0800][info] GC(610)   Other: 0.1ms
[2024-10-11T04:23:21.209+0800][info] GC(610) Eden regions: 2->0(2)
[2024-10-11T04:23:21.209+0800][info] GC(610) Survivor regions: 1->1(1)
[2024-10-11T04:23:21.209+0800][info] GC(610) Old regions: 51->53
[2024-10-11T04:23:21.209+0800][info] GC(610) Archive regions: 2->2
[2024-10-11T04:23:21.209+0800][info] GC(610) Humongous regions: 3->3
[2024-10-11T04:23:21.209+0800][info] GC(610) Metaspace: 1697K(1856K)->1697K(1856K) NonClass: 1573K(1664K)->1573K(1664K) Class: 124K(192K)->124K(192K)
[2024-10-11T04:23:21.209+0800][info] GC(610) Pause Young (Mixed) (G1 Preventive Collection) 113M->112M(128M) 2.539ms
[2024-10-11T04:23:21.209+0800][info] GC(610) User=0.01s Sys=0.00s Real=0.00s
[2024-10-11T04:23:21.311+0800][info] GC(611) Pause Young (Concurrent Start) (G1 Preventive Collection)
[2024-10-11T04:23:21.311+0800][info] GC(611) Using 3 workers of 48 for evacuation
[2024-10-11T04:23:21.312+0800][info] GC(611)   Pre Evacuate Collection Set: 0.1ms
[2024-10-11T04:23:21.312+0800][info] GC(611)   Merge Heap Roots: 0.0ms
[2024-10-11T04:23:21.312+0800][info] GC(611)   Evacuate Collection Set: 0.8ms
[2024-10-11T04:23:21.313+0800][info] GC(611)   Post Evacuate Collection Set: 0.2ms
[2024-10-11T04:23:21.313+0800][info] GC(611)   Other: 0.3ms
[2024-10-11T04:23:21.313+0800][info] GC(611) Eden regions: 2->0(2)
[2024-10-11T04:23:21.313+0800][info] GC(611) Survivor regions: 1->1(1)
[2024-10-11T04:23:21.313+0800][info] GC(611) Old regions: 53->54
[2024-10-11T04:23:21.313+0800][info] GC(611) Archive regions: 2->2
[2024-10-11T04:23:21.313+0800][info] GC(611) Humongous regions: 3->3
[2024-10-11T04:23:21.313+0800][info] GC(611) Metaspace: 1697K(1856K)->1697K(1856K) NonClass: 1573K(1664K)->1573K(1664K) Class: 124K(192K)->124K(192K)
[2024-10-11T04:23:21.313+0800][info] GC(611) Pause Young (Concurrent Start) (G1 Preventive Collection) 115M->115M(128M) 1.579ms
[2024-10-11T04:23:21.313+0800][info] GC(611) User=0.00s Sys=0.00s Real=0.00s
[2024-10-11T04:23:21.313+0800][info] GC(612) Concurrent Mark Cycle
[2024-10-11T04:23:21.313+0800][info] GC(612) Concurrent Clear Claimed Marks
[2024-10-11T04:23:21.313+0800][info] GC(612) Concurrent Clear Claimed Marks 0.016ms
[2024-10-11T04:23:21.313+0800][info] GC(612) Concurrent Scan Root Regions
[2024-10-11T04:23:21.313+0800][info] GC(612) Concurrent Scan Root Regions 0.149ms
[2024-10-11T04:23:21.313+0800][info] GC(612) Concurrent Mark
[2024-10-11T04:23:21.313+0800][info] GC(612) Concurrent Mark From Roots
[2024-10-11T04:23:21.313+0800][info] GC(612) Using 12 workers of 12 for marking
[2024-10-11T04:23:21.317+0800][info] GC(612) Concurrent Mark From Roots 3.641ms
[2024-10-11T04:23:21.317+0800][info] GC(612) Concurrent Preclean
[2024-10-11T04:23:21.318+0800][info] GC(612) Concurrent Preclean 1.729ms
[2024-10-11T04:23:21.319+0800][info] GC(612) Pause Remark
[2024-10-11T04:23:21.320+0800][info] GC(612) Pause Remark 116M->114M(128M) 1.522ms
[2024-10-11T04:23:21.320+0800][info] GC(612) User=0.00s Sys=0.00s Real=0.00s
[2024-10-11T04:23:21.320+0800][info] GC(612) Concurrent Mark 7.205ms
[2024-10-11T04:23:21.320+0800][info] GC(612) Concurrent Rebuild Remembered Sets
[2024-10-11T04:23:21.322+0800][info] GC(612) Concurrent Rebuild Remembered Sets 1.522ms
[2024-10-11T04:23:21.322+0800][info] GC(612) Pause Cleanup
[2024-10-11T04:23:21.322+0800][info] GC(612) Pause Cleanup 114M->114M(128M) 0.236ms
[2024-10-11T04:23:21.322+0800][info] GC(612) User=0.00s Sys=0.00s Real=0.00s
[2024-10-11T04:23:21.322+0800][info] GC(612) Concurrent Cleanup for Next Mark
[2024-10-11T04:23:21.323+0800][info] GC(612) Concurrent Cleanup for Next Mark 0.348ms
[2024-10-11T04:23:21.323+0800][info] GC(612) Concurrent Mark Cycle 9.815ms
[2024-10-11T04:23:21.466+0800][info] GC(613) Pause Young (Prepare Mixed) (G1 Preventive Collection)
[2024-10-11T04:23:21.466+0800][info] GC(613) Using 3 workers of 48 for evacuation
[2024-10-11T04:23:21.467+0800][info] GC(613)   Pre Evacuate Collection Set: 0.1ms
[2024-10-11T04:23:21.467+0800][info] GC(613)   Merge Heap Roots: 0.1ms
[2024-10-11T04:23:21.467+0800][info] GC(613)   Evacuate Collection Set: 0.8ms
[2024-10-11T04:23:21.467+0800][info] GC(613)   Post Evacuate Collection Set: 0.2ms
[2024-10-11T04:23:21.467+0800][info] GC(613)   Other: 0.2ms
[2024-10-11T04:23:21.467+0800][info] GC(613) Eden regions: 2->0(2)
[2024-10-11T04:23:21.467+0800][info] GC(613) Survivor regions: 1->1(1)
[2024-10-11T04:23:21.467+0800][info] GC(613) Old regions: 53->55
[2024-10-11T04:23:21.467+0800][info] GC(613) Archive regions: 2->2
[2024-10-11T04:23:21.467+0800][info] GC(613) Humongous regions: 3->3
[2024-10-11T04:23:21.467+0800][info] GC(613) Metaspace: 1697K(1856K)->1697K(1856K) NonClass: 1573K(1664K)->1573K(1664K) Class: 124K(192K)->124K(192K)
[2024-10-11T04:23:21.467+0800][info] GC(613) Pause Young (Prepare Mixed) (G1 Preventive Collection) 117M->117M(128M) 1.451ms
[2024-10-11T04:23:21.467+0800][info] GC(613) User=0.00s Sys=0.00s Real=0.00s
[2024-10-11T04:23:21.529+0800][info] GC(614) Pause Young (Mixed) (G1 Preventive Collection)
[2024-10-11T04:23:21.529+0800][info] GC(614) Using 3 workers of 48 for evacuation
[2024-10-11T04:23:21.530+0800][info] GC(614) To-space exhausted
[2024-10-11T04:23:21.530+0800][info] GC(614)   Pre Evacuate Collection Set: 0.2ms
[2024-10-11T04:23:21.530+0800][info] GC(614)   Merge Heap Roots: 0.1ms
[2024-10-11T04:23:21.530+0800][info] GC(614)   Evacuate Collection Set: 0.6ms
[2024-10-11T04:23:21.530+0800][info] GC(614)   Post Evacuate Collection Set: 0.2ms
[2024-10-11T04:23:21.530+0800][info] GC(614)   Other: 0.2ms
[2024-10-11T04:23:21.530+0800][info] GC(614) Eden regions: 1->0(2)
[2024-10-11T04:23:21.530+0800][info] GC(614) Survivor regions: 1->1(1)
[2024-10-11T04:23:21.530+0800][info] GC(614) Old regions: 55->53
[2024-10-11T04:23:21.530+0800][info] GC(614) Archive regions: 2->2
[2024-10-11T04:23:21.530+0800][info] GC(614) Humongous regions: 3->3
[2024-10-11T04:23:21.530+0800][info] GC(614) Metaspace: 1697K(1856K)->1697K(1856K) NonClass: 1573K(1664K)->1573K(1664K) Class: 124K(192K)->124K(192K)
[2024-10-11T04:23:21.530+0800][info] GC(614) Pause Young (Mixed) (G1 Preventive Collection) 119M->114M(128M) 1.335ms
[2024-10-11T04:23:21.530+0800][info] GC(614) User=0.01s Sys=0.00s Real=0.00s
[2024-10-11T04:23:21.571+0800][info] GC(615) Pause Young (Mixed) (G1 Preventive Collection)
[2024-10-11T04:23:21.571+0800][info] GC(615) Using 3 workers of 48 for evacuation
[2024-10-11T04:23:21.573+0800][info] GC(615) To-space exhausted
[2024-10-11T04:23:21.573+0800][info] GC(615)   Pre Evacuate Collection Set: 0.1ms
[2024-10-11T04:23:21.573+0800][info] GC(615)   Merge Heap Roots: 0.1ms
[2024-10-11T04:23:21.573+0800][info] GC(615)   Evacuate Collection Set: 1.1ms
[2024-10-11T04:23:21.573+0800][info] GC(615)   Post Evacuate Collection Set: 0.2ms
[2024-10-11T04:23:21.573+0800][info] GC(615)   Other: 0.1ms
[2024-10-11T04:23:21.573+0800][info] GC(615) Eden regions: 1->0(2)
[2024-10-11T04:23:21.573+0800][info] GC(615) Survivor regions: 1->1(1)
[2024-10-11T04:23:21.573+0800][info] GC(615) Old regions: 53->53
[2024-10-11T04:23:21.573+0800][info] GC(615) Archive regions: 2->2
[2024-10-11T04:23:21.573+0800][info] GC(615) Humongous regions: 3->3
[2024-10-11T04:23:21.573+0800][info] GC(615) Metaspace: 1697K(1856K)->1697K(1856K) NonClass: 1573K(1664K)->1573K(1664K) Class: 124K(192K)->124K(192K)
[2024-10-11T04:23:21.573+0800][info] GC(615) Pause Young (Mixed) (G1 Preventive Collection) 115M->113M(128M) 1.781ms
[2024-10-11T04:23:21.573+0800][info] GC(615) User=0.00s Sys=0.00s Real=0.00s
[2024-10-11T04:23:21.634+0800][info] GC(616) Pause Young (Mixed) (G1 Preventive Collection)
[2024-10-11T04:23:21.634+0800][info] GC(616) Using 3 workers of 48 for evacuation
[2024-10-11T04:23:21.636+0800][info] GC(616) To-space exhausted
[2024-10-11T04:23:21.636+0800][info] GC(616)   Pre Evacuate Collection Set: 0.2ms
[2024-10-11T04:23:21.636+0800][info] GC(616)   Merge Heap Roots: 0.1ms
[2024-10-11T04:23:21.636+0800][info] GC(616)   Evacuate Collection Set: 1.0ms
[2024-10-11T04:23:21.636+0800][info] GC(616)   Post Evacuate Collection Set: 0.3ms
[2024-10-11T04:23:21.636+0800][info] GC(616)   Other: 0.1ms
[2024-10-11T04:23:21.636+0800][info] GC(616) Eden regions: 1->0(2)
[2024-10-11T04:23:21.636+0800][info] GC(616) Survivor regions: 1->1(1)
[2024-10-11T04:23:21.636+0800][info] GC(616) Old regions: 53->55
[2024-10-11T04:23:21.636+0800][info] GC(616) Archive regions: 2->2
[2024-10-11T04:23:21.636+0800][info] GC(616) Humongous regions: 3->3
[2024-10-11T04:23:21.636+0800][info] GC(616) Metaspace: 1697K(1856K)->1697K(1856K) NonClass: 1573K(1664K)->1573K(1664K) Class: 124K(192K)->124K(192K)
[2024-10-11T04:23:21.636+0800][info] GC(616) Pause Young (Mixed) (G1 Preventive Collection) 115M->117M(128M) 1.778ms
[2024-10-11T04:23:21.636+0800][info] GC(616) User=0.01s Sys=0.00s Real=0.00s
[2024-10-11T04:23:21.677+0800][info] GC(617) Pause Young (Mixed) (G1 Preventive Collection)
[2024-10-11T04:23:21.677+0800][info] GC(617) Using 3 workers of 48 for evacuation
[2024-10-11T04:23:21.679+0800][info] GC(617) To-space exhausted
[2024-10-11T04:23:21.679+0800][info] GC(617)   Pre Evacuate Collection Set: 0.2ms
[2024-10-11T04:23:21.679+0800][info] GC(617)   Merge Heap Roots: 0.1ms
[2024-10-11T04:23:21.679+0800][info] GC(617)   Evacuate Collection Set: 1.0ms
[2024-10-11T04:23:21.679+0800][info] GC(617)   Post Evacuate Collection Set: 0.3ms
[2024-10-11T04:23:21.679+0800][info] GC(617)   Other: 0.1ms
[2024-10-11T04:23:21.679+0800][info] GC(617) Eden regions: 1->0(2)
[2024-10-11T04:23:21.679+0800][info] GC(617) Survivor regions: 1->1(1)
[2024-10-11T04:23:21.679+0800][info] GC(617) Old regions: 55->57
[2024-10-11T04:23:21.679+0800][info] GC(617) Archive regions: 2->2
[2024-10-11T04:23:21.679+0800][info] GC(617) Humongous regions: 3->3
[2024-10-11T04:23:21.679+0800][info] GC(617) Metaspace: 1697K(1856K)->1697K(1856K) NonClass: 1573K(1664K)->1573K(1664K) Class: 124K(192K)->124K(192K)
[2024-10-11T04:23:21.679+0800][info] GC(617) Pause Young (Mixed) (G1 Preventive Collection) 118M->120M(128M) 1.830ms
[2024-10-11T04:23:21.679+0800][info] GC(617) User=0.00s Sys=0.00s Real=0.00s
[2024-10-11T04:23:21.741+0800][info] GC(618) Pause Young (Mixed) (G1 Evacuation Pause)
[2024-10-11T04:23:21.741+0800][info] GC(618) Using 3 workers of 48 for evacuation
[2024-10-11T04:23:21.742+0800][info] GC(618) To-space exhausted
[2024-10-11T04:23:21.742+0800][info] GC(618)   Pre Evacuate Collection Set: 0.2ms
[2024-10-11T04:23:21.742+0800][info] GC(618)   Merge Heap Roots: 0.1ms
[2024-10-11T04:23:21.742+0800][info] GC(618)   Evacuate Collection Set: 0.4ms
[2024-10-11T04:23:21.742+0800][info] GC(618)   Post Evacuate Collection Set: 0.3ms
[2024-10-11T04:23:21.742+0800][info] GC(618)   Other: 0.1ms
[2024-10-11T04:23:21.742+0800][info] GC(618) Eden regions: 1->0(3)
[2024-10-11T04:23:21.742+0800][info] GC(618) Survivor regions: 1->0(0)
[2024-10-11T04:23:21.742+0800][info] GC(618) Old regions: 57->59
[2024-10-11T04:23:21.742+0800][info] GC(618) Archive regions: 2->2
[2024-10-11T04:23:21.742+0800][info] GC(618) Humongous regions: 3->3
[2024-10-11T04:23:21.742+0800][info] GC(618) Metaspace: 1697K(1856K)->1697K(1856K) NonClass: 1573K(1664K)->1573K(1664K) Class: 124K(192K)->124K(192K)
[2024-10-11T04:23:21.742+0800][info] GC(618) Pause Young (Mixed) (G1 Evacuation Pause) 122M->122M(128M) 1.143ms
[2024-10-11T04:23:21.742+0800][info] GC(618) User=0.00s Sys=0.00s Real=0.00s
[2024-10-11T04:23:21.742+0800][info] Attempting full compaction
[2024-10-11T04:23:21.742+0800][info] GC(619) Using 3 workers of 48 for full compaction
[2024-10-11T04:23:21.742+0800][info] GC(619) Pause Full (G1 Compaction Pause)
[2024-10-11T04:23:21.742+0800][info] GC(619) Phase 1: Mark live objects
[2024-10-11T04:23:21.745+0800][info] GC(619) Phase 1: Mark live objects 3.003ms
[2024-10-11T04:23:21.745+0800][info] GC(619) Phase 2: Prepare for compaction
[2024-10-11T04:23:21.745+0800][info] GC(619) Phase 2: Prepare for compaction 0.591ms
[2024-10-11T04:23:21.745+0800][info] GC(619) Phase 3: Adjust pointers
[2024-10-11T04:23:21.747+0800][info] GC(619) Phase 3: Adjust pointers 1.705ms
[2024-10-11T04:23:21.747+0800][info] GC(619) Phase 4: Compact heap
[2024-10-11T04:23:21.759+0800][info] GC(619) Phase 4: Compact heap 12.004ms
[2024-10-11T04:23:21.761+0800][info] GC(619) Eden regions: 0->0(3)
[2024-10-11T04:23:21.761+0800][info] GC(619) Survivor regions: 0->0(0)
[2024-10-11T04:23:21.761+0800][info] GC(619) Old regions: 59->39
[2024-10-11T04:23:21.761+0800][info] GC(619) Archive regions: 2->2
[2024-10-11T04:23:21.761+0800][info] GC(619) Humongous regions: 3->3
[2024-10-11T04:23:21.761+0800][info] GC(619) Metaspace: 1697K(1856K)->1697K(1856K) NonClass: 1573K(1664K)->1573K(1664K) Class: 124K(192K)->124K(192K)
[2024-10-11T04:23:21.761+0800][info] GC(619) Pause Full (G1 Compaction Pause) 122M->72M(128M) 18.947ms
[2024-10-11T04:23:21.761+0800][info] GC(619) User=0.04s Sys=0.00s Real=0.02s
[2024-10-11T04:23:21.925+0800][info] GC(620) Pause Young (Normal) (G1 Evacuation Pause)
[2024-10-11T04:23:21.925+0800][info] GC(620) Using 3 workers of 48 for evacuation
[2024-10-11T04:23:21.926+0800][info] GC(620)   Pre Evacuate Collection Set: 0.1ms
[2024-10-11T04:23:21.926+0800][info] GC(620)   Merge Heap Roots: 0.0ms
[2024-10-11T04:23:21.926+0800][info] GC(620)   Evacuate Collection Set: 0.8ms
[2024-10-11T04:23:21.926+0800][info] GC(620)   Post Evacuate Collection Set: 0.2ms
[2024-10-11T04:23:21.926+0800][info] GC(620)   Other: 0.2ms
[2024-10-11T04:23:21.926+0800][info] GC(620) Eden regions: 3->0(2)
[2024-10-11T04:23:21.926+0800][info] GC(620) Survivor regions: 0->1(1)
[2024-10-11T04:23:21.926+0800][info] GC(620) Old regions: 39->41
[2024-10-11T04:23:21.926+0800][info] GC(620) Archive regions: 2->2
[2024-10-11T04:23:21.926+0800][info] GC(620) Humongous regions: 3->3
[2024-10-11T04:23:21.926+0800][info] GC(620) Metaspace: 1697K(1856K)->1697K(1856K) NonClass: 1573K(1664K)->1573K(1664K) Class: 124K(192K)->124K(192K)
[2024-10-11T04:23:21.926+0800][info] GC(620) Pause Young (Normal) (G1 Evacuation Pause) 77M->77M(128M) 1.522ms
[2024-10-11T04:23:21.926+0800][info] GC(620) User=0.00s Sys=0.00s Real=0.01s
[2024-10-11T04:23:22.028+0800][info] GC(621) Pause Young (Normal) (G1 Evacuation Pause)
[2024-10-11T04:23:22.028+0800][info] GC(621) Using 3 workers of 48 for evacuation
[2024-10-11T04:23:22.029+0800][info] GC(621)   Pre Evacuate Collection Set: 0.1ms
[2024-10-11T04:23:22.029+0800][info] GC(621)   Merge Heap Roots: 0.0ms
[2024-10-11T04:23:22.029+0800][info] GC(621)   Evacuate Collection Set: 0.7ms
[2024-10-11T04:23:22.029+0800][info] GC(621)   Post Evacuate Collection Set: 0.2ms
[2024-10-11T04:23:22.029+0800][info] GC(621)   Other: 0.2ms
[2024-10-11T04:23:22.029+0800][info] GC(621) Eden regions: 2->0(2)
[2024-10-11T04:23:22.029+0800][info] GC(621) Survivor regions: 1->1(1)
[2024-10-11T04:23:22.029+0800][info] GC(621) Old regions: 41->43
[2024-10-11T04:23:22.030+0800][info] GC(621) Archive regions: 2->2
[2024-10-11T04:23:22.030+0800][info] GC(621) Humongous regions: 3->3
[2024-10-11T04:23:22.030+0800][info] GC(621) Metaspace: 1697K(1856K)->1697K(1856K) NonClass: 1573K(1664K)->1573K(1664K) Class: 124K(192K)->124K(192K)
[2024-10-11T04:23:22.030+0800][info] GC(621) Pause Young (Normal) (G1 Evacuation Pause) 81M->81M(128M) 1.352ms
[2024-10-11T04:23:22.030+0800][info] GC(621) User=0.00s Sys=0.00s Real=0.00s
[2024-10-11T04:23:22.132+0800][info] GC(622) Pause Young (Normal) (G1 Evacuation Pause)
[2024-10-11T04:23:22.132+0800][info] GC(622) Using 3 workers of 48 for evacuation
[2024-10-11T04:23:22.133+0800][info] GC(622)   Pre Evacuate Collection Set: 0.1ms
[2024-10-11T04:23:22.133+0800][info] GC(622)   Merge Heap Roots: 0.0ms
[2024-10-11T04:23:22.133+0800][info] GC(622)   Evacuate Collection Set: 0.7ms
[2024-10-11T04:23:22.133+0800][info] GC(622)   Post Evacuate Collection Set: 0.2ms
[2024-10-11T04:23:22.133+0800][info] GC(622)   Other: 0.2ms
[2024-10-11T04:23:22.133+0800][info] GC(622) Eden regions: 2->0(2)
[2024-10-11T04:23:22.133+0800][info] GC(622) Survivor regions: 1->1(1)
[2024-10-11T04:23:22.133+0800][info] GC(622) Old regions: 43->45
[2024-10-11T04:23:22.133+0800][info] GC(622) Archive regions: 2->2
[2024-10-11T04:23:22.133+0800][info] GC(622) Humongous regions: 3->3
[2024-10-11T04:23:22.133+0800][info] GC(622) Metaspace: 1697K(1856K)->1697K(1856K) NonClass: 1573K(1664K)->1573K(1664K) Class: 124K(192K)->124K(192K)
[2024-10-11T04:23:22.133+0800][info] GC(622) Pause Young (Normal) (G1 Evacuation Pause) 84M->85M(128M) 1.391ms
[2024-10-11T04:23:22.133+0800][info] GC(622) User=0.01s Sys=0.00s Real=0.01s
[2024-10-11T04:23:22.235+0800][info] GC(623) Pause Young (Normal) (G1 Evacuation Pause)
[2024-10-11T04:23:22.235+0800][info] GC(623) Using 3 workers of 48 for evacuation
[2024-10-11T04:23:22.236+0800][info] GC(623)   Pre Evacuate Collection Set: 0.1ms
[2024-10-11T04:23:22.236+0800][info] GC(623)   Merge Heap Roots: 0.0ms
[2024-10-11T04:23:22.236+0800][info] GC(623)   Evacuate Collection Set: 0.7ms
[2024-10-11T04:23:22.236+0800][info] GC(623)   Post Evacuate Collection Set: 0.2ms
[2024-10-11T04:23:22.237+0800][info] GC(623)   Other: 0.2ms
[2024-10-11T04:23:22.237+0800][info] GC(623) Eden regions: 2->0(2)
[2024-10-11T04:23:22.237+0800][info] GC(623) Survivor regions: 1->1(1)
[2024-10-11T04:23:22.237+0800][info] GC(623) Old regions: 45->47
[2024-10-11T04:23:22.237+0800][info] GC(623) Archive regions: 2->2
[2024-10-11T04:23:22.237+0800][info] GC(623) Humongous regions: 3->3
[2024-10-11T04:23:22.237+0800][info] GC(623) Metaspace: 1697K(1856K)->1697K(1856K) NonClass: 1573K(1664K)->1573K(1664K) Class: 124K(192K)->124K(192K)
[2024-10-11T04:23:22.237+0800][info] GC(623) Pause Young (Normal) (G1 Evacuation Pause) 88M->89M(128M) 1.316ms
[2024-10-11T04:23:22.237+0800][info] GC(623) User=0.00s Sys=0.00s Real=0.00s
[2024-10-11T04:23:22.339+0800][info] GC(624) Pause Young (Concurrent Start) (G1 Evacuation Pause)
[2024-10-11T04:23:22.339+0800][info] GC(624) Using 3 workers of 48 for evacuation
[2024-10-11T04:23:22.341+0800][info] GC(624)   Pre Evacuate Collection Set: 0.1ms
[2024-10-11T04:23:22.341+0800][info] GC(624)   Merge Heap Roots: 0.0ms
[2024-10-11T04:23:22.341+0800][info] GC(624)   Evacuate Collection Set: 0.8ms
[2024-10-11T04:23:22.341+0800][info] GC(624)   Post Evacuate Collection Set: 0.2ms
[2024-10-11T04:23:22.341+0800][info] GC(624)   Other: 0.3ms
[2024-10-11T04:23:22.341+0800][info] GC(624) Eden regions: 2->0(2)
[2024-10-11T04:23:22.341+0800][info] GC(624) Survivor regions: 1->1(1)
[2024-10-11T04:23:22.341+0800][info] GC(624) Old regions: 47->49
[2024-10-11T04:23:22.341+0800][info] GC(624) Archive regions: 2->2
[2024-10-11T04:23:22.341+0800][info] GC(624) Humongous regions: 3->3
[2024-10-11T04:23:22.341+0800][info] GC(624) Metaspace: 1697K(1856K)->1697K(1856K) NonClass: 1573K(1664K)->1573K(1664K) Class: 124K(192K)->124K(192K)
[2024-10-11T04:23:22.341+0800][info] GC(624) Pause Young (Concurrent Start) (G1 Evacuation Pause) 92M->93M(128M) 1.631ms
[2024-10-11T04:23:22.341+0800][info] GC(624) User=0.00s Sys=0.00s Real=0.00s
[2024-10-11T04:23:22.341+0800][info] GC(625) Concurrent Mark Cycle
[2024-10-11T04:23:22.341+0800][info] GC(625) Concurrent Clear Claimed Marks
[2024-10-11T04:23:22.341+0800][info] GC(625) Concurrent Clear Claimed Marks 0.017ms
[2024-10-11T04:23:22.341+0800][info] GC(625) Concurrent Scan Root Regions
[2024-10-11T04:23:22.341+0800][info] GC(625) Concurrent Scan Root Regions 0.207ms
[2024-10-11T04:23:22.341+0800][info] GC(625) Concurrent Mark
[2024-10-11T04:23:22.341+0800][info] GC(625) Concurrent Mark From Roots
[2024-10-11T04:23:22.341+0800][info] GC(625) Using 12 workers of 12 for marking
[2024-10-11T04:23:22.345+0800][info] GC(625) Concurrent Mark From Roots 4.230ms
[2024-10-11T04:23:22.345+0800][info] GC(625) Concurrent Preclean
[2024-10-11T04:23:22.347+0800][info] GC(625) Concurrent Preclean 1.682ms
[2024-10-11T04:23:22.347+0800][info] GC(625) Pause Remark
[2024-10-11T04:23:22.349+0800][info] GC(625) Pause Remark 93M->91M(128M) 1.442ms
[2024-10-11T04:23:22.349+0800][info] GC(625) User=0.00s Sys=0.00s Real=0.00s
[2024-10-11T04:23:22.349+0800][info] GC(625) Concurrent Mark 7.649ms
[2024-10-11T04:23:22.349+0800][info] GC(625) Concurrent Rebuild Remembered Sets
[2024-10-11T04:23:22.351+0800][info] GC(625) Concurrent Rebuild Remembered Sets 2.030ms
[2024-10-11T04:23:22.351+0800][info] GC(625) Pause Cleanup
[2024-10-11T04:23:22.351+0800][info] GC(625) Pause Cleanup 91M->91M(128M) 0.241ms
[2024-10-11T04:23:22.351+0800][info] GC(625) User=0.00s Sys=0.00s Real=0.00s
[2024-10-11T04:23:22.351+0800][info] GC(625) Concurrent Cleanup for Next Mark
[2024-10-11T04:23:22.352+0800][info] GC(625) Concurrent Cleanup for Next Mark 0.357ms
[2024-10-11T04:23:22.352+0800][info] GC(625) Concurrent Mark Cycle 10.852ms
[2024-10-11T04:23:22.494+0800][info] GC(626) Pause Young (Prepare Mixed) (G1 Evacuation Pause)
[2024-10-11T04:23:22.494+0800][info] GC(626) Using 3 workers of 48 for evacuation
[2024-10-11T04:23:22.495+0800][info] GC(626)   Pre Evacuate Collection Set: 0.1ms
[2024-10-11T04:23:22.495+0800][info] GC(626)   Merge Heap Roots: 0.1ms
[2024-10-11T04:23:22.495+0800][info] GC(626)   Evacuate Collection Set: 0.8ms
[2024-10-11T04:23:22.495+0800][info] GC(626)   Post Evacuate Collection Set: 0.2ms
[2024-10-11T04:23:22.495+0800][info] GC(626)   Other: 0.2ms
[2024-10-11T04:23:22.495+0800][info] GC(626) Eden regions: 2->0(2)
[2024-10-11T04:23:22.495+0800][info] GC(626) Survivor regions: 1->1(1)
[2024-10-11T04:23:22.495+0800][info] GC(626) Old regions: 47->49
[2024-10-11T04:23:22.495+0800][info] GC(626) Archive regions: 2->2
[2024-10-11T04:23:22.495+0800][info] GC(626) Humongous regions: 3->3
[2024-10-11T04:23:22.495+0800][info] GC(626) Metaspace: 1697K(1856K)->1697K(1856K) NonClass: 1573K(1664K)->1573K(1664K) Class: 124K(192K)->124K(192K)
[2024-10-11T04:23:22.495+0800][info] GC(626) Pause Young (Prepare Mixed) (G1 Evacuation Pause) 94M->95M(128M) 1.499ms
[2024-10-11T04:23:22.495+0800][info] GC(626) User=0.00s Sys=0.00s Real=0.00s
[2024-10-11T04:23:22.598+0800][info] GC(627) Pause Young (Mixed) (G1 Evacuation Pause)
[2024-10-11T04:23:22.598+0800][info] GC(627) Using 3 workers of 48 for evacuation
[2024-10-11T04:23:22.600+0800][info] GC(627)   Pre Evacuate Collection Set: 0.2ms
[2024-10-11T04:23:22.600+0800][info] GC(627)   Merge Heap Roots: 0.1ms
[2024-10-11T04:23:22.600+0800][info] GC(627)   Evacuate Collection Set: 1.4ms
[2024-10-11T04:23:22.600+0800][info] GC(627)   Post Evacuate Collection Set: 0.2ms
[2024-10-11T04:23:22.600+0800][info] GC(627)   Other: 0.2ms
[2024-10-11T04:23:22.600+0800][info] GC(627) Eden regions: 2->0(2)
[2024-10-11T04:23:22.600+0800][info] GC(627) Survivor regions: 1->1(1)
[2024-10-11T04:23:22.600+0800][info] GC(627) Old regions: 49->47
[2024-10-11T04:23:22.600+0800][info] GC(627) Archive regions: 2->2
[2024-10-11T04:23:22.600+0800][info] GC(627) Humongous regions: 3->3
[2024-10-11T04:23:22.600+0800][info] GC(627) Metaspace: 1697K(1856K)->1697K(1856K) NonClass: 1573K(1664K)->1573K(1664K) Class: 124K(192K)->124K(192K)
[2024-10-11T04:23:22.600+0800][info] GC(627) Pause Young (Mixed) (G1 Evacuation Pause) 98M->93M(128M) 2.145ms
[2024-10-11T04:23:22.600+0800][info] GC(627) User=0.01s Sys=0.00s Real=0.00s
[2024-10-11T04:23:22.702+0800][info] GC(628) Pause Young (Mixed) (G1 Evacuation Pause)
[2024-10-11T04:23:22.702+0800][info] GC(628) Using 3 workers of 48 for evacuation
[2024-10-11T04:23:22.704+0800][info] GC(628)   Pre Evacuate Collection Set: 0.2ms
[2024-10-11T04:23:22.704+0800][info] GC(628)   Merge Heap Roots: 0.1ms
[2024-10-11T04:23:22.704+0800][info] GC(628)   Evacuate Collection Set: 1.8ms
[2024-10-11T04:23:22.704+0800][info] GC(628)   Post Evacuate Collection Set: 0.2ms
[2024-10-11T04:23:22.704+0800][info] GC(628)   Other: 0.1ms
[2024-10-11T04:23:22.704+0800][info] GC(628) Eden regions: 2->0(2)
[2024-10-11T04:23:22.704+0800][info] GC(628) Survivor regions: 1->1(1)
[2024-10-11T04:23:22.704+0800][info] GC(628) Old regions: 47->46
[2024-10-11T04:23:22.704+0800][info] GC(628) Archive regions: 2->2
[2024-10-11T04:23:22.704+0800][info] GC(628) Humongous regions: 3->3
[2024-10-11T04:23:22.704+0800][info] GC(628) Metaspace: 1697K(1856K)->1697K(1856K) NonClass: 1573K(1664K)->1573K(1664K) Class: 124K(192K)->124K(192K)
[2024-10-11T04:23:22.704+0800][info] GC(628) Pause Young (Mixed) (G1 Evacuation Pause) 97M->93M(128M) 2.520ms
[2024-10-11T04:23:22.704+0800][info] GC(628) User=0.00s Sys=0.00s Real=0.00s
[2024-10-11T04:23:22.807+0800][info] GC(629) Pause Young (Mixed) (G1 Evacuation Pause)
[2024-10-11T04:23:22.807+0800][info] GC(629) Using 3 workers of 48 for evacuation
[2024-10-11T04:23:22.810+0800][info] GC(629)   Pre Evacuate Collection Set: 0.2ms
[2024-10-11T04:23:22.810+0800][info] GC(629)   Merge Heap Roots: 0.0ms
[2024-10-11T04:23:22.810+0800][info] GC(629)   Evacuate Collection Set: 2.0ms
[2024-10-11T04:23:22.810+0800][info] GC(629)   Post Evacuate Collection Set: 0.2ms
[2024-10-11T04:23:22.810+0800][info] GC(629)   Other: 0.2ms
[2024-10-11T04:23:22.810+0800][info] GC(629) Eden regions: 2->0(2)
[2024-10-11T04:23:22.810+0800][info] GC(629) Survivor regions: 1->1(1)
[2024-10-11T04:23:22.810+0800][info] GC(629) Old regions: 46->46
[2024-10-11T04:23:22.810+0800][info] GC(629) Archive regions: 2->2
[2024-10-11T04:23:22.810+0800][info] GC(629) Humongous regions: 3->3
[2024-10-11T04:23:22.810+0800][info] GC(629) Metaspace: 1697K(1856K)->1697K(1856K) NonClass: 1573K(1664K)->1573K(1664K) Class: 124K(192K)->124K(192K)
[2024-10-11T04:23:22.810+0800][info] GC(629) Pause Young (Mixed) (G1 Evacuation Pause) 96M->94M(128M) 2.716ms
[2024-10-11T04:23:22.810+0800][info] GC(629) User=0.00s Sys=0.00s Real=0.00s
[2024-10-11T04:23:22.912+0800][info] GC(630) Pause Young (Mixed) (G1 Evacuation Pause)
[2024-10-11T04:23:22.912+0800][info] GC(630) Using 3 workers of 48 for evacuation
[2024-10-11T04:23:22.914+0800][info] GC(630)   Pre Evacuate Collection Set: 0.2ms
[2024-10-11T04:23:22.914+0800][info] GC(630)   Merge Heap Roots: 0.0ms
[2024-10-11T04:23:22.914+0800][info] GC(630)   Evacuate Collection Set: 1.0ms
[2024-10-11T04:23:22.914+0800][info] GC(630)   Post Evacuate Collection Set: 0.2ms
[2024-10-11T04:23:22.914+0800][info] GC(630)   Other: 0.2ms
[2024-10-11T04:23:22.914+0800][info] GC(630) Eden regions: 2->0(2)
[2024-10-11T04:23:22.914+0800][info] GC(630) Survivor regions: 1->1(1)
[2024-10-11T04:23:22.914+0800][info] GC(630) Old regions: 46->47
[2024-10-11T04:23:22.914+0800][info] GC(630) Archive regions: 2->2
[2024-10-11T04:23:22.914+0800][info] GC(630) Humongous regions: 3->3
[2024-10-11T04:23:22.914+0800][info] GC(630) Metaspace: 1697K(1856K)->1697K(1856K) NonClass: 1573K(1664K)->1573K(1664K) Class: 124K(192K)->124K(192K)
[2024-10-11T04:23:22.914+0800][info] GC(630) Pause Young (Mixed) (G1 Evacuation Pause) 98M->98M(128M) 1.644ms
[2024-10-11T04:23:22.914+0800][info] GC(630) User=0.01s Sys=0.00s Real=0.01s
[2024-10-11T04:23:23.016+0800][info] GC(631) Pause Young (Normal) (G1 Evacuation Pause)
[2024-10-11T04:23:23.016+0800][info] GC(631) Using 3 workers of 48 for evacuation
[2024-10-11T04:23:23.018+0800][info] GC(631)   Pre Evacuate Collection Set: 0.1ms
[2024-10-11T04:23:23.018+0800][info] GC(631)   Merge Heap Roots: 0.1ms
[2024-10-11T04:23:23.018+0800][info] GC(631)   Evacuate Collection Set: 0.8ms
[2024-10-11T04:23:23.018+0800][info] GC(631)   Post Evacuate Collection Set: 0.2ms
[2024-10-11T04:23:23.018+0800][info] GC(631)   Other: 0.2ms
[2024-10-11T04:23:23.018+0800][info] GC(631) Eden regions: 2->0(2)
[2024-10-11T04:23:23.018+0800][info] GC(631) Survivor regions: 1->1(1)
[2024-10-11T04:23:23.018+0800][info] GC(631) Old regions: 47->49
[2024-10-11T04:23:23.018+0800][info] GC(631) Archive regions: 2->2
[2024-10-11T04:23:23.018+0800][info] GC(631) Humongous regions: 3->3
[2024-10-11T04:23:23.018+0800][info] GC(631) Metaspace: 1697K(1856K)->1697K(1856K) NonClass: 1573K(1664K)->1573K(1664K) Class: 124K(192K)->124K(192K)
[2024-10-11T04:23:23.018+0800][info] GC(631) Pause Young (Normal) (G1 Evacuation Pause) 101M->101M(128M) 1.447ms
[2024-10-11T04:23:23.018+0800][info] GC(631) User=0.00s Sys=0.00s Real=0.00s
[2024-10-11T04:23:23.120+0800][info] GC(632) Pause Young (Normal) (G1 Evacuation Pause)
[2024-10-11T04:23:23.120+0800][info] GC(632) Using 3 workers of 48 for evacuation
[2024-10-11T04:23:23.121+0800][info] GC(632)   Pre Evacuate Collection Set: 0.1ms
[2024-10-11T04:23:23.121+0800][info] GC(632)   Merge Heap Roots: 0.0ms
[2024-10-11T04:23:23.121+0800][info] GC(632)   Evacuate Collection Set: 0.8ms
[2024-10-11T04:23:23.121+0800][info] GC(632)   Post Evacuate Collection Set: 0.2ms
[2024-10-11T04:23:23.121+0800][info] GC(632)   Other: 0.2ms
[2024-10-11T04:23:23.121+0800][info] GC(632) Eden regions: 2->0(2)
[2024-10-11T04:23:23.121+0800][info] GC(632) Survivor regions: 1->1(1)
[2024-10-11T04:23:23.121+0800][info] GC(632) Old regions: 49->51
[2024-10-11T04:23:23.121+0800][info] GC(632) Archive regions: 2->2
[2024-10-11T04:23:23.121+0800][info] GC(632) Humongous regions: 3->3
[2024-10-11T04:23:23.121+0800][info] GC(632) Metaspace: 1697K(1856K)->1697K(1856K) NonClass: 1573K(1664K)->1573K(1664K) Class: 124K(192K)->124K(192K)
[2024-10-11T04:23:23.121+0800][info] GC(632) Pause Young (Normal) (G1 Evacuation Pause) 104M->104M(128M) 1.508ms
[2024-10-11T04:23:23.121+0800][info] GC(632) User=0.00s Sys=0.01s Real=0.00s
[2024-10-11T04:23:23.183+0800][info] GC(633) Pause Young (Concurrent Start) (G1 Humongous Allocation)
[2024-10-11T04:23:23.183+0800][info] GC(633) Using 3 workers of 48 for evacuation
[2024-10-11T04:23:23.184+0800][info] GC(633)   Pre Evacuate Collection Set: 0.1ms
[2024-10-11T04:23:23.184+0800][info] GC(633)   Merge Heap Roots: 0.0ms
[2024-10-11T04:23:23.184+0800][info] GC(633)   Evacuate Collection Set: 0.7ms
[2024-10-11T04:23:23.184+0800][info] GC(633)   Post Evacuate Collection Set: 0.2ms
[2024-10-11T04:23:23.184+0800][info] GC(633)   Other: 0.3ms
[2024-10-11T04:23:23.184+0800][info] GC(633) Eden regions: 2->0(2)
[2024-10-11T04:23:23.184+0800][info] GC(633) Survivor regions: 1->1(1)
[2024-10-11T04:23:23.184+0800][info] GC(633) Old regions: 51->52
[2024-10-11T04:23:23.184+0800][info] GC(633) Archive regions: 2->2
[2024-10-11T04:23:23.184+0800][info] GC(633) Humongous regions: 3->3
[2024-10-11T04:23:23.184+0800][info] GC(633) Metaspace: 1697K(1856K)->1697K(1856K) NonClass: 1573K(1664K)->1573K(1664K) Class: 124K(192K)->124K(192K)
[2024-10-11T04:23:23.184+0800][info] GC(633) Pause Young (Concurrent Start) (G1 Humongous Allocation) 107M->107M(128M) 1.474ms
[2024-10-11T04:23:23.184+0800][info] GC(633) User=0.01s Sys=0.00s Real=0.00s
[2024-10-11T04:23:23.184+0800][info] GC(634) Concurrent Mark Cycle
[2024-10-11T04:23:23.184+0800][info] GC(634) Concurrent Clear Claimed Marks
[2024-10-11T04:23:23.184+0800][info] GC(634) Concurrent Clear Claimed Marks 0.017ms
[2024-10-11T04:23:23.184+0800][info] GC(634) Concurrent Scan Root Regions
[2024-10-11T04:23:23.184+0800][info] GC(634) Concurrent Scan Root Regions 0.149ms
[2024-10-11T04:23:23.184+0800][info] GC(634) Concurrent Mark
[2024-10-11T04:23:23.184+0800][info] GC(634) Concurrent Mark From Roots
[2024-10-11T04:23:23.184+0800][info] GC(634) Using 12 workers of 12 for marking
[2024-10-11T04:23:23.188+0800][info] GC(634) Concurrent Mark From Roots 3.494ms
[2024-10-11T04:23:23.188+0800][info] GC(634) Concurrent Preclean
[2024-10-11T04:23:23.190+0800][info] GC(634) Concurrent Preclean 1.703ms
[2024-10-11T04:23:23.190+0800][info] GC(634) Pause Remark
[2024-10-11T04:23:23.191+0800][info] GC(634) Pause Remark 109M->109M(128M) 1.562ms
[2024-10-11T04:23:23.191+0800][info] GC(634) User=0.00s Sys=0.00s Real=0.00s
[2024-10-11T04:23:23.192+0800][info] GC(634) Concurrent Mark 7.094ms
[2024-10-11T04:23:23.192+0800][info] GC(634) Concurrent Rebuild Remembered Sets
[2024-10-11T04:23:23.193+0800][info] GC(634) Concurrent Rebuild Remembered Sets 1.655ms
[2024-10-11T04:23:23.193+0800][info] GC(634) Pause Cleanup
[2024-10-11T04:23:23.194+0800][info] GC(634) Pause Cleanup 109M->109M(128M) 0.183ms
[2024-10-11T04:23:23.194+0800][info] GC(634) User=0.00s Sys=0.00s Real=0.00s
[2024-10-11T04:23:23.194+0800][info] GC(634) Concurrent Cleanup for Next Mark
[2024-10-11T04:23:23.194+0800][info] GC(634) Concurrent Cleanup for Next Mark 0.390ms
[2024-10-11T04:23:23.194+0800][info] GC(634) Concurrent Mark Cycle 9.831ms
[2024-10-11T04:23:23.358+0800][info] GC(635) Pause Young (Prepare Mixed) (G1 Preventive Collection)
[2024-10-11T04:23:23.358+0800][info] GC(635) Using 3 workers of 48 for evacuation
[2024-10-11T04:23:23.360+0800][info] GC(635)   Pre Evacuate Collection Set: 0.1ms
[2024-10-11T04:23:23.360+0800][info] GC(635)   Merge Heap Roots: 0.1ms
[2024-10-11T04:23:23.360+0800][info] GC(635)   Evacuate Collection Set: 0.9ms
[2024-10-11T04:23:23.360+0800][info] GC(635)   Post Evacuate Collection Set: 0.2ms
[2024-10-11T04:23:23.360+0800][info] GC(635)   Other: 0.2ms
[2024-10-11T04:23:23.360+0800][info] GC(635) Eden regions: 2->0(2)
[2024-10-11T04:23:23.360+0800][info] GC(635) Survivor regions: 1->1(1)
[2024-10-11T04:23:23.360+0800][info] GC(635) Old regions: 52->54
[2024-10-11T04:23:23.360+0800][info] GC(635) Archive regions: 2->2
[2024-10-11T04:23:23.360+0800][info] GC(635) Humongous regions: 4->3
[2024-10-11T04:23:23.360+0800][info] GC(635) Metaspace: 1697K(1856K)->1697K(1856K) NonClass: 1573K(1664K)->1573K(1664K) Class: 124K(192K)->124K(192K)
[2024-10-11T04:23:23.360+0800][info] GC(635) Pause Young (Prepare Mixed) (G1 Preventive Collection) 113M->111M(128M) 1.618ms
[2024-10-11T04:23:23.360+0800][info] GC(635) User=0.01s Sys=0.00s Real=0.00s
[2024-10-11T04:23:23.421+0800][info] GC(636) Pause Young (Mixed) (G1 Preventive Collection)
[2024-10-11T04:23:23.421+0800][info] GC(636) Using 3 workers of 48 for evacuation
[2024-10-11T04:23:23.423+0800][info] GC(636) To-space exhausted
[2024-10-11T04:23:23.423+0800][info] GC(636)   Pre Evacuate Collection Set: 0.2ms
[2024-10-11T04:23:23.423+0800][info] GC(636)   Merge Heap Roots: 0.1ms
[2024-10-11T04:23:23.423+0800][info] GC(636)   Evacuate Collection Set: 1.4ms
[2024-10-11T04:23:23.423+0800][info] GC(636)   Post Evacuate Collection Set: 0.2ms
[2024-10-11T04:23:23.423+0800][info] GC(636)   Other: 0.2ms
[2024-10-11T04:23:23.423+0800][info] GC(636) Eden regions: 1->0(2)
[2024-10-11T04:23:23.423+0800][info] GC(636) Survivor regions: 1->1(1)
[2024-10-11T04:23:23.423+0800][info] GC(636) Old regions: 54->56
[2024-10-11T04:23:23.423+0800][info] GC(636) Archive regions: 2->2
[2024-10-11T04:23:23.423+0800][info] GC(636) Humongous regions: 3->3
[2024-10-11T04:23:23.423+0800][info] GC(636) Metaspace: 1697K(1856K)->1697K(1856K) NonClass: 1573K(1664K)->1573K(1664K) Class: 124K(192K)->124K(192K)
[2024-10-11T04:23:23.423+0800][info] GC(636) Pause Young (Mixed) (G1 Preventive Collection) 113M->116M(128M) 2.181ms
[2024-10-11T04:23:23.424+0800][info] GC(636) User=0.00s Sys=0.00s Real=0.00s
[2024-10-11T04:23:23.465+0800][info] GC(637) Pause Young (Mixed) (G1 Preventive Collection)
[2024-10-11T04:23:23.465+0800][info] GC(637) Using 3 workers of 48 for evacuation
[2024-10-11T04:23:23.466+0800][info] GC(637) To-space exhausted
[2024-10-11T04:23:23.466+0800][info] GC(637)   Pre Evacuate Collection Set: 0.2ms
[2024-10-11T04:23:23.466+0800][info] GC(637)   Merge Heap Roots: 0.1ms
[2024-10-11T04:23:23.466+0800][info] GC(637)   Evacuate Collection Set: 0.5ms
[2024-10-11T04:23:23.466+0800][info] GC(637)   Post Evacuate Collection Set: 0.2ms
[2024-10-11T04:23:23.466+0800][info] GC(637)   Other: 0.1ms
[2024-10-11T04:23:23.466+0800][info] GC(637) Eden regions: 1->0(2)
[2024-10-11T04:23:23.466+0800][info] GC(637) Survivor regions: 1->1(1)
[2024-10-11T04:23:23.466+0800][info] GC(637) Old regions: 56->57
[2024-10-11T04:23:23.466+0800][info] GC(637) Archive regions: 2->2
[2024-10-11T04:23:23.466+0800][info] GC(637) Humongous regions: 3->3
[2024-10-11T04:23:23.466+0800][info] GC(637) Metaspace: 1697K(1856K)->1697K(1856K) NonClass: 1573K(1664K)->1573K(1664K) Class: 124K(192K)->124K(192K)
[2024-10-11T04:23:23.466+0800][info] GC(637) Pause Young (Mixed) (G1 Preventive Collection) 117M->117M(128M) 1.164ms
[2024-10-11T04:23:23.466+0800][info] GC(637) User=0.00s Sys=0.00s Real=0.01s
[2024-10-11T04:23:23.527+0800][info] GC(638) Pause Young (Mixed) (G1 Evacuation Pause)
[2024-10-11T04:23:23.527+0800][info] GC(638) Using 3 workers of 48 for evacuation
[2024-10-11T04:23:23.529+0800][info] GC(638) To-space exhausted
[2024-10-11T04:23:23.529+0800][info] GC(638)   Pre Evacuate Collection Set: 0.2ms
[2024-10-11T04:23:23.529+0800][info] GC(638)   Merge Heap Roots: 0.1ms
[2024-10-11T04:23:23.529+0800][info] GC(638)   Evacuate Collection Set: 0.5ms
[2024-10-11T04:23:23.529+0800][info] GC(638)   Post Evacuate Collection Set: 0.7ms
[2024-10-11T04:23:23.529+0800][info] GC(638)   Other: 0.1ms
[2024-10-11T04:23:23.529+0800][info] GC(638) Eden regions: 1->0(3)
[2024-10-11T04:23:23.529+0800][info] GC(638) Survivor regions: 1->0(0)
[2024-10-11T04:23:23.529+0800][info] GC(638) Old regions: 57->59
[2024-10-11T04:23:23.529+0800][info] GC(638) Archive regions: 2->2
[2024-10-11T04:23:23.529+0800][info] GC(638) Humongous regions: 3->3
[2024-10-11T04:23:23.529+0800][info] GC(638) Metaspace: 1697K(1856K)->1697K(1856K) NonClass: 1573K(1664K)->1573K(1664K) Class: 124K(192K)->124K(192K)
[2024-10-11T04:23:23.529+0800][info] GC(638) Pause Young (Mixed) (G1 Evacuation Pause) 119M->119M(128M) 1.589ms
[2024-10-11T04:23:23.529+0800][info] GC(638) User=0.01s Sys=0.00s Real=0.00s
[2024-10-11T04:23:23.529+0800][info] Attempting full compaction
[2024-10-11T04:23:23.529+0800][info] GC(639) Using 3 workers of 48 for full compaction
[2024-10-11T04:23:23.529+0800][info] GC(639) Pause Full (G1 Compaction Pause)
[2024-10-11T04:23:23.529+0800][info] GC(639) Phase 1: Mark live objects
[2024-10-11T04:23:23.535+0800][info] GC(639) Phase 1: Mark live objects 5.850ms
[2024-10-11T04:23:23.535+0800][info] GC(639) Phase 2: Prepare for compaction
[2024-10-11T04:23:23.536+0800][info] GC(639) Phase 2: Prepare for compaction 0.652ms
[2024-10-11T04:23:23.536+0800][info] GC(639) Phase 3: Adjust pointers
[2024-10-11T04:23:23.537+0800][info] GC(639) Phase 3: Adjust pointers 1.038ms
[2024-10-11T04:23:23.537+0800][info] GC(639) Phase 4: Compact heap
[2024-10-11T04:23:23.546+0800][info] GC(639) Phase 4: Compact heap 9.279ms
[2024-10-11T04:23:23.549+0800][info] GC(639) Eden regions: 0->0(4)
[2024-10-11T04:23:23.549+0800][info] GC(639) Survivor regions: 0->0(0)
[2024-10-11T04:23:23.549+0800][info] GC(639) Old regions: 59->38
[2024-10-11T04:23:23.549+0800][info] GC(639) Archive regions: 2->2
[2024-10-11T04:23:23.549+0800][info] GC(639) Humongous regions: 3->3
[2024-10-11T04:23:23.549+0800][info] GC(639) Metaspace: 1697K(1856K)->1697K(1856K) NonClass: 1573K(1664K)->1573K(1664K) Class: 124K(192K)->124K(192K)
[2024-10-11T04:23:23.549+0800][info] GC(639) Pause Full (G1 Compaction Pause) 119M->71M(128M) 19.790ms
[2024-10-11T04:23:23.549+0800][info] GC(639) User=0.04s Sys=0.01s Real=0.02s
[2024-10-11T04:23:23.754+0800][info] GC(640) Pause Young (Normal) (G1 Evacuation Pause)
[2024-10-11T04:23:23.754+0800][info] GC(640) Using 3 workers of 48 for evacuation
[2024-10-11T04:23:23.755+0800][info] GC(640)   Pre Evacuate Collection Set: 0.1ms
[2024-10-11T04:23:23.755+0800][info] GC(640)   Merge Heap Roots: 0.1ms
[2024-10-11T04:23:23.755+0800][info] GC(640)   Evacuate Collection Set: 1.0ms
[2024-10-11T04:23:23.755+0800][info] GC(640)   Post Evacuate Collection Set: 0.2ms
[2024-10-11T04:23:23.755+0800][info] GC(640)   Other: 0.3ms
[2024-10-11T04:23:23.755+0800][info] GC(640) Eden regions: 4->0(2)
[2024-10-11T04:23:23.755+0800][info] GC(640) Survivor regions: 0->1(1)
[2024-10-11T04:23:23.755+0800][info] GC(640) Old regions: 38->41
[2024-10-11T04:23:23.755+0800][info] GC(640) Archive regions: 2->2
[2024-10-11T04:23:23.755+0800][info] GC(640) Humongous regions: 3->3
[2024-10-11T04:23:23.755+0800][info] GC(640) Metaspace: 1697K(1856K)->1697K(1856K) NonClass: 1573K(1664K)->1573K(1664K) Class: 124K(192K)->124K(192K)
[2024-10-11T04:23:23.755+0800][info] GC(640) Pause Young (Normal) (G1 Evacuation Pause) 79M->79M(128M) 1.767ms
[2024-10-11T04:23:23.755+0800][info] GC(640) User=0.00s Sys=0.00s Real=0.00s
[2024-10-11T04:23:23.857+0800][info] GC(641) Pause Young (Normal) (G1 Evacuation Pause)
[2024-10-11T04:23:23.857+0800][info] GC(641) Using 3 workers of 48 for evacuation
[2024-10-11T04:23:23.858+0800][info] GC(641)   Pre Evacuate Collection Set: 0.1ms
[2024-10-11T04:23:23.858+0800][info] GC(641)   Merge Heap Roots: 0.0ms
[2024-10-11T04:23:23.859+0800][info] GC(641)   Evacuate Collection Set: 0.6ms
[2024-10-11T04:23:23.859+0800][info] GC(641)   Post Evacuate Collection Set: 0.2ms
[2024-10-11T04:23:23.859+0800][info] GC(641)   Other: 0.2ms
[2024-10-11T04:23:23.859+0800][info] GC(641) Eden regions: 2->0(2)
[2024-10-11T04:23:23.859+0800][info] GC(641) Survivor regions: 1->1(1)
[2024-10-11T04:23:23.859+0800][info] GC(641) Old regions: 41->43
[2024-10-11T04:23:23.859+0800][info] GC(641) Archive regions: 2->2
[2024-10-11T04:23:23.859+0800][info] GC(641) Humongous regions: 3->3
[2024-10-11T04:23:23.859+0800][info] GC(641) Metaspace: 1697K(1856K)->1697K(1856K) NonClass: 1573K(1664K)->1573K(1664K) Class: 124K(192K)->124K(192K)
[2024-10-11T04:23:23.859+0800][info] GC(641) Pause Young (Normal) (G1 Evacuation Pause) 82M->82M(128M) 1.241ms
[2024-10-11T04:23:23.859+0800][info] GC(641) User=0.00s Sys=0.00s Real=0.00s
[2024-10-11T04:23:23.961+0800][info] GC(642) Pause Young (Normal) (G1 Evacuation Pause)
[2024-10-11T04:23:23.961+0800][info] GC(642) Using 3 workers of 48 for evacuation
[2024-10-11T04:23:23.962+0800][info] GC(642)   Pre Evacuate Collection Set: 0.1ms
[2024-10-11T04:23:23.962+0800][info] GC(642)   Merge Heap Roots: 0.1ms
[2024-10-11T04:23:23.962+0800][info] GC(642)   Evacuate Collection Set: 0.7ms
[2024-10-11T04:23:23.962+0800][info] GC(642)   Post Evacuate Collection Set: 0.2ms
[2024-10-11T04:23:23.962+0800][info] GC(642)   Other: 0.2ms
[2024-10-11T04:23:23.962+0800][info] GC(642) Eden regions: 2->0(2)
[2024-10-11T04:23:23.962+0800][info] GC(642) Survivor regions: 1->1(1)
[2024-10-11T04:23:23.962+0800][info] GC(642) Old regions: 43->45
[2024-10-11T04:23:23.962+0800][info] GC(642) Archive regions: 2->2
[2024-10-11T04:23:23.962+0800][info] GC(642) Humongous regions: 3->3
[2024-10-11T04:23:23.962+0800][info] GC(642) Metaspace: 1697K(1856K)->1697K(1856K) NonClass: 1573K(1664K)->1573K(1664K) Class: 124K(192K)->124K(192K)
[2024-10-11T04:23:23.962+0800][info] GC(642) Pause Young (Normal) (G1 Evacuation Pause) 86M->86M(128M) 1.335ms
[2024-10-11T04:23:23.962+0800][info] GC(642) User=0.00s Sys=0.00s Real=0.00s
[2024-10-11T04:23:24.064+0800][info] GC(643) Pause Young (Normal) (G1 Evacuation Pause)
[2024-10-11T04:23:24.064+0800][info] GC(643) Using 3 workers of 48 for evacuation
[2024-10-11T04:23:24.066+0800][info] GC(643)   Pre Evacuate Collection Set: 0.1ms
[2024-10-11T04:23:24.066+0800][info] GC(643)   Merge Heap Roots: 0.0ms
[2024-10-11T04:23:24.066+0800][info] GC(643)   Evacuate Collection Set: 0.8ms
[2024-10-11T04:23:24.066+0800][info] GC(643)   Post Evacuate Collection Set: 0.2ms
[2024-10-11T04:23:24.066+0800][info] GC(643)   Other: 0.2ms
[2024-10-11T04:23:24.066+0800][info] GC(643) Eden regions: 2->0(2)
[2024-10-11T04:23:24.066+0800][info] GC(643) Survivor regions: 1->1(1)
[2024-10-11T04:23:24.066+0800][info] GC(643) Old regions: 45->47
[2024-10-11T04:23:24.066+0800][info] GC(643) Archive regions: 2->2
[2024-10-11T04:23:24.066+0800][info] GC(643) Humongous regions: 3->3
[2024-10-11T04:23:24.066+0800][info] GC(643) Metaspace: 1697K(1856K)->1697K(1856K) NonClass: 1573K(1664K)->1573K(1664K) Class: 124K(192K)->124K(192K)
[2024-10-11T04:23:24.066+0800][info] GC(643) Pause Young (Normal) (G1 Evacuation Pause) 90M->90M(128M) 1.435ms
[2024-10-11T04:23:24.066+0800][info] GC(643) User=0.00s Sys=0.00s Real=0.01s
[2024-10-11T04:23:24.168+0800][info] GC(644) Pause Young (Concurrent Start) (G1 Evacuation Pause)
[2024-10-11T04:23:24.168+0800][info] GC(644) Using 3 workers of 48 for evacuation
[2024-10-11T04:23:24.170+0800][info] GC(644)   Pre Evacuate Collection Set: 0.1ms
[2024-10-11T04:23:24.170+0800][info] GC(644)   Merge Heap Roots: 0.1ms
[2024-10-11T04:23:24.170+0800][info] GC(644)   Evacuate Collection Set: 0.7ms
[2024-10-11T04:23:24.170+0800][info] GC(644)   Post Evacuate Collection Set: 0.2ms
[2024-10-11T04:23:24.170+0800][info] GC(644)   Other: 1.1ms
[2024-10-11T04:23:24.170+0800][info] GC(644) Eden regions: 2->0(2)
[2024-10-11T04:23:24.170+0800][info] GC(644) Survivor regions: 1->1(1)
[2024-10-11T04:23:24.170+0800][info] GC(644) Old regions: 47->49
[2024-10-11T04:23:24.170+0800][info] GC(644) Archive regions: 2->2
[2024-10-11T04:23:24.170+0800][info] GC(644) Humongous regions: 3->3
[2024-10-11T04:23:24.170+0800][info] GC(644) Metaspace: 1697K(1856K)->1697K(1856K) NonClass: 1573K(1664K)->1573K(1664K) Class: 124K(192K)->124K(192K)
[2024-10-11T04:23:24.170+0800][info] GC(644) Pause Young (Concurrent Start) (G1 Evacuation Pause) 94M->94M(128M) 2.258ms
[2024-10-11T04:23:24.170+0800][info] GC(644) User=0.01s Sys=0.00s Real=0.00s
[2024-10-11T04:23:24.170+0800][info] GC(645) Concurrent Mark Cycle
[2024-10-11T04:23:24.170+0800][info] GC(645) Concurrent Clear Claimed Marks
[2024-10-11T04:23:24.170+0800][info] GC(645) Concurrent Clear Claimed Marks 0.016ms
[2024-10-11T04:23:24.170+0800][info] GC(645) Concurrent Scan Root Regions
[2024-10-11T04:23:24.171+0800][info] GC(645) Concurrent Scan Root Regions 0.112ms
[2024-10-11T04:23:24.171+0800][info] GC(645) Concurrent Mark
[2024-10-11T04:23:24.171+0800][info] GC(645) Concurrent Mark From Roots
[2024-10-11T04:23:24.171+0800][info] GC(645) Using 12 workers of 12 for marking
[2024-10-11T04:23:24.175+0800][info] GC(645) Concurrent Mark From Roots 4.435ms
[2024-10-11T04:23:24.175+0800][info] GC(645) Concurrent Preclean
[2024-10-11T04:23:24.177+0800][info] GC(645) Concurrent Preclean 1.695ms
[2024-10-11T04:23:24.177+0800][info] GC(645) Pause Remark
[2024-10-11T04:23:24.178+0800][info] GC(645) Pause Remark 94M->94M(128M) 1.476ms
[2024-10-11T04:23:24.178+0800][info] GC(645) User=0.00s Sys=0.00s Real=0.00s
[2024-10-11T04:23:24.178+0800][info] GC(645) Concurrent Mark 7.852ms
[2024-10-11T04:23:24.178+0800][info] GC(645) Concurrent Rebuild Remembered Sets
[2024-10-11T04:23:24.181+0800][info] GC(645) Concurrent Rebuild Remembered Sets 2.019ms
[2024-10-11T04:23:24.181+0800][info] GC(645) Pause Cleanup
[2024-10-11T04:23:24.181+0800][info] GC(645) Pause Cleanup 94M->94M(128M) 0.197ms
[2024-10-11T04:23:24.181+0800][info] GC(645) User=0.00s Sys=0.00s Real=0.00s
[2024-10-11T04:23:24.181+0800][info] GC(645) Concurrent Cleanup for Next Mark
[2024-10-11T04:23:24.182+0800][info] GC(645) Concurrent Cleanup for Next Mark 0.711ms
[2024-10-11T04:23:24.182+0800][info] GC(645) Concurrent Mark Cycle 11.288ms
[2024-10-11T04:23:24.323+0800][info] GC(646) Pause Young (Prepare Mixed) (G1 Evacuation Pause)
[2024-10-11T04:23:24.323+0800][info] GC(646) Using 3 workers of 48 for evacuation
[2024-10-11T04:23:24.324+0800][info] GC(646)   Pre Evacuate Collection Set: 0.1ms
[2024-10-11T04:23:24.324+0800][info] GC(646)   Merge Heap Roots: 0.1ms
[2024-10-11T04:23:24.324+0800][info] GC(646)   Evacuate Collection Set: 0.8ms
[2024-10-11T04:23:24.324+0800][info] GC(646)   Post Evacuate Collection Set: 0.2ms
[2024-10-11T04:23:24.324+0800][info] GC(646)   Other: 0.2ms
[2024-10-11T04:23:24.324+0800][info] GC(646) Eden regions: 2->0(2)
[2024-10-11T04:23:24.324+0800][info] GC(646) Survivor regions: 1->1(1)
[2024-10-11T04:23:24.324+0800][info] GC(646) Old regions: 49->51
[2024-10-11T04:23:24.324+0800][info] GC(646) Archive regions: 2->2
[2024-10-11T04:23:24.324+0800][info] GC(646) Humongous regions: 3->3
[2024-10-11T04:23:24.325+0800][info] GC(646) Metaspace: 1697K(1856K)->1697K(1856K) NonClass: 1573K(1664K)->1573K(1664K) Class: 124K(192K)->124K(192K)
[2024-10-11T04:23:24.325+0800][info] GC(646) Pause Young (Prepare Mixed) (G1 Evacuation Pause) 97M->98M(128M) 1.510ms
[2024-10-11T04:23:24.325+0800][info] GC(646) User=0.00s Sys=0.00s Real=0.00s
[2024-10-11T04:23:24.427+0800][info] GC(647) Pause Young (Mixed) (G1 Preventive Collection)
[2024-10-11T04:23:24.427+0800][info] GC(647) Using 3 workers of 48 for evacuation
[2024-10-11T04:23:24.429+0800][info] GC(647)   Pre Evacuate Collection Set: 0.2ms
[2024-10-11T04:23:24.429+0800][info] GC(647)   Merge Heap Roots: 0.0ms
[2024-10-11T04:23:24.429+0800][info] GC(647)   Evacuate Collection Set: 1.5ms
[2024-10-11T04:23:24.429+0800][info] GC(647)   Post Evacuate Collection Set: 0.2ms
[2024-10-11T04:23:24.429+0800][info] GC(647)   Other: 0.2ms
[2024-10-11T04:23:24.429+0800][info] GC(647) Eden regions: 2->0(2)
[2024-10-11T04:23:24.429+0800][info] GC(647) Survivor regions: 1->1(1)
[2024-10-11T04:23:24.429+0800][info] GC(647) Old regions: 51->48
[2024-10-11T04:23:24.429+0800][info] GC(647) Archive regions: 2->2
[2024-10-11T04:23:24.429+0800][info] GC(647) Humongous regions: 3->3
[2024-10-11T04:23:24.429+0800][info] GC(647) Metaspace: 1697K(1856K)->1697K(1856K) NonClass: 1573K(1664K)->1573K(1664K) Class: 124K(192K)->124K(192K)
[2024-10-11T04:23:24.429+0800][info] GC(647) Pause Young (Mixed) (G1 Preventive Collection) 101M->96M(128M) 2.282ms
[2024-10-11T04:23:24.430+0800][info] GC(647) User=0.00s Sys=0.01s Real=0.00s
[2024-10-11T04:23:24.532+0800][info] GC(648) Pause Young (Mixed) (G1 Evacuation Pause)
[2024-10-11T04:23:24.532+0800][info] GC(648) Using 3 workers of 48 for evacuation
[2024-10-11T04:23:24.534+0800][info] GC(648)   Pre Evacuate Collection Set: 0.2ms
[2024-10-11T04:23:24.534+0800][info] GC(648)   Merge Heap Roots: 0.1ms
[2024-10-11T04:23:24.534+0800][info] GC(648)   Evacuate Collection Set: 1.6ms
[2024-10-11T04:23:24.534+0800][info] GC(648)   Post Evacuate Collection Set: 0.2ms
[2024-10-11T04:23:24.534+0800][info] GC(648)   Other: 0.1ms
[2024-10-11T04:23:24.534+0800][info] GC(648) Eden regions: 2->0(2)
[2024-10-11T04:23:24.534+0800][info] GC(648) Survivor regions: 1->1(1)
[2024-10-11T04:23:24.534+0800][info] GC(648) Old regions: 48->46
[2024-10-11T04:23:24.534+0800][info] GC(648) Archive regions: 2->2
[2024-10-11T04:23:24.534+0800][info] GC(648) Humongous regions: 3->3
[2024-10-11T04:23:24.534+0800][info] GC(648) Metaspace: 1697K(1856K)->1697K(1856K) NonClass: 1573K(1664K)->1573K(1664K) Class: 124K(192K)->124K(192K)
[2024-10-11T04:23:24.534+0800][info] GC(648) Pause Young (Mixed) (G1 Evacuation Pause) 100M->93M(128M) 2.285ms
[2024-10-11T04:23:24.534+0800][info] GC(648) User=0.00s Sys=0.00s Real=0.01s
[2024-10-11T04:23:24.636+0800][info] GC(649) Pause Young (Mixed) (G1 Evacuation Pause)
[2024-10-11T04:23:24.636+0800][info] GC(649) Using 3 workers of 48 for evacuation
[2024-10-11T04:23:24.639+0800][info] GC(649)   Pre Evacuate Collection Set: 0.2ms
[2024-10-11T04:23:24.639+0800][info] GC(649)   Merge Heap Roots: 0.1ms
[2024-10-11T04:23:24.639+0800][info] GC(649)   Evacuate Collection Set: 1.9ms
[2024-10-11T04:23:24.639+0800][info] GC(649)   Post Evacuate Collection Set: 0.2ms
[2024-10-11T04:23:24.639+0800][info] GC(649)   Other: 0.1ms
[2024-10-11T04:23:24.639+0800][info] GC(649) Eden regions: 2->0(2)
[2024-10-11T04:23:24.639+0800][info] GC(649) Survivor regions: 1->1(1)
[2024-10-11T04:23:24.639+0800][info] GC(649) Old regions: 46->45
[2024-10-11T04:23:24.639+0800][info] GC(649) Archive regions: 2->2
[2024-10-11T04:23:24.639+0800][info] GC(649) Humongous regions: 3->3
[2024-10-11T04:23:24.639+0800][info] GC(649) Metaspace: 1697K(1856K)->1697K(1856K) NonClass: 1573K(1664K)->1573K(1664K) Class: 124K(192K)->124K(192K)
[2024-10-11T04:23:24.639+0800][info] GC(649) Pause Young (Mixed) (G1 Evacuation Pause) 97M->94M(128M) 2.626ms
[2024-10-11T04:23:24.639+0800][info] GC(649) User=0.00s Sys=0.00s Real=0.00s
[2024-10-11T04:23:24.741+0800][info] GC(650) Pause Young (Mixed) (G1 Evacuation Pause)
[2024-10-11T04:23:24.741+0800][info] GC(650) Using 3 workers of 48 for evacuation
[2024-10-11T04:23:24.743+0800][info] GC(650)   Pre Evacuate Collection Set: 0.2ms
[2024-10-11T04:23:24.743+0800][info] GC(650)   Merge Heap Roots: 0.1ms
[2024-10-11T04:23:24.743+0800][info] GC(650)   Evacuate Collection Set: 1.3ms
[2024-10-11T04:23:24.743+0800][info] GC(650)   Post Evacuate Collection Set: 0.2ms
[2024-10-11T04:23:24.743+0800][info] GC(650)   Other: 0.1ms
[2024-10-11T04:23:24.743+0800][info] GC(650) Eden regions: 2->0(2)
[2024-10-11T04:23:24.743+0800][info] GC(650) Survivor regions: 1->1(1)
[2024-10-11T04:23:24.743+0800][info] GC(650) Old regions: 45->46
[2024-10-11T04:23:24.743+0800][info] GC(650) Archive regions: 2->2
[2024-10-11T04:23:24.743+0800][info] GC(650) Humongous regions: 3->3
[2024-10-11T04:23:24.743+0800][info] GC(650) Metaspace: 1697K(1856K)->1697K(1856K) NonClass: 1573K(1664K)->1573K(1664K) Class: 124K(192K)->124K(192K)
[2024-10-11T04:23:24.743+0800][info] GC(650) Pause Young (Mixed) (G1 Evacuation Pause) 97M->96M(128M) 2.023ms
[2024-10-11T04:23:24.743+0800][info] GC(650) User=0.01s Sys=0.00s Real=0.00s
[2024-10-11T04:23:24.845+0800][info] GC(651) Pause Young (Normal) (G1 Evacuation Pause)
[2024-10-11T04:23:24.845+0800][info] GC(651) Using 3 workers of 48 for evacuation
[2024-10-11T04:23:24.846+0800][info] GC(651)   Pre Evacuate Collection Set: 0.1ms
[2024-10-11T04:23:24.846+0800][info] GC(651)   Merge Heap Roots: 0.1ms
[2024-10-11T04:23:24.846+0800][info] GC(651)   Evacuate Collection Set: 0.7ms
[2024-10-11T04:23:24.846+0800][info] GC(651)   Post Evacuate Collection Set: 0.2ms
[2024-10-11T04:23:24.846+0800][info] GC(651)   Other: 0.2ms
[2024-10-11T04:23:24.846+0800][info] GC(651) Eden regions: 2->0(2)
[2024-10-11T04:23:24.846+0800][info] GC(651) Survivor regions: 1->1(1)
[2024-10-11T04:23:24.846+0800][info] GC(651) Old regions: 46->47
[2024-10-11T04:23:24.846+0800][info] GC(651) Archive regions: 2->2
[2024-10-11T04:23:24.846+0800][info] GC(651) Humongous regions: 3->3
[2024-10-11T04:23:24.846+0800][info] GC(651) Metaspace: 1697K(1856K)->1697K(1856K) NonClass: 1573K(1664K)->1573K(1664K) Class: 124K(192K)->124K(192K)
[2024-10-11T04:23:24.846+0800][info] GC(651) Pause Young (Normal) (G1 Evacuation Pause) 99M->99M(128M) 1.264ms
[2024-10-11T04:23:24.846+0800][info] GC(651) User=0.00s Sys=0.00s Real=0.00s
[2024-10-11T04:23:24.948+0800][info] GC(652) Pause Young (Normal) (G1 Evacuation Pause)
[2024-10-11T04:23:24.948+0800][info] GC(652) Using 3 workers of 48 for evacuation
[2024-10-11T04:23:24.950+0800][info] GC(652)   Pre Evacuate Collection Set: 0.1ms
[2024-10-11T04:23:24.950+0800][info] GC(652)   Merge Heap Roots: 0.1ms
[2024-10-11T04:23:24.950+0800][info] GC(652)   Evacuate Collection Set: 0.7ms
[2024-10-11T04:23:24.950+0800][info] GC(652)   Post Evacuate Collection Set: 0.2ms
[2024-10-11T04:23:24.950+0800][info] GC(652)   Other: 0.2ms
[2024-10-11T04:23:24.950+0800][info] GC(652) Eden regions: 2->0(2)
[2024-10-11T04:23:24.950+0800][info] GC(652) Survivor regions: 1->1(1)
[2024-10-11T04:23:24.950+0800][info] GC(652) Old regions: 47->49
[2024-10-11T04:23:24.950+0800][info] GC(652) Archive regions: 2->2
[2024-10-11T04:23:24.950+0800][info] GC(652) Humongous regions: 3->3
[2024-10-11T04:23:24.950+0800][info] GC(652) Metaspace: 1697K(1856K)->1697K(1856K) NonClass: 1573K(1664K)->1573K(1664K) Class: 124K(192K)->124K(192K)
[2024-10-11T04:23:24.950+0800][info] GC(652) Pause Young (Normal) (G1 Evacuation Pause) 103M->103M(128M) 1.316ms
[2024-10-11T04:23:24.950+0800][info] GC(652) User=0.01s Sys=0.00s Real=0.00s
[2024-10-11T04:23:25.052+0800][info] GC(653) Pause Young (Concurrent Start) (G1 Evacuation Pause)
[2024-10-11T04:23:25.052+0800][info] GC(653) Using 3 workers of 48 for evacuation
[2024-10-11T04:23:25.053+0800][info] GC(653)   Pre Evacuate Collection Set: 0.1ms
[2024-10-11T04:23:25.053+0800][info] GC(653)   Merge Heap Roots: 0.0ms
[2024-10-11T04:23:25.053+0800][info] GC(653)   Evacuate Collection Set: 0.8ms
[2024-10-11T04:23:25.053+0800][info] GC(653)   Post Evacuate Collection Set: 0.2ms
[2024-10-11T04:23:25.053+0800][info] GC(653)   Other: 0.3ms
[2024-10-11T04:23:25.053+0800][info] GC(653) Eden regions: 2->0(2)
[2024-10-11T04:23:25.053+0800][info] GC(653) Survivor regions: 1->1(1)
[2024-10-11T04:23:25.053+0800][info] GC(653) Old regions: 49->51
[2024-10-11T04:23:25.053+0800][info] GC(653) Archive regions: 2->2
[2024-10-11T04:23:25.053+0800][info] GC(653) Humongous regions: 3->3
[2024-10-11T04:23:25.053+0800][info] GC(653) Metaspace: 1697K(1856K)->1697K(1856K) NonClass: 1573K(1664K)->1573K(1664K) Class: 124K(192K)->124K(192K)
[2024-10-11T04:23:25.054+0800][info] GC(653) Pause Young (Concurrent Start) (G1 Evacuation Pause) 106M->107M(128M) 1.618ms
[2024-10-11T04:23:25.054+0800][info] GC(653) User=0.00s Sys=0.00s Real=0.01s
[2024-10-11T04:23:25.054+0800][info] GC(654) Concurrent Mark Cycle
[2024-10-11T04:23:25.054+0800][info] GC(654) Concurrent Clear Claimed Marks
[2024-10-11T04:23:25.054+0800][info] GC(654) Concurrent Clear Claimed Marks 0.016ms
[2024-10-11T04:23:25.054+0800][info] GC(654) Concurrent Scan Root Regions
[2024-10-11T04:23:25.054+0800][info] GC(654) Concurrent Scan Root Regions 0.098ms
[2024-10-11T04:23:25.054+0800][info] GC(654) Concurrent Mark
[2024-10-11T04:23:25.054+0800][info] GC(654) Concurrent Mark From Roots
[2024-10-11T04:23:25.054+0800][info] GC(654) Using 12 workers of 12 for marking
[2024-10-11T04:23:25.057+0800][info] GC(654) Concurrent Mark From Roots 3.525ms
[2024-10-11T04:23:25.057+0800][info] GC(654) Concurrent Preclean
[2024-10-11T04:23:25.059+0800][info] GC(654) Concurrent Preclean 1.680ms
[2024-10-11T04:23:25.059+0800][info] GC(654) Pause Remark
[2024-10-11T04:23:25.061+0800][info] GC(654) Pause Remark 107M->107M(128M) 1.366ms
[2024-10-11T04:23:25.061+0800][info] GC(654) User=0.00s Sys=0.00s Real=0.00s
[2024-10-11T04:23:25.061+0800][info] GC(654) Concurrent Mark 6.791ms
[2024-10-11T04:23:25.061+0800][info] GC(654) Concurrent Rebuild Remembered Sets
[2024-10-11T04:23:25.062+0800][info] GC(654) Concurrent Rebuild Remembered Sets 1.552ms
[2024-10-11T04:23:25.062+0800][info] GC(654) Pause Cleanup
[2024-10-11T04:23:25.063+0800][info] GC(654) Pause Cleanup 107M->107M(128M) 0.240ms
[2024-10-11T04:23:25.063+0800][info] GC(654) User=0.00s Sys=0.00s Real=0.00s
[2024-10-11T04:23:25.063+0800][info] GC(654) Concurrent Cleanup for Next Mark
[2024-10-11T04:23:25.063+0800][info] GC(654) Concurrent Cleanup for Next Mark 0.357ms
[2024-10-11T04:23:25.063+0800][info] GC(654) Concurrent Mark Cycle 9.395ms
[2024-10-11T04:23:25.206+0800][info] GC(655) Pause Young (Prepare Mixed) (G1 Evacuation Pause)
[2024-10-11T04:23:25.206+0800][info] GC(655) Using 3 workers of 48 for evacuation
[2024-10-11T04:23:25.208+0800][info] GC(655)   Pre Evacuate Collection Set: 0.1ms
[2024-10-11T04:23:25.208+0800][info] GC(655)   Merge Heap Roots: 0.1ms
[2024-10-11T04:23:25.208+0800][info] GC(655)   Evacuate Collection Set: 0.8ms
[2024-10-11T04:23:25.208+0800][info] GC(655)   Post Evacuate Collection Set: 0.2ms
[2024-10-11T04:23:25.208+0800][info] GC(655)   Other: 0.2ms
[2024-10-11T04:23:25.208+0800][info] GC(655) Eden regions: 2->0(2)
[2024-10-11T04:23:25.208+0800][info] GC(655) Survivor regions: 1->1(1)
[2024-10-11T04:23:25.208+0800][info] GC(655) Old regions: 51->53
[2024-10-11T04:23:25.208+0800][info] GC(655) Archive regions: 2->2
[2024-10-11T04:23:25.208+0800][info] GC(655) Humongous regions: 3->3
[2024-10-11T04:23:25.208+0800][info] GC(655) Metaspace: 1697K(1856K)->1697K(1856K) NonClass: 1573K(1664K)->1573K(1664K) Class: 124K(192K)->124K(192K)
[2024-10-11T04:23:25.208+0800][info] GC(655) Pause Young (Prepare Mixed) (G1 Evacuation Pause) 110M->110M(128M) 1.466ms
[2024-10-11T04:23:25.208+0800][info] GC(655) User=0.00s Sys=0.00s Real=0.00s
[2024-10-11T04:23:25.269+0800][info] GC(656) Pause Young (Mixed) (G1 Preventive Collection)
[2024-10-11T04:23:25.269+0800][info] GC(656) Using 3 workers of 48 for evacuation
[2024-10-11T04:23:25.271+0800][info] GC(656)   Pre Evacuate Collection Set: 0.2ms
[2024-10-11T04:23:25.271+0800][info] GC(656)   Merge Heap Roots: 0.1ms
[2024-10-11T04:23:25.271+0800][info] GC(656)   Evacuate Collection Set: 1.1ms
[2024-10-11T04:23:25.271+0800][info] GC(656)   Post Evacuate Collection Set: 0.2ms
[2024-10-11T04:23:25.271+0800][info] GC(656)   Other: 0.2ms
[2024-10-11T04:23:25.271+0800][info] GC(656) Eden regions: 1->0(2)
[2024-10-11T04:23:25.271+0800][info] GC(656) Survivor regions: 1->1(1)
[2024-10-11T04:23:25.271+0800][info] GC(656) Old regions: 53->49
[2024-10-11T04:23:25.271+0800][info] GC(656) Archive regions: 2->2
[2024-10-11T04:23:25.271+0800][info] GC(656) Humongous regions: 3->3
[2024-10-11T04:23:25.271+0800][info] GC(656) Metaspace: 1697K(1856K)->1697K(1856K) NonClass: 1573K(1664K)->1573K(1664K) Class: 124K(192K)->124K(192K)
[2024-10-11T04:23:25.271+0800][info] GC(656) Pause Young (Mixed) (G1 Preventive Collection) 112M->103M(128M) 1.762ms
[2024-10-11T04:23:25.271+0800][info] GC(656) User=0.01s Sys=0.00s Real=0.00s
[2024-10-11T04:23:25.373+0800][info] GC(657) Pause Young (Mixed) (G1 Evacuation Pause)
[2024-10-11T04:23:25.373+0800][info] GC(657) Using 3 workers of 48 for evacuation
[2024-10-11T04:23:25.375+0800][info] GC(657)   Pre Evacuate Collection Set: 0.2ms
[2024-10-11T04:23:25.375+0800][info] GC(657)   Merge Heap Roots: 0.1ms
[2024-10-11T04:23:25.375+0800][info] GC(657)   Evacuate Collection Set: 1.6ms
[2024-10-11T04:23:25.375+0800][info] GC(657)   Post Evacuate Collection Set: 0.2ms
[2024-10-11T04:23:25.375+0800][info] GC(657)   Other: 0.1ms
[2024-10-11T04:23:25.375+0800][info] GC(657) Eden regions: 2->0(2)
[2024-10-11T04:23:25.375+0800][info] GC(657) Survivor regions: 1->1(1)
[2024-10-11T04:23:25.375+0800][info] GC(657) Old regions: 49->47
[2024-10-11T04:23:25.375+0800][info] GC(657) Archive regions: 2->2
[2024-10-11T04:23:25.375+0800][info] GC(657) Humongous regions: 3->3
[2024-10-11T04:23:25.375+0800][info] GC(657) Metaspace: 1697K(1856K)->1697K(1856K) NonClass: 1573K(1664K)->1573K(1664K) Class: 124K(192K)->124K(192K)
[2024-10-11T04:23:25.375+0800][info] GC(657) Pause Young (Mixed) (G1 Evacuation Pause) 107M->101M(128M) 2.301ms
[2024-10-11T04:23:25.375+0800][info] GC(657) User=0.00s Sys=0.00s Real=0.00s
[2024-10-11T04:23:25.478+0800][info] GC(658) Pause Young (Mixed) (G1 Evacuation Pause)
[2024-10-11T04:23:25.478+0800][info] GC(658) Using 3 workers of 48 for evacuation
[2024-10-11T04:23:25.480+0800][info] GC(658)   Pre Evacuate Collection Set: 0.2ms
[2024-10-11T04:23:25.481+0800][info] GC(658)   Merge Heap Roots: 0.1ms
[2024-10-11T04:23:25.481+0800][info] GC(658)   Evacuate Collection Set: 1.8ms
[2024-10-11T04:23:25.481+0800][info] GC(658)   Post Evacuate Collection Set: 0.2ms
[2024-10-11T04:23:25.481+0800][info] GC(658)   Other: 0.1ms
[2024-10-11T04:23:25.481+0800][info] GC(658) Eden regions: 2->0(2)
[2024-10-11T04:23:25.481+0800][info] GC(658) Survivor regions: 1->1(1)
[2024-10-11T04:23:25.481+0800][info] GC(658) Old regions: 47->46
[2024-10-11T04:23:25.481+0800][info] GC(658) Archive regions: 2->2
[2024-10-11T04:23:25.481+0800][info] GC(658) Humongous regions: 4->3
[2024-10-11T04:23:25.481+0800][info] GC(658) Metaspace: 1697K(1856K)->1697K(1856K) NonClass: 1573K(1664K)->1573K(1664K) Class: 124K(192K)->124K(192K)
[2024-10-11T04:23:25.481+0800][info] GC(658) Pause Young (Mixed) (G1 Evacuation Pause) 106M->98M(128M) 2.465ms
[2024-10-11T04:23:25.481+0800][info] GC(658) User=0.00s Sys=0.00s Real=0.00s
[2024-10-11T04:23:25.583+0800][info] GC(659) Pause Young (Mixed) (G1 Evacuation Pause)
[2024-10-11T04:23:25.583+0800][info] GC(659) Using 3 workers of 48 for evacuation
[2024-10-11T04:23:25.585+0800][info] GC(659)   Pre Evacuate Collection Set: 0.2ms
[2024-10-11T04:23:25.585+0800][info] GC(659)   Merge Heap Roots: 0.1ms
[2024-10-11T04:23:25.585+0800][info] GC(659)   Evacuate Collection Set: 1.7ms
[2024-10-11T04:23:25.585+0800][info] GC(659)   Post Evacuate Collection Set: 0.2ms
[2024-10-11T04:23:25.585+0800][info] GC(659)   Other: 0.1ms
[2024-10-11T04:23:25.585+0800][info] GC(659) Eden regions: 2->0(2)
[2024-10-11T04:23:25.585+0800][info] GC(659) Survivor regions: 1->1(1)
[2024-10-11T04:23:25.585+0800][info] GC(659) Old regions: 46->45
[2024-10-11T04:23:25.585+0800][info] GC(659) Archive regions: 2->2
[2024-10-11T04:23:25.585+0800][info] GC(659) Humongous regions: 3->3
[2024-10-11T04:23:25.585+0800][info] GC(659) Metaspace: 1697K(1856K)->1697K(1856K) NonClass: 1573K(1664K)->1573K(1664K) Class: 124K(192K)->124K(192K)
[2024-10-11T04:23:25.585+0800][info] GC(659) Pause Young (Mixed) (G1 Evacuation Pause) 102M->98M(128M) 2.379ms
[2024-10-11T04:23:25.585+0800][info] GC(659) User=0.01s Sys=0.00s Real=0.01s
[2024-10-11T04:23:25.687+0800][info] GC(660) Pause Young (Normal) (G1 Evacuation Pause)
[2024-10-11T04:23:25.687+0800][info] GC(660) Using 3 workers of 48 for evacuation
[2024-10-11T04:23:25.689+0800][info] GC(660)   Pre Evacuate Collection Set: 0.1ms
[2024-10-11T04:23:25.689+0800][info] GC(660)   Merge Heap Roots: 0.0ms
[2024-10-11T04:23:25.689+0800][info] GC(660)   Evacuate Collection Set: 0.8ms
[2024-10-11T04:23:25.689+0800][info] GC(660)   Post Evacuate Collection Set: 0.2ms
[2024-10-11T04:23:25.689+0800][info] GC(660)   Other: 0.2ms
[2024-10-11T04:23:25.689+0800][info] GC(660) Eden regions: 2->0(2)
[2024-10-11T04:23:25.689+0800][info] GC(660) Survivor regions: 1->1(1)
[2024-10-11T04:23:25.689+0800][info] GC(660) Old regions: 45->47
[2024-10-11T04:23:25.689+0800][info] GC(660) Archive regions: 2->2
[2024-10-11T04:23:25.689+0800][info] GC(660) Humongous regions: 3->3
[2024-10-11T04:23:25.689+0800][info] GC(660) Metaspace: 1697K(1856K)->1697K(1856K) NonClass: 1573K(1664K)->1573K(1664K) Class: 124K(192K)->124K(192K)
[2024-10-11T04:23:25.689+0800][info] GC(660) Pause Young (Normal) (G1 Evacuation Pause) 101M->102M(128M) 1.375ms
[2024-10-11T04:23:25.689+0800][info] GC(660) User=0.00s Sys=0.00s Real=0.00s
[2024-10-11T04:23:25.791+0800][info] GC(661) Pause Young (Normal) (G1 Evacuation Pause)
[2024-10-11T04:23:25.791+0800][info] GC(661) Using 3 workers of 48 for evacuation
[2024-10-11T04:23:25.792+0800][info] GC(661)   Pre Evacuate Collection Set: 0.1ms
[2024-10-11T04:23:25.792+0800][info] GC(661)   Merge Heap Roots: 0.0ms
[2024-10-11T04:23:25.792+0800][info] GC(661)   Evacuate Collection Set: 0.6ms
[2024-10-11T04:23:25.792+0800][info] GC(661)   Post Evacuate Collection Set: 0.2ms
[2024-10-11T04:23:25.792+0800][info] GC(661)   Other: 0.2ms
[2024-10-11T04:23:25.792+0800][info] GC(661) Eden regions: 2->0(2)
[2024-10-11T04:23:25.792+0800][info] GC(661) Survivor regions: 1->1(1)
[2024-10-11T04:23:25.792+0800][info] GC(661) Old regions: 47->49
[2024-10-11T04:23:25.792+0800][info] GC(661) Archive regions: 2->2
[2024-10-11T04:23:25.792+0800][info] GC(661) Humongous regions: 3->3
[2024-10-11T04:23:25.792+0800][info] GC(661) Metaspace: 1697K(1856K)->1697K(1856K) NonClass: 1573K(1664K)->1573K(1664K) Class: 124K(192K)->124K(192K)
[2024-10-11T04:23:25.792+0800][info] GC(661) Pause Young (Normal) (G1 Evacuation Pause) 105M->105M(128M) 1.284ms
[2024-10-11T04:23:25.792+0800][info] GC(661) User=0.01s Sys=0.00s Real=0.00s
[2024-10-11T04:23:25.894+0800][info] GC(662) Pause Young (Concurrent Start) (G1 Evacuation Pause)
[2024-10-11T04:23:25.894+0800][info] GC(662) Using 3 workers of 48 for evacuation
[2024-10-11T04:23:25.896+0800][info] GC(662)   Pre Evacuate Collection Set: 0.1ms
[2024-10-11T04:23:25.896+0800][info] GC(662)   Merge Heap Roots: 0.1ms
[2024-10-11T04:23:25.896+0800][info] GC(662)   Evacuate Collection Set: 0.7ms
[2024-10-11T04:23:25.896+0800][info] GC(662)   Post Evacuate Collection Set: 0.2ms
[2024-10-11T04:23:25.896+0800][info] GC(662)   Other: 0.3ms
[2024-10-11T04:23:25.896+0800][info] GC(662) Eden regions: 2->0(2)
[2024-10-11T04:23:25.896+0800][info] GC(662) Survivor regions: 1->1(1)
[2024-10-11T04:23:25.896+0800][info] GC(662) Old regions: 49->51
[2024-10-11T04:23:25.896+0800][info] GC(662) Archive regions: 2->2
[2024-10-11T04:23:25.896+0800][info] GC(662) Humongous regions: 3->3
[2024-10-11T04:23:25.896+0800][info] GC(662) Metaspace: 1697K(1856K)->1697K(1856K) NonClass: 1573K(1664K)->1573K(1664K) Class: 124K(192K)->124K(192K)
[2024-10-11T04:23:25.896+0800][info] GC(662) Pause Young (Concurrent Start) (G1 Evacuation Pause) 109M->109M(128M) 1.490ms
[2024-10-11T04:23:25.896+0800][info] GC(662) User=0.00s Sys=0.00s Real=0.00s
[2024-10-11T04:23:25.896+0800][info] GC(663) Concurrent Mark Cycle
[2024-10-11T04:23:25.896+0800][info] GC(663) Concurrent Clear Claimed Marks
[2024-10-11T04:23:25.896+0800][info] GC(663) Concurrent Clear Claimed Marks 0.016ms
[2024-10-11T04:23:25.896+0800][info] GC(663) Concurrent Scan Root Regions
[2024-10-11T04:23:25.896+0800][info] GC(663) Concurrent Scan Root Regions 0.148ms
[2024-10-11T04:23:25.896+0800][info] GC(663) Concurrent Mark
[2024-10-11T04:23:25.896+0800][info] GC(663) Concurrent Mark From Roots
[2024-10-11T04:23:25.896+0800][info] GC(663) Using 12 workers of 12 for marking
[2024-10-11T04:23:25.900+0800][info] GC(663) Concurrent Mark From Roots 3.556ms
[2024-10-11T04:23:25.900+0800][info] GC(663) Concurrent Preclean
[2024-10-11T04:23:25.902+0800][info] GC(663) Concurrent Preclean 1.729ms
[2024-10-11T04:23:25.902+0800][info] GC(663) Pause Remark
[2024-10-11T04:23:25.903+0800][info] GC(663) Pause Remark 110M->108M(128M) 1.454ms
[2024-10-11T04:23:25.903+0800][info] GC(663) User=0.01s Sys=0.00s Real=0.00s
[2024-10-11T04:23:25.903+0800][info] GC(663) Concurrent Mark 7.034ms
[2024-10-11T04:23:25.903+0800][info] GC(663) Concurrent Rebuild Remembered Sets
[2024-10-11T04:23:25.905+0800][info] GC(663) Concurrent Rebuild Remembered Sets 1.643ms
[2024-10-11T04:23:25.905+0800][info] GC(663) Pause Cleanup
[2024-10-11T04:23:25.905+0800][info] GC(663) Pause Cleanup 108M->108M(128M) 0.182ms
[2024-10-11T04:23:25.905+0800][info] GC(663) User=0.00s Sys=0.00s Real=0.00s
[2024-10-11T04:23:25.905+0800][info] GC(663) Concurrent Cleanup for Next Mark
[2024-10-11T04:23:25.906+0800][info] GC(663) Concurrent Cleanup for Next Mark 0.361ms
[2024-10-11T04:23:25.906+0800][info] GC(663) Concurrent Mark Cycle 9.739ms
[2024-10-11T04:23:26.049+0800][info] GC(664) Pause Young (Prepare Mixed) (G1 Evacuation Pause)
[2024-10-11T04:23:26.049+0800][info] GC(664) Using 3 workers of 48 for evacuation
[2024-10-11T04:23:26.050+0800][info] GC(664)   Pre Evacuate Collection Set: 0.1ms
[2024-10-11T04:23:26.050+0800][info] GC(664)   Merge Heap Roots: 0.1ms
[2024-10-11T04:23:26.050+0800][info] GC(664)   Evacuate Collection Set: 0.8ms
[2024-10-11T04:23:26.050+0800][info] GC(664)   Post Evacuate Collection Set: 0.2ms
[2024-10-11T04:23:26.050+0800][info] GC(664)   Other: 0.2ms
[2024-10-11T04:23:26.050+0800][info] GC(664) Eden regions: 2->0(2)
[2024-10-11T04:23:26.050+0800][info] GC(664) Survivor regions: 1->1(1)
[2024-10-11T04:23:26.050+0800][info] GC(664) Old regions: 50->52
[2024-10-11T04:23:26.050+0800][info] GC(664) Archive regions: 2->2
[2024-10-11T04:23:26.050+0800][info] GC(664) Humongous regions: 3->3
[2024-10-11T04:23:26.050+0800][info] GC(664) Metaspace: 1697K(1856K)->1697K(1856K) NonClass: 1573K(1664K)->1573K(1664K) Class: 124K(192K)->124K(192K)
[2024-10-11T04:23:26.050+0800][info] GC(664) Pause Young (Prepare Mixed) (G1 Evacuation Pause) 111M->111M(128M) 1.529ms
[2024-10-11T04:23:26.050+0800][info] GC(664) User=0.00s Sys=0.00s Real=0.00s
[2024-10-11T04:23:26.153+0800][info] GC(665) Pause Young (Mixed) (G1 Preventive Collection)
[2024-10-11T04:23:26.153+0800][info] GC(665) Using 3 workers of 48 for evacuation
[2024-10-11T04:23:26.154+0800][info] GC(665) To-space exhausted
[2024-10-11T04:23:26.154+0800][info] GC(665)   Pre Evacuate Collection Set: 0.2ms
[2024-10-11T04:23:26.154+0800][info] GC(665)   Merge Heap Roots: 0.1ms
[2024-10-11T04:23:26.154+0800][info] GC(665)   Evacuate Collection Set: 1.2ms
[2024-10-11T04:23:26.154+0800][info] GC(665)   Post Evacuate Collection Set: 0.3ms
[2024-10-11T04:23:26.154+0800][info] GC(665)   Other: 0.2ms
[2024-10-11T04:23:26.154+0800][info] GC(665) Eden regions: 2->0(2)
[2024-10-11T04:23:26.154+0800][info] GC(665) Survivor regions: 1->1(1)
[2024-10-11T04:23:26.155+0800][info] GC(665) Old regions: 52->51
[2024-10-11T04:23:26.155+0800][info] GC(665) Archive regions: 2->2
[2024-10-11T04:23:26.155+0800][info] GC(665) Humongous regions: 3->3
[2024-10-11T04:23:26.155+0800][info] GC(665) Metaspace: 1697K(1856K)->1697K(1856K) NonClass: 1573K(1664K)->1573K(1664K) Class: 124K(192K)->124K(192K)
[2024-10-11T04:23:26.155+0800][info] GC(665) Pause Young (Mixed) (G1 Preventive Collection) 115M->111M(128M) 1.991ms
[2024-10-11T04:23:26.155+0800][info] GC(665) User=0.01s Sys=0.00s Real=0.01s
[2024-10-11T04:23:26.257+0800][info] GC(666) Pause Young (Mixed) (G1 Preventive Collection)
[2024-10-11T04:23:26.257+0800][info] GC(666) Using 3 workers of 48 for evacuation
[2024-10-11T04:23:26.259+0800][info] GC(666) To-space exhausted
[2024-10-11T04:23:26.259+0800][info] GC(666)   Pre Evacuate Collection Set: 0.2ms
[2024-10-11T04:23:26.259+0800][info] GC(666)   Merge Heap Roots: 0.0ms
[2024-10-11T04:23:26.259+0800][info] GC(666)   Evacuate Collection Set: 1.4ms
[2024-10-11T04:23:26.259+0800][info] GC(666)   Post Evacuate Collection Set: 0.3ms
[2024-10-11T04:23:26.259+0800][info] GC(666)   Other: 0.1ms
[2024-10-11T04:23:26.259+0800][info] GC(666) Eden regions: 2->0(2)
[2024-10-11T04:23:26.259+0800][info] GC(666) Survivor regions: 1->1(1)
[2024-10-11T04:23:26.259+0800][info] GC(666) Old regions: 51->52
[2024-10-11T04:23:26.259+0800][info] GC(666) Archive regions: 2->2
[2024-10-11T04:23:26.259+0800][info] GC(666) Humongous regions: 3->3
[2024-10-11T04:23:26.259+0800][info] GC(666) Metaspace: 1697K(1856K)->1697K(1856K) NonClass: 1573K(1664K)->1573K(1664K) Class: 124K(192K)->124K(192K)
[2024-10-11T04:23:26.259+0800][info] GC(666) Pause Young (Mixed) (G1 Preventive Collection) 114M->113M(128M) 2.165ms
[2024-10-11T04:23:26.259+0800][info] GC(666) User=0.01s Sys=0.00s Real=0.00s
[2024-10-11T04:23:26.320+0800][info] GC(667) Pause Young (Mixed) (G1 Preventive Collection)
[2024-10-11T04:23:26.320+0800][info] GC(667) Using 3 workers of 48 for evacuation
[2024-10-11T04:23:26.322+0800][info] GC(667) To-space exhausted
[2024-10-11T04:23:26.322+0800][info] GC(667)   Pre Evacuate Collection Set: 0.2ms
[2024-10-11T04:23:26.322+0800][info] GC(667)   Merge Heap Roots: 0.1ms
[2024-10-11T04:23:26.322+0800][info] GC(667)   Evacuate Collection Set: 1.3ms
[2024-10-11T04:23:26.322+0800][info] GC(667)   Post Evacuate Collection Set: 0.2ms
[2024-10-11T04:23:26.322+0800][info] GC(667)   Other: 0.1ms
[2024-10-11T04:23:26.322+0800][info] GC(667) Eden regions: 1->0(2)
[2024-10-11T04:23:26.322+0800][info] GC(667) Survivor regions: 1->1(1)
[2024-10-11T04:23:26.322+0800][info] GC(667) Old regions: 52->54
[2024-10-11T04:23:26.322+0800][info] GC(667) Archive regions: 2->2
[2024-10-11T04:23:26.322+0800][info] GC(667) Humongous regions: 3->3
[2024-10-11T04:23:26.322+0800][info] GC(667) Metaspace: 1697K(1856K)->1697K(1856K) NonClass: 1573K(1664K)->1573K(1664K) Class: 124K(192K)->124K(192K)
[2024-10-11T04:23:26.322+0800][info] GC(667) Pause Young (Mixed) (G1 Preventive Collection) 115M->117M(128M) 1.996ms
[2024-10-11T04:23:26.322+0800][info] GC(667) User=0.00s Sys=0.00s Real=0.00s
[2024-10-11T04:23:26.363+0800][info] GC(668) Pause Young (Mixed) (G1 Preventive Collection)
[2024-10-11T04:23:26.363+0800][info] GC(668) Using 3 workers of 48 for evacuation
[2024-10-11T04:23:26.365+0800][info] GC(668) To-space exhausted
[2024-10-11T04:23:26.365+0800][info] GC(668)   Pre Evacuate Collection Set: 0.2ms
[2024-10-11T04:23:26.365+0800][info] GC(668)   Merge Heap Roots: 0.1ms
[2024-10-11T04:23:26.365+0800][info] GC(668)   Evacuate Collection Set: 0.9ms
[2024-10-11T04:23:26.365+0800][info] GC(668)   Post Evacuate Collection Set: 0.3ms
[2024-10-11T04:23:26.365+0800][info] GC(668)   Other: 0.2ms
[2024-10-11T04:23:26.365+0800][info] GC(668) Eden regions: 1->0(2)
[2024-10-11T04:23:26.365+0800][info] GC(668) Survivor regions: 1->1(1)
[2024-10-11T04:23:26.365+0800][info] GC(668) Old regions: 54->57
[2024-10-11T04:23:26.365+0800][info] GC(668) Archive regions: 2->2
[2024-10-11T04:23:26.365+0800][info] GC(668) Humongous regions: 3->3
[2024-10-11T04:23:26.365+0800][info] GC(668) Metaspace: 1697K(1856K)->1697K(1856K) NonClass: 1573K(1664K)->1573K(1664K) Class: 124K(192K)->124K(192K)
[2024-10-11T04:23:26.365+0800][info] GC(668) Pause Young (Mixed) (G1 Preventive Collection) 118M->122M(128M) 1.715ms
[2024-10-11T04:23:26.365+0800][info] GC(668) User=0.01s Sys=0.00s Real=0.01s
[2024-10-11T04:23:26.426+0800][info] GC(669) Pause Young (Concurrent Start) (G1 Evacuation Pause)
[2024-10-11T04:23:26.426+0800][info] GC(669) Using 3 workers of 48 for evacuation
[2024-10-11T04:23:26.427+0800][info] GC(669) To-space exhausted
[2024-10-11T04:23:26.427+0800][info] GC(669)   Pre Evacuate Collection Set: 0.1ms
[2024-10-11T04:23:26.427+0800][info] GC(669)   Merge Heap Roots: 0.1ms
[2024-10-11T04:23:26.427+0800][info] GC(669)   Evacuate Collection Set: 0.3ms
[2024-10-11T04:23:26.427+0800][info] GC(669)   Post Evacuate Collection Set: 0.2ms
[2024-10-11T04:23:26.427+0800][info] GC(669)   Other: 0.3ms
[2024-10-11T04:23:26.427+0800][info] GC(669) Eden regions: 1->0(3)
[2024-10-11T04:23:26.427+0800][info] GC(669) Survivor regions: 1->0(0)
[2024-10-11T04:23:26.427+0800][info] GC(669) Old regions: 57->59
[2024-10-11T04:23:26.427+0800][info] GC(669) Archive regions: 2->2
[2024-10-11T04:23:26.427+0800][info] GC(669) Humongous regions: 3->3
[2024-10-11T04:23:26.427+0800][info] GC(669) Metaspace: 1697K(1856K)->1697K(1856K) NonClass: 1573K(1664K)->1573K(1664K) Class: 124K(192K)->124K(192K)
[2024-10-11T04:23:26.427+0800][info] GC(669) Pause Young (Concurrent Start) (G1 Evacuation Pause) 124M->124M(128M) 1.042ms
[2024-10-11T04:23:26.427+0800][info] GC(669) User=0.00s Sys=0.00s Real=0.00s
[2024-10-11T04:23:26.427+0800][info] Attempting full compaction
[2024-10-11T04:23:26.427+0800][info] GC(670) Using 3 workers of 48 for full compaction
[2024-10-11T04:23:26.427+0800][info] GC(670) Pause Full (G1 Compaction Pause)
[2024-10-11T04:23:26.427+0800][info] GC(671) Concurrent Mark Cycle
[2024-10-11T04:23:26.428+0800][info] GC(671) Concurrent Clear Claimed Marks
[2024-10-11T04:23:26.428+0800][info] GC(671) Concurrent Clear Claimed Marks 0.016ms
[2024-10-11T04:23:26.428+0800][info] GC(671) Concurrent Scan Root Regions
[2024-10-11T04:23:26.428+0800][info] GC(671) Concurrent Scan Root Regions 0.010ms
[2024-10-11T04:23:26.428+0800][info] GC(671) Concurrent Mark
[2024-10-11T04:23:26.428+0800][info] GC(671) Concurrent Mark From Roots
[2024-10-11T04:23:26.428+0800][info] GC(671) Using 12 workers of 12 for marking
[2024-10-11T04:23:26.428+0800][info] GC(670) Phase 1: Mark live objects
[2024-10-11T04:23:26.431+0800][info] GC(670) Phase 1: Mark live objects 3.184ms
[2024-10-11T04:23:26.431+0800][info] GC(670) Phase 2: Prepare for compaction
[2024-10-11T04:23:26.432+0800][info] GC(670) Phase 2: Prepare for compaction 0.652ms
[2024-10-11T04:23:26.432+0800][info] GC(670) Phase 3: Adjust pointers
[2024-10-11T04:23:26.433+0800][info] GC(670) Phase 3: Adjust pointers 1.662ms
[2024-10-11T04:23:26.433+0800][info] GC(670) Phase 4: Compact heap
[2024-10-11T04:23:26.445+0800][info] GC(670) Phase 4: Compact heap 11.965ms
[2024-10-11T04:23:26.447+0800][info] GC(670) Eden regions: 0->0(5)
[2024-10-11T04:23:26.447+0800][info] GC(670) Survivor regions: 0->0(0)
[2024-10-11T04:23:26.447+0800][info] GC(670) Old regions: 59->37
[2024-10-11T04:23:26.447+0800][info] GC(670) Archive regions: 2->2
[2024-10-11T04:23:26.447+0800][info] GC(670) Humongous regions: 3->3
[2024-10-11T04:23:26.447+0800][info] GC(670) Metaspace: 1697K(1856K)->1697K(1856K) NonClass: 1573K(1664K)->1573K(1664K) Class: 124K(192K)->124K(192K)
[2024-10-11T04:23:26.447+0800][info] GC(670) Pause Full (G1 Compaction Pause) 124M->71M(128M) 19.429ms
[2024-10-11T04:23:26.447+0800][info] GC(670) User=0.04s Sys=0.00s Real=0.02s
[2024-10-11T04:23:26.447+0800][info] GC(671) Concurrent Mark From Roots 19.635ms
[2024-10-11T04:23:26.447+0800][info] GC(671) Concurrent Mark Abort
[2024-10-11T04:23:26.447+0800][info] GC(671) Concurrent Mark Cycle 19.822ms
[2024-10-11T04:23:26.713+0800][info] GC(672) Pause Young (Normal) (G1 Evacuation Pause)
[2024-10-11T04:23:26.713+0800][info] GC(672) Using 3 workers of 48 for evacuation
[2024-10-11T04:23:26.715+0800][info] GC(672)   Pre Evacuate Collection Set: 0.1ms
[2024-10-11T04:23:26.715+0800][info] GC(672)   Merge Heap Roots: 0.1ms
[2024-10-11T04:23:26.715+0800][info] GC(672)   Evacuate Collection Set: 1.2ms
[2024-10-11T04:23:26.715+0800][info] GC(672)   Post Evacuate Collection Set: 0.2ms
[2024-10-11T04:23:26.715+0800][info] GC(672)   Other: 0.2ms
[2024-10-11T04:23:26.715+0800][info] GC(672) Eden regions: 5->0(2)
[2024-10-11T04:23:26.715+0800][info] GC(672) Survivor regions: 0->1(1)
[2024-10-11T04:23:26.715+0800][info] GC(672) Old regions: 37->41
[2024-10-11T04:23:26.715+0800][info] GC(672) Archive regions: 2->2
[2024-10-11T04:23:26.715+0800][info] GC(672) Humongous regions: 3->3
[2024-10-11T04:23:26.715+0800][info] GC(672) Metaspace: 1697K(1856K)->1697K(1856K) NonClass: 1573K(1664K)->1573K(1664K) Class: 124K(192K)->124K(192K)
[2024-10-11T04:23:26.715+0800][info] GC(672) Pause Young (Normal) (G1 Evacuation Pause) 81M->81M(128M) 1.925ms
[2024-10-11T04:23:26.715+0800][info] GC(672) User=0.01s Sys=0.00s Real=0.01s
[2024-10-11T04:23:26.817+0800][info] GC(673) Pause Young (Normal) (G1 Evacuation Pause)
[2024-10-11T04:23:26.817+0800][info] GC(673) Using 3 workers of 48 for evacuation
[2024-10-11T04:23:26.818+0800][info] GC(673)   Pre Evacuate Collection Set: 0.1ms
[2024-10-11T04:23:26.818+0800][info] GC(673)   Merge Heap Roots: 0.0ms
[2024-10-11T04:23:26.818+0800][info] GC(673)   Evacuate Collection Set: 0.8ms
[2024-10-11T04:23:26.818+0800][info] GC(673)   Post Evacuate Collection Set: 0.2ms
[2024-10-11T04:23:26.818+0800][info] GC(673)   Other: 0.2ms
[2024-10-11T04:23:26.818+0800][info] GC(673) Eden regions: 2->0(2)
[2024-10-11T04:23:26.818+0800][info] GC(673) Survivor regions: 1->1(1)
[2024-10-11T04:23:26.818+0800][info] GC(673) Old regions: 41->43
[2024-10-11T04:23:26.818+0800][info] GC(673) Archive regions: 2->2
[2024-10-11T04:23:26.818+0800][info] GC(673) Humongous regions: 3->3
[2024-10-11T04:23:26.818+0800][info] GC(673) Metaspace: 1697K(1856K)->1697K(1856K) NonClass: 1573K(1664K)->1573K(1664K) Class: 124K(192K)->124K(192K)
[2024-10-11T04:23:26.819+0800][info] GC(673) Pause Young (Normal) (G1 Evacuation Pause) 84M->85M(128M) 1.413ms
[2024-10-11T04:23:26.819+0800][info] GC(673) User=0.00s Sys=0.00s Real=0.00s
[2024-10-11T04:23:26.920+0800][info] GC(674) Pause Young (Normal) (G1 Evacuation Pause)
[2024-10-11T04:23:26.921+0800][info] GC(674) Using 3 workers of 48 for evacuation
[2024-10-11T04:23:26.922+0800][info] GC(674)   Pre Evacuate Collection Set: 0.1ms
[2024-10-11T04:23:26.922+0800][info] GC(674)   Merge Heap Roots: 0.0ms
[2024-10-11T04:23:26.922+0800][info] GC(674)   Evacuate Collection Set: 0.7ms
[2024-10-11T04:23:26.922+0800][info] GC(674)   Post Evacuate Collection Set: 0.2ms
[2024-10-11T04:23:26.922+0800][info] GC(674)   Other: 0.2ms
[2024-10-11T04:23:26.922+0800][info] GC(674) Eden regions: 2->0(2)
[2024-10-11T04:23:26.922+0800][info] GC(674) Survivor regions: 1->1(1)
[2024-10-11T04:23:26.922+0800][info] GC(674) Old regions: 43->45
[2024-10-11T04:23:26.922+0800][info] GC(674) Archive regions: 2->2
[2024-10-11T04:23:26.922+0800][info] GC(674) Humongous regions: 3->3
[2024-10-11T04:23:26.922+0800][info] GC(674) Metaspace: 1697K(1856K)->1697K(1856K) NonClass: 1573K(1664K)->1573K(1664K) Class: 124K(192K)->124K(192K)
[2024-10-11T04:23:26.922+0800][info] GC(674) Pause Young (Normal) (G1 Evacuation Pause) 89M->89M(128M) 1.369ms
[2024-10-11T04:23:26.922+0800][info] GC(674) User=0.00s Sys=0.00s Real=0.00s
[2024-10-11T04:23:27.024+0800][info] GC(675) Pause Young (Normal) (G1 Evacuation Pause)
[2024-10-11T04:23:27.024+0800][info] GC(675) Using 3 workers of 48 for evacuation
[2024-10-11T04:23:27.025+0800][info] GC(675)   Pre Evacuate Collection Set: 0.1ms
[2024-10-11T04:23:27.025+0800][info] GC(675)   Merge Heap Roots: 0.0ms
[2024-10-11T04:23:27.025+0800][info] GC(675)   Evacuate Collection Set: 0.7ms
[2024-10-11T04:23:27.025+0800][info] GC(675)   Post Evacuate Collection Set: 0.2ms
[2024-10-11T04:23:27.025+0800][info] GC(675)   Other: 0.2ms
[2024-10-11T04:23:27.025+0800][info] GC(675) Eden regions: 2->0(2)
[2024-10-11T04:23:27.025+0800][info] GC(675) Survivor regions: 1->1(1)
[2024-10-11T04:23:27.025+0800][info] GC(675) Old regions: 45->47
[2024-10-11T04:23:27.025+0800][info] GC(675) Archive regions: 2->2
[2024-10-11T04:23:27.025+0800][info] GC(675) Humongous regions: 3->3
[2024-10-11T04:23:27.025+0800][info] GC(675) Metaspace: 1697K(1856K)->1697K(1856K) NonClass: 1573K(1664K)->1573K(1664K) Class: 124K(192K)->124K(192K)
[2024-10-11T04:23:27.025+0800][info] GC(675) Pause Young (Normal) (G1 Evacuation Pause) 92M->92M(128M) 1.357ms
[2024-10-11T04:23:27.026+0800][info] GC(675) User=0.00s Sys=0.00s Real=0.01s
[2024-10-11T04:23:27.127+0800][info] GC(676) Pause Young (Concurrent Start) (G1 Evacuation Pause)
[2024-10-11T04:23:27.128+0800][info] GC(676) Using 3 workers of 48 for evacuation
[2024-10-11T04:23:27.129+0800][info] GC(676)   Pre Evacuate Collection Set: 0.1ms
[2024-10-11T04:23:27.129+0800][info] GC(676)   Merge Heap Roots: 0.0ms
[2024-10-11T04:23:27.129+0800][info] GC(676)   Evacuate Collection Set: 0.7ms
[2024-10-11T04:23:27.129+0800][info] GC(676)   Post Evacuate Collection Set: 0.2ms
[2024-10-11T04:23:27.129+0800][info] GC(676)   Other: 0.3ms
[2024-10-11T04:23:27.129+0800][info] GC(676) Eden regions: 2->0(2)
[2024-10-11T04:23:27.129+0800][info] GC(676) Survivor regions: 1->1(1)
[2024-10-11T04:23:27.129+0800][info] GC(676) Old regions: 47->49
[2024-10-11T04:23:27.129+0800][info] GC(676) Archive regions: 2->2
[2024-10-11T04:23:27.129+0800][info] GC(676) Humongous regions: 3->3
[2024-10-11T04:23:27.129+0800][info] GC(676) Metaspace: 1697K(1856K)->1697K(1856K) NonClass: 1573K(1664K)->1573K(1664K) Class: 124K(192K)->124K(192K)
[2024-10-11T04:23:27.129+0800][info] GC(676) Pause Young (Concurrent Start) (G1 Evacuation Pause) 96M->96M(128M) 1.474ms
[2024-10-11T04:23:27.129+0800][info] GC(676) User=0.00s Sys=0.00s Real=0.00s
[2024-10-11T04:23:27.129+0800][info] GC(677) Concurrent Mark Cycle
[2024-10-11T04:23:27.129+0800][info] GC(677) Concurrent Clear Claimed Marks
[2024-10-11T04:23:27.129+0800][info] GC(677) Concurrent Clear Claimed Marks 0.016ms
[2024-10-11T04:23:27.129+0800][info] GC(677) Concurrent Scan Root Regions
[2024-10-11T04:23:27.129+0800][info] GC(677) Concurrent Scan Root Regions 0.112ms
[2024-10-11T04:23:27.129+0800][info] GC(677) Concurrent Mark
[2024-10-11T04:23:27.129+0800][info] GC(677) Concurrent Mark From Roots
[2024-10-11T04:23:27.129+0800][info] GC(677) Using 12 workers of 12 for marking
[2024-10-11T04:23:27.133+0800][info] GC(677) Concurrent Mark From Roots 3.673ms
[2024-10-11T04:23:27.133+0800][info] GC(677) Concurrent Preclean
[2024-10-11T04:23:27.135+0800][info] GC(677) Concurrent Preclean 1.702ms
[2024-10-11T04:23:27.135+0800][info] GC(677) Pause Remark
[2024-10-11T04:23:27.136+0800][info] GC(677) Pause Remark 96M->96M(128M) 1.495ms
[2024-10-11T04:23:27.136+0800][info] GC(677) User=0.00s Sys=0.00s Real=0.00s
[2024-10-11T04:23:27.136+0800][info] GC(677) Concurrent Mark 7.191ms
[2024-10-11T04:23:27.137+0800][info] GC(677) Concurrent Rebuild Remembered Sets
[2024-10-11T04:23:27.139+0800][info] GC(677) Concurrent Rebuild Remembered Sets 2.100ms
[2024-10-11T04:23:27.139+0800][info] GC(677) Pause Cleanup
[2024-10-11T04:23:27.139+0800][info] GC(677) Pause Cleanup 96M->96M(128M) 0.240ms
[2024-10-11T04:23:27.139+0800][info] GC(677) User=0.00s Sys=0.00s Real=0.00s
[2024-10-11T04:23:27.139+0800][info] GC(677) Concurrent Cleanup for Next Mark
[2024-10-11T04:23:27.139+0800][info] GC(677) Concurrent Cleanup for Next Mark 0.397ms
[2024-10-11T04:23:27.139+0800][info] GC(677) Concurrent Mark Cycle 10.421ms
[2024-10-11T04:23:27.282+0800][info] GC(678) Pause Young (Prepare Mixed) (G1 Evacuation Pause)
[2024-10-11T04:23:27.282+0800][info] GC(678) Using 3 workers of 48 for evacuation
[2024-10-11T04:23:27.284+0800][info] GC(678)   Pre Evacuate Collection Set: 0.1ms
[2024-10-11T04:23:27.284+0800][info] GC(678)   Merge Heap Roots: 0.1ms
[2024-10-11T04:23:27.284+0800][info] GC(678)   Evacuate Collection Set: 0.9ms
[2024-10-11T04:23:27.284+0800][info] GC(678)   Post Evacuate Collection Set: 0.2ms
[2024-10-11T04:23:27.284+0800][info] GC(678)   Other: 0.2ms
[2024-10-11T04:23:27.284+0800][info] GC(678) Eden regions: 2->0(2)
[2024-10-11T04:23:27.284+0800][info] GC(678) Survivor regions: 1->1(1)
[2024-10-11T04:23:27.284+0800][info] GC(678) Old regions: 49->51
[2024-10-11T04:23:27.284+0800][info] GC(678) Archive regions: 2->2
[2024-10-11T04:23:27.284+0800][info] GC(678) Humongous regions: 3->3
[2024-10-11T04:23:27.284+0800][info] GC(678) Metaspace: 1697K(1856K)->1697K(1856K) NonClass: 1573K(1664K)->1573K(1664K) Class: 124K(192K)->124K(192K)
[2024-10-11T04:23:27.284+0800][info] GC(678) Pause Young (Prepare Mixed) (G1 Evacuation Pause) 99M->100M(128M) 1.620ms
[2024-10-11T04:23:27.284+0800][info] GC(678) User=0.01s Sys=0.00s Real=0.00s
[2024-10-11T04:23:27.386+0800][info] GC(679) Pause Young (Mixed) (G1 Preventive Collection)
[2024-10-11T04:23:27.386+0800][info] GC(679) Using 3 workers of 48 for evacuation
[2024-10-11T04:23:27.388+0800][info] GC(679)   Pre Evacuate Collection Set: 0.2ms
[2024-10-11T04:23:27.388+0800][info] GC(679)   Merge Heap Roots: 0.1ms
[2024-10-11T04:23:27.388+0800][info] GC(679)   Evacuate Collection Set: 1.4ms
[2024-10-11T04:23:27.388+0800][info] GC(679)   Post Evacuate Collection Set: 0.2ms
[2024-10-11T04:23:27.388+0800][info] GC(679)   Other: 0.2ms
[2024-10-11T04:23:27.388+0800][info] GC(679) Eden regions: 2->0(2)
[2024-10-11T04:23:27.388+0800][info] GC(679) Survivor regions: 1->1(1)
[2024-10-11T04:23:27.388+0800][info] GC(679) Old regions: 51->48
[2024-10-11T04:23:27.388+0800][info] GC(679) Archive regions: 2->2
[2024-10-11T04:23:27.388+0800][info] GC(679) Humongous regions: 3->3
[2024-10-11T04:23:27.388+0800][info] GC(679) Metaspace: 1697K(1856K)->1697K(1856K) NonClass: 1573K(1664K)->1573K(1664K) Class: 124K(192K)->124K(192K)
[2024-10-11T04:23:27.388+0800][info] GC(679) Pause Young (Mixed) (G1 Preventive Collection) 104M->97M(128M) 2.071ms
[2024-10-11T04:23:27.388+0800][info] GC(679) User=0.00s Sys=0.00s Real=0.00s
[2024-10-11T04:23:27.490+0800][info] GC(680) Pause Young (Mixed) (G1 Evacuation Pause)
[2024-10-11T04:23:27.490+0800][info] GC(680) Using 3 workers of 48 for evacuation
[2024-10-11T04:23:27.492+0800][info] GC(680)   Pre Evacuate Collection Set: 0.2ms
[2024-10-11T04:23:27.492+0800][info] GC(680)   Merge Heap Roots: 0.1ms
[2024-10-11T04:23:27.492+0800][info] GC(680)   Evacuate Collection Set: 1.6ms
[2024-10-11T04:23:27.492+0800][info] GC(680)   Post Evacuate Collection Set: 0.2ms
[2024-10-11T04:23:27.492+0800][info] GC(680)   Other: 0.1ms
[2024-10-11T04:23:27.492+0800][info] GC(680) Eden regions: 2->0(2)
[2024-10-11T04:23:27.492+0800][info] GC(680) Survivor regions: 1->1(1)
[2024-10-11T04:23:27.492+0800][info] GC(680) Old regions: 48->46
[2024-10-11T04:23:27.492+0800][info] GC(680) Archive regions: 2->2
[2024-10-11T04:23:27.492+0800][info] GC(680) Humongous regions: 3->3
[2024-10-11T04:23:27.492+0800][info] GC(680) Metaspace: 1697K(1856K)->1697K(1856K) NonClass: 1573K(1664K)->1573K(1664K) Class: 124K(192K)->124K(192K)
[2024-10-11T04:23:27.492+0800][info] GC(680) Pause Young (Mixed) (G1 Evacuation Pause) 100M->95M(128M) 2.299ms
[2024-10-11T04:23:27.492+0800][info] GC(680) User=0.01s Sys=0.00s Real=0.00s
[2024-10-11T04:23:27.594+0800][info] GC(681) Pause Young (Mixed) (G1 Evacuation Pause)
[2024-10-11T04:23:27.594+0800][info] GC(681) Using 3 workers of 48 for evacuation
[2024-10-11T04:23:27.597+0800][info] GC(681)   Pre Evacuate Collection Set: 0.2ms
[2024-10-11T04:23:27.597+0800][info] GC(681)   Merge Heap Roots: 0.1ms
[2024-10-11T04:23:27.597+0800][info] GC(681)   Evacuate Collection Set: 1.8ms
[2024-10-11T04:23:27.597+0800][info] GC(681)   Post Evacuate Collection Set: 0.2ms
[2024-10-11T04:23:27.597+0800][info] GC(681)   Other: 0.1ms
[2024-10-11T04:23:27.597+0800][info] GC(681) Eden regions: 2->0(2)
[2024-10-11T04:23:27.597+0800][info] GC(681) Survivor regions: 1->1(1)
[2024-10-11T04:23:27.597+0800][info] GC(681) Old regions: 46->45
[2024-10-11T04:23:27.597+0800][info] GC(681) Archive regions: 2->2
[2024-10-11T04:23:27.597+0800][info] GC(681) Humongous regions: 3->3
[2024-10-11T04:23:27.597+0800][info] GC(681) Metaspace: 1697K(1856K)->1697K(1856K) NonClass: 1573K(1664K)->1573K(1664K) Class: 124K(192K)->124K(192K)
[2024-10-11T04:23:27.597+0800][info] GC(681) Pause Young (Mixed) (G1 Evacuation Pause) 99M->95M(128M) 2.459ms
[2024-10-11T04:23:27.597+0800][info] GC(681) User=0.01s Sys=0.00s Real=0.00s
[2024-10-11T04:23:27.700+0800][info] GC(682) Pause Young (Mixed) (G1 Evacuation Pause)
[2024-10-11T04:23:27.700+0800][info] GC(682) Using 3 workers of 48 for evacuation
[2024-10-11T04:23:27.701+0800][info] GC(682)   Pre Evacuate Collection Set: 0.2ms
[2024-10-11T04:23:27.701+0800][info] GC(682)   Merge Heap Roots: 0.1ms
[2024-10-11T04:23:27.701+0800][info] GC(682)   Evacuate Collection Set: 1.3ms
[2024-10-11T04:23:27.701+0800][info] GC(682)   Post Evacuate Collection Set: 0.2ms
[2024-10-11T04:23:27.701+0800][info] GC(682)   Other: 0.1ms
[2024-10-11T04:23:27.701+0800][info] GC(682) Eden regions: 2->0(2)
[2024-10-11T04:23:27.701+0800][info] GC(682) Survivor regions: 1->1(1)
[2024-10-11T04:23:27.701+0800][info] GC(682) Old regions: 45->46
[2024-10-11T04:23:27.701+0800][info] GC(682) Archive regions: 2->2
[2024-10-11T04:23:27.701+0800][info] GC(682) Humongous regions: 4->3
[2024-10-11T04:23:27.702+0800][info] GC(682) Metaspace: 1697K(1856K)->1697K(1856K) NonClass: 1573K(1664K)->1573K(1664K) Class: 124K(192K)->124K(192K)
[2024-10-11T04:23:27.702+0800][info] GC(682) Pause Young (Mixed) (G1 Evacuation Pause) 101M->97M(128M) 1.948ms
[2024-10-11T04:23:27.702+0800][info] GC(682) User=0.00s Sys=0.00s Real=0.00s
[2024-10-11T04:23:27.804+0800][info] GC(683) Pause Young (Normal) (G1 Evacuation Pause)
[2024-10-11T04:23:27.804+0800][info] GC(683) Using 3 workers of 48 for evacuation
[2024-10-11T04:23:27.805+0800][info] GC(683)   Pre Evacuate Collection Set: 0.1ms
[2024-10-11T04:23:27.805+0800][info] GC(683)   Merge Heap Roots: 0.0ms
[2024-10-11T04:23:27.805+0800][info] GC(683)   Evacuate Collection Set: 0.7ms
[2024-10-11T04:23:27.805+0800][info] GC(683)   Post Evacuate Collection Set: 0.2ms
[2024-10-11T04:23:27.805+0800][info] GC(683)   Other: 0.2ms
[2024-10-11T04:23:27.805+0800][info] GC(683) Eden regions: 2->0(2)
[2024-10-11T04:23:27.805+0800][info] GC(683) Survivor regions: 1->1(1)
[2024-10-11T04:23:27.805+0800][info] GC(683) Old regions: 46->48
[2024-10-11T04:23:27.805+0800][info] GC(683) Archive regions: 2->2
[2024-10-11T04:23:27.805+0800][info] GC(683) Humongous regions: 3->3
[2024-10-11T04:23:27.805+0800][info] GC(683) Metaspace: 1697K(1856K)->1697K(1856K) NonClass: 1573K(1664K)->1573K(1664K) Class: 124K(192K)->124K(192K)
[2024-10-11T04:23:27.805+0800][info] GC(683) Pause Young (Normal) (G1 Evacuation Pause) 101M->101M(128M) 1.336ms
[2024-10-11T04:23:27.805+0800][info] GC(683) User=0.01s Sys=0.00s Real=0.00s
[2024-10-11T04:23:27.907+0800][info] GC(684) Pause Young (Normal) (G1 Evacuation Pause)
[2024-10-11T04:23:27.907+0800][info] GC(684) Using 3 workers of 48 for evacuation
[2024-10-11T04:23:27.909+0800][info] GC(684)   Pre Evacuate Collection Set: 0.1ms
[2024-10-11T04:23:27.909+0800][info] GC(684)   Merge Heap Roots: 0.0ms
[2024-10-11T04:23:27.909+0800][info] GC(684)   Evacuate Collection Set: 0.8ms
[2024-10-11T04:23:27.909+0800][info] GC(684)   Post Evacuate Collection Set: 0.2ms
[2024-10-11T04:23:27.909+0800][info] GC(684)   Other: 0.2ms
[2024-10-11T04:23:27.909+0800][info] GC(684) Eden regions: 2->0(2)
[2024-10-11T04:23:27.909+0800][info] GC(684) Survivor regions: 1->1(1)
[2024-10-11T04:23:27.909+0800][info] GC(684) Old regions: 48->50
[2024-10-11T04:23:27.909+0800][info] GC(684) Archive regions: 2->2
[2024-10-11T04:23:27.909+0800][info] GC(684) Humongous regions: 3->3
[2024-10-11T04:23:27.909+0800][info] GC(684) Metaspace: 1697K(1856K)->1697K(1856K) NonClass: 1573K(1664K)->1573K(1664K) Class: 124K(192K)->124K(192K)
[2024-10-11T04:23:27.909+0800][info] GC(684) Pause Young (Normal) (G1 Evacuation Pause) 105M->105M(128M) 1.429ms
[2024-10-11T04:23:27.909+0800][info] GC(684) User=0.00s Sys=0.00s Real=0.00s
[2024-10-11T04:23:28.011+0800][info] GC(685) Pause Young (Concurrent Start) (G1 Evacuation Pause)
[2024-10-11T04:23:28.011+0800][info] GC(685) Using 3 workers of 48 for evacuation
[2024-10-11T04:23:28.012+0800][info] GC(685)   Pre Evacuate Collection Set: 0.1ms
[2024-10-11T04:23:28.012+0800][info] GC(685)   Merge Heap Roots: 0.0ms
[2024-10-11T04:23:28.012+0800][info] GC(685)   Evacuate Collection Set: 0.7ms
[2024-10-11T04:23:28.012+0800][info] GC(685)   Post Evacuate Collection Set: 0.2ms
[2024-10-11T04:23:28.012+0800][info] GC(685)   Other: 0.3ms
[2024-10-11T04:23:28.012+0800][info] GC(685) Eden regions: 2->0(2)
[2024-10-11T04:23:28.012+0800][info] GC(685) Survivor regions: 1->1(1)
[2024-10-11T04:23:28.012+0800][info] GC(685) Old regions: 50->52
[2024-10-11T04:23:28.012+0800][info] GC(685) Archive regions: 2->2
[2024-10-11T04:23:28.012+0800][info] GC(685) Humongous regions: 3->3
[2024-10-11T04:23:28.012+0800][info] GC(685) Metaspace: 1697K(1856K)->1697K(1856K) NonClass: 1573K(1664K)->1573K(1664K) Class: 124K(192K)->124K(192K)
[2024-10-11T04:23:28.012+0800][info] GC(685) Pause Young (Concurrent Start) (G1 Evacuation Pause) 109M->108M(128M) 1.435ms
[2024-10-11T04:23:28.012+0800][info] GC(685) User=0.01s Sys=0.00s Real=0.00s
[2024-10-11T04:23:28.012+0800][info] GC(686) Concurrent Mark Cycle
[2024-10-11T04:23:28.012+0800][info] GC(686) Concurrent Clear Claimed Marks
[2024-10-11T04:23:28.012+0800][info] GC(686) Concurrent Clear Claimed Marks 0.010ms
[2024-10-11T04:23:28.012+0800][info] GC(686) Concurrent Scan Root Regions
[2024-10-11T04:23:28.012+0800][info] GC(686) Concurrent Scan Root Regions 0.087ms
[2024-10-11T04:23:28.012+0800][info] GC(686) Concurrent Mark
[2024-10-11T04:23:28.012+0800][info] GC(686) Concurrent Mark From Roots
[2024-10-11T04:23:28.012+0800][info] GC(686) Using 12 workers of 12 for marking
[2024-10-11T04:23:28.017+0800][info] GC(686) Concurrent Mark From Roots 4.565ms
[2024-10-11T04:23:28.017+0800][info] GC(686) Concurrent Preclean
[2024-10-11T04:23:28.019+0800][info] GC(686) Concurrent Preclean 1.700ms
[2024-10-11T04:23:28.019+0800][info] GC(686) Pause Remark
[2024-10-11T04:23:28.020+0800][info] GC(686) Pause Remark 109M->109M(128M) 1.477ms
[2024-10-11T04:23:28.020+0800][info] GC(686) User=0.00s Sys=0.00s Real=0.00s
[2024-10-11T04:23:28.020+0800][info] GC(686) Concurrent Mark 8.049ms
[2024-10-11T04:23:28.020+0800][info] GC(686) Concurrent Rebuild Remembered Sets
[2024-10-11T04:23:28.022+0800][info] GC(686) Concurrent Rebuild Remembered Sets 1.683ms
[2024-10-11T04:23:28.022+0800][info] GC(686) Pause Cleanup
[2024-10-11T04:23:28.022+0800][info] GC(686) Pause Cleanup 109M->109M(128M) 0.195ms
[2024-10-11T04:23:28.022+0800][info] GC(686) User=0.00s Sys=0.00s Real=0.00s
[2024-10-11T04:23:28.022+0800][info] GC(686) Concurrent Cleanup for Next Mark
[2024-10-11T04:23:28.023+0800][info] GC(686) Concurrent Cleanup for Next Mark 0.386ms
[2024-10-11T04:23:28.023+0800][info] GC(686) Concurrent Mark Cycle 10.723ms
[2024-10-11T04:23:28.165+0800][info] GC(687) Pause Young (Prepare Mixed) (G1 Preventive Collection)
[2024-10-11T04:23:28.165+0800][info] GC(687) Using 3 workers of 48 for evacuation
[2024-10-11T04:23:28.167+0800][info] GC(687)   Pre Evacuate Collection Set: 0.1ms
[2024-10-11T04:23:28.167+0800][info] GC(687)   Merge Heap Roots: 0.1ms
[2024-10-11T04:23:28.167+0800][info] GC(687)   Evacuate Collection Set: 0.9ms
[2024-10-11T04:23:28.167+0800][info] GC(687)   Post Evacuate Collection Set: 0.2ms
[2024-10-11T04:23:28.167+0800][info] GC(687)   Other: 0.2ms
[2024-10-11T04:23:28.167+0800][info] GC(687) Eden regions: 2->0(2)
[2024-10-11T04:23:28.167+0800][info] GC(687) Survivor regions: 1->1(1)
[2024-10-11T04:23:28.167+0800][info] GC(687) Old regions: 52->54
[2024-10-11T04:23:28.167+0800][info] GC(687) Archive regions: 2->2
[2024-10-11T04:23:28.167+0800][info] GC(687) Humongous regions: 3->3
[2024-10-11T04:23:28.167+0800][info] GC(687) Metaspace: 1697K(1856K)->1697K(1856K) NonClass: 1573K(1664K)->1573K(1664K) Class: 124K(192K)->124K(192K)
[2024-10-11T04:23:28.167+0800][info] GC(687) Pause Young (Prepare Mixed) (G1 Preventive Collection) 112M->113M(128M) 1.616ms
[2024-10-11T04:23:28.167+0800][info] GC(687) User=0.00s Sys=0.00s Real=0.00s
[2024-10-11T04:23:28.228+0800][info] GC(688) Pause Young (Mixed) (G1 Preventive Collection)
[2024-10-11T04:23:28.228+0800][info] GC(688) Using 3 workers of 48 for evacuation
[2024-10-11T04:23:28.230+0800][info] GC(688) To-space exhausted
[2024-10-11T04:23:28.230+0800][info] GC(688)   Pre Evacuate Collection Set: 0.2ms
[2024-10-11T04:23:28.230+0800][info] GC(688)   Merge Heap Roots: 0.1ms
[2024-10-11T04:23:28.230+0800][info] GC(688)   Evacuate Collection Set: 1.0ms
[2024-10-11T04:23:28.230+0800][info] GC(688)   Post Evacuate Collection Set: 0.2ms
[2024-10-11T04:23:28.230+0800][info] GC(688)   Other: 0.2ms
[2024-10-11T04:23:28.230+0800][info] GC(688) Eden regions: 1->0(2)
[2024-10-11T04:23:28.230+0800][info] GC(688) Survivor regions: 1->1(1)
[2024-10-11T04:23:28.230+0800][info] GC(688) Old regions: 54->52
[2024-10-11T04:23:28.230+0800][info] GC(688) Archive regions: 2->2
[2024-10-11T04:23:28.230+0800][info] GC(688) Humongous regions: 3->3
[2024-10-11T04:23:28.230+0800][info] GC(688) Metaspace: 1697K(1856K)->1697K(1856K) NonClass: 1573K(1664K)->1573K(1664K) Class: 124K(192K)->124K(192K)
[2024-10-11T04:23:28.230+0800][info] GC(688) Pause Young (Mixed) (G1 Preventive Collection) 114M->110M(128M) 1.753ms
[2024-10-11T04:23:28.230+0800][info] GC(688) User=0.01s Sys=0.00s Real=0.00s
[2024-10-11T04:23:28.271+0800][info] GC(689) Pause Young (Mixed) (G1 Preventive Collection)
[2024-10-11T04:23:28.271+0800][info] GC(689) Using 3 workers of 48 for evacuation
[2024-10-11T04:23:28.273+0800][info] GC(689) To-space exhausted
[2024-10-11T04:23:28.273+0800][info] GC(689)   Pre Evacuate Collection Set: 0.2ms
[2024-10-11T04:23:28.273+0800][info] GC(689)   Merge Heap Roots: 0.1ms
[2024-10-11T04:23:28.273+0800][info] GC(689)   Evacuate Collection Set: 1.5ms
[2024-10-11T04:23:28.273+0800][info] GC(689)   Post Evacuate Collection Set: 0.2ms
[2024-10-11T04:23:28.273+0800][info] GC(689)   Other: 0.1ms
[2024-10-11T04:23:28.273+0800][info] GC(689) Eden regions: 1->0(2)
[2024-10-11T04:23:28.273+0800][info] GC(689) Survivor regions: 1->1(1)
[2024-10-11T04:23:28.273+0800][info] GC(689) Old regions: 52->51
[2024-10-11T04:23:28.273+0800][info] GC(689) Archive regions: 2->2
[2024-10-11T04:23:28.273+0800][info] GC(689) Humongous regions: 3->3
[2024-10-11T04:23:28.273+0800][info] GC(689) Metaspace: 1697K(1856K)->1697K(1856K) NonClass: 1573K(1664K)->1573K(1664K) Class: 124K(192K)->124K(192K)
[2024-10-11T04:23:28.273+0800][info] GC(689) Pause Young (Mixed) (G1 Preventive Collection) 112M->109M(128M) 2.185ms
[2024-10-11T04:23:28.273+0800][info] GC(689) User=0.00s Sys=0.00s Real=0.01s
[2024-10-11T04:23:28.335+0800][info] GC(690) Pause Young (Mixed) (G1 Preventive Collection)
[2024-10-11T04:23:28.335+0800][info] GC(690) Using 3 workers of 48 for evacuation
[2024-10-11T04:23:28.337+0800][info] GC(690)   Pre Evacuate Collection Set: 0.2ms
[2024-10-11T04:23:28.337+0800][info] GC(690)   Merge Heap Roots: 0.1ms
[2024-10-11T04:23:28.337+0800][info] GC(690)   Evacuate Collection Set: 1.7ms
[2024-10-11T04:23:28.337+0800][info] GC(690)   Post Evacuate Collection Set: 0.2ms
[2024-10-11T04:23:28.337+0800][info] GC(690)   Other: 0.1ms
[2024-10-11T04:23:28.337+0800][info] GC(690) Eden regions: 1->0(2)
[2024-10-11T04:23:28.337+0800][info] GC(690) Survivor regions: 1->1(1)
[2024-10-11T04:23:28.337+0800][info] GC(690) Old regions: 51->48
[2024-10-11T04:23:28.337+0800][info] GC(690) Archive regions: 2->2
[2024-10-11T04:23:28.337+0800][info] GC(690) Humongous regions: 3->3
[2024-10-11T04:23:28.337+0800][info] GC(690) Metaspace: 1697K(1856K)->1697K(1856K) NonClass: 1573K(1664K)->1573K(1664K) Class: 124K(192K)->124K(192K)
[2024-10-11T04:23:28.337+0800][info] GC(690) Pause Young (Mixed) (G1 Preventive Collection) 111M->103M(128M) 2.441ms
[2024-10-11T04:23:28.337+0800][info] GC(690) User=0.01s Sys=0.00s Real=0.00s
[2024-10-11T04:23:28.439+0800][info] GC(691) Pause Young (Mixed) (G1 Evacuation Pause)
[2024-10-11T04:23:28.439+0800][info] GC(691) Using 3 workers of 48 for evacuation
[2024-10-11T04:23:28.442+0800][info] GC(691)   Pre Evacuate Collection Set: 0.2ms
[2024-10-11T04:23:28.442+0800][info] GC(691)   Merge Heap Roots: 0.1ms
[2024-10-11T04:23:28.442+0800][info] GC(691)   Evacuate Collection Set: 1.7ms
[2024-10-11T04:23:28.442+0800][info] GC(691)   Post Evacuate Collection Set: 0.2ms
[2024-10-11T04:23:28.442+0800][info] GC(691)   Other: 0.1ms
[2024-10-11T04:23:28.442+0800][info] GC(691) Eden regions: 2->0(2)
[2024-10-11T04:23:28.442+0800][info] GC(691) Survivor regions: 1->1(1)
[2024-10-11T04:23:28.442+0800][info] GC(691) Old regions: 48->48
[2024-10-11T04:23:28.442+0800][info] GC(691) Archive regions: 2->2
[2024-10-11T04:23:28.442+0800][info] GC(691) Humongous regions: 3->3
[2024-10-11T04:23:28.442+0800][info] GC(691) Metaspace: 1697K(1856K)->1697K(1856K) NonClass: 1573K(1664K)->1573K(1664K) Class: 124K(192K)->124K(192K)
[2024-10-11T04:23:28.442+0800][info] GC(691) Pause Young (Mixed) (G1 Evacuation Pause) 107M->102M(128M) 2.445ms
[2024-10-11T04:23:28.442+0800][info] GC(691) User=0.00s Sys=0.00s Real=0.00s
[2024-10-11T04:23:28.544+0800][info] GC(692) Pause Young (Mixed) (G1 Evacuation Pause)
[2024-10-11T04:23:28.544+0800][info] GC(692) Using 3 workers of 48 for evacuation
[2024-10-11T04:23:28.546+0800][info] GC(692)   Pre Evacuate Collection Set: 0.2ms
[2024-10-11T04:23:28.546+0800][info] GC(692)   Merge Heap Roots: 0.1ms
[2024-10-11T04:23:28.546+0800][info] GC(692)   Evacuate Collection Set: 1.1ms
[2024-10-11T04:23:28.546+0800][info] GC(692)   Post Evacuate Collection Set: 0.2ms
[2024-10-11T04:23:28.546+0800][info] GC(692)   Other: 0.1ms
[2024-10-11T04:23:28.546+0800][info] GC(692) Eden regions: 2->0(2)
[2024-10-11T04:23:28.546+0800][info] GC(692) Survivor regions: 1->1(1)
[2024-10-11T04:23:28.546+0800][info] GC(692) Old regions: 48->49
[2024-10-11T04:23:28.546+0800][info] GC(692) Archive regions: 2->2
[2024-10-11T04:23:28.546+0800][info] GC(692) Humongous regions: 3->3
[2024-10-11T04:23:28.546+0800][info] GC(692) Metaspace: 1697K(1856K)->1697K(1856K) NonClass: 1573K(1664K)->1573K(1664K) Class: 124K(192K)->124K(192K)
[2024-10-11T04:23:28.546+0800][info] GC(692) Pause Young (Mixed) (G1 Evacuation Pause) 106M->105M(128M) 1.700ms
[2024-10-11T04:23:28.546+0800][info] GC(692) User=0.00s Sys=0.00s Real=0.01s
[2024-10-11T04:23:28.648+0800][info] GC(693) Pause Young (Normal) (G1 Evacuation Pause)
[2024-10-11T04:23:28.648+0800][info] GC(693) Using 3 workers of 48 for evacuation
[2024-10-11T04:23:28.649+0800][info] GC(693)   Pre Evacuate Collection Set: 0.1ms
[2024-10-11T04:23:28.649+0800][info] GC(693)   Merge Heap Roots: 0.0ms
[2024-10-11T04:23:28.649+0800][info] GC(693)   Evacuate Collection Set: 0.8ms
[2024-10-11T04:23:28.649+0800][info] GC(693)   Post Evacuate Collection Set: 0.2ms
[2024-10-11T04:23:28.649+0800][info] GC(693)   Other: 0.2ms
[2024-10-11T04:23:28.649+0800][info] GC(693) Eden regions: 2->0(2)
[2024-10-11T04:23:28.649+0800][info] GC(693) Survivor regions: 1->1(1)
[2024-10-11T04:23:28.649+0800][info] GC(693) Old regions: 49->51
[2024-10-11T04:23:28.649+0800][info] GC(693) Archive regions: 2->2
[2024-10-11T04:23:28.649+0800][info] GC(693) Humongous regions: 3->3
[2024-10-11T04:23:28.649+0800][info] GC(693) Metaspace: 1697K(1856K)->1697K(1856K) NonClass: 1573K(1664K)->1573K(1664K) Class: 124K(192K)->124K(192K)
[2024-10-11T04:23:28.649+0800][info] GC(693) Pause Young (Normal) (G1 Evacuation Pause) 109M->109M(128M) 1.421ms
[2024-10-11T04:23:28.649+0800][info] GC(693) User=0.00s Sys=0.01s Real=0.00s
[2024-10-11T04:23:28.751+0800][info] GC(694) Pause Young (Concurrent Start) (G1 Evacuation Pause)
[2024-10-11T04:23:28.751+0800][info] GC(694) Using 3 workers of 48 for evacuation
[2024-10-11T04:23:28.753+0800][info] GC(694)   Pre Evacuate Collection Set: 0.1ms
[2024-10-11T04:23:28.753+0800][info] GC(694)   Merge Heap Roots: 0.0ms
[2024-10-11T04:23:28.753+0800][info] GC(694)   Evacuate Collection Set: 0.9ms
[2024-10-11T04:23:28.753+0800][info] GC(694)   Post Evacuate Collection Set: 0.2ms
[2024-10-11T04:23:28.753+0800][info] GC(694)   Other: 0.3ms
[2024-10-11T04:23:28.753+0800][info] GC(694) Eden regions: 2->0(2)
[2024-10-11T04:23:28.753+0800][info] GC(694) Survivor regions: 1->1(1)
[2024-10-11T04:23:28.753+0800][info] GC(694) Old regions: 51->53
[2024-10-11T04:23:28.753+0800][info] GC(694) Archive regions: 2->2
[2024-10-11T04:23:28.753+0800][info] GC(694) Humongous regions: 3->3
[2024-10-11T04:23:28.753+0800][info] GC(694) Metaspace: 1697K(1856K)->1697K(1856K) NonClass: 1573K(1664K)->1573K(1664K) Class: 124K(192K)->124K(192K)
[2024-10-11T04:23:28.753+0800][info] GC(694) Pause Young (Concurrent Start) (G1 Evacuation Pause) 112M->113M(128M) 1.682ms
[2024-10-11T04:23:28.753+0800][info] GC(694) User=0.00s Sys=0.00s Real=0.01s
[2024-10-11T04:23:28.753+0800][info] GC(695) Concurrent Mark Cycle
[2024-10-11T04:23:28.753+0800][info] GC(695) Concurrent Clear Claimed Marks
[2024-10-11T04:23:28.753+0800][info] GC(695) Concurrent Clear Claimed Marks 0.016ms
[2024-10-11T04:23:28.753+0800][info] GC(695) Concurrent Scan Root Regions
[2024-10-11T04:23:28.753+0800][info] GC(695) Concurrent Scan Root Regions 0.108ms
[2024-10-11T04:23:28.753+0800][info] GC(695) Concurrent Mark
[2024-10-11T04:23:28.753+0800][info] GC(695) Concurrent Mark From Roots
[2024-10-11T04:23:28.753+0800][info] GC(695) Using 12 workers of 12 for marking
[2024-10-11T04:23:28.757+0800][info] GC(695) Concurrent Mark From Roots 3.444ms
[2024-10-11T04:23:28.757+0800][info] GC(695) Concurrent Preclean
[2024-10-11T04:23:28.759+0800][info] GC(695) Concurrent Preclean 1.703ms
[2024-10-11T04:23:28.759+0800][info] GC(695) Pause Remark
[2024-10-11T04:23:28.760+0800][info] GC(695) Pause Remark 113M->108M(128M) 1.568ms
[2024-10-11T04:23:28.760+0800][info] GC(695) User=0.01s Sys=0.00s Real=0.00s
[2024-10-11T04:23:28.760+0800][info] GC(695) Concurrent Mark 6.961ms
[2024-10-11T04:23:28.760+0800][info] GC(695) Concurrent Rebuild Remembered Sets
[2024-10-11T04:23:28.762+0800][info] GC(695) Concurrent Rebuild Remembered Sets 1.698ms
[2024-10-11T04:23:28.762+0800][info] GC(695) Pause Cleanup
[2024-10-11T04:23:28.763+0800][info] GC(695) Pause Cleanup 108M->108M(128M) 0.258ms
[2024-10-11T04:23:28.763+0800][info] GC(695) User=0.00s Sys=0.00s Real=0.00s
[2024-10-11T04:23:28.763+0800][info] GC(695) Concurrent Cleanup for Next Mark
[2024-10-11T04:23:28.763+0800][info] GC(695) Concurrent Cleanup for Next Mark 0.391ms
[2024-10-11T04:23:28.763+0800][info] GC(695) Concurrent Mark Cycle 9.773ms
[2024-10-11T04:23:28.906+0800][info] GC(696) Pause Young (Prepare Mixed) (G1 Evacuation Pause)
[2024-10-11T04:23:28.906+0800][info] GC(696) Using 3 workers of 48 for evacuation
[2024-10-11T04:23:28.907+0800][info] GC(696)   Pre Evacuate Collection Set: 0.1ms
[2024-10-11T04:23:28.907+0800][info] GC(696)   Merge Heap Roots: 0.1ms
[2024-10-11T04:23:28.907+0800][info] GC(696)   Evacuate Collection Set: 0.9ms
[2024-10-11T04:23:28.907+0800][info] GC(696)   Post Evacuate Collection Set: 0.2ms
[2024-10-11T04:23:28.907+0800][info] GC(696)   Other: 0.2ms
[2024-10-11T04:23:28.908+0800][info] GC(696) Eden regions: 2->0(2)
[2024-10-11T04:23:28.908+0800][info] GC(696) Survivor regions: 1->1(1)
[2024-10-11T04:23:28.908+0800][info] GC(696) Old regions: 50->52
[2024-10-11T04:23:28.908+0800][info] GC(696) Archive regions: 2->2
[2024-10-11T04:23:28.908+0800][info] GC(696) Humongous regions: 3->3
[2024-10-11T04:23:28.908+0800][info] GC(696) Metaspace: 1697K(1856K)->1697K(1856K) NonClass: 1573K(1664K)->1573K(1664K) Class: 124K(192K)->124K(192K)
[2024-10-11T04:23:28.908+0800][info] GC(696) Pause Young (Prepare Mixed) (G1 Evacuation Pause) 111M->111M(128M) 1.633ms
[2024-10-11T04:23:28.908+0800][info] GC(696) User=0.01s Sys=0.00s Real=0.00s
[2024-10-11T04:23:29.010+0800][info] GC(697) Pause Young (Mixed) (G1 Preventive Collection)
[2024-10-11T04:23:29.010+0800][info] GC(697) Using 3 workers of 48 for evacuation
[2024-10-11T04:23:29.012+0800][info] GC(697) To-space exhausted
[2024-10-11T04:23:29.012+0800][info] GC(697)   Pre Evacuate Collection Set: 0.2ms
[2024-10-11T04:23:29.012+0800][info] GC(697)   Merge Heap Roots: 0.1ms
[2024-10-11T04:23:29.012+0800][info] GC(697)   Evacuate Collection Set: 1.3ms
[2024-10-11T04:23:29.012+0800][info] GC(697)   Post Evacuate Collection Set: 0.2ms
[2024-10-11T04:23:29.012+0800][info] GC(697)   Other: 0.2ms
[2024-10-11T04:23:29.012+0800][info] GC(697) Eden regions: 2->0(2)
[2024-10-11T04:23:29.012+0800][info] GC(697) Survivor regions: 1->1(1)
[2024-10-11T04:23:29.012+0800][info] GC(697) Old regions: 52->49
[2024-10-11T04:23:29.012+0800][info] GC(697) Archive regions: 2->2
[2024-10-11T04:23:29.012+0800][info] GC(697) Humongous regions: 3->3
[2024-10-11T04:23:29.012+0800][info] GC(697) Metaspace: 1697K(1856K)->1697K(1856K) NonClass: 1573K(1664K)->1573K(1664K) Class: 124K(192K)->124K(192K)
[2024-10-11T04:23:29.012+0800][info] GC(697) Pause Young (Mixed) (G1 Preventive Collection) 115M->107M(128M) 2.031ms
[2024-10-11T04:23:29.012+0800][info] GC(697) User=0.00s Sys=0.00s Real=0.00s
[2024-10-11T04:23:29.114+0800][info] GC(698) Pause Young (Mixed) (G1 Preventive Collection)
[2024-10-11T04:23:29.114+0800][info] GC(698) Using 3 workers of 48 for evacuation
[2024-10-11T04:23:29.116+0800][info] GC(698)   Pre Evacuate Collection Set: 0.2ms
[2024-10-11T04:23:29.116+0800][info] GC(698)   Merge Heap Roots: 0.1ms
[2024-10-11T04:23:29.116+0800][info] GC(698)   Evacuate Collection Set: 1.7ms
[2024-10-11T04:23:29.116+0800][info] GC(698)   Post Evacuate Collection Set: 0.2ms
[2024-10-11T04:23:29.116+0800][info] GC(698)   Other: 0.1ms
[2024-10-11T04:23:29.116+0800][info] GC(698) Eden regions: 2->0(2)
[2024-10-11T04:23:29.116+0800][info] GC(698) Survivor regions: 1->1(1)
[2024-10-11T04:23:29.116+0800][info] GC(698) Old regions: 49->48
[2024-10-11T04:23:29.116+0800][info] GC(698) Archive regions: 2->2
[2024-10-11T04:23:29.116+0800][info] GC(698) Humongous regions: 3->3
[2024-10-11T04:23:29.116+0800][info] GC(698) Metaspace: 1697K(1856K)->1697K(1856K) NonClass: 1573K(1664K)->1573K(1664K) Class: 124K(192K)->124K(192K)
[2024-10-11T04:23:29.116+0800][info] GC(698) Pause Young (Mixed) (G1 Preventive Collection) 110M->104M(128M) 2.322ms
[2024-10-11T04:23:29.116+0800][info] GC(698) User=0.01s Sys=0.00s Real=0.00s
[2024-10-11T04:23:29.219+0800][info] GC(699) Pause Young (Mixed) (G1 Evacuation Pause)
[2024-10-11T04:23:29.219+0800][info] GC(699) Using 3 workers of 48 for evacuation
[2024-10-11T04:23:29.221+0800][info] GC(699)   Pre Evacuate Collection Set: 0.2ms
[2024-10-11T04:23:29.221+0800][info] GC(699)   Merge Heap Roots: 0.1ms
[2024-10-11T04:23:29.221+0800][info] GC(699)   Evacuate Collection Set: 1.8ms
[2024-10-11T04:23:29.221+0800][info] GC(699)   Post Evacuate Collection Set: 0.2ms
[2024-10-11T04:23:29.221+0800][info] GC(699)   Other: 0.1ms
[2024-10-11T04:23:29.221+0800][info] GC(699) Eden regions: 2->0(2)
[2024-10-11T04:23:29.221+0800][info] GC(699) Survivor regions: 1->1(1)
[2024-10-11T04:23:29.221+0800][info] GC(699) Old regions: 48->47
[2024-10-11T04:23:29.221+0800][info] GC(699) Archive regions: 2->2
[2024-10-11T04:23:29.221+0800][info] GC(699) Humongous regions: 3->3
[2024-10-11T04:23:29.221+0800][info] GC(699) Metaspace: 1697K(1856K)->1697K(1856K) NonClass: 1573K(1664K)->1573K(1664K) Class: 124K(192K)->124K(192K)
[2024-10-11T04:23:29.221+0800][info] GC(699) Pause Young (Mixed) (G1 Evacuation Pause) 107M->102M(128M) 2.440ms
[2024-10-11T04:23:29.221+0800][info] GC(699) User=0.00s Sys=0.01s Real=0.00s
[2024-10-11T04:23:29.323+0800][info] GC(700) Pause Young (Mixed) (G1 Evacuation Pause)
[2024-10-11T04:23:29.323+0800][info] GC(700) Using 3 workers of 48 for evacuation
[2024-10-11T04:23:29.326+0800][info] GC(700)   Pre Evacuate Collection Set: 0.2ms
[2024-10-11T04:23:29.326+0800][info] GC(700)   Merge Heap Roots: 0.1ms
[2024-10-11T04:23:29.326+0800][info] GC(700)   Evacuate Collection Set: 1.9ms
[2024-10-11T04:23:29.326+0800][info] GC(700)   Post Evacuate Collection Set: 0.2ms
[2024-10-11T04:23:29.326+0800][info] GC(700)   Other: 0.1ms
[2024-10-11T04:23:29.326+0800][info] GC(700) Eden regions: 2->0(2)
[2024-10-11T04:23:29.326+0800][info] GC(700) Survivor regions: 1->1(1)
[2024-10-11T04:23:29.326+0800][info] GC(700) Old regions: 47->47
[2024-10-11T04:23:29.326+0800][info] GC(700) Archive regions: 2->2
[2024-10-11T04:23:29.326+0800][info] GC(700) Humongous regions: 3->3
[2024-10-11T04:23:29.326+0800][info] GC(700) Metaspace: 1697K(1856K)->1697K(1856K) NonClass: 1573K(1664K)->1573K(1664K) Class: 124K(192K)->124K(192K)
[2024-10-11T04:23:29.326+0800][info] GC(700) Pause Young (Mixed) (G1 Evacuation Pause) 106M->101M(128M) 2.605ms
[2024-10-11T04:23:29.326+0800][info] GC(700) User=0.01s Sys=0.00s Real=0.01s
[2024-10-11T04:23:29.428+0800][info] GC(701) Pause Young (Mixed) (G1 Evacuation Pause)
[2024-10-11T04:23:29.428+0800][info] GC(701) Using 3 workers of 48 for evacuation
[2024-10-11T04:23:29.430+0800][info] GC(701)   Pre Evacuate Collection Set: 0.2ms
[2024-10-11T04:23:29.430+0800][info] GC(701)   Merge Heap Roots: 0.1ms
[2024-10-11T04:23:29.430+0800][info] GC(701)   Evacuate Collection Set: 1.1ms
[2024-10-11T04:23:29.430+0800][info] GC(701)   Post Evacuate Collection Set: 0.2ms
[2024-10-11T04:23:29.430+0800][info] GC(701)   Other: 0.1ms
[2024-10-11T04:23:29.430+0800][info] GC(701) Eden regions: 2->0(2)
[2024-10-11T04:23:29.430+0800][info] GC(701) Survivor regions: 1->1(1)
[2024-10-11T04:23:29.430+0800][info] GC(701) Old regions: 47->48
[2024-10-11T04:23:29.430+0800][info] GC(701) Archive regions: 2->2
[2024-10-11T04:23:29.430+0800][info] GC(701) Humongous regions: 3->3
[2024-10-11T04:23:29.430+0800][info] GC(701) Metaspace: 1697K(1856K)->1697K(1856K) NonClass: 1573K(1664K)->1573K(1664K) Class: 124K(192K)->124K(192K)
[2024-10-11T04:23:29.430+0800][info] GC(701) Pause Young (Mixed) (G1 Evacuation Pause) 105M->105M(128M) 1.778ms
[2024-10-11T04:23:29.430+0800][info] GC(701) User=0.00s Sys=0.00s Real=0.00s
[2024-10-11T04:23:29.532+0800][info] GC(702) Pause Young (Normal) (G1 Evacuation Pause)
[2024-10-11T04:23:29.532+0800][info] GC(702) Using 3 workers of 48 for evacuation
[2024-10-11T04:23:29.533+0800][info] GC(702)   Pre Evacuate Collection Set: 0.1ms
[2024-10-11T04:23:29.533+0800][info] GC(702)   Merge Heap Roots: 0.0ms
[2024-10-11T04:23:29.533+0800][info] GC(702)   Evacuate Collection Set: 0.6ms
[2024-10-11T04:23:29.533+0800][info] GC(702)   Post Evacuate Collection Set: 0.2ms
[2024-10-11T04:23:29.533+0800][info] GC(702)   Other: 0.2ms
[2024-10-11T04:23:29.533+0800][info] GC(702) Eden regions: 2->0(2)
[2024-10-11T04:23:29.533+0800][info] GC(702) Survivor regions: 1->1(1)
[2024-10-11T04:23:29.533+0800][info] GC(702) Old regions: 48->50
[2024-10-11T04:23:29.533+0800][info] GC(702) Archive regions: 2->2
[2024-10-11T04:23:29.533+0800][info] GC(702) Humongous regions: 3->3
[2024-10-11T04:23:29.533+0800][info] GC(702) Metaspace: 1697K(1856K)->1697K(1856K) NonClass: 1573K(1664K)->1573K(1664K) Class: 124K(192K)->124K(192K)
[2024-10-11T04:23:29.533+0800][info] GC(702) Pause Young (Normal) (G1 Evacuation Pause) 108M->108M(128M) 1.248ms
[2024-10-11T04:23:29.533+0800][info] GC(702) User=0.00s Sys=0.00s Real=0.01s
[2024-10-11T04:23:29.635+0800][info] GC(703) Pause Young (Concurrent Start) (G1 Evacuation Pause)
[2024-10-11T04:23:29.635+0800][info] GC(703) Using 3 workers of 48 for evacuation
[2024-10-11T04:23:29.637+0800][info] GC(703)   Pre Evacuate Collection Set: 0.1ms
[2024-10-11T04:23:29.637+0800][info] GC(703)   Merge Heap Roots: 0.0ms
[2024-10-11T04:23:29.637+0800][info] GC(703)   Evacuate Collection Set: 0.6ms
[2024-10-11T04:23:29.637+0800][info] GC(703)   Post Evacuate Collection Set: 0.2ms
[2024-10-11T04:23:29.637+0800][info] GC(703)   Other: 0.3ms
[2024-10-11T04:23:29.637+0800][info] GC(703) Eden regions: 2->0(2)
[2024-10-11T04:23:29.637+0800][info] GC(703) Survivor regions: 1->1(1)
[2024-10-11T04:23:29.637+0800][info] GC(703) Old regions: 50->52
[2024-10-11T04:23:29.637+0800][info] GC(703) Archive regions: 2->2
[2024-10-11T04:23:29.637+0800][info] GC(703) Humongous regions: 3->3
[2024-10-11T04:23:29.637+0800][info] GC(703) Metaspace: 1697K(1856K)->1697K(1856K) NonClass: 1573K(1664K)->1573K(1664K) Class: 124K(192K)->124K(192K)
[2024-10-11T04:23:29.637+0800][info] GC(703) Pause Young (Concurrent Start) (G1 Evacuation Pause) 112M->112M(128M) 1.446ms
[2024-10-11T04:23:29.637+0800][info] GC(703) User=0.00s Sys=0.00s Real=0.00s
[2024-10-11T04:23:29.637+0800][info] GC(704) Concurrent Mark Cycle
[2024-10-11T04:23:29.637+0800][info] GC(704) Concurrent Clear Claimed Marks
[2024-10-11T04:23:29.637+0800][info] GC(704) Concurrent Clear Claimed Marks 0.016ms
[2024-10-11T04:23:29.637+0800][info] GC(704) Concurrent Scan Root Regions
[2024-10-11T04:23:29.637+0800][info] GC(704) Concurrent Scan Root Regions 0.199ms
[2024-10-11T04:23:29.637+0800][info] GC(704) Concurrent Mark
[2024-10-11T04:23:29.637+0800][info] GC(704) Concurrent Mark From Roots
[2024-10-11T04:23:29.637+0800][info] GC(704) Using 12 workers of 12 for marking
[2024-10-11T04:23:29.641+0800][info] GC(704) Concurrent Mark From Roots 3.611ms
[2024-10-11T04:23:29.641+0800][info] GC(704) Concurrent Preclean
[2024-10-11T04:23:29.643+0800][info] GC(704) Concurrent Preclean 1.709ms
[2024-10-11T04:23:29.643+0800][info] GC(704) Pause Remark
[2024-10-11T04:23:29.644+0800][info] GC(704) Pause Remark 113M->109M(128M) 1.496ms
[2024-10-11T04:23:29.644+0800][info] GC(704) User=0.00s Sys=0.00s Real=0.00s
[2024-10-11T04:23:29.644+0800][info] GC(704) Concurrent Mark 7.129ms
[2024-10-11T04:23:29.644+0800][info] GC(704) Concurrent Rebuild Remembered Sets
[2024-10-11T04:23:29.646+0800][info] GC(704) Concurrent Rebuild Remembered Sets 1.731ms
[2024-10-11T04:23:29.646+0800][info] GC(704) Pause Cleanup
[2024-10-11T04:23:29.646+0800][info] GC(704) Pause Cleanup 109M->109M(128M) 0.241ms
[2024-10-11T04:23:29.646+0800][info] GC(704) User=0.00s Sys=0.00s Real=0.00s
[2024-10-11T04:23:29.647+0800][info] GC(704) Concurrent Cleanup for Next Mark
[2024-10-11T04:23:29.647+0800][info] GC(704) Concurrent Cleanup for Next Mark 0.395ms
[2024-10-11T04:23:29.647+0800][info] GC(704) Concurrent Mark Cycle 10.052ms
[2024-10-11T04:23:29.790+0800][info] GC(705) Pause Young (Prepare Mixed) (G1 Evacuation Pause)
[2024-10-11T04:23:29.790+0800][info] GC(705) Using 3 workers of 48 for evacuation
[2024-10-11T04:23:29.791+0800][info] GC(705)   Pre Evacuate Collection Set: 0.1ms
[2024-10-11T04:23:29.791+0800][info] GC(705)   Merge Heap Roots: 0.1ms
[2024-10-11T04:23:29.791+0800][info] GC(705)   Evacuate Collection Set: 0.8ms
[2024-10-11T04:23:29.791+0800][info] GC(705)   Post Evacuate Collection Set: 0.2ms
[2024-10-11T04:23:29.791+0800][info] GC(705)   Other: 0.2ms
[2024-10-11T04:23:29.791+0800][info] GC(705) Eden regions: 2->0(2)
[2024-10-11T04:23:29.791+0800][info] GC(705) Survivor regions: 1->1(1)
[2024-10-11T04:23:29.791+0800][info] GC(705) Old regions: 50->52
[2024-10-11T04:23:29.791+0800][info] GC(705) Archive regions: 2->2
[2024-10-11T04:23:29.791+0800][info] GC(705) Humongous regions: 3->3
[2024-10-11T04:23:29.791+0800][info] GC(705) Metaspace: 1697K(1856K)->1697K(1856K) NonClass: 1573K(1664K)->1573K(1664K) Class: 124K(192K)->124K(192K)
[2024-10-11T04:23:29.791+0800][info] GC(705) Pause Young (Prepare Mixed) (G1 Evacuation Pause) 112M->112M(128M) 1.485ms
[2024-10-11T04:23:29.791+0800][info] GC(705) User=0.00s Sys=0.00s Real=0.00s
[2024-10-11T04:23:29.853+0800][info] GC(706) Pause Young (Mixed) (G1 Preventive Collection)
[2024-10-11T04:23:29.853+0800][info] GC(706) Using 3 workers of 48 for evacuation
[2024-10-11T04:23:29.854+0800][info] GC(706)   Pre Evacuate Collection Set: 0.2ms
[2024-10-11T04:23:29.854+0800][info] GC(706)   Merge Heap Roots: 0.1ms
[2024-10-11T04:23:29.854+0800][info] GC(706)   Evacuate Collection Set: 1.2ms
[2024-10-11T04:23:29.854+0800][info] GC(706)   Post Evacuate Collection Set: 0.2ms
[2024-10-11T04:23:29.854+0800][info] GC(706)   Other: 0.2ms
[2024-10-11T04:23:29.854+0800][info] GC(706) Eden regions: 1->0(2)
[2024-10-11T04:23:29.854+0800][info] GC(706) Survivor regions: 1->1(1)
[2024-10-11T04:23:29.854+0800][info] GC(706) Old regions: 52->49
[2024-10-11T04:23:29.854+0800][info] GC(706) Archive regions: 2->2
[2024-10-11T04:23:29.854+0800][info] GC(706) Humongous regions: 3->3
[2024-10-11T04:23:29.854+0800][info] GC(706) Metaspace: 1697K(1856K)->1697K(1856K) NonClass: 1573K(1664K)->1573K(1664K) Class: 124K(192K)->124K(192K)
[2024-10-11T04:23:29.854+0800][info] GC(706) Pause Young (Mixed) (G1 Preventive Collection) 114M->105M(128M) 1.904ms
[2024-10-11T04:23:29.854+0800][info] GC(706) User=0.00s Sys=0.00s Real=0.01s
[2024-10-11T04:23:29.877+0800][info] Heap
[2024-10-11T04:23:29.877+0800][info]  garbage-first heap   total 131072K, used 108892K [0x00000000f8000000, 0x0000000100000000)
[2024-10-11T04:23:29.877+0800][info]   region size 2048K, 2 young (4096K), 1 survivors (2048K)
[2024-10-11T04:23:29.877+0800][info]  Metaspace       used 1697K, committed 1856K, reserved 1114112K
[2024-10-11T04:23:29.877+0800][info]   class space    used 124K, committed 192K, reserved 1048576K
