[2024-10-11T04:32:03.127+0800][info] Using G1
[2024-10-11T04:32:03.130+0800][info] Version: 17.0.11-internal+0-adhoc.cxl.TencentKona-17-TencentKona-17.0.11 (release)
[2024-10-11T04:32:03.130+0800][info] CPUs: 72 total, 72 available
[2024-10-11T04:32:03.130+0800][info] Memory: 125G
[2024-10-11T04:32:03.130+0800][info] Large Page Support: Disabled
[2024-10-11T04:32:03.130+0800][info] NUMA Support: Disabled
[2024-10-11T04:32:03.130+0800][info] Compressed Oops: Enabled (32-bit)
[2024-10-11T04:32:03.130+0800][info] Heap Region Size: 2M
[2024-10-11T04:32:03.130+0800][info] Heap Min Capacity: 128M
[2024-10-11T04:32:03.130+0800][info] Heap Initial Capacity: 128M
[2024-10-11T04:32:03.130+0800][info] Heap Max Capacity: 128M
[2024-10-11T04:32:03.130+0800][info] Pre-touch: Disabled
[2024-10-11T04:32:03.130+0800][info] Parallel Workers: 48
[2024-10-11T04:32:03.130+0800][info] Concurrent Workers: 12
[2024-10-11T04:32:03.130+0800][info] Concurrent Refinement Workers: 48
[2024-10-11T04:32:03.130+0800][info] Periodic GC: Disabled
[2024-10-11T04:32:03.143+0800][info] CDS archive(s) mapped at: [0x00007ec2bb000000-0x00007ec2bbbc7000-0x00007ec2bbbc7000), size 12349440, SharedBaseAddress: 0x00007ec2bb000000, ArchiveRelocationMode: 1.
[2024-10-11T04:32:03.143+0800][info] Compressed class space mapped at: 0x00007ec2bc000000-0x00007ec2fc000000, reserved size: 1073741824
[2024-10-11T04:32:03.143+0800][info] Narrow klass base: 0x00007ec2bb000000, Narrow klass shift: 0, Narrow klass range: 0x100000000
[2024-10-11T04:32:03.327+0800][info] GC(0) Pause Young (Normal) (G1 Evacuation Pause)
[2024-10-11T04:32:03.327+0800][info] GC(0) Using 3 workers of 48 for evacuation
[2024-10-11T04:32:03.331+0800][info] GC(0)   Pre Evacuate Collection Set: 0.0ms
[2024-10-11T04:32:03.331+0800][info] GC(0)   Merge Heap Roots: 0.0ms
[2024-10-11T04:32:03.331+0800][info] GC(0)   Evacuate Collection Set: 3.1ms
[2024-10-11T04:32:03.331+0800][info] GC(0)   Post Evacuate Collection Set: 0.7ms
[2024-10-11T04:32:03.331+0800][info] GC(0)   Other: 0.7ms
[2024-10-11T04:32:03.331+0800][info] GC(0) Eden regions: 3->0(2)
[2024-10-11T04:32:03.332+0800][info] GC(0) Survivor regions: 0->1(1)
[2024-10-11T04:32:03.332+0800][info] GC(0) Old regions: 0->2
[2024-10-11T04:32:03.332+0800][info] GC(0) Archive regions: 2->2
[2024-10-11T04:32:03.332+0800][info] GC(0) Humongous regions: 1->1
[2024-10-11T04:32:03.332+0800][info] GC(0) Metaspace: 1148K(1280K)->1148K(1280K) NonClass: 1029K(1088K)->1029K(1088K) Class: 118K(192K)->118K(192K)
[2024-10-11T04:32:03.332+0800][info] GC(0) Pause Young (Normal) (G1 Evacuation Pause) 9M->8M(128M) 4.668ms
[2024-10-11T04:32:03.332+0800][info] GC(0) User=0.00s Sys=0.01s Real=0.00s
[2024-10-11T04:32:03.439+0800][info] GC(1) Pause Young (Normal) (G1 Evacuation Pause)
[2024-10-11T04:32:03.439+0800][info] GC(1) Using 3 workers of 48 for evacuation
[2024-10-11T04:32:03.443+0800][info] GC(1)   Pre Evacuate Collection Set: 0.1ms
[2024-10-11T04:32:03.443+0800][info] GC(1)   Merge Heap Roots: 0.0ms
[2024-10-11T04:32:03.443+0800][info] GC(1)   Evacuate Collection Set: 3.6ms
[2024-10-11T04:32:03.443+0800][info] GC(1)   Post Evacuate Collection Set: 0.2ms
[2024-10-11T04:32:03.443+0800][info] GC(1)   Other: 0.2ms
[2024-10-11T04:32:03.443+0800][info] GC(1) Eden regions: 2->0(2)
[2024-10-11T04:32:03.443+0800][info] GC(1) Survivor regions: 1->1(1)
[2024-10-11T04:32:03.443+0800][info] GC(1) Old regions: 2->4
[2024-10-11T04:32:03.443+0800][info] GC(1) Archive regions: 2->2
[2024-10-11T04:32:03.443+0800][info] GC(1) Humongous regions: 1->1
[2024-10-11T04:32:03.443+0800][info] GC(1) Metaspace: 1235K(1344K)->1235K(1344K) NonClass: 1108K(1152K)->1108K(1152K) Class: 127K(192K)->127K(192K)
[2024-10-11T04:32:03.443+0800][info] GC(1) Pause Young (Normal) (G1 Evacuation Pause) 12M->12M(128M) 4.264ms
[2024-10-11T04:32:03.443+0800][info] GC(1) User=0.00s Sys=0.01s Real=0.00s
[2024-10-11T04:32:03.571+0800][info] GC(2) Pause Young (Normal) (G1 Evacuation Pause)
[2024-10-11T04:32:03.571+0800][info] GC(2) Using 3 workers of 48 for evacuation
[2024-10-11T04:32:03.574+0800][info] GC(2)   Pre Evacuate Collection Set: 0.1ms
[2024-10-11T04:32:03.575+0800][info] GC(2)   Merge Heap Roots: 0.0ms
[2024-10-11T04:32:03.575+0800][info] GC(2)   Evacuate Collection Set: 2.6ms
[2024-10-11T04:32:03.575+0800][info] GC(2)   Post Evacuate Collection Set: 0.7ms
[2024-10-11T04:32:03.575+0800][info] GC(2)   Other: 0.2ms
[2024-10-11T04:32:03.575+0800][info] GC(2) Eden regions: 2->0(2)
[2024-10-11T04:32:03.575+0800][info] GC(2) Survivor regions: 1->1(1)
[2024-10-11T04:32:03.575+0800][info] GC(2) Old regions: 4->5
[2024-10-11T04:32:03.575+0800][info] GC(2) Archive regions: 2->2
[2024-10-11T04:32:03.575+0800][info] GC(2) Humongous regions: 1->1
[2024-10-11T04:32:03.575+0800][info] GC(2) Metaspace: 1364K(1472K)->1364K(1472K) NonClass: 1228K(1280K)->1228K(1280K) Class: 135K(192K)->135K(192K)
[2024-10-11T04:32:03.575+0800][info] GC(2) Pause Young (Normal) (G1 Evacuation Pause) 16M->15M(128M) 3.826ms
[2024-10-11T04:32:03.575+0800][info] GC(2) User=0.01s Sys=0.01s Real=0.01s
[2024-10-11T04:32:03.678+0800][info] GC(3) Pause Young (Normal) (G1 Evacuation Pause)
[2024-10-11T04:32:03.678+0800][info] GC(3) Using 3 workers of 48 for evacuation
[2024-10-11T04:32:03.682+0800][info] GC(3)   Pre Evacuate Collection Set: 0.1ms
[2024-10-11T04:32:03.682+0800][info] GC(3)   Merge Heap Roots: 0.0ms
[2024-10-11T04:32:03.682+0800][info] GC(3)   Evacuate Collection Set: 3.2ms
[2024-10-11T04:32:03.682+0800][info] GC(3)   Post Evacuate Collection Set: 0.2ms
[2024-10-11T04:32:03.682+0800][info] GC(3)   Other: 0.2ms
[2024-10-11T04:32:03.682+0800][info] GC(3) Eden regions: 2->0(3)
[2024-10-11T04:32:03.682+0800][info] GC(3) Survivor regions: 1->1(1)
[2024-10-11T04:32:03.682+0800][info] GC(3) Old regions: 5->7
[2024-10-11T04:32:03.682+0800][info] GC(3) Archive regions: 2->2
[2024-10-11T04:32:03.682+0800][info] GC(3) Humongous regions: 1->1
[2024-10-11T04:32:03.682+0800][info] GC(3) Metaspace: 1366K(1536K)->1366K(1536K) NonClass: 1230K(1344K)->1230K(1344K) Class: 135K(192K)->135K(192K)
[2024-10-11T04:32:03.682+0800][info] GC(3) Pause Young (Normal) (G1 Evacuation Pause) 19M->19M(128M) 3.907ms
[2024-10-11T04:32:03.682+0800][info] GC(3) User=0.00s Sys=0.01s Real=0.00s
[2024-10-11T04:32:03.849+0800][info] GC(4) Pause Young (Normal) (G1 Evacuation Pause)
[2024-10-11T04:32:03.849+0800][info] GC(4) Using 3 workers of 48 for evacuation
[2024-10-11T04:32:03.853+0800][info] GC(4)   Pre Evacuate Collection Set: 0.1ms
[2024-10-11T04:32:03.853+0800][info] GC(4)   Merge Heap Roots: 0.0ms
[2024-10-11T04:32:03.853+0800][info] GC(4)   Evacuate Collection Set: 4.4ms
[2024-10-11T04:32:03.853+0800][info] GC(4)   Post Evacuate Collection Set: 0.2ms
[2024-10-11T04:32:03.853+0800][info] GC(4)   Other: 0.2ms
[2024-10-11T04:32:03.853+0800][info] GC(4) Eden regions: 3->0(5)
[2024-10-11T04:32:03.853+0800][info] GC(4) Survivor regions: 1->1(1)
[2024-10-11T04:32:03.853+0800][info] GC(4) Old regions: 7->10
[2024-10-11T04:32:03.853+0800][info] GC(4) Archive regions: 2->2
[2024-10-11T04:32:03.853+0800][info] GC(4) Humongous regions: 1->1
[2024-10-11T04:32:03.854+0800][info] GC(4) Metaspace: 1371K(1536K)->1371K(1536K) NonClass: 1235K(1344K)->1235K(1344K) Class: 135K(192K)->135K(192K)
[2024-10-11T04:32:03.854+0800][info] GC(4) Pause Young (Normal) (G1 Evacuation Pause) 25M->25M(128M) 5.005ms
[2024-10-11T04:32:03.854+0800][info] GC(4) User=0.00s Sys=0.01s Real=0.01s
[2024-10-11T04:32:04.125+0800][info] GC(5) Pause Young (Normal) (G1 Evacuation Pause)
[2024-10-11T04:32:04.125+0800][info] GC(5) Using 3 workers of 48 for evacuation
[2024-10-11T04:32:04.132+0800][info] GC(5)   Pre Evacuate Collection Set: 0.1ms
[2024-10-11T04:32:04.132+0800][info] GC(5)   Merge Heap Roots: 0.0ms
[2024-10-11T04:32:04.132+0800][info] GC(5)   Evacuate Collection Set: 6.7ms
[2024-10-11T04:32:04.133+0800][info] GC(5)   Post Evacuate Collection Set: 0.2ms
[2024-10-11T04:32:04.133+0800][info] GC(5)   Other: 0.2ms
[2024-10-11T04:32:04.133+0800][info] GC(5) Eden regions: 5->0(6)
[2024-10-11T04:32:04.133+0800][info] GC(5) Survivor regions: 1->1(1)
[2024-10-11T04:32:04.133+0800][info] GC(5) Old regions: 10->15
[2024-10-11T04:32:04.133+0800][info] GC(5) Archive regions: 2->2
[2024-10-11T04:32:04.133+0800][info] GC(5) Humongous regions: 1->1
[2024-10-11T04:32:04.133+0800][info] GC(5) Metaspace: 1381K(1536K)->1381K(1536K) NonClass: 1245K(1344K)->1245K(1344K) Class: 135K(192K)->135K(192K)
[2024-10-11T04:32:04.133+0800][info] GC(5) Pause Young (Normal) (G1 Evacuation Pause) 34M->34M(128M) 7.402ms
[2024-10-11T04:32:04.133+0800][info] GC(5) User=0.01s Sys=0.02s Real=0.00s
[2024-10-11T04:32:04.466+0800][info] GC(6) Pause Young (Normal) (G1 Evacuation Pause)
[2024-10-11T04:32:04.466+0800][info] GC(6) Using 3 workers of 48 for evacuation
[2024-10-11T04:32:04.475+0800][info] GC(6)   Pre Evacuate Collection Set: 0.1ms
[2024-10-11T04:32:04.475+0800][info] GC(6)   Merge Heap Roots: 0.0ms
[2024-10-11T04:32:04.475+0800][info] GC(6)   Evacuate Collection Set: 8.3ms
[2024-10-11T04:32:04.475+0800][info] GC(6)   Post Evacuate Collection Set: 0.2ms
[2024-10-11T04:32:04.475+0800][info] GC(6)   Other: 0.2ms
[2024-10-11T04:32:04.475+0800][info] GC(6) Eden regions: 6->0(8)
[2024-10-11T04:32:04.475+0800][info] GC(6) Survivor regions: 1->1(1)
[2024-10-11T04:32:04.475+0800][info] GC(6) Old regions: 15->21
[2024-10-11T04:32:04.475+0800][info] GC(6) Archive regions: 2->2
[2024-10-11T04:32:04.475+0800][info] GC(6) Humongous regions: 1->1
[2024-10-11T04:32:04.475+0800][info] GC(6) Metaspace: 1388K(1536K)->1388K(1536K) NonClass: 1252K(1344K)->1252K(1344K) Class: 135K(192K)->135K(192K)
[2024-10-11T04:32:04.475+0800][info] GC(6) Pause Young (Normal) (G1 Evacuation Pause) 46M->47M(128M) 8.987ms
[2024-10-11T04:32:04.475+0800][info] GC(6) User=0.00s Sys=0.01s Real=0.01s
[2024-10-11T04:32:04.914+0800][info] GC(7) Pause Young (Normal) (G1 Evacuation Pause)
[2024-10-11T04:32:04.914+0800][info] GC(7) Using 3 workers of 48 for evacuation
[2024-10-11T04:32:04.924+0800][info] GC(7)   Pre Evacuate Collection Set: 0.1ms
[2024-10-11T04:32:04.924+0800][info] GC(7)   Merge Heap Roots: 0.1ms
[2024-10-11T04:32:04.924+0800][info] GC(7)   Evacuate Collection Set: 9.2ms
[2024-10-11T04:32:04.924+0800][info] GC(7)   Post Evacuate Collection Set: 0.2ms
[2024-10-11T04:32:04.924+0800][info] GC(7)   Other: 0.2ms
[2024-10-11T04:32:04.924+0800][info] GC(7) Eden regions: 8->0(7)
[2024-10-11T04:32:04.924+0800][info] GC(7) Survivor regions: 1->2(2)
[2024-10-11T04:32:04.924+0800][info] GC(7) Old regions: 21->27
[2024-10-11T04:32:04.924+0800][info] GC(7) Archive regions: 2->2
[2024-10-11T04:32:04.924+0800][info] GC(7) Humongous regions: 1->1
[2024-10-11T04:32:04.924+0800][info] GC(7) Metaspace: 1400K(1536K)->1400K(1536K) NonClass: 1264K(1344K)->1264K(1344K) Class: 135K(192K)->135K(192K)
[2024-10-11T04:32:04.924+0800][info] GC(7) Pause Young (Normal) (G1 Evacuation Pause) 62M->60M(128M) 9.875ms
[2024-10-11T04:32:04.924+0800][info] GC(7) User=0.00s Sys=0.02s Real=0.00s
[2024-10-11T04:32:05.320+0800][info] GC(8) Pause Young (Concurrent Start) (G1 Evacuation Pause)
[2024-10-11T04:32:05.320+0800][info] GC(8) Using 3 workers of 48 for evacuation
[2024-10-11T04:32:05.329+0800][info] GC(8)   Pre Evacuate Collection Set: 0.1ms
[2024-10-11T04:32:05.329+0800][info] GC(8)   Merge Heap Roots: 0.1ms
[2024-10-11T04:32:05.329+0800][info] GC(8)   Evacuate Collection Set: 7.6ms
[2024-10-11T04:32:05.329+0800][info] GC(8)   Post Evacuate Collection Set: 0.2ms
[2024-10-11T04:32:05.329+0800][info] GC(8)   Other: 1.2ms
[2024-10-11T04:32:05.329+0800][info] GC(8) Eden regions: 7->0(5)
[2024-10-11T04:32:05.329+0800][info] GC(8) Survivor regions: 2->2(2)
[2024-10-11T04:32:05.329+0800][info] GC(8) Old regions: 27->32
[2024-10-11T04:32:05.329+0800][info] GC(8) Archive regions: 2->2
[2024-10-11T04:32:05.329+0800][info] GC(8) Humongous regions: 1->1
[2024-10-11T04:32:05.329+0800][info] GC(8) Metaspace: 1412K(1536K)->1412K(1536K) NonClass: 1276K(1344K)->1276K(1344K) Class: 135K(192K)->135K(192K)
[2024-10-11T04:32:05.329+0800][info] GC(8) Pause Young (Concurrent Start) (G1 Evacuation Pause) 74M->71M(128M) 9.434ms
[2024-10-11T04:32:05.329+0800][info] GC(8) User=0.01s Sys=0.02s Real=0.01s
[2024-10-11T04:32:05.330+0800][info] GC(9) Concurrent Mark Cycle
[2024-10-11T04:32:05.330+0800][info] GC(9) Concurrent Clear Claimed Marks
[2024-10-11T04:32:05.330+0800][info] GC(9) Concurrent Clear Claimed Marks 0.021ms
[2024-10-11T04:32:05.330+0800][info] GC(9) Concurrent Scan Root Regions
[2024-10-11T04:32:05.332+0800][info] GC(9) Concurrent Scan Root Regions 1.850ms
[2024-10-11T04:32:05.332+0800][info] GC(9) Concurrent Mark
[2024-10-11T04:32:05.332+0800][info] GC(9) Concurrent Mark From Roots
[2024-10-11T04:32:05.332+0800][info] GC(9) Using 12 workers of 12 for marking
[2024-10-11T04:32:05.336+0800][info] GC(9) Concurrent Mark From Roots 4.437ms
[2024-10-11T04:32:05.336+0800][info] GC(9) Concurrent Preclean
[2024-10-11T04:32:05.337+0800][info] GC(9) Concurrent Preclean 1.133ms
[2024-10-11T04:32:05.337+0800][info] GC(9) Pause Remark
[2024-10-11T04:32:05.338+0800][info] GC(9) Pause Remark 72M->72M(128M) 0.989ms
[2024-10-11T04:32:05.338+0800][info] GC(9) User=0.01s Sys=0.00s Real=0.00s
[2024-10-11T04:32:05.338+0800][info] GC(9) Concurrent Mark 6.798ms
[2024-10-11T04:32:05.338+0800][info] GC(9) Concurrent Rebuild Remembered Sets
[2024-10-11T04:32:05.339+0800][info] GC(9) Concurrent Rebuild Remembered Sets 0.892ms
[2024-10-11T04:32:05.339+0800][info] GC(9) Pause Cleanup
[2024-10-11T04:32:05.340+0800][info] GC(9) Pause Cleanup 72M->72M(128M) 0.198ms
[2024-10-11T04:32:05.340+0800][info] GC(9) User=0.00s Sys=0.00s Real=0.00s
[2024-10-11T04:32:05.340+0800][info] GC(9) Concurrent Cleanup for Next Mark
[2024-10-11T04:32:05.341+0800][info] GC(9) Concurrent Cleanup for Next Mark 1.429ms
[2024-10-11T04:32:05.341+0800][info] GC(9) Concurrent Mark Cycle 11.575ms
[2024-10-11T04:32:05.656+0800][info] GC(10) Pause Young (Prepare Mixed) (G1 Evacuation Pause)
[2024-10-11T04:32:05.657+0800][info] GC(10) Using 3 workers of 48 for evacuation
[2024-10-11T04:32:05.665+0800][info] GC(10)   Pre Evacuate Collection Set: 0.1ms
[2024-10-11T04:32:05.665+0800][info] GC(10)   Merge Heap Roots: 0.1ms
[2024-10-11T04:32:05.665+0800][info] GC(10)   Evacuate Collection Set: 7.6ms
[2024-10-11T04:32:05.665+0800][info] GC(10)   Post Evacuate Collection Set: 0.2ms
[2024-10-11T04:32:05.665+0800][info] GC(10)   Other: 0.2ms
[2024-10-11T04:32:05.665+0800][info] GC(10) Eden regions: 5->0(2)
[2024-10-11T04:32:05.665+0800][info] GC(10) Survivor regions: 2->1(1)
[2024-10-11T04:32:05.665+0800][info] GC(10) Old regions: 32->38
[2024-10-11T04:32:05.665+0800][info] GC(10) Archive regions: 2->2
[2024-10-11T04:32:05.665+0800][info] GC(10) Humongous regions: 2->1
[2024-10-11T04:32:05.665+0800][info] GC(10) Metaspace: 1434K(1600K)->1434K(1600K) NonClass: 1298K(1408K)->1298K(1408K) Class: 135K(192K)->135K(192K)
[2024-10-11T04:32:05.665+0800][info] GC(10) Pause Young (Prepare Mixed) (G1 Evacuation Pause) 83M->81M(128M) 8.317ms
[2024-10-11T04:32:05.665+0800][info] GC(10) User=0.00s Sys=0.01s Real=0.00s
[2024-10-11T04:32:05.770+0800][info] GC(11) Pause Young (Mixed) (G1 Evacuation Pause)
[2024-10-11T04:32:05.770+0800][info] GC(11) Using 3 workers of 48 for evacuation
[2024-10-11T04:32:05.773+0800][info] GC(11)   Pre Evacuate Collection Set: 0.2ms
[2024-10-11T04:32:05.773+0800][info] GC(11)   Merge Heap Roots: 0.0ms
[2024-10-11T04:32:05.773+0800][info] GC(11)   Evacuate Collection Set: 2.6ms
[2024-10-11T04:32:05.773+0800][info] GC(11)   Post Evacuate Collection Set: 0.2ms
[2024-10-11T04:32:05.773+0800][info] GC(11)   Other: 0.2ms
[2024-10-11T04:32:05.773+0800][info] GC(11) Eden regions: 2->0(2)
[2024-10-11T04:32:05.773+0800][info] GC(11) Survivor regions: 1->1(1)
[2024-10-11T04:32:05.773+0800][info] GC(11) Old regions: 38->33
[2024-10-11T04:32:05.773+0800][info] GC(11) Archive regions: 2->2
[2024-10-11T04:32:05.773+0800][info] GC(11) Humongous regions: 1->1
[2024-10-11T04:32:05.773+0800][info] GC(11) Metaspace: 1443K(1600K)->1443K(1600K) NonClass: 1307K(1408K)->1307K(1408K) Class: 135K(192K)->135K(192K)
[2024-10-11T04:32:05.773+0800][info] GC(11) Pause Young (Mixed) (G1 Evacuation Pause) 85M->71M(128M) 3.323ms
[2024-10-11T04:32:05.773+0800][info] GC(11) User=0.01s Sys=0.01s Real=0.00s
[2024-10-11T04:32:05.876+0800][info] GC(12) Pause Young (Mixed) (G1 Evacuation Pause)
[2024-10-11T04:32:05.876+0800][info] GC(12) Using 3 workers of 48 for evacuation
[2024-10-11T04:32:05.878+0800][info] GC(12)   Pre Evacuate Collection Set: 0.1ms
[2024-10-11T04:32:05.878+0800][info] GC(12)   Merge Heap Roots: 0.0ms
[2024-10-11T04:32:05.878+0800][info] GC(12)   Evacuate Collection Set: 1.2ms
[2024-10-11T04:32:05.878+0800][info] GC(12)   Post Evacuate Collection Set: 0.2ms
[2024-10-11T04:32:05.878+0800][info] GC(12)   Other: 0.2ms
[2024-10-11T04:32:05.878+0800][info] GC(12) Eden regions: 2->0(2)
[2024-10-11T04:32:05.878+0800][info] GC(12) Survivor regions: 1->1(1)
[2024-10-11T04:32:05.878+0800][info] GC(12) Old regions: 33->30
[2024-10-11T04:32:05.878+0800][info] GC(12) Archive regions: 2->2
[2024-10-11T04:32:05.878+0800][info] GC(12) Humongous regions: 1->1
[2024-10-11T04:32:05.878+0800][info] GC(12) Metaspace: 1445K(1600K)->1445K(1600K) NonClass: 1309K(1408K)->1309K(1408K) Class: 135K(192K)->135K(192K)
[2024-10-11T04:32:05.878+0800][info] GC(12) Pause Young (Mixed) (G1 Evacuation Pause) 75M->65M(128M) 1.823ms
[2024-10-11T04:32:05.878+0800][info] GC(12) User=0.00s Sys=0.00s Real=0.00s
[2024-10-11T04:32:05.983+0800][info] GC(13) Pause Young (Mixed) (G1 Evacuation Pause)
[2024-10-11T04:32:05.983+0800][info] GC(13) Using 3 workers of 48 for evacuation
[2024-10-11T04:32:05.985+0800][info] GC(13)   Pre Evacuate Collection Set: 0.2ms
[2024-10-11T04:32:05.985+0800][info] GC(13)   Merge Heap Roots: 0.0ms
[2024-10-11T04:32:05.985+0800][info] GC(13)   Evacuate Collection Set: 1.5ms
[2024-10-11T04:32:05.985+0800][info] GC(13)   Post Evacuate Collection Set: 0.2ms
[2024-10-11T04:32:05.985+0800][info] GC(13)   Other: 0.1ms
[2024-10-11T04:32:05.985+0800][info] GC(13) Eden regions: 2->0(7)
[2024-10-11T04:32:05.985+0800][info] GC(13) Survivor regions: 1->1(1)
[2024-10-11T04:32:05.985+0800][info] GC(13) Old regions: 30->28
[2024-10-11T04:32:05.985+0800][info] GC(13) Archive regions: 2->2
[2024-10-11T04:32:05.985+0800][info] GC(13) Humongous regions: 1->1
[2024-10-11T04:32:05.985+0800][info] GC(13) Metaspace: 1474K(1600K)->1474K(1600K) NonClass: 1338K(1408K)->1338K(1408K) Class: 135K(192K)->135K(192K)
[2024-10-11T04:32:05.985+0800][info] GC(13) Pause Young (Mixed) (G1 Evacuation Pause) 68M->61M(128M) 2.244ms
[2024-10-11T04:32:05.985+0800][info] GC(13) User=0.00s Sys=0.00s Real=0.01s
[2024-10-11T04:32:06.379+0800][info] GC(14) Pause Young (Concurrent Start) (G1 Evacuation Pause)
[2024-10-11T04:32:06.379+0800][info] GC(14) Using 3 workers of 48 for evacuation
[2024-10-11T04:32:06.382+0800][info] GC(14)   Pre Evacuate Collection Set: 0.1ms
[2024-10-11T04:32:06.382+0800][info] GC(14)   Merge Heap Roots: 0.0ms
[2024-10-11T04:32:06.382+0800][info] GC(14)   Evacuate Collection Set: 2.2ms
[2024-10-11T04:32:06.382+0800][info] GC(14)   Post Evacuate Collection Set: 0.2ms
[2024-10-11T04:32:06.382+0800][info] GC(14)   Other: 0.4ms
[2024-10-11T04:32:06.382+0800][info] GC(14) Eden regions: 7->0(5)
[2024-10-11T04:32:06.382+0800][info] GC(14) Survivor regions: 1->1(1)
[2024-10-11T04:32:06.382+0800][info] GC(14) Old regions: 28->35
[2024-10-11T04:32:06.382+0800][info] GC(14) Archive regions: 2->2
[2024-10-11T04:32:06.382+0800][info] GC(14) Humongous regions: 1->1
[2024-10-11T04:32:06.382+0800][info] GC(14) Metaspace: 1513K(1664K)->1513K(1664K) NonClass: 1378K(1472K)->1378K(1472K) Class: 135K(192K)->135K(192K)
[2024-10-11T04:32:06.382+0800][info] GC(14) Pause Young (Concurrent Start) (G1 Evacuation Pause) 75M->75M(128M) 3.003ms
[2024-10-11T04:32:06.382+0800][info] GC(14) User=0.00s Sys=0.01s Real=0.00s
[2024-10-11T04:32:06.382+0800][info] GC(15) Concurrent Mark Cycle
[2024-10-11T04:32:06.382+0800][info] GC(15) Concurrent Clear Claimed Marks
[2024-10-11T04:32:06.382+0800][info] GC(15) Concurrent Clear Claimed Marks 0.021ms
[2024-10-11T04:32:06.382+0800][info] GC(15) Concurrent Scan Root Regions
[2024-10-11T04:32:06.382+0800][info] GC(15) Concurrent Scan Root Regions 0.102ms
[2024-10-11T04:32:06.382+0800][info] GC(15) Concurrent Mark
[2024-10-11T04:32:06.382+0800][info] GC(15) Concurrent Mark From Roots
[2024-10-11T04:32:06.382+0800][info] GC(15) Using 12 workers of 12 for marking
[2024-10-11T04:32:06.386+0800][info] GC(15) Concurrent Mark From Roots 4.009ms
[2024-10-11T04:32:06.386+0800][info] GC(15) Concurrent Preclean
[2024-10-11T04:32:06.388+0800][info] GC(15) Concurrent Preclean 1.669ms
[2024-10-11T04:32:06.388+0800][info] GC(15) Pause Remark
[2024-10-11T04:32:06.389+0800][info] GC(15) Pause Remark 76M->76M(128M) 0.982ms
[2024-10-11T04:32:06.389+0800][info] GC(15) User=0.00s Sys=0.00s Real=0.00s
[2024-10-11T04:32:06.389+0800][info] GC(15) Concurrent Mark 6.886ms
[2024-10-11T04:32:06.389+0800][info] GC(15) Concurrent Rebuild Remembered Sets
[2024-10-11T04:32:06.391+0800][info] GC(15) Concurrent Rebuild Remembered Sets 1.473ms
[2024-10-11T04:32:06.391+0800][info] GC(15) Pause Cleanup
[2024-10-11T04:32:06.391+0800][info] GC(15) Pause Cleanup 76M->76M(128M) 0.223ms
[2024-10-11T04:32:06.391+0800][info] GC(15) User=0.00s Sys=0.00s Real=0.00s
[2024-10-11T04:32:06.391+0800][info] GC(15) Concurrent Cleanup for Next Mark
[2024-10-11T04:32:06.393+0800][info] GC(15) Concurrent Cleanup for Next Mark 2.435ms
[2024-10-11T04:32:06.394+0800][info] GC(15) Concurrent Mark Cycle 11.523ms
[2024-10-11T04:32:06.702+0800][info] GC(16) Pause Young (Prepare Mixed) (G1 Evacuation Pause)
[2024-10-11T04:32:06.702+0800][info] GC(16) Using 3 workers of 48 for evacuation
[2024-10-11T04:32:06.704+0800][info] GC(16)   Pre Evacuate Collection Set: 0.1ms
[2024-10-11T04:32:06.704+0800][info] GC(16)   Merge Heap Roots: 0.1ms
[2024-10-11T04:32:06.704+0800][info] GC(16)   Evacuate Collection Set: 1.5ms
[2024-10-11T04:32:06.704+0800][info] GC(16)   Post Evacuate Collection Set: 0.2ms
[2024-10-11T04:32:06.704+0800][info] GC(16)   Other: 0.2ms
[2024-10-11T04:32:06.705+0800][info] GC(16) Eden regions: 5->0(2)
[2024-10-11T04:32:06.705+0800][info] GC(16) Survivor regions: 1->1(1)
[2024-10-11T04:32:06.705+0800][info] GC(16) Old regions: 35->40
[2024-10-11T04:32:06.705+0800][info] GC(16) Archive regions: 2->2
[2024-10-11T04:32:06.705+0800][info] GC(16) Humongous regions: 1->1
[2024-10-11T04:32:06.705+0800][info] GC(16) Metaspace: 1517K(1664K)->1517K(1664K) NonClass: 1382K(1472K)->1382K(1472K) Class: 135K(192K)->135K(192K)
[2024-10-11T04:32:06.705+0800][info] GC(16) Pause Young (Prepare Mixed) (G1 Evacuation Pause) 85M->84M(128M) 2.242ms
[2024-10-11T04:32:06.705+0800][info] GC(16) User=0.00s Sys=0.00s Real=0.00s
[2024-10-11T04:32:06.808+0800][info] GC(17) Pause Young (Mixed) (G1 Evacuation Pause)
[2024-10-11T04:32:06.808+0800][info] GC(17) Using 3 workers of 48 for evacuation
[2024-10-11T04:32:06.813+0800][info] GC(17)   Pre Evacuate Collection Set: 0.2ms
[2024-10-11T04:32:06.813+0800][info] GC(17)   Merge Heap Roots: 0.1ms
[2024-10-11T04:32:06.813+0800][info] GC(17)   Evacuate Collection Set: 4.3ms
[2024-10-11T04:32:06.813+0800][info] GC(17)   Post Evacuate Collection Set: 0.2ms
[2024-10-11T04:32:06.813+0800][info] GC(17)   Other: 0.2ms
[2024-10-11T04:32:06.813+0800][info] GC(17) Eden regions: 2->0(2)
[2024-10-11T04:32:06.813+0800][info] GC(17) Survivor regions: 1->1(1)
[2024-10-11T04:32:06.813+0800][info] GC(17) Old regions: 40->37
[2024-10-11T04:32:06.813+0800][info] GC(17) Archive regions: 2->2
[2024-10-11T04:32:06.813+0800][info] GC(17) Humongous regions: 1->1
[2024-10-11T04:32:06.813+0800][info] GC(17) Metaspace: 1517K(1664K)->1517K(1664K) NonClass: 1382K(1472K)->1382K(1472K) Class: 135K(192K)->135K(192K)
[2024-10-11T04:32:06.813+0800][info] GC(17) Pause Young (Mixed) (G1 Evacuation Pause) 88M->78M(128M) 5.063ms
[2024-10-11T04:32:06.813+0800][info] GC(17) User=0.00s Sys=0.02s Real=0.01s
[2024-10-11T04:32:06.916+0800][info] GC(18) Pause Young (Mixed) (G1 Evacuation Pause)
[2024-10-11T04:32:06.916+0800][info] GC(18) Using 3 workers of 48 for evacuation
[2024-10-11T04:32:06.920+0800][info] GC(18)   Pre Evacuate Collection Set: 0.2ms
[2024-10-11T04:32:06.920+0800][info] GC(18)   Merge Heap Roots: 0.1ms
[2024-10-11T04:32:06.920+0800][info] GC(18)   Evacuate Collection Set: 2.7ms
[2024-10-11T04:32:06.920+0800][info] GC(18)   Post Evacuate Collection Set: 0.2ms
[2024-10-11T04:32:06.920+0800][info] GC(18)   Other: 0.1ms
[2024-10-11T04:32:06.920+0800][info] GC(18) Eden regions: 2->0(2)
[2024-10-11T04:32:06.920+0800][info] GC(18) Survivor regions: 1->1(1)
[2024-10-11T04:32:06.920+0800][info] GC(18) Old regions: 37->35
[2024-10-11T04:32:06.920+0800][info] GC(18) Archive regions: 2->2
[2024-10-11T04:32:06.920+0800][info] GC(18) Humongous regions: 1->1
[2024-10-11T04:32:06.920+0800][info] GC(18) Metaspace: 1522K(1664K)->1522K(1664K) NonClass: 1386K(1472K)->1386K(1472K) Class: 135K(192K)->135K(192K)
[2024-10-11T04:32:06.920+0800][info] GC(18) Pause Young (Mixed) (G1 Evacuation Pause) 82M->74M(128M) 3.386ms
[2024-10-11T04:32:06.920+0800][info] GC(18) User=0.00s Sys=0.01s Real=0.00s
[2024-10-11T04:32:07.023+0800][info] GC(19) Pause Young (Mixed) (G1 Evacuation Pause)
[2024-10-11T04:32:07.023+0800][info] GC(19) Using 3 workers of 48 for evacuation
[2024-10-11T04:32:07.025+0800][info] GC(19)   Pre Evacuate Collection Set: 0.2ms
[2024-10-11T04:32:07.025+0800][info] GC(19)   Merge Heap Roots: 0.0ms
[2024-10-11T04:32:07.025+0800][info] GC(19)   Evacuate Collection Set: 0.9ms
[2024-10-11T04:32:07.025+0800][info] GC(19)   Post Evacuate Collection Set: 0.2ms
[2024-10-11T04:32:07.025+0800][info] GC(19)   Other: 0.1ms
[2024-10-11T04:32:07.025+0800][info] GC(19) Eden regions: 2->0(5)
[2024-10-11T04:32:07.025+0800][info] GC(19) Survivor regions: 1->1(1)
[2024-10-11T04:32:07.025+0800][info] GC(19) Old regions: 35->36
[2024-10-11T04:32:07.025+0800][info] GC(19) Archive regions: 2->2
[2024-10-11T04:32:07.025+0800][info] GC(19) Humongous regions: 1->1
[2024-10-11T04:32:07.025+0800][info] GC(19) Metaspace: 1523K(1664K)->1523K(1664K) NonClass: 1387K(1472K)->1387K(1472K) Class: 135K(192K)->135K(192K)
[2024-10-11T04:32:07.025+0800][info] GC(19) Pause Young (Mixed) (G1 Evacuation Pause) 77M->76M(128M) 1.531ms
[2024-10-11T04:32:07.025+0800][info] GC(19) User=0.00s Sys=0.00s Real=0.00s
[2024-10-11T04:32:07.293+0800][info] GC(20) Pause Young (Concurrent Start) (G1 Evacuation Pause)
[2024-10-11T04:32:07.293+0800][info] GC(20) Using 3 workers of 48 for evacuation
[2024-10-11T04:32:07.295+0800][info] GC(20)   Pre Evacuate Collection Set: 0.1ms
[2024-10-11T04:32:07.295+0800][info] GC(20)   Merge Heap Roots: 0.0ms
[2024-10-11T04:32:07.295+0800][info] GC(20)   Evacuate Collection Set: 1.7ms
[2024-10-11T04:32:07.295+0800][info] GC(20)   Post Evacuate Collection Set: 0.2ms
[2024-10-11T04:32:07.295+0800][info] GC(20)   Other: 0.4ms
[2024-10-11T04:32:07.295+0800][info] GC(20) Eden regions: 5->0(3)
[2024-10-11T04:32:07.295+0800][info] GC(20) Survivor regions: 1->1(1)
[2024-10-11T04:32:07.295+0800][info] GC(20) Old regions: 36->41
[2024-10-11T04:32:07.295+0800][info] GC(20) Archive regions: 2->2
[2024-10-11T04:32:07.295+0800][info] GC(20) Humongous regions: 1->1
[2024-10-11T04:32:07.295+0800][info] GC(20) Metaspace: 1523K(1664K)->1523K(1664K) NonClass: 1387K(1472K)->1387K(1472K) Class: 135K(192K)->135K(192K)
[2024-10-11T04:32:07.295+0800][info] GC(20) Pause Young (Concurrent Start) (G1 Evacuation Pause) 86M->87M(128M) 2.512ms
[2024-10-11T04:32:07.295+0800][info] GC(20) User=0.00s Sys=0.00s Real=0.01s
[2024-10-11T04:32:07.296+0800][info] GC(21) Concurrent Mark Cycle
[2024-10-11T04:32:07.296+0800][info] GC(21) Concurrent Clear Claimed Marks
[2024-10-11T04:32:07.296+0800][info] GC(21) Concurrent Clear Claimed Marks 0.018ms
[2024-10-11T04:32:07.296+0800][info] GC(21) Concurrent Scan Root Regions
[2024-10-11T04:32:07.296+0800][info] GC(21) Concurrent Scan Root Regions 0.184ms
[2024-10-11T04:32:07.296+0800][info] GC(21) Concurrent Mark
[2024-10-11T04:32:07.296+0800][info] GC(21) Concurrent Mark From Roots
[2024-10-11T04:32:07.296+0800][info] GC(21) Using 12 workers of 12 for marking
[2024-10-11T04:32:07.300+0800][info] GC(21) Concurrent Mark From Roots 4.020ms
[2024-10-11T04:32:07.300+0800][info] GC(21) Concurrent Preclean
[2024-10-11T04:32:07.302+0800][info] GC(21) Concurrent Preclean 1.688ms
[2024-10-11T04:32:07.302+0800][info] GC(21) Pause Remark
[2024-10-11T04:32:07.303+0800][info] GC(21) Pause Remark 87M->87M(128M) 1.137ms
[2024-10-11T04:32:07.303+0800][info] GC(21) User=0.00s Sys=0.00s Real=0.00s
[2024-10-11T04:32:07.303+0800][info] GC(21) Concurrent Mark 7.104ms
[2024-10-11T04:32:07.303+0800][info] GC(21) Concurrent Rebuild Remembered Sets
[2024-10-11T04:32:07.304+0800][info] GC(21) Concurrent Rebuild Remembered Sets 1.494ms
[2024-10-11T04:32:07.305+0800][info] GC(21) Pause Cleanup
[2024-10-11T04:32:07.305+0800][info] GC(21) Pause Cleanup 87M->87M(128M) 0.245ms
[2024-10-11T04:32:07.305+0800][info] GC(21) User=0.00s Sys=0.00s Real=0.00s
[2024-10-11T04:32:07.305+0800][info] GC(21) Concurrent Cleanup for Next Mark
[2024-10-11T04:32:07.305+0800][info] GC(21) Concurrent Cleanup for Next Mark 0.378ms
[2024-10-11T04:32:07.305+0800][info] GC(21) Concurrent Mark Cycle 9.764ms
[2024-10-11T04:32:07.513+0800][info] GC(22) Pause Young (Prepare Mixed) (G1 Evacuation Pause)
[2024-10-11T04:32:07.513+0800][info] GC(22) Using 3 workers of 48 for evacuation
[2024-10-11T04:32:07.515+0800][info] GC(22)   Pre Evacuate Collection Set: 0.1ms
[2024-10-11T04:32:07.515+0800][info] GC(22)   Merge Heap Roots: 0.1ms
[2024-10-11T04:32:07.515+0800][info] GC(22)   Evacuate Collection Set: 1.1ms
[2024-10-11T04:32:07.515+0800][info] GC(22)   Post Evacuate Collection Set: 0.2ms
[2024-10-11T04:32:07.515+0800][info] GC(22)   Other: 0.2ms
[2024-10-11T04:32:07.515+0800][info] GC(22) Eden regions: 3->0(2)
[2024-10-11T04:32:07.515+0800][info] GC(22) Survivor regions: 1->1(1)
[2024-10-11T04:32:07.515+0800][info] GC(22) Old regions: 41->44
[2024-10-11T04:32:07.515+0800][info] GC(22) Archive regions: 2->2
[2024-10-11T04:32:07.515+0800][info] GC(22) Humongous regions: 1->1
[2024-10-11T04:32:07.515+0800][info] GC(22) Metaspace: 1561K(1664K)->1561K(1664K) NonClass: 1425K(1472K)->1425K(1472K) Class: 135K(192K)->135K(192K)
[2024-10-11T04:32:07.515+0800][info] GC(22) Pause Young (Prepare Mixed) (G1 Evacuation Pause) 93M->92M(128M) 1.822ms
[2024-10-11T04:32:07.515+0800][info] GC(22) User=0.00s Sys=0.00s Real=0.01s
[2024-10-11T04:32:07.617+0800][info] GC(23) Pause Young (Mixed) (G1 Evacuation Pause)
[2024-10-11T04:32:07.617+0800][info] GC(23) Using 3 workers of 48 for evacuation
[2024-10-11T04:32:07.624+0800][info] GC(23)   Pre Evacuate Collection Set: 0.2ms
[2024-10-11T04:32:07.624+0800][info] GC(23)   Merge Heap Roots: 0.0ms
[2024-10-11T04:32:07.624+0800][info] GC(23)   Evacuate Collection Set: 5.7ms
[2024-10-11T04:32:07.624+0800][info] GC(23)   Post Evacuate Collection Set: 0.2ms
[2024-10-11T04:32:07.624+0800][info] GC(23)   Other: 0.2ms
[2024-10-11T04:32:07.624+0800][info] GC(23) Eden regions: 2->0(2)
[2024-10-11T04:32:07.624+0800][info] GC(23) Survivor regions: 1->1(1)
[2024-10-11T04:32:07.624+0800][info] GC(23) Old regions: 44->42
[2024-10-11T04:32:07.624+0800][info] GC(23) Archive regions: 2->2
[2024-10-11T04:32:07.624+0800][info] GC(23) Humongous regions: 1->1
[2024-10-11T04:32:07.624+0800][info] GC(23) Metaspace: 1561K(1664K)->1561K(1664K) NonClass: 1425K(1472K)->1425K(1472K) Class: 135K(192K)->135K(192K)
[2024-10-11T04:32:07.624+0800][info] GC(23) Pause Young (Mixed) (G1 Evacuation Pause) 95M->88M(128M) 6.489ms
[2024-10-11T04:32:07.624+0800][info] GC(23) User=0.01s Sys=0.02s Real=0.00s
[2024-10-11T04:32:07.728+0800][info] GC(24) Pause Young (Mixed) (G1 Evacuation Pause)
[2024-10-11T04:32:07.728+0800][info] GC(24) Using 3 workers of 48 for evacuation
[2024-10-11T04:32:07.731+0800][info] GC(24)   Pre Evacuate Collection Set: 0.2ms
[2024-10-11T04:32:07.731+0800][info] GC(24)   Merge Heap Roots: 0.1ms
[2024-10-11T04:32:07.731+0800][info] GC(24)   Evacuate Collection Set: 2.4ms
[2024-10-11T04:32:07.731+0800][info] GC(24)   Post Evacuate Collection Set: 0.2ms
[2024-10-11T04:32:07.731+0800][info] GC(24)   Other: 0.1ms
[2024-10-11T04:32:07.731+0800][info] GC(24) Eden regions: 2->0(2)
[2024-10-11T04:32:07.731+0800][info] GC(24) Survivor regions: 1->1(1)
[2024-10-11T04:32:07.731+0800][info] GC(24) Old regions: 42->41
[2024-10-11T04:32:07.731+0800][info] GC(24) Archive regions: 2->2
[2024-10-11T04:32:07.731+0800][info] GC(24) Humongous regions: 2->2
[2024-10-11T04:32:07.731+0800][info] GC(24) Metaspace: 1561K(1664K)->1561K(1664K) NonClass: 1425K(1472K)->1425K(1472K) Class: 135K(192K)->135K(192K)
[2024-10-11T04:32:07.731+0800][info] GC(24) Pause Young (Mixed) (G1 Evacuation Pause) 94M->89M(128M) 3.044ms
[2024-10-11T04:32:07.731+0800][info] GC(24) User=0.01s Sys=0.00s Real=0.00s
[2024-10-11T04:32:07.833+0800][info] GC(25) Pause Young (Mixed) (G1 Evacuation Pause)
[2024-10-11T04:32:07.833+0800][info] GC(25) Using 3 workers of 48 for evacuation
[2024-10-11T04:32:07.835+0800][info] GC(25)   Pre Evacuate Collection Set: 0.2ms
[2024-10-11T04:32:07.835+0800][info] GC(25)   Merge Heap Roots: 0.1ms
[2024-10-11T04:32:07.835+0800][info] GC(25)   Evacuate Collection Set: 1.3ms
[2024-10-11T04:32:07.835+0800][info] GC(25)   Post Evacuate Collection Set: 0.2ms
[2024-10-11T04:32:07.835+0800][info] GC(25)   Other: 0.1ms
[2024-10-11T04:32:07.835+0800][info] GC(25) Eden regions: 2->0(2)
[2024-10-11T04:32:07.835+0800][info] GC(25) Survivor regions: 1->1(1)
[2024-10-11T04:32:07.835+0800][info] GC(25) Old regions: 41->42
[2024-10-11T04:32:07.835+0800][info] GC(25) Archive regions: 2->2
[2024-10-11T04:32:07.835+0800][info] GC(25) Humongous regions: 2->2
[2024-10-11T04:32:07.835+0800][info] GC(25) Metaspace: 1561K(1664K)->1561K(1664K) NonClass: 1425K(1472K)->1425K(1472K) Class: 135K(192K)->135K(192K)
[2024-10-11T04:32:07.835+0800][info] GC(25) Pause Young (Mixed) (G1 Evacuation Pause) 93M->91M(128M) 1.926ms
[2024-10-11T04:32:07.835+0800][info] GC(25) User=0.00s Sys=0.00s Real=0.00s
[2024-10-11T04:32:07.939+0800][info] GC(26) Pause Young (Normal) (G1 Evacuation Pause)
[2024-10-11T04:32:07.939+0800][info] GC(26) Using 3 workers of 48 for evacuation
[2024-10-11T04:32:07.940+0800][info] GC(26)   Pre Evacuate Collection Set: 0.1ms
[2024-10-11T04:32:07.940+0800][info] GC(26)   Merge Heap Roots: 0.0ms
[2024-10-11T04:32:07.940+0800][info] GC(26)   Evacuate Collection Set: 0.7ms
[2024-10-11T04:32:07.940+0800][info] GC(26)   Post Evacuate Collection Set: 0.2ms
[2024-10-11T04:32:07.940+0800][info] GC(26)   Other: 0.2ms
[2024-10-11T04:32:07.940+0800][info] GC(26) Eden regions: 2->0(2)
[2024-10-11T04:32:07.940+0800][info] GC(26) Survivor regions: 1->1(1)
[2024-10-11T04:32:07.940+0800][info] GC(26) Old regions: 42->44
[2024-10-11T04:32:07.940+0800][info] GC(26) Archive regions: 2->2
[2024-10-11T04:32:07.940+0800][info] GC(26) Humongous regions: 2->2
[2024-10-11T04:32:07.940+0800][info] GC(26) Metaspace: 1562K(1664K)->1562K(1664K) NonClass: 1426K(1472K)->1426K(1472K) Class: 135K(192K)->135K(192K)
[2024-10-11T04:32:07.940+0800][info] GC(26) Pause Young (Normal) (G1 Evacuation Pause) 94M->94M(128M) 1.271ms
[2024-10-11T04:32:07.940+0800][info] GC(26) User=0.00s Sys=0.00s Real=0.00s
[2024-10-11T04:32:08.042+0800][info] GC(27) Pause Young (Normal) (G1 Evacuation Pause)
[2024-10-11T04:32:08.042+0800][info] GC(27) Using 3 workers of 48 for evacuation
[2024-10-11T04:32:08.044+0800][info] GC(27)   Pre Evacuate Collection Set: 0.1ms
[2024-10-11T04:32:08.044+0800][info] GC(27)   Merge Heap Roots: 0.0ms
[2024-10-11T04:32:08.044+0800][info] GC(27)   Evacuate Collection Set: 0.7ms
[2024-10-11T04:32:08.044+0800][info] GC(27)   Post Evacuate Collection Set: 0.2ms
[2024-10-11T04:32:08.044+0800][info] GC(27)   Other: 0.2ms
[2024-10-11T04:32:08.044+0800][info] GC(27) Eden regions: 2->0(2)
[2024-10-11T04:32:08.044+0800][info] GC(27) Survivor regions: 1->1(1)
[2024-10-11T04:32:08.044+0800][info] GC(27) Old regions: 44->46
[2024-10-11T04:32:08.044+0800][info] GC(27) Archive regions: 2->2
[2024-10-11T04:32:08.044+0800][info] GC(27) Humongous regions: 2->2
[2024-10-11T04:32:08.044+0800][info] GC(27) Metaspace: 1562K(1664K)->1562K(1664K) NonClass: 1426K(1472K)->1426K(1472K) Class: 135K(192K)->135K(192K)
[2024-10-11T04:32:08.044+0800][info] GC(27) Pause Young (Normal) (G1 Evacuation Pause) 98M->98M(128M) 1.303ms
[2024-10-11T04:32:08.044+0800][info] GC(27) User=0.00s Sys=0.00s Real=0.00s
[2024-10-11T04:32:08.147+0800][info] GC(28) Pause Young (Concurrent Start) (G1 Evacuation Pause)
[2024-10-11T04:32:08.147+0800][info] GC(28) Using 3 workers of 48 for evacuation
[2024-10-11T04:32:08.149+0800][info] GC(28)   Pre Evacuate Collection Set: 0.1ms
[2024-10-11T04:32:08.149+0800][info] GC(28)   Merge Heap Roots: 0.0ms
[2024-10-11T04:32:08.149+0800][info] GC(28)   Evacuate Collection Set: 1.1ms
[2024-10-11T04:32:08.149+0800][info] GC(28)   Post Evacuate Collection Set: 0.2ms
[2024-10-11T04:32:08.149+0800][info] GC(28)   Other: 0.4ms
[2024-10-11T04:32:08.149+0800][info] GC(28) Eden regions: 2->0(2)
[2024-10-11T04:32:08.149+0800][info] GC(28) Survivor regions: 1->1(1)
[2024-10-11T04:32:08.149+0800][info] GC(28) Old regions: 46->48
[2024-10-11T04:32:08.149+0800][info] GC(28) Archive regions: 2->2
[2024-10-11T04:32:08.149+0800][info] GC(28) Humongous regions: 2->2
[2024-10-11T04:32:08.149+0800][info] GC(28) Metaspace: 1562K(1664K)->1562K(1664K) NonClass: 1426K(1472K)->1426K(1472K) Class: 135K(192K)->135K(192K)
[2024-10-11T04:32:08.149+0800][info] GC(28) Pause Young (Concurrent Start) (G1 Evacuation Pause) 102M->102M(128M) 1.877ms
[2024-10-11T04:32:08.149+0800][info] GC(28) User=0.00s Sys=0.00s Real=0.00s
[2024-10-11T04:32:08.149+0800][info] GC(29) Concurrent Mark Cycle
[2024-10-11T04:32:08.149+0800][info] GC(29) Concurrent Clear Claimed Marks
[2024-10-11T04:32:08.149+0800][info] GC(29) Concurrent Clear Claimed Marks 0.017ms
[2024-10-11T04:32:08.149+0800][info] GC(29) Concurrent Scan Root Regions
[2024-10-11T04:32:08.149+0800][info] GC(29) Concurrent Scan Root Regions 0.162ms
[2024-10-11T04:32:08.149+0800][info] GC(29) Concurrent Mark
[2024-10-11T04:32:08.149+0800][info] GC(29) Concurrent Mark From Roots
[2024-10-11T04:32:08.149+0800][info] GC(29) Using 12 workers of 12 for marking
[2024-10-11T04:32:08.153+0800][info] GC(29) Concurrent Mark From Roots 3.904ms
[2024-10-11T04:32:08.153+0800][info] GC(29) Concurrent Preclean
[2024-10-11T04:32:08.155+0800][info] GC(29) Concurrent Preclean 1.682ms
[2024-10-11T04:32:08.155+0800][info] GC(29) Pause Remark
[2024-10-11T04:32:08.156+0800][info] GC(29) Pause Remark 103M->103M(128M) 1.182ms
[2024-10-11T04:32:08.156+0800][info] GC(29) User=0.00s Sys=0.00s Real=0.00s
[2024-10-11T04:32:08.156+0800][info] GC(29) Concurrent Mark 7.020ms
[2024-10-11T04:32:08.156+0800][info] GC(29) Concurrent Rebuild Remembered Sets
[2024-10-11T04:32:08.158+0800][info] GC(29) Concurrent Rebuild Remembered Sets 1.585ms
[2024-10-11T04:32:08.158+0800][info] GC(29) Pause Cleanup
[2024-10-11T04:32:08.158+0800][info] GC(29) Pause Cleanup 103M->103M(128M) 0.174ms
[2024-10-11T04:32:08.158+0800][info] GC(29) User=0.00s Sys=0.00s Real=0.00s
[2024-10-11T04:32:08.158+0800][info] GC(29) Concurrent Cleanup for Next Mark
[2024-10-11T04:32:08.159+0800][info] GC(29) Concurrent Cleanup for Next Mark 0.459ms
[2024-10-11T04:32:08.159+0800][info] GC(29) Concurrent Mark Cycle 9.780ms
[2024-10-11T04:32:08.303+0800][info] GC(30) Pause Young (Prepare Mixed) (G1 Evacuation Pause)
[2024-10-11T04:32:08.303+0800][info] GC(30) Using 3 workers of 48 for evacuation
[2024-10-11T04:32:08.306+0800][info] GC(30)   Pre Evacuate Collection Set: 0.1ms
[2024-10-11T04:32:08.306+0800][info] GC(30)   Merge Heap Roots: 0.1ms
[2024-10-11T04:32:08.306+0800][info] GC(30)   Evacuate Collection Set: 1.8ms
[2024-10-11T04:32:08.306+0800][info] GC(30)   Post Evacuate Collection Set: 0.2ms
[2024-10-11T04:32:08.306+0800][info] GC(30)   Other: 0.2ms
[2024-10-11T04:32:08.306+0800][info] GC(30) Eden regions: 2->0(2)
[2024-10-11T04:32:08.306+0800][info] GC(30) Survivor regions: 1->1(1)
[2024-10-11T04:32:08.306+0800][info] GC(30) Old regions: 48->49
[2024-10-11T04:32:08.306+0800][info] GC(30) Archive regions: 2->2
[2024-10-11T04:32:08.306+0800][info] GC(30) Humongous regions: 2->2
[2024-10-11T04:32:08.306+0800][info] GC(30) Metaspace: 1563K(1664K)->1563K(1664K) NonClass: 1427K(1472K)->1427K(1472K) Class: 135K(192K)->135K(192K)
[2024-10-11T04:32:08.306+0800][info] GC(30) Pause Young (Prepare Mixed) (G1 Evacuation Pause) 106M->105M(128M) 2.499ms
[2024-10-11T04:32:08.306+0800][info] GC(30) User=0.01s Sys=0.00s Real=0.01s
[2024-10-11T04:32:08.409+0800][info] GC(31) Pause Young (Mixed) (G1 Evacuation Pause)
[2024-10-11T04:32:08.409+0800][info] GC(31) Using 3 workers of 48 for evacuation
[2024-10-11T04:32:08.411+0800][info] GC(31)   Pre Evacuate Collection Set: 0.2ms
[2024-10-11T04:32:08.411+0800][info] GC(31)   Merge Heap Roots: 0.1ms
[2024-10-11T04:32:08.412+0800][info] GC(31)   Evacuate Collection Set: 1.7ms
[2024-10-11T04:32:08.412+0800][info] GC(31)   Post Evacuate Collection Set: 0.2ms
[2024-10-11T04:32:08.412+0800][info] GC(31)   Other: 0.2ms
[2024-10-11T04:32:08.412+0800][info] GC(31) Eden regions: 2->0(2)
[2024-10-11T04:32:08.412+0800][info] GC(31) Survivor regions: 1->1(1)
[2024-10-11T04:32:08.412+0800][info] GC(31) Old regions: 49->47
[2024-10-11T04:32:08.412+0800][info] GC(31) Archive regions: 2->2
[2024-10-11T04:32:08.412+0800][info] GC(31) Humongous regions: 2->2
[2024-10-11T04:32:08.412+0800][info] GC(31) Metaspace: 1566K(1664K)->1566K(1664K) NonClass: 1430K(1472K)->1430K(1472K) Class: 135K(192K)->135K(192K)
[2024-10-11T04:32:08.412+0800][info] GC(31) Pause Young (Mixed) (G1 Evacuation Pause) 109M->101M(128M) 2.434ms
[2024-10-11T04:32:08.412+0800][info] GC(31) User=0.01s Sys=0.00s Real=0.00s
[2024-10-11T04:32:08.514+0800][info] GC(32) Pause Young (Mixed) (G1 Evacuation Pause)
[2024-10-11T04:32:08.514+0800][info] GC(32) Using 3 workers of 48 for evacuation
[2024-10-11T04:32:08.517+0800][info] GC(32)   Pre Evacuate Collection Set: 0.2ms
[2024-10-11T04:32:08.517+0800][info] GC(32)   Merge Heap Roots: 0.1ms
[2024-10-11T04:32:08.517+0800][info] GC(32)   Evacuate Collection Set: 1.8ms
[2024-10-11T04:32:08.517+0800][info] GC(32)   Post Evacuate Collection Set: 0.2ms
[2024-10-11T04:32:08.517+0800][info] GC(32)   Other: 0.1ms
[2024-10-11T04:32:08.517+0800][info] GC(32) Eden regions: 2->0(2)
[2024-10-11T04:32:08.517+0800][info] GC(32) Survivor regions: 1->1(1)
[2024-10-11T04:32:08.517+0800][info] GC(32) Old regions: 47->46
[2024-10-11T04:32:08.517+0800][info] GC(32) Archive regions: 2->2
[2024-10-11T04:32:08.517+0800][info] GC(32) Humongous regions: 2->2
[2024-10-11T04:32:08.517+0800][info] GC(32) Metaspace: 1566K(1664K)->1566K(1664K) NonClass: 1430K(1472K)->1430K(1472K) Class: 135K(192K)->135K(192K)
[2024-10-11T04:32:08.517+0800][info] GC(32) Pause Young (Mixed) (G1 Evacuation Pause) 105M->99M(128M) 2.484ms
[2024-10-11T04:32:08.517+0800][info] GC(32) User=0.01s Sys=0.00s Real=0.00s
[2024-10-11T04:32:08.620+0800][info] GC(33) Pause Young (Mixed) (G1 Evacuation Pause)
[2024-10-11T04:32:08.620+0800][info] GC(33) Using 3 workers of 48 for evacuation
[2024-10-11T04:32:08.623+0800][info] GC(33)   Pre Evacuate Collection Set: 0.1ms
[2024-10-11T04:32:08.623+0800][info] GC(33)   Merge Heap Roots: 0.1ms
[2024-10-11T04:32:08.623+0800][info] GC(33)   Evacuate Collection Set: 2.4ms
[2024-10-11T04:32:08.623+0800][info] GC(33)   Post Evacuate Collection Set: 0.2ms
[2024-10-11T04:32:08.623+0800][info] GC(33)   Other: 0.1ms
[2024-10-11T04:32:08.623+0800][info] GC(33) Eden regions: 2->0(2)
[2024-10-11T04:32:08.623+0800][info] GC(33) Survivor regions: 1->1(1)
[2024-10-11T04:32:08.623+0800][info] GC(33) Old regions: 46->45
[2024-10-11T04:32:08.623+0800][info] GC(33) Archive regions: 2->2
[2024-10-11T04:32:08.623+0800][info] GC(33) Humongous regions: 2->2
[2024-10-11T04:32:08.623+0800][info] GC(33) Metaspace: 1567K(1728K)->1567K(1728K) NonClass: 1431K(1536K)->1431K(1536K) Class: 135K(192K)->135K(192K)
[2024-10-11T04:32:08.623+0800][info] GC(33) Pause Young (Mixed) (G1 Evacuation Pause) 102M->96M(128M) 3.065ms
[2024-10-11T04:32:08.623+0800][info] GC(33) User=0.01s Sys=0.01s Real=0.00s
[2024-10-11T04:32:08.726+0800][info] GC(34) Pause Young (Mixed) (G1 Evacuation Pause)
[2024-10-11T04:32:08.726+0800][info] GC(34) Using 3 workers of 48 for evacuation
[2024-10-11T04:32:08.728+0800][info] GC(34)   Pre Evacuate Collection Set: 0.2ms
[2024-10-11T04:32:08.728+0800][info] GC(34)   Merge Heap Roots: 0.0ms
[2024-10-11T04:32:08.728+0800][info] GC(34)   Evacuate Collection Set: 1.7ms
[2024-10-11T04:32:08.728+0800][info] GC(34)   Post Evacuate Collection Set: 0.2ms
[2024-10-11T04:32:08.728+0800][info] GC(34)   Other: 0.1ms
[2024-10-11T04:32:08.728+0800][info] GC(34) Eden regions: 2->0(2)
[2024-10-11T04:32:08.728+0800][info] GC(34) Survivor regions: 1->1(1)
[2024-10-11T04:32:08.728+0800][info] GC(34) Old regions: 45->45
[2024-10-11T04:32:08.728+0800][info] GC(34) Archive regions: 2->2
[2024-10-11T04:32:08.728+0800][info] GC(34) Humongous regions: 2->2
[2024-10-11T04:32:08.728+0800][info] GC(34) Metaspace: 1567K(1728K)->1567K(1728K) NonClass: 1431K(1536K)->1431K(1536K) Class: 135K(192K)->135K(192K)
[2024-10-11T04:32:08.728+0800][info] GC(34) Pause Young (Mixed) (G1 Evacuation Pause) 99M->96M(128M) 2.381ms
[2024-10-11T04:32:08.728+0800][info] GC(34) User=0.01s Sys=0.00s Real=0.00s
[2024-10-11T04:32:08.832+0800][info] GC(35) Pause Young (Normal) (G1 Evacuation Pause)
[2024-10-11T04:32:08.832+0800][info] GC(35) Using 3 workers of 48 for evacuation
[2024-10-11T04:32:08.833+0800][info] GC(35)   Pre Evacuate Collection Set: 0.1ms
[2024-10-11T04:32:08.833+0800][info] GC(35)   Merge Heap Roots: 0.0ms
[2024-10-11T04:32:08.833+0800][info] GC(35)   Evacuate Collection Set: 0.7ms
[2024-10-11T04:32:08.833+0800][info] GC(35)   Post Evacuate Collection Set: 0.2ms
[2024-10-11T04:32:08.833+0800][info] GC(35)   Other: 0.2ms
[2024-10-11T04:32:08.833+0800][info] GC(35) Eden regions: 2->0(2)
[2024-10-11T04:32:08.833+0800][info] GC(35) Survivor regions: 1->1(1)
[2024-10-11T04:32:08.833+0800][info] GC(35) Old regions: 45->47
[2024-10-11T04:32:08.833+0800][info] GC(35) Archive regions: 2->2
[2024-10-11T04:32:08.833+0800][info] GC(35) Humongous regions: 2->2
[2024-10-11T04:32:08.833+0800][info] GC(35) Metaspace: 1568K(1728K)->1568K(1728K) NonClass: 1432K(1536K)->1432K(1536K) Class: 135K(192K)->135K(192K)
[2024-10-11T04:32:08.833+0800][info] GC(35) Pause Young (Normal) (G1 Evacuation Pause) 99M->100M(128M) 1.306ms
[2024-10-11T04:32:08.833+0800][info] GC(35) User=0.00s Sys=0.00s Real=0.00s
[2024-10-11T04:32:08.936+0800][info] GC(36) Pause Young (Normal) (G1 Evacuation Pause)
[2024-10-11T04:32:08.936+0800][info] GC(36) Using 3 workers of 48 for evacuation
[2024-10-11T04:32:08.938+0800][info] GC(36)   Pre Evacuate Collection Set: 0.1ms
[2024-10-11T04:32:08.938+0800][info] GC(36)   Merge Heap Roots: 0.0ms
[2024-10-11T04:32:08.938+0800][info] GC(36)   Evacuate Collection Set: 0.7ms
[2024-10-11T04:32:08.938+0800][info] GC(36)   Post Evacuate Collection Set: 0.2ms
[2024-10-11T04:32:08.938+0800][info] GC(36)   Other: 0.2ms
[2024-10-11T04:32:08.938+0800][info] GC(36) Eden regions: 2->0(2)
[2024-10-11T04:32:08.938+0800][info] GC(36) Survivor regions: 1->1(1)
[2024-10-11T04:32:08.938+0800][info] GC(36) Old regions: 47->49
[2024-10-11T04:32:08.938+0800][info] GC(36) Archive regions: 2->2
[2024-10-11T04:32:08.938+0800][info] GC(36) Humongous regions: 2->2
[2024-10-11T04:32:08.938+0800][info] GC(36) Metaspace: 1581K(1728K)->1581K(1728K) NonClass: 1445K(1536K)->1445K(1536K) Class: 135K(192K)->135K(192K)
[2024-10-11T04:32:08.938+0800][info] GC(36) Pause Young (Normal) (G1 Evacuation Pause) 103M->104M(128M) 1.283ms
[2024-10-11T04:32:08.938+0800][info] GC(36) User=0.01s Sys=0.00s Real=0.00s
[2024-10-11T04:32:09.041+0800][info] GC(37) Pause Young (Concurrent Start) (G1 Evacuation Pause)
[2024-10-11T04:32:09.041+0800][info] GC(37) Using 3 workers of 48 for evacuation
[2024-10-11T04:32:09.042+0800][info] GC(37)   Pre Evacuate Collection Set: 0.1ms
[2024-10-11T04:32:09.042+0800][info] GC(37)   Merge Heap Roots: 0.0ms
[2024-10-11T04:32:09.042+0800][info] GC(37)   Evacuate Collection Set: 0.9ms
[2024-10-11T04:32:09.042+0800][info] GC(37)   Post Evacuate Collection Set: 0.2ms
[2024-10-11T04:32:09.042+0800][info] GC(37)   Other: 0.3ms
[2024-10-11T04:32:09.042+0800][info] GC(37) Eden regions: 2->0(2)
[2024-10-11T04:32:09.042+0800][info] GC(37) Survivor regions: 1->1(1)
[2024-10-11T04:32:09.042+0800][info] GC(37) Old regions: 49->51
[2024-10-11T04:32:09.042+0800][info] GC(37) Archive regions: 2->2
[2024-10-11T04:32:09.042+0800][info] GC(37) Humongous regions: 2->2
[2024-10-11T04:32:09.042+0800][info] GC(37) Metaspace: 1584K(1728K)->1584K(1728K) NonClass: 1448K(1536K)->1448K(1536K) Class: 135K(192K)->135K(192K)
[2024-10-11T04:32:09.042+0800][info] GC(37) Pause Young (Concurrent Start) (G1 Evacuation Pause) 107M->108M(128M) 1.640ms
[2024-10-11T04:32:09.042+0800][info] GC(37) User=0.00s Sys=0.00s Real=0.00s
[2024-10-11T04:32:09.042+0800][info] GC(38) Concurrent Mark Cycle
[2024-10-11T04:32:09.042+0800][info] GC(38) Concurrent Clear Claimed Marks
[2024-10-11T04:32:09.042+0800][info] GC(38) Concurrent Clear Claimed Marks 0.018ms
[2024-10-11T04:32:09.042+0800][info] GC(38) Concurrent Scan Root Regions
[2024-10-11T04:32:09.043+0800][info] GC(38) Concurrent Scan Root Regions 0.093ms
[2024-10-11T04:32:09.043+0800][info] GC(38) Concurrent Mark
[2024-10-11T04:32:09.043+0800][info] GC(38) Concurrent Mark From Roots
[2024-10-11T04:32:09.043+0800][info] GC(38) Using 12 workers of 12 for marking
[2024-10-11T04:32:09.047+0800][info] GC(38) Concurrent Mark From Roots 4.433ms
[2024-10-11T04:32:09.047+0800][info] GC(38) Concurrent Preclean
[2024-10-11T04:32:09.049+0800][info] GC(38) Concurrent Preclean 1.676ms
[2024-10-11T04:32:09.049+0800][info] GC(38) Pause Remark
[2024-10-11T04:32:09.050+0800][info] GC(38) Pause Remark 108M->106M(128M) 1.216ms
[2024-10-11T04:32:09.050+0800][info] GC(38) User=0.01s Sys=0.00s Real=0.00s
[2024-10-11T04:32:09.050+0800][info] GC(38) Concurrent Mark 7.639ms
[2024-10-11T04:32:09.050+0800][info] GC(38) Concurrent Rebuild Remembered Sets
[2024-10-11T04:32:09.052+0800][info] GC(38) Concurrent Rebuild Remembered Sets 1.666ms
[2024-10-11T04:32:09.052+0800][info] GC(38) Pause Cleanup
[2024-10-11T04:32:09.052+0800][info] GC(38) Pause Cleanup 106M->106M(128M) 0.195ms
[2024-10-11T04:32:09.052+0800][info] GC(38) User=0.00s Sys=0.00s Real=0.00s
[2024-10-11T04:32:09.052+0800][info] GC(38) Concurrent Cleanup for Next Mark
[2024-10-11T04:32:09.053+0800][info] GC(38) Concurrent Cleanup for Next Mark 0.359ms
[2024-10-11T04:32:09.053+0800][info] GC(38) Concurrent Mark Cycle 10.308ms
[2024-10-11T04:32:09.196+0800][info] GC(39) Pause Young (Prepare Mixed) (G1 Evacuation Pause)
[2024-10-11T04:32:09.196+0800][info] GC(39) Using 3 workers of 48 for evacuation
[2024-10-11T04:32:09.198+0800][info] GC(39)   Pre Evacuate Collection Set: 0.1ms
[2024-10-11T04:32:09.198+0800][info] GC(39)   Merge Heap Roots: 0.1ms
[2024-10-11T04:32:09.198+0800][info] GC(39)   Evacuate Collection Set: 0.8ms
[2024-10-11T04:32:09.198+0800][info] GC(39)   Post Evacuate Collection Set: 0.2ms
[2024-10-11T04:32:09.198+0800][info] GC(39)   Other: 0.2ms
[2024-10-11T04:32:09.198+0800][info] GC(39) Eden regions: 2->0(2)
[2024-10-11T04:32:09.198+0800][info] GC(39) Survivor regions: 1->1(1)
[2024-10-11T04:32:09.198+0800][info] GC(39) Old regions: 50->51
[2024-10-11T04:32:09.198+0800][info] GC(39) Archive regions: 2->2
[2024-10-11T04:32:09.198+0800][info] GC(39) Humongous regions: 2->2
[2024-10-11T04:32:09.198+0800][info] GC(39) Metaspace: 1600K(1728K)->1600K(1728K) NonClass: 1464K(1536K)->1464K(1536K) Class: 135K(192K)->135K(192K)
[2024-10-11T04:32:09.198+0800][info] GC(39) Pause Young (Prepare Mixed) (G1 Evacuation Pause) 109M->109M(128M) 1.466ms
[2024-10-11T04:32:09.198+0800][info] GC(39) User=0.01s Sys=0.00s Real=0.00s
[2024-10-11T04:32:09.301+0800][info] GC(40) Pause Young (Mixed) (G1 Evacuation Pause)
[2024-10-11T04:32:09.301+0800][info] GC(40) Using 3 workers of 48 for evacuation
[2024-10-11T04:32:09.303+0800][info] GC(40)   Pre Evacuate Collection Set: 0.2ms
[2024-10-11T04:32:09.303+0800][info] GC(40)   Merge Heap Roots: 0.0ms
[2024-10-11T04:32:09.303+0800][info] GC(40)   Evacuate Collection Set: 1.4ms
[2024-10-11T04:32:09.303+0800][info] GC(40)   Post Evacuate Collection Set: 0.2ms
[2024-10-11T04:32:09.303+0800][info] GC(40)   Other: 0.2ms
[2024-10-11T04:32:09.303+0800][info] GC(40) Eden regions: 2->0(2)
[2024-10-11T04:32:09.303+0800][info] GC(40) Survivor regions: 1->1(1)
[2024-10-11T04:32:09.303+0800][info] GC(40) Old regions: 51->49
[2024-10-11T04:32:09.303+0800][info] GC(40) Archive regions: 2->2
[2024-10-11T04:32:09.303+0800][info] GC(40) Humongous regions: 2->2
[2024-10-11T04:32:09.303+0800][info] GC(40) Metaspace: 1600K(1728K)->1600K(1728K) NonClass: 1464K(1536K)->1464K(1536K) Class: 135K(192K)->135K(192K)
[2024-10-11T04:32:09.303+0800][info] GC(40) Pause Young (Mixed) (G1 Evacuation Pause) 113M->104M(128M) 2.136ms
[2024-10-11T04:32:09.303+0800][info] GC(40) User=0.00s Sys=0.00s Real=0.00s
[2024-10-11T04:32:09.405+0800][info] GC(41) Pause Young (Mixed) (G1 Evacuation Pause)
[2024-10-11T04:32:09.405+0800][info] GC(41) Using 3 workers of 48 for evacuation
[2024-10-11T04:32:09.407+0800][info] GC(41)   Pre Evacuate Collection Set: 0.2ms
[2024-10-11T04:32:09.407+0800][info] GC(41)   Merge Heap Roots: 0.1ms
[2024-10-11T04:32:09.407+0800][info] GC(41)   Evacuate Collection Set: 1.8ms
[2024-10-11T04:32:09.407+0800][info] GC(41)   Post Evacuate Collection Set: 0.2ms
[2024-10-11T04:32:09.407+0800][info] GC(41)   Other: 0.1ms
[2024-10-11T04:32:09.407+0800][info] GC(41) Eden regions: 2->0(2)
[2024-10-11T04:32:09.407+0800][info] GC(41) Survivor regions: 1->1(1)
[2024-10-11T04:32:09.407+0800][info] GC(41) Old regions: 49->47
[2024-10-11T04:32:09.407+0800][info] GC(41) Archive regions: 2->2
[2024-10-11T04:32:09.407+0800][info] GC(41) Humongous regions: 2->2
[2024-10-11T04:32:09.407+0800][info] GC(41) Metaspace: 1600K(1728K)->1600K(1728K) NonClass: 1465K(1536K)->1465K(1536K) Class: 135K(192K)->135K(192K)
[2024-10-11T04:32:09.407+0800][info] GC(41) Pause Young (Mixed) (G1 Evacuation Pause) 107M->100M(128M) 2.509ms
[2024-10-11T04:32:09.407+0800][info] GC(41) User=0.00s Sys=0.01s Real=0.01s
[2024-10-11T04:32:09.510+0800][info] GC(42) Pause Young (Mixed) (G1 Evacuation Pause)
[2024-10-11T04:32:09.510+0800][info] GC(42) Using 3 workers of 48 for evacuation
[2024-10-11T04:32:09.513+0800][info] GC(42)   Pre Evacuate Collection Set: 0.2ms
[2024-10-11T04:32:09.513+0800][info] GC(42)   Merge Heap Roots: 0.1ms
[2024-10-11T04:32:09.513+0800][info] GC(42)   Evacuate Collection Set: 1.7ms
[2024-10-11T04:32:09.513+0800][info] GC(42)   Post Evacuate Collection Set: 0.2ms
[2024-10-11T04:32:09.513+0800][info] GC(42)   Other: 0.1ms
[2024-10-11T04:32:09.513+0800][info] GC(42) Eden regions: 2->0(2)
[2024-10-11T04:32:09.513+0800][info] GC(42) Survivor regions: 1->1(1)
[2024-10-11T04:32:09.513+0800][info] GC(42) Old regions: 47->45
[2024-10-11T04:32:09.513+0800][info] GC(42) Archive regions: 2->2
[2024-10-11T04:32:09.513+0800][info] GC(42) Humongous regions: 2->2
[2024-10-11T04:32:09.513+0800][info] GC(42) Metaspace: 1602K(1728K)->1602K(1728K) NonClass: 1466K(1536K)->1466K(1536K) Class: 135K(192K)->135K(192K)
[2024-10-11T04:32:09.513+0800][info] GC(42) Pause Young (Mixed) (G1 Evacuation Pause) 103M->97M(128M) 2.389ms
[2024-10-11T04:32:09.513+0800][info] GC(42) User=0.00s Sys=0.00s Real=0.00s
[2024-10-11T04:32:09.615+0800][info] GC(43) Pause Young (Mixed) (G1 Evacuation Pause)
[2024-10-11T04:32:09.615+0800][info] GC(43) Using 3 workers of 48 for evacuation
[2024-10-11T04:32:09.617+0800][info] GC(43)   Pre Evacuate Collection Set: 0.2ms
[2024-10-11T04:32:09.617+0800][info] GC(43)   Merge Heap Roots: 0.1ms
[2024-10-11T04:32:09.617+0800][info] GC(43)   Evacuate Collection Set: 1.8ms
[2024-10-11T04:32:09.617+0800][info] GC(43)   Post Evacuate Collection Set: 0.2ms
[2024-10-11T04:32:09.617+0800][info] GC(43)   Other: 0.1ms
[2024-10-11T04:32:09.617+0800][info] GC(43) Eden regions: 2->0(2)
[2024-10-11T04:32:09.617+0800][info] GC(43) Survivor regions: 1->1(1)
[2024-10-11T04:32:09.617+0800][info] GC(43) Old regions: 45->45
[2024-10-11T04:32:09.617+0800][info] GC(43) Archive regions: 2->2
[2024-10-11T04:32:09.617+0800][info] GC(43) Humongous regions: 2->2
[2024-10-11T04:32:09.617+0800][info] GC(43) Metaspace: 1602K(1728K)->1602K(1728K) NonClass: 1466K(1536K)->1466K(1536K) Class: 135K(192K)->135K(192K)
[2024-10-11T04:32:09.617+0800][info] GC(43) Pause Young (Mixed) (G1 Evacuation Pause) 100M->96M(128M) 2.479ms
[2024-10-11T04:32:09.617+0800][info] GC(43) User=0.00s Sys=0.01s Real=0.00s
[2024-10-11T04:32:09.720+0800][info] GC(44) Pause Young (Mixed) (G1 Evacuation Pause)
[2024-10-11T04:32:09.720+0800][info] GC(44) Using 3 workers of 48 for evacuation
[2024-10-11T04:32:09.722+0800][info] GC(44)   Pre Evacuate Collection Set: 0.1ms
[2024-10-11T04:32:09.722+0800][info] GC(44)   Merge Heap Roots: 0.0ms
[2024-10-11T04:32:09.722+0800][info] GC(44)   Evacuate Collection Set: 0.9ms
[2024-10-11T04:32:09.722+0800][info] GC(44)   Post Evacuate Collection Set: 0.2ms
[2024-10-11T04:32:09.722+0800][info] GC(44)   Other: 0.1ms
[2024-10-11T04:32:09.722+0800][info] GC(44) Eden regions: 2->0(2)
[2024-10-11T04:32:09.722+0800][info] GC(44) Survivor regions: 1->1(1)
[2024-10-11T04:32:09.722+0800][info] GC(44) Old regions: 45->46
[2024-10-11T04:32:09.722+0800][info] GC(44) Archive regions: 2->2
[2024-10-11T04:32:09.722+0800][info] GC(44) Humongous regions: 2->2
[2024-10-11T04:32:09.722+0800][info] GC(44) Metaspace: 1602K(1728K)->1602K(1728K) NonClass: 1466K(1536K)->1466K(1536K) Class: 135K(192K)->135K(192K)
[2024-10-11T04:32:09.722+0800][info] GC(44) Pause Young (Mixed) (G1 Evacuation Pause) 100M->99M(128M) 1.479ms
[2024-10-11T04:32:09.722+0800][info] GC(44) User=0.00s Sys=0.00s Real=0.00s
[2024-10-11T04:32:09.824+0800][info] GC(45) Pause Young (Normal) (G1 Evacuation Pause)
[2024-10-11T04:32:09.824+0800][info] GC(45) Using 3 workers of 48 for evacuation
[2024-10-11T04:32:09.825+0800][info] GC(45)   Pre Evacuate Collection Set: 0.1ms
[2024-10-11T04:32:09.825+0800][info] GC(45)   Merge Heap Roots: 0.0ms
[2024-10-11T04:32:09.825+0800][info] GC(45)   Evacuate Collection Set: 0.7ms
[2024-10-11T04:32:09.825+0800][info] GC(45)   Post Evacuate Collection Set: 0.2ms
[2024-10-11T04:32:09.825+0800][info] GC(45)   Other: 0.2ms
[2024-10-11T04:32:09.825+0800][info] GC(45) Eden regions: 2->0(2)
[2024-10-11T04:32:09.825+0800][info] GC(45) Survivor regions: 1->1(1)
[2024-10-11T04:32:09.825+0800][info] GC(45) Old regions: 46->48
[2024-10-11T04:32:09.825+0800][info] GC(45) Archive regions: 2->2
[2024-10-11T04:32:09.825+0800][info] GC(45) Humongous regions: 2->2
[2024-10-11T04:32:09.825+0800][info] GC(45) Metaspace: 1602K(1728K)->1602K(1728K) NonClass: 1466K(1536K)->1466K(1536K) Class: 135K(192K)->135K(192K)
[2024-10-11T04:32:09.825+0800][info] GC(45) Pause Young (Normal) (G1 Evacuation Pause) 103M->103M(128M) 1.341ms
[2024-10-11T04:32:09.825+0800][info] GC(45) User=0.01s Sys=0.00s Real=0.01s
[2024-10-11T04:32:09.887+0800][info] GC(46) Pause Young (Concurrent Start) (G1 Humongous Allocation)
[2024-10-11T04:32:09.887+0800][info] GC(46) Using 3 workers of 48 for evacuation
[2024-10-11T04:32:09.888+0800][info] GC(46)   Pre Evacuate Collection Set: 0.1ms
[2024-10-11T04:32:09.888+0800][info] GC(46)   Merge Heap Roots: 0.0ms
[2024-10-11T04:32:09.888+0800][info] GC(46)   Evacuate Collection Set: 0.6ms
[2024-10-11T04:32:09.888+0800][info] GC(46)   Post Evacuate Collection Set: 0.2ms
[2024-10-11T04:32:09.888+0800][info] GC(46)   Other: 0.3ms
[2024-10-11T04:32:09.888+0800][info] GC(46) Eden regions: 2->0(2)
[2024-10-11T04:32:09.888+0800][info] GC(46) Survivor regions: 1->1(1)
[2024-10-11T04:32:09.888+0800][info] GC(46) Old regions: 48->50
[2024-10-11T04:32:09.888+0800][info] GC(46) Archive regions: 2->2
[2024-10-11T04:32:09.888+0800][info] GC(46) Humongous regions: 2->2
[2024-10-11T04:32:09.888+0800][info] GC(46) Metaspace: 1602K(1728K)->1602K(1728K) NonClass: 1466K(1536K)->1466K(1536K) Class: 135K(192K)->135K(192K)
[2024-10-11T04:32:09.888+0800][info] GC(46) Pause Young (Concurrent Start) (G1 Humongous Allocation) 106M->106M(128M) 1.388ms
[2024-10-11T04:32:09.888+0800][info] GC(46) User=0.00s Sys=0.00s Real=0.00s
[2024-10-11T04:32:09.888+0800][info] GC(47) Concurrent Mark Cycle
[2024-10-11T04:32:09.888+0800][info] GC(47) Concurrent Clear Claimed Marks
[2024-10-11T04:32:09.888+0800][info] GC(47) Concurrent Clear Claimed Marks 0.018ms
[2024-10-11T04:32:09.888+0800][info] GC(47) Concurrent Scan Root Regions
[2024-10-11T04:32:09.888+0800][info] GC(47) Concurrent Scan Root Regions 0.167ms
[2024-10-11T04:32:09.888+0800][info] GC(47) Concurrent Mark
[2024-10-11T04:32:09.888+0800][info] GC(47) Concurrent Mark From Roots
[2024-10-11T04:32:09.888+0800][info] GC(47) Using 12 workers of 12 for marking
[2024-10-11T04:32:09.894+0800][info] GC(47) Concurrent Mark From Roots 5.897ms
[2024-10-11T04:32:09.894+0800][info] GC(47) Concurrent Preclean
[2024-10-11T04:32:09.896+0800][info] GC(47) Concurrent Preclean 1.664ms
[2024-10-11T04:32:09.896+0800][info] GC(47) Pause Remark
[2024-10-11T04:32:09.897+0800][info] GC(47) Pause Remark 108M->108M(128M) 1.291ms
[2024-10-11T04:32:09.898+0800][info] GC(47) User=0.00s Sys=0.00s Real=0.00s
[2024-10-11T04:32:09.898+0800][info] GC(47) Concurrent Mark 9.139ms
[2024-10-11T04:32:09.898+0800][info] GC(47) Concurrent Rebuild Remembered Sets
[2024-10-11T04:32:09.899+0800][info] GC(47) Concurrent Rebuild Remembered Sets 1.697ms
[2024-10-11T04:32:09.899+0800][info] GC(47) Pause Cleanup
[2024-10-11T04:32:09.900+0800][info] GC(47) Pause Cleanup 108M->108M(128M) 0.168ms
[2024-10-11T04:32:09.900+0800][info] GC(47) User=0.00s Sys=0.00s Real=0.00s
[2024-10-11T04:32:09.900+0800][info] GC(47) Concurrent Cleanup for Next Mark
[2024-10-11T04:32:09.900+0800][info] GC(47) Concurrent Cleanup for Next Mark 0.450ms
[2024-10-11T04:32:09.900+0800][info] GC(47) Concurrent Mark Cycle 11.909ms
[2024-10-11T04:32:10.064+0800][info] GC(48) Pause Young (Prepare Mixed) (G1 Evacuation Pause)
[2024-10-11T04:32:10.064+0800][info] GC(48) Using 3 workers of 48 for evacuation
[2024-10-11T04:32:10.065+0800][info] GC(48)   Pre Evacuate Collection Set: 0.1ms
[2024-10-11T04:32:10.065+0800][info] GC(48)   Merge Heap Roots: 0.0ms
[2024-10-11T04:32:10.065+0800][info] GC(48)   Evacuate Collection Set: 0.8ms
[2024-10-11T04:32:10.065+0800][info] GC(48)   Post Evacuate Collection Set: 0.2ms
[2024-10-11T04:32:10.065+0800][info] GC(48)   Other: 0.2ms
[2024-10-11T04:32:10.065+0800][info] GC(48) Eden regions: 2->0(2)
[2024-10-11T04:32:10.065+0800][info] GC(48) Survivor regions: 1->1(1)
[2024-10-11T04:32:10.065+0800][info] GC(48) Old regions: 50->52
[2024-10-11T04:32:10.065+0800][info] GC(48) Archive regions: 2->2
[2024-10-11T04:32:10.065+0800][info] GC(48) Humongous regions: 3->3
[2024-10-11T04:32:10.065+0800][info] GC(48) Metaspace: 1608K(1728K)->1608K(1728K) NonClass: 1472K(1536K)->1472K(1536K) Class: 135K(192K)->135K(192K)
[2024-10-11T04:32:10.065+0800][info] GC(48) Pause Young (Prepare Mixed) (G1 Evacuation Pause) 112M->112M(128M) 1.417ms
[2024-10-11T04:32:10.065+0800][info] GC(48) User=0.01s Sys=0.00s Real=0.00s
[2024-10-11T04:32:10.168+0800][info] GC(49) Pause Young (Mixed) (G1 Preventive Collection)
[2024-10-11T04:32:10.168+0800][info] GC(49) Using 3 workers of 48 for evacuation
[2024-10-11T04:32:10.170+0800][info] GC(49) To-space exhausted
[2024-10-11T04:32:10.170+0800][info] GC(49)   Pre Evacuate Collection Set: 0.1ms
[2024-10-11T04:32:10.170+0800][info] GC(49)   Merge Heap Roots: 0.1ms
[2024-10-11T04:32:10.170+0800][info] GC(49)   Evacuate Collection Set: 1.2ms
[2024-10-11T04:32:10.170+0800][info] GC(49)   Post Evacuate Collection Set: 0.2ms
[2024-10-11T04:32:10.170+0800][info] GC(49)   Other: 0.2ms
[2024-10-11T04:32:10.170+0800][info] GC(49) Eden regions: 2->0(2)
[2024-10-11T04:32:10.170+0800][info] GC(49) Survivor regions: 1->1(1)
[2024-10-11T04:32:10.170+0800][info] GC(49) Old regions: 52->49
[2024-10-11T04:32:10.170+0800][info] GC(49) Archive regions: 2->2
[2024-10-11T04:32:10.170+0800][info] GC(49) Humongous regions: 3->3
[2024-10-11T04:32:10.170+0800][info] GC(49) Metaspace: 1609K(1728K)->1609K(1728K) NonClass: 1474K(1536K)->1474K(1536K) Class: 135K(192K)->135K(192K)
[2024-10-11T04:32:10.170+0800][info] GC(49) Pause Young (Mixed) (G1 Preventive Collection) 116M->107M(128M) 1.893ms
[2024-10-11T04:32:10.170+0800][info] GC(49) User=0.00s Sys=0.00s Real=0.00s
[2024-10-11T04:32:10.272+0800][info] GC(50) Pause Young (Mixed) (G1 Evacuation Pause)
[2024-10-11T04:32:10.272+0800][info] GC(50) Using 3 workers of 48 for evacuation
[2024-10-11T04:32:10.274+0800][info] GC(50)   Pre Evacuate Collection Set: 0.2ms
[2024-10-11T04:32:10.274+0800][info] GC(50)   Merge Heap Roots: 0.1ms
[2024-10-11T04:32:10.274+0800][info] GC(50)   Evacuate Collection Set: 1.6ms
[2024-10-11T04:32:10.274+0800][info] GC(50)   Post Evacuate Collection Set: 0.2ms
[2024-10-11T04:32:10.274+0800][info] GC(50)   Other: 0.1ms
[2024-10-11T04:32:10.274+0800][info] GC(50) Eden regions: 2->0(2)
[2024-10-11T04:32:10.274+0800][info] GC(50) Survivor regions: 1->1(1)
[2024-10-11T04:32:10.274+0800][info] GC(50) Old regions: 49->48
[2024-10-11T04:32:10.274+0800][info] GC(50) Archive regions: 2->2
[2024-10-11T04:32:10.274+0800][info] GC(50) Humongous regions: 3->3
[2024-10-11T04:32:10.274+0800][info] GC(50) Metaspace: 1612K(1728K)->1612K(1728K) NonClass: 1476K(1536K)->1476K(1536K) Class: 135K(192K)->135K(192K)
[2024-10-11T04:32:10.274+0800][info] GC(50) Pause Young (Mixed) (G1 Evacuation Pause) 111M->104M(128M) 2.296ms
[2024-10-11T04:32:10.274+0800][info] GC(50) User=0.00s Sys=0.00s Real=0.01s
[2024-10-11T04:32:10.377+0800][info] GC(51) Pause Young (Mixed) (G1 Evacuation Pause)
[2024-10-11T04:32:10.377+0800][info] GC(51) Using 3 workers of 48 for evacuation
[2024-10-11T04:32:10.380+0800][info] GC(51)   Pre Evacuate Collection Set: 0.2ms
[2024-10-11T04:32:10.380+0800][info] GC(51)   Merge Heap Roots: 0.0ms
[2024-10-11T04:32:10.380+0800][info] GC(51)   Evacuate Collection Set: 1.8ms
[2024-10-11T04:32:10.380+0800][info] GC(51)   Post Evacuate Collection Set: 0.2ms
[2024-10-11T04:32:10.380+0800][info] GC(51)   Other: 0.1ms
[2024-10-11T04:32:10.380+0800][info] GC(51) Eden regions: 2->0(2)
[2024-10-11T04:32:10.380+0800][info] GC(51) Survivor regions: 1->1(1)
[2024-10-11T04:32:10.380+0800][info] GC(51) Old regions: 48->47
[2024-10-11T04:32:10.380+0800][info] GC(51) Archive regions: 2->2
[2024-10-11T04:32:10.380+0800][info] GC(51) Humongous regions: 3->3
[2024-10-11T04:32:10.380+0800][info] GC(51) Metaspace: 1612K(1728K)->1612K(1728K) NonClass: 1476K(1536K)->1476K(1536K) Class: 135K(192K)->135K(192K)
[2024-10-11T04:32:10.380+0800][info] GC(51) Pause Young (Mixed) (G1 Evacuation Pause) 108M->103M(128M) 2.514ms
[2024-10-11T04:32:10.380+0800][info] GC(51) User=0.00s Sys=0.01s Real=0.00s
[2024-10-11T04:32:10.482+0800][info] GC(52) Pause Young (Mixed) (G1 Evacuation Pause)
[2024-10-11T04:32:10.482+0800][info] GC(52) Using 3 workers of 48 for evacuation
[2024-10-11T04:32:10.484+0800][info] GC(52)   Pre Evacuate Collection Set: 0.2ms
[2024-10-11T04:32:10.484+0800][info] GC(52)   Merge Heap Roots: 0.1ms
[2024-10-11T04:32:10.484+0800][info] GC(52)   Evacuate Collection Set: 1.9ms
[2024-10-11T04:32:10.484+0800][info] GC(52)   Post Evacuate Collection Set: 0.2ms
[2024-10-11T04:32:10.484+0800][info] GC(52)   Other: 0.1ms
[2024-10-11T04:32:10.484+0800][info] GC(52) Eden regions: 2->0(2)
[2024-10-11T04:32:10.484+0800][info] GC(52) Survivor regions: 1->1(1)
[2024-10-11T04:32:10.484+0800][info] GC(52) Old regions: 47->47
[2024-10-11T04:32:10.484+0800][info] GC(52) Archive regions: 2->2
[2024-10-11T04:32:10.484+0800][info] GC(52) Humongous regions: 3->3
[2024-10-11T04:32:10.485+0800][info] GC(52) Metaspace: 1612K(1728K)->1612K(1728K) NonClass: 1476K(1536K)->1476K(1536K) Class: 135K(192K)->135K(192K)
[2024-10-11T04:32:10.485+0800][info] GC(52) Pause Young (Mixed) (G1 Evacuation Pause) 107M->103M(128M) 2.510ms
[2024-10-11T04:32:10.485+0800][info] GC(52) User=0.00s Sys=0.00s Real=0.00s
[2024-10-11T04:32:10.587+0800][info] GC(53) Pause Young (Normal) (G1 Evacuation Pause)
[2024-10-11T04:32:10.587+0800][info] GC(53) Using 3 workers of 48 for evacuation
[2024-10-11T04:32:10.589+0800][info] GC(53)   Pre Evacuate Collection Set: 0.1ms
[2024-10-11T04:32:10.589+0800][info] GC(53)   Merge Heap Roots: 0.0ms
[2024-10-11T04:32:10.589+0800][info] GC(53)   Evacuate Collection Set: 0.7ms
[2024-10-11T04:32:10.589+0800][info] GC(53)   Post Evacuate Collection Set: 0.2ms
[2024-10-11T04:32:10.589+0800][info] GC(53)   Other: 0.2ms
[2024-10-11T04:32:10.589+0800][info] GC(53) Eden regions: 2->0(2)
[2024-10-11T04:32:10.589+0800][info] GC(53) Survivor regions: 1->1(1)
[2024-10-11T04:32:10.589+0800][info] GC(53) Old regions: 47->49
[2024-10-11T04:32:10.589+0800][info] GC(53) Archive regions: 2->2
[2024-10-11T04:32:10.589+0800][info] GC(53) Humongous regions: 3->3
[2024-10-11T04:32:10.589+0800][info] GC(53) Metaspace: 1612K(1728K)->1612K(1728K) NonClass: 1476K(1536K)->1476K(1536K) Class: 135K(192K)->135K(192K)
[2024-10-11T04:32:10.589+0800][info] GC(53) Pause Young (Normal) (G1 Evacuation Pause) 107M->107M(128M) 1.326ms
[2024-10-11T04:32:10.589+0800][info] GC(53) User=0.00s Sys=0.00s Real=0.00s
[2024-10-11T04:32:10.691+0800][info] GC(54) Pause Young (Concurrent Start) (G1 Evacuation Pause)
[2024-10-11T04:32:10.691+0800][info] GC(54) Using 3 workers of 48 for evacuation
[2024-10-11T04:32:10.693+0800][info] GC(54)   Pre Evacuate Collection Set: 0.1ms
[2024-10-11T04:32:10.693+0800][info] GC(54)   Merge Heap Roots: 0.0ms
[2024-10-11T04:32:10.693+0800][info] GC(54)   Evacuate Collection Set: 0.8ms
[2024-10-11T04:32:10.693+0800][info] GC(54)   Post Evacuate Collection Set: 0.2ms
[2024-10-11T04:32:10.693+0800][info] GC(54)   Other: 0.9ms
[2024-10-11T04:32:10.693+0800][info] GC(54) Eden regions: 2->0(2)
[2024-10-11T04:32:10.693+0800][info] GC(54) Survivor regions: 1->1(1)
[2024-10-11T04:32:10.693+0800][info] GC(54) Old regions: 49->51
[2024-10-11T04:32:10.693+0800][info] GC(54) Archive regions: 2->2
[2024-10-11T04:32:10.693+0800][info] GC(54) Humongous regions: 3->3
[2024-10-11T04:32:10.693+0800][info] GC(54) Metaspace: 1612K(1728K)->1612K(1728K) NonClass: 1476K(1536K)->1476K(1536K) Class: 135K(192K)->135K(192K)
[2024-10-11T04:32:10.693+0800][info] GC(54) Pause Young (Concurrent Start) (G1 Evacuation Pause) 111M->111M(128M) 2.154ms
[2024-10-11T04:32:10.693+0800][info] GC(54) User=0.00s Sys=0.00s Real=0.00s
[2024-10-11T04:32:10.693+0800][info] GC(55) Concurrent Mark Cycle
[2024-10-11T04:32:10.693+0800][info] GC(55) Concurrent Clear Claimed Marks
[2024-10-11T04:32:10.693+0800][info] GC(55) Concurrent Clear Claimed Marks 0.018ms
[2024-10-11T04:32:10.693+0800][info] GC(55) Concurrent Scan Root Regions
[2024-10-11T04:32:10.693+0800][info] GC(55) Concurrent Scan Root Regions 0.116ms
[2024-10-11T04:32:10.693+0800][info] GC(55) Concurrent Mark
[2024-10-11T04:32:10.693+0800][info] GC(55) Concurrent Mark From Roots
[2024-10-11T04:32:10.693+0800][info] GC(55) Using 12 workers of 12 for marking
[2024-10-11T04:32:10.697+0800][info] GC(55) Concurrent Mark From Roots 4.008ms
[2024-10-11T04:32:10.697+0800][info] GC(55) Concurrent Preclean
[2024-10-11T04:32:10.699+0800][info] GC(55) Concurrent Preclean 1.670ms
[2024-10-11T04:32:10.699+0800][info] GC(55) Pause Remark
[2024-10-11T04:32:10.701+0800][info] GC(55) Pause Remark 111M->105M(128M) 1.259ms
[2024-10-11T04:32:10.701+0800][info] GC(55) User=0.00s Sys=0.00s Real=0.00s
[2024-10-11T04:32:10.701+0800][info] GC(55) Concurrent Mark 7.246ms
[2024-10-11T04:32:10.701+0800][info] GC(55) Concurrent Rebuild Remembered Sets
[2024-10-11T04:32:10.702+0800][info] GC(55) Concurrent Rebuild Remembered Sets 1.624ms
[2024-10-11T04:32:10.702+0800][info] GC(55) Pause Cleanup
[2024-10-11T04:32:10.703+0800][info] GC(55) Pause Cleanup 105M->105M(128M) 0.223ms
[2024-10-11T04:32:10.703+0800][info] GC(55) User=0.00s Sys=0.00s Real=0.00s
[2024-10-11T04:32:10.703+0800][info] GC(55) Concurrent Cleanup for Next Mark
[2024-10-11T04:32:10.703+0800][info] GC(55) Concurrent Cleanup for Next Mark 0.402ms
[2024-10-11T04:32:10.703+0800][info] GC(55) Concurrent Mark Cycle 9.906ms
[2024-10-11T04:32:10.848+0800][info] GC(56) Pause Young (Prepare Mixed) (G1 Evacuation Pause)
[2024-10-11T04:32:10.848+0800][info] GC(56) Using 3 workers of 48 for evacuation
[2024-10-11T04:32:10.849+0800][info] GC(56)   Pre Evacuate Collection Set: 0.1ms
[2024-10-11T04:32:10.849+0800][info] GC(56)   Merge Heap Roots: 0.1ms
[2024-10-11T04:32:10.849+0800][info] GC(56)   Evacuate Collection Set: 0.8ms
[2024-10-11T04:32:10.849+0800][info] GC(56)   Post Evacuate Collection Set: 0.2ms
[2024-10-11T04:32:10.849+0800][info] GC(56)   Other: 0.2ms
[2024-10-11T04:32:10.849+0800][info] GC(56) Eden regions: 2->0(2)
[2024-10-11T04:32:10.849+0800][info] GC(56) Survivor regions: 1->1(1)
[2024-10-11T04:32:10.849+0800][info] GC(56) Old regions: 48->50
[2024-10-11T04:32:10.849+0800][info] GC(56) Archive regions: 2->2
[2024-10-11T04:32:10.849+0800][info] GC(56) Humongous regions: 3->3
[2024-10-11T04:32:10.849+0800][info] GC(56) Metaspace: 1612K(1728K)->1612K(1728K) NonClass: 1476K(1536K)->1476K(1536K) Class: 135K(192K)->135K(192K)
[2024-10-11T04:32:10.849+0800][info] GC(56) Pause Young (Prepare Mixed) (G1 Evacuation Pause) 108M->109M(128M) 1.453ms
[2024-10-11T04:32:10.849+0800][info] GC(56) User=0.00s Sys=0.00s Real=0.00s
[2024-10-11T04:32:10.951+0800][info] GC(57) Pause Young (Mixed) (G1 Preventive Collection)
[2024-10-11T04:32:10.951+0800][info] GC(57) Using 3 workers of 48 for evacuation
[2024-10-11T04:32:10.953+0800][info] GC(57)   Pre Evacuate Collection Set: 0.2ms
[2024-10-11T04:32:10.953+0800][info] GC(57)   Merge Heap Roots: 0.1ms
[2024-10-11T04:32:10.953+0800][info] GC(57)   Evacuate Collection Set: 1.4ms
[2024-10-11T04:32:10.953+0800][info] GC(57)   Post Evacuate Collection Set: 0.2ms
[2024-10-11T04:32:10.953+0800][info] GC(57)   Other: 0.2ms
[2024-10-11T04:32:10.953+0800][info] GC(57) Eden regions: 2->0(2)
[2024-10-11T04:32:10.953+0800][info] GC(57) Survivor regions: 1->1(1)
[2024-10-11T04:32:10.953+0800][info] GC(57) Old regions: 50->48
[2024-10-11T04:32:10.953+0800][info] GC(57) Archive regions: 2->2
[2024-10-11T04:32:10.953+0800][info] GC(57) Humongous regions: 3->3
[2024-10-11T04:32:10.953+0800][info] GC(57) Metaspace: 1612K(1728K)->1612K(1728K) NonClass: 1476K(1536K)->1476K(1536K) Class: 135K(192K)->135K(192K)
[2024-10-11T04:32:10.953+0800][info] GC(57) Pause Young (Mixed) (G1 Preventive Collection) 112M->104M(128M) 2.139ms
[2024-10-11T04:32:10.953+0800][info] GC(57) User=0.00s Sys=0.00s Real=0.01s
[2024-10-11T04:32:11.056+0800][info] GC(58) Pause Young (Mixed) (G1 Evacuation Pause)
[2024-10-11T04:32:11.056+0800][info] GC(58) Using 3 workers of 48 for evacuation
[2024-10-11T04:32:11.058+0800][info] GC(58)   Pre Evacuate Collection Set: 0.2ms
[2024-10-11T04:32:11.058+0800][info] GC(58)   Merge Heap Roots: 0.1ms
[2024-10-11T04:32:11.058+0800][info] GC(58)   Evacuate Collection Set: 1.8ms
[2024-10-11T04:32:11.058+0800][info] GC(58)   Post Evacuate Collection Set: 0.2ms
[2024-10-11T04:32:11.058+0800][info] GC(58)   Other: 0.1ms
[2024-10-11T04:32:11.058+0800][info] GC(58) Eden regions: 2->0(2)
[2024-10-11T04:32:11.058+0800][info] GC(58) Survivor regions: 1->1(1)
[2024-10-11T04:32:11.058+0800][info] GC(58) Old regions: 48->46
[2024-10-11T04:32:11.058+0800][info] GC(58) Archive regions: 2->2
[2024-10-11T04:32:11.059+0800][info] GC(58) Humongous regions: 3->3
[2024-10-11T04:32:11.059+0800][info] GC(58) Metaspace: 1612K(1728K)->1612K(1728K) NonClass: 1476K(1536K)->1476K(1536K) Class: 135K(192K)->135K(192K)
[2024-10-11T04:32:11.059+0800][info] GC(58) Pause Young (Mixed) (G1 Evacuation Pause) 107M->101M(128M) 2.459ms
[2024-10-11T04:32:11.059+0800][info] GC(58) User=0.01s Sys=0.00s Real=0.00s
[2024-10-11T04:32:11.161+0800][info] GC(59) Pause Young (Mixed) (G1 Evacuation Pause)
[2024-10-11T04:32:11.161+0800][info] GC(59) Using 3 workers of 48 for evacuation
[2024-10-11T04:32:11.163+0800][info] GC(59)   Pre Evacuate Collection Set: 0.2ms
[2024-10-11T04:32:11.163+0800][info] GC(59)   Merge Heap Roots: 0.1ms
[2024-10-11T04:32:11.163+0800][info] GC(59)   Evacuate Collection Set: 2.0ms
[2024-10-11T04:32:11.163+0800][info] GC(59)   Post Evacuate Collection Set: 0.2ms
[2024-10-11T04:32:11.163+0800][info] GC(59)   Other: 0.1ms
[2024-10-11T04:32:11.163+0800][info] GC(59) Eden regions: 2->0(2)
[2024-10-11T04:32:11.163+0800][info] GC(59) Survivor regions: 1->1(1)
[2024-10-11T04:32:11.163+0800][info] GC(59) Old regions: 46->45
[2024-10-11T04:32:11.163+0800][info] GC(59) Archive regions: 2->2
[2024-10-11T04:32:11.163+0800][info] GC(59) Humongous regions: 3->3
[2024-10-11T04:32:11.163+0800][info] GC(59) Metaspace: 1612K(1728K)->1612K(1728K) NonClass: 1476K(1536K)->1476K(1536K) Class: 135K(192K)->135K(192K)
[2024-10-11T04:32:11.163+0800][info] GC(59) Pause Young (Mixed) (G1 Evacuation Pause) 104M->98M(128M) 2.695ms
[2024-10-11T04:32:11.163+0800][info] GC(59) User=0.01s Sys=0.00s Real=0.00s
[2024-10-11T04:32:11.266+0800][info] GC(60) Pause Young (Mixed) (G1 Evacuation Pause)
[2024-10-11T04:32:11.266+0800][info] GC(60) Using 3 workers of 48 for evacuation
[2024-10-11T04:32:11.268+0800][info] GC(60)   Pre Evacuate Collection Set: 0.2ms
[2024-10-11T04:32:11.268+0800][info] GC(60)   Merge Heap Roots: 0.1ms
[2024-10-11T04:32:11.268+0800][info] GC(60)   Evacuate Collection Set: 1.7ms
[2024-10-11T04:32:11.268+0800][info] GC(60)   Post Evacuate Collection Set: 0.2ms
[2024-10-11T04:32:11.268+0800][info] GC(60)   Other: 0.1ms
[2024-10-11T04:32:11.268+0800][info] GC(60) Eden regions: 2->0(2)
[2024-10-11T04:32:11.268+0800][info] GC(60) Survivor regions: 1->1(1)
[2024-10-11T04:32:11.268+0800][info] GC(60) Old regions: 45->45
[2024-10-11T04:32:11.268+0800][info] GC(60) Archive regions: 2->2
[2024-10-11T04:32:11.268+0800][info] GC(60) Humongous regions: 3->3
[2024-10-11T04:32:11.268+0800][info] GC(60) Metaspace: 1612K(1728K)->1612K(1728K) NonClass: 1476K(1536K)->1476K(1536K) Class: 135K(192K)->135K(192K)
[2024-10-11T04:32:11.269+0800][info] GC(60) Pause Young (Mixed) (G1 Evacuation Pause) 102M->99M(128M) 2.340ms
[2024-10-11T04:32:11.269+0800][info] GC(60) User=0.00s Sys=0.00s Real=0.00s
[2024-10-11T04:32:11.371+0800][info] GC(61) Pause Young (Normal) (G1 Evacuation Pause)
[2024-10-11T04:32:11.371+0800][info] GC(61) Using 3 workers of 48 for evacuation
[2024-10-11T04:32:11.372+0800][info] GC(61)   Pre Evacuate Collection Set: 0.1ms
[2024-10-11T04:32:11.372+0800][info] GC(61)   Merge Heap Roots: 0.0ms
[2024-10-11T04:32:11.372+0800][info] GC(61)   Evacuate Collection Set: 0.8ms
[2024-10-11T04:32:11.372+0800][info] GC(61)   Post Evacuate Collection Set: 0.2ms
[2024-10-11T04:32:11.372+0800][info] GC(61)   Other: 0.2ms
[2024-10-11T04:32:11.372+0800][info] GC(61) Eden regions: 2->0(2)
[2024-10-11T04:32:11.372+0800][info] GC(61) Survivor regions: 1->1(1)
[2024-10-11T04:32:11.372+0800][info] GC(61) Old regions: 45->47
[2024-10-11T04:32:11.372+0800][info] GC(61) Archive regions: 2->2
[2024-10-11T04:32:11.372+0800][info] GC(61) Humongous regions: 3->3
[2024-10-11T04:32:11.372+0800][info] GC(61) Metaspace: 1612K(1728K)->1612K(1728K) NonClass: 1476K(1536K)->1476K(1536K) Class: 135K(192K)->135K(192K)
[2024-10-11T04:32:11.372+0800][info] GC(61) Pause Young (Normal) (G1 Evacuation Pause) 103M->103M(128M) 1.494ms
[2024-10-11T04:32:11.372+0800][info] GC(61) User=0.00s Sys=0.00s Real=0.00s
[2024-10-11T04:32:11.475+0800][info] GC(62) Pause Young (Normal) (G1 Evacuation Pause)
[2024-10-11T04:32:11.475+0800][info] GC(62) Using 3 workers of 48 for evacuation
[2024-10-11T04:32:11.476+0800][info] GC(62)   Pre Evacuate Collection Set: 0.1ms
[2024-10-11T04:32:11.476+0800][info] GC(62)   Merge Heap Roots: 0.0ms
[2024-10-11T04:32:11.476+0800][info] GC(62)   Evacuate Collection Set: 0.8ms
[2024-10-11T04:32:11.476+0800][info] GC(62)   Post Evacuate Collection Set: 0.2ms
[2024-10-11T04:32:11.476+0800][info] GC(62)   Other: 0.2ms
[2024-10-11T04:32:11.476+0800][info] GC(62) Eden regions: 2->0(2)
[2024-10-11T04:32:11.476+0800][info] GC(62) Survivor regions: 1->1(1)
[2024-10-11T04:32:11.476+0800][info] GC(62) Old regions: 47->49
[2024-10-11T04:32:11.476+0800][info] GC(62) Archive regions: 2->2
[2024-10-11T04:32:11.476+0800][info] GC(62) Humongous regions: 3->3
[2024-10-11T04:32:11.476+0800][info] GC(62) Metaspace: 1612K(1728K)->1612K(1728K) NonClass: 1476K(1536K)->1476K(1536K) Class: 135K(192K)->135K(192K)
[2024-10-11T04:32:11.476+0800][info] GC(62) Pause Young (Normal) (G1 Evacuation Pause) 107M->107M(128M) 1.404ms
[2024-10-11T04:32:11.476+0800][info] GC(62) User=0.00s Sys=0.00s Real=0.00s
[2024-10-11T04:32:11.578+0800][info] GC(63) Pause Young (Concurrent Start) (G1 Evacuation Pause)
[2024-10-11T04:32:11.578+0800][info] GC(63) Using 3 workers of 48 for evacuation
[2024-10-11T04:32:11.580+0800][info] GC(63)   Pre Evacuate Collection Set: 0.1ms
[2024-10-11T04:32:11.580+0800][info] GC(63)   Merge Heap Roots: 0.0ms
[2024-10-11T04:32:11.580+0800][info] GC(63)   Evacuate Collection Set: 0.7ms
[2024-10-11T04:32:11.580+0800][info] GC(63)   Post Evacuate Collection Set: 0.2ms
[2024-10-11T04:32:11.580+0800][info] GC(63)   Other: 0.3ms
[2024-10-11T04:32:11.580+0800][info] GC(63) Eden regions: 2->0(2)
[2024-10-11T04:32:11.580+0800][info] GC(63) Survivor regions: 1->1(1)
[2024-10-11T04:32:11.580+0800][info] GC(63) Old regions: 49->51
[2024-10-11T04:32:11.580+0800][info] GC(63) Archive regions: 2->2
[2024-10-11T04:32:11.580+0800][info] GC(63) Humongous regions: 3->3
[2024-10-11T04:32:11.580+0800][info] GC(63) Metaspace: 1612K(1728K)->1612K(1728K) NonClass: 1476K(1536K)->1476K(1536K) Class: 135K(192K)->135K(192K)
[2024-10-11T04:32:11.580+0800][info] GC(63) Pause Young (Concurrent Start) (G1 Evacuation Pause) 111M->111M(128M) 1.534ms
[2024-10-11T04:32:11.580+0800][info] GC(63) User=0.00s Sys=0.00s Real=0.00s
[2024-10-11T04:32:11.580+0800][info] GC(64) Concurrent Mark Cycle
[2024-10-11T04:32:11.580+0800][info] GC(64) Concurrent Clear Claimed Marks
[2024-10-11T04:32:11.580+0800][info] GC(64) Concurrent Clear Claimed Marks 0.018ms
[2024-10-11T04:32:11.580+0800][info] GC(64) Concurrent Scan Root Regions
[2024-10-11T04:32:11.580+0800][info] GC(64) Concurrent Scan Root Regions 0.111ms
[2024-10-11T04:32:11.580+0800][info] GC(64) Concurrent Mark
[2024-10-11T04:32:11.580+0800][info] GC(64) Concurrent Mark From Roots
[2024-10-11T04:32:11.580+0800][info] GC(64) Using 12 workers of 12 for marking
[2024-10-11T04:32:11.584+0800][info] GC(64) Concurrent Mark From Roots 3.847ms
[2024-10-11T04:32:11.584+0800][info] GC(64) Concurrent Preclean
[2024-10-11T04:32:11.586+0800][info] GC(64) Concurrent Preclean 1.714ms
[2024-10-11T04:32:11.586+0800][info] GC(64) Pause Remark
[2024-10-11T04:32:11.587+0800][info] GC(64) Pause Remark 111M->109M(128M) 1.255ms
[2024-10-11T04:32:11.587+0800][info] GC(64) User=0.00s Sys=0.00s Real=0.00s
[2024-10-11T04:32:11.587+0800][info] GC(64) Concurrent Mark 7.073ms
[2024-10-11T04:32:11.587+0800][info] GC(64) Concurrent Rebuild Remembered Sets
[2024-10-11T04:32:11.589+0800][info] GC(64) Concurrent Rebuild Remembered Sets 1.658ms
[2024-10-11T04:32:11.589+0800][info] GC(64) Pause Cleanup
[2024-10-11T04:32:11.589+0800][info] GC(64) Pause Cleanup 109M->109M(128M) 0.194ms
[2024-10-11T04:32:11.589+0800][info] GC(64) User=0.00s Sys=0.00s Real=0.00s
[2024-10-11T04:32:11.589+0800][info] GC(64) Concurrent Cleanup for Next Mark
[2024-10-11T04:32:11.590+0800][info] GC(64) Concurrent Cleanup for Next Mark 0.485ms
[2024-10-11T04:32:11.590+0800][info] GC(64) Concurrent Mark Cycle 9.877ms
[2024-10-11T04:32:11.734+0800][info] GC(65) Pause Young (Prepare Mixed) (G1 Evacuation Pause)
[2024-10-11T04:32:11.734+0800][info] GC(65) Using 3 workers of 48 for evacuation
[2024-10-11T04:32:11.736+0800][info] GC(65)   Pre Evacuate Collection Set: 0.1ms
[2024-10-11T04:32:11.736+0800][info] GC(65)   Merge Heap Roots: 0.0ms
[2024-10-11T04:32:11.736+0800][info] GC(65)   Evacuate Collection Set: 0.9ms
[2024-10-11T04:32:11.736+0800][info] GC(65)   Post Evacuate Collection Set: 0.2ms
[2024-10-11T04:32:11.736+0800][info] GC(65)   Other: 0.2ms
[2024-10-11T04:32:11.736+0800][info] GC(65) Eden regions: 2->0(2)
[2024-10-11T04:32:11.736+0800][info] GC(65) Survivor regions: 1->1(1)
[2024-10-11T04:32:11.736+0800][info] GC(65) Old regions: 50->52
[2024-10-11T04:32:11.736+0800][info] GC(65) Archive regions: 2->2
[2024-10-11T04:32:11.736+0800][info] GC(65) Humongous regions: 3->3
[2024-10-11T04:32:11.736+0800][info] GC(65) Metaspace: 1612K(1728K)->1612K(1728K) NonClass: 1476K(1536K)->1476K(1536K) Class: 135K(192K)->135K(192K)
[2024-10-11T04:32:11.736+0800][info] GC(65) Pause Young (Prepare Mixed) (G1 Evacuation Pause) 113M->113M(128M) 1.624ms
[2024-10-11T04:32:11.736+0800][info] GC(65) User=0.00s Sys=0.00s Real=0.00s
[2024-10-11T04:32:11.797+0800][info] GC(66) Pause Young (Mixed) (G1 Preventive Collection)
[2024-10-11T04:32:11.797+0800][info] GC(66) Using 3 workers of 48 for evacuation
[2024-10-11T04:32:11.799+0800][info] GC(66)   Pre Evacuate Collection Set: 0.2ms
[2024-10-11T04:32:11.799+0800][info] GC(66)   Merge Heap Roots: 0.1ms
[2024-10-11T04:32:11.799+0800][info] GC(66)   Evacuate Collection Set: 1.2ms
[2024-10-11T04:32:11.799+0800][info] GC(66)   Post Evacuate Collection Set: 0.2ms
[2024-10-11T04:32:11.799+0800][info] GC(66)   Other: 0.2ms
[2024-10-11T04:32:11.799+0800][info] GC(66) Eden regions: 1->0(2)
[2024-10-11T04:32:11.799+0800][info] GC(66) Survivor regions: 1->1(1)
[2024-10-11T04:32:11.799+0800][info] GC(66) Old regions: 52->49
[2024-10-11T04:32:11.799+0800][info] GC(66) Archive regions: 2->2
[2024-10-11T04:32:11.799+0800][info] GC(66) Humongous regions: 3->3
[2024-10-11T04:32:11.799+0800][info] GC(66) Metaspace: 1612K(1728K)->1612K(1728K) NonClass: 1476K(1536K)->1476K(1536K) Class: 135K(192K)->135K(192K)
[2024-10-11T04:32:11.799+0800][info] GC(66) Pause Young (Mixed) (G1 Preventive Collection) 115M->107M(128M) 1.923ms
[2024-10-11T04:32:11.799+0800][info] GC(66) User=0.01s Sys=0.00s Real=0.00s
[2024-10-11T04:32:11.901+0800][info] GC(67) Pause Young (Mixed) (G1 Preventive Collection)
[2024-10-11T04:32:11.902+0800][info] GC(67) Using 3 workers of 48 for evacuation
[2024-10-11T04:32:11.904+0800][info] GC(67)   Pre Evacuate Collection Set: 0.2ms
[2024-10-11T04:32:11.904+0800][info] GC(67)   Merge Heap Roots: 0.0ms
[2024-10-11T04:32:11.904+0800][info] GC(67)   Evacuate Collection Set: 1.7ms
[2024-10-11T04:32:11.904+0800][info] GC(67)   Post Evacuate Collection Set: 0.2ms
[2024-10-11T04:32:11.904+0800][info] GC(67)   Other: 0.1ms
[2024-10-11T04:32:11.904+0800][info] GC(67) Eden regions: 2->0(2)
[2024-10-11T04:32:11.904+0800][info] GC(67) Survivor regions: 1->1(1)
[2024-10-11T04:32:11.904+0800][info] GC(67) Old regions: 49->48
[2024-10-11T04:32:11.904+0800][info] GC(67) Archive regions: 2->2
[2024-10-11T04:32:11.904+0800][info] GC(67) Humongous regions: 3->3
[2024-10-11T04:32:11.904+0800][info] GC(67) Metaspace: 1612K(1728K)->1612K(1728K) NonClass: 1476K(1536K)->1476K(1536K) Class: 135K(192K)->135K(192K)
[2024-10-11T04:32:11.904+0800][info] GC(67) Pause Young (Mixed) (G1 Preventive Collection) 110M->105M(128M) 2.354ms
[2024-10-11T04:32:11.904+0800][info] GC(67) User=0.00s Sys=0.00s Real=0.00s
[2024-10-11T04:32:12.007+0800][info] GC(68) Pause Young (Mixed) (G1 Evacuation Pause)
[2024-10-11T04:32:12.007+0800][info] GC(68) Using 3 workers of 48 for evacuation
[2024-10-11T04:32:12.009+0800][info] GC(68)   Pre Evacuate Collection Set: 0.2ms
[2024-10-11T04:32:12.009+0800][info] GC(68)   Merge Heap Roots: 0.1ms
[2024-10-11T04:32:12.009+0800][info] GC(68)   Evacuate Collection Set: 1.8ms
[2024-10-11T04:32:12.009+0800][info] GC(68)   Post Evacuate Collection Set: 0.2ms
[2024-10-11T04:32:12.009+0800][info] GC(68)   Other: 0.2ms
[2024-10-11T04:32:12.009+0800][info] GC(68) Eden regions: 2->0(2)
[2024-10-11T04:32:12.009+0800][info] GC(68) Survivor regions: 1->1(1)
[2024-10-11T04:32:12.009+0800][info] GC(68) Old regions: 48->47
[2024-10-11T04:32:12.009+0800][info] GC(68) Archive regions: 2->2
[2024-10-11T04:32:12.009+0800][info] GC(68) Humongous regions: 3->3
[2024-10-11T04:32:12.009+0800][info] GC(68) Metaspace: 1612K(1728K)->1612K(1728K) NonClass: 1476K(1536K)->1476K(1536K) Class: 135K(192K)->135K(192K)
[2024-10-11T04:32:12.009+0800][info] GC(68) Pause Young (Mixed) (G1 Evacuation Pause) 108M->102M(128M) 2.482ms
[2024-10-11T04:32:12.009+0800][info] GC(68) User=0.01s Sys=0.00s Real=0.00s
[2024-10-11T04:32:12.111+0800][info] GC(69) Pause Young (Mixed) (G1 Evacuation Pause)
[2024-10-11T04:32:12.111+0800][info] GC(69) Using 3 workers of 48 for evacuation
[2024-10-11T04:32:12.114+0800][info] GC(69)   Pre Evacuate Collection Set: 0.2ms
[2024-10-11T04:32:12.114+0800][info] GC(69)   Merge Heap Roots: 0.1ms
[2024-10-11T04:32:12.114+0800][info] GC(69)   Evacuate Collection Set: 2.1ms
[2024-10-11T04:32:12.114+0800][info] GC(69)   Post Evacuate Collection Set: 0.2ms
[2024-10-11T04:32:12.114+0800][info] GC(69)   Other: 0.1ms
[2024-10-11T04:32:12.114+0800][info] GC(69) Eden regions: 2->0(2)
[2024-10-11T04:32:12.114+0800][info] GC(69) Survivor regions: 1->1(1)
[2024-10-11T04:32:12.114+0800][info] GC(69) Old regions: 47->46
[2024-10-11T04:32:12.114+0800][info] GC(69) Archive regions: 2->2
[2024-10-11T04:32:12.114+0800][info] GC(69) Humongous regions: 3->3
[2024-10-11T04:32:12.114+0800][info] GC(69) Metaspace: 1612K(1728K)->1612K(1728K) NonClass: 1476K(1536K)->1476K(1536K) Class: 135K(192K)->135K(192K)
[2024-10-11T04:32:12.114+0800][info] GC(69) Pause Young (Mixed) (G1 Evacuation Pause) 105M->101M(128M) 2.788ms
[2024-10-11T04:32:12.114+0800][info] GC(69) User=0.01s Sys=0.00s Real=0.01s
[2024-10-11T04:32:12.217+0800][info] GC(70) Pause Young (Mixed) (G1 Evacuation Pause)
[2024-10-11T04:32:12.217+0800][info] GC(70) Using 3 workers of 48 for evacuation
[2024-10-11T04:32:12.220+0800][info] GC(70)   Pre Evacuate Collection Set: 0.2ms
[2024-10-11T04:32:12.220+0800][info] GC(70)   Merge Heap Roots: 0.1ms
[2024-10-11T04:32:12.220+0800][info] GC(70)   Evacuate Collection Set: 1.6ms
[2024-10-11T04:32:12.220+0800][info] GC(70)   Post Evacuate Collection Set: 0.2ms
[2024-10-11T04:32:12.220+0800][info] GC(70)   Other: 0.1ms
[2024-10-11T04:32:12.220+0800][info] GC(70) Eden regions: 2->0(2)
[2024-10-11T04:32:12.220+0800][info] GC(70) Survivor regions: 1->1(1)
[2024-10-11T04:32:12.220+0800][info] GC(70) Old regions: 46->46
[2024-10-11T04:32:12.220+0800][info] GC(70) Archive regions: 2->2
[2024-10-11T04:32:12.220+0800][info] GC(70) Humongous regions: 4->3
[2024-10-11T04:32:12.220+0800][info] GC(70) Metaspace: 1612K(1728K)->1612K(1728K) NonClass: 1476K(1536K)->1476K(1536K) Class: 135K(192K)->135K(192K)
[2024-10-11T04:32:12.220+0800][info] GC(70) Pause Young (Mixed) (G1 Evacuation Pause) 107M->101M(128M) 2.270ms
[2024-10-11T04:32:12.220+0800][info] GC(70) User=0.01s Sys=0.00s Real=0.00s
[2024-10-11T04:32:12.322+0800][info] GC(71) Pause Young (Normal) (G1 Evacuation Pause)
[2024-10-11T04:32:12.322+0800][info] GC(71) Using 3 workers of 48 for evacuation
[2024-10-11T04:32:12.323+0800][info] GC(71)   Pre Evacuate Collection Set: 0.1ms
[2024-10-11T04:32:12.323+0800][info] GC(71)   Merge Heap Roots: 0.1ms
[2024-10-11T04:32:12.323+0800][info] GC(71)   Evacuate Collection Set: 0.6ms
[2024-10-11T04:32:12.323+0800][info] GC(71)   Post Evacuate Collection Set: 0.2ms
[2024-10-11T04:32:12.323+0800][info] GC(71)   Other: 0.2ms
[2024-10-11T04:32:12.323+0800][info] GC(71) Eden regions: 2->0(2)
[2024-10-11T04:32:12.323+0800][info] GC(71) Survivor regions: 1->1(1)
[2024-10-11T04:32:12.323+0800][info] GC(71) Old regions: 46->48
[2024-10-11T04:32:12.323+0800][info] GC(71) Archive regions: 2->2
[2024-10-11T04:32:12.323+0800][info] GC(71) Humongous regions: 3->3
[2024-10-11T04:32:12.323+0800][info] GC(71) Metaspace: 1612K(1728K)->1612K(1728K) NonClass: 1476K(1536K)->1476K(1536K) Class: 135K(192K)->135K(192K)
[2024-10-11T04:32:12.323+0800][info] GC(71) Pause Young (Normal) (G1 Evacuation Pause) 105M->105M(128M) 1.254ms
[2024-10-11T04:32:12.323+0800][info] GC(71) User=0.00s Sys=0.00s Real=0.00s
[2024-10-11T04:32:12.426+0800][info] GC(72) Pause Young (Normal) (G1 Evacuation Pause)
[2024-10-11T04:32:12.426+0800][info] GC(72) Using 3 workers of 48 for evacuation
[2024-10-11T04:32:12.427+0800][info] GC(72)   Pre Evacuate Collection Set: 0.1ms
[2024-10-11T04:32:12.427+0800][info] GC(72)   Merge Heap Roots: 0.0ms
[2024-10-11T04:32:12.427+0800][info] GC(72)   Evacuate Collection Set: 0.6ms
[2024-10-11T04:32:12.427+0800][info] GC(72)   Post Evacuate Collection Set: 0.2ms
[2024-10-11T04:32:12.427+0800][info] GC(72)   Other: 0.2ms
[2024-10-11T04:32:12.427+0800][info] GC(72) Eden regions: 2->0(2)
[2024-10-11T04:32:12.427+0800][info] GC(72) Survivor regions: 1->1(1)
[2024-10-11T04:32:12.427+0800][info] GC(72) Old regions: 48->50
[2024-10-11T04:32:12.427+0800][info] GC(72) Archive regions: 2->2
[2024-10-11T04:32:12.427+0800][info] GC(72) Humongous regions: 3->3
[2024-10-11T04:32:12.427+0800][info] GC(72) Metaspace: 1612K(1728K)->1612K(1728K) NonClass: 1476K(1536K)->1476K(1536K) Class: 135K(192K)->135K(192K)
[2024-10-11T04:32:12.427+0800][info] GC(72) Pause Young (Normal) (G1 Evacuation Pause) 109M->109M(128M) 1.251ms
[2024-10-11T04:32:12.427+0800][info] GC(72) User=0.00s Sys=0.00s Real=0.00s
[2024-10-11T04:32:12.529+0800][info] GC(73) Pause Young (Concurrent Start) (G1 Evacuation Pause)
[2024-10-11T04:32:12.529+0800][info] GC(73) Using 3 workers of 48 for evacuation
[2024-10-11T04:32:12.530+0800][info] GC(73)   Pre Evacuate Collection Set: 0.1ms
[2024-10-11T04:32:12.530+0800][info] GC(73)   Merge Heap Roots: 0.0ms
[2024-10-11T04:32:12.530+0800][info] GC(73)   Evacuate Collection Set: 0.7ms
[2024-10-11T04:32:12.530+0800][info] GC(73)   Post Evacuate Collection Set: 0.2ms
[2024-10-11T04:32:12.530+0800][info] GC(73)   Other: 0.3ms
[2024-10-11T04:32:12.530+0800][info] GC(73) Eden regions: 2->0(2)
[2024-10-11T04:32:12.530+0800][info] GC(73) Survivor regions: 1->1(1)
[2024-10-11T04:32:12.530+0800][info] GC(73) Old regions: 50->52
[2024-10-11T04:32:12.531+0800][info] GC(73) Archive regions: 2->2
[2024-10-11T04:32:12.531+0800][info] GC(73) Humongous regions: 3->3
[2024-10-11T04:32:12.531+0800][info] GC(73) Metaspace: 1612K(1728K)->1612K(1728K) NonClass: 1476K(1536K)->1476K(1536K) Class: 135K(192K)->135K(192K)
[2024-10-11T04:32:12.531+0800][info] GC(73) Pause Young (Concurrent Start) (G1 Evacuation Pause) 112M->112M(128M) 1.548ms
[2024-10-11T04:32:12.531+0800][info] GC(73) User=0.01s Sys=0.00s Real=0.00s
[2024-10-11T04:32:12.531+0800][info] GC(74) Concurrent Mark Cycle
[2024-10-11T04:32:12.531+0800][info] GC(74) Concurrent Clear Claimed Marks
[2024-10-11T04:32:12.531+0800][info] GC(74) Concurrent Clear Claimed Marks 0.018ms
[2024-10-11T04:32:12.531+0800][info] GC(74) Concurrent Scan Root Regions
[2024-10-11T04:32:12.531+0800][info] GC(74) Concurrent Scan Root Regions 0.105ms
[2024-10-11T04:32:12.531+0800][info] GC(74) Concurrent Mark
[2024-10-11T04:32:12.531+0800][info] GC(74) Concurrent Mark From Roots
[2024-10-11T04:32:12.531+0800][info] GC(74) Using 12 workers of 12 for marking
[2024-10-11T04:32:12.535+0800][info] GC(74) Concurrent Mark From Roots 4.225ms
[2024-10-11T04:32:12.535+0800][info] GC(74) Concurrent Preclean
[2024-10-11T04:32:12.537+0800][info] GC(74) Concurrent Preclean 1.672ms
[2024-10-11T04:32:12.537+0800][info] GC(74) Pause Remark
[2024-10-11T04:32:12.538+0800][info] GC(74) Pause Remark 113M->113M(128M) 1.280ms
[2024-10-11T04:32:12.538+0800][info] GC(74) User=0.01s Sys=0.00s Real=0.00s
[2024-10-11T04:32:12.538+0800][info] GC(74) Concurrent Mark 7.433ms
[2024-10-11T04:32:12.538+0800][info] GC(74) Concurrent Rebuild Remembered Sets
[2024-10-11T04:32:12.540+0800][info] GC(74) Concurrent Rebuild Remembered Sets 1.412ms
[2024-10-11T04:32:12.540+0800][info] GC(74) Pause Cleanup
[2024-10-11T04:32:12.540+0800][info] GC(74) Pause Cleanup 113M->113M(128M) 0.201ms
[2024-10-11T04:32:12.540+0800][info] GC(74) User=0.00s Sys=0.00s Real=0.00s
[2024-10-11T04:32:12.540+0800][info] GC(74) Concurrent Cleanup for Next Mark
[2024-10-11T04:32:12.541+0800][info] GC(74) Concurrent Cleanup for Next Mark 0.365ms
[2024-10-11T04:32:12.541+0800][info] GC(74) Concurrent Mark Cycle 9.875ms
[2024-10-11T04:32:12.685+0800][info] GC(75) Pause Young (Prepare Mixed) (G1 Preventive Collection)
[2024-10-11T04:32:12.685+0800][info] GC(75) Using 3 workers of 48 for evacuation
[2024-10-11T04:32:12.686+0800][info] GC(75)   Pre Evacuate Collection Set: 0.1ms
[2024-10-11T04:32:12.686+0800][info] GC(75)   Merge Heap Roots: 0.0ms
[2024-10-11T04:32:12.686+0800][info] GC(75)   Evacuate Collection Set: 0.7ms
[2024-10-11T04:32:12.686+0800][info] GC(75)   Post Evacuate Collection Set: 0.2ms
[2024-10-11T04:32:12.686+0800][info] GC(75)   Other: 0.2ms
[2024-10-11T04:32:12.686+0800][info] GC(75) Eden regions: 2->0(2)
[2024-10-11T04:32:12.686+0800][info] GC(75) Survivor regions: 1->1(1)
[2024-10-11T04:32:12.686+0800][info] GC(75) Old regions: 52->53
[2024-10-11T04:32:12.686+0800][info] GC(75) Archive regions: 2->2
[2024-10-11T04:32:12.686+0800][info] GC(75) Humongous regions: 3->3
[2024-10-11T04:32:12.686+0800][info] GC(75) Metaspace: 1614K(1728K)->1614K(1728K) NonClass: 1478K(1536K)->1478K(1536K) Class: 135K(192K)->135K(192K)
[2024-10-11T04:32:12.686+0800][info] GC(75) Pause Young (Prepare Mixed) (G1 Preventive Collection) 116M->115M(128M) 1.312ms
[2024-10-11T04:32:12.686+0800][info] GC(75) User=0.00s Sys=0.00s Real=0.00s
[2024-10-11T04:32:12.748+0800][info] GC(76) Pause Young (Mixed) (G1 Preventive Collection)
[2024-10-11T04:32:12.748+0800][info] GC(76) Using 3 workers of 48 for evacuation
[2024-10-11T04:32:12.749+0800][info] GC(76)   Pre Evacuate Collection Set: 0.2ms
[2024-10-11T04:32:12.749+0800][info] GC(76)   Merge Heap Roots: 0.1ms
[2024-10-11T04:32:12.749+0800][info] GC(76)   Evacuate Collection Set: 1.1ms
[2024-10-11T04:32:12.749+0800][info] GC(76)   Post Evacuate Collection Set: 0.2ms
[2024-10-11T04:32:12.749+0800][info] GC(76)   Other: 0.2ms
[2024-10-11T04:32:12.749+0800][info] GC(76) Eden regions: 1->0(2)
[2024-10-11T04:32:12.750+0800][info] GC(76) Survivor regions: 1->1(1)
[2024-10-11T04:32:12.750+0800][info] GC(76) Old regions: 53->49
[2024-10-11T04:32:12.750+0800][info] GC(76) Archive regions: 2->2
[2024-10-11T04:32:12.750+0800][info] GC(76) Humongous regions: 3->3
[2024-10-11T04:32:12.750+0800][info] GC(76) Metaspace: 1614K(1728K)->1614K(1728K) NonClass: 1478K(1536K)->1478K(1536K) Class: 135K(192K)->135K(192K)
[2024-10-11T04:32:12.750+0800][info] GC(76) Pause Young (Mixed) (G1 Preventive Collection) 117M->106M(128M) 1.794ms
[2024-10-11T04:32:12.750+0800][info] GC(76) User=0.01s Sys=0.00s Real=0.00s
[2024-10-11T04:32:12.853+0800][info] GC(77) Pause Young (Mixed) (G1 Evacuation Pause)
[2024-10-11T04:32:12.853+0800][info] GC(77) Using 3 workers of 48 for evacuation
[2024-10-11T04:32:12.855+0800][info] GC(77)   Pre Evacuate Collection Set: 0.2ms
[2024-10-11T04:32:12.855+0800][info] GC(77)   Merge Heap Roots: 0.1ms
[2024-10-11T04:32:12.855+0800][info] GC(77)   Evacuate Collection Set: 1.7ms
[2024-10-11T04:32:12.855+0800][info] GC(77)   Post Evacuate Collection Set: 0.2ms
[2024-10-11T04:32:12.855+0800][info] GC(77)   Other: 0.1ms
[2024-10-11T04:32:12.855+0800][info] GC(77) Eden regions: 2->0(2)
[2024-10-11T04:32:12.855+0800][info] GC(77) Survivor regions: 1->1(1)
[2024-10-11T04:32:12.855+0800][info] GC(77) Old regions: 49->48
[2024-10-11T04:32:12.855+0800][info] GC(77) Archive regions: 2->2
[2024-10-11T04:32:12.855+0800][info] GC(77) Humongous regions: 3->3
[2024-10-11T04:32:12.855+0800][info] GC(77) Metaspace: 1614K(1728K)->1614K(1728K) NonClass: 1478K(1536K)->1478K(1536K) Class: 135K(192K)->135K(192K)
[2024-10-11T04:32:12.855+0800][info] GC(77) Pause Young (Mixed) (G1 Evacuation Pause) 110M->104M(128M) 2.449ms
[2024-10-11T04:32:12.855+0800][info] GC(77) User=0.01s Sys=0.00s Real=0.01s
[2024-10-11T04:32:12.957+0800][info] GC(78) Pause Young (Mixed) (G1 Evacuation Pause)
[2024-10-11T04:32:12.957+0800][info] GC(78) Using 3 workers of 48 for evacuation
[2024-10-11T04:32:12.959+0800][info] GC(78)   Pre Evacuate Collection Set: 0.2ms
[2024-10-11T04:32:12.959+0800][info] GC(78)   Merge Heap Roots: 0.1ms
[2024-10-11T04:32:12.959+0800][info] GC(78)   Evacuate Collection Set: 1.8ms
[2024-10-11T04:32:12.959+0800][info] GC(78)   Post Evacuate Collection Set: 0.2ms
[2024-10-11T04:32:12.960+0800][info] GC(78)   Other: 0.1ms
[2024-10-11T04:32:12.960+0800][info] GC(78) Eden regions: 2->0(2)
[2024-10-11T04:32:12.960+0800][info] GC(78) Survivor regions: 1->1(1)
[2024-10-11T04:32:12.960+0800][info] GC(78) Old regions: 48->47
[2024-10-11T04:32:12.960+0800][info] GC(78) Archive regions: 2->2
[2024-10-11T04:32:12.960+0800][info] GC(78) Humongous regions: 3->3
[2024-10-11T04:32:12.960+0800][info] GC(78) Metaspace: 1614K(1728K)->1614K(1728K) NonClass: 1478K(1536K)->1478K(1536K) Class: 135K(192K)->135K(192K)
[2024-10-11T04:32:12.960+0800][info] GC(78) Pause Young (Mixed) (G1 Evacuation Pause) 108M->102M(128M) 2.444ms
[2024-10-11T04:32:12.960+0800][info] GC(78) User=0.01s Sys=0.00s Real=0.00s
[2024-10-11T04:32:13.062+0800][info] GC(79) Pause Young (Mixed) (G1 Evacuation Pause)
[2024-10-11T04:32:13.062+0800][info] GC(79) Using 3 workers of 48 for evacuation
[2024-10-11T04:32:13.065+0800][info] GC(79)   Pre Evacuate Collection Set: 0.2ms
[2024-10-11T04:32:13.065+0800][info] GC(79)   Merge Heap Roots: 0.1ms
[2024-10-11T04:32:13.065+0800][info] GC(79)   Evacuate Collection Set: 1.7ms
[2024-10-11T04:32:13.065+0800][info] GC(79)   Post Evacuate Collection Set: 0.2ms
[2024-10-11T04:32:13.065+0800][info] GC(79)   Other: 0.1ms
[2024-10-11T04:32:13.065+0800][info] GC(79) Eden regions: 2->0(2)
[2024-10-11T04:32:13.065+0800][info] GC(79) Survivor regions: 1->1(1)
[2024-10-11T04:32:13.065+0800][info] GC(79) Old regions: 47->45
[2024-10-11T04:32:13.065+0800][info] GC(79) Archive regions: 2->2
[2024-10-11T04:32:13.065+0800][info] GC(79) Humongous regions: 3->3
[2024-10-11T04:32:13.065+0800][info] GC(79) Metaspace: 1617K(1728K)->1617K(1728K) NonClass: 1481K(1536K)->1481K(1536K) Class: 135K(192K)->135K(192K)
[2024-10-11T04:32:13.065+0800][info] GC(79) Pause Young (Mixed) (G1 Evacuation Pause) 105M->99M(128M) 2.398ms
[2024-10-11T04:32:13.065+0800][info] GC(79) User=0.00s Sys=0.00s Real=0.00s
[2024-10-11T04:32:13.167+0800][info] GC(80) Pause Young (Mixed) (G1 Evacuation Pause)
[2024-10-11T04:32:13.167+0800][info] GC(80) Using 3 workers of 48 for evacuation
[2024-10-11T04:32:13.169+0800][info] GC(80)   Pre Evacuate Collection Set: 0.2ms
[2024-10-11T04:32:13.169+0800][info] GC(80)   Merge Heap Roots: 0.1ms
[2024-10-11T04:32:13.169+0800][info] GC(80)   Evacuate Collection Set: 1.4ms
[2024-10-11T04:32:13.169+0800][info] GC(80)   Post Evacuate Collection Set: 0.2ms
[2024-10-11T04:32:13.169+0800][info] GC(80)   Other: 0.1ms
[2024-10-11T04:32:13.169+0800][info] GC(80) Eden regions: 2->0(2)
[2024-10-11T04:32:13.169+0800][info] GC(80) Survivor regions: 1->1(1)
[2024-10-11T04:32:13.169+0800][info] GC(80) Old regions: 45->46
[2024-10-11T04:32:13.169+0800][info] GC(80) Archive regions: 2->2
[2024-10-11T04:32:13.169+0800][info] GC(80) Humongous regions: 3->3
[2024-10-11T04:32:13.169+0800][info] GC(80) Metaspace: 1617K(1728K)->1617K(1728K) NonClass: 1481K(1536K)->1481K(1536K) Class: 135K(192K)->135K(192K)
[2024-10-11T04:32:13.169+0800][info] GC(80) Pause Young (Mixed) (G1 Evacuation Pause) 102M->101M(128M) 2.021ms
[2024-10-11T04:32:13.169+0800][info] GC(80) User=0.00s Sys=0.00s Real=0.00s
[2024-10-11T04:32:13.272+0800][info] GC(81) Pause Young (Normal) (G1 Evacuation Pause)
[2024-10-11T04:32:13.272+0800][info] GC(81) Using 3 workers of 48 for evacuation
[2024-10-11T04:32:13.273+0800][info] GC(81)   Pre Evacuate Collection Set: 0.1ms
[2024-10-11T04:32:13.273+0800][info] GC(81)   Merge Heap Roots: 0.0ms
[2024-10-11T04:32:13.273+0800][info] GC(81)   Evacuate Collection Set: 0.6ms
[2024-10-11T04:32:13.273+0800][info] GC(81)   Post Evacuate Collection Set: 0.2ms
[2024-10-11T04:32:13.273+0800][info] GC(81)   Other: 0.2ms
[2024-10-11T04:32:13.273+0800][info] GC(81) Eden regions: 2->0(2)
[2024-10-11T04:32:13.273+0800][info] GC(81) Survivor regions: 1->1(1)
[2024-10-11T04:32:13.273+0800][info] GC(81) Old regions: 46->48
[2024-10-11T04:32:13.273+0800][info] GC(81) Archive regions: 2->2
[2024-10-11T04:32:13.273+0800][info] GC(81) Humongous regions: 3->3
[2024-10-11T04:32:13.273+0800][info] GC(81) Metaspace: 1617K(1728K)->1617K(1728K) NonClass: 1481K(1536K)->1481K(1536K) Class: 135K(192K)->135K(192K)
[2024-10-11T04:32:13.273+0800][info] GC(81) Pause Young (Normal) (G1 Evacuation Pause) 105M->105M(128M) 1.279ms
[2024-10-11T04:32:13.273+0800][info] GC(81) User=0.00s Sys=0.00s Real=0.01s
[2024-10-11T04:32:13.375+0800][info] GC(82) Pause Young (Normal) (G1 Evacuation Pause)
[2024-10-11T04:32:13.375+0800][info] GC(82) Using 3 workers of 48 for evacuation
[2024-10-11T04:32:13.376+0800][info] GC(82)   Pre Evacuate Collection Set: 0.1ms
[2024-10-11T04:32:13.376+0800][info] GC(82)   Merge Heap Roots: 0.0ms
[2024-10-11T04:32:13.376+0800][info] GC(82)   Evacuate Collection Set: 0.7ms
[2024-10-11T04:32:13.376+0800][info] GC(82)   Post Evacuate Collection Set: 0.2ms
[2024-10-11T04:32:13.377+0800][info] GC(82)   Other: 0.2ms
[2024-10-11T04:32:13.377+0800][info] GC(82) Eden regions: 2->0(2)
[2024-10-11T04:32:13.377+0800][info] GC(82) Survivor regions: 1->1(1)
[2024-10-11T04:32:13.377+0800][info] GC(82) Old regions: 48->50
[2024-10-11T04:32:13.377+0800][info] GC(82) Archive regions: 2->2
[2024-10-11T04:32:13.377+0800][info] GC(82) Humongous regions: 3->3
[2024-10-11T04:32:13.377+0800][info] GC(82) Metaspace: 1617K(1728K)->1617K(1728K) NonClass: 1481K(1536K)->1481K(1536K) Class: 135K(192K)->135K(192K)
[2024-10-11T04:32:13.377+0800][info] GC(82) Pause Young (Normal) (G1 Evacuation Pause) 108M->109M(128M) 1.401ms
[2024-10-11T04:32:13.377+0800][info] GC(82) User=0.01s Sys=0.00s Real=0.00s
[2024-10-11T04:32:13.479+0800][info] GC(83) Pause Young (Concurrent Start) (G1 Evacuation Pause)
[2024-10-11T04:32:13.479+0800][info] GC(83) Using 3 workers of 48 for evacuation
[2024-10-11T04:32:13.481+0800][info] GC(83)   Pre Evacuate Collection Set: 0.1ms
[2024-10-11T04:32:13.481+0800][info] GC(83)   Merge Heap Roots: 0.0ms
[2024-10-11T04:32:13.481+0800][info] GC(83)   Evacuate Collection Set: 0.8ms
[2024-10-11T04:32:13.481+0800][info] GC(83)   Post Evacuate Collection Set: 0.2ms
[2024-10-11T04:32:13.481+0800][info] GC(83)   Other: 0.3ms
[2024-10-11T04:32:13.481+0800][info] GC(83) Eden regions: 2->0(2)
[2024-10-11T04:32:13.481+0800][info] GC(83) Survivor regions: 1->1(1)
[2024-10-11T04:32:13.481+0800][info] GC(83) Old regions: 50->52
[2024-10-11T04:32:13.481+0800][info] GC(83) Archive regions: 2->2
[2024-10-11T04:32:13.481+0800][info] GC(83) Humongous regions: 3->3
[2024-10-11T04:32:13.481+0800][info] GC(83) Metaspace: 1617K(1728K)->1617K(1728K) NonClass: 1481K(1536K)->1481K(1536K) Class: 135K(192K)->135K(192K)
[2024-10-11T04:32:13.481+0800][info] GC(83) Pause Young (Concurrent Start) (G1 Evacuation Pause) 113M->113M(128M) 1.567ms
[2024-10-11T04:32:13.481+0800][info] GC(83) User=0.00s Sys=0.00s Real=0.00s
[2024-10-11T04:32:13.481+0800][info] GC(84) Concurrent Mark Cycle
[2024-10-11T04:32:13.481+0800][info] GC(84) Concurrent Clear Claimed Marks
[2024-10-11T04:32:13.481+0800][info] GC(84) Concurrent Clear Claimed Marks 0.018ms
[2024-10-11T04:32:13.481+0800][info] GC(84) Concurrent Scan Root Regions
[2024-10-11T04:32:13.481+0800][info] GC(84) Concurrent Scan Root Regions 0.155ms
[2024-10-11T04:32:13.481+0800][info] GC(84) Concurrent Mark
[2024-10-11T04:32:13.481+0800][info] GC(84) Concurrent Mark From Roots
[2024-10-11T04:32:13.481+0800][info] GC(84) Using 12 workers of 12 for marking
[2024-10-11T04:32:13.485+0800][info] GC(84) Concurrent Mark From Roots 3.891ms
[2024-10-11T04:32:13.485+0800][info] GC(84) Concurrent Preclean
[2024-10-11T04:32:13.487+0800][info] GC(84) Concurrent Preclean 1.670ms
[2024-10-11T04:32:13.487+0800][info] GC(84) Pause Remark
[2024-10-11T04:32:13.488+0800][info] GC(84) Pause Remark 114M->114M(128M) 1.284ms
[2024-10-11T04:32:13.488+0800][info] GC(84) User=0.00s Sys=0.00s Real=0.00s
[2024-10-11T04:32:13.488+0800][info] GC(84) Concurrent Mark 7.158ms
[2024-10-11T04:32:13.488+0800][info] GC(84) Concurrent Rebuild Remembered Sets
[2024-10-11T04:32:13.490+0800][info] GC(84) Concurrent Rebuild Remembered Sets 1.470ms
[2024-10-11T04:32:13.490+0800][info] GC(84) Pause Cleanup
[2024-10-11T04:32:13.490+0800][info] GC(84) Pause Cleanup 114M->114M(128M) 0.248ms
[2024-10-11T04:32:13.490+0800][info] GC(84) User=0.00s Sys=0.00s Real=0.00s
[2024-10-11T04:32:13.490+0800][info] GC(84) Concurrent Cleanup for Next Mark
[2024-10-11T04:32:13.491+0800][info] GC(84) Concurrent Cleanup for Next Mark 0.377ms
[2024-10-11T04:32:13.491+0800][info] GC(84) Concurrent Mark Cycle 9.770ms
[2024-10-11T04:32:13.634+0800][info] GC(85) Pause Young (Prepare Mixed) (G1 Preventive Collection)
[2024-10-11T04:32:13.634+0800][info] GC(85) Using 3 workers of 48 for evacuation
[2024-10-11T04:32:13.636+0800][info] GC(85)   Pre Evacuate Collection Set: 0.1ms
[2024-10-11T04:32:13.636+0800][info] GC(85)   Merge Heap Roots: 0.1ms
[2024-10-11T04:32:13.636+0800][info] GC(85)   Evacuate Collection Set: 0.8ms
[2024-10-11T04:32:13.636+0800][info] GC(85)   Post Evacuate Collection Set: 0.2ms
[2024-10-11T04:32:13.636+0800][info] GC(85)   Other: 0.2ms
[2024-10-11T04:32:13.636+0800][info] GC(85) Eden regions: 2->0(2)
[2024-10-11T04:32:13.636+0800][info] GC(85) Survivor regions: 1->1(1)
[2024-10-11T04:32:13.636+0800][info] GC(85) Old regions: 52->54
[2024-10-11T04:32:13.636+0800][info] GC(85) Archive regions: 2->2
[2024-10-11T04:32:13.636+0800][info] GC(85) Humongous regions: 3->3
[2024-10-11T04:32:13.636+0800][info] GC(85) Metaspace: 1617K(1728K)->1617K(1728K) NonClass: 1481K(1536K)->1481K(1536K) Class: 135K(192K)->135K(192K)
[2024-10-11T04:32:13.636+0800][info] GC(85) Pause Young (Prepare Mixed) (G1 Preventive Collection) 117M->117M(128M) 1.456ms
[2024-10-11T04:32:13.636+0800][info] GC(85) User=0.01s Sys=0.00s Real=0.00s
[2024-10-11T04:32:13.697+0800][info] GC(86) Pause Young (Mixed) (G1 Preventive Collection)
[2024-10-11T04:32:13.697+0800][info] GC(86) Using 3 workers of 48 for evacuation
[2024-10-11T04:32:13.699+0800][info] GC(86) To-space exhausted
[2024-10-11T04:32:13.699+0800][info] GC(86)   Pre Evacuate Collection Set: 0.2ms
[2024-10-11T04:32:13.699+0800][info] GC(86)   Merge Heap Roots: 0.0ms
[2024-10-11T04:32:13.699+0800][info] GC(86)   Evacuate Collection Set: 0.8ms
[2024-10-11T04:32:13.699+0800][info] GC(86)   Post Evacuate Collection Set: 0.3ms
[2024-10-11T04:32:13.699+0800][info] GC(86)   Other: 0.2ms
[2024-10-11T04:32:13.699+0800][info] GC(86) Eden regions: 1->0(2)
[2024-10-11T04:32:13.699+0800][info] GC(86) Survivor regions: 1->1(1)
[2024-10-11T04:32:13.699+0800][info] GC(86) Old regions: 54->56
[2024-10-11T04:32:13.699+0800][info] GC(86) Archive regions: 2->2
[2024-10-11T04:32:13.699+0800][info] GC(86) Humongous regions: 3->3
[2024-10-11T04:32:13.699+0800][info] GC(86) Metaspace: 1617K(1728K)->1617K(1728K) NonClass: 1481K(1536K)->1481K(1536K) Class: 135K(192K)->135K(192K)
[2024-10-11T04:32:13.699+0800][info] GC(86) Pause Young (Mixed) (G1 Preventive Collection) 119M->121M(128M) 1.631ms
[2024-10-11T04:32:13.699+0800][info] GC(86) User=0.00s Sys=0.00s Real=0.00s
[2024-10-11T04:32:13.741+0800][info] GC(87) Pause Young (Mixed) (G1 Preventive Collection)
[2024-10-11T04:32:13.741+0800][info] GC(87) Using 3 workers of 48 for evacuation
[2024-10-11T04:32:13.743+0800][info] GC(87) To-space exhausted
[2024-10-11T04:32:13.743+0800][info] GC(87)   Pre Evacuate Collection Set: 0.2ms
[2024-10-11T04:32:13.743+0800][info] GC(87)   Merge Heap Roots: 0.1ms
[2024-10-11T04:32:13.743+0800][info] GC(87)   Evacuate Collection Set: 0.8ms
[2024-10-11T04:32:13.743+0800][info] GC(87)   Post Evacuate Collection Set: 0.7ms
[2024-10-11T04:32:13.743+0800][info] GC(87)   Other: 0.2ms
[2024-10-11T04:32:13.743+0800][info] GC(87) Eden regions: 1->0(2)
[2024-10-11T04:32:13.743+0800][info] GC(87) Survivor regions: 1->1(1)
[2024-10-11T04:32:13.743+0800][info] GC(87) Old regions: 56->57
[2024-10-11T04:32:13.743+0800][info] GC(87) Archive regions: 2->2
[2024-10-11T04:32:13.743+0800][info] GC(87) Humongous regions: 3->3
[2024-10-11T04:32:13.743+0800][info] GC(87) Metaspace: 1618K(1728K)->1618K(1728K) NonClass: 1482K(1536K)->1482K(1536K) Class: 135K(192K)->135K(192K)
[2024-10-11T04:32:13.743+0800][info] GC(87) Pause Young (Mixed) (G1 Preventive Collection) 122M->122M(128M) 2.046ms
[2024-10-11T04:32:13.743+0800][info] GC(87) User=0.01s Sys=0.00s Real=0.00s
[2024-10-11T04:32:13.804+0800][info] GC(88) Pause Young (Mixed) (G1 Evacuation Pause)
[2024-10-11T04:32:13.804+0800][info] GC(88) Using 3 workers of 48 for evacuation
[2024-10-11T04:32:13.805+0800][info] GC(88) To-space exhausted
[2024-10-11T04:32:13.806+0800][info] GC(88)   Pre Evacuate Collection Set: 0.2ms
[2024-10-11T04:32:13.806+0800][info] GC(88)   Merge Heap Roots: 0.1ms
[2024-10-11T04:32:13.806+0800][info] GC(88)   Evacuate Collection Set: 0.5ms
[2024-10-11T04:32:13.806+0800][info] GC(88)   Post Evacuate Collection Set: 0.7ms
[2024-10-11T04:32:13.806+0800][info] GC(88)   Other: 0.1ms
[2024-10-11T04:32:13.806+0800][info] GC(88) Eden regions: 1->0(3)
[2024-10-11T04:32:13.806+0800][info] GC(88) Survivor regions: 1->0(0)
[2024-10-11T04:32:13.806+0800][info] GC(88) Old regions: 57->59
[2024-10-11T04:32:13.806+0800][info] GC(88) Archive regions: 2->2
[2024-10-11T04:32:13.806+0800][info] GC(88) Humongous regions: 3->3
[2024-10-11T04:32:13.806+0800][info] GC(88) Metaspace: 1618K(1728K)->1618K(1728K) NonClass: 1482K(1536K)->1482K(1536K) Class: 135K(192K)->135K(192K)
[2024-10-11T04:32:13.806+0800][info] GC(88) Pause Young (Mixed) (G1 Evacuation Pause) 124M->124M(128M) 1.637ms
[2024-10-11T04:32:13.806+0800][info] GC(88) User=0.00s Sys=0.00s Real=0.01s
[2024-10-11T04:32:13.806+0800][info] Attempting full compaction
[2024-10-11T04:32:13.806+0800][info] GC(89) Using 3 workers of 48 for full compaction
[2024-10-11T04:32:13.806+0800][info] GC(89) Pause Full (G1 Compaction Pause)
[2024-10-11T04:32:13.806+0800][info] GC(89) Phase 1: Mark live objects
[2024-10-11T04:32:13.810+0800][info] GC(89) Phase 1: Mark live objects 3.678ms
[2024-10-11T04:32:13.810+0800][info] GC(89) Phase 2: Prepare for compaction
[2024-10-11T04:32:13.811+0800][info] GC(89) Phase 2: Prepare for compaction 0.785ms
[2024-10-11T04:32:13.811+0800][info] GC(89) Phase 3: Adjust pointers
[2024-10-11T04:32:13.812+0800][info] GC(89) Phase 3: Adjust pointers 1.360ms
[2024-10-11T04:32:13.812+0800][info] GC(89) Phase 4: Compact heap
[2024-10-11T04:32:13.825+0800][info] GC(89) Phase 4: Compact heap 13.399ms
[2024-10-11T04:32:13.827+0800][info] GC(89) Eden regions: 0->0(4)
[2024-10-11T04:32:13.827+0800][info] GC(89) Survivor regions: 0->0(0)
[2024-10-11T04:32:13.827+0800][info] GC(89) Old regions: 59->38
[2024-10-11T04:32:13.827+0800][info] GC(89) Archive regions: 2->2
[2024-10-11T04:32:13.827+0800][info] GC(89) Humongous regions: 3->3
[2024-10-11T04:32:13.827+0800][info] GC(89) Metaspace: 1618K(1728K)->1568K(1728K) NonClass: 1482K(1536K)->1443K(1536K) Class: 135K(192K)->124K(192K)
[2024-10-11T04:32:13.827+0800][info] GC(89) Pause Full (G1 Compaction Pause) 124M->72M(128M) 20.847ms
[2024-10-11T04:32:13.827+0800][info] GC(89) User=0.04s Sys=0.00s Real=0.02s
[2024-10-11T04:32:14.032+0800][info] GC(90) Pause Young (Normal) (G1 Evacuation Pause)
[2024-10-11T04:32:14.032+0800][info] GC(90) Using 3 workers of 48 for evacuation
[2024-10-11T04:32:14.034+0800][info] GC(90)   Pre Evacuate Collection Set: 0.1ms
[2024-10-11T04:32:14.034+0800][info] GC(90)   Merge Heap Roots: 0.1ms
[2024-10-11T04:32:14.034+0800][info] GC(90)   Evacuate Collection Set: 1.0ms
[2024-10-11T04:32:14.034+0800][info] GC(90)   Post Evacuate Collection Set: 0.2ms
[2024-10-11T04:32:14.034+0800][info] GC(90)   Other: 0.2ms
[2024-10-11T04:32:14.034+0800][info] GC(90) Eden regions: 4->0(2)
[2024-10-11T04:32:14.034+0800][info] GC(90) Survivor regions: 0->1(1)
[2024-10-11T04:32:14.034+0800][info] GC(90) Old regions: 38->41
[2024-10-11T04:32:14.034+0800][info] GC(90) Archive regions: 2->2
[2024-10-11T04:32:14.034+0800][info] GC(90) Humongous regions: 3->3
[2024-10-11T04:32:14.034+0800][info] GC(90) Metaspace: 1568K(1728K)->1568K(1728K) NonClass: 1443K(1536K)->1443K(1536K) Class: 124K(192K)->124K(192K)
[2024-10-11T04:32:14.034+0800][info] GC(90) Pause Young (Normal) (G1 Evacuation Pause) 79M->79M(128M) 1.711ms
[2024-10-11T04:32:14.034+0800][info] GC(90) User=0.00s Sys=0.00s Real=0.01s
[2024-10-11T04:32:14.136+0800][info] GC(91) Pause Young (Normal) (G1 Evacuation Pause)
[2024-10-11T04:32:14.136+0800][info] GC(91) Using 3 workers of 48 for evacuation
[2024-10-11T04:32:14.137+0800][info] GC(91)   Pre Evacuate Collection Set: 0.1ms
[2024-10-11T04:32:14.137+0800][info] GC(91)   Merge Heap Roots: 0.1ms
[2024-10-11T04:32:14.137+0800][info] GC(91)   Evacuate Collection Set: 0.8ms
[2024-10-11T04:32:14.137+0800][info] GC(91)   Post Evacuate Collection Set: 0.2ms
[2024-10-11T04:32:14.137+0800][info] GC(91)   Other: 0.2ms
[2024-10-11T04:32:14.137+0800][info] GC(91) Eden regions: 2->0(2)
[2024-10-11T04:32:14.137+0800][info] GC(91) Survivor regions: 1->1(1)
[2024-10-11T04:32:14.137+0800][info] GC(91) Old regions: 41->43
[2024-10-11T04:32:14.137+0800][info] GC(91) Archive regions: 2->2
[2024-10-11T04:32:14.137+0800][info] GC(91) Humongous regions: 3->3
[2024-10-11T04:32:14.137+0800][info] GC(91) Metaspace: 1568K(1728K)->1568K(1728K) NonClass: 1443K(1536K)->1443K(1536K) Class: 124K(192K)->124K(192K)
[2024-10-11T04:32:14.137+0800][info] GC(91) Pause Young (Normal) (G1 Evacuation Pause) 83M->82M(128M) 1.466ms
[2024-10-11T04:32:14.137+0800][info] GC(91) User=0.01s Sys=0.00s Real=0.00s
[2024-10-11T04:32:14.240+0800][info] GC(92) Pause Young (Normal) (G1 Evacuation Pause)
[2024-10-11T04:32:14.240+0800][info] GC(92) Using 3 workers of 48 for evacuation
[2024-10-11T04:32:14.241+0800][info] GC(92)   Pre Evacuate Collection Set: 0.1ms
[2024-10-11T04:32:14.241+0800][info] GC(92)   Merge Heap Roots: 0.1ms
[2024-10-11T04:32:14.241+0800][info] GC(92)   Evacuate Collection Set: 0.7ms
[2024-10-11T04:32:14.241+0800][info] GC(92)   Post Evacuate Collection Set: 0.2ms
[2024-10-11T04:32:14.241+0800][info] GC(92)   Other: 0.2ms
[2024-10-11T04:32:14.241+0800][info] GC(92) Eden regions: 2->0(2)
[2024-10-11T04:32:14.241+0800][info] GC(92) Survivor regions: 1->1(1)
[2024-10-11T04:32:14.241+0800][info] GC(92) Old regions: 43->45
[2024-10-11T04:32:14.241+0800][info] GC(92) Archive regions: 2->2
[2024-10-11T04:32:14.241+0800][info] GC(92) Humongous regions: 3->3
[2024-10-11T04:32:14.241+0800][info] GC(92) Metaspace: 1568K(1728K)->1568K(1728K) NonClass: 1443K(1536K)->1443K(1536K) Class: 124K(192K)->124K(192K)
[2024-10-11T04:32:14.241+0800][info] GC(92) Pause Young (Normal) (G1 Evacuation Pause) 86M->87M(128M) 1.379ms
[2024-10-11T04:32:14.241+0800][info] GC(92) User=0.00s Sys=0.00s Real=0.00s
[2024-10-11T04:32:14.344+0800][info] GC(93) Pause Young (Normal) (G1 Evacuation Pause)
[2024-10-11T04:32:14.344+0800][info] GC(93) Using 3 workers of 48 for evacuation
[2024-10-11T04:32:14.345+0800][info] GC(93)   Pre Evacuate Collection Set: 0.1ms
[2024-10-11T04:32:14.345+0800][info] GC(93)   Merge Heap Roots: 0.0ms
[2024-10-11T04:32:14.345+0800][info] GC(93)   Evacuate Collection Set: 0.7ms
[2024-10-11T04:32:14.345+0800][info] GC(93)   Post Evacuate Collection Set: 0.2ms
[2024-10-11T04:32:14.345+0800][info] GC(93)   Other: 0.2ms
[2024-10-11T04:32:14.345+0800][info] GC(93) Eden regions: 2->0(2)
[2024-10-11T04:32:14.345+0800][info] GC(93) Survivor regions: 1->1(1)
[2024-10-11T04:32:14.345+0800][info] GC(93) Old regions: 45->47
[2024-10-11T04:32:14.345+0800][info] GC(93) Archive regions: 2->2
[2024-10-11T04:32:14.345+0800][info] GC(93) Humongous regions: 3->3
[2024-10-11T04:32:14.345+0800][info] GC(93) Metaspace: 1568K(1728K)->1568K(1728K) NonClass: 1443K(1536K)->1443K(1536K) Class: 124K(192K)->124K(192K)
[2024-10-11T04:32:14.345+0800][info] GC(93) Pause Young (Normal) (G1 Evacuation Pause) 90M->90M(128M) 1.299ms
[2024-10-11T04:32:14.345+0800][info] GC(93) User=0.00s Sys=0.00s Real=0.00s
[2024-10-11T04:32:14.345+0800][info] GC(94) Pause Young (Concurrent Start) (G1 Humongous Allocation)
[2024-10-11T04:32:14.345+0800][info] GC(94) Using 3 workers of 48 for evacuation
[2024-10-11T04:32:14.346+0800][info] GC(94)   Pre Evacuate Collection Set: 0.0ms
[2024-10-11T04:32:14.346+0800][info] GC(94)   Merge Heap Roots: 0.0ms
[2024-10-11T04:32:14.346+0800][info] GC(94)   Evacuate Collection Set: 0.5ms
[2024-10-11T04:32:14.346+0800][info] GC(94)   Post Evacuate Collection Set: 0.2ms
[2024-10-11T04:32:14.346+0800][info] GC(94)   Other: 0.3ms
[2024-10-11T04:32:14.346+0800][info] GC(94) Eden regions: 1->0(2)
[2024-10-11T04:32:14.346+0800][info] GC(94) Survivor regions: 1->1(1)
[2024-10-11T04:32:14.346+0800][info] GC(94) Old regions: 47->48
[2024-10-11T04:32:14.346+0800][info] GC(94) Archive regions: 2->2
[2024-10-11T04:32:14.346+0800][info] GC(94) Humongous regions: 3->3
[2024-10-11T04:32:14.346+0800][info] GC(94) Metaspace: 1568K(1728K)->1568K(1728K) NonClass: 1443K(1536K)->1443K(1536K) Class: 124K(192K)->124K(192K)
[2024-10-11T04:32:14.346+0800][info] GC(94) Pause Young (Concurrent Start) (G1 Humongous Allocation) 91M->91M(128M) 1.076ms
[2024-10-11T04:32:14.346+0800][info] GC(94) User=0.00s Sys=0.00s Real=0.00s
[2024-10-11T04:32:14.346+0800][info] GC(95) Concurrent Mark Cycle
[2024-10-11T04:32:14.346+0800][info] GC(95) Concurrent Clear Claimed Marks
[2024-10-11T04:32:14.346+0800][info] GC(95) Concurrent Clear Claimed Marks 0.017ms
[2024-10-11T04:32:14.346+0800][info] GC(95) Concurrent Scan Root Regions
[2024-10-11T04:32:14.347+0800][info] GC(95) Concurrent Scan Root Regions 0.158ms
[2024-10-11T04:32:14.347+0800][info] GC(95) Concurrent Mark
[2024-10-11T04:32:14.347+0800][info] GC(95) Concurrent Mark From Roots
[2024-10-11T04:32:14.347+0800][info] GC(95) Using 12 workers of 12 for marking
[2024-10-11T04:32:14.351+0800][info] GC(95) Concurrent Mark From Roots 4.629ms
[2024-10-11T04:32:14.351+0800][info] GC(95) Concurrent Preclean
[2024-10-11T04:32:14.353+0800][info] GC(95) Concurrent Preclean 1.670ms
[2024-10-11T04:32:14.353+0800][info] GC(95) Pause Remark
[2024-10-11T04:32:14.354+0800][info] GC(95) Pause Remark 93M->93M(128M) 1.255ms
[2024-10-11T04:32:14.354+0800][info] GC(95) User=0.00s Sys=0.00s Real=0.01s
[2024-10-11T04:32:14.354+0800][info] GC(95) Concurrent Mark 7.829ms
[2024-10-11T04:32:14.354+0800][info] GC(95) Concurrent Rebuild Remembered Sets
[2024-10-11T04:32:14.356+0800][info] GC(95) Concurrent Rebuild Remembered Sets 1.427ms
[2024-10-11T04:32:14.356+0800][info] GC(95) Pause Cleanup
[2024-10-11T04:32:14.356+0800][info] GC(95) Pause Cleanup 93M->93M(128M) 0.187ms
[2024-10-11T04:32:14.356+0800][info] GC(95) User=0.01s Sys=0.00s Real=0.00s
[2024-10-11T04:32:14.356+0800][info] GC(95) Concurrent Cleanup for Next Mark
[2024-10-11T04:32:14.357+0800][info] GC(95) Concurrent Cleanup for Next Mark 0.419ms
[2024-10-11T04:32:14.357+0800][info] GC(95) Concurrent Mark Cycle 10.384ms
[2024-10-11T04:32:14.521+0800][info] GC(96) Pause Young (Prepare Mixed) (G1 Evacuation Pause)
[2024-10-11T04:32:14.521+0800][info] GC(96) Using 3 workers of 48 for evacuation
[2024-10-11T04:32:14.522+0800][info] GC(96)   Pre Evacuate Collection Set: 0.1ms
[2024-10-11T04:32:14.522+0800][info] GC(96)   Merge Heap Roots: 0.1ms
[2024-10-11T04:32:14.522+0800][info] GC(96)   Evacuate Collection Set: 0.7ms
[2024-10-11T04:32:14.522+0800][info] GC(96)   Post Evacuate Collection Set: 0.2ms
[2024-10-11T04:32:14.522+0800][info] GC(96)   Other: 0.2ms
[2024-10-11T04:32:14.522+0800][info] GC(96) Eden regions: 2->0(2)
[2024-10-11T04:32:14.522+0800][info] GC(96) Survivor regions: 1->1(1)
[2024-10-11T04:32:14.522+0800][info] GC(96) Old regions: 48->49
[2024-10-11T04:32:14.522+0800][info] GC(96) Archive regions: 2->2
[2024-10-11T04:32:14.522+0800][info] GC(96) Humongous regions: 4->3
[2024-10-11T04:32:14.522+0800][info] GC(96) Metaspace: 1569K(1728K)->1569K(1728K) NonClass: 1444K(1536K)->1444K(1536K) Class: 124K(192K)->124K(192K)
[2024-10-11T04:32:14.522+0800][info] GC(96) Pause Young (Prepare Mixed) (G1 Evacuation Pause) 97M->95M(128M) 1.370ms
[2024-10-11T04:32:14.522+0800][info] GC(96) User=0.00s Sys=0.00s Real=0.00s
[2024-10-11T04:32:14.625+0800][info] GC(97) Pause Young (Mixed) (G1 Evacuation Pause)
[2024-10-11T04:32:14.625+0800][info] GC(97) Using 3 workers of 48 for evacuation
[2024-10-11T04:32:14.627+0800][info] GC(97)   Pre Evacuate Collection Set: 0.2ms
[2024-10-11T04:32:14.627+0800][info] GC(97)   Merge Heap Roots: 0.1ms
[2024-10-11T04:32:14.627+0800][info] GC(97)   Evacuate Collection Set: 1.6ms
[2024-10-11T04:32:14.627+0800][info] GC(97)   Post Evacuate Collection Set: 0.2ms
[2024-10-11T04:32:14.627+0800][info] GC(97)   Other: 0.2ms
[2024-10-11T04:32:14.627+0800][info] GC(97) Eden regions: 2->0(2)
[2024-10-11T04:32:14.627+0800][info] GC(97) Survivor regions: 1->1(1)
[2024-10-11T04:32:14.627+0800][info] GC(97) Old regions: 49->47
[2024-10-11T04:32:14.627+0800][info] GC(97) Archive regions: 2->2
[2024-10-11T04:32:14.627+0800][info] GC(97) Humongous regions: 3->3
[2024-10-11T04:32:14.627+0800][info] GC(97) Metaspace: 1569K(1728K)->1569K(1728K) NonClass: 1444K(1536K)->1444K(1536K) Class: 124K(192K)->124K(192K)
[2024-10-11T04:32:14.628+0800][info] GC(97) Pause Young (Mixed) (G1 Evacuation Pause) 98M->93M(128M) 2.397ms
[2024-10-11T04:32:14.628+0800][info] GC(97) User=0.00s Sys=0.00s Real=0.00s
[2024-10-11T04:32:14.730+0800][info] GC(98) Pause Young (Mixed) (G1 Evacuation Pause)
[2024-10-11T04:32:14.730+0800][info] GC(98) Using 3 workers of 48 for evacuation
[2024-10-11T04:32:14.732+0800][info] GC(98)   Pre Evacuate Collection Set: 0.2ms
[2024-10-11T04:32:14.732+0800][info] GC(98)   Merge Heap Roots: 0.1ms
[2024-10-11T04:32:14.732+0800][info] GC(98)   Evacuate Collection Set: 1.8ms
[2024-10-11T04:32:14.732+0800][info] GC(98)   Post Evacuate Collection Set: 0.2ms
[2024-10-11T04:32:14.732+0800][info] GC(98)   Other: 0.1ms
[2024-10-11T04:32:14.732+0800][info] GC(98) Eden regions: 2->0(2)
[2024-10-11T04:32:14.732+0800][info] GC(98) Survivor regions: 1->1(1)
[2024-10-11T04:32:14.732+0800][info] GC(98) Old regions: 47->46
[2024-10-11T04:32:14.732+0800][info] GC(98) Archive regions: 2->2
[2024-10-11T04:32:14.732+0800][info] GC(98) Humongous regions: 3->3
[2024-10-11T04:32:14.732+0800][info] GC(98) Metaspace: 1569K(1728K)->1569K(1728K) NonClass: 1444K(1536K)->1444K(1536K) Class: 124K(192K)->124K(192K)
[2024-10-11T04:32:14.732+0800][info] GC(98) Pause Young (Mixed) (G1 Evacuation Pause) 97M->94M(128M) 2.434ms
[2024-10-11T04:32:14.732+0800][info] GC(98) User=0.01s Sys=0.01s Real=0.00s
[2024-10-11T04:32:14.835+0800][info] GC(99) Pause Young (Mixed) (G1 Evacuation Pause)
[2024-10-11T04:32:14.835+0800][info] GC(99) Using 3 workers of 48 for evacuation
[2024-10-11T04:32:14.837+0800][info] GC(99)   Pre Evacuate Collection Set: 0.2ms
[2024-10-11T04:32:14.837+0800][info] GC(99)   Merge Heap Roots: 0.1ms
[2024-10-11T04:32:14.837+0800][info] GC(99)   Evacuate Collection Set: 1.8ms
[2024-10-11T04:32:14.837+0800][info] GC(99)   Post Evacuate Collection Set: 0.2ms
[2024-10-11T04:32:14.837+0800][info] GC(99)   Other: 0.1ms
[2024-10-11T04:32:14.837+0800][info] GC(99) Eden regions: 2->0(2)
[2024-10-11T04:32:14.837+0800][info] GC(99) Survivor regions: 1->1(1)
[2024-10-11T04:32:14.837+0800][info] GC(99) Old regions: 46->45
[2024-10-11T04:32:14.837+0800][info] GC(99) Archive regions: 2->2
[2024-10-11T04:32:14.837+0800][info] GC(99) Humongous regions: 3->3
[2024-10-11T04:32:14.837+0800][info] GC(99) Metaspace: 1569K(1728K)->1569K(1728K) NonClass: 1444K(1536K)->1444K(1536K) Class: 124K(192K)->124K(192K)
[2024-10-11T04:32:14.837+0800][info] GC(99) Pause Young (Mixed) (G1 Evacuation Pause) 97M->93M(128M) 2.458ms
[2024-10-11T04:32:14.837+0800][info] GC(99) User=0.00s Sys=0.00s Real=0.00s
[2024-10-11T04:32:14.939+0800][info] GC(100) Pause Young (Mixed) (G1 Evacuation Pause)
[2024-10-11T04:32:14.939+0800][info] GC(100) Using 3 workers of 48 for evacuation
[2024-10-11T04:32:14.941+0800][info] GC(100)   Pre Evacuate Collection Set: 0.2ms
[2024-10-11T04:32:14.941+0800][info] GC(100)   Merge Heap Roots: 0.1ms
[2024-10-11T04:32:14.941+0800][info] GC(100)   Evacuate Collection Set: 1.0ms
[2024-10-11T04:32:14.941+0800][info] GC(100)   Post Evacuate Collection Set: 0.2ms
[2024-10-11T04:32:14.941+0800][info] GC(100)   Other: 0.1ms
[2024-10-11T04:32:14.941+0800][info] GC(100) Eden regions: 2->0(2)
[2024-10-11T04:32:14.941+0800][info] GC(100) Survivor regions: 1->1(1)
[2024-10-11T04:32:14.941+0800][info] GC(100) Old regions: 45->46
[2024-10-11T04:32:14.941+0800][info] GC(100) Archive regions: 2->2
[2024-10-11T04:32:14.941+0800][info] GC(100) Humongous regions: 3->3
[2024-10-11T04:32:14.941+0800][info] GC(100) Metaspace: 1569K(1728K)->1569K(1728K) NonClass: 1444K(1536K)->1444K(1536K) Class: 124K(192K)->124K(192K)
[2024-10-11T04:32:14.941+0800][info] GC(100) Pause Young (Mixed) (G1 Evacuation Pause) 97M->96M(128M) 1.638ms
[2024-10-11T04:32:14.941+0800][info] GC(100) User=0.01s Sys=0.00s Real=0.00s
[2024-10-11T04:32:15.043+0800][info] GC(101) Pause Young (Normal) (G1 Evacuation Pause)
[2024-10-11T04:32:15.044+0800][info] GC(101) Using 3 workers of 48 for evacuation
[2024-10-11T04:32:15.045+0800][info] GC(101)   Pre Evacuate Collection Set: 0.1ms
[2024-10-11T04:32:15.045+0800][info] GC(101)   Merge Heap Roots: 0.0ms
[2024-10-11T04:32:15.045+0800][info] GC(101)   Evacuate Collection Set: 0.8ms
[2024-10-11T04:32:15.045+0800][info] GC(101)   Post Evacuate Collection Set: 0.2ms
[2024-10-11T04:32:15.045+0800][info] GC(101)   Other: 0.2ms
[2024-10-11T04:32:15.045+0800][info] GC(101) Eden regions: 2->0(2)
[2024-10-11T04:32:15.045+0800][info] GC(101) Survivor regions: 1->1(1)
[2024-10-11T04:32:15.045+0800][info] GC(101) Old regions: 46->48
[2024-10-11T04:32:15.045+0800][info] GC(101) Archive regions: 2->2
[2024-10-11T04:32:15.045+0800][info] GC(101) Humongous regions: 3->3
[2024-10-11T04:32:15.045+0800][info] GC(101) Metaspace: 1569K(1728K)->1569K(1728K) NonClass: 1444K(1536K)->1444K(1536K) Class: 124K(192K)->124K(192K)
[2024-10-11T04:32:15.045+0800][info] GC(101) Pause Young (Normal) (G1 Evacuation Pause) 99M->100M(128M) 1.533ms
[2024-10-11T04:32:15.045+0800][info] GC(101) User=0.00s Sys=0.00s Real=0.00s
[2024-10-11T04:32:15.147+0800][info] GC(102) Pause Young (Normal) (G1 Evacuation Pause)
[2024-10-11T04:32:15.147+0800][info] GC(102) Using 3 workers of 48 for evacuation
[2024-10-11T04:32:15.148+0800][info] GC(102)   Pre Evacuate Collection Set: 0.1ms
[2024-10-11T04:32:15.148+0800][info] GC(102)   Merge Heap Roots: 0.1ms
[2024-10-11T04:32:15.148+0800][info] GC(102)   Evacuate Collection Set: 0.7ms
[2024-10-11T04:32:15.148+0800][info] GC(102)   Post Evacuate Collection Set: 0.2ms
[2024-10-11T04:32:15.148+0800][info] GC(102)   Other: 0.2ms
[2024-10-11T04:32:15.148+0800][info] GC(102) Eden regions: 2->0(2)
[2024-10-11T04:32:15.148+0800][info] GC(102) Survivor regions: 1->1(1)
[2024-10-11T04:32:15.148+0800][info] GC(102) Old regions: 48->50
[2024-10-11T04:32:15.148+0800][info] GC(102) Archive regions: 2->2
[2024-10-11T04:32:15.148+0800][info] GC(102) Humongous regions: 3->3
[2024-10-11T04:32:15.148+0800][info] GC(102) Metaspace: 1569K(1728K)->1569K(1728K) NonClass: 1444K(1536K)->1444K(1536K) Class: 124K(192K)->124K(192K)
[2024-10-11T04:32:15.148+0800][info] GC(102) Pause Young (Normal) (G1 Evacuation Pause) 103M->104M(128M) 1.348ms
[2024-10-11T04:32:15.148+0800][info] GC(102) User=0.00s Sys=0.00s Real=0.00s
[2024-10-11T04:32:15.251+0800][info] GC(103) Pause Young (Concurrent Start) (G1 Evacuation Pause)
[2024-10-11T04:32:15.251+0800][info] GC(103) Using 3 workers of 48 for evacuation
[2024-10-11T04:32:15.252+0800][info] GC(103)   Pre Evacuate Collection Set: 0.1ms
[2024-10-11T04:32:15.252+0800][info] GC(103)   Merge Heap Roots: 0.0ms
[2024-10-11T04:32:15.252+0800][info] GC(103)   Evacuate Collection Set: 0.8ms
[2024-10-11T04:32:15.253+0800][info] GC(103)   Post Evacuate Collection Set: 0.2ms
[2024-10-11T04:32:15.253+0800][info] GC(103)   Other: 0.3ms
[2024-10-11T04:32:15.253+0800][info] GC(103) Eden regions: 2->0(2)
[2024-10-11T04:32:15.253+0800][info] GC(103) Survivor regions: 1->1(1)
[2024-10-11T04:32:15.253+0800][info] GC(103) Old regions: 50->52
[2024-10-11T04:32:15.253+0800][info] GC(103) Archive regions: 2->2
[2024-10-11T04:32:15.253+0800][info] GC(103) Humongous regions: 3->3
[2024-10-11T04:32:15.253+0800][info] GC(103) Metaspace: 1569K(1728K)->1569K(1728K) NonClass: 1444K(1536K)->1444K(1536K) Class: 124K(192K)->124K(192K)
[2024-10-11T04:32:15.253+0800][info] GC(103) Pause Young (Concurrent Start) (G1 Evacuation Pause) 107M->107M(128M) 1.596ms
[2024-10-11T04:32:15.253+0800][info] GC(103) User=0.00s Sys=0.00s Real=0.00s
[2024-10-11T04:32:15.253+0800][info] GC(104) Concurrent Mark Cycle
[2024-10-11T04:32:15.253+0800][info] GC(104) Concurrent Clear Claimed Marks
[2024-10-11T04:32:15.253+0800][info] GC(104) Concurrent Clear Claimed Marks 0.017ms
[2024-10-11T04:32:15.253+0800][info] GC(104) Concurrent Scan Root Regions
[2024-10-11T04:32:15.253+0800][info] GC(104) Concurrent Scan Root Regions 0.157ms
[2024-10-11T04:32:15.253+0800][info] GC(104) Concurrent Mark
[2024-10-11T04:32:15.253+0800][info] GC(104) Concurrent Mark From Roots
[2024-10-11T04:32:15.253+0800][info] GC(104) Using 12 workers of 12 for marking
[2024-10-11T04:32:15.257+0800][info] GC(104) Concurrent Mark From Roots 4.035ms
[2024-10-11T04:32:15.257+0800][info] GC(104) Concurrent Preclean
[2024-10-11T04:32:15.259+0800][info] GC(104) Concurrent Preclean 1.676ms
[2024-10-11T04:32:15.259+0800][info] GC(104) Pause Remark
[2024-10-11T04:32:15.260+0800][info] GC(104) Pause Remark 108M->108M(128M) 1.302ms
[2024-10-11T04:32:15.260+0800][info] GC(104) User=0.00s Sys=0.00s Real=0.00s
[2024-10-11T04:32:15.260+0800][info] GC(104) Concurrent Mark 7.343ms
[2024-10-11T04:32:15.260+0800][info] GC(104) Concurrent Rebuild Remembered Sets
[2024-10-11T04:32:15.262+0800][info] GC(104) Concurrent Rebuild Remembered Sets 1.505ms
[2024-10-11T04:32:15.262+0800][info] GC(104) Pause Cleanup
[2024-10-11T04:32:15.262+0800][info] GC(104) Pause Cleanup 108M->108M(128M) 0.255ms
[2024-10-11T04:32:15.262+0800][info] GC(104) User=0.00s Sys=0.00s Real=0.00s
[2024-10-11T04:32:15.262+0800][info] GC(104) Concurrent Cleanup for Next Mark
[2024-10-11T04:32:15.263+0800][info] GC(104) Concurrent Cleanup for Next Mark 0.459ms
[2024-10-11T04:32:15.263+0800][info] GC(104) Concurrent Mark Cycle 10.077ms
[2024-10-11T04:32:15.406+0800][info] GC(105) Pause Young (Prepare Mixed) (G1 Preventive Collection)
[2024-10-11T04:32:15.406+0800][info] GC(105) Using 3 workers of 48 for evacuation
[2024-10-11T04:32:15.407+0800][info] GC(105)   Pre Evacuate Collection Set: 0.1ms
[2024-10-11T04:32:15.407+0800][info] GC(105)   Merge Heap Roots: 0.1ms
[2024-10-11T04:32:15.407+0800][info] GC(105)   Evacuate Collection Set: 0.8ms
[2024-10-11T04:32:15.407+0800][info] GC(105)   Post Evacuate Collection Set: 0.2ms
[2024-10-11T04:32:15.408+0800][info] GC(105)   Other: 0.2ms
[2024-10-11T04:32:15.408+0800][info] GC(105) Eden regions: 2->0(2)
[2024-10-11T04:32:15.408+0800][info] GC(105) Survivor regions: 1->1(1)
[2024-10-11T04:32:15.408+0800][info] GC(105) Old regions: 52->54
[2024-10-11T04:32:15.408+0800][info] GC(105) Archive regions: 2->2
[2024-10-11T04:32:15.408+0800][info] GC(105) Humongous regions: 3->3
[2024-10-11T04:32:15.408+0800][info] GC(105) Metaspace: 1571K(1728K)->1571K(1728K) NonClass: 1447K(1536K)->1447K(1536K) Class: 124K(192K)->124K(192K)
[2024-10-11T04:32:15.408+0800][info] GC(105) Pause Young (Prepare Mixed) (G1 Preventive Collection) 111M->111M(128M) 1.470ms
[2024-10-11T04:32:15.408+0800][info] GC(105) User=0.00s Sys=0.00s Real=0.00s
[2024-10-11T04:32:15.469+0800][info] GC(106) Pause Young (Mixed) (G1 Preventive Collection)
[2024-10-11T04:32:15.469+0800][info] GC(106) Using 3 workers of 48 for evacuation
[2024-10-11T04:32:15.471+0800][info] GC(106) To-space exhausted
[2024-10-11T04:32:15.471+0800][info] GC(106)   Pre Evacuate Collection Set: 0.2ms
[2024-10-11T04:32:15.471+0800][info] GC(106)   Merge Heap Roots: 0.1ms
[2024-10-11T04:32:15.471+0800][info] GC(106)   Evacuate Collection Set: 1.1ms
[2024-10-11T04:32:15.471+0800][info] GC(106)   Post Evacuate Collection Set: 0.2ms
[2024-10-11T04:32:15.471+0800][info] GC(106)   Other: 0.2ms
[2024-10-11T04:32:15.471+0800][info] GC(106) Eden regions: 1->0(2)
[2024-10-11T04:32:15.471+0800][info] GC(106) Survivor regions: 1->1(1)
[2024-10-11T04:32:15.471+0800][info] GC(106) Old regions: 54->53
[2024-10-11T04:32:15.471+0800][info] GC(106) Archive regions: 2->2
[2024-10-11T04:32:15.471+0800][info] GC(106) Humongous regions: 3->3
[2024-10-11T04:32:15.471+0800][info] GC(106) Metaspace: 1571K(1728K)->1571K(1728K) NonClass: 1447K(1536K)->1447K(1536K) Class: 124K(192K)->124K(192K)
[2024-10-11T04:32:15.471+0800][info] GC(106) Pause Young (Mixed) (G1 Preventive Collection) 113M->111M(128M) 1.795ms
[2024-10-11T04:32:15.471+0800][info] GC(106) User=0.00s Sys=0.01s Real=0.00s
[2024-10-11T04:32:15.512+0800][info] GC(107) Pause Young (Mixed) (G1 Preventive Collection)
[2024-10-11T04:32:15.512+0800][info] GC(107) Using 3 workers of 48 for evacuation
[2024-10-11T04:32:15.514+0800][info] GC(107) To-space exhausted
[2024-10-11T04:32:15.514+0800][info] GC(107)   Pre Evacuate Collection Set: 0.2ms
[2024-10-11T04:32:15.514+0800][info] GC(107)   Merge Heap Roots: 0.1ms
[2024-10-11T04:32:15.514+0800][info] GC(107)   Evacuate Collection Set: 1.1ms
[2024-10-11T04:32:15.514+0800][info] GC(107)   Post Evacuate Collection Set: 0.2ms
[2024-10-11T04:32:15.514+0800][info] GC(107)   Other: 0.2ms
[2024-10-11T04:32:15.514+0800][info] GC(107) Eden regions: 1->0(2)
[2024-10-11T04:32:15.514+0800][info] GC(107) Survivor regions: 1->1(1)
[2024-10-11T04:32:15.514+0800][info] GC(107) Old regions: 53->56
[2024-10-11T04:32:15.514+0800][info] GC(107) Archive regions: 2->2
[2024-10-11T04:32:15.514+0800][info] GC(107) Humongous regions: 3->3
[2024-10-11T04:32:15.514+0800][info] GC(107) Metaspace: 1571K(1728K)->1571K(1728K) NonClass: 1447K(1536K)->1447K(1536K) Class: 124K(192K)->124K(192K)
[2024-10-11T04:32:15.514+0800][info] GC(107) Pause Young (Mixed) (G1 Preventive Collection) 112M->116M(128M) 1.886ms
[2024-10-11T04:32:15.514+0800][info] GC(107) User=0.01s Sys=0.00s Real=0.01s
[2024-10-11T04:32:15.576+0800][info] GC(108) Pause Young (Mixed) (G1 Preventive Collection)
[2024-10-11T04:32:15.576+0800][info] GC(108) Using 3 workers of 48 for evacuation
[2024-10-11T04:32:15.577+0800][info] GC(108) To-space exhausted
[2024-10-11T04:32:15.577+0800][info] GC(108)   Pre Evacuate Collection Set: 0.2ms
[2024-10-11T04:32:15.577+0800][info] GC(108)   Merge Heap Roots: 0.1ms
[2024-10-11T04:32:15.577+0800][info] GC(108)   Evacuate Collection Set: 0.9ms
[2024-10-11T04:32:15.577+0800][info] GC(108)   Post Evacuate Collection Set: 0.5ms
[2024-10-11T04:32:15.577+0800][info] GC(108)   Other: 0.1ms
[2024-10-11T04:32:15.577+0800][info] GC(108) Eden regions: 1->0(2)
[2024-10-11T04:32:15.577+0800][info] GC(108) Survivor regions: 1->1(1)
[2024-10-11T04:32:15.577+0800][info] GC(108) Old regions: 56->57
[2024-10-11T04:32:15.578+0800][info] GC(108) Archive regions: 2->2
[2024-10-11T04:32:15.578+0800][info] GC(108) Humongous regions: 3->3
[2024-10-11T04:32:15.578+0800][info] GC(108) Metaspace: 1571K(1728K)->1571K(1728K) NonClass: 1447K(1536K)->1447K(1536K) Class: 124K(192K)->124K(192K)
[2024-10-11T04:32:15.578+0800][info] GC(108) Pause Young (Mixed) (G1 Preventive Collection) 118M->118M(128M) 1.904ms
[2024-10-11T04:32:15.578+0800][info] GC(108) User=0.00s Sys=0.00s Real=0.00s
[2024-10-11T04:32:15.619+0800][info] GC(109) Pause Young (Mixed) (G1 Evacuation Pause)
[2024-10-11T04:32:15.619+0800][info] GC(109) Using 3 workers of 48 for evacuation
[2024-10-11T04:32:15.620+0800][info] GC(109) To-space exhausted
[2024-10-11T04:32:15.620+0800][info] GC(109)   Pre Evacuate Collection Set: 0.2ms
[2024-10-11T04:32:15.620+0800][info] GC(109)   Merge Heap Roots: 0.1ms
[2024-10-11T04:32:15.620+0800][info] GC(109)   Evacuate Collection Set: 0.4ms
[2024-10-11T04:32:15.620+0800][info] GC(109)   Post Evacuate Collection Set: 0.3ms
[2024-10-11T04:32:15.620+0800][info] GC(109)   Other: 0.1ms
[2024-10-11T04:32:15.620+0800][info] GC(109) Eden regions: 1->0(3)
[2024-10-11T04:32:15.620+0800][info] GC(109) Survivor regions: 1->0(0)
[2024-10-11T04:32:15.620+0800][info] GC(109) Old regions: 57->59
[2024-10-11T04:32:15.620+0800][info] GC(109) Archive regions: 2->2
[2024-10-11T04:32:15.620+0800][info] GC(109) Humongous regions: 3->3
[2024-10-11T04:32:15.620+0800][info] GC(109) Metaspace: 1571K(1728K)->1571K(1728K) NonClass: 1447K(1536K)->1447K(1536K) Class: 124K(192K)->124K(192K)
[2024-10-11T04:32:15.620+0800][info] GC(109) Pause Young (Mixed) (G1 Evacuation Pause) 120M->120M(128M) 1.204ms
[2024-10-11T04:32:15.620+0800][info] GC(109) User=0.01s Sys=0.00s Real=0.00s
[2024-10-11T04:32:15.620+0800][info] Attempting full compaction
[2024-10-11T04:32:15.620+0800][info] GC(110) Using 3 workers of 48 for full compaction
[2024-10-11T04:32:15.620+0800][info] GC(110) Pause Full (G1 Compaction Pause)
[2024-10-11T04:32:15.620+0800][info] GC(110) Phase 1: Mark live objects
[2024-10-11T04:32:15.623+0800][info] GC(110) Phase 1: Mark live objects 3.024ms
[2024-10-11T04:32:15.623+0800][info] GC(110) Phase 2: Prepare for compaction
[2024-10-11T04:32:15.624+0800][info] GC(110) Phase 2: Prepare for compaction 0.522ms
[2024-10-11T04:32:15.624+0800][info] GC(110) Phase 3: Adjust pointers
[2024-10-11T04:32:15.625+0800][info] GC(110) Phase 3: Adjust pointers 1.281ms
[2024-10-11T04:32:15.625+0800][info] GC(110) Phase 4: Compact heap
[2024-10-11T04:32:15.639+0800][info] GC(110) Phase 4: Compact heap 13.651ms
[2024-10-11T04:32:15.640+0800][info] GC(110) Eden regions: 0->0(3)
[2024-10-11T04:32:15.640+0800][info] GC(110) Survivor regions: 0->0(0)
[2024-10-11T04:32:15.640+0800][info] GC(110) Old regions: 59->39
[2024-10-11T04:32:15.640+0800][info] GC(110) Archive regions: 2->2
[2024-10-11T04:32:15.640+0800][info] GC(110) Humongous regions: 3->3
[2024-10-11T04:32:15.640+0800][info] GC(110) Metaspace: 1571K(1728K)->1571K(1728K) NonClass: 1447K(1536K)->1447K(1536K) Class: 124K(192K)->124K(192K)
[2024-10-11T04:32:15.640+0800][info] GC(110) Pause Full (G1 Compaction Pause) 120M->72M(128M) 19.989ms
[2024-10-11T04:32:15.640+0800][info] GC(110) User=0.03s Sys=0.00s Real=0.02s
[2024-10-11T04:32:15.804+0800][info] GC(111) Pause Young (Normal) (G1 Evacuation Pause)
[2024-10-11T04:32:15.804+0800][info] GC(111) Using 3 workers of 48 for evacuation
[2024-10-11T04:32:15.806+0800][info] GC(111)   Pre Evacuate Collection Set: 0.1ms
[2024-10-11T04:32:15.806+0800][info] GC(111)   Merge Heap Roots: 0.0ms
[2024-10-11T04:32:15.806+0800][info] GC(111)   Evacuate Collection Set: 1.0ms
[2024-10-11T04:32:15.806+0800][info] GC(111)   Post Evacuate Collection Set: 0.2ms
[2024-10-11T04:32:15.806+0800][info] GC(111)   Other: 0.2ms
[2024-10-11T04:32:15.806+0800][info] GC(111) Eden regions: 3->0(2)
[2024-10-11T04:32:15.806+0800][info] GC(111) Survivor regions: 0->1(1)
[2024-10-11T04:32:15.806+0800][info] GC(111) Old regions: 39->42
[2024-10-11T04:32:15.806+0800][info] GC(111) Archive regions: 2->2
[2024-10-11T04:32:15.806+0800][info] GC(111) Humongous regions: 3->3
[2024-10-11T04:32:15.806+0800][info] GC(111) Metaspace: 1571K(1728K)->1571K(1728K) NonClass: 1447K(1536K)->1447K(1536K) Class: 124K(192K)->124K(192K)
[2024-10-11T04:32:15.806+0800][info] GC(111) Pause Young (Normal) (G1 Evacuation Pause) 77M->78M(128M) 1.712ms
[2024-10-11T04:32:15.806+0800][info] GC(111) User=0.00s Sys=0.00s Real=0.01s
[2024-10-11T04:32:15.908+0800][info] GC(112) Pause Young (Normal) (G1 Evacuation Pause)
[2024-10-11T04:32:15.908+0800][info] GC(112) Using 3 workers of 48 for evacuation
[2024-10-11T04:32:15.909+0800][info] GC(112)   Pre Evacuate Collection Set: 0.1ms
[2024-10-11T04:32:15.909+0800][info] GC(112)   Merge Heap Roots: 0.1ms
[2024-10-11T04:32:15.909+0800][info] GC(112)   Evacuate Collection Set: 0.7ms
[2024-10-11T04:32:15.909+0800][info] GC(112)   Post Evacuate Collection Set: 0.2ms
[2024-10-11T04:32:15.909+0800][info] GC(112)   Other: 0.2ms
[2024-10-11T04:32:15.909+0800][info] GC(112) Eden regions: 2->0(2)
[2024-10-11T04:32:15.909+0800][info] GC(112) Survivor regions: 1->1(1)
[2024-10-11T04:32:15.909+0800][info] GC(112) Old regions: 42->44
[2024-10-11T04:32:15.909+0800][info] GC(112) Archive regions: 2->2
[2024-10-11T04:32:15.909+0800][info] GC(112) Humongous regions: 3->3
[2024-10-11T04:32:15.909+0800][info] GC(112) Metaspace: 1571K(1728K)->1571K(1728K) NonClass: 1447K(1536K)->1447K(1536K) Class: 124K(192K)->124K(192K)
[2024-10-11T04:32:15.909+0800][info] GC(112) Pause Young (Normal) (G1 Evacuation Pause) 82M->82M(128M) 1.337ms
[2024-10-11T04:32:15.909+0800][info] GC(112) User=0.01s Sys=0.00s Real=0.00s
[2024-10-11T04:32:16.012+0800][info] GC(113) Pause Young (Normal) (G1 Evacuation Pause)
[2024-10-11T04:32:16.012+0800][info] GC(113) Using 3 workers of 48 for evacuation
[2024-10-11T04:32:16.013+0800][info] GC(113)   Pre Evacuate Collection Set: 0.1ms
[2024-10-11T04:32:16.014+0800][info] GC(113)   Merge Heap Roots: 0.0ms
[2024-10-11T04:32:16.014+0800][info] GC(113)   Evacuate Collection Set: 0.7ms
[2024-10-11T04:32:16.014+0800][info] GC(113)   Post Evacuate Collection Set: 0.2ms
[2024-10-11T04:32:16.014+0800][info] GC(113)   Other: 0.2ms
[2024-10-11T04:32:16.014+0800][info] GC(113) Eden regions: 2->0(2)
[2024-10-11T04:32:16.014+0800][info] GC(113) Survivor regions: 1->1(1)
[2024-10-11T04:32:16.014+0800][info] GC(113) Old regions: 44->46
[2024-10-11T04:32:16.014+0800][info] GC(113) Archive regions: 2->2
[2024-10-11T04:32:16.014+0800][info] GC(113) Humongous regions: 3->3
[2024-10-11T04:32:16.014+0800][info] GC(113) Metaspace: 1571K(1728K)->1571K(1728K) NonClass: 1447K(1536K)->1447K(1536K) Class: 124K(192K)->124K(192K)
[2024-10-11T04:32:16.014+0800][info] GC(113) Pause Young (Normal) (G1 Evacuation Pause) 86M->86M(128M) 1.327ms
[2024-10-11T04:32:16.014+0800][info] GC(113) User=0.00s Sys=0.00s Real=0.01s
[2024-10-11T04:32:16.116+0800][info] GC(114) Pause Young (Concurrent Start) (G1 Evacuation Pause)
[2024-10-11T04:32:16.116+0800][info] GC(114) Using 3 workers of 48 for evacuation
[2024-10-11T04:32:16.117+0800][info] GC(114)   Pre Evacuate Collection Set: 0.1ms
[2024-10-11T04:32:16.117+0800][info] GC(114)   Merge Heap Roots: 0.0ms
[2024-10-11T04:32:16.117+0800][info] GC(114)   Evacuate Collection Set: 0.8ms
[2024-10-11T04:32:16.117+0800][info] GC(114)   Post Evacuate Collection Set: 0.2ms
[2024-10-11T04:32:16.117+0800][info] GC(114)   Other: 0.3ms
[2024-10-11T04:32:16.117+0800][info] GC(114) Eden regions: 2->0(2)
[2024-10-11T04:32:16.117+0800][info] GC(114) Survivor regions: 1->1(1)
[2024-10-11T04:32:16.117+0800][info] GC(114) Old regions: 46->48
[2024-10-11T04:32:16.117+0800][info] GC(114) Archive regions: 2->2
[2024-10-11T04:32:16.117+0800][info] GC(114) Humongous regions: 3->3
[2024-10-11T04:32:16.117+0800][info] GC(114) Metaspace: 1571K(1728K)->1571K(1728K) NonClass: 1447K(1536K)->1447K(1536K) Class: 124K(192K)->124K(192K)
[2024-10-11T04:32:16.117+0800][info] GC(114) Pause Young (Concurrent Start) (G1 Evacuation Pause) 90M->90M(128M) 1.632ms
[2024-10-11T04:32:16.117+0800][info] GC(114) User=0.00s Sys=0.00s Real=0.00s
[2024-10-11T04:32:16.118+0800][info] GC(115) Concurrent Mark Cycle
[2024-10-11T04:32:16.118+0800][info] GC(115) Concurrent Clear Claimed Marks
[2024-10-11T04:32:16.118+0800][info] GC(115) Concurrent Clear Claimed Marks 0.017ms
[2024-10-11T04:32:16.118+0800][info] GC(115) Concurrent Scan Root Regions
[2024-10-11T04:32:16.118+0800][info] GC(115) Concurrent Scan Root Regions 0.108ms
[2024-10-11T04:32:16.118+0800][info] GC(115) Concurrent Mark
[2024-10-11T04:32:16.118+0800][info] GC(115) Concurrent Mark From Roots
[2024-10-11T04:32:16.118+0800][info] GC(115) Using 12 workers of 12 for marking
[2024-10-11T04:32:16.123+0800][info] GC(115) Concurrent Mark From Roots 5.717ms
[2024-10-11T04:32:16.123+0800][info] GC(115) Concurrent Preclean
[2024-10-11T04:32:16.125+0800][info] GC(115) Concurrent Preclean 1.702ms
[2024-10-11T04:32:16.125+0800][info] GC(115) Pause Remark
[2024-10-11T04:32:16.127+0800][info] GC(115) Pause Remark 91M->91M(128M) 1.321ms
[2024-10-11T04:32:16.127+0800][info] GC(115) User=0.01s Sys=0.00s Real=0.00s
[2024-10-11T04:32:16.127+0800][info] GC(115) Concurrent Mark 8.996ms
[2024-10-11T04:32:16.127+0800][info] GC(115) Concurrent Rebuild Remembered Sets
[2024-10-11T04:32:16.128+0800][info] GC(115) Concurrent Rebuild Remembered Sets 1.375ms
[2024-10-11T04:32:16.128+0800][info] GC(115) Pause Cleanup
[2024-10-11T04:32:16.128+0800][info] GC(115) Pause Cleanup 91M->91M(128M) 0.170ms
[2024-10-11T04:32:16.128+0800][info] GC(115) User=0.00s Sys=0.00s Real=0.00s
[2024-10-11T04:32:16.128+0800][info] GC(115) Concurrent Cleanup for Next Mark
[2024-10-11T04:32:16.129+0800][info] GC(115) Concurrent Cleanup for Next Mark 0.364ms
[2024-10-11T04:32:16.129+0800][info] GC(115) Concurrent Mark Cycle 11.310ms
[2024-10-11T04:32:16.272+0800][info] GC(116) Pause Young (Prepare Mixed) (G1 Evacuation Pause)
[2024-10-11T04:32:16.272+0800][info] GC(116) Using 3 workers of 48 for evacuation
[2024-10-11T04:32:16.273+0800][info] GC(116)   Pre Evacuate Collection Set: 0.1ms
[2024-10-11T04:32:16.273+0800][info] GC(116)   Merge Heap Roots: 0.0ms
[2024-10-11T04:32:16.273+0800][info] GC(116)   Evacuate Collection Set: 0.8ms
[2024-10-11T04:32:16.273+0800][info] GC(116)   Post Evacuate Collection Set: 0.2ms
[2024-10-11T04:32:16.273+0800][info] GC(116)   Other: 0.2ms
[2024-10-11T04:32:16.273+0800][info] GC(116) Eden regions: 2->0(2)
[2024-10-11T04:32:16.273+0800][info] GC(116) Survivor regions: 1->1(1)
[2024-10-11T04:32:16.273+0800][info] GC(116) Old regions: 48->49
[2024-10-11T04:32:16.273+0800][info] GC(116) Archive regions: 2->2
[2024-10-11T04:32:16.273+0800][info] GC(116) Humongous regions: 3->3
[2024-10-11T04:32:16.273+0800][info] GC(116) Metaspace: 1583K(1792K)->1583K(1792K) NonClass: 1459K(1600K)->1459K(1600K) Class: 124K(192K)->124K(192K)
[2024-10-11T04:32:16.273+0800][info] GC(116) Pause Young (Prepare Mixed) (G1 Evacuation Pause) 94M->93M(128M) 1.451ms
[2024-10-11T04:32:16.273+0800][info] GC(116) User=0.00s Sys=0.00s Real=0.01s
[2024-10-11T04:32:16.375+0800][info] GC(117) Pause Young (Mixed) (G1 Evacuation Pause)
[2024-10-11T04:32:16.375+0800][info] GC(117) Using 3 workers of 48 for evacuation
[2024-10-11T04:32:16.377+0800][info] GC(117)   Pre Evacuate Collection Set: 0.2ms
[2024-10-11T04:32:16.377+0800][info] GC(117)   Merge Heap Roots: 0.1ms
[2024-10-11T04:32:16.377+0800][info] GC(117)   Evacuate Collection Set: 1.4ms
[2024-10-11T04:32:16.377+0800][info] GC(117)   Post Evacuate Collection Set: 0.2ms
[2024-10-11T04:32:16.377+0800][info] GC(117)   Other: 0.2ms
[2024-10-11T04:32:16.377+0800][info] GC(117) Eden regions: 2->0(2)
[2024-10-11T04:32:16.377+0800][info] GC(117) Survivor regions: 1->1(1)
[2024-10-11T04:32:16.377+0800][info] GC(117) Old regions: 49->47
[2024-10-11T04:32:16.377+0800][info] GC(117) Archive regions: 2->2
[2024-10-11T04:32:16.377+0800][info] GC(117) Humongous regions: 3->3
[2024-10-11T04:32:16.377+0800][info] GC(117) Metaspace: 1583K(1792K)->1583K(1792K) NonClass: 1459K(1600K)->1459K(1600K) Class: 124K(192K)->124K(192K)
[2024-10-11T04:32:16.378+0800][info] GC(117) Pause Young (Mixed) (G1 Evacuation Pause) 97M->93M(128M) 2.190ms
[2024-10-11T04:32:16.378+0800][info] GC(117) User=0.01s Sys=0.00s Real=0.00s
[2024-10-11T04:32:16.480+0800][info] GC(118) Pause Young (Mixed) (G1 Evacuation Pause)
[2024-10-11T04:32:16.480+0800][info] GC(118) Using 3 workers of 48 for evacuation
[2024-10-11T04:32:16.482+0800][info] GC(118)   Pre Evacuate Collection Set: 0.1ms
[2024-10-11T04:32:16.482+0800][info] GC(118)   Merge Heap Roots: 0.1ms
[2024-10-11T04:32:16.482+0800][info] GC(118)   Evacuate Collection Set: 1.7ms
[2024-10-11T04:32:16.482+0800][info] GC(118)   Post Evacuate Collection Set: 0.2ms
[2024-10-11T04:32:16.482+0800][info] GC(118)   Other: 0.1ms
[2024-10-11T04:32:16.482+0800][info] GC(118) Eden regions: 2->0(2)
[2024-10-11T04:32:16.482+0800][info] GC(118) Survivor regions: 1->1(1)
[2024-10-11T04:32:16.482+0800][info] GC(118) Old regions: 47->45
[2024-10-11T04:32:16.482+0800][info] GC(118) Archive regions: 2->2
[2024-10-11T04:32:16.482+0800][info] GC(118) Humongous regions: 3->3
[2024-10-11T04:32:16.482+0800][info] GC(118) Metaspace: 1583K(1792K)->1583K(1792K) NonClass: 1459K(1600K)->1459K(1600K) Class: 124K(192K)->124K(192K)
[2024-10-11T04:32:16.482+0800][info] GC(118) Pause Young (Mixed) (G1 Evacuation Pause) 97M->91M(128M) 2.324ms
[2024-10-11T04:32:16.483+0800][info] GC(118) User=0.01s Sys=0.00s Real=0.00s
[2024-10-11T04:32:16.584+0800][info] GC(119) Pause Young (Mixed) (G1 Evacuation Pause)
[2024-10-11T04:32:16.584+0800][info] GC(119) Using 3 workers of 48 for evacuation
[2024-10-11T04:32:16.587+0800][info] GC(119)   Pre Evacuate Collection Set: 0.1ms
[2024-10-11T04:32:16.587+0800][info] GC(119)   Merge Heap Roots: 0.1ms
[2024-10-11T04:32:16.587+0800][info] GC(119)   Evacuate Collection Set: 1.9ms
[2024-10-11T04:32:16.587+0800][info] GC(119)   Post Evacuate Collection Set: 0.2ms
[2024-10-11T04:32:16.587+0800][info] GC(119)   Other: 0.1ms
[2024-10-11T04:32:16.587+0800][info] GC(119) Eden regions: 2->0(2)
[2024-10-11T04:32:16.587+0800][info] GC(119) Survivor regions: 1->1(1)
[2024-10-11T04:32:16.587+0800][info] GC(119) Old regions: 45->45
[2024-10-11T04:32:16.587+0800][info] GC(119) Archive regions: 2->2
[2024-10-11T04:32:16.587+0800][info] GC(119) Humongous regions: 3->3
[2024-10-11T04:32:16.587+0800][info] GC(119) Metaspace: 1583K(1792K)->1583K(1792K) NonClass: 1459K(1600K)->1459K(1600K) Class: 124K(192K)->124K(192K)
[2024-10-11T04:32:16.587+0800][info] GC(119) Pause Young (Mixed) (G1 Evacuation Pause) 95M->92M(128M) 2.483ms
[2024-10-11T04:32:16.587+0800][info] GC(119) User=0.00s Sys=0.00s Real=0.01s
[2024-10-11T04:32:16.690+0800][info] GC(120) Pause Young (Mixed) (G1 Evacuation Pause)
[2024-10-11T04:32:16.690+0800][info] GC(120) Using 3 workers of 48 for evacuation
[2024-10-11T04:32:16.691+0800][info] GC(120)   Pre Evacuate Collection Set: 0.1ms
[2024-10-11T04:32:16.691+0800][info] GC(120)   Merge Heap Roots: 0.0ms
[2024-10-11T04:32:16.691+0800][info] GC(120)   Evacuate Collection Set: 0.9ms
[2024-10-11T04:32:16.691+0800][info] GC(120)   Post Evacuate Collection Set: 0.2ms
[2024-10-11T04:32:16.691+0800][info] GC(120)   Other: 0.1ms
[2024-10-11T04:32:16.691+0800][info] GC(120) Eden regions: 2->0(2)
[2024-10-11T04:32:16.691+0800][info] GC(120) Survivor regions: 1->1(1)
[2024-10-11T04:32:16.691+0800][info] GC(120) Old regions: 45->47
[2024-10-11T04:32:16.691+0800][info] GC(120) Archive regions: 2->2
[2024-10-11T04:32:16.691+0800][info] GC(120) Humongous regions: 4->3
[2024-10-11T04:32:16.691+0800][info] GC(120) Metaspace: 1583K(1792K)->1583K(1792K) NonClass: 1459K(1600K)->1459K(1600K) Class: 124K(192K)->124K(192K)
[2024-10-11T04:32:16.691+0800][info] GC(120) Pause Young (Mixed) (G1 Evacuation Pause) 98M->96M(128M) 1.490ms
[2024-10-11T04:32:16.691+0800][info] GC(120) User=0.00s Sys=0.00s Real=0.00s
[2024-10-11T04:32:16.793+0800][info] GC(121) Pause Young (Normal) (G1 Evacuation Pause)
[2024-10-11T04:32:16.793+0800][info] GC(121) Using 3 workers of 48 for evacuation
[2024-10-11T04:32:16.794+0800][info] GC(121)   Pre Evacuate Collection Set: 0.1ms
[2024-10-11T04:32:16.794+0800][info] GC(121)   Merge Heap Roots: 0.0ms
[2024-10-11T04:32:16.794+0800][info] GC(121)   Evacuate Collection Set: 0.7ms
[2024-10-11T04:32:16.794+0800][info] GC(121)   Post Evacuate Collection Set: 0.2ms
[2024-10-11T04:32:16.794+0800][info] GC(121)   Other: 0.2ms
[2024-10-11T04:32:16.794+0800][info] GC(121) Eden regions: 2->0(2)
[2024-10-11T04:32:16.794+0800][info] GC(121) Survivor regions: 1->1(1)
[2024-10-11T04:32:16.794+0800][info] GC(121) Old regions: 47->48
[2024-10-11T04:32:16.794+0800][info] GC(121) Archive regions: 2->2
[2024-10-11T04:32:16.794+0800][info] GC(121) Humongous regions: 3->3
[2024-10-11T04:32:16.794+0800][info] GC(121) Metaspace: 1583K(1792K)->1583K(1792K) NonClass: 1459K(1600K)->1459K(1600K) Class: 124K(192K)->124K(192K)
[2024-10-11T04:32:16.794+0800][info] GC(121) Pause Young (Normal) (G1 Evacuation Pause) 100M->99M(128M) 1.234ms
[2024-10-11T04:32:16.794+0800][info] GC(121) User=0.00s Sys=0.00s Real=0.00s
[2024-10-11T04:32:16.897+0800][info] GC(122) Pause Young (Normal) (G1 Evacuation Pause)
[2024-10-11T04:32:16.897+0800][info] GC(122) Using 3 workers of 48 for evacuation
[2024-10-11T04:32:16.898+0800][info] GC(122)   Pre Evacuate Collection Set: 0.1ms
[2024-10-11T04:32:16.898+0800][info] GC(122)   Merge Heap Roots: 0.0ms
[2024-10-11T04:32:16.898+0800][info] GC(122)   Evacuate Collection Set: 0.7ms
[2024-10-11T04:32:16.898+0800][info] GC(122)   Post Evacuate Collection Set: 0.2ms
[2024-10-11T04:32:16.898+0800][info] GC(122)   Other: 0.2ms
[2024-10-11T04:32:16.898+0800][info] GC(122) Eden regions: 2->0(2)
[2024-10-11T04:32:16.898+0800][info] GC(122) Survivor regions: 1->1(1)
[2024-10-11T04:32:16.898+0800][info] GC(122) Old regions: 48->50
[2024-10-11T04:32:16.898+0800][info] GC(122) Archive regions: 2->2
[2024-10-11T04:32:16.898+0800][info] GC(122) Humongous regions: 3->3
[2024-10-11T04:32:16.898+0800][info] GC(122) Metaspace: 1583K(1792K)->1583K(1792K) NonClass: 1459K(1600K)->1459K(1600K) Class: 124K(192K)->124K(192K)
[2024-10-11T04:32:16.898+0800][info] GC(122) Pause Young (Normal) (G1 Evacuation Pause) 103M->103M(128M) 1.253ms
[2024-10-11T04:32:16.898+0800][info] GC(122) User=0.00s Sys=0.00s Real=0.00s
[2024-10-11T04:32:17.000+0800][info] GC(123) Pause Young (Concurrent Start) (G1 Evacuation Pause)
[2024-10-11T04:32:17.000+0800][info] GC(123) Using 3 workers of 48 for evacuation
[2024-10-11T04:32:17.001+0800][info] GC(123)   Pre Evacuate Collection Set: 0.1ms
[2024-10-11T04:32:17.001+0800][info] GC(123)   Merge Heap Roots: 0.0ms
[2024-10-11T04:32:17.002+0800][info] GC(123)   Evacuate Collection Set: 0.7ms
[2024-10-11T04:32:17.002+0800][info] GC(123)   Post Evacuate Collection Set: 0.2ms
[2024-10-11T04:32:17.002+0800][info] GC(123)   Other: 0.4ms
[2024-10-11T04:32:17.002+0800][info] GC(123) Eden regions: 2->0(2)
[2024-10-11T04:32:17.002+0800][info] GC(123) Survivor regions: 1->1(1)
[2024-10-11T04:32:17.002+0800][info] GC(123) Old regions: 50->52
[2024-10-11T04:32:17.002+0800][info] GC(123) Archive regions: 2->2
[2024-10-11T04:32:17.002+0800][info] GC(123) Humongous regions: 3->3
[2024-10-11T04:32:17.002+0800][info] GC(123) Metaspace: 1583K(1792K)->1583K(1792K) NonClass: 1459K(1600K)->1459K(1600K) Class: 124K(192K)->124K(192K)
[2024-10-11T04:32:17.002+0800][info] GC(123) Pause Young (Concurrent Start) (G1 Evacuation Pause) 107M->108M(128M) 1.468ms
[2024-10-11T04:32:17.002+0800][info] GC(123) User=0.00s Sys=0.00s Real=0.00s
[2024-10-11T04:32:17.002+0800][info] GC(124) Concurrent Mark Cycle
[2024-10-11T04:32:17.002+0800][info] GC(124) Concurrent Clear Claimed Marks
[2024-10-11T04:32:17.002+0800][info] GC(124) Concurrent Clear Claimed Marks 0.016ms
[2024-10-11T04:32:17.002+0800][info] GC(124) Concurrent Scan Root Regions
[2024-10-11T04:32:17.002+0800][info] GC(124) Concurrent Scan Root Regions 0.107ms
[2024-10-11T04:32:17.002+0800][info] GC(124) Concurrent Mark
[2024-10-11T04:32:17.002+0800][info] GC(124) Concurrent Mark From Roots
[2024-10-11T04:32:17.002+0800][info] GC(124) Using 12 workers of 12 for marking
[2024-10-11T04:32:17.006+0800][info] GC(124) Concurrent Mark From Roots 4.000ms
[2024-10-11T04:32:17.006+0800][info] GC(124) Concurrent Preclean
[2024-10-11T04:32:17.008+0800][info] GC(124) Concurrent Preclean 1.668ms
[2024-10-11T04:32:17.008+0800][info] GC(124) Pause Remark
[2024-10-11T04:32:17.009+0800][info] GC(124) Pause Remark 108M->108M(128M) 1.354ms
[2024-10-11T04:32:17.009+0800][info] GC(124) User=0.00s Sys=0.00s Real=0.00s
[2024-10-11T04:32:17.009+0800][info] GC(124) Concurrent Mark 7.211ms
[2024-10-11T04:32:17.009+0800][info] GC(124) Concurrent Rebuild Remembered Sets
[2024-10-11T04:32:17.011+0800][info] GC(124) Concurrent Rebuild Remembered Sets 1.631ms
[2024-10-11T04:32:17.011+0800][info] GC(124) Pause Cleanup
[2024-10-11T04:32:17.011+0800][info] GC(124) Pause Cleanup 108M->108M(128M) 0.251ms
[2024-10-11T04:32:17.011+0800][info] GC(124) User=0.00s Sys=0.00s Real=0.00s
[2024-10-11T04:32:17.011+0800][info] GC(124) Concurrent Cleanup for Next Mark
[2024-10-11T04:32:17.012+0800][info] GC(124) Concurrent Cleanup for Next Mark 0.486ms
[2024-10-11T04:32:17.012+0800][info] GC(124) Concurrent Mark Cycle 10.044ms
[2024-10-11T04:32:17.156+0800][info] GC(125) Pause Young (Prepare Mixed) (G1 Preventive Collection)
[2024-10-11T04:32:17.156+0800][info] GC(125) Using 3 workers of 48 for evacuation
[2024-10-11T04:32:17.157+0800][info] GC(125)   Pre Evacuate Collection Set: 0.1ms
[2024-10-11T04:32:17.157+0800][info] GC(125)   Merge Heap Roots: 0.1ms
[2024-10-11T04:32:17.157+0800][info] GC(125)   Evacuate Collection Set: 0.7ms
[2024-10-11T04:32:17.157+0800][info] GC(125)   Post Evacuate Collection Set: 0.2ms
[2024-10-11T04:32:17.157+0800][info] GC(125)   Other: 0.2ms
[2024-10-11T04:32:17.157+0800][info] GC(125) Eden regions: 2->0(2)
[2024-10-11T04:32:17.157+0800][info] GC(125) Survivor regions: 1->1(1)
[2024-10-11T04:32:17.157+0800][info] GC(125) Old regions: 52->54
[2024-10-11T04:32:17.157+0800][info] GC(125) Archive regions: 2->2
[2024-10-11T04:32:17.157+0800][info] GC(125) Humongous regions: 3->3
[2024-10-11T04:32:17.157+0800][info] GC(125) Metaspace: 1583K(1792K)->1583K(1792K) NonClass: 1459K(1600K)->1459K(1600K) Class: 124K(192K)->124K(192K)
[2024-10-11T04:32:17.157+0800][info] GC(125) Pause Young (Prepare Mixed) (G1 Preventive Collection) 111M->111M(128M) 1.266ms
[2024-10-11T04:32:17.157+0800][info] GC(125) User=0.01s Sys=0.00s Real=0.00s
[2024-10-11T04:32:17.218+0800][info] GC(126) Pause Young (Mixed) (G1 Preventive Collection)
[2024-10-11T04:32:17.218+0800][info] GC(126) Using 3 workers of 48 for evacuation
[2024-10-11T04:32:17.219+0800][info] GC(126) To-space exhausted
[2024-10-11T04:32:17.219+0800][info] GC(126)   Pre Evacuate Collection Set: 0.1ms
[2024-10-11T04:32:17.219+0800][info] GC(126)   Merge Heap Roots: 0.0ms
[2024-10-11T04:32:17.219+0800][info] GC(126)   Evacuate Collection Set: 0.7ms
[2024-10-11T04:32:17.219+0800][info] GC(126)   Post Evacuate Collection Set: 0.2ms
[2024-10-11T04:32:17.219+0800][info] GC(126)   Other: 0.2ms
[2024-10-11T04:32:17.219+0800][info] GC(126) Eden regions: 1->0(2)
[2024-10-11T04:32:17.219+0800][info] GC(126) Survivor regions: 1->1(1)
[2024-10-11T04:32:17.219+0800][info] GC(126) Old regions: 54->51
[2024-10-11T04:32:17.219+0800][info] GC(126) Archive regions: 2->2
[2024-10-11T04:32:17.219+0800][info] GC(126) Humongous regions: 3->3
[2024-10-11T04:32:17.219+0800][info] GC(126) Metaspace: 1583K(1792K)->1583K(1792K) NonClass: 1459K(1600K)->1459K(1600K) Class: 124K(192K)->124K(192K)
[2024-10-11T04:32:17.219+0800][info] GC(126) Pause Young (Mixed) (G1 Preventive Collection) 113M->107M(128M) 1.363ms
[2024-10-11T04:32:17.219+0800][info] GC(126) User=0.00s Sys=0.00s Real=0.00s
[2024-10-11T04:32:17.322+0800][info] GC(127) Pause Young (Mixed) (G1 Preventive Collection)
[2024-10-11T04:32:17.322+0800][info] GC(127) Using 3 workers of 48 for evacuation
[2024-10-11T04:32:17.324+0800][info] GC(127) To-space exhausted
[2024-10-11T04:32:17.324+0800][info] GC(127)   Pre Evacuate Collection Set: 0.1ms
[2024-10-11T04:32:17.324+0800][info] GC(127)   Merge Heap Roots: 0.1ms
[2024-10-11T04:32:17.324+0800][info] GC(127)   Evacuate Collection Set: 1.3ms
[2024-10-11T04:32:17.324+0800][info] GC(127)   Post Evacuate Collection Set: 0.3ms
[2024-10-11T04:32:17.324+0800][info] GC(127)   Other: 0.2ms
[2024-10-11T04:32:17.324+0800][info] GC(127) Eden regions: 2->0(2)
[2024-10-11T04:32:17.324+0800][info] GC(127) Survivor regions: 1->1(1)
[2024-10-11T04:32:17.324+0800][info] GC(127) Old regions: 51->56
[2024-10-11T04:32:17.324+0800][info] GC(127) Archive regions: 2->2
[2024-10-11T04:32:17.324+0800][info] GC(127) Humongous regions: 3->3
[2024-10-11T04:32:17.324+0800][info] GC(127) Metaspace: 1587K(1792K)->1587K(1792K) NonClass: 1463K(1600K)->1463K(1600K) Class: 124K(192K)->124K(192K)
[2024-10-11T04:32:17.324+0800][info] GC(127) Pause Young (Mixed) (G1 Preventive Collection) 111M->117M(128M) 2.092ms
[2024-10-11T04:32:17.324+0800][info] GC(127) User=0.00s Sys=0.00s Real=0.00s
[2024-10-11T04:32:17.386+0800][info] GC(128) Pause Young (Mixed) (G1 Preventive Collection)
[2024-10-11T04:32:17.386+0800][info] GC(128) Using 3 workers of 48 for evacuation
[2024-10-11T04:32:17.387+0800][info] GC(128) To-space exhausted
[2024-10-11T04:32:17.387+0800][info] GC(128)   Pre Evacuate Collection Set: 0.1ms
[2024-10-11T04:32:17.387+0800][info] GC(128)   Merge Heap Roots: 0.1ms
[2024-10-11T04:32:17.387+0800][info] GC(128)   Evacuate Collection Set: 0.9ms
[2024-10-11T04:32:17.387+0800][info] GC(128)   Post Evacuate Collection Set: 0.6ms
[2024-10-11T04:32:17.387+0800][info] GC(128)   Other: 0.2ms
[2024-10-11T04:32:17.388+0800][info] GC(128) Eden regions: 1->0(2)
[2024-10-11T04:32:17.388+0800][info] GC(128) Survivor regions: 1->1(1)
[2024-10-11T04:32:17.388+0800][info] GC(128) Old regions: 56->57
[2024-10-11T04:32:17.388+0800][info] GC(128) Archive regions: 2->2
[2024-10-11T04:32:17.388+0800][info] GC(128) Humongous regions: 3->3
[2024-10-11T04:32:17.388+0800][info] GC(128) Metaspace: 1587K(1792K)->1587K(1792K) NonClass: 1463K(1600K)->1463K(1600K) Class: 124K(192K)->124K(192K)
[2024-10-11T04:32:17.388+0800][info] GC(128) Pause Young (Mixed) (G1 Preventive Collection) 119M->119M(128M) 1.974ms
[2024-10-11T04:32:17.388+0800][info] GC(128) User=0.01s Sys=0.00s Real=0.00s
[2024-10-11T04:32:17.429+0800][info] GC(129) Pause Young (Mixed) (G1 Evacuation Pause)
[2024-10-11T04:32:17.429+0800][info] GC(129) Using 3 workers of 48 for evacuation
[2024-10-11T04:32:17.430+0800][info] GC(129) To-space exhausted
[2024-10-11T04:32:17.430+0800][info] GC(129)   Pre Evacuate Collection Set: 0.1ms
[2024-10-11T04:32:17.430+0800][info] GC(129)   Merge Heap Roots: 0.1ms
[2024-10-11T04:32:17.430+0800][info] GC(129)   Evacuate Collection Set: 0.5ms
[2024-10-11T04:32:17.430+0800][info] GC(129)   Post Evacuate Collection Set: 0.7ms
[2024-10-11T04:32:17.430+0800][info] GC(129)   Other: 0.2ms
[2024-10-11T04:32:17.430+0800][info] GC(129) Eden regions: 1->0(3)
[2024-10-11T04:32:17.430+0800][info] GC(129) Survivor regions: 1->0(0)
[2024-10-11T04:32:17.430+0800][info] GC(129) Old regions: 57->59
[2024-10-11T04:32:17.430+0800][info] GC(129) Archive regions: 2->2
[2024-10-11T04:32:17.430+0800][info] GC(129) Humongous regions: 3->3
[2024-10-11T04:32:17.430+0800][info] GC(129) Metaspace: 1587K(1792K)->1587K(1792K) NonClass: 1463K(1600K)->1463K(1600K) Class: 124K(192K)->124K(192K)
[2024-10-11T04:32:17.430+0800][info] GC(129) Pause Young (Mixed) (G1 Evacuation Pause) 120M->120M(128M) 1.668ms
[2024-10-11T04:32:17.430+0800][info] GC(129) User=0.00s Sys=0.00s Real=0.00s
[2024-10-11T04:32:17.430+0800][info] Attempting full compaction
[2024-10-11T04:32:17.430+0800][info] GC(130) Using 3 workers of 48 for full compaction
[2024-10-11T04:32:17.430+0800][info] GC(130) Pause Full (G1 Compaction Pause)
[2024-10-11T04:32:17.430+0800][info] GC(130) Phase 1: Mark live objects
[2024-10-11T04:32:17.433+0800][info] GC(130) Phase 1: Mark live objects 2.936ms
[2024-10-11T04:32:17.433+0800][info] GC(130) Phase 2: Prepare for compaction
[2024-10-11T04:32:17.434+0800][info] GC(130) Phase 2: Prepare for compaction 0.529ms
[2024-10-11T04:32:17.434+0800][info] GC(130) Phase 3: Adjust pointers
[2024-10-11T04:32:17.435+0800][info] GC(130) Phase 3: Adjust pointers 1.403ms
[2024-10-11T04:32:17.435+0800][info] GC(130) Phase 4: Compact heap
[2024-10-11T04:32:17.447+0800][info] GC(130) Phase 4: Compact heap 11.509ms
[2024-10-11T04:32:17.448+0800][info] GC(130) Eden regions: 0->0(4)
[2024-10-11T04:32:17.448+0800][info] GC(130) Survivor regions: 0->0(0)
[2024-10-11T04:32:17.448+0800][info] GC(130) Old regions: 59->38
[2024-10-11T04:32:17.448+0800][info] GC(130) Archive regions: 2->2
[2024-10-11T04:32:17.448+0800][info] GC(130) Humongous regions: 3->3
[2024-10-11T04:32:17.448+0800][info] GC(130) Metaspace: 1587K(1792K)->1587K(1792K) NonClass: 1463K(1600K)->1463K(1600K) Class: 124K(192K)->124K(192K)
[2024-10-11T04:32:17.448+0800][info] GC(130) Pause Full (G1 Compaction Pause) 120M->71M(128M) 17.866ms
[2024-10-11T04:32:17.448+0800][info] GC(130) User=0.04s Sys=0.00s Real=0.02s
[2024-10-11T04:32:17.674+0800][info] GC(131) Pause Young (Normal) (G1 Evacuation Pause)
[2024-10-11T04:32:17.674+0800][info] GC(131) Using 3 workers of 48 for evacuation
[2024-10-11T04:32:17.675+0800][info] GC(131)   Pre Evacuate Collection Set: 0.1ms
[2024-10-11T04:32:17.675+0800][info] GC(131)   Merge Heap Roots: 0.0ms
[2024-10-11T04:32:17.675+0800][info] GC(131)   Evacuate Collection Set: 1.1ms
[2024-10-11T04:32:17.675+0800][info] GC(131)   Post Evacuate Collection Set: 0.2ms
[2024-10-11T04:32:17.675+0800][info] GC(131)   Other: 0.2ms
[2024-10-11T04:32:17.675+0800][info] GC(131) Eden regions: 4->0(2)
[2024-10-11T04:32:17.675+0800][info] GC(131) Survivor regions: 0->1(1)
[2024-10-11T04:32:17.675+0800][info] GC(131) Old regions: 38->41
[2024-10-11T04:32:17.675+0800][info] GC(131) Archive regions: 2->2
[2024-10-11T04:32:17.675+0800][info] GC(131) Humongous regions: 3->3
[2024-10-11T04:32:17.675+0800][info] GC(131) Metaspace: 1587K(1792K)->1587K(1792K) NonClass: 1463K(1600K)->1463K(1600K) Class: 124K(192K)->124K(192K)
[2024-10-11T04:32:17.675+0800][info] GC(131) Pause Young (Normal) (G1 Evacuation Pause) 79M->79M(128M) 1.774ms
[2024-10-11T04:32:17.675+0800][info] GC(131) User=0.01s Sys=0.00s Real=0.00s
[2024-10-11T04:32:17.778+0800][info] GC(132) Pause Young (Normal) (G1 Evacuation Pause)
[2024-10-11T04:32:17.778+0800][info] GC(132) Using 3 workers of 48 for evacuation
[2024-10-11T04:32:17.779+0800][info] GC(132)   Pre Evacuate Collection Set: 0.1ms
[2024-10-11T04:32:17.779+0800][info] GC(132)   Merge Heap Roots: 0.0ms
[2024-10-11T04:32:17.779+0800][info] GC(132)   Evacuate Collection Set: 0.8ms
[2024-10-11T04:32:17.779+0800][info] GC(132)   Post Evacuate Collection Set: 0.2ms
[2024-10-11T04:32:17.779+0800][info] GC(132)   Other: 0.2ms
[2024-10-11T04:32:17.779+0800][info] GC(132) Eden regions: 2->0(2)
[2024-10-11T04:32:17.779+0800][info] GC(132) Survivor regions: 1->1(1)
[2024-10-11T04:32:17.779+0800][info] GC(132) Old regions: 41->44
[2024-10-11T04:32:17.779+0800][info] GC(132) Archive regions: 2->2
[2024-10-11T04:32:17.779+0800][info] GC(132) Humongous regions: 3->3
[2024-10-11T04:32:17.779+0800][info] GC(132) Metaspace: 1587K(1792K)->1587K(1792K) NonClass: 1463K(1600K)->1463K(1600K) Class: 124K(192K)->124K(192K)
[2024-10-11T04:32:17.779+0800][info] GC(132) Pause Young (Normal) (G1 Evacuation Pause) 83M->84M(128M) 1.331ms
[2024-10-11T04:32:17.779+0800][info] GC(132) User=0.00s Sys=0.00s Real=0.00s
[2024-10-11T04:32:17.881+0800][info] GC(133) Pause Young (Normal) (G1 Evacuation Pause)
[2024-10-11T04:32:17.881+0800][info] GC(133) Using 3 workers of 48 for evacuation
[2024-10-11T04:32:17.882+0800][info] GC(133)   Pre Evacuate Collection Set: 0.1ms
[2024-10-11T04:32:17.882+0800][info] GC(133)   Merge Heap Roots: 0.0ms
[2024-10-11T04:32:17.882+0800][info] GC(133)   Evacuate Collection Set: 0.8ms
[2024-10-11T04:32:17.882+0800][info] GC(133)   Post Evacuate Collection Set: 0.2ms
[2024-10-11T04:32:17.882+0800][info] GC(133)   Other: 0.2ms
[2024-10-11T04:32:17.882+0800][info] GC(133) Eden regions: 2->0(2)
[2024-10-11T04:32:17.882+0800][info] GC(133) Survivor regions: 1->1(1)
[2024-10-11T04:32:17.882+0800][info] GC(133) Old regions: 44->46
[2024-10-11T04:32:17.882+0800][info] GC(133) Archive regions: 2->2
[2024-10-11T04:32:17.882+0800][info] GC(133) Humongous regions: 3->3
[2024-10-11T04:32:17.882+0800][info] GC(133) Metaspace: 1587K(1792K)->1587K(1792K) NonClass: 1463K(1600K)->1463K(1600K) Class: 124K(192K)->124K(192K)
[2024-10-11T04:32:17.882+0800][info] GC(133) Pause Young (Normal) (G1 Evacuation Pause) 87M->88M(128M) 1.425ms
[2024-10-11T04:32:17.882+0800][info] GC(133) User=0.00s Sys=0.00s Real=0.00s
[2024-10-11T04:32:17.985+0800][info] GC(134) Pause Young (Concurrent Start) (G1 Evacuation Pause)
[2024-10-11T04:32:17.985+0800][info] GC(134) Using 3 workers of 48 for evacuation
[2024-10-11T04:32:17.986+0800][info] GC(134)   Pre Evacuate Collection Set: 0.1ms
[2024-10-11T04:32:17.986+0800][info] GC(134)   Merge Heap Roots: 0.0ms
[2024-10-11T04:32:17.986+0800][info] GC(134)   Evacuate Collection Set: 0.7ms
[2024-10-11T04:32:17.986+0800][info] GC(134)   Post Evacuate Collection Set: 0.2ms
[2024-10-11T04:32:17.986+0800][info] GC(134)   Other: 0.4ms
[2024-10-11T04:32:17.986+0800][info] GC(134) Eden regions: 2->0(2)
[2024-10-11T04:32:17.986+0800][info] GC(134) Survivor regions: 1->1(1)
[2024-10-11T04:32:17.986+0800][info] GC(134) Old regions: 46->47
[2024-10-11T04:32:17.986+0800][info] GC(134) Archive regions: 2->2
[2024-10-11T04:32:17.986+0800][info] GC(134) Humongous regions: 3->3
[2024-10-11T04:32:17.986+0800][info] GC(134) Metaspace: 1587K(1792K)->1587K(1792K) NonClass: 1463K(1600K)->1463K(1600K) Class: 124K(192K)->124K(192K)
[2024-10-11T04:32:17.986+0800][info] GC(134) Pause Young (Concurrent Start) (G1 Evacuation Pause) 91M->91M(128M) 1.490ms
[2024-10-11T04:32:17.986+0800][info] GC(134) User=0.00s Sys=0.00s Real=0.01s
[2024-10-11T04:32:17.987+0800][info] GC(135) Concurrent Mark Cycle
[2024-10-11T04:32:17.987+0800][info] GC(135) Concurrent Clear Claimed Marks
[2024-10-11T04:32:17.987+0800][info] GC(135) Concurrent Clear Claimed Marks 0.017ms
[2024-10-11T04:32:17.987+0800][info] GC(135) Concurrent Scan Root Regions
[2024-10-11T04:32:17.987+0800][info] GC(135) Concurrent Scan Root Regions 0.111ms
[2024-10-11T04:32:17.987+0800][info] GC(135) Concurrent Mark
[2024-10-11T04:32:17.987+0800][info] GC(135) Concurrent Mark From Roots
[2024-10-11T04:32:17.987+0800][info] GC(135) Using 12 workers of 12 for marking
[2024-10-11T04:32:17.992+0800][info] GC(135) Concurrent Mark From Roots 5.396ms
[2024-10-11T04:32:17.992+0800][info] GC(135) Concurrent Preclean
[2024-10-11T04:32:17.994+0800][info] GC(135) Concurrent Preclean 1.697ms
[2024-10-11T04:32:17.994+0800][info] GC(135) Pause Remark
[2024-10-11T04:32:17.995+0800][info] GC(135) Pause Remark 92M->92M(128M) 1.246ms
[2024-10-11T04:32:17.995+0800][info] GC(135) User=0.01s Sys=0.00s Real=0.00s
[2024-10-11T04:32:17.995+0800][info] GC(135) Concurrent Mark 8.638ms
[2024-10-11T04:32:17.995+0800][info] GC(135) Concurrent Rebuild Remembered Sets
[2024-10-11T04:32:17.997+0800][info] GC(135) Concurrent Rebuild Remembered Sets 1.455ms
[2024-10-11T04:32:17.997+0800][info] GC(135) Pause Cleanup
[2024-10-11T04:32:17.997+0800][info] GC(135) Pause Cleanup 92M->92M(128M) 0.214ms
[2024-10-11T04:32:17.997+0800][info] GC(135) User=0.00s Sys=0.00s Real=0.00s
[2024-10-11T04:32:17.997+0800][info] GC(135) Concurrent Cleanup for Next Mark
[2024-10-11T04:32:17.998+0800][info] GC(135) Concurrent Cleanup for Next Mark 0.350ms
[2024-10-11T04:32:17.998+0800][info] GC(135) Concurrent Mark Cycle 11.061ms
[2024-10-11T04:32:18.140+0800][info] GC(136) Pause Young (Prepare Mixed) (G1 Evacuation Pause)
[2024-10-11T04:32:18.140+0800][info] GC(136) Using 3 workers of 48 for evacuation
[2024-10-11T04:32:18.141+0800][info] GC(136)   Pre Evacuate Collection Set: 0.1ms
[2024-10-11T04:32:18.141+0800][info] GC(136)   Merge Heap Roots: 0.1ms
[2024-10-11T04:32:18.141+0800][info] GC(136)   Evacuate Collection Set: 0.8ms
[2024-10-11T04:32:18.141+0800][info] GC(136)   Post Evacuate Collection Set: 0.2ms
[2024-10-11T04:32:18.141+0800][info] GC(136)   Other: 0.2ms
[2024-10-11T04:32:18.141+0800][info] GC(136) Eden regions: 2->0(2)
[2024-10-11T04:32:18.141+0800][info] GC(136) Survivor regions: 1->1(1)
[2024-10-11T04:32:18.141+0800][info] GC(136) Old regions: 47->49
[2024-10-11T04:32:18.141+0800][info] GC(136) Archive regions: 2->2
[2024-10-11T04:32:18.141+0800][info] GC(136) Humongous regions: 3->3
[2024-10-11T04:32:18.141+0800][info] GC(136) Metaspace: 1588K(1792K)->1588K(1792K) NonClass: 1464K(1600K)->1464K(1600K) Class: 124K(192K)->124K(192K)
[2024-10-11T04:32:18.141+0800][info] GC(136) Pause Young (Prepare Mixed) (G1 Evacuation Pause) 95M->95M(128M) 1.508ms
[2024-10-11T04:32:18.141+0800][info] GC(136) User=0.01s Sys=0.00s Real=0.00s
[2024-10-11T04:32:18.244+0800][info] GC(137) Pause Young (Mixed) (G1 Evacuation Pause)
[2024-10-11T04:32:18.244+0800][info] GC(137) Using 3 workers of 48 for evacuation
[2024-10-11T04:32:18.246+0800][info] GC(137)   Pre Evacuate Collection Set: 0.1ms
[2024-10-11T04:32:18.246+0800][info] GC(137)   Merge Heap Roots: 0.1ms
[2024-10-11T04:32:18.246+0800][info] GC(137)   Evacuate Collection Set: 1.6ms
[2024-10-11T04:32:18.246+0800][info] GC(137)   Post Evacuate Collection Set: 0.2ms
[2024-10-11T04:32:18.246+0800][info] GC(137)   Other: 0.2ms
[2024-10-11T04:32:18.246+0800][info] GC(137) Eden regions: 2->0(2)
[2024-10-11T04:32:18.246+0800][info] GC(137) Survivor regions: 1->1(1)
[2024-10-11T04:32:18.246+0800][info] GC(137) Old regions: 49->48
[2024-10-11T04:32:18.246+0800][info] GC(137) Archive regions: 2->2
[2024-10-11T04:32:18.246+0800][info] GC(137) Humongous regions: 3->3
[2024-10-11T04:32:18.246+0800][info] GC(137) Metaspace: 1588K(1792K)->1588K(1792K) NonClass: 1464K(1600K)->1464K(1600K) Class: 124K(192K)->124K(192K)
[2024-10-11T04:32:18.246+0800][info] GC(137) Pause Young (Mixed) (G1 Evacuation Pause) 98M->94M(128M) 2.216ms
[2024-10-11T04:32:18.246+0800][info] GC(137) User=0.01s Sys=0.00s Real=0.01s
[2024-10-11T04:32:18.348+0800][info] GC(138) Pause Young (Mixed) (G1 Evacuation Pause)
[2024-10-11T04:32:18.348+0800][info] GC(138) Using 3 workers of 48 for evacuation
[2024-10-11T04:32:18.350+0800][info] GC(138)   Pre Evacuate Collection Set: 0.1ms
[2024-10-11T04:32:18.350+0800][info] GC(138)   Merge Heap Roots: 0.1ms
[2024-10-11T04:32:18.350+0800][info] GC(138)   Evacuate Collection Set: 1.9ms
[2024-10-11T04:32:18.350+0800][info] GC(138)   Post Evacuate Collection Set: 0.2ms
[2024-10-11T04:32:18.350+0800][info] GC(138)   Other: 0.1ms
[2024-10-11T04:32:18.350+0800][info] GC(138) Eden regions: 2->0(2)
[2024-10-11T04:32:18.350+0800][info] GC(138) Survivor regions: 1->1(1)
[2024-10-11T04:32:18.350+0800][info] GC(138) Old regions: 48->46
[2024-10-11T04:32:18.350+0800][info] GC(138) Archive regions: 2->2
[2024-10-11T04:32:18.350+0800][info] GC(138) Humongous regions: 3->3
[2024-10-11T04:32:18.350+0800][info] GC(138) Metaspace: 1588K(1792K)->1588K(1792K) NonClass: 1464K(1600K)->1464K(1600K) Class: 124K(192K)->124K(192K)
[2024-10-11T04:32:18.350+0800][info] GC(138) Pause Young (Mixed) (G1 Evacuation Pause) 98M->92M(128M) 2.531ms
[2024-10-11T04:32:18.350+0800][info] GC(138) User=0.00s Sys=0.00s Real=0.00s
[2024-10-11T04:32:18.453+0800][info] GC(139) Pause Young (Mixed) (G1 Evacuation Pause)
[2024-10-11T04:32:18.453+0800][info] GC(139) Using 3 workers of 48 for evacuation
[2024-10-11T04:32:18.455+0800][info] GC(139)   Pre Evacuate Collection Set: 0.1ms
[2024-10-11T04:32:18.455+0800][info] GC(139)   Merge Heap Roots: 0.1ms
[2024-10-11T04:32:18.455+0800][info] GC(139)   Evacuate Collection Set: 2.0ms
[2024-10-11T04:32:18.455+0800][info] GC(139)   Post Evacuate Collection Set: 0.2ms
[2024-10-11T04:32:18.455+0800][info] GC(139)   Other: 0.1ms
[2024-10-11T04:32:18.455+0800][info] GC(139) Eden regions: 2->0(2)
[2024-10-11T04:32:18.456+0800][info] GC(139) Survivor regions: 1->1(1)
[2024-10-11T04:32:18.456+0800][info] GC(139) Old regions: 46->45
[2024-10-11T04:32:18.456+0800][info] GC(139) Archive regions: 2->2
[2024-10-11T04:32:18.456+0800][info] GC(139) Humongous regions: 3->3
[2024-10-11T04:32:18.456+0800][info] GC(139) Metaspace: 1588K(1792K)->1588K(1792K) NonClass: 1464K(1600K)->1464K(1600K) Class: 124K(192K)->124K(192K)
[2024-10-11T04:32:18.456+0800][info] GC(139) Pause Young (Mixed) (G1 Evacuation Pause) 96M->93M(128M) 2.717ms
[2024-10-11T04:32:18.456+0800][info] GC(139) User=0.00s Sys=0.00s Real=0.01s
[2024-10-11T04:32:18.557+0800][info] GC(140) Pause Young (Mixed) (G1 Evacuation Pause)
[2024-10-11T04:32:18.557+0800][info] GC(140) Using 3 workers of 48 for evacuation
[2024-10-11T04:32:18.559+0800][info] GC(140)   Pre Evacuate Collection Set: 0.1ms
[2024-10-11T04:32:18.559+0800][info] GC(140)   Merge Heap Roots: 0.1ms
[2024-10-11T04:32:18.559+0800][info] GC(140)   Evacuate Collection Set: 1.2ms
[2024-10-11T04:32:18.559+0800][info] GC(140)   Post Evacuate Collection Set: 0.2ms
[2024-10-11T04:32:18.559+0800][info] GC(140)   Other: 0.1ms
[2024-10-11T04:32:18.559+0800][info] GC(140) Eden regions: 2->0(2)
[2024-10-11T04:32:18.559+0800][info] GC(140) Survivor regions: 1->1(1)
[2024-10-11T04:32:18.559+0800][info] GC(140) Old regions: 45->46
[2024-10-11T04:32:18.559+0800][info] GC(140) Archive regions: 2->2
[2024-10-11T04:32:18.559+0800][info] GC(140) Humongous regions: 3->3
[2024-10-11T04:32:18.559+0800][info] GC(140) Metaspace: 1588K(1792K)->1588K(1792K) NonClass: 1464K(1600K)->1464K(1600K) Class: 124K(192K)->124K(192K)
[2024-10-11T04:32:18.559+0800][info] GC(140) Pause Young (Mixed) (G1 Evacuation Pause) 97M->95M(128M) 1.805ms
[2024-10-11T04:32:18.559+0800][info] GC(140) User=0.00s Sys=0.00s Real=0.00s
[2024-10-11T04:32:18.662+0800][info] GC(141) Pause Young (Normal) (G1 Evacuation Pause)
[2024-10-11T04:32:18.662+0800][info] GC(141) Using 3 workers of 48 for evacuation
[2024-10-11T04:32:18.663+0800][info] GC(141)   Pre Evacuate Collection Set: 0.1ms
[2024-10-11T04:32:18.663+0800][info] GC(141)   Merge Heap Roots: 0.0ms
[2024-10-11T04:32:18.663+0800][info] GC(141)   Evacuate Collection Set: 0.7ms
[2024-10-11T04:32:18.663+0800][info] GC(141)   Post Evacuate Collection Set: 0.2ms
[2024-10-11T04:32:18.663+0800][info] GC(141)   Other: 0.2ms
[2024-10-11T04:32:18.663+0800][info] GC(141) Eden regions: 2->0(2)
[2024-10-11T04:32:18.663+0800][info] GC(141) Survivor regions: 1->1(1)
[2024-10-11T04:32:18.663+0800][info] GC(141) Old regions: 46->48
[2024-10-11T04:32:18.663+0800][info] GC(141) Archive regions: 2->2
[2024-10-11T04:32:18.663+0800][info] GC(141) Humongous regions: 3->3
[2024-10-11T04:32:18.663+0800][info] GC(141) Metaspace: 1588K(1792K)->1588K(1792K) NonClass: 1464K(1600K)->1464K(1600K) Class: 124K(192K)->124K(192K)
[2024-10-11T04:32:18.663+0800][info] GC(141) Pause Young (Normal) (G1 Evacuation Pause) 98M->99M(128M) 1.307ms
[2024-10-11T04:32:18.663+0800][info] GC(141) User=0.01s Sys=0.00s Real=0.00s
[2024-10-11T04:32:18.765+0800][info] GC(142) Pause Young (Normal) (G1 Evacuation Pause)
[2024-10-11T04:32:18.765+0800][info] GC(142) Using 3 workers of 48 for evacuation
[2024-10-11T04:32:18.766+0800][info] GC(142)   Pre Evacuate Collection Set: 0.1ms
[2024-10-11T04:32:18.766+0800][info] GC(142)   Merge Heap Roots: 0.0ms
[2024-10-11T04:32:18.766+0800][info] GC(142)   Evacuate Collection Set: 0.8ms
[2024-10-11T04:32:18.766+0800][info] GC(142)   Post Evacuate Collection Set: 0.2ms
[2024-10-11T04:32:18.766+0800][info] GC(142)   Other: 0.2ms
[2024-10-11T04:32:18.766+0800][info] GC(142) Eden regions: 2->0(2)
[2024-10-11T04:32:18.766+0800][info] GC(142) Survivor regions: 1->1(1)
[2024-10-11T04:32:18.766+0800][info] GC(142) Old regions: 48->50
[2024-10-11T04:32:18.766+0800][info] GC(142) Archive regions: 2->2
[2024-10-11T04:32:18.766+0800][info] GC(142) Humongous regions: 3->3
[2024-10-11T04:32:18.766+0800][info] GC(142) Metaspace: 1588K(1792K)->1588K(1792K) NonClass: 1464K(1600K)->1464K(1600K) Class: 124K(192K)->124K(192K)
[2024-10-11T04:32:18.766+0800][info] GC(142) Pause Young (Normal) (G1 Evacuation Pause) 102M->103M(128M) 1.440ms
[2024-10-11T04:32:18.766+0800][info] GC(142) User=0.00s Sys=0.00s Real=0.01s
[2024-10-11T04:32:18.807+0800][info] GC(143) Pause Young (Concurrent Start) (G1 Humongous Allocation)
[2024-10-11T04:32:18.807+0800][info] GC(143) Using 3 workers of 48 for evacuation
[2024-10-11T04:32:18.809+0800][info] GC(143)   Pre Evacuate Collection Set: 0.1ms
[2024-10-11T04:32:18.809+0800][info] GC(143)   Merge Heap Roots: 0.0ms
[2024-10-11T04:32:18.809+0800][info] GC(143)   Evacuate Collection Set: 0.6ms
[2024-10-11T04:32:18.809+0800][info] GC(143)   Post Evacuate Collection Set: 0.2ms
[2024-10-11T04:32:18.809+0800][info] GC(143)   Other: 0.4ms
[2024-10-11T04:32:18.809+0800][info] GC(143) Eden regions: 1->0(2)
[2024-10-11T04:32:18.809+0800][info] GC(143) Survivor regions: 1->1(1)
[2024-10-11T04:32:18.809+0800][info] GC(143) Old regions: 50->51
[2024-10-11T04:32:18.809+0800][info] GC(143) Archive regions: 2->2
[2024-10-11T04:32:18.809+0800][info] GC(143) Humongous regions: 3->3
[2024-10-11T04:32:18.809+0800][info] GC(143) Metaspace: 1588K(1792K)->1588K(1792K) NonClass: 1464K(1600K)->1464K(1600K) Class: 124K(192K)->124K(192K)
[2024-10-11T04:32:18.809+0800][info] GC(143) Pause Young (Concurrent Start) (G1 Humongous Allocation) 104M->104M(128M) 1.373ms
[2024-10-11T04:32:18.809+0800][info] GC(143) User=0.00s Sys=0.00s Real=0.00s
[2024-10-11T04:32:18.809+0800][info] GC(144) Concurrent Mark Cycle
[2024-10-11T04:32:18.809+0800][info] GC(144) Concurrent Clear Claimed Marks
[2024-10-11T04:32:18.809+0800][info] GC(144) Concurrent Clear Claimed Marks 0.017ms
[2024-10-11T04:32:18.809+0800][info] GC(144) Concurrent Scan Root Regions
[2024-10-11T04:32:18.809+0800][info] GC(144) Concurrent Scan Root Regions 0.154ms
[2024-10-11T04:32:18.809+0800][info] GC(144) Concurrent Mark
[2024-10-11T04:32:18.809+0800][info] GC(144) Concurrent Mark From Roots
[2024-10-11T04:32:18.809+0800][info] GC(144) Using 12 workers of 12 for marking
[2024-10-11T04:32:18.815+0800][info] GC(144) Concurrent Mark From Roots 6.215ms
[2024-10-11T04:32:18.815+0800][info] GC(144) Concurrent Preclean
[2024-10-11T04:32:18.817+0800][info] GC(144) Concurrent Preclean 1.670ms
[2024-10-11T04:32:18.817+0800][info] GC(144) Pause Remark
[2024-10-11T04:32:18.818+0800][info] GC(144) Pause Remark 106M->105M(128M) 1.376ms
[2024-10-11T04:32:18.818+0800][info] GC(144) User=0.00s Sys=0.00s Real=0.00s
[2024-10-11T04:32:18.819+0800][info] GC(144) Concurrent Mark 9.511ms
[2024-10-11T04:32:18.819+0800][info] GC(144) Concurrent Rebuild Remembered Sets
[2024-10-11T04:32:18.820+0800][info] GC(144) Concurrent Rebuild Remembered Sets 1.322ms
[2024-10-11T04:32:18.820+0800][info] GC(144) Pause Cleanup
[2024-10-11T04:32:18.820+0800][info] GC(144) Pause Cleanup 105M->105M(128M) 0.190ms
[2024-10-11T04:32:18.820+0800][info] GC(144) User=0.00s Sys=0.00s Real=0.00s
[2024-10-11T04:32:18.820+0800][info] GC(144) Concurrent Cleanup for Next Mark
[2024-10-11T04:32:18.821+0800][info] GC(144) Concurrent Cleanup for Next Mark 0.443ms
[2024-10-11T04:32:18.821+0800][info] GC(144) Concurrent Mark Cycle 11.971ms
[2024-10-11T04:32:18.983+0800][info] GC(145) Pause Young (Prepare Mixed) (G1 Evacuation Pause)
[2024-10-11T04:32:18.983+0800][info] GC(145) Using 3 workers of 48 for evacuation
[2024-10-11T04:32:18.985+0800][info] GC(145)   Pre Evacuate Collection Set: 0.1ms
[2024-10-11T04:32:18.985+0800][info] GC(145)   Merge Heap Roots: 0.1ms
[2024-10-11T04:32:18.985+0800][info] GC(145)   Evacuate Collection Set: 0.8ms
[2024-10-11T04:32:18.985+0800][info] GC(145)   Post Evacuate Collection Set: 0.2ms
[2024-10-11T04:32:18.985+0800][info] GC(145)   Other: 0.2ms
[2024-10-11T04:32:18.985+0800][info] GC(145) Eden regions: 2->0(2)
[2024-10-11T04:32:18.985+0800][info] GC(145) Survivor regions: 1->1(1)
[2024-10-11T04:32:18.985+0800][info] GC(145) Old regions: 50->52
[2024-10-11T04:32:18.985+0800][info] GC(145) Archive regions: 2->2
[2024-10-11T04:32:18.985+0800][info] GC(145) Humongous regions: 4->3
[2024-10-11T04:32:18.985+0800][info] GC(145) Metaspace: 1588K(1792K)->1588K(1792K) NonClass: 1464K(1600K)->1464K(1600K) Class: 124K(192K)->124K(192K)
[2024-10-11T04:32:18.985+0800][info] GC(145) Pause Young (Prepare Mixed) (G1 Evacuation Pause) 108M->107M(128M) 1.446ms
[2024-10-11T04:32:18.985+0800][info] GC(145) User=0.00s Sys=0.00s Real=0.00s
[2024-10-11T04:32:19.046+0800][info] GC(146) Pause Young (Mixed) (G1 Preventive Collection)
[2024-10-11T04:32:19.046+0800][info] GC(146) Using 3 workers of 48 for evacuation
[2024-10-11T04:32:19.048+0800][info] GC(146)   Pre Evacuate Collection Set: 0.1ms
[2024-10-11T04:32:19.048+0800][info] GC(146)   Merge Heap Roots: 0.1ms
[2024-10-11T04:32:19.048+0800][info] GC(146)   Evacuate Collection Set: 1.2ms
[2024-10-11T04:32:19.048+0800][info] GC(146)   Post Evacuate Collection Set: 0.2ms
[2024-10-11T04:32:19.048+0800][info] GC(146)   Other: 0.2ms
[2024-10-11T04:32:19.048+0800][info] GC(146) Eden regions: 1->0(2)
[2024-10-11T04:32:19.048+0800][info] GC(146) Survivor regions: 1->1(1)
[2024-10-11T04:32:19.048+0800][info] GC(146) Old regions: 52->48
[2024-10-11T04:32:19.048+0800][info] GC(146) Archive regions: 2->2
[2024-10-11T04:32:19.048+0800][info] GC(146) Humongous regions: 3->3
[2024-10-11T04:32:19.048+0800][info] GC(146) Metaspace: 1588K(1792K)->1588K(1792K) NonClass: 1464K(1600K)->1464K(1600K) Class: 124K(192K)->124K(192K)
[2024-10-11T04:32:19.048+0800][info] GC(146) Pause Young (Mixed) (G1 Preventive Collection) 109M->101M(128M) 1.860ms
[2024-10-11T04:32:19.048+0800][info] GC(146) User=0.00s Sys=0.00s Real=0.00s
[2024-10-11T04:32:19.150+0800][info] GC(147) Pause Young (Mixed) (G1 Evacuation Pause)
[2024-10-11T04:32:19.150+0800][info] GC(147) Using 3 workers of 48 for evacuation
[2024-10-11T04:32:19.152+0800][info] GC(147)   Pre Evacuate Collection Set: 0.1ms
[2024-10-11T04:32:19.152+0800][info] GC(147)   Merge Heap Roots: 0.1ms
[2024-10-11T04:32:19.152+0800][info] GC(147)   Evacuate Collection Set: 1.4ms
[2024-10-11T04:32:19.152+0800][info] GC(147)   Post Evacuate Collection Set: 0.2ms
[2024-10-11T04:32:19.152+0800][info] GC(147)   Other: 0.1ms
[2024-10-11T04:32:19.152+0800][info] GC(147) Eden regions: 2->0(2)
[2024-10-11T04:32:19.152+0800][info] GC(147) Survivor regions: 1->1(1)
[2024-10-11T04:32:19.152+0800][info] GC(147) Old regions: 48->46
[2024-10-11T04:32:19.152+0800][info] GC(147) Archive regions: 2->2
[2024-10-11T04:32:19.152+0800][info] GC(147) Humongous regions: 3->3
[2024-10-11T04:32:19.152+0800][info] GC(147) Metaspace: 1588K(1792K)->1588K(1792K) NonClass: 1464K(1600K)->1464K(1600K) Class: 124K(192K)->124K(192K)
[2024-10-11T04:32:19.152+0800][info] GC(147) Pause Young (Mixed) (G1 Evacuation Pause) 104M->97M(128M) 2.001ms
[2024-10-11T04:32:19.152+0800][info] GC(147) User=0.00s Sys=0.00s Real=0.00s
[2024-10-11T04:32:19.254+0800][info] GC(148) Pause Young (Mixed) (G1 Evacuation Pause)
[2024-10-11T04:32:19.254+0800][info] GC(148) Using 3 workers of 48 for evacuation
[2024-10-11T04:32:19.257+0800][info] GC(148)   Pre Evacuate Collection Set: 0.1ms
[2024-10-11T04:32:19.257+0800][info] GC(148)   Merge Heap Roots: 0.1ms
[2024-10-11T04:32:19.257+0800][info] GC(148)   Evacuate Collection Set: 1.8ms
[2024-10-11T04:32:19.257+0800][info] GC(148)   Post Evacuate Collection Set: 0.2ms
[2024-10-11T04:32:19.257+0800][info] GC(148)   Other: 0.1ms
[2024-10-11T04:32:19.257+0800][info] GC(148) Eden regions: 2->0(2)
[2024-10-11T04:32:19.257+0800][info] GC(148) Survivor regions: 1->1(1)
[2024-10-11T04:32:19.257+0800][info] GC(148) Old regions: 46->45
[2024-10-11T04:32:19.257+0800][info] GC(148) Archive regions: 2->2
[2024-10-11T04:32:19.257+0800][info] GC(148) Humongous regions: 3->3
[2024-10-11T04:32:19.257+0800][info] GC(148) Metaspace: 1588K(1792K)->1588K(1792K) NonClass: 1464K(1600K)->1464K(1600K) Class: 124K(192K)->124K(192K)
[2024-10-11T04:32:19.257+0800][info] GC(148) Pause Young (Mixed) (G1 Evacuation Pause) 100M->95M(128M) 2.363ms
[2024-10-11T04:32:19.257+0800][info] GC(148) User=0.00s Sys=0.00s Real=0.00s
[2024-10-11T04:32:19.359+0800][info] GC(149) Pause Young (Mixed) (G1 Evacuation Pause)
[2024-10-11T04:32:19.359+0800][info] GC(149) Using 3 workers of 48 for evacuation
[2024-10-11T04:32:19.361+0800][info] GC(149)   Pre Evacuate Collection Set: 0.1ms
[2024-10-11T04:32:19.361+0800][info] GC(149)   Merge Heap Roots: 0.1ms
[2024-10-11T04:32:19.361+0800][info] GC(149)   Evacuate Collection Set: 1.8ms
[2024-10-11T04:32:19.362+0800][info] GC(149)   Post Evacuate Collection Set: 0.2ms
[2024-10-11T04:32:19.362+0800][info] GC(149)   Other: 0.1ms
[2024-10-11T04:32:19.362+0800][info] GC(149) Eden regions: 2->0(2)
[2024-10-11T04:32:19.362+0800][info] GC(149) Survivor regions: 1->1(1)
[2024-10-11T04:32:19.362+0800][info] GC(149) Old regions: 45->44
[2024-10-11T04:32:19.362+0800][info] GC(149) Archive regions: 2->2
[2024-10-11T04:32:19.362+0800][info] GC(149) Humongous regions: 3->3
[2024-10-11T04:32:19.362+0800][info] GC(149) Metaspace: 1588K(1792K)->1588K(1792K) NonClass: 1464K(1600K)->1464K(1600K) Class: 124K(192K)->124K(192K)
[2024-10-11T04:32:19.362+0800][info] GC(149) Pause Young (Mixed) (G1 Evacuation Pause) 99M->95M(128M) 2.473ms
[2024-10-11T04:32:19.362+0800][info] GC(149) User=0.01s Sys=0.00s Real=0.00s
[2024-10-11T04:32:19.464+0800][info] GC(150) Pause Young (Mixed) (G1 Evacuation Pause)
[2024-10-11T04:32:19.464+0800][info] GC(150) Using 3 workers of 48 for evacuation
[2024-10-11T04:32:19.465+0800][info] GC(150)   Pre Evacuate Collection Set: 0.1ms
[2024-10-11T04:32:19.465+0800][info] GC(150)   Merge Heap Roots: 0.0ms
[2024-10-11T04:32:19.465+0800][info] GC(150)   Evacuate Collection Set: 0.9ms
[2024-10-11T04:32:19.465+0800][info] GC(150)   Post Evacuate Collection Set: 0.2ms
[2024-10-11T04:32:19.465+0800][info] GC(150)   Other: 0.1ms
[2024-10-11T04:32:19.465+0800][info] GC(150) Eden regions: 2->0(2)
[2024-10-11T04:32:19.465+0800][info] GC(150) Survivor regions: 1->1(1)
[2024-10-11T04:32:19.465+0800][info] GC(150) Old regions: 44->46
[2024-10-11T04:32:19.465+0800][info] GC(150) Archive regions: 2->2
[2024-10-11T04:32:19.465+0800][info] GC(150) Humongous regions: 3->3
[2024-10-11T04:32:19.465+0800][info] GC(150) Metaspace: 1588K(1792K)->1588K(1792K) NonClass: 1464K(1600K)->1464K(1600K) Class: 124K(192K)->124K(192K)
[2024-10-11T04:32:19.465+0800][info] GC(150) Pause Young (Mixed) (G1 Evacuation Pause) 98M->99M(128M) 1.505ms
[2024-10-11T04:32:19.465+0800][info] GC(150) User=0.00s Sys=0.00s Real=0.01s
[2024-10-11T04:32:19.568+0800][info] GC(151) Pause Young (Normal) (G1 Evacuation Pause)
[2024-10-11T04:32:19.568+0800][info] GC(151) Using 3 workers of 48 for evacuation
[2024-10-11T04:32:19.569+0800][info] GC(151)   Pre Evacuate Collection Set: 0.1ms
[2024-10-11T04:32:19.569+0800][info] GC(151)   Merge Heap Roots: 0.0ms
[2024-10-11T04:32:19.569+0800][info] GC(151)   Evacuate Collection Set: 0.6ms
[2024-10-11T04:32:19.569+0800][info] GC(151)   Post Evacuate Collection Set: 0.2ms
[2024-10-11T04:32:19.569+0800][info] GC(151)   Other: 0.2ms
[2024-10-11T04:32:19.569+0800][info] GC(151) Eden regions: 2->0(2)
[2024-10-11T04:32:19.569+0800][info] GC(151) Survivor regions: 1->1(1)
[2024-10-11T04:32:19.569+0800][info] GC(151) Old regions: 46->48
[2024-10-11T04:32:19.569+0800][info] GC(151) Archive regions: 2->2
[2024-10-11T04:32:19.569+0800][info] GC(151) Humongous regions: 3->3
[2024-10-11T04:32:19.569+0800][info] GC(151) Metaspace: 1588K(1792K)->1588K(1792K) NonClass: 1464K(1600K)->1464K(1600K) Class: 124K(192K)->124K(192K)
[2024-10-11T04:32:19.569+0800][info] GC(151) Pause Young (Normal) (G1 Evacuation Pause) 102M->102M(128M) 1.205ms
[2024-10-11T04:32:19.569+0800][info] GC(151) User=0.00s Sys=0.00s Real=0.00s
[2024-10-11T04:32:19.671+0800][info] GC(152) Pause Young (Normal) (G1 Evacuation Pause)
[2024-10-11T04:32:19.671+0800][info] GC(152) Using 3 workers of 48 for evacuation
[2024-10-11T04:32:19.672+0800][info] GC(152)   Pre Evacuate Collection Set: 0.1ms
[2024-10-11T04:32:19.672+0800][info] GC(152)   Merge Heap Roots: 0.0ms
[2024-10-11T04:32:19.672+0800][info] GC(152)   Evacuate Collection Set: 0.6ms
[2024-10-11T04:32:19.672+0800][info] GC(152)   Post Evacuate Collection Set: 0.2ms
[2024-10-11T04:32:19.672+0800][info] GC(152)   Other: 0.2ms
[2024-10-11T04:32:19.672+0800][info] GC(152) Eden regions: 2->0(2)
[2024-10-11T04:32:19.672+0800][info] GC(152) Survivor regions: 1->1(1)
[2024-10-11T04:32:19.672+0800][info] GC(152) Old regions: 48->50
[2024-10-11T04:32:19.672+0800][info] GC(152) Archive regions: 2->2
[2024-10-11T04:32:19.672+0800][info] GC(152) Humongous regions: 3->3
[2024-10-11T04:32:19.672+0800][info] GC(152) Metaspace: 1588K(1792K)->1588K(1792K) NonClass: 1464K(1600K)->1464K(1600K) Class: 124K(192K)->124K(192K)
[2024-10-11T04:32:19.672+0800][info] GC(152) Pause Young (Normal) (G1 Evacuation Pause) 106M->106M(128M) 1.197ms
[2024-10-11T04:32:19.672+0800][info] GC(152) User=0.00s Sys=0.00s Real=0.00s
[2024-10-11T04:32:19.774+0800][info] GC(153) Pause Young (Concurrent Start) (G1 Evacuation Pause)
[2024-10-11T04:32:19.774+0800][info] GC(153) Using 3 workers of 48 for evacuation
[2024-10-11T04:32:19.776+0800][info] GC(153)   Pre Evacuate Collection Set: 0.1ms
[2024-10-11T04:32:19.776+0800][info] GC(153)   Merge Heap Roots: 0.0ms
[2024-10-11T04:32:19.776+0800][info] GC(153)   Evacuate Collection Set: 0.7ms
[2024-10-11T04:32:19.776+0800][info] GC(153)   Post Evacuate Collection Set: 0.2ms
[2024-10-11T04:32:19.776+0800][info] GC(153)   Other: 0.3ms
[2024-10-11T04:32:19.776+0800][info] GC(153) Eden regions: 2->0(2)
[2024-10-11T04:32:19.776+0800][info] GC(153) Survivor regions: 1->1(1)
[2024-10-11T04:32:19.776+0800][info] GC(153) Old regions: 50->52
[2024-10-11T04:32:19.776+0800][info] GC(153) Archive regions: 2->2
[2024-10-11T04:32:19.776+0800][info] GC(153) Humongous regions: 3->3
[2024-10-11T04:32:19.776+0800][info] GC(153) Metaspace: 1588K(1792K)->1588K(1792K) NonClass: 1464K(1600K)->1464K(1600K) Class: 124K(192K)->124K(192K)
[2024-10-11T04:32:19.776+0800][info] GC(153) Pause Young (Concurrent Start) (G1 Evacuation Pause) 110M->110M(128M) 1.416ms
[2024-10-11T04:32:19.776+0800][info] GC(153) User=0.01s Sys=0.00s Real=0.00s
[2024-10-11T04:32:19.776+0800][info] GC(154) Concurrent Mark Cycle
[2024-10-11T04:32:19.776+0800][info] GC(154) Concurrent Clear Claimed Marks
[2024-10-11T04:32:19.776+0800][info] GC(154) Concurrent Clear Claimed Marks 0.017ms
[2024-10-11T04:32:19.776+0800][info] GC(154) Concurrent Scan Root Regions
[2024-10-11T04:32:19.776+0800][info] GC(154) Concurrent Scan Root Regions 0.170ms
[2024-10-11T04:32:19.776+0800][info] GC(154) Concurrent Mark
[2024-10-11T04:32:19.776+0800][info] GC(154) Concurrent Mark From Roots
[2024-10-11T04:32:19.776+0800][info] GC(154) Using 12 workers of 12 for marking
[2024-10-11T04:32:19.782+0800][info] GC(154) Concurrent Mark From Roots 6.179ms
[2024-10-11T04:32:19.782+0800][info] GC(154) Concurrent Preclean
[2024-10-11T04:32:19.784+0800][info] GC(154) Concurrent Preclean 1.666ms
[2024-10-11T04:32:19.784+0800][info] GC(154) Pause Remark
[2024-10-11T04:32:19.786+0800][info] GC(154) Pause Remark 110M->109M(128M) 1.374ms
[2024-10-11T04:32:19.786+0800][info] GC(154) User=0.00s Sys=0.00s Real=0.01s
[2024-10-11T04:32:19.786+0800][info] GC(154) Concurrent Mark 9.534ms
[2024-10-11T04:32:19.786+0800][info] GC(154) Concurrent Rebuild Remembered Sets
[2024-10-11T04:32:19.787+0800][info] GC(154) Concurrent Rebuild Remembered Sets 1.330ms
[2024-10-11T04:32:19.787+0800][info] GC(154) Pause Cleanup
[2024-10-11T04:32:19.787+0800][info] GC(154) Pause Cleanup 109M->109M(128M) 0.219ms
[2024-10-11T04:32:19.787+0800][info] GC(154) User=0.00s Sys=0.00s Real=0.00s
[2024-10-11T04:32:19.788+0800][info] GC(154) Concurrent Cleanup for Next Mark
[2024-10-11T04:32:19.788+0800][info] GC(154) Concurrent Cleanup for Next Mark 0.347ms
[2024-10-11T04:32:19.788+0800][info] GC(154) Concurrent Mark Cycle 11.956ms
[2024-10-11T04:32:19.929+0800][info] GC(155) Pause Young (Prepare Mixed) (G1 Evacuation Pause)
[2024-10-11T04:32:19.929+0800][info] GC(155) Using 3 workers of 48 for evacuation
[2024-10-11T04:32:19.930+0800][info] GC(155)   Pre Evacuate Collection Set: 0.1ms
[2024-10-11T04:32:19.930+0800][info] GC(155)   Merge Heap Roots: 0.1ms
[2024-10-11T04:32:19.930+0800][info] GC(155)   Evacuate Collection Set: 0.9ms
[2024-10-11T04:32:19.930+0800][info] GC(155)   Post Evacuate Collection Set: 0.2ms
[2024-10-11T04:32:19.931+0800][info] GC(155)   Other: 0.2ms
[2024-10-11T04:32:19.931+0800][info] GC(155) Eden regions: 2->0(2)
[2024-10-11T04:32:19.931+0800][info] GC(155) Survivor regions: 1->1(1)
[2024-10-11T04:32:19.931+0800][info] GC(155) Old regions: 51->53
[2024-10-11T04:32:19.931+0800][info] GC(155) Archive regions: 2->2
[2024-10-11T04:32:19.931+0800][info] GC(155) Humongous regions: 3->3
[2024-10-11T04:32:19.931+0800][info] GC(155) Metaspace: 1588K(1792K)->1588K(1792K) NonClass: 1464K(1600K)->1464K(1600K) Class: 124K(192K)->124K(192K)
[2024-10-11T04:32:19.931+0800][info] GC(155) Pause Young (Prepare Mixed) (G1 Evacuation Pause) 112M->112M(128M) 1.532ms
[2024-10-11T04:32:19.931+0800][info] GC(155) User=0.00s Sys=0.00s Real=0.00s
[2024-10-11T04:32:19.993+0800][info] GC(156) Pause Young (Mixed) (G1 Preventive Collection)
[2024-10-11T04:32:19.993+0800][info] GC(156) Using 3 workers of 48 for evacuation
[2024-10-11T04:32:19.994+0800][info] GC(156)   Pre Evacuate Collection Set: 0.1ms
[2024-10-11T04:32:19.994+0800][info] GC(156)   Merge Heap Roots: 0.0ms
[2024-10-11T04:32:19.994+0800][info] GC(156)   Evacuate Collection Set: 1.2ms
[2024-10-11T04:32:19.994+0800][info] GC(156)   Post Evacuate Collection Set: 0.2ms
[2024-10-11T04:32:19.994+0800][info] GC(156)   Other: 0.2ms
[2024-10-11T04:32:19.994+0800][info] GC(156) Eden regions: 1->0(2)
[2024-10-11T04:32:19.994+0800][info] GC(156) Survivor regions: 1->1(1)
[2024-10-11T04:32:19.994+0800][info] GC(156) Old regions: 53->49
[2024-10-11T04:32:19.994+0800][info] GC(156) Archive regions: 2->2
[2024-10-11T04:32:19.994+0800][info] GC(156) Humongous regions: 3->3
[2024-10-11T04:32:19.994+0800][info] GC(156) Metaspace: 1588K(1792K)->1588K(1792K) NonClass: 1464K(1600K)->1464K(1600K) Class: 124K(192K)->124K(192K)
[2024-10-11T04:32:19.994+0800][info] GC(156) Pause Young (Mixed) (G1 Preventive Collection) 114M->105M(128M) 1.802ms
[2024-10-11T04:32:19.994+0800][info] GC(156) User=0.01s Sys=0.00s Real=0.01s
[2024-10-11T04:32:20.096+0800][info] GC(157) Pause Young (Mixed) (G1 Evacuation Pause)
[2024-10-11T04:32:20.096+0800][info] GC(157) Using 3 workers of 48 for evacuation
[2024-10-11T04:32:20.099+0800][info] GC(157)   Pre Evacuate Collection Set: 0.3ms
[2024-10-11T04:32:20.099+0800][info] GC(157)   Merge Heap Roots: 0.1ms
[2024-10-11T04:32:20.099+0800][info] GC(157)   Evacuate Collection Set: 1.6ms
[2024-10-11T04:32:20.099+0800][info] GC(157)   Post Evacuate Collection Set: 0.2ms
[2024-10-11T04:32:20.099+0800][info] GC(157)   Other: 0.1ms
[2024-10-11T04:32:20.099+0800][info] GC(157) Eden regions: 2->0(2)
[2024-10-11T04:32:20.099+0800][info] GC(157) Survivor regions: 1->1(1)
[2024-10-11T04:32:20.099+0800][info] GC(157) Old regions: 49->47
[2024-10-11T04:32:20.099+0800][info] GC(157) Archive regions: 2->2
[2024-10-11T04:32:20.099+0800][info] GC(157) Humongous regions: 3->3
[2024-10-11T04:32:20.099+0800][info] GC(157) Metaspace: 1588K(1792K)->1588K(1792K) NonClass: 1464K(1600K)->1464K(1600K) Class: 124K(192K)->124K(192K)
[2024-10-11T04:32:20.099+0800][info] GC(157) Pause Young (Mixed) (G1 Evacuation Pause) 109M->101M(128M) 2.432ms
[2024-10-11T04:32:20.099+0800][info] GC(157) User=0.01s Sys=0.00s Real=0.00s
[2024-10-11T04:32:20.201+0800][info] GC(158) Pause Young (Mixed) (G1 Evacuation Pause)
[2024-10-11T04:32:20.201+0800][info] GC(158) Using 3 workers of 48 for evacuation
[2024-10-11T04:32:20.204+0800][info] GC(158)   Pre Evacuate Collection Set: 0.1ms
[2024-10-11T04:32:20.204+0800][info] GC(158)   Merge Heap Roots: 0.1ms
[2024-10-11T04:32:20.204+0800][info] GC(158)   Evacuate Collection Set: 1.9ms
[2024-10-11T04:32:20.204+0800][info] GC(158)   Post Evacuate Collection Set: 0.2ms
[2024-10-11T04:32:20.204+0800][info] GC(158)   Other: 0.1ms
[2024-10-11T04:32:20.204+0800][info] GC(158) Eden regions: 2->0(2)
[2024-10-11T04:32:20.204+0800][info] GC(158) Survivor regions: 1->1(1)
[2024-10-11T04:32:20.204+0800][info] GC(158) Old regions: 47->46
[2024-10-11T04:32:20.204+0800][info] GC(158) Archive regions: 2->2
[2024-10-11T04:32:20.204+0800][info] GC(158) Humongous regions: 3->3
[2024-10-11T04:32:20.204+0800][info] GC(158) Metaspace: 1615K(1792K)->1615K(1792K) NonClass: 1491K(1600K)->1491K(1600K) Class: 124K(192K)->124K(192K)
[2024-10-11T04:32:20.204+0800][info] GC(158) Pause Young (Mixed) (G1 Evacuation Pause) 105M->99M(128M) 2.487ms
[2024-10-11T04:32:20.204+0800][info] GC(158) User=0.01s Sys=0.00s Real=0.00s
[2024-10-11T04:32:20.306+0800][info] GC(159) Pause Young (Mixed) (G1 Evacuation Pause)
[2024-10-11T04:32:20.306+0800][info] GC(159) Using 3 workers of 48 for evacuation
[2024-10-11T04:32:20.308+0800][info] GC(159)   Pre Evacuate Collection Set: 0.1ms
[2024-10-11T04:32:20.308+0800][info] GC(159)   Merge Heap Roots: 0.1ms
[2024-10-11T04:32:20.308+0800][info] GC(159)   Evacuate Collection Set: 1.9ms
[2024-10-11T04:32:20.308+0800][info] GC(159)   Post Evacuate Collection Set: 0.2ms
[2024-10-11T04:32:20.308+0800][info] GC(159)   Other: 0.1ms
[2024-10-11T04:32:20.308+0800][info] GC(159) Eden regions: 2->0(2)
[2024-10-11T04:32:20.308+0800][info] GC(159) Survivor regions: 1->1(1)
[2024-10-11T04:32:20.308+0800][info] GC(159) Old regions: 46->45
[2024-10-11T04:32:20.308+0800][info] GC(159) Archive regions: 2->2
[2024-10-11T04:32:20.308+0800][info] GC(159) Humongous regions: 3->3
[2024-10-11T04:32:20.308+0800][info] GC(159) Metaspace: 1615K(1792K)->1615K(1792K) NonClass: 1491K(1600K)->1491K(1600K) Class: 124K(192K)->124K(192K)
[2024-10-11T04:32:20.308+0800][info] GC(159) Pause Young (Mixed) (G1 Evacuation Pause) 102M->97M(128M) 2.486ms
[2024-10-11T04:32:20.308+0800][info] GC(159) User=0.01s Sys=0.00s Real=0.00s
[2024-10-11T04:32:20.411+0800][info] GC(160) Pause Young (Mixed) (G1 Evacuation Pause)
[2024-10-11T04:32:20.411+0800][info] GC(160) Using 3 workers of 48 for evacuation
[2024-10-11T04:32:20.413+0800][info] GC(160)   Pre Evacuate Collection Set: 0.1ms
[2024-10-11T04:32:20.413+0800][info] GC(160)   Merge Heap Roots: 0.1ms
[2024-10-11T04:32:20.413+0800][info] GC(160)   Evacuate Collection Set: 1.1ms
[2024-10-11T04:32:20.413+0800][info] GC(160)   Post Evacuate Collection Set: 0.2ms
[2024-10-11T04:32:20.413+0800][info] GC(160)   Other: 0.1ms
[2024-10-11T04:32:20.413+0800][info] GC(160) Eden regions: 2->0(2)
[2024-10-11T04:32:20.413+0800][info] GC(160) Survivor regions: 1->1(1)
[2024-10-11T04:32:20.413+0800][info] GC(160) Old regions: 45->46
[2024-10-11T04:32:20.413+0800][info] GC(160) Archive regions: 2->2
[2024-10-11T04:32:20.413+0800][info] GC(160) Humongous regions: 3->3
[2024-10-11T04:32:20.413+0800][info] GC(160) Metaspace: 1615K(1792K)->1615K(1792K) NonClass: 1491K(1600K)->1491K(1600K) Class: 124K(192K)->124K(192K)
[2024-10-11T04:32:20.413+0800][info] GC(160) Pause Young (Mixed) (G1 Evacuation Pause) 101M->100M(128M) 1.693ms
[2024-10-11T04:32:20.413+0800][info] GC(160) User=0.01s Sys=0.00s Real=0.00s
[2024-10-11T04:32:20.515+0800][info] GC(161) Pause Young (Normal) (G1 Evacuation Pause)
[2024-10-11T04:32:20.515+0800][info] GC(161) Using 3 workers of 48 for evacuation
[2024-10-11T04:32:20.516+0800][info] GC(161)   Pre Evacuate Collection Set: 0.1ms
[2024-10-11T04:32:20.516+0800][info] GC(161)   Merge Heap Roots: 0.0ms
[2024-10-11T04:32:20.516+0800][info] GC(161)   Evacuate Collection Set: 0.7ms
[2024-10-11T04:32:20.516+0800][info] GC(161)   Post Evacuate Collection Set: 0.2ms
[2024-10-11T04:32:20.516+0800][info] GC(161)   Other: 0.2ms
[2024-10-11T04:32:20.516+0800][info] GC(161) Eden regions: 2->0(2)
[2024-10-11T04:32:20.516+0800][info] GC(161) Survivor regions: 1->1(1)
[2024-10-11T04:32:20.516+0800][info] GC(161) Old regions: 46->48
[2024-10-11T04:32:20.516+0800][info] GC(161) Archive regions: 2->2
[2024-10-11T04:32:20.516+0800][info] GC(161) Humongous regions: 3->3
[2024-10-11T04:32:20.516+0800][info] GC(161) Metaspace: 1615K(1792K)->1615K(1792K) NonClass: 1491K(1600K)->1491K(1600K) Class: 124K(192K)->124K(192K)
[2024-10-11T04:32:20.516+0800][info] GC(161) Pause Young (Normal) (G1 Evacuation Pause) 104M->104M(128M) 1.278ms
[2024-10-11T04:32:20.516+0800][info] GC(161) User=0.00s Sys=0.00s Real=0.00s
[2024-10-11T04:32:20.619+0800][info] GC(162) Pause Young (Normal) (G1 Evacuation Pause)
[2024-10-11T04:32:20.619+0800][info] GC(162) Using 3 workers of 48 for evacuation
[2024-10-11T04:32:20.620+0800][info] GC(162)   Pre Evacuate Collection Set: 0.1ms
[2024-10-11T04:32:20.620+0800][info] GC(162)   Merge Heap Roots: 0.0ms
[2024-10-11T04:32:20.620+0800][info] GC(162)   Evacuate Collection Set: 0.7ms
[2024-10-11T04:32:20.620+0800][info] GC(162)   Post Evacuate Collection Set: 0.2ms
[2024-10-11T04:32:20.620+0800][info] GC(162)   Other: 0.2ms
[2024-10-11T04:32:20.620+0800][info] GC(162) Eden regions: 2->0(2)
[2024-10-11T04:32:20.620+0800][info] GC(162) Survivor regions: 1->1(1)
[2024-10-11T04:32:20.620+0800][info] GC(162) Old regions: 48->50
[2024-10-11T04:32:20.620+0800][info] GC(162) Archive regions: 2->2
[2024-10-11T04:32:20.620+0800][info] GC(162) Humongous regions: 3->3
[2024-10-11T04:32:20.620+0800][info] GC(162) Metaspace: 1615K(1792K)->1615K(1792K) NonClass: 1491K(1600K)->1491K(1600K) Class: 124K(192K)->124K(192K)
[2024-10-11T04:32:20.620+0800][info] GC(162) Pause Young (Normal) (G1 Evacuation Pause) 107M->108M(128M) 1.241ms
[2024-10-11T04:32:20.620+0800][info] GC(162) User=0.00s Sys=0.00s Real=0.00s
[2024-10-11T04:32:20.722+0800][info] GC(163) Pause Young (Concurrent Start) (G1 Evacuation Pause)
[2024-10-11T04:32:20.722+0800][info] GC(163) Using 3 workers of 48 for evacuation
[2024-10-11T04:32:20.723+0800][info] GC(163)   Pre Evacuate Collection Set: 0.1ms
[2024-10-11T04:32:20.723+0800][info] GC(163)   Merge Heap Roots: 0.0ms
[2024-10-11T04:32:20.723+0800][info] GC(163)   Evacuate Collection Set: 0.7ms
[2024-10-11T04:32:20.723+0800][info] GC(163)   Post Evacuate Collection Set: 0.2ms
[2024-10-11T04:32:20.723+0800][info] GC(163)   Other: 0.3ms
[2024-10-11T04:32:20.723+0800][info] GC(163) Eden regions: 2->0(2)
[2024-10-11T04:32:20.723+0800][info] GC(163) Survivor regions: 1->1(1)
[2024-10-11T04:32:20.723+0800][info] GC(163) Old regions: 50->52
[2024-10-11T04:32:20.723+0800][info] GC(163) Archive regions: 2->2
[2024-10-11T04:32:20.723+0800][info] GC(163) Humongous regions: 3->3
[2024-10-11T04:32:20.723+0800][info] GC(163) Metaspace: 1615K(1792K)->1615K(1792K) NonClass: 1491K(1600K)->1491K(1600K) Class: 124K(192K)->124K(192K)
[2024-10-11T04:32:20.723+0800][info] GC(163) Pause Young (Concurrent Start) (G1 Evacuation Pause) 111M->112M(128M) 1.452ms
[2024-10-11T04:32:20.723+0800][info] GC(163) User=0.00s Sys=0.00s Real=0.00s
[2024-10-11T04:32:20.723+0800][info] GC(164) Concurrent Mark Cycle
[2024-10-11T04:32:20.723+0800][info] GC(164) Concurrent Clear Claimed Marks
[2024-10-11T04:32:20.723+0800][info] GC(164) Concurrent Clear Claimed Marks 0.017ms
[2024-10-11T04:32:20.723+0800][info] GC(164) Concurrent Scan Root Regions
[2024-10-11T04:32:20.723+0800][info] GC(164) Concurrent Scan Root Regions 0.168ms
[2024-10-11T04:32:20.723+0800][info] GC(164) Concurrent Mark
[2024-10-11T04:32:20.723+0800][info] GC(164) Concurrent Mark From Roots
[2024-10-11T04:32:20.723+0800][info] GC(164) Using 12 workers of 12 for marking
[2024-10-11T04:32:20.727+0800][info] GC(164) Concurrent Mark From Roots 3.966ms
[2024-10-11T04:32:20.727+0800][info] GC(164) Concurrent Preclean
[2024-10-11T04:32:20.729+0800][info] GC(164) Concurrent Preclean 1.719ms
[2024-10-11T04:32:20.729+0800][info] GC(164) Pause Remark
[2024-10-11T04:32:20.731+0800][info] GC(164) Pause Remark 112M->112M(128M) 1.346ms
[2024-10-11T04:32:20.731+0800][info] GC(164) User=0.01s Sys=0.00s Real=0.00s
[2024-10-11T04:32:20.731+0800][info] GC(164) Concurrent Mark 7.347ms
[2024-10-11T04:32:20.731+0800][info] GC(164) Concurrent Rebuild Remembered Sets
[2024-10-11T04:32:20.732+0800][info] GC(164) Concurrent Rebuild Remembered Sets 1.367ms
[2024-10-11T04:32:20.732+0800][info] GC(164) Pause Cleanup
[2024-10-11T04:32:20.733+0800][info] GC(164) Pause Cleanup 112M->112M(128M) 0.255ms
[2024-10-11T04:32:20.733+0800][info] GC(164) User=0.00s Sys=0.00s Real=0.00s
[2024-10-11T04:32:20.733+0800][info] GC(164) Concurrent Cleanup for Next Mark
[2024-10-11T04:32:20.733+0800][info] GC(164) Concurrent Cleanup for Next Mark 0.347ms
[2024-10-11T04:32:20.733+0800][info] GC(164) Concurrent Mark Cycle 9.838ms
[2024-10-11T04:32:20.877+0800][info] GC(165) Pause Young (Prepare Mixed) (G1 Preventive Collection)
[2024-10-11T04:32:20.877+0800][info] GC(165) Using 3 workers of 48 for evacuation
[2024-10-11T04:32:20.878+0800][info] GC(165)   Pre Evacuate Collection Set: 0.1ms
[2024-10-11T04:32:20.878+0800][info] GC(165)   Merge Heap Roots: 0.1ms
[2024-10-11T04:32:20.878+0800][info] GC(165)   Evacuate Collection Set: 0.9ms
[2024-10-11T04:32:20.878+0800][info] GC(165)   Post Evacuate Collection Set: 0.2ms
[2024-10-11T04:32:20.878+0800][info] GC(165)   Other: 0.2ms
[2024-10-11T04:32:20.878+0800][info] GC(165) Eden regions: 2->0(2)
[2024-10-11T04:32:20.878+0800][info] GC(165) Survivor regions: 1->1(1)
[2024-10-11T04:32:20.878+0800][info] GC(165) Old regions: 52->54
[2024-10-11T04:32:20.878+0800][info] GC(165) Archive regions: 2->2
[2024-10-11T04:32:20.878+0800][info] GC(165) Humongous regions: 3->3
[2024-10-11T04:32:20.878+0800][info] GC(165) Metaspace: 1615K(1792K)->1615K(1792K) NonClass: 1491K(1600K)->1491K(1600K) Class: 124K(192K)->124K(192K)
[2024-10-11T04:32:20.878+0800][info] GC(165) Pause Young (Prepare Mixed) (G1 Preventive Collection) 115M->115M(128M) 1.530ms
[2024-10-11T04:32:20.878+0800][info] GC(165) User=0.01s Sys=0.00s Real=0.00s
[2024-10-11T04:32:20.939+0800][info] GC(166) Pause Young (Mixed) (G1 Preventive Collection)
[2024-10-11T04:32:20.939+0800][info] GC(166) Using 3 workers of 48 for evacuation
[2024-10-11T04:32:20.941+0800][info] GC(166)   Pre Evacuate Collection Set: 0.1ms
[2024-10-11T04:32:20.941+0800][info] GC(166)   Merge Heap Roots: 0.1ms
[2024-10-11T04:32:20.941+0800][info] GC(166)   Evacuate Collection Set: 1.0ms
[2024-10-11T04:32:20.941+0800][info] GC(166)   Post Evacuate Collection Set: 0.2ms
[2024-10-11T04:32:20.941+0800][info] GC(166)   Other: 0.2ms
[2024-10-11T04:32:20.941+0800][info] GC(166) Eden regions: 1->0(2)
[2024-10-11T04:32:20.941+0800][info] GC(166) Survivor regions: 1->1(1)
[2024-10-11T04:32:20.941+0800][info] GC(166) Old regions: 54->49
[2024-10-11T04:32:20.941+0800][info] GC(166) Archive regions: 2->2
[2024-10-11T04:32:20.941+0800][info] GC(166) Humongous regions: 3->3
[2024-10-11T04:32:20.941+0800][info] GC(166) Metaspace: 1615K(1792K)->1615K(1792K) NonClass: 1491K(1600K)->1491K(1600K) Class: 124K(192K)->124K(192K)
[2024-10-11T04:32:20.941+0800][info] GC(166) Pause Young (Mixed) (G1 Preventive Collection) 117M->105M(128M) 1.655ms
[2024-10-11T04:32:20.941+0800][info] GC(166) User=0.00s Sys=0.00s Real=0.00s
[2024-10-11T04:32:21.043+0800][info] GC(167) Pause Young (Mixed) (G1 Evacuation Pause)
[2024-10-11T04:32:21.043+0800][info] GC(167) Using 3 workers of 48 for evacuation
[2024-10-11T04:32:21.045+0800][info] GC(167)   Pre Evacuate Collection Set: 0.1ms
[2024-10-11T04:32:21.045+0800][info] GC(167)   Merge Heap Roots: 0.1ms
[2024-10-11T04:32:21.045+0800][info] GC(167)   Evacuate Collection Set: 1.5ms
[2024-10-11T04:32:21.045+0800][info] GC(167)   Post Evacuate Collection Set: 0.2ms
[2024-10-11T04:32:21.045+0800][info] GC(167)   Other: 0.1ms
[2024-10-11T04:32:21.045+0800][info] GC(167) Eden regions: 2->0(2)
[2024-10-11T04:32:21.045+0800][info] GC(167) Survivor regions: 1->1(1)
[2024-10-11T04:32:21.045+0800][info] GC(167) Old regions: 49->47
[2024-10-11T04:32:21.045+0800][info] GC(167) Archive regions: 2->2
[2024-10-11T04:32:21.045+0800][info] GC(167) Humongous regions: 3->3
[2024-10-11T04:32:21.045+0800][info] GC(167) Metaspace: 1615K(1792K)->1615K(1792K) NonClass: 1491K(1600K)->1491K(1600K) Class: 124K(192K)->124K(192K)
[2024-10-11T04:32:21.045+0800][info] GC(167) Pause Young (Mixed) (G1 Evacuation Pause) 109M->102M(128M) 2.121ms
[2024-10-11T04:32:21.045+0800][info] GC(167) User=0.01s Sys=0.00s Real=0.01s
[2024-10-11T04:32:21.148+0800][info] GC(168) Pause Young (Mixed) (G1 Evacuation Pause)
[2024-10-11T04:32:21.148+0800][info] GC(168) Using 3 workers of 48 for evacuation
[2024-10-11T04:32:21.150+0800][info] GC(168)   Pre Evacuate Collection Set: 0.1ms
[2024-10-11T04:32:21.150+0800][info] GC(168)   Merge Heap Roots: 0.1ms
[2024-10-11T04:32:21.150+0800][info] GC(168)   Evacuate Collection Set: 1.8ms
[2024-10-11T04:32:21.150+0800][info] GC(168)   Post Evacuate Collection Set: 0.2ms
[2024-10-11T04:32:21.150+0800][info] GC(168)   Other: 0.1ms
[2024-10-11T04:32:21.150+0800][info] GC(168) Eden regions: 2->0(2)
[2024-10-11T04:32:21.150+0800][info] GC(168) Survivor regions: 1->1(1)
[2024-10-11T04:32:21.150+0800][info] GC(168) Old regions: 47->46
[2024-10-11T04:32:21.150+0800][info] GC(168) Archive regions: 2->2
[2024-10-11T04:32:21.150+0800][info] GC(168) Humongous regions: 4->3
[2024-10-11T04:32:21.150+0800][info] GC(168) Metaspace: 1615K(1792K)->1615K(1792K) NonClass: 1491K(1600K)->1491K(1600K) Class: 124K(192K)->124K(192K)
[2024-10-11T04:32:21.150+0800][info] GC(168) Pause Young (Mixed) (G1 Evacuation Pause) 107M->99M(128M) 2.483ms
[2024-10-11T04:32:21.150+0800][info] GC(168) User=0.00s Sys=0.00s Real=0.00s
[2024-10-11T04:32:21.252+0800][info] GC(169) Pause Young (Mixed) (G1 Evacuation Pause)
[2024-10-11T04:32:21.252+0800][info] GC(169) Using 3 workers of 48 for evacuation
[2024-10-11T04:32:21.255+0800][info] GC(169)   Pre Evacuate Collection Set: 0.1ms
[2024-10-11T04:32:21.255+0800][info] GC(169)   Merge Heap Roots: 0.1ms
[2024-10-11T04:32:21.255+0800][info] GC(169)   Evacuate Collection Set: 1.8ms
[2024-10-11T04:32:21.255+0800][info] GC(169)   Post Evacuate Collection Set: 0.2ms
[2024-10-11T04:32:21.255+0800][info] GC(169)   Other: 0.1ms
[2024-10-11T04:32:21.255+0800][info] GC(169) Eden regions: 2->0(2)
[2024-10-11T04:32:21.255+0800][info] GC(169) Survivor regions: 1->1(1)
[2024-10-11T04:32:21.255+0800][info] GC(169) Old regions: 46->45
[2024-10-11T04:32:21.255+0800][info] GC(169) Archive regions: 2->2
[2024-10-11T04:32:21.255+0800][info] GC(169) Humongous regions: 3->3
[2024-10-11T04:32:21.255+0800][info] GC(169) Metaspace: 1615K(1792K)->1615K(1792K) NonClass: 1491K(1600K)->1491K(1600K) Class: 124K(192K)->124K(192K)
[2024-10-11T04:32:21.255+0800][info] GC(169) Pause Young (Mixed) (G1 Evacuation Pause) 102M->97M(128M) 2.422ms
[2024-10-11T04:32:21.255+0800][info] GC(169) User=0.01s Sys=0.00s Real=0.01s
[2024-10-11T04:32:21.357+0800][info] GC(170) Pause Young (Mixed) (G1 Evacuation Pause)
[2024-10-11T04:32:21.357+0800][info] GC(170) Using 3 workers of 48 for evacuation
[2024-10-11T04:32:21.359+0800][info] GC(170)   Pre Evacuate Collection Set: 0.2ms
[2024-10-11T04:32:21.359+0800][info] GC(170)   Merge Heap Roots: 0.1ms
[2024-10-11T04:32:21.359+0800][info] GC(170)   Evacuate Collection Set: 1.5ms
[2024-10-11T04:32:21.359+0800][info] GC(170)   Post Evacuate Collection Set: 0.2ms
[2024-10-11T04:32:21.359+0800][info] GC(170)   Other: 0.1ms
[2024-10-11T04:32:21.359+0800][info] GC(170) Eden regions: 2->0(2)
[2024-10-11T04:32:21.359+0800][info] GC(170) Survivor regions: 1->1(1)
[2024-10-11T04:32:21.359+0800][info] GC(170) Old regions: 45->45
[2024-10-11T04:32:21.359+0800][info] GC(170) Archive regions: 2->2
[2024-10-11T04:32:21.359+0800][info] GC(170) Humongous regions: 3->3
[2024-10-11T04:32:21.359+0800][info] GC(170) Metaspace: 1615K(1792K)->1615K(1792K) NonClass: 1491K(1600K)->1491K(1600K) Class: 124K(192K)->124K(192K)
[2024-10-11T04:32:21.359+0800][info] GC(170) Pause Young (Mixed) (G1 Evacuation Pause) 101M->98M(128M) 2.205ms
[2024-10-11T04:32:21.359+0800][info] GC(170) User=0.01s Sys=0.00s Real=0.00s
[2024-10-11T04:32:21.461+0800][info] GC(171) Pause Young (Normal) (G1 Evacuation Pause)
[2024-10-11T04:32:21.461+0800][info] GC(171) Using 3 workers of 48 for evacuation
[2024-10-11T04:32:21.462+0800][info] GC(171)   Pre Evacuate Collection Set: 0.1ms
[2024-10-11T04:32:21.462+0800][info] GC(171)   Merge Heap Roots: 0.0ms
[2024-10-11T04:32:21.462+0800][info] GC(171)   Evacuate Collection Set: 0.7ms
[2024-10-11T04:32:21.462+0800][info] GC(171)   Post Evacuate Collection Set: 0.2ms
[2024-10-11T04:32:21.462+0800][info] GC(171)   Other: 0.2ms
[2024-10-11T04:32:21.462+0800][info] GC(171) Eden regions: 2->0(2)
[2024-10-11T04:32:21.462+0800][info] GC(171) Survivor regions: 1->1(1)
[2024-10-11T04:32:21.462+0800][info] GC(171) Old regions: 45->47
[2024-10-11T04:32:21.462+0800][info] GC(171) Archive regions: 2->2
[2024-10-11T04:32:21.462+0800][info] GC(171) Humongous regions: 3->3
[2024-10-11T04:32:21.462+0800][info] GC(171) Metaspace: 1615K(1792K)->1615K(1792K) NonClass: 1491K(1600K)->1491K(1600K) Class: 124K(192K)->124K(192K)
[2024-10-11T04:32:21.462+0800][info] GC(171) Pause Young (Normal) (G1 Evacuation Pause) 101M->102M(128M) 1.304ms
[2024-10-11T04:32:21.463+0800][info] GC(171) User=0.00s Sys=0.00s Real=0.00s
[2024-10-11T04:32:21.565+0800][info] GC(172) Pause Young (Normal) (G1 Evacuation Pause)
[2024-10-11T04:32:21.565+0800][info] GC(172) Using 3 workers of 48 for evacuation
[2024-10-11T04:32:21.566+0800][info] GC(172)   Pre Evacuate Collection Set: 0.1ms
[2024-10-11T04:32:21.566+0800][info] GC(172)   Merge Heap Roots: 0.0ms
[2024-10-11T04:32:21.566+0800][info] GC(172)   Evacuate Collection Set: 0.7ms
[2024-10-11T04:32:21.566+0800][info] GC(172)   Post Evacuate Collection Set: 0.2ms
[2024-10-11T04:32:21.566+0800][info] GC(172)   Other: 0.2ms
[2024-10-11T04:32:21.566+0800][info] GC(172) Eden regions: 2->0(2)
[2024-10-11T04:32:21.566+0800][info] GC(172) Survivor regions: 1->1(1)
[2024-10-11T04:32:21.566+0800][info] GC(172) Old regions: 47->49
[2024-10-11T04:32:21.566+0800][info] GC(172) Archive regions: 2->2
[2024-10-11T04:32:21.566+0800][info] GC(172) Humongous regions: 3->3
[2024-10-11T04:32:21.566+0800][info] GC(172) Metaspace: 1615K(1792K)->1615K(1792K) NonClass: 1491K(1600K)->1491K(1600K) Class: 124K(192K)->124K(192K)
[2024-10-11T04:32:21.566+0800][info] GC(172) Pause Young (Normal) (G1 Evacuation Pause) 105M->106M(128M) 1.271ms
[2024-10-11T04:32:21.566+0800][info] GC(172) User=0.01s Sys=0.00s Real=0.01s
[2024-10-11T04:32:21.668+0800][info] GC(173) Pause Young (Concurrent Start) (G1 Evacuation Pause)
[2024-10-11T04:32:21.668+0800][info] GC(173) Using 3 workers of 48 for evacuation
[2024-10-11T04:32:21.669+0800][info] GC(173)   Pre Evacuate Collection Set: 0.1ms
[2024-10-11T04:32:21.669+0800][info] GC(173)   Merge Heap Roots: 0.0ms
[2024-10-11T04:32:21.669+0800][info] GC(173)   Evacuate Collection Set: 0.7ms
[2024-10-11T04:32:21.669+0800][info] GC(173)   Post Evacuate Collection Set: 0.2ms
[2024-10-11T04:32:21.670+0800][info] GC(173)   Other: 0.3ms
[2024-10-11T04:32:21.670+0800][info] GC(173) Eden regions: 2->0(2)
[2024-10-11T04:32:21.670+0800][info] GC(173) Survivor regions: 1->1(1)
[2024-10-11T04:32:21.670+0800][info] GC(173) Old regions: 49->51
[2024-10-11T04:32:21.670+0800][info] GC(173) Archive regions: 2->2
[2024-10-11T04:32:21.670+0800][info] GC(173) Humongous regions: 3->3
[2024-10-11T04:32:21.670+0800][info] GC(173) Metaspace: 1615K(1792K)->1615K(1792K) NonClass: 1491K(1600K)->1491K(1600K) Class: 124K(192K)->124K(192K)
[2024-10-11T04:32:21.670+0800][info] GC(173) Pause Young (Concurrent Start) (G1 Evacuation Pause) 110M->110M(128M) 1.455ms
[2024-10-11T04:32:21.670+0800][info] GC(173) User=0.00s Sys=0.00s Real=0.00s
[2024-10-11T04:32:21.670+0800][info] GC(174) Concurrent Mark Cycle
[2024-10-11T04:32:21.670+0800][info] GC(174) Concurrent Clear Claimed Marks
[2024-10-11T04:32:21.670+0800][info] GC(174) Concurrent Clear Claimed Marks 0.017ms
[2024-10-11T04:32:21.670+0800][info] GC(174) Concurrent Scan Root Regions
[2024-10-11T04:32:21.670+0800][info] GC(174) Concurrent Scan Root Regions 0.108ms
[2024-10-11T04:32:21.670+0800][info] GC(174) Concurrent Mark
[2024-10-11T04:32:21.670+0800][info] GC(174) Concurrent Mark From Roots
[2024-10-11T04:32:21.670+0800][info] GC(174) Using 12 workers of 12 for marking
[2024-10-11T04:32:21.674+0800][info] GC(174) Concurrent Mark From Roots 4.149ms
[2024-10-11T04:32:21.674+0800][info] GC(174) Concurrent Preclean
[2024-10-11T04:32:21.676+0800][info] GC(174) Concurrent Preclean 1.676ms
[2024-10-11T04:32:21.676+0800][info] GC(174) Pause Remark
[2024-10-11T04:32:21.677+0800][info] GC(174) Pause Remark 110M->108M(128M) 1.412ms
[2024-10-11T04:32:21.677+0800][info] GC(174) User=0.01s Sys=0.00s Real=0.00s
[2024-10-11T04:32:21.677+0800][info] GC(174) Concurrent Mark 7.490ms
[2024-10-11T04:32:21.677+0800][info] GC(174) Concurrent Rebuild Remembered Sets
[2024-10-11T04:32:21.679+0800][info] GC(174) Concurrent Rebuild Remembered Sets 1.421ms
[2024-10-11T04:32:21.679+0800][info] GC(174) Pause Cleanup
[2024-10-11T04:32:21.679+0800][info] GC(174) Pause Cleanup 108M->108M(128M) 0.228ms
[2024-10-11T04:32:21.679+0800][info] GC(174) User=0.00s Sys=0.00s Real=0.00s
[2024-10-11T04:32:21.679+0800][info] GC(174) Concurrent Cleanup for Next Mark
[2024-10-11T04:32:21.680+0800][info] GC(174) Concurrent Cleanup for Next Mark 0.462ms
[2024-10-11T04:32:21.680+0800][info] GC(174) Concurrent Mark Cycle 10.011ms
[2024-10-11T04:32:21.823+0800][info] GC(175) Pause Young (Prepare Mixed) (G1 Evacuation Pause)
[2024-10-11T04:32:21.823+0800][info] GC(175) Using 3 workers of 48 for evacuation
[2024-10-11T04:32:21.824+0800][info] GC(175)   Pre Evacuate Collection Set: 0.1ms
[2024-10-11T04:32:21.824+0800][info] GC(175)   Merge Heap Roots: 0.1ms
[2024-10-11T04:32:21.824+0800][info] GC(175)   Evacuate Collection Set: 0.8ms
[2024-10-11T04:32:21.824+0800][info] GC(175)   Post Evacuate Collection Set: 0.2ms
[2024-10-11T04:32:21.824+0800][info] GC(175)   Other: 0.2ms
[2024-10-11T04:32:21.824+0800][info] GC(175) Eden regions: 2->0(2)
[2024-10-11T04:32:21.824+0800][info] GC(175) Survivor regions: 1->1(1)
[2024-10-11T04:32:21.824+0800][info] GC(175) Old regions: 50->52
[2024-10-11T04:32:21.824+0800][info] GC(175) Archive regions: 2->2
[2024-10-11T04:32:21.824+0800][info] GC(175) Humongous regions: 3->3
[2024-10-11T04:32:21.824+0800][info] GC(175) Metaspace: 1617K(1792K)->1617K(1792K) NonClass: 1493K(1600K)->1493K(1600K) Class: 124K(192K)->124K(192K)
[2024-10-11T04:32:21.825+0800][info] GC(175) Pause Young (Prepare Mixed) (G1 Evacuation Pause) 111M->111M(128M) 1.339ms
[2024-10-11T04:32:21.825+0800][info] GC(175) User=0.00s Sys=0.00s Real=0.00s
[2024-10-11T04:32:21.886+0800][info] GC(176) Pause Young (Mixed) (G1 Preventive Collection)
[2024-10-11T04:32:21.886+0800][info] GC(176) Using 3 workers of 48 for evacuation
[2024-10-11T04:32:21.887+0800][info] GC(176)   Pre Evacuate Collection Set: 0.1ms
[2024-10-11T04:32:21.887+0800][info] GC(176)   Merge Heap Roots: 0.1ms
[2024-10-11T04:32:21.887+0800][info] GC(176)   Evacuate Collection Set: 1.1ms
[2024-10-11T04:32:21.887+0800][info] GC(176)   Post Evacuate Collection Set: 0.2ms
[2024-10-11T04:32:21.887+0800][info] GC(176)   Other: 0.2ms
[2024-10-11T04:32:21.887+0800][info] GC(176) Eden regions: 1->0(2)
[2024-10-11T04:32:21.887+0800][info] GC(176) Survivor regions: 1->1(1)
[2024-10-11T04:32:21.887+0800][info] GC(176) Old regions: 52->48
[2024-10-11T04:32:21.887+0800][info] GC(176) Archive regions: 2->2
[2024-10-11T04:32:21.887+0800][info] GC(176) Humongous regions: 3->3
[2024-10-11T04:32:21.887+0800][info] GC(176) Metaspace: 1617K(1792K)->1617K(1792K) NonClass: 1493K(1600K)->1493K(1600K) Class: 124K(192K)->124K(192K)
[2024-10-11T04:32:21.887+0800][info] GC(176) Pause Young (Mixed) (G1 Preventive Collection) 113M->103M(128M) 1.771ms
[2024-10-11T04:32:21.888+0800][info] GC(176) User=0.00s Sys=0.00s Real=0.00s
[2024-10-11T04:32:21.990+0800][info] GC(177) Pause Young (Mixed) (G1 Evacuation Pause)
[2024-10-11T04:32:21.990+0800][info] GC(177) Using 3 workers of 48 for evacuation
[2024-10-11T04:32:21.992+0800][info] GC(177)   Pre Evacuate Collection Set: 0.1ms
[2024-10-11T04:32:21.992+0800][info] GC(177)   Merge Heap Roots: 0.1ms
[2024-10-11T04:32:21.992+0800][info] GC(177)   Evacuate Collection Set: 1.9ms
[2024-10-11T04:32:21.992+0800][info] GC(177)   Post Evacuate Collection Set: 0.2ms
[2024-10-11T04:32:21.992+0800][info] GC(177)   Other: 0.1ms
[2024-10-11T04:32:21.992+0800][info] GC(177) Eden regions: 2->0(2)
[2024-10-11T04:32:21.992+0800][info] GC(177) Survivor regions: 1->1(1)
[2024-10-11T04:32:21.992+0800][info] GC(177) Old regions: 48->46
[2024-10-11T04:32:21.992+0800][info] GC(177) Archive regions: 2->2
[2024-10-11T04:32:21.992+0800][info] GC(177) Humongous regions: 3->3
[2024-10-11T04:32:21.992+0800][info] GC(177) Metaspace: 1617K(1792K)->1617K(1792K) NonClass: 1493K(1600K)->1493K(1600K) Class: 124K(192K)->124K(192K)
[2024-10-11T04:32:21.992+0800][info] GC(177) Pause Young (Mixed) (G1 Evacuation Pause) 107M->100M(128M) 2.524ms
[2024-10-11T04:32:21.992+0800][info] GC(177) User=0.01s Sys=0.00s Real=0.00s
[2024-10-11T04:32:22.094+0800][info] GC(178) Pause Young (Mixed) (G1 Evacuation Pause)
[2024-10-11T04:32:22.094+0800][info] GC(178) Using 3 workers of 48 for evacuation
[2024-10-11T04:32:22.097+0800][info] GC(178)   Pre Evacuate Collection Set: 0.1ms
[2024-10-11T04:32:22.097+0800][info] GC(178)   Merge Heap Roots: 0.1ms
[2024-10-11T04:32:22.097+0800][info] GC(178)   Evacuate Collection Set: 1.8ms
[2024-10-11T04:32:22.097+0800][info] GC(178)   Post Evacuate Collection Set: 0.2ms
[2024-10-11T04:32:22.097+0800][info] GC(178)   Other: 0.2ms
[2024-10-11T04:32:22.097+0800][info] GC(178) Eden regions: 2->0(2)
[2024-10-11T04:32:22.097+0800][info] GC(178) Survivor regions: 1->1(1)
[2024-10-11T04:32:22.097+0800][info] GC(178) Old regions: 46->46
[2024-10-11T04:32:22.097+0800][info] GC(178) Archive regions: 2->2
[2024-10-11T04:32:22.097+0800][info] GC(178) Humongous regions: 3->3
[2024-10-11T04:32:22.097+0800][info] GC(178) Metaspace: 1617K(1792K)->1617K(1792K) NonClass: 1493K(1600K)->1493K(1600K) Class: 124K(192K)->124K(192K)
[2024-10-11T04:32:22.097+0800][info] GC(178) Pause Young (Mixed) (G1 Evacuation Pause) 103M->99M(128M) 2.411ms
[2024-10-11T04:32:22.097+0800][info] GC(178) User=0.01s Sys=0.00s Real=0.00s
[2024-10-11T04:32:22.199+0800][info] GC(179) Pause Young (Mixed) (G1 Evacuation Pause)
[2024-10-11T04:32:22.199+0800][info] GC(179) Using 3 workers of 48 for evacuation
[2024-10-11T04:32:22.202+0800][info] GC(179)   Pre Evacuate Collection Set: 0.1ms
[2024-10-11T04:32:22.202+0800][info] GC(179)   Merge Heap Roots: 0.1ms
[2024-10-11T04:32:22.202+0800][info] GC(179)   Evacuate Collection Set: 2.2ms
[2024-10-11T04:32:22.202+0800][info] GC(179)   Post Evacuate Collection Set: 0.2ms
[2024-10-11T04:32:22.202+0800][info] GC(179)   Other: 0.1ms
[2024-10-11T04:32:22.202+0800][info] GC(179) Eden regions: 2->0(2)
[2024-10-11T04:32:22.202+0800][info] GC(179) Survivor regions: 1->1(1)
[2024-10-11T04:32:22.202+0800][info] GC(179) Old regions: 46->46
[2024-10-11T04:32:22.202+0800][info] GC(179) Archive regions: 2->2
[2024-10-11T04:32:22.202+0800][info] GC(179) Humongous regions: 3->3
[2024-10-11T04:32:22.202+0800][info] GC(179) Metaspace: 1617K(1792K)->1617K(1792K) NonClass: 1493K(1600K)->1493K(1600K) Class: 124K(192K)->124K(192K)
[2024-10-11T04:32:22.202+0800][info] GC(179) Pause Young (Mixed) (G1 Evacuation Pause) 102M->99M(128M) 2.793ms
[2024-10-11T04:32:22.202+0800][info] GC(179) User=0.01s Sys=0.00s Real=0.00s
[2024-10-11T04:32:22.304+0800][info] GC(180) Pause Young (Mixed) (G1 Evacuation Pause)
[2024-10-11T04:32:22.304+0800][info] GC(180) Using 3 workers of 48 for evacuation
[2024-10-11T04:32:22.306+0800][info] GC(180)   Pre Evacuate Collection Set: 0.1ms
[2024-10-11T04:32:22.306+0800][info] GC(180)   Merge Heap Roots: 0.1ms
[2024-10-11T04:32:22.306+0800][info] GC(180)   Evacuate Collection Set: 1.6ms
[2024-10-11T04:32:22.306+0800][info] GC(180)   Post Evacuate Collection Set: 0.2ms
[2024-10-11T04:32:22.306+0800][info] GC(180)   Other: 0.1ms
[2024-10-11T04:32:22.306+0800][info] GC(180) Eden regions: 2->0(2)
[2024-10-11T04:32:22.306+0800][info] GC(180) Survivor regions: 1->1(1)
[2024-10-11T04:32:22.306+0800][info] GC(180) Old regions: 46->46
[2024-10-11T04:32:22.306+0800][info] GC(180) Archive regions: 2->2
[2024-10-11T04:32:22.306+0800][info] GC(180) Humongous regions: 3->3
[2024-10-11T04:32:22.306+0800][info] GC(180) Metaspace: 1617K(1792K)->1617K(1792K) NonClass: 1493K(1600K)->1493K(1600K) Class: 124K(192K)->124K(192K)
[2024-10-11T04:32:22.306+0800][info] GC(180) Pause Young (Mixed) (G1 Evacuation Pause) 102M->100M(128M) 2.235ms
[2024-10-11T04:32:22.306+0800][info] GC(180) User=0.00s Sys=0.00s Real=0.01s
[2024-10-11T04:32:22.409+0800][info] GC(181) Pause Young (Normal) (G1 Evacuation Pause)
[2024-10-11T04:32:22.409+0800][info] GC(181) Using 3 workers of 48 for evacuation
[2024-10-11T04:32:22.410+0800][info] GC(181)   Pre Evacuate Collection Set: 0.1ms
[2024-10-11T04:32:22.410+0800][info] GC(181)   Merge Heap Roots: 0.0ms
[2024-10-11T04:32:22.410+0800][info] GC(181)   Evacuate Collection Set: 0.8ms
[2024-10-11T04:32:22.410+0800][info] GC(181)   Post Evacuate Collection Set: 0.2ms
[2024-10-11T04:32:22.410+0800][info] GC(181)   Other: 0.2ms
[2024-10-11T04:32:22.410+0800][info] GC(181) Eden regions: 2->0(2)
[2024-10-11T04:32:22.410+0800][info] GC(181) Survivor regions: 1->1(1)
[2024-10-11T04:32:22.410+0800][info] GC(181) Old regions: 46->48
[2024-10-11T04:32:22.410+0800][info] GC(181) Archive regions: 2->2
[2024-10-11T04:32:22.410+0800][info] GC(181) Humongous regions: 3->3
[2024-10-11T04:32:22.410+0800][info] GC(181) Metaspace: 1617K(1792K)->1617K(1792K) NonClass: 1493K(1600K)->1493K(1600K) Class: 124K(192K)->124K(192K)
[2024-10-11T04:32:22.410+0800][info] GC(181) Pause Young (Normal) (G1 Evacuation Pause) 104M->104M(128M) 1.405ms
[2024-10-11T04:32:22.410+0800][info] GC(181) User=0.01s Sys=0.00s Real=0.00s
[2024-10-11T04:32:22.512+0800][info] GC(182) Pause Young (Normal) (G1 Evacuation Pause)
[2024-10-11T04:32:22.512+0800][info] GC(182) Using 3 workers of 48 for evacuation
[2024-10-11T04:32:22.513+0800][info] GC(182)   Pre Evacuate Collection Set: 0.1ms
[2024-10-11T04:32:22.513+0800][info] GC(182)   Merge Heap Roots: 0.0ms
[2024-10-11T04:32:22.513+0800][info] GC(182)   Evacuate Collection Set: 0.7ms
[2024-10-11T04:32:22.513+0800][info] GC(182)   Post Evacuate Collection Set: 0.2ms
[2024-10-11T04:32:22.513+0800][info] GC(182)   Other: 0.2ms
[2024-10-11T04:32:22.513+0800][info] GC(182) Eden regions: 2->0(2)
[2024-10-11T04:32:22.513+0800][info] GC(182) Survivor regions: 1->1(1)
[2024-10-11T04:32:22.513+0800][info] GC(182) Old regions: 48->50
[2024-10-11T04:32:22.513+0800][info] GC(182) Archive regions: 2->2
[2024-10-11T04:32:22.513+0800][info] GC(182) Humongous regions: 3->3
[2024-10-11T04:32:22.513+0800][info] GC(182) Metaspace: 1617K(1792K)->1617K(1792K) NonClass: 1493K(1600K)->1493K(1600K) Class: 124K(192K)->124K(192K)
[2024-10-11T04:32:22.513+0800][info] GC(182) Pause Young (Normal) (G1 Evacuation Pause) 108M->108M(128M) 1.305ms
[2024-10-11T04:32:22.513+0800][info] GC(182) User=0.00s Sys=0.00s Real=0.01s
[2024-10-11T04:32:22.616+0800][info] GC(183) Pause Young (Concurrent Start) (G1 Evacuation Pause)
[2024-10-11T04:32:22.616+0800][info] GC(183) Using 3 workers of 48 for evacuation
[2024-10-11T04:32:22.617+0800][info] GC(183)   Pre Evacuate Collection Set: 0.1ms
[2024-10-11T04:32:22.617+0800][info] GC(183)   Merge Heap Roots: 0.0ms
[2024-10-11T04:32:22.617+0800][info] GC(183)   Evacuate Collection Set: 0.7ms
[2024-10-11T04:32:22.617+0800][info] GC(183)   Post Evacuate Collection Set: 0.2ms
[2024-10-11T04:32:22.617+0800][info] GC(183)   Other: 0.3ms
[2024-10-11T04:32:22.617+0800][info] GC(183) Eden regions: 2->0(2)
[2024-10-11T04:32:22.617+0800][info] GC(183) Survivor regions: 1->1(1)
[2024-10-11T04:32:22.617+0800][info] GC(183) Old regions: 50->52
[2024-10-11T04:32:22.617+0800][info] GC(183) Archive regions: 2->2
[2024-10-11T04:32:22.617+0800][info] GC(183) Humongous regions: 3->3
[2024-10-11T04:32:22.617+0800][info] GC(183) Metaspace: 1617K(1792K)->1617K(1792K) NonClass: 1493K(1600K)->1493K(1600K) Class: 124K(192K)->124K(192K)
[2024-10-11T04:32:22.617+0800][info] GC(183) Pause Young (Concurrent Start) (G1 Evacuation Pause) 112M->112M(128M) 1.472ms
[2024-10-11T04:32:22.617+0800][info] GC(183) User=0.00s Sys=0.00s Real=0.00s
[2024-10-11T04:32:22.617+0800][info] GC(184) Concurrent Mark Cycle
[2024-10-11T04:32:22.617+0800][info] GC(184) Concurrent Clear Claimed Marks
[2024-10-11T04:32:22.617+0800][info] GC(184) Concurrent Clear Claimed Marks 0.017ms
[2024-10-11T04:32:22.617+0800][info] GC(184) Concurrent Scan Root Regions
[2024-10-11T04:32:22.617+0800][info] GC(184) Concurrent Scan Root Regions 0.108ms
[2024-10-11T04:32:22.617+0800][info] GC(184) Concurrent Mark
[2024-10-11T04:32:22.617+0800][info] GC(184) Concurrent Mark From Roots
[2024-10-11T04:32:22.617+0800][info] GC(184) Using 12 workers of 12 for marking
[2024-10-11T04:32:22.623+0800][info] GC(184) Concurrent Mark From Roots 5.886ms
[2024-10-11T04:32:22.623+0800][info] GC(184) Concurrent Preclean
[2024-10-11T04:32:22.625+0800][info] GC(184) Concurrent Preclean 1.699ms
[2024-10-11T04:32:22.625+0800][info] GC(184) Pause Remark
[2024-10-11T04:32:22.626+0800][info] GC(184) Pause Remark 112M->112M(128M) 1.330ms
[2024-10-11T04:32:22.627+0800][info] GC(184) User=0.00s Sys=0.00s Real=0.00s
[2024-10-11T04:32:22.627+0800][info] GC(184) Concurrent Mark 9.108ms
[2024-10-11T04:32:22.627+0800][info] GC(184) Concurrent Rebuild Remembered Sets
[2024-10-11T04:32:22.628+0800][info] GC(184) Concurrent Rebuild Remembered Sets 1.326ms
[2024-10-11T04:32:22.628+0800][info] GC(184) Pause Cleanup
[2024-10-11T04:32:22.628+0800][info] GC(184) Pause Cleanup 112M->112M(128M) 0.166ms
[2024-10-11T04:32:22.628+0800][info] GC(184) User=0.00s Sys=0.00s Real=0.00s
[2024-10-11T04:32:22.628+0800][info] GC(184) Concurrent Cleanup for Next Mark
[2024-10-11T04:32:22.629+0800][info] GC(184) Concurrent Cleanup for Next Mark 0.421ms
[2024-10-11T04:32:22.629+0800][info] GC(184) Concurrent Mark Cycle 11.390ms
[2024-10-11T04:32:22.770+0800][info] GC(185) Pause Young (Prepare Mixed) (G1 Preventive Collection)
[2024-10-11T04:32:22.771+0800][info] GC(185) Using 3 workers of 48 for evacuation
[2024-10-11T04:32:22.772+0800][info] GC(185)   Pre Evacuate Collection Set: 0.1ms
[2024-10-11T04:32:22.772+0800][info] GC(185)   Merge Heap Roots: 0.1ms
[2024-10-11T04:32:22.772+0800][info] GC(185)   Evacuate Collection Set: 0.8ms
[2024-10-11T04:32:22.772+0800][info] GC(185)   Post Evacuate Collection Set: 0.2ms
[2024-10-11T04:32:22.772+0800][info] GC(185)   Other: 0.2ms
[2024-10-11T04:32:22.772+0800][info] GC(185) Eden regions: 2->0(2)
[2024-10-11T04:32:22.772+0800][info] GC(185) Survivor regions: 1->1(1)
[2024-10-11T04:32:22.772+0800][info] GC(185) Old regions: 52->54
[2024-10-11T04:32:22.772+0800][info] GC(185) Archive regions: 2->2
[2024-10-11T04:32:22.772+0800][info] GC(185) Humongous regions: 3->3
[2024-10-11T04:32:22.772+0800][info] GC(185) Metaspace: 1623K(1792K)->1623K(1792K) NonClass: 1499K(1600K)->1499K(1600K) Class: 124K(192K)->124K(192K)
[2024-10-11T04:32:22.772+0800][info] GC(185) Pause Young (Prepare Mixed) (G1 Preventive Collection) 115M->116M(128M) 1.460ms
[2024-10-11T04:32:22.772+0800][info] GC(185) User=0.00s Sys=0.00s Real=0.00s
[2024-10-11T04:32:22.834+0800][info] GC(186) Pause Young (Mixed) (G1 Preventive Collection)
[2024-10-11T04:32:22.834+0800][info] GC(186) Using 3 workers of 48 for evacuation
[2024-10-11T04:32:22.835+0800][info] GC(186) To-space exhausted
[2024-10-11T04:32:22.835+0800][info] GC(186)   Pre Evacuate Collection Set: 0.1ms
[2024-10-11T04:32:22.835+0800][info] GC(186)   Merge Heap Roots: 0.1ms
[2024-10-11T04:32:22.835+0800][info] GC(186)   Evacuate Collection Set: 0.8ms
[2024-10-11T04:32:22.835+0800][info] GC(186)   Post Evacuate Collection Set: 0.3ms
[2024-10-11T04:32:22.835+0800][info] GC(186)   Other: 0.2ms
[2024-10-11T04:32:22.835+0800][info] GC(186) Eden regions: 1->0(2)
[2024-10-11T04:32:22.835+0800][info] GC(186) Survivor regions: 1->1(1)
[2024-10-11T04:32:22.835+0800][info] GC(186) Old regions: 54->54
[2024-10-11T04:32:22.835+0800][info] GC(186) Archive regions: 2->2
[2024-10-11T04:32:22.835+0800][info] GC(186) Humongous regions: 3->3
[2024-10-11T04:32:22.835+0800][info] GC(186) Metaspace: 1623K(1792K)->1623K(1792K) NonClass: 1499K(1600K)->1499K(1600K) Class: 124K(192K)->124K(192K)
[2024-10-11T04:32:22.835+0800][info] GC(186) Pause Young (Mixed) (G1 Preventive Collection) 118M->116M(128M) 1.561ms
[2024-10-11T04:32:22.835+0800][info] GC(186) User=0.01s Sys=0.00s Real=0.00s
[2024-10-11T04:32:22.876+0800][info] GC(187) Pause Young (Mixed) (G1 Preventive Collection)
[2024-10-11T04:32:22.876+0800][info] GC(187) Using 3 workers of 48 for evacuation
[2024-10-11T04:32:22.878+0800][info] GC(187) To-space exhausted
[2024-10-11T04:32:22.878+0800][info] GC(187)   Pre Evacuate Collection Set: 0.1ms
[2024-10-11T04:32:22.878+0800][info] GC(187)   Merge Heap Roots: 0.1ms
[2024-10-11T04:32:22.878+0800][info] GC(187)   Evacuate Collection Set: 0.9ms
[2024-10-11T04:32:22.878+0800][info] GC(187)   Post Evacuate Collection Set: 0.3ms
[2024-10-11T04:32:22.878+0800][info] GC(187)   Other: 0.2ms
[2024-10-11T04:32:22.878+0800][info] GC(187) Eden regions: 1->0(2)
[2024-10-11T04:32:22.878+0800][info] GC(187) Survivor regions: 1->1(1)
[2024-10-11T04:32:22.878+0800][info] GC(187) Old regions: 54->56
[2024-10-11T04:32:22.878+0800][info] GC(187) Archive regions: 2->2
[2024-10-11T04:32:22.878+0800][info] GC(187) Humongous regions: 3->3
[2024-10-11T04:32:22.878+0800][info] GC(187) Metaspace: 1623K(1792K)->1623K(1792K) NonClass: 1499K(1600K)->1499K(1600K) Class: 124K(192K)->124K(192K)
[2024-10-11T04:32:22.878+0800][info] GC(187) Pause Young (Mixed) (G1 Preventive Collection) 118M->120M(128M) 1.664ms
[2024-10-11T04:32:22.878+0800][info] GC(187) User=0.00s Sys=0.00s Real=0.00s
[2024-10-11T04:32:22.939+0800][info] GC(188) Pause Young (Mixed) (G1 Preventive Collection)
[2024-10-11T04:32:22.939+0800][info] GC(188) Using 3 workers of 48 for evacuation
[2024-10-11T04:32:22.940+0800][info] GC(188) To-space exhausted
[2024-10-11T04:32:22.940+0800][info] GC(188)   Pre Evacuate Collection Set: 0.1ms
[2024-10-11T04:32:22.940+0800][info] GC(188)   Merge Heap Roots: 0.1ms
[2024-10-11T04:32:22.940+0800][info] GC(188)   Evacuate Collection Set: 0.6ms
[2024-10-11T04:32:22.940+0800][info] GC(188)   Post Evacuate Collection Set: 0.3ms
[2024-10-11T04:32:22.940+0800][info] GC(188)   Other: 0.1ms
[2024-10-11T04:32:22.940+0800][info] GC(188) Eden regions: 1->0(2)
[2024-10-11T04:32:22.940+0800][info] GC(188) Survivor regions: 1->1(1)
[2024-10-11T04:32:22.940+0800][info] GC(188) Old regions: 56->57
[2024-10-11T04:32:22.940+0800][info] GC(188) Archive regions: 2->2
[2024-10-11T04:32:22.940+0800][info] GC(188) Humongous regions: 3->3
[2024-10-11T04:32:22.940+0800][info] GC(188) Metaspace: 1623K(1792K)->1623K(1792K) NonClass: 1499K(1600K)->1499K(1600K) Class: 124K(192K)->124K(192K)
[2024-10-11T04:32:22.940+0800][info] GC(188) Pause Young (Mixed) (G1 Preventive Collection) 122M->122M(128M) 1.266ms
[2024-10-11T04:32:22.940+0800][info] GC(188) User=0.00s Sys=0.00s Real=0.00s
[2024-10-11T04:32:22.981+0800][info] GC(189) Pause Young (Mixed) (G1 Evacuation Pause)
[2024-10-11T04:32:22.981+0800][info] GC(189) Using 3 workers of 48 for evacuation
[2024-10-11T04:32:22.982+0800][info] GC(189) To-space exhausted
[2024-10-11T04:32:22.982+0800][info] GC(189)   Pre Evacuate Collection Set: 0.1ms
[2024-10-11T04:32:22.982+0800][info] GC(189)   Merge Heap Roots: 0.1ms
[2024-10-11T04:32:22.982+0800][info] GC(189)   Evacuate Collection Set: 0.4ms
[2024-10-11T04:32:22.982+0800][info] GC(189)   Post Evacuate Collection Set: 0.2ms
[2024-10-11T04:32:22.982+0800][info] GC(189)   Other: 0.1ms
[2024-10-11T04:32:22.982+0800][info] GC(189) Eden regions: 1->0(3)
[2024-10-11T04:32:22.982+0800][info] GC(189) Survivor regions: 1->0(0)
[2024-10-11T04:32:22.982+0800][info] GC(189) Old regions: 57->59
[2024-10-11T04:32:22.982+0800][info] GC(189) Archive regions: 2->2
[2024-10-11T04:32:22.982+0800][info] GC(189) Humongous regions: 3->3
[2024-10-11T04:32:22.982+0800][info] GC(189) Metaspace: 1623K(1792K)->1623K(1792K) NonClass: 1499K(1600K)->1499K(1600K) Class: 124K(192K)->124K(192K)
[2024-10-11T04:32:22.982+0800][info] GC(189) Pause Young (Mixed) (G1 Evacuation Pause) 123M->123M(128M) 1.049ms
[2024-10-11T04:32:22.982+0800][info] GC(189) User=0.01s Sys=0.00s Real=0.00s
[2024-10-11T04:32:22.982+0800][info] Attempting full compaction
[2024-10-11T04:32:22.982+0800][info] GC(190) Using 3 workers of 48 for full compaction
[2024-10-11T04:32:22.982+0800][info] GC(190) Pause Full (G1 Compaction Pause)
[2024-10-11T04:32:22.982+0800][info] GC(190) Phase 1: Mark live objects
[2024-10-11T04:32:22.985+0800][info] GC(190) Phase 1: Mark live objects 2.883ms
[2024-10-11T04:32:22.985+0800][info] GC(190) Phase 2: Prepare for compaction
[2024-10-11T04:32:22.986+0800][info] GC(190) Phase 2: Prepare for compaction 0.547ms
[2024-10-11T04:32:22.986+0800][info] GC(190) Phase 3: Adjust pointers
[2024-10-11T04:32:22.987+0800][info] GC(190) Phase 3: Adjust pointers 1.430ms
[2024-10-11T04:32:22.987+0800][info] GC(190) Phase 4: Compact heap
[2024-10-11T04:32:22.999+0800][info] GC(190) Phase 4: Compact heap 11.758ms
[2024-10-11T04:32:23.001+0800][info] GC(190) Eden regions: 0->0(4)
[2024-10-11T04:32:23.001+0800][info] GC(190) Survivor regions: 0->0(0)
[2024-10-11T04:32:23.001+0800][info] GC(190) Old regions: 59->38
[2024-10-11T04:32:23.001+0800][info] GC(190) Archive regions: 2->2
[2024-10-11T04:32:23.001+0800][info] GC(190) Humongous regions: 3->3
[2024-10-11T04:32:23.001+0800][info] GC(190) Metaspace: 1623K(1792K)->1623K(1792K) NonClass: 1499K(1600K)->1499K(1600K) Class: 124K(192K)->124K(192K)
[2024-10-11T04:32:23.001+0800][info] GC(190) Pause Full (G1 Compaction Pause) 123M->71M(128M) 18.229ms
[2024-10-11T04:32:23.001+0800][info] GC(190) User=0.03s Sys=0.00s Real=0.02s
[2024-10-11T04:32:23.226+0800][info] GC(191) Pause Young (Normal) (G1 Evacuation Pause)
[2024-10-11T04:32:23.226+0800][info] GC(191) Using 3 workers of 48 for evacuation
[2024-10-11T04:32:23.228+0800][info] GC(191)   Pre Evacuate Collection Set: 0.1ms
[2024-10-11T04:32:23.228+0800][info] GC(191)   Merge Heap Roots: 0.0ms
[2024-10-11T04:32:23.228+0800][info] GC(191)   Evacuate Collection Set: 1.1ms
[2024-10-11T04:32:23.228+0800][info] GC(191)   Post Evacuate Collection Set: 0.2ms
[2024-10-11T04:32:23.228+0800][info] GC(191)   Other: 0.2ms
[2024-10-11T04:32:23.228+0800][info] GC(191) Eden regions: 4->0(2)
[2024-10-11T04:32:23.228+0800][info] GC(191) Survivor regions: 0->1(1)
[2024-10-11T04:32:23.228+0800][info] GC(191) Old regions: 38->42
[2024-10-11T04:32:23.228+0800][info] GC(191) Archive regions: 2->2
[2024-10-11T04:32:23.228+0800][info] GC(191) Humongous regions: 3->3
[2024-10-11T04:32:23.228+0800][info] GC(191) Metaspace: 1623K(1792K)->1623K(1792K) NonClass: 1499K(1600K)->1499K(1600K) Class: 124K(192K)->124K(192K)
[2024-10-11T04:32:23.228+0800][info] GC(191) Pause Young (Normal) (G1 Evacuation Pause) 79M->80M(128M) 1.750ms
[2024-10-11T04:32:23.228+0800][info] GC(191) User=0.00s Sys=0.00s Real=0.00s
[2024-10-11T04:32:23.331+0800][info] GC(192) Pause Young (Normal) (G1 Evacuation Pause)
[2024-10-11T04:32:23.331+0800][info] GC(192) Using 3 workers of 48 for evacuation
[2024-10-11T04:32:23.332+0800][info] GC(192)   Pre Evacuate Collection Set: 0.1ms
[2024-10-11T04:32:23.332+0800][info] GC(192)   Merge Heap Roots: 0.0ms
[2024-10-11T04:32:23.332+0800][info] GC(192)   Evacuate Collection Set: 0.7ms
[2024-10-11T04:32:23.332+0800][info] GC(192)   Post Evacuate Collection Set: 0.2ms
[2024-10-11T04:32:23.332+0800][info] GC(192)   Other: 0.2ms
[2024-10-11T04:32:23.332+0800][info] GC(192) Eden regions: 2->0(2)
[2024-10-11T04:32:23.332+0800][info] GC(192) Survivor regions: 1->1(1)
[2024-10-11T04:32:23.332+0800][info] GC(192) Old regions: 42->44
[2024-10-11T04:32:23.332+0800][info] GC(192) Archive regions: 2->2
[2024-10-11T04:32:23.332+0800][info] GC(192) Humongous regions: 4->4
[2024-10-11T04:32:23.332+0800][info] GC(192) Metaspace: 1623K(1792K)->1623K(1792K) NonClass: 1499K(1600K)->1499K(1600K) Class: 124K(192K)->124K(192K)
[2024-10-11T04:32:23.332+0800][info] GC(192) Pause Young (Normal) (G1 Evacuation Pause) 86M->86M(128M) 1.228ms
[2024-10-11T04:32:23.332+0800][info] GC(192) User=0.00s Sys=0.00s Real=0.00s
[2024-10-11T04:32:23.434+0800][info] GC(193) Pause Young (Normal) (G1 Evacuation Pause)
[2024-10-11T04:32:23.434+0800][info] GC(193) Using 3 workers of 48 for evacuation
[2024-10-11T04:32:23.435+0800][info] GC(193)   Pre Evacuate Collection Set: 0.1ms
[2024-10-11T04:32:23.435+0800][info] GC(193)   Merge Heap Roots: 0.0ms
[2024-10-11T04:32:23.435+0800][info] GC(193)   Evacuate Collection Set: 0.7ms
[2024-10-11T04:32:23.435+0800][info] GC(193)   Post Evacuate Collection Set: 0.2ms
[2024-10-11T04:32:23.435+0800][info] GC(193)   Other: 0.2ms
[2024-10-11T04:32:23.435+0800][info] GC(193) Eden regions: 2->0(2)
[2024-10-11T04:32:23.435+0800][info] GC(193) Survivor regions: 1->1(1)
[2024-10-11T04:32:23.435+0800][info] GC(193) Old regions: 44->45
[2024-10-11T04:32:23.435+0800][info] GC(193) Archive regions: 2->2
[2024-10-11T04:32:23.435+0800][info] GC(193) Humongous regions: 4->4
[2024-10-11T04:32:23.435+0800][info] GC(193) Metaspace: 1623K(1792K)->1623K(1792K) NonClass: 1499K(1600K)->1499K(1600K) Class: 124K(192K)->124K(192K)
[2024-10-11T04:32:23.435+0800][info] GC(193) Pause Young (Normal) (G1 Evacuation Pause) 89M->89M(128M) 1.210ms
[2024-10-11T04:32:23.435+0800][info] GC(193) User=0.00s Sys=0.00s Real=0.00s
[2024-10-11T04:32:23.537+0800][info] GC(194) Pause Young (Concurrent Start) (G1 Evacuation Pause)
[2024-10-11T04:32:23.537+0800][info] GC(194) Using 3 workers of 48 for evacuation
[2024-10-11T04:32:23.539+0800][info] GC(194)   Pre Evacuate Collection Set: 0.1ms
[2024-10-11T04:32:23.539+0800][info] GC(194)   Merge Heap Roots: 0.0ms
[2024-10-11T04:32:23.539+0800][info] GC(194)   Evacuate Collection Set: 0.7ms
[2024-10-11T04:32:23.539+0800][info] GC(194)   Post Evacuate Collection Set: 0.2ms
[2024-10-11T04:32:23.539+0800][info] GC(194)   Other: 0.3ms
[2024-10-11T04:32:23.539+0800][info] GC(194) Eden regions: 2->0(2)
[2024-10-11T04:32:23.539+0800][info] GC(194) Survivor regions: 1->1(1)
[2024-10-11T04:32:23.539+0800][info] GC(194) Old regions: 45->47
[2024-10-11T04:32:23.539+0800][info] GC(194) Archive regions: 2->2
[2024-10-11T04:32:23.539+0800][info] GC(194) Humongous regions: 4->4
[2024-10-11T04:32:23.539+0800][info] GC(194) Metaspace: 1623K(1792K)->1623K(1792K) NonClass: 1499K(1600K)->1499K(1600K) Class: 124K(192K)->124K(192K)
[2024-10-11T04:32:23.539+0800][info] GC(194) Pause Young (Concurrent Start) (G1 Evacuation Pause) 92M->93M(128M) 1.456ms
[2024-10-11T04:32:23.539+0800][info] GC(194) User=0.01s Sys=0.00s Real=0.00s
[2024-10-11T04:32:23.539+0800][info] GC(195) Concurrent Mark Cycle
[2024-10-11T04:32:23.539+0800][info] GC(195) Concurrent Clear Claimed Marks
[2024-10-11T04:32:23.539+0800][info] GC(195) Concurrent Clear Claimed Marks 0.017ms
[2024-10-11T04:32:23.539+0800][info] GC(195) Concurrent Scan Root Regions
[2024-10-11T04:32:23.539+0800][info] GC(195) Concurrent Scan Root Regions 0.155ms
[2024-10-11T04:32:23.539+0800][info] GC(195) Concurrent Mark
[2024-10-11T04:32:23.539+0800][info] GC(195) Concurrent Mark From Roots
[2024-10-11T04:32:23.539+0800][info] GC(195) Using 12 workers of 12 for marking
[2024-10-11T04:32:23.543+0800][info] GC(195) Concurrent Mark From Roots 4.219ms
[2024-10-11T04:32:23.543+0800][info] GC(195) Concurrent Preclean
[2024-10-11T04:32:23.545+0800][info] GC(195) Concurrent Preclean 1.696ms
[2024-10-11T04:32:23.545+0800][info] GC(195) Pause Remark
[2024-10-11T04:32:23.547+0800][info] GC(195) Pause Remark 93M->91M(128M) 1.344ms
[2024-10-11T04:32:23.547+0800][info] GC(195) User=0.00s Sys=0.00s Real=0.00s
[2024-10-11T04:32:23.547+0800][info] GC(195) Concurrent Mark 7.509ms
[2024-10-11T04:32:23.547+0800][info] GC(195) Concurrent Rebuild Remembered Sets
[2024-10-11T04:32:23.548+0800][info] GC(195) Concurrent Rebuild Remembered Sets 1.345ms
[2024-10-11T04:32:23.548+0800][info] GC(195) Pause Cleanup
[2024-10-11T04:32:23.548+0800][info] GC(195) Pause Cleanup 91M->91M(128M) 0.188ms
[2024-10-11T04:32:23.548+0800][info] GC(195) User=0.00s Sys=0.00s Real=0.00s
[2024-10-11T04:32:23.548+0800][info] GC(195) Concurrent Cleanup for Next Mark
[2024-10-11T04:32:23.549+0800][info] GC(195) Concurrent Cleanup for Next Mark 0.380ms
[2024-10-11T04:32:23.549+0800][info] GC(195) Concurrent Mark Cycle 9.940ms
[2024-10-11T04:32:23.692+0800][info] GC(196) Pause Young (Prepare Mixed) (G1 Evacuation Pause)
[2024-10-11T04:32:23.692+0800][info] GC(196) Using 3 workers of 48 for evacuation
[2024-10-11T04:32:23.693+0800][info] GC(196)   Pre Evacuate Collection Set: 0.1ms
[2024-10-11T04:32:23.693+0800][info] GC(196)   Merge Heap Roots: 0.1ms
[2024-10-11T04:32:23.693+0800][info] GC(196)   Evacuate Collection Set: 0.9ms
[2024-10-11T04:32:23.693+0800][info] GC(196)   Post Evacuate Collection Set: 0.2ms
[2024-10-11T04:32:23.693+0800][info] GC(196)   Other: 0.2ms
[2024-10-11T04:32:23.693+0800][info] GC(196) Eden regions: 2->0(2)
[2024-10-11T04:32:23.693+0800][info] GC(196) Survivor regions: 1->1(1)
[2024-10-11T04:32:23.693+0800][info] GC(196) Old regions: 47->49
[2024-10-11T04:32:23.693+0800][info] GC(196) Archive regions: 2->2
[2024-10-11T04:32:23.693+0800][info] GC(196) Humongous regions: 3->3
[2024-10-11T04:32:23.693+0800][info] GC(196) Metaspace: 1623K(1792K)->1623K(1792K) NonClass: 1499K(1600K)->1499K(1600K) Class: 124K(192K)->124K(192K)
[2024-10-11T04:32:23.693+0800][info] GC(196) Pause Young (Prepare Mixed) (G1 Evacuation Pause) 94M->94M(128M) 1.542ms
[2024-10-11T04:32:23.693+0800][info] GC(196) User=0.00s Sys=0.00s Real=0.01s
[2024-10-11T04:32:23.796+0800][info] GC(197) Pause Young (Mixed) (G1 Evacuation Pause)
[2024-10-11T04:32:23.796+0800][info] GC(197) Using 3 workers of 48 for evacuation
[2024-10-11T04:32:23.797+0800][info] GC(197)   Pre Evacuate Collection Set: 0.1ms
[2024-10-11T04:32:23.797+0800][info] GC(197)   Merge Heap Roots: 0.1ms
[2024-10-11T04:32:23.797+0800][info] GC(197)   Evacuate Collection Set: 1.4ms
[2024-10-11T04:32:23.797+0800][info] GC(197)   Post Evacuate Collection Set: 0.2ms
[2024-10-11T04:32:23.798+0800][info] GC(197)   Other: 0.2ms
[2024-10-11T04:32:23.798+0800][info] GC(197) Eden regions: 2->0(2)
[2024-10-11T04:32:23.798+0800][info] GC(197) Survivor regions: 1->1(1)
[2024-10-11T04:32:23.798+0800][info] GC(197) Old regions: 49->47
[2024-10-11T04:32:23.798+0800][info] GC(197) Archive regions: 2->2
[2024-10-11T04:32:23.798+0800][info] GC(197) Humongous regions: 3->3
[2024-10-11T04:32:23.798+0800][info] GC(197) Metaspace: 1623K(1792K)->1623K(1792K) NonClass: 1499K(1600K)->1499K(1600K) Class: 124K(192K)->124K(192K)
[2024-10-11T04:32:23.798+0800][info] GC(197) Pause Young (Mixed) (G1 Evacuation Pause) 98M->93M(128M) 2.086ms
[2024-10-11T04:32:23.798+0800][info] GC(197) User=0.01s Sys=0.00s Real=0.00s
[2024-10-11T04:32:23.900+0800][info] GC(198) Pause Young (Mixed) (G1 Evacuation Pause)
[2024-10-11T04:32:23.900+0800][info] GC(198) Using 3 workers of 48 for evacuation
[2024-10-11T04:32:23.902+0800][info] GC(198)   Pre Evacuate Collection Set: 0.1ms
[2024-10-11T04:32:23.902+0800][info] GC(198)   Merge Heap Roots: 0.1ms
[2024-10-11T04:32:23.902+0800][info] GC(198)   Evacuate Collection Set: 1.8ms
[2024-10-11T04:32:23.902+0800][info] GC(198)   Post Evacuate Collection Set: 0.2ms
[2024-10-11T04:32:23.902+0800][info] GC(198)   Other: 0.1ms
[2024-10-11T04:32:23.902+0800][info] GC(198) Eden regions: 2->0(2)
[2024-10-11T04:32:23.902+0800][info] GC(198) Survivor regions: 1->1(1)
[2024-10-11T04:32:23.902+0800][info] GC(198) Old regions: 47->45
[2024-10-11T04:32:23.902+0800][info] GC(198) Archive regions: 2->2
[2024-10-11T04:32:23.902+0800][info] GC(198) Humongous regions: 3->3
[2024-10-11T04:32:23.902+0800][info] GC(198) Metaspace: 1623K(1792K)->1623K(1792K) NonClass: 1499K(1600K)->1499K(1600K) Class: 124K(192K)->124K(192K)
[2024-10-11T04:32:23.902+0800][info] GC(198) Pause Young (Mixed) (G1 Evacuation Pause) 96M->91M(128M) 2.399ms
[2024-10-11T04:32:23.902+0800][info] GC(198) User=0.01s Sys=0.00s Real=0.00s
[2024-10-11T04:32:24.004+0800][info] GC(199) Pause Young (Mixed) (G1 Evacuation Pause)
[2024-10-11T04:32:24.004+0800][info] GC(199) Using 3 workers of 48 for evacuation
[2024-10-11T04:32:24.007+0800][info] GC(199)   Pre Evacuate Collection Set: 0.1ms
[2024-10-11T04:32:24.007+0800][info] GC(199)   Merge Heap Roots: 0.1ms
[2024-10-11T04:32:24.007+0800][info] GC(199)   Evacuate Collection Set: 2.0ms
[2024-10-11T04:32:24.007+0800][info] GC(199)   Post Evacuate Collection Set: 0.2ms
[2024-10-11T04:32:24.007+0800][info] GC(199)   Other: 0.1ms
[2024-10-11T04:32:24.007+0800][info] GC(199) Eden regions: 2->0(2)
[2024-10-11T04:32:24.007+0800][info] GC(199) Survivor regions: 1->1(1)
[2024-10-11T04:32:24.007+0800][info] GC(199) Old regions: 45->45
[2024-10-11T04:32:24.007+0800][info] GC(199) Archive regions: 2->2
[2024-10-11T04:32:24.007+0800][info] GC(199) Humongous regions: 3->3
[2024-10-11T04:32:24.007+0800][info] GC(199) Metaspace: 1623K(1792K)->1623K(1792K) NonClass: 1499K(1600K)->1499K(1600K) Class: 124K(192K)->124K(192K)
[2024-10-11T04:32:24.007+0800][info] GC(199) Pause Young (Mixed) (G1 Evacuation Pause) 95M->92M(128M) 2.591ms
[2024-10-11T04:32:24.007+0800][info] GC(199) User=0.00s Sys=0.00s Real=0.01s
[2024-10-11T04:32:24.109+0800][info] GC(200) Pause Young (Mixed) (G1 Evacuation Pause)
[2024-10-11T04:32:24.109+0800][info] GC(200) Using 3 workers of 48 for evacuation
[2024-10-11T04:32:24.110+0800][info] GC(200)   Pre Evacuate Collection Set: 0.1ms
[2024-10-11T04:32:24.110+0800][info] GC(200)   Merge Heap Roots: 0.1ms
[2024-10-11T04:32:24.110+0800][info] GC(200)   Evacuate Collection Set: 1.1ms
[2024-10-11T04:32:24.110+0800][info] GC(200)   Post Evacuate Collection Set: 0.2ms
[2024-10-11T04:32:24.110+0800][info] GC(200)   Other: 0.1ms
[2024-10-11T04:32:24.110+0800][info] GC(200) Eden regions: 2->0(2)
[2024-10-11T04:32:24.110+0800][info] GC(200) Survivor regions: 1->1(1)
[2024-10-11T04:32:24.110+0800][info] GC(200) Old regions: 45->46
[2024-10-11T04:32:24.110+0800][info] GC(200) Archive regions: 2->2
[2024-10-11T04:32:24.110+0800][info] GC(200) Humongous regions: 3->3
[2024-10-11T04:32:24.110+0800][info] GC(200) Metaspace: 1623K(1792K)->1623K(1792K) NonClass: 1499K(1600K)->1499K(1600K) Class: 124K(192K)->124K(192K)
[2024-10-11T04:32:24.110+0800][info] GC(200) Pause Young (Mixed) (G1 Evacuation Pause) 95M->94M(128M) 1.706ms
[2024-10-11T04:32:24.110+0800][info] GC(200) User=0.00s Sys=0.00s Real=0.00s
[2024-10-11T04:32:24.213+0800][info] GC(201) Pause Young (Normal) (G1 Evacuation Pause)
[2024-10-11T04:32:24.213+0800][info] GC(201) Using 3 workers of 48 for evacuation
[2024-10-11T04:32:24.214+0800][info] GC(201)   Pre Evacuate Collection Set: 0.1ms
[2024-10-11T04:32:24.214+0800][info] GC(201)   Merge Heap Roots: 0.0ms
[2024-10-11T04:32:24.214+0800][info] GC(201)   Evacuate Collection Set: 0.8ms
[2024-10-11T04:32:24.214+0800][info] GC(201)   Post Evacuate Collection Set: 0.2ms
[2024-10-11T04:32:24.214+0800][info] GC(201)   Other: 0.2ms
[2024-10-11T04:32:24.214+0800][info] GC(201) Eden regions: 2->0(2)
[2024-10-11T04:32:24.214+0800][info] GC(201) Survivor regions: 1->1(1)
[2024-10-11T04:32:24.214+0800][info] GC(201) Old regions: 46->48
[2024-10-11T04:32:24.214+0800][info] GC(201) Archive regions: 2->2
[2024-10-11T04:32:24.214+0800][info] GC(201) Humongous regions: 3->3
[2024-10-11T04:32:24.214+0800][info] GC(201) Metaspace: 1623K(1792K)->1623K(1792K) NonClass: 1499K(1600K)->1499K(1600K) Class: 124K(192K)->124K(192K)
[2024-10-11T04:32:24.214+0800][info] GC(201) Pause Young (Normal) (G1 Evacuation Pause) 98M->98M(128M) 1.398ms
[2024-10-11T04:32:24.214+0800][info] GC(201) User=0.01s Sys=0.00s Real=0.01s
[2024-10-11T04:32:24.316+0800][info] GC(202) Pause Young (Normal) (G1 Evacuation Pause)
[2024-10-11T04:32:24.316+0800][info] GC(202) Using 3 workers of 48 for evacuation
[2024-10-11T04:32:24.317+0800][info] GC(202)   Pre Evacuate Collection Set: 0.1ms
[2024-10-11T04:32:24.317+0800][info] GC(202)   Merge Heap Roots: 0.0ms
[2024-10-11T04:32:24.317+0800][info] GC(202)   Evacuate Collection Set: 0.6ms
[2024-10-11T04:32:24.317+0800][info] GC(202)   Post Evacuate Collection Set: 0.2ms
[2024-10-11T04:32:24.317+0800][info] GC(202)   Other: 0.2ms
[2024-10-11T04:32:24.317+0800][info] GC(202) Eden regions: 2->0(2)
[2024-10-11T04:32:24.317+0800][info] GC(202) Survivor regions: 1->1(1)
[2024-10-11T04:32:24.317+0800][info] GC(202) Old regions: 48->49
[2024-10-11T04:32:24.317+0800][info] GC(202) Archive regions: 2->2
[2024-10-11T04:32:24.317+0800][info] GC(202) Humongous regions: 3->3
[2024-10-11T04:32:24.317+0800][info] GC(202) Metaspace: 1623K(1792K)->1623K(1792K) NonClass: 1499K(1600K)->1499K(1600K) Class: 124K(192K)->124K(192K)
[2024-10-11T04:32:24.317+0800][info] GC(202) Pause Young (Normal) (G1 Evacuation Pause) 102M->101M(128M) 1.242ms
[2024-10-11T04:32:24.317+0800][info] GC(202) User=0.00s Sys=0.00s Real=0.00s
[2024-10-11T04:32:24.419+0800][info] GC(203) Pause Young (Concurrent Start) (G1 Evacuation Pause)
[2024-10-11T04:32:24.419+0800][info] GC(203) Using 3 workers of 48 for evacuation
[2024-10-11T04:32:24.421+0800][info] GC(203)   Pre Evacuate Collection Set: 0.1ms
[2024-10-11T04:32:24.421+0800][info] GC(203)   Merge Heap Roots: 0.0ms
[2024-10-11T04:32:24.421+0800][info] GC(203)   Evacuate Collection Set: 0.7ms
[2024-10-11T04:32:24.421+0800][info] GC(203)   Post Evacuate Collection Set: 0.2ms
[2024-10-11T04:32:24.421+0800][info] GC(203)   Other: 0.3ms
[2024-10-11T04:32:24.421+0800][info] GC(203) Eden regions: 2->0(2)
[2024-10-11T04:32:24.421+0800][info] GC(203) Survivor regions: 1->1(1)
[2024-10-11T04:32:24.421+0800][info] GC(203) Old regions: 49->51
[2024-10-11T04:32:24.421+0800][info] GC(203) Archive regions: 2->2
[2024-10-11T04:32:24.421+0800][info] GC(203) Humongous regions: 3->3
[2024-10-11T04:32:24.421+0800][info] GC(203) Metaspace: 1623K(1792K)->1623K(1792K) NonClass: 1499K(1600K)->1499K(1600K) Class: 124K(192K)->124K(192K)
[2024-10-11T04:32:24.421+0800][info] GC(203) Pause Young (Concurrent Start) (G1 Evacuation Pause) 105M->105M(128M) 1.446ms
[2024-10-11T04:32:24.421+0800][info] GC(203) User=0.01s Sys=0.00s Real=0.00s
[2024-10-11T04:32:24.421+0800][info] GC(204) Concurrent Mark Cycle
[2024-10-11T04:32:24.421+0800][info] GC(204) Concurrent Clear Claimed Marks
[2024-10-11T04:32:24.421+0800][info] GC(204) Concurrent Clear Claimed Marks 0.041ms
[2024-10-11T04:32:24.421+0800][info] GC(204) Concurrent Scan Root Regions
[2024-10-11T04:32:24.421+0800][info] GC(204) Concurrent Scan Root Regions 0.148ms
[2024-10-11T04:32:24.421+0800][info] GC(204) Concurrent Mark
[2024-10-11T04:32:24.421+0800][info] GC(204) Concurrent Mark From Roots
[2024-10-11T04:32:24.421+0800][info] GC(204) Using 12 workers of 12 for marking
[2024-10-11T04:32:24.425+0800][info] GC(204) Concurrent Mark From Roots 4.007ms
[2024-10-11T04:32:24.425+0800][info] GC(204) Concurrent Preclean
[2024-10-11T04:32:24.427+0800][info] GC(204) Concurrent Preclean 1.676ms
[2024-10-11T04:32:24.427+0800][info] GC(204) Pause Remark
[2024-10-11T04:32:24.428+0800][info] GC(204) Pause Remark 106M->106M(128M) 1.385ms
[2024-10-11T04:32:24.428+0800][info] GC(204) User=0.00s Sys=0.00s Real=0.00s
[2024-10-11T04:32:24.429+0800][info] GC(204) Concurrent Mark 7.317ms
[2024-10-11T04:32:24.429+0800][info] GC(204) Concurrent Rebuild Remembered Sets
[2024-10-11T04:32:24.430+0800][info] GC(204) Concurrent Rebuild Remembered Sets 1.353ms
[2024-10-11T04:32:24.430+0800][info] GC(204) Pause Cleanup
[2024-10-11T04:32:24.430+0800][info] GC(204) Pause Cleanup 106M->106M(128M) 0.190ms
[2024-10-11T04:32:24.430+0800][info] GC(204) User=0.00s Sys=0.00s Real=0.00s
[2024-10-11T04:32:24.430+0800][info] GC(204) Concurrent Cleanup for Next Mark
[2024-10-11T04:32:24.431+0800][info] GC(204) Concurrent Cleanup for Next Mark 0.412ms
[2024-10-11T04:32:24.431+0800][info] GC(204) Concurrent Mark Cycle 9.802ms
[2024-10-11T04:32:24.574+0800][info] GC(205) Pause Young (Prepare Mixed) (G1 Evacuation Pause)
[2024-10-11T04:32:24.574+0800][info] GC(205) Using 3 workers of 48 for evacuation
[2024-10-11T04:32:24.575+0800][info] GC(205)   Pre Evacuate Collection Set: 0.1ms
[2024-10-11T04:32:24.575+0800][info] GC(205)   Merge Heap Roots: 0.1ms
[2024-10-11T04:32:24.575+0800][info] GC(205)   Evacuate Collection Set: 0.8ms
[2024-10-11T04:32:24.575+0800][info] GC(205)   Post Evacuate Collection Set: 0.2ms
[2024-10-11T04:32:24.575+0800][info] GC(205)   Other: 0.2ms
[2024-10-11T04:32:24.575+0800][info] GC(205) Eden regions: 2->0(2)
[2024-10-11T04:32:24.575+0800][info] GC(205) Survivor regions: 1->1(1)
[2024-10-11T04:32:24.575+0800][info] GC(205) Old regions: 51->53
[2024-10-11T04:32:24.575+0800][info] GC(205) Archive regions: 2->2
[2024-10-11T04:32:24.575+0800][info] GC(205) Humongous regions: 3->3
[2024-10-11T04:32:24.575+0800][info] GC(205) Metaspace: 1623K(1792K)->1623K(1792K) NonClass: 1499K(1600K)->1499K(1600K) Class: 124K(192K)->124K(192K)
[2024-10-11T04:32:24.575+0800][info] GC(205) Pause Young (Prepare Mixed) (G1 Evacuation Pause) 109M->108M(128M) 1.465ms
[2024-10-11T04:32:24.575+0800][info] GC(205) User=0.01s Sys=0.00s Real=0.00s
[2024-10-11T04:32:24.637+0800][info] GC(206) Pause Young (Mixed) (G1 Preventive Collection)
[2024-10-11T04:32:24.637+0800][info] GC(206) Using 3 workers of 48 for evacuation
[2024-10-11T04:32:24.639+0800][info] GC(206)   Pre Evacuate Collection Set: 0.1ms
[2024-10-11T04:32:24.639+0800][info] GC(206)   Merge Heap Roots: 0.1ms
[2024-10-11T04:32:24.639+0800][info] GC(206)   Evacuate Collection Set: 0.9ms
[2024-10-11T04:32:24.639+0800][info] GC(206)   Post Evacuate Collection Set: 0.2ms
[2024-10-11T04:32:24.639+0800][info] GC(206)   Other: 0.2ms
[2024-10-11T04:32:24.639+0800][info] GC(206) Eden regions: 1->0(2)
[2024-10-11T04:32:24.639+0800][info] GC(206) Survivor regions: 1->1(1)
[2024-10-11T04:32:24.639+0800][info] GC(206) Old regions: 53->49
[2024-10-11T04:32:24.639+0800][info] GC(206) Archive regions: 2->2
[2024-10-11T04:32:24.639+0800][info] GC(206) Humongous regions: 3->3
[2024-10-11T04:32:24.639+0800][info] GC(206) Metaspace: 1623K(1792K)->1623K(1792K) NonClass: 1499K(1600K)->1499K(1600K) Class: 124K(192K)->124K(192K)
[2024-10-11T04:32:24.639+0800][info] GC(206) Pause Young (Mixed) (G1 Preventive Collection) 110M->101M(128M) 1.589ms
[2024-10-11T04:32:24.639+0800][info] GC(206) User=0.00s Sys=0.00s Real=0.00s
[2024-10-11T04:32:24.741+0800][info] GC(207) Pause Young (Mixed) (G1 Evacuation Pause)
[2024-10-11T04:32:24.741+0800][info] GC(207) Using 3 workers of 48 for evacuation
[2024-10-11T04:32:24.743+0800][info] GC(207)   Pre Evacuate Collection Set: 0.1ms
[2024-10-11T04:32:24.743+0800][info] GC(207)   Merge Heap Roots: 0.1ms
[2024-10-11T04:32:24.743+0800][info] GC(207)   Evacuate Collection Set: 1.9ms
[2024-10-11T04:32:24.743+0800][info] GC(207)   Post Evacuate Collection Set: 0.2ms
[2024-10-11T04:32:24.743+0800][info] GC(207)   Other: 0.1ms
[2024-10-11T04:32:24.743+0800][info] GC(207) Eden regions: 2->0(2)
[2024-10-11T04:32:24.743+0800][info] GC(207) Survivor regions: 1->1(1)
[2024-10-11T04:32:24.743+0800][info] GC(207) Old regions: 49->46
[2024-10-11T04:32:24.743+0800][info] GC(207) Archive regions: 2->2
[2024-10-11T04:32:24.743+0800][info] GC(207) Humongous regions: 3->3
[2024-10-11T04:32:24.743+0800][info] GC(207) Metaspace: 1623K(1792K)->1623K(1792K) NonClass: 1499K(1600K)->1499K(1600K) Class: 124K(192K)->124K(192K)
[2024-10-11T04:32:24.743+0800][info] GC(207) Pause Young (Mixed) (G1 Evacuation Pause) 104M->97M(128M) 2.478ms
[2024-10-11T04:32:24.743+0800][info] GC(207) User=0.01s Sys=0.00s Real=0.00s
[2024-10-11T04:32:24.845+0800][info] GC(208) Pause Young (Mixed) (G1 Evacuation Pause)
[2024-10-11T04:32:24.845+0800][info] GC(208) Using 3 workers of 48 for evacuation
[2024-10-11T04:32:24.848+0800][info] GC(208)   Pre Evacuate Collection Set: 0.2ms
[2024-10-11T04:32:24.848+0800][info] GC(208)   Merge Heap Roots: 0.1ms
[2024-10-11T04:32:24.848+0800][info] GC(208)   Evacuate Collection Set: 1.7ms
[2024-10-11T04:32:24.848+0800][info] GC(208)   Post Evacuate Collection Set: 0.2ms
[2024-10-11T04:32:24.848+0800][info] GC(208)   Other: 0.1ms
[2024-10-11T04:32:24.848+0800][info] GC(208) Eden regions: 2->0(2)
[2024-10-11T04:32:24.848+0800][info] GC(208) Survivor regions: 1->1(1)
[2024-10-11T04:32:24.848+0800][info] GC(208) Old regions: 46->45
[2024-10-11T04:32:24.848+0800][info] GC(208) Archive regions: 2->2
[2024-10-11T04:32:24.848+0800][info] GC(208) Humongous regions: 3->3
[2024-10-11T04:32:24.848+0800][info] GC(208) Metaspace: 1623K(1792K)->1623K(1792K) NonClass: 1499K(1600K)->1499K(1600K) Class: 124K(192K)->124K(192K)
[2024-10-11T04:32:24.848+0800][info] GC(208) Pause Young (Mixed) (G1 Evacuation Pause) 100M->95M(128M) 2.348ms
[2024-10-11T04:32:24.848+0800][info] GC(208) User=0.00s Sys=0.00s Real=0.00s
[2024-10-11T04:32:24.950+0800][info] GC(209) Pause Young (Mixed) (G1 Evacuation Pause)
[2024-10-11T04:32:24.950+0800][info] GC(209) Using 3 workers of 48 for evacuation
[2024-10-11T04:32:24.952+0800][info] GC(209)   Pre Evacuate Collection Set: 0.1ms
[2024-10-11T04:32:24.952+0800][info] GC(209)   Merge Heap Roots: 0.1ms
[2024-10-11T04:32:24.952+0800][info] GC(209)   Evacuate Collection Set: 2.0ms
[2024-10-11T04:32:24.952+0800][info] GC(209)   Post Evacuate Collection Set: 0.2ms
[2024-10-11T04:32:24.952+0800][info] GC(209)   Other: 0.1ms
[2024-10-11T04:32:24.952+0800][info] GC(209) Eden regions: 2->0(2)
[2024-10-11T04:32:24.952+0800][info] GC(209) Survivor regions: 1->1(1)
[2024-10-11T04:32:24.952+0800][info] GC(209) Old regions: 45->45
[2024-10-11T04:32:24.952+0800][info] GC(209) Archive regions: 2->2
[2024-10-11T04:32:24.952+0800][info] GC(209) Humongous regions: 3->3
[2024-10-11T04:32:24.952+0800][info] GC(209) Metaspace: 1623K(1792K)->1623K(1792K) NonClass: 1499K(1600K)->1499K(1600K) Class: 124K(192K)->124K(192K)
[2024-10-11T04:32:24.952+0800][info] GC(209) Pause Young (Mixed) (G1 Evacuation Pause) 99M->96M(128M) 2.614ms
[2024-10-11T04:32:24.952+0800][info] GC(209) User=0.01s Sys=0.00s Real=0.00s
[2024-10-11T04:32:25.055+0800][info] GC(210) Pause Young (Normal) (G1 Evacuation Pause)
[2024-10-11T04:32:25.055+0800][info] GC(210) Using 3 workers of 48 for evacuation
[2024-10-11T04:32:25.056+0800][info] GC(210)   Pre Evacuate Collection Set: 0.1ms
[2024-10-11T04:32:25.056+0800][info] GC(210)   Merge Heap Roots: 0.0ms
[2024-10-11T04:32:25.056+0800][info] GC(210)   Evacuate Collection Set: 0.8ms
[2024-10-11T04:32:25.056+0800][info] GC(210)   Post Evacuate Collection Set: 0.2ms
[2024-10-11T04:32:25.056+0800][info] GC(210)   Other: 0.2ms
[2024-10-11T04:32:25.056+0800][info] GC(210) Eden regions: 2->0(2)
[2024-10-11T04:32:25.056+0800][info] GC(210) Survivor regions: 1->1(1)
[2024-10-11T04:32:25.056+0800][info] GC(210) Old regions: 45->47
[2024-10-11T04:32:25.056+0800][info] GC(210) Archive regions: 2->2
[2024-10-11T04:32:25.056+0800][info] GC(210) Humongous regions: 3->3
[2024-10-11T04:32:25.056+0800][info] GC(210) Metaspace: 1623K(1792K)->1623K(1792K) NonClass: 1499K(1600K)->1499K(1600K) Class: 124K(192K)->124K(192K)
[2024-10-11T04:32:25.056+0800][info] GC(210) Pause Young (Normal) (G1 Evacuation Pause) 99M->99M(128M) 1.378ms
[2024-10-11T04:32:25.056+0800][info] GC(210) User=0.00s Sys=0.00s Real=0.00s
[2024-10-11T04:32:25.158+0800][info] GC(211) Pause Young (Normal) (G1 Evacuation Pause)
[2024-10-11T04:32:25.158+0800][info] GC(211) Using 3 workers of 48 for evacuation
[2024-10-11T04:32:25.159+0800][info] GC(211)   Pre Evacuate Collection Set: 0.1ms
[2024-10-11T04:32:25.159+0800][info] GC(211)   Merge Heap Roots: 0.0ms
[2024-10-11T04:32:25.159+0800][info] GC(211)   Evacuate Collection Set: 0.7ms
[2024-10-11T04:32:25.159+0800][info] GC(211)   Post Evacuate Collection Set: 0.2ms
[2024-10-11T04:32:25.159+0800][info] GC(211)   Other: 0.2ms
[2024-10-11T04:32:25.159+0800][info] GC(211) Eden regions: 2->0(2)
[2024-10-11T04:32:25.159+0800][info] GC(211) Survivor regions: 1->1(1)
[2024-10-11T04:32:25.159+0800][info] GC(211) Old regions: 47->49
[2024-10-11T04:32:25.159+0800][info] GC(211) Archive regions: 2->2
[2024-10-11T04:32:25.159+0800][info] GC(211) Humongous regions: 3->3
[2024-10-11T04:32:25.159+0800][info] GC(211) Metaspace: 1623K(1792K)->1623K(1792K) NonClass: 1499K(1600K)->1499K(1600K) Class: 124K(192K)->124K(192K)
[2024-10-11T04:32:25.159+0800][info] GC(211) Pause Young (Normal) (G1 Evacuation Pause) 103M->103M(128M) 1.246ms
[2024-10-11T04:32:25.159+0800][info] GC(211) User=0.01s Sys=0.00s Real=0.00s
[2024-10-11T04:32:25.262+0800][info] GC(212) Pause Young (Concurrent Start) (G1 Evacuation Pause)
[2024-10-11T04:32:25.262+0800][info] GC(212) Using 3 workers of 48 for evacuation
[2024-10-11T04:32:25.263+0800][info] GC(212)   Pre Evacuate Collection Set: 0.1ms
[2024-10-11T04:32:25.263+0800][info] GC(212)   Merge Heap Roots: 0.0ms
[2024-10-11T04:32:25.263+0800][info] GC(212)   Evacuate Collection Set: 0.9ms
[2024-10-11T04:32:25.263+0800][info] GC(212)   Post Evacuate Collection Set: 0.2ms
[2024-10-11T04:32:25.263+0800][info] GC(212)   Other: 0.4ms
[2024-10-11T04:32:25.263+0800][info] GC(212) Eden regions: 2->0(2)
[2024-10-11T04:32:25.263+0800][info] GC(212) Survivor regions: 1->1(1)
[2024-10-11T04:32:25.263+0800][info] GC(212) Old regions: 49->51
[2024-10-11T04:32:25.263+0800][info] GC(212) Archive regions: 2->2
[2024-10-11T04:32:25.263+0800][info] GC(212) Humongous regions: 3->3
[2024-10-11T04:32:25.263+0800][info] GC(212) Metaspace: 1623K(1792K)->1623K(1792K) NonClass: 1499K(1600K)->1499K(1600K) Class: 124K(192K)->124K(192K)
[2024-10-11T04:32:25.263+0800][info] GC(212) Pause Young (Concurrent Start) (G1 Evacuation Pause) 107M->107M(128M) 1.681ms
[2024-10-11T04:32:25.263+0800][info] GC(212) User=0.00s Sys=0.00s Real=0.00s
[2024-10-11T04:32:25.263+0800][info] GC(213) Concurrent Mark Cycle
[2024-10-11T04:32:25.263+0800][info] GC(213) Concurrent Clear Claimed Marks
[2024-10-11T04:32:25.264+0800][info] GC(213) Concurrent Clear Claimed Marks 0.017ms
[2024-10-11T04:32:25.264+0800][info] GC(213) Concurrent Scan Root Regions
[2024-10-11T04:32:25.264+0800][info] GC(213) Concurrent Scan Root Regions 0.175ms
[2024-10-11T04:32:25.264+0800][info] GC(213) Concurrent Mark
[2024-10-11T04:32:25.264+0800][info] GC(213) Concurrent Mark From Roots
[2024-10-11T04:32:25.264+0800][info] GC(213) Using 12 workers of 12 for marking
[2024-10-11T04:32:25.268+0800][info] GC(213) Concurrent Mark From Roots 4.317ms
[2024-10-11T04:32:25.268+0800][info] GC(213) Concurrent Preclean
[2024-10-11T04:32:25.270+0800][info] GC(213) Concurrent Preclean 1.699ms
[2024-10-11T04:32:25.270+0800][info] GC(213) Pause Remark
[2024-10-11T04:32:25.271+0800][info] GC(213) Pause Remark 108M->108M(128M) 1.400ms
[2024-10-11T04:32:25.271+0800][info] GC(213) User=0.00s Sys=0.01s Real=0.00s
[2024-10-11T04:32:25.271+0800][info] GC(213) Concurrent Mark 7.729ms
[2024-10-11T04:32:25.271+0800][info] GC(213) Concurrent Rebuild Remembered Sets
[2024-10-11T04:32:25.273+0800][info] GC(213) Concurrent Rebuild Remembered Sets 1.411ms
[2024-10-11T04:32:25.273+0800][info] GC(213) Pause Cleanup
[2024-10-11T04:32:25.273+0800][info] GC(213) Pause Cleanup 108M->108M(128M) 0.214ms
[2024-10-11T04:32:25.273+0800][info] GC(213) User=0.00s Sys=0.00s Real=0.01s
[2024-10-11T04:32:25.273+0800][info] GC(213) Concurrent Cleanup for Next Mark
[2024-10-11T04:32:25.274+0800][info] GC(213) Concurrent Cleanup for Next Mark 0.448ms
[2024-10-11T04:32:25.274+0800][info] GC(213) Concurrent Mark Cycle 10.335ms
[2024-10-11T04:32:25.416+0800][info] GC(214) Pause Young (Prepare Mixed) (G1 Evacuation Pause)
[2024-10-11T04:32:25.416+0800][info] GC(214) Using 3 workers of 48 for evacuation
[2024-10-11T04:32:25.418+0800][info] GC(214)   Pre Evacuate Collection Set: 0.1ms
[2024-10-11T04:32:25.418+0800][info] GC(214)   Merge Heap Roots: 0.1ms
[2024-10-11T04:32:25.418+0800][info] GC(214)   Evacuate Collection Set: 0.8ms
[2024-10-11T04:32:25.418+0800][info] GC(214)   Post Evacuate Collection Set: 0.2ms
[2024-10-11T04:32:25.418+0800][info] GC(214)   Other: 0.2ms
[2024-10-11T04:32:25.418+0800][info] GC(214) Eden regions: 2->0(2)
[2024-10-11T04:32:25.418+0800][info] GC(214) Survivor regions: 1->1(1)
[2024-10-11T04:32:25.418+0800][info] GC(214) Old regions: 51->53
[2024-10-11T04:32:25.418+0800][info] GC(214) Archive regions: 2->2
[2024-10-11T04:32:25.418+0800][info] GC(214) Humongous regions: 3->3
[2024-10-11T04:32:25.418+0800][info] GC(214) Metaspace: 1623K(1792K)->1623K(1792K) NonClass: 1499K(1600K)->1499K(1600K) Class: 124K(192K)->124K(192K)
[2024-10-11T04:32:25.418+0800][info] GC(214) Pause Young (Prepare Mixed) (G1 Evacuation Pause) 111M->111M(128M) 1.433ms
[2024-10-11T04:32:25.418+0800][info] GC(214) User=0.00s Sys=0.00s Real=0.00s
[2024-10-11T04:32:25.479+0800][info] GC(215) Pause Young (Mixed) (G1 Preventive Collection)
[2024-10-11T04:32:25.479+0800][info] GC(215) Using 3 workers of 48 for evacuation
[2024-10-11T04:32:25.480+0800][info] GC(215)   Pre Evacuate Collection Set: 0.1ms
[2024-10-11T04:32:25.481+0800][info] GC(215)   Merge Heap Roots: 0.1ms
[2024-10-11T04:32:25.481+0800][info] GC(215)   Evacuate Collection Set: 1.1ms
[2024-10-11T04:32:25.481+0800][info] GC(215)   Post Evacuate Collection Set: 0.2ms
[2024-10-11T04:32:25.481+0800][info] GC(215)   Other: 0.2ms
[2024-10-11T04:32:25.481+0800][info] GC(215) Eden regions: 1->0(2)
[2024-10-11T04:32:25.481+0800][info] GC(215) Survivor regions: 1->1(1)
[2024-10-11T04:32:25.481+0800][info] GC(215) Old regions: 53->49
[2024-10-11T04:32:25.481+0800][info] GC(215) Archive regions: 2->2
[2024-10-11T04:32:25.481+0800][info] GC(215) Humongous regions: 3->3
[2024-10-11T04:32:25.481+0800][info] GC(215) Metaspace: 1623K(1792K)->1623K(1792K) NonClass: 1499K(1600K)->1499K(1600K) Class: 124K(192K)->124K(192K)
[2024-10-11T04:32:25.481+0800][info] GC(215) Pause Young (Mixed) (G1 Preventive Collection) 113M->104M(128M) 1.773ms
[2024-10-11T04:32:25.481+0800][info] GC(215) User=0.00s Sys=0.00s Real=0.00s
[2024-10-11T04:32:25.584+0800][info] GC(216) Pause Young (Mixed) (G1 Preventive Collection)
[2024-10-11T04:32:25.584+0800][info] GC(216) Using 3 workers of 48 for evacuation
[2024-10-11T04:32:25.586+0800][info] GC(216) To-space exhausted
[2024-10-11T04:32:25.586+0800][info] GC(216)   Pre Evacuate Collection Set: 0.1ms
[2024-10-11T04:32:25.586+0800][info] GC(216)   Merge Heap Roots: 0.1ms
[2024-10-11T04:32:25.586+0800][info] GC(216)   Evacuate Collection Set: 1.5ms
[2024-10-11T04:32:25.586+0800][info] GC(216)   Post Evacuate Collection Set: 0.3ms
[2024-10-11T04:32:25.586+0800][info] GC(216)   Other: 0.2ms
[2024-10-11T04:32:25.586+0800][info] GC(216) Eden regions: 2->0(2)
[2024-10-11T04:32:25.586+0800][info] GC(216) Survivor regions: 1->1(1)
[2024-10-11T04:32:25.586+0800][info] GC(216) Old regions: 49->51
[2024-10-11T04:32:25.586+0800][info] GC(216) Archive regions: 2->2
[2024-10-11T04:32:25.586+0800][info] GC(216) Humongous regions: 4->3
[2024-10-11T04:32:25.586+0800][info] GC(216) Metaspace: 1623K(1792K)->1623K(1792K) NonClass: 1499K(1600K)->1499K(1600K) Class: 124K(192K)->124K(192K)
[2024-10-11T04:32:25.586+0800][info] GC(216) Pause Young (Mixed) (G1 Preventive Collection) 110M->108M(128M) 2.247ms
[2024-10-11T04:32:25.586+0800][info] GC(216) User=0.01s Sys=0.00s Real=0.01s
[2024-10-11T04:32:25.647+0800][info] GC(217) Pause Young (Mixed) (G1 Preventive Collection)
[2024-10-11T04:32:25.647+0800][info] GC(217) Using 3 workers of 48 for evacuation
[2024-10-11T04:32:25.649+0800][info] GC(217) To-space exhausted
[2024-10-11T04:32:25.649+0800][info] GC(217)   Pre Evacuate Collection Set: 0.1ms
[2024-10-11T04:32:25.649+0800][info] GC(217)   Merge Heap Roots: 0.1ms
[2024-10-11T04:32:25.649+0800][info] GC(217)   Evacuate Collection Set: 1.5ms
[2024-10-11T04:32:25.649+0800][info] GC(217)   Post Evacuate Collection Set: 0.3ms
[2024-10-11T04:32:25.649+0800][info] GC(217)   Other: 0.2ms
[2024-10-11T04:32:25.649+0800][info] GC(217) Eden regions: 1->0(2)
[2024-10-11T04:32:25.649+0800][info] GC(217) Survivor regions: 1->1(1)
[2024-10-11T04:32:25.649+0800][info] GC(217) Old regions: 51->54
[2024-10-11T04:32:25.649+0800][info] GC(217) Archive regions: 2->2
[2024-10-11T04:32:25.649+0800][info] GC(217) Humongous regions: 3->3
[2024-10-11T04:32:25.649+0800][info] GC(217) Metaspace: 1623K(1792K)->1623K(1792K) NonClass: 1499K(1600K)->1499K(1600K) Class: 124K(192K)->124K(192K)
[2024-10-11T04:32:25.649+0800][info] GC(217) Pause Young (Mixed) (G1 Preventive Collection) 110M->115M(128M) 2.226ms
[2024-10-11T04:32:25.649+0800][info] GC(217) User=0.00s Sys=0.00s Real=0.00s
[2024-10-11T04:32:25.690+0800][info] GC(218) Pause Young (Mixed) (G1 Preventive Collection)
[2024-10-11T04:32:25.690+0800][info] GC(218) Using 3 workers of 48 for evacuation
[2024-10-11T04:32:25.692+0800][info] GC(218) To-space exhausted
[2024-10-11T04:32:25.692+0800][info] GC(218)   Pre Evacuate Collection Set: 0.2ms
[2024-10-11T04:32:25.692+0800][info] GC(218)   Merge Heap Roots: 0.0ms
[2024-10-11T04:32:25.692+0800][info] GC(218)   Evacuate Collection Set: 0.9ms
[2024-10-11T04:32:25.692+0800][info] GC(218)   Post Evacuate Collection Set: 0.2ms
[2024-10-11T04:32:25.692+0800][info] GC(218)   Other: 0.2ms
[2024-10-11T04:32:25.692+0800][info] GC(218) Eden regions: 1->0(2)
[2024-10-11T04:32:25.692+0800][info] GC(218) Survivor regions: 1->1(1)
[2024-10-11T04:32:25.692+0800][info] GC(218) Old regions: 54->56
[2024-10-11T04:32:25.692+0800][info] GC(218) Archive regions: 2->2
[2024-10-11T04:32:25.692+0800][info] GC(218) Humongous regions: 3->3
[2024-10-11T04:32:25.692+0800][info] GC(218) Metaspace: 1623K(1792K)->1623K(1792K) NonClass: 1499K(1600K)->1499K(1600K) Class: 124K(192K)->124K(192K)
[2024-10-11T04:32:25.692+0800][info] GC(218) Pause Young (Mixed) (G1 Preventive Collection) 117M->119M(128M) 1.645ms
[2024-10-11T04:32:25.692+0800][info] GC(218) User=0.00s Sys=0.00s Real=0.00s
[2024-10-11T04:32:25.754+0800][info] GC(219) Pause Young (Mixed) (G1 Preventive Collection)
[2024-10-11T04:32:25.754+0800][info] GC(219) Using 3 workers of 48 for evacuation
[2024-10-11T04:32:25.755+0800][info] GC(219) To-space exhausted
[2024-10-11T04:32:25.755+0800][info] GC(219)   Pre Evacuate Collection Set: 0.1ms
[2024-10-11T04:32:25.755+0800][info] GC(219)   Merge Heap Roots: 0.1ms
[2024-10-11T04:32:25.755+0800][info] GC(219)   Evacuate Collection Set: 0.6ms
[2024-10-11T04:32:25.755+0800][info] GC(219)   Post Evacuate Collection Set: 0.7ms
[2024-10-11T04:32:25.755+0800][info] GC(219)   Other: 0.1ms
[2024-10-11T04:32:25.755+0800][info] GC(219) Eden regions: 1->0(2)
[2024-10-11T04:32:25.755+0800][info] GC(219) Survivor regions: 1->1(1)
[2024-10-11T04:32:25.755+0800][info] GC(219) Old regions: 56->57
[2024-10-11T04:32:25.755+0800][info] GC(219) Archive regions: 2->2
[2024-10-11T04:32:25.755+0800][info] GC(219) Humongous regions: 3->3
[2024-10-11T04:32:25.755+0800][info] GC(219) Metaspace: 1623K(1792K)->1623K(1792K) NonClass: 1499K(1600K)->1499K(1600K) Class: 124K(192K)->124K(192K)
[2024-10-11T04:32:25.755+0800][info] GC(219) Pause Young (Mixed) (G1 Preventive Collection) 120M->120M(128M) 1.768ms
[2024-10-11T04:32:25.755+0800][info] GC(219) User=0.00s Sys=0.00s Real=0.00s
[2024-10-11T04:32:25.796+0800][info] GC(220) Pause Young (Concurrent Start) (G1 Evacuation Pause)
[2024-10-11T04:32:25.796+0800][info] GC(220) Using 3 workers of 48 for evacuation
[2024-10-11T04:32:25.797+0800][info] GC(220) To-space exhausted
[2024-10-11T04:32:25.797+0800][info] GC(220)   Pre Evacuate Collection Set: 0.1ms
[2024-10-11T04:32:25.797+0800][info] GC(220)   Merge Heap Roots: 0.1ms
[2024-10-11T04:32:25.797+0800][info] GC(220)   Evacuate Collection Set: 0.3ms
[2024-10-11T04:32:25.797+0800][info] GC(220)   Post Evacuate Collection Set: 0.2ms
[2024-10-11T04:32:25.797+0800][info] GC(220)   Other: 0.3ms
[2024-10-11T04:32:25.797+0800][info] GC(220) Eden regions: 1->0(3)
[2024-10-11T04:32:25.797+0800][info] GC(220) Survivor regions: 1->0(0)
[2024-10-11T04:32:25.797+0800][info] GC(220) Old regions: 57->59
[2024-10-11T04:32:25.797+0800][info] GC(220) Archive regions: 2->2
[2024-10-11T04:32:25.797+0800][info] GC(220) Humongous regions: 3->3
[2024-10-11T04:32:25.797+0800][info] GC(220) Metaspace: 1623K(1792K)->1623K(1792K) NonClass: 1499K(1600K)->1499K(1600K) Class: 124K(192K)->124K(192K)
[2024-10-11T04:32:25.797+0800][info] GC(220) Pause Young (Concurrent Start) (G1 Evacuation Pause) 122M->122M(128M) 1.076ms
[2024-10-11T04:32:25.797+0800][info] GC(220) User=0.01s Sys=0.00s Real=0.00s
[2024-10-11T04:32:25.797+0800][info] Attempting full compaction
[2024-10-11T04:32:25.797+0800][info] GC(221) Using 3 workers of 48 for full compaction
[2024-10-11T04:32:25.797+0800][info] GC(221) Pause Full (G1 Compaction Pause)
[2024-10-11T04:32:25.797+0800][info] GC(222) Concurrent Mark Cycle
[2024-10-11T04:32:25.798+0800][info] GC(222) Concurrent Clear Claimed Marks
[2024-10-11T04:32:25.798+0800][info] GC(222) Concurrent Clear Claimed Marks 0.016ms
[2024-10-11T04:32:25.798+0800][info] GC(222) Concurrent Scan Root Regions
[2024-10-11T04:32:25.798+0800][info] GC(222) Concurrent Scan Root Regions 0.010ms
[2024-10-11T04:32:25.798+0800][info] GC(222) Concurrent Mark
[2024-10-11T04:32:25.798+0800][info] GC(222) Concurrent Mark From Roots
[2024-10-11T04:32:25.798+0800][info] GC(222) Using 12 workers of 12 for marking
[2024-10-11T04:32:25.798+0800][info] GC(221) Phase 1: Mark live objects
[2024-10-11T04:32:25.801+0800][info] GC(221) Phase 1: Mark live objects 3.131ms
[2024-10-11T04:32:25.801+0800][info] GC(221) Phase 2: Prepare for compaction
[2024-10-11T04:32:25.802+0800][info] GC(221) Phase 2: Prepare for compaction 0.547ms
[2024-10-11T04:32:25.802+0800][info] GC(221) Phase 3: Adjust pointers
[2024-10-11T04:32:25.803+0800][info] GC(221) Phase 3: Adjust pointers 1.484ms
[2024-10-11T04:32:25.803+0800][info] GC(221) Phase 4: Compact heap
[2024-10-11T04:32:25.816+0800][info] GC(221) Phase 4: Compact heap 12.619ms
[2024-10-11T04:32:25.817+0800][info] GC(221) Eden regions: 0->0(4)
[2024-10-11T04:32:25.817+0800][info] GC(221) Survivor regions: 0->0(0)
[2024-10-11T04:32:25.817+0800][info] GC(221) Old regions: 59->38
[2024-10-11T04:32:25.817+0800][info] GC(221) Archive regions: 2->2
[2024-10-11T04:32:25.817+0800][info] GC(221) Humongous regions: 3->3
[2024-10-11T04:32:25.817+0800][info] GC(221) Metaspace: 1623K(1792K)->1623K(1792K) NonClass: 1499K(1600K)->1499K(1600K) Class: 124K(192K)->124K(192K)
[2024-10-11T04:32:25.817+0800][info] GC(221) Pause Full (G1 Compaction Pause) 122M->71M(128M) 19.890ms
[2024-10-11T04:32:25.817+0800][info] GC(221) User=0.04s Sys=0.00s Real=0.02s
[2024-10-11T04:32:25.818+0800][info] GC(222) Concurrent Mark From Roots 20.071ms
[2024-10-11T04:32:25.818+0800][info] GC(222) Concurrent Mark Abort
[2024-10-11T04:32:25.818+0800][info] GC(222) Concurrent Mark Cycle 20.256ms
[2024-10-11T04:32:26.043+0800][info] GC(223) Pause Young (Normal) (G1 Evacuation Pause)
[2024-10-11T04:32:26.043+0800][info] GC(223) Using 3 workers of 48 for evacuation
[2024-10-11T04:32:26.045+0800][info] GC(223)   Pre Evacuate Collection Set: 0.1ms
[2024-10-11T04:32:26.045+0800][info] GC(223)   Merge Heap Roots: 0.0ms
[2024-10-11T04:32:26.045+0800][info] GC(223)   Evacuate Collection Set: 1.1ms
[2024-10-11T04:32:26.045+0800][info] GC(223)   Post Evacuate Collection Set: 0.2ms
[2024-10-11T04:32:26.045+0800][info] GC(223)   Other: 0.2ms
[2024-10-11T04:32:26.045+0800][info] GC(223) Eden regions: 4->0(2)
[2024-10-11T04:32:26.045+0800][info] GC(223) Survivor regions: 0->1(1)
[2024-10-11T04:32:26.045+0800][info] GC(223) Old regions: 38->41
[2024-10-11T04:32:26.045+0800][info] GC(223) Archive regions: 2->2
[2024-10-11T04:32:26.045+0800][info] GC(223) Humongous regions: 3->3
[2024-10-11T04:32:26.045+0800][info] GC(223) Metaspace: 1623K(1792K)->1623K(1792K) NonClass: 1499K(1600K)->1499K(1600K) Class: 124K(192K)->124K(192K)
[2024-10-11T04:32:26.045+0800][info] GC(223) Pause Young (Normal) (G1 Evacuation Pause) 79M->79M(128M) 1.819ms
[2024-10-11T04:32:26.045+0800][info] GC(223) User=0.01s Sys=0.00s Real=0.01s
[2024-10-11T04:32:26.147+0800][info] GC(224) Pause Young (Normal) (G1 Evacuation Pause)
[2024-10-11T04:32:26.148+0800][info] GC(224) Using 3 workers of 48 for evacuation
[2024-10-11T04:32:26.149+0800][info] GC(224)   Pre Evacuate Collection Set: 0.1ms
[2024-10-11T04:32:26.149+0800][info] GC(224)   Merge Heap Roots: 0.0ms
[2024-10-11T04:32:26.149+0800][info] GC(224)   Evacuate Collection Set: 0.7ms
[2024-10-11T04:32:26.149+0800][info] GC(224)   Post Evacuate Collection Set: 0.2ms
[2024-10-11T04:32:26.149+0800][info] GC(224)   Other: 0.2ms
[2024-10-11T04:32:26.149+0800][info] GC(224) Eden regions: 2->0(2)
[2024-10-11T04:32:26.149+0800][info] GC(224) Survivor regions: 1->1(1)
[2024-10-11T04:32:26.149+0800][info] GC(224) Old regions: 41->43
[2024-10-11T04:32:26.149+0800][info] GC(224) Archive regions: 2->2
[2024-10-11T04:32:26.149+0800][info] GC(224) Humongous regions: 3->3
[2024-10-11T04:32:26.149+0800][info] GC(224) Metaspace: 1623K(1792K)->1623K(1792K) NonClass: 1499K(1600K)->1499K(1600K) Class: 124K(192K)->124K(192K)
[2024-10-11T04:32:26.149+0800][info] GC(224) Pause Young (Normal) (G1 Evacuation Pause) 83M->83M(128M) 1.277ms
[2024-10-11T04:32:26.149+0800][info] GC(224) User=0.00s Sys=0.00s Real=0.00s
[2024-10-11T04:32:26.251+0800][info] GC(225) Pause Young (Normal) (G1 Evacuation Pause)
[2024-10-11T04:32:26.251+0800][info] GC(225) Using 3 workers of 48 for evacuation
[2024-10-11T04:32:26.252+0800][info] GC(225)   Pre Evacuate Collection Set: 0.1ms
[2024-10-11T04:32:26.252+0800][info] GC(225)   Merge Heap Roots: 0.0ms
[2024-10-11T04:32:26.252+0800][info] GC(225)   Evacuate Collection Set: 0.6ms
[2024-10-11T04:32:26.252+0800][info] GC(225)   Post Evacuate Collection Set: 0.2ms
[2024-10-11T04:32:26.252+0800][info] GC(225)   Other: 0.2ms
[2024-10-11T04:32:26.252+0800][info] GC(225) Eden regions: 2->0(2)
[2024-10-11T04:32:26.252+0800][info] GC(225) Survivor regions: 1->1(1)
[2024-10-11T04:32:26.252+0800][info] GC(225) Old regions: 43->45
[2024-10-11T04:32:26.252+0800][info] GC(225) Archive regions: 2->2
[2024-10-11T04:32:26.252+0800][info] GC(225) Humongous regions: 3->3
[2024-10-11T04:32:26.252+0800][info] GC(225) Metaspace: 1623K(1792K)->1623K(1792K) NonClass: 1499K(1600K)->1499K(1600K) Class: 124K(192K)->124K(192K)
[2024-10-11T04:32:26.252+0800][info] GC(225) Pause Young (Normal) (G1 Evacuation Pause) 86M->87M(128M) 1.209ms
[2024-10-11T04:32:26.252+0800][info] GC(225) User=0.00s Sys=0.00s Real=0.00s
[2024-10-11T04:32:26.354+0800][info] GC(226) Pause Young (Normal) (G1 Evacuation Pause)
[2024-10-11T04:32:26.354+0800][info] GC(226) Using 3 workers of 48 for evacuation
[2024-10-11T04:32:26.355+0800][info] GC(226)   Pre Evacuate Collection Set: 0.1ms
[2024-10-11T04:32:26.355+0800][info] GC(226)   Merge Heap Roots: 0.0ms
[2024-10-11T04:32:26.355+0800][info] GC(226)   Evacuate Collection Set: 0.7ms
[2024-10-11T04:32:26.355+0800][info] GC(226)   Post Evacuate Collection Set: 0.2ms
[2024-10-11T04:32:26.355+0800][info] GC(226)   Other: 0.2ms
[2024-10-11T04:32:26.355+0800][info] GC(226) Eden regions: 2->0(2)
[2024-10-11T04:32:26.355+0800][info] GC(226) Survivor regions: 1->1(1)
[2024-10-11T04:32:26.355+0800][info] GC(226) Old regions: 45->47
[2024-10-11T04:32:26.355+0800][info] GC(226) Archive regions: 2->2
[2024-10-11T04:32:26.355+0800][info] GC(226) Humongous regions: 3->3
[2024-10-11T04:32:26.355+0800][info] GC(226) Metaspace: 1623K(1792K)->1623K(1792K) NonClass: 1499K(1600K)->1499K(1600K) Class: 124K(192K)->124K(192K)
[2024-10-11T04:32:26.356+0800][info] GC(226) Pause Young (Normal) (G1 Evacuation Pause) 90M->91M(128M) 1.358ms
[2024-10-11T04:32:26.356+0800][info] GC(226) User=0.00s Sys=0.00s Real=0.00s
[2024-10-11T04:32:26.457+0800][info] GC(227) Pause Young (Concurrent Start) (G1 Evacuation Pause)
[2024-10-11T04:32:26.458+0800][info] GC(227) Using 3 workers of 48 for evacuation
[2024-10-11T04:32:26.459+0800][info] GC(227)   Pre Evacuate Collection Set: 0.1ms
[2024-10-11T04:32:26.459+0800][info] GC(227)   Merge Heap Roots: 0.0ms
[2024-10-11T04:32:26.459+0800][info] GC(227)   Evacuate Collection Set: 0.8ms
[2024-10-11T04:32:26.459+0800][info] GC(227)   Post Evacuate Collection Set: 0.2ms
[2024-10-11T04:32:26.459+0800][info] GC(227)   Other: 0.3ms
[2024-10-11T04:32:26.459+0800][info] GC(227) Eden regions: 2->0(2)
[2024-10-11T04:32:26.459+0800][info] GC(227) Survivor regions: 1->1(1)
[2024-10-11T04:32:26.459+0800][info] GC(227) Old regions: 47->49
[2024-10-11T04:32:26.459+0800][info] GC(227) Archive regions: 2->2
[2024-10-11T04:32:26.459+0800][info] GC(227) Humongous regions: 3->3
[2024-10-11T04:32:26.459+0800][info] GC(227) Metaspace: 1623K(1792K)->1623K(1792K) NonClass: 1499K(1600K)->1499K(1600K) Class: 124K(192K)->124K(192K)
[2024-10-11T04:32:26.459+0800][info] GC(227) Pause Young (Concurrent Start) (G1 Evacuation Pause) 94M->94M(128M) 1.486ms
[2024-10-11T04:32:26.459+0800][info] GC(227) User=0.00s Sys=0.00s Real=0.00s
[2024-10-11T04:32:26.459+0800][info] GC(228) Concurrent Mark Cycle
[2024-10-11T04:32:26.459+0800][info] GC(228) Concurrent Clear Claimed Marks
[2024-10-11T04:32:26.459+0800][info] GC(228) Concurrent Clear Claimed Marks 0.016ms
[2024-10-11T04:32:26.459+0800][info] GC(228) Concurrent Scan Root Regions
[2024-10-11T04:32:26.459+0800][info] GC(228) Concurrent Scan Root Regions 0.087ms
[2024-10-11T04:32:26.459+0800][info] GC(228) Concurrent Mark
[2024-10-11T04:32:26.459+0800][info] GC(228) Concurrent Mark From Roots
[2024-10-11T04:32:26.459+0800][info] GC(228) Using 12 workers of 12 for marking
[2024-10-11T04:32:26.463+0800][info] GC(228) Concurrent Mark From Roots 4.185ms
[2024-10-11T04:32:26.463+0800][info] GC(228) Concurrent Preclean
[2024-10-11T04:32:26.465+0800][info] GC(228) Concurrent Preclean 1.725ms
[2024-10-11T04:32:26.465+0800][info] GC(228) Pause Remark
[2024-10-11T04:32:26.467+0800][info] GC(228) Pause Remark 95M->95M(128M) 1.364ms
[2024-10-11T04:32:26.467+0800][info] GC(228) User=0.01s Sys=0.00s Real=0.00s
[2024-10-11T04:32:26.467+0800][info] GC(228) Concurrent Mark 7.524ms
[2024-10-11T04:32:26.467+0800][info] GC(228) Concurrent Rebuild Remembered Sets
[2024-10-11T04:32:26.468+0800][info] GC(228) Concurrent Rebuild Remembered Sets 1.514ms
[2024-10-11T04:32:26.468+0800][info] GC(228) Pause Cleanup
[2024-10-11T04:32:26.469+0800][info] GC(228) Pause Cleanup 95M->95M(128M) 0.253ms
[2024-10-11T04:32:26.469+0800][info] GC(228) User=0.00s Sys=0.00s Real=0.00s
[2024-10-11T04:32:26.469+0800][info] GC(228) Concurrent Cleanup for Next Mark
[2024-10-11T04:32:26.469+0800][info] GC(228) Concurrent Cleanup for Next Mark 0.508ms
[2024-10-11T04:32:26.469+0800][info] GC(228) Concurrent Mark Cycle 10.266ms
[2024-10-11T04:32:26.612+0800][info] GC(229) Pause Young (Prepare Mixed) (G1 Evacuation Pause)
[2024-10-11T04:32:26.612+0800][info] GC(229) Using 3 workers of 48 for evacuation
[2024-10-11T04:32:26.614+0800][info] GC(229)   Pre Evacuate Collection Set: 0.1ms
[2024-10-11T04:32:26.614+0800][info] GC(229)   Merge Heap Roots: 0.1ms
[2024-10-11T04:32:26.614+0800][info] GC(229)   Evacuate Collection Set: 0.8ms
[2024-10-11T04:32:26.614+0800][info] GC(229)   Post Evacuate Collection Set: 0.2ms
[2024-10-11T04:32:26.614+0800][info] GC(229)   Other: 0.2ms
[2024-10-11T04:32:26.614+0800][info] GC(229) Eden regions: 2->0(2)
[2024-10-11T04:32:26.614+0800][info] GC(229) Survivor regions: 1->1(1)
[2024-10-11T04:32:26.614+0800][info] GC(229) Old regions: 49->51
[2024-10-11T04:32:26.614+0800][info] GC(229) Archive regions: 2->2
[2024-10-11T04:32:26.614+0800][info] GC(229) Humongous regions: 3->3
[2024-10-11T04:32:26.614+0800][info] GC(229) Metaspace: 1631K(1792K)->1631K(1792K) NonClass: 1507K(1600K)->1507K(1600K) Class: 124K(192K)->124K(192K)
[2024-10-11T04:32:26.614+0800][info] GC(229) Pause Young (Prepare Mixed) (G1 Evacuation Pause) 98M->98M(128M) 1.349ms
[2024-10-11T04:32:26.614+0800][info] GC(229) User=0.00s Sys=0.00s Real=0.01s
[2024-10-11T04:32:26.716+0800][info] GC(230) Pause Young (Mixed) (G1 Preventive Collection)
[2024-10-11T04:32:26.716+0800][info] GC(230) Using 3 workers of 48 for evacuation
[2024-10-11T04:32:26.718+0800][info] GC(230) To-space exhausted
[2024-10-11T04:32:26.718+0800][info] GC(230)   Pre Evacuate Collection Set: 0.1ms
[2024-10-11T04:32:26.718+0800][info] GC(230)   Merge Heap Roots: 0.1ms
[2024-10-11T04:32:26.718+0800][info] GC(230)   Evacuate Collection Set: 1.5ms
[2024-10-11T04:32:26.718+0800][info] GC(230)   Post Evacuate Collection Set: 0.2ms
[2024-10-11T04:32:26.718+0800][info] GC(230)   Other: 0.2ms
[2024-10-11T04:32:26.718+0800][info] GC(230) Eden regions: 2->0(2)
[2024-10-11T04:32:26.718+0800][info] GC(230) Survivor regions: 1->1(1)
[2024-10-11T04:32:26.718+0800][info] GC(230) Old regions: 51->49
[2024-10-11T04:32:26.718+0800][info] GC(230) Archive regions: 2->2
[2024-10-11T04:32:26.718+0800][info] GC(230) Humongous regions: 3->3
[2024-10-11T04:32:26.718+0800][info] GC(230) Metaspace: 1631K(1792K)->1631K(1792K) NonClass: 1507K(1600K)->1507K(1600K) Class: 124K(192K)->124K(192K)
[2024-10-11T04:32:26.718+0800][info] GC(230) Pause Young (Mixed) (G1 Preventive Collection) 102M->98M(128M) 2.167ms
[2024-10-11T04:32:26.718+0800][info] GC(230) User=0.00s Sys=0.00s Real=0.00s
[2024-10-11T04:32:26.820+0800][info] GC(231) Pause Young (Mixed) (G1 Preventive Collection)
[2024-10-11T04:32:26.820+0800][info] GC(231) Using 3 workers of 48 for evacuation
[2024-10-11T04:32:26.822+0800][info] GC(231)   Pre Evacuate Collection Set: 0.1ms
[2024-10-11T04:32:26.822+0800][info] GC(231)   Merge Heap Roots: 0.1ms
[2024-10-11T04:32:26.822+0800][info] GC(231)   Evacuate Collection Set: 1.7ms
[2024-10-11T04:32:26.822+0800][info] GC(231)   Post Evacuate Collection Set: 0.2ms
[2024-10-11T04:32:26.822+0800][info] GC(231)   Other: 0.1ms
[2024-10-11T04:32:26.822+0800][info] GC(231) Eden regions: 2->0(2)
[2024-10-11T04:32:26.822+0800][info] GC(231) Survivor regions: 1->1(1)
[2024-10-11T04:32:26.822+0800][info] GC(231) Old regions: 49->48
[2024-10-11T04:32:26.822+0800][info] GC(231) Archive regions: 2->2
[2024-10-11T04:32:26.822+0800][info] GC(231) Humongous regions: 3->3
[2024-10-11T04:32:26.822+0800][info] GC(231) Metaspace: 1634K(1792K)->1634K(1792K) NonClass: 1510K(1600K)->1510K(1600K) Class: 124K(192K)->124K(192K)
[2024-10-11T04:32:26.822+0800][info] GC(231) Pause Young (Mixed) (G1 Preventive Collection) 101M->97M(128M) 2.357ms
[2024-10-11T04:32:26.822+0800][info] GC(231) User=0.01s Sys=0.00s Real=0.00s
[2024-10-11T04:32:26.924+0800][info] GC(232) Pause Young (Mixed) (G1 Evacuation Pause)
[2024-10-11T04:32:26.924+0800][info] GC(232) Using 3 workers of 48 for evacuation
[2024-10-11T04:32:26.927+0800][info] GC(232)   Pre Evacuate Collection Set: 0.1ms
[2024-10-11T04:32:26.927+0800][info] GC(232)   Merge Heap Roots: 0.1ms
[2024-10-11T04:32:26.927+0800][info] GC(232)   Evacuate Collection Set: 1.8ms
[2024-10-11T04:32:26.927+0800][info] GC(232)   Post Evacuate Collection Set: 0.2ms
[2024-10-11T04:32:26.927+0800][info] GC(232)   Other: 0.1ms
[2024-10-11T04:32:26.927+0800][info] GC(232) Eden regions: 2->0(2)
[2024-10-11T04:32:26.927+0800][info] GC(232) Survivor regions: 1->1(1)
[2024-10-11T04:32:26.927+0800][info] GC(232) Old regions: 48->47
[2024-10-11T04:32:26.927+0800][info] GC(232) Archive regions: 2->2
[2024-10-11T04:32:26.927+0800][info] GC(232) Humongous regions: 3->3
[2024-10-11T04:32:26.927+0800][info] GC(232) Metaspace: 1634K(1792K)->1634K(1792K) NonClass: 1510K(1600K)->1510K(1600K) Class: 124K(192K)->124K(192K)
[2024-10-11T04:32:26.927+0800][info] GC(232) Pause Young (Mixed) (G1 Evacuation Pause) 100M->97M(128M) 2.401ms
[2024-10-11T04:32:26.927+0800][info] GC(232) User=0.01s Sys=0.00s Real=0.01s
[2024-10-11T04:32:27.029+0800][info] GC(233) Pause Young (Mixed) (G1 Evacuation Pause)
[2024-10-11T04:32:27.029+0800][info] GC(233) Using 3 workers of 48 for evacuation
[2024-10-11T04:32:27.031+0800][info] GC(233)   Pre Evacuate Collection Set: 0.1ms
[2024-10-11T04:32:27.031+0800][info] GC(233)   Merge Heap Roots: 0.1ms
[2024-10-11T04:32:27.031+0800][info] GC(233)   Evacuate Collection Set: 1.8ms
[2024-10-11T04:32:27.031+0800][info] GC(233)   Post Evacuate Collection Set: 0.2ms
[2024-10-11T04:32:27.031+0800][info] GC(233)   Other: 0.1ms
[2024-10-11T04:32:27.031+0800][info] GC(233) Eden regions: 2->0(2)
[2024-10-11T04:32:27.031+0800][info] GC(233) Survivor regions: 1->1(1)
[2024-10-11T04:32:27.031+0800][info] GC(233) Old regions: 47->47
[2024-10-11T04:32:27.031+0800][info] GC(233) Archive regions: 2->2
[2024-10-11T04:32:27.032+0800][info] GC(233) Humongous regions: 3->3
[2024-10-11T04:32:27.032+0800][info] GC(233) Metaspace: 1634K(1792K)->1634K(1792K) NonClass: 1510K(1600K)->1510K(1600K) Class: 124K(192K)->124K(192K)
[2024-10-11T04:32:27.032+0800][info] GC(233) Pause Young (Mixed) (G1 Evacuation Pause) 100M->97M(128M) 2.357ms
[2024-10-11T04:32:27.032+0800][info] GC(233) User=0.00s Sys=0.00s Real=0.00s
[2024-10-11T04:32:27.133+0800][info] GC(234) Pause Young (Normal) (G1 Evacuation Pause)
[2024-10-11T04:32:27.133+0800][info] GC(234) Using 3 workers of 48 for evacuation
[2024-10-11T04:32:27.135+0800][info] GC(234)   Pre Evacuate Collection Set: 0.1ms
[2024-10-11T04:32:27.135+0800][info] GC(234)   Merge Heap Roots: 0.0ms
[2024-10-11T04:32:27.135+0800][info] GC(234)   Evacuate Collection Set: 0.6ms
[2024-10-11T04:32:27.135+0800][info] GC(234)   Post Evacuate Collection Set: 0.2ms
[2024-10-11T04:32:27.135+0800][info] GC(234)   Other: 0.2ms
[2024-10-11T04:32:27.135+0800][info] GC(234) Eden regions: 2->0(2)
[2024-10-11T04:32:27.135+0800][info] GC(234) Survivor regions: 1->1(1)
[2024-10-11T04:32:27.135+0800][info] GC(234) Old regions: 47->49
[2024-10-11T04:32:27.135+0800][info] GC(234) Archive regions: 2->2
[2024-10-11T04:32:27.135+0800][info] GC(234) Humongous regions: 3->3
[2024-10-11T04:32:27.135+0800][info] GC(234) Metaspace: 1634K(1792K)->1634K(1792K) NonClass: 1510K(1600K)->1510K(1600K) Class: 124K(192K)->124K(192K)
[2024-10-11T04:32:27.135+0800][info] GC(234) Pause Young (Normal) (G1 Evacuation Pause) 101M->101M(128M) 1.196ms
[2024-10-11T04:32:27.135+0800][info] GC(234) User=0.01s Sys=0.00s Real=0.00s
[2024-10-11T04:32:27.237+0800][info] GC(235) Pause Young (Concurrent Start) (G1 Evacuation Pause)
[2024-10-11T04:32:27.237+0800][info] GC(235) Using 3 workers of 48 for evacuation
[2024-10-11T04:32:27.238+0800][info] GC(235)   Pre Evacuate Collection Set: 0.1ms
[2024-10-11T04:32:27.238+0800][info] GC(235)   Merge Heap Roots: 0.0ms
[2024-10-11T04:32:27.238+0800][info] GC(235)   Evacuate Collection Set: 0.8ms
[2024-10-11T04:32:27.238+0800][info] GC(235)   Post Evacuate Collection Set: 0.2ms
[2024-10-11T04:32:27.238+0800][info] GC(235)   Other: 0.4ms
[2024-10-11T04:32:27.238+0800][info] GC(235) Eden regions: 2->0(2)
[2024-10-11T04:32:27.238+0800][info] GC(235) Survivor regions: 1->1(1)
[2024-10-11T04:32:27.238+0800][info] GC(235) Old regions: 49->51
[2024-10-11T04:32:27.238+0800][info] GC(235) Archive regions: 2->2
[2024-10-11T04:32:27.238+0800][info] GC(235) Humongous regions: 3->3
[2024-10-11T04:32:27.238+0800][info] GC(235) Metaspace: 1634K(1792K)->1634K(1792K) NonClass: 1510K(1600K)->1510K(1600K) Class: 124K(192K)->124K(192K)
[2024-10-11T04:32:27.238+0800][info] GC(235) Pause Young (Concurrent Start) (G1 Evacuation Pause) 105M->105M(128M) 1.603ms
[2024-10-11T04:32:27.239+0800][info] GC(235) User=0.00s Sys=0.00s Real=0.00s
[2024-10-11T04:32:27.239+0800][info] GC(236) Concurrent Mark Cycle
[2024-10-11T04:32:27.239+0800][info] GC(236) Concurrent Clear Claimed Marks
[2024-10-11T04:32:27.239+0800][info] GC(236) Concurrent Clear Claimed Marks 0.017ms
[2024-10-11T04:32:27.239+0800][info] GC(236) Concurrent Scan Root Regions
[2024-10-11T04:32:27.239+0800][info] GC(236) Concurrent Scan Root Regions 0.103ms
[2024-10-11T04:32:27.239+0800][info] GC(236) Concurrent Mark
[2024-10-11T04:32:27.239+0800][info] GC(236) Concurrent Mark From Roots
[2024-10-11T04:32:27.239+0800][info] GC(236) Using 12 workers of 12 for marking
[2024-10-11T04:32:27.243+0800][info] GC(236) Concurrent Mark From Roots 4.000ms
[2024-10-11T04:32:27.243+0800][info] GC(236) Concurrent Preclean
[2024-10-11T04:32:27.245+0800][info] GC(236) Concurrent Preclean 1.682ms
[2024-10-11T04:32:27.245+0800][info] GC(236) Pause Remark
[2024-10-11T04:32:27.246+0800][info] GC(236) Pause Remark 106M->106M(128M) 1.448ms
[2024-10-11T04:32:27.246+0800][info] GC(236) User=0.00s Sys=0.00s Real=0.01s
[2024-10-11T04:32:27.246+0800][info] GC(236) Concurrent Mark 7.382ms
[2024-10-11T04:32:27.246+0800][info] GC(236) Concurrent Rebuild Remembered Sets
[2024-10-11T04:32:27.248+0800][info] GC(236) Concurrent Rebuild Remembered Sets 1.570ms
[2024-10-11T04:32:27.248+0800][info] GC(236) Pause Cleanup
[2024-10-11T04:32:27.248+0800][info] GC(236) Pause Cleanup 106M->106M(128M) 0.245ms
[2024-10-11T04:32:27.248+0800][info] GC(236) User=0.00s Sys=0.00s Real=0.00s
[2024-10-11T04:32:27.248+0800][info] GC(236) Concurrent Cleanup for Next Mark
[2024-10-11T04:32:27.249+0800][info] GC(236) Concurrent Cleanup for Next Mark 0.442ms
[2024-10-11T04:32:27.249+0800][info] GC(236) Concurrent Mark Cycle 10.096ms
[2024-10-11T04:32:27.391+0800][info] GC(237) Pause Young (Prepare Mixed) (G1 Evacuation Pause)
[2024-10-11T04:32:27.391+0800][info] GC(237) Using 3 workers of 48 for evacuation
[2024-10-11T04:32:27.393+0800][info] GC(237)   Pre Evacuate Collection Set: 0.1ms
[2024-10-11T04:32:27.393+0800][info] GC(237)   Merge Heap Roots: 0.1ms
[2024-10-11T04:32:27.393+0800][info] GC(237)   Evacuate Collection Set: 0.8ms
[2024-10-11T04:32:27.393+0800][info] GC(237)   Post Evacuate Collection Set: 0.2ms
[2024-10-11T04:32:27.393+0800][info] GC(237)   Other: 0.2ms
[2024-10-11T04:32:27.393+0800][info] GC(237) Eden regions: 2->0(2)
[2024-10-11T04:32:27.393+0800][info] GC(237) Survivor regions: 1->1(1)
[2024-10-11T04:32:27.393+0800][info] GC(237) Old regions: 51->52
[2024-10-11T04:32:27.393+0800][info] GC(237) Archive regions: 2->2
[2024-10-11T04:32:27.393+0800][info] GC(237) Humongous regions: 3->3
[2024-10-11T04:32:27.393+0800][info] GC(237) Metaspace: 1634K(1792K)->1634K(1792K) NonClass: 1510K(1600K)->1510K(1600K) Class: 124K(192K)->124K(192K)
[2024-10-11T04:32:27.393+0800][info] GC(237) Pause Young (Prepare Mixed) (G1 Evacuation Pause) 109M->109M(128M) 1.387ms
[2024-10-11T04:32:27.393+0800][info] GC(237) User=0.00s Sys=0.00s Real=0.00s
[2024-10-11T04:32:27.454+0800][info] GC(238) Pause Young (Mixed) (G1 Preventive Collection)
[2024-10-11T04:32:27.454+0800][info] GC(238) Using 3 workers of 48 for evacuation
[2024-10-11T04:32:27.456+0800][info] GC(238)   Pre Evacuate Collection Set: 0.1ms
[2024-10-11T04:32:27.456+0800][info] GC(238)   Merge Heap Roots: 0.1ms
[2024-10-11T04:32:27.456+0800][info] GC(238)   Evacuate Collection Set: 1.2ms
[2024-10-11T04:32:27.456+0800][info] GC(238)   Post Evacuate Collection Set: 0.2ms
[2024-10-11T04:32:27.456+0800][info] GC(238)   Other: 0.2ms
[2024-10-11T04:32:27.456+0800][info] GC(238) Eden regions: 1->0(2)
[2024-10-11T04:32:27.456+0800][info] GC(238) Survivor regions: 1->1(1)
[2024-10-11T04:32:27.456+0800][info] GC(238) Old regions: 52->48
[2024-10-11T04:32:27.456+0800][info] GC(238) Archive regions: 2->2
[2024-10-11T04:32:27.456+0800][info] GC(238) Humongous regions: 3->3
[2024-10-11T04:32:27.456+0800][info] GC(238) Metaspace: 1634K(1792K)->1634K(1792K) NonClass: 1510K(1600K)->1510K(1600K) Class: 124K(192K)->124K(192K)
[2024-10-11T04:32:27.456+0800][info] GC(238) Pause Young (Mixed) (G1 Preventive Collection) 110M->101M(128M) 1.878ms
[2024-10-11T04:32:27.456+0800][info] GC(238) User=0.01s Sys=0.00s Real=0.00s
[2024-10-11T04:32:27.558+0800][info] GC(239) Pause Young (Mixed) (G1 Evacuation Pause)
[2024-10-11T04:32:27.558+0800][info] GC(239) Using 3 workers of 48 for evacuation
[2024-10-11T04:32:27.560+0800][info] GC(239)   Pre Evacuate Collection Set: 0.1ms
[2024-10-11T04:32:27.560+0800][info] GC(239)   Merge Heap Roots: 0.1ms
[2024-10-11T04:32:27.560+0800][info] GC(239)   Evacuate Collection Set: 1.7ms
[2024-10-11T04:32:27.560+0800][info] GC(239)   Post Evacuate Collection Set: 0.2ms
[2024-10-11T04:32:27.560+0800][info] GC(239)   Other: 0.1ms
[2024-10-11T04:32:27.560+0800][info] GC(239) Eden regions: 2->0(2)
[2024-10-11T04:32:27.561+0800][info] GC(239) Survivor regions: 1->1(1)
[2024-10-11T04:32:27.561+0800][info] GC(239) Old regions: 48->47
[2024-10-11T04:32:27.561+0800][info] GC(239) Archive regions: 2->2
[2024-10-11T04:32:27.561+0800][info] GC(239) Humongous regions: 3->3
[2024-10-11T04:32:27.561+0800][info] GC(239) Metaspace: 1634K(1792K)->1634K(1792K) NonClass: 1510K(1600K)->1510K(1600K) Class: 124K(192K)->124K(192K)
[2024-10-11T04:32:27.561+0800][info] GC(239) Pause Young (Mixed) (G1 Evacuation Pause) 105M->99M(128M) 2.289ms
[2024-10-11T04:32:27.561+0800][info] GC(239) User=0.01s Sys=0.00s Real=0.00s
[2024-10-11T04:32:27.663+0800][info] GC(240) Pause Young (Mixed) (G1 Evacuation Pause)
[2024-10-11T04:32:27.663+0800][info] GC(240) Using 3 workers of 48 for evacuation
[2024-10-11T04:32:27.665+0800][info] GC(240)   Pre Evacuate Collection Set: 0.1ms
[2024-10-11T04:32:27.665+0800][info] GC(240)   Merge Heap Roots: 0.1ms
[2024-10-11T04:32:27.665+0800][info] GC(240)   Evacuate Collection Set: 1.9ms
[2024-10-11T04:32:27.665+0800][info] GC(240)   Post Evacuate Collection Set: 0.2ms
[2024-10-11T04:32:27.665+0800][info] GC(240)   Other: 0.1ms
[2024-10-11T04:32:27.665+0800][info] GC(240) Eden regions: 2->0(2)
[2024-10-11T04:32:27.665+0800][info] GC(240) Survivor regions: 1->1(1)
[2024-10-11T04:32:27.665+0800][info] GC(240) Old regions: 47->46
[2024-10-11T04:32:27.665+0800][info] GC(240) Archive regions: 2->2
[2024-10-11T04:32:27.665+0800][info] GC(240) Humongous regions: 3->3
[2024-10-11T04:32:27.665+0800][info] GC(240) Metaspace: 1634K(1792K)->1634K(1792K) NonClass: 1510K(1600K)->1510K(1600K) Class: 124K(192K)->124K(192K)
[2024-10-11T04:32:27.665+0800][info] GC(240) Pause Young (Mixed) (G1 Evacuation Pause) 102M->98M(128M) 2.507ms
[2024-10-11T04:32:27.665+0800][info] GC(240) User=0.00s Sys=0.00s Real=0.00s
[2024-10-11T04:32:27.768+0800][info] GC(241) Pause Young (Mixed) (G1 Evacuation Pause)
[2024-10-11T04:32:27.768+0800][info] GC(241) Using 3 workers of 48 for evacuation
[2024-10-11T04:32:27.770+0800][info] GC(241)   Pre Evacuate Collection Set: 0.1ms
[2024-10-11T04:32:27.770+0800][info] GC(241)   Merge Heap Roots: 0.1ms
[2024-10-11T04:32:27.770+0800][info] GC(241)   Evacuate Collection Set: 1.9ms
[2024-10-11T04:32:27.770+0800][info] GC(241)   Post Evacuate Collection Set: 0.2ms
[2024-10-11T04:32:27.770+0800][info] GC(241)   Other: 0.1ms
[2024-10-11T04:32:27.770+0800][info] GC(241) Eden regions: 2->0(2)
[2024-10-11T04:32:27.770+0800][info] GC(241) Survivor regions: 1->1(1)
[2024-10-11T04:32:27.770+0800][info] GC(241) Old regions: 46->45
[2024-10-11T04:32:27.770+0800][info] GC(241) Archive regions: 2->2
[2024-10-11T04:32:27.770+0800][info] GC(241) Humongous regions: 4->3
[2024-10-11T04:32:27.770+0800][info] GC(241) Metaspace: 1634K(1792K)->1634K(1792K) NonClass: 1510K(1600K)->1510K(1600K) Class: 124K(192K)->124K(192K)
[2024-10-11T04:32:27.770+0800][info] GC(241) Pause Young (Mixed) (G1 Evacuation Pause) 103M->96M(128M) 2.492ms
[2024-10-11T04:32:27.770+0800][info] GC(241) User=0.01s Sys=0.00s Real=0.00s
[2024-10-11T04:32:27.872+0800][info] GC(242) Pause Young (Mixed) (G1 Evacuation Pause)
[2024-10-11T04:32:27.872+0800][info] GC(242) Using 3 workers of 48 for evacuation
[2024-10-11T04:32:27.874+0800][info] GC(242)   Pre Evacuate Collection Set: 0.1ms
[2024-10-11T04:32:27.874+0800][info] GC(242)   Merge Heap Roots: 0.1ms
[2024-10-11T04:32:27.874+0800][info] GC(242)   Evacuate Collection Set: 1.3ms
[2024-10-11T04:32:27.874+0800][info] GC(242)   Post Evacuate Collection Set: 0.2ms
[2024-10-11T04:32:27.874+0800][info] GC(242)   Other: 0.1ms
[2024-10-11T04:32:27.874+0800][info] GC(242) Eden regions: 2->0(2)
[2024-10-11T04:32:27.874+0800][info] GC(242) Survivor regions: 1->1(1)
[2024-10-11T04:32:27.874+0800][info] GC(242) Old regions: 45->47
[2024-10-11T04:32:27.874+0800][info] GC(242) Archive regions: 2->2
[2024-10-11T04:32:27.874+0800][info] GC(242) Humongous regions: 3->3
[2024-10-11T04:32:27.874+0800][info] GC(242) Metaspace: 1634K(1792K)->1634K(1792K) NonClass: 1510K(1600K)->1510K(1600K) Class: 124K(192K)->124K(192K)
[2024-10-11T04:32:27.874+0800][info] GC(242) Pause Young (Mixed) (G1 Evacuation Pause) 100M->100M(128M) 1.956ms
[2024-10-11T04:32:27.874+0800][info] GC(242) User=0.00s Sys=0.00s Real=0.01s
[2024-10-11T04:32:27.977+0800][info] GC(243) Pause Young (Normal) (G1 Evacuation Pause)
[2024-10-11T04:32:27.977+0800][info] GC(243) Using 3 workers of 48 for evacuation
[2024-10-11T04:32:27.978+0800][info] GC(243)   Pre Evacuate Collection Set: 0.1ms
[2024-10-11T04:32:27.978+0800][info] GC(243)   Merge Heap Roots: 0.0ms
[2024-10-11T04:32:27.978+0800][info] GC(243)   Evacuate Collection Set: 0.7ms
[2024-10-11T04:32:27.978+0800][info] GC(243)   Post Evacuate Collection Set: 0.2ms
[2024-10-11T04:32:27.978+0800][info] GC(243)   Other: 0.2ms
[2024-10-11T04:32:27.978+0800][info] GC(243) Eden regions: 2->0(2)
[2024-10-11T04:32:27.978+0800][info] GC(243) Survivor regions: 1->1(1)
[2024-10-11T04:32:27.978+0800][info] GC(243) Old regions: 47->49
[2024-10-11T04:32:27.978+0800][info] GC(243) Archive regions: 2->2
[2024-10-11T04:32:27.978+0800][info] GC(243) Humongous regions: 3->3
[2024-10-11T04:32:27.978+0800][info] GC(243) Metaspace: 1634K(1792K)->1634K(1792K) NonClass: 1510K(1600K)->1510K(1600K) Class: 124K(192K)->124K(192K)
[2024-10-11T04:32:27.978+0800][info] GC(243) Pause Young (Normal) (G1 Evacuation Pause) 103M->104M(128M) 1.300ms
[2024-10-11T04:32:27.978+0800][info] GC(243) User=0.00s Sys=0.00s Real=0.00s
[2024-10-11T04:32:28.080+0800][info] GC(244) Pause Young (Concurrent Start) (G1 Evacuation Pause)
[2024-10-11T04:32:28.080+0800][info] GC(244) Using 3 workers of 48 for evacuation
[2024-10-11T04:32:28.081+0800][info] GC(244)   Pre Evacuate Collection Set: 0.1ms
[2024-10-11T04:32:28.081+0800][info] GC(244)   Merge Heap Roots: 0.0ms
[2024-10-11T04:32:28.081+0800][info] GC(244)   Evacuate Collection Set: 0.7ms
[2024-10-11T04:32:28.081+0800][info] GC(244)   Post Evacuate Collection Set: 0.2ms
[2024-10-11T04:32:28.081+0800][info] GC(244)   Other: 0.3ms
[2024-10-11T04:32:28.081+0800][info] GC(244) Eden regions: 2->0(2)
[2024-10-11T04:32:28.081+0800][info] GC(244) Survivor regions: 1->1(1)
[2024-10-11T04:32:28.081+0800][info] GC(244) Old regions: 49->51
[2024-10-11T04:32:28.081+0800][info] GC(244) Archive regions: 2->2
[2024-10-11T04:32:28.081+0800][info] GC(244) Humongous regions: 3->3
[2024-10-11T04:32:28.081+0800][info] GC(244) Metaspace: 1634K(1792K)->1634K(1792K) NonClass: 1510K(1600K)->1510K(1600K) Class: 124K(192K)->124K(192K)
[2024-10-11T04:32:28.081+0800][info] GC(244) Pause Young (Concurrent Start) (G1 Evacuation Pause) 108M->108M(128M) 1.470ms
[2024-10-11T04:32:28.081+0800][info] GC(244) User=0.01s Sys=0.00s Real=0.00s
[2024-10-11T04:32:28.081+0800][info] GC(245) Concurrent Mark Cycle
[2024-10-11T04:32:28.082+0800][info] GC(245) Concurrent Clear Claimed Marks
[2024-10-11T04:32:28.082+0800][info] GC(245) Concurrent Clear Claimed Marks 0.041ms
[2024-10-11T04:32:28.082+0800][info] GC(245) Concurrent Scan Root Regions
[2024-10-11T04:32:28.082+0800][info] GC(245) Concurrent Scan Root Regions 0.092ms
[2024-10-11T04:32:28.082+0800][info] GC(245) Concurrent Mark
[2024-10-11T04:32:28.082+0800][info] GC(245) Concurrent Mark From Roots
[2024-10-11T04:32:28.082+0800][info] GC(245) Using 12 workers of 12 for marking
[2024-10-11T04:32:28.086+0800][info] GC(245) Concurrent Mark From Roots 4.214ms
[2024-10-11T04:32:28.086+0800][info] GC(245) Concurrent Preclean
[2024-10-11T04:32:28.088+0800][info] GC(245) Concurrent Preclean 1.674ms
[2024-10-11T04:32:28.088+0800][info] GC(245) Pause Remark
[2024-10-11T04:32:28.089+0800][info] GC(245) Pause Remark 108M->106M(128M) 1.292ms
[2024-10-11T04:32:28.089+0800][info] GC(245) User=0.00s Sys=0.00s Real=0.00s
[2024-10-11T04:32:28.089+0800][info] GC(245) Concurrent Mark 7.413ms
[2024-10-11T04:32:28.089+0800][info] GC(245) Concurrent Rebuild Remembered Sets
[2024-10-11T04:32:28.091+0800][info] GC(245) Concurrent Rebuild Remembered Sets 1.596ms
[2024-10-11T04:32:28.091+0800][info] GC(245) Pause Cleanup
[2024-10-11T04:32:28.091+0800][info] GC(245) Pause Cleanup 106M->106M(128M) 0.202ms
[2024-10-11T04:32:28.091+0800][info] GC(245) User=0.00s Sys=0.00s Real=0.00s
[2024-10-11T04:32:28.091+0800][info] GC(245) Concurrent Cleanup for Next Mark
[2024-10-11T04:32:28.091+0800][info] GC(245) Concurrent Cleanup for Next Mark 0.361ms
[2024-10-11T04:32:28.092+0800][info] GC(245) Concurrent Mark Cycle 10.047ms
[2024-10-11T04:32:28.235+0800][info] GC(246) Pause Young (Prepare Mixed) (G1 Evacuation Pause)
[2024-10-11T04:32:28.235+0800][info] GC(246) Using 3 workers of 48 for evacuation
[2024-10-11T04:32:28.236+0800][info] GC(246)   Pre Evacuate Collection Set: 0.1ms
[2024-10-11T04:32:28.236+0800][info] GC(246)   Merge Heap Roots: 0.1ms
[2024-10-11T04:32:28.236+0800][info] GC(246)   Evacuate Collection Set: 0.8ms
[2024-10-11T04:32:28.236+0800][info] GC(246)   Post Evacuate Collection Set: 0.2ms
[2024-10-11T04:32:28.236+0800][info] GC(246)   Other: 0.2ms
[2024-10-11T04:32:28.236+0800][info] GC(246) Eden regions: 2->0(2)
[2024-10-11T04:32:28.236+0800][info] GC(246) Survivor regions: 1->1(1)
[2024-10-11T04:32:28.236+0800][info] GC(246) Old regions: 50->52
[2024-10-11T04:32:28.236+0800][info] GC(246) Archive regions: 2->2
[2024-10-11T04:32:28.236+0800][info] GC(246) Humongous regions: 3->3
[2024-10-11T04:32:28.236+0800][info] GC(246) Metaspace: 1634K(1792K)->1634K(1792K) NonClass: 1510K(1600K)->1510K(1600K) Class: 124K(192K)->124K(192K)
[2024-10-11T04:32:28.236+0800][info] GC(246) Pause Young (Prepare Mixed) (G1 Evacuation Pause) 110M->110M(128M) 1.412ms
[2024-10-11T04:32:28.236+0800][info] GC(246) User=0.01s Sys=0.00s Real=0.00s
[2024-10-11T04:32:28.297+0800][info] GC(247) Pause Young (Mixed) (G1 Preventive Collection)
[2024-10-11T04:32:28.297+0800][info] GC(247) Using 3 workers of 48 for evacuation
[2024-10-11T04:32:28.299+0800][info] GC(247)   Pre Evacuate Collection Set: 0.1ms
[2024-10-11T04:32:28.299+0800][info] GC(247)   Merge Heap Roots: 0.1ms
[2024-10-11T04:32:28.299+0800][info] GC(247)   Evacuate Collection Set: 1.3ms
[2024-10-11T04:32:28.299+0800][info] GC(247)   Post Evacuate Collection Set: 0.2ms
[2024-10-11T04:32:28.299+0800][info] GC(247)   Other: 0.2ms
[2024-10-11T04:32:28.299+0800][info] GC(247) Eden regions: 1->0(2)
[2024-10-11T04:32:28.299+0800][info] GC(247) Survivor regions: 1->1(1)
[2024-10-11T04:32:28.299+0800][info] GC(247) Old regions: 52->47
[2024-10-11T04:32:28.299+0800][info] GC(247) Archive regions: 2->2
[2024-10-11T04:32:28.299+0800][info] GC(247) Humongous regions: 3->3
[2024-10-11T04:32:28.299+0800][info] GC(247) Metaspace: 1634K(1792K)->1634K(1792K) NonClass: 1510K(1600K)->1510K(1600K) Class: 124K(192K)->124K(192K)
[2024-10-11T04:32:28.299+0800][info] GC(247) Pause Young (Mixed) (G1 Preventive Collection) 112M->101M(128M) 1.968ms
[2024-10-11T04:32:28.299+0800][info] GC(247) User=0.00s Sys=0.00s Real=0.00s
[2024-10-11T04:32:28.402+0800][info] GC(248) Pause Young (Mixed) (G1 Evacuation Pause)
[2024-10-11T04:32:28.402+0800][info] GC(248) Using 3 workers of 48 for evacuation
[2024-10-11T04:32:28.404+0800][info] GC(248)   Pre Evacuate Collection Set: 0.1ms
[2024-10-11T04:32:28.404+0800][info] GC(248)   Merge Heap Roots: 0.1ms
[2024-10-11T04:32:28.404+0800][info] GC(248)   Evacuate Collection Set: 1.8ms
[2024-10-11T04:32:28.404+0800][info] GC(248)   Post Evacuate Collection Set: 0.2ms
[2024-10-11T04:32:28.404+0800][info] GC(248)   Other: 0.2ms
[2024-10-11T04:32:28.404+0800][info] GC(248) Eden regions: 2->0(2)
[2024-10-11T04:32:28.404+0800][info] GC(248) Survivor regions: 1->1(1)
[2024-10-11T04:32:28.404+0800][info] GC(248) Old regions: 47->46
[2024-10-11T04:32:28.404+0800][info] GC(248) Archive regions: 2->2
[2024-10-11T04:32:28.404+0800][info] GC(248) Humongous regions: 3->3
[2024-10-11T04:32:28.404+0800][info] GC(248) Metaspace: 1634K(1792K)->1634K(1792K) NonClass: 1510K(1600K)->1510K(1600K) Class: 124K(192K)->124K(192K)
[2024-10-11T04:32:28.404+0800][info] GC(248) Pause Young (Mixed) (G1 Evacuation Pause) 105M->99M(128M) 2.480ms
[2024-10-11T04:32:28.404+0800][info] GC(248) User=0.00s Sys=0.00s Real=0.00s
[2024-10-11T04:32:28.506+0800][info] GC(249) Pause Young (Mixed) (G1 Evacuation Pause)
[2024-10-11T04:32:28.506+0800][info] GC(249) Using 3 workers of 48 for evacuation
[2024-10-11T04:32:28.509+0800][info] GC(249)   Pre Evacuate Collection Set: 0.1ms
[2024-10-11T04:32:28.509+0800][info] GC(249)   Merge Heap Roots: 0.1ms
[2024-10-11T04:32:28.509+0800][info] GC(249)   Evacuate Collection Set: 1.9ms
[2024-10-11T04:32:28.509+0800][info] GC(249)   Post Evacuate Collection Set: 0.2ms
[2024-10-11T04:32:28.509+0800][info] GC(249)   Other: 0.1ms
[2024-10-11T04:32:28.509+0800][info] GC(249) Eden regions: 2->0(2)
[2024-10-11T04:32:28.509+0800][info] GC(249) Survivor regions: 1->1(1)
[2024-10-11T04:32:28.509+0800][info] GC(249) Old regions: 46->46
[2024-10-11T04:32:28.509+0800][info] GC(249) Archive regions: 2->2
[2024-10-11T04:32:28.509+0800][info] GC(249) Humongous regions: 3->3
[2024-10-11T04:32:28.509+0800][info] GC(249) Metaspace: 1634K(1792K)->1634K(1792K) NonClass: 1510K(1600K)->1510K(1600K) Class: 124K(192K)->124K(192K)
[2024-10-11T04:32:28.509+0800][info] GC(249) Pause Young (Mixed) (G1 Evacuation Pause) 103M->99M(128M) 2.544ms
[2024-10-11T04:32:28.509+0800][info] GC(249) User=0.00s Sys=0.00s Real=0.00s
[2024-10-11T04:32:28.611+0800][info] GC(250) Pause Young (Mixed) (G1 Evacuation Pause)
[2024-10-11T04:32:28.611+0800][info] GC(250) Using 3 workers of 48 for evacuation
[2024-10-11T04:32:28.614+0800][info] GC(250)   Pre Evacuate Collection Set: 0.1ms
[2024-10-11T04:32:28.614+0800][info] GC(250)   Merge Heap Roots: 0.1ms
[2024-10-11T04:32:28.614+0800][info] GC(250)   Evacuate Collection Set: 2.0ms
[2024-10-11T04:32:28.614+0800][info] GC(250)   Post Evacuate Collection Set: 0.2ms
[2024-10-11T04:32:28.614+0800][info] GC(250)   Other: 0.1ms
[2024-10-11T04:32:28.614+0800][info] GC(250) Eden regions: 2->0(2)
[2024-10-11T04:32:28.614+0800][info] GC(250) Survivor regions: 1->1(1)
[2024-10-11T04:32:28.614+0800][info] GC(250) Old regions: 46->46
[2024-10-11T04:32:28.614+0800][info] GC(250) Archive regions: 2->2
[2024-10-11T04:32:28.614+0800][info] GC(250) Humongous regions: 3->3
[2024-10-11T04:32:28.614+0800][info] GC(250) Metaspace: 1634K(1792K)->1634K(1792K) NonClass: 1510K(1600K)->1510K(1600K) Class: 124K(192K)->124K(192K)
[2024-10-11T04:32:28.614+0800][info] GC(250) Pause Young (Mixed) (G1 Evacuation Pause) 103M->99M(128M) 2.577ms
[2024-10-11T04:32:28.614+0800][info] GC(250) User=0.01s Sys=0.00s Real=0.01s
[2024-10-11T04:32:28.716+0800][info] GC(251) Pause Young (Mixed) (G1 Evacuation Pause)
[2024-10-11T04:32:28.716+0800][info] GC(251) Using 3 workers of 48 for evacuation
[2024-10-11T04:32:28.717+0800][info] GC(251)   Pre Evacuate Collection Set: 0.1ms
[2024-10-11T04:32:28.717+0800][info] GC(251)   Merge Heap Roots: 0.0ms
[2024-10-11T04:32:28.717+0800][info] GC(251)   Evacuate Collection Set: 0.9ms
[2024-10-11T04:32:28.717+0800][info] GC(251)   Post Evacuate Collection Set: 0.2ms
[2024-10-11T04:32:28.717+0800][info] GC(251)   Other: 0.1ms
[2024-10-11T04:32:28.717+0800][info] GC(251) Eden regions: 2->0(2)
[2024-10-11T04:32:28.717+0800][info] GC(251) Survivor regions: 1->1(1)
[2024-10-11T04:32:28.717+0800][info] GC(251) Old regions: 46->47
[2024-10-11T04:32:28.717+0800][info] GC(251) Archive regions: 2->2
[2024-10-11T04:32:28.717+0800][info] GC(251) Humongous regions: 3->3
[2024-10-11T04:32:28.717+0800][info] GC(251) Metaspace: 1634K(1792K)->1634K(1792K) NonClass: 1510K(1600K)->1510K(1600K) Class: 124K(192K)->124K(192K)
[2024-10-11T04:32:28.717+0800][info] GC(251) Pause Young (Mixed) (G1 Evacuation Pause) 103M->102M(128M) 1.569ms
[2024-10-11T04:32:28.717+0800][info] GC(251) User=0.00s Sys=0.00s Real=0.00s
[2024-10-11T04:32:28.820+0800][info] GC(252) Pause Young (Normal) (G1 Evacuation Pause)
[2024-10-11T04:32:28.820+0800][info] GC(252) Using 3 workers of 48 for evacuation
[2024-10-11T04:32:28.821+0800][info] GC(252)   Pre Evacuate Collection Set: 0.1ms
[2024-10-11T04:32:28.821+0800][info] GC(252)   Merge Heap Roots: 0.0ms
[2024-10-11T04:32:28.821+0800][info] GC(252)   Evacuate Collection Set: 0.7ms
[2024-10-11T04:32:28.821+0800][info] GC(252)   Post Evacuate Collection Set: 0.2ms
[2024-10-11T04:32:28.821+0800][info] GC(252)   Other: 0.2ms
[2024-10-11T04:32:28.821+0800][info] GC(252) Eden regions: 2->0(2)
[2024-10-11T04:32:28.821+0800][info] GC(252) Survivor regions: 1->1(1)
[2024-10-11T04:32:28.821+0800][info] GC(252) Old regions: 47->49
[2024-10-11T04:32:28.821+0800][info] GC(252) Archive regions: 2->2
[2024-10-11T04:32:28.821+0800][info] GC(252) Humongous regions: 3->3
[2024-10-11T04:32:28.821+0800][info] GC(252) Metaspace: 1634K(1792K)->1634K(1792K) NonClass: 1510K(1600K)->1510K(1600K) Class: 124K(192K)->124K(192K)
[2024-10-11T04:32:28.821+0800][info] GC(252) Pause Young (Normal) (G1 Evacuation Pause) 105M->106M(128M) 1.279ms
[2024-10-11T04:32:28.821+0800][info] GC(252) User=0.00s Sys=0.00s Real=0.00s
[2024-10-11T04:32:28.923+0800][info] GC(253) Pause Young (Normal) (G1 Evacuation Pause)
[2024-10-11T04:32:28.923+0800][info] GC(253) Using 3 workers of 48 for evacuation
[2024-10-11T04:32:28.924+0800][info] GC(253)   Pre Evacuate Collection Set: 0.1ms
[2024-10-11T04:32:28.924+0800][info] GC(253)   Merge Heap Roots: 0.0ms
[2024-10-11T04:32:28.924+0800][info] GC(253)   Evacuate Collection Set: 0.6ms
[2024-10-11T04:32:28.924+0800][info] GC(253)   Post Evacuate Collection Set: 0.2ms
[2024-10-11T04:32:28.924+0800][info] GC(253)   Other: 0.2ms
[2024-10-11T04:32:28.924+0800][info] GC(253) Eden regions: 2->0(2)
[2024-10-11T04:32:28.924+0800][info] GC(253) Survivor regions: 1->1(1)
[2024-10-11T04:32:28.924+0800][info] GC(253) Old regions: 49->51
[2024-10-11T04:32:28.924+0800][info] GC(253) Archive regions: 2->2
[2024-10-11T04:32:28.924+0800][info] GC(253) Humongous regions: 3->3
[2024-10-11T04:32:28.924+0800][info] GC(253) Metaspace: 1634K(1792K)->1634K(1792K) NonClass: 1510K(1600K)->1510K(1600K) Class: 124K(192K)->124K(192K)
[2024-10-11T04:32:28.924+0800][info] GC(253) Pause Young (Normal) (G1 Evacuation Pause) 110M->109M(128M) 1.177ms
[2024-10-11T04:32:28.924+0800][info] GC(253) User=0.00s Sys=0.00s Real=0.00s
[2024-10-11T04:32:29.026+0800][info] GC(254) Pause Young (Concurrent Start) (G1 Evacuation Pause)
[2024-10-11T04:32:29.026+0800][info] GC(254) Using 3 workers of 48 for evacuation
[2024-10-11T04:32:29.028+0800][info] GC(254)   Pre Evacuate Collection Set: 0.1ms
[2024-10-11T04:32:29.028+0800][info] GC(254)   Merge Heap Roots: 0.0ms
[2024-10-11T04:32:29.028+0800][info] GC(254)   Evacuate Collection Set: 0.9ms
[2024-10-11T04:32:29.028+0800][info] GC(254)   Post Evacuate Collection Set: 0.2ms
[2024-10-11T04:32:29.028+0800][info] GC(254)   Other: 0.3ms
[2024-10-11T04:32:29.028+0800][info] GC(254) Eden regions: 2->0(2)
[2024-10-11T04:32:29.028+0800][info] GC(254) Survivor regions: 1->1(1)
[2024-10-11T04:32:29.028+0800][info] GC(254) Old regions: 51->53
[2024-10-11T04:32:29.028+0800][info] GC(254) Archive regions: 2->2
[2024-10-11T04:32:29.028+0800][info] GC(254) Humongous regions: 3->3
[2024-10-11T04:32:29.028+0800][info] GC(254) Metaspace: 1634K(1792K)->1634K(1792K) NonClass: 1510K(1600K)->1510K(1600K) Class: 124K(192K)->124K(192K)
[2024-10-11T04:32:29.028+0800][info] GC(254) Pause Young (Concurrent Start) (G1 Evacuation Pause) 113M->113M(128M) 1.631ms
[2024-10-11T04:32:29.028+0800][info] GC(254) User=0.00s Sys=0.00s Real=0.00s
[2024-10-11T04:32:29.028+0800][info] GC(255) Concurrent Mark Cycle
[2024-10-11T04:32:29.028+0800][info] GC(255) Concurrent Clear Claimed Marks
[2024-10-11T04:32:29.028+0800][info] GC(255) Concurrent Clear Claimed Marks 0.017ms
[2024-10-11T04:32:29.028+0800][info] GC(255) Concurrent Scan Root Regions
[2024-10-11T04:32:29.028+0800][info] GC(255) Concurrent Scan Root Regions 0.122ms
[2024-10-11T04:32:29.028+0800][info] GC(255) Concurrent Mark
[2024-10-11T04:32:29.028+0800][info] GC(255) Concurrent Mark From Roots
[2024-10-11T04:32:29.028+0800][info] GC(255) Using 12 workers of 12 for marking
[2024-10-11T04:32:29.034+0800][info] GC(255) Concurrent Mark From Roots 5.628ms
[2024-10-11T04:32:29.034+0800][info] GC(255) Concurrent Preclean
[2024-10-11T04:32:29.036+0800][info] GC(255) Concurrent Preclean 1.686ms
[2024-10-11T04:32:29.036+0800][info] GC(255) Pause Remark
[2024-10-11T04:32:29.037+0800][info] GC(255) Pause Remark 114M->114M(128M) 1.528ms
[2024-10-11T04:32:29.037+0800][info] GC(255) User=0.00s Sys=0.00s Real=0.00s
[2024-10-11T04:32:29.037+0800][info] GC(255) Concurrent Mark 9.154ms
[2024-10-11T04:32:29.037+0800][info] GC(255) Concurrent Rebuild Remembered Sets
[2024-10-11T04:32:29.039+0800][info] GC(255) Concurrent Rebuild Remembered Sets 1.347ms
[2024-10-11T04:32:29.039+0800][info] GC(255) Pause Cleanup
[2024-10-11T04:32:29.039+0800][info] GC(255) Pause Cleanup 114M->114M(128M) 0.190ms
[2024-10-11T04:32:29.039+0800][info] GC(255) User=0.00s Sys=0.00s Real=0.00s
[2024-10-11T04:32:29.039+0800][info] GC(255) Concurrent Cleanup for Next Mark
[2024-10-11T04:32:29.040+0800][info] GC(255) Concurrent Cleanup for Next Mark 0.446ms
[2024-10-11T04:32:29.040+0800][info] GC(255) Concurrent Mark Cycle 11.615ms
[2024-10-11T04:32:29.181+0800][info] GC(256) Pause Young (Prepare Mixed) (G1 Preventive Collection)
[2024-10-11T04:32:29.181+0800][info] GC(256) Using 3 workers of 48 for evacuation
[2024-10-11T04:32:29.182+0800][info] GC(256)   Pre Evacuate Collection Set: 0.1ms
[2024-10-11T04:32:29.182+0800][info] GC(256)   Merge Heap Roots: 0.1ms
[2024-10-11T04:32:29.182+0800][info] GC(256)   Evacuate Collection Set: 0.8ms
[2024-10-11T04:32:29.182+0800][info] GC(256)   Post Evacuate Collection Set: 0.2ms
[2024-10-11T04:32:29.182+0800][info] GC(256)   Other: 0.2ms
[2024-10-11T04:32:29.182+0800][info] GC(256) Eden regions: 2->0(2)
[2024-10-11T04:32:29.182+0800][info] GC(256) Survivor regions: 1->1(1)
[2024-10-11T04:32:29.182+0800][info] GC(256) Old regions: 53->55
[2024-10-11T04:32:29.182+0800][info] GC(256) Archive regions: 2->2
[2024-10-11T04:32:29.182+0800][info] GC(256) Humongous regions: 3->3
[2024-10-11T04:32:29.182+0800][info] GC(256) Metaspace: 1634K(1792K)->1634K(1792K) NonClass: 1510K(1600K)->1510K(1600K) Class: 124K(192K)->124K(192K)
[2024-10-11T04:32:29.182+0800][info] GC(256) Pause Young (Prepare Mixed) (G1 Preventive Collection) 117M->117M(128M) 1.445ms
[2024-10-11T04:32:29.182+0800][info] GC(256) User=0.00s Sys=0.00s Real=0.00s
[2024-10-11T04:32:29.244+0800][info] GC(257) Pause Young (Mixed) (G1 Preventive Collection)
[2024-10-11T04:32:29.244+0800][info] GC(257) Using 3 workers of 48 for evacuation
[2024-10-11T04:32:29.245+0800][info] GC(257) To-space exhausted
[2024-10-11T04:32:29.245+0800][info] GC(257)   Pre Evacuate Collection Set: 0.1ms
[2024-10-11T04:32:29.245+0800][info] GC(257)   Merge Heap Roots: 0.1ms
[2024-10-11T04:32:29.245+0800][info] GC(257)   Evacuate Collection Set: 0.8ms
[2024-10-11T04:32:29.245+0800][info] GC(257)   Post Evacuate Collection Set: 0.3ms
[2024-10-11T04:32:29.245+0800][info] GC(257)   Other: 0.2ms
[2024-10-11T04:32:29.245+0800][info] GC(257) Eden regions: 1->0(2)
[2024-10-11T04:32:29.245+0800][info] GC(257) Survivor regions: 1->1(1)
[2024-10-11T04:32:29.245+0800][info] GC(257) Old regions: 55->55
[2024-10-11T04:32:29.245+0800][info] GC(257) Archive regions: 2->2
[2024-10-11T04:32:29.245+0800][info] GC(257) Humongous regions: 3->3
[2024-10-11T04:32:29.245+0800][info] GC(257) Metaspace: 1634K(1792K)->1634K(1792K) NonClass: 1510K(1600K)->1510K(1600K) Class: 124K(192K)->124K(192K)
[2024-10-11T04:32:29.245+0800][info] GC(257) Pause Young (Mixed) (G1 Preventive Collection) 119M->118M(128M) 1.618ms
[2024-10-11T04:32:29.245+0800][info] GC(257) User=0.00s Sys=0.00s Real=0.01s
[2024-10-11T04:32:29.287+0800][info] GC(258) Pause Young (Mixed) (G1 Preventive Collection)
[2024-10-11T04:32:29.287+0800][info] GC(258) Using 3 workers of 48 for evacuation
[2024-10-11T04:32:29.288+0800][info] GC(258) To-space exhausted
[2024-10-11T04:32:29.288+0800][info] GC(258)   Pre Evacuate Collection Set: 0.1ms
[2024-10-11T04:32:29.288+0800][info] GC(258)   Merge Heap Roots: 0.1ms
[2024-10-11T04:32:29.288+0800][info] GC(258)   Evacuate Collection Set: 0.8ms
[2024-10-11T04:32:29.288+0800][info] GC(258)   Post Evacuate Collection Set: 0.3ms
[2024-10-11T04:32:29.288+0800][info] GC(258)   Other: 0.2ms
[2024-10-11T04:32:29.288+0800][info] GC(258) Eden regions: 1->0(2)
[2024-10-11T04:32:29.288+0800][info] GC(258) Survivor regions: 1->1(1)
[2024-10-11T04:32:29.288+0800][info] GC(258) Old regions: 55->57
[2024-10-11T04:32:29.288+0800][info] GC(258) Archive regions: 2->2
[2024-10-11T04:32:29.288+0800][info] GC(258) Humongous regions: 3->3
[2024-10-11T04:32:29.288+0800][info] GC(258) Metaspace: 1634K(1792K)->1634K(1792K) NonClass: 1510K(1600K)->1510K(1600K) Class: 124K(192K)->124K(192K)
[2024-10-11T04:32:29.288+0800][info] GC(258) Pause Young (Mixed) (G1 Preventive Collection) 120M->122M(128M) 1.529ms
[2024-10-11T04:32:29.288+0800][info] GC(258) User=0.00s Sys=0.00s Real=0.00s
[2024-10-11T04:32:29.349+0800][info] GC(259) Pause Young (Mixed) (G1 Evacuation Pause)
[2024-10-11T04:32:29.349+0800][info] GC(259) Using 3 workers of 48 for evacuation
[2024-10-11T04:32:29.350+0800][info] GC(259) To-space exhausted
[2024-10-11T04:32:29.350+0800][info] GC(259)   Pre Evacuate Collection Set: 0.1ms
[2024-10-11T04:32:29.350+0800][info] GC(259)   Merge Heap Roots: 0.1ms
[2024-10-11T04:32:29.350+0800][info] GC(259)   Evacuate Collection Set: 0.4ms
[2024-10-11T04:32:29.350+0800][info] GC(259)   Post Evacuate Collection Set: 0.3ms
[2024-10-11T04:32:29.350+0800][info] GC(259)   Other: 0.1ms
[2024-10-11T04:32:29.350+0800][info] GC(259) Eden regions: 1->0(3)
[2024-10-11T04:32:29.350+0800][info] GC(259) Survivor regions: 1->0(0)
[2024-10-11T04:32:29.350+0800][info] GC(259) Old regions: 57->59
[2024-10-11T04:32:29.350+0800][info] GC(259) Archive regions: 2->2
[2024-10-11T04:32:29.350+0800][info] GC(259) Humongous regions: 3->3
[2024-10-11T04:32:29.350+0800][info] GC(259) Metaspace: 1634K(1792K)->1634K(1792K) NonClass: 1510K(1600K)->1510K(1600K) Class: 124K(192K)->124K(192K)
[2024-10-11T04:32:29.350+0800][info] GC(259) Pause Young (Mixed) (G1 Evacuation Pause) 123M->123M(128M) 1.056ms
[2024-10-11T04:32:29.350+0800][info] GC(259) User=0.01s Sys=0.00s Real=0.00s
[2024-10-11T04:32:29.350+0800][info] Attempting full compaction
[2024-10-11T04:32:29.350+0800][info] GC(260) Using 3 workers of 48 for full compaction
[2024-10-11T04:32:29.350+0800][info] GC(260) Pause Full (G1 Compaction Pause)
[2024-10-11T04:32:29.350+0800][info] GC(260) Phase 1: Mark live objects
[2024-10-11T04:32:29.354+0800][info] GC(260) Phase 1: Mark live objects 3.093ms
[2024-10-11T04:32:29.354+0800][info] GC(260) Phase 2: Prepare for compaction
[2024-10-11T04:32:29.354+0800][info] GC(260) Phase 2: Prepare for compaction 0.529ms
[2024-10-11T04:32:29.354+0800][info] GC(260) Phase 3: Adjust pointers
[2024-10-11T04:32:29.356+0800][info] GC(260) Phase 3: Adjust pointers 1.526ms
[2024-10-11T04:32:29.356+0800][info] GC(260) Phase 4: Compact heap
[2024-10-11T04:32:29.367+0800][info] GC(260) Phase 4: Compact heap 10.871ms
[2024-10-11T04:32:29.368+0800][info] GC(260) Eden regions: 0->0(3)
[2024-10-11T04:32:29.368+0800][info] GC(260) Survivor regions: 0->0(0)
[2024-10-11T04:32:29.368+0800][info] GC(260) Old regions: 59->39
[2024-10-11T04:32:29.368+0800][info] GC(260) Archive regions: 2->2
[2024-10-11T04:32:29.368+0800][info] GC(260) Humongous regions: 3->3
[2024-10-11T04:32:29.368+0800][info] GC(260) Metaspace: 1634K(1792K)->1634K(1792K) NonClass: 1510K(1600K)->1510K(1600K) Class: 124K(192K)->124K(192K)
[2024-10-11T04:32:29.368+0800][info] GC(260) Pause Full (G1 Compaction Pause) 123M->72M(128M) 17.555ms
[2024-10-11T04:32:29.368+0800][info] GC(260) User=0.03s Sys=0.00s Real=0.02s
[2024-10-11T04:32:29.532+0800][info] GC(261) Pause Young (Normal) (G1 Evacuation Pause)
[2024-10-11T04:32:29.532+0800][info] GC(261) Using 3 workers of 48 for evacuation
[2024-10-11T04:32:29.533+0800][info] GC(261)   Pre Evacuate Collection Set: 0.1ms
[2024-10-11T04:32:29.533+0800][info] GC(261)   Merge Heap Roots: 0.0ms
[2024-10-11T04:32:29.533+0800][info] GC(261)   Evacuate Collection Set: 0.8ms
[2024-10-11T04:32:29.533+0800][info] GC(261)   Post Evacuate Collection Set: 0.2ms
[2024-10-11T04:32:29.533+0800][info] GC(261)   Other: 0.3ms
[2024-10-11T04:32:29.533+0800][info] GC(261) Eden regions: 3->0(2)
[2024-10-11T04:32:29.533+0800][info] GC(261) Survivor regions: 0->1(1)
[2024-10-11T04:32:29.533+0800][info] GC(261) Old regions: 39->41
[2024-10-11T04:32:29.533+0800][info] GC(261) Archive regions: 2->2
[2024-10-11T04:32:29.533+0800][info] GC(261) Humongous regions: 3->3
[2024-10-11T04:32:29.533+0800][info] GC(261) Metaspace: 1634K(1792K)->1634K(1792K) NonClass: 1510K(1600K)->1510K(1600K) Class: 124K(192K)->124K(192K)
[2024-10-11T04:32:29.533+0800][info] GC(261) Pause Young (Normal) (G1 Evacuation Pause) 78M->78M(128M) 1.509ms
[2024-10-11T04:32:29.533+0800][info] GC(261) User=0.01s Sys=0.00s Real=0.01s
[2024-10-11T04:32:29.635+0800][info] GC(262) Pause Young (Normal) (G1 Evacuation Pause)
[2024-10-11T04:32:29.635+0800][info] GC(262) Using 3 workers of 48 for evacuation
[2024-10-11T04:32:29.637+0800][info] GC(262)   Pre Evacuate Collection Set: 0.1ms
[2024-10-11T04:32:29.637+0800][info] GC(262)   Merge Heap Roots: 0.0ms
[2024-10-11T04:32:29.637+0800][info] GC(262)   Evacuate Collection Set: 0.7ms
[2024-10-11T04:32:29.637+0800][info] GC(262)   Post Evacuate Collection Set: 0.2ms
[2024-10-11T04:32:29.637+0800][info] GC(262)   Other: 0.2ms
[2024-10-11T04:32:29.637+0800][info] GC(262) Eden regions: 2->0(2)
[2024-10-11T04:32:29.637+0800][info] GC(262) Survivor regions: 1->1(1)
[2024-10-11T04:32:29.637+0800][info] GC(262) Old regions: 41->44
[2024-10-11T04:32:29.637+0800][info] GC(262) Archive regions: 2->2
[2024-10-11T04:32:29.637+0800][info] GC(262) Humongous regions: 3->3
[2024-10-11T04:32:29.637+0800][info] GC(262) Metaspace: 1634K(1792K)->1634K(1792K) NonClass: 1510K(1600K)->1510K(1600K) Class: 124K(192K)->124K(192K)
[2024-10-11T04:32:29.637+0800][info] GC(262) Pause Young (Normal) (G1 Evacuation Pause) 82M->83M(128M) 1.315ms
[2024-10-11T04:32:29.637+0800][info] GC(262) User=0.00s Sys=0.00s Real=0.00s
[2024-10-11T04:32:29.739+0800][info] GC(263) Pause Young (Normal) (G1 Evacuation Pause)
[2024-10-11T04:32:29.739+0800][info] GC(263) Using 3 workers of 48 for evacuation
[2024-10-11T04:32:29.740+0800][info] GC(263)   Pre Evacuate Collection Set: 0.1ms
[2024-10-11T04:32:29.740+0800][info] GC(263)   Merge Heap Roots: 0.0ms
[2024-10-11T04:32:29.740+0800][info] GC(263)   Evacuate Collection Set: 0.6ms
[2024-10-11T04:32:29.740+0800][info] GC(263)   Post Evacuate Collection Set: 0.2ms
[2024-10-11T04:32:29.740+0800][info] GC(263)   Other: 0.2ms
[2024-10-11T04:32:29.740+0800][info] GC(263) Eden regions: 2->0(2)
[2024-10-11T04:32:29.740+0800][info] GC(263) Survivor regions: 1->1(1)
[2024-10-11T04:32:29.740+0800][info] GC(263) Old regions: 44->45
[2024-10-11T04:32:29.740+0800][info] GC(263) Archive regions: 2->2
[2024-10-11T04:32:29.740+0800][info] GC(263) Humongous regions: 3->3
[2024-10-11T04:32:29.740+0800][info] GC(263) Metaspace: 1634K(1792K)->1634K(1792K) NonClass: 1510K(1600K)->1510K(1600K) Class: 124K(192K)->124K(192K)
[2024-10-11T04:32:29.740+0800][info] GC(263) Pause Young (Normal) (G1 Evacuation Pause) 86M->86M(128M) 1.214ms
[2024-10-11T04:32:29.740+0800][info] GC(263) User=0.01s Sys=0.00s Real=0.00s
[2024-10-11T04:32:29.842+0800][info] GC(264) Pause Young (Normal) (G1 Evacuation Pause)
[2024-10-11T04:32:29.842+0800][info] GC(264) Using 3 workers of 48 for evacuation
[2024-10-11T04:32:29.843+0800][info] GC(264)   Pre Evacuate Collection Set: 0.1ms
[2024-10-11T04:32:29.843+0800][info] GC(264)   Merge Heap Roots: 0.0ms
[2024-10-11T04:32:29.843+0800][info] GC(264)   Evacuate Collection Set: 0.8ms
[2024-10-11T04:32:29.843+0800][info] GC(264)   Post Evacuate Collection Set: 0.2ms
[2024-10-11T04:32:29.843+0800][info] GC(264)   Other: 0.2ms
[2024-10-11T04:32:29.843+0800][info] GC(264) Eden regions: 2->0(2)
[2024-10-11T04:32:29.843+0800][info] GC(264) Survivor regions: 1->1(1)
[2024-10-11T04:32:29.843+0800][info] GC(264) Old regions: 45->47
[2024-10-11T04:32:29.843+0800][info] GC(264) Archive regions: 2->2
[2024-10-11T04:32:29.843+0800][info] GC(264) Humongous regions: 3->3
[2024-10-11T04:32:29.843+0800][info] GC(264) Metaspace: 1634K(1792K)->1634K(1792K) NonClass: 1510K(1600K)->1510K(1600K) Class: 124K(192K)->124K(192K)
[2024-10-11T04:32:29.843+0800][info] GC(264) Pause Young (Normal) (G1 Evacuation Pause) 89M->89M(128M) 1.340ms
[2024-10-11T04:32:29.843+0800][info] GC(264) User=0.00s Sys=0.00s Real=0.00s
[2024-10-11T04:32:29.884+0800][info] GC(265) Pause Young (Concurrent Start) (G1 Humongous Allocation)
[2024-10-11T04:32:29.884+0800][info] GC(265) Using 3 workers of 48 for evacuation
[2024-10-11T04:32:29.885+0800][info] GC(265)   Pre Evacuate Collection Set: 0.1ms
[2024-10-11T04:32:29.885+0800][info] GC(265)   Merge Heap Roots: 0.0ms
[2024-10-11T04:32:29.885+0800][info] GC(265)   Evacuate Collection Set: 0.6ms
[2024-10-11T04:32:29.885+0800][info] GC(265)   Post Evacuate Collection Set: 0.2ms
[2024-10-11T04:32:29.885+0800][info] GC(265)   Other: 0.3ms
[2024-10-11T04:32:29.885+0800][info] GC(265) Eden regions: 1->0(2)
[2024-10-11T04:32:29.886+0800][info] GC(265) Survivor regions: 1->1(1)
[2024-10-11T04:32:29.886+0800][info] GC(265) Old regions: 47->48
[2024-10-11T04:32:29.886+0800][info] GC(265) Archive regions: 2->2
[2024-10-11T04:32:29.886+0800][info] GC(265) Humongous regions: 3->3
[2024-10-11T04:32:29.886+0800][info] GC(265) Metaspace: 1634K(1792K)->1634K(1792K) NonClass: 1510K(1600K)->1510K(1600K) Class: 124K(192K)->124K(192K)
[2024-10-11T04:32:29.886+0800][info] GC(265) Pause Young (Concurrent Start) (G1 Humongous Allocation) 91M->91M(128M) 1.327ms
[2024-10-11T04:32:29.886+0800][info] GC(265) User=0.00s Sys=0.00s Real=0.01s
[2024-10-11T04:32:29.886+0800][info] GC(266) Concurrent Mark Cycle
[2024-10-11T04:32:29.886+0800][info] GC(266) Concurrent Clear Claimed Marks
[2024-10-11T04:32:29.886+0800][info] GC(266) Concurrent Clear Claimed Marks 0.017ms
[2024-10-11T04:32:29.886+0800][info] GC(266) Concurrent Scan Root Regions
[2024-10-11T04:32:29.886+0800][info] GC(266) Concurrent Scan Root Regions 0.155ms
[2024-10-11T04:32:29.886+0800][info] GC(266) Concurrent Mark
[2024-10-11T04:32:29.886+0800][info] GC(266) Concurrent Mark From Roots
[2024-10-11T04:32:29.886+0800][info] GC(266) Using 12 workers of 12 for marking
[2024-10-11T04:32:29.890+0800][info] GC(266) Concurrent Mark From Roots 4.160ms
[2024-10-11T04:32:29.890+0800][info] GC(266) Concurrent Preclean
[2024-10-11T04:32:29.892+0800][info] GC(266) Concurrent Preclean 1.677ms
[2024-10-11T04:32:29.892+0800][info] GC(266) Pause Remark
[2024-10-11T04:32:29.893+0800][info] GC(266) Pause Remark 93M->92M(128M) 1.367ms
[2024-10-11T04:32:29.893+0800][info] GC(266) User=0.00s Sys=0.00s Real=0.01s
[2024-10-11T04:32:29.893+0800][info] GC(266) Concurrent Mark 7.424ms
[2024-10-11T04:32:29.893+0800][info] GC(266) Concurrent Rebuild Remembered Sets
[2024-10-11T04:32:29.895+0800][info] GC(266) Concurrent Rebuild Remembered Sets 1.456ms
[2024-10-11T04:32:29.895+0800][info] GC(266) Pause Cleanup
[2024-10-11T04:32:29.895+0800][info] GC(266) Pause Cleanup 92M->92M(128M) 0.242ms
[2024-10-11T04:32:29.895+0800][info] GC(266) User=0.00s Sys=0.00s Real=0.00s
[2024-10-11T04:32:29.895+0800][info] GC(266) Concurrent Cleanup for Next Mark
[2024-10-11T04:32:29.896+0800][info] GC(266) Concurrent Cleanup for Next Mark 0.491ms
[2024-10-11T04:32:29.896+0800][info] GC(266) Concurrent Mark Cycle 10.132ms
[2024-10-11T04:32:30.059+0800][info] GC(267) Pause Young (Prepare Mixed) (G1 Evacuation Pause)
[2024-10-11T04:32:30.060+0800][info] GC(267) Using 3 workers of 48 for evacuation
[2024-10-11T04:32:30.061+0800][info] GC(267)   Pre Evacuate Collection Set: 0.1ms
[2024-10-11T04:32:30.061+0800][info] GC(267)   Merge Heap Roots: 0.1ms
[2024-10-11T04:32:30.061+0800][info] GC(267)   Evacuate Collection Set: 0.9ms
[2024-10-11T04:32:30.061+0800][info] GC(267)   Post Evacuate Collection Set: 0.2ms
[2024-10-11T04:32:30.061+0800][info] GC(267)   Other: 0.2ms
[2024-10-11T04:32:30.061+0800][info] GC(267) Eden regions: 2->0(2)
[2024-10-11T04:32:30.061+0800][info] GC(267) Survivor regions: 1->1(1)
[2024-10-11T04:32:30.061+0800][info] GC(267) Old regions: 47->49
[2024-10-11T04:32:30.061+0800][info] GC(267) Archive regions: 2->2
[2024-10-11T04:32:30.061+0800][info] GC(267) Humongous regions: 4->3
[2024-10-11T04:32:30.061+0800][info] GC(267) Metaspace: 1634K(1792K)->1634K(1792K) NonClass: 1510K(1600K)->1510K(1600K) Class: 124K(192K)->124K(192K)
[2024-10-11T04:32:30.061+0800][info] GC(267) Pause Young (Prepare Mixed) (G1 Evacuation Pause) 95M->94M(128M) 1.469ms
[2024-10-11T04:32:30.061+0800][info] GC(267) User=0.01s Sys=0.00s Real=0.00s
[2024-10-11T04:32:30.163+0800][info] GC(268) Pause Young (Mixed) (G1 Evacuation Pause)
[2024-10-11T04:32:30.163+0800][info] GC(268) Using 3 workers of 48 for evacuation
[2024-10-11T04:32:30.166+0800][info] GC(268)   Pre Evacuate Collection Set: 0.3ms
[2024-10-11T04:32:30.166+0800][info] GC(268)   Merge Heap Roots: 0.1ms
[2024-10-11T04:32:30.166+0800][info] GC(268)   Evacuate Collection Set: 1.6ms
[2024-10-11T04:32:30.166+0800][info] GC(268)   Post Evacuate Collection Set: 0.2ms
[2024-10-11T04:32:30.166+0800][info] GC(268)   Other: 0.2ms
[2024-10-11T04:32:30.166+0800][info] GC(268) Eden regions: 2->0(2)
[2024-10-11T04:32:30.166+0800][info] GC(268) Survivor regions: 1->1(1)
[2024-10-11T04:32:30.166+0800][info] GC(268) Old regions: 49->47
[2024-10-11T04:32:30.166+0800][info] GC(268) Archive regions: 2->2
[2024-10-11T04:32:30.166+0800][info] GC(268) Humongous regions: 3->3
[2024-10-11T04:32:30.166+0800][info] GC(268) Metaspace: 1634K(1792K)->1634K(1792K) NonClass: 1510K(1600K)->1510K(1600K) Class: 124K(192K)->124K(192K)
[2024-10-11T04:32:30.166+0800][info] GC(268) Pause Young (Mixed) (G1 Evacuation Pause) 97M->93M(128M) 2.513ms
[2024-10-11T04:32:30.166+0800][info] GC(268) User=0.00s Sys=0.00s Real=0.01s
[2024-10-11T04:32:30.268+0800][info] GC(269) Pause Young (Mixed) (G1 Evacuation Pause)
[2024-10-11T04:32:30.268+0800][info] GC(269) Using 3 workers of 48 for evacuation
[2024-10-11T04:32:30.270+0800][info] GC(269)   Pre Evacuate Collection Set: 0.1ms
[2024-10-11T04:32:30.270+0800][info] GC(269)   Merge Heap Roots: 0.1ms
[2024-10-11T04:32:30.270+0800][info] GC(269)   Evacuate Collection Set: 1.7ms
[2024-10-11T04:32:30.270+0800][info] GC(269)   Post Evacuate Collection Set: 0.2ms
[2024-10-11T04:32:30.270+0800][info] GC(269)   Other: 0.1ms
[2024-10-11T04:32:30.270+0800][info] GC(269) Eden regions: 2->0(2)
[2024-10-11T04:32:30.270+0800][info] GC(269) Survivor regions: 1->1(1)
[2024-10-11T04:32:30.270+0800][info] GC(269) Old regions: 47->46
[2024-10-11T04:32:30.270+0800][info] GC(269) Archive regions: 2->2
[2024-10-11T04:32:30.270+0800][info] GC(269) Humongous regions: 3->3
[2024-10-11T04:32:30.270+0800][info] GC(269) Metaspace: 1634K(1792K)->1634K(1792K) NonClass: 1510K(1600K)->1510K(1600K) Class: 124K(192K)->124K(192K)
[2024-10-11T04:32:30.270+0800][info] GC(269) Pause Young (Mixed) (G1 Evacuation Pause) 97M->92M(128M) 2.363ms
[2024-10-11T04:32:30.270+0800][info] GC(269) User=0.01s Sys=0.00s Real=0.00s
[2024-10-11T04:32:30.372+0800][info] GC(270) Pause Young (Mixed) (G1 Evacuation Pause)
[2024-10-11T04:32:30.373+0800][info] GC(270) Using 3 workers of 48 for evacuation
[2024-10-11T04:32:30.375+0800][info] GC(270)   Pre Evacuate Collection Set: 0.1ms
[2024-10-11T04:32:30.375+0800][info] GC(270)   Merge Heap Roots: 0.1ms
[2024-10-11T04:32:30.375+0800][info] GC(270)   Evacuate Collection Set: 1.9ms
[2024-10-11T04:32:30.375+0800][info] GC(270)   Post Evacuate Collection Set: 0.2ms
[2024-10-11T04:32:30.375+0800][info] GC(270)   Other: 0.1ms
[2024-10-11T04:32:30.375+0800][info] GC(270) Eden regions: 2->0(2)
[2024-10-11T04:32:30.375+0800][info] GC(270) Survivor regions: 1->1(1)
[2024-10-11T04:32:30.375+0800][info] GC(270) Old regions: 46->45
[2024-10-11T04:32:30.375+0800][info] GC(270) Archive regions: 2->2
[2024-10-11T04:32:30.375+0800][info] GC(270) Humongous regions: 3->3
[2024-10-11T04:32:30.375+0800][info] GC(270) Metaspace: 1634K(1792K)->1634K(1792K) NonClass: 1510K(1600K)->1510K(1600K) Class: 124K(192K)->124K(192K)
[2024-10-11T04:32:30.375+0800][info] GC(270) Pause Young (Mixed) (G1 Evacuation Pause) 96M->93M(128M) 2.554ms
[2024-10-11T04:32:30.375+0800][info] GC(270) User=0.01s Sys=0.00s Real=0.01s
[2024-10-11T04:32:30.477+0800][info] GC(271) Pause Young (Mixed) (G1 Evacuation Pause)
[2024-10-11T04:32:30.477+0800][info] GC(271) Using 3 workers of 48 for evacuation
[2024-10-11T04:32:30.478+0800][info] GC(271)   Pre Evacuate Collection Set: 0.1ms
[2024-10-11T04:32:30.478+0800][info] GC(271)   Merge Heap Roots: 0.0ms
[2024-10-11T04:32:30.478+0800][info] GC(271)   Evacuate Collection Set: 0.8ms
[2024-10-11T04:32:30.478+0800][info] GC(271)   Post Evacuate Collection Set: 0.2ms
[2024-10-11T04:32:30.478+0800][info] GC(271)   Other: 0.1ms
[2024-10-11T04:32:30.478+0800][info] GC(271) Eden regions: 2->0(2)
[2024-10-11T04:32:30.478+0800][info] GC(271) Survivor regions: 1->1(1)
[2024-10-11T04:32:30.478+0800][info] GC(271) Old regions: 45->47
[2024-10-11T04:32:30.478+0800][info] GC(271) Archive regions: 2->2
[2024-10-11T04:32:30.478+0800][info] GC(271) Humongous regions: 3->3
[2024-10-11T04:32:30.478+0800][info] GC(271) Metaspace: 1635K(1792K)->1635K(1792K) NonClass: 1511K(1600K)->1511K(1600K) Class: 124K(192K)->124K(192K)
[2024-10-11T04:32:30.478+0800][info] GC(271) Pause Young (Mixed) (G1 Evacuation Pause) 97M->96M(128M) 1.432ms
[2024-10-11T04:32:30.478+0800][info] GC(271) User=0.00s Sys=0.00s Real=0.00s
[2024-10-11T04:32:30.581+0800][info] GC(272) Pause Young (Normal) (G1 Evacuation Pause)
[2024-10-11T04:32:30.581+0800][info] GC(272) Using 3 workers of 48 for evacuation
[2024-10-11T04:32:30.582+0800][info] GC(272)   Pre Evacuate Collection Set: 0.1ms
[2024-10-11T04:32:30.582+0800][info] GC(272)   Merge Heap Roots: 0.0ms
[2024-10-11T04:32:30.582+0800][info] GC(272)   Evacuate Collection Set: 0.7ms
[2024-10-11T04:32:30.582+0800][info] GC(272)   Post Evacuate Collection Set: 0.2ms
[2024-10-11T04:32:30.582+0800][info] GC(272)   Other: 0.2ms
[2024-10-11T04:32:30.582+0800][info] GC(272) Eden regions: 2->0(2)
[2024-10-11T04:32:30.582+0800][info] GC(272) Survivor regions: 1->1(1)
[2024-10-11T04:32:30.582+0800][info] GC(272) Old regions: 47->49
[2024-10-11T04:32:30.582+0800][info] GC(272) Archive regions: 2->2
[2024-10-11T04:32:30.582+0800][info] GC(272) Humongous regions: 3->3
[2024-10-11T04:32:30.582+0800][info] GC(272) Metaspace: 1635K(1792K)->1635K(1792K) NonClass: 1511K(1600K)->1511K(1600K) Class: 124K(192K)->124K(192K)
[2024-10-11T04:32:30.582+0800][info] GC(272) Pause Young (Normal) (G1 Evacuation Pause) 100M->100M(128M) 1.251ms
[2024-10-11T04:32:30.582+0800][info] GC(272) User=0.00s Sys=0.00s Real=0.00s
[2024-10-11T04:32:30.684+0800][info] GC(273) Pause Young (Normal) (G1 Evacuation Pause)
[2024-10-11T04:32:30.684+0800][info] GC(273) Using 3 workers of 48 for evacuation
[2024-10-11T04:32:30.685+0800][info] GC(273)   Pre Evacuate Collection Set: 0.1ms
[2024-10-11T04:32:30.685+0800][info] GC(273)   Merge Heap Roots: 0.0ms
[2024-10-11T04:32:30.685+0800][info] GC(273)   Evacuate Collection Set: 0.9ms
[2024-10-11T04:32:30.685+0800][info] GC(273)   Post Evacuate Collection Set: 0.2ms
[2024-10-11T04:32:30.685+0800][info] GC(273)   Other: 0.2ms
[2024-10-11T04:32:30.685+0800][info] GC(273) Eden regions: 2->0(2)
[2024-10-11T04:32:30.685+0800][info] GC(273) Survivor regions: 1->1(1)
[2024-10-11T04:32:30.685+0800][info] GC(273) Old regions: 49->51
[2024-10-11T04:32:30.685+0800][info] GC(273) Archive regions: 2->2
[2024-10-11T04:32:30.685+0800][info] GC(273) Humongous regions: 3->3
[2024-10-11T04:32:30.685+0800][info] GC(273) Metaspace: 1635K(1792K)->1635K(1792K) NonClass: 1511K(1600K)->1511K(1600K) Class: 124K(192K)->124K(192K)
[2024-10-11T04:32:30.685+0800][info] GC(273) Pause Young (Normal) (G1 Evacuation Pause) 104M->104M(128M) 1.509ms
[2024-10-11T04:32:30.685+0800][info] GC(273) User=0.00s Sys=0.00s Real=0.01s
[2024-10-11T04:32:30.788+0800][info] GC(274) Pause Young (Concurrent Start) (G1 Evacuation Pause)
[2024-10-11T04:32:30.788+0800][info] GC(274) Using 3 workers of 48 for evacuation
[2024-10-11T04:32:30.789+0800][info] GC(274)   Pre Evacuate Collection Set: 0.1ms
[2024-10-11T04:32:30.789+0800][info] GC(274)   Merge Heap Roots: 0.0ms
[2024-10-11T04:32:30.789+0800][info] GC(274)   Evacuate Collection Set: 0.7ms
[2024-10-11T04:32:30.789+0800][info] GC(274)   Post Evacuate Collection Set: 0.2ms
[2024-10-11T04:32:30.789+0800][info] GC(274)   Other: 0.3ms
[2024-10-11T04:32:30.789+0800][info] GC(274) Eden regions: 2->0(2)
[2024-10-11T04:32:30.789+0800][info] GC(274) Survivor regions: 1->1(1)
[2024-10-11T04:32:30.789+0800][info] GC(274) Old regions: 51->52
[2024-10-11T04:32:30.789+0800][info] GC(274) Archive regions: 2->2
[2024-10-11T04:32:30.789+0800][info] GC(274) Humongous regions: 3->3
[2024-10-11T04:32:30.789+0800][info] GC(274) Metaspace: 1635K(1792K)->1635K(1792K) NonClass: 1511K(1600K)->1511K(1600K) Class: 124K(192K)->124K(192K)
[2024-10-11T04:32:30.789+0800][info] GC(274) Pause Young (Concurrent Start) (G1 Evacuation Pause) 108M->108M(128M) 1.445ms
[2024-10-11T04:32:30.789+0800][info] GC(274) User=0.01s Sys=0.00s Real=0.00s
[2024-10-11T04:32:30.789+0800][info] GC(275) Concurrent Mark Cycle
[2024-10-11T04:32:30.789+0800][info] GC(275) Concurrent Clear Claimed Marks
[2024-10-11T04:32:30.789+0800][info] GC(275) Concurrent Clear Claimed Marks 0.017ms
[2024-10-11T04:32:30.789+0800][info] GC(275) Concurrent Scan Root Regions
[2024-10-11T04:32:30.789+0800][info] GC(275) Concurrent Scan Root Regions 0.111ms
[2024-10-11T04:32:30.790+0800][info] GC(275) Concurrent Mark
[2024-10-11T04:32:30.790+0800][info] GC(275) Concurrent Mark From Roots
[2024-10-11T04:32:30.790+0800][info] GC(275) Using 12 workers of 12 for marking
[2024-10-11T04:32:30.794+0800][info] GC(275) Concurrent Mark From Roots 4.208ms
[2024-10-11T04:32:30.794+0800][info] GC(275) Concurrent Preclean
[2024-10-11T04:32:30.795+0800][info] GC(275) Concurrent Preclean 1.669ms
[2024-10-11T04:32:30.795+0800][info] GC(275) Pause Remark
[2024-10-11T04:32:30.797+0800][info] GC(275) Pause Remark 108M->108M(128M) 1.474ms
[2024-10-11T04:32:30.797+0800][info] GC(275) User=0.00s Sys=0.00s Real=0.00s
[2024-10-11T04:32:30.797+0800][info] GC(275) Concurrent Mark 7.600ms
[2024-10-11T04:32:30.797+0800][info] GC(275) Concurrent Rebuild Remembered Sets
[2024-10-11T04:32:30.799+0800][info] GC(275) Concurrent Rebuild Remembered Sets 1.612ms
[2024-10-11T04:32:30.799+0800][info] GC(275) Pause Cleanup
[2024-10-11T04:32:30.799+0800][info] GC(275) Pause Cleanup 108M->108M(128M) 0.248ms
[2024-10-11T04:32:30.799+0800][info] GC(275) User=0.00s Sys=0.00s Real=0.00s
[2024-10-11T04:32:30.799+0800][info] GC(275) Concurrent Cleanup for Next Mark
[2024-10-11T04:32:30.800+0800][info] GC(275) Concurrent Cleanup for Next Mark 0.452ms
[2024-10-11T04:32:30.800+0800][info] GC(275) Concurrent Mark Cycle 10.379ms
[2024-10-11T04:32:30.942+0800][info] GC(276) Pause Young (Prepare Mixed) (G1 Preventive Collection)
[2024-10-11T04:32:30.942+0800][info] GC(276) Using 3 workers of 48 for evacuation
[2024-10-11T04:32:30.943+0800][info] GC(276)   Pre Evacuate Collection Set: 0.1ms
[2024-10-11T04:32:30.943+0800][info] GC(276)   Merge Heap Roots: 0.1ms
[2024-10-11T04:32:30.943+0800][info] GC(276)   Evacuate Collection Set: 0.9ms
[2024-10-11T04:32:30.943+0800][info] GC(276)   Post Evacuate Collection Set: 0.2ms
[2024-10-11T04:32:30.943+0800][info] GC(276)   Other: 0.2ms
[2024-10-11T04:32:30.943+0800][info] GC(276) Eden regions: 2->0(2)
[2024-10-11T04:32:30.943+0800][info] GC(276) Survivor regions: 1->1(1)
[2024-10-11T04:32:30.943+0800][info] GC(276) Old regions: 52->54
[2024-10-11T04:32:30.944+0800][info] GC(276) Archive regions: 2->2
[2024-10-11T04:32:30.944+0800][info] GC(276) Humongous regions: 3->3
[2024-10-11T04:32:30.944+0800][info] GC(276) Metaspace: 1635K(1792K)->1635K(1792K) NonClass: 1511K(1600K)->1511K(1600K) Class: 124K(192K)->124K(192K)
[2024-10-11T04:32:30.944+0800][info] GC(276) Pause Young (Prepare Mixed) (G1 Preventive Collection) 111M->111M(128M) 1.522ms
[2024-10-11T04:32:30.944+0800][info] GC(276) User=0.00s Sys=0.00s Real=0.00s
[2024-10-11T04:32:31.005+0800][info] GC(277) Pause Young (Mixed) (G1 Preventive Collection)
[2024-10-11T04:32:31.005+0800][info] GC(277) Using 3 workers of 48 for evacuation
[2024-10-11T04:32:31.006+0800][info] GC(277) To-space exhausted
[2024-10-11T04:32:31.006+0800][info] GC(277)   Pre Evacuate Collection Set: 0.1ms
[2024-10-11T04:32:31.006+0800][info] GC(277)   Merge Heap Roots: 0.1ms
[2024-10-11T04:32:31.006+0800][info] GC(277)   Evacuate Collection Set: 1.0ms
[2024-10-11T04:32:31.006+0800][info] GC(277)   Post Evacuate Collection Set: 0.3ms
[2024-10-11T04:32:31.006+0800][info] GC(277)   Other: 0.2ms
[2024-10-11T04:32:31.006+0800][info] GC(277) Eden regions: 1->0(2)
[2024-10-11T04:32:31.006+0800][info] GC(277) Survivor regions: 1->1(1)
[2024-10-11T04:32:31.007+0800][info] GC(277) Old regions: 54->56
[2024-10-11T04:32:31.007+0800][info] GC(277) Archive regions: 2->2
[2024-10-11T04:32:31.007+0800][info] GC(277) Humongous regions: 3->3
[2024-10-11T04:32:31.007+0800][info] GC(277) Metaspace: 1635K(1792K)->1635K(1792K) NonClass: 1511K(1600K)->1511K(1600K) Class: 124K(192K)->124K(192K)
[2024-10-11T04:32:31.007+0800][info] GC(277) Pause Young (Mixed) (G1 Preventive Collection) 113M->116M(128M) 1.804ms
[2024-10-11T04:32:31.007+0800][info] GC(277) User=0.01s Sys=0.00s Real=0.01s
[2024-10-11T04:32:31.048+0800][info] GC(278) Pause Young (Mixed) (G1 Preventive Collection)
[2024-10-11T04:32:31.048+0800][info] GC(278) Using 3 workers of 48 for evacuation
[2024-10-11T04:32:31.050+0800][info] GC(278) To-space exhausted
[2024-10-11T04:32:31.050+0800][info] GC(278)   Pre Evacuate Collection Set: 0.1ms
[2024-10-11T04:32:31.050+0800][info] GC(278)   Merge Heap Roots: 0.1ms
[2024-10-11T04:32:31.050+0800][info] GC(278)   Evacuate Collection Set: 0.9ms
[2024-10-11T04:32:31.050+0800][info] GC(278)   Post Evacuate Collection Set: 0.9ms
[2024-10-11T04:32:31.050+0800][info] GC(278)   Other: 0.2ms
[2024-10-11T04:32:31.050+0800][info] GC(278) Eden regions: 1->0(2)
[2024-10-11T04:32:31.050+0800][info] GC(278) Survivor regions: 1->1(1)
[2024-10-11T04:32:31.050+0800][info] GC(278) Old regions: 56->57
[2024-10-11T04:32:31.050+0800][info] GC(278) Archive regions: 2->2
[2024-10-11T04:32:31.050+0800][info] GC(278) Humongous regions: 3->3
[2024-10-11T04:32:31.050+0800][info] GC(278) Metaspace: 1635K(1792K)->1635K(1792K) NonClass: 1511K(1600K)->1511K(1600K) Class: 124K(192K)->124K(192K)
[2024-10-11T04:32:31.050+0800][info] GC(278) Pause Young (Mixed) (G1 Preventive Collection) 117M->117M(128M) 2.241ms
[2024-10-11T04:32:31.050+0800][info] GC(278) User=0.00s Sys=0.01s Real=0.00s
[2024-10-11T04:32:31.111+0800][info] GC(279) Pause Young (Mixed) (G1 Evacuation Pause)
[2024-10-11T04:32:31.111+0800][info] GC(279) Using 3 workers of 48 for evacuation
[2024-10-11T04:32:31.113+0800][info] GC(279) To-space exhausted
[2024-10-11T04:32:31.113+0800][info] GC(279)   Pre Evacuate Collection Set: 0.1ms
[2024-10-11T04:32:31.113+0800][info] GC(279)   Merge Heap Roots: 0.1ms
[2024-10-11T04:32:31.113+0800][info] GC(279)   Evacuate Collection Set: 0.5ms
[2024-10-11T04:32:31.113+0800][info] GC(279)   Post Evacuate Collection Set: 0.6ms
[2024-10-11T04:32:31.113+0800][info] GC(279)   Other: 0.1ms
[2024-10-11T04:32:31.113+0800][info] GC(279) Eden regions: 1->0(3)
[2024-10-11T04:32:31.113+0800][info] GC(279) Survivor regions: 1->0(0)
[2024-10-11T04:32:31.113+0800][info] GC(279) Old regions: 57->59
[2024-10-11T04:32:31.113+0800][info] GC(279) Archive regions: 2->2
[2024-10-11T04:32:31.113+0800][info] GC(279) Humongous regions: 3->3
[2024-10-11T04:32:31.113+0800][info] GC(279) Metaspace: 1635K(1792K)->1635K(1792K) NonClass: 1511K(1600K)->1511K(1600K) Class: 124K(192K)->124K(192K)
[2024-10-11T04:32:31.113+0800][info] GC(279) Pause Young (Mixed) (G1 Evacuation Pause) 119M->119M(128M) 1.531ms
[2024-10-11T04:32:31.113+0800][info] GC(279) User=0.00s Sys=0.00s Real=0.00s
[2024-10-11T04:32:31.113+0800][info] Attempting full compaction
[2024-10-11T04:32:31.113+0800][info] GC(280) Using 3 workers of 48 for full compaction
[2024-10-11T04:32:31.113+0800][info] GC(280) Pause Full (G1 Compaction Pause)
[2024-10-11T04:32:31.113+0800][info] GC(280) Phase 1: Mark live objects
[2024-10-11T04:32:31.116+0800][info] GC(280) Phase 1: Mark live objects 3.080ms
[2024-10-11T04:32:31.116+0800][info] GC(280) Phase 2: Prepare for compaction
[2024-10-11T04:32:31.117+0800][info] GC(280) Phase 2: Prepare for compaction 0.552ms
[2024-10-11T04:32:31.117+0800][info] GC(280) Phase 3: Adjust pointers
[2024-10-11T04:32:31.118+0800][info] GC(280) Phase 3: Adjust pointers 1.559ms
[2024-10-11T04:32:31.118+0800][info] GC(280) Phase 4: Compact heap
[2024-10-11T04:32:31.131+0800][info] GC(280) Phase 4: Compact heap 12.116ms
[2024-10-11T04:32:31.132+0800][info] GC(280) Eden regions: 0->0(4)
[2024-10-11T04:32:31.132+0800][info] GC(280) Survivor regions: 0->0(0)
[2024-10-11T04:32:31.132+0800][info] GC(280) Old regions: 59->38
[2024-10-11T04:32:31.132+0800][info] GC(280) Archive regions: 2->2
[2024-10-11T04:32:31.132+0800][info] GC(280) Humongous regions: 3->3
[2024-10-11T04:32:31.132+0800][info] GC(280) Metaspace: 1635K(1792K)->1635K(1792K) NonClass: 1511K(1600K)->1511K(1600K) Class: 124K(192K)->124K(192K)
[2024-10-11T04:32:31.132+0800][info] GC(280) Pause Full (G1 Compaction Pause) 119M->72M(128M) 19.004ms
[2024-10-11T04:32:31.132+0800][info] GC(280) User=0.04s Sys=0.00s Real=0.02s
[2024-10-11T04:32:31.337+0800][info] GC(281) Pause Young (Normal) (G1 Evacuation Pause)
[2024-10-11T04:32:31.337+0800][info] GC(281) Using 3 workers of 48 for evacuation
[2024-10-11T04:32:31.338+0800][info] GC(281)   Pre Evacuate Collection Set: 0.1ms
[2024-10-11T04:32:31.338+0800][info] GC(281)   Merge Heap Roots: 0.0ms
[2024-10-11T04:32:31.338+0800][info] GC(281)   Evacuate Collection Set: 1.0ms
[2024-10-11T04:32:31.338+0800][info] GC(281)   Post Evacuate Collection Set: 0.2ms
[2024-10-11T04:32:31.338+0800][info] GC(281)   Other: 0.2ms
[2024-10-11T04:32:31.338+0800][info] GC(281) Eden regions: 4->0(2)
[2024-10-11T04:32:31.338+0800][info] GC(281) Survivor regions: 0->1(1)
[2024-10-11T04:32:31.338+0800][info] GC(281) Old regions: 38->42
[2024-10-11T04:32:31.338+0800][info] GC(281) Archive regions: 2->2
[2024-10-11T04:32:31.339+0800][info] GC(281) Humongous regions: 3->3
[2024-10-11T04:32:31.339+0800][info] GC(281) Metaspace: 1635K(1792K)->1635K(1792K) NonClass: 1511K(1600K)->1511K(1600K) Class: 124K(192K)->124K(192K)
[2024-10-11T04:32:31.339+0800][info] GC(281) Pause Young (Normal) (G1 Evacuation Pause) 79M->80M(128M) 1.672ms
[2024-10-11T04:32:31.339+0800][info] GC(281) User=0.00s Sys=0.00s Real=0.00s
[2024-10-11T04:32:31.440+0800][info] GC(282) Pause Young (Normal) (G1 Evacuation Pause)
[2024-10-11T04:32:31.441+0800][info] GC(282) Using 3 workers of 48 for evacuation
[2024-10-11T04:32:31.442+0800][info] GC(282)   Pre Evacuate Collection Set: 0.1ms
[2024-10-11T04:32:31.442+0800][info] GC(282)   Merge Heap Roots: 0.0ms
[2024-10-11T04:32:31.442+0800][info] GC(282)   Evacuate Collection Set: 0.7ms
[2024-10-11T04:32:31.442+0800][info] GC(282)   Post Evacuate Collection Set: 0.2ms
[2024-10-11T04:32:31.442+0800][info] GC(282)   Other: 0.2ms
[2024-10-11T04:32:31.442+0800][info] GC(282) Eden regions: 2->0(2)
[2024-10-11T04:32:31.442+0800][info] GC(282) Survivor regions: 1->1(1)
[2024-10-11T04:32:31.442+0800][info] GC(282) Old regions: 42->43
[2024-10-11T04:32:31.442+0800][info] GC(282) Archive regions: 2->2
[2024-10-11T04:32:31.442+0800][info] GC(282) Humongous regions: 3->3
[2024-10-11T04:32:31.442+0800][info] GC(282) Metaspace: 1635K(1792K)->1635K(1792K) NonClass: 1511K(1600K)->1511K(1600K) Class: 124K(192K)->124K(192K)
[2024-10-11T04:32:31.442+0800][info] GC(282) Pause Young (Normal) (G1 Evacuation Pause) 84M->83M(128M) 1.326ms
[2024-10-11T04:32:31.442+0800][info] GC(282) User=0.00s Sys=0.00s Real=0.00s
[2024-10-11T04:32:31.544+0800][info] GC(283) Pause Young (Normal) (G1 Evacuation Pause)
[2024-10-11T04:32:31.544+0800][info] GC(283) Using 3 workers of 48 for evacuation
[2024-10-11T04:32:31.545+0800][info] GC(283)   Pre Evacuate Collection Set: 0.1ms
[2024-10-11T04:32:31.545+0800][info] GC(283)   Merge Heap Roots: 0.0ms
[2024-10-11T04:32:31.545+0800][info] GC(283)   Evacuate Collection Set: 0.7ms
[2024-10-11T04:32:31.545+0800][info] GC(283)   Post Evacuate Collection Set: 0.2ms
[2024-10-11T04:32:31.545+0800][info] GC(283)   Other: 0.2ms
[2024-10-11T04:32:31.545+0800][info] GC(283) Eden regions: 2->0(2)
[2024-10-11T04:32:31.545+0800][info] GC(283) Survivor regions: 1->1(1)
[2024-10-11T04:32:31.545+0800][info] GC(283) Old regions: 43->45
[2024-10-11T04:32:31.545+0800][info] GC(283) Archive regions: 2->2
[2024-10-11T04:32:31.545+0800][info] GC(283) Humongous regions: 3->3
[2024-10-11T04:32:31.545+0800][info] GC(283) Metaspace: 1635K(1792K)->1635K(1792K) NonClass: 1511K(1600K)->1511K(1600K) Class: 124K(192K)->124K(192K)
[2024-10-11T04:32:31.545+0800][info] GC(283) Pause Young (Normal) (G1 Evacuation Pause) 86M->86M(128M) 1.327ms
[2024-10-11T04:32:31.546+0800][info] GC(283) User=0.00s Sys=0.00s Real=0.01s
[2024-10-11T04:32:31.647+0800][info] GC(284) Pause Young (Normal) (G1 Evacuation Pause)
[2024-10-11T04:32:31.647+0800][info] GC(284) Using 3 workers of 48 for evacuation
[2024-10-11T04:32:31.648+0800][info] GC(284)   Pre Evacuate Collection Set: 0.1ms
[2024-10-11T04:32:31.648+0800][info] GC(284)   Merge Heap Roots: 0.0ms
[2024-10-11T04:32:31.648+0800][info] GC(284)   Evacuate Collection Set: 0.7ms
[2024-10-11T04:32:31.649+0800][info] GC(284)   Post Evacuate Collection Set: 0.2ms
[2024-10-11T04:32:31.649+0800][info] GC(284)   Other: 0.2ms
[2024-10-11T04:32:31.649+0800][info] GC(284) Eden regions: 2->0(2)
[2024-10-11T04:32:31.649+0800][info] GC(284) Survivor regions: 1->1(1)
[2024-10-11T04:32:31.649+0800][info] GC(284) Old regions: 45->47
[2024-10-11T04:32:31.649+0800][info] GC(284) Archive regions: 2->2
[2024-10-11T04:32:31.649+0800][info] GC(284) Humongous regions: 3->3
[2024-10-11T04:32:31.649+0800][info] GC(284) Metaspace: 1635K(1792K)->1635K(1792K) NonClass: 1511K(1600K)->1511K(1600K) Class: 124K(192K)->124K(192K)
[2024-10-11T04:32:31.649+0800][info] GC(284) Pause Young (Normal) (G1 Evacuation Pause) 90M->90M(128M) 1.241ms
[2024-10-11T04:32:31.649+0800][info] GC(284) User=0.00s Sys=0.00s Real=0.00s
[2024-10-11T04:32:31.751+0800][info] GC(285) Pause Young (Concurrent Start) (G1 Evacuation Pause)
[2024-10-11T04:32:31.751+0800][info] GC(285) Using 3 workers of 48 for evacuation
[2024-10-11T04:32:31.752+0800][info] GC(285)   Pre Evacuate Collection Set: 0.1ms
[2024-10-11T04:32:31.752+0800][info] GC(285)   Merge Heap Roots: 0.0ms
[2024-10-11T04:32:31.752+0800][info] GC(285)   Evacuate Collection Set: 0.9ms
[2024-10-11T04:32:31.752+0800][info] GC(285)   Post Evacuate Collection Set: 0.2ms
[2024-10-11T04:32:31.752+0800][info] GC(285)   Other: 0.3ms
[2024-10-11T04:32:31.752+0800][info] GC(285) Eden regions: 2->0(2)
[2024-10-11T04:32:31.752+0800][info] GC(285) Survivor regions: 1->1(1)
[2024-10-11T04:32:31.752+0800][info] GC(285) Old regions: 47->49
[2024-10-11T04:32:31.752+0800][info] GC(285) Archive regions: 2->2
[2024-10-11T04:32:31.752+0800][info] GC(285) Humongous regions: 3->3
[2024-10-11T04:32:31.752+0800][info] GC(285) Metaspace: 1635K(1792K)->1635K(1792K) NonClass: 1511K(1600K)->1511K(1600K) Class: 124K(192K)->124K(192K)
[2024-10-11T04:32:31.752+0800][info] GC(285) Pause Young (Concurrent Start) (G1 Evacuation Pause) 94M->94M(128M) 1.607ms
[2024-10-11T04:32:31.752+0800][info] GC(285) User=0.00s Sys=0.00s Real=0.00s
[2024-10-11T04:32:31.753+0800][info] GC(286) Concurrent Mark Cycle
[2024-10-11T04:32:31.753+0800][info] GC(286) Concurrent Clear Claimed Marks
[2024-10-11T04:32:31.753+0800][info] GC(286) Concurrent Clear Claimed Marks 0.037ms
[2024-10-11T04:32:31.753+0800][info] GC(286) Concurrent Scan Root Regions
[2024-10-11T04:32:31.753+0800][info] GC(286) Concurrent Scan Root Regions 0.087ms
[2024-10-11T04:32:31.753+0800][info] GC(286) Concurrent Mark
[2024-10-11T04:32:31.753+0800][info] GC(286) Concurrent Mark From Roots
[2024-10-11T04:32:31.753+0800][info] GC(286) Using 12 workers of 12 for marking
[2024-10-11T04:32:31.759+0800][info] GC(286) Concurrent Mark From Roots 6.069ms
[2024-10-11T04:32:31.759+0800][info] GC(286) Concurrent Preclean
[2024-10-11T04:32:31.761+0800][info] GC(286) Concurrent Preclean 1.665ms
[2024-10-11T04:32:31.761+0800][info] GC(286) Pause Remark
[2024-10-11T04:32:31.762+0800][info] GC(286) Pause Remark 95M->95M(128M) 1.486ms
[2024-10-11T04:32:31.762+0800][info] GC(286) User=0.01s Sys=0.00s Real=0.00s
[2024-10-11T04:32:31.762+0800][info] GC(286) Concurrent Mark 9.534ms
[2024-10-11T04:32:31.762+0800][info] GC(286) Concurrent Rebuild Remembered Sets
[2024-10-11T04:32:31.764+0800][info] GC(286) Concurrent Rebuild Remembered Sets 1.447ms
[2024-10-11T04:32:31.764+0800][info] GC(286) Pause Cleanup
[2024-10-11T04:32:31.764+0800][info] GC(286) Pause Cleanup 95M->95M(128M) 0.252ms
[2024-10-11T04:32:31.764+0800][info] GC(286) User=0.00s Sys=0.00s Real=0.00s
[2024-10-11T04:32:31.764+0800][info] GC(286) Concurrent Cleanup for Next Mark
[2024-10-11T04:32:31.765+0800][info] GC(286) Concurrent Cleanup for Next Mark 0.380ms
[2024-10-11T04:32:31.765+0800][info] GC(286) Concurrent Mark Cycle 12.101ms
[2024-10-11T04:32:31.905+0800][info] GC(287) Pause Young (Prepare Mixed) (G1 Evacuation Pause)
[2024-10-11T04:32:31.905+0800][info] GC(287) Using 3 workers of 48 for evacuation
[2024-10-11T04:32:31.907+0800][info] GC(287)   Pre Evacuate Collection Set: 0.1ms
[2024-10-11T04:32:31.907+0800][info] GC(287)   Merge Heap Roots: 0.1ms
[2024-10-11T04:32:31.907+0800][info] GC(287)   Evacuate Collection Set: 0.8ms
[2024-10-11T04:32:31.907+0800][info] GC(287)   Post Evacuate Collection Set: 0.2ms
[2024-10-11T04:32:31.907+0800][info] GC(287)   Other: 0.2ms
[2024-10-11T04:32:31.907+0800][info] GC(287) Eden regions: 2->0(2)
[2024-10-11T04:32:31.907+0800][info] GC(287) Survivor regions: 1->1(1)
[2024-10-11T04:32:31.907+0800][info] GC(287) Old regions: 49->51
[2024-10-11T04:32:31.907+0800][info] GC(287) Archive regions: 2->2
[2024-10-11T04:32:31.907+0800][info] GC(287) Humongous regions: 3->3
[2024-10-11T04:32:31.907+0800][info] GC(287) Metaspace: 1635K(1792K)->1635K(1792K) NonClass: 1511K(1600K)->1511K(1600K) Class: 124K(192K)->124K(192K)
[2024-10-11T04:32:31.907+0800][info] GC(287) Pause Young (Prepare Mixed) (G1 Evacuation Pause) 98M->98M(128M) 1.421ms
[2024-10-11T04:32:31.907+0800][info] GC(287) User=0.00s Sys=0.00s Real=0.00s
[2024-10-11T04:32:32.009+0800][info] GC(288) Pause Young (Mixed) (G1 Preventive Collection)
[2024-10-11T04:32:32.009+0800][info] GC(288) Using 3 workers of 48 for evacuation
[2024-10-11T04:32:32.011+0800][info] GC(288)   Pre Evacuate Collection Set: 0.1ms
[2024-10-11T04:32:32.011+0800][info] GC(288)   Merge Heap Roots: 0.1ms
[2024-10-11T04:32:32.011+0800][info] GC(288)   Evacuate Collection Set: 1.3ms
[2024-10-11T04:32:32.011+0800][info] GC(288)   Post Evacuate Collection Set: 0.2ms
[2024-10-11T04:32:32.011+0800][info] GC(288)   Other: 0.2ms
[2024-10-11T04:32:32.011+0800][info] GC(288) Eden regions: 2->0(2)
[2024-10-11T04:32:32.011+0800][info] GC(288) Survivor regions: 1->1(1)
[2024-10-11T04:32:32.011+0800][info] GC(288) Old regions: 51->48
[2024-10-11T04:32:32.011+0800][info] GC(288) Archive regions: 2->2
[2024-10-11T04:32:32.011+0800][info] GC(288) Humongous regions: 3->3
[2024-10-11T04:32:32.011+0800][info] GC(288) Metaspace: 1635K(1792K)->1635K(1792K) NonClass: 1511K(1600K)->1511K(1600K) Class: 124K(192K)->124K(192K)
[2024-10-11T04:32:32.011+0800][info] GC(288) Pause Young (Mixed) (G1 Preventive Collection) 102M->96M(128M) 1.940ms
[2024-10-11T04:32:32.011+0800][info] GC(288) User=0.00s Sys=0.00s Real=0.00s
[2024-10-11T04:32:32.113+0800][info] GC(289) Pause Young (Mixed) (G1 Evacuation Pause)
[2024-10-11T04:32:32.113+0800][info] GC(289) Using 3 workers of 48 for evacuation
[2024-10-11T04:32:32.115+0800][info] GC(289)   Pre Evacuate Collection Set: 0.1ms
[2024-10-11T04:32:32.115+0800][info] GC(289)   Merge Heap Roots: 0.1ms
[2024-10-11T04:32:32.115+0800][info] GC(289)   Evacuate Collection Set: 1.7ms
[2024-10-11T04:32:32.115+0800][info] GC(289)   Post Evacuate Collection Set: 0.2ms
[2024-10-11T04:32:32.115+0800][info] GC(289)   Other: 0.2ms
[2024-10-11T04:32:32.115+0800][info] GC(289) Eden regions: 2->0(2)
[2024-10-11T04:32:32.115+0800][info] GC(289) Survivor regions: 1->1(1)
[2024-10-11T04:32:32.115+0800][info] GC(289) Old regions: 48->46
[2024-10-11T04:32:32.115+0800][info] GC(289) Archive regions: 2->2
[2024-10-11T04:32:32.115+0800][info] GC(289) Humongous regions: 3->3
[2024-10-11T04:32:32.115+0800][info] GC(289) Metaspace: 1635K(1792K)->1635K(1792K) NonClass: 1511K(1600K)->1511K(1600K) Class: 124K(192K)->124K(192K)
[2024-10-11T04:32:32.115+0800][info] GC(289) Pause Young (Mixed) (G1 Evacuation Pause) 99M->94M(128M) 2.358ms
[2024-10-11T04:32:32.115+0800][info] GC(289) User=0.00s Sys=0.01s Real=0.01s
[2024-10-11T04:32:32.218+0800][info] GC(290) Pause Young (Mixed) (G1 Evacuation Pause)
[2024-10-11T04:32:32.218+0800][info] GC(290) Using 3 workers of 48 for evacuation
[2024-10-11T04:32:32.220+0800][info] GC(290)   Pre Evacuate Collection Set: 0.1ms
[2024-10-11T04:32:32.220+0800][info] GC(290)   Merge Heap Roots: 0.1ms
[2024-10-11T04:32:32.220+0800][info] GC(290)   Evacuate Collection Set: 2.0ms
[2024-10-11T04:32:32.220+0800][info] GC(290)   Post Evacuate Collection Set: 0.2ms
[2024-10-11T04:32:32.220+0800][info] GC(290)   Other: 0.1ms
[2024-10-11T04:32:32.220+0800][info] GC(290) Eden regions: 2->0(2)
[2024-10-11T04:32:32.220+0800][info] GC(290) Survivor regions: 1->1(1)
[2024-10-11T04:32:32.220+0800][info] GC(290) Old regions: 46->46
[2024-10-11T04:32:32.220+0800][info] GC(290) Archive regions: 2->2
[2024-10-11T04:32:32.220+0800][info] GC(290) Humongous regions: 4->3
[2024-10-11T04:32:32.220+0800][info] GC(290) Metaspace: 1635K(1792K)->1635K(1792K) NonClass: 1511K(1600K)->1511K(1600K) Class: 124K(192K)->124K(192K)
[2024-10-11T04:32:32.220+0800][info] GC(290) Pause Young (Mixed) (G1 Evacuation Pause) 99M->95M(128M) 2.609ms
[2024-10-11T04:32:32.221+0800][info] GC(290) User=0.00s Sys=0.00s Real=0.00s
[2024-10-11T04:32:32.322+0800][info] GC(291) Pause Young (Mixed) (G1 Evacuation Pause)
[2024-10-11T04:32:32.322+0800][info] GC(291) Using 3 workers of 48 for evacuation
[2024-10-11T04:32:32.324+0800][info] GC(291)   Pre Evacuate Collection Set: 0.1ms
[2024-10-11T04:32:32.324+0800][info] GC(291)   Merge Heap Roots: 0.1ms
[2024-10-11T04:32:32.324+0800][info] GC(291)   Evacuate Collection Set: 1.4ms
[2024-10-11T04:32:32.324+0800][info] GC(291)   Post Evacuate Collection Set: 0.2ms
[2024-10-11T04:32:32.324+0800][info] GC(291)   Other: 0.1ms
[2024-10-11T04:32:32.324+0800][info] GC(291) Eden regions: 2->0(2)
[2024-10-11T04:32:32.324+0800][info] GC(291) Survivor regions: 1->1(1)
[2024-10-11T04:32:32.324+0800][info] GC(291) Old regions: 46->47
[2024-10-11T04:32:32.324+0800][info] GC(291) Archive regions: 2->2
[2024-10-11T04:32:32.324+0800][info] GC(291) Humongous regions: 3->3
[2024-10-11T04:32:32.324+0800][info] GC(291) Metaspace: 1635K(1792K)->1635K(1792K) NonClass: 1511K(1600K)->1511K(1600K) Class: 124K(192K)->124K(192K)
[2024-10-11T04:32:32.324+0800][info] GC(291) Pause Young (Mixed) (G1 Evacuation Pause) 99M->98M(128M) 2.008ms
[2024-10-11T04:32:32.324+0800][info] GC(291) User=0.01s Sys=0.00s Real=0.00s
[2024-10-11T04:32:32.427+0800][info] GC(292) Pause Young (Normal) (G1 Evacuation Pause)
[2024-10-11T04:32:32.427+0800][info] GC(292) Using 3 workers of 48 for evacuation
[2024-10-11T04:32:32.428+0800][info] GC(292)   Pre Evacuate Collection Set: 0.1ms
[2024-10-11T04:32:32.428+0800][info] GC(292)   Merge Heap Roots: 0.0ms
[2024-10-11T04:32:32.428+0800][info] GC(292)   Evacuate Collection Set: 0.7ms
[2024-10-11T04:32:32.428+0800][info] GC(292)   Post Evacuate Collection Set: 0.2ms
[2024-10-11T04:32:32.428+0800][info] GC(292)   Other: 0.2ms
[2024-10-11T04:32:32.428+0800][info] GC(292) Eden regions: 2->0(2)
[2024-10-11T04:32:32.428+0800][info] GC(292) Survivor regions: 1->1(1)
[2024-10-11T04:32:32.428+0800][info] GC(292) Old regions: 47->49
[2024-10-11T04:32:32.428+0800][info] GC(292) Archive regions: 2->2
[2024-10-11T04:32:32.428+0800][info] GC(292) Humongous regions: 3->3
[2024-10-11T04:32:32.428+0800][info] GC(292) Metaspace: 1635K(1792K)->1635K(1792K) NonClass: 1511K(1600K)->1511K(1600K) Class: 124K(192K)->124K(192K)
[2024-10-11T04:32:32.428+0800][info] GC(292) Pause Young (Normal) (G1 Evacuation Pause) 101M->102M(128M) 1.277ms
[2024-10-11T04:32:32.428+0800][info] GC(292) User=0.00s Sys=0.00s Real=0.00s
[2024-10-11T04:32:32.530+0800][info] GC(293) Pause Young (Normal) (G1 Evacuation Pause)
[2024-10-11T04:32:32.530+0800][info] GC(293) Using 3 workers of 48 for evacuation
[2024-10-11T04:32:32.531+0800][info] GC(293)   Pre Evacuate Collection Set: 0.1ms
[2024-10-11T04:32:32.531+0800][info] GC(293)   Merge Heap Roots: 0.0ms
[2024-10-11T04:32:32.531+0800][info] GC(293)   Evacuate Collection Set: 0.7ms
[2024-10-11T04:32:32.531+0800][info] GC(293)   Post Evacuate Collection Set: 0.2ms
[2024-10-11T04:32:32.531+0800][info] GC(293)   Other: 0.2ms
[2024-10-11T04:32:32.531+0800][info] GC(293) Eden regions: 2->0(2)
[2024-10-11T04:32:32.531+0800][info] GC(293) Survivor regions: 1->1(1)
[2024-10-11T04:32:32.531+0800][info] GC(293) Old regions: 49->51
[2024-10-11T04:32:32.531+0800][info] GC(293) Archive regions: 2->2
[2024-10-11T04:32:32.531+0800][info] GC(293) Humongous regions: 3->3
[2024-10-11T04:32:32.531+0800][info] GC(293) Metaspace: 1635K(1792K)->1635K(1792K) NonClass: 1511K(1600K)->1511K(1600K) Class: 124K(192K)->124K(192K)
[2024-10-11T04:32:32.531+0800][info] GC(293) Pause Young (Normal) (G1 Evacuation Pause) 105M->106M(128M) 1.216ms
[2024-10-11T04:32:32.531+0800][info] GC(293) User=0.00s Sys=0.00s Real=0.00s
[2024-10-11T04:32:32.633+0800][info] GC(294) Pause Young (Concurrent Start) (G1 Evacuation Pause)
[2024-10-11T04:32:32.633+0800][info] GC(294) Using 3 workers of 48 for evacuation
[2024-10-11T04:32:32.635+0800][info] GC(294)   Pre Evacuate Collection Set: 0.1ms
[2024-10-11T04:32:32.635+0800][info] GC(294)   Merge Heap Roots: 0.0ms
[2024-10-11T04:32:32.635+0800][info] GC(294)   Evacuate Collection Set: 0.7ms
[2024-10-11T04:32:32.635+0800][info] GC(294)   Post Evacuate Collection Set: 0.2ms
[2024-10-11T04:32:32.635+0800][info] GC(294)   Other: 0.3ms
[2024-10-11T04:32:32.635+0800][info] GC(294) Eden regions: 2->0(2)
[2024-10-11T04:32:32.635+0800][info] GC(294) Survivor regions: 1->1(1)
[2024-10-11T04:32:32.635+0800][info] GC(294) Old regions: 51->53
[2024-10-11T04:32:32.635+0800][info] GC(294) Archive regions: 2->2
[2024-10-11T04:32:32.635+0800][info] GC(294) Humongous regions: 3->3
[2024-10-11T04:32:32.635+0800][info] GC(294) Metaspace: 1635K(1792K)->1635K(1792K) NonClass: 1511K(1600K)->1511K(1600K) Class: 124K(192K)->124K(192K)
[2024-10-11T04:32:32.635+0800][info] GC(294) Pause Young (Concurrent Start) (G1 Evacuation Pause) 109M->110M(128M) 1.440ms
[2024-10-11T04:32:32.635+0800][info] GC(294) User=0.01s Sys=0.00s Real=0.00s
[2024-10-11T04:32:32.635+0800][info] GC(295) Concurrent Mark Cycle
[2024-10-11T04:32:32.635+0800][info] GC(295) Concurrent Clear Claimed Marks
[2024-10-11T04:32:32.635+0800][info] GC(295) Concurrent Clear Claimed Marks 0.016ms
[2024-10-11T04:32:32.635+0800][info] GC(295) Concurrent Scan Root Regions
[2024-10-11T04:32:32.635+0800][info] GC(295) Concurrent Scan Root Regions 0.099ms
[2024-10-11T04:32:32.635+0800][info] GC(295) Concurrent Mark
[2024-10-11T04:32:32.635+0800][info] GC(295) Concurrent Mark From Roots
[2024-10-11T04:32:32.635+0800][info] GC(295) Using 12 workers of 12 for marking
[2024-10-11T04:32:32.641+0800][info] GC(295) Concurrent Mark From Roots 5.635ms
[2024-10-11T04:32:32.641+0800][info] GC(295) Concurrent Preclean
[2024-10-11T04:32:32.642+0800][info] GC(295) Concurrent Preclean 1.704ms
[2024-10-11T04:32:32.642+0800][info] GC(295) Pause Remark
[2024-10-11T04:32:32.644+0800][info] GC(295) Pause Remark 110M->110M(128M) 1.439ms
[2024-10-11T04:32:32.644+0800][info] GC(295) User=0.00s Sys=0.00s Real=0.00s
[2024-10-11T04:32:32.644+0800][info] GC(295) Concurrent Mark 9.110ms
[2024-10-11T04:32:32.644+0800][info] GC(295) Concurrent Rebuild Remembered Sets
[2024-10-11T04:32:32.646+0800][info] GC(295) Concurrent Rebuild Remembered Sets 1.672ms
[2024-10-11T04:32:32.646+0800][info] GC(295) Pause Cleanup
[2024-10-11T04:32:32.646+0800][info] GC(295) Pause Cleanup 110M->110M(128M) 0.265ms
[2024-10-11T04:32:32.646+0800][info] GC(295) User=0.00s Sys=0.00s Real=0.00s
[2024-10-11T04:32:32.646+0800][info] GC(295) Concurrent Cleanup for Next Mark
[2024-10-11T04:32:32.647+0800][info] GC(295) Concurrent Cleanup for Next Mark 0.518ms
[2024-10-11T04:32:32.647+0800][info] GC(295) Concurrent Mark Cycle 12.024ms
[2024-10-11T04:32:32.788+0800][info] GC(296) Pause Young (Prepare Mixed) (G1 Preventive Collection)
[2024-10-11T04:32:32.788+0800][info] GC(296) Using 3 workers of 48 for evacuation
[2024-10-11T04:32:32.789+0800][info] GC(296)   Pre Evacuate Collection Set: 0.1ms
[2024-10-11T04:32:32.789+0800][info] GC(296)   Merge Heap Roots: 0.1ms
[2024-10-11T04:32:32.789+0800][info] GC(296)   Evacuate Collection Set: 0.8ms
[2024-10-11T04:32:32.789+0800][info] GC(296)   Post Evacuate Collection Set: 0.2ms
[2024-10-11T04:32:32.789+0800][info] GC(296)   Other: 0.2ms
[2024-10-11T04:32:32.789+0800][info] GC(296) Eden regions: 2->0(2)
[2024-10-11T04:32:32.789+0800][info] GC(296) Survivor regions: 1->1(1)
[2024-10-11T04:32:32.789+0800][info] GC(296) Old regions: 53->55
[2024-10-11T04:32:32.789+0800][info] GC(296) Archive regions: 2->2
[2024-10-11T04:32:32.789+0800][info] GC(296) Humongous regions: 3->3
[2024-10-11T04:32:32.789+0800][info] GC(296) Metaspace: 1636K(1792K)->1636K(1792K) NonClass: 1512K(1600K)->1512K(1600K) Class: 124K(192K)->124K(192K)
[2024-10-11T04:32:32.789+0800][info] GC(296) Pause Young (Prepare Mixed) (G1 Preventive Collection) 113M->114M(128M) 1.476ms
[2024-10-11T04:32:32.789+0800][info] GC(296) User=0.00s Sys=0.00s Real=0.00s
[2024-10-11T04:32:32.851+0800][info] GC(297) Pause Young (Mixed) (G1 Preventive Collection)
[2024-10-11T04:32:32.851+0800][info] GC(297) Using 3 workers of 48 for evacuation
[2024-10-11T04:32:32.852+0800][info] GC(297) To-space exhausted
[2024-10-11T04:32:32.852+0800][info] GC(297)   Pre Evacuate Collection Set: 0.1ms
[2024-10-11T04:32:32.852+0800][info] GC(297)   Merge Heap Roots: 0.1ms
[2024-10-11T04:32:32.852+0800][info] GC(297)   Evacuate Collection Set: 0.6ms
[2024-10-11T04:32:32.852+0800][info] GC(297)   Post Evacuate Collection Set: 0.3ms
[2024-10-11T04:32:32.852+0800][info] GC(297)   Other: 0.2ms
[2024-10-11T04:32:32.852+0800][info] GC(297) Eden regions: 1->0(2)
[2024-10-11T04:32:32.852+0800][info] GC(297) Survivor regions: 1->1(1)
[2024-10-11T04:32:32.852+0800][info] GC(297) Old regions: 55->56
[2024-10-11T04:32:32.852+0800][info] GC(297) Archive regions: 2->2
[2024-10-11T04:32:32.852+0800][info] GC(297) Humongous regions: 3->3
[2024-10-11T04:32:32.852+0800][info] GC(297) Metaspace: 1636K(1792K)->1636K(1792K) NonClass: 1512K(1600K)->1512K(1600K) Class: 124K(192K)->124K(192K)
[2024-10-11T04:32:32.852+0800][info] GC(297) Pause Young (Mixed) (G1 Preventive Collection) 116M->117M(128M) 1.367ms
[2024-10-11T04:32:32.852+0800][info] GC(297) User=0.01s Sys=0.00s Real=0.00s
[2024-10-11T04:32:32.893+0800][info] GC(298) Pause Young (Mixed) (G1 Preventive Collection)
[2024-10-11T04:32:32.893+0800][info] GC(298) Using 3 workers of 48 for evacuation
[2024-10-11T04:32:32.894+0800][info] GC(298) To-space exhausted
[2024-10-11T04:32:32.894+0800][info] GC(298)   Pre Evacuate Collection Set: 0.1ms
[2024-10-11T04:32:32.894+0800][info] GC(298)   Merge Heap Roots: 0.1ms
[2024-10-11T04:32:32.894+0800][info] GC(298)   Evacuate Collection Set: 0.7ms
[2024-10-11T04:32:32.894+0800][info] GC(298)   Post Evacuate Collection Set: 0.3ms
[2024-10-11T04:32:32.894+0800][info] GC(298)   Other: 0.2ms
[2024-10-11T04:32:32.894+0800][info] GC(298) Eden regions: 1->0(2)
[2024-10-11T04:32:32.894+0800][info] GC(298) Survivor regions: 1->1(1)
[2024-10-11T04:32:32.895+0800][info] GC(298) Old regions: 56->57
[2024-10-11T04:32:32.895+0800][info] GC(298) Archive regions: 2->2
[2024-10-11T04:32:32.895+0800][info] GC(298) Humongous regions: 3->3
[2024-10-11T04:32:32.895+0800][info] GC(298) Metaspace: 1636K(1792K)->1636K(1792K) NonClass: 1512K(1600K)->1512K(1600K) Class: 124K(192K)->124K(192K)
[2024-10-11T04:32:32.895+0800][info] GC(298) Pause Young (Mixed) (G1 Preventive Collection) 118M->118M(128M) 1.455ms
[2024-10-11T04:32:32.895+0800][info] GC(298) User=0.00s Sys=0.00s Real=0.00s
[2024-10-11T04:32:32.956+0800][info] GC(299) Pause Young (Mixed) (G1 Evacuation Pause)
[2024-10-11T04:32:32.956+0800][info] GC(299) Using 3 workers of 48 for evacuation
[2024-10-11T04:32:32.958+0800][info] GC(299) To-space exhausted
[2024-10-11T04:32:32.958+0800][info] GC(299)   Pre Evacuate Collection Set: 0.1ms
[2024-10-11T04:32:32.958+0800][info] GC(299)   Merge Heap Roots: 0.1ms
[2024-10-11T04:32:32.958+0800][info] GC(299)   Evacuate Collection Set: 0.8ms
[2024-10-11T04:32:32.958+0800][info] GC(299)   Post Evacuate Collection Set: 0.9ms
[2024-10-11T04:32:32.958+0800][info] GC(299)   Other: 0.2ms
[2024-10-11T04:32:32.958+0800][info] GC(299) Eden regions: 1->0(3)
[2024-10-11T04:32:32.958+0800][info] GC(299) Survivor regions: 1->0(0)
[2024-10-11T04:32:32.958+0800][info] GC(299) Old regions: 57->59
[2024-10-11T04:32:32.958+0800][info] GC(299) Archive regions: 2->2
[2024-10-11T04:32:32.958+0800][info] GC(299) Humongous regions: 3->3
[2024-10-11T04:32:32.958+0800][info] GC(299) Metaspace: 1636K(1792K)->1636K(1792K) NonClass: 1512K(1600K)->1512K(1600K) Class: 124K(192K)->124K(192K)
[2024-10-11T04:32:32.958+0800][info] GC(299) Pause Young (Mixed) (G1 Evacuation Pause) 120M->120M(128M) 2.190ms
[2024-10-11T04:32:32.958+0800][info] GC(299) User=0.00s Sys=0.00s Real=0.00s
[2024-10-11T04:32:32.958+0800][info] Attempting full compaction
[2024-10-11T04:32:32.958+0800][info] GC(300) Using 3 workers of 48 for full compaction
[2024-10-11T04:32:32.958+0800][info] GC(300) Pause Full (G1 Compaction Pause)
[2024-10-11T04:32:32.958+0800][info] GC(300) Phase 1: Mark live objects
[2024-10-11T04:32:32.961+0800][info] GC(300) Phase 1: Mark live objects 2.890ms
[2024-10-11T04:32:32.961+0800][info] GC(300) Phase 2: Prepare for compaction
[2024-10-11T04:32:32.962+0800][info] GC(300) Phase 2: Prepare for compaction 0.562ms
[2024-10-11T04:32:32.962+0800][info] GC(300) Phase 3: Adjust pointers
[2024-10-11T04:32:32.963+0800][info] GC(300) Phase 3: Adjust pointers 1.535ms
[2024-10-11T04:32:32.963+0800][info] GC(300) Phase 4: Compact heap
[2024-10-11T04:32:32.975+0800][info] GC(300) Phase 4: Compact heap 11.660ms
[2024-10-11T04:32:32.976+0800][info] GC(300) Eden regions: 0->0(3)
[2024-10-11T04:32:32.976+0800][info] GC(300) Survivor regions: 0->0(0)
[2024-10-11T04:32:32.976+0800][info] GC(300) Old regions: 59->39
[2024-10-11T04:32:32.976+0800][info] GC(300) Archive regions: 2->2
[2024-10-11T04:32:32.976+0800][info] GC(300) Humongous regions: 3->3
[2024-10-11T04:32:32.976+0800][info] GC(300) Metaspace: 1636K(1792K)->1636K(1792K) NonClass: 1512K(1600K)->1512K(1600K) Class: 124K(192K)->124K(192K)
[2024-10-11T04:32:32.976+0800][info] GC(300) Pause Full (G1 Compaction Pause) 120M->73M(128M) 18.209ms
[2024-10-11T04:32:32.976+0800][info] GC(300) User=0.04s Sys=0.00s Real=0.02s
[2024-10-11T04:32:33.140+0800][info] GC(301) Pause Young (Normal) (G1 Evacuation Pause)
[2024-10-11T04:32:33.140+0800][info] GC(301) Using 3 workers of 48 for evacuation
[2024-10-11T04:32:33.142+0800][info] GC(301)   Pre Evacuate Collection Set: 0.1ms
[2024-10-11T04:32:33.142+0800][info] GC(301)   Merge Heap Roots: 0.0ms
[2024-10-11T04:32:33.142+0800][info] GC(301)   Evacuate Collection Set: 0.9ms
[2024-10-11T04:32:33.142+0800][info] GC(301)   Post Evacuate Collection Set: 0.2ms
[2024-10-11T04:32:33.142+0800][info] GC(301)   Other: 0.2ms
[2024-10-11T04:32:33.142+0800][info] GC(301) Eden regions: 3->0(2)
[2024-10-11T04:32:33.142+0800][info] GC(301) Survivor regions: 0->1(1)
[2024-10-11T04:32:33.142+0800][info] GC(301) Old regions: 39->41
[2024-10-11T04:32:33.142+0800][info] GC(301) Archive regions: 2->2
[2024-10-11T04:32:33.142+0800][info] GC(301) Humongous regions: 3->3
[2024-10-11T04:32:33.142+0800][info] GC(301) Metaspace: 1636K(1792K)->1636K(1792K) NonClass: 1512K(1600K)->1512K(1600K) Class: 124K(192K)->124K(192K)
[2024-10-11T04:32:33.142+0800][info] GC(301) Pause Young (Normal) (G1 Evacuation Pause) 78M->78M(128M) 1.550ms
[2024-10-11T04:32:33.142+0800][info] GC(301) User=0.00s Sys=0.00s Real=0.00s
[2024-10-11T04:32:33.244+0800][info] GC(302) Pause Young (Normal) (G1 Evacuation Pause)
[2024-10-11T04:32:33.244+0800][info] GC(302) Using 3 workers of 48 for evacuation
[2024-10-11T04:32:33.245+0800][info] GC(302)   Pre Evacuate Collection Set: 0.1ms
[2024-10-11T04:32:33.245+0800][info] GC(302)   Merge Heap Roots: 0.1ms
[2024-10-11T04:32:33.245+0800][info] GC(302)   Evacuate Collection Set: 0.6ms
[2024-10-11T04:32:33.245+0800][info] GC(302)   Post Evacuate Collection Set: 0.2ms
[2024-10-11T04:32:33.245+0800][info] GC(302)   Other: 0.2ms
[2024-10-11T04:32:33.245+0800][info] GC(302) Eden regions: 2->0(2)
[2024-10-11T04:32:33.245+0800][info] GC(302) Survivor regions: 1->1(1)
[2024-10-11T04:32:33.245+0800][info] GC(302) Old regions: 41->43
[2024-10-11T04:32:33.245+0800][info] GC(302) Archive regions: 2->2
[2024-10-11T04:32:33.245+0800][info] GC(302) Humongous regions: 3->3
[2024-10-11T04:32:33.245+0800][info] GC(302) Metaspace: 1636K(1792K)->1636K(1792K) NonClass: 1512K(1600K)->1512K(1600K) Class: 124K(192K)->124K(192K)
[2024-10-11T04:32:33.245+0800][info] GC(302) Pause Young (Normal) (G1 Evacuation Pause) 82M->82M(128M) 1.248ms
[2024-10-11T04:32:33.245+0800][info] GC(302) User=0.01s Sys=0.00s Real=0.01s
[2024-10-11T04:32:33.347+0800][info] GC(303) Pause Young (Normal) (G1 Evacuation Pause)
[2024-10-11T04:32:33.347+0800][info] GC(303) Using 3 workers of 48 for evacuation
[2024-10-11T04:32:33.349+0800][info] GC(303)   Pre Evacuate Collection Set: 0.1ms
[2024-10-11T04:32:33.349+0800][info] GC(303)   Merge Heap Roots: 0.0ms
[2024-10-11T04:32:33.349+0800][info] GC(303)   Evacuate Collection Set: 0.7ms
[2024-10-11T04:32:33.349+0800][info] GC(303)   Post Evacuate Collection Set: 0.2ms
[2024-10-11T04:32:33.349+0800][info] GC(303)   Other: 0.2ms
[2024-10-11T04:32:33.349+0800][info] GC(303) Eden regions: 2->0(2)
[2024-10-11T04:32:33.349+0800][info] GC(303) Survivor regions: 1->1(1)
[2024-10-11T04:32:33.349+0800][info] GC(303) Old regions: 43->45
[2024-10-11T04:32:33.349+0800][info] GC(303) Archive regions: 2->2
[2024-10-11T04:32:33.349+0800][info] GC(303) Humongous regions: 3->3
[2024-10-11T04:32:33.349+0800][info] GC(303) Metaspace: 1636K(1792K)->1636K(1792K) NonClass: 1512K(1600K)->1512K(1600K) Class: 124K(192K)->124K(192K)
[2024-10-11T04:32:33.349+0800][info] GC(303) Pause Young (Normal) (G1 Evacuation Pause) 85M->85M(128M) 1.248ms
[2024-10-11T04:32:33.349+0800][info] GC(303) User=0.00s Sys=0.00s Real=0.00s
[2024-10-11T04:32:33.451+0800][info] GC(304) Pause Young (Normal) (G1 Evacuation Pause)
[2024-10-11T04:32:33.451+0800][info] GC(304) Using 3 workers of 48 for evacuation
[2024-10-11T04:32:33.452+0800][info] GC(304)   Pre Evacuate Collection Set: 0.1ms
[2024-10-11T04:32:33.452+0800][info] GC(304)   Merge Heap Roots: 0.0ms
[2024-10-11T04:32:33.452+0800][info] GC(304)   Evacuate Collection Set: 0.8ms
[2024-10-11T04:32:33.452+0800][info] GC(304)   Post Evacuate Collection Set: 0.2ms
[2024-10-11T04:32:33.452+0800][info] GC(304)   Other: 0.2ms
[2024-10-11T04:32:33.452+0800][info] GC(304) Eden regions: 2->0(2)
[2024-10-11T04:32:33.452+0800][info] GC(304) Survivor regions: 1->1(1)
[2024-10-11T04:32:33.452+0800][info] GC(304) Old regions: 45->47
[2024-10-11T04:32:33.452+0800][info] GC(304) Archive regions: 2->2
[2024-10-11T04:32:33.452+0800][info] GC(304) Humongous regions: 3->3
[2024-10-11T04:32:33.452+0800][info] GC(304) Metaspace: 1636K(1792K)->1636K(1792K) NonClass: 1512K(1600K)->1512K(1600K) Class: 124K(192K)->124K(192K)
[2024-10-11T04:32:33.452+0800][info] GC(304) Pause Young (Normal) (G1 Evacuation Pause) 89M->89M(128M) 1.440ms
[2024-10-11T04:32:33.452+0800][info] GC(304) User=0.00s Sys=0.00s Real=0.00s
[2024-10-11T04:32:33.554+0800][info] GC(305) Pause Young (Concurrent Start) (G1 Evacuation Pause)
[2024-10-11T04:32:33.554+0800][info] GC(305) Using 3 workers of 48 for evacuation
[2024-10-11T04:32:33.556+0800][info] GC(305)   Pre Evacuate Collection Set: 0.1ms
[2024-10-11T04:32:33.556+0800][info] GC(305)   Merge Heap Roots: 0.0ms
[2024-10-11T04:32:33.556+0800][info] GC(305)   Evacuate Collection Set: 0.9ms
[2024-10-11T04:32:33.556+0800][info] GC(305)   Post Evacuate Collection Set: 0.2ms
[2024-10-11T04:32:33.556+0800][info] GC(305)   Other: 0.3ms
[2024-10-11T04:32:33.556+0800][info] GC(305) Eden regions: 2->0(2)
[2024-10-11T04:32:33.556+0800][info] GC(305) Survivor regions: 1->1(1)
[2024-10-11T04:32:33.556+0800][info] GC(305) Old regions: 47->48
[2024-10-11T04:32:33.556+0800][info] GC(305) Archive regions: 2->2
[2024-10-11T04:32:33.556+0800][info] GC(305) Humongous regions: 3->3
[2024-10-11T04:32:33.556+0800][info] GC(305) Metaspace: 1636K(1792K)->1636K(1792K) NonClass: 1512K(1600K)->1512K(1600K) Class: 124K(192K)->124K(192K)
[2024-10-11T04:32:33.556+0800][info] GC(305) Pause Young (Concurrent Start) (G1 Evacuation Pause) 93M->92M(128M) 1.588ms
[2024-10-11T04:32:33.556+0800][info] GC(305) User=0.00s Sys=0.00s Real=0.00s
[2024-10-11T04:32:33.556+0800][info] GC(306) Concurrent Mark Cycle
[2024-10-11T04:32:33.556+0800][info] GC(306) Concurrent Clear Claimed Marks
[2024-10-11T04:32:33.556+0800][info] GC(306) Concurrent Clear Claimed Marks 0.016ms
[2024-10-11T04:32:33.556+0800][info] GC(306) Concurrent Scan Root Regions
[2024-10-11T04:32:33.556+0800][info] GC(306) Concurrent Scan Root Regions 0.087ms
[2024-10-11T04:32:33.556+0800][info] GC(306) Concurrent Mark
[2024-10-11T04:32:33.556+0800][info] GC(306) Concurrent Mark From Roots
[2024-10-11T04:32:33.556+0800][info] GC(306) Using 12 workers of 12 for marking
[2024-10-11T04:32:33.560+0800][info] GC(306) Concurrent Mark From Roots 4.170ms
[2024-10-11T04:32:33.560+0800][info] GC(306) Concurrent Preclean
[2024-10-11T04:32:33.562+0800][info] GC(306) Concurrent Preclean 1.714ms
[2024-10-11T04:32:33.562+0800][info] GC(306) Pause Remark
[2024-10-11T04:32:33.564+0800][info] GC(306) Pause Remark 93M->93M(128M) 1.423ms
[2024-10-11T04:32:33.564+0800][info] GC(306) User=0.00s Sys=0.00s Real=0.00s
[2024-10-11T04:32:33.564+0800][info] GC(306) Concurrent Mark 7.620ms
[2024-10-11T04:32:33.564+0800][info] GC(306) Concurrent Rebuild Remembered Sets
[2024-10-11T04:32:33.565+0800][info] GC(306) Concurrent Rebuild Remembered Sets 1.524ms
[2024-10-11T04:32:33.565+0800][info] GC(306) Pause Cleanup
[2024-10-11T04:32:33.566+0800][info] GC(306) Pause Cleanup 93M->93M(128M) 0.196ms
[2024-10-11T04:32:33.566+0800][info] GC(306) User=0.00s Sys=0.00s Real=0.00s
[2024-10-11T04:32:33.566+0800][info] GC(306) Concurrent Cleanup for Next Mark
[2024-10-11T04:32:33.566+0800][info] GC(306) Concurrent Cleanup for Next Mark 0.465ms
[2024-10-11T04:32:33.566+0800][info] GC(306) Concurrent Mark Cycle 10.260ms
[2024-10-11T04:32:33.709+0800][info] GC(307) Pause Young (Prepare Mixed) (G1 Evacuation Pause)
[2024-10-11T04:32:33.709+0800][info] GC(307) Using 3 workers of 48 for evacuation
[2024-10-11T04:32:33.710+0800][info] GC(307)   Pre Evacuate Collection Set: 0.1ms
[2024-10-11T04:32:33.710+0800][info] GC(307)   Merge Heap Roots: 0.1ms
[2024-10-11T04:32:33.710+0800][info] GC(307)   Evacuate Collection Set: 0.8ms
[2024-10-11T04:32:33.710+0800][info] GC(307)   Post Evacuate Collection Set: 0.2ms
[2024-10-11T04:32:33.710+0800][info] GC(307)   Other: 0.2ms
[2024-10-11T04:32:33.710+0800][info] GC(307) Eden regions: 2->0(2)
[2024-10-11T04:32:33.710+0800][info] GC(307) Survivor regions: 1->1(1)
[2024-10-11T04:32:33.710+0800][info] GC(307) Old regions: 48->51
[2024-10-11T04:32:33.710+0800][info] GC(307) Archive regions: 2->2
[2024-10-11T04:32:33.710+0800][info] GC(307) Humongous regions: 3->3
[2024-10-11T04:32:33.710+0800][info] GC(307) Metaspace: 1636K(1792K)->1636K(1792K) NonClass: 1512K(1600K)->1512K(1600K) Class: 124K(192K)->124K(192K)
[2024-10-11T04:32:33.710+0800][info] GC(307) Pause Young (Prepare Mixed) (G1 Evacuation Pause) 96M->97M(128M) 1.429ms
[2024-10-11T04:32:33.710+0800][info] GC(307) User=0.01s Sys=0.00s Real=0.00s
[2024-10-11T04:32:33.812+0800][info] GC(308) Pause Young (Mixed) (G1 Preventive Collection)
[2024-10-11T04:32:33.812+0800][info] GC(308) Using 3 workers of 48 for evacuation
[2024-10-11T04:32:33.814+0800][info] GC(308)   Pre Evacuate Collection Set: 0.1ms
[2024-10-11T04:32:33.814+0800][info] GC(308)   Merge Heap Roots: 0.1ms
[2024-10-11T04:32:33.814+0800][info] GC(308)   Evacuate Collection Set: 1.2ms
[2024-10-11T04:32:33.814+0800][info] GC(308)   Post Evacuate Collection Set: 0.2ms
[2024-10-11T04:32:33.814+0800][info] GC(308)   Other: 0.2ms
[2024-10-11T04:32:33.814+0800][info] GC(308) Eden regions: 2->0(2)
[2024-10-11T04:32:33.814+0800][info] GC(308) Survivor regions: 1->1(1)
[2024-10-11T04:32:33.814+0800][info] GC(308) Old regions: 51->47
[2024-10-11T04:32:33.814+0800][info] GC(308) Archive regions: 2->2
[2024-10-11T04:32:33.814+0800][info] GC(308) Humongous regions: 3->3
[2024-10-11T04:32:33.814+0800][info] GC(308) Metaspace: 1637K(1792K)->1637K(1792K) NonClass: 1513K(1600K)->1513K(1600K) Class: 124K(192K)->124K(192K)
[2024-10-11T04:32:33.814+0800][info] GC(308) Pause Young (Mixed) (G1 Preventive Collection) 101M->92M(128M) 1.879ms
[2024-10-11T04:32:33.814+0800][info] GC(308) User=0.00s Sys=0.00s Real=0.01s
[2024-10-11T04:32:33.916+0800][info] GC(309) Pause Young (Mixed) (G1 Evacuation Pause)
[2024-10-11T04:32:33.916+0800][info] GC(309) Using 3 workers of 48 for evacuation
[2024-10-11T04:32:33.918+0800][info] GC(309)   Pre Evacuate Collection Set: 0.1ms
[2024-10-11T04:32:33.918+0800][info] GC(309)   Merge Heap Roots: 0.1ms
[2024-10-11T04:32:33.918+0800][info] GC(309)   Evacuate Collection Set: 1.7ms
[2024-10-11T04:32:33.918+0800][info] GC(309)   Post Evacuate Collection Set: 0.2ms
[2024-10-11T04:32:33.918+0800][info] GC(309)   Other: 0.1ms
[2024-10-11T04:32:33.918+0800][info] GC(309) Eden regions: 2->0(2)
[2024-10-11T04:32:33.918+0800][info] GC(309) Survivor regions: 1->1(1)
[2024-10-11T04:32:33.918+0800][info] GC(309) Old regions: 47->46
[2024-10-11T04:32:33.918+0800][info] GC(309) Archive regions: 2->2
[2024-10-11T04:32:33.919+0800][info] GC(309) Humongous regions: 3->3
[2024-10-11T04:32:33.919+0800][info] GC(309) Metaspace: 1637K(1792K)->1637K(1792K) NonClass: 1513K(1600K)->1513K(1600K) Class: 124K(192K)->124K(192K)
[2024-10-11T04:32:33.919+0800][info] GC(309) Pause Young (Mixed) (G1 Evacuation Pause) 96M->92M(128M) 2.352ms
[2024-10-11T04:32:33.919+0800][info] GC(309) User=0.01s Sys=0.00s Real=0.00s
[2024-10-11T04:32:34.021+0800][info] GC(310) Pause Young (Mixed) (G1 Evacuation Pause)
[2024-10-11T04:32:34.021+0800][info] GC(310) Using 3 workers of 48 for evacuation
[2024-10-11T04:32:34.023+0800][info] GC(310)   Pre Evacuate Collection Set: 0.1ms
[2024-10-11T04:32:34.023+0800][info] GC(310)   Merge Heap Roots: 0.1ms
[2024-10-11T04:32:34.023+0800][info] GC(310)   Evacuate Collection Set: 1.7ms
[2024-10-11T04:32:34.023+0800][info] GC(310)   Post Evacuate Collection Set: 0.2ms
[2024-10-11T04:32:34.023+0800][info] GC(310)   Other: 0.1ms
[2024-10-11T04:32:34.023+0800][info] GC(310) Eden regions: 2->0(2)
[2024-10-11T04:32:34.023+0800][info] GC(310) Survivor regions: 1->1(1)
[2024-10-11T04:32:34.023+0800][info] GC(310) Old regions: 46->45
[2024-10-11T04:32:34.023+0800][info] GC(310) Archive regions: 2->2
[2024-10-11T04:32:34.023+0800][info] GC(310) Humongous regions: 3->3
[2024-10-11T04:32:34.023+0800][info] GC(310) Metaspace: 1637K(1792K)->1637K(1792K) NonClass: 1513K(1600K)->1513K(1600K) Class: 124K(192K)->124K(192K)
[2024-10-11T04:32:34.023+0800][info] GC(310) Pause Young (Mixed) (G1 Evacuation Pause) 96M->93M(128M) 2.391ms
[2024-10-11T04:32:34.023+0800][info] GC(310) User=0.01s Sys=0.00s Real=0.00s
[2024-10-11T04:32:34.125+0800][info] GC(311) Pause Young (Mixed) (G1 Evacuation Pause)
[2024-10-11T04:32:34.125+0800][info] GC(311) Using 3 workers of 48 for evacuation
[2024-10-11T04:32:34.127+0800][info] GC(311)   Pre Evacuate Collection Set: 0.1ms
[2024-10-11T04:32:34.127+0800][info] GC(311)   Merge Heap Roots: 0.1ms
[2024-10-11T04:32:34.127+0800][info] GC(311)   Evacuate Collection Set: 1.4ms
[2024-10-11T04:32:34.127+0800][info] GC(311)   Post Evacuate Collection Set: 0.2ms
[2024-10-11T04:32:34.127+0800][info] GC(311)   Other: 0.1ms
[2024-10-11T04:32:34.127+0800][info] GC(311) Eden regions: 2->0(2)
[2024-10-11T04:32:34.127+0800][info] GC(311) Survivor regions: 1->1(1)
[2024-10-11T04:32:34.127+0800][info] GC(311) Old regions: 45->46
[2024-10-11T04:32:34.127+0800][info] GC(311) Archive regions: 2->2
[2024-10-11T04:32:34.127+0800][info] GC(311) Humongous regions: 3->3
[2024-10-11T04:32:34.127+0800][info] GC(311) Metaspace: 1637K(1792K)->1637K(1792K) NonClass: 1513K(1600K)->1513K(1600K) Class: 124K(192K)->124K(192K)
[2024-10-11T04:32:34.127+0800][info] GC(311) Pause Young (Mixed) (G1 Evacuation Pause) 96M->95M(128M) 2.006ms
[2024-10-11T04:32:34.127+0800][info] GC(311) User=0.00s Sys=0.00s Real=0.00s
[2024-10-11T04:32:34.230+0800][info] GC(312) Pause Young (Normal) (G1 Evacuation Pause)
[2024-10-11T04:32:34.230+0800][info] GC(312) Using 3 workers of 48 for evacuation
[2024-10-11T04:32:34.231+0800][info] GC(312)   Pre Evacuate Collection Set: 0.1ms
[2024-10-11T04:32:34.231+0800][info] GC(312)   Merge Heap Roots: 0.0ms
[2024-10-11T04:32:34.231+0800][info] GC(312)   Evacuate Collection Set: 0.7ms
[2024-10-11T04:32:34.231+0800][info] GC(312)   Post Evacuate Collection Set: 0.2ms
[2024-10-11T04:32:34.231+0800][info] GC(312)   Other: 0.2ms
[2024-10-11T04:32:34.231+0800][info] GC(312) Eden regions: 2->0(2)
[2024-10-11T04:32:34.231+0800][info] GC(312) Survivor regions: 1->1(1)
[2024-10-11T04:32:34.231+0800][info] GC(312) Old regions: 46->48
[2024-10-11T04:32:34.231+0800][info] GC(312) Archive regions: 2->2
[2024-10-11T04:32:34.231+0800][info] GC(312) Humongous regions: 3->3
[2024-10-11T04:32:34.231+0800][info] GC(312) Metaspace: 1638K(1792K)->1638K(1792K) NonClass: 1514K(1600K)->1514K(1600K) Class: 124K(192K)->124K(192K)
[2024-10-11T04:32:34.231+0800][info] GC(312) Pause Young (Normal) (G1 Evacuation Pause) 98M->99M(128M) 1.237ms
[2024-10-11T04:32:34.231+0800][info] GC(312) User=0.00s Sys=0.00s Real=0.00s
[2024-10-11T04:32:34.333+0800][info] GC(313) Pause Young (Normal) (G1 Evacuation Pause)
[2024-10-11T04:32:34.333+0800][info] GC(313) Using 3 workers of 48 for evacuation
[2024-10-11T04:32:34.334+0800][info] GC(313)   Pre Evacuate Collection Set: 0.1ms
[2024-10-11T04:32:34.334+0800][info] GC(313)   Merge Heap Roots: 0.0ms
[2024-10-11T04:32:34.334+0800][info] GC(313)   Evacuate Collection Set: 0.7ms
[2024-10-11T04:32:34.334+0800][info] GC(313)   Post Evacuate Collection Set: 0.2ms
[2024-10-11T04:32:34.334+0800][info] GC(313)   Other: 0.2ms
[2024-10-11T04:32:34.334+0800][info] GC(313) Eden regions: 2->0(2)
[2024-10-11T04:32:34.334+0800][info] GC(313) Survivor regions: 1->1(1)
[2024-10-11T04:32:34.334+0800][info] GC(313) Old regions: 48->50
[2024-10-11T04:32:34.334+0800][info] GC(313) Archive regions: 2->2
[2024-10-11T04:32:34.334+0800][info] GC(313) Humongous regions: 3->3
[2024-10-11T04:32:34.334+0800][info] GC(313) Metaspace: 1638K(1792K)->1638K(1792K) NonClass: 1514K(1600K)->1514K(1600K) Class: 124K(192K)->124K(192K)
[2024-10-11T04:32:34.334+0800][info] GC(313) Pause Young (Normal) (G1 Evacuation Pause) 102M->102M(128M) 1.239ms
[2024-10-11T04:32:34.334+0800][info] GC(313) User=0.00s Sys=0.00s Real=0.01s
[2024-10-11T04:32:34.334+0800][info] GC(314) Pause Young (Concurrent Start) (G1 Humongous Allocation)
[2024-10-11T04:32:34.334+0800][info] GC(314) Using 3 workers of 48 for evacuation
[2024-10-11T04:32:34.335+0800][info] GC(314)   Pre Evacuate Collection Set: 0.0ms
[2024-10-11T04:32:34.335+0800][info] GC(314)   Merge Heap Roots: 0.0ms
[2024-10-11T04:32:34.335+0800][info] GC(314)   Evacuate Collection Set: 0.4ms
[2024-10-11T04:32:34.335+0800][info] GC(314)   Post Evacuate Collection Set: 0.2ms
[2024-10-11T04:32:34.335+0800][info] GC(314)   Other: 0.3ms
[2024-10-11T04:32:34.335+0800][info] GC(314) Eden regions: 1->0(2)
[2024-10-11T04:32:34.335+0800][info] GC(314) Survivor regions: 1->1(1)
[2024-10-11T04:32:34.335+0800][info] GC(314) Old regions: 50->51
[2024-10-11T04:32:34.335+0800][info] GC(314) Archive regions: 2->2
[2024-10-11T04:32:34.335+0800][info] GC(314) Humongous regions: 3->3
[2024-10-11T04:32:34.335+0800][info] GC(314) Metaspace: 1638K(1792K)->1638K(1792K) NonClass: 1514K(1600K)->1514K(1600K) Class: 124K(192K)->124K(192K)
[2024-10-11T04:32:34.335+0800][info] GC(314) Pause Young (Concurrent Start) (G1 Humongous Allocation) 103M->103M(128M) 1.082ms
[2024-10-11T04:32:34.335+0800][info] GC(314) User=0.01s Sys=0.00s Real=0.00s
[2024-10-11T04:32:34.335+0800][info] GC(315) Concurrent Mark Cycle
[2024-10-11T04:32:34.335+0800][info] GC(315) Concurrent Clear Claimed Marks
[2024-10-11T04:32:34.335+0800][info] GC(315) Concurrent Clear Claimed Marks 0.016ms
[2024-10-11T04:32:34.335+0800][info] GC(315) Concurrent Scan Root Regions
[2024-10-11T04:32:34.336+0800][info] GC(315) Concurrent Scan Root Regions 0.167ms
[2024-10-11T04:32:34.336+0800][info] GC(315) Concurrent Mark
[2024-10-11T04:32:34.336+0800][info] GC(315) Concurrent Mark From Roots
[2024-10-11T04:32:34.336+0800][info] GC(315) Using 12 workers of 12 for marking
[2024-10-11T04:32:34.340+0800][info] GC(315) Concurrent Mark From Roots 4.092ms
[2024-10-11T04:32:34.340+0800][info] GC(315) Concurrent Preclean
[2024-10-11T04:32:34.341+0800][info] GC(315) Concurrent Preclean 1.697ms
[2024-10-11T04:32:34.342+0800][info] GC(315) Pause Remark
[2024-10-11T04:32:34.343+0800][info] GC(315) Pause Remark 105M->103M(128M) 1.402ms
[2024-10-11T04:32:34.343+0800][info] GC(315) User=0.01s Sys=0.01s Real=0.00s
[2024-10-11T04:32:34.343+0800][info] GC(315) Concurrent Mark 7.440ms
[2024-10-11T04:32:34.343+0800][info] GC(315) Concurrent Rebuild Remembered Sets
[2024-10-11T04:32:34.345+0800][info] GC(315) Concurrent Rebuild Remembered Sets 1.659ms
[2024-10-11T04:32:34.345+0800][info] GC(315) Pause Cleanup
[2024-10-11T04:32:34.345+0800][info] GC(315) Pause Cleanup 103M->103M(128M) 0.258ms
[2024-10-11T04:32:34.345+0800][info] GC(315) User=0.00s Sys=0.00s Real=0.01s
[2024-10-11T04:32:34.345+0800][info] GC(315) Concurrent Cleanup for Next Mark
[2024-10-11T04:32:34.346+0800][info] GC(315) Concurrent Cleanup for Next Mark 0.361ms
[2024-10-11T04:32:34.346+0800][info] GC(315) Concurrent Mark Cycle 10.242ms
[2024-10-11T04:32:34.509+0800][info] GC(316) Pause Young (Prepare Mixed) (G1 Evacuation Pause)
[2024-10-11T04:32:34.509+0800][info] GC(316) Using 3 workers of 48 for evacuation
[2024-10-11T04:32:34.510+0800][info] GC(316)   Pre Evacuate Collection Set: 0.1ms
[2024-10-11T04:32:34.510+0800][info] GC(316)   Merge Heap Roots: 0.1ms
[2024-10-11T04:32:34.510+0800][info] GC(316)   Evacuate Collection Set: 0.5ms
[2024-10-11T04:32:34.510+0800][info] GC(316)   Post Evacuate Collection Set: 0.2ms
[2024-10-11T04:32:34.510+0800][info] GC(316)   Other: 0.2ms
[2024-10-11T04:32:34.510+0800][info] GC(316) Eden regions: 2->0(2)
[2024-10-11T04:32:34.510+0800][info] GC(316) Survivor regions: 1->1(1)
[2024-10-11T04:32:34.510+0800][info] GC(316) Old regions: 50->51
[2024-10-11T04:32:34.510+0800][info] GC(316) Archive regions: 2->2
[2024-10-11T04:32:34.510+0800][info] GC(316) Humongous regions: 4->3
[2024-10-11T04:32:34.510+0800][info] GC(316) Metaspace: 1638K(1792K)->1638K(1792K) NonClass: 1514K(1600K)->1514K(1600K) Class: 124K(192K)->124K(192K)
[2024-10-11T04:32:34.510+0800][info] GC(316) Pause Young (Prepare Mixed) (G1 Evacuation Pause) 107M->105M(128M) 1.092ms
[2024-10-11T04:32:34.510+0800][info] GC(316) User=0.00s Sys=0.00s Real=0.00s
[2024-10-11T04:32:34.613+0800][info] GC(317) Pause Young (Mixed) (G1 Preventive Collection)
[2024-10-11T04:32:34.613+0800][info] GC(317) Using 3 workers of 48 for evacuation
[2024-10-11T04:32:34.614+0800][info] GC(317)   Pre Evacuate Collection Set: 0.1ms
[2024-10-11T04:32:34.614+0800][info] GC(317)   Merge Heap Roots: 0.1ms
[2024-10-11T04:32:34.614+0800][info] GC(317)   Evacuate Collection Set: 1.2ms
[2024-10-11T04:32:34.614+0800][info] GC(317)   Post Evacuate Collection Set: 0.2ms
[2024-10-11T04:32:34.614+0800][info] GC(317)   Other: 0.2ms
[2024-10-11T04:32:34.614+0800][info] GC(317) Eden regions: 2->0(2)
[2024-10-11T04:32:34.614+0800][info] GC(317) Survivor regions: 1->1(1)
[2024-10-11T04:32:34.614+0800][info] GC(317) Old regions: 51->48
[2024-10-11T04:32:34.614+0800][info] GC(317) Archive regions: 2->2
[2024-10-11T04:32:34.614+0800][info] GC(317) Humongous regions: 3->3
[2024-10-11T04:32:34.615+0800][info] GC(317) Metaspace: 1638K(1792K)->1638K(1792K) NonClass: 1514K(1600K)->1514K(1600K) Class: 124K(192K)->124K(192K)
[2024-10-11T04:32:34.615+0800][info] GC(317) Pause Young (Mixed) (G1 Preventive Collection) 109M->100M(128M) 1.935ms
[2024-10-11T04:32:34.615+0800][info] GC(317) User=0.01s Sys=0.00s Real=0.01s
[2024-10-11T04:32:34.716+0800][info] GC(318) Pause Young (Mixed) (G1 Evacuation Pause)
[2024-10-11T04:32:34.716+0800][info] GC(318) Using 3 workers of 48 for evacuation
[2024-10-11T04:32:34.718+0800][info] GC(318)   Pre Evacuate Collection Set: 0.1ms
[2024-10-11T04:32:34.718+0800][info] GC(318)   Merge Heap Roots: 0.1ms
[2024-10-11T04:32:34.718+0800][info] GC(318)   Evacuate Collection Set: 1.4ms
[2024-10-11T04:32:34.718+0800][info] GC(318)   Post Evacuate Collection Set: 0.2ms
[2024-10-11T04:32:34.718+0800][info] GC(318)   Other: 0.1ms
[2024-10-11T04:32:34.718+0800][info] GC(318) Eden regions: 2->0(2)
[2024-10-11T04:32:34.718+0800][info] GC(318) Survivor regions: 1->1(1)
[2024-10-11T04:32:34.718+0800][info] GC(318) Old regions: 48->46
[2024-10-11T04:32:34.718+0800][info] GC(318) Archive regions: 2->2
[2024-10-11T04:32:34.718+0800][info] GC(318) Humongous regions: 3->3
[2024-10-11T04:32:34.718+0800][info] GC(318) Metaspace: 1638K(1792K)->1638K(1792K) NonClass: 1514K(1600K)->1514K(1600K) Class: 124K(192K)->124K(192K)
[2024-10-11T04:32:34.718+0800][info] GC(318) Pause Young (Mixed) (G1 Evacuation Pause) 104M->97M(128M) 2.047ms
[2024-10-11T04:32:34.719+0800][info] GC(318) User=0.01s Sys=0.00s Real=0.00s
[2024-10-11T04:32:34.821+0800][info] GC(319) Pause Young (Mixed) (G1 Evacuation Pause)
[2024-10-11T04:32:34.821+0800][info] GC(319) Using 3 workers of 48 for evacuation
[2024-10-11T04:32:34.823+0800][info] GC(319)   Pre Evacuate Collection Set: 0.1ms
[2024-10-11T04:32:34.823+0800][info] GC(319)   Merge Heap Roots: 0.1ms
[2024-10-11T04:32:34.823+0800][info] GC(319)   Evacuate Collection Set: 1.7ms
[2024-10-11T04:32:34.823+0800][info] GC(319)   Post Evacuate Collection Set: 0.2ms
[2024-10-11T04:32:34.823+0800][info] GC(319)   Other: 0.1ms
[2024-10-11T04:32:34.823+0800][info] GC(319) Eden regions: 2->0(2)
[2024-10-11T04:32:34.823+0800][info] GC(319) Survivor regions: 1->1(1)
[2024-10-11T04:32:34.823+0800][info] GC(319) Old regions: 46->45
[2024-10-11T04:32:34.823+0800][info] GC(319) Archive regions: 2->2
[2024-10-11T04:32:34.823+0800][info] GC(319) Humongous regions: 3->3
[2024-10-11T04:32:34.823+0800][info] GC(319) Metaspace: 1638K(1792K)->1638K(1792K) NonClass: 1514K(1600K)->1514K(1600K) Class: 124K(192K)->124K(192K)
[2024-10-11T04:32:34.823+0800][info] GC(319) Pause Young (Mixed) (G1 Evacuation Pause) 101M->96M(128M) 2.345ms
[2024-10-11T04:32:34.823+0800][info] GC(319) User=0.00s Sys=0.00s Real=0.00s
[2024-10-11T04:32:34.925+0800][info] GC(320) Pause Young (Mixed) (G1 Evacuation Pause)
[2024-10-11T04:32:34.925+0800][info] GC(320) Using 3 workers of 48 for evacuation
[2024-10-11T04:32:34.927+0800][info] GC(320)   Pre Evacuate Collection Set: 0.1ms
[2024-10-11T04:32:34.927+0800][info] GC(320)   Merge Heap Roots: 0.1ms
[2024-10-11T04:32:34.927+0800][info] GC(320)   Evacuate Collection Set: 1.7ms
[2024-10-11T04:32:34.927+0800][info] GC(320)   Post Evacuate Collection Set: 0.2ms
[2024-10-11T04:32:34.927+0800][info] GC(320)   Other: 0.1ms
[2024-10-11T04:32:34.927+0800][info] GC(320) Eden regions: 2->0(2)
[2024-10-11T04:32:34.927+0800][info] GC(320) Survivor regions: 1->1(1)
[2024-10-11T04:32:34.927+0800][info] GC(320) Old regions: 45->45
[2024-10-11T04:32:34.927+0800][info] GC(320) Archive regions: 2->2
[2024-10-11T04:32:34.927+0800][info] GC(320) Humongous regions: 3->3
[2024-10-11T04:32:34.927+0800][info] GC(320) Metaspace: 1638K(1792K)->1638K(1792K) NonClass: 1514K(1600K)->1514K(1600K) Class: 124K(192K)->124K(192K)
[2024-10-11T04:32:34.927+0800][info] GC(320) Pause Young (Mixed) (G1 Evacuation Pause) 99M->96M(128M) 2.389ms
[2024-10-11T04:32:34.927+0800][info] GC(320) User=0.01s Sys=0.00s Real=0.01s
[2024-10-11T04:32:35.030+0800][info] GC(321) Pause Young (Normal) (G1 Evacuation Pause)
[2024-10-11T04:32:35.030+0800][info] GC(321) Using 3 workers of 48 for evacuation
[2024-10-11T04:32:35.031+0800][info] GC(321)   Pre Evacuate Collection Set: 0.1ms
[2024-10-11T04:32:35.031+0800][info] GC(321)   Merge Heap Roots: 0.0ms
[2024-10-11T04:32:35.031+0800][info] GC(321)   Evacuate Collection Set: 0.7ms
[2024-10-11T04:32:35.031+0800][info] GC(321)   Post Evacuate Collection Set: 0.2ms
[2024-10-11T04:32:35.031+0800][info] GC(321)   Other: 0.2ms
[2024-10-11T04:32:35.031+0800][info] GC(321) Eden regions: 2->0(2)
[2024-10-11T04:32:35.031+0800][info] GC(321) Survivor regions: 1->1(1)
[2024-10-11T04:32:35.031+0800][info] GC(321) Old regions: 45->47
[2024-10-11T04:32:35.031+0800][info] GC(321) Archive regions: 2->2
[2024-10-11T04:32:35.031+0800][info] GC(321) Humongous regions: 3->3
[2024-10-11T04:32:35.031+0800][info] GC(321) Metaspace: 1638K(1792K)->1638K(1792K) NonClass: 1514K(1600K)->1514K(1600K) Class: 124K(192K)->124K(192K)
[2024-10-11T04:32:35.031+0800][info] GC(321) Pause Young (Normal) (G1 Evacuation Pause) 100M->100M(128M) 1.267ms
[2024-10-11T04:32:35.031+0800][info] GC(321) User=0.00s Sys=0.00s Real=0.00s
[2024-10-11T04:32:35.133+0800][info] GC(322) Pause Young (Normal) (G1 Evacuation Pause)
[2024-10-11T04:32:35.133+0800][info] GC(322) Using 3 workers of 48 for evacuation
[2024-10-11T04:32:35.134+0800][info] GC(322)   Pre Evacuate Collection Set: 0.1ms
[2024-10-11T04:32:35.134+0800][info] GC(322)   Merge Heap Roots: 0.0ms
[2024-10-11T04:32:35.134+0800][info] GC(322)   Evacuate Collection Set: 0.6ms
[2024-10-11T04:32:35.134+0800][info] GC(322)   Post Evacuate Collection Set: 0.2ms
[2024-10-11T04:32:35.134+0800][info] GC(322)   Other: 0.2ms
[2024-10-11T04:32:35.134+0800][info] GC(322) Eden regions: 2->0(2)
[2024-10-11T04:32:35.134+0800][info] GC(322) Survivor regions: 1->1(1)
[2024-10-11T04:32:35.134+0800][info] GC(322) Old regions: 47->49
[2024-10-11T04:32:35.134+0800][info] GC(322) Archive regions: 2->2
[2024-10-11T04:32:35.134+0800][info] GC(322) Humongous regions: 3->3
[2024-10-11T04:32:35.134+0800][info] GC(322) Metaspace: 1638K(1792K)->1638K(1792K) NonClass: 1514K(1600K)->1514K(1600K) Class: 124K(192K)->124K(192K)
[2024-10-11T04:32:35.134+0800][info] GC(322) Pause Young (Normal) (G1 Evacuation Pause) 104M->104M(128M) 1.200ms
[2024-10-11T04:32:35.134+0800][info] GC(322) User=0.00s Sys=0.00s Real=0.01s
[2024-10-11T04:32:35.236+0800][info] GC(323) Pause Young (Concurrent Start) (G1 Evacuation Pause)
[2024-10-11T04:32:35.236+0800][info] GC(323) Using 3 workers of 48 for evacuation
[2024-10-11T04:32:35.238+0800][info] GC(323)   Pre Evacuate Collection Set: 0.1ms
[2024-10-11T04:32:35.238+0800][info] GC(323)   Merge Heap Roots: 0.0ms
[2024-10-11T04:32:35.238+0800][info] GC(323)   Evacuate Collection Set: 0.8ms
[2024-10-11T04:32:35.238+0800][info] GC(323)   Post Evacuate Collection Set: 0.2ms
[2024-10-11T04:32:35.238+0800][info] GC(323)   Other: 0.4ms
[2024-10-11T04:32:35.238+0800][info] GC(323) Eden regions: 2->0(2)
[2024-10-11T04:32:35.238+0800][info] GC(323) Survivor regions: 1->1(1)
[2024-10-11T04:32:35.238+0800][info] GC(323) Old regions: 49->51
[2024-10-11T04:32:35.238+0800][info] GC(323) Archive regions: 2->2
[2024-10-11T04:32:35.238+0800][info] GC(323) Humongous regions: 3->3
[2024-10-11T04:32:35.238+0800][info] GC(323) Metaspace: 1638K(1792K)->1638K(1792K) NonClass: 1514K(1600K)->1514K(1600K) Class: 124K(192K)->124K(192K)
[2024-10-11T04:32:35.238+0800][info] GC(323) Pause Young (Concurrent Start) (G1 Evacuation Pause) 108M->108M(128M) 1.531ms
[2024-10-11T04:32:35.238+0800][info] GC(323) User=0.00s Sys=0.00s Real=0.00s
[2024-10-11T04:32:35.238+0800][info] GC(324) Concurrent Mark Cycle
[2024-10-11T04:32:35.238+0800][info] GC(324) Concurrent Clear Claimed Marks
[2024-10-11T04:32:35.238+0800][info] GC(324) Concurrent Clear Claimed Marks 0.017ms
[2024-10-11T04:32:35.238+0800][info] GC(324) Concurrent Scan Root Regions
[2024-10-11T04:32:35.238+0800][info] GC(324) Concurrent Scan Root Regions 0.097ms
[2024-10-11T04:32:35.238+0800][info] GC(324) Concurrent Mark
[2024-10-11T04:32:35.238+0800][info] GC(324) Concurrent Mark From Roots
[2024-10-11T04:32:35.238+0800][info] GC(324) Using 12 workers of 12 for marking
[2024-10-11T04:32:35.242+0800][info] GC(324) Concurrent Mark From Roots 3.901ms
[2024-10-11T04:32:35.242+0800][info] GC(324) Concurrent Preclean
[2024-10-11T04:32:35.244+0800][info] GC(324) Concurrent Preclean 1.686ms
[2024-10-11T04:32:35.244+0800][info] GC(324) Pause Remark
[2024-10-11T04:32:35.245+0800][info] GC(324) Pause Remark 109M->107M(128M) 1.497ms
[2024-10-11T04:32:35.245+0800][info] GC(324) User=0.01s Sys=0.00s Real=0.01s
[2024-10-11T04:32:35.245+0800][info] GC(324) Concurrent Mark 7.396ms
[2024-10-11T04:32:35.245+0800][info] GC(324) Concurrent Rebuild Remembered Sets
[2024-10-11T04:32:35.247+0800][info] GC(324) Concurrent Rebuild Remembered Sets 1.633ms
[2024-10-11T04:32:35.247+0800][info] GC(324) Pause Cleanup
[2024-10-11T04:32:35.247+0800][info] GC(324) Pause Cleanup 107M->107M(128M) 0.250ms
[2024-10-11T04:32:35.248+0800][info] GC(324) User=0.00s Sys=0.00s Real=0.00s
[2024-10-11T04:32:35.248+0800][info] GC(324) Concurrent Cleanup for Next Mark
[2024-10-11T04:32:35.248+0800][info] GC(324) Concurrent Cleanup for Next Mark 0.440ms
[2024-10-11T04:32:35.248+0800][info] GC(324) Concurrent Mark Cycle 10.190ms
[2024-10-11T04:32:35.391+0800][info] GC(325) Pause Young (Prepare Mixed) (G1 Evacuation Pause)
[2024-10-11T04:32:35.391+0800][info] GC(325) Using 3 workers of 48 for evacuation
[2024-10-11T04:32:35.392+0800][info] GC(325)   Pre Evacuate Collection Set: 0.1ms
[2024-10-11T04:32:35.392+0800][info] GC(325)   Merge Heap Roots: 0.1ms
[2024-10-11T04:32:35.392+0800][info] GC(325)   Evacuate Collection Set: 1.0ms
[2024-10-11T04:32:35.392+0800][info] GC(325)   Post Evacuate Collection Set: 0.2ms
[2024-10-11T04:32:35.392+0800][info] GC(325)   Other: 0.2ms
[2024-10-11T04:32:35.392+0800][info] GC(325) Eden regions: 2->0(2)
[2024-10-11T04:32:35.392+0800][info] GC(325) Survivor regions: 1->1(1)
[2024-10-11T04:32:35.392+0800][info] GC(325) Old regions: 50->52
[2024-10-11T04:32:35.392+0800][info] GC(325) Archive regions: 2->2
[2024-10-11T04:32:35.392+0800][info] GC(325) Humongous regions: 3->3
[2024-10-11T04:32:35.392+0800][info] GC(325) Metaspace: 1638K(1792K)->1638K(1792K) NonClass: 1514K(1600K)->1514K(1600K) Class: 124K(192K)->124K(192K)
[2024-10-11T04:32:35.392+0800][info] GC(325) Pause Young (Prepare Mixed) (G1 Evacuation Pause) 110M->110M(128M) 1.581ms
[2024-10-11T04:32:35.392+0800][info] GC(325) User=0.00s Sys=0.00s Real=0.00s
[2024-10-11T04:32:35.453+0800][info] GC(326) Pause Young (Mixed) (G1 Preventive Collection)
[2024-10-11T04:32:35.453+0800][info] GC(326) Using 3 workers of 48 for evacuation
[2024-10-11T04:32:35.455+0800][info] GC(326)   Pre Evacuate Collection Set: 0.1ms
[2024-10-11T04:32:35.455+0800][info] GC(326)   Merge Heap Roots: 0.1ms
[2024-10-11T04:32:35.455+0800][info] GC(326)   Evacuate Collection Set: 1.1ms
[2024-10-11T04:32:35.455+0800][info] GC(326)   Post Evacuate Collection Set: 0.2ms
[2024-10-11T04:32:35.455+0800][info] GC(326)   Other: 0.2ms
[2024-10-11T04:32:35.455+0800][info] GC(326) Eden regions: 1->0(2)
[2024-10-11T04:32:35.455+0800][info] GC(326) Survivor regions: 1->1(1)
[2024-10-11T04:32:35.455+0800][info] GC(326) Old regions: 52->48
[2024-10-11T04:32:35.455+0800][info] GC(326) Archive regions: 2->2
[2024-10-11T04:32:35.455+0800][info] GC(326) Humongous regions: 3->3
[2024-10-11T04:32:35.455+0800][info] GC(326) Metaspace: 1638K(1792K)->1638K(1792K) NonClass: 1514K(1600K)->1514K(1600K) Class: 124K(192K)->124K(192K)
[2024-10-11T04:32:35.455+0800][info] GC(326) Pause Young (Mixed) (G1 Preventive Collection) 112M->103M(128M) 1.772ms
[2024-10-11T04:32:35.455+0800][info] GC(326) User=0.00s Sys=0.00s Real=0.00s
[2024-10-11T04:32:35.558+0800][info] GC(327) Pause Young (Mixed) (G1 Evacuation Pause)
[2024-10-11T04:32:35.558+0800][info] GC(327) Using 3 workers of 48 for evacuation
[2024-10-11T04:32:35.560+0800][info] GC(327)   Pre Evacuate Collection Set: 0.1ms
[2024-10-11T04:32:35.560+0800][info] GC(327)   Merge Heap Roots: 0.1ms
[2024-10-11T04:32:35.560+0800][info] GC(327)   Evacuate Collection Set: 1.8ms
[2024-10-11T04:32:35.560+0800][info] GC(327)   Post Evacuate Collection Set: 0.2ms
[2024-10-11T04:32:35.560+0800][info] GC(327)   Other: 0.2ms
[2024-10-11T04:32:35.560+0800][info] GC(327) Eden regions: 2->0(2)
[2024-10-11T04:32:35.560+0800][info] GC(327) Survivor regions: 1->1(1)
[2024-10-11T04:32:35.560+0800][info] GC(327) Old regions: 48->47
[2024-10-11T04:32:35.560+0800][info] GC(327) Archive regions: 2->2
[2024-10-11T04:32:35.560+0800][info] GC(327) Humongous regions: 3->3
[2024-10-11T04:32:35.560+0800][info] GC(327) Metaspace: 1638K(1792K)->1638K(1792K) NonClass: 1514K(1600K)->1514K(1600K) Class: 124K(192K)->124K(192K)
[2024-10-11T04:32:35.560+0800][info] GC(327) Pause Young (Mixed) (G1 Evacuation Pause) 106M->101M(128M) 2.522ms
[2024-10-11T04:32:35.560+0800][info] GC(327) User=0.01s Sys=0.00s Real=0.00s
[2024-10-11T04:32:35.662+0800][info] GC(328) Pause Young (Mixed) (G1 Evacuation Pause)
[2024-10-11T04:32:35.662+0800][info] GC(328) Using 3 workers of 48 for evacuation
[2024-10-11T04:32:35.665+0800][info] GC(328)   Pre Evacuate Collection Set: 0.2ms
[2024-10-11T04:32:35.665+0800][info] GC(328)   Merge Heap Roots: 0.1ms
[2024-10-11T04:32:35.665+0800][info] GC(328)   Evacuate Collection Set: 2.0ms
[2024-10-11T04:32:35.665+0800][info] GC(328)   Post Evacuate Collection Set: 0.2ms
[2024-10-11T04:32:35.665+0800][info] GC(328)   Other: 0.1ms
[2024-10-11T04:32:35.665+0800][info] GC(328) Eden regions: 2->0(2)
[2024-10-11T04:32:35.665+0800][info] GC(328) Survivor regions: 1->1(1)
[2024-10-11T04:32:35.665+0800][info] GC(328) Old regions: 47->46
[2024-10-11T04:32:35.665+0800][info] GC(328) Archive regions: 2->2
[2024-10-11T04:32:35.665+0800][info] GC(328) Humongous regions: 3->3
[2024-10-11T04:32:35.665+0800][info] GC(328) Metaspace: 1638K(1792K)->1638K(1792K) NonClass: 1514K(1600K)->1514K(1600K) Class: 124K(192K)->124K(192K)
[2024-10-11T04:32:35.665+0800][info] GC(328) Pause Young (Mixed) (G1 Evacuation Pause) 104M->99M(128M) 2.625ms
[2024-10-11T04:32:35.665+0800][info] GC(328) User=0.00s Sys=0.00s Real=0.00s
[2024-10-11T04:32:35.767+0800][info] GC(329) Pause Young (Mixed) (G1 Evacuation Pause)
[2024-10-11T04:32:35.767+0800][info] GC(329) Using 3 workers of 48 for evacuation
[2024-10-11T04:32:35.769+0800][info] GC(329)   Pre Evacuate Collection Set: 0.1ms
[2024-10-11T04:32:35.769+0800][info] GC(329)   Merge Heap Roots: 0.1ms
[2024-10-11T04:32:35.769+0800][info] GC(329)   Evacuate Collection Set: 1.8ms
[2024-10-11T04:32:35.769+0800][info] GC(329)   Post Evacuate Collection Set: 0.2ms
[2024-10-11T04:32:35.769+0800][info] GC(329)   Other: 0.1ms
[2024-10-11T04:32:35.769+0800][info] GC(329) Eden regions: 2->0(2)
[2024-10-11T04:32:35.769+0800][info] GC(329) Survivor regions: 1->1(1)
[2024-10-11T04:32:35.769+0800][info] GC(329) Old regions: 46->46
[2024-10-11T04:32:35.769+0800][info] GC(329) Archive regions: 2->2
[2024-10-11T04:32:35.769+0800][info] GC(329) Humongous regions: 3->3
[2024-10-11T04:32:35.769+0800][info] GC(329) Metaspace: 1638K(1792K)->1638K(1792K) NonClass: 1514K(1600K)->1514K(1600K) Class: 124K(192K)->124K(192K)
[2024-10-11T04:32:35.769+0800][info] GC(329) Pause Young (Mixed) (G1 Evacuation Pause) 102M->100M(128M) 2.369ms
[2024-10-11T04:32:35.770+0800][info] GC(329) User=0.00s Sys=0.00s Real=0.00s
[2024-10-11T04:32:35.871+0800][info] GC(330) Pause Young (Normal) (G1 Evacuation Pause)
[2024-10-11T04:32:35.871+0800][info] GC(330) Using 3 workers of 48 for evacuation
[2024-10-11T04:32:35.872+0800][info] GC(330)   Pre Evacuate Collection Set: 0.1ms
[2024-10-11T04:32:35.872+0800][info] GC(330)   Merge Heap Roots: 0.0ms
[2024-10-11T04:32:35.872+0800][info] GC(330)   Evacuate Collection Set: 0.7ms
[2024-10-11T04:32:35.872+0800][info] GC(330)   Post Evacuate Collection Set: 0.2ms
[2024-10-11T04:32:35.872+0800][info] GC(330)   Other: 0.2ms
[2024-10-11T04:32:35.872+0800][info] GC(330) Eden regions: 2->0(2)
[2024-10-11T04:32:35.873+0800][info] GC(330) Survivor regions: 1->1(1)
[2024-10-11T04:32:35.873+0800][info] GC(330) Old regions: 46->48
[2024-10-11T04:32:35.873+0800][info] GC(330) Archive regions: 2->2
[2024-10-11T04:32:35.873+0800][info] GC(330) Humongous regions: 3->3
[2024-10-11T04:32:35.873+0800][info] GC(330) Metaspace: 1638K(1792K)->1638K(1792K) NonClass: 1514K(1600K)->1514K(1600K) Class: 124K(192K)->124K(192K)
[2024-10-11T04:32:35.873+0800][info] GC(330) Pause Young (Normal) (G1 Evacuation Pause) 103M->104M(128M) 1.279ms
[2024-10-11T04:32:35.873+0800][info] GC(330) User=0.01s Sys=0.00s Real=0.00s
[2024-10-11T04:32:35.975+0800][info] GC(331) Pause Young (Normal) (G1 Evacuation Pause)
[2024-10-11T04:32:35.975+0800][info] GC(331) Using 3 workers of 48 for evacuation
[2024-10-11T04:32:35.976+0800][info] GC(331)   Pre Evacuate Collection Set: 0.1ms
[2024-10-11T04:32:35.976+0800][info] GC(331)   Merge Heap Roots: 0.0ms
[2024-10-11T04:32:35.976+0800][info] GC(331)   Evacuate Collection Set: 0.7ms
[2024-10-11T04:32:35.976+0800][info] GC(331)   Post Evacuate Collection Set: 0.2ms
[2024-10-11T04:32:35.976+0800][info] GC(331)   Other: 0.2ms
[2024-10-11T04:32:35.976+0800][info] GC(331) Eden regions: 2->0(2)
[2024-10-11T04:32:35.976+0800][info] GC(331) Survivor regions: 1->1(1)
[2024-10-11T04:32:35.976+0800][info] GC(331) Old regions: 48->50
[2024-10-11T04:32:35.976+0800][info] GC(331) Archive regions: 2->2
[2024-10-11T04:32:35.976+0800][info] GC(331) Humongous regions: 3->3
[2024-10-11T04:32:35.976+0800][info] GC(331) Metaspace: 1638K(1792K)->1638K(1792K) NonClass: 1514K(1600K)->1514K(1600K) Class: 124K(192K)->124K(192K)
[2024-10-11T04:32:35.976+0800][info] GC(331) Pause Young (Normal) (G1 Evacuation Pause) 107M->108M(128M) 1.234ms
[2024-10-11T04:32:35.976+0800][info] GC(331) User=0.00s Sys=0.00s Real=0.00s
[2024-10-11T04:32:36.078+0800][info] GC(332) Pause Young (Concurrent Start) (G1 Evacuation Pause)
[2024-10-11T04:32:36.078+0800][info] GC(332) Using 3 workers of 48 for evacuation
[2024-10-11T04:32:36.079+0800][info] GC(332)   Pre Evacuate Collection Set: 0.1ms
[2024-10-11T04:32:36.079+0800][info] GC(332)   Merge Heap Roots: 0.0ms
[2024-10-11T04:32:36.079+0800][info] GC(332)   Evacuate Collection Set: 0.6ms
[2024-10-11T04:32:36.079+0800][info] GC(332)   Post Evacuate Collection Set: 0.2ms
[2024-10-11T04:32:36.079+0800][info] GC(332)   Other: 0.3ms
[2024-10-11T04:32:36.079+0800][info] GC(332) Eden regions: 2->0(2)
[2024-10-11T04:32:36.079+0800][info] GC(332) Survivor regions: 1->1(1)
[2024-10-11T04:32:36.079+0800][info] GC(332) Old regions: 50->51
[2024-10-11T04:32:36.079+0800][info] GC(332) Archive regions: 2->2
[2024-10-11T04:32:36.079+0800][info] GC(332) Humongous regions: 3->3
[2024-10-11T04:32:36.079+0800][info] GC(332) Metaspace: 1638K(1792K)->1638K(1792K) NonClass: 1514K(1600K)->1514K(1600K) Class: 124K(192K)->124K(192K)
[2024-10-11T04:32:36.079+0800][info] GC(332) Pause Young (Concurrent Start) (G1 Evacuation Pause) 111M->110M(128M) 1.350ms
[2024-10-11T04:32:36.079+0800][info] GC(332) User=0.00s Sys=0.00s Real=0.00s
[2024-10-11T04:32:36.079+0800][info] GC(333) Concurrent Mark Cycle
[2024-10-11T04:32:36.079+0800][info] GC(333) Concurrent Clear Claimed Marks
[2024-10-11T04:32:36.080+0800][info] GC(333) Concurrent Clear Claimed Marks 0.017ms
[2024-10-11T04:32:36.080+0800][info] GC(333) Concurrent Scan Root Regions
[2024-10-11T04:32:36.080+0800][info] GC(333) Concurrent Scan Root Regions 0.148ms
[2024-10-11T04:32:36.080+0800][info] GC(333) Concurrent Mark
[2024-10-11T04:32:36.080+0800][info] GC(333) Concurrent Mark From Roots
[2024-10-11T04:32:36.080+0800][info] GC(333) Using 12 workers of 12 for marking
[2024-10-11T04:32:36.084+0800][info] GC(333) Concurrent Mark From Roots 4.365ms
[2024-10-11T04:32:36.084+0800][info] GC(333) Concurrent Preclean
[2024-10-11T04:32:36.086+0800][info] GC(333) Concurrent Preclean 1.701ms
[2024-10-11T04:32:36.086+0800][info] GC(333) Pause Remark
[2024-10-11T04:32:36.087+0800][info] GC(333) Pause Remark 111M->111M(128M) 1.348ms
[2024-10-11T04:32:36.087+0800][info] GC(333) User=0.00s Sys=0.00s Real=0.00s
[2024-10-11T04:32:36.087+0800][info] GC(333) Concurrent Mark 7.735ms
[2024-10-11T04:32:36.087+0800][info] GC(333) Concurrent Rebuild Remembered Sets
[2024-10-11T04:32:36.089+0800][info] GC(333) Concurrent Rebuild Remembered Sets 1.687ms
[2024-10-11T04:32:36.089+0800][info] GC(333) Pause Cleanup
[2024-10-11T04:32:36.089+0800][info] GC(333) Pause Cleanup 111M->111M(128M) 0.176ms
[2024-10-11T04:32:36.089+0800][info] GC(333) User=0.00s Sys=0.00s Real=0.00s
[2024-10-11T04:32:36.089+0800][info] GC(333) Concurrent Cleanup for Next Mark
[2024-10-11T04:32:36.090+0800][info] GC(333) Concurrent Cleanup for Next Mark 0.363ms
[2024-10-11T04:32:36.090+0800][info] GC(333) Concurrent Mark Cycle 10.399ms
[2024-10-11T04:32:36.233+0800][info] GC(334) Pause Young (Prepare Mixed) (G1 Evacuation Pause)
[2024-10-11T04:32:36.233+0800][info] GC(334) Using 3 workers of 48 for evacuation
[2024-10-11T04:32:36.234+0800][info] GC(334)   Pre Evacuate Collection Set: 0.1ms
[2024-10-11T04:32:36.234+0800][info] GC(334)   Merge Heap Roots: 0.1ms
[2024-10-11T04:32:36.234+0800][info] GC(334)   Evacuate Collection Set: 0.9ms
[2024-10-11T04:32:36.234+0800][info] GC(334)   Post Evacuate Collection Set: 0.2ms
[2024-10-11T04:32:36.234+0800][info] GC(334)   Other: 0.2ms
[2024-10-11T04:32:36.234+0800][info] GC(334) Eden regions: 2->0(2)
[2024-10-11T04:32:36.234+0800][info] GC(334) Survivor regions: 1->1(1)
[2024-10-11T04:32:36.234+0800][info] GC(334) Old regions: 51->53
[2024-10-11T04:32:36.234+0800][info] GC(334) Archive regions: 2->2
[2024-10-11T04:32:36.234+0800][info] GC(334) Humongous regions: 3->3
[2024-10-11T04:32:36.234+0800][info] GC(334) Metaspace: 1641K(1792K)->1641K(1792K) NonClass: 1517K(1600K)->1517K(1600K) Class: 124K(192K)->124K(192K)
[2024-10-11T04:32:36.234+0800][info] GC(334) Pause Young (Prepare Mixed) (G1 Evacuation Pause) 114M->114M(128M) 1.496ms
[2024-10-11T04:32:36.234+0800][info] GC(334) User=0.00s Sys=0.00s Real=0.01s
[2024-10-11T04:32:36.295+0800][info] GC(335) Pause Young (Mixed) (G1 Preventive Collection)
[2024-10-11T04:32:36.295+0800][info] GC(335) Using 3 workers of 48 for evacuation
[2024-10-11T04:32:36.297+0800][info] GC(335) To-space exhausted
[2024-10-11T04:32:36.297+0800][info] GC(335)   Pre Evacuate Collection Set: 0.1ms
[2024-10-11T04:32:36.297+0800][info] GC(335)   Merge Heap Roots: 0.1ms
[2024-10-11T04:32:36.297+0800][info] GC(335)   Evacuate Collection Set: 1.0ms
[2024-10-11T04:32:36.297+0800][info] GC(335)   Post Evacuate Collection Set: 0.3ms
[2024-10-11T04:32:36.297+0800][info] GC(335)   Other: 0.2ms
[2024-10-11T04:32:36.297+0800][info] GC(335) Eden regions: 1->0(2)
[2024-10-11T04:32:36.297+0800][info] GC(335) Survivor regions: 1->1(1)
[2024-10-11T04:32:36.297+0800][info] GC(335) Old regions: 53->53
[2024-10-11T04:32:36.297+0800][info] GC(335) Archive regions: 2->2
[2024-10-11T04:32:36.297+0800][info] GC(335) Humongous regions: 3->3
[2024-10-11T04:32:36.297+0800][info] GC(335) Metaspace: 1641K(1792K)->1641K(1792K) NonClass: 1517K(1600K)->1517K(1600K) Class: 124K(192K)->124K(192K)
[2024-10-11T04:32:36.297+0800][info] GC(335) Pause Young (Mixed) (G1 Preventive Collection) 116M->114M(128M) 1.779ms
[2024-10-11T04:32:36.297+0800][info] GC(335) User=0.00s Sys=0.01s Real=0.00s
[2024-10-11T04:32:36.338+0800][info] GC(336) Pause Young (Mixed) (G1 Preventive Collection)
[2024-10-11T04:32:36.338+0800][info] GC(336) Using 3 workers of 48 for evacuation
[2024-10-11T04:32:36.340+0800][info] GC(336) To-space exhausted
[2024-10-11T04:32:36.340+0800][info] GC(336)   Pre Evacuate Collection Set: 0.1ms
[2024-10-11T04:32:36.340+0800][info] GC(336)   Merge Heap Roots: 0.1ms
[2024-10-11T04:32:36.340+0800][info] GC(336)   Evacuate Collection Set: 1.2ms
[2024-10-11T04:32:36.340+0800][info] GC(336)   Post Evacuate Collection Set: 0.3ms
[2024-10-11T04:32:36.340+0800][info] GC(336)   Other: 0.2ms
[2024-10-11T04:32:36.340+0800][info] GC(336) Eden regions: 1->0(2)
[2024-10-11T04:32:36.340+0800][info] GC(336) Survivor regions: 1->1(1)
[2024-10-11T04:32:36.340+0800][info] GC(336) Old regions: 53->55
[2024-10-11T04:32:36.340+0800][info] GC(336) Archive regions: 2->2
[2024-10-11T04:32:36.340+0800][info] GC(336) Humongous regions: 3->3
[2024-10-11T04:32:36.340+0800][info] GC(336) Metaspace: 1641K(1792K)->1641K(1792K) NonClass: 1517K(1600K)->1517K(1600K) Class: 124K(192K)->124K(192K)
[2024-10-11T04:32:36.340+0800][info] GC(336) Pause Young (Mixed) (G1 Preventive Collection) 116M->118M(128M) 1.908ms
[2024-10-11T04:32:36.340+0800][info] GC(336) User=0.00s Sys=0.00s Real=0.00s
[2024-10-11T04:32:36.402+0800][info] GC(337) Pause Young (Mixed) (G1 Preventive Collection)
[2024-10-11T04:32:36.402+0800][info] GC(337) Using 3 workers of 48 for evacuation
[2024-10-11T04:32:36.403+0800][info] GC(337) To-space exhausted
[2024-10-11T04:32:36.403+0800][info] GC(337)   Pre Evacuate Collection Set: 0.1ms
[2024-10-11T04:32:36.403+0800][info] GC(337)   Merge Heap Roots: 0.1ms
[2024-10-11T04:32:36.403+0800][info] GC(337)   Evacuate Collection Set: 1.0ms
[2024-10-11T04:32:36.403+0800][info] GC(337)   Post Evacuate Collection Set: 0.3ms
[2024-10-11T04:32:36.403+0800][info] GC(337)   Other: 0.2ms
[2024-10-11T04:32:36.403+0800][info] GC(337) Eden regions: 1->0(2)
[2024-10-11T04:32:36.403+0800][info] GC(337) Survivor regions: 1->1(1)
[2024-10-11T04:32:36.403+0800][info] GC(337) Old regions: 55->57
[2024-10-11T04:32:36.403+0800][info] GC(337) Archive regions: 2->2
[2024-10-11T04:32:36.403+0800][info] GC(337) Humongous regions: 3->3
[2024-10-11T04:32:36.403+0800][info] GC(337) Metaspace: 1641K(1792K)->1641K(1792K) NonClass: 1517K(1600K)->1517K(1600K) Class: 124K(192K)->124K(192K)
[2024-10-11T04:32:36.403+0800][info] GC(337) Pause Young (Mixed) (G1 Preventive Collection) 119M->121M(128M) 1.795ms
[2024-10-11T04:32:36.403+0800][info] GC(337) User=0.00s Sys=0.00s Real=0.00s
[2024-10-11T04:32:36.444+0800][info] GC(338) Pause Young (Mixed) (G1 Evacuation Pause)
[2024-10-11T04:32:36.444+0800][info] GC(338) Using 3 workers of 48 for evacuation
[2024-10-11T04:32:36.445+0800][info] GC(338) To-space exhausted
[2024-10-11T04:32:36.445+0800][info] GC(338)   Pre Evacuate Collection Set: 0.1ms
[2024-10-11T04:32:36.445+0800][info] GC(338)   Merge Heap Roots: 0.1ms
[2024-10-11T04:32:36.445+0800][info] GC(338)   Evacuate Collection Set: 0.4ms
[2024-10-11T04:32:36.445+0800][info] GC(338)   Post Evacuate Collection Set: 0.3ms
[2024-10-11T04:32:36.445+0800][info] GC(338)   Other: 0.1ms
[2024-10-11T04:32:36.445+0800][info] GC(338) Eden regions: 1->0(3)
[2024-10-11T04:32:36.445+0800][info] GC(338) Survivor regions: 1->0(0)
[2024-10-11T04:32:36.445+0800][info] GC(338) Old regions: 57->59
[2024-10-11T04:32:36.445+0800][info] GC(338) Archive regions: 2->2
[2024-10-11T04:32:36.445+0800][info] GC(338) Humongous regions: 3->3
[2024-10-11T04:32:36.445+0800][info] GC(338) Metaspace: 1641K(1792K)->1641K(1792K) NonClass: 1517K(1600K)->1517K(1600K) Class: 124K(192K)->124K(192K)
[2024-10-11T04:32:36.446+0800][info] GC(338) Pause Young (Mixed) (G1 Evacuation Pause) 123M->123M(128M) 1.133ms
[2024-10-11T04:32:36.446+0800][info] GC(338) User=0.00s Sys=0.00s Real=0.01s
[2024-10-11T04:32:36.446+0800][info] Attempting full compaction
[2024-10-11T04:32:36.446+0800][info] GC(339) Using 3 workers of 48 for full compaction
[2024-10-11T04:32:36.446+0800][info] GC(339) Pause Full (G1 Compaction Pause)
[2024-10-11T04:32:36.446+0800][info] GC(339) Phase 1: Mark live objects
[2024-10-11T04:32:36.449+0800][info] GC(339) Phase 1: Mark live objects 2.927ms
[2024-10-11T04:32:36.449+0800][info] GC(339) Phase 2: Prepare for compaction
[2024-10-11T04:32:36.449+0800][info] GC(339) Phase 2: Prepare for compaction 0.543ms
[2024-10-11T04:32:36.449+0800][info] GC(339) Phase 3: Adjust pointers
[2024-10-11T04:32:36.451+0800][info] GC(339) Phase 3: Adjust pointers 1.573ms
[2024-10-11T04:32:36.451+0800][info] GC(339) Phase 4: Compact heap
[2024-10-11T04:32:36.463+0800][info] GC(339) Phase 4: Compact heap 12.646ms
[2024-10-11T04:32:36.465+0800][info] GC(339) Eden regions: 0->0(4)
[2024-10-11T04:32:36.465+0800][info] GC(339) Survivor regions: 0->0(0)
[2024-10-11T04:32:36.465+0800][info] GC(339) Old regions: 59->38
[2024-10-11T04:32:36.465+0800][info] GC(339) Archive regions: 2->2
[2024-10-11T04:32:36.465+0800][info] GC(339) Humongous regions: 3->3
[2024-10-11T04:32:36.465+0800][info] GC(339) Metaspace: 1641K(1792K)->1641K(1792K) NonClass: 1517K(1600K)->1517K(1600K) Class: 124K(192K)->124K(192K)
[2024-10-11T04:32:36.465+0800][info] GC(339) Pause Full (G1 Compaction Pause) 123M->71M(128M) 19.350ms
[2024-10-11T04:32:36.465+0800][info] GC(339) User=0.03s Sys=0.00s Real=0.01s
[2024-10-11T04:32:36.691+0800][info] GC(340) Pause Young (Normal) (G1 Evacuation Pause)
[2024-10-11T04:32:36.691+0800][info] GC(340) Using 3 workers of 48 for evacuation
[2024-10-11T04:32:36.692+0800][info] GC(340)   Pre Evacuate Collection Set: 0.1ms
[2024-10-11T04:32:36.692+0800][info] GC(340)   Merge Heap Roots: 0.0ms
[2024-10-11T04:32:36.692+0800][info] GC(340)   Evacuate Collection Set: 1.0ms
[2024-10-11T04:32:36.692+0800][info] GC(340)   Post Evacuate Collection Set: 0.2ms
[2024-10-11T04:32:36.692+0800][info] GC(340)   Other: 0.2ms
[2024-10-11T04:32:36.692+0800][info] GC(340) Eden regions: 4->0(2)
[2024-10-11T04:32:36.692+0800][info] GC(340) Survivor regions: 0->1(1)
[2024-10-11T04:32:36.692+0800][info] GC(340) Old regions: 38->41
[2024-10-11T04:32:36.692+0800][info] GC(340) Archive regions: 2->2
[2024-10-11T04:32:36.692+0800][info] GC(340) Humongous regions: 4->4
[2024-10-11T04:32:36.692+0800][info] GC(340) Metaspace: 1641K(1792K)->1641K(1792K) NonClass: 1517K(1600K)->1517K(1600K) Class: 124K(192K)->124K(192K)
[2024-10-11T04:32:36.692+0800][info] GC(340) Pause Young (Normal) (G1 Evacuation Pause) 81M->81M(128M) 1.669ms
[2024-10-11T04:32:36.692+0800][info] GC(340) User=0.01s Sys=0.00s Real=0.00s
[2024-10-11T04:32:36.794+0800][info] GC(341) Pause Young (Normal) (G1 Evacuation Pause)
[2024-10-11T04:32:36.794+0800][info] GC(341) Using 3 workers of 48 for evacuation
[2024-10-11T04:32:36.795+0800][info] GC(341)   Pre Evacuate Collection Set: 0.1ms
[2024-10-11T04:32:36.795+0800][info] GC(341)   Merge Heap Roots: 0.0ms
[2024-10-11T04:32:36.795+0800][info] GC(341)   Evacuate Collection Set: 0.7ms
[2024-10-11T04:32:36.795+0800][info] GC(341)   Post Evacuate Collection Set: 0.2ms
[2024-10-11T04:32:36.795+0800][info] GC(341)   Other: 0.2ms
[2024-10-11T04:32:36.795+0800][info] GC(341) Eden regions: 2->0(2)
[2024-10-11T04:32:36.795+0800][info] GC(341) Survivor regions: 1->1(1)
[2024-10-11T04:32:36.795+0800][info] GC(341) Old regions: 41->43
[2024-10-11T04:32:36.795+0800][info] GC(341) Archive regions: 2->2
[2024-10-11T04:32:36.795+0800][info] GC(341) Humongous regions: 4->4
[2024-10-11T04:32:36.795+0800][info] GC(341) Metaspace: 1641K(1792K)->1641K(1792K) NonClass: 1517K(1600K)->1517K(1600K) Class: 124K(192K)->124K(192K)
[2024-10-11T04:32:36.795+0800][info] GC(341) Pause Young (Normal) (G1 Evacuation Pause) 84M->85M(128M) 1.296ms
[2024-10-11T04:32:36.795+0800][info] GC(341) User=0.01s Sys=0.00s Real=0.00s
[2024-10-11T04:32:36.898+0800][info] GC(342) Pause Young (Normal) (G1 Evacuation Pause)
[2024-10-11T04:32:36.898+0800][info] GC(342) Using 3 workers of 48 for evacuation
[2024-10-11T04:32:36.899+0800][info] GC(342)   Pre Evacuate Collection Set: 0.1ms
[2024-10-11T04:32:36.899+0800][info] GC(342)   Merge Heap Roots: 0.0ms
[2024-10-11T04:32:36.899+0800][info] GC(342)   Evacuate Collection Set: 0.7ms
[2024-10-11T04:32:36.899+0800][info] GC(342)   Post Evacuate Collection Set: 0.2ms
[2024-10-11T04:32:36.899+0800][info] GC(342)   Other: 0.2ms
[2024-10-11T04:32:36.899+0800][info] GC(342) Eden regions: 2->0(2)
[2024-10-11T04:32:36.899+0800][info] GC(342) Survivor regions: 1->1(1)
[2024-10-11T04:32:36.899+0800][info] GC(342) Old regions: 43->45
[2024-10-11T04:32:36.899+0800][info] GC(342) Archive regions: 2->2
[2024-10-11T04:32:36.899+0800][info] GC(342) Humongous regions: 4->4
[2024-10-11T04:32:36.899+0800][info] GC(342) Metaspace: 1641K(1792K)->1641K(1792K) NonClass: 1517K(1600K)->1517K(1600K) Class: 124K(192K)->124K(192K)
[2024-10-11T04:32:36.899+0800][info] GC(342) Pause Young (Normal) (G1 Evacuation Pause) 88M->89M(128M) 1.265ms
[2024-10-11T04:32:36.899+0800][info] GC(342) User=0.00s Sys=0.00s Real=0.00s
[2024-10-11T04:32:37.001+0800][info] GC(343) Pause Young (Normal) (G1 Evacuation Pause)
[2024-10-11T04:32:37.001+0800][info] GC(343) Using 3 workers of 48 for evacuation
[2024-10-11T04:32:37.002+0800][info] GC(343)   Pre Evacuate Collection Set: 0.1ms
[2024-10-11T04:32:37.002+0800][info] GC(343)   Merge Heap Roots: 0.0ms
[2024-10-11T04:32:37.002+0800][info] GC(343)   Evacuate Collection Set: 0.7ms
[2024-10-11T04:32:37.002+0800][info] GC(343)   Post Evacuate Collection Set: 0.2ms
[2024-10-11T04:32:37.002+0800][info] GC(343)   Other: 0.2ms
[2024-10-11T04:32:37.002+0800][info] GC(343) Eden regions: 2->0(2)
[2024-10-11T04:32:37.002+0800][info] GC(343) Survivor regions: 1->1(1)
[2024-10-11T04:32:37.002+0800][info] GC(343) Old regions: 45->47
[2024-10-11T04:32:37.002+0800][info] GC(343) Archive regions: 2->2
[2024-10-11T04:32:37.002+0800][info] GC(343) Humongous regions: 4->4
[2024-10-11T04:32:37.002+0800][info] GC(343) Metaspace: 1641K(1792K)->1641K(1792K) NonClass: 1517K(1600K)->1517K(1600K) Class: 124K(192K)->124K(192K)
[2024-10-11T04:32:37.002+0800][info] GC(343) Pause Young (Normal) (G1 Evacuation Pause) 92M->93M(128M) 1.236ms
[2024-10-11T04:32:37.002+0800][info] GC(343) User=0.00s Sys=0.00s Real=0.00s
[2024-10-11T04:32:37.104+0800][info] GC(344) Pause Young (Concurrent Start) (G1 Evacuation Pause)
[2024-10-11T04:32:37.105+0800][info] GC(344) Using 3 workers of 48 for evacuation
[2024-10-11T04:32:37.106+0800][info] GC(344)   Pre Evacuate Collection Set: 0.1ms
[2024-10-11T04:32:37.106+0800][info] GC(344)   Merge Heap Roots: 0.0ms
[2024-10-11T04:32:37.106+0800][info] GC(344)   Evacuate Collection Set: 0.8ms
[2024-10-11T04:32:37.106+0800][info] GC(344)   Post Evacuate Collection Set: 0.2ms
[2024-10-11T04:32:37.106+0800][info] GC(344)   Other: 0.3ms
[2024-10-11T04:32:37.106+0800][info] GC(344) Eden regions: 2->0(2)
[2024-10-11T04:32:37.106+0800][info] GC(344) Survivor regions: 1->1(1)
[2024-10-11T04:32:37.106+0800][info] GC(344) Old regions: 47->49
[2024-10-11T04:32:37.106+0800][info] GC(344) Archive regions: 2->2
[2024-10-11T04:32:37.106+0800][info] GC(344) Humongous regions: 4->4
[2024-10-11T04:32:37.106+0800][info] GC(344) Metaspace: 1641K(1792K)->1641K(1792K) NonClass: 1517K(1600K)->1517K(1600K) Class: 124K(192K)->124K(192K)
[2024-10-11T04:32:37.106+0800][info] GC(344) Pause Young (Concurrent Start) (G1 Evacuation Pause) 96M->96M(128M) 1.487ms
[2024-10-11T04:32:37.106+0800][info] GC(344) User=0.00s Sys=0.00s Real=0.01s
[2024-10-11T04:32:37.106+0800][info] GC(345) Concurrent Mark Cycle
[2024-10-11T04:32:37.106+0800][info] GC(345) Concurrent Clear Claimed Marks
[2024-10-11T04:32:37.106+0800][info] GC(345) Concurrent Clear Claimed Marks 0.017ms
[2024-10-11T04:32:37.106+0800][info] GC(345) Concurrent Scan Root Regions
[2024-10-11T04:32:37.106+0800][info] GC(345) Concurrent Scan Root Regions 0.159ms
[2024-10-11T04:32:37.106+0800][info] GC(345) Concurrent Mark
[2024-10-11T04:32:37.106+0800][info] GC(345) Concurrent Mark From Roots
[2024-10-11T04:32:37.106+0800][info] GC(345) Using 12 workers of 12 for marking
[2024-10-11T04:32:37.112+0800][info] GC(345) Concurrent Mark From Roots 5.640ms
[2024-10-11T04:32:37.112+0800][info] GC(345) Concurrent Preclean
[2024-10-11T04:32:37.114+0800][info] GC(345) Concurrent Preclean 1.733ms
[2024-10-11T04:32:37.114+0800][info] GC(345) Pause Remark
[2024-10-11T04:32:37.115+0800][info] GC(345) Pause Remark 97M->95M(128M) 1.423ms
[2024-10-11T04:32:37.115+0800][info] GC(345) User=0.01s Sys=0.00s Real=0.00s
[2024-10-11T04:32:37.115+0800][info] GC(345) Concurrent Mark 9.098ms
[2024-10-11T04:32:37.115+0800][info] GC(345) Concurrent Rebuild Remembered Sets
[2024-10-11T04:32:37.117+0800][info] GC(345) Concurrent Rebuild Remembered Sets 1.486ms
[2024-10-11T04:32:37.117+0800][info] GC(345) Pause Cleanup
[2024-10-11T04:32:37.117+0800][info] GC(345) Pause Cleanup 95M->95M(128M) 0.197ms
[2024-10-11T04:32:37.117+0800][info] GC(345) User=0.00s Sys=0.00s Real=0.00s
[2024-10-11T04:32:37.117+0800][info] GC(345) Concurrent Cleanup for Next Mark
[2024-10-11T04:32:37.118+0800][info] GC(345) Concurrent Cleanup for Next Mark 0.375ms
[2024-10-11T04:32:37.118+0800][info] GC(345) Concurrent Mark Cycle 11.692ms
[2024-10-11T04:32:37.259+0800][info] GC(346) Pause Young (Prepare Mixed) (G1 Evacuation Pause)
[2024-10-11T04:32:37.259+0800][info] GC(346) Using 3 workers of 48 for evacuation
[2024-10-11T04:32:37.260+0800][info] GC(346)   Pre Evacuate Collection Set: 0.1ms
[2024-10-11T04:32:37.260+0800][info] GC(346)   Merge Heap Roots: 0.1ms
[2024-10-11T04:32:37.260+0800][info] GC(346)   Evacuate Collection Set: 0.8ms
[2024-10-11T04:32:37.260+0800][info] GC(346)   Post Evacuate Collection Set: 0.2ms
[2024-10-11T04:32:37.260+0800][info] GC(346)   Other: 0.2ms
[2024-10-11T04:32:37.260+0800][info] GC(346) Eden regions: 2->0(2)
[2024-10-11T04:32:37.260+0800][info] GC(346) Survivor regions: 1->1(1)
[2024-10-11T04:32:37.260+0800][info] GC(346) Old regions: 49->51
[2024-10-11T04:32:37.260+0800][info] GC(346) Archive regions: 2->2
[2024-10-11T04:32:37.260+0800][info] GC(346) Humongous regions: 3->3
[2024-10-11T04:32:37.260+0800][info] GC(346) Metaspace: 1642K(1792K)->1642K(1792K) NonClass: 1518K(1600K)->1518K(1600K) Class: 124K(192K)->124K(192K)
[2024-10-11T04:32:37.260+0800][info] GC(346) Pause Young (Prepare Mixed) (G1 Evacuation Pause) 98M->98M(128M) 1.400ms
[2024-10-11T04:32:37.260+0800][info] GC(346) User=0.00s Sys=0.00s Real=0.00s
[2024-10-11T04:32:37.363+0800][info] GC(347) Pause Young (Mixed) (G1 Preventive Collection)
[2024-10-11T04:32:37.363+0800][info] GC(347) Using 3 workers of 48 for evacuation
[2024-10-11T04:32:37.364+0800][info] GC(347)   Pre Evacuate Collection Set: 0.1ms
[2024-10-11T04:32:37.364+0800][info] GC(347)   Merge Heap Roots: 0.1ms
[2024-10-11T04:32:37.365+0800][info] GC(347)   Evacuate Collection Set: 1.4ms
[2024-10-11T04:32:37.365+0800][info] GC(347)   Post Evacuate Collection Set: 0.2ms
[2024-10-11T04:32:37.365+0800][info] GC(347)   Other: 0.2ms
[2024-10-11T04:32:37.365+0800][info] GC(347) Eden regions: 2->0(2)
[2024-10-11T04:32:37.365+0800][info] GC(347) Survivor regions: 1->1(1)
[2024-10-11T04:32:37.365+0800][info] GC(347) Old regions: 51->48
[2024-10-11T04:32:37.365+0800][info] GC(347) Archive regions: 2->2
[2024-10-11T04:32:37.365+0800][info] GC(347) Humongous regions: 3->3
[2024-10-11T04:32:37.365+0800][info] GC(347) Metaspace: 1643K(1792K)->1643K(1792K) NonClass: 1519K(1600K)->1519K(1600K) Class: 124K(192K)->124K(192K)
[2024-10-11T04:32:37.365+0800][info] GC(347) Pause Young (Mixed) (G1 Preventive Collection) 101M->95M(128M) 2.007ms
[2024-10-11T04:32:37.365+0800][info] GC(347) User=0.01s Sys=0.00s Real=0.00s
[2024-10-11T04:32:37.466+0800][info] GC(348) Pause Young (Mixed) (G1 Evacuation Pause)
[2024-10-11T04:32:37.466+0800][info] GC(348) Using 3 workers of 48 for evacuation
[2024-10-11T04:32:37.468+0800][info] GC(348)   Pre Evacuate Collection Set: 0.1ms
[2024-10-11T04:32:37.469+0800][info] GC(348)   Merge Heap Roots: 0.1ms
[2024-10-11T04:32:37.469+0800][info] GC(348)   Evacuate Collection Set: 1.6ms
[2024-10-11T04:32:37.469+0800][info] GC(348)   Post Evacuate Collection Set: 0.2ms
[2024-10-11T04:32:37.469+0800][info] GC(348)   Other: 0.1ms
[2024-10-11T04:32:37.469+0800][info] GC(348) Eden regions: 2->0(2)
[2024-10-11T04:32:37.469+0800][info] GC(348) Survivor regions: 1->1(1)
[2024-10-11T04:32:37.469+0800][info] GC(348) Old regions: 48->46
[2024-10-11T04:32:37.469+0800][info] GC(348) Archive regions: 2->2
[2024-10-11T04:32:37.469+0800][info] GC(348) Humongous regions: 3->3
[2024-10-11T04:32:37.469+0800][info] GC(348) Metaspace: 1643K(1792K)->1643K(1792K) NonClass: 1519K(1600K)->1519K(1600K) Class: 124K(192K)->124K(192K)
[2024-10-11T04:32:37.469+0800][info] GC(348) Pause Young (Mixed) (G1 Evacuation Pause) 98M->93M(128M) 2.187ms
[2024-10-11T04:32:37.469+0800][info] GC(348) User=0.00s Sys=0.00s Real=0.00s
[2024-10-11T04:32:37.571+0800][info] GC(349) Pause Young (Mixed) (G1 Evacuation Pause)
[2024-10-11T04:32:37.571+0800][info] GC(349) Using 3 workers of 48 for evacuation
[2024-10-11T04:32:37.573+0800][info] GC(349)   Pre Evacuate Collection Set: 0.1ms
[2024-10-11T04:32:37.573+0800][info] GC(349)   Merge Heap Roots: 0.1ms
[2024-10-11T04:32:37.573+0800][info] GC(349)   Evacuate Collection Set: 1.8ms
[2024-10-11T04:32:37.573+0800][info] GC(349)   Post Evacuate Collection Set: 0.2ms
[2024-10-11T04:32:37.573+0800][info] GC(349)   Other: 0.1ms
[2024-10-11T04:32:37.573+0800][info] GC(349) Eden regions: 2->0(2)
[2024-10-11T04:32:37.573+0800][info] GC(349) Survivor regions: 1->1(1)
[2024-10-11T04:32:37.573+0800][info] GC(349) Old regions: 46->45
[2024-10-11T04:32:37.573+0800][info] GC(349) Archive regions: 2->2
[2024-10-11T04:32:37.573+0800][info] GC(349) Humongous regions: 3->3
[2024-10-11T04:32:37.573+0800][info] GC(349) Metaspace: 1643K(1792K)->1643K(1792K) NonClass: 1519K(1600K)->1519K(1600K) Class: 124K(192K)->124K(192K)
[2024-10-11T04:32:37.573+0800][info] GC(349) Pause Young (Mixed) (G1 Evacuation Pause) 97M->93M(128M) 2.412ms
[2024-10-11T04:32:37.573+0800][info] GC(349) User=0.01s Sys=0.00s Real=0.01s
[2024-10-11T04:32:37.675+0800][info] GC(350) Pause Young (Mixed) (G1 Evacuation Pause)
[2024-10-11T04:32:37.675+0800][info] GC(350) Using 3 workers of 48 for evacuation
[2024-10-11T04:32:37.678+0800][info] GC(350)   Pre Evacuate Collection Set: 0.1ms
[2024-10-11T04:32:37.678+0800][info] GC(350)   Merge Heap Roots: 0.1ms
[2024-10-11T04:32:37.678+0800][info] GC(350)   Evacuate Collection Set: 2.0ms
[2024-10-11T04:32:37.678+0800][info] GC(350)   Post Evacuate Collection Set: 0.2ms
[2024-10-11T04:32:37.678+0800][info] GC(350)   Other: 0.1ms
[2024-10-11T04:32:37.678+0800][info] GC(350) Eden regions: 2->0(2)
[2024-10-11T04:32:37.678+0800][info] GC(350) Survivor regions: 1->1(1)
[2024-10-11T04:32:37.678+0800][info] GC(350) Old regions: 45->45
[2024-10-11T04:32:37.678+0800][info] GC(350) Archive regions: 2->2
[2024-10-11T04:32:37.678+0800][info] GC(350) Humongous regions: 3->3
[2024-10-11T04:32:37.678+0800][info] GC(350) Metaspace: 1643K(1792K)->1643K(1792K) NonClass: 1519K(1600K)->1519K(1600K) Class: 124K(192K)->124K(192K)
[2024-10-11T04:32:37.678+0800][info] GC(350) Pause Young (Mixed) (G1 Evacuation Pause) 96M->95M(128M) 2.590ms
[2024-10-11T04:32:37.678+0800][info] GC(350) User=0.00s Sys=0.00s Real=0.00s
[2024-10-11T04:32:37.780+0800][info] GC(351) Pause Young (Normal) (G1 Evacuation Pause)
[2024-10-11T04:32:37.780+0800][info] GC(351) Using 3 workers of 48 for evacuation
[2024-10-11T04:32:37.781+0800][info] GC(351)   Pre Evacuate Collection Set: 0.1ms
[2024-10-11T04:32:37.781+0800][info] GC(351)   Merge Heap Roots: 0.0ms
[2024-10-11T04:32:37.781+0800][info] GC(351)   Evacuate Collection Set: 0.7ms
[2024-10-11T04:32:37.781+0800][info] GC(351)   Post Evacuate Collection Set: 0.2ms
[2024-10-11T04:32:37.781+0800][info] GC(351)   Other: 0.2ms
[2024-10-11T04:32:37.781+0800][info] GC(351) Eden regions: 2->0(2)
[2024-10-11T04:32:37.781+0800][info] GC(351) Survivor regions: 1->1(1)
[2024-10-11T04:32:37.781+0800][info] GC(351) Old regions: 45->47
[2024-10-11T04:32:37.781+0800][info] GC(351) Archive regions: 2->2
[2024-10-11T04:32:37.781+0800][info] GC(351) Humongous regions: 3->3
[2024-10-11T04:32:37.781+0800][info] GC(351) Metaspace: 1643K(1792K)->1643K(1792K) NonClass: 1519K(1600K)->1519K(1600K) Class: 124K(192K)->124K(192K)
[2024-10-11T04:32:37.781+0800][info] GC(351) Pause Young (Normal) (G1 Evacuation Pause) 99M->99M(128M) 1.269ms
[2024-10-11T04:32:37.781+0800][info] GC(351) User=0.00s Sys=0.00s Real=0.00s
[2024-10-11T04:32:37.883+0800][info] GC(352) Pause Young (Normal) (G1 Evacuation Pause)
[2024-10-11T04:32:37.883+0800][info] GC(352) Using 3 workers of 48 for evacuation
[2024-10-11T04:32:37.884+0800][info] GC(352)   Pre Evacuate Collection Set: 0.1ms
[2024-10-11T04:32:37.884+0800][info] GC(352)   Merge Heap Roots: 0.0ms
[2024-10-11T04:32:37.884+0800][info] GC(352)   Evacuate Collection Set: 0.6ms
[2024-10-11T04:32:37.884+0800][info] GC(352)   Post Evacuate Collection Set: 0.2ms
[2024-10-11T04:32:37.884+0800][info] GC(352)   Other: 0.2ms
[2024-10-11T04:32:37.884+0800][info] GC(352) Eden regions: 2->0(2)
[2024-10-11T04:32:37.884+0800][info] GC(352) Survivor regions: 1->1(1)
[2024-10-11T04:32:37.884+0800][info] GC(352) Old regions: 47->49
[2024-10-11T04:32:37.884+0800][info] GC(352) Archive regions: 2->2
[2024-10-11T04:32:37.884+0800][info] GC(352) Humongous regions: 3->3
[2024-10-11T04:32:37.884+0800][info] GC(352) Metaspace: 1643K(1792K)->1643K(1792K) NonClass: 1519K(1600K)->1519K(1600K) Class: 124K(192K)->124K(192K)
[2024-10-11T04:32:37.884+0800][info] GC(352) Pause Young (Normal) (G1 Evacuation Pause) 103M->103M(128M) 1.229ms
[2024-10-11T04:32:37.885+0800][info] GC(352) User=0.00s Sys=0.00s Real=0.00s
[2024-10-11T04:32:37.987+0800][info] GC(353) Pause Young (Concurrent Start) (G1 Evacuation Pause)
[2024-10-11T04:32:37.987+0800][info] GC(353) Using 3 workers of 48 for evacuation
[2024-10-11T04:32:37.988+0800][info] GC(353)   Pre Evacuate Collection Set: 0.1ms
[2024-10-11T04:32:37.988+0800][info] GC(353)   Merge Heap Roots: 0.0ms
[2024-10-11T04:32:37.988+0800][info] GC(353)   Evacuate Collection Set: 0.7ms
[2024-10-11T04:32:37.988+0800][info] GC(353)   Post Evacuate Collection Set: 0.2ms
[2024-10-11T04:32:37.988+0800][info] GC(353)   Other: 0.3ms
[2024-10-11T04:32:37.988+0800][info] GC(353) Eden regions: 2->0(2)
[2024-10-11T04:32:37.988+0800][info] GC(353) Survivor regions: 1->1(1)
[2024-10-11T04:32:37.988+0800][info] GC(353) Old regions: 49->51
[2024-10-11T04:32:37.988+0800][info] GC(353) Archive regions: 2->2
[2024-10-11T04:32:37.988+0800][info] GC(353) Humongous regions: 3->3
[2024-10-11T04:32:37.988+0800][info] GC(353) Metaspace: 1643K(1792K)->1643K(1792K) NonClass: 1519K(1600K)->1519K(1600K) Class: 124K(192K)->124K(192K)
[2024-10-11T04:32:37.988+0800][info] GC(353) Pause Young (Concurrent Start) (G1 Evacuation Pause) 106M->107M(128M) 1.399ms
[2024-10-11T04:32:37.988+0800][info] GC(353) User=0.00s Sys=0.00s Real=0.00s
[2024-10-11T04:32:37.988+0800][info] GC(354) Concurrent Mark Cycle
[2024-10-11T04:32:37.988+0800][info] GC(354) Concurrent Clear Claimed Marks
[2024-10-11T04:32:37.988+0800][info] GC(354) Concurrent Clear Claimed Marks 0.017ms
[2024-10-11T04:32:37.988+0800][info] GC(354) Concurrent Scan Root Regions
[2024-10-11T04:32:37.988+0800][info] GC(354) Concurrent Scan Root Regions 0.109ms
[2024-10-11T04:32:37.988+0800][info] GC(354) Concurrent Mark
[2024-10-11T04:32:37.989+0800][info] GC(354) Concurrent Mark From Roots
[2024-10-11T04:32:37.989+0800][info] GC(354) Using 12 workers of 12 for marking
[2024-10-11T04:32:37.993+0800][info] GC(354) Concurrent Mark From Roots 4.397ms
[2024-10-11T04:32:37.993+0800][info] GC(354) Concurrent Preclean
[2024-10-11T04:32:37.995+0800][info] GC(354) Concurrent Preclean 1.701ms
[2024-10-11T04:32:37.995+0800][info] GC(354) Pause Remark
[2024-10-11T04:32:37.996+0800][info] GC(354) Pause Remark 107M->107M(128M) 1.452ms
[2024-10-11T04:32:37.996+0800][info] GC(354) User=0.01s Sys=0.00s Real=0.00s
[2024-10-11T04:32:37.996+0800][info] GC(354) Concurrent Mark 7.864ms
[2024-10-11T04:32:37.996+0800][info] GC(354) Concurrent Rebuild Remembered Sets
[2024-10-11T04:32:37.998+0800][info] GC(354) Concurrent Rebuild Remembered Sets 1.417ms
[2024-10-11T04:32:37.998+0800][info] GC(354) Pause Cleanup
[2024-10-11T04:32:37.998+0800][info] GC(354) Pause Cleanup 107M->107M(128M) 0.192ms
[2024-10-11T04:32:37.998+0800][info] GC(354) User=0.00s Sys=0.00s Real=0.00s
[2024-10-11T04:32:37.998+0800][info] GC(354) Concurrent Cleanup for Next Mark
[2024-10-11T04:32:37.999+0800][info] GC(354) Concurrent Cleanup for Next Mark 0.450ms
[2024-10-11T04:32:37.999+0800][info] GC(354) Concurrent Mark Cycle 10.389ms
[2024-10-11T04:32:38.141+0800][info] GC(355) Pause Young (Prepare Mixed) (G1 Evacuation Pause)
[2024-10-11T04:32:38.141+0800][info] GC(355) Using 3 workers of 48 for evacuation
[2024-10-11T04:32:38.142+0800][info] GC(355)   Pre Evacuate Collection Set: 0.1ms
[2024-10-11T04:32:38.142+0800][info] GC(355)   Merge Heap Roots: 0.1ms
[2024-10-11T04:32:38.142+0800][info] GC(355)   Evacuate Collection Set: 0.7ms
[2024-10-11T04:32:38.142+0800][info] GC(355)   Post Evacuate Collection Set: 0.2ms
[2024-10-11T04:32:38.142+0800][info] GC(355)   Other: 0.2ms
[2024-10-11T04:32:38.142+0800][info] GC(355) Eden regions: 2->0(2)
[2024-10-11T04:32:38.142+0800][info] GC(355) Survivor regions: 1->1(1)
[2024-10-11T04:32:38.142+0800][info] GC(355) Old regions: 51->53
[2024-10-11T04:32:38.142+0800][info] GC(355) Archive regions: 2->2
[2024-10-11T04:32:38.142+0800][info] GC(355) Humongous regions: 3->3
[2024-10-11T04:32:38.142+0800][info] GC(355) Metaspace: 1643K(1792K)->1643K(1792K) NonClass: 1519K(1600K)->1519K(1600K) Class: 124K(192K)->124K(192K)
[2024-10-11T04:32:38.142+0800][info] GC(355) Pause Young (Prepare Mixed) (G1 Evacuation Pause) 110M->110M(128M) 1.389ms
[2024-10-11T04:32:38.143+0800][info] GC(355) User=0.00s Sys=0.00s Real=0.00s
[2024-10-11T04:32:38.204+0800][info] GC(356) Pause Young (Mixed) (G1 Preventive Collection)
[2024-10-11T04:32:38.204+0800][info] GC(356) Using 3 workers of 48 for evacuation
[2024-10-11T04:32:38.206+0800][info] GC(356)   Pre Evacuate Collection Set: 0.1ms
[2024-10-11T04:32:38.206+0800][info] GC(356)   Merge Heap Roots: 0.1ms
[2024-10-11T04:32:38.206+0800][info] GC(356)   Evacuate Collection Set: 1.1ms
[2024-10-11T04:32:38.206+0800][info] GC(356)   Post Evacuate Collection Set: 0.2ms
[2024-10-11T04:32:38.206+0800][info] GC(356)   Other: 0.2ms
[2024-10-11T04:32:38.206+0800][info] GC(356) Eden regions: 1->0(2)
[2024-10-11T04:32:38.206+0800][info] GC(356) Survivor regions: 1->1(1)
[2024-10-11T04:32:38.206+0800][info] GC(356) Old regions: 53->49
[2024-10-11T04:32:38.206+0800][info] GC(356) Archive regions: 2->2
[2024-10-11T04:32:38.206+0800][info] GC(356) Humongous regions: 3->3
[2024-10-11T04:32:38.206+0800][info] GC(356) Metaspace: 1643K(1792K)->1643K(1792K) NonClass: 1519K(1600K)->1519K(1600K) Class: 124K(192K)->124K(192K)
[2024-10-11T04:32:38.206+0800][info] GC(356) Pause Young (Mixed) (G1 Preventive Collection) 111M->102M(128M) 1.706ms
[2024-10-11T04:32:38.206+0800][info] GC(356) User=0.00s Sys=0.00s Real=0.01s
[2024-10-11T04:32:38.308+0800][info] GC(357) Pause Young (Mixed) (G1 Evacuation Pause)
[2024-10-11T04:32:38.308+0800][info] GC(357) Using 3 workers of 48 for evacuation
[2024-10-11T04:32:38.310+0800][info] GC(357)   Pre Evacuate Collection Set: 0.1ms
[2024-10-11T04:32:38.310+0800][info] GC(357)   Merge Heap Roots: 0.1ms
[2024-10-11T04:32:38.310+0800][info] GC(357)   Evacuate Collection Set: 1.8ms
[2024-10-11T04:32:38.310+0800][info] GC(357)   Post Evacuate Collection Set: 0.2ms
[2024-10-11T04:32:38.310+0800][info] GC(357)   Other: 0.1ms
[2024-10-11T04:32:38.310+0800][info] GC(357) Eden regions: 2->0(2)
[2024-10-11T04:32:38.310+0800][info] GC(357) Survivor regions: 1->1(1)
[2024-10-11T04:32:38.310+0800][info] GC(357) Old regions: 49->47
[2024-10-11T04:32:38.310+0800][info] GC(357) Archive regions: 2->2
[2024-10-11T04:32:38.310+0800][info] GC(357) Humongous regions: 3->3
[2024-10-11T04:32:38.310+0800][info] GC(357) Metaspace: 1643K(1792K)->1643K(1792K) NonClass: 1519K(1600K)->1519K(1600K) Class: 124K(192K)->124K(192K)
[2024-10-11T04:32:38.310+0800][info] GC(357) Pause Young (Mixed) (G1 Evacuation Pause) 106M->100M(128M) 2.400ms
[2024-10-11T04:32:38.310+0800][info] GC(357) User=0.01s Sys=0.00s Real=0.00s
[2024-10-11T04:32:38.412+0800][info] GC(358) Pause Young (Mixed) (G1 Evacuation Pause)
[2024-10-11T04:32:38.412+0800][info] GC(358) Using 3 workers of 48 for evacuation
[2024-10-11T04:32:38.415+0800][info] GC(358)   Pre Evacuate Collection Set: 0.1ms
[2024-10-11T04:32:38.415+0800][info] GC(358)   Merge Heap Roots: 0.1ms
[2024-10-11T04:32:38.415+0800][info] GC(358)   Evacuate Collection Set: 2.1ms
[2024-10-11T04:32:38.415+0800][info] GC(358)   Post Evacuate Collection Set: 0.2ms
[2024-10-11T04:32:38.415+0800][info] GC(358)   Other: 0.1ms
[2024-10-11T04:32:38.415+0800][info] GC(358) Eden regions: 2->0(2)
[2024-10-11T04:32:38.415+0800][info] GC(358) Survivor regions: 1->1(1)
[2024-10-11T04:32:38.415+0800][info] GC(358) Old regions: 47->46
[2024-10-11T04:32:38.415+0800][info] GC(358) Archive regions: 2->2
[2024-10-11T04:32:38.415+0800][info] GC(358) Humongous regions: 3->3
[2024-10-11T04:32:38.415+0800][info] GC(358) Metaspace: 1643K(1792K)->1643K(1792K) NonClass: 1519K(1600K)->1519K(1600K) Class: 124K(192K)->124K(192K)
[2024-10-11T04:32:38.415+0800][info] GC(358) Pause Young (Mixed) (G1 Evacuation Pause) 104M->98M(128M) 2.816ms
[2024-10-11T04:32:38.415+0800][info] GC(358) User=0.01s Sys=0.00s Real=0.01s
[2024-10-11T04:32:38.517+0800][info] GC(359) Pause Young (Mixed) (G1 Evacuation Pause)
[2024-10-11T04:32:38.517+0800][info] GC(359) Using 3 workers of 48 for evacuation
[2024-10-11T04:32:38.520+0800][info] GC(359)   Pre Evacuate Collection Set: 0.1ms
[2024-10-11T04:32:38.520+0800][info] GC(359)   Merge Heap Roots: 0.1ms
[2024-10-11T04:32:38.520+0800][info] GC(359)   Evacuate Collection Set: 2.1ms
[2024-10-11T04:32:38.520+0800][info] GC(359)   Post Evacuate Collection Set: 0.2ms
[2024-10-11T04:32:38.520+0800][info] GC(359)   Other: 0.1ms
[2024-10-11T04:32:38.520+0800][info] GC(359) Eden regions: 2->0(2)
[2024-10-11T04:32:38.520+0800][info] GC(359) Survivor regions: 1->1(1)
[2024-10-11T04:32:38.520+0800][info] GC(359) Old regions: 46->46
[2024-10-11T04:32:38.520+0800][info] GC(359) Archive regions: 2->2
[2024-10-11T04:32:38.520+0800][info] GC(359) Humongous regions: 3->3
[2024-10-11T04:32:38.520+0800][info] GC(359) Metaspace: 1643K(1792K)->1643K(1792K) NonClass: 1519K(1600K)->1519K(1600K) Class: 124K(192K)->124K(192K)
[2024-10-11T04:32:38.520+0800][info] GC(359) Pause Young (Mixed) (G1 Evacuation Pause) 102M->98M(128M) 2.714ms
[2024-10-11T04:32:38.520+0800][info] GC(359) User=0.01s Sys=0.00s Real=0.00s
[2024-10-11T04:32:38.622+0800][info] GC(360) Pause Young (Mixed) (G1 Evacuation Pause)
[2024-10-11T04:32:38.622+0800][info] GC(360) Using 3 workers of 48 for evacuation
[2024-10-11T04:32:38.624+0800][info] GC(360)   Pre Evacuate Collection Set: 0.1ms
[2024-10-11T04:32:38.624+0800][info] GC(360)   Merge Heap Roots: 0.1ms
[2024-10-11T04:32:38.624+0800][info] GC(360)   Evacuate Collection Set: 1.1ms
[2024-10-11T04:32:38.624+0800][info] GC(360)   Post Evacuate Collection Set: 0.2ms
[2024-10-11T04:32:38.624+0800][info] GC(360)   Other: 0.1ms
[2024-10-11T04:32:38.624+0800][info] GC(360) Eden regions: 2->0(2)
[2024-10-11T04:32:38.624+0800][info] GC(360) Survivor regions: 1->1(1)
[2024-10-11T04:32:38.624+0800][info] GC(360) Old regions: 46->47
[2024-10-11T04:32:38.624+0800][info] GC(360) Archive regions: 2->2
[2024-10-11T04:32:38.624+0800][info] GC(360) Humongous regions: 3->3
[2024-10-11T04:32:38.624+0800][info] GC(360) Metaspace: 1643K(1792K)->1643K(1792K) NonClass: 1519K(1600K)->1519K(1600K) Class: 124K(192K)->124K(192K)
[2024-10-11T04:32:38.624+0800][info] GC(360) Pause Young (Mixed) (G1 Evacuation Pause) 102M->101M(128M) 1.660ms
[2024-10-11T04:32:38.624+0800][info] GC(360) User=0.00s Sys=0.00s Real=0.00s
[2024-10-11T04:32:38.726+0800][info] GC(361) Pause Young (Normal) (G1 Evacuation Pause)
[2024-10-11T04:32:38.726+0800][info] GC(361) Using 3 workers of 48 for evacuation
[2024-10-11T04:32:38.727+0800][info] GC(361)   Pre Evacuate Collection Set: 0.1ms
[2024-10-11T04:32:38.727+0800][info] GC(361)   Merge Heap Roots: 0.0ms
[2024-10-11T04:32:38.727+0800][info] GC(361)   Evacuate Collection Set: 0.7ms
[2024-10-11T04:32:38.727+0800][info] GC(361)   Post Evacuate Collection Set: 0.2ms
[2024-10-11T04:32:38.727+0800][info] GC(361)   Other: 0.2ms
[2024-10-11T04:32:38.727+0800][info] GC(361) Eden regions: 2->0(2)
[2024-10-11T04:32:38.727+0800][info] GC(361) Survivor regions: 1->1(1)
[2024-10-11T04:32:38.727+0800][info] GC(361) Old regions: 47->49
[2024-10-11T04:32:38.727+0800][info] GC(361) Archive regions: 2->2
[2024-10-11T04:32:38.727+0800][info] GC(361) Humongous regions: 3->3
[2024-10-11T04:32:38.727+0800][info] GC(361) Metaspace: 1643K(1792K)->1643K(1792K) NonClass: 1519K(1600K)->1519K(1600K) Class: 124K(192K)->124K(192K)
[2024-10-11T04:32:38.727+0800][info] GC(361) Pause Young (Normal) (G1 Evacuation Pause) 105M->104M(128M) 1.283ms
[2024-10-11T04:32:38.727+0800][info] GC(361) User=0.01s Sys=0.00s Real=0.00s
[2024-10-11T04:32:38.768+0800][info] GC(362) Pause Young (Concurrent Start) (G1 Humongous Allocation)
[2024-10-11T04:32:38.768+0800][info] GC(362) Using 3 workers of 48 for evacuation
[2024-10-11T04:32:38.769+0800][info] GC(362)   Pre Evacuate Collection Set: 0.1ms
[2024-10-11T04:32:38.769+0800][info] GC(362)   Merge Heap Roots: 0.0ms
[2024-10-11T04:32:38.769+0800][info] GC(362)   Evacuate Collection Set: 0.5ms
[2024-10-11T04:32:38.769+0800][info] GC(362)   Post Evacuate Collection Set: 0.2ms
[2024-10-11T04:32:38.769+0800][info] GC(362)   Other: 0.3ms
[2024-10-11T04:32:38.769+0800][info] GC(362) Eden regions: 1->0(2)
[2024-10-11T04:32:38.769+0800][info] GC(362) Survivor regions: 1->1(1)
[2024-10-11T04:32:38.769+0800][info] GC(362) Old regions: 49->50
[2024-10-11T04:32:38.769+0800][info] GC(362) Archive regions: 2->2
[2024-10-11T04:32:38.769+0800][info] GC(362) Humongous regions: 3->3
[2024-10-11T04:32:38.769+0800][info] GC(362) Metaspace: 1643K(1792K)->1643K(1792K) NonClass: 1519K(1600K)->1519K(1600K) Class: 124K(192K)->124K(192K)
[2024-10-11T04:32:38.769+0800][info] GC(362) Pause Young (Concurrent Start) (G1 Humongous Allocation) 106M->106M(128M) 1.281ms
[2024-10-11T04:32:38.769+0800][info] GC(362) User=0.00s Sys=0.00s Real=0.00s
[2024-10-11T04:32:38.769+0800][info] GC(363) Concurrent Mark Cycle
[2024-10-11T04:32:38.769+0800][info] GC(363) Concurrent Clear Claimed Marks
[2024-10-11T04:32:38.769+0800][info] GC(363) Concurrent Clear Claimed Marks 0.017ms
[2024-10-11T04:32:38.769+0800][info] GC(363) Concurrent Scan Root Regions
[2024-10-11T04:32:38.770+0800][info] GC(363) Concurrent Scan Root Regions 0.150ms
[2024-10-11T04:32:38.770+0800][info] GC(363) Concurrent Mark
[2024-10-11T04:32:38.770+0800][info] GC(363) Concurrent Mark From Roots
[2024-10-11T04:32:38.770+0800][info] GC(363) Using 12 workers of 12 for marking
[2024-10-11T04:32:38.774+0800][info] GC(363) Concurrent Mark From Roots 4.259ms
[2024-10-11T04:32:38.774+0800][info] GC(363) Concurrent Preclean
[2024-10-11T04:32:38.776+0800][info] GC(363) Concurrent Preclean 1.691ms
[2024-10-11T04:32:38.776+0800][info] GC(363) Pause Remark
[2024-10-11T04:32:38.777+0800][info] GC(363) Pause Remark 108M->108M(128M) 1.363ms
[2024-10-11T04:32:38.777+0800][info] GC(363) User=0.00s Sys=0.00s Real=0.00s
[2024-10-11T04:32:38.777+0800][info] GC(363) Concurrent Mark 7.529ms
[2024-10-11T04:32:38.777+0800][info] GC(363) Concurrent Rebuild Remembered Sets
[2024-10-11T04:32:38.779+0800][info] GC(363) Concurrent Rebuild Remembered Sets 1.436ms
[2024-10-11T04:32:38.779+0800][info] GC(363) Pause Cleanup
[2024-10-11T04:32:38.779+0800][info] GC(363) Pause Cleanup 108M->108M(128M) 0.196ms
[2024-10-11T04:32:38.779+0800][info] GC(363) User=0.00s Sys=0.00s Real=0.00s
[2024-10-11T04:32:38.779+0800][info] GC(363) Concurrent Cleanup for Next Mark
[2024-10-11T04:32:38.779+0800][info] GC(363) Concurrent Cleanup for Next Mark 0.357ms
[2024-10-11T04:32:38.779+0800][info] GC(363) Concurrent Mark Cycle 10.096ms
[2024-10-11T04:32:38.943+0800][info] GC(364) Pause Young (Prepare Mixed) (G1 Evacuation Pause)
[2024-10-11T04:32:38.943+0800][info] GC(364) Using 3 workers of 48 for evacuation
[2024-10-11T04:32:38.944+0800][info] GC(364)   Pre Evacuate Collection Set: 0.1ms
[2024-10-11T04:32:38.944+0800][info] GC(364)   Merge Heap Roots: 0.1ms
[2024-10-11T04:32:38.944+0800][info] GC(364)   Evacuate Collection Set: 0.8ms
[2024-10-11T04:32:38.945+0800][info] GC(364)   Post Evacuate Collection Set: 0.2ms
[2024-10-11T04:32:38.945+0800][info] GC(364)   Other: 0.2ms
[2024-10-11T04:32:38.945+0800][info] GC(364) Eden regions: 2->0(2)
[2024-10-11T04:32:38.945+0800][info] GC(364) Survivor regions: 1->1(1)
[2024-10-11T04:32:38.945+0800][info] GC(364) Old regions: 50->52
[2024-10-11T04:32:38.945+0800][info] GC(364) Archive regions: 2->2
[2024-10-11T04:32:38.945+0800][info] GC(364) Humongous regions: 4->3
[2024-10-11T04:32:38.945+0800][info] GC(364) Metaspace: 1652K(1856K)->1652K(1856K) NonClass: 1528K(1664K)->1528K(1664K) Class: 124K(192K)->124K(192K)
[2024-10-11T04:32:38.945+0800][info] GC(364) Pause Young (Prepare Mixed) (G1 Evacuation Pause) 112M->111M(128M) 1.461ms
[2024-10-11T04:32:38.945+0800][info] GC(364) User=0.01s Sys=0.00s Real=0.00s
[2024-10-11T04:32:39.006+0800][info] GC(365) Pause Young (Mixed) (G1 Preventive Collection)
[2024-10-11T04:32:39.006+0800][info] GC(365) Using 3 workers of 48 for evacuation
[2024-10-11T04:32:39.008+0800][info] GC(365)   Pre Evacuate Collection Set: 0.1ms
[2024-10-11T04:32:39.008+0800][info] GC(365)   Merge Heap Roots: 0.1ms
[2024-10-11T04:32:39.008+0800][info] GC(365)   Evacuate Collection Set: 1.3ms
[2024-10-11T04:32:39.008+0800][info] GC(365)   Post Evacuate Collection Set: 0.2ms
[2024-10-11T04:32:39.008+0800][info] GC(365)   Other: 0.2ms
[2024-10-11T04:32:39.008+0800][info] GC(365) Eden regions: 1->0(2)
[2024-10-11T04:32:39.008+0800][info] GC(365) Survivor regions: 1->1(1)
[2024-10-11T04:32:39.008+0800][info] GC(365) Old regions: 52->48
[2024-10-11T04:32:39.008+0800][info] GC(365) Archive regions: 2->2
[2024-10-11T04:32:39.008+0800][info] GC(365) Humongous regions: 3->3
[2024-10-11T04:32:39.008+0800][info] GC(365) Metaspace: 1652K(1856K)->1652K(1856K) NonClass: 1528K(1664K)->1528K(1664K) Class: 124K(192K)->124K(192K)
[2024-10-11T04:32:39.008+0800][info] GC(365) Pause Young (Mixed) (G1 Preventive Collection) 113M->102M(128M) 1.989ms
[2024-10-11T04:32:39.008+0800][info] GC(365) User=0.00s Sys=0.00s Real=0.00s
[2024-10-11T04:32:39.110+0800][info] GC(366) Pause Young (Mixed) (G1 Evacuation Pause)
[2024-10-11T04:32:39.110+0800][info] GC(366) Using 3 workers of 48 for evacuation
[2024-10-11T04:32:39.113+0800][info] GC(366)   Pre Evacuate Collection Set: 0.1ms
[2024-10-11T04:32:39.113+0800][info] GC(366)   Merge Heap Roots: 0.1ms
[2024-10-11T04:32:39.113+0800][info] GC(366)   Evacuate Collection Set: 1.8ms
[2024-10-11T04:32:39.113+0800][info] GC(366)   Post Evacuate Collection Set: 0.2ms
[2024-10-11T04:32:39.113+0800][info] GC(366)   Other: 0.1ms
[2024-10-11T04:32:39.113+0800][info] GC(366) Eden regions: 2->0(2)
[2024-10-11T04:32:39.113+0800][info] GC(366) Survivor regions: 1->1(1)
[2024-10-11T04:32:39.113+0800][info] GC(366) Old regions: 48->46
[2024-10-11T04:32:39.113+0800][info] GC(366) Archive regions: 2->2
[2024-10-11T04:32:39.113+0800][info] GC(366) Humongous regions: 3->3
[2024-10-11T04:32:39.113+0800][info] GC(366) Metaspace: 1652K(1856K)->1652K(1856K) NonClass: 1528K(1664K)->1528K(1664K) Class: 124K(192K)->124K(192K)
[2024-10-11T04:32:39.113+0800][info] GC(366) Pause Young (Mixed) (G1 Evacuation Pause) 106M->100M(128M) 2.439ms
[2024-10-11T04:32:39.113+0800][info] GC(366) User=0.01s Sys=0.00s Real=0.00s
[2024-10-11T04:32:39.215+0800][info] GC(367) Pause Young (Mixed) (G1 Evacuation Pause)
[2024-10-11T04:32:39.215+0800][info] GC(367) Using 3 workers of 48 for evacuation
[2024-10-11T04:32:39.217+0800][info] GC(367)   Pre Evacuate Collection Set: 0.1ms
[2024-10-11T04:32:39.217+0800][info] GC(367)   Merge Heap Roots: 0.1ms
[2024-10-11T04:32:39.217+0800][info] GC(367)   Evacuate Collection Set: 1.9ms
[2024-10-11T04:32:39.217+0800][info] GC(367)   Post Evacuate Collection Set: 0.2ms
[2024-10-11T04:32:39.217+0800][info] GC(367)   Other: 0.1ms
[2024-10-11T04:32:39.217+0800][info] GC(367) Eden regions: 2->0(2)
[2024-10-11T04:32:39.217+0800][info] GC(367) Survivor regions: 1->1(1)
[2024-10-11T04:32:39.217+0800][info] GC(367) Old regions: 46->46
[2024-10-11T04:32:39.217+0800][info] GC(367) Archive regions: 2->2
[2024-10-11T04:32:39.217+0800][info] GC(367) Humongous regions: 3->3
[2024-10-11T04:32:39.217+0800][info] GC(367) Metaspace: 1652K(1856K)->1652K(1856K) NonClass: 1528K(1664K)->1528K(1664K) Class: 124K(192K)->124K(192K)
[2024-10-11T04:32:39.217+0800][info] GC(367) Pause Young (Mixed) (G1 Evacuation Pause) 103M->99M(128M) 2.533ms
[2024-10-11T04:32:39.217+0800][info] GC(367) User=0.01s Sys=0.00s Real=0.00s
[2024-10-11T04:32:39.320+0800][info] GC(368) Pause Young (Mixed) (G1 Evacuation Pause)
[2024-10-11T04:32:39.320+0800][info] GC(368) Using 3 workers of 48 for evacuation
[2024-10-11T04:32:39.322+0800][info] GC(368)   Pre Evacuate Collection Set: 0.1ms
[2024-10-11T04:32:39.322+0800][info] GC(368)   Merge Heap Roots: 0.1ms
[2024-10-11T04:32:39.322+0800][info] GC(368)   Evacuate Collection Set: 1.8ms
[2024-10-11T04:32:39.322+0800][info] GC(368)   Post Evacuate Collection Set: 0.2ms
[2024-10-11T04:32:39.322+0800][info] GC(368)   Other: 0.1ms
[2024-10-11T04:32:39.322+0800][info] GC(368) Eden regions: 2->0(2)
[2024-10-11T04:32:39.322+0800][info] GC(368) Survivor regions: 1->1(1)
[2024-10-11T04:32:39.322+0800][info] GC(368) Old regions: 46->46
[2024-10-11T04:32:39.322+0800][info] GC(368) Archive regions: 2->2
[2024-10-11T04:32:39.322+0800][info] GC(368) Humongous regions: 3->3
[2024-10-11T04:32:39.322+0800][info] GC(368) Metaspace: 1652K(1856K)->1652K(1856K) NonClass: 1528K(1664K)->1528K(1664K) Class: 124K(192K)->124K(192K)
[2024-10-11T04:32:39.322+0800][info] GC(368) Pause Young (Mixed) (G1 Evacuation Pause) 103M->100M(128M) 2.430ms
[2024-10-11T04:32:39.322+0800][info] GC(368) User=0.01s Sys=0.00s Real=0.00s
[2024-10-11T04:32:39.424+0800][info] GC(369) Pause Young (Normal) (G1 Evacuation Pause)
[2024-10-11T04:32:39.424+0800][info] GC(369) Using 3 workers of 48 for evacuation
[2024-10-11T04:32:39.425+0800][info] GC(369)   Pre Evacuate Collection Set: 0.1ms
[2024-10-11T04:32:39.425+0800][info] GC(369)   Merge Heap Roots: 0.0ms
[2024-10-11T04:32:39.425+0800][info] GC(369)   Evacuate Collection Set: 0.8ms
[2024-10-11T04:32:39.425+0800][info] GC(369)   Post Evacuate Collection Set: 0.2ms
[2024-10-11T04:32:39.425+0800][info] GC(369)   Other: 0.2ms
[2024-10-11T04:32:39.425+0800][info] GC(369) Eden regions: 2->0(2)
[2024-10-11T04:32:39.425+0800][info] GC(369) Survivor regions: 1->1(1)
[2024-10-11T04:32:39.425+0800][info] GC(369) Old regions: 46->48
[2024-10-11T04:32:39.425+0800][info] GC(369) Archive regions: 2->2
[2024-10-11T04:32:39.425+0800][info] GC(369) Humongous regions: 3->3
[2024-10-11T04:32:39.425+0800][info] GC(369) Metaspace: 1652K(1856K)->1652K(1856K) NonClass: 1528K(1664K)->1528K(1664K) Class: 124K(192K)->124K(192K)
[2024-10-11T04:32:39.426+0800][info] GC(369) Pause Young (Normal) (G1 Evacuation Pause) 103M->103M(128M) 1.468ms
[2024-10-11T04:32:39.426+0800][info] GC(369) User=0.00s Sys=0.01s Real=0.01s
[2024-10-11T04:32:39.528+0800][info] GC(370) Pause Young (Normal) (G1 Evacuation Pause)
[2024-10-11T04:32:39.528+0800][info] GC(370) Using 3 workers of 48 for evacuation
[2024-10-11T04:32:39.529+0800][info] GC(370)   Pre Evacuate Collection Set: 0.1ms
[2024-10-11T04:32:39.529+0800][info] GC(370)   Merge Heap Roots: 0.0ms
[2024-10-11T04:32:39.529+0800][info] GC(370)   Evacuate Collection Set: 0.7ms
[2024-10-11T04:32:39.529+0800][info] GC(370)   Post Evacuate Collection Set: 0.2ms
[2024-10-11T04:32:39.529+0800][info] GC(370)   Other: 0.2ms
[2024-10-11T04:32:39.529+0800][info] GC(370) Eden regions: 2->0(2)
[2024-10-11T04:32:39.529+0800][info] GC(370) Survivor regions: 1->1(1)
[2024-10-11T04:32:39.529+0800][info] GC(370) Old regions: 48->50
[2024-10-11T04:32:39.529+0800][info] GC(370) Archive regions: 2->2
[2024-10-11T04:32:39.529+0800][info] GC(370) Humongous regions: 3->3
[2024-10-11T04:32:39.529+0800][info] GC(370) Metaspace: 1652K(1856K)->1652K(1856K) NonClass: 1528K(1664K)->1528K(1664K) Class: 124K(192K)->124K(192K)
[2024-10-11T04:32:39.529+0800][info] GC(370) Pause Young (Normal) (G1 Evacuation Pause) 107M->107M(128M) 1.289ms
[2024-10-11T04:32:39.529+0800][info] GC(370) User=0.01s Sys=0.00s Real=0.00s
[2024-10-11T04:32:39.631+0800][info] GC(371) Pause Young (Concurrent Start) (G1 Evacuation Pause)
[2024-10-11T04:32:39.631+0800][info] GC(371) Using 3 workers of 48 for evacuation
[2024-10-11T04:32:39.632+0800][info] GC(371)   Pre Evacuate Collection Set: 0.1ms
[2024-10-11T04:32:39.632+0800][info] GC(371)   Merge Heap Roots: 0.0ms
[2024-10-11T04:32:39.632+0800][info] GC(371)   Evacuate Collection Set: 0.7ms
[2024-10-11T04:32:39.632+0800][info] GC(371)   Post Evacuate Collection Set: 0.2ms
[2024-10-11T04:32:39.632+0800][info] GC(371)   Other: 0.4ms
[2024-10-11T04:32:39.632+0800][info] GC(371) Eden regions: 2->0(2)
[2024-10-11T04:32:39.632+0800][info] GC(371) Survivor regions: 1->1(1)
[2024-10-11T04:32:39.632+0800][info] GC(371) Old regions: 50->52
[2024-10-11T04:32:39.632+0800][info] GC(371) Archive regions: 2->2
[2024-10-11T04:32:39.632+0800][info] GC(371) Humongous regions: 3->3
[2024-10-11T04:32:39.632+0800][info] GC(371) Metaspace: 1652K(1856K)->1652K(1856K) NonClass: 1528K(1664K)->1528K(1664K) Class: 124K(192K)->124K(192K)
[2024-10-11T04:32:39.632+0800][info] GC(371) Pause Young (Concurrent Start) (G1 Evacuation Pause) 111M->111M(128M) 1.460ms
[2024-10-11T04:32:39.632+0800][info] GC(371) User=0.00s Sys=0.00s Real=0.00s
[2024-10-11T04:32:39.633+0800][info] GC(372) Concurrent Mark Cycle
[2024-10-11T04:32:39.633+0800][info] GC(372) Concurrent Clear Claimed Marks
[2024-10-11T04:32:39.633+0800][info] GC(372) Concurrent Clear Claimed Marks 0.017ms
[2024-10-11T04:32:39.633+0800][info] GC(372) Concurrent Scan Root Regions
[2024-10-11T04:32:39.633+0800][info] GC(372) Concurrent Scan Root Regions 0.156ms
[2024-10-11T04:32:39.633+0800][info] GC(372) Concurrent Mark
[2024-10-11T04:32:39.633+0800][info] GC(372) Concurrent Mark From Roots
[2024-10-11T04:32:39.633+0800][info] GC(372) Using 12 workers of 12 for marking
[2024-10-11T04:32:39.639+0800][info] GC(372) Concurrent Mark From Roots 5.724ms
[2024-10-11T04:32:39.639+0800][info] GC(372) Concurrent Preclean
[2024-10-11T04:32:39.640+0800][info] GC(372) Concurrent Preclean 1.689ms
[2024-10-11T04:32:39.640+0800][info] GC(372) Pause Remark
[2024-10-11T04:32:39.642+0800][info] GC(372) Pause Remark 111M->111M(128M) 1.475ms
[2024-10-11T04:32:39.642+0800][info] GC(372) User=0.01s Sys=0.00s Real=0.00s
[2024-10-11T04:32:39.642+0800][info] GC(372) Concurrent Mark 9.205ms
[2024-10-11T04:32:39.642+0800][info] GC(372) Concurrent Rebuild Remembered Sets
[2024-10-11T04:32:39.644+0800][info] GC(372) Concurrent Rebuild Remembered Sets 1.467ms
[2024-10-11T04:32:39.644+0800][info] GC(372) Pause Cleanup
[2024-10-11T04:32:39.644+0800][info] GC(372) Pause Cleanup 111M->111M(128M) 0.196ms
[2024-10-11T04:32:39.644+0800][info] GC(372) User=0.00s Sys=0.00s Real=0.00s
[2024-10-11T04:32:39.644+0800][info] GC(372) Concurrent Cleanup for Next Mark
[2024-10-11T04:32:39.644+0800][info] GC(372) Concurrent Cleanup for Next Mark 0.421ms
[2024-10-11T04:32:39.644+0800][info] GC(372) Concurrent Mark Cycle 11.802ms
[2024-10-11T04:32:39.786+0800][info] GC(373) Pause Young (Prepare Mixed) (G1 Preventive Collection)
[2024-10-11T04:32:39.786+0800][info] GC(373) Using 3 workers of 48 for evacuation
[2024-10-11T04:32:39.787+0800][info] GC(373)   Pre Evacuate Collection Set: 0.1ms
[2024-10-11T04:32:39.787+0800][info] GC(373)   Merge Heap Roots: 0.1ms
[2024-10-11T04:32:39.787+0800][info] GC(373)   Evacuate Collection Set: 0.8ms
[2024-10-11T04:32:39.787+0800][info] GC(373)   Post Evacuate Collection Set: 0.2ms
[2024-10-11T04:32:39.787+0800][info] GC(373)   Other: 0.2ms
[2024-10-11T04:32:39.787+0800][info] GC(373) Eden regions: 2->0(2)
[2024-10-11T04:32:39.787+0800][info] GC(373) Survivor regions: 1->1(1)
[2024-10-11T04:32:39.787+0800][info] GC(373) Old regions: 52->54
[2024-10-11T04:32:39.787+0800][info] GC(373) Archive regions: 2->2
[2024-10-11T04:32:39.787+0800][info] GC(373) Humongous regions: 3->3
[2024-10-11T04:32:39.787+0800][info] GC(373) Metaspace: 1653K(1856K)->1653K(1856K) NonClass: 1529K(1664K)->1529K(1664K) Class: 124K(192K)->124K(192K)
[2024-10-11T04:32:39.787+0800][info] GC(373) Pause Young (Prepare Mixed) (G1 Preventive Collection) 114M->115M(128M) 1.443ms
[2024-10-11T04:32:39.787+0800][info] GC(373) User=0.00s Sys=0.00s Real=0.00s
[2024-10-11T04:32:39.848+0800][info] GC(374) Pause Young (Mixed) (G1 Preventive Collection)
[2024-10-11T04:32:39.849+0800][info] GC(374) Using 3 workers of 48 for evacuation
[2024-10-11T04:32:39.850+0800][info] GC(374) To-space exhausted
[2024-10-11T04:32:39.850+0800][info] GC(374)   Pre Evacuate Collection Set: 0.1ms
[2024-10-11T04:32:39.850+0800][info] GC(374)   Merge Heap Roots: 0.0ms
[2024-10-11T04:32:39.850+0800][info] GC(374)   Evacuate Collection Set: 0.9ms
[2024-10-11T04:32:39.850+0800][info] GC(374)   Post Evacuate Collection Set: 0.2ms
[2024-10-11T04:32:39.850+0800][info] GC(374)   Other: 0.2ms
[2024-10-11T04:32:39.850+0800][info] GC(374) Eden regions: 1->0(2)
[2024-10-11T04:32:39.850+0800][info] GC(374) Survivor regions: 1->1(1)
[2024-10-11T04:32:39.850+0800][info] GC(374) Old regions: 54->52
[2024-10-11T04:32:39.850+0800][info] GC(374) Archive regions: 2->2
[2024-10-11T04:32:39.850+0800][info] GC(374) Humongous regions: 3->3
[2024-10-11T04:32:39.850+0800][info] GC(374) Metaspace: 1653K(1856K)->1653K(1856K) NonClass: 1529K(1664K)->1529K(1664K) Class: 124K(192K)->124K(192K)
[2024-10-11T04:32:39.850+0800][info] GC(374) Pause Young (Mixed) (G1 Preventive Collection) 117M->112M(128M) 1.579ms
[2024-10-11T04:32:39.850+0800][info] GC(374) User=0.00s Sys=0.00s Real=0.00s
[2024-10-11T04:32:39.891+0800][info] GC(375) Pause Young (Mixed) (G1 Preventive Collection)
[2024-10-11T04:32:39.891+0800][info] GC(375) Using 3 workers of 48 for evacuation
[2024-10-11T04:32:39.893+0800][info] GC(375) To-space exhausted
[2024-10-11T04:32:39.893+0800][info] GC(375)   Pre Evacuate Collection Set: 0.1ms
[2024-10-11T04:32:39.893+0800][info] GC(375)   Merge Heap Roots: 0.1ms
[2024-10-11T04:32:39.893+0800][info] GC(375)   Evacuate Collection Set: 1.5ms
[2024-10-11T04:32:39.893+0800][info] GC(375)   Post Evacuate Collection Set: 0.2ms
[2024-10-11T04:32:39.893+0800][info] GC(375)   Other: 0.1ms
[2024-10-11T04:32:39.893+0800][info] GC(375) Eden regions: 1->0(2)
[2024-10-11T04:32:39.893+0800][info] GC(375) Survivor regions: 1->1(1)
[2024-10-11T04:32:39.893+0800][info] GC(375) Old regions: 52->50
[2024-10-11T04:32:39.893+0800][info] GC(375) Archive regions: 2->2
[2024-10-11T04:32:39.893+0800][info] GC(375) Humongous regions: 3->3
[2024-10-11T04:32:39.893+0800][info] GC(375) Metaspace: 1653K(1856K)->1653K(1856K) NonClass: 1529K(1664K)->1529K(1664K) Class: 124K(192K)->124K(192K)
[2024-10-11T04:32:39.893+0800][info] GC(375) Pause Young (Mixed) (G1 Preventive Collection) 114M->108M(128M) 2.129ms
[2024-10-11T04:32:39.893+0800][info] GC(375) User=0.01s Sys=0.00s Real=0.01s
[2024-10-11T04:32:39.996+0800][info] GC(376) Pause Young (Mixed) (G1 Preventive Collection)
[2024-10-11T04:32:39.996+0800][info] GC(376) Using 3 workers of 48 for evacuation
[2024-10-11T04:32:39.998+0800][info] GC(376) To-space exhausted
[2024-10-11T04:32:39.998+0800][info] GC(376)   Pre Evacuate Collection Set: 0.1ms
[2024-10-11T04:32:39.998+0800][info] GC(376)   Merge Heap Roots: 0.1ms
[2024-10-11T04:32:39.998+0800][info] GC(376)   Evacuate Collection Set: 1.6ms
[2024-10-11T04:32:39.998+0800][info] GC(376)   Post Evacuate Collection Set: 0.2ms
[2024-10-11T04:32:39.998+0800][info] GC(376)   Other: 0.1ms
[2024-10-11T04:32:39.998+0800][info] GC(376) Eden regions: 2->0(2)
[2024-10-11T04:32:39.998+0800][info] GC(376) Survivor regions: 1->1(1)
[2024-10-11T04:32:39.998+0800][info] GC(376) Old regions: 50->55
[2024-10-11T04:32:39.998+0800][info] GC(376) Archive regions: 2->2
[2024-10-11T04:32:39.998+0800][info] GC(376) Humongous regions: 3->3
[2024-10-11T04:32:39.998+0800][info] GC(376) Metaspace: 1653K(1856K)->1653K(1856K) NonClass: 1529K(1664K)->1529K(1664K) Class: 124K(192K)->124K(192K)
[2024-10-11T04:32:39.998+0800][info] GC(376) Pause Young (Mixed) (G1 Preventive Collection) 111M->117M(128M) 2.267ms
[2024-10-11T04:32:39.998+0800][info] GC(376) User=0.00s Sys=0.00s Real=0.00s
[2024-10-11T04:32:40.059+0800][info] GC(377) Pause Young (Mixed) (G1 Preventive Collection)
[2024-10-11T04:32:40.059+0800][info] GC(377) Using 3 workers of 48 for evacuation
[2024-10-11T04:32:40.061+0800][info] GC(377) To-space exhausted
[2024-10-11T04:32:40.061+0800][info] GC(377)   Pre Evacuate Collection Set: 0.1ms
[2024-10-11T04:32:40.061+0800][info] GC(377)   Merge Heap Roots: 0.1ms
[2024-10-11T04:32:40.061+0800][info] GC(377)   Evacuate Collection Set: 0.9ms
[2024-10-11T04:32:40.061+0800][info] GC(377)   Post Evacuate Collection Set: 0.6ms
[2024-10-11T04:32:40.061+0800][info] GC(377)   Other: 0.1ms
[2024-10-11T04:32:40.061+0800][info] GC(377) Eden regions: 1->0(2)
[2024-10-11T04:32:40.061+0800][info] GC(377) Survivor regions: 1->1(1)
[2024-10-11T04:32:40.061+0800][info] GC(377) Old regions: 55->57
[2024-10-11T04:32:40.061+0800][info] GC(377) Archive regions: 2->2
[2024-10-11T04:32:40.061+0800][info] GC(377) Humongous regions: 3->3
[2024-10-11T04:32:40.061+0800][info] GC(377) Metaspace: 1653K(1856K)->1653K(1856K) NonClass: 1529K(1664K)->1529K(1664K) Class: 124K(192K)->124K(192K)
[2024-10-11T04:32:40.061+0800][info] GC(377) Pause Young (Mixed) (G1 Preventive Collection) 119M->121M(128M) 1.920ms
[2024-10-11T04:32:40.061+0800][info] GC(377) User=0.01s Sys=0.00s Real=0.00s
[2024-10-11T04:32:40.102+0800][info] GC(378) Pause Young (Mixed) (G1 Evacuation Pause)
[2024-10-11T04:32:40.102+0800][info] GC(378) Using 3 workers of 48 for evacuation
[2024-10-11T04:32:40.103+0800][info] GC(378) To-space exhausted
[2024-10-11T04:32:40.103+0800][info] GC(378)   Pre Evacuate Collection Set: 0.1ms
[2024-10-11T04:32:40.103+0800][info] GC(378)   Merge Heap Roots: 0.1ms
[2024-10-11T04:32:40.103+0800][info] GC(378)   Evacuate Collection Set: 0.6ms
[2024-10-11T04:32:40.103+0800][info] GC(378)   Post Evacuate Collection Set: 0.3ms
[2024-10-11T04:32:40.103+0800][info] GC(378)   Other: 0.2ms
[2024-10-11T04:32:40.103+0800][info] GC(378) Eden regions: 1->0(3)
[2024-10-11T04:32:40.103+0800][info] GC(378) Survivor regions: 1->0(0)
[2024-10-11T04:32:40.103+0800][info] GC(378) Old regions: 57->59
[2024-10-11T04:32:40.103+0800][info] GC(378) Archive regions: 2->2
[2024-10-11T04:32:40.103+0800][info] GC(378) Humongous regions: 3->3
[2024-10-11T04:32:40.103+0800][info] GC(378) Metaspace: 1653K(1856K)->1653K(1856K) NonClass: 1529K(1664K)->1529K(1664K) Class: 124K(192K)->124K(192K)
[2024-10-11T04:32:40.103+0800][info] GC(378) Pause Young (Mixed) (G1 Evacuation Pause) 123M->123M(128M) 1.410ms
[2024-10-11T04:32:40.103+0800][info] GC(378) User=0.00s Sys=0.00s Real=0.00s
[2024-10-11T04:32:40.103+0800][info] Attempting full compaction
[2024-10-11T04:32:40.103+0800][info] GC(379) Using 3 workers of 48 for full compaction
[2024-10-11T04:32:40.103+0800][info] GC(379) Pause Full (G1 Compaction Pause)
[2024-10-11T04:32:40.103+0800][info] GC(379) Phase 1: Mark live objects
[2024-10-11T04:32:40.107+0800][info] GC(379) Phase 1: Mark live objects 3.314ms
[2024-10-11T04:32:40.107+0800][info] GC(379) Phase 2: Prepare for compaction
[2024-10-11T04:32:40.107+0800][info] GC(379) Phase 2: Prepare for compaction 0.562ms
[2024-10-11T04:32:40.107+0800][info] GC(379) Phase 3: Adjust pointers
[2024-10-11T04:32:40.109+0800][info] GC(379) Phase 3: Adjust pointers 1.599ms
[2024-10-11T04:32:40.109+0800][info] GC(379) Phase 4: Compact heap
[2024-10-11T04:32:40.121+0800][info] GC(379) Phase 4: Compact heap 11.915ms
[2024-10-11T04:32:40.122+0800][info] GC(379) Eden regions: 0->0(4)
[2024-10-11T04:32:40.122+0800][info] GC(379) Survivor regions: 0->0(0)
[2024-10-11T04:32:40.122+0800][info] GC(379) Old regions: 59->38
[2024-10-11T04:32:40.122+0800][info] GC(379) Archive regions: 2->2
[2024-10-11T04:32:40.122+0800][info] GC(379) Humongous regions: 3->3
[2024-10-11T04:32:40.122+0800][info] GC(379) Metaspace: 1653K(1856K)->1653K(1856K) NonClass: 1529K(1664K)->1529K(1664K) Class: 124K(192K)->124K(192K)
[2024-10-11T04:32:40.122+0800][info] GC(379) Pause Full (G1 Compaction Pause) 123M->72M(128M) 19.010ms
[2024-10-11T04:32:40.122+0800][info] GC(379) User=0.04s Sys=0.00s Real=0.02s
[2024-10-11T04:32:40.347+0800][info] GC(380) Pause Young (Normal) (G1 Evacuation Pause)
[2024-10-11T04:32:40.347+0800][info] GC(380) Using 3 workers of 48 for evacuation
[2024-10-11T04:32:40.349+0800][info] GC(380)   Pre Evacuate Collection Set: 0.1ms
[2024-10-11T04:32:40.349+0800][info] GC(380)   Merge Heap Roots: 0.0ms
[2024-10-11T04:32:40.349+0800][info] GC(380)   Evacuate Collection Set: 1.1ms
[2024-10-11T04:32:40.349+0800][info] GC(380)   Post Evacuate Collection Set: 0.2ms
[2024-10-11T04:32:40.349+0800][info] GC(380)   Other: 0.2ms
[2024-10-11T04:32:40.349+0800][info] GC(380) Eden regions: 4->0(2)
[2024-10-11T04:32:40.349+0800][info] GC(380) Survivor regions: 0->1(1)
[2024-10-11T04:32:40.349+0800][info] GC(380) Old regions: 38->42
[2024-10-11T04:32:40.349+0800][info] GC(380) Archive regions: 2->2
[2024-10-11T04:32:40.349+0800][info] GC(380) Humongous regions: 3->3
[2024-10-11T04:32:40.349+0800][info] GC(380) Metaspace: 1653K(1856K)->1653K(1856K) NonClass: 1529K(1664K)->1529K(1664K) Class: 124K(192K)->124K(192K)
[2024-10-11T04:32:40.349+0800][info] GC(380) Pause Young (Normal) (G1 Evacuation Pause) 80M->80M(128M) 1.751ms
[2024-10-11T04:32:40.349+0800][info] GC(380) User=0.01s Sys=0.01s Real=0.00s
[2024-10-11T04:32:40.451+0800][info] GC(381) Pause Young (Normal) (G1 Evacuation Pause)
[2024-10-11T04:32:40.452+0800][info] GC(381) Using 3 workers of 48 for evacuation
[2024-10-11T04:32:40.453+0800][info] GC(381)   Pre Evacuate Collection Set: 0.1ms
[2024-10-11T04:32:40.453+0800][info] GC(381)   Merge Heap Roots: 0.0ms
[2024-10-11T04:32:40.453+0800][info] GC(381)   Evacuate Collection Set: 0.8ms
[2024-10-11T04:32:40.453+0800][info] GC(381)   Post Evacuate Collection Set: 0.2ms
[2024-10-11T04:32:40.453+0800][info] GC(381)   Other: 0.2ms
[2024-10-11T04:32:40.453+0800][info] GC(381) Eden regions: 2->0(2)
[2024-10-11T04:32:40.453+0800][info] GC(381) Survivor regions: 1->1(1)
[2024-10-11T04:32:40.453+0800][info] GC(381) Old regions: 42->43
[2024-10-11T04:32:40.453+0800][info] GC(381) Archive regions: 2->2
[2024-10-11T04:32:40.453+0800][info] GC(381) Humongous regions: 3->3
[2024-10-11T04:32:40.453+0800][info] GC(381) Metaspace: 1653K(1856K)->1653K(1856K) NonClass: 1529K(1664K)->1529K(1664K) Class: 124K(192K)->124K(192K)
[2024-10-11T04:32:40.453+0800][info] GC(381) Pause Young (Normal) (G1 Evacuation Pause) 84M->84M(128M) 1.325ms
[2024-10-11T04:32:40.453+0800][info] GC(381) User=0.00s Sys=0.00s Real=0.00s
[2024-10-11T04:32:40.555+0800][info] GC(382) Pause Young (Normal) (G1 Evacuation Pause)
[2024-10-11T04:32:40.555+0800][info] GC(382) Using 3 workers of 48 for evacuation
[2024-10-11T04:32:40.556+0800][info] GC(382)   Pre Evacuate Collection Set: 0.1ms
[2024-10-11T04:32:40.556+0800][info] GC(382)   Merge Heap Roots: 0.0ms
[2024-10-11T04:32:40.556+0800][info] GC(382)   Evacuate Collection Set: 0.6ms
[2024-10-11T04:32:40.556+0800][info] GC(382)   Post Evacuate Collection Set: 0.2ms
[2024-10-11T04:32:40.556+0800][info] GC(382)   Other: 0.2ms
[2024-10-11T04:32:40.556+0800][info] GC(382) Eden regions: 2->0(2)
[2024-10-11T04:32:40.556+0800][info] GC(382) Survivor regions: 1->1(1)
[2024-10-11T04:32:40.556+0800][info] GC(382) Old regions: 43->45
[2024-10-11T04:32:40.556+0800][info] GC(382) Archive regions: 2->2
[2024-10-11T04:32:40.556+0800][info] GC(382) Humongous regions: 3->3
[2024-10-11T04:32:40.556+0800][info] GC(382) Metaspace: 1653K(1856K)->1653K(1856K) NonClass: 1529K(1664K)->1529K(1664K) Class: 124K(192K)->124K(192K)
[2024-10-11T04:32:40.556+0800][info] GC(382) Pause Young (Normal) (G1 Evacuation Pause) 87M->87M(128M) 1.156ms
[2024-10-11T04:32:40.556+0800][info] GC(382) User=0.00s Sys=0.00s Real=0.00s
[2024-10-11T04:32:40.658+0800][info] GC(383) Pause Young (Normal) (G1 Evacuation Pause)
[2024-10-11T04:32:40.658+0800][info] GC(383) Using 3 workers of 48 for evacuation
[2024-10-11T04:32:40.659+0800][info] GC(383)   Pre Evacuate Collection Set: 0.1ms
[2024-10-11T04:32:40.659+0800][info] GC(383)   Merge Heap Roots: 0.0ms
[2024-10-11T04:32:40.659+0800][info] GC(383)   Evacuate Collection Set: 0.7ms
[2024-10-11T04:32:40.659+0800][info] GC(383)   Post Evacuate Collection Set: 0.2ms
[2024-10-11T04:32:40.659+0800][info] GC(383)   Other: 0.2ms
[2024-10-11T04:32:40.659+0800][info] GC(383) Eden regions: 2->0(2)
[2024-10-11T04:32:40.659+0800][info] GC(383) Survivor regions: 1->1(1)
[2024-10-11T04:32:40.659+0800][info] GC(383) Old regions: 45->47
[2024-10-11T04:32:40.659+0800][info] GC(383) Archive regions: 2->2
[2024-10-11T04:32:40.659+0800][info] GC(383) Humongous regions: 3->3
[2024-10-11T04:32:40.659+0800][info] GC(383) Metaspace: 1653K(1856K)->1653K(1856K) NonClass: 1529K(1664K)->1529K(1664K) Class: 124K(192K)->124K(192K)
[2024-10-11T04:32:40.659+0800][info] GC(383) Pause Young (Normal) (G1 Evacuation Pause) 91M->91M(128M) 1.288ms
[2024-10-11T04:32:40.659+0800][info] GC(383) User=0.00s Sys=0.00s Real=0.00s
[2024-10-11T04:32:40.761+0800][info] GC(384) Pause Young (Concurrent Start) (G1 Evacuation Pause)
[2024-10-11T04:32:40.761+0800][info] GC(384) Using 3 workers of 48 for evacuation
[2024-10-11T04:32:40.763+0800][info] GC(384)   Pre Evacuate Collection Set: 0.1ms
[2024-10-11T04:32:40.763+0800][info] GC(384)   Merge Heap Roots: 0.0ms
[2024-10-11T04:32:40.763+0800][info] GC(384)   Evacuate Collection Set: 0.9ms
[2024-10-11T04:32:40.763+0800][info] GC(384)   Post Evacuate Collection Set: 0.2ms
[2024-10-11T04:32:40.763+0800][info] GC(384)   Other: 0.3ms
[2024-10-11T04:32:40.763+0800][info] GC(384) Eden regions: 2->0(2)
[2024-10-11T04:32:40.763+0800][info] GC(384) Survivor regions: 1->1(1)
[2024-10-11T04:32:40.763+0800][info] GC(384) Old regions: 47->49
[2024-10-11T04:32:40.763+0800][info] GC(384) Archive regions: 2->2
[2024-10-11T04:32:40.763+0800][info] GC(384) Humongous regions: 3->3
[2024-10-11T04:32:40.763+0800][info] GC(384) Metaspace: 1653K(1856K)->1653K(1856K) NonClass: 1529K(1664K)->1529K(1664K) Class: 124K(192K)->124K(192K)
[2024-10-11T04:32:40.763+0800][info] GC(384) Pause Young (Concurrent Start) (G1 Evacuation Pause) 94M->95M(128M) 1.599ms
[2024-10-11T04:32:40.763+0800][info] GC(384) User=0.01s Sys=0.00s Real=0.00s
[2024-10-11T04:32:40.763+0800][info] GC(385) Concurrent Mark Cycle
[2024-10-11T04:32:40.763+0800][info] GC(385) Concurrent Clear Claimed Marks
[2024-10-11T04:32:40.763+0800][info] GC(385) Concurrent Clear Claimed Marks 0.017ms
[2024-10-11T04:32:40.763+0800][info] GC(385) Concurrent Scan Root Regions
[2024-10-11T04:32:40.763+0800][info] GC(385) Concurrent Scan Root Regions 0.165ms
[2024-10-11T04:32:40.763+0800][info] GC(385) Concurrent Mark
[2024-10-11T04:32:40.763+0800][info] GC(385) Concurrent Mark From Roots
[2024-10-11T04:32:40.763+0800][info] GC(385) Using 12 workers of 12 for marking
[2024-10-11T04:32:40.768+0800][info] GC(385) Concurrent Mark From Roots 4.518ms
[2024-10-11T04:32:40.768+0800][info] GC(385) Concurrent Preclean
[2024-10-11T04:32:40.769+0800][info] GC(385) Concurrent Preclean 1.702ms
[2024-10-11T04:32:40.769+0800][info] GC(385) Pause Remark
[2024-10-11T04:32:40.771+0800][info] GC(385) Pause Remark 95M->95M(128M) 1.446ms
[2024-10-11T04:32:40.771+0800][info] GC(385) User=0.00s Sys=0.00s Real=0.00s
[2024-10-11T04:32:40.771+0800][info] GC(385) Concurrent Mark 7.918ms
[2024-10-11T04:32:40.771+0800][info] GC(385) Concurrent Rebuild Remembered Sets
[2024-10-11T04:32:40.773+0800][info] GC(385) Concurrent Rebuild Remembered Sets 1.423ms
[2024-10-11T04:32:40.773+0800][info] GC(385) Pause Cleanup
[2024-10-11T04:32:40.773+0800][info] GC(385) Pause Cleanup 95M->95M(128M) 0.246ms
[2024-10-11T04:32:40.773+0800][info] GC(385) User=0.00s Sys=0.00s Real=0.00s
[2024-10-11T04:32:40.773+0800][info] GC(385) Concurrent Cleanup for Next Mark
[2024-10-11T04:32:40.773+0800][info] GC(385) Concurrent Cleanup for Next Mark 0.416ms
[2024-10-11T04:32:40.773+0800][info] GC(385) Concurrent Mark Cycle 10.532ms
[2024-10-11T04:32:40.916+0800][info] GC(386) Pause Young (Prepare Mixed) (G1 Evacuation Pause)
[2024-10-11T04:32:40.916+0800][info] GC(386) Using 3 workers of 48 for evacuation
[2024-10-11T04:32:40.917+0800][info] GC(386)   Pre Evacuate Collection Set: 0.1ms
[2024-10-11T04:32:40.917+0800][info] GC(386)   Merge Heap Roots: 0.1ms
[2024-10-11T04:32:40.917+0800][info] GC(386)   Evacuate Collection Set: 0.8ms
[2024-10-11T04:32:40.917+0800][info] GC(386)   Post Evacuate Collection Set: 0.2ms
[2024-10-11T04:32:40.917+0800][info] GC(386)   Other: 0.2ms
[2024-10-11T04:32:40.917+0800][info] GC(386) Eden regions: 2->0(2)
[2024-10-11T04:32:40.917+0800][info] GC(386) Survivor regions: 1->1(1)
[2024-10-11T04:32:40.917+0800][info] GC(386) Old regions: 49->51
[2024-10-11T04:32:40.917+0800][info] GC(386) Archive regions: 2->2
[2024-10-11T04:32:40.917+0800][info] GC(386) Humongous regions: 3->3
[2024-10-11T04:32:40.917+0800][info] GC(386) Metaspace: 1654K(1856K)->1654K(1856K) NonClass: 1530K(1664K)->1530K(1664K) Class: 124K(192K)->124K(192K)
[2024-10-11T04:32:40.917+0800][info] GC(386) Pause Young (Prepare Mixed) (G1 Evacuation Pause) 98M->98M(128M) 1.432ms
[2024-10-11T04:32:40.917+0800][info] GC(386) User=0.01s Sys=0.00s Real=0.00s
[2024-10-11T04:32:41.019+0800][info] GC(387) Pause Young (Mixed) (G1 Preventive Collection)
[2024-10-11T04:32:41.019+0800][info] GC(387) Using 3 workers of 48 for evacuation
[2024-10-11T04:32:41.021+0800][info] GC(387)   Pre Evacuate Collection Set: 0.1ms
[2024-10-11T04:32:41.021+0800][info] GC(387)   Merge Heap Roots: 0.1ms
[2024-10-11T04:32:41.021+0800][info] GC(387)   Evacuate Collection Set: 1.4ms
[2024-10-11T04:32:41.021+0800][info] GC(387)   Post Evacuate Collection Set: 0.2ms
[2024-10-11T04:32:41.021+0800][info] GC(387)   Other: 0.2ms
[2024-10-11T04:32:41.021+0800][info] GC(387) Eden regions: 2->0(2)
[2024-10-11T04:32:41.021+0800][info] GC(387) Survivor regions: 1->1(1)
[2024-10-11T04:32:41.021+0800][info] GC(387) Old regions: 51->48
[2024-10-11T04:32:41.021+0800][info] GC(387) Archive regions: 2->2
[2024-10-11T04:32:41.021+0800][info] GC(387) Humongous regions: 3->3
[2024-10-11T04:32:41.021+0800][info] GC(387) Metaspace: 1654K(1856K)->1654K(1856K) NonClass: 1530K(1664K)->1530K(1664K) Class: 124K(192K)->124K(192K)
[2024-10-11T04:32:41.021+0800][info] GC(387) Pause Young (Mixed) (G1 Preventive Collection) 102M->95M(128M) 2.103ms
[2024-10-11T04:32:41.021+0800][info] GC(387) User=0.00s Sys=0.00s Real=0.00s
[2024-10-11T04:32:41.124+0800][info] GC(388) Pause Young (Mixed) (G1 Preventive Collection)
[2024-10-11T04:32:41.124+0800][info] GC(388) Using 3 workers of 48 for evacuation
[2024-10-11T04:32:41.126+0800][info] GC(388)   Pre Evacuate Collection Set: 0.1ms
[2024-10-11T04:32:41.126+0800][info] GC(388)   Merge Heap Roots: 0.1ms
[2024-10-11T04:32:41.126+0800][info] GC(388)   Evacuate Collection Set: 1.8ms
[2024-10-11T04:32:41.126+0800][info] GC(388)   Post Evacuate Collection Set: 0.2ms
[2024-10-11T04:32:41.126+0800][info] GC(388)   Other: 0.1ms
[2024-10-11T04:32:41.126+0800][info] GC(388) Eden regions: 2->0(2)
[2024-10-11T04:32:41.126+0800][info] GC(388) Survivor regions: 1->1(1)
[2024-10-11T04:32:41.126+0800][info] GC(388) Old regions: 48->47
[2024-10-11T04:32:41.126+0800][info] GC(388) Archive regions: 2->2
[2024-10-11T04:32:41.126+0800][info] GC(388) Humongous regions: 4->3
[2024-10-11T04:32:41.126+0800][info] GC(388) Metaspace: 1655K(1856K)->1655K(1856K) NonClass: 1531K(1664K)->1531K(1664K) Class: 124K(192K)->124K(192K)
[2024-10-11T04:32:41.127+0800][info] GC(388) Pause Young (Mixed) (G1 Preventive Collection) 101M->94M(128M) 2.388ms
[2024-10-11T04:32:41.127+0800][info] GC(388) User=0.01s Sys=0.00s Real=0.01s
[2024-10-11T04:32:41.228+0800][info] GC(389) Pause Young (Mixed) (G1 Evacuation Pause)
[2024-10-11T04:32:41.228+0800][info] GC(389) Using 3 workers of 48 for evacuation
[2024-10-11T04:32:41.231+0800][info] GC(389)   Pre Evacuate Collection Set: 0.1ms
[2024-10-11T04:32:41.231+0800][info] GC(389)   Merge Heap Roots: 0.1ms
[2024-10-11T04:32:41.231+0800][info] GC(389)   Evacuate Collection Set: 2.0ms
[2024-10-11T04:32:41.231+0800][info] GC(389)   Post Evacuate Collection Set: 0.2ms
[2024-10-11T04:32:41.231+0800][info] GC(389)   Other: 0.1ms
[2024-10-11T04:32:41.231+0800][info] GC(389) Eden regions: 2->0(2)
[2024-10-11T04:32:41.231+0800][info] GC(389) Survivor regions: 1->1(1)
[2024-10-11T04:32:41.231+0800][info] GC(389) Old regions: 47->46
[2024-10-11T04:32:41.231+0800][info] GC(389) Archive regions: 2->2
[2024-10-11T04:32:41.231+0800][info] GC(389) Humongous regions: 3->3
[2024-10-11T04:32:41.231+0800][info] GC(389) Metaspace: 1655K(1856K)->1655K(1856K) NonClass: 1531K(1664K)->1531K(1664K) Class: 124K(192K)->124K(192K)
[2024-10-11T04:32:41.231+0800][info] GC(389) Pause Young (Mixed) (G1 Evacuation Pause) 98M->94M(128M) 2.628ms
[2024-10-11T04:32:41.231+0800][info] GC(389) User=0.01s Sys=0.00s Real=0.00s
[2024-10-11T04:32:41.333+0800][info] GC(390) Pause Young (Mixed) (G1 Evacuation Pause)
[2024-10-11T04:32:41.333+0800][info] GC(390) Using 3 workers of 48 for evacuation
[2024-10-11T04:32:41.335+0800][info] GC(390)   Pre Evacuate Collection Set: 0.1ms
[2024-10-11T04:32:41.335+0800][info] GC(390)   Merge Heap Roots: 0.1ms
[2024-10-11T04:32:41.335+0800][info] GC(390)   Evacuate Collection Set: 1.4ms
[2024-10-11T04:32:41.335+0800][info] GC(390)   Post Evacuate Collection Set: 0.2ms
[2024-10-11T04:32:41.335+0800][info] GC(390)   Other: 0.1ms
[2024-10-11T04:32:41.335+0800][info] GC(390) Eden regions: 2->0(2)
[2024-10-11T04:32:41.335+0800][info] GC(390) Survivor regions: 1->1(1)
[2024-10-11T04:32:41.335+0800][info] GC(390) Old regions: 46->46
[2024-10-11T04:32:41.335+0800][info] GC(390) Archive regions: 2->2
[2024-10-11T04:32:41.335+0800][info] GC(390) Humongous regions: 3->3
[2024-10-11T04:32:41.335+0800][info] GC(390) Metaspace: 1657K(1856K)->1657K(1856K) NonClass: 1533K(1664K)->1533K(1664K) Class: 124K(192K)->124K(192K)
[2024-10-11T04:32:41.336+0800][info] GC(390) Pause Young (Mixed) (G1 Evacuation Pause) 98M->95M(128M) 2.077ms
[2024-10-11T04:32:41.336+0800][info] GC(390) User=0.01s Sys=0.00s Real=0.00s
[2024-10-11T04:32:41.437+0800][info] GC(391) Pause Young (Normal) (G1 Evacuation Pause)
[2024-10-11T04:32:41.437+0800][info] GC(391) Using 3 workers of 48 for evacuation
[2024-10-11T04:32:41.439+0800][info] GC(391)   Pre Evacuate Collection Set: 0.1ms
[2024-10-11T04:32:41.439+0800][info] GC(391)   Merge Heap Roots: 0.0ms
[2024-10-11T04:32:41.439+0800][info] GC(391)   Evacuate Collection Set: 0.8ms
[2024-10-11T04:32:41.439+0800][info] GC(391)   Post Evacuate Collection Set: 0.2ms
[2024-10-11T04:32:41.439+0800][info] GC(391)   Other: 0.2ms
[2024-10-11T04:32:41.439+0800][info] GC(391) Eden regions: 2->0(2)
[2024-10-11T04:32:41.439+0800][info] GC(391) Survivor regions: 1->1(1)
[2024-10-11T04:32:41.439+0800][info] GC(391) Old regions: 46->48
[2024-10-11T04:32:41.439+0800][info] GC(391) Archive regions: 2->2
[2024-10-11T04:32:41.439+0800][info] GC(391) Humongous regions: 3->3
[2024-10-11T04:32:41.439+0800][info] GC(391) Metaspace: 1657K(1856K)->1657K(1856K) NonClass: 1533K(1664K)->1533K(1664K) Class: 124K(192K)->124K(192K)
[2024-10-11T04:32:41.439+0800][info] GC(391) Pause Young (Normal) (G1 Evacuation Pause) 99M->99M(128M) 1.433ms
[2024-10-11T04:32:41.439+0800][info] GC(391) User=0.00s Sys=0.00s Real=0.00s
[2024-10-11T04:32:41.541+0800][info] GC(392) Pause Young (Normal) (G1 Evacuation Pause)
[2024-10-11T04:32:41.541+0800][info] GC(392) Using 3 workers of 48 for evacuation
[2024-10-11T04:32:41.542+0800][info] GC(392)   Pre Evacuate Collection Set: 0.1ms
[2024-10-11T04:32:41.542+0800][info] GC(392)   Merge Heap Roots: 0.0ms
[2024-10-11T04:32:41.542+0800][info] GC(392)   Evacuate Collection Set: 0.7ms
[2024-10-11T04:32:41.542+0800][info] GC(392)   Post Evacuate Collection Set: 0.2ms
[2024-10-11T04:32:41.542+0800][info] GC(392)   Other: 0.2ms
[2024-10-11T04:32:41.542+0800][info] GC(392) Eden regions: 2->0(2)
[2024-10-11T04:32:41.542+0800][info] GC(392) Survivor regions: 1->1(1)
[2024-10-11T04:32:41.542+0800][info] GC(392) Old regions: 48->50
[2024-10-11T04:32:41.542+0800][info] GC(392) Archive regions: 2->2
[2024-10-11T04:32:41.542+0800][info] GC(392) Humongous regions: 3->3
[2024-10-11T04:32:41.542+0800][info] GC(392) Metaspace: 1676K(1856K)->1676K(1856K) NonClass: 1552K(1664K)->1552K(1664K) Class: 124K(192K)->124K(192K)
[2024-10-11T04:32:41.543+0800][info] GC(392) Pause Young (Normal) (G1 Evacuation Pause) 102M->103M(128M) 1.219ms
[2024-10-11T04:32:41.543+0800][info] GC(392) User=0.00s Sys=0.00s Real=0.00s
[2024-10-11T04:32:41.644+0800][info] GC(393) Pause Young (Concurrent Start) (G1 Evacuation Pause)
[2024-10-11T04:32:41.644+0800][info] GC(393) Using 3 workers of 48 for evacuation
[2024-10-11T04:32:41.646+0800][info] GC(393)   Pre Evacuate Collection Set: 0.1ms
[2024-10-11T04:32:41.646+0800][info] GC(393)   Merge Heap Roots: 0.0ms
[2024-10-11T04:32:41.646+0800][info] GC(393)   Evacuate Collection Set: 0.7ms
[2024-10-11T04:32:41.646+0800][info] GC(393)   Post Evacuate Collection Set: 0.2ms
[2024-10-11T04:32:41.646+0800][info] GC(393)   Other: 0.3ms
[2024-10-11T04:32:41.646+0800][info] GC(393) Eden regions: 2->0(2)
[2024-10-11T04:32:41.646+0800][info] GC(393) Survivor regions: 1->1(1)
[2024-10-11T04:32:41.646+0800][info] GC(393) Old regions: 50->52
[2024-10-11T04:32:41.646+0800][info] GC(393) Archive regions: 2->2
[2024-10-11T04:32:41.646+0800][info] GC(393) Humongous regions: 3->3
[2024-10-11T04:32:41.646+0800][info] GC(393) Metaspace: 1676K(1856K)->1676K(1856K) NonClass: 1552K(1664K)->1552K(1664K) Class: 124K(192K)->124K(192K)
[2024-10-11T04:32:41.646+0800][info] GC(393) Pause Young (Concurrent Start) (G1 Evacuation Pause) 106M->107M(128M) 1.470ms
[2024-10-11T04:32:41.646+0800][info] GC(393) User=0.00s Sys=0.00s Real=0.01s
[2024-10-11T04:32:41.646+0800][info] GC(394) Concurrent Mark Cycle
[2024-10-11T04:32:41.646+0800][info] GC(394) Concurrent Clear Claimed Marks
[2024-10-11T04:32:41.646+0800][info] GC(394) Concurrent Clear Claimed Marks 0.016ms
[2024-10-11T04:32:41.646+0800][info] GC(394) Concurrent Scan Root Regions
[2024-10-11T04:32:41.646+0800][info] GC(394) Concurrent Scan Root Regions 0.100ms
[2024-10-11T04:32:41.646+0800][info] GC(394) Concurrent Mark
[2024-10-11T04:32:41.646+0800][info] GC(394) Concurrent Mark From Roots
[2024-10-11T04:32:41.646+0800][info] GC(394) Using 12 workers of 12 for marking
[2024-10-11T04:32:41.650+0800][info] GC(394) Concurrent Mark From Roots 4.327ms
[2024-10-11T04:32:41.650+0800][info] GC(394) Concurrent Preclean
[2024-10-11T04:32:41.652+0800][info] GC(394) Concurrent Preclean 1.685ms
[2024-10-11T04:32:41.652+0800][info] GC(394) Pause Remark
[2024-10-11T04:32:41.654+0800][info] GC(394) Pause Remark 107M->107M(128M) 1.405ms
[2024-10-11T04:32:41.654+0800][info] GC(394) User=0.00s Sys=0.00s Real=0.01s
[2024-10-11T04:32:41.654+0800][info] GC(394) Concurrent Mark 7.723ms
[2024-10-11T04:32:41.654+0800][info] GC(394) Concurrent Rebuild Remembered Sets
[2024-10-11T04:32:41.655+0800][info] GC(394) Concurrent Rebuild Remembered Sets 1.400ms
[2024-10-11T04:32:41.655+0800][info] GC(394) Pause Cleanup
[2024-10-11T04:32:41.656+0800][info] GC(394) Pause Cleanup 107M->107M(128M) 0.199ms
[2024-10-11T04:32:41.656+0800][info] GC(394) User=0.00s Sys=0.00s Real=0.00s
[2024-10-11T04:32:41.656+0800][info] GC(394) Concurrent Cleanup for Next Mark
[2024-10-11T04:32:41.656+0800][info] GC(394) Concurrent Cleanup for Next Mark 0.425ms
[2024-10-11T04:32:41.656+0800][info] GC(394) Concurrent Mark Cycle 10.201ms
[2024-10-11T04:32:41.799+0800][info] GC(395) Pause Young (Prepare Mixed) (G1 Preventive Collection)
[2024-10-11T04:32:41.799+0800][info] GC(395) Using 3 workers of 48 for evacuation
[2024-10-11T04:32:41.801+0800][info] GC(395)   Pre Evacuate Collection Set: 0.1ms
[2024-10-11T04:32:41.801+0800][info] GC(395)   Merge Heap Roots: 0.1ms
[2024-10-11T04:32:41.801+0800][info] GC(395)   Evacuate Collection Set: 0.9ms
[2024-10-11T04:32:41.801+0800][info] GC(395)   Post Evacuate Collection Set: 0.2ms
[2024-10-11T04:32:41.801+0800][info] GC(395)   Other: 0.2ms
[2024-10-11T04:32:41.801+0800][info] GC(395) Eden regions: 2->0(2)
[2024-10-11T04:32:41.801+0800][info] GC(395) Survivor regions: 1->1(1)
[2024-10-11T04:32:41.801+0800][info] GC(395) Old regions: 52->54
[2024-10-11T04:32:41.801+0800][info] GC(395) Archive regions: 2->2
[2024-10-11T04:32:41.801+0800][info] GC(395) Humongous regions: 3->3
[2024-10-11T04:32:41.801+0800][info] GC(395) Metaspace: 1676K(1856K)->1676K(1856K) NonClass: 1552K(1664K)->1552K(1664K) Class: 124K(192K)->124K(192K)
[2024-10-11T04:32:41.801+0800][info] GC(395) Pause Young (Prepare Mixed) (G1 Preventive Collection) 110M->111M(128M) 1.586ms
[2024-10-11T04:32:41.801+0800][info] GC(395) User=0.01s Sys=0.00s Real=0.00s
[2024-10-11T04:32:41.862+0800][info] GC(396) Pause Young (Mixed) (G1 Preventive Collection)
[2024-10-11T04:32:41.862+0800][info] GC(396) Using 3 workers of 48 for evacuation
[2024-10-11T04:32:41.864+0800][info] GC(396) To-space exhausted
[2024-10-11T04:32:41.864+0800][info] GC(396)   Pre Evacuate Collection Set: 0.1ms
[2024-10-11T04:32:41.864+0800][info] GC(396)   Merge Heap Roots: 0.1ms
[2024-10-11T04:32:41.864+0800][info] GC(396)   Evacuate Collection Set: 1.2ms
[2024-10-11T04:32:41.864+0800][info] GC(396)   Post Evacuate Collection Set: 0.3ms
[2024-10-11T04:32:41.864+0800][info] GC(396)   Other: 0.2ms
[2024-10-11T04:32:41.864+0800][info] GC(396) Eden regions: 1->0(2)
[2024-10-11T04:32:41.864+0800][info] GC(396) Survivor regions: 1->1(1)
[2024-10-11T04:32:41.864+0800][info] GC(396) Old regions: 54->55
[2024-10-11T04:32:41.864+0800][info] GC(396) Archive regions: 2->2
[2024-10-11T04:32:41.864+0800][info] GC(396) Humongous regions: 3->3
[2024-10-11T04:32:41.864+0800][info] GC(396) Metaspace: 1676K(1856K)->1676K(1856K) NonClass: 1552K(1664K)->1552K(1664K) Class: 124K(192K)->124K(192K)
[2024-10-11T04:32:41.864+0800][info] GC(396) Pause Young (Mixed) (G1 Preventive Collection) 113M->115M(128M) 1.954ms
[2024-10-11T04:32:41.864+0800][info] GC(396) User=0.00s Sys=0.00s Real=0.00s
[2024-10-11T04:32:41.905+0800][info] GC(397) Pause Young (Mixed) (G1 Preventive Collection)
[2024-10-11T04:32:41.905+0800][info] GC(397) Using 3 workers of 48 for evacuation
[2024-10-11T04:32:41.907+0800][info] GC(397) To-space exhausted
[2024-10-11T04:32:41.907+0800][info] GC(397)   Pre Evacuate Collection Set: 0.1ms
[2024-10-11T04:32:41.907+0800][info] GC(397)   Merge Heap Roots: 0.1ms
[2024-10-11T04:32:41.907+0800][info] GC(397)   Evacuate Collection Set: 1.1ms
[2024-10-11T04:32:41.907+0800][info] GC(397)   Post Evacuate Collection Set: 0.7ms
[2024-10-11T04:32:41.907+0800][info] GC(397)   Other: 0.2ms
[2024-10-11T04:32:41.907+0800][info] GC(397) Eden regions: 1->0(2)
[2024-10-11T04:32:41.907+0800][info] GC(397) Survivor regions: 1->1(1)
[2024-10-11T04:32:41.907+0800][info] GC(397) Old regions: 55->57
[2024-10-11T04:32:41.907+0800][info] GC(397) Archive regions: 2->2
[2024-10-11T04:32:41.907+0800][info] GC(397) Humongous regions: 3->3
[2024-10-11T04:32:41.907+0800][info] GC(397) Metaspace: 1676K(1856K)->1676K(1856K) NonClass: 1552K(1664K)->1552K(1664K) Class: 124K(192K)->124K(192K)
[2024-10-11T04:32:41.907+0800][info] GC(397) Pause Young (Mixed) (G1 Preventive Collection) 117M->118M(128M) 2.300ms
[2024-10-11T04:32:41.907+0800][info] GC(397) User=0.00s Sys=0.00s Real=0.01s
[2024-10-11T04:32:41.969+0800][info] GC(398) Pause Young (Mixed) (G1 Evacuation Pause)
[2024-10-11T04:32:41.969+0800][info] GC(398) Using 3 workers of 48 for evacuation
[2024-10-11T04:32:41.970+0800][info] GC(398) To-space exhausted
[2024-10-11T04:32:41.970+0800][info] GC(398)   Pre Evacuate Collection Set: 0.1ms
[2024-10-11T04:32:41.970+0800][info] GC(398)   Merge Heap Roots: 0.1ms
[2024-10-11T04:32:41.970+0800][info] GC(398)   Evacuate Collection Set: 0.7ms
[2024-10-11T04:32:41.971+0800][info] GC(398)   Post Evacuate Collection Set: 0.7ms
[2024-10-11T04:32:41.971+0800][info] GC(398)   Other: 0.2ms
[2024-10-11T04:32:41.971+0800][info] GC(398) Eden regions: 1->0(3)
[2024-10-11T04:32:41.971+0800][info] GC(398) Survivor regions: 1->0(0)
[2024-10-11T04:32:41.971+0800][info] GC(398) Old regions: 57->59
[2024-10-11T04:32:41.971+0800][info] GC(398) Archive regions: 2->2
[2024-10-11T04:32:41.971+0800][info] GC(398) Humongous regions: 3->3
[2024-10-11T04:32:41.971+0800][info] GC(398) Metaspace: 1676K(1856K)->1676K(1856K) NonClass: 1552K(1664K)->1552K(1664K) Class: 124K(192K)->124K(192K)
[2024-10-11T04:32:41.971+0800][info] GC(398) Pause Young (Mixed) (G1 Evacuation Pause) 120M->120M(128M) 1.888ms
[2024-10-11T04:32:41.971+0800][info] GC(398) User=0.00s Sys=0.00s Real=0.00s
[2024-10-11T04:32:41.971+0800][info] Attempting full compaction
[2024-10-11T04:32:41.971+0800][info] GC(399) Using 3 workers of 48 for full compaction
[2024-10-11T04:32:41.971+0800][info] GC(399) Pause Full (G1 Compaction Pause)
[2024-10-11T04:32:41.971+0800][info] GC(399) Phase 1: Mark live objects
[2024-10-11T04:32:41.974+0800][info] GC(399) Phase 1: Mark live objects 3.070ms
[2024-10-11T04:32:41.974+0800][info] GC(399) Phase 2: Prepare for compaction
[2024-10-11T04:32:41.975+0800][info] GC(399) Phase 2: Prepare for compaction 0.642ms
[2024-10-11T04:32:41.975+0800][info] GC(399) Phase 3: Adjust pointers
[2024-10-11T04:32:41.976+0800][info] GC(399) Phase 3: Adjust pointers 1.624ms
[2024-10-11T04:32:41.976+0800][info] GC(399) Phase 4: Compact heap
[2024-10-11T04:32:41.988+0800][info] GC(399) Phase 4: Compact heap 11.667ms
[2024-10-11T04:32:41.989+0800][info] GC(399) Eden regions: 0->0(4)
[2024-10-11T04:32:41.989+0800][info] GC(399) Survivor regions: 0->0(0)
[2024-10-11T04:32:41.989+0800][info] GC(399) Old regions: 59->38
[2024-10-11T04:32:41.989+0800][info] GC(399) Archive regions: 2->2
[2024-10-11T04:32:41.989+0800][info] GC(399) Humongous regions: 3->3
[2024-10-11T04:32:41.989+0800][info] GC(399) Metaspace: 1676K(1856K)->1676K(1856K) NonClass: 1552K(1664K)->1552K(1664K) Class: 124K(192K)->124K(192K)
[2024-10-11T04:32:41.989+0800][info] GC(399) Pause Full (G1 Compaction Pause) 120M->72M(128M) 18.755ms
[2024-10-11T04:32:41.990+0800][info] GC(399) User=0.04s Sys=0.00s Real=0.02s
[2024-10-11T04:32:42.194+0800][info] GC(400) Pause Young (Normal) (G1 Evacuation Pause)
[2024-10-11T04:32:42.194+0800][info] GC(400) Using 3 workers of 48 for evacuation
[2024-10-11T04:32:42.196+0800][info] GC(400)   Pre Evacuate Collection Set: 0.1ms
[2024-10-11T04:32:42.196+0800][info] GC(400)   Merge Heap Roots: 0.0ms
[2024-10-11T04:32:42.196+0800][info] GC(400)   Evacuate Collection Set: 1.0ms
[2024-10-11T04:32:42.196+0800][info] GC(400)   Post Evacuate Collection Set: 0.2ms
[2024-10-11T04:32:42.196+0800][info] GC(400)   Other: 0.2ms
[2024-10-11T04:32:42.196+0800][info] GC(400) Eden regions: 4->0(2)
[2024-10-11T04:32:42.196+0800][info] GC(400) Survivor regions: 0->1(1)
[2024-10-11T04:32:42.196+0800][info] GC(400) Old regions: 38->41
[2024-10-11T04:32:42.196+0800][info] GC(400) Archive regions: 2->2
[2024-10-11T04:32:42.196+0800][info] GC(400) Humongous regions: 3->3
[2024-10-11T04:32:42.196+0800][info] GC(400) Metaspace: 1676K(1856K)->1676K(1856K) NonClass: 1552K(1664K)->1552K(1664K) Class: 124K(192K)->124K(192K)
[2024-10-11T04:32:42.196+0800][info] GC(400) Pause Young (Normal) (G1 Evacuation Pause) 79M->80M(128M) 1.670ms
[2024-10-11T04:32:42.196+0800][info] GC(400) User=0.01s Sys=0.00s Real=0.00s
[2024-10-11T04:32:42.298+0800][info] GC(401) Pause Young (Normal) (G1 Evacuation Pause)
[2024-10-11T04:32:42.298+0800][info] GC(401) Using 3 workers of 48 for evacuation
[2024-10-11T04:32:42.299+0800][info] GC(401)   Pre Evacuate Collection Set: 0.1ms
[2024-10-11T04:32:42.299+0800][info] GC(401)   Merge Heap Roots: 0.1ms
[2024-10-11T04:32:42.299+0800][info] GC(401)   Evacuate Collection Set: 0.7ms
[2024-10-11T04:32:42.299+0800][info] GC(401)   Post Evacuate Collection Set: 0.2ms
[2024-10-11T04:32:42.299+0800][info] GC(401)   Other: 0.2ms
[2024-10-11T04:32:42.299+0800][info] GC(401) Eden regions: 2->0(2)
[2024-10-11T04:32:42.299+0800][info] GC(401) Survivor regions: 1->1(1)
[2024-10-11T04:32:42.299+0800][info] GC(401) Old regions: 41->43
[2024-10-11T04:32:42.299+0800][info] GC(401) Archive regions: 2->2
[2024-10-11T04:32:42.299+0800][info] GC(401) Humongous regions: 3->3
[2024-10-11T04:32:42.299+0800][info] GC(401) Metaspace: 1676K(1856K)->1676K(1856K) NonClass: 1552K(1664K)->1552K(1664K) Class: 124K(192K)->124K(192K)
[2024-10-11T04:32:42.299+0800][info] GC(401) Pause Young (Normal) (G1 Evacuation Pause) 83M->83M(128M) 1.259ms
[2024-10-11T04:32:42.299+0800][info] GC(401) User=0.00s Sys=0.00s Real=0.00s
[2024-10-11T04:32:42.401+0800][info] GC(402) Pause Young (Normal) (G1 Evacuation Pause)
[2024-10-11T04:32:42.401+0800][info] GC(402) Using 3 workers of 48 for evacuation
[2024-10-11T04:32:42.402+0800][info] GC(402)   Pre Evacuate Collection Set: 0.1ms
[2024-10-11T04:32:42.402+0800][info] GC(402)   Merge Heap Roots: 0.0ms
[2024-10-11T04:32:42.402+0800][info] GC(402)   Evacuate Collection Set: 0.7ms
[2024-10-11T04:32:42.402+0800][info] GC(402)   Post Evacuate Collection Set: 0.2ms
[2024-10-11T04:32:42.403+0800][info] GC(402)   Other: 0.2ms
[2024-10-11T04:32:42.403+0800][info] GC(402) Eden regions: 2->0(2)
[2024-10-11T04:32:42.403+0800][info] GC(402) Survivor regions: 1->1(1)
[2024-10-11T04:32:42.403+0800][info] GC(402) Old regions: 43->45
[2024-10-11T04:32:42.403+0800][info] GC(402) Archive regions: 2->2
[2024-10-11T04:32:42.403+0800][info] GC(402) Humongous regions: 3->3
[2024-10-11T04:32:42.403+0800][info] GC(402) Metaspace: 1676K(1856K)->1676K(1856K) NonClass: 1552K(1664K)->1552K(1664K) Class: 124K(192K)->124K(192K)
[2024-10-11T04:32:42.403+0800][info] GC(402) Pause Young (Normal) (G1 Evacuation Pause) 87M->87M(128M) 1.245ms
[2024-10-11T04:32:42.403+0800][info] GC(402) User=0.00s Sys=0.00s Real=0.00s
[2024-10-11T04:32:42.505+0800][info] GC(403) Pause Young (Normal) (G1 Evacuation Pause)
[2024-10-11T04:32:42.505+0800][info] GC(403) Using 3 workers of 48 for evacuation
[2024-10-11T04:32:42.506+0800][info] GC(403)   Pre Evacuate Collection Set: 0.1ms
[2024-10-11T04:32:42.506+0800][info] GC(403)   Merge Heap Roots: 0.0ms
[2024-10-11T04:32:42.506+0800][info] GC(403)   Evacuate Collection Set: 0.7ms
[2024-10-11T04:32:42.506+0800][info] GC(403)   Post Evacuate Collection Set: 0.2ms
[2024-10-11T04:32:42.506+0800][info] GC(403)   Other: 0.2ms
[2024-10-11T04:32:42.506+0800][info] GC(403) Eden regions: 2->0(2)
[2024-10-11T04:32:42.506+0800][info] GC(403) Survivor regions: 1->1(1)
[2024-10-11T04:32:42.506+0800][info] GC(403) Old regions: 45->47
[2024-10-11T04:32:42.506+0800][info] GC(403) Archive regions: 2->2
[2024-10-11T04:32:42.506+0800][info] GC(403) Humongous regions: 3->3
[2024-10-11T04:32:42.506+0800][info] GC(403) Metaspace: 1676K(1856K)->1676K(1856K) NonClass: 1552K(1664K)->1552K(1664K) Class: 124K(192K)->124K(192K)
[2024-10-11T04:32:42.506+0800][info] GC(403) Pause Young (Normal) (G1 Evacuation Pause) 91M->91M(128M) 1.292ms
[2024-10-11T04:32:42.506+0800][info] GC(403) User=0.00s Sys=0.00s Real=0.01s
[2024-10-11T04:32:42.608+0800][info] GC(404) Pause Young (Concurrent Start) (G1 Evacuation Pause)
[2024-10-11T04:32:42.608+0800][info] GC(404) Using 3 workers of 48 for evacuation
[2024-10-11T04:32:42.609+0800][info] GC(404)   Pre Evacuate Collection Set: 0.1ms
[2024-10-11T04:32:42.609+0800][info] GC(404)   Merge Heap Roots: 0.0ms
[2024-10-11T04:32:42.609+0800][info] GC(404)   Evacuate Collection Set: 0.7ms
[2024-10-11T04:32:42.610+0800][info] GC(404)   Post Evacuate Collection Set: 0.2ms
[2024-10-11T04:32:42.610+0800][info] GC(404)   Other: 0.4ms
[2024-10-11T04:32:42.610+0800][info] GC(404) Eden regions: 2->0(2)
[2024-10-11T04:32:42.610+0800][info] GC(404) Survivor regions: 1->1(1)
[2024-10-11T04:32:42.610+0800][info] GC(404) Old regions: 47->49
[2024-10-11T04:32:42.610+0800][info] GC(404) Archive regions: 2->2
[2024-10-11T04:32:42.610+0800][info] GC(404) Humongous regions: 3->3
[2024-10-11T04:32:42.610+0800][info] GC(404) Metaspace: 1676K(1856K)->1676K(1856K) NonClass: 1552K(1664K)->1552K(1664K) Class: 124K(192K)->124K(192K)
[2024-10-11T04:32:42.610+0800][info] GC(404) Pause Young (Concurrent Start) (G1 Evacuation Pause) 94M->95M(128M) 1.474ms
[2024-10-11T04:32:42.610+0800][info] GC(404) User=0.01s Sys=0.00s Real=0.00s
[2024-10-11T04:32:42.610+0800][info] GC(405) Concurrent Mark Cycle
[2024-10-11T04:32:42.610+0800][info] GC(405) Concurrent Clear Claimed Marks
[2024-10-11T04:32:42.610+0800][info] GC(405) Concurrent Clear Claimed Marks 0.016ms
[2024-10-11T04:32:42.610+0800][info] GC(405) Concurrent Scan Root Regions
[2024-10-11T04:32:42.610+0800][info] GC(405) Concurrent Scan Root Regions 0.099ms
[2024-10-11T04:32:42.610+0800][info] GC(405) Concurrent Mark
[2024-10-11T04:32:42.610+0800][info] GC(405) Concurrent Mark From Roots
[2024-10-11T04:32:42.610+0800][info] GC(405) Using 12 workers of 12 for marking
[2024-10-11T04:32:42.616+0800][info] GC(405) Concurrent Mark From Roots 5.577ms
[2024-10-11T04:32:42.616+0800][info] GC(405) Concurrent Preclean
[2024-10-11T04:32:42.617+0800][info] GC(405) Concurrent Preclean 1.700ms
[2024-10-11T04:32:42.617+0800][info] GC(405) Pause Remark
[2024-10-11T04:32:42.619+0800][info] GC(405) Pause Remark 95M->95M(128M) 1.369ms
[2024-10-11T04:32:42.619+0800][info] GC(405) User=0.00s Sys=0.00s Real=0.00s
[2024-10-11T04:32:42.619+0800][info] GC(405) Concurrent Mark 8.865ms
[2024-10-11T04:32:42.619+0800][info] GC(405) Concurrent Rebuild Remembered Sets
[2024-10-11T04:32:42.620+0800][info] GC(405) Concurrent Rebuild Remembered Sets 1.484ms
[2024-10-11T04:32:42.620+0800][info] GC(405) Pause Cleanup
[2024-10-11T04:32:42.621+0800][info] GC(405) Pause Cleanup 95M->95M(128M) 0.195ms
[2024-10-11T04:32:42.621+0800][info] GC(405) User=0.00s Sys=0.00s Real=0.00s
[2024-10-11T04:32:42.621+0800][info] GC(405) Concurrent Cleanup for Next Mark
[2024-10-11T04:32:42.621+0800][info] GC(405) Concurrent Cleanup for Next Mark 0.495ms
[2024-10-11T04:32:42.621+0800][info] GC(405) Concurrent Mark Cycle 11.545ms
[2024-10-11T04:32:42.762+0800][info] GC(406) Pause Young (Prepare Mixed) (G1 Evacuation Pause)
[2024-10-11T04:32:42.762+0800][info] GC(406) Using 3 workers of 48 for evacuation
[2024-10-11T04:32:42.764+0800][info] GC(406)   Pre Evacuate Collection Set: 0.1ms
[2024-10-11T04:32:42.764+0800][info] GC(406)   Merge Heap Roots: 0.1ms
[2024-10-11T04:32:42.764+0800][info] GC(406)   Evacuate Collection Set: 0.7ms
[2024-10-11T04:32:42.764+0800][info] GC(406)   Post Evacuate Collection Set: 0.2ms
[2024-10-11T04:32:42.764+0800][info] GC(406)   Other: 0.2ms
[2024-10-11T04:32:42.764+0800][info] GC(406) Eden regions: 2->0(2)
[2024-10-11T04:32:42.764+0800][info] GC(406) Survivor regions: 1->1(1)
[2024-10-11T04:32:42.764+0800][info] GC(406) Old regions: 49->50
[2024-10-11T04:32:42.764+0800][info] GC(406) Archive regions: 2->2
[2024-10-11T04:32:42.764+0800][info] GC(406) Humongous regions: 3->3
[2024-10-11T04:32:42.764+0800][info] GC(406) Metaspace: 1676K(1856K)->1676K(1856K) NonClass: 1552K(1664K)->1552K(1664K) Class: 124K(192K)->124K(192K)
[2024-10-11T04:32:42.764+0800][info] GC(406) Pause Young (Prepare Mixed) (G1 Evacuation Pause) 98M->98M(128M) 1.355ms
[2024-10-11T04:32:42.764+0800][info] GC(406) User=0.00s Sys=0.00s Real=0.00s
[2024-10-11T04:32:42.866+0800][info] GC(407) Pause Young (Mixed) (G1 Evacuation Pause)
[2024-10-11T04:32:42.866+0800][info] GC(407) Using 3 workers of 48 for evacuation
[2024-10-11T04:32:42.868+0800][info] GC(407)   Pre Evacuate Collection Set: 0.1ms
[2024-10-11T04:32:42.868+0800][info] GC(407)   Merge Heap Roots: 0.1ms
[2024-10-11T04:32:42.868+0800][info] GC(407)   Evacuate Collection Set: 1.3ms
[2024-10-11T04:32:42.868+0800][info] GC(407)   Post Evacuate Collection Set: 0.2ms
[2024-10-11T04:32:42.868+0800][info] GC(407)   Other: 0.2ms
[2024-10-11T04:32:42.868+0800][info] GC(407) Eden regions: 2->0(2)
[2024-10-11T04:32:42.868+0800][info] GC(407) Survivor regions: 1->1(1)
[2024-10-11T04:32:42.868+0800][info] GC(407) Old regions: 50->48
[2024-10-11T04:32:42.868+0800][info] GC(407) Archive regions: 2->2
[2024-10-11T04:32:42.868+0800][info] GC(407) Humongous regions: 3->3
[2024-10-11T04:32:42.868+0800][info] GC(407) Metaspace: 1676K(1856K)->1676K(1856K) NonClass: 1552K(1664K)->1552K(1664K) Class: 124K(192K)->124K(192K)
[2024-10-11T04:32:42.868+0800][info] GC(407) Pause Young (Mixed) (G1 Evacuation Pause) 101M->94M(128M) 1.967ms
[2024-10-11T04:32:42.868+0800][info] GC(407) User=0.01s Sys=0.00s Real=0.00s
[2024-10-11T04:32:42.970+0800][info] GC(408) Pause Young (Mixed) (G1 Evacuation Pause)
[2024-10-11T04:32:42.970+0800][info] GC(408) Using 3 workers of 48 for evacuation
[2024-10-11T04:32:42.972+0800][info] GC(408)   Pre Evacuate Collection Set: 0.1ms
[2024-10-11T04:32:42.972+0800][info] GC(408)   Merge Heap Roots: 0.1ms
[2024-10-11T04:32:42.972+0800][info] GC(408)   Evacuate Collection Set: 1.7ms
[2024-10-11T04:32:42.972+0800][info] GC(408)   Post Evacuate Collection Set: 0.2ms
[2024-10-11T04:32:42.972+0800][info] GC(408)   Other: 0.1ms
[2024-10-11T04:32:42.972+0800][info] GC(408) Eden regions: 2->0(2)
[2024-10-11T04:32:42.972+0800][info] GC(408) Survivor regions: 1->1(1)
[2024-10-11T04:32:42.972+0800][info] GC(408) Old regions: 48->46
[2024-10-11T04:32:42.972+0800][info] GC(408) Archive regions: 2->2
[2024-10-11T04:32:42.972+0800][info] GC(408) Humongous regions: 3->3
[2024-10-11T04:32:42.972+0800][info] GC(408) Metaspace: 1676K(1856K)->1676K(1856K) NonClass: 1552K(1664K)->1552K(1664K) Class: 124K(192K)->124K(192K)
[2024-10-11T04:32:42.972+0800][info] GC(408) Pause Young (Mixed) (G1 Evacuation Pause) 98M->93M(128M) 2.326ms
[2024-10-11T04:32:42.972+0800][info] GC(408) User=0.00s Sys=0.00s Real=0.00s
[2024-10-11T04:32:43.074+0800][info] GC(409) Pause Young (Mixed) (G1 Evacuation Pause)
[2024-10-11T04:32:43.075+0800][info] GC(409) Using 3 workers of 48 for evacuation
[2024-10-11T04:32:43.077+0800][info] GC(409)   Pre Evacuate Collection Set: 0.1ms
[2024-10-11T04:32:43.077+0800][info] GC(409)   Merge Heap Roots: 0.1ms
[2024-10-11T04:32:43.077+0800][info] GC(409)   Evacuate Collection Set: 1.9ms
[2024-10-11T04:32:43.077+0800][info] GC(409)   Post Evacuate Collection Set: 0.2ms
[2024-10-11T04:32:43.077+0800][info] GC(409)   Other: 0.1ms
[2024-10-11T04:32:43.077+0800][info] GC(409) Eden regions: 2->0(2)
[2024-10-11T04:32:43.077+0800][info] GC(409) Survivor regions: 1->1(1)
[2024-10-11T04:32:43.077+0800][info] GC(409) Old regions: 46->45
[2024-10-11T04:32:43.077+0800][info] GC(409) Archive regions: 2->2
[2024-10-11T04:32:43.077+0800][info] GC(409) Humongous regions: 3->3
[2024-10-11T04:32:43.077+0800][info] GC(409) Metaspace: 1676K(1856K)->1676K(1856K) NonClass: 1552K(1664K)->1552K(1664K) Class: 124K(192K)->124K(192K)
[2024-10-11T04:32:43.077+0800][info] GC(409) Pause Young (Mixed) (G1 Evacuation Pause) 96M->94M(128M) 2.587ms
[2024-10-11T04:32:43.077+0800][info] GC(409) User=0.01s Sys=0.00s Real=0.00s
[2024-10-11T04:32:43.179+0800][info] GC(410) Pause Young (Mixed) (G1 Evacuation Pause)
[2024-10-11T04:32:43.179+0800][info] GC(410) Using 3 workers of 48 for evacuation
[2024-10-11T04:32:43.181+0800][info] GC(410)   Pre Evacuate Collection Set: 0.1ms
[2024-10-11T04:32:43.181+0800][info] GC(410)   Merge Heap Roots: 0.1ms
[2024-10-11T04:32:43.181+0800][info] GC(410)   Evacuate Collection Set: 1.4ms
[2024-10-11T04:32:43.181+0800][info] GC(410)   Post Evacuate Collection Set: 0.2ms
[2024-10-11T04:32:43.181+0800][info] GC(410)   Other: 0.1ms
[2024-10-11T04:32:43.181+0800][info] GC(410) Eden regions: 2->0(2)
[2024-10-11T04:32:43.181+0800][info] GC(410) Survivor regions: 1->1(1)
[2024-10-11T04:32:43.181+0800][info] GC(410) Old regions: 45->46
[2024-10-11T04:32:43.181+0800][info] GC(410) Archive regions: 2->2
[2024-10-11T04:32:43.181+0800][info] GC(410) Humongous regions: 3->3
[2024-10-11T04:32:43.181+0800][info] GC(410) Metaspace: 1676K(1856K)->1676K(1856K) NonClass: 1552K(1664K)->1552K(1664K) Class: 124K(192K)->124K(192K)
[2024-10-11T04:32:43.181+0800][info] GC(410) Pause Young (Mixed) (G1 Evacuation Pause) 97M->97M(128M) 1.977ms
[2024-10-11T04:32:43.181+0800][info] GC(410) User=0.00s Sys=0.00s Real=0.00s
[2024-10-11T04:32:43.284+0800][info] GC(411) Pause Young (Normal) (G1 Evacuation Pause)
[2024-10-11T04:32:43.284+0800][info] GC(411) Using 3 workers of 48 for evacuation
[2024-10-11T04:32:43.285+0800][info] GC(411)   Pre Evacuate Collection Set: 0.1ms
[2024-10-11T04:32:43.285+0800][info] GC(411)   Merge Heap Roots: 0.0ms
[2024-10-11T04:32:43.285+0800][info] GC(411)   Evacuate Collection Set: 0.7ms
[2024-10-11T04:32:43.285+0800][info] GC(411)   Post Evacuate Collection Set: 0.2ms
[2024-10-11T04:32:43.285+0800][info] GC(411)   Other: 0.2ms
[2024-10-11T04:32:43.285+0800][info] GC(411) Eden regions: 2->0(2)
[2024-10-11T04:32:43.285+0800][info] GC(411) Survivor regions: 1->1(1)
[2024-10-11T04:32:43.285+0800][info] GC(411) Old regions: 46->48
[2024-10-11T04:32:43.285+0800][info] GC(411) Archive regions: 2->2
[2024-10-11T04:32:43.285+0800][info] GC(411) Humongous regions: 4->3
[2024-10-11T04:32:43.285+0800][info] GC(411) Metaspace: 1676K(1856K)->1676K(1856K) NonClass: 1552K(1664K)->1552K(1664K) Class: 124K(192K)->124K(192K)
[2024-10-11T04:32:43.285+0800][info] GC(411) Pause Young (Normal) (G1 Evacuation Pause) 102M->100M(128M) 1.292ms
[2024-10-11T04:32:43.285+0800][info] GC(411) User=0.01s Sys=0.00s Real=0.00s
[2024-10-11T04:32:43.387+0800][info] GC(412) Pause Young (Normal) (G1 Evacuation Pause)
[2024-10-11T04:32:43.387+0800][info] GC(412) Using 3 workers of 48 for evacuation
[2024-10-11T04:32:43.388+0800][info] GC(412)   Pre Evacuate Collection Set: 0.1ms
[2024-10-11T04:32:43.388+0800][info] GC(412)   Merge Heap Roots: 0.0ms
[2024-10-11T04:32:43.388+0800][info] GC(412)   Evacuate Collection Set: 0.7ms
[2024-10-11T04:32:43.388+0800][info] GC(412)   Post Evacuate Collection Set: 0.2ms
[2024-10-11T04:32:43.388+0800][info] GC(412)   Other: 0.2ms
[2024-10-11T04:32:43.388+0800][info] GC(412) Eden regions: 2->0(2)
[2024-10-11T04:32:43.388+0800][info] GC(412) Survivor regions: 1->1(1)
[2024-10-11T04:32:43.388+0800][info] GC(412) Old regions: 48->50
[2024-10-11T04:32:43.388+0800][info] GC(412) Archive regions: 2->2
[2024-10-11T04:32:43.388+0800][info] GC(412) Humongous regions: 3->3
[2024-10-11T04:32:43.388+0800][info] GC(412) Metaspace: 1676K(1856K)->1676K(1856K) NonClass: 1552K(1664K)->1552K(1664K) Class: 124K(192K)->124K(192K)
[2024-10-11T04:32:43.388+0800][info] GC(412) Pause Young (Normal) (G1 Evacuation Pause) 104M->104M(128M) 1.234ms
[2024-10-11T04:32:43.388+0800][info] GC(412) User=0.00s Sys=0.00s Real=0.00s
[2024-10-11T04:32:43.490+0800][info] GC(413) Pause Young (Concurrent Start) (G1 Evacuation Pause)
[2024-10-11T04:32:43.490+0800][info] GC(413) Using 3 workers of 48 for evacuation
[2024-10-11T04:32:43.492+0800][info] GC(413)   Pre Evacuate Collection Set: 0.1ms
[2024-10-11T04:32:43.492+0800][info] GC(413)   Merge Heap Roots: 0.0ms
[2024-10-11T04:32:43.492+0800][info] GC(413)   Evacuate Collection Set: 0.8ms
[2024-10-11T04:32:43.492+0800][info] GC(413)   Post Evacuate Collection Set: 0.2ms
[2024-10-11T04:32:43.492+0800][info] GC(413)   Other: 0.3ms
[2024-10-11T04:32:43.492+0800][info] GC(413) Eden regions: 2->0(2)
[2024-10-11T04:32:43.492+0800][info] GC(413) Survivor regions: 1->1(1)
[2024-10-11T04:32:43.492+0800][info] GC(413) Old regions: 50->52
[2024-10-11T04:32:43.492+0800][info] GC(413) Archive regions: 2->2
[2024-10-11T04:32:43.492+0800][info] GC(413) Humongous regions: 3->3
[2024-10-11T04:32:43.492+0800][info] GC(413) Metaspace: 1676K(1856K)->1676K(1856K) NonClass: 1552K(1664K)->1552K(1664K) Class: 124K(192K)->124K(192K)
[2024-10-11T04:32:43.492+0800][info] GC(413) Pause Young (Concurrent Start) (G1 Evacuation Pause) 108M->108M(128M) 1.473ms
[2024-10-11T04:32:43.492+0800][info] GC(413) User=0.00s Sys=0.00s Real=0.00s
[2024-10-11T04:32:43.492+0800][info] GC(414) Concurrent Mark Cycle
[2024-10-11T04:32:43.492+0800][info] GC(414) Concurrent Clear Claimed Marks
[2024-10-11T04:32:43.492+0800][info] GC(414) Concurrent Clear Claimed Marks 0.016ms
[2024-10-11T04:32:43.492+0800][info] GC(414) Concurrent Scan Root Regions
[2024-10-11T04:32:43.492+0800][info] GC(414) Concurrent Scan Root Regions 0.098ms
[2024-10-11T04:32:43.492+0800][info] GC(414) Concurrent Mark
[2024-10-11T04:32:43.492+0800][info] GC(414) Concurrent Mark From Roots
[2024-10-11T04:32:43.492+0800][info] GC(414) Using 12 workers of 12 for marking
[2024-10-11T04:32:43.496+0800][info] GC(414) Concurrent Mark From Roots 4.437ms
[2024-10-11T04:32:43.496+0800][info] GC(414) Concurrent Preclean
[2024-10-11T04:32:43.498+0800][info] GC(414) Concurrent Preclean 1.711ms
[2024-10-11T04:32:43.498+0800][info] GC(414) Pause Remark
[2024-10-11T04:32:43.500+0800][info] GC(414) Pause Remark 109M->109M(128M) 1.404ms
[2024-10-11T04:32:43.500+0800][info] GC(414) User=0.00s Sys=0.00s Real=0.00s
[2024-10-11T04:32:43.500+0800][info] GC(414) Concurrent Mark 7.846ms
[2024-10-11T04:32:43.500+0800][info] GC(414) Concurrent Rebuild Remembered Sets
[2024-10-11T04:32:43.502+0800][info] GC(414) Concurrent Rebuild Remembered Sets 1.650ms
[2024-10-11T04:32:43.502+0800][info] GC(414) Pause Cleanup
[2024-10-11T04:32:43.502+0800][info] GC(414) Pause Cleanup 109M->109M(128M) 0.176ms
[2024-10-11T04:32:43.502+0800][info] GC(414) User=0.00s Sys=0.00s Real=0.00s
[2024-10-11T04:32:43.502+0800][info] GC(414) Concurrent Cleanup for Next Mark
[2024-10-11T04:32:43.502+0800][info] GC(414) Concurrent Cleanup for Next Mark 0.440ms
[2024-10-11T04:32:43.502+0800][info] GC(414) Concurrent Mark Cycle 10.531ms
[2024-10-11T04:32:43.644+0800][info] GC(415) Pause Young (Prepare Mixed) (G1 Preventive Collection)
[2024-10-11T04:32:43.644+0800][info] GC(415) Using 3 workers of 48 for evacuation
[2024-10-11T04:32:43.646+0800][info] GC(415)   Pre Evacuate Collection Set: 0.1ms
[2024-10-11T04:32:43.646+0800][info] GC(415)   Merge Heap Roots: 0.1ms
[2024-10-11T04:32:43.646+0800][info] GC(415)   Evacuate Collection Set: 1.0ms
[2024-10-11T04:32:43.646+0800][info] GC(415)   Post Evacuate Collection Set: 0.2ms
[2024-10-11T04:32:43.646+0800][info] GC(415)   Other: 0.2ms
[2024-10-11T04:32:43.646+0800][info] GC(415) Eden regions: 2->0(2)
[2024-10-11T04:32:43.646+0800][info] GC(415) Survivor regions: 1->1(1)
[2024-10-11T04:32:43.646+0800][info] GC(415) Old regions: 52->54
[2024-10-11T04:32:43.646+0800][info] GC(415) Archive regions: 2->2
[2024-10-11T04:32:43.646+0800][info] GC(415) Humongous regions: 3->3
[2024-10-11T04:32:43.646+0800][info] GC(415) Metaspace: 1676K(1856K)->1676K(1856K) NonClass: 1552K(1664K)->1552K(1664K) Class: 124K(192K)->124K(192K)
[2024-10-11T04:32:43.646+0800][info] GC(415) Pause Young (Prepare Mixed) (G1 Preventive Collection) 112M->112M(128M) 1.603ms
[2024-10-11T04:32:43.646+0800][info] GC(415) User=0.00s Sys=0.00s Real=0.01s
[2024-10-11T04:32:43.708+0800][info] GC(416) Pause Young (Mixed) (G1 Preventive Collection)
[2024-10-11T04:32:43.708+0800][info] GC(416) Using 3 workers of 48 for evacuation
[2024-10-11T04:32:43.709+0800][info] GC(416) To-space exhausted
[2024-10-11T04:32:43.709+0800][info] GC(416)   Pre Evacuate Collection Set: 0.1ms
[2024-10-11T04:32:43.709+0800][info] GC(416)   Merge Heap Roots: 0.1ms
[2024-10-11T04:32:43.709+0800][info] GC(416)   Evacuate Collection Set: 0.9ms
[2024-10-11T04:32:43.709+0800][info] GC(416)   Post Evacuate Collection Set: 0.3ms
[2024-10-11T04:32:43.709+0800][info] GC(416)   Other: 0.2ms
[2024-10-11T04:32:43.709+0800][info] GC(416) Eden regions: 1->0(2)
[2024-10-11T04:32:43.709+0800][info] GC(416) Survivor regions: 1->1(1)
[2024-10-11T04:32:43.709+0800][info] GC(416) Old regions: 54->51
[2024-10-11T04:32:43.709+0800][info] GC(416) Archive regions: 2->2
[2024-10-11T04:32:43.709+0800][info] GC(416) Humongous regions: 3->3
[2024-10-11T04:32:43.709+0800][info] GC(416) Metaspace: 1676K(1856K)->1676K(1856K) NonClass: 1552K(1664K)->1552K(1664K) Class: 124K(192K)->124K(192K)
[2024-10-11T04:32:43.709+0800][info] GC(416) Pause Young (Mixed) (G1 Preventive Collection) 114M->108M(128M) 1.661ms
[2024-10-11T04:32:43.709+0800][info] GC(416) User=0.00s Sys=0.00s Real=0.00s
[2024-10-11T04:32:43.811+0800][info] GC(417) Pause Young (Mixed) (G1 Preventive Collection)
[2024-10-11T04:32:43.811+0800][info] GC(417) Using 3 workers of 48 for evacuation
[2024-10-11T04:32:43.813+0800][info] GC(417) To-space exhausted
[2024-10-11T04:32:43.813+0800][info] GC(417)   Pre Evacuate Collection Set: 0.1ms
[2024-10-11T04:32:43.813+0800][info] GC(417)   Merge Heap Roots: 0.1ms
[2024-10-11T04:32:43.813+0800][info] GC(417)   Evacuate Collection Set: 1.4ms
[2024-10-11T04:32:43.813+0800][info] GC(417)   Post Evacuate Collection Set: 0.3ms
[2024-10-11T04:32:43.813+0800][info] GC(417)   Other: 0.1ms
[2024-10-11T04:32:43.813+0800][info] GC(417) Eden regions: 2->0(2)
[2024-10-11T04:32:43.813+0800][info] GC(417) Survivor regions: 1->1(1)
[2024-10-11T04:32:43.813+0800][info] GC(417) Old regions: 51->52
[2024-10-11T04:32:43.813+0800][info] GC(417) Archive regions: 2->2
[2024-10-11T04:32:43.813+0800][info] GC(417) Humongous regions: 3->3
[2024-10-11T04:32:43.813+0800][info] GC(417) Metaspace: 1676K(1856K)->1676K(1856K) NonClass: 1552K(1664K)->1552K(1664K) Class: 124K(192K)->124K(192K)
[2024-10-11T04:32:43.814+0800][info] GC(417) Pause Young (Mixed) (G1 Preventive Collection) 112M->111M(128M) 2.086ms
[2024-10-11T04:32:43.814+0800][info] GC(417) User=0.01s Sys=0.00s Real=0.01s
[2024-10-11T04:32:43.875+0800][info] GC(418) Pause Young (Mixed) (G1 Preventive Collection)
[2024-10-11T04:32:43.875+0800][info] GC(418) Using 3 workers of 48 for evacuation
[2024-10-11T04:32:43.877+0800][info] GC(418) To-space exhausted
[2024-10-11T04:32:43.877+0800][info] GC(418)   Pre Evacuate Collection Set: 0.1ms
[2024-10-11T04:32:43.877+0800][info] GC(418)   Merge Heap Roots: 0.1ms
[2024-10-11T04:32:43.877+0800][info] GC(418)   Evacuate Collection Set: 1.6ms
[2024-10-11T04:32:43.877+0800][info] GC(418)   Post Evacuate Collection Set: 0.2ms
[2024-10-11T04:32:43.877+0800][info] GC(418)   Other: 0.2ms
[2024-10-11T04:32:43.877+0800][info] GC(418) Eden regions: 1->0(2)
[2024-10-11T04:32:43.877+0800][info] GC(418) Survivor regions: 1->1(1)
[2024-10-11T04:32:43.877+0800][info] GC(418) Old regions: 52->52
[2024-10-11T04:32:43.877+0800][info] GC(418) Archive regions: 2->2
[2024-10-11T04:32:43.877+0800][info] GC(418) Humongous regions: 3->3
[2024-10-11T04:32:43.877+0800][info] GC(418) Metaspace: 1676K(1856K)->1676K(1856K) NonClass: 1552K(1664K)->1552K(1664K) Class: 124K(192K)->124K(192K)
[2024-10-11T04:32:43.877+0800][info] GC(418) Pause Young (Mixed) (G1 Preventive Collection) 112M->110M(128M) 2.269ms
[2024-10-11T04:32:43.877+0800][info] GC(418) User=0.00s Sys=0.00s Real=0.00s
[2024-10-11T04:32:43.919+0800][info] GC(419) Pause Young (Mixed) (G1 Preventive Collection)
[2024-10-11T04:32:43.919+0800][info] GC(419) Using 3 workers of 48 for evacuation
[2024-10-11T04:32:43.920+0800][info] GC(419) To-space exhausted
[2024-10-11T04:32:43.920+0800][info] GC(419)   Pre Evacuate Collection Set: 0.1ms
[2024-10-11T04:32:43.920+0800][info] GC(419)   Merge Heap Roots: 0.1ms
[2024-10-11T04:32:43.920+0800][info] GC(419)   Evacuate Collection Set: 1.3ms
[2024-10-11T04:32:43.920+0800][info] GC(419)   Post Evacuate Collection Set: 0.3ms
[2024-10-11T04:32:43.920+0800][info] GC(419)   Other: 0.2ms
[2024-10-11T04:32:43.920+0800][info] GC(419) Eden regions: 1->0(2)
[2024-10-11T04:32:43.921+0800][info] GC(419) Survivor regions: 1->1(1)
[2024-10-11T04:32:43.921+0800][info] GC(419) Old regions: 52->56
[2024-10-11T04:32:43.921+0800][info] GC(419) Archive regions: 2->2
[2024-10-11T04:32:43.921+0800][info] GC(419) Humongous regions: 3->3
[2024-10-11T04:32:43.921+0800][info] GC(419) Metaspace: 1676K(1856K)->1676K(1856K) NonClass: 1552K(1664K)->1552K(1664K) Class: 124K(192K)->124K(192K)
[2024-10-11T04:32:43.921+0800][info] GC(419) Pause Young (Mixed) (G1 Preventive Collection) 112M->118M(128M) 2.027ms
[2024-10-11T04:32:43.921+0800][info] GC(419) User=0.01s Sys=0.00s Real=0.00s
[2024-10-11T04:32:43.982+0800][info] GC(420) Pause Young (Concurrent Start) (G1 Preventive Collection)
[2024-10-11T04:32:43.982+0800][info] GC(420) Using 3 workers of 48 for evacuation
[2024-10-11T04:32:43.983+0800][info] GC(420) To-space exhausted
[2024-10-11T04:32:43.983+0800][info] GC(420)   Pre Evacuate Collection Set: 0.1ms
[2024-10-11T04:32:43.983+0800][info] GC(420)   Merge Heap Roots: 0.0ms
[2024-10-11T04:32:43.983+0800][info] GC(420)   Evacuate Collection Set: 0.3ms
[2024-10-11T04:32:43.983+0800][info] GC(420)   Post Evacuate Collection Set: 0.2ms
[2024-10-11T04:32:43.983+0800][info] GC(420)   Other: 0.3ms
[2024-10-11T04:32:43.983+0800][info] GC(420) Eden regions: 1->0(2)
[2024-10-11T04:32:43.983+0800][info] GC(420) Survivor regions: 1->1(1)
[2024-10-11T04:32:43.983+0800][info] GC(420) Old regions: 56->57
[2024-10-11T04:32:43.983+0800][info] GC(420) Archive regions: 2->2
[2024-10-11T04:32:43.983+0800][info] GC(420) Humongous regions: 3->3
[2024-10-11T04:32:43.983+0800][info] GC(420) Metaspace: 1676K(1856K)->1676K(1856K) NonClass: 1552K(1664K)->1552K(1664K) Class: 124K(192K)->124K(192K)
[2024-10-11T04:32:43.983+0800][info] GC(420) Pause Young (Concurrent Start) (G1 Preventive Collection) 120M->120M(128M) 1.054ms
[2024-10-11T04:32:43.983+0800][info] GC(420) User=0.00s Sys=0.01s Real=0.00s
[2024-10-11T04:32:43.983+0800][info] GC(421) Concurrent Mark Cycle
[2024-10-11T04:32:43.983+0800][info] GC(421) Concurrent Clear Claimed Marks
[2024-10-11T04:32:43.983+0800][info] GC(421) Concurrent Clear Claimed Marks 0.016ms
[2024-10-11T04:32:43.983+0800][info] GC(421) Concurrent Scan Root Regions
[2024-10-11T04:32:43.983+0800][info] GC(421) Concurrent Scan Root Regions 0.084ms
[2024-10-11T04:32:43.983+0800][info] GC(421) Concurrent Mark
[2024-10-11T04:32:43.983+0800][info] GC(421) Concurrent Mark From Roots
[2024-10-11T04:32:43.983+0800][info] GC(421) Using 12 workers of 12 for marking
[2024-10-11T04:32:43.987+0800][info] GC(421) Concurrent Mark From Roots 4.052ms
[2024-10-11T04:32:43.988+0800][info] GC(421) Concurrent Preclean
[2024-10-11T04:32:43.989+0800][info] GC(421) Concurrent Preclean 1.707ms
[2024-10-11T04:32:43.989+0800][info] GC(421) Pause Remark
[2024-10-11T04:32:43.991+0800][info] GC(421) Pause Remark 120M->118M(128M) 1.476ms
[2024-10-11T04:32:43.991+0800][info] GC(421) User=0.00s Sys=0.00s Real=0.00s
[2024-10-11T04:32:43.991+0800][info] GC(421) Concurrent Mark 7.489ms
[2024-10-11T04:32:43.991+0800][info] GC(421) Concurrent Rebuild Remembered Sets
[2024-10-11T04:32:43.992+0800][info] GC(421) Concurrent Rebuild Remembered Sets 1.501ms
[2024-10-11T04:32:43.993+0800][info] GC(421) Pause Cleanup
[2024-10-11T04:32:43.993+0800][info] GC(421) Pause Cleanup 118M->118M(128M) 0.168ms
[2024-10-11T04:32:43.993+0800][info] GC(421) User=0.00s Sys=0.00s Real=0.00s
[2024-10-11T04:32:43.993+0800][info] GC(421) Concurrent Cleanup for Next Mark
[2024-10-11T04:32:43.993+0800][info] GC(421) Concurrent Cleanup for Next Mark 0.400ms
[2024-10-11T04:32:43.993+0800][info] GC(421) Concurrent Mark Cycle 9.931ms
[2024-10-11T04:32:44.075+0800][info] GC(422) Pause Young (Prepare Mixed) (G1 Preventive Collection)
[2024-10-11T04:32:44.075+0800][info] GC(422) Using 3 workers of 48 for evacuation
[2024-10-11T04:32:44.076+0800][info] GC(422) To-space exhausted
[2024-10-11T04:32:44.076+0800][info] GC(422)   Pre Evacuate Collection Set: 0.1ms
[2024-10-11T04:32:44.076+0800][info] GC(422)   Merge Heap Roots: 0.1ms
[2024-10-11T04:32:44.076+0800][info] GC(422)   Evacuate Collection Set: 0.5ms
[2024-10-11T04:32:44.076+0800][info] GC(422)   Post Evacuate Collection Set: 0.2ms
[2024-10-11T04:32:44.076+0800][info] GC(422)   Other: 0.2ms
[2024-10-11T04:32:44.076+0800][info] GC(422) Eden regions: 1->0(2)
[2024-10-11T04:32:44.076+0800][info] GC(422) Survivor regions: 1->1(1)
[2024-10-11T04:32:44.076+0800][info] GC(422) Old regions: 56->57
[2024-10-11T04:32:44.076+0800][info] GC(422) Archive regions: 2->2
[2024-10-11T04:32:44.076+0800][info] GC(422) Humongous regions: 3->3
[2024-10-11T04:32:44.076+0800][info] GC(422) Metaspace: 1676K(1856K)->1676K(1856K) NonClass: 1552K(1664K)->1552K(1664K) Class: 124K(192K)->124K(192K)
[2024-10-11T04:32:44.076+0800][info] GC(422) Pause Young (Prepare Mixed) (G1 Preventive Collection) 119M->119M(128M) 1.103ms
[2024-10-11T04:32:44.076+0800][info] GC(422) User=0.00s Sys=0.00s Real=0.00s
[2024-10-11T04:32:44.137+0800][info] GC(423) Pause Young (Mixed) (G1 Evacuation Pause)
[2024-10-11T04:32:44.137+0800][info] GC(423) Using 3 workers of 48 for evacuation
[2024-10-11T04:32:44.138+0800][info] GC(423) To-space exhausted
[2024-10-11T04:32:44.138+0800][info] GC(423)   Pre Evacuate Collection Set: 0.1ms
[2024-10-11T04:32:44.138+0800][info] GC(423)   Merge Heap Roots: 0.0ms
[2024-10-11T04:32:44.138+0800][info] GC(423)   Evacuate Collection Set: 0.2ms
[2024-10-11T04:32:44.138+0800][info] GC(423)   Post Evacuate Collection Set: 0.3ms
[2024-10-11T04:32:44.138+0800][info] GC(423)   Other: 0.2ms
[2024-10-11T04:32:44.138+0800][info] GC(423) Eden regions: 1->0(3)
[2024-10-11T04:32:44.138+0800][info] GC(423) Survivor regions: 1->0(0)
[2024-10-11T04:32:44.138+0800][info] GC(423) Old regions: 57->59
[2024-10-11T04:32:44.138+0800][info] GC(423) Archive regions: 2->2
[2024-10-11T04:32:44.138+0800][info] GC(423) Humongous regions: 3->3
[2024-10-11T04:32:44.138+0800][info] GC(423) Metaspace: 1676K(1856K)->1676K(1856K) NonClass: 1552K(1664K)->1552K(1664K) Class: 124K(192K)->124K(192K)
[2024-10-11T04:32:44.138+0800][info] GC(423) Pause Young (Mixed) (G1 Evacuation Pause) 121M->121M(128M) 0.891ms
[2024-10-11T04:32:44.138+0800][info] GC(423) User=0.00s Sys=0.00s Real=0.00s
[2024-10-11T04:32:44.138+0800][info] Attempting full compaction
[2024-10-11T04:32:44.138+0800][info] GC(424) Using 3 workers of 48 for full compaction
[2024-10-11T04:32:44.138+0800][info] GC(424) Pause Full (G1 Compaction Pause)
[2024-10-11T04:32:44.138+0800][info] GC(424) Phase 1: Mark live objects
[2024-10-11T04:32:44.141+0800][info] GC(424) Phase 1: Mark live objects 3.023ms
[2024-10-11T04:32:44.141+0800][info] GC(424) Phase 2: Prepare for compaction
[2024-10-11T04:32:44.142+0800][info] GC(424) Phase 2: Prepare for compaction 0.609ms
[2024-10-11T04:32:44.142+0800][info] GC(424) Phase 3: Adjust pointers
[2024-10-11T04:32:44.144+0800][info] GC(424) Phase 3: Adjust pointers 1.594ms
[2024-10-11T04:32:44.144+0800][info] GC(424) Phase 4: Compact heap
[2024-10-11T04:32:44.157+0800][info] GC(424) Phase 4: Compact heap 13.517ms
[2024-10-11T04:32:44.159+0800][info] GC(424) Eden regions: 0->0(4)
[2024-10-11T04:32:44.159+0800][info] GC(424) Survivor regions: 0->0(0)
[2024-10-11T04:32:44.159+0800][info] GC(424) Old regions: 59->38
[2024-10-11T04:32:44.159+0800][info] GC(424) Archive regions: 2->2
[2024-10-11T04:32:44.159+0800][info] GC(424) Humongous regions: 3->3
[2024-10-11T04:32:44.159+0800][info] GC(424) Metaspace: 1676K(1856K)->1676K(1856K) NonClass: 1552K(1664K)->1552K(1664K) Class: 124K(192K)->124K(192K)
[2024-10-11T04:32:44.159+0800][info] GC(424) Pause Full (G1 Compaction Pause) 121M->72M(128M) 20.436ms
[2024-10-11T04:32:44.159+0800][info] GC(424) User=0.04s Sys=0.00s Real=0.02s
[2024-10-11T04:32:44.364+0800][info] GC(425) Pause Young (Normal) (G1 Evacuation Pause)
[2024-10-11T04:32:44.364+0800][info] GC(425) Using 3 workers of 48 for evacuation
[2024-10-11T04:32:44.365+0800][info] GC(425)   Pre Evacuate Collection Set: 0.1ms
[2024-10-11T04:32:44.365+0800][info] GC(425)   Merge Heap Roots: 0.0ms
[2024-10-11T04:32:44.365+0800][info] GC(425)   Evacuate Collection Set: 1.0ms
[2024-10-11T04:32:44.365+0800][info] GC(425)   Post Evacuate Collection Set: 0.2ms
[2024-10-11T04:32:44.365+0800][info] GC(425)   Other: 0.2ms
[2024-10-11T04:32:44.365+0800][info] GC(425) Eden regions: 4->0(2)
[2024-10-11T04:32:44.365+0800][info] GC(425) Survivor regions: 0->1(1)
[2024-10-11T04:32:44.365+0800][info] GC(425) Old regions: 38->41
[2024-10-11T04:32:44.365+0800][info] GC(425) Archive regions: 2->2
[2024-10-11T04:32:44.365+0800][info] GC(425) Humongous regions: 3->3
[2024-10-11T04:32:44.365+0800][info] GC(425) Metaspace: 1676K(1856K)->1676K(1856K) NonClass: 1552K(1664K)->1552K(1664K) Class: 124K(192K)->124K(192K)
[2024-10-11T04:32:44.365+0800][info] GC(425) Pause Young (Normal) (G1 Evacuation Pause) 79M->79M(128M) 1.661ms
[2024-10-11T04:32:44.365+0800][info] GC(425) User=0.01s Sys=0.00s Real=0.01s
[2024-10-11T04:32:44.467+0800][info] GC(426) Pause Young (Normal) (G1 Evacuation Pause)
[2024-10-11T04:32:44.467+0800][info] GC(426) Using 3 workers of 48 for evacuation
[2024-10-11T04:32:44.469+0800][info] GC(426)   Pre Evacuate Collection Set: 0.1ms
[2024-10-11T04:32:44.469+0800][info] GC(426)   Merge Heap Roots: 0.0ms
[2024-10-11T04:32:44.469+0800][info] GC(426)   Evacuate Collection Set: 0.8ms
[2024-10-11T04:32:44.469+0800][info] GC(426)   Post Evacuate Collection Set: 0.2ms
[2024-10-11T04:32:44.469+0800][info] GC(426)   Other: 0.2ms
[2024-10-11T04:32:44.469+0800][info] GC(426) Eden regions: 2->0(2)
[2024-10-11T04:32:44.469+0800][info] GC(426) Survivor regions: 1->1(1)
[2024-10-11T04:32:44.469+0800][info] GC(426) Old regions: 41->43
[2024-10-11T04:32:44.469+0800][info] GC(426) Archive regions: 2->2
[2024-10-11T04:32:44.469+0800][info] GC(426) Humongous regions: 3->3
[2024-10-11T04:32:44.469+0800][info] GC(426) Metaspace: 1676K(1856K)->1676K(1856K) NonClass: 1552K(1664K)->1552K(1664K) Class: 124K(192K)->124K(192K)
[2024-10-11T04:32:44.469+0800][info] GC(426) Pause Young (Normal) (G1 Evacuation Pause) 82M->82M(128M) 1.368ms
[2024-10-11T04:32:44.469+0800][info] GC(426) User=0.00s Sys=0.01s Real=0.00s
[2024-10-11T04:32:44.571+0800][info] GC(427) Pause Young (Normal) (G1 Evacuation Pause)
[2024-10-11T04:32:44.571+0800][info] GC(427) Using 3 workers of 48 for evacuation
[2024-10-11T04:32:44.572+0800][info] GC(427)   Pre Evacuate Collection Set: 0.1ms
[2024-10-11T04:32:44.572+0800][info] GC(427)   Merge Heap Roots: 0.0ms
[2024-10-11T04:32:44.572+0800][info] GC(427)   Evacuate Collection Set: 0.7ms
[2024-10-11T04:32:44.572+0800][info] GC(427)   Post Evacuate Collection Set: 0.2ms
[2024-10-11T04:32:44.572+0800][info] GC(427)   Other: 0.2ms
[2024-10-11T04:32:44.572+0800][info] GC(427) Eden regions: 2->0(2)
[2024-10-11T04:32:44.572+0800][info] GC(427) Survivor regions: 1->1(1)
[2024-10-11T04:32:44.572+0800][info] GC(427) Old regions: 43->45
[2024-10-11T04:32:44.572+0800][info] GC(427) Archive regions: 2->2
[2024-10-11T04:32:44.572+0800][info] GC(427) Humongous regions: 3->3
[2024-10-11T04:32:44.572+0800][info] GC(427) Metaspace: 1676K(1856K)->1676K(1856K) NonClass: 1552K(1664K)->1552K(1664K) Class: 124K(192K)->124K(192K)
[2024-10-11T04:32:44.572+0800][info] GC(427) Pause Young (Normal) (G1 Evacuation Pause) 86M->86M(128M) 1.243ms
[2024-10-11T04:32:44.572+0800][info] GC(427) User=0.01s Sys=0.00s Real=0.00s
[2024-10-11T04:32:44.674+0800][info] GC(428) Pause Young (Normal) (G1 Evacuation Pause)
[2024-10-11T04:32:44.674+0800][info] GC(428) Using 3 workers of 48 for evacuation
[2024-10-11T04:32:44.675+0800][info] GC(428)   Pre Evacuate Collection Set: 0.1ms
[2024-10-11T04:32:44.675+0800][info] GC(428)   Merge Heap Roots: 0.0ms
[2024-10-11T04:32:44.675+0800][info] GC(428)   Evacuate Collection Set: 0.8ms
[2024-10-11T04:32:44.675+0800][info] GC(428)   Post Evacuate Collection Set: 0.2ms
[2024-10-11T04:32:44.675+0800][info] GC(428)   Other: 0.2ms
[2024-10-11T04:32:44.675+0800][info] GC(428) Eden regions: 2->0(2)
[2024-10-11T04:32:44.675+0800][info] GC(428) Survivor regions: 1->1(1)
[2024-10-11T04:32:44.675+0800][info] GC(428) Old regions: 45->47
[2024-10-11T04:32:44.675+0800][info] GC(428) Archive regions: 2->2
[2024-10-11T04:32:44.675+0800][info] GC(428) Humongous regions: 3->3
[2024-10-11T04:32:44.675+0800][info] GC(428) Metaspace: 1676K(1856K)->1676K(1856K) NonClass: 1552K(1664K)->1552K(1664K) Class: 124K(192K)->124K(192K)
[2024-10-11T04:32:44.675+0800][info] GC(428) Pause Young (Normal) (G1 Evacuation Pause) 90M->90M(128M) 1.329ms
[2024-10-11T04:32:44.675+0800][info] GC(428) User=0.00s Sys=0.00s Real=0.00s
[2024-10-11T04:32:44.777+0800][info] GC(429) Pause Young (Concurrent Start) (G1 Evacuation Pause)
[2024-10-11T04:32:44.777+0800][info] GC(429) Using 3 workers of 48 for evacuation
[2024-10-11T04:32:44.779+0800][info] GC(429)   Pre Evacuate Collection Set: 0.1ms
[2024-10-11T04:32:44.779+0800][info] GC(429)   Merge Heap Roots: 0.0ms
[2024-10-11T04:32:44.779+0800][info] GC(429)   Evacuate Collection Set: 0.8ms
[2024-10-11T04:32:44.779+0800][info] GC(429)   Post Evacuate Collection Set: 0.2ms
[2024-10-11T04:32:44.779+0800][info] GC(429)   Other: 0.3ms
[2024-10-11T04:32:44.779+0800][info] GC(429) Eden regions: 2->0(2)
[2024-10-11T04:32:44.779+0800][info] GC(429) Survivor regions: 1->1(1)
[2024-10-11T04:32:44.779+0800][info] GC(429) Old regions: 47->49
[2024-10-11T04:32:44.779+0800][info] GC(429) Archive regions: 2->2
[2024-10-11T04:32:44.779+0800][info] GC(429) Humongous regions: 3->3
[2024-10-11T04:32:44.779+0800][info] GC(429) Metaspace: 1676K(1856K)->1676K(1856K) NonClass: 1552K(1664K)->1552K(1664K) Class: 124K(192K)->124K(192K)
[2024-10-11T04:32:44.779+0800][info] GC(429) Pause Young (Concurrent Start) (G1 Evacuation Pause) 94M->94M(128M) 1.465ms
[2024-10-11T04:32:44.779+0800][info] GC(429) User=0.00s Sys=0.00s Real=0.00s
[2024-10-11T04:32:44.779+0800][info] GC(430) Concurrent Mark Cycle
[2024-10-11T04:32:44.779+0800][info] GC(430) Concurrent Clear Claimed Marks
[2024-10-11T04:32:44.779+0800][info] GC(430) Concurrent Clear Claimed Marks 0.016ms
[2024-10-11T04:32:44.779+0800][info] GC(430) Concurrent Scan Root Regions
[2024-10-11T04:32:44.779+0800][info] GC(430) Concurrent Scan Root Regions 0.168ms
[2024-10-11T04:32:44.779+0800][info] GC(430) Concurrent Mark
[2024-10-11T04:32:44.779+0800][info] GC(430) Concurrent Mark From Roots
[2024-10-11T04:32:44.779+0800][info] GC(430) Using 12 workers of 12 for marking
[2024-10-11T04:32:44.783+0800][info] GC(430) Concurrent Mark From Roots 4.147ms
[2024-10-11T04:32:44.783+0800][info] GC(430) Concurrent Preclean
[2024-10-11T04:32:44.785+0800][info] GC(430) Concurrent Preclean 1.678ms
[2024-10-11T04:32:44.785+0800][info] GC(430) Pause Remark
[2024-10-11T04:32:44.787+0800][info] GC(430) Pause Remark 95M->95M(128M) 1.397ms
[2024-10-11T04:32:44.787+0800][info] GC(430) User=0.01s Sys=0.00s Real=0.00s
[2024-10-11T04:32:44.787+0800][info] GC(430) Concurrent Mark 7.492ms
[2024-10-11T04:32:44.787+0800][info] GC(430) Concurrent Rebuild Remembered Sets
[2024-10-11T04:32:44.788+0800][info] GC(430) Concurrent Rebuild Remembered Sets 1.482ms
[2024-10-11T04:32:44.788+0800][info] GC(430) Pause Cleanup
[2024-10-11T04:32:44.789+0800][info] GC(430) Pause Cleanup 95M->95M(128M) 0.247ms
[2024-10-11T04:32:44.789+0800][info] GC(430) User=0.00s Sys=0.00s Real=0.00s
[2024-10-11T04:32:44.789+0800][info] GC(430) Concurrent Cleanup for Next Mark
[2024-10-11T04:32:44.789+0800][info] GC(430) Concurrent Cleanup for Next Mark 0.427ms
[2024-10-11T04:32:44.789+0800][info] GC(430) Concurrent Mark Cycle 10.204ms
[2024-10-11T04:32:44.932+0800][info] GC(431) Pause Young (Prepare Mixed) (G1 Evacuation Pause)
[2024-10-11T04:32:44.932+0800][info] GC(431) Using 3 workers of 48 for evacuation
[2024-10-11T04:32:44.933+0800][info] GC(431)   Pre Evacuate Collection Set: 0.1ms
[2024-10-11T04:32:44.933+0800][info] GC(431)   Merge Heap Roots: 0.1ms
[2024-10-11T04:32:44.933+0800][info] GC(431)   Evacuate Collection Set: 0.8ms
[2024-10-11T04:32:44.933+0800][info] GC(431)   Post Evacuate Collection Set: 0.2ms
[2024-10-11T04:32:44.933+0800][info] GC(431)   Other: 0.2ms
[2024-10-11T04:32:44.933+0800][info] GC(431) Eden regions: 2->0(2)
[2024-10-11T04:32:44.933+0800][info] GC(431) Survivor regions: 1->1(1)
[2024-10-11T04:32:44.933+0800][info] GC(431) Old regions: 49->51
[2024-10-11T04:32:44.933+0800][info] GC(431) Archive regions: 2->2
[2024-10-11T04:32:44.933+0800][info] GC(431) Humongous regions: 3->3
[2024-10-11T04:32:44.933+0800][info] GC(431) Metaspace: 1676K(1856K)->1676K(1856K) NonClass: 1552K(1664K)->1552K(1664K) Class: 124K(192K)->124K(192K)
[2024-10-11T04:32:44.933+0800][info] GC(431) Pause Young (Prepare Mixed) (G1 Evacuation Pause) 98M->98M(128M) 1.427ms
[2024-10-11T04:32:44.933+0800][info] GC(431) User=0.00s Sys=0.00s Real=0.01s
[2024-10-11T04:32:45.035+0800][info] GC(432) Pause Young (Mixed) (G1 Preventive Collection)
[2024-10-11T04:32:45.035+0800][info] GC(432) Using 3 workers of 48 for evacuation
[2024-10-11T04:32:45.037+0800][info] GC(432)   Pre Evacuate Collection Set: 0.1ms
[2024-10-11T04:32:45.037+0800][info] GC(432)   Merge Heap Roots: 0.1ms
[2024-10-11T04:32:45.037+0800][info] GC(432)   Evacuate Collection Set: 1.3ms
[2024-10-11T04:32:45.037+0800][info] GC(432)   Post Evacuate Collection Set: 0.2ms
[2024-10-11T04:32:45.037+0800][info] GC(432)   Other: 0.2ms
[2024-10-11T04:32:45.037+0800][info] GC(432) Eden regions: 2->0(2)
[2024-10-11T04:32:45.037+0800][info] GC(432) Survivor regions: 1->1(1)
[2024-10-11T04:32:45.037+0800][info] GC(432) Old regions: 51->47
[2024-10-11T04:32:45.037+0800][info] GC(432) Archive regions: 2->2
[2024-10-11T04:32:45.037+0800][info] GC(432) Humongous regions: 3->3
[2024-10-11T04:32:45.037+0800][info] GC(432) Metaspace: 1676K(1856K)->1676K(1856K) NonClass: 1552K(1664K)->1552K(1664K) Class: 124K(192K)->124K(192K)
[2024-10-11T04:32:45.037+0800][info] GC(432) Pause Young (Mixed) (G1 Preventive Collection) 102M->94M(128M) 1.944ms
[2024-10-11T04:32:45.037+0800][info] GC(432) User=0.00s Sys=0.00s Real=0.00s
[2024-10-11T04:32:45.139+0800][info] GC(433) Pause Young (Mixed) (G1 Evacuation Pause)
[2024-10-11T04:32:45.140+0800][info] GC(433) Using 3 workers of 48 for evacuation
[2024-10-11T04:32:45.142+0800][info] GC(433)   Pre Evacuate Collection Set: 0.1ms
[2024-10-11T04:32:45.142+0800][info] GC(433)   Merge Heap Roots: 0.1ms
[2024-10-11T04:32:45.142+0800][info] GC(433)   Evacuate Collection Set: 1.7ms
[2024-10-11T04:32:45.142+0800][info] GC(433)   Post Evacuate Collection Set: 0.2ms
[2024-10-11T04:32:45.142+0800][info] GC(433)   Other: 0.1ms
[2024-10-11T04:32:45.142+0800][info] GC(433) Eden regions: 2->0(2)
[2024-10-11T04:32:45.142+0800][info] GC(433) Survivor regions: 1->1(1)
[2024-10-11T04:32:45.142+0800][info] GC(433) Old regions: 47->46
[2024-10-11T04:32:45.142+0800][info] GC(433) Archive regions: 2->2
[2024-10-11T04:32:45.142+0800][info] GC(433) Humongous regions: 3->3
[2024-10-11T04:32:45.142+0800][info] GC(433) Metaspace: 1676K(1856K)->1676K(1856K) NonClass: 1552K(1664K)->1552K(1664K) Class: 124K(192K)->124K(192K)
[2024-10-11T04:32:45.142+0800][info] GC(433) Pause Young (Mixed) (G1 Evacuation Pause) 98M->93M(128M) 2.336ms
[2024-10-11T04:32:45.142+0800][info] GC(433) User=0.00s Sys=0.00s Real=0.00s
[2024-10-11T04:32:45.244+0800][info] GC(434) Pause Young (Mixed) (G1 Evacuation Pause)
[2024-10-11T04:32:45.244+0800][info] GC(434) Using 3 workers of 48 for evacuation
[2024-10-11T04:32:45.246+0800][info] GC(434)   Pre Evacuate Collection Set: 0.1ms
[2024-10-11T04:32:45.246+0800][info] GC(434)   Merge Heap Roots: 0.1ms
[2024-10-11T04:32:45.246+0800][info] GC(434)   Evacuate Collection Set: 1.8ms
[2024-10-11T04:32:45.246+0800][info] GC(434)   Post Evacuate Collection Set: 0.2ms
[2024-10-11T04:32:45.246+0800][info] GC(434)   Other: 0.2ms
[2024-10-11T04:32:45.246+0800][info] GC(434) Eden regions: 2->0(2)
[2024-10-11T04:32:45.246+0800][info] GC(434) Survivor regions: 1->1(1)
[2024-10-11T04:32:45.246+0800][info] GC(434) Old regions: 46->45
[2024-10-11T04:32:45.246+0800][info] GC(434) Archive regions: 2->2
[2024-10-11T04:32:45.246+0800][info] GC(434) Humongous regions: 3->3
[2024-10-11T04:32:45.246+0800][info] GC(434) Metaspace: 1676K(1856K)->1676K(1856K) NonClass: 1552K(1664K)->1552K(1664K) Class: 124K(192K)->124K(192K)
[2024-10-11T04:32:45.246+0800][info] GC(434) Pause Young (Mixed) (G1 Evacuation Pause) 97M->93M(128M) 2.509ms
[2024-10-11T04:32:45.246+0800][info] GC(434) User=0.01s Sys=0.00s Real=0.01s
[2024-10-11T04:32:45.348+0800][info] GC(435) Pause Young (Mixed) (G1 Evacuation Pause)
[2024-10-11T04:32:45.349+0800][info] GC(435) Using 3 workers of 48 for evacuation
[2024-10-11T04:32:45.350+0800][info] GC(435)   Pre Evacuate Collection Set: 0.3ms
[2024-10-11T04:32:45.350+0800][info] GC(435)   Merge Heap Roots: 0.1ms
[2024-10-11T04:32:45.351+0800][info] GC(435)   Evacuate Collection Set: 1.3ms
[2024-10-11T04:32:45.351+0800][info] GC(435)   Post Evacuate Collection Set: 0.2ms
[2024-10-11T04:32:45.351+0800][info] GC(435)   Other: 0.1ms
[2024-10-11T04:32:45.351+0800][info] GC(435) Eden regions: 2->0(2)
[2024-10-11T04:32:45.351+0800][info] GC(435) Survivor regions: 1->1(1)
[2024-10-11T04:32:45.351+0800][info] GC(435) Old regions: 45->46
[2024-10-11T04:32:45.351+0800][info] GC(435) Archive regions: 2->2
[2024-10-11T04:32:45.351+0800][info] GC(435) Humongous regions: 3->3
[2024-10-11T04:32:45.351+0800][info] GC(435) Metaspace: 1676K(1856K)->1676K(1856K) NonClass: 1552K(1664K)->1552K(1664K) Class: 124K(192K)->124K(192K)
[2024-10-11T04:32:45.351+0800][info] GC(435) Pause Young (Mixed) (G1 Evacuation Pause) 97M->95M(128M) 2.163ms
[2024-10-11T04:32:45.351+0800][info] GC(435) User=0.01s Sys=0.00s Real=0.00s
[2024-10-11T04:32:45.453+0800][info] GC(436) Pause Young (Normal) (G1 Evacuation Pause)
[2024-10-11T04:32:45.453+0800][info] GC(436) Using 3 workers of 48 for evacuation
[2024-10-11T04:32:45.454+0800][info] GC(436)   Pre Evacuate Collection Set: 0.1ms
[2024-10-11T04:32:45.454+0800][info] GC(436)   Merge Heap Roots: 0.0ms
[2024-10-11T04:32:45.454+0800][info] GC(436)   Evacuate Collection Set: 0.6ms
[2024-10-11T04:32:45.454+0800][info] GC(436)   Post Evacuate Collection Set: 0.2ms
[2024-10-11T04:32:45.454+0800][info] GC(436)   Other: 0.2ms
[2024-10-11T04:32:45.454+0800][info] GC(436) Eden regions: 2->0(2)
[2024-10-11T04:32:45.454+0800][info] GC(436) Survivor regions: 1->1(1)
[2024-10-11T04:32:45.454+0800][info] GC(436) Old regions: 46->47
[2024-10-11T04:32:45.454+0800][info] GC(436) Archive regions: 2->2
[2024-10-11T04:32:45.454+0800][info] GC(436) Humongous regions: 3->3
[2024-10-11T04:32:45.454+0800][info] GC(436) Metaspace: 1676K(1856K)->1676K(1856K) NonClass: 1552K(1664K)->1552K(1664K) Class: 124K(192K)->124K(192K)
[2024-10-11T04:32:45.454+0800][info] GC(436) Pause Young (Normal) (G1 Evacuation Pause) 99M->98M(128M) 1.160ms
[2024-10-11T04:32:45.454+0800][info] GC(436) User=0.00s Sys=0.00s Real=0.01s
[2024-10-11T04:32:45.474+0800][info] GC(437) Pause Young (Concurrent Start) (G1 Humongous Allocation)
[2024-10-11T04:32:45.474+0800][info] GC(437) Using 3 workers of 48 for evacuation
[2024-10-11T04:32:45.475+0800][info] GC(437)   Pre Evacuate Collection Set: 0.1ms
[2024-10-11T04:32:45.475+0800][info] GC(437)   Merge Heap Roots: 0.0ms
[2024-10-11T04:32:45.475+0800][info] GC(437)   Evacuate Collection Set: 0.5ms
[2024-10-11T04:32:45.475+0800][info] GC(437)   Post Evacuate Collection Set: 0.2ms
[2024-10-11T04:32:45.475+0800][info] GC(437)   Other: 0.4ms
[2024-10-11T04:32:45.475+0800][info] GC(437) Eden regions: 1->0(2)
[2024-10-11T04:32:45.475+0800][info] GC(437) Survivor regions: 1->1(1)
[2024-10-11T04:32:45.475+0800][info] GC(437) Old regions: 47->48
[2024-10-11T04:32:45.475+0800][info] GC(437) Archive regions: 2->2
[2024-10-11T04:32:45.475+0800][info] GC(437) Humongous regions: 3->3
[2024-10-11T04:32:45.475+0800][info] GC(437) Metaspace: 1676K(1856K)->1676K(1856K) NonClass: 1552K(1664K)->1552K(1664K) Class: 124K(192K)->124K(192K)
[2024-10-11T04:32:45.476+0800][info] GC(437) Pause Young (Concurrent Start) (G1 Humongous Allocation) 99M->99M(128M) 1.197ms
[2024-10-11T04:32:45.476+0800][info] GC(437) User=0.00s Sys=0.00s Real=0.00s
[2024-10-11T04:32:45.476+0800][info] GC(438) Concurrent Mark Cycle
[2024-10-11T04:32:45.476+0800][info] GC(438) Concurrent Clear Claimed Marks
[2024-10-11T04:32:45.476+0800][info] GC(438) Concurrent Clear Claimed Marks 0.016ms
[2024-10-11T04:32:45.476+0800][info] GC(438) Concurrent Scan Root Regions
[2024-10-11T04:32:45.476+0800][info] GC(438) Concurrent Scan Root Regions 0.098ms
[2024-10-11T04:32:45.476+0800][info] GC(438) Concurrent Mark
[2024-10-11T04:32:45.476+0800][info] GC(438) Concurrent Mark From Roots
[2024-10-11T04:32:45.476+0800][info] GC(438) Using 12 workers of 12 for marking
[2024-10-11T04:32:45.481+0800][info] GC(438) Concurrent Mark From Roots 5.387ms
[2024-10-11T04:32:45.481+0800][info] GC(438) Concurrent Preclean
[2024-10-11T04:32:45.483+0800][info] GC(438) Concurrent Preclean 1.687ms
[2024-10-11T04:32:45.483+0800][info] GC(438) Pause Remark
[2024-10-11T04:32:45.484+0800][info] GC(438) Pause Remark 101M->99M(128M) 1.467ms
[2024-10-11T04:32:45.485+0800][info] GC(438) User=0.00s Sys=0.00s Real=0.00s
[2024-10-11T04:32:45.485+0800][info] GC(438) Concurrent Mark 8.789ms
[2024-10-11T04:32:45.485+0800][info] GC(438) Concurrent Rebuild Remembered Sets
[2024-10-11T04:32:45.486+0800][info] GC(438) Concurrent Rebuild Remembered Sets 1.587ms
[2024-10-11T04:32:45.486+0800][info] GC(438) Pause Cleanup
[2024-10-11T04:32:45.487+0800][info] GC(438) Pause Cleanup 99M->99M(128M) 0.244ms
[2024-10-11T04:32:45.487+0800][info] GC(438) User=0.00s Sys=0.00s Real=0.00s
[2024-10-11T04:32:45.487+0800][info] GC(438) Concurrent Cleanup for Next Mark
[2024-10-11T04:32:45.487+0800][info] GC(438) Concurrent Cleanup for Next Mark 0.405ms
[2024-10-11T04:32:45.487+0800][info] GC(438) Concurrent Mark Cycle 11.486ms
[2024-10-11T04:32:45.649+0800][info] GC(439) Pause Young (Prepare Mixed) (G1 Evacuation Pause)
[2024-10-11T04:32:45.649+0800][info] GC(439) Using 3 workers of 48 for evacuation
[2024-10-11T04:32:45.651+0800][info] GC(439)   Pre Evacuate Collection Set: 0.1ms
[2024-10-11T04:32:45.651+0800][info] GC(439)   Merge Heap Roots: 0.1ms
[2024-10-11T04:32:45.651+0800][info] GC(439)   Evacuate Collection Set: 0.7ms
[2024-10-11T04:32:45.651+0800][info] GC(439)   Post Evacuate Collection Set: 0.2ms
[2024-10-11T04:32:45.651+0800][info] GC(439)   Other: 0.2ms
[2024-10-11T04:32:45.651+0800][info] GC(439) Eden regions: 2->0(2)
[2024-10-11T04:32:45.651+0800][info] GC(439) Survivor regions: 1->1(1)
[2024-10-11T04:32:45.651+0800][info] GC(439) Old regions: 47->49
[2024-10-11T04:32:45.651+0800][info] GC(439) Archive regions: 2->2
[2024-10-11T04:32:45.651+0800][info] GC(439) Humongous regions: 4->3
[2024-10-11T04:32:45.651+0800][info] GC(439) Metaspace: 1676K(1856K)->1676K(1856K) NonClass: 1552K(1664K)->1552K(1664K) Class: 124K(192K)->124K(192K)
[2024-10-11T04:32:45.651+0800][info] GC(439) Pause Young (Prepare Mixed) (G1 Evacuation Pause) 103M->102M(128M) 1.371ms
[2024-10-11T04:32:45.651+0800][info] GC(439) User=0.00s Sys=0.00s Real=0.00s
[2024-10-11T04:32:45.753+0800][info] GC(440) Pause Young (Mixed) (G1 Evacuation Pause)
[2024-10-11T04:32:45.753+0800][info] GC(440) Using 3 workers of 48 for evacuation
[2024-10-11T04:32:45.755+0800][info] GC(440)   Pre Evacuate Collection Set: 0.1ms
[2024-10-11T04:32:45.755+0800][info] GC(440)   Merge Heap Roots: 0.1ms
[2024-10-11T04:32:45.755+0800][info] GC(440)   Evacuate Collection Set: 1.6ms
[2024-10-11T04:32:45.755+0800][info] GC(440)   Post Evacuate Collection Set: 0.2ms
[2024-10-11T04:32:45.755+0800][info] GC(440)   Other: 0.2ms
[2024-10-11T04:32:45.755+0800][info] GC(440) Eden regions: 2->0(2)
[2024-10-11T04:32:45.755+0800][info] GC(440) Survivor regions: 1->1(1)
[2024-10-11T04:32:45.755+0800][info] GC(440) Old regions: 49->47
[2024-10-11T04:32:45.755+0800][info] GC(440) Archive regions: 2->2
[2024-10-11T04:32:45.755+0800][info] GC(440) Humongous regions: 3->3
[2024-10-11T04:32:45.755+0800][info] GC(440) Metaspace: 1676K(1856K)->1676K(1856K) NonClass: 1552K(1664K)->1552K(1664K) Class: 124K(192K)->124K(192K)
[2024-10-11T04:32:45.755+0800][info] GC(440) Pause Young (Mixed) (G1 Evacuation Pause) 105M->99M(128M) 2.392ms
[2024-10-11T04:32:45.755+0800][info] GC(440) User=0.01s Sys=0.00s Real=0.01s
[2024-10-11T04:32:45.857+0800][info] GC(441) Pause Young (Mixed) (G1 Evacuation Pause)
[2024-10-11T04:32:45.857+0800][info] GC(441) Using 3 workers of 48 for evacuation
[2024-10-11T04:32:45.860+0800][info] GC(441)   Pre Evacuate Collection Set: 0.1ms
[2024-10-11T04:32:45.860+0800][info] GC(441)   Merge Heap Roots: 0.1ms
[2024-10-11T04:32:45.860+0800][info] GC(441)   Evacuate Collection Set: 1.8ms
[2024-10-11T04:32:45.860+0800][info] GC(441)   Post Evacuate Collection Set: 0.2ms
[2024-10-11T04:32:45.860+0800][info] GC(441)   Other: 0.1ms
[2024-10-11T04:32:45.860+0800][info] GC(441) Eden regions: 2->0(2)
[2024-10-11T04:32:45.860+0800][info] GC(441) Survivor regions: 1->1(1)
[2024-10-11T04:32:45.860+0800][info] GC(441) Old regions: 47->47
[2024-10-11T04:32:45.860+0800][info] GC(441) Archive regions: 2->2
[2024-10-11T04:32:45.860+0800][info] GC(441) Humongous regions: 3->3
[2024-10-11T04:32:45.860+0800][info] GC(441) Metaspace: 1676K(1856K)->1676K(1856K) NonClass: 1552K(1664K)->1552K(1664K) Class: 124K(192K)->124K(192K)
[2024-10-11T04:32:45.860+0800][info] GC(441) Pause Young (Mixed) (G1 Evacuation Pause) 103M->99M(128M) 2.450ms
[2024-10-11T04:32:45.860+0800][info] GC(441) User=0.00s Sys=0.00s Real=0.00s
[2024-10-11T04:32:45.962+0800][info] GC(442) Pause Young (Mixed) (G1 Evacuation Pause)
[2024-10-11T04:32:45.962+0800][info] GC(442) Using 3 workers of 48 for evacuation
[2024-10-11T04:32:45.965+0800][info] GC(442)   Pre Evacuate Collection Set: 0.1ms
[2024-10-11T04:32:45.965+0800][info] GC(442)   Merge Heap Roots: 0.1ms
[2024-10-11T04:32:45.965+0800][info] GC(442)   Evacuate Collection Set: 2.0ms
[2024-10-11T04:32:45.965+0800][info] GC(442)   Post Evacuate Collection Set: 0.2ms
[2024-10-11T04:32:45.965+0800][info] GC(442)   Other: 0.1ms
[2024-10-11T04:32:45.965+0800][info] GC(442) Eden regions: 2->0(2)
[2024-10-11T04:32:45.965+0800][info] GC(442) Survivor regions: 1->1(1)
[2024-10-11T04:32:45.965+0800][info] GC(442) Old regions: 47->47
[2024-10-11T04:32:45.965+0800][info] GC(442) Archive regions: 2->2
[2024-10-11T04:32:45.965+0800][info] GC(442) Humongous regions: 3->3
[2024-10-11T04:32:45.965+0800][info] GC(442) Metaspace: 1676K(1856K)->1676K(1856K) NonClass: 1552K(1664K)->1552K(1664K) Class: 124K(192K)->124K(192K)
[2024-10-11T04:32:45.965+0800][info] GC(442) Pause Young (Mixed) (G1 Evacuation Pause) 102M->99M(128M) 2.645ms
[2024-10-11T04:32:45.965+0800][info] GC(442) User=0.00s Sys=0.00s Real=0.00s
[2024-10-11T04:32:46.066+0800][info] GC(443) Pause Young (Mixed) (G1 Evacuation Pause)
[2024-10-11T04:32:46.067+0800][info] GC(443) Using 3 workers of 48 for evacuation
[2024-10-11T04:32:46.068+0800][info] GC(443)   Pre Evacuate Collection Set: 0.1ms
[2024-10-11T04:32:46.068+0800][info] GC(443)   Merge Heap Roots: 0.1ms
[2024-10-11T04:32:46.068+0800][info] GC(443)   Evacuate Collection Set: 1.5ms
[2024-10-11T04:32:46.068+0800][info] GC(443)   Post Evacuate Collection Set: 0.2ms
[2024-10-11T04:32:46.069+0800][info] GC(443)   Other: 0.1ms
[2024-10-11T04:32:46.069+0800][info] GC(443) Eden regions: 2->0(2)
[2024-10-11T04:32:46.069+0800][info] GC(443) Survivor regions: 1->1(1)
[2024-10-11T04:32:46.069+0800][info] GC(443) Old regions: 47->47
[2024-10-11T04:32:46.069+0800][info] GC(443) Archive regions: 2->2
[2024-10-11T04:32:46.069+0800][info] GC(443) Humongous regions: 3->3
[2024-10-11T04:32:46.069+0800][info] GC(443) Metaspace: 1676K(1856K)->1676K(1856K) NonClass: 1552K(1664K)->1552K(1664K) Class: 124K(192K)->124K(192K)
[2024-10-11T04:32:46.069+0800][info] GC(443) Pause Young (Mixed) (G1 Evacuation Pause) 103M->100M(128M) 2.151ms
[2024-10-11T04:32:46.069+0800][info] GC(443) User=0.01s Sys=0.00s Real=0.00s
[2024-10-11T04:32:46.171+0800][info] GC(444) Pause Young (Normal) (G1 Evacuation Pause)
[2024-10-11T04:32:46.171+0800][info] GC(444) Using 3 workers of 48 for evacuation
[2024-10-11T04:32:46.172+0800][info] GC(444)   Pre Evacuate Collection Set: 0.1ms
[2024-10-11T04:32:46.172+0800][info] GC(444)   Merge Heap Roots: 0.0ms
[2024-10-11T04:32:46.172+0800][info] GC(444)   Evacuate Collection Set: 0.7ms
[2024-10-11T04:32:46.172+0800][info] GC(444)   Post Evacuate Collection Set: 0.2ms
[2024-10-11T04:32:46.172+0800][info] GC(444)   Other: 0.2ms
[2024-10-11T04:32:46.172+0800][info] GC(444) Eden regions: 2->0(2)
[2024-10-11T04:32:46.172+0800][info] GC(444) Survivor regions: 1->1(1)
[2024-10-11T04:32:46.172+0800][info] GC(444) Old regions: 47->49
[2024-10-11T04:32:46.172+0800][info] GC(444) Archive regions: 2->2
[2024-10-11T04:32:46.172+0800][info] GC(444) Humongous regions: 3->3
[2024-10-11T04:32:46.172+0800][info] GC(444) Metaspace: 1676K(1856K)->1676K(1856K) NonClass: 1552K(1664K)->1552K(1664K) Class: 124K(192K)->124K(192K)
[2024-10-11T04:32:46.172+0800][info] GC(444) Pause Young (Normal) (G1 Evacuation Pause) 104M->104M(128M) 1.220ms
[2024-10-11T04:32:46.172+0800][info] GC(444) User=0.00s Sys=0.00s Real=0.00s
[2024-10-11T04:32:46.274+0800][info] GC(445) Pause Young (Normal) (G1 Evacuation Pause)
[2024-10-11T04:32:46.274+0800][info] GC(445) Using 3 workers of 48 for evacuation
[2024-10-11T04:32:46.275+0800][info] GC(445)   Pre Evacuate Collection Set: 0.1ms
[2024-10-11T04:32:46.275+0800][info] GC(445)   Merge Heap Roots: 0.0ms
[2024-10-11T04:32:46.275+0800][info] GC(445)   Evacuate Collection Set: 0.8ms
[2024-10-11T04:32:46.275+0800][info] GC(445)   Post Evacuate Collection Set: 0.2ms
[2024-10-11T04:32:46.275+0800][info] GC(445)   Other: 0.2ms
[2024-10-11T04:32:46.275+0800][info] GC(445) Eden regions: 2->0(2)
[2024-10-11T04:32:46.275+0800][info] GC(445) Survivor regions: 1->1(1)
[2024-10-11T04:32:46.275+0800][info] GC(445) Old regions: 49->51
[2024-10-11T04:32:46.275+0800][info] GC(445) Archive regions: 2->2
[2024-10-11T04:32:46.275+0800][info] GC(445) Humongous regions: 3->3
[2024-10-11T04:32:46.275+0800][info] GC(445) Metaspace: 1676K(1856K)->1676K(1856K) NonClass: 1552K(1664K)->1552K(1664K) Class: 124K(192K)->124K(192K)
[2024-10-11T04:32:46.275+0800][info] GC(445) Pause Young (Normal) (G1 Evacuation Pause) 107M->107M(128M) 1.371ms
[2024-10-11T04:32:46.275+0800][info] GC(445) User=0.01s Sys=0.00s Real=0.00s
[2024-10-11T04:32:46.378+0800][info] GC(446) Pause Young (Concurrent Start) (G1 Evacuation Pause)
[2024-10-11T04:32:46.378+0800][info] GC(446) Using 3 workers of 48 for evacuation
[2024-10-11T04:32:46.379+0800][info] GC(446)   Pre Evacuate Collection Set: 0.1ms
[2024-10-11T04:32:46.379+0800][info] GC(446)   Merge Heap Roots: 0.0ms
[2024-10-11T04:32:46.379+0800][info] GC(446)   Evacuate Collection Set: 0.8ms
[2024-10-11T04:32:46.379+0800][info] GC(446)   Post Evacuate Collection Set: 0.2ms
[2024-10-11T04:32:46.379+0800][info] GC(446)   Other: 0.3ms
[2024-10-11T04:32:46.379+0800][info] GC(446) Eden regions: 2->0(2)
[2024-10-11T04:32:46.379+0800][info] GC(446) Survivor regions: 1->1(1)
[2024-10-11T04:32:46.379+0800][info] GC(446) Old regions: 51->52
[2024-10-11T04:32:46.379+0800][info] GC(446) Archive regions: 2->2
[2024-10-11T04:32:46.379+0800][info] GC(446) Humongous regions: 3->3
[2024-10-11T04:32:46.379+0800][info] GC(446) Metaspace: 1676K(1856K)->1676K(1856K) NonClass: 1552K(1664K)->1552K(1664K) Class: 124K(192K)->124K(192K)
[2024-10-11T04:32:46.379+0800][info] GC(446) Pause Young (Concurrent Start) (G1 Evacuation Pause) 111M->110M(128M) 1.533ms
[2024-10-11T04:32:46.379+0800][info] GC(446) User=0.00s Sys=0.00s Real=0.00s
[2024-10-11T04:32:46.379+0800][info] GC(447) Concurrent Mark Cycle
[2024-10-11T04:32:46.379+0800][info] GC(447) Concurrent Clear Claimed Marks
[2024-10-11T04:32:46.379+0800][info] GC(447) Concurrent Clear Claimed Marks 0.038ms
[2024-10-11T04:32:46.379+0800][info] GC(447) Concurrent Scan Root Regions
[2024-10-11T04:32:46.379+0800][info] GC(447) Concurrent Scan Root Regions 0.103ms
[2024-10-11T04:32:46.379+0800][info] GC(447) Concurrent Mark
[2024-10-11T04:32:46.379+0800][info] GC(447) Concurrent Mark From Roots
[2024-10-11T04:32:46.379+0800][info] GC(447) Using 12 workers of 12 for marking
[2024-10-11T04:32:46.385+0800][info] GC(447) Concurrent Mark From Roots 5.619ms
[2024-10-11T04:32:46.385+0800][info] GC(447) Concurrent Preclean
[2024-10-11T04:32:46.387+0800][info] GC(447) Concurrent Preclean 1.678ms
[2024-10-11T04:32:46.387+0800][info] GC(447) Pause Remark
[2024-10-11T04:32:46.388+0800][info] GC(447) Pause Remark 111M->111M(128M) 1.431ms
[2024-10-11T04:32:46.388+0800][info] GC(447) User=0.00s Sys=0.00s Real=0.00s
[2024-10-11T04:32:46.389+0800][info] GC(447) Concurrent Mark 9.021ms
[2024-10-11T04:32:46.389+0800][info] GC(447) Concurrent Rebuild Remembered Sets
[2024-10-11T04:32:46.390+0800][info] GC(447) Concurrent Rebuild Remembered Sets 1.403ms
[2024-10-11T04:32:46.390+0800][info] GC(447) Pause Cleanup
[2024-10-11T04:32:46.390+0800][info] GC(447) Pause Cleanup 111M->111M(128M) 0.253ms
[2024-10-11T04:32:46.390+0800][info] GC(447) User=0.00s Sys=0.00s Real=0.00s
[2024-10-11T04:32:46.390+0800][info] GC(447) Concurrent Cleanup for Next Mark
[2024-10-11T04:32:46.391+0800][info] GC(447) Concurrent Cleanup for Next Mark 0.385ms
[2024-10-11T04:32:46.391+0800][info] GC(447) Concurrent Mark Cycle 11.546ms
[2024-10-11T04:32:46.532+0800][info] GC(448) Pause Young (Prepare Mixed) (G1 Preventive Collection)
[2024-10-11T04:32:46.532+0800][info] GC(448) Using 3 workers of 48 for evacuation
[2024-10-11T04:32:46.533+0800][info] GC(448)   Pre Evacuate Collection Set: 0.1ms
[2024-10-11T04:32:46.533+0800][info] GC(448)   Merge Heap Roots: 0.1ms
[2024-10-11T04:32:46.533+0800][info] GC(448)   Evacuate Collection Set: 0.8ms
[2024-10-11T04:32:46.533+0800][info] GC(448)   Post Evacuate Collection Set: 0.2ms
[2024-10-11T04:32:46.533+0800][info] GC(448)   Other: 0.2ms
[2024-10-11T04:32:46.533+0800][info] GC(448) Eden regions: 2->0(2)
[2024-10-11T04:32:46.533+0800][info] GC(448) Survivor regions: 1->1(1)
[2024-10-11T04:32:46.533+0800][info] GC(448) Old regions: 52->54
[2024-10-11T04:32:46.533+0800][info] GC(448) Archive regions: 2->2
[2024-10-11T04:32:46.533+0800][info] GC(448) Humongous regions: 3->3
[2024-10-11T04:32:46.533+0800][info] GC(448) Metaspace: 1676K(1856K)->1676K(1856K) NonClass: 1552K(1664K)->1552K(1664K) Class: 124K(192K)->124K(192K)
[2024-10-11T04:32:46.533+0800][info] GC(448) Pause Young (Prepare Mixed) (G1 Preventive Collection) 114M->114M(128M) 1.460ms
[2024-10-11T04:32:46.533+0800][info] GC(448) User=0.00s Sys=0.00s Real=0.01s
[2024-10-11T04:32:46.595+0800][info] GC(449) Pause Young (Mixed) (G1 Preventive Collection)
[2024-10-11T04:32:46.595+0800][info] GC(449) Using 3 workers of 48 for evacuation
[2024-10-11T04:32:46.596+0800][info] GC(449) To-space exhausted
[2024-10-11T04:32:46.596+0800][info] GC(449)   Pre Evacuate Collection Set: 0.1ms
[2024-10-11T04:32:46.596+0800][info] GC(449)   Merge Heap Roots: 0.1ms
[2024-10-11T04:32:46.596+0800][info] GC(449)   Evacuate Collection Set: 0.9ms
[2024-10-11T04:32:46.596+0800][info] GC(449)   Post Evacuate Collection Set: 0.3ms
[2024-10-11T04:32:46.596+0800][info] GC(449)   Other: 0.2ms
[2024-10-11T04:32:46.596+0800][info] GC(449) Eden regions: 1->0(2)
[2024-10-11T04:32:46.596+0800][info] GC(449) Survivor regions: 1->1(1)
[2024-10-11T04:32:46.596+0800][info] GC(449) Old regions: 54->53
[2024-10-11T04:32:46.596+0800][info] GC(449) Archive regions: 2->2
[2024-10-11T04:32:46.596+0800][info] GC(449) Humongous regions: 3->3
[2024-10-11T04:32:46.596+0800][info] GC(449) Metaspace: 1676K(1856K)->1676K(1856K) NonClass: 1552K(1664K)->1552K(1664K) Class: 124K(192K)->124K(192K)
[2024-10-11T04:32:46.596+0800][info] GC(449) Pause Young (Mixed) (G1 Preventive Collection) 116M->113M(128M) 1.663ms
[2024-10-11T04:32:46.596+0800][info] GC(449) User=0.01s Sys=0.00s Real=0.00s
[2024-10-11T04:32:46.638+0800][info] GC(450) Pause Young (Mixed) (G1 Preventive Collection)
[2024-10-11T04:32:46.638+0800][info] GC(450) Using 3 workers of 48 for evacuation
[2024-10-11T04:32:46.639+0800][info] GC(450) To-space exhausted
[2024-10-11T04:32:46.639+0800][info] GC(450)   Pre Evacuate Collection Set: 0.1ms
[2024-10-11T04:32:46.639+0800][info] GC(450)   Merge Heap Roots: 0.1ms
[2024-10-11T04:32:46.639+0800][info] GC(450)   Evacuate Collection Set: 1.2ms
[2024-10-11T04:32:46.639+0800][info] GC(450)   Post Evacuate Collection Set: 0.2ms
[2024-10-11T04:32:46.639+0800][info] GC(450)   Other: 0.2ms
[2024-10-11T04:32:46.639+0800][info] GC(450) Eden regions: 1->0(2)
[2024-10-11T04:32:46.640+0800][info] GC(450) Survivor regions: 1->1(1)
[2024-10-11T04:32:46.640+0800][info] GC(450) Old regions: 53->56
[2024-10-11T04:32:46.640+0800][info] GC(450) Archive regions: 2->2
[2024-10-11T04:32:46.640+0800][info] GC(450) Humongous regions: 3->3
[2024-10-11T04:32:46.640+0800][info] GC(450) Metaspace: 1676K(1856K)->1676K(1856K) NonClass: 1552K(1664K)->1552K(1664K) Class: 124K(192K)->124K(192K)
[2024-10-11T04:32:46.640+0800][info] GC(450) Pause Young (Mixed) (G1 Preventive Collection) 115M->119M(128M) 1.852ms
[2024-10-11T04:32:46.640+0800][info] GC(450) User=0.01s Sys=0.00s Real=0.00s
[2024-10-11T04:32:46.701+0800][info] GC(451) Pause Young (Mixed) (G1 Preventive Collection)
[2024-10-11T04:32:46.701+0800][info] GC(451) Using 3 workers of 48 for evacuation
[2024-10-11T04:32:46.703+0800][info] GC(451) To-space exhausted
[2024-10-11T04:32:46.703+0800][info] GC(451)   Pre Evacuate Collection Set: 0.1ms
[2024-10-11T04:32:46.703+0800][info] GC(451)   Merge Heap Roots: 0.1ms
[2024-10-11T04:32:46.703+0800][info] GC(451)   Evacuate Collection Set: 0.9ms
[2024-10-11T04:32:46.703+0800][info] GC(451)   Post Evacuate Collection Set: 0.7ms
[2024-10-11T04:32:46.703+0800][info] GC(451)   Other: 0.1ms
[2024-10-11T04:32:46.703+0800][info] GC(451) Eden regions: 1->0(2)
[2024-10-11T04:32:46.703+0800][info] GC(451) Survivor regions: 1->1(1)
[2024-10-11T04:32:46.703+0800][info] GC(451) Old regions: 56->57
[2024-10-11T04:32:46.703+0800][info] GC(451) Archive regions: 2->2
[2024-10-11T04:32:46.703+0800][info] GC(451) Humongous regions: 3->3
[2024-10-11T04:32:46.703+0800][info] GC(451) Metaspace: 1676K(1856K)->1676K(1856K) NonClass: 1552K(1664K)->1552K(1664K) Class: 124K(192K)->124K(192K)
[2024-10-11T04:32:46.703+0800][info] GC(451) Pause Young (Mixed) (G1 Preventive Collection) 120M->120M(128M) 2.035ms
[2024-10-11T04:32:46.703+0800][info] GC(451) User=0.00s Sys=0.00s Real=0.00s
[2024-10-11T04:32:46.744+0800][info] GC(452) Pause Young (Mixed) (G1 Evacuation Pause)
[2024-10-11T04:32:46.744+0800][info] GC(452) Using 3 workers of 48 for evacuation
[2024-10-11T04:32:46.745+0800][info] GC(452) To-space exhausted
[2024-10-11T04:32:46.745+0800][info] GC(452)   Pre Evacuate Collection Set: 0.1ms
[2024-10-11T04:32:46.745+0800][info] GC(452)   Merge Heap Roots: 0.1ms
[2024-10-11T04:32:46.745+0800][info] GC(452)   Evacuate Collection Set: 0.4ms
[2024-10-11T04:32:46.745+0800][info] GC(452)   Post Evacuate Collection Set: 0.2ms
[2024-10-11T04:32:46.745+0800][info] GC(452)   Other: 0.1ms
[2024-10-11T04:32:46.745+0800][info] GC(452) Eden regions: 1->0(3)
[2024-10-11T04:32:46.745+0800][info] GC(452) Survivor regions: 1->0(0)
[2024-10-11T04:32:46.745+0800][info] GC(452) Old regions: 57->59
[2024-10-11T04:32:46.745+0800][info] GC(452) Archive regions: 2->2
[2024-10-11T04:32:46.745+0800][info] GC(452) Humongous regions: 3->3
[2024-10-11T04:32:46.745+0800][info] GC(452) Metaspace: 1676K(1856K)->1676K(1856K) NonClass: 1552K(1664K)->1552K(1664K) Class: 124K(192K)->124K(192K)
[2024-10-11T04:32:46.745+0800][info] GC(452) Pause Young (Mixed) (G1 Evacuation Pause) 122M->122M(128M) 1.080ms
[2024-10-11T04:32:46.745+0800][info] GC(452) User=0.00s Sys=0.00s Real=0.00s
[2024-10-11T04:32:46.745+0800][info] Attempting full compaction
[2024-10-11T04:32:46.745+0800][info] GC(453) Using 3 workers of 48 for full compaction
[2024-10-11T04:32:46.745+0800][info] GC(453) Pause Full (G1 Compaction Pause)
[2024-10-11T04:32:46.745+0800][info] GC(453) Phase 1: Mark live objects
[2024-10-11T04:32:46.748+0800][info] GC(453) Phase 1: Mark live objects 3.165ms
[2024-10-11T04:32:46.748+0800][info] GC(453) Phase 2: Prepare for compaction
[2024-10-11T04:32:46.749+0800][info] GC(453) Phase 2: Prepare for compaction 0.582ms
[2024-10-11T04:32:46.749+0800][info] GC(453) Phase 3: Adjust pointers
[2024-10-11T04:32:46.750+0800][info] GC(453) Phase 3: Adjust pointers 1.648ms
[2024-10-11T04:32:46.750+0800][info] GC(453) Phase 4: Compact heap
[2024-10-11T04:32:46.762+0800][info] GC(453) Phase 4: Compact heap 11.628ms
[2024-10-11T04:32:46.764+0800][info] GC(453) Eden regions: 0->0(4)
[2024-10-11T04:32:46.764+0800][info] GC(453) Survivor regions: 0->0(0)
[2024-10-11T04:32:46.764+0800][info] GC(453) Old regions: 59->38
[2024-10-11T04:32:46.764+0800][info] GC(453) Archive regions: 2->2
[2024-10-11T04:32:46.764+0800][info] GC(453) Humongous regions: 3->3
[2024-10-11T04:32:46.764+0800][info] GC(453) Metaspace: 1676K(1856K)->1676K(1856K) NonClass: 1552K(1664K)->1552K(1664K) Class: 124K(192K)->124K(192K)
[2024-10-11T04:32:46.764+0800][info] GC(453) Pause Full (G1 Compaction Pause) 122M->72M(128M) 18.711ms
[2024-10-11T04:32:46.764+0800][info] GC(453) User=0.04s Sys=0.00s Real=0.02s
[2024-10-11T04:32:46.989+0800][info] GC(454) Pause Young (Normal) (G1 Evacuation Pause)
[2024-10-11T04:32:46.989+0800][info] GC(454) Using 3 workers of 48 for evacuation
[2024-10-11T04:32:46.990+0800][info] GC(454)   Pre Evacuate Collection Set: 0.1ms
[2024-10-11T04:32:46.990+0800][info] GC(454)   Merge Heap Roots: 0.0ms
[2024-10-11T04:32:46.990+0800][info] GC(454)   Evacuate Collection Set: 1.1ms
[2024-10-11T04:32:46.990+0800][info] GC(454)   Post Evacuate Collection Set: 0.2ms
[2024-10-11T04:32:46.991+0800][info] GC(454)   Other: 0.2ms
[2024-10-11T04:32:46.991+0800][info] GC(454) Eden regions: 4->0(2)
[2024-10-11T04:32:46.991+0800][info] GC(454) Survivor regions: 0->1(1)
[2024-10-11T04:32:46.991+0800][info] GC(454) Old regions: 38->41
[2024-10-11T04:32:46.991+0800][info] GC(454) Archive regions: 2->2
[2024-10-11T04:32:46.991+0800][info] GC(454) Humongous regions: 3->3
[2024-10-11T04:32:46.991+0800][info] GC(454) Metaspace: 1676K(1856K)->1676K(1856K) NonClass: 1552K(1664K)->1552K(1664K) Class: 124K(192K)->124K(192K)
[2024-10-11T04:32:46.991+0800][info] GC(454) Pause Young (Normal) (G1 Evacuation Pause) 80M->80M(128M) 1.727ms
[2024-10-11T04:32:46.991+0800][info] GC(454) User=0.00s Sys=0.00s Real=0.00s
[2024-10-11T04:32:47.093+0800][info] GC(455) Pause Young (Normal) (G1 Evacuation Pause)
[2024-10-11T04:32:47.093+0800][info] GC(455) Using 3 workers of 48 for evacuation
[2024-10-11T04:32:47.094+0800][info] GC(455)   Pre Evacuate Collection Set: 0.1ms
[2024-10-11T04:32:47.094+0800][info] GC(455)   Merge Heap Roots: 0.0ms
[2024-10-11T04:32:47.094+0800][info] GC(455)   Evacuate Collection Set: 0.8ms
[2024-10-11T04:32:47.094+0800][info] GC(455)   Post Evacuate Collection Set: 0.2ms
[2024-10-11T04:32:47.094+0800][info] GC(455)   Other: 0.2ms
[2024-10-11T04:32:47.094+0800][info] GC(455) Eden regions: 2->0(2)
[2024-10-11T04:32:47.094+0800][info] GC(455) Survivor regions: 1->1(1)
[2024-10-11T04:32:47.094+0800][info] GC(455) Old regions: 41->43
[2024-10-11T04:32:47.094+0800][info] GC(455) Archive regions: 2->2
[2024-10-11T04:32:47.094+0800][info] GC(455) Humongous regions: 3->3
[2024-10-11T04:32:47.094+0800][info] GC(455) Metaspace: 1676K(1856K)->1676K(1856K) NonClass: 1552K(1664K)->1552K(1664K) Class: 124K(192K)->124K(192K)
[2024-10-11T04:32:47.094+0800][info] GC(455) Pause Young (Normal) (G1 Evacuation Pause) 83M->84M(128M) 1.362ms
[2024-10-11T04:32:47.094+0800][info] GC(455) User=0.00s Sys=0.00s Real=0.01s
[2024-10-11T04:32:47.196+0800][info] GC(456) Pause Young (Normal) (G1 Evacuation Pause)
[2024-10-11T04:32:47.196+0800][info] GC(456) Using 3 workers of 48 for evacuation
[2024-10-11T04:32:47.197+0800][info] GC(456)   Pre Evacuate Collection Set: 0.1ms
[2024-10-11T04:32:47.197+0800][info] GC(456)   Merge Heap Roots: 0.0ms
[2024-10-11T04:32:47.197+0800][info] GC(456)   Evacuate Collection Set: 0.7ms
[2024-10-11T04:32:47.197+0800][info] GC(456)   Post Evacuate Collection Set: 0.2ms
[2024-10-11T04:32:47.197+0800][info] GC(456)   Other: 0.2ms
[2024-10-11T04:32:47.197+0800][info] GC(456) Eden regions: 2->0(2)
[2024-10-11T04:32:47.197+0800][info] GC(456) Survivor regions: 1->1(1)
[2024-10-11T04:32:47.197+0800][info] GC(456) Old regions: 43->45
[2024-10-11T04:32:47.197+0800][info] GC(456) Archive regions: 2->2
[2024-10-11T04:32:47.197+0800][info] GC(456) Humongous regions: 3->3
[2024-10-11T04:32:47.197+0800][info] GC(456) Metaspace: 1676K(1856K)->1676K(1856K) NonClass: 1552K(1664K)->1552K(1664K) Class: 124K(192K)->124K(192K)
[2024-10-11T04:32:47.197+0800][info] GC(456) Pause Young (Normal) (G1 Evacuation Pause) 87M->87M(128M) 1.312ms
[2024-10-11T04:32:47.197+0800][info] GC(456) User=0.00s Sys=0.00s Real=0.00s
[2024-10-11T04:32:47.300+0800][info] GC(457) Pause Young (Normal) (G1 Evacuation Pause)
[2024-10-11T04:32:47.300+0800][info] GC(457) Using 3 workers of 48 for evacuation
[2024-10-11T04:32:47.301+0800][info] GC(457)   Pre Evacuate Collection Set: 0.1ms
[2024-10-11T04:32:47.301+0800][info] GC(457)   Merge Heap Roots: 0.0ms
[2024-10-11T04:32:47.301+0800][info] GC(457)   Evacuate Collection Set: 0.7ms
[2024-10-11T04:32:47.301+0800][info] GC(457)   Post Evacuate Collection Set: 0.2ms
[2024-10-11T04:32:47.301+0800][info] GC(457)   Other: 0.2ms
[2024-10-11T04:32:47.301+0800][info] GC(457) Eden regions: 2->0(2)
[2024-10-11T04:32:47.301+0800][info] GC(457) Survivor regions: 1->1(1)
[2024-10-11T04:32:47.301+0800][info] GC(457) Old regions: 45->47
[2024-10-11T04:32:47.301+0800][info] GC(457) Archive regions: 2->2
[2024-10-11T04:32:47.301+0800][info] GC(457) Humongous regions: 3->3
[2024-10-11T04:32:47.301+0800][info] GC(457) Metaspace: 1676K(1856K)->1676K(1856K) NonClass: 1552K(1664K)->1552K(1664K) Class: 124K(192K)->124K(192K)
[2024-10-11T04:32:47.301+0800][info] GC(457) Pause Young (Normal) (G1 Evacuation Pause) 91M->91M(128M) 1.222ms
[2024-10-11T04:32:47.301+0800][info] GC(457) User=0.01s Sys=0.00s Real=0.00s
[2024-10-11T04:32:47.403+0800][info] GC(458) Pause Young (Concurrent Start) (G1 Evacuation Pause)
[2024-10-11T04:32:47.403+0800][info] GC(458) Using 3 workers of 48 for evacuation
[2024-10-11T04:32:47.404+0800][info] GC(458)   Pre Evacuate Collection Set: 0.1ms
[2024-10-11T04:32:47.404+0800][info] GC(458)   Merge Heap Roots: 0.0ms
[2024-10-11T04:32:47.404+0800][info] GC(458)   Evacuate Collection Set: 0.8ms
[2024-10-11T04:32:47.404+0800][info] GC(458)   Post Evacuate Collection Set: 0.2ms
[2024-10-11T04:32:47.404+0800][info] GC(458)   Other: 0.3ms
[2024-10-11T04:32:47.404+0800][info] GC(458) Eden regions: 2->0(2)
[2024-10-11T04:32:47.404+0800][info] GC(458) Survivor regions: 1->1(1)
[2024-10-11T04:32:47.404+0800][info] GC(458) Old regions: 47->49
[2024-10-11T04:32:47.404+0800][info] GC(458) Archive regions: 2->2
[2024-10-11T04:32:47.404+0800][info] GC(458) Humongous regions: 3->3
[2024-10-11T04:32:47.404+0800][info] GC(458) Metaspace: 1676K(1856K)->1676K(1856K) NonClass: 1552K(1664K)->1552K(1664K) Class: 124K(192K)->124K(192K)
[2024-10-11T04:32:47.404+0800][info] GC(458) Pause Young (Concurrent Start) (G1 Evacuation Pause) 95M->95M(128M) 1.494ms
[2024-10-11T04:32:47.404+0800][info] GC(458) User=0.00s Sys=0.00s Real=0.00s
[2024-10-11T04:32:47.404+0800][info] GC(459) Concurrent Mark Cycle
[2024-10-11T04:32:47.404+0800][info] GC(459) Concurrent Clear Claimed Marks
[2024-10-11T04:32:47.404+0800][info] GC(459) Concurrent Clear Claimed Marks 0.017ms
[2024-10-11T04:32:47.404+0800][info] GC(459) Concurrent Scan Root Regions
[2024-10-11T04:32:47.404+0800][info] GC(459) Concurrent Scan Root Regions 0.102ms
[2024-10-11T04:32:47.404+0800][info] GC(459) Concurrent Mark
[2024-10-11T04:32:47.404+0800][info] GC(459) Concurrent Mark From Roots
[2024-10-11T04:32:47.404+0800][info] GC(459) Using 12 workers of 12 for marking
[2024-10-11T04:32:47.409+0800][info] GC(459) Concurrent Mark From Roots 4.436ms
[2024-10-11T04:32:47.409+0800][info] GC(459) Concurrent Preclean
[2024-10-11T04:32:47.411+0800][info] GC(459) Concurrent Preclean 1.736ms
[2024-10-11T04:32:47.411+0800][info] GC(459) Pause Remark
[2024-10-11T04:32:47.412+0800][info] GC(459) Pause Remark 96M->96M(128M) 1.458ms
[2024-10-11T04:32:47.412+0800][info] GC(459) User=0.00s Sys=0.00s Real=0.00s
[2024-10-11T04:32:47.412+0800][info] GC(459) Concurrent Mark 7.948ms
[2024-10-11T04:32:47.412+0800][info] GC(459) Concurrent Rebuild Remembered Sets
[2024-10-11T04:32:47.414+0800][info] GC(459) Concurrent Rebuild Remembered Sets 1.437ms
[2024-10-11T04:32:47.414+0800][info] GC(459) Pause Cleanup
[2024-10-11T04:32:47.414+0800][info] GC(459) Pause Cleanup 96M->96M(128M) 0.216ms
[2024-10-11T04:32:47.414+0800][info] GC(459) User=0.00s Sys=0.00s Real=0.00s
[2024-10-11T04:32:47.414+0800][info] GC(459) Concurrent Cleanup for Next Mark
[2024-10-11T04:32:47.415+0800][info] GC(459) Concurrent Cleanup for Next Mark 0.430ms
[2024-10-11T04:32:47.415+0800][info] GC(459) Concurrent Mark Cycle 10.431ms
[2024-10-11T04:32:47.557+0800][info] GC(460) Pause Young (Prepare Mixed) (G1 Evacuation Pause)
[2024-10-11T04:32:47.557+0800][info] GC(460) Using 3 workers of 48 for evacuation
[2024-10-11T04:32:47.558+0800][info] GC(460)   Pre Evacuate Collection Set: 0.1ms
[2024-10-11T04:32:47.558+0800][info] GC(460)   Merge Heap Roots: 0.1ms
[2024-10-11T04:32:47.558+0800][info] GC(460)   Evacuate Collection Set: 0.8ms
[2024-10-11T04:32:47.558+0800][info] GC(460)   Post Evacuate Collection Set: 0.2ms
[2024-10-11T04:32:47.558+0800][info] GC(460)   Other: 0.2ms
[2024-10-11T04:32:47.558+0800][info] GC(460) Eden regions: 2->0(2)
[2024-10-11T04:32:47.559+0800][info] GC(460) Survivor regions: 1->1(1)
[2024-10-11T04:32:47.559+0800][info] GC(460) Old regions: 49->51
[2024-10-11T04:32:47.559+0800][info] GC(460) Archive regions: 2->2
[2024-10-11T04:32:47.559+0800][info] GC(460) Humongous regions: 3->3
[2024-10-11T04:32:47.559+0800][info] GC(460) Metaspace: 1676K(1856K)->1676K(1856K) NonClass: 1552K(1664K)->1552K(1664K) Class: 124K(192K)->124K(192K)
[2024-10-11T04:32:47.559+0800][info] GC(460) Pause Young (Prepare Mixed) (G1 Evacuation Pause) 99M->100M(128M) 1.374ms
[2024-10-11T04:32:47.559+0800][info] GC(460) User=0.00s Sys=0.00s Real=0.00s
[2024-10-11T04:32:47.660+0800][info] GC(461) Pause Young (Mixed) (G1 Preventive Collection)
[2024-10-11T04:32:47.660+0800][info] GC(461) Using 3 workers of 48 for evacuation
[2024-10-11T04:32:47.662+0800][info] GC(461)   Pre Evacuate Collection Set: 0.1ms
[2024-10-11T04:32:47.662+0800][info] GC(461)   Merge Heap Roots: 0.1ms
[2024-10-11T04:32:47.662+0800][info] GC(461)   Evacuate Collection Set: 1.4ms
[2024-10-11T04:32:47.662+0800][info] GC(461)   Post Evacuate Collection Set: 0.2ms
[2024-10-11T04:32:47.662+0800][info] GC(461)   Other: 0.2ms
[2024-10-11T04:32:47.662+0800][info] GC(461) Eden regions: 2->0(2)
[2024-10-11T04:32:47.662+0800][info] GC(461) Survivor regions: 1->1(1)
[2024-10-11T04:32:47.662+0800][info] GC(461) Old regions: 51->48
[2024-10-11T04:32:47.662+0800][info] GC(461) Archive regions: 2->2
[2024-10-11T04:32:47.662+0800][info] GC(461) Humongous regions: 3->3
[2024-10-11T04:32:47.662+0800][info] GC(461) Metaspace: 1676K(1856K)->1676K(1856K) NonClass: 1552K(1664K)->1552K(1664K) Class: 124K(192K)->124K(192K)
[2024-10-11T04:32:47.662+0800][info] GC(461) Pause Young (Mixed) (G1 Preventive Collection) 103M->96M(128M) 1.997ms
[2024-10-11T04:32:47.662+0800][info] GC(461) User=0.01s Sys=0.00s Real=0.00s
[2024-10-11T04:32:47.765+0800][info] GC(462) Pause Young (Mixed) (G1 Preventive Collection)
[2024-10-11T04:32:47.765+0800][info] GC(462) Using 3 workers of 48 for evacuation
[2024-10-11T04:32:47.767+0800][info] GC(462) To-space exhausted
[2024-10-11T04:32:47.767+0800][info] GC(462)   Pre Evacuate Collection Set: 0.1ms
[2024-10-11T04:32:47.767+0800][info] GC(462)   Merge Heap Roots: 0.1ms
[2024-10-11T04:32:47.767+0800][info] GC(462)   Evacuate Collection Set: 1.7ms
[2024-10-11T04:32:47.767+0800][info] GC(462)   Post Evacuate Collection Set: 0.2ms
[2024-10-11T04:32:47.767+0800][info] GC(462)   Other: 0.2ms
[2024-10-11T04:32:47.767+0800][info] GC(462) Eden regions: 2->0(2)
[2024-10-11T04:32:47.767+0800][info] GC(462) Survivor regions: 1->1(1)
[2024-10-11T04:32:47.767+0800][info] GC(462) Old regions: 48->48
[2024-10-11T04:32:47.767+0800][info] GC(462) Archive regions: 2->2
[2024-10-11T04:32:47.767+0800][info] GC(462) Humongous regions: 4->3
[2024-10-11T04:32:47.767+0800][info] GC(462) Metaspace: 1676K(1856K)->1676K(1856K) NonClass: 1552K(1664K)->1552K(1664K) Class: 124K(192K)->124K(192K)
[2024-10-11T04:32:47.768+0800][info] GC(462) Pause Young (Mixed) (G1 Preventive Collection) 101M->97M(128M) 2.399ms
[2024-10-11T04:32:47.768+0800][info] GC(462) User=0.01s Sys=0.00s Real=0.00s
[2024-10-11T04:32:47.869+0800][info] GC(463) Pause Young (Mixed) (G1 Evacuation Pause)
[2024-10-11T04:32:47.869+0800][info] GC(463) Using 3 workers of 48 for evacuation
[2024-10-11T04:32:47.872+0800][info] GC(463)   Pre Evacuate Collection Set: 0.1ms
[2024-10-11T04:32:47.872+0800][info] GC(463)   Merge Heap Roots: 0.1ms
[2024-10-11T04:32:47.872+0800][info] GC(463)   Evacuate Collection Set: 1.8ms
[2024-10-11T04:32:47.872+0800][info] GC(463)   Post Evacuate Collection Set: 0.2ms
[2024-10-11T04:32:47.872+0800][info] GC(463)   Other: 0.1ms
[2024-10-11T04:32:47.872+0800][info] GC(463) Eden regions: 2->0(2)
[2024-10-11T04:32:47.872+0800][info] GC(463) Survivor regions: 1->1(1)
[2024-10-11T04:32:47.872+0800][info] GC(463) Old regions: 48->48
[2024-10-11T04:32:47.872+0800][info] GC(463) Archive regions: 2->2
[2024-10-11T04:32:47.872+0800][info] GC(463) Humongous regions: 3->3
[2024-10-11T04:32:47.872+0800][info] GC(463) Metaspace: 1676K(1856K)->1676K(1856K) NonClass: 1552K(1664K)->1552K(1664K) Class: 124K(192K)->124K(192K)
[2024-10-11T04:32:47.872+0800][info] GC(463) Pause Young (Mixed) (G1 Evacuation Pause) 101M->98M(128M) 2.430ms
[2024-10-11T04:32:47.872+0800][info] GC(463) User=0.00s Sys=0.00s Real=0.00s
[2024-10-11T04:32:47.974+0800][info] GC(464) Pause Young (Mixed) (G1 Evacuation Pause)
[2024-10-11T04:32:47.974+0800][info] GC(464) Using 3 workers of 48 for evacuation
[2024-10-11T04:32:47.976+0800][info] GC(464)   Pre Evacuate Collection Set: 0.1ms
[2024-10-11T04:32:47.976+0800][info] GC(464)   Merge Heap Roots: 0.0ms
[2024-10-11T04:32:47.976+0800][info] GC(464)   Evacuate Collection Set: 1.5ms
[2024-10-11T04:32:47.976+0800][info] GC(464)   Post Evacuate Collection Set: 0.2ms
[2024-10-11T04:32:47.976+0800][info] GC(464)   Other: 0.1ms
[2024-10-11T04:32:47.976+0800][info] GC(464) Eden regions: 2->0(2)
[2024-10-11T04:32:47.976+0800][info] GC(464) Survivor regions: 1->1(1)
[2024-10-11T04:32:47.976+0800][info] GC(464) Old regions: 48->49
[2024-10-11T04:32:47.976+0800][info] GC(464) Archive regions: 2->2
[2024-10-11T04:32:47.976+0800][info] GC(464) Humongous regions: 3->3
[2024-10-11T04:32:47.976+0800][info] GC(464) Metaspace: 1676K(1856K)->1676K(1856K) NonClass: 1552K(1664K)->1552K(1664K) Class: 124K(192K)->124K(192K)
[2024-10-11T04:32:47.976+0800][info] GC(464) Pause Young (Mixed) (G1 Evacuation Pause) 102M->101M(128M) 2.068ms
[2024-10-11T04:32:47.976+0800][info] GC(464) User=0.01s Sys=0.00s Real=0.00s
[2024-10-11T04:32:48.078+0800][info] GC(465) Pause Young (Normal) (G1 Evacuation Pause)
[2024-10-11T04:32:48.078+0800][info] GC(465) Using 3 workers of 48 for evacuation
[2024-10-11T04:32:48.079+0800][info] GC(465)   Pre Evacuate Collection Set: 0.1ms
[2024-10-11T04:32:48.079+0800][info] GC(465)   Merge Heap Roots: 0.0ms
[2024-10-11T04:32:48.079+0800][info] GC(465)   Evacuate Collection Set: 0.6ms
[2024-10-11T04:32:48.079+0800][info] GC(465)   Post Evacuate Collection Set: 0.2ms
[2024-10-11T04:32:48.079+0800][info] GC(465)   Other: 0.2ms
[2024-10-11T04:32:48.079+0800][info] GC(465) Eden regions: 2->0(2)
[2024-10-11T04:32:48.079+0800][info] GC(465) Survivor regions: 1->1(1)
[2024-10-11T04:32:48.079+0800][info] GC(465) Old regions: 49->50
[2024-10-11T04:32:48.079+0800][info] GC(465) Archive regions: 2->2
[2024-10-11T04:32:48.079+0800][info] GC(465) Humongous regions: 3->3
[2024-10-11T04:32:48.079+0800][info] GC(465) Metaspace: 1676K(1856K)->1676K(1856K) NonClass: 1552K(1664K)->1552K(1664K) Class: 124K(192K)->124K(192K)
[2024-10-11T04:32:48.079+0800][info] GC(465) Pause Young (Normal) (G1 Evacuation Pause) 105M->104M(128M) 1.226ms
[2024-10-11T04:32:48.079+0800][info] GC(465) User=0.00s Sys=0.00s Real=0.00s
[2024-10-11T04:32:48.181+0800][info] GC(466) Pause Young (Concurrent Start) (G1 Evacuation Pause)
[2024-10-11T04:32:48.181+0800][info] GC(466) Using 3 workers of 48 for evacuation
[2024-10-11T04:32:48.182+0800][info] GC(466)   Pre Evacuate Collection Set: 0.1ms
[2024-10-11T04:32:48.183+0800][info] GC(466)   Merge Heap Roots: 0.0ms
[2024-10-11T04:32:48.183+0800][info] GC(466)   Evacuate Collection Set: 0.7ms
[2024-10-11T04:32:48.183+0800][info] GC(466)   Post Evacuate Collection Set: 0.2ms
[2024-10-11T04:32:48.183+0800][info] GC(466)   Other: 0.3ms
[2024-10-11T04:32:48.183+0800][info] GC(466) Eden regions: 2->0(2)
[2024-10-11T04:32:48.183+0800][info] GC(466) Survivor regions: 1->1(1)
[2024-10-11T04:32:48.183+0800][info] GC(466) Old regions: 50->52
[2024-10-11T04:32:48.183+0800][info] GC(466) Archive regions: 2->2
[2024-10-11T04:32:48.183+0800][info] GC(466) Humongous regions: 3->3
[2024-10-11T04:32:48.183+0800][info] GC(466) Metaspace: 1676K(1856K)->1676K(1856K) NonClass: 1552K(1664K)->1552K(1664K) Class: 124K(192K)->124K(192K)
[2024-10-11T04:32:48.183+0800][info] GC(466) Pause Young (Concurrent Start) (G1 Evacuation Pause) 108M->108M(128M) 1.410ms
[2024-10-11T04:32:48.183+0800][info] GC(466) User=0.00s Sys=0.00s Real=0.00s
[2024-10-11T04:32:48.183+0800][info] GC(467) Concurrent Mark Cycle
[2024-10-11T04:32:48.183+0800][info] GC(467) Concurrent Clear Claimed Marks
[2024-10-11T04:32:48.183+0800][info] GC(467) Concurrent Clear Claimed Marks 0.016ms
[2024-10-11T04:32:48.183+0800][info] GC(467) Concurrent Scan Root Regions
[2024-10-11T04:32:48.183+0800][info] GC(467) Concurrent Scan Root Regions 0.087ms
[2024-10-11T04:32:48.183+0800][info] GC(467) Concurrent Mark
[2024-10-11T04:32:48.183+0800][info] GC(467) Concurrent Mark From Roots
[2024-10-11T04:32:48.183+0800][info] GC(467) Using 12 workers of 12 for marking
[2024-10-11T04:32:48.187+0800][info] GC(467) Concurrent Mark From Roots 4.211ms
[2024-10-11T04:32:48.187+0800][info] GC(467) Concurrent Preclean
[2024-10-11T04:32:48.189+0800][info] GC(467) Concurrent Preclean 1.691ms
[2024-10-11T04:32:48.189+0800][info] GC(467) Pause Remark
[2024-10-11T04:32:48.190+0800][info] GC(467) Pause Remark 109M->109M(128M) 1.478ms
[2024-10-11T04:32:48.190+0800][info] GC(467) User=0.00s Sys=0.00s Real=0.00s
[2024-10-11T04:32:48.191+0800][info] GC(467) Concurrent Mark 7.630ms
[2024-10-11T04:32:48.191+0800][info] GC(467) Concurrent Rebuild Remembered Sets
[2024-10-11T04:32:48.192+0800][info] GC(467) Concurrent Rebuild Remembered Sets 1.584ms
[2024-10-11T04:32:48.192+0800][info] GC(467) Pause Cleanup
[2024-10-11T04:32:48.192+0800][info] GC(467) Pause Cleanup 109M->109M(128M) 0.169ms
[2024-10-11T04:32:48.192+0800][info] GC(467) User=0.00s Sys=0.00s Real=0.00s
[2024-10-11T04:32:48.192+0800][info] GC(467) Concurrent Cleanup for Next Mark
[2024-10-11T04:32:48.193+0800][info] GC(467) Concurrent Cleanup for Next Mark 0.364ms
[2024-10-11T04:32:48.193+0800][info] GC(467) Concurrent Mark Cycle 10.118ms
[2024-10-11T04:32:48.335+0800][info] GC(468) Pause Young (Prepare Mixed) (G1 Preventive Collection)
[2024-10-11T04:32:48.335+0800][info] GC(468) Using 3 workers of 48 for evacuation
[2024-10-11T04:32:48.337+0800][info] GC(468)   Pre Evacuate Collection Set: 0.1ms
[2024-10-11T04:32:48.337+0800][info] GC(468)   Merge Heap Roots: 0.1ms
[2024-10-11T04:32:48.337+0800][info] GC(468)   Evacuate Collection Set: 0.9ms
[2024-10-11T04:32:48.337+0800][info] GC(468)   Post Evacuate Collection Set: 0.2ms
[2024-10-11T04:32:48.337+0800][info] GC(468)   Other: 0.2ms
[2024-10-11T04:32:48.337+0800][info] GC(468) Eden regions: 2->0(2)
[2024-10-11T04:32:48.337+0800][info] GC(468) Survivor regions: 1->1(1)
[2024-10-11T04:32:48.337+0800][info] GC(468) Old regions: 52->54
[2024-10-11T04:32:48.337+0800][info] GC(468) Archive regions: 2->2
[2024-10-11T04:32:48.337+0800][info] GC(468) Humongous regions: 3->3
[2024-10-11T04:32:48.337+0800][info] GC(468) Metaspace: 1676K(1856K)->1676K(1856K) NonClass: 1552K(1664K)->1552K(1664K) Class: 124K(192K)->124K(192K)
[2024-10-11T04:32:48.337+0800][info] GC(468) Pause Young (Prepare Mixed) (G1 Preventive Collection) 112M->111M(128M) 1.507ms
[2024-10-11T04:32:48.337+0800][info] GC(468) User=0.00s Sys=0.00s Real=0.00s
[2024-10-11T04:32:48.398+0800][info] GC(469) Pause Young (Mixed) (G1 Preventive Collection)
[2024-10-11T04:32:48.398+0800][info] GC(469) Using 3 workers of 48 for evacuation
[2024-10-11T04:32:48.400+0800][info] GC(469) To-space exhausted
[2024-10-11T04:32:48.400+0800][info] GC(469)   Pre Evacuate Collection Set: 0.1ms
[2024-10-11T04:32:48.400+0800][info] GC(469)   Merge Heap Roots: 0.1ms
[2024-10-11T04:32:48.400+0800][info] GC(469)   Evacuate Collection Set: 1.0ms
[2024-10-11T04:32:48.400+0800][info] GC(469)   Post Evacuate Collection Set: 0.3ms
[2024-10-11T04:32:48.400+0800][info] GC(469)   Other: 0.2ms
[2024-10-11T04:32:48.400+0800][info] GC(469) Eden regions: 1->0(2)
[2024-10-11T04:32:48.400+0800][info] GC(469) Survivor regions: 1->1(1)
[2024-10-11T04:32:48.400+0800][info] GC(469) Old regions: 54->55
[2024-10-11T04:32:48.400+0800][info] GC(469) Archive regions: 2->2
[2024-10-11T04:32:48.400+0800][info] GC(469) Humongous regions: 3->3
[2024-10-11T04:32:48.400+0800][info] GC(469) Metaspace: 1676K(1856K)->1676K(1856K) NonClass: 1552K(1664K)->1552K(1664K) Class: 124K(192K)->124K(192K)
[2024-10-11T04:32:48.400+0800][info] GC(469) Pause Young (Mixed) (G1 Preventive Collection) 113M->114M(128M) 1.759ms
[2024-10-11T04:32:48.400+0800][info] GC(469) User=0.01s Sys=0.00s Real=0.00s
[2024-10-11T04:32:48.441+0800][info] GC(470) Pause Young (Mixed) (G1 Preventive Collection)
[2024-10-11T04:32:48.441+0800][info] GC(470) Using 3 workers of 48 for evacuation
[2024-10-11T04:32:48.442+0800][info] GC(470) To-space exhausted
[2024-10-11T04:32:48.442+0800][info] GC(470)   Pre Evacuate Collection Set: 0.1ms
[2024-10-11T04:32:48.442+0800][info] GC(470)   Merge Heap Roots: 0.1ms
[2024-10-11T04:32:48.442+0800][info] GC(470)   Evacuate Collection Set: 0.7ms
[2024-10-11T04:32:48.442+0800][info] GC(470)   Post Evacuate Collection Set: 0.2ms
[2024-10-11T04:32:48.442+0800][info] GC(470)   Other: 0.2ms
[2024-10-11T04:32:48.442+0800][info] GC(470) Eden regions: 1->0(2)
[2024-10-11T04:32:48.443+0800][info] GC(470) Survivor regions: 1->1(1)
[2024-10-11T04:32:48.443+0800][info] GC(470) Old regions: 55->57
[2024-10-11T04:32:48.443+0800][info] GC(470) Archive regions: 2->2
[2024-10-11T04:32:48.443+0800][info] GC(470) Humongous regions: 3->3
[2024-10-11T04:32:48.443+0800][info] GC(470) Metaspace: 1676K(1856K)->1676K(1856K) NonClass: 1552K(1664K)->1552K(1664K) Class: 124K(192K)->124K(192K)
[2024-10-11T04:32:48.443+0800][info] GC(470) Pause Young (Mixed) (G1 Preventive Collection) 116M->118M(128M) 1.422ms
[2024-10-11T04:32:48.443+0800][info] GC(470) User=0.00s Sys=0.00s Real=0.00s
[2024-10-11T04:32:48.504+0800][info] GC(471) Pause Young (Mixed) (G1 Evacuation Pause)
[2024-10-11T04:32:48.504+0800][info] GC(471) Using 3 workers of 48 for evacuation
[2024-10-11T04:32:48.505+0800][info] GC(471) To-space exhausted
[2024-10-11T04:32:48.505+0800][info] GC(471)   Pre Evacuate Collection Set: 0.1ms
[2024-10-11T04:32:48.505+0800][info] GC(471)   Merge Heap Roots: 0.1ms
[2024-10-11T04:32:48.505+0800][info] GC(471)   Evacuate Collection Set: 0.5ms
[2024-10-11T04:32:48.505+0800][info] GC(471)   Post Evacuate Collection Set: 0.7ms
[2024-10-11T04:32:48.505+0800][info] GC(471)   Other: 0.1ms
[2024-10-11T04:32:48.505+0800][info] GC(471) Eden regions: 1->0(3)
[2024-10-11T04:32:48.505+0800][info] GC(471) Survivor regions: 1->0(0)
[2024-10-11T04:32:48.505+0800][info] GC(471) Old regions: 57->59
[2024-10-11T04:32:48.505+0800][info] GC(471) Archive regions: 2->2
[2024-10-11T04:32:48.505+0800][info] GC(471) Humongous regions: 3->3
[2024-10-11T04:32:48.505+0800][info] GC(471) Metaspace: 1676K(1856K)->1676K(1856K) NonClass: 1552K(1664K)->1552K(1664K) Class: 124K(192K)->124K(192K)
[2024-10-11T04:32:48.505+0800][info] GC(471) Pause Young (Mixed) (G1 Evacuation Pause) 120M->120M(128M) 1.699ms
[2024-10-11T04:32:48.505+0800][info] GC(471) User=0.00s Sys=0.00s Real=0.01s
[2024-10-11T04:32:48.505+0800][info] Attempting full compaction
[2024-10-11T04:32:48.505+0800][info] GC(472) Using 3 workers of 48 for full compaction
[2024-10-11T04:32:48.506+0800][info] GC(472) Pause Full (G1 Compaction Pause)
[2024-10-11T04:32:48.506+0800][info] GC(472) Phase 1: Mark live objects
[2024-10-11T04:32:48.508+0800][info] GC(472) Phase 1: Mark live objects 2.936ms
[2024-10-11T04:32:48.509+0800][info] GC(472) Phase 2: Prepare for compaction
[2024-10-11T04:32:48.509+0800][info] GC(472) Phase 2: Prepare for compaction 0.541ms
[2024-10-11T04:32:48.509+0800][info] GC(472) Phase 3: Adjust pointers
[2024-10-11T04:32:48.511+0800][info] GC(472) Phase 3: Adjust pointers 1.616ms
[2024-10-11T04:32:48.511+0800][info] GC(472) Phase 4: Compact heap
[2024-10-11T04:32:48.524+0800][info] GC(472) Phase 4: Compact heap 13.225ms
[2024-10-11T04:32:48.525+0800][info] GC(472) Eden regions: 0->0(4)
[2024-10-11T04:32:48.525+0800][info] GC(472) Survivor regions: 0->0(0)
[2024-10-11T04:32:48.525+0800][info] GC(472) Old regions: 59->38
[2024-10-11T04:32:48.525+0800][info] GC(472) Archive regions: 2->2
[2024-10-11T04:32:48.525+0800][info] GC(472) Humongous regions: 3->3
[2024-10-11T04:32:48.525+0800][info] GC(472) Metaspace: 1676K(1856K)->1676K(1856K) NonClass: 1552K(1664K)->1552K(1664K) Class: 124K(192K)->124K(192K)
[2024-10-11T04:32:48.525+0800][info] GC(472) Pause Full (G1 Compaction Pause) 120M->72M(128M) 19.964ms
[2024-10-11T04:32:48.526+0800][info] GC(472) User=0.04s Sys=0.00s Real=0.02s
[2024-10-11T04:32:48.730+0800][info] GC(473) Pause Young (Normal) (G1 Evacuation Pause)
[2024-10-11T04:32:48.730+0800][info] GC(473) Using 3 workers of 48 for evacuation
[2024-10-11T04:32:48.732+0800][info] GC(473)   Pre Evacuate Collection Set: 0.1ms
[2024-10-11T04:32:48.732+0800][info] GC(473)   Merge Heap Roots: 0.0ms
[2024-10-11T04:32:48.732+0800][info] GC(473)   Evacuate Collection Set: 1.0ms
[2024-10-11T04:32:48.732+0800][info] GC(473)   Post Evacuate Collection Set: 0.2ms
[2024-10-11T04:32:48.732+0800][info] GC(473)   Other: 0.2ms
[2024-10-11T04:32:48.732+0800][info] GC(473) Eden regions: 4->0(2)
[2024-10-11T04:32:48.732+0800][info] GC(473) Survivor regions: 0->1(1)
[2024-10-11T04:32:48.732+0800][info] GC(473) Old regions: 38->41
[2024-10-11T04:32:48.732+0800][info] GC(473) Archive regions: 2->2
[2024-10-11T04:32:48.732+0800][info] GC(473) Humongous regions: 3->3
[2024-10-11T04:32:48.732+0800][info] GC(473) Metaspace: 1676K(1856K)->1676K(1856K) NonClass: 1552K(1664K)->1552K(1664K) Class: 124K(192K)->124K(192K)
[2024-10-11T04:32:48.732+0800][info] GC(473) Pause Young (Normal) (G1 Evacuation Pause) 79M->80M(128M) 1.615ms
[2024-10-11T04:32:48.732+0800][info] GC(473) User=0.01s Sys=0.01s Real=0.00s
[2024-10-11T04:32:48.834+0800][info] GC(474) Pause Young (Normal) (G1 Evacuation Pause)
[2024-10-11T04:32:48.834+0800][info] GC(474) Using 3 workers of 48 for evacuation
[2024-10-11T04:32:48.835+0800][info] GC(474)   Pre Evacuate Collection Set: 0.1ms
[2024-10-11T04:32:48.835+0800][info] GC(474)   Merge Heap Roots: 0.0ms
[2024-10-11T04:32:48.835+0800][info] GC(474)   Evacuate Collection Set: 0.7ms
[2024-10-11T04:32:48.835+0800][info] GC(474)   Post Evacuate Collection Set: 0.2ms
[2024-10-11T04:32:48.835+0800][info] GC(474)   Other: 0.2ms
[2024-10-11T04:32:48.835+0800][info] GC(474) Eden regions: 2->0(2)
[2024-10-11T04:32:48.835+0800][info] GC(474) Survivor regions: 1->1(1)
[2024-10-11T04:32:48.835+0800][info] GC(474) Old regions: 41->43
[2024-10-11T04:32:48.835+0800][info] GC(474) Archive regions: 2->2
[2024-10-11T04:32:48.835+0800][info] GC(474) Humongous regions: 3->3
[2024-10-11T04:32:48.835+0800][info] GC(474) Metaspace: 1676K(1856K)->1676K(1856K) NonClass: 1552K(1664K)->1552K(1664K) Class: 124K(192K)->124K(192K)
[2024-10-11T04:32:48.835+0800][info] GC(474) Pause Young (Normal) (G1 Evacuation Pause) 83M->83M(128M) 1.277ms
[2024-10-11T04:32:48.835+0800][info] GC(474) User=0.00s Sys=0.00s Real=0.00s
[2024-10-11T04:32:48.937+0800][info] GC(475) Pause Young (Normal) (G1 Evacuation Pause)
[2024-10-11T04:32:48.937+0800][info] GC(475) Using 3 workers of 48 for evacuation
[2024-10-11T04:32:48.938+0800][info] GC(475)   Pre Evacuate Collection Set: 0.1ms
[2024-10-11T04:32:48.938+0800][info] GC(475)   Merge Heap Roots: 0.0ms
[2024-10-11T04:32:48.938+0800][info] GC(475)   Evacuate Collection Set: 0.7ms
[2024-10-11T04:32:48.938+0800][info] GC(475)   Post Evacuate Collection Set: 0.2ms
[2024-10-11T04:32:48.938+0800][info] GC(475)   Other: 0.2ms
[2024-10-11T04:32:48.938+0800][info] GC(475) Eden regions: 2->0(2)
[2024-10-11T04:32:48.938+0800][info] GC(475) Survivor regions: 1->1(1)
[2024-10-11T04:32:48.938+0800][info] GC(475) Old regions: 43->45
[2024-10-11T04:32:48.938+0800][info] GC(475) Archive regions: 2->2
[2024-10-11T04:32:48.938+0800][info] GC(475) Humongous regions: 3->3
[2024-10-11T04:32:48.938+0800][info] GC(475) Metaspace: 1676K(1856K)->1676K(1856K) NonClass: 1552K(1664K)->1552K(1664K) Class: 124K(192K)->124K(192K)
[2024-10-11T04:32:48.938+0800][info] GC(475) Pause Young (Normal) (G1 Evacuation Pause) 87M->88M(128M) 1.271ms
[2024-10-11T04:32:48.938+0800][info] GC(475) User=0.00s Sys=0.00s Real=0.00s
[2024-10-11T04:32:49.040+0800][info] GC(476) Pause Young (Normal) (G1 Evacuation Pause)
[2024-10-11T04:32:49.040+0800][info] GC(476) Using 3 workers of 48 for evacuation
[2024-10-11T04:32:49.041+0800][info] GC(476)   Pre Evacuate Collection Set: 0.1ms
[2024-10-11T04:32:49.041+0800][info] GC(476)   Merge Heap Roots: 0.0ms
[2024-10-11T04:32:49.041+0800][info] GC(476)   Evacuate Collection Set: 0.7ms
[2024-10-11T04:32:49.041+0800][info] GC(476)   Post Evacuate Collection Set: 0.2ms
[2024-10-11T04:32:49.042+0800][info] GC(476)   Other: 0.2ms
[2024-10-11T04:32:49.042+0800][info] GC(476) Eden regions: 2->0(2)
[2024-10-11T04:32:49.042+0800][info] GC(476) Survivor regions: 1->1(1)
[2024-10-11T04:32:49.042+0800][info] GC(476) Old regions: 45->47
[2024-10-11T04:32:49.042+0800][info] GC(476) Archive regions: 2->2
[2024-10-11T04:32:49.042+0800][info] GC(476) Humongous regions: 3->3
[2024-10-11T04:32:49.042+0800][info] GC(476) Metaspace: 1676K(1856K)->1676K(1856K) NonClass: 1552K(1664K)->1552K(1664K) Class: 124K(192K)->124K(192K)
[2024-10-11T04:32:49.042+0800][info] GC(476) Pause Young (Normal) (G1 Evacuation Pause) 91M->91M(128M) 1.276ms
[2024-10-11T04:32:49.042+0800][info] GC(476) User=0.00s Sys=0.00s Real=0.00s
[2024-10-11T04:32:49.144+0800][info] GC(477) Pause Young (Concurrent Start) (G1 Evacuation Pause)
[2024-10-11T04:32:49.144+0800][info] GC(477) Using 3 workers of 48 for evacuation
[2024-10-11T04:32:49.145+0800][info] GC(477)   Pre Evacuate Collection Set: 0.1ms
[2024-10-11T04:32:49.145+0800][info] GC(477)   Merge Heap Roots: 0.0ms
[2024-10-11T04:32:49.145+0800][info] GC(477)   Evacuate Collection Set: 0.8ms
[2024-10-11T04:32:49.145+0800][info] GC(477)   Post Evacuate Collection Set: 0.2ms
[2024-10-11T04:32:49.145+0800][info] GC(477)   Other: 0.4ms
[2024-10-11T04:32:49.145+0800][info] GC(477) Eden regions: 2->0(2)
[2024-10-11T04:32:49.145+0800][info] GC(477) Survivor regions: 1->1(1)
[2024-10-11T04:32:49.145+0800][info] GC(477) Old regions: 47->49
[2024-10-11T04:32:49.145+0800][info] GC(477) Archive regions: 2->2
[2024-10-11T04:32:49.145+0800][info] GC(477) Humongous regions: 3->3
[2024-10-11T04:32:49.145+0800][info] GC(477) Metaspace: 1676K(1856K)->1676K(1856K) NonClass: 1552K(1664K)->1552K(1664K) Class: 124K(192K)->124K(192K)
[2024-10-11T04:32:49.145+0800][info] GC(477) Pause Young (Concurrent Start) (G1 Evacuation Pause) 95M->95M(128M) 1.562ms
[2024-10-11T04:32:49.145+0800][info] GC(477) User=0.00s Sys=0.00s Real=0.01s
[2024-10-11T04:32:49.146+0800][info] GC(478) Concurrent Mark Cycle
[2024-10-11T04:32:49.146+0800][info] GC(478) Concurrent Clear Claimed Marks
[2024-10-11T04:32:49.146+0800][info] GC(478) Concurrent Clear Claimed Marks 0.016ms
[2024-10-11T04:32:49.146+0800][info] GC(478) Concurrent Scan Root Regions
[2024-10-11T04:32:49.146+0800][info] GC(478) Concurrent Scan Root Regions 0.101ms
[2024-10-11T04:32:49.146+0800][info] GC(478) Concurrent Mark
[2024-10-11T04:32:49.146+0800][info] GC(478) Concurrent Mark From Roots
[2024-10-11T04:32:49.146+0800][info] GC(478) Using 12 workers of 12 for marking
[2024-10-11T04:32:49.151+0800][info] GC(478) Concurrent Mark From Roots 5.558ms
[2024-10-11T04:32:49.151+0800][info] GC(478) Concurrent Preclean
[2024-10-11T04:32:49.153+0800][info] GC(478) Concurrent Preclean 1.733ms
[2024-10-11T04:32:49.153+0800][info] GC(478) Pause Remark
[2024-10-11T04:32:49.155+0800][info] GC(478) Pause Remark 96M->96M(128M) 1.456ms
[2024-10-11T04:32:49.155+0800][info] GC(478) User=0.00s Sys=0.01s Real=0.00s
[2024-10-11T04:32:49.155+0800][info] GC(478) Concurrent Mark 9.024ms
[2024-10-11T04:32:49.155+0800][info] GC(478) Concurrent Rebuild Remembered Sets
[2024-10-11T04:32:49.156+0800][info] GC(478) Concurrent Rebuild Remembered Sets 1.479ms
[2024-10-11T04:32:49.156+0800][info] GC(478) Pause Cleanup
[2024-10-11T04:32:49.157+0800][info] GC(478) Pause Cleanup 96M->96M(128M) 0.244ms
[2024-10-11T04:32:49.157+0800][info] GC(478) User=0.00s Sys=0.00s Real=0.00s
[2024-10-11T04:32:49.157+0800][info] GC(478) Concurrent Cleanup for Next Mark
[2024-10-11T04:32:49.157+0800][info] GC(478) Concurrent Cleanup for Next Mark 0.379ms
[2024-10-11T04:32:49.157+0800][info] GC(478) Concurrent Mark Cycle 11.598ms
[2024-10-11T04:32:49.298+0800][info] GC(479) Pause Young (Prepare Mixed) (G1 Evacuation Pause)
[2024-10-11T04:32:49.298+0800][info] GC(479) Using 3 workers of 48 for evacuation
[2024-10-11T04:32:49.300+0800][info] GC(479)   Pre Evacuate Collection Set: 0.1ms
[2024-10-11T04:32:49.300+0800][info] GC(479)   Merge Heap Roots: 0.1ms
[2024-10-11T04:32:49.300+0800][info] GC(479)   Evacuate Collection Set: 0.8ms
[2024-10-11T04:32:49.300+0800][info] GC(479)   Post Evacuate Collection Set: 0.2ms
[2024-10-11T04:32:49.300+0800][info] GC(479)   Other: 0.2ms
[2024-10-11T04:32:49.300+0800][info] GC(479) Eden regions: 2->0(2)
[2024-10-11T04:32:49.300+0800][info] GC(479) Survivor regions: 1->1(1)
[2024-10-11T04:32:49.300+0800][info] GC(479) Old regions: 49->51
[2024-10-11T04:32:49.300+0800][info] GC(479) Archive regions: 2->2
[2024-10-11T04:32:49.300+0800][info] GC(479) Humongous regions: 3->3
[2024-10-11T04:32:49.300+0800][info] GC(479) Metaspace: 1676K(1856K)->1676K(1856K) NonClass: 1552K(1664K)->1552K(1664K) Class: 124K(192K)->124K(192K)
[2024-10-11T04:32:49.300+0800][info] GC(479) Pause Young (Prepare Mixed) (G1 Evacuation Pause) 99M->99M(128M) 1.445ms
[2024-10-11T04:32:49.300+0800][info] GC(479) User=0.00s Sys=0.00s Real=0.00s
[2024-10-11T04:32:49.402+0800][info] GC(480) Pause Young (Mixed) (G1 Preventive Collection)
[2024-10-11T04:32:49.402+0800][info] GC(480) Using 3 workers of 48 for evacuation
[2024-10-11T04:32:49.404+0800][info] GC(480)   Pre Evacuate Collection Set: 0.1ms
[2024-10-11T04:32:49.404+0800][info] GC(480)   Merge Heap Roots: 0.1ms
[2024-10-11T04:32:49.404+0800][info] GC(480)   Evacuate Collection Set: 1.2ms
[2024-10-11T04:32:49.404+0800][info] GC(480)   Post Evacuate Collection Set: 0.2ms
[2024-10-11T04:32:49.404+0800][info] GC(480)   Other: 0.2ms
[2024-10-11T04:32:49.404+0800][info] GC(480) Eden regions: 2->0(2)
[2024-10-11T04:32:49.404+0800][info] GC(480) Survivor regions: 1->1(1)
[2024-10-11T04:32:49.404+0800][info] GC(480) Old regions: 51->47
[2024-10-11T04:32:49.404+0800][info] GC(480) Archive regions: 2->2
[2024-10-11T04:32:49.404+0800][info] GC(480) Humongous regions: 3->3
[2024-10-11T04:32:49.404+0800][info] GC(480) Metaspace: 1676K(1856K)->1676K(1856K) NonClass: 1552K(1664K)->1552K(1664K) Class: 124K(192K)->124K(192K)
[2024-10-11T04:32:49.404+0800][info] GC(480) Pause Young (Mixed) (G1 Preventive Collection) 103M->94M(128M) 1.796ms
[2024-10-11T04:32:49.404+0800][info] GC(480) User=0.01s Sys=0.00s Real=0.00s
[2024-10-11T04:32:49.505+0800][info] GC(481) Pause Young (Mixed) (G1 Evacuation Pause)
[2024-10-11T04:32:49.506+0800][info] GC(481) Using 3 workers of 48 for evacuation
[2024-10-11T04:32:49.507+0800][info] GC(481)   Pre Evacuate Collection Set: 0.1ms
[2024-10-11T04:32:49.507+0800][info] GC(481)   Merge Heap Roots: 0.0ms
[2024-10-11T04:32:49.507+0800][info] GC(481)   Evacuate Collection Set: 1.4ms
[2024-10-11T04:32:49.507+0800][info] GC(481)   Post Evacuate Collection Set: 0.2ms
[2024-10-11T04:32:49.507+0800][info] GC(481)   Other: 0.1ms
[2024-10-11T04:32:49.507+0800][info] GC(481) Eden regions: 2->0(2)
[2024-10-11T04:32:49.507+0800][info] GC(481) Survivor regions: 1->1(1)
[2024-10-11T04:32:49.507+0800][info] GC(481) Old regions: 47->46
[2024-10-11T04:32:49.507+0800][info] GC(481) Archive regions: 2->2
[2024-10-11T04:32:49.507+0800][info] GC(481) Humongous regions: 3->3
[2024-10-11T04:32:49.507+0800][info] GC(481) Metaspace: 1676K(1856K)->1676K(1856K) NonClass: 1552K(1664K)->1552K(1664K) Class: 124K(192K)->124K(192K)
[2024-10-11T04:32:49.507+0800][info] GC(481) Pause Young (Mixed) (G1 Evacuation Pause) 98M->93M(128M) 2.009ms
[2024-10-11T04:32:49.508+0800][info] GC(481) User=0.00s Sys=0.00s Real=0.00s
[2024-10-11T04:32:49.610+0800][info] GC(482) Pause Young (Mixed) (G1 Evacuation Pause)
[2024-10-11T04:32:49.610+0800][info] GC(482) Using 3 workers of 48 for evacuation
[2024-10-11T04:32:49.612+0800][info] GC(482)   Pre Evacuate Collection Set: 0.1ms
[2024-10-11T04:32:49.612+0800][info] GC(482)   Merge Heap Roots: 0.1ms
[2024-10-11T04:32:49.612+0800][info] GC(482)   Evacuate Collection Set: 1.8ms
[2024-10-11T04:32:49.612+0800][info] GC(482)   Post Evacuate Collection Set: 0.2ms
[2024-10-11T04:32:49.612+0800][info] GC(482)   Other: 0.1ms
[2024-10-11T04:32:49.612+0800][info] GC(482) Eden regions: 2->0(2)
[2024-10-11T04:32:49.612+0800][info] GC(482) Survivor regions: 1->1(1)
[2024-10-11T04:32:49.612+0800][info] GC(482) Old regions: 46->45
[2024-10-11T04:32:49.612+0800][info] GC(482) Archive regions: 2->2
[2024-10-11T04:32:49.612+0800][info] GC(482) Humongous regions: 3->3
[2024-10-11T04:32:49.612+0800][info] GC(482) Metaspace: 1676K(1856K)->1676K(1856K) NonClass: 1552K(1664K)->1552K(1664K) Class: 124K(192K)->124K(192K)
[2024-10-11T04:32:49.612+0800][info] GC(482) Pause Young (Mixed) (G1 Evacuation Pause) 97M->94M(128M) 2.394ms
[2024-10-11T04:32:49.612+0800][info] GC(482) User=0.01s Sys=0.00s Real=0.00s
[2024-10-11T04:32:49.714+0800][info] GC(483) Pause Young (Mixed) (G1 Evacuation Pause)
[2024-10-11T04:32:49.714+0800][info] GC(483) Using 3 workers of 48 for evacuation
[2024-10-11T04:32:49.715+0800][info] GC(483)   Pre Evacuate Collection Set: 0.1ms
[2024-10-11T04:32:49.715+0800][info] GC(483)   Merge Heap Roots: 0.1ms
[2024-10-11T04:32:49.715+0800][info] GC(483)   Evacuate Collection Set: 1.1ms
[2024-10-11T04:32:49.715+0800][info] GC(483)   Post Evacuate Collection Set: 0.2ms
[2024-10-11T04:32:49.715+0800][info] GC(483)   Other: 0.1ms
[2024-10-11T04:32:49.716+0800][info] GC(483) Eden regions: 2->0(2)
[2024-10-11T04:32:49.716+0800][info] GC(483) Survivor regions: 1->1(1)
[2024-10-11T04:32:49.716+0800][info] GC(483) Old regions: 45->47
[2024-10-11T04:32:49.716+0800][info] GC(483) Archive regions: 2->2
[2024-10-11T04:32:49.716+0800][info] GC(483) Humongous regions: 3->3
[2024-10-11T04:32:49.716+0800][info] GC(483) Metaspace: 1676K(1856K)->1676K(1856K) NonClass: 1552K(1664K)->1552K(1664K) Class: 124K(192K)->124K(192K)
[2024-10-11T04:32:49.716+0800][info] GC(483) Pause Young (Mixed) (G1 Evacuation Pause) 97M->97M(128M) 1.710ms
[2024-10-11T04:32:49.716+0800][info] GC(483) User=0.01s Sys=0.00s Real=0.00s
[2024-10-11T04:32:49.818+0800][info] GC(484) Pause Young (Normal) (G1 Evacuation Pause)
[2024-10-11T04:32:49.818+0800][info] GC(484) Using 3 workers of 48 for evacuation
[2024-10-11T04:32:49.819+0800][info] GC(484)   Pre Evacuate Collection Set: 0.1ms
[2024-10-11T04:32:49.819+0800][info] GC(484)   Merge Heap Roots: 0.0ms
[2024-10-11T04:32:49.819+0800][info] GC(484)   Evacuate Collection Set: 0.6ms
[2024-10-11T04:32:49.819+0800][info] GC(484)   Post Evacuate Collection Set: 0.2ms
[2024-10-11T04:32:49.819+0800][info] GC(484)   Other: 0.2ms
[2024-10-11T04:32:49.819+0800][info] GC(484) Eden regions: 2->0(2)
[2024-10-11T04:32:49.819+0800][info] GC(484) Survivor regions: 1->1(1)
[2024-10-11T04:32:49.819+0800][info] GC(484) Old regions: 47->49
[2024-10-11T04:32:49.819+0800][info] GC(484) Archive regions: 2->2
[2024-10-11T04:32:49.819+0800][info] GC(484) Humongous regions: 3->3
[2024-10-11T04:32:49.819+0800][info] GC(484) Metaspace: 1676K(1856K)->1676K(1856K) NonClass: 1552K(1664K)->1552K(1664K) Class: 124K(192K)->124K(192K)
[2024-10-11T04:32:49.819+0800][info] GC(484) Pause Young (Normal) (G1 Evacuation Pause) 101M->101M(128M) 1.219ms
[2024-10-11T04:32:49.819+0800][info] GC(484) User=0.00s Sys=0.00s Real=0.00s
[2024-10-11T04:32:49.921+0800][info] GC(485) Pause Young (Normal) (G1 Evacuation Pause)
[2024-10-11T04:32:49.921+0800][info] GC(485) Using 3 workers of 48 for evacuation
[2024-10-11T04:32:49.922+0800][info] GC(485)   Pre Evacuate Collection Set: 0.1ms
[2024-10-11T04:32:49.922+0800][info] GC(485)   Merge Heap Roots: 0.1ms
[2024-10-11T04:32:49.922+0800][info] GC(485)   Evacuate Collection Set: 0.6ms
[2024-10-11T04:32:49.922+0800][info] GC(485)   Post Evacuate Collection Set: 0.2ms
[2024-10-11T04:32:49.922+0800][info] GC(485)   Other: 0.2ms
[2024-10-11T04:32:49.922+0800][info] GC(485) Eden regions: 2->0(2)
[2024-10-11T04:32:49.922+0800][info] GC(485) Survivor regions: 1->1(1)
[2024-10-11T04:32:49.922+0800][info] GC(485) Old regions: 49->51
[2024-10-11T04:32:49.922+0800][info] GC(485) Archive regions: 2->2
[2024-10-11T04:32:49.922+0800][info] GC(485) Humongous regions: 3->3
[2024-10-11T04:32:49.922+0800][info] GC(485) Metaspace: 1676K(1856K)->1676K(1856K) NonClass: 1552K(1664K)->1552K(1664K) Class: 124K(192K)->124K(192K)
[2024-10-11T04:32:49.922+0800][info] GC(485) Pause Young (Normal) (G1 Evacuation Pause) 105M->105M(128M) 1.189ms
[2024-10-11T04:32:49.922+0800][info] GC(485) User=0.00s Sys=0.00s Real=0.00s
[2024-10-11T04:32:49.922+0800][info] GC(486) Pause Young (Concurrent Start) (G1 Humongous Allocation)
[2024-10-11T04:32:49.922+0800][info] GC(486) Using 3 workers of 48 for evacuation
[2024-10-11T04:32:49.923+0800][info] GC(486)   Pre Evacuate Collection Set: 0.0ms
[2024-10-11T04:32:49.923+0800][info] GC(486)   Merge Heap Roots: 0.0ms
[2024-10-11T04:32:49.923+0800][info] GC(486)   Evacuate Collection Set: 0.5ms
[2024-10-11T04:32:49.923+0800][info] GC(486)   Post Evacuate Collection Set: 0.2ms
[2024-10-11T04:32:49.923+0800][info] GC(486)   Other: 0.3ms
[2024-10-11T04:32:49.923+0800][info] GC(486) Eden regions: 1->0(2)
[2024-10-11T04:32:49.923+0800][info] GC(486) Survivor regions: 1->1(1)
[2024-10-11T04:32:49.923+0800][info] GC(486) Old regions: 51->52
[2024-10-11T04:32:49.923+0800][info] GC(486) Archive regions: 2->2
[2024-10-11T04:32:49.923+0800][info] GC(486) Humongous regions: 3->3
[2024-10-11T04:32:49.923+0800][info] GC(486) Metaspace: 1676K(1856K)->1676K(1856K) NonClass: 1552K(1664K)->1552K(1664K) Class: 124K(192K)->124K(192K)
[2024-10-11T04:32:49.923+0800][info] GC(486) Pause Young (Concurrent Start) (G1 Humongous Allocation) 106M->106M(128M) 1.079ms
[2024-10-11T04:32:49.923+0800][info] GC(486) User=0.00s Sys=0.00s Real=0.00s
[2024-10-11T04:32:49.923+0800][info] GC(487) Concurrent Mark Cycle
[2024-10-11T04:32:49.923+0800][info] GC(487) Concurrent Clear Claimed Marks
[2024-10-11T04:32:49.924+0800][info] GC(487) Concurrent Clear Claimed Marks 0.017ms
[2024-10-11T04:32:49.924+0800][info] GC(487) Concurrent Scan Root Regions
[2024-10-11T04:32:49.924+0800][info] GC(487) Concurrent Scan Root Regions 0.156ms
[2024-10-11T04:32:49.924+0800][info] GC(487) Concurrent Mark
[2024-10-11T04:32:49.924+0800][info] GC(487) Concurrent Mark From Roots
[2024-10-11T04:32:49.924+0800][info] GC(487) Using 12 workers of 12 for marking
[2024-10-11T04:32:49.928+0800][info] GC(487) Concurrent Mark From Roots 3.945ms
[2024-10-11T04:32:49.928+0800][info] GC(487) Concurrent Preclean
[2024-10-11T04:32:49.929+0800][info] GC(487) Concurrent Preclean 1.698ms
[2024-10-11T04:32:49.929+0800][info] GC(487) Pause Remark
[2024-10-11T04:32:49.931+0800][info] GC(487) Pause Remark 108M->108M(128M) 1.382ms
[2024-10-11T04:32:49.931+0800][info] GC(487) User=0.00s Sys=0.00s Real=0.00s
[2024-10-11T04:32:49.931+0800][info] GC(487) Concurrent Mark 7.252ms
[2024-10-11T04:32:49.931+0800][info] GC(487) Concurrent Rebuild Remembered Sets
[2024-10-11T04:32:49.933+0800][info] GC(487) Concurrent Rebuild Remembered Sets 1.597ms
[2024-10-11T04:32:49.933+0800][info] GC(487) Pause Cleanup
[2024-10-11T04:32:49.933+0800][info] GC(487) Pause Cleanup 108M->108M(128M) 0.222ms
[2024-10-11T04:32:49.933+0800][info] GC(487) User=0.00s Sys=0.00s Real=0.00s
[2024-10-11T04:32:49.933+0800][info] GC(487) Concurrent Cleanup for Next Mark
[2024-10-11T04:32:49.933+0800][info] GC(487) Concurrent Cleanup for Next Mark 0.453ms
[2024-10-11T04:32:49.933+0800][info] GC(487) Concurrent Mark Cycle 9.962ms
[2024-10-11T04:32:50.097+0800][info] GC(488) Pause Young (Prepare Mixed) (G1 Preventive Collection)
[2024-10-11T04:32:50.097+0800][info] GC(488) Using 3 workers of 48 for evacuation
[2024-10-11T04:32:50.098+0800][info] GC(488)   Pre Evacuate Collection Set: 0.1ms
[2024-10-11T04:32:50.098+0800][info] GC(488)   Merge Heap Roots: 0.1ms
[2024-10-11T04:32:50.098+0800][info] GC(488)   Evacuate Collection Set: 0.7ms
[2024-10-11T04:32:50.098+0800][info] GC(488)   Post Evacuate Collection Set: 0.2ms
[2024-10-11T04:32:50.098+0800][info] GC(488)   Other: 0.2ms
[2024-10-11T04:32:50.098+0800][info] GC(488) Eden regions: 2->0(2)
[2024-10-11T04:32:50.098+0800][info] GC(488) Survivor regions: 1->1(1)
[2024-10-11T04:32:50.098+0800][info] GC(488) Old regions: 52->53
[2024-10-11T04:32:50.099+0800][info] GC(488) Archive regions: 2->2
[2024-10-11T04:32:50.099+0800][info] GC(488) Humongous regions: 4->3
[2024-10-11T04:32:50.099+0800][info] GC(488) Metaspace: 1676K(1856K)->1676K(1856K) NonClass: 1552K(1664K)->1552K(1664K) Class: 124K(192K)->124K(192K)
[2024-10-11T04:32:50.099+0800][info] GC(488) Pause Young (Prepare Mixed) (G1 Preventive Collection) 111M->110M(128M) 1.277ms
[2024-10-11T04:32:50.099+0800][info] GC(488) User=0.00s Sys=0.00s Real=0.00s
[2024-10-11T04:32:50.160+0800][info] GC(489) Pause Young (Mixed) (G1 Preventive Collection)
[2024-10-11T04:32:50.160+0800][info] GC(489) Using 3 workers of 48 for evacuation
[2024-10-11T04:32:50.161+0800][info] GC(489)   Pre Evacuate Collection Set: 0.1ms
[2024-10-11T04:32:50.161+0800][info] GC(489)   Merge Heap Roots: 0.1ms
[2024-10-11T04:32:50.161+0800][info] GC(489)   Evacuate Collection Set: 1.2ms
[2024-10-11T04:32:50.161+0800][info] GC(489)   Post Evacuate Collection Set: 0.2ms
[2024-10-11T04:32:50.162+0800][info] GC(489)   Other: 0.2ms
[2024-10-11T04:32:50.162+0800][info] GC(489) Eden regions: 1->0(2)
[2024-10-11T04:32:50.162+0800][info] GC(489) Survivor regions: 1->1(1)
[2024-10-11T04:32:50.162+0800][info] GC(489) Old regions: 53->49
[2024-10-11T04:32:50.162+0800][info] GC(489) Archive regions: 2->2
[2024-10-11T04:32:50.162+0800][info] GC(489) Humongous regions: 3->3
[2024-10-11T04:32:50.162+0800][info] GC(489) Metaspace: 1676K(1856K)->1676K(1856K) NonClass: 1552K(1664K)->1552K(1664K) Class: 124K(192K)->124K(192K)
[2024-10-11T04:32:50.162+0800][info] GC(489) Pause Young (Mixed) (G1 Preventive Collection) 112M->103M(128M) 1.856ms
[2024-10-11T04:32:50.162+0800][info] GC(489) User=0.01s Sys=0.00s Real=0.00s
[2024-10-11T04:32:50.264+0800][info] GC(490) Pause Young (Mixed) (G1 Preventive Collection)
[2024-10-11T04:32:50.264+0800][info] GC(490) Using 3 workers of 48 for evacuation
[2024-10-11T04:32:50.266+0800][info] GC(490)   Pre Evacuate Collection Set: 0.1ms
[2024-10-11T04:32:50.266+0800][info] GC(490)   Merge Heap Roots: 0.1ms
[2024-10-11T04:32:50.266+0800][info] GC(490)   Evacuate Collection Set: 1.9ms
[2024-10-11T04:32:50.266+0800][info] GC(490)   Post Evacuate Collection Set: 0.2ms
[2024-10-11T04:32:50.266+0800][info] GC(490)   Other: 0.1ms
[2024-10-11T04:32:50.266+0800][info] GC(490) Eden regions: 2->0(2)
[2024-10-11T04:32:50.266+0800][info] GC(490) Survivor regions: 1->1(1)
[2024-10-11T04:32:50.266+0800][info] GC(490) Old regions: 49->48
[2024-10-11T04:32:50.266+0800][info] GC(490) Archive regions: 2->2
[2024-10-11T04:32:50.267+0800][info] GC(490) Humongous regions: 3->3
[2024-10-11T04:32:50.267+0800][info] GC(490) Metaspace: 1676K(1856K)->1676K(1856K) NonClass: 1552K(1664K)->1552K(1664K) Class: 124K(192K)->124K(192K)
[2024-10-11T04:32:50.267+0800][info] GC(490) Pause Young (Mixed) (G1 Preventive Collection) 107M->102M(128M) 2.583ms
[2024-10-11T04:32:50.267+0800][info] GC(490) User=0.01s Sys=0.00s Real=0.01s
[2024-10-11T04:32:50.368+0800][info] GC(491) Pause Young (Mixed) (G1 Evacuation Pause)
[2024-10-11T04:32:50.368+0800][info] GC(491) Using 3 workers of 48 for evacuation
[2024-10-11T04:32:50.371+0800][info] GC(491)   Pre Evacuate Collection Set: 0.3ms
[2024-10-11T04:32:50.371+0800][info] GC(491)   Merge Heap Roots: 0.1ms
[2024-10-11T04:32:50.371+0800][info] GC(491)   Evacuate Collection Set: 2.0ms
[2024-10-11T04:32:50.371+0800][info] GC(491)   Post Evacuate Collection Set: 0.2ms
[2024-10-11T04:32:50.371+0800][info] GC(491)   Other: 0.2ms
[2024-10-11T04:32:50.371+0800][info] GC(491) Eden regions: 2->0(2)
[2024-10-11T04:32:50.371+0800][info] GC(491) Survivor regions: 1->1(1)
[2024-10-11T04:32:50.371+0800][info] GC(491) Old regions: 48->48
[2024-10-11T04:32:50.371+0800][info] GC(491) Archive regions: 2->2
[2024-10-11T04:32:50.371+0800][info] GC(491) Humongous regions: 3->3
[2024-10-11T04:32:50.371+0800][info] GC(491) Metaspace: 1676K(1856K)->1676K(1856K) NonClass: 1552K(1664K)->1552K(1664K) Class: 124K(192K)->124K(192K)
[2024-10-11T04:32:50.371+0800][info] GC(491) Pause Young (Mixed) (G1 Evacuation Pause) 105M->102M(128M) 2.868ms
[2024-10-11T04:32:50.371+0800][info] GC(491) User=0.00s Sys=0.00s Real=0.00s
[2024-10-11T04:32:50.474+0800][info] GC(492) Pause Young (Mixed) (G1 Evacuation Pause)
[2024-10-11T04:32:50.474+0800][info] GC(492) Using 3 workers of 48 for evacuation
[2024-10-11T04:32:50.476+0800][info] GC(492)   Pre Evacuate Collection Set: 0.1ms
[2024-10-11T04:32:50.476+0800][info] GC(492)   Merge Heap Roots: 0.1ms
[2024-10-11T04:32:50.476+0800][info] GC(492)   Evacuate Collection Set: 2.1ms
[2024-10-11T04:32:50.476+0800][info] GC(492)   Post Evacuate Collection Set: 0.2ms
[2024-10-11T04:32:50.476+0800][info] GC(492)   Other: 0.1ms
[2024-10-11T04:32:50.476+0800][info] GC(492) Eden regions: 2->0(2)
[2024-10-11T04:32:50.476+0800][info] GC(492) Survivor regions: 1->1(1)
[2024-10-11T04:32:50.476+0800][info] GC(492) Old regions: 48->47
[2024-10-11T04:32:50.476+0800][info] GC(492) Archive regions: 2->2
[2024-10-11T04:32:50.476+0800][info] GC(492) Humongous regions: 3->3
[2024-10-11T04:32:50.476+0800][info] GC(492) Metaspace: 1676K(1856K)->1676K(1856K) NonClass: 1552K(1664K)->1552K(1664K) Class: 124K(192K)->124K(192K)
[2024-10-11T04:32:50.476+0800][info] GC(492) Pause Young (Mixed) (G1 Evacuation Pause) 105M->101M(128M) 2.717ms
[2024-10-11T04:32:50.476+0800][info] GC(492) User=0.00s Sys=0.00s Real=0.00s
[2024-10-11T04:32:50.578+0800][info] GC(493) Pause Young (Mixed) (G1 Evacuation Pause)
[2024-10-11T04:32:50.578+0800][info] GC(493) Using 3 workers of 48 for evacuation
[2024-10-11T04:32:50.579+0800][info] GC(493)   Pre Evacuate Collection Set: 0.1ms
[2024-10-11T04:32:50.579+0800][info] GC(493)   Merge Heap Roots: 0.0ms
[2024-10-11T04:32:50.579+0800][info] GC(493)   Evacuate Collection Set: 0.9ms
[2024-10-11T04:32:50.579+0800][info] GC(493)   Post Evacuate Collection Set: 0.2ms
[2024-10-11T04:32:50.579+0800][info] GC(493)   Other: 0.1ms
[2024-10-11T04:32:50.579+0800][info] GC(493) Eden regions: 2->0(2)
[2024-10-11T04:32:50.579+0800][info] GC(493) Survivor regions: 1->1(1)
[2024-10-11T04:32:50.579+0800][info] GC(493) Old regions: 47->48
[2024-10-11T04:32:50.580+0800][info] GC(493) Archive regions: 2->2
[2024-10-11T04:32:50.580+0800][info] GC(493) Humongous regions: 3->3
[2024-10-11T04:32:50.580+0800][info] GC(493) Metaspace: 1676K(1856K)->1676K(1856K) NonClass: 1552K(1664K)->1552K(1664K) Class: 124K(192K)->124K(192K)
[2024-10-11T04:32:50.580+0800][info] GC(493) Pause Young (Mixed) (G1 Evacuation Pause) 104M->103M(128M) 1.465ms
[2024-10-11T04:32:50.580+0800][info] GC(493) User=0.01s Sys=0.00s Real=0.00s
[2024-10-11T04:32:50.682+0800][info] GC(494) Pause Young (Normal) (G1 Evacuation Pause)
[2024-10-11T04:32:50.682+0800][info] GC(494) Using 3 workers of 48 for evacuation
[2024-10-11T04:32:50.683+0800][info] GC(494)   Pre Evacuate Collection Set: 0.1ms
[2024-10-11T04:32:50.683+0800][info] GC(494)   Merge Heap Roots: 0.0ms
[2024-10-11T04:32:50.683+0800][info] GC(494)   Evacuate Collection Set: 0.7ms
[2024-10-11T04:32:50.683+0800][info] GC(494)   Post Evacuate Collection Set: 0.2ms
[2024-10-11T04:32:50.683+0800][info] GC(494)   Other: 0.2ms
[2024-10-11T04:32:50.683+0800][info] GC(494) Eden regions: 2->0(2)
[2024-10-11T04:32:50.683+0800][info] GC(494) Survivor regions: 1->1(1)
[2024-10-11T04:32:50.683+0800][info] GC(494) Old regions: 48->50
[2024-10-11T04:32:50.683+0800][info] GC(494) Archive regions: 2->2
[2024-10-11T04:32:50.683+0800][info] GC(494) Humongous regions: 3->3
[2024-10-11T04:32:50.683+0800][info] GC(494) Metaspace: 1676K(1856K)->1676K(1856K) NonClass: 1552K(1664K)->1552K(1664K) Class: 124K(192K)->124K(192K)
[2024-10-11T04:32:50.683+0800][info] GC(494) Pause Young (Normal) (G1 Evacuation Pause) 107M->107M(128M) 1.362ms
[2024-10-11T04:32:50.683+0800][info] GC(494) User=0.00s Sys=0.00s Real=0.00s
[2024-10-11T04:32:50.785+0800][info] GC(495) Pause Young (Concurrent Start) (G1 Evacuation Pause)
[2024-10-11T04:32:50.785+0800][info] GC(495) Using 3 workers of 48 for evacuation
[2024-10-11T04:32:50.786+0800][info] GC(495)   Pre Evacuate Collection Set: 0.1ms
[2024-10-11T04:32:50.786+0800][info] GC(495)   Merge Heap Roots: 0.0ms
[2024-10-11T04:32:50.786+0800][info] GC(495)   Evacuate Collection Set: 0.7ms
[2024-10-11T04:32:50.786+0800][info] GC(495)   Post Evacuate Collection Set: 0.2ms
[2024-10-11T04:32:50.786+0800][info] GC(495)   Other: 0.4ms
[2024-10-11T04:32:50.786+0800][info] GC(495) Eden regions: 2->0(2)
[2024-10-11T04:32:50.786+0800][info] GC(495) Survivor regions: 1->1(1)
[2024-10-11T04:32:50.786+0800][info] GC(495) Old regions: 50->52
[2024-10-11T04:32:50.786+0800][info] GC(495) Archive regions: 2->2
[2024-10-11T04:32:50.786+0800][info] GC(495) Humongous regions: 3->3
[2024-10-11T04:32:50.786+0800][info] GC(495) Metaspace: 1676K(1856K)->1676K(1856K) NonClass: 1552K(1664K)->1552K(1664K) Class: 124K(192K)->124K(192K)
[2024-10-11T04:32:50.786+0800][info] GC(495) Pause Young (Concurrent Start) (G1 Evacuation Pause) 110M->111M(128M) 1.454ms
[2024-10-11T04:32:50.786+0800][info] GC(495) User=0.00s Sys=0.00s Real=0.01s
[2024-10-11T04:32:50.786+0800][info] GC(496) Concurrent Mark Cycle
[2024-10-11T04:32:50.787+0800][info] GC(496) Concurrent Clear Claimed Marks
[2024-10-11T04:32:50.787+0800][info] GC(496) Concurrent Clear Claimed Marks 0.017ms
[2024-10-11T04:32:50.787+0800][info] GC(496) Concurrent Scan Root Regions
[2024-10-11T04:32:50.787+0800][info] GC(496) Concurrent Scan Root Regions 0.099ms
[2024-10-11T04:32:50.787+0800][info] GC(496) Concurrent Mark
[2024-10-11T04:32:50.787+0800][info] GC(496) Concurrent Mark From Roots
[2024-10-11T04:32:50.787+0800][info] GC(496) Using 12 workers of 12 for marking
[2024-10-11T04:32:50.793+0800][info] GC(496) Concurrent Mark From Roots 6.504ms
[2024-10-11T04:32:50.793+0800][info] GC(496) Concurrent Preclean
[2024-10-11T04:32:50.795+0800][info] GC(496) Concurrent Preclean 1.674ms
[2024-10-11T04:32:50.795+0800][info] GC(496) Pause Remark
[2024-10-11T04:32:50.797+0800][info] GC(496) Pause Remark 111M->111M(128M) 1.462ms
[2024-10-11T04:32:50.797+0800][info] GC(496) User=0.01s Sys=0.00s Real=0.00s
[2024-10-11T04:32:50.797+0800][info] GC(496) Concurrent Mark 9.955ms
[2024-10-11T04:32:50.797+0800][info] GC(496) Concurrent Rebuild Remembered Sets
[2024-10-11T04:32:50.798+0800][info] GC(496) Concurrent Rebuild Remembered Sets 1.398ms
[2024-10-11T04:32:50.798+0800][info] GC(496) Pause Cleanup
[2024-10-11T04:32:50.798+0800][info] GC(496) Pause Cleanup 111M->111M(128M) 0.227ms
[2024-10-11T04:32:50.798+0800][info] GC(496) User=0.01s Sys=0.00s Real=0.00s
[2024-10-11T04:32:50.798+0800][info] GC(496) Concurrent Cleanup for Next Mark
[2024-10-11T04:32:50.799+0800][info] GC(496) Concurrent Cleanup for Next Mark 0.348ms
[2024-10-11T04:32:50.799+0800][info] GC(496) Concurrent Mark Cycle 12.318ms
[2024-10-11T04:32:50.940+0800][info] GC(497) Pause Young (Prepare Mixed) (G1 Preventive Collection)
[2024-10-11T04:32:50.940+0800][info] GC(497) Using 3 workers of 48 for evacuation
[2024-10-11T04:32:50.941+0800][info] GC(497)   Pre Evacuate Collection Set: 0.1ms
[2024-10-11T04:32:50.941+0800][info] GC(497)   Merge Heap Roots: 0.1ms
[2024-10-11T04:32:50.941+0800][info] GC(497)   Evacuate Collection Set: 0.8ms
[2024-10-11T04:32:50.941+0800][info] GC(497)   Post Evacuate Collection Set: 0.2ms
[2024-10-11T04:32:50.941+0800][info] GC(497)   Other: 0.2ms
[2024-10-11T04:32:50.941+0800][info] GC(497) Eden regions: 2->0(2)
[2024-10-11T04:32:50.941+0800][info] GC(497) Survivor regions: 1->1(1)
[2024-10-11T04:32:50.941+0800][info] GC(497) Old regions: 52->54
[2024-10-11T04:32:50.941+0800][info] GC(497) Archive regions: 2->2
[2024-10-11T04:32:50.941+0800][info] GC(497) Humongous regions: 3->3
[2024-10-11T04:32:50.941+0800][info] GC(497) Metaspace: 1676K(1856K)->1676K(1856K) NonClass: 1552K(1664K)->1552K(1664K) Class: 124K(192K)->124K(192K)
[2024-10-11T04:32:50.941+0800][info] GC(497) Pause Young (Prepare Mixed) (G1 Preventive Collection) 114M->115M(128M) 1.451ms
[2024-10-11T04:32:50.941+0800][info] GC(497) User=0.00s Sys=0.00s Real=0.00s
[2024-10-11T04:32:51.002+0800][info] GC(498) Pause Young (Mixed) (G1 Preventive Collection)
[2024-10-11T04:32:51.002+0800][info] GC(498) Using 3 workers of 48 for evacuation
[2024-10-11T04:32:51.004+0800][info] GC(498) To-space exhausted
[2024-10-11T04:32:51.004+0800][info] GC(498)   Pre Evacuate Collection Set: 0.1ms
[2024-10-11T04:32:51.004+0800][info] GC(498)   Merge Heap Roots: 0.1ms
[2024-10-11T04:32:51.004+0800][info] GC(498)   Evacuate Collection Set: 0.9ms
[2024-10-11T04:32:51.004+0800][info] GC(498)   Post Evacuate Collection Set: 0.3ms
[2024-10-11T04:32:51.004+0800][info] GC(498)   Other: 0.2ms
[2024-10-11T04:32:51.004+0800][info] GC(498) Eden regions: 1->0(2)
[2024-10-11T04:32:51.004+0800][info] GC(498) Survivor regions: 1->1(1)
[2024-10-11T04:32:51.004+0800][info] GC(498) Old regions: 54->56
[2024-10-11T04:32:51.004+0800][info] GC(498) Archive regions: 2->2
[2024-10-11T04:32:51.004+0800][info] GC(498) Humongous regions: 3->3
[2024-10-11T04:32:51.004+0800][info] GC(498) Metaspace: 1676K(1856K)->1676K(1856K) NonClass: 1552K(1664K)->1552K(1664K) Class: 124K(192K)->124K(192K)
[2024-10-11T04:32:51.004+0800][info] GC(498) Pause Young (Mixed) (G1 Preventive Collection) 116M->119M(128M) 1.576ms
[2024-10-11T04:32:51.004+0800][info] GC(498) User=0.00s Sys=0.00s Real=0.00s
[2024-10-11T04:32:51.045+0800][info] GC(499) Pause Young (Mixed) (G1 Preventive Collection)
[2024-10-11T04:32:51.045+0800][info] GC(499) Using 3 workers of 48 for evacuation
[2024-10-11T04:32:51.046+0800][info] GC(499) To-space exhausted
[2024-10-11T04:32:51.046+0800][info] GC(499)   Pre Evacuate Collection Set: 0.1ms
[2024-10-11T04:32:51.046+0800][info] GC(499)   Merge Heap Roots: 0.1ms
[2024-10-11T04:32:51.046+0800][info] GC(499)   Evacuate Collection Set: 0.7ms
[2024-10-11T04:32:51.046+0800][info] GC(499)   Post Evacuate Collection Set: 0.3ms
[2024-10-11T04:32:51.046+0800][info] GC(499)   Other: 0.2ms
[2024-10-11T04:32:51.046+0800][info] GC(499) Eden regions: 1->0(2)
[2024-10-11T04:32:51.046+0800][info] GC(499) Survivor regions: 1->1(1)
[2024-10-11T04:32:51.046+0800][info] GC(499) Old regions: 56->57
[2024-10-11T04:32:51.046+0800][info] GC(499) Archive regions: 2->2
[2024-10-11T04:32:51.046+0800][info] GC(499) Humongous regions: 3->3
[2024-10-11T04:32:51.046+0800][info] GC(499) Metaspace: 1676K(1856K)->1676K(1856K) NonClass: 1552K(1664K)->1552K(1664K) Class: 124K(192K)->124K(192K)
[2024-10-11T04:32:51.046+0800][info] GC(499) Pause Young (Mixed) (G1 Preventive Collection) 121M->121M(128M) 1.405ms
[2024-10-11T04:32:51.046+0800][info] GC(499) User=0.00s Sys=0.00s Real=0.01s
[2024-10-11T04:32:51.108+0800][info] GC(500) Pause Young (Mixed) (G1 Evacuation Pause)
[2024-10-11T04:32:51.108+0800][info] GC(500) Using 3 workers of 48 for evacuation
[2024-10-11T04:32:51.109+0800][info] GC(500) To-space exhausted
[2024-10-11T04:32:51.109+0800][info] GC(500)   Pre Evacuate Collection Set: 0.1ms
[2024-10-11T04:32:51.109+0800][info] GC(500)   Merge Heap Roots: 0.1ms
[2024-10-11T04:32:51.109+0800][info] GC(500)   Evacuate Collection Set: 0.5ms
[2024-10-11T04:32:51.109+0800][info] GC(500)   Post Evacuate Collection Set: 0.3ms
[2024-10-11T04:32:51.109+0800][info] GC(500)   Other: 0.1ms
[2024-10-11T04:32:51.109+0800][info] GC(500) Eden regions: 1->0(3)
[2024-10-11T04:32:51.109+0800][info] GC(500) Survivor regions: 1->0(0)
[2024-10-11T04:32:51.109+0800][info] GC(500) Old regions: 57->59
[2024-10-11T04:32:51.109+0800][info] GC(500) Archive regions: 2->2
[2024-10-11T04:32:51.109+0800][info] GC(500) Humongous regions: 3->3
[2024-10-11T04:32:51.109+0800][info] GC(500) Metaspace: 1676K(1856K)->1676K(1856K) NonClass: 1552K(1664K)->1552K(1664K) Class: 124K(192K)->124K(192K)
[2024-10-11T04:32:51.109+0800][info] GC(500) Pause Young (Mixed) (G1 Evacuation Pause) 123M->123M(128M) 1.243ms
[2024-10-11T04:32:51.109+0800][info] GC(500) User=0.00s Sys=0.00s Real=0.00s
[2024-10-11T04:32:51.109+0800][info] Attempting full compaction
[2024-10-11T04:32:51.109+0800][info] GC(501) Using 3 workers of 48 for full compaction
[2024-10-11T04:32:51.109+0800][info] GC(501) Pause Full (G1 Compaction Pause)
[2024-10-11T04:32:51.109+0800][info] GC(501) Phase 1: Mark live objects
[2024-10-11T04:32:51.112+0800][info] GC(501) Phase 1: Mark live objects 3.113ms
[2024-10-11T04:32:51.112+0800][info] GC(501) Phase 2: Prepare for compaction
[2024-10-11T04:32:51.113+0800][info] GC(501) Phase 2: Prepare for compaction 0.564ms
[2024-10-11T04:32:51.113+0800][info] GC(501) Phase 3: Adjust pointers
[2024-10-11T04:32:51.114+0800][info] GC(501) Phase 3: Adjust pointers 1.633ms
[2024-10-11T04:32:51.115+0800][info] GC(501) Phase 4: Compact heap
[2024-10-11T04:32:51.126+0800][info] GC(501) Phase 4: Compact heap 11.888ms
[2024-10-11T04:32:51.128+0800][info] GC(501) Eden regions: 0->0(4)
[2024-10-11T04:32:51.128+0800][info] GC(501) Survivor regions: 0->0(0)
[2024-10-11T04:32:51.128+0800][info] GC(501) Old regions: 59->38
[2024-10-11T04:32:51.128+0800][info] GC(501) Archive regions: 2->2
[2024-10-11T04:32:51.128+0800][info] GC(501) Humongous regions: 3->3
[2024-10-11T04:32:51.128+0800][info] GC(501) Metaspace: 1676K(1856K)->1676K(1856K) NonClass: 1552K(1664K)->1552K(1664K) Class: 124K(192K)->124K(192K)
[2024-10-11T04:32:51.128+0800][info] GC(501) Pause Full (G1 Compaction Pause) 123M->71M(128M) 18.836ms
[2024-10-11T04:32:51.128+0800][info] GC(501) User=0.04s Sys=0.00s Real=0.02s
[2024-10-11T04:32:51.333+0800][info] GC(502) Pause Young (Normal) (G1 Evacuation Pause)
[2024-10-11T04:32:51.333+0800][info] GC(502) Using 3 workers of 48 for evacuation
[2024-10-11T04:32:51.334+0800][info] GC(502)   Pre Evacuate Collection Set: 0.1ms
[2024-10-11T04:32:51.334+0800][info] GC(502)   Merge Heap Roots: 0.0ms
[2024-10-11T04:32:51.334+0800][info] GC(502)   Evacuate Collection Set: 1.2ms
[2024-10-11T04:32:51.334+0800][info] GC(502)   Post Evacuate Collection Set: 0.2ms
[2024-10-11T04:32:51.334+0800][info] GC(502)   Other: 0.2ms
[2024-10-11T04:32:51.334+0800][info] GC(502) Eden regions: 4->0(2)
[2024-10-11T04:32:51.334+0800][info] GC(502) Survivor regions: 0->1(1)
[2024-10-11T04:32:51.334+0800][info] GC(502) Old regions: 38->41
[2024-10-11T04:32:51.334+0800][info] GC(502) Archive regions: 2->2
[2024-10-11T04:32:51.334+0800][info] GC(502) Humongous regions: 3->3
[2024-10-11T04:32:51.334+0800][info] GC(502) Metaspace: 1676K(1856K)->1676K(1856K) NonClass: 1552K(1664K)->1552K(1664K) Class: 124K(192K)->124K(192K)
[2024-10-11T04:32:51.334+0800][info] GC(502) Pause Young (Normal) (G1 Evacuation Pause) 79M->79M(128M) 1.815ms
[2024-10-11T04:32:51.334+0800][info] GC(502) User=0.01s Sys=0.00s Real=0.01s
[2024-10-11T04:32:51.436+0800][info] GC(503) Pause Young (Normal) (G1 Evacuation Pause)
[2024-10-11T04:32:51.436+0800][info] GC(503) Using 3 workers of 48 for evacuation
[2024-10-11T04:32:51.438+0800][info] GC(503)   Pre Evacuate Collection Set: 0.1ms
[2024-10-11T04:32:51.438+0800][info] GC(503)   Merge Heap Roots: 0.0ms
[2024-10-11T04:32:51.438+0800][info] GC(503)   Evacuate Collection Set: 0.8ms
[2024-10-11T04:32:51.438+0800][info] GC(503)   Post Evacuate Collection Set: 0.2ms
[2024-10-11T04:32:51.438+0800][info] GC(503)   Other: 0.2ms
[2024-10-11T04:32:51.438+0800][info] GC(503) Eden regions: 2->0(2)
[2024-10-11T04:32:51.438+0800][info] GC(503) Survivor regions: 1->1(1)
[2024-10-11T04:32:51.438+0800][info] GC(503) Old regions: 41->43
[2024-10-11T04:32:51.438+0800][info] GC(503) Archive regions: 2->2
[2024-10-11T04:32:51.438+0800][info] GC(503) Humongous regions: 3->3
[2024-10-11T04:32:51.438+0800][info] GC(503) Metaspace: 1676K(1856K)->1676K(1856K) NonClass: 1552K(1664K)->1552K(1664K) Class: 124K(192K)->124K(192K)
[2024-10-11T04:32:51.438+0800][info] GC(503) Pause Young (Normal) (G1 Evacuation Pause) 82M->83M(128M) 1.357ms
[2024-10-11T04:32:51.438+0800][info] GC(503) User=0.00s Sys=0.00s Real=0.00s
[2024-10-11T04:32:51.540+0800][info] GC(504) Pause Young (Normal) (G1 Evacuation Pause)
[2024-10-11T04:32:51.540+0800][info] GC(504) Using 3 workers of 48 for evacuation
[2024-10-11T04:32:51.541+0800][info] GC(504)   Pre Evacuate Collection Set: 0.1ms
[2024-10-11T04:32:51.541+0800][info] GC(504)   Merge Heap Roots: 0.0ms
[2024-10-11T04:32:51.541+0800][info] GC(504)   Evacuate Collection Set: 0.7ms
[2024-10-11T04:32:51.541+0800][info] GC(504)   Post Evacuate Collection Set: 0.2ms
[2024-10-11T04:32:51.541+0800][info] GC(504)   Other: 0.2ms
[2024-10-11T04:32:51.541+0800][info] GC(504) Eden regions: 2->0(2)
[2024-10-11T04:32:51.541+0800][info] GC(504) Survivor regions: 1->1(1)
[2024-10-11T04:32:51.541+0800][info] GC(504) Old regions: 43->45
[2024-10-11T04:32:51.541+0800][info] GC(504) Archive regions: 2->2
[2024-10-11T04:32:51.541+0800][info] GC(504) Humongous regions: 3->3
[2024-10-11T04:32:51.541+0800][info] GC(504) Metaspace: 1676K(1856K)->1676K(1856K) NonClass: 1552K(1664K)->1552K(1664K) Class: 124K(192K)->124K(192K)
[2024-10-11T04:32:51.541+0800][info] GC(504) Pause Young (Normal) (G1 Evacuation Pause) 86M->87M(128M) 1.319ms
[2024-10-11T04:32:51.541+0800][info] GC(504) User=0.01s Sys=0.00s Real=0.00s
[2024-10-11T04:32:51.643+0800][info] GC(505) Pause Young (Normal) (G1 Evacuation Pause)
[2024-10-11T04:32:51.643+0800][info] GC(505) Using 3 workers of 48 for evacuation
[2024-10-11T04:32:51.644+0800][info] GC(505)   Pre Evacuate Collection Set: 0.1ms
[2024-10-11T04:32:51.644+0800][info] GC(505)   Merge Heap Roots: 0.0ms
[2024-10-11T04:32:51.644+0800][info] GC(505)   Evacuate Collection Set: 0.7ms
[2024-10-11T04:32:51.644+0800][info] GC(505)   Post Evacuate Collection Set: 0.2ms
[2024-10-11T04:32:51.644+0800][info] GC(505)   Other: 0.2ms
[2024-10-11T04:32:51.644+0800][info] GC(505) Eden regions: 2->0(2)
[2024-10-11T04:32:51.644+0800][info] GC(505) Survivor regions: 1->1(1)
[2024-10-11T04:32:51.644+0800][info] GC(505) Old regions: 45->47
[2024-10-11T04:32:51.644+0800][info] GC(505) Archive regions: 2->2
[2024-10-11T04:32:51.644+0800][info] GC(505) Humongous regions: 3->3
[2024-10-11T04:32:51.644+0800][info] GC(505) Metaspace: 1676K(1856K)->1676K(1856K) NonClass: 1552K(1664K)->1552K(1664K) Class: 124K(192K)->124K(192K)
[2024-10-11T04:32:51.644+0800][info] GC(505) Pause Young (Normal) (G1 Evacuation Pause) 90M->90M(128M) 1.207ms
[2024-10-11T04:32:51.644+0800][info] GC(505) User=0.01s Sys=0.00s Real=0.00s
[2024-10-11T04:32:51.747+0800][info] GC(506) Pause Young (Concurrent Start) (G1 Evacuation Pause)
[2024-10-11T04:32:51.747+0800][info] GC(506) Using 3 workers of 48 for evacuation
[2024-10-11T04:32:51.748+0800][info] GC(506)   Pre Evacuate Collection Set: 0.1ms
[2024-10-11T04:32:51.748+0800][info] GC(506)   Merge Heap Roots: 0.0ms
[2024-10-11T04:32:51.748+0800][info] GC(506)   Evacuate Collection Set: 0.7ms
[2024-10-11T04:32:51.748+0800][info] GC(506)   Post Evacuate Collection Set: 0.2ms
[2024-10-11T04:32:51.748+0800][info] GC(506)   Other: 0.4ms
[2024-10-11T04:32:51.748+0800][info] GC(506) Eden regions: 2->0(2)
[2024-10-11T04:32:51.748+0800][info] GC(506) Survivor regions: 1->1(1)
[2024-10-11T04:32:51.748+0800][info] GC(506) Old regions: 47->49
[2024-10-11T04:32:51.748+0800][info] GC(506) Archive regions: 2->2
[2024-10-11T04:32:51.748+0800][info] GC(506) Humongous regions: 3->3
[2024-10-11T04:32:51.748+0800][info] GC(506) Metaspace: 1676K(1856K)->1676K(1856K) NonClass: 1552K(1664K)->1552K(1664K) Class: 124K(192K)->124K(192K)
[2024-10-11T04:32:51.748+0800][info] GC(506) Pause Young (Concurrent Start) (G1 Evacuation Pause) 94M->94M(128M) 1.436ms
[2024-10-11T04:32:51.748+0800][info] GC(506) User=0.00s Sys=0.00s Real=0.00s
[2024-10-11T04:32:51.748+0800][info] GC(507) Concurrent Mark Cycle
[2024-10-11T04:32:51.748+0800][info] GC(507) Concurrent Clear Claimed Marks
[2024-10-11T04:32:51.748+0800][info] GC(507) Concurrent Clear Claimed Marks 0.016ms
[2024-10-11T04:32:51.748+0800][info] GC(507) Concurrent Scan Root Regions
[2024-10-11T04:32:51.748+0800][info] GC(507) Concurrent Scan Root Regions 0.094ms
[2024-10-11T04:32:51.748+0800][info] GC(507) Concurrent Mark
[2024-10-11T04:32:51.748+0800][info] GC(507) Concurrent Mark From Roots
[2024-10-11T04:32:51.748+0800][info] GC(507) Using 12 workers of 12 for marking
[2024-10-11T04:32:51.752+0800][info] GC(507) Concurrent Mark From Roots 4.068ms
[2024-10-11T04:32:51.752+0800][info] GC(507) Concurrent Preclean
[2024-10-11T04:32:51.754+0800][info] GC(507) Concurrent Preclean 1.730ms
[2024-10-11T04:32:51.754+0800][info] GC(507) Pause Remark
[2024-10-11T04:32:51.756+0800][info] GC(507) Pause Remark 95M->95M(128M) 1.498ms
[2024-10-11T04:32:51.756+0800][info] GC(507) User=0.00s Sys=0.00s Real=0.00s
[2024-10-11T04:32:51.756+0800][info] GC(507) Concurrent Mark 7.613ms
[2024-10-11T04:32:51.756+0800][info] GC(507) Concurrent Rebuild Remembered Sets
[2024-10-11T04:32:51.757+0800][info] GC(507) Concurrent Rebuild Remembered Sets 1.485ms
[2024-10-11T04:32:51.758+0800][info] GC(507) Pause Cleanup
[2024-10-11T04:32:51.758+0800][info] GC(507) Pause Cleanup 95M->95M(128M) 0.251ms
[2024-10-11T04:32:51.758+0800][info] GC(507) User=0.00s Sys=0.00s Real=0.00s
[2024-10-11T04:32:51.758+0800][info] GC(507) Concurrent Cleanup for Next Mark
[2024-10-11T04:32:51.758+0800][info] GC(507) Concurrent Cleanup for Next Mark 0.388ms
[2024-10-11T04:32:51.758+0800][info] GC(507) Concurrent Mark Cycle 10.196ms
[2024-10-11T04:32:51.901+0800][info] GC(508) Pause Young (Prepare Mixed) (G1 Evacuation Pause)
[2024-10-11T04:32:51.901+0800][info] GC(508) Using 3 workers of 48 for evacuation
[2024-10-11T04:32:51.902+0800][info] GC(508)   Pre Evacuate Collection Set: 0.1ms
[2024-10-11T04:32:51.902+0800][info] GC(508)   Merge Heap Roots: 0.1ms
[2024-10-11T04:32:51.902+0800][info] GC(508)   Evacuate Collection Set: 1.0ms
[2024-10-11T04:32:51.902+0800][info] GC(508)   Post Evacuate Collection Set: 0.2ms
[2024-10-11T04:32:51.902+0800][info] GC(508)   Other: 0.2ms
[2024-10-11T04:32:51.902+0800][info] GC(508) Eden regions: 2->0(2)
[2024-10-11T04:32:51.902+0800][info] GC(508) Survivor regions: 1->1(1)
[2024-10-11T04:32:51.902+0800][info] GC(508) Old regions: 48->50
[2024-10-11T04:32:51.902+0800][info] GC(508) Archive regions: 2->2
[2024-10-11T04:32:51.902+0800][info] GC(508) Humongous regions: 3->3
[2024-10-11T04:32:51.902+0800][info] GC(508) Metaspace: 1676K(1856K)->1676K(1856K) NonClass: 1552K(1664K)->1552K(1664K) Class: 124K(192K)->124K(192K)
[2024-10-11T04:32:51.902+0800][info] GC(508) Pause Young (Prepare Mixed) (G1 Evacuation Pause) 98M->98M(128M) 1.567ms
[2024-10-11T04:32:51.902+0800][info] GC(508) User=0.01s Sys=0.00s Real=0.00s
[2024-10-11T04:32:52.005+0800][info] GC(509) Pause Young (Mixed) (G1 Evacuation Pause)
[2024-10-11T04:32:52.005+0800][info] GC(509) Using 3 workers of 48 for evacuation
[2024-10-11T04:32:52.007+0800][info] GC(509)   Pre Evacuate Collection Set: 0.1ms
[2024-10-11T04:32:52.007+0800][info] GC(509)   Merge Heap Roots: 0.1ms
[2024-10-11T04:32:52.007+0800][info] GC(509)   Evacuate Collection Set: 1.5ms
[2024-10-11T04:32:52.007+0800][info] GC(509)   Post Evacuate Collection Set: 0.2ms
[2024-10-11T04:32:52.007+0800][info] GC(509)   Other: 0.2ms
[2024-10-11T04:32:52.007+0800][info] GC(509) Eden regions: 2->0(2)
[2024-10-11T04:32:52.007+0800][info] GC(509) Survivor regions: 1->1(1)
[2024-10-11T04:32:52.007+0800][info] GC(509) Old regions: 50->48
[2024-10-11T04:32:52.007+0800][info] GC(509) Archive regions: 2->2
[2024-10-11T04:32:52.007+0800][info] GC(509) Humongous regions: 3->3
[2024-10-11T04:32:52.007+0800][info] GC(509) Metaspace: 1676K(1856K)->1676K(1856K) NonClass: 1552K(1664K)->1552K(1664K) Class: 124K(192K)->124K(192K)
[2024-10-11T04:32:52.007+0800][info] GC(509) Pause Young (Mixed) (G1 Evacuation Pause) 101M->95M(128M) 2.130ms
[2024-10-11T04:32:52.007+0800][info] GC(509) User=0.00s Sys=0.00s Real=0.01s
[2024-10-11T04:32:52.109+0800][info] GC(510) Pause Young (Mixed) (G1 Evacuation Pause)
[2024-10-11T04:32:52.109+0800][info] GC(510) Using 3 workers of 48 for evacuation
[2024-10-11T04:32:52.111+0800][info] GC(510)   Pre Evacuate Collection Set: 0.1ms
[2024-10-11T04:32:52.111+0800][info] GC(510)   Merge Heap Roots: 0.1ms
[2024-10-11T04:32:52.111+0800][info] GC(510)   Evacuate Collection Set: 1.6ms
[2024-10-11T04:32:52.111+0800][info] GC(510)   Post Evacuate Collection Set: 0.2ms
[2024-10-11T04:32:52.111+0800][info] GC(510)   Other: 0.1ms
[2024-10-11T04:32:52.111+0800][info] GC(510) Eden regions: 2->0(2)
[2024-10-11T04:32:52.111+0800][info] GC(510) Survivor regions: 1->1(1)
[2024-10-11T04:32:52.111+0800][info] GC(510) Old regions: 48->46
[2024-10-11T04:32:52.111+0800][info] GC(510) Archive regions: 2->2
[2024-10-11T04:32:52.111+0800][info] GC(510) Humongous regions: 3->3
[2024-10-11T04:32:52.111+0800][info] GC(510) Metaspace: 1676K(1856K)->1676K(1856K) NonClass: 1552K(1664K)->1552K(1664K) Class: 124K(192K)->124K(192K)
[2024-10-11T04:32:52.111+0800][info] GC(510) Pause Young (Mixed) (G1 Evacuation Pause) 98M->93M(128M) 2.220ms
[2024-10-11T04:32:52.111+0800][info] GC(510) User=0.01s Sys=0.00s Real=0.00s
[2024-10-11T04:32:52.214+0800][info] GC(511) Pause Young (Mixed) (G1 Evacuation Pause)
[2024-10-11T04:32:52.214+0800][info] GC(511) Using 3 workers of 48 for evacuation
[2024-10-11T04:32:52.216+0800][info] GC(511)   Pre Evacuate Collection Set: 0.1ms
[2024-10-11T04:32:52.216+0800][info] GC(511)   Merge Heap Roots: 0.1ms
[2024-10-11T04:32:52.216+0800][info] GC(511)   Evacuate Collection Set: 1.7ms
[2024-10-11T04:32:52.216+0800][info] GC(511)   Post Evacuate Collection Set: 0.2ms
[2024-10-11T04:32:52.216+0800][info] GC(511)   Other: 0.1ms
[2024-10-11T04:32:52.216+0800][info] GC(511) Eden regions: 2->0(2)
[2024-10-11T04:32:52.216+0800][info] GC(511) Survivor regions: 1->1(1)
[2024-10-11T04:32:52.216+0800][info] GC(511) Old regions: 46->45
[2024-10-11T04:32:52.216+0800][info] GC(511) Archive regions: 2->2
[2024-10-11T04:32:52.216+0800][info] GC(511) Humongous regions: 4->3
[2024-10-11T04:32:52.216+0800][info] GC(511) Metaspace: 1676K(1856K)->1676K(1856K) NonClass: 1552K(1664K)->1552K(1664K) Class: 124K(192K)->124K(192K)
[2024-10-11T04:32:52.216+0800][info] GC(511) Pause Young (Mixed) (G1 Evacuation Pause) 98M->93M(128M) 2.349ms
[2024-10-11T04:32:52.216+0800][info] GC(511) User=0.01s Sys=0.00s Real=0.00s
[2024-10-11T04:32:52.318+0800][info] GC(512) Pause Young (Mixed) (G1 Evacuation Pause)
[2024-10-11T04:32:52.318+0800][info] GC(512) Using 3 workers of 48 for evacuation
[2024-10-11T04:32:52.320+0800][info] GC(512)   Pre Evacuate Collection Set: 0.1ms
[2024-10-11T04:32:52.320+0800][info] GC(512)   Merge Heap Roots: 0.1ms
[2024-10-11T04:32:52.320+0800][info] GC(512)   Evacuate Collection Set: 1.7ms
[2024-10-11T04:32:52.320+0800][info] GC(512)   Post Evacuate Collection Set: 0.2ms
[2024-10-11T04:32:52.320+0800][info] GC(512)   Other: 0.1ms
[2024-10-11T04:32:52.320+0800][info] GC(512) Eden regions: 2->0(2)
[2024-10-11T04:32:52.320+0800][info] GC(512) Survivor regions: 1->1(1)
[2024-10-11T04:32:52.320+0800][info] GC(512) Old regions: 45->46
[2024-10-11T04:32:52.320+0800][info] GC(512) Archive regions: 2->2
[2024-10-11T04:32:52.320+0800][info] GC(512) Humongous regions: 3->3
[2024-10-11T04:32:52.320+0800][info] GC(512) Metaspace: 1676K(1856K)->1676K(1856K) NonClass: 1552K(1664K)->1552K(1664K) Class: 124K(192K)->124K(192K)
[2024-10-11T04:32:52.320+0800][info] GC(512) Pause Young (Mixed) (G1 Evacuation Pause) 97M->95M(128M) 2.344ms
[2024-10-11T04:32:52.320+0800][info] GC(512) User=0.00s Sys=0.00s Real=0.00s
[2024-10-11T04:32:52.422+0800][info] GC(513) Pause Young (Normal) (G1 Evacuation Pause)
[2024-10-11T04:32:52.422+0800][info] GC(513) Using 3 workers of 48 for evacuation
[2024-10-11T04:32:52.424+0800][info] GC(513)   Pre Evacuate Collection Set: 0.1ms
[2024-10-11T04:32:52.424+0800][info] GC(513)   Merge Heap Roots: 0.0ms
[2024-10-11T04:32:52.424+0800][info] GC(513)   Evacuate Collection Set: 0.8ms
[2024-10-11T04:32:52.424+0800][info] GC(513)   Post Evacuate Collection Set: 0.2ms
[2024-10-11T04:32:52.424+0800][info] GC(513)   Other: 0.2ms
[2024-10-11T04:32:52.424+0800][info] GC(513) Eden regions: 2->0(2)
[2024-10-11T04:32:52.424+0800][info] GC(513) Survivor regions: 1->1(1)
[2024-10-11T04:32:52.424+0800][info] GC(513) Old regions: 46->48
[2024-10-11T04:32:52.424+0800][info] GC(513) Archive regions: 2->2
[2024-10-11T04:32:52.424+0800][info] GC(513) Humongous regions: 3->3
[2024-10-11T04:32:52.424+0800][info] GC(513) Metaspace: 1676K(1856K)->1676K(1856K) NonClass: 1552K(1664K)->1552K(1664K) Class: 124K(192K)->124K(192K)
[2024-10-11T04:32:52.424+0800][info] GC(513) Pause Young (Normal) (G1 Evacuation Pause) 99M->99M(128M) 1.389ms
[2024-10-11T04:32:52.424+0800][info] GC(513) User=0.00s Sys=0.00s Real=0.00s
[2024-10-11T04:32:52.526+0800][info] GC(514) Pause Young (Normal) (G1 Evacuation Pause)
[2024-10-11T04:32:52.526+0800][info] GC(514) Using 3 workers of 48 for evacuation
[2024-10-11T04:32:52.527+0800][info] GC(514)   Pre Evacuate Collection Set: 0.1ms
[2024-10-11T04:32:52.527+0800][info] GC(514)   Merge Heap Roots: 0.0ms
[2024-10-11T04:32:52.527+0800][info] GC(514)   Evacuate Collection Set: 0.6ms
[2024-10-11T04:32:52.527+0800][info] GC(514)   Post Evacuate Collection Set: 0.2ms
[2024-10-11T04:32:52.527+0800][info] GC(514)   Other: 0.2ms
[2024-10-11T04:32:52.527+0800][info] GC(514) Eden regions: 2->0(2)
[2024-10-11T04:32:52.527+0800][info] GC(514) Survivor regions: 1->1(1)
[2024-10-11T04:32:52.527+0800][info] GC(514) Old regions: 48->49
[2024-10-11T04:32:52.527+0800][info] GC(514) Archive regions: 2->2
[2024-10-11T04:32:52.527+0800][info] GC(514) Humongous regions: 3->3
[2024-10-11T04:32:52.527+0800][info] GC(514) Metaspace: 1676K(1856K)->1676K(1856K) NonClass: 1552K(1664K)->1552K(1664K) Class: 124K(192K)->124K(192K)
[2024-10-11T04:32:52.527+0800][info] GC(514) Pause Young (Normal) (G1 Evacuation Pause) 103M->102M(128M) 1.197ms
[2024-10-11T04:32:52.527+0800][info] GC(514) User=0.00s Sys=0.00s Real=0.00s
[2024-10-11T04:32:52.629+0800][info] GC(515) Pause Young (Concurrent Start) (G1 Evacuation Pause)
[2024-10-11T04:32:52.629+0800][info] GC(515) Using 3 workers of 48 for evacuation
[2024-10-11T04:32:52.630+0800][info] GC(515)   Pre Evacuate Collection Set: 0.1ms
[2024-10-11T04:32:52.630+0800][info] GC(515)   Merge Heap Roots: 0.0ms
[2024-10-11T04:32:52.630+0800][info] GC(515)   Evacuate Collection Set: 0.7ms
[2024-10-11T04:32:52.630+0800][info] GC(515)   Post Evacuate Collection Set: 0.2ms
[2024-10-11T04:32:52.630+0800][info] GC(515)   Other: 0.4ms
[2024-10-11T04:32:52.630+0800][info] GC(515) Eden regions: 2->0(2)
[2024-10-11T04:32:52.630+0800][info] GC(515) Survivor regions: 1->1(1)
[2024-10-11T04:32:52.630+0800][info] GC(515) Old regions: 49->52
[2024-10-11T04:32:52.630+0800][info] GC(515) Archive regions: 2->2
[2024-10-11T04:32:52.630+0800][info] GC(515) Humongous regions: 3->3
[2024-10-11T04:32:52.630+0800][info] GC(515) Metaspace: 1676K(1856K)->1676K(1856K) NonClass: 1552K(1664K)->1552K(1664K) Class: 124K(192K)->124K(192K)
[2024-10-11T04:32:52.630+0800][info] GC(515) Pause Young (Concurrent Start) (G1 Evacuation Pause) 106M->107M(128M) 1.467ms
[2024-10-11T04:32:52.630+0800][info] GC(515) User=0.01s Sys=0.00s Real=0.00s
[2024-10-11T04:32:52.631+0800][info] GC(516) Concurrent Mark Cycle
[2024-10-11T04:32:52.631+0800][info] GC(516) Concurrent Clear Claimed Marks
[2024-10-11T04:32:52.631+0800][info] GC(516) Concurrent Clear Claimed Marks 0.017ms
[2024-10-11T04:32:52.631+0800][info] GC(516) Concurrent Scan Root Regions
[2024-10-11T04:32:52.631+0800][info] GC(516) Concurrent Scan Root Regions 0.096ms
[2024-10-11T04:32:52.631+0800][info] GC(516) Concurrent Mark
[2024-10-11T04:32:52.631+0800][info] GC(516) Concurrent Mark From Roots
[2024-10-11T04:32:52.631+0800][info] GC(516) Using 12 workers of 12 for marking
[2024-10-11T04:32:52.635+0800][info] GC(516) Concurrent Mark From Roots 4.026ms
[2024-10-11T04:32:52.635+0800][info] GC(516) Concurrent Preclean
[2024-10-11T04:32:52.637+0800][info] GC(516) Concurrent Preclean 1.684ms
[2024-10-11T04:32:52.637+0800][info] GC(516) Pause Remark
[2024-10-11T04:32:52.638+0800][info] GC(516) Pause Remark 107M->107M(128M) 1.473ms
[2024-10-11T04:32:52.638+0800][info] GC(516) User=0.01s Sys=0.00s Real=0.00s
[2024-10-11T04:32:52.638+0800][info] GC(516) Concurrent Mark 7.456ms
[2024-10-11T04:32:52.638+0800][info] GC(516) Concurrent Rebuild Remembered Sets
[2024-10-11T04:32:52.640+0800][info] GC(516) Concurrent Rebuild Remembered Sets 1.585ms
[2024-10-11T04:32:52.640+0800][info] GC(516) Pause Cleanup
[2024-10-11T04:32:52.640+0800][info] GC(516) Pause Cleanup 107M->107M(128M) 0.255ms
[2024-10-11T04:32:52.640+0800][info] GC(516) User=0.00s Sys=0.00s Real=0.00s
[2024-10-11T04:32:52.640+0800][info] GC(516) Concurrent Cleanup for Next Mark
[2024-10-11T04:32:52.641+0800][info] GC(516) Concurrent Cleanup for Next Mark 0.358ms
[2024-10-11T04:32:52.641+0800][info] GC(516) Concurrent Mark Cycle 10.105ms
[2024-10-11T04:32:52.783+0800][info] GC(517) Pause Young (Prepare Mixed) (G1 Preventive Collection)
[2024-10-11T04:32:52.783+0800][info] GC(517) Using 3 workers of 48 for evacuation
[2024-10-11T04:32:52.785+0800][info] GC(517)   Pre Evacuate Collection Set: 0.1ms
[2024-10-11T04:32:52.785+0800][info] GC(517)   Merge Heap Roots: 0.1ms
[2024-10-11T04:32:52.785+0800][info] GC(517)   Evacuate Collection Set: 0.8ms
[2024-10-11T04:32:52.785+0800][info] GC(517)   Post Evacuate Collection Set: 0.2ms
[2024-10-11T04:32:52.785+0800][info] GC(517)   Other: 0.2ms
[2024-10-11T04:32:52.785+0800][info] GC(517) Eden regions: 2->0(2)
[2024-10-11T04:32:52.785+0800][info] GC(517) Survivor regions: 1->1(1)
[2024-10-11T04:32:52.785+0800][info] GC(517) Old regions: 52->53
[2024-10-11T04:32:52.785+0800][info] GC(517) Archive regions: 2->2
[2024-10-11T04:32:52.785+0800][info] GC(517) Humongous regions: 3->3
[2024-10-11T04:32:52.785+0800][info] GC(517) Metaspace: 1676K(1856K)->1676K(1856K) NonClass: 1552K(1664K)->1552K(1664K) Class: 124K(192K)->124K(192K)
[2024-10-11T04:32:52.785+0800][info] GC(517) Pause Young (Prepare Mixed) (G1 Preventive Collection) 110M->110M(128M) 1.437ms
[2024-10-11T04:32:52.785+0800][info] GC(517) User=0.00s Sys=0.00s Real=0.00s
[2024-10-11T04:32:52.846+0800][info] GC(518) Pause Young (Mixed) (G1 Preventive Collection)
[2024-10-11T04:32:52.846+0800][info] GC(518) Using 3 workers of 48 for evacuation
[2024-10-11T04:32:52.848+0800][info] GC(518)   Pre Evacuate Collection Set: 0.2ms
[2024-10-11T04:32:52.848+0800][info] GC(518)   Merge Heap Roots: 0.1ms
[2024-10-11T04:32:52.848+0800][info] GC(518)   Evacuate Collection Set: 0.9ms
[2024-10-11T04:32:52.848+0800][info] GC(518)   Post Evacuate Collection Set: 0.2ms
[2024-10-11T04:32:52.848+0800][info] GC(518)   Other: 0.2ms
[2024-10-11T04:32:52.848+0800][info] GC(518) Eden regions: 1->0(2)
[2024-10-11T04:32:52.848+0800][info] GC(518) Survivor regions: 1->1(1)
[2024-10-11T04:32:52.848+0800][info] GC(518) Old regions: 53->49
[2024-10-11T04:32:52.848+0800][info] GC(518) Archive regions: 2->2
[2024-10-11T04:32:52.848+0800][info] GC(518) Humongous regions: 3->3
[2024-10-11T04:32:52.848+0800][info] GC(518) Metaspace: 1676K(1856K)->1676K(1856K) NonClass: 1552K(1664K)->1552K(1664K) Class: 124K(192K)->124K(192K)
[2024-10-11T04:32:52.848+0800][info] GC(518) Pause Young (Mixed) (G1 Preventive Collection) 112M->102M(128M) 1.639ms
[2024-10-11T04:32:52.848+0800][info] GC(518) User=0.00s Sys=0.00s Real=0.00s
[2024-10-11T04:32:52.950+0800][info] GC(519) Pause Young (Mixed) (G1 Evacuation Pause)
[2024-10-11T04:32:52.950+0800][info] GC(519) Using 3 workers of 48 for evacuation
[2024-10-11T04:32:52.952+0800][info] GC(519)   Pre Evacuate Collection Set: 0.2ms
[2024-10-11T04:32:52.952+0800][info] GC(519)   Merge Heap Roots: 0.1ms
[2024-10-11T04:32:52.952+0800][info] GC(519)   Evacuate Collection Set: 1.7ms
[2024-10-11T04:32:52.952+0800][info] GC(519)   Post Evacuate Collection Set: 0.2ms
[2024-10-11T04:32:52.953+0800][info] GC(519)   Other: 0.1ms
[2024-10-11T04:32:52.953+0800][info] GC(519) Eden regions: 2->0(2)
[2024-10-11T04:32:52.953+0800][info] GC(519) Survivor regions: 1->1(1)
[2024-10-11T04:32:52.953+0800][info] GC(519) Old regions: 49->47
[2024-10-11T04:32:52.953+0800][info] GC(519) Archive regions: 2->2
[2024-10-11T04:32:52.953+0800][info] GC(519) Humongous regions: 3->3
[2024-10-11T04:32:52.953+0800][info] GC(519) Metaspace: 1676K(1856K)->1676K(1856K) NonClass: 1552K(1664K)->1552K(1664K) Class: 124K(192K)->124K(192K)
[2024-10-11T04:32:52.953+0800][info] GC(519) Pause Young (Mixed) (G1 Evacuation Pause) 106M->99M(128M) 2.350ms
[2024-10-11T04:32:52.953+0800][info] GC(519) User=0.01s Sys=0.00s Real=0.00s
[2024-10-11T04:32:53.055+0800][info] GC(520) Pause Young (Mixed) (G1 Evacuation Pause)
[2024-10-11T04:32:53.055+0800][info] GC(520) Using 3 workers of 48 for evacuation
[2024-10-11T04:32:53.057+0800][info] GC(520)   Pre Evacuate Collection Set: 0.2ms
[2024-10-11T04:32:53.057+0800][info] GC(520)   Merge Heap Roots: 0.1ms
[2024-10-11T04:32:53.057+0800][info] GC(520)   Evacuate Collection Set: 1.9ms
[2024-10-11T04:32:53.057+0800][info] GC(520)   Post Evacuate Collection Set: 0.2ms
[2024-10-11T04:32:53.057+0800][info] GC(520)   Other: 0.1ms
[2024-10-11T04:32:53.057+0800][info] GC(520) Eden regions: 2->0(2)
[2024-10-11T04:32:53.057+0800][info] GC(520) Survivor regions: 1->1(1)
[2024-10-11T04:32:53.057+0800][info] GC(520) Old regions: 47->46
[2024-10-11T04:32:53.057+0800][info] GC(520) Archive regions: 2->2
[2024-10-11T04:32:53.057+0800][info] GC(520) Humongous regions: 3->3
[2024-10-11T04:32:53.057+0800][info] GC(520) Metaspace: 1676K(1856K)->1676K(1856K) NonClass: 1552K(1664K)->1552K(1664K) Class: 124K(192K)->124K(192K)
[2024-10-11T04:32:53.057+0800][info] GC(520) Pause Young (Mixed) (G1 Evacuation Pause) 102M->97M(128M) 2.555ms
[2024-10-11T04:32:53.057+0800][info] GC(520) User=0.00s Sys=0.00s Real=0.00s
[2024-10-11T04:32:53.160+0800][info] GC(521) Pause Young (Mixed) (G1 Evacuation Pause)
[2024-10-11T04:32:53.160+0800][info] GC(521) Using 3 workers of 48 for evacuation
[2024-10-11T04:32:53.162+0800][info] GC(521)   Pre Evacuate Collection Set: 0.2ms
[2024-10-11T04:32:53.162+0800][info] GC(521)   Merge Heap Roots: 0.1ms
[2024-10-11T04:32:53.162+0800][info] GC(521)   Evacuate Collection Set: 2.0ms
[2024-10-11T04:32:53.162+0800][info] GC(521)   Post Evacuate Collection Set: 0.2ms
[2024-10-11T04:32:53.162+0800][info] GC(521)   Other: 0.1ms
[2024-10-11T04:32:53.162+0800][info] GC(521) Eden regions: 2->0(2)
[2024-10-11T04:32:53.162+0800][info] GC(521) Survivor regions: 1->1(1)
[2024-10-11T04:32:53.162+0800][info] GC(521) Old regions: 46->46
[2024-10-11T04:32:53.162+0800][info] GC(521) Archive regions: 2->2
[2024-10-11T04:32:53.162+0800][info] GC(521) Humongous regions: 3->3
[2024-10-11T04:32:53.162+0800][info] GC(521) Metaspace: 1676K(1856K)->1676K(1856K) NonClass: 1552K(1664K)->1552K(1664K) Class: 124K(192K)->124K(192K)
[2024-10-11T04:32:53.162+0800][info] GC(521) Pause Young (Mixed) (G1 Evacuation Pause) 101M->98M(128M) 2.716ms
[2024-10-11T04:32:53.162+0800][info] GC(521) User=0.01s Sys=0.00s Real=0.00s
[2024-10-11T04:32:53.264+0800][info] GC(522) Pause Young (Normal) (G1 Evacuation Pause)
[2024-10-11T04:32:53.264+0800][info] GC(522) Using 3 workers of 48 for evacuation
[2024-10-11T04:32:53.266+0800][info] GC(522)   Pre Evacuate Collection Set: 0.1ms
[2024-10-11T04:32:53.266+0800][info] GC(522)   Merge Heap Roots: 0.0ms
[2024-10-11T04:32:53.266+0800][info] GC(522)   Evacuate Collection Set: 0.7ms
[2024-10-11T04:32:53.266+0800][info] GC(522)   Post Evacuate Collection Set: 0.2ms
[2024-10-11T04:32:53.266+0800][info] GC(522)   Other: 0.2ms
[2024-10-11T04:32:53.266+0800][info] GC(522) Eden regions: 2->0(2)
[2024-10-11T04:32:53.266+0800][info] GC(522) Survivor regions: 1->1(1)
[2024-10-11T04:32:53.266+0800][info] GC(522) Old regions: 46->47
[2024-10-11T04:32:53.266+0800][info] GC(522) Archive regions: 2->2
[2024-10-11T04:32:53.266+0800][info] GC(522) Humongous regions: 3->3
[2024-10-11T04:32:53.266+0800][info] GC(522) Metaspace: 1676K(1856K)->1676K(1856K) NonClass: 1552K(1664K)->1552K(1664K) Class: 124K(192K)->124K(192K)
[2024-10-11T04:32:53.266+0800][info] GC(522) Pause Young (Normal) (G1 Evacuation Pause) 101M->101M(128M) 1.323ms
[2024-10-11T04:32:53.266+0800][info] GC(522) User=0.01s Sys=0.00s Real=0.01s
[2024-10-11T04:32:53.368+0800][info] GC(523) Pause Young (Normal) (G1 Evacuation Pause)
[2024-10-11T04:32:53.368+0800][info] GC(523) Using 3 workers of 48 for evacuation
[2024-10-11T04:32:53.369+0800][info] GC(523)   Pre Evacuate Collection Set: 0.1ms
[2024-10-11T04:32:53.369+0800][info] GC(523)   Merge Heap Roots: 0.0ms
[2024-10-11T04:32:53.369+0800][info] GC(523)   Evacuate Collection Set: 0.7ms
[2024-10-11T04:32:53.369+0800][info] GC(523)   Post Evacuate Collection Set: 0.2ms
[2024-10-11T04:32:53.369+0800][info] GC(523)   Other: 0.2ms
[2024-10-11T04:32:53.369+0800][info] GC(523) Eden regions: 2->0(2)
[2024-10-11T04:32:53.369+0800][info] GC(523) Survivor regions: 1->1(1)
[2024-10-11T04:32:53.369+0800][info] GC(523) Old regions: 47->49
[2024-10-11T04:32:53.369+0800][info] GC(523) Archive regions: 2->2
[2024-10-11T04:32:53.369+0800][info] GC(523) Humongous regions: 3->3
[2024-10-11T04:32:53.369+0800][info] GC(523) Metaspace: 1676K(1856K)->1676K(1856K) NonClass: 1552K(1664K)->1552K(1664K) Class: 124K(192K)->124K(192K)
[2024-10-11T04:32:53.369+0800][info] GC(523) Pause Young (Normal) (G1 Evacuation Pause) 105M->105M(128M) 1.316ms
[2024-10-11T04:32:53.369+0800][info] GC(523) User=0.00s Sys=0.00s Real=0.00s
[2024-10-11T04:32:53.471+0800][info] GC(524) Pause Young (Concurrent Start) (G1 Evacuation Pause)
[2024-10-11T04:32:53.471+0800][info] GC(524) Using 3 workers of 48 for evacuation
[2024-10-11T04:32:53.473+0800][info] GC(524)   Pre Evacuate Collection Set: 0.1ms
[2024-10-11T04:32:53.473+0800][info] GC(524)   Merge Heap Roots: 0.0ms
[2024-10-11T04:32:53.473+0800][info] GC(524)   Evacuate Collection Set: 0.7ms
[2024-10-11T04:32:53.473+0800][info] GC(524)   Post Evacuate Collection Set: 0.2ms
[2024-10-11T04:32:53.473+0800][info] GC(524)   Other: 0.3ms
[2024-10-11T04:32:53.473+0800][info] GC(524) Eden regions: 2->0(2)
[2024-10-11T04:32:53.473+0800][info] GC(524) Survivor regions: 1->1(1)
[2024-10-11T04:32:53.473+0800][info] GC(524) Old regions: 49->51
[2024-10-11T04:32:53.473+0800][info] GC(524) Archive regions: 2->2
[2024-10-11T04:32:53.473+0800][info] GC(524) Humongous regions: 3->3
[2024-10-11T04:32:53.473+0800][info] GC(524) Metaspace: 1676K(1856K)->1676K(1856K) NonClass: 1552K(1664K)->1552K(1664K) Class: 124K(192K)->124K(192K)
[2024-10-11T04:32:53.473+0800][info] GC(524) Pause Young (Concurrent Start) (G1 Evacuation Pause) 109M->109M(128M) 1.480ms
[2024-10-11T04:32:53.473+0800][info] GC(524) User=0.00s Sys=0.00s Real=0.00s
[2024-10-11T04:32:53.473+0800][info] GC(525) Concurrent Mark Cycle
[2024-10-11T04:32:53.473+0800][info] GC(525) Concurrent Clear Claimed Marks
[2024-10-11T04:32:53.473+0800][info] GC(525) Concurrent Clear Claimed Marks 0.016ms
[2024-10-11T04:32:53.473+0800][info] GC(525) Concurrent Scan Root Regions
[2024-10-11T04:32:53.473+0800][info] GC(525) Concurrent Scan Root Regions 0.155ms
[2024-10-11T04:32:53.473+0800][info] GC(525) Concurrent Mark
[2024-10-11T04:32:53.473+0800][info] GC(525) Concurrent Mark From Roots
[2024-10-11T04:32:53.473+0800][info] GC(525) Using 12 workers of 12 for marking
[2024-10-11T04:32:53.479+0800][info] GC(525) Concurrent Mark From Roots 5.244ms
[2024-10-11T04:32:53.479+0800][info] GC(525) Concurrent Preclean
[2024-10-11T04:32:53.480+0800][info] GC(525) Concurrent Preclean 1.684ms
[2024-10-11T04:32:53.480+0800][info] GC(525) Pause Remark
[2024-10-11T04:32:53.482+0800][info] GC(525) Pause Remark 109M->109M(128M) 1.585ms
[2024-10-11T04:32:53.482+0800][info] GC(525) User=0.00s Sys=0.00s Real=0.00s
[2024-10-11T04:32:53.482+0800][info] GC(525) Concurrent Mark 8.826ms
[2024-10-11T04:32:53.482+0800][info] GC(525) Concurrent Rebuild Remembered Sets
[2024-10-11T04:32:53.484+0800][info] GC(525) Concurrent Rebuild Remembered Sets 1.372ms
[2024-10-11T04:32:53.484+0800][info] GC(525) Pause Cleanup
[2024-10-11T04:32:53.484+0800][info] GC(525) Pause Cleanup 109M->109M(128M) 0.193ms
[2024-10-11T04:32:53.484+0800][info] GC(525) User=0.00s Sys=0.00s Real=0.00s
[2024-10-11T04:32:53.484+0800][info] GC(525) Concurrent Cleanup for Next Mark
[2024-10-11T04:32:53.484+0800][info] GC(525) Concurrent Cleanup for Next Mark 0.405ms
[2024-10-11T04:32:53.484+0800][info] GC(525) Concurrent Mark Cycle 11.329ms
[2024-10-11T04:32:53.626+0800][info] GC(526) Pause Young (Prepare Mixed) (G1 Evacuation Pause)
[2024-10-11T04:32:53.626+0800][info] GC(526) Using 3 workers of 48 for evacuation
[2024-10-11T04:32:53.628+0800][info] GC(526)   Pre Evacuate Collection Set: 0.1ms
[2024-10-11T04:32:53.628+0800][info] GC(526)   Merge Heap Roots: 0.1ms
[2024-10-11T04:32:53.628+0800][info] GC(526)   Evacuate Collection Set: 0.9ms
[2024-10-11T04:32:53.628+0800][info] GC(526)   Post Evacuate Collection Set: 0.2ms
[2024-10-11T04:32:53.628+0800][info] GC(526)   Other: 0.2ms
[2024-10-11T04:32:53.628+0800][info] GC(526) Eden regions: 2->0(2)
[2024-10-11T04:32:53.628+0800][info] GC(526) Survivor regions: 1->1(1)
[2024-10-11T04:32:53.628+0800][info] GC(526) Old regions: 51->54
[2024-10-11T04:32:53.628+0800][info] GC(526) Archive regions: 2->2
[2024-10-11T04:32:53.628+0800][info] GC(526) Humongous regions: 3->3
[2024-10-11T04:32:53.628+0800][info] GC(526) Metaspace: 1676K(1856K)->1676K(1856K) NonClass: 1552K(1664K)->1552K(1664K) Class: 124K(192K)->124K(192K)
[2024-10-11T04:32:53.628+0800][info] GC(526) Pause Young (Prepare Mixed) (G1 Evacuation Pause) 113M->114M(128M) 1.598ms
[2024-10-11T04:32:53.628+0800][info] GC(526) User=0.01s Sys=0.00s Real=0.00s
[2024-10-11T04:32:53.689+0800][info] GC(527) Pause Young (Mixed) (G1 Preventive Collection)
[2024-10-11T04:32:53.689+0800][info] GC(527) Using 3 workers of 48 for evacuation
[2024-10-11T04:32:53.691+0800][info] GC(527) To-space exhausted
[2024-10-11T04:32:53.691+0800][info] GC(527)   Pre Evacuate Collection Set: 0.2ms
[2024-10-11T04:32:53.691+0800][info] GC(527)   Merge Heap Roots: 0.1ms
[2024-10-11T04:32:53.691+0800][info] GC(527)   Evacuate Collection Set: 1.0ms
[2024-10-11T04:32:53.691+0800][info] GC(527)   Post Evacuate Collection Set: 0.3ms
[2024-10-11T04:32:53.691+0800][info] GC(527)   Other: 0.2ms
[2024-10-11T04:32:53.691+0800][info] GC(527) Eden regions: 1->0(2)
[2024-10-11T04:32:53.691+0800][info] GC(527) Survivor regions: 1->1(1)
[2024-10-11T04:32:53.691+0800][info] GC(527) Old regions: 54->53
[2024-10-11T04:32:53.691+0800][info] GC(527) Archive regions: 2->2
[2024-10-11T04:32:53.691+0800][info] GC(527) Humongous regions: 3->3
[2024-10-11T04:32:53.691+0800][info] GC(527) Metaspace: 1676K(1856K)->1676K(1856K) NonClass: 1552K(1664K)->1552K(1664K) Class: 124K(192K)->124K(192K)
[2024-10-11T04:32:53.691+0800][info] GC(527) Pause Young (Mixed) (G1 Preventive Collection) 116M->113M(128M) 1.840ms
[2024-10-11T04:32:53.691+0800][info] GC(527) User=0.00s Sys=0.00s Real=0.00s
[2024-10-11T04:32:53.732+0800][info] GC(528) Pause Young (Mixed) (G1 Preventive Collection)
[2024-10-11T04:32:53.732+0800][info] GC(528) Using 3 workers of 48 for evacuation
[2024-10-11T04:32:53.734+0800][info] GC(528) To-space exhausted
[2024-10-11T04:32:53.734+0800][info] GC(528)   Pre Evacuate Collection Set: 0.2ms
[2024-10-11T04:32:53.734+0800][info] GC(528)   Merge Heap Roots: 0.1ms
[2024-10-11T04:32:53.734+0800][info] GC(528)   Evacuate Collection Set: 1.3ms
[2024-10-11T04:32:53.734+0800][info] GC(528)   Post Evacuate Collection Set: 0.3ms
[2024-10-11T04:32:53.734+0800][info] GC(528)   Other: 0.2ms
[2024-10-11T04:32:53.734+0800][info] GC(528) Eden regions: 1->0(2)
[2024-10-11T04:32:53.734+0800][info] GC(528) Survivor regions: 1->1(1)
[2024-10-11T04:32:53.734+0800][info] GC(528) Old regions: 53->56
[2024-10-11T04:32:53.734+0800][info] GC(528) Archive regions: 2->2
[2024-10-11T04:32:53.734+0800][info] GC(528) Humongous regions: 3->3
[2024-10-11T04:32:53.734+0800][info] GC(528) Metaspace: 1676K(1856K)->1676K(1856K) NonClass: 1552K(1664K)->1552K(1664K) Class: 124K(192K)->124K(192K)
[2024-10-11T04:32:53.734+0800][info] GC(528) Pause Young (Mixed) (G1 Preventive Collection) 115M->119M(128M) 2.112ms
[2024-10-11T04:32:53.734+0800][info] GC(528) User=0.01s Sys=0.00s Real=0.01s
[2024-10-11T04:32:53.796+0800][info] GC(529) Pause Young (Mixed) (G1 Preventive Collection)
[2024-10-11T04:32:53.796+0800][info] GC(529) Using 3 workers of 48 for evacuation
[2024-10-11T04:32:53.797+0800][info] GC(529) To-space exhausted
[2024-10-11T04:32:53.797+0800][info] GC(529)   Pre Evacuate Collection Set: 0.2ms
[2024-10-11T04:32:53.797+0800][info] GC(529)   Merge Heap Roots: 0.1ms
[2024-10-11T04:32:53.797+0800][info] GC(529)   Evacuate Collection Set: 0.7ms
[2024-10-11T04:32:53.797+0800][info] GC(529)   Post Evacuate Collection Set: 0.3ms
[2024-10-11T04:32:53.797+0800][info] GC(529)   Other: 0.1ms
[2024-10-11T04:32:53.797+0800][info] GC(529) Eden regions: 1->0(2)
[2024-10-11T04:32:53.797+0800][info] GC(529) Survivor regions: 1->1(1)
[2024-10-11T04:32:53.797+0800][info] GC(529) Old regions: 56->57
[2024-10-11T04:32:53.797+0800][info] GC(529) Archive regions: 2->2
[2024-10-11T04:32:53.797+0800][info] GC(529) Humongous regions: 3->3
[2024-10-11T04:32:53.797+0800][info] GC(529) Metaspace: 1676K(1856K)->1676K(1856K) NonClass: 1552K(1664K)->1552K(1664K) Class: 124K(192K)->124K(192K)
[2024-10-11T04:32:53.797+0800][info] GC(529) Pause Young (Mixed) (G1 Preventive Collection) 121M->121M(128M) 1.402ms
[2024-10-11T04:32:53.797+0800][info] GC(529) User=0.00s Sys=0.00s Real=0.00s
[2024-10-11T04:32:53.838+0800][info] GC(530) Pause Young (Mixed) (G1 Evacuation Pause)
[2024-10-11T04:32:53.838+0800][info] GC(530) Using 3 workers of 48 for evacuation
[2024-10-11T04:32:53.840+0800][info] GC(530) To-space exhausted
[2024-10-11T04:32:53.840+0800][info] GC(530)   Pre Evacuate Collection Set: 0.2ms
[2024-10-11T04:32:53.840+0800][info] GC(530)   Merge Heap Roots: 0.1ms
[2024-10-11T04:32:53.840+0800][info] GC(530)   Evacuate Collection Set: 0.6ms
[2024-10-11T04:32:53.840+0800][info] GC(530)   Post Evacuate Collection Set: 0.7ms
[2024-10-11T04:32:53.840+0800][info] GC(530)   Other: 0.1ms
[2024-10-11T04:32:53.840+0800][info] GC(530) Eden regions: 1->0(3)
[2024-10-11T04:32:53.840+0800][info] GC(530) Survivor regions: 1->0(0)
[2024-10-11T04:32:53.840+0800][info] GC(530) Old regions: 57->59
[2024-10-11T04:32:53.840+0800][info] GC(530) Archive regions: 2->2
[2024-10-11T04:32:53.840+0800][info] GC(530) Humongous regions: 3->3
[2024-10-11T04:32:53.840+0800][info] GC(530) Metaspace: 1676K(1856K)->1676K(1856K) NonClass: 1552K(1664K)->1552K(1664K) Class: 124K(192K)->124K(192K)
[2024-10-11T04:32:53.840+0800][info] GC(530) Pause Young (Mixed) (G1 Evacuation Pause) 122M->122M(128M) 1.778ms
[2024-10-11T04:32:53.840+0800][info] GC(530) User=0.01s Sys=0.00s Real=0.00s
[2024-10-11T04:32:53.840+0800][info] Attempting full compaction
[2024-10-11T04:32:53.840+0800][info] GC(531) Using 3 workers of 48 for full compaction
[2024-10-11T04:32:53.840+0800][info] GC(531) Pause Full (G1 Compaction Pause)
[2024-10-11T04:32:53.840+0800][info] GC(531) Phase 1: Mark live objects
[2024-10-11T04:32:53.843+0800][info] GC(531) Phase 1: Mark live objects 3.119ms
[2024-10-11T04:32:53.843+0800][info] GC(531) Phase 2: Prepare for compaction
[2024-10-11T04:32:53.844+0800][info] GC(531) Phase 2: Prepare for compaction 0.549ms
[2024-10-11T04:32:53.844+0800][info] GC(531) Phase 3: Adjust pointers
[2024-10-11T04:32:53.845+0800][info] GC(531) Phase 3: Adjust pointers 1.589ms
[2024-10-11T04:32:53.845+0800][info] GC(531) Phase 4: Compact heap
[2024-10-11T04:32:53.858+0800][info] GC(531) Phase 4: Compact heap 12.515ms
[2024-10-11T04:32:53.859+0800][info] GC(531) Eden regions: 0->0(4)
[2024-10-11T04:32:53.859+0800][info] GC(531) Survivor regions: 0->0(0)
[2024-10-11T04:32:53.859+0800][info] GC(531) Old regions: 59->38
[2024-10-11T04:32:53.859+0800][info] GC(531) Archive regions: 2->2
[2024-10-11T04:32:53.859+0800][info] GC(531) Humongous regions: 3->3
[2024-10-11T04:32:53.859+0800][info] GC(531) Metaspace: 1676K(1856K)->1676K(1856K) NonClass: 1552K(1664K)->1552K(1664K) Class: 124K(192K)->124K(192K)
[2024-10-11T04:32:53.860+0800][info] GC(531) Pause Full (G1 Compaction Pause) 122M->71M(128M) 19.387ms
[2024-10-11T04:32:53.860+0800][info] GC(531) User=0.03s Sys=0.00s Real=0.02s
[2024-10-11T04:32:54.085+0800][info] GC(532) Pause Young (Normal) (G1 Evacuation Pause)
[2024-10-11T04:32:54.085+0800][info] GC(532) Using 3 workers of 48 for evacuation
[2024-10-11T04:32:54.086+0800][info] GC(532)   Pre Evacuate Collection Set: 0.1ms
[2024-10-11T04:32:54.086+0800][info] GC(532)   Merge Heap Roots: 0.1ms
[2024-10-11T04:32:54.086+0800][info] GC(532)   Evacuate Collection Set: 1.1ms
[2024-10-11T04:32:54.086+0800][info] GC(532)   Post Evacuate Collection Set: 0.2ms
[2024-10-11T04:32:54.086+0800][info] GC(532)   Other: 0.2ms
[2024-10-11T04:32:54.086+0800][info] GC(532) Eden regions: 4->0(2)
[2024-10-11T04:32:54.086+0800][info] GC(532) Survivor regions: 0->1(1)
[2024-10-11T04:32:54.086+0800][info] GC(532) Old regions: 38->42
[2024-10-11T04:32:54.086+0800][info] GC(532) Archive regions: 2->2
[2024-10-11T04:32:54.086+0800][info] GC(532) Humongous regions: 3->3
[2024-10-11T04:32:54.086+0800][info] GC(532) Metaspace: 1676K(1856K)->1676K(1856K) NonClass: 1552K(1664K)->1552K(1664K) Class: 124K(192K)->124K(192K)
[2024-10-11T04:32:54.086+0800][info] GC(532) Pause Young (Normal) (G1 Evacuation Pause) 79M->80M(128M) 1.814ms
[2024-10-11T04:32:54.086+0800][info] GC(532) User=0.00s Sys=0.00s Real=0.01s
[2024-10-11T04:32:54.189+0800][info] GC(533) Pause Young (Normal) (G1 Evacuation Pause)
[2024-10-11T04:32:54.189+0800][info] GC(533) Using 3 workers of 48 for evacuation
[2024-10-11T04:32:54.190+0800][info] GC(533)   Pre Evacuate Collection Set: 0.1ms
[2024-10-11T04:32:54.190+0800][info] GC(533)   Merge Heap Roots: 0.1ms
[2024-10-11T04:32:54.190+0800][info] GC(533)   Evacuate Collection Set: 0.7ms
[2024-10-11T04:32:54.190+0800][info] GC(533)   Post Evacuate Collection Set: 0.2ms
[2024-10-11T04:32:54.190+0800][info] GC(533)   Other: 0.2ms
[2024-10-11T04:32:54.190+0800][info] GC(533) Eden regions: 2->0(2)
[2024-10-11T04:32:54.190+0800][info] GC(533) Survivor regions: 1->1(1)
[2024-10-11T04:32:54.190+0800][info] GC(533) Old regions: 42->44
[2024-10-11T04:32:54.190+0800][info] GC(533) Archive regions: 2->2
[2024-10-11T04:32:54.190+0800][info] GC(533) Humongous regions: 3->3
[2024-10-11T04:32:54.190+0800][info] GC(533) Metaspace: 1676K(1856K)->1676K(1856K) NonClass: 1552K(1664K)->1552K(1664K) Class: 124K(192K)->124K(192K)
[2024-10-11T04:32:54.190+0800][info] GC(533) Pause Young (Normal) (G1 Evacuation Pause) 84M->84M(128M) 1.339ms
[2024-10-11T04:32:54.190+0800][info] GC(533) User=0.01s Sys=0.00s Real=0.00s
[2024-10-11T04:32:54.292+0800][info] GC(534) Pause Young (Normal) (G1 Evacuation Pause)
[2024-10-11T04:32:54.292+0800][info] GC(534) Using 3 workers of 48 for evacuation
[2024-10-11T04:32:54.293+0800][info] GC(534)   Pre Evacuate Collection Set: 0.1ms
[2024-10-11T04:32:54.293+0800][info] GC(534)   Merge Heap Roots: 0.0ms
[2024-10-11T04:32:54.293+0800][info] GC(534)   Evacuate Collection Set: 0.7ms
[2024-10-11T04:32:54.293+0800][info] GC(534)   Post Evacuate Collection Set: 0.2ms
[2024-10-11T04:32:54.293+0800][info] GC(534)   Other: 0.2ms
[2024-10-11T04:32:54.293+0800][info] GC(534) Eden regions: 2->0(2)
[2024-10-11T04:32:54.293+0800][info] GC(534) Survivor regions: 1->1(1)
[2024-10-11T04:32:54.293+0800][info] GC(534) Old regions: 44->46
[2024-10-11T04:32:54.293+0800][info] GC(534) Archive regions: 2->2
[2024-10-11T04:32:54.293+0800][info] GC(534) Humongous regions: 3->3
[2024-10-11T04:32:54.294+0800][info] GC(534) Metaspace: 1676K(1856K)->1676K(1856K) NonClass: 1552K(1664K)->1552K(1664K) Class: 124K(192K)->124K(192K)
[2024-10-11T04:32:54.294+0800][info] GC(534) Pause Young (Normal) (G1 Evacuation Pause) 87M->88M(128M) 1.339ms
[2024-10-11T04:32:54.294+0800][info] GC(534) User=0.00s Sys=0.00s Real=0.01s
[2024-10-11T04:32:54.375+0800][info] GC(535) Pause Young (Concurrent Start) (G1 Humongous Allocation)
[2024-10-11T04:32:54.375+0800][info] GC(535) Using 3 workers of 48 for evacuation
[2024-10-11T04:32:54.377+0800][info] GC(535)   Pre Evacuate Collection Set: 0.1ms
[2024-10-11T04:32:54.377+0800][info] GC(535)   Merge Heap Roots: 0.0ms
[2024-10-11T04:32:54.377+0800][info] GC(535)   Evacuate Collection Set: 0.7ms
[2024-10-11T04:32:54.377+0800][info] GC(535)   Post Evacuate Collection Set: 0.2ms
[2024-10-11T04:32:54.377+0800][info] GC(535)   Other: 0.4ms
[2024-10-11T04:32:54.377+0800][info] GC(535) Eden regions: 2->0(2)
[2024-10-11T04:32:54.377+0800][info] GC(535) Survivor regions: 1->1(1)
[2024-10-11T04:32:54.377+0800][info] GC(535) Old regions: 46->47
[2024-10-11T04:32:54.377+0800][info] GC(535) Archive regions: 2->2
[2024-10-11T04:32:54.377+0800][info] GC(535) Humongous regions: 3->3
[2024-10-11T04:32:54.377+0800][info] GC(535) Metaspace: 1676K(1856K)->1676K(1856K) NonClass: 1552K(1664K)->1552K(1664K) Class: 124K(192K)->124K(192K)
[2024-10-11T04:32:54.377+0800][info] GC(535) Pause Young (Concurrent Start) (G1 Humongous Allocation) 91M->91M(128M) 1.494ms
[2024-10-11T04:32:54.377+0800][info] GC(535) User=0.00s Sys=0.00s Real=0.00s
[2024-10-11T04:32:54.377+0800][info] GC(536) Concurrent Mark Cycle
[2024-10-11T04:32:54.377+0800][info] GC(536) Concurrent Clear Claimed Marks
[2024-10-11T04:32:54.377+0800][info] GC(536) Concurrent Clear Claimed Marks 0.017ms
[2024-10-11T04:32:54.377+0800][info] GC(536) Concurrent Scan Root Regions
[2024-10-11T04:32:54.377+0800][info] GC(536) Concurrent Scan Root Regions 0.147ms
[2024-10-11T04:32:54.377+0800][info] GC(536) Concurrent Mark
[2024-10-11T04:32:54.377+0800][info] GC(536) Concurrent Mark From Roots
[2024-10-11T04:32:54.377+0800][info] GC(536) Using 12 workers of 12 for marking
[2024-10-11T04:32:54.381+0800][info] GC(536) Concurrent Mark From Roots 3.847ms
[2024-10-11T04:32:54.381+0800][info] GC(536) Concurrent Preclean
[2024-10-11T04:32:54.383+0800][info] GC(536) Concurrent Preclean 1.692ms
[2024-10-11T04:32:54.383+0800][info] GC(536) Pause Remark
[2024-10-11T04:32:54.384+0800][info] GC(536) Pause Remark 93M->91M(128M) 1.510ms
[2024-10-11T04:32:54.384+0800][info] GC(536) User=0.00s Sys=0.00s Real=0.00s
[2024-10-11T04:32:54.385+0800][info] GC(536) Concurrent Mark 7.403ms
[2024-10-11T04:32:54.385+0800][info] GC(536) Concurrent Rebuild Remembered Sets
[2024-10-11T04:32:54.386+0800][info] GC(536) Concurrent Rebuild Remembered Sets 1.388ms
[2024-10-11T04:32:54.386+0800][info] GC(536) Pause Cleanup
[2024-10-11T04:32:54.386+0800][info] GC(536) Pause Cleanup 91M->91M(128M) 0.206ms
[2024-10-11T04:32:54.386+0800][info] GC(536) User=0.00s Sys=0.00s Real=0.00s
[2024-10-11T04:32:54.386+0800][info] GC(536) Concurrent Cleanup for Next Mark
[2024-10-11T04:32:54.387+0800][info] GC(536) Concurrent Cleanup for Next Mark 0.420ms
[2024-10-11T04:32:54.387+0800][info] GC(536) Concurrent Mark Cycle 9.934ms
[2024-10-11T04:32:54.551+0800][info] GC(537) Pause Young (Prepare Mixed) (G1 Evacuation Pause)
[2024-10-11T04:32:54.551+0800][info] GC(537) Using 3 workers of 48 for evacuation
[2024-10-11T04:32:54.552+0800][info] GC(537)   Pre Evacuate Collection Set: 0.1ms
[2024-10-11T04:32:54.552+0800][info] GC(537)   Merge Heap Roots: 0.1ms
[2024-10-11T04:32:54.552+0800][info] GC(537)   Evacuate Collection Set: 1.0ms
[2024-10-11T04:32:54.552+0800][info] GC(537)   Post Evacuate Collection Set: 0.2ms
[2024-10-11T04:32:54.552+0800][info] GC(537)   Other: 0.2ms
[2024-10-11T04:32:54.552+0800][info] GC(537) Eden regions: 2->0(2)
[2024-10-11T04:32:54.552+0800][info] GC(537) Survivor regions: 1->1(1)
[2024-10-11T04:32:54.552+0800][info] GC(537) Old regions: 46->48
[2024-10-11T04:32:54.552+0800][info] GC(537) Archive regions: 2->2
[2024-10-11T04:32:54.552+0800][info] GC(537) Humongous regions: 4->3
[2024-10-11T04:32:54.552+0800][info] GC(537) Metaspace: 1676K(1856K)->1676K(1856K) NonClass: 1552K(1664K)->1552K(1664K) Class: 124K(192K)->124K(192K)
[2024-10-11T04:32:54.553+0800][info] GC(537) Pause Young (Prepare Mixed) (G1 Evacuation Pause) 95M->93M(128M) 1.637ms
[2024-10-11T04:32:54.553+0800][info] GC(537) User=0.00s Sys=0.00s Real=0.00s
[2024-10-11T04:32:54.655+0800][info] GC(538) Pause Young (Mixed) (G1 Evacuation Pause)
[2024-10-11T04:32:54.655+0800][info] GC(538) Using 3 workers of 48 for evacuation
[2024-10-11T04:32:54.657+0800][info] GC(538)   Pre Evacuate Collection Set: 0.2ms
[2024-10-11T04:32:54.657+0800][info] GC(538)   Merge Heap Roots: 0.1ms
[2024-10-11T04:32:54.657+0800][info] GC(538)   Evacuate Collection Set: 1.6ms
[2024-10-11T04:32:54.657+0800][info] GC(538)   Post Evacuate Collection Set: 0.2ms
[2024-10-11T04:32:54.657+0800][info] GC(538)   Other: 0.3ms
[2024-10-11T04:32:54.657+0800][info] GC(538) Eden regions: 2->0(2)
[2024-10-11T04:32:54.657+0800][info] GC(538) Survivor regions: 1->1(1)
[2024-10-11T04:32:54.657+0800][info] GC(538) Old regions: 48->46
[2024-10-11T04:32:54.657+0800][info] GC(538) Archive regions: 2->2
[2024-10-11T04:32:54.657+0800][info] GC(538) Humongous regions: 3->3
[2024-10-11T04:32:54.657+0800][info] GC(538) Metaspace: 1676K(1856K)->1676K(1856K) NonClass: 1552K(1664K)->1552K(1664K) Class: 124K(192K)->124K(192K)
[2024-10-11T04:32:54.657+0800][info] GC(538) Pause Young (Mixed) (G1 Evacuation Pause) 97M->91M(128M) 2.364ms
[2024-10-11T04:32:54.657+0800][info] GC(538) User=0.01s Sys=0.00s Real=0.00s
[2024-10-11T04:32:54.759+0800][info] GC(539) Pause Young (Mixed) (G1 Evacuation Pause)
[2024-10-11T04:32:54.759+0800][info] GC(539) Using 3 workers of 48 for evacuation
[2024-10-11T04:32:54.762+0800][info] GC(539)   Pre Evacuate Collection Set: 0.2ms
[2024-10-11T04:32:54.762+0800][info] GC(539)   Merge Heap Roots: 0.1ms
[2024-10-11T04:32:54.762+0800][info] GC(539)   Evacuate Collection Set: 1.8ms
[2024-10-11T04:32:54.762+0800][info] GC(539)   Post Evacuate Collection Set: 0.2ms
[2024-10-11T04:32:54.762+0800][info] GC(539)   Other: 0.1ms
[2024-10-11T04:32:54.762+0800][info] GC(539) Eden regions: 2->0(2)
[2024-10-11T04:32:54.762+0800][info] GC(539) Survivor regions: 1->1(1)
[2024-10-11T04:32:54.762+0800][info] GC(539) Old regions: 46->44
[2024-10-11T04:32:54.762+0800][info] GC(539) Archive regions: 2->2
[2024-10-11T04:32:54.762+0800][info] GC(539) Humongous regions: 3->3
[2024-10-11T04:32:54.762+0800][info] GC(539) Metaspace: 1676K(1856K)->1676K(1856K) NonClass: 1552K(1664K)->1552K(1664K) Class: 124K(192K)->124K(192K)
[2024-10-11T04:32:54.762+0800][info] GC(539) Pause Young (Mixed) (G1 Evacuation Pause) 95M->90M(128M) 2.495ms
[2024-10-11T04:32:54.762+0800][info] GC(539) User=0.00s Sys=0.00s Real=0.00s
[2024-10-11T04:32:54.864+0800][info] GC(540) Pause Young (Mixed) (G1 Evacuation Pause)
[2024-10-11T04:32:54.864+0800][info] GC(540) Using 3 workers of 48 for evacuation
[2024-10-11T04:32:54.867+0800][info] GC(540)   Pre Evacuate Collection Set: 0.2ms
[2024-10-11T04:32:54.867+0800][info] GC(540)   Merge Heap Roots: 0.1ms
[2024-10-11T04:32:54.867+0800][info] GC(540)   Evacuate Collection Set: 1.9ms
[2024-10-11T04:32:54.867+0800][info] GC(540)   Post Evacuate Collection Set: 0.2ms
[2024-10-11T04:32:54.867+0800][info] GC(540)   Other: 0.1ms
[2024-10-11T04:32:54.867+0800][info] GC(540) Eden regions: 2->0(2)
[2024-10-11T04:32:54.867+0800][info] GC(540) Survivor regions: 1->1(1)
[2024-10-11T04:32:54.867+0800][info] GC(540) Old regions: 44->43
[2024-10-11T04:32:54.867+0800][info] GC(540) Archive regions: 2->2
[2024-10-11T04:32:54.867+0800][info] GC(540) Humongous regions: 3->3
[2024-10-11T04:32:54.867+0800][info] GC(540) Metaspace: 1676K(1856K)->1676K(1856K) NonClass: 1552K(1664K)->1552K(1664K) Class: 124K(192K)->124K(192K)
[2024-10-11T04:32:54.867+0800][info] GC(540) Pause Young (Mixed) (G1 Evacuation Pause) 93M->90M(128M) 2.607ms
[2024-10-11T04:32:54.867+0800][info] GC(540) User=0.00s Sys=0.00s Real=0.01s
[2024-10-11T04:32:54.969+0800][info] GC(541) Pause Young (Mixed) (G1 Evacuation Pause)
[2024-10-11T04:32:54.969+0800][info] GC(541) Using 3 workers of 48 for evacuation
[2024-10-11T04:32:54.970+0800][info] GC(541)   Pre Evacuate Collection Set: 0.2ms
[2024-10-11T04:32:54.970+0800][info] GC(541)   Merge Heap Roots: 0.1ms
[2024-10-11T04:32:54.970+0800][info] GC(541)   Evacuate Collection Set: 1.0ms
[2024-10-11T04:32:54.970+0800][info] GC(541)   Post Evacuate Collection Set: 0.2ms
[2024-10-11T04:32:54.970+0800][info] GC(541)   Other: 0.1ms
[2024-10-11T04:32:54.970+0800][info] GC(541) Eden regions: 2->0(2)
[2024-10-11T04:32:54.970+0800][info] GC(541) Survivor regions: 1->1(1)
[2024-10-11T04:32:54.970+0800][info] GC(541) Old regions: 43->45
[2024-10-11T04:32:54.970+0800][info] GC(541) Archive regions: 2->2
[2024-10-11T04:32:54.970+0800][info] GC(541) Humongous regions: 3->3
[2024-10-11T04:32:54.970+0800][info] GC(541) Metaspace: 1676K(1856K)->1676K(1856K) NonClass: 1552K(1664K)->1552K(1664K) Class: 124K(192K)->124K(192K)
[2024-10-11T04:32:54.970+0800][info] GC(541) Pause Young (Mixed) (G1 Evacuation Pause) 94M->94M(128M) 1.675ms
[2024-10-11T04:32:54.971+0800][info] GC(541) User=0.01s Sys=0.00s Real=0.00s
[2024-10-11T04:32:55.073+0800][info] GC(542) Pause Young (Normal) (G1 Evacuation Pause)
[2024-10-11T04:32:55.073+0800][info] GC(542) Using 3 workers of 48 for evacuation
[2024-10-11T04:32:55.074+0800][info] GC(542)   Pre Evacuate Collection Set: 0.1ms
[2024-10-11T04:32:55.074+0800][info] GC(542)   Merge Heap Roots: 0.1ms
[2024-10-11T04:32:55.074+0800][info] GC(542)   Evacuate Collection Set: 0.6ms
[2024-10-11T04:32:55.074+0800][info] GC(542)   Post Evacuate Collection Set: 0.2ms
[2024-10-11T04:32:55.074+0800][info] GC(542)   Other: 0.2ms
[2024-10-11T04:32:55.074+0800][info] GC(542) Eden regions: 2->0(2)
[2024-10-11T04:32:55.074+0800][info] GC(542) Survivor regions: 1->1(1)
[2024-10-11T04:32:55.074+0800][info] GC(542) Old regions: 45->47
[2024-10-11T04:32:55.074+0800][info] GC(542) Archive regions: 2->2
[2024-10-11T04:32:55.074+0800][info] GC(542) Humongous regions: 3->3
[2024-10-11T04:32:55.074+0800][info] GC(542) Metaspace: 1676K(1856K)->1676K(1856K) NonClass: 1552K(1664K)->1552K(1664K) Class: 124K(192K)->124K(192K)
[2024-10-11T04:32:55.074+0800][info] GC(542) Pause Young (Normal) (G1 Evacuation Pause) 98M->98M(128M) 1.286ms
[2024-10-11T04:32:55.074+0800][info] GC(542) User=0.00s Sys=0.01s Real=0.01s
[2024-10-11T04:32:55.176+0800][info] GC(543) Pause Young (Normal) (G1 Evacuation Pause)
[2024-10-11T04:32:55.176+0800][info] GC(543) Using 3 workers of 48 for evacuation
[2024-10-11T04:32:55.178+0800][info] GC(543)   Pre Evacuate Collection Set: 0.1ms
[2024-10-11T04:32:55.178+0800][info] GC(543)   Merge Heap Roots: 0.0ms
[2024-10-11T04:32:55.178+0800][info] GC(543)   Evacuate Collection Set: 0.9ms
[2024-10-11T04:32:55.178+0800][info] GC(543)   Post Evacuate Collection Set: 0.2ms
[2024-10-11T04:32:55.178+0800][info] GC(543)   Other: 0.2ms
[2024-10-11T04:32:55.178+0800][info] GC(543) Eden regions: 2->0(2)
[2024-10-11T04:32:55.178+0800][info] GC(543) Survivor regions: 1->1(1)
[2024-10-11T04:32:55.178+0800][info] GC(543) Old regions: 47->49
[2024-10-11T04:32:55.178+0800][info] GC(543) Archive regions: 2->2
[2024-10-11T04:32:55.178+0800][info] GC(543) Humongous regions: 3->3
[2024-10-11T04:32:55.178+0800][info] GC(543) Metaspace: 1676K(1856K)->1676K(1856K) NonClass: 1552K(1664K)->1552K(1664K) Class: 124K(192K)->124K(192K)
[2024-10-11T04:32:55.178+0800][info] GC(543) Pause Young (Normal) (G1 Evacuation Pause) 101M->101M(128M) 1.474ms
[2024-10-11T04:32:55.178+0800][info] GC(543) User=0.01s Sys=0.00s Real=0.00s
[2024-10-11T04:32:55.280+0800][info] GC(544) Pause Young (Concurrent Start) (G1 Evacuation Pause)
[2024-10-11T04:32:55.280+0800][info] GC(544) Using 3 workers of 48 for evacuation
[2024-10-11T04:32:55.281+0800][info] GC(544)   Pre Evacuate Collection Set: 0.1ms
[2024-10-11T04:32:55.281+0800][info] GC(544)   Merge Heap Roots: 0.1ms
[2024-10-11T04:32:55.281+0800][info] GC(544)   Evacuate Collection Set: 0.8ms
[2024-10-11T04:32:55.281+0800][info] GC(544)   Post Evacuate Collection Set: 0.2ms
[2024-10-11T04:32:55.282+0800][info] GC(544)   Other: 0.3ms
[2024-10-11T04:32:55.282+0800][info] GC(544) Eden regions: 2->0(2)
[2024-10-11T04:32:55.282+0800][info] GC(544) Survivor regions: 1->1(1)
[2024-10-11T04:32:55.282+0800][info] GC(544) Old regions: 49->51
[2024-10-11T04:32:55.282+0800][info] GC(544) Archive regions: 2->2
[2024-10-11T04:32:55.282+0800][info] GC(544) Humongous regions: 3->3
[2024-10-11T04:32:55.282+0800][info] GC(544) Metaspace: 1676K(1856K)->1676K(1856K) NonClass: 1552K(1664K)->1552K(1664K) Class: 124K(192K)->124K(192K)
[2024-10-11T04:32:55.282+0800][info] GC(544) Pause Young (Concurrent Start) (G1 Evacuation Pause) 105M->106M(128M) 1.594ms
[2024-10-11T04:32:55.282+0800][info] GC(544) User=0.00s Sys=0.00s Real=0.00s
[2024-10-11T04:32:55.282+0800][info] GC(545) Concurrent Mark Cycle
[2024-10-11T04:32:55.282+0800][info] GC(545) Concurrent Clear Claimed Marks
[2024-10-11T04:32:55.282+0800][info] GC(545) Concurrent Clear Claimed Marks 0.017ms
[2024-10-11T04:32:55.282+0800][info] GC(545) Concurrent Scan Root Regions
[2024-10-11T04:32:55.282+0800][info] GC(545) Concurrent Scan Root Regions 0.153ms
[2024-10-11T04:32:55.282+0800][info] GC(545) Concurrent Mark
[2024-10-11T04:32:55.282+0800][info] GC(545) Concurrent Mark From Roots
[2024-10-11T04:32:55.282+0800][info] GC(545) Using 12 workers of 12 for marking
[2024-10-11T04:32:55.286+0800][info] GC(545) Concurrent Mark From Roots 3.919ms
[2024-10-11T04:32:55.286+0800][info] GC(545) Concurrent Preclean
[2024-10-11T04:32:55.288+0800][info] GC(545) Concurrent Preclean 1.695ms
[2024-10-11T04:32:55.288+0800][info] GC(545) Pause Remark
[2024-10-11T04:32:55.289+0800][info] GC(545) Pause Remark 106M->106M(128M) 1.398ms
[2024-10-11T04:32:55.289+0800][info] GC(545) User=0.00s Sys=0.00s Real=0.00s
[2024-10-11T04:32:55.289+0800][info] GC(545) Concurrent Mark 7.243ms
[2024-10-11T04:32:55.289+0800][info] GC(545) Concurrent Rebuild Remembered Sets
[2024-10-11T04:32:55.291+0800][info] GC(545) Concurrent Rebuild Remembered Sets 1.541ms
[2024-10-11T04:32:55.291+0800][info] GC(545) Pause Cleanup
[2024-10-11T04:32:55.291+0800][info] GC(545) Pause Cleanup 106M->106M(128M) 0.204ms
[2024-10-11T04:32:55.291+0800][info] GC(545) User=0.00s Sys=0.00s Real=0.00s
[2024-10-11T04:32:55.291+0800][info] GC(545) Concurrent Cleanup for Next Mark
[2024-10-11T04:32:55.292+0800][info] GC(545) Concurrent Cleanup for Next Mark 0.358ms
[2024-10-11T04:32:55.292+0800][info] GC(545) Concurrent Mark Cycle 9.852ms
[2024-10-11T04:32:55.435+0800][info] GC(546) Pause Young (Prepare Mixed) (G1 Evacuation Pause)
[2024-10-11T04:32:55.435+0800][info] GC(546) Using 3 workers of 48 for evacuation
[2024-10-11T04:32:55.436+0800][info] GC(546)   Pre Evacuate Collection Set: 0.1ms
[2024-10-11T04:32:55.436+0800][info] GC(546)   Merge Heap Roots: 0.1ms
[2024-10-11T04:32:55.436+0800][info] GC(546)   Evacuate Collection Set: 0.9ms
[2024-10-11T04:32:55.436+0800][info] GC(546)   Post Evacuate Collection Set: 0.2ms
[2024-10-11T04:32:55.436+0800][info] GC(546)   Other: 0.2ms
[2024-10-11T04:32:55.436+0800][info] GC(546) Eden regions: 2->0(2)
[2024-10-11T04:32:55.436+0800][info] GC(546) Survivor regions: 1->1(1)
[2024-10-11T04:32:55.436+0800][info] GC(546) Old regions: 51->53
[2024-10-11T04:32:55.436+0800][info] GC(546) Archive regions: 2->2
[2024-10-11T04:32:55.436+0800][info] GC(546) Humongous regions: 3->3
[2024-10-11T04:32:55.436+0800][info] GC(546) Metaspace: 1676K(1856K)->1676K(1856K) NonClass: 1552K(1664K)->1552K(1664K) Class: 124K(192K)->124K(192K)
[2024-10-11T04:32:55.436+0800][info] GC(546) Pause Young (Prepare Mixed) (G1 Evacuation Pause) 109M->110M(128M) 1.593ms
[2024-10-11T04:32:55.436+0800][info] GC(546) User=0.00s Sys=0.00s Real=0.00s
[2024-10-11T04:32:55.498+0800][info] GC(547) Pause Young (Mixed) (G1 Preventive Collection)
[2024-10-11T04:32:55.498+0800][info] GC(547) Using 3 workers of 48 for evacuation
[2024-10-11T04:32:55.499+0800][info] GC(547)   Pre Evacuate Collection Set: 0.2ms
[2024-10-11T04:32:55.499+0800][info] GC(547)   Merge Heap Roots: 0.1ms
[2024-10-11T04:32:55.499+0800][info] GC(547)   Evacuate Collection Set: 1.0ms
[2024-10-11T04:32:55.499+0800][info] GC(547)   Post Evacuate Collection Set: 0.2ms
[2024-10-11T04:32:55.499+0800][info] GC(547)   Other: 0.2ms
[2024-10-11T04:32:55.499+0800][info] GC(547) Eden regions: 1->0(2)
[2024-10-11T04:32:55.499+0800][info] GC(547) Survivor regions: 1->1(1)
[2024-10-11T04:32:55.499+0800][info] GC(547) Old regions: 53->49
[2024-10-11T04:32:55.499+0800][info] GC(547) Archive regions: 2->2
[2024-10-11T04:32:55.499+0800][info] GC(547) Humongous regions: 3->3
[2024-10-11T04:32:55.499+0800][info] GC(547) Metaspace: 1676K(1856K)->1676K(1856K) NonClass: 1552K(1664K)->1552K(1664K) Class: 124K(192K)->124K(192K)
[2024-10-11T04:32:55.499+0800][info] GC(547) Pause Young (Mixed) (G1 Preventive Collection) 112M->102M(128M) 1.674ms
[2024-10-11T04:32:55.499+0800][info] GC(547) User=0.01s Sys=0.00s Real=0.00s
[2024-10-11T04:32:55.602+0800][info] GC(548) Pause Young (Mixed) (G1 Preventive Collection)
[2024-10-11T04:32:55.602+0800][info] GC(548) Using 3 workers of 48 for evacuation
[2024-10-11T04:32:55.604+0800][info] GC(548)   Pre Evacuate Collection Set: 0.2ms
[2024-10-11T04:32:55.604+0800][info] GC(548)   Merge Heap Roots: 0.1ms
[2024-10-11T04:32:55.604+0800][info] GC(548)   Evacuate Collection Set: 1.8ms
[2024-10-11T04:32:55.604+0800][info] GC(548)   Post Evacuate Collection Set: 0.2ms
[2024-10-11T04:32:55.604+0800][info] GC(548)   Other: 0.1ms
[2024-10-11T04:32:55.604+0800][info] GC(548) Eden regions: 2->0(2)
[2024-10-11T04:32:55.604+0800][info] GC(548) Survivor regions: 1->1(1)
[2024-10-11T04:32:55.604+0800][info] GC(548) Old regions: 49->47
[2024-10-11T04:32:55.604+0800][info] GC(548) Archive regions: 2->2
[2024-10-11T04:32:55.604+0800][info] GC(548) Humongous regions: 3->3
[2024-10-11T04:32:55.604+0800][info] GC(548) Metaspace: 1676K(1856K)->1676K(1856K) NonClass: 1552K(1664K)->1552K(1664K) Class: 124K(192K)->124K(192K)
[2024-10-11T04:32:55.604+0800][info] GC(548) Pause Young (Mixed) (G1 Preventive Collection) 105M->100M(128M) 2.492ms
[2024-10-11T04:32:55.604+0800][info] GC(548) User=0.00s Sys=0.01s Real=0.00s
[2024-10-11T04:32:55.706+0800][info] GC(549) Pause Young (Mixed) (G1 Evacuation Pause)
[2024-10-11T04:32:55.706+0800][info] GC(549) Using 3 workers of 48 for evacuation
[2024-10-11T04:32:55.709+0800][info] GC(549)   Pre Evacuate Collection Set: 0.2ms
[2024-10-11T04:32:55.709+0800][info] GC(549)   Merge Heap Roots: 0.0ms
[2024-10-11T04:32:55.709+0800][info] GC(549)   Evacuate Collection Set: 1.9ms
[2024-10-11T04:32:55.709+0800][info] GC(549)   Post Evacuate Collection Set: 0.2ms
[2024-10-11T04:32:55.709+0800][info] GC(549)   Other: 0.1ms
[2024-10-11T04:32:55.709+0800][info] GC(549) Eden regions: 2->0(2)
[2024-10-11T04:32:55.709+0800][info] GC(549) Survivor regions: 1->1(1)
[2024-10-11T04:32:55.709+0800][info] GC(549) Old regions: 47->46
[2024-10-11T04:32:55.709+0800][info] GC(549) Archive regions: 2->2
[2024-10-11T04:32:55.709+0800][info] GC(549) Humongous regions: 3->3
[2024-10-11T04:32:55.709+0800][info] GC(549) Metaspace: 1676K(1856K)->1676K(1856K) NonClass: 1552K(1664K)->1552K(1664K) Class: 124K(192K)->124K(192K)
[2024-10-11T04:32:55.709+0800][info] GC(549) Pause Young (Mixed) (G1 Evacuation Pause) 103M->99M(128M) 2.536ms
[2024-10-11T04:32:55.709+0800][info] GC(549) User=0.00s Sys=0.00s Real=0.00s
[2024-10-11T04:32:55.811+0800][info] GC(550) Pause Young (Mixed) (G1 Evacuation Pause)
[2024-10-11T04:32:55.811+0800][info] GC(550) Using 3 workers of 48 for evacuation
[2024-10-11T04:32:55.814+0800][info] GC(550)   Pre Evacuate Collection Set: 0.2ms
[2024-10-11T04:32:55.814+0800][info] GC(550)   Merge Heap Roots: 0.1ms
[2024-10-11T04:32:55.814+0800][info] GC(550)   Evacuate Collection Set: 2.0ms
[2024-10-11T04:32:55.814+0800][info] GC(550)   Post Evacuate Collection Set: 0.2ms
[2024-10-11T04:32:55.814+0800][info] GC(550)   Other: 0.1ms
[2024-10-11T04:32:55.814+0800][info] GC(550) Eden regions: 2->0(2)
[2024-10-11T04:32:55.814+0800][info] GC(550) Survivor regions: 1->1(1)
[2024-10-11T04:32:55.814+0800][info] GC(550) Old regions: 46->45
[2024-10-11T04:32:55.814+0800][info] GC(550) Archive regions: 2->2
[2024-10-11T04:32:55.814+0800][info] GC(550) Humongous regions: 3->3
[2024-10-11T04:32:55.814+0800][info] GC(550) Metaspace: 1676K(1856K)->1676K(1856K) NonClass: 1552K(1664K)->1552K(1664K) Class: 124K(192K)->124K(192K)
[2024-10-11T04:32:55.814+0800][info] GC(550) Pause Young (Mixed) (G1 Evacuation Pause) 102M->97M(128M) 2.678ms
[2024-10-11T04:32:55.814+0800][info] GC(550) User=0.01s Sys=0.00s Real=0.01s
[2024-10-11T04:32:55.916+0800][info] GC(551) Pause Young (Mixed) (G1 Evacuation Pause)
[2024-10-11T04:32:55.916+0800][info] GC(551) Using 3 workers of 48 for evacuation
[2024-10-11T04:32:55.917+0800][info] GC(551)   Pre Evacuate Collection Set: 0.2ms
[2024-10-11T04:32:55.917+0800][info] GC(551)   Merge Heap Roots: 0.0ms
[2024-10-11T04:32:55.917+0800][info] GC(551)   Evacuate Collection Set: 0.8ms
[2024-10-11T04:32:55.917+0800][info] GC(551)   Post Evacuate Collection Set: 0.2ms
[2024-10-11T04:32:55.917+0800][info] GC(551)   Other: 0.1ms
[2024-10-11T04:32:55.917+0800][info] GC(551) Eden regions: 2->0(2)
[2024-10-11T04:32:55.917+0800][info] GC(551) Survivor regions: 1->1(1)
[2024-10-11T04:32:55.917+0800][info] GC(551) Old regions: 45->47
[2024-10-11T04:32:55.917+0800][info] GC(551) Archive regions: 2->2
[2024-10-11T04:32:55.917+0800][info] GC(551) Humongous regions: 3->3
[2024-10-11T04:32:55.917+0800][info] GC(551) Metaspace: 1676K(1856K)->1676K(1856K) NonClass: 1552K(1664K)->1552K(1664K) Class: 124K(192K)->124K(192K)
[2024-10-11T04:32:55.917+0800][info] GC(551) Pause Young (Mixed) (G1 Evacuation Pause) 101M->100M(128M) 1.507ms
[2024-10-11T04:32:55.917+0800][info] GC(551) User=0.00s Sys=0.00s Real=0.00s
[2024-10-11T04:32:56.020+0800][info] GC(552) Pause Young (Normal) (G1 Evacuation Pause)
[2024-10-11T04:32:56.020+0800][info] GC(552) Using 3 workers of 48 for evacuation
[2024-10-11T04:32:56.021+0800][info] GC(552)   Pre Evacuate Collection Set: 0.1ms
[2024-10-11T04:32:56.021+0800][info] GC(552)   Merge Heap Roots: 0.1ms
[2024-10-11T04:32:56.021+0800][info] GC(552)   Evacuate Collection Set: 0.6ms
[2024-10-11T04:32:56.021+0800][info] GC(552)   Post Evacuate Collection Set: 0.2ms
[2024-10-11T04:32:56.021+0800][info] GC(552)   Other: 0.2ms
[2024-10-11T04:32:56.021+0800][info] GC(552) Eden regions: 2->0(2)
[2024-10-11T04:32:56.021+0800][info] GC(552) Survivor regions: 1->1(1)
[2024-10-11T04:32:56.021+0800][info] GC(552) Old regions: 47->48
[2024-10-11T04:32:56.021+0800][info] GC(552) Archive regions: 2->2
[2024-10-11T04:32:56.021+0800][info] GC(552) Humongous regions: 3->3
[2024-10-11T04:32:56.021+0800][info] GC(552) Metaspace: 1676K(1856K)->1676K(1856K) NonClass: 1552K(1664K)->1552K(1664K) Class: 124K(192K)->124K(192K)
[2024-10-11T04:32:56.021+0800][info] GC(552) Pause Young (Normal) (G1 Evacuation Pause) 104M->104M(128M) 1.286ms
[2024-10-11T04:32:56.021+0800][info] GC(552) User=0.00s Sys=0.00s Real=0.00s
[2024-10-11T04:32:56.123+0800][info] GC(553) Pause Young (Normal) (G1 Evacuation Pause)
[2024-10-11T04:32:56.123+0800][info] GC(553) Using 3 workers of 48 for evacuation
[2024-10-11T04:32:56.124+0800][info] GC(553)   Pre Evacuate Collection Set: 0.1ms
[2024-10-11T04:32:56.124+0800][info] GC(553)   Merge Heap Roots: 0.0ms
[2024-10-11T04:32:56.124+0800][info] GC(553)   Evacuate Collection Set: 0.6ms
[2024-10-11T04:32:56.124+0800][info] GC(553)   Post Evacuate Collection Set: 0.2ms
[2024-10-11T04:32:56.124+0800][info] GC(553)   Other: 0.2ms
[2024-10-11T04:32:56.124+0800][info] GC(553) Eden regions: 2->0(2)
[2024-10-11T04:32:56.124+0800][info] GC(553) Survivor regions: 1->1(1)
[2024-10-11T04:32:56.124+0800][info] GC(553) Old regions: 48->50
[2024-10-11T04:32:56.124+0800][info] GC(553) Archive regions: 2->2
[2024-10-11T04:32:56.124+0800][info] GC(553) Humongous regions: 3->3
[2024-10-11T04:32:56.124+0800][info] GC(553) Metaspace: 1676K(1856K)->1676K(1856K) NonClass: 1552K(1664K)->1552K(1664K) Class: 124K(192K)->124K(192K)
[2024-10-11T04:32:56.124+0800][info] GC(553) Pause Young (Normal) (G1 Evacuation Pause) 107M->107M(128M) 1.245ms
[2024-10-11T04:32:56.124+0800][info] GC(553) User=0.00s Sys=0.00s Real=0.00s
[2024-10-11T04:32:56.226+0800][info] GC(554) Pause Young (Concurrent Start) (G1 Evacuation Pause)
[2024-10-11T04:32:56.227+0800][info] GC(554) Using 3 workers of 48 for evacuation
[2024-10-11T04:32:56.228+0800][info] GC(554)   Pre Evacuate Collection Set: 0.1ms
[2024-10-11T04:32:56.228+0800][info] GC(554)   Merge Heap Roots: 0.0ms
[2024-10-11T04:32:56.228+0800][info] GC(554)   Evacuate Collection Set: 0.7ms
[2024-10-11T04:32:56.228+0800][info] GC(554)   Post Evacuate Collection Set: 0.2ms
[2024-10-11T04:32:56.228+0800][info] GC(554)   Other: 0.3ms
[2024-10-11T04:32:56.228+0800][info] GC(554) Eden regions: 2->0(2)
[2024-10-11T04:32:56.228+0800][info] GC(554) Survivor regions: 1->1(1)
[2024-10-11T04:32:56.228+0800][info] GC(554) Old regions: 50->52
[2024-10-11T04:32:56.228+0800][info] GC(554) Archive regions: 2->2
[2024-10-11T04:32:56.228+0800][info] GC(554) Humongous regions: 3->3
[2024-10-11T04:32:56.228+0800][info] GC(554) Metaspace: 1676K(1856K)->1676K(1856K) NonClass: 1552K(1664K)->1552K(1664K) Class: 124K(192K)->124K(192K)
[2024-10-11T04:32:56.228+0800][info] GC(554) Pause Young (Concurrent Start) (G1 Evacuation Pause) 111M->111M(128M) 1.522ms
[2024-10-11T04:32:56.228+0800][info] GC(554) User=0.01s Sys=0.00s Real=0.00s
[2024-10-11T04:32:56.228+0800][info] GC(555) Concurrent Mark Cycle
[2024-10-11T04:32:56.228+0800][info] GC(555) Concurrent Clear Claimed Marks
[2024-10-11T04:32:56.228+0800][info] GC(555) Concurrent Clear Claimed Marks 0.017ms
[2024-10-11T04:32:56.228+0800][info] GC(555) Concurrent Scan Root Regions
[2024-10-11T04:32:56.228+0800][info] GC(555) Concurrent Scan Root Regions 0.087ms
[2024-10-11T04:32:56.228+0800][info] GC(555) Concurrent Mark
[2024-10-11T04:32:56.228+0800][info] GC(555) Concurrent Mark From Roots
[2024-10-11T04:32:56.228+0800][info] GC(555) Using 12 workers of 12 for marking
[2024-10-11T04:32:56.234+0800][info] GC(555) Concurrent Mark From Roots 5.938ms
[2024-10-11T04:32:56.234+0800][info] GC(555) Concurrent Preclean
[2024-10-11T04:32:56.236+0800][info] GC(555) Concurrent Preclean 1.675ms
[2024-10-11T04:32:56.236+0800][info] GC(555) Pause Remark
[2024-10-11T04:32:56.238+0800][info] GC(555) Pause Remark 112M->112M(128M) 1.501ms
[2024-10-11T04:32:56.238+0800][info] GC(555) User=0.01s Sys=0.00s Real=0.00s
[2024-10-11T04:32:56.238+0800][info] GC(555) Concurrent Mark 9.413ms
[2024-10-11T04:32:56.238+0800][info] GC(555) Concurrent Rebuild Remembered Sets
[2024-10-11T04:32:56.239+0800][info] GC(555) Concurrent Rebuild Remembered Sets 1.633ms
[2024-10-11T04:32:56.239+0800][info] GC(555) Pause Cleanup
[2024-10-11T04:32:56.240+0800][info] GC(555) Pause Cleanup 112M->112M(128M) 0.174ms
[2024-10-11T04:32:56.240+0800][info] GC(555) User=0.00s Sys=0.00s Real=0.00s
[2024-10-11T04:32:56.240+0800][info] GC(555) Concurrent Cleanup for Next Mark
[2024-10-11T04:32:56.240+0800][info] GC(555) Concurrent Cleanup for Next Mark 0.399ms
[2024-10-11T04:32:56.240+0800][info] GC(555) Concurrent Mark Cycle 11.994ms
[2024-10-11T04:32:56.381+0800][info] GC(556) Pause Young (Prepare Mixed) (G1 Preventive Collection)
[2024-10-11T04:32:56.381+0800][info] GC(556) Using 3 workers of 48 for evacuation
[2024-10-11T04:32:56.382+0800][info] GC(556)   Pre Evacuate Collection Set: 0.1ms
[2024-10-11T04:32:56.382+0800][info] GC(556)   Merge Heap Roots: 0.1ms
[2024-10-11T04:32:56.382+0800][info] GC(556)   Evacuate Collection Set: 0.7ms
[2024-10-11T04:32:56.382+0800][info] GC(556)   Post Evacuate Collection Set: 0.2ms
[2024-10-11T04:32:56.382+0800][info] GC(556)   Other: 0.2ms
[2024-10-11T04:32:56.382+0800][info] GC(556) Eden regions: 2->0(2)
[2024-10-11T04:32:56.382+0800][info] GC(556) Survivor regions: 1->1(1)
[2024-10-11T04:32:56.382+0800][info] GC(556) Old regions: 52->54
[2024-10-11T04:32:56.382+0800][info] GC(556) Archive regions: 2->2
[2024-10-11T04:32:56.382+0800][info] GC(556) Humongous regions: 3->3
[2024-10-11T04:32:56.382+0800][info] GC(556) Metaspace: 1676K(1856K)->1676K(1856K) NonClass: 1552K(1664K)->1552K(1664K) Class: 124K(192K)->124K(192K)
[2024-10-11T04:32:56.382+0800][info] GC(556) Pause Young (Prepare Mixed) (G1 Preventive Collection) 115M->115M(128M) 1.378ms
[2024-10-11T04:32:56.382+0800][info] GC(556) User=0.00s Sys=0.00s Real=0.00s
[2024-10-11T04:32:56.444+0800][info] GC(557) Pause Young (Mixed) (G1 Preventive Collection)
[2024-10-11T04:32:56.444+0800][info] GC(557) Using 3 workers of 48 for evacuation
[2024-10-11T04:32:56.446+0800][info] GC(557) To-space exhausted
[2024-10-11T04:32:56.446+0800][info] GC(557)   Pre Evacuate Collection Set: 0.2ms
[2024-10-11T04:32:56.446+0800][info] GC(557)   Merge Heap Roots: 0.1ms
[2024-10-11T04:32:56.446+0800][info] GC(557)   Evacuate Collection Set: 0.9ms
[2024-10-11T04:32:56.446+0800][info] GC(557)   Post Evacuate Collection Set: 0.2ms
[2024-10-11T04:32:56.446+0800][info] GC(557)   Other: 0.2ms
[2024-10-11T04:32:56.446+0800][info] GC(557) Eden regions: 1->0(2)
[2024-10-11T04:32:56.446+0800][info] GC(557) Survivor regions: 1->1(1)
[2024-10-11T04:32:56.446+0800][info] GC(557) Old regions: 54->54
[2024-10-11T04:32:56.446+0800][info] GC(557) Archive regions: 2->2
[2024-10-11T04:32:56.446+0800][info] GC(557) Humongous regions: 3->3
[2024-10-11T04:32:56.446+0800][info] GC(557) Metaspace: 1676K(1856K)->1676K(1856K) NonClass: 1552K(1664K)->1552K(1664K) Class: 124K(192K)->124K(192K)
[2024-10-11T04:32:56.446+0800][info] GC(557) Pause Young (Mixed) (G1 Preventive Collection) 117M->116M(128M) 1.661ms
[2024-10-11T04:32:56.446+0800][info] GC(557) User=0.00s Sys=0.00s Real=0.01s
[2024-10-11T04:32:56.487+0800][info] GC(558) Pause Young (Mixed) (G1 Preventive Collection)
[2024-10-11T04:32:56.487+0800][info] GC(558) Using 3 workers of 48 for evacuation
[2024-10-11T04:32:56.488+0800][info] GC(558) To-space exhausted
[2024-10-11T04:32:56.488+0800][info] GC(558)   Pre Evacuate Collection Set: 0.2ms
[2024-10-11T04:32:56.488+0800][info] GC(558)   Merge Heap Roots: 0.1ms
[2024-10-11T04:32:56.488+0800][info] GC(558)   Evacuate Collection Set: 0.8ms
[2024-10-11T04:32:56.488+0800][info] GC(558)   Post Evacuate Collection Set: 0.3ms
[2024-10-11T04:32:56.488+0800][info] GC(558)   Other: 0.1ms
[2024-10-11T04:32:56.488+0800][info] GC(558) Eden regions: 1->0(2)
[2024-10-11T04:32:56.488+0800][info] GC(558) Survivor regions: 1->1(1)
[2024-10-11T04:32:56.488+0800][info] GC(558) Old regions: 54->56
[2024-10-11T04:32:56.488+0800][info] GC(558) Archive regions: 2->2
[2024-10-11T04:32:56.488+0800][info] GC(558) Humongous regions: 3->3
[2024-10-11T04:32:56.488+0800][info] GC(558) Metaspace: 1676K(1856K)->1676K(1856K) NonClass: 1552K(1664K)->1552K(1664K) Class: 124K(192K)->124K(192K)
[2024-10-11T04:32:56.488+0800][info] GC(558) Pause Young (Mixed) (G1 Preventive Collection) 118M->119M(128M) 1.561ms
[2024-10-11T04:32:56.488+0800][info] GC(558) User=0.01s Sys=0.00s Real=0.00s
[2024-10-11T04:32:56.550+0800][info] GC(559) Pause Young (Mixed) (G1 Preventive Collection)
[2024-10-11T04:32:56.550+0800][info] GC(559) Using 3 workers of 48 for evacuation
[2024-10-11T04:32:56.551+0800][info] GC(559) To-space exhausted
[2024-10-11T04:32:56.551+0800][info] GC(559)   Pre Evacuate Collection Set: 0.2ms
[2024-10-11T04:32:56.551+0800][info] GC(559)   Merge Heap Roots: 0.1ms
[2024-10-11T04:32:56.551+0800][info] GC(559)   Evacuate Collection Set: 0.7ms
[2024-10-11T04:32:56.551+0800][info] GC(559)   Post Evacuate Collection Set: 0.7ms
[2024-10-11T04:32:56.551+0800][info] GC(559)   Other: 0.1ms
[2024-10-11T04:32:56.551+0800][info] GC(559) Eden regions: 1->0(2)
[2024-10-11T04:32:56.551+0800][info] GC(559) Survivor regions: 1->1(1)
[2024-10-11T04:32:56.551+0800][info] GC(559) Old regions: 56->57
[2024-10-11T04:32:56.551+0800][info] GC(559) Archive regions: 2->2
[2024-10-11T04:32:56.551+0800][info] GC(559) Humongous regions: 3->3
[2024-10-11T04:32:56.551+0800][info] GC(559) Metaspace: 1676K(1856K)->1676K(1856K) NonClass: 1552K(1664K)->1552K(1664K) Class: 124K(192K)->124K(192K)
[2024-10-11T04:32:56.552+0800][info] GC(559) Pause Young (Mixed) (G1 Preventive Collection) 121M->121M(128M) 1.872ms
[2024-10-11T04:32:56.552+0800][info] GC(559) User=0.00s Sys=0.00s Real=0.00s
[2024-10-11T04:32:56.593+0800][info] GC(560) Pause Young (Mixed) (G1 Evacuation Pause)
[2024-10-11T04:32:56.593+0800][info] GC(560) Using 3 workers of 48 for evacuation
[2024-10-11T04:32:56.594+0800][info] GC(560) To-space exhausted
[2024-10-11T04:32:56.594+0800][info] GC(560)   Pre Evacuate Collection Set: 0.2ms
[2024-10-11T04:32:56.594+0800][info] GC(560)   Merge Heap Roots: 0.1ms
[2024-10-11T04:32:56.594+0800][info] GC(560)   Evacuate Collection Set: 0.8ms
[2024-10-11T04:32:56.595+0800][info] GC(560)   Post Evacuate Collection Set: 0.8ms
[2024-10-11T04:32:56.595+0800][info] GC(560)   Other: 0.2ms
[2024-10-11T04:32:56.595+0800][info] GC(560) Eden regions: 1->0(3)
[2024-10-11T04:32:56.595+0800][info] GC(560) Survivor regions: 1->0(0)
[2024-10-11T04:32:56.595+0800][info] GC(560) Old regions: 57->59
[2024-10-11T04:32:56.595+0800][info] GC(560) Archive regions: 2->2
[2024-10-11T04:32:56.595+0800][info] GC(560) Humongous regions: 3->3
[2024-10-11T04:32:56.595+0800][info] GC(560) Metaspace: 1676K(1856K)->1676K(1856K) NonClass: 1552K(1664K)->1552K(1664K) Class: 124K(192K)->124K(192K)
[2024-10-11T04:32:56.595+0800][info] GC(560) Pause Young (Mixed) (G1 Evacuation Pause) 123M->123M(128M) 2.133ms
[2024-10-11T04:32:56.595+0800][info] GC(560) User=0.01s Sys=0.00s Real=0.01s
[2024-10-11T04:32:56.595+0800][info] Attempting full compaction
[2024-10-11T04:32:56.595+0800][info] GC(561) Using 3 workers of 48 for full compaction
[2024-10-11T04:32:56.595+0800][info] GC(561) Pause Full (G1 Compaction Pause)
[2024-10-11T04:32:56.595+0800][info] GC(561) Phase 1: Mark live objects
[2024-10-11T04:32:56.598+0800][info] GC(561) Phase 1: Mark live objects 3.107ms
[2024-10-11T04:32:56.598+0800][info] GC(561) Phase 2: Prepare for compaction
[2024-10-11T04:32:56.598+0800][info] GC(561) Phase 2: Prepare for compaction 0.541ms
[2024-10-11T04:32:56.598+0800][info] GC(561) Phase 3: Adjust pointers
[2024-10-11T04:32:56.600+0800][info] GC(561) Phase 3: Adjust pointers 1.637ms
[2024-10-11T04:32:56.600+0800][info] GC(561) Phase 4: Compact heap
[2024-10-11T04:32:56.612+0800][info] GC(561) Phase 4: Compact heap 11.916ms
[2024-10-11T04:32:56.613+0800][info] GC(561) Eden regions: 0->0(4)
[2024-10-11T04:32:56.613+0800][info] GC(561) Survivor regions: 0->0(0)
[2024-10-11T04:32:56.614+0800][info] GC(561) Old regions: 59->38
[2024-10-11T04:32:56.614+0800][info] GC(561) Archive regions: 2->2
[2024-10-11T04:32:56.614+0800][info] GC(561) Humongous regions: 3->3
[2024-10-11T04:32:56.614+0800][info] GC(561) Metaspace: 1676K(1856K)->1676K(1856K) NonClass: 1552K(1664K)->1552K(1664K) Class: 124K(192K)->124K(192K)
[2024-10-11T04:32:56.614+0800][info] GC(561) Pause Full (G1 Compaction Pause) 123M->71M(128M) 18.841ms
[2024-10-11T04:32:56.614+0800][info] GC(561) User=0.04s Sys=0.00s Real=0.02s
[2024-10-11T04:32:56.849+0800][info] GC(562) Pause Young (Normal) (G1 Evacuation Pause)
[2024-10-11T04:32:56.849+0800][info] GC(562) Using 3 workers of 48 for evacuation
[2024-10-11T04:32:56.855+0800][info] GC(562)   Pre Evacuate Collection Set: 0.2ms
[2024-10-11T04:32:56.855+0800][info] GC(562)   Merge Heap Roots: 0.0ms
[2024-10-11T04:32:56.855+0800][info] GC(562)   Evacuate Collection Set: 5.1ms
[2024-10-11T04:32:56.855+0800][info] GC(562)   Post Evacuate Collection Set: 0.5ms
[2024-10-11T04:32:56.855+0800][info] GC(562)   Other: 0.3ms
[2024-10-11T04:32:56.855+0800][info] GC(562) Eden regions: 4->0(2)
[2024-10-11T04:32:56.855+0800][info] GC(562) Survivor regions: 0->1(1)
[2024-10-11T04:32:56.856+0800][info] GC(562) Old regions: 38->41
[2024-10-11T04:32:56.856+0800][info] GC(562) Archive regions: 2->2
[2024-10-11T04:32:56.856+0800][info] GC(562) Humongous regions: 4->4
[2024-10-11T04:32:56.856+0800][info] GC(562) Metaspace: 1676K(1856K)->1676K(1856K) NonClass: 1552K(1664K)->1552K(1664K) Class: 124K(192K)->124K(192K)
[2024-10-11T04:32:56.856+0800][info] GC(562) Pause Young (Normal) (G1 Evacuation Pause) 81M->80M(128M) 6.209ms
[2024-10-11T04:32:56.856+0800][info] GC(562) User=0.00s Sys=0.02s Real=0.01s
[2024-10-11T04:32:56.960+0800][info] GC(563) Pause Young (Normal) (G1 Evacuation Pause)
[2024-10-11T04:32:56.960+0800][info] GC(563) Using 3 workers of 48 for evacuation
[2024-10-11T04:32:56.963+0800][info] GC(563)   Pre Evacuate Collection Set: 0.1ms
[2024-10-11T04:32:56.963+0800][info] GC(563)   Merge Heap Roots: 0.1ms
[2024-10-11T04:32:56.963+0800][info] GC(563)   Evacuate Collection Set: 2.9ms
[2024-10-11T04:32:56.963+0800][info] GC(563)   Post Evacuate Collection Set: 0.2ms
[2024-10-11T04:32:56.963+0800][info] GC(563)   Other: 0.2ms
[2024-10-11T04:32:56.963+0800][info] GC(563) Eden regions: 2->0(2)
[2024-10-11T04:32:56.963+0800][info] GC(563) Survivor regions: 1->1(1)
[2024-10-11T04:32:56.963+0800][info] GC(563) Old regions: 41->43
[2024-10-11T04:32:56.963+0800][info] GC(563) Archive regions: 2->2
[2024-10-11T04:32:56.963+0800][info] GC(563) Humongous regions: 4->4
[2024-10-11T04:32:56.963+0800][info] GC(563) Metaspace: 1676K(1856K)->1676K(1856K) NonClass: 1552K(1664K)->1552K(1664K) Class: 124K(192K)->124K(192K)
[2024-10-11T04:32:56.963+0800][info] GC(563) Pause Young (Normal) (G1 Evacuation Pause) 84M->84M(128M) 3.625ms
[2024-10-11T04:32:56.963+0800][info] GC(563) User=0.00s Sys=0.00s Real=0.00s
[2024-10-11T04:32:57.065+0800][info] GC(564) Pause Young (Normal) (G1 Evacuation Pause)
[2024-10-11T04:32:57.065+0800][info] GC(564) Using 3 workers of 48 for evacuation
[2024-10-11T04:32:57.068+0800][info] GC(564)   Pre Evacuate Collection Set: 0.1ms
[2024-10-11T04:32:57.068+0800][info] GC(564)   Merge Heap Roots: 0.0ms
[2024-10-11T04:32:57.068+0800][info] GC(564)   Evacuate Collection Set: 2.6ms
[2024-10-11T04:32:57.068+0800][info] GC(564)   Post Evacuate Collection Set: 0.2ms
[2024-10-11T04:32:57.068+0800][info] GC(564)   Other: 0.2ms
[2024-10-11T04:32:57.069+0800][info] GC(564) Eden regions: 2->0(2)
[2024-10-11T04:32:57.069+0800][info] GC(564) Survivor regions: 1->1(1)
[2024-10-11T04:32:57.069+0800][info] GC(564) Old regions: 43->45
[2024-10-11T04:32:57.069+0800][info] GC(564) Archive regions: 2->2
[2024-10-11T04:32:57.069+0800][info] GC(564) Humongous regions: 4->4
[2024-10-11T04:32:57.069+0800][info] GC(564) Metaspace: 1676K(1856K)->1676K(1856K) NonClass: 1552K(1664K)->1552K(1664K) Class: 124K(192K)->124K(192K)
[2024-10-11T04:32:57.069+0800][info] GC(564) Pause Young (Normal) (G1 Evacuation Pause) 88M->88M(128M) 3.209ms
[2024-10-11T04:32:57.069+0800][info] GC(564) User=0.00s Sys=0.00s Real=0.00s
[2024-10-11T04:32:57.171+0800][info] GC(565) Pause Young (Normal) (G1 Evacuation Pause)
[2024-10-11T04:32:57.171+0800][info] GC(565) Using 3 workers of 48 for evacuation
[2024-10-11T04:32:57.174+0800][info] GC(565)   Pre Evacuate Collection Set: 0.1ms
[2024-10-11T04:32:57.174+0800][info] GC(565)   Merge Heap Roots: 0.0ms
[2024-10-11T04:32:57.174+0800][info] GC(565)   Evacuate Collection Set: 2.3ms
[2024-10-11T04:32:57.174+0800][info] GC(565)   Post Evacuate Collection Set: 0.2ms
[2024-10-11T04:32:57.174+0800][info] GC(565)   Other: 0.2ms
[2024-10-11T04:32:57.174+0800][info] GC(565) Eden regions: 2->0(2)
[2024-10-11T04:32:57.174+0800][info] GC(565) Survivor regions: 1->1(1)
[2024-10-11T04:32:57.174+0800][info] GC(565) Old regions: 45->47
[2024-10-11T04:32:57.174+0800][info] GC(565) Archive regions: 2->2
[2024-10-11T04:32:57.174+0800][info] GC(565) Humongous regions: 4->4
[2024-10-11T04:32:57.174+0800][info] GC(565) Metaspace: 1676K(1856K)->1676K(1856K) NonClass: 1552K(1664K)->1552K(1664K) Class: 124K(192K)->124K(192K)
[2024-10-11T04:32:57.174+0800][info] GC(565) Pause Young (Normal) (G1 Evacuation Pause) 92M->92M(128M) 2.928ms
[2024-10-11T04:32:57.174+0800][info] GC(565) User=0.01s Sys=0.00s Real=0.01s
[2024-10-11T04:32:57.276+0800][info] GC(566) Pause Young (Concurrent Start) (G1 Evacuation Pause)
[2024-10-11T04:32:57.276+0800][info] GC(566) Using 3 workers of 48 for evacuation
[2024-10-11T04:32:57.279+0800][info] GC(566)   Pre Evacuate Collection Set: 0.1ms
[2024-10-11T04:32:57.279+0800][info] GC(566)   Merge Heap Roots: 0.0ms
[2024-10-11T04:32:57.279+0800][info] GC(566)   Evacuate Collection Set: 2.8ms
[2024-10-11T04:32:57.279+0800][info] GC(566)   Post Evacuate Collection Set: 0.2ms
[2024-10-11T04:32:57.279+0800][info] GC(566)   Other: 0.3ms
[2024-10-11T04:32:57.280+0800][info] GC(566) Eden regions: 2->0(2)
[2024-10-11T04:32:57.280+0800][info] GC(566) Survivor regions: 1->1(1)
[2024-10-11T04:32:57.280+0800][info] GC(566) Old regions: 47->49
[2024-10-11T04:32:57.280+0800][info] GC(566) Archive regions: 2->2
[2024-10-11T04:32:57.280+0800][info] GC(566) Humongous regions: 4->4
[2024-10-11T04:32:57.280+0800][info] GC(566) Metaspace: 1676K(1856K)->1676K(1856K) NonClass: 1552K(1664K)->1552K(1664K) Class: 124K(192K)->124K(192K)
[2024-10-11T04:32:57.280+0800][info] GC(566) Pause Young (Concurrent Start) (G1 Evacuation Pause) 96M->96M(128M) 3.608ms
[2024-10-11T04:32:57.280+0800][info] GC(566) User=0.01s Sys=0.00s Real=0.00s
[2024-10-11T04:32:57.280+0800][info] GC(567) Concurrent Mark Cycle
[2024-10-11T04:32:57.280+0800][info] GC(567) Concurrent Clear Claimed Marks
[2024-10-11T04:32:57.280+0800][info] GC(567) Concurrent Clear Claimed Marks 0.027ms
[2024-10-11T04:32:57.280+0800][info] GC(567) Concurrent Scan Root Regions
[2024-10-11T04:32:57.280+0800][info] GC(567) Concurrent Scan Root Regions 0.139ms
[2024-10-11T04:32:57.280+0800][info] GC(567) Concurrent Mark
[2024-10-11T04:32:57.280+0800][info] GC(567) Concurrent Mark From Roots
[2024-10-11T04:32:57.280+0800][info] GC(567) Using 12 workers of 12 for marking
[2024-10-11T04:32:57.287+0800][info] GC(567) Concurrent Mark From Roots 7.491ms
[2024-10-11T04:32:57.288+0800][info] GC(567) Concurrent Preclean
[2024-10-11T04:32:57.289+0800][info] GC(567) Concurrent Preclean 1.705ms
[2024-10-11T04:32:57.289+0800][info] GC(567) Pause Remark
[2024-10-11T04:32:57.291+0800][info] GC(567) Pause Remark 97M->95M(128M) 1.866ms
[2024-10-11T04:32:57.291+0800][info] GC(567) User=0.00s Sys=0.01s Real=0.00s
[2024-10-11T04:32:57.291+0800][info] GC(567) Concurrent Mark 11.293ms
[2024-10-11T04:32:57.291+0800][info] GC(567) Concurrent Rebuild Remembered Sets
[2024-10-11T04:32:57.293+0800][info] GC(567) Concurrent Rebuild Remembered Sets 1.521ms
[2024-10-11T04:32:57.293+0800][info] GC(567) Pause Cleanup
[2024-10-11T04:32:57.293+0800][info] GC(567) Pause Cleanup 95M->95M(128M) 0.183ms
[2024-10-11T04:32:57.293+0800][info] GC(567) User=0.00s Sys=0.00s Real=0.01s
[2024-10-11T04:32:57.293+0800][info] GC(567) Concurrent Cleanup for Next Mark
[2024-10-11T04:32:57.293+0800][info] GC(567) Concurrent Cleanup for Next Mark 0.347ms
[2024-10-11T04:32:57.294+0800][info] GC(567) Concurrent Mark Cycle 13.790ms
[2024-10-11T04:32:57.433+0800][info] GC(568) Pause Young (Prepare Mixed) (G1 Evacuation Pause)
[2024-10-11T04:32:57.433+0800][info] GC(568) Using 3 workers of 48 for evacuation
[2024-10-11T04:32:57.436+0800][info] GC(568)   Pre Evacuate Collection Set: 0.1ms
[2024-10-11T04:32:57.436+0800][info] GC(568)   Merge Heap Roots: 0.1ms
[2024-10-11T04:32:57.436+0800][info] GC(568)   Evacuate Collection Set: 2.6ms
[2024-10-11T04:32:57.436+0800][info] GC(568)   Post Evacuate Collection Set: 0.2ms
[2024-10-11T04:32:57.436+0800][info] GC(568)   Other: 0.2ms
[2024-10-11T04:32:57.436+0800][info] GC(568) Eden regions: 2->0(2)
[2024-10-11T04:32:57.436+0800][info] GC(568) Survivor regions: 1->1(1)
[2024-10-11T04:32:57.436+0800][info] GC(568) Old regions: 49->51
[2024-10-11T04:32:57.436+0800][info] GC(568) Archive regions: 2->2
[2024-10-11T04:32:57.436+0800][info] GC(568) Humongous regions: 3->3
[2024-10-11T04:32:57.436+0800][info] GC(568) Metaspace: 1676K(1856K)->1676K(1856K) NonClass: 1552K(1664K)->1552K(1664K) Class: 124K(192K)->124K(192K)
[2024-10-11T04:32:57.436+0800][info] GC(568) Pause Young (Prepare Mixed) (G1 Evacuation Pause) 98M->98M(128M) 3.345ms
[2024-10-11T04:32:57.436+0800][info] GC(568) User=0.00s Sys=0.01s Real=0.01s
[2024-10-11T04:32:57.538+0800][info] GC(569) Pause Young (Mixed) (G1 Preventive Collection)
[2024-10-11T04:32:57.538+0800][info] GC(569) Using 3 workers of 48 for evacuation
[2024-10-11T04:32:57.544+0800][info] GC(569)   Pre Evacuate Collection Set: 0.2ms
[2024-10-11T04:32:57.544+0800][info] GC(569)   Merge Heap Roots: 0.1ms
[2024-10-11T04:32:57.544+0800][info] GC(569)   Evacuate Collection Set: 5.3ms
[2024-10-11T04:32:57.544+0800][info] GC(569)   Post Evacuate Collection Set: 0.2ms
[2024-10-11T04:32:57.544+0800][info] GC(569)   Other: 0.2ms
[2024-10-11T04:32:57.544+0800][info] GC(569) Eden regions: 2->0(2)
[2024-10-11T04:32:57.544+0800][info] GC(569) Survivor regions: 1->1(1)
[2024-10-11T04:32:57.544+0800][info] GC(569) Old regions: 51->48
[2024-10-11T04:32:57.544+0800][info] GC(569) Archive regions: 2->2
[2024-10-11T04:32:57.544+0800][info] GC(569) Humongous regions: 3->3
[2024-10-11T04:32:57.544+0800][info] GC(569) Metaspace: 1676K(1856K)->1676K(1856K) NonClass: 1552K(1664K)->1552K(1664K) Class: 124K(192K)->124K(192K)
[2024-10-11T04:32:57.544+0800][info] GC(569) Pause Young (Mixed) (G1 Preventive Collection) 101M->95M(128M) 5.972ms
[2024-10-11T04:32:57.544+0800][info] GC(569) User=0.01s Sys=0.00s Real=0.00s
[2024-10-11T04:32:57.647+0800][info] GC(570) Pause Young (Mixed) (G1 Evacuation Pause)
[2024-10-11T04:32:57.647+0800][info] GC(570) Using 3 workers of 48 for evacuation
[2024-10-11T04:32:57.654+0800][info] GC(570)   Pre Evacuate Collection Set: 0.2ms
[2024-10-11T04:32:57.654+0800][info] GC(570)   Merge Heap Roots: 0.1ms
[2024-10-11T04:32:57.654+0800][info] GC(570)   Evacuate Collection Set: 6.9ms
[2024-10-11T04:32:57.654+0800][info] GC(570)   Post Evacuate Collection Set: 0.2ms
[2024-10-11T04:32:57.654+0800][info] GC(570)   Other: 0.1ms
[2024-10-11T04:32:57.654+0800][info] GC(570) Eden regions: 2->0(2)
[2024-10-11T04:32:57.654+0800][info] GC(570) Survivor regions: 1->1(1)
[2024-10-11T04:32:57.654+0800][info] GC(570) Old regions: 48->47
[2024-10-11T04:32:57.654+0800][info] GC(570) Archive regions: 2->2
[2024-10-11T04:32:57.654+0800][info] GC(570) Humongous regions: 3->3
[2024-10-11T04:32:57.654+0800][info] GC(570) Metaspace: 1676K(1856K)->1676K(1856K) NonClass: 1552K(1664K)->1552K(1664K) Class: 124K(192K)->124K(192K)
[2024-10-11T04:32:57.654+0800][info] GC(570) Pause Young (Mixed) (G1 Evacuation Pause) 98M->94M(128M) 7.588ms
[2024-10-11T04:32:57.654+0800][info] GC(570) User=0.00s Sys=0.02s Real=0.01s
[2024-10-11T04:32:57.756+0800][info] GC(571) Pause Young (Mixed) (G1 Evacuation Pause)
[2024-10-11T04:32:57.756+0800][info] GC(571) Using 3 workers of 48 for evacuation
[2024-10-11T04:32:57.763+0800][info] GC(571)   Pre Evacuate Collection Set: 0.2ms
[2024-10-11T04:32:57.763+0800][info] GC(571)   Merge Heap Roots: 0.1ms
[2024-10-11T04:32:57.763+0800][info] GC(571)   Evacuate Collection Set: 6.7ms
[2024-10-11T04:32:57.763+0800][info] GC(571)   Post Evacuate Collection Set: 0.2ms
[2024-10-11T04:32:57.763+0800][info] GC(571)   Other: 0.1ms
[2024-10-11T04:32:57.764+0800][info] GC(571) Eden regions: 2->0(2)
[2024-10-11T04:32:57.764+0800][info] GC(571) Survivor regions: 1->1(1)
[2024-10-11T04:32:57.764+0800][info] GC(571) Old regions: 47->46
[2024-10-11T04:32:57.764+0800][info] GC(571) Archive regions: 2->2
[2024-10-11T04:32:57.764+0800][info] GC(571) Humongous regions: 3->3
[2024-10-11T04:32:57.764+0800][info] GC(571) Metaspace: 1676K(1856K)->1676K(1856K) NonClass: 1552K(1664K)->1552K(1664K) Class: 124K(192K)->124K(192K)
[2024-10-11T04:32:57.764+0800][info] GC(571) Pause Young (Mixed) (G1 Evacuation Pause) 98M->95M(128M) 7.371ms
[2024-10-11T04:32:57.764+0800][info] GC(571) User=0.02s Sys=0.01s Real=0.00s
[2024-10-11T04:32:57.866+0800][info] GC(572) Pause Young (Mixed) (G1 Evacuation Pause)
[2024-10-11T04:32:57.866+0800][info] GC(572) Using 3 workers of 48 for evacuation
[2024-10-11T04:32:57.869+0800][info] GC(572)   Pre Evacuate Collection Set: 0.2ms
[2024-10-11T04:32:57.869+0800][info] GC(572)   Merge Heap Roots: 0.1ms
[2024-10-11T04:32:57.869+0800][info] GC(572)   Evacuate Collection Set: 2.7ms
[2024-10-11T04:32:57.869+0800][info] GC(572)   Post Evacuate Collection Set: 0.2ms
[2024-10-11T04:32:57.869+0800][info] GC(572)   Other: 0.1ms
[2024-10-11T04:32:57.869+0800][info] GC(572) Eden regions: 2->0(2)
[2024-10-11T04:32:57.869+0800][info] GC(572) Survivor regions: 1->1(1)
[2024-10-11T04:32:57.869+0800][info] GC(572) Old regions: 46->47
[2024-10-11T04:32:57.869+0800][info] GC(572) Archive regions: 2->2
[2024-10-11T04:32:57.869+0800][info] GC(572) Humongous regions: 3->3
[2024-10-11T04:32:57.869+0800][info] GC(572) Metaspace: 1676K(1856K)->1676K(1856K) NonClass: 1552K(1664K)->1552K(1664K) Class: 124K(192K)->124K(192K)
[2024-10-11T04:32:57.869+0800][info] GC(572) Pause Young (Mixed) (G1 Evacuation Pause) 99M->98M(128M) 3.357ms
[2024-10-11T04:32:57.869+0800][info] GC(572) User=0.01s Sys=0.00s Real=0.00s
[2024-10-11T04:32:57.971+0800][info] GC(573) Pause Young (Normal) (G1 Evacuation Pause)
[2024-10-11T04:32:57.971+0800][info] GC(573) Using 3 workers of 48 for evacuation
[2024-10-11T04:32:57.974+0800][info] GC(573)   Pre Evacuate Collection Set: 0.1ms
[2024-10-11T04:32:57.974+0800][info] GC(573)   Merge Heap Roots: 0.1ms
[2024-10-11T04:32:57.974+0800][info] GC(573)   Evacuate Collection Set: 1.7ms
[2024-10-11T04:32:57.974+0800][info] GC(573)   Post Evacuate Collection Set: 0.2ms
[2024-10-11T04:32:57.974+0800][info] GC(573)   Other: 0.2ms
[2024-10-11T04:32:57.974+0800][info] GC(573) Eden regions: 2->0(2)
[2024-10-11T04:32:57.974+0800][info] GC(573) Survivor regions: 1->1(1)
[2024-10-11T04:32:57.974+0800][info] GC(573) Old regions: 47->48
[2024-10-11T04:32:57.974+0800][info] GC(573) Archive regions: 2->2
[2024-10-11T04:32:57.974+0800][info] GC(573) Humongous regions: 3->3
[2024-10-11T04:32:57.974+0800][info] GC(573) Metaspace: 1676K(1856K)->1676K(1856K) NonClass: 1552K(1664K)->1552K(1664K) Class: 124K(192K)->124K(192K)
[2024-10-11T04:32:57.974+0800][info] GC(573) Pause Young (Normal) (G1 Evacuation Pause) 101M->100M(128M) 2.426ms
[2024-10-11T04:32:57.974+0800][info] GC(573) User=0.00s Sys=0.00s Real=0.01s
[2024-10-11T04:32:58.076+0800][info] GC(574) Pause Young (Normal) (G1 Evacuation Pause)
[2024-10-11T04:32:58.076+0800][info] GC(574) Using 3 workers of 48 for evacuation
[2024-10-11T04:32:58.078+0800][info] GC(574)   Pre Evacuate Collection Set: 0.1ms
[2024-10-11T04:32:58.078+0800][info] GC(574)   Merge Heap Roots: 0.0ms
[2024-10-11T04:32:58.078+0800][info] GC(574)   Evacuate Collection Set: 1.0ms
[2024-10-11T04:32:58.078+0800][info] GC(574)   Post Evacuate Collection Set: 0.2ms
[2024-10-11T04:32:58.078+0800][info] GC(574)   Other: 0.2ms
[2024-10-11T04:32:58.078+0800][info] GC(574) Eden regions: 2->0(2)
[2024-10-11T04:32:58.078+0800][info] GC(574) Survivor regions: 1->1(1)
[2024-10-11T04:32:58.078+0800][info] GC(574) Old regions: 48->50
[2024-10-11T04:32:58.078+0800][info] GC(574) Archive regions: 2->2
[2024-10-11T04:32:58.078+0800][info] GC(574) Humongous regions: 3->3
[2024-10-11T04:32:58.078+0800][info] GC(574) Metaspace: 1684K(1856K)->1684K(1856K) NonClass: 1560K(1664K)->1560K(1664K) Class: 124K(192K)->124K(192K)
[2024-10-11T04:32:58.078+0800][info] GC(574) Pause Young (Normal) (G1 Evacuation Pause) 104M->104M(128M) 1.647ms
[2024-10-11T04:32:58.078+0800][info] GC(574) User=0.00s Sys=0.01s Real=0.00s
[2024-10-11T04:32:58.180+0800][info] GC(575) Pause Young (Concurrent Start) (G1 Evacuation Pause)
[2024-10-11T04:32:58.180+0800][info] GC(575) Using 3 workers of 48 for evacuation
[2024-10-11T04:32:58.182+0800][info] GC(575)   Pre Evacuate Collection Set: 0.1ms
[2024-10-11T04:32:58.182+0800][info] GC(575)   Merge Heap Roots: 0.1ms
[2024-10-11T04:32:58.182+0800][info] GC(575)   Evacuate Collection Set: 2.0ms
[2024-10-11T04:32:58.183+0800][info] GC(575)   Post Evacuate Collection Set: 0.2ms
[2024-10-11T04:32:58.183+0800][info] GC(575)   Other: 0.3ms
[2024-10-11T04:32:58.183+0800][info] GC(575) Eden regions: 2->0(2)
[2024-10-11T04:32:58.183+0800][info] GC(575) Survivor regions: 1->1(1)
[2024-10-11T04:32:58.183+0800][info] GC(575) Old regions: 50->52
[2024-10-11T04:32:58.183+0800][info] GC(575) Archive regions: 2->2
[2024-10-11T04:32:58.183+0800][info] GC(575) Humongous regions: 3->3
[2024-10-11T04:32:58.183+0800][info] GC(575) Metaspace: 1684K(1856K)->1684K(1856K) NonClass: 1560K(1664K)->1560K(1664K) Class: 124K(192K)->124K(192K)
[2024-10-11T04:32:58.183+0800][info] GC(575) Pause Young (Concurrent Start) (G1 Evacuation Pause) 108M->108M(128M) 2.786ms
[2024-10-11T04:32:58.183+0800][info] GC(575) User=0.00s Sys=0.00s Real=0.00s
[2024-10-11T04:32:58.183+0800][info] GC(576) Concurrent Mark Cycle
[2024-10-11T04:32:58.183+0800][info] GC(576) Concurrent Clear Claimed Marks
[2024-10-11T04:32:58.183+0800][info] GC(576) Concurrent Clear Claimed Marks 0.016ms
[2024-10-11T04:32:58.183+0800][info] GC(576) Concurrent Scan Root Regions
[2024-10-11T04:32:58.183+0800][info] GC(576) Concurrent Scan Root Regions 0.090ms
[2024-10-11T04:32:58.183+0800][info] GC(576) Concurrent Mark
[2024-10-11T04:32:58.183+0800][info] GC(576) Concurrent Mark From Roots
[2024-10-11T04:32:58.183+0800][info] GC(576) Using 12 workers of 12 for marking
[2024-10-11T04:32:58.189+0800][info] GC(576) Concurrent Mark From Roots 5.878ms
[2024-10-11T04:32:58.189+0800][info] GC(576) Concurrent Preclean
[2024-10-11T04:32:58.191+0800][info] GC(576) Concurrent Preclean 1.698ms
[2024-10-11T04:32:58.191+0800][info] GC(576) Pause Remark
[2024-10-11T04:32:58.192+0800][info] GC(576) Pause Remark 109M->109M(128M) 1.525ms
[2024-10-11T04:32:58.192+0800][info] GC(576) User=0.00s Sys=0.00s Real=0.00s
[2024-10-11T04:32:58.192+0800][info] GC(576) Concurrent Mark 9.416ms
[2024-10-11T04:32:58.192+0800][info] GC(576) Concurrent Rebuild Remembered Sets
[2024-10-11T04:32:58.194+0800][info] GC(576) Concurrent Rebuild Remembered Sets 1.437ms
[2024-10-11T04:32:58.194+0800][info] GC(576) Pause Cleanup
[2024-10-11T04:32:58.194+0800][info] GC(576) Pause Cleanup 109M->109M(128M) 0.201ms
[2024-10-11T04:32:58.194+0800][info] GC(576) User=0.00s Sys=0.00s Real=0.00s
[2024-10-11T04:32:58.194+0800][info] GC(576) Concurrent Cleanup for Next Mark
[2024-10-11T04:32:58.195+0800][info] GC(576) Concurrent Cleanup for Next Mark 0.419ms
[2024-10-11T04:32:58.195+0800][info] GC(576) Concurrent Mark Cycle 11.922ms
[2024-10-11T04:32:58.336+0800][info] GC(577) Pause Young (Prepare Mixed) (G1 Preventive Collection)
[2024-10-11T04:32:58.336+0800][info] GC(577) Using 3 workers of 48 for evacuation
[2024-10-11T04:32:58.338+0800][info] GC(577)   Pre Evacuate Collection Set: 0.1ms
[2024-10-11T04:32:58.338+0800][info] GC(577)   Merge Heap Roots: 0.1ms
[2024-10-11T04:32:58.338+0800][info] GC(577)   Evacuate Collection Set: 1.2ms
[2024-10-11T04:32:58.338+0800][info] GC(577)   Post Evacuate Collection Set: 0.2ms
[2024-10-11T04:32:58.338+0800][info] GC(577)   Other: 0.2ms
[2024-10-11T04:32:58.338+0800][info] GC(577) Eden regions: 2->0(2)
[2024-10-11T04:32:58.338+0800][info] GC(577) Survivor regions: 1->1(1)
[2024-10-11T04:32:58.338+0800][info] GC(577) Old regions: 52->54
[2024-10-11T04:32:58.338+0800][info] GC(577) Archive regions: 2->2
[2024-10-11T04:32:58.338+0800][info] GC(577) Humongous regions: 3->3
[2024-10-11T04:32:58.338+0800][info] GC(577) Metaspace: 1684K(1856K)->1684K(1856K) NonClass: 1560K(1664K)->1560K(1664K) Class: 124K(192K)->124K(192K)
[2024-10-11T04:32:58.338+0800][info] GC(577) Pause Young (Prepare Mixed) (G1 Preventive Collection) 112M->111M(128M) 1.825ms
[2024-10-11T04:32:58.338+0800][info] GC(577) User=0.01s Sys=0.00s Real=0.00s
[2024-10-11T04:32:58.399+0800][info] GC(578) Pause Young (Mixed) (G1 Preventive Collection)
[2024-10-11T04:32:58.399+0800][info] GC(578) Using 3 workers of 48 for evacuation
[2024-10-11T04:32:58.402+0800][info] GC(578) To-space exhausted
[2024-10-11T04:32:58.402+0800][info] GC(578)   Pre Evacuate Collection Set: 0.2ms
[2024-10-11T04:32:58.402+0800][info] GC(578)   Merge Heap Roots: 0.1ms
[2024-10-11T04:32:58.402+0800][info] GC(578)   Evacuate Collection Set: 2.6ms
[2024-10-11T04:32:58.402+0800][info] GC(578)   Post Evacuate Collection Set: 0.3ms
[2024-10-11T04:32:58.402+0800][info] GC(578)   Other: 0.2ms
[2024-10-11T04:32:58.402+0800][info] GC(578) Eden regions: 1->0(2)
[2024-10-11T04:32:58.402+0800][info] GC(578) Survivor regions: 1->1(1)
[2024-10-11T04:32:58.402+0800][info] GC(578) Old regions: 54->53
[2024-10-11T04:32:58.402+0800][info] GC(578) Archive regions: 2->2
[2024-10-11T04:32:58.402+0800][info] GC(578) Humongous regions: 3->3
[2024-10-11T04:32:58.402+0800][info] GC(578) Metaspace: 1684K(1856K)->1684K(1856K) NonClass: 1560K(1664K)->1560K(1664K) Class: 124K(192K)->124K(192K)
[2024-10-11T04:32:58.402+0800][info] GC(578) Pause Young (Mixed) (G1 Preventive Collection) 113M->111M(128M) 3.388ms
[2024-10-11T04:32:58.402+0800][info] GC(578) User=0.00s Sys=0.00s Real=0.00s
[2024-10-11T04:32:58.443+0800][info] GC(579) Pause Young (Mixed) (G1 Preventive Collection)
[2024-10-11T04:32:58.444+0800][info] GC(579) Using 3 workers of 48 for evacuation
[2024-10-11T04:32:58.447+0800][info] GC(579) To-space exhausted
[2024-10-11T04:32:58.447+0800][info] GC(579)   Pre Evacuate Collection Set: 0.2ms
[2024-10-11T04:32:58.447+0800][info] GC(579)   Merge Heap Roots: 0.1ms
[2024-10-11T04:32:58.447+0800][info] GC(579)   Evacuate Collection Set: 2.7ms
[2024-10-11T04:32:58.447+0800][info] GC(579)   Post Evacuate Collection Set: 0.3ms
[2024-10-11T04:32:58.447+0800][info] GC(579)   Other: 0.2ms
[2024-10-11T04:32:58.447+0800][info] GC(579) Eden regions: 1->0(2)
[2024-10-11T04:32:58.447+0800][info] GC(579) Survivor regions: 1->1(1)
[2024-10-11T04:32:58.447+0800][info] GC(579) Old regions: 53->56
[2024-10-11T04:32:58.447+0800][info] GC(579) Archive regions: 2->2
[2024-10-11T04:32:58.447+0800][info] GC(579) Humongous regions: 3->3
[2024-10-11T04:32:58.447+0800][info] GC(579) Metaspace: 1684K(1856K)->1684K(1856K) NonClass: 1560K(1664K)->1560K(1664K) Class: 124K(192K)->124K(192K)
[2024-10-11T04:32:58.447+0800][info] GC(579) Pause Young (Mixed) (G1 Preventive Collection) 113M->117M(128M) 3.464ms
[2024-10-11T04:32:58.447+0800][info] GC(579) User=0.00s Sys=0.00s Real=0.01s
[2024-10-11T04:32:58.509+0800][info] GC(580) Pause Young (Mixed) (G1 Preventive Collection)
[2024-10-11T04:32:58.509+0800][info] GC(580) Using 3 workers of 48 for evacuation
[2024-10-11T04:32:58.510+0800][info] GC(580) To-space exhausted
[2024-10-11T04:32:58.510+0800][info] GC(580)   Pre Evacuate Collection Set: 0.2ms
[2024-10-11T04:32:58.510+0800][info] GC(580)   Merge Heap Roots: 0.1ms
[2024-10-11T04:32:58.510+0800][info] GC(580)   Evacuate Collection Set: 0.7ms
[2024-10-11T04:32:58.510+0800][info] GC(580)   Post Evacuate Collection Set: 0.7ms
[2024-10-11T04:32:58.511+0800][info] GC(580)   Other: 0.1ms
[2024-10-11T04:32:58.511+0800][info] GC(580) Eden regions: 1->0(2)
[2024-10-11T04:32:58.511+0800][info] GC(580) Survivor regions: 1->1(1)
[2024-10-11T04:32:58.511+0800][info] GC(580) Old regions: 56->57
[2024-10-11T04:32:58.511+0800][info] GC(580) Archive regions: 2->2
[2024-10-11T04:32:58.511+0800][info] GC(580) Humongous regions: 3->3
[2024-10-11T04:32:58.511+0800][info] GC(580) Metaspace: 1684K(1856K)->1684K(1856K) NonClass: 1560K(1664K)->1560K(1664K) Class: 124K(192K)->124K(192K)
[2024-10-11T04:32:58.511+0800][info] GC(580) Pause Young (Mixed) (G1 Preventive Collection) 118M->118M(128M) 1.931ms
[2024-10-11T04:32:58.511+0800][info] GC(580) User=0.01s Sys=0.00s Real=0.00s
[2024-10-11T04:32:58.552+0800][info] GC(581) Pause Young (Mixed) (G1 Evacuation Pause)
[2024-10-11T04:32:58.552+0800][info] GC(581) Using 3 workers of 48 for evacuation
[2024-10-11T04:32:58.553+0800][info] GC(581) To-space exhausted
[2024-10-11T04:32:58.553+0800][info] GC(581)   Pre Evacuate Collection Set: 0.2ms
[2024-10-11T04:32:58.553+0800][info] GC(581)   Merge Heap Roots: 0.1ms
[2024-10-11T04:32:58.553+0800][info] GC(581)   Evacuate Collection Set: 0.4ms
[2024-10-11T04:32:58.553+0800][info] GC(581)   Post Evacuate Collection Set: 0.3ms
[2024-10-11T04:32:58.553+0800][info] GC(581)   Other: 0.2ms
[2024-10-11T04:32:58.553+0800][info] GC(581) Eden regions: 1->0(3)
[2024-10-11T04:32:58.553+0800][info] GC(581) Survivor regions: 1->0(0)
[2024-10-11T04:32:58.553+0800][info] GC(581) Old regions: 57->59
[2024-10-11T04:32:58.553+0800][info] GC(581) Archive regions: 2->2
[2024-10-11T04:32:58.553+0800][info] GC(581) Humongous regions: 3->3
[2024-10-11T04:32:58.553+0800][info] GC(581) Metaspace: 1684K(1856K)->1684K(1856K) NonClass: 1560K(1664K)->1560K(1664K) Class: 124K(192K)->124K(192K)
[2024-10-11T04:32:58.553+0800][info] GC(581) Pause Young (Mixed) (G1 Evacuation Pause) 120M->120M(128M) 1.198ms
[2024-10-11T04:32:58.553+0800][info] GC(581) User=0.00s Sys=0.00s Real=0.00s
[2024-10-11T04:32:58.553+0800][info] Attempting full compaction
[2024-10-11T04:32:58.553+0800][info] GC(582) Using 3 workers of 48 for full compaction
[2024-10-11T04:32:58.553+0800][info] GC(582) Pause Full (G1 Compaction Pause)
[2024-10-11T04:32:58.553+0800][info] GC(582) Phase 1: Mark live objects
[2024-10-11T04:32:58.556+0800][info] GC(582) Phase 1: Mark live objects 3.036ms
[2024-10-11T04:32:58.556+0800][info] GC(582) Phase 2: Prepare for compaction
[2024-10-11T04:32:58.557+0800][info] GC(582) Phase 2: Prepare for compaction 0.538ms
[2024-10-11T04:32:58.557+0800][info] GC(582) Phase 3: Adjust pointers
[2024-10-11T04:32:58.558+0800][info] GC(582) Phase 3: Adjust pointers 1.704ms
[2024-10-11T04:32:58.558+0800][info] GC(582) Phase 4: Compact heap
[2024-10-11T04:32:58.583+0800][info] GC(582) Phase 4: Compact heap 24.753ms
[2024-10-11T04:32:58.585+0800][info] GC(582) Eden regions: 0->0(3)
[2024-10-11T04:32:58.585+0800][info] GC(582) Survivor regions: 0->0(0)
[2024-10-11T04:32:58.585+0800][info] GC(582) Old regions: 59->39
[2024-10-11T04:32:58.585+0800][info] GC(582) Archive regions: 2->2
[2024-10-11T04:32:58.585+0800][info] GC(582) Humongous regions: 3->3
[2024-10-11T04:32:58.585+0800][info] GC(582) Metaspace: 1684K(1856K)->1684K(1856K) NonClass: 1560K(1664K)->1560K(1664K) Class: 124K(192K)->124K(192K)
[2024-10-11T04:32:58.585+0800][info] GC(582) Pause Full (G1 Compaction Pause) 120M->72M(128M) 31.677ms
[2024-10-11T04:32:58.585+0800][info] GC(582) User=0.04s Sys=0.02s Real=0.03s
[2024-10-11T04:32:58.749+0800][info] GC(583) Pause Young (Normal) (G1 Evacuation Pause)
[2024-10-11T04:32:58.749+0800][info] GC(583) Using 3 workers of 48 for evacuation
[2024-10-11T04:32:58.751+0800][info] GC(583)   Pre Evacuate Collection Set: 0.1ms
[2024-10-11T04:32:58.751+0800][info] GC(583)   Merge Heap Roots: 0.1ms
[2024-10-11T04:32:58.751+0800][info] GC(583)   Evacuate Collection Set: 1.8ms
[2024-10-11T04:32:58.751+0800][info] GC(583)   Post Evacuate Collection Set: 0.2ms
[2024-10-11T04:32:58.751+0800][info] GC(583)   Other: 0.2ms
[2024-10-11T04:32:58.751+0800][info] GC(583) Eden regions: 3->0(2)
[2024-10-11T04:32:58.751+0800][info] GC(583) Survivor regions: 0->1(1)
[2024-10-11T04:32:58.751+0800][info] GC(583) Old regions: 39->41
[2024-10-11T04:32:58.751+0800][info] GC(583) Archive regions: 2->2
[2024-10-11T04:32:58.751+0800][info] GC(583) Humongous regions: 3->3
[2024-10-11T04:32:58.751+0800][info] GC(583) Metaspace: 1684K(1856K)->1684K(1856K) NonClass: 1560K(1664K)->1560K(1664K) Class: 124K(192K)->124K(192K)
[2024-10-11T04:32:58.751+0800][info] GC(583) Pause Young (Normal) (G1 Evacuation Pause) 78M->78M(128M) 2.450ms
[2024-10-11T04:32:58.751+0800][info] GC(583) User=0.00s Sys=0.00s Real=0.00s
[2024-10-11T04:32:58.853+0800][info] GC(584) Pause Young (Normal) (G1 Evacuation Pause)
[2024-10-11T04:32:58.853+0800][info] GC(584) Using 3 workers of 48 for evacuation
[2024-10-11T04:32:58.854+0800][info] GC(584)   Pre Evacuate Collection Set: 0.2ms
[2024-10-11T04:32:58.854+0800][info] GC(584)   Merge Heap Roots: 0.0ms
[2024-10-11T04:32:58.854+0800][info] GC(584)   Evacuate Collection Set: 0.8ms
[2024-10-11T04:32:58.854+0800][info] GC(584)   Post Evacuate Collection Set: 0.2ms
[2024-10-11T04:32:58.854+0800][info] GC(584)   Other: 0.2ms
[2024-10-11T04:32:58.854+0800][info] GC(584) Eden regions: 2->0(2)
[2024-10-11T04:32:58.854+0800][info] GC(584) Survivor regions: 1->1(1)
[2024-10-11T04:32:58.854+0800][info] GC(584) Old regions: 41->43
[2024-10-11T04:32:58.854+0800][info] GC(584) Archive regions: 2->2
[2024-10-11T04:32:58.854+0800][info] GC(584) Humongous regions: 3->3
[2024-10-11T04:32:58.854+0800][info] GC(584) Metaspace: 1684K(1856K)->1684K(1856K) NonClass: 1560K(1664K)->1560K(1664K) Class: 124K(192K)->124K(192K)
[2024-10-11T04:32:58.854+0800][info] GC(584) Pause Young (Normal) (G1 Evacuation Pause) 82M->82M(128M) 1.462ms
[2024-10-11T04:32:58.854+0800][info] GC(584) User=0.01s Sys=0.00s Real=0.01s
[2024-10-11T04:32:58.957+0800][info] GC(585) Pause Young (Normal) (G1 Evacuation Pause)
[2024-10-11T04:32:58.957+0800][info] GC(585) Using 3 workers of 48 for evacuation
[2024-10-11T04:32:58.959+0800][info] GC(585)   Pre Evacuate Collection Set: 0.1ms
[2024-10-11T04:32:58.959+0800][info] GC(585)   Merge Heap Roots: 0.0ms
[2024-10-11T04:32:58.959+0800][info] GC(585)   Evacuate Collection Set: 1.1ms
[2024-10-11T04:32:58.959+0800][info] GC(585)   Post Evacuate Collection Set: 0.2ms
[2024-10-11T04:32:58.959+0800][info] GC(585)   Other: 0.2ms
[2024-10-11T04:32:58.959+0800][info] GC(585) Eden regions: 2->0(2)
[2024-10-11T04:32:58.959+0800][info] GC(585) Survivor regions: 1->1(1)
[2024-10-11T04:32:58.959+0800][info] GC(585) Old regions: 43->45
[2024-10-11T04:32:58.959+0800][info] GC(585) Archive regions: 2->2
[2024-10-11T04:32:58.959+0800][info] GC(585) Humongous regions: 4->4
[2024-10-11T04:32:58.959+0800][info] GC(585) Metaspace: 1684K(1856K)->1684K(1856K) NonClass: 1560K(1664K)->1560K(1664K) Class: 124K(192K)->124K(192K)
[2024-10-11T04:32:58.959+0800][info] GC(585) Pause Young (Normal) (G1 Evacuation Pause) 88M->88M(128M) 1.734ms
[2024-10-11T04:32:58.959+0800][info] GC(585) User=0.00s Sys=0.00s Real=0.00s
[2024-10-11T04:32:59.061+0800][info] GC(586) Pause Young (Normal) (G1 Evacuation Pause)
[2024-10-11T04:32:59.061+0800][info] GC(586) Using 3 workers of 48 for evacuation
[2024-10-11T04:32:59.062+0800][info] GC(586)   Pre Evacuate Collection Set: 0.1ms
[2024-10-11T04:32:59.062+0800][info] GC(586)   Merge Heap Roots: 0.0ms
[2024-10-11T04:32:59.062+0800][info] GC(586)   Evacuate Collection Set: 0.8ms
[2024-10-11T04:32:59.062+0800][info] GC(586)   Post Evacuate Collection Set: 0.2ms
[2024-10-11T04:32:59.062+0800][info] GC(586)   Other: 0.2ms
[2024-10-11T04:32:59.062+0800][info] GC(586) Eden regions: 2->0(2)
[2024-10-11T04:32:59.062+0800][info] GC(586) Survivor regions: 1->1(1)
[2024-10-11T04:32:59.062+0800][info] GC(586) Old regions: 45->47
[2024-10-11T04:32:59.062+0800][info] GC(586) Archive regions: 2->2
[2024-10-11T04:32:59.062+0800][info] GC(586) Humongous regions: 4->4
[2024-10-11T04:32:59.062+0800][info] GC(586) Metaspace: 1684K(1856K)->1684K(1856K) NonClass: 1560K(1664K)->1560K(1664K) Class: 124K(192K)->124K(192K)
[2024-10-11T04:32:59.062+0800][info] GC(586) Pause Young (Normal) (G1 Evacuation Pause) 92M->92M(128M) 1.432ms
[2024-10-11T04:32:59.062+0800][info] GC(586) User=0.00s Sys=0.00s Real=0.00s
[2024-10-11T04:32:59.165+0800][info] GC(587) Pause Young (Concurrent Start) (G1 Evacuation Pause)
[2024-10-11T04:32:59.165+0800][info] GC(587) Using 3 workers of 48 for evacuation
[2024-10-11T04:32:59.166+0800][info] GC(587)   Pre Evacuate Collection Set: 0.1ms
[2024-10-11T04:32:59.166+0800][info] GC(587)   Merge Heap Roots: 0.1ms
[2024-10-11T04:32:59.166+0800][info] GC(587)   Evacuate Collection Set: 0.9ms
[2024-10-11T04:32:59.166+0800][info] GC(587)   Post Evacuate Collection Set: 0.2ms
[2024-10-11T04:32:59.166+0800][info] GC(587)   Other: 0.4ms
[2024-10-11T04:32:59.166+0800][info] GC(587) Eden regions: 2->0(2)
[2024-10-11T04:32:59.166+0800][info] GC(587) Survivor regions: 1->1(1)
[2024-10-11T04:32:59.166+0800][info] GC(587) Old regions: 47->49
[2024-10-11T04:32:59.166+0800][info] GC(587) Archive regions: 2->2
[2024-10-11T04:32:59.166+0800][info] GC(587) Humongous regions: 4->4
[2024-10-11T04:32:59.166+0800][info] GC(587) Metaspace: 1684K(1856K)->1684K(1856K) NonClass: 1560K(1664K)->1560K(1664K) Class: 124K(192K)->124K(192K)
[2024-10-11T04:32:59.166+0800][info] GC(587) Pause Young (Concurrent Start) (G1 Evacuation Pause) 96M->96M(128M) 1.683ms
[2024-10-11T04:32:59.166+0800][info] GC(587) User=0.00s Sys=0.01s Real=0.01s
[2024-10-11T04:32:59.167+0800][info] GC(588) Concurrent Mark Cycle
[2024-10-11T04:32:59.167+0800][info] GC(588) Concurrent Clear Claimed Marks
[2024-10-11T04:32:59.167+0800][info] GC(588) Concurrent Clear Claimed Marks 0.017ms
[2024-10-11T04:32:59.167+0800][info] GC(588) Concurrent Scan Root Regions
[2024-10-11T04:32:59.167+0800][info] GC(588) Concurrent Scan Root Regions 0.155ms
[2024-10-11T04:32:59.167+0800][info] GC(588) Concurrent Mark
[2024-10-11T04:32:59.167+0800][info] GC(588) Concurrent Mark From Roots
[2024-10-11T04:32:59.167+0800][info] GC(588) Using 12 workers of 12 for marking
[2024-10-11T04:32:59.172+0800][info] GC(588) Concurrent Mark From Roots 5.686ms
[2024-10-11T04:32:59.173+0800][info] GC(588) Concurrent Preclean
[2024-10-11T04:32:59.174+0800][info] GC(588) Concurrent Preclean 1.698ms
[2024-10-11T04:32:59.174+0800][info] GC(588) Pause Remark
[2024-10-11T04:32:59.176+0800][info] GC(588) Pause Remark 96M->94M(128M) 1.443ms
[2024-10-11T04:32:59.176+0800][info] GC(588) User=0.00s Sys=0.00s Real=0.00s
[2024-10-11T04:32:59.176+0800][info] GC(588) Concurrent Mark 9.078ms
[2024-10-11T04:32:59.176+0800][info] GC(588) Concurrent Rebuild Remembered Sets
[2024-10-11T04:32:59.177+0800][info] GC(588) Concurrent Rebuild Remembered Sets 1.474ms
[2024-10-11T04:32:59.177+0800][info] GC(588) Pause Cleanup
[2024-10-11T04:32:59.178+0800][info] GC(588) Pause Cleanup 94M->94M(128M) 0.169ms
[2024-10-11T04:32:59.178+0800][info] GC(588) User=0.00s Sys=0.00s Real=0.00s
[2024-10-11T04:32:59.178+0800][info] GC(588) Concurrent Cleanup for Next Mark
[2024-10-11T04:32:59.178+0800][info] GC(588) Concurrent Cleanup for Next Mark 0.387ms
[2024-10-11T04:32:59.178+0800][info] GC(588) Concurrent Mark Cycle 11.560ms
[2024-10-11T04:32:59.319+0800][info] GC(589) Pause Young (Prepare Mixed) (G1 Evacuation Pause)
[2024-10-11T04:32:59.319+0800][info] GC(589) Using 3 workers of 48 for evacuation
[2024-10-11T04:32:59.321+0800][info] GC(589)   Pre Evacuate Collection Set: 0.1ms
[2024-10-11T04:32:59.321+0800][info] GC(589)   Merge Heap Roots: 0.1ms
[2024-10-11T04:32:59.321+0800][info] GC(589)   Evacuate Collection Set: 1.5ms
[2024-10-11T04:32:59.321+0800][info] GC(589)   Post Evacuate Collection Set: 0.2ms
[2024-10-11T04:32:59.321+0800][info] GC(589)   Other: 0.2ms
[2024-10-11T04:32:59.321+0800][info] GC(589) Eden regions: 2->0(2)
[2024-10-11T04:32:59.321+0800][info] GC(589) Survivor regions: 1->1(1)
[2024-10-11T04:32:59.322+0800][info] GC(589) Old regions: 49->51
[2024-10-11T04:32:59.322+0800][info] GC(589) Archive regions: 2->2
[2024-10-11T04:32:59.322+0800][info] GC(589) Humongous regions: 3->3
[2024-10-11T04:32:59.322+0800][info] GC(589) Metaspace: 1684K(1856K)->1684K(1856K) NonClass: 1560K(1664K)->1560K(1664K) Class: 124K(192K)->124K(192K)
[2024-10-11T04:32:59.322+0800][info] GC(589) Pause Young (Prepare Mixed) (G1 Evacuation Pause) 97M->98M(128M) 2.172ms
[2024-10-11T04:32:59.322+0800][info] GC(589) User=0.01s Sys=0.00s Real=0.00s
[2024-10-11T04:32:59.424+0800][info] GC(590) Pause Young (Mixed) (G1 Preventive Collection)
[2024-10-11T04:32:59.424+0800][info] GC(590) Using 3 workers of 48 for evacuation
[2024-10-11T04:32:59.426+0800][info] GC(590)   Pre Evacuate Collection Set: 0.2ms
[2024-10-11T04:32:59.426+0800][info] GC(590)   Merge Heap Roots: 0.1ms
[2024-10-11T04:32:59.426+0800][info] GC(590)   Evacuate Collection Set: 1.4ms
[2024-10-11T04:32:59.426+0800][info] GC(590)   Post Evacuate Collection Set: 0.2ms
[2024-10-11T04:32:59.426+0800][info] GC(590)   Other: 0.2ms
[2024-10-11T04:32:59.426+0800][info] GC(590) Eden regions: 2->0(2)
[2024-10-11T04:32:59.426+0800][info] GC(590) Survivor regions: 1->1(1)
[2024-10-11T04:32:59.426+0800][info] GC(590) Old regions: 51->48
[2024-10-11T04:32:59.426+0800][info] GC(590) Archive regions: 2->2
[2024-10-11T04:32:59.426+0800][info] GC(590) Humongous regions: 3->3
[2024-10-11T04:32:59.426+0800][info] GC(590) Metaspace: 1684K(1856K)->1684K(1856K) NonClass: 1560K(1664K)->1560K(1664K) Class: 124K(192K)->124K(192K)
[2024-10-11T04:32:59.426+0800][info] GC(590) Pause Young (Mixed) (G1 Preventive Collection) 101M->95M(128M) 2.192ms
[2024-10-11T04:32:59.426+0800][info] GC(590) User=0.00s Sys=0.00s Real=0.01s
[2024-10-11T04:32:59.528+0800][info] GC(591) Pause Young (Mixed) (G1 Evacuation Pause)
[2024-10-11T04:32:59.528+0800][info] GC(591) Using 3 workers of 48 for evacuation
[2024-10-11T04:32:59.530+0800][info] GC(591)   Pre Evacuate Collection Set: 0.2ms
[2024-10-11T04:32:59.530+0800][info] GC(591)   Merge Heap Roots: 0.1ms
[2024-10-11T04:32:59.530+0800][info] GC(591)   Evacuate Collection Set: 1.7ms
[2024-10-11T04:32:59.531+0800][info] GC(591)   Post Evacuate Collection Set: 0.2ms
[2024-10-11T04:32:59.531+0800][info] GC(591)   Other: 0.1ms
[2024-10-11T04:32:59.531+0800][info] GC(591) Eden regions: 2->0(2)
[2024-10-11T04:32:59.531+0800][info] GC(591) Survivor regions: 1->1(1)
[2024-10-11T04:32:59.531+0800][info] GC(591) Old regions: 48->47
[2024-10-11T04:32:59.531+0800][info] GC(591) Archive regions: 2->2
[2024-10-11T04:32:59.531+0800][info] GC(591) Humongous regions: 3->3
[2024-10-11T04:32:59.531+0800][info] GC(591) Metaspace: 1684K(1856K)->1684K(1856K) NonClass: 1560K(1664K)->1560K(1664K) Class: 124K(192K)->124K(192K)
[2024-10-11T04:32:59.531+0800][info] GC(591) Pause Young (Mixed) (G1 Evacuation Pause) 98M->93M(128M) 2.398ms
[2024-10-11T04:32:59.531+0800][info] GC(591) User=0.00s Sys=0.00s Real=0.00s
[2024-10-11T04:32:59.633+0800][info] GC(592) Pause Young (Mixed) (G1 Evacuation Pause)
[2024-10-11T04:32:59.633+0800][info] GC(592) Using 3 workers of 48 for evacuation
[2024-10-11T04:32:59.635+0800][info] GC(592)   Pre Evacuate Collection Set: 0.1ms
[2024-10-11T04:32:59.635+0800][info] GC(592)   Merge Heap Roots: 0.1ms
[2024-10-11T04:32:59.636+0800][info] GC(592)   Evacuate Collection Set: 1.9ms
[2024-10-11T04:32:59.636+0800][info] GC(592)   Post Evacuate Collection Set: 0.2ms
[2024-10-11T04:32:59.636+0800][info] GC(592)   Other: 0.2ms
[2024-10-11T04:32:59.636+0800][info] GC(592) Eden regions: 2->0(2)
[2024-10-11T04:32:59.636+0800][info] GC(592) Survivor regions: 1->1(1)
[2024-10-11T04:32:59.636+0800][info] GC(592) Old regions: 47->46
[2024-10-11T04:32:59.636+0800][info] GC(592) Archive regions: 2->2
[2024-10-11T04:32:59.636+0800][info] GC(592) Humongous regions: 3->3
[2024-10-11T04:32:59.636+0800][info] GC(592) Metaspace: 1684K(1856K)->1684K(1856K) NonClass: 1560K(1664K)->1560K(1664K) Class: 124K(192K)->124K(192K)
[2024-10-11T04:32:59.636+0800][info] GC(592) Pause Young (Mixed) (G1 Evacuation Pause) 97M->93M(128M) 2.593ms
[2024-10-11T04:32:59.636+0800][info] GC(592) User=0.01s Sys=0.00s Real=0.01s
[2024-10-11T04:32:59.738+0800][info] GC(593) Pause Young (Mixed) (G1 Evacuation Pause)
[2024-10-11T04:32:59.738+0800][info] GC(593) Using 3 workers of 48 for evacuation
[2024-10-11T04:32:59.740+0800][info] GC(593)   Pre Evacuate Collection Set: 0.2ms
[2024-10-11T04:32:59.740+0800][info] GC(593)   Merge Heap Roots: 0.1ms
[2024-10-11T04:32:59.740+0800][info] GC(593)   Evacuate Collection Set: 1.3ms
[2024-10-11T04:32:59.740+0800][info] GC(593)   Post Evacuate Collection Set: 0.2ms
[2024-10-11T04:32:59.740+0800][info] GC(593)   Other: 0.1ms
[2024-10-11T04:32:59.740+0800][info] GC(593) Eden regions: 2->0(2)
[2024-10-11T04:32:59.740+0800][info] GC(593) Survivor regions: 1->1(1)
[2024-10-11T04:32:59.740+0800][info] GC(593) Old regions: 46->47
[2024-10-11T04:32:59.740+0800][info] GC(593) Archive regions: 2->2
[2024-10-11T04:32:59.740+0800][info] GC(593) Humongous regions: 3->3
[2024-10-11T04:32:59.740+0800][info] GC(593) Metaspace: 1684K(1856K)->1684K(1856K) NonClass: 1560K(1664K)->1560K(1664K) Class: 124K(192K)->124K(192K)
[2024-10-11T04:32:59.740+0800][info] GC(593) Pause Young (Mixed) (G1 Evacuation Pause) 97M->97M(128M) 1.985ms
[2024-10-11T04:32:59.740+0800][info] GC(593) User=0.00s Sys=0.00s Real=0.00s
[2024-10-11T04:32:59.842+0800][info] GC(594) Pause Young (Normal) (G1 Evacuation Pause)
[2024-10-11T04:32:59.842+0800][info] GC(594) Using 3 workers of 48 for evacuation
[2024-10-11T04:32:59.843+0800][info] GC(594)   Pre Evacuate Collection Set: 0.1ms
[2024-10-11T04:32:59.843+0800][info] GC(594)   Merge Heap Roots: 0.0ms
[2024-10-11T04:32:59.843+0800][info] GC(594)   Evacuate Collection Set: 0.7ms
[2024-10-11T04:32:59.843+0800][info] GC(594)   Post Evacuate Collection Set: 0.2ms
[2024-10-11T04:32:59.843+0800][info] GC(594)   Other: 0.2ms
[2024-10-11T04:32:59.843+0800][info] GC(594) Eden regions: 2->0(2)
[2024-10-11T04:32:59.843+0800][info] GC(594) Survivor regions: 1->1(1)
[2024-10-11T04:32:59.843+0800][info] GC(594) Old regions: 47->49
[2024-10-11T04:32:59.843+0800][info] GC(594) Archive regions: 2->2
[2024-10-11T04:32:59.843+0800][info] GC(594) Humongous regions: 3->3
[2024-10-11T04:32:59.843+0800][info] GC(594) Metaspace: 1684K(1856K)->1684K(1856K) NonClass: 1560K(1664K)->1560K(1664K) Class: 124K(192K)->124K(192K)
[2024-10-11T04:32:59.843+0800][info] GC(594) Pause Young (Normal) (G1 Evacuation Pause) 100M->100M(128M) 1.289ms
[2024-10-11T04:32:59.843+0800][info] GC(594) User=0.00s Sys=0.00s Real=0.00s
[2024-10-11T04:32:59.945+0800][info] GC(595) Pause Young (Concurrent Start) (G1 Evacuation Pause)
[2024-10-11T04:32:59.945+0800][info] GC(595) Using 3 workers of 48 for evacuation
[2024-10-11T04:32:59.947+0800][info] GC(595)   Pre Evacuate Collection Set: 0.1ms
[2024-10-11T04:32:59.947+0800][info] GC(595)   Merge Heap Roots: 0.0ms
[2024-10-11T04:32:59.947+0800][info] GC(595)   Evacuate Collection Set: 0.7ms
[2024-10-11T04:32:59.947+0800][info] GC(595)   Post Evacuate Collection Set: 0.2ms
[2024-10-11T04:32:59.947+0800][info] GC(595)   Other: 0.3ms
[2024-10-11T04:32:59.947+0800][info] GC(595) Eden regions: 2->0(2)
[2024-10-11T04:32:59.947+0800][info] GC(595) Survivor regions: 1->1(1)
[2024-10-11T04:32:59.947+0800][info] GC(595) Old regions: 49->51
[2024-10-11T04:32:59.947+0800][info] GC(595) Archive regions: 2->2
[2024-10-11T04:32:59.947+0800][info] GC(595) Humongous regions: 3->3
[2024-10-11T04:32:59.947+0800][info] GC(595) Metaspace: 1684K(1856K)->1684K(1856K) NonClass: 1560K(1664K)->1560K(1664K) Class: 124K(192K)->124K(192K)
[2024-10-11T04:32:59.947+0800][info] GC(595) Pause Young (Concurrent Start) (G1 Evacuation Pause) 103M->104M(128M) 1.534ms
[2024-10-11T04:32:59.947+0800][info] GC(595) User=0.00s Sys=0.00s Real=0.00s
[2024-10-11T04:32:59.947+0800][info] GC(596) Concurrent Mark Cycle
[2024-10-11T04:32:59.947+0800][info] GC(596) Concurrent Clear Claimed Marks
[2024-10-11T04:32:59.947+0800][info] GC(596) Concurrent Clear Claimed Marks 0.017ms
[2024-10-11T04:32:59.947+0800][info] GC(596) Concurrent Scan Root Regions
[2024-10-11T04:32:59.947+0800][info] GC(596) Concurrent Scan Root Regions 0.095ms
[2024-10-11T04:32:59.947+0800][info] GC(596) Concurrent Mark
[2024-10-11T04:32:59.947+0800][info] GC(596) Concurrent Mark From Roots
[2024-10-11T04:32:59.947+0800][info] GC(596) Using 12 workers of 12 for marking
[2024-10-11T04:32:59.952+0800][info] GC(596) Concurrent Mark From Roots 4.452ms
[2024-10-11T04:32:59.952+0800][info] GC(596) Concurrent Preclean
[2024-10-11T04:32:59.953+0800][info] GC(596) Concurrent Preclean 1.726ms
[2024-10-11T04:32:59.953+0800][info] GC(596) Pause Remark
[2024-10-11T04:32:59.955+0800][info] GC(596) Pause Remark 104M->104M(128M) 1.285ms
[2024-10-11T04:32:59.955+0800][info] GC(596) User=0.01s Sys=0.00s Real=0.00s
[2024-10-11T04:32:59.955+0800][info] GC(596) Concurrent Mark 7.694ms
[2024-10-11T04:32:59.955+0800][info] GC(596) Concurrent Rebuild Remembered Sets
[2024-10-11T04:32:59.956+0800][info] GC(596) Concurrent Rebuild Remembered Sets 1.417ms
[2024-10-11T04:32:59.956+0800][info] GC(596) Pause Cleanup
[2024-10-11T04:32:59.957+0800][info] GC(596) Pause Cleanup 104M->104M(128M) 0.260ms
[2024-10-11T04:32:59.957+0800][info] GC(596) User=0.00s Sys=0.00s Real=0.00s
[2024-10-11T04:32:59.957+0800][info] GC(596) Concurrent Cleanup for Next Mark
[2024-10-11T04:32:59.957+0800][info] GC(596) Concurrent Cleanup for Next Mark 0.426ms
[2024-10-11T04:32:59.957+0800][info] GC(596) Concurrent Mark Cycle 10.251ms
[2024-10-11T04:33:00.100+0800][info] GC(597) Pause Young (Prepare Mixed) (G1 Evacuation Pause)
[2024-10-11T04:33:00.100+0800][info] GC(597) Using 3 workers of 48 for evacuation
[2024-10-11T04:33:00.102+0800][info] GC(597)   Pre Evacuate Collection Set: 0.1ms
[2024-10-11T04:33:00.102+0800][info] GC(597)   Merge Heap Roots: 0.1ms
[2024-10-11T04:33:00.102+0800][info] GC(597)   Evacuate Collection Set: 0.9ms
[2024-10-11T04:33:00.102+0800][info] GC(597)   Post Evacuate Collection Set: 0.2ms
[2024-10-11T04:33:00.102+0800][info] GC(597)   Other: 0.2ms
[2024-10-11T04:33:00.102+0800][info] GC(597) Eden regions: 2->0(2)
[2024-10-11T04:33:00.102+0800][info] GC(597) Survivor regions: 1->1(1)
[2024-10-11T04:33:00.102+0800][info] GC(597) Old regions: 51->53
[2024-10-11T04:33:00.102+0800][info] GC(597) Archive regions: 2->2
[2024-10-11T04:33:00.102+0800][info] GC(597) Humongous regions: 3->3
[2024-10-11T04:33:00.102+0800][info] GC(597) Metaspace: 1684K(1856K)->1684K(1856K) NonClass: 1560K(1664K)->1560K(1664K) Class: 124K(192K)->124K(192K)
[2024-10-11T04:33:00.102+0800][info] GC(597) Pause Young (Prepare Mixed) (G1 Evacuation Pause) 107M->108M(128M) 1.558ms
[2024-10-11T04:33:00.102+0800][info] GC(597) User=0.00s Sys=0.00s Real=0.00s
[2024-10-11T04:33:00.163+0800][info] GC(598) Pause Young (Mixed) (G1 Preventive Collection)
[2024-10-11T04:33:00.163+0800][info] GC(598) Using 3 workers of 48 for evacuation
[2024-10-11T04:33:00.165+0800][info] GC(598)   Pre Evacuate Collection Set: 0.2ms
[2024-10-11T04:33:00.165+0800][info] GC(598)   Merge Heap Roots: 0.1ms
[2024-10-11T04:33:00.165+0800][info] GC(598)   Evacuate Collection Set: 1.0ms
[2024-10-11T04:33:00.165+0800][info] GC(598)   Post Evacuate Collection Set: 0.2ms
[2024-10-11T04:33:00.165+0800][info] GC(598)   Other: 0.2ms
[2024-10-11T04:33:00.165+0800][info] GC(598) Eden regions: 1->0(2)
[2024-10-11T04:33:00.165+0800][info] GC(598) Survivor regions: 1->1(1)
[2024-10-11T04:33:00.165+0800][info] GC(598) Old regions: 53->48
[2024-10-11T04:33:00.165+0800][info] GC(598) Archive regions: 2->2
[2024-10-11T04:33:00.165+0800][info] GC(598) Humongous regions: 3->3
[2024-10-11T04:33:00.165+0800][info] GC(598) Metaspace: 1684K(1856K)->1684K(1856K) NonClass: 1560K(1664K)->1560K(1664K) Class: 124K(192K)->124K(192K)
[2024-10-11T04:33:00.165+0800][info] GC(598) Pause Young (Mixed) (G1 Preventive Collection) 110M->100M(128M) 1.762ms
[2024-10-11T04:33:00.165+0800][info] GC(598) User=0.01s Sys=0.00s Real=0.00s
[2024-10-11T04:33:00.268+0800][info] GC(599) Pause Young (Mixed) (G1 Evacuation Pause)
[2024-10-11T04:33:00.268+0800][info] GC(599) Using 3 workers of 48 for evacuation
[2024-10-11T04:33:00.270+0800][info] GC(599)   Pre Evacuate Collection Set: 0.2ms
[2024-10-11T04:33:00.270+0800][info] GC(599)   Merge Heap Roots: 0.1ms
[2024-10-11T04:33:00.270+0800][info] GC(599)   Evacuate Collection Set: 1.6ms
[2024-10-11T04:33:00.270+0800][info] GC(599)   Post Evacuate Collection Set: 0.2ms
[2024-10-11T04:33:00.270+0800][info] GC(599)   Other: 0.1ms
[2024-10-11T04:33:00.270+0800][info] GC(599) Eden regions: 2->0(2)
[2024-10-11T04:33:00.270+0800][info] GC(599) Survivor regions: 1->1(1)
[2024-10-11T04:33:00.270+0800][info] GC(599) Old regions: 48->46
[2024-10-11T04:33:00.270+0800][info] GC(599) Archive regions: 2->2
[2024-10-11T04:33:00.270+0800][info] GC(599) Humongous regions: 3->3
[2024-10-11T04:33:00.270+0800][info] GC(599) Metaspace: 1697K(1856K)->1697K(1856K) NonClass: 1572K(1664K)->1572K(1664K) Class: 124K(192K)->124K(192K)
[2024-10-11T04:33:00.270+0800][info] GC(599) Pause Young (Mixed) (G1 Evacuation Pause) 104M->97M(128M) 2.287ms
[2024-10-11T04:33:00.270+0800][info] GC(599) User=0.01s Sys=0.00s Real=0.00s
[2024-10-11T04:33:00.372+0800][info] GC(600) Pause Young (Mixed) (G1 Evacuation Pause)
[2024-10-11T04:33:00.372+0800][info] GC(600) Using 3 workers of 48 for evacuation
[2024-10-11T04:33:00.374+0800][info] GC(600)   Pre Evacuate Collection Set: 0.2ms
[2024-10-11T04:33:00.374+0800][info] GC(600)   Merge Heap Roots: 0.1ms
[2024-10-11T04:33:00.374+0800][info] GC(600)   Evacuate Collection Set: 1.9ms
[2024-10-11T04:33:00.374+0800][info] GC(600)   Post Evacuate Collection Set: 0.2ms
[2024-10-11T04:33:00.374+0800][info] GC(600)   Other: 0.1ms
[2024-10-11T04:33:00.374+0800][info] GC(600) Eden regions: 2->0(2)
[2024-10-11T04:33:00.374+0800][info] GC(600) Survivor regions: 1->1(1)
[2024-10-11T04:33:00.374+0800][info] GC(600) Old regions: 46->46
[2024-10-11T04:33:00.374+0800][info] GC(600) Archive regions: 2->2
[2024-10-11T04:33:00.374+0800][info] GC(600) Humongous regions: 3->3
[2024-10-11T04:33:00.374+0800][info] GC(600) Metaspace: 1697K(1856K)->1697K(1856K) NonClass: 1572K(1664K)->1572K(1664K) Class: 124K(192K)->124K(192K)
[2024-10-11T04:33:00.374+0800][info] GC(600) Pause Young (Mixed) (G1 Evacuation Pause) 101M->97M(128M) 2.584ms
[2024-10-11T04:33:00.375+0800][info] GC(600) User=0.01s Sys=0.00s Real=0.01s
[2024-10-11T04:33:00.477+0800][info] GC(601) Pause Young (Mixed) (G1 Evacuation Pause)
[2024-10-11T04:33:00.477+0800][info] GC(601) Using 3 workers of 48 for evacuation
[2024-10-11T04:33:00.480+0800][info] GC(601)   Pre Evacuate Collection Set: 0.2ms
[2024-10-11T04:33:00.480+0800][info] GC(601)   Merge Heap Roots: 0.1ms
[2024-10-11T04:33:00.480+0800][info] GC(601)   Evacuate Collection Set: 2.0ms
[2024-10-11T04:33:00.480+0800][info] GC(601)   Post Evacuate Collection Set: 0.2ms
[2024-10-11T04:33:00.480+0800][info] GC(601)   Other: 0.2ms
[2024-10-11T04:33:00.480+0800][info] GC(601) Eden regions: 2->0(2)
[2024-10-11T04:33:00.480+0800][info] GC(601) Survivor regions: 1->1(1)
[2024-10-11T04:33:00.480+0800][info] GC(601) Old regions: 46->46
[2024-10-11T04:33:00.480+0800][info] GC(601) Archive regions: 2->2
[2024-10-11T04:33:00.480+0800][info] GC(601) Humongous regions: 3->3
[2024-10-11T04:33:00.480+0800][info] GC(601) Metaspace: 1697K(1856K)->1697K(1856K) NonClass: 1572K(1664K)->1572K(1664K) Class: 124K(192K)->124K(192K)
[2024-10-11T04:33:00.480+0800][info] GC(601) Pause Young (Mixed) (G1 Evacuation Pause) 101M->97M(128M) 2.794ms
[2024-10-11T04:33:00.480+0800][info] GC(601) User=0.01s Sys=0.00s Real=0.00s
[2024-10-11T04:33:00.582+0800][info] GC(602) Pause Young (Mixed) (G1 Evacuation Pause)
[2024-10-11T04:33:00.582+0800][info] GC(602) Using 3 workers of 48 for evacuation
[2024-10-11T04:33:00.583+0800][info] GC(602)   Pre Evacuate Collection Set: 0.2ms
[2024-10-11T04:33:00.583+0800][info] GC(602)   Merge Heap Roots: 0.1ms
[2024-10-11T04:33:00.583+0800][info] GC(602)   Evacuate Collection Set: 1.0ms
[2024-10-11T04:33:00.583+0800][info] GC(602)   Post Evacuate Collection Set: 0.2ms
[2024-10-11T04:33:00.583+0800][info] GC(602)   Other: 0.1ms
[2024-10-11T04:33:00.583+0800][info] GC(602) Eden regions: 2->0(2)
[2024-10-11T04:33:00.583+0800][info] GC(602) Survivor regions: 1->1(1)
[2024-10-11T04:33:00.583+0800][info] GC(602) Old regions: 46->47
[2024-10-11T04:33:00.583+0800][info] GC(602) Archive regions: 2->2
[2024-10-11T04:33:00.583+0800][info] GC(602) Humongous regions: 3->3
[2024-10-11T04:33:00.584+0800][info] GC(602) Metaspace: 1697K(1856K)->1697K(1856K) NonClass: 1572K(1664K)->1572K(1664K) Class: 124K(192K)->124K(192K)
[2024-10-11T04:33:00.584+0800][info] GC(602) Pause Young (Mixed) (G1 Evacuation Pause) 101M->100M(128M) 1.676ms
[2024-10-11T04:33:00.584+0800][info] GC(602) User=0.00s Sys=0.00s Real=0.00s
[2024-10-11T04:33:00.686+0800][info] GC(603) Pause Young (Normal) (G1 Evacuation Pause)
[2024-10-11T04:33:00.686+0800][info] GC(603) Using 3 workers of 48 for evacuation
[2024-10-11T04:33:00.687+0800][info] GC(603)   Pre Evacuate Collection Set: 0.1ms
[2024-10-11T04:33:00.687+0800][info] GC(603)   Merge Heap Roots: 0.0ms
[2024-10-11T04:33:00.687+0800][info] GC(603)   Evacuate Collection Set: 0.7ms
[2024-10-11T04:33:00.687+0800][info] GC(603)   Post Evacuate Collection Set: 0.2ms
[2024-10-11T04:33:00.687+0800][info] GC(603)   Other: 0.2ms
[2024-10-11T04:33:00.687+0800][info] GC(603) Eden regions: 2->0(2)
[2024-10-11T04:33:00.687+0800][info] GC(603) Survivor regions: 1->1(1)
[2024-10-11T04:33:00.687+0800][info] GC(603) Old regions: 47->49
[2024-10-11T04:33:00.687+0800][info] GC(603) Archive regions: 2->2
[2024-10-11T04:33:00.687+0800][info] GC(603) Humongous regions: 3->3
[2024-10-11T04:33:00.687+0800][info] GC(603) Metaspace: 1697K(1856K)->1697K(1856K) NonClass: 1572K(1664K)->1572K(1664K) Class: 124K(192K)->124K(192K)
[2024-10-11T04:33:00.687+0800][info] GC(603) Pause Young (Normal) (G1 Evacuation Pause) 104M->104M(128M) 1.368ms
[2024-10-11T04:33:00.687+0800][info] GC(603) User=0.01s Sys=0.00s Real=0.00s
[2024-10-11T04:33:00.789+0800][info] GC(604) Pause Young (Normal) (G1 Evacuation Pause)
[2024-10-11T04:33:00.789+0800][info] GC(604) Using 3 workers of 48 for evacuation
[2024-10-11T04:33:00.790+0800][info] GC(604)   Pre Evacuate Collection Set: 0.1ms
[2024-10-11T04:33:00.790+0800][info] GC(604)   Merge Heap Roots: 0.0ms
[2024-10-11T04:33:00.790+0800][info] GC(604)   Evacuate Collection Set: 0.6ms
[2024-10-11T04:33:00.790+0800][info] GC(604)   Post Evacuate Collection Set: 0.2ms
[2024-10-11T04:33:00.790+0800][info] GC(604)   Other: 0.2ms
[2024-10-11T04:33:00.790+0800][info] GC(604) Eden regions: 2->0(2)
[2024-10-11T04:33:00.790+0800][info] GC(604) Survivor regions: 1->1(1)
[2024-10-11T04:33:00.790+0800][info] GC(604) Old regions: 49->51
[2024-10-11T04:33:00.790+0800][info] GC(604) Archive regions: 2->2
[2024-10-11T04:33:00.790+0800][info] GC(604) Humongous regions: 3->3
[2024-10-11T04:33:00.790+0800][info] GC(604) Metaspace: 1697K(1856K)->1697K(1856K) NonClass: 1572K(1664K)->1572K(1664K) Class: 124K(192K)->124K(192K)
[2024-10-11T04:33:00.791+0800][info] GC(604) Pause Young (Normal) (G1 Evacuation Pause) 108M->108M(128M) 1.230ms
[2024-10-11T04:33:00.791+0800][info] GC(604) User=0.00s Sys=0.00s Real=0.00s
[2024-10-11T04:33:00.893+0800][info] GC(605) Pause Young (Concurrent Start) (G1 Evacuation Pause)
[2024-10-11T04:33:00.893+0800][info] GC(605) Using 3 workers of 48 for evacuation
[2024-10-11T04:33:00.894+0800][info] GC(605)   Pre Evacuate Collection Set: 0.1ms
[2024-10-11T04:33:00.894+0800][info] GC(605)   Merge Heap Roots: 0.1ms
[2024-10-11T04:33:00.894+0800][info] GC(605)   Evacuate Collection Set: 0.7ms
[2024-10-11T04:33:00.894+0800][info] GC(605)   Post Evacuate Collection Set: 0.2ms
[2024-10-11T04:33:00.894+0800][info] GC(605)   Other: 0.4ms
[2024-10-11T04:33:00.894+0800][info] GC(605) Eden regions: 2->0(2)
[2024-10-11T04:33:00.894+0800][info] GC(605) Survivor regions: 1->1(1)
[2024-10-11T04:33:00.894+0800][info] GC(605) Old regions: 51->53
[2024-10-11T04:33:00.894+0800][info] GC(605) Archive regions: 2->2
[2024-10-11T04:33:00.894+0800][info] GC(605) Humongous regions: 3->3
[2024-10-11T04:33:00.894+0800][info] GC(605) Metaspace: 1697K(1856K)->1697K(1856K) NonClass: 1572K(1664K)->1572K(1664K) Class: 124K(192K)->124K(192K)
[2024-10-11T04:33:00.894+0800][info] GC(605) Pause Young (Concurrent Start) (G1 Evacuation Pause) 111M->112M(128M) 1.510ms
[2024-10-11T04:33:00.894+0800][info] GC(605) User=0.01s Sys=0.00s Real=0.01s
[2024-10-11T04:33:00.894+0800][info] GC(606) Concurrent Mark Cycle
[2024-10-11T04:33:00.895+0800][info] GC(606) Concurrent Clear Claimed Marks
[2024-10-11T04:33:00.895+0800][info] GC(606) Concurrent Clear Claimed Marks 0.017ms
[2024-10-11T04:33:00.895+0800][info] GC(606) Concurrent Scan Root Regions
[2024-10-11T04:33:00.895+0800][info] GC(606) Concurrent Scan Root Regions 0.094ms
[2024-10-11T04:33:00.895+0800][info] GC(606) Concurrent Mark
[2024-10-11T04:33:00.895+0800][info] GC(606) Concurrent Mark From Roots
[2024-10-11T04:33:00.895+0800][info] GC(606) Using 12 workers of 12 for marking
[2024-10-11T04:33:00.899+0800][info] GC(606) Concurrent Mark From Roots 4.127ms
[2024-10-11T04:33:00.899+0800][info] GC(606) Concurrent Preclean
[2024-10-11T04:33:00.901+0800][info] GC(606) Concurrent Preclean 1.678ms
[2024-10-11T04:33:00.901+0800][info] GC(606) Pause Remark
[2024-10-11T04:33:00.902+0800][info] GC(606) Pause Remark 112M->112M(128M) 1.486ms
[2024-10-11T04:33:00.902+0800][info] GC(606) User=0.00s Sys=0.00s Real=0.00s
[2024-10-11T04:33:00.902+0800][info] GC(606) Concurrent Mark 7.605ms
[2024-10-11T04:33:00.902+0800][info] GC(606) Concurrent Rebuild Remembered Sets
[2024-10-11T04:33:00.904+0800][info] GC(606) Concurrent Rebuild Remembered Sets 1.373ms
[2024-10-11T04:33:00.904+0800][info] GC(606) Pause Cleanup
[2024-10-11T04:33:00.904+0800][info] GC(606) Pause Cleanup 112M->112M(128M) 0.168ms
[2024-10-11T04:33:00.904+0800][info] GC(606) User=0.00s Sys=0.00s Real=0.00s
[2024-10-11T04:33:00.904+0800][info] GC(606) Concurrent Cleanup for Next Mark
[2024-10-11T04:33:00.904+0800][info] GC(606) Concurrent Cleanup for Next Mark 0.464ms
[2024-10-11T04:33:00.904+0800][info] GC(606) Concurrent Mark Cycle 9.993ms
[2024-10-11T04:33:01.047+0800][info] GC(607) Pause Young (Prepare Mixed) (G1 Preventive Collection)
[2024-10-11T04:33:01.047+0800][info] GC(607) Using 3 workers of 48 for evacuation
[2024-10-11T04:33:01.049+0800][info] GC(607)   Pre Evacuate Collection Set: 0.1ms
[2024-10-11T04:33:01.049+0800][info] GC(607)   Merge Heap Roots: 0.1ms
[2024-10-11T04:33:01.049+0800][info] GC(607)   Evacuate Collection Set: 0.8ms
[2024-10-11T04:33:01.049+0800][info] GC(607)   Post Evacuate Collection Set: 0.2ms
[2024-10-11T04:33:01.049+0800][info] GC(607)   Other: 0.2ms
[2024-10-11T04:33:01.049+0800][info] GC(607) Eden regions: 2->0(2)
[2024-10-11T04:33:01.049+0800][info] GC(607) Survivor regions: 1->1(1)
[2024-10-11T04:33:01.049+0800][info] GC(607) Old regions: 53->55
[2024-10-11T04:33:01.049+0800][info] GC(607) Archive regions: 2->2
[2024-10-11T04:33:01.049+0800][info] GC(607) Humongous regions: 3->3
[2024-10-11T04:33:01.049+0800][info] GC(607) Metaspace: 1697K(1856K)->1697K(1856K) NonClass: 1572K(1664K)->1572K(1664K) Class: 124K(192K)->124K(192K)
[2024-10-11T04:33:01.049+0800][info] GC(607) Pause Young (Prepare Mixed) (G1 Preventive Collection) 115M->115M(128M) 1.487ms
[2024-10-11T04:33:01.049+0800][info] GC(607) User=0.01s Sys=0.00s Real=0.00s
[2024-10-11T04:33:01.110+0800][info] GC(608) Pause Young (Mixed) (G1 Preventive Collection)
[2024-10-11T04:33:01.110+0800][info] GC(608) Using 3 workers of 48 for evacuation
[2024-10-11T04:33:01.111+0800][info] GC(608) To-space exhausted
[2024-10-11T04:33:01.111+0800][info] GC(608)   Pre Evacuate Collection Set: 0.2ms
[2024-10-11T04:33:01.111+0800][info] GC(608)   Merge Heap Roots: 0.1ms
[2024-10-11T04:33:01.111+0800][info] GC(608)   Evacuate Collection Set: 0.7ms
[2024-10-11T04:33:01.111+0800][info] GC(608)   Post Evacuate Collection Set: 0.2ms
[2024-10-11T04:33:01.111+0800][info] GC(608)   Other: 0.2ms
[2024-10-11T04:33:01.111+0800][info] GC(608) Eden regions: 1->0(2)
[2024-10-11T04:33:01.111+0800][info] GC(608) Survivor regions: 1->1(1)
[2024-10-11T04:33:01.111+0800][info] GC(608) Old regions: 55->55
[2024-10-11T04:33:01.112+0800][info] GC(608) Archive regions: 2->2
[2024-10-11T04:33:01.112+0800][info] GC(608) Humongous regions: 3->3
[2024-10-11T04:33:01.112+0800][info] GC(608) Metaspace: 1697K(1856K)->1697K(1856K) NonClass: 1572K(1664K)->1572K(1664K) Class: 124K(192K)->124K(192K)
[2024-10-11T04:33:01.112+0800][info] GC(608) Pause Young (Mixed) (G1 Preventive Collection) 117M->116M(128M) 1.409ms
[2024-10-11T04:33:01.112+0800][info] GC(608) User=0.00s Sys=0.00s Real=0.00s
[2024-10-11T04:33:01.132+0800][info] GC(609) Pause Young (Mixed) (G1 Preventive Collection)
[2024-10-11T04:33:01.132+0800][info] GC(609) Using 3 workers of 48 for evacuation
[2024-10-11T04:33:01.134+0800][info] GC(609) To-space exhausted
[2024-10-11T04:33:01.134+0800][info] GC(609)   Pre Evacuate Collection Set: 0.1ms
[2024-10-11T04:33:01.134+0800][info] GC(609)   Merge Heap Roots: 0.1ms
[2024-10-11T04:33:01.134+0800][info] GC(609)   Evacuate Collection Set: 0.9ms
[2024-10-11T04:33:01.134+0800][info] GC(609)   Post Evacuate Collection Set: 0.3ms
[2024-10-11T04:33:01.134+0800][info] GC(609)   Other: 0.2ms
[2024-10-11T04:33:01.134+0800][info] GC(609) Eden regions: 1->0(2)
[2024-10-11T04:33:01.134+0800][info] GC(609) Survivor regions: 1->1(1)
[2024-10-11T04:33:01.134+0800][info] GC(609) Old regions: 55->57
[2024-10-11T04:33:01.134+0800][info] GC(609) Archive regions: 2->2
[2024-10-11T04:33:01.134+0800][info] GC(609) Humongous regions: 3->3
[2024-10-11T04:33:01.134+0800][info] GC(609) Metaspace: 1697K(1856K)->1697K(1856K) NonClass: 1572K(1664K)->1572K(1664K) Class: 124K(192K)->124K(192K)
[2024-10-11T04:33:01.134+0800][info] GC(609) Pause Young (Mixed) (G1 Preventive Collection) 118M->120M(128M) 1.663ms
[2024-10-11T04:33:01.134+0800][info] GC(609) User=0.01s Sys=0.00s Real=0.01s
[2024-10-11T04:33:01.134+0800][info] GC(610) Pause Young (Mixed) (G1 Evacuation Pause)
[2024-10-11T04:33:01.134+0800][info] GC(610) Using 3 workers of 48 for evacuation
[2024-10-11T04:33:01.136+0800][info] GC(610) To-space exhausted
[2024-10-11T04:33:01.136+0800][info] GC(610)   Pre Evacuate Collection Set: 0.1ms
[2024-10-11T04:33:01.136+0800][info] GC(610)   Merge Heap Roots: 0.1ms
[2024-10-11T04:33:01.136+0800][info] GC(610)   Evacuate Collection Set: 0.7ms
[2024-10-11T04:33:01.136+0800][info] GC(610)   Post Evacuate Collection Set: 0.8ms
[2024-10-11T04:33:01.136+0800][info] GC(610)   Other: 0.1ms
[2024-10-11T04:33:01.136+0800][info] GC(610) Eden regions: 0->0(3)
[2024-10-11T04:33:01.136+0800][info] GC(610) Survivor regions: 1->0(0)
[2024-10-11T04:33:01.136+0800][info] GC(610) Old regions: 57->58
[2024-10-11T04:33:01.136+0800][info] GC(610) Archive regions: 2->2
[2024-10-11T04:33:01.136+0800][info] GC(610) Humongous regions: 4->3
[2024-10-11T04:33:01.136+0800][info] GC(610) Metaspace: 1697K(1856K)->1697K(1856K) NonClass: 1572K(1664K)->1572K(1664K) Class: 124K(192K)->124K(192K)
[2024-10-11T04:33:01.136+0800][info] GC(610) Pause Young (Mixed) (G1 Evacuation Pause) 122M->120M(128M) 1.874ms
[2024-10-11T04:33:01.136+0800][info] GC(610) User=0.00s Sys=0.00s Real=0.00s
[2024-10-11T04:33:01.198+0800][info] GC(611) Pause Young (Mixed) (G1 Evacuation Pause)
[2024-10-11T04:33:01.198+0800][info] GC(611) Using 3 workers of 48 for evacuation
[2024-10-11T04:33:01.200+0800][info] GC(611) To-space exhausted
[2024-10-11T04:33:01.200+0800][info] GC(611)   Pre Evacuate Collection Set: 0.2ms
[2024-10-11T04:33:01.200+0800][info] GC(611)   Merge Heap Roots: 0.1ms
[2024-10-11T04:33:01.200+0800][info] GC(611)   Evacuate Collection Set: 0.6ms
[2024-10-11T04:33:01.200+0800][info] GC(611)   Post Evacuate Collection Set: 0.7ms
[2024-10-11T04:33:01.200+0800][info] GC(611)   Other: 0.2ms
[2024-10-11T04:33:01.200+0800][info] GC(611) Eden regions: 1->0(3)
[2024-10-11T04:33:01.200+0800][info] GC(611) Survivor regions: 0->0(0)
[2024-10-11T04:33:01.200+0800][info] GC(611) Old regions: 58->59
[2024-10-11T04:33:01.200+0800][info] GC(611) Archive regions: 2->2
[2024-10-11T04:33:01.200+0800][info] GC(611) Humongous regions: 3->3
[2024-10-11T04:33:01.200+0800][info] GC(611) Metaspace: 1697K(1856K)->1697K(1856K) NonClass: 1572K(1664K)->1572K(1664K) Class: 124K(192K)->124K(192K)
[2024-10-11T04:33:01.200+0800][info] GC(611) Pause Young (Mixed) (G1 Evacuation Pause) 121M->121M(128M) 1.840ms
[2024-10-11T04:33:01.200+0800][info] GC(611) User=0.01s Sys=0.00s Real=0.00s
[2024-10-11T04:33:01.200+0800][info] Attempting full compaction
[2024-10-11T04:33:01.200+0800][info] GC(612) Using 3 workers of 48 for full compaction
[2024-10-11T04:33:01.200+0800][info] GC(612) Pause Full (G1 Compaction Pause)
[2024-10-11T04:33:01.200+0800][info] GC(612) Phase 1: Mark live objects
[2024-10-11T04:33:01.203+0800][info] GC(612) Phase 1: Mark live objects 3.219ms
[2024-10-11T04:33:01.203+0800][info] GC(612) Phase 2: Prepare for compaction
[2024-10-11T04:33:01.204+0800][info] GC(612) Phase 2: Prepare for compaction 0.593ms
[2024-10-11T04:33:01.204+0800][info] GC(612) Phase 3: Adjust pointers
[2024-10-11T04:33:01.206+0800][info] GC(612) Phase 3: Adjust pointers 1.726ms
[2024-10-11T04:33:01.206+0800][info] GC(612) Phase 4: Compact heap
[2024-10-11T04:33:01.218+0800][info] GC(612) Phase 4: Compact heap 11.994ms
[2024-10-11T04:33:01.219+0800][info] GC(612) Eden regions: 0->0(4)
[2024-10-11T04:33:01.219+0800][info] GC(612) Survivor regions: 0->0(0)
[2024-10-11T04:33:01.219+0800][info] GC(612) Old regions: 59->37
[2024-10-11T04:33:01.219+0800][info] GC(612) Archive regions: 2->2
[2024-10-11T04:33:01.219+0800][info] GC(612) Humongous regions: 3->3
[2024-10-11T04:33:01.219+0800][info] GC(612) Metaspace: 1697K(1856K)->1697K(1856K) NonClass: 1572K(1664K)->1572K(1664K) Class: 124K(192K)->124K(192K)
[2024-10-11T04:33:01.219+0800][info] GC(612) Pause Full (G1 Compaction Pause) 121M->71M(128M) 19.298ms
[2024-10-11T04:33:01.219+0800][info] GC(612) User=0.04s Sys=0.00s Real=0.02s
[2024-10-11T04:33:01.445+0800][info] GC(613) Pause Young (Normal) (G1 Evacuation Pause)
[2024-10-11T04:33:01.445+0800][info] GC(613) Using 3 workers of 48 for evacuation
[2024-10-11T04:33:01.446+0800][info] GC(613)   Pre Evacuate Collection Set: 0.1ms
[2024-10-11T04:33:01.446+0800][info] GC(613)   Merge Heap Roots: 0.1ms
[2024-10-11T04:33:01.446+0800][info] GC(613)   Evacuate Collection Set: 1.2ms
[2024-10-11T04:33:01.446+0800][info] GC(613)   Post Evacuate Collection Set: 0.2ms
[2024-10-11T04:33:01.446+0800][info] GC(613)   Other: 0.2ms
[2024-10-11T04:33:01.446+0800][info] GC(613) Eden regions: 4->0(3)
[2024-10-11T04:33:01.446+0800][info] GC(613) Survivor regions: 0->1(1)
[2024-10-11T04:33:01.446+0800][info] GC(613) Old regions: 37->40
[2024-10-11T04:33:01.446+0800][info] GC(613) Archive regions: 2->2
[2024-10-11T04:33:01.446+0800][info] GC(613) Humongous regions: 3->3
[2024-10-11T04:33:01.446+0800][info] GC(613) Metaspace: 1697K(1856K)->1697K(1856K) NonClass: 1572K(1664K)->1572K(1664K) Class: 124K(192K)->124K(192K)
[2024-10-11T04:33:01.447+0800][info] GC(613) Pause Young (Normal) (G1 Evacuation Pause) 79M->79M(128M) 1.881ms
[2024-10-11T04:33:01.447+0800][info] GC(613) User=0.00s Sys=0.00s Real=0.01s
[2024-10-11T04:33:01.610+0800][info] GC(614) Pause Young (Normal) (G1 Evacuation Pause)
[2024-10-11T04:33:01.610+0800][info] GC(614) Using 3 workers of 48 for evacuation
[2024-10-11T04:33:01.611+0800][info] GC(614)   Pre Evacuate Collection Set: 0.1ms
[2024-10-11T04:33:01.611+0800][info] GC(614)   Merge Heap Roots: 0.0ms
[2024-10-11T04:33:01.611+0800][info] GC(614)   Evacuate Collection Set: 1.0ms
[2024-10-11T04:33:01.612+0800][info] GC(614)   Post Evacuate Collection Set: 0.2ms
[2024-10-11T04:33:01.612+0800][info] GC(614)   Other: 0.2ms
[2024-10-11T04:33:01.612+0800][info] GC(614) Eden regions: 3->0(2)
[2024-10-11T04:33:01.612+0800][info] GC(614) Survivor regions: 1->1(1)
[2024-10-11T04:33:01.612+0800][info] GC(614) Old regions: 40->43
[2024-10-11T04:33:01.612+0800][info] GC(614) Archive regions: 2->2
[2024-10-11T04:33:01.612+0800][info] GC(614) Humongous regions: 3->3
[2024-10-11T04:33:01.612+0800][info] GC(614) Metaspace: 1697K(1856K)->1697K(1856K) NonClass: 1572K(1664K)->1572K(1664K) Class: 124K(192K)->124K(192K)
[2024-10-11T04:33:01.612+0800][info] GC(614) Pause Young (Normal) (G1 Evacuation Pause) 85M->85M(128M) 1.636ms
[2024-10-11T04:33:01.612+0800][info] GC(614) User=0.00s Sys=0.00s Real=0.00s
[2024-10-11T04:33:01.714+0800][info] GC(615) Pause Young (Normal) (G1 Evacuation Pause)
[2024-10-11T04:33:01.714+0800][info] GC(615) Using 3 workers of 48 for evacuation
[2024-10-11T04:33:01.715+0800][info] GC(615)   Pre Evacuate Collection Set: 0.1ms
[2024-10-11T04:33:01.715+0800][info] GC(615)   Merge Heap Roots: 0.0ms
[2024-10-11T04:33:01.715+0800][info] GC(615)   Evacuate Collection Set: 0.8ms
[2024-10-11T04:33:01.715+0800][info] GC(615)   Post Evacuate Collection Set: 0.2ms
[2024-10-11T04:33:01.715+0800][info] GC(615)   Other: 0.2ms
[2024-10-11T04:33:01.715+0800][info] GC(615) Eden regions: 2->0(2)
[2024-10-11T04:33:01.715+0800][info] GC(615) Survivor regions: 1->1(1)
[2024-10-11T04:33:01.715+0800][info] GC(615) Old regions: 43->46
[2024-10-11T04:33:01.715+0800][info] GC(615) Archive regions: 2->2
[2024-10-11T04:33:01.715+0800][info] GC(615) Humongous regions: 3->3
[2024-10-11T04:33:01.715+0800][info] GC(615) Metaspace: 1697K(1856K)->1697K(1856K) NonClass: 1572K(1664K)->1572K(1664K) Class: 124K(192K)->124K(192K)
[2024-10-11T04:33:01.715+0800][info] GC(615) Pause Young (Normal) (G1 Evacuation Pause) 89M->90M(128M) 1.459ms
[2024-10-11T04:33:01.715+0800][info] GC(615) User=0.00s Sys=0.00s Real=0.00s
[2024-10-11T04:33:01.818+0800][info] GC(616) Pause Young (Normal) (G1 Evacuation Pause)
[2024-10-11T04:33:01.818+0800][info] GC(616) Using 3 workers of 48 for evacuation
[2024-10-11T04:33:01.819+0800][info] GC(616)   Pre Evacuate Collection Set: 0.1ms
[2024-10-11T04:33:01.819+0800][info] GC(616)   Merge Heap Roots: 0.0ms
[2024-10-11T04:33:01.819+0800][info] GC(616)   Evacuate Collection Set: 0.7ms
[2024-10-11T04:33:01.819+0800][info] GC(616)   Post Evacuate Collection Set: 0.2ms
[2024-10-11T04:33:01.819+0800][info] GC(616)   Other: 0.2ms
[2024-10-11T04:33:01.819+0800][info] GC(616) Eden regions: 2->0(2)
[2024-10-11T04:33:01.819+0800][info] GC(616) Survivor regions: 1->1(1)
[2024-10-11T04:33:01.819+0800][info] GC(616) Old regions: 46->47
[2024-10-11T04:33:01.819+0800][info] GC(616) Archive regions: 2->2
[2024-10-11T04:33:01.819+0800][info] GC(616) Humongous regions: 3->3
[2024-10-11T04:33:01.819+0800][info] GC(616) Metaspace: 1697K(1856K)->1697K(1856K) NonClass: 1572K(1664K)->1572K(1664K) Class: 124K(192K)->124K(192K)
[2024-10-11T04:33:01.819+0800][info] GC(616) Pause Young (Normal) (G1 Evacuation Pause) 93M->93M(128M) 1.326ms
[2024-10-11T04:33:01.819+0800][info] GC(616) User=0.00s Sys=0.00s Real=0.00s
[2024-10-11T04:33:01.921+0800][info] GC(617) Pause Young (Concurrent Start) (G1 Evacuation Pause)
[2024-10-11T04:33:01.921+0800][info] GC(617) Using 3 workers of 48 for evacuation
[2024-10-11T04:33:01.922+0800][info] GC(617)   Pre Evacuate Collection Set: 0.1ms
[2024-10-11T04:33:01.922+0800][info] GC(617)   Merge Heap Roots: 0.0ms
[2024-10-11T04:33:01.922+0800][info] GC(617)   Evacuate Collection Set: 0.8ms
[2024-10-11T04:33:01.922+0800][info] GC(617)   Post Evacuate Collection Set: 0.2ms
[2024-10-11T04:33:01.922+0800][info] GC(617)   Other: 0.3ms
[2024-10-11T04:33:01.922+0800][info] GC(617) Eden regions: 2->0(2)
[2024-10-11T04:33:01.922+0800][info] GC(617) Survivor regions: 1->1(1)
[2024-10-11T04:33:01.922+0800][info] GC(617) Old regions: 47->50
[2024-10-11T04:33:01.922+0800][info] GC(617) Archive regions: 2->2
[2024-10-11T04:33:01.922+0800][info] GC(617) Humongous regions: 3->3
[2024-10-11T04:33:01.922+0800][info] GC(617) Metaspace: 1697K(1856K)->1697K(1856K) NonClass: 1572K(1664K)->1572K(1664K) Class: 124K(192K)->124K(192K)
[2024-10-11T04:33:01.922+0800][info] GC(617) Pause Young (Concurrent Start) (G1 Evacuation Pause) 96M->98M(128M) 1.540ms
[2024-10-11T04:33:01.922+0800][info] GC(617) User=0.00s Sys=0.00s Real=0.00s
[2024-10-11T04:33:01.923+0800][info] GC(618) Concurrent Mark Cycle
[2024-10-11T04:33:01.923+0800][info] GC(618) Concurrent Clear Claimed Marks
[2024-10-11T04:33:01.923+0800][info] GC(618) Concurrent Clear Claimed Marks 0.017ms
[2024-10-11T04:33:01.923+0800][info] GC(618) Concurrent Scan Root Regions
[2024-10-11T04:33:01.923+0800][info] GC(618) Concurrent Scan Root Regions 0.152ms
[2024-10-11T04:33:01.923+0800][info] GC(618) Concurrent Mark
[2024-10-11T04:33:01.923+0800][info] GC(618) Concurrent Mark From Roots
[2024-10-11T04:33:01.923+0800][info] GC(618) Using 12 workers of 12 for marking
[2024-10-11T04:33:01.927+0800][info] GC(618) Concurrent Mark From Roots 4.480ms
[2024-10-11T04:33:01.927+0800][info] GC(618) Concurrent Preclean
[2024-10-11T04:33:01.929+0800][info] GC(618) Concurrent Preclean 1.677ms
[2024-10-11T04:33:01.929+0800][info] GC(618) Pause Remark
[2024-10-11T04:33:01.931+0800][info] GC(618) Pause Remark 98M->98M(128M) 1.395ms
[2024-10-11T04:33:01.931+0800][info] GC(618) User=0.00s Sys=0.00s Real=0.00s
[2024-10-11T04:33:01.931+0800][info] GC(618) Concurrent Mark 7.794ms
[2024-10-11T04:33:01.931+0800][info] GC(618) Concurrent Rebuild Remembered Sets
[2024-10-11T04:33:01.932+0800][info] GC(618) Concurrent Rebuild Remembered Sets 1.358ms
[2024-10-11T04:33:01.932+0800][info] GC(618) Pause Cleanup
[2024-10-11T04:33:01.932+0800][info] GC(618) Pause Cleanup 98M->98M(128M) 0.203ms
[2024-10-11T04:33:01.932+0800][info] GC(618) User=0.00s Sys=0.00s Real=0.00s
[2024-10-11T04:33:01.932+0800][info] GC(618) Concurrent Cleanup for Next Mark
[2024-10-11T04:33:01.933+0800][info] GC(618) Concurrent Cleanup for Next Mark 0.383ms
[2024-10-11T04:33:01.933+0800][info] GC(618) Concurrent Mark Cycle 10.252ms
[2024-10-11T04:33:02.076+0800][info] GC(619) Pause Young (Prepare Mixed) (G1 Evacuation Pause)
[2024-10-11T04:33:02.076+0800][info] GC(619) Using 3 workers of 48 for evacuation
[2024-10-11T04:33:02.077+0800][info] GC(619)   Pre Evacuate Collection Set: 0.1ms
[2024-10-11T04:33:02.077+0800][info] GC(619)   Merge Heap Roots: 0.1ms
[2024-10-11T04:33:02.077+0800][info] GC(619)   Evacuate Collection Set: 0.8ms
[2024-10-11T04:33:02.077+0800][info] GC(619)   Post Evacuate Collection Set: 0.2ms
[2024-10-11T04:33:02.077+0800][info] GC(619)   Other: 0.2ms
[2024-10-11T04:33:02.077+0800][info] GC(619) Eden regions: 2->0(2)
[2024-10-11T04:33:02.077+0800][info] GC(619) Survivor regions: 1->1(1)
[2024-10-11T04:33:02.077+0800][info] GC(619) Old regions: 50->52
[2024-10-11T04:33:02.077+0800][info] GC(619) Archive regions: 2->2
[2024-10-11T04:33:02.077+0800][info] GC(619) Humongous regions: 3->3
[2024-10-11T04:33:02.077+0800][info] GC(619) Metaspace: 1697K(1856K)->1697K(1856K) NonClass: 1572K(1664K)->1572K(1664K) Class: 124K(192K)->124K(192K)
[2024-10-11T04:33:02.077+0800][info] GC(619) Pause Young (Prepare Mixed) (G1 Evacuation Pause) 101M->102M(128M) 1.477ms
[2024-10-11T04:33:02.077+0800][info] GC(619) User=0.00s Sys=0.00s Real=0.00s
[2024-10-11T04:33:02.179+0800][info] GC(620) Pause Young (Mixed) (G1 Preventive Collection)
[2024-10-11T04:33:02.179+0800][info] GC(620) Using 3 workers of 48 for evacuation
[2024-10-11T04:33:02.181+0800][info] GC(620)   Pre Evacuate Collection Set: 0.2ms
[2024-10-11T04:33:02.181+0800][info] GC(620)   Merge Heap Roots: 0.1ms
[2024-10-11T04:33:02.181+0800][info] GC(620)   Evacuate Collection Set: 1.4ms
[2024-10-11T04:33:02.181+0800][info] GC(620)   Post Evacuate Collection Set: 0.2ms
[2024-10-11T04:33:02.181+0800][info] GC(620)   Other: 0.2ms
[2024-10-11T04:33:02.181+0800][info] GC(620) Eden regions: 2->0(2)
[2024-10-11T04:33:02.181+0800][info] GC(620) Survivor regions: 1->1(1)
[2024-10-11T04:33:02.181+0800][info] GC(620) Old regions: 52->48
[2024-10-11T04:33:02.181+0800][info] GC(620) Archive regions: 2->2
[2024-10-11T04:33:02.181+0800][info] GC(620) Humongous regions: 3->3
[2024-10-11T04:33:02.181+0800][info] GC(620) Metaspace: 1697K(1856K)->1697K(1856K) NonClass: 1572K(1664K)->1572K(1664K) Class: 124K(192K)->124K(192K)
[2024-10-11T04:33:02.181+0800][info] GC(620) Pause Young (Mixed) (G1 Preventive Collection) 105M->96M(128M) 2.131ms
[2024-10-11T04:33:02.181+0800][info] GC(620) User=0.00s Sys=0.00s Real=0.00s
[2024-10-11T04:33:02.284+0800][info] GC(621) Pause Young (Mixed) (G1 Evacuation Pause)
[2024-10-11T04:33:02.284+0800][info] GC(621) Using 3 workers of 48 for evacuation
[2024-10-11T04:33:02.286+0800][info] GC(621)   Pre Evacuate Collection Set: 0.2ms
[2024-10-11T04:33:02.286+0800][info] GC(621)   Merge Heap Roots: 0.1ms
[2024-10-11T04:33:02.286+0800][info] GC(621)   Evacuate Collection Set: 1.8ms
[2024-10-11T04:33:02.286+0800][info] GC(621)   Post Evacuate Collection Set: 0.2ms
[2024-10-11T04:33:02.286+0800][info] GC(621)   Other: 0.1ms
[2024-10-11T04:33:02.286+0800][info] GC(621) Eden regions: 2->0(2)
[2024-10-11T04:33:02.286+0800][info] GC(621) Survivor regions: 1->1(1)
[2024-10-11T04:33:02.286+0800][info] GC(621) Old regions: 48->47
[2024-10-11T04:33:02.286+0800][info] GC(621) Archive regions: 2->2
[2024-10-11T04:33:02.286+0800][info] GC(621) Humongous regions: 3->3
[2024-10-11T04:33:02.286+0800][info] GC(621) Metaspace: 1697K(1856K)->1697K(1856K) NonClass: 1572K(1664K)->1572K(1664K) Class: 124K(192K)->124K(192K)
[2024-10-11T04:33:02.286+0800][info] GC(621) Pause Young (Mixed) (G1 Evacuation Pause) 100M->95M(128M) 2.499ms
[2024-10-11T04:33:02.286+0800][info] GC(621) User=0.01s Sys=0.00s Real=0.01s
[2024-10-11T04:33:02.388+0800][info] GC(622) Pause Young (Mixed) (G1 Evacuation Pause)
[2024-10-11T04:33:02.388+0800][info] GC(622) Using 3 workers of 48 for evacuation
[2024-10-11T04:33:02.391+0800][info] GC(622)   Pre Evacuate Collection Set: 0.2ms
[2024-10-11T04:33:02.391+0800][info] GC(622)   Merge Heap Roots: 0.1ms
[2024-10-11T04:33:02.391+0800][info] GC(622)   Evacuate Collection Set: 2.3ms
[2024-10-11T04:33:02.391+0800][info] GC(622)   Post Evacuate Collection Set: 0.2ms
[2024-10-11T04:33:02.391+0800][info] GC(622)   Other: 0.1ms
[2024-10-11T04:33:02.391+0800][info] GC(622) Eden regions: 2->0(2)
[2024-10-11T04:33:02.391+0800][info] GC(622) Survivor regions: 1->1(1)
[2024-10-11T04:33:02.391+0800][info] GC(622) Old regions: 47->46
[2024-10-11T04:33:02.391+0800][info] GC(622) Archive regions: 2->2
[2024-10-11T04:33:02.391+0800][info] GC(622) Humongous regions: 3->3
[2024-10-11T04:33:02.391+0800][info] GC(622) Metaspace: 1697K(1856K)->1697K(1856K) NonClass: 1572K(1664K)->1572K(1664K) Class: 124K(192K)->124K(192K)
[2024-10-11T04:33:02.391+0800][info] GC(622) Pause Young (Mixed) (G1 Evacuation Pause) 98M->95M(128M) 3.037ms
[2024-10-11T04:33:02.391+0800][info] GC(622) User=0.01s Sys=0.00s Real=0.00s
[2024-10-11T04:33:02.494+0800][info] GC(623) Pause Young (Mixed) (G1 Evacuation Pause)
[2024-10-11T04:33:02.494+0800][info] GC(623) Using 3 workers of 48 for evacuation
[2024-10-11T04:33:02.496+0800][info] GC(623)   Pre Evacuate Collection Set: 0.2ms
[2024-10-11T04:33:02.496+0800][info] GC(623)   Merge Heap Roots: 0.1ms
[2024-10-11T04:33:02.496+0800][info] GC(623)   Evacuate Collection Set: 1.7ms
[2024-10-11T04:33:02.496+0800][info] GC(623)   Post Evacuate Collection Set: 0.2ms
[2024-10-11T04:33:02.496+0800][info] GC(623)   Other: 0.1ms
[2024-10-11T04:33:02.496+0800][info] GC(623) Eden regions: 2->0(2)
[2024-10-11T04:33:02.496+0800][info] GC(623) Survivor regions: 1->1(1)
[2024-10-11T04:33:02.496+0800][info] GC(623) Old regions: 46->46
[2024-10-11T04:33:02.496+0800][info] GC(623) Archive regions: 2->2
[2024-10-11T04:33:02.496+0800][info] GC(623) Humongous regions: 3->3
[2024-10-11T04:33:02.496+0800][info] GC(623) Metaspace: 1697K(1856K)->1697K(1856K) NonClass: 1572K(1664K)->1572K(1664K) Class: 124K(192K)->124K(192K)
[2024-10-11T04:33:02.496+0800][info] GC(623) Pause Young (Mixed) (G1 Evacuation Pause) 99M->96M(128M) 2.392ms
[2024-10-11T04:33:02.496+0800][info] GC(623) User=0.00s Sys=0.00s Real=0.00s
[2024-10-11T04:33:02.598+0800][info] GC(624) Pause Young (Normal) (G1 Evacuation Pause)
[2024-10-11T04:33:02.598+0800][info] GC(624) Using 3 workers of 48 for evacuation
[2024-10-11T04:33:02.599+0800][info] GC(624)   Pre Evacuate Collection Set: 0.1ms
[2024-10-11T04:33:02.599+0800][info] GC(624)   Merge Heap Roots: 0.1ms
[2024-10-11T04:33:02.599+0800][info] GC(624)   Evacuate Collection Set: 0.7ms
[2024-10-11T04:33:02.599+0800][info] GC(624)   Post Evacuate Collection Set: 0.2ms
[2024-10-11T04:33:02.599+0800][info] GC(624)   Other: 0.2ms
[2024-10-11T04:33:02.599+0800][info] GC(624) Eden regions: 2->0(2)
[2024-10-11T04:33:02.599+0800][info] GC(624) Survivor regions: 1->1(1)
[2024-10-11T04:33:02.599+0800][info] GC(624) Old regions: 46->48
[2024-10-11T04:33:02.599+0800][info] GC(624) Archive regions: 2->2
[2024-10-11T04:33:02.599+0800][info] GC(624) Humongous regions: 3->3
[2024-10-11T04:33:02.599+0800][info] GC(624) Metaspace: 1697K(1856K)->1697K(1856K) NonClass: 1572K(1664K)->1572K(1664K) Class: 124K(192K)->124K(192K)
[2024-10-11T04:33:02.599+0800][info] GC(624) Pause Young (Normal) (G1 Evacuation Pause) 99M->100M(128M) 1.325ms
[2024-10-11T04:33:02.599+0800][info] GC(624) User=0.01s Sys=0.00s Real=0.00s
[2024-10-11T04:33:02.702+0800][info] GC(625) Pause Young (Normal) (G1 Evacuation Pause)
[2024-10-11T04:33:02.702+0800][info] GC(625) Using 3 workers of 48 for evacuation
[2024-10-11T04:33:02.703+0800][info] GC(625)   Pre Evacuate Collection Set: 0.1ms
[2024-10-11T04:33:02.703+0800][info] GC(625)   Merge Heap Roots: 0.0ms
[2024-10-11T04:33:02.703+0800][info] GC(625)   Evacuate Collection Set: 0.8ms
[2024-10-11T04:33:02.703+0800][info] GC(625)   Post Evacuate Collection Set: 0.2ms
[2024-10-11T04:33:02.703+0800][info] GC(625)   Other: 0.2ms
[2024-10-11T04:33:02.703+0800][info] GC(625) Eden regions: 2->0(2)
[2024-10-11T04:33:02.703+0800][info] GC(625) Survivor regions: 1->1(1)
[2024-10-11T04:33:02.703+0800][info] GC(625) Old regions: 48->50
[2024-10-11T04:33:02.703+0800][info] GC(625) Archive regions: 2->2
[2024-10-11T04:33:02.703+0800][info] GC(625) Humongous regions: 3->3
[2024-10-11T04:33:02.703+0800][info] GC(625) Metaspace: 1697K(1856K)->1697K(1856K) NonClass: 1572K(1664K)->1572K(1664K) Class: 124K(192K)->124K(192K)
[2024-10-11T04:33:02.703+0800][info] GC(625) Pause Young (Normal) (G1 Evacuation Pause) 103M->104M(128M) 1.502ms
[2024-10-11T04:33:02.703+0800][info] GC(625) User=0.00s Sys=0.00s Real=0.00s
[2024-10-11T04:33:02.805+0800][info] GC(626) Pause Young (Concurrent Start) (G1 Evacuation Pause)
[2024-10-11T04:33:02.805+0800][info] GC(626) Using 3 workers of 48 for evacuation
[2024-10-11T04:33:02.807+0800][info] GC(626)   Pre Evacuate Collection Set: 0.1ms
[2024-10-11T04:33:02.807+0800][info] GC(626)   Merge Heap Roots: 0.0ms
[2024-10-11T04:33:02.807+0800][info] GC(626)   Evacuate Collection Set: 0.8ms
[2024-10-11T04:33:02.807+0800][info] GC(626)   Post Evacuate Collection Set: 0.2ms
[2024-10-11T04:33:02.807+0800][info] GC(626)   Other: 0.3ms
[2024-10-11T04:33:02.807+0800][info] GC(626) Eden regions: 2->0(2)
[2024-10-11T04:33:02.807+0800][info] GC(626) Survivor regions: 1->1(1)
[2024-10-11T04:33:02.807+0800][info] GC(626) Old regions: 50->52
[2024-10-11T04:33:02.807+0800][info] GC(626) Archive regions: 2->2
[2024-10-11T04:33:02.807+0800][info] GC(626) Humongous regions: 3->3
[2024-10-11T04:33:02.807+0800][info] GC(626) Metaspace: 1697K(1856K)->1697K(1856K) NonClass: 1572K(1664K)->1572K(1664K) Class: 124K(192K)->124K(192K)
[2024-10-11T04:33:02.807+0800][info] GC(626) Pause Young (Concurrent Start) (G1 Evacuation Pause) 107M->108M(128M) 1.498ms
[2024-10-11T04:33:02.807+0800][info] GC(626) User=0.01s Sys=0.00s Real=0.00s
[2024-10-11T04:33:02.807+0800][info] GC(627) Concurrent Mark Cycle
[2024-10-11T04:33:02.807+0800][info] GC(627) Concurrent Clear Claimed Marks
[2024-10-11T04:33:02.807+0800][info] GC(627) Concurrent Clear Claimed Marks 0.017ms
[2024-10-11T04:33:02.807+0800][info] GC(627) Concurrent Scan Root Regions
[2024-10-11T04:33:02.807+0800][info] GC(627) Concurrent Scan Root Regions 0.090ms
[2024-10-11T04:33:02.807+0800][info] GC(627) Concurrent Mark
[2024-10-11T04:33:02.807+0800][info] GC(627) Concurrent Mark From Roots
[2024-10-11T04:33:02.807+0800][info] GC(627) Using 12 workers of 12 for marking
[2024-10-11T04:33:02.811+0800][info] GC(627) Concurrent Mark From Roots 4.179ms
[2024-10-11T04:33:02.811+0800][info] GC(627) Concurrent Preclean
[2024-10-11T04:33:02.813+0800][info] GC(627) Concurrent Preclean 1.690ms
[2024-10-11T04:33:02.813+0800][info] GC(627) Pause Remark
[2024-10-11T04:33:02.815+0800][info] GC(627) Pause Remark 109M->109M(128M) 1.398ms
[2024-10-11T04:33:02.815+0800][info] GC(627) User=0.01s Sys=0.00s Real=0.00s
[2024-10-11T04:33:02.815+0800][info] GC(627) Concurrent Mark 7.494ms
[2024-10-11T04:33:02.815+0800][info] GC(627) Concurrent Rebuild Remembered Sets
[2024-10-11T04:33:02.816+0800][info] GC(627) Concurrent Rebuild Remembered Sets 1.407ms
[2024-10-11T04:33:02.816+0800][info] GC(627) Pause Cleanup
[2024-10-11T04:33:02.817+0800][info] GC(627) Pause Cleanup 109M->109M(128M) 0.256ms
[2024-10-11T04:33:02.817+0800][info] GC(627) User=0.00s Sys=0.00s Real=0.00s
[2024-10-11T04:33:02.817+0800][info] GC(627) Concurrent Cleanup for Next Mark
[2024-10-11T04:33:02.817+0800][info] GC(627) Concurrent Cleanup for Next Mark 0.453ms
[2024-10-11T04:33:02.817+0800][info] GC(627) Concurrent Mark Cycle 10.058ms
[2024-10-11T04:33:02.961+0800][info] GC(628) Pause Young (Prepare Mixed) (G1 Preventive Collection)
[2024-10-11T04:33:02.961+0800][info] GC(628) Using 3 workers of 48 for evacuation
[2024-10-11T04:33:02.963+0800][info] GC(628)   Pre Evacuate Collection Set: 0.1ms
[2024-10-11T04:33:02.963+0800][info] GC(628)   Merge Heap Roots: 0.1ms
[2024-10-11T04:33:02.963+0800][info] GC(628)   Evacuate Collection Set: 1.3ms
[2024-10-11T04:33:02.963+0800][info] GC(628)   Post Evacuate Collection Set: 0.7ms
[2024-10-11T04:33:02.963+0800][info] GC(628)   Other: 0.4ms
[2024-10-11T04:33:02.963+0800][info] GC(628) Eden regions: 2->0(2)
[2024-10-11T04:33:02.963+0800][info] GC(628) Survivor regions: 1->1(1)
[2024-10-11T04:33:02.963+0800][info] GC(628) Old regions: 52->54
[2024-10-11T04:33:02.963+0800][info] GC(628) Archive regions: 2->2
[2024-10-11T04:33:02.963+0800][info] GC(628) Humongous regions: 3->3
[2024-10-11T04:33:02.963+0800][info] GC(628) Metaspace: 1697K(1856K)->1697K(1856K) NonClass: 1572K(1664K)->1572K(1664K) Class: 124K(192K)->124K(192K)
[2024-10-11T04:33:02.963+0800][info] GC(628) Pause Young (Prepare Mixed) (G1 Preventive Collection) 112M->112M(128M) 2.744ms
[2024-10-11T04:33:02.963+0800][info] GC(628) User=0.01s Sys=0.00s Real=0.00s
[2024-10-11T04:33:03.026+0800][info] GC(629) Pause Young (Mixed) (G1 Preventive Collection)
[2024-10-11T04:33:03.026+0800][info] GC(629) Using 3 workers of 48 for evacuation
[2024-10-11T04:33:03.028+0800][info] GC(629) To-space exhausted
[2024-10-11T04:33:03.028+0800][info] GC(629)   Pre Evacuate Collection Set: 0.2ms
[2024-10-11T04:33:03.028+0800][info] GC(629)   Merge Heap Roots: 0.1ms
[2024-10-11T04:33:03.028+0800][info] GC(629)   Evacuate Collection Set: 1.3ms
[2024-10-11T04:33:03.028+0800][info] GC(629)   Post Evacuate Collection Set: 0.3ms
[2024-10-11T04:33:03.028+0800][info] GC(629)   Other: 0.3ms
[2024-10-11T04:33:03.028+0800][info] GC(629) Eden regions: 1->0(2)
[2024-10-11T04:33:03.028+0800][info] GC(629) Survivor regions: 1->1(1)
[2024-10-11T04:33:03.028+0800][info] GC(629) Old regions: 54->51
[2024-10-11T04:33:03.028+0800][info] GC(629) Archive regions: 2->2
[2024-10-11T04:33:03.028+0800][info] GC(629) Humongous regions: 3->3
[2024-10-11T04:33:03.028+0800][info] GC(629) Metaspace: 1697K(1856K)->1697K(1856K) NonClass: 1572K(1664K)->1572K(1664K) Class: 124K(192K)->124K(192K)
[2024-10-11T04:33:03.028+0800][info] GC(629) Pause Young (Mixed) (G1 Preventive Collection) 113M->108M(128M) 2.220ms
[2024-10-11T04:33:03.028+0800][info] GC(629) User=0.00s Sys=0.01s Real=0.00s
[2024-10-11T04:33:03.130+0800][info] GC(630) Pause Young (Mixed) (G1 Preventive Collection)
[2024-10-11T04:33:03.130+0800][info] GC(630) Using 3 workers of 48 for evacuation
[2024-10-11T04:33:03.132+0800][info] GC(630) To-space exhausted
[2024-10-11T04:33:03.132+0800][info] GC(630)   Pre Evacuate Collection Set: 0.2ms
[2024-10-11T04:33:03.132+0800][info] GC(630)   Merge Heap Roots: 0.1ms
[2024-10-11T04:33:03.132+0800][info] GC(630)   Evacuate Collection Set: 1.5ms
[2024-10-11T04:33:03.132+0800][info] GC(630)   Post Evacuate Collection Set: 0.3ms
[2024-10-11T04:33:03.132+0800][info] GC(630)   Other: 0.2ms
[2024-10-11T04:33:03.132+0800][info] GC(630) Eden regions: 2->0(2)
[2024-10-11T04:33:03.132+0800][info] GC(630) Survivor regions: 1->1(1)
[2024-10-11T04:33:03.132+0800][info] GC(630) Old regions: 51->52
[2024-10-11T04:33:03.132+0800][info] GC(630) Archive regions: 2->2
[2024-10-11T04:33:03.132+0800][info] GC(630) Humongous regions: 3->3
[2024-10-11T04:33:03.132+0800][info] GC(630) Metaspace: 1697K(1856K)->1697K(1856K) NonClass: 1572K(1664K)->1572K(1664K) Class: 124K(192K)->124K(192K)
[2024-10-11T04:33:03.132+0800][info] GC(630) Pause Young (Mixed) (G1 Preventive Collection) 111M->110M(128M) 2.268ms
[2024-10-11T04:33:03.133+0800][info] GC(630) User=0.00s Sys=0.00s Real=0.00s
[2024-10-11T04:33:03.195+0800][info] GC(631) Pause Young (Mixed) (G1 Preventive Collection)
[2024-10-11T04:33:03.195+0800][info] GC(631) Using 3 workers of 48 for evacuation
[2024-10-11T04:33:03.197+0800][info] GC(631) To-space exhausted
[2024-10-11T04:33:03.197+0800][info] GC(631)   Pre Evacuate Collection Set: 0.2ms
[2024-10-11T04:33:03.197+0800][info] GC(631)   Merge Heap Roots: 0.1ms
[2024-10-11T04:33:03.197+0800][info] GC(631)   Evacuate Collection Set: 1.4ms
[2024-10-11T04:33:03.197+0800][info] GC(631)   Post Evacuate Collection Set: 0.3ms
[2024-10-11T04:33:03.197+0800][info] GC(631)   Other: 0.2ms
[2024-10-11T04:33:03.197+0800][info] GC(631) Eden regions: 1->0(2)
[2024-10-11T04:33:03.197+0800][info] GC(631) Survivor regions: 1->1(1)
[2024-10-11T04:33:03.197+0800][info] GC(631) Old regions: 52->55
[2024-10-11T04:33:03.197+0800][info] GC(631) Archive regions: 2->2
[2024-10-11T04:33:03.197+0800][info] GC(631) Humongous regions: 3->3
[2024-10-11T04:33:03.197+0800][info] GC(631) Metaspace: 1697K(1856K)->1697K(1856K) NonClass: 1572K(1664K)->1572K(1664K) Class: 124K(192K)->124K(192K)
[2024-10-11T04:33:03.197+0800][info] GC(631) Pause Young (Mixed) (G1 Preventive Collection) 111M->115M(128M) 2.323ms
[2024-10-11T04:33:03.197+0800][info] GC(631) User=0.01s Sys=0.00s Real=0.00s
[2024-10-11T04:33:03.238+0800][info] GC(632) Pause Young (Mixed) (G1 Preventive Collection)
[2024-10-11T04:33:03.238+0800][info] GC(632) Using 3 workers of 48 for evacuation
[2024-10-11T04:33:03.239+0800][info] GC(632) To-space exhausted
[2024-10-11T04:33:03.239+0800][info] GC(632)   Pre Evacuate Collection Set: 0.2ms
[2024-10-11T04:33:03.240+0800][info] GC(632)   Merge Heap Roots: 0.1ms
[2024-10-11T04:33:03.240+0800][info] GC(632)   Evacuate Collection Set: 0.8ms
[2024-10-11T04:33:03.240+0800][info] GC(632)   Post Evacuate Collection Set: 0.3ms
[2024-10-11T04:33:03.240+0800][info] GC(632)   Other: 0.2ms
[2024-10-11T04:33:03.240+0800][info] GC(632) Eden regions: 1->0(2)
[2024-10-11T04:33:03.240+0800][info] GC(632) Survivor regions: 1->1(1)
[2024-10-11T04:33:03.240+0800][info] GC(632) Old regions: 55->57
[2024-10-11T04:33:03.240+0800][info] GC(632) Archive regions: 2->2
[2024-10-11T04:33:03.240+0800][info] GC(632) Humongous regions: 3->3
[2024-10-11T04:33:03.240+0800][info] GC(632) Metaspace: 1697K(1856K)->1697K(1856K) NonClass: 1572K(1664K)->1572K(1664K) Class: 124K(192K)->124K(192K)
[2024-10-11T04:33:03.240+0800][info] GC(632) Pause Young (Mixed) (G1 Preventive Collection) 117M->119M(128M) 1.624ms
[2024-10-11T04:33:03.240+0800][info] GC(632) User=0.01s Sys=0.00s Real=0.00s
[2024-10-11T04:33:03.301+0800][info] GC(633) Pause Young (Mixed) (G1 Evacuation Pause)
[2024-10-11T04:33:03.301+0800][info] GC(633) Using 3 workers of 48 for evacuation
[2024-10-11T04:33:03.303+0800][info] GC(633) To-space exhausted
[2024-10-11T04:33:03.303+0800][info] GC(633)   Pre Evacuate Collection Set: 0.2ms
[2024-10-11T04:33:03.303+0800][info] GC(633)   Merge Heap Roots: 0.1ms
[2024-10-11T04:33:03.303+0800][info] GC(633)   Evacuate Collection Set: 0.7ms
[2024-10-11T04:33:03.303+0800][info] GC(633)   Post Evacuate Collection Set: 0.8ms
[2024-10-11T04:33:03.303+0800][info] GC(633)   Other: 0.2ms
[2024-10-11T04:33:03.303+0800][info] GC(633) Eden regions: 1->0(3)
[2024-10-11T04:33:03.303+0800][info] GC(633) Survivor regions: 1->0(0)
[2024-10-11T04:33:03.303+0800][info] GC(633) Old regions: 57->59
[2024-10-11T04:33:03.303+0800][info] GC(633) Archive regions: 2->2
[2024-10-11T04:33:03.303+0800][info] GC(633) Humongous regions: 3->3
[2024-10-11T04:33:03.303+0800][info] GC(633) Metaspace: 1697K(1856K)->1697K(1856K) NonClass: 1572K(1664K)->1572K(1664K) Class: 124K(192K)->124K(192K)
[2024-10-11T04:33:03.303+0800][info] GC(633) Pause Young (Mixed) (G1 Evacuation Pause) 121M->121M(128M) 2.004ms
[2024-10-11T04:33:03.303+0800][info] GC(633) User=0.00s Sys=0.00s Real=0.00s
[2024-10-11T04:33:03.303+0800][info] Attempting full compaction
[2024-10-11T04:33:03.303+0800][info] GC(634) Using 3 workers of 48 for full compaction
[2024-10-11T04:33:03.303+0800][info] GC(634) Pause Full (G1 Compaction Pause)
[2024-10-11T04:33:03.303+0800][info] GC(634) Phase 1: Mark live objects
[2024-10-11T04:33:03.307+0800][info] GC(634) Phase 1: Mark live objects 4.478ms
[2024-10-11T04:33:03.308+0800][info] GC(634) Phase 2: Prepare for compaction
[2024-10-11T04:33:03.309+0800][info] GC(634) Phase 2: Prepare for compaction 1.134ms
[2024-10-11T04:33:03.309+0800][info] GC(634) Phase 3: Adjust pointers
[2024-10-11T04:33:03.311+0800][info] GC(634) Phase 3: Adjust pointers 2.075ms
[2024-10-11T04:33:03.311+0800][info] GC(634) Phase 4: Compact heap
[2024-10-11T04:33:03.321+0800][info] GC(634) Phase 4: Compact heap 10.465ms
[2024-10-11T04:33:03.323+0800][info] GC(634) Eden regions: 0->0(3)
[2024-10-11T04:33:03.323+0800][info] GC(634) Survivor regions: 0->0(0)
[2024-10-11T04:33:03.323+0800][info] GC(634) Old regions: 59->39
[2024-10-11T04:33:03.323+0800][info] GC(634) Archive regions: 2->2
[2024-10-11T04:33:03.323+0800][info] GC(634) Humongous regions: 3->3
[2024-10-11T04:33:03.323+0800][info] GC(634) Metaspace: 1697K(1856K)->1697K(1856K) NonClass: 1572K(1664K)->1572K(1664K) Class: 124K(192K)->124K(192K)
[2024-10-11T04:33:03.324+0800][info] GC(634) Pause Full (G1 Compaction Pause) 121M->71M(128M) 20.550ms
[2024-10-11T04:33:03.324+0800][info] GC(634) User=0.05s Sys=0.00s Real=0.02s
[2024-10-11T04:33:03.488+0800][info] GC(635) Pause Young (Normal) (G1 Evacuation Pause)
[2024-10-11T04:33:03.488+0800][info] GC(635) Using 3 workers of 48 for evacuation
[2024-10-11T04:33:03.489+0800][info] GC(635)   Pre Evacuate Collection Set: 0.1ms
[2024-10-11T04:33:03.489+0800][info] GC(635)   Merge Heap Roots: 0.1ms
[2024-10-11T04:33:03.489+0800][info] GC(635)   Evacuate Collection Set: 0.8ms
[2024-10-11T04:33:03.489+0800][info] GC(635)   Post Evacuate Collection Set: 0.2ms
[2024-10-11T04:33:03.489+0800][info] GC(635)   Other: 0.2ms
[2024-10-11T04:33:03.489+0800][info] GC(635) Eden regions: 3->0(2)
[2024-10-11T04:33:03.489+0800][info] GC(635) Survivor regions: 0->1(1)
[2024-10-11T04:33:03.489+0800][info] GC(635) Old regions: 39->42
[2024-10-11T04:33:03.489+0800][info] GC(635) Archive regions: 2->2
[2024-10-11T04:33:03.489+0800][info] GC(635) Humongous regions: 4->4
[2024-10-11T04:33:03.489+0800][info] GC(635) Metaspace: 1697K(1856K)->1697K(1856K) NonClass: 1572K(1664K)->1572K(1664K) Class: 124K(192K)->124K(192K)
[2024-10-11T04:33:03.489+0800][info] GC(635) Pause Young (Normal) (G1 Evacuation Pause) 79M->79M(128M) 1.530ms
[2024-10-11T04:33:03.489+0800][info] GC(635) User=0.00s Sys=0.00s Real=0.00s
[2024-10-11T04:33:03.592+0800][info] GC(636) Pause Young (Normal) (G1 Evacuation Pause)
[2024-10-11T04:33:03.592+0800][info] GC(636) Using 3 workers of 48 for evacuation
[2024-10-11T04:33:03.593+0800][info] GC(636)   Pre Evacuate Collection Set: 0.1ms
[2024-10-11T04:33:03.593+0800][info] GC(636)   Merge Heap Roots: 0.0ms
[2024-10-11T04:33:03.593+0800][info] GC(636)   Evacuate Collection Set: 0.8ms
[2024-10-11T04:33:03.593+0800][info] GC(636)   Post Evacuate Collection Set: 0.2ms
[2024-10-11T04:33:03.593+0800][info] GC(636)   Other: 0.2ms
[2024-10-11T04:33:03.593+0800][info] GC(636) Eden regions: 2->0(2)
[2024-10-11T04:33:03.593+0800][info] GC(636) Survivor regions: 1->1(1)
[2024-10-11T04:33:03.593+0800][info] GC(636) Old regions: 42->44
[2024-10-11T04:33:03.593+0800][info] GC(636) Archive regions: 2->2
[2024-10-11T04:33:03.593+0800][info] GC(636) Humongous regions: 4->4
[2024-10-11T04:33:03.593+0800][info] GC(636) Metaspace: 1697K(1856K)->1697K(1856K) NonClass: 1572K(1664K)->1572K(1664K) Class: 124K(192K)->124K(192K)
[2024-10-11T04:33:03.593+0800][info] GC(636) Pause Young (Normal) (G1 Evacuation Pause) 83M->83M(128M) 1.488ms
[2024-10-11T04:33:03.593+0800][info] GC(636) User=0.00s Sys=0.00s Real=0.00s
[2024-10-11T04:33:03.695+0800][info] GC(637) Pause Young (Normal) (G1 Evacuation Pause)
[2024-10-11T04:33:03.695+0800][info] GC(637) Using 3 workers of 48 for evacuation
[2024-10-11T04:33:03.696+0800][info] GC(637)   Pre Evacuate Collection Set: 0.1ms
[2024-10-11T04:33:03.696+0800][info] GC(637)   Merge Heap Roots: 0.0ms
[2024-10-11T04:33:03.696+0800][info] GC(637)   Evacuate Collection Set: 0.7ms
[2024-10-11T04:33:03.696+0800][info] GC(637)   Post Evacuate Collection Set: 0.2ms
[2024-10-11T04:33:03.696+0800][info] GC(637)   Other: 0.2ms
[2024-10-11T04:33:03.696+0800][info] GC(637) Eden regions: 2->0(2)
[2024-10-11T04:33:03.696+0800][info] GC(637) Survivor regions: 1->1(1)
[2024-10-11T04:33:03.696+0800][info] GC(637) Old regions: 44->46
[2024-10-11T04:33:03.696+0800][info] GC(637) Archive regions: 2->2
[2024-10-11T04:33:03.696+0800][info] GC(637) Humongous regions: 4->4
[2024-10-11T04:33:03.696+0800][info] GC(637) Metaspace: 1697K(1856K)->1697K(1856K) NonClass: 1572K(1664K)->1572K(1664K) Class: 124K(192K)->124K(192K)
[2024-10-11T04:33:03.696+0800][info] GC(637) Pause Young (Normal) (G1 Evacuation Pause) 87M->87M(128M) 1.321ms
[2024-10-11T04:33:03.696+0800][info] GC(637) User=0.00s Sys=0.01s Real=0.00s
[2024-10-11T04:33:03.798+0800][info] GC(638) Pause Young (Concurrent Start) (G1 Evacuation Pause)
[2024-10-11T04:33:03.799+0800][info] GC(638) Using 3 workers of 48 for evacuation
[2024-10-11T04:33:03.801+0800][info] GC(638)   Pre Evacuate Collection Set: 0.1ms
[2024-10-11T04:33:03.801+0800][info] GC(638)   Merge Heap Roots: 0.1ms
[2024-10-11T04:33:03.801+0800][info] GC(638)   Evacuate Collection Set: 1.2ms
[2024-10-11T04:33:03.801+0800][info] GC(638)   Post Evacuate Collection Set: 0.2ms
[2024-10-11T04:33:03.801+0800][info] GC(638)   Other: 1.1ms
[2024-10-11T04:33:03.801+0800][info] GC(638) Eden regions: 2->0(2)
[2024-10-11T04:33:03.801+0800][info] GC(638) Survivor regions: 1->1(1)
[2024-10-11T04:33:03.801+0800][info] GC(638) Old regions: 46->47
[2024-10-11T04:33:03.801+0800][info] GC(638) Archive regions: 2->2
[2024-10-11T04:33:03.801+0800][info] GC(638) Humongous regions: 4->4
[2024-10-11T04:33:03.801+0800][info] GC(638) Metaspace: 1697K(1856K)->1697K(1856K) NonClass: 1572K(1664K)->1572K(1664K) Class: 124K(192K)->124K(192K)
[2024-10-11T04:33:03.801+0800][info] GC(638) Pause Young (Concurrent Start) (G1 Evacuation Pause) 91M->91M(128M) 2.835ms
[2024-10-11T04:33:03.801+0800][info] GC(638) User=0.01s Sys=0.00s Real=0.00s
[2024-10-11T04:33:03.801+0800][info] GC(639) Concurrent Mark Cycle
[2024-10-11T04:33:03.802+0800][info] GC(639) Concurrent Clear Claimed Marks
[2024-10-11T04:33:03.802+0800][info] GC(639) Concurrent Clear Claimed Marks 0.017ms
[2024-10-11T04:33:03.802+0800][info] GC(639) Concurrent Scan Root Regions
[2024-10-11T04:33:03.802+0800][info] GC(639) Concurrent Scan Root Regions 0.097ms
[2024-10-11T04:33:03.802+0800][info] GC(639) Concurrent Mark
[2024-10-11T04:33:03.802+0800][info] GC(639) Concurrent Mark From Roots
[2024-10-11T04:33:03.802+0800][info] GC(639) Using 12 workers of 12 for marking
[2024-10-11T04:33:03.806+0800][info] GC(639) Concurrent Mark From Roots 4.433ms
[2024-10-11T04:33:03.806+0800][info] GC(639) Concurrent Preclean
[2024-10-11T04:33:03.808+0800][info] GC(639) Concurrent Preclean 1.681ms
[2024-10-11T04:33:03.808+0800][info] GC(639) Pause Remark
[2024-10-11T04:33:03.809+0800][info] GC(639) Pause Remark 91M->89M(128M) 1.489ms
[2024-10-11T04:33:03.809+0800][info] GC(639) User=0.01s Sys=0.00s Real=0.00s
[2024-10-11T04:33:03.810+0800][info] GC(639) Concurrent Mark 7.857ms
[2024-10-11T04:33:03.810+0800][info] GC(639) Concurrent Rebuild Remembered Sets
[2024-10-11T04:33:03.811+0800][info] GC(639) Concurrent Rebuild Remembered Sets 1.547ms
[2024-10-11T04:33:03.811+0800][info] GC(639) Pause Cleanup
[2024-10-11T04:33:03.811+0800][info] GC(639) Pause Cleanup 89M->89M(128M) 0.211ms
[2024-10-11T04:33:03.811+0800][info] GC(639) User=0.00s Sys=0.00s Real=0.00s
[2024-10-11T04:33:03.811+0800][info] GC(639) Concurrent Cleanup for Next Mark
[2024-10-11T04:33:03.813+0800][info] GC(639) Concurrent Cleanup for Next Mark 1.068ms
[2024-10-11T04:33:03.813+0800][info] GC(639) Concurrent Mark Cycle 11.109ms
[2024-10-11T04:33:03.954+0800][info] GC(640) Pause Young (Prepare Mixed) (G1 Evacuation Pause)
[2024-10-11T04:33:03.954+0800][info] GC(640) Using 3 workers of 48 for evacuation
[2024-10-11T04:33:03.956+0800][info] GC(640)   Pre Evacuate Collection Set: 0.1ms
[2024-10-11T04:33:03.956+0800][info] GC(640)   Merge Heap Roots: 0.1ms
[2024-10-11T04:33:03.956+0800][info] GC(640)   Evacuate Collection Set: 0.9ms
[2024-10-11T04:33:03.956+0800][info] GC(640)   Post Evacuate Collection Set: 0.2ms
[2024-10-11T04:33:03.956+0800][info] GC(640)   Other: 0.2ms
[2024-10-11T04:33:03.956+0800][info] GC(640) Eden regions: 2->0(2)
[2024-10-11T04:33:03.956+0800][info] GC(640) Survivor regions: 1->1(1)
[2024-10-11T04:33:03.956+0800][info] GC(640) Old regions: 47->49
[2024-10-11T04:33:03.956+0800][info] GC(640) Archive regions: 2->2
[2024-10-11T04:33:03.956+0800][info] GC(640) Humongous regions: 3->3
[2024-10-11T04:33:03.956+0800][info] GC(640) Metaspace: 1697K(1856K)->1697K(1856K) NonClass: 1572K(1664K)->1572K(1664K) Class: 124K(192K)->124K(192K)
[2024-10-11T04:33:03.956+0800][info] GC(640) Pause Young (Prepare Mixed) (G1 Evacuation Pause) 92M->92M(128M) 1.578ms
[2024-10-11T04:33:03.956+0800][info] GC(640) User=0.00s Sys=0.00s Real=0.00s
[2024-10-11T04:33:04.058+0800][info] GC(641) Pause Young (Mixed) (G1 Evacuation Pause)
[2024-10-11T04:33:04.058+0800][info] GC(641) Using 3 workers of 48 for evacuation
[2024-10-11T04:33:04.060+0800][info] GC(641)   Pre Evacuate Collection Set: 0.2ms
[2024-10-11T04:33:04.060+0800][info] GC(641)   Merge Heap Roots: 0.1ms
[2024-10-11T04:33:04.060+0800][info] GC(641)   Evacuate Collection Set: 1.5ms
[2024-10-11T04:33:04.060+0800][info] GC(641)   Post Evacuate Collection Set: 0.2ms
[2024-10-11T04:33:04.060+0800][info] GC(641)   Other: 0.2ms
[2024-10-11T04:33:04.060+0800][info] GC(641) Eden regions: 2->0(2)
[2024-10-11T04:33:04.060+0800][info] GC(641) Survivor regions: 1->1(1)
[2024-10-11T04:33:04.060+0800][info] GC(641) Old regions: 49->47
[2024-10-11T04:33:04.060+0800][info] GC(641) Archive regions: 2->2
[2024-10-11T04:33:04.060+0800][info] GC(641) Humongous regions: 3->3
[2024-10-11T04:33:04.060+0800][info] GC(641) Metaspace: 1697K(1856K)->1697K(1856K) NonClass: 1572K(1664K)->1572K(1664K) Class: 124K(192K)->124K(192K)
[2024-10-11T04:33:04.060+0800][info] GC(641) Pause Young (Mixed) (G1 Evacuation Pause) 96M->93M(128M) 2.159ms
[2024-10-11T04:33:04.060+0800][info] GC(641) User=0.01s Sys=0.00s Real=0.00s
[2024-10-11T04:33:04.162+0800][info] GC(642) Pause Young (Mixed) (G1 Evacuation Pause)
[2024-10-11T04:33:04.162+0800][info] GC(642) Using 3 workers of 48 for evacuation
[2024-10-11T04:33:04.164+0800][info] GC(642)   Pre Evacuate Collection Set: 0.2ms
[2024-10-11T04:33:04.164+0800][info] GC(642)   Merge Heap Roots: 0.1ms
[2024-10-11T04:33:04.164+0800][info] GC(642)   Evacuate Collection Set: 1.5ms
[2024-10-11T04:33:04.164+0800][info] GC(642)   Post Evacuate Collection Set: 0.2ms
[2024-10-11T04:33:04.164+0800][info] GC(642)   Other: 0.1ms
[2024-10-11T04:33:04.164+0800][info] GC(642) Eden regions: 2->0(2)
[2024-10-11T04:33:04.164+0800][info] GC(642) Survivor regions: 1->1(1)
[2024-10-11T04:33:04.164+0800][info] GC(642) Old regions: 47->45
[2024-10-11T04:33:04.164+0800][info] GC(642) Archive regions: 2->2
[2024-10-11T04:33:04.164+0800][info] GC(642) Humongous regions: 3->3
[2024-10-11T04:33:04.164+0800][info] GC(642) Metaspace: 1697K(1856K)->1697K(1856K) NonClass: 1572K(1664K)->1572K(1664K) Class: 124K(192K)->124K(192K)
[2024-10-11T04:33:04.164+0800][info] GC(642) Pause Young (Mixed) (G1 Evacuation Pause) 96M->92M(128M) 2.195ms
[2024-10-11T04:33:04.164+0800][info] GC(642) User=0.01s Sys=0.00s Real=0.00s
[2024-10-11T04:33:04.267+0800][info] GC(643) Pause Young (Mixed) (G1 Evacuation Pause)
[2024-10-11T04:33:04.267+0800][info] GC(643) Using 3 workers of 48 for evacuation
[2024-10-11T04:33:04.269+0800][info] GC(643)   Pre Evacuate Collection Set: 0.2ms
[2024-10-11T04:33:04.269+0800][info] GC(643)   Merge Heap Roots: 0.1ms
[2024-10-11T04:33:04.269+0800][info] GC(643)   Evacuate Collection Set: 2.0ms
[2024-10-11T04:33:04.269+0800][info] GC(643)   Post Evacuate Collection Set: 0.2ms
[2024-10-11T04:33:04.269+0800][info] GC(643)   Other: 0.1ms
[2024-10-11T04:33:04.269+0800][info] GC(643) Eden regions: 2->0(2)
[2024-10-11T04:33:04.269+0800][info] GC(643) Survivor regions: 1->1(1)
[2024-10-11T04:33:04.269+0800][info] GC(643) Old regions: 45->44
[2024-10-11T04:33:04.269+0800][info] GC(643) Archive regions: 2->2
[2024-10-11T04:33:04.269+0800][info] GC(643) Humongous regions: 3->3
[2024-10-11T04:33:04.269+0800][info] GC(643) Metaspace: 1697K(1856K)->1697K(1856K) NonClass: 1572K(1664K)->1572K(1664K) Class: 124K(192K)->124K(192K)
[2024-10-11T04:33:04.269+0800][info] GC(643) Pause Young (Mixed) (G1 Evacuation Pause) 95M->92M(128M) 2.691ms
[2024-10-11T04:33:04.269+0800][info] GC(643) User=0.00s Sys=0.00s Real=0.00s
[2024-10-11T04:33:04.371+0800][info] GC(644) Pause Young (Normal) (G1 Evacuation Pause)
[2024-10-11T04:33:04.371+0800][info] GC(644) Using 3 workers of 48 for evacuation
[2024-10-11T04:33:04.373+0800][info] GC(644)   Pre Evacuate Collection Set: 0.1ms
[2024-10-11T04:33:04.373+0800][info] GC(644)   Merge Heap Roots: 0.0ms
[2024-10-11T04:33:04.373+0800][info] GC(644)   Evacuate Collection Set: 0.9ms
[2024-10-11T04:33:04.373+0800][info] GC(644)   Post Evacuate Collection Set: 0.2ms
[2024-10-11T04:33:04.373+0800][info] GC(644)   Other: 0.2ms
[2024-10-11T04:33:04.373+0800][info] GC(644) Eden regions: 2->0(2)
[2024-10-11T04:33:04.373+0800][info] GC(644) Survivor regions: 1->1(1)
[2024-10-11T04:33:04.373+0800][info] GC(644) Old regions: 44->47
[2024-10-11T04:33:04.373+0800][info] GC(644) Archive regions: 2->2
[2024-10-11T04:33:04.373+0800][info] GC(644) Humongous regions: 3->3
[2024-10-11T04:33:04.373+0800][info] GC(644) Metaspace: 1697K(1856K)->1697K(1856K) NonClass: 1572K(1664K)->1572K(1664K) Class: 124K(192K)->124K(192K)
[2024-10-11T04:33:04.373+0800][info] GC(644) Pause Young (Normal) (G1 Evacuation Pause) 95M->97M(128M) 1.538ms
[2024-10-11T04:33:04.373+0800][info] GC(644) User=0.01s Sys=0.00s Real=0.00s
[2024-10-11T04:33:04.475+0800][info] GC(645) Pause Young (Normal) (G1 Evacuation Pause)
[2024-10-11T04:33:04.475+0800][info] GC(645) Using 3 workers of 48 for evacuation
[2024-10-11T04:33:04.476+0800][info] GC(645)   Pre Evacuate Collection Set: 0.1ms
[2024-10-11T04:33:04.476+0800][info] GC(645)   Merge Heap Roots: 0.0ms
[2024-10-11T04:33:04.476+0800][info] GC(645)   Evacuate Collection Set: 0.7ms
[2024-10-11T04:33:04.476+0800][info] GC(645)   Post Evacuate Collection Set: 0.2ms
[2024-10-11T04:33:04.476+0800][info] GC(645)   Other: 0.2ms
[2024-10-11T04:33:04.476+0800][info] GC(645) Eden regions: 2->0(2)
[2024-10-11T04:33:04.476+0800][info] GC(645) Survivor regions: 1->1(1)
[2024-10-11T04:33:04.476+0800][info] GC(645) Old regions: 47->48
[2024-10-11T04:33:04.476+0800][info] GC(645) Archive regions: 2->2
[2024-10-11T04:33:04.476+0800][info] GC(645) Humongous regions: 3->3
[2024-10-11T04:33:04.476+0800][info] GC(645) Metaspace: 1697K(1856K)->1697K(1856K) NonClass: 1572K(1664K)->1572K(1664K) Class: 124K(192K)->124K(192K)
[2024-10-11T04:33:04.476+0800][info] GC(645) Pause Young (Normal) (G1 Evacuation Pause) 100M->100M(128M) 1.351ms
[2024-10-11T04:33:04.476+0800][info] GC(645) User=0.00s Sys=0.00s Real=0.00s
[2024-10-11T04:33:04.578+0800][info] GC(646) Pause Young (Concurrent Start) (G1 Evacuation Pause)
[2024-10-11T04:33:04.578+0800][info] GC(646) Using 3 workers of 48 for evacuation
[2024-10-11T04:33:04.580+0800][info] GC(646)   Pre Evacuate Collection Set: 0.1ms
[2024-10-11T04:33:04.580+0800][info] GC(646)   Merge Heap Roots: 0.0ms
[2024-10-11T04:33:04.580+0800][info] GC(646)   Evacuate Collection Set: 0.9ms
[2024-10-11T04:33:04.580+0800][info] GC(646)   Post Evacuate Collection Set: 0.2ms
[2024-10-11T04:33:04.580+0800][info] GC(646)   Other: 0.4ms
[2024-10-11T04:33:04.580+0800][info] GC(646) Eden regions: 2->0(2)
[2024-10-11T04:33:04.580+0800][info] GC(646) Survivor regions: 1->1(1)
[2024-10-11T04:33:04.580+0800][info] GC(646) Old regions: 48->50
[2024-10-11T04:33:04.580+0800][info] GC(646) Archive regions: 2->2
[2024-10-11T04:33:04.580+0800][info] GC(646) Humongous regions: 3->3
[2024-10-11T04:33:04.580+0800][info] GC(646) Metaspace: 1697K(1856K)->1697K(1856K) NonClass: 1572K(1664K)->1572K(1664K) Class: 124K(192K)->124K(192K)
[2024-10-11T04:33:04.580+0800][info] GC(646) Pause Young (Concurrent Start) (G1 Evacuation Pause) 104M->104M(128M) 1.688ms
[2024-10-11T04:33:04.580+0800][info] GC(646) User=0.00s Sys=0.00s Real=0.00s
[2024-10-11T04:33:04.580+0800][info] GC(647) Concurrent Mark Cycle
[2024-10-11T04:33:04.580+0800][info] GC(647) Concurrent Clear Claimed Marks
[2024-10-11T04:33:04.580+0800][info] GC(647) Concurrent Clear Claimed Marks 0.017ms
[2024-10-11T04:33:04.580+0800][info] GC(647) Concurrent Scan Root Regions
[2024-10-11T04:33:04.580+0800][info] GC(647) Concurrent Scan Root Regions 0.149ms
[2024-10-11T04:33:04.580+0800][info] GC(647) Concurrent Mark
[2024-10-11T04:33:04.580+0800][info] GC(647) Concurrent Mark From Roots
[2024-10-11T04:33:04.580+0800][info] GC(647) Using 12 workers of 12 for marking
[2024-10-11T04:33:04.586+0800][info] GC(647) Concurrent Mark From Roots 5.919ms
[2024-10-11T04:33:04.586+0800][info] GC(647) Concurrent Preclean
[2024-10-11T04:33:04.588+0800][info] GC(647) Concurrent Preclean 1.673ms
[2024-10-11T04:33:04.588+0800][info] GC(647) Pause Remark
[2024-10-11T04:33:04.590+0800][info] GC(647) Pause Remark 105M->105M(128M) 1.532ms
[2024-10-11T04:33:04.590+0800][info] GC(647) User=0.01s Sys=0.00s Real=0.00s
[2024-10-11T04:33:04.590+0800][info] GC(647) Concurrent Mark 9.440ms
[2024-10-11T04:33:04.590+0800][info] GC(647) Concurrent Rebuild Remembered Sets
[2024-10-11T04:33:04.591+0800][info] GC(647) Concurrent Rebuild Remembered Sets 1.516ms
[2024-10-11T04:33:04.591+0800][info] GC(647) Pause Cleanup
[2024-10-11T04:33:04.592+0800][info] GC(647) Pause Cleanup 105M->105M(128M) 0.180ms
[2024-10-11T04:33:04.592+0800][info] GC(647) User=0.00s Sys=0.00s Real=0.00s
[2024-10-11T04:33:04.592+0800][info] GC(647) Concurrent Cleanup for Next Mark
[2024-10-11T04:33:04.592+0800][info] GC(647) Concurrent Cleanup for Next Mark 0.358ms
[2024-10-11T04:33:04.592+0800][info] GC(647) Concurrent Mark Cycle 11.931ms
[2024-10-11T04:33:04.733+0800][info] GC(648) Pause Young (Prepare Mixed) (G1 Evacuation Pause)
[2024-10-11T04:33:04.733+0800][info] GC(648) Using 3 workers of 48 for evacuation
[2024-10-11T04:33:04.734+0800][info] GC(648)   Pre Evacuate Collection Set: 0.1ms
[2024-10-11T04:33:04.734+0800][info] GC(648)   Merge Heap Roots: 0.1ms
[2024-10-11T04:33:04.734+0800][info] GC(648)   Evacuate Collection Set: 0.7ms
[2024-10-11T04:33:04.734+0800][info] GC(648)   Post Evacuate Collection Set: 0.2ms
[2024-10-11T04:33:04.734+0800][info] GC(648)   Other: 0.2ms
[2024-10-11T04:33:04.734+0800][info] GC(648) Eden regions: 2->0(2)
[2024-10-11T04:33:04.734+0800][info] GC(648) Survivor regions: 1->1(1)
[2024-10-11T04:33:04.734+0800][info] GC(648) Old regions: 50->52
[2024-10-11T04:33:04.734+0800][info] GC(648) Archive regions: 2->2
[2024-10-11T04:33:04.734+0800][info] GC(648) Humongous regions: 3->3
[2024-10-11T04:33:04.735+0800][info] GC(648) Metaspace: 1697K(1856K)->1697K(1856K) NonClass: 1572K(1664K)->1572K(1664K) Class: 124K(192K)->124K(192K)
[2024-10-11T04:33:04.735+0800][info] GC(648) Pause Young (Prepare Mixed) (G1 Evacuation Pause) 108M->108M(128M) 1.395ms
[2024-10-11T04:33:04.735+0800][info] GC(648) User=0.00s Sys=0.00s Real=0.00s
[2024-10-11T04:33:04.836+0800][info] GC(649) Pause Young (Mixed) (G1 Preventive Collection)
[2024-10-11T04:33:04.836+0800][info] GC(649) Using 3 workers of 48 for evacuation
[2024-10-11T04:33:04.838+0800][info] GC(649) To-space exhausted
[2024-10-11T04:33:04.838+0800][info] GC(649)   Pre Evacuate Collection Set: 0.2ms
[2024-10-11T04:33:04.838+0800][info] GC(649)   Merge Heap Roots: 0.0ms
[2024-10-11T04:33:04.838+0800][info] GC(649)   Evacuate Collection Set: 1.0ms
[2024-10-11T04:33:04.838+0800][info] GC(649)   Post Evacuate Collection Set: 0.2ms
[2024-10-11T04:33:04.838+0800][info] GC(649)   Other: 0.2ms
[2024-10-11T04:33:04.838+0800][info] GC(649) Eden regions: 2->0(2)
[2024-10-11T04:33:04.838+0800][info] GC(649) Survivor regions: 1->1(1)
[2024-10-11T04:33:04.838+0800][info] GC(649) Old regions: 52->52
[2024-10-11T04:33:04.838+0800][info] GC(649) Archive regions: 2->2
[2024-10-11T04:33:04.838+0800][info] GC(649) Humongous regions: 3->3
[2024-10-11T04:33:04.838+0800][info] GC(649) Metaspace: 1697K(1856K)->1697K(1856K) NonClass: 1572K(1664K)->1572K(1664K) Class: 124K(192K)->124K(192K)
[2024-10-11T04:33:04.838+0800][info] GC(649) Pause Young (Mixed) (G1 Preventive Collection) 111M->109M(128M) 1.765ms
[2024-10-11T04:33:04.838+0800][info] GC(649) User=0.01s Sys=0.00s Real=0.00s
[2024-10-11T04:33:04.900+0800][info] GC(650) Pause Young (Mixed) (G1 Preventive Collection)
[2024-10-11T04:33:04.900+0800][info] GC(650) Using 3 workers of 48 for evacuation
[2024-10-11T04:33:04.901+0800][info] GC(650) To-space exhausted
[2024-10-11T04:33:04.901+0800][info] GC(650)   Pre Evacuate Collection Set: 0.2ms
[2024-10-11T04:33:04.901+0800][info] GC(650)   Merge Heap Roots: 0.1ms
[2024-10-11T04:33:04.901+0800][info] GC(650)   Evacuate Collection Set: 1.3ms
[2024-10-11T04:33:04.901+0800][info] GC(650)   Post Evacuate Collection Set: 0.2ms
[2024-10-11T04:33:04.902+0800][info] GC(650)   Other: 0.1ms
[2024-10-11T04:33:04.902+0800][info] GC(650) Eden regions: 1->0(2)
[2024-10-11T04:33:04.902+0800][info] GC(650) Survivor regions: 1->1(1)
[2024-10-11T04:33:04.902+0800][info] GC(650) Old regions: 52->54
[2024-10-11T04:33:04.902+0800][info] GC(650) Archive regions: 2->2
[2024-10-11T04:33:04.902+0800][info] GC(650) Humongous regions: 3->3
[2024-10-11T04:33:04.902+0800][info] GC(650) Metaspace: 1697K(1856K)->1697K(1856K) NonClass: 1572K(1664K)->1572K(1664K) Class: 124K(192K)->124K(192K)
[2024-10-11T04:33:04.902+0800][info] GC(650) Pause Young (Mixed) (G1 Preventive Collection) 111M->113M(128M) 2.070ms
[2024-10-11T04:33:04.902+0800][info] GC(650) User=0.00s Sys=0.00s Real=0.00s
[2024-10-11T04:33:04.943+0800][info] GC(651) Pause Young (Mixed) (G1 Preventive Collection)
[2024-10-11T04:33:04.943+0800][info] GC(651) Using 3 workers of 48 for evacuation
[2024-10-11T04:33:04.945+0800][info] GC(651) To-space exhausted
[2024-10-11T04:33:04.945+0800][info] GC(651)   Pre Evacuate Collection Set: 0.2ms
[2024-10-11T04:33:04.945+0800][info] GC(651)   Merge Heap Roots: 0.1ms
[2024-10-11T04:33:04.945+0800][info] GC(651)   Evacuate Collection Set: 1.1ms
[2024-10-11T04:33:04.945+0800][info] GC(651)   Post Evacuate Collection Set: 0.3ms
[2024-10-11T04:33:04.945+0800][info] GC(651)   Other: 0.1ms
[2024-10-11T04:33:04.945+0800][info] GC(651) Eden regions: 1->0(2)
[2024-10-11T04:33:04.945+0800][info] GC(651) Survivor regions: 1->1(1)
[2024-10-11T04:33:04.945+0800][info] GC(651) Old regions: 54->57
[2024-10-11T04:33:04.945+0800][info] GC(651) Archive regions: 2->2
[2024-10-11T04:33:04.945+0800][info] GC(651) Humongous regions: 3->3
[2024-10-11T04:33:04.945+0800][info] GC(651) Metaspace: 1697K(1856K)->1697K(1856K) NonClass: 1572K(1664K)->1572K(1664K) Class: 124K(192K)->124K(192K)
[2024-10-11T04:33:04.945+0800][info] GC(651) Pause Young (Mixed) (G1 Preventive Collection) 115M->119M(128M) 1.883ms
[2024-10-11T04:33:04.945+0800][info] GC(651) User=0.01s Sys=0.00s Real=0.00s
[2024-10-11T04:33:05.006+0800][info] GC(652) Pause Young (Mixed) (G1 Evacuation Pause)
[2024-10-11T04:33:05.006+0800][info] GC(652) Using 3 workers of 48 for evacuation
[2024-10-11T04:33:05.008+0800][info] GC(652) To-space exhausted
[2024-10-11T04:33:05.008+0800][info] GC(652)   Pre Evacuate Collection Set: 0.2ms
[2024-10-11T04:33:05.008+0800][info] GC(652)   Merge Heap Roots: 0.1ms
[2024-10-11T04:33:05.008+0800][info] GC(652)   Evacuate Collection Set: 0.5ms
[2024-10-11T04:33:05.008+0800][info] GC(652)   Post Evacuate Collection Set: 0.7ms
[2024-10-11T04:33:05.008+0800][info] GC(652)   Other: 0.1ms
[2024-10-11T04:33:05.008+0800][info] GC(652) Eden regions: 1->0(3)
[2024-10-11T04:33:05.008+0800][info] GC(652) Survivor regions: 1->0(0)
[2024-10-11T04:33:05.008+0800][info] GC(652) Old regions: 57->59
[2024-10-11T04:33:05.008+0800][info] GC(652) Archive regions: 2->2
[2024-10-11T04:33:05.008+0800][info] GC(652) Humongous regions: 3->3
[2024-10-11T04:33:05.008+0800][info] GC(652) Metaspace: 1697K(1856K)->1697K(1856K) NonClass: 1572K(1664K)->1572K(1664K) Class: 124K(192K)->124K(192K)
[2024-10-11T04:33:05.008+0800][info] GC(652) Pause Young (Mixed) (G1 Evacuation Pause) 121M->121M(128M) 1.724ms
[2024-10-11T04:33:05.008+0800][info] GC(652) User=0.00s Sys=0.00s Real=0.00s
[2024-10-11T04:33:05.008+0800][info] Attempting full compaction
[2024-10-11T04:33:05.008+0800][info] GC(653) Using 3 workers of 48 for full compaction
[2024-10-11T04:33:05.008+0800][info] GC(653) Pause Full (G1 Compaction Pause)
[2024-10-11T04:33:05.008+0800][info] GC(653) Phase 1: Mark live objects
[2024-10-11T04:33:05.011+0800][info] GC(653) Phase 1: Mark live objects 3.265ms
[2024-10-11T04:33:05.011+0800][info] GC(653) Phase 2: Prepare for compaction
[2024-10-11T04:33:05.012+0800][info] GC(653) Phase 2: Prepare for compaction 0.570ms
[2024-10-11T04:33:05.012+0800][info] GC(653) Phase 3: Adjust pointers
[2024-10-11T04:33:05.013+0800][info] GC(653) Phase 3: Adjust pointers 1.685ms
[2024-10-11T04:33:05.013+0800][info] GC(653) Phase 4: Compact heap
[2024-10-11T04:33:05.026+0800][info] GC(653) Phase 4: Compact heap 12.561ms
[2024-10-11T04:33:05.028+0800][info] GC(653) Eden regions: 0->0(3)
[2024-10-11T04:33:05.028+0800][info] GC(653) Survivor regions: 0->0(0)
[2024-10-11T04:33:05.028+0800][info] GC(653) Old regions: 59->39
[2024-10-11T04:33:05.028+0800][info] GC(653) Archive regions: 2->2
[2024-10-11T04:33:05.028+0800][info] GC(653) Humongous regions: 3->3
[2024-10-11T04:33:05.028+0800][info] GC(653) Metaspace: 1697K(1856K)->1697K(1856K) NonClass: 1572K(1664K)->1572K(1664K) Class: 124K(192K)->124K(192K)
[2024-10-11T04:33:05.028+0800][info] GC(653) Pause Full (G1 Compaction Pause) 121M->72M(128M) 19.752ms
[2024-10-11T04:33:05.028+0800][info] GC(653) User=0.04s Sys=0.01s Real=0.02s
[2024-10-11T04:33:05.191+0800][info] GC(654) Pause Young (Normal) (G1 Evacuation Pause)
[2024-10-11T04:33:05.191+0800][info] GC(654) Using 3 workers of 48 for evacuation
[2024-10-11T04:33:05.193+0800][info] GC(654)   Pre Evacuate Collection Set: 0.1ms
[2024-10-11T04:33:05.193+0800][info] GC(654)   Merge Heap Roots: 0.0ms
[2024-10-11T04:33:05.193+0800][info] GC(654)   Evacuate Collection Set: 1.0ms
[2024-10-11T04:33:05.193+0800][info] GC(654)   Post Evacuate Collection Set: 0.2ms
[2024-10-11T04:33:05.193+0800][info] GC(654)   Other: 0.2ms
[2024-10-11T04:33:05.193+0800][info] GC(654) Eden regions: 3->0(2)
[2024-10-11T04:33:05.193+0800][info] GC(654) Survivor regions: 0->1(1)
[2024-10-11T04:33:05.193+0800][info] GC(654) Old regions: 39->42
[2024-10-11T04:33:05.193+0800][info] GC(654) Archive regions: 2->2
[2024-10-11T04:33:05.193+0800][info] GC(654) Humongous regions: 3->3
[2024-10-11T04:33:05.193+0800][info] GC(654) Metaspace: 1697K(1856K)->1697K(1856K) NonClass: 1572K(1664K)->1572K(1664K) Class: 124K(192K)->124K(192K)
[2024-10-11T04:33:05.193+0800][info] GC(654) Pause Young (Normal) (G1 Evacuation Pause) 77M->78M(128M) 1.684ms
[2024-10-11T04:33:05.193+0800][info] GC(654) User=0.00s Sys=0.00s Real=0.01s
[2024-10-11T04:33:05.295+0800][info] GC(655) Pause Young (Normal) (G1 Evacuation Pause)
[2024-10-11T04:33:05.295+0800][info] GC(655) Using 3 workers of 48 for evacuation
[2024-10-11T04:33:05.296+0800][info] GC(655)   Pre Evacuate Collection Set: 0.1ms
[2024-10-11T04:33:05.296+0800][info] GC(655)   Merge Heap Roots: 0.0ms
[2024-10-11T04:33:05.296+0800][info] GC(655)   Evacuate Collection Set: 0.8ms
[2024-10-11T04:33:05.296+0800][info] GC(655)   Post Evacuate Collection Set: 0.2ms
[2024-10-11T04:33:05.297+0800][info] GC(655)   Other: 0.2ms
[2024-10-11T04:33:05.297+0800][info] GC(655) Eden regions: 2->0(2)
[2024-10-11T04:33:05.297+0800][info] GC(655) Survivor regions: 1->1(1)
[2024-10-11T04:33:05.297+0800][info] GC(655) Old regions: 42->44
[2024-10-11T04:33:05.297+0800][info] GC(655) Archive regions: 2->2
[2024-10-11T04:33:05.297+0800][info] GC(655) Humongous regions: 3->3
[2024-10-11T04:33:05.297+0800][info] GC(655) Metaspace: 1697K(1856K)->1697K(1856K) NonClass: 1572K(1664K)->1572K(1664K) Class: 124K(192K)->124K(192K)
[2024-10-11T04:33:05.297+0800][info] GC(655) Pause Young (Normal) (G1 Evacuation Pause) 82M->82M(128M) 1.587ms
[2024-10-11T04:33:05.297+0800][info] GC(655) User=0.00s Sys=0.00s Real=0.00s
[2024-10-11T04:33:05.399+0800][info] GC(656) Pause Young (Normal) (G1 Evacuation Pause)
[2024-10-11T04:33:05.399+0800][info] GC(656) Using 3 workers of 48 for evacuation
[2024-10-11T04:33:05.400+0800][info] GC(656)   Pre Evacuate Collection Set: 0.1ms
[2024-10-11T04:33:05.400+0800][info] GC(656)   Merge Heap Roots: 0.0ms
[2024-10-11T04:33:05.400+0800][info] GC(656)   Evacuate Collection Set: 0.7ms
[2024-10-11T04:33:05.400+0800][info] GC(656)   Post Evacuate Collection Set: 0.2ms
[2024-10-11T04:33:05.400+0800][info] GC(656)   Other: 0.2ms
[2024-10-11T04:33:05.400+0800][info] GC(656) Eden regions: 2->0(2)
[2024-10-11T04:33:05.400+0800][info] GC(656) Survivor regions: 1->1(1)
[2024-10-11T04:33:05.400+0800][info] GC(656) Old regions: 44->46
[2024-10-11T04:33:05.400+0800][info] GC(656) Archive regions: 2->2
[2024-10-11T04:33:05.400+0800][info] GC(656) Humongous regions: 3->3
[2024-10-11T04:33:05.400+0800][info] GC(656) Metaspace: 1697K(1856K)->1697K(1856K) NonClass: 1572K(1664K)->1572K(1664K) Class: 124K(192K)->124K(192K)
[2024-10-11T04:33:05.400+0800][info] GC(656) Pause Young (Normal) (G1 Evacuation Pause) 86M->86M(128M) 1.389ms
[2024-10-11T04:33:05.400+0800][info] GC(656) User=0.00s Sys=0.00s Real=0.00s
[2024-10-11T04:33:05.502+0800][info] GC(657) Pause Young (Normal) (G1 Evacuation Pause)
[2024-10-11T04:33:05.502+0800][info] GC(657) Using 3 workers of 48 for evacuation
[2024-10-11T04:33:05.503+0800][info] GC(657)   Pre Evacuate Collection Set: 0.1ms
[2024-10-11T04:33:05.504+0800][info] GC(657)   Merge Heap Roots: 0.0ms
[2024-10-11T04:33:05.504+0800][info] GC(657)   Evacuate Collection Set: 0.7ms
[2024-10-11T04:33:05.504+0800][info] GC(657)   Post Evacuate Collection Set: 0.2ms
[2024-10-11T04:33:05.504+0800][info] GC(657)   Other: 0.2ms
[2024-10-11T04:33:05.504+0800][info] GC(657) Eden regions: 2->0(2)
[2024-10-11T04:33:05.504+0800][info] GC(657) Survivor regions: 1->1(1)
[2024-10-11T04:33:05.504+0800][info] GC(657) Old regions: 46->48
[2024-10-11T04:33:05.504+0800][info] GC(657) Archive regions: 2->2
[2024-10-11T04:33:05.504+0800][info] GC(657) Humongous regions: 3->3
[2024-10-11T04:33:05.504+0800][info] GC(657) Metaspace: 1697K(1856K)->1697K(1856K) NonClass: 1572K(1664K)->1572K(1664K) Class: 124K(192K)->124K(192K)
[2024-10-11T04:33:05.504+0800][info] GC(657) Pause Young (Normal) (G1 Evacuation Pause) 90M->90M(128M) 1.350ms
[2024-10-11T04:33:05.504+0800][info] GC(657) User=0.01s Sys=0.00s Real=0.00s
[2024-10-11T04:33:05.565+0800][info] GC(658) Pause Young (Concurrent Start) (G1 Humongous Allocation)
[2024-10-11T04:33:05.565+0800][info] GC(658) Using 3 workers of 48 for evacuation
[2024-10-11T04:33:05.566+0800][info] GC(658)   Pre Evacuate Collection Set: 0.1ms
[2024-10-11T04:33:05.566+0800][info] GC(658)   Merge Heap Roots: 0.0ms
[2024-10-11T04:33:05.566+0800][info] GC(658)   Evacuate Collection Set: 0.6ms
[2024-10-11T04:33:05.566+0800][info] GC(658)   Post Evacuate Collection Set: 0.2ms
[2024-10-11T04:33:05.566+0800][info] GC(658)   Other: 0.3ms
[2024-10-11T04:33:05.566+0800][info] GC(658) Eden regions: 2->0(2)
[2024-10-11T04:33:05.566+0800][info] GC(658) Survivor regions: 1->1(1)
[2024-10-11T04:33:05.566+0800][info] GC(658) Old regions: 48->49
[2024-10-11T04:33:05.566+0800][info] GC(658) Archive regions: 2->2
[2024-10-11T04:33:05.566+0800][info] GC(658) Humongous regions: 3->3
[2024-10-11T04:33:05.566+0800][info] GC(658) Metaspace: 1697K(1856K)->1697K(1856K) NonClass: 1572K(1664K)->1572K(1664K) Class: 124K(192K)->124K(192K)
[2024-10-11T04:33:05.566+0800][info] GC(658) Pause Young (Concurrent Start) (G1 Humongous Allocation) 93M->93M(128M) 1.429ms
[2024-10-11T04:33:05.566+0800][info] GC(658) User=0.00s Sys=0.00s Real=0.01s
[2024-10-11T04:33:05.566+0800][info] GC(659) Concurrent Mark Cycle
[2024-10-11T04:33:05.567+0800][info] GC(659) Concurrent Clear Claimed Marks
[2024-10-11T04:33:05.567+0800][info] GC(659) Concurrent Clear Claimed Marks 0.017ms
[2024-10-11T04:33:05.567+0800][info] GC(659) Concurrent Scan Root Regions
[2024-10-11T04:33:05.567+0800][info] GC(659) Concurrent Scan Root Regions 0.106ms
[2024-10-11T04:33:05.567+0800][info] GC(659) Concurrent Mark
[2024-10-11T04:33:05.567+0800][info] GC(659) Concurrent Mark From Roots
[2024-10-11T04:33:05.567+0800][info] GC(659) Using 12 workers of 12 for marking
[2024-10-11T04:33:05.572+0800][info] GC(659) Concurrent Mark From Roots 5.227ms
[2024-10-11T04:33:05.572+0800][info] GC(659) Concurrent Preclean
[2024-10-11T04:33:05.574+0800][info] GC(659) Concurrent Preclean 1.733ms
[2024-10-11T04:33:05.574+0800][info] GC(659) Pause Remark
[2024-10-11T04:33:05.575+0800][info] GC(659) Pause Remark 95M->95M(128M) 1.399ms
[2024-10-11T04:33:05.575+0800][info] GC(659) User=0.01s Sys=0.00s Real=0.00s
[2024-10-11T04:33:05.575+0800][info] GC(659) Concurrent Mark 8.593ms
[2024-10-11T04:33:05.575+0800][info] GC(659) Concurrent Rebuild Remembered Sets
[2024-10-11T04:33:05.577+0800][info] GC(659) Concurrent Rebuild Remembered Sets 1.602ms
[2024-10-11T04:33:05.577+0800][info] GC(659) Pause Cleanup
[2024-10-11T04:33:05.577+0800][info] GC(659) Pause Cleanup 95M->95M(128M) 0.228ms
[2024-10-11T04:33:05.577+0800][info] GC(659) User=0.00s Sys=0.00s Real=0.00s
[2024-10-11T04:33:05.577+0800][info] GC(659) Concurrent Cleanup for Next Mark
[2024-10-11T04:33:05.578+0800][info] GC(659) Concurrent Cleanup for Next Mark 0.327ms
[2024-10-11T04:33:05.578+0800][info] GC(659) Concurrent Mark Cycle 11.148ms
[2024-10-11T04:33:05.740+0800][info] GC(660) Pause Young (Prepare Mixed) (G1 Evacuation Pause)
[2024-10-11T04:33:05.740+0800][info] GC(660) Using 3 workers of 48 for evacuation
[2024-10-11T04:33:05.742+0800][info] GC(660)   Pre Evacuate Collection Set: 0.1ms
[2024-10-11T04:33:05.742+0800][info] GC(660)   Merge Heap Roots: 0.1ms
[2024-10-11T04:33:05.742+0800][info] GC(660)   Evacuate Collection Set: 0.8ms
[2024-10-11T04:33:05.742+0800][info] GC(660)   Post Evacuate Collection Set: 0.2ms
[2024-10-11T04:33:05.742+0800][info] GC(660)   Other: 0.2ms
[2024-10-11T04:33:05.742+0800][info] GC(660) Eden regions: 2->0(2)
[2024-10-11T04:33:05.742+0800][info] GC(660) Survivor regions: 1->1(1)
[2024-10-11T04:33:05.742+0800][info] GC(660) Old regions: 49->51
[2024-10-11T04:33:05.742+0800][info] GC(660) Archive regions: 2->2
[2024-10-11T04:33:05.742+0800][info] GC(660) Humongous regions: 4->3
[2024-10-11T04:33:05.742+0800][info] GC(660) Metaspace: 1697K(1856K)->1697K(1856K) NonClass: 1572K(1664K)->1572K(1664K) Class: 124K(192K)->124K(192K)
[2024-10-11T04:33:05.742+0800][info] GC(660) Pause Young (Prepare Mixed) (G1 Evacuation Pause) 98M->97M(128M) 1.438ms
[2024-10-11T04:33:05.742+0800][info] GC(660) User=0.00s Sys=0.00s Real=0.00s
[2024-10-11T04:33:05.844+0800][info] GC(661) Pause Young (Mixed) (G1 Preventive Collection)
[2024-10-11T04:33:05.844+0800][info] GC(661) Using 3 workers of 48 for evacuation
[2024-10-11T04:33:05.846+0800][info] GC(661) To-space exhausted
[2024-10-11T04:33:05.846+0800][info] GC(661)   Pre Evacuate Collection Set: 0.1ms
[2024-10-11T04:33:05.846+0800][info] GC(661)   Merge Heap Roots: 0.0ms
[2024-10-11T04:33:05.846+0800][info] GC(661)   Evacuate Collection Set: 1.4ms
[2024-10-11T04:33:05.846+0800][info] GC(661)   Post Evacuate Collection Set: 0.3ms
[2024-10-11T04:33:05.846+0800][info] GC(661)   Other: 0.2ms
[2024-10-11T04:33:05.846+0800][info] GC(661) Eden regions: 2->0(2)
[2024-10-11T04:33:05.846+0800][info] GC(661) Survivor regions: 1->1(1)
[2024-10-11T04:33:05.846+0800][info] GC(661) Old regions: 51->51
[2024-10-11T04:33:05.846+0800][info] GC(661) Archive regions: 2->2
[2024-10-11T04:33:05.846+0800][info] GC(661) Humongous regions: 3->3
[2024-10-11T04:33:05.846+0800][info] GC(661) Metaspace: 1697K(1856K)->1697K(1856K) NonClass: 1572K(1664K)->1572K(1664K) Class: 124K(192K)->124K(192K)
[2024-10-11T04:33:05.846+0800][info] GC(661) Pause Young (Mixed) (G1 Preventive Collection) 100M->101M(128M) 2.134ms
[2024-10-11T04:33:05.846+0800][info] GC(661) User=0.01s Sys=0.00s Real=0.01s
[2024-10-11T04:33:05.907+0800][info] GC(662) Pause Young (Mixed) (G1 Preventive Collection)
[2024-10-11T04:33:05.907+0800][info] GC(662) Using 3 workers of 48 for evacuation
[2024-10-11T04:33:05.909+0800][info] GC(662)   Pre Evacuate Collection Set: 0.2ms
[2024-10-11T04:33:05.909+0800][info] GC(662)   Merge Heap Roots: 0.1ms
[2024-10-11T04:33:05.909+0800][info] GC(662)   Evacuate Collection Set: 1.5ms
[2024-10-11T04:33:05.909+0800][info] GC(662)   Post Evacuate Collection Set: 0.2ms
[2024-10-11T04:33:05.910+0800][info] GC(662)   Other: 0.1ms
[2024-10-11T04:33:05.910+0800][info] GC(662) Eden regions: 1->0(2)
[2024-10-11T04:33:05.910+0800][info] GC(662) Survivor regions: 1->1(1)
[2024-10-11T04:33:05.910+0800][info] GC(662) Old regions: 51->49
[2024-10-11T04:33:05.910+0800][info] GC(662) Archive regions: 2->2
[2024-10-11T04:33:05.910+0800][info] GC(662) Humongous regions: 3->3
[2024-10-11T04:33:05.910+0800][info] GC(662) Metaspace: 1697K(1856K)->1697K(1856K) NonClass: 1572K(1664K)->1572K(1664K) Class: 124K(192K)->124K(192K)
[2024-10-11T04:33:05.910+0800][info] GC(662) Pause Young (Mixed) (G1 Preventive Collection) 103M->98M(128M) 2.159ms
[2024-10-11T04:33:05.910+0800][info] GC(662) User=0.00s Sys=0.00s Real=0.00s
[2024-10-11T04:33:06.012+0800][info] GC(663) Pause Young (Mixed) (G1 Preventive Collection)
[2024-10-11T04:33:06.012+0800][info] GC(663) Using 3 workers of 48 for evacuation
[2024-10-11T04:33:06.014+0800][info] GC(663) To-space exhausted
[2024-10-11T04:33:06.014+0800][info] GC(663)   Pre Evacuate Collection Set: 0.2ms
[2024-10-11T04:33:06.014+0800][info] GC(663)   Merge Heap Roots: 0.1ms
[2024-10-11T04:33:06.014+0800][info] GC(663)   Evacuate Collection Set: 2.0ms
[2024-10-11T04:33:06.014+0800][info] GC(663)   Post Evacuate Collection Set: 0.2ms
[2024-10-11T04:33:06.014+0800][info] GC(663)   Other: 0.1ms
[2024-10-11T04:33:06.014+0800][info] GC(663) Eden regions: 2->0(2)
[2024-10-11T04:33:06.014+0800][info] GC(663) Survivor regions: 1->1(1)
[2024-10-11T04:33:06.014+0800][info] GC(663) Old regions: 49->49
[2024-10-11T04:33:06.014+0800][info] GC(663) Archive regions: 2->2
[2024-10-11T04:33:06.014+0800][info] GC(663) Humongous regions: 3->3
[2024-10-11T04:33:06.014+0800][info] GC(663) Metaspace: 1697K(1856K)->1697K(1856K) NonClass: 1572K(1664K)->1572K(1664K) Class: 124K(192K)->124K(192K)
[2024-10-11T04:33:06.014+0800][info] GC(663) Pause Young (Mixed) (G1 Preventive Collection) 102M->101M(128M) 2.667ms
[2024-10-11T04:33:06.014+0800][info] GC(663) User=0.01s Sys=0.00s Real=0.01s
[2024-10-11T04:33:06.117+0800][info] GC(664) Pause Young (Mixed) (G1 Preventive Collection)
[2024-10-11T04:33:06.117+0800][info] GC(664) Using 3 workers of 48 for evacuation
[2024-10-11T04:33:06.119+0800][info] GC(664) To-space exhausted
[2024-10-11T04:33:06.119+0800][info] GC(664)   Pre Evacuate Collection Set: 0.2ms
[2024-10-11T04:33:06.119+0800][info] GC(664)   Merge Heap Roots: 0.0ms
[2024-10-11T04:33:06.119+0800][info] GC(664)   Evacuate Collection Set: 1.8ms
[2024-10-11T04:33:06.119+0800][info] GC(664)   Post Evacuate Collection Set: 0.3ms
[2024-10-11T04:33:06.119+0800][info] GC(664)   Other: 0.1ms
[2024-10-11T04:33:06.119+0800][info] GC(664) Eden regions: 2->0(2)
[2024-10-11T04:33:06.119+0800][info] GC(664) Survivor regions: 1->1(1)
[2024-10-11T04:33:06.119+0800][info] GC(664) Old regions: 49->52
[2024-10-11T04:33:06.119+0800][info] GC(664) Archive regions: 2->2
[2024-10-11T04:33:06.119+0800][info] GC(664) Humongous regions: 3->3
[2024-10-11T04:33:06.119+0800][info] GC(664) Metaspace: 1697K(1856K)->1697K(1856K) NonClass: 1572K(1664K)->1572K(1664K) Class: 124K(192K)->124K(192K)
[2024-10-11T04:33:06.119+0800][info] GC(664) Pause Young (Mixed) (G1 Preventive Collection) 104M->107M(128M) 2.509ms
[2024-10-11T04:33:06.119+0800][info] GC(664) User=0.01s Sys=0.00s Real=0.00s
[2024-10-11T04:33:06.221+0800][info] GC(665) Pause Young (Concurrent Start) (G1 Preventive Collection)
[2024-10-11T04:33:06.221+0800][info] GC(665) Using 3 workers of 48 for evacuation
[2024-10-11T04:33:06.223+0800][info] GC(665)   Pre Evacuate Collection Set: 0.1ms
[2024-10-11T04:33:06.223+0800][info] GC(665)   Merge Heap Roots: 0.0ms
[2024-10-11T04:33:06.223+0800][info] GC(665)   Evacuate Collection Set: 0.8ms
[2024-10-11T04:33:06.223+0800][info] GC(665)   Post Evacuate Collection Set: 0.2ms
[2024-10-11T04:33:06.223+0800][info] GC(665)   Other: 0.4ms
[2024-10-11T04:33:06.223+0800][info] GC(665) Eden regions: 2->0(2)
[2024-10-11T04:33:06.223+0800][info] GC(665) Survivor regions: 1->1(1)
[2024-10-11T04:33:06.223+0800][info] GC(665) Old regions: 52->54
[2024-10-11T04:33:06.223+0800][info] GC(665) Archive regions: 2->2
[2024-10-11T04:33:06.223+0800][info] GC(665) Humongous regions: 3->3
[2024-10-11T04:33:06.223+0800][info] GC(665) Metaspace: 1697K(1856K)->1697K(1856K) NonClass: 1572K(1664K)->1572K(1664K) Class: 124K(192K)->124K(192K)
[2024-10-11T04:33:06.223+0800][info] GC(665) Pause Young (Concurrent Start) (G1 Preventive Collection) 111M->111M(128M) 1.675ms
[2024-10-11T04:33:06.223+0800][info] GC(665) User=0.00s Sys=0.00s Real=0.00s
[2024-10-11T04:33:06.223+0800][info] GC(666) Concurrent Mark Cycle
[2024-10-11T04:33:06.223+0800][info] GC(666) Concurrent Clear Claimed Marks
[2024-10-11T04:33:06.223+0800][info] GC(666) Concurrent Clear Claimed Marks 0.017ms
[2024-10-11T04:33:06.223+0800][info] GC(666) Concurrent Scan Root Regions
[2024-10-11T04:33:06.223+0800][info] GC(666) Concurrent Scan Root Regions 0.158ms
[2024-10-11T04:33:06.223+0800][info] GC(666) Concurrent Mark
[2024-10-11T04:33:06.223+0800][info] GC(666) Concurrent Mark From Roots
[2024-10-11T04:33:06.223+0800][info] GC(666) Using 12 workers of 12 for marking
[2024-10-11T04:33:06.229+0800][info] GC(666) Concurrent Mark From Roots 5.890ms
[2024-10-11T04:33:06.229+0800][info] GC(666) Concurrent Preclean
[2024-10-11T04:33:06.231+0800][info] GC(666) Concurrent Preclean 1.699ms
[2024-10-11T04:33:06.231+0800][info] GC(666) Pause Remark
[2024-10-11T04:33:06.232+0800][info] GC(666) Pause Remark 112M->108M(128M) 1.491ms
[2024-10-11T04:33:06.232+0800][info] GC(666) User=0.00s Sys=0.00s Real=0.00s
[2024-10-11T04:33:06.233+0800][info] GC(666) Concurrent Mark 9.387ms
[2024-10-11T04:33:06.233+0800][info] GC(666) Concurrent Rebuild Remembered Sets
[2024-10-11T04:33:06.234+0800][info] GC(666) Concurrent Rebuild Remembered Sets 1.778ms
[2024-10-11T04:33:06.234+0800][info] GC(666) Pause Cleanup
[2024-10-11T04:33:06.235+0800][info] GC(666) Pause Cleanup 108M->108M(128M) 0.195ms
[2024-10-11T04:33:06.235+0800][info] GC(666) User=0.00s Sys=0.00s Real=0.00s
[2024-10-11T04:33:06.235+0800][info] GC(666) Concurrent Cleanup for Next Mark
[2024-10-11T04:33:06.235+0800][info] GC(666) Concurrent Cleanup for Next Mark 0.338ms
[2024-10-11T04:33:06.235+0800][info] GC(666) Concurrent Mark Cycle 12.214ms
[2024-10-11T04:33:06.376+0800][info] GC(667) Pause Young (Prepare Mixed) (G1 Preventive Collection)
[2024-10-11T04:33:06.376+0800][info] GC(667) Using 3 workers of 48 for evacuation
[2024-10-11T04:33:06.377+0800][info] GC(667)   Pre Evacuate Collection Set: 0.1ms
[2024-10-11T04:33:06.377+0800][info] GC(667)   Merge Heap Roots: 0.1ms
[2024-10-11T04:33:06.377+0800][info] GC(667)   Evacuate Collection Set: 0.8ms
[2024-10-11T04:33:06.377+0800][info] GC(667)   Post Evacuate Collection Set: 0.2ms
[2024-10-11T04:33:06.377+0800][info] GC(667)   Other: 0.2ms
[2024-10-11T04:33:06.377+0800][info] GC(667) Eden regions: 2->0(2)
[2024-10-11T04:33:06.378+0800][info] GC(667) Survivor regions: 1->1(1)
[2024-10-11T04:33:06.378+0800][info] GC(667) Old regions: 52->54
[2024-10-11T04:33:06.378+0800][info] GC(667) Archive regions: 2->2
[2024-10-11T04:33:06.378+0800][info] GC(667) Humongous regions: 3->3
[2024-10-11T04:33:06.378+0800][info] GC(667) Metaspace: 1697K(1856K)->1697K(1856K) NonClass: 1572K(1664K)->1572K(1664K) Class: 124K(192K)->124K(192K)
[2024-10-11T04:33:06.378+0800][info] GC(667) Pause Young (Prepare Mixed) (G1 Preventive Collection) 111M->111M(128M) 1.498ms
[2024-10-11T04:33:06.378+0800][info] GC(667) User=0.00s Sys=0.00s Real=0.00s
[2024-10-11T04:33:06.439+0800][info] GC(668) Pause Young (Mixed) (G1 Preventive Collection)
[2024-10-11T04:33:06.439+0800][info] GC(668) Using 3 workers of 48 for evacuation
[2024-10-11T04:33:06.440+0800][info] GC(668)   Pre Evacuate Collection Set: 0.2ms
[2024-10-11T04:33:06.440+0800][info] GC(668)   Merge Heap Roots: 0.1ms
[2024-10-11T04:33:06.440+0800][info] GC(668)   Evacuate Collection Set: 0.8ms
[2024-10-11T04:33:06.440+0800][info] GC(668)   Post Evacuate Collection Set: 0.2ms
[2024-10-11T04:33:06.440+0800][info] GC(668)   Other: 0.2ms
[2024-10-11T04:33:06.440+0800][info] GC(668) Eden regions: 1->0(2)
[2024-10-11T04:33:06.440+0800][info] GC(668) Survivor regions: 1->1(1)
[2024-10-11T04:33:06.440+0800][info] GC(668) Old regions: 54->49
[2024-10-11T04:33:06.440+0800][info] GC(668) Archive regions: 2->2
[2024-10-11T04:33:06.440+0800][info] GC(668) Humongous regions: 3->3
[2024-10-11T04:33:06.440+0800][info] GC(668) Metaspace: 1697K(1856K)->1697K(1856K) NonClass: 1572K(1664K)->1572K(1664K) Class: 124K(192K)->124K(192K)
[2024-10-11T04:33:06.440+0800][info] GC(668) Pause Young (Mixed) (G1 Preventive Collection) 112M->101M(128M) 1.434ms
[2024-10-11T04:33:06.440+0800][info] GC(668) User=0.00s Sys=0.00s Real=0.00s
[2024-10-11T04:33:06.543+0800][info] GC(669) Pause Young (Mixed) (G1 Evacuation Pause)
[2024-10-11T04:33:06.543+0800][info] GC(669) Using 3 workers of 48 for evacuation
[2024-10-11T04:33:06.545+0800][info] GC(669)   Pre Evacuate Collection Set: 0.2ms
[2024-10-11T04:33:06.545+0800][info] GC(669)   Merge Heap Roots: 0.1ms
[2024-10-11T04:33:06.545+0800][info] GC(669)   Evacuate Collection Set: 1.8ms
[2024-10-11T04:33:06.545+0800][info] GC(669)   Post Evacuate Collection Set: 0.2ms
[2024-10-11T04:33:06.545+0800][info] GC(669)   Other: 0.1ms
[2024-10-11T04:33:06.545+0800][info] GC(669) Eden regions: 2->0(2)
[2024-10-11T04:33:06.545+0800][info] GC(669) Survivor regions: 1->1(1)
[2024-10-11T04:33:06.545+0800][info] GC(669) Old regions: 49->48
[2024-10-11T04:33:06.545+0800][info] GC(669) Archive regions: 2->2
[2024-10-11T04:33:06.545+0800][info] GC(669) Humongous regions: 3->3
[2024-10-11T04:33:06.545+0800][info] GC(669) Metaspace: 1697K(1856K)->1697K(1856K) NonClass: 1572K(1664K)->1572K(1664K) Class: 124K(192K)->124K(192K)
[2024-10-11T04:33:06.545+0800][info] GC(669) Pause Young (Mixed) (G1 Evacuation Pause) 105M->100M(128M) 2.508ms
[2024-10-11T04:33:06.545+0800][info] GC(669) User=0.00s Sys=0.00s Real=0.01s
[2024-10-11T04:33:06.647+0800][info] GC(670) Pause Young (Mixed) (G1 Evacuation Pause)
[2024-10-11T04:33:06.647+0800][info] GC(670) Using 3 workers of 48 for evacuation
[2024-10-11T04:33:06.649+0800][info] GC(670)   Pre Evacuate Collection Set: 0.2ms
[2024-10-11T04:33:06.649+0800][info] GC(670)   Merge Heap Roots: 0.1ms
[2024-10-11T04:33:06.649+0800][info] GC(670)   Evacuate Collection Set: 1.9ms
[2024-10-11T04:33:06.649+0800][info] GC(670)   Post Evacuate Collection Set: 0.2ms
[2024-10-11T04:33:06.649+0800][info] GC(670)   Other: 0.1ms
[2024-10-11T04:33:06.649+0800][info] GC(670) Eden regions: 2->0(2)
[2024-10-11T04:33:06.649+0800][info] GC(670) Survivor regions: 1->1(1)
[2024-10-11T04:33:06.649+0800][info] GC(670) Old regions: 48->47
[2024-10-11T04:33:06.649+0800][info] GC(670) Archive regions: 2->2
[2024-10-11T04:33:06.649+0800][info] GC(670) Humongous regions: 3->3
[2024-10-11T04:33:06.650+0800][info] GC(670) Metaspace: 1697K(1856K)->1697K(1856K) NonClass: 1572K(1664K)->1572K(1664K) Class: 124K(192K)->124K(192K)
[2024-10-11T04:33:06.650+0800][info] GC(670) Pause Young (Mixed) (G1 Evacuation Pause) 103M->100M(128M) 2.634ms
[2024-10-11T04:33:06.650+0800][info] GC(670) User=0.01s Sys=0.00s Real=0.00s
[2024-10-11T04:33:06.752+0800][info] GC(671) Pause Young (Mixed) (G1 Evacuation Pause)
[2024-10-11T04:33:06.752+0800][info] GC(671) Using 3 workers of 48 for evacuation
[2024-10-11T04:33:06.754+0800][info] GC(671)   Pre Evacuate Collection Set: 0.2ms
[2024-10-11T04:33:06.754+0800][info] GC(671)   Merge Heap Roots: 0.1ms
[2024-10-11T04:33:06.754+0800][info] GC(671)   Evacuate Collection Set: 2.0ms
[2024-10-11T04:33:06.754+0800][info] GC(671)   Post Evacuate Collection Set: 0.2ms
[2024-10-11T04:33:06.754+0800][info] GC(671)   Other: 0.1ms
[2024-10-11T04:33:06.754+0800][info] GC(671) Eden regions: 2->0(2)
[2024-10-11T04:33:06.754+0800][info] GC(671) Survivor regions: 1->1(1)
[2024-10-11T04:33:06.754+0800][info] GC(671) Old regions: 47->46
[2024-10-11T04:33:06.754+0800][info] GC(671) Archive regions: 2->2
[2024-10-11T04:33:06.754+0800][info] GC(671) Humongous regions: 3->3
[2024-10-11T04:33:06.754+0800][info] GC(671) Metaspace: 1697K(1856K)->1697K(1856K) NonClass: 1572K(1664K)->1572K(1664K) Class: 124K(192K)->124K(192K)
[2024-10-11T04:33:06.754+0800][info] GC(671) Pause Young (Mixed) (G1 Evacuation Pause) 103M->98M(128M) 2.654ms
[2024-10-11T04:33:06.754+0800][info] GC(671) User=0.01s Sys=0.00s Real=0.01s
[2024-10-11T04:33:06.856+0800][info] GC(672) Pause Young (Mixed) (G1 Evacuation Pause)
[2024-10-11T04:33:06.856+0800][info] GC(672) Using 3 workers of 48 for evacuation
[2024-10-11T04:33:06.858+0800][info] GC(672)   Pre Evacuate Collection Set: 0.2ms
[2024-10-11T04:33:06.858+0800][info] GC(672)   Merge Heap Roots: 0.1ms
[2024-10-11T04:33:06.858+0800][info] GC(672)   Evacuate Collection Set: 0.9ms
[2024-10-11T04:33:06.858+0800][info] GC(672)   Post Evacuate Collection Set: 0.2ms
[2024-10-11T04:33:06.858+0800][info] GC(672)   Other: 0.1ms
[2024-10-11T04:33:06.858+0800][info] GC(672) Eden regions: 2->0(2)
[2024-10-11T04:33:06.858+0800][info] GC(672) Survivor regions: 1->1(1)
[2024-10-11T04:33:06.858+0800][info] GC(672) Old regions: 46->48
[2024-10-11T04:33:06.858+0800][info] GC(672) Archive regions: 2->2
[2024-10-11T04:33:06.858+0800][info] GC(672) Humongous regions: 3->3
[2024-10-11T04:33:06.858+0800][info] GC(672) Metaspace: 1697K(1856K)->1697K(1856K) NonClass: 1572K(1664K)->1572K(1664K) Class: 124K(192K)->124K(192K)
[2024-10-11T04:33:06.858+0800][info] GC(672) Pause Young (Mixed) (G1 Evacuation Pause) 102M->102M(128M) 1.554ms
[2024-10-11T04:33:06.858+0800][info] GC(672) User=0.00s Sys=0.00s Real=0.00s
[2024-10-11T04:33:06.960+0800][info] GC(673) Pause Young (Normal) (G1 Evacuation Pause)
[2024-10-11T04:33:06.960+0800][info] GC(673) Using 3 workers of 48 for evacuation
[2024-10-11T04:33:06.961+0800][info] GC(673)   Pre Evacuate Collection Set: 0.1ms
[2024-10-11T04:33:06.961+0800][info] GC(673)   Merge Heap Roots: 0.0ms
[2024-10-11T04:33:06.961+0800][info] GC(673)   Evacuate Collection Set: 0.7ms
[2024-10-11T04:33:06.961+0800][info] GC(673)   Post Evacuate Collection Set: 0.2ms
[2024-10-11T04:33:06.961+0800][info] GC(673)   Other: 0.2ms
[2024-10-11T04:33:06.961+0800][info] GC(673) Eden regions: 2->0(2)
[2024-10-11T04:33:06.961+0800][info] GC(673) Survivor regions: 1->1(1)
[2024-10-11T04:33:06.961+0800][info] GC(673) Old regions: 48->50
[2024-10-11T04:33:06.961+0800][info] GC(673) Archive regions: 2->2
[2024-10-11T04:33:06.961+0800][info] GC(673) Humongous regions: 3->3
[2024-10-11T04:33:06.961+0800][info] GC(673) Metaspace: 1697K(1856K)->1697K(1856K) NonClass: 1572K(1664K)->1572K(1664K) Class: 124K(192K)->124K(192K)
[2024-10-11T04:33:06.961+0800][info] GC(673) Pause Young (Normal) (G1 Evacuation Pause) 106M->106M(128M) 1.389ms
[2024-10-11T04:33:06.961+0800][info] GC(673) User=0.01s Sys=0.00s Real=0.00s
[2024-10-11T04:33:07.063+0800][info] GC(674) Pause Young (Concurrent Start) (G1 Evacuation Pause)
[2024-10-11T04:33:07.063+0800][info] GC(674) Using 3 workers of 48 for evacuation
[2024-10-11T04:33:07.065+0800][info] GC(674)   Pre Evacuate Collection Set: 0.1ms
[2024-10-11T04:33:07.065+0800][info] GC(674)   Merge Heap Roots: 0.0ms
[2024-10-11T04:33:07.065+0800][info] GC(674)   Evacuate Collection Set: 0.7ms
[2024-10-11T04:33:07.065+0800][info] GC(674)   Post Evacuate Collection Set: 0.2ms
[2024-10-11T04:33:07.065+0800][info] GC(674)   Other: 0.3ms
[2024-10-11T04:33:07.065+0800][info] GC(674) Eden regions: 2->0(2)
[2024-10-11T04:33:07.065+0800][info] GC(674) Survivor regions: 1->1(1)
[2024-10-11T04:33:07.065+0800][info] GC(674) Old regions: 50->52
[2024-10-11T04:33:07.065+0800][info] GC(674) Archive regions: 2->2
[2024-10-11T04:33:07.065+0800][info] GC(674) Humongous regions: 3->3
[2024-10-11T04:33:07.065+0800][info] GC(674) Metaspace: 1697K(1856K)->1697K(1856K) NonClass: 1572K(1664K)->1572K(1664K) Class: 124K(192K)->124K(192K)
[2024-10-11T04:33:07.065+0800][info] GC(674) Pause Young (Concurrent Start) (G1 Evacuation Pause) 109M->110M(128M) 1.438ms
[2024-10-11T04:33:07.065+0800][info] GC(674) User=0.00s Sys=0.00s Real=0.00s
[2024-10-11T04:33:07.065+0800][info] GC(675) Concurrent Mark Cycle
[2024-10-11T04:33:07.065+0800][info] GC(675) Concurrent Clear Claimed Marks
[2024-10-11T04:33:07.065+0800][info] GC(675) Concurrent Clear Claimed Marks 0.016ms
[2024-10-11T04:33:07.065+0800][info] GC(675) Concurrent Scan Root Regions
[2024-10-11T04:33:07.065+0800][info] GC(675) Concurrent Scan Root Regions 0.108ms
[2024-10-11T04:33:07.065+0800][info] GC(675) Concurrent Mark
[2024-10-11T04:33:07.065+0800][info] GC(675) Concurrent Mark From Roots
[2024-10-11T04:33:07.065+0800][info] GC(675) Using 12 workers of 12 for marking
[2024-10-11T04:33:07.070+0800][info] GC(675) Concurrent Mark From Roots 4.373ms
[2024-10-11T04:33:07.070+0800][info] GC(675) Concurrent Preclean
[2024-10-11T04:33:07.071+0800][info] GC(675) Concurrent Preclean 1.670ms
[2024-10-11T04:33:07.071+0800][info] GC(675) Pause Remark
[2024-10-11T04:33:07.073+0800][info] GC(675) Pause Remark 110M->110M(128M) 1.437ms
[2024-10-11T04:33:07.073+0800][info] GC(675) User=0.00s Sys=0.00s Real=0.00s
[2024-10-11T04:33:07.073+0800][info] GC(675) Concurrent Mark 7.776ms
[2024-10-11T04:33:07.073+0800][info] GC(675) Concurrent Rebuild Remembered Sets
[2024-10-11T04:33:07.075+0800][info] GC(675) Concurrent Rebuild Remembered Sets 1.936ms
[2024-10-11T04:33:07.075+0800][info] GC(675) Pause Cleanup
[2024-10-11T04:33:07.075+0800][info] GC(675) Pause Cleanup 110M->110M(128M) 0.249ms
[2024-10-11T04:33:07.075+0800][info] GC(675) User=0.00s Sys=0.00s Real=0.00s
[2024-10-11T04:33:07.075+0800][info] GC(675) Concurrent Cleanup for Next Mark
[2024-10-11T04:33:07.076+0800][info] GC(675) Concurrent Cleanup for Next Mark 0.334ms
[2024-10-11T04:33:07.076+0800][info] GC(675) Concurrent Mark Cycle 10.797ms
[2024-10-11T04:33:07.218+0800][info] GC(676) Pause Young (Prepare Mixed) (G1 Preventive Collection)
[2024-10-11T04:33:07.218+0800][info] GC(676) Using 3 workers of 48 for evacuation
[2024-10-11T04:33:07.219+0800][info] GC(676)   Pre Evacuate Collection Set: 0.1ms
[2024-10-11T04:33:07.219+0800][info] GC(676)   Merge Heap Roots: 0.1ms
[2024-10-11T04:33:07.219+0800][info] GC(676)   Evacuate Collection Set: 0.8ms
[2024-10-11T04:33:07.219+0800][info] GC(676)   Post Evacuate Collection Set: 0.2ms
[2024-10-11T04:33:07.219+0800][info] GC(676)   Other: 0.2ms
[2024-10-11T04:33:07.219+0800][info] GC(676) Eden regions: 2->0(2)
[2024-10-11T04:33:07.219+0800][info] GC(676) Survivor regions: 1->1(1)
[2024-10-11T04:33:07.219+0800][info] GC(676) Old regions: 52->54
[2024-10-11T04:33:07.219+0800][info] GC(676) Archive regions: 2->2
[2024-10-11T04:33:07.219+0800][info] GC(676) Humongous regions: 3->3
[2024-10-11T04:33:07.219+0800][info] GC(676) Metaspace: 1697K(1856K)->1697K(1856K) NonClass: 1572K(1664K)->1572K(1664K) Class: 124K(192K)->124K(192K)
[2024-10-11T04:33:07.219+0800][info] GC(676) Pause Young (Prepare Mixed) (G1 Preventive Collection) 113M->114M(128M) 1.487ms
[2024-10-11T04:33:07.220+0800][info] GC(676) User=0.00s Sys=0.00s Real=0.00s
[2024-10-11T04:33:07.281+0800][info] GC(677) Pause Young (Mixed) (G1 Preventive Collection)
[2024-10-11T04:33:07.281+0800][info] GC(677) Using 3 workers of 48 for evacuation
[2024-10-11T04:33:07.282+0800][info] GC(677) To-space exhausted
[2024-10-11T04:33:07.282+0800][info] GC(677)   Pre Evacuate Collection Set: 0.2ms
[2024-10-11T04:33:07.282+0800][info] GC(677)   Merge Heap Roots: 0.1ms
[2024-10-11T04:33:07.282+0800][info] GC(677)   Evacuate Collection Set: 0.9ms
[2024-10-11T04:33:07.282+0800][info] GC(677)   Post Evacuate Collection Set: 0.2ms
[2024-10-11T04:33:07.282+0800][info] GC(677)   Other: 0.2ms
[2024-10-11T04:33:07.282+0800][info] GC(677) Eden regions: 1->0(2)
[2024-10-11T04:33:07.282+0800][info] GC(677) Survivor regions: 1->1(1)
[2024-10-11T04:33:07.282+0800][info] GC(677) Old regions: 54->50
[2024-10-11T04:33:07.282+0800][info] GC(677) Archive regions: 2->2
[2024-10-11T04:33:07.282+0800][info] GC(677) Humongous regions: 3->3
[2024-10-11T04:33:07.282+0800][info] GC(677) Metaspace: 1697K(1856K)->1697K(1856K) NonClass: 1572K(1664K)->1572K(1664K) Class: 124K(192K)->124K(192K)
[2024-10-11T04:33:07.282+0800][info] GC(677) Pause Young (Mixed) (G1 Preventive Collection) 116M->108M(128M) 1.644ms
[2024-10-11T04:33:07.282+0800][info] GC(677) User=0.00s Sys=0.00s Real=0.00s
[2024-10-11T04:33:07.384+0800][info] GC(678) Pause Young (Mixed) (G1 Preventive Collection)
[2024-10-11T04:33:07.384+0800][info] GC(678) Using 3 workers of 48 for evacuation
[2024-10-11T04:33:07.386+0800][info] GC(678) To-space exhausted
[2024-10-11T04:33:07.387+0800][info] GC(678)   Pre Evacuate Collection Set: 0.2ms
[2024-10-11T04:33:07.387+0800][info] GC(678)   Merge Heap Roots: 0.1ms
[2024-10-11T04:33:07.387+0800][info] GC(678)   Evacuate Collection Set: 1.6ms
[2024-10-11T04:33:07.387+0800][info] GC(678)   Post Evacuate Collection Set: 0.2ms
[2024-10-11T04:33:07.387+0800][info] GC(678)   Other: 0.1ms
[2024-10-11T04:33:07.387+0800][info] GC(678) Eden regions: 2->0(2)
[2024-10-11T04:33:07.387+0800][info] GC(678) Survivor regions: 1->1(1)
[2024-10-11T04:33:07.387+0800][info] GC(678) Old regions: 50->50
[2024-10-11T04:33:07.387+0800][info] GC(678) Archive regions: 2->2
[2024-10-11T04:33:07.387+0800][info] GC(678) Humongous regions: 3->3
[2024-10-11T04:33:07.387+0800][info] GC(678) Metaspace: 1697K(1856K)->1697K(1856K) NonClass: 1572K(1664K)->1572K(1664K) Class: 124K(192K)->124K(192K)
[2024-10-11T04:33:07.387+0800][info] GC(678) Pause Young (Mixed) (G1 Preventive Collection) 111M->108M(128M) 2.348ms
[2024-10-11T04:33:07.387+0800][info] GC(678) User=0.01s Sys=0.00s Real=0.01s
[2024-10-11T04:33:07.489+0800][info] GC(679) Pause Young (Mixed) (G1 Preventive Collection)
[2024-10-11T04:33:07.489+0800][info] GC(679) Using 3 workers of 48 for evacuation
[2024-10-11T04:33:07.491+0800][info] GC(679) To-space exhausted
[2024-10-11T04:33:07.491+0800][info] GC(679)   Pre Evacuate Collection Set: 0.2ms
[2024-10-11T04:33:07.491+0800][info] GC(679)   Merge Heap Roots: 0.1ms
[2024-10-11T04:33:07.491+0800][info] GC(679)   Evacuate Collection Set: 1.8ms
[2024-10-11T04:33:07.491+0800][info] GC(679)   Post Evacuate Collection Set: 0.2ms
[2024-10-11T04:33:07.491+0800][info] GC(679)   Other: 0.1ms
[2024-10-11T04:33:07.491+0800][info] GC(679) Eden regions: 2->0(2)
[2024-10-11T04:33:07.491+0800][info] GC(679) Survivor regions: 1->1(1)
[2024-10-11T04:33:07.491+0800][info] GC(679) Old regions: 50->49
[2024-10-11T04:33:07.491+0800][info] GC(679) Archive regions: 2->2
[2024-10-11T04:33:07.491+0800][info] GC(679) Humongous regions: 3->3
[2024-10-11T04:33:07.491+0800][info] GC(679) Metaspace: 1697K(1856K)->1697K(1856K) NonClass: 1572K(1664K)->1572K(1664K) Class: 124K(192K)->124K(192K)
[2024-10-11T04:33:07.491+0800][info] GC(679) Pause Young (Mixed) (G1 Preventive Collection) 112M->106M(128M) 2.497ms
[2024-10-11T04:33:07.492+0800][info] GC(679) User=0.01s Sys=0.00s Real=0.00s
[2024-10-11T04:33:07.593+0800][info] GC(680) Pause Young (Mixed) (G1 Preventive Collection)
[2024-10-11T04:33:07.593+0800][info] GC(680) Using 3 workers of 48 for evacuation
[2024-10-11T04:33:07.596+0800][info] GC(680)   Pre Evacuate Collection Set: 0.1ms
[2024-10-11T04:33:07.596+0800][info] GC(680)   Merge Heap Roots: 0.1ms
[2024-10-11T04:33:07.596+0800][info] GC(680)   Evacuate Collection Set: 1.8ms
[2024-10-11T04:33:07.596+0800][info] GC(680)   Post Evacuate Collection Set: 0.2ms
[2024-10-11T04:33:07.596+0800][info] GC(680)   Other: 0.1ms
[2024-10-11T04:33:07.596+0800][info] GC(680) Eden regions: 2->0(2)
[2024-10-11T04:33:07.596+0800][info] GC(680) Survivor regions: 1->1(1)
[2024-10-11T04:33:07.596+0800][info] GC(680) Old regions: 49->48
[2024-10-11T04:33:07.596+0800][info] GC(680) Archive regions: 2->2
[2024-10-11T04:33:07.596+0800][info] GC(680) Humongous regions: 3->3
[2024-10-11T04:33:07.596+0800][info] GC(680) Metaspace: 1697K(1856K)->1697K(1856K) NonClass: 1572K(1664K)->1572K(1664K) Class: 124K(192K)->124K(192K)
[2024-10-11T04:33:07.596+0800][info] GC(680) Pause Young (Mixed) (G1 Preventive Collection) 110M->103M(128M) 2.434ms
[2024-10-11T04:33:07.596+0800][info] GC(680) User=0.01s Sys=0.00s Real=0.00s
[2024-10-11T04:33:07.698+0800][info] GC(681) Pause Young (Normal) (G1 Evacuation Pause)
[2024-10-11T04:33:07.698+0800][info] GC(681) Using 3 workers of 48 for evacuation
[2024-10-11T04:33:07.699+0800][info] GC(681)   Pre Evacuate Collection Set: 0.1ms
[2024-10-11T04:33:07.699+0800][info] GC(681)   Merge Heap Roots: 0.0ms
[2024-10-11T04:33:07.699+0800][info] GC(681)   Evacuate Collection Set: 0.8ms
[2024-10-11T04:33:07.699+0800][info] GC(681)   Post Evacuate Collection Set: 0.2ms
[2024-10-11T04:33:07.699+0800][info] GC(681)   Other: 0.2ms
[2024-10-11T04:33:07.699+0800][info] GC(681) Eden regions: 2->0(2)
[2024-10-11T04:33:07.699+0800][info] GC(681) Survivor regions: 1->1(1)
[2024-10-11T04:33:07.699+0800][info] GC(681) Old regions: 48->50
[2024-10-11T04:33:07.699+0800][info] GC(681) Archive regions: 2->2
[2024-10-11T04:33:07.699+0800][info] GC(681) Humongous regions: 3->3
[2024-10-11T04:33:07.699+0800][info] GC(681) Metaspace: 1697K(1856K)->1697K(1856K) NonClass: 1572K(1664K)->1572K(1664K) Class: 124K(192K)->124K(192K)
[2024-10-11T04:33:07.700+0800][info] GC(681) Pause Young (Normal) (G1 Evacuation Pause) 107M->107M(128M) 1.436ms
[2024-10-11T04:33:07.700+0800][info] GC(681) User=0.00s Sys=0.00s Real=0.00s
[2024-10-11T04:33:07.801+0800][info] GC(682) Pause Young (Concurrent Start) (G1 Evacuation Pause)
[2024-10-11T04:33:07.801+0800][info] GC(682) Using 3 workers of 48 for evacuation
[2024-10-11T04:33:07.803+0800][info] GC(682)   Pre Evacuate Collection Set: 0.1ms
[2024-10-11T04:33:07.803+0800][info] GC(682)   Merge Heap Roots: 0.0ms
[2024-10-11T04:33:07.803+0800][info] GC(682)   Evacuate Collection Set: 0.8ms
[2024-10-11T04:33:07.803+0800][info] GC(682)   Post Evacuate Collection Set: 0.2ms
[2024-10-11T04:33:07.803+0800][info] GC(682)   Other: 0.3ms
[2024-10-11T04:33:07.803+0800][info] GC(682) Eden regions: 2->0(2)
[2024-10-11T04:33:07.803+0800][info] GC(682) Survivor regions: 1->1(1)
[2024-10-11T04:33:07.803+0800][info] GC(682) Old regions: 50->52
[2024-10-11T04:33:07.803+0800][info] GC(682) Archive regions: 2->2
[2024-10-11T04:33:07.803+0800][info] GC(682) Humongous regions: 3->3
[2024-10-11T04:33:07.803+0800][info] GC(682) Metaspace: 1697K(1856K)->1697K(1856K) NonClass: 1572K(1664K)->1572K(1664K) Class: 124K(192K)->124K(192K)
[2024-10-11T04:33:07.803+0800][info] GC(682) Pause Young (Concurrent Start) (G1 Evacuation Pause) 111M->111M(128M) 1.635ms
[2024-10-11T04:33:07.803+0800][info] GC(682) User=0.00s Sys=0.00s Real=0.00s
[2024-10-11T04:33:07.803+0800][info] GC(683) Concurrent Mark Cycle
[2024-10-11T04:33:07.803+0800][info] GC(683) Concurrent Clear Claimed Marks
[2024-10-11T04:33:07.803+0800][info] GC(683) Concurrent Clear Claimed Marks 0.017ms
[2024-10-11T04:33:07.803+0800][info] GC(683) Concurrent Scan Root Regions
[2024-10-11T04:33:07.803+0800][info] GC(683) Concurrent Scan Root Regions 0.173ms
[2024-10-11T04:33:07.803+0800][info] GC(683) Concurrent Mark
[2024-10-11T04:33:07.803+0800][info] GC(683) Concurrent Mark From Roots
[2024-10-11T04:33:07.803+0800][info] GC(683) Using 12 workers of 12 for marking
[2024-10-11T04:33:07.808+0800][info] GC(683) Concurrent Mark From Roots 4.215ms
[2024-10-11T04:33:07.808+0800][info] GC(683) Concurrent Preclean
[2024-10-11T04:33:07.809+0800][info] GC(683) Concurrent Preclean 1.737ms
[2024-10-11T04:33:07.810+0800][info] GC(683) Pause Remark
[2024-10-11T04:33:07.811+0800][info] GC(683) Pause Remark 114M->110M(128M) 1.496ms
[2024-10-11T04:33:07.811+0800][info] GC(683) User=0.00s Sys=0.00s Real=0.00s
[2024-10-11T04:33:07.811+0800][info] GC(683) Concurrent Mark 7.762ms
[2024-10-11T04:33:07.811+0800][info] GC(683) Concurrent Rebuild Remembered Sets
[2024-10-11T04:33:07.813+0800][info] GC(683) Concurrent Rebuild Remembered Sets 1.657ms
[2024-10-11T04:33:07.813+0800][info] GC(683) Pause Cleanup
[2024-10-11T04:33:07.813+0800][info] GC(683) Pause Cleanup 110M->110M(128M) 0.188ms
[2024-10-11T04:33:07.813+0800][info] GC(683) User=0.00s Sys=0.00s Real=0.00s
[2024-10-11T04:33:07.813+0800][info] GC(683) Concurrent Cleanup for Next Mark
[2024-10-11T04:33:07.814+0800][info] GC(683) Concurrent Cleanup for Next Mark 0.494ms
[2024-10-11T04:33:07.814+0800][info] GC(683) Concurrent Mark Cycle 10.645ms
[2024-10-11T04:33:07.956+0800][info] GC(684) Pause Young (Prepare Mixed) (G1 Evacuation Pause)
[2024-10-11T04:33:07.957+0800][info] GC(684) Using 3 workers of 48 for evacuation
[2024-10-11T04:33:07.958+0800][info] GC(684)   Pre Evacuate Collection Set: 0.1ms
[2024-10-11T04:33:07.958+0800][info] GC(684)   Merge Heap Roots: 0.1ms
[2024-10-11T04:33:07.958+0800][info] GC(684)   Evacuate Collection Set: 0.9ms
[2024-10-11T04:33:07.958+0800][info] GC(684)   Post Evacuate Collection Set: 0.2ms
[2024-10-11T04:33:07.958+0800][info] GC(684)   Other: 0.2ms
[2024-10-11T04:33:07.958+0800][info] GC(684) Eden regions: 2->0(2)
[2024-10-11T04:33:07.958+0800][info] GC(684) Survivor regions: 1->1(1)
[2024-10-11T04:33:07.958+0800][info] GC(684) Old regions: 50->52
[2024-10-11T04:33:07.958+0800][info] GC(684) Archive regions: 2->2
[2024-10-11T04:33:07.958+0800][info] GC(684) Humongous regions: 4->3
[2024-10-11T04:33:07.958+0800][info] GC(684) Metaspace: 1697K(1856K)->1697K(1856K) NonClass: 1572K(1664K)->1572K(1664K) Class: 124K(192K)->124K(192K)
[2024-10-11T04:33:07.958+0800][info] GC(684) Pause Young (Prepare Mixed) (G1 Evacuation Pause) 113M->111M(128M) 1.563ms
[2024-10-11T04:33:07.958+0800][info] GC(684) User=0.00s Sys=0.00s Real=0.00s
[2024-10-11T04:33:08.060+0800][info] GC(685) Pause Young (Mixed) (G1 Preventive Collection)
[2024-10-11T04:33:08.060+0800][info] GC(685) Using 3 workers of 48 for evacuation
[2024-10-11T04:33:08.062+0800][info] GC(685) To-space exhausted
[2024-10-11T04:33:08.062+0800][info] GC(685)   Pre Evacuate Collection Set: 0.2ms
[2024-10-11T04:33:08.062+0800][info] GC(685)   Merge Heap Roots: 0.1ms
[2024-10-11T04:33:08.062+0800][info] GC(685)   Evacuate Collection Set: 1.7ms
[2024-10-11T04:33:08.062+0800][info] GC(685)   Post Evacuate Collection Set: 0.2ms
[2024-10-11T04:33:08.062+0800][info] GC(685)   Other: 0.2ms
[2024-10-11T04:33:08.062+0800][info] GC(685) Eden regions: 2->0(2)
[2024-10-11T04:33:08.062+0800][info] GC(685) Survivor regions: 1->1(1)
[2024-10-11T04:33:08.062+0800][info] GC(685) Old regions: 52->49
[2024-10-11T04:33:08.062+0800][info] GC(685) Archive regions: 2->2
[2024-10-11T04:33:08.062+0800][info] GC(685) Humongous regions: 3->3
[2024-10-11T04:33:08.062+0800][info] GC(685) Metaspace: 1697K(1856K)->1697K(1856K) NonClass: 1572K(1664K)->1572K(1664K) Class: 124K(192K)->124K(192K)
[2024-10-11T04:33:08.062+0800][info] GC(685) Pause Young (Mixed) (G1 Preventive Collection) 115M->107M(128M) 2.370ms
[2024-10-11T04:33:08.062+0800][info] GC(685) User=0.00s Sys=0.00s Real=0.00s
[2024-10-11T04:33:08.165+0800][info] GC(686) Pause Young (Mixed) (G1 Evacuation Pause)
[2024-10-11T04:33:08.165+0800][info] GC(686) Using 3 workers of 48 for evacuation
[2024-10-11T04:33:08.167+0800][info] GC(686)   Pre Evacuate Collection Set: 0.2ms
[2024-10-11T04:33:08.167+0800][info] GC(686)   Merge Heap Roots: 0.1ms
[2024-10-11T04:33:08.167+0800][info] GC(686)   Evacuate Collection Set: 1.6ms
[2024-10-11T04:33:08.167+0800][info] GC(686)   Post Evacuate Collection Set: 0.2ms
[2024-10-11T04:33:08.167+0800][info] GC(686)   Other: 0.2ms
[2024-10-11T04:33:08.167+0800][info] GC(686) Eden regions: 2->0(2)
[2024-10-11T04:33:08.167+0800][info] GC(686) Survivor regions: 1->1(1)
[2024-10-11T04:33:08.167+0800][info] GC(686) Old regions: 49->48
[2024-10-11T04:33:08.167+0800][info] GC(686) Archive regions: 2->2
[2024-10-11T04:33:08.167+0800][info] GC(686) Humongous regions: 3->3
[2024-10-11T04:33:08.167+0800][info] GC(686) Metaspace: 1697K(1856K)->1697K(1856K) NonClass: 1572K(1664K)->1572K(1664K) Class: 124K(192K)->124K(192K)
[2024-10-11T04:33:08.167+0800][info] GC(686) Pause Young (Mixed) (G1 Evacuation Pause) 110M->103M(128M) 2.307ms
[2024-10-11T04:33:08.167+0800][info] GC(686) User=0.01s Sys=0.00s Real=0.01s
[2024-10-11T04:33:08.269+0800][info] GC(687) Pause Young (Mixed) (G1 Evacuation Pause)
[2024-10-11T04:33:08.269+0800][info] GC(687) Using 3 workers of 48 for evacuation
[2024-10-11T04:33:08.271+0800][info] GC(687)   Pre Evacuate Collection Set: 0.2ms
[2024-10-11T04:33:08.271+0800][info] GC(687)   Merge Heap Roots: 0.1ms
[2024-10-11T04:33:08.271+0800][info] GC(687)   Evacuate Collection Set: 1.9ms
[2024-10-11T04:33:08.271+0800][info] GC(687)   Post Evacuate Collection Set: 0.2ms
[2024-10-11T04:33:08.271+0800][info] GC(687)   Other: 0.1ms
[2024-10-11T04:33:08.271+0800][info] GC(687) Eden regions: 2->0(2)
[2024-10-11T04:33:08.271+0800][info] GC(687) Survivor regions: 1->1(1)
[2024-10-11T04:33:08.271+0800][info] GC(687) Old regions: 48->48
[2024-10-11T04:33:08.271+0800][info] GC(687) Archive regions: 2->2
[2024-10-11T04:33:08.271+0800][info] GC(687) Humongous regions: 3->3
[2024-10-11T04:33:08.271+0800][info] GC(687) Metaspace: 1697K(1856K)->1697K(1856K) NonClass: 1572K(1664K)->1572K(1664K) Class: 124K(192K)->124K(192K)
[2024-10-11T04:33:08.271+0800][info] GC(687) Pause Young (Mixed) (G1 Evacuation Pause) 107M->103M(128M) 2.531ms
[2024-10-11T04:33:08.271+0800][info] GC(687) User=0.01s Sys=0.00s Real=0.00s
[2024-10-11T04:33:08.374+0800][info] GC(688) Pause Young (Mixed) (G1 Evacuation Pause)
[2024-10-11T04:33:08.374+0800][info] GC(688) Using 3 workers of 48 for evacuation
[2024-10-11T04:33:08.376+0800][info] GC(688)   Pre Evacuate Collection Set: 0.2ms
[2024-10-11T04:33:08.376+0800][info] GC(688)   Merge Heap Roots: 0.1ms
[2024-10-11T04:33:08.376+0800][info] GC(688)   Evacuate Collection Set: 2.0ms
[2024-10-11T04:33:08.376+0800][info] GC(688)   Post Evacuate Collection Set: 0.2ms
[2024-10-11T04:33:08.376+0800][info] GC(688)   Other: 0.1ms
[2024-10-11T04:33:08.376+0800][info] GC(688) Eden regions: 2->0(2)
[2024-10-11T04:33:08.376+0800][info] GC(688) Survivor regions: 1->1(1)
[2024-10-11T04:33:08.376+0800][info] GC(688) Old regions: 48->47
[2024-10-11T04:33:08.376+0800][info] GC(688) Archive regions: 2->2
[2024-10-11T04:33:08.376+0800][info] GC(688) Humongous regions: 3->3
[2024-10-11T04:33:08.376+0800][info] GC(688) Metaspace: 1697K(1856K)->1697K(1856K) NonClass: 1572K(1664K)->1572K(1664K) Class: 124K(192K)->124K(192K)
[2024-10-11T04:33:08.376+0800][info] GC(688) Pause Young (Mixed) (G1 Evacuation Pause) 107M->102M(128M) 2.677ms
[2024-10-11T04:33:08.376+0800][info] GC(688) User=0.00s Sys=0.00s Real=0.00s
[2024-10-11T04:33:08.478+0800][info] GC(689) Pause Young (Normal) (G1 Evacuation Pause)
[2024-10-11T04:33:08.478+0800][info] GC(689) Using 3 workers of 48 for evacuation
[2024-10-11T04:33:08.480+0800][info] GC(689)   Pre Evacuate Collection Set: 0.1ms
[2024-10-11T04:33:08.480+0800][info] GC(689)   Merge Heap Roots: 0.0ms
[2024-10-11T04:33:08.480+0800][info] GC(689)   Evacuate Collection Set: 0.8ms
[2024-10-11T04:33:08.480+0800][info] GC(689)   Post Evacuate Collection Set: 0.2ms
[2024-10-11T04:33:08.480+0800][info] GC(689)   Other: 0.2ms
[2024-10-11T04:33:08.480+0800][info] GC(689) Eden regions: 2->0(2)
[2024-10-11T04:33:08.480+0800][info] GC(689) Survivor regions: 1->1(1)
[2024-10-11T04:33:08.480+0800][info] GC(689) Old regions: 47->49
[2024-10-11T04:33:08.480+0800][info] GC(689) Archive regions: 2->2
[2024-10-11T04:33:08.480+0800][info] GC(689) Humongous regions: 3->3
[2024-10-11T04:33:08.480+0800][info] GC(689) Metaspace: 1697K(1856K)->1697K(1856K) NonClass: 1572K(1664K)->1572K(1664K) Class: 124K(192K)->124K(192K)
[2024-10-11T04:33:08.480+0800][info] GC(689) Pause Young (Normal) (G1 Evacuation Pause) 105M->106M(128M) 1.470ms
[2024-10-11T04:33:08.480+0800][info] GC(689) User=0.00s Sys=0.00s Real=0.00s
[2024-10-11T04:33:08.582+0800][info] GC(690) Pause Young (Normal) (G1 Evacuation Pause)
[2024-10-11T04:33:08.582+0800][info] GC(690) Using 3 workers of 48 for evacuation
[2024-10-11T04:33:08.583+0800][info] GC(690)   Pre Evacuate Collection Set: 0.1ms
[2024-10-11T04:33:08.583+0800][info] GC(690)   Merge Heap Roots: 0.0ms
[2024-10-11T04:33:08.583+0800][info] GC(690)   Evacuate Collection Set: 0.7ms
[2024-10-11T04:33:08.583+0800][info] GC(690)   Post Evacuate Collection Set: 0.2ms
[2024-10-11T04:33:08.583+0800][info] GC(690)   Other: 0.2ms
[2024-10-11T04:33:08.583+0800][info] GC(690) Eden regions: 2->0(2)
[2024-10-11T04:33:08.583+0800][info] GC(690) Survivor regions: 1->1(1)
[2024-10-11T04:33:08.583+0800][info] GC(690) Old regions: 49->51
[2024-10-11T04:33:08.583+0800][info] GC(690) Archive regions: 2->2
[2024-10-11T04:33:08.583+0800][info] GC(690) Humongous regions: 3->3
[2024-10-11T04:33:08.583+0800][info] GC(690) Metaspace: 1697K(1856K)->1697K(1856K) NonClass: 1572K(1664K)->1572K(1664K) Class: 124K(192K)->124K(192K)
[2024-10-11T04:33:08.583+0800][info] GC(690) Pause Young (Normal) (G1 Evacuation Pause) 109M->109M(128M) 1.312ms
[2024-10-11T04:33:08.583+0800][info] GC(690) User=0.00s Sys=0.00s Real=0.00s
[2024-10-11T04:33:08.685+0800][info] GC(691) Pause Young (Concurrent Start) (G1 Evacuation Pause)
[2024-10-11T04:33:08.685+0800][info] GC(691) Using 3 workers of 48 for evacuation
[2024-10-11T04:33:08.687+0800][info] GC(691)   Pre Evacuate Collection Set: 0.1ms
[2024-10-11T04:33:08.687+0800][info] GC(691)   Merge Heap Roots: 0.0ms
[2024-10-11T04:33:08.687+0800][info] GC(691)   Evacuate Collection Set: 0.8ms
[2024-10-11T04:33:08.687+0800][info] GC(691)   Post Evacuate Collection Set: 0.2ms
[2024-10-11T04:33:08.687+0800][info] GC(691)   Other: 0.3ms
[2024-10-11T04:33:08.687+0800][info] GC(691) Eden regions: 2->0(2)
[2024-10-11T04:33:08.687+0800][info] GC(691) Survivor regions: 1->1(1)
[2024-10-11T04:33:08.687+0800][info] GC(691) Old regions: 51->53
[2024-10-11T04:33:08.687+0800][info] GC(691) Archive regions: 2->2
[2024-10-11T04:33:08.687+0800][info] GC(691) Humongous regions: 3->3
[2024-10-11T04:33:08.687+0800][info] GC(691) Metaspace: 1697K(1856K)->1697K(1856K) NonClass: 1572K(1664K)->1572K(1664K) Class: 124K(192K)->124K(192K)
[2024-10-11T04:33:08.687+0800][info] GC(691) Pause Young (Concurrent Start) (G1 Evacuation Pause) 113M->114M(128M) 1.535ms
[2024-10-11T04:33:08.687+0800][info] GC(691) User=0.01s Sys=0.00s Real=0.00s
[2024-10-11T04:33:08.687+0800][info] GC(692) Concurrent Mark Cycle
[2024-10-11T04:33:08.687+0800][info] GC(692) Concurrent Clear Claimed Marks
[2024-10-11T04:33:08.687+0800][info] GC(692) Concurrent Clear Claimed Marks 0.017ms
[2024-10-11T04:33:08.687+0800][info] GC(692) Concurrent Scan Root Regions
[2024-10-11T04:33:08.687+0800][info] GC(692) Concurrent Scan Root Regions 0.112ms
[2024-10-11T04:33:08.687+0800][info] GC(692) Concurrent Mark
[2024-10-11T04:33:08.687+0800][info] GC(692) Concurrent Mark From Roots
[2024-10-11T04:33:08.687+0800][info] GC(692) Using 12 workers of 12 for marking
[2024-10-11T04:33:08.693+0800][info] GC(692) Concurrent Mark From Roots 5.807ms
[2024-10-11T04:33:08.693+0800][info] GC(692) Concurrent Preclean
[2024-10-11T04:33:08.695+0800][info] GC(692) Concurrent Preclean 1.701ms
[2024-10-11T04:33:08.695+0800][info] GC(692) Pause Remark
[2024-10-11T04:33:08.696+0800][info] GC(692) Pause Remark 114M->112M(128M) 1.423ms
[2024-10-11T04:33:08.696+0800][info] GC(692) User=0.00s Sys=0.00s Real=0.00s
[2024-10-11T04:33:08.696+0800][info] GC(692) Concurrent Mark 9.173ms
[2024-10-11T04:33:08.696+0800][info] GC(692) Concurrent Rebuild Remembered Sets
[2024-10-11T04:33:08.698+0800][info] GC(692) Concurrent Rebuild Remembered Sets 1.732ms
[2024-10-11T04:33:08.698+0800][info] GC(692) Pause Cleanup
[2024-10-11T04:33:08.698+0800][info] GC(692) Pause Cleanup 112M->112M(128M) 0.158ms
[2024-10-11T04:33:08.698+0800][info] GC(692) User=0.00s Sys=0.00s Real=0.00s
[2024-10-11T04:33:08.698+0800][info] GC(692) Concurrent Cleanup for Next Mark
[2024-10-11T04:33:08.699+0800][info] GC(692) Concurrent Cleanup for Next Mark 0.467ms
[2024-10-11T04:33:08.699+0800][info] GC(692) Concurrent Mark Cycle 11.927ms
[2024-10-11T04:33:08.840+0800][info] GC(693) Pause Young (Prepare Mixed) (G1 Preventive Collection)
[2024-10-11T04:33:08.840+0800][info] GC(693) Using 3 workers of 48 for evacuation
[2024-10-11T04:33:08.841+0800][info] GC(693)   Pre Evacuate Collection Set: 0.1ms
[2024-10-11T04:33:08.841+0800][info] GC(693)   Merge Heap Roots: 0.1ms
[2024-10-11T04:33:08.841+0800][info] GC(693)   Evacuate Collection Set: 0.8ms
[2024-10-11T04:33:08.841+0800][info] GC(693)   Post Evacuate Collection Set: 0.2ms
[2024-10-11T04:33:08.841+0800][info] GC(693)   Other: 0.2ms
[2024-10-11T04:33:08.841+0800][info] GC(693) Eden regions: 2->0(2)
[2024-10-11T04:33:08.841+0800][info] GC(693) Survivor regions: 1->1(1)
[2024-10-11T04:33:08.841+0800][info] GC(693) Old regions: 52->54
[2024-10-11T04:33:08.841+0800][info] GC(693) Archive regions: 2->2
[2024-10-11T04:33:08.841+0800][info] GC(693) Humongous regions: 3->3
[2024-10-11T04:33:08.841+0800][info] GC(693) Metaspace: 1697K(1856K)->1697K(1856K) NonClass: 1572K(1664K)->1572K(1664K) Class: 124K(192K)->124K(192K)
[2024-10-11T04:33:08.841+0800][info] GC(693) Pause Young (Prepare Mixed) (G1 Preventive Collection) 115M->115M(128M) 1.531ms
[2024-10-11T04:33:08.841+0800][info] GC(693) User=0.00s Sys=0.00s Real=0.00s
[2024-10-11T04:33:08.903+0800][info] GC(694) Pause Young (Mixed) (G1 Preventive Collection)
[2024-10-11T04:33:08.903+0800][info] GC(694) Using 3 workers of 48 for evacuation
[2024-10-11T04:33:08.904+0800][info] GC(694) To-space exhausted
[2024-10-11T04:33:08.904+0800][info] GC(694)   Pre Evacuate Collection Set: 0.2ms
[2024-10-11T04:33:08.904+0800][info] GC(694)   Merge Heap Roots: 0.1ms
[2024-10-11T04:33:08.904+0800][info] GC(694)   Evacuate Collection Set: 0.9ms
[2024-10-11T04:33:08.904+0800][info] GC(694)   Post Evacuate Collection Set: 0.2ms
[2024-10-11T04:33:08.904+0800][info] GC(694)   Other: 0.2ms
[2024-10-11T04:33:08.904+0800][info] GC(694) Eden regions: 1->0(2)
[2024-10-11T04:33:08.904+0800][info] GC(694) Survivor regions: 1->1(1)
[2024-10-11T04:33:08.904+0800][info] GC(694) Old regions: 54->52
[2024-10-11T04:33:08.904+0800][info] GC(694) Archive regions: 2->2
[2024-10-11T04:33:08.904+0800][info] GC(694) Humongous regions: 3->3
[2024-10-11T04:33:08.904+0800][info] GC(694) Metaspace: 1697K(1856K)->1697K(1856K) NonClass: 1572K(1664K)->1572K(1664K) Class: 124K(192K)->124K(192K)
[2024-10-11T04:33:08.904+0800][info] GC(694) Pause Young (Mixed) (G1 Preventive Collection) 117M->113M(128M) 1.550ms
[2024-10-11T04:33:08.904+0800][info] GC(694) User=0.01s Sys=0.00s Real=0.00s
[2024-10-11T04:33:08.945+0800][info] GC(695) Pause Young (Mixed) (G1 Preventive Collection)
[2024-10-11T04:33:08.945+0800][info] GC(695) Using 3 workers of 48 for evacuation
[2024-10-11T04:33:08.947+0800][info] GC(695)   Pre Evacuate Collection Set: 0.2ms
[2024-10-11T04:33:08.947+0800][info] GC(695)   Merge Heap Roots: 0.0ms
[2024-10-11T04:33:08.947+0800][info] GC(695)   Evacuate Collection Set: 1.3ms
[2024-10-11T04:33:08.947+0800][info] GC(695)   Post Evacuate Collection Set: 0.2ms
[2024-10-11T04:33:08.947+0800][info] GC(695)   Other: 0.1ms
[2024-10-11T04:33:08.947+0800][info] GC(695) Eden regions: 1->0(2)
[2024-10-11T04:33:08.947+0800][info] GC(695) Survivor regions: 1->1(1)
[2024-10-11T04:33:08.947+0800][info] GC(695) Old regions: 52->49
[2024-10-11T04:33:08.947+0800][info] GC(695) Archive regions: 2->2
[2024-10-11T04:33:08.947+0800][info] GC(695) Humongous regions: 3->3
[2024-10-11T04:33:08.947+0800][info] GC(695) Metaspace: 1697K(1856K)->1697K(1856K) NonClass: 1572K(1664K)->1572K(1664K) Class: 124K(192K)->124K(192K)
[2024-10-11T04:33:08.947+0800][info] GC(695) Pause Young (Mixed) (G1 Preventive Collection) 114M->106M(128M) 1.999ms
[2024-10-11T04:33:08.947+0800][info] GC(695) User=0.00s Sys=0.00s Real=0.00s
[2024-10-11T04:33:09.050+0800][info] GC(696) Pause Young (Mixed) (G1 Preventive Collection)
[2024-10-11T04:33:09.050+0800][info] GC(696) Using 3 workers of 48 for evacuation
[2024-10-11T04:33:09.052+0800][info] GC(696) To-space exhausted
[2024-10-11T04:33:09.052+0800][info] GC(696)   Pre Evacuate Collection Set: 0.2ms
[2024-10-11T04:33:09.052+0800][info] GC(696)   Merge Heap Roots: 0.1ms
[2024-10-11T04:33:09.052+0800][info] GC(696)   Evacuate Collection Set: 1.7ms
[2024-10-11T04:33:09.052+0800][info] GC(696)   Post Evacuate Collection Set: 0.2ms
[2024-10-11T04:33:09.052+0800][info] GC(696)   Other: 0.1ms
[2024-10-11T04:33:09.052+0800][info] GC(696) Eden regions: 2->0(2)
[2024-10-11T04:33:09.052+0800][info] GC(696) Survivor regions: 1->1(1)
[2024-10-11T04:33:09.052+0800][info] GC(696) Old regions: 49->51
[2024-10-11T04:33:09.052+0800][info] GC(696) Archive regions: 2->2
[2024-10-11T04:33:09.052+0800][info] GC(696) Humongous regions: 3->3
[2024-10-11T04:33:09.052+0800][info] GC(696) Metaspace: 1697K(1856K)->1697K(1856K) NonClass: 1572K(1664K)->1572K(1664K) Class: 124K(192K)->124K(192K)
[2024-10-11T04:33:09.052+0800][info] GC(696) Pause Young (Mixed) (G1 Preventive Collection) 109M->111M(128M) 2.444ms
[2024-10-11T04:33:09.052+0800][info] GC(696) User=0.01s Sys=0.00s Real=0.00s
[2024-10-11T04:33:09.113+0800][info] GC(697) Pause Young (Mixed) (G1 Preventive Collection)
[2024-10-11T04:33:09.113+0800][info] GC(697) Using 3 workers of 48 for evacuation
[2024-10-11T04:33:09.116+0800][info] GC(697) To-space exhausted
[2024-10-11T04:33:09.116+0800][info] GC(697)   Pre Evacuate Collection Set: 0.1ms
[2024-10-11T04:33:09.116+0800][info] GC(697)   Merge Heap Roots: 0.1ms
[2024-10-11T04:33:09.116+0800][info] GC(697)   Evacuate Collection Set: 1.7ms
[2024-10-11T04:33:09.116+0800][info] GC(697)   Post Evacuate Collection Set: 0.3ms
[2024-10-11T04:33:09.116+0800][info] GC(697)   Other: 0.1ms
[2024-10-11T04:33:09.116+0800][info] GC(697) Eden regions: 1->0(2)
[2024-10-11T04:33:09.116+0800][info] GC(697) Survivor regions: 1->1(1)
[2024-10-11T04:33:09.116+0800][info] GC(697) Old regions: 51->54
[2024-10-11T04:33:09.116+0800][info] GC(697) Archive regions: 2->2
[2024-10-11T04:33:09.116+0800][info] GC(697) Humongous regions: 3->3
[2024-10-11T04:33:09.116+0800][info] GC(697) Metaspace: 1697K(1856K)->1697K(1856K) NonClass: 1572K(1664K)->1572K(1664K) Class: 124K(192K)->124K(192K)
[2024-10-11T04:33:09.116+0800][info] GC(697) Pause Young (Mixed) (G1 Preventive Collection) 113M->117M(128M) 2.389ms
[2024-10-11T04:33:09.116+0800][info] GC(697) User=0.01s Sys=0.00s Real=0.00s
[2024-10-11T04:33:09.157+0800][info] GC(698) Pause Young (Mixed) (G1 Preventive Collection)
[2024-10-11T04:33:09.157+0800][info] GC(698) Using 3 workers of 48 for evacuation
[2024-10-11T04:33:09.158+0800][info] GC(698) To-space exhausted
[2024-10-11T04:33:09.158+0800][info] GC(698)   Pre Evacuate Collection Set: 0.2ms
[2024-10-11T04:33:09.158+0800][info] GC(698)   Merge Heap Roots: 0.1ms
[2024-10-11T04:33:09.158+0800][info] GC(698)   Evacuate Collection Set: 1.0ms
[2024-10-11T04:33:09.158+0800][info] GC(698)   Post Evacuate Collection Set: 0.3ms
[2024-10-11T04:33:09.158+0800][info] GC(698)   Other: 0.2ms
[2024-10-11T04:33:09.158+0800][info] GC(698) Eden regions: 1->0(2)
[2024-10-11T04:33:09.158+0800][info] GC(698) Survivor regions: 1->1(1)
[2024-10-11T04:33:09.158+0800][info] GC(698) Old regions: 54->57
[2024-10-11T04:33:09.158+0800][info] GC(698) Archive regions: 2->2
[2024-10-11T04:33:09.158+0800][info] GC(698) Humongous regions: 3->3
[2024-10-11T04:33:09.158+0800][info] GC(698) Metaspace: 1697K(1856K)->1697K(1856K) NonClass: 1572K(1664K)->1572K(1664K) Class: 124K(192K)->124K(192K)
[2024-10-11T04:33:09.159+0800][info] GC(698) Pause Young (Mixed) (G1 Preventive Collection) 118M->122M(128M) 1.849ms
[2024-10-11T04:33:09.159+0800][info] GC(698) User=0.00s Sys=0.00s Real=0.00s
[2024-10-11T04:33:09.220+0800][info] GC(699) Pause Young (Concurrent Start) (G1 Evacuation Pause)
[2024-10-11T04:33:09.220+0800][info] GC(699) Using 3 workers of 48 for evacuation
[2024-10-11T04:33:09.221+0800][info] GC(699) To-space exhausted
[2024-10-11T04:33:09.221+0800][info] GC(699)   Pre Evacuate Collection Set: 0.1ms
[2024-10-11T04:33:09.221+0800][info] GC(699)   Merge Heap Roots: 0.0ms
[2024-10-11T04:33:09.221+0800][info] GC(699)   Evacuate Collection Set: 0.3ms
[2024-10-11T04:33:09.221+0800][info] GC(699)   Post Evacuate Collection Set: 0.2ms
[2024-10-11T04:33:09.221+0800][info] GC(699)   Other: 0.4ms
[2024-10-11T04:33:09.221+0800][info] GC(699) Eden regions: 1->0(3)
[2024-10-11T04:33:09.221+0800][info] GC(699) Survivor regions: 1->0(0)
[2024-10-11T04:33:09.221+0800][info] GC(699) Old regions: 57->59
[2024-10-11T04:33:09.221+0800][info] GC(699) Archive regions: 2->2
[2024-10-11T04:33:09.221+0800][info] GC(699) Humongous regions: 3->3
[2024-10-11T04:33:09.221+0800][info] GC(699) Metaspace: 1697K(1856K)->1697K(1856K) NonClass: 1572K(1664K)->1572K(1664K) Class: 124K(192K)->124K(192K)
[2024-10-11T04:33:09.221+0800][info] GC(699) Pause Young (Concurrent Start) (G1 Evacuation Pause) 124M->124M(128M) 1.139ms
[2024-10-11T04:33:09.221+0800][info] GC(699) User=0.00s Sys=0.00s Real=0.00s
[2024-10-11T04:33:09.221+0800][info] Attempting full compaction
[2024-10-11T04:33:09.221+0800][info] GC(700) Using 3 workers of 48 for full compaction
[2024-10-11T04:33:09.221+0800][info] GC(700) Pause Full (G1 Compaction Pause)
[2024-10-11T04:33:09.221+0800][info] GC(701) Concurrent Mark Cycle
[2024-10-11T04:33:09.221+0800][info] GC(701) Concurrent Clear Claimed Marks
[2024-10-11T04:33:09.221+0800][info] GC(701) Concurrent Clear Claimed Marks 0.016ms
[2024-10-11T04:33:09.221+0800][info] GC(701) Concurrent Scan Root Regions
[2024-10-11T04:33:09.221+0800][info] GC(701) Concurrent Scan Root Regions 0.010ms
[2024-10-11T04:33:09.221+0800][info] GC(701) Concurrent Mark
[2024-10-11T04:33:09.221+0800][info] GC(701) Concurrent Mark From Roots
[2024-10-11T04:33:09.222+0800][info] GC(701) Using 12 workers of 12 for marking
[2024-10-11T04:33:09.222+0800][info] GC(700) Phase 1: Mark live objects
[2024-10-11T04:33:09.225+0800][info] GC(700) Phase 1: Mark live objects 3.380ms
[2024-10-11T04:33:09.225+0800][info] GC(700) Phase 2: Prepare for compaction
[2024-10-11T04:33:09.226+0800][info] GC(700) Phase 2: Prepare for compaction 0.632ms
[2024-10-11T04:33:09.226+0800][info] GC(700) Phase 3: Adjust pointers
[2024-10-11T04:33:09.228+0800][info] GC(700) Phase 3: Adjust pointers 1.732ms
[2024-10-11T04:33:09.228+0800][info] GC(700) Phase 4: Compact heap
[2024-10-11T04:33:09.240+0800][info] GC(700) Phase 4: Compact heap 12.463ms
[2024-10-11T04:33:09.242+0800][info] GC(700) Eden regions: 0->0(4)
[2024-10-11T04:33:09.242+0800][info] GC(700) Survivor regions: 0->0(0)
[2024-10-11T04:33:09.242+0800][info] GC(700) Old regions: 59->39
[2024-10-11T04:33:09.242+0800][info] GC(700) Archive regions: 2->2
[2024-10-11T04:33:09.242+0800][info] GC(700) Humongous regions: 3->3
[2024-10-11T04:33:09.242+0800][info] GC(700) Metaspace: 1697K(1856K)->1697K(1856K) NonClass: 1572K(1664K)->1572K(1664K) Class: 124K(192K)->124K(192K)
[2024-10-11T04:33:09.242+0800][info] GC(700) Pause Full (G1 Compaction Pause) 124M->72M(128M) 20.330ms
[2024-10-11T04:33:09.242+0800][info] GC(700) User=0.05s Sys=0.00s Real=0.02s
[2024-10-11T04:33:09.242+0800][info] GC(701) Concurrent Mark From Roots 20.535ms
[2024-10-11T04:33:09.242+0800][info] GC(701) Concurrent Mark Abort
[2024-10-11T04:33:09.242+0800][info] GC(701) Concurrent Mark Cycle 20.723ms
[2024-10-11T04:33:09.446+0800][info] GC(702) Pause Young (Normal) (G1 Evacuation Pause)
[2024-10-11T04:33:09.446+0800][info] GC(702) Using 3 workers of 48 for evacuation
[2024-10-11T04:33:09.448+0800][info] GC(702)   Pre Evacuate Collection Set: 0.1ms
[2024-10-11T04:33:09.448+0800][info] GC(702)   Merge Heap Roots: 0.0ms
[2024-10-11T04:33:09.448+0800][info] GC(702)   Evacuate Collection Set: 1.1ms
[2024-10-11T04:33:09.448+0800][info] GC(702)   Post Evacuate Collection Set: 0.2ms
[2024-10-11T04:33:09.448+0800][info] GC(702)   Other: 0.2ms
[2024-10-11T04:33:09.448+0800][info] GC(702) Eden regions: 4->0(2)
[2024-10-11T04:33:09.448+0800][info] GC(702) Survivor regions: 0->1(1)
[2024-10-11T04:33:09.448+0800][info] GC(702) Old regions: 39->42
[2024-10-11T04:33:09.448+0800][info] GC(702) Archive regions: 2->2
[2024-10-11T04:33:09.448+0800][info] GC(702) Humongous regions: 3->3
[2024-10-11T04:33:09.448+0800][info] GC(702) Metaspace: 1697K(1856K)->1697K(1856K) NonClass: 1572K(1664K)->1572K(1664K) Class: 124K(192K)->124K(192K)
[2024-10-11T04:33:09.448+0800][info] GC(702) Pause Young (Normal) (G1 Evacuation Pause) 79M->80M(128M) 1.770ms
[2024-10-11T04:33:09.448+0800][info] GC(702) User=0.00s Sys=0.00s Real=0.00s
[2024-10-11T04:33:09.550+0800][info] GC(703) Pause Young (Normal) (G1 Evacuation Pause)
[2024-10-11T04:33:09.550+0800][info] GC(703) Using 3 workers of 48 for evacuation
[2024-10-11T04:33:09.551+0800][info] GC(703)   Pre Evacuate Collection Set: 0.1ms
[2024-10-11T04:33:09.551+0800][info] GC(703)   Merge Heap Roots: 0.0ms
[2024-10-11T04:33:09.551+0800][info] GC(703)   Evacuate Collection Set: 0.7ms
[2024-10-11T04:33:09.551+0800][info] GC(703)   Post Evacuate Collection Set: 0.2ms
[2024-10-11T04:33:09.551+0800][info] GC(703)   Other: 0.2ms
[2024-10-11T04:33:09.551+0800][info] GC(703) Eden regions: 2->0(2)
[2024-10-11T04:33:09.551+0800][info] GC(703) Survivor regions: 1->1(1)
[2024-10-11T04:33:09.551+0800][info] GC(703) Old regions: 42->44
[2024-10-11T04:33:09.551+0800][info] GC(703) Archive regions: 2->2
[2024-10-11T04:33:09.551+0800][info] GC(703) Humongous regions: 3->3
[2024-10-11T04:33:09.551+0800][info] GC(703) Metaspace: 1697K(1856K)->1697K(1856K) NonClass: 1572K(1664K)->1572K(1664K) Class: 124K(192K)->124K(192K)
[2024-10-11T04:33:09.551+0800][info] GC(703) Pause Young (Normal) (G1 Evacuation Pause) 83M->83M(128M) 1.319ms
[2024-10-11T04:33:09.551+0800][info] GC(703) User=0.01s Sys=0.00s Real=0.00s
[2024-10-11T04:33:09.653+0800][info] GC(704) Pause Young (Normal) (G1 Evacuation Pause)
[2024-10-11T04:33:09.653+0800][info] GC(704) Using 3 workers of 48 for evacuation
[2024-10-11T04:33:09.655+0800][info] GC(704)   Pre Evacuate Collection Set: 0.1ms
[2024-10-11T04:33:09.655+0800][info] GC(704)   Merge Heap Roots: 0.0ms
[2024-10-11T04:33:09.655+0800][info] GC(704)   Evacuate Collection Set: 0.7ms
[2024-10-11T04:33:09.655+0800][info] GC(704)   Post Evacuate Collection Set: 0.2ms
[2024-10-11T04:33:09.655+0800][info] GC(704)   Other: 0.2ms
[2024-10-11T04:33:09.655+0800][info] GC(704) Eden regions: 2->0(2)
[2024-10-11T04:33:09.655+0800][info] GC(704) Survivor regions: 1->1(1)
[2024-10-11T04:33:09.655+0800][info] GC(704) Old regions: 44->46
[2024-10-11T04:33:09.655+0800][info] GC(704) Archive regions: 2->2
[2024-10-11T04:33:09.655+0800][info] GC(704) Humongous regions: 3->3
[2024-10-11T04:33:09.655+0800][info] GC(704) Metaspace: 1697K(1856K)->1697K(1856K) NonClass: 1572K(1664K)->1572K(1664K) Class: 124K(192K)->124K(192K)
[2024-10-11T04:33:09.655+0800][info] GC(704) Pause Young (Normal) (G1 Evacuation Pause) 87M->87M(128M) 1.287ms
[2024-10-11T04:33:09.655+0800][info] GC(704) User=0.00s Sys=0.00s Real=0.00s
[2024-10-11T04:33:09.757+0800][info] GC(705) Pause Young (Normal) (G1 Evacuation Pause)
[2024-10-11T04:33:09.757+0800][info] GC(705) Using 3 workers of 48 for evacuation
[2024-10-11T04:33:09.758+0800][info] GC(705)   Pre Evacuate Collection Set: 0.1ms
[2024-10-11T04:33:09.758+0800][info] GC(705)   Merge Heap Roots: 0.0ms
[2024-10-11T04:33:09.758+0800][info] GC(705)   Evacuate Collection Set: 0.7ms
[2024-10-11T04:33:09.758+0800][info] GC(705)   Post Evacuate Collection Set: 0.2ms
[2024-10-11T04:33:09.758+0800][info] GC(705)   Other: 0.2ms
[2024-10-11T04:33:09.758+0800][info] GC(705) Eden regions: 2->0(2)
[2024-10-11T04:33:09.758+0800][info] GC(705) Survivor regions: 1->1(1)
[2024-10-11T04:33:09.758+0800][info] GC(705) Old regions: 46->48
[2024-10-11T04:33:09.758+0800][info] GC(705) Archive regions: 2->2
[2024-10-11T04:33:09.758+0800][info] GC(705) Humongous regions: 3->3
[2024-10-11T04:33:09.758+0800][info] GC(705) Metaspace: 1697K(1856K)->1697K(1856K) NonClass: 1572K(1664K)->1572K(1664K) Class: 124K(192K)->124K(192K)
[2024-10-11T04:33:09.758+0800][info] GC(705) Pause Young (Normal) (G1 Evacuation Pause) 91M->91M(128M) 1.319ms
[2024-10-11T04:33:09.758+0800][info] GC(705) User=0.00s Sys=0.00s Real=0.00s
[2024-10-11T04:33:09.860+0800][info] GC(706) Pause Young (Concurrent Start) (G1 Evacuation Pause)
[2024-10-11T04:33:09.860+0800][info] GC(706) Using 3 workers of 48 for evacuation
[2024-10-11T04:33:09.861+0800][info] GC(706)   Pre Evacuate Collection Set: 0.1ms
[2024-10-11T04:33:09.861+0800][info] GC(706)   Merge Heap Roots: 0.0ms
[2024-10-11T04:33:09.861+0800][info] GC(706)   Evacuate Collection Set: 0.7ms
[2024-10-11T04:33:09.861+0800][info] GC(706)   Post Evacuate Collection Set: 0.2ms
[2024-10-11T04:33:09.861+0800][info] GC(706)   Other: 0.3ms
[2024-10-11T04:33:09.861+0800][info] GC(706) Eden regions: 2->0(2)
[2024-10-11T04:33:09.861+0800][info] GC(706) Survivor regions: 1->1(1)
[2024-10-11T04:33:09.861+0800][info] GC(706) Old regions: 48->50
[2024-10-11T04:33:09.862+0800][info] GC(706) Archive regions: 2->2
[2024-10-11T04:33:09.862+0800][info] GC(706) Humongous regions: 3->3
[2024-10-11T04:33:09.862+0800][info] GC(706) Metaspace: 1697K(1856K)->1697K(1856K) NonClass: 1572K(1664K)->1572K(1664K) Class: 124K(192K)->124K(192K)
[2024-10-11T04:33:09.862+0800][info] GC(706) Pause Young (Concurrent Start) (G1 Evacuation Pause) 94M->94M(128M) 1.468ms
[2024-10-11T04:33:09.862+0800][info] GC(706) User=0.00s Sys=0.00s Real=0.00s
[2024-10-11T04:33:09.862+0800][info] GC(707) Concurrent Mark Cycle
[2024-10-11T04:33:09.862+0800][info] GC(707) Concurrent Clear Claimed Marks
[2024-10-11T04:33:09.862+0800][info] GC(707) Concurrent Clear Claimed Marks 0.017ms
[2024-10-11T04:33:09.862+0800][info] GC(707) Concurrent Scan Root Regions
[2024-10-11T04:33:09.862+0800][info] GC(707) Concurrent Scan Root Regions 0.154ms
[2024-10-11T04:33:09.862+0800][info] GC(707) Concurrent Mark
[2024-10-11T04:33:09.862+0800][info] GC(707) Concurrent Mark From Roots
[2024-10-11T04:33:09.862+0800][info] GC(707) Using 12 workers of 12 for marking
[2024-10-11T04:33:09.866+0800][info] GC(707) Concurrent Mark From Roots 4.224ms
[2024-10-11T04:33:09.866+0800][info] GC(707) Concurrent Preclean
[2024-10-11T04:33:09.868+0800][info] GC(707) Concurrent Preclean 1.692ms
[2024-10-11T04:33:09.868+0800][info] GC(707) Pause Remark
[2024-10-11T04:33:09.869+0800][info] GC(707) Pause Remark 95M->95M(128M) 1.414ms
[2024-10-11T04:33:09.869+0800][info] GC(707) User=0.00s Sys=0.00s Real=0.00s
[2024-10-11T04:33:09.869+0800][info] GC(707) Concurrent Mark 7.552ms
[2024-10-11T04:33:09.870+0800][info] GC(707) Concurrent Rebuild Remembered Sets
[2024-10-11T04:33:09.871+0800][info] GC(707) Concurrent Rebuild Remembered Sets 1.563ms
[2024-10-11T04:33:09.871+0800][info] GC(707) Pause Cleanup
[2024-10-11T04:33:09.871+0800][info] GC(707) Pause Cleanup 95M->95M(128M) 0.201ms
[2024-10-11T04:33:09.871+0800][info] GC(707) User=0.00s Sys=0.00s Real=0.00s
[2024-10-11T04:33:09.871+0800][info] GC(707) Concurrent Cleanup for Next Mark
[2024-10-11T04:33:09.872+0800][info] GC(707) Concurrent Cleanup for Next Mark 0.461ms
[2024-10-11T04:33:09.872+0800][info] GC(707) Concurrent Mark Cycle 10.285ms
[2024-10-11T04:33:10.014+0800][info] GC(708) Pause Young (Prepare Mixed) (G1 Evacuation Pause)
[2024-10-11T04:33:10.014+0800][info] GC(708) Using 3 workers of 48 for evacuation
[2024-10-11T04:33:10.016+0800][info] GC(708)   Pre Evacuate Collection Set: 0.1ms
[2024-10-11T04:33:10.016+0800][info] GC(708)   Merge Heap Roots: 0.1ms
[2024-10-11T04:33:10.016+0800][info] GC(708)   Evacuate Collection Set: 0.7ms
[2024-10-11T04:33:10.016+0800][info] GC(708)   Post Evacuate Collection Set: 0.2ms
[2024-10-11T04:33:10.016+0800][info] GC(708)   Other: 0.2ms
[2024-10-11T04:33:10.016+0800][info] GC(708) Eden regions: 2->0(2)
[2024-10-11T04:33:10.016+0800][info] GC(708) Survivor regions: 1->1(1)
[2024-10-11T04:33:10.016+0800][info] GC(708) Old regions: 50->51
[2024-10-11T04:33:10.016+0800][info] GC(708) Archive regions: 2->2
[2024-10-11T04:33:10.016+0800][info] GC(708) Humongous regions: 3->3
[2024-10-11T04:33:10.016+0800][info] GC(708) Metaspace: 1697K(1856K)->1697K(1856K) NonClass: 1572K(1664K)->1572K(1664K) Class: 124K(192K)->124K(192K)
[2024-10-11T04:33:10.016+0800][info] GC(708) Pause Young (Prepare Mixed) (G1 Evacuation Pause) 98M->97M(128M) 1.421ms
[2024-10-11T04:33:10.016+0800][info] GC(708) User=0.01s Sys=0.00s Real=0.00s
[2024-10-11T04:33:10.058+0800][info] Heap
[2024-10-11T04:33:10.058+0800][info]  garbage-first heap   total 131072K, used 101513K [0x00000000f8000000, 0x0000000100000000)
[2024-10-11T04:33:10.058+0800][info]   region size 2048K, 2 young (4096K), 1 survivors (2048K)
[2024-10-11T04:33:10.058+0800][info]  Metaspace       used 1697K, committed 1856K, reserved 1114112K
[2024-10-11T04:33:10.058+0800][info]   class space    used 124K, committed 192K, reserved 1048576K
