[2024-10-12T10:01:35.729+0800][info] Using G1
[2024-10-12T10:01:35.733+0800][info] Version: 17.0.11-internal+0-adhoc.cxl.TencentKona-17-TencentKona-17.0.11 (release)
[2024-10-12T10:01:35.733+0800][info] CPUs: 72 total, 72 available
[2024-10-12T10:01:35.733+0800][info] Memory: 125G
[2024-10-12T10:01:35.733+0800][info] Large Page Support: Disabled
[2024-10-12T10:01:35.733+0800][info] NUMA Support: Disabled
[2024-10-12T10:01:35.733+0800][info] Compressed Oops: Enabled (32-bit)
[2024-10-12T10:01:35.733+0800][info] Heap Region Size: 2M
[2024-10-12T10:01:35.733+0800][info] Heap Min Capacity: 256M
[2024-10-12T10:01:35.733+0800][info] Heap Initial Capacity: 256M
[2024-10-12T10:01:35.733+0800][info] Heap Max Capacity: 256M
[2024-10-12T10:01:35.733+0800][info] Pre-touch: Disabled
[2024-10-12T10:01:35.733+0800][info] Parallel Workers: 48
[2024-10-12T10:01:35.733+0800][info] Concurrent Workers: 12
[2024-10-12T10:01:35.733+0800][info] Concurrent Refinement Workers: 48
[2024-10-12T10:01:35.733+0800][info] Periodic GC: Disabled
[2024-10-12T10:01:35.745+0800][info] CDS archive(s) mapped at: [0x00007c9593000000-0x00007c9593bc7000-0x00007c9593bc7000), size 12349440, SharedBaseAddress: 0x00007c9593000000, ArchiveRelocationMode: 1.
[2024-10-12T10:01:35.745+0800][info] Compressed class space mapped at: 0x00007c9594000000-0x00007c95d4000000, reserved size: 1073741824
[2024-10-12T10:01:35.745+0800][info] Narrow klass base: 0x00007c9593000000, Narrow klass shift: 0, Narrow klass range: 0x100000000
[2024-10-12T10:01:36.085+0800][info] GC(0) Pause Young (Normal) (G1 Evacuation Pause)
[2024-10-12T10:01:36.086+0800][info] GC(0) Using 6 workers of 48 for evacuation
[2024-10-12T10:01:36.090+0800][info] GC(0)   Pre Evacuate Collection Set: 0.1ms
[2024-10-12T10:01:36.090+0800][info] GC(0)   Merge Heap Roots: 0.0ms
[2024-10-12T10:01:36.090+0800][info] GC(0)   Evacuate Collection Set: 3.1ms
[2024-10-12T10:01:36.090+0800][info] GC(0)   Post Evacuate Collection Set: 0.6ms
[2024-10-12T10:01:36.090+0800][info] GC(0)   Other: 1.4ms
[2024-10-12T10:01:36.090+0800][info] GC(0) Eden regions: 6->0(5)
[2024-10-12T10:01:36.090+0800][info] GC(0) Survivor regions: 0->1(1)
[2024-10-12T10:01:36.090+0800][info] GC(0) Old regions: 0->4
[2024-10-12T10:01:36.090+0800][info] GC(0) Archive regions: 2->2
[2024-10-12T10:01:36.090+0800][info] GC(0) Humongous regions: 1->1
[2024-10-12T10:01:36.090+0800][info] GC(0) Metaspace: 1235K(1344K)->1235K(1344K) NonClass: 1107K(1152K)->1107K(1152K) Class: 127K(192K)->127K(192K)
[2024-10-12T10:01:36.090+0800][info] GC(0) Pause Young (Normal) (G1 Evacuation Pause) 15M->13M(256M) 5.333ms
[2024-10-12T10:01:36.090+0800][info] GC(0) User=0.01s Sys=0.01s Real=0.01s
[2024-10-12T10:01:36.385+0800][info] GC(1) Pause Young (Normal) (G1 Evacuation Pause)
[2024-10-12T10:01:36.385+0800][info] GC(1) Using 6 workers of 48 for evacuation
[2024-10-12T10:01:36.389+0800][info] GC(1)   Pre Evacuate Collection Set: 0.1ms
[2024-10-12T10:01:36.389+0800][info] GC(1)   Merge Heap Roots: 0.1ms
[2024-10-12T10:01:36.389+0800][info] GC(1)   Evacuate Collection Set: 3.1ms
[2024-10-12T10:01:36.389+0800][info] GC(1)   Post Evacuate Collection Set: 0.7ms
[2024-10-12T10:01:36.389+0800][info] GC(1)   Other: 0.3ms
[2024-10-12T10:01:36.389+0800][info] GC(1) Eden regions: 5->0(5)
[2024-10-12T10:01:36.389+0800][info] GC(1) Survivor regions: 1->1(1)
[2024-10-12T10:01:36.389+0800][info] GC(1) Old regions: 4->9
[2024-10-12T10:01:36.389+0800][info] GC(1) Archive regions: 2->2
[2024-10-12T10:01:36.389+0800][info] GC(1) Humongous regions: 1->1
[2024-10-12T10:01:36.389+0800][info] GC(1) Metaspace: 1370K(1536K)->1370K(1536K) NonClass: 1235K(1344K)->1235K(1344K) Class: 135K(192K)->135K(192K)
[2024-10-12T10:01:36.389+0800][info] GC(1) Pause Young (Normal) (G1 Evacuation Pause) 23M->22M(256M) 4.461ms
[2024-10-12T10:01:36.389+0800][info] GC(1) User=0.01s Sys=0.01s Real=0.01s
[2024-10-12T10:01:36.659+0800][info] GC(2) Pause Young (Normal) (G1 Evacuation Pause)
[2024-10-12T10:01:36.659+0800][info] GC(2) Using 6 workers of 48 for evacuation
[2024-10-12T10:01:36.663+0800][info] GC(2)   Pre Evacuate Collection Set: 0.1ms
[2024-10-12T10:01:36.663+0800][info] GC(2)   Merge Heap Roots: 0.1ms
[2024-10-12T10:01:36.663+0800][info] GC(2)   Evacuate Collection Set: 3.6ms
[2024-10-12T10:01:36.663+0800][info] GC(2)   Post Evacuate Collection Set: 0.2ms
[2024-10-12T10:01:36.663+0800][info] GC(2)   Other: 0.2ms
[2024-10-12T10:01:36.663+0800][info] GC(2) Eden regions: 5->0(5)
[2024-10-12T10:01:36.663+0800][info] GC(2) Survivor regions: 1->1(1)
[2024-10-12T10:01:36.663+0800][info] GC(2) Old regions: 9->13
[2024-10-12T10:01:36.663+0800][info] GC(2) Archive regions: 2->2
[2024-10-12T10:01:36.663+0800][info] GC(2) Humongous regions: 1->1
[2024-10-12T10:01:36.663+0800][info] GC(2) Metaspace: 1381K(1536K)->1381K(1536K) NonClass: 1245K(1344K)->1245K(1344K) Class: 135K(192K)->135K(192K)
[2024-10-12T10:01:36.663+0800][info] GC(2) Pause Young (Normal) (G1 Evacuation Pause) 31M->30M(256M) 4.331ms
[2024-10-12T10:01:36.663+0800][info] GC(2) User=0.00s Sys=0.02s Real=0.00s
[2024-10-12T10:01:36.934+0800][info] GC(3) Pause Young (Normal) (G1 Evacuation Pause)
[2024-10-12T10:01:36.934+0800][info] GC(3) Using 6 workers of 48 for evacuation
[2024-10-12T10:01:36.938+0800][info] GC(3)   Pre Evacuate Collection Set: 0.1ms
[2024-10-12T10:01:36.938+0800][info] GC(3)   Merge Heap Roots: 0.0ms
[2024-10-12T10:01:36.938+0800][info] GC(3)   Evacuate Collection Set: 3.0ms
[2024-10-12T10:01:36.938+0800][info] GC(3)   Post Evacuate Collection Set: 0.2ms
[2024-10-12T10:01:36.938+0800][info] GC(3)   Other: 0.2ms
[2024-10-12T10:01:36.938+0800][info] GC(3) Eden regions: 5->0(5)
[2024-10-12T10:01:36.938+0800][info] GC(3) Survivor regions: 1->1(1)
[2024-10-12T10:01:36.938+0800][info] GC(3) Old regions: 13->17
[2024-10-12T10:01:36.938+0800][info] GC(3) Archive regions: 2->2
[2024-10-12T10:01:36.938+0800][info] GC(3) Humongous regions: 1->1
[2024-10-12T10:01:36.938+0800][info] GC(3) Metaspace: 1387K(1536K)->1387K(1536K) NonClass: 1251K(1344K)->1251K(1344K) Class: 135K(192K)->135K(192K)
[2024-10-12T10:01:36.938+0800][info] GC(3) Pause Young (Normal) (G1 Evacuation Pause) 40M->39M(256M) 3.628ms
[2024-10-12T10:01:36.938+0800][info] GC(3) User=0.00s Sys=0.02s Real=0.00s
[2024-10-12T10:01:37.208+0800][info] GC(4) Pause Young (Normal) (G1 Evacuation Pause)
[2024-10-12T10:01:37.208+0800][info] GC(4) Using 6 workers of 48 for evacuation
[2024-10-12T10:01:37.212+0800][info] GC(4)   Pre Evacuate Collection Set: 0.1ms
[2024-10-12T10:01:37.212+0800][info] GC(4)   Merge Heap Roots: 0.1ms
[2024-10-12T10:01:37.212+0800][info] GC(4)   Evacuate Collection Set: 3.5ms
[2024-10-12T10:01:37.212+0800][info] GC(4)   Post Evacuate Collection Set: 0.2ms
[2024-10-12T10:01:37.212+0800][info] GC(4)   Other: 0.2ms
[2024-10-12T10:01:37.212+0800][info] GC(4) Eden regions: 5->0(6)
[2024-10-12T10:01:37.212+0800][info] GC(4) Survivor regions: 1->1(1)
[2024-10-12T10:01:37.212+0800][info] GC(4) Old regions: 17->22
[2024-10-12T10:01:37.212+0800][info] GC(4) Archive regions: 2->2
[2024-10-12T10:01:37.212+0800][info] GC(4) Humongous regions: 1->1
[2024-10-12T10:01:37.212+0800][info] GC(4) Metaspace: 1392K(1536K)->1392K(1536K) NonClass: 1256K(1344K)->1256K(1344K) Class: 135K(192K)->135K(192K)
[2024-10-12T10:01:37.212+0800][info] GC(4) Pause Young (Normal) (G1 Evacuation Pause) 49M->48M(256M) 4.196ms
[2024-10-12T10:01:37.212+0800][info] GC(4) User=0.00s Sys=0.02s Real=0.00s
[2024-10-12T10:01:37.543+0800][info] GC(5) Pause Young (Normal) (G1 Evacuation Pause)
[2024-10-12T10:01:37.543+0800][info] GC(5) Using 6 workers of 48 for evacuation
[2024-10-12T10:01:37.548+0800][info] GC(5)   Pre Evacuate Collection Set: 0.1ms
[2024-10-12T10:01:37.548+0800][info] GC(5)   Merge Heap Roots: 0.1ms
[2024-10-12T10:01:37.548+0800][info] GC(5)   Evacuate Collection Set: 4.3ms
[2024-10-12T10:01:37.548+0800][info] GC(5)   Post Evacuate Collection Set: 0.2ms
[2024-10-12T10:01:37.548+0800][info] GC(5)   Other: 0.2ms
[2024-10-12T10:01:37.548+0800][info] GC(5) Eden regions: 6->0(9)
[2024-10-12T10:01:37.548+0800][info] GC(5) Survivor regions: 1->1(1)
[2024-10-12T10:01:37.548+0800][info] GC(5) Old regions: 22->27
[2024-10-12T10:01:37.548+0800][info] GC(5) Archive regions: 2->2
[2024-10-12T10:01:37.548+0800][info] GC(5) Humongous regions: 1->1
[2024-10-12T10:01:37.548+0800][info] GC(5) Metaspace: 1400K(1536K)->1400K(1536K) NonClass: 1264K(1344K)->1264K(1344K) Class: 135K(192K)->135K(192K)
[2024-10-12T10:01:37.548+0800][info] GC(5) Pause Young (Normal) (G1 Evacuation Pause) 60M->59M(256M) 5.055ms
[2024-10-12T10:01:37.548+0800][info] GC(5) User=0.00s Sys=0.02s Real=0.01s
[2024-10-12T10:01:38.056+0800][info] GC(6) Pause Young (Normal) (G1 Evacuation Pause)
[2024-10-12T10:01:38.056+0800][info] GC(6) Using 6 workers of 48 for evacuation
[2024-10-12T10:01:38.063+0800][info] GC(6)   Pre Evacuate Collection Set: 0.1ms
[2024-10-12T10:01:38.063+0800][info] GC(6)   Merge Heap Roots: 0.1ms
[2024-10-12T10:01:38.063+0800][info] GC(6)   Evacuate Collection Set: 5.8ms
[2024-10-12T10:01:38.063+0800][info] GC(6)   Post Evacuate Collection Set: 0.2ms
[2024-10-12T10:01:38.063+0800][info] GC(6)   Other: 0.3ms
[2024-10-12T10:01:38.063+0800][info] GC(6) Eden regions: 9->0(9)
[2024-10-12T10:01:38.063+0800][info] GC(6) Survivor regions: 1->2(2)
[2024-10-12T10:01:38.063+0800][info] GC(6) Old regions: 27->34
[2024-10-12T10:01:38.063+0800][info] GC(6) Archive regions: 2->2
[2024-10-12T10:01:38.063+0800][info] GC(6) Humongous regions: 2->2
[2024-10-12T10:01:38.063+0800][info] GC(6) Metaspace: 1420K(1536K)->1420K(1536K) NonClass: 1284K(1344K)->1284K(1344K) Class: 135K(192K)->135K(192K)
[2024-10-12T10:01:38.063+0800][info] GC(6) Pause Young (Normal) (G1 Evacuation Pause) 78M->76M(256M) 6.544ms
[2024-10-12T10:01:38.063+0800][info] GC(6) User=0.00s Sys=0.04s Real=0.00s
[2024-10-12T10:01:38.563+0800][info] GC(7) Pause Young (Normal) (G1 Evacuation Pause)
[2024-10-12T10:01:38.563+0800][info] GC(7) Using 6 workers of 48 for evacuation
[2024-10-12T10:01:38.570+0800][info] GC(7)   Pre Evacuate Collection Set: 0.1ms
[2024-10-12T10:01:38.570+0800][info] GC(7)   Merge Heap Roots: 0.1ms
[2024-10-12T10:01:38.570+0800][info] GC(7)   Evacuate Collection Set: 6.7ms
[2024-10-12T10:01:38.570+0800][info] GC(7)   Post Evacuate Collection Set: 0.2ms
[2024-10-12T10:01:38.571+0800][info] GC(7)   Other: 0.3ms
[2024-10-12T10:01:38.571+0800][info] GC(7) Eden regions: 9->0(10)
[2024-10-12T10:01:38.571+0800][info] GC(7) Survivor regions: 2->2(2)
[2024-10-12T10:01:38.571+0800][info] GC(7) Old regions: 34->43
[2024-10-12T10:01:38.571+0800][info] GC(7) Archive regions: 2->2
[2024-10-12T10:01:38.571+0800][info] GC(7) Humongous regions: 2->2
[2024-10-12T10:01:38.571+0800][info] GC(7) Metaspace: 1480K(1600K)->1480K(1600K) NonClass: 1344K(1408K)->1344K(1408K) Class: 135K(192K)->135K(192K)
[2024-10-12T10:01:38.571+0800][info] GC(7) Pause Young (Normal) (G1 Evacuation Pause) 94M->94M(256M) 7.433ms
[2024-10-12T10:01:38.571+0800][info] GC(7) User=0.01s Sys=0.03s Real=0.01s
[2024-10-12T10:01:39.131+0800][info] GC(8) Pause Young (Normal) (G1 Evacuation Pause)
[2024-10-12T10:01:39.131+0800][info] GC(8) Using 6 workers of 48 for evacuation
[2024-10-12T10:01:39.138+0800][info] GC(8)   Pre Evacuate Collection Set: 0.1ms
[2024-10-12T10:01:39.138+0800][info] GC(8)   Merge Heap Roots: 0.1ms
[2024-10-12T10:01:39.138+0800][info] GC(8)   Evacuate Collection Set: 6.8ms
[2024-10-12T10:01:39.138+0800][info] GC(8)   Post Evacuate Collection Set: 0.2ms
[2024-10-12T10:01:39.138+0800][info] GC(8)   Other: 0.3ms
[2024-10-12T10:01:39.138+0800][info] GC(8) Eden regions: 10->0(13)
[2024-10-12T10:01:39.138+0800][info] GC(8) Survivor regions: 2->2(2)
[2024-10-12T10:01:39.138+0800][info] GC(8) Old regions: 43->52
[2024-10-12T10:01:39.138+0800][info] GC(8) Archive regions: 2->2
[2024-10-12T10:01:39.138+0800][info] GC(8) Humongous regions: 2->2
[2024-10-12T10:01:39.138+0800][info] GC(8) Metaspace: 1516K(1664K)->1516K(1664K) NonClass: 1381K(1472K)->1381K(1472K) Class: 135K(192K)->135K(192K)
[2024-10-12T10:01:39.139+0800][info] GC(8) Pause Young (Normal) (G1 Evacuation Pause) 114M->112M(256M) 7.597ms
[2024-10-12T10:01:39.139+0800][info] GC(8) User=0.01s Sys=0.03s Real=0.01s
[2024-10-12T10:01:39.844+0800][info] GC(9) Pause Young (Normal) (G1 Evacuation Pause)
[2024-10-12T10:01:39.844+0800][info] GC(9) Using 6 workers of 48 for evacuation
[2024-10-12T10:01:39.853+0800][info] GC(9)   Pre Evacuate Collection Set: 0.1ms
[2024-10-12T10:01:39.853+0800][info] GC(9)   Merge Heap Roots: 0.1ms
[2024-10-12T10:01:39.853+0800][info] GC(9)   Evacuate Collection Set: 8.9ms
[2024-10-12T10:01:39.853+0800][info] GC(9)   Post Evacuate Collection Set: 0.2ms
[2024-10-12T10:01:39.853+0800][info] GC(9)   Other: 0.3ms
[2024-10-12T10:01:39.853+0800][info] GC(9) Eden regions: 13->0(14)
[2024-10-12T10:01:39.853+0800][info] GC(9) Survivor regions: 2->2(2)
[2024-10-12T10:01:39.853+0800][info] GC(9) Old regions: 52->64
[2024-10-12T10:01:39.853+0800][info] GC(9) Archive regions: 2->2
[2024-10-12T10:01:39.853+0800][info] GC(9) Humongous regions: 2->2
[2024-10-12T10:01:39.854+0800][info] GC(9) Metaspace: 1530K(1664K)->1530K(1664K) NonClass: 1394K(1472K)->1394K(1472K) Class: 135K(192K)->135K(192K)
[2024-10-12T10:01:39.854+0800][info] GC(9) Pause Young (Normal) (G1 Evacuation Pause) 138M->136M(256M) 9.767ms
[2024-10-12T10:01:39.854+0800][info] GC(9) User=0.02s Sys=0.04s Real=0.02s
[2024-10-12T10:01:40.082+0800][info] GC(10) Pause Young (Concurrent Start) (G1 Humongous Allocation)
[2024-10-12T10:01:40.082+0800][info] GC(10) Using 6 workers of 48 for evacuation
[2024-10-12T10:01:40.087+0800][info] GC(10)   Pre Evacuate Collection Set: 0.1ms
[2024-10-12T10:01:40.087+0800][info] GC(10)   Merge Heap Roots: 0.1ms
[2024-10-12T10:01:40.087+0800][info] GC(10)   Evacuate Collection Set: 4.0ms
[2024-10-12T10:01:40.087+0800][info] GC(10)   Post Evacuate Collection Set: 0.2ms
[2024-10-12T10:01:40.087+0800][info] GC(10)   Other: 1.2ms
[2024-10-12T10:01:40.087+0800][info] GC(10) Eden regions: 5->0(12)
[2024-10-12T10:01:40.087+0800][info] GC(10) Survivor regions: 2->2(2)
[2024-10-12T10:01:40.087+0800][info] GC(10) Old regions: 64->68
[2024-10-12T10:01:40.087+0800][info] GC(10) Archive regions: 2->2
[2024-10-12T10:01:40.087+0800][info] GC(10) Humongous regions: 2->2
[2024-10-12T10:01:40.087+0800][info] GC(10) Metaspace: 1564K(1664K)->1564K(1664K) NonClass: 1428K(1472K)->1428K(1472K) Class: 135K(192K)->135K(192K)
[2024-10-12T10:01:40.087+0800][info] GC(10) Pause Young (Concurrent Start) (G1 Humongous Allocation) 145M->145M(256M) 5.795ms
[2024-10-12T10:01:40.087+0800][info] GC(10) User=0.00s Sys=0.03s Real=0.01s
[2024-10-12T10:01:40.087+0800][info] GC(11) Concurrent Mark Cycle
[2024-10-12T10:01:40.088+0800][info] GC(11) Concurrent Clear Claimed Marks
[2024-10-12T10:01:40.088+0800][info] GC(11) Concurrent Clear Claimed Marks 0.022ms
[2024-10-12T10:01:40.088+0800][info] GC(11) Concurrent Scan Root Regions
[2024-10-12T10:01:40.090+0800][info] GC(11) Concurrent Scan Root Regions 2.112ms
[2024-10-12T10:01:40.090+0800][info] GC(11) Concurrent Mark
[2024-10-12T10:01:40.090+0800][info] GC(11) Concurrent Mark From Roots
[2024-10-12T10:01:40.091+0800][info] GC(11) Using 12 workers of 12 for marking
[2024-10-12T10:01:40.095+0800][info] GC(11) Concurrent Mark From Roots 4.816ms
[2024-10-12T10:01:40.095+0800][info] GC(11) Concurrent Preclean
[2024-10-12T10:01:40.096+0800][info] GC(11) Concurrent Preclean 1.454ms
[2024-10-12T10:01:40.096+0800][info] GC(11) Pause Remark
[2024-10-12T10:01:40.097+0800][info] GC(11) Pause Remark 148M->136M(256M) 1.025ms
[2024-10-12T10:01:40.097+0800][info] GC(11) User=0.01s Sys=0.00s Real=0.00s
[2024-10-12T10:01:40.097+0800][info] GC(11) Concurrent Mark 7.549ms
[2024-10-12T10:01:40.097+0800][info] GC(11) Concurrent Rebuild Remembered Sets
[2024-10-12T10:01:40.098+0800][info] GC(11) Concurrent Rebuild Remembered Sets 0.761ms
[2024-10-12T10:01:40.098+0800][info] GC(11) Pause Cleanup
[2024-10-12T10:01:40.099+0800][info] GC(11) Pause Cleanup 136M->136M(256M) 0.259ms
[2024-10-12T10:01:40.099+0800][info] GC(11) User=0.00s Sys=0.00s Real=0.00s
[2024-10-12T10:01:40.099+0800][info] GC(11) Concurrent Cleanup for Next Mark
[2024-10-12T10:01:40.100+0800][info] GC(11) Concurrent Cleanup for Next Mark 1.585ms
[2024-10-12T10:01:40.100+0800][info] GC(11) Concurrent Mark Cycle 12.923ms
[2024-10-12T10:01:40.823+0800][info] GC(12) Pause Young (Prepare Mixed) (G1 Evacuation Pause)
[2024-10-12T10:01:40.823+0800][info] GC(12) Using 6 workers of 48 for evacuation
[2024-10-12T10:01:40.829+0800][info] GC(12)   Pre Evacuate Collection Set: 0.1ms
[2024-10-12T10:01:40.829+0800][info] GC(12)   Merge Heap Roots: 0.1ms
[2024-10-12T10:01:40.829+0800][info] GC(12)   Evacuate Collection Set: 4.5ms
[2024-10-12T10:01:40.829+0800][info] GC(12)   Post Evacuate Collection Set: 0.2ms
[2024-10-12T10:01:40.829+0800][info] GC(12)   Other: 0.3ms
[2024-10-12T10:01:40.829+0800][info] GC(12) Eden regions: 12->0(4)
[2024-10-12T10:01:40.829+0800][info] GC(12) Survivor regions: 2->2(2)
[2024-10-12T10:01:40.829+0800][info] GC(12) Old regions: 62->73
[2024-10-12T10:01:40.829+0800][info] GC(12) Archive regions: 2->2
[2024-10-12T10:01:40.829+0800][info] GC(12) Humongous regions: 3->2
[2024-10-12T10:01:40.829+0800][info] GC(12) Metaspace: 1564K(1664K)->1564K(1664K) NonClass: 1428K(1472K)->1428K(1472K) Class: 135K(192K)->135K(192K)
[2024-10-12T10:01:40.829+0800][info] GC(12) Pause Young (Prepare Mixed) (G1 Evacuation Pause) 159M->154M(256M) 5.295ms
[2024-10-12T10:01:40.829+0800][info] GC(12) User=0.01s Sys=0.01s Real=0.01s
[2024-10-12T10:01:41.035+0800][info] GC(13) Pause Young (Mixed) (G1 Evacuation Pause)
[2024-10-12T10:01:41.035+0800][info] GC(13) Using 6 workers of 48 for evacuation
[2024-10-12T10:01:41.040+0800][info] GC(13)   Pre Evacuate Collection Set: 0.2ms
[2024-10-12T10:01:41.040+0800][info] GC(13)   Merge Heap Roots: 0.1ms
[2024-10-12T10:01:41.040+0800][info] GC(13)   Evacuate Collection Set: 4.2ms
[2024-10-12T10:01:41.040+0800][info] GC(13)   Post Evacuate Collection Set: 0.2ms
[2024-10-12T10:01:41.040+0800][info] GC(13)   Other: 0.3ms
[2024-10-12T10:01:41.040+0800][info] GC(13) Eden regions: 4->0(5)
[2024-10-12T10:01:41.040+0800][info] GC(13) Survivor regions: 2->1(1)
[2024-10-12T10:01:41.040+0800][info] GC(13) Old regions: 73->66
[2024-10-12T10:01:41.040+0800][info] GC(13) Archive regions: 2->2
[2024-10-12T10:01:41.040+0800][info] GC(13) Humongous regions: 2->2
[2024-10-12T10:01:41.040+0800][info] GC(13) Metaspace: 1564K(1664K)->1564K(1664K) NonClass: 1428K(1472K)->1428K(1472K) Class: 135K(192K)->135K(192K)
[2024-10-12T10:01:41.040+0800][info] GC(13) Pause Young (Mixed) (G1 Evacuation Pause) 162M->138M(256M) 5.038ms
[2024-10-12T10:01:41.040+0800][info] GC(13) User=0.00s Sys=0.03s Real=0.00s
[2024-10-12T10:01:41.308+0800][info] GC(14) Pause Young (Mixed) (G1 Evacuation Pause)
[2024-10-12T10:01:41.308+0800][info] GC(14) Using 6 workers of 48 for evacuation
[2024-10-12T10:01:41.311+0800][info] GC(14)   Pre Evacuate Collection Set: 0.1ms
[2024-10-12T10:01:41.311+0800][info] GC(14)   Merge Heap Roots: 0.1ms
[2024-10-12T10:01:41.311+0800][info] GC(14)   Evacuate Collection Set: 2.1ms
[2024-10-12T10:01:41.311+0800][info] GC(14)   Post Evacuate Collection Set: 0.2ms
[2024-10-12T10:01:41.311+0800][info] GC(14)   Other: 0.2ms
[2024-10-12T10:01:41.311+0800][info] GC(14) Eden regions: 5->0(5)
[2024-10-12T10:01:41.311+0800][info] GC(14) Survivor regions: 1->1(1)
[2024-10-12T10:01:41.311+0800][info] GC(14) Old regions: 66->60
[2024-10-12T10:01:41.311+0800][info] GC(14) Archive regions: 2->2
[2024-10-12T10:01:41.311+0800][info] GC(14) Humongous regions: 2->2
[2024-10-12T10:01:41.311+0800][info] GC(14) Metaspace: 1577K(1728K)->1577K(1728K) NonClass: 1441K(1536K)->1441K(1536K) Class: 135K(192K)->135K(192K)
[2024-10-12T10:01:41.311+0800][info] GC(14) Pause Young (Mixed) (G1 Evacuation Pause) 147M->127M(256M) 2.900ms
[2024-10-12T10:01:41.311+0800][info] GC(14) User=0.00s Sys=0.01s Real=0.00s
[2024-10-12T10:01:41.578+0800][info] GC(15) Pause Young (Mixed) (G1 Evacuation Pause)
[2024-10-12T10:01:41.578+0800][info] GC(15) Using 6 workers of 48 for evacuation
[2024-10-12T10:01:41.580+0800][info] GC(15)   Pre Evacuate Collection Set: 0.2ms
[2024-10-12T10:01:41.580+0800][info] GC(15)   Merge Heap Roots: 0.1ms
[2024-10-12T10:01:41.580+0800][info] GC(15)   Evacuate Collection Set: 1.2ms
[2024-10-12T10:01:41.580+0800][info] GC(15)   Post Evacuate Collection Set: 0.2ms
[2024-10-12T10:01:41.580+0800][info] GC(15)   Other: 0.2ms
[2024-10-12T10:01:41.580+0800][info] GC(15) Eden regions: 5->0(15)
[2024-10-12T10:01:41.580+0800][info] GC(15) Survivor regions: 1->1(1)
[2024-10-12T10:01:41.580+0800][info] GC(15) Old regions: 60->62
[2024-10-12T10:01:41.580+0800][info] GC(15) Archive regions: 2->2
[2024-10-12T10:01:41.580+0800][info] GC(15) Humongous regions: 2->2
[2024-10-12T10:01:41.580+0800][info] GC(15) Metaspace: 1580K(1728K)->1580K(1728K) NonClass: 1444K(1536K)->1444K(1536K) Class: 135K(192K)->135K(192K)
[2024-10-12T10:01:41.580+0800][info] GC(15) Pause Young (Mixed) (G1 Evacuation Pause) 136M->130M(256M) 1.963ms
[2024-10-12T10:01:41.580+0800][info] GC(15) User=0.00s Sys=0.00s Real=0.00s
[2024-10-12T10:01:42.216+0800][info] GC(16) Pause Young (Concurrent Start) (G1 Humongous Allocation)
[2024-10-12T10:01:42.216+0800][info] GC(16) Using 6 workers of 48 for evacuation
[2024-10-12T10:01:42.218+0800][info] GC(16)   Pre Evacuate Collection Set: 0.1ms
[2024-10-12T10:01:42.218+0800][info] GC(16)   Merge Heap Roots: 0.1ms
[2024-10-12T10:01:42.219+0800][info] GC(16)   Evacuate Collection Set: 1.9ms
[2024-10-12T10:01:42.219+0800][info] GC(16)   Post Evacuate Collection Set: 0.2ms
[2024-10-12T10:01:42.219+0800][info] GC(16)   Other: 0.4ms
[2024-10-12T10:01:42.219+0800][info] GC(16) Eden regions: 12->0(12)
[2024-10-12T10:01:42.219+0800][info] GC(16) Survivor regions: 1->2(2)
[2024-10-12T10:01:42.219+0800][info] GC(16) Old regions: 62->71
[2024-10-12T10:01:42.219+0800][info] GC(16) Archive regions: 2->2
[2024-10-12T10:01:42.219+0800][info] GC(16) Humongous regions: 2->2
[2024-10-12T10:01:42.219+0800][info] GC(16) Metaspace: 1584K(1728K)->1584K(1728K) NonClass: 1448K(1536K)->1448K(1536K) Class: 135K(192K)->135K(192K)
[2024-10-12T10:01:42.219+0800][info] GC(16) Pause Young (Concurrent Start) (G1 Humongous Allocation) 153M->151M(256M) 2.791ms
[2024-10-12T10:01:42.219+0800][info] GC(16) User=0.01s Sys=0.00s Real=0.00s
[2024-10-12T10:01:42.219+0800][info] GC(17) Concurrent Mark Cycle
[2024-10-12T10:01:42.219+0800][info] GC(17) Concurrent Clear Claimed Marks
[2024-10-12T10:01:42.219+0800][info] GC(17) Concurrent Clear Claimed Marks 0.019ms
[2024-10-12T10:01:42.219+0800][info] GC(17) Concurrent Scan Root Regions
[2024-10-12T10:01:42.219+0800][info] GC(17) Concurrent Scan Root Regions 0.120ms
[2024-10-12T10:01:42.219+0800][info] GC(17) Concurrent Mark
[2024-10-12T10:01:42.219+0800][info] GC(17) Concurrent Mark From Roots
[2024-10-12T10:01:42.219+0800][info] GC(17) Using 12 workers of 12 for marking
[2024-10-12T10:01:42.222+0800][info] GC(17) Concurrent Mark From Roots 2.796ms
[2024-10-12T10:01:42.222+0800][info] GC(17) Concurrent Preclean
[2024-10-12T10:01:42.223+0800][info] GC(17) Concurrent Preclean 1.653ms
[2024-10-12T10:01:42.223+0800][info] GC(17) Pause Remark
[2024-10-12T10:01:42.225+0800][info] GC(17) Pause Remark 154M->136M(256M) 1.076ms
[2024-10-12T10:01:42.225+0800][info] GC(17) User=0.00s Sys=0.00s Real=0.00s
[2024-10-12T10:01:42.225+0800][info] GC(17) Concurrent Mark 5.697ms
[2024-10-12T10:01:42.225+0800][info] GC(17) Concurrent Rebuild Remembered Sets
[2024-10-12T10:01:42.226+0800][info] GC(17) Concurrent Rebuild Remembered Sets 0.947ms
[2024-10-12T10:01:42.226+0800][info] GC(17) Pause Cleanup
[2024-10-12T10:01:42.226+0800][info] GC(17) Pause Cleanup 136M->136M(256M) 0.192ms
[2024-10-12T10:01:42.226+0800][info] GC(17) User=0.00s Sys=0.00s Real=0.00s
[2024-10-12T10:01:42.226+0800][info] GC(17) Concurrent Cleanup for Next Mark
[2024-10-12T10:01:42.228+0800][info] GC(17) Concurrent Cleanup for Next Mark 2.344ms
[2024-10-12T10:01:42.228+0800][info] GC(17) Concurrent Mark Cycle 9.565ms
[2024-10-12T10:01:42.949+0800][info] GC(18) Pause Young (Prepare Mixed) (G1 Evacuation Pause)
[2024-10-12T10:01:42.949+0800][info] GC(18) Using 6 workers of 48 for evacuation
[2024-10-12T10:01:42.952+0800][info] GC(18)   Pre Evacuate Collection Set: 0.2ms
[2024-10-12T10:01:42.952+0800][info] GC(18)   Merge Heap Roots: 0.1ms
[2024-10-12T10:01:42.952+0800][info] GC(18)   Evacuate Collection Set: 2.5ms
[2024-10-12T10:01:42.952+0800][info] GC(18)   Post Evacuate Collection Set: 0.2ms
[2024-10-12T10:01:42.952+0800][info] GC(18)   Other: 0.3ms
[2024-10-12T10:01:42.952+0800][info] GC(18) Eden regions: 12->0(4)
[2024-10-12T10:01:42.952+0800][info] GC(18) Survivor regions: 2->2(2)
[2024-10-12T10:01:42.952+0800][info] GC(18) Old regions: 62->74
[2024-10-12T10:01:42.952+0800][info] GC(18) Archive regions: 2->2
[2024-10-12T10:01:42.952+0800][info] GC(18) Humongous regions: 3->2
[2024-10-12T10:01:42.952+0800][info] GC(18) Metaspace: 1605K(1728K)->1605K(1728K) NonClass: 1469K(1536K)->1469K(1536K) Class: 135K(192K)->135K(192K)
[2024-10-12T10:01:42.952+0800][info] GC(18) Pause Young (Prepare Mixed) (G1 Evacuation Pause) 159M->157M(256M) 3.293ms
[2024-10-12T10:01:42.952+0800][info] GC(18) User=0.01s Sys=0.00s Real=0.00s
[2024-10-12T10:01:43.158+0800][info] GC(19) Pause Young (Mixed) (G1 Evacuation Pause)
[2024-10-12T10:01:43.158+0800][info] GC(19) Using 6 workers of 48 for evacuation
[2024-10-12T10:01:43.161+0800][info] GC(19)   Pre Evacuate Collection Set: 0.2ms
[2024-10-12T10:01:43.161+0800][info] GC(19)   Merge Heap Roots: 0.1ms
[2024-10-12T10:01:43.161+0800][info] GC(19)   Evacuate Collection Set: 2.7ms
[2024-10-12T10:01:43.161+0800][info] GC(19)   Post Evacuate Collection Set: 0.2ms
[2024-10-12T10:01:43.161+0800][info] GC(19)   Other: 0.2ms
[2024-10-12T10:01:43.161+0800][info] GC(19) Eden regions: 4->0(5)
[2024-10-12T10:01:43.161+0800][info] GC(19) Survivor regions: 2->1(1)
[2024-10-12T10:01:43.161+0800][info] GC(19) Old regions: 74->69
[2024-10-12T10:01:43.161+0800][info] GC(19) Archive regions: 2->2
[2024-10-12T10:01:43.161+0800][info] GC(19) Humongous regions: 2->2
[2024-10-12T10:01:43.161+0800][info] GC(19) Metaspace: 1606K(1728K)->1606K(1728K) NonClass: 1470K(1536K)->1470K(1536K) Class: 135K(192K)->135K(192K)
[2024-10-12T10:01:43.161+0800][info] GC(19) Pause Young (Mixed) (G1 Evacuation Pause) 164M->144M(256M) 3.543ms
[2024-10-12T10:01:43.161+0800][info] GC(19) User=0.00s Sys=0.01s Real=0.00s
[2024-10-12T10:01:43.428+0800][info] GC(20) Pause Young (Mixed) (G1 Evacuation Pause)
[2024-10-12T10:01:43.428+0800][info] GC(20) Using 6 workers of 48 for evacuation
[2024-10-12T10:01:43.430+0800][info] GC(20)   Pre Evacuate Collection Set: 0.2ms
[2024-10-12T10:01:43.430+0800][info] GC(20)   Merge Heap Roots: 0.1ms
[2024-10-12T10:01:43.430+0800][info] GC(20)   Evacuate Collection Set: 1.7ms
[2024-10-12T10:01:43.430+0800][info] GC(20)   Post Evacuate Collection Set: 0.2ms
[2024-10-12T10:01:43.430+0800][info] GC(20)   Other: 0.2ms
[2024-10-12T10:01:43.430+0800][info] GC(20) Eden regions: 5->0(14)
[2024-10-12T10:01:43.430+0800][info] GC(20) Survivor regions: 1->1(1)
[2024-10-12T10:01:43.430+0800][info] GC(20) Old regions: 69->66
[2024-10-12T10:01:43.430+0800][info] GC(20) Archive regions: 2->2
[2024-10-12T10:01:43.430+0800][info] GC(20) Humongous regions: 2->2
[2024-10-12T10:01:43.430+0800][info] GC(20) Metaspace: 1606K(1728K)->1606K(1728K) NonClass: 1470K(1536K)->1470K(1536K) Class: 135K(192K)->135K(192K)
[2024-10-12T10:01:43.430+0800][info] GC(20) Pause Young (Mixed) (G1 Evacuation Pause) 153M->139M(256M) 2.431ms
[2024-10-12T10:01:43.430+0800][info] GC(20) User=0.01s Sys=0.01s Real=0.00s
[2024-10-12T10:01:44.190+0800][info] GC(21) Pause Young (Concurrent Start) (G1 Evacuation Pause)
[2024-10-12T10:01:44.190+0800][info] GC(21) Using 6 workers of 48 for evacuation
[2024-10-12T10:01:44.192+0800][info] GC(21)   Pre Evacuate Collection Set: 0.1ms
[2024-10-12T10:01:44.192+0800][info] GC(21)   Merge Heap Roots: 0.1ms
[2024-10-12T10:01:44.192+0800][info] GC(21)   Evacuate Collection Set: 2.1ms
[2024-10-12T10:01:44.192+0800][info] GC(21)   Post Evacuate Collection Set: 0.2ms
[2024-10-12T10:01:44.192+0800][info] GC(21)   Other: 0.4ms
[2024-10-12T10:01:44.192+0800][info] GC(21) Eden regions: 14->0(9)
[2024-10-12T10:01:44.192+0800][info] GC(21) Survivor regions: 1->2(2)
[2024-10-12T10:01:44.192+0800][info] GC(21) Old regions: 66->79
[2024-10-12T10:01:44.193+0800][info] GC(21) Archive regions: 2->2
[2024-10-12T10:01:44.193+0800][info] GC(21) Humongous regions: 2->2
[2024-10-12T10:01:44.193+0800][info] GC(21) Metaspace: 1613K(1728K)->1613K(1728K) NonClass: 1477K(1536K)->1477K(1536K) Class: 135K(192K)->135K(192K)
[2024-10-12T10:01:44.193+0800][info] GC(21) Pause Young (Concurrent Start) (G1 Evacuation Pause) 167M->167M(256M) 3.009ms
[2024-10-12T10:01:44.193+0800][info] GC(21) User=0.01s Sys=0.01s Real=0.00s
[2024-10-12T10:01:44.193+0800][info] GC(22) Concurrent Mark Cycle
[2024-10-12T10:01:44.193+0800][info] GC(22) Concurrent Clear Claimed Marks
[2024-10-12T10:01:44.193+0800][info] GC(22) Concurrent Clear Claimed Marks 0.018ms
[2024-10-12T10:01:44.193+0800][info] GC(22) Concurrent Scan Root Regions
[2024-10-12T10:01:44.193+0800][info] GC(22) Concurrent Scan Root Regions 0.098ms
[2024-10-12T10:01:44.193+0800][info] GC(22) Concurrent Mark
[2024-10-12T10:01:44.193+0800][info] GC(22) Concurrent Mark From Roots
[2024-10-12T10:01:44.193+0800][info] GC(22) Using 12 workers of 12 for marking
[2024-10-12T10:01:44.196+0800][info] GC(22) Concurrent Mark From Roots 3.372ms
[2024-10-12T10:01:44.196+0800][info] GC(22) Concurrent Preclean
[2024-10-12T10:01:44.198+0800][info] GC(22) Concurrent Preclean 1.700ms
[2024-10-12T10:01:44.198+0800][info] GC(22) Pause Remark
[2024-10-12T10:01:44.199+0800][info] GC(22) Pause Remark 168M->142M(256M) 0.924ms
[2024-10-12T10:01:44.199+0800][info] GC(22) User=0.01s Sys=0.00s Real=0.00s
[2024-10-12T10:01:44.199+0800][info] GC(22) Concurrent Mark 6.163ms
[2024-10-12T10:01:44.199+0800][info] GC(22) Concurrent Rebuild Remembered Sets
[2024-10-12T10:01:44.200+0800][info] GC(22) Concurrent Rebuild Remembered Sets 1.160ms
[2024-10-12T10:01:44.200+0800][info] GC(22) Pause Cleanup
[2024-10-12T10:01:44.200+0800][info] GC(22) Pause Cleanup 142M->142M(256M) 0.188ms
[2024-10-12T10:01:44.200+0800][info] GC(22) User=0.00s Sys=0.00s Real=0.00s
[2024-10-12T10:01:44.200+0800][info] GC(22) Concurrent Cleanup for Next Mark
[2024-10-12T10:01:44.201+0800][info] GC(22) Concurrent Cleanup for Next Mark 0.281ms
[2024-10-12T10:01:44.201+0800][info] GC(22) Concurrent Mark Cycle 8.108ms
[2024-10-12T10:01:44.737+0800][info] GC(23) Pause Young (Prepare Mixed) (G1 Evacuation Pause)
[2024-10-12T10:01:44.737+0800][info] GC(23) Using 6 workers of 48 for evacuation
[2024-10-12T10:01:44.740+0800][info] GC(23)   Pre Evacuate Collection Set: 0.1ms
[2024-10-12T10:01:44.740+0800][info] GC(23)   Merge Heap Roots: 0.1ms
[2024-10-12T10:01:44.740+0800][info] GC(23)   Evacuate Collection Set: 1.6ms
[2024-10-12T10:01:44.740+0800][info] GC(23)   Post Evacuate Collection Set: 0.2ms
[2024-10-12T10:01:44.740+0800][info] GC(23)   Other: 0.2ms
[2024-10-12T10:01:44.740+0800][info] GC(23) Eden regions: 9->0(4)
[2024-10-12T10:01:44.740+0800][info] GC(23) Survivor regions: 2->2(2)
[2024-10-12T10:01:44.740+0800][info] GC(23) Old regions: 66->75
[2024-10-12T10:01:44.740+0800][info] GC(23) Archive regions: 2->2
[2024-10-12T10:01:44.740+0800][info] GC(23) Humongous regions: 3->2
[2024-10-12T10:01:44.740+0800][info] GC(23) Metaspace: 1613K(1728K)->1613K(1728K) NonClass: 1477K(1536K)->1477K(1536K) Class: 135K(192K)->135K(192K)
[2024-10-12T10:01:44.740+0800][info] GC(23) Pause Young (Prepare Mixed) (G1 Evacuation Pause) 161M->159M(256M) 2.413ms
[2024-10-12T10:01:44.740+0800][info] GC(23) User=0.00s Sys=0.00s Real=0.00s
[2024-10-12T10:01:44.966+0800][info] GC(24) Pause Young (Mixed) (G1 Evacuation Pause)
[2024-10-12T10:01:44.966+0800][info] GC(24) Using 6 workers of 48 for evacuation
[2024-10-12T10:01:44.967+0800][info] GC(24)   Pre Evacuate Collection Set: 0.2ms
[2024-10-12T10:01:44.967+0800][info] GC(24)   Merge Heap Roots: 0.1ms
[2024-10-12T10:01:44.967+0800][info] GC(24)   Evacuate Collection Set: 1.2ms
[2024-10-12T10:01:44.967+0800][info] GC(24)   Post Evacuate Collection Set: 0.2ms
[2024-10-12T10:01:44.967+0800][info] GC(24)   Other: 0.2ms
[2024-10-12T10:01:44.967+0800][info] GC(24) Eden regions: 4->0(5)
[2024-10-12T10:01:44.967+0800][info] GC(24) Survivor regions: 2->1(1)
[2024-10-12T10:01:44.967+0800][info] GC(24) Old regions: 75->68
[2024-10-12T10:01:44.967+0800][info] GC(24) Archive regions: 2->2
[2024-10-12T10:01:44.967+0800][info] GC(24) Humongous regions: 2->2
[2024-10-12T10:01:44.968+0800][info] GC(24) Metaspace: 1615K(1728K)->1615K(1728K) NonClass: 1479K(1536K)->1479K(1536K) Class: 135K(192K)->135K(192K)
[2024-10-12T10:01:44.968+0800][info] GC(24) Pause Young (Mixed) (G1 Evacuation Pause) 167M->142M(256M) 1.994ms
[2024-10-12T10:01:44.968+0800][info] GC(24) User=0.01s Sys=0.00s Real=0.00s
[2024-10-12T10:01:45.234+0800][info] GC(25) Pause Young (Mixed) (G1 Evacuation Pause)
[2024-10-12T10:01:45.234+0800][info] GC(25) Using 6 workers of 48 for evacuation
[2024-10-12T10:01:45.236+0800][info] GC(25)   Pre Evacuate Collection Set: 0.2ms
[2024-10-12T10:01:45.236+0800][info] GC(25)   Merge Heap Roots: 0.0ms
[2024-10-12T10:01:45.236+0800][info] GC(25)   Evacuate Collection Set: 1.2ms
[2024-10-12T10:01:45.236+0800][info] GC(25)   Post Evacuate Collection Set: 0.2ms
[2024-10-12T10:01:45.236+0800][info] GC(25)   Other: 0.2ms
[2024-10-12T10:01:45.236+0800][info] GC(25) Eden regions: 5->0(13)
[2024-10-12T10:01:45.236+0800][info] GC(25) Survivor regions: 1->1(1)
[2024-10-12T10:01:45.236+0800][info] GC(25) Old regions: 68->68
[2024-10-12T10:01:45.236+0800][info] GC(25) Archive regions: 2->2
[2024-10-12T10:01:45.236+0800][info] GC(25) Humongous regions: 2->2
[2024-10-12T10:01:45.236+0800][info] GC(25) Metaspace: 1615K(1728K)->1615K(1728K) NonClass: 1479K(1536K)->1479K(1536K) Class: 135K(192K)->135K(192K)
[2024-10-12T10:01:45.236+0800][info] GC(25) Pause Young (Mixed) (G1 Evacuation Pause) 152M->142M(256M) 1.942ms
[2024-10-12T10:01:45.236+0800][info] GC(25) User=0.01s Sys=0.00s Real=0.00s
[2024-10-12T10:01:45.953+0800][info] GC(26) Pause Young (Normal) (G1 Evacuation Pause)
[2024-10-12T10:01:45.953+0800][info] GC(26) Using 6 workers of 48 for evacuation
[2024-10-12T10:01:45.956+0800][info] GC(26)   Pre Evacuate Collection Set: 0.1ms
[2024-10-12T10:01:45.956+0800][info] GC(26)   Merge Heap Roots: 0.0ms
[2024-10-12T10:01:45.956+0800][info] GC(26)   Evacuate Collection Set: 1.9ms
[2024-10-12T10:01:45.956+0800][info] GC(26)   Post Evacuate Collection Set: 0.2ms
[2024-10-12T10:01:45.956+0800][info] GC(26)   Other: 0.3ms
[2024-10-12T10:01:45.956+0800][info] GC(26) Eden regions: 13->0(10)
[2024-10-12T10:01:45.956+0800][info] GC(26) Survivor regions: 1->2(2)
[2024-10-12T10:01:45.956+0800][info] GC(26) Old regions: 68->78
[2024-10-12T10:01:45.956+0800][info] GC(26) Archive regions: 2->2
[2024-10-12T10:01:45.956+0800][info] GC(26) Humongous regions: 2->2
[2024-10-12T10:01:45.956+0800][info] GC(26) Metaspace: 1615K(1728K)->1615K(1728K) NonClass: 1480K(1536K)->1480K(1536K) Class: 135K(192K)->135K(192K)
[2024-10-12T10:01:45.956+0800][info] GC(26) Pause Young (Normal) (G1 Evacuation Pause) 168M->165M(256M) 2.753ms
[2024-10-12T10:01:45.956+0800][info] GC(26) User=0.01s Sys=0.00s Real=0.01s
[2024-10-12T10:01:46.490+0800][info] GC(27) Pause Young (Normal) (G1 Evacuation Pause)
[2024-10-12T10:01:46.490+0800][info] GC(27) Using 6 workers of 48 for evacuation
[2024-10-12T10:01:46.496+0800][info] GC(27)   Pre Evacuate Collection Set: 0.1ms
[2024-10-12T10:01:46.496+0800][info] GC(27)   Merge Heap Roots: 0.1ms
[2024-10-12T10:01:46.496+0800][info] GC(27)   Evacuate Collection Set: 4.9ms
[2024-10-12T10:01:46.496+0800][info] GC(27)   Post Evacuate Collection Set: 0.2ms
[2024-10-12T10:01:46.496+0800][info] GC(27)   Other: 0.3ms
[2024-10-12T10:01:46.496+0800][info] GC(27) Eden regions: 10->0(6)
[2024-10-12T10:01:46.496+0800][info] GC(27) Survivor regions: 2->2(2)
[2024-10-12T10:01:46.496+0800][info] GC(27) Old regions: 78->87
[2024-10-12T10:01:46.496+0800][info] GC(27) Archive regions: 2->2
[2024-10-12T10:01:46.496+0800][info] GC(27) Humongous regions: 3->3
[2024-10-12T10:01:46.496+0800][info] GC(27) Metaspace: 1616K(1728K)->1616K(1728K) NonClass: 1480K(1536K)->1480K(1536K) Class: 135K(192K)->135K(192K)
[2024-10-12T10:01:46.496+0800][info] GC(27) Pause Young (Normal) (G1 Evacuation Pause) 187M->185M(256M) 5.668ms
[2024-10-12T10:01:46.496+0800][info] GC(27) User=0.01s Sys=0.02s Real=0.01s
[2024-10-12T10:01:46.824+0800][info] GC(28) Pause Young (Normal) (G1 Evacuation Pause)
[2024-10-12T10:01:46.824+0800][info] GC(28) Using 6 workers of 48 for evacuation
[2024-10-12T10:01:46.829+0800][info] GC(28)   Pre Evacuate Collection Set: 0.1ms
[2024-10-12T10:01:46.829+0800][info] GC(28)   Merge Heap Roots: 0.1ms
[2024-10-12T10:01:46.829+0800][info] GC(28)   Evacuate Collection Set: 4.8ms
[2024-10-12T10:01:46.829+0800][info] GC(28)   Post Evacuate Collection Set: 0.2ms
[2024-10-12T10:01:46.829+0800][info] GC(28)   Other: 0.3ms
[2024-10-12T10:01:46.829+0800][info] GC(28) Eden regions: 6->0(5)
[2024-10-12T10:01:46.829+0800][info] GC(28) Survivor regions: 2->1(1)
[2024-10-12T10:01:46.829+0800][info] GC(28) Old regions: 87->94
[2024-10-12T10:01:46.829+0800][info] GC(28) Archive regions: 2->2
[2024-10-12T10:01:46.829+0800][info] GC(28) Humongous regions: 3->3
[2024-10-12T10:01:46.829+0800][info] GC(28) Metaspace: 1616K(1728K)->1616K(1728K) NonClass: 1480K(1536K)->1480K(1536K) Class: 135K(192K)->135K(192K)
[2024-10-12T10:01:46.829+0800][info] GC(28) Pause Young (Normal) (G1 Evacuation Pause) 197M->197M(256M) 5.520ms
[2024-10-12T10:01:46.829+0800][info] GC(28) User=0.01s Sys=0.01s Real=0.01s
[2024-10-12T10:01:47.096+0800][info] GC(29) Pause Young (Concurrent Start) (G1 Evacuation Pause)
[2024-10-12T10:01:47.096+0800][info] GC(29) Using 6 workers of 48 for evacuation
[2024-10-12T10:01:47.101+0800][info] GC(29)   Pre Evacuate Collection Set: 0.1ms
[2024-10-12T10:01:47.101+0800][info] GC(29)   Merge Heap Roots: 0.1ms
[2024-10-12T10:01:47.101+0800][info] GC(29)   Evacuate Collection Set: 4.0ms
[2024-10-12T10:01:47.101+0800][info] GC(29)   Post Evacuate Collection Set: 0.2ms
[2024-10-12T10:01:47.101+0800][info] GC(29)   Other: 0.4ms
[2024-10-12T10:01:47.101+0800][info] GC(29) Eden regions: 5->0(5)
[2024-10-12T10:01:47.101+0800][info] GC(29) Survivor regions: 1->1(1)
[2024-10-12T10:01:47.101+0800][info] GC(29) Old regions: 94->99
[2024-10-12T10:01:47.101+0800][info] GC(29) Archive regions: 2->2
[2024-10-12T10:01:47.101+0800][info] GC(29) Humongous regions: 3->3
[2024-10-12T10:01:47.101+0800][info] GC(29) Metaspace: 1616K(1728K)->1616K(1728K) NonClass: 1480K(1536K)->1480K(1536K) Class: 135K(192K)->135K(192K)
[2024-10-12T10:01:47.101+0800][info] GC(29) Pause Young (Concurrent Start) (G1 Evacuation Pause) 207M->207M(256M) 4.902ms
[2024-10-12T10:01:47.101+0800][info] GC(29) User=0.00s Sys=0.03s Real=0.00s
[2024-10-12T10:01:47.101+0800][info] GC(30) Concurrent Mark Cycle
[2024-10-12T10:01:47.101+0800][info] GC(30) Concurrent Clear Claimed Marks
[2024-10-12T10:01:47.101+0800][info] GC(30) Concurrent Clear Claimed Marks 0.018ms
[2024-10-12T10:01:47.101+0800][info] GC(30) Concurrent Scan Root Regions
[2024-10-12T10:01:47.101+0800][info] GC(30) Concurrent Scan Root Regions 0.129ms
[2024-10-12T10:01:47.101+0800][info] GC(30) Concurrent Mark
[2024-10-12T10:01:47.101+0800][info] GC(30) Concurrent Mark From Roots
[2024-10-12T10:01:47.102+0800][info] GC(30) Using 12 workers of 12 for marking
[2024-10-12T10:01:47.106+0800][info] GC(30) Concurrent Mark From Roots 4.205ms
[2024-10-12T10:01:47.106+0800][info] GC(30) Concurrent Preclean
[2024-10-12T10:01:47.107+0800][info] GC(30) Concurrent Preclean 1.671ms
[2024-10-12T10:01:47.107+0800][info] GC(30) Pause Remark
[2024-10-12T10:01:47.108+0800][info] GC(30) Pause Remark 207M->143M(256M) 1.014ms
[2024-10-12T10:01:47.109+0800][info] GC(30) User=0.00s Sys=0.00s Real=0.00s
[2024-10-12T10:01:47.109+0800][info] GC(30) Concurrent Mark 7.065ms
[2024-10-12T10:01:47.109+0800][info] GC(30) Concurrent Rebuild Remembered Sets
[2024-10-12T10:01:47.110+0800][info] GC(30) Concurrent Rebuild Remembered Sets 1.191ms
[2024-10-12T10:01:47.110+0800][info] GC(30) Pause Cleanup
[2024-10-12T10:01:47.110+0800][info] GC(30) Pause Cleanup 143M->143M(256M) 0.245ms
[2024-10-12T10:01:47.110+0800][info] GC(30) User=0.00s Sys=0.00s Real=0.00s
[2024-10-12T10:01:47.110+0800][info] GC(30) Concurrent Cleanup for Next Mark
[2024-10-12T10:01:47.111+0800][info] GC(30) Concurrent Cleanup for Next Mark 0.405ms
[2024-10-12T10:01:47.111+0800][info] GC(30) Concurrent Mark Cycle 9.380ms
[2024-10-12T10:01:47.420+0800][info] GC(31) Pause Young (Prepare Mixed) (G1 Evacuation Pause)
[2024-10-12T10:01:47.420+0800][info] GC(31) Using 6 workers of 48 for evacuation
[2024-10-12T10:01:47.422+0800][info] GC(31)   Pre Evacuate Collection Set: 0.2ms
[2024-10-12T10:01:47.422+0800][info] GC(31)   Merge Heap Roots: 0.1ms
[2024-10-12T10:01:47.422+0800][info] GC(31)   Evacuate Collection Set: 1.4ms
[2024-10-12T10:01:47.422+0800][info] GC(31)   Post Evacuate Collection Set: 0.2ms
[2024-10-12T10:01:47.422+0800][info] GC(31)   Other: 0.3ms
[2024-10-12T10:01:47.422+0800][info] GC(31) Eden regions: 5->0(5)
[2024-10-12T10:01:47.422+0800][info] GC(31) Survivor regions: 1->1(1)
[2024-10-12T10:01:47.422+0800][info] GC(31) Old regions: 67->72
[2024-10-12T10:01:47.422+0800][info] GC(31) Archive regions: 2->2
[2024-10-12T10:01:47.422+0800][info] GC(31) Humongous regions: 3->3
[2024-10-12T10:01:47.422+0800][info] GC(31) Metaspace: 1619K(1728K)->1619K(1728K) NonClass: 1483K(1536K)->1483K(1536K) Class: 135K(192K)->135K(192K)
[2024-10-12T10:01:47.422+0800][info] GC(31) Pause Young (Prepare Mixed) (G1 Evacuation Pause) 152M->153M(256M) 2.190ms
[2024-10-12T10:01:47.422+0800][info] GC(31) User=0.00s Sys=0.01s Real=0.00s
[2024-10-12T10:01:47.688+0800][info] GC(32) Pause Young (Mixed) (G1 Evacuation Pause)
[2024-10-12T10:01:47.688+0800][info] GC(32) Using 6 workers of 48 for evacuation
[2024-10-12T10:01:47.690+0800][info] GC(32)   Pre Evacuate Collection Set: 0.2ms
[2024-10-12T10:01:47.690+0800][info] GC(32)   Merge Heap Roots: 0.1ms
[2024-10-12T10:01:47.690+0800][info] GC(32)   Evacuate Collection Set: 1.1ms
[2024-10-12T10:01:47.690+0800][info] GC(32)   Post Evacuate Collection Set: 0.2ms
[2024-10-12T10:01:47.690+0800][info] GC(32)   Other: 0.2ms
[2024-10-12T10:01:47.690+0800][info] GC(32) Eden regions: 5->0(5)
[2024-10-12T10:01:47.690+0800][info] GC(32) Survivor regions: 1->1(1)
[2024-10-12T10:01:47.690+0800][info] GC(32) Old regions: 72->65
[2024-10-12T10:01:47.690+0800][info] GC(32) Archive regions: 2->2
[2024-10-12T10:01:47.690+0800][info] GC(32) Humongous regions: 3->3
[2024-10-12T10:01:47.690+0800][info] GC(32) Metaspace: 1619K(1728K)->1619K(1728K) NonClass: 1483K(1536K)->1483K(1536K) Class: 135K(192K)->135K(192K)
[2024-10-12T10:01:47.690+0800][info] GC(32) Pause Young (Mixed) (G1 Evacuation Pause) 162M->138M(256M) 1.963ms
[2024-10-12T10:01:47.690+0800][info] GC(32) User=0.01s Sys=0.00s Real=0.00s
[2024-10-12T10:01:47.956+0800][info] GC(33) Pause Young (Mixed) (G1 Evacuation Pause)
[2024-10-12T10:01:47.956+0800][info] GC(33) Using 6 workers of 48 for evacuation
[2024-10-12T10:01:47.957+0800][info] GC(33)   Pre Evacuate Collection Set: 0.2ms
[2024-10-12T10:01:47.957+0800][info] GC(33)   Merge Heap Roots: 0.1ms
[2024-10-12T10:01:47.957+0800][info] GC(33)   Evacuate Collection Set: 1.1ms
[2024-10-12T10:01:47.957+0800][info] GC(33)   Post Evacuate Collection Set: 0.2ms
[2024-10-12T10:01:47.957+0800][info] GC(33)   Other: 0.2ms
[2024-10-12T10:01:47.957+0800][info] GC(33) Eden regions: 5->0(15)
[2024-10-12T10:01:47.957+0800][info] GC(33) Survivor regions: 1->1(1)
[2024-10-12T10:01:47.957+0800][info] GC(33) Old regions: 65->63
[2024-10-12T10:01:47.957+0800][info] GC(33) Archive regions: 2->2
[2024-10-12T10:01:47.957+0800][info] GC(33) Humongous regions: 3->3
[2024-10-12T10:01:47.958+0800][info] GC(33) Metaspace: 1619K(1728K)->1619K(1728K) NonClass: 1483K(1536K)->1483K(1536K) Class: 135K(192K)->135K(192K)
[2024-10-12T10:01:47.958+0800][info] GC(33) Pause Young (Mixed) (G1 Evacuation Pause) 147M->135M(256M) 1.782ms
[2024-10-12T10:01:47.958+0800][info] GC(33) User=0.01s Sys=0.00s Real=0.00s
[2024-10-12T10:01:48.777+0800][info] GC(34) Pause Young (Normal) (G1 Evacuation Pause)
[2024-10-12T10:01:48.777+0800][info] GC(34) Using 6 workers of 48 for evacuation
[2024-10-12T10:01:48.780+0800][info] GC(34)   Pre Evacuate Collection Set: 0.1ms
[2024-10-12T10:01:48.780+0800][info] GC(34)   Merge Heap Roots: 0.1ms
[2024-10-12T10:01:48.780+0800][info] GC(34)   Evacuate Collection Set: 2.7ms
[2024-10-12T10:01:48.780+0800][info] GC(34)   Post Evacuate Collection Set: 0.2ms
[2024-10-12T10:01:48.781+0800][info] GC(34)   Other: 0.3ms
[2024-10-12T10:01:48.781+0800][info] GC(34) Eden regions: 15->0(10)
[2024-10-12T10:01:48.781+0800][info] GC(34) Survivor regions: 1->2(2)
[2024-10-12T10:01:48.781+0800][info] GC(34) Old regions: 63->76
[2024-10-12T10:01:48.781+0800][info] GC(34) Archive regions: 2->2
[2024-10-12T10:01:48.781+0800][info] GC(34) Humongous regions: 4->3
[2024-10-12T10:01:48.781+0800][info] GC(34) Metaspace: 1619K(1728K)->1619K(1728K) NonClass: 1483K(1536K)->1483K(1536K) Class: 135K(192K)->135K(192K)
[2024-10-12T10:01:48.781+0800][info] GC(34) Pause Young (Normal) (G1 Evacuation Pause) 167M->162M(256M) 3.439ms
[2024-10-12T10:01:48.781+0800][info] GC(34) User=0.02s Sys=0.01s Real=0.00s
[2024-10-12T10:01:49.335+0800][info] GC(35) Pause Young (Normal) (G1 Evacuation Pause)
[2024-10-12T10:01:49.335+0800][info] GC(35) Using 6 workers of 48 for evacuation
[2024-10-12T10:01:49.337+0800][info] GC(35)   Pre Evacuate Collection Set: 0.1ms
[2024-10-12T10:01:49.337+0800][info] GC(35)   Merge Heap Roots: 0.1ms
[2024-10-12T10:01:49.337+0800][info] GC(35)   Evacuate Collection Set: 2.0ms
[2024-10-12T10:01:49.337+0800][info] GC(35)   Post Evacuate Collection Set: 0.2ms
[2024-10-12T10:01:49.337+0800][info] GC(35)   Other: 0.3ms
[2024-10-12T10:01:49.337+0800][info] GC(35) Eden regions: 10->0(6)
[2024-10-12T10:01:49.338+0800][info] GC(35) Survivor regions: 2->2(2)
[2024-10-12T10:01:49.338+0800][info] GC(35) Old regions: 76->86
[2024-10-12T10:01:49.338+0800][info] GC(35) Archive regions: 2->2
[2024-10-12T10:01:49.338+0800][info] GC(35) Humongous regions: 3->3
[2024-10-12T10:01:49.338+0800][info] GC(35) Metaspace: 1623K(1728K)->1623K(1728K) NonClass: 1487K(1536K)->1487K(1536K) Class: 135K(192K)->135K(192K)
[2024-10-12T10:01:49.338+0800][info] GC(35) Pause Young (Normal) (G1 Evacuation Pause) 182M->183M(256M) 2.829ms
[2024-10-12T10:01:49.338+0800][info] GC(35) User=0.01s Sys=0.00s Real=0.00s
[2024-10-12T10:01:49.666+0800][info] GC(36) Pause Young (Normal) (G1 Evacuation Pause)
[2024-10-12T10:01:49.666+0800][info] GC(36) Using 6 workers of 48 for evacuation
[2024-10-12T10:01:49.668+0800][info] GC(36)   Pre Evacuate Collection Set: 0.1ms
[2024-10-12T10:01:49.668+0800][info] GC(36)   Merge Heap Roots: 0.1ms
[2024-10-12T10:01:49.668+0800][info] GC(36)   Evacuate Collection Set: 1.4ms
[2024-10-12T10:01:49.668+0800][info] GC(36)   Post Evacuate Collection Set: 0.2ms
[2024-10-12T10:01:49.668+0800][info] GC(36)   Other: 0.2ms
[2024-10-12T10:01:49.668+0800][info] GC(36) Eden regions: 6->0(5)
[2024-10-12T10:01:49.668+0800][info] GC(36) Survivor regions: 2->1(1)
[2024-10-12T10:01:49.668+0800][info] GC(36) Old regions: 86->92
[2024-10-12T10:01:49.668+0800][info] GC(36) Archive regions: 2->2
[2024-10-12T10:01:49.668+0800][info] GC(36) Humongous regions: 3->3
[2024-10-12T10:01:49.668+0800][info] GC(36) Metaspace: 1624K(1728K)->1624K(1728K) NonClass: 1488K(1536K)->1488K(1536K) Class: 135K(192K)->135K(192K)
[2024-10-12T10:01:49.668+0800][info] GC(36) Pause Young (Normal) (G1 Evacuation Pause) 195M->193M(256M) 2.054ms
[2024-10-12T10:01:49.668+0800][info] GC(36) User=0.01s Sys=0.01s Real=0.00s
[2024-10-12T10:01:49.934+0800][info] GC(37) Pause Young (Normal) (G1 Evacuation Pause)
[2024-10-12T10:01:49.934+0800][info] GC(37) Using 6 workers of 48 for evacuation
[2024-10-12T10:01:49.935+0800][info] GC(37)   Pre Evacuate Collection Set: 0.1ms
[2024-10-12T10:01:49.935+0800][info] GC(37)   Merge Heap Roots: 0.1ms
[2024-10-12T10:01:49.935+0800][info] GC(37)   Evacuate Collection Set: 0.8ms
[2024-10-12T10:01:49.935+0800][info] GC(37)   Post Evacuate Collection Set: 0.2ms
[2024-10-12T10:01:49.935+0800][info] GC(37)   Other: 0.2ms
[2024-10-12T10:01:49.935+0800][info] GC(37) Eden regions: 5->0(5)
[2024-10-12T10:01:49.935+0800][info] GC(37) Survivor regions: 1->1(1)
[2024-10-12T10:01:49.935+0800][info] GC(37) Old regions: 92->97
[2024-10-12T10:01:49.935+0800][info] GC(37) Archive regions: 2->2
[2024-10-12T10:01:49.935+0800][info] GC(37) Humongous regions: 3->3
[2024-10-12T10:01:49.935+0800][info] GC(37) Metaspace: 1624K(1728K)->1624K(1728K) NonClass: 1488K(1536K)->1488K(1536K) Class: 135K(192K)->135K(192K)
[2024-10-12T10:01:49.935+0800][info] GC(37) Pause Young (Normal) (G1 Evacuation Pause) 203M->202M(256M) 1.541ms
[2024-10-12T10:01:49.935+0800][info] GC(37) User=0.01s Sys=0.00s Real=0.00s
[2024-10-12T10:01:50.201+0800][info] GC(38) Pause Young (Concurrent Start) (G1 Evacuation Pause)
[2024-10-12T10:01:50.201+0800][info] GC(38) Using 6 workers of 48 for evacuation
[2024-10-12T10:01:50.204+0800][info] GC(38)   Pre Evacuate Collection Set: 0.1ms
[2024-10-12T10:01:50.204+0800][info] GC(38)   Merge Heap Roots: 0.1ms
[2024-10-12T10:01:50.204+0800][info] GC(38)   Evacuate Collection Set: 2.4ms
[2024-10-12T10:01:50.204+0800][info] GC(38)   Post Evacuate Collection Set: 0.2ms
[2024-10-12T10:01:50.204+0800][info] GC(38)   Other: 0.4ms
[2024-10-12T10:01:50.204+0800][info] GC(38) Eden regions: 5->0(5)
[2024-10-12T10:01:50.204+0800][info] GC(38) Survivor regions: 1->1(1)
[2024-10-12T10:01:50.204+0800][info] GC(38) Old regions: 97->101
[2024-10-12T10:01:50.204+0800][info] GC(38) Archive regions: 2->2
[2024-10-12T10:01:50.204+0800][info] GC(38) Humongous regions: 3->3
[2024-10-12T10:01:50.204+0800][info] GC(38) Metaspace: 1624K(1728K)->1624K(1728K) NonClass: 1488K(1536K)->1488K(1536K) Class: 135K(192K)->135K(192K)
[2024-10-12T10:01:50.204+0800][info] GC(38) Pause Young (Concurrent Start) (G1 Evacuation Pause) 211M->211M(256M) 3.257ms
[2024-10-12T10:01:50.204+0800][info] GC(38) User=0.01s Sys=0.00s Real=0.00s
[2024-10-12T10:01:50.204+0800][info] GC(39) Concurrent Mark Cycle
[2024-10-12T10:01:50.204+0800][info] GC(39) Concurrent Clear Claimed Marks
[2024-10-12T10:01:50.204+0800][info] GC(39) Concurrent Clear Claimed Marks 0.017ms
[2024-10-12T10:01:50.204+0800][info] GC(39) Concurrent Scan Root Regions
[2024-10-12T10:01:50.205+0800][info] GC(39) Concurrent Scan Root Regions 0.149ms
[2024-10-12T10:01:50.205+0800][info] GC(39) Concurrent Mark
[2024-10-12T10:01:50.205+0800][info] GC(39) Concurrent Mark From Roots
[2024-10-12T10:01:50.205+0800][info] GC(39) Using 12 workers of 12 for marking
[2024-10-12T10:01:50.209+0800][info] GC(39) Concurrent Mark From Roots 4.621ms
[2024-10-12T10:01:50.209+0800][info] GC(39) Concurrent Preclean
[2024-10-12T10:01:50.211+0800][info] GC(39) Concurrent Preclean 1.658ms
[2024-10-12T10:01:50.211+0800][info] GC(39) Pause Remark
[2024-10-12T10:01:50.212+0800][info] GC(39) Pause Remark 211M->157M(256M) 1.168ms
[2024-10-12T10:01:50.212+0800][info] GC(39) User=0.01s Sys=0.00s Real=0.00s
[2024-10-12T10:01:50.212+0800][info] GC(39) Concurrent Mark 7.688ms
[2024-10-12T10:01:50.212+0800][info] GC(39) Concurrent Rebuild Remembered Sets
[2024-10-12T10:01:50.213+0800][info] GC(39) Concurrent Rebuild Remembered Sets 1.202ms
[2024-10-12T10:01:50.214+0800][info] GC(39) Pause Cleanup
[2024-10-12T10:01:50.214+0800][info] GC(39) Pause Cleanup 157M->157M(256M) 0.255ms
[2024-10-12T10:01:50.214+0800][info] GC(39) User=0.00s Sys=0.00s Real=0.00s
[2024-10-12T10:01:50.214+0800][info] GC(39) Concurrent Cleanup for Next Mark
[2024-10-12T10:01:50.214+0800][info] GC(39) Concurrent Cleanup for Next Mark 0.387ms
[2024-10-12T10:01:50.214+0800][info] GC(39) Concurrent Mark Cycle 10.029ms
[2024-10-12T10:01:50.523+0800][info] GC(40) Pause Young (Prepare Mixed) (G1 Evacuation Pause)
[2024-10-12T10:01:50.523+0800][info] GC(40) Using 6 workers of 48 for evacuation
[2024-10-12T10:01:50.525+0800][info] GC(40)   Pre Evacuate Collection Set: 0.1ms
[2024-10-12T10:01:50.525+0800][info] GC(40)   Merge Heap Roots: 0.1ms
[2024-10-12T10:01:50.525+0800][info] GC(40)   Evacuate Collection Set: 1.0ms
[2024-10-12T10:01:50.525+0800][info] GC(40)   Post Evacuate Collection Set: 0.2ms
[2024-10-12T10:01:50.525+0800][info] GC(40)   Other: 0.2ms
[2024-10-12T10:01:50.525+0800][info] GC(40) Eden regions: 5->0(5)
[2024-10-12T10:01:50.525+0800][info] GC(40) Survivor regions: 1->1(1)
[2024-10-12T10:01:50.525+0800][info] GC(40) Old regions: 74->79
[2024-10-12T10:01:50.525+0800][info] GC(40) Archive regions: 2->2
[2024-10-12T10:01:50.525+0800][info] GC(40) Humongous regions: 3->3
[2024-10-12T10:01:50.525+0800][info] GC(40) Metaspace: 1626K(1728K)->1626K(1728K) NonClass: 1490K(1536K)->1490K(1536K) Class: 135K(192K)->135K(192K)
[2024-10-12T10:01:50.525+0800][info] GC(40) Pause Young (Prepare Mixed) (G1 Evacuation Pause) 166M->167M(256M) 1.772ms
[2024-10-12T10:01:50.525+0800][info] GC(40) User=0.01s Sys=0.01s Real=0.00s
[2024-10-12T10:01:50.791+0800][info] GC(41) Pause Young (Mixed) (G1 Evacuation Pause)
[2024-10-12T10:01:50.791+0800][info] GC(41) Using 6 workers of 48 for evacuation
[2024-10-12T10:01:50.793+0800][info] GC(41)   Pre Evacuate Collection Set: 0.2ms
[2024-10-12T10:01:50.793+0800][info] GC(41)   Merge Heap Roots: 0.1ms
[2024-10-12T10:01:50.793+0800][info] GC(41)   Evacuate Collection Set: 1.0ms
[2024-10-12T10:01:50.793+0800][info] GC(41)   Post Evacuate Collection Set: 0.2ms
[2024-10-12T10:01:50.793+0800][info] GC(41)   Other: 0.3ms
[2024-10-12T10:01:50.793+0800][info] GC(41) Eden regions: 5->0(5)
[2024-10-12T10:01:50.793+0800][info] GC(41) Survivor regions: 1->1(1)
[2024-10-12T10:01:50.793+0800][info] GC(41) Old regions: 79->71
[2024-10-12T10:01:50.793+0800][info] GC(41) Archive regions: 2->2
[2024-10-12T10:01:50.793+0800][info] GC(41) Humongous regions: 4->3
[2024-10-12T10:01:50.793+0800][info] GC(41) Metaspace: 1627K(1728K)->1627K(1728K) NonClass: 1491K(1536K)->1491K(1536K) Class: 135K(192K)->135K(192K)
[2024-10-12T10:01:50.793+0800][info] GC(41) Pause Young (Mixed) (G1 Evacuation Pause) 178M->151M(256M) 1.884ms
[2024-10-12T10:01:50.793+0800][info] GC(41) User=0.00s Sys=0.00s Real=0.01s
[2024-10-12T10:01:51.059+0800][info] GC(42) Pause Young (Mixed) (G1 Evacuation Pause)
[2024-10-12T10:01:51.059+0800][info] GC(42) Using 6 workers of 48 for evacuation
[2024-10-12T10:01:51.061+0800][info] GC(42)   Pre Evacuate Collection Set: 0.2ms
[2024-10-12T10:01:51.061+0800][info] GC(42)   Merge Heap Roots: 0.1ms
[2024-10-12T10:01:51.061+0800][info] GC(42)   Evacuate Collection Set: 1.3ms
[2024-10-12T10:01:51.061+0800][info] GC(42)   Post Evacuate Collection Set: 0.2ms
[2024-10-12T10:01:51.061+0800][info] GC(42)   Other: 0.2ms
[2024-10-12T10:01:51.061+0800][info] GC(42) Eden regions: 5->0(5)
[2024-10-12T10:01:51.061+0800][info] GC(42) Survivor regions: 1->1(1)
[2024-10-12T10:01:51.061+0800][info] GC(42) Old regions: 71->65
[2024-10-12T10:01:51.061+0800][info] GC(42) Archive regions: 2->2
[2024-10-12T10:01:51.061+0800][info] GC(42) Humongous regions: 3->3
[2024-10-12T10:01:51.061+0800][info] GC(42) Metaspace: 1627K(1728K)->1627K(1728K) NonClass: 1491K(1536K)->1491K(1536K) Class: 135K(192K)->135K(192K)
[2024-10-12T10:01:51.061+0800][info] GC(42) Pause Young (Mixed) (G1 Evacuation Pause) 160M->138M(256M) 2.128ms
[2024-10-12T10:01:51.061+0800][info] GC(42) User=0.00s Sys=0.00s Real=0.00s
[2024-10-12T10:01:51.327+0800][info] GC(43) Pause Young (Mixed) (G1 Evacuation Pause)
[2024-10-12T10:01:51.327+0800][info] GC(43) Using 6 workers of 48 for evacuation
[2024-10-12T10:01:51.329+0800][info] GC(43)   Pre Evacuate Collection Set: 0.2ms
[2024-10-12T10:01:51.329+0800][info] GC(43)   Merge Heap Roots: 0.0ms
[2024-10-12T10:01:51.329+0800][info] GC(43)   Evacuate Collection Set: 0.9ms
[2024-10-12T10:01:51.329+0800][info] GC(43)   Post Evacuate Collection Set: 0.2ms
[2024-10-12T10:01:51.329+0800][info] GC(43)   Other: 0.2ms
[2024-10-12T10:01:51.329+0800][info] GC(43) Eden regions: 5->0(12)
[2024-10-12T10:01:51.329+0800][info] GC(43) Survivor regions: 1->1(1)
[2024-10-12T10:01:51.329+0800][info] GC(43) Old regions: 65->69
[2024-10-12T10:01:51.329+0800][info] GC(43) Archive regions: 2->2
[2024-10-12T10:01:51.329+0800][info] GC(43) Humongous regions: 3->3
[2024-10-12T10:01:51.329+0800][info] GC(43) Metaspace: 1627K(1728K)->1627K(1728K) NonClass: 1491K(1536K)->1491K(1536K) Class: 135K(192K)->135K(192K)
[2024-10-12T10:01:51.329+0800][info] GC(43) Pause Young (Mixed) (G1 Evacuation Pause) 147M->146M(256M) 1.687ms
[2024-10-12T10:01:51.329+0800][info] GC(43) User=0.01s Sys=0.00s Real=0.00s
[2024-10-12T10:01:51.983+0800][info] GC(44) Pause Young (Normal) (G1 Evacuation Pause)
[2024-10-12T10:01:51.983+0800][info] GC(44) Using 6 workers of 48 for evacuation
[2024-10-12T10:01:51.986+0800][info] GC(44)   Pre Evacuate Collection Set: 0.1ms
[2024-10-12T10:01:51.986+0800][info] GC(44)   Merge Heap Roots: 0.0ms
[2024-10-12T10:01:51.986+0800][info] GC(44)   Evacuate Collection Set: 1.8ms
[2024-10-12T10:01:51.986+0800][info] GC(44)   Post Evacuate Collection Set: 0.2ms
[2024-10-12T10:01:51.986+0800][info] GC(44)   Other: 0.2ms
[2024-10-12T10:01:51.986+0800][info] GC(44) Eden regions: 12->0(9)
[2024-10-12T10:01:51.986+0800][info] GC(44) Survivor regions: 1->2(2)
[2024-10-12T10:01:51.986+0800][info] GC(44) Old regions: 69->79
[2024-10-12T10:01:51.986+0800][info] GC(44) Archive regions: 2->2
[2024-10-12T10:01:51.986+0800][info] GC(44) Humongous regions: 3->3
[2024-10-12T10:01:51.986+0800][info] GC(44) Metaspace: 1639K(1792K)->1639K(1792K) NonClass: 1503K(1600K)->1503K(1600K) Class: 135K(192K)->135K(192K)
[2024-10-12T10:01:51.986+0800][info] GC(44) Pause Young (Normal) (G1 Evacuation Pause) 170M->169M(256M) 2.563ms
[2024-10-12T10:01:51.986+0800][info] GC(44) User=0.01s Sys=0.00s Real=0.01s
[2024-10-12T10:01:52.478+0800][info] GC(45) Pause Young (Normal) (G1 Evacuation Pause)
[2024-10-12T10:01:52.478+0800][info] GC(45) Using 6 workers of 48 for evacuation
[2024-10-12T10:01:52.480+0800][info] GC(45)   Pre Evacuate Collection Set: 0.1ms
[2024-10-12T10:01:52.480+0800][info] GC(45)   Merge Heap Roots: 0.1ms
[2024-10-12T10:01:52.480+0800][info] GC(45)   Evacuate Collection Set: 1.4ms
[2024-10-12T10:01:52.480+0800][info] GC(45)   Post Evacuate Collection Set: 0.2ms
[2024-10-12T10:01:52.480+0800][info] GC(45)   Other: 0.2ms
[2024-10-12T10:01:52.480+0800][info] GC(45) Eden regions: 9->0(6)
[2024-10-12T10:01:52.480+0800][info] GC(45) Survivor regions: 2->2(2)
[2024-10-12T10:01:52.480+0800][info] GC(45) Old regions: 79->87
[2024-10-12T10:01:52.480+0800][info] GC(45) Archive regions: 2->2
[2024-10-12T10:01:52.480+0800][info] GC(45) Humongous regions: 3->3
[2024-10-12T10:01:52.480+0800][info] GC(45) Metaspace: 1639K(1792K)->1639K(1792K) NonClass: 1503K(1600K)->1503K(1600K) Class: 135K(192K)->135K(192K)
[2024-10-12T10:01:52.480+0800][info] GC(45) Pause Young (Normal) (G1 Evacuation Pause) 187M->184M(256M) 2.100ms
[2024-10-12T10:01:52.480+0800][info] GC(45) User=0.01s Sys=0.01s Real=0.00s
[2024-10-12T10:01:52.809+0800][info] GC(46) Pause Young (Normal) (G1 Evacuation Pause)
[2024-10-12T10:01:52.809+0800][info] GC(46) Using 6 workers of 48 for evacuation
[2024-10-12T10:01:52.811+0800][info] GC(46)   Pre Evacuate Collection Set: 0.1ms
[2024-10-12T10:01:52.811+0800][info] GC(46)   Merge Heap Roots: 0.1ms
[2024-10-12T10:01:52.811+0800][info] GC(46)   Evacuate Collection Set: 1.3ms
[2024-10-12T10:01:52.811+0800][info] GC(46)   Post Evacuate Collection Set: 0.2ms
[2024-10-12T10:01:52.811+0800][info] GC(46)   Other: 0.2ms
[2024-10-12T10:01:52.811+0800][info] GC(46) Eden regions: 6->0(5)
[2024-10-12T10:01:52.811+0800][info] GC(46) Survivor regions: 2->1(1)
[2024-10-12T10:01:52.811+0800][info] GC(46) Old regions: 87->93
[2024-10-12T10:01:52.811+0800][info] GC(46) Archive regions: 2->2
[2024-10-12T10:01:52.811+0800][info] GC(46) Humongous regions: 4->3
[2024-10-12T10:01:52.811+0800][info] GC(46) Metaspace: 1639K(1792K)->1639K(1792K) NonClass: 1503K(1600K)->1503K(1600K) Class: 135K(192K)->135K(192K)
[2024-10-12T10:01:52.811+0800][info] GC(46) Pause Young (Normal) (G1 Evacuation Pause) 198M->195M(256M) 2.000ms
[2024-10-12T10:01:52.811+0800][info] GC(46) User=0.01s Sys=0.00s Real=0.00s
[2024-10-12T10:01:53.077+0800][info] GC(47) Pause Young (Normal) (G1 Evacuation Pause)
[2024-10-12T10:01:53.077+0800][info] GC(47) Using 6 workers of 48 for evacuation
[2024-10-12T10:01:53.078+0800][info] GC(47)   Pre Evacuate Collection Set: 0.1ms
[2024-10-12T10:01:53.078+0800][info] GC(47)   Merge Heap Roots: 0.1ms
[2024-10-12T10:01:53.078+0800][info] GC(47)   Evacuate Collection Set: 0.9ms
[2024-10-12T10:01:53.078+0800][info] GC(47)   Post Evacuate Collection Set: 0.2ms
[2024-10-12T10:01:53.078+0800][info] GC(47)   Other: 0.2ms
[2024-10-12T10:01:53.078+0800][info] GC(47) Eden regions: 5->0(5)
[2024-10-12T10:01:53.078+0800][info] GC(47) Survivor regions: 1->1(1)
[2024-10-12T10:01:53.078+0800][info] GC(47) Old regions: 93->98
[2024-10-12T10:01:53.078+0800][info] GC(47) Archive regions: 2->2
[2024-10-12T10:01:53.078+0800][info] GC(47) Humongous regions: 3->3
[2024-10-12T10:01:53.078+0800][info] GC(47) Metaspace: 1639K(1792K)->1639K(1792K) NonClass: 1503K(1600K)->1503K(1600K) Class: 135K(192K)->135K(192K)
[2024-10-12T10:01:53.078+0800][info] GC(47) Pause Young (Normal) (G1 Evacuation Pause) 205M->205M(256M) 1.686ms
[2024-10-12T10:01:53.078+0800][info] GC(47) User=0.01s Sys=0.00s Real=0.00s
[2024-10-12T10:01:53.344+0800][info] GC(48) Pause Young (Concurrent Start) (G1 Evacuation Pause)
[2024-10-12T10:01:53.344+0800][info] GC(48) Using 6 workers of 48 for evacuation
[2024-10-12T10:01:53.347+0800][info] GC(48)   Pre Evacuate Collection Set: 0.1ms
[2024-10-12T10:01:53.347+0800][info] GC(48)   Merge Heap Roots: 0.1ms
[2024-10-12T10:01:53.347+0800][info] GC(48)   Evacuate Collection Set: 2.1ms
[2024-10-12T10:01:53.347+0800][info] GC(48)   Post Evacuate Collection Set: 0.2ms
[2024-10-12T10:01:53.347+0800][info] GC(48)   Other: 0.4ms
[2024-10-12T10:01:53.347+0800][info] GC(48) Eden regions: 5->0(5)
[2024-10-12T10:01:53.347+0800][info] GC(48) Survivor regions: 1->1(1)
[2024-10-12T10:01:53.347+0800][info] GC(48) Old regions: 98->103
[2024-10-12T10:01:53.347+0800][info] GC(48) Archive regions: 2->2
[2024-10-12T10:01:53.347+0800][info] GC(48) Humongous regions: 3->3
[2024-10-12T10:01:53.347+0800][info] GC(48) Metaspace: 1639K(1792K)->1639K(1792K) NonClass: 1503K(1600K)->1503K(1600K) Class: 135K(192K)->135K(192K)
[2024-10-12T10:01:53.347+0800][info] GC(48) Pause Young (Concurrent Start) (G1 Evacuation Pause) 214M->214M(256M) 2.968ms
[2024-10-12T10:01:53.347+0800][info] GC(48) User=0.01s Sys=0.00s Real=0.01s
[2024-10-12T10:01:53.347+0800][info] GC(49) Concurrent Mark Cycle
[2024-10-12T10:01:53.347+0800][info] GC(49) Concurrent Clear Claimed Marks
[2024-10-12T10:01:53.347+0800][info] GC(49) Concurrent Clear Claimed Marks 0.017ms
[2024-10-12T10:01:53.347+0800][info] GC(49) Concurrent Scan Root Regions
[2024-10-12T10:01:53.347+0800][info] GC(49) Concurrent Scan Root Regions 0.122ms
[2024-10-12T10:01:53.347+0800][info] GC(49) Concurrent Mark
[2024-10-12T10:01:53.347+0800][info] GC(49) Concurrent Mark From Roots
[2024-10-12T10:01:53.347+0800][info] GC(49) Using 12 workers of 12 for marking
[2024-10-12T10:01:53.351+0800][info] GC(49) Concurrent Mark From Roots 3.736ms
[2024-10-12T10:01:53.351+0800][info] GC(49) Concurrent Preclean
[2024-10-12T10:01:53.353+0800][info] GC(49) Concurrent Preclean 1.676ms
[2024-10-12T10:01:53.353+0800][info] GC(49) Pause Remark
[2024-10-12T10:01:53.354+0800][info] GC(49) Pause Remark 215M->143M(256M) 1.154ms
[2024-10-12T10:01:53.354+0800][info] GC(49) User=0.00s Sys=0.00s Real=0.01s
[2024-10-12T10:01:53.354+0800][info] GC(49) Concurrent Mark 6.767ms
[2024-10-12T10:01:53.354+0800][info] GC(49) Concurrent Rebuild Remembered Sets
[2024-10-12T10:01:53.355+0800][info] GC(49) Concurrent Rebuild Remembered Sets 1.252ms
[2024-10-12T10:01:53.356+0800][info] GC(49) Pause Cleanup
[2024-10-12T10:01:53.356+0800][info] GC(49) Pause Cleanup 143M->143M(256M) 0.282ms
[2024-10-12T10:01:53.356+0800][info] GC(49) User=0.00s Sys=0.00s Real=0.00s
[2024-10-12T10:01:53.356+0800][info] GC(49) Concurrent Cleanup for Next Mark
[2024-10-12T10:01:53.356+0800][info] GC(49) Concurrent Cleanup for Next Mark 0.373ms
[2024-10-12T10:01:53.356+0800][info] GC(49) Concurrent Mark Cycle 9.133ms
[2024-10-12T10:01:53.665+0800][info] GC(50) Pause Young (Prepare Mixed) (G1 Evacuation Pause)
[2024-10-12T10:01:53.665+0800][info] GC(50) Using 6 workers of 48 for evacuation
[2024-10-12T10:01:53.667+0800][info] GC(50)   Pre Evacuate Collection Set: 0.1ms
[2024-10-12T10:01:53.667+0800][info] GC(50)   Merge Heap Roots: 0.1ms
[2024-10-12T10:01:53.667+0800][info] GC(50)   Evacuate Collection Set: 1.1ms
[2024-10-12T10:01:53.667+0800][info] GC(50)   Post Evacuate Collection Set: 0.2ms
[2024-10-12T10:01:53.667+0800][info] GC(50)   Other: 0.2ms
[2024-10-12T10:01:53.667+0800][info] GC(50) Eden regions: 5->0(5)
[2024-10-12T10:01:53.667+0800][info] GC(50) Survivor regions: 1->1(1)
[2024-10-12T10:01:53.667+0800][info] GC(50) Old regions: 67->71
[2024-10-12T10:01:53.667+0800][info] GC(50) Archive regions: 2->2
[2024-10-12T10:01:53.667+0800][info] GC(50) Humongous regions: 3->3
[2024-10-12T10:01:53.667+0800][info] GC(50) Metaspace: 1640K(1792K)->1640K(1792K) NonClass: 1504K(1600K)->1504K(1600K) Class: 135K(192K)->135K(192K)
[2024-10-12T10:01:53.667+0800][info] GC(50) Pause Young (Prepare Mixed) (G1 Evacuation Pause) 152M->151M(256M) 1.884ms
[2024-10-12T10:01:53.667+0800][info] GC(50) User=0.01s Sys=0.00s Real=0.00s
[2024-10-12T10:01:53.933+0800][info] GC(51) Pause Young (Mixed) (G1 Evacuation Pause)
[2024-10-12T10:01:53.933+0800][info] GC(51) Using 6 workers of 48 for evacuation
[2024-10-12T10:01:53.935+0800][info] GC(51)   Pre Evacuate Collection Set: 0.2ms
[2024-10-12T10:01:53.935+0800][info] GC(51)   Merge Heap Roots: 0.1ms
[2024-10-12T10:01:53.935+0800][info] GC(51)   Evacuate Collection Set: 0.9ms
[2024-10-12T10:01:53.935+0800][info] GC(51)   Post Evacuate Collection Set: 0.2ms
[2024-10-12T10:01:53.935+0800][info] GC(51)   Other: 0.2ms
[2024-10-12T10:01:53.935+0800][info] GC(51) Eden regions: 5->0(17)
[2024-10-12T10:01:53.935+0800][info] GC(51) Survivor regions: 1->1(1)
[2024-10-12T10:01:53.935+0800][info] GC(51) Old regions: 71->63
[2024-10-12T10:01:53.935+0800][info] GC(51) Archive regions: 2->2
[2024-10-12T10:01:53.935+0800][info] GC(51) Humongous regions: 3->3
[2024-10-12T10:01:53.935+0800][info] GC(51) Metaspace: 1640K(1792K)->1640K(1792K) NonClass: 1504K(1600K)->1504K(1600K) Class: 135K(192K)->135K(192K)
[2024-10-12T10:01:53.935+0800][info] GC(51) Pause Young (Mixed) (G1 Evacuation Pause) 161M->135M(256M) 1.767ms
[2024-10-12T10:01:53.935+0800][info] GC(51) User=0.00s Sys=0.00s Real=0.01s
[2024-10-12T10:01:54.856+0800][info] GC(52) Pause Young (Normal) (G1 Evacuation Pause)
[2024-10-12T10:01:54.856+0800][info] GC(52) Using 6 workers of 48 for evacuation
[2024-10-12T10:01:54.860+0800][info] GC(52)   Pre Evacuate Collection Set: 0.1ms
[2024-10-12T10:01:54.860+0800][info] GC(52)   Merge Heap Roots: 0.1ms
[2024-10-12T10:01:54.860+0800][info] GC(52)   Evacuate Collection Set: 3.4ms
[2024-10-12T10:01:54.860+0800][info] GC(52)   Post Evacuate Collection Set: 0.2ms
[2024-10-12T10:01:54.860+0800][info] GC(52)   Other: 0.3ms
[2024-10-12T10:01:54.860+0800][info] GC(52) Eden regions: 17->0(10)
[2024-10-12T10:01:54.860+0800][info] GC(52) Survivor regions: 1->3(3)
[2024-10-12T10:01:54.860+0800][info] GC(52) Old regions: 63->77
[2024-10-12T10:01:54.860+0800][info] GC(52) Archive regions: 2->2
[2024-10-12T10:01:54.860+0800][info] GC(52) Humongous regions: 3->3
[2024-10-12T10:01:54.860+0800][info] GC(52) Metaspace: 1640K(1792K)->1640K(1792K) NonClass: 1504K(1600K)->1504K(1600K) Class: 135K(192K)->135K(192K)
[2024-10-12T10:01:54.860+0800][info] GC(52) Pause Young (Normal) (G1 Evacuation Pause) 169M->166M(256M) 4.188ms
[2024-10-12T10:01:54.860+0800][info] GC(52) User=0.00s Sys=0.02s Real=0.00s
[2024-10-12T10:01:55.415+0800][info] GC(53) Pause Young (Normal) (G1 Evacuation Pause)
[2024-10-12T10:01:55.415+0800][info] GC(53) Using 6 workers of 48 for evacuation
[2024-10-12T10:01:55.417+0800][info] GC(53)   Pre Evacuate Collection Set: 0.1ms
[2024-10-12T10:01:55.417+0800][info] GC(53)   Merge Heap Roots: 0.1ms
[2024-10-12T10:01:55.417+0800][info] GC(53)   Evacuate Collection Set: 1.7ms
[2024-10-12T10:01:55.417+0800][info] GC(53)   Post Evacuate Collection Set: 0.2ms
[2024-10-12T10:01:55.417+0800][info] GC(53)   Other: 0.2ms
[2024-10-12T10:01:55.417+0800][info] GC(53) Eden regions: 10->0(7)
[2024-10-12T10:01:55.417+0800][info] GC(53) Survivor regions: 3->2(2)
[2024-10-12T10:01:55.417+0800][info] GC(53) Old regions: 77->86
[2024-10-12T10:01:55.417+0800][info] GC(53) Archive regions: 2->2
[2024-10-12T10:01:55.417+0800][info] GC(53) Humongous regions: 4->3
[2024-10-12T10:01:55.417+0800][info] GC(53) Metaspace: 1668K(1856K)->1668K(1856K) NonClass: 1532K(1664K)->1532K(1664K) Class: 135K(192K)->135K(192K)
[2024-10-12T10:01:55.417+0800][info] GC(53) Pause Young (Normal) (G1 Evacuation Pause) 188M->183M(256M) 2.364ms
[2024-10-12T10:01:55.417+0800][info] GC(53) User=0.01s Sys=0.01s Real=0.00s
[2024-10-12T10:01:55.786+0800][info] GC(54) Pause Young (Normal) (G1 Evacuation Pause)
[2024-10-12T10:01:55.786+0800][info] GC(54) Using 6 workers of 48 for evacuation
[2024-10-12T10:01:55.788+0800][info] GC(54)   Pre Evacuate Collection Set: 0.1ms
[2024-10-12T10:01:55.788+0800][info] GC(54)   Merge Heap Roots: 0.1ms
[2024-10-12T10:01:55.788+0800][info] GC(54)   Evacuate Collection Set: 1.2ms
[2024-10-12T10:01:55.788+0800][info] GC(54)   Post Evacuate Collection Set: 0.2ms
[2024-10-12T10:01:55.788+0800][info] GC(54)   Other: 0.2ms
[2024-10-12T10:01:55.788+0800][info] GC(54) Eden regions: 7->0(4)
[2024-10-12T10:01:55.788+0800][info] GC(54) Survivor regions: 2->2(2)
[2024-10-12T10:01:55.788+0800][info] GC(54) Old regions: 86->92
[2024-10-12T10:01:55.788+0800][info] GC(54) Archive regions: 2->2
[2024-10-12T10:01:55.788+0800][info] GC(54) Humongous regions: 3->3
[2024-10-12T10:01:55.788+0800][info] GC(54) Metaspace: 1668K(1856K)->1668K(1856K) NonClass: 1532K(1664K)->1532K(1664K) Class: 135K(192K)->135K(192K)
[2024-10-12T10:01:55.788+0800][info] GC(54) Pause Young (Normal) (G1 Evacuation Pause) 196M->195M(256M) 1.973ms
[2024-10-12T10:01:55.788+0800][info] GC(54) User=0.00s Sys=0.00s Real=0.00s
[2024-10-12T10:01:56.013+0800][info] GC(55) Pause Young (Normal) (G1 Evacuation Pause)
[2024-10-12T10:01:56.013+0800][info] GC(55) Using 6 workers of 48 for evacuation
[2024-10-12T10:01:56.014+0800][info] GC(55)   Pre Evacuate Collection Set: 0.1ms
[2024-10-12T10:01:56.014+0800][info] GC(55)   Merge Heap Roots: 0.0ms
[2024-10-12T10:01:56.014+0800][info] GC(55)   Evacuate Collection Set: 0.9ms
[2024-10-12T10:01:56.014+0800][info] GC(55)   Post Evacuate Collection Set: 0.2ms
[2024-10-12T10:01:56.014+0800][info] GC(55)   Other: 0.2ms
[2024-10-12T10:01:56.014+0800][info] GC(55) Eden regions: 4->0(5)
[2024-10-12T10:01:56.014+0800][info] GC(55) Survivor regions: 2->1(1)
[2024-10-12T10:01:56.014+0800][info] GC(55) Old regions: 92->97
[2024-10-12T10:01:56.014+0800][info] GC(55) Archive regions: 2->2
[2024-10-12T10:01:56.014+0800][info] GC(55) Humongous regions: 3->3
[2024-10-12T10:01:56.014+0800][info] GC(55) Metaspace: 1668K(1856K)->1668K(1856K) NonClass: 1532K(1664K)->1532K(1664K) Class: 135K(192K)->135K(192K)
[2024-10-12T10:01:56.014+0800][info] GC(55) Pause Young (Normal) (G1 Evacuation Pause) 203M->203M(256M) 1.608ms
[2024-10-12T10:01:56.014+0800][info] GC(55) User=0.00s Sys=0.00s Real=0.01s
[2024-10-12T10:01:56.280+0800][info] GC(56) Pause Young (Concurrent Start) (G1 Evacuation Pause)
[2024-10-12T10:01:56.280+0800][info] GC(56) Using 6 workers of 48 for evacuation
[2024-10-12T10:01:56.282+0800][info] GC(56)   Pre Evacuate Collection Set: 0.1ms
[2024-10-12T10:01:56.282+0800][info] GC(56)   Merge Heap Roots: 0.1ms
[2024-10-12T10:01:56.282+0800][info] GC(56)   Evacuate Collection Set: 1.3ms
[2024-10-12T10:01:56.282+0800][info] GC(56)   Post Evacuate Collection Set: 0.2ms
[2024-10-12T10:01:56.282+0800][info] GC(56)   Other: 0.6ms
[2024-10-12T10:01:56.282+0800][info] GC(56) Eden regions: 5->0(5)
[2024-10-12T10:01:56.282+0800][info] GC(56) Survivor regions: 1->1(1)
[2024-10-12T10:01:56.282+0800][info] GC(56) Old regions: 97->103
[2024-10-12T10:01:56.282+0800][info] GC(56) Archive regions: 2->2
[2024-10-12T10:01:56.282+0800][info] GC(56) Humongous regions: 3->3
[2024-10-12T10:01:56.282+0800][info] GC(56) Metaspace: 1668K(1856K)->1668K(1856K) NonClass: 1532K(1664K)->1532K(1664K) Class: 135K(192K)->135K(192K)
[2024-10-12T10:01:56.282+0800][info] GC(56) Pause Young (Concurrent Start) (G1 Evacuation Pause) 213M->214M(256M) 2.432ms
[2024-10-12T10:01:56.283+0800][info] GC(56) User=0.01s Sys=0.00s Real=0.00s
[2024-10-12T10:01:56.283+0800][info] GC(57) Concurrent Mark Cycle
[2024-10-12T10:01:56.283+0800][info] GC(57) Concurrent Clear Claimed Marks
[2024-10-12T10:01:56.283+0800][info] GC(57) Concurrent Clear Claimed Marks 0.017ms
[2024-10-12T10:01:56.283+0800][info] GC(57) Concurrent Scan Root Regions
[2024-10-12T10:01:56.283+0800][info] GC(57) Concurrent Scan Root Regions 0.183ms
[2024-10-12T10:01:56.283+0800][info] GC(57) Concurrent Mark
[2024-10-12T10:01:56.283+0800][info] GC(57) Concurrent Mark From Roots
[2024-10-12T10:01:56.283+0800][info] GC(57) Using 12 workers of 12 for marking
[2024-10-12T10:01:56.289+0800][info] GC(57) Concurrent Mark From Roots 6.598ms
[2024-10-12T10:01:56.289+0800][info] GC(57) Concurrent Preclean
[2024-10-12T10:01:56.291+0800][info] GC(57) Concurrent Preclean 1.653ms
[2024-10-12T10:01:56.291+0800][info] GC(57) Pause Remark
[2024-10-12T10:01:56.292+0800][info] GC(57) Pause Remark 214M->144M(256M) 1.182ms
[2024-10-12T10:01:56.292+0800][info] GC(57) User=0.01s Sys=0.00s Real=0.00s
[2024-10-12T10:01:56.293+0800][info] GC(57) Concurrent Mark 9.665ms
[2024-10-12T10:01:56.293+0800][info] GC(57) Concurrent Rebuild Remembered Sets
[2024-10-12T10:01:56.294+0800][info] GC(57) Concurrent Rebuild Remembered Sets 1.196ms
[2024-10-12T10:01:56.294+0800][info] GC(57) Pause Cleanup
[2024-10-12T10:01:56.294+0800][info] GC(57) Pause Cleanup 144M->144M(256M) 0.279ms
[2024-10-12T10:01:56.294+0800][info] GC(57) User=0.00s Sys=0.00s Real=0.00s
[2024-10-12T10:01:56.294+0800][info] GC(57) Concurrent Cleanup for Next Mark
[2024-10-12T10:01:56.295+0800][info] GC(57) Concurrent Cleanup for Next Mark 0.432ms
[2024-10-12T10:01:56.295+0800][info] GC(57) Concurrent Mark Cycle 12.109ms
[2024-10-12T10:01:56.600+0800][info] GC(58) Pause Young (Prepare Mixed) (G1 Evacuation Pause)
[2024-10-12T10:01:56.600+0800][info] GC(58) Using 6 workers of 48 for evacuation
[2024-10-12T10:01:56.602+0800][info] GC(58)   Pre Evacuate Collection Set: 0.1ms
[2024-10-12T10:01:56.602+0800][info] GC(58)   Merge Heap Roots: 0.1ms
[2024-10-12T10:01:56.602+0800][info] GC(58)   Evacuate Collection Set: 0.9ms
[2024-10-12T10:01:56.602+0800][info] GC(58)   Post Evacuate Collection Set: 0.2ms
[2024-10-12T10:01:56.602+0800][info] GC(58)   Other: 0.2ms
[2024-10-12T10:01:56.602+0800][info] GC(58) Eden regions: 5->0(5)
[2024-10-12T10:01:56.602+0800][info] GC(58) Survivor regions: 1->1(1)
[2024-10-12T10:01:56.602+0800][info] GC(58) Old regions: 68->72
[2024-10-12T10:01:56.602+0800][info] GC(58) Archive regions: 2->2
[2024-10-12T10:01:56.602+0800][info] GC(58) Humongous regions: 3->3
[2024-10-12T10:01:56.602+0800][info] GC(58) Metaspace: 1668K(1856K)->1668K(1856K) NonClass: 1532K(1664K)->1532K(1664K) Class: 135K(192K)->135K(192K)
[2024-10-12T10:01:56.602+0800][info] GC(58) Pause Young (Prepare Mixed) (G1 Evacuation Pause) 153M->153M(256M) 1.634ms
[2024-10-12T10:01:56.602+0800][info] GC(58) User=0.01s Sys=0.00s Real=0.00s
[2024-10-12T10:01:56.867+0800][info] GC(59) Pause Young (Mixed) (G1 Evacuation Pause)
[2024-10-12T10:01:56.867+0800][info] GC(59) Using 6 workers of 48 for evacuation
[2024-10-12T10:01:56.869+0800][info] GC(59)   Pre Evacuate Collection Set: 0.2ms
[2024-10-12T10:01:56.869+0800][info] GC(59)   Merge Heap Roots: 0.1ms
[2024-10-12T10:01:56.869+0800][info] GC(59)   Evacuate Collection Set: 1.0ms
[2024-10-12T10:01:56.869+0800][info] GC(59)   Post Evacuate Collection Set: 0.2ms
[2024-10-12T10:01:56.869+0800][info] GC(59)   Other: 0.2ms
[2024-10-12T10:01:56.869+0800][info] GC(59) Eden regions: 5->0(15)
[2024-10-12T10:01:56.869+0800][info] GC(59) Survivor regions: 1->1(1)
[2024-10-12T10:01:56.869+0800][info] GC(59) Old regions: 72->64
[2024-10-12T10:01:56.869+0800][info] GC(59) Archive regions: 2->2
[2024-10-12T10:01:56.869+0800][info] GC(59) Humongous regions: 3->3
[2024-10-12T10:01:56.869+0800][info] GC(59) Metaspace: 1668K(1856K)->1668K(1856K) NonClass: 1532K(1664K)->1532K(1664K) Class: 135K(192K)->135K(192K)
[2024-10-12T10:01:56.869+0800][info] GC(59) Pause Young (Mixed) (G1 Evacuation Pause) 163M->136M(256M) 1.777ms
[2024-10-12T10:01:56.869+0800][info] GC(59) User=0.01s Sys=0.00s Real=0.00s
[2024-10-12T10:01:57.688+0800][info] GC(60) Pause Young (Normal) (G1 Evacuation Pause)
[2024-10-12T10:01:57.688+0800][info] GC(60) Using 6 workers of 48 for evacuation
[2024-10-12T10:01:57.690+0800][info] GC(60)   Pre Evacuate Collection Set: 0.1ms
[2024-10-12T10:01:57.690+0800][info] GC(60)   Merge Heap Roots: 0.1ms
[2024-10-12T10:01:57.690+0800][info] GC(60)   Evacuate Collection Set: 2.1ms
[2024-10-12T10:01:57.690+0800][info] GC(60)   Post Evacuate Collection Set: 0.2ms
[2024-10-12T10:01:57.690+0800][info] GC(60)   Other: 0.2ms
[2024-10-12T10:01:57.691+0800][info] GC(60) Eden regions: 15->0(11)
[2024-10-12T10:01:57.691+0800][info] GC(60) Survivor regions: 1->2(2)
[2024-10-12T10:01:57.691+0800][info] GC(60) Old regions: 64->75
[2024-10-12T10:01:57.691+0800][info] GC(60) Archive regions: 2->2
[2024-10-12T10:01:57.691+0800][info] GC(60) Humongous regions: 4->3
[2024-10-12T10:01:57.691+0800][info] GC(60) Metaspace: 1668K(1856K)->1668K(1856K) NonClass: 1532K(1664K)->1532K(1664K) Class: 135K(192K)->135K(192K)
[2024-10-12T10:01:57.691+0800][info] GC(60) Pause Young (Normal) (G1 Evacuation Pause) 168M->161M(256M) 2.843ms
[2024-10-12T10:01:57.691+0800][info] GC(60) User=0.01s Sys=0.00s Real=0.00s
[2024-10-12T10:01:58.284+0800][info] GC(61) Pause Young (Normal) (G1 Evacuation Pause)
[2024-10-12T10:01:58.284+0800][info] GC(61) Using 6 workers of 48 for evacuation
[2024-10-12T10:01:58.287+0800][info] GC(61)   Pre Evacuate Collection Set: 0.1ms
[2024-10-12T10:01:58.287+0800][info] GC(61)   Merge Heap Roots: 0.1ms
[2024-10-12T10:01:58.287+0800][info] GC(61)   Evacuate Collection Set: 1.8ms
[2024-10-12T10:01:58.287+0800][info] GC(61)   Post Evacuate Collection Set: 0.2ms
[2024-10-12T10:01:58.287+0800][info] GC(61)   Other: 0.2ms
[2024-10-12T10:01:58.287+0800][info] GC(61) Eden regions: 11->0(7)
[2024-10-12T10:01:58.287+0800][info] GC(61) Survivor regions: 2->2(2)
[2024-10-12T10:01:58.287+0800][info] GC(61) Old regions: 75->85
[2024-10-12T10:01:58.287+0800][info] GC(61) Archive regions: 2->2
[2024-10-12T10:01:58.287+0800][info] GC(61) Humongous regions: 3->3
[2024-10-12T10:01:58.287+0800][info] GC(61) Metaspace: 1668K(1856K)->1668K(1856K) NonClass: 1532K(1664K)->1532K(1664K) Class: 135K(192K)->135K(192K)
[2024-10-12T10:01:58.287+0800][info] GC(61) Pause Young (Normal) (G1 Evacuation Pause) 182M->181M(256M) 2.561ms
[2024-10-12T10:01:58.287+0800][info] GC(61) User=0.01s Sys=0.00s Real=0.01s
[2024-10-12T10:01:58.676+0800][info] GC(62) Pause Young (Normal) (G1 Evacuation Pause)
[2024-10-12T10:01:58.676+0800][info] GC(62) Using 6 workers of 48 for evacuation
[2024-10-12T10:01:58.678+0800][info] GC(62)   Pre Evacuate Collection Set: 0.1ms
[2024-10-12T10:01:58.678+0800][info] GC(62)   Merge Heap Roots: 0.1ms
[2024-10-12T10:01:58.678+0800][info] GC(62)   Evacuate Collection Set: 1.4ms
[2024-10-12T10:01:58.678+0800][info] GC(62)   Post Evacuate Collection Set: 0.2ms
[2024-10-12T10:01:58.678+0800][info] GC(62)   Other: 0.2ms
[2024-10-12T10:01:58.678+0800][info] GC(62) Eden regions: 7->0(4)
[2024-10-12T10:01:58.678+0800][info] GC(62) Survivor regions: 2->2(2)
[2024-10-12T10:01:58.678+0800][info] GC(62) Old regions: 85->92
[2024-10-12T10:01:58.678+0800][info] GC(62) Archive regions: 2->2
[2024-10-12T10:01:58.678+0800][info] GC(62) Humongous regions: 3->3
[2024-10-12T10:01:58.678+0800][info] GC(62) Metaspace: 1671K(1856K)->1671K(1856K) NonClass: 1535K(1664K)->1535K(1664K) Class: 135K(192K)->135K(192K)
[2024-10-12T10:01:58.678+0800][info] GC(62) Pause Young (Normal) (G1 Evacuation Pause) 195M->195M(256M) 2.140ms
[2024-10-12T10:01:58.678+0800][info] GC(62) User=0.01s Sys=0.00s Real=0.00s
[2024-10-12T10:01:58.883+0800][info] GC(63) Pause Young (Normal) (G1 Evacuation Pause)
[2024-10-12T10:01:58.883+0800][info] GC(63) Using 6 workers of 48 for evacuation
[2024-10-12T10:01:58.884+0800][info] GC(63)   Pre Evacuate Collection Set: 0.1ms
[2024-10-12T10:01:58.884+0800][info] GC(63)   Merge Heap Roots: 0.1ms
[2024-10-12T10:01:58.884+0800][info] GC(63)   Evacuate Collection Set: 0.9ms
[2024-10-12T10:01:58.884+0800][info] GC(63)   Post Evacuate Collection Set: 0.2ms
[2024-10-12T10:01:58.884+0800][info] GC(63)   Other: 0.2ms
[2024-10-12T10:01:58.884+0800][info] GC(63) Eden regions: 4->0(5)
[2024-10-12T10:01:58.884+0800][info] GC(63) Survivor regions: 2->1(1)
[2024-10-12T10:01:58.884+0800][info] GC(63) Old regions: 92->97
[2024-10-12T10:01:58.884+0800][info] GC(63) Archive regions: 2->2
[2024-10-12T10:01:58.884+0800][info] GC(63) Humongous regions: 3->3
[2024-10-12T10:01:58.884+0800][info] GC(63) Metaspace: 1671K(1856K)->1671K(1856K) NonClass: 1535K(1664K)->1535K(1664K) Class: 135K(192K)->135K(192K)
[2024-10-12T10:01:58.884+0800][info] GC(63) Pause Young (Normal) (G1 Evacuation Pause) 203M->203M(256M) 1.593ms
[2024-10-12T10:01:58.884+0800][info] GC(63) User=0.00s Sys=0.00s Real=0.00s
[2024-10-12T10:01:59.027+0800][info] GC(64) Pause Young (Concurrent Start) (G1 Humongous Allocation)
[2024-10-12T10:01:59.027+0800][info] GC(64) Using 6 workers of 48 for evacuation
[2024-10-12T10:01:59.028+0800][info] GC(64)   Pre Evacuate Collection Set: 0.1ms
[2024-10-12T10:01:59.029+0800][info] GC(64)   Merge Heap Roots: 0.1ms
[2024-10-12T10:01:59.029+0800][info] GC(64)   Evacuate Collection Set: 0.8ms
[2024-10-12T10:01:59.029+0800][info] GC(64)   Post Evacuate Collection Set: 0.2ms
[2024-10-12T10:01:59.029+0800][info] GC(64)   Other: 0.4ms
[2024-10-12T10:01:59.029+0800][info] GC(64) Eden regions: 3->0(5)
[2024-10-12T10:01:59.029+0800][info] GC(64) Survivor regions: 1->1(1)
[2024-10-12T10:01:59.029+0800][info] GC(64) Old regions: 97->100
[2024-10-12T10:01:59.029+0800][info] GC(64) Archive regions: 2->2
[2024-10-12T10:01:59.029+0800][info] GC(64) Humongous regions: 3->3
[2024-10-12T10:01:59.029+0800][info] GC(64) Metaspace: 1671K(1856K)->1671K(1856K) NonClass: 1535K(1664K)->1535K(1664K) Class: 135K(192K)->135K(192K)
[2024-10-12T10:01:59.029+0800][info] GC(64) Pause Young (Concurrent Start) (G1 Humongous Allocation) 209M->209M(256M) 1.623ms
[2024-10-12T10:01:59.029+0800][info] GC(64) User=0.00s Sys=0.00s Real=0.00s
[2024-10-12T10:01:59.029+0800][info] GC(65) Concurrent Mark Cycle
[2024-10-12T10:01:59.029+0800][info] GC(65) Concurrent Clear Claimed Marks
[2024-10-12T10:01:59.029+0800][info] GC(65) Concurrent Clear Claimed Marks 0.022ms
[2024-10-12T10:01:59.029+0800][info] GC(65) Concurrent Scan Root Regions
[2024-10-12T10:01:59.029+0800][info] GC(65) Concurrent Scan Root Regions 0.163ms
[2024-10-12T10:01:59.029+0800][info] GC(65) Concurrent Mark
[2024-10-12T10:01:59.029+0800][info] GC(65) Concurrent Mark From Roots
[2024-10-12T10:01:59.029+0800][info] GC(65) Using 12 workers of 12 for marking
[2024-10-12T10:01:59.033+0800][info] GC(65) Concurrent Mark From Roots 3.630ms
[2024-10-12T10:01:59.033+0800][info] GC(65) Concurrent Preclean
[2024-10-12T10:01:59.034+0800][info] GC(65) Concurrent Preclean 1.707ms
[2024-10-12T10:01:59.035+0800][info] GC(65) Pause Remark
[2024-10-12T10:01:59.036+0800][info] GC(65) Pause Remark 211M->153M(256M) 1.158ms
[2024-10-12T10:01:59.036+0800][info] GC(65) User=0.01s Sys=0.00s Real=0.00s
[2024-10-12T10:01:59.036+0800][info] GC(65) Concurrent Mark 6.750ms
[2024-10-12T10:01:59.036+0800][info] GC(65) Concurrent Rebuild Remembered Sets
[2024-10-12T10:01:59.037+0800][info] GC(65) Concurrent Rebuild Remembered Sets 1.144ms
[2024-10-12T10:01:59.037+0800][info] GC(65) Pause Cleanup
[2024-10-12T10:01:59.037+0800][info] GC(65) Pause Cleanup 153M->153M(256M) 0.284ms
[2024-10-12T10:01:59.037+0800][info] GC(65) User=0.00s Sys=0.00s Real=0.00s
[2024-10-12T10:01:59.037+0800][info] GC(65) Concurrent Cleanup for Next Mark
[2024-10-12T10:01:59.038+0800][info] GC(65) Concurrent Cleanup for Next Mark 0.397ms
[2024-10-12T10:01:59.038+0800][info] GC(65) Concurrent Mark Cycle 9.106ms
[2024-10-12T10:01:59.368+0800][info] GC(66) Pause Young (Prepare Mixed) (G1 Evacuation Pause)
[2024-10-12T10:01:59.368+0800][info] GC(66) Using 6 workers of 48 for evacuation
[2024-10-12T10:01:59.369+0800][info] GC(66)   Pre Evacuate Collection Set: 0.1ms
[2024-10-12T10:01:59.369+0800][info] GC(66)   Merge Heap Roots: 0.1ms
[2024-10-12T10:01:59.369+0800][info] GC(66)   Evacuate Collection Set: 1.0ms
[2024-10-12T10:01:59.369+0800][info] GC(66)   Post Evacuate Collection Set: 0.2ms
[2024-10-12T10:01:59.369+0800][info] GC(66)   Other: 0.3ms
[2024-10-12T10:01:59.369+0800][info] GC(66) Eden regions: 5->0(5)
[2024-10-12T10:01:59.369+0800][info] GC(66) Survivor regions: 1->1(1)
[2024-10-12T10:01:59.369+0800][info] GC(66) Old regions: 71->76
[2024-10-12T10:01:59.369+0800][info] GC(66) Archive regions: 2->2
[2024-10-12T10:01:59.369+0800][info] GC(66) Humongous regions: 4->3
[2024-10-12T10:01:59.369+0800][info] GC(66) Metaspace: 1676K(1856K)->1676K(1856K) NonClass: 1540K(1664K)->1540K(1664K) Class: 135K(192K)->135K(192K)
[2024-10-12T10:01:59.369+0800][info] GC(66) Pause Young (Prepare Mixed) (G1 Evacuation Pause) 163M->161M(256M) 1.808ms
[2024-10-12T10:01:59.369+0800][info] GC(66) User=0.01s Sys=0.00s Real=0.00s
[2024-10-12T10:01:59.635+0800][info] GC(67) Pause Young (Mixed) (G1 Evacuation Pause)
[2024-10-12T10:01:59.635+0800][info] GC(67) Using 6 workers of 48 for evacuation
[2024-10-12T10:01:59.636+0800][info] GC(67)   Pre Evacuate Collection Set: 0.2ms
[2024-10-12T10:01:59.636+0800][info] GC(67)   Merge Heap Roots: 0.1ms
[2024-10-12T10:01:59.636+0800][info] GC(67)   Evacuate Collection Set: 1.0ms
[2024-10-12T10:01:59.636+0800][info] GC(67)   Post Evacuate Collection Set: 0.2ms
[2024-10-12T10:01:59.636+0800][info] GC(67)   Other: 0.2ms
[2024-10-12T10:01:59.636+0800][info] GC(67) Eden regions: 5->0(5)
[2024-10-12T10:01:59.636+0800][info] GC(67) Survivor regions: 1->1(1)
[2024-10-12T10:01:59.636+0800][info] GC(67) Old regions: 76->68
[2024-10-12T10:01:59.636+0800][info] GC(67) Archive regions: 2->2
[2024-10-12T10:01:59.636+0800][info] GC(67) Humongous regions: 3->3
[2024-10-12T10:01:59.636+0800][info] GC(67) Metaspace: 1676K(1856K)->1676K(1856K) NonClass: 1540K(1664K)->1540K(1664K) Class: 135K(192K)->135K(192K)
[2024-10-12T10:01:59.636+0800][info] GC(67) Pause Young (Mixed) (G1 Evacuation Pause) 170M->144M(256M) 1.727ms
[2024-10-12T10:01:59.636+0800][info] GC(67) User=0.01s Sys=0.00s Real=0.00s
[2024-10-12T10:01:59.902+0800][info] GC(68) Pause Young (Mixed) (G1 Evacuation Pause)
[2024-10-12T10:01:59.902+0800][info] GC(68) Using 6 workers of 48 for evacuation
[2024-10-12T10:01:59.903+0800][info] GC(68)   Pre Evacuate Collection Set: 0.2ms
[2024-10-12T10:01:59.903+0800][info] GC(68)   Merge Heap Roots: 0.1ms
[2024-10-12T10:01:59.903+0800][info] GC(68)   Evacuate Collection Set: 0.9ms
[2024-10-12T10:01:59.903+0800][info] GC(68)   Post Evacuate Collection Set: 0.2ms
[2024-10-12T10:01:59.903+0800][info] GC(68)   Other: 0.2ms
[2024-10-12T10:01:59.903+0800][info] GC(68) Eden regions: 5->0(12)
[2024-10-12T10:01:59.903+0800][info] GC(68) Survivor regions: 1->1(1)
[2024-10-12T10:01:59.903+0800][info] GC(68) Old regions: 68->70
[2024-10-12T10:01:59.903+0800][info] GC(68) Archive regions: 2->2
[2024-10-12T10:01:59.903+0800][info] GC(68) Humongous regions: 3->3
[2024-10-12T10:01:59.903+0800][info] GC(68) Metaspace: 1676K(1856K)->1676K(1856K) NonClass: 1540K(1664K)->1540K(1664K) Class: 135K(192K)->135K(192K)
[2024-10-12T10:01:59.903+0800][info] GC(68) Pause Young (Mixed) (G1 Evacuation Pause) 153M->148M(256M) 1.671ms
[2024-10-12T10:01:59.903+0800][info] GC(68) User=0.01s Sys=0.00s Real=0.00s
[2024-10-12T10:02:00.558+0800][info] GC(69) Pause Young (Normal) (G1 Evacuation Pause)
[2024-10-12T10:02:00.558+0800][info] GC(69) Using 6 workers of 48 for evacuation
[2024-10-12T10:02:00.560+0800][info] GC(69)   Pre Evacuate Collection Set: 0.1ms
[2024-10-12T10:02:00.560+0800][info] GC(69)   Merge Heap Roots: 0.1ms
[2024-10-12T10:02:00.560+0800][info] GC(69)   Evacuate Collection Set: 1.8ms
[2024-10-12T10:02:00.560+0800][info] GC(69)   Post Evacuate Collection Set: 0.2ms
[2024-10-12T10:02:00.561+0800][info] GC(69)   Other: 0.2ms
[2024-10-12T10:02:00.561+0800][info] GC(69) Eden regions: 12->0(8)
[2024-10-12T10:02:00.561+0800][info] GC(69) Survivor regions: 1->2(2)
[2024-10-12T10:02:00.561+0800][info] GC(69) Old regions: 70->80
[2024-10-12T10:02:00.561+0800][info] GC(69) Archive regions: 2->2
[2024-10-12T10:02:00.561+0800][info] GC(69) Humongous regions: 3->3
[2024-10-12T10:02:00.561+0800][info] GC(69) Metaspace: 1676K(1856K)->1676K(1856K) NonClass: 1540K(1664K)->1540K(1664K) Class: 135K(192K)->135K(192K)
[2024-10-12T10:02:00.561+0800][info] GC(69) Pause Young (Normal) (G1 Evacuation Pause) 172M->170M(256M) 2.508ms
[2024-10-12T10:02:00.561+0800][info] GC(69) User=0.01s Sys=0.00s Real=0.00s
[2024-10-12T10:02:00.990+0800][info] GC(70) Pause Young (Normal) (G1 Evacuation Pause)
[2024-10-12T10:02:00.990+0800][info] GC(70) Using 6 workers of 48 for evacuation
[2024-10-12T10:02:00.992+0800][info] GC(70)   Pre Evacuate Collection Set: 0.1ms
[2024-10-12T10:02:00.992+0800][info] GC(70)   Merge Heap Roots: 0.1ms
[2024-10-12T10:02:00.992+0800][info] GC(70)   Evacuate Collection Set: 1.3ms
[2024-10-12T10:02:00.992+0800][info] GC(70)   Post Evacuate Collection Set: 0.2ms
[2024-10-12T10:02:00.992+0800][info] GC(70)   Other: 0.2ms
[2024-10-12T10:02:00.992+0800][info] GC(70) Eden regions: 8->0(6)
[2024-10-12T10:02:00.992+0800][info] GC(70) Survivor regions: 2->2(2)
[2024-10-12T10:02:00.992+0800][info] GC(70) Old regions: 80->87
[2024-10-12T10:02:00.992+0800][info] GC(70) Archive regions: 2->2
[2024-10-12T10:02:00.992+0800][info] GC(70) Humongous regions: 3->3
[2024-10-12T10:02:00.992+0800][info] GC(70) Metaspace: 1676K(1856K)->1676K(1856K) NonClass: 1540K(1664K)->1540K(1664K) Class: 135K(192K)->135K(192K)
[2024-10-12T10:02:00.992+0800][info] GC(70) Pause Young (Normal) (G1 Evacuation Pause) 185M->184M(256M) 2.044ms
[2024-10-12T10:02:00.992+0800][info] GC(70) User=0.01s Sys=0.00s Real=0.00s
[2024-10-12T10:02:01.319+0800][info] GC(71) Pause Young (Normal) (G1 Evacuation Pause)
[2024-10-12T10:02:01.319+0800][info] GC(71) Using 6 workers of 48 for evacuation
[2024-10-12T10:02:01.321+0800][info] GC(71)   Pre Evacuate Collection Set: 0.1ms
[2024-10-12T10:02:01.321+0800][info] GC(71)   Merge Heap Roots: 0.0ms
[2024-10-12T10:02:01.321+0800][info] GC(71)   Evacuate Collection Set: 1.1ms
[2024-10-12T10:02:01.321+0800][info] GC(71)   Post Evacuate Collection Set: 0.2ms
[2024-10-12T10:02:01.321+0800][info] GC(71)   Other: 0.3ms
[2024-10-12T10:02:01.321+0800][info] GC(71) Eden regions: 6->0(5)
[2024-10-12T10:02:01.321+0800][info] GC(71) Survivor regions: 2->1(1)
[2024-10-12T10:02:01.321+0800][info] GC(71) Old regions: 87->93
[2024-10-12T10:02:01.321+0800][info] GC(71) Archive regions: 2->2
[2024-10-12T10:02:01.321+0800][info] GC(71) Humongous regions: 4->3
[2024-10-12T10:02:01.321+0800][info] GC(71) Metaspace: 1676K(1856K)->1676K(1856K) NonClass: 1540K(1664K)->1540K(1664K) Class: 135K(192K)->135K(192K)
[2024-10-12T10:02:01.321+0800][info] GC(71) Pause Young (Normal) (G1 Evacuation Pause) 198M->195M(256M) 1.799ms
[2024-10-12T10:02:01.321+0800][info] GC(71) User=0.01s Sys=0.00s Real=0.00s
[2024-10-12T10:02:01.587+0800][info] GC(72) Pause Young (Normal) (G1 Evacuation Pause)
[2024-10-12T10:02:01.587+0800][info] GC(72) Using 6 workers of 48 for evacuation
[2024-10-12T10:02:01.588+0800][info] GC(72)   Pre Evacuate Collection Set: 0.1ms
[2024-10-12T10:02:01.588+0800][info] GC(72)   Merge Heap Roots: 0.1ms
[2024-10-12T10:02:01.588+0800][info] GC(72)   Evacuate Collection Set: 0.8ms
[2024-10-12T10:02:01.589+0800][info] GC(72)   Post Evacuate Collection Set: 0.2ms
[2024-10-12T10:02:01.589+0800][info] GC(72)   Other: 0.2ms
[2024-10-12T10:02:01.589+0800][info] GC(72) Eden regions: 5->0(5)
[2024-10-12T10:02:01.589+0800][info] GC(72) Survivor regions: 1->1(1)
[2024-10-12T10:02:01.589+0800][info] GC(72) Old regions: 93->98
[2024-10-12T10:02:01.589+0800][info] GC(72) Archive regions: 2->2
[2024-10-12T10:02:01.589+0800][info] GC(72) Humongous regions: 3->3
[2024-10-12T10:02:01.589+0800][info] GC(72) Metaspace: 1676K(1856K)->1676K(1856K) NonClass: 1540K(1664K)->1540K(1664K) Class: 135K(192K)->135K(192K)
[2024-10-12T10:02:01.589+0800][info] GC(72) Pause Young (Normal) (G1 Evacuation Pause) 204M->205M(256M) 1.556ms
[2024-10-12T10:02:01.589+0800][info] GC(72) User=0.00s Sys=0.00s Real=0.00s
[2024-10-12T10:02:01.854+0800][info] GC(73) Pause Young (Concurrent Start) (G1 Evacuation Pause)
[2024-10-12T10:02:01.854+0800][info] GC(73) Using 6 workers of 48 for evacuation
[2024-10-12T10:02:01.855+0800][info] GC(73)   Pre Evacuate Collection Set: 0.1ms
[2024-10-12T10:02:01.855+0800][info] GC(73)   Merge Heap Roots: 0.1ms
[2024-10-12T10:02:01.855+0800][info] GC(73)   Evacuate Collection Set: 0.8ms
[2024-10-12T10:02:01.855+0800][info] GC(73)   Post Evacuate Collection Set: 0.2ms
[2024-10-12T10:02:01.855+0800][info] GC(73)   Other: 0.4ms
[2024-10-12T10:02:01.855+0800][info] GC(73) Eden regions: 5->0(5)
[2024-10-12T10:02:01.855+0800][info] GC(73) Survivor regions: 1->1(1)
[2024-10-12T10:02:01.855+0800][info] GC(73) Old regions: 98->103
[2024-10-12T10:02:01.855+0800][info] GC(73) Archive regions: 2->2
[2024-10-12T10:02:01.855+0800][info] GC(73) Humongous regions: 3->3
[2024-10-12T10:02:01.855+0800][info] GC(73) Metaspace: 1676K(1856K)->1676K(1856K) NonClass: 1540K(1664K)->1540K(1664K) Class: 135K(192K)->135K(192K)
[2024-10-12T10:02:01.855+0800][info] GC(73) Pause Young (Concurrent Start) (G1 Evacuation Pause) 214M->215M(256M) 1.651ms
[2024-10-12T10:02:01.855+0800][info] GC(73) User=0.00s Sys=0.00s Real=0.00s
[2024-10-12T10:02:01.855+0800][info] GC(74) Concurrent Mark Cycle
[2024-10-12T10:02:01.855+0800][info] GC(74) Concurrent Clear Claimed Marks
[2024-10-12T10:02:01.855+0800][info] GC(74) Concurrent Clear Claimed Marks 0.017ms
[2024-10-12T10:02:01.856+0800][info] GC(74) Concurrent Scan Root Regions
[2024-10-12T10:02:01.856+0800][info] GC(74) Concurrent Scan Root Regions 0.168ms
[2024-10-12T10:02:01.856+0800][info] GC(74) Concurrent Mark
[2024-10-12T10:02:01.856+0800][info] GC(74) Concurrent Mark From Roots
[2024-10-12T10:02:01.856+0800][info] GC(74) Using 12 workers of 12 for marking
[2024-10-12T10:02:01.859+0800][info] GC(74) Concurrent Mark From Roots 3.693ms
[2024-10-12T10:02:01.859+0800][info] GC(74) Concurrent Preclean
[2024-10-12T10:02:01.861+0800][info] GC(74) Concurrent Preclean 1.714ms
[2024-10-12T10:02:01.861+0800][info] GC(74) Pause Remark
[2024-10-12T10:02:01.862+0800][info] GC(74) Pause Remark 215M->149M(256M) 1.126ms
[2024-10-12T10:02:01.862+0800][info] GC(74) User=0.00s Sys=0.00s Real=0.00s
[2024-10-12T10:02:01.862+0800][info] GC(74) Concurrent Mark 6.775ms
[2024-10-12T10:02:01.862+0800][info] GC(74) Concurrent Rebuild Remembered Sets
[2024-10-12T10:02:01.864+0800][info] GC(74) Concurrent Rebuild Remembered Sets 1.159ms
[2024-10-12T10:02:01.864+0800][info] GC(74) Pause Cleanup
[2024-10-12T10:02:01.864+0800][info] GC(74) Pause Cleanup 149M->149M(256M) 0.260ms
[2024-10-12T10:02:01.864+0800][info] GC(74) User=0.00s Sys=0.00s Real=0.00s
[2024-10-12T10:02:01.864+0800][info] GC(74) Concurrent Cleanup for Next Mark
[2024-10-12T10:02:01.864+0800][info] GC(74) Concurrent Cleanup for Next Mark 0.384ms
[2024-10-12T10:02:01.864+0800][info] GC(74) Concurrent Mark Cycle 9.051ms
[2024-10-12T10:02:02.172+0800][info] GC(75) Pause Young (Prepare Mixed) (G1 Evacuation Pause)
[2024-10-12T10:02:02.172+0800][info] GC(75) Using 6 workers of 48 for evacuation
[2024-10-12T10:02:02.174+0800][info] GC(75)   Pre Evacuate Collection Set: 0.1ms
[2024-10-12T10:02:02.174+0800][info] GC(75)   Merge Heap Roots: 0.1ms
[2024-10-12T10:02:02.174+0800][info] GC(75)   Evacuate Collection Set: 0.8ms
[2024-10-12T10:02:02.174+0800][info] GC(75)   Post Evacuate Collection Set: 0.2ms
[2024-10-12T10:02:02.174+0800][info] GC(75)   Other: 0.2ms
[2024-10-12T10:02:02.174+0800][info] GC(75) Eden regions: 5->0(5)
[2024-10-12T10:02:02.174+0800][info] GC(75) Survivor regions: 1->1(1)
[2024-10-12T10:02:02.174+0800][info] GC(75) Old regions: 70->75
[2024-10-12T10:02:02.174+0800][info] GC(75) Archive regions: 2->2
[2024-10-12T10:02:02.174+0800][info] GC(75) Humongous regions: 3->3
[2024-10-12T10:02:02.174+0800][info] GC(75) Metaspace: 1676K(1856K)->1676K(1856K) NonClass: 1540K(1664K)->1540K(1664K) Class: 135K(192K)->135K(192K)
[2024-10-12T10:02:02.174+0800][info] GC(75) Pause Young (Prepare Mixed) (G1 Evacuation Pause) 158M->158M(256M) 1.552ms
[2024-10-12T10:02:02.174+0800][info] GC(75) User=0.00s Sys=0.00s Real=0.01s
[2024-10-12T10:02:02.440+0800][info] GC(76) Pause Young (Mixed) (G1 Evacuation Pause)
[2024-10-12T10:02:02.440+0800][info] GC(76) Using 6 workers of 48 for evacuation
[2024-10-12T10:02:02.442+0800][info] GC(76)   Pre Evacuate Collection Set: 0.2ms
[2024-10-12T10:02:02.442+0800][info] GC(76)   Merge Heap Roots: 0.1ms
[2024-10-12T10:02:02.442+0800][info] GC(76)   Evacuate Collection Set: 0.9ms
[2024-10-12T10:02:02.442+0800][info] GC(76)   Post Evacuate Collection Set: 0.2ms
[2024-10-12T10:02:02.442+0800][info] GC(76)   Other: 0.2ms
[2024-10-12T10:02:02.442+0800][info] GC(76) Eden regions: 5->0(5)
[2024-10-12T10:02:02.442+0800][info] GC(76) Survivor regions: 1->1(1)
[2024-10-12T10:02:02.442+0800][info] GC(76) Old regions: 75->66
[2024-10-12T10:02:02.442+0800][info] GC(76) Archive regions: 2->2
[2024-10-12T10:02:02.442+0800][info] GC(76) Humongous regions: 3->3
[2024-10-12T10:02:02.442+0800][info] GC(76) Metaspace: 1677K(1856K)->1677K(1856K) NonClass: 1541K(1664K)->1541K(1664K) Class: 135K(192K)->135K(192K)
[2024-10-12T10:02:02.442+0800][info] GC(76) Pause Young (Mixed) (G1 Evacuation Pause) 167M->141M(256M) 1.745ms
[2024-10-12T10:02:02.442+0800][info] GC(76) User=0.01s Sys=0.00s Real=0.00s
[2024-10-12T10:02:02.707+0800][info] GC(77) Pause Young (Mixed) (G1 Evacuation Pause)
[2024-10-12T10:02:02.707+0800][info] GC(77) Using 6 workers of 48 for evacuation
[2024-10-12T10:02:02.709+0800][info] GC(77)   Pre Evacuate Collection Set: 0.2ms
[2024-10-12T10:02:02.709+0800][info] GC(77)   Merge Heap Roots: 0.1ms
[2024-10-12T10:02:02.709+0800][info] GC(77)   Evacuate Collection Set: 1.0ms
[2024-10-12T10:02:02.709+0800][info] GC(77)   Post Evacuate Collection Set: 0.2ms
[2024-10-12T10:02:02.709+0800][info] GC(77)   Other: 0.2ms
[2024-10-12T10:02:02.709+0800][info] GC(77) Eden regions: 5->0(13)
[2024-10-12T10:02:02.709+0800][info] GC(77) Survivor regions: 1->1(1)
[2024-10-12T10:02:02.709+0800][info] GC(77) Old regions: 66->68
[2024-10-12T10:02:02.709+0800][info] GC(77) Archive regions: 2->2
[2024-10-12T10:02:02.709+0800][info] GC(77) Humongous regions: 3->3
[2024-10-12T10:02:02.709+0800][info] GC(77) Metaspace: 1677K(1856K)->1677K(1856K) NonClass: 1541K(1664K)->1541K(1664K) Class: 135K(192K)->135K(192K)
[2024-10-12T10:02:02.709+0800][info] GC(77) Pause Young (Mixed) (G1 Evacuation Pause) 150M->144M(256M) 1.727ms
[2024-10-12T10:02:02.709+0800][info] GC(77) User=0.01s Sys=0.00s Real=0.00s
[2024-10-12T10:02:03.425+0800][info] GC(78) Pause Young (Normal) (G1 Evacuation Pause)
[2024-10-12T10:02:03.425+0800][info] GC(78) Using 6 workers of 48 for evacuation
[2024-10-12T10:02:03.427+0800][info] GC(78)   Pre Evacuate Collection Set: 0.1ms
[2024-10-12T10:02:03.427+0800][info] GC(78)   Merge Heap Roots: 0.1ms
[2024-10-12T10:02:03.427+0800][info] GC(78)   Evacuate Collection Set: 1.9ms
[2024-10-12T10:02:03.427+0800][info] GC(78)   Post Evacuate Collection Set: 0.2ms
[2024-10-12T10:02:03.427+0800][info] GC(78)   Other: 0.2ms
[2024-10-12T10:02:03.427+0800][info] GC(78) Eden regions: 13->0(9)
[2024-10-12T10:02:03.428+0800][info] GC(78) Survivor regions: 1->2(2)
[2024-10-12T10:02:03.428+0800][info] GC(78) Old regions: 68->79
[2024-10-12T10:02:03.428+0800][info] GC(78) Archive regions: 2->2
[2024-10-12T10:02:03.428+0800][info] GC(78) Humongous regions: 4->3
[2024-10-12T10:02:03.428+0800][info] GC(78) Metaspace: 1684K(1856K)->1684K(1856K) NonClass: 1548K(1664K)->1548K(1664K) Class: 135K(192K)->135K(192K)
[2024-10-12T10:02:03.428+0800][info] GC(78) Pause Young (Normal) (G1 Evacuation Pause) 172M->168M(256M) 2.679ms
[2024-10-12T10:02:03.428+0800][info] GC(78) User=0.00s Sys=0.00s Real=0.01s
[2024-10-12T10:02:03.919+0800][info] GC(79) Pause Young (Normal) (G1 Evacuation Pause)
[2024-10-12T10:02:03.919+0800][info] GC(79) Using 6 workers of 48 for evacuation
[2024-10-12T10:02:03.921+0800][info] GC(79)   Pre Evacuate Collection Set: 0.1ms
[2024-10-12T10:02:03.921+0800][info] GC(79)   Merge Heap Roots: 0.1ms
[2024-10-12T10:02:03.921+0800][info] GC(79)   Evacuate Collection Set: 1.5ms
[2024-10-12T10:02:03.921+0800][info] GC(79)   Post Evacuate Collection Set: 0.2ms
[2024-10-12T10:02:03.921+0800][info] GC(79)   Other: 0.3ms
[2024-10-12T10:02:03.921+0800][info] GC(79) Eden regions: 9->0(6)
[2024-10-12T10:02:03.921+0800][info] GC(79) Survivor regions: 2->2(2)
[2024-10-12T10:02:03.921+0800][info] GC(79) Old regions: 79->87
[2024-10-12T10:02:03.921+0800][info] GC(79) Archive regions: 2->2
[2024-10-12T10:02:03.921+0800][info] GC(79) Humongous regions: 3->3
[2024-10-12T10:02:03.921+0800][info] GC(79) Metaspace: 1684K(1856K)->1684K(1856K) NonClass: 1548K(1664K)->1548K(1664K) Class: 135K(192K)->135K(192K)
[2024-10-12T10:02:03.921+0800][info] GC(79) Pause Young (Normal) (G1 Evacuation Pause) 186M->184M(256M) 2.325ms
[2024-10-12T10:02:03.922+0800][info] GC(79) User=0.01s Sys=0.00s Real=0.00s
[2024-10-12T10:02:04.249+0800][info] GC(80) Pause Young (Normal) (G1 Evacuation Pause)
[2024-10-12T10:02:04.249+0800][info] GC(80) Using 6 workers of 48 for evacuation
[2024-10-12T10:02:04.250+0800][info] GC(80)   Pre Evacuate Collection Set: 0.1ms
[2024-10-12T10:02:04.250+0800][info] GC(80)   Merge Heap Roots: 0.1ms
[2024-10-12T10:02:04.250+0800][info] GC(80)   Evacuate Collection Set: 1.2ms
[2024-10-12T10:02:04.250+0800][info] GC(80)   Post Evacuate Collection Set: 0.2ms
[2024-10-12T10:02:04.250+0800][info] GC(80)   Other: 0.2ms
[2024-10-12T10:02:04.250+0800][info] GC(80) Eden regions: 6->0(5)
[2024-10-12T10:02:04.250+0800][info] GC(80) Survivor regions: 2->1(1)
[2024-10-12T10:02:04.250+0800][info] GC(80) Old regions: 87->94
[2024-10-12T10:02:04.250+0800][info] GC(80) Archive regions: 2->2
[2024-10-12T10:02:04.250+0800][info] GC(80) Humongous regions: 3->3
[2024-10-12T10:02:04.250+0800][info] GC(80) Metaspace: 1684K(1856K)->1684K(1856K) NonClass: 1548K(1664K)->1548K(1664K) Class: 135K(192K)->135K(192K)
[2024-10-12T10:02:04.251+0800][info] GC(80) Pause Young (Normal) (G1 Evacuation Pause) 196M->196M(256M) 1.924ms
[2024-10-12T10:02:04.251+0800][info] GC(80) User=0.01s Sys=0.00s Real=0.00s
[2024-10-12T10:02:04.517+0800][info] GC(81) Pause Young (Normal) (G1 Evacuation Pause)
[2024-10-12T10:02:04.517+0800][info] GC(81) Using 6 workers of 48 for evacuation
[2024-10-12T10:02:04.518+0800][info] GC(81)   Pre Evacuate Collection Set: 0.1ms
[2024-10-12T10:02:04.518+0800][info] GC(81)   Merge Heap Roots: 0.1ms
[2024-10-12T10:02:04.518+0800][info] GC(81)   Evacuate Collection Set: 1.0ms
[2024-10-12T10:02:04.518+0800][info] GC(81)   Post Evacuate Collection Set: 0.2ms
[2024-10-12T10:02:04.518+0800][info] GC(81)   Other: 0.2ms
[2024-10-12T10:02:04.518+0800][info] GC(81) Eden regions: 5->0(5)
[2024-10-12T10:02:04.518+0800][info] GC(81) Survivor regions: 1->1(1)
[2024-10-12T10:02:04.518+0800][info] GC(81) Old regions: 94->99
[2024-10-12T10:02:04.518+0800][info] GC(81) Archive regions: 2->2
[2024-10-12T10:02:04.518+0800][info] GC(81) Humongous regions: 3->3
[2024-10-12T10:02:04.518+0800][info] GC(81) Metaspace: 1684K(1856K)->1684K(1856K) NonClass: 1548K(1664K)->1548K(1664K) Class: 135K(192K)->135K(192K)
[2024-10-12T10:02:04.518+0800][info] GC(81) Pause Young (Normal) (G1 Evacuation Pause) 206M->206M(256M) 1.697ms
[2024-10-12T10:02:04.518+0800][info] GC(81) User=0.01s Sys=0.00s Real=0.00s
[2024-10-12T10:02:04.784+0800][info] GC(82) Pause Young (Concurrent Start) (G1 Evacuation Pause)
[2024-10-12T10:02:04.784+0800][info] GC(82) Using 6 workers of 48 for evacuation
[2024-10-12T10:02:04.786+0800][info] GC(82)   Pre Evacuate Collection Set: 0.1ms
[2024-10-12T10:02:04.786+0800][info] GC(82)   Merge Heap Roots: 0.1ms
[2024-10-12T10:02:04.786+0800][info] GC(82)   Evacuate Collection Set: 0.9ms
[2024-10-12T10:02:04.786+0800][info] GC(82)   Post Evacuate Collection Set: 0.2ms
[2024-10-12T10:02:04.786+0800][info] GC(82)   Other: 0.4ms
[2024-10-12T10:02:04.786+0800][info] GC(82) Eden regions: 5->0(5)
[2024-10-12T10:02:04.786+0800][info] GC(82) Survivor regions: 1->1(1)
[2024-10-12T10:02:04.786+0800][info] GC(82) Old regions: 99->103
[2024-10-12T10:02:04.786+0800][info] GC(82) Archive regions: 2->2
[2024-10-12T10:02:04.786+0800][info] GC(82) Humongous regions: 3->3
[2024-10-12T10:02:04.786+0800][info] GC(82) Metaspace: 1684K(1856K)->1684K(1856K) NonClass: 1548K(1664K)->1548K(1664K) Class: 135K(192K)->135K(192K)
[2024-10-12T10:02:04.786+0800][info] GC(82) Pause Young (Concurrent Start) (G1 Evacuation Pause) 216M->215M(256M) 1.720ms
[2024-10-12T10:02:04.786+0800][info] GC(82) User=0.01s Sys=0.00s Real=0.01s
[2024-10-12T10:02:04.786+0800][info] GC(83) Concurrent Mark Cycle
[2024-10-12T10:02:04.786+0800][info] GC(83) Concurrent Clear Claimed Marks
[2024-10-12T10:02:04.786+0800][info] GC(83) Concurrent Clear Claimed Marks 0.042ms
[2024-10-12T10:02:04.786+0800][info] GC(83) Concurrent Scan Root Regions
[2024-10-12T10:02:04.786+0800][info] GC(83) Concurrent Scan Root Regions 0.124ms
[2024-10-12T10:02:04.786+0800][info] GC(83) Concurrent Mark
[2024-10-12T10:02:04.786+0800][info] GC(83) Concurrent Mark From Roots
[2024-10-12T10:02:04.786+0800][info] GC(83) Using 12 workers of 12 for marking
[2024-10-12T10:02:04.790+0800][info] GC(83) Concurrent Mark From Roots 4.129ms
[2024-10-12T10:02:04.790+0800][info] GC(83) Concurrent Preclean
[2024-10-12T10:02:04.792+0800][info] GC(83) Concurrent Preclean 1.669ms
[2024-10-12T10:02:04.792+0800][info] GC(83) Pause Remark
[2024-10-12T10:02:04.793+0800][info] GC(83) Pause Remark 216M->168M(256M) 1.159ms
[2024-10-12T10:02:04.793+0800][info] GC(83) User=0.00s Sys=0.00s Real=0.01s
[2024-10-12T10:02:04.793+0800][info] GC(83) Concurrent Mark 7.201ms
[2024-10-12T10:02:04.793+0800][info] GC(83) Concurrent Rebuild Remembered Sets
[2024-10-12T10:02:04.795+0800][info] GC(83) Concurrent Rebuild Remembered Sets 1.458ms
[2024-10-12T10:02:04.795+0800][info] GC(83) Pause Cleanup
[2024-10-12T10:02:04.795+0800][info] GC(83) Pause Cleanup 168M->168M(256M) 0.256ms
[2024-10-12T10:02:04.795+0800][info] GC(83) User=0.00s Sys=0.00s Real=0.00s
[2024-10-12T10:02:04.795+0800][info] GC(83) Concurrent Cleanup for Next Mark
[2024-10-12T10:02:04.795+0800][info] GC(83) Concurrent Cleanup for Next Mark 0.410ms
[2024-10-12T10:02:04.795+0800][info] GC(83) Concurrent Mark Cycle 9.741ms
[2024-10-12T10:02:05.103+0800][info] GC(84) Pause Young (Prepare Mixed) (G1 Evacuation Pause)
[2024-10-12T10:02:05.103+0800][info] GC(84) Using 6 workers of 48 for evacuation
[2024-10-12T10:02:05.104+0800][info] GC(84)   Pre Evacuate Collection Set: 0.1ms
[2024-10-12T10:02:05.104+0800][info] GC(84)   Merge Heap Roots: 0.1ms
[2024-10-12T10:02:05.104+0800][info] GC(84)   Evacuate Collection Set: 0.8ms
[2024-10-12T10:02:05.104+0800][info] GC(84)   Post Evacuate Collection Set: 0.2ms
[2024-10-12T10:02:05.104+0800][info] GC(84)   Other: 0.2ms
[2024-10-12T10:02:05.104+0800][info] GC(84) Eden regions: 5->0(5)
[2024-10-12T10:02:05.104+0800][info] GC(84) Survivor regions: 1->1(1)
[2024-10-12T10:02:05.104+0800][info] GC(84) Old regions: 79->84
[2024-10-12T10:02:05.104+0800][info] GC(84) Archive regions: 2->2
[2024-10-12T10:02:05.104+0800][info] GC(84) Humongous regions: 3->3
[2024-10-12T10:02:05.104+0800][info] GC(84) Metaspace: 1687K(1856K)->1687K(1856K) NonClass: 1551K(1664K)->1551K(1664K) Class: 135K(192K)->135K(192K)
[2024-10-12T10:02:05.104+0800][info] GC(84) Pause Young (Prepare Mixed) (G1 Evacuation Pause) 177M->177M(256M) 1.534ms
[2024-10-12T10:02:05.104+0800][info] GC(84) User=0.01s Sys=0.00s Real=0.00s
[2024-10-12T10:02:05.371+0800][info] GC(85) Pause Young (Mixed) (G1 Evacuation Pause)
[2024-10-12T10:02:05.371+0800][info] GC(85) Using 6 workers of 48 for evacuation
[2024-10-12T10:02:05.372+0800][info] GC(85)   Pre Evacuate Collection Set: 0.2ms
[2024-10-12T10:02:05.372+0800][info] GC(85)   Merge Heap Roots: 0.1ms
[2024-10-12T10:02:05.372+0800][info] GC(85)   Evacuate Collection Set: 1.0ms
[2024-10-12T10:02:05.373+0800][info] GC(85)   Post Evacuate Collection Set: 0.2ms
[2024-10-12T10:02:05.373+0800][info] GC(85)   Other: 0.2ms
[2024-10-12T10:02:05.373+0800][info] GC(85) Eden regions: 5->0(5)
[2024-10-12T10:02:05.373+0800][info] GC(85) Survivor regions: 1->1(1)
[2024-10-12T10:02:05.373+0800][info] GC(85) Old regions: 84->76
[2024-10-12T10:02:05.373+0800][info] GC(85) Archive regions: 2->2
[2024-10-12T10:02:05.373+0800][info] GC(85) Humongous regions: 4->3
[2024-10-12T10:02:05.373+0800][info] GC(85) Metaspace: 1687K(1856K)->1687K(1856K) NonClass: 1551K(1664K)->1551K(1664K) Class: 135K(192K)->135K(192K)
[2024-10-12T10:02:05.373+0800][info] GC(85) Pause Young (Mixed) (G1 Evacuation Pause) 188M->161M(256M) 1.786ms
[2024-10-12T10:02:05.373+0800][info] GC(85) User=0.01s Sys=0.00s Real=0.00s
[2024-10-12T10:02:05.638+0800][info] GC(86) Pause Young (Mixed) (G1 Evacuation Pause)
[2024-10-12T10:02:05.638+0800][info] GC(86) Using 6 workers of 48 for evacuation
[2024-10-12T10:02:05.640+0800][info] GC(86)   Pre Evacuate Collection Set: 0.2ms
[2024-10-12T10:02:05.640+0800][info] GC(86)   Merge Heap Roots: 0.1ms
[2024-10-12T10:02:05.640+0800][info] GC(86)   Evacuate Collection Set: 1.0ms
[2024-10-12T10:02:05.640+0800][info] GC(86)   Post Evacuate Collection Set: 0.2ms
[2024-10-12T10:02:05.640+0800][info] GC(86)   Other: 0.2ms
[2024-10-12T10:02:05.640+0800][info] GC(86) Eden regions: 5->0(12)
[2024-10-12T10:02:05.640+0800][info] GC(86) Survivor regions: 1->1(1)
[2024-10-12T10:02:05.640+0800][info] GC(86) Old regions: 76->69
[2024-10-12T10:02:05.640+0800][info] GC(86) Archive regions: 2->2
[2024-10-12T10:02:05.640+0800][info] GC(86) Humongous regions: 3->3
[2024-10-12T10:02:05.640+0800][info] GC(86) Metaspace: 1687K(1856K)->1687K(1856K) NonClass: 1551K(1664K)->1551K(1664K) Class: 135K(192K)->135K(192K)
[2024-10-12T10:02:05.640+0800][info] GC(86) Pause Young (Mixed) (G1 Evacuation Pause) 170M->147M(256M) 1.778ms
[2024-10-12T10:02:05.640+0800][info] GC(86) User=0.01s Sys=0.01s Real=0.00s
[2024-10-12T10:02:06.294+0800][info] GC(87) Pause Young (Normal) (G1 Evacuation Pause)
[2024-10-12T10:02:06.294+0800][info] GC(87) Using 6 workers of 48 for evacuation
[2024-10-12T10:02:06.296+0800][info] GC(87)   Pre Evacuate Collection Set: 0.1ms
[2024-10-12T10:02:06.297+0800][info] GC(87)   Merge Heap Roots: 0.1ms
[2024-10-12T10:02:06.297+0800][info] GC(87)   Evacuate Collection Set: 1.8ms
[2024-10-12T10:02:06.297+0800][info] GC(87)   Post Evacuate Collection Set: 0.2ms
[2024-10-12T10:02:06.297+0800][info] GC(87)   Other: 0.2ms
[2024-10-12T10:02:06.297+0800][info] GC(87) Eden regions: 12->0(9)
[2024-10-12T10:02:06.297+0800][info] GC(87) Survivor regions: 1->2(2)
[2024-10-12T10:02:06.297+0800][info] GC(87) Old regions: 69->79
[2024-10-12T10:02:06.297+0800][info] GC(87) Archive regions: 2->2
[2024-10-12T10:02:06.297+0800][info] GC(87) Humongous regions: 3->3
[2024-10-12T10:02:06.297+0800][info] GC(87) Metaspace: 1687K(1856K)->1687K(1856K) NonClass: 1551K(1664K)->1551K(1664K) Class: 135K(192K)->135K(192K)
[2024-10-12T10:02:06.297+0800][info] GC(87) Pause Young (Normal) (G1 Evacuation Pause) 171M->169M(256M) 2.578ms
[2024-10-12T10:02:06.297+0800][info] GC(87) User=0.01s Sys=0.00s Real=0.00s
[2024-10-12T10:02:06.787+0800][info] GC(88) Pause Young (Normal) (G1 Evacuation Pause)
[2024-10-12T10:02:06.787+0800][info] GC(88) Using 6 workers of 48 for evacuation
[2024-10-12T10:02:06.790+0800][info] GC(88)   Pre Evacuate Collection Set: 0.1ms
[2024-10-12T10:02:06.790+0800][info] GC(88)   Merge Heap Roots: 0.1ms
[2024-10-12T10:02:06.790+0800][info] GC(88)   Evacuate Collection Set: 1.6ms
[2024-10-12T10:02:06.790+0800][info] GC(88)   Post Evacuate Collection Set: 0.2ms
[2024-10-12T10:02:06.790+0800][info] GC(88)   Other: 0.6ms
[2024-10-12T10:02:06.790+0800][info] GC(88) Eden regions: 9->0(6)
[2024-10-12T10:02:06.790+0800][info] GC(88) Survivor regions: 2->2(2)
[2024-10-12T10:02:06.790+0800][info] GC(88) Old regions: 79->88
[2024-10-12T10:02:06.790+0800][info] GC(88) Archive regions: 2->2
[2024-10-12T10:02:06.790+0800][info] GC(88) Humongous regions: 3->3
[2024-10-12T10:02:06.790+0800][info] GC(88) Metaspace: 1687K(1856K)->1687K(1856K) NonClass: 1551K(1664K)->1551K(1664K) Class: 135K(192K)->135K(192K)
[2024-10-12T10:02:06.790+0800][info] GC(88) Pause Young (Normal) (G1 Evacuation Pause) 187M->187M(256M) 2.741ms
[2024-10-12T10:02:06.790+0800][info] GC(88) User=0.01s Sys=0.00s Real=0.00s
[2024-10-12T10:02:07.117+0800][info] GC(89) Pause Young (Normal) (G1 Evacuation Pause)
[2024-10-12T10:02:07.117+0800][info] GC(89) Using 6 workers of 48 for evacuation
[2024-10-12T10:02:07.119+0800][info] GC(89)   Pre Evacuate Collection Set: 0.1ms
[2024-10-12T10:02:07.119+0800][info] GC(89)   Merge Heap Roots: 0.1ms
[2024-10-12T10:02:07.119+0800][info] GC(89)   Evacuate Collection Set: 1.1ms
[2024-10-12T10:02:07.119+0800][info] GC(89)   Post Evacuate Collection Set: 0.2ms
[2024-10-12T10:02:07.119+0800][info] GC(89)   Other: 0.2ms
[2024-10-12T10:02:07.119+0800][info] GC(89) Eden regions: 6->0(5)
[2024-10-12T10:02:07.119+0800][info] GC(89) Survivor regions: 2->1(1)
[2024-10-12T10:02:07.119+0800][info] GC(89) Old regions: 88->96
[2024-10-12T10:02:07.119+0800][info] GC(89) Archive regions: 2->2
[2024-10-12T10:02:07.119+0800][info] GC(89) Humongous regions: 3->3
[2024-10-12T10:02:07.119+0800][info] GC(89) Metaspace: 1687K(1856K)->1687K(1856K) NonClass: 1551K(1664K)->1551K(1664K) Class: 135K(192K)->135K(192K)
[2024-10-12T10:02:07.119+0800][info] GC(89) Pause Young (Normal) (G1 Evacuation Pause) 199M->200M(256M) 1.852ms
[2024-10-12T10:02:07.119+0800][info] GC(89) User=0.01s Sys=0.00s Real=0.00s
[2024-10-12T10:02:07.385+0800][info] GC(90) Pause Young (Concurrent Start) (G1 Evacuation Pause)
[2024-10-12T10:02:07.385+0800][info] GC(90) Using 6 workers of 48 for evacuation
[2024-10-12T10:02:07.386+0800][info] GC(90)   Pre Evacuate Collection Set: 0.1ms
[2024-10-12T10:02:07.386+0800][info] GC(90)   Merge Heap Roots: 0.1ms
[2024-10-12T10:02:07.386+0800][info] GC(90)   Evacuate Collection Set: 1.0ms
[2024-10-12T10:02:07.386+0800][info] GC(90)   Post Evacuate Collection Set: 0.2ms
[2024-10-12T10:02:07.386+0800][info] GC(90)   Other: 0.4ms
[2024-10-12T10:02:07.386+0800][info] GC(90) Eden regions: 5->0(5)
[2024-10-12T10:02:07.386+0800][info] GC(90) Survivor regions: 1->1(1)
[2024-10-12T10:02:07.386+0800][info] GC(90) Old regions: 96->100
[2024-10-12T10:02:07.386+0800][info] GC(90) Archive regions: 2->2
[2024-10-12T10:02:07.386+0800][info] GC(90) Humongous regions: 3->3
[2024-10-12T10:02:07.386+0800][info] GC(90) Metaspace: 1687K(1856K)->1687K(1856K) NonClass: 1551K(1664K)->1551K(1664K) Class: 135K(192K)->135K(192K)
[2024-10-12T10:02:07.386+0800][info] GC(90) Pause Young (Concurrent Start) (G1 Evacuation Pause) 209M->209M(256M) 1.933ms
[2024-10-12T10:02:07.386+0800][info] GC(90) User=0.01s Sys=0.00s Real=0.01s
[2024-10-12T10:02:07.387+0800][info] GC(91) Concurrent Mark Cycle
[2024-10-12T10:02:07.387+0800][info] GC(91) Concurrent Clear Claimed Marks
[2024-10-12T10:02:07.387+0800][info] GC(91) Concurrent Clear Claimed Marks 0.017ms
[2024-10-12T10:02:07.387+0800][info] GC(91) Concurrent Scan Root Regions
[2024-10-12T10:02:07.387+0800][info] GC(91) Concurrent Scan Root Regions 0.099ms
[2024-10-12T10:02:07.387+0800][info] GC(91) Concurrent Mark
[2024-10-12T10:02:07.387+0800][info] GC(91) Concurrent Mark From Roots
[2024-10-12T10:02:07.387+0800][info] GC(91) Using 12 workers of 12 for marking
[2024-10-12T10:02:07.390+0800][info] GC(91) Concurrent Mark From Roots 3.542ms
[2024-10-12T10:02:07.390+0800][info] GC(91) Concurrent Preclean
[2024-10-12T10:02:07.392+0800][info] GC(91) Concurrent Preclean 1.669ms
[2024-10-12T10:02:07.392+0800][info] GC(91) Pause Remark
[2024-10-12T10:02:07.393+0800][info] GC(91) Pause Remark 210M->150M(256M) 1.155ms
[2024-10-12T10:02:07.393+0800][info] GC(91) User=0.00s Sys=0.00s Real=0.01s
[2024-10-12T10:02:07.393+0800][info] GC(91) Concurrent Mark 6.610ms
[2024-10-12T10:02:07.393+0800][info] GC(91) Concurrent Rebuild Remembered Sets
[2024-10-12T10:02:07.395+0800][info] GC(91) Concurrent Rebuild Remembered Sets 1.184ms
[2024-10-12T10:02:07.395+0800][info] GC(91) Pause Cleanup
[2024-10-12T10:02:07.395+0800][info] GC(91) Pause Cleanup 150M->150M(256M) 0.236ms
[2024-10-12T10:02:07.395+0800][info] GC(91) User=0.00s Sys=0.00s Real=0.00s
[2024-10-12T10:02:07.395+0800][info] GC(91) Concurrent Cleanup for Next Mark
[2024-10-12T10:02:07.395+0800][info] GC(91) Concurrent Cleanup for Next Mark 0.460ms
[2024-10-12T10:02:07.395+0800][info] GC(91) Concurrent Mark Cycle 8.856ms
[2024-10-12T10:02:07.704+0800][info] GC(92) Pause Young (Prepare Mixed) (G1 Evacuation Pause)
[2024-10-12T10:02:07.704+0800][info] GC(92) Using 6 workers of 48 for evacuation
[2024-10-12T10:02:07.706+0800][info] GC(92)   Pre Evacuate Collection Set: 0.1ms
[2024-10-12T10:02:07.706+0800][info] GC(92)   Merge Heap Roots: 0.1ms
[2024-10-12T10:02:07.706+0800][info] GC(92)   Evacuate Collection Set: 0.9ms
[2024-10-12T10:02:07.706+0800][info] GC(92)   Post Evacuate Collection Set: 0.2ms
[2024-10-12T10:02:07.706+0800][info] GC(92)   Other: 0.2ms
[2024-10-12T10:02:07.706+0800][info] GC(92) Eden regions: 5->0(5)
[2024-10-12T10:02:07.706+0800][info] GC(92) Survivor regions: 1->1(1)
[2024-10-12T10:02:07.706+0800][info] GC(92) Old regions: 70->75
[2024-10-12T10:02:07.706+0800][info] GC(92) Archive regions: 2->2
[2024-10-12T10:02:07.706+0800][info] GC(92) Humongous regions: 4->3
[2024-10-12T10:02:07.706+0800][info] GC(92) Metaspace: 1687K(1856K)->1687K(1856K) NonClass: 1551K(1664K)->1551K(1664K) Class: 135K(192K)->135K(192K)
[2024-10-12T10:02:07.706+0800][info] GC(92) Pause Young (Prepare Mixed) (G1 Evacuation Pause) 161M->159M(256M) 1.626ms
[2024-10-12T10:02:07.706+0800][info] GC(92) User=0.00s Sys=0.00s Real=0.01s
[2024-10-12T10:02:07.971+0800][info] GC(93) Pause Young (Mixed) (G1 Evacuation Pause)
[2024-10-12T10:02:07.971+0800][info] GC(93) Using 6 workers of 48 for evacuation
[2024-10-12T10:02:07.973+0800][info] GC(93)   Pre Evacuate Collection Set: 0.2ms
[2024-10-12T10:02:07.973+0800][info] GC(93)   Merge Heap Roots: 0.1ms
[2024-10-12T10:02:07.973+0800][info] GC(93)   Evacuate Collection Set: 1.0ms
[2024-10-12T10:02:07.973+0800][info] GC(93)   Post Evacuate Collection Set: 0.2ms
[2024-10-12T10:02:07.973+0800][info] GC(93)   Other: 0.2ms
[2024-10-12T10:02:07.973+0800][info] GC(93) Eden regions: 5->0(13)
[2024-10-12T10:02:07.973+0800][info] GC(93) Survivor regions: 1->1(1)
[2024-10-12T10:02:07.973+0800][info] GC(93) Old regions: 75->69
[2024-10-12T10:02:07.973+0800][info] GC(93) Archive regions: 2->2
[2024-10-12T10:02:07.973+0800][info] GC(93) Humongous regions: 3->3
[2024-10-12T10:02:07.973+0800][info] GC(93) Metaspace: 1687K(1856K)->1687K(1856K) NonClass: 1551K(1664K)->1551K(1664K) Class: 135K(192K)->135K(192K)
[2024-10-12T10:02:07.973+0800][info] GC(93) Pause Young (Mixed) (G1 Evacuation Pause) 169M->147M(256M) 1.850ms
[2024-10-12T10:02:07.973+0800][info] GC(93) User=0.00s Sys=0.00s Real=0.00s
[2024-10-12T10:02:08.688+0800][info] GC(94) Pause Young (Normal) (G1 Evacuation Pause)
[2024-10-12T10:02:08.688+0800][info] GC(94) Using 6 workers of 48 for evacuation
[2024-10-12T10:02:08.691+0800][info] GC(94)   Pre Evacuate Collection Set: 0.1ms
[2024-10-12T10:02:08.691+0800][info] GC(94)   Merge Heap Roots: 0.1ms
[2024-10-12T10:02:08.691+0800][info] GC(94)   Evacuate Collection Set: 2.0ms
[2024-10-12T10:02:08.691+0800][info] GC(94)   Post Evacuate Collection Set: 0.2ms
[2024-10-12T10:02:08.691+0800][info] GC(94)   Other: 0.2ms
[2024-10-12T10:02:08.691+0800][info] GC(94) Eden regions: 13->0(8)
[2024-10-12T10:02:08.691+0800][info] GC(94) Survivor regions: 1->2(2)
[2024-10-12T10:02:08.691+0800][info] GC(94) Old regions: 69->80
[2024-10-12T10:02:08.691+0800][info] GC(94) Archive regions: 2->2
[2024-10-12T10:02:08.691+0800][info] GC(94) Humongous regions: 3->3
[2024-10-12T10:02:08.691+0800][info] GC(94) Metaspace: 1687K(1856K)->1687K(1856K) NonClass: 1551K(1664K)->1551K(1664K) Class: 135K(192K)->135K(192K)
[2024-10-12T10:02:08.691+0800][info] GC(94) Pause Young (Normal) (G1 Evacuation Pause) 173M->170M(256M) 2.711ms
[2024-10-12T10:02:08.691+0800][info] GC(94) User=0.01s Sys=0.00s Real=0.00s
[2024-10-12T10:02:09.121+0800][info] GC(95) Pause Young (Normal) (G1 Evacuation Pause)
[2024-10-12T10:02:09.121+0800][info] GC(95) Using 6 workers of 48 for evacuation
[2024-10-12T10:02:09.123+0800][info] GC(95)   Pre Evacuate Collection Set: 0.1ms
[2024-10-12T10:02:09.124+0800][info] GC(95)   Merge Heap Roots: 0.1ms
[2024-10-12T10:02:09.124+0800][info] GC(95)   Evacuate Collection Set: 1.5ms
[2024-10-12T10:02:09.124+0800][info] GC(95)   Post Evacuate Collection Set: 0.2ms
[2024-10-12T10:02:09.124+0800][info] GC(95)   Other: 0.2ms
[2024-10-12T10:02:09.124+0800][info] GC(95) Eden regions: 8->0(6)
[2024-10-12T10:02:09.124+0800][info] GC(95) Survivor regions: 2->2(2)
[2024-10-12T10:02:09.124+0800][info] GC(95) Old regions: 80->87
[2024-10-12T10:02:09.124+0800][info] GC(95) Archive regions: 2->2
[2024-10-12T10:02:09.124+0800][info] GC(95) Humongous regions: 3->3
[2024-10-12T10:02:09.124+0800][info] GC(95) Metaspace: 1687K(1856K)->1687K(1856K) NonClass: 1551K(1664K)->1551K(1664K) Class: 135K(192K)->135K(192K)
[2024-10-12T10:02:09.124+0800][info] GC(95) Pause Young (Normal) (G1 Evacuation Pause) 186M->185M(256M) 2.205ms
[2024-10-12T10:02:09.124+0800][info] GC(95) User=0.00s Sys=0.00s Real=0.00s
[2024-10-12T10:02:09.450+0800][info] GC(96) Pause Young (Normal) (G1 Evacuation Pause)
[2024-10-12T10:02:09.450+0800][info] GC(96) Using 6 workers of 48 for evacuation
[2024-10-12T10:02:09.452+0800][info] GC(96)   Pre Evacuate Collection Set: 0.1ms
[2024-10-12T10:02:09.452+0800][info] GC(96)   Merge Heap Roots: 0.1ms
[2024-10-12T10:02:09.452+0800][info] GC(96)   Evacuate Collection Set: 1.3ms
[2024-10-12T10:02:09.452+0800][info] GC(96)   Post Evacuate Collection Set: 0.2ms
[2024-10-12T10:02:09.452+0800][info] GC(96)   Other: 0.2ms
[2024-10-12T10:02:09.452+0800][info] GC(96) Eden regions: 6->0(5)
[2024-10-12T10:02:09.452+0800][info] GC(96) Survivor regions: 2->1(1)
[2024-10-12T10:02:09.452+0800][info] GC(96) Old regions: 87->94
[2024-10-12T10:02:09.452+0800][info] GC(96) Archive regions: 2->2
[2024-10-12T10:02:09.452+0800][info] GC(96) Humongous regions: 3->3
[2024-10-12T10:02:09.452+0800][info] GC(96) Metaspace: 1687K(1856K)->1687K(1856K) NonClass: 1551K(1664K)->1551K(1664K) Class: 135K(192K)->135K(192K)
[2024-10-12T10:02:09.452+0800][info] GC(96) Pause Young (Normal) (G1 Evacuation Pause) 197M->197M(256M) 2.017ms
[2024-10-12T10:02:09.452+0800][info] GC(96) User=0.00s Sys=0.01s Real=0.00s
[2024-10-12T10:02:09.718+0800][info] GC(97) Pause Young (Normal) (G1 Evacuation Pause)
[2024-10-12T10:02:09.718+0800][info] GC(97) Using 6 workers of 48 for evacuation
[2024-10-12T10:02:09.719+0800][info] GC(97)   Pre Evacuate Collection Set: 0.1ms
[2024-10-12T10:02:09.719+0800][info] GC(97)   Merge Heap Roots: 0.1ms
[2024-10-12T10:02:09.719+0800][info] GC(97)   Evacuate Collection Set: 0.8ms
[2024-10-12T10:02:09.719+0800][info] GC(97)   Post Evacuate Collection Set: 0.2ms
[2024-10-12T10:02:09.719+0800][info] GC(97)   Other: 0.2ms
[2024-10-12T10:02:09.719+0800][info] GC(97) Eden regions: 5->0(5)
[2024-10-12T10:02:09.719+0800][info] GC(97) Survivor regions: 1->1(1)
[2024-10-12T10:02:09.719+0800][info] GC(97) Old regions: 94->99
[2024-10-12T10:02:09.719+0800][info] GC(97) Archive regions: 2->2
[2024-10-12T10:02:09.719+0800][info] GC(97) Humongous regions: 4->3
[2024-10-12T10:02:09.719+0800][info] GC(97) Metaspace: 1687K(1856K)->1687K(1856K) NonClass: 1551K(1664K)->1551K(1664K) Class: 135K(192K)->135K(192K)
[2024-10-12T10:02:09.720+0800][info] GC(97) Pause Young (Normal) (G1 Evacuation Pause) 209M->207M(256M) 1.506ms
[2024-10-12T10:02:09.720+0800][info] GC(97) User=0.00s Sys=0.00s Real=0.00s
[2024-10-12T10:02:09.986+0800][info] GC(98) Pause Young (Concurrent Start) (G1 Evacuation Pause)
[2024-10-12T10:02:09.986+0800][info] GC(98) Using 6 workers of 48 for evacuation
[2024-10-12T10:02:09.987+0800][info] GC(98)   Pre Evacuate Collection Set: 0.1ms
[2024-10-12T10:02:09.987+0800][info] GC(98)   Merge Heap Roots: 0.1ms
[2024-10-12T10:02:09.987+0800][info] GC(98)   Evacuate Collection Set: 1.0ms
[2024-10-12T10:02:09.987+0800][info] GC(98)   Post Evacuate Collection Set: 0.2ms
[2024-10-12T10:02:09.987+0800][info] GC(98)   Other: 0.4ms
[2024-10-12T10:02:09.987+0800][info] GC(98) Eden regions: 5->0(5)
[2024-10-12T10:02:09.987+0800][info] GC(98) Survivor regions: 1->1(1)
[2024-10-12T10:02:09.987+0800][info] GC(98) Old regions: 99->104
[2024-10-12T10:02:09.987+0800][info] GC(98) Archive regions: 2->2
[2024-10-12T10:02:09.987+0800][info] GC(98) Humongous regions: 3->3
[2024-10-12T10:02:09.987+0800][info] GC(98) Metaspace: 1687K(1856K)->1687K(1856K) NonClass: 1551K(1664K)->1551K(1664K) Class: 135K(192K)->135K(192K)
[2024-10-12T10:02:09.987+0800][info] GC(98) Pause Young (Concurrent Start) (G1 Evacuation Pause) 216M->217M(256M) 1.853ms
[2024-10-12T10:02:09.987+0800][info] GC(98) User=0.00s Sys=0.00s Real=0.00s
[2024-10-12T10:02:09.987+0800][info] GC(99) Concurrent Mark Cycle
[2024-10-12T10:02:09.988+0800][info] GC(99) Concurrent Clear Claimed Marks
[2024-10-12T10:02:09.988+0800][info] GC(99) Concurrent Clear Claimed Marks 0.017ms
[2024-10-12T10:02:09.988+0800][info] GC(99) Concurrent Scan Root Regions
[2024-10-12T10:02:09.988+0800][info] GC(99) Concurrent Scan Root Regions 0.096ms
[2024-10-12T10:02:09.988+0800][info] GC(99) Concurrent Mark
[2024-10-12T10:02:09.988+0800][info] GC(99) Concurrent Mark From Roots
[2024-10-12T10:02:09.988+0800][info] GC(99) Using 12 workers of 12 for marking
[2024-10-12T10:02:09.992+0800][info] GC(99) Concurrent Mark From Roots 4.213ms
[2024-10-12T10:02:09.992+0800][info] GC(99) Concurrent Preclean
[2024-10-12T10:02:09.994+0800][info] GC(99) Concurrent Preclean 1.726ms
[2024-10-12T10:02:09.994+0800][info] GC(99) Pause Remark
[2024-10-12T10:02:09.995+0800][info] GC(99) Pause Remark 217M->157M(256M) 1.161ms
[2024-10-12T10:02:09.995+0800][info] GC(99) User=0.01s Sys=0.00s Real=0.00s
[2024-10-12T10:02:09.995+0800][info] GC(99) Concurrent Mark 7.347ms
[2024-10-12T10:02:09.995+0800][info] GC(99) Concurrent Rebuild Remembered Sets
[2024-10-12T10:02:09.996+0800][info] GC(99) Concurrent Rebuild Remembered Sets 1.244ms
[2024-10-12T10:02:09.996+0800][info] GC(99) Pause Cleanup
[2024-10-12T10:02:09.997+0800][info] GC(99) Pause Cleanup 157M->157M(256M) 0.232ms
[2024-10-12T10:02:09.997+0800][info] GC(99) User=0.00s Sys=0.00s Real=0.00s
[2024-10-12T10:02:09.997+0800][info] GC(99) Concurrent Cleanup for Next Mark
[2024-10-12T10:02:09.997+0800][info] GC(99) Concurrent Cleanup for Next Mark 0.394ms
[2024-10-12T10:02:09.997+0800][info] GC(99) Concurrent Mark Cycle 9.607ms
[2024-10-12T10:02:10.305+0800][info] GC(100) Pause Young (Prepare Mixed) (G1 Evacuation Pause)
[2024-10-12T10:02:10.305+0800][info] GC(100) Using 6 workers of 48 for evacuation
[2024-10-12T10:02:10.306+0800][info] GC(100)   Pre Evacuate Collection Set: 0.1ms
[2024-10-12T10:02:10.306+0800][info] GC(100)   Merge Heap Roots: 0.1ms
[2024-10-12T10:02:10.306+0800][info] GC(100)   Evacuate Collection Set: 1.0ms
[2024-10-12T10:02:10.306+0800][info] GC(100)   Post Evacuate Collection Set: 0.2ms
[2024-10-12T10:02:10.306+0800][info] GC(100)   Other: 0.2ms
[2024-10-12T10:02:10.306+0800][info] GC(100) Eden regions: 5->0(5)
[2024-10-12T10:02:10.306+0800][info] GC(100) Survivor regions: 1->1(1)
[2024-10-12T10:02:10.306+0800][info] GC(100) Old regions: 74->79
[2024-10-12T10:02:10.306+0800][info] GC(100) Archive regions: 2->2
[2024-10-12T10:02:10.306+0800][info] GC(100) Humongous regions: 3->3
[2024-10-12T10:02:10.306+0800][info] GC(100) Metaspace: 1687K(1856K)->1687K(1856K) NonClass: 1551K(1664K)->1551K(1664K) Class: 135K(192K)->135K(192K)
[2024-10-12T10:02:10.306+0800][info] GC(100) Pause Young (Prepare Mixed) (G1 Evacuation Pause) 166M->166M(256M) 1.711ms
[2024-10-12T10:02:10.306+0800][info] GC(100) User=0.00s Sys=0.00s Real=0.01s
[2024-10-12T10:02:10.572+0800][info] GC(101) Pause Young (Mixed) (G1 Evacuation Pause)
[2024-10-12T10:02:10.572+0800][info] GC(101) Using 6 workers of 48 for evacuation
[2024-10-12T10:02:10.574+0800][info] GC(101)   Pre Evacuate Collection Set: 0.2ms
[2024-10-12T10:02:10.574+0800][info] GC(101)   Merge Heap Roots: 0.1ms
[2024-10-12T10:02:10.574+0800][info] GC(101)   Evacuate Collection Set: 1.0ms
[2024-10-12T10:02:10.574+0800][info] GC(101)   Post Evacuate Collection Set: 0.2ms
[2024-10-12T10:02:10.574+0800][info] GC(101)   Other: 0.2ms
[2024-10-12T10:02:10.574+0800][info] GC(101) Eden regions: 5->0(5)
[2024-10-12T10:02:10.574+0800][info] GC(101) Survivor regions: 1->1(1)
[2024-10-12T10:02:10.574+0800][info] GC(101) Old regions: 79->71
[2024-10-12T10:02:10.574+0800][info] GC(101) Archive regions: 2->2
[2024-10-12T10:02:10.574+0800][info] GC(101) Humongous regions: 3->3
[2024-10-12T10:02:10.574+0800][info] GC(101) Metaspace: 1687K(1856K)->1687K(1856K) NonClass: 1551K(1664K)->1551K(1664K) Class: 135K(192K)->135K(192K)
[2024-10-12T10:02:10.574+0800][info] GC(101) Pause Young (Mixed) (G1 Evacuation Pause) 176M->151M(256M) 1.857ms
[2024-10-12T10:02:10.574+0800][info] GC(101) User=0.01s Sys=0.00s Real=0.01s
[2024-10-12T10:02:10.840+0800][info] GC(102) Pause Young (Mixed) (G1 Evacuation Pause)
[2024-10-12T10:02:10.840+0800][info] GC(102) Using 6 workers of 48 for evacuation
[2024-10-12T10:02:10.842+0800][info] GC(102)   Pre Evacuate Collection Set: 0.2ms
[2024-10-12T10:02:10.842+0800][info] GC(102)   Merge Heap Roots: 0.1ms
[2024-10-12T10:02:10.842+0800][info] GC(102)   Evacuate Collection Set: 1.1ms
[2024-10-12T10:02:10.842+0800][info] GC(102)   Post Evacuate Collection Set: 0.2ms
[2024-10-12T10:02:10.842+0800][info] GC(102)   Other: 0.2ms
[2024-10-12T10:02:10.842+0800][info] GC(102) Eden regions: 5->0(10)
[2024-10-12T10:02:10.842+0800][info] GC(102) Survivor regions: 1->1(1)
[2024-10-12T10:02:10.842+0800][info] GC(102) Old regions: 71->75
[2024-10-12T10:02:10.842+0800][info] GC(102) Archive regions: 2->2
[2024-10-12T10:02:10.842+0800][info] GC(102) Humongous regions: 3->3
[2024-10-12T10:02:10.842+0800][info] GC(102) Metaspace: 1687K(1856K)->1687K(1856K) NonClass: 1551K(1664K)->1551K(1664K) Class: 135K(192K)->135K(192K)
[2024-10-12T10:02:10.842+0800][info] GC(102) Pause Young (Mixed) (G1 Evacuation Pause) 160M->158M(256M) 1.817ms
[2024-10-12T10:02:10.842+0800][info] GC(102) User=0.01s Sys=0.00s Real=0.00s
[2024-10-12T10:02:11.394+0800][info] GC(103) Pause Young (Normal) (G1 Evacuation Pause)
[2024-10-12T10:02:11.394+0800][info] GC(103) Using 6 workers of 48 for evacuation
[2024-10-12T10:02:11.396+0800][info] GC(103)   Pre Evacuate Collection Set: 0.1ms
[2024-10-12T10:02:11.396+0800][info] GC(103)   Merge Heap Roots: 0.1ms
[2024-10-12T10:02:11.396+0800][info] GC(103)   Evacuate Collection Set: 1.5ms
[2024-10-12T10:02:11.396+0800][info] GC(103)   Post Evacuate Collection Set: 0.2ms
[2024-10-12T10:02:11.396+0800][info] GC(103)   Other: 0.2ms
[2024-10-12T10:02:11.396+0800][info] GC(103) Eden regions: 10->0(7)
[2024-10-12T10:02:11.396+0800][info] GC(103) Survivor regions: 1->2(2)
[2024-10-12T10:02:11.396+0800][info] GC(103) Old regions: 75->83
[2024-10-12T10:02:11.396+0800][info] GC(103) Archive regions: 2->2
[2024-10-12T10:02:11.396+0800][info] GC(103) Humongous regions: 3->3
[2024-10-12T10:02:11.396+0800][info] GC(103) Metaspace: 1687K(1856K)->1687K(1856K) NonClass: 1551K(1664K)->1551K(1664K) Class: 135K(192K)->135K(192K)
[2024-10-12T10:02:11.396+0800][info] GC(103) Pause Young (Normal) (G1 Evacuation Pause) 178M->177M(256M) 2.226ms
[2024-10-12T10:02:11.396+0800][info] GC(103) User=0.01s Sys=0.00s Real=0.00s
[2024-10-12T10:02:11.765+0800][info] GC(104) Pause Young (Normal) (G1 Evacuation Pause)
[2024-10-12T10:02:11.765+0800][info] GC(104) Using 6 workers of 48 for evacuation
[2024-10-12T10:02:11.767+0800][info] GC(104)   Pre Evacuate Collection Set: 0.1ms
[2024-10-12T10:02:11.767+0800][info] GC(104)   Merge Heap Roots: 0.0ms
[2024-10-12T10:02:11.767+0800][info] GC(104)   Evacuate Collection Set: 1.2ms
[2024-10-12T10:02:11.767+0800][info] GC(104)   Post Evacuate Collection Set: 0.2ms
[2024-10-12T10:02:11.767+0800][info] GC(104)   Other: 0.2ms
[2024-10-12T10:02:11.767+0800][info] GC(104) Eden regions: 7->0(5)
[2024-10-12T10:02:11.767+0800][info] GC(104) Survivor regions: 2->2(2)
[2024-10-12T10:02:11.767+0800][info] GC(104) Old regions: 83->90
[2024-10-12T10:02:11.767+0800][info] GC(104) Archive regions: 2->2
[2024-10-12T10:02:11.767+0800][info] GC(104) Humongous regions: 4->3
[2024-10-12T10:02:11.767+0800][info] GC(104) Metaspace: 1688K(1856K)->1688K(1856K) NonClass: 1552K(1664K)->1552K(1664K) Class: 135K(192K)->135K(192K)
[2024-10-12T10:02:11.767+0800][info] GC(104) Pause Young (Normal) (G1 Evacuation Pause) 192M->190M(256M) 1.869ms
[2024-10-12T10:02:11.767+0800][info] GC(104) User=0.01s Sys=0.00s Real=0.00s
[2024-10-12T10:02:12.033+0800][info] GC(105) Pause Young (Normal) (G1 Evacuation Pause)
[2024-10-12T10:02:12.033+0800][info] GC(105) Using 6 workers of 48 for evacuation
[2024-10-12T10:02:12.035+0800][info] GC(105)   Pre Evacuate Collection Set: 0.1ms
[2024-10-12T10:02:12.035+0800][info] GC(105)   Merge Heap Roots: 0.1ms
[2024-10-12T10:02:12.035+0800][info] GC(105)   Evacuate Collection Set: 1.0ms
[2024-10-12T10:02:12.035+0800][info] GC(105)   Post Evacuate Collection Set: 0.2ms
[2024-10-12T10:02:12.035+0800][info] GC(105)   Other: 0.5ms
[2024-10-12T10:02:12.035+0800][info] GC(105) Eden regions: 5->0(5)
[2024-10-12T10:02:12.035+0800][info] GC(105) Survivor regions: 2->1(1)
[2024-10-12T10:02:12.035+0800][info] GC(105) Old regions: 90->96
[2024-10-12T10:02:12.035+0800][info] GC(105) Archive regions: 2->2
[2024-10-12T10:02:12.035+0800][info] GC(105) Humongous regions: 3->3
[2024-10-12T10:02:12.035+0800][info] GC(105) Metaspace: 1688K(1856K)->1688K(1856K) NonClass: 1552K(1664K)->1552K(1664K) Class: 135K(192K)->135K(192K)
[2024-10-12T10:02:12.035+0800][info] GC(105) Pause Young (Normal) (G1 Evacuation Pause) 199M->200M(256M) 2.021ms
[2024-10-12T10:02:12.035+0800][info] GC(105) User=0.01s Sys=0.00s Real=0.01s
[2024-10-12T10:02:12.301+0800][info] GC(106) Pause Young (Normal) (G1 Evacuation Pause)
[2024-10-12T10:02:12.301+0800][info] GC(106) Using 6 workers of 48 for evacuation
[2024-10-12T10:02:12.302+0800][info] GC(106)   Pre Evacuate Collection Set: 0.1ms
[2024-10-12T10:02:12.302+0800][info] GC(106)   Merge Heap Roots: 0.1ms
[2024-10-12T10:02:12.302+0800][info] GC(106)   Evacuate Collection Set: 0.9ms
[2024-10-12T10:02:12.302+0800][info] GC(106)   Post Evacuate Collection Set: 0.2ms
[2024-10-12T10:02:12.302+0800][info] GC(106)   Other: 0.2ms
[2024-10-12T10:02:12.302+0800][info] GC(106) Eden regions: 5->0(5)
[2024-10-12T10:02:12.302+0800][info] GC(106) Survivor regions: 1->1(1)
[2024-10-12T10:02:12.302+0800][info] GC(106) Old regions: 96->100
[2024-10-12T10:02:12.302+0800][info] GC(106) Archive regions: 2->2
[2024-10-12T10:02:12.303+0800][info] GC(106) Humongous regions: 3->3
[2024-10-12T10:02:12.303+0800][info] GC(106) Metaspace: 1689K(1856K)->1689K(1856K) NonClass: 1553K(1664K)->1553K(1664K) Class: 135K(192K)->135K(192K)
[2024-10-12T10:02:12.303+0800][info] GC(106) Pause Young (Normal) (G1 Evacuation Pause) 209M->209M(256M) 1.602ms
[2024-10-12T10:02:12.303+0800][info] GC(106) User=0.01s Sys=0.00s Real=0.00s
[2024-10-12T10:02:12.568+0800][info] GC(107) Pause Young (Concurrent Start) (G1 Evacuation Pause)
[2024-10-12T10:02:12.568+0800][info] GC(107) Using 6 workers of 48 for evacuation
[2024-10-12T10:02:12.570+0800][info] GC(107)   Pre Evacuate Collection Set: 0.1ms
[2024-10-12T10:02:12.570+0800][info] GC(107)   Merge Heap Roots: 0.1ms
[2024-10-12T10:02:12.570+0800][info] GC(107)   Evacuate Collection Set: 0.9ms
[2024-10-12T10:02:12.570+0800][info] GC(107)   Post Evacuate Collection Set: 0.2ms
[2024-10-12T10:02:12.570+0800][info] GC(107)   Other: 0.4ms
[2024-10-12T10:02:12.570+0800][info] GC(107) Eden regions: 5->0(5)
[2024-10-12T10:02:12.570+0800][info] GC(107) Survivor regions: 1->1(1)
[2024-10-12T10:02:12.570+0800][info] GC(107) Old regions: 100->105
[2024-10-12T10:02:12.570+0800][info] GC(107) Archive regions: 2->2
[2024-10-12T10:02:12.570+0800][info] GC(107) Humongous regions: 3->3
[2024-10-12T10:02:12.570+0800][info] GC(107) Metaspace: 1689K(1856K)->1689K(1856K) NonClass: 1553K(1664K)->1553K(1664K) Class: 135K(192K)->135K(192K)
[2024-10-12T10:02:12.570+0800][info] GC(107) Pause Young (Concurrent Start) (G1 Evacuation Pause) 218M->219M(256M) 1.814ms
[2024-10-12T10:02:12.570+0800][info] GC(107) User=0.01s Sys=0.00s Real=0.00s
[2024-10-12T10:02:12.570+0800][info] GC(108) Concurrent Mark Cycle
[2024-10-12T10:02:12.570+0800][info] GC(108) Concurrent Clear Claimed Marks
[2024-10-12T10:02:12.570+0800][info] GC(108) Concurrent Clear Claimed Marks 0.017ms
[2024-10-12T10:02:12.570+0800][info] GC(108) Concurrent Scan Root Regions
[2024-10-12T10:02:12.570+0800][info] GC(108) Concurrent Scan Root Regions 0.126ms
[2024-10-12T10:02:12.570+0800][info] GC(108) Concurrent Mark
[2024-10-12T10:02:12.570+0800][info] GC(108) Concurrent Mark From Roots
[2024-10-12T10:02:12.570+0800][info] GC(108) Using 12 workers of 12 for marking
[2024-10-12T10:02:12.577+0800][info] GC(108) Concurrent Mark From Roots 6.939ms
[2024-10-12T10:02:12.577+0800][info] GC(108) Concurrent Preclean
[2024-10-12T10:02:12.579+0800][info] GC(108) Concurrent Preclean 1.692ms
[2024-10-12T10:02:12.579+0800][info] GC(108) Pause Remark
[2024-10-12T10:02:12.582+0800][info] GC(108) Pause Remark 219M->155M(256M) 2.669ms
[2024-10-12T10:02:12.582+0800][info] GC(108) User=0.00s Sys=0.00s Real=0.00s
[2024-10-12T10:02:12.582+0800][info] GC(108) Concurrent Mark 11.524ms
[2024-10-12T10:02:12.582+0800][info] GC(108) Concurrent Rebuild Remembered Sets
[2024-10-12T10:02:12.583+0800][info] GC(108) Concurrent Rebuild Remembered Sets 1.128ms
[2024-10-12T10:02:12.583+0800][info] GC(108) Pause Cleanup
[2024-10-12T10:02:12.583+0800][info] GC(108) Pause Cleanup 155M->155M(256M) 0.251ms
[2024-10-12T10:02:12.583+0800][info] GC(108) User=0.00s Sys=0.00s Real=0.00s
[2024-10-12T10:02:12.583+0800][info] GC(108) Concurrent Cleanup for Next Mark
[2024-10-12T10:02:12.584+0800][info] GC(108) Concurrent Cleanup for Next Mark 0.405ms
[2024-10-12T10:02:12.584+0800][info] GC(108) Concurrent Mark Cycle 13.710ms
[2024-10-12T10:02:12.887+0800][info] GC(109) Pause Young (Prepare Mixed) (G1 Evacuation Pause)
[2024-10-12T10:02:12.887+0800][info] GC(109) Using 6 workers of 48 for evacuation
[2024-10-12T10:02:12.888+0800][info] GC(109)   Pre Evacuate Collection Set: 0.1ms
[2024-10-12T10:02:12.888+0800][info] GC(109)   Merge Heap Roots: 0.1ms
[2024-10-12T10:02:12.888+0800][info] GC(109)   Evacuate Collection Set: 1.0ms
[2024-10-12T10:02:12.888+0800][info] GC(109)   Post Evacuate Collection Set: 0.2ms
[2024-10-12T10:02:12.888+0800][info] GC(109)   Other: 0.2ms
[2024-10-12T10:02:12.889+0800][info] GC(109) Eden regions: 5->0(5)
[2024-10-12T10:02:12.889+0800][info] GC(109) Survivor regions: 1->1(1)
[2024-10-12T10:02:12.889+0800][info] GC(109) Old regions: 73->78
[2024-10-12T10:02:12.889+0800][info] GC(109) Archive regions: 2->2
[2024-10-12T10:02:12.889+0800][info] GC(109) Humongous regions: 3->3
[2024-10-12T10:02:12.889+0800][info] GC(109) Metaspace: 1639K(1856K)->1639K(1856K) NonClass: 1515K(1664K)->1515K(1664K) Class: 124K(192K)->124K(192K)
[2024-10-12T10:02:12.889+0800][info] GC(109) Pause Young (Prepare Mixed) (G1 Evacuation Pause) 164M->165M(256M) 1.706ms
[2024-10-12T10:02:12.889+0800][info] GC(109) User=0.00s Sys=0.00s Real=0.00s
[2024-10-12T10:02:13.155+0800][info] GC(110) Pause Young (Mixed) (G1 Evacuation Pause)
[2024-10-12T10:02:13.155+0800][info] GC(110) Using 6 workers of 48 for evacuation
[2024-10-12T10:02:13.156+0800][info] GC(110)   Pre Evacuate Collection Set: 0.1ms
[2024-10-12T10:02:13.156+0800][info] GC(110)   Merge Heap Roots: 0.1ms
[2024-10-12T10:02:13.156+0800][info] GC(110)   Evacuate Collection Set: 0.9ms
[2024-10-12T10:02:13.156+0800][info] GC(110)   Post Evacuate Collection Set: 0.2ms
[2024-10-12T10:02:13.156+0800][info] GC(110)   Other: 0.2ms
[2024-10-12T10:02:13.156+0800][info] GC(110) Eden regions: 5->0(5)
[2024-10-12T10:02:13.156+0800][info] GC(110) Survivor regions: 1->1(1)
[2024-10-12T10:02:13.156+0800][info] GC(110) Old regions: 78->70
[2024-10-12T10:02:13.156+0800][info] GC(110) Archive regions: 2->2
[2024-10-12T10:02:13.156+0800][info] GC(110) Humongous regions: 3->3
[2024-10-12T10:02:13.156+0800][info] GC(110) Metaspace: 1639K(1856K)->1639K(1856K) NonClass: 1515K(1664K)->1515K(1664K) Class: 124K(192K)->124K(192K)
[2024-10-12T10:02:13.156+0800][info] GC(110) Pause Young (Mixed) (G1 Evacuation Pause) 175M->149M(256M) 1.637ms
[2024-10-12T10:02:13.156+0800][info] GC(110) User=0.00s Sys=0.00s Real=0.00s
[2024-10-12T10:02:13.422+0800][info] GC(111) Pause Young (Mixed) (G1 Evacuation Pause)
[2024-10-12T10:02:13.422+0800][info] GC(111) Using 6 workers of 48 for evacuation
[2024-10-12T10:02:13.423+0800][info] GC(111)   Pre Evacuate Collection Set: 0.2ms
[2024-10-12T10:02:13.423+0800][info] GC(111)   Merge Heap Roots: 0.1ms
[2024-10-12T10:02:13.423+0800][info] GC(111)   Evacuate Collection Set: 0.9ms
[2024-10-12T10:02:13.423+0800][info] GC(111)   Post Evacuate Collection Set: 0.2ms
[2024-10-12T10:02:13.423+0800][info] GC(111)   Other: 0.2ms
[2024-10-12T10:02:13.423+0800][info] GC(111) Eden regions: 5->0(11)
[2024-10-12T10:02:13.423+0800][info] GC(111) Survivor regions: 1->1(1)
[2024-10-12T10:02:13.423+0800][info] GC(111) Old regions: 70->74
[2024-10-12T10:02:13.423+0800][info] GC(111) Archive regions: 2->2
[2024-10-12T10:02:13.423+0800][info] GC(111) Humongous regions: 3->3
[2024-10-12T10:02:13.423+0800][info] GC(111) Metaspace: 1639K(1856K)->1639K(1856K) NonClass: 1515K(1664K)->1515K(1664K) Class: 124K(192K)->124K(192K)
[2024-10-12T10:02:13.423+0800][info] GC(111) Pause Young (Mixed) (G1 Evacuation Pause) 158M->156M(256M) 1.667ms
[2024-10-12T10:02:13.423+0800][info] GC(111) User=0.01s Sys=0.01s Real=0.00s
[2024-10-12T10:02:14.017+0800][info] GC(112) Pause Young (Normal) (G1 Evacuation Pause)
[2024-10-12T10:02:14.017+0800][info] GC(112) Using 6 workers of 48 for evacuation
[2024-10-12T10:02:14.019+0800][info] GC(112)   Pre Evacuate Collection Set: 0.1ms
[2024-10-12T10:02:14.019+0800][info] GC(112)   Merge Heap Roots: 0.1ms
[2024-10-12T10:02:14.019+0800][info] GC(112)   Evacuate Collection Set: 1.8ms
[2024-10-12T10:02:14.019+0800][info] GC(112)   Post Evacuate Collection Set: 0.2ms
[2024-10-12T10:02:14.019+0800][info] GC(112)   Other: 0.2ms
[2024-10-12T10:02:14.019+0800][info] GC(112) Eden regions: 11->0(7)
[2024-10-12T10:02:14.019+0800][info] GC(112) Survivor regions: 1->2(2)
[2024-10-12T10:02:14.019+0800][info] GC(112) Old regions: 74->83
[2024-10-12T10:02:14.019+0800][info] GC(112) Archive regions: 2->2
[2024-10-12T10:02:14.019+0800][info] GC(112) Humongous regions: 4->3
[2024-10-12T10:02:14.019+0800][info] GC(112) Metaspace: 1640K(1856K)->1640K(1856K) NonClass: 1516K(1664K)->1516K(1664K) Class: 124K(192K)->124K(192K)
[2024-10-12T10:02:14.019+0800][info] GC(112) Pause Young (Normal) (G1 Evacuation Pause) 179M->177M(256M) 2.512ms
[2024-10-12T10:02:14.020+0800][info] GC(112) User=0.00s Sys=0.00s Real=0.00s
[2024-10-12T10:02:14.408+0800][info] GC(113) Pause Young (Normal) (G1 Evacuation Pause)
[2024-10-12T10:02:14.408+0800][info] GC(113) Using 6 workers of 48 for evacuation
[2024-10-12T10:02:14.410+0800][info] GC(113)   Pre Evacuate Collection Set: 0.1ms
[2024-10-12T10:02:14.410+0800][info] GC(113)   Merge Heap Roots: 0.0ms
[2024-10-12T10:02:14.410+0800][info] GC(113)   Evacuate Collection Set: 1.3ms
[2024-10-12T10:02:14.410+0800][info] GC(113)   Post Evacuate Collection Set: 0.2ms
[2024-10-12T10:02:14.410+0800][info] GC(113)   Other: 0.2ms
[2024-10-12T10:02:14.410+0800][info] GC(113) Eden regions: 7->0(5)
[2024-10-12T10:02:14.410+0800][info] GC(113) Survivor regions: 2->2(2)
[2024-10-12T10:02:14.410+0800][info] GC(113) Old regions: 83->90
[2024-10-12T10:02:14.410+0800][info] GC(113) Archive regions: 2->2
[2024-10-12T10:02:14.410+0800][info] GC(113) Humongous regions: 3->3
[2024-10-12T10:02:14.410+0800][info] GC(113) Metaspace: 1640K(1856K)->1640K(1856K) NonClass: 1516K(1664K)->1516K(1664K) Class: 124K(192K)->124K(192K)
[2024-10-12T10:02:14.410+0800][info] GC(113) Pause Young (Normal) (G1 Evacuation Pause) 191M->191M(256M) 2.012ms
[2024-10-12T10:02:14.410+0800][info] GC(113) User=0.01s Sys=0.00s Real=0.00s
[2024-10-12T10:02:14.676+0800][info] GC(114) Pause Young (Normal) (G1 Evacuation Pause)
[2024-10-12T10:02:14.676+0800][info] GC(114) Using 6 workers of 48 for evacuation
[2024-10-12T10:02:14.678+0800][info] GC(114)   Pre Evacuate Collection Set: 0.1ms
[2024-10-12T10:02:14.678+0800][info] GC(114)   Merge Heap Roots: 0.1ms
[2024-10-12T10:02:14.678+0800][info] GC(114)   Evacuate Collection Set: 1.0ms
[2024-10-12T10:02:14.678+0800][info] GC(114)   Post Evacuate Collection Set: 0.2ms
[2024-10-12T10:02:14.678+0800][info] GC(114)   Other: 0.2ms
[2024-10-12T10:02:14.678+0800][info] GC(114) Eden regions: 5->0(5)
[2024-10-12T10:02:14.678+0800][info] GC(114) Survivor regions: 2->1(1)
[2024-10-12T10:02:14.678+0800][info] GC(114) Old regions: 90->96
[2024-10-12T10:02:14.678+0800][info] GC(114) Archive regions: 2->2
[2024-10-12T10:02:14.678+0800][info] GC(114) Humongous regions: 3->3
[2024-10-12T10:02:14.678+0800][info] GC(114) Metaspace: 1640K(1856K)->1640K(1856K) NonClass: 1516K(1664K)->1516K(1664K) Class: 124K(192K)->124K(192K)
[2024-10-12T10:02:14.678+0800][info] GC(114) Pause Young (Normal) (G1 Evacuation Pause) 201M->200M(256M) 1.725ms
[2024-10-12T10:02:14.678+0800][info] GC(114) User=0.01s Sys=0.00s Real=0.00s
[2024-10-12T10:02:14.943+0800][info] GC(115) Pause Young (Normal) (G1 Evacuation Pause)
[2024-10-12T10:02:14.943+0800][info] GC(115) Using 6 workers of 48 for evacuation
[2024-10-12T10:02:14.945+0800][info] GC(115)   Pre Evacuate Collection Set: 0.1ms
[2024-10-12T10:02:14.945+0800][info] GC(115)   Merge Heap Roots: 0.1ms
[2024-10-12T10:02:14.945+0800][info] GC(115)   Evacuate Collection Set: 0.8ms
[2024-10-12T10:02:14.945+0800][info] GC(115)   Post Evacuate Collection Set: 0.2ms
[2024-10-12T10:02:14.945+0800][info] GC(115)   Other: 0.2ms
[2024-10-12T10:02:14.945+0800][info] GC(115) Eden regions: 5->0(5)
[2024-10-12T10:02:14.945+0800][info] GC(115) Survivor regions: 1->1(1)
[2024-10-12T10:02:14.945+0800][info] GC(115) Old regions: 96->101
[2024-10-12T10:02:14.945+0800][info] GC(115) Archive regions: 2->2
[2024-10-12T10:02:14.945+0800][info] GC(115) Humongous regions: 3->3
[2024-10-12T10:02:14.945+0800][info] GC(115) Metaspace: 1640K(1856K)->1640K(1856K) NonClass: 1516K(1664K)->1516K(1664K) Class: 124K(192K)->124K(192K)
[2024-10-12T10:02:14.945+0800][info] GC(115) Pause Young (Normal) (G1 Evacuation Pause) 210M->210M(256M) 1.523ms
[2024-10-12T10:02:14.945+0800][info] GC(115) User=0.01s Sys=0.00s Real=0.00s
[2024-10-12T10:02:15.211+0800][info] GC(116) Pause Young (Concurrent Start) (G1 Evacuation Pause)
[2024-10-12T10:02:15.211+0800][info] GC(116) Using 6 workers of 48 for evacuation
[2024-10-12T10:02:15.213+0800][info] GC(116)   Pre Evacuate Collection Set: 0.1ms
[2024-10-12T10:02:15.213+0800][info] GC(116)   Merge Heap Roots: 0.1ms
[2024-10-12T10:02:15.213+0800][info] GC(116)   Evacuate Collection Set: 0.9ms
[2024-10-12T10:02:15.213+0800][info] GC(116)   Post Evacuate Collection Set: 0.2ms
[2024-10-12T10:02:15.213+0800][info] GC(116)   Other: 0.4ms
[2024-10-12T10:02:15.213+0800][info] GC(116) Eden regions: 5->0(5)
[2024-10-12T10:02:15.213+0800][info] GC(116) Survivor regions: 1->1(1)
[2024-10-12T10:02:15.213+0800][info] GC(116) Old regions: 101->106
[2024-10-12T10:02:15.213+0800][info] GC(116) Archive regions: 2->2
[2024-10-12T10:02:15.213+0800][info] GC(116) Humongous regions: 3->3
[2024-10-12T10:02:15.213+0800][info] GC(116) Metaspace: 1640K(1856K)->1640K(1856K) NonClass: 1516K(1664K)->1516K(1664K) Class: 124K(192K)->124K(192K)
[2024-10-12T10:02:15.213+0800][info] GC(116) Pause Young (Concurrent Start) (G1 Evacuation Pause) 220M->220M(256M) 1.767ms
[2024-10-12T10:02:15.213+0800][info] GC(116) User=0.01s Sys=0.00s Real=0.00s
[2024-10-12T10:02:15.213+0800][info] GC(117) Concurrent Mark Cycle
[2024-10-12T10:02:15.213+0800][info] GC(117) Concurrent Clear Claimed Marks
[2024-10-12T10:02:15.213+0800][info] GC(117) Concurrent Clear Claimed Marks 0.015ms
[2024-10-12T10:02:15.213+0800][info] GC(117) Concurrent Scan Root Regions
[2024-10-12T10:02:15.213+0800][info] GC(117) Concurrent Scan Root Regions 0.088ms
[2024-10-12T10:02:15.213+0800][info] GC(117) Concurrent Mark
[2024-10-12T10:02:15.213+0800][info] GC(117) Concurrent Mark From Roots
[2024-10-12T10:02:15.213+0800][info] GC(117) Using 12 workers of 12 for marking
[2024-10-12T10:02:15.217+0800][info] GC(117) Concurrent Mark From Roots 3.870ms
[2024-10-12T10:02:15.217+0800][info] GC(117) Concurrent Preclean
[2024-10-12T10:02:15.219+0800][info] GC(117) Concurrent Preclean 1.680ms
[2024-10-12T10:02:15.219+0800][info] GC(117) Pause Remark
[2024-10-12T10:02:15.220+0800][info] GC(117) Pause Remark 221M->165M(256M) 1.276ms
[2024-10-12T10:02:15.220+0800][info] GC(117) User=0.00s Sys=0.00s Real=0.00s
[2024-10-12T10:02:15.220+0800][info] GC(117) Concurrent Mark 7.046ms
[2024-10-12T10:02:15.220+0800][info] GC(117) Concurrent Rebuild Remembered Sets
[2024-10-12T10:02:15.222+0800][info] GC(117) Concurrent Rebuild Remembered Sets 1.314ms
[2024-10-12T10:02:15.222+0800][info] GC(117) Pause Cleanup
[2024-10-12T10:02:15.222+0800][info] GC(117) Pause Cleanup 165M->165M(256M) 0.260ms
[2024-10-12T10:02:15.222+0800][info] GC(117) User=0.00s Sys=0.00s Real=0.00s
[2024-10-12T10:02:15.222+0800][info] GC(117) Concurrent Cleanup for Next Mark
[2024-10-12T10:02:15.222+0800][info] GC(117) Concurrent Cleanup for Next Mark 0.377ms
[2024-10-12T10:02:15.222+0800][info] GC(117) Concurrent Mark Cycle 9.370ms
[2024-10-12T10:02:15.530+0800][info] GC(118) Pause Young (Prepare Mixed) (G1 Evacuation Pause)
[2024-10-12T10:02:15.530+0800][info] GC(118) Using 6 workers of 48 for evacuation
[2024-10-12T10:02:15.532+0800][info] GC(118)   Pre Evacuate Collection Set: 0.1ms
[2024-10-12T10:02:15.532+0800][info] GC(118)   Merge Heap Roots: 0.1ms
[2024-10-12T10:02:15.532+0800][info] GC(118)   Evacuate Collection Set: 1.0ms
[2024-10-12T10:02:15.532+0800][info] GC(118)   Post Evacuate Collection Set: 0.2ms
[2024-10-12T10:02:15.532+0800][info] GC(118)   Other: 0.2ms
[2024-10-12T10:02:15.532+0800][info] GC(118) Eden regions: 5->0(5)
[2024-10-12T10:02:15.532+0800][info] GC(118) Survivor regions: 1->1(1)
[2024-10-12T10:02:15.532+0800][info] GC(118) Old regions: 78->83
[2024-10-12T10:02:15.532+0800][info] GC(118) Archive regions: 2->2
[2024-10-12T10:02:15.532+0800][info] GC(118) Humongous regions: 3->3
[2024-10-12T10:02:15.532+0800][info] GC(118) Metaspace: 1640K(1856K)->1640K(1856K) NonClass: 1516K(1664K)->1516K(1664K) Class: 124K(192K)->124K(192K)
[2024-10-12T10:02:15.532+0800][info] GC(118) Pause Young (Prepare Mixed) (G1 Evacuation Pause) 174M->174M(256M) 1.683ms
[2024-10-12T10:02:15.532+0800][info] GC(118) User=0.01s Sys=0.00s Real=0.00s
[2024-10-12T10:02:15.797+0800][info] GC(119) Pause Young (Mixed) (G1 Evacuation Pause)
[2024-10-12T10:02:15.797+0800][info] GC(119) Using 6 workers of 48 for evacuation
[2024-10-12T10:02:15.799+0800][info] GC(119)   Pre Evacuate Collection Set: 0.1ms
[2024-10-12T10:02:15.799+0800][info] GC(119)   Merge Heap Roots: 0.1ms
[2024-10-12T10:02:15.799+0800][info] GC(119)   Evacuate Collection Set: 0.9ms
[2024-10-12T10:02:15.799+0800][info] GC(119)   Post Evacuate Collection Set: 0.2ms
[2024-10-12T10:02:15.799+0800][info] GC(119)   Other: 0.2ms
[2024-10-12T10:02:15.799+0800][info] GC(119) Eden regions: 5->0(5)
[2024-10-12T10:02:15.799+0800][info] GC(119) Survivor regions: 1->1(1)
[2024-10-12T10:02:15.799+0800][info] GC(119) Old regions: 83->75
[2024-10-12T10:02:15.799+0800][info] GC(119) Archive regions: 2->2
[2024-10-12T10:02:15.799+0800][info] GC(119) Humongous regions: 3->3
[2024-10-12T10:02:15.799+0800][info] GC(119) Metaspace: 1640K(1856K)->1640K(1856K) NonClass: 1516K(1664K)->1516K(1664K) Class: 124K(192K)->124K(192K)
[2024-10-12T10:02:15.799+0800][info] GC(119) Pause Young (Mixed) (G1 Evacuation Pause) 184M->158M(256M) 1.596ms
[2024-10-12T10:02:15.799+0800][info] GC(119) User=0.00s Sys=0.00s Real=0.00s
[2024-10-12T10:02:16.065+0800][info] GC(120) Pause Young (Mixed) (G1 Evacuation Pause)
[2024-10-12T10:02:16.065+0800][info] GC(120) Using 6 workers of 48 for evacuation
[2024-10-12T10:02:16.067+0800][info] GC(120)   Pre Evacuate Collection Set: 0.2ms
[2024-10-12T10:02:16.067+0800][info] GC(120)   Merge Heap Roots: 0.1ms
[2024-10-12T10:02:16.067+0800][info] GC(120)   Evacuate Collection Set: 0.9ms
[2024-10-12T10:02:16.067+0800][info] GC(120)   Post Evacuate Collection Set: 0.2ms
[2024-10-12T10:02:16.067+0800][info] GC(120)   Other: 0.2ms
[2024-10-12T10:02:16.067+0800][info] GC(120) Eden regions: 5->0(11)
[2024-10-12T10:02:16.067+0800][info] GC(120) Survivor regions: 1->1(1)
[2024-10-12T10:02:16.067+0800][info] GC(120) Old regions: 75->75
[2024-10-12T10:02:16.067+0800][info] GC(120) Archive regions: 2->2
[2024-10-12T10:02:16.067+0800][info] GC(120) Humongous regions: 4->3
[2024-10-12T10:02:16.067+0800][info] GC(120) Metaspace: 1640K(1856K)->1640K(1856K) NonClass: 1516K(1664K)->1516K(1664K) Class: 124K(192K)->124K(192K)
[2024-10-12T10:02:16.067+0800][info] GC(120) Pause Young (Mixed) (G1 Evacuation Pause) 170M->158M(256M) 1.610ms
[2024-10-12T10:02:16.067+0800][info] GC(120) User=0.00s Sys=0.00s Real=0.00s
[2024-10-12T10:02:16.659+0800][info] GC(121) Pause Young (Normal) (G1 Evacuation Pause)
[2024-10-12T10:02:16.660+0800][info] GC(121) Using 6 workers of 48 for evacuation
[2024-10-12T10:02:16.662+0800][info] GC(121)   Pre Evacuate Collection Set: 0.1ms
[2024-10-12T10:02:16.662+0800][info] GC(121)   Merge Heap Roots: 0.1ms
[2024-10-12T10:02:16.662+0800][info] GC(121)   Evacuate Collection Set: 1.7ms
[2024-10-12T10:02:16.662+0800][info] GC(121)   Post Evacuate Collection Set: 0.2ms
[2024-10-12T10:02:16.662+0800][info] GC(121)   Other: 0.2ms
[2024-10-12T10:02:16.662+0800][info] GC(121) Eden regions: 11->0(7)
[2024-10-12T10:02:16.662+0800][info] GC(121) Survivor regions: 1->2(2)
[2024-10-12T10:02:16.662+0800][info] GC(121) Old regions: 75->84
[2024-10-12T10:02:16.662+0800][info] GC(121) Archive regions: 2->2
[2024-10-12T10:02:16.662+0800][info] GC(121) Humongous regions: 3->3
[2024-10-12T10:02:16.662+0800][info] GC(121) Metaspace: 1643K(1856K)->1643K(1856K) NonClass: 1519K(1664K)->1519K(1664K) Class: 124K(192K)->124K(192K)
[2024-10-12T10:02:16.662+0800][info] GC(121) Pause Young (Normal) (G1 Evacuation Pause) 180M->178M(256M) 2.385ms
[2024-10-12T10:02:16.662+0800][info] GC(121) User=0.01s Sys=0.00s Real=0.00s
[2024-10-12T10:02:17.051+0800][info] GC(122) Pause Young (Normal) (G1 Evacuation Pause)
[2024-10-12T10:02:17.051+0800][info] GC(122) Using 6 workers of 48 for evacuation
[2024-10-12T10:02:17.053+0800][info] GC(122)   Pre Evacuate Collection Set: 0.1ms
[2024-10-12T10:02:17.053+0800][info] GC(122)   Merge Heap Roots: 0.1ms
[2024-10-12T10:02:17.053+0800][info] GC(122)   Evacuate Collection Set: 1.3ms
[2024-10-12T10:02:17.053+0800][info] GC(122)   Post Evacuate Collection Set: 0.2ms
[2024-10-12T10:02:17.053+0800][info] GC(122)   Other: 0.3ms
[2024-10-12T10:02:17.053+0800][info] GC(122) Eden regions: 7->0(5)
[2024-10-12T10:02:17.053+0800][info] GC(122) Survivor regions: 2->2(2)
[2024-10-12T10:02:17.053+0800][info] GC(122) Old regions: 84->91
[2024-10-12T10:02:17.053+0800][info] GC(122) Archive regions: 2->2
[2024-10-12T10:02:17.053+0800][info] GC(122) Humongous regions: 3->3
[2024-10-12T10:02:17.053+0800][info] GC(122) Metaspace: 1643K(1856K)->1643K(1856K) NonClass: 1519K(1664K)->1519K(1664K) Class: 124K(192K)->124K(192K)
[2024-10-12T10:02:17.053+0800][info] GC(122) Pause Young (Normal) (G1 Evacuation Pause) 192M->192M(256M) 2.103ms
[2024-10-12T10:02:17.053+0800][info] GC(122) User=0.01s Sys=0.00s Real=0.00s
[2024-10-12T10:02:17.319+0800][info] GC(123) Pause Young (Normal) (G1 Evacuation Pause)
[2024-10-12T10:02:17.319+0800][info] GC(123) Using 6 workers of 48 for evacuation
[2024-10-12T10:02:17.321+0800][info] GC(123)   Pre Evacuate Collection Set: 0.1ms
[2024-10-12T10:02:17.321+0800][info] GC(123)   Merge Heap Roots: 0.1ms
[2024-10-12T10:02:17.321+0800][info] GC(123)   Evacuate Collection Set: 1.0ms
[2024-10-12T10:02:17.321+0800][info] GC(123)   Post Evacuate Collection Set: 0.2ms
[2024-10-12T10:02:17.321+0800][info] GC(123)   Other: 0.2ms
[2024-10-12T10:02:17.321+0800][info] GC(123) Eden regions: 5->0(5)
[2024-10-12T10:02:17.321+0800][info] GC(123) Survivor regions: 2->1(1)
[2024-10-12T10:02:17.321+0800][info] GC(123) Old regions: 91->96
[2024-10-12T10:02:17.321+0800][info] GC(123) Archive regions: 2->2
[2024-10-12T10:02:17.321+0800][info] GC(123) Humongous regions: 3->3
[2024-10-12T10:02:17.321+0800][info] GC(123) Metaspace: 1645K(1856K)->1645K(1856K) NonClass: 1520K(1664K)->1520K(1664K) Class: 124K(192K)->124K(192K)
[2024-10-12T10:02:17.321+0800][info] GC(123) Pause Young (Normal) (G1 Evacuation Pause) 202M->201M(256M) 1.785ms
[2024-10-12T10:02:17.321+0800][info] GC(123) User=0.00s Sys=0.01s Real=0.00s
[2024-10-12T10:02:17.586+0800][info] GC(124) Pause Young (Normal) (G1 Evacuation Pause)
[2024-10-12T10:02:17.586+0800][info] GC(124) Using 6 workers of 48 for evacuation
[2024-10-12T10:02:17.588+0800][info] GC(124)   Pre Evacuate Collection Set: 0.1ms
[2024-10-12T10:02:17.588+0800][info] GC(124)   Merge Heap Roots: 0.1ms
[2024-10-12T10:02:17.588+0800][info] GC(124)   Evacuate Collection Set: 0.9ms
[2024-10-12T10:02:17.588+0800][info] GC(124)   Post Evacuate Collection Set: 0.2ms
[2024-10-12T10:02:17.588+0800][info] GC(124)   Other: 0.2ms
[2024-10-12T10:02:17.588+0800][info] GC(124) Eden regions: 5->0(5)
[2024-10-12T10:02:17.588+0800][info] GC(124) Survivor regions: 1->1(1)
[2024-10-12T10:02:17.588+0800][info] GC(124) Old regions: 96->100
[2024-10-12T10:02:17.588+0800][info] GC(124) Archive regions: 2->2
[2024-10-12T10:02:17.588+0800][info] GC(124) Humongous regions: 3->3
[2024-10-12T10:02:17.588+0800][info] GC(124) Metaspace: 1645K(1856K)->1645K(1856K) NonClass: 1520K(1664K)->1520K(1664K) Class: 124K(192K)->124K(192K)
[2024-10-12T10:02:17.588+0800][info] GC(124) Pause Young (Normal) (G1 Evacuation Pause) 210M->209M(256M) 1.674ms
[2024-10-12T10:02:17.588+0800][info] GC(124) User=0.00s Sys=0.00s Real=0.00s
[2024-10-12T10:02:17.853+0800][info] GC(125) Pause Young (Concurrent Start) (G1 Evacuation Pause)
[2024-10-12T10:02:17.853+0800][info] GC(125) Using 6 workers of 48 for evacuation
[2024-10-12T10:02:17.855+0800][info] GC(125)   Pre Evacuate Collection Set: 0.1ms
[2024-10-12T10:02:17.855+0800][info] GC(125)   Merge Heap Roots: 0.1ms
[2024-10-12T10:02:17.855+0800][info] GC(125)   Evacuate Collection Set: 0.8ms
[2024-10-12T10:02:17.855+0800][info] GC(125)   Post Evacuate Collection Set: 0.2ms
[2024-10-12T10:02:17.855+0800][info] GC(125)   Other: 0.4ms
[2024-10-12T10:02:17.855+0800][info] GC(125) Eden regions: 5->0(5)
[2024-10-12T10:02:17.855+0800][info] GC(125) Survivor regions: 1->1(1)
[2024-10-12T10:02:17.855+0800][info] GC(125) Old regions: 100->105
[2024-10-12T10:02:17.855+0800][info] GC(125) Archive regions: 2->2
[2024-10-12T10:02:17.855+0800][info] GC(125) Humongous regions: 3->3
[2024-10-12T10:02:17.855+0800][info] GC(125) Metaspace: 1646K(1856K)->1646K(1856K) NonClass: 1521K(1664K)->1521K(1664K) Class: 124K(192K)->124K(192K)
[2024-10-12T10:02:17.855+0800][info] GC(125) Pause Young (Concurrent Start) (G1 Evacuation Pause) 219M->219M(256M) 1.626ms
[2024-10-12T10:02:17.855+0800][info] GC(125) User=0.00s Sys=0.00s Real=0.00s
[2024-10-12T10:02:17.855+0800][info] GC(126) Concurrent Mark Cycle
[2024-10-12T10:02:17.855+0800][info] GC(126) Concurrent Clear Claimed Marks
[2024-10-12T10:02:17.855+0800][info] GC(126) Concurrent Clear Claimed Marks 0.015ms
[2024-10-12T10:02:17.855+0800][info] GC(126) Concurrent Scan Root Regions
[2024-10-12T10:02:17.855+0800][info] GC(126) Concurrent Scan Root Regions 0.110ms
[2024-10-12T10:02:17.855+0800][info] GC(126) Concurrent Mark
[2024-10-12T10:02:17.855+0800][info] GC(126) Concurrent Mark From Roots
[2024-10-12T10:02:17.855+0800][info] GC(126) Using 12 workers of 12 for marking
[2024-10-12T10:02:17.859+0800][info] GC(126) Concurrent Mark From Roots 3.653ms
[2024-10-12T10:02:17.859+0800][info] GC(126) Concurrent Preclean
[2024-10-12T10:02:17.861+0800][info] GC(126) Concurrent Preclean 1.682ms
[2024-10-12T10:02:17.861+0800][info] GC(126) Pause Remark
[2024-10-12T10:02:17.862+0800][info] GC(126) Pause Remark 219M->151M(256M) 1.221ms
[2024-10-12T10:02:17.862+0800][info] GC(126) User=0.01s Sys=0.00s Real=0.00s
[2024-10-12T10:02:17.862+0800][info] GC(126) Concurrent Mark 6.736ms
[2024-10-12T10:02:17.862+0800][info] GC(126) Concurrent Rebuild Remembered Sets
[2024-10-12T10:02:17.863+0800][info] GC(126) Concurrent Rebuild Remembered Sets 1.169ms
[2024-10-12T10:02:17.863+0800][info] GC(126) Pause Cleanup
[2024-10-12T10:02:17.864+0800][info] GC(126) Pause Cleanup 151M->151M(256M) 0.264ms
[2024-10-12T10:02:17.864+0800][info] GC(126) User=0.00s Sys=0.00s Real=0.00s
[2024-10-12T10:02:17.864+0800][info] GC(126) Concurrent Cleanup for Next Mark
[2024-10-12T10:02:17.864+0800][info] GC(126) Concurrent Cleanup for Next Mark 0.390ms
[2024-10-12T10:02:17.864+0800][info] GC(126) Concurrent Mark Cycle 8.934ms
[2024-10-12T10:02:18.173+0800][info] GC(127) Pause Young (Prepare Mixed) (G1 Evacuation Pause)
[2024-10-12T10:02:18.173+0800][info] GC(127) Using 6 workers of 48 for evacuation
[2024-10-12T10:02:18.175+0800][info] GC(127)   Pre Evacuate Collection Set: 0.1ms
[2024-10-12T10:02:18.175+0800][info] GC(127)   Merge Heap Roots: 0.1ms
[2024-10-12T10:02:18.175+0800][info] GC(127)   Evacuate Collection Set: 0.9ms
[2024-10-12T10:02:18.175+0800][info] GC(127)   Post Evacuate Collection Set: 0.2ms
[2024-10-12T10:02:18.175+0800][info] GC(127)   Other: 0.2ms
[2024-10-12T10:02:18.175+0800][info] GC(127) Eden regions: 5->0(5)
[2024-10-12T10:02:18.175+0800][info] GC(127) Survivor regions: 1->1(1)
[2024-10-12T10:02:18.175+0800][info] GC(127) Old regions: 71->76
[2024-10-12T10:02:18.175+0800][info] GC(127) Archive regions: 2->2
[2024-10-12T10:02:18.175+0800][info] GC(127) Humongous regions: 4->3
[2024-10-12T10:02:18.175+0800][info] GC(127) Metaspace: 1651K(1856K)->1651K(1856K) NonClass: 1527K(1664K)->1527K(1664K) Class: 124K(192K)->124K(192K)
[2024-10-12T10:02:18.175+0800][info] GC(127) Pause Young (Prepare Mixed) (G1 Evacuation Pause) 162M->161M(256M) 1.599ms
[2024-10-12T10:02:18.175+0800][info] GC(127) User=0.01s Sys=0.00s Real=0.00s
[2024-10-12T10:02:18.440+0800][info] GC(128) Pause Young (Mixed) (G1 Evacuation Pause)
[2024-10-12T10:02:18.440+0800][info] GC(128) Using 6 workers of 48 for evacuation
[2024-10-12T10:02:18.442+0800][info] GC(128)   Pre Evacuate Collection Set: 0.2ms
[2024-10-12T10:02:18.442+0800][info] GC(128)   Merge Heap Roots: 0.1ms
[2024-10-12T10:02:18.442+0800][info] GC(128)   Evacuate Collection Set: 1.0ms
[2024-10-12T10:02:18.442+0800][info] GC(128)   Post Evacuate Collection Set: 0.2ms
[2024-10-12T10:02:18.442+0800][info] GC(128)   Other: 0.2ms
[2024-10-12T10:02:18.442+0800][info] GC(128) Eden regions: 5->0(13)
[2024-10-12T10:02:18.442+0800][info] GC(128) Survivor regions: 1->1(1)
[2024-10-12T10:02:18.442+0800][info] GC(128) Old regions: 76->69
[2024-10-12T10:02:18.442+0800][info] GC(128) Archive regions: 2->2
[2024-10-12T10:02:18.442+0800][info] GC(128) Humongous regions: 3->3
[2024-10-12T10:02:18.442+0800][info] GC(128) Metaspace: 1651K(1856K)->1651K(1856K) NonClass: 1527K(1664K)->1527K(1664K) Class: 124K(192K)->124K(192K)
[2024-10-12T10:02:18.442+0800][info] GC(128) Pause Young (Mixed) (G1 Evacuation Pause) 170M->147M(256M) 1.842ms
[2024-10-12T10:02:18.442+0800][info] GC(128) User=0.01s Sys=0.00s Real=0.00s
[2024-10-12T10:02:19.157+0800][info] GC(129) Pause Young (Normal) (G1 Evacuation Pause)
[2024-10-12T10:02:19.157+0800][info] GC(129) Using 6 workers of 48 for evacuation
[2024-10-12T10:02:19.160+0800][info] GC(129)   Pre Evacuate Collection Set: 0.1ms
[2024-10-12T10:02:19.160+0800][info] GC(129)   Merge Heap Roots: 0.1ms
[2024-10-12T10:02:19.160+0800][info] GC(129)   Evacuate Collection Set: 1.9ms
[2024-10-12T10:02:19.160+0800][info] GC(129)   Post Evacuate Collection Set: 0.2ms
[2024-10-12T10:02:19.160+0800][info] GC(129)   Other: 0.3ms
[2024-10-12T10:02:19.160+0800][info] GC(129) Eden regions: 13->0(8)
[2024-10-12T10:02:19.160+0800][info] GC(129) Survivor regions: 1->2(2)
[2024-10-12T10:02:19.160+0800][info] GC(129) Old regions: 69->80
[2024-10-12T10:02:19.160+0800][info] GC(129) Archive regions: 2->2
[2024-10-12T10:02:19.160+0800][info] GC(129) Humongous regions: 3->3
[2024-10-12T10:02:19.160+0800][info] GC(129) Metaspace: 1651K(1856K)->1651K(1856K) NonClass: 1527K(1664K)->1527K(1664K) Class: 124K(192K)->124K(192K)
[2024-10-12T10:02:19.160+0800][info] GC(129) Pause Young (Normal) (G1 Evacuation Pause) 173M->170M(256M) 2.579ms
[2024-10-12T10:02:19.160+0800][info] GC(129) User=0.01s Sys=0.00s Real=0.00s
[2024-10-12T10:02:19.590+0800][info] GC(130) Pause Young (Normal) (G1 Evacuation Pause)
[2024-10-12T10:02:19.590+0800][info] GC(130) Using 6 workers of 48 for evacuation
[2024-10-12T10:02:19.592+0800][info] GC(130)   Pre Evacuate Collection Set: 0.1ms
[2024-10-12T10:02:19.592+0800][info] GC(130)   Merge Heap Roots: 0.1ms
[2024-10-12T10:02:19.592+0800][info] GC(130)   Evacuate Collection Set: 1.4ms
[2024-10-12T10:02:19.592+0800][info] GC(130)   Post Evacuate Collection Set: 0.2ms
[2024-10-12T10:02:19.592+0800][info] GC(130)   Other: 0.2ms
[2024-10-12T10:02:19.592+0800][info] GC(130) Eden regions: 8->0(6)
[2024-10-12T10:02:19.592+0800][info] GC(130) Survivor regions: 2->2(2)
[2024-10-12T10:02:19.592+0800][info] GC(130) Old regions: 80->87
[2024-10-12T10:02:19.592+0800][info] GC(130) Archive regions: 2->2
[2024-10-12T10:02:19.592+0800][info] GC(130) Humongous regions: 3->3
[2024-10-12T10:02:19.592+0800][info] GC(130) Metaspace: 1651K(1856K)->1651K(1856K) NonClass: 1527K(1664K)->1527K(1664K) Class: 124K(192K)->124K(192K)
[2024-10-12T10:02:19.592+0800][info] GC(130) Pause Young (Normal) (G1 Evacuation Pause) 186M->185M(256M) 2.046ms
[2024-10-12T10:02:19.592+0800][info] GC(130) User=0.01s Sys=0.00s Real=0.00s
[2024-10-12T10:02:19.919+0800][info] GC(131) Pause Young (Normal) (G1 Evacuation Pause)
[2024-10-12T10:02:19.919+0800][info] GC(131) Using 6 workers of 48 for evacuation
[2024-10-12T10:02:19.921+0800][info] GC(131)   Pre Evacuate Collection Set: 0.1ms
[2024-10-12T10:02:19.921+0800][info] GC(131)   Merge Heap Roots: 0.1ms
[2024-10-12T10:02:19.921+0800][info] GC(131)   Evacuate Collection Set: 1.0ms
[2024-10-12T10:02:19.921+0800][info] GC(131)   Post Evacuate Collection Set: 0.2ms
[2024-10-12T10:02:19.921+0800][info] GC(131)   Other: 0.2ms
[2024-10-12T10:02:19.921+0800][info] GC(131) Eden regions: 6->0(5)
[2024-10-12T10:02:19.921+0800][info] GC(131) Survivor regions: 2->1(1)
[2024-10-12T10:02:19.921+0800][info] GC(131) Old regions: 87->94
[2024-10-12T10:02:19.921+0800][info] GC(131) Archive regions: 2->2
[2024-10-12T10:02:19.921+0800][info] GC(131) Humongous regions: 3->3
[2024-10-12T10:02:19.921+0800][info] GC(131) Metaspace: 1651K(1856K)->1651K(1856K) NonClass: 1527K(1664K)->1527K(1664K) Class: 124K(192K)->124K(192K)
[2024-10-12T10:02:19.921+0800][info] GC(131) Pause Young (Normal) (G1 Evacuation Pause) 197M->197M(256M) 1.736ms
[2024-10-12T10:02:19.921+0800][info] GC(131) User=0.01s Sys=0.01s Real=0.00s
[2024-10-12T10:02:20.187+0800][info] GC(132) Pause Young (Normal) (G1 Evacuation Pause)
[2024-10-12T10:02:20.187+0800][info] GC(132) Using 6 workers of 48 for evacuation
[2024-10-12T10:02:20.188+0800][info] GC(132)   Pre Evacuate Collection Set: 0.1ms
[2024-10-12T10:02:20.188+0800][info] GC(132)   Merge Heap Roots: 0.0ms
[2024-10-12T10:02:20.188+0800][info] GC(132)   Evacuate Collection Set: 1.0ms
[2024-10-12T10:02:20.188+0800][info] GC(132)   Post Evacuate Collection Set: 0.2ms
[2024-10-12T10:02:20.189+0800][info] GC(132)   Other: 0.2ms
[2024-10-12T10:02:20.189+0800][info] GC(132) Eden regions: 5->0(5)
[2024-10-12T10:02:20.189+0800][info] GC(132) Survivor regions: 1->1(1)
[2024-10-12T10:02:20.189+0800][info] GC(132) Old regions: 94->99
[2024-10-12T10:02:20.189+0800][info] GC(132) Archive regions: 2->2
[2024-10-12T10:02:20.189+0800][info] GC(132) Humongous regions: 4->3
[2024-10-12T10:02:20.189+0800][info] GC(132) Metaspace: 1651K(1856K)->1651K(1856K) NonClass: 1527K(1664K)->1527K(1664K) Class: 124K(192K)->124K(192K)
[2024-10-12T10:02:20.189+0800][info] GC(132) Pause Young (Normal) (G1 Evacuation Pause) 208M->207M(256M) 1.685ms
[2024-10-12T10:02:20.189+0800][info] GC(132) User=0.00s Sys=0.00s Real=0.00s
[2024-10-12T10:02:20.455+0800][info] GC(133) Pause Young (Concurrent Start) (G1 Evacuation Pause)
[2024-10-12T10:02:20.455+0800][info] GC(133) Using 6 workers of 48 for evacuation
[2024-10-12T10:02:20.456+0800][info] GC(133)   Pre Evacuate Collection Set: 0.1ms
[2024-10-12T10:02:20.456+0800][info] GC(133)   Merge Heap Roots: 0.0ms
[2024-10-12T10:02:20.456+0800][info] GC(133)   Evacuate Collection Set: 0.9ms
[2024-10-12T10:02:20.456+0800][info] GC(133)   Post Evacuate Collection Set: 0.2ms
[2024-10-12T10:02:20.456+0800][info] GC(133)   Other: 0.4ms
[2024-10-12T10:02:20.456+0800][info] GC(133) Eden regions: 5->0(5)
[2024-10-12T10:02:20.456+0800][info] GC(133) Survivor regions: 1->1(1)
[2024-10-12T10:02:20.456+0800][info] GC(133) Old regions: 99->103
[2024-10-12T10:02:20.456+0800][info] GC(133) Archive regions: 2->2
[2024-10-12T10:02:20.456+0800][info] GC(133) Humongous regions: 3->3
[2024-10-12T10:02:20.456+0800][info] GC(133) Metaspace: 1651K(1856K)->1651K(1856K) NonClass: 1527K(1664K)->1527K(1664K) Class: 124K(192K)->124K(192K)
[2024-10-12T10:02:20.456+0800][info] GC(133) Pause Young (Concurrent Start) (G1 Evacuation Pause) 216M->215M(256M) 1.721ms
[2024-10-12T10:02:20.456+0800][info] GC(133) User=0.00s Sys=0.00s Real=0.00s
[2024-10-12T10:02:20.456+0800][info] GC(134) Concurrent Mark Cycle
[2024-10-12T10:02:20.456+0800][info] GC(134) Concurrent Clear Claimed Marks
[2024-10-12T10:02:20.457+0800][info] GC(134) Concurrent Clear Claimed Marks 0.015ms
[2024-10-12T10:02:20.457+0800][info] GC(134) Concurrent Scan Root Regions
[2024-10-12T10:02:20.457+0800][info] GC(134) Concurrent Scan Root Regions 0.137ms
[2024-10-12T10:02:20.457+0800][info] GC(134) Concurrent Mark
[2024-10-12T10:02:20.457+0800][info] GC(134) Concurrent Mark From Roots
[2024-10-12T10:02:20.457+0800][info] GC(134) Using 12 workers of 12 for marking
[2024-10-12T10:02:20.462+0800][info] GC(134) Concurrent Mark From Roots 5.202ms
[2024-10-12T10:02:20.462+0800][info] GC(134) Concurrent Preclean
[2024-10-12T10:02:20.464+0800][info] GC(134) Concurrent Preclean 1.676ms
[2024-10-12T10:02:20.464+0800][info] GC(134) Pause Remark
[2024-10-12T10:02:20.465+0800][info] GC(134) Pause Remark 216M->150M(256M) 1.164ms
[2024-10-12T10:02:20.465+0800][info] GC(134) User=0.00s Sys=0.00s Real=0.00s
[2024-10-12T10:02:20.465+0800][info] GC(134) Concurrent Mark 8.285ms
[2024-10-12T10:02:20.465+0800][info] GC(134) Concurrent Rebuild Remembered Sets
[2024-10-12T10:02:20.466+0800][info] GC(134) Concurrent Rebuild Remembered Sets 1.145ms
[2024-10-12T10:02:20.466+0800][info] GC(134) Pause Cleanup
[2024-10-12T10:02:20.466+0800][info] GC(134) Pause Cleanup 150M->150M(256M) 0.223ms
[2024-10-12T10:02:20.466+0800][info] GC(134) User=0.00s Sys=0.00s Real=0.00s
[2024-10-12T10:02:20.466+0800][info] GC(134) Concurrent Cleanup for Next Mark
[2024-10-12T10:02:20.467+0800][info] GC(134) Concurrent Cleanup for Next Mark 0.410ms
[2024-10-12T10:02:20.467+0800][info] GC(134) Concurrent Mark Cycle 10.468ms
[2024-10-12T10:02:20.773+0800][info] GC(135) Pause Young (Prepare Mixed) (G1 Evacuation Pause)
[2024-10-12T10:02:20.773+0800][info] GC(135) Using 6 workers of 48 for evacuation
[2024-10-12T10:02:20.775+0800][info] GC(135)   Pre Evacuate Collection Set: 0.1ms
[2024-10-12T10:02:20.775+0800][info] GC(135)   Merge Heap Roots: 0.1ms
[2024-10-12T10:02:20.775+0800][info] GC(135)   Evacuate Collection Set: 1.0ms
[2024-10-12T10:02:20.775+0800][info] GC(135)   Post Evacuate Collection Set: 0.2ms
[2024-10-12T10:02:20.775+0800][info] GC(135)   Other: 0.2ms
[2024-10-12T10:02:20.775+0800][info] GC(135) Eden regions: 5->0(5)
[2024-10-12T10:02:20.775+0800][info] GC(135) Survivor regions: 1->1(1)
[2024-10-12T10:02:20.775+0800][info] GC(135) Old regions: 70->76
[2024-10-12T10:02:20.775+0800][info] GC(135) Archive regions: 2->2
[2024-10-12T10:02:20.775+0800][info] GC(135) Humongous regions: 3->3
[2024-10-12T10:02:20.775+0800][info] GC(135) Metaspace: 1652K(1856K)->1652K(1856K) NonClass: 1527K(1664K)->1527K(1664K) Class: 124K(192K)->124K(192K)
[2024-10-12T10:02:20.775+0800][info] GC(135) Pause Young (Prepare Mixed) (G1 Evacuation Pause) 159M->160M(256M) 1.749ms
[2024-10-12T10:02:20.775+0800][info] GC(135) User=0.01s Sys=0.00s Real=0.00s
[2024-10-12T10:02:21.041+0800][info] GC(136) Pause Young (Mixed) (G1 Evacuation Pause)
[2024-10-12T10:02:21.041+0800][info] GC(136) Using 6 workers of 48 for evacuation
[2024-10-12T10:02:21.042+0800][info] GC(136)   Pre Evacuate Collection Set: 0.2ms
[2024-10-12T10:02:21.042+0800][info] GC(136)   Merge Heap Roots: 0.1ms
[2024-10-12T10:02:21.042+0800][info] GC(136)   Evacuate Collection Set: 1.0ms
[2024-10-12T10:02:21.042+0800][info] GC(136)   Post Evacuate Collection Set: 0.2ms
[2024-10-12T10:02:21.042+0800][info] GC(136)   Other: 0.2ms
[2024-10-12T10:02:21.042+0800][info] GC(136) Eden regions: 5->0(12)
[2024-10-12T10:02:21.042+0800][info] GC(136) Survivor regions: 1->1(1)
[2024-10-12T10:02:21.042+0800][info] GC(136) Old regions: 76->70
[2024-10-12T10:02:21.042+0800][info] GC(136) Archive regions: 2->2
[2024-10-12T10:02:21.042+0800][info] GC(136) Humongous regions: 3->3
[2024-10-12T10:02:21.042+0800][info] GC(136) Metaspace: 1652K(1920K)->1652K(1920K) NonClass: 1528K(1728K)->1528K(1728K) Class: 124K(192K)->124K(192K)
[2024-10-12T10:02:21.043+0800][info] GC(136) Pause Young (Mixed) (G1 Evacuation Pause) 169M->148M(256M) 1.812ms
[2024-10-12T10:02:21.043+0800][info] GC(136) User=0.01s Sys=0.00s Real=0.00s
[2024-10-12T10:02:21.697+0800][info] GC(137) Pause Young (Normal) (G1 Evacuation Pause)
[2024-10-12T10:02:21.697+0800][info] GC(137) Using 6 workers of 48 for evacuation
[2024-10-12T10:02:21.699+0800][info] GC(137)   Pre Evacuate Collection Set: 0.1ms
[2024-10-12T10:02:21.699+0800][info] GC(137)   Merge Heap Roots: 0.1ms
[2024-10-12T10:02:21.699+0800][info] GC(137)   Evacuate Collection Set: 1.9ms
[2024-10-12T10:02:21.699+0800][info] GC(137)   Post Evacuate Collection Set: 0.2ms
[2024-10-12T10:02:21.699+0800][info] GC(137)   Other: 0.3ms
[2024-10-12T10:02:21.699+0800][info] GC(137) Eden regions: 12->0(8)
[2024-10-12T10:02:21.699+0800][info] GC(137) Survivor regions: 1->2(2)
[2024-10-12T10:02:21.699+0800][info] GC(137) Old regions: 70->80
[2024-10-12T10:02:21.699+0800][info] GC(137) Archive regions: 2->2
[2024-10-12T10:02:21.699+0800][info] GC(137) Humongous regions: 3->3
[2024-10-12T10:02:21.699+0800][info] GC(137) Metaspace: 1652K(1920K)->1652K(1920K) NonClass: 1528K(1728K)->1528K(1728K) Class: 124K(192K)->124K(192K)
[2024-10-12T10:02:21.699+0800][info] GC(137) Pause Young (Normal) (G1 Evacuation Pause) 172M->171M(256M) 2.629ms
[2024-10-12T10:02:21.699+0800][info] GC(137) User=0.01s Sys=0.00s Real=0.00s
[2024-10-12T10:02:22.141+0800][info] GC(138) Pause Young (Normal) (G1 Evacuation Pause)
[2024-10-12T10:02:22.141+0800][info] GC(138) Using 6 workers of 48 for evacuation
[2024-10-12T10:02:22.150+0800][info] GC(138)   Pre Evacuate Collection Set: 0.1ms
[2024-10-12T10:02:22.150+0800][info] GC(138)   Merge Heap Roots: 0.1ms
[2024-10-12T10:02:22.150+0800][info] GC(138)   Evacuate Collection Set: 8.7ms
[2024-10-12T10:02:22.150+0800][info] GC(138)   Post Evacuate Collection Set: 0.4ms
[2024-10-12T10:02:22.150+0800][info] GC(138)   Other: 0.5ms
[2024-10-12T10:02:22.150+0800][info] GC(138) Eden regions: 8->0(6)
[2024-10-12T10:02:22.150+0800][info] GC(138) Survivor regions: 2->2(2)
[2024-10-12T10:02:22.150+0800][info] GC(138) Old regions: 80->88
[2024-10-12T10:02:22.150+0800][info] GC(138) Archive regions: 2->2
[2024-10-12T10:02:22.150+0800][info] GC(138) Humongous regions: 4->3
[2024-10-12T10:02:22.150+0800][info] GC(138) Metaspace: 1654K(1920K)->1654K(1920K) NonClass: 1530K(1728K)->1530K(1728K) Class: 124K(192K)->124K(192K)
[2024-10-12T10:02:22.151+0800][info] GC(138) Pause Young (Normal) (G1 Evacuation Pause) 188M->187M(256M) 9.920ms
[2024-10-12T10:02:22.151+0800][info] GC(138) User=0.03s Sys=0.02s Real=0.01s
[2024-10-12T10:02:22.478+0800][info] GC(139) Pause Young (Normal) (G1 Evacuation Pause)
[2024-10-12T10:02:22.478+0800][info] GC(139) Using 6 workers of 48 for evacuation
[2024-10-12T10:02:22.483+0800][info] GC(139)   Pre Evacuate Collection Set: 0.1ms
[2024-10-12T10:02:22.483+0800][info] GC(139)   Merge Heap Roots: 0.0ms
[2024-10-12T10:02:22.483+0800][info] GC(139)   Evacuate Collection Set: 3.9ms
[2024-10-12T10:02:22.483+0800][info] GC(139)   Post Evacuate Collection Set: 0.3ms
[2024-10-12T10:02:22.483+0800][info] GC(139)   Other: 0.2ms
[2024-10-12T10:02:22.483+0800][info] GC(139) Eden regions: 6->0(5)
[2024-10-12T10:02:22.483+0800][info] GC(139) Survivor regions: 2->1(1)
[2024-10-12T10:02:22.483+0800][info] GC(139) Old regions: 88->95
[2024-10-12T10:02:22.483+0800][info] GC(139) Archive regions: 2->2
[2024-10-12T10:02:22.483+0800][info] GC(139) Humongous regions: 3->3
[2024-10-12T10:02:22.483+0800][info] GC(139) Metaspace: 1656K(1920K)->1656K(1920K) NonClass: 1532K(1728K)->1532K(1728K) Class: 124K(192K)->124K(192K)
[2024-10-12T10:02:22.483+0800][info] GC(139) Pause Young (Normal) (G1 Evacuation Pause) 199M->199M(256M) 4.676ms
[2024-10-12T10:02:22.483+0800][info] GC(139) User=0.01s Sys=0.01s Real=0.00s
[2024-10-12T10:02:22.749+0800][info] GC(140) Pause Young (Normal) (G1 Evacuation Pause)
[2024-10-12T10:02:22.749+0800][info] GC(140) Using 6 workers of 48 for evacuation
[2024-10-12T10:02:22.753+0800][info] GC(140)   Pre Evacuate Collection Set: 0.1ms
[2024-10-12T10:02:22.753+0800][info] GC(140)   Merge Heap Roots: 0.1ms
[2024-10-12T10:02:22.753+0800][info] GC(140)   Evacuate Collection Set: 3.3ms
[2024-10-12T10:02:22.753+0800][info] GC(140)   Post Evacuate Collection Set: 0.2ms
[2024-10-12T10:02:22.753+0800][info] GC(140)   Other: 0.2ms
[2024-10-12T10:02:22.753+0800][info] GC(140) Eden regions: 5->0(5)
[2024-10-12T10:02:22.753+0800][info] GC(140) Survivor regions: 1->1(1)
[2024-10-12T10:02:22.753+0800][info] GC(140) Old regions: 95->100
[2024-10-12T10:02:22.753+0800][info] GC(140) Archive regions: 2->2
[2024-10-12T10:02:22.753+0800][info] GC(140) Humongous regions: 3->3
[2024-10-12T10:02:22.753+0800][info] GC(140) Metaspace: 1681K(1920K)->1681K(1920K) NonClass: 1557K(1728K)->1557K(1728K) Class: 124K(192K)->124K(192K)
[2024-10-12T10:02:22.753+0800][info] GC(140) Pause Young (Normal) (G1 Evacuation Pause) 208M->209M(256M) 4.057ms
[2024-10-12T10:02:22.753+0800][info] GC(140) User=0.01s Sys=0.00s Real=0.00s
[2024-10-12T10:02:23.019+0800][info] GC(141) Pause Young (Concurrent Start) (G1 Evacuation Pause)
[2024-10-12T10:02:23.019+0800][info] GC(141) Using 6 workers of 48 for evacuation
[2024-10-12T10:02:23.023+0800][info] GC(141)   Pre Evacuate Collection Set: 0.1ms
[2024-10-12T10:02:23.023+0800][info] GC(141)   Merge Heap Roots: 0.1ms
[2024-10-12T10:02:23.023+0800][info] GC(141)   Evacuate Collection Set: 2.8ms
[2024-10-12T10:02:23.023+0800][info] GC(141)   Post Evacuate Collection Set: 0.2ms
[2024-10-12T10:02:23.023+0800][info] GC(141)   Other: 0.4ms
[2024-10-12T10:02:23.023+0800][info] GC(141) Eden regions: 5->0(5)
[2024-10-12T10:02:23.023+0800][info] GC(141) Survivor regions: 1->1(1)
[2024-10-12T10:02:23.023+0800][info] GC(141) Old regions: 100->105
[2024-10-12T10:02:23.023+0800][info] GC(141) Archive regions: 2->2
[2024-10-12T10:02:23.023+0800][info] GC(141) Humongous regions: 3->3
[2024-10-12T10:02:23.023+0800][info] GC(141) Metaspace: 1681K(1920K)->1681K(1920K) NonClass: 1557K(1728K)->1557K(1728K) Class: 124K(192K)->124K(192K)
[2024-10-12T10:02:23.023+0800][info] GC(141) Pause Young (Concurrent Start) (G1 Evacuation Pause) 219M->219M(256M) 3.672ms
[2024-10-12T10:02:23.023+0800][info] GC(141) User=0.00s Sys=0.01s Real=0.00s
[2024-10-12T10:02:23.023+0800][info] GC(142) Concurrent Mark Cycle
[2024-10-12T10:02:23.023+0800][info] GC(142) Concurrent Clear Claimed Marks
[2024-10-12T10:02:23.023+0800][info] GC(142) Concurrent Clear Claimed Marks 0.015ms
[2024-10-12T10:02:23.023+0800][info] GC(142) Concurrent Scan Root Regions
[2024-10-12T10:02:23.023+0800][info] GC(142) Concurrent Scan Root Regions 0.170ms
[2024-10-12T10:02:23.023+0800][info] GC(142) Concurrent Mark
[2024-10-12T10:02:23.023+0800][info] GC(142) Concurrent Mark From Roots
[2024-10-12T10:02:23.023+0800][info] GC(142) Using 12 workers of 12 for marking
[2024-10-12T10:02:23.027+0800][info] GC(142) Concurrent Mark From Roots 3.949ms
[2024-10-12T10:02:23.027+0800][info] GC(142) Concurrent Preclean
[2024-10-12T10:02:23.029+0800][info] GC(142) Concurrent Preclean 1.683ms
[2024-10-12T10:02:23.029+0800][info] GC(142) Pause Remark
[2024-10-12T10:02:23.030+0800][info] GC(142) Pause Remark 220M->154M(256M) 1.374ms
[2024-10-12T10:02:23.030+0800][info] GC(142) User=0.01s Sys=0.00s Real=0.00s
[2024-10-12T10:02:23.030+0800][info] GC(142) Concurrent Mark 7.268ms
[2024-10-12T10:02:23.030+0800][info] GC(142) Concurrent Rebuild Remembered Sets
[2024-10-12T10:02:23.032+0800][info] GC(142) Concurrent Rebuild Remembered Sets 1.159ms
[2024-10-12T10:02:23.032+0800][info] GC(142) Pause Cleanup
[2024-10-12T10:02:23.032+0800][info] GC(142) Pause Cleanup 154M->154M(256M) 0.295ms
[2024-10-12T10:02:23.032+0800][info] GC(142) User=0.00s Sys=0.00s Real=0.00s
[2024-10-12T10:02:23.032+0800][info] GC(142) Concurrent Cleanup for Next Mark
[2024-10-12T10:02:23.032+0800][info] GC(142) Concurrent Cleanup for Next Mark 0.408ms
[2024-10-12T10:02:23.032+0800][info] GC(142) Concurrent Mark Cycle 9.638ms
[2024-10-12T10:02:23.340+0800][info] GC(143) Pause Young (Prepare Mixed) (G1 Evacuation Pause)
[2024-10-12T10:02:23.340+0800][info] GC(143) Using 6 workers of 48 for evacuation
[2024-10-12T10:02:23.343+0800][info] GC(143)   Pre Evacuate Collection Set: 0.1ms
[2024-10-12T10:02:23.343+0800][info] GC(143)   Merge Heap Roots: 0.1ms
[2024-10-12T10:02:23.343+0800][info] GC(143)   Evacuate Collection Set: 3.1ms
[2024-10-12T10:02:23.343+0800][info] GC(143)   Post Evacuate Collection Set: 0.2ms
[2024-10-12T10:02:23.343+0800][info] GC(143)   Other: 0.2ms
[2024-10-12T10:02:23.343+0800][info] GC(143) Eden regions: 5->0(5)
[2024-10-12T10:02:23.343+0800][info] GC(143) Survivor regions: 1->1(1)
[2024-10-12T10:02:23.343+0800][info] GC(143) Old regions: 72->77
[2024-10-12T10:02:23.344+0800][info] GC(143) Archive regions: 2->2
[2024-10-12T10:02:23.344+0800][info] GC(143) Humongous regions: 3->3
[2024-10-12T10:02:23.344+0800][info] GC(143) Metaspace: 1681K(1920K)->1681K(1920K) NonClass: 1557K(1728K)->1557K(1728K) Class: 124K(192K)->124K(192K)
[2024-10-12T10:02:23.344+0800][info] GC(143) Pause Young (Prepare Mixed) (G1 Evacuation Pause) 163M->163M(256M) 3.821ms
[2024-10-12T10:02:23.344+0800][info] GC(143) User=0.00s Sys=0.01s Real=0.00s
[2024-10-12T10:02:23.609+0800][info] GC(144) Pause Young (Mixed) (G1 Evacuation Pause)
[2024-10-12T10:02:23.609+0800][info] GC(144) Using 6 workers of 48 for evacuation
[2024-10-12T10:02:23.612+0800][info] GC(144)   Pre Evacuate Collection Set: 0.1ms
[2024-10-12T10:02:23.612+0800][info] GC(144)   Merge Heap Roots: 0.1ms
[2024-10-12T10:02:23.612+0800][info] GC(144)   Evacuate Collection Set: 2.7ms
[2024-10-12T10:02:23.612+0800][info] GC(144)   Post Evacuate Collection Set: 0.2ms
[2024-10-12T10:02:23.612+0800][info] GC(144)   Other: 0.2ms
[2024-10-12T10:02:23.612+0800][info] GC(144) Eden regions: 5->0(12)
[2024-10-12T10:02:23.612+0800][info] GC(144) Survivor regions: 1->1(1)
[2024-10-12T10:02:23.612+0800][info] GC(144) Old regions: 77->69
[2024-10-12T10:02:23.612+0800][info] GC(144) Archive regions: 2->2
[2024-10-12T10:02:23.612+0800][info] GC(144) Humongous regions: 3->3
[2024-10-12T10:02:23.612+0800][info] GC(144) Metaspace: 1681K(1920K)->1681K(1920K) NonClass: 1557K(1728K)->1557K(1728K) Class: 124K(192K)->124K(192K)
[2024-10-12T10:02:23.612+0800][info] GC(144) Pause Young (Mixed) (G1 Evacuation Pause) 172M->146M(256M) 3.503ms
[2024-10-12T10:02:23.612+0800][info] GC(144) User=0.01s Sys=0.00s Real=0.00s
[2024-10-12T10:02:24.276+0800][info] GC(145) Pause Young (Normal) (G1 Evacuation Pause)
[2024-10-12T10:02:24.276+0800][info] GC(145) Using 6 workers of 48 for evacuation
[2024-10-12T10:02:24.283+0800][info] GC(145)   Pre Evacuate Collection Set: 0.1ms
[2024-10-12T10:02:24.283+0800][info] GC(145)   Merge Heap Roots: 0.0ms
[2024-10-12T10:02:24.283+0800][info] GC(145)   Evacuate Collection Set: 6.6ms
[2024-10-12T10:02:24.283+0800][info] GC(145)   Post Evacuate Collection Set: 0.3ms
[2024-10-12T10:02:24.283+0800][info] GC(145)   Other: 0.2ms
[2024-10-12T10:02:24.283+0800][info] GC(145) Eden regions: 12->0(8)
[2024-10-12T10:02:24.283+0800][info] GC(145) Survivor regions: 1->2(2)
[2024-10-12T10:02:24.283+0800][info] GC(145) Old regions: 69->80
[2024-10-12T10:02:24.283+0800][info] GC(145) Archive regions: 2->2
[2024-10-12T10:02:24.283+0800][info] GC(145) Humongous regions: 4->3
[2024-10-12T10:02:24.283+0800][info] GC(145) Metaspace: 1681K(1920K)->1681K(1920K) NonClass: 1557K(1728K)->1557K(1728K) Class: 124K(192K)->124K(192K)
[2024-10-12T10:02:24.283+0800][info] GC(145) Pause Young (Normal) (G1 Evacuation Pause) 172M->170M(256M) 7.325ms
[2024-10-12T10:02:24.283+0800][info] GC(145) User=0.00s Sys=0.03s Real=0.00s
[2024-10-12T10:02:24.713+0800][info] GC(146) Pause Young (Normal) (G1 Evacuation Pause)
[2024-10-12T10:02:24.713+0800][info] GC(146) Using 6 workers of 48 for evacuation
[2024-10-12T10:02:24.718+0800][info] GC(146)   Pre Evacuate Collection Set: 0.1ms
[2024-10-12T10:02:24.718+0800][info] GC(146)   Merge Heap Roots: 0.1ms
[2024-10-12T10:02:24.718+0800][info] GC(146)   Evacuate Collection Set: 4.4ms
[2024-10-12T10:02:24.718+0800][info] GC(146)   Post Evacuate Collection Set: 0.2ms
[2024-10-12T10:02:24.718+0800][info] GC(146)   Other: 0.3ms
[2024-10-12T10:02:24.718+0800][info] GC(146) Eden regions: 8->0(6)
[2024-10-12T10:02:24.718+0800][info] GC(146) Survivor regions: 2->2(2)
[2024-10-12T10:02:24.718+0800][info] GC(146) Old regions: 80->86
[2024-10-12T10:02:24.718+0800][info] GC(146) Archive regions: 2->2
[2024-10-12T10:02:24.718+0800][info] GC(146) Humongous regions: 3->3
[2024-10-12T10:02:24.718+0800][info] GC(146) Metaspace: 1681K(1920K)->1681K(1920K) NonClass: 1557K(1728K)->1557K(1728K) Class: 124K(192K)->124K(192K)
[2024-10-12T10:02:24.718+0800][info] GC(146) Pause Young (Normal) (G1 Evacuation Pause) 186M->183M(256M) 5.260ms
[2024-10-12T10:02:24.718+0800][info] GC(146) User=0.01s Sys=0.02s Real=0.00s
[2024-10-12T10:02:25.045+0800][info] GC(147) Pause Young (Normal) (G1 Evacuation Pause)
[2024-10-12T10:02:25.045+0800][info] GC(147) Using 6 workers of 48 for evacuation
[2024-10-12T10:02:25.052+0800][info] GC(147)   Pre Evacuate Collection Set: 0.1ms
[2024-10-12T10:02:25.052+0800][info] GC(147)   Merge Heap Roots: 0.1ms
[2024-10-12T10:02:25.052+0800][info] GC(147)   Evacuate Collection Set: 5.5ms
[2024-10-12T10:02:25.052+0800][info] GC(147)   Post Evacuate Collection Set: 0.2ms
[2024-10-12T10:02:25.052+0800][info] GC(147)   Other: 0.2ms
[2024-10-12T10:02:25.052+0800][info] GC(147) Eden regions: 6->0(5)
[2024-10-12T10:02:25.052+0800][info] GC(147) Survivor regions: 2->1(1)
[2024-10-12T10:02:25.052+0800][info] GC(147) Old regions: 86->93
[2024-10-12T10:02:25.052+0800][info] GC(147) Archive regions: 2->2
[2024-10-12T10:02:25.052+0800][info] GC(147) Humongous regions: 3->3
[2024-10-12T10:02:25.052+0800][info] GC(147) Metaspace: 1681K(1920K)->1681K(1920K) NonClass: 1557K(1728K)->1557K(1728K) Class: 124K(192K)->124K(192K)
[2024-10-12T10:02:25.052+0800][info] GC(147) Pause Young (Normal) (G1 Evacuation Pause) 195M->195M(256M) 6.247ms
[2024-10-12T10:02:25.052+0800][info] GC(147) User=0.01s Sys=0.02s Real=0.00s
[2024-10-12T10:02:25.318+0800][info] GC(148) Pause Young (Normal) (G1 Evacuation Pause)
[2024-10-12T10:02:25.318+0800][info] GC(148) Using 6 workers of 48 for evacuation
[2024-10-12T10:02:25.321+0800][info] GC(148)   Pre Evacuate Collection Set: 0.1ms
[2024-10-12T10:02:25.321+0800][info] GC(148)   Merge Heap Roots: 0.1ms
[2024-10-12T10:02:25.321+0800][info] GC(148)   Evacuate Collection Set: 2.8ms
[2024-10-12T10:02:25.321+0800][info] GC(148)   Post Evacuate Collection Set: 0.2ms
[2024-10-12T10:02:25.321+0800][info] GC(148)   Other: 0.2ms
[2024-10-12T10:02:25.321+0800][info] GC(148) Eden regions: 5->0(5)
[2024-10-12T10:02:25.321+0800][info] GC(148) Survivor regions: 1->1(1)
[2024-10-12T10:02:25.321+0800][info] GC(148) Old regions: 93->98
[2024-10-12T10:02:25.321+0800][info] GC(148) Archive regions: 2->2
[2024-10-12T10:02:25.321+0800][info] GC(148) Humongous regions: 3->3
[2024-10-12T10:02:25.321+0800][info] GC(148) Metaspace: 1681K(1920K)->1681K(1920K) NonClass: 1557K(1728K)->1557K(1728K) Class: 124K(192K)->124K(192K)
[2024-10-12T10:02:25.322+0800][info] GC(148) Pause Young (Normal) (G1 Evacuation Pause) 205M->204M(256M) 3.586ms
[2024-10-12T10:02:25.322+0800][info] GC(148) User=0.01s Sys=0.00s Real=0.00s
[2024-10-12T10:02:25.587+0800][info] GC(149) Pause Young (Concurrent Start) (G1 Evacuation Pause)
[2024-10-12T10:02:25.587+0800][info] GC(149) Using 6 workers of 48 for evacuation
[2024-10-12T10:02:25.591+0800][info] GC(149)   Pre Evacuate Collection Set: 0.1ms
[2024-10-12T10:02:25.591+0800][info] GC(149)   Merge Heap Roots: 0.1ms
[2024-10-12T10:02:25.591+0800][info] GC(149)   Evacuate Collection Set: 3.5ms
[2024-10-12T10:02:25.591+0800][info] GC(149)   Post Evacuate Collection Set: 0.2ms
[2024-10-12T10:02:25.591+0800][info] GC(149)   Other: 0.4ms
[2024-10-12T10:02:25.591+0800][info] GC(149) Eden regions: 5->0(5)
[2024-10-12T10:02:25.591+0800][info] GC(149) Survivor regions: 1->1(1)
[2024-10-12T10:02:25.591+0800][info] GC(149) Old regions: 98->102
[2024-10-12T10:02:25.591+0800][info] GC(149) Archive regions: 2->2
[2024-10-12T10:02:25.591+0800][info] GC(149) Humongous regions: 3->3
[2024-10-12T10:02:25.591+0800][info] GC(149) Metaspace: 1681K(1920K)->1681K(1920K) NonClass: 1557K(1728K)->1557K(1728K) Class: 124K(192K)->124K(192K)
[2024-10-12T10:02:25.591+0800][info] GC(149) Pause Young (Concurrent Start) (G1 Evacuation Pause) 213M->213M(256M) 4.408ms
[2024-10-12T10:02:25.591+0800][info] GC(149) User=0.00s Sys=0.02s Real=0.00s
[2024-10-12T10:02:25.591+0800][info] GC(150) Concurrent Mark Cycle
[2024-10-12T10:02:25.591+0800][info] GC(150) Concurrent Clear Claimed Marks
[2024-10-12T10:02:25.592+0800][info] GC(150) Concurrent Clear Claimed Marks 0.038ms
[2024-10-12T10:02:25.592+0800][info] GC(150) Concurrent Scan Root Regions
[2024-10-12T10:02:25.592+0800][info] GC(150) Concurrent Scan Root Regions 0.105ms
[2024-10-12T10:02:25.592+0800][info] GC(150) Concurrent Mark
[2024-10-12T10:02:25.592+0800][info] GC(150) Concurrent Mark From Roots
[2024-10-12T10:02:25.592+0800][info] GC(150) Using 12 workers of 12 for marking
[2024-10-12T10:02:25.596+0800][info] GC(150) Concurrent Mark From Roots 3.871ms
[2024-10-12T10:02:25.596+0800][info] GC(150) Concurrent Preclean
[2024-10-12T10:02:25.597+0800][info] GC(150) Concurrent Preclean 1.704ms
[2024-10-12T10:02:25.597+0800][info] GC(150) Pause Remark
[2024-10-12T10:02:25.599+0800][info] GC(150) Pause Remark 214M->156M(256M) 1.353ms
[2024-10-12T10:02:25.599+0800][info] GC(150) User=0.00s Sys=0.00s Real=0.00s
[2024-10-12T10:02:25.599+0800][info] GC(150) Concurrent Mark 7.193ms
[2024-10-12T10:02:25.599+0800][info] GC(150) Concurrent Rebuild Remembered Sets
[2024-10-12T10:02:25.600+0800][info] GC(150) Concurrent Rebuild Remembered Sets 1.102ms
[2024-10-12T10:02:25.600+0800][info] GC(150) Pause Cleanup
[2024-10-12T10:02:25.600+0800][info] GC(150) Pause Cleanup 156M->156M(256M) 0.235ms
[2024-10-12T10:02:25.600+0800][info] GC(150) User=0.00s Sys=0.00s Real=0.00s
[2024-10-12T10:02:25.600+0800][info] GC(150) Concurrent Cleanup for Next Mark
[2024-10-12T10:02:25.601+0800][info] GC(150) Concurrent Cleanup for Next Mark 0.388ms
[2024-10-12T10:02:25.601+0800][info] GC(150) Concurrent Mark Cycle 9.315ms
[2024-10-12T10:02:25.908+0800][info] GC(151) Pause Young (Prepare Mixed) (G1 Evacuation Pause)
[2024-10-12T10:02:25.908+0800][info] GC(151) Using 6 workers of 48 for evacuation
[2024-10-12T10:02:25.912+0800][info] GC(151)   Pre Evacuate Collection Set: 0.1ms
[2024-10-12T10:02:25.912+0800][info] GC(151)   Merge Heap Roots: 0.1ms
[2024-10-12T10:02:25.912+0800][info] GC(151)   Evacuate Collection Set: 2.6ms
[2024-10-12T10:02:25.912+0800][info] GC(151)   Post Evacuate Collection Set: 0.3ms
[2024-10-12T10:02:25.912+0800][info] GC(151)   Other: 0.2ms
[2024-10-12T10:02:25.912+0800][info] GC(151) Eden regions: 5->0(5)
[2024-10-12T10:02:25.912+0800][info] GC(151) Survivor regions: 1->1(1)
[2024-10-12T10:02:25.912+0800][info] GC(151) Old regions: 73->77
[2024-10-12T10:02:25.912+0800][info] GC(151) Archive regions: 2->2
[2024-10-12T10:02:25.912+0800][info] GC(151) Humongous regions: 3->3
[2024-10-12T10:02:25.912+0800][info] GC(151) Metaspace: 1681K(1920K)->1681K(1920K) NonClass: 1557K(1728K)->1557K(1728K) Class: 124K(192K)->124K(192K)
[2024-10-12T10:02:25.912+0800][info] GC(151) Pause Young (Prepare Mixed) (G1 Evacuation Pause) 165M->163M(256M) 3.434ms
[2024-10-12T10:02:25.912+0800][info] GC(151) User=0.01s Sys=0.01s Real=0.00s
[2024-10-12T10:02:26.177+0800][info] GC(152) Pause Young (Mixed) (G1 Evacuation Pause)
[2024-10-12T10:02:26.177+0800][info] GC(152) Using 6 workers of 48 for evacuation
[2024-10-12T10:02:26.181+0800][info] GC(152)   Pre Evacuate Collection Set: 0.2ms
[2024-10-12T10:02:26.181+0800][info] GC(152)   Merge Heap Roots: 0.1ms
[2024-10-12T10:02:26.181+0800][info] GC(152)   Evacuate Collection Set: 3.5ms
[2024-10-12T10:02:26.181+0800][info] GC(152)   Post Evacuate Collection Set: 0.3ms
[2024-10-12T10:02:26.181+0800][info] GC(152)   Other: 0.2ms
[2024-10-12T10:02:26.181+0800][info] GC(152) Eden regions: 5->0(5)
[2024-10-12T10:02:26.181+0800][info] GC(152) Survivor regions: 1->1(1)
[2024-10-12T10:02:26.181+0800][info] GC(152) Old regions: 77->69
[2024-10-12T10:02:26.181+0800][info] GC(152) Archive regions: 2->2
[2024-10-12T10:02:26.181+0800][info] GC(152) Humongous regions: 3->3
[2024-10-12T10:02:26.181+0800][info] GC(152) Metaspace: 1681K(1920K)->1681K(1920K) NonClass: 1557K(1728K)->1557K(1728K) Class: 124K(192K)->124K(192K)
[2024-10-12T10:02:26.181+0800][info] GC(152) Pause Young (Mixed) (G1 Evacuation Pause) 173M->147M(256M) 4.299ms
[2024-10-12T10:02:26.182+0800][info] GC(152) User=0.01s Sys=0.00s Real=0.00s
[2024-10-12T10:02:26.450+0800][info] GC(153) Pause Young (Mixed) (G1 Evacuation Pause)
[2024-10-12T10:02:26.450+0800][info] GC(153) Using 6 workers of 48 for evacuation
[2024-10-12T10:02:26.454+0800][info] GC(153)   Pre Evacuate Collection Set: 0.2ms
[2024-10-12T10:02:26.454+0800][info] GC(153)   Merge Heap Roots: 0.1ms
[2024-10-12T10:02:26.454+0800][info] GC(153)   Evacuate Collection Set: 3.7ms
[2024-10-12T10:02:26.454+0800][info] GC(153)   Post Evacuate Collection Set: 0.2ms
[2024-10-12T10:02:26.454+0800][info] GC(153)   Other: 0.2ms
[2024-10-12T10:02:26.454+0800][info] GC(153) Eden regions: 5->0(12)
[2024-10-12T10:02:26.454+0800][info] GC(153) Survivor regions: 1->1(1)
[2024-10-12T10:02:26.454+0800][info] GC(153) Old regions: 69->73
[2024-10-12T10:02:26.454+0800][info] GC(153) Archive regions: 2->2
[2024-10-12T10:02:26.454+0800][info] GC(153) Humongous regions: 4->3
[2024-10-12T10:02:26.454+0800][info] GC(153) Metaspace: 1681K(1920K)->1681K(1920K) NonClass: 1557K(1728K)->1557K(1728K) Class: 124K(192K)->124K(192K)
[2024-10-12T10:02:26.454+0800][info] GC(153) Pause Young (Mixed) (G1 Evacuation Pause) 158M->155M(256M) 4.524ms
[2024-10-12T10:02:26.454+0800][info] GC(153) User=0.00s Sys=0.01s Real=0.01s
[2024-10-12T10:02:27.108+0800][info] GC(154) Pause Young (Normal) (G1 Evacuation Pause)
[2024-10-12T10:02:27.109+0800][info] GC(154) Using 6 workers of 48 for evacuation
[2024-10-12T10:02:27.114+0800][info] GC(154)   Pre Evacuate Collection Set: 0.1ms
[2024-10-12T10:02:27.114+0800][info] GC(154)   Merge Heap Roots: 0.1ms
[2024-10-12T10:02:27.114+0800][info] GC(154)   Evacuate Collection Set: 4.6ms
[2024-10-12T10:02:27.114+0800][info] GC(154)   Post Evacuate Collection Set: 0.3ms
[2024-10-12T10:02:27.114+0800][info] GC(154)   Other: 0.3ms
[2024-10-12T10:02:27.114+0800][info] GC(154) Eden regions: 12->0(7)
[2024-10-12T10:02:27.114+0800][info] GC(154) Survivor regions: 1->2(2)
[2024-10-12T10:02:27.114+0800][info] GC(154) Old regions: 73->84
[2024-10-12T10:02:27.114+0800][info] GC(154) Archive regions: 2->2
[2024-10-12T10:02:27.114+0800][info] GC(154) Humongous regions: 3->3
[2024-10-12T10:02:27.114+0800][info] GC(154) Metaspace: 1681K(1920K)->1681K(1920K) NonClass: 1557K(1728K)->1557K(1728K) Class: 124K(192K)->124K(192K)
[2024-10-12T10:02:27.114+0800][info] GC(154) Pause Young (Normal) (G1 Evacuation Pause) 179M->179M(256M) 5.399ms
[2024-10-12T10:02:27.114+0800][info] GC(154) User=0.03s Sys=0.01s Real=0.01s
[2024-10-12T10:02:27.503+0800][info] GC(155) Pause Young (Normal) (G1 Evacuation Pause)
[2024-10-12T10:02:27.503+0800][info] GC(155) Using 6 workers of 48 for evacuation
[2024-10-12T10:02:27.507+0800][info] GC(155)   Pre Evacuate Collection Set: 0.1ms
[2024-10-12T10:02:27.507+0800][info] GC(155)   Merge Heap Roots: 0.1ms
[2024-10-12T10:02:27.507+0800][info] GC(155)   Evacuate Collection Set: 3.1ms
[2024-10-12T10:02:27.507+0800][info] GC(155)   Post Evacuate Collection Set: 0.3ms
[2024-10-12T10:02:27.507+0800][info] GC(155)   Other: 0.4ms
[2024-10-12T10:02:27.507+0800][info] GC(155) Eden regions: 7->0(5)
[2024-10-12T10:02:27.507+0800][info] GC(155) Survivor regions: 2->2(2)
[2024-10-12T10:02:27.507+0800][info] GC(155) Old regions: 84->91
[2024-10-12T10:02:27.507+0800][info] GC(155) Archive regions: 2->2
[2024-10-12T10:02:27.507+0800][info] GC(155) Humongous regions: 3->3
[2024-10-12T10:02:27.507+0800][info] GC(155) Metaspace: 1681K(1920K)->1681K(1920K) NonClass: 1557K(1728K)->1557K(1728K) Class: 124K(192K)->124K(192K)
[2024-10-12T10:02:27.507+0800][info] GC(155) Pause Young (Normal) (G1 Evacuation Pause) 193M->192M(256M) 4.070ms
[2024-10-12T10:02:27.507+0800][info] GC(155) User=0.01s Sys=0.00s Real=0.01s
[2024-10-12T10:02:27.773+0800][info] GC(156) Pause Young (Normal) (G1 Evacuation Pause)
[2024-10-12T10:02:27.773+0800][info] GC(156) Using 6 workers of 48 for evacuation
[2024-10-12T10:02:27.775+0800][info] GC(156)   Pre Evacuate Collection Set: 0.1ms
[2024-10-12T10:02:27.775+0800][info] GC(156)   Merge Heap Roots: 0.1ms
[2024-10-12T10:02:27.775+0800][info] GC(156)   Evacuate Collection Set: 1.5ms
[2024-10-12T10:02:27.775+0800][info] GC(156)   Post Evacuate Collection Set: 0.2ms
[2024-10-12T10:02:27.775+0800][info] GC(156)   Other: 0.2ms
[2024-10-12T10:02:27.775+0800][info] GC(156) Eden regions: 5->0(5)
[2024-10-12T10:02:27.775+0800][info] GC(156) Survivor regions: 2->1(1)
[2024-10-12T10:02:27.775+0800][info] GC(156) Old regions: 91->97
[2024-10-12T10:02:27.775+0800][info] GC(156) Archive regions: 2->2
[2024-10-12T10:02:27.775+0800][info] GC(156) Humongous regions: 3->3
[2024-10-12T10:02:27.775+0800][info] GC(156) Metaspace: 1681K(1920K)->1681K(1920K) NonClass: 1557K(1728K)->1557K(1728K) Class: 124K(192K)->124K(192K)
[2024-10-12T10:02:27.775+0800][info] GC(156) Pause Young (Normal) (G1 Evacuation Pause) 202M->202M(256M) 2.240ms
[2024-10-12T10:02:27.775+0800][info] GC(156) User=0.01s Sys=0.00s Real=0.01s
[2024-10-12T10:02:28.040+0800][info] GC(157) Pause Young (Concurrent Start) (G1 Evacuation Pause)
[2024-10-12T10:02:28.040+0800][info] GC(157) Using 6 workers of 48 for evacuation
[2024-10-12T10:02:28.045+0800][info] GC(157)   Pre Evacuate Collection Set: 0.1ms
[2024-10-12T10:02:28.045+0800][info] GC(157)   Merge Heap Roots: 0.1ms
[2024-10-12T10:02:28.045+0800][info] GC(157)   Evacuate Collection Set: 3.5ms
[2024-10-12T10:02:28.045+0800][info] GC(157)   Post Evacuate Collection Set: 0.2ms
[2024-10-12T10:02:28.045+0800][info] GC(157)   Other: 0.4ms
[2024-10-12T10:02:28.045+0800][info] GC(157) Eden regions: 5->0(5)
[2024-10-12T10:02:28.045+0800][info] GC(157) Survivor regions: 1->1(1)
[2024-10-12T10:02:28.045+0800][info] GC(157) Old regions: 97->102
[2024-10-12T10:02:28.045+0800][info] GC(157) Archive regions: 2->2
[2024-10-12T10:02:28.045+0800][info] GC(157) Humongous regions: 3->3
[2024-10-12T10:02:28.045+0800][info] GC(157) Metaspace: 1681K(1920K)->1681K(1920K) NonClass: 1557K(1728K)->1557K(1728K) Class: 124K(192K)->124K(192K)
[2024-10-12T10:02:28.045+0800][info] GC(157) Pause Young (Concurrent Start) (G1 Evacuation Pause) 212M->212M(256M) 4.398ms
[2024-10-12T10:02:28.045+0800][info] GC(157) User=0.01s Sys=0.01s Real=0.00s
[2024-10-12T10:02:28.045+0800][info] GC(158) Concurrent Mark Cycle
[2024-10-12T10:02:28.045+0800][info] GC(158) Concurrent Clear Claimed Marks
[2024-10-12T10:02:28.045+0800][info] GC(158) Concurrent Clear Claimed Marks 0.015ms
[2024-10-12T10:02:28.045+0800][info] GC(158) Concurrent Scan Root Regions
[2024-10-12T10:02:28.045+0800][info] GC(158) Concurrent Scan Root Regions 0.098ms
[2024-10-12T10:02:28.045+0800][info] GC(158) Concurrent Mark
[2024-10-12T10:02:28.045+0800][info] GC(158) Concurrent Mark From Roots
[2024-10-12T10:02:28.045+0800][info] GC(158) Using 12 workers of 12 for marking
[2024-10-12T10:02:28.049+0800][info] GC(158) Concurrent Mark From Roots 3.936ms
[2024-10-12T10:02:28.049+0800][info] GC(158) Concurrent Preclean
[2024-10-12T10:02:28.051+0800][info] GC(158) Concurrent Preclean 1.702ms
[2024-10-12T10:02:28.051+0800][info] GC(158) Pause Remark
[2024-10-12T10:02:28.052+0800][info] GC(158) Pause Remark 212M->144M(256M) 1.367ms
[2024-10-12T10:02:28.052+0800][info] GC(158) User=0.00s Sys=0.00s Real=0.00s
[2024-10-12T10:02:28.052+0800][info] GC(158) Concurrent Mark 7.208ms
[2024-10-12T10:02:28.052+0800][info] GC(158) Concurrent Rebuild Remembered Sets
[2024-10-12T10:02:28.053+0800][info] GC(158) Concurrent Rebuild Remembered Sets 1.080ms
[2024-10-12T10:02:28.053+0800][info] GC(158) Pause Cleanup
[2024-10-12T10:02:28.054+0800][info] GC(158) Pause Cleanup 144M->144M(256M) 0.251ms
[2024-10-12T10:02:28.054+0800][info] GC(158) User=0.00s Sys=0.00s Real=0.00s
[2024-10-12T10:02:28.054+0800][info] GC(158) Concurrent Cleanup for Next Mark
[2024-10-12T10:02:28.054+0800][info] GC(158) Concurrent Cleanup for Next Mark 0.463ms
[2024-10-12T10:02:28.054+0800][info] GC(158) Concurrent Mark Cycle 9.330ms
[2024-10-12T10:02:28.362+0800][info] GC(159) Pause Young (Prepare Mixed) (G1 Evacuation Pause)
[2024-10-12T10:02:28.362+0800][info] GC(159) Using 6 workers of 48 for evacuation
[2024-10-12T10:02:28.365+0800][info] GC(159)   Pre Evacuate Collection Set: 0.1ms
[2024-10-12T10:02:28.365+0800][info] GC(159)   Merge Heap Roots: 0.1ms
[2024-10-12T10:02:28.365+0800][info] GC(159)   Evacuate Collection Set: 2.1ms
[2024-10-12T10:02:28.365+0800][info] GC(159)   Post Evacuate Collection Set: 0.2ms
[2024-10-12T10:02:28.365+0800][info] GC(159)   Other: 0.2ms
[2024-10-12T10:02:28.365+0800][info] GC(159) Eden regions: 5->0(5)
[2024-10-12T10:02:28.365+0800][info] GC(159) Survivor regions: 1->1(1)
[2024-10-12T10:02:28.365+0800][info] GC(159) Old regions: 68->72
[2024-10-12T10:02:28.365+0800][info] GC(159) Archive regions: 2->2
[2024-10-12T10:02:28.365+0800][info] GC(159) Humongous regions: 3->3
[2024-10-12T10:02:28.365+0800][info] GC(159) Metaspace: 1681K(1920K)->1681K(1920K) NonClass: 1557K(1728K)->1557K(1728K) Class: 124K(192K)->124K(192K)
[2024-10-12T10:02:28.365+0800][info] GC(159) Pause Young (Prepare Mixed) (G1 Evacuation Pause) 153M->153M(256M) 2.892ms
[2024-10-12T10:02:28.365+0800][info] GC(159) User=0.01s Sys=0.01s Real=0.00s
[2024-10-12T10:02:28.633+0800][info] GC(160) Pause Young (Mixed) (G1 Evacuation Pause)
[2024-10-12T10:02:28.633+0800][info] GC(160) Using 6 workers of 48 for evacuation
[2024-10-12T10:02:28.636+0800][info] GC(160)   Pre Evacuate Collection Set: 0.2ms
[2024-10-12T10:02:28.636+0800][info] GC(160)   Merge Heap Roots: 0.1ms
[2024-10-12T10:02:28.636+0800][info] GC(160)   Evacuate Collection Set: 2.4ms
[2024-10-12T10:02:28.636+0800][info] GC(160)   Post Evacuate Collection Set: 0.3ms
[2024-10-12T10:02:28.636+0800][info] GC(160)   Other: 0.2ms
[2024-10-12T10:02:28.636+0800][info] GC(160) Eden regions: 5->0(12)
[2024-10-12T10:02:28.636+0800][info] GC(160) Survivor regions: 1->1(1)
[2024-10-12T10:02:28.636+0800][info] GC(160) Old regions: 72->69
[2024-10-12T10:02:28.636+0800][info] GC(160) Archive regions: 2->2
[2024-10-12T10:02:28.636+0800][info] GC(160) Humongous regions: 4->3
[2024-10-12T10:02:28.636+0800][info] GC(160) Metaspace: 1681K(1920K)->1681K(1920K) NonClass: 1557K(1728K)->1557K(1728K) Class: 124K(192K)->124K(192K)
[2024-10-12T10:02:28.636+0800][info] GC(160) Pause Young (Mixed) (G1 Evacuation Pause) 165M->147M(256M) 3.274ms
[2024-10-12T10:02:28.636+0800][info] GC(160) User=0.01s Sys=0.00s Real=0.01s
[2024-10-12T10:02:29.290+0800][info] GC(161) Pause Young (Normal) (G1 Evacuation Pause)
[2024-10-12T10:02:29.291+0800][info] GC(161) Using 6 workers of 48 for evacuation
[2024-10-12T10:02:29.293+0800][info] GC(161)   Pre Evacuate Collection Set: 0.1ms
[2024-10-12T10:02:29.293+0800][info] GC(161)   Merge Heap Roots: 0.1ms
[2024-10-12T10:02:29.293+0800][info] GC(161)   Evacuate Collection Set: 1.9ms
[2024-10-12T10:02:29.293+0800][info] GC(161)   Post Evacuate Collection Set: 0.2ms
[2024-10-12T10:02:29.293+0800][info] GC(161)   Other: 0.3ms
[2024-10-12T10:02:29.293+0800][info] GC(161) Eden regions: 12->0(9)
[2024-10-12T10:02:29.293+0800][info] GC(161) Survivor regions: 1->2(2)
[2024-10-12T10:02:29.293+0800][info] GC(161) Old regions: 69->79
[2024-10-12T10:02:29.293+0800][info] GC(161) Archive regions: 2->2
[2024-10-12T10:02:29.293+0800][info] GC(161) Humongous regions: 3->3
[2024-10-12T10:02:29.293+0800][info] GC(161) Metaspace: 1681K(1920K)->1681K(1920K) NonClass: 1557K(1728K)->1557K(1728K) Class: 124K(192K)->124K(192K)
[2024-10-12T10:02:29.293+0800][info] GC(161) Pause Young (Normal) (G1 Evacuation Pause) 171M->169M(256M) 2.782ms
[2024-10-12T10:02:29.293+0800][info] GC(161) User=0.01s Sys=0.00s Real=0.01s
[2024-10-12T10:02:29.785+0800][info] GC(162) Pause Young (Normal) (G1 Evacuation Pause)
[2024-10-12T10:02:29.785+0800][info] GC(162) Using 6 workers of 48 for evacuation
[2024-10-12T10:02:29.787+0800][info] GC(162)   Pre Evacuate Collection Set: 0.1ms
[2024-10-12T10:02:29.787+0800][info] GC(162)   Merge Heap Roots: 0.1ms
[2024-10-12T10:02:29.787+0800][info] GC(162)   Evacuate Collection Set: 1.9ms
[2024-10-12T10:02:29.787+0800][info] GC(162)   Post Evacuate Collection Set: 0.2ms
[2024-10-12T10:02:29.787+0800][info] GC(162)   Other: 0.2ms
[2024-10-12T10:02:29.787+0800][info] GC(162) Eden regions: 9->0(6)
[2024-10-12T10:02:29.787+0800][info] GC(162) Survivor regions: 2->2(2)
[2024-10-12T10:02:29.787+0800][info] GC(162) Old regions: 79->88
[2024-10-12T10:02:29.787+0800][info] GC(162) Archive regions: 2->2
[2024-10-12T10:02:29.787+0800][info] GC(162) Humongous regions: 3->3
[2024-10-12T10:02:29.787+0800][info] GC(162) Metaspace: 1681K(1920K)->1681K(1920K) NonClass: 1557K(1728K)->1557K(1728K) Class: 124K(192K)->124K(192K)
[2024-10-12T10:02:29.787+0800][info] GC(162) Pause Young (Normal) (G1 Evacuation Pause) 187M->186M(256M) 2.657ms
[2024-10-12T10:02:29.787+0800][info] GC(162) User=0.01s Sys=0.01s Real=0.01s
[2024-10-12T10:02:30.114+0800][info] GC(163) Pause Young (Normal) (G1 Evacuation Pause)
[2024-10-12T10:02:30.114+0800][info] GC(163) Using 6 workers of 48 for evacuation
[2024-10-12T10:02:30.117+0800][info] GC(163)   Pre Evacuate Collection Set: 0.1ms
[2024-10-12T10:02:30.117+0800][info] GC(163)   Merge Heap Roots: 0.1ms
[2024-10-12T10:02:30.117+0800][info] GC(163)   Evacuate Collection Set: 2.1ms
[2024-10-12T10:02:30.117+0800][info] GC(163)   Post Evacuate Collection Set: 0.2ms
[2024-10-12T10:02:30.117+0800][info] GC(163)   Other: 0.3ms
[2024-10-12T10:02:30.117+0800][info] GC(163) Eden regions: 6->0(5)
[2024-10-12T10:02:30.117+0800][info] GC(163) Survivor regions: 2->1(1)
[2024-10-12T10:02:30.117+0800][info] GC(163) Old regions: 88->95
[2024-10-12T10:02:30.117+0800][info] GC(163) Archive regions: 2->2
[2024-10-12T10:02:30.117+0800][info] GC(163) Humongous regions: 3->3
[2024-10-12T10:02:30.117+0800][info] GC(163) Metaspace: 1681K(1920K)->1681K(1920K) NonClass: 1557K(1728K)->1557K(1728K) Class: 124K(192K)->124K(192K)
[2024-10-12T10:02:30.117+0800][info] GC(163) Pause Young (Normal) (G1 Evacuation Pause) 198M->198M(256M) 2.914ms
[2024-10-12T10:02:30.117+0800][info] GC(163) User=0.01s Sys=0.00s Real=0.00s
[2024-10-12T10:02:30.384+0800][info] GC(164) Pause Young (Normal) (G1 Evacuation Pause)
[2024-10-12T10:02:30.384+0800][info] GC(164) Using 6 workers of 48 for evacuation
[2024-10-12T10:02:30.385+0800][info] GC(164)   Pre Evacuate Collection Set: 0.1ms
[2024-10-12T10:02:30.385+0800][info] GC(164)   Merge Heap Roots: 0.1ms
[2024-10-12T10:02:30.385+0800][info] GC(164)   Evacuate Collection Set: 1.1ms
[2024-10-12T10:02:30.385+0800][info] GC(164)   Post Evacuate Collection Set: 0.3ms
[2024-10-12T10:02:30.385+0800][info] GC(164)   Other: 0.2ms
[2024-10-12T10:02:30.385+0800][info] GC(164) Eden regions: 5->0(5)
[2024-10-12T10:02:30.385+0800][info] GC(164) Survivor regions: 1->1(1)
[2024-10-12T10:02:30.385+0800][info] GC(164) Old regions: 95->100
[2024-10-12T10:02:30.385+0800][info] GC(164) Archive regions: 2->2
[2024-10-12T10:02:30.385+0800][info] GC(164) Humongous regions: 3->3
[2024-10-12T10:02:30.385+0800][info] GC(164) Metaspace: 1681K(1920K)->1681K(1920K) NonClass: 1557K(1728K)->1557K(1728K) Class: 124K(192K)->124K(192K)
[2024-10-12T10:02:30.385+0800][info] GC(164) Pause Young (Normal) (G1 Evacuation Pause) 208M->208M(256M) 1.886ms
[2024-10-12T10:02:30.385+0800][info] GC(164) User=0.01s Sys=0.00s Real=0.01s
[2024-10-12T10:02:30.569+0800][info] GC(165) Pause Young (Concurrent Start) (G1 Humongous Allocation)
[2024-10-12T10:02:30.569+0800][info] GC(165) Using 6 workers of 48 for evacuation
[2024-10-12T10:02:30.571+0800][info] GC(165)   Pre Evacuate Collection Set: 0.2ms
[2024-10-12T10:02:30.571+0800][info] GC(165)   Merge Heap Roots: 0.1ms
[2024-10-12T10:02:30.571+0800][info] GC(165)   Evacuate Collection Set: 1.7ms
[2024-10-12T10:02:30.571+0800][info] GC(165)   Post Evacuate Collection Set: 0.2ms
[2024-10-12T10:02:30.571+0800][info] GC(165)   Other: 0.4ms
[2024-10-12T10:02:30.571+0800][info] GC(165) Eden regions: 4->0(5)
[2024-10-12T10:02:30.571+0800][info] GC(165) Survivor regions: 1->1(1)
[2024-10-12T10:02:30.571+0800][info] GC(165) Old regions: 100->103
[2024-10-12T10:02:30.571+0800][info] GC(165) Archive regions: 2->2
[2024-10-12T10:02:30.571+0800][info] GC(165) Humongous regions: 3->3
[2024-10-12T10:02:30.571+0800][info] GC(165) Metaspace: 1681K(1920K)->1681K(1920K) NonClass: 1557K(1728K)->1557K(1728K) Class: 124K(192K)->124K(192K)
[2024-10-12T10:02:30.571+0800][info] GC(165) Pause Young (Concurrent Start) (G1 Humongous Allocation) 215M->215M(256M) 2.610ms
[2024-10-12T10:02:30.571+0800][info] GC(165) User=0.01s Sys=0.00s Real=0.00s
[2024-10-12T10:02:30.572+0800][info] GC(166) Concurrent Mark Cycle
[2024-10-12T10:02:30.572+0800][info] GC(166) Concurrent Clear Claimed Marks
[2024-10-12T10:02:30.572+0800][info] GC(166) Concurrent Clear Claimed Marks 0.015ms
[2024-10-12T10:02:30.572+0800][info] GC(166) Concurrent Scan Root Regions
[2024-10-12T10:02:30.572+0800][info] GC(166) Concurrent Scan Root Regions 0.111ms
[2024-10-12T10:02:30.572+0800][info] GC(166) Concurrent Mark
[2024-10-12T10:02:30.572+0800][info] GC(166) Concurrent Mark From Roots
[2024-10-12T10:02:30.572+0800][info] GC(166) Using 12 workers of 12 for marking
[2024-10-12T10:02:30.576+0800][info] GC(166) Concurrent Mark From Roots 3.897ms
[2024-10-12T10:02:30.576+0800][info] GC(166) Concurrent Preclean
[2024-10-12T10:02:30.577+0800][info] GC(166) Concurrent Preclean 1.706ms
[2024-10-12T10:02:30.577+0800][info] GC(166) Pause Remark
[2024-10-12T10:02:30.579+0800][info] GC(166) Pause Remark 217M->161M(256M) 1.329ms
[2024-10-12T10:02:30.579+0800][info] GC(166) User=0.01s Sys=0.00s Real=0.00s
[2024-10-12T10:02:30.579+0800][info] GC(166) Concurrent Mark 7.131ms
[2024-10-12T10:02:30.579+0800][info] GC(166) Concurrent Rebuild Remembered Sets
[2024-10-12T10:02:30.580+0800][info] GC(166) Concurrent Rebuild Remembered Sets 1.192ms
[2024-10-12T10:02:30.580+0800][info] GC(166) Pause Cleanup
[2024-10-12T10:02:30.580+0800][info] GC(166) Pause Cleanup 161M->161M(256M) 0.269ms
[2024-10-12T10:02:30.580+0800][info] GC(166) User=0.00s Sys=0.00s Real=0.00s
[2024-10-12T10:02:30.580+0800][info] GC(166) Concurrent Cleanup for Next Mark
[2024-10-12T10:02:30.581+0800][info] GC(166) Concurrent Cleanup for Next Mark 0.400ms
[2024-10-12T10:02:30.581+0800][info] GC(166) Concurrent Mark Cycle 9.369ms
[2024-10-12T10:02:30.910+0800][info] GC(167) Pause Young (Prepare Mixed) (G1 Evacuation Pause)
[2024-10-12T10:02:30.910+0800][info] GC(167) Using 6 workers of 48 for evacuation
[2024-10-12T10:02:30.912+0800][info] GC(167)   Pre Evacuate Collection Set: 0.1ms
[2024-10-12T10:02:30.912+0800][info] GC(167)   Merge Heap Roots: 0.1ms
[2024-10-12T10:02:30.912+0800][info] GC(167)   Evacuate Collection Set: 1.0ms
[2024-10-12T10:02:30.912+0800][info] GC(167)   Post Evacuate Collection Set: 0.2ms
[2024-10-12T10:02:30.912+0800][info] GC(167)   Other: 0.2ms
[2024-10-12T10:02:30.912+0800][info] GC(167) Eden regions: 5->0(5)
[2024-10-12T10:02:30.912+0800][info] GC(167) Survivor regions: 1->1(1)
[2024-10-12T10:02:30.912+0800][info] GC(167) Old regions: 75->81
[2024-10-12T10:02:30.912+0800][info] GC(167) Archive regions: 2->2
[2024-10-12T10:02:30.912+0800][info] GC(167) Humongous regions: 4->3
[2024-10-12T10:02:30.912+0800][info] GC(167) Metaspace: 1681K(1920K)->1681K(1920K) NonClass: 1557K(1728K)->1557K(1728K) Class: 124K(192K)->124K(192K)
[2024-10-12T10:02:30.912+0800][info] GC(167) Pause Young (Prepare Mixed) (G1 Evacuation Pause) 171M->170M(256M) 1.816ms
[2024-10-12T10:02:30.912+0800][info] GC(167) User=0.00s Sys=0.00s Real=0.00s
[2024-10-12T10:02:31.177+0800][info] GC(168) Pause Young (Mixed) (G1 Evacuation Pause)
[2024-10-12T10:02:31.177+0800][info] GC(168) Using 6 workers of 48 for evacuation
[2024-10-12T10:02:31.179+0800][info] GC(168)   Pre Evacuate Collection Set: 0.2ms
[2024-10-12T10:02:31.179+0800][info] GC(168)   Merge Heap Roots: 0.1ms
[2024-10-12T10:02:31.179+0800][info] GC(168)   Evacuate Collection Set: 1.0ms
[2024-10-12T10:02:31.179+0800][info] GC(168)   Post Evacuate Collection Set: 0.2ms
[2024-10-12T10:02:31.179+0800][info] GC(168)   Other: 0.2ms
[2024-10-12T10:02:31.179+0800][info] GC(168) Eden regions: 5->0(5)
[2024-10-12T10:02:31.179+0800][info] GC(168) Survivor regions: 1->1(1)
[2024-10-12T10:02:31.179+0800][info] GC(168) Old regions: 81->72
[2024-10-12T10:02:31.179+0800][info] GC(168) Archive regions: 2->2
[2024-10-12T10:02:31.179+0800][info] GC(168) Humongous regions: 3->3
[2024-10-12T10:02:31.179+0800][info] GC(168) Metaspace: 1681K(1920K)->1681K(1920K) NonClass: 1557K(1728K)->1557K(1728K) Class: 124K(192K)->124K(192K)
[2024-10-12T10:02:31.179+0800][info] GC(168) Pause Young (Mixed) (G1 Evacuation Pause) 179M->153M(256M) 1.856ms
[2024-10-12T10:02:31.179+0800][info] GC(168) User=0.01s Sys=0.01s Real=0.00s
[2024-10-12T10:02:31.445+0800][info] GC(169) Pause Young (Mixed) (G1 Evacuation Pause)
[2024-10-12T10:02:31.445+0800][info] GC(169) Using 6 workers of 48 for evacuation
[2024-10-12T10:02:31.447+0800][info] GC(169)   Pre Evacuate Collection Set: 0.2ms
[2024-10-12T10:02:31.447+0800][info] GC(169)   Merge Heap Roots: 0.1ms
[2024-10-12T10:02:31.447+0800][info] GC(169)   Evacuate Collection Set: 1.1ms
[2024-10-12T10:02:31.447+0800][info] GC(169)   Post Evacuate Collection Set: 0.2ms
[2024-10-12T10:02:31.447+0800][info] GC(169)   Other: 0.2ms
[2024-10-12T10:02:31.447+0800][info] GC(169) Eden regions: 5->0(12)
[2024-10-12T10:02:31.447+0800][info] GC(169) Survivor regions: 1->1(1)
[2024-10-12T10:02:31.447+0800][info] GC(169) Old regions: 72->72
[2024-10-12T10:02:31.447+0800][info] GC(169) Archive regions: 2->2
[2024-10-12T10:02:31.447+0800][info] GC(169) Humongous regions: 3->3
[2024-10-12T10:02:31.447+0800][info] GC(169) Metaspace: 1681K(1920K)->1681K(1920K) NonClass: 1557K(1728K)->1557K(1728K) Class: 124K(192K)->124K(192K)
[2024-10-12T10:02:31.447+0800][info] GC(169) Pause Young (Mixed) (G1 Evacuation Pause) 163M->152M(256M) 1.968ms
[2024-10-12T10:02:31.447+0800][info] GC(169) User=0.01s Sys=0.00s Real=0.01s
[2024-10-12T10:02:32.101+0800][info] GC(170) Pause Young (Normal) (G1 Evacuation Pause)
[2024-10-12T10:02:32.101+0800][info] GC(170) Using 6 workers of 48 for evacuation
[2024-10-12T10:02:32.105+0800][info] GC(170)   Pre Evacuate Collection Set: 0.1ms
[2024-10-12T10:02:32.105+0800][info] GC(170)   Merge Heap Roots: 0.1ms
[2024-10-12T10:02:32.105+0800][info] GC(170)   Evacuate Collection Set: 2.9ms
[2024-10-12T10:02:32.105+0800][info] GC(170)   Post Evacuate Collection Set: 0.2ms
[2024-10-12T10:02:32.105+0800][info] GC(170)   Other: 0.2ms
[2024-10-12T10:02:32.105+0800][info] GC(170) Eden regions: 12->0(8)
[2024-10-12T10:02:32.105+0800][info] GC(170) Survivor regions: 1->2(2)
[2024-10-12T10:02:32.105+0800][info] GC(170) Old regions: 72->82
[2024-10-12T10:02:32.105+0800][info] GC(170) Archive regions: 2->2
[2024-10-12T10:02:32.105+0800][info] GC(170) Humongous regions: 3->3
[2024-10-12T10:02:32.105+0800][info] GC(170) Metaspace: 1681K(1920K)->1681K(1920K) NonClass: 1557K(1728K)->1557K(1728K) Class: 124K(192K)->124K(192K)
[2024-10-12T10:02:32.105+0800][info] GC(170) Pause Young (Normal) (G1 Evacuation Pause) 176M->174M(256M) 3.698ms
[2024-10-12T10:02:32.105+0800][info] GC(170) User=0.02s Sys=0.00s Real=0.01s
[2024-10-12T10:02:32.535+0800][info] GC(171) Pause Young (Normal) (G1 Evacuation Pause)
[2024-10-12T10:02:32.535+0800][info] GC(171) Using 6 workers of 48 for evacuation
[2024-10-12T10:02:32.537+0800][info] GC(171)   Pre Evacuate Collection Set: 0.1ms
[2024-10-12T10:02:32.537+0800][info] GC(171)   Merge Heap Roots: 0.1ms
[2024-10-12T10:02:32.537+0800][info] GC(171)   Evacuate Collection Set: 1.5ms
[2024-10-12T10:02:32.537+0800][info] GC(171)   Post Evacuate Collection Set: 0.2ms
[2024-10-12T10:02:32.537+0800][info] GC(171)   Other: 0.3ms
[2024-10-12T10:02:32.538+0800][info] GC(171) Eden regions: 8->0(5)
[2024-10-12T10:02:32.538+0800][info] GC(171) Survivor regions: 2->2(2)
[2024-10-12T10:02:32.538+0800][info] GC(171) Old regions: 82->90
[2024-10-12T10:02:32.538+0800][info] GC(171) Archive regions: 2->2
[2024-10-12T10:02:32.538+0800][info] GC(171) Humongous regions: 3->3
[2024-10-12T10:02:32.538+0800][info] GC(171) Metaspace: 1681K(1920K)->1681K(1920K) NonClass: 1557K(1728K)->1557K(1728K) Class: 124K(192K)->124K(192K)
[2024-10-12T10:02:32.538+0800][info] GC(171) Pause Young (Normal) (G1 Evacuation Pause) 190M->190M(256M) 2.243ms
[2024-10-12T10:02:32.538+0800][info] GC(171) User=0.01s Sys=0.01s Real=0.00s
[2024-10-12T10:02:32.804+0800][info] GC(172) Pause Young (Normal) (G1 Evacuation Pause)
[2024-10-12T10:02:32.804+0800][info] GC(172) Using 6 workers of 48 for evacuation
[2024-10-12T10:02:32.806+0800][info] GC(172)   Pre Evacuate Collection Set: 0.1ms
[2024-10-12T10:02:32.806+0800][info] GC(172)   Merge Heap Roots: 0.1ms
[2024-10-12T10:02:32.806+0800][info] GC(172)   Evacuate Collection Set: 1.3ms
[2024-10-12T10:02:32.806+0800][info] GC(172)   Post Evacuate Collection Set: 0.2ms
[2024-10-12T10:02:32.806+0800][info] GC(172)   Other: 0.2ms
[2024-10-12T10:02:32.806+0800][info] GC(172) Eden regions: 5->0(5)
[2024-10-12T10:02:32.806+0800][info] GC(172) Survivor regions: 2->1(1)
[2024-10-12T10:02:32.806+0800][info] GC(172) Old regions: 90->95
[2024-10-12T10:02:32.806+0800][info] GC(172) Archive regions: 2->2
[2024-10-12T10:02:32.806+0800][info] GC(172) Humongous regions: 4->3
[2024-10-12T10:02:32.806+0800][info] GC(172) Metaspace: 1681K(1920K)->1681K(1920K) NonClass: 1557K(1728K)->1557K(1728K) Class: 124K(192K)->124K(192K)
[2024-10-12T10:02:32.806+0800][info] GC(172) Pause Young (Normal) (G1 Evacuation Pause) 201M->199M(256M) 2.149ms
[2024-10-12T10:02:32.806+0800][info] GC(172) User=0.01s Sys=0.01s Real=0.01s
[2024-10-12T10:02:33.071+0800][info] GC(173) Pause Young (Normal) (G1 Evacuation Pause)
[2024-10-12T10:02:33.071+0800][info] GC(173) Using 6 workers of 48 for evacuation
[2024-10-12T10:02:33.073+0800][info] GC(173)   Pre Evacuate Collection Set: 0.1ms
[2024-10-12T10:02:33.073+0800][info] GC(173)   Merge Heap Roots: 0.1ms
[2024-10-12T10:02:33.073+0800][info] GC(173)   Evacuate Collection Set: 0.9ms
[2024-10-12T10:02:33.073+0800][info] GC(173)   Post Evacuate Collection Set: 0.2ms
[2024-10-12T10:02:33.073+0800][info] GC(173)   Other: 0.2ms
[2024-10-12T10:02:33.073+0800][info] GC(173) Eden regions: 5->0(5)
[2024-10-12T10:02:33.073+0800][info] GC(173) Survivor regions: 1->1(1)
[2024-10-12T10:02:33.073+0800][info] GC(173) Old regions: 95->100
[2024-10-12T10:02:33.073+0800][info] GC(173) Archive regions: 2->2
[2024-10-12T10:02:33.073+0800][info] GC(173) Humongous regions: 3->3
[2024-10-12T10:02:33.073+0800][info] GC(173) Metaspace: 1681K(1920K)->1681K(1920K) NonClass: 1557K(1728K)->1557K(1728K) Class: 124K(192K)->124K(192K)
[2024-10-12T10:02:33.073+0800][info] GC(173) Pause Young (Normal) (G1 Evacuation Pause) 209M->209M(256M) 1.612ms
[2024-10-12T10:02:33.073+0800][info] GC(173) User=0.00s Sys=0.00s Real=0.00s
[2024-10-12T10:02:33.338+0800][info] GC(174) Pause Young (Concurrent Start) (G1 Evacuation Pause)
[2024-10-12T10:02:33.338+0800][info] GC(174) Using 6 workers of 48 for evacuation
[2024-10-12T10:02:33.342+0800][info] GC(174)   Pre Evacuate Collection Set: 0.1ms
[2024-10-12T10:02:33.342+0800][info] GC(174)   Merge Heap Roots: 0.1ms
[2024-10-12T10:02:33.342+0800][info] GC(174)   Evacuate Collection Set: 2.5ms
[2024-10-12T10:02:33.342+0800][info] GC(174)   Post Evacuate Collection Set: 0.2ms
[2024-10-12T10:02:33.342+0800][info] GC(174)   Other: 0.4ms
[2024-10-12T10:02:33.342+0800][info] GC(174) Eden regions: 5->0(5)
[2024-10-12T10:02:33.342+0800][info] GC(174) Survivor regions: 1->1(1)
[2024-10-12T10:02:33.342+0800][info] GC(174) Old regions: 100->105
[2024-10-12T10:02:33.342+0800][info] GC(174) Archive regions: 2->2
[2024-10-12T10:02:33.342+0800][info] GC(174) Humongous regions: 3->3
[2024-10-12T10:02:33.342+0800][info] GC(174) Metaspace: 1681K(1920K)->1681K(1920K) NonClass: 1557K(1728K)->1557K(1728K) Class: 124K(192K)->124K(192K)
[2024-10-12T10:02:33.342+0800][info] GC(174) Pause Young (Concurrent Start) (G1 Evacuation Pause) 219M->219M(256M) 3.459ms
[2024-10-12T10:02:33.342+0800][info] GC(174) User=0.01s Sys=0.01s Real=0.00s
[2024-10-12T10:02:33.342+0800][info] GC(175) Concurrent Mark Cycle
[2024-10-12T10:02:33.342+0800][info] GC(175) Concurrent Clear Claimed Marks
[2024-10-12T10:02:33.342+0800][info] GC(175) Concurrent Clear Claimed Marks 0.015ms
[2024-10-12T10:02:33.342+0800][info] GC(175) Concurrent Scan Root Regions
[2024-10-12T10:02:33.342+0800][info] GC(175) Concurrent Scan Root Regions 0.123ms
[2024-10-12T10:02:33.342+0800][info] GC(175) Concurrent Mark
[2024-10-12T10:02:33.342+0800][info] GC(175) Concurrent Mark From Roots
[2024-10-12T10:02:33.342+0800][info] GC(175) Using 12 workers of 12 for marking
[2024-10-12T10:02:33.347+0800][info] GC(175) Concurrent Mark From Roots 5.045ms
[2024-10-12T10:02:33.347+0800][info] GC(175) Concurrent Preclean
[2024-10-12T10:02:33.349+0800][info] GC(175) Concurrent Preclean 1.670ms
[2024-10-12T10:02:33.349+0800][info] GC(175) Pause Remark
[2024-10-12T10:02:33.350+0800][info] GC(175) Pause Remark 219M->151M(256M) 1.329ms
[2024-10-12T10:02:33.350+0800][info] GC(175) User=0.00s Sys=0.00s Real=0.00s
[2024-10-12T10:02:33.350+0800][info] GC(175) Concurrent Mark 8.242ms
[2024-10-12T10:02:33.350+0800][info] GC(175) Concurrent Rebuild Remembered Sets
[2024-10-12T10:02:33.351+0800][info] GC(175) Concurrent Rebuild Remembered Sets 1.151ms
[2024-10-12T10:02:33.351+0800][info] GC(175) Pause Cleanup
[2024-10-12T10:02:33.352+0800][info] GC(175) Pause Cleanup 151M->151M(256M) 0.269ms
[2024-10-12T10:02:33.352+0800][info] GC(175) User=0.00s Sys=0.00s Real=0.00s
[2024-10-12T10:02:33.352+0800][info] GC(175) Concurrent Cleanup for Next Mark
[2024-10-12T10:02:33.352+0800][info] GC(175) Concurrent Cleanup for Next Mark 0.428ms
[2024-10-12T10:02:33.352+0800][info] GC(175) Concurrent Mark Cycle 10.474ms
[2024-10-12T10:02:33.658+0800][info] GC(176) Pause Young (Prepare Mixed) (G1 Evacuation Pause)
[2024-10-12T10:02:33.658+0800][info] GC(176) Using 6 workers of 48 for evacuation
[2024-10-12T10:02:33.659+0800][info] GC(176)   Pre Evacuate Collection Set: 0.1ms
[2024-10-12T10:02:33.659+0800][info] GC(176)   Merge Heap Roots: 0.1ms
[2024-10-12T10:02:33.659+0800][info] GC(176)   Evacuate Collection Set: 1.0ms
[2024-10-12T10:02:33.659+0800][info] GC(176)   Post Evacuate Collection Set: 0.2ms
[2024-10-12T10:02:33.659+0800][info] GC(176)   Other: 0.3ms
[2024-10-12T10:02:33.659+0800][info] GC(176) Eden regions: 5->0(5)
[2024-10-12T10:02:33.659+0800][info] GC(176) Survivor regions: 1->1(1)
[2024-10-12T10:02:33.659+0800][info] GC(176) Old regions: 71->75
[2024-10-12T10:02:33.659+0800][info] GC(176) Archive regions: 2->2
[2024-10-12T10:02:33.659+0800][info] GC(176) Humongous regions: 3->3
[2024-10-12T10:02:33.659+0800][info] GC(176) Metaspace: 1681K(1920K)->1681K(1920K) NonClass: 1557K(1728K)->1557K(1728K) Class: 124K(192K)->124K(192K)
[2024-10-12T10:02:33.659+0800][info] GC(176) Pause Young (Prepare Mixed) (G1 Evacuation Pause) 160M->159M(256M) 1.680ms
[2024-10-12T10:02:33.659+0800][info] GC(176) User=0.00s Sys=0.00s Real=0.00s
[2024-10-12T10:02:33.924+0800][info] GC(177) Pause Young (Mixed) (G1 Evacuation Pause)
[2024-10-12T10:02:33.924+0800][info] GC(177) Using 6 workers of 48 for evacuation
[2024-10-12T10:02:33.926+0800][info] GC(177)   Pre Evacuate Collection Set: 0.2ms
[2024-10-12T10:02:33.926+0800][info] GC(177)   Merge Heap Roots: 0.1ms
[2024-10-12T10:02:33.926+0800][info] GC(177)   Evacuate Collection Set: 1.1ms
[2024-10-12T10:02:33.926+0800][info] GC(177)   Post Evacuate Collection Set: 0.2ms
[2024-10-12T10:02:33.926+0800][info] GC(177)   Other: 0.2ms
[2024-10-12T10:02:33.926+0800][info] GC(177) Eden regions: 5->0(5)
[2024-10-12T10:02:33.926+0800][info] GC(177) Survivor regions: 1->1(1)
[2024-10-12T10:02:33.926+0800][info] GC(177) Old regions: 75->67
[2024-10-12T10:02:33.926+0800][info] GC(177) Archive regions: 2->2
[2024-10-12T10:02:33.926+0800][info] GC(177) Humongous regions: 3->3
[2024-10-12T10:02:33.926+0800][info] GC(177) Metaspace: 1681K(1920K)->1681K(1920K) NonClass: 1557K(1728K)->1557K(1728K) Class: 124K(192K)->124K(192K)
[2024-10-12T10:02:33.926+0800][info] GC(177) Pause Young (Mixed) (G1 Evacuation Pause) 168M->143M(256M) 1.955ms
[2024-10-12T10:02:33.926+0800][info] GC(177) User=0.01s Sys=0.00s Real=0.01s
[2024-10-12T10:02:34.192+0800][info] GC(178) Pause Young (Mixed) (G1 Evacuation Pause)
[2024-10-12T10:02:34.192+0800][info] GC(178) Using 6 workers of 48 for evacuation
[2024-10-12T10:02:34.193+0800][info] GC(178)   Pre Evacuate Collection Set: 0.1ms
[2024-10-12T10:02:34.193+0800][info] GC(178)   Merge Heap Roots: 0.1ms
[2024-10-12T10:02:34.193+0800][info] GC(178)   Evacuate Collection Set: 1.1ms
[2024-10-12T10:02:34.193+0800][info] GC(178)   Post Evacuate Collection Set: 0.2ms
[2024-10-12T10:02:34.193+0800][info] GC(178)   Other: 0.2ms
[2024-10-12T10:02:34.193+0800][info] GC(178) Eden regions: 5->0(12)
[2024-10-12T10:02:34.193+0800][info] GC(178) Survivor regions: 1->1(1)
[2024-10-12T10:02:34.193+0800][info] GC(178) Old regions: 67->70
[2024-10-12T10:02:34.193+0800][info] GC(178) Archive regions: 2->2
[2024-10-12T10:02:34.193+0800][info] GC(178) Humongous regions: 3->3
[2024-10-12T10:02:34.193+0800][info] GC(178) Metaspace: 1681K(1920K)->1681K(1920K) NonClass: 1557K(1728K)->1557K(1728K) Class: 124K(192K)->124K(192K)
[2024-10-12T10:02:34.193+0800][info] GC(178) Pause Young (Mixed) (G1 Evacuation Pause) 153M->149M(256M) 1.877ms
[2024-10-12T10:02:34.194+0800][info] GC(178) User=0.01s Sys=0.00s Real=0.01s
[2024-10-12T10:02:34.847+0800][info] GC(179) Pause Young (Normal) (G1 Evacuation Pause)
[2024-10-12T10:02:34.847+0800][info] GC(179) Using 6 workers of 48 for evacuation
[2024-10-12T10:02:34.849+0800][info] GC(179)   Pre Evacuate Collection Set: 0.1ms
[2024-10-12T10:02:34.849+0800][info] GC(179)   Merge Heap Roots: 0.1ms
[2024-10-12T10:02:34.849+0800][info] GC(179)   Evacuate Collection Set: 1.9ms
[2024-10-12T10:02:34.849+0800][info] GC(179)   Post Evacuate Collection Set: 0.3ms
[2024-10-12T10:02:34.849+0800][info] GC(179)   Other: 0.3ms
[2024-10-12T10:02:34.849+0800][info] GC(179) Eden regions: 12->0(9)
[2024-10-12T10:02:34.849+0800][info] GC(179) Survivor regions: 1->2(2)
[2024-10-12T10:02:34.849+0800][info] GC(179) Old regions: 70->80
[2024-10-12T10:02:34.849+0800][info] GC(179) Archive regions: 2->2
[2024-10-12T10:02:34.849+0800][info] GC(179) Humongous regions: 4->3
[2024-10-12T10:02:34.849+0800][info] GC(179) Metaspace: 1681K(1920K)->1681K(1920K) NonClass: 1557K(1728K)->1557K(1728K) Class: 124K(192K)->124K(192K)
[2024-10-12T10:02:34.849+0800][info] GC(179) Pause Young (Normal) (G1 Evacuation Pause) 174M->170M(256M) 2.672ms
[2024-10-12T10:02:34.849+0800][info] GC(179) User=0.01s Sys=0.00s Real=0.00s
[2024-10-12T10:02:35.339+0800][info] GC(180) Pause Young (Normal) (G1 Evacuation Pause)
[2024-10-12T10:02:35.339+0800][info] GC(180) Using 6 workers of 48 for evacuation
[2024-10-12T10:02:35.341+0800][info] GC(180)   Pre Evacuate Collection Set: 0.1ms
[2024-10-12T10:02:35.342+0800][info] GC(180)   Merge Heap Roots: 0.1ms
[2024-10-12T10:02:35.342+0800][info] GC(180)   Evacuate Collection Set: 1.7ms
[2024-10-12T10:02:35.342+0800][info] GC(180)   Post Evacuate Collection Set: 0.2ms
[2024-10-12T10:02:35.342+0800][info] GC(180)   Other: 0.2ms
[2024-10-12T10:02:35.342+0800][info] GC(180) Eden regions: 9->0(6)
[2024-10-12T10:02:35.342+0800][info] GC(180) Survivor regions: 2->2(2)
[2024-10-12T10:02:35.342+0800][info] GC(180) Old regions: 80->88
[2024-10-12T10:02:35.342+0800][info] GC(180) Archive regions: 2->2
[2024-10-12T10:02:35.342+0800][info] GC(180) Humongous regions: 3->3
[2024-10-12T10:02:35.342+0800][info] GC(180) Metaspace: 1681K(1920K)->1681K(1920K) NonClass: 1557K(1728K)->1557K(1728K) Class: 124K(192K)->124K(192K)
[2024-10-12T10:02:35.342+0800][info] GC(180) Pause Young (Normal) (G1 Evacuation Pause) 188M->186M(256M) 2.424ms
[2024-10-12T10:02:35.342+0800][info] GC(180) User=0.01s Sys=0.00s Real=0.00s
[2024-10-12T10:02:35.669+0800][info] GC(181) Pause Young (Normal) (G1 Evacuation Pause)
[2024-10-12T10:02:35.669+0800][info] GC(181) Using 6 workers of 48 for evacuation
[2024-10-12T10:02:35.671+0800][info] GC(181)   Pre Evacuate Collection Set: 0.1ms
[2024-10-12T10:02:35.671+0800][info] GC(181)   Merge Heap Roots: 0.1ms
[2024-10-12T10:02:35.671+0800][info] GC(181)   Evacuate Collection Set: 1.6ms
[2024-10-12T10:02:35.671+0800][info] GC(181)   Post Evacuate Collection Set: 0.2ms
[2024-10-12T10:02:35.671+0800][info] GC(181)   Other: 0.2ms
[2024-10-12T10:02:35.671+0800][info] GC(181) Eden regions: 6->0(5)
[2024-10-12T10:02:35.671+0800][info] GC(181) Survivor regions: 2->1(1)
[2024-10-12T10:02:35.671+0800][info] GC(181) Old regions: 88->94
[2024-10-12T10:02:35.671+0800][info] GC(181) Archive regions: 2->2
[2024-10-12T10:02:35.671+0800][info] GC(181) Humongous regions: 3->3
[2024-10-12T10:02:35.671+0800][info] GC(181) Metaspace: 1681K(1920K)->1681K(1920K) NonClass: 1557K(1728K)->1557K(1728K) Class: 124K(192K)->124K(192K)
[2024-10-12T10:02:35.671+0800][info] GC(181) Pause Young (Normal) (G1 Evacuation Pause) 198M->197M(256M) 2.293ms
[2024-10-12T10:02:35.671+0800][info] GC(181) User=0.01s Sys=0.00s Real=0.00s
[2024-10-12T10:02:35.936+0800][info] GC(182) Pause Young (Normal) (G1 Evacuation Pause)
[2024-10-12T10:02:35.936+0800][info] GC(182) Using 6 workers of 48 for evacuation
[2024-10-12T10:02:35.937+0800][info] GC(182)   Pre Evacuate Collection Set: 0.1ms
[2024-10-12T10:02:35.937+0800][info] GC(182)   Merge Heap Roots: 0.1ms
[2024-10-12T10:02:35.937+0800][info] GC(182)   Evacuate Collection Set: 0.9ms
[2024-10-12T10:02:35.937+0800][info] GC(182)   Post Evacuate Collection Set: 0.2ms
[2024-10-12T10:02:35.937+0800][info] GC(182)   Other: 0.3ms
[2024-10-12T10:02:35.937+0800][info] GC(182) Eden regions: 5->0(5)
[2024-10-12T10:02:35.937+0800][info] GC(182) Survivor regions: 1->1(1)
[2024-10-12T10:02:35.937+0800][info] GC(182) Old regions: 94->98
[2024-10-12T10:02:35.937+0800][info] GC(182) Archive regions: 2->2
[2024-10-12T10:02:35.937+0800][info] GC(182) Humongous regions: 3->3
[2024-10-12T10:02:35.937+0800][info] GC(182) Metaspace: 1681K(1920K)->1681K(1920K) NonClass: 1557K(1728K)->1557K(1728K) Class: 124K(192K)->124K(192K)
[2024-10-12T10:02:35.937+0800][info] GC(182) Pause Young (Normal) (G1 Evacuation Pause) 207M->205M(256M) 1.617ms
[2024-10-12T10:02:35.937+0800][info] GC(182) User=0.00s Sys=0.00s Real=0.00s
[2024-10-12T10:02:36.202+0800][info] GC(183) Pause Young (Concurrent Start) (G1 Evacuation Pause)
[2024-10-12T10:02:36.202+0800][info] GC(183) Using 6 workers of 48 for evacuation
[2024-10-12T10:02:36.204+0800][info] GC(183)   Pre Evacuate Collection Set: 0.1ms
[2024-10-12T10:02:36.204+0800][info] GC(183)   Merge Heap Roots: 0.1ms
[2024-10-12T10:02:36.204+0800][info] GC(183)   Evacuate Collection Set: 1.7ms
[2024-10-12T10:02:36.204+0800][info] GC(183)   Post Evacuate Collection Set: 0.2ms
[2024-10-12T10:02:36.204+0800][info] GC(183)   Other: 0.4ms
[2024-10-12T10:02:36.204+0800][info] GC(183) Eden regions: 5->0(5)
[2024-10-12T10:02:36.204+0800][info] GC(183) Survivor regions: 1->1(1)
[2024-10-12T10:02:36.204+0800][info] GC(183) Old regions: 98->103
[2024-10-12T10:02:36.204+0800][info] GC(183) Archive regions: 2->2
[2024-10-12T10:02:36.204+0800][info] GC(183) Humongous regions: 3->3
[2024-10-12T10:02:36.204+0800][info] GC(183) Metaspace: 1681K(1920K)->1681K(1920K) NonClass: 1557K(1728K)->1557K(1728K) Class: 124K(192K)->124K(192K)
[2024-10-12T10:02:36.205+0800][info] GC(183) Pause Young (Concurrent Start) (G1 Evacuation Pause) 215M->214M(256M) 2.478ms
[2024-10-12T10:02:36.205+0800][info] GC(183) User=0.00s Sys=0.00s Real=0.00s
[2024-10-12T10:02:36.205+0800][info] GC(184) Concurrent Mark Cycle
[2024-10-12T10:02:36.205+0800][info] GC(184) Concurrent Clear Claimed Marks
[2024-10-12T10:02:36.205+0800][info] GC(184) Concurrent Clear Claimed Marks 0.015ms
[2024-10-12T10:02:36.205+0800][info] GC(184) Concurrent Scan Root Regions
[2024-10-12T10:02:36.205+0800][info] GC(184) Concurrent Scan Root Regions 0.104ms
[2024-10-12T10:02:36.205+0800][info] GC(184) Concurrent Mark
[2024-10-12T10:02:36.205+0800][info] GC(184) Concurrent Mark From Roots
[2024-10-12T10:02:36.205+0800][info] GC(184) Using 12 workers of 12 for marking
[2024-10-12T10:02:36.211+0800][info] GC(184) Concurrent Mark From Roots 6.111ms
[2024-10-12T10:02:36.211+0800][info] GC(184) Concurrent Preclean
[2024-10-12T10:02:36.213+0800][info] GC(184) Concurrent Preclean 1.679ms
[2024-10-12T10:02:36.213+0800][info] GC(184) Pause Remark
[2024-10-12T10:02:36.214+0800][info] GC(184) Pause Remark 215M->165M(256M) 1.393ms
[2024-10-12T10:02:36.214+0800][info] GC(184) User=0.00s Sys=0.00s Real=0.01s
[2024-10-12T10:02:36.214+0800][info] GC(184) Concurrent Mark 9.388ms
[2024-10-12T10:02:36.214+0800][info] GC(184) Concurrent Rebuild Remembered Sets
[2024-10-12T10:02:36.215+0800][info] GC(184) Concurrent Rebuild Remembered Sets 1.141ms
[2024-10-12T10:02:36.215+0800][info] GC(184) Pause Cleanup
[2024-10-12T10:02:36.216+0800][info] GC(184) Pause Cleanup 165M->165M(256M) 0.276ms
[2024-10-12T10:02:36.216+0800][info] GC(184) User=0.00s Sys=0.00s Real=0.00s
[2024-10-12T10:02:36.216+0800][info] GC(184) Concurrent Cleanup for Next Mark
[2024-10-12T10:02:36.216+0800][info] GC(184) Concurrent Cleanup for Next Mark 0.400ms
[2024-10-12T10:02:36.216+0800][info] GC(184) Concurrent Mark Cycle 11.670ms
[2024-10-12T10:02:36.521+0800][info] GC(185) Pause Young (Prepare Mixed) (G1 Evacuation Pause)
[2024-10-12T10:02:36.521+0800][info] GC(185) Using 6 workers of 48 for evacuation
[2024-10-12T10:02:36.523+0800][info] GC(185)   Pre Evacuate Collection Set: 0.1ms
[2024-10-12T10:02:36.523+0800][info] GC(185)   Merge Heap Roots: 0.1ms
[2024-10-12T10:02:36.523+0800][info] GC(185)   Evacuate Collection Set: 1.1ms
[2024-10-12T10:02:36.523+0800][info] GC(185)   Post Evacuate Collection Set: 0.2ms
[2024-10-12T10:02:36.523+0800][info] GC(185)   Other: 0.2ms
[2024-10-12T10:02:36.523+0800][info] GC(185) Eden regions: 5->0(5)
[2024-10-12T10:02:36.523+0800][info] GC(185) Survivor regions: 1->1(1)
[2024-10-12T10:02:36.523+0800][info] GC(185) Old regions: 78->83
[2024-10-12T10:02:36.523+0800][info] GC(185) Archive regions: 2->2
[2024-10-12T10:02:36.523+0800][info] GC(185) Humongous regions: 3->3
[2024-10-12T10:02:36.523+0800][info] GC(185) Metaspace: 1681K(1920K)->1681K(1920K) NonClass: 1557K(1728K)->1557K(1728K) Class: 124K(192K)->124K(192K)
[2024-10-12T10:02:36.523+0800][info] GC(185) Pause Young (Prepare Mixed) (G1 Evacuation Pause) 174M->174M(256M) 1.906ms
[2024-10-12T10:02:36.523+0800][info] GC(185) User=0.00s Sys=0.00s Real=0.00s
[2024-10-12T10:02:36.788+0800][info] GC(186) Pause Young (Mixed) (G1 Evacuation Pause)
[2024-10-12T10:02:36.788+0800][info] GC(186) Using 6 workers of 48 for evacuation
[2024-10-12T10:02:36.790+0800][info] GC(186)   Pre Evacuate Collection Set: 0.1ms
[2024-10-12T10:02:36.790+0800][info] GC(186)   Merge Heap Roots: 0.1ms
[2024-10-12T10:02:36.790+0800][info] GC(186)   Evacuate Collection Set: 1.0ms
[2024-10-12T10:02:36.790+0800][info] GC(186)   Post Evacuate Collection Set: 0.2ms
[2024-10-12T10:02:36.790+0800][info] GC(186)   Other: 0.2ms
[2024-10-12T10:02:36.790+0800][info] GC(186) Eden regions: 5->0(5)
[2024-10-12T10:02:36.790+0800][info] GC(186) Survivor regions: 1->1(1)
[2024-10-12T10:02:36.790+0800][info] GC(186) Old regions: 83->74
[2024-10-12T10:02:36.790+0800][info] GC(186) Archive regions: 2->2
[2024-10-12T10:02:36.790+0800][info] GC(186) Humongous regions: 3->3
[2024-10-12T10:02:36.790+0800][info] GC(186) Metaspace: 1681K(1920K)->1681K(1920K) NonClass: 1557K(1728K)->1557K(1728K) Class: 124K(192K)->124K(192K)
[2024-10-12T10:02:36.790+0800][info] GC(186) Pause Young (Mixed) (G1 Evacuation Pause) 184M->157M(256M) 1.740ms
[2024-10-12T10:02:36.790+0800][info] GC(186) User=0.00s Sys=0.00s Real=0.00s
[2024-10-12T10:02:37.055+0800][info] GC(187) Pause Young (Mixed) (G1 Evacuation Pause)
[2024-10-12T10:02:37.055+0800][info] GC(187) Using 6 workers of 48 for evacuation
[2024-10-12T10:02:37.057+0800][info] GC(187)   Pre Evacuate Collection Set: 0.1ms
[2024-10-12T10:02:37.057+0800][info] GC(187)   Merge Heap Roots: 0.1ms
[2024-10-12T10:02:37.057+0800][info] GC(187)   Evacuate Collection Set: 1.2ms
[2024-10-12T10:02:37.057+0800][info] GC(187)   Post Evacuate Collection Set: 0.2ms
[2024-10-12T10:02:37.057+0800][info] GC(187)   Other: 0.2ms
[2024-10-12T10:02:37.057+0800][info] GC(187) Eden regions: 5->0(13)
[2024-10-12T10:02:37.057+0800][info] GC(187) Survivor regions: 1->1(1)
[2024-10-12T10:02:37.057+0800][info] GC(187) Old regions: 74->70
[2024-10-12T10:02:37.057+0800][info] GC(187) Archive regions: 2->2
[2024-10-12T10:02:37.057+0800][info] GC(187) Humongous regions: 4->3
[2024-10-12T10:02:37.057+0800][info] GC(187) Metaspace: 1681K(1920K)->1681K(1920K) NonClass: 1557K(1728K)->1557K(1728K) Class: 124K(192K)->124K(192K)
[2024-10-12T10:02:37.057+0800][info] GC(187) Pause Young (Mixed) (G1 Evacuation Pause) 168M->149M(256M) 1.913ms
[2024-10-12T10:02:37.057+0800][info] GC(187) User=0.00s Sys=0.00s Real=0.00s
[2024-10-12T10:02:37.771+0800][info] GC(188) Pause Young (Normal) (G1 Evacuation Pause)
[2024-10-12T10:02:37.771+0800][info] GC(188) Using 6 workers of 48 for evacuation
[2024-10-12T10:02:37.774+0800][info] GC(188)   Pre Evacuate Collection Set: 0.1ms
[2024-10-12T10:02:37.774+0800][info] GC(188)   Merge Heap Roots: 0.1ms
[2024-10-12T10:02:37.774+0800][info] GC(188)   Evacuate Collection Set: 2.5ms
[2024-10-12T10:02:37.774+0800][info] GC(188)   Post Evacuate Collection Set: 0.2ms
[2024-10-12T10:02:37.774+0800][info] GC(188)   Other: 0.3ms
[2024-10-12T10:02:37.774+0800][info] GC(188) Eden regions: 13->0(8)
[2024-10-12T10:02:37.774+0800][info] GC(188) Survivor regions: 1->2(2)
[2024-10-12T10:02:37.774+0800][info] GC(188) Old regions: 70->82
[2024-10-12T10:02:37.774+0800][info] GC(188) Archive regions: 2->2
[2024-10-12T10:02:37.774+0800][info] GC(188) Humongous regions: 3->3
[2024-10-12T10:02:37.775+0800][info] GC(188) Metaspace: 1681K(1920K)->1681K(1920K) NonClass: 1557K(1728K)->1557K(1728K) Class: 124K(192K)->124K(192K)
[2024-10-12T10:02:37.775+0800][info] GC(188) Pause Young (Normal) (G1 Evacuation Pause) 175M->174M(256M) 3.240ms
[2024-10-12T10:02:37.775+0800][info] GC(188) User=0.02s Sys=0.00s Real=0.01s
[2024-10-12T10:02:38.203+0800][info] GC(189) Pause Young (Normal) (G1 Evacuation Pause)
[2024-10-12T10:02:38.203+0800][info] GC(189) Using 6 workers of 48 for evacuation
[2024-10-12T10:02:38.206+0800][info] GC(189)   Pre Evacuate Collection Set: 0.1ms
[2024-10-12T10:02:38.206+0800][info] GC(189)   Merge Heap Roots: 0.1ms
[2024-10-12T10:02:38.206+0800][info] GC(189)   Evacuate Collection Set: 1.6ms
[2024-10-12T10:02:38.206+0800][info] GC(189)   Post Evacuate Collection Set: 0.2ms
[2024-10-12T10:02:38.206+0800][info] GC(189)   Other: 0.2ms
[2024-10-12T10:02:38.206+0800][info] GC(189) Eden regions: 8->0(5)
[2024-10-12T10:02:38.206+0800][info] GC(189) Survivor regions: 2->2(2)
[2024-10-12T10:02:38.206+0800][info] GC(189) Old regions: 82->89
[2024-10-12T10:02:38.206+0800][info] GC(189) Archive regions: 2->2
[2024-10-12T10:02:38.206+0800][info] GC(189) Humongous regions: 3->3
[2024-10-12T10:02:38.206+0800][info] GC(189) Metaspace: 1681K(1920K)->1681K(1920K) NonClass: 1557K(1728K)->1557K(1728K) Class: 124K(192K)->124K(192K)
[2024-10-12T10:02:38.206+0800][info] GC(189) Pause Young (Normal) (G1 Evacuation Pause) 190M->189M(256M) 2.266ms
[2024-10-12T10:02:38.206+0800][info] GC(189) User=0.01s Sys=0.00s Real=0.01s
[2024-10-12T10:02:38.471+0800][info] GC(190) Pause Young (Normal) (G1 Evacuation Pause)
[2024-10-12T10:02:38.471+0800][info] GC(190) Using 6 workers of 48 for evacuation
[2024-10-12T10:02:38.472+0800][info] GC(190)   Pre Evacuate Collection Set: 0.1ms
[2024-10-12T10:02:38.472+0800][info] GC(190)   Merge Heap Roots: 0.1ms
[2024-10-12T10:02:38.472+0800][info] GC(190)   Evacuate Collection Set: 1.2ms
[2024-10-12T10:02:38.472+0800][info] GC(190)   Post Evacuate Collection Set: 0.2ms
[2024-10-12T10:02:38.472+0800][info] GC(190)   Other: 0.2ms
[2024-10-12T10:02:38.472+0800][info] GC(190) Eden regions: 5->0(5)
[2024-10-12T10:02:38.472+0800][info] GC(190) Survivor regions: 2->1(1)
[2024-10-12T10:02:38.472+0800][info] GC(190) Old regions: 89->96
[2024-10-12T10:02:38.473+0800][info] GC(190) Archive regions: 2->2
[2024-10-12T10:02:38.473+0800][info] GC(190) Humongous regions: 3->3
[2024-10-12T10:02:38.473+0800][info] GC(190) Metaspace: 1681K(1920K)->1681K(1920K) NonClass: 1557K(1728K)->1557K(1728K) Class: 124K(192K)->124K(192K)
[2024-10-12T10:02:38.473+0800][info] GC(190) Pause Young (Normal) (G1 Evacuation Pause) 199M->200M(256M) 1.875ms
[2024-10-12T10:02:38.473+0800][info] GC(190) User=0.00s Sys=0.00s Real=0.00s
[2024-10-12T10:02:38.737+0800][info] GC(191) Pause Young (Normal) (G1 Evacuation Pause)
[2024-10-12T10:02:38.737+0800][info] GC(191) Using 6 workers of 48 for evacuation
[2024-10-12T10:02:38.739+0800][info] GC(191)   Pre Evacuate Collection Set: 0.1ms
[2024-10-12T10:02:38.739+0800][info] GC(191)   Merge Heap Roots: 0.1ms
[2024-10-12T10:02:38.739+0800][info] GC(191)   Evacuate Collection Set: 1.0ms
[2024-10-12T10:02:38.739+0800][info] GC(191)   Post Evacuate Collection Set: 0.2ms
[2024-10-12T10:02:38.739+0800][info] GC(191)   Other: 0.2ms
[2024-10-12T10:02:38.739+0800][info] GC(191) Eden regions: 5->0(5)
[2024-10-12T10:02:38.739+0800][info] GC(191) Survivor regions: 1->1(1)
[2024-10-12T10:02:38.739+0800][info] GC(191) Old regions: 96->100
[2024-10-12T10:02:38.739+0800][info] GC(191) Archive regions: 2->2
[2024-10-12T10:02:38.739+0800][info] GC(191) Humongous regions: 3->3
[2024-10-12T10:02:38.739+0800][info] GC(191) Metaspace: 1681K(1920K)->1681K(1920K) NonClass: 1557K(1728K)->1557K(1728K) Class: 124K(192K)->124K(192K)
[2024-10-12T10:02:38.739+0800][info] GC(191) Pause Young (Normal) (G1 Evacuation Pause) 209M->209M(256M) 1.746ms
[2024-10-12T10:02:38.739+0800][info] GC(191) User=0.00s Sys=0.00s Real=0.00s
[2024-10-12T10:02:38.944+0800][info] Heap
[2024-10-12T10:02:38.944+0800][info]  garbage-first heap   total 262144K, used 221764K [0x00000000f0000000, 0x0000000100000000)
[2024-10-12T10:02:38.944+0800][info]   region size 2048K, 5 young (10240K), 1 survivors (2048K)
[2024-10-12T10:02:38.944+0800][info]  Metaspace       used 1681K, committed 1920K, reserved 1114112K
[2024-10-12T10:02:38.944+0800][info]   class space    used 124K, committed 192K, reserved 1048576K
