[2024-10-12T10:17:36.640+0800][info] Using G1
[2024-10-12T10:17:36.644+0800][info] Version: 17.0.11-internal+0-adhoc.cxl.TencentKona-17-TencentKona-17.0.11 (release)
[2024-10-12T10:17:36.644+0800][info] CPUs: 72 total, 72 available
[2024-10-12T10:17:36.644+0800][info] Memory: 125G
[2024-10-12T10:17:36.644+0800][info] Large Page Support: Disabled
[2024-10-12T10:17:36.644+0800][info] NUMA Support: Disabled
[2024-10-12T10:17:36.644+0800][info] Compressed Oops: Enabled (32-bit)
[2024-10-12T10:17:36.644+0800][info] Heap Region Size: 2M
[2024-10-12T10:17:36.644+0800][info] Heap Min Capacity: 256M
[2024-10-12T10:17:36.644+0800][info] Heap Initial Capacity: 256M
[2024-10-12T10:17:36.644+0800][info] Heap Max Capacity: 256M
[2024-10-12T10:17:36.644+0800][info] Pre-touch: Disabled
[2024-10-12T10:17:36.644+0800][info] Parallel Workers: 48
[2024-10-12T10:17:36.644+0800][info] Concurrent Workers: 12
[2024-10-12T10:17:36.644+0800][info] Concurrent Refinement Workers: 48
[2024-10-12T10:17:36.644+0800][info] Periodic GC: Disabled
[2024-10-12T10:17:36.657+0800][info] CDS archive(s) mapped at: [0x000076e507000000-0x000076e507bc7000-0x000076e507bc7000), size 12349440, SharedBaseAddress: 0x000076e507000000, ArchiveRelocationMode: 1.
[2024-10-12T10:17:36.657+0800][info] Compressed class space mapped at: 0x000076e508000000-0x000076e548000000, reserved size: 1073741824
[2024-10-12T10:17:36.657+0800][info] Narrow klass base: 0x000076e507000000, Narrow klass shift: 0, Narrow klass range: 0x100000000
[2024-10-12T10:17:37.009+0800][info] GC(0) Pause Young (Normal) (G1 Evacuation Pause)
[2024-10-12T10:17:37.010+0800][info] GC(0) Using 6 workers of 48 for evacuation
[2024-10-12T10:17:37.014+0800][info] GC(0)   Pre Evacuate Collection Set: 0.1ms
[2024-10-12T10:17:37.014+0800][info] GC(0)   Merge Heap Roots: 0.1ms
[2024-10-12T10:17:37.014+0800][info] GC(0)   Evacuate Collection Set: 2.7ms
[2024-10-12T10:17:37.014+0800][info] GC(0)   Post Evacuate Collection Set: 0.6ms
[2024-10-12T10:17:37.014+0800][info] GC(0)   Other: 1.7ms
[2024-10-12T10:17:37.014+0800][info] GC(0) Eden regions: 6->0(5)
[2024-10-12T10:17:37.014+0800][info] GC(0) Survivor regions: 0->1(1)
[2024-10-12T10:17:37.014+0800][info] GC(0) Old regions: 0->4
[2024-10-12T10:17:37.014+0800][info] GC(0) Archive regions: 2->2
[2024-10-12T10:17:37.014+0800][info] GC(0) Humongous regions: 1->1
[2024-10-12T10:17:37.014+0800][info] GC(0) Metaspace: 1239K(1344K)->1239K(1344K) NonClass: 1112K(1152K)->1112K(1152K) Class: 127K(192K)->127K(192K)
[2024-10-12T10:17:37.014+0800][info] GC(0) Pause Young (Normal) (G1 Evacuation Pause) 15M->13M(256M) 5.222ms
[2024-10-12T10:17:37.014+0800][info] GC(0) User=0.01s Sys=0.01s Real=0.01s
[2024-10-12T10:17:37.309+0800][info] GC(1) Pause Young (Normal) (G1 Evacuation Pause)
[2024-10-12T10:17:37.309+0800][info] GC(1) Using 6 workers of 48 for evacuation
[2024-10-12T10:17:37.313+0800][info] GC(1)   Pre Evacuate Collection Set: 0.1ms
[2024-10-12T10:17:37.313+0800][info] GC(1)   Merge Heap Roots: 0.0ms
[2024-10-12T10:17:37.313+0800][info] GC(1)   Evacuate Collection Set: 3.5ms
[2024-10-12T10:17:37.313+0800][info] GC(1)   Post Evacuate Collection Set: 1.0ms
[2024-10-12T10:17:37.313+0800][info] GC(1)   Other: 0.2ms
[2024-10-12T10:17:37.313+0800][info] GC(1) Eden regions: 5->0(5)
[2024-10-12T10:17:37.313+0800][info] GC(1) Survivor regions: 1->1(1)
[2024-10-12T10:17:37.313+0800][info] GC(1) Old regions: 4->9
[2024-10-12T10:17:37.313+0800][info] GC(1) Archive regions: 2->2
[2024-10-12T10:17:37.314+0800][info] GC(1) Humongous regions: 1->1
[2024-10-12T10:17:37.314+0800][info] GC(1) Metaspace: 1370K(1536K)->1370K(1536K) NonClass: 1234K(1344K)->1234K(1344K) Class: 135K(192K)->135K(192K)
[2024-10-12T10:17:37.314+0800][info] GC(1) Pause Young (Normal) (G1 Evacuation Pause) 23M->22M(256M) 4.961ms
[2024-10-12T10:17:37.314+0800][info] GC(1) User=0.01s Sys=0.01s Real=0.01s
[2024-10-12T10:17:37.583+0800][info] GC(2) Pause Young (Normal) (G1 Evacuation Pause)
[2024-10-12T10:17:37.583+0800][info] GC(2) Using 6 workers of 48 for evacuation
[2024-10-12T10:17:37.587+0800][info] GC(2)   Pre Evacuate Collection Set: 0.1ms
[2024-10-12T10:17:37.587+0800][info] GC(2)   Merge Heap Roots: 0.0ms
[2024-10-12T10:17:37.587+0800][info] GC(2)   Evacuate Collection Set: 3.4ms
[2024-10-12T10:17:37.587+0800][info] GC(2)   Post Evacuate Collection Set: 0.2ms
[2024-10-12T10:17:37.587+0800][info] GC(2)   Other: 0.2ms
[2024-10-12T10:17:37.587+0800][info] GC(2) Eden regions: 5->0(5)
[2024-10-12T10:17:37.587+0800][info] GC(2) Survivor regions: 1->1(1)
[2024-10-12T10:17:37.587+0800][info] GC(2) Old regions: 9->13
[2024-10-12T10:17:37.587+0800][info] GC(2) Archive regions: 2->2
[2024-10-12T10:17:37.587+0800][info] GC(2) Humongous regions: 1->1
[2024-10-12T10:17:37.587+0800][info] GC(2) Metaspace: 1381K(1536K)->1381K(1536K) NonClass: 1245K(1344K)->1245K(1344K) Class: 135K(192K)->135K(192K)
[2024-10-12T10:17:37.587+0800][info] GC(2) Pause Young (Normal) (G1 Evacuation Pause) 32M->30M(256M) 4.108ms
[2024-10-12T10:17:37.587+0800][info] GC(2) User=0.00s Sys=0.01s Real=0.01s
[2024-10-12T10:17:37.858+0800][info] GC(3) Pause Young (Normal) (G1 Evacuation Pause)
[2024-10-12T10:17:37.858+0800][info] GC(3) Using 6 workers of 48 for evacuation
[2024-10-12T10:17:37.862+0800][info] GC(3)   Pre Evacuate Collection Set: 0.1ms
[2024-10-12T10:17:37.862+0800][info] GC(3)   Merge Heap Roots: 0.1ms
[2024-10-12T10:17:37.862+0800][info] GC(3)   Evacuate Collection Set: 3.4ms
[2024-10-12T10:17:37.862+0800][info] GC(3)   Post Evacuate Collection Set: 0.2ms
[2024-10-12T10:17:37.862+0800][info] GC(3)   Other: 0.2ms
[2024-10-12T10:17:37.862+0800][info] GC(3) Eden regions: 5->0(5)
[2024-10-12T10:17:37.862+0800][info] GC(3) Survivor regions: 1->1(1)
[2024-10-12T10:17:37.863+0800][info] GC(3) Old regions: 13->17
[2024-10-12T10:17:37.863+0800][info] GC(3) Archive regions: 2->2
[2024-10-12T10:17:37.863+0800][info] GC(3) Humongous regions: 1->1
[2024-10-12T10:17:37.863+0800][info] GC(3) Metaspace: 1387K(1536K)->1387K(1536K) NonClass: 1251K(1344K)->1251K(1344K) Class: 135K(192K)->135K(192K)
[2024-10-12T10:17:37.863+0800][info] GC(3) Pause Young (Normal) (G1 Evacuation Pause) 39M->39M(256M) 4.153ms
[2024-10-12T10:17:37.863+0800][info] GC(3) User=0.00s Sys=0.02s Real=0.00s
[2024-10-12T10:17:38.133+0800][info] GC(4) Pause Young (Normal) (G1 Evacuation Pause)
[2024-10-12T10:17:38.133+0800][info] GC(4) Using 6 workers of 48 for evacuation
[2024-10-12T10:17:38.136+0800][info] GC(4)   Pre Evacuate Collection Set: 0.1ms
[2024-10-12T10:17:38.136+0800][info] GC(4)   Merge Heap Roots: 0.1ms
[2024-10-12T10:17:38.136+0800][info] GC(4)   Evacuate Collection Set: 3.0ms
[2024-10-12T10:17:38.136+0800][info] GC(4)   Post Evacuate Collection Set: 0.2ms
[2024-10-12T10:17:38.136+0800][info] GC(4)   Other: 0.2ms
[2024-10-12T10:17:38.136+0800][info] GC(4) Eden regions: 5->0(7)
[2024-10-12T10:17:38.136+0800][info] GC(4) Survivor regions: 1->1(1)
[2024-10-12T10:17:38.136+0800][info] GC(4) Old regions: 17->21
[2024-10-12T10:17:38.136+0800][info] GC(4) Archive regions: 2->2
[2024-10-12T10:17:38.136+0800][info] GC(4) Humongous regions: 1->1
[2024-10-12T10:17:38.136+0800][info] GC(4) Metaspace: 1392K(1536K)->1392K(1536K) NonClass: 1256K(1344K)->1256K(1344K) Class: 135K(192K)->135K(192K)
[2024-10-12T10:17:38.136+0800][info] GC(4) Pause Young (Normal) (G1 Evacuation Pause) 48M->47M(256M) 3.756ms
[2024-10-12T10:17:38.136+0800][info] GC(4) User=0.01s Sys=0.01s Real=0.01s
[2024-10-12T10:17:38.534+0800][info] GC(5) Pause Young (Normal) (G1 Evacuation Pause)
[2024-10-12T10:17:38.534+0800][info] GC(5) Using 6 workers of 48 for evacuation
[2024-10-12T10:17:38.539+0800][info] GC(5)   Pre Evacuate Collection Set: 0.1ms
[2024-10-12T10:17:38.539+0800][info] GC(5)   Merge Heap Roots: 0.1ms
[2024-10-12T10:17:38.539+0800][info] GC(5)   Evacuate Collection Set: 4.8ms
[2024-10-12T10:17:38.539+0800][info] GC(5)   Post Evacuate Collection Set: 0.2ms
[2024-10-12T10:17:38.539+0800][info] GC(5)   Other: 0.2ms
[2024-10-12T10:17:38.539+0800][info] GC(5) Eden regions: 7->0(8)
[2024-10-12T10:17:38.539+0800][info] GC(5) Survivor regions: 1->1(1)
[2024-10-12T10:17:38.539+0800][info] GC(5) Old regions: 21->27
[2024-10-12T10:17:38.539+0800][info] GC(5) Archive regions: 2->2
[2024-10-12T10:17:38.539+0800][info] GC(5) Humongous regions: 1->1
[2024-10-12T10:17:38.539+0800][info] GC(5) Metaspace: 1401K(1536K)->1401K(1536K) NonClass: 1265K(1344K)->1265K(1344K) Class: 135K(192K)->135K(192K)
[2024-10-12T10:17:38.539+0800][info] GC(5) Pause Young (Normal) (G1 Evacuation Pause) 61M->59M(256M) 5.551ms
[2024-10-12T10:17:38.539+0800][info] GC(5) User=0.01s Sys=0.02s Real=0.00s
[2024-10-12T10:17:38.979+0800][info] GC(6) Pause Young (Normal) (G1 Evacuation Pause)
[2024-10-12T10:17:38.979+0800][info] GC(6) Using 6 workers of 48 for evacuation
[2024-10-12T10:17:38.985+0800][info] GC(6)   Pre Evacuate Collection Set: 0.1ms
[2024-10-12T10:17:38.985+0800][info] GC(6)   Merge Heap Roots: 0.1ms
[2024-10-12T10:17:38.985+0800][info] GC(6)   Evacuate Collection Set: 5.3ms
[2024-10-12T10:17:38.985+0800][info] GC(6)   Post Evacuate Collection Set: 0.2ms
[2024-10-12T10:17:38.985+0800][info] GC(6)   Other: 0.3ms
[2024-10-12T10:17:38.985+0800][info] GC(6) Eden regions: 8->0(9)
[2024-10-12T10:17:38.985+0800][info] GC(6) Survivor regions: 1->2(2)
[2024-10-12T10:17:38.985+0800][info] GC(6) Old regions: 27->33
[2024-10-12T10:17:38.985+0800][info] GC(6) Archive regions: 2->2
[2024-10-12T10:17:38.985+0800][info] GC(6) Humongous regions: 2->2
[2024-10-12T10:17:38.985+0800][info] GC(6) Metaspace: 1418K(1536K)->1418K(1536K) NonClass: 1282K(1344K)->1282K(1344K) Class: 135K(192K)->135K(192K)
[2024-10-12T10:17:38.985+0800][info] GC(6) Pause Young (Normal) (G1 Evacuation Pause) 77M->75M(256M) 6.132ms
[2024-10-12T10:17:38.986+0800][info] GC(6) User=0.02s Sys=0.01s Real=0.01s
[2024-10-12T10:17:39.485+0800][info] GC(7) Pause Young (Normal) (G1 Evacuation Pause)
[2024-10-12T10:17:39.486+0800][info] GC(7) Using 6 workers of 48 for evacuation
[2024-10-12T10:17:39.493+0800][info] GC(7)   Pre Evacuate Collection Set: 0.1ms
[2024-10-12T10:17:39.493+0800][info] GC(7)   Merge Heap Roots: 0.1ms
[2024-10-12T10:17:39.493+0800][info] GC(7)   Evacuate Collection Set: 6.9ms
[2024-10-12T10:17:39.493+0800][info] GC(7)   Post Evacuate Collection Set: 0.3ms
[2024-10-12T10:17:39.493+0800][info] GC(7)   Other: 0.3ms
[2024-10-12T10:17:39.493+0800][info] GC(7) Eden regions: 9->0(11)
[2024-10-12T10:17:39.493+0800][info] GC(7) Survivor regions: 2->2(2)
[2024-10-12T10:17:39.493+0800][info] GC(7) Old regions: 33->42
[2024-10-12T10:17:39.493+0800][info] GC(7) Archive regions: 2->2
[2024-10-12T10:17:39.493+0800][info] GC(7) Humongous regions: 2->2
[2024-10-12T10:17:39.493+0800][info] GC(7) Metaspace: 1480K(1600K)->1480K(1600K) NonClass: 1344K(1408K)->1344K(1408K) Class: 135K(192K)->135K(192K)
[2024-10-12T10:17:39.493+0800][info] GC(7) Pause Young (Normal) (G1 Evacuation Pause) 92M->92M(256M) 7.787ms
[2024-10-12T10:17:39.493+0800][info] GC(7) User=0.01s Sys=0.03s Real=0.01s
[2024-10-12T10:17:40.095+0800][info] GC(8) Pause Young (Normal) (G1 Evacuation Pause)
[2024-10-12T10:17:40.095+0800][info] GC(8) Using 6 workers of 48 for evacuation
[2024-10-12T10:17:40.103+0800][info] GC(8)   Pre Evacuate Collection Set: 0.1ms
[2024-10-12T10:17:40.103+0800][info] GC(8)   Merge Heap Roots: 0.1ms
[2024-10-12T10:17:40.103+0800][info] GC(8)   Evacuate Collection Set: 7.1ms
[2024-10-12T10:17:40.103+0800][info] GC(8)   Post Evacuate Collection Set: 0.2ms
[2024-10-12T10:17:40.103+0800][info] GC(8)   Other: 0.3ms
[2024-10-12T10:17:40.103+0800][info] GC(8) Eden regions: 11->0(13)
[2024-10-12T10:17:40.103+0800][info] GC(8) Survivor regions: 2->2(2)
[2024-10-12T10:17:40.103+0800][info] GC(8) Old regions: 42->51
[2024-10-12T10:17:40.103+0800][info] GC(8) Archive regions: 2->2
[2024-10-12T10:17:40.103+0800][info] GC(8) Humongous regions: 2->2
[2024-10-12T10:17:40.103+0800][info] GC(8) Metaspace: 1516K(1664K)->1516K(1664K) NonClass: 1380K(1472K)->1380K(1472K) Class: 135K(192K)->135K(192K)
[2024-10-12T10:17:40.103+0800][info] GC(8) Pause Young (Normal) (G1 Evacuation Pause) 113M->110M(256M) 7.911ms
[2024-10-12T10:17:40.103+0800][info] GC(8) User=0.00s Sys=0.04s Real=0.00s
[2024-10-12T10:17:40.828+0800][info] GC(9) Pause Young (Normal) (G1 Evacuation Pause)
[2024-10-12T10:17:40.828+0800][info] GC(9) Using 6 workers of 48 for evacuation
[2024-10-12T10:17:40.838+0800][info] GC(9)   Pre Evacuate Collection Set: 0.1ms
[2024-10-12T10:17:40.838+0800][info] GC(9)   Merge Heap Roots: 0.1ms
[2024-10-12T10:17:40.838+0800][info] GC(9)   Evacuate Collection Set: 9.4ms
[2024-10-12T10:17:40.838+0800][info] GC(9)   Post Evacuate Collection Set: 0.2ms
[2024-10-12T10:17:40.838+0800][info] GC(9)   Other: 0.3ms
[2024-10-12T10:17:40.838+0800][info] GC(9) Eden regions: 13->0(14)
[2024-10-12T10:17:40.838+0800][info] GC(9) Survivor regions: 2->2(2)
[2024-10-12T10:17:40.838+0800][info] GC(9) Old regions: 51->63
[2024-10-12T10:17:40.838+0800][info] GC(9) Archive regions: 2->2
[2024-10-12T10:17:40.838+0800][info] GC(9) Humongous regions: 2->2
[2024-10-12T10:17:40.838+0800][info] GC(9) Metaspace: 1563K(1664K)->1563K(1664K) NonClass: 1427K(1472K)->1427K(1472K) Class: 135K(192K)->135K(192K)
[2024-10-12T10:17:40.838+0800][info] GC(9) Pause Young (Normal) (G1 Evacuation Pause) 136M->135M(256M) 10.213ms
[2024-10-12T10:17:40.838+0800][info] GC(9) User=0.03s Sys=0.03s Real=0.01s
[2024-10-12T10:17:41.003+0800][info] GC(10) Pause Young (Concurrent Start) (G1 Humongous Allocation)
[2024-10-12T10:17:41.003+0800][info] GC(10) Using 6 workers of 48 for evacuation
[2024-10-12T10:17:41.007+0800][info] GC(10)   Pre Evacuate Collection Set: 0.1ms
[2024-10-12T10:17:41.007+0800][info] GC(10)   Merge Heap Roots: 0.1ms
[2024-10-12T10:17:41.007+0800][info] GC(10)   Evacuate Collection Set: 2.9ms
[2024-10-12T10:17:41.007+0800][info] GC(10)   Post Evacuate Collection Set: 0.2ms
[2024-10-12T10:17:41.007+0800][info] GC(10)   Other: 1.2ms
[2024-10-12T10:17:41.007+0800][info] GC(10) Eden regions: 4->0(13)
[2024-10-12T10:17:41.007+0800][info] GC(10) Survivor regions: 2->2(2)
[2024-10-12T10:17:41.008+0800][info] GC(10) Old regions: 63->67
[2024-10-12T10:17:41.008+0800][info] GC(10) Archive regions: 2->2
[2024-10-12T10:17:41.008+0800][info] GC(10) Humongous regions: 2->2
[2024-10-12T10:17:41.008+0800][info] GC(10) Metaspace: 1563K(1664K)->1563K(1664K) NonClass: 1427K(1472K)->1427K(1472K) Class: 135K(192K)->135K(192K)
[2024-10-12T10:17:41.008+0800][info] GC(10) Pause Young (Concurrent Start) (G1 Humongous Allocation) 142M->142M(256M) 4.717ms
[2024-10-12T10:17:41.008+0800][info] GC(10) User=0.00s Sys=0.02s Real=0.01s
[2024-10-12T10:17:41.008+0800][info] GC(11) Concurrent Mark Cycle
[2024-10-12T10:17:41.008+0800][info] GC(11) Concurrent Clear Claimed Marks
[2024-10-12T10:17:41.008+0800][info] GC(11) Concurrent Clear Claimed Marks 0.031ms
[2024-10-12T10:17:41.008+0800][info] GC(11) Concurrent Scan Root Regions
[2024-10-12T10:17:41.010+0800][info] GC(11) Concurrent Scan Root Regions 2.024ms
[2024-10-12T10:17:41.010+0800][info] GC(11) Concurrent Mark
[2024-10-12T10:17:41.010+0800][info] GC(11) Concurrent Mark From Roots
[2024-10-12T10:17:41.011+0800][info] GC(11) Using 12 workers of 12 for marking
[2024-10-12T10:17:41.015+0800][info] GC(11) Concurrent Mark From Roots 4.848ms
[2024-10-12T10:17:41.015+0800][info] GC(11) Concurrent Preclean
[2024-10-12T10:17:41.016+0800][info] GC(11) Concurrent Preclean 1.026ms
[2024-10-12T10:17:41.016+0800][info] GC(11) Pause Remark
[2024-10-12T10:17:41.017+0800][info] GC(11) Pause Remark 145M->135M(256M) 0.895ms
[2024-10-12T10:17:41.017+0800][info] GC(11) User=0.00s Sys=0.00s Real=0.00s
[2024-10-12T10:17:41.017+0800][info] GC(11) Concurrent Mark 6.973ms
[2024-10-12T10:17:41.017+0800][info] GC(11) Concurrent Rebuild Remembered Sets
[2024-10-12T10:17:41.018+0800][info] GC(11) Concurrent Rebuild Remembered Sets 0.972ms
[2024-10-12T10:17:41.018+0800][info] GC(11) Pause Cleanup
[2024-10-12T10:17:41.018+0800][info] GC(11) Pause Cleanup 135M->135M(256M) 0.218ms
[2024-10-12T10:17:41.018+0800][info] GC(11) User=0.00s Sys=0.00s Real=0.00s
[2024-10-12T10:17:41.018+0800][info] GC(11) Concurrent Cleanup for Next Mark
[2024-10-12T10:17:41.020+0800][info] GC(11) Concurrent Cleanup for Next Mark 1.274ms
[2024-10-12T10:17:41.020+0800][info] GC(11) Concurrent Mark Cycle 12.065ms
[2024-10-12T10:17:41.786+0800][info] GC(12) Pause Young (Prepare Mixed) (G1 Evacuation Pause)
[2024-10-12T10:17:41.786+0800][info] GC(12) Using 6 workers of 48 for evacuation
[2024-10-12T10:17:41.791+0800][info] GC(12)   Pre Evacuate Collection Set: 0.1ms
[2024-10-12T10:17:41.791+0800][info] GC(12)   Merge Heap Roots: 0.1ms
[2024-10-12T10:17:41.791+0800][info] GC(12)   Evacuate Collection Set: 4.8ms
[2024-10-12T10:17:41.791+0800][info] GC(12)   Post Evacuate Collection Set: 0.2ms
[2024-10-12T10:17:41.791+0800][info] GC(12)   Other: 0.3ms
[2024-10-12T10:17:41.791+0800][info] GC(12) Eden regions: 13->0(4)
[2024-10-12T10:17:41.791+0800][info] GC(12) Survivor regions: 2->2(2)
[2024-10-12T10:17:41.791+0800][info] GC(12) Old regions: 62->73
[2024-10-12T10:17:41.791+0800][info] GC(12) Archive regions: 2->2
[2024-10-12T10:17:41.791+0800][info] GC(12) Humongous regions: 3->2
[2024-10-12T10:17:41.791+0800][info] GC(12) Metaspace: 1563K(1664K)->1563K(1664K) NonClass: 1427K(1472K)->1427K(1472K) Class: 135K(192K)->135K(192K)
[2024-10-12T10:17:41.791+0800][info] GC(12) Pause Young (Prepare Mixed) (G1 Evacuation Pause) 160M->155M(256M) 5.627ms
[2024-10-12T10:17:41.791+0800][info] GC(12) User=0.01s Sys=0.02s Real=0.00s
[2024-10-12T10:17:42.018+0800][info] GC(13) Pause Young (Mixed) (G1 Evacuation Pause)
[2024-10-12T10:17:42.018+0800][info] GC(13) Using 6 workers of 48 for evacuation
[2024-10-12T10:17:42.023+0800][info] GC(13)   Pre Evacuate Collection Set: 0.2ms
[2024-10-12T10:17:42.023+0800][info] GC(13)   Merge Heap Roots: 0.1ms
[2024-10-12T10:17:42.023+0800][info] GC(13)   Evacuate Collection Set: 3.9ms
[2024-10-12T10:17:42.023+0800][info] GC(13)   Post Evacuate Collection Set: 0.2ms
[2024-10-12T10:17:42.023+0800][info] GC(13)   Other: 0.2ms
[2024-10-12T10:17:42.023+0800][info] GC(13) Eden regions: 4->0(5)
[2024-10-12T10:17:42.023+0800][info] GC(13) Survivor regions: 2->1(1)
[2024-10-12T10:17:42.023+0800][info] GC(13) Old regions: 73->65
[2024-10-12T10:17:42.023+0800][info] GC(13) Archive regions: 2->2
[2024-10-12T10:17:42.023+0800][info] GC(13) Humongous regions: 2->2
[2024-10-12T10:17:42.023+0800][info] GC(13) Metaspace: 1563K(1664K)->1563K(1664K) NonClass: 1427K(1472K)->1427K(1472K) Class: 135K(192K)->135K(192K)
[2024-10-12T10:17:42.023+0800][info] GC(13) Pause Young (Mixed) (G1 Evacuation Pause) 163M->137M(256M) 4.751ms
[2024-10-12T10:17:42.023+0800][info] GC(13) User=0.00s Sys=0.02s Real=0.00s
[2024-10-12T10:17:42.292+0800][info] GC(14) Pause Young (Mixed) (G1 Evacuation Pause)
[2024-10-12T10:17:42.292+0800][info] GC(14) Using 6 workers of 48 for evacuation
[2024-10-12T10:17:42.294+0800][info] GC(14)   Pre Evacuate Collection Set: 0.2ms
[2024-10-12T10:17:42.294+0800][info] GC(14)   Merge Heap Roots: 0.1ms
[2024-10-12T10:17:42.294+0800][info] GC(14)   Evacuate Collection Set: 1.6ms
[2024-10-12T10:17:42.294+0800][info] GC(14)   Post Evacuate Collection Set: 0.2ms
[2024-10-12T10:17:42.294+0800][info] GC(14)   Other: 0.2ms
[2024-10-12T10:17:42.294+0800][info] GC(14) Eden regions: 5->0(5)
[2024-10-12T10:17:42.294+0800][info] GC(14) Survivor regions: 1->1(1)
[2024-10-12T10:17:42.294+0800][info] GC(14) Old regions: 65->59
[2024-10-12T10:17:42.294+0800][info] GC(14) Archive regions: 2->2
[2024-10-12T10:17:42.294+0800][info] GC(14) Humongous regions: 2->2
[2024-10-12T10:17:42.294+0800][info] GC(14) Metaspace: 1577K(1728K)->1577K(1728K) NonClass: 1441K(1536K)->1441K(1536K) Class: 135K(192K)->135K(192K)
[2024-10-12T10:17:42.294+0800][info] GC(14) Pause Young (Mixed) (G1 Evacuation Pause) 147M->125M(256M) 2.445ms
[2024-10-12T10:17:42.294+0800][info] GC(14) User=0.01s Sys=0.00s Real=0.01s
[2024-10-12T10:17:42.561+0800][info] GC(15) Pause Young (Mixed) (G1 Evacuation Pause)
[2024-10-12T10:17:42.561+0800][info] GC(15) Using 6 workers of 48 for evacuation
[2024-10-12T10:17:42.564+0800][info] GC(15)   Pre Evacuate Collection Set: 0.2ms
[2024-10-12T10:17:42.564+0800][info] GC(15)   Merge Heap Roots: 0.1ms
[2024-10-12T10:17:42.564+0800][info] GC(15)   Evacuate Collection Set: 1.6ms
[2024-10-12T10:17:42.564+0800][info] GC(15)   Post Evacuate Collection Set: 0.3ms
[2024-10-12T10:17:42.564+0800][info] GC(15)   Other: 0.2ms
[2024-10-12T10:17:42.564+0800][info] GC(15) Eden regions: 5->0(15)
[2024-10-12T10:17:42.564+0800][info] GC(15) Survivor regions: 1->1(1)
[2024-10-12T10:17:42.564+0800][info] GC(15) Old regions: 59->61
[2024-10-12T10:17:42.564+0800][info] GC(15) Archive regions: 2->2
[2024-10-12T10:17:42.564+0800][info] GC(15) Humongous regions: 2->2
[2024-10-12T10:17:42.564+0800][info] GC(15) Metaspace: 1580K(1728K)->1580K(1728K) NonClass: 1444K(1536K)->1444K(1536K) Class: 135K(192K)->135K(192K)
[2024-10-12T10:17:42.564+0800][info] GC(15) Pause Young (Mixed) (G1 Evacuation Pause) 134M->128M(256M) 2.463ms
[2024-10-12T10:17:42.564+0800][info] GC(15) User=0.01s Sys=0.00s Real=0.00s
[2024-10-12T10:17:43.138+0800][info] GC(16) Pause Young (Concurrent Start) (G1 Humongous Allocation)
[2024-10-12T10:17:43.138+0800][info] GC(16) Using 6 workers of 48 for evacuation
[2024-10-12T10:17:43.140+0800][info] GC(16)   Pre Evacuate Collection Set: 0.1ms
[2024-10-12T10:17:43.140+0800][info] GC(16)   Merge Heap Roots: 0.1ms
[2024-10-12T10:17:43.140+0800][info] GC(16)   Evacuate Collection Set: 1.7ms
[2024-10-12T10:17:43.140+0800][info] GC(16)   Post Evacuate Collection Set: 0.2ms
[2024-10-12T10:17:43.140+0800][info] GC(16)   Other: 0.4ms
[2024-10-12T10:17:43.140+0800][info] GC(16) Eden regions: 11->0(12)
[2024-10-12T10:17:43.140+0800][info] GC(16) Survivor regions: 1->2(2)
[2024-10-12T10:17:43.140+0800][info] GC(16) Old regions: 61->70
[2024-10-12T10:17:43.140+0800][info] GC(16) Archive regions: 2->2
[2024-10-12T10:17:43.140+0800][info] GC(16) Humongous regions: 2->2
[2024-10-12T10:17:43.140+0800][info] GC(16) Metaspace: 1584K(1728K)->1584K(1728K) NonClass: 1448K(1536K)->1448K(1536K) Class: 135K(192K)->135K(192K)
[2024-10-12T10:17:43.140+0800][info] GC(16) Pause Young (Concurrent Start) (G1 Humongous Allocation) 149M->149M(256M) 2.660ms
[2024-10-12T10:17:43.140+0800][info] GC(16) User=0.01s Sys=0.01s Real=0.00s
[2024-10-12T10:17:43.141+0800][info] GC(17) Concurrent Mark Cycle
[2024-10-12T10:17:43.141+0800][info] GC(17) Concurrent Clear Claimed Marks
[2024-10-12T10:17:43.141+0800][info] GC(17) Concurrent Clear Claimed Marks 0.020ms
[2024-10-12T10:17:43.141+0800][info] GC(17) Concurrent Scan Root Regions
[2024-10-12T10:17:43.141+0800][info] GC(17) Concurrent Scan Root Regions 0.135ms
[2024-10-12T10:17:43.141+0800][info] GC(17) Concurrent Mark
[2024-10-12T10:17:43.141+0800][info] GC(17) Concurrent Mark From Roots
[2024-10-12T10:17:43.141+0800][info] GC(17) Using 12 workers of 12 for marking
[2024-10-12T10:17:43.144+0800][info] GC(17) Concurrent Mark From Roots 3.100ms
[2024-10-12T10:17:43.144+0800][info] GC(17) Concurrent Preclean
[2024-10-12T10:17:43.146+0800][info] GC(17) Concurrent Preclean 1.667ms
[2024-10-12T10:17:43.146+0800][info] GC(17) Pause Remark
[2024-10-12T10:17:43.147+0800][info] GC(17) Pause Remark 152M->124M(256M) 1.020ms
[2024-10-12T10:17:43.147+0800][info] GC(17) User=0.00s Sys=0.00s Real=0.00s
[2024-10-12T10:17:43.147+0800][info] GC(17) Concurrent Mark 5.941ms
[2024-10-12T10:17:43.147+0800][info] GC(17) Concurrent Rebuild Remembered Sets
[2024-10-12T10:17:43.148+0800][info] GC(17) Concurrent Rebuild Remembered Sets 1.162ms
[2024-10-12T10:17:43.148+0800][info] GC(17) Pause Cleanup
[2024-10-12T10:17:43.148+0800][info] GC(17) Pause Cleanup 124M->124M(256M) 0.264ms
[2024-10-12T10:17:43.148+0800][info] GC(17) User=0.00s Sys=0.00s Real=0.00s
[2024-10-12T10:17:43.148+0800][info] GC(17) Concurrent Cleanup for Next Mark
[2024-10-12T10:17:43.151+0800][info] GC(17) Concurrent Cleanup for Next Mark 2.918ms
[2024-10-12T10:17:43.151+0800][info] GC(17) Concurrent Mark Cycle 10.769ms
[2024-10-12T10:17:43.871+0800][info] GC(18) Pause Young (Prepare Mixed) (G1 Evacuation Pause)
[2024-10-12T10:17:43.871+0800][info] GC(18) Using 6 workers of 48 for evacuation
[2024-10-12T10:17:43.874+0800][info] GC(18)   Pre Evacuate Collection Set: 0.1ms
[2024-10-12T10:17:43.874+0800][info] GC(18)   Merge Heap Roots: 0.1ms
[2024-10-12T10:17:43.874+0800][info] GC(18)   Evacuate Collection Set: 2.0ms
[2024-10-12T10:17:43.874+0800][info] GC(18)   Post Evacuate Collection Set: 0.2ms
[2024-10-12T10:17:43.874+0800][info] GC(18)   Other: 0.2ms
[2024-10-12T10:17:43.874+0800][info] GC(18) Eden regions: 12->0(4)
[2024-10-12T10:17:43.874+0800][info] GC(18) Survivor regions: 2->2(2)
[2024-10-12T10:17:43.874+0800][info] GC(18) Old regions: 56->67
[2024-10-12T10:17:43.874+0800][info] GC(18) Archive regions: 2->2
[2024-10-12T10:17:43.874+0800][info] GC(18) Humongous regions: 3->3
[2024-10-12T10:17:43.874+0800][info] GC(18) Metaspace: 1605K(1728K)->1605K(1728K) NonClass: 1469K(1536K)->1469K(1536K) Class: 135K(192K)->135K(192K)
[2024-10-12T10:17:43.874+0800][info] GC(18) Pause Young (Prepare Mixed) (G1 Evacuation Pause) 147M->145M(256M) 2.808ms
[2024-10-12T10:17:43.874+0800][info] GC(18) User=0.01s Sys=0.00s Real=0.01s
[2024-10-12T10:17:44.080+0800][info] GC(19) Pause Young (Mixed) (G1 Evacuation Pause)
[2024-10-12T10:17:44.080+0800][info] GC(19) Using 6 workers of 48 for evacuation
[2024-10-12T10:17:44.081+0800][info] GC(19)   Pre Evacuate Collection Set: 0.2ms
[2024-10-12T10:17:44.081+0800][info] GC(19)   Merge Heap Roots: 0.1ms
[2024-10-12T10:17:44.081+0800][info] GC(19)   Evacuate Collection Set: 1.2ms
[2024-10-12T10:17:44.081+0800][info] GC(19)   Post Evacuate Collection Set: 0.2ms
[2024-10-12T10:17:44.081+0800][info] GC(19)   Other: 0.2ms
[2024-10-12T10:17:44.081+0800][info] GC(19) Eden regions: 4->0(5)
[2024-10-12T10:17:44.081+0800][info] GC(19) Survivor regions: 2->1(1)
[2024-10-12T10:17:44.082+0800][info] GC(19) Old regions: 67->60
[2024-10-12T10:17:44.082+0800][info] GC(19) Archive regions: 2->2
[2024-10-12T10:17:44.082+0800][info] GC(19) Humongous regions: 3->3
[2024-10-12T10:17:44.082+0800][info] GC(19) Metaspace: 1606K(1728K)->1606K(1728K) NonClass: 1470K(1536K)->1470K(1536K) Class: 135K(192K)->135K(192K)
[2024-10-12T10:17:44.082+0800][info] GC(19) Pause Young (Mixed) (G1 Evacuation Pause) 152M->129M(256M) 2.026ms
[2024-10-12T10:17:44.082+0800][info] GC(19) User=0.00s Sys=0.00s Real=0.00s
[2024-10-12T10:17:44.348+0800][info] GC(20) Pause Young (Mixed) (G1 Evacuation Pause)
[2024-10-12T10:17:44.348+0800][info] GC(20) Using 6 workers of 48 for evacuation
[2024-10-12T10:17:44.350+0800][info] GC(20)   Pre Evacuate Collection Set: 0.2ms
[2024-10-12T10:17:44.350+0800][info] GC(20)   Merge Heap Roots: 0.1ms
[2024-10-12T10:17:44.350+0800][info] GC(20)   Evacuate Collection Set: 1.8ms
[2024-10-12T10:17:44.350+0800][info] GC(20)   Post Evacuate Collection Set: 0.2ms
[2024-10-12T10:17:44.350+0800][info] GC(20)   Other: 0.2ms
[2024-10-12T10:17:44.350+0800][info] GC(20) Eden regions: 5->0(17)
[2024-10-12T10:17:44.350+0800][info] GC(20) Survivor regions: 1->1(1)
[2024-10-12T10:17:44.350+0800][info] GC(20) Old regions: 60->58
[2024-10-12T10:17:44.350+0800][info] GC(20) Archive regions: 2->2
[2024-10-12T10:17:44.350+0800][info] GC(20) Humongous regions: 3->3
[2024-10-12T10:17:44.350+0800][info] GC(20) Metaspace: 1606K(1728K)->1606K(1728K) NonClass: 1470K(1536K)->1470K(1536K) Class: 135K(192K)->135K(192K)
[2024-10-12T10:17:44.351+0800][info] GC(20) Pause Young (Mixed) (G1 Evacuation Pause) 139M->125M(256M) 2.602ms
[2024-10-12T10:17:44.351+0800][info] GC(20) User=0.01s Sys=0.00s Real=0.00s
[2024-10-12T10:17:45.256+0800][info] GC(21) Pause Young (Concurrent Start) (G1 Humongous Allocation)
[2024-10-12T10:17:45.256+0800][info] GC(21) Using 6 workers of 48 for evacuation
[2024-10-12T10:17:45.260+0800][info] GC(21)   Pre Evacuate Collection Set: 0.1ms
[2024-10-12T10:17:45.260+0800][info] GC(21)   Merge Heap Roots: 0.1ms
[2024-10-12T10:17:45.260+0800][info] GC(21)   Evacuate Collection Set: 4.0ms
[2024-10-12T10:17:45.260+0800][info] GC(21)   Post Evacuate Collection Set: 0.2ms
[2024-10-12T10:17:45.260+0800][info] GC(21)   Other: 0.4ms
[2024-10-12T10:17:45.260+0800][info] GC(21) Eden regions: 17->0(11)
[2024-10-12T10:17:45.260+0800][info] GC(21) Survivor regions: 1->3(3)
[2024-10-12T10:17:45.260+0800][info] GC(21) Old regions: 58->72
[2024-10-12T10:17:45.260+0800][info] GC(21) Archive regions: 2->2
[2024-10-12T10:17:45.260+0800][info] GC(21) Humongous regions: 3->3
[2024-10-12T10:17:45.260+0800][info] GC(21) Metaspace: 1613K(1728K)->1613K(1728K) NonClass: 1477K(1536K)->1477K(1536K) Class: 135K(192K)->135K(192K)
[2024-10-12T10:17:45.261+0800][info] GC(21) Pause Young (Concurrent Start) (G1 Humongous Allocation) 158M->156M(256M) 4.996ms
[2024-10-12T10:17:45.261+0800][info] GC(21) User=0.01s Sys=0.01s Real=0.00s
[2024-10-12T10:17:45.261+0800][info] GC(22) Concurrent Mark Cycle
[2024-10-12T10:17:45.261+0800][info] GC(22) Concurrent Clear Claimed Marks
[2024-10-12T10:17:45.261+0800][info] GC(22) Concurrent Clear Claimed Marks 0.025ms
[2024-10-12T10:17:45.261+0800][info] GC(22) Concurrent Scan Root Regions
[2024-10-12T10:17:45.261+0800][info] GC(22) Concurrent Scan Root Regions 0.183ms
[2024-10-12T10:17:45.261+0800][info] GC(22) Concurrent Mark
[2024-10-12T10:17:45.261+0800][info] GC(22) Concurrent Mark From Roots
[2024-10-12T10:17:45.261+0800][info] GC(22) Using 12 workers of 12 for marking
[2024-10-12T10:17:45.265+0800][info] GC(22) Concurrent Mark From Roots 3.931ms
[2024-10-12T10:17:45.265+0800][info] GC(22) Concurrent Preclean
[2024-10-12T10:17:45.267+0800][info] GC(22) Concurrent Preclean 1.681ms
[2024-10-12T10:17:45.267+0800][info] GC(22) Pause Remark
[2024-10-12T10:17:45.268+0800][info] GC(22) Pause Remark 159M->141M(256M) 1.084ms
[2024-10-12T10:17:45.268+0800][info] GC(22) User=0.00s Sys=0.00s Real=0.00s
[2024-10-12T10:17:45.268+0800][info] GC(22) Concurrent Mark 6.926ms
[2024-10-12T10:17:45.268+0800][info] GC(22) Concurrent Rebuild Remembered Sets
[2024-10-12T10:17:45.269+0800][info] GC(22) Concurrent Rebuild Remembered Sets 1.254ms
[2024-10-12T10:17:45.269+0800][info] GC(22) Pause Cleanup
[2024-10-12T10:17:45.269+0800][info] GC(22) Pause Cleanup 141M->141M(256M) 0.209ms
[2024-10-12T10:17:45.269+0800][info] GC(22) User=0.00s Sys=0.00s Real=0.00s
[2024-10-12T10:17:45.270+0800][info] GC(22) Concurrent Cleanup for Next Mark
[2024-10-12T10:17:45.270+0800][info] GC(22) Concurrent Cleanup for Next Mark 0.364ms
[2024-10-12T10:17:45.270+0800][info] GC(22) Concurrent Mark Cycle 9.245ms
[2024-10-12T10:17:45.929+0800][info] GC(23) Pause Young (Prepare Mixed) (G1 Evacuation Pause)
[2024-10-12T10:17:45.929+0800][info] GC(23) Using 6 workers of 48 for evacuation
[2024-10-12T10:17:45.932+0800][info] GC(23)   Pre Evacuate Collection Set: 0.1ms
[2024-10-12T10:17:45.932+0800][info] GC(23)   Merge Heap Roots: 0.1ms
[2024-10-12T10:17:45.932+0800][info] GC(23)   Evacuate Collection Set: 2.0ms
[2024-10-12T10:17:45.932+0800][info] GC(23)   Post Evacuate Collection Set: 0.2ms
[2024-10-12T10:17:45.932+0800][info] GC(23)   Other: 0.2ms
[2024-10-12T10:17:45.932+0800][info] GC(23) Eden regions: 11->0(4)
[2024-10-12T10:17:45.932+0800][info] GC(23) Survivor regions: 3->2(2)
[2024-10-12T10:17:45.932+0800][info] GC(23) Old regions: 63->74
[2024-10-12T10:17:45.932+0800][info] GC(23) Archive regions: 2->2
[2024-10-12T10:17:45.932+0800][info] GC(23) Humongous regions: 4->3
[2024-10-12T10:17:45.932+0800][info] GC(23) Metaspace: 1615K(1728K)->1615K(1728K) NonClass: 1479K(1536K)->1479K(1536K) Class: 135K(192K)->135K(192K)
[2024-10-12T10:17:45.932+0800][info] GC(23) Pause Young (Prepare Mixed) (G1 Evacuation Pause) 162M->158M(256M) 2.763ms
[2024-10-12T10:17:45.932+0800][info] GC(23) User=0.01s Sys=0.01s Real=0.00s
[2024-10-12T10:17:46.159+0800][info] GC(24) Pause Young (Mixed) (G1 Evacuation Pause)
[2024-10-12T10:17:46.159+0800][info] GC(24) Using 6 workers of 48 for evacuation
[2024-10-12T10:17:46.163+0800][info] GC(24)   Pre Evacuate Collection Set: 0.2ms
[2024-10-12T10:17:46.163+0800][info] GC(24)   Merge Heap Roots: 0.1ms
[2024-10-12T10:17:46.163+0800][info] GC(24)   Evacuate Collection Set: 3.2ms
[2024-10-12T10:17:46.163+0800][info] GC(24)   Post Evacuate Collection Set: 0.2ms
[2024-10-12T10:17:46.163+0800][info] GC(24)   Other: 0.2ms
[2024-10-12T10:17:46.163+0800][info] GC(24) Eden regions: 4->0(5)
[2024-10-12T10:17:46.163+0800][info] GC(24) Survivor regions: 2->1(1)
[2024-10-12T10:17:46.163+0800][info] GC(24) Old regions: 74->67
[2024-10-12T10:17:46.163+0800][info] GC(24) Archive regions: 2->2
[2024-10-12T10:17:46.163+0800][info] GC(24) Humongous regions: 3->3
[2024-10-12T10:17:46.163+0800][info] GC(24) Metaspace: 1615K(1728K)->1615K(1728K) NonClass: 1479K(1536K)->1479K(1536K) Class: 135K(192K)->135K(192K)
[2024-10-12T10:17:46.163+0800][info] GC(24) Pause Young (Mixed) (G1 Evacuation Pause) 166M->143M(256M) 4.001ms
[2024-10-12T10:17:46.163+0800][info] GC(24) User=0.00s Sys=0.01s Real=0.00s
[2024-10-12T10:17:46.429+0800][info] GC(25) Pause Young (Mixed) (G1 Evacuation Pause)
[2024-10-12T10:17:46.429+0800][info] GC(25) Using 6 workers of 48 for evacuation
[2024-10-12T10:17:46.431+0800][info] GC(25)   Pre Evacuate Collection Set: 0.2ms
[2024-10-12T10:17:46.431+0800][info] GC(25)   Merge Heap Roots: 0.1ms
[2024-10-12T10:17:46.431+0800][info] GC(25)   Evacuate Collection Set: 1.7ms
[2024-10-12T10:17:46.431+0800][info] GC(25)   Post Evacuate Collection Set: 0.2ms
[2024-10-12T10:17:46.431+0800][info] GC(25)   Other: 0.2ms
[2024-10-12T10:17:46.431+0800][info] GC(25) Eden regions: 5->0(5)
[2024-10-12T10:17:46.431+0800][info] GC(25) Survivor regions: 1->1(1)
[2024-10-12T10:17:46.431+0800][info] GC(25) Old regions: 67->62
[2024-10-12T10:17:46.431+0800][info] GC(25) Archive regions: 2->2
[2024-10-12T10:17:46.431+0800][info] GC(25) Humongous regions: 3->3
[2024-10-12T10:17:46.431+0800][info] GC(25) Metaspace: 1615K(1728K)->1615K(1728K) NonClass: 1479K(1536K)->1479K(1536K) Class: 135K(192K)->135K(192K)
[2024-10-12T10:17:46.431+0800][info] GC(25) Pause Young (Mixed) (G1 Evacuation Pause) 153M->132M(256M) 2.480ms
[2024-10-12T10:17:46.432+0800][info] GC(25) User=0.01s Sys=0.01s Real=0.00s
[2024-10-12T10:17:46.698+0800][info] GC(26) Pause Young (Mixed) (G1 Evacuation Pause)
[2024-10-12T10:17:46.698+0800][info] GC(26) Using 6 workers of 48 for evacuation
[2024-10-12T10:17:46.699+0800][info] GC(26)   Pre Evacuate Collection Set: 0.2ms
[2024-10-12T10:17:46.699+0800][info] GC(26)   Merge Heap Roots: 0.1ms
[2024-10-12T10:17:46.699+0800][info] GC(26)   Evacuate Collection Set: 1.2ms
[2024-10-12T10:17:46.699+0800][info] GC(26)   Post Evacuate Collection Set: 0.2ms
[2024-10-12T10:17:46.699+0800][info] GC(26)   Other: 0.2ms
[2024-10-12T10:17:46.699+0800][info] GC(26) Eden regions: 5->0(14)
[2024-10-12T10:17:46.699+0800][info] GC(26) Survivor regions: 1->1(1)
[2024-10-12T10:17:46.699+0800][info] GC(26) Old regions: 62->63
[2024-10-12T10:17:46.699+0800][info] GC(26) Archive regions: 2->2
[2024-10-12T10:17:46.699+0800][info] GC(26) Humongous regions: 3->3
[2024-10-12T10:17:46.700+0800][info] GC(26) Metaspace: 1615K(1728K)->1615K(1728K) NonClass: 1479K(1536K)->1479K(1536K) Class: 135K(192K)->135K(192K)
[2024-10-12T10:17:46.700+0800][info] GC(26) Pause Young (Mixed) (G1 Evacuation Pause) 142M->135M(256M) 1.902ms
[2024-10-12T10:17:46.700+0800][info] GC(26) User=0.00s Sys=0.00s Real=0.00s
[2024-10-12T10:17:47.459+0800][info] GC(27) Pause Young (Normal) (G1 Evacuation Pause)
[2024-10-12T10:17:47.459+0800][info] GC(27) Using 6 workers of 48 for evacuation
[2024-10-12T10:17:47.462+0800][info] GC(27)   Pre Evacuate Collection Set: 0.1ms
[2024-10-12T10:17:47.462+0800][info] GC(27)   Merge Heap Roots: 0.1ms
[2024-10-12T10:17:47.462+0800][info] GC(27)   Evacuate Collection Set: 2.1ms
[2024-10-12T10:17:47.462+0800][info] GC(27)   Post Evacuate Collection Set: 0.2ms
[2024-10-12T10:17:47.462+0800][info] GC(27)   Other: 0.3ms
[2024-10-12T10:17:47.462+0800][info] GC(27) Eden regions: 14->0(10)
[2024-10-12T10:17:47.462+0800][info] GC(27) Survivor regions: 1->2(2)
[2024-10-12T10:17:47.462+0800][info] GC(27) Old regions: 63->75
[2024-10-12T10:17:47.462+0800][info] GC(27) Archive regions: 2->2
[2024-10-12T10:17:47.462+0800][info] GC(27) Humongous regions: 4->3
[2024-10-12T10:17:47.462+0800][info] GC(27) Metaspace: 1616K(1728K)->1616K(1728K) NonClass: 1480K(1536K)->1480K(1536K) Class: 135K(192K)->135K(192K)
[2024-10-12T10:17:47.462+0800][info] GC(27) Pause Young (Normal) (G1 Evacuation Pause) 165M->161M(256M) 2.929ms
[2024-10-12T10:17:47.462+0800][info] GC(27) User=0.01s Sys=0.00s Real=0.00s
[2024-10-12T10:17:48.016+0800][info] GC(28) Pause Young (Normal) (G1 Evacuation Pause)
[2024-10-12T10:17:48.016+0800][info] GC(28) Using 6 workers of 48 for evacuation
[2024-10-12T10:17:48.021+0800][info] GC(28)   Pre Evacuate Collection Set: 0.1ms
[2024-10-12T10:17:48.021+0800][info] GC(28)   Merge Heap Roots: 0.1ms
[2024-10-12T10:17:48.021+0800][info] GC(28)   Evacuate Collection Set: 4.3ms
[2024-10-12T10:17:48.021+0800][info] GC(28)   Post Evacuate Collection Set: 0.2ms
[2024-10-12T10:17:48.021+0800][info] GC(28)   Other: 0.3ms
[2024-10-12T10:17:48.021+0800][info] GC(28) Eden regions: 10->0(7)
[2024-10-12T10:17:48.021+0800][info] GC(28) Survivor regions: 2->2(2)
[2024-10-12T10:17:48.021+0800][info] GC(28) Old regions: 75->85
[2024-10-12T10:17:48.021+0800][info] GC(28) Archive regions: 2->2
[2024-10-12T10:17:48.021+0800][info] GC(28) Humongous regions: 3->3
[2024-10-12T10:17:48.021+0800][info] GC(28) Metaspace: 1616K(1728K)->1616K(1728K) NonClass: 1480K(1536K)->1480K(1536K) Class: 135K(192K)->135K(192K)
[2024-10-12T10:17:48.021+0800][info] GC(28) Pause Young (Normal) (G1 Evacuation Pause) 181M->181M(256M) 5.085ms
[2024-10-12T10:17:48.021+0800][info] GC(28) User=0.02s Sys=0.00s Real=0.00s
[2024-10-12T10:17:48.390+0800][info] GC(29) Pause Young (Normal) (G1 Evacuation Pause)
[2024-10-12T10:17:48.390+0800][info] GC(29) Using 6 workers of 48 for evacuation
[2024-10-12T10:17:48.395+0800][info] GC(29)   Pre Evacuate Collection Set: 0.1ms
[2024-10-12T10:17:48.395+0800][info] GC(29)   Merge Heap Roots: 0.1ms
[2024-10-12T10:17:48.395+0800][info] GC(29)   Evacuate Collection Set: 4.7ms
[2024-10-12T10:17:48.395+0800][info] GC(29)   Post Evacuate Collection Set: 0.2ms
[2024-10-12T10:17:48.395+0800][info] GC(29)   Other: 0.2ms
[2024-10-12T10:17:48.395+0800][info] GC(29) Eden regions: 7->0(4)
[2024-10-12T10:17:48.395+0800][info] GC(29) Survivor regions: 2->2(2)
[2024-10-12T10:17:48.395+0800][info] GC(29) Old regions: 85->92
[2024-10-12T10:17:48.395+0800][info] GC(29) Archive regions: 2->2
[2024-10-12T10:17:48.395+0800][info] GC(29) Humongous regions: 3->3
[2024-10-12T10:17:48.395+0800][info] GC(29) Metaspace: 1616K(1728K)->1616K(1728K) NonClass: 1480K(1536K)->1480K(1536K) Class: 135K(192K)->135K(192K)
[2024-10-12T10:17:48.395+0800][info] GC(29) Pause Young (Normal) (G1 Evacuation Pause) 194M->194M(256M) 5.476ms
[2024-10-12T10:17:48.396+0800][info] GC(29) User=0.01s Sys=0.02s Real=0.01s
[2024-10-12T10:17:48.621+0800][info] GC(30) Pause Young (Concurrent Start) (G1 Evacuation Pause)
[2024-10-12T10:17:48.621+0800][info] GC(30) Using 6 workers of 48 for evacuation
[2024-10-12T10:17:48.625+0800][info] GC(30)   Pre Evacuate Collection Set: 0.1ms
[2024-10-12T10:17:48.625+0800][info] GC(30)   Merge Heap Roots: 0.1ms
[2024-10-12T10:17:48.625+0800][info] GC(30)   Evacuate Collection Set: 3.5ms
[2024-10-12T10:17:48.625+0800][info] GC(30)   Post Evacuate Collection Set: 0.2ms
[2024-10-12T10:17:48.625+0800][info] GC(30)   Other: 0.4ms
[2024-10-12T10:17:48.625+0800][info] GC(30) Eden regions: 4->0(5)
[2024-10-12T10:17:48.625+0800][info] GC(30) Survivor regions: 2->1(1)
[2024-10-12T10:17:48.625+0800][info] GC(30) Old regions: 92->97
[2024-10-12T10:17:48.625+0800][info] GC(30) Archive regions: 2->2
[2024-10-12T10:17:48.625+0800][info] GC(30) Humongous regions: 3->3
[2024-10-12T10:17:48.625+0800][info] GC(30) Metaspace: 1616K(1728K)->1616K(1728K) NonClass: 1480K(1536K)->1480K(1536K) Class: 135K(192K)->135K(192K)
[2024-10-12T10:17:48.625+0800][info] GC(30) Pause Young (Concurrent Start) (G1 Evacuation Pause) 202M->203M(256M) 4.458ms
[2024-10-12T10:17:48.625+0800][info] GC(30) User=0.02s Sys=0.01s Real=0.01s
[2024-10-12T10:17:48.625+0800][info] GC(31) Concurrent Mark Cycle
[2024-10-12T10:17:48.626+0800][info] GC(31) Concurrent Clear Claimed Marks
[2024-10-12T10:17:48.626+0800][info] GC(31) Concurrent Clear Claimed Marks 0.019ms
[2024-10-12T10:17:48.626+0800][info] GC(31) Concurrent Scan Root Regions
[2024-10-12T10:17:48.626+0800][info] GC(31) Concurrent Scan Root Regions 0.107ms
[2024-10-12T10:17:48.626+0800][info] GC(31) Concurrent Mark
[2024-10-12T10:17:48.626+0800][info] GC(31) Concurrent Mark From Roots
[2024-10-12T10:17:48.626+0800][info] GC(31) Using 12 workers of 12 for marking
[2024-10-12T10:17:48.629+0800][info] GC(31) Concurrent Mark From Roots 3.730ms
[2024-10-12T10:17:48.629+0800][info] GC(31) Concurrent Preclean
[2024-10-12T10:17:48.631+0800][info] GC(31) Concurrent Preclean 1.657ms
[2024-10-12T10:17:48.631+0800][info] GC(31) Pause Remark
[2024-10-12T10:17:48.632+0800][info] GC(31) Pause Remark 204M->142M(256M) 1.142ms
[2024-10-12T10:17:48.632+0800][info] GC(31) User=0.00s Sys=0.00s Real=0.00s
[2024-10-12T10:17:48.632+0800][info] GC(31) Concurrent Mark 6.822ms
[2024-10-12T10:17:48.633+0800][info] GC(31) Concurrent Rebuild Remembered Sets
[2024-10-12T10:17:48.634+0800][info] GC(31) Concurrent Rebuild Remembered Sets 1.304ms
[2024-10-12T10:17:48.634+0800][info] GC(31) Pause Cleanup
[2024-10-12T10:17:48.634+0800][info] GC(31) Pause Cleanup 142M->142M(256M) 0.251ms
[2024-10-12T10:17:48.634+0800][info] GC(31) User=0.00s Sys=0.00s Real=0.00s
[2024-10-12T10:17:48.634+0800][info] GC(31) Concurrent Cleanup for Next Mark
[2024-10-12T10:17:48.635+0800][info] GC(31) Concurrent Cleanup for Next Mark 0.424ms
[2024-10-12T10:17:48.635+0800][info] GC(31) Concurrent Mark Cycle 9.201ms
[2024-10-12T10:17:48.945+0800][info] GC(32) Pause Young (Prepare Mixed) (G1 Evacuation Pause)
[2024-10-12T10:17:48.945+0800][info] GC(32) Using 6 workers of 48 for evacuation
[2024-10-12T10:17:48.947+0800][info] GC(32)   Pre Evacuate Collection Set: 0.1ms
[2024-10-12T10:17:48.947+0800][info] GC(32)   Merge Heap Roots: 0.1ms
[2024-10-12T10:17:48.947+0800][info] GC(32)   Evacuate Collection Set: 1.1ms
[2024-10-12T10:17:48.947+0800][info] GC(32)   Post Evacuate Collection Set: 0.2ms
[2024-10-12T10:17:48.947+0800][info] GC(32)   Other: 0.2ms
[2024-10-12T10:17:48.947+0800][info] GC(32) Eden regions: 5->0(5)
[2024-10-12T10:17:48.947+0800][info] GC(32) Survivor regions: 1->1(1)
[2024-10-12T10:17:48.947+0800][info] GC(32) Old regions: 66->71
[2024-10-12T10:17:48.947+0800][info] GC(32) Archive regions: 2->2
[2024-10-12T10:17:48.947+0800][info] GC(32) Humongous regions: 3->3
[2024-10-12T10:17:48.947+0800][info] GC(32) Metaspace: 1619K(1728K)->1619K(1728K) NonClass: 1483K(1536K)->1483K(1536K) Class: 135K(192K)->135K(192K)
[2024-10-12T10:17:48.947+0800][info] GC(32) Pause Young (Prepare Mixed) (G1 Evacuation Pause) 151M->151M(256M) 1.884ms
[2024-10-12T10:17:48.947+0800][info] GC(32) User=0.00s Sys=0.00s Real=0.01s
[2024-10-12T10:17:49.213+0800][info] GC(33) Pause Young (Mixed) (G1 Evacuation Pause)
[2024-10-12T10:17:49.213+0800][info] GC(33) Using 6 workers of 48 for evacuation
[2024-10-12T10:17:49.215+0800][info] GC(33)   Pre Evacuate Collection Set: 0.2ms
[2024-10-12T10:17:49.215+0800][info] GC(33)   Merge Heap Roots: 0.1ms
[2024-10-12T10:17:49.215+0800][info] GC(33)   Evacuate Collection Set: 1.2ms
[2024-10-12T10:17:49.215+0800][info] GC(33)   Post Evacuate Collection Set: 0.2ms
[2024-10-12T10:17:49.215+0800][info] GC(33)   Other: 0.2ms
[2024-10-12T10:17:49.215+0800][info] GC(33) Eden regions: 5->0(5)
[2024-10-12T10:17:49.215+0800][info] GC(33) Survivor regions: 1->1(1)
[2024-10-12T10:17:49.215+0800][info] GC(33) Old regions: 71->65
[2024-10-12T10:17:49.215+0800][info] GC(33) Archive regions: 2->2
[2024-10-12T10:17:49.215+0800][info] GC(33) Humongous regions: 3->3
[2024-10-12T10:17:49.215+0800][info] GC(33) Metaspace: 1619K(1728K)->1619K(1728K) NonClass: 1483K(1536K)->1483K(1536K) Class: 135K(192K)->135K(192K)
[2024-10-12T10:17:49.215+0800][info] GC(33) Pause Young (Mixed) (G1 Evacuation Pause) 160M->138M(256M) 1.958ms
[2024-10-12T10:17:49.215+0800][info] GC(33) User=0.01s Sys=0.00s Real=0.00s
[2024-10-12T10:17:49.482+0800][info] GC(34) Pause Young (Mixed) (G1 Evacuation Pause)
[2024-10-12T10:17:49.482+0800][info] GC(34) Using 6 workers of 48 for evacuation
[2024-10-12T10:17:49.484+0800][info] GC(34)   Pre Evacuate Collection Set: 0.2ms
[2024-10-12T10:17:49.484+0800][info] GC(34)   Merge Heap Roots: 0.1ms
[2024-10-12T10:17:49.484+0800][info] GC(34)   Evacuate Collection Set: 1.4ms
[2024-10-12T10:17:49.484+0800][info] GC(34)   Post Evacuate Collection Set: 0.2ms
[2024-10-12T10:17:49.484+0800][info] GC(34)   Other: 0.2ms
[2024-10-12T10:17:49.484+0800][info] GC(34) Eden regions: 5->0(5)
[2024-10-12T10:17:49.484+0800][info] GC(34) Survivor regions: 1->1(1)
[2024-10-12T10:17:49.484+0800][info] GC(34) Old regions: 65->59
[2024-10-12T10:17:49.484+0800][info] GC(34) Archive regions: 2->2
[2024-10-12T10:17:49.484+0800][info] GC(34) Humongous regions: 3->3
[2024-10-12T10:17:49.484+0800][info] GC(34) Metaspace: 1619K(1728K)->1619K(1728K) NonClass: 1483K(1536K)->1483K(1536K) Class: 135K(192K)->135K(192K)
[2024-10-12T10:17:49.484+0800][info] GC(34) Pause Young (Mixed) (G1 Evacuation Pause) 147M->127M(256M) 2.155ms
[2024-10-12T10:17:49.484+0800][info] GC(34) User=0.00s Sys=0.00s Real=0.00s
[2024-10-12T10:17:49.751+0800][info] GC(35) Pause Young (Mixed) (G1 Evacuation Pause)
[2024-10-12T10:17:49.751+0800][info] GC(35) Using 6 workers of 48 for evacuation
[2024-10-12T10:17:49.753+0800][info] GC(35)   Pre Evacuate Collection Set: 0.2ms
[2024-10-12T10:17:49.753+0800][info] GC(35)   Merge Heap Roots: 0.1ms
[2024-10-12T10:17:49.753+0800][info] GC(35)   Evacuate Collection Set: 1.9ms
[2024-10-12T10:17:49.753+0800][info] GC(35)   Post Evacuate Collection Set: 0.3ms
[2024-10-12T10:17:49.753+0800][info] GC(35)   Other: 0.2ms
[2024-10-12T10:17:49.753+0800][info] GC(35) Eden regions: 5->0(16)
[2024-10-12T10:17:49.753+0800][info] GC(35) Survivor regions: 1->1(1)
[2024-10-12T10:17:49.753+0800][info] GC(35) Old regions: 59->58
[2024-10-12T10:17:49.753+0800][info] GC(35) Archive regions: 2->2
[2024-10-12T10:17:49.753+0800][info] GC(35) Humongous regions: 4->3
[2024-10-12T10:17:49.753+0800][info] GC(35) Metaspace: 1619K(1728K)->1619K(1728K) NonClass: 1483K(1536K)->1483K(1536K) Class: 135K(192K)->135K(192K)
[2024-10-12T10:17:49.753+0800][info] GC(35) Pause Young (Mixed) (G1 Evacuation Pause) 139M->125M(256M) 2.623ms
[2024-10-12T10:17:49.753+0800][info] GC(35) User=0.01s Sys=0.00s Real=0.01s
[2024-10-12T10:17:50.634+0800][info] GC(36) Pause Young (Normal) (G1 Evacuation Pause)
[2024-10-12T10:17:50.635+0800][info] GC(36) Using 6 workers of 48 for evacuation
[2024-10-12T10:17:50.637+0800][info] GC(36)   Pre Evacuate Collection Set: 0.1ms
[2024-10-12T10:17:50.637+0800][info] GC(36)   Merge Heap Roots: 0.1ms
[2024-10-12T10:17:50.637+0800][info] GC(36)   Evacuate Collection Set: 2.3ms
[2024-10-12T10:17:50.638+0800][info] GC(36)   Post Evacuate Collection Set: 0.2ms
[2024-10-12T10:17:50.638+0800][info] GC(36)   Other: 0.3ms
[2024-10-12T10:17:50.638+0800][info] GC(36) Eden regions: 16->0(12)
[2024-10-12T10:17:50.638+0800][info] GC(36) Survivor regions: 1->3(3)
[2024-10-12T10:17:50.638+0800][info] GC(36) Old regions: 58->70
[2024-10-12T10:17:50.638+0800][info] GC(36) Archive regions: 2->2
[2024-10-12T10:17:50.638+0800][info] GC(36) Humongous regions: 3->3
[2024-10-12T10:17:50.638+0800][info] GC(36) Metaspace: 1624K(1728K)->1624K(1728K) NonClass: 1488K(1536K)->1488K(1536K) Class: 135K(192K)->135K(192K)
[2024-10-12T10:17:50.638+0800][info] GC(36) Pause Young (Normal) (G1 Evacuation Pause) 157M->153M(256M) 3.142ms
[2024-10-12T10:17:50.638+0800][info] GC(36) User=0.02s Sys=0.00s Real=0.00s
[2024-10-12T10:17:51.294+0800][info] GC(37) Pause Young (Normal) (G1 Evacuation Pause)
[2024-10-12T10:17:51.294+0800][info] GC(37) Using 6 workers of 48 for evacuation
[2024-10-12T10:17:51.297+0800][info] GC(37)   Pre Evacuate Collection Set: 0.1ms
[2024-10-12T10:17:51.297+0800][info] GC(37)   Merge Heap Roots: 0.1ms
[2024-10-12T10:17:51.297+0800][info] GC(37)   Evacuate Collection Set: 2.2ms
[2024-10-12T10:17:51.297+0800][info] GC(37)   Post Evacuate Collection Set: 0.2ms
[2024-10-12T10:17:51.297+0800][info] GC(37)   Other: 0.2ms
[2024-10-12T10:17:51.297+0800][info] GC(37) Eden regions: 12->0(8)
[2024-10-12T10:17:51.297+0800][info] GC(37) Survivor regions: 3->2(2)
[2024-10-12T10:17:51.297+0800][info] GC(37) Old regions: 70->82
[2024-10-12T10:17:51.297+0800][info] GC(37) Archive regions: 2->2
[2024-10-12T10:17:51.297+0800][info] GC(37) Humongous regions: 3->3
[2024-10-12T10:17:51.297+0800][info] GC(37) Metaspace: 1624K(1728K)->1624K(1728K) NonClass: 1488K(1536K)->1488K(1536K) Class: 135K(192K)->135K(192K)
[2024-10-12T10:17:51.297+0800][info] GC(37) Pause Young (Normal) (G1 Evacuation Pause) 177M->174M(256M) 3.000ms
[2024-10-12T10:17:51.297+0800][info] GC(37) User=0.01s Sys=0.01s Real=0.00s
[2024-10-12T10:17:51.728+0800][info] GC(38) Pause Young (Normal) (G1 Evacuation Pause)
[2024-10-12T10:17:51.728+0800][info] GC(38) Using 6 workers of 48 for evacuation
[2024-10-12T10:17:51.730+0800][info] GC(38)   Pre Evacuate Collection Set: 0.1ms
[2024-10-12T10:17:51.730+0800][info] GC(38)   Merge Heap Roots: 0.1ms
[2024-10-12T10:17:51.730+0800][info] GC(38)   Evacuate Collection Set: 1.5ms
[2024-10-12T10:17:51.730+0800][info] GC(38)   Post Evacuate Collection Set: 0.2ms
[2024-10-12T10:17:51.730+0800][info] GC(38)   Other: 0.2ms
[2024-10-12T10:17:51.730+0800][info] GC(38) Eden regions: 8->0(5)
[2024-10-12T10:17:51.730+0800][info] GC(38) Survivor regions: 2->2(2)
[2024-10-12T10:17:51.730+0800][info] GC(38) Old regions: 82->90
[2024-10-12T10:17:51.730+0800][info] GC(38) Archive regions: 2->2
[2024-10-12T10:17:51.730+0800][info] GC(38) Humongous regions: 4->3
[2024-10-12T10:17:51.730+0800][info] GC(38) Metaspace: 1626K(1728K)->1626K(1728K) NonClass: 1490K(1536K)->1490K(1536K) Class: 135K(192K)->135K(192K)
[2024-10-12T10:17:51.730+0800][info] GC(38) Pause Young (Normal) (G1 Evacuation Pause) 192M->190M(256M) 2.218ms
[2024-10-12T10:17:51.730+0800][info] GC(38) User=0.01s Sys=0.00s Real=0.00s
[2024-10-12T10:17:51.998+0800][info] GC(39) Pause Young (Normal) (G1 Evacuation Pause)
[2024-10-12T10:17:51.998+0800][info] GC(39) Using 6 workers of 48 for evacuation
[2024-10-12T10:17:52.000+0800][info] GC(39)   Pre Evacuate Collection Set: 0.1ms
[2024-10-12T10:17:52.000+0800][info] GC(39)   Merge Heap Roots: 0.1ms
[2024-10-12T10:17:52.000+0800][info] GC(39)   Evacuate Collection Set: 1.3ms
[2024-10-12T10:17:52.000+0800][info] GC(39)   Post Evacuate Collection Set: 0.2ms
[2024-10-12T10:17:52.000+0800][info] GC(39)   Other: 0.2ms
[2024-10-12T10:17:52.000+0800][info] GC(39) Eden regions: 5->0(5)
[2024-10-12T10:17:52.000+0800][info] GC(39) Survivor regions: 2->1(1)
[2024-10-12T10:17:52.000+0800][info] GC(39) Old regions: 90->96
[2024-10-12T10:17:52.000+0800][info] GC(39) Archive regions: 2->2
[2024-10-12T10:17:52.000+0800][info] GC(39) Humongous regions: 3->3
[2024-10-12T10:17:52.000+0800][info] GC(39) Metaspace: 1626K(1728K)->1626K(1728K) NonClass: 1490K(1536K)->1490K(1536K) Class: 135K(192K)->135K(192K)
[2024-10-12T10:17:52.000+0800][info] GC(39) Pause Young (Normal) (G1 Evacuation Pause) 200M->200M(256M) 2.081ms
[2024-10-12T10:17:52.000+0800][info] GC(39) User=0.00s Sys=0.01s Real=0.00s
[2024-10-12T10:17:52.266+0800][info] GC(40) Pause Young (Concurrent Start) (G1 Evacuation Pause)
[2024-10-12T10:17:52.266+0800][info] GC(40) Using 6 workers of 48 for evacuation
[2024-10-12T10:17:52.270+0800][info] GC(40)   Pre Evacuate Collection Set: 0.1ms
[2024-10-12T10:17:52.270+0800][info] GC(40)   Merge Heap Roots: 0.1ms
[2024-10-12T10:17:52.270+0800][info] GC(40)   Evacuate Collection Set: 2.9ms
[2024-10-12T10:17:52.270+0800][info] GC(40)   Post Evacuate Collection Set: 0.2ms
[2024-10-12T10:17:52.270+0800][info] GC(40)   Other: 0.4ms
[2024-10-12T10:17:52.270+0800][info] GC(40) Eden regions: 5->0(5)
[2024-10-12T10:17:52.270+0800][info] GC(40) Survivor regions: 1->1(1)
[2024-10-12T10:17:52.270+0800][info] GC(40) Old regions: 96->101
[2024-10-12T10:17:52.270+0800][info] GC(40) Archive regions: 2->2
[2024-10-12T10:17:52.270+0800][info] GC(40) Humongous regions: 3->3
[2024-10-12T10:17:52.270+0800][info] GC(40) Metaspace: 1626K(1728K)->1626K(1728K) NonClass: 1490K(1536K)->1490K(1536K) Class: 135K(192K)->135K(192K)
[2024-10-12T10:17:52.270+0800][info] GC(40) Pause Young (Concurrent Start) (G1 Evacuation Pause) 209M->210M(256M) 3.769ms
[2024-10-12T10:17:52.270+0800][info] GC(40) User=0.01s Sys=0.00s Real=0.00s
[2024-10-12T10:17:52.270+0800][info] GC(41) Concurrent Mark Cycle
[2024-10-12T10:17:52.270+0800][info] GC(41) Concurrent Clear Claimed Marks
[2024-10-12T10:17:52.270+0800][info] GC(41) Concurrent Clear Claimed Marks 0.019ms
[2024-10-12T10:17:52.270+0800][info] GC(41) Concurrent Scan Root Regions
[2024-10-12T10:17:52.270+0800][info] GC(41) Concurrent Scan Root Regions 0.135ms
[2024-10-12T10:17:52.270+0800][info] GC(41) Concurrent Mark
[2024-10-12T10:17:52.270+0800][info] GC(41) Concurrent Mark From Roots
[2024-10-12T10:17:52.270+0800][info] GC(41) Using 12 workers of 12 for marking
[2024-10-12T10:17:52.274+0800][info] GC(41) Concurrent Mark From Roots 3.833ms
[2024-10-12T10:17:52.274+0800][info] GC(41) Concurrent Preclean
[2024-10-12T10:17:52.276+0800][info] GC(41) Concurrent Preclean 1.657ms
[2024-10-12T10:17:52.276+0800][info] GC(41) Pause Remark
[2024-10-12T10:17:52.277+0800][info] GC(41) Pause Remark 210M->150M(256M) 1.186ms
[2024-10-12T10:17:52.277+0800][info] GC(41) User=0.00s Sys=0.00s Real=0.00s
[2024-10-12T10:17:52.277+0800][info] GC(41) Concurrent Mark 6.902ms
[2024-10-12T10:17:52.277+0800][info] GC(41) Concurrent Rebuild Remembered Sets
[2024-10-12T10:17:52.278+0800][info] GC(41) Concurrent Rebuild Remembered Sets 1.162ms
[2024-10-12T10:17:52.278+0800][info] GC(41) Pause Cleanup
[2024-10-12T10:17:52.279+0800][info] GC(41) Pause Cleanup 150M->150M(256M) 0.287ms
[2024-10-12T10:17:52.279+0800][info] GC(41) User=0.00s Sys=0.00s Real=0.00s
[2024-10-12T10:17:52.279+0800][info] GC(41) Concurrent Cleanup for Next Mark
[2024-10-12T10:17:52.279+0800][info] GC(41) Concurrent Cleanup for Next Mark 0.401ms
[2024-10-12T10:17:52.279+0800][info] GC(41) Concurrent Mark Cycle 9.275ms
[2024-10-12T10:17:52.588+0800][info] GC(42) Pause Young (Prepare Mixed) (G1 Evacuation Pause)
[2024-10-12T10:17:52.588+0800][info] GC(42) Using 6 workers of 48 for evacuation
[2024-10-12T10:17:52.590+0800][info] GC(42)   Pre Evacuate Collection Set: 0.1ms
[2024-10-12T10:17:52.590+0800][info] GC(42)   Merge Heap Roots: 0.1ms
[2024-10-12T10:17:52.590+0800][info] GC(42)   Evacuate Collection Set: 1.3ms
[2024-10-12T10:17:52.590+0800][info] GC(42)   Post Evacuate Collection Set: 0.2ms
[2024-10-12T10:17:52.590+0800][info] GC(42)   Other: 0.2ms
[2024-10-12T10:17:52.590+0800][info] GC(42) Eden regions: 5->0(5)
[2024-10-12T10:17:52.590+0800][info] GC(42) Survivor regions: 1->1(1)
[2024-10-12T10:17:52.590+0800][info] GC(42) Old regions: 71->76
[2024-10-12T10:17:52.590+0800][info] GC(42) Archive regions: 2->2
[2024-10-12T10:17:52.590+0800][info] GC(42) Humongous regions: 3->3
[2024-10-12T10:17:52.590+0800][info] GC(42) Metaspace: 1639K(1792K)->1639K(1792K) NonClass: 1503K(1600K)->1503K(1600K) Class: 135K(192K)->135K(192K)
[2024-10-12T10:17:52.590+0800][info] GC(42) Pause Young (Prepare Mixed) (G1 Evacuation Pause) 159M->160M(256M) 1.998ms
[2024-10-12T10:17:52.590+0800][info] GC(42) User=0.00s Sys=0.00s Real=0.00s
[2024-10-12T10:17:52.856+0800][info] GC(43) Pause Young (Mixed) (G1 Evacuation Pause)
[2024-10-12T10:17:52.856+0800][info] GC(43) Using 6 workers of 48 for evacuation
[2024-10-12T10:17:52.857+0800][info] GC(43)   Pre Evacuate Collection Set: 0.2ms
[2024-10-12T10:17:52.857+0800][info] GC(43)   Merge Heap Roots: 0.1ms
[2024-10-12T10:17:52.857+0800][info] GC(43)   Evacuate Collection Set: 0.9ms
[2024-10-12T10:17:52.857+0800][info] GC(43)   Post Evacuate Collection Set: 0.3ms
[2024-10-12T10:17:52.857+0800][info] GC(43)   Other: 0.2ms
[2024-10-12T10:17:52.857+0800][info] GC(43) Eden regions: 5->0(5)
[2024-10-12T10:17:52.857+0800][info] GC(43) Survivor regions: 1->1(1)
[2024-10-12T10:17:52.857+0800][info] GC(43) Old regions: 76->67
[2024-10-12T10:17:52.857+0800][info] GC(43) Archive regions: 2->2
[2024-10-12T10:17:52.857+0800][info] GC(43) Humongous regions: 3->3
[2024-10-12T10:17:52.857+0800][info] GC(43) Metaspace: 1639K(1792K)->1639K(1792K) NonClass: 1503K(1600K)->1503K(1600K) Class: 135K(192K)->135K(192K)
[2024-10-12T10:17:52.857+0800][info] GC(43) Pause Young (Mixed) (G1 Evacuation Pause) 169M->143M(256M) 1.756ms
[2024-10-12T10:17:52.857+0800][info] GC(43) User=0.01s Sys=0.00s Real=0.00s
[2024-10-12T10:17:53.124+0800][info] GC(44) Pause Young (Mixed) (G1 Evacuation Pause)
[2024-10-12T10:17:53.124+0800][info] GC(44) Using 6 workers of 48 for evacuation
[2024-10-12T10:17:53.127+0800][info] GC(44)   Pre Evacuate Collection Set: 0.2ms
[2024-10-12T10:17:53.127+0800][info] GC(44)   Merge Heap Roots: 0.1ms
[2024-10-12T10:17:53.127+0800][info] GC(44)   Evacuate Collection Set: 1.5ms
[2024-10-12T10:17:53.127+0800][info] GC(44)   Post Evacuate Collection Set: 0.2ms
[2024-10-12T10:17:53.127+0800][info] GC(44)   Other: 0.2ms
[2024-10-12T10:17:53.127+0800][info] GC(44) Eden regions: 5->0(5)
[2024-10-12T10:17:53.127+0800][info] GC(44) Survivor regions: 1->1(1)
[2024-10-12T10:17:53.127+0800][info] GC(44) Old regions: 67->61
[2024-10-12T10:17:53.127+0800][info] GC(44) Archive regions: 2->2
[2024-10-12T10:17:53.127+0800][info] GC(44) Humongous regions: 3->3
[2024-10-12T10:17:53.127+0800][info] GC(44) Metaspace: 1639K(1792K)->1639K(1792K) NonClass: 1503K(1600K)->1503K(1600K) Class: 135K(192K)->135K(192K)
[2024-10-12T10:17:53.127+0800][info] GC(44) Pause Young (Mixed) (G1 Evacuation Pause) 152M->131M(256M) 2.353ms
[2024-10-12T10:17:53.127+0800][info] GC(44) User=0.01s Sys=0.00s Real=0.01s
[2024-10-12T10:17:53.393+0800][info] GC(45) Pause Young (Mixed) (G1 Evacuation Pause)
[2024-10-12T10:17:53.393+0800][info] GC(45) Using 6 workers of 48 for evacuation
[2024-10-12T10:17:53.395+0800][info] GC(45)   Pre Evacuate Collection Set: 0.2ms
[2024-10-12T10:17:53.395+0800][info] GC(45)   Merge Heap Roots: 0.1ms
[2024-10-12T10:17:53.395+0800][info] GC(45)   Evacuate Collection Set: 1.8ms
[2024-10-12T10:17:53.395+0800][info] GC(45)   Post Evacuate Collection Set: 0.2ms
[2024-10-12T10:17:53.395+0800][info] GC(45)   Other: 0.2ms
[2024-10-12T10:17:53.395+0800][info] GC(45) Eden regions: 5->0(5)
[2024-10-12T10:17:53.395+0800][info] GC(45) Survivor regions: 1->1(1)
[2024-10-12T10:17:53.395+0800][info] GC(45) Old regions: 61->58
[2024-10-12T10:17:53.395+0800][info] GC(45) Archive regions: 2->2
[2024-10-12T10:17:53.395+0800][info] GC(45) Humongous regions: 3->3
[2024-10-12T10:17:53.395+0800][info] GC(45) Metaspace: 1639K(1792K)->1639K(1792K) NonClass: 1503K(1600K)->1503K(1600K) Class: 135K(192K)->135K(192K)
[2024-10-12T10:17:53.395+0800][info] GC(45) Pause Young (Mixed) (G1 Evacuation Pause) 141M->124M(256M) 2.622ms
[2024-10-12T10:17:53.395+0800][info] GC(45) User=0.01s Sys=0.00s Real=0.01s
[2024-10-12T10:17:53.661+0800][info] GC(46) Pause Young (Mixed) (G1 Evacuation Pause)
[2024-10-12T10:17:53.661+0800][info] GC(46) Using 6 workers of 48 for evacuation
[2024-10-12T10:17:53.663+0800][info] GC(46)   Pre Evacuate Collection Set: 0.1ms
[2024-10-12T10:17:53.663+0800][info] GC(46)   Merge Heap Roots: 0.0ms
[2024-10-12T10:17:53.663+0800][info] GC(46)   Evacuate Collection Set: 1.0ms
[2024-10-12T10:17:53.663+0800][info] GC(46)   Post Evacuate Collection Set: 0.2ms
[2024-10-12T10:17:53.663+0800][info] GC(46)   Other: 0.2ms
[2024-10-12T10:17:53.663+0800][info] GC(46) Eden regions: 5->0(14)
[2024-10-12T10:17:53.663+0800][info] GC(46) Survivor regions: 1->1(1)
[2024-10-12T10:17:53.663+0800][info] GC(46) Old regions: 58->63
[2024-10-12T10:17:53.663+0800][info] GC(46) Archive regions: 2->2
[2024-10-12T10:17:53.663+0800][info] GC(46) Humongous regions: 3->3
[2024-10-12T10:17:53.663+0800][info] GC(46) Metaspace: 1639K(1792K)->1639K(1792K) NonClass: 1503K(1600K)->1503K(1600K) Class: 135K(192K)->135K(192K)
[2024-10-12T10:17:53.663+0800][info] GC(46) Pause Young (Mixed) (G1 Evacuation Pause) 134M->134M(256M) 1.721ms
[2024-10-12T10:17:53.663+0800][info] GC(46) User=0.00s Sys=0.00s Real=0.00s
[2024-10-12T10:17:54.422+0800][info] GC(47) Pause Young (Normal) (G1 Evacuation Pause)
[2024-10-12T10:17:54.422+0800][info] GC(47) Using 6 workers of 48 for evacuation
[2024-10-12T10:17:54.424+0800][info] GC(47)   Pre Evacuate Collection Set: 0.1ms
[2024-10-12T10:17:54.424+0800][info] GC(47)   Merge Heap Roots: 0.1ms
[2024-10-12T10:17:54.424+0800][info] GC(47)   Evacuate Collection Set: 1.9ms
[2024-10-12T10:17:54.424+0800][info] GC(47)   Post Evacuate Collection Set: 0.2ms
[2024-10-12T10:17:54.424+0800][info] GC(47)   Other: 0.2ms
[2024-10-12T10:17:54.424+0800][info] GC(47) Eden regions: 14->0(10)
[2024-10-12T10:17:54.424+0800][info] GC(47) Survivor regions: 1->2(2)
[2024-10-12T10:17:54.425+0800][info] GC(47) Old regions: 63->74
[2024-10-12T10:17:54.425+0800][info] GC(47) Archive regions: 2->2
[2024-10-12T10:17:54.425+0800][info] GC(47) Humongous regions: 4->3
[2024-10-12T10:17:54.425+0800][info] GC(47) Metaspace: 1639K(1792K)->1639K(1792K) NonClass: 1503K(1600K)->1503K(1600K) Class: 135K(192K)->135K(192K)
[2024-10-12T10:17:54.425+0800][info] GC(47) Pause Young (Normal) (G1 Evacuation Pause) 163M->159M(256M) 2.955ms
[2024-10-12T10:17:54.425+0800][info] GC(47) User=0.01s Sys=0.00s Real=0.00s
[2024-10-12T10:17:54.978+0800][info] GC(48) Pause Young (Normal) (G1 Evacuation Pause)
[2024-10-12T10:17:54.978+0800][info] GC(48) Using 6 workers of 48 for evacuation
[2024-10-12T10:17:54.981+0800][info] GC(48)   Pre Evacuate Collection Set: 0.1ms
[2024-10-12T10:17:54.981+0800][info] GC(48)   Merge Heap Roots: 0.1ms
[2024-10-12T10:17:54.981+0800][info] GC(48)   Evacuate Collection Set: 1.8ms
[2024-10-12T10:17:54.981+0800][info] GC(48)   Post Evacuate Collection Set: 0.2ms
[2024-10-12T10:17:54.981+0800][info] GC(48)   Other: 0.3ms
[2024-10-12T10:17:54.981+0800][info] GC(48) Eden regions: 10->0(7)
[2024-10-12T10:17:54.981+0800][info] GC(48) Survivor regions: 2->2(2)
[2024-10-12T10:17:54.981+0800][info] GC(48) Old regions: 74->84
[2024-10-12T10:17:54.981+0800][info] GC(48) Archive regions: 2->2
[2024-10-12T10:17:54.981+0800][info] GC(48) Humongous regions: 3->3
[2024-10-12T10:17:54.981+0800][info] GC(48) Metaspace: 1640K(1792K)->1640K(1792K) NonClass: 1504K(1600K)->1504K(1600K) Class: 135K(192K)->135K(192K)
[2024-10-12T10:17:54.981+0800][info] GC(48) Pause Young (Normal) (G1 Evacuation Pause) 179M->179M(256M) 2.582ms
[2024-10-12T10:17:54.981+0800][info] GC(48) User=0.01s Sys=0.00s Real=0.00s
[2024-10-12T10:17:55.350+0800][info] GC(49) Pause Young (Normal) (G1 Evacuation Pause)
[2024-10-12T10:17:55.350+0800][info] GC(49) Using 6 workers of 48 for evacuation
[2024-10-12T10:17:55.352+0800][info] GC(49)   Pre Evacuate Collection Set: 0.1ms
[2024-10-12T10:17:55.352+0800][info] GC(49)   Merge Heap Roots: 0.1ms
[2024-10-12T10:17:55.352+0800][info] GC(49)   Evacuate Collection Set: 1.6ms
[2024-10-12T10:17:55.352+0800][info] GC(49)   Post Evacuate Collection Set: 0.2ms
[2024-10-12T10:17:55.352+0800][info] GC(49)   Other: 0.2ms
[2024-10-12T10:17:55.352+0800][info] GC(49) Eden regions: 7->0(5)
[2024-10-12T10:17:55.352+0800][info] GC(49) Survivor regions: 2->2(2)
[2024-10-12T10:17:55.352+0800][info] GC(49) Old regions: 84->91
[2024-10-12T10:17:55.352+0800][info] GC(49) Archive regions: 2->2
[2024-10-12T10:17:55.352+0800][info] GC(49) Humongous regions: 3->3
[2024-10-12T10:17:55.352+0800][info] GC(49) Metaspace: 1640K(1792K)->1640K(1792K) NonClass: 1504K(1600K)->1504K(1600K) Class: 135K(192K)->135K(192K)
[2024-10-12T10:17:55.352+0800][info] GC(49) Pause Young (Normal) (G1 Evacuation Pause) 193M->192M(256M) 2.331ms
[2024-10-12T10:17:55.352+0800][info] GC(49) User=0.00s Sys=0.00s Real=0.00s
[2024-10-12T10:17:55.618+0800][info] GC(50) Pause Young (Normal) (G1 Evacuation Pause)
[2024-10-12T10:17:55.618+0800][info] GC(50) Using 6 workers of 48 for evacuation
[2024-10-12T10:17:55.620+0800][info] GC(50)   Pre Evacuate Collection Set: 0.1ms
[2024-10-12T10:17:55.620+0800][info] GC(50)   Merge Heap Roots: 0.1ms
[2024-10-12T10:17:55.620+0800][info] GC(50)   Evacuate Collection Set: 1.0ms
[2024-10-12T10:17:55.620+0800][info] GC(50)   Post Evacuate Collection Set: 0.2ms
[2024-10-12T10:17:55.620+0800][info] GC(50)   Other: 0.2ms
[2024-10-12T10:17:55.620+0800][info] GC(50) Eden regions: 5->0(5)
[2024-10-12T10:17:55.620+0800][info] GC(50) Survivor regions: 2->1(1)
[2024-10-12T10:17:55.620+0800][info] GC(50) Old regions: 91->97
[2024-10-12T10:17:55.620+0800][info] GC(50) Archive regions: 2->2
[2024-10-12T10:17:55.620+0800][info] GC(50) Humongous regions: 3->3
[2024-10-12T10:17:55.620+0800][info] GC(50) Metaspace: 1640K(1792K)->1640K(1792K) NonClass: 1504K(1600K)->1504K(1600K) Class: 135K(192K)->135K(192K)
[2024-10-12T10:17:55.620+0800][info] GC(50) Pause Young (Normal) (G1 Evacuation Pause) 202M->202M(256M) 1.763ms
[2024-10-12T10:17:55.620+0800][info] GC(50) User=0.00s Sys=0.00s Real=0.00s
[2024-10-12T10:17:55.742+0800][info] GC(51) Pause Young (Concurrent Start) (G1 Humongous Allocation)
[2024-10-12T10:17:55.742+0800][info] GC(51) Using 6 workers of 48 for evacuation
[2024-10-12T10:17:55.744+0800][info] GC(51)   Pre Evacuate Collection Set: 0.1ms
[2024-10-12T10:17:55.744+0800][info] GC(51)   Merge Heap Roots: 0.1ms
[2024-10-12T10:17:55.744+0800][info] GC(51)   Evacuate Collection Set: 0.7ms
[2024-10-12T10:17:55.744+0800][info] GC(51)   Post Evacuate Collection Set: 0.2ms
[2024-10-12T10:17:55.744+0800][info] GC(51)   Other: 0.4ms
[2024-10-12T10:17:55.744+0800][info] GC(51) Eden regions: 3->0(5)
[2024-10-12T10:17:55.744+0800][info] GC(51) Survivor regions: 1->1(1)
[2024-10-12T10:17:55.744+0800][info] GC(51) Old regions: 97->99
[2024-10-12T10:17:55.744+0800][info] GC(51) Archive regions: 2->2
[2024-10-12T10:17:55.744+0800][info] GC(51) Humongous regions: 3->3
[2024-10-12T10:17:55.744+0800][info] GC(51) Metaspace: 1640K(1792K)->1640K(1792K) NonClass: 1504K(1600K)->1504K(1600K) Class: 135K(192K)->135K(192K)
[2024-10-12T10:17:55.744+0800][info] GC(51) Pause Young (Concurrent Start) (G1 Humongous Allocation) 207M->207M(256M) 1.559ms
[2024-10-12T10:17:55.744+0800][info] GC(51) User=0.01s Sys=0.00s Real=0.00s
[2024-10-12T10:17:55.744+0800][info] GC(52) Concurrent Mark Cycle
[2024-10-12T10:17:55.744+0800][info] GC(52) Concurrent Clear Claimed Marks
[2024-10-12T10:17:55.744+0800][info] GC(52) Concurrent Clear Claimed Marks 0.018ms
[2024-10-12T10:17:55.744+0800][info] GC(52) Concurrent Scan Root Regions
[2024-10-12T10:17:55.744+0800][info] GC(52) Concurrent Scan Root Regions 0.118ms
[2024-10-12T10:17:55.744+0800][info] GC(52) Concurrent Mark
[2024-10-12T10:17:55.744+0800][info] GC(52) Concurrent Mark From Roots
[2024-10-12T10:17:55.744+0800][info] GC(52) Using 12 workers of 12 for marking
[2024-10-12T10:17:55.748+0800][info] GC(52) Concurrent Mark From Roots 4.011ms
[2024-10-12T10:17:55.748+0800][info] GC(52) Concurrent Preclean
[2024-10-12T10:17:55.750+0800][info] GC(52) Concurrent Preclean 1.680ms
[2024-10-12T10:17:55.750+0800][info] GC(52) Pause Remark
[2024-10-12T10:17:55.751+0800][info] GC(52) Pause Remark 209M->159M(256M) 1.208ms
[2024-10-12T10:17:55.751+0800][info] GC(52) User=0.01s Sys=0.00s Real=0.00s
[2024-10-12T10:17:55.751+0800][info] GC(52) Concurrent Mark 7.127ms
[2024-10-12T10:17:55.751+0800][info] GC(52) Concurrent Rebuild Remembered Sets
[2024-10-12T10:17:55.753+0800][info] GC(52) Concurrent Rebuild Remembered Sets 1.220ms
[2024-10-12T10:17:55.753+0800][info] GC(52) Pause Cleanup
[2024-10-12T10:17:55.753+0800][info] GC(52) Pause Cleanup 159M->159M(256M) 0.230ms
[2024-10-12T10:17:55.753+0800][info] GC(52) User=0.00s Sys=0.00s Real=0.00s
[2024-10-12T10:17:55.753+0800][info] GC(52) Concurrent Cleanup for Next Mark
[2024-10-12T10:17:55.754+0800][info] GC(52) Concurrent Cleanup for Next Mark 0.421ms
[2024-10-12T10:17:55.754+0800][info] GC(52) Concurrent Mark Cycle 9.487ms
[2024-10-12T10:17:56.084+0800][info] GC(53) Pause Young (Prepare Mixed) (G1 Evacuation Pause)
[2024-10-12T10:17:56.084+0800][info] GC(53) Using 6 workers of 48 for evacuation
[2024-10-12T10:17:56.085+0800][info] GC(53)   Pre Evacuate Collection Set: 0.1ms
[2024-10-12T10:17:56.085+0800][info] GC(53)   Merge Heap Roots: 0.1ms
[2024-10-12T10:17:56.085+0800][info] GC(53)   Evacuate Collection Set: 0.9ms
[2024-10-12T10:17:56.085+0800][info] GC(53)   Post Evacuate Collection Set: 0.2ms
[2024-10-12T10:17:56.085+0800][info] GC(53)   Other: 0.2ms
[2024-10-12T10:17:56.085+0800][info] GC(53) Eden regions: 5->0(5)
[2024-10-12T10:17:56.085+0800][info] GC(53) Survivor regions: 1->1(1)
[2024-10-12T10:17:56.085+0800][info] GC(53) Old regions: 74->79
[2024-10-12T10:17:56.086+0800][info] GC(53) Archive regions: 2->2
[2024-10-12T10:17:56.086+0800][info] GC(53) Humongous regions: 4->3
[2024-10-12T10:17:56.086+0800][info] GC(53) Metaspace: 1668K(1856K)->1668K(1856K) NonClass: 1532K(1664K)->1532K(1664K) Class: 135K(192K)->135K(192K)
[2024-10-12T10:17:56.086+0800][info] GC(53) Pause Young (Prepare Mixed) (G1 Evacuation Pause) 169M->166M(256M) 1.618ms
[2024-10-12T10:17:56.086+0800][info] GC(53) User=0.00s Sys=0.00s Real=0.01s
[2024-10-12T10:17:56.351+0800][info] GC(54) Pause Young (Mixed) (G1 Evacuation Pause)
[2024-10-12T10:17:56.351+0800][info] GC(54) Using 6 workers of 48 for evacuation
[2024-10-12T10:17:56.353+0800][info] GC(54)   Pre Evacuate Collection Set: 0.1ms
[2024-10-12T10:17:56.353+0800][info] GC(54)   Merge Heap Roots: 0.1ms
[2024-10-12T10:17:56.353+0800][info] GC(54)   Evacuate Collection Set: 1.0ms
[2024-10-12T10:17:56.353+0800][info] GC(54)   Post Evacuate Collection Set: 0.2ms
[2024-10-12T10:17:56.353+0800][info] GC(54)   Other: 0.3ms
[2024-10-12T10:17:56.353+0800][info] GC(54) Eden regions: 5->0(5)
[2024-10-12T10:17:56.353+0800][info] GC(54) Survivor regions: 1->1(1)
[2024-10-12T10:17:56.353+0800][info] GC(54) Old regions: 79->70
[2024-10-12T10:17:56.353+0800][info] GC(54) Archive regions: 2->2
[2024-10-12T10:17:56.353+0800][info] GC(54) Humongous regions: 3->3
[2024-10-12T10:17:56.353+0800][info] GC(54) Metaspace: 1668K(1856K)->1668K(1856K) NonClass: 1532K(1664K)->1532K(1664K) Class: 135K(192K)->135K(192K)
[2024-10-12T10:17:56.353+0800][info] GC(54) Pause Young (Mixed) (G1 Evacuation Pause) 175M->149M(256M) 1.806ms
[2024-10-12T10:17:56.353+0800][info] GC(54) User=0.00s Sys=0.01s Real=0.01s
[2024-10-12T10:17:56.619+0800][info] GC(55) Pause Young (Mixed) (G1 Evacuation Pause)
[2024-10-12T10:17:56.619+0800][info] GC(55) Using 6 workers of 48 for evacuation
[2024-10-12T10:17:56.621+0800][info] GC(55)   Pre Evacuate Collection Set: 0.2ms
[2024-10-12T10:17:56.621+0800][info] GC(55)   Merge Heap Roots: 0.1ms
[2024-10-12T10:17:56.621+0800][info] GC(55)   Evacuate Collection Set: 1.3ms
[2024-10-12T10:17:56.621+0800][info] GC(55)   Post Evacuate Collection Set: 0.2ms
[2024-10-12T10:17:56.621+0800][info] GC(55)   Other: 0.1ms
[2024-10-12T10:17:56.621+0800][info] GC(55) Eden regions: 5->0(5)
[2024-10-12T10:17:56.621+0800][info] GC(55) Survivor regions: 1->1(1)
[2024-10-12T10:17:56.621+0800][info] GC(55) Old regions: 70->65
[2024-10-12T10:17:56.621+0800][info] GC(55) Archive regions: 2->2
[2024-10-12T10:17:56.621+0800][info] GC(55) Humongous regions: 3->3
[2024-10-12T10:17:56.621+0800][info] GC(55) Metaspace: 1668K(1856K)->1668K(1856K) NonClass: 1532K(1664K)->1532K(1664K) Class: 135K(192K)->135K(192K)
[2024-10-12T10:17:56.621+0800][info] GC(55) Pause Young (Mixed) (G1 Evacuation Pause) 159M->138M(256M) 2.029ms
[2024-10-12T10:17:56.621+0800][info] GC(55) User=0.00s Sys=0.00s Real=0.00s
[2024-10-12T10:17:56.887+0800][info] GC(56) Pause Young (Mixed) (G1 Evacuation Pause)
[2024-10-12T10:17:56.887+0800][info] GC(56) Using 6 workers of 48 for evacuation
[2024-10-12T10:17:56.889+0800][info] GC(56)   Pre Evacuate Collection Set: 0.2ms
[2024-10-12T10:17:56.889+0800][info] GC(56)   Merge Heap Roots: 0.1ms
[2024-10-12T10:17:56.889+0800][info] GC(56)   Evacuate Collection Set: 1.7ms
[2024-10-12T10:17:56.889+0800][info] GC(56)   Post Evacuate Collection Set: 0.2ms
[2024-10-12T10:17:56.889+0800][info] GC(56)   Other: 0.2ms
[2024-10-12T10:17:56.889+0800][info] GC(56) Eden regions: 5->0(5)
[2024-10-12T10:17:56.889+0800][info] GC(56) Survivor regions: 1->1(1)
[2024-10-12T10:17:56.889+0800][info] GC(56) Old regions: 65->61
[2024-10-12T10:17:56.889+0800][info] GC(56) Archive regions: 2->2
[2024-10-12T10:17:56.889+0800][info] GC(56) Humongous regions: 3->3
[2024-10-12T10:17:56.889+0800][info] GC(56) Metaspace: 1668K(1856K)->1668K(1856K) NonClass: 1532K(1664K)->1532K(1664K) Class: 135K(192K)->135K(192K)
[2024-10-12T10:17:56.889+0800][info] GC(56) Pause Young (Mixed) (G1 Evacuation Pause) 147M->131M(256M) 2.448ms
[2024-10-12T10:17:56.889+0800][info] GC(56) User=0.01s Sys=0.00s Real=0.00s
[2024-10-12T10:17:57.155+0800][info] GC(57) Pause Young (Mixed) (G1 Evacuation Pause)
[2024-10-12T10:17:57.155+0800][info] GC(57) Using 6 workers of 48 for evacuation
[2024-10-12T10:17:57.157+0800][info] GC(57)   Pre Evacuate Collection Set: 0.2ms
[2024-10-12T10:17:57.157+0800][info] GC(57)   Merge Heap Roots: 0.1ms
[2024-10-12T10:17:57.157+0800][info] GC(57)   Evacuate Collection Set: 1.2ms
[2024-10-12T10:17:57.157+0800][info] GC(57)   Post Evacuate Collection Set: 0.2ms
[2024-10-12T10:17:57.157+0800][info] GC(57)   Other: 0.2ms
[2024-10-12T10:17:57.157+0800][info] GC(57) Eden regions: 5->0(15)
[2024-10-12T10:17:57.157+0800][info] GC(57) Survivor regions: 1->1(1)
[2024-10-12T10:17:57.157+0800][info] GC(57) Old regions: 61->62
[2024-10-12T10:17:57.157+0800][info] GC(57) Archive regions: 2->2
[2024-10-12T10:17:57.157+0800][info] GC(57) Humongous regions: 3->3
[2024-10-12T10:17:57.157+0800][info] GC(57) Metaspace: 1668K(1856K)->1668K(1856K) NonClass: 1532K(1664K)->1532K(1664K) Class: 135K(192K)->135K(192K)
[2024-10-12T10:17:57.157+0800][info] GC(57) Pause Young (Mixed) (G1 Evacuation Pause) 140M->133M(256M) 1.894ms
[2024-10-12T10:17:57.157+0800][info] GC(57) User=0.01s Sys=0.00s Real=0.00s
[2024-10-12T10:17:57.976+0800][info] GC(58) Pause Young (Normal) (G1 Evacuation Pause)
[2024-10-12T10:17:57.976+0800][info] GC(58) Using 6 workers of 48 for evacuation
[2024-10-12T10:17:57.979+0800][info] GC(58)   Pre Evacuate Collection Set: 0.1ms
[2024-10-12T10:17:57.979+0800][info] GC(58)   Merge Heap Roots: 0.1ms
[2024-10-12T10:17:57.979+0800][info] GC(58)   Evacuate Collection Set: 2.3ms
[2024-10-12T10:17:57.979+0800][info] GC(58)   Post Evacuate Collection Set: 0.2ms
[2024-10-12T10:17:57.979+0800][info] GC(58)   Other: 0.3ms
[2024-10-12T10:17:57.979+0800][info] GC(58) Eden regions: 15->0(10)
[2024-10-12T10:17:57.979+0800][info] GC(58) Survivor regions: 1->2(2)
[2024-10-12T10:17:57.979+0800][info] GC(58) Old regions: 62->76
[2024-10-12T10:17:57.979+0800][info] GC(58) Archive regions: 2->2
[2024-10-12T10:17:57.980+0800][info] GC(58) Humongous regions: 4->3
[2024-10-12T10:17:57.980+0800][info] GC(58) Metaspace: 1668K(1856K)->1668K(1856K) NonClass: 1532K(1664K)->1532K(1664K) Class: 135K(192K)->135K(192K)
[2024-10-12T10:17:57.980+0800][info] GC(58) Pause Young (Normal) (G1 Evacuation Pause) 165M->162M(256M) 3.138ms
[2024-10-12T10:17:57.980+0800][info] GC(58) User=0.02s Sys=0.00s Real=0.00s
[2024-10-12T10:17:58.533+0800][info] GC(59) Pause Young (Normal) (G1 Evacuation Pause)
[2024-10-12T10:17:58.533+0800][info] GC(59) Using 6 workers of 48 for evacuation
[2024-10-12T10:17:58.535+0800][info] GC(59)   Pre Evacuate Collection Set: 0.2ms
[2024-10-12T10:17:58.535+0800][info] GC(59)   Merge Heap Roots: 0.1ms
[2024-10-12T10:17:58.535+0800][info] GC(59)   Evacuate Collection Set: 1.5ms
[2024-10-12T10:17:58.535+0800][info] GC(59)   Post Evacuate Collection Set: 0.2ms
[2024-10-12T10:17:58.535+0800][info] GC(59)   Other: 0.2ms
[2024-10-12T10:17:58.535+0800][info] GC(59) Eden regions: 10->0(7)
[2024-10-12T10:17:58.535+0800][info] GC(59) Survivor regions: 2->2(2)
[2024-10-12T10:17:58.535+0800][info] GC(59) Old regions: 76->85
[2024-10-12T10:17:58.535+0800][info] GC(59) Archive regions: 2->2
[2024-10-12T10:17:58.535+0800][info] GC(59) Humongous regions: 3->3
[2024-10-12T10:17:58.535+0800][info] GC(59) Metaspace: 1668K(1856K)->1668K(1856K) NonClass: 1532K(1664K)->1532K(1664K) Class: 135K(192K)->135K(192K)
[2024-10-12T10:17:58.535+0800][info] GC(59) Pause Young (Normal) (G1 Evacuation Pause) 182M->181M(256M) 2.280ms
[2024-10-12T10:17:58.535+0800][info] GC(59) User=0.00s Sys=0.01s Real=0.01s
[2024-10-12T10:17:58.904+0800][info] GC(60) Pause Young (Normal) (G1 Evacuation Pause)
[2024-10-12T10:17:58.904+0800][info] GC(60) Using 6 workers of 48 for evacuation
[2024-10-12T10:17:58.906+0800][info] GC(60)   Pre Evacuate Collection Set: 0.1ms
[2024-10-12T10:17:58.906+0800][info] GC(60)   Merge Heap Roots: 0.1ms
[2024-10-12T10:17:58.906+0800][info] GC(60)   Evacuate Collection Set: 1.2ms
[2024-10-12T10:17:58.906+0800][info] GC(60)   Post Evacuate Collection Set: 0.2ms
[2024-10-12T10:17:58.906+0800][info] GC(60)   Other: 0.2ms
[2024-10-12T10:17:58.906+0800][info] GC(60) Eden regions: 7->0(4)
[2024-10-12T10:17:58.906+0800][info] GC(60) Survivor regions: 2->2(2)
[2024-10-12T10:17:58.906+0800][info] GC(60) Old regions: 85->92
[2024-10-12T10:17:58.906+0800][info] GC(60) Archive regions: 2->2
[2024-10-12T10:17:58.906+0800][info] GC(60) Humongous regions: 3->3
[2024-10-12T10:17:58.906+0800][info] GC(60) Metaspace: 1668K(1856K)->1668K(1856K) NonClass: 1532K(1664K)->1532K(1664K) Class: 135K(192K)->135K(192K)
[2024-10-12T10:17:58.906+0800][info] GC(60) Pause Young (Normal) (G1 Evacuation Pause) 195M->195M(256M) 2.004ms
[2024-10-12T10:17:58.906+0800][info] GC(60) User=0.00s Sys=0.00s Real=0.01s
[2024-10-12T10:17:59.131+0800][info] GC(61) Pause Young (Normal) (G1 Evacuation Pause)
[2024-10-12T10:17:59.131+0800][info] GC(61) Using 6 workers of 48 for evacuation
[2024-10-12T10:17:59.133+0800][info] GC(61)   Pre Evacuate Collection Set: 0.1ms
[2024-10-12T10:17:59.133+0800][info] GC(61)   Merge Heap Roots: 0.1ms
[2024-10-12T10:17:59.133+0800][info] GC(61)   Evacuate Collection Set: 1.0ms
[2024-10-12T10:17:59.133+0800][info] GC(61)   Post Evacuate Collection Set: 0.2ms
[2024-10-12T10:17:59.133+0800][info] GC(61)   Other: 0.2ms
[2024-10-12T10:17:59.133+0800][info] GC(61) Eden regions: 4->0(5)
[2024-10-12T10:17:59.133+0800][info] GC(61) Survivor regions: 2->1(1)
[2024-10-12T10:17:59.133+0800][info] GC(61) Old regions: 92->97
[2024-10-12T10:17:59.133+0800][info] GC(61) Archive regions: 2->2
[2024-10-12T10:17:59.133+0800][info] GC(61) Humongous regions: 3->3
[2024-10-12T10:17:59.133+0800][info] GC(61) Metaspace: 1668K(1856K)->1668K(1856K) NonClass: 1532K(1664K)->1532K(1664K) Class: 135K(192K)->135K(192K)
[2024-10-12T10:17:59.133+0800][info] GC(61) Pause Young (Normal) (G1 Evacuation Pause) 203M->202M(256M) 1.639ms
[2024-10-12T10:17:59.133+0800][info] GC(61) User=0.00s Sys=0.00s Real=0.00s
[2024-10-12T10:17:59.398+0800][info] GC(62) Pause Young (Concurrent Start) (G1 Evacuation Pause)
[2024-10-12T10:17:59.399+0800][info] GC(62) Using 6 workers of 48 for evacuation
[2024-10-12T10:17:59.401+0800][info] GC(62)   Pre Evacuate Collection Set: 0.1ms
[2024-10-12T10:17:59.401+0800][info] GC(62)   Merge Heap Roots: 0.1ms
[2024-10-12T10:17:59.401+0800][info] GC(62)   Evacuate Collection Set: 1.9ms
[2024-10-12T10:17:59.401+0800][info] GC(62)   Post Evacuate Collection Set: 0.2ms
[2024-10-12T10:17:59.401+0800][info] GC(62)   Other: 0.4ms
[2024-10-12T10:17:59.401+0800][info] GC(62) Eden regions: 5->0(5)
[2024-10-12T10:17:59.401+0800][info] GC(62) Survivor regions: 1->1(1)
[2024-10-12T10:17:59.401+0800][info] GC(62) Old regions: 97->102
[2024-10-12T10:17:59.401+0800][info] GC(62) Archive regions: 2->2
[2024-10-12T10:17:59.401+0800][info] GC(62) Humongous regions: 3->3
[2024-10-12T10:17:59.401+0800][info] GC(62) Metaspace: 1668K(1856K)->1668K(1856K) NonClass: 1532K(1664K)->1532K(1664K) Class: 135K(192K)->135K(192K)
[2024-10-12T10:17:59.401+0800][info] GC(62) Pause Young (Concurrent Start) (G1 Evacuation Pause) 212M->213M(256M) 2.800ms
[2024-10-12T10:17:59.401+0800][info] GC(62) User=0.01s Sys=0.00s Real=0.00s
[2024-10-12T10:17:59.401+0800][info] GC(63) Concurrent Mark Cycle
[2024-10-12T10:17:59.401+0800][info] GC(63) Concurrent Clear Claimed Marks
[2024-10-12T10:17:59.401+0800][info] GC(63) Concurrent Clear Claimed Marks 0.019ms
[2024-10-12T10:17:59.401+0800][info] GC(63) Concurrent Scan Root Regions
[2024-10-12T10:17:59.402+0800][info] GC(63) Concurrent Scan Root Regions 0.153ms
[2024-10-12T10:17:59.402+0800][info] GC(63) Concurrent Mark
[2024-10-12T10:17:59.402+0800][info] GC(63) Concurrent Mark From Roots
[2024-10-12T10:17:59.402+0800][info] GC(63) Using 12 workers of 12 for marking
[2024-10-12T10:17:59.406+0800][info] GC(63) Concurrent Mark From Roots 3.968ms
[2024-10-12T10:17:59.406+0800][info] GC(63) Concurrent Preclean
[2024-10-12T10:17:59.407+0800][info] GC(63) Concurrent Preclean 1.654ms
[2024-10-12T10:17:59.407+0800][info] GC(63) Pause Remark
[2024-10-12T10:17:59.409+0800][info] GC(63) Pause Remark 213M->163M(256M) 1.155ms
[2024-10-12T10:17:59.409+0800][info] GC(63) User=0.00s Sys=0.00s Real=0.00s
[2024-10-12T10:17:59.409+0800][info] GC(63) Concurrent Mark 6.995ms
[2024-10-12T10:17:59.409+0800][info] GC(63) Concurrent Rebuild Remembered Sets
[2024-10-12T10:17:59.410+0800][info] GC(63) Concurrent Rebuild Remembered Sets 1.185ms
[2024-10-12T10:17:59.410+0800][info] GC(63) Pause Cleanup
[2024-10-12T10:17:59.410+0800][info] GC(63) Pause Cleanup 163M->163M(256M) 0.310ms
[2024-10-12T10:17:59.410+0800][info] GC(63) User=0.00s Sys=0.00s Real=0.00s
[2024-10-12T10:17:59.410+0800][info] GC(63) Concurrent Cleanup for Next Mark
[2024-10-12T10:17:59.411+0800][info] GC(63) Concurrent Cleanup for Next Mark 0.343ms
[2024-10-12T10:17:59.411+0800][info] GC(63) Concurrent Mark Cycle 9.368ms
[2024-10-12T10:17:59.719+0800][info] GC(64) Pause Young (Prepare Mixed) (G1 Evacuation Pause)
[2024-10-12T10:17:59.719+0800][info] GC(64) Using 6 workers of 48 for evacuation
[2024-10-12T10:17:59.720+0800][info] GC(64)   Pre Evacuate Collection Set: 0.1ms
[2024-10-12T10:17:59.720+0800][info] GC(64)   Merge Heap Roots: 0.1ms
[2024-10-12T10:17:59.720+0800][info] GC(64)   Evacuate Collection Set: 1.0ms
[2024-10-12T10:17:59.720+0800][info] GC(64)   Post Evacuate Collection Set: 0.2ms
[2024-10-12T10:17:59.720+0800][info] GC(64)   Other: 0.2ms
[2024-10-12T10:17:59.720+0800][info] GC(64) Eden regions: 5->0(5)
[2024-10-12T10:17:59.720+0800][info] GC(64) Survivor regions: 1->1(1)
[2024-10-12T10:17:59.720+0800][info] GC(64) Old regions: 77->82
[2024-10-12T10:17:59.720+0800][info] GC(64) Archive regions: 2->2
[2024-10-12T10:17:59.720+0800][info] GC(64) Humongous regions: 3->3
[2024-10-12T10:17:59.720+0800][info] GC(64) Metaspace: 1671K(1856K)->1671K(1856K) NonClass: 1535K(1664K)->1535K(1664K) Class: 135K(192K)->135K(192K)
[2024-10-12T10:17:59.720+0800][info] GC(64) Pause Young (Prepare Mixed) (G1 Evacuation Pause) 172M->172M(256M) 1.763ms
[2024-10-12T10:17:59.720+0800][info] GC(64) User=0.00s Sys=0.00s Real=0.00s
[2024-10-12T10:17:59.987+0800][info] GC(65) Pause Young (Mixed) (G1 Evacuation Pause)
[2024-10-12T10:17:59.987+0800][info] GC(65) Using 6 workers of 48 for evacuation
[2024-10-12T10:17:59.989+0800][info] GC(65)   Pre Evacuate Collection Set: 0.2ms
[2024-10-12T10:17:59.989+0800][info] GC(65)   Merge Heap Roots: 0.1ms
[2024-10-12T10:17:59.989+0800][info] GC(65)   Evacuate Collection Set: 0.9ms
[2024-10-12T10:17:59.989+0800][info] GC(65)   Post Evacuate Collection Set: 0.2ms
[2024-10-12T10:17:59.989+0800][info] GC(65)   Other: 0.2ms
[2024-10-12T10:17:59.989+0800][info] GC(65) Eden regions: 5->0(5)
[2024-10-12T10:17:59.989+0800][info] GC(65) Survivor regions: 1->1(1)
[2024-10-12T10:17:59.989+0800][info] GC(65) Old regions: 82->74
[2024-10-12T10:17:59.989+0800][info] GC(65) Archive regions: 2->2
[2024-10-12T10:17:59.989+0800][info] GC(65) Humongous regions: 4->3
[2024-10-12T10:17:59.989+0800][info] GC(65) Metaspace: 1671K(1856K)->1671K(1856K) NonClass: 1535K(1664K)->1535K(1664K) Class: 135K(192K)->135K(192K)
[2024-10-12T10:17:59.989+0800][info] GC(65) Pause Young (Mixed) (G1 Evacuation Pause) 183M->156M(256M) 1.665ms
[2024-10-12T10:17:59.989+0800][info] GC(65) User=0.00s Sys=0.01s Real=0.00s
[2024-10-12T10:18:00.255+0800][info] GC(66) Pause Young (Mixed) (G1 Evacuation Pause)
[2024-10-12T10:18:00.255+0800][info] GC(66) Using 6 workers of 48 for evacuation
[2024-10-12T10:18:00.256+0800][info] GC(66)   Pre Evacuate Collection Set: 0.2ms
[2024-10-12T10:18:00.256+0800][info] GC(66)   Merge Heap Roots: 0.1ms
[2024-10-12T10:18:00.256+0800][info] GC(66)   Evacuate Collection Set: 1.3ms
[2024-10-12T10:18:00.257+0800][info] GC(66)   Post Evacuate Collection Set: 0.2ms
[2024-10-12T10:18:00.257+0800][info] GC(66)   Other: 0.2ms
[2024-10-12T10:18:00.257+0800][info] GC(66) Eden regions: 5->0(5)
[2024-10-12T10:18:00.257+0800][info] GC(66) Survivor regions: 1->1(1)
[2024-10-12T10:18:00.257+0800][info] GC(66) Old regions: 74->67
[2024-10-12T10:18:00.257+0800][info] GC(66) Archive regions: 2->2
[2024-10-12T10:18:00.257+0800][info] GC(66) Humongous regions: 3->3
[2024-10-12T10:18:00.257+0800][info] GC(66) Metaspace: 1671K(1856K)->1671K(1856K) NonClass: 1535K(1664K)->1535K(1664K) Class: 135K(192K)->135K(192K)
[2024-10-12T10:18:00.257+0800][info] GC(66) Pause Young (Mixed) (G1 Evacuation Pause) 165M->143M(256M) 2.034ms
[2024-10-12T10:18:00.257+0800][info] GC(66) User=0.01s Sys=0.00s Real=0.00s
[2024-10-12T10:18:00.522+0800][info] GC(67) Pause Young (Mixed) (G1 Evacuation Pause)
[2024-10-12T10:18:00.522+0800][info] GC(67) Using 6 workers of 48 for evacuation
[2024-10-12T10:18:00.524+0800][info] GC(67)   Pre Evacuate Collection Set: 0.2ms
[2024-10-12T10:18:00.524+0800][info] GC(67)   Merge Heap Roots: 0.1ms
[2024-10-12T10:18:00.524+0800][info] GC(67)   Evacuate Collection Set: 1.4ms
[2024-10-12T10:18:00.524+0800][info] GC(67)   Post Evacuate Collection Set: 0.2ms
[2024-10-12T10:18:00.524+0800][info] GC(67)   Other: 0.2ms
[2024-10-12T10:18:00.524+0800][info] GC(67) Eden regions: 5->0(5)
[2024-10-12T10:18:00.524+0800][info] GC(67) Survivor regions: 1->1(1)
[2024-10-12T10:18:00.525+0800][info] GC(67) Old regions: 67->63
[2024-10-12T10:18:00.525+0800][info] GC(67) Archive regions: 2->2
[2024-10-12T10:18:00.525+0800][info] GC(67) Humongous regions: 3->3
[2024-10-12T10:18:00.525+0800][info] GC(67) Metaspace: 1676K(1856K)->1676K(1856K) NonClass: 1540K(1664K)->1540K(1664K) Class: 135K(192K)->135K(192K)
[2024-10-12T10:18:00.525+0800][info] GC(67) Pause Young (Mixed) (G1 Evacuation Pause) 153M->134M(256M) 2.137ms
[2024-10-12T10:18:00.525+0800][info] GC(67) User=0.00s Sys=0.00s Real=0.00s
[2024-10-12T10:18:00.790+0800][info] GC(68) Pause Young (Mixed) (G1 Evacuation Pause)
[2024-10-12T10:18:00.790+0800][info] GC(68) Using 6 workers of 48 for evacuation
[2024-10-12T10:18:00.792+0800][info] GC(68)   Pre Evacuate Collection Set: 0.2ms
[2024-10-12T10:18:00.792+0800][info] GC(68)   Merge Heap Roots: 0.1ms
[2024-10-12T10:18:00.792+0800][info] GC(68)   Evacuate Collection Set: 1.7ms
[2024-10-12T10:18:00.792+0800][info] GC(68)   Post Evacuate Collection Set: 0.2ms
[2024-10-12T10:18:00.792+0800][info] GC(68)   Other: 0.2ms
[2024-10-12T10:18:00.793+0800][info] GC(68) Eden regions: 5->0(15)
[2024-10-12T10:18:00.793+0800][info] GC(68) Survivor regions: 1->1(1)
[2024-10-12T10:18:00.793+0800][info] GC(68) Old regions: 63->62
[2024-10-12T10:18:00.793+0800][info] GC(68) Archive regions: 2->2
[2024-10-12T10:18:00.793+0800][info] GC(68) Humongous regions: 3->3
[2024-10-12T10:18:00.793+0800][info] GC(68) Metaspace: 1676K(1856K)->1676K(1856K) NonClass: 1540K(1664K)->1540K(1664K) Class: 135K(192K)->135K(192K)
[2024-10-12T10:18:00.793+0800][info] GC(68) Pause Young (Mixed) (G1 Evacuation Pause) 143M->132M(256M) 2.451ms
[2024-10-12T10:18:00.793+0800][info] GC(68) User=0.01s Sys=0.00s Real=0.00s
[2024-10-12T10:18:01.612+0800][info] GC(69) Pause Young (Normal) (G1 Evacuation Pause)
[2024-10-12T10:18:01.612+0800][info] GC(69) Using 6 workers of 48 for evacuation
[2024-10-12T10:18:01.614+0800][info] GC(69)   Pre Evacuate Collection Set: 0.1ms
[2024-10-12T10:18:01.614+0800][info] GC(69)   Merge Heap Roots: 0.1ms
[2024-10-12T10:18:01.614+0800][info] GC(69)   Evacuate Collection Set: 2.2ms
[2024-10-12T10:18:01.614+0800][info] GC(69)   Post Evacuate Collection Set: 0.2ms
[2024-10-12T10:18:01.614+0800][info] GC(69)   Other: 0.3ms
[2024-10-12T10:18:01.614+0800][info] GC(69) Eden regions: 15->0(10)
[2024-10-12T10:18:01.614+0800][info] GC(69) Survivor regions: 1->2(2)
[2024-10-12T10:18:01.614+0800][info] GC(69) Old regions: 62->74
[2024-10-12T10:18:01.615+0800][info] GC(69) Archive regions: 2->2
[2024-10-12T10:18:01.615+0800][info] GC(69) Humongous regions: 3->3
[2024-10-12T10:18:01.615+0800][info] GC(69) Metaspace: 1676K(1856K)->1676K(1856K) NonClass: 1540K(1664K)->1540K(1664K) Class: 135K(192K)->135K(192K)
[2024-10-12T10:18:01.615+0800][info] GC(69) Pause Young (Normal) (G1 Evacuation Pause) 161M->158M(256M) 3.016ms
[2024-10-12T10:18:01.615+0800][info] GC(69) User=0.01s Sys=0.00s Real=0.01s
[2024-10-12T10:18:02.168+0800][info] GC(70) Pause Young (Normal) (G1 Evacuation Pause)
[2024-10-12T10:18:02.168+0800][info] GC(70) Using 6 workers of 48 for evacuation
[2024-10-12T10:18:02.171+0800][info] GC(70)   Pre Evacuate Collection Set: 0.1ms
[2024-10-12T10:18:02.171+0800][info] GC(70)   Merge Heap Roots: 0.1ms
[2024-10-12T10:18:02.171+0800][info] GC(70)   Evacuate Collection Set: 1.7ms
[2024-10-12T10:18:02.171+0800][info] GC(70)   Post Evacuate Collection Set: 0.2ms
[2024-10-12T10:18:02.171+0800][info] GC(70)   Other: 0.2ms
[2024-10-12T10:18:02.171+0800][info] GC(70) Eden regions: 10->0(7)
[2024-10-12T10:18:02.171+0800][info] GC(70) Survivor regions: 2->2(2)
[2024-10-12T10:18:02.171+0800][info] GC(70) Old regions: 74->83
[2024-10-12T10:18:02.171+0800][info] GC(70) Archive regions: 2->2
[2024-10-12T10:18:02.171+0800][info] GC(70) Humongous regions: 4->3
[2024-10-12T10:18:02.171+0800][info] GC(70) Metaspace: 1676K(1856K)->1676K(1856K) NonClass: 1540K(1664K)->1540K(1664K) Class: 135K(192K)->135K(192K)
[2024-10-12T10:18:02.171+0800][info] GC(70) Pause Young (Normal) (G1 Evacuation Pause) 180M->176M(256M) 2.481ms
[2024-10-12T10:18:02.171+0800][info] GC(70) User=0.01s Sys=0.00s Real=0.00s
[2024-10-12T10:18:02.540+0800][info] GC(71) Pause Young (Normal) (G1 Evacuation Pause)
[2024-10-12T10:18:02.540+0800][info] GC(71) Using 6 workers of 48 for evacuation
[2024-10-12T10:18:02.541+0800][info] GC(71)   Pre Evacuate Collection Set: 0.1ms
[2024-10-12T10:18:02.541+0800][info] GC(71)   Merge Heap Roots: 0.1ms
[2024-10-12T10:18:02.541+0800][info] GC(71)   Evacuate Collection Set: 1.2ms
[2024-10-12T10:18:02.541+0800][info] GC(71)   Post Evacuate Collection Set: 0.2ms
[2024-10-12T10:18:02.541+0800][info] GC(71)   Other: 0.2ms
[2024-10-12T10:18:02.541+0800][info] GC(71) Eden regions: 7->0(5)
[2024-10-12T10:18:02.541+0800][info] GC(71) Survivor regions: 2->2(2)
[2024-10-12T10:18:02.541+0800][info] GC(71) Old regions: 83->90
[2024-10-12T10:18:02.541+0800][info] GC(71) Archive regions: 2->2
[2024-10-12T10:18:02.541+0800][info] GC(71) Humongous regions: 3->3
[2024-10-12T10:18:02.541+0800][info] GC(71) Metaspace: 1676K(1856K)->1676K(1856K) NonClass: 1540K(1664K)->1540K(1664K) Class: 135K(192K)->135K(192K)
[2024-10-12T10:18:02.542+0800][info] GC(71) Pause Young (Normal) (G1 Evacuation Pause) 190M->190M(256M) 1.954ms
[2024-10-12T10:18:02.542+0800][info] GC(71) User=0.01s Sys=0.00s Real=0.00s
[2024-10-12T10:18:02.807+0800][info] GC(72) Pause Young (Normal) (G1 Evacuation Pause)
[2024-10-12T10:18:02.807+0800][info] GC(72) Using 6 workers of 48 for evacuation
[2024-10-12T10:18:02.809+0800][info] GC(72)   Pre Evacuate Collection Set: 0.1ms
[2024-10-12T10:18:02.809+0800][info] GC(72)   Merge Heap Roots: 0.1ms
[2024-10-12T10:18:02.809+0800][info] GC(72)   Evacuate Collection Set: 1.0ms
[2024-10-12T10:18:02.809+0800][info] GC(72)   Post Evacuate Collection Set: 0.2ms
[2024-10-12T10:18:02.809+0800][info] GC(72)   Other: 0.2ms
[2024-10-12T10:18:02.809+0800][info] GC(72) Eden regions: 5->0(5)
[2024-10-12T10:18:02.809+0800][info] GC(72) Survivor regions: 2->1(1)
[2024-10-12T10:18:02.809+0800][info] GC(72) Old regions: 90->95
[2024-10-12T10:18:02.809+0800][info] GC(72) Archive regions: 2->2
[2024-10-12T10:18:02.809+0800][info] GC(72) Humongous regions: 3->3
[2024-10-12T10:18:02.809+0800][info] GC(72) Metaspace: 1676K(1856K)->1676K(1856K) NonClass: 1540K(1664K)->1540K(1664K) Class: 135K(192K)->135K(192K)
[2024-10-12T10:18:02.809+0800][info] GC(72) Pause Young (Normal) (G1 Evacuation Pause) 199M->199M(256M) 1.746ms
[2024-10-12T10:18:02.809+0800][info] GC(72) User=0.00s Sys=0.01s Real=0.00s
[2024-10-12T10:18:03.075+0800][info] GC(73) Pause Young (Normal) (G1 Evacuation Pause)
[2024-10-12T10:18:03.075+0800][info] GC(73) Using 6 workers of 48 for evacuation
[2024-10-12T10:18:03.077+0800][info] GC(73)   Pre Evacuate Collection Set: 0.1ms
[2024-10-12T10:18:03.077+0800][info] GC(73)   Merge Heap Roots: 0.1ms
[2024-10-12T10:18:03.077+0800][info] GC(73)   Evacuate Collection Set: 1.0ms
[2024-10-12T10:18:03.077+0800][info] GC(73)   Post Evacuate Collection Set: 0.2ms
[2024-10-12T10:18:03.077+0800][info] GC(73)   Other: 0.2ms
[2024-10-12T10:18:03.077+0800][info] GC(73) Eden regions: 5->0(5)
[2024-10-12T10:18:03.077+0800][info] GC(73) Survivor regions: 1->1(1)
[2024-10-12T10:18:03.077+0800][info] GC(73) Old regions: 95->101
[2024-10-12T10:18:03.077+0800][info] GC(73) Archive regions: 2->2
[2024-10-12T10:18:03.077+0800][info] GC(73) Humongous regions: 3->3
[2024-10-12T10:18:03.077+0800][info] GC(73) Metaspace: 1676K(1856K)->1676K(1856K) NonClass: 1540K(1664K)->1540K(1664K) Class: 135K(192K)->135K(192K)
[2024-10-12T10:18:03.077+0800][info] GC(73) Pause Young (Normal) (G1 Evacuation Pause) 209M->210M(256M) 1.689ms
[2024-10-12T10:18:03.077+0800][info] GC(73) User=0.00s Sys=0.00s Real=0.00s
[2024-10-12T10:18:03.342+0800][info] GC(74) Pause Young (Concurrent Start) (G1 Evacuation Pause)
[2024-10-12T10:18:03.342+0800][info] GC(74) Using 6 workers of 48 for evacuation
[2024-10-12T10:18:03.344+0800][info] GC(74)   Pre Evacuate Collection Set: 0.1ms
[2024-10-12T10:18:03.344+0800][info] GC(74)   Merge Heap Roots: 0.1ms
[2024-10-12T10:18:03.344+0800][info] GC(74)   Evacuate Collection Set: 1.0ms
[2024-10-12T10:18:03.344+0800][info] GC(74)   Post Evacuate Collection Set: 0.2ms
[2024-10-12T10:18:03.344+0800][info] GC(74)   Other: 0.4ms
[2024-10-12T10:18:03.344+0800][info] GC(74) Eden regions: 5->0(5)
[2024-10-12T10:18:03.344+0800][info] GC(74) Survivor regions: 1->1(1)
[2024-10-12T10:18:03.344+0800][info] GC(74) Old regions: 101->106
[2024-10-12T10:18:03.344+0800][info] GC(74) Archive regions: 2->2
[2024-10-12T10:18:03.344+0800][info] GC(74) Humongous regions: 3->3
[2024-10-12T10:18:03.344+0800][info] GC(74) Metaspace: 1677K(1856K)->1677K(1856K) NonClass: 1541K(1664K)->1541K(1664K) Class: 135K(192K)->135K(192K)
[2024-10-12T10:18:03.344+0800][info] GC(74) Pause Young (Concurrent Start) (G1 Evacuation Pause) 219M->220M(256M) 1.876ms
[2024-10-12T10:18:03.344+0800][info] GC(74) User=0.00s Sys=0.00s Real=0.00s
[2024-10-12T10:18:03.344+0800][info] GC(75) Concurrent Mark Cycle
[2024-10-12T10:18:03.344+0800][info] GC(75) Concurrent Clear Claimed Marks
[2024-10-12T10:18:03.345+0800][info] GC(75) Concurrent Clear Claimed Marks 0.019ms
[2024-10-12T10:18:03.345+0800][info] GC(75) Concurrent Scan Root Regions
[2024-10-12T10:18:03.345+0800][info] GC(75) Concurrent Scan Root Regions 0.157ms
[2024-10-12T10:18:03.345+0800][info] GC(75) Concurrent Mark
[2024-10-12T10:18:03.345+0800][info] GC(75) Concurrent Mark From Roots
[2024-10-12T10:18:03.345+0800][info] GC(75) Using 12 workers of 12 for marking
[2024-10-12T10:18:03.351+0800][info] GC(75) Concurrent Mark From Roots 6.326ms
[2024-10-12T10:18:03.351+0800][info] GC(75) Concurrent Preclean
[2024-10-12T10:18:03.353+0800][info] GC(75) Concurrent Preclean 1.660ms
[2024-10-12T10:18:03.353+0800][info] GC(75) Pause Remark
[2024-10-12T10:18:03.354+0800][info] GC(75) Pause Remark 221M->169M(256M) 1.213ms
[2024-10-12T10:18:03.354+0800][info] GC(75) User=0.01s Sys=0.00s Real=0.01s
[2024-10-12T10:18:03.354+0800][info] GC(75) Concurrent Mark 9.426ms
[2024-10-12T10:18:03.354+0800][info] GC(75) Concurrent Rebuild Remembered Sets
[2024-10-12T10:18:03.356+0800][info] GC(75) Concurrent Rebuild Remembered Sets 1.371ms
[2024-10-12T10:18:03.356+0800][info] GC(75) Pause Cleanup
[2024-10-12T10:18:03.356+0800][info] GC(75) Pause Cleanup 169M->169M(256M) 0.257ms
[2024-10-12T10:18:03.356+0800][info] GC(75) User=0.00s Sys=0.00s Real=0.00s
[2024-10-12T10:18:03.356+0800][info] GC(75) Concurrent Cleanup for Next Mark
[2024-10-12T10:18:03.356+0800][info] GC(75) Concurrent Cleanup for Next Mark 0.415ms
[2024-10-12T10:18:03.356+0800][info] GC(75) Concurrent Mark Cycle 11.914ms
[2024-10-12T10:18:03.662+0800][info] GC(76) Pause Young (Prepare Mixed) (G1 Evacuation Pause)
[2024-10-12T10:18:03.662+0800][info] GC(76) Using 6 workers of 48 for evacuation
[2024-10-12T10:18:03.663+0800][info] GC(76)   Pre Evacuate Collection Set: 0.1ms
[2024-10-12T10:18:03.663+0800][info] GC(76)   Merge Heap Roots: 0.1ms
[2024-10-12T10:18:03.663+0800][info] GC(76)   Evacuate Collection Set: 0.9ms
[2024-10-12T10:18:03.663+0800][info] GC(76)   Post Evacuate Collection Set: 0.2ms
[2024-10-12T10:18:03.663+0800][info] GC(76)   Other: 0.2ms
[2024-10-12T10:18:03.663+0800][info] GC(76) Eden regions: 5->0(5)
[2024-10-12T10:18:03.663+0800][info] GC(76) Survivor regions: 1->1(1)
[2024-10-12T10:18:03.663+0800][info] GC(76) Old regions: 80->84
[2024-10-12T10:18:03.663+0800][info] GC(76) Archive regions: 2->2
[2024-10-12T10:18:03.663+0800][info] GC(76) Humongous regions: 3->3
[2024-10-12T10:18:03.663+0800][info] GC(76) Metaspace: 1677K(1856K)->1677K(1856K) NonClass: 1541K(1664K)->1541K(1664K) Class: 135K(192K)->135K(192K)
[2024-10-12T10:18:03.663+0800][info] GC(76) Pause Young (Prepare Mixed) (G1 Evacuation Pause) 178M->177M(256M) 1.653ms
[2024-10-12T10:18:03.663+0800][info] GC(76) User=0.01s Sys=0.00s Real=0.00s
[2024-10-12T10:18:03.929+0800][info] GC(77) Pause Young (Mixed) (G1 Evacuation Pause)
[2024-10-12T10:18:03.929+0800][info] GC(77) Using 6 workers of 48 for evacuation
[2024-10-12T10:18:03.931+0800][info] GC(77)   Pre Evacuate Collection Set: 0.2ms
[2024-10-12T10:18:03.931+0800][info] GC(77)   Merge Heap Roots: 0.1ms
[2024-10-12T10:18:03.931+0800][info] GC(77)   Evacuate Collection Set: 1.0ms
[2024-10-12T10:18:03.931+0800][info] GC(77)   Post Evacuate Collection Set: 0.2ms
[2024-10-12T10:18:03.931+0800][info] GC(77)   Other: 0.2ms
[2024-10-12T10:18:03.931+0800][info] GC(77) Eden regions: 5->0(5)
[2024-10-12T10:18:03.931+0800][info] GC(77) Survivor regions: 1->1(1)
[2024-10-12T10:18:03.931+0800][info] GC(77) Old regions: 84->76
[2024-10-12T10:18:03.931+0800][info] GC(77) Archive regions: 2->2
[2024-10-12T10:18:03.931+0800][info] GC(77) Humongous regions: 3->3
[2024-10-12T10:18:03.931+0800][info] GC(77) Metaspace: 1677K(1856K)->1677K(1856K) NonClass: 1541K(1664K)->1541K(1664K) Class: 135K(192K)->135K(192K)
[2024-10-12T10:18:03.931+0800][info] GC(77) Pause Young (Mixed) (G1 Evacuation Pause) 187M->161M(256M) 1.798ms
[2024-10-12T10:18:03.931+0800][info] GC(77) User=0.00s Sys=0.01s Real=0.00s
[2024-10-12T10:18:04.198+0800][info] GC(78) Pause Young (Mixed) (G1 Evacuation Pause)
[2024-10-12T10:18:04.198+0800][info] GC(78) Using 6 workers of 48 for evacuation
[2024-10-12T10:18:04.199+0800][info] GC(78)   Pre Evacuate Collection Set: 0.2ms
[2024-10-12T10:18:04.200+0800][info] GC(78)   Merge Heap Roots: 0.1ms
[2024-10-12T10:18:04.200+0800][info] GC(78)   Evacuate Collection Set: 1.3ms
[2024-10-12T10:18:04.200+0800][info] GC(78)   Post Evacuate Collection Set: 0.2ms
[2024-10-12T10:18:04.200+0800][info] GC(78)   Other: 0.2ms
[2024-10-12T10:18:04.200+0800][info] GC(78) Eden regions: 5->0(5)
[2024-10-12T10:18:04.200+0800][info] GC(78) Survivor regions: 1->1(1)
[2024-10-12T10:18:04.200+0800][info] GC(78) Old regions: 76->70
[2024-10-12T10:18:04.200+0800][info] GC(78) Archive regions: 2->2
[2024-10-12T10:18:04.200+0800][info] GC(78) Humongous regions: 4->3
[2024-10-12T10:18:04.200+0800][info] GC(78) Metaspace: 1677K(1856K)->1677K(1856K) NonClass: 1541K(1664K)->1541K(1664K) Class: 135K(192K)->135K(192K)
[2024-10-12T10:18:04.200+0800][info] GC(78) Pause Young (Mixed) (G1 Evacuation Pause) 173M->149M(256M) 2.088ms
[2024-10-12T10:18:04.200+0800][info] GC(78) User=0.01s Sys=0.00s Real=0.00s
[2024-10-12T10:18:04.465+0800][info] GC(79) Pause Young (Mixed) (G1 Evacuation Pause)
[2024-10-12T10:18:04.465+0800][info] GC(79) Using 6 workers of 48 for evacuation
[2024-10-12T10:18:04.467+0800][info] GC(79)   Pre Evacuate Collection Set: 0.2ms
[2024-10-12T10:18:04.467+0800][info] GC(79)   Merge Heap Roots: 0.1ms
[2024-10-12T10:18:04.467+0800][info] GC(79)   Evacuate Collection Set: 1.5ms
[2024-10-12T10:18:04.467+0800][info] GC(79)   Post Evacuate Collection Set: 0.2ms
[2024-10-12T10:18:04.467+0800][info] GC(79)   Other: 0.2ms
[2024-10-12T10:18:04.467+0800][info] GC(79) Eden regions: 5->0(5)
[2024-10-12T10:18:04.467+0800][info] GC(79) Survivor regions: 1->1(1)
[2024-10-12T10:18:04.468+0800][info] GC(79) Old regions: 70->65
[2024-10-12T10:18:04.468+0800][info] GC(79) Archive regions: 2->2
[2024-10-12T10:18:04.468+0800][info] GC(79) Humongous regions: 3->3
[2024-10-12T10:18:04.468+0800][info] GC(79) Metaspace: 1684K(1856K)->1684K(1856K) NonClass: 1548K(1664K)->1548K(1664K) Class: 135K(192K)->135K(192K)
[2024-10-12T10:18:04.468+0800][info] GC(79) Pause Young (Mixed) (G1 Evacuation Pause) 159M->138M(256M) 2.310ms
[2024-10-12T10:18:04.468+0800][info] GC(79) User=0.01s Sys=0.00s Real=0.00s
[2024-10-12T10:18:04.733+0800][info] GC(80) Pause Young (Mixed) (G1 Evacuation Pause)
[2024-10-12T10:18:04.733+0800][info] GC(80) Using 6 workers of 48 for evacuation
[2024-10-12T10:18:04.735+0800][info] GC(80)   Pre Evacuate Collection Set: 0.2ms
[2024-10-12T10:18:04.735+0800][info] GC(80)   Merge Heap Roots: 0.1ms
[2024-10-12T10:18:04.735+0800][info] GC(80)   Evacuate Collection Set: 1.6ms
[2024-10-12T10:18:04.735+0800][info] GC(80)   Post Evacuate Collection Set: 0.2ms
[2024-10-12T10:18:04.735+0800][info] GC(80)   Other: 0.2ms
[2024-10-12T10:18:04.736+0800][info] GC(80) Eden regions: 5->0(14)
[2024-10-12T10:18:04.736+0800][info] GC(80) Survivor regions: 1->1(1)
[2024-10-12T10:18:04.736+0800][info] GC(80) Old regions: 65->63
[2024-10-12T10:18:04.736+0800][info] GC(80) Archive regions: 2->2
[2024-10-12T10:18:04.736+0800][info] GC(80) Humongous regions: 3->3
[2024-10-12T10:18:04.736+0800][info] GC(80) Metaspace: 1684K(1856K)->1684K(1856K) NonClass: 1548K(1664K)->1548K(1664K) Class: 135K(192K)->135K(192K)
[2024-10-12T10:18:04.736+0800][info] GC(80) Pause Young (Mixed) (G1 Evacuation Pause) 148M->135M(256M) 2.317ms
[2024-10-12T10:18:04.736+0800][info] GC(80) User=0.01s Sys=0.01s Real=0.00s
[2024-10-12T10:18:05.493+0800][info] GC(81) Pause Young (Normal) (G1 Evacuation Pause)
[2024-10-12T10:18:05.493+0800][info] GC(81) Using 6 workers of 48 for evacuation
[2024-10-12T10:18:05.495+0800][info] GC(81)   Pre Evacuate Collection Set: 0.1ms
[2024-10-12T10:18:05.495+0800][info] GC(81)   Merge Heap Roots: 0.1ms
[2024-10-12T10:18:05.495+0800][info] GC(81)   Evacuate Collection Set: 1.9ms
[2024-10-12T10:18:05.495+0800][info] GC(81)   Post Evacuate Collection Set: 0.2ms
[2024-10-12T10:18:05.495+0800][info] GC(81)   Other: 0.2ms
[2024-10-12T10:18:05.495+0800][info] GC(81) Eden regions: 14->0(11)
[2024-10-12T10:18:05.495+0800][info] GC(81) Survivor regions: 1->2(2)
[2024-10-12T10:18:05.495+0800][info] GC(81) Old regions: 63->74
[2024-10-12T10:18:05.495+0800][info] GC(81) Archive regions: 2->2
[2024-10-12T10:18:05.495+0800][info] GC(81) Humongous regions: 3->3
[2024-10-12T10:18:05.496+0800][info] GC(81) Metaspace: 1684K(1856K)->1684K(1856K) NonClass: 1548K(1664K)->1548K(1664K) Class: 135K(192K)->135K(192K)
[2024-10-12T10:18:05.496+0800][info] GC(81) Pause Young (Normal) (G1 Evacuation Pause) 162M->159M(256M) 2.591ms
[2024-10-12T10:18:05.496+0800][info] GC(81) User=0.01s Sys=0.00s Real=0.01s
[2024-10-12T10:18:06.089+0800][info] GC(82) Pause Young (Normal) (G1 Evacuation Pause)
[2024-10-12T10:18:06.089+0800][info] GC(82) Using 6 workers of 48 for evacuation
[2024-10-12T10:18:06.092+0800][info] GC(82)   Pre Evacuate Collection Set: 0.1ms
[2024-10-12T10:18:06.092+0800][info] GC(82)   Merge Heap Roots: 0.1ms
[2024-10-12T10:18:06.092+0800][info] GC(82)   Evacuate Collection Set: 1.7ms
[2024-10-12T10:18:06.092+0800][info] GC(82)   Post Evacuate Collection Set: 0.2ms
[2024-10-12T10:18:06.092+0800][info] GC(82)   Other: 0.2ms
[2024-10-12T10:18:06.092+0800][info] GC(82) Eden regions: 11->0(7)
[2024-10-12T10:18:06.092+0800][info] GC(82) Survivor regions: 2->2(2)
[2024-10-12T10:18:06.092+0800][info] GC(82) Old regions: 74->84
[2024-10-12T10:18:06.092+0800][info] GC(82) Archive regions: 2->2
[2024-10-12T10:18:06.092+0800][info] GC(82) Humongous regions: 3->3
[2024-10-12T10:18:06.092+0800][info] GC(82) Metaspace: 1684K(1856K)->1684K(1856K) NonClass: 1548K(1664K)->1548K(1664K) Class: 135K(192K)->135K(192K)
[2024-10-12T10:18:06.092+0800][info] GC(82) Pause Young (Normal) (G1 Evacuation Pause) 180M->178M(256M) 2.392ms
[2024-10-12T10:18:06.092+0800][info] GC(82) User=0.01s Sys=0.01s Real=0.00s
[2024-10-12T10:18:06.481+0800][info] GC(83) Pause Young (Normal) (G1 Evacuation Pause)
[2024-10-12T10:18:06.481+0800][info] GC(83) Using 6 workers of 48 for evacuation
[2024-10-12T10:18:06.483+0800][info] GC(83)   Pre Evacuate Collection Set: 0.1ms
[2024-10-12T10:18:06.483+0800][info] GC(83)   Merge Heap Roots: 0.1ms
[2024-10-12T10:18:06.483+0800][info] GC(83)   Evacuate Collection Set: 1.2ms
[2024-10-12T10:18:06.483+0800][info] GC(83)   Post Evacuate Collection Set: 0.2ms
[2024-10-12T10:18:06.483+0800][info] GC(83)   Other: 0.2ms
[2024-10-12T10:18:06.483+0800][info] GC(83) Eden regions: 7->0(5)
[2024-10-12T10:18:06.483+0800][info] GC(83) Survivor regions: 2->2(2)
[2024-10-12T10:18:06.483+0800][info] GC(83) Old regions: 84->91
[2024-10-12T10:18:06.483+0800][info] GC(83) Archive regions: 2->2
[2024-10-12T10:18:06.483+0800][info] GC(83) Humongous regions: 4->3
[2024-10-12T10:18:06.483+0800][info] GC(83) Metaspace: 1687K(1856K)->1687K(1856K) NonClass: 1551K(1664K)->1551K(1664K) Class: 135K(192K)->135K(192K)
[2024-10-12T10:18:06.483+0800][info] GC(83) Pause Young (Normal) (G1 Evacuation Pause) 194M->192M(256M) 2.019ms
[2024-10-12T10:18:06.483+0800][info] GC(83) User=0.01s Sys=0.00s Real=0.00s
[2024-10-12T10:18:06.749+0800][info] GC(84) Pause Young (Normal) (G1 Evacuation Pause)
[2024-10-12T10:18:06.749+0800][info] GC(84) Using 6 workers of 48 for evacuation
[2024-10-12T10:18:06.751+0800][info] GC(84)   Pre Evacuate Collection Set: 0.1ms
[2024-10-12T10:18:06.751+0800][info] GC(84)   Merge Heap Roots: 0.0ms
[2024-10-12T10:18:06.751+0800][info] GC(84)   Evacuate Collection Set: 1.1ms
[2024-10-12T10:18:06.751+0800][info] GC(84)   Post Evacuate Collection Set: 0.2ms
[2024-10-12T10:18:06.751+0800][info] GC(84)   Other: 0.2ms
[2024-10-12T10:18:06.751+0800][info] GC(84) Eden regions: 5->0(5)
[2024-10-12T10:18:06.751+0800][info] GC(84) Survivor regions: 2->1(1)
[2024-10-12T10:18:06.751+0800][info] GC(84) Old regions: 91->97
[2024-10-12T10:18:06.751+0800][info] GC(84) Archive regions: 2->2
[2024-10-12T10:18:06.751+0800][info] GC(84) Humongous regions: 3->3
[2024-10-12T10:18:06.751+0800][info] GC(84) Metaspace: 1687K(1856K)->1687K(1856K) NonClass: 1551K(1664K)->1551K(1664K) Class: 135K(192K)->135K(192K)
[2024-10-12T10:18:06.751+0800][info] GC(84) Pause Young (Normal) (G1 Evacuation Pause) 202M->202M(256M) 1.828ms
[2024-10-12T10:18:06.751+0800][info] GC(84) User=0.01s Sys=0.01s Real=0.00s
[2024-10-12T10:18:07.017+0800][info] GC(85) Pause Young (Concurrent Start) (G1 Evacuation Pause)
[2024-10-12T10:18:07.017+0800][info] GC(85) Using 6 workers of 48 for evacuation
[2024-10-12T10:18:07.018+0800][info] GC(85)   Pre Evacuate Collection Set: 0.1ms
[2024-10-12T10:18:07.019+0800][info] GC(85)   Merge Heap Roots: 0.1ms
[2024-10-12T10:18:07.019+0800][info] GC(85)   Evacuate Collection Set: 1.0ms
[2024-10-12T10:18:07.019+0800][info] GC(85)   Post Evacuate Collection Set: 0.2ms
[2024-10-12T10:18:07.019+0800][info] GC(85)   Other: 0.4ms
[2024-10-12T10:18:07.019+0800][info] GC(85) Eden regions: 5->0(5)
[2024-10-12T10:18:07.019+0800][info] GC(85) Survivor regions: 1->1(1)
[2024-10-12T10:18:07.019+0800][info] GC(85) Old regions: 97->101
[2024-10-12T10:18:07.019+0800][info] GC(85) Archive regions: 2->2
[2024-10-12T10:18:07.019+0800][info] GC(85) Humongous regions: 3->3
[2024-10-12T10:18:07.019+0800][info] GC(85) Metaspace: 1687K(1856K)->1687K(1856K) NonClass: 1551K(1664K)->1551K(1664K) Class: 135K(192K)->135K(192K)
[2024-10-12T10:18:07.019+0800][info] GC(85) Pause Young (Concurrent Start) (G1 Evacuation Pause) 212M->211M(256M) 1.891ms
[2024-10-12T10:18:07.019+0800][info] GC(85) User=0.00s Sys=0.00s Real=0.00s
[2024-10-12T10:18:07.019+0800][info] GC(86) Concurrent Mark Cycle
[2024-10-12T10:18:07.019+0800][info] GC(86) Concurrent Clear Claimed Marks
[2024-10-12T10:18:07.019+0800][info] GC(86) Concurrent Clear Claimed Marks 0.019ms
[2024-10-12T10:18:07.019+0800][info] GC(86) Concurrent Scan Root Regions
[2024-10-12T10:18:07.019+0800][info] GC(86) Concurrent Scan Root Regions 0.088ms
[2024-10-12T10:18:07.019+0800][info] GC(86) Concurrent Mark
[2024-10-12T10:18:07.019+0800][info] GC(86) Concurrent Mark From Roots
[2024-10-12T10:18:07.019+0800][info] GC(86) Using 12 workers of 12 for marking
[2024-10-12T10:18:07.023+0800][info] GC(86) Concurrent Mark From Roots 3.978ms
[2024-10-12T10:18:07.023+0800][info] GC(86) Concurrent Preclean
[2024-10-12T10:18:07.025+0800][info] GC(86) Concurrent Preclean 1.658ms
[2024-10-12T10:18:07.025+0800][info] GC(86) Pause Remark
[2024-10-12T10:18:07.026+0800][info] GC(86) Pause Remark 212M->166M(256M) 1.200ms
[2024-10-12T10:18:07.026+0800][info] GC(86) User=0.01s Sys=0.00s Real=0.01s
[2024-10-12T10:18:07.026+0800][info] GC(86) Concurrent Mark 7.063ms
[2024-10-12T10:18:07.026+0800][info] GC(86) Concurrent Rebuild Remembered Sets
[2024-10-12T10:18:07.027+0800][info] GC(86) Concurrent Rebuild Remembered Sets 1.102ms
[2024-10-12T10:18:07.027+0800][info] GC(86) Pause Cleanup
[2024-10-12T10:18:07.028+0800][info] GC(86) Pause Cleanup 166M->166M(256M) 0.248ms
[2024-10-12T10:18:07.028+0800][info] GC(86) User=0.00s Sys=0.00s Real=0.00s
[2024-10-12T10:18:07.028+0800][info] GC(86) Concurrent Cleanup for Next Mark
[2024-10-12T10:18:07.028+0800][info] GC(86) Concurrent Cleanup for Next Mark 0.423ms
[2024-10-12T10:18:07.028+0800][info] GC(86) Concurrent Mark Cycle 9.322ms
[2024-10-12T10:18:07.337+0800][info] GC(87) Pause Young (Prepare Mixed) (G1 Evacuation Pause)
[2024-10-12T10:18:07.337+0800][info] GC(87) Using 6 workers of 48 for evacuation
[2024-10-12T10:18:07.338+0800][info] GC(87)   Pre Evacuate Collection Set: 0.1ms
[2024-10-12T10:18:07.338+0800][info] GC(87)   Merge Heap Roots: 0.1ms
[2024-10-12T10:18:07.338+0800][info] GC(87)   Evacuate Collection Set: 1.0ms
[2024-10-12T10:18:07.338+0800][info] GC(87)   Post Evacuate Collection Set: 0.2ms
[2024-10-12T10:18:07.338+0800][info] GC(87)   Other: 0.2ms
[2024-10-12T10:18:07.338+0800][info] GC(87) Eden regions: 5->0(5)
[2024-10-12T10:18:07.338+0800][info] GC(87) Survivor regions: 1->1(1)
[2024-10-12T10:18:07.338+0800][info] GC(87) Old regions: 78->83
[2024-10-12T10:18:07.338+0800][info] GC(87) Archive regions: 2->2
[2024-10-12T10:18:07.338+0800][info] GC(87) Humongous regions: 3->3
[2024-10-12T10:18:07.338+0800][info] GC(87) Metaspace: 1687K(1856K)->1687K(1856K) NonClass: 1551K(1664K)->1551K(1664K) Class: 135K(192K)->135K(192K)
[2024-10-12T10:18:07.338+0800][info] GC(87) Pause Young (Prepare Mixed) (G1 Evacuation Pause) 175M->175M(256M) 1.666ms
[2024-10-12T10:18:07.338+0800][info] GC(87) User=0.01s Sys=0.00s Real=0.00s
[2024-10-12T10:18:07.604+0800][info] GC(88) Pause Young (Mixed) (G1 Evacuation Pause)
[2024-10-12T10:18:07.604+0800][info] GC(88) Using 6 workers of 48 for evacuation
[2024-10-12T10:18:07.605+0800][info] GC(88)   Pre Evacuate Collection Set: 0.2ms
[2024-10-12T10:18:07.605+0800][info] GC(88)   Merge Heap Roots: 0.1ms
[2024-10-12T10:18:07.605+0800][info] GC(88)   Evacuate Collection Set: 0.9ms
[2024-10-12T10:18:07.605+0800][info] GC(88)   Post Evacuate Collection Set: 0.3ms
[2024-10-12T10:18:07.605+0800][info] GC(88)   Other: 0.2ms
[2024-10-12T10:18:07.605+0800][info] GC(88) Eden regions: 5->0(5)
[2024-10-12T10:18:07.605+0800][info] GC(88) Survivor regions: 1->1(1)
[2024-10-12T10:18:07.605+0800][info] GC(88) Old regions: 83->75
[2024-10-12T10:18:07.605+0800][info] GC(88) Archive regions: 2->2
[2024-10-12T10:18:07.605+0800][info] GC(88) Humongous regions: 3->3
[2024-10-12T10:18:07.605+0800][info] GC(88) Metaspace: 1687K(1856K)->1687K(1856K) NonClass: 1551K(1664K)->1551K(1664K) Class: 135K(192K)->135K(192K)
[2024-10-12T10:18:07.605+0800][info] GC(88) Pause Young (Mixed) (G1 Evacuation Pause) 185M->159M(256M) 1.772ms
[2024-10-12T10:18:07.606+0800][info] GC(88) User=0.01s Sys=0.00s Real=0.01s
[2024-10-12T10:18:07.871+0800][info] GC(89) Pause Young (Mixed) (G1 Evacuation Pause)
[2024-10-12T10:18:07.871+0800][info] GC(89) Using 6 workers of 48 for evacuation
[2024-10-12T10:18:07.873+0800][info] GC(89)   Pre Evacuate Collection Set: 0.2ms
[2024-10-12T10:18:07.873+0800][info] GC(89)   Merge Heap Roots: 0.1ms
[2024-10-12T10:18:07.873+0800][info] GC(89)   Evacuate Collection Set: 1.3ms
[2024-10-12T10:18:07.873+0800][info] GC(89)   Post Evacuate Collection Set: 0.2ms
[2024-10-12T10:18:07.873+0800][info] GC(89)   Other: 0.1ms
[2024-10-12T10:18:07.873+0800][info] GC(89) Eden regions: 5->0(5)
[2024-10-12T10:18:07.873+0800][info] GC(89) Survivor regions: 1->1(1)
[2024-10-12T10:18:07.873+0800][info] GC(89) Old regions: 75->70
[2024-10-12T10:18:07.873+0800][info] GC(89) Archive regions: 2->2
[2024-10-12T10:18:07.873+0800][info] GC(89) Humongous regions: 3->3
[2024-10-12T10:18:07.873+0800][info] GC(89) Metaspace: 1687K(1856K)->1687K(1856K) NonClass: 1551K(1664K)->1551K(1664K) Class: 135K(192K)->135K(192K)
[2024-10-12T10:18:07.873+0800][info] GC(89) Pause Young (Mixed) (G1 Evacuation Pause) 169M->148M(256M) 1.966ms
[2024-10-12T10:18:07.873+0800][info] GC(89) User=0.01s Sys=0.00s Real=0.00s
[2024-10-12T10:18:08.139+0800][info] GC(90) Pause Young (Mixed) (G1 Evacuation Pause)
[2024-10-12T10:18:08.139+0800][info] GC(90) Using 6 workers of 48 for evacuation
[2024-10-12T10:18:08.141+0800][info] GC(90)   Pre Evacuate Collection Set: 0.2ms
[2024-10-12T10:18:08.141+0800][info] GC(90)   Merge Heap Roots: 0.1ms
[2024-10-12T10:18:08.141+0800][info] GC(90)   Evacuate Collection Set: 1.4ms
[2024-10-12T10:18:08.141+0800][info] GC(90)   Post Evacuate Collection Set: 0.2ms
[2024-10-12T10:18:08.141+0800][info] GC(90)   Other: 0.2ms
[2024-10-12T10:18:08.141+0800][info] GC(90) Eden regions: 5->0(5)
[2024-10-12T10:18:08.141+0800][info] GC(90) Survivor regions: 1->1(1)
[2024-10-12T10:18:08.141+0800][info] GC(90) Old regions: 70->65
[2024-10-12T10:18:08.141+0800][info] GC(90) Archive regions: 2->2
[2024-10-12T10:18:08.141+0800][info] GC(90) Humongous regions: 3->3
[2024-10-12T10:18:08.141+0800][info] GC(90) Metaspace: 1687K(1856K)->1687K(1856K) NonClass: 1551K(1664K)->1551K(1664K) Class: 135K(192K)->135K(192K)
[2024-10-12T10:18:08.141+0800][info] GC(90) Pause Young (Mixed) (G1 Evacuation Pause) 158M->139M(256M) 2.231ms
[2024-10-12T10:18:08.141+0800][info] GC(90) User=0.01s Sys=0.00s Real=0.00s
[2024-10-12T10:18:08.407+0800][info] GC(91) Pause Young (Mixed) (G1 Evacuation Pause)
[2024-10-12T10:18:08.407+0800][info] GC(91) Using 6 workers of 48 for evacuation
[2024-10-12T10:18:08.409+0800][info] GC(91)   Pre Evacuate Collection Set: 0.2ms
[2024-10-12T10:18:08.409+0800][info] GC(91)   Merge Heap Roots: 0.1ms
[2024-10-12T10:18:08.409+0800][info] GC(91)   Evacuate Collection Set: 1.5ms
[2024-10-12T10:18:08.409+0800][info] GC(91)   Post Evacuate Collection Set: 0.2ms
[2024-10-12T10:18:08.409+0800][info] GC(91)   Other: 0.2ms
[2024-10-12T10:18:08.409+0800][info] GC(91) Eden regions: 5->0(14)
[2024-10-12T10:18:08.409+0800][info] GC(91) Survivor regions: 1->1(1)
[2024-10-12T10:18:08.409+0800][info] GC(91) Old regions: 65->63
[2024-10-12T10:18:08.409+0800][info] GC(91) Archive regions: 2->2
[2024-10-12T10:18:08.410+0800][info] GC(91) Humongous regions: 4->3
[2024-10-12T10:18:08.410+0800][info] GC(91) Metaspace: 1687K(1856K)->1687K(1856K) NonClass: 1551K(1664K)->1551K(1664K) Class: 135K(192K)->135K(192K)
[2024-10-12T10:18:08.410+0800][info] GC(91) Pause Young (Mixed) (G1 Evacuation Pause) 151M->134M(256M) 2.300ms
[2024-10-12T10:18:08.410+0800][info] GC(91) User=0.01s Sys=0.00s Real=0.00s
[2024-10-12T10:18:09.167+0800][info] GC(92) Pause Young (Normal) (G1 Evacuation Pause)
[2024-10-12T10:18:09.167+0800][info] GC(92) Using 6 workers of 48 for evacuation
[2024-10-12T10:18:09.169+0800][info] GC(92)   Pre Evacuate Collection Set: 0.1ms
[2024-10-12T10:18:09.169+0800][info] GC(92)   Merge Heap Roots: 0.1ms
[2024-10-12T10:18:09.169+0800][info] GC(92)   Evacuate Collection Set: 2.0ms
[2024-10-12T10:18:09.169+0800][info] GC(92)   Post Evacuate Collection Set: 0.2ms
[2024-10-12T10:18:09.169+0800][info] GC(92)   Other: 0.2ms
[2024-10-12T10:18:09.169+0800][info] GC(92) Eden regions: 14->0(10)
[2024-10-12T10:18:09.169+0800][info] GC(92) Survivor regions: 1->2(2)
[2024-10-12T10:18:09.169+0800][info] GC(92) Old regions: 63->75
[2024-10-12T10:18:09.169+0800][info] GC(92) Archive regions: 2->2
[2024-10-12T10:18:09.169+0800][info] GC(92) Humongous regions: 3->3
[2024-10-12T10:18:09.170+0800][info] GC(92) Metaspace: 1687K(1856K)->1687K(1856K) NonClass: 1551K(1664K)->1551K(1664K) Class: 135K(192K)->135K(192K)
[2024-10-12T10:18:09.170+0800][info] GC(92) Pause Young (Normal) (G1 Evacuation Pause) 162M->161M(256M) 2.788ms
[2024-10-12T10:18:09.170+0800][info] GC(92) User=0.01s Sys=0.00s Real=0.00s
[2024-10-12T10:18:09.722+0800][info] GC(93) Pause Young (Normal) (G1 Evacuation Pause)
[2024-10-12T10:18:09.722+0800][info] GC(93) Using 6 workers of 48 for evacuation
[2024-10-12T10:18:09.724+0800][info] GC(93)   Pre Evacuate Collection Set: 0.1ms
[2024-10-12T10:18:09.724+0800][info] GC(93)   Merge Heap Roots: 0.1ms
[2024-10-12T10:18:09.724+0800][info] GC(93)   Evacuate Collection Set: 1.7ms
[2024-10-12T10:18:09.724+0800][info] GC(93)   Post Evacuate Collection Set: 0.2ms
[2024-10-12T10:18:09.724+0800][info] GC(93)   Other: 0.2ms
[2024-10-12T10:18:09.724+0800][info] GC(93) Eden regions: 10->0(7)
[2024-10-12T10:18:09.724+0800][info] GC(93) Survivor regions: 2->2(2)
[2024-10-12T10:18:09.724+0800][info] GC(93) Old regions: 75->85
[2024-10-12T10:18:09.724+0800][info] GC(93) Archive regions: 2->2
[2024-10-12T10:18:09.724+0800][info] GC(93) Humongous regions: 3->3
[2024-10-12T10:18:09.724+0800][info] GC(93) Metaspace: 1687K(1856K)->1687K(1856K) NonClass: 1551K(1664K)->1551K(1664K) Class: 135K(192K)->135K(192K)
[2024-10-12T10:18:09.724+0800][info] GC(93) Pause Young (Normal) (G1 Evacuation Pause) 181M->180M(256M) 2.474ms
[2024-10-12T10:18:09.724+0800][info] GC(93) User=0.00s Sys=0.00s Real=0.00s
[2024-10-12T10:18:10.093+0800][info] GC(94) Pause Young (Normal) (G1 Evacuation Pause)
[2024-10-12T10:18:10.093+0800][info] GC(94) Using 6 workers of 48 for evacuation
[2024-10-12T10:18:10.095+0800][info] GC(94)   Pre Evacuate Collection Set: 0.2ms
[2024-10-12T10:18:10.095+0800][info] GC(94)   Merge Heap Roots: 0.1ms
[2024-10-12T10:18:10.095+0800][info] GC(94)   Evacuate Collection Set: 1.2ms
[2024-10-12T10:18:10.095+0800][info] GC(94)   Post Evacuate Collection Set: 0.2ms
[2024-10-12T10:18:10.095+0800][info] GC(94)   Other: 0.2ms
[2024-10-12T10:18:10.095+0800][info] GC(94) Eden regions: 7->0(5)
[2024-10-12T10:18:10.095+0800][info] GC(94) Survivor regions: 2->2(2)
[2024-10-12T10:18:10.095+0800][info] GC(94) Old regions: 85->91
[2024-10-12T10:18:10.095+0800][info] GC(94) Archive regions: 2->2
[2024-10-12T10:18:10.095+0800][info] GC(94) Humongous regions: 3->3
[2024-10-12T10:18:10.095+0800][info] GC(94) Metaspace: 1687K(1856K)->1687K(1856K) NonClass: 1551K(1664K)->1551K(1664K) Class: 135K(192K)->135K(192K)
[2024-10-12T10:18:10.095+0800][info] GC(94) Pause Young (Normal) (G1 Evacuation Pause) 193M->192M(256M) 1.962ms
[2024-10-12T10:18:10.095+0800][info] GC(94) User=0.00s Sys=0.01s Real=0.01s
[2024-10-12T10:18:10.361+0800][info] GC(95) Pause Young (Normal) (G1 Evacuation Pause)
[2024-10-12T10:18:10.361+0800][info] GC(95) Using 6 workers of 48 for evacuation
[2024-10-12T10:18:10.362+0800][info] GC(95)   Pre Evacuate Collection Set: 0.1ms
[2024-10-12T10:18:10.362+0800][info] GC(95)   Merge Heap Roots: 0.1ms
[2024-10-12T10:18:10.362+0800][info] GC(95)   Evacuate Collection Set: 1.1ms
[2024-10-12T10:18:10.362+0800][info] GC(95)   Post Evacuate Collection Set: 0.2ms
[2024-10-12T10:18:10.362+0800][info] GC(95)   Other: 0.2ms
[2024-10-12T10:18:10.362+0800][info] GC(95) Eden regions: 5->0(5)
[2024-10-12T10:18:10.362+0800][info] GC(95) Survivor regions: 2->1(1)
[2024-10-12T10:18:10.362+0800][info] GC(95) Old regions: 91->96
[2024-10-12T10:18:10.362+0800][info] GC(95) Archive regions: 2->2
[2024-10-12T10:18:10.362+0800][info] GC(95) Humongous regions: 3->3
[2024-10-12T10:18:10.362+0800][info] GC(95) Metaspace: 1687K(1856K)->1687K(1856K) NonClass: 1551K(1664K)->1551K(1664K) Class: 135K(192K)->135K(192K)
[2024-10-12T10:18:10.362+0800][info] GC(95) Pause Young (Normal) (G1 Evacuation Pause) 201M->201M(256M) 1.843ms
[2024-10-12T10:18:10.362+0800][info] GC(95) User=0.01s Sys=0.00s Real=0.00s
[2024-10-12T10:18:10.629+0800][info] GC(96) Pause Young (Normal) (G1 Evacuation Pause)
[2024-10-12T10:18:10.629+0800][info] GC(96) Using 6 workers of 48 for evacuation
[2024-10-12T10:18:10.631+0800][info] GC(96)   Pre Evacuate Collection Set: 0.1ms
[2024-10-12T10:18:10.631+0800][info] GC(96)   Merge Heap Roots: 0.1ms
[2024-10-12T10:18:10.631+0800][info] GC(96)   Evacuate Collection Set: 1.0ms
[2024-10-12T10:18:10.631+0800][info] GC(96)   Post Evacuate Collection Set: 0.2ms
[2024-10-12T10:18:10.631+0800][info] GC(96)   Other: 0.2ms
[2024-10-12T10:18:10.631+0800][info] GC(96) Eden regions: 5->0(5)
[2024-10-12T10:18:10.631+0800][info] GC(96) Survivor regions: 1->1(1)
[2024-10-12T10:18:10.631+0800][info] GC(96) Old regions: 96->101
[2024-10-12T10:18:10.631+0800][info] GC(96) Archive regions: 2->2
[2024-10-12T10:18:10.631+0800][info] GC(96) Humongous regions: 4->3
[2024-10-12T10:18:10.631+0800][info] GC(96) Metaspace: 1687K(1856K)->1687K(1856K) NonClass: 1551K(1664K)->1551K(1664K) Class: 135K(192K)->135K(192K)
[2024-10-12T10:18:10.631+0800][info] GC(96) Pause Young (Normal) (G1 Evacuation Pause) 212M->211M(256M) 1.694ms
[2024-10-12T10:18:10.631+0800][info] GC(96) User=0.00s Sys=0.00s Real=0.00s
[2024-10-12T10:18:10.896+0800][info] GC(97) Pause Young (Concurrent Start) (G1 Evacuation Pause)
[2024-10-12T10:18:10.896+0800][info] GC(97) Using 6 workers of 48 for evacuation
[2024-10-12T10:18:10.898+0800][info] GC(97)   Pre Evacuate Collection Set: 0.1ms
[2024-10-12T10:18:10.898+0800][info] GC(97)   Merge Heap Roots: 0.1ms
[2024-10-12T10:18:10.898+0800][info] GC(97)   Evacuate Collection Set: 1.0ms
[2024-10-12T10:18:10.898+0800][info] GC(97)   Post Evacuate Collection Set: 0.2ms
[2024-10-12T10:18:10.898+0800][info] GC(97)   Other: 0.4ms
[2024-10-12T10:18:10.898+0800][info] GC(97) Eden regions: 5->0(5)
[2024-10-12T10:18:10.898+0800][info] GC(97) Survivor regions: 1->1(1)
[2024-10-12T10:18:10.898+0800][info] GC(97) Old regions: 101->107
[2024-10-12T10:18:10.898+0800][info] GC(97) Archive regions: 2->2
[2024-10-12T10:18:10.898+0800][info] GC(97) Humongous regions: 3->3
[2024-10-12T10:18:10.898+0800][info] GC(97) Metaspace: 1687K(1856K)->1687K(1856K) NonClass: 1551K(1664K)->1551K(1664K) Class: 135K(192K)->135K(192K)
[2024-10-12T10:18:10.898+0800][info] GC(97) Pause Young (Concurrent Start) (G1 Evacuation Pause) 221M->222M(256M) 1.944ms
[2024-10-12T10:18:10.898+0800][info] GC(97) User=0.01s Sys=0.00s Real=0.00s
[2024-10-12T10:18:10.899+0800][info] GC(98) Concurrent Mark Cycle
[2024-10-12T10:18:10.899+0800][info] GC(98) Concurrent Clear Claimed Marks
[2024-10-12T10:18:10.899+0800][info] GC(98) Concurrent Clear Claimed Marks 0.019ms
[2024-10-12T10:18:10.899+0800][info] GC(98) Concurrent Scan Root Regions
[2024-10-12T10:18:10.899+0800][info] GC(98) Concurrent Scan Root Regions 0.102ms
[2024-10-12T10:18:10.899+0800][info] GC(98) Concurrent Mark
[2024-10-12T10:18:10.899+0800][info] GC(98) Concurrent Mark From Roots
[2024-10-12T10:18:10.899+0800][info] GC(98) Using 12 workers of 12 for marking
[2024-10-12T10:18:10.902+0800][info] GC(98) Concurrent Mark From Roots 3.709ms
[2024-10-12T10:18:10.902+0800][info] GC(98) Concurrent Preclean
[2024-10-12T10:18:10.904+0800][info] GC(98) Concurrent Preclean 1.671ms
[2024-10-12T10:18:10.904+0800][info] GC(98) Pause Remark
[2024-10-12T10:18:10.907+0800][info] GC(98) Pause Remark 222M->156M(256M) 2.732ms
[2024-10-12T10:18:10.907+0800][info] GC(98) User=0.01s Sys=0.00s Real=0.01s
[2024-10-12T10:18:10.907+0800][info] GC(98) Concurrent Mark 8.419ms
[2024-10-12T10:18:10.907+0800][info] GC(98) Concurrent Rebuild Remembered Sets
[2024-10-12T10:18:10.908+0800][info] GC(98) Concurrent Rebuild Remembered Sets 1.294ms
[2024-10-12T10:18:10.909+0800][info] GC(98) Pause Cleanup
[2024-10-12T10:18:10.909+0800][info] GC(98) Pause Cleanup 156M->156M(256M) 0.212ms
[2024-10-12T10:18:10.909+0800][info] GC(98) User=0.00s Sys=0.00s Real=0.00s
[2024-10-12T10:18:10.909+0800][info] GC(98) Concurrent Cleanup for Next Mark
[2024-10-12T10:18:10.909+0800][info] GC(98) Concurrent Cleanup for Next Mark 0.448ms
[2024-10-12T10:18:10.909+0800][info] GC(98) Concurrent Mark Cycle 10.769ms
[2024-10-12T10:18:11.216+0800][info] GC(99) Pause Young (Prepare Mixed) (G1 Evacuation Pause)
[2024-10-12T10:18:11.216+0800][info] GC(99) Using 6 workers of 48 for evacuation
[2024-10-12T10:18:11.218+0800][info] GC(99)   Pre Evacuate Collection Set: 0.1ms
[2024-10-12T10:18:11.218+0800][info] GC(99)   Merge Heap Roots: 0.1ms
[2024-10-12T10:18:11.218+0800][info] GC(99)   Evacuate Collection Set: 1.3ms
[2024-10-12T10:18:11.218+0800][info] GC(99)   Post Evacuate Collection Set: 0.2ms
[2024-10-12T10:18:11.218+0800][info] GC(99)   Other: 0.2ms
[2024-10-12T10:18:11.218+0800][info] GC(99) Eden regions: 5->0(5)
[2024-10-12T10:18:11.218+0800][info] GC(99) Survivor regions: 1->1(1)
[2024-10-12T10:18:11.218+0800][info] GC(99) Old regions: 74->79
[2024-10-12T10:18:11.218+0800][info] GC(99) Archive regions: 2->2
[2024-10-12T10:18:11.218+0800][info] GC(99) Humongous regions: 3->3
[2024-10-12T10:18:11.218+0800][info] GC(99) Metaspace: 1637K(1856K)->1637K(1856K) NonClass: 1513K(1664K)->1513K(1664K) Class: 124K(192K)->124K(192K)
[2024-10-12T10:18:11.218+0800][info] GC(99) Pause Young (Prepare Mixed) (G1 Evacuation Pause) 165M->166M(256M) 2.044ms
[2024-10-12T10:18:11.218+0800][info] GC(99) User=0.01s Sys=0.00s Real=0.00s
[2024-10-12T10:18:11.484+0800][info] GC(100) Pause Young (Mixed) (G1 Evacuation Pause)
[2024-10-12T10:18:11.484+0800][info] GC(100) Using 6 workers of 48 for evacuation
[2024-10-12T10:18:11.486+0800][info] GC(100)   Pre Evacuate Collection Set: 0.2ms
[2024-10-12T10:18:11.486+0800][info] GC(100)   Merge Heap Roots: 0.1ms
[2024-10-12T10:18:11.486+0800][info] GC(100)   Evacuate Collection Set: 1.0ms
[2024-10-12T10:18:11.486+0800][info] GC(100)   Post Evacuate Collection Set: 0.2ms
[2024-10-12T10:18:11.486+0800][info] GC(100)   Other: 0.2ms
[2024-10-12T10:18:11.486+0800][info] GC(100) Eden regions: 5->0(5)
[2024-10-12T10:18:11.486+0800][info] GC(100) Survivor regions: 1->1(1)
[2024-10-12T10:18:11.486+0800][info] GC(100) Old regions: 79->71
[2024-10-12T10:18:11.486+0800][info] GC(100) Archive regions: 2->2
[2024-10-12T10:18:11.486+0800][info] GC(100) Humongous regions: 3->3
[2024-10-12T10:18:11.486+0800][info] GC(100) Metaspace: 1637K(1856K)->1637K(1856K) NonClass: 1513K(1664K)->1513K(1664K) Class: 124K(192K)->124K(192K)
[2024-10-12T10:18:11.486+0800][info] GC(100) Pause Young (Mixed) (G1 Evacuation Pause) 175M->150M(256M) 1.779ms
[2024-10-12T10:18:11.486+0800][info] GC(100) User=0.01s Sys=0.00s Real=0.01s
[2024-10-12T10:18:11.752+0800][info] GC(101) Pause Young (Mixed) (G1 Evacuation Pause)
[2024-10-12T10:18:11.752+0800][info] GC(101) Using 6 workers of 48 for evacuation
[2024-10-12T10:18:11.753+0800][info] GC(101)   Pre Evacuate Collection Set: 0.2ms
[2024-10-12T10:18:11.753+0800][info] GC(101)   Merge Heap Roots: 0.1ms
[2024-10-12T10:18:11.753+0800][info] GC(101)   Evacuate Collection Set: 1.1ms
[2024-10-12T10:18:11.753+0800][info] GC(101)   Post Evacuate Collection Set: 0.3ms
[2024-10-12T10:18:11.753+0800][info] GC(101)   Other: 0.2ms
[2024-10-12T10:18:11.753+0800][info] GC(101) Eden regions: 5->0(5)
[2024-10-12T10:18:11.753+0800][info] GC(101) Survivor regions: 1->1(1)
[2024-10-12T10:18:11.753+0800][info] GC(101) Old regions: 71->64
[2024-10-12T10:18:11.753+0800][info] GC(101) Archive regions: 2->2
[2024-10-12T10:18:11.753+0800][info] GC(101) Humongous regions: 3->3
[2024-10-12T10:18:11.753+0800][info] GC(101) Metaspace: 1637K(1856K)->1637K(1856K) NonClass: 1513K(1664K)->1513K(1664K) Class: 124K(192K)->124K(192K)
[2024-10-12T10:18:11.754+0800][info] GC(101) Pause Young (Mixed) (G1 Evacuation Pause) 159M->137M(256M) 1.938ms
[2024-10-12T10:18:11.754+0800][info] GC(101) User=0.01s Sys=0.00s Real=0.01s
[2024-10-12T10:18:12.019+0800][info] GC(102) Pause Young (Mixed) (G1 Evacuation Pause)
[2024-10-12T10:18:12.019+0800][info] GC(102) Using 6 workers of 48 for evacuation
[2024-10-12T10:18:12.021+0800][info] GC(102)   Pre Evacuate Collection Set: 0.2ms
[2024-10-12T10:18:12.021+0800][info] GC(102)   Merge Heap Roots: 0.1ms
[2024-10-12T10:18:12.021+0800][info] GC(102)   Evacuate Collection Set: 1.5ms
[2024-10-12T10:18:12.021+0800][info] GC(102)   Post Evacuate Collection Set: 0.2ms
[2024-10-12T10:18:12.021+0800][info] GC(102)   Other: 0.2ms
[2024-10-12T10:18:12.021+0800][info] GC(102) Eden regions: 5->0(5)
[2024-10-12T10:18:12.021+0800][info] GC(102) Survivor regions: 1->1(1)
[2024-10-12T10:18:12.021+0800][info] GC(102) Old regions: 64->60
[2024-10-12T10:18:12.021+0800][info] GC(102) Archive regions: 2->2
[2024-10-12T10:18:12.021+0800][info] GC(102) Humongous regions: 3->3
[2024-10-12T10:18:12.021+0800][info] GC(102) Metaspace: 1637K(1856K)->1637K(1856K) NonClass: 1513K(1664K)->1513K(1664K) Class: 124K(192K)->124K(192K)
[2024-10-12T10:18:12.021+0800][info] GC(102) Pause Young (Mixed) (G1 Evacuation Pause) 146M->129M(256M) 2.266ms
[2024-10-12T10:18:12.021+0800][info] GC(102) User=0.01s Sys=0.00s Real=0.00s
[2024-10-12T10:18:12.287+0800][info] GC(103) Pause Young (Mixed) (G1 Evacuation Pause)
[2024-10-12T10:18:12.287+0800][info] GC(103) Using 6 workers of 48 for evacuation
[2024-10-12T10:18:12.289+0800][info] GC(103)   Pre Evacuate Collection Set: 0.2ms
[2024-10-12T10:18:12.289+0800][info] GC(103)   Merge Heap Roots: 0.1ms
[2024-10-12T10:18:12.289+0800][info] GC(103)   Evacuate Collection Set: 1.1ms
[2024-10-12T10:18:12.289+0800][info] GC(103)   Post Evacuate Collection Set: 0.2ms
[2024-10-12T10:18:12.289+0800][info] GC(103)   Other: 0.1ms
[2024-10-12T10:18:12.289+0800][info] GC(103) Eden regions: 5->0(14)
[2024-10-12T10:18:12.289+0800][info] GC(103) Survivor regions: 1->1(1)
[2024-10-12T10:18:12.289+0800][info] GC(103) Old regions: 60->63
[2024-10-12T10:18:12.289+0800][info] GC(103) Archive regions: 2->2
[2024-10-12T10:18:12.289+0800][info] GC(103) Humongous regions: 3->3
[2024-10-12T10:18:12.289+0800][info] GC(103) Metaspace: 1637K(1856K)->1637K(1856K) NonClass: 1513K(1664K)->1513K(1664K) Class: 124K(192K)->124K(192K)
[2024-10-12T10:18:12.289+0800][info] GC(103) Pause Young (Mixed) (G1 Evacuation Pause) 138M->134M(256M) 1.813ms
[2024-10-12T10:18:12.289+0800][info] GC(103) User=0.00s Sys=0.00s Real=0.00s
[2024-10-12T10:18:13.046+0800][info] GC(104) Pause Young (Normal) (G1 Evacuation Pause)
[2024-10-12T10:18:13.046+0800][info] GC(104) Using 6 workers of 48 for evacuation
[2024-10-12T10:18:13.049+0800][info] GC(104)   Pre Evacuate Collection Set: 0.1ms
[2024-10-12T10:18:13.049+0800][info] GC(104)   Merge Heap Roots: 0.1ms
[2024-10-12T10:18:13.049+0800][info] GC(104)   Evacuate Collection Set: 1.9ms
[2024-10-12T10:18:13.049+0800][info] GC(104)   Post Evacuate Collection Set: 0.2ms
[2024-10-12T10:18:13.049+0800][info] GC(104)   Other: 0.3ms
[2024-10-12T10:18:13.049+0800][info] GC(104) Eden regions: 14->0(11)
[2024-10-12T10:18:13.049+0800][info] GC(104) Survivor regions: 1->2(2)
[2024-10-12T10:18:13.049+0800][info] GC(104) Old regions: 63->74
[2024-10-12T10:18:13.049+0800][info] GC(104) Archive regions: 2->2
[2024-10-12T10:18:13.049+0800][info] GC(104) Humongous regions: 4->3
[2024-10-12T10:18:13.049+0800][info] GC(104) Metaspace: 1637K(1856K)->1637K(1856K) NonClass: 1513K(1664K)->1513K(1664K) Class: 124K(192K)->124K(192K)
[2024-10-12T10:18:13.049+0800][info] GC(104) Pause Young (Normal) (G1 Evacuation Pause) 164M->159M(256M) 2.702ms
[2024-10-12T10:18:13.049+0800][info] GC(104) User=0.02s Sys=0.00s Real=0.00s
[2024-10-12T10:18:13.643+0800][info] GC(105) Pause Young (Normal) (G1 Evacuation Pause)
[2024-10-12T10:18:13.643+0800][info] GC(105) Using 6 workers of 48 for evacuation
[2024-10-12T10:18:13.645+0800][info] GC(105)   Pre Evacuate Collection Set: 0.1ms
[2024-10-12T10:18:13.645+0800][info] GC(105)   Merge Heap Roots: 0.1ms
[2024-10-12T10:18:13.645+0800][info] GC(105)   Evacuate Collection Set: 1.7ms
[2024-10-12T10:18:13.645+0800][info] GC(105)   Post Evacuate Collection Set: 0.2ms
[2024-10-12T10:18:13.645+0800][info] GC(105)   Other: 0.2ms
[2024-10-12T10:18:13.645+0800][info] GC(105) Eden regions: 11->0(7)
[2024-10-12T10:18:13.645+0800][info] GC(105) Survivor regions: 2->2(2)
[2024-10-12T10:18:13.645+0800][info] GC(105) Old regions: 74->85
[2024-10-12T10:18:13.645+0800][info] GC(105) Archive regions: 2->2
[2024-10-12T10:18:13.645+0800][info] GC(105) Humongous regions: 3->3
[2024-10-12T10:18:13.645+0800][info] GC(105) Metaspace: 1638K(1856K)->1638K(1856K) NonClass: 1513K(1664K)->1513K(1664K) Class: 124K(192K)->124K(192K)
[2024-10-12T10:18:13.645+0800][info] GC(105) Pause Young (Normal) (G1 Evacuation Pause) 180M->180M(256M) 2.518ms
[2024-10-12T10:18:13.645+0800][info] GC(105) User=0.01s Sys=0.00s Real=0.01s
[2024-10-12T10:18:14.034+0800][info] GC(106) Pause Young (Normal) (G1 Evacuation Pause)
[2024-10-12T10:18:14.034+0800][info] GC(106) Using 6 workers of 48 for evacuation
[2024-10-12T10:18:14.036+0800][info] GC(106)   Pre Evacuate Collection Set: 0.1ms
[2024-10-12T10:18:14.036+0800][info] GC(106)   Merge Heap Roots: 0.1ms
[2024-10-12T10:18:14.036+0800][info] GC(106)   Evacuate Collection Set: 1.2ms
[2024-10-12T10:18:14.036+0800][info] GC(106)   Post Evacuate Collection Set: 0.2ms
[2024-10-12T10:18:14.036+0800][info] GC(106)   Other: 0.2ms
[2024-10-12T10:18:14.036+0800][info] GC(106) Eden regions: 7->0(5)
[2024-10-12T10:18:14.036+0800][info] GC(106) Survivor regions: 2->2(2)
[2024-10-12T10:18:14.036+0800][info] GC(106) Old regions: 85->91
[2024-10-12T10:18:14.036+0800][info] GC(106) Archive regions: 2->2
[2024-10-12T10:18:14.036+0800][info] GC(106) Humongous regions: 3->3
[2024-10-12T10:18:14.036+0800][info] GC(106) Metaspace: 1639K(1856K)->1639K(1856K) NonClass: 1515K(1664K)->1515K(1664K) Class: 124K(192K)->124K(192K)
[2024-10-12T10:18:14.036+0800][info] GC(106) Pause Young (Normal) (G1 Evacuation Pause) 194M->192M(256M) 2.019ms
[2024-10-12T10:18:14.036+0800][info] GC(106) User=0.01s Sys=0.01s Real=0.00s
[2024-10-12T10:18:14.302+0800][info] GC(107) Pause Young (Normal) (G1 Evacuation Pause)
[2024-10-12T10:18:14.302+0800][info] GC(107) Using 6 workers of 48 for evacuation
[2024-10-12T10:18:14.304+0800][info] GC(107)   Pre Evacuate Collection Set: 0.1ms
[2024-10-12T10:18:14.304+0800][info] GC(107)   Merge Heap Roots: 0.1ms
[2024-10-12T10:18:14.304+0800][info] GC(107)   Evacuate Collection Set: 1.0ms
[2024-10-12T10:18:14.304+0800][info] GC(107)   Post Evacuate Collection Set: 0.2ms
[2024-10-12T10:18:14.304+0800][info] GC(107)   Other: 0.2ms
[2024-10-12T10:18:14.304+0800][info] GC(107) Eden regions: 5->0(5)
[2024-10-12T10:18:14.304+0800][info] GC(107) Survivor regions: 2->1(1)
[2024-10-12T10:18:14.304+0800][info] GC(107) Old regions: 91->97
[2024-10-12T10:18:14.304+0800][info] GC(107) Archive regions: 2->2
[2024-10-12T10:18:14.304+0800][info] GC(107) Humongous regions: 3->3
[2024-10-12T10:18:14.304+0800][info] GC(107) Metaspace: 1639K(1856K)->1639K(1856K) NonClass: 1515K(1664K)->1515K(1664K) Class: 124K(192K)->124K(192K)
[2024-10-12T10:18:14.304+0800][info] GC(107) Pause Young (Normal) (G1 Evacuation Pause) 202M->202M(256M) 1.713ms
[2024-10-12T10:18:14.304+0800][info] GC(107) User=0.01s Sys=0.00s Real=0.00s
[2024-10-12T10:18:14.529+0800][info] GC(108) Pause Young (Concurrent Start) (G1 Humongous Allocation)
[2024-10-12T10:18:14.529+0800][info] GC(108) Using 6 workers of 48 for evacuation
[2024-10-12T10:18:14.530+0800][info] GC(108)   Pre Evacuate Collection Set: 0.1ms
[2024-10-12T10:18:14.530+0800][info] GC(108)   Merge Heap Roots: 0.1ms
[2024-10-12T10:18:14.530+0800][info] GC(108)   Evacuate Collection Set: 0.9ms
[2024-10-12T10:18:14.530+0800][info] GC(108)   Post Evacuate Collection Set: 0.2ms
[2024-10-12T10:18:14.530+0800][info] GC(108)   Other: 0.4ms
[2024-10-12T10:18:14.530+0800][info] GC(108) Eden regions: 5->0(5)
[2024-10-12T10:18:14.530+0800][info] GC(108) Survivor regions: 1->1(1)
[2024-10-12T10:18:14.530+0800][info] GC(108) Old regions: 97->101
[2024-10-12T10:18:14.530+0800][info] GC(108) Archive regions: 2->2
[2024-10-12T10:18:14.530+0800][info] GC(108) Humongous regions: 3->3
[2024-10-12T10:18:14.530+0800][info] GC(108) Metaspace: 1639K(1856K)->1639K(1856K) NonClass: 1515K(1664K)->1515K(1664K) Class: 124K(192K)->124K(192K)
[2024-10-12T10:18:14.531+0800][info] GC(108) Pause Young (Concurrent Start) (G1 Humongous Allocation) 210M->211M(256M) 1.833ms
[2024-10-12T10:18:14.531+0800][info] GC(108) User=0.00s Sys=0.00s Real=0.00s
[2024-10-12T10:18:14.531+0800][info] GC(109) Concurrent Mark Cycle
[2024-10-12T10:18:14.531+0800][info] GC(109) Concurrent Clear Claimed Marks
[2024-10-12T10:18:14.531+0800][info] GC(109) Concurrent Clear Claimed Marks 0.017ms
[2024-10-12T10:18:14.531+0800][info] GC(109) Concurrent Scan Root Regions
[2024-10-12T10:18:14.531+0800][info] GC(109) Concurrent Scan Root Regions 0.104ms
[2024-10-12T10:18:14.531+0800][info] GC(109) Concurrent Mark
[2024-10-12T10:18:14.531+0800][info] GC(109) Concurrent Mark From Roots
[2024-10-12T10:18:14.531+0800][info] GC(109) Using 12 workers of 12 for marking
[2024-10-12T10:18:14.537+0800][info] GC(109) Concurrent Mark From Roots 5.781ms
[2024-10-12T10:18:14.537+0800][info] GC(109) Concurrent Preclean
[2024-10-12T10:18:14.538+0800][info] GC(109) Concurrent Preclean 1.680ms
[2024-10-12T10:18:14.538+0800][info] GC(109) Pause Remark
[2024-10-12T10:18:14.540+0800][info] GC(109) Pause Remark 213M->173M(256M) 1.230ms
[2024-10-12T10:18:14.540+0800][info] GC(109) User=0.00s Sys=0.00s Real=0.00s
[2024-10-12T10:18:14.540+0800][info] GC(109) Concurrent Mark 8.946ms
[2024-10-12T10:18:14.540+0800][info] GC(109) Concurrent Rebuild Remembered Sets
[2024-10-12T10:18:14.541+0800][info] GC(109) Concurrent Rebuild Remembered Sets 1.419ms
[2024-10-12T10:18:14.541+0800][info] GC(109) Pause Cleanup
[2024-10-12T10:18:14.542+0800][info] GC(109) Pause Cleanup 173M->173M(256M) 0.271ms
[2024-10-12T10:18:14.542+0800][info] GC(109) User=0.00s Sys=0.00s Real=0.00s
[2024-10-12T10:18:14.542+0800][info] GC(109) Concurrent Cleanup for Next Mark
[2024-10-12T10:18:14.542+0800][info] GC(109) Concurrent Cleanup for Next Mark 0.394ms
[2024-10-12T10:18:14.542+0800][info] GC(109) Concurrent Mark Cycle 11.449ms
[2024-10-12T10:18:14.869+0800][info] GC(110) Pause Young (Prepare Mixed) (G1 Evacuation Pause)
[2024-10-12T10:18:14.869+0800][info] GC(110) Using 6 workers of 48 for evacuation
[2024-10-12T10:18:14.871+0800][info] GC(110)   Pre Evacuate Collection Set: 0.1ms
[2024-10-12T10:18:14.871+0800][info] GC(110)   Merge Heap Roots: 0.1ms
[2024-10-12T10:18:14.871+0800][info] GC(110)   Evacuate Collection Set: 1.0ms
[2024-10-12T10:18:14.871+0800][info] GC(110)   Post Evacuate Collection Set: 0.2ms
[2024-10-12T10:18:14.871+0800][info] GC(110)   Other: 0.2ms
[2024-10-12T10:18:14.871+0800][info] GC(110) Eden regions: 5->0(5)
[2024-10-12T10:18:14.871+0800][info] GC(110) Survivor regions: 1->1(1)
[2024-10-12T10:18:14.871+0800][info] GC(110) Old regions: 81->86
[2024-10-12T10:18:14.871+0800][info] GC(110) Archive regions: 2->2
[2024-10-12T10:18:14.871+0800][info] GC(110) Humongous regions: 4->3
[2024-10-12T10:18:14.871+0800][info] GC(110) Metaspace: 1639K(1856K)->1639K(1856K) NonClass: 1515K(1664K)->1515K(1664K) Class: 124K(192K)->124K(192K)
[2024-10-12T10:18:14.871+0800][info] GC(110) Pause Young (Prepare Mixed) (G1 Evacuation Pause) 182M->181M(256M) 1.697ms
[2024-10-12T10:18:14.871+0800][info] GC(110) User=0.01s Sys=0.00s Real=0.00s
[2024-10-12T10:18:15.136+0800][info] GC(111) Pause Young (Mixed) (G1 Evacuation Pause)
[2024-10-12T10:18:15.136+0800][info] GC(111) Using 6 workers of 48 for evacuation
[2024-10-12T10:18:15.138+0800][info] GC(111)   Pre Evacuate Collection Set: 0.2ms
[2024-10-12T10:18:15.138+0800][info] GC(111)   Merge Heap Roots: 0.1ms
[2024-10-12T10:18:15.138+0800][info] GC(111)   Evacuate Collection Set: 0.9ms
[2024-10-12T10:18:15.138+0800][info] GC(111)   Post Evacuate Collection Set: 0.2ms
[2024-10-12T10:18:15.138+0800][info] GC(111)   Other: 0.2ms
[2024-10-12T10:18:15.138+0800][info] GC(111) Eden regions: 5->0(5)
[2024-10-12T10:18:15.138+0800][info] GC(111) Survivor regions: 1->1(1)
[2024-10-12T10:18:15.138+0800][info] GC(111) Old regions: 86->78
[2024-10-12T10:18:15.138+0800][info] GC(111) Archive regions: 2->2
[2024-10-12T10:18:15.138+0800][info] GC(111) Humongous regions: 3->3
[2024-10-12T10:18:15.138+0800][info] GC(111) Metaspace: 1639K(1856K)->1639K(1856K) NonClass: 1515K(1664K)->1515K(1664K) Class: 124K(192K)->124K(192K)
[2024-10-12T10:18:15.138+0800][info] GC(111) Pause Young (Mixed) (G1 Evacuation Pause) 190M->165M(256M) 1.634ms
[2024-10-12T10:18:15.138+0800][info] GC(111) User=0.01s Sys=0.00s Real=0.00s
[2024-10-12T10:18:15.403+0800][info] GC(112) Pause Young (Mixed) (G1 Evacuation Pause)
[2024-10-12T10:18:15.404+0800][info] GC(112) Using 6 workers of 48 for evacuation
[2024-10-12T10:18:15.405+0800][info] GC(112)   Pre Evacuate Collection Set: 0.2ms
[2024-10-12T10:18:15.405+0800][info] GC(112)   Merge Heap Roots: 0.1ms
[2024-10-12T10:18:15.405+0800][info] GC(112)   Evacuate Collection Set: 1.2ms
[2024-10-12T10:18:15.405+0800][info] GC(112)   Post Evacuate Collection Set: 0.3ms
[2024-10-12T10:18:15.405+0800][info] GC(112)   Other: 0.2ms
[2024-10-12T10:18:15.405+0800][info] GC(112) Eden regions: 5->0(5)
[2024-10-12T10:18:15.405+0800][info] GC(112) Survivor regions: 1->1(1)
[2024-10-12T10:18:15.405+0800][info] GC(112) Old regions: 78->72
[2024-10-12T10:18:15.405+0800][info] GC(112) Archive regions: 2->2
[2024-10-12T10:18:15.405+0800][info] GC(112) Humongous regions: 3->3
[2024-10-12T10:18:15.405+0800][info] GC(112) Metaspace: 1640K(1856K)->1640K(1856K) NonClass: 1516K(1664K)->1516K(1664K) Class: 124K(192K)->124K(192K)
[2024-10-12T10:18:15.406+0800][info] GC(112) Pause Young (Mixed) (G1 Evacuation Pause) 175M->153M(256M) 2.021ms
[2024-10-12T10:18:15.406+0800][info] GC(112) User=0.01s Sys=0.01s Real=0.01s
[2024-10-12T10:18:15.672+0800][info] GC(113) Pause Young (Mixed) (G1 Evacuation Pause)
[2024-10-12T10:18:15.672+0800][info] GC(113) Using 6 workers of 48 for evacuation
[2024-10-12T10:18:15.674+0800][info] GC(113)   Pre Evacuate Collection Set: 0.6ms
[2024-10-12T10:18:15.674+0800][info] GC(113)   Merge Heap Roots: 0.1ms
[2024-10-12T10:18:15.674+0800][info] GC(113)   Evacuate Collection Set: 1.3ms
[2024-10-12T10:18:15.674+0800][info] GC(113)   Post Evacuate Collection Set: 0.2ms
[2024-10-12T10:18:15.674+0800][info] GC(113)   Other: 0.2ms
[2024-10-12T10:18:15.674+0800][info] GC(113) Eden regions: 5->0(5)
[2024-10-12T10:18:15.674+0800][info] GC(113) Survivor regions: 1->1(1)
[2024-10-12T10:18:15.674+0800][info] GC(113) Old regions: 72->66
[2024-10-12T10:18:15.674+0800][info] GC(113) Archive regions: 2->2
[2024-10-12T10:18:15.674+0800][info] GC(113) Humongous regions: 3->3
[2024-10-12T10:18:15.674+0800][info] GC(113) Metaspace: 1640K(1856K)->1640K(1856K) NonClass: 1516K(1664K)->1516K(1664K) Class: 124K(192K)->124K(192K)
[2024-10-12T10:18:15.674+0800][info] GC(113) Pause Young (Mixed) (G1 Evacuation Pause) 162M->141M(256M) 2.489ms
[2024-10-12T10:18:15.674+0800][info] GC(113) User=0.01s Sys=0.00s Real=0.01s
[2024-10-12T10:18:15.940+0800][info] GC(114) Pause Young (Mixed) (G1 Evacuation Pause)
[2024-10-12T10:18:15.940+0800][info] GC(114) Using 6 workers of 48 for evacuation
[2024-10-12T10:18:15.941+0800][info] GC(114)   Pre Evacuate Collection Set: 0.2ms
[2024-10-12T10:18:15.941+0800][info] GC(114)   Merge Heap Roots: 0.1ms
[2024-10-12T10:18:15.941+0800][info] GC(114)   Evacuate Collection Set: 1.3ms
[2024-10-12T10:18:15.941+0800][info] GC(114)   Post Evacuate Collection Set: 0.2ms
[2024-10-12T10:18:15.941+0800][info] GC(114)   Other: 0.2ms
[2024-10-12T10:18:15.941+0800][info] GC(114) Eden regions: 5->0(15)
[2024-10-12T10:18:15.941+0800][info] GC(114) Survivor regions: 1->1(1)
[2024-10-12T10:18:15.941+0800][info] GC(114) Old regions: 66->61
[2024-10-12T10:18:15.941+0800][info] GC(114) Archive regions: 2->2
[2024-10-12T10:18:15.941+0800][info] GC(114) Humongous regions: 3->3
[2024-10-12T10:18:15.941+0800][info] GC(114) Metaspace: 1640K(1856K)->1640K(1856K) NonClass: 1516K(1664K)->1516K(1664K) Class: 124K(192K)->124K(192K)
[2024-10-12T10:18:15.942+0800][info] GC(114) Pause Young (Mixed) (G1 Evacuation Pause) 151M->130M(256M) 2.025ms
[2024-10-12T10:18:15.942+0800][info] GC(114) User=0.01s Sys=0.00s Real=0.00s
[2024-10-12T10:18:16.761+0800][info] GC(115) Pause Young (Normal) (G1 Evacuation Pause)
[2024-10-12T10:18:16.761+0800][info] GC(115) Using 6 workers of 48 for evacuation
[2024-10-12T10:18:16.763+0800][info] GC(115)   Pre Evacuate Collection Set: 0.1ms
[2024-10-12T10:18:16.763+0800][info] GC(115)   Merge Heap Roots: 0.1ms
[2024-10-12T10:18:16.763+0800][info] GC(115)   Evacuate Collection Set: 2.2ms
[2024-10-12T10:18:16.764+0800][info] GC(115)   Post Evacuate Collection Set: 0.2ms
[2024-10-12T10:18:16.764+0800][info] GC(115)   Other: 0.3ms
[2024-10-12T10:18:16.764+0800][info] GC(115) Eden regions: 15->0(10)
[2024-10-12T10:18:16.764+0800][info] GC(115) Survivor regions: 1->2(2)
[2024-10-12T10:18:16.764+0800][info] GC(115) Old regions: 61->74
[2024-10-12T10:18:16.764+0800][info] GC(115) Archive regions: 2->2
[2024-10-12T10:18:16.764+0800][info] GC(115) Humongous regions: 4->3
[2024-10-12T10:18:16.764+0800][info] GC(115) Metaspace: 1640K(1856K)->1640K(1856K) NonClass: 1516K(1664K)->1516K(1664K) Class: 124K(192K)->124K(192K)
[2024-10-12T10:18:16.764+0800][info] GC(115) Pause Young (Normal) (G1 Evacuation Pause) 162M->158M(256M) 3.011ms
[2024-10-12T10:18:16.764+0800][info] GC(115) User=0.01s Sys=0.00s Real=0.00s
[2024-10-12T10:18:17.317+0800][info] GC(116) Pause Young (Normal) (G1 Evacuation Pause)
[2024-10-12T10:18:17.317+0800][info] GC(116) Using 6 workers of 48 for evacuation
[2024-10-12T10:18:17.319+0800][info] GC(116)   Pre Evacuate Collection Set: 0.1ms
[2024-10-12T10:18:17.319+0800][info] GC(116)   Merge Heap Roots: 0.1ms
[2024-10-12T10:18:17.319+0800][info] GC(116)   Evacuate Collection Set: 1.6ms
[2024-10-12T10:18:17.319+0800][info] GC(116)   Post Evacuate Collection Set: 0.2ms
[2024-10-12T10:18:17.319+0800][info] GC(116)   Other: 0.2ms
[2024-10-12T10:18:17.319+0800][info] GC(116) Eden regions: 10->0(7)
[2024-10-12T10:18:17.319+0800][info] GC(116) Survivor regions: 2->2(2)
[2024-10-12T10:18:17.319+0800][info] GC(116) Old regions: 74->83
[2024-10-12T10:18:17.319+0800][info] GC(116) Archive regions: 2->2
[2024-10-12T10:18:17.319+0800][info] GC(116) Humongous regions: 3->3
[2024-10-12T10:18:17.319+0800][info] GC(116) Metaspace: 1640K(1856K)->1640K(1856K) NonClass: 1516K(1664K)->1516K(1664K) Class: 124K(192K)->124K(192K)
[2024-10-12T10:18:17.319+0800][info] GC(116) Pause Young (Normal) (G1 Evacuation Pause) 178M->176M(256M) 2.395ms
[2024-10-12T10:18:17.319+0800][info] GC(116) User=0.01s Sys=0.00s Real=0.00s
[2024-10-12T10:18:17.687+0800][info] GC(117) Pause Young (Normal) (G1 Evacuation Pause)
[2024-10-12T10:18:17.687+0800][info] GC(117) Using 6 workers of 48 for evacuation
[2024-10-12T10:18:17.689+0800][info] GC(117)   Pre Evacuate Collection Set: 0.1ms
[2024-10-12T10:18:17.689+0800][info] GC(117)   Merge Heap Roots: 0.1ms
[2024-10-12T10:18:17.689+0800][info] GC(117)   Evacuate Collection Set: 1.2ms
[2024-10-12T10:18:17.689+0800][info] GC(117)   Post Evacuate Collection Set: 0.2ms
[2024-10-12T10:18:17.689+0800][info] GC(117)   Other: 0.3ms
[2024-10-12T10:18:17.689+0800][info] GC(117) Eden regions: 7->0(5)
[2024-10-12T10:18:17.689+0800][info] GC(117) Survivor regions: 2->2(2)
[2024-10-12T10:18:17.689+0800][info] GC(117) Old regions: 83->89
[2024-10-12T10:18:17.689+0800][info] GC(117) Archive regions: 2->2
[2024-10-12T10:18:17.689+0800][info] GC(117) Humongous regions: 3->3
[2024-10-12T10:18:17.689+0800][info] GC(117) Metaspace: 1640K(1856K)->1640K(1856K) NonClass: 1516K(1664K)->1516K(1664K) Class: 124K(192K)->124K(192K)
[2024-10-12T10:18:17.689+0800][info] GC(117) Pause Young (Normal) (G1 Evacuation Pause) 190M->188M(256M) 1.958ms
[2024-10-12T10:18:17.689+0800][info] GC(117) User=0.01s Sys=0.00s Real=0.00s
[2024-10-12T10:18:17.955+0800][info] GC(118) Pause Young (Normal) (G1 Evacuation Pause)
[2024-10-12T10:18:17.955+0800][info] GC(118) Using 6 workers of 48 for evacuation
[2024-10-12T10:18:17.957+0800][info] GC(118)   Pre Evacuate Collection Set: 0.1ms
[2024-10-12T10:18:17.957+0800][info] GC(118)   Merge Heap Roots: 0.1ms
[2024-10-12T10:18:17.957+0800][info] GC(118)   Evacuate Collection Set: 1.1ms
[2024-10-12T10:18:17.957+0800][info] GC(118)   Post Evacuate Collection Set: 0.2ms
[2024-10-12T10:18:17.957+0800][info] GC(118)   Other: 0.2ms
[2024-10-12T10:18:17.957+0800][info] GC(118) Eden regions: 5->0(5)
[2024-10-12T10:18:17.957+0800][info] GC(118) Survivor regions: 2->1(1)
[2024-10-12T10:18:17.957+0800][info] GC(118) Old regions: 89->95
[2024-10-12T10:18:17.957+0800][info] GC(118) Archive regions: 2->2
[2024-10-12T10:18:17.957+0800][info] GC(118) Humongous regions: 3->3
[2024-10-12T10:18:17.957+0800][info] GC(118) Metaspace: 1640K(1856K)->1640K(1856K) NonClass: 1516K(1664K)->1516K(1664K) Class: 124K(192K)->124K(192K)
[2024-10-12T10:18:17.957+0800][info] GC(118) Pause Young (Normal) (G1 Evacuation Pause) 198M->199M(256M) 1.823ms
[2024-10-12T10:18:17.957+0800][info] GC(118) User=0.01s Sys=0.00s Real=0.00s
[2024-10-12T10:18:18.222+0800][info] GC(119) Pause Young (Normal) (G1 Evacuation Pause)
[2024-10-12T10:18:18.222+0800][info] GC(119) Using 6 workers of 48 for evacuation
[2024-10-12T10:18:18.224+0800][info] GC(119)   Pre Evacuate Collection Set: 0.1ms
[2024-10-12T10:18:18.224+0800][info] GC(119)   Merge Heap Roots: 0.1ms
[2024-10-12T10:18:18.224+0800][info] GC(119)   Evacuate Collection Set: 0.8ms
[2024-10-12T10:18:18.224+0800][info] GC(119)   Post Evacuate Collection Set: 0.2ms
[2024-10-12T10:18:18.224+0800][info] GC(119)   Other: 0.2ms
[2024-10-12T10:18:18.224+0800][info] GC(119) Eden regions: 5->0(5)
[2024-10-12T10:18:18.224+0800][info] GC(119) Survivor regions: 1->1(1)
[2024-10-12T10:18:18.224+0800][info] GC(119) Old regions: 95->100
[2024-10-12T10:18:18.224+0800][info] GC(119) Archive regions: 2->2
[2024-10-12T10:18:18.224+0800][info] GC(119) Humongous regions: 3->3
[2024-10-12T10:18:18.224+0800][info] GC(119) Metaspace: 1640K(1856K)->1640K(1856K) NonClass: 1516K(1664K)->1516K(1664K) Class: 124K(192K)->124K(192K)
[2024-10-12T10:18:18.224+0800][info] GC(119) Pause Young (Normal) (G1 Evacuation Pause) 208M->209M(256M) 1.535ms
[2024-10-12T10:18:18.224+0800][info] GC(119) User=0.01s Sys=0.00s Real=0.00s
[2024-10-12T10:18:18.490+0800][info] GC(120) Pause Young (Concurrent Start) (G1 Evacuation Pause)
[2024-10-12T10:18:18.490+0800][info] GC(120) Using 6 workers of 48 for evacuation
[2024-10-12T10:18:18.492+0800][info] GC(120)   Pre Evacuate Collection Set: 0.1ms
[2024-10-12T10:18:18.492+0800][info] GC(120)   Merge Heap Roots: 0.1ms
[2024-10-12T10:18:18.492+0800][info] GC(120)   Evacuate Collection Set: 1.3ms
[2024-10-12T10:18:18.492+0800][info] GC(120)   Post Evacuate Collection Set: 0.2ms
[2024-10-12T10:18:18.492+0800][info] GC(120)   Other: 0.4ms
[2024-10-12T10:18:18.492+0800][info] GC(120) Eden regions: 5->0(5)
[2024-10-12T10:18:18.492+0800][info] GC(120) Survivor regions: 1->1(1)
[2024-10-12T10:18:18.492+0800][info] GC(120) Old regions: 100->105
[2024-10-12T10:18:18.492+0800][info] GC(120) Archive regions: 2->2
[2024-10-12T10:18:18.492+0800][info] GC(120) Humongous regions: 3->3
[2024-10-12T10:18:18.492+0800][info] GC(120) Metaspace: 1643K(1856K)->1643K(1856K) NonClass: 1519K(1664K)->1519K(1664K) Class: 124K(192K)->124K(192K)
[2024-10-12T10:18:18.492+0800][info] GC(120) Pause Young (Concurrent Start) (G1 Evacuation Pause) 218M->218M(256M) 2.127ms
[2024-10-12T10:18:18.492+0800][info] GC(120) User=0.01s Sys=0.00s Real=0.00s
[2024-10-12T10:18:18.492+0800][info] GC(121) Concurrent Mark Cycle
[2024-10-12T10:18:18.492+0800][info] GC(121) Concurrent Clear Claimed Marks
[2024-10-12T10:18:18.492+0800][info] GC(121) Concurrent Clear Claimed Marks 0.017ms
[2024-10-12T10:18:18.492+0800][info] GC(121) Concurrent Scan Root Regions
[2024-10-12T10:18:18.492+0800][info] GC(121) Concurrent Scan Root Regions 0.099ms
[2024-10-12T10:18:18.492+0800][info] GC(121) Concurrent Mark
[2024-10-12T10:18:18.492+0800][info] GC(121) Concurrent Mark From Roots
[2024-10-12T10:18:18.492+0800][info] GC(121) Using 12 workers of 12 for marking
[2024-10-12T10:18:18.496+0800][info] GC(121) Concurrent Mark From Roots 4.037ms
[2024-10-12T10:18:18.496+0800][info] GC(121) Concurrent Preclean
[2024-10-12T10:18:18.498+0800][info] GC(121) Concurrent Preclean 1.690ms
[2024-10-12T10:18:18.498+0800][info] GC(121) Pause Remark
[2024-10-12T10:18:18.499+0800][info] GC(121) Pause Remark 218M->164M(256M) 1.280ms
[2024-10-12T10:18:18.499+0800][info] GC(121) User=0.00s Sys=0.00s Real=0.00s
[2024-10-12T10:18:18.499+0800][info] GC(121) Concurrent Mark 7.233ms
[2024-10-12T10:18:18.499+0800][info] GC(121) Concurrent Rebuild Remembered Sets
[2024-10-12T10:18:18.501+0800][info] GC(121) Concurrent Rebuild Remembered Sets 1.359ms
[2024-10-12T10:18:18.501+0800][info] GC(121) Pause Cleanup
[2024-10-12T10:18:18.501+0800][info] GC(121) Pause Cleanup 164M->164M(256M) 0.255ms
[2024-10-12T10:18:18.501+0800][info] GC(121) User=0.00s Sys=0.00s Real=0.00s
[2024-10-12T10:18:18.501+0800][info] GC(121) Concurrent Cleanup for Next Mark
[2024-10-12T10:18:18.501+0800][info] GC(121) Concurrent Cleanup for Next Mark 0.436ms
[2024-10-12T10:18:18.501+0800][info] GC(121) Concurrent Mark Cycle 9.675ms
[2024-10-12T10:18:18.810+0800][info] GC(122) Pause Young (Prepare Mixed) (G1 Evacuation Pause)
[2024-10-12T10:18:18.810+0800][info] GC(122) Using 6 workers of 48 for evacuation
[2024-10-12T10:18:18.811+0800][info] GC(122)   Pre Evacuate Collection Set: 0.1ms
[2024-10-12T10:18:18.811+0800][info] GC(122)   Merge Heap Roots: 0.1ms
[2024-10-12T10:18:18.811+0800][info] GC(122)   Evacuate Collection Set: 1.0ms
[2024-10-12T10:18:18.811+0800][info] GC(122)   Post Evacuate Collection Set: 0.2ms
[2024-10-12T10:18:18.811+0800][info] GC(122)   Other: 0.2ms
[2024-10-12T10:18:18.811+0800][info] GC(122) Eden regions: 5->0(5)
[2024-10-12T10:18:18.811+0800][info] GC(122) Survivor regions: 1->1(1)
[2024-10-12T10:18:18.811+0800][info] GC(122) Old regions: 78->82
[2024-10-12T10:18:18.811+0800][info] GC(122) Archive regions: 2->2
[2024-10-12T10:18:18.811+0800][info] GC(122) Humongous regions: 4->3
[2024-10-12T10:18:18.811+0800][info] GC(122) Metaspace: 1644K(1856K)->1644K(1856K) NonClass: 1519K(1664K)->1519K(1664K) Class: 124K(192K)->124K(192K)
[2024-10-12T10:18:18.812+0800][info] GC(122) Pause Young (Prepare Mixed) (G1 Evacuation Pause) 175M->173M(256M) 1.737ms
[2024-10-12T10:18:18.812+0800][info] GC(122) User=0.00s Sys=0.00s Real=0.00s
[2024-10-12T10:18:19.077+0800][info] GC(123) Pause Young (Mixed) (G1 Evacuation Pause)
[2024-10-12T10:18:19.077+0800][info] GC(123) Using 6 workers of 48 for evacuation
[2024-10-12T10:18:19.079+0800][info] GC(123)   Pre Evacuate Collection Set: 0.2ms
[2024-10-12T10:18:19.079+0800][info] GC(123)   Merge Heap Roots: 0.1ms
[2024-10-12T10:18:19.079+0800][info] GC(123)   Evacuate Collection Set: 1.0ms
[2024-10-12T10:18:19.079+0800][info] GC(123)   Post Evacuate Collection Set: 0.2ms
[2024-10-12T10:18:19.079+0800][info] GC(123)   Other: 0.2ms
[2024-10-12T10:18:19.079+0800][info] GC(123) Eden regions: 5->0(5)
[2024-10-12T10:18:19.079+0800][info] GC(123) Survivor regions: 1->1(1)
[2024-10-12T10:18:19.079+0800][info] GC(123) Old regions: 82->75
[2024-10-12T10:18:19.079+0800][info] GC(123) Archive regions: 2->2
[2024-10-12T10:18:19.079+0800][info] GC(123) Humongous regions: 3->3
[2024-10-12T10:18:19.079+0800][info] GC(123) Metaspace: 1645K(1856K)->1645K(1856K) NonClass: 1520K(1664K)->1520K(1664K) Class: 124K(192K)->124K(192K)
[2024-10-12T10:18:19.079+0800][info] GC(123) Pause Young (Mixed) (G1 Evacuation Pause) 183M->158M(256M) 1.771ms
[2024-10-12T10:18:19.079+0800][info] GC(123) User=0.00s Sys=0.00s Real=0.00s
[2024-10-12T10:18:19.344+0800][info] GC(124) Pause Young (Mixed) (G1 Evacuation Pause)
[2024-10-12T10:18:19.344+0800][info] GC(124) Using 6 workers of 48 for evacuation
[2024-10-12T10:18:19.346+0800][info] GC(124)   Pre Evacuate Collection Set: 0.2ms
[2024-10-12T10:18:19.346+0800][info] GC(124)   Merge Heap Roots: 0.1ms
[2024-10-12T10:18:19.346+0800][info] GC(124)   Evacuate Collection Set: 1.3ms
[2024-10-12T10:18:19.346+0800][info] GC(124)   Post Evacuate Collection Set: 0.2ms
[2024-10-12T10:18:19.346+0800][info] GC(124)   Other: 0.2ms
[2024-10-12T10:18:19.346+0800][info] GC(124) Eden regions: 5->0(5)
[2024-10-12T10:18:19.346+0800][info] GC(124) Survivor regions: 1->1(1)
[2024-10-12T10:18:19.346+0800][info] GC(124) Old regions: 75->69
[2024-10-12T10:18:19.346+0800][info] GC(124) Archive regions: 2->2
[2024-10-12T10:18:19.346+0800][info] GC(124) Humongous regions: 3->3
[2024-10-12T10:18:19.346+0800][info] GC(124) Metaspace: 1645K(1856K)->1645K(1856K) NonClass: 1520K(1664K)->1520K(1664K) Class: 124K(192K)->124K(192K)
[2024-10-12T10:18:19.346+0800][info] GC(124) Pause Young (Mixed) (G1 Evacuation Pause) 167M->147M(256M) 2.024ms
[2024-10-12T10:18:19.346+0800][info] GC(124) User=0.01s Sys=0.00s Real=0.01s
[2024-10-12T10:18:19.612+0800][info] GC(125) Pause Young (Mixed) (G1 Evacuation Pause)
[2024-10-12T10:18:19.612+0800][info] GC(125) Using 6 workers of 48 for evacuation
[2024-10-12T10:18:19.615+0800][info] GC(125)   Pre Evacuate Collection Set: 0.2ms
[2024-10-12T10:18:19.615+0800][info] GC(125)   Merge Heap Roots: 0.1ms
[2024-10-12T10:18:19.615+0800][info] GC(125)   Evacuate Collection Set: 1.5ms
[2024-10-12T10:18:19.615+0800][info] GC(125)   Post Evacuate Collection Set: 0.2ms
[2024-10-12T10:18:19.615+0800][info] GC(125)   Other: 0.2ms
[2024-10-12T10:18:19.615+0800][info] GC(125) Eden regions: 5->0(5)
[2024-10-12T10:18:19.615+0800][info] GC(125) Survivor regions: 1->1(1)
[2024-10-12T10:18:19.615+0800][info] GC(125) Old regions: 69->64
[2024-10-12T10:18:19.615+0800][info] GC(125) Archive regions: 2->2
[2024-10-12T10:18:19.615+0800][info] GC(125) Humongous regions: 3->3
[2024-10-12T10:18:19.615+0800][info] GC(125) Metaspace: 1645K(1856K)->1645K(1856K) NonClass: 1521K(1664K)->1521K(1664K) Class: 124K(192K)->124K(192K)
[2024-10-12T10:18:19.615+0800][info] GC(125) Pause Young (Mixed) (G1 Evacuation Pause) 156M->136M(256M) 2.286ms
[2024-10-12T10:18:19.615+0800][info] GC(125) User=0.01s Sys=0.00s Real=0.01s
[2024-10-12T10:18:19.880+0800][info] GC(126) Pause Young (Mixed) (G1 Evacuation Pause)
[2024-10-12T10:18:19.880+0800][info] GC(126) Using 6 workers of 48 for evacuation
[2024-10-12T10:18:19.883+0800][info] GC(126)   Pre Evacuate Collection Set: 0.2ms
[2024-10-12T10:18:19.883+0800][info] GC(126)   Merge Heap Roots: 0.1ms
[2024-10-12T10:18:19.883+0800][info] GC(126)   Evacuate Collection Set: 1.8ms
[2024-10-12T10:18:19.883+0800][info] GC(126)   Post Evacuate Collection Set: 0.2ms
[2024-10-12T10:18:19.883+0800][info] GC(126)   Other: 0.2ms
[2024-10-12T10:18:19.883+0800][info] GC(126) Eden regions: 5->0(5)
[2024-10-12T10:18:19.883+0800][info] GC(126) Survivor regions: 1->1(1)
[2024-10-12T10:18:19.883+0800][info] GC(126) Old regions: 64->62
[2024-10-12T10:18:19.883+0800][info] GC(126) Archive regions: 2->2
[2024-10-12T10:18:19.883+0800][info] GC(126) Humongous regions: 3->3
[2024-10-12T10:18:19.883+0800][info] GC(126) Metaspace: 1645K(1856K)->1645K(1856K) NonClass: 1521K(1664K)->1521K(1664K) Class: 124K(192K)->124K(192K)
[2024-10-12T10:18:19.883+0800][info] GC(126) Pause Young (Mixed) (G1 Evacuation Pause) 146M->132M(256M) 2.562ms
[2024-10-12T10:18:19.883+0800][info] GC(126) User=0.02s Sys=0.00s Real=0.00s
[2024-10-12T10:18:20.149+0800][info] GC(127) Pause Young (Mixed) (G1 Evacuation Pause)
[2024-10-12T10:18:20.149+0800][info] GC(127) Using 6 workers of 48 for evacuation
[2024-10-12T10:18:20.150+0800][info] GC(127)   Pre Evacuate Collection Set: 0.2ms
[2024-10-12T10:18:20.150+0800][info] GC(127)   Merge Heap Roots: 0.1ms
[2024-10-12T10:18:20.150+0800][info] GC(127)   Evacuate Collection Set: 1.1ms
[2024-10-12T10:18:20.150+0800][info] GC(127)   Post Evacuate Collection Set: 0.2ms
[2024-10-12T10:18:20.150+0800][info] GC(127)   Other: 0.2ms
[2024-10-12T10:18:20.150+0800][info] GC(127) Eden regions: 5->0(14)
[2024-10-12T10:18:20.151+0800][info] GC(127) Survivor regions: 1->1(1)
[2024-10-12T10:18:20.151+0800][info] GC(127) Old regions: 62->66
[2024-10-12T10:18:20.151+0800][info] GC(127) Archive regions: 2->2
[2024-10-12T10:18:20.151+0800][info] GC(127) Humongous regions: 3->3
[2024-10-12T10:18:20.151+0800][info] GC(127) Metaspace: 1654K(1920K)->1654K(1920K) NonClass: 1530K(1728K)->1530K(1728K) Class: 124K(192K)->124K(192K)
[2024-10-12T10:18:20.151+0800][info] GC(127) Pause Young (Mixed) (G1 Evacuation Pause) 141M->141M(256M) 1.893ms
[2024-10-12T10:18:20.151+0800][info] GC(127) User=0.00s Sys=0.00s Real=0.00s
[2024-10-12T10:18:20.908+0800][info] GC(128) Pause Young (Normal) (G1 Evacuation Pause)
[2024-10-12T10:18:20.908+0800][info] GC(128) Using 6 workers of 48 for evacuation
[2024-10-12T10:18:20.911+0800][info] GC(128)   Pre Evacuate Collection Set: 0.1ms
[2024-10-12T10:18:20.911+0800][info] GC(128)   Merge Heap Roots: 0.1ms
[2024-10-12T10:18:20.911+0800][info] GC(128)   Evacuate Collection Set: 2.1ms
[2024-10-12T10:18:20.911+0800][info] GC(128)   Post Evacuate Collection Set: 0.2ms
[2024-10-12T10:18:20.911+0800][info] GC(128)   Other: 0.3ms
[2024-10-12T10:18:20.911+0800][info] GC(128) Eden regions: 14->0(9)
[2024-10-12T10:18:20.911+0800][info] GC(128) Survivor regions: 1->2(2)
[2024-10-12T10:18:20.911+0800][info] GC(128) Old regions: 66->78
[2024-10-12T10:18:20.911+0800][info] GC(128) Archive regions: 2->2
[2024-10-12T10:18:20.911+0800][info] GC(128) Humongous regions: 4->3
[2024-10-12T10:18:20.911+0800][info] GC(128) Metaspace: 1654K(1920K)->1654K(1920K) NonClass: 1530K(1728K)->1530K(1728K) Class: 124K(192K)->124K(192K)
[2024-10-12T10:18:20.911+0800][info] GC(128) Pause Young (Normal) (G1 Evacuation Pause) 171M->167M(256M) 2.841ms
[2024-10-12T10:18:20.911+0800][info] GC(128) User=0.01s Sys=0.00s Real=0.00s
[2024-10-12T10:18:21.403+0800][info] GC(129) Pause Young (Normal) (G1 Evacuation Pause)
[2024-10-12T10:18:21.403+0800][info] GC(129) Using 6 workers of 48 for evacuation
[2024-10-12T10:18:21.405+0800][info] GC(129)   Pre Evacuate Collection Set: 0.1ms
[2024-10-12T10:18:21.405+0800][info] GC(129)   Merge Heap Roots: 0.1ms
[2024-10-12T10:18:21.405+0800][info] GC(129)   Evacuate Collection Set: 1.5ms
[2024-10-12T10:18:21.405+0800][info] GC(129)   Post Evacuate Collection Set: 0.2ms
[2024-10-12T10:18:21.405+0800][info] GC(129)   Other: 0.2ms
[2024-10-12T10:18:21.405+0800][info] GC(129) Eden regions: 9->0(6)
[2024-10-12T10:18:21.405+0800][info] GC(129) Survivor regions: 2->2(2)
[2024-10-12T10:18:21.405+0800][info] GC(129) Old regions: 78->86
[2024-10-12T10:18:21.405+0800][info] GC(129) Archive regions: 2->2
[2024-10-12T10:18:21.405+0800][info] GC(129) Humongous regions: 3->3
[2024-10-12T10:18:21.405+0800][info] GC(129) Metaspace: 1654K(1920K)->1654K(1920K) NonClass: 1530K(1728K)->1530K(1728K) Class: 124K(192K)->124K(192K)
[2024-10-12T10:18:21.405+0800][info] GC(129) Pause Young (Normal) (G1 Evacuation Pause) 185M->183M(256M) 2.229ms
[2024-10-12T10:18:21.405+0800][info] GC(129) User=0.01s Sys=0.00s Real=0.00s
[2024-10-12T10:18:21.732+0800][info] GC(130) Pause Young (Normal) (G1 Evacuation Pause)
[2024-10-12T10:18:21.732+0800][info] GC(130) Using 6 workers of 48 for evacuation
[2024-10-12T10:18:21.734+0800][info] GC(130)   Pre Evacuate Collection Set: 0.1ms
[2024-10-12T10:18:21.734+0800][info] GC(130)   Merge Heap Roots: 0.1ms
[2024-10-12T10:18:21.734+0800][info] GC(130)   Evacuate Collection Set: 1.2ms
[2024-10-12T10:18:21.734+0800][info] GC(130)   Post Evacuate Collection Set: 0.2ms
[2024-10-12T10:18:21.734+0800][info] GC(130)   Other: 0.2ms
[2024-10-12T10:18:21.734+0800][info] GC(130) Eden regions: 6->0(5)
[2024-10-12T10:18:21.734+0800][info] GC(130) Survivor regions: 2->1(1)
[2024-10-12T10:18:21.734+0800][info] GC(130) Old regions: 86->93
[2024-10-12T10:18:21.734+0800][info] GC(130) Archive regions: 2->2
[2024-10-12T10:18:21.734+0800][info] GC(130) Humongous regions: 3->3
[2024-10-12T10:18:21.734+0800][info] GC(130) Metaspace: 1654K(1920K)->1654K(1920K) NonClass: 1530K(1728K)->1530K(1728K) Class: 124K(192K)->124K(192K)
[2024-10-12T10:18:21.734+0800][info] GC(130) Pause Young (Normal) (G1 Evacuation Pause) 195M->195M(256M) 1.937ms
[2024-10-12T10:18:21.734+0800][info] GC(130) User=0.01s Sys=0.00s Real=0.01s
[2024-10-12T10:18:22.015+0800][info] GC(131) Pause Young (Normal) (G1 Evacuation Pause)
[2024-10-12T10:18:22.015+0800][info] GC(131) Using 6 workers of 48 for evacuation
[2024-10-12T10:18:22.020+0800][info] GC(131)   Pre Evacuate Collection Set: 0.2ms
[2024-10-12T10:18:22.020+0800][info] GC(131)   Merge Heap Roots: 0.1ms
[2024-10-12T10:18:22.020+0800][info] GC(131)   Evacuate Collection Set: 4.4ms
[2024-10-12T10:18:22.020+0800][info] GC(131)   Post Evacuate Collection Set: 0.3ms
[2024-10-12T10:18:22.020+0800][info] GC(131)   Other: 0.2ms
[2024-10-12T10:18:22.020+0800][info] GC(131) Eden regions: 5->0(5)
[2024-10-12T10:18:22.020+0800][info] GC(131) Survivor regions: 1->1(1)
[2024-10-12T10:18:22.020+0800][info] GC(131) Old regions: 93->98
[2024-10-12T10:18:22.020+0800][info] GC(131) Archive regions: 2->2
[2024-10-12T10:18:22.020+0800][info] GC(131) Humongous regions: 3->3
[2024-10-12T10:18:22.021+0800][info] GC(131) Metaspace: 1654K(1920K)->1654K(1920K) NonClass: 1530K(1728K)->1530K(1728K) Class: 124K(192K)->124K(192K)
[2024-10-12T10:18:22.021+0800][info] GC(131) Pause Young (Normal) (G1 Evacuation Pause) 204M->204M(256M) 5.311ms
[2024-10-12T10:18:22.021+0800][info] GC(131) User=0.02s Sys=0.00s Real=0.00s
[2024-10-12T10:18:22.287+0800][info] GC(132) Pause Young (Concurrent Start) (G1 Evacuation Pause)
[2024-10-12T10:18:22.288+0800][info] GC(132) Using 6 workers of 48 for evacuation
[2024-10-12T10:18:22.292+0800][info] GC(132)   Pre Evacuate Collection Set: 0.1ms
[2024-10-12T10:18:22.292+0800][info] GC(132)   Merge Heap Roots: 0.1ms
[2024-10-12T10:18:22.292+0800][info] GC(132)   Evacuate Collection Set: 3.3ms
[2024-10-12T10:18:22.292+0800][info] GC(132)   Post Evacuate Collection Set: 0.2ms
[2024-10-12T10:18:22.292+0800][info] GC(132)   Other: 0.4ms
[2024-10-12T10:18:22.292+0800][info] GC(132) Eden regions: 5->0(5)
[2024-10-12T10:18:22.292+0800][info] GC(132) Survivor regions: 1->1(1)
[2024-10-12T10:18:22.292+0800][info] GC(132) Old regions: 98->103
[2024-10-12T10:18:22.292+0800][info] GC(132) Archive regions: 2->2
[2024-10-12T10:18:22.292+0800][info] GC(132) Humongous regions: 3->3
[2024-10-12T10:18:22.292+0800][info] GC(132) Metaspace: 1654K(1920K)->1654K(1920K) NonClass: 1530K(1728K)->1530K(1728K) Class: 124K(192K)->124K(192K)
[2024-10-12T10:18:22.292+0800][info] GC(132) Pause Young (Concurrent Start) (G1 Evacuation Pause) 214M->215M(256M) 4.255ms
[2024-10-12T10:18:22.292+0800][info] GC(132) User=0.01s Sys=0.02s Real=0.00s
[2024-10-12T10:18:22.292+0800][info] GC(133) Concurrent Mark Cycle
[2024-10-12T10:18:22.292+0800][info] GC(133) Concurrent Clear Claimed Marks
[2024-10-12T10:18:22.292+0800][info] GC(133) Concurrent Clear Claimed Marks 0.017ms
[2024-10-12T10:18:22.292+0800][info] GC(133) Concurrent Scan Root Regions
[2024-10-12T10:18:22.292+0800][info] GC(133) Concurrent Scan Root Regions 0.114ms
[2024-10-12T10:18:22.292+0800][info] GC(133) Concurrent Mark
[2024-10-12T10:18:22.292+0800][info] GC(133) Concurrent Mark From Roots
[2024-10-12T10:18:22.292+0800][info] GC(133) Using 12 workers of 12 for marking
[2024-10-12T10:18:22.296+0800][info] GC(133) Concurrent Mark From Roots 3.860ms
[2024-10-12T10:18:22.296+0800][info] GC(133) Concurrent Preclean
[2024-10-12T10:18:22.298+0800][info] GC(133) Concurrent Preclean 1.690ms
[2024-10-12T10:18:22.298+0800][info] GC(133) Pause Remark
[2024-10-12T10:18:22.299+0800][info] GC(133) Pause Remark 215M->163M(256M) 1.284ms
[2024-10-12T10:18:22.299+0800][info] GC(133) User=0.01s Sys=0.00s Real=0.00s
[2024-10-12T10:18:22.299+0800][info] GC(133) Concurrent Mark 7.065ms
[2024-10-12T10:18:22.299+0800][info] GC(133) Concurrent Rebuild Remembered Sets
[2024-10-12T10:18:22.300+0800][info] GC(133) Concurrent Rebuild Remembered Sets 1.228ms
[2024-10-12T10:18:22.300+0800][info] GC(133) Pause Cleanup
[2024-10-12T10:18:22.301+0800][info] GC(133) Pause Cleanup 163M->163M(256M) 0.205ms
[2024-10-12T10:18:22.301+0800][info] GC(133) User=0.00s Sys=0.00s Real=0.00s
[2024-10-12T10:18:22.301+0800][info] GC(133) Concurrent Cleanup for Next Mark
[2024-10-12T10:18:22.301+0800][info] GC(133) Concurrent Cleanup for Next Mark 0.443ms
[2024-10-12T10:18:22.301+0800][info] GC(133) Concurrent Mark Cycle 9.338ms
[2024-10-12T10:18:22.609+0800][info] GC(134) Pause Young (Prepare Mixed) (G1 Evacuation Pause)
[2024-10-12T10:18:22.609+0800][info] GC(134) Using 6 workers of 48 for evacuation
[2024-10-12T10:18:22.613+0800][info] GC(134)   Pre Evacuate Collection Set: 0.1ms
[2024-10-12T10:18:22.613+0800][info] GC(134)   Merge Heap Roots: 0.1ms
[2024-10-12T10:18:22.613+0800][info] GC(134)   Evacuate Collection Set: 3.0ms
[2024-10-12T10:18:22.613+0800][info] GC(134)   Post Evacuate Collection Set: 0.2ms
[2024-10-12T10:18:22.613+0800][info] GC(134)   Other: 0.3ms
[2024-10-12T10:18:22.613+0800][info] GC(134) Eden regions: 5->0(5)
[2024-10-12T10:18:22.613+0800][info] GC(134) Survivor regions: 1->1(1)
[2024-10-12T10:18:22.613+0800][info] GC(134) Old regions: 77->82
[2024-10-12T10:18:22.613+0800][info] GC(134) Archive regions: 2->2
[2024-10-12T10:18:22.613+0800][info] GC(134) Humongous regions: 3->3
[2024-10-12T10:18:22.613+0800][info] GC(134) Metaspace: 1655K(1920K)->1655K(1920K) NonClass: 1531K(1728K)->1531K(1728K) Class: 124K(192K)->124K(192K)
[2024-10-12T10:18:22.613+0800][info] GC(134) Pause Young (Prepare Mixed) (G1 Evacuation Pause) 172M->172M(256M) 3.707ms
[2024-10-12T10:18:22.613+0800][info] GC(134) User=0.02s Sys=0.00s Real=0.00s
[2024-10-12T10:18:22.878+0800][info] GC(135) Pause Young (Mixed) (G1 Evacuation Pause)
[2024-10-12T10:18:22.878+0800][info] GC(135) Using 6 workers of 48 for evacuation
[2024-10-12T10:18:22.882+0800][info] GC(135)   Pre Evacuate Collection Set: 0.2ms
[2024-10-12T10:18:22.882+0800][info] GC(135)   Merge Heap Roots: 0.1ms
[2024-10-12T10:18:22.882+0800][info] GC(135)   Evacuate Collection Set: 2.7ms
[2024-10-12T10:18:22.882+0800][info] GC(135)   Post Evacuate Collection Set: 0.2ms
[2024-10-12T10:18:22.882+0800][info] GC(135)   Other: 0.2ms
[2024-10-12T10:18:22.882+0800][info] GC(135) Eden regions: 5->0(5)
[2024-10-12T10:18:22.882+0800][info] GC(135) Survivor regions: 1->1(1)
[2024-10-12T10:18:22.882+0800][info] GC(135) Old regions: 82->73
[2024-10-12T10:18:22.882+0800][info] GC(135) Archive regions: 2->2
[2024-10-12T10:18:22.882+0800][info] GC(135) Humongous regions: 3->3
[2024-10-12T10:18:22.882+0800][info] GC(135) Metaspace: 1655K(1920K)->1655K(1920K) NonClass: 1531K(1728K)->1531K(1728K) Class: 124K(192K)->124K(192K)
[2024-10-12T10:18:22.882+0800][info] GC(135) Pause Young (Mixed) (G1 Evacuation Pause) 182M->155M(256M) 3.480ms
[2024-10-12T10:18:22.882+0800][info] GC(135) User=0.02s Sys=0.00s Real=0.00s
[2024-10-12T10:18:23.150+0800][info] GC(136) Pause Young (Mixed) (G1 Evacuation Pause)
[2024-10-12T10:18:23.150+0800][info] GC(136) Using 6 workers of 48 for evacuation
[2024-10-12T10:18:23.155+0800][info] GC(136)   Pre Evacuate Collection Set: 0.2ms
[2024-10-12T10:18:23.155+0800][info] GC(136)   Merge Heap Roots: 0.1ms
[2024-10-12T10:18:23.155+0800][info] GC(136)   Evacuate Collection Set: 4.3ms
[2024-10-12T10:18:23.155+0800][info] GC(136)   Post Evacuate Collection Set: 0.3ms
[2024-10-12T10:18:23.155+0800][info] GC(136)   Other: 0.2ms
[2024-10-12T10:18:23.155+0800][info] GC(136) Eden regions: 5->0(5)
[2024-10-12T10:18:23.155+0800][info] GC(136) Survivor regions: 1->1(1)
[2024-10-12T10:18:23.155+0800][info] GC(136) Old regions: 73->66
[2024-10-12T10:18:23.155+0800][info] GC(136) Archive regions: 2->2
[2024-10-12T10:18:23.155+0800][info] GC(136) Humongous regions: 4->3
[2024-10-12T10:18:23.155+0800][info] GC(136) Metaspace: 1655K(1920K)->1655K(1920K) NonClass: 1531K(1728K)->1531K(1728K) Class: 124K(192K)->124K(192K)
[2024-10-12T10:18:23.155+0800][info] GC(136) Pause Young (Mixed) (G1 Evacuation Pause) 167M->141M(256M) 5.088ms
[2024-10-12T10:18:23.155+0800][info] GC(136) User=0.02s Sys=0.01s Real=0.01s
[2024-10-12T10:18:23.421+0800][info] GC(137) Pause Young (Mixed) (G1 Evacuation Pause)
[2024-10-12T10:18:23.421+0800][info] GC(137) Using 6 workers of 48 for evacuation
[2024-10-12T10:18:23.426+0800][info] GC(137)   Pre Evacuate Collection Set: 0.2ms
[2024-10-12T10:18:23.426+0800][info] GC(137)   Merge Heap Roots: 0.1ms
[2024-10-12T10:18:23.426+0800][info] GC(137)   Evacuate Collection Set: 4.4ms
[2024-10-12T10:18:23.426+0800][info] GC(137)   Post Evacuate Collection Set: 0.2ms
[2024-10-12T10:18:23.426+0800][info] GC(137)   Other: 0.2ms
[2024-10-12T10:18:23.426+0800][info] GC(137) Eden regions: 5->0(5)
[2024-10-12T10:18:23.426+0800][info] GC(137) Survivor regions: 1->1(1)
[2024-10-12T10:18:23.426+0800][info] GC(137) Old regions: 66->60
[2024-10-12T10:18:23.426+0800][info] GC(137) Archive regions: 2->2
[2024-10-12T10:18:23.426+0800][info] GC(137) Humongous regions: 3->3
[2024-10-12T10:18:23.426+0800][info] GC(137) Metaspace: 1655K(1920K)->1655K(1920K) NonClass: 1531K(1728K)->1531K(1728K) Class: 124K(192K)->124K(192K)
[2024-10-12T10:18:23.426+0800][info] GC(137) Pause Young (Mixed) (G1 Evacuation Pause) 151M->129M(256M) 5.192ms
[2024-10-12T10:18:23.426+0800][info] GC(137) User=0.01s Sys=0.01s Real=0.01s
[2024-10-12T10:18:23.691+0800][info] GC(138) Pause Young (Mixed) (G1 Evacuation Pause)
[2024-10-12T10:18:23.691+0800][info] GC(138) Using 6 workers of 48 for evacuation
[2024-10-12T10:18:23.696+0800][info] GC(138)   Pre Evacuate Collection Set: 0.2ms
[2024-10-12T10:18:23.696+0800][info] GC(138)   Merge Heap Roots: 0.1ms
[2024-10-12T10:18:23.696+0800][info] GC(138)   Evacuate Collection Set: 3.7ms
[2024-10-12T10:18:23.696+0800][info] GC(138)   Post Evacuate Collection Set: 0.3ms
[2024-10-12T10:18:23.696+0800][info] GC(138)   Other: 0.2ms
[2024-10-12T10:18:23.696+0800][info] GC(138) Eden regions: 5->0(15)
[2024-10-12T10:18:23.696+0800][info] GC(138) Survivor regions: 1->1(1)
[2024-10-12T10:18:23.696+0800][info] GC(138) Old regions: 60->62
[2024-10-12T10:18:23.696+0800][info] GC(138) Archive regions: 2->2
[2024-10-12T10:18:23.696+0800][info] GC(138) Humongous regions: 3->3
[2024-10-12T10:18:23.696+0800][info] GC(138) Metaspace: 1656K(1920K)->1656K(1920K) NonClass: 1532K(1728K)->1532K(1728K) Class: 124K(192K)->124K(192K)
[2024-10-12T10:18:23.696+0800][info] GC(138) Pause Young (Mixed) (G1 Evacuation Pause) 138M->132M(256M) 4.537ms
[2024-10-12T10:18:23.696+0800][info] GC(138) User=0.01s Sys=0.01s Real=0.01s
[2024-10-12T10:18:24.533+0800][info] GC(139) Pause Young (Normal) (G1 Evacuation Pause)
[2024-10-12T10:18:24.533+0800][info] GC(139) Using 6 workers of 48 for evacuation
[2024-10-12T10:18:24.540+0800][info] GC(139)   Pre Evacuate Collection Set: 0.1ms
[2024-10-12T10:18:24.540+0800][info] GC(139)   Merge Heap Roots: 0.1ms
[2024-10-12T10:18:24.540+0800][info] GC(139)   Evacuate Collection Set: 6.4ms
[2024-10-12T10:18:24.540+0800][info] GC(139)   Post Evacuate Collection Set: 0.2ms
[2024-10-12T10:18:24.540+0800][info] GC(139)   Other: 0.2ms
[2024-10-12T10:18:24.540+0800][info] GC(139) Eden regions: 15->0(11)
[2024-10-12T10:18:24.540+0800][info] GC(139) Survivor regions: 1->2(2)
[2024-10-12T10:18:24.540+0800][info] GC(139) Old regions: 62->74
[2024-10-12T10:18:24.540+0800][info] GC(139) Archive regions: 2->2
[2024-10-12T10:18:24.540+0800][info] GC(139) Humongous regions: 3->3
[2024-10-12T10:18:24.540+0800][info] GC(139) Metaspace: 1660K(1920K)->1660K(1920K) NonClass: 1535K(1728K)->1535K(1728K) Class: 124K(192K)->124K(192K)
[2024-10-12T10:18:24.540+0800][info] GC(139) Pause Young (Normal) (G1 Evacuation Pause) 162M->158M(256M) 7.131ms
[2024-10-12T10:18:24.540+0800][info] GC(139) User=0.03s Sys=0.00s Real=0.00s
[2024-10-12T10:18:25.137+0800][info] GC(140) Pause Young (Normal) (G1 Evacuation Pause)
[2024-10-12T10:18:25.137+0800][info] GC(140) Using 6 workers of 48 for evacuation
[2024-10-12T10:18:25.143+0800][info] GC(140)   Pre Evacuate Collection Set: 0.1ms
[2024-10-12T10:18:25.143+0800][info] GC(140)   Merge Heap Roots: 0.0ms
[2024-10-12T10:18:25.143+0800][info] GC(140)   Evacuate Collection Set: 5.2ms
[2024-10-12T10:18:25.143+0800][info] GC(140)   Post Evacuate Collection Set: 0.2ms
[2024-10-12T10:18:25.143+0800][info] GC(140)   Other: 0.2ms
[2024-10-12T10:18:25.143+0800][info] GC(140) Eden regions: 11->0(7)
[2024-10-12T10:18:25.143+0800][info] GC(140) Survivor regions: 2->2(2)
[2024-10-12T10:18:25.143+0800][info] GC(140) Old regions: 74->84
[2024-10-12T10:18:25.143+0800][info] GC(140) Archive regions: 2->2
[2024-10-12T10:18:25.143+0800][info] GC(140) Humongous regions: 4->3
[2024-10-12T10:18:25.143+0800][info] GC(140) Metaspace: 1679K(1920K)->1679K(1920K) NonClass: 1554K(1728K)->1554K(1728K) Class: 124K(192K)->124K(192K)
[2024-10-12T10:18:25.143+0800][info] GC(140) Pause Young (Normal) (G1 Evacuation Pause) 181M->178M(256M) 6.007ms
[2024-10-12T10:18:25.143+0800][info] GC(140) User=0.01s Sys=0.01s Real=0.00s
[2024-10-12T10:18:25.532+0800][info] GC(141) Pause Young (Normal) (G1 Evacuation Pause)
[2024-10-12T10:18:25.532+0800][info] GC(141) Using 6 workers of 48 for evacuation
[2024-10-12T10:18:25.536+0800][info] GC(141)   Pre Evacuate Collection Set: 0.1ms
[2024-10-12T10:18:25.536+0800][info] GC(141)   Merge Heap Roots: 0.1ms
[2024-10-12T10:18:25.536+0800][info] GC(141)   Evacuate Collection Set: 3.7ms
[2024-10-12T10:18:25.536+0800][info] GC(141)   Post Evacuate Collection Set: 0.2ms
[2024-10-12T10:18:25.537+0800][info] GC(141)   Other: 0.2ms
[2024-10-12T10:18:25.537+0800][info] GC(141) Eden regions: 7->0(5)
[2024-10-12T10:18:25.537+0800][info] GC(141) Survivor regions: 2->2(2)
[2024-10-12T10:18:25.537+0800][info] GC(141) Old regions: 84->91
[2024-10-12T10:18:25.537+0800][info] GC(141) Archive regions: 2->2
[2024-10-12T10:18:25.537+0800][info] GC(141) Humongous regions: 3->3
[2024-10-12T10:18:25.537+0800][info] GC(141) Metaspace: 1679K(1920K)->1679K(1920K) NonClass: 1554K(1728K)->1554K(1728K) Class: 124K(192K)->124K(192K)
[2024-10-12T10:18:25.537+0800][info] GC(141) Pause Young (Normal) (G1 Evacuation Pause) 192M->192M(256M) 4.460ms
[2024-10-12T10:18:25.537+0800][info] GC(141) User=0.00s Sys=0.02s Real=0.01s
[2024-10-12T10:18:25.802+0800][info] GC(142) Pause Young (Normal) (G1 Evacuation Pause)
[2024-10-12T10:18:25.802+0800][info] GC(142) Using 6 workers of 48 for evacuation
[2024-10-12T10:18:25.806+0800][info] GC(142)   Pre Evacuate Collection Set: 0.1ms
[2024-10-12T10:18:25.807+0800][info] GC(142)   Merge Heap Roots: 0.1ms
[2024-10-12T10:18:25.807+0800][info] GC(142)   Evacuate Collection Set: 3.6ms
[2024-10-12T10:18:25.807+0800][info] GC(142)   Post Evacuate Collection Set: 0.2ms
[2024-10-12T10:18:25.807+0800][info] GC(142)   Other: 0.2ms
[2024-10-12T10:18:25.807+0800][info] GC(142) Eden regions: 5->0(5)
[2024-10-12T10:18:25.807+0800][info] GC(142) Survivor regions: 2->1(1)
[2024-10-12T10:18:25.807+0800][info] GC(142) Old regions: 91->97
[2024-10-12T10:18:25.807+0800][info] GC(142) Archive regions: 2->2
[2024-10-12T10:18:25.807+0800][info] GC(142) Humongous regions: 3->3
[2024-10-12T10:18:25.807+0800][info] GC(142) Metaspace: 1679K(1920K)->1679K(1920K) NonClass: 1554K(1728K)->1554K(1728K) Class: 124K(192K)->124K(192K)
[2024-10-12T10:18:25.807+0800][info] GC(142) Pause Young (Normal) (G1 Evacuation Pause) 202M->202M(256M) 4.376ms
[2024-10-12T10:18:25.807+0800][info] GC(142) User=0.02s Sys=0.01s Real=0.01s
[2024-10-12T10:18:26.072+0800][info] GC(143) Pause Young (Concurrent Start) (G1 Evacuation Pause)
[2024-10-12T10:18:26.072+0800][info] GC(143) Using 6 workers of 48 for evacuation
[2024-10-12T10:18:26.076+0800][info] GC(143)   Pre Evacuate Collection Set: 0.1ms
[2024-10-12T10:18:26.076+0800][info] GC(143)   Merge Heap Roots: 0.1ms
[2024-10-12T10:18:26.076+0800][info] GC(143)   Evacuate Collection Set: 3.1ms
[2024-10-12T10:18:26.076+0800][info] GC(143)   Post Evacuate Collection Set: 0.2ms
[2024-10-12T10:18:26.076+0800][info] GC(143)   Other: 0.4ms
[2024-10-12T10:18:26.076+0800][info] GC(143) Eden regions: 5->0(5)
[2024-10-12T10:18:26.076+0800][info] GC(143) Survivor regions: 1->1(1)
[2024-10-12T10:18:26.076+0800][info] GC(143) Old regions: 97->102
[2024-10-12T10:18:26.076+0800][info] GC(143) Archive regions: 2->2
[2024-10-12T10:18:26.076+0800][info] GC(143) Humongous regions: 3->3
[2024-10-12T10:18:26.076+0800][info] GC(143) Metaspace: 1679K(1920K)->1679K(1920K) NonClass: 1554K(1728K)->1554K(1728K) Class: 124K(192K)->124K(192K)
[2024-10-12T10:18:26.076+0800][info] GC(143) Pause Young (Concurrent Start) (G1 Evacuation Pause) 212M->212M(256M) 3.917ms
[2024-10-12T10:18:26.076+0800][info] GC(143) User=0.00s Sys=0.02s Real=0.01s
[2024-10-12T10:18:26.076+0800][info] GC(144) Concurrent Mark Cycle
[2024-10-12T10:18:26.076+0800][info] GC(144) Concurrent Clear Claimed Marks
[2024-10-12T10:18:26.076+0800][info] GC(144) Concurrent Clear Claimed Marks 0.017ms
[2024-10-12T10:18:26.076+0800][info] GC(144) Concurrent Scan Root Regions
[2024-10-12T10:18:26.077+0800][info] GC(144) Concurrent Scan Root Regions 0.103ms
[2024-10-12T10:18:26.077+0800][info] GC(144) Concurrent Mark
[2024-10-12T10:18:26.077+0800][info] GC(144) Concurrent Mark From Roots
[2024-10-12T10:18:26.077+0800][info] GC(144) Using 12 workers of 12 for marking
[2024-10-12T10:18:26.080+0800][info] GC(144) Concurrent Mark From Roots 3.786ms
[2024-10-12T10:18:26.080+0800][info] GC(144) Concurrent Preclean
[2024-10-12T10:18:26.082+0800][info] GC(144) Concurrent Preclean 1.689ms
[2024-10-12T10:18:26.082+0800][info] GC(144) Pause Remark
[2024-10-12T10:18:26.083+0800][info] GC(144) Pause Remark 212M->160M(256M) 1.312ms
[2024-10-12T10:18:26.084+0800][info] GC(144) User=0.01s Sys=0.00s Real=0.00s
[2024-10-12T10:18:26.084+0800][info] GC(144) Concurrent Mark 7.080ms
[2024-10-12T10:18:26.084+0800][info] GC(144) Concurrent Rebuild Remembered Sets
[2024-10-12T10:18:26.085+0800][info] GC(144) Concurrent Rebuild Remembered Sets 1.585ms
[2024-10-12T10:18:26.085+0800][info] GC(144) Pause Cleanup
[2024-10-12T10:18:26.086+0800][info] GC(144) Pause Cleanup 160M->160M(256M) 0.250ms
[2024-10-12T10:18:26.086+0800][info] GC(144) User=0.00s Sys=0.00s Real=0.00s
[2024-10-12T10:18:26.086+0800][info] GC(144) Concurrent Cleanup for Next Mark
[2024-10-12T10:18:26.086+0800][info] GC(144) Concurrent Cleanup for Next Mark 0.427ms
[2024-10-12T10:18:26.086+0800][info] GC(144) Concurrent Mark Cycle 9.819ms
[2024-10-12T10:18:26.394+0800][info] GC(145) Pause Young (Prepare Mixed) (G1 Evacuation Pause)
[2024-10-12T10:18:26.394+0800][info] GC(145) Using 6 workers of 48 for evacuation
[2024-10-12T10:18:26.396+0800][info] GC(145)   Pre Evacuate Collection Set: 0.1ms
[2024-10-12T10:18:26.396+0800][info] GC(145)   Merge Heap Roots: 0.1ms
[2024-10-12T10:18:26.396+0800][info] GC(145)   Evacuate Collection Set: 1.2ms
[2024-10-12T10:18:26.396+0800][info] GC(145)   Post Evacuate Collection Set: 0.2ms
[2024-10-12T10:18:26.396+0800][info] GC(145)   Other: 0.2ms
[2024-10-12T10:18:26.396+0800][info] GC(145) Eden regions: 5->0(5)
[2024-10-12T10:18:26.396+0800][info] GC(145) Survivor regions: 1->1(1)
[2024-10-12T10:18:26.396+0800][info] GC(145) Old regions: 76->80
[2024-10-12T10:18:26.396+0800][info] GC(145) Archive regions: 2->2
[2024-10-12T10:18:26.396+0800][info] GC(145) Humongous regions: 3->3
[2024-10-12T10:18:26.396+0800][info] GC(145) Metaspace: 1679K(1920K)->1679K(1920K) NonClass: 1554K(1728K)->1554K(1728K) Class: 124K(192K)->124K(192K)
[2024-10-12T10:18:26.396+0800][info] GC(145) Pause Young (Prepare Mixed) (G1 Evacuation Pause) 169M->169M(256M) 1.992ms
[2024-10-12T10:18:26.396+0800][info] GC(145) User=0.01s Sys=0.00s Real=0.00s
[2024-10-12T10:18:26.661+0800][info] GC(146) Pause Young (Mixed) (G1 Evacuation Pause)
[2024-10-12T10:18:26.661+0800][info] GC(146) Using 6 workers of 48 for evacuation
[2024-10-12T10:18:26.664+0800][info] GC(146)   Pre Evacuate Collection Set: 0.2ms
[2024-10-12T10:18:26.664+0800][info] GC(146)   Merge Heap Roots: 0.1ms
[2024-10-12T10:18:26.664+0800][info] GC(146)   Evacuate Collection Set: 1.9ms
[2024-10-12T10:18:26.664+0800][info] GC(146)   Post Evacuate Collection Set: 0.2ms
[2024-10-12T10:18:26.664+0800][info] GC(146)   Other: 0.2ms
[2024-10-12T10:18:26.664+0800][info] GC(146) Eden regions: 5->0(5)
[2024-10-12T10:18:26.664+0800][info] GC(146) Survivor regions: 1->1(1)
[2024-10-12T10:18:26.664+0800][info] GC(146) Old regions: 80->72
[2024-10-12T10:18:26.664+0800][info] GC(146) Archive regions: 2->2
[2024-10-12T10:18:26.664+0800][info] GC(146) Humongous regions: 3->3
[2024-10-12T10:18:26.664+0800][info] GC(146) Metaspace: 1679K(1920K)->1679K(1920K) NonClass: 1554K(1728K)->1554K(1728K) Class: 124K(192K)->124K(192K)
[2024-10-12T10:18:26.664+0800][info] GC(146) Pause Young (Mixed) (G1 Evacuation Pause) 178M->153M(256M) 2.676ms
[2024-10-12T10:18:26.664+0800][info] GC(146) User=0.01s Sys=0.00s Real=0.00s
[2024-10-12T10:18:26.929+0800][info] GC(147) Pause Young (Mixed) (G1 Evacuation Pause)
[2024-10-12T10:18:26.929+0800][info] GC(147) Using 6 workers of 48 for evacuation
[2024-10-12T10:18:26.932+0800][info] GC(147)   Pre Evacuate Collection Set: 0.1ms
[2024-10-12T10:18:26.932+0800][info] GC(147)   Merge Heap Roots: 0.1ms
[2024-10-12T10:18:26.932+0800][info] GC(147)   Evacuate Collection Set: 2.2ms
[2024-10-12T10:18:26.932+0800][info] GC(147)   Post Evacuate Collection Set: 0.2ms
[2024-10-12T10:18:26.932+0800][info] GC(147)   Other: 0.2ms
[2024-10-12T10:18:26.932+0800][info] GC(147) Eden regions: 5->0(5)
[2024-10-12T10:18:26.932+0800][info] GC(147) Survivor regions: 1->1(1)
[2024-10-12T10:18:26.932+0800][info] GC(147) Old regions: 72->65
[2024-10-12T10:18:26.932+0800][info] GC(147) Archive regions: 2->2
[2024-10-12T10:18:26.932+0800][info] GC(147) Humongous regions: 3->3
[2024-10-12T10:18:26.932+0800][info] GC(147) Metaspace: 1679K(1920K)->1679K(1920K) NonClass: 1554K(1728K)->1554K(1728K) Class: 124K(192K)->124K(192K)
[2024-10-12T10:18:26.932+0800][info] GC(147) Pause Young (Mixed) (G1 Evacuation Pause) 162M->139M(256M) 2.921ms
[2024-10-12T10:18:26.932+0800][info] GC(147) User=0.01s Sys=0.01s Real=0.00s
[2024-10-12T10:18:27.199+0800][info] GC(148) Pause Young (Mixed) (G1 Evacuation Pause)
[2024-10-12T10:18:27.199+0800][info] GC(148) Using 6 workers of 48 for evacuation
[2024-10-12T10:18:27.201+0800][info] GC(148)   Pre Evacuate Collection Set: 0.2ms
[2024-10-12T10:18:27.201+0800][info] GC(148)   Merge Heap Roots: 0.1ms
[2024-10-12T10:18:27.201+0800][info] GC(148)   Evacuate Collection Set: 1.8ms
[2024-10-12T10:18:27.201+0800][info] GC(148)   Post Evacuate Collection Set: 0.2ms
[2024-10-12T10:18:27.201+0800][info] GC(148)   Other: 0.2ms
[2024-10-12T10:18:27.201+0800][info] GC(148) Eden regions: 5->0(5)
[2024-10-12T10:18:27.201+0800][info] GC(148) Survivor regions: 1->1(1)
[2024-10-12T10:18:27.201+0800][info] GC(148) Old regions: 65->60
[2024-10-12T10:18:27.201+0800][info] GC(148) Archive regions: 2->2
[2024-10-12T10:18:27.201+0800][info] GC(148) Humongous regions: 4->3
[2024-10-12T10:18:27.201+0800][info] GC(148) Metaspace: 1679K(1920K)->1679K(1920K) NonClass: 1554K(1728K)->1554K(1728K) Class: 124K(192K)->124K(192K)
[2024-10-12T10:18:27.201+0800][info] GC(148) Pause Young (Mixed) (G1 Evacuation Pause) 150M->128M(256M) 2.609ms
[2024-10-12T10:18:27.201+0800][info] GC(148) User=0.01s Sys=0.00s Real=0.00s
[2024-10-12T10:18:27.467+0800][info] GC(149) Pause Young (Mixed) (G1 Evacuation Pause)
[2024-10-12T10:18:27.467+0800][info] GC(149) Using 6 workers of 48 for evacuation
[2024-10-12T10:18:27.469+0800][info] GC(149)   Pre Evacuate Collection Set: 0.2ms
[2024-10-12T10:18:27.469+0800][info] GC(149)   Merge Heap Roots: 0.1ms
[2024-10-12T10:18:27.469+0800][info] GC(149)   Evacuate Collection Set: 1.4ms
[2024-10-12T10:18:27.469+0800][info] GC(149)   Post Evacuate Collection Set: 0.2ms
[2024-10-12T10:18:27.469+0800][info] GC(149)   Other: 0.2ms
[2024-10-12T10:18:27.469+0800][info] GC(149) Eden regions: 5->0(15)
[2024-10-12T10:18:27.469+0800][info] GC(149) Survivor regions: 1->1(1)
[2024-10-12T10:18:27.469+0800][info] GC(149) Old regions: 60->63
[2024-10-12T10:18:27.469+0800][info] GC(149) Archive regions: 2->2
[2024-10-12T10:18:27.469+0800][info] GC(149) Humongous regions: 3->3
[2024-10-12T10:18:27.469+0800][info] GC(149) Metaspace: 1679K(1920K)->1679K(1920K) NonClass: 1554K(1728K)->1554K(1728K) Class: 124K(192K)->124K(192K)
[2024-10-12T10:18:27.469+0800][info] GC(149) Pause Young (Mixed) (G1 Evacuation Pause) 137M->134M(256M) 2.160ms
[2024-10-12T10:18:27.469+0800][info] GC(149) User=0.01s Sys=0.01s Real=0.00s
[2024-10-12T10:18:28.287+0800][info] GC(150) Pause Young (Normal) (G1 Evacuation Pause)
[2024-10-12T10:18:28.287+0800][info] GC(150) Using 6 workers of 48 for evacuation
[2024-10-12T10:18:28.292+0800][info] GC(150)   Pre Evacuate Collection Set: 0.1ms
[2024-10-12T10:18:28.292+0800][info] GC(150)   Merge Heap Roots: 0.1ms
[2024-10-12T10:18:28.292+0800][info] GC(150)   Evacuate Collection Set: 4.3ms
[2024-10-12T10:18:28.292+0800][info] GC(150)   Post Evacuate Collection Set: 0.2ms
[2024-10-12T10:18:28.292+0800][info] GC(150)   Other: 0.2ms
[2024-10-12T10:18:28.292+0800][info] GC(150) Eden regions: 15->0(10)
[2024-10-12T10:18:28.292+0800][info] GC(150) Survivor regions: 1->2(2)
[2024-10-12T10:18:28.292+0800][info] GC(150) Old regions: 63->76
[2024-10-12T10:18:28.292+0800][info] GC(150) Archive regions: 2->2
[2024-10-12T10:18:28.292+0800][info] GC(150) Humongous regions: 3->3
[2024-10-12T10:18:28.292+0800][info] GC(150) Metaspace: 1679K(1920K)->1679K(1920K) NonClass: 1554K(1728K)->1554K(1728K) Class: 124K(192K)->124K(192K)
[2024-10-12T10:18:28.292+0800][info] GC(150) Pause Young (Normal) (G1 Evacuation Pause) 164M->163M(256M) 5.057ms
[2024-10-12T10:18:28.292+0800][info] GC(150) User=0.00s Sys=0.02s Real=0.00s
[2024-10-12T10:18:28.845+0800][info] GC(151) Pause Young (Normal) (G1 Evacuation Pause)
[2024-10-12T10:18:28.845+0800][info] GC(151) Using 6 workers of 48 for evacuation
[2024-10-12T10:18:28.850+0800][info] GC(151)   Pre Evacuate Collection Set: 0.1ms
[2024-10-12T10:18:28.850+0800][info] GC(151)   Merge Heap Roots: 0.1ms
[2024-10-12T10:18:28.850+0800][info] GC(151)   Evacuate Collection Set: 4.5ms
[2024-10-12T10:18:28.850+0800][info] GC(151)   Post Evacuate Collection Set: 0.4ms
[2024-10-12T10:18:28.850+0800][info] GC(151)   Other: 0.2ms
[2024-10-12T10:18:28.850+0800][info] GC(151) Eden regions: 10->0(7)
[2024-10-12T10:18:28.850+0800][info] GC(151) Survivor regions: 2->2(2)
[2024-10-12T10:18:28.850+0800][info] GC(151) Old regions: 76->85
[2024-10-12T10:18:28.850+0800][info] GC(151) Archive regions: 2->2
[2024-10-12T10:18:28.850+0800][info] GC(151) Humongous regions: 3->3
[2024-10-12T10:18:28.850+0800][info] GC(151) Metaspace: 1679K(1920K)->1679K(1920K) NonClass: 1554K(1728K)->1554K(1728K) Class: 124K(192K)->124K(192K)
[2024-10-12T10:18:28.850+0800][info] GC(151) Pause Young (Normal) (G1 Evacuation Pause) 183M->180M(256M) 5.420ms
[2024-10-12T10:18:28.850+0800][info] GC(151) User=0.02s Sys=0.01s Real=0.01s
[2024-10-12T10:18:29.218+0800][info] GC(152) Pause Young (Normal) (G1 Evacuation Pause)
[2024-10-12T10:18:29.218+0800][info] GC(152) Using 6 workers of 48 for evacuation
[2024-10-12T10:18:29.223+0800][info] GC(152)   Pre Evacuate Collection Set: 0.1ms
[2024-10-12T10:18:29.223+0800][info] GC(152)   Merge Heap Roots: 0.1ms
[2024-10-12T10:18:29.223+0800][info] GC(152)   Evacuate Collection Set: 3.5ms
[2024-10-12T10:18:29.223+0800][info] GC(152)   Post Evacuate Collection Set: 0.3ms
[2024-10-12T10:18:29.223+0800][info] GC(152)   Other: 0.2ms
[2024-10-12T10:18:29.223+0800][info] GC(152) Eden regions: 7->0(5)
[2024-10-12T10:18:29.223+0800][info] GC(152) Survivor regions: 2->2(2)
[2024-10-12T10:18:29.223+0800][info] GC(152) Old regions: 85->91
[2024-10-12T10:18:29.223+0800][info] GC(152) Archive regions: 2->2
[2024-10-12T10:18:29.223+0800][info] GC(152) Humongous regions: 3->3
[2024-10-12T10:18:29.223+0800][info] GC(152) Metaspace: 1679K(1920K)->1679K(1920K) NonClass: 1554K(1728K)->1554K(1728K) Class: 124K(192K)->124K(192K)
[2024-10-12T10:18:29.223+0800][info] GC(152) Pause Young (Normal) (G1 Evacuation Pause) 193M->192M(256M) 4.354ms
[2024-10-12T10:18:29.223+0800][info] GC(152) User=0.01s Sys=0.01s Real=0.00s
[2024-10-12T10:18:29.491+0800][info] GC(153) Pause Young (Normal) (G1 Evacuation Pause)
[2024-10-12T10:18:29.491+0800][info] GC(153) Using 6 workers of 48 for evacuation
[2024-10-12T10:18:29.493+0800][info] GC(153)   Pre Evacuate Collection Set: 0.1ms
[2024-10-12T10:18:29.493+0800][info] GC(153)   Merge Heap Roots: 0.1ms
[2024-10-12T10:18:29.493+0800][info] GC(153)   Evacuate Collection Set: 1.3ms
[2024-10-12T10:18:29.493+0800][info] GC(153)   Post Evacuate Collection Set: 0.2ms
[2024-10-12T10:18:29.493+0800][info] GC(153)   Other: 0.2ms
[2024-10-12T10:18:29.493+0800][info] GC(153) Eden regions: 5->0(5)
[2024-10-12T10:18:29.493+0800][info] GC(153) Survivor regions: 2->1(1)
[2024-10-12T10:18:29.493+0800][info] GC(153) Old regions: 91->96
[2024-10-12T10:18:29.493+0800][info] GC(153) Archive regions: 2->2
[2024-10-12T10:18:29.493+0800][info] GC(153) Humongous regions: 4->3
[2024-10-12T10:18:29.493+0800][info] GC(153) Metaspace: 1679K(1920K)->1679K(1920K) NonClass: 1554K(1728K)->1554K(1728K) Class: 124K(192K)->124K(192K)
[2024-10-12T10:18:29.493+0800][info] GC(153) Pause Young (Normal) (G1 Evacuation Pause) 203M->201M(256M) 2.069ms
[2024-10-12T10:18:29.493+0800][info] GC(153) User=0.00s Sys=0.00s Real=0.01s
[2024-10-12T10:18:29.759+0800][info] GC(154) Pause Young (Normal) (G1 Evacuation Pause)
[2024-10-12T10:18:29.759+0800][info] GC(154) Using 6 workers of 48 for evacuation
[2024-10-12T10:18:29.761+0800][info] GC(154)   Pre Evacuate Collection Set: 0.1ms
[2024-10-12T10:18:29.761+0800][info] GC(154)   Merge Heap Roots: 0.1ms
[2024-10-12T10:18:29.761+0800][info] GC(154)   Evacuate Collection Set: 1.2ms
[2024-10-12T10:18:29.761+0800][info] GC(154)   Post Evacuate Collection Set: 0.2ms
[2024-10-12T10:18:29.761+0800][info] GC(154)   Other: 0.2ms
[2024-10-12T10:18:29.761+0800][info] GC(154) Eden regions: 5->0(5)
[2024-10-12T10:18:29.761+0800][info] GC(154) Survivor regions: 1->1(1)
[2024-10-12T10:18:29.761+0800][info] GC(154) Old regions: 96->101
[2024-10-12T10:18:29.761+0800][info] GC(154) Archive regions: 2->2
[2024-10-12T10:18:29.761+0800][info] GC(154) Humongous regions: 3->3
[2024-10-12T10:18:29.761+0800][info] GC(154) Metaspace: 1679K(1920K)->1679K(1920K) NonClass: 1554K(1728K)->1554K(1728K) Class: 124K(192K)->124K(192K)
[2024-10-12T10:18:29.761+0800][info] GC(154) Pause Young (Normal) (G1 Evacuation Pause) 211M->210M(256M) 1.941ms
[2024-10-12T10:18:29.761+0800][info] GC(154) User=0.00s Sys=0.00s Real=0.00s
[2024-10-12T10:18:30.026+0800][info] GC(155) Pause Young (Concurrent Start) (G1 Evacuation Pause)
[2024-10-12T10:18:30.026+0800][info] GC(155) Using 6 workers of 48 for evacuation
[2024-10-12T10:18:30.029+0800][info] GC(155)   Pre Evacuate Collection Set: 0.1ms
[2024-10-12T10:18:30.029+0800][info] GC(155)   Merge Heap Roots: 0.1ms
[2024-10-12T10:18:30.029+0800][info] GC(155)   Evacuate Collection Set: 2.0ms
[2024-10-12T10:18:30.029+0800][info] GC(155)   Post Evacuate Collection Set: 0.2ms
[2024-10-12T10:18:30.029+0800][info] GC(155)   Other: 0.4ms
[2024-10-12T10:18:30.029+0800][info] GC(155) Eden regions: 5->0(5)
[2024-10-12T10:18:30.029+0800][info] GC(155) Survivor regions: 1->1(1)
[2024-10-12T10:18:30.029+0800][info] GC(155) Old regions: 101->106
[2024-10-12T10:18:30.029+0800][info] GC(155) Archive regions: 2->2
[2024-10-12T10:18:30.029+0800][info] GC(155) Humongous regions: 3->3
[2024-10-12T10:18:30.029+0800][info] GC(155) Metaspace: 1679K(1920K)->1679K(1920K) NonClass: 1554K(1728K)->1554K(1728K) Class: 124K(192K)->124K(192K)
[2024-10-12T10:18:30.029+0800][info] GC(155) Pause Young (Concurrent Start) (G1 Evacuation Pause) 219M->220M(256M) 2.947ms
[2024-10-12T10:18:30.029+0800][info] GC(155) User=0.00s Sys=0.01s Real=0.00s
[2024-10-12T10:18:30.029+0800][info] GC(156) Concurrent Mark Cycle
[2024-10-12T10:18:30.029+0800][info] GC(156) Concurrent Clear Claimed Marks
[2024-10-12T10:18:30.029+0800][info] GC(156) Concurrent Clear Claimed Marks 0.017ms
[2024-10-12T10:18:30.029+0800][info] GC(156) Concurrent Scan Root Regions
[2024-10-12T10:18:30.030+0800][info] GC(156) Concurrent Scan Root Regions 0.119ms
[2024-10-12T10:18:30.030+0800][info] GC(156) Concurrent Mark
[2024-10-12T10:18:30.030+0800][info] GC(156) Concurrent Mark From Roots
[2024-10-12T10:18:30.030+0800][info] GC(156) Using 12 workers of 12 for marking
[2024-10-12T10:18:30.034+0800][info] GC(156) Concurrent Mark From Roots 3.973ms
[2024-10-12T10:18:30.034+0800][info] GC(156) Concurrent Preclean
[2024-10-12T10:18:30.035+0800][info] GC(156) Concurrent Preclean 1.666ms
[2024-10-12T10:18:30.035+0800][info] GC(156) Pause Remark
[2024-10-12T10:18:30.037+0800][info] GC(156) Pause Remark 220M->162M(256M) 1.299ms
[2024-10-12T10:18:30.037+0800][info] GC(156) User=0.00s Sys=0.00s Real=0.00s
[2024-10-12T10:18:30.037+0800][info] GC(156) Concurrent Mark 7.167ms
[2024-10-12T10:18:30.037+0800][info] GC(156) Concurrent Rebuild Remembered Sets
[2024-10-12T10:18:30.038+0800][info] GC(156) Concurrent Rebuild Remembered Sets 1.136ms
[2024-10-12T10:18:30.038+0800][info] GC(156) Pause Cleanup
[2024-10-12T10:18:30.038+0800][info] GC(156) Pause Cleanup 162M->162M(256M) 0.235ms
[2024-10-12T10:18:30.038+0800][info] GC(156) User=0.00s Sys=0.00s Real=0.00s
[2024-10-12T10:18:30.038+0800][info] GC(156) Concurrent Cleanup for Next Mark
[2024-10-12T10:18:30.039+0800][info] GC(156) Concurrent Cleanup for Next Mark 0.358ms
[2024-10-12T10:18:30.039+0800][info] GC(156) Concurrent Mark Cycle 9.385ms
[2024-10-12T10:18:30.347+0800][info] GC(157) Pause Young (Prepare Mixed) (G1 Evacuation Pause)
[2024-10-12T10:18:30.347+0800][info] GC(157) Using 6 workers of 48 for evacuation
[2024-10-12T10:18:30.348+0800][info] GC(157)   Pre Evacuate Collection Set: 0.1ms
[2024-10-12T10:18:30.348+0800][info] GC(157)   Merge Heap Roots: 0.1ms
[2024-10-12T10:18:30.348+0800][info] GC(157)   Evacuate Collection Set: 0.9ms
[2024-10-12T10:18:30.348+0800][info] GC(157)   Post Evacuate Collection Set: 0.2ms
[2024-10-12T10:18:30.348+0800][info] GC(157)   Other: 0.2ms
[2024-10-12T10:18:30.348+0800][info] GC(157) Eden regions: 5->0(5)
[2024-10-12T10:18:30.348+0800][info] GC(157) Survivor regions: 1->1(1)
[2024-10-12T10:18:30.348+0800][info] GC(157) Old regions: 77->81
[2024-10-12T10:18:30.348+0800][info] GC(157) Archive regions: 2->2
[2024-10-12T10:18:30.348+0800][info] GC(157) Humongous regions: 3->3
[2024-10-12T10:18:30.349+0800][info] GC(157) Metaspace: 1679K(1920K)->1679K(1920K) NonClass: 1554K(1728K)->1554K(1728K) Class: 124K(192K)->124K(192K)
[2024-10-12T10:18:30.349+0800][info] GC(157) Pause Young (Prepare Mixed) (G1 Evacuation Pause) 171M->171M(256M) 1.662ms
[2024-10-12T10:18:30.349+0800][info] GC(157) User=0.00s Sys=0.00s Real=0.00s
[2024-10-12T10:18:30.614+0800][info] GC(158) Pause Young (Mixed) (G1 Evacuation Pause)
[2024-10-12T10:18:30.614+0800][info] GC(158) Using 6 workers of 48 for evacuation
[2024-10-12T10:18:30.615+0800][info] GC(158)   Pre Evacuate Collection Set: 0.1ms
[2024-10-12T10:18:30.615+0800][info] GC(158)   Merge Heap Roots: 0.1ms
[2024-10-12T10:18:30.616+0800][info] GC(158)   Evacuate Collection Set: 0.9ms
[2024-10-12T10:18:30.616+0800][info] GC(158)   Post Evacuate Collection Set: 0.2ms
[2024-10-12T10:18:30.616+0800][info] GC(158)   Other: 0.2ms
[2024-10-12T10:18:30.616+0800][info] GC(158) Eden regions: 5->0(5)
[2024-10-12T10:18:30.616+0800][info] GC(158) Survivor regions: 1->1(1)
[2024-10-12T10:18:30.616+0800][info] GC(158) Old regions: 81->73
[2024-10-12T10:18:30.616+0800][info] GC(158) Archive regions: 2->2
[2024-10-12T10:18:30.616+0800][info] GC(158) Humongous regions: 3->3
[2024-10-12T10:18:30.616+0800][info] GC(158) Metaspace: 1679K(1920K)->1679K(1920K) NonClass: 1554K(1728K)->1554K(1728K) Class: 124K(192K)->124K(192K)
[2024-10-12T10:18:30.616+0800][info] GC(158) Pause Young (Mixed) (G1 Evacuation Pause) 181M->155M(256M) 1.565ms
[2024-10-12T10:18:30.616+0800][info] GC(158) User=0.01s Sys=0.00s Real=0.00s
[2024-10-12T10:18:30.881+0800][info] GC(159) Pause Young (Mixed) (G1 Evacuation Pause)
[2024-10-12T10:18:30.881+0800][info] GC(159) Using 6 workers of 48 for evacuation
[2024-10-12T10:18:30.883+0800][info] GC(159)   Pre Evacuate Collection Set: 0.1ms
[2024-10-12T10:18:30.883+0800][info] GC(159)   Merge Heap Roots: 0.1ms
[2024-10-12T10:18:30.883+0800][info] GC(159)   Evacuate Collection Set: 1.2ms
[2024-10-12T10:18:30.883+0800][info] GC(159)   Post Evacuate Collection Set: 0.2ms
[2024-10-12T10:18:30.883+0800][info] GC(159)   Other: 0.2ms
[2024-10-12T10:18:30.883+0800][info] GC(159) Eden regions: 5->0(5)
[2024-10-12T10:18:30.883+0800][info] GC(159) Survivor regions: 1->1(1)
[2024-10-12T10:18:30.883+0800][info] GC(159) Old regions: 73->66
[2024-10-12T10:18:30.883+0800][info] GC(159) Archive regions: 2->2
[2024-10-12T10:18:30.883+0800][info] GC(159) Humongous regions: 3->3
[2024-10-12T10:18:30.883+0800][info] GC(159) Metaspace: 1679K(1920K)->1679K(1920K) NonClass: 1554K(1728K)->1554K(1728K) Class: 124K(192K)->124K(192K)
[2024-10-12T10:18:30.883+0800][info] GC(159) Pause Young (Mixed) (G1 Evacuation Pause) 165M->141M(256M) 1.947ms
[2024-10-12T10:18:30.883+0800][info] GC(159) User=0.01s Sys=0.00s Real=0.00s
[2024-10-12T10:18:31.149+0800][info] GC(160) Pause Young (Mixed) (G1 Evacuation Pause)
[2024-10-12T10:18:31.149+0800][info] GC(160) Using 6 workers of 48 for evacuation
[2024-10-12T10:18:31.151+0800][info] GC(160)   Pre Evacuate Collection Set: 0.2ms
[2024-10-12T10:18:31.151+0800][info] GC(160)   Merge Heap Roots: 0.1ms
[2024-10-12T10:18:31.151+0800][info] GC(160)   Evacuate Collection Set: 1.5ms
[2024-10-12T10:18:31.151+0800][info] GC(160)   Post Evacuate Collection Set: 0.2ms
[2024-10-12T10:18:31.151+0800][info] GC(160)   Other: 0.2ms
[2024-10-12T10:18:31.151+0800][info] GC(160) Eden regions: 5->0(5)
[2024-10-12T10:18:31.151+0800][info] GC(160) Survivor regions: 1->1(1)
[2024-10-12T10:18:31.151+0800][info] GC(160) Old regions: 66->61
[2024-10-12T10:18:31.151+0800][info] GC(160) Archive regions: 2->2
[2024-10-12T10:18:31.151+0800][info] GC(160) Humongous regions: 3->3
[2024-10-12T10:18:31.151+0800][info] GC(160) Metaspace: 1679K(1920K)->1679K(1920K) NonClass: 1554K(1728K)->1554K(1728K) Class: 124K(192K)->124K(192K)
[2024-10-12T10:18:31.151+0800][info] GC(160) Pause Young (Mixed) (G1 Evacuation Pause) 150M->131M(256M) 2.161ms
[2024-10-12T10:18:31.151+0800][info] GC(160) User=0.01s Sys=0.01s Real=0.00s
[2024-10-12T10:18:31.417+0800][info] GC(161) Pause Young (Mixed) (G1 Evacuation Pause)
[2024-10-12T10:18:31.417+0800][info] GC(161) Using 6 workers of 48 for evacuation
[2024-10-12T10:18:31.419+0800][info] GC(161)   Pre Evacuate Collection Set: 0.2ms
[2024-10-12T10:18:31.419+0800][info] GC(161)   Merge Heap Roots: 0.1ms
[2024-10-12T10:18:31.419+0800][info] GC(161)   Evacuate Collection Set: 1.2ms
[2024-10-12T10:18:31.419+0800][info] GC(161)   Post Evacuate Collection Set: 0.2ms
[2024-10-12T10:18:31.419+0800][info] GC(161)   Other: 0.2ms
[2024-10-12T10:18:31.419+0800][info] GC(161) Eden regions: 5->0(15)
[2024-10-12T10:18:31.419+0800][info] GC(161) Survivor regions: 1->1(1)
[2024-10-12T10:18:31.419+0800][info] GC(161) Old regions: 61->63
[2024-10-12T10:18:31.419+0800][info] GC(161) Archive regions: 2->2
[2024-10-12T10:18:31.419+0800][info] GC(161) Humongous regions: 4->3
[2024-10-12T10:18:31.419+0800][info] GC(161) Metaspace: 1679K(1920K)->1679K(1920K) NonClass: 1554K(1728K)->1554K(1728K) Class: 124K(192K)->124K(192K)
[2024-10-12T10:18:31.419+0800][info] GC(161) Pause Young (Mixed) (G1 Evacuation Pause) 143M->135M(256M) 1.971ms
[2024-10-12T10:18:31.419+0800][info] GC(161) User=0.01s Sys=0.00s Real=0.00s
[2024-10-12T10:18:32.238+0800][info] GC(162) Pause Young (Normal) (G1 Evacuation Pause)
[2024-10-12T10:18:32.238+0800][info] GC(162) Using 6 workers of 48 for evacuation
[2024-10-12T10:18:32.240+0800][info] GC(162)   Pre Evacuate Collection Set: 0.1ms
[2024-10-12T10:18:32.240+0800][info] GC(162)   Merge Heap Roots: 0.1ms
[2024-10-12T10:18:32.240+0800][info] GC(162)   Evacuate Collection Set: 2.2ms
[2024-10-12T10:18:32.240+0800][info] GC(162)   Post Evacuate Collection Set: 0.2ms
[2024-10-12T10:18:32.241+0800][info] GC(162)   Other: 0.2ms
[2024-10-12T10:18:32.241+0800][info] GC(162) Eden regions: 15->0(10)
[2024-10-12T10:18:32.241+0800][info] GC(162) Survivor regions: 1->2(2)
[2024-10-12T10:18:32.241+0800][info] GC(162) Old regions: 63->76
[2024-10-12T10:18:32.241+0800][info] GC(162) Archive regions: 2->2
[2024-10-12T10:18:32.241+0800][info] GC(162) Humongous regions: 3->3
[2024-10-12T10:18:32.241+0800][info] GC(162) Metaspace: 1679K(1920K)->1679K(1920K) NonClass: 1554K(1728K)->1554K(1728K) Class: 124K(192K)->124K(192K)
[2024-10-12T10:18:32.241+0800][info] GC(162) Pause Young (Normal) (G1 Evacuation Pause) 165M->163M(256M) 2.935ms
[2024-10-12T10:18:32.241+0800][info] GC(162) User=0.01s Sys=0.01s Real=0.00s
[2024-10-12T10:18:32.794+0800][info] GC(163) Pause Young (Normal) (G1 Evacuation Pause)
[2024-10-12T10:18:32.794+0800][info] GC(163) Using 6 workers of 48 for evacuation
[2024-10-12T10:18:32.796+0800][info] GC(163)   Pre Evacuate Collection Set: 0.2ms
[2024-10-12T10:18:32.796+0800][info] GC(163)   Merge Heap Roots: 0.1ms
[2024-10-12T10:18:32.796+0800][info] GC(163)   Evacuate Collection Set: 1.6ms
[2024-10-12T10:18:32.796+0800][info] GC(163)   Post Evacuate Collection Set: 0.2ms
[2024-10-12T10:18:32.796+0800][info] GC(163)   Other: 0.3ms
[2024-10-12T10:18:32.796+0800][info] GC(163) Eden regions: 10->0(7)
[2024-10-12T10:18:32.796+0800][info] GC(163) Survivor regions: 2->2(2)
[2024-10-12T10:18:32.796+0800][info] GC(163) Old regions: 76->85
[2024-10-12T10:18:32.796+0800][info] GC(163) Archive regions: 2->2
[2024-10-12T10:18:32.796+0800][info] GC(163) Humongous regions: 3->3
[2024-10-12T10:18:32.796+0800][info] GC(163) Metaspace: 1679K(1920K)->1679K(1920K) NonClass: 1554K(1728K)->1554K(1728K) Class: 124K(192K)->124K(192K)
[2024-10-12T10:18:32.796+0800][info] GC(163) Pause Young (Normal) (G1 Evacuation Pause) 183M->180M(256M) 2.412ms
[2024-10-12T10:18:32.796+0800][info] GC(163) User=0.01s Sys=0.00s Real=0.00s
[2024-10-12T10:18:33.165+0800][info] GC(164) Pause Young (Normal) (G1 Evacuation Pause)
[2024-10-12T10:18:33.165+0800][info] GC(164) Using 6 workers of 48 for evacuation
[2024-10-12T10:18:33.167+0800][info] GC(164)   Pre Evacuate Collection Set: 0.1ms
[2024-10-12T10:18:33.167+0800][info] GC(164)   Merge Heap Roots: 0.1ms
[2024-10-12T10:18:33.167+0800][info] GC(164)   Evacuate Collection Set: 1.4ms
[2024-10-12T10:18:33.167+0800][info] GC(164)   Post Evacuate Collection Set: 0.2ms
[2024-10-12T10:18:33.167+0800][info] GC(164)   Other: 0.3ms
[2024-10-12T10:18:33.167+0800][info] GC(164) Eden regions: 7->0(4)
[2024-10-12T10:18:33.167+0800][info] GC(164) Survivor regions: 2->2(2)
[2024-10-12T10:18:33.167+0800][info] GC(164) Old regions: 85->92
[2024-10-12T10:18:33.167+0800][info] GC(164) Archive regions: 2->2
[2024-10-12T10:18:33.167+0800][info] GC(164) Humongous regions: 3->3
[2024-10-12T10:18:33.167+0800][info] GC(164) Metaspace: 1679K(1920K)->1679K(1920K) NonClass: 1554K(1728K)->1554K(1728K) Class: 124K(192K)->124K(192K)
[2024-10-12T10:18:33.167+0800][info] GC(164) Pause Young (Normal) (G1 Evacuation Pause) 194M->195M(256M) 2.171ms
[2024-10-12T10:18:33.167+0800][info] GC(164) User=0.01s Sys=0.00s Real=0.01s
[2024-10-12T10:18:33.392+0800][info] GC(165) Pause Young (Normal) (G1 Evacuation Pause)
[2024-10-12T10:18:33.392+0800][info] GC(165) Using 6 workers of 48 for evacuation
[2024-10-12T10:18:33.393+0800][info] GC(165)   Pre Evacuate Collection Set: 0.1ms
[2024-10-12T10:18:33.393+0800][info] GC(165)   Merge Heap Roots: 0.1ms
[2024-10-12T10:18:33.393+0800][info] GC(165)   Evacuate Collection Set: 0.9ms
[2024-10-12T10:18:33.393+0800][info] GC(165)   Post Evacuate Collection Set: 0.3ms
[2024-10-12T10:18:33.393+0800][info] GC(165)   Other: 0.2ms
[2024-10-12T10:18:33.393+0800][info] GC(165) Eden regions: 4->0(5)
[2024-10-12T10:18:33.393+0800][info] GC(165) Survivor regions: 2->1(1)
[2024-10-12T10:18:33.394+0800][info] GC(165) Old regions: 92->96
[2024-10-12T10:18:33.394+0800][info] GC(165) Archive regions: 2->2
[2024-10-12T10:18:33.394+0800][info] GC(165) Humongous regions: 3->3
[2024-10-12T10:18:33.394+0800][info] GC(165) Metaspace: 1679K(1920K)->1679K(1920K) NonClass: 1554K(1728K)->1554K(1728K) Class: 124K(192K)->124K(192K)
[2024-10-12T10:18:33.394+0800][info] GC(165) Pause Young (Normal) (G1 Evacuation Pause) 203M->201M(256M) 1.703ms
[2024-10-12T10:18:33.394+0800][info] GC(165) User=0.01s Sys=0.00s Real=0.01s
[2024-10-12T10:18:33.660+0800][info] GC(166) Pause Young (Normal) (G1 Evacuation Pause)
[2024-10-12T10:18:33.660+0800][info] GC(166) Using 6 workers of 48 for evacuation
[2024-10-12T10:18:33.662+0800][info] GC(166)   Pre Evacuate Collection Set: 0.1ms
[2024-10-12T10:18:33.662+0800][info] GC(166)   Merge Heap Roots: 0.1ms
[2024-10-12T10:18:33.662+0800][info] GC(166)   Evacuate Collection Set: 0.9ms
[2024-10-12T10:18:33.662+0800][info] GC(166)   Post Evacuate Collection Set: 0.2ms
[2024-10-12T10:18:33.662+0800][info] GC(166)   Other: 0.2ms
[2024-10-12T10:18:33.662+0800][info] GC(166) Eden regions: 5->0(5)
[2024-10-12T10:18:33.662+0800][info] GC(166) Survivor regions: 1->1(1)
[2024-10-12T10:18:33.662+0800][info] GC(166) Old regions: 96->101
[2024-10-12T10:18:33.662+0800][info] GC(166) Archive regions: 2->2
[2024-10-12T10:18:33.662+0800][info] GC(166) Humongous regions: 4->3
[2024-10-12T10:18:33.662+0800][info] GC(166) Metaspace: 1679K(1920K)->1679K(1920K) NonClass: 1554K(1728K)->1554K(1728K) Class: 124K(192K)->124K(192K)
[2024-10-12T10:18:33.662+0800][info] GC(166) Pause Young (Normal) (G1 Evacuation Pause) 213M->210M(256M) 1.581ms
[2024-10-12T10:18:33.662+0800][info] GC(166) User=0.00s Sys=0.00s Real=0.00s
[2024-10-12T10:18:33.927+0800][info] GC(167) Pause Young (Concurrent Start) (G1 Evacuation Pause)
[2024-10-12T10:18:33.927+0800][info] GC(167) Using 6 workers of 48 for evacuation
[2024-10-12T10:18:33.929+0800][info] GC(167)   Pre Evacuate Collection Set: 0.1ms
[2024-10-12T10:18:33.929+0800][info] GC(167)   Merge Heap Roots: 0.1ms
[2024-10-12T10:18:33.929+0800][info] GC(167)   Evacuate Collection Set: 1.2ms
[2024-10-12T10:18:33.929+0800][info] GC(167)   Post Evacuate Collection Set: 0.2ms
[2024-10-12T10:18:33.929+0800][info] GC(167)   Other: 0.4ms
[2024-10-12T10:18:33.929+0800][info] GC(167) Eden regions: 5->0(5)
[2024-10-12T10:18:33.929+0800][info] GC(167) Survivor regions: 1->1(1)
[2024-10-12T10:18:33.929+0800][info] GC(167) Old regions: 101->106
[2024-10-12T10:18:33.929+0800][info] GC(167) Archive regions: 2->2
[2024-10-12T10:18:33.929+0800][info] GC(167) Humongous regions: 3->3
[2024-10-12T10:18:33.929+0800][info] GC(167) Metaspace: 1679K(1920K)->1679K(1920K) NonClass: 1554K(1728K)->1554K(1728K) Class: 124K(192K)->124K(192K)
[2024-10-12T10:18:33.929+0800][info] GC(167) Pause Young (Concurrent Start) (G1 Evacuation Pause) 220M->220M(256M) 2.141ms
[2024-10-12T10:18:33.929+0800][info] GC(167) User=0.00s Sys=0.00s Real=0.00s
[2024-10-12T10:18:33.929+0800][info] GC(168) Concurrent Mark Cycle
[2024-10-12T10:18:33.929+0800][info] GC(168) Concurrent Clear Claimed Marks
[2024-10-12T10:18:33.929+0800][info] GC(168) Concurrent Clear Claimed Marks 0.017ms
[2024-10-12T10:18:33.929+0800][info] GC(168) Concurrent Scan Root Regions
[2024-10-12T10:18:33.929+0800][info] GC(168) Concurrent Scan Root Regions 0.099ms
[2024-10-12T10:18:33.929+0800][info] GC(168) Concurrent Mark
[2024-10-12T10:18:33.929+0800][info] GC(168) Concurrent Mark From Roots
[2024-10-12T10:18:33.929+0800][info] GC(168) Using 12 workers of 12 for marking
[2024-10-12T10:18:33.933+0800][info] GC(168) Concurrent Mark From Roots 3.811ms
[2024-10-12T10:18:33.933+0800][info] GC(168) Concurrent Preclean
[2024-10-12T10:18:33.935+0800][info] GC(168) Concurrent Preclean 1.675ms
[2024-10-12T10:18:33.935+0800][info] GC(168) Pause Remark
[2024-10-12T10:18:33.936+0800][info] GC(168) Pause Remark 220M->162M(256M) 1.287ms
[2024-10-12T10:18:33.936+0800][info] GC(168) User=0.00s Sys=0.00s Real=0.00s
[2024-10-12T10:18:33.936+0800][info] GC(168) Concurrent Mark 7.000ms
[2024-10-12T10:18:33.936+0800][info] GC(168) Concurrent Rebuild Remembered Sets
[2024-10-12T10:18:33.938+0800][info] GC(168) Concurrent Rebuild Remembered Sets 1.349ms
[2024-10-12T10:18:33.938+0800][info] GC(168) Pause Cleanup
[2024-10-12T10:18:33.938+0800][info] GC(168) Pause Cleanup 162M->162M(256M) 0.309ms
[2024-10-12T10:18:33.938+0800][info] GC(168) User=0.00s Sys=0.00s Real=0.00s
[2024-10-12T10:18:33.938+0800][info] GC(168) Concurrent Cleanup for Next Mark
[2024-10-12T10:18:33.939+0800][info] GC(168) Concurrent Cleanup for Next Mark 0.448ms
[2024-10-12T10:18:33.939+0800][info] GC(168) Concurrent Mark Cycle 9.565ms
[2024-10-12T10:18:34.246+0800][info] GC(169) Pause Young (Prepare Mixed) (G1 Evacuation Pause)
[2024-10-12T10:18:34.246+0800][info] GC(169) Using 6 workers of 48 for evacuation
[2024-10-12T10:18:34.247+0800][info] GC(169)   Pre Evacuate Collection Set: 0.1ms
[2024-10-12T10:18:34.247+0800][info] GC(169)   Merge Heap Roots: 0.1ms
[2024-10-12T10:18:34.247+0800][info] GC(169)   Evacuate Collection Set: 0.9ms
[2024-10-12T10:18:34.247+0800][info] GC(169)   Post Evacuate Collection Set: 0.2ms
[2024-10-12T10:18:34.247+0800][info] GC(169)   Other: 0.2ms
[2024-10-12T10:18:34.247+0800][info] GC(169) Eden regions: 5->0(5)
[2024-10-12T10:18:34.247+0800][info] GC(169) Survivor regions: 1->1(1)
[2024-10-12T10:18:34.247+0800][info] GC(169) Old regions: 77->82
[2024-10-12T10:18:34.247+0800][info] GC(169) Archive regions: 2->2
[2024-10-12T10:18:34.247+0800][info] GC(169) Humongous regions: 3->3
[2024-10-12T10:18:34.247+0800][info] GC(169) Metaspace: 1679K(1920K)->1679K(1920K) NonClass: 1554K(1728K)->1554K(1728K) Class: 124K(192K)->124K(192K)
[2024-10-12T10:18:34.247+0800][info] GC(169) Pause Young (Prepare Mixed) (G1 Evacuation Pause) 171M->172M(256M) 1.543ms
[2024-10-12T10:18:34.247+0800][info] GC(169) User=0.01s Sys=0.00s Real=0.00s
[2024-10-12T10:18:34.513+0800][info] GC(170) Pause Young (Mixed) (G1 Evacuation Pause)
[2024-10-12T10:18:34.513+0800][info] GC(170) Using 6 workers of 48 for evacuation
[2024-10-12T10:18:34.514+0800][info] GC(170)   Pre Evacuate Collection Set: 0.2ms
[2024-10-12T10:18:34.514+0800][info] GC(170)   Merge Heap Roots: 0.1ms
[2024-10-12T10:18:34.514+0800][info] GC(170)   Evacuate Collection Set: 1.1ms
[2024-10-12T10:18:34.514+0800][info] GC(170)   Post Evacuate Collection Set: 0.2ms
[2024-10-12T10:18:34.514+0800][info] GC(170)   Other: 0.2ms
[2024-10-12T10:18:34.514+0800][info] GC(170) Eden regions: 5->0(5)
[2024-10-12T10:18:34.514+0800][info] GC(170) Survivor regions: 1->1(1)
[2024-10-12T10:18:34.514+0800][info] GC(170) Old regions: 82->73
[2024-10-12T10:18:34.514+0800][info] GC(170) Archive regions: 2->2
[2024-10-12T10:18:34.514+0800][info] GC(170) Humongous regions: 3->3
[2024-10-12T10:18:34.514+0800][info] GC(170) Metaspace: 1679K(1920K)->1679K(1920K) NonClass: 1554K(1728K)->1554K(1728K) Class: 124K(192K)->124K(192K)
[2024-10-12T10:18:34.515+0800][info] GC(170) Pause Young (Mixed) (G1 Evacuation Pause) 181M->155M(256M) 1.879ms
[2024-10-12T10:18:34.515+0800][info] GC(170) User=0.00s Sys=0.00s Real=0.01s
[2024-10-12T10:18:34.779+0800][info] GC(171) Pause Young (Mixed) (G1 Evacuation Pause)
[2024-10-12T10:18:34.779+0800][info] GC(171) Using 6 workers of 48 for evacuation
[2024-10-12T10:18:34.781+0800][info] GC(171)   Pre Evacuate Collection Set: 0.2ms
[2024-10-12T10:18:34.781+0800][info] GC(171)   Merge Heap Roots: 0.1ms
[2024-10-12T10:18:34.781+0800][info] GC(171)   Evacuate Collection Set: 1.3ms
[2024-10-12T10:18:34.781+0800][info] GC(171)   Post Evacuate Collection Set: 0.3ms
[2024-10-12T10:18:34.781+0800][info] GC(171)   Other: 0.2ms
[2024-10-12T10:18:34.781+0800][info] GC(171) Eden regions: 5->0(5)
[2024-10-12T10:18:34.781+0800][info] GC(171) Survivor regions: 1->1(1)
[2024-10-12T10:18:34.781+0800][info] GC(171) Old regions: 73->67
[2024-10-12T10:18:34.781+0800][info] GC(171) Archive regions: 2->2
[2024-10-12T10:18:34.781+0800][info] GC(171) Humongous regions: 3->3
[2024-10-12T10:18:34.781+0800][info] GC(171) Metaspace: 1679K(1920K)->1679K(1920K) NonClass: 1554K(1728K)->1554K(1728K) Class: 124K(192K)->124K(192K)
[2024-10-12T10:18:34.781+0800][info] GC(171) Pause Young (Mixed) (G1 Evacuation Pause) 165M->142M(256M) 2.066ms
[2024-10-12T10:18:34.782+0800][info] GC(171) User=0.00s Sys=0.00s Real=0.00s
[2024-10-12T10:18:35.046+0800][info] GC(172) Pause Young (Mixed) (G1 Evacuation Pause)
[2024-10-12T10:18:35.046+0800][info] GC(172) Using 6 workers of 48 for evacuation
[2024-10-12T10:18:35.048+0800][info] GC(172)   Pre Evacuate Collection Set: 0.2ms
[2024-10-12T10:18:35.048+0800][info] GC(172)   Merge Heap Roots: 0.1ms
[2024-10-12T10:18:35.048+0800][info] GC(172)   Evacuate Collection Set: 1.2ms
[2024-10-12T10:18:35.048+0800][info] GC(172)   Post Evacuate Collection Set: 0.2ms
[2024-10-12T10:18:35.048+0800][info] GC(172)   Other: 0.2ms
[2024-10-12T10:18:35.048+0800][info] GC(172) Eden regions: 5->0(5)
[2024-10-12T10:18:35.048+0800][info] GC(172) Survivor regions: 1->1(1)
[2024-10-12T10:18:35.048+0800][info] GC(172) Old regions: 67->61
[2024-10-12T10:18:35.048+0800][info] GC(172) Archive regions: 2->2
[2024-10-12T10:18:35.048+0800][info] GC(172) Humongous regions: 3->3
[2024-10-12T10:18:35.048+0800][info] GC(172) Metaspace: 1679K(1920K)->1679K(1920K) NonClass: 1554K(1728K)->1554K(1728K) Class: 124K(192K)->124K(192K)
[2024-10-12T10:18:35.048+0800][info] GC(172) Pause Young (Mixed) (G1 Evacuation Pause) 152M->131M(256M) 1.977ms
[2024-10-12T10:18:35.048+0800][info] GC(172) User=0.01s Sys=0.00s Real=0.00s
[2024-10-12T10:18:35.314+0800][info] GC(173) Pause Young (Mixed) (G1 Evacuation Pause)
[2024-10-12T10:18:35.314+0800][info] GC(173) Using 6 workers of 48 for evacuation
[2024-10-12T10:18:35.316+0800][info] GC(173)   Pre Evacuate Collection Set: 0.2ms
[2024-10-12T10:18:35.316+0800][info] GC(173)   Merge Heap Roots: 0.1ms
[2024-10-12T10:18:35.316+0800][info] GC(173)   Evacuate Collection Set: 1.3ms
[2024-10-12T10:18:35.316+0800][info] GC(173)   Post Evacuate Collection Set: 0.2ms
[2024-10-12T10:18:35.316+0800][info] GC(173)   Other: 0.2ms
[2024-10-12T10:18:35.316+0800][info] GC(173) Eden regions: 5->0(15)
[2024-10-12T10:18:35.316+0800][info] GC(173) Survivor regions: 1->1(1)
[2024-10-12T10:18:35.316+0800][info] GC(173) Old regions: 61->62
[2024-10-12T10:18:35.316+0800][info] GC(173) Archive regions: 2->2
[2024-10-12T10:18:35.316+0800][info] GC(173) Humongous regions: 3->3
[2024-10-12T10:18:35.316+0800][info] GC(173) Metaspace: 1679K(1920K)->1679K(1920K) NonClass: 1554K(1728K)->1554K(1728K) Class: 124K(192K)->124K(192K)
[2024-10-12T10:18:35.316+0800][info] GC(173) Pause Young (Mixed) (G1 Evacuation Pause) 141M->132M(256M) 2.102ms
[2024-10-12T10:18:35.316+0800][info] GC(173) User=0.00s Sys=0.00s Real=0.00s
[2024-10-12T10:18:36.133+0800][info] GC(174) Pause Young (Normal) (G1 Evacuation Pause)
[2024-10-12T10:18:36.133+0800][info] GC(174) Using 6 workers of 48 for evacuation
[2024-10-12T10:18:36.136+0800][info] GC(174)   Pre Evacuate Collection Set: 0.1ms
[2024-10-12T10:18:36.136+0800][info] GC(174)   Merge Heap Roots: 0.1ms
[2024-10-12T10:18:36.136+0800][info] GC(174)   Evacuate Collection Set: 2.1ms
[2024-10-12T10:18:36.136+0800][info] GC(174)   Post Evacuate Collection Set: 0.2ms
[2024-10-12T10:18:36.136+0800][info] GC(174)   Other: 0.3ms
[2024-10-12T10:18:36.136+0800][info] GC(174) Eden regions: 15->0(11)
[2024-10-12T10:18:36.136+0800][info] GC(174) Survivor regions: 1->2(2)
[2024-10-12T10:18:36.136+0800][info] GC(174) Old regions: 62->74
[2024-10-12T10:18:36.136+0800][info] GC(174) Archive regions: 2->2
[2024-10-12T10:18:36.136+0800][info] GC(174) Humongous regions: 4->3
[2024-10-12T10:18:36.136+0800][info] GC(174) Metaspace: 1679K(1920K)->1679K(1920K) NonClass: 1554K(1728K)->1554K(1728K) Class: 124K(192K)->124K(192K)
[2024-10-12T10:18:36.136+0800][info] GC(174) Pause Young (Normal) (G1 Evacuation Pause) 164M->159M(256M) 2.817ms
[2024-10-12T10:18:36.136+0800][info] GC(174) User=0.00s Sys=0.00s Real=0.01s
[2024-10-12T10:18:36.728+0800][info] GC(175) Pause Young (Normal) (G1 Evacuation Pause)
[2024-10-12T10:18:36.728+0800][info] GC(175) Using 6 workers of 48 for evacuation
[2024-10-12T10:18:36.730+0800][info] GC(175)   Pre Evacuate Collection Set: 0.1ms
[2024-10-12T10:18:36.731+0800][info] GC(175)   Merge Heap Roots: 0.1ms
[2024-10-12T10:18:36.731+0800][info] GC(175)   Evacuate Collection Set: 1.9ms
[2024-10-12T10:18:36.731+0800][info] GC(175)   Post Evacuate Collection Set: 0.2ms
[2024-10-12T10:18:36.731+0800][info] GC(175)   Other: 0.3ms
[2024-10-12T10:18:36.731+0800][info] GC(175) Eden regions: 11->0(7)
[2024-10-12T10:18:36.731+0800][info] GC(175) Survivor regions: 2->2(2)
[2024-10-12T10:18:36.731+0800][info] GC(175) Old regions: 74->85
[2024-10-12T10:18:36.731+0800][info] GC(175) Archive regions: 2->2
[2024-10-12T10:18:36.731+0800][info] GC(175) Humongous regions: 3->3
[2024-10-12T10:18:36.731+0800][info] GC(175) Metaspace: 1679K(1920K)->1679K(1920K) NonClass: 1554K(1728K)->1554K(1728K) Class: 124K(192K)->124K(192K)
[2024-10-12T10:18:36.731+0800][info] GC(175) Pause Young (Normal) (G1 Evacuation Pause) 181M->181M(256M) 2.711ms
[2024-10-12T10:18:36.731+0800][info] GC(175) User=0.01s Sys=0.00s Real=0.00s
[2024-10-12T10:18:37.098+0800][info] GC(176) Pause Young (Normal) (G1 Evacuation Pause)
[2024-10-12T10:18:37.098+0800][info] GC(176) Using 6 workers of 48 for evacuation
[2024-10-12T10:18:37.100+0800][info] GC(176)   Pre Evacuate Collection Set: 0.1ms
[2024-10-12T10:18:37.100+0800][info] GC(176)   Merge Heap Roots: 0.1ms
[2024-10-12T10:18:37.100+0800][info] GC(176)   Evacuate Collection Set: 1.3ms
[2024-10-12T10:18:37.100+0800][info] GC(176)   Post Evacuate Collection Set: 0.2ms
[2024-10-12T10:18:37.100+0800][info] GC(176)   Other: 0.2ms
[2024-10-12T10:18:37.100+0800][info] GC(176) Eden regions: 7->0(5)
[2024-10-12T10:18:37.100+0800][info] GC(176) Survivor regions: 2->2(2)
[2024-10-12T10:18:37.100+0800][info] GC(176) Old regions: 85->91
[2024-10-12T10:18:37.100+0800][info] GC(176) Archive regions: 2->2
[2024-10-12T10:18:37.100+0800][info] GC(176) Humongous regions: 3->3
[2024-10-12T10:18:37.100+0800][info] GC(176) Metaspace: 1679K(1920K)->1679K(1920K) NonClass: 1554K(1728K)->1554K(1728K) Class: 124K(192K)->124K(192K)
[2024-10-12T10:18:37.100+0800][info] GC(176) Pause Young (Normal) (G1 Evacuation Pause) 194M->193M(256M) 2.016ms
[2024-10-12T10:18:37.100+0800][info] GC(176) User=0.01s Sys=0.00s Real=0.00s
[2024-10-12T10:18:37.366+0800][info] GC(177) Pause Young (Normal) (G1 Evacuation Pause)
[2024-10-12T10:18:37.366+0800][info] GC(177) Using 6 workers of 48 for evacuation
[2024-10-12T10:18:37.368+0800][info] GC(177)   Pre Evacuate Collection Set: 0.1ms
[2024-10-12T10:18:37.368+0800][info] GC(177)   Merge Heap Roots: 0.1ms
[2024-10-12T10:18:37.368+0800][info] GC(177)   Evacuate Collection Set: 1.1ms
[2024-10-12T10:18:37.368+0800][info] GC(177)   Post Evacuate Collection Set: 0.2ms
[2024-10-12T10:18:37.368+0800][info] GC(177)   Other: 0.2ms
[2024-10-12T10:18:37.368+0800][info] GC(177) Eden regions: 5->0(5)
[2024-10-12T10:18:37.368+0800][info] GC(177) Survivor regions: 2->1(1)
[2024-10-12T10:18:37.368+0800][info] GC(177) Old regions: 91->97
[2024-10-12T10:18:37.368+0800][info] GC(177) Archive regions: 2->2
[2024-10-12T10:18:37.368+0800][info] GC(177) Humongous regions: 3->3
[2024-10-12T10:18:37.368+0800][info] GC(177) Metaspace: 1679K(1920K)->1679K(1920K) NonClass: 1554K(1728K)->1554K(1728K) Class: 124K(192K)->124K(192K)
[2024-10-12T10:18:37.368+0800][info] GC(177) Pause Young (Normal) (G1 Evacuation Pause) 203M->202M(256M) 1.794ms
[2024-10-12T10:18:37.368+0800][info] GC(177) User=0.00s Sys=0.00s Real=0.00s
[2024-10-12T10:18:37.551+0800][info] GC(178) Pause Young (Concurrent Start) (G1 Humongous Allocation)
[2024-10-12T10:18:37.551+0800][info] GC(178) Using 6 workers of 48 for evacuation
[2024-10-12T10:18:37.552+0800][info] GC(178)   Pre Evacuate Collection Set: 0.1ms
[2024-10-12T10:18:37.552+0800][info] GC(178)   Merge Heap Roots: 0.1ms
[2024-10-12T10:18:37.552+0800][info] GC(178)   Evacuate Collection Set: 0.7ms
[2024-10-12T10:18:37.552+0800][info] GC(178)   Post Evacuate Collection Set: 0.2ms
[2024-10-12T10:18:37.552+0800][info] GC(178)   Other: 0.4ms
[2024-10-12T10:18:37.552+0800][info] GC(178) Eden regions: 4->0(5)
[2024-10-12T10:18:37.552+0800][info] GC(178) Survivor regions: 1->1(1)
[2024-10-12T10:18:37.552+0800][info] GC(178) Old regions: 97->101
[2024-10-12T10:18:37.552+0800][info] GC(178) Archive regions: 2->2
[2024-10-12T10:18:37.552+0800][info] GC(178) Humongous regions: 3->3
[2024-10-12T10:18:37.552+0800][info] GC(178) Metaspace: 1679K(1920K)->1679K(1920K) NonClass: 1554K(1728K)->1554K(1728K) Class: 124K(192K)->124K(192K)
[2024-10-12T10:18:37.552+0800][info] GC(178) Pause Young (Concurrent Start) (G1 Humongous Allocation) 209M->210M(256M) 1.522ms
[2024-10-12T10:18:37.553+0800][info] GC(178) User=0.00s Sys=0.00s Real=0.00s
[2024-10-12T10:18:37.553+0800][info] GC(179) Concurrent Mark Cycle
[2024-10-12T10:18:37.553+0800][info] GC(179) Concurrent Clear Claimed Marks
[2024-10-12T10:18:37.553+0800][info] GC(179) Concurrent Clear Claimed Marks 0.017ms
[2024-10-12T10:18:37.553+0800][info] GC(179) Concurrent Scan Root Regions
[2024-10-12T10:18:37.553+0800][info] GC(179) Concurrent Scan Root Regions 0.093ms
[2024-10-12T10:18:37.553+0800][info] GC(179) Concurrent Mark
[2024-10-12T10:18:37.553+0800][info] GC(179) Concurrent Mark From Roots
[2024-10-12T10:18:37.553+0800][info] GC(179) Using 12 workers of 12 for marking
[2024-10-12T10:18:37.556+0800][info] GC(179) Concurrent Mark From Roots 3.656ms
[2024-10-12T10:18:37.557+0800][info] GC(179) Concurrent Preclean
[2024-10-12T10:18:37.558+0800][info] GC(179) Concurrent Preclean 1.678ms
[2024-10-12T10:18:37.558+0800][info] GC(179) Pause Remark
[2024-10-12T10:18:37.560+0800][info] GC(179) Pause Remark 212M->158M(256M) 1.280ms
[2024-10-12T10:18:37.560+0800][info] GC(179) User=0.00s Sys=0.00s Real=0.00s
[2024-10-12T10:18:37.560+0800][info] GC(179) Concurrent Mark 6.845ms
[2024-10-12T10:18:37.560+0800][info] GC(179) Concurrent Rebuild Remembered Sets
[2024-10-12T10:18:37.561+0800][info] GC(179) Concurrent Rebuild Remembered Sets 1.151ms
[2024-10-12T10:18:37.561+0800][info] GC(179) Pause Cleanup
[2024-10-12T10:18:37.561+0800][info] GC(179) Pause Cleanup 158M->158M(256M) 0.255ms
[2024-10-12T10:18:37.561+0800][info] GC(179) User=0.00s Sys=0.00s Real=0.00s
[2024-10-12T10:18:37.561+0800][info] GC(179) Concurrent Cleanup for Next Mark
[2024-10-12T10:18:37.562+0800][info] GC(179) Concurrent Cleanup for Next Mark 0.407ms
[2024-10-12T10:18:37.562+0800][info] GC(179) Concurrent Mark Cycle 9.110ms
[2024-10-12T10:18:37.890+0800][info] GC(180) Pause Young (Prepare Mixed) (G1 Evacuation Pause)
[2024-10-12T10:18:37.890+0800][info] GC(180) Using 6 workers of 48 for evacuation
[2024-10-12T10:18:37.892+0800][info] GC(180)   Pre Evacuate Collection Set: 0.1ms
[2024-10-12T10:18:37.892+0800][info] GC(180)   Merge Heap Roots: 0.1ms
[2024-10-12T10:18:37.892+0800][info] GC(180)   Evacuate Collection Set: 0.9ms
[2024-10-12T10:18:37.892+0800][info] GC(180)   Post Evacuate Collection Set: 0.2ms
[2024-10-12T10:18:37.892+0800][info] GC(180)   Other: 0.2ms
[2024-10-12T10:18:37.892+0800][info] GC(180) Eden regions: 5->0(5)
[2024-10-12T10:18:37.892+0800][info] GC(180) Survivor regions: 1->1(1)
[2024-10-12T10:18:37.892+0800][info] GC(180) Old regions: 74->78
[2024-10-12T10:18:37.892+0800][info] GC(180) Archive regions: 2->2
[2024-10-12T10:18:37.892+0800][info] GC(180) Humongous regions: 4->3
[2024-10-12T10:18:37.892+0800][info] GC(180) Metaspace: 1679K(1920K)->1679K(1920K) NonClass: 1554K(1728K)->1554K(1728K) Class: 124K(192K)->124K(192K)
[2024-10-12T10:18:37.892+0800][info] GC(180) Pause Young (Prepare Mixed) (G1 Evacuation Pause) 167M->165M(256M) 1.609ms
[2024-10-12T10:18:37.892+0800][info] GC(180) User=0.00s Sys=0.00s Real=0.00s
[2024-10-12T10:18:38.157+0800][info] GC(181) Pause Young (Mixed) (G1 Evacuation Pause)
[2024-10-12T10:18:38.157+0800][info] GC(181) Using 6 workers of 48 for evacuation
[2024-10-12T10:18:38.158+0800][info] GC(181)   Pre Evacuate Collection Set: 0.2ms
[2024-10-12T10:18:38.158+0800][info] GC(181)   Merge Heap Roots: 0.1ms
[2024-10-12T10:18:38.158+0800][info] GC(181)   Evacuate Collection Set: 0.9ms
[2024-10-12T10:18:38.158+0800][info] GC(181)   Post Evacuate Collection Set: 0.2ms
[2024-10-12T10:18:38.158+0800][info] GC(181)   Other: 0.2ms
[2024-10-12T10:18:38.158+0800][info] GC(181) Eden regions: 5->0(5)
[2024-10-12T10:18:38.158+0800][info] GC(181) Survivor regions: 1->1(1)
[2024-10-12T10:18:38.158+0800][info] GC(181) Old regions: 78->71
[2024-10-12T10:18:38.158+0800][info] GC(181) Archive regions: 2->2
[2024-10-12T10:18:38.158+0800][info] GC(181) Humongous regions: 3->3
[2024-10-12T10:18:38.158+0800][info] GC(181) Metaspace: 1679K(1920K)->1679K(1920K) NonClass: 1554K(1728K)->1554K(1728K) Class: 124K(192K)->124K(192K)
[2024-10-12T10:18:38.159+0800][info] GC(181) Pause Young (Mixed) (G1 Evacuation Pause) 175M->150M(256M) 1.760ms
[2024-10-12T10:18:38.159+0800][info] GC(181) User=0.00s Sys=0.01s Real=0.00s
[2024-10-12T10:18:38.423+0800][info] GC(182) Pause Young (Mixed) (G1 Evacuation Pause)
[2024-10-12T10:18:38.423+0800][info] GC(182) Using 6 workers of 48 for evacuation
[2024-10-12T10:18:38.425+0800][info] GC(182)   Pre Evacuate Collection Set: 0.2ms
[2024-10-12T10:18:38.425+0800][info] GC(182)   Merge Heap Roots: 0.1ms
[2024-10-12T10:18:38.425+0800][info] GC(182)   Evacuate Collection Set: 1.3ms
[2024-10-12T10:18:38.425+0800][info] GC(182)   Post Evacuate Collection Set: 0.3ms
[2024-10-12T10:18:38.425+0800][info] GC(182)   Other: 0.2ms
[2024-10-12T10:18:38.425+0800][info] GC(182) Eden regions: 5->0(5)
[2024-10-12T10:18:38.425+0800][info] GC(182) Survivor regions: 1->1(1)
[2024-10-12T10:18:38.425+0800][info] GC(182) Old regions: 71->65
[2024-10-12T10:18:38.425+0800][info] GC(182) Archive regions: 2->2
[2024-10-12T10:18:38.425+0800][info] GC(182) Humongous regions: 3->3
[2024-10-12T10:18:38.425+0800][info] GC(182) Metaspace: 1679K(1920K)->1679K(1920K) NonClass: 1554K(1728K)->1554K(1728K) Class: 124K(192K)->124K(192K)
[2024-10-12T10:18:38.425+0800][info] GC(182) Pause Young (Mixed) (G1 Evacuation Pause) 159M->139M(256M) 2.076ms
[2024-10-12T10:18:38.425+0800][info] GC(182) User=0.01s Sys=0.00s Real=0.01s
[2024-10-12T10:18:38.691+0800][info] GC(183) Pause Young (Mixed) (G1 Evacuation Pause)
[2024-10-12T10:18:38.691+0800][info] GC(183) Using 6 workers of 48 for evacuation
[2024-10-12T10:18:38.693+0800][info] GC(183)   Pre Evacuate Collection Set: 0.2ms
[2024-10-12T10:18:38.693+0800][info] GC(183)   Merge Heap Roots: 0.1ms
[2024-10-12T10:18:38.693+0800][info] GC(183)   Evacuate Collection Set: 1.6ms
[2024-10-12T10:18:38.693+0800][info] GC(183)   Post Evacuate Collection Set: 0.2ms
[2024-10-12T10:18:38.693+0800][info] GC(183)   Other: 0.2ms
[2024-10-12T10:18:38.693+0800][info] GC(183) Eden regions: 5->0(5)
[2024-10-12T10:18:38.693+0800][info] GC(183) Survivor regions: 1->1(1)
[2024-10-12T10:18:38.693+0800][info] GC(183) Old regions: 65->61
[2024-10-12T10:18:38.693+0800][info] GC(183) Archive regions: 2->2
[2024-10-12T10:18:38.693+0800][info] GC(183) Humongous regions: 3->3
[2024-10-12T10:18:38.693+0800][info] GC(183) Metaspace: 1679K(1920K)->1679K(1920K) NonClass: 1554K(1728K)->1554K(1728K) Class: 124K(192K)->124K(192K)
[2024-10-12T10:18:38.693+0800][info] GC(183) Pause Young (Mixed) (G1 Evacuation Pause) 149M->131M(256M) 2.509ms
[2024-10-12T10:18:38.693+0800][info] GC(183) User=0.01s Sys=0.00s Real=0.01s
[2024-10-12T10:18:38.958+0800][info] GC(184) Pause Young (Mixed) (G1 Evacuation Pause)
[2024-10-12T10:18:38.958+0800][info] GC(184) Using 6 workers of 48 for evacuation
[2024-10-12T10:18:38.960+0800][info] GC(184)   Pre Evacuate Collection Set: 0.2ms
[2024-10-12T10:18:38.960+0800][info] GC(184)   Merge Heap Roots: 0.1ms
[2024-10-12T10:18:38.960+0800][info] GC(184)   Evacuate Collection Set: 1.1ms
[2024-10-12T10:18:38.960+0800][info] GC(184)   Post Evacuate Collection Set: 0.2ms
[2024-10-12T10:18:38.960+0800][info] GC(184)   Other: 0.2ms
[2024-10-12T10:18:38.960+0800][info] GC(184) Eden regions: 5->0(14)
[2024-10-12T10:18:38.960+0800][info] GC(184) Survivor regions: 1->1(1)
[2024-10-12T10:18:38.960+0800][info] GC(184) Old regions: 61->65
[2024-10-12T10:18:38.960+0800][info] GC(184) Archive regions: 2->2
[2024-10-12T10:18:38.960+0800][info] GC(184) Humongous regions: 3->3
[2024-10-12T10:18:38.960+0800][info] GC(184) Metaspace: 1679K(1920K)->1679K(1920K) NonClass: 1554K(1728K)->1554K(1728K) Class: 124K(192K)->124K(192K)
[2024-10-12T10:18:38.960+0800][info] GC(184) Pause Young (Mixed) (G1 Evacuation Pause) 140M->138M(256M) 1.806ms
[2024-10-12T10:18:38.960+0800][info] GC(184) User=0.00s Sys=0.00s Real=0.00s
[2024-10-12T10:18:39.655+0800][info] Heap
[2024-10-12T10:18:39.655+0800][info]  garbage-first heap   total 262144K, used 167401K [0x00000000f0000000, 0x0000000100000000)
[2024-10-12T10:18:39.655+0800][info]   region size 2048K, 14 young (28672K), 1 survivors (2048K)
[2024-10-12T10:18:39.655+0800][info]  Metaspace       used 1679K, committed 1920K, reserved 1114112K
[2024-10-12T10:18:39.655+0800][info]   class space    used 124K, committed 192K, reserved 1048576K
