[2024-10-12T11:36:15.004+0800][debug][gc,ergo,cset] GC(9) Pruned 6 regions out of 24, leaving 5930608 bytes waste (allowed 6710886)
[2024-10-12T11:36:15.433+0800][debug][gc,ergo,cset] GC(11) Start adding old regions to collection set. Min 3 regions, max 7 regions, time remaining 40.44ms, optional threshold 8.09ms
[2024-10-12T11:36:15.433+0800][debug][gc,ergo,cset] GC(11) Finish adding old regions to collection set (Maximum number of regions). Initial 7 regions, optional 0 regions
[2024-10-12T11:36:15.433+0800][debug][gc,ergo,cset] GC(11) Finish choosing collection set old regions. Initial: 7, optional: 0, predicted old time: 0.00ms, predicted optional time: 0.00ms, time remaining: 32.38
[2024-10-12T11:36:15.540+0800][debug][gc,ergo,cset] GC(12) Start adding old regions to collection set. Min 3 regions, max 7 regions, time remaining 41.88ms, optional threshold 8.38ms
[2024-10-12T11:36:15.540+0800][debug][gc,ergo,cset] GC(12) Finish adding old regions to collection set (Maximum number of regions). Initial 7 regions, optional 0 regions
[2024-10-12T11:36:15.541+0800][debug][gc,ergo,cset] GC(12) Finish choosing collection set old regions. Initial: 7, optional: 0, predicted old time: 0.00ms, predicted optional time: 0.00ms, time remaining: 33.07
[2024-10-12T11:36:15.648+0800][debug][gc,ergo,cset] GC(13) Start adding old regions to collection set. Min 3 regions, max 7 regions, time remaining 43.29ms, optional threshold 8.66ms
[2024-10-12T11:36:15.648+0800][debug][gc,ergo,cset] GC(13) Old candidate collection set empty.
[2024-10-12T11:36:15.648+0800][debug][gc,ergo,cset] GC(13) Finish choosing collection set old regions. Initial: 4, optional: 0, predicted old time: 0.00ms, predicted optional time: 0.00ms, time remaining: 38.42
[2024-10-12T11:36:15.974+0800][debug][gc,ergo,cset] GC(15) Pruned 9 regions out of 23, leaving 6073400 bytes waste (allowed 6710886)
[2024-10-12T11:36:16.391+0800][debug][gc,ergo,cset] GC(17) Start adding old regions to collection set. Min 2 regions, max 7 regions, time remaining 46.05ms, optional threshold 9.21ms
[2024-10-12T11:36:16.391+0800][debug][gc,ergo,cset] GC(17) Finish adding old regions to collection set (Maximum number of regions). Initial 7 regions, optional 0 regions
[2024-10-12T11:36:16.391+0800][debug][gc,ergo,cset] GC(17) Finish choosing collection set old regions. Initial: 7, optional: 0, predicted old time: 0.00ms, predicted optional time: 0.00ms, time remaining: 42.66
[2024-10-12T11:36:16.500+0800][debug][gc,ergo,cset] GC(18) Start adding old regions to collection set. Min 2 regions, max 7 regions, time remaining 46.04ms, optional threshold 9.21ms
[2024-10-12T11:36:16.500+0800][debug][gc,ergo,cset] GC(18) Old candidate collection set empty.
[2024-10-12T11:36:16.500+0800][debug][gc,ergo,cset] GC(18) Finish choosing collection set old regions. Initial: 7, optional: 0, predicted old time: 0.00ms, predicted optional time: 0.00ms, time remaining: 40.35
[2024-10-12T11:36:16.783+0800][debug][gc,ergo,cset] GC(20) Pruned 11 regions out of 24, leaving 6700328 bytes waste (allowed 6710886)
[2024-10-12T11:36:17.095+0800][debug][gc,ergo,cset] GC(22) Start adding old regions to collection set. Min 2 regions, max 7 regions, time remaining 47.39ms, optional threshold 9.48ms
[2024-10-12T11:36:17.095+0800][debug][gc,ergo,cset] GC(22) Finish adding old regions to collection set (Maximum number of regions). Initial 7 regions, optional 0 regions
[2024-10-12T11:36:17.095+0800][debug][gc,ergo,cset] GC(22) Finish choosing collection set old regions. Initial: 7, optional: 0, predicted old time: 0.00ms, predicted optional time: 0.00ms, time remaining: 43.88
[2024-10-12T11:36:17.204+0800][debug][gc,ergo,cset] GC(23) Start adding old regions to collection set. Min 2 regions, max 7 regions, time remaining 47.25ms, optional threshold 9.45ms
[2024-10-12T11:36:17.204+0800][debug][gc,ergo,cset] GC(23) Old candidate collection set empty.
[2024-10-12T11:36:17.204+0800][debug][gc,ergo,cset] GC(23) Finish choosing collection set old regions. Initial: 6, optional: 0, predicted old time: 0.00ms, predicted optional time: 0.00ms, time remaining: 43.38
[2024-10-12T11:36:17.594+0800][debug][gc,ergo,cset] GC(27) Pruned 10 regions out of 35, leaving 6165128 bytes waste (allowed 6710886)
[2024-10-12T11:36:17.844+0800][debug][gc,ergo,cset] GC(29) Start adding old regions to collection set. Min 4 regions, max 8 regions, time remaining 47.97ms, optional threshold 9.59ms
[2024-10-12T11:36:17.844+0800][debug][gc,ergo,cset] GC(29) Finish adding old regions to collection set (Maximum number of regions). Initial 8 regions, optional 0 regions
[2024-10-12T11:36:17.844+0800][debug][gc,ergo,cset] GC(29) Finish choosing collection set old regions. Initial: 8, optional: 0, predicted old time: 0.00ms, predicted optional time: 0.00ms, time remaining: 45.49
[2024-10-12T11:36:17.949+0800][debug][gc,ergo,cset] GC(30) Start adding old regions to collection set. Min 4 regions, max 8 regions, time remaining 48.16ms, optional threshold 9.63ms
[2024-10-12T11:36:17.949+0800][debug][gc,ergo,cset] GC(30) Finish adding old regions to collection set (Maximum number of regions). Initial 8 regions, optional 0 regions
[2024-10-12T11:36:17.949+0800][debug][gc,ergo,cset] GC(30) Finish choosing collection set old regions. Initial: 8, optional: 0, predicted old time: 0.00ms, predicted optional time: 0.00ms, time remaining: 45.13
[2024-10-12T11:36:18.055+0800][debug][gc,ergo,cset] GC(31) Start adding old regions to collection set. Min 4 regions, max 8 regions, time remaining 48.33ms, optional threshold 9.67ms
[2024-10-12T11:36:18.055+0800][debug][gc,ergo,cset] GC(31) Finish adding old regions to collection set (Maximum number of regions). Initial 8 regions, optional 0 regions
[2024-10-12T11:36:18.055+0800][debug][gc,ergo,cset] GC(31) Finish choosing collection set old regions. Initial: 8, optional: 0, predicted old time: 0.00ms, predicted optional time: 0.00ms, time remaining: 45.28
[2024-10-12T11:36:18.160+0800][debug][gc,ergo,cset] GC(32) Start adding old regions to collection set. Min 4 regions, max 8 regions, time remaining 48.45ms, optional threshold 9.69ms
[2024-10-12T11:36:18.160+0800][debug][gc,ergo,cset] GC(32) Old candidate collection set empty.
[2024-10-12T11:36:18.161+0800][debug][gc,ergo,cset] GC(32) Finish choosing collection set old regions. Initial: 1, optional: 0, predicted old time: 0.00ms, predicted optional time: 0.00ms, time remaining: 48.08
[2024-10-12T11:36:18.486+0800][debug][gc,ergo,cset] GC(36) Pruned 3 regions out of 41, leaving 2438304 bytes waste (allowed 2684354)
[2024-10-12T11:36:18.693+0800][debug][gc,ergo,cset] Preventive GC, insufficient free regions. Predicted need 5. Curr Eden 1 (Pred 2). Curr Survivor 1 (Pred 1). Curr Old 53 (Pred 2) Free 4 Alloc 1
[2024-10-12T11:36:18.694+0800][debug][gc,ergo,cset] GC(38) Start adding old regions to collection set. Min 5 regions, max 10 regions, time remaining 49.14ms, optional threshold 9.83ms
[2024-10-12T11:36:18.694+0800][debug][gc,ergo,cset] GC(38) Finish adding old regions to collection set (Maximum number of regions). Initial 10 regions, optional 0 regions
[2024-10-12T11:36:18.694+0800][debug][gc,ergo,cset] GC(38) Finish choosing collection set old regions. Initial: 10, optional: 0, predicted old time: 0.00ms, predicted optional time: 0.00ms, time remaining: 47.58
[2024-10-12T11:36:18.799+0800][debug][gc,ergo,cset] Preventive GC, insufficient free regions. Predicted need 7. Curr Eden 2 (Pred 3). Curr Survivor 1 (Pred 1). Curr Old 50 (Pred 3) Free 6 Alloc 1
[2024-10-12T11:36:18.799+0800][debug][gc,ergo,cset] GC(39) Start adding old regions to collection set. Min 5 regions, max 10 regions, time remaining 48.88ms, optional threshold 9.78ms
[2024-10-12T11:36:18.799+0800][debug][gc,ergo,cset] GC(39) Finish adding old regions to collection set (Maximum number of regions). Initial 10 regions, optional 0 regions
[2024-10-12T11:36:18.799+0800][debug][gc,ergo,cset] GC(39) Finish choosing collection set old regions. Initial: 10, optional: 0, predicted old time: 0.00ms, predicted optional time: 0.00ms, time remaining: 46.60
[2024-10-12T11:36:18.863+0800][debug][gc,ergo,cset] Preventive GC, insufficient free regions. Predicted need 7. Curr Eden 1 (Pred 2). Curr Survivor 1 (Pred 1). Curr Old 52 (Pred 4) Free 5 Alloc 1
[2024-10-12T11:36:18.864+0800][debug][gc,ergo,cset] GC(40) Start adding old regions to collection set. Min 5 regions, max 10 regions, time remaining 49.10ms, optional threshold 9.82ms
[2024-10-12T11:36:18.864+0800][debug][gc,ergo,cset] GC(40) Finish adding old regions to collection set (Maximum number of regions). Initial 10 regions, optional 0 regions
[2024-10-12T11:36:18.864+0800][debug][gc,ergo,cset] GC(40) Finish choosing collection set old regions. Initial: 10, optional: 0, predicted old time: 0.00ms, predicted optional time: 0.00ms, time remaining: 46.66
[2024-10-12T11:36:18.907+0800][debug][gc,ergo,cset] GC(41) Start adding old regions to collection set. Min 5 regions, max 10 regions, time remaining 49.10ms, optional threshold 9.82ms
[2024-10-12T11:36:18.907+0800][debug][gc,ergo,cset] GC(41) Old candidate collection set empty.
[2024-10-12T11:36:18.907+0800][debug][gc,ergo,cset] GC(41) Finish choosing collection set old regions. Initial: 8, optional: 0, predicted old time: 0.00ms, predicted optional time: 0.00ms, time remaining: 46.85
[2024-10-12T11:36:19.478+0800][debug][gc,ergo,cset] GC(47) Pruned 0 regions out of 36, leaving 0 bytes waste (allowed 0)
[2024-10-12T11:36:19.726+0800][debug][gc,ergo,cset] GC(49) Start adding old regions to collection set. Min 5 regions, max 8 regions, time remaining 48.93ms, optional threshold 9.79ms
[2024-10-12T11:36:19.726+0800][debug][gc,ergo,cset] GC(49) Finish adding old regions to collection set (Maximum number of regions). Initial 8 regions, optional 0 regions
[2024-10-12T11:36:19.726+0800][debug][gc,ergo,cset] GC(49) Finish choosing collection set old regions. Initial: 8, optional: 0, predicted old time: 0.00ms, predicted optional time: 0.00ms, time remaining: 47.79
[2024-10-12T11:36:19.832+0800][debug][gc,ergo,cset] GC(50) Start adding old regions to collection set. Min 5 regions, max 8 regions, time remaining 48.84ms, optional threshold 9.77ms
[2024-10-12T11:36:19.832+0800][debug][gc,ergo,cset] GC(50) Finish adding old regions to collection set (Maximum number of regions). Initial 8 regions, optional 0 regions
[2024-10-12T11:36:19.832+0800][debug][gc,ergo,cset] GC(50) Finish choosing collection set old regions. Initial: 8, optional: 0, predicted old time: 0.00ms, predicted optional time: 0.00ms, time remaining: 47.31
[2024-10-12T11:36:19.937+0800][debug][gc,ergo,cset] GC(51) Start adding old regions to collection set. Min 5 regions, max 8 regions, time remaining 48.84ms, optional threshold 9.77ms
[2024-10-12T11:36:19.937+0800][debug][gc,ergo,cset] GC(51) Finish adding old regions to collection set (Maximum number of regions). Initial 8 regions, optional 0 regions
[2024-10-12T11:36:19.937+0800][debug][gc,ergo,cset] GC(51) Finish choosing collection set old regions. Initial: 8, optional: 0, predicted old time: 0.00ms, predicted optional time: 0.00ms, time remaining: 47.03
[2024-10-12T11:36:20.043+0800][debug][gc,ergo,cset] GC(52) Start adding old regions to collection set. Min 5 regions, max 8 regions, time remaining 48.84ms, optional threshold 9.77ms
[2024-10-12T11:36:20.043+0800][debug][gc,ergo,cset] GC(52) Finish adding old regions to collection set (Maximum number of regions). Initial 8 regions, optional 0 regions
[2024-10-12T11:36:20.043+0800][debug][gc,ergo,cset] GC(52) Finish choosing collection set old regions. Initial: 8, optional: 0, predicted old time: 0.00ms, predicted optional time: 0.00ms, time remaining: 46.89
[2024-10-12T11:36:20.148+0800][debug][gc,ergo,cset] GC(53) Start adding old regions to collection set. Min 5 regions, max 8 regions, time remaining 48.84ms, optional threshold 9.77ms
[2024-10-12T11:36:20.148+0800][debug][gc,ergo,cset] GC(53) Old candidate collection set empty.
[2024-10-12T11:36:20.148+0800][debug][gc,ergo,cset] GC(53) Finish choosing collection set old regions. Initial: 4, optional: 0, predicted old time: 0.00ms, predicted optional time: 0.00ms, time remaining: 47.30
[2024-10-12T11:36:20.475+0800][debug][gc,ergo,cset] GC(57) Pruned 0 regions out of 39, leaving 0 bytes waste (allowed 0)
[2024-10-12T11:36:20.723+0800][debug][gc,ergo,cset] Preventive GC, insufficient free regions. Predicted need 6. Curr Eden 2 (Pred 3). Curr Survivor 1 (Pred 1). Curr Old 51 (Pred 2) Free 5 Alloc 1
[2024-10-12T11:36:20.724+0800][debug][gc,ergo,cset] GC(59) Start adding old regions to collection set. Min 5 regions, max 8 regions, time remaining 48.88ms, optional threshold 9.78ms
[2024-10-12T11:36:20.724+0800][debug][gc,ergo,cset] GC(59) Finish adding old regions to collection set (Maximum number of regions). Initial 8 regions, optional 0 regions
[2024-10-12T11:36:20.724+0800][debug][gc,ergo,cset] GC(59) Finish choosing collection set old regions. Initial: 8, optional: 0, predicted old time: 0.00ms, predicted optional time: 0.00ms, time remaining: 47.82
[2024-10-12T11:36:20.828+0800][debug][gc,ergo,cset] Preventive GC, insufficient free regions. Predicted need 7. Curr Eden 2 (Pred 3). Curr Survivor 1 (Pred 1). Curr Old 49 (Pred 3) Free 7 Alloc 1
[2024-10-12T11:36:20.828+0800][debug][gc,ergo,cset] GC(60) Start adding old regions to collection set. Min 5 regions, max 8 regions, time remaining 48.87ms, optional threshold 9.77ms
[2024-10-12T11:36:20.828+0800][debug][gc,ergo,cset] GC(60) Finish adding old regions to collection set (Maximum number of regions). Initial 8 regions, optional 0 regions
[2024-10-12T11:36:20.828+0800][debug][gc,ergo,cset] GC(60) Finish choosing collection set old regions. Initial: 8, optional: 0, predicted old time: 0.00ms, predicted optional time: 0.00ms, time remaining: 47.47
[2024-10-12T11:36:20.934+0800][debug][gc,ergo,cset] GC(61) Start adding old regions to collection set. Min 5 regions, max 8 regions, time remaining 48.80ms, optional threshold 9.76ms
[2024-10-12T11:36:20.934+0800][debug][gc,ergo,cset] GC(61) Finish adding old regions to collection set (Maximum number of regions). Initial 8 regions, optional 0 regions
[2024-10-12T11:36:20.934+0800][debug][gc,ergo,cset] GC(61) Finish choosing collection set old regions. Initial: 8, optional: 0, predicted old time: 0.00ms, predicted optional time: 0.00ms, time remaining: 47.12
[2024-10-12T11:36:21.040+0800][debug][gc,ergo,cset] GC(62) Start adding old regions to collection set. Min 5 regions, max 8 regions, time remaining 48.75ms, optional threshold 9.75ms
[2024-10-12T11:36:21.040+0800][debug][gc,ergo,cset] GC(62) Finish adding old regions to collection set (Maximum number of regions). Initial 8 regions, optional 0 regions
[2024-10-12T11:36:21.040+0800][debug][gc,ergo,cset] GC(62) Finish choosing collection set old regions. Initial: 8, optional: 0, predicted old time: 0.00ms, predicted optional time: 0.00ms, time remaining: 46.86
[2024-10-12T11:36:21.146+0800][debug][gc,ergo,cset] GC(63) Start adding old regions to collection set. Min 5 regions, max 8 regions, time remaining 48.75ms, optional threshold 9.75ms
[2024-10-12T11:36:21.147+0800][debug][gc,ergo,cset] GC(63) Old candidate collection set empty.
[2024-10-12T11:36:21.147+0800][debug][gc,ergo,cset] GC(63) Finish choosing collection set old regions. Initial: 7, optional: 0, predicted old time: 0.00ms, predicted optional time: 0.00ms, time remaining: 46.86
[2024-10-12T11:36:21.471+0800][debug][gc,ergo,cset] GC(67) Pruned 0 regions out of 43, leaving 0 bytes waste (allowed 0)
[2024-10-12T11:36:21.617+0800][debug][gc,ergo,cset] Preventive GC, insufficient free regions. Predicted need 4. Curr Eden 2 (Pred 3). Curr Survivor 1 (Pred 1). Curr Old 52 (Pred 0) Free 4 Alloc 1
[2024-10-12T11:36:21.679+0800][debug][gc,ergo,cset] Preventive GC, insufficient free regions. Predicted need 6. Curr Eden 1 (Pred 2). Curr Survivor 1 (Pred 1). Curr Old 54 (Pred 3) Free 3 Alloc 1
[2024-10-12T11:36:21.680+0800][debug][gc,ergo,cset] GC(69) Start adding old regions to collection set. Min 6 regions, max 8 regions, time remaining 49.17ms, optional threshold 9.83ms
[2024-10-12T11:36:21.680+0800][debug][gc,ergo,cset] GC(69) Finish adding old regions to collection set (Maximum number of regions). Initial 8 regions, optional 0 regions
[2024-10-12T11:36:21.680+0800][debug][gc,ergo,cset] GC(69) Finish choosing collection set old regions. Initial: 8, optional: 0, predicted old time: 0.00ms, predicted optional time: 0.00ms, time remaining: 48.32
[2024-10-12T11:36:21.722+0800][debug][gc,ergo,cset] Preventive GC, insufficient free regions. Predicted need 6. Curr Eden 1 (Pred 2). Curr Survivor 1 (Pred 1). Curr Old 53 (Pred 3) Free 4 Alloc 1
[2024-10-12T11:36:21.723+0800][debug][gc,ergo,cset] GC(70) Start adding old regions to collection set. Min 6 regions, max 8 regions, time remaining 49.14ms, optional threshold 9.83ms
[2024-10-12T11:36:21.723+0800][debug][gc,ergo,cset] GC(70) Finish adding old regions to collection set (Maximum number of regions). Initial 8 regions, optional 0 regions
[2024-10-12T11:36:21.723+0800][debug][gc,ergo,cset] GC(70) Finish choosing collection set old regions. Initial: 8, optional: 0, predicted old time: 0.00ms, predicted optional time: 0.00ms, time remaining: 48.11
[2024-10-12T11:36:21.786+0800][debug][gc,ergo,cset] Preventive GC, insufficient free regions. Predicted need 7. Curr Eden 1 (Pred 2). Curr Survivor 1 (Pred 1). Curr Old 56 (Pred 4) Free 1 Alloc 1
[2024-10-12T11:36:21.786+0800][debug][gc,ergo,cset] GC(71) Start adding old regions to collection set. Min 6 regions, max 8 regions, time remaining 49.13ms, optional threshold 9.83ms
[2024-10-12T11:36:21.786+0800][debug][gc,ergo,cset] GC(71) Finish adding old regions to collection set (Maximum number of regions). Initial 8 regions, optional 0 regions
[2024-10-12T11:36:21.786+0800][debug][gc,ergo,cset] GC(71) Finish choosing collection set old regions. Initial: 8, optional: 0, predicted old time: 0.00ms, predicted optional time: 0.00ms, time remaining: 47.88
[2024-10-12T11:36:21.809+0800][debug][gc,ergo,cset] GC(72) Start adding old regions to collection set. Min 6 regions, max 8 regions, time remaining 48.94ms, optional threshold 9.79ms
[2024-10-12T11:36:21.809+0800][debug][gc,ergo,cset] GC(72) Finish adding old regions to collection set (Maximum number of regions). Initial 8 regions, optional 0 regions
[2024-10-12T11:36:21.810+0800][debug][gc,ergo,cset] GC(72) Finish choosing collection set old regions. Initial: 8, optional: 0, predicted old time: 0.00ms, predicted optional time: 0.00ms, time remaining: 47.45
[2024-10-12T11:36:22.340+0800][debug][gc,ergo,cset] GC(78) Pruned 0 regions out of 36, leaving 0 bytes waste (allowed 0)
[2024-10-12T11:36:22.588+0800][debug][gc,ergo,cset] Preventive GC, insufficient free regions. Predicted need 6. Curr Eden 2 (Pred 3). Curr Survivor 1 (Pred 1). Curr Old 50 (Pred 2) Free 6 Alloc 1
[2024-10-12T11:36:22.588+0800][debug][gc,ergo,cset] GC(80) Start adding old regions to collection set. Min 5 regions, max 8 regions, time remaining 49.01ms, optional threshold 9.80ms
[2024-10-12T11:36:22.588+0800][debug][gc,ergo,cset] GC(80) Finish adding old regions to collection set (Maximum number of regions). Initial 8 regions, optional 0 regions
[2024-10-12T11:36:22.588+0800][debug][gc,ergo,cset] GC(80) Finish choosing collection set old regions. Initial: 8, optional: 0, predicted old time: 0.00ms, predicted optional time: 0.00ms, time remaining: 48.09
[2024-10-12T11:36:22.693+0800][debug][gc,ergo,cset] Preventive GC, insufficient free regions. Predicted need 7. Curr Eden 2 (Pred 3). Curr Survivor 1 (Pred 1). Curr Old 49 (Pred 3) Free 7 Alloc 1
[2024-10-12T11:36:22.693+0800][debug][gc,ergo,cset] GC(81) Start adding old regions to collection set. Min 5 regions, max 8 regions, time remaining 48.99ms, optional threshold 9.80ms
[2024-10-12T11:36:22.693+0800][debug][gc,ergo,cset] GC(81) Finish adding old regions to collection set (Maximum number of regions). Initial 8 regions, optional 0 regions
[2024-10-12T11:36:22.693+0800][debug][gc,ergo,cset] GC(81) Finish choosing collection set old regions. Initial: 8, optional: 0, predicted old time: 0.00ms, predicted optional time: 0.00ms, time remaining: 47.77
[2024-10-12T11:36:22.758+0800][debug][gc,ergo,cset] Preventive GC, insufficient free regions. Predicted need 7. Curr Eden 1 (Pred 2). Curr Survivor 1 (Pred 1). Curr Old 50 (Pred 4) Free 7 Alloc 1
[2024-10-12T11:36:22.759+0800][debug][gc,ergo,cset] GC(82) Start adding old regions to collection set. Min 5 regions, max 8 regions, time remaining 49.17ms, optional threshold 9.83ms
[2024-10-12T11:36:22.759+0800][debug][gc,ergo,cset] GC(82) Finish adding old regions to collection set (Maximum number of regions). Initial 8 regions, optional 0 regions
[2024-10-12T11:36:22.759+0800][debug][gc,ergo,cset] GC(82) Finish choosing collection set old regions. Initial: 8, optional: 0, predicted old time: 0.00ms, predicted optional time: 0.00ms, time remaining: 47.84
[2024-10-12T11:36:22.864+0800][debug][gc,ergo,cset] Preventive GC, insufficient free regions. Predicted need 8. Curr Eden 2 (Pred 3). Curr Survivor 1 (Pred 1). Curr Old 48 (Pred 4) Free 8 Alloc 1
[2024-10-12T11:36:22.864+0800][debug][gc,ergo,cset] GC(83) Start adding old regions to collection set. Min 5 regions, max 8 regions, time remaining 48.85ms, optional threshold 9.77ms
[2024-10-12T11:36:22.864+0800][debug][gc,ergo,cset] GC(83) Finish adding old regions to collection set (Maximum number of regions). Initial 8 regions, optional 0 regions
[2024-10-12T11:36:22.864+0800][debug][gc,ergo,cset] GC(83) Finish choosing collection set old regions. Initial: 8, optional: 0, predicted old time: 0.00ms, predicted optional time: 0.00ms, time remaining: 47.13
[2024-10-12T11:36:22.929+0800][debug][gc,ergo,cset] Preventive GC, insufficient free regions. Predicted need 7. Curr Eden 1 (Pred 2). Curr Survivor 1 (Pred 1). Curr Old 50 (Pred 4) Free 7 Alloc 1
[2024-10-12T11:36:22.929+0800][debug][gc,ergo,cset] GC(84) Start adding old regions to collection set. Min 5 regions, max 8 regions, time remaining 49.10ms, optional threshold 9.82ms
[2024-10-12T11:36:22.929+0800][debug][gc,ergo,cset] GC(84) Old candidate collection set empty.
[2024-10-12T11:36:22.929+0800][debug][gc,ergo,cset] GC(84) Finish choosing collection set old regions. Initial: 4, optional: 0, predicted old time: 0.00ms, predicted optional time: 0.00ms, time remaining: 48.07
[2024-10-12T11:36:23.047+0800][debug][gc,ergo,cset] GC(86) Pruned 0 regions out of 37, leaving 0 bytes waste (allowed 0)
[2024-10-12T11:36:23.254+0800][debug][gc,ergo,cset] Preventive GC, insufficient free regions. Predicted need 4. Curr Eden 1 (Pred 2). Curr Survivor 1 (Pred 1). Curr Old 53 (Pred 1) Free 4 Alloc 1
[2024-10-12T11:36:23.254+0800][debug][gc,ergo,cset] GC(88) Start adding old regions to collection set. Min 5 regions, max 8 regions, time remaining 49.11ms, optional threshold 9.82ms
[2024-10-12T11:36:23.254+0800][debug][gc,ergo,cset] GC(88) Finish adding old regions to collection set (Maximum number of regions). Initial 8 regions, optional 0 regions
[2024-10-12T11:36:23.254+0800][debug][gc,ergo,cset] GC(88) Finish choosing collection set old regions. Initial: 8, optional: 0, predicted old time: 0.00ms, predicted optional time: 0.00ms, time remaining: 48.48
[2024-10-12T11:36:23.358+0800][debug][gc,ergo,cset] GC(89) Start adding old regions to collection set. Min 5 regions, max 8 regions, time remaining 48.86ms, optional threshold 9.77ms
[2024-10-12T11:36:23.358+0800][debug][gc,ergo,cset] GC(89) Finish adding old regions to collection set (Maximum number of regions). Initial 8 regions, optional 0 regions
[2024-10-12T11:36:23.358+0800][debug][gc,ergo,cset] GC(89) Finish choosing collection set old regions. Initial: 8, optional: 0, predicted old time: 0.00ms, predicted optional time: 0.00ms, time remaining: 47.73
[2024-10-12T11:36:23.464+0800][debug][gc,ergo,cset] GC(90) Start adding old regions to collection set. Min 5 regions, max 8 regions, time remaining 48.77ms, optional threshold 9.75ms
[2024-10-12T11:36:23.464+0800][debug][gc,ergo,cset] GC(90) Finish adding old regions to collection set (Maximum number of regions). Initial 8 regions, optional 0 regions
[2024-10-12T11:36:23.464+0800][debug][gc,ergo,cset] GC(90) Finish choosing collection set old regions. Initial: 8, optional: 0, predicted old time: 0.00ms, predicted optional time: 0.00ms, time remaining: 47.24
[2024-10-12T11:36:23.570+0800][debug][gc,ergo,cset] GC(91) Start adding old regions to collection set. Min 5 regions, max 8 regions, time remaining 48.78ms, optional threshold 9.76ms
[2024-10-12T11:36:23.570+0800][debug][gc,ergo,cset] GC(91) Finish adding old regions to collection set (Maximum number of regions). Initial 8 regions, optional 0 regions
[2024-10-12T11:36:23.570+0800][debug][gc,ergo,cset] GC(91) Finish choosing collection set old regions. Initial: 8, optional: 0, predicted old time: 0.00ms, predicted optional time: 0.00ms, time remaining: 47.09
[2024-10-12T11:36:23.676+0800][debug][gc,ergo,cset] GC(92) Start adding old regions to collection set. Min 5 regions, max 8 regions, time remaining 48.73ms, optional threshold 9.75ms
[2024-10-12T11:36:23.676+0800][debug][gc,ergo,cset] GC(92) Old candidate collection set empty.
[2024-10-12T11:36:23.676+0800][debug][gc,ergo,cset] GC(92) Finish choosing collection set old regions. Initial: 5, optional: 0, predicted old time: 0.00ms, predicted optional time: 0.00ms, time remaining: 47.01
[2024-10-12T11:36:24.001+0800][debug][gc,ergo,cset] GC(96) Pruned 0 regions out of 39, leaving 0 bytes waste (allowed 0)
[2024-10-12T11:36:24.208+0800][debug][gc,ergo,cset] Preventive GC, insufficient free regions. Predicted need 5. Curr Eden 1 (Pred 2). Curr Survivor 1 (Pred 1). Curr Old 52 (Pred 2) Free 5 Alloc 1
[2024-10-12T11:36:24.209+0800][debug][gc,ergo,cset] GC(98) Start adding old regions to collection set. Min 5 regions, max 8 regions, time remaining 49.12ms, optional threshold 9.82ms
[2024-10-12T11:36:24.209+0800][debug][gc,ergo,cset] GC(98) Finish adding old regions to collection set (Maximum number of regions). Initial 8 regions, optional 0 regions
[2024-10-12T11:36:24.209+0800][debug][gc,ergo,cset] GC(98) Finish choosing collection set old regions. Initial: 8, optional: 0, predicted old time: 0.00ms, predicted optional time: 0.00ms, time remaining: 48.23
[2024-10-12T11:36:24.314+0800][debug][gc,ergo,cset] GC(99) Start adding old regions to collection set. Min 5 regions, max 8 regions, time remaining 48.84ms, optional threshold 9.77ms
[2024-10-12T11:36:24.314+0800][debug][gc,ergo,cset] GC(99) Finish adding old regions to collection set (Maximum number of regions). Initial 8 regions, optional 0 regions
[2024-10-12T11:36:24.314+0800][debug][gc,ergo,cset] GC(99) Finish choosing collection set old regions. Initial: 8, optional: 0, predicted old time: 0.00ms, predicted optional time: 0.00ms, time remaining: 47.65
[2024-10-12T11:36:24.419+0800][debug][gc,ergo,cset] GC(100) Start adding old regions to collection set. Min 5 regions, max 8 regions, time remaining 48.79ms, optional threshold 9.76ms
[2024-10-12T11:36:24.419+0800][debug][gc,ergo,cset] GC(100) Finish adding old regions to collection set (Maximum number of regions). Initial 8 regions, optional 0 regions
[2024-10-12T11:36:24.419+0800][debug][gc,ergo,cset] GC(100) Finish choosing collection set old regions. Initial: 8, optional: 0, predicted old time: 0.00ms, predicted optional time: 0.00ms, time remaining: 47.28
[2024-10-12T11:36:24.525+0800][debug][gc,ergo,cset] GC(101) Start adding old regions to collection set. Min 5 regions, max 8 regions, time remaining 48.80ms, optional threshold 9.76ms
[2024-10-12T11:36:24.525+0800][debug][gc,ergo,cset] GC(101) Finish adding old regions to collection set (Maximum number of regions). Initial 8 regions, optional 0 regions
[2024-10-12T11:36:24.525+0800][debug][gc,ergo,cset] GC(101) Finish choosing collection set old regions. Initial: 8, optional: 0, predicted old time: 0.00ms, predicted optional time: 0.00ms, time remaining: 47.12
[2024-10-12T11:36:24.630+0800][debug][gc,ergo,cset] GC(102) Start adding old regions to collection set. Min 5 regions, max 8 regions, time remaining 48.82ms, optional threshold 9.76ms
[2024-10-12T11:36:24.630+0800][debug][gc,ergo,cset] GC(102) Old candidate collection set empty.
[2024-10-12T11:36:24.630+0800][debug][gc,ergo,cset] GC(102) Finish choosing collection set old regions. Initial: 7, optional: 0, predicted old time: 0.00ms, predicted optional time: 0.00ms, time remaining: 47.07
[2024-10-12T11:36:24.955+0800][debug][gc,ergo,cset] GC(106) Pruned 0 regions out of 40, leaving 0 bytes waste (allowed 0)
[2024-10-12T11:36:25.203+0800][debug][gc,ergo,cset] Preventive GC, insufficient free regions. Predicted need 6. Curr Eden 2 (Pred 3). Curr Survivor 1 (Pred 1). Curr Old 51 (Pred 2) Free 5 Alloc 1
[2024-10-12T11:36:25.203+0800][debug][gc,ergo,cset] GC(108) Start adding old regions to collection set. Min 5 regions, max 8 regions, time remaining 48.96ms, optional threshold 9.79ms
[2024-10-12T11:36:25.203+0800][debug][gc,ergo,cset] GC(108) Finish adding old regions to collection set (Maximum number of regions). Initial 8 regions, optional 0 regions
[2024-10-12T11:36:25.203+0800][debug][gc,ergo,cset] GC(108) Finish choosing collection set old regions. Initial: 8, optional: 0, predicted old time: 0.00ms, predicted optional time: 0.00ms, time remaining: 48.24
[2024-10-12T11:36:25.307+0800][debug][gc,ergo,cset] Preventive GC, insufficient free regions. Predicted need 8. Curr Eden 2 (Pred 3). Curr Survivor 1 (Pred 1). Curr Old 48 (Pred 4) Free 8 Alloc 1
[2024-10-12T11:36:25.307+0800][debug][gc,ergo,cset] GC(109) Start adding old regions to collection set. Min 5 regions, max 8 regions, time remaining 48.95ms, optional threshold 9.79ms
[2024-10-12T11:36:25.307+0800][debug][gc,ergo,cset] GC(109) Finish adding old regions to collection set (Maximum number of regions). Initial 8 regions, optional 0 regions
[2024-10-12T11:36:25.307+0800][debug][gc,ergo,cset] GC(109) Finish choosing collection set old regions. Initial: 8, optional: 0, predicted old time: 0.00ms, predicted optional time: 0.00ms, time remaining: 47.76
[2024-10-12T11:36:25.413+0800][debug][gc,ergo,cset] GC(110) Start adding old regions to collection set. Min 5 regions, max 8 regions, time remaining 48.88ms, optional threshold 9.78ms
[2024-10-12T11:36:25.413+0800][debug][gc,ergo,cset] GC(110) Finish adding old regions to collection set (Maximum number of regions). Initial 8 regions, optional 0 regions
[2024-10-12T11:36:25.413+0800][debug][gc,ergo,cset] GC(110) Finish choosing collection set old regions. Initial: 8, optional: 0, predicted old time: 0.00ms, predicted optional time: 0.00ms, time remaining: 47.43
[2024-10-12T11:36:25.518+0800][debug][gc,ergo,cset] GC(111) Start adding old regions to collection set. Min 5 regions, max 8 regions, time remaining 48.87ms, optional threshold 9.77ms
[2024-10-12T11:36:25.518+0800][debug][gc,ergo,cset] GC(111) Finish adding old regions to collection set (Maximum number of regions). Initial 8 regions, optional 0 regions
[2024-10-12T11:36:25.518+0800][debug][gc,ergo,cset] GC(111) Finish choosing collection set old regions. Initial: 8, optional: 0, predicted old time: 0.00ms, predicted optional time: 0.00ms, time remaining: 47.24
[2024-10-12T11:36:25.625+0800][debug][gc,ergo,cset] GC(112) Start adding old regions to collection set. Min 5 regions, max 8 regions, time remaining 48.81ms, optional threshold 9.76ms
[2024-10-12T11:36:25.625+0800][debug][gc,ergo,cset] GC(112) Old candidate collection set empty.
[2024-10-12T11:36:25.625+0800][debug][gc,ergo,cset] GC(112) Finish choosing collection set old regions. Initial: 8, optional: 0, predicted old time: 0.00ms, predicted optional time: 0.00ms, time remaining: 46.65
[2024-10-12T11:36:25.951+0800][debug][gc,ergo,cset] GC(116) Pruned 0 regions out of 42, leaving 0 bytes waste (allowed 0)
[2024-10-12T11:36:26.158+0800][debug][gc,ergo,cset] Preventive GC, insufficient free regions. Predicted need 5. Curr Eden 1 (Pred 2). Curr Survivor 1 (Pred 1). Curr Old 53 (Pred 2) Free 4 Alloc 1
[2024-10-12T11:36:26.159+0800][debug][gc,ergo,cset] GC(118) Start adding old regions to collection set. Min 6 regions, max 8 regions, time remaining 49.14ms, optional threshold 9.83ms
[2024-10-12T11:36:26.159+0800][debug][gc,ergo,cset] GC(118) Finish adding old regions to collection set (Maximum number of regions). Initial 8 regions, optional 0 regions
[2024-10-12T11:36:26.159+0800][debug][gc,ergo,cset] GC(118) Finish choosing collection set old regions. Initial: 8, optional: 0, predicted old time: 0.00ms, predicted optional time: 0.00ms, time remaining: 48.39
[2024-10-12T11:36:26.263+0800][debug][gc,ergo,cset] Preventive GC, insufficient free regions. Predicted need 8. Curr Eden 2 (Pred 3). Curr Survivor 1 (Pred 1). Curr Old 49 (Pred 4) Free 7 Alloc 1
[2024-10-12T11:36:26.263+0800][debug][gc,ergo,cset] GC(119) Start adding old regions to collection set. Min 6 regions, max 8 regions, time remaining 48.90ms, optional threshold 9.78ms
[2024-10-12T11:36:26.263+0800][debug][gc,ergo,cset] GC(119) Finish adding old regions to collection set (Maximum number of regions). Initial 8 regions, optional 0 regions
[2024-10-12T11:36:26.263+0800][debug][gc,ergo,cset] GC(119) Finish choosing collection set old regions. Initial: 8, optional: 0, predicted old time: 0.00ms, predicted optional time: 0.00ms, time remaining: 47.77
[2024-10-12T11:36:26.369+0800][debug][gc,ergo,cset] Preventive GC, insufficient free regions. Predicted need 8. Curr Eden 2 (Pred 3). Curr Survivor 1 (Pred 1). Curr Old 48 (Pred 4) Free 7 Alloc 1
[2024-10-12T11:36:26.371+0800][debug][gc,ergo,cset] GC(120) Start adding old regions to collection set. Min 6 regions, max 8 regions, time remaining 48.89ms, optional threshold 9.78ms
[2024-10-12T11:36:26.371+0800][debug][gc,ergo,cset] GC(120) Finish adding old regions to collection set (Maximum number of regions). Initial 8 regions, optional 0 regions
[2024-10-12T11:36:26.371+0800][debug][gc,ergo,cset] GC(120) Finish choosing collection set old regions. Initial: 8, optional: 0, predicted old time: 0.00ms, predicted optional time: 0.00ms, time remaining: 47.52
[2024-10-12T11:36:26.435+0800][debug][gc,ergo,cset] Preventive GC, insufficient free regions. Predicted need 8. Curr Eden 1 (Pred 2). Curr Survivor 1 (Pred 1). Curr Old 49 (Pred 5) Free 8 Alloc 1
[2024-10-12T11:36:26.435+0800][debug][gc,ergo,cset] GC(121) Start adding old regions to collection set. Min 6 regions, max 8 regions, time remaining 49.10ms, optional threshold 9.82ms
[2024-10-12T11:36:26.435+0800][debug][gc,ergo,cset] GC(121) Finish adding old regions to collection set (Maximum number of regions). Initial 8 regions, optional 0 regions
[2024-10-12T11:36:26.435+0800][debug][gc,ergo,cset] GC(121) Finish choosing collection set old regions. Initial: 8, optional: 0, predicted old time: 0.00ms, predicted optional time: 0.00ms, time remaining: 47.60
[2024-10-12T11:36:26.479+0800][debug][gc,ergo,cset] Preventive GC, insufficient free regions. Predicted need 9. Curr Eden 1 (Pred 2). Curr Survivor 1 (Pred 1). Curr Old 48 (Pred 6) Free 9 Alloc 1
[2024-10-12T11:36:26.480+0800][debug][gc,ergo,cset] GC(122) Start adding old regions to collection set. Min 6 regions, max 8 regions, time remaining 49.07ms, optional threshold 9.81ms
[2024-10-12T11:36:26.480+0800][debug][gc,ergo,cset] GC(122) Finish adding old regions to collection set (Maximum number of regions). Initial 8 regions, optional 0 regions
[2024-10-12T11:36:26.480+0800][debug][gc,ergo,cset] GC(122) Finish choosing collection set old regions. Initial: 8, optional: 0, predicted old time: 0.00ms, predicted optional time: 0.00ms, time remaining: 47.22
[2024-10-12T11:36:26.586+0800][debug][gc,ergo,cset] GC(123) Start adding old regions to collection set. Min 6 regions, max 8 regions, time remaining 48.78ms, optional threshold 9.76ms
[2024-10-12T11:36:26.586+0800][debug][gc,ergo,cset] GC(123) Old candidate collection set empty.
[2024-10-12T11:36:26.586+0800][debug][gc,ergo,cset] GC(123) Finish choosing collection set old regions. Initial: 2, optional: 0, predicted old time: 0.00ms, predicted optional time: 0.00ms, time remaining: 48.04
[2024-10-12T11:36:26.807+0800][debug][gc,ergo,cset] GC(126) Pruned 0 regions out of 41, leaving 0 bytes waste (allowed 0)
[2024-10-12T11:36:27.014+0800][debug][gc,ergo,cset] Preventive GC, insufficient free regions. Predicted need 5. Curr Eden 1 (Pred 2). Curr Survivor 1 (Pred 1). Curr Old 52 (Pred 2) Free 5 Alloc 1
[2024-10-12T11:36:27.014+0800][debug][gc,ergo,cset] GC(128) Start adding old regions to collection set. Min 6 regions, max 8 regions, time remaining 49.11ms, optional threshold 9.82ms
[2024-10-12T11:36:27.015+0800][debug][gc,ergo,cset] GC(128) Finish adding old regions to collection set (Maximum number of regions). Initial 8 regions, optional 0 regions
[2024-10-12T11:36:27.015+0800][debug][gc,ergo,cset] GC(128) Finish choosing collection set old regions. Initial: 8, optional: 0, predicted old time: 0.00ms, predicted optional time: 0.00ms, time remaining: 48.14
[2024-10-12T11:36:27.119+0800][debug][gc,ergo,cset] Preventive GC, insufficient free regions. Predicted need 8. Curr Eden 2 (Pred 3). Curr Survivor 1 (Pred 1). Curr Old 48 (Pred 4) Free 8 Alloc 1
[2024-10-12T11:36:27.119+0800][debug][gc,ergo,cset] GC(129) Start adding old regions to collection set. Min 6 regions, max 8 regions, time remaining 48.83ms, optional threshold 9.77ms
[2024-10-12T11:36:27.119+0800][debug][gc,ergo,cset] GC(129) Finish adding old regions to collection set (Maximum number of regions). Initial 8 regions, optional 0 regions
[2024-10-12T11:36:27.119+0800][debug][gc,ergo,cset] GC(129) Finish choosing collection set old regions. Initial: 8, optional: 0, predicted old time: 0.00ms, predicted optional time: 0.00ms, time remaining: 47.42
[2024-10-12T11:36:27.225+0800][debug][gc,ergo,cset] GC(130) Start adding old regions to collection set. Min 6 regions, max 8 regions, time remaining 48.80ms, optional threshold 9.76ms
[2024-10-12T11:36:27.225+0800][debug][gc,ergo,cset] GC(130) Finish adding old regions to collection set (Maximum number of regions). Initial 8 regions, optional 0 regions
[2024-10-12T11:36:27.225+0800][debug][gc,ergo,cset] GC(130) Finish choosing collection set old regions. Initial: 8, optional: 0, predicted old time: 0.00ms, predicted optional time: 0.00ms, time remaining: 47.25
[2024-10-12T11:36:27.330+0800][debug][gc,ergo,cset] GC(131) Start adding old regions to collection set. Min 6 regions, max 8 regions, time remaining 48.82ms, optional threshold 9.76ms
[2024-10-12T11:36:27.330+0800][debug][gc,ergo,cset] GC(131) Finish adding old regions to collection set (Maximum number of regions). Initial 8 regions, optional 0 regions
[2024-10-12T11:36:27.330+0800][debug][gc,ergo,cset] GC(131) Finish choosing collection set old regions. Initial: 8, optional: 0, predicted old time: 0.00ms, predicted optional time: 0.00ms, time remaining: 47.18
[2024-10-12T11:36:27.436+0800][debug][gc,ergo,cset] GC(132) Start adding old regions to collection set. Min 6 regions, max 8 regions, time remaining 48.79ms, optional threshold 9.76ms
[2024-10-12T11:36:27.436+0800][debug][gc,ergo,cset] GC(132) Finish adding old regions to collection set (Maximum number of regions). Initial 8 regions, optional 0 regions
[2024-10-12T11:36:27.436+0800][debug][gc,ergo,cset] GC(132) Finish choosing collection set old regions. Initial: 8, optional: 0, predicted old time: 0.00ms, predicted optional time: 0.00ms, time remaining: 46.71
[2024-10-12T11:36:27.542+0800][debug][gc,ergo,cset] GC(133) Start adding old regions to collection set. Min 6 regions, max 8 regions, time remaining 48.66ms, optional threshold 9.73ms
[2024-10-12T11:36:27.542+0800][debug][gc,ergo,cset] GC(133) Old candidate collection set empty.
[2024-10-12T11:36:27.542+0800][debug][gc,ergo,cset] GC(133) Finish choosing collection set old regions. Initial: 1, optional: 0, predicted old time: 0.00ms, predicted optional time: 0.00ms, time remaining: 48.03
[2024-10-12T11:36:27.763+0800][debug][gc,ergo,cset] GC(136) Pruned 0 regions out of 42, leaving 0 bytes waste (allowed 0)
[2024-10-12T11:36:27.969+0800][debug][gc,ergo,cset] Preventive GC, insufficient free regions. Predicted need 6. Curr Eden 1 (Pred 2). Curr Survivor 1 (Pred 1). Curr Old 51 (Pred 3) Free 6 Alloc 1
[2024-10-12T11:36:27.970+0800][debug][gc,ergo,cset] GC(138) Start adding old regions to collection set. Min 6 regions, max 8 regions, time remaining 49.10ms, optional threshold 9.82ms
[2024-10-12T11:36:27.970+0800][debug][gc,ergo,cset] GC(138) Finish adding old regions to collection set (Maximum number of regions). Initial 8 regions, optional 0 regions
[2024-10-12T11:36:27.970+0800][debug][gc,ergo,cset] GC(138) Finish choosing collection set old regions. Initial: 8, optional: 0, predicted old time: 0.00ms, predicted optional time: 0.00ms, time remaining: 47.96
[2024-10-12T11:36:28.074+0800][debug][gc,ergo,cset] GC(139) Start adding old regions to collection set. Min 6 regions, max 8 regions, time remaining 48.80ms, optional threshold 9.76ms
[2024-10-12T11:36:28.074+0800][debug][gc,ergo,cset] GC(139) Finish adding old regions to collection set (Maximum number of regions). Initial 8 regions, optional 0 regions
[2024-10-12T11:36:28.074+0800][debug][gc,ergo,cset] GC(139) Finish choosing collection set old regions. Initial: 8, optional: 0, predicted old time: 0.00ms, predicted optional time: 0.00ms, time remaining: 47.24
[2024-10-12T11:36:28.180+0800][debug][gc,ergo,cset] GC(140) Start adding old regions to collection set. Min 6 regions, max 8 regions, time remaining 48.81ms, optional threshold 9.76ms
[2024-10-12T11:36:28.180+0800][debug][gc,ergo,cset] GC(140) Finish adding old regions to collection set (Maximum number of regions). Initial 8 regions, optional 0 regions
[2024-10-12T11:36:28.180+0800][debug][gc,ergo,cset] GC(140) Finish choosing collection set old regions. Initial: 8, optional: 0, predicted old time: 0.00ms, predicted optional time: 0.00ms, time remaining: 47.15
[2024-10-12T11:36:28.285+0800][debug][gc,ergo,cset] GC(141) Start adding old regions to collection set. Min 6 regions, max 8 regions, time remaining 48.81ms, optional threshold 9.76ms
[2024-10-12T11:36:28.285+0800][debug][gc,ergo,cset] GC(141) Finish adding old regions to collection set (Maximum number of regions). Initial 8 regions, optional 0 regions
[2024-10-12T11:36:28.285+0800][debug][gc,ergo,cset] GC(141) Finish choosing collection set old regions. Initial: 8, optional: 0, predicted old time: 0.00ms, predicted optional time: 0.00ms, time remaining: 47.01
[2024-10-12T11:36:28.391+0800][debug][gc,ergo,cset] GC(142) Start adding old regions to collection set. Min 6 regions, max 8 regions, time remaining 48.77ms, optional threshold 9.75ms
[2024-10-12T11:36:28.391+0800][debug][gc,ergo,cset] GC(142) Finish adding old regions to collection set (Maximum number of regions). Initial 8 regions, optional 0 regions
[2024-10-12T11:36:28.391+0800][debug][gc,ergo,cset] GC(142) Finish choosing collection set old regions. Initial: 8, optional: 0, predicted old time: 0.00ms, predicted optional time: 0.00ms, time remaining: 46.68
[2024-10-12T11:36:28.497+0800][debug][gc,ergo,cset] GC(143) Start adding old regions to collection set. Min 6 regions, max 8 regions, time remaining 48.72ms, optional threshold 9.74ms
[2024-10-12T11:36:28.497+0800][debug][gc,ergo,cset] GC(143) Old candidate collection set empty.
[2024-10-12T11:36:28.497+0800][debug][gc,ergo,cset] GC(143) Finish choosing collection set old regions. Initial: 2, optional: 0, predicted old time: 0.00ms, predicted optional time: 0.00ms, time remaining: 47.86
[2024-10-12T11:36:28.822+0800][debug][gc,ergo,cset] GC(147) Pruned 0 regions out of 38, leaving 0 bytes waste (allowed 0)
[2024-10-12T11:36:29.028+0800][debug][gc,ergo,cset] Preventive GC, insufficient free regions. Predicted need 5. Curr Eden 1 (Pred 2). Curr Survivor 1 (Pred 1). Curr Old 52 (Pred 2) Free 5 Alloc 1
[2024-10-12T11:36:29.029+0800][debug][gc,ergo,cset] GC(149) Start adding old regions to collection set. Min 5 regions, max 8 regions, time remaining 49.16ms, optional threshold 9.83ms
[2024-10-12T11:36:29.029+0800][debug][gc,ergo,cset] GC(149) Finish adding old regions to collection set (Maximum number of regions). Initial 8 regions, optional 0 regions
[2024-10-12T11:36:29.029+0800][debug][gc,ergo,cset] GC(149) Finish choosing collection set old regions. Initial: 8, optional: 0, predicted old time: 0.00ms, predicted optional time: 0.00ms, time remaining: 48.18
[2024-10-12T11:36:29.133+0800][debug][gc,ergo,cset] GC(150) Start adding old regions to collection set. Min 5 regions, max 8 regions, time remaining 48.86ms, optional threshold 9.77ms
[2024-10-12T11:36:29.133+0800][debug][gc,ergo,cset] GC(150) Finish adding old regions to collection set (Maximum number of regions). Initial 8 regions, optional 0 regions
[2024-10-12T11:36:29.133+0800][debug][gc,ergo,cset] GC(150) Finish choosing collection set old regions. Initial: 8, optional: 0, predicted old time: 0.00ms, predicted optional time: 0.00ms, time remaining: 47.47
[2024-10-12T11:36:29.239+0800][debug][gc,ergo,cset] GC(151) Start adding old regions to collection set. Min 5 regions, max 8 regions, time remaining 48.82ms, optional threshold 9.76ms
[2024-10-12T11:36:29.239+0800][debug][gc,ergo,cset] GC(151) Finish adding old regions to collection set (Maximum number of regions). Initial 8 regions, optional 0 regions
[2024-10-12T11:36:29.239+0800][debug][gc,ergo,cset] GC(151) Finish choosing collection set old regions. Initial: 8, optional: 0, predicted old time: 0.00ms, predicted optional time: 0.00ms, time remaining: 47.25
[2024-10-12T11:36:29.344+0800][debug][gc,ergo,cset] GC(152) Start adding old regions to collection set. Min 5 regions, max 8 regions, time remaining 48.83ms, optional threshold 9.77ms
[2024-10-12T11:36:29.344+0800][debug][gc,ergo,cset] GC(152) Finish adding old regions to collection set (Maximum number of regions). Initial 8 regions, optional 0 regions
[2024-10-12T11:36:29.344+0800][debug][gc,ergo,cset] GC(152) Finish choosing collection set old regions. Initial: 8, optional: 0, predicted old time: 0.00ms, predicted optional time: 0.00ms, time remaining: 47.08
[2024-10-12T11:36:29.451+0800][debug][gc,ergo,cset] GC(153) Start adding old regions to collection set. Min 5 regions, max 8 regions, time remaining 48.77ms, optional threshold 9.75ms
[2024-10-12T11:36:29.451+0800][debug][gc,ergo,cset] GC(153) Old candidate collection set empty.
[2024-10-12T11:36:29.451+0800][debug][gc,ergo,cset] GC(153) Finish choosing collection set old regions. Initial: 6, optional: 0, predicted old time: 0.00ms, predicted optional time: 0.00ms, time remaining: 47.13
[2024-10-12T11:36:29.776+0800][debug][gc,ergo,cset] GC(157) Pruned 0 regions out of 40, leaving 0 bytes waste (allowed 0)
[2024-10-12T11:36:29.983+0800][debug][gc,ergo,cset] Preventive GC, insufficient free regions. Predicted need 5. Curr Eden 1 (Pred 2). Curr Survivor 1 (Pred 1). Curr Old 52 (Pred 2) Free 5 Alloc 1
[2024-10-12T11:36:29.984+0800][debug][gc,ergo,cset] GC(159) Start adding old regions to collection set. Min 5 regions, max 8 regions, time remaining 49.14ms, optional threshold 9.83ms
[2024-10-12T11:36:29.984+0800][debug][gc,ergo,cset] GC(159) Finish adding old regions to collection set (Maximum number of regions). Initial 8 regions, optional 0 regions
[2024-10-12T11:36:29.984+0800][debug][gc,ergo,cset] GC(159) Finish choosing collection set old regions. Initial: 8, optional: 0, predicted old time: 0.00ms, predicted optional time: 0.00ms, time remaining: 48.26
[2024-10-12T11:36:30.089+0800][debug][gc,ergo,cset] GC(160) Start adding old regions to collection set. Min 5 regions, max 8 regions, time remaining 48.81ms, optional threshold 9.76ms
[2024-10-12T11:36:30.089+0800][debug][gc,ergo,cset] GC(160) Finish adding old regions to collection set (Maximum number of regions). Initial 8 regions, optional 0 regions
[2024-10-12T11:36:30.089+0800][debug][gc,ergo,cset] GC(160) Finish choosing collection set old regions. Initial: 8, optional: 0, predicted old time: 0.00ms, predicted optional time: 0.00ms, time remaining: 47.44
[2024-10-12T11:36:30.194+0800][debug][gc,ergo,cset] GC(161) Start adding old regions to collection set. Min 5 regions, max 8 regions, time remaining 48.80ms, optional threshold 9.76ms
[2024-10-12T11:36:30.194+0800][debug][gc,ergo,cset] GC(161) Finish adding old regions to collection set (Maximum number of regions). Initial 8 regions, optional 0 regions
[2024-10-12T11:36:30.194+0800][debug][gc,ergo,cset] GC(161) Finish choosing collection set old regions. Initial: 8, optional: 0, predicted old time: 0.00ms, predicted optional time: 0.00ms, time remaining: 47.22
[2024-10-12T11:36:30.300+0800][debug][gc,ergo,cset] GC(162) Start adding old regions to collection set. Min 5 regions, max 8 regions, time remaining 48.76ms, optional threshold 9.75ms
[2024-10-12T11:36:30.300+0800][debug][gc,ergo,cset] GC(162) Finish adding old regions to collection set (Maximum number of regions). Initial 8 regions, optional 0 regions
[2024-10-12T11:36:30.300+0800][debug][gc,ergo,cset] GC(162) Finish choosing collection set old regions. Initial: 8, optional: 0, predicted old time: 0.00ms, predicted optional time: 0.00ms, time remaining: 47.01
[2024-10-12T11:36:30.406+0800][debug][gc,ergo,cset] GC(163) Start adding old regions to collection set. Min 5 regions, max 8 regions, time remaining 48.75ms, optional threshold 9.75ms
[2024-10-12T11:36:30.406+0800][debug][gc,ergo,cset] GC(163) Old candidate collection set empty.
[2024-10-12T11:36:30.406+0800][debug][gc,ergo,cset] GC(163) Finish choosing collection set old regions. Initial: 8, optional: 0, predicted old time: 0.00ms, predicted optional time: 0.00ms, time remaining: 46.62
[2024-10-12T11:36:30.711+0800][debug][gc,ergo,cset] GC(167) Pruned 0 regions out of 40, leaving 0 bytes waste (allowed 0)
[2024-10-12T11:36:30.938+0800][debug][gc,ergo,cset] Preventive GC, insufficient free regions. Predicted need 5. Curr Eden 1 (Pred 2). Curr Survivor 1 (Pred 1). Curr Old 52 (Pred 2) Free 5 Alloc 1
[2024-10-12T11:36:30.939+0800][debug][gc,ergo,cset] GC(169) Start adding old regions to collection set. Min 5 regions, max 8 regions, time remaining 49.17ms, optional threshold 9.83ms
[2024-10-12T11:36:30.939+0800][debug][gc,ergo,cset] GC(169) Finish adding old regions to collection set (Maximum number of regions). Initial 8 regions, optional 0 regions
[2024-10-12T11:36:30.939+0800][debug][gc,ergo,cset] GC(169) Finish choosing collection set old regions. Initial: 8, optional: 0, predicted old time: 0.00ms, predicted optional time: 0.00ms, time remaining: 48.40
[2024-10-12T11:36:31.043+0800][debug][gc,ergo,cset] GC(170) Start adding old regions to collection set. Min 5 regions, max 8 regions, time remaining 48.88ms, optional threshold 9.78ms
[2024-10-12T11:36:31.043+0800][debug][gc,ergo,cset] GC(170) Finish adding old regions to collection set (Maximum number of regions). Initial 8 regions, optional 0 regions
[2024-10-12T11:36:31.043+0800][debug][gc,ergo,cset] GC(170) Finish choosing collection set old regions. Initial: 8, optional: 0, predicted old time: 0.00ms, predicted optional time: 0.00ms, time remaining: 47.65
[2024-10-12T11:36:31.148+0800][debug][gc,ergo,cset] GC(171) Start adding old regions to collection set. Min 5 regions, max 8 regions, time remaining 48.83ms, optional threshold 9.77ms
[2024-10-12T11:36:31.148+0800][debug][gc,ergo,cset] GC(171) Finish adding old regions to collection set (Maximum number of regions). Initial 8 regions, optional 0 regions
[2024-10-12T11:36:31.148+0800][debug][gc,ergo,cset] GC(171) Finish choosing collection set old regions. Initial: 8, optional: 0, predicted old time: 0.00ms, predicted optional time: 0.00ms, time remaining: 47.28
[2024-10-12T11:36:31.254+0800][debug][gc,ergo,cset] GC(172) Start adding old regions to collection set. Min 5 regions, max 8 regions, time remaining 48.79ms, optional threshold 9.76ms
[2024-10-12T11:36:31.254+0800][debug][gc,ergo,cset] GC(172) Finish adding old regions to collection set (Maximum number of regions). Initial 8 regions, optional 0 regions
[2024-10-12T11:36:31.254+0800][debug][gc,ergo,cset] GC(172) Finish choosing collection set old regions. Initial: 8, optional: 0, predicted old time: 0.00ms, predicted optional time: 0.00ms, time remaining: 47.01
[2024-10-12T11:36:31.360+0800][debug][gc,ergo,cset] GC(173) Start adding old regions to collection set. Min 5 regions, max 8 regions, time remaining 48.78ms, optional threshold 9.76ms
[2024-10-12T11:36:31.360+0800][debug][gc,ergo,cset] GC(173) Old candidate collection set empty.
[2024-10-12T11:36:31.360+0800][debug][gc,ergo,cset] GC(173) Finish choosing collection set old regions. Initial: 8, optional: 0, predicted old time: 0.00ms, predicted optional time: 0.00ms, time remaining: 46.67
[2024-10-12T11:36:31.687+0800][debug][gc,ergo,cset] GC(177) Pruned 0 regions out of 34, leaving 0 bytes waste (allowed 0)
[2024-10-12T11:36:31.933+0800][debug][gc,ergo,cset] Preventive GC, insufficient free regions. Predicted need 6. Curr Eden 2 (Pred 3). Curr Survivor 1 (Pred 1). Curr Old 51 (Pred 2) Free 5 Alloc 1
[2024-10-12T11:36:31.934+0800][debug][gc,ergo,cset] GC(179) Start adding old regions to collection set. Min 5 regions, max 10 regions, time remaining 48.96ms, optional threshold 9.79ms
[2024-10-12T11:36:31.934+0800][debug][gc,ergo,cset] GC(179) Finish adding old regions to collection set (Maximum number of regions). Initial 10 regions, optional 0 regions
[2024-10-12T11:36:31.934+0800][debug][gc,ergo,cset] GC(179) Finish choosing collection set old regions. Initial: 10, optional: 0, predicted old time: 0.00ms, predicted optional time: 0.00ms, time remaining: 48.02
[2024-10-12T11:36:32.038+0800][debug][gc,ergo,cset] Preventive GC, insufficient free regions. Predicted need 7. Curr Eden 2 (Pred 3). Curr Survivor 1 (Pred 1). Curr Old 50 (Pred 3) Free 6 Alloc 1
[2024-10-12T11:36:32.038+0800][debug][gc,ergo,cset] GC(180) Start adding old regions to collection set. Min 5 regions, max 10 regions, time remaining 48.94ms, optional threshold 9.79ms
[2024-10-12T11:36:32.038+0800][debug][gc,ergo,cset] GC(180) Finish adding old regions to collection set (Maximum number of regions). Initial 10 regions, optional 0 regions
[2024-10-12T11:36:32.038+0800][debug][gc,ergo,cset] GC(180) Finish choosing collection set old regions. Initial: 10, optional: 0, predicted old time: 0.00ms, predicted optional time: 0.00ms, time remaining: 47.45
[2024-10-12T11:36:32.103+0800][debug][gc,ergo,cset] Preventive GC, insufficient free regions. Predicted need 7. Curr Eden 1 (Pred 2). Curr Survivor 1 (Pred 1). Curr Old 54 (Pred 4) Free 3 Alloc 1
[2024-10-12T11:36:32.103+0800][debug][gc,ergo,cset] GC(181) Start adding old regions to collection set. Min 5 regions, max 10 regions, time remaining 49.05ms, optional threshold 9.81ms
[2024-10-12T11:36:32.103+0800][debug][gc,ergo,cset] GC(181) Finish adding old regions to collection set (Maximum number of regions). Initial 10 regions, optional 0 regions
[2024-10-12T11:36:32.104+0800][debug][gc,ergo,cset] GC(181) Finish choosing collection set old regions. Initial: 10, optional: 0, predicted old time: 0.00ms, predicted optional time: 0.00ms, time remaining: 47.01
[2024-10-12T11:36:32.148+0800][debug][gc,ergo,cset] GC(182) Start adding old regions to collection set. Min 5 regions, max 10 regions, time remaining 49.03ms, optional threshold 9.81ms
[2024-10-12T11:36:32.148+0800][debug][gc,ergo,cset] GC(182) Old candidate collection set empty.
[2024-10-12T11:36:32.148+0800][debug][gc,ergo,cset] GC(182) Finish choosing collection set old regions. Initial: 4, optional: 0, predicted old time: 0.00ms, predicted optional time: 0.00ms, time remaining: 47.80
[2024-10-12T11:36:32.821+0800][debug][gc,ergo,cset] GC(189) Pruned 0 regions out of 39, leaving 0 bytes waste (allowed 0)
[2024-10-12T11:36:33.027+0800][debug][gc,ergo,cset] Preventive GC, insufficient free regions. Predicted need 5. Curr Eden 1 (Pred 2). Curr Survivor 1 (Pred 1). Curr Old 51 (Pred 2) Free 5 Alloc 1
[2024-10-12T11:36:33.027+0800][debug][gc,ergo,cset] GC(191) Start adding old regions to collection set. Min 5 regions, max 8 regions, time remaining 49.23ms, optional threshold 9.85ms
[2024-10-12T11:36:33.027+0800][debug][gc,ergo,cset] GC(191) Finish adding old regions to collection set (Maximum number of regions). Initial 8 regions, optional 0 regions
[2024-10-12T11:36:33.027+0800][debug][gc,ergo,cset] GC(191) Finish choosing collection set old regions. Initial: 8, optional: 0, predicted old time: 0.00ms, predicted optional time: 0.00ms, time remaining: 48.45
[2024-10-12T11:36:33.131+0800][debug][gc,ergo,cset] GC(192) Start adding old regions to collection set. Min 5 regions, max 8 regions, time remaining 48.98ms, optional threshold 9.80ms
[2024-10-12T11:36:33.131+0800][debug][gc,ergo,cset] GC(192) Finish adding old regions to collection set (Maximum number of regions). Initial 8 regions, optional 0 regions
[2024-10-12T11:36:33.131+0800][debug][gc,ergo,cset] GC(192) Finish choosing collection set old regions. Initial: 8, optional: 0, predicted old time: 0.00ms, predicted optional time: 0.00ms, time remaining: 47.71
[2024-10-12T11:36:33.237+0800][debug][gc,ergo,cset] GC(193) Start adding old regions to collection set. Min 5 regions, max 8 regions, time remaining 48.91ms, optional threshold 9.78ms
[2024-10-12T11:36:33.237+0800][debug][gc,ergo,cset] GC(193) Finish adding old regions to collection set (Maximum number of regions). Initial 8 regions, optional 0 regions
[2024-10-12T11:36:33.237+0800][debug][gc,ergo,cset] GC(193) Finish choosing collection set old regions. Initial: 8, optional: 0, predicted old time: 0.00ms, predicted optional time: 0.00ms, time remaining: 47.41
[2024-10-12T11:36:33.342+0800][debug][gc,ergo,cset] GC(194) Start adding old regions to collection set. Min 5 regions, max 8 regions, time remaining 48.87ms, optional threshold 9.77ms
[2024-10-12T11:36:33.342+0800][debug][gc,ergo,cset] GC(194) Finish adding old regions to collection set (Maximum number of regions). Initial 8 regions, optional 0 regions
[2024-10-12T11:36:33.342+0800][debug][gc,ergo,cset] GC(194) Finish choosing collection set old regions. Initial: 8, optional: 0, predicted old time: 0.00ms, predicted optional time: 0.00ms, time remaining: 47.05
[2024-10-12T11:36:33.448+0800][debug][gc,ergo,cset] GC(195) Start adding old regions to collection set. Min 5 regions, max 8 regions, time remaining 48.78ms, optional threshold 9.76ms
[2024-10-12T11:36:33.448+0800][debug][gc,ergo,cset] GC(195) Old candidate collection set empty.
[2024-10-12T11:36:33.448+0800][debug][gc,ergo,cset] GC(195) Finish choosing collection set old regions. Initial: 7, optional: 0, predicted old time: 0.00ms, predicted optional time: 0.00ms, time remaining: 46.70
[2024-10-12T11:36:33.773+0800][debug][gc,ergo,cset] GC(199) Pruned 0 regions out of 38, leaving 0 bytes waste (allowed 0)
[2024-10-12T11:36:33.980+0800][debug][gc,ergo,cset] Preventive GC, insufficient free regions. Predicted need 5. Curr Eden 1 (Pred 2). Curr Survivor 1 (Pred 1). Curr Old 52 (Pred 2) Free 5 Alloc 1
[2024-10-12T11:36:33.980+0800][debug][gc,ergo,cset] GC(201) Start adding old regions to collection set. Min 5 regions, max 8 regions, time remaining 49.18ms, optional threshold 9.84ms
[2024-10-12T11:36:33.980+0800][debug][gc,ergo,cset] GC(201) Finish adding old regions to collection set (Maximum number of regions). Initial 8 regions, optional 0 regions
[2024-10-12T11:36:33.980+0800][debug][gc,ergo,cset] GC(201) Finish choosing collection set old regions. Initial: 8, optional: 0, predicted old time: 0.00ms, predicted optional time: 0.00ms, time remaining: 48.56
[2024-10-12T11:36:34.085+0800][debug][gc,ergo,cset] GC(202) Start adding old regions to collection set. Min 5 regions, max 8 regions, time remaining 48.90ms, optional threshold 9.78ms
[2024-10-12T11:36:34.085+0800][debug][gc,ergo,cset] GC(202) Finish adding old regions to collection set (Maximum number of regions). Initial 8 regions, optional 0 regions
[2024-10-12T11:36:34.085+0800][debug][gc,ergo,cset] GC(202) Finish choosing collection set old regions. Initial: 8, optional: 0, predicted old time: 0.00ms, predicted optional time: 0.00ms, time remaining: 47.77
[2024-10-12T11:36:34.190+0800][debug][gc,ergo,cset] GC(203) Start adding old regions to collection set. Min 5 regions, max 8 regions, time remaining 48.83ms, optional threshold 9.77ms
[2024-10-12T11:36:34.190+0800][debug][gc,ergo,cset] GC(203) Finish adding old regions to collection set (Maximum number of regions). Initial 8 regions, optional 0 regions
[2024-10-12T11:36:34.190+0800][debug][gc,ergo,cset] GC(203) Finish choosing collection set old regions. Initial: 8, optional: 0, predicted old time: 0.00ms, predicted optional time: 0.00ms, time remaining: 47.34
[2024-10-12T11:36:34.296+0800][debug][gc,ergo,cset] GC(204) Start adding old regions to collection set. Min 5 regions, max 8 regions, time remaining 48.80ms, optional threshold 9.76ms
[2024-10-12T11:36:34.296+0800][debug][gc,ergo,cset] GC(204) Finish adding old regions to collection set (Maximum number of regions). Initial 8 regions, optional 0 regions
[2024-10-12T11:36:34.296+0800][debug][gc,ergo,cset] GC(204) Finish choosing collection set old regions. Initial: 8, optional: 0, predicted old time: 0.00ms, predicted optional time: 0.00ms, time remaining: 46.95
[2024-10-12T11:36:34.401+0800][debug][gc,ergo,cset] GC(205) Start adding old regions to collection set. Min 5 regions, max 8 regions, time remaining 48.77ms, optional threshold 9.75ms
[2024-10-12T11:36:34.401+0800][debug][gc,ergo,cset] GC(205) Old candidate collection set empty.
[2024-10-12T11:36:34.401+0800][debug][gc,ergo,cset] GC(205) Finish choosing collection set old regions. Initial: 6, optional: 0, predicted old time: 0.00ms, predicted optional time: 0.00ms, time remaining: 46.85
[2024-10-12T11:36:34.727+0800][debug][gc,ergo,cset] GC(209) Pruned 0 regions out of 39, leaving 0 bytes waste (allowed 0)
[2024-10-12T11:36:34.933+0800][debug][gc,ergo,cset] Preventive GC, insufficient free regions. Predicted need 5. Curr Eden 1 (Pred 2). Curr Survivor 1 (Pred 1). Curr Old 52 (Pred 2) Free 5 Alloc 1
[2024-10-12T11:36:34.933+0800][debug][gc,ergo,cset] GC(211) Start adding old regions to collection set. Min 5 regions, max 8 regions, time remaining 49.17ms, optional threshold 9.83ms
[2024-10-12T11:36:34.933+0800][debug][gc,ergo,cset] GC(211) Finish adding old regions to collection set (Maximum number of regions). Initial 8 regions, optional 0 regions
[2024-10-12T11:36:34.933+0800][debug][gc,ergo,cset] GC(211) Finish choosing collection set old regions. Initial: 8, optional: 0, predicted old time: 0.00ms, predicted optional time: 0.00ms, time remaining: 48.34
[2024-10-12T11:36:35.038+0800][debug][gc,ergo,cset] GC(212) Start adding old regions to collection set. Min 5 regions, max 8 regions, time remaining 48.94ms, optional threshold 9.79ms
[2024-10-12T11:36:35.038+0800][debug][gc,ergo,cset] GC(212) Finish adding old regions to collection set (Maximum number of regions). Initial 8 regions, optional 0 regions
[2024-10-12T11:36:35.038+0800][debug][gc,ergo,cset] GC(212) Finish choosing collection set old regions. Initial: 8, optional: 0, predicted old time: 0.00ms, predicted optional time: 0.00ms, time remaining: 47.75
[2024-10-12T11:36:35.143+0800][debug][gc,ergo,cset] GC(213) Start adding old regions to collection set. Min 5 regions, max 8 regions, time remaining 48.81ms, optional threshold 9.76ms
[2024-10-12T11:36:35.143+0800][debug][gc,ergo,cset] GC(213) Finish adding old regions to collection set (Maximum number of regions). Initial 8 regions, optional 0 regions
[2024-10-12T11:36:35.143+0800][debug][gc,ergo,cset] GC(213) Finish choosing collection set old regions. Initial: 8, optional: 0, predicted old time: 0.00ms, predicted optional time: 0.00ms, time remaining: 47.35
[2024-10-12T11:36:35.249+0800][debug][gc,ergo,cset] GC(214) Start adding old regions to collection set. Min 5 regions, max 8 regions, time remaining 48.82ms, optional threshold 9.76ms
[2024-10-12T11:36:35.249+0800][debug][gc,ergo,cset] GC(214) Finish adding old regions to collection set (Maximum number of regions). Initial 8 regions, optional 0 regions
[2024-10-12T11:36:35.249+0800][debug][gc,ergo,cset] GC(214) Finish choosing collection set old regions. Initial: 8, optional: 0, predicted old time: 0.00ms, predicted optional time: 0.00ms, time remaining: 47.23
[2024-10-12T11:36:35.355+0800][debug][gc,ergo,cset] GC(215) Start adding old regions to collection set. Min 5 regions, max 8 regions, time remaining 48.80ms, optional threshold 9.76ms
[2024-10-12T11:36:35.355+0800][debug][gc,ergo,cset] GC(215) Old candidate collection set empty.
[2024-10-12T11:36:35.355+0800][debug][gc,ergo,cset] GC(215) Finish choosing collection set old regions. Initial: 7, optional: 0, predicted old time: 0.00ms, predicted optional time: 0.00ms, time remaining: 46.78
[2024-10-12T11:36:35.682+0800][debug][gc,ergo,cset] GC(219) Pruned 0 regions out of 38, leaving 0 bytes waste (allowed 0)
[2024-10-12T11:36:35.928+0800][debug][gc,ergo,cset] Preventive GC, insufficient free regions. Predicted need 6. Curr Eden 2 (Pred 3). Curr Survivor 1 (Pred 1). Curr Old 51 (Pred 2) Free 5 Alloc 1
[2024-10-12T11:36:35.928+0800][debug][gc,ergo,cset] GC(221) Start adding old regions to collection set. Min 5 regions, max 8 regions, time remaining 48.91ms, optional threshold 9.78ms
[2024-10-12T11:36:35.928+0800][debug][gc,ergo,cset] GC(221) Finish adding old regions to collection set (Maximum number of regions). Initial 8 regions, optional 0 regions
[2024-10-12T11:36:35.928+0800][debug][gc,ergo,cset] GC(221) Finish choosing collection set old regions. Initial: 8, optional: 0, predicted old time: 0.00ms, predicted optional time: 0.00ms, time remaining: 48.06
[2024-10-12T11:36:35.991+0800][debug][gc,ergo,cset] Preventive GC, insufficient free regions. Predicted need 7. Curr Eden 1 (Pred 2). Curr Survivor 1 (Pred 1). Curr Old 50 (Pred 4) Free 7 Alloc 1
[2024-10-12T11:36:35.992+0800][debug][gc,ergo,cset] GC(222) Start adding old regions to collection set. Min 5 regions, max 8 regions, time remaining 49.14ms, optional threshold 9.83ms
[2024-10-12T11:36:35.992+0800][debug][gc,ergo,cset] GC(222) Finish adding old regions to collection set (Maximum number of regions). Initial 8 regions, optional 0 regions
[2024-10-12T11:36:35.992+0800][debug][gc,ergo,cset] GC(222) Finish choosing collection set old regions. Initial: 8, optional: 0, predicted old time: 0.00ms, predicted optional time: 0.00ms, time remaining: 47.90
[2024-10-12T11:36:36.097+0800][debug][gc,ergo,cset] Preventive GC, insufficient free regions. Predicted need 8. Curr Eden 2 (Pred 3). Curr Survivor 1 (Pred 1). Curr Old 48 (Pred 4) Free 8 Alloc 1
[2024-10-12T11:36:36.097+0800][debug][gc,ergo,cset] GC(223) Start adding old regions to collection set. Min 5 regions, max 8 regions, time remaining 48.88ms, optional threshold 9.78ms
[2024-10-12T11:36:36.097+0800][debug][gc,ergo,cset] GC(223) Finish adding old regions to collection set (Maximum number of regions). Initial 8 regions, optional 0 regions
[2024-10-12T11:36:36.097+0800][debug][gc,ergo,cset] GC(223) Finish choosing collection set old regions. Initial: 8, optional: 0, predicted old time: 0.00ms, predicted optional time: 0.00ms, time remaining: 47.45
[2024-10-12T11:36:36.202+0800][debug][gc,ergo,cset] GC(224) Start adding old regions to collection set. Min 5 regions, max 8 regions, time remaining 48.83ms, optional threshold 9.77ms
[2024-10-12T11:36:36.202+0800][debug][gc,ergo,cset] GC(224) Finish adding old regions to collection set (Maximum number of regions). Initial 8 regions, optional 0 regions
[2024-10-12T11:36:36.202+0800][debug][gc,ergo,cset] GC(224) Finish choosing collection set old regions. Initial: 8, optional: 0, predicted old time: 0.00ms, predicted optional time: 0.00ms, time remaining: 47.18
[2024-10-12T11:36:36.309+0800][debug][gc,ergo,cset] GC(225) Start adding old regions to collection set. Min 5 regions, max 8 regions, time remaining 48.78ms, optional threshold 9.76ms
[2024-10-12T11:36:36.309+0800][debug][gc,ergo,cset] GC(225) Old candidate collection set empty.
[2024-10-12T11:36:36.309+0800][debug][gc,ergo,cset] GC(225) Finish choosing collection set old regions. Initial: 6, optional: 0, predicted old time: 0.00ms, predicted optional time: 0.00ms, time remaining: 47.13
[2024-10-12T11:36:36.633+0800][debug][gc,ergo,cset] GC(229) Pruned 0 regions out of 43, leaving 0 bytes waste (allowed 0)
[2024-10-12T11:36:36.776+0800][debug][gc,ergo,cset] Preventive GC, insufficient free regions. Predicted need 4. Curr Eden 2 (Pred 3). Curr Survivor 1 (Pred 1). Curr Old 52 (Pred 0) Free 4 Alloc 1
[2024-10-12T11:36:36.839+0800][debug][gc,ergo,cset] Preventive GC, insufficient free regions. Predicted need 5. Curr Eden 1 (Pred 2). Curr Survivor 1 (Pred 1). Curr Old 54 (Pred 2) Free 3 Alloc 1
[2024-10-12T11:36:36.840+0800][debug][gc,ergo,cset] GC(231) Start adding old regions to collection set. Min 6 regions, max 8 regions, time remaining 49.16ms, optional threshold 9.83ms
[2024-10-12T11:36:36.840+0800][debug][gc,ergo,cset] GC(231) Finish adding old regions to collection set (Maximum number of regions). Initial 8 regions, optional 0 regions
[2024-10-12T11:36:36.840+0800][debug][gc,ergo,cset] GC(231) Finish choosing collection set old regions. Initial: 8, optional: 0, predicted old time: 0.00ms, predicted optional time: 0.00ms, time remaining: 48.46
[2024-10-12T11:36:36.882+0800][debug][gc,ergo,cset] Preventive GC, insufficient free regions. Predicted need 6. Curr Eden 1 (Pred 2). Curr Survivor 1 (Pred 1). Curr Old 52 (Pred 3) Free 5 Alloc 1
[2024-10-12T11:36:36.883+0800][debug][gc,ergo,cset] GC(232) Start adding old regions to collection set. Min 6 regions, max 8 regions, time remaining 49.15ms, optional threshold 9.83ms
[2024-10-12T11:36:36.883+0800][debug][gc,ergo,cset] GC(232) Finish adding old regions to collection set (Maximum number of regions). Initial 8 regions, optional 0 regions
[2024-10-12T11:36:36.883+0800][debug][gc,ergo,cset] GC(232) Finish choosing collection set old regions. Initial: 8, optional: 0, predicted old time: 0.00ms, predicted optional time: 0.00ms, time remaining: 48.09
[2024-10-12T11:36:36.946+0800][debug][gc,ergo,cset] Preventive GC, insufficient free regions. Predicted need 7. Curr Eden 1 (Pred 2). Curr Survivor 1 (Pred 1). Curr Old 55 (Pred 4) Free 2 Alloc 1
[2024-10-12T11:36:36.946+0800][debug][gc,ergo,cset] GC(233) Start adding old regions to collection set. Min 6 regions, max 8 regions, time remaining 49.13ms, optional threshold 9.83ms
[2024-10-12T11:36:36.946+0800][debug][gc,ergo,cset] GC(233) Finish adding old regions to collection set (Maximum number of regions). Initial 8 regions, optional 0 regions
[2024-10-12T11:36:36.946+0800][debug][gc,ergo,cset] GC(233) Finish choosing collection set old regions. Initial: 8, optional: 0, predicted old time: 0.00ms, predicted optional time: 0.00ms, time remaining: 47.89
[2024-10-12T11:36:36.990+0800][debug][gc,ergo,cset] GC(234) Start adding old regions to collection set. Min 6 regions, max 8 regions, time remaining 49.08ms, optional threshold 9.82ms
[2024-10-12T11:36:36.990+0800][debug][gc,ergo,cset] GC(234) Finish adding old regions to collection set (Maximum number of regions). Initial 8 regions, optional 0 regions
[2024-10-12T11:36:36.990+0800][debug][gc,ergo,cset] GC(234) Finish choosing collection set old regions. Initial: 8, optional: 0, predicted old time: 0.00ms, predicted optional time: 0.00ms, time remaining: 47.62
[2024-10-12T11:36:37.602+0800][debug][gc,ergo,cset] GC(241) Pruned 0 regions out of 33, leaving 0 bytes waste (allowed 0)
[2024-10-12T11:36:37.848+0800][debug][gc,ergo,cset] Preventive GC, insufficient free regions. Predicted need 6. Curr Eden 2 (Pred 3). Curr Survivor 1 (Pred 1). Curr Old 51 (Pred 2) Free 5 Alloc 1
[2024-10-12T11:36:37.848+0800][debug][gc,ergo,cset] GC(243) Start adding old regions to collection set. Min 5 regions, max 10 regions, time remaining 49.01ms, optional threshold 9.80ms
[2024-10-12T11:36:37.848+0800][debug][gc,ergo,cset] GC(243) Finish adding old regions to collection set (Maximum number of regions). Initial 10 regions, optional 0 regions
[2024-10-12T11:36:37.848+0800][debug][gc,ergo,cset] GC(243) Finish choosing collection set old regions. Initial: 10, optional: 0, predicted old time: 0.00ms, predicted optional time: 0.00ms, time remaining: 48.07
[2024-10-12T11:36:37.953+0800][debug][gc,ergo,cset] Preventive GC, insufficient free regions. Predicted need 7. Curr Eden 2 (Pred 3). Curr Survivor 1 (Pred 1). Curr Old 49 (Pred 3) Free 7 Alloc 1
[2024-10-12T11:36:37.953+0800][debug][gc,ergo,cset] GC(244) Start adding old regions to collection set. Min 5 regions, max 10 regions, time remaining 49.00ms, optional threshold 9.80ms
[2024-10-12T11:36:37.953+0800][debug][gc,ergo,cset] GC(244) Finish adding old regions to collection set (Maximum number of regions). Initial 10 regions, optional 0 regions
[2024-10-12T11:36:37.953+0800][debug][gc,ergo,cset] GC(244) Finish choosing collection set old regions. Initial: 10, optional: 0, predicted old time: 0.00ms, predicted optional time: 0.00ms, time remaining: 47.34
[2024-10-12T11:36:38.019+0800][debug][gc,ergo,cset] Preventive GC, insufficient free regions. Predicted need 8. Curr Eden 1 (Pred 2). Curr Survivor 1 (Pred 1). Curr Old 54 (Pred 5) Free 3 Alloc 1
[2024-10-12T11:36:38.019+0800][debug][gc,ergo,cset] GC(245) Start adding old regions to collection set. Min 5 regions, max 10 regions, time remaining 49.10ms, optional threshold 9.82ms
[2024-10-12T11:36:38.019+0800][debug][gc,ergo,cset] GC(245) Finish adding old regions to collection set (Maximum number of regions). Initial 10 regions, optional 0 regions
[2024-10-12T11:36:38.019+0800][debug][gc,ergo,cset] GC(245) Finish choosing collection set old regions. Initial: 10, optional: 0, predicted old time: 0.00ms, predicted optional time: 0.00ms, time remaining: 47.00
[2024-10-12T11:36:38.063+0800][debug][gc,ergo,cset] GC(246) Start adding old regions to collection set. Min 5 regions, max 10 regions, time remaining 49.04ms, optional threshold 9.81ms
[2024-10-12T11:36:38.063+0800][debug][gc,ergo,cset] GC(246) Old candidate collection set empty.
[2024-10-12T11:36:38.063+0800][debug][gc,ergo,cset] GC(246) Finish choosing collection set old regions. Initial: 3, optional: 0, predicted old time: 0.00ms, predicted optional time: 0.00ms, time remaining: 48.05
[2024-10-12T11:36:38.800+0800][debug][gc,ergo,cset] GC(253) Pruned 0 regions out of 38, leaving 0 bytes waste (allowed 0)
[2024-10-12T11:36:39.047+0800][debug][gc,ergo,cset] Preventive GC, insufficient free regions. Predicted need 6. Curr Eden 2 (Pred 3). Curr Survivor 1 (Pred 1). Curr Old 51 (Pred 2) Free 5 Alloc 1
[2024-10-12T11:36:39.047+0800][debug][gc,ergo,cset] GC(255) Start adding old regions to collection set. Min 5 regions, max 8 regions, time remaining 49.02ms, optional threshold 9.80ms
[2024-10-12T11:36:39.047+0800][debug][gc,ergo,cset] GC(255) Finish adding old regions to collection set (Maximum number of regions). Initial 8 regions, optional 0 regions
[2024-10-12T11:36:39.047+0800][debug][gc,ergo,cset] GC(255) Finish choosing collection set old regions. Initial: 8, optional: 0, predicted old time: 0.00ms, predicted optional time: 0.00ms, time remaining: 48.29
[2024-10-12T11:36:39.151+0800][debug][gc,ergo,cset] Preventive GC, insufficient free regions. Predicted need 8. Curr Eden 2 (Pred 3). Curr Survivor 1 (Pred 1). Curr Old 49 (Pred 4) Free 7 Alloc 1
[2024-10-12T11:36:39.152+0800][debug][gc,ergo,cset] GC(256) Start adding old regions to collection set. Min 5 regions, max 8 regions, time remaining 49.01ms, optional threshold 9.80ms
[2024-10-12T11:36:39.152+0800][debug][gc,ergo,cset] GC(256) Finish adding old regions to collection set (Maximum number of regions). Initial 8 regions, optional 0 regions
[2024-10-12T11:36:39.152+0800][debug][gc,ergo,cset] GC(256) Finish choosing collection set old regions. Initial: 8, optional: 0, predicted old time: 0.00ms, predicted optional time: 0.00ms, time remaining: 47.84
[2024-10-12T11:36:39.216+0800][debug][gc,ergo,cset] Preventive GC, insufficient free regions. Predicted need 7. Curr Eden 1 (Pred 2). Curr Survivor 1 (Pred 1). Curr Old 50 (Pred 4) Free 7 Alloc 1
[2024-10-12T11:36:39.216+0800][debug][gc,ergo,cset] GC(257) Start adding old regions to collection set. Min 5 regions, max 8 regions, time remaining 49.21ms, optional threshold 9.84ms
[2024-10-12T11:36:39.216+0800][debug][gc,ergo,cset] GC(257) Finish adding old regions to collection set (Maximum number of regions). Initial 8 regions, optional 0 regions
[2024-10-12T11:36:39.216+0800][debug][gc,ergo,cset] GC(257) Finish choosing collection set old regions. Initial: 8, optional: 0, predicted old time: 0.00ms, predicted optional time: 0.00ms, time remaining: 47.94
[2024-10-12T11:36:39.260+0800][debug][gc,ergo,cset] Preventive GC, insufficient free regions. Predicted need 7. Curr Eden 1 (Pred 2). Curr Survivor 1 (Pred 1). Curr Old 50 (Pred 4) Free 7 Alloc 1
[2024-10-12T11:36:39.260+0800][debug][gc,ergo,cset] GC(258) Start adding old regions to collection set. Min 5 regions, max 8 regions, time remaining 49.20ms, optional threshold 9.84ms
[2024-10-12T11:36:39.260+0800][debug][gc,ergo,cset] GC(258) Finish adding old regions to collection set (Maximum number of regions). Initial 8 regions, optional 0 regions
[2024-10-12T11:36:39.260+0800][debug][gc,ergo,cset] GC(258) Finish choosing collection set old regions. Initial: 8, optional: 0, predicted old time: 0.00ms, predicted optional time: 0.00ms, time remaining: 47.69
[2024-10-12T11:36:39.325+0800][debug][gc,ergo,cset] Preventive GC, insufficient free regions. Predicted need 7. Curr Eden 1 (Pred 2). Curr Survivor 1 (Pred 1). Curr Old 52 (Pred 4) Free 5 Alloc 1
[2024-10-12T11:36:39.325+0800][debug][gc,ergo,cset] GC(259) Start adding old regions to collection set. Min 5 regions, max 8 regions, time remaining 49.15ms, optional threshold 9.83ms
[2024-10-12T11:36:39.325+0800][debug][gc,ergo,cset] GC(259) Old candidate collection set empty.
[2024-10-12T11:36:39.325+0800][debug][gc,ergo,cset] GC(259) Finish choosing collection set old regions. Initial: 6, optional: 0, predicted old time: 0.00ms, predicted optional time: 0.00ms, time remaining: 47.34
[2024-10-12T11:36:39.370+0800][debug][gc,ergo,cset] Preventive GC, insufficient free regions. Predicted need 3. Curr Eden 1 (Pred 2). Curr Survivor 1 (Pred 1). Curr Old 54 (Pred 0) Free 3 Alloc 1
[2024-10-12T11:36:39.382+0800][debug][gc,ergo,cset] GC(261) Pruned 0 regions out of 39, leaving 0 bytes waste (allowed 0)
[2024-10-12T11:36:39.484+0800][debug][gc,ergo,cset] Preventive GC, insufficient free regions. Predicted need 3. Curr Eden 1 (Pred 2). Curr Survivor 1 (Pred 1). Curr Old 54 (Pred 0) Free 3 Alloc 1
[2024-10-12T11:36:39.527+0800][debug][gc,ergo,cset] Preventive GC, insufficient free regions. Predicted need 4. Curr Eden 1 (Pred 2). Curr Survivor 1 (Pred 1). Curr Old 55 (Pred 1) Free 2 Alloc 1
[2024-10-12T11:36:39.527+0800][debug][gc,ergo,cset] GC(263) Start adding old regions to collection set. Min 5 regions, max 8 regions, time remaining 49.21ms, optional threshold 9.84ms
[2024-10-12T11:36:39.527+0800][debug][gc,ergo,cset] GC(263) Finish adding old regions to collection set (Maximum number of regions). Initial 8 regions, optional 0 regions
[2024-10-12T11:36:39.527+0800][debug][gc,ergo,cset] GC(263) Finish choosing collection set old regions. Initial: 8, optional: 0, predicted old time: 0.00ms, predicted optional time: 0.00ms, time remaining: 49.00
[2024-10-12T11:36:39.590+0800][debug][gc,ergo,cset] Preventive GC, insufficient free regions. Predicted need 5. Curr Eden 1 (Pred 2). Curr Survivor 1 (Pred 1). Curr Old 53 (Pred 2) Free 4 Alloc 1
[2024-10-12T11:36:39.590+0800][debug][gc,ergo,cset] GC(264) Start adding old regions to collection set. Min 5 regions, max 8 regions, time remaining 49.19ms, optional threshold 9.84ms
[2024-10-12T11:36:39.590+0800][debug][gc,ergo,cset] GC(264) Finish adding old regions to collection set (Maximum number of regions). Initial 8 regions, optional 0 regions
[2024-10-12T11:36:39.590+0800][debug][gc,ergo,cset] GC(264) Finish choosing collection set old regions. Initial: 8, optional: 0, predicted old time: 0.00ms, predicted optional time: 0.00ms, time remaining: 48.69
[2024-10-12T11:36:39.695+0800][debug][gc,ergo,cset] Preventive GC, insufficient free regions. Predicted need 7. Curr Eden 2 (Pred 3). Curr Survivor 1 (Pred 1). Curr Old 48 (Pred 3) Free 7 Alloc 1
[2024-10-12T11:36:39.695+0800][debug][gc,ergo,cset] GC(265) Start adding old regions to collection set. Min 5 regions, max 8 regions, time remaining 48.97ms, optional threshold 9.79ms
[2024-10-12T11:36:39.695+0800][debug][gc,ergo,cset] GC(265) Finish adding old regions to collection set (Maximum number of regions). Initial 8 regions, optional 0 regions
[2024-10-12T11:36:39.695+0800][debug][gc,ergo,cset] GC(265) Finish choosing collection set old regions. Initial: 8, optional: 0, predicted old time: 0.00ms, predicted optional time: 0.00ms, time remaining: 47.86
[2024-10-12T11:36:39.800+0800][debug][gc,ergo,cset] Preventive GC, insufficient free regions. Predicted need 8. Curr Eden 2 (Pred 3). Curr Survivor 1 (Pred 1). Curr Old 49 (Pred 4) Free 7 Alloc 1
[2024-10-12T11:36:39.800+0800][debug][gc,ergo,cset] GC(266) Start adding old regions to collection set. Min 5 regions, max 8 regions, time remaining 48.96ms, optional threshold 9.79ms
[2024-10-12T11:36:39.800+0800][debug][gc,ergo,cset] GC(266) Finish adding old regions to collection set (Maximum number of regions). Initial 8 regions, optional 0 regions
[2024-10-12T11:36:39.800+0800][debug][gc,ergo,cset] GC(266) Finish choosing collection set old regions. Initial: 8, optional: 0, predicted old time: 0.00ms, predicted optional time: 0.00ms, time remaining: 47.50
[2024-10-12T11:36:39.864+0800][debug][gc,ergo,cset] Preventive GC, insufficient free regions. Predicted need 8. Curr Eden 1 (Pred 2). Curr Survivor 1 (Pred 1). Curr Old 55 (Pred 5) Free 2 Alloc 1
[2024-10-12T11:36:39.864+0800][debug][gc,ergo,cset] GC(267) Start adding old regions to collection set. Min 5 regions, max 8 regions, time remaining 49.17ms, optional threshold 9.83ms
[2024-10-12T11:36:39.864+0800][debug][gc,ergo,cset] GC(267) Old candidate collection set empty.
[2024-10-12T11:36:39.864+0800][debug][gc,ergo,cset] GC(267) Finish choosing collection set old regions. Initial: 7, optional: 0, predicted old time: 0.00ms, predicted optional time: 0.00ms, time remaining: 47.53
[2024-10-12T11:36:40.585+0800][debug][gc,ergo,cset] GC(276) Pruned 0 regions out of 38, leaving 0 bytes waste (allowed 0)
[2024-10-12T11:36:40.831+0800][debug][gc,ergo,cset] Preventive GC, insufficient free regions. Predicted need 6. Curr Eden 2 (Pred 3). Curr Survivor 1 (Pred 1). Curr Old 51 (Pred 2) Free 5 Alloc 1
[2024-10-12T11:36:40.831+0800][debug][gc,ergo,cset] GC(278) Start adding old regions to collection set. Min 5 regions, max 8 regions, time remaining 49.01ms, optional threshold 9.80ms
[2024-10-12T11:36:40.831+0800][debug][gc,ergo,cset] GC(278) Finish adding old regions to collection set (Maximum number of regions). Initial 8 regions, optional 0 regions
[2024-10-12T11:36:40.831+0800][debug][gc,ergo,cset] GC(278) Finish choosing collection set old regions. Initial: 8, optional: 0, predicted old time: 0.00ms, predicted optional time: 0.00ms, time remaining: 48.33
[2024-10-12T11:36:40.894+0800][debug][gc,ergo,cset] Preventive GC, insufficient free regions. Predicted need 7. Curr Eden 1 (Pred 2). Curr Survivor 1 (Pred 1). Curr Old 52 (Pred 4) Free 5 Alloc 1
[2024-10-12T11:36:40.894+0800][debug][gc,ergo,cset] GC(279) Start adding old regions to collection set. Min 5 regions, max 8 regions, time remaining 49.22ms, optional threshold 9.84ms
[2024-10-12T11:36:40.894+0800][debug][gc,ergo,cset] GC(279) Finish adding old regions to collection set (Maximum number of regions). Initial 8 regions, optional 0 regions
[2024-10-12T11:36:40.894+0800][debug][gc,ergo,cset] GC(279) Finish choosing collection set old regions. Initial: 8, optional: 0, predicted old time: 0.00ms, predicted optional time: 0.00ms, time remaining: 48.06
[2024-10-12T11:36:40.937+0800][debug][gc,ergo,cset] Preventive GC, insufficient free regions. Predicted need 7. Curr Eden 1 (Pred 2). Curr Survivor 1 (Pred 1). Curr Old 54 (Pred 4) Free 3 Alloc 1
[2024-10-12T11:36:40.938+0800][debug][gc,ergo,cset] GC(280) Start adding old regions to collection set. Min 5 regions, max 8 regions, time remaining 49.20ms, optional threshold 9.84ms
[2024-10-12T11:36:40.938+0800][debug][gc,ergo,cset] GC(280) Finish adding old regions to collection set (Maximum number of regions). Initial 8 regions, optional 0 regions
[2024-10-12T11:36:40.938+0800][debug][gc,ergo,cset] GC(280) Finish choosing collection set old regions. Initial: 8, optional: 0, predicted old time: 0.00ms, predicted optional time: 0.00ms, time remaining: 47.93
[2024-10-12T11:36:41.001+0800][debug][gc,ergo,cset] GC(281) Start adding old regions to collection set. Min 5 regions, max 8 regions, time remaining 49.18ms, optional threshold 9.84ms
[2024-10-12T11:36:41.001+0800][debug][gc,ergo,cset] GC(281) Finish adding old regions to collection set (Maximum number of regions). Initial 8 regions, optional 0 regions
[2024-10-12T11:36:41.001+0800][debug][gc,ergo,cset] GC(281) Finish choosing collection set old regions. Initial: 8, optional: 0, predicted old time: 0.00ms, predicted optional time: 0.00ms, time remaining: 47.76
[2024-10-12T11:36:41.612+0800][debug][gc,ergo,cset] GC(287) Pruned 0 regions out of 34, leaving 0 bytes waste (allowed 0)
[2024-10-12T11:36:41.857+0800][debug][gc,ergo,cset] GC(289) Start adding old regions to collection set. Min 5 regions, max 10 regions, time remaining 49.03ms, optional threshold 9.81ms
[2024-10-12T11:36:41.857+0800][debug][gc,ergo,cset] GC(289) Finish adding old regions to collection set (Maximum number of regions). Initial 10 regions, optional 0 regions
[2024-10-12T11:36:41.857+0800][debug][gc,ergo,cset] GC(289) Finish choosing collection set old regions. Initial: 10, optional: 0, predicted old time: 0.00ms, predicted optional time: 0.00ms, time remaining: 47.97
[2024-10-12T11:36:41.963+0800][debug][gc,ergo,cset] Preventive GC, insufficient free regions. Predicted need 7. Curr Eden 2 (Pred 3). Curr Survivor 1 (Pred 1). Curr Old 48 (Pred 3) Free 7 Alloc 1
[2024-10-12T11:36:41.963+0800][debug][gc,ergo,cset] GC(290) Start adding old regions to collection set. Min 5 regions, max 10 regions, time remaining 49.02ms, optional threshold 9.80ms
[2024-10-12T11:36:41.963+0800][debug][gc,ergo,cset] GC(290) Finish adding old regions to collection set (Maximum number of regions). Initial 10 regions, optional 0 regions
[2024-10-12T11:36:41.963+0800][debug][gc,ergo,cset] GC(290) Finish choosing collection set old regions. Initial: 10, optional: 0, predicted old time: 0.00ms, predicted optional time: 0.00ms, time remaining: 47.56
[2024-10-12T11:36:42.027+0800][debug][gc,ergo,cset] Preventive GC, insufficient free regions. Predicted need 7. Curr Eden 1 (Pred 2). Curr Survivor 1 (Pred 1). Curr Old 54 (Pred 4) Free 3 Alloc 1
[2024-10-12T11:36:42.027+0800][debug][gc,ergo,cset] GC(291) Start adding old regions to collection set. Min 5 regions, max 10 regions, time remaining 49.19ms, optional threshold 9.84ms
[2024-10-12T11:36:42.027+0800][debug][gc,ergo,cset] GC(291) Finish adding old regions to collection set (Maximum number of regions). Initial 10 regions, optional 0 regions
[2024-10-12T11:36:42.027+0800][debug][gc,ergo,cset] GC(291) Finish choosing collection set old regions. Initial: 10, optional: 0, predicted old time: 0.00ms, predicted optional time: 0.00ms, time remaining: 47.34
[2024-10-12T11:36:42.072+0800][debug][gc,ergo,cset] GC(292) Start adding old regions to collection set. Min 5 regions, max 10 regions, time remaining 49.10ms, optional threshold 9.82ms
[2024-10-12T11:36:42.072+0800][debug][gc,ergo,cset] GC(292) Old candidate collection set empty.
[2024-10-12T11:36:42.072+0800][debug][gc,ergo,cset] GC(292) Finish choosing collection set old regions. Initial: 4, optional: 0, predicted old time: 0.00ms, predicted optional time: 0.00ms, time remaining: 47.74
[2024-10-12T11:36:42.746+0800][debug][gc,ergo,cset] GC(299) Pruned 0 regions out of 41, leaving 0 bytes waste (allowed 0)
[2024-10-12T11:36:42.951+0800][debug][gc,ergo,cset] Preventive GC, insufficient free regions. Predicted need 6. Curr Eden 1 (Pred 2). Curr Survivor 1 (Pred 1). Curr Old 51 (Pred 3) Free 6 Alloc 1
[2024-10-12T11:36:42.952+0800][debug][gc,ergo,cset] GC(301) Start adding old regions to collection set. Min 6 regions, max 8 regions, time remaining 49.23ms, optional threshold 9.85ms
[2024-10-12T11:36:42.952+0800][debug][gc,ergo,cset] GC(301) Finish adding old regions to collection set (Maximum number of regions). Initial 8 regions, optional 0 regions
[2024-10-12T11:36:42.952+0800][debug][gc,ergo,cset] GC(301) Finish choosing collection set old regions. Initial: 8, optional: 0, predicted old time: 0.00ms, predicted optional time: 0.00ms, time remaining: 48.50
[2024-10-12T11:36:43.056+0800][debug][gc,ergo,cset] Preventive GC, insufficient free regions. Predicted need 8. Curr Eden 2 (Pred 3). Curr Survivor 1 (Pred 1). Curr Old 48 (Pred 4) Free 8 Alloc 1
[2024-10-12T11:36:43.056+0800][debug][gc,ergo,cset] GC(302) Start adding old regions to collection set. Min 6 regions, max 8 regions, time remaining 48.97ms, optional threshold 9.79ms
[2024-10-12T11:36:43.056+0800][debug][gc,ergo,cset] GC(302) Finish adding old regions to collection set (Maximum number of regions). Initial 8 regions, optional 0 regions
[2024-10-12T11:36:43.056+0800][debug][gc,ergo,cset] GC(302) Finish choosing collection set old regions. Initial: 8, optional: 0, predicted old time: 0.00ms, predicted optional time: 0.00ms, time remaining: 47.90
[2024-10-12T11:36:43.161+0800][debug][gc,ergo,cset] GC(303) Start adding old regions to collection set. Min 6 regions, max 8 regions, time remaining 48.88ms, optional threshold 9.78ms
[2024-10-12T11:36:43.161+0800][debug][gc,ergo,cset] GC(303) Finish adding old regions to collection set (Maximum number of regions). Initial 8 regions, optional 0 regions
[2024-10-12T11:36:43.161+0800][debug][gc,ergo,cset] GC(303) Finish choosing collection set old regions. Initial: 8, optional: 0, predicted old time: 0.00ms, predicted optional time: 0.00ms, time remaining: 47.55
[2024-10-12T11:36:43.266+0800][debug][gc,ergo,cset] GC(304) Start adding old regions to collection set. Min 6 regions, max 8 regions, time remaining 48.89ms, optional threshold 9.78ms
[2024-10-12T11:36:43.266+0800][debug][gc,ergo,cset] GC(304) Finish adding old regions to collection set (Maximum number of regions). Initial 8 regions, optional 0 regions
[2024-10-12T11:36:43.266+0800][debug][gc,ergo,cset] GC(304) Finish choosing collection set old regions. Initial: 8, optional: 0, predicted old time: 0.00ms, predicted optional time: 0.00ms, time remaining: 47.44
[2024-10-12T11:36:43.371+0800][debug][gc,ergo,cset] GC(305) Start adding old regions to collection set. Min 6 regions, max 8 regions, time remaining 48.86ms, optional threshold 9.77ms
[2024-10-12T11:36:43.371+0800][debug][gc,ergo,cset] GC(305) Finish adding old regions to collection set (Maximum number of regions). Initial 8 regions, optional 0 regions
[2024-10-12T11:36:43.371+0800][debug][gc,ergo,cset] GC(305) Finish choosing collection set old regions. Initial: 8, optional: 0, predicted old time: 0.00ms, predicted optional time: 0.00ms, time remaining: 46.50
[2024-10-12T11:36:43.479+0800][debug][gc,ergo,cset] GC(306) Start adding old regions to collection set. Min 6 regions, max 8 regions, time remaining 48.65ms, optional threshold 9.73ms
[2024-10-12T11:36:43.479+0800][debug][gc,ergo,cset] GC(306) Old candidate collection set empty.
[2024-10-12T11:36:43.479+0800][debug][gc,ergo,cset] GC(306) Finish choosing collection set old regions. Initial: 1, optional: 0, predicted old time: 0.00ms, predicted optional time: 0.00ms, time remaining: 48.15
[2024-10-12T11:36:43.803+0800][debug][gc,ergo,cset] GC(310) Pruned 0 regions out of 42, leaving 0 bytes waste (allowed 0)
[2024-10-12T11:36:44.008+0800][debug][gc,ergo,cset] Preventive GC, insufficient free regions. Predicted need 5. Curr Eden 1 (Pred 2). Curr Survivor 1 (Pred 1). Curr Old 53 (Pred 2) Free 4 Alloc 1
[2024-10-12T11:36:44.008+0800][debug][gc,ergo,cset] GC(312) Start adding old regions to collection set. Min 6 regions, max 8 regions, time remaining 49.15ms, optional threshold 9.83ms
[2024-10-12T11:36:44.008+0800][debug][gc,ergo,cset] GC(312) Finish adding old regions to collection set (Maximum number of regions). Initial 8 regions, optional 0 regions
[2024-10-12T11:36:44.008+0800][debug][gc,ergo,cset] GC(312) Finish choosing collection set old regions. Initial: 8, optional: 0, predicted old time: 0.00ms, predicted optional time: 0.00ms, time remaining: 48.26
[2024-10-12T11:36:44.113+0800][debug][gc,ergo,cset] Preventive GC, insufficient free regions. Predicted need 7. Curr Eden 2 (Pred 3). Curr Survivor 1 (Pred 1). Curr Old 48 (Pred 3) Free 7 Alloc 1
[2024-10-12T11:36:44.114+0800][debug][gc,ergo,cset] GC(313) Start adding old regions to collection set. Min 6 regions, max 8 regions, time remaining 48.89ms, optional threshold 9.78ms
[2024-10-12T11:36:44.114+0800][debug][gc,ergo,cset] GC(313) Finish adding old regions to collection set (Maximum number of regions). Initial 8 regions, optional 0 regions
[2024-10-12T11:36:44.114+0800][debug][gc,ergo,cset] GC(313) Finish choosing collection set old regions. Initial: 8, optional: 0, predicted old time: 0.00ms, predicted optional time: 0.00ms, time remaining: 47.63
[2024-10-12T11:36:44.218+0800][debug][gc,ergo,cset] GC(314) Start adding old regions to collection set. Min 6 regions, max 8 regions, time remaining 48.90ms, optional threshold 9.78ms
[2024-10-12T11:36:44.218+0800][debug][gc,ergo,cset] GC(314) Finish adding old regions to collection set (Maximum number of regions). Initial 8 regions, optional 0 regions
[2024-10-12T11:36:44.218+0800][debug][gc,ergo,cset] GC(314) Finish choosing collection set old regions. Initial: 8, optional: 0, predicted old time: 0.00ms, predicted optional time: 0.00ms, time remaining: 47.37
[2024-10-12T11:36:44.324+0800][debug][gc,ergo,cset] GC(315) Start adding old regions to collection set. Min 6 regions, max 8 regions, time remaining 48.88ms, optional threshold 9.78ms
[2024-10-12T11:36:44.324+0800][debug][gc,ergo,cset] GC(315) Finish adding old regions to collection set (Maximum number of regions). Initial 8 regions, optional 0 regions
[2024-10-12T11:36:44.324+0800][debug][gc,ergo,cset] GC(315) Finish choosing collection set old regions. Initial: 8, optional: 0, predicted old time: 0.00ms, predicted optional time: 0.00ms, time remaining: 47.22
[2024-10-12T11:36:44.429+0800][debug][gc,ergo,cset] GC(316) Start adding old regions to collection set. Min 6 regions, max 8 regions, time remaining 48.83ms, optional threshold 9.77ms
[2024-10-12T11:36:44.429+0800][debug][gc,ergo,cset] GC(316) Finish adding old regions to collection set (Maximum number of regions). Initial 8 regions, optional 0 regions
[2024-10-12T11:36:44.429+0800][debug][gc,ergo,cset] GC(316) Finish choosing collection set old regions. Initial: 8, optional: 0, predicted old time: 0.00ms, predicted optional time: 0.00ms, time remaining: 46.79
[2024-10-12T11:36:44.536+0800][debug][gc,ergo,cset] GC(317) Start adding old regions to collection set. Min 6 regions, max 8 regions, time remaining 48.75ms, optional threshold 9.75ms
[2024-10-12T11:36:44.536+0800][debug][gc,ergo,cset] GC(317) Old candidate collection set empty.
[2024-10-12T11:36:44.536+0800][debug][gc,ergo,cset] GC(317) Finish choosing collection set old regions. Initial: 2, optional: 0, predicted old time: 0.00ms, predicted optional time: 0.00ms, time remaining: 47.87
[2024-10-12T11:36:44.860+0800][debug][gc,ergo,cset] GC(321) Pruned 0 regions out of 37, leaving 0 bytes waste (allowed 0)
[2024-10-12T11:36:45.066+0800][debug][gc,ergo,cset] Preventive GC, insufficient free regions. Predicted need 5. Curr Eden 1 (Pred 2). Curr Survivor 1 (Pred 1). Curr Old 53 (Pred 2) Free 4 Alloc 1
[2024-10-12T11:36:45.067+0800][debug][gc,ergo,cset] GC(323) Start adding old regions to collection set. Min 5 regions, max 8 regions, time remaining 49.14ms, optional threshold 9.83ms
[2024-10-12T11:36:45.067+0800][debug][gc,ergo,cset] GC(323) Finish adding old regions to collection set (Maximum number of regions). Initial 8 regions, optional 0 regions
[2024-10-12T11:36:45.067+0800][debug][gc,ergo,cset] GC(323) Finish choosing collection set old regions. Initial: 8, optional: 0, predicted old time: 0.00ms, predicted optional time: 0.00ms, time remaining: 48.20
[2024-10-12T11:36:45.171+0800][debug][gc,ergo,cset] GC(324) Start adding old regions to collection set. Min 5 regions, max 8 regions, time remaining 48.91ms, optional threshold 9.78ms
[2024-10-12T11:36:45.171+0800][debug][gc,ergo,cset] GC(324) Finish adding old regions to collection set (Maximum number of regions). Initial 8 regions, optional 0 regions
[2024-10-12T11:36:45.171+0800][debug][gc,ergo,cset] GC(324) Finish choosing collection set old regions. Initial: 8, optional: 0, predicted old time: 0.00ms, predicted optional time: 0.00ms, time remaining: 47.79
[2024-10-12T11:36:45.276+0800][debug][gc,ergo,cset] GC(325) Start adding old regions to collection set. Min 5 regions, max 8 regions, time remaining 48.88ms, optional threshold 9.78ms
[2024-10-12T11:36:45.276+0800][debug][gc,ergo,cset] GC(325) Finish adding old regions to collection set (Maximum number of regions). Initial 8 regions, optional 0 regions
[2024-10-12T11:36:45.276+0800][debug][gc,ergo,cset] GC(325) Finish choosing collection set old regions. Initial: 8, optional: 0, predicted old time: 0.00ms, predicted optional time: 0.00ms, time remaining: 47.45
[2024-10-12T11:36:45.381+0800][debug][gc,ergo,cset] GC(326) Start adding old regions to collection set. Min 5 regions, max 8 regions, time remaining 48.85ms, optional threshold 9.77ms
[2024-10-12T11:36:45.381+0800][debug][gc,ergo,cset] GC(326) Finish adding old regions to collection set (Maximum number of regions). Initial 8 regions, optional 0 regions
[2024-10-12T11:36:45.381+0800][debug][gc,ergo,cset] GC(326) Finish choosing collection set old regions. Initial: 8, optional: 0, predicted old time: 0.00ms, predicted optional time: 0.00ms, time remaining: 47.14
[2024-10-12T11:36:45.487+0800][debug][gc,ergo,cset] GC(327) Start adding old regions to collection set. Min 5 regions, max 8 regions, time remaining 48.81ms, optional threshold 9.76ms
[2024-10-12T11:36:45.487+0800][debug][gc,ergo,cset] GC(327) Old candidate collection set empty.
[2024-10-12T11:36:45.487+0800][debug][gc,ergo,cset] GC(327) Finish choosing collection set old regions. Initial: 5, optional: 0, predicted old time: 0.00ms, predicted optional time: 0.00ms, time remaining: 47.27
[2024-10-12T11:36:45.811+0800][debug][gc,ergo,cset] GC(331) Pruned 0 regions out of 43, leaving 0 bytes waste (allowed 0)
[2024-10-12T11:36:46.018+0800][debug][gc,ergo,cset] Preventive GC, insufficient free regions. Predicted need 5. Curr Eden 1 (Pred 2). Curr Survivor 1 (Pred 1). Curr Old 52 (Pred 2) Free 5 Alloc 1
[2024-10-12T11:36:46.018+0800][debug][gc,ergo,cset] GC(333) Start adding old regions to collection set. Min 6 regions, max 8 regions, time remaining 49.14ms, optional threshold 9.83ms
[2024-10-12T11:36:46.018+0800][debug][gc,ergo,cset] GC(333) Finish adding old regions to collection set (Maximum number of regions). Initial 8 regions, optional 0 regions
[2024-10-12T11:36:46.018+0800][debug][gc,ergo,cset] GC(333) Finish choosing collection set old regions. Initial: 8, optional: 0, predicted old time: 0.00ms, predicted optional time: 0.00ms, time remaining: 48.31
[2024-10-12T11:36:46.123+0800][debug][gc,ergo,cset] GC(334) Start adding old regions to collection set. Min 6 regions, max 8 regions, time remaining 48.86ms, optional threshold 9.77ms
[2024-10-12T11:36:46.123+0800][debug][gc,ergo,cset] GC(334) Finish adding old regions to collection set (Maximum number of regions). Initial 8 regions, optional 0 regions
[2024-10-12T11:36:46.123+0800][debug][gc,ergo,cset] GC(334) Finish choosing collection set old regions. Initial: 8, optional: 0, predicted old time: 0.00ms, predicted optional time: 0.00ms, time remaining: 47.65
[2024-10-12T11:36:46.228+0800][debug][gc,ergo,cset] GC(335) Start adding old regions to collection set. Min 6 regions, max 8 regions, time remaining 48.77ms, optional threshold 9.75ms
[2024-10-12T11:36:46.228+0800][debug][gc,ergo,cset] GC(335) Finish adding old regions to collection set (Maximum number of regions). Initial 8 regions, optional 0 regions
[2024-10-12T11:36:46.228+0800][debug][gc,ergo,cset] GC(335) Finish choosing collection set old regions. Initial: 8, optional: 0, predicted old time: 0.00ms, predicted optional time: 0.00ms, time remaining: 47.15
[2024-10-12T11:36:46.334+0800][debug][gc,ergo,cset] GC(336) Start adding old regions to collection set. Min 6 regions, max 8 regions, time remaining 48.76ms, optional threshold 9.75ms
[2024-10-12T11:36:46.334+0800][debug][gc,ergo,cset] GC(336) Finish adding old regions to collection set (Maximum number of regions). Initial 8 regions, optional 0 regions
[2024-10-12T11:36:46.334+0800][debug][gc,ergo,cset] GC(336) Finish choosing collection set old regions. Initial: 8, optional: 0, predicted old time: 0.00ms, predicted optional time: 0.00ms, time remaining: 46.96
[2024-10-12T11:36:46.440+0800][debug][gc,ergo,cset] GC(337) Start adding old regions to collection set. Min 6 regions, max 8 regions, time remaining 48.78ms, optional threshold 9.76ms
[2024-10-12T11:36:46.440+0800][debug][gc,ergo,cset] GC(337) Finish adding old regions to collection set (Maximum number of regions). Initial 8 regions, optional 0 regions
[2024-10-12T11:36:46.440+0800][debug][gc,ergo,cset] GC(337) Finish choosing collection set old regions. Initial: 8, optional: 0, predicted old time: 0.00ms, predicted optional time: 0.00ms, time remaining: 46.91
[2024-10-12T11:36:46.546+0800][debug][gc,ergo,cset] GC(338) Start adding old regions to collection set. Min 6 regions, max 8 regions, time remaining 48.77ms, optional threshold 9.75ms
[2024-10-12T11:36:46.546+0800][debug][gc,ergo,cset] GC(338) Old candidate collection set empty.
[2024-10-12T11:36:46.546+0800][debug][gc,ergo,cset] GC(338) Finish choosing collection set old regions. Initial: 3, optional: 0, predicted old time: 0.00ms, predicted optional time: 0.00ms, time remaining: 47.84
[2024-10-12T11:36:46.871+0800][debug][gc,ergo,cset] GC(342) Pruned 0 regions out of 37, leaving 0 bytes waste (allowed 0)
[2024-10-12T11:36:47.014+0800][debug][gc,ergo,cset] Preventive GC, insufficient free regions. Predicted need 4. Curr Eden 2 (Pred 3). Curr Survivor 1 (Pred 1). Curr Old 52 (Pred 0) Free 4 Alloc 1
[2024-10-12T11:36:47.077+0800][debug][gc,ergo,cset] Preventive GC, insufficient free regions. Predicted need 5. Curr Eden 1 (Pred 2). Curr Survivor 1 (Pred 1). Curr Old 54 (Pred 2) Free 3 Alloc 1
[2024-10-12T11:36:47.077+0800][debug][gc,ergo,cset] GC(344) Start adding old regions to collection set. Min 5 regions, max 8 regions, time remaining 49.17ms, optional threshold 9.83ms
[2024-10-12T11:36:47.077+0800][debug][gc,ergo,cset] GC(344) Finish adding old regions to collection set (Maximum number of regions). Initial 8 regions, optional 0 regions
[2024-10-12T11:36:47.077+0800][debug][gc,ergo,cset] GC(344) Finish choosing collection set old regions. Initial: 8, optional: 0, predicted old time: 0.00ms, predicted optional time: 0.00ms, time remaining: 48.42
[2024-10-12T11:36:47.120+0800][debug][gc,ergo,cset] Preventive GC, insufficient free regions. Predicted need 6. Curr Eden 1 (Pred 2). Curr Survivor 1 (Pred 1). Curr Old 55 (Pred 3) Free 2 Alloc 1
[2024-10-12T11:36:47.120+0800][debug][gc,ergo,cset] GC(345) Start adding old regions to collection set. Min 5 regions, max 8 regions, time remaining 49.14ms, optional threshold 9.83ms
[2024-10-12T11:36:47.120+0800][debug][gc,ergo,cset] GC(345) Finish adding old regions to collection set (Maximum number of regions). Initial 8 regions, optional 0 regions
[2024-10-12T11:36:47.120+0800][debug][gc,ergo,cset] GC(345) Finish choosing collection set old regions. Initial: 8, optional: 0, predicted old time: 0.00ms, predicted optional time: 0.00ms, time remaining: 48.02
[2024-10-12T11:36:47.183+0800][debug][gc,ergo,cset] GC(346) Start adding old regions to collection set. Min 5 regions, max 8 regions, time remaining 49.13ms, optional threshold 9.83ms
[2024-10-12T11:36:47.183+0800][debug][gc,ergo,cset] GC(346) Finish adding old regions to collection set (Maximum number of regions). Initial 8 regions, optional 0 regions
[2024-10-12T11:36:47.183+0800][debug][gc,ergo,cset] GC(346) Finish choosing collection set old regions. Initial: 8, optional: 0, predicted old time: 0.00ms, predicted optional time: 0.00ms, time remaining: 47.83
[2024-10-12T11:36:47.899+0800][debug][gc,ergo,cset] GC(353) Pruned 0 regions out of 35, leaving 0 bytes waste (allowed 0)
[2024-10-12T11:36:48.146+0800][debug][gc,ergo,cset] Preventive GC, insufficient free regions. Predicted need 6. Curr Eden 2 (Pred 3). Curr Survivor 1 (Pred 1). Curr Old 51 (Pred 2) Free 5 Alloc 1
[2024-10-12T11:36:48.146+0800][debug][gc,ergo,cset] GC(355) Start adding old regions to collection set. Min 5 regions, max 10 regions, time remaining 49.01ms, optional threshold 9.80ms
[2024-10-12T11:36:48.146+0800][debug][gc,ergo,cset] GC(355) Finish adding old regions to collection set (Maximum number of regions). Initial 10 regions, optional 0 regions
[2024-10-12T11:36:48.146+0800][debug][gc,ergo,cset] GC(355) Finish choosing collection set old regions. Initial: 10, optional: 0, predicted old time: 0.00ms, predicted optional time: 0.00ms, time remaining: 47.88
[2024-10-12T11:36:48.210+0800][debug][gc,ergo,cset] Preventive GC, insufficient free regions. Predicted need 6. Curr Eden 1 (Pred 2). Curr Survivor 1 (Pred 1). Curr Old 56 (Pred 3) Free 1 Alloc 1
[2024-10-12T11:36:48.210+0800][debug][gc,ergo,cset] GC(356) Start adding old regions to collection set. Min 5 regions, max 10 regions, time remaining 49.19ms, optional threshold 9.84ms
[2024-10-12T11:36:48.210+0800][debug][gc,ergo,cset] GC(356) Finish adding old regions to collection set (Maximum number of regions). Initial 10 regions, optional 0 regions
[2024-10-12T11:36:48.210+0800][debug][gc,ergo,cset] GC(356) Finish choosing collection set old regions. Initial: 10, optional: 0, predicted old time: 0.00ms, predicted optional time: 0.00ms, time remaining: 47.66
[2024-10-12T11:36:48.254+0800][debug][gc,ergo,cset] GC(357) Start adding old regions to collection set. Min 5 regions, max 10 regions, time remaining 49.07ms, optional threshold 9.81ms
[2024-10-12T11:36:48.254+0800][debug][gc,ergo,cset] GC(357) Finish adding old regions to collection set (Maximum number of regions). Initial 10 regions, optional 0 regions
[2024-10-12T11:36:48.254+0800][debug][gc,ergo,cset] GC(357) Finish choosing collection set old regions. Initial: 10, optional: 0, predicted old time: 0.00ms, predicted optional time: 0.00ms, time remaining: 47.27
[2024-10-12T11:36:48.823+0800][debug][gc,ergo,cset] GC(363) Pruned 0 regions out of 34, leaving 0 bytes waste (allowed 0)
[2024-10-12T11:36:49.070+0800][debug][gc,ergo,cset] GC(365) Start adding old regions to collection set. Min 5 regions, max 8 regions, time remaining 49.03ms, optional threshold 9.81ms
[2024-10-12T11:36:49.070+0800][debug][gc,ergo,cset] GC(365) Finish adding old regions to collection set (Maximum number of regions). Initial 8 regions, optional 0 regions
[2024-10-12T11:36:49.070+0800][debug][gc,ergo,cset] GC(365) Finish choosing collection set old regions. Initial: 8, optional: 0, predicted old time: 0.00ms, predicted optional time: 0.00ms, time remaining: 48.25
[2024-10-12T11:36:49.175+0800][debug][gc,ergo,cset] GC(366) Start adding old regions to collection set. Min 5 regions, max 8 regions, time remaining 49.00ms, optional threshold 9.80ms
[2024-10-12T11:36:49.175+0800][debug][gc,ergo,cset] GC(366) Finish adding old regions to collection set (Maximum number of regions). Initial 8 regions, optional 0 regions
[2024-10-12T11:36:49.175+0800][debug][gc,ergo,cset] GC(366) Finish choosing collection set old regions. Initial: 8, optional: 0, predicted old time: 0.00ms, predicted optional time: 0.00ms, time remaining: 47.76
[2024-10-12T11:36:49.280+0800][debug][gc,ergo,cset] GC(367) Start adding old regions to collection set. Min 5 regions, max 8 regions, time remaining 48.85ms, optional threshold 9.77ms
[2024-10-12T11:36:49.280+0800][debug][gc,ergo,cset] GC(367) Finish adding old regions to collection set (Maximum number of regions). Initial 8 regions, optional 0 regions
[2024-10-12T11:36:49.280+0800][debug][gc,ergo,cset] GC(367) Finish choosing collection set old regions. Initial: 8, optional: 0, predicted old time: 0.00ms, predicted optional time: 0.00ms, time remaining: 47.08
[2024-10-12T11:36:49.386+0800][debug][gc,ergo,cset] GC(368) Start adding old regions to collection set. Min 5 regions, max 8 regions, time remaining 48.80ms, optional threshold 9.76ms
[2024-10-12T11:36:49.386+0800][debug][gc,ergo,cset] GC(368) Finish adding old regions to collection set (Maximum number of regions). Initial 8 regions, optional 0 regions
[2024-10-12T11:36:49.386+0800][debug][gc,ergo,cset] GC(368) Finish choosing collection set old regions. Initial: 8, optional: 0, predicted old time: 0.00ms, predicted optional time: 0.00ms, time remaining: 46.85
[2024-10-12T11:36:49.492+0800][debug][gc,ergo,cset] GC(369) Start adding old regions to collection set. Min 5 regions, max 8 regions, time remaining 48.80ms, optional threshold 9.76ms
[2024-10-12T11:36:49.492+0800][debug][gc,ergo,cset] GC(369) Old candidate collection set empty.
[2024-10-12T11:36:49.492+0800][debug][gc,ergo,cset] GC(369) Finish choosing collection set old regions. Initial: 2, optional: 0, predicted old time: 0.00ms, predicted optional time: 0.00ms, time remaining: 48.16
[2024-10-12T11:36:49.816+0800][debug][gc,ergo,cset] GC(373) Pruned 0 regions out of 42, leaving 0 bytes waste (allowed 0)
[2024-10-12T11:36:50.022+0800][debug][gc,ergo,cset] Preventive GC, insufficient free regions. Predicted need 5. Curr Eden 1 (Pred 2). Curr Survivor 1 (Pred 1). Curr Old 52 (Pred 2) Free 5 Alloc 1
[2024-10-12T11:36:50.022+0800][debug][gc,ergo,cset] GC(375) Start adding old regions to collection set. Min 6 regions, max 8 regions, time remaining 49.19ms, optional threshold 9.84ms
[2024-10-12T11:36:50.022+0800][debug][gc,ergo,cset] GC(375) Finish adding old regions to collection set (Maximum number of regions). Initial 8 regions, optional 0 regions
[2024-10-12T11:36:50.022+0800][debug][gc,ergo,cset] GC(375) Finish choosing collection set old regions. Initial: 8, optional: 0, predicted old time: 0.00ms, predicted optional time: 0.00ms, time remaining: 48.35
[2024-10-12T11:36:50.127+0800][debug][gc,ergo,cset] Preventive GC, insufficient free regions. Predicted need 8. Curr Eden 2 (Pred 3). Curr Survivor 1 (Pred 1). Curr Old 48 (Pred 4) Free 8 Alloc 1
[2024-10-12T11:36:50.127+0800][debug][gc,ergo,cset] GC(376) Start adding old regions to collection set. Min 6 regions, max 8 regions, time remaining 48.89ms, optional threshold 9.78ms
[2024-10-12T11:36:50.127+0800][debug][gc,ergo,cset] GC(376) Finish adding old regions to collection set (Maximum number of regions). Initial 8 regions, optional 0 regions
[2024-10-12T11:36:50.127+0800][debug][gc,ergo,cset] GC(376) Finish choosing collection set old regions. Initial: 8, optional: 0, predicted old time: 0.00ms, predicted optional time: 0.00ms, time remaining: 47.59
[2024-10-12T11:36:50.232+0800][debug][gc,ergo,cset] GC(377) Start adding old regions to collection set. Min 6 regions, max 8 regions, time remaining 48.89ms, optional threshold 9.78ms
[2024-10-12T11:36:50.232+0800][debug][gc,ergo,cset] GC(377) Finish adding old regions to collection set (Maximum number of regions). Initial 8 regions, optional 0 regions
[2024-10-12T11:36:50.232+0800][debug][gc,ergo,cset] GC(377) Finish choosing collection set old regions. Initial: 8, optional: 0, predicted old time: 0.00ms, predicted optional time: 0.00ms, time remaining: 47.44
[2024-10-12T11:36:50.338+0800][debug][gc,ergo,cset] GC(378) Start adding old regions to collection set. Min 6 regions, max 8 regions, time remaining 48.86ms, optional threshold 9.77ms
[2024-10-12T11:36:50.338+0800][debug][gc,ergo,cset] GC(378) Finish adding old regions to collection set (Maximum number of regions). Initial 8 regions, optional 0 regions
[2024-10-12T11:36:50.338+0800][debug][gc,ergo,cset] GC(378) Finish choosing collection set old regions. Initial: 8, optional: 0, predicted old time: 0.00ms, predicted optional time: 0.00ms, time remaining: 47.18
[2024-10-12T11:36:50.443+0800][debug][gc,ergo,cset] GC(379) Start adding old regions to collection set. Min 6 regions, max 8 regions, time remaining 48.85ms, optional threshold 9.77ms
[2024-10-12T11:36:50.443+0800][debug][gc,ergo,cset] GC(379) Finish adding old regions to collection set (Maximum number of regions). Initial 8 regions, optional 0 regions
[2024-10-12T11:36:50.443+0800][debug][gc,ergo,cset] GC(379) Finish choosing collection set old regions. Initial: 8, optional: 0, predicted old time: 0.00ms, predicted optional time: 0.00ms, time remaining: 46.90
[2024-10-12T11:36:50.550+0800][debug][gc,ergo,cset] GC(380) Start adding old regions to collection set. Min 6 regions, max 8 regions, time remaining 48.78ms, optional threshold 9.76ms
[2024-10-12T11:36:50.550+0800][debug][gc,ergo,cset] GC(380) Old candidate collection set empty.
[2024-10-12T11:36:50.550+0800][debug][gc,ergo,cset] GC(380) Finish choosing collection set old regions. Initial: 2, optional: 0, predicted old time: 0.00ms, predicted optional time: 0.00ms, time remaining: 47.99
[2024-10-12T11:36:50.729+0800][debug][gc,ergo,cset] GC(383) Pruned 0 regions out of 34, leaving 0 bytes waste (allowed 0)
[2024-10-12T11:36:50.998+0800][debug][gc,ergo,cset] Preventive GC, insufficient free regions. Predicted need 6. Curr Eden 2 (Pred 3). Curr Survivor 1 (Pred 1). Curr Old 51 (Pred 2) Free 5 Alloc 1
[2024-10-12T11:36:50.998+0800][debug][gc,ergo,cset] GC(385) Start adding old regions to collection set. Min 5 regions, max 10 regions, time remaining 48.87ms, optional threshold 9.77ms
[2024-10-12T11:36:50.998+0800][debug][gc,ergo,cset] GC(385) Finish adding old regions to collection set (Maximum number of regions). Initial 10 regions, optional 0 regions
[2024-10-12T11:36:50.998+0800][debug][gc,ergo,cset] GC(385) Finish choosing collection set old regions. Initial: 10, optional: 0, predicted old time: 0.00ms, predicted optional time: 0.00ms, time remaining: 47.71
[2024-10-12T11:36:51.103+0800][debug][gc,ergo,cset] GC(386) Start adding old regions to collection set. Min 5 regions, max 10 regions, time remaining 48.86ms, optional threshold 9.77ms
[2024-10-12T11:36:51.103+0800][debug][gc,ergo,cset] GC(386) Finish adding old regions to collection set (Maximum number of regions). Initial 10 regions, optional 0 regions
[2024-10-12T11:36:51.103+0800][debug][gc,ergo,cset] GC(386) Finish choosing collection set old regions. Initial: 10, optional: 0, predicted old time: 0.00ms, predicted optional time: 0.00ms, time remaining: 47.15
[2024-10-12T11:36:51.208+0800][debug][gc,ergo,cset] GC(387) Start adding old regions to collection set. Min 5 regions, max 10 regions, time remaining 48.87ms, optional threshold 9.77ms
[2024-10-12T11:36:51.208+0800][debug][gc,ergo,cset] GC(387) Finish adding old regions to collection set (Maximum number of regions). Initial 10 regions, optional 0 regions
[2024-10-12T11:36:51.208+0800][debug][gc,ergo,cset] GC(387) Finish choosing collection set old regions. Initial: 10, optional: 0, predicted old time: 0.00ms, predicted optional time: 0.00ms, time remaining: 46.70
[2024-10-12T11:36:51.314+0800][debug][gc,ergo,cset] GC(388) Start adding old regions to collection set. Min 5 regions, max 10 regions, time remaining 48.84ms, optional threshold 9.77ms
[2024-10-12T11:36:51.314+0800][debug][gc,ergo,cset] GC(388) Old candidate collection set empty.
[2024-10-12T11:36:51.314+0800][debug][gc,ergo,cset] GC(388) Finish choosing collection set old regions. Initial: 4, optional: 0, predicted old time: 0.00ms, predicted optional time: 0.00ms, time remaining: 47.74
[2024-10-12T11:36:51.639+0800][debug][gc,ergo,cset] GC(392) Pruned 0 regions out of 39, leaving 0 bytes waste (allowed 0)
[2024-10-12T11:36:51.886+0800][debug][gc,ergo,cset] Preventive GC, insufficient free regions. Predicted need 6. Curr Eden 2 (Pred 3). Curr Survivor 1 (Pred 1). Curr Old 51 (Pred 2) Free 5 Alloc 1
[2024-10-12T11:36:51.886+0800][debug][gc,ergo,cset] GC(394) Start adding old regions to collection set. Min 5 regions, max 8 regions, time remaining 48.97ms, optional threshold 9.79ms
[2024-10-12T11:36:51.886+0800][debug][gc,ergo,cset] GC(394) Finish adding old regions to collection set (Maximum number of regions). Initial 8 regions, optional 0 regions
[2024-10-12T11:36:51.886+0800][debug][gc,ergo,cset] GC(394) Finish choosing collection set old regions. Initial: 8, optional: 0, predicted old time: 0.00ms, predicted optional time: 0.00ms, time remaining: 48.27
[2024-10-12T11:36:51.990+0800][debug][gc,ergo,cset] Preventive GC, insufficient free regions. Predicted need 7. Curr Eden 2 (Pred 3). Curr Survivor 1 (Pred 1). Curr Old 49 (Pred 3) Free 7 Alloc 1
[2024-10-12T11:36:51.991+0800][debug][gc,ergo,cset] GC(395) Start adding old regions to collection set. Min 5 regions, max 8 regions, time remaining 48.97ms, optional threshold 9.79ms
[2024-10-12T11:36:51.991+0800][debug][gc,ergo,cset] GC(395) Finish adding old regions to collection set (Maximum number of regions). Initial 8 regions, optional 0 regions
[2024-10-12T11:36:51.991+0800][debug][gc,ergo,cset] GC(395) Finish choosing collection set old regions. Initial: 8, optional: 0, predicted old time: 0.00ms, predicted optional time: 0.00ms, time remaining: 47.80
[2024-10-12T11:36:52.054+0800][debug][gc,ergo,cset] Preventive GC, insufficient free regions. Predicted need 7. Curr Eden 1 (Pred 2). Curr Survivor 1 (Pred 1). Curr Old 50 (Pred 4) Free 7 Alloc 1
[2024-10-12T11:36:52.055+0800][debug][gc,ergo,cset] GC(396) Start adding old regions to collection set. Min 5 regions, max 8 regions, time remaining 49.18ms, optional threshold 9.84ms
[2024-10-12T11:36:52.055+0800][debug][gc,ergo,cset] GC(396) Finish adding old regions to collection set (Maximum number of regions). Initial 8 regions, optional 0 regions
[2024-10-12T11:36:52.055+0800][debug][gc,ergo,cset] GC(396) Finish choosing collection set old regions. Initial: 8, optional: 0, predicted old time: 0.00ms, predicted optional time: 0.00ms, time remaining: 47.77
[2024-10-12T11:36:52.099+0800][debug][gc,ergo,cset] Preventive GC, insufficient free regions. Predicted need 7. Curr Eden 1 (Pred 2). Curr Survivor 1 (Pred 1). Curr Old 51 (Pred 4) Free 6 Alloc 1
[2024-10-12T11:36:52.100+0800][debug][gc,ergo,cset] GC(397) Start adding old regions to collection set. Min 5 regions, max 8 regions, time remaining 49.16ms, optional threshold 9.83ms
[2024-10-12T11:36:52.100+0800][debug][gc,ergo,cset] GC(397) Finish adding old regions to collection set (Maximum number of regions). Initial 8 regions, optional 0 regions
[2024-10-12T11:36:52.100+0800][debug][gc,ergo,cset] GC(397) Finish choosing collection set old regions. Initial: 8, optional: 0, predicted old time: 0.00ms, predicted optional time: 0.00ms, time remaining: 47.51
[2024-10-12T11:36:52.164+0800][debug][gc,ergo,cset] Preventive GC, insufficient free regions. Predicted need 8. Curr Eden 1 (Pred 2). Curr Survivor 1 (Pred 1). Curr Old 55 (Pred 5) Free 2 Alloc 1
[2024-10-12T11:36:52.165+0800][debug][gc,ergo,cset] GC(398) Start adding old regions to collection set. Min 5 regions, max 8 regions, time remaining 49.13ms, optional threshold 9.83ms
[2024-10-12T11:36:52.165+0800][debug][gc,ergo,cset] GC(398) Old candidate collection set empty.
[2024-10-12T11:36:52.165+0800][debug][gc,ergo,cset] GC(398) Finish choosing collection set old regions. Initial: 7, optional: 0, predicted old time: 0.00ms, predicted optional time: 0.00ms, time remaining: 47.41
[2024-10-12T11:36:52.943+0800][debug][gc,ergo,cset] GC(407) Pruned 0 regions out of 35, leaving 0 bytes waste (allowed 0)
[2024-10-12T11:36:53.149+0800][debug][gc,ergo,cset] Preventive GC, insufficient free regions. Predicted need 5. Curr Eden 1 (Pred 2). Curr Survivor 1 (Pred 1). Curr Old 52 (Pred 2) Free 5 Alloc 1
[2024-10-12T11:36:53.149+0800][debug][gc,ergo,cset] GC(409) Start adding old regions to collection set. Min 5 regions, max 10 regions, time remaining 49.21ms, optional threshold 9.84ms
[2024-10-12T11:36:53.149+0800][debug][gc,ergo,cset] GC(409) Finish adding old regions to collection set (Maximum number of regions). Initial 10 regions, optional 0 regions
[2024-10-12T11:36:53.149+0800][debug][gc,ergo,cset] GC(409) Finish choosing collection set old regions. Initial: 10, optional: 0, predicted old time: 0.00ms, predicted optional time: 0.00ms, time remaining: 48.31
[2024-10-12T11:36:53.254+0800][debug][gc,ergo,cset] GC(410) Start adding old regions to collection set. Min 5 regions, max 10 regions, time remaining 48.92ms, optional threshold 9.78ms
[2024-10-12T11:36:53.254+0800][debug][gc,ergo,cset] GC(410) Finish adding old regions to collection set (Maximum number of regions). Initial 10 regions, optional 0 regions
[2024-10-12T11:36:53.254+0800][debug][gc,ergo,cset] GC(410) Finish choosing collection set old regions. Initial: 10, optional: 0, predicted old time: 0.00ms, predicted optional time: 0.00ms, time remaining: 47.27
[2024-10-12T11:36:53.360+0800][debug][gc,ergo,cset] GC(411) Start adding old regions to collection set. Min 5 regions, max 10 regions, time remaining 48.81ms, optional threshold 9.76ms
[2024-10-12T11:36:53.360+0800][debug][gc,ergo,cset] GC(411) Finish adding old regions to collection set (Maximum number of regions). Initial 10 regions, optional 0 regions
[2024-10-12T11:36:53.360+0800][debug][gc,ergo,cset] GC(411) Finish choosing collection set old regions. Initial: 10, optional: 0, predicted old time: 0.00ms, predicted optional time: 0.00ms, time remaining: 46.67
[2024-10-12T11:36:53.467+0800][debug][gc,ergo,cset] GC(412) Start adding old regions to collection set. Min 5 regions, max 10 regions, time remaining 48.71ms, optional threshold 9.74ms
[2024-10-12T11:36:53.467+0800][debug][gc,ergo,cset] GC(412) Old candidate collection set empty.
[2024-10-12T11:36:53.467+0800][debug][gc,ergo,cset] GC(412) Finish choosing collection set old regions. Initial: 5, optional: 0, predicted old time: 0.00ms, predicted optional time: 0.00ms, time remaining: 47.16
[2024-10-12T11:36:53.895+0800][debug][gc,ergo,cset] GC(417) Pruned 0 regions out of 37, leaving 0 bytes waste (allowed 0)
[2024-10-12T11:36:54.101+0800][debug][gc,ergo,cset] Preventive GC, insufficient free regions. Predicted need 5. Curr Eden 1 (Pred 2). Curr Survivor 1 (Pred 1). Curr Old 52 (Pred 2) Free 5 Alloc 1
[2024-10-12T11:36:54.101+0800][debug][gc,ergo,cset] GC(419) Start adding old regions to collection set. Min 5 regions, max 8 regions, time remaining 49.18ms, optional threshold 9.84ms
[2024-10-12T11:36:54.101+0800][debug][gc,ergo,cset] GC(419) Finish adding old regions to collection set (Maximum number of regions). Initial 8 regions, optional 0 regions
[2024-10-12T11:36:54.101+0800][debug][gc,ergo,cset] GC(419) Finish choosing collection set old regions. Initial: 8, optional: 0, predicted old time: 0.00ms, predicted optional time: 0.00ms, time remaining: 48.32
[2024-10-12T11:36:54.206+0800][debug][gc,ergo,cset] GC(420) Start adding old regions to collection set. Min 5 regions, max 8 regions, time remaining 48.91ms, optional threshold 9.78ms
[2024-10-12T11:36:54.206+0800][debug][gc,ergo,cset] GC(420) Finish adding old regions to collection set (Maximum number of regions). Initial 8 regions, optional 0 regions
[2024-10-12T11:36:54.206+0800][debug][gc,ergo,cset] GC(420) Finish choosing collection set old regions. Initial: 8, optional: 0, predicted old time: 0.00ms, predicted optional time: 0.00ms, time remaining: 47.68
[2024-10-12T11:36:54.311+0800][debug][gc,ergo,cset] GC(421) Start adding old regions to collection set. Min 5 regions, max 8 regions, time remaining 48.86ms, optional threshold 9.77ms
[2024-10-12T11:36:54.311+0800][debug][gc,ergo,cset] GC(421) Finish adding old regions to collection set (Maximum number of regions). Initial 8 regions, optional 0 regions
[2024-10-12T11:36:54.311+0800][debug][gc,ergo,cset] GC(421) Finish choosing collection set old regions. Initial: 8, optional: 0, predicted old time: 0.00ms, predicted optional time: 0.00ms, time remaining: 47.41
[2024-10-12T11:36:54.417+0800][debug][gc,ergo,cset] GC(422) Start adding old regions to collection set. Min 5 regions, max 8 regions, time remaining 48.81ms, optional threshold 9.76ms
[2024-10-12T11:36:54.417+0800][debug][gc,ergo,cset] GC(422) Finish adding old regions to collection set (Maximum number of regions). Initial 8 regions, optional 0 regions
[2024-10-12T11:36:54.417+0800][debug][gc,ergo,cset] GC(422) Finish choosing collection set old regions. Initial: 8, optional: 0, predicted old time: 0.00ms, predicted optional time: 0.00ms, time remaining: 47.10
[2024-10-12T11:36:54.523+0800][debug][gc,ergo,cset] GC(423) Start adding old regions to collection set. Min 5 regions, max 8 regions, time remaining 48.71ms, optional threshold 9.74ms
[2024-10-12T11:36:54.523+0800][debug][gc,ergo,cset] GC(423) Old candidate collection set empty.
[2024-10-12T11:36:54.523+0800][debug][gc,ergo,cset] GC(423) Finish choosing collection set old regions. Initial: 5, optional: 0, predicted old time: 0.00ms, predicted optional time: 0.00ms, time remaining: 47.17
[2024-10-12T11:36:54.848+0800][debug][gc,ergo,cset] GC(427) Pruned 0 regions out of 36, leaving 0 bytes waste (allowed 0)
[2024-10-12T11:36:55.095+0800][debug][gc,ergo,cset] Preventive GC, insufficient free regions. Predicted need 6. Curr Eden 2 (Pred 3). Curr Survivor 1 (Pred 1). Curr Old 51 (Pred 2) Free 5 Alloc 1
[2024-10-12T11:36:55.095+0800][debug][gc,ergo,cset] GC(429) Start adding old regions to collection set. Min 5 regions, max 8 regions, time remaining 48.91ms, optional threshold 9.78ms
[2024-10-12T11:36:55.095+0800][debug][gc,ergo,cset] GC(429) Finish adding old regions to collection set (Maximum number of regions). Initial 8 regions, optional 0 regions
[2024-10-12T11:36:55.095+0800][debug][gc,ergo,cset] GC(429) Finish choosing collection set old regions. Initial: 8, optional: 0, predicted old time: 0.00ms, predicted optional time: 0.00ms, time remaining: 48.22
[2024-10-12T11:36:55.200+0800][debug][gc,ergo,cset] GC(430) Start adding old regions to collection set. Min 5 regions, max 8 regions, time remaining 48.83ms, optional threshold 9.77ms
[2024-10-12T11:36:55.200+0800][debug][gc,ergo,cset] GC(430) Finish adding old regions to collection set (Maximum number of regions). Initial 8 regions, optional 0 regions
[2024-10-12T11:36:55.200+0800][debug][gc,ergo,cset] GC(430) Finish choosing collection set old regions. Initial: 8, optional: 0, predicted old time: 0.00ms, predicted optional time: 0.00ms, time remaining: 47.57
[2024-10-12T11:36:55.305+0800][debug][gc,ergo,cset] GC(431) Start adding old regions to collection set. Min 5 regions, max 8 regions, time remaining 48.81ms, optional threshold 9.76ms
[2024-10-12T11:36:55.306+0800][debug][gc,ergo,cset] GC(431) Finish adding old regions to collection set (Maximum number of regions). Initial 8 regions, optional 0 regions
[2024-10-12T11:36:55.306+0800][debug][gc,ergo,cset] GC(431) Finish choosing collection set old regions. Initial: 8, optional: 0, predicted old time: 0.00ms, predicted optional time: 0.00ms, time remaining: 47.34
[2024-10-12T11:36:55.411+0800][debug][gc,ergo,cset] GC(432) Start adding old regions to collection set. Min 5 regions, max 8 regions, time remaining 48.81ms, optional threshold 9.76ms
[2024-10-12T11:36:55.411+0800][debug][gc,ergo,cset] GC(432) Finish adding old regions to collection set (Maximum number of regions). Initial 8 regions, optional 0 regions
[2024-10-12T11:36:55.411+0800][debug][gc,ergo,cset] GC(432) Finish choosing collection set old regions. Initial: 8, optional: 0, predicted old time: 0.00ms, predicted optional time: 0.00ms, time remaining: 47.14
[2024-10-12T11:36:55.516+0800][debug][gc,ergo,cset] GC(433) Start adding old regions to collection set. Min 5 regions, max 8 regions, time remaining 48.81ms, optional threshold 9.76ms
[2024-10-12T11:36:55.517+0800][debug][gc,ergo,cset] GC(433) Old candidate collection set empty.
[2024-10-12T11:36:55.517+0800][debug][gc,ergo,cset] GC(433) Finish choosing collection set old regions. Initial: 4, optional: 0, predicted old time: 0.00ms, predicted optional time: 0.00ms, time remaining: 47.53
[2024-10-12T11:36:55.844+0800][debug][gc,ergo,cset] GC(437) Pruned 0 regions out of 35, leaving 0 bytes waste (allowed 0)
[2024-10-12T11:36:56.089+0800][debug][gc,ergo,cset] Preventive GC, insufficient free regions. Predicted need 5. Curr Eden 2 (Pred 3). Curr Survivor 1 (Pred 1). Curr Old 51 (Pred 1) Free 5 Alloc 1
[2024-10-12T11:36:56.089+0800][debug][gc,ergo,cset] GC(439) Start adding old regions to collection set. Min 5 regions, max 10 regions, time remaining 48.90ms, optional threshold 9.78ms
[2024-10-12T11:36:56.089+0800][debug][gc,ergo,cset] GC(439) Finish adding old regions to collection set (Maximum number of regions). Initial 10 regions, optional 0 regions
[2024-10-12T11:36:56.089+0800][debug][gc,ergo,cset] GC(439) Finish choosing collection set old regions. Initial: 10, optional: 0, predicted old time: 0.00ms, predicted optional time: 0.00ms, time remaining: 48.02
[2024-10-12T11:36:56.153+0800][debug][gc,ergo,cset] Preventive GC, insufficient free regions. Predicted need 7. Curr Eden 1 (Pred 2). Curr Survivor 1 (Pred 1). Curr Old 54 (Pred 4) Free 3 Alloc 1
[2024-10-12T11:36:56.153+0800][debug][gc,ergo,cset] GC(440) Start adding old regions to collection set. Min 5 regions, max 10 regions, time remaining 49.13ms, optional threshold 9.83ms
[2024-10-12T11:36:56.153+0800][debug][gc,ergo,cset] GC(440) Finish adding old regions to collection set (Maximum number of regions). Initial 10 regions, optional 0 regions
[2024-10-12T11:36:56.153+0800][debug][gc,ergo,cset] GC(440) Finish choosing collection set old regions. Initial: 10, optional: 0, predicted old time: 0.00ms, predicted optional time: 0.00ms, time remaining: 47.43
[2024-10-12T11:36:56.196+0800][debug][gc,ergo,cset] GC(441) Start adding old regions to collection set. Min 5 regions, max 10 regions, time remaining 49.08ms, optional threshold 9.82ms
[2024-10-12T11:36:56.196+0800][debug][gc,ergo,cset] GC(441) Finish adding old regions to collection set (Maximum number of regions). Initial 10 regions, optional 0 regions
[2024-10-12T11:36:56.196+0800][debug][gc,ergo,cset] GC(441) Finish choosing collection set old regions. Initial: 10, optional: 0, predicted old time: 0.00ms, predicted optional time: 0.00ms, time remaining: 47.08
[2024-10-12T11:36:56.870+0800][debug][gc,ergo,cset] GC(448) Pruned 0 regions out of 39, leaving 0 bytes waste (allowed 0)
[2024-10-12T11:36:57.116+0800][debug][gc,ergo,cset] Preventive GC, insufficient free regions. Predicted need 6. Curr Eden 2 (Pred 3). Curr Survivor 1 (Pred 1). Curr Old 51 (Pred 2) Free 5 Alloc 1
[2024-10-12T11:36:57.116+0800][debug][gc,ergo,cset] GC(450) Start adding old regions to collection set. Min 5 regions, max 8 regions, time remaining 48.98ms, optional threshold 9.80ms
[2024-10-12T11:36:57.116+0800][debug][gc,ergo,cset] GC(450) Finish adding old regions to collection set (Maximum number of regions). Initial 8 regions, optional 0 regions
[2024-10-12T11:36:57.116+0800][debug][gc,ergo,cset] GC(450) Finish choosing collection set old regions. Initial: 8, optional: 0, predicted old time: 0.00ms, predicted optional time: 0.00ms, time remaining: 48.18
[2024-10-12T11:36:57.221+0800][debug][gc,ergo,cset] Preventive GC, insufficient free regions. Predicted need 8. Curr Eden 2 (Pred 3). Curr Survivor 1 (Pred 1). Curr Old 48 (Pred 4) Free 8 Alloc 1
[2024-10-12T11:36:57.221+0800][debug][gc,ergo,cset] GC(451) Start adding old regions to collection set. Min 5 regions, max 8 regions, time remaining 48.96ms, optional threshold 9.79ms
[2024-10-12T11:36:57.221+0800][debug][gc,ergo,cset] GC(451) Finish adding old regions to collection set (Maximum number of regions). Initial 8 regions, optional 0 regions
[2024-10-12T11:36:57.221+0800][debug][gc,ergo,cset] GC(451) Finish choosing collection set old regions. Initial: 8, optional: 0, predicted old time: 0.00ms, predicted optional time: 0.00ms, time remaining: 47.74
[2024-10-12T11:36:57.326+0800][debug][gc,ergo,cset] GC(452) Start adding old regions to collection set. Min 5 regions, max 8 regions, time remaining 48.91ms, optional threshold 9.78ms
[2024-10-12T11:36:57.326+0800][debug][gc,ergo,cset] GC(452) Finish adding old regions to collection set (Maximum number of regions). Initial 8 regions, optional 0 regions
[2024-10-12T11:36:57.326+0800][debug][gc,ergo,cset] GC(452) Finish choosing collection set old regions. Initial: 8, optional: 0, predicted old time: 0.00ms, predicted optional time: 0.00ms, time remaining: 47.48
[2024-10-12T11:36:57.432+0800][debug][gc,ergo,cset] Preventive GC, insufficient free regions. Predicted need 8. Curr Eden 2 (Pred 3). Curr Survivor 1 (Pred 1). Curr Old 47 (Pred 4) Free 8 Alloc 1
[2024-10-12T11:36:57.433+0800][debug][gc,ergo,cset] GC(453) Start adding old regions to collection set. Min 5 regions, max 8 regions, time remaining 48.89ms, optional threshold 9.78ms
[2024-10-12T11:36:57.433+0800][debug][gc,ergo,cset] GC(453) Finish adding old regions to collection set (Maximum number of regions). Initial 8 regions, optional 0 regions
[2024-10-12T11:36:57.433+0800][debug][gc,ergo,cset] GC(453) Finish choosing collection set old regions. Initial: 8, optional: 0, predicted old time: 0.00ms, predicted optional time: 0.00ms, time remaining: 47.36
[2024-10-12T11:36:57.538+0800][debug][gc,ergo,cset] GC(454) Start adding old regions to collection set. Min 5 regions, max 8 regions, time remaining 48.83ms, optional threshold 9.77ms
[2024-10-12T11:36:57.538+0800][debug][gc,ergo,cset] GC(454) Old candidate collection set empty.
[2024-10-12T11:36:57.538+0800][debug][gc,ergo,cset] GC(454) Finish choosing collection set old regions. Initial: 7, optional: 0, predicted old time: 0.00ms, predicted optional time: 0.00ms, time remaining: 47.06
[2024-10-12T11:36:57.864+0800][debug][gc,ergo,cset] GC(458) Pruned 0 regions out of 40, leaving 0 bytes waste (allowed 0)
[2024-10-12T11:36:58.007+0800][debug][gc,ergo,cset] Preventive GC, insufficient free regions. Predicted need 4. Curr Eden 2 (Pred 3). Curr Survivor 1 (Pred 1). Curr Old 52 (Pred 0) Free 4 Alloc 1
[2024-10-12T11:36:58.070+0800][debug][gc,ergo,cset] Preventive GC, insufficient free regions. Predicted need 5. Curr Eden 1 (Pred 2). Curr Survivor 1 (Pred 1). Curr Old 54 (Pred 2) Free 3 Alloc 1
[2024-10-12T11:36:58.071+0800][debug][gc,ergo,cset] GC(460) Start adding old regions to collection set. Min 5 regions, max 8 regions, time remaining 49.16ms, optional threshold 9.83ms
[2024-10-12T11:36:58.071+0800][debug][gc,ergo,cset] GC(460) Finish adding old regions to collection set (Maximum number of regions). Initial 8 regions, optional 0 regions
[2024-10-12T11:36:58.071+0800][debug][gc,ergo,cset] GC(460) Finish choosing collection set old regions. Initial: 8, optional: 0, predicted old time: 0.00ms, predicted optional time: 0.00ms, time remaining: 48.47
[2024-10-12T11:36:58.114+0800][debug][gc,ergo,cset] Preventive GC, insufficient free regions. Predicted need 6. Curr Eden 1 (Pred 2). Curr Survivor 1 (Pred 1). Curr Old 53 (Pred 3) Free 4 Alloc 1
[2024-10-12T11:36:58.114+0800][debug][gc,ergo,cset] GC(461) Start adding old regions to collection set. Min 5 regions, max 8 regions, time remaining 49.14ms, optional threshold 9.83ms
[2024-10-12T11:36:58.114+0800][debug][gc,ergo,cset] GC(461) Finish adding old regions to collection set (Maximum number of regions). Initial 8 regions, optional 0 regions
[2024-10-12T11:36:58.114+0800][debug][gc,ergo,cset] GC(461) Finish choosing collection set old regions. Initial: 8, optional: 0, predicted old time: 0.00ms, predicted optional time: 0.00ms, time remaining: 48.16
[2024-10-12T11:36:58.177+0800][debug][gc,ergo,cset] Preventive GC, insufficient free regions. Predicted need 6. Curr Eden 1 (Pred 2). Curr Survivor 1 (Pred 1). Curr Old 56 (Pred 3) Free 1 Alloc 1
[2024-10-12T11:36:58.177+0800][debug][gc,ergo,cset] GC(462) Start adding old regions to collection set. Min 5 regions, max 8 regions, time remaining 49.14ms, optional threshold 9.83ms
[2024-10-12T11:36:58.177+0800][debug][gc,ergo,cset] GC(462) Finish adding old regions to collection set (Maximum number of regions). Initial 8 regions, optional 0 regions
[2024-10-12T11:36:58.177+0800][debug][gc,ergo,cset] GC(462) Finish choosing collection set old regions. Initial: 8, optional: 0, predicted old time: 0.00ms, predicted optional time: 0.00ms, time remaining: 48.00
[2024-10-12T11:36:58.220+0800][debug][gc,ergo,cset] GC(463) Start adding old regions to collection set. Min 5 regions, max 8 regions, time remaining 49.10ms, optional threshold 9.82ms
[2024-10-12T11:36:58.220+0800][debug][gc,ergo,cset] GC(463) Finish adding old regions to collection set (Maximum number of regions). Initial 8 regions, optional 0 regions
[2024-10-12T11:36:58.220+0800][debug][gc,ergo,cset] GC(463) Finish choosing collection set old regions. Initial: 8, optional: 0, predicted old time: 0.00ms, predicted optional time: 0.00ms, time remaining: 47.71
[2024-10-12T11:36:58.895+0800][debug][gc,ergo,cset] GC(470) Pruned 0 regions out of 39, leaving 0 bytes waste (allowed 0)
[2024-10-12T11:36:59.142+0800][debug][gc,ergo,cset] Preventive GC, insufficient free regions. Predicted need 6. Curr Eden 2 (Pred 3). Curr Survivor 1 (Pred 1). Curr Old 51 (Pred 2) Free 5 Alloc 1
[2024-10-12T11:36:59.143+0800][debug][gc,ergo,cset] GC(472) Start adding old regions to collection set. Min 5 regions, max 8 regions, time remaining 49.01ms, optional threshold 9.80ms
[2024-10-12T11:36:59.143+0800][debug][gc,ergo,cset] GC(472) Finish adding old regions to collection set (Maximum number of regions). Initial 8 regions, optional 0 regions
[2024-10-12T11:36:59.143+0800][debug][gc,ergo,cset] GC(472) Finish choosing collection set old regions. Initial: 8, optional: 0, predicted old time: 0.00ms, predicted optional time: 0.00ms, time remaining: 48.40
[2024-10-12T11:36:59.207+0800][debug][gc,ergo,cset] Preventive GC, insufficient free regions. Predicted need 7. Curr Eden 1 (Pred 2). Curr Survivor 1 (Pred 1). Curr Old 51 (Pred 4) Free 6 Alloc 1
[2024-10-12T11:36:59.207+0800][debug][gc,ergo,cset] GC(473) Start adding old regions to collection set. Min 5 regions, max 8 regions, time remaining 49.19ms, optional threshold 9.84ms
[2024-10-12T11:36:59.207+0800][debug][gc,ergo,cset] GC(473) Finish adding old regions to collection set (Maximum number of regions). Initial 8 regions, optional 0 regions
[2024-10-12T11:36:59.207+0800][debug][gc,ergo,cset] GC(473) Finish choosing collection set old regions. Initial: 8, optional: 0, predicted old time: 0.00ms, predicted optional time: 0.00ms, time remaining: 48.11
[2024-10-12T11:36:59.251+0800][debug][gc,ergo,cset] Preventive GC, insufficient free regions. Predicted need 7. Curr Eden 1 (Pred 2). Curr Survivor 1 (Pred 1). Curr Old 54 (Pred 4) Free 3 Alloc 1
[2024-10-12T11:36:59.251+0800][debug][gc,ergo,cset] GC(474) Start adding old regions to collection set. Min 5 regions, max 8 regions, time remaining 49.18ms, optional threshold 9.84ms
[2024-10-12T11:36:59.251+0800][debug][gc,ergo,cset] GC(474) Finish adding old regions to collection set (Maximum number of regions). Initial 8 regions, optional 0 regions
[2024-10-12T11:36:59.251+0800][debug][gc,ergo,cset] GC(474) Finish choosing collection set old regions. Initial: 8, optional: 0, predicted old time: 0.00ms, predicted optional time: 0.00ms, time remaining: 47.94
[2024-10-12T11:36:59.315+0800][debug][gc,ergo,cset] GC(475) Start adding old regions to collection set. Min 5 regions, max 8 regions, time remaining 49.12ms, optional threshold 9.82ms
[2024-10-12T11:36:59.315+0800][debug][gc,ergo,cset] GC(475) Finish adding old regions to collection set (Maximum number of regions). Initial 8 regions, optional 0 regions
[2024-10-12T11:36:59.315+0800][debug][gc,ergo,cset] GC(475) Finish choosing collection set old regions. Initial: 8, optional: 0, predicted old time: 0.00ms, predicted optional time: 0.00ms, time remaining: 47.72
[2024-10-12T11:36:59.864+0800][debug][gc,ergo,cset] GC(481) Pruned 0 regions out of 33, leaving 0 bytes waste (allowed 0)
[2024-10-12T11:37:00.110+0800][debug][gc,ergo,cset] GC(483) Start adding old regions to collection set. Min 5 regions, max 10 regions, time remaining 49.03ms, optional threshold 9.81ms
[2024-10-12T11:37:00.110+0800][debug][gc,ergo,cset] GC(483) Finish adding old regions to collection set (Maximum number of regions). Initial 10 regions, optional 0 regions
[2024-10-12T11:37:00.110+0800][debug][gc,ergo,cset] GC(483) Finish choosing collection set old regions. Initial: 10, optional: 0, predicted old time: 0.00ms, predicted optional time: 0.00ms, time remaining: 47.89
[2024-10-12T11:37:00.215+0800][debug][gc,ergo,cset] GC(484) Start adding old regions to collection set. Min 5 regions, max 10 regions, time remaining 48.94ms, optional threshold 9.79ms
[2024-10-12T11:37:00.215+0800][debug][gc,ergo,cset] GC(484) Finish adding old regions to collection set (Maximum number of regions). Initial 10 regions, optional 0 regions
[2024-10-12T11:37:00.215+0800][debug][gc,ergo,cset] GC(484) Finish choosing collection set old regions. Initial: 10, optional: 0, predicted old time: 0.00ms, predicted optional time: 0.00ms, time remaining: 47.16
[2024-10-12T11:37:00.322+0800][debug][gc,ergo,cset] GC(485) Start adding old regions to collection set. Min 5 regions, max 10 regions, time remaining 48.72ms, optional threshold 9.74ms
[2024-10-12T11:37:00.322+0800][debug][gc,ergo,cset] GC(485) Finish adding old regions to collection set (Maximum number of regions). Initial 10 regions, optional 0 regions
[2024-10-12T11:37:00.322+0800][debug][gc,ergo,cset] GC(485) Finish choosing collection set old regions. Initial: 10, optional: 0, predicted old time: 0.00ms, predicted optional time: 0.00ms, time remaining: 46.32
[2024-10-12T11:37:00.428+0800][debug][gc,ergo,cset] GC(486) Start adding old regions to collection set. Min 5 regions, max 10 regions, time remaining 48.74ms, optional threshold 9.75ms
[2024-10-12T11:37:00.428+0800][debug][gc,ergo,cset] GC(486) Old candidate collection set empty.
[2024-10-12T11:37:00.428+0800][debug][gc,ergo,cset] GC(486) Finish choosing collection set old regions. Initial: 3, optional: 0, predicted old time: 0.00ms, predicted optional time: 0.00ms, time remaining: 47.67
[2024-10-12T11:37:00.753+0800][debug][gc,ergo,cset] GC(490) Pruned 0 regions out of 32, leaving 0 bytes waste (allowed 0)
[2024-10-12T11:37:00.999+0800][debug][gc,ergo,cset] Preventive GC, insufficient free regions. Predicted need 6. Curr Eden 2 (Pred 3). Curr Survivor 1 (Pred 1). Curr Old 50 (Pred 2) Free 6 Alloc 1
[2024-10-12T11:37:01.000+0800][debug][gc,ergo,cset] GC(492) Start adding old regions to collection set. Min 4 regions, max 8 regions, time remaining 48.91ms, optional threshold 9.78ms
[2024-10-12T11:37:01.000+0800][debug][gc,ergo,cset] GC(492) Finish adding old regions to collection set (Maximum number of regions). Initial 8 regions, optional 0 regions
[2024-10-12T11:37:01.000+0800][debug][gc,ergo,cset] GC(492) Finish choosing collection set old regions. Initial: 8, optional: 0, predicted old time: 0.00ms, predicted optional time: 0.00ms, time remaining: 48.05
[2024-10-12T11:37:01.104+0800][debug][gc,ergo,cset] GC(493) Start adding old regions to collection set. Min 4 regions, max 8 regions, time remaining 48.86ms, optional threshold 9.77ms
[2024-10-12T11:37:01.104+0800][debug][gc,ergo,cset] GC(493) Finish adding old regions to collection set (Maximum number of regions). Initial 8 regions, optional 0 regions
[2024-10-12T11:37:01.104+0800][debug][gc,ergo,cset] GC(493) Finish choosing collection set old regions. Initial: 8, optional: 0, predicted old time: 0.00ms, predicted optional time: 0.00ms, time remaining: 47.61
[2024-10-12T11:37:01.210+0800][debug][gc,ergo,cset] GC(494) Start adding old regions to collection set. Min 4 regions, max 8 regions, time remaining 48.86ms, optional threshold 9.77ms
[2024-10-12T11:37:01.210+0800][debug][gc,ergo,cset] GC(494) Finish adding old regions to collection set (Maximum number of regions). Initial 8 regions, optional 0 regions
[2024-10-12T11:37:01.210+0800][debug][gc,ergo,cset] GC(494) Finish choosing collection set old regions. Initial: 8, optional: 0, predicted old time: 0.00ms, predicted optional time: 0.00ms, time remaining: 47.30
[2024-10-12T11:37:01.315+0800][debug][gc,ergo,cset] GC(495) Start adding old regions to collection set. Min 4 regions, max 8 regions, time remaining 48.86ms, optional threshold 9.77ms
[2024-10-12T11:37:01.315+0800][debug][gc,ergo,cset] GC(495) Old candidate collection set empty.
[2024-10-12T11:37:01.315+0800][debug][gc,ergo,cset] GC(495) Finish choosing collection set old regions. Initial: 8, optional: 0, predicted old time: 0.00ms, predicted optional time: 0.00ms, time remaining: 46.89
[2024-10-12T11:37:01.769+0800][debug][gc,ergo,cset] GC(500) Pruned 0 regions out of 39, leaving 0 bytes waste (allowed 0)
[2024-10-12T11:37:01.974+0800][debug][gc,ergo,cset] Preventive GC, insufficient free regions. Predicted need 5. Curr Eden 1 (Pred 2). Curr Survivor 1 (Pred 1). Curr Old 52 (Pred 2) Free 5 Alloc 1
[2024-10-12T11:37:01.975+0800][debug][gc,ergo,cset] GC(502) Start adding old regions to collection set. Min 5 regions, max 8 regions, time remaining 48.04ms, optional threshold 9.61ms
[2024-10-12T11:37:01.975+0800][debug][gc,ergo,cset] GC(502) Finish adding old regions to collection set (Maximum number of regions). Initial 8 regions, optional 0 regions
[2024-10-12T11:37:01.975+0800][debug][gc,ergo,cset] GC(502) Finish choosing collection set old regions. Initial: 8, optional: 0, predicted old time: 0.00ms, predicted optional time: 0.00ms, time remaining: 45.85
[2024-10-12T11:37:02.083+0800][debug][gc,ergo,cset] GC(503) Start adding old regions to collection set. Min 5 regions, max 8 regions, time remaining 46.71ms, optional threshold 9.34ms
[2024-10-12T11:37:02.083+0800][debug][gc,ergo,cset] GC(503) Finish adding old regions to collection set (Maximum number of regions). Initial 8 regions, optional 0 regions
[2024-10-12T11:37:02.083+0800][debug][gc,ergo,cset] GC(503) Finish choosing collection set old regions. Initial: 8, optional: 0, predicted old time: 0.00ms, predicted optional time: 0.00ms, time remaining: 42.30
[2024-10-12T11:37:02.194+0800][debug][gc,ergo,cset] GC(504) Start adding old regions to collection set. Min 5 regions, max 8 regions, time remaining 46.49ms, optional threshold 9.30ms
[2024-10-12T11:37:02.194+0800][debug][gc,ergo,cset] GC(504) Finish adding old regions to collection set (Maximum number of regions). Initial 8 regions, optional 0 regions
[2024-10-12T11:37:02.194+0800][debug][gc,ergo,cset] GC(504) Finish choosing collection set old regions. Initial: 8, optional: 0, predicted old time: 0.00ms, predicted optional time: 0.00ms, time remaining: 40.65
[2024-10-12T11:37:02.306+0800][debug][gc,ergo,cset] GC(505) Start adding old regions to collection set. Min 5 regions, max 8 regions, time remaining 46.41ms, optional threshold 9.28ms
[2024-10-12T11:37:02.306+0800][debug][gc,ergo,cset] GC(505) Finish adding old regions to collection set (Maximum number of regions). Initial 8 regions, optional 0 regions
[2024-10-12T11:37:02.306+0800][debug][gc,ergo,cset] GC(505) Finish choosing collection set old regions. Initial: 8, optional: 0, predicted old time: 0.00ms, predicted optional time: 0.00ms, time remaining: 39.79
[2024-10-12T11:37:02.418+0800][debug][gc,ergo,cset] GC(506) Start adding old regions to collection set. Min 5 regions, max 8 regions, time remaining 46.46ms, optional threshold 9.29ms
[2024-10-12T11:37:02.419+0800][debug][gc,ergo,cset] GC(506) Old candidate collection set empty.
[2024-10-12T11:37:02.419+0800][debug][gc,ergo,cset] GC(506) Finish choosing collection set old regions. Initial: 7, optional: 0, predicted old time: 0.00ms, predicted optional time: 0.00ms, time remaining: 39.89
[2024-10-12T11:37:02.750+0800][debug][gc,ergo,cset] GC(510) Pruned 0 regions out of 33, leaving 0 bytes waste (allowed 0)
[2024-10-12T11:37:02.997+0800][debug][gc,ergo,cset] Preventive GC, insufficient free regions. Predicted need 6. Curr Eden 2 (Pred 3). Curr Survivor 1 (Pred 1). Curr Old 51 (Pred 2) Free 5 Alloc 1
[2024-10-12T11:37:02.998+0800][debug][gc,ergo,cset] GC(512) Start adding old regions to collection set. Min 5 regions, max 10 regions, time remaining 47.82ms, optional threshold 9.56ms
[2024-10-12T11:37:02.998+0800][debug][gc,ergo,cset] GC(512) Finish adding old regions to collection set (Maximum number of regions). Initial 10 regions, optional 0 regions
[2024-10-12T11:37:02.998+0800][debug][gc,ergo,cset] GC(512) Finish choosing collection set old regions. Initial: 10, optional: 0, predicted old time: 0.00ms, predicted optional time: 0.00ms, time remaining: 45.43
[2024-10-12T11:37:03.063+0800][debug][gc,ergo,cset] Preventive GC, insufficient free regions. Predicted need 6. Curr Eden 1 (Pred 2). Curr Survivor 1 (Pred 1). Curr Old 52 (Pred 3) Free 5 Alloc 1
[2024-10-12T11:37:03.064+0800][debug][gc,ergo,cset] GC(513) Start adding old regions to collection set. Min 5 regions, max 10 regions, time remaining 48.42ms, optional threshold 9.68ms
[2024-10-12T11:37:03.064+0800][debug][gc,ergo,cset] GC(513) Finish adding old regions to collection set (Maximum number of regions). Initial 10 regions, optional 0 regions
[2024-10-12T11:37:03.064+0800][debug][gc,ergo,cset] GC(513) Finish choosing collection set old regions. Initial: 10, optional: 0, predicted old time: 0.00ms, predicted optional time: 0.00ms, time remaining: 44.60
[2024-10-12T11:37:03.111+0800][debug][gc,ergo,cset] Preventive GC, insufficient free regions. Predicted need 7. Curr Eden 1 (Pred 2). Curr Survivor 1 (Pred 1). Curr Old 56 (Pred 4) Free 1 Alloc 1
[2024-10-12T11:37:03.111+0800][debug][gc,ergo,cset] GC(514) Start adding old regions to collection set. Min 5 regions, max 10 regions, time remaining 48.30ms, optional threshold 9.66ms
[2024-10-12T11:37:03.111+0800][debug][gc,ergo,cset] GC(514) Finish adding old regions to collection set (Maximum number of regions). Initial 10 regions, optional 0 regions
[2024-10-12T11:37:03.111+0800][debug][gc,ergo,cset] GC(514) Finish choosing collection set old regions. Initial: 10, optional: 0, predicted old time: 0.00ms, predicted optional time: 0.00ms, time remaining: 43.52
[2024-10-12T11:37:03.176+0800][debug][gc,ergo,cset] GC(515) Start adding old regions to collection set. Min 5 regions, max 10 regions, time remaining 48.33ms, optional threshold 9.67ms
[2024-10-12T11:37:03.176+0800][debug][gc,ergo,cset] GC(515) Old candidate collection set empty.
[2024-10-12T11:37:03.176+0800][debug][gc,ergo,cset] GC(515) Finish choosing collection set old regions. Initial: 3, optional: 0, predicted old time: 0.00ms, predicted optional time: 0.00ms, time remaining: 46.71
[2024-10-12T11:37:03.839+0800][debug][gc,ergo,cset] GC(522) Pruned 0 regions out of 34, leaving 0 bytes waste (allowed 0)
[2024-10-12T11:37:04.085+0800][debug][gc,ergo,cset] Preventive GC, insufficient free regions. Predicted need 6. Curr Eden 2 (Pred 3). Curr Survivor 1 (Pred 1). Curr Old 51 (Pred 2) Free 5 Alloc 1
[2024-10-12T11:37:04.085+0800][debug][gc,ergo,cset] GC(524) Start adding old regions to collection set. Min 5 regions, max 8 regions, time remaining 48.44ms, optional threshold 9.69ms
[2024-10-12T11:37:04.085+0800][debug][gc,ergo,cset] GC(524) Finish adding old regions to collection set (Maximum number of regions). Initial 8 regions, optional 0 regions
[2024-10-12T11:37:04.085+0800][debug][gc,ergo,cset] GC(524) Finish choosing collection set old regions. Initial: 8, optional: 0, predicted old time: 0.00ms, predicted optional time: 0.00ms, time remaining: 47.45
[2024-10-12T11:37:04.191+0800][debug][gc,ergo,cset] GC(525) Start adding old regions to collection set. Min 5 regions, max 8 regions, time remaining 48.44ms, optional threshold 9.69ms
[2024-10-12T11:37:04.191+0800][debug][gc,ergo,cset] GC(525) Finish adding old regions to collection set (Maximum number of regions). Initial 8 regions, optional 0 regions
[2024-10-12T11:37:04.191+0800][debug][gc,ergo,cset] GC(525) Finish choosing collection set old regions. Initial: 8, optional: 0, predicted old time: 0.00ms, predicted optional time: 0.00ms, time remaining: 46.77
[2024-10-12T11:37:04.296+0800][debug][gc,ergo,cset] GC(526) Start adding old regions to collection set. Min 5 regions, max 8 regions, time remaining 48.50ms, optional threshold 9.70ms
[2024-10-12T11:37:04.296+0800][debug][gc,ergo,cset] GC(526) Finish adding old regions to collection set (Maximum number of regions). Initial 8 regions, optional 0 regions
[2024-10-12T11:37:04.296+0800][debug][gc,ergo,cset] GC(526) Finish choosing collection set old regions. Initial: 8, optional: 0, predicted old time: 0.00ms, predicted optional time: 0.00ms, time remaining: 46.68
[2024-10-12T11:37:04.402+0800][debug][gc,ergo,cset] GC(527) Start adding old regions to collection set. Min 5 regions, max 8 regions, time remaining 48.58ms, optional threshold 9.72ms
[2024-10-12T11:37:04.402+0800][debug][gc,ergo,cset] GC(527) Finish adding old regions to collection set (Maximum number of regions). Initial 8 regions, optional 0 regions
[2024-10-12T11:37:04.402+0800][debug][gc,ergo,cset] GC(527) Finish choosing collection set old regions. Initial: 8, optional: 0, predicted old time: 0.00ms, predicted optional time: 0.00ms, time remaining: 46.47
[2024-10-12T11:37:04.508+0800][debug][gc,ergo,cset] GC(528) Start adding old regions to collection set. Min 5 regions, max 8 regions, time remaining 48.61ms, optional threshold 9.72ms
[2024-10-12T11:37:04.508+0800][debug][gc,ergo,cset] GC(528) Old candidate collection set empty.
[2024-10-12T11:37:04.508+0800][debug][gc,ergo,cset] GC(528) Finish choosing collection set old regions. Initial: 2, optional: 0, predicted old time: 0.00ms, predicted optional time: 0.00ms, time remaining: 47.96
[2024-10-12T11:37:04.831+0800][debug][gc,ergo,cset] GC(532) Pruned 0 regions out of 42, leaving 0 bytes waste (allowed 0)
[2024-10-12T11:37:05.037+0800][debug][gc,ergo,cset] Preventive GC, insufficient free regions. Predicted need 6. Curr Eden 1 (Pred 2). Curr Survivor 1 (Pred 1). Curr Old 52 (Pred 3) Free 5 Alloc 1
[2024-10-12T11:37:05.038+0800][debug][gc,ergo,cset] GC(534) Start adding old regions to collection set. Min 6 regions, max 8 regions, time remaining 49.13ms, optional threshold 9.83ms
[2024-10-12T11:37:05.038+0800][debug][gc,ergo,cset] GC(534) Finish adding old regions to collection set (Maximum number of regions). Initial 8 regions, optional 0 regions
[2024-10-12T11:37:05.038+0800][debug][gc,ergo,cset] GC(534) Finish choosing collection set old regions. Initial: 8, optional: 0, predicted old time: 0.00ms, predicted optional time: 0.00ms, time remaining: 48.20
[2024-10-12T11:37:05.142+0800][debug][gc,ergo,cset] Preventive GC, insufficient free regions. Predicted need 8. Curr Eden 2 (Pred 3). Curr Survivor 1 (Pred 1). Curr Old 48 (Pred 4) Free 8 Alloc 1
[2024-10-12T11:37:05.142+0800][debug][gc,ergo,cset] GC(535) Start adding old regions to collection set. Min 6 regions, max 8 regions, time remaining 48.87ms, optional threshold 9.77ms
[2024-10-12T11:37:05.142+0800][debug][gc,ergo,cset] GC(535) Finish adding old regions to collection set (Maximum number of regions). Initial 8 regions, optional 0 regions
[2024-10-12T11:37:05.142+0800][debug][gc,ergo,cset] GC(535) Finish choosing collection set old regions. Initial: 8, optional: 0, predicted old time: 0.00ms, predicted optional time: 0.00ms, time remaining: 47.53
[2024-10-12T11:37:05.247+0800][debug][gc,ergo,cset] Preventive GC, insufficient free regions. Predicted need 9. Curr Eden 2 (Pred 3). Curr Survivor 1 (Pred 1). Curr Old 47 (Pred 5) Free 9 Alloc 1
[2024-10-12T11:37:05.247+0800][debug][gc,ergo,cset] GC(536) Start adding old regions to collection set. Min 6 regions, max 8 regions, time remaining 48.83ms, optional threshold 9.77ms
[2024-10-12T11:37:05.247+0800][debug][gc,ergo,cset] GC(536) Finish adding old regions to collection set (Maximum number of regions). Initial 8 regions, optional 0 regions
[2024-10-12T11:37:05.247+0800][debug][gc,ergo,cset] GC(536) Finish choosing collection set old regions. Initial: 8, optional: 0, predicted old time: 0.00ms, predicted optional time: 0.00ms, time remaining: 47.28
[2024-10-12T11:37:05.353+0800][debug][gc,ergo,cset] GC(537) Start adding old regions to collection set. Min 6 regions, max 8 regions, time remaining 48.82ms, optional threshold 9.76ms
[2024-10-12T11:37:05.353+0800][debug][gc,ergo,cset] GC(537) Finish adding old regions to collection set (Maximum number of regions). Initial 8 regions, optional 0 regions
[2024-10-12T11:37:05.353+0800][debug][gc,ergo,cset] GC(537) Finish choosing collection set old regions. Initial: 8, optional: 0, predicted old time: 0.00ms, predicted optional time: 0.00ms, time remaining: 47.03
[2024-10-12T11:37:05.459+0800][debug][gc,ergo,cset] GC(538) Start adding old regions to collection set. Min 6 regions, max 8 regions, time remaining 48.64ms, optional threshold 9.73ms
[2024-10-12T11:37:05.459+0800][debug][gc,ergo,cset] GC(538) Finish adding old regions to collection set (Maximum number of regions). Initial 8 regions, optional 0 regions
[2024-10-12T11:37:05.459+0800][debug][gc,ergo,cset] GC(538) Finish choosing collection set old regions. Initial: 8, optional: 0, predicted old time: 0.00ms, predicted optional time: 0.00ms, time remaining: 46.37
[2024-10-12T11:37:05.565+0800][debug][gc,ergo,cset] GC(539) Start adding old regions to collection set. Min 6 regions, max 8 regions, time remaining 48.70ms, optional threshold 9.74ms
[2024-10-12T11:37:05.566+0800][debug][gc,ergo,cset] GC(539) Old candidate collection set empty.
[2024-10-12T11:37:05.566+0800][debug][gc,ergo,cset] GC(539) Finish choosing collection set old regions. Initial: 2, optional: 0, predicted old time: 0.00ms, predicted optional time: 0.00ms, time remaining: 48.04
[2024-10-12T11:37:05.889+0800][debug][gc,ergo,cset] GC(543) Pruned 0 regions out of 38, leaving 0 bytes waste (allowed 0)
[2024-10-12T11:37:06.094+0800][debug][gc,ergo,cset] Preventive GC, insufficient free regions. Predicted need 4. Curr Eden 1 (Pred 2). Curr Survivor 1 (Pred 1). Curr Old 53 (Pred 1) Free 4 Alloc 1
[2024-10-12T11:37:06.095+0800][debug][gc,ergo,cset] GC(545) Start adding old regions to collection set. Min 5 regions, max 8 regions, time remaining 49.16ms, optional threshold 9.83ms
[2024-10-12T11:37:06.095+0800][debug][gc,ergo,cset] GC(545) Finish adding old regions to collection set (Maximum number of regions). Initial 8 regions, optional 0 regions
[2024-10-12T11:37:06.095+0800][debug][gc,ergo,cset] GC(545) Finish choosing collection set old regions. Initial: 8, optional: 0, predicted old time: 0.00ms, predicted optional time: 0.00ms, time remaining: 48.49
[2024-10-12T11:37:06.199+0800][debug][gc,ergo,cset] GC(546) Start adding old regions to collection set. Min 5 regions, max 8 regions, time remaining 48.89ms, optional threshold 9.78ms
[2024-10-12T11:37:06.199+0800][debug][gc,ergo,cset] GC(546) Finish adding old regions to collection set (Maximum number of regions). Initial 8 regions, optional 0 regions
[2024-10-12T11:37:06.199+0800][debug][gc,ergo,cset] GC(546) Finish choosing collection set old regions. Initial: 8, optional: 0, predicted old time: 0.00ms, predicted optional time: 0.00ms, time remaining: 47.68
[2024-10-12T11:37:06.304+0800][debug][gc,ergo,cset] GC(547) Start adding old regions to collection set. Min 5 regions, max 8 regions, time remaining 48.86ms, optional threshold 9.77ms
[2024-10-12T11:37:06.304+0800][debug][gc,ergo,cset] GC(547) Finish adding old regions to collection set (Maximum number of regions). Initial 8 regions, optional 0 regions
[2024-10-12T11:37:06.304+0800][debug][gc,ergo,cset] GC(547) Finish choosing collection set old regions. Initial: 8, optional: 0, predicted old time: 0.00ms, predicted optional time: 0.00ms, time remaining: 47.48
[2024-10-12T11:37:06.411+0800][debug][gc,ergo,cset] GC(548) Start adding old regions to collection set. Min 5 regions, max 8 regions, time remaining 48.78ms, optional threshold 9.76ms
[2024-10-12T11:37:06.411+0800][debug][gc,ergo,cset] GC(548) Finish adding old regions to collection set (Maximum number of regions). Initial 8 regions, optional 0 regions
[2024-10-12T11:37:06.411+0800][debug][gc,ergo,cset] GC(548) Finish choosing collection set old regions. Initial: 8, optional: 0, predicted old time: 0.00ms, predicted optional time: 0.00ms, time remaining: 47.06
[2024-10-12T11:37:06.516+0800][debug][gc,ergo,cset] GC(549) Start adding old regions to collection set. Min 5 regions, max 8 regions, time remaining 48.78ms, optional threshold 9.76ms
[2024-10-12T11:37:06.516+0800][debug][gc,ergo,cset] GC(549) Old candidate collection set empty.
[2024-10-12T11:37:06.516+0800][debug][gc,ergo,cset] GC(549) Finish choosing collection set old regions. Initial: 6, optional: 0, predicted old time: 0.00ms, predicted optional time: 0.00ms, time remaining: 46.87
[2024-10-12T11:37:06.843+0800][debug][gc,ergo,cset] GC(553) Pruned 0 regions out of 39, leaving 0 bytes waste (allowed 0)
[2024-10-12T11:37:07.049+0800][debug][gc,ergo,cset] Preventive GC, insufficient free regions. Predicted need 5. Curr Eden 1 (Pred 2). Curr Survivor 1 (Pred 1). Curr Old 53 (Pred 2) Free 4 Alloc 1
[2024-10-12T11:37:07.049+0800][debug][gc,ergo,cset] GC(555) Start adding old regions to collection set. Min 5 regions, max 8 regions, time remaining 48.99ms, optional threshold 9.80ms
[2024-10-12T11:37:07.049+0800][debug][gc,ergo,cset] GC(555) Finish adding old regions to collection set (Maximum number of regions). Initial 8 regions, optional 0 regions
[2024-10-12T11:37:07.049+0800][debug][gc,ergo,cset] GC(555) Finish choosing collection set old regions. Initial: 8, optional: 0, predicted old time: 0.00ms, predicted optional time: 0.00ms, time remaining: 48.03
[2024-10-12T11:37:07.154+0800][debug][gc,ergo,cset] GC(556) Start adding old regions to collection set. Min 5 regions, max 8 regions, time remaining 48.69ms, optional threshold 9.74ms
[2024-10-12T11:37:07.154+0800][debug][gc,ergo,cset] GC(556) Finish adding old regions to collection set (Maximum number of regions). Initial 8 regions, optional 0 regions
[2024-10-12T11:37:07.154+0800][debug][gc,ergo,cset] GC(556) Finish choosing collection set old regions. Initial: 8, optional: 0, predicted old time: 0.00ms, predicted optional time: 0.00ms, time remaining: 47.29
[2024-10-12T11:37:07.259+0800][debug][gc,ergo,cset] GC(557) Start adding old regions to collection set. Min 5 regions, max 8 regions, time remaining 48.69ms, optional threshold 9.74ms
[2024-10-12T11:37:07.259+0800][debug][gc,ergo,cset] GC(557) Finish adding old regions to collection set (Maximum number of regions). Initial 8 regions, optional 0 regions
[2024-10-12T11:37:07.259+0800][debug][gc,ergo,cset] GC(557) Finish choosing collection set old regions. Initial: 8, optional: 0, predicted old time: 0.00ms, predicted optional time: 0.00ms, time remaining: 47.07
[2024-10-12T11:37:07.364+0800][debug][gc,ergo,cset] GC(558) Start adding old regions to collection set. Min 5 regions, max 8 regions, time remaining 48.72ms, optional threshold 9.74ms
[2024-10-12T11:37:07.364+0800][debug][gc,ergo,cset] GC(558) Finish adding old regions to collection set (Maximum number of regions). Initial 8 regions, optional 0 regions
[2024-10-12T11:37:07.364+0800][debug][gc,ergo,cset] GC(558) Finish choosing collection set old regions. Initial: 8, optional: 0, predicted old time: 0.00ms, predicted optional time: 0.00ms, time remaining: 46.90
[2024-10-12T11:37:07.470+0800][debug][gc,ergo,cset] GC(559) Start adding old regions to collection set. Min 5 regions, max 8 regions, time remaining 48.72ms, optional threshold 9.74ms
[2024-10-12T11:37:07.470+0800][debug][gc,ergo,cset] GC(559) Old candidate collection set empty.
[2024-10-12T11:37:07.470+0800][debug][gc,ergo,cset] GC(559) Finish choosing collection set old regions. Initial: 7, optional: 0, predicted old time: 0.00ms, predicted optional time: 0.00ms, time remaining: 46.60
[2024-10-12T11:37:07.795+0800][debug][gc,ergo,cset] GC(563) Pruned 0 regions out of 41, leaving 0 bytes waste (allowed 0)
[2024-10-12T11:37:08.001+0800][debug][gc,ergo,cset] Preventive GC, insufficient free regions. Predicted need 5. Curr Eden 1 (Pred 2). Curr Survivor 1 (Pred 1). Curr Old 52 (Pred 2) Free 5 Alloc 1
[2024-10-12T11:37:08.002+0800][debug][gc,ergo,cset] GC(565) Start adding old regions to collection set. Min 6 regions, max 8 regions, time remaining 49.16ms, optional threshold 9.83ms
[2024-10-12T11:37:08.002+0800][debug][gc,ergo,cset] GC(565) Finish adding old regions to collection set (Maximum number of regions). Initial 8 regions, optional 0 regions
[2024-10-12T11:37:08.002+0800][debug][gc,ergo,cset] GC(565) Finish choosing collection set old regions. Initial: 8, optional: 0, predicted old time: 0.00ms, predicted optional time: 0.00ms, time remaining: 48.44
[2024-10-12T11:37:08.106+0800][debug][gc,ergo,cset] Preventive GC, insufficient free regions. Predicted need 8. Curr Eden 2 (Pred 3). Curr Survivor 1 (Pred 1). Curr Old 48 (Pred 4) Free 8 Alloc 1
[2024-10-12T11:37:08.106+0800][debug][gc,ergo,cset] GC(566) Start adding old regions to collection set. Min 6 regions, max 8 regions, time remaining 48.92ms, optional threshold 9.78ms
[2024-10-12T11:37:08.106+0800][debug][gc,ergo,cset] GC(566) Finish adding old regions to collection set (Maximum number of regions). Initial 8 regions, optional 0 regions
[2024-10-12T11:37:08.106+0800][debug][gc,ergo,cset] GC(566) Finish choosing collection set old regions. Initial: 8, optional: 0, predicted old time: 0.00ms, predicted optional time: 0.00ms, time remaining: 47.75
[2024-10-12T11:37:08.211+0800][debug][gc,ergo,cset] GC(567) Start adding old regions to collection set. Min 6 regions, max 8 regions, time remaining 48.85ms, optional threshold 9.77ms
[2024-10-12T11:37:08.211+0800][debug][gc,ergo,cset] GC(567) Finish adding old regions to collection set (Maximum number of regions). Initial 8 regions, optional 0 regions
[2024-10-12T11:37:08.211+0800][debug][gc,ergo,cset] GC(567) Finish choosing collection set old regions. Initial: 8, optional: 0, predicted old time: 0.00ms, predicted optional time: 0.00ms, time remaining: 47.28
[2024-10-12T11:37:08.317+0800][debug][gc,ergo,cset] GC(568) Start adding old regions to collection set. Min 6 regions, max 8 regions, time remaining 48.79ms, optional threshold 9.76ms
[2024-10-12T11:37:08.317+0800][debug][gc,ergo,cset] GC(568) Finish adding old regions to collection set (Maximum number of regions). Initial 8 regions, optional 0 regions
[2024-10-12T11:37:08.317+0800][debug][gc,ergo,cset] GC(568) Finish choosing collection set old regions. Initial: 8, optional: 0, predicted old time: 0.00ms, predicted optional time: 0.00ms, time remaining: 46.95
[2024-10-12T11:37:08.423+0800][debug][gc,ergo,cset] GC(569) Start adding old regions to collection set. Min 6 regions, max 8 regions, time remaining 48.79ms, optional threshold 9.76ms
[2024-10-12T11:37:08.423+0800][debug][gc,ergo,cset] GC(569) Finish adding old regions to collection set (Maximum number of regions). Initial 8 regions, optional 0 regions
[2024-10-12T11:37:08.423+0800][debug][gc,ergo,cset] GC(569) Finish choosing collection set old regions. Initial: 8, optional: 0, predicted old time: 0.00ms, predicted optional time: 0.00ms, time remaining: 46.49
[2024-10-12T11:37:08.530+0800][debug][gc,ergo,cset] GC(570) Start adding old regions to collection set. Min 6 regions, max 8 regions, time remaining 48.66ms, optional threshold 9.73ms
[2024-10-12T11:37:08.530+0800][debug][gc,ergo,cset] GC(570) Old candidate collection set empty.
[2024-10-12T11:37:08.530+0800][debug][gc,ergo,cset] GC(570) Finish choosing collection set old regions. Initial: 1, optional: 0, predicted old time: 0.00ms, predicted optional time: 0.00ms, time remaining: 48.32
[2024-10-12T11:37:08.855+0800][debug][gc,ergo,cset] GC(574) Pruned 0 regions out of 41, leaving 0 bytes waste (allowed 0)
[2024-10-12T11:37:09.061+0800][debug][gc,ergo,cset] Preventive GC, insufficient free regions. Predicted need 5. Curr Eden 1 (Pred 2). Curr Survivor 1 (Pred 1). Curr Old 53 (Pred 2) Free 4 Alloc 1
[2024-10-12T11:37:09.061+0800][debug][gc,ergo,cset] GC(576) Start adding old regions to collection set. Min 6 regions, max 8 regions, time remaining 49.05ms, optional threshold 9.81ms
[2024-10-12T11:37:09.061+0800][debug][gc,ergo,cset] GC(576) Finish adding old regions to collection set (Maximum number of regions). Initial 8 regions, optional 0 regions
[2024-10-12T11:37:09.061+0800][debug][gc,ergo,cset] GC(576) Finish choosing collection set old regions. Initial: 8, optional: 0, predicted old time: 0.00ms, predicted optional time: 0.00ms, time remaining: 48.05
[2024-10-12T11:37:09.165+0800][debug][gc,ergo,cset] Preventive GC, insufficient free regions. Predicted need 8. Curr Eden 2 (Pred 3). Curr Survivor 1 (Pred 1). Curr Old 48 (Pred 4) Free 8 Alloc 1
[2024-10-12T11:37:09.165+0800][debug][gc,ergo,cset] GC(577) Start adding old regions to collection set. Min 6 regions, max 8 regions, time remaining 48.75ms, optional threshold 9.75ms
[2024-10-12T11:37:09.165+0800][debug][gc,ergo,cset] GC(577) Finish adding old regions to collection set (Maximum number of regions). Initial 8 regions, optional 0 regions
[2024-10-12T11:37:09.165+0800][debug][gc,ergo,cset] GC(577) Finish choosing collection set old regions. Initial: 8, optional: 0, predicted old time: 0.00ms, predicted optional time: 0.00ms, time remaining: 47.17
[2024-10-12T11:37:09.271+0800][debug][gc,ergo,cset] GC(578) Start adding old regions to collection set. Min 6 regions, max 8 regions, time remaining 48.77ms, optional threshold 9.75ms
[2024-10-12T11:37:09.271+0800][debug][gc,ergo,cset] GC(578) Finish adding old regions to collection set (Maximum number of regions). Initial 8 regions, optional 0 regions
[2024-10-12T11:37:09.271+0800][debug][gc,ergo,cset] GC(578) Finish choosing collection set old regions. Initial: 8, optional: 0, predicted old time: 0.00ms, predicted optional time: 0.00ms, time remaining: 47.01
[2024-10-12T11:37:09.376+0800][debug][gc,ergo,cset] GC(579) Start adding old regions to collection set. Min 6 regions, max 8 regions, time remaining 48.77ms, optional threshold 9.75ms
[2024-10-12T11:37:09.376+0800][debug][gc,ergo,cset] GC(579) Finish adding old regions to collection set (Maximum number of regions). Initial 8 regions, optional 0 regions
[2024-10-12T11:37:09.376+0800][debug][gc,ergo,cset] GC(579) Finish choosing collection set old regions. Initial: 8, optional: 0, predicted old time: 0.00ms, predicted optional time: 0.00ms, time remaining: 46.83
[2024-10-12T11:37:09.483+0800][debug][gc,ergo,cset] GC(580) Start adding old regions to collection set. Min 6 regions, max 8 regions, time remaining 48.70ms, optional threshold 9.74ms
[2024-10-12T11:37:09.483+0800][debug][gc,ergo,cset] GC(580) Finish adding old regions to collection set (Maximum number of regions). Initial 8 regions, optional 0 regions
[2024-10-12T11:37:09.483+0800][debug][gc,ergo,cset] GC(580) Finish choosing collection set old regions. Initial: 8, optional: 0, predicted old time: 0.00ms, predicted optional time: 0.00ms, time remaining: 46.52
[2024-10-12T11:37:09.589+0800][debug][gc,ergo,cset] GC(581) Start adding old regions to collection set. Min 6 regions, max 8 regions, time remaining 48.68ms, optional threshold 9.74ms
[2024-10-12T11:37:09.589+0800][debug][gc,ergo,cset] GC(581) Old candidate collection set empty.
[2024-10-12T11:37:09.589+0800][debug][gc,ergo,cset] GC(581) Finish choosing collection set old regions. Initial: 1, optional: 0, predicted old time: 0.00ms, predicted optional time: 0.00ms, time remaining: 48.12
[2024-10-12T11:37:09.914+0800][debug][gc,ergo,cset] GC(585) Pruned 0 regions out of 42, leaving 0 bytes waste (allowed 0)
[2024-10-12T11:37:10.119+0800][debug][gc,ergo,cset] Preventive GC, insufficient free regions. Predicted need 5. Curr Eden 1 (Pred 2). Curr Survivor 1 (Pred 1). Curr Old 53 (Pred 2) Free 4 Alloc 1
[2024-10-12T11:37:10.120+0800][debug][gc,ergo,cset] GC(587) Start adding old regions to collection set. Min 6 regions, max 8 regions, time remaining 49.13ms, optional threshold 9.83ms
[2024-10-12T11:37:10.120+0800][debug][gc,ergo,cset] GC(587) Finish adding old regions to collection set (Maximum number of regions). Initial 8 regions, optional 0 regions
[2024-10-12T11:37:10.120+0800][debug][gc,ergo,cset] GC(587) Finish choosing collection set old regions. Initial: 8, optional: 0, predicted old time: 0.00ms, predicted optional time: 0.00ms, time remaining: 48.04
[2024-10-12T11:37:10.163+0800][debug][gc,ergo,cset] Preventive GC, insufficient free regions. Predicted need 7. Curr Eden 1 (Pred 2). Curr Survivor 1 (Pred 1). Curr Old 53 (Pred 4) Free 4 Alloc 1
[2024-10-12T11:37:10.163+0800][debug][gc,ergo,cset] GC(588) Start adding old regions to collection set. Min 6 regions, max 8 regions, time remaining 49.11ms, optional threshold 9.82ms
[2024-10-12T11:37:10.163+0800][debug][gc,ergo,cset] GC(588) Finish adding old regions to collection set (Maximum number of regions). Initial 8 regions, optional 0 regions
[2024-10-12T11:37:10.163+0800][debug][gc,ergo,cset] GC(588) Finish choosing collection set old regions. Initial: 8, optional: 0, predicted old time: 0.00ms, predicted optional time: 0.00ms, time remaining: 47.64
[2024-10-12T11:37:10.226+0800][debug][gc,ergo,cset] Preventive GC, insufficient free regions. Predicted need 7. Curr Eden 1 (Pred 2). Curr Survivor 1 (Pred 1). Curr Old 56 (Pred 4) Free 1 Alloc 1
[2024-10-12T11:37:10.227+0800][debug][gc,ergo,cset] GC(589) Start adding old regions to collection set. Min 6 regions, max 8 regions, time remaining 49.09ms, optional threshold 9.82ms
[2024-10-12T11:37:10.227+0800][debug][gc,ergo,cset] GC(589) Finish adding old regions to collection set (Maximum number of regions). Initial 8 regions, optional 0 regions
[2024-10-12T11:37:10.227+0800][debug][gc,ergo,cset] GC(589) Finish choosing collection set old regions. Initial: 8, optional: 0, predicted old time: 0.00ms, predicted optional time: 0.00ms, time remaining: 47.40
[2024-10-12T11:37:10.270+0800][debug][gc,ergo,cset] GC(590) Start adding old regions to collection set. Min 6 regions, max 8 regions, time remaining 49.02ms, optional threshold 9.80ms
[2024-10-12T11:37:10.270+0800][debug][gc,ergo,cset] GC(590) Finish adding old regions to collection set (Maximum number of regions). Initial 8 regions, optional 0 regions
[2024-10-12T11:37:10.270+0800][debug][gc,ergo,cset] GC(590) Finish choosing collection set old regions. Initial: 8, optional: 0, predicted old time: 0.00ms, predicted optional time: 0.00ms, time remaining: 47.06
[2024-10-12T11:37:10.943+0800][debug][gc,ergo,cset] GC(597) Pruned 0 regions out of 38, leaving 0 bytes waste (allowed 0)
[2024-10-12T11:37:11.189+0800][debug][gc,ergo,cset] Preventive GC, insufficient free regions. Predicted need 6. Curr Eden 2 (Pred 3). Curr Survivor 1 (Pred 1). Curr Old 51 (Pred 2) Free 5 Alloc 1
[2024-10-12T11:37:11.190+0800][debug][gc,ergo,cset] GC(599) Start adding old regions to collection set. Min 5 regions, max 8 regions, time remaining 49.00ms, optional threshold 9.80ms
[2024-10-12T11:37:11.190+0800][debug][gc,ergo,cset] GC(599) Finish adding old regions to collection set (Maximum number of regions). Initial 8 regions, optional 0 regions
[2024-10-12T11:37:11.190+0800][debug][gc,ergo,cset] GC(599) Finish choosing collection set old regions. Initial: 8, optional: 0, predicted old time: 0.00ms, predicted optional time: 0.00ms, time remaining: 47.85
[2024-10-12T11:37:11.254+0800][debug][gc,ergo,cset] GC(600) Start adding old regions to collection set. Min 5 regions, max 8 regions, time remaining 49.16ms, optional threshold 9.83ms
[2024-10-12T11:37:11.254+0800][debug][gc,ergo,cset] GC(600) Finish adding old regions to collection set (Maximum number of regions). Initial 8 regions, optional 0 regions
[2024-10-12T11:37:11.254+0800][debug][gc,ergo,cset] GC(600) Finish choosing collection set old regions. Initial: 8, optional: 0, predicted old time: 0.00ms, predicted optional time: 0.00ms, time remaining: 47.67
[2024-10-12T11:37:11.866+0800][debug][gc,ergo,cset] GC(607) Pruned 0 regions out of 39, leaving 0 bytes waste (allowed 0)
[2024-10-12T11:37:12.111+0800][debug][gc,ergo,cset] Preventive GC, insufficient free regions. Predicted need 6. Curr Eden 2 (Pred 3). Curr Survivor 1 (Pred 1). Curr Old 51 (Pred 2) Free 5 Alloc 1
[2024-10-12T11:37:12.111+0800][debug][gc,ergo,cset] GC(609) Start adding old regions to collection set. Min 5 regions, max 8 regions, time remaining 49.04ms, optional threshold 9.81ms
[2024-10-12T11:37:12.112+0800][debug][gc,ergo,cset] GC(609) Finish adding old regions to collection set (Maximum number of regions). Initial 8 regions, optional 0 regions
[2024-10-12T11:37:12.112+0800][debug][gc,ergo,cset] GC(609) Finish choosing collection set old regions. Initial: 8, optional: 0, predicted old time: 0.00ms, predicted optional time: 0.00ms, time remaining: 47.91
[2024-10-12T11:37:12.175+0800][debug][gc,ergo,cset] Preventive GC, insufficient free regions. Predicted need 6. Curr Eden 1 (Pred 2). Curr Survivor 1 (Pred 1). Curr Old 51 (Pred 3) Free 6 Alloc 1
[2024-10-12T11:37:12.175+0800][debug][gc,ergo,cset] GC(610) Start adding old regions to collection set. Min 5 regions, max 8 regions, time remaining 49.22ms, optional threshold 9.84ms
[2024-10-12T11:37:12.175+0800][debug][gc,ergo,cset] GC(610) Finish adding old regions to collection set (Maximum number of regions). Initial 8 regions, optional 0 regions
[2024-10-12T11:37:12.176+0800][debug][gc,ergo,cset] GC(610) Finish choosing collection set old regions. Initial: 8, optional: 0, predicted old time: 0.00ms, predicted optional time: 0.00ms, time remaining: 47.75
[2024-10-12T11:37:12.219+0800][debug][gc,ergo,cset] Preventive GC, insufficient free regions. Predicted need 7. Curr Eden 1 (Pred 2). Curr Survivor 1 (Pred 1). Curr Old 50 (Pred 4) Free 7 Alloc 1
[2024-10-12T11:37:12.219+0800][debug][gc,ergo,cset] GC(611) Start adding old regions to collection set. Min 5 regions, max 8 regions, time remaining 49.19ms, optional threshold 9.84ms
[2024-10-12T11:37:12.219+0800][debug][gc,ergo,cset] GC(611) Finish adding old regions to collection set (Maximum number of regions). Initial 8 regions, optional 0 regions
[2024-10-12T11:37:12.219+0800][debug][gc,ergo,cset] GC(611) Finish choosing collection set old regions. Initial: 8, optional: 0, predicted old time: 0.00ms, predicted optional time: 0.00ms, time remaining: 47.58
[2024-10-12T11:37:12.283+0800][debug][gc,ergo,cset] Preventive GC, insufficient free regions. Predicted need 7. Curr Eden 1 (Pred 2). Curr Survivor 1 (Pred 1). Curr Old 50 (Pred 4) Free 7 Alloc 1
[2024-10-12T11:37:12.284+0800][debug][gc,ergo,cset] GC(612) Start adding old regions to collection set. Min 5 regions, max 8 regions, time remaining 49.18ms, optional threshold 9.84ms
[2024-10-12T11:37:12.284+0800][debug][gc,ergo,cset] GC(612) Finish adding old regions to collection set (Maximum number of regions). Initial 8 regions, optional 0 regions
[2024-10-12T11:37:12.284+0800][debug][gc,ergo,cset] GC(612) Finish choosing collection set old regions. Initial: 8, optional: 0, predicted old time: 0.00ms, predicted optional time: 0.00ms, time remaining: 47.44
[2024-10-12T11:37:12.328+0800][debug][gc,ergo,cset] Preventive GC, insufficient free regions. Predicted need 7. Curr Eden 1 (Pred 2). Curr Survivor 1 (Pred 1). Curr Old 51 (Pred 4) Free 6 Alloc 1
[2024-10-12T11:37:12.328+0800][debug][gc,ergo,cset] GC(613) Start adding old regions to collection set. Min 5 regions, max 8 regions, time remaining 49.16ms, optional threshold 9.83ms
[2024-10-12T11:37:12.328+0800][debug][gc,ergo,cset] GC(613) Old candidate collection set empty.
[2024-10-12T11:37:12.328+0800][debug][gc,ergo,cset] GC(613) Finish choosing collection set old regions. Initial: 7, optional: 0, predicted old time: 0.00ms, predicted optional time: 0.00ms, time remaining: 47.03
[2024-10-12T11:37:12.394+0800][debug][gc,ergo,cset] Preventive GC, insufficient free regions. Predicted need 3. Curr Eden 1 (Pred 2). Curr Survivor 1 (Pred 1). Curr Old 55 (Pred 0) Free 2 Alloc 1
[2024-10-12T11:37:12.406+0800][debug][gc,ergo,cset] GC(615) Pruned 0 regions out of 40, leaving 0 bytes waste (allowed 0)
[2024-10-12T11:37:12.488+0800][debug][gc,ergo,cset] Preventive GC, insufficient free regions. Predicted need 3. Curr Eden 1 (Pred 2). Curr Survivor 1 (Pred 1). Curr Old 56 (Pred 0) Free 1 Alloc 1
[2024-10-12T11:37:12.550+0800][debug][gc,ergo,cset] GC(617) Start adding old regions to collection set. Min 5 regions, max 8 regions, time remaining 49.17ms, optional threshold 9.83ms
[2024-10-12T11:37:12.550+0800][debug][gc,ergo,cset] GC(617) Finish adding old regions to collection set (Maximum number of regions). Initial 8 regions, optional 0 regions
[2024-10-12T11:37:12.550+0800][debug][gc,ergo,cset] GC(617) Finish choosing collection set old regions. Initial: 8, optional: 0, predicted old time: 0.00ms, predicted optional time: 0.00ms, time remaining: 48.76
[2024-10-12T11:37:13.059+0800][debug][gc,ergo,cset] GC(623) Pruned 0 regions out of 34, leaving 0 bytes waste (allowed 0)
[2024-10-12T11:37:13.327+0800][debug][gc,ergo,cset] GC(625) Start adding old regions to collection set. Min 5 regions, max 10 regions, time remaining 49.00ms, optional threshold 9.80ms
[2024-10-12T11:37:13.327+0800][debug][gc,ergo,cset] GC(625) Finish adding old regions to collection set (Maximum number of regions). Initial 10 regions, optional 0 regions
[2024-10-12T11:37:13.328+0800][debug][gc,ergo,cset] GC(625) Finish choosing collection set old regions. Initial: 10, optional: 0, predicted old time: 0.00ms, predicted optional time: 0.00ms, time remaining: 47.58
[2024-10-12T11:37:13.432+0800][debug][gc,ergo,cset] GC(626) Start adding old regions to collection set. Min 5 regions, max 10 regions, time remaining 48.93ms, optional threshold 9.79ms
[2024-10-12T11:37:13.432+0800][debug][gc,ergo,cset] GC(626) Finish adding old regions to collection set (Maximum number of regions). Initial 10 regions, optional 0 regions
[2024-10-12T11:37:13.432+0800][debug][gc,ergo,cset] GC(626) Finish choosing collection set old regions. Initial: 10, optional: 0, predicted old time: 0.00ms, predicted optional time: 0.00ms, time remaining: 47.00
[2024-10-12T11:37:13.538+0800][debug][gc,ergo,cset] GC(627) Start adding old regions to collection set. Min 5 regions, max 10 regions, time remaining 48.87ms, optional threshold 9.77ms
[2024-10-12T11:37:13.538+0800][debug][gc,ergo,cset] GC(627) Finish adding old regions to collection set (Maximum number of regions). Initial 10 regions, optional 0 regions
[2024-10-12T11:37:13.538+0800][debug][gc,ergo,cset] GC(627) Finish choosing collection set old regions. Initial: 10, optional: 0, predicted old time: 0.00ms, predicted optional time: 0.00ms, time remaining: 46.51
[2024-10-12T11:37:13.644+0800][debug][gc,ergo,cset] GC(628) Start adding old regions to collection set. Min 5 regions, max 10 regions, time remaining 48.81ms, optional threshold 9.76ms
[2024-10-12T11:37:13.644+0800][debug][gc,ergo,cset] GC(628) Old candidate collection set empty.
[2024-10-12T11:37:13.644+0800][debug][gc,ergo,cset] GC(628) Finish choosing collection set old regions. Initial: 4, optional: 0, predicted old time: 0.00ms, predicted optional time: 0.00ms, time remaining: 47.34
[2024-10-12T11:37:13.970+0800][debug][gc,ergo,cset] GC(632) Pruned 0 regions out of 32, leaving 0 bytes waste (allowed 0)
[2024-10-12T11:37:14.216+0800][debug][gc,ergo,cset] Preventive GC, insufficient free regions. Predicted need 6. Curr Eden 2 (Pred 3). Curr Survivor 1 (Pred 1). Curr Old 51 (Pred 2) Free 5 Alloc 1
[2024-10-12T11:37:14.217+0800][debug][gc,ergo,cset] GC(634) Start adding old regions to collection set. Min 4 regions, max 8 regions, time remaining 48.90ms, optional threshold 9.78ms
[2024-10-12T11:37:14.217+0800][debug][gc,ergo,cset] GC(634) Finish adding old regions to collection set (Maximum number of regions). Initial 8 regions, optional 0 regions
[2024-10-12T11:37:14.217+0800][debug][gc,ergo,cset] GC(634) Finish choosing collection set old regions. Initial: 8, optional: 0, predicted old time: 0.00ms, predicted optional time: 0.00ms, time remaining: 47.96
[2024-10-12T11:37:14.321+0800][debug][gc,ergo,cset] GC(635) Start adding old regions to collection set. Min 4 regions, max 8 regions, time remaining 48.88ms, optional threshold 9.78ms
[2024-10-12T11:37:14.321+0800][debug][gc,ergo,cset] GC(635) Finish adding old regions to collection set (Maximum number of regions). Initial 8 regions, optional 0 regions
[2024-10-12T11:37:14.321+0800][debug][gc,ergo,cset] GC(635) Finish choosing collection set old regions. Initial: 8, optional: 0, predicted old time: 0.00ms, predicted optional time: 0.00ms, time remaining: 47.52
[2024-10-12T11:37:14.426+0800][debug][gc,ergo,cset] GC(636) Start adding old regions to collection set. Min 4 regions, max 8 regions, time remaining 48.80ms, optional threshold 9.76ms
[2024-10-12T11:37:14.426+0800][debug][gc,ergo,cset] GC(636) Finish adding old regions to collection set (Maximum number of regions). Initial 8 regions, optional 0 regions
[2024-10-12T11:37:14.426+0800][debug][gc,ergo,cset] GC(636) Finish choosing collection set old regions. Initial: 8, optional: 0, predicted old time: 0.00ms, predicted optional time: 0.00ms, time remaining: 47.05
[2024-10-12T11:37:14.532+0800][debug][gc,ergo,cset] GC(637) Start adding old regions to collection set. Min 4 regions, max 8 regions, time remaining 48.71ms, optional threshold 9.74ms
[2024-10-12T11:37:14.532+0800][debug][gc,ergo,cset] GC(637) Old candidate collection set empty.
[2024-10-12T11:37:14.532+0800][debug][gc,ergo,cset] GC(637) Finish choosing collection set old regions. Initial: 8, optional: 0, predicted old time: 0.00ms, predicted optional time: 0.00ms, time remaining: 46.20
[2024-10-12T11:37:14.857+0800][debug][gc,ergo,cset] GC(641) Pruned 0 regions out of 40, leaving 0 bytes waste (allowed 0)
[2024-10-12T11:37:15.104+0800][debug][gc,ergo,cset] Preventive GC, insufficient free regions. Predicted need 6. Curr Eden 2 (Pred 3). Curr Survivor 1 (Pred 1). Curr Old 51 (Pred 2) Free 5 Alloc 1
[2024-10-12T11:37:15.104+0800][debug][gc,ergo,cset] GC(643) Start adding old regions to collection set. Min 5 regions, max 8 regions, time remaining 48.94ms, optional threshold 9.79ms
[2024-10-12T11:37:15.104+0800][debug][gc,ergo,cset] GC(643) Finish adding old regions to collection set (Maximum number of regions). Initial 8 regions, optional 0 regions
[2024-10-12T11:37:15.104+0800][debug][gc,ergo,cset] GC(643) Finish choosing collection set old regions. Initial: 8, optional: 0, predicted old time: 0.00ms, predicted optional time: 0.00ms, time remaining: 48.10
[2024-10-12T11:37:15.168+0800][debug][gc,ergo,cset] Preventive GC, insufficient free regions. Predicted need 6. Curr Eden 1 (Pred 2). Curr Survivor 1 (Pred 1). Curr Old 51 (Pred 3) Free 6 Alloc 1
[2024-10-12T11:37:15.168+0800][debug][gc,ergo,cset] GC(644) Start adding old regions to collection set. Min 5 regions, max 8 regions, time remaining 49.16ms, optional threshold 9.83ms
[2024-10-12T11:37:15.168+0800][debug][gc,ergo,cset] GC(644) Finish adding old regions to collection set (Maximum number of regions). Initial 8 regions, optional 0 regions
[2024-10-12T11:37:15.168+0800][debug][gc,ergo,cset] GC(644) Finish choosing collection set old regions. Initial: 8, optional: 0, predicted old time: 0.00ms, predicted optional time: 0.00ms, time remaining: 47.80
[2024-10-12T11:37:15.211+0800][debug][gc,ergo,cset] Preventive GC, insufficient free regions. Predicted need 7. Curr Eden 1 (Pred 2). Curr Survivor 1 (Pred 1). Curr Old 52 (Pred 4) Free 5 Alloc 1
[2024-10-12T11:37:15.212+0800][debug][gc,ergo,cset] GC(645) Start adding old regions to collection set. Min 5 regions, max 8 regions, time remaining 49.12ms, optional threshold 9.82ms
[2024-10-12T11:37:15.212+0800][debug][gc,ergo,cset] GC(645) Finish adding old regions to collection set (Maximum number of regions). Initial 8 regions, optional 0 regions
[2024-10-12T11:37:15.212+0800][debug][gc,ergo,cset] GC(645) Finish choosing collection set old regions. Initial: 8, optional: 0, predicted old time: 0.00ms, predicted optional time: 0.00ms, time remaining: 47.64
[2024-10-12T11:37:15.275+0800][debug][gc,ergo,cset] Preventive GC, insufficient free regions. Predicted need 7. Curr Eden 1 (Pred 2). Curr Survivor 1 (Pred 1). Curr Old 56 (Pred 4) Free 1 Alloc 1
[2024-10-12T11:37:15.275+0800][debug][gc,ergo,cset] GC(646) Start adding old regions to collection set. Min 5 regions, max 8 regions, time remaining 49.09ms, optional threshold 9.82ms
[2024-10-12T11:37:15.275+0800][debug][gc,ergo,cset] GC(646) Finish adding old regions to collection set (Maximum number of regions). Initial 8 regions, optional 0 regions
[2024-10-12T11:37:15.275+0800][debug][gc,ergo,cset] GC(646) Finish choosing collection set old regions. Initial: 8, optional: 0, predicted old time: 0.00ms, predicted optional time: 0.00ms, time remaining: 47.39
[2024-10-12T11:37:15.299+0800][debug][gc,ergo,cset] GC(647) Start adding old regions to collection set. Min 5 regions, max 8 regions, time remaining 48.89ms, optional threshold 9.78ms
[2024-10-12T11:37:15.299+0800][debug][gc,ergo,cset] GC(647) Old candidate collection set empty.
[2024-10-12T11:37:15.299+0800][debug][gc,ergo,cset] GC(647) Finish choosing collection set old regions. Initial: 8, optional: 0, predicted old time: 0.00ms, predicted optional time: 0.00ms, time remaining: 46.41
[2024-10-12T11:37:15.977+0800][debug][gc,ergo,cset] GC(654) Pruned 0 regions out of 40, leaving 0 bytes waste (allowed 0)
[2024-10-12T11:37:16.221+0800][debug][gc,ergo,cset] Preventive GC, insufficient free regions. Predicted need 6. Curr Eden 2 (Pred 3). Curr Survivor 1 (Pred 1). Curr Old 51 (Pred 2) Free 5 Alloc 1
[2024-10-12T11:37:16.222+0800][debug][gc,ergo,cset] GC(656) Start adding old regions to collection set. Min 5 regions, max 8 regions, time remaining 49.01ms, optional threshold 9.80ms
[2024-10-12T11:37:16.222+0800][debug][gc,ergo,cset] GC(656) Finish adding old regions to collection set (Maximum number of regions). Initial 8 regions, optional 0 regions
[2024-10-12T11:37:16.222+0800][debug][gc,ergo,cset] GC(656) Finish choosing collection set old regions. Initial: 8, optional: 0, predicted old time: 0.00ms, predicted optional time: 0.00ms, time remaining: 48.20
[2024-10-12T11:37:16.326+0800][debug][gc,ergo,cset] GC(657) Start adding old regions to collection set. Min 5 regions, max 8 regions, time remaining 48.88ms, optional threshold 9.78ms
[2024-10-12T11:37:16.326+0800][debug][gc,ergo,cset] GC(657) Finish adding old regions to collection set (Maximum number of regions). Initial 8 regions, optional 0 regions
[2024-10-12T11:37:16.326+0800][debug][gc,ergo,cset] GC(657) Finish choosing collection set old regions. Initial: 8, optional: 0, predicted old time: 0.00ms, predicted optional time: 0.00ms, time remaining: 47.56
[2024-10-12T11:37:16.432+0800][debug][gc,ergo,cset] GC(658) Start adding old regions to collection set. Min 5 regions, max 8 regions, time remaining 48.88ms, optional threshold 9.78ms
[2024-10-12T11:37:16.432+0800][debug][gc,ergo,cset] GC(658) Finish adding old regions to collection set (Maximum number of regions). Initial 8 regions, optional 0 regions
[2024-10-12T11:37:16.432+0800][debug][gc,ergo,cset] GC(658) Finish choosing collection set old regions. Initial: 8, optional: 0, predicted old time: 0.00ms, predicted optional time: 0.00ms, time remaining: 47.38
[2024-10-12T11:37:16.537+0800][debug][gc,ergo,cset] GC(659) Start adding old regions to collection set. Min 5 regions, max 8 regions, time remaining 48.84ms, optional threshold 9.77ms
[2024-10-12T11:37:16.537+0800][debug][gc,ergo,cset] GC(659) Finish adding old regions to collection set (Maximum number of regions). Initial 8 regions, optional 0 regions
[2024-10-12T11:37:16.537+0800][debug][gc,ergo,cset] GC(659) Finish choosing collection set old regions. Initial: 8, optional: 0, predicted old time: 0.00ms, predicted optional time: 0.00ms, time remaining: 47.12
[2024-10-12T11:37:16.643+0800][debug][gc,ergo,cset] GC(660) Start adding old regions to collection set. Min 5 regions, max 8 regions, time remaining 48.67ms, optional threshold 9.73ms
[2024-10-12T11:37:16.643+0800][debug][gc,ergo,cset] GC(660) Old candidate collection set empty.
[2024-10-12T11:37:16.643+0800][debug][gc,ergo,cset] GC(660) Finish choosing collection set old regions. Initial: 8, optional: 0, predicted old time: 0.00ms, predicted optional time: 0.00ms, time remaining: 46.42
[2024-10-12T11:37:16.968+0800][debug][gc,ergo,cset] GC(664) Pruned 0 regions out of 38, leaving 0 bytes waste (allowed 0)
[2024-10-12T11:37:17.175+0800][debug][gc,ergo,cset] Preventive GC, insufficient free regions. Predicted need 5. Curr Eden 1 (Pred 2). Curr Survivor 1 (Pred 1). Curr Old 52 (Pred 2) Free 5 Alloc 1
[2024-10-12T11:37:17.175+0800][debug][gc,ergo,cset] GC(666) Start adding old regions to collection set. Min 5 regions, max 8 regions, time remaining 49.11ms, optional threshold 9.82ms
[2024-10-12T11:37:17.175+0800][debug][gc,ergo,cset] GC(666) Finish adding old regions to collection set (Maximum number of regions). Initial 8 regions, optional 0 regions
[2024-10-12T11:37:17.175+0800][debug][gc,ergo,cset] GC(666) Finish choosing collection set old regions. Initial: 8, optional: 0, predicted old time: 0.00ms, predicted optional time: 0.00ms, time remaining: 48.21
[2024-10-12T11:37:17.279+0800][debug][gc,ergo,cset] GC(667) Start adding old regions to collection set. Min 5 regions, max 8 regions, time remaining 48.87ms, optional threshold 9.77ms
[2024-10-12T11:37:17.279+0800][debug][gc,ergo,cset] GC(667) Finish adding old regions to collection set (Maximum number of regions). Initial 8 regions, optional 0 regions
[2024-10-12T11:37:17.279+0800][debug][gc,ergo,cset] GC(667) Finish choosing collection set old regions. Initial: 8, optional: 0, predicted old time: 0.00ms, predicted optional time: 0.00ms, time remaining: 47.75
[2024-10-12T11:37:17.384+0800][debug][gc,ergo,cset] GC(668) Start adding old regions to collection set. Min 5 regions, max 8 regions, time remaining 48.81ms, optional threshold 9.76ms
[2024-10-12T11:37:17.384+0800][debug][gc,ergo,cset] GC(668) Finish adding old regions to collection set (Maximum number of regions). Initial 8 regions, optional 0 regions
[2024-10-12T11:37:17.384+0800][debug][gc,ergo,cset] GC(668) Finish choosing collection set old regions. Initial: 8, optional: 0, predicted old time: 0.00ms, predicted optional time: 0.00ms, time remaining: 47.27
[2024-10-12T11:37:17.489+0800][debug][gc,ergo,cset] GC(669) Start adding old regions to collection set. Min 5 regions, max 8 regions, time remaining 48.82ms, optional threshold 9.76ms
[2024-10-12T11:37:17.489+0800][debug][gc,ergo,cset] GC(669) Finish adding old regions to collection set (Maximum number of regions). Initial 8 regions, optional 0 regions
[2024-10-12T11:37:17.489+0800][debug][gc,ergo,cset] GC(669) Finish choosing collection set old regions. Initial: 8, optional: 0, predicted old time: 0.00ms, predicted optional time: 0.00ms, time remaining: 47.07
[2024-10-12T11:37:17.596+0800][debug][gc,ergo,cset] GC(670) Start adding old regions to collection set. Min 5 regions, max 8 regions, time remaining 48.79ms, optional threshold 9.76ms
[2024-10-12T11:37:17.596+0800][debug][gc,ergo,cset] GC(670) Old candidate collection set empty.
[2024-10-12T11:37:17.596+0800][debug][gc,ergo,cset] GC(670) Finish choosing collection set old regions. Initial: 6, optional: 0, predicted old time: 0.00ms, predicted optional time: 0.00ms, time remaining: 46.99
[2024-10-12T11:37:17.921+0800][debug][gc,ergo,cset] GC(674) Pruned 0 regions out of 41, leaving 0 bytes waste (allowed 0)
[2024-10-12T11:37:18.127+0800][debug][gc,ergo,cset] Preventive GC, insufficient free regions. Predicted need 6. Curr Eden 1 (Pred 2). Curr Survivor 1 (Pred 1). Curr Old 52 (Pred 3) Free 5 Alloc 1
[2024-10-12T11:37:18.127+0800][debug][gc,ergo,cset] GC(676) Start adding old regions to collection set. Min 6 regions, max 8 regions, time remaining 49.15ms, optional threshold 9.83ms
[2024-10-12T11:37:18.127+0800][debug][gc,ergo,cset] GC(676) Finish adding old regions to collection set (Maximum number of regions). Initial 8 regions, optional 0 regions
[2024-10-12T11:37:18.127+0800][debug][gc,ergo,cset] GC(676) Finish choosing collection set old regions. Initial: 8, optional: 0, predicted old time: 0.00ms, predicted optional time: 0.00ms, time remaining: 48.15
[2024-10-12T11:37:18.170+0800][debug][gc,ergo,cset] Preventive GC, insufficient free regions. Predicted need 7. Curr Eden 1 (Pred 2). Curr Survivor 1 (Pred 1). Curr Old 53 (Pred 4) Free 4 Alloc 1
[2024-10-12T11:37:18.170+0800][debug][gc,ergo,cset] GC(677) Start adding old regions to collection set. Min 6 regions, max 8 regions, time remaining 49.13ms, optional threshold 9.83ms
[2024-10-12T11:37:18.170+0800][debug][gc,ergo,cset] GC(677) Finish adding old regions to collection set (Maximum number of regions). Initial 8 regions, optional 0 regions
[2024-10-12T11:37:18.170+0800][debug][gc,ergo,cset] GC(677) Finish choosing collection set old regions. Initial: 8, optional: 0, predicted old time: 0.00ms, predicted optional time: 0.00ms, time remaining: 47.94
[2024-10-12T11:37:18.234+0800][debug][gc,ergo,cset] Preventive GC, insufficient free regions. Predicted need 7. Curr Eden 1 (Pred 2). Curr Survivor 1 (Pred 1). Curr Old 56 (Pred 4) Free 1 Alloc 1
[2024-10-12T11:37:18.234+0800][debug][gc,ergo,cset] GC(678) Start adding old regions to collection set. Min 6 regions, max 8 regions, time remaining 49.10ms, optional threshold 9.82ms
[2024-10-12T11:37:18.234+0800][debug][gc,ergo,cset] GC(678) Finish adding old regions to collection set (Maximum number of regions). Initial 8 regions, optional 0 regions
[2024-10-12T11:37:18.234+0800][debug][gc,ergo,cset] GC(678) Finish choosing collection set old regions. Initial: 8, optional: 0, predicted old time: 0.00ms, predicted optional time: 0.00ms, time remaining: 47.74
[2024-10-12T11:37:18.277+0800][debug][gc,ergo,cset] GC(679) Start adding old regions to collection set. Min 6 regions, max 8 regions, time remaining 49.04ms, optional threshold 9.81ms
[2024-10-12T11:37:18.277+0800][debug][gc,ergo,cset] GC(679) Finish adding old regions to collection set (Maximum number of regions). Initial 8 regions, optional 0 regions
[2024-10-12T11:37:18.277+0800][debug][gc,ergo,cset] GC(679) Finish choosing collection set old regions. Initial: 8, optional: 0, predicted old time: 0.00ms, predicted optional time: 0.00ms, time remaining: 47.51
[2024-10-12T11:37:19.005+0800][debug][gc,ergo,cset] GC(686) Pruned 0 regions out of 33, leaving 0 bytes waste (allowed 0)
[2024-10-12T11:37:19.253+0800][debug][gc,ergo,cset] Preventive GC, insufficient free regions. Predicted need 6. Curr Eden 2 (Pred 3). Curr Survivor 1 (Pred 1). Curr Old 51 (Pred 2) Free 5 Alloc 1
[2024-10-12T11:37:19.253+0800][debug][gc,ergo,cset] GC(688) Start adding old regions to collection set. Min 5 regions, max 10 regions, time remaining 48.35ms, optional threshold 9.67ms
[2024-10-12T11:37:19.253+0800][debug][gc,ergo,cset] GC(688) Finish adding old regions to collection set (Maximum number of regions). Initial 10 regions, optional 0 regions
[2024-10-12T11:37:19.253+0800][debug][gc,ergo,cset] GC(688) Finish choosing collection set old regions. Initial: 10, optional: 0, predicted old time: 0.00ms, predicted optional time: 0.00ms, time remaining: 46.66
[2024-10-12T11:37:19.358+0800][debug][gc,ergo,cset] GC(689) Start adding old regions to collection set. Min 5 regions, max 10 regions, time remaining 48.32ms, optional threshold 9.66ms
[2024-10-12T11:37:19.358+0800][debug][gc,ergo,cset] GC(689) Finish adding old regions to collection set (Maximum number of regions). Initial 10 regions, optional 0 regions
[2024-10-12T11:37:19.358+0800][debug][gc,ergo,cset] GC(689) Finish choosing collection set old regions. Initial: 10, optional: 0, predicted old time: 0.00ms, predicted optional time: 0.00ms, time remaining: 45.42
[2024-10-12T11:37:19.423+0800][debug][gc,ergo,cset] GC(690) Start adding old regions to collection set. Min 5 regions, max 10 regions, time remaining 48.72ms, optional threshold 9.74ms
[2024-10-12T11:37:19.423+0800][debug][gc,ergo,cset] GC(690) Finish adding old regions to collection set (Maximum number of regions). Initial 10 regions, optional 0 regions
[2024-10-12T11:37:19.423+0800][debug][gc,ergo,cset] GC(690) Finish choosing collection set old regions. Initial: 10, optional: 0, predicted old time: 0.00ms, predicted optional time: 0.00ms, time remaining: 44.92
