[2024-09-09T06:52:17.002+0800][info] Using G1
[2024-09-09T06:52:17.004+0800][info] Version: 17.0.11-internal+0-adhoc.cxl.TencentKona-17-TencentKona-17.0.11 (release)
[2024-09-09T06:52:17.004+0800][info] CPUs: 72 total, 72 available
[2024-09-09T06:52:17.004+0800][info] Memory: 125G
[2024-09-09T06:52:17.004+0800][info] Large Page Support: Disabled
[2024-09-09T06:52:17.004+0800][info] NUMA Support: Disabled
[2024-09-09T06:52:17.004+0800][info] Compressed Oops: Enabled (32-bit)
[2024-09-09T06:52:17.004+0800][info] Heap Region Size: 4M
[2024-09-09T06:52:17.004+0800][info] Heap Min Capacity: 128M
[2024-09-09T06:52:17.004+0800][info] Heap Initial Capacity: 128M
[2024-09-09T06:52:17.004+0800][info] Heap Max Capacity: 128M
[2024-09-09T06:52:17.004+0800][info] Pre-touch: Disabled
[2024-09-09T06:52:17.004+0800][info] Parallel Workers: 48
[2024-09-09T06:52:17.004+0800][info] Concurrent Workers: 12
[2024-09-09T06:52:17.004+0800][info] Concurrent Refinement Workers: 48
[2024-09-09T06:52:17.004+0800][info] Periodic GC: Disabled
[2024-09-09T06:52:17.013+0800][info] CDS archive(s) mapped at: [0x00007be303000000-0x00007be303bc7000-0x00007be303bc7000), size 12349440, SharedBaseAddress: 0x00007be303000000, ArchiveRelocationMode: 1.
[2024-09-09T06:52:17.013+0800][info] Compressed class space mapped at: 0x00007be304000000-0x00007be344000000, reserved size: 1073741824
[2024-09-09T06:52:17.013+0800][info] Narrow klass base: 0x00007be303000000, Narrow klass shift: 0, Narrow klass range: 0x100000000
[2024-09-09T06:52:17.362+0800][info] GC(0) Pause Young (Normal) (G1 Evacuation Pause)
[2024-09-09T06:52:17.362+0800][info] GC(0) Using 3 workers of 48 for evacuation
[2024-09-09T06:52:17.366+0800][info] GC(0)   Pre Evacuate Collection Set: 0.0ms
[2024-09-09T06:52:17.366+0800][info] GC(0)   Merge Heap Roots: 0.0ms
[2024-09-09T06:52:17.366+0800][info] GC(0)   Evacuate Collection Set: 2.5ms
[2024-09-09T06:52:17.366+0800][info] GC(0)   Post Evacuate Collection Set: 0.7ms
[2024-09-09T06:52:17.366+0800][info] GC(0)   Other: 0.6ms
[2024-09-09T06:52:17.366+0800][info] GC(0) Eden regions: 1->0(1)
[2024-09-09T06:52:17.366+0800][info] GC(0) Survivor regions: 0->1(1)
[2024-09-09T06:52:17.366+0800][info] GC(0) Old regions: 0->0
[2024-09-09T06:52:17.366+0800][info] GC(0) Archive regions: 2->2
[2024-09-09T06:52:17.366+0800][info] GC(0) Humongous regions: 0->0
[2024-09-09T06:52:17.366+0800][info] GC(0) Metaspace: 602K(704K)->602K(704K) NonClass: 548K(576K)->548K(576K) Class: 54K(128K)->54K(128K)
[2024-09-09T06:52:17.366+0800][info] GC(0) Pause Young (Normal) (G1 Evacuation Pause) 7M->7M(128M) 4.006ms
[2024-09-09T06:52:17.366+0800][info] GC(0) User=0.00s Sys=0.01s Real=0.01s
[2024-09-09T06:52:17.879+0800][info] GC(1) Pause Young (Normal) (G1 Evacuation Pause)
[2024-09-09T06:52:17.879+0800][info] GC(1) Using 3 workers of 48 for evacuation
[2024-09-09T06:52:17.884+0800][info] GC(1)   Pre Evacuate Collection Set: 0.1ms
[2024-09-09T06:52:17.884+0800][info] GC(1)   Merge Heap Roots: 0.1ms
[2024-09-09T06:52:17.884+0800][info] GC(1)   Evacuate Collection Set: 4.5ms
[2024-09-09T06:52:17.884+0800][info] GC(1)   Post Evacuate Collection Set: 0.2ms
[2024-09-09T06:52:17.884+0800][info] GC(1)   Other: 0.2ms
[2024-09-09T06:52:17.884+0800][info] GC(1) Eden regions: 1->0(1)
[2024-09-09T06:52:17.884+0800][info] GC(1) Survivor regions: 1->1(1)
[2024-09-09T06:52:17.884+0800][info] GC(1) Old regions: 0->1
[2024-09-09T06:52:17.884+0800][info] GC(1) Archive regions: 2->2
[2024-09-09T06:52:17.884+0800][info] GC(1) Humongous regions: 0->0
[2024-09-09T06:52:17.884+0800][info] GC(1) Metaspace: 608K(704K)->608K(704K) NonClass: 553K(576K)->553K(576K) Class: 54K(128K)->54K(128K)
[2024-09-09T06:52:17.884+0800][info] GC(1) Pause Young (Normal) (G1 Evacuation Pause) 11M->11M(128M) 5.124ms
[2024-09-09T06:52:17.884+0800][info] GC(1) User=0.02s Sys=0.00s Real=0.00s
[2024-09-09T06:52:18.372+0800][info] GC(2) Pause Young (Normal) (G1 Evacuation Pause)
[2024-09-09T06:52:18.372+0800][info] GC(2) Using 3 workers of 48 for evacuation
[2024-09-09T06:52:18.376+0800][info] GC(2)   Pre Evacuate Collection Set: 0.1ms
[2024-09-09T06:52:18.376+0800][info] GC(2)   Merge Heap Roots: 0.0ms
[2024-09-09T06:52:18.376+0800][info] GC(2)   Evacuate Collection Set: 3.5ms
[2024-09-09T06:52:18.376+0800][info] GC(2)   Post Evacuate Collection Set: 0.7ms
[2024-09-09T06:52:18.376+0800][info] GC(2)   Other: 0.2ms
[2024-09-09T06:52:18.376+0800][info] GC(2) Eden regions: 1->0(1)
[2024-09-09T06:52:18.376+0800][info] GC(2) Survivor regions: 1->1(1)
[2024-09-09T06:52:18.376+0800][info] GC(2) Old regions: 1->2
[2024-09-09T06:52:18.376+0800][info] GC(2) Archive regions: 2->2
[2024-09-09T06:52:18.376+0800][info] GC(2) Humongous regions: 0->0
[2024-09-09T06:52:18.376+0800][info] GC(2) Metaspace: 717K(896K)->717K(896K) NonClass: 653K(768K)->653K(768K) Class: 64K(128K)->64K(128K)
[2024-09-09T06:52:18.376+0800][info] GC(2) Pause Young (Normal) (G1 Evacuation Pause) 15M->14M(128M) 4.673ms
[2024-09-09T06:52:18.376+0800][info] GC(2) User=0.00s Sys=0.01s Real=0.00s
[2024-09-09T06:52:18.884+0800][info] GC(3) Pause Young (Normal) (G1 Evacuation Pause)
[2024-09-09T06:52:18.884+0800][info] GC(3) Using 3 workers of 48 for evacuation
[2024-09-09T06:52:18.888+0800][info] GC(3)   Pre Evacuate Collection Set: 0.0ms
[2024-09-09T06:52:18.888+0800][info] GC(3)   Merge Heap Roots: 0.0ms
[2024-09-09T06:52:18.888+0800][info] GC(3)   Evacuate Collection Set: 3.1ms
[2024-09-09T06:52:18.888+0800][info] GC(3)   Post Evacuate Collection Set: 0.2ms
[2024-09-09T06:52:18.888+0800][info] GC(3)   Other: 0.1ms
[2024-09-09T06:52:18.888+0800][info] GC(3) Eden regions: 1->0(1)
[2024-09-09T06:52:18.888+0800][info] GC(3) Survivor regions: 1->1(1)
[2024-09-09T06:52:18.888+0800][info] GC(3) Old regions: 2->3
[2024-09-09T06:52:18.888+0800][info] GC(3) Archive regions: 2->2
[2024-09-09T06:52:18.888+0800][info] GC(3) Humongous regions: 0->0
[2024-09-09T06:52:18.888+0800][info] GC(3) Metaspace: 734K(896K)->734K(896K) NonClass: 669K(768K)->669K(768K) Class: 64K(128K)->64K(128K)
[2024-09-09T06:52:18.888+0800][info] GC(3) Pause Young (Normal) (G1 Evacuation Pause) 18M->18M(128M) 3.502ms
[2024-09-09T06:52:18.888+0800][info] GC(3) User=0.00s Sys=0.00s Real=0.01s
[2024-09-09T06:52:19.396+0800][info] GC(4) Pause Young (Normal) (G1 Evacuation Pause)
[2024-09-09T06:52:19.396+0800][info] GC(4) Using 3 workers of 48 for evacuation
[2024-09-09T06:52:19.399+0800][info] GC(4)   Pre Evacuate Collection Set: 0.0ms
[2024-09-09T06:52:19.399+0800][info] GC(4)   Merge Heap Roots: 0.0ms
[2024-09-09T06:52:19.399+0800][info] GC(4)   Evacuate Collection Set: 2.5ms
[2024-09-09T06:52:19.399+0800][info] GC(4)   Post Evacuate Collection Set: 0.2ms
[2024-09-09T06:52:19.399+0800][info] GC(4)   Other: 0.2ms
[2024-09-09T06:52:19.399+0800][info] GC(4) Eden regions: 1->0(1)
[2024-09-09T06:52:19.399+0800][info] GC(4) Survivor regions: 1->1(1)
[2024-09-09T06:52:19.399+0800][info] GC(4) Old regions: 3->4
[2024-09-09T06:52:19.399+0800][info] GC(4) Archive regions: 2->2
[2024-09-09T06:52:19.399+0800][info] GC(4) Humongous regions: 0->0
[2024-09-09T06:52:19.399+0800][info] GC(4) Metaspace: 767K(896K)->767K(896K) NonClass: 703K(768K)->703K(768K) Class: 64K(128K)->64K(128K)
[2024-09-09T06:52:19.399+0800][info] GC(4) Pause Young (Normal) (G1 Evacuation Pause) 22M->22M(128M) 2.989ms
[2024-09-09T06:52:19.399+0800][info] GC(4) User=0.00s Sys=0.00s Real=0.01s
[2024-09-09T06:52:19.905+0800][info] GC(5) Pause Young (Normal) (G1 Evacuation Pause)
[2024-09-09T06:52:19.905+0800][info] GC(5) Using 3 workers of 48 for evacuation
[2024-09-09T06:52:19.908+0800][info] GC(5)   Pre Evacuate Collection Set: 0.0ms
[2024-09-09T06:52:19.908+0800][info] GC(5)   Merge Heap Roots: 0.0ms
[2024-09-09T06:52:19.908+0800][info] GC(5)   Evacuate Collection Set: 2.6ms
[2024-09-09T06:52:19.908+0800][info] GC(5)   Post Evacuate Collection Set: 0.2ms
[2024-09-09T06:52:19.908+0800][info] GC(5)   Other: 0.2ms
[2024-09-09T06:52:19.908+0800][info] GC(5) Eden regions: 1->0(2)
[2024-09-09T06:52:19.908+0800][info] GC(5) Survivor regions: 1->1(1)
[2024-09-09T06:52:19.908+0800][info] GC(5) Old regions: 4->5
[2024-09-09T06:52:19.908+0800][info] GC(5) Archive regions: 2->2
[2024-09-09T06:52:19.908+0800][info] GC(5) Humongous regions: 0->0
[2024-09-09T06:52:19.908+0800][info] GC(5) Metaspace: 798K(960K)->798K(960K) NonClass: 733K(832K)->733K(832K) Class: 64K(128K)->64K(128K)
[2024-09-09T06:52:19.908+0800][info] GC(5) Pause Young (Normal) (G1 Evacuation Pause) 26M->26M(128M) 3.115ms
[2024-09-09T06:52:19.908+0800][info] GC(5) User=0.00s Sys=0.00s Real=0.00s
[2024-09-09T06:52:20.920+0800][info] GC(6) Pause Young (Normal) (G1 Evacuation Pause)
[2024-09-09T06:52:20.920+0800][info] GC(6) Using 3 workers of 48 for evacuation
[2024-09-09T06:52:20.926+0800][info] GC(6)   Pre Evacuate Collection Set: 0.0ms
[2024-09-09T06:52:20.926+0800][info] GC(6)   Merge Heap Roots: 0.0ms
[2024-09-09T06:52:20.926+0800][info] GC(6)   Evacuate Collection Set: 5.7ms
[2024-09-09T06:52:20.926+0800][info] GC(6)   Post Evacuate Collection Set: 0.1ms
[2024-09-09T06:52:20.926+0800][info] GC(6)   Other: 0.1ms
[2024-09-09T06:52:20.926+0800][info] GC(6) Eden regions: 2->0(3)
[2024-09-09T06:52:20.926+0800][info] GC(6) Survivor regions: 1->1(1)
[2024-09-09T06:52:20.926+0800][info] GC(6) Old regions: 5->7
[2024-09-09T06:52:20.926+0800][info] GC(6) Archive regions: 2->2
[2024-09-09T06:52:20.926+0800][info] GC(6) Humongous regions: 0->0
[2024-09-09T06:52:20.926+0800][info] GC(6) Metaspace: 806K(960K)->806K(960K) NonClass: 741K(832K)->741K(832K) Class: 64K(128K)->64K(128K)
[2024-09-09T06:52:20.927+0800][info] GC(6) Pause Young (Normal) (G1 Evacuation Pause) 34M->34M(128M) 6.084ms
[2024-09-09T06:52:20.927+0800][info] GC(6) User=0.00s Sys=0.02s Real=0.01s
[2024-09-09T06:52:22.433+0800][info] GC(7) Pause Young (Concurrent Start) (G1 Evacuation Pause)
[2024-09-09T06:52:22.433+0800][info] GC(7) Using 3 workers of 48 for evacuation
[2024-09-09T06:52:22.442+0800][info] GC(7)   Pre Evacuate Collection Set: 0.0ms
[2024-09-09T06:52:22.442+0800][info] GC(7)   Merge Heap Roots: 0.0ms
[2024-09-09T06:52:22.442+0800][info] GC(7)   Evacuate Collection Set: 7.8ms
[2024-09-09T06:52:22.442+0800][info] GC(7)   Post Evacuate Collection Set: 0.2ms
[2024-09-09T06:52:22.442+0800][info] GC(7)   Other: 1.2ms
[2024-09-09T06:52:22.442+0800][info] GC(7) Eden regions: 3->0(3)
[2024-09-09T06:52:22.442+0800][info] GC(7) Survivor regions: 1->1(1)
[2024-09-09T06:52:22.442+0800][info] GC(7) Old regions: 7->10
[2024-09-09T06:52:22.442+0800][info] GC(7) Archive regions: 2->2
[2024-09-09T06:52:22.442+0800][info] GC(7) Humongous regions: 0->0
[2024-09-09T06:52:22.442+0800][info] GC(7) Metaspace: 840K(960K)->840K(960K) NonClass: 776K(832K)->776K(832K) Class: 64K(128K)->64K(128K)
[2024-09-09T06:52:22.442+0800][info] GC(7) Pause Young (Concurrent Start) (G1 Evacuation Pause) 46M->46M(128M) 9.433ms
[2024-09-09T06:52:22.442+0800][info] GC(7) User=0.01s Sys=0.01s Real=0.01s
[2024-09-09T06:52:22.442+0800][info] GC(8) Concurrent Mark Cycle
[2024-09-09T06:52:22.442+0800][info] GC(8) Concurrent Clear Claimed Marks
[2024-09-09T06:52:22.442+0800][info] GC(8) Concurrent Clear Claimed Marks 0.020ms
[2024-09-09T06:52:22.442+0800][info] GC(8) Concurrent Scan Root Regions
[2024-09-09T06:52:22.443+0800][info] GC(8) Concurrent Scan Root Regions 1.000ms
[2024-09-09T06:52:22.443+0800][info] GC(8) Concurrent Mark
[2024-09-09T06:52:22.443+0800][info] GC(8) Concurrent Mark From Roots
[2024-09-09T06:52:22.445+0800][info] GC(8) Using 12 workers of 12 for marking
[2024-09-09T06:52:22.448+0800][info] GC(8) Concurrent Mark From Roots 4.554ms
[2024-09-09T06:52:22.448+0800][info] GC(8) Concurrent Preclean
[2024-09-09T06:52:22.449+0800][info] GC(8) Concurrent Preclean 1.645ms
[2024-09-09T06:52:22.450+0800][info] GC(8) Pause Remark
[2024-09-09T06:52:22.451+0800][info] GC(8) Pause Remark 46M->42M(128M) 1.139ms
[2024-09-09T06:52:22.451+0800][info] GC(8) User=0.01s Sys=0.00s Real=0.00s
[2024-09-09T06:52:22.451+0800][info] GC(8) Concurrent Mark 7.575ms
[2024-09-09T06:52:22.451+0800][info] GC(8) Concurrent Rebuild Remembered Sets
[2024-09-09T06:52:22.454+0800][info] GC(8) Concurrent Rebuild Remembered Sets 3.320ms
[2024-09-09T06:52:22.454+0800][info] GC(8) Pause Cleanup
[2024-09-09T06:52:22.454+0800][info] GC(8) Pause Cleanup 42M->42M(128M) 0.284ms
[2024-09-09T06:52:22.454+0800][info] GC(8) User=0.00s Sys=0.00s Real=0.00s
[2024-09-09T06:52:22.455+0800][info] GC(8) Concurrent Cleanup for Next Mark
[2024-09-09T06:52:22.456+0800][info] GC(8) Concurrent Cleanup for Next Mark 1.711ms
[2024-09-09T06:52:22.456+0800][info] GC(8) Concurrent Mark Cycle 14.226ms
[2024-09-09T06:52:24.598+0800][info] GC(9) Pause Young (Prepare Mixed) (G1 Evacuation Pause)
[2024-09-09T06:52:24.598+0800][info] GC(9) Using 3 workers of 48 for evacuation
[2024-09-09T06:52:24.607+0800][info] GC(9)   Pre Evacuate Collection Set: 0.1ms
[2024-09-09T06:52:24.607+0800][info] GC(9)   Merge Heap Roots: 0.1ms
[2024-09-09T06:52:24.607+0800][info] GC(9)   Evacuate Collection Set: 8.4ms
[2024-09-09T06:52:24.607+0800][info] GC(9)   Post Evacuate Collection Set: 0.2ms
[2024-09-09T06:52:24.607+0800][info] GC(9)   Other: 0.2ms
[2024-09-09T06:52:24.607+0800][info] GC(9) Eden regions: 4->0(1)
[2024-09-09T06:52:24.607+0800][info] GC(9) Survivor regions: 1->1(1)
[2024-09-09T06:52:24.607+0800][info] GC(9) Old regions: 9->13
[2024-09-09T06:52:24.607+0800][info] GC(9) Archive regions: 2->2
[2024-09-09T06:52:24.607+0800][info] GC(9) Humongous regions: 0->0
[2024-09-09T06:52:24.607+0800][info] GC(9) Metaspace: 880K(1024K)->880K(1024K) NonClass: 816K(896K)->816K(896K) Class: 64K(128K)->64K(128K)
[2024-09-09T06:52:24.607+0800][info] GC(9) Pause Young (Prepare Mixed) (G1 Evacuation Pause) 58M->58M(128M) 9.226ms
[2024-09-09T06:52:24.607+0800][info] GC(9) User=0.01s Sys=0.02s Real=0.01s
[2024-09-09T06:52:25.104+0800][info] GC(10) Pause Young (Mixed) (G1 Evacuation Pause)
[2024-09-09T06:52:25.104+0800][info] GC(10) Using 3 workers of 48 for evacuation
[2024-09-09T06:52:25.108+0800][info] GC(10)   Pre Evacuate Collection Set: 0.1ms
[2024-09-09T06:52:25.108+0800][info] GC(10)   Merge Heap Roots: 0.1ms
[2024-09-09T06:52:25.108+0800][info] GC(10)   Evacuate Collection Set: 4.1ms
[2024-09-09T06:52:25.108+0800][info] GC(10)   Post Evacuate Collection Set: 0.2ms
[2024-09-09T06:52:25.108+0800][info] GC(10)   Other: 0.2ms
[2024-09-09T06:52:25.108+0800][info] GC(10) Eden regions: 1->0(1)
[2024-09-09T06:52:25.108+0800][info] GC(10) Survivor regions: 1->1(1)
[2024-09-09T06:52:25.108+0800][info] GC(10) Old regions: 13->10
[2024-09-09T06:52:25.108+0800][info] GC(10) Archive regions: 2->2
[2024-09-09T06:52:25.108+0800][info] GC(10) Humongous regions: 0->0
[2024-09-09T06:52:25.108+0800][info] GC(10) Metaspace: 880K(1024K)->880K(1024K) NonClass: 816K(896K)->816K(896K) Class: 64K(128K)->64K(128K)
[2024-09-09T06:52:25.109+0800][info] GC(10) Pause Young (Mixed) (G1 Evacuation Pause) 62M->47M(128M) 4.764ms
[2024-09-09T06:52:25.109+0800][info] GC(10) User=0.01s Sys=0.01s Real=0.01s
[2024-09-09T06:52:25.605+0800][info] GC(11) Pause Young (Mixed) (G1 Evacuation Pause)
[2024-09-09T06:52:25.605+0800][info] GC(11) Using 3 workers of 48 for evacuation
[2024-09-09T06:52:25.607+0800][info] GC(11)   Pre Evacuate Collection Set: 0.1ms
[2024-09-09T06:52:25.607+0800][info] GC(11)   Merge Heap Roots: 0.0ms
[2024-09-09T06:52:25.607+0800][info] GC(11)   Evacuate Collection Set: 1.4ms
[2024-09-09T06:52:25.607+0800][info] GC(11)   Post Evacuate Collection Set: 0.2ms
[2024-09-09T06:52:25.607+0800][info] GC(11)   Other: 0.2ms
[2024-09-09T06:52:25.607+0800][info] GC(11) Eden regions: 1->0(4)
[2024-09-09T06:52:25.607+0800][info] GC(11) Survivor regions: 1->1(1)
[2024-09-09T06:52:25.607+0800][info] GC(11) Old regions: 10->11
[2024-09-09T06:52:25.608+0800][info] GC(11) Archive regions: 2->2
[2024-09-09T06:52:25.608+0800][info] GC(11) Humongous regions: 0->0
[2024-09-09T06:52:25.608+0800][info] GC(11) Metaspace: 884K(1024K)->884K(1024K) NonClass: 819K(896K)->819K(896K) Class: 64K(128K)->64K(128K)
[2024-09-09T06:52:25.608+0800][info] GC(11) Pause Young (Mixed) (G1 Evacuation Pause) 51M->48M(128M) 2.153ms
[2024-09-09T06:52:25.608+0800][info] GC(11) User=0.00s Sys=0.00s Real=0.00s
[2024-09-09T06:52:27.608+0800][info] GC(12) Pause Young (Concurrent Start) (G1 Evacuation Pause)
[2024-09-09T06:52:27.608+0800][info] GC(12) Using 3 workers of 48 for evacuation
[2024-09-09T06:52:27.611+0800][info] GC(12)   Pre Evacuate Collection Set: 0.1ms
[2024-09-09T06:52:27.611+0800][info] GC(12)   Merge Heap Roots: 0.0ms
[2024-09-09T06:52:27.611+0800][info] GC(12)   Evacuate Collection Set: 2.8ms
[2024-09-09T06:52:27.611+0800][info] GC(12)   Post Evacuate Collection Set: 0.2ms
[2024-09-09T06:52:27.611+0800][info] GC(12)   Other: 0.4ms
[2024-09-09T06:52:27.611+0800][info] GC(12) Eden regions: 4->0(3)
[2024-09-09T06:52:27.611+0800][info] GC(12) Survivor regions: 1->1(1)
[2024-09-09T06:52:27.611+0800][info] GC(12) Old regions: 11->15
[2024-09-09T06:52:27.611+0800][info] GC(12) Archive regions: 2->2
[2024-09-09T06:52:27.611+0800][info] GC(12) Humongous regions: 0->0
[2024-09-09T06:52:27.611+0800][info] GC(12) Metaspace: 886K(1024K)->886K(1024K) NonClass: 821K(896K)->821K(896K) Class: 64K(128K)->64K(128K)
[2024-09-09T06:52:27.611+0800][info] GC(12) Pause Young (Concurrent Start) (G1 Evacuation Pause) 64M->64M(128M) 3.598ms
[2024-09-09T06:52:27.611+0800][info] GC(12) User=0.01s Sys=0.00s Real=0.00s
[2024-09-09T06:52:27.611+0800][info] GC(13) Concurrent Mark Cycle
[2024-09-09T06:52:27.611+0800][info] GC(13) Concurrent Clear Claimed Marks
[2024-09-09T06:52:27.611+0800][info] GC(13) Concurrent Clear Claimed Marks 0.020ms
[2024-09-09T06:52:27.611+0800][info] GC(13) Concurrent Scan Root Regions
[2024-09-09T06:52:27.611+0800][info] GC(13) Concurrent Scan Root Regions 0.098ms
[2024-09-09T06:52:27.611+0800][info] GC(13) Concurrent Mark
[2024-09-09T06:52:27.611+0800][info] GC(13) Concurrent Mark From Roots
[2024-09-09T06:52:27.611+0800][info] GC(13) Using 12 workers of 12 for marking
[2024-09-09T06:52:27.615+0800][info] GC(13) Concurrent Mark From Roots 3.202ms
[2024-09-09T06:52:27.615+0800][info] GC(13) Concurrent Preclean
[2024-09-09T06:52:27.617+0800][info] GC(13) Concurrent Preclean 2.320ms
[2024-09-09T06:52:27.617+0800][info] GC(13) Pause Remark
[2024-09-09T06:52:27.619+0800][info] GC(13) Pause Remark 64M->36M(128M) 1.510ms
[2024-09-09T06:52:27.619+0800][info] GC(13) User=0.01s Sys=0.00s Real=0.00s
[2024-09-09T06:52:27.619+0800][info] GC(13) Concurrent Mark 7.250ms
[2024-09-09T06:52:27.619+0800][info] GC(13) Concurrent Rebuild Remembered Sets
[2024-09-09T06:52:27.622+0800][info] GC(13) Concurrent Rebuild Remembered Sets 3.653ms
[2024-09-09T06:52:27.622+0800][info] GC(13) Pause Cleanup
[2024-09-09T06:52:27.623+0800][info] GC(13) Pause Cleanup 36M->36M(128M) 0.280ms
[2024-09-09T06:52:27.623+0800][info] GC(13) User=0.00s Sys=0.00s Real=0.00s
[2024-09-09T06:52:27.623+0800][info] GC(13) Concurrent Cleanup for Next Mark
[2024-09-09T06:52:27.625+0800][info] GC(13) Concurrent Cleanup for Next Mark 2.054ms
[2024-09-09T06:52:27.625+0800][info] GC(13) Concurrent Mark Cycle 13.640ms
[2024-09-09T06:52:29.265+0800][info] GC(14) Pause Young (Prepare Mixed) (G1 Evacuation Pause)
[2024-09-09T06:52:29.265+0800][info] GC(14) Using 3 workers of 48 for evacuation
[2024-09-09T06:52:29.268+0800][info] GC(14)   Pre Evacuate Collection Set: 0.0ms
[2024-09-09T06:52:29.268+0800][info] GC(14)   Merge Heap Roots: 0.0ms
[2024-09-09T06:52:29.268+0800][info] GC(14)   Evacuate Collection Set: 2.9ms
[2024-09-09T06:52:29.268+0800][info] GC(14)   Post Evacuate Collection Set: 0.2ms
[2024-09-09T06:52:29.268+0800][info] GC(14)   Other: 0.2ms
[2024-09-09T06:52:29.268+0800][info] GC(14) Eden regions: 3->0(1)
[2024-09-09T06:52:29.268+0800][info] GC(14) Survivor regions: 1->1(1)
[2024-09-09T06:52:29.268+0800][info] GC(14) Old regions: 8->11
[2024-09-09T06:52:29.268+0800][info] GC(14) Archive regions: 2->2
[2024-09-09T06:52:29.268+0800][info] GC(14) Humongous regions: 0->0
[2024-09-09T06:52:29.268+0800][info] GC(14) Metaspace: 892K(1024K)->892K(1024K) NonClass: 827K(896K)->827K(896K) Class: 64K(128K)->64K(128K)
[2024-09-09T06:52:29.268+0800][info] GC(14) Pause Young (Prepare Mixed) (G1 Evacuation Pause) 48M->48M(128M) 3.591ms
[2024-09-09T06:52:29.268+0800][info] GC(14) User=0.00s Sys=0.00s Real=0.01s
[2024-09-09T06:52:29.768+0800][info] GC(15) Pause Young (Mixed) (G1 Evacuation Pause)
[2024-09-09T06:52:29.768+0800][info] GC(15) Using 3 workers of 48 for evacuation
[2024-09-09T06:52:29.771+0800][info] GC(15)   Pre Evacuate Collection Set: 0.0ms
[2024-09-09T06:52:29.771+0800][info] GC(15)   Merge Heap Roots: 0.0ms
[2024-09-09T06:52:29.771+0800][info] GC(15)   Evacuate Collection Set: 2.1ms
[2024-09-09T06:52:29.771+0800][info] GC(15)   Post Evacuate Collection Set: 0.2ms
[2024-09-09T06:52:29.771+0800][info] GC(15)   Other: 0.2ms
[2024-09-09T06:52:29.771+0800][info] GC(15) Eden regions: 1->0(5)
[2024-09-09T06:52:29.771+0800][info] GC(15) Survivor regions: 1->1(1)
[2024-09-09T06:52:29.771+0800][info] GC(15) Old regions: 11->8
[2024-09-09T06:52:29.771+0800][info] GC(15) Archive regions: 2->2
[2024-09-09T06:52:29.771+0800][info] GC(15) Humongous regions: 0->0
[2024-09-09T06:52:29.771+0800][info] GC(15) Metaspace: 893K(1024K)->893K(1024K) NonClass: 829K(896K)->829K(896K) Class: 64K(128K)->64K(128K)
[2024-09-09T06:52:29.771+0800][info] GC(15) Pause Young (Mixed) (G1 Evacuation Pause) 52M->37M(128M) 2.758ms
[2024-09-09T06:52:29.771+0800][info] GC(15) User=0.01s Sys=0.00s Real=0.00s
[2024-09-09T06:52:30.338+0800][info] GC(16) Pause Young (Concurrent Start) (G1 Humongous Allocation)
[2024-09-09T06:52:30.338+0800][info] GC(16) Using 3 workers of 48 for evacuation
[2024-09-09T06:52:30.340+0800][info] GC(16)   Pre Evacuate Collection Set: 0.0ms
[2024-09-09T06:52:30.340+0800][info] GC(16)   Merge Heap Roots: 0.0ms
[2024-09-09T06:52:30.340+0800][info] GC(16)   Evacuate Collection Set: 1.0ms
[2024-09-09T06:52:30.340+0800][info] GC(16)   Post Evacuate Collection Set: 0.7ms
[2024-09-09T06:52:30.340+0800][info] GC(16)   Other: 0.3ms
[2024-09-09T06:52:30.340+0800][info] GC(16) Eden regions: 2->0(5)
[2024-09-09T06:52:30.340+0800][info] GC(16) Survivor regions: 1->1(1)
[2024-09-09T06:52:30.340+0800][info] GC(16) Old regions: 8->9
[2024-09-09T06:52:30.340+0800][info] GC(16) Archive regions: 2->2
[2024-09-09T06:52:30.340+0800][info] GC(16) Humongous regions: 0->0
[2024-09-09T06:52:30.340+0800][info] GC(16) Metaspace: 908K(1024K)->908K(1024K) NonClass: 843K(896K)->843K(896K) Class: 65K(128K)->65K(128K)
[2024-09-09T06:52:30.340+0800][info] GC(16) Pause Young (Concurrent Start) (G1 Humongous Allocation) 42M->41M(128M) 2.147ms
[2024-09-09T06:52:30.340+0800][info] GC(16) User=0.00s Sys=0.00s Real=0.00s
[2024-09-09T06:52:30.340+0800][info] GC(17) Concurrent Mark Cycle
[2024-09-09T06:52:30.340+0800][info] GC(17) Concurrent Clear Claimed Marks
[2024-09-09T06:52:30.340+0800][info] GC(17) Concurrent Clear Claimed Marks 0.020ms
[2024-09-09T06:52:30.340+0800][info] GC(17) Concurrent Scan Root Regions
[2024-09-09T06:52:30.340+0800][info] GC(17) Concurrent Scan Root Regions 0.094ms
[2024-09-09T06:52:30.340+0800][info] GC(17) Concurrent Mark
[2024-09-09T06:52:30.340+0800][info] GC(17) Concurrent Mark From Roots
[2024-09-09T06:52:30.340+0800][info] GC(17) Using 12 workers of 12 for marking
[2024-09-09T06:52:30.343+0800][info] GC(17) Concurrent Mark From Roots 2.801ms
[2024-09-09T06:52:30.343+0800][info] GC(17) Concurrent Preclean
[2024-09-09T06:52:30.345+0800][info] GC(17) Concurrent Preclean 1.746ms
[2024-09-09T06:52:30.345+0800][info] GC(17) Pause Remark
[2024-09-09T06:52:30.346+0800][info] GC(17) Pause Remark 58M->46M(128M) 0.942ms
[2024-09-09T06:52:30.346+0800][info] GC(17) User=0.00s Sys=0.00s Real=0.00s
[2024-09-09T06:52:30.346+0800][info] GC(17) Concurrent Mark 5.681ms
[2024-09-09T06:52:30.346+0800][info] GC(17) Concurrent Rebuild Remembered Sets
[2024-09-09T06:52:30.349+0800][info] GC(17) Concurrent Rebuild Remembered Sets 3.417ms
[2024-09-09T06:52:30.350+0800][info] GC(17) Pause Cleanup
[2024-09-09T06:52:30.350+0800][info] GC(17) Pause Cleanup 46M->46M(128M) 0.234ms
[2024-09-09T06:52:30.350+0800][info] GC(17) User=0.00s Sys=0.00s Real=0.00s
[2024-09-09T06:52:30.350+0800][info] GC(17) Concurrent Cleanup for Next Mark
[2024-09-09T06:52:30.350+0800][info] GC(17) Concurrent Cleanup for Next Mark 0.363ms
[2024-09-09T06:52:30.350+0800][info] GC(17) Concurrent Mark Cycle 10.062ms
[2024-09-09T06:52:30.992+0800][info] GC(18) Pause Young (Prepare Mixed) (G1 Humongous Allocation)
[2024-09-09T06:52:30.992+0800][info] GC(18) Using 3 workers of 48 for evacuation
[2024-09-09T06:52:30.993+0800][info] GC(18)   Pre Evacuate Collection Set: 0.0ms
[2024-09-09T06:52:30.993+0800][info] GC(18)   Merge Heap Roots: 0.0ms
[2024-09-09T06:52:30.993+0800][info] GC(18)   Evacuate Collection Set: 0.6ms
[2024-09-09T06:52:30.993+0800][info] GC(18)   Post Evacuate Collection Set: 0.2ms
[2024-09-09T06:52:30.993+0800][info] GC(18)   Other: 0.2ms
[2024-09-09T06:52:30.993+0800][info] GC(18) Eden regions: 1->0(1)
[2024-09-09T06:52:30.993+0800][info] GC(18) Survivor regions: 1->1(1)
[2024-09-09T06:52:30.993+0800][info] GC(18) Old regions: 6->7
[2024-09-09T06:52:30.993+0800][info] GC(18) Archive regions: 2->2
[2024-09-09T06:52:30.993+0800][info] GC(18) Humongous regions: 12->8
[2024-09-09T06:52:30.993+0800][info] GC(18) Metaspace: 908K(1024K)->908K(1024K) NonClass: 843K(896K)->843K(896K) Class: 65K(128K)->65K(128K)
[2024-09-09T06:52:30.993+0800][info] GC(18) Pause Young (Prepare Mixed) (G1 Humongous Allocation) 78M->61M(128M) 1.179ms
[2024-09-09T06:52:30.993+0800][info] GC(18) User=0.00s Sys=0.00s Real=0.00s
[2024-09-09T06:52:31.044+0800][info] GC(19) Pause Young (Mixed) (G1 Preventive Collection)
[2024-09-09T06:52:31.044+0800][info] GC(19) Using 3 workers of 48 for evacuation
[2024-09-09T06:52:31.045+0800][info] GC(19)   Pre Evacuate Collection Set: 0.0ms
[2024-09-09T06:52:31.045+0800][info] GC(19)   Merge Heap Roots: 0.0ms
[2024-09-09T06:52:31.045+0800][info] GC(19)   Evacuate Collection Set: 0.4ms
[2024-09-09T06:52:31.045+0800][info] GC(19)   Post Evacuate Collection Set: 0.2ms
[2024-09-09T06:52:31.045+0800][info] GC(19)   Other: 0.1ms
[2024-09-09T06:52:31.045+0800][info] GC(19) Eden regions: 1->0(3)
[2024-09-09T06:52:31.045+0800][info] GC(19) Survivor regions: 1->1(1)
[2024-09-09T06:52:31.045+0800][info] GC(19) Old regions: 7->6
[2024-09-09T06:52:31.045+0800][info] GC(19) Archive regions: 2->2
[2024-09-09T06:52:31.045+0800][info] GC(19) Humongous regions: 16->12
[2024-09-09T06:52:31.045+0800][info] GC(19) Metaspace: 908K(1024K)->908K(1024K) NonClass: 843K(896K)->843K(896K) Class: 65K(128K)->65K(128K)
[2024-09-09T06:52:31.045+0800][info] GC(19) Pause Young (Mixed) (G1 Preventive Collection) 93M->73M(128M) 0.914ms
[2024-09-09T06:52:31.045+0800][info] GC(19) User=0.00s Sys=0.00s Real=0.01s
[2024-09-09T06:52:31.067+0800][info] GC(20) Pause Young (Concurrent Start) (G1 Humongous Allocation)
[2024-09-09T06:52:31.067+0800][info] GC(20) Using 3 workers of 48 for evacuation
[2024-09-09T06:52:31.068+0800][info] GC(20)   Pre Evacuate Collection Set: 0.0ms
[2024-09-09T06:52:31.068+0800][info] GC(20)   Merge Heap Roots: 0.0ms
[2024-09-09T06:52:31.068+0800][info] GC(20)   Evacuate Collection Set: 0.2ms
[2024-09-09T06:52:31.068+0800][info] GC(20)   Post Evacuate Collection Set: 0.2ms
[2024-09-09T06:52:31.068+0800][info] GC(20)   Other: 0.2ms
[2024-09-09T06:52:31.068+0800][info] GC(20) Eden regions: 1->0(1)
[2024-09-09T06:52:31.068+0800][info] GC(20) Survivor regions: 1->1(1)
[2024-09-09T06:52:31.068+0800][info] GC(20) Old regions: 6->6
[2024-09-09T06:52:31.068+0800][info] GC(20) Archive regions: 2->2
[2024-09-09T06:52:31.068+0800][info] GC(20) Humongous regions: 16->12
[2024-09-09T06:52:31.068+0800][info] GC(20) Metaspace: 908K(1024K)->908K(1024K) NonClass: 843K(896K)->843K(896K) Class: 65K(128K)->65K(128K)
[2024-09-09T06:52:31.068+0800][info] GC(20) Pause Young (Concurrent Start) (G1 Humongous Allocation) 89M->73M(128M) 0.802ms
[2024-09-09T06:52:31.068+0800][info] GC(20) User=0.00s Sys=0.00s Real=0.00s
[2024-09-09T06:52:31.068+0800][info] GC(21) Concurrent Undo Cycle
[2024-09-09T06:52:31.068+0800][info] GC(21) Concurrent Cleanup for Next Mark
[2024-09-09T06:52:31.069+0800][info] GC(21) Concurrent Cleanup for Next Mark 0.273ms
[2024-09-09T06:52:31.069+0800][info] GC(21) Concurrent Undo Cycle 0.349ms
[2024-09-09T06:52:31.096+0800][info] GC(22) Pause Young (Concurrent Start) (G1 Humongous Allocation)
[2024-09-09T06:52:31.096+0800][info] GC(22) Using 3 workers of 48 for evacuation
[2024-09-09T06:52:31.097+0800][info] GC(22)   Pre Evacuate Collection Set: 0.0ms
[2024-09-09T06:52:31.097+0800][info] GC(22)   Merge Heap Roots: 0.0ms
[2024-09-09T06:52:31.097+0800][info] GC(22)   Evacuate Collection Set: 0.1ms
[2024-09-09T06:52:31.097+0800][info] GC(22)   Post Evacuate Collection Set: 0.1ms
[2024-09-09T06:52:31.097+0800][info] GC(22)   Other: 0.3ms
[2024-09-09T06:52:31.097+0800][info] GC(22) Eden regions: 1->0(1)
[2024-09-09T06:52:31.097+0800][info] GC(22) Survivor regions: 1->1(1)
[2024-09-09T06:52:31.097+0800][info] GC(22) Old regions: 6->6
[2024-09-09T06:52:31.097+0800][info] GC(22) Archive regions: 2->2
[2024-09-09T06:52:31.097+0800][info] GC(22) Humongous regions: 16->12
[2024-09-09T06:52:31.097+0800][info] GC(22) Metaspace: 908K(1024K)->908K(1024K) NonClass: 843K(896K)->843K(896K) Class: 65K(128K)->65K(128K)
[2024-09-09T06:52:31.097+0800][info] GC(22) Pause Young (Concurrent Start) (G1 Humongous Allocation) 89M->73M(128M) 0.739ms
[2024-09-09T06:52:31.097+0800][info] GC(22) User=0.00s Sys=0.00s Real=0.01s
[2024-09-09T06:52:31.097+0800][info] GC(23) Concurrent Undo Cycle
[2024-09-09T06:52:31.097+0800][info] GC(23) Concurrent Cleanup for Next Mark
[2024-09-09T06:52:31.097+0800][info] GC(23) Concurrent Cleanup for Next Mark 0.196ms
[2024-09-09T06:52:31.097+0800][info] GC(23) Concurrent Undo Cycle 0.263ms
[2024-09-09T06:52:31.120+0800][info] GC(24) Pause Young (Concurrent Start) (G1 Humongous Allocation)
[2024-09-09T06:52:31.120+0800][info] GC(24) Using 3 workers of 48 for evacuation
[2024-09-09T06:52:31.120+0800][info] GC(24)   Pre Evacuate Collection Set: 0.0ms
[2024-09-09T06:52:31.120+0800][info] GC(24)   Merge Heap Roots: 0.0ms
[2024-09-09T06:52:31.120+0800][info] GC(24)   Evacuate Collection Set: 0.1ms
[2024-09-09T06:52:31.120+0800][info] GC(24)   Post Evacuate Collection Set: 0.2ms
[2024-09-09T06:52:31.120+0800][info] GC(24)   Other: 0.2ms
[2024-09-09T06:52:31.120+0800][info] GC(24) Eden regions: 1->0(1)
[2024-09-09T06:52:31.120+0800][info] GC(24) Survivor regions: 1->1(1)
[2024-09-09T06:52:31.120+0800][info] GC(24) Old regions: 6->6
[2024-09-09T06:52:31.120+0800][info] GC(24) Archive regions: 2->2
[2024-09-09T06:52:31.120+0800][info] GC(24) Humongous regions: 16->12
[2024-09-09T06:52:31.120+0800][info] GC(24) Metaspace: 908K(1024K)->908K(1024K) NonClass: 843K(896K)->843K(896K) Class: 65K(128K)->65K(128K)
[2024-09-09T06:52:31.121+0800][info] GC(24) Pause Young (Concurrent Start) (G1 Humongous Allocation) 89M->73M(128M) 0.764ms
[2024-09-09T06:52:31.121+0800][info] GC(24) User=0.00s Sys=0.00s Real=0.00s
[2024-09-09T06:52:31.121+0800][info] GC(25) Concurrent Undo Cycle
[2024-09-09T06:52:31.121+0800][info] GC(25) Concurrent Cleanup for Next Mark
[2024-09-09T06:52:31.121+0800][info] GC(25) Concurrent Cleanup for Next Mark 0.192ms
[2024-09-09T06:52:31.121+0800][info] GC(25) Concurrent Undo Cycle 0.264ms
[2024-09-09T06:52:31.657+0800][info] GC(26) Pause Young (Normal) (G1 Evacuation Pause)
[2024-09-09T06:52:31.657+0800][info] GC(26) Using 3 workers of 48 for evacuation
[2024-09-09T06:52:31.658+0800][info] GC(26)   Pre Evacuate Collection Set: 0.0ms
[2024-09-09T06:52:31.658+0800][info] GC(26)   Merge Heap Roots: 0.0ms
[2024-09-09T06:52:31.658+0800][info] GC(26)   Evacuate Collection Set: 0.4ms
[2024-09-09T06:52:31.658+0800][info] GC(26)   Post Evacuate Collection Set: 0.1ms
[2024-09-09T06:52:31.658+0800][info] GC(26)   Other: 0.2ms
[2024-09-09T06:52:31.658+0800][info] GC(26) Eden regions: 1->0(1)
[2024-09-09T06:52:31.658+0800][info] GC(26) Survivor regions: 1->1(1)
[2024-09-09T06:52:31.658+0800][info] GC(26) Old regions: 6->6
[2024-09-09T06:52:31.658+0800][info] GC(26) Archive regions: 2->2
[2024-09-09T06:52:31.658+0800][info] GC(26) Humongous regions: 16->12
[2024-09-09T06:52:31.658+0800][info] GC(26) Metaspace: 911K(1024K)->911K(1024K) NonClass: 846K(896K)->846K(896K) Class: 65K(128K)->65K(128K)
[2024-09-09T06:52:31.658+0800][info] GC(26) Pause Young (Normal) (G1 Evacuation Pause) 93M->77M(128M) 0.949ms
[2024-09-09T06:52:31.658+0800][info] GC(26) User=0.00s Sys=0.00s Real=0.00s
[2024-09-09T06:52:32.156+0800][info] GC(27) Pause Young (Normal) (G1 Evacuation Pause)
[2024-09-09T06:52:32.156+0800][info] GC(27) Using 3 workers of 48 for evacuation
[2024-09-09T06:52:32.157+0800][info] GC(27)   Pre Evacuate Collection Set: 0.0ms
[2024-09-09T06:52:32.157+0800][info] GC(27)   Merge Heap Roots: 0.0ms
[2024-09-09T06:52:32.157+0800][info] GC(27)   Evacuate Collection Set: 0.9ms
[2024-09-09T06:52:32.157+0800][info] GC(27)   Post Evacuate Collection Set: 0.1ms
[2024-09-09T06:52:32.157+0800][info] GC(27)   Other: 0.2ms
[2024-09-09T06:52:32.157+0800][info] GC(27) Eden regions: 1->0(1)
[2024-09-09T06:52:32.157+0800][info] GC(27) Survivor regions: 1->1(1)
[2024-09-09T06:52:32.157+0800][info] GC(27) Old regions: 6->7
[2024-09-09T06:52:32.157+0800][info] GC(27) Archive regions: 2->2
[2024-09-09T06:52:32.157+0800][info] GC(27) Humongous regions: 12->12
[2024-09-09T06:52:32.157+0800][info] GC(27) Metaspace: 911K(1024K)->911K(1024K) NonClass: 846K(896K)->846K(896K) Class: 65K(128K)->65K(128K)
[2024-09-09T06:52:32.157+0800][info] GC(27) Pause Young (Normal) (G1 Evacuation Pause) 81M->81M(128M) 1.394ms
[2024-09-09T06:52:32.157+0800][info] GC(27) User=0.01s Sys=0.00s Real=0.01s
[2024-09-09T06:52:32.656+0800][info] GC(28) Pause Young (Normal) (G1 Evacuation Pause)
[2024-09-09T06:52:32.656+0800][info] GC(28) Using 3 workers of 48 for evacuation
[2024-09-09T06:52:32.657+0800][info] GC(28)   Pre Evacuate Collection Set: 0.0ms
[2024-09-09T06:52:32.657+0800][info] GC(28)   Merge Heap Roots: 0.0ms
[2024-09-09T06:52:32.657+0800][info] GC(28)   Evacuate Collection Set: 0.8ms
[2024-09-09T06:52:32.657+0800][info] GC(28)   Post Evacuate Collection Set: 0.2ms
[2024-09-09T06:52:32.657+0800][info] GC(28)   Other: 0.2ms
[2024-09-09T06:52:32.657+0800][info] GC(28) Eden regions: 1->0(1)
[2024-09-09T06:52:32.657+0800][info] GC(28) Survivor regions: 1->1(1)
[2024-09-09T06:52:32.657+0800][info] GC(28) Old regions: 7->8
[2024-09-09T06:52:32.657+0800][info] GC(28) Archive regions: 2->2
[2024-09-09T06:52:32.657+0800][info] GC(28) Humongous regions: 12->12
[2024-09-09T06:52:32.657+0800][info] GC(28) Metaspace: 911K(1024K)->911K(1024K) NonClass: 846K(896K)->846K(896K) Class: 65K(128K)->65K(128K)
[2024-09-09T06:52:32.657+0800][info] GC(28) Pause Young (Normal) (G1 Evacuation Pause) 84M->84M(128M) 1.282ms
[2024-09-09T06:52:32.657+0800][info] GC(28) User=0.00s Sys=0.00s Real=0.01s
[2024-09-09T06:52:33.156+0800][info] GC(29) Pause Young (Normal) (G1 Evacuation Pause)
[2024-09-09T06:52:33.156+0800][info] GC(29) Using 3 workers of 48 for evacuation
[2024-09-09T06:52:33.157+0800][info] GC(29)   Pre Evacuate Collection Set: 0.0ms
[2024-09-09T06:52:33.157+0800][info] GC(29)   Merge Heap Roots: 0.0ms
[2024-09-09T06:52:33.157+0800][info] GC(29)   Evacuate Collection Set: 0.8ms
[2024-09-09T06:52:33.157+0800][info] GC(29)   Post Evacuate Collection Set: 0.2ms
[2024-09-09T06:52:33.157+0800][info] GC(29)   Other: 0.2ms
[2024-09-09T06:52:33.157+0800][info] GC(29) Eden regions: 1->0(1)
[2024-09-09T06:52:33.157+0800][info] GC(29) Survivor regions: 1->1(1)
[2024-09-09T06:52:33.157+0800][info] GC(29) Old regions: 8->9
[2024-09-09T06:52:33.157+0800][info] GC(29) Archive regions: 2->2
[2024-09-09T06:52:33.157+0800][info] GC(29) Humongous regions: 12->12
[2024-09-09T06:52:33.157+0800][info] GC(29) Metaspace: 911K(1024K)->911K(1024K) NonClass: 846K(896K)->846K(896K) Class: 65K(128K)->65K(128K)
[2024-09-09T06:52:33.157+0800][info] GC(29) Pause Young (Normal) (G1 Evacuation Pause) 88M->88M(128M) 1.351ms
[2024-09-09T06:52:33.157+0800][info] GC(29) User=0.01s Sys=0.00s Real=0.01s
[2024-09-09T06:52:33.660+0800][info] GC(30) Pause Young (Normal) (G1 Evacuation Pause)
[2024-09-09T06:52:33.660+0800][info] GC(30) Using 3 workers of 48 for evacuation
[2024-09-09T06:52:33.661+0800][info] GC(30)   Pre Evacuate Collection Set: 0.0ms
[2024-09-09T06:52:33.661+0800][info] GC(30)   Merge Heap Roots: 0.0ms
[2024-09-09T06:52:33.661+0800][info] GC(30)   Evacuate Collection Set: 0.9ms
[2024-09-09T06:52:33.661+0800][info] GC(30)   Post Evacuate Collection Set: 0.2ms
[2024-09-09T06:52:33.661+0800][info] GC(30)   Other: 0.2ms
[2024-09-09T06:52:33.661+0800][info] GC(30) Eden regions: 1->0(1)
[2024-09-09T06:52:33.661+0800][info] GC(30) Survivor regions: 1->1(1)
[2024-09-09T06:52:33.661+0800][info] GC(30) Old regions: 9->10
[2024-09-09T06:52:33.661+0800][info] GC(30) Archive regions: 2->2
[2024-09-09T06:52:33.661+0800][info] GC(30) Humongous regions: 12->12
[2024-09-09T06:52:33.661+0800][info] GC(30) Metaspace: 911K(1024K)->911K(1024K) NonClass: 846K(896K)->846K(896K) Class: 65K(128K)->65K(128K)
[2024-09-09T06:52:33.661+0800][info] GC(30) Pause Young (Normal) (G1 Evacuation Pause) 92M->92M(128M) 1.442ms
[2024-09-09T06:52:33.661+0800][info] GC(30) User=0.01s Sys=0.00s Real=0.00s
[2024-09-09T06:52:34.156+0800][info] GC(31) Pause Young (Normal) (G1 Evacuation Pause)
[2024-09-09T06:52:34.156+0800][info] GC(31) Using 3 workers of 48 for evacuation
[2024-09-09T06:52:34.157+0800][info] GC(31)   Pre Evacuate Collection Set: 0.0ms
[2024-09-09T06:52:34.157+0800][info] GC(31)   Merge Heap Roots: 0.0ms
[2024-09-09T06:52:34.157+0800][info] GC(31)   Evacuate Collection Set: 0.9ms
[2024-09-09T06:52:34.157+0800][info] GC(31)   Post Evacuate Collection Set: 0.2ms
[2024-09-09T06:52:34.157+0800][info] GC(31)   Other: 0.2ms
[2024-09-09T06:52:34.157+0800][info] GC(31) Eden regions: 1->0(1)
[2024-09-09T06:52:34.157+0800][info] GC(31) Survivor regions: 1->1(1)
[2024-09-09T06:52:34.157+0800][info] GC(31) Old regions: 10->11
[2024-09-09T06:52:34.157+0800][info] GC(31) Archive regions: 2->2
[2024-09-09T06:52:34.157+0800][info] GC(31) Humongous regions: 12->12
[2024-09-09T06:52:34.157+0800][info] GC(31) Metaspace: 911K(1024K)->911K(1024K) NonClass: 846K(896K)->846K(896K) Class: 65K(128K)->65K(128K)
[2024-09-09T06:52:34.157+0800][info] GC(31) Pause Young (Normal) (G1 Evacuation Pause) 96M->96M(128M) 1.476ms
[2024-09-09T06:52:34.157+0800][info] GC(31) User=0.00s Sys=0.00s Real=0.01s
[2024-09-09T06:52:34.654+0800][info] GC(32) Pause Young (Concurrent Start) (G1 Evacuation Pause)
[2024-09-09T06:52:34.654+0800][info] GC(32) Using 3 workers of 48 for evacuation
[2024-09-09T06:52:34.656+0800][info] GC(32)   Pre Evacuate Collection Set: 0.0ms
[2024-09-09T06:52:34.656+0800][info] GC(32)   Merge Heap Roots: 0.0ms
[2024-09-09T06:52:34.656+0800][info] GC(32)   Evacuate Collection Set: 0.8ms
[2024-09-09T06:52:34.656+0800][info] GC(32)   Post Evacuate Collection Set: 0.1ms
[2024-09-09T06:52:34.656+0800][info] GC(32)   Other: 0.3ms
[2024-09-09T06:52:34.656+0800][info] GC(32) Eden regions: 1->0(1)
[2024-09-09T06:52:34.656+0800][info] GC(32) Survivor regions: 1->1(1)
[2024-09-09T06:52:34.656+0800][info] GC(32) Old regions: 11->12
[2024-09-09T06:52:34.656+0800][info] GC(32) Archive regions: 2->2
[2024-09-09T06:52:34.656+0800][info] GC(32) Humongous regions: 12->12
[2024-09-09T06:52:34.656+0800][info] GC(32) Metaspace: 911K(1024K)->911K(1024K) NonClass: 846K(896K)->846K(896K) Class: 65K(128K)->65K(128K)
[2024-09-09T06:52:34.656+0800][info] GC(32) Pause Young (Concurrent Start) (G1 Evacuation Pause) 100M->100M(128M) 1.464ms
[2024-09-09T06:52:34.656+0800][info] GC(32) User=0.01s Sys=0.00s Real=0.00s
[2024-09-09T06:52:34.656+0800][info] GC(33) Concurrent Mark Cycle
[2024-09-09T06:52:34.656+0800][info] GC(33) Concurrent Clear Claimed Marks
[2024-09-09T06:52:34.656+0800][info] GC(33) Concurrent Clear Claimed Marks 0.020ms
[2024-09-09T06:52:34.656+0800][info] GC(33) Concurrent Scan Root Regions
[2024-09-09T06:52:34.656+0800][info] GC(33) Concurrent Scan Root Regions 0.127ms
[2024-09-09T06:52:34.656+0800][info] GC(33) Concurrent Mark
[2024-09-09T06:52:34.656+0800][info] GC(33) Concurrent Mark From Roots
[2024-09-09T06:52:34.656+0800][info] GC(33) Using 12 workers of 12 for marking
[2024-09-09T06:52:34.660+0800][info] GC(33) Concurrent Mark From Roots 3.546ms
[2024-09-09T06:52:34.660+0800][info] GC(33) Concurrent Preclean
[2024-09-09T06:52:34.662+0800][info] GC(33) Concurrent Preclean 1.769ms
[2024-09-09T06:52:34.662+0800][info] GC(33) Pause Remark
[2024-09-09T06:52:34.663+0800][info] GC(33) Pause Remark 100M->44M(128M) 1.173ms
[2024-09-09T06:52:34.663+0800][info] GC(33) User=0.00s Sys=0.00s Real=0.00s
[2024-09-09T06:52:34.663+0800][info] GC(33) Concurrent Mark 6.656ms
[2024-09-09T06:52:34.663+0800][info] GC(33) Concurrent Rebuild Remembered Sets
[2024-09-09T06:52:34.666+0800][info] GC(33) Concurrent Rebuild Remembered Sets 3.559ms
[2024-09-09T06:52:34.666+0800][info] GC(33) Pause Cleanup
[2024-09-09T06:52:34.667+0800][info] GC(33) Pause Cleanup 44M->44M(128M) 0.297ms
[2024-09-09T06:52:34.667+0800][info] GC(33) User=0.00s Sys=0.00s Real=0.00s
[2024-09-09T06:52:34.667+0800][info] GC(33) Concurrent Cleanup for Next Mark
[2024-09-09T06:52:34.667+0800][info] GC(33) Concurrent Cleanup for Next Mark 0.327ms
[2024-09-09T06:52:34.667+0800][info] GC(33) Concurrent Mark Cycle 11.278ms
[2024-09-09T06:52:35.305+0800][info] GC(34) Pause Young (Prepare Mixed) (G1 Evacuation Pause)
[2024-09-09T06:52:35.305+0800][info] GC(34) Using 3 workers of 48 for evacuation
[2024-09-09T06:52:35.307+0800][info] GC(34)   Pre Evacuate Collection Set: 0.0ms
[2024-09-09T06:52:35.307+0800][info] GC(34)   Merge Heap Roots: 0.0ms
[2024-09-09T06:52:35.307+0800][info] GC(34)   Evacuate Collection Set: 0.8ms
[2024-09-09T06:52:35.307+0800][info] GC(34)   Post Evacuate Collection Set: 0.1ms
[2024-09-09T06:52:35.307+0800][info] GC(34)   Other: 0.2ms
[2024-09-09T06:52:35.307+0800][info] GC(34) Eden regions: 1->0(1)
[2024-09-09T06:52:35.307+0800][info] GC(34) Survivor regions: 1->1(1)
[2024-09-09T06:52:35.307+0800][info] GC(34) Old regions: 10->11
[2024-09-09T06:52:35.307+0800][info] GC(34) Archive regions: 2->2
[2024-09-09T06:52:35.307+0800][info] GC(34) Humongous regions: 0->0
[2024-09-09T06:52:35.307+0800][info] GC(34) Metaspace: 911K(1024K)->911K(1024K) NonClass: 846K(896K)->846K(896K) Class: 65K(128K)->65K(128K)
[2024-09-09T06:52:35.307+0800][info] GC(34) Pause Young (Prepare Mixed) (G1 Evacuation Pause) 48M->48M(128M) 1.331ms
[2024-09-09T06:52:35.307+0800][info] GC(34) User=0.01s Sys=0.00s Real=0.00s
[2024-09-09T06:52:35.804+0800][info] GC(35) Pause Young (Mixed) (G1 Evacuation Pause)
[2024-09-09T06:52:35.804+0800][info] GC(35) Using 3 workers of 48 for evacuation
[2024-09-09T06:52:35.805+0800][info] GC(35)   Pre Evacuate Collection Set: 0.0ms
[2024-09-09T06:52:35.805+0800][info] GC(35)   Merge Heap Roots: 0.0ms
[2024-09-09T06:52:35.805+0800][info] GC(35)   Evacuate Collection Set: 0.9ms
[2024-09-09T06:52:35.805+0800][info] GC(35)   Post Evacuate Collection Set: 0.2ms
[2024-09-09T06:52:35.805+0800][info] GC(35)   Other: 0.2ms
[2024-09-09T06:52:35.805+0800][info] GC(35) Eden regions: 1->0(1)
[2024-09-09T06:52:35.805+0800][info] GC(35) Survivor regions: 1->1(1)
[2024-09-09T06:52:35.805+0800][info] GC(35) Old regions: 11->8
[2024-09-09T06:52:35.805+0800][info] GC(35) Archive regions: 2->2
[2024-09-09T06:52:35.805+0800][info] GC(35) Humongous regions: 0->0
[2024-09-09T06:52:35.805+0800][info] GC(35) Metaspace: 911K(1024K)->911K(1024K) NonClass: 846K(896K)->846K(896K) Class: 65K(128K)->65K(128K)
[2024-09-09T06:52:35.805+0800][info] GC(35) Pause Young (Mixed) (G1 Evacuation Pause) 52M->36M(128M) 1.550ms
[2024-09-09T06:52:35.805+0800][info] GC(35) User=0.00s Sys=0.01s Real=0.01s
[2024-09-09T06:52:36.304+0800][info] GC(36) Pause Young (Mixed) (G1 Evacuation Pause)
[2024-09-09T06:52:36.304+0800][info] GC(36) Using 3 workers of 48 for evacuation
[2024-09-09T06:52:36.307+0800][info] GC(36)   Pre Evacuate Collection Set: 0.0ms
[2024-09-09T06:52:36.307+0800][info] GC(36)   Merge Heap Roots: 0.0ms
[2024-09-09T06:52:36.307+0800][info] GC(36)   Evacuate Collection Set: 2.5ms
[2024-09-09T06:52:36.307+0800][info] GC(36)   Post Evacuate Collection Set: 0.2ms
[2024-09-09T06:52:36.307+0800][info] GC(36)   Other: 0.2ms
[2024-09-09T06:52:36.307+0800][info] GC(36) Eden regions: 1->0(3)
[2024-09-09T06:52:36.307+0800][info] GC(36) Survivor regions: 1->1(1)
[2024-09-09T06:52:36.307+0800][info] GC(36) Old regions: 8->8
[2024-09-09T06:52:36.307+0800][info] GC(36) Archive regions: 2->2
[2024-09-09T06:52:36.307+0800][info] GC(36) Humongous regions: 0->0
[2024-09-09T06:52:36.307+0800][info] GC(36) Metaspace: 911K(1024K)->911K(1024K) NonClass: 846K(896K)->846K(896K) Class: 65K(128K)->65K(128K)
[2024-09-09T06:52:36.307+0800][info] GC(36) Pause Young (Mixed) (G1 Evacuation Pause) 40M->36M(128M) 3.029ms
[2024-09-09T06:52:36.307+0800][info] GC(36) User=0.01s Sys=0.00s Real=0.01s
[2024-09-09T06:52:37.816+0800][info] GC(37) Pause Young (Normal) (G1 Evacuation Pause)
[2024-09-09T06:52:37.816+0800][info] GC(37) Using 3 workers of 48 for evacuation
[2024-09-09T06:52:37.818+0800][info] GC(37)   Pre Evacuate Collection Set: 0.0ms
[2024-09-09T06:52:37.818+0800][info] GC(37)   Merge Heap Roots: 0.0ms
[2024-09-09T06:52:37.818+0800][info] GC(37)   Evacuate Collection Set: 1.7ms
[2024-09-09T06:52:37.818+0800][info] GC(37)   Post Evacuate Collection Set: 0.2ms
[2024-09-09T06:52:37.818+0800][info] GC(37)   Other: 0.2ms
[2024-09-09T06:52:37.818+0800][info] GC(37) Eden regions: 3->0(4)
[2024-09-09T06:52:37.818+0800][info] GC(37) Survivor regions: 1->1(1)
[2024-09-09T06:52:37.818+0800][info] GC(37) Old regions: 8->11
[2024-09-09T06:52:37.818+0800][info] GC(37) Archive regions: 2->2
[2024-09-09T06:52:37.818+0800][info] GC(37) Humongous regions: 0->0
[2024-09-09T06:52:37.818+0800][info] GC(37) Metaspace: 949K(1088K)->949K(1088K) NonClass: 884K(960K)->884K(960K) Class: 65K(128K)->65K(128K)
[2024-09-09T06:52:37.818+0800][info] GC(37) Pause Young (Normal) (G1 Evacuation Pause) 48M->48M(128M) 2.259ms
[2024-09-09T06:52:37.818+0800][info] GC(37) User=0.00s Sys=0.00s Real=0.01s
[2024-09-09T06:52:39.815+0800][info] GC(38) Pause Young (Normal) (G1 Evacuation Pause)
[2024-09-09T06:52:39.815+0800][info] GC(38) Using 3 workers of 48 for evacuation
[2024-09-09T06:52:39.818+0800][info] GC(38)   Pre Evacuate Collection Set: 0.1ms
[2024-09-09T06:52:39.818+0800][info] GC(38)   Merge Heap Roots: 0.0ms
[2024-09-09T06:52:39.818+0800][info] GC(38)   Evacuate Collection Set: 2.1ms
[2024-09-09T06:52:39.818+0800][info] GC(38)   Post Evacuate Collection Set: 0.2ms
[2024-09-09T06:52:39.818+0800][info] GC(38)   Other: 0.2ms
[2024-09-09T06:52:39.818+0800][info] GC(38) Eden regions: 4->0(3)
[2024-09-09T06:52:39.818+0800][info] GC(38) Survivor regions: 1->1(1)
[2024-09-09T06:52:39.818+0800][info] GC(38) Old regions: 11->15
[2024-09-09T06:52:39.818+0800][info] GC(38) Archive regions: 2->2
[2024-09-09T06:52:39.818+0800][info] GC(38) Humongous regions: 0->0
[2024-09-09T06:52:39.818+0800][info] GC(38) Metaspace: 949K(1088K)->949K(1088K) NonClass: 884K(960K)->884K(960K) Class: 65K(128K)->65K(128K)
[2024-09-09T06:52:39.818+0800][info] GC(38) Pause Young (Normal) (G1 Evacuation Pause) 64M->64M(128M) 2.728ms
[2024-09-09T06:52:39.818+0800][info] GC(38) User=0.01s Sys=0.00s Real=0.01s
[2024-09-09T06:52:41.317+0800][info] GC(39) Pause Young (Normal) (G1 Evacuation Pause)
[2024-09-09T06:52:41.317+0800][info] GC(39) Using 3 workers of 48 for evacuation
[2024-09-09T06:52:41.319+0800][info] GC(39)   Pre Evacuate Collection Set: 0.0ms
[2024-09-09T06:52:41.319+0800][info] GC(39)   Merge Heap Roots: 0.0ms
[2024-09-09T06:52:41.319+0800][info] GC(39)   Evacuate Collection Set: 1.6ms
[2024-09-09T06:52:41.319+0800][info] GC(39)   Post Evacuate Collection Set: 0.1ms
[2024-09-09T06:52:41.319+0800][info] GC(39)   Other: 0.2ms
[2024-09-09T06:52:41.319+0800][info] GC(39) Eden regions: 3->0(2)
[2024-09-09T06:52:41.319+0800][info] GC(39) Survivor regions: 1->1(1)
[2024-09-09T06:52:41.319+0800][info] GC(39) Old regions: 15->18
[2024-09-09T06:52:41.319+0800][info] GC(39) Archive regions: 2->2
[2024-09-09T06:52:41.319+0800][info] GC(39) Humongous regions: 0->0
[2024-09-09T06:52:41.319+0800][info] GC(39) Metaspace: 949K(1088K)->949K(1088K) NonClass: 884K(960K)->884K(960K) Class: 65K(128K)->65K(128K)
[2024-09-09T06:52:41.319+0800][info] GC(39) Pause Young (Normal) (G1 Evacuation Pause) 76M->76M(128M) 2.095ms
[2024-09-09T06:52:41.319+0800][info] GC(39) User=0.00s Sys=0.00s Real=0.00s
[2024-09-09T06:52:42.309+0800][info] GC(40) Pause Young (Normal) (G1 Evacuation Pause)
[2024-09-09T06:52:42.309+0800][info] GC(40) Using 3 workers of 48 for evacuation
[2024-09-09T06:52:42.311+0800][info] GC(40)   Pre Evacuate Collection Set: 0.1ms
[2024-09-09T06:52:42.311+0800][info] GC(40)   Merge Heap Roots: 0.0ms
[2024-09-09T06:52:42.311+0800][info] GC(40)   Evacuate Collection Set: 1.4ms
[2024-09-09T06:52:42.311+0800][info] GC(40)   Post Evacuate Collection Set: 0.2ms
[2024-09-09T06:52:42.311+0800][info] GC(40)   Other: 0.2ms
[2024-09-09T06:52:42.311+0800][info] GC(40) Eden regions: 2->0(2)
[2024-09-09T06:52:42.311+0800][info] GC(40) Survivor regions: 1->1(1)
[2024-09-09T06:52:42.311+0800][info] GC(40) Old regions: 18->20
[2024-09-09T06:52:42.311+0800][info] GC(40) Archive regions: 2->2
[2024-09-09T06:52:42.311+0800][info] GC(40) Humongous regions: 0->0
[2024-09-09T06:52:42.311+0800][info] GC(40) Metaspace: 949K(1088K)->949K(1088K) NonClass: 884K(960K)->884K(960K) Class: 65K(128K)->65K(128K)
[2024-09-09T06:52:42.311+0800][info] GC(40) Pause Young (Normal) (G1 Evacuation Pause) 84M->84M(128M) 1.987ms
[2024-09-09T06:52:42.311+0800][info] GC(40) User=0.01s Sys=0.01s Real=0.00s
[2024-09-09T06:52:43.307+0800][info] GC(41) Pause Young (Normal) (G1 Evacuation Pause)
[2024-09-09T06:52:43.307+0800][info] GC(41) Using 3 workers of 48 for evacuation
[2024-09-09T06:52:43.310+0800][info] GC(41)   Pre Evacuate Collection Set: 0.1ms
[2024-09-09T06:52:43.310+0800][info] GC(41)   Merge Heap Roots: 0.0ms
[2024-09-09T06:52:43.310+0800][info] GC(41)   Evacuate Collection Set: 1.8ms
[2024-09-09T06:52:43.310+0800][info] GC(41)   Post Evacuate Collection Set: 0.2ms
[2024-09-09T06:52:43.310+0800][info] GC(41)   Other: 0.2ms
[2024-09-09T06:52:43.310+0800][info] GC(41) Eden regions: 2->0(1)
[2024-09-09T06:52:43.310+0800][info] GC(41) Survivor regions: 1->1(1)
[2024-09-09T06:52:43.310+0800][info] GC(41) Old regions: 20->22
[2024-09-09T06:52:43.310+0800][info] GC(41) Archive regions: 2->2
[2024-09-09T06:52:43.310+0800][info] GC(41) Humongous regions: 0->0
[2024-09-09T06:52:43.310+0800][info] GC(41) Metaspace: 949K(1088K)->949K(1088K) NonClass: 884K(960K)->884K(960K) Class: 65K(128K)->65K(128K)
[2024-09-09T06:52:43.310+0800][info] GC(41) Pause Young (Normal) (G1 Evacuation Pause) 92M->92M(128M) 2.413ms
[2024-09-09T06:52:43.310+0800][info] GC(41) User=0.01s Sys=0.00s Real=0.00s
[2024-09-09T06:52:43.802+0800][info] GC(42) Pause Young (Normal) (G1 Evacuation Pause)
[2024-09-09T06:52:43.802+0800][info] GC(42) Using 3 workers of 48 for evacuation
[2024-09-09T06:52:43.803+0800][info] GC(42)   Pre Evacuate Collection Set: 0.0ms
[2024-09-09T06:52:43.803+0800][info] GC(42)   Merge Heap Roots: 0.0ms
[2024-09-09T06:52:43.803+0800][info] GC(42)   Evacuate Collection Set: 0.7ms
[2024-09-09T06:52:43.803+0800][info] GC(42)   Post Evacuate Collection Set: 0.1ms
[2024-09-09T06:52:43.803+0800][info] GC(42)   Other: 0.2ms
[2024-09-09T06:52:43.803+0800][info] GC(42) Eden regions: 1->0(1)
[2024-09-09T06:52:43.803+0800][info] GC(42) Survivor regions: 1->1(1)
[2024-09-09T06:52:43.803+0800][info] GC(42) Old regions: 22->23
[2024-09-09T06:52:43.803+0800][info] GC(42) Archive regions: 2->2
[2024-09-09T06:52:43.803+0800][info] GC(42) Humongous regions: 0->0
[2024-09-09T06:52:43.803+0800][info] GC(42) Metaspace: 949K(1088K)->949K(1088K) NonClass: 884K(960K)->884K(960K) Class: 65K(128K)->65K(128K)
[2024-09-09T06:52:43.803+0800][info] GC(42) Pause Young (Normal) (G1 Evacuation Pause) 96M->95M(128M) 1.158ms
[2024-09-09T06:52:43.803+0800][info] GC(42) User=0.00s Sys=0.00s Real=0.00s
[2024-09-09T06:52:44.154+0800][info] GC(43) Pause Young (Concurrent Start) (G1 Humongous Allocation)
[2024-09-09T06:52:44.154+0800][info] GC(43) Using 3 workers of 48 for evacuation
[2024-09-09T06:52:44.155+0800][info] GC(43)   Pre Evacuate Collection Set: 0.1ms
[2024-09-09T06:52:44.155+0800][info] GC(43)   Merge Heap Roots: 0.0ms
[2024-09-09T06:52:44.155+0800][info] GC(43)   Evacuate Collection Set: 0.8ms
[2024-09-09T06:52:44.155+0800][info] GC(43)   Post Evacuate Collection Set: 0.1ms
[2024-09-09T06:52:44.155+0800][info] GC(43)   Other: 0.3ms
[2024-09-09T06:52:44.155+0800][info] GC(43) Eden regions: 1->0(1)
[2024-09-09T06:52:44.155+0800][info] GC(43) Survivor regions: 1->1(1)
[2024-09-09T06:52:44.155+0800][info] GC(43) Old regions: 23->23
[2024-09-09T06:52:44.155+0800][info] GC(43) Archive regions: 2->2
[2024-09-09T06:52:44.155+0800][info] GC(43) Humongous regions: 0->0
[2024-09-09T06:52:44.155+0800][info] GC(43) Metaspace: 949K(1088K)->949K(1088K) NonClass: 884K(960K)->884K(960K) Class: 65K(128K)->65K(128K)
[2024-09-09T06:52:44.155+0800][info] GC(43) Pause Young (Concurrent Start) (G1 Humongous Allocation) 98M->98M(128M) 1.483ms
[2024-09-09T06:52:44.155+0800][info] GC(43) User=0.00s Sys=0.00s Real=0.00s
[2024-09-09T06:52:44.155+0800][info] GC(44) Concurrent Undo Cycle
[2024-09-09T06:52:44.155+0800][info] GC(44) Concurrent Cleanup for Next Mark
[2024-09-09T06:52:44.156+0800][info] GC(44) Concurrent Cleanup for Next Mark 0.326ms
[2024-09-09T06:52:44.156+0800][info] GC(44) Concurrent Undo Cycle 0.368ms
[2024-09-09T06:52:44.157+0800][info] GC(45) Pause Young (Normal) (G1 Preventive Collection)
[2024-09-09T06:52:44.157+0800][info] GC(45) Using 3 workers of 48 for evacuation
[2024-09-09T06:52:44.158+0800][info] GC(45)   Pre Evacuate Collection Set: 0.0ms
[2024-09-09T06:52:44.158+0800][info] GC(45)   Merge Heap Roots: 0.0ms
[2024-09-09T06:52:44.158+0800][info] GC(45)   Evacuate Collection Set: 0.4ms
[2024-09-09T06:52:44.158+0800][info] GC(45)   Post Evacuate Collection Set: 0.1ms
[2024-09-09T06:52:44.158+0800][info] GC(45)   Other: 0.1ms
[2024-09-09T06:52:44.158+0800][info] GC(45) Eden regions: 0->0(1)
[2024-09-09T06:52:44.158+0800][info] GC(45) Survivor regions: 1->0(1)
[2024-09-09T06:52:44.158+0800][info] GC(45) Old regions: 23->24
[2024-09-09T06:52:44.158+0800][info] GC(45) Archive regions: 2->2
[2024-09-09T06:52:44.158+0800][info] GC(45) Humongous regions: 4->4
[2024-09-09T06:52:44.158+0800][info] GC(45) Metaspace: 949K(1088K)->949K(1088K) NonClass: 884K(960K)->884K(960K) Class: 65K(128K)->65K(128K)
[2024-09-09T06:52:44.158+0800][info] GC(45) Pause Young (Normal) (G1 Preventive Collection) 114M->114M(128M) 0.927ms
[2024-09-09T06:52:44.158+0800][info] GC(45) User=0.00s Sys=0.00s Real=0.00s
[2024-09-09T06:52:44.179+0800][info] GC(46) Pause Young (Concurrent Start) (G1 Humongous Allocation)
[2024-09-09T06:52:44.179+0800][info] GC(46) Using 3 workers of 48 for evacuation
[2024-09-09T06:52:44.180+0800][info] GC(46)   Pre Evacuate Collection Set: 0.1ms
[2024-09-09T06:52:44.180+0800][info] GC(46)   Merge Heap Roots: 0.0ms
[2024-09-09T06:52:44.180+0800][info] GC(46)   Evacuate Collection Set: 0.2ms
[2024-09-09T06:52:44.180+0800][info] GC(46)   Post Evacuate Collection Set: 0.1ms
[2024-09-09T06:52:44.180+0800][info] GC(46)   Other: 0.3ms
[2024-09-09T06:52:44.180+0800][info] GC(46) Eden regions: 1->0(1)
[2024-09-09T06:52:44.180+0800][info] GC(46) Survivor regions: 0->1(1)
[2024-09-09T06:52:44.180+0800][info] GC(46) Old regions: 24->24
[2024-09-09T06:52:44.180+0800][info] GC(46) Archive regions: 2->2
[2024-09-09T06:52:44.180+0800][info] GC(46) Humongous regions: 4->4
[2024-09-09T06:52:44.180+0800][info] GC(46) Metaspace: 949K(1088K)->949K(1088K) NonClass: 884K(960K)->884K(960K) Class: 65K(128K)->65K(128K)
[2024-09-09T06:52:44.180+0800][info] GC(46) Pause Young (Concurrent Start) (G1 Humongous Allocation) 114M->114M(128M) 0.884ms
[2024-09-09T06:52:44.180+0800][info] GC(46) User=0.00s Sys=0.00s Real=0.00s
[2024-09-09T06:52:44.180+0800][info] GC(47) Concurrent Mark Cycle
[2024-09-09T06:52:44.180+0800][info] GC(47) Concurrent Clear Claimed Marks
[2024-09-09T06:52:44.180+0800][info] GC(47) Concurrent Clear Claimed Marks 0.008ms
[2024-09-09T06:52:44.180+0800][info] GC(47) Concurrent Scan Root Regions
[2024-09-09T06:52:44.180+0800][info] GC(47) Concurrent Scan Root Regions 0.113ms
[2024-09-09T06:52:44.180+0800][info] GC(47) Concurrent Mark
[2024-09-09T06:52:44.180+0800][info] GC(47) Concurrent Mark From Roots
[2024-09-09T06:52:44.180+0800][info] GC(47) Using 12 workers of 12 for marking
[2024-09-09T06:52:44.180+0800][info] GC(48) Pause Young (Normal) (G1 Humongous Allocation)
[2024-09-09T06:52:44.180+0800][info] GC(48) Using 3 workers of 48 for evacuation
[2024-09-09T06:52:44.180+0800][info] GC(48)   Pre Evacuate Collection Set: 0.1ms
[2024-09-09T06:52:44.180+0800][info] GC(48)   Merge Heap Roots: 0.0ms
[2024-09-09T06:52:44.180+0800][info] GC(48)   Evacuate Collection Set: 0.1ms
[2024-09-09T06:52:44.180+0800][info] GC(48)   Post Evacuate Collection Set: 0.1ms
[2024-09-09T06:52:44.180+0800][info] GC(48)   Other: 0.1ms
[2024-09-09T06:52:44.180+0800][info] GC(48) Eden regions: 0->0(1)
[2024-09-09T06:52:44.180+0800][info] GC(48) Survivor regions: 1->1(1)
[2024-09-09T06:52:44.180+0800][info] GC(48) Old regions: 24->24
[2024-09-09T06:52:44.180+0800][info] GC(48) Archive regions: 2->2
[2024-09-09T06:52:44.180+0800][info] GC(48) Humongous regions: 4->4
[2024-09-09T06:52:44.180+0800][info] GC(48) Metaspace: 949K(1088K)->949K(1088K) NonClass: 884K(960K)->884K(960K) Class: 65K(128K)->65K(128K)
[2024-09-09T06:52:44.180+0800][info] GC(48) Pause Young (Normal) (G1 Humongous Allocation) 114M->114M(128M) 0.529ms
[2024-09-09T06:52:44.180+0800][info] GC(48) User=0.00s Sys=0.00s Real=0.00s
[2024-09-09T06:52:44.180+0800][info] Attempting full compaction
[2024-09-09T06:52:44.180+0800][info] GC(49) Using 1 workers of 48 for full compaction
[2024-09-09T06:52:44.181+0800][info] GC(49) Pause Full (G1 Compaction Pause)
[2024-09-09T06:52:44.181+0800][info] GC(49) Phase 1: Mark live objects
[2024-09-09T06:52:44.188+0800][info] GC(49) Phase 1: Mark live objects 6.798ms
[2024-09-09T06:52:44.188+0800][info] GC(49) Phase 2: Prepare for compaction
[2024-09-09T06:52:44.189+0800][info] GC(49) Phase 2: Prepare for compaction 1.136ms
[2024-09-09T06:52:44.189+0800][info] GC(49) Phase 3: Adjust pointers
[2024-09-09T06:52:44.192+0800][info] GC(49) Phase 3: Adjust pointers 2.917ms
[2024-09-09T06:52:44.192+0800][info] GC(49) Phase 4: Compact heap
[2024-09-09T06:52:44.193+0800][info] GC(49) Phase 4: Compact heap 0.992ms
[2024-09-09T06:52:44.194+0800][info] GC(49) Eden regions: 0->0(1)
[2024-09-09T06:52:44.194+0800][info] GC(49) Survivor regions: 1->0(1)
[2024-09-09T06:52:44.194+0800][info] GC(49) Old regions: 24->1
[2024-09-09T06:52:44.194+0800][info] GC(49) Archive regions: 2->2
[2024-09-09T06:52:44.194+0800][info] GC(49) Humongous regions: 4->4
[2024-09-09T06:52:44.194+0800][info] GC(49) Metaspace: 949K(1088K)->902K(1088K) NonClass: 884K(960K)->848K(960K) Class: 65K(128K)->53K(128K)
[2024-09-09T06:52:44.194+0800][info] GC(49) Pause Full (G1 Compaction Pause) 114M->20M(128M) 13.331ms
[2024-09-09T06:52:44.194+0800][info] GC(49) User=0.01s Sys=0.00s Real=0.01s
[2024-09-09T06:52:44.194+0800][info] GC(47) Concurrent Mark From Roots 14.341ms
[2024-09-09T06:52:44.194+0800][info] GC(47) Concurrent Mark Abort
[2024-09-09T06:52:44.194+0800][info] GC(47) Concurrent Mark Cycle 14.516ms
[2024-09-09T06:52:44.217+0800][info] GC(50) Pause Young (Concurrent Start) (G1 Humongous Allocation)
[2024-09-09T06:52:44.217+0800][info] GC(50) Using 3 workers of 48 for evacuation
[2024-09-09T06:52:44.217+0800][info] GC(50)   Pre Evacuate Collection Set: 0.0ms
[2024-09-09T06:52:44.217+0800][info] GC(50)   Merge Heap Roots: 0.0ms
[2024-09-09T06:52:44.217+0800][info] GC(50)   Evacuate Collection Set: 0.2ms
[2024-09-09T06:52:44.217+0800][info] GC(50)   Post Evacuate Collection Set: 0.1ms
[2024-09-09T06:52:44.218+0800][info] GC(50)   Other: 0.3ms
[2024-09-09T06:52:44.218+0800][info] GC(50) Eden regions: 1->0(1)
[2024-09-09T06:52:44.218+0800][info] GC(50) Survivor regions: 0->1(1)
[2024-09-09T06:52:44.218+0800][info] GC(50) Old regions: 1->1
[2024-09-09T06:52:44.218+0800][info] GC(50) Archive regions: 2->2
[2024-09-09T06:52:44.218+0800][info] GC(50) Humongous regions: 8->8
[2024-09-09T06:52:44.218+0800][info] GC(50) Metaspace: 902K(1088K)->902K(1088K) NonClass: 848K(960K)->848K(960K) Class: 53K(128K)->53K(128K)
[2024-09-09T06:52:44.218+0800][info] GC(50) Pause Young (Concurrent Start) (G1 Humongous Allocation) 36M->36M(128M) 0.897ms
[2024-09-09T06:52:44.218+0800][info] GC(50) User=0.00s Sys=0.00s Real=0.00s
[2024-09-09T06:52:44.218+0800][info] GC(51) Concurrent Mark Cycle
[2024-09-09T06:52:44.218+0800][info] GC(51) Concurrent Clear Claimed Marks
[2024-09-09T06:52:44.218+0800][info] GC(51) Concurrent Clear Claimed Marks 0.006ms
[2024-09-09T06:52:44.218+0800][info] GC(51) Concurrent Scan Root Regions
[2024-09-09T06:52:44.218+0800][info] GC(51) Concurrent Scan Root Regions 0.040ms
[2024-09-09T06:52:44.218+0800][info] GC(51) Concurrent Mark
[2024-09-09T06:52:44.218+0800][info] GC(51) Concurrent Mark From Roots
[2024-09-09T06:52:44.218+0800][info] GC(51) Using 12 workers of 12 for marking
[2024-09-09T06:52:44.222+0800][info] GC(51) Concurrent Mark From Roots 4.283ms
[2024-09-09T06:52:44.222+0800][info] GC(51) Concurrent Preclean
[2024-09-09T06:52:44.223+0800][info] GC(51) Concurrent Preclean 0.649ms
[2024-09-09T06:52:44.223+0800][info] GC(51) Pause Remark
[2024-09-09T06:52:44.224+0800][info] GC(51) Pause Remark 53M->53M(128M) 1.337ms
[2024-09-09T06:52:44.224+0800][info] GC(51) User=0.00s Sys=0.00s Real=0.00s
[2024-09-09T06:52:44.224+0800][info] GC(51) Concurrent Mark 6.391ms
[2024-09-09T06:52:44.224+0800][info] GC(51) Concurrent Rebuild Remembered Sets
[2024-09-09T06:52:44.229+0800][info] GC(51) Concurrent Rebuild Remembered Sets 4.962ms
[2024-09-09T06:52:44.229+0800][info] GC(51) Pause Cleanup
[2024-09-09T06:52:44.230+0800][info] GC(51) Pause Cleanup 53M->53M(128M) 0.343ms
[2024-09-09T06:52:44.230+0800][info] GC(51) User=0.00s Sys=0.00s Real=0.00s
[2024-09-09T06:52:44.230+0800][info] GC(51) Concurrent Cleanup for Next Mark
[2024-09-09T06:52:44.230+0800][info] GC(51) Concurrent Cleanup for Next Mark 0.233ms
[2024-09-09T06:52:44.230+0800][info] GC(51) Concurrent Mark Cycle 12.135ms
[2024-09-09T06:52:44.858+0800][info] GC(52) Pause Young (Prepare Mixed) (G1 Humongous Allocation)
[2024-09-09T06:52:44.858+0800][info] GC(52) Using 3 workers of 48 for evacuation
[2024-09-09T06:52:44.859+0800][info] GC(52)   Pre Evacuate Collection Set: 0.1ms
[2024-09-09T06:52:44.859+0800][info] GC(52)   Merge Heap Roots: 0.0ms
[2024-09-09T06:52:44.859+0800][info] GC(52)   Evacuate Collection Set: 0.1ms
[2024-09-09T06:52:44.859+0800][info] GC(52)   Post Evacuate Collection Set: 0.2ms
[2024-09-09T06:52:44.859+0800][info] GC(52)   Other: 0.2ms
[2024-09-09T06:52:44.859+0800][info] GC(52) Eden regions: 1->0(1)
[2024-09-09T06:52:44.859+0800][info] GC(52) Survivor regions: 1->1(1)
[2024-09-09T06:52:44.859+0800][info] GC(52) Old regions: 1->1
[2024-09-09T06:52:44.859+0800][info] GC(52) Archive regions: 2->2
[2024-09-09T06:52:44.859+0800][info] GC(52) Humongous regions: 24->20
[2024-09-09T06:52:44.859+0800][info] GC(52) Metaspace: 902K(1088K)->902K(1088K) NonClass: 848K(960K)->848K(960K) Class: 53K(128K)->53K(128K)
[2024-09-09T06:52:44.859+0800][info] GC(52) Pause Young (Prepare Mixed) (G1 Humongous Allocation) 101M->84M(128M) 0.683ms
[2024-09-09T06:52:44.859+0800][info] GC(52) User=0.00s Sys=0.00s Real=0.00s
[2024-09-09T06:52:44.882+0800][info] GC(53) Pause Young (Mixed) (G1 Humongous Allocation)
[2024-09-09T06:52:44.882+0800][info] GC(53) Using 3 workers of 48 for evacuation
[2024-09-09T06:52:44.884+0800][info] GC(53)   Pre Evacuate Collection Set: 0.0ms
[2024-09-09T06:52:44.884+0800][info] GC(53)   Merge Heap Roots: 0.0ms
[2024-09-09T06:52:44.884+0800][info] GC(53)   Evacuate Collection Set: 1.7ms
[2024-09-09T06:52:44.884+0800][info] GC(53)   Post Evacuate Collection Set: 0.2ms
[2024-09-09T06:52:44.884+0800][info] GC(53)   Other: 0.2ms
[2024-09-09T06:52:44.884+0800][info] GC(53) Eden regions: 1->0(1)
[2024-09-09T06:52:44.884+0800][info] GC(53) Survivor regions: 1->1(1)
[2024-09-09T06:52:44.884+0800][info] GC(53) Old regions: 1->1
[2024-09-09T06:52:44.884+0800][info] GC(53) Archive regions: 2->2
[2024-09-09T06:52:44.884+0800][info] GC(53) Humongous regions: 24->12
[2024-09-09T06:52:44.884+0800][info] GC(53) Metaspace: 902K(1088K)->902K(1088K) NonClass: 848K(960K)->848K(960K) Class: 53K(128K)->53K(128K)
[2024-09-09T06:52:44.884+0800][info] GC(53) Pause Young (Mixed) (G1 Humongous Allocation) 101M->52M(128M) 2.273ms
[2024-09-09T06:52:44.884+0800][info] GC(53) User=0.01s Sys=0.00s Real=0.00s
[2024-09-09T06:52:44.907+0800][info] GC(54) Pause Young (Concurrent Start) (G1 Humongous Allocation)
[2024-09-09T06:52:44.907+0800][info] GC(54) Using 3 workers of 48 for evacuation
[2024-09-09T06:52:44.908+0800][info] GC(54)   Pre Evacuate Collection Set: 0.1ms
[2024-09-09T06:52:44.908+0800][info] GC(54)   Merge Heap Roots: 0.0ms
[2024-09-09T06:52:44.908+0800][info] GC(54)   Evacuate Collection Set: 0.2ms
[2024-09-09T06:52:44.908+0800][info] GC(54)   Post Evacuate Collection Set: 0.1ms
[2024-09-09T06:52:44.908+0800][info] GC(54)   Other: 0.3ms
[2024-09-09T06:52:44.908+0800][info] GC(54) Eden regions: 1->0(1)
[2024-09-09T06:52:44.908+0800][info] GC(54) Survivor regions: 1->1(1)
[2024-09-09T06:52:44.908+0800][info] GC(54) Old regions: 1->1
[2024-09-09T06:52:44.908+0800][info] GC(54) Archive regions: 2->2
[2024-09-09T06:52:44.908+0800][info] GC(54) Humongous regions: 16->12
[2024-09-09T06:52:44.908+0800][info] GC(54) Metaspace: 902K(1088K)->902K(1088K) NonClass: 848K(960K)->848K(960K) Class: 53K(128K)->53K(128K)
[2024-09-09T06:52:44.908+0800][info] GC(54) Pause Young (Concurrent Start) (G1 Humongous Allocation) 69M->52M(128M) 0.874ms
[2024-09-09T06:52:44.908+0800][info] GC(54) User=0.00s Sys=0.00s Real=0.00s
[2024-09-09T06:52:44.908+0800][info] GC(55) Concurrent Mark Cycle
[2024-09-09T06:52:44.908+0800][info] GC(55) Concurrent Clear Claimed Marks
[2024-09-09T06:52:44.908+0800][info] GC(55) Concurrent Clear Claimed Marks 0.008ms
[2024-09-09T06:52:44.908+0800][info] GC(55) Concurrent Scan Root Regions
[2024-09-09T06:52:44.908+0800][info] GC(55) Concurrent Scan Root Regions 0.065ms
[2024-09-09T06:52:44.908+0800][info] GC(55) Concurrent Mark
[2024-09-09T06:52:44.908+0800][info] GC(55) Concurrent Mark From Roots
[2024-09-09T06:52:44.908+0800][info] GC(55) Using 12 workers of 12 for marking
[2024-09-09T06:52:44.911+0800][info] GC(55) Concurrent Mark From Roots 2.991ms
[2024-09-09T06:52:44.911+0800][info] GC(55) Concurrent Preclean
[2024-09-09T06:52:44.912+0800][info] GC(55) Concurrent Preclean 0.655ms
[2024-09-09T06:52:44.912+0800][info] GC(55) Pause Remark
[2024-09-09T06:52:44.913+0800][info] GC(55) Pause Remark 69M->69M(128M) 1.387ms
[2024-09-09T06:52:44.913+0800][info] GC(55) User=0.01s Sys=0.00s Real=0.00s
[2024-09-09T06:52:44.913+0800][info] GC(55) Concurrent Mark 5.148ms
[2024-09-09T06:52:44.913+0800][info] GC(55) Concurrent Rebuild Remembered Sets
[2024-09-09T06:52:44.919+0800][info] GC(55) Concurrent Rebuild Remembered Sets 5.829ms
[2024-09-09T06:52:44.919+0800][info] GC(55) Pause Cleanup
[2024-09-09T06:52:44.919+0800][info] GC(55) Pause Cleanup 69M->69M(128M) 0.340ms
[2024-09-09T06:52:44.919+0800][info] GC(55) User=0.00s Sys=0.00s Real=0.00s
[2024-09-09T06:52:44.919+0800][info] GC(55) Concurrent Cleanup for Next Mark
[2024-09-09T06:52:44.920+0800][info] GC(55) Concurrent Cleanup for Next Mark 0.357ms
[2024-09-09T06:52:44.920+0800][info] GC(55) Concurrent Mark Cycle 11.912ms
[2024-09-09T06:52:45.990+0800][info] GC(56) Pause Young (Normal) (G1 Evacuation Pause)
[2024-09-09T06:52:45.990+0800][info] GC(56) Using 3 workers of 48 for evacuation
[2024-09-09T06:52:45.991+0800][info] GC(56)   Pre Evacuate Collection Set: 0.0ms
[2024-09-09T06:52:45.991+0800][info] GC(56)   Merge Heap Roots: 0.0ms
[2024-09-09T06:52:45.991+0800][info] GC(56)   Evacuate Collection Set: 0.5ms
[2024-09-09T06:52:45.991+0800][info] GC(56)   Post Evacuate Collection Set: 0.1ms
[2024-09-09T06:52:45.991+0800][info] GC(56)   Other: 0.2ms
[2024-09-09T06:52:45.991+0800][info] GC(56) Eden regions: 1->0(1)
[2024-09-09T06:52:45.991+0800][info] GC(56) Survivor regions: 1->1(1)
[2024-09-09T06:52:45.991+0800][info] GC(56) Old regions: 1->1
[2024-09-09T06:52:45.991+0800][info] GC(56) Archive regions: 2->2
[2024-09-09T06:52:45.991+0800][info] GC(56) Humongous regions: 16->8
[2024-09-09T06:52:45.991+0800][info] GC(56) Metaspace: 902K(1088K)->902K(1088K) NonClass: 848K(960K)->848K(960K) Class: 53K(128K)->53K(128K)
[2024-09-09T06:52:45.991+0800][info] GC(56) Pause Young (Normal) (G1 Evacuation Pause) 72M->40M(128M) 0.948ms
[2024-09-09T06:52:45.991+0800][info] GC(56) User=0.00s Sys=0.00s Real=0.00s
[2024-09-09T06:52:46.490+0800][info] GC(57) Pause Young (Concurrent Start) (G1 Evacuation Pause)
[2024-09-09T06:52:46.490+0800][info] GC(57) Using 3 workers of 48 for evacuation
[2024-09-09T06:52:46.491+0800][info] GC(57)   Pre Evacuate Collection Set: 0.1ms
[2024-09-09T06:52:46.491+0800][info] GC(57)   Merge Heap Roots: 0.0ms
[2024-09-09T06:52:46.491+0800][info] GC(57)   Evacuate Collection Set: 0.9ms
[2024-09-09T06:52:46.491+0800][info] GC(57)   Post Evacuate Collection Set: 0.2ms
[2024-09-09T06:52:46.491+0800][info] GC(57)   Other: 0.3ms
[2024-09-09T06:52:46.491+0800][info] GC(57) Eden regions: 1->0(1)
[2024-09-09T06:52:46.491+0800][info] GC(57) Survivor regions: 1->1(1)
[2024-09-09T06:52:46.491+0800][info] GC(57) Old regions: 1->2
[2024-09-09T06:52:46.491+0800][info] GC(57) Archive regions: 2->2
[2024-09-09T06:52:46.491+0800][info] GC(57) Humongous regions: 8->8
[2024-09-09T06:52:46.491+0800][info] GC(57) Metaspace: 902K(1088K)->902K(1088K) NonClass: 848K(960K)->848K(960K) Class: 53K(128K)->53K(128K)
[2024-09-09T06:52:46.491+0800][info] GC(57) Pause Young (Concurrent Start) (G1 Evacuation Pause) 44M->44M(128M) 1.675ms
[2024-09-09T06:52:46.491+0800][info] GC(57) User=0.00s Sys=0.00s Real=0.00s
[2024-09-09T06:52:46.491+0800][info] GC(58) Concurrent Mark Cycle
[2024-09-09T06:52:46.491+0800][info] GC(58) Concurrent Clear Claimed Marks
[2024-09-09T06:52:46.491+0800][info] GC(58) Concurrent Clear Claimed Marks 0.009ms
[2024-09-09T06:52:46.491+0800][info] GC(58) Concurrent Scan Root Regions
[2024-09-09T06:52:46.492+0800][info] GC(58) Concurrent Scan Root Regions 0.070ms
[2024-09-09T06:52:46.492+0800][info] GC(58) Concurrent Mark
[2024-09-09T06:52:46.492+0800][info] GC(58) Concurrent Mark From Roots
[2024-09-09T06:52:46.492+0800][info] GC(58) Using 12 workers of 12 for marking
[2024-09-09T06:52:46.495+0800][info] GC(58) Concurrent Mark From Roots 3.094ms
[2024-09-09T06:52:46.495+0800][info] GC(58) Concurrent Preclean
[2024-09-09T06:52:46.495+0800][info] GC(58) Concurrent Preclean 0.662ms
[2024-09-09T06:52:46.495+0800][info] GC(58) Pause Remark
[2024-09-09T06:52:46.497+0800][info] GC(58) Pause Remark 44M->44M(128M) 1.300ms
[2024-09-09T06:52:46.497+0800][info] GC(58) User=0.00s Sys=0.00s Real=0.00s
[2024-09-09T06:52:46.497+0800][info] GC(58) Concurrent Mark 5.179ms
[2024-09-09T06:52:46.497+0800][info] GC(58) Concurrent Rebuild Remembered Sets
[2024-09-09T06:52:46.501+0800][info] GC(58) Concurrent Rebuild Remembered Sets 3.884ms
[2024-09-09T06:52:46.501+0800][info] GC(58) Pause Cleanup
[2024-09-09T06:52:46.501+0800][info] GC(58) Pause Cleanup 44M->44M(128M) 0.311ms
[2024-09-09T06:52:46.501+0800][info] GC(58) User=0.00s Sys=0.00s Real=0.00s
[2024-09-09T06:52:46.501+0800][info] GC(58) Concurrent Cleanup for Next Mark
[2024-09-09T06:52:46.501+0800][info] GC(58) Concurrent Cleanup for Next Mark 0.309ms
[2024-09-09T06:52:46.501+0800][info] GC(58) Concurrent Mark Cycle 9.934ms
[2024-09-09T06:52:47.144+0800][info] GC(59) Pause Young (Normal) (G1 Evacuation Pause)
[2024-09-09T06:52:47.144+0800][info] GC(59) Using 3 workers of 48 for evacuation
[2024-09-09T06:52:47.146+0800][info] GC(59)   Pre Evacuate Collection Set: 0.1ms
[2024-09-09T06:52:47.146+0800][info] GC(59)   Merge Heap Roots: 0.0ms
[2024-09-09T06:52:47.146+0800][info] GC(59)   Evacuate Collection Set: 1.0ms
[2024-09-09T06:52:47.146+0800][info] GC(59)   Post Evacuate Collection Set: 0.2ms
[2024-09-09T06:52:47.146+0800][info] GC(59)   Other: 0.2ms
[2024-09-09T06:52:47.146+0800][info] GC(59) Eden regions: 1->0(1)
[2024-09-09T06:52:47.146+0800][info] GC(59) Survivor regions: 1->1(1)
[2024-09-09T06:52:47.146+0800][info] GC(59) Old regions: 2->3
[2024-09-09T06:52:47.146+0800][info] GC(59) Archive regions: 2->2
[2024-09-09T06:52:47.146+0800][info] GC(59) Humongous regions: 8->8
[2024-09-09T06:52:47.146+0800][info] GC(59) Metaspace: 902K(1088K)->902K(1088K) NonClass: 848K(960K)->848K(960K) Class: 53K(128K)->53K(128K)
[2024-09-09T06:52:47.146+0800][info] GC(59) Pause Young (Normal) (G1 Evacuation Pause) 48M->48M(128M) 1.551ms
[2024-09-09T06:52:47.146+0800][info] GC(59) User=0.00s Sys=0.00s Real=0.01s
[2024-09-09T06:52:47.649+0800][info] GC(60) Pause Young (Concurrent Start) (G1 Evacuation Pause)
[2024-09-09T06:52:47.649+0800][info] GC(60) Using 3 workers of 48 for evacuation
[2024-09-09T06:52:47.650+0800][info] GC(60)   Pre Evacuate Collection Set: 0.1ms
[2024-09-09T06:52:47.650+0800][info] GC(60)   Merge Heap Roots: 0.0ms
[2024-09-09T06:52:47.650+0800][info] GC(60)   Evacuate Collection Set: 0.9ms
[2024-09-09T06:52:47.650+0800][info] GC(60)   Post Evacuate Collection Set: 0.2ms
[2024-09-09T06:52:47.650+0800][info] GC(60)   Other: 0.3ms
[2024-09-09T06:52:47.650+0800][info] GC(60) Eden regions: 1->0(1)
[2024-09-09T06:52:47.650+0800][info] GC(60) Survivor regions: 1->1(1)
[2024-09-09T06:52:47.650+0800][info] GC(60) Old regions: 3->4
[2024-09-09T06:52:47.650+0800][info] GC(60) Archive regions: 2->2
[2024-09-09T06:52:47.650+0800][info] GC(60) Humongous regions: 8->8
[2024-09-09T06:52:47.650+0800][info] GC(60) Metaspace: 902K(1088K)->902K(1088K) NonClass: 848K(960K)->848K(960K) Class: 53K(128K)->53K(128K)
[2024-09-09T06:52:47.650+0800][info] GC(60) Pause Young (Concurrent Start) (G1 Evacuation Pause) 52M->52M(128M) 1.680ms
[2024-09-09T06:52:47.650+0800][info] GC(60) User=0.00s Sys=0.00s Real=0.00s
[2024-09-09T06:52:47.650+0800][info] GC(61) Concurrent Mark Cycle
[2024-09-09T06:52:47.650+0800][info] GC(61) Concurrent Clear Claimed Marks
[2024-09-09T06:52:47.650+0800][info] GC(61) Concurrent Clear Claimed Marks 0.009ms
[2024-09-09T06:52:47.650+0800][info] GC(61) Concurrent Scan Root Regions
[2024-09-09T06:52:47.651+0800][info] GC(61) Concurrent Scan Root Regions 0.116ms
[2024-09-09T06:52:47.651+0800][info] GC(61) Concurrent Mark
[2024-09-09T06:52:47.651+0800][info] GC(61) Concurrent Mark From Roots
[2024-09-09T06:52:47.651+0800][info] GC(61) Using 12 workers of 12 for marking
[2024-09-09T06:52:47.655+0800][info] GC(61) Concurrent Mark From Roots 4.155ms
[2024-09-09T06:52:47.655+0800][info] GC(61) Concurrent Preclean
[2024-09-09T06:52:47.655+0800][info] GC(61) Concurrent Preclean 0.651ms
[2024-09-09T06:52:47.655+0800][info] GC(61) Pause Remark
[2024-09-09T06:52:47.657+0800][info] GC(61) Pause Remark 52M->20M(128M) 1.389ms
[2024-09-09T06:52:47.657+0800][info] GC(61) User=0.00s Sys=0.00s Real=0.01s
[2024-09-09T06:52:47.657+0800][info] GC(61) Concurrent Mark 6.309ms
[2024-09-09T06:52:47.657+0800][info] GC(61) Concurrent Rebuild Remembered Sets
[2024-09-09T06:52:47.659+0800][info] GC(61) Concurrent Rebuild Remembered Sets 1.673ms
[2024-09-09T06:52:47.659+0800][info] GC(61) Pause Cleanup
[2024-09-09T06:52:47.659+0800][info] GC(61) Pause Cleanup 20M->20M(128M) 0.182ms
[2024-09-09T06:52:47.659+0800][info] GC(61) User=0.00s Sys=0.00s Real=0.00s
[2024-09-09T06:52:47.659+0800][info] GC(61) Concurrent Cleanup for Next Mark
[2024-09-09T06:52:47.659+0800][info] GC(61) Concurrent Cleanup for Next Mark 0.286ms
[2024-09-09T06:52:47.659+0800][info] GC(61) Concurrent Mark Cycle 8.728ms
[2024-09-09T06:52:48.300+0800][info] GC(62) Pause Young (Normal) (G1 Evacuation Pause)
[2024-09-09T06:52:48.300+0800][info] GC(62) Using 3 workers of 48 for evacuation
[2024-09-09T06:52:48.301+0800][info] GC(62)   Pre Evacuate Collection Set: 0.1ms
[2024-09-09T06:52:48.301+0800][info] GC(62)   Merge Heap Roots: 0.0ms
[2024-09-09T06:52:48.302+0800][info] GC(62)   Evacuate Collection Set: 1.0ms
[2024-09-09T06:52:48.302+0800][info] GC(62)   Post Evacuate Collection Set: 0.2ms
[2024-09-09T06:52:48.302+0800][info] GC(62)   Other: 0.2ms
[2024-09-09T06:52:48.302+0800][info] GC(62) Eden regions: 1->0(1)
[2024-09-09T06:52:48.302+0800][info] GC(62) Survivor regions: 1->1(1)
[2024-09-09T06:52:48.302+0800][info] GC(62) Old regions: 4->5
[2024-09-09T06:52:48.302+0800][info] GC(62) Archive regions: 2->2
[2024-09-09T06:52:48.302+0800][info] GC(62) Humongous regions: 0->0
[2024-09-09T06:52:48.302+0800][info] GC(62) Metaspace: 902K(1088K)->902K(1088K) NonClass: 848K(960K)->848K(960K) Class: 53K(128K)->53K(128K)
[2024-09-09T06:52:48.302+0800][info] GC(62) Pause Young (Normal) (G1 Evacuation Pause) 24M->24M(128M) 1.587ms
[2024-09-09T06:52:48.302+0800][info] GC(62) User=0.00s Sys=0.00s Real=0.00s
[2024-09-09T06:52:48.803+0800][info] GC(63) Pause Young (Concurrent Start) (G1 Evacuation Pause)
[2024-09-09T06:52:48.803+0800][info] GC(63) Using 3 workers of 48 for evacuation
[2024-09-09T06:52:48.804+0800][info] GC(63)   Pre Evacuate Collection Set: 0.1ms
[2024-09-09T06:52:48.805+0800][info] GC(63)   Merge Heap Roots: 0.0ms
[2024-09-09T06:52:48.805+0800][info] GC(63)   Evacuate Collection Set: 1.0ms
[2024-09-09T06:52:48.805+0800][info] GC(63)   Post Evacuate Collection Set: 0.2ms
[2024-09-09T06:52:48.805+0800][info] GC(63)   Other: 0.3ms
[2024-09-09T06:52:48.805+0800][info] GC(63) Eden regions: 1->0(1)
[2024-09-09T06:52:48.805+0800][info] GC(63) Survivor regions: 1->1(1)
[2024-09-09T06:52:48.805+0800][info] GC(63) Old regions: 5->6
[2024-09-09T06:52:48.805+0800][info] GC(63) Archive regions: 2->2
[2024-09-09T06:52:48.805+0800][info] GC(63) Humongous regions: 0->0
[2024-09-09T06:52:48.805+0800][info] GC(63) Metaspace: 902K(1088K)->902K(1088K) NonClass: 848K(960K)->848K(960K) Class: 53K(128K)->53K(128K)
[2024-09-09T06:52:48.805+0800][info] GC(63) Pause Young (Concurrent Start) (G1 Evacuation Pause) 28M->28M(128M) 1.718ms
[2024-09-09T06:52:48.805+0800][info] GC(63) User=0.00s Sys=0.00s Real=0.00s
[2024-09-09T06:52:48.805+0800][info] GC(64) Concurrent Mark Cycle
[2024-09-09T06:52:48.805+0800][info] GC(64) Concurrent Clear Claimed Marks
[2024-09-09T06:52:48.805+0800][info] GC(64) Concurrent Clear Claimed Marks 0.018ms
[2024-09-09T06:52:48.805+0800][info] GC(64) Concurrent Scan Root Regions
[2024-09-09T06:52:48.805+0800][info] GC(64) Concurrent Scan Root Regions 0.201ms
[2024-09-09T06:52:48.805+0800][info] GC(64) Concurrent Mark
[2024-09-09T06:52:48.805+0800][info] GC(64) Concurrent Mark From Roots
[2024-09-09T06:52:48.805+0800][info] GC(64) Using 12 workers of 12 for marking
[2024-09-09T06:52:48.809+0800][info] GC(64) Concurrent Mark From Roots 3.386ms
[2024-09-09T06:52:48.809+0800][info] GC(64) Concurrent Preclean
[2024-09-09T06:52:48.810+0800][info] GC(64) Concurrent Preclean 1.698ms
[2024-09-09T06:52:48.810+0800][info] GC(64) Pause Remark
[2024-09-09T06:52:48.811+0800][info] GC(64) Pause Remark 28M->28M(128M) 1.168ms
[2024-09-09T06:52:48.811+0800][info] GC(64) User=0.00s Sys=0.00s Real=0.00s
[2024-09-09T06:52:48.812+0800][info] GC(64) Concurrent Mark 6.424ms
[2024-09-09T06:52:48.812+0800][info] GC(64) Concurrent Rebuild Remembered Sets
[2024-09-09T06:52:48.814+0800][info] GC(64) Concurrent Rebuild Remembered Sets 2.264ms
[2024-09-09T06:52:48.814+0800][info] GC(64) Pause Cleanup
[2024-09-09T06:52:48.814+0800][info] GC(64) Pause Cleanup 28M->28M(128M) 0.248ms
[2024-09-09T06:52:48.814+0800][info] GC(64) User=0.00s Sys=0.00s Real=0.00s
[2024-09-09T06:52:48.814+0800][info] GC(64) Concurrent Cleanup for Next Mark
[2024-09-09T06:52:48.815+0800][info] GC(64) Concurrent Cleanup for Next Mark 0.323ms
[2024-09-09T06:52:48.815+0800][info] GC(64) Concurrent Mark Cycle 9.727ms
[2024-09-09T06:52:49.451+0800][info] GC(65) Pause Young (Prepare Mixed) (G1 Evacuation Pause)
[2024-09-09T06:52:49.451+0800][info] GC(65) Using 3 workers of 48 for evacuation
[2024-09-09T06:52:49.452+0800][info] GC(65)   Pre Evacuate Collection Set: 0.0ms
[2024-09-09T06:52:49.452+0800][info] GC(65)   Merge Heap Roots: 0.0ms
[2024-09-09T06:52:49.452+0800][info] GC(65)   Evacuate Collection Set: 1.0ms
[2024-09-09T06:52:49.452+0800][info] GC(65)   Post Evacuate Collection Set: 0.2ms
[2024-09-09T06:52:49.452+0800][info] GC(65)   Other: 0.2ms
[2024-09-09T06:52:49.452+0800][info] GC(65) Eden regions: 1->0(1)
[2024-09-09T06:52:49.453+0800][info] GC(65) Survivor regions: 1->1(1)
[2024-09-09T06:52:49.453+0800][info] GC(65) Old regions: 6->7
[2024-09-09T06:52:49.453+0800][info] GC(65) Archive regions: 2->2
[2024-09-09T06:52:49.453+0800][info] GC(65) Humongous regions: 0->0
[2024-09-09T06:52:49.453+0800][info] GC(65) Metaspace: 902K(1088K)->902K(1088K) NonClass: 848K(960K)->848K(960K) Class: 53K(128K)->53K(128K)
[2024-09-09T06:52:49.453+0800][info] GC(65) Pause Young (Prepare Mixed) (G1 Evacuation Pause) 32M->32M(128M) 1.600ms
[2024-09-09T06:52:49.453+0800][info] GC(65) User=0.00s Sys=0.00s Real=0.00s
[2024-09-09T06:52:49.954+0800][info] GC(66) Pause Young (Mixed) (G1 Evacuation Pause)
[2024-09-09T06:52:49.954+0800][info] GC(66) Using 3 workers of 48 for evacuation
[2024-09-09T06:52:49.957+0800][info] GC(66)   Pre Evacuate Collection Set: 0.1ms
[2024-09-09T06:52:49.957+0800][info] GC(66)   Merge Heap Roots: 0.0ms
[2024-09-09T06:52:49.957+0800][info] GC(66)   Evacuate Collection Set: 2.3ms
[2024-09-09T06:52:49.957+0800][info] GC(66)   Post Evacuate Collection Set: 0.2ms
[2024-09-09T06:52:49.957+0800][info] GC(66)   Other: 0.2ms
[2024-09-09T06:52:49.957+0800][info] GC(66) Eden regions: 1->0(1)
[2024-09-09T06:52:49.957+0800][info] GC(66) Survivor regions: 1->1(1)
[2024-09-09T06:52:49.957+0800][info] GC(66) Old regions: 7->7
[2024-09-09T06:52:49.957+0800][info] GC(66) Archive regions: 2->2
[2024-09-09T06:52:49.957+0800][info] GC(66) Humongous regions: 0->0
[2024-09-09T06:52:49.957+0800][info] GC(66) Metaspace: 902K(1088K)->902K(1088K) NonClass: 848K(960K)->848K(960K) Class: 53K(128K)->53K(128K)
[2024-09-09T06:52:49.957+0800][info] GC(66) Pause Young (Mixed) (G1 Evacuation Pause) 36M->33M(128M) 2.940ms
[2024-09-09T06:52:49.957+0800][info] GC(66) User=0.00s Sys=0.00s Real=0.01s
[2024-09-09T06:52:50.457+0800][info] GC(67) Pause Young (Mixed) (G1 Evacuation Pause)
[2024-09-09T06:52:50.457+0800][info] GC(67) Using 3 workers of 48 for evacuation
[2024-09-09T06:52:50.459+0800][info] GC(67)   Pre Evacuate Collection Set: 0.1ms
[2024-09-09T06:52:50.459+0800][info] GC(67)   Merge Heap Roots: 0.0ms
[2024-09-09T06:52:50.459+0800][info] GC(67)   Evacuate Collection Set: 1.4ms
[2024-09-09T06:52:50.459+0800][info] GC(67)   Post Evacuate Collection Set: 0.2ms
[2024-09-09T06:52:50.459+0800][info] GC(67)   Other: 0.2ms
[2024-09-09T06:52:50.459+0800][info] GC(67) Eden regions: 1->0(1)
[2024-09-09T06:52:50.459+0800][info] GC(67) Survivor regions: 1->1(1)
[2024-09-09T06:52:50.459+0800][info] GC(67) Old regions: 7->8
[2024-09-09T06:52:50.459+0800][info] GC(67) Archive regions: 2->2
[2024-09-09T06:52:50.459+0800][info] GC(67) Humongous regions: 0->0
[2024-09-09T06:52:50.459+0800][info] GC(67) Metaspace: 902K(1088K)->902K(1088K) NonClass: 848K(960K)->848K(960K) Class: 53K(128K)->53K(128K)
[2024-09-09T06:52:50.459+0800][info] GC(67) Pause Young (Mixed) (G1 Evacuation Pause) 37M->36M(128M) 2.044ms
[2024-09-09T06:52:50.459+0800][info] GC(67) User=0.00s Sys=0.00s Real=0.00s
[2024-09-09T06:52:50.955+0800][info] GC(68) Pause Young (Concurrent Start) (G1 Evacuation Pause)
[2024-09-09T06:52:50.955+0800][info] GC(68) Using 3 workers of 48 for evacuation
[2024-09-09T06:52:50.957+0800][info] GC(68)   Pre Evacuate Collection Set: 0.1ms
[2024-09-09T06:52:50.957+0800][info] GC(68)   Merge Heap Roots: 0.0ms
[2024-09-09T06:52:50.957+0800][info] GC(68)   Evacuate Collection Set: 1.0ms
[2024-09-09T06:52:50.957+0800][info] GC(68)   Post Evacuate Collection Set: 0.2ms
[2024-09-09T06:52:50.957+0800][info] GC(68)   Other: 0.3ms
[2024-09-09T06:52:50.957+0800][info] GC(68) Eden regions: 1->0(1)
[2024-09-09T06:52:50.957+0800][info] GC(68) Survivor regions: 1->1(1)
[2024-09-09T06:52:50.957+0800][info] GC(68) Old regions: 8->9
[2024-09-09T06:52:50.957+0800][info] GC(68) Archive regions: 2->2
[2024-09-09T06:52:50.957+0800][info] GC(68) Humongous regions: 0->0
[2024-09-09T06:52:50.957+0800][info] GC(68) Metaspace: 902K(1088K)->902K(1088K) NonClass: 848K(960K)->848K(960K) Class: 53K(128K)->53K(128K)
[2024-09-09T06:52:50.957+0800][info] GC(68) Pause Young (Concurrent Start) (G1 Evacuation Pause) 40M->40M(128M) 1.737ms
[2024-09-09T06:52:50.957+0800][info] GC(68) User=0.00s Sys=0.01s Real=0.01s
[2024-09-09T06:52:50.957+0800][info] GC(69) Concurrent Mark Cycle
[2024-09-09T06:52:50.957+0800][info] GC(69) Concurrent Clear Claimed Marks
[2024-09-09T06:52:50.957+0800][info] GC(69) Concurrent Clear Claimed Marks 0.017ms
[2024-09-09T06:52:50.957+0800][info] GC(69) Concurrent Scan Root Regions
[2024-09-09T06:52:50.957+0800][info] GC(69) Concurrent Scan Root Regions 0.196ms
[2024-09-09T06:52:50.957+0800][info] GC(69) Concurrent Mark
[2024-09-09T06:52:50.957+0800][info] GC(69) Concurrent Mark From Roots
[2024-09-09T06:52:50.957+0800][info] GC(69) Using 12 workers of 12 for marking
[2024-09-09T06:52:50.961+0800][info] GC(69) Concurrent Mark From Roots 3.827ms
[2024-09-09T06:52:50.961+0800][info] GC(69) Concurrent Preclean
[2024-09-09T06:52:50.963+0800][info] GC(69) Concurrent Preclean 1.676ms
[2024-09-09T06:52:50.963+0800][info] GC(69) Pause Remark
[2024-09-09T06:52:50.964+0800][info] GC(69) Pause Remark 40M->36M(128M) 1.240ms
[2024-09-09T06:52:50.964+0800][info] GC(69) User=0.00s Sys=0.00s Real=0.00s
[2024-09-09T06:52:50.964+0800][info] GC(69) Concurrent Mark 6.950ms
[2024-09-09T06:52:50.964+0800][info] GC(69) Concurrent Rebuild Remembered Sets
[2024-09-09T06:52:50.968+0800][info] GC(69) Concurrent Rebuild Remembered Sets 3.617ms
[2024-09-09T06:52:50.968+0800][info] GC(69) Pause Cleanup
[2024-09-09T06:52:50.968+0800][info] GC(69) Pause Cleanup 36M->36M(128M) 0.281ms
[2024-09-09T06:52:50.968+0800][info] GC(69) User=0.00s Sys=0.00s Real=0.00s
[2024-09-09T06:52:50.968+0800][info] GC(69) Concurrent Cleanup for Next Mark
[2024-09-09T06:52:50.969+0800][info] GC(69) Concurrent Cleanup for Next Mark 0.344ms
[2024-09-09T06:52:50.969+0800][info] GC(69) Concurrent Mark Cycle 11.699ms
[2024-09-09T06:52:51.602+0800][info] GC(70) Pause Young (Prepare Mixed) (G1 Evacuation Pause)
[2024-09-09T06:52:51.602+0800][info] GC(70) Using 3 workers of 48 for evacuation
[2024-09-09T06:52:51.604+0800][info] GC(70)   Pre Evacuate Collection Set: 0.1ms
[2024-09-09T06:52:51.604+0800][info] GC(70)   Merge Heap Roots: 0.0ms
[2024-09-09T06:52:51.604+0800][info] GC(70)   Evacuate Collection Set: 1.0ms
[2024-09-09T06:52:51.604+0800][info] GC(70)   Post Evacuate Collection Set: 0.2ms
[2024-09-09T06:52:51.604+0800][info] GC(70)   Other: 0.2ms
[2024-09-09T06:52:51.604+0800][info] GC(70) Eden regions: 1->0(1)
[2024-09-09T06:52:51.604+0800][info] GC(70) Survivor regions: 1->1(1)
[2024-09-09T06:52:51.604+0800][info] GC(70) Old regions: 8->9
[2024-09-09T06:52:51.604+0800][info] GC(70) Archive regions: 2->2
[2024-09-09T06:52:51.604+0800][info] GC(70) Humongous regions: 0->0
[2024-09-09T06:52:51.604+0800][info] GC(70) Metaspace: 902K(1088K)->902K(1088K) NonClass: 848K(960K)->848K(960K) Class: 53K(128K)->53K(128K)
[2024-09-09T06:52:51.604+0800][info] GC(70) Pause Young (Prepare Mixed) (G1 Evacuation Pause) 40M->40M(128M) 1.532ms
[2024-09-09T06:52:51.604+0800][info] GC(70) User=0.01s Sys=0.00s Real=0.00s
[2024-09-09T06:52:52.100+0800][info] GC(71) Pause Young (Mixed) (G1 Evacuation Pause)
[2024-09-09T06:52:52.100+0800][info] GC(71) Using 3 workers of 48 for evacuation
[2024-09-09T06:52:52.101+0800][info] GC(71)   Pre Evacuate Collection Set: 0.0ms
[2024-09-09T06:52:52.101+0800][info] GC(71)   Merge Heap Roots: 0.0ms
[2024-09-09T06:52:52.101+0800][info] GC(71)   Evacuate Collection Set: 0.9ms
[2024-09-09T06:52:52.101+0800][info] GC(71)   Post Evacuate Collection Set: 0.2ms
[2024-09-09T06:52:52.101+0800][info] GC(71)   Other: 0.1ms
[2024-09-09T06:52:52.101+0800][info] GC(71) Eden regions: 1->0(1)
[2024-09-09T06:52:52.101+0800][info] GC(71) Survivor regions: 1->1(1)
[2024-09-09T06:52:52.101+0800][info] GC(71) Old regions: 9->9
[2024-09-09T06:52:52.101+0800][info] GC(71) Archive regions: 2->2
[2024-09-09T06:52:52.101+0800][info] GC(71) Humongous regions: 0->0
[2024-09-09T06:52:52.101+0800][info] GC(71) Metaspace: 902K(1088K)->902K(1088K) NonClass: 848K(960K)->848K(960K) Class: 53K(128K)->53K(128K)
[2024-09-09T06:52:52.101+0800][info] GC(71) Pause Young (Mixed) (G1 Evacuation Pause) 44M->40M(128M) 1.486ms
[2024-09-09T06:52:52.101+0800][info] GC(71) User=0.01s Sys=0.00s Real=0.00s
[2024-09-09T06:52:52.602+0800][info] GC(72) Pause Young (Mixed) (G1 Evacuation Pause)
[2024-09-09T06:52:52.602+0800][info] GC(72) Using 3 workers of 48 for evacuation
[2024-09-09T06:52:52.603+0800][info] GC(72)   Pre Evacuate Collection Set: 0.1ms
[2024-09-09T06:52:52.603+0800][info] GC(72)   Merge Heap Roots: 0.0ms
[2024-09-09T06:52:52.603+0800][info] GC(72)   Evacuate Collection Set: 1.0ms
[2024-09-09T06:52:52.603+0800][info] GC(72)   Post Evacuate Collection Set: 0.2ms
[2024-09-09T06:52:52.603+0800][info] GC(72)   Other: 0.2ms
[2024-09-09T06:52:52.603+0800][info] GC(72) Eden regions: 1->0(1)
[2024-09-09T06:52:52.603+0800][info] GC(72) Survivor regions: 1->1(1)
[2024-09-09T06:52:52.603+0800][info] GC(72) Old regions: 9->9
[2024-09-09T06:52:52.603+0800][info] GC(72) Archive regions: 2->2
[2024-09-09T06:52:52.603+0800][info] GC(72) Humongous regions: 0->0
[2024-09-09T06:52:52.603+0800][info] GC(72) Metaspace: 902K(1088K)->902K(1088K) NonClass: 848K(960K)->848K(960K) Class: 53K(128K)->53K(128K)
[2024-09-09T06:52:52.603+0800][info] GC(72) Pause Young (Mixed) (G1 Evacuation Pause) 44M->40M(128M) 1.531ms
[2024-09-09T06:52:52.603+0800][info] GC(72) User=0.00s Sys=0.00s Real=0.00s
[2024-09-09T06:52:53.098+0800][info] GC(73) Pause Young (Mixed) (G1 Evacuation Pause)
[2024-09-09T06:52:53.098+0800][info] GC(73) Using 3 workers of 48 for evacuation
[2024-09-09T06:52:53.100+0800][info] GC(73)   Pre Evacuate Collection Set: 0.0ms
[2024-09-09T06:52:53.100+0800][info] GC(73)   Merge Heap Roots: 0.0ms
[2024-09-09T06:52:53.100+0800][info] GC(73)   Evacuate Collection Set: 1.2ms
[2024-09-09T06:52:53.100+0800][info] GC(73)   Post Evacuate Collection Set: 0.2ms
[2024-09-09T06:52:53.100+0800][info] GC(73)   Other: 0.2ms
[2024-09-09T06:52:53.100+0800][info] GC(73) Eden regions: 1->0(1)
[2024-09-09T06:52:53.100+0800][info] GC(73) Survivor regions: 1->1(1)
[2024-09-09T06:52:53.100+0800][info] GC(73) Old regions: 9->9
[2024-09-09T06:52:53.100+0800][info] GC(73) Archive regions: 2->2
[2024-09-09T06:52:53.100+0800][info] GC(73) Humongous regions: 0->0
[2024-09-09T06:52:53.100+0800][info] GC(73) Metaspace: 902K(1088K)->902K(1088K) NonClass: 848K(960K)->848K(960K) Class: 53K(128K)->53K(128K)
[2024-09-09T06:52:53.100+0800][info] GC(73) Pause Young (Mixed) (G1 Evacuation Pause) 44M->42M(128M) 1.754ms
[2024-09-09T06:52:53.100+0800][info] GC(73) User=0.01s Sys=0.00s Real=0.00s
[2024-09-09T06:52:53.595+0800][info] GC(74) Pause Young (Mixed) (G1 Evacuation Pause)
[2024-09-09T06:52:53.595+0800][info] GC(74) Using 3 workers of 48 for evacuation
[2024-09-09T06:52:53.596+0800][info] GC(74)   Pre Evacuate Collection Set: 0.1ms
[2024-09-09T06:52:53.596+0800][info] GC(74)   Merge Heap Roots: 0.0ms
[2024-09-09T06:52:53.596+0800][info] GC(74)   Evacuate Collection Set: 1.3ms
[2024-09-09T06:52:53.596+0800][info] GC(74)   Post Evacuate Collection Set: 0.2ms
[2024-09-09T06:52:53.596+0800][info] GC(74)   Other: 0.2ms
[2024-09-09T06:52:53.596+0800][info] GC(74) Eden regions: 1->0(2)
[2024-09-09T06:52:53.596+0800][info] GC(74) Survivor regions: 1->1(1)
[2024-09-09T06:52:53.596+0800][info] GC(74) Old regions: 9->10
[2024-09-09T06:52:53.596+0800][info] GC(74) Archive regions: 2->2
[2024-09-09T06:52:53.596+0800][info] GC(74) Humongous regions: 0->0
[2024-09-09T06:52:53.596+0800][info] GC(74) Metaspace: 902K(1088K)->902K(1088K) NonClass: 848K(960K)->848K(960K) Class: 53K(128K)->53K(128K)
[2024-09-09T06:52:53.596+0800][info] GC(74) Pause Young (Mixed) (G1 Evacuation Pause) 46M->45M(128M) 1.810ms
[2024-09-09T06:52:53.596+0800][info] GC(74) User=0.00s Sys=0.00s Real=0.00s
[2024-09-09T06:52:54.594+0800][info] GC(75) Pause Young (Concurrent Start) (G1 Evacuation Pause)
[2024-09-09T06:52:54.594+0800][info] GC(75) Using 3 workers of 48 for evacuation
[2024-09-09T06:52:54.596+0800][info] GC(75)   Pre Evacuate Collection Set: 0.1ms
[2024-09-09T06:52:54.596+0800][info] GC(75)   Merge Heap Roots: 0.0ms
[2024-09-09T06:52:54.596+0800][info] GC(75)   Evacuate Collection Set: 1.4ms
[2024-09-09T06:52:54.596+0800][info] GC(75)   Post Evacuate Collection Set: 0.2ms
[2024-09-09T06:52:54.596+0800][info] GC(75)   Other: 0.3ms
[2024-09-09T06:52:54.596+0800][info] GC(75) Eden regions: 2->0(2)
[2024-09-09T06:52:54.596+0800][info] GC(75) Survivor regions: 1->1(1)
[2024-09-09T06:52:54.596+0800][info] GC(75) Old regions: 10->12
[2024-09-09T06:52:54.596+0800][info] GC(75) Archive regions: 2->2
[2024-09-09T06:52:54.596+0800][info] GC(75) Humongous regions: 0->0
[2024-09-09T06:52:54.596+0800][info] GC(75) Metaspace: 902K(1088K)->902K(1088K) NonClass: 848K(960K)->848K(960K) Class: 53K(128K)->53K(128K)
[2024-09-09T06:52:54.596+0800][info] GC(75) Pause Young (Concurrent Start) (G1 Evacuation Pause) 53M->53M(128M) 2.078ms
[2024-09-09T06:52:54.596+0800][info] GC(75) User=0.00s Sys=0.00s Real=0.00s
[2024-09-09T06:52:54.596+0800][info] GC(76) Concurrent Mark Cycle
[2024-09-09T06:52:54.596+0800][info] GC(76) Concurrent Clear Claimed Marks
[2024-09-09T06:52:54.596+0800][info] GC(76) Concurrent Clear Claimed Marks 0.009ms
[2024-09-09T06:52:54.596+0800][info] GC(76) Concurrent Scan Root Regions
[2024-09-09T06:52:54.596+0800][info] GC(76) Concurrent Scan Root Regions 0.090ms
[2024-09-09T06:52:54.596+0800][info] GC(76) Concurrent Mark
[2024-09-09T06:52:54.596+0800][info] GC(76) Concurrent Mark From Roots
[2024-09-09T06:52:54.596+0800][info] GC(76) Using 12 workers of 12 for marking
[2024-09-09T06:52:54.599+0800][info] GC(76) Concurrent Mark From Roots 3.087ms
[2024-09-09T06:52:54.599+0800][info] GC(76) Concurrent Preclean
[2024-09-09T06:52:54.600+0800][info] GC(76) Concurrent Preclean 0.666ms
[2024-09-09T06:52:54.600+0800][info] GC(76) Pause Remark
[2024-09-09T06:52:54.602+0800][info] GC(76) Pause Remark 53M->37M(128M) 1.351ms
[2024-09-09T06:52:54.602+0800][info] GC(76) User=0.01s Sys=0.00s Real=0.00s
[2024-09-09T06:52:54.602+0800][info] GC(76) Concurrent Mark 5.229ms
[2024-09-09T06:52:54.602+0800][info] GC(76) Concurrent Rebuild Remembered Sets
[2024-09-09T06:52:54.605+0800][info] GC(76) Concurrent Rebuild Remembered Sets 3.519ms
[2024-09-09T06:52:54.605+0800][info] GC(76) Pause Cleanup
[2024-09-09T06:52:54.605+0800][info] GC(76) Pause Cleanup 37M->37M(128M) 0.258ms
[2024-09-09T06:52:54.605+0800][info] GC(76) User=0.00s Sys=0.00s Real=0.00s
[2024-09-09T06:52:54.605+0800][info] GC(76) Concurrent Cleanup for Next Mark
[2024-09-09T06:52:54.606+0800][info] GC(76) Concurrent Cleanup for Next Mark 0.351ms
[2024-09-09T06:52:54.606+0800][info] GC(76) Concurrent Mark Cycle 9.637ms
[2024-09-09T06:52:56.240+0800][info] GC(77) Pause Young (Prepare Mixed) (G1 Evacuation Pause)
[2024-09-09T06:52:56.240+0800][info] GC(77) Using 3 workers of 48 for evacuation
[2024-09-09T06:52:56.243+0800][info] GC(77)   Pre Evacuate Collection Set: 0.1ms
[2024-09-09T06:52:56.243+0800][info] GC(77)   Merge Heap Roots: 0.0ms
[2024-09-09T06:52:56.243+0800][info] GC(77)   Evacuate Collection Set: 2.0ms
[2024-09-09T06:52:56.243+0800][info] GC(77)   Post Evacuate Collection Set: 0.2ms
[2024-09-09T06:52:56.243+0800][info] GC(77)   Other: 0.2ms
[2024-09-09T06:52:56.243+0800][info] GC(77) Eden regions: 3->0(1)
[2024-09-09T06:52:56.243+0800][info] GC(77) Survivor regions: 1->1(1)
[2024-09-09T06:52:56.243+0800][info] GC(77) Old regions: 8->11
[2024-09-09T06:52:56.243+0800][info] GC(77) Archive regions: 2->2
[2024-09-09T06:52:56.243+0800][info] GC(77) Humongous regions: 0->0
[2024-09-09T06:52:56.243+0800][info] GC(77) Metaspace: 902K(1088K)->902K(1088K) NonClass: 848K(960K)->848K(960K) Class: 53K(128K)->53K(128K)
[2024-09-09T06:52:56.243+0800][info] GC(77) Pause Young (Prepare Mixed) (G1 Evacuation Pause) 49M->49M(128M) 2.584ms
[2024-09-09T06:52:56.243+0800][info] GC(77) User=0.01s Sys=0.00s Real=0.00s
[2024-09-09T06:52:56.739+0800][info] GC(78) Pause Young (Mixed) (G1 Evacuation Pause)
[2024-09-09T06:52:56.739+0800][info] GC(78) Using 3 workers of 48 for evacuation
[2024-09-09T06:52:56.742+0800][info] GC(78)   Pre Evacuate Collection Set: 0.1ms
[2024-09-09T06:52:56.743+0800][info] GC(78)   Merge Heap Roots: 0.0ms
[2024-09-09T06:52:56.743+0800][info] GC(78)   Evacuate Collection Set: 3.1ms
[2024-09-09T06:52:56.743+0800][info] GC(78)   Post Evacuate Collection Set: 0.2ms
[2024-09-09T06:52:56.743+0800][info] GC(78)   Other: 0.2ms
[2024-09-09T06:52:56.743+0800][info] GC(78) Eden regions: 1->0(1)
[2024-09-09T06:52:56.743+0800][info] GC(78) Survivor regions: 1->1(1)
[2024-09-09T06:52:56.743+0800][info] GC(78) Old regions: 11->9
[2024-09-09T06:52:56.743+0800][info] GC(78) Archive regions: 2->2
[2024-09-09T06:52:56.743+0800][info] GC(78) Humongous regions: 0->0
[2024-09-09T06:52:56.743+0800][info] GC(78) Metaspace: 902K(1088K)->902K(1088K) NonClass: 848K(960K)->848K(960K) Class: 53K(128K)->53K(128K)
[2024-09-09T06:52:56.743+0800][info] GC(78) Pause Young (Mixed) (G1 Evacuation Pause) 53M->41M(128M) 3.755ms
[2024-09-09T06:52:56.743+0800][info] GC(78) User=0.01s Sys=0.00s Real=0.00s
[2024-09-09T06:52:57.242+0800][info] GC(79) Pause Young (Mixed) (G1 Evacuation Pause)
[2024-09-09T06:52:57.242+0800][info] GC(79) Using 3 workers of 48 for evacuation
[2024-09-09T06:52:57.244+0800][info] GC(79)   Pre Evacuate Collection Set: 0.1ms
[2024-09-09T06:52:57.244+0800][info] GC(79)   Merge Heap Roots: 0.0ms
[2024-09-09T06:52:57.244+0800][info] GC(79)   Evacuate Collection Set: 1.3ms
[2024-09-09T06:52:57.244+0800][info] GC(79)   Post Evacuate Collection Set: 0.2ms
[2024-09-09T06:52:57.244+0800][info] GC(79)   Other: 0.2ms
[2024-09-09T06:52:57.244+0800][info] GC(79) Eden regions: 1->0(5)
[2024-09-09T06:52:57.244+0800][info] GC(79) Survivor regions: 1->1(1)
[2024-09-09T06:52:57.244+0800][info] GC(79) Old regions: 9->10
[2024-09-09T06:52:57.244+0800][info] GC(79) Archive regions: 2->2
[2024-09-09T06:52:57.244+0800][info] GC(79) Humongous regions: 0->0
[2024-09-09T06:52:57.244+0800][info] GC(79) Metaspace: 902K(1088K)->902K(1088K) NonClass: 848K(960K)->848K(960K) Class: 53K(128K)->53K(128K)
[2024-09-09T06:52:57.244+0800][info] GC(79) Pause Young (Mixed) (G1 Evacuation Pause) 45M->44M(128M) 1.914ms
[2024-09-09T06:52:57.244+0800][info] GC(79) User=0.00s Sys=0.00s Real=0.00s
[2024-09-09T06:52:59.034+0800][info] GC(80) Pause Young (Concurrent Start) (G1 Humongous Allocation)
[2024-09-09T06:52:59.034+0800][info] GC(80) Using 3 workers of 48 for evacuation
[2024-09-09T06:52:59.037+0800][info] GC(80)   Pre Evacuate Collection Set: 0.0ms
[2024-09-09T06:52:59.037+0800][info] GC(80)   Merge Heap Roots: 0.0ms
[2024-09-09T06:52:59.037+0800][info] GC(80)   Evacuate Collection Set: 1.9ms
[2024-09-09T06:52:59.037+0800][info] GC(80)   Post Evacuate Collection Set: 0.1ms
[2024-09-09T06:52:59.037+0800][info] GC(80)   Other: 0.4ms
[2024-09-09T06:52:59.037+0800][info] GC(80) Eden regions: 4->0(4)
[2024-09-09T06:52:59.037+0800][info] GC(80) Survivor regions: 1->1(1)
[2024-09-09T06:52:59.037+0800][info] GC(80) Old regions: 10->13
[2024-09-09T06:52:59.037+0800][info] GC(80) Archive regions: 2->2
[2024-09-09T06:52:59.037+0800][info] GC(80) Humongous regions: 0->0
[2024-09-09T06:52:59.037+0800][info] GC(80) Metaspace: 902K(1088K)->902K(1088K) NonClass: 848K(960K)->848K(960K) Class: 53K(128K)->53K(128K)
[2024-09-09T06:52:59.037+0800][info] GC(80) Pause Young (Concurrent Start) (G1 Humongous Allocation) 58M->58M(128M) 2.592ms
[2024-09-09T06:52:59.037+0800][info] GC(80) User=0.01s Sys=0.00s Real=0.01s
[2024-09-09T06:52:59.037+0800][info] GC(81) Concurrent Mark Cycle
[2024-09-09T06:52:59.037+0800][info] GC(81) Concurrent Clear Claimed Marks
[2024-09-09T06:52:59.037+0800][info] GC(81) Concurrent Clear Claimed Marks 0.010ms
[2024-09-09T06:52:59.037+0800][info] GC(81) Concurrent Scan Root Regions
[2024-09-09T06:52:59.037+0800][info] GC(81) Concurrent Scan Root Regions 0.084ms
[2024-09-09T06:52:59.037+0800][info] GC(81) Concurrent Mark
[2024-09-09T06:52:59.037+0800][info] GC(81) Concurrent Mark From Roots
[2024-09-09T06:52:59.037+0800][info] GC(81) Using 12 workers of 12 for marking
[2024-09-09T06:52:59.040+0800][info] GC(81) Concurrent Mark From Roots 2.780ms
[2024-09-09T06:52:59.040+0800][info] GC(81) Concurrent Preclean
[2024-09-09T06:52:59.041+0800][info] GC(81) Concurrent Preclean 0.662ms
[2024-09-09T06:52:59.041+0800][info] GC(81) Pause Remark
[2024-09-09T06:52:59.042+0800][info] GC(81) Pause Remark 75M->59M(128M) 1.085ms
[2024-09-09T06:52:59.042+0800][info] GC(81) User=0.00s Sys=0.00s Real=0.00s
[2024-09-09T06:52:59.042+0800][info] GC(81) Concurrent Mark 4.647ms
[2024-09-09T06:52:59.042+0800][info] GC(81) Concurrent Rebuild Remembered Sets
[2024-09-09T06:52:59.047+0800][info] GC(81) Concurrent Rebuild Remembered Sets 5.096ms
[2024-09-09T06:52:59.047+0800][info] GC(81) Pause Cleanup
[2024-09-09T06:52:59.047+0800][info] GC(81) Pause Cleanup 59M->59M(128M) 0.263ms
[2024-09-09T06:52:59.047+0800][info] GC(81) User=0.00s Sys=0.00s Real=0.00s
[2024-09-09T06:52:59.047+0800][info] GC(81) Concurrent Cleanup for Next Mark
[2024-09-09T06:52:59.048+0800][info] GC(81) Concurrent Cleanup for Next Mark 0.257ms
[2024-09-09T06:52:59.048+0800][info] GC(81) Concurrent Mark Cycle 10.541ms
[2024-09-09T06:52:59.654+0800][info] GC(82) Pause Young (Prepare Mixed) (G1 Preventive Collection)
[2024-09-09T06:52:59.655+0800][info] GC(82) Using 3 workers of 48 for evacuation
[2024-09-09T06:52:59.656+0800][info] GC(82)   Pre Evacuate Collection Set: 0.1ms
[2024-09-09T06:52:59.656+0800][info] GC(82)   Merge Heap Roots: 0.0ms
[2024-09-09T06:52:59.656+0800][info] GC(82)   Evacuate Collection Set: 0.6ms
[2024-09-09T06:52:59.656+0800][info] GC(82)   Post Evacuate Collection Set: 0.2ms
[2024-09-09T06:52:59.656+0800][info] GC(82)   Other: 0.2ms
[2024-09-09T06:52:59.656+0800][info] GC(82) Eden regions: 1->0(1)
[2024-09-09T06:52:59.656+0800][info] GC(82) Survivor regions: 1->1(1)
[2024-09-09T06:52:59.656+0800][info] GC(82) Old regions: 9->10
[2024-09-09T06:52:59.656+0800][info] GC(82) Archive regions: 2->2
[2024-09-09T06:52:59.656+0800][info] GC(82) Humongous regions: 12->8
[2024-09-09T06:52:59.656+0800][info] GC(82) Metaspace: 902K(1088K)->902K(1088K) NonClass: 848K(960K)->848K(960K) Class: 53K(128K)->53K(128K)
[2024-09-09T06:52:59.656+0800][info] GC(82) Pause Young (Prepare Mixed) (G1 Preventive Collection) 91M->74M(128M) 1.265ms
[2024-09-09T06:52:59.656+0800][info] GC(82) User=0.01s Sys=0.00s Real=0.00s
[2024-09-09T06:52:59.678+0800][info] GC(83) Pause Young (Mixed) (G1 Preventive Collection)
[2024-09-09T06:52:59.679+0800][info] GC(83) Using 3 workers of 48 for evacuation
[2024-09-09T06:52:59.681+0800][info] GC(83)   Pre Evacuate Collection Set: 0.1ms
[2024-09-09T06:52:59.681+0800][info] GC(83)   Merge Heap Roots: 0.0ms
[2024-09-09T06:52:59.681+0800][info] GC(83)   Evacuate Collection Set: 1.8ms
[2024-09-09T06:52:59.681+0800][info] GC(83)   Post Evacuate Collection Set: 0.2ms
[2024-09-09T06:52:59.681+0800][info] GC(83)   Other: 0.2ms
[2024-09-09T06:52:59.681+0800][info] GC(83) Eden regions: 1->0(1)
[2024-09-09T06:52:59.681+0800][info] GC(83) Survivor regions: 1->1(1)
[2024-09-09T06:52:59.681+0800][info] GC(83) Old regions: 10->7
[2024-09-09T06:52:59.681+0800][info] GC(83) Archive regions: 2->2
[2024-09-09T06:52:59.681+0800][info] GC(83) Humongous regions: 12->12
[2024-09-09T06:52:59.681+0800][info] GC(83) Metaspace: 902K(1088K)->902K(1088K) NonClass: 848K(960K)->848K(960K) Class: 53K(128K)->53K(128K)
[2024-09-09T06:52:59.681+0800][info] GC(83) Pause Young (Mixed) (G1 Preventive Collection) 90M->75M(128M) 2.434ms
[2024-09-09T06:52:59.681+0800][info] GC(83) User=0.00s Sys=0.00s Real=0.00s
[2024-09-09T06:52:59.681+0800][info] Attempting full compaction
[2024-09-09T06:52:59.681+0800][info] GC(84) Using 1 workers of 48 for full compaction
[2024-09-09T06:52:59.681+0800][info] GC(84) Pause Full (G1 Compaction Pause)
[2024-09-09T06:52:59.681+0800][info] GC(84) Phase 1: Mark live objects
[2024-09-09T06:52:59.686+0800][info] GC(84) Phase 1: Mark live objects 4.906ms
[2024-09-09T06:52:59.686+0800][info] GC(84) Phase 2: Prepare for compaction
[2024-09-09T06:52:59.687+0800][info] GC(84) Phase 2: Prepare for compaction 0.852ms
[2024-09-09T06:52:59.687+0800][info] GC(84) Phase 3: Adjust pointers
[2024-09-09T06:52:59.690+0800][info] GC(84) Phase 3: Adjust pointers 2.653ms
[2024-09-09T06:52:59.690+0800][info] GC(84) Phase 4: Compact heap
[2024-09-09T06:52:59.690+0800][info] GC(84) Phase 4: Compact heap 0.757ms
[2024-09-09T06:52:59.691+0800][info] GC(84) Eden regions: 0->0(5)
[2024-09-09T06:52:59.691+0800][info] GC(84) Survivor regions: 1->0(1)
[2024-09-09T06:52:59.691+0800][info] GC(84) Old regions: 7->1
[2024-09-09T06:52:59.691+0800][info] GC(84) Archive regions: 2->2
[2024-09-09T06:52:59.691+0800][info] GC(84) Humongous regions: 12->12
[2024-09-09T06:52:59.691+0800][info] GC(84) Metaspace: 902K(1088K)->902K(1088K) NonClass: 848K(960K)->848K(960K) Class: 53K(128K)->53K(128K)
[2024-09-09T06:52:59.691+0800][info] GC(84) Pause Full (G1 Compaction Pause) 75M->52M(128M) 10.367ms
[2024-09-09T06:52:59.691+0800][info] GC(84) User=0.01s Sys=0.00s Real=0.01s
[2024-09-09T06:52:59.714+0800][info] GC(85) Pause Young (Concurrent Start) (G1 Humongous Allocation)
[2024-09-09T06:52:59.714+0800][info] GC(85) Using 3 workers of 48 for evacuation
[2024-09-09T06:52:59.715+0800][info] GC(85)   Pre Evacuate Collection Set: 0.1ms
[2024-09-09T06:52:59.715+0800][info] GC(85)   Merge Heap Roots: 0.0ms
[2024-09-09T06:52:59.715+0800][info] GC(85)   Evacuate Collection Set: 0.2ms
[2024-09-09T06:52:59.715+0800][info] GC(85)   Post Evacuate Collection Set: 0.1ms
[2024-09-09T06:52:59.715+0800][info] GC(85)   Other: 0.3ms
[2024-09-09T06:52:59.715+0800][info] GC(85) Eden regions: 1->0(1)
[2024-09-09T06:52:59.715+0800][info] GC(85) Survivor regions: 0->1(1)
[2024-09-09T06:52:59.715+0800][info] GC(85) Old regions: 1->1
[2024-09-09T06:52:59.715+0800][info] GC(85) Archive regions: 2->2
[2024-09-09T06:52:59.715+0800][info] GC(85) Humongous regions: 16->16
[2024-09-09T06:52:59.715+0800][info] GC(85) Metaspace: 902K(1088K)->902K(1088K) NonClass: 848K(960K)->848K(960K) Class: 53K(128K)->53K(128K)
[2024-09-09T06:52:59.715+0800][info] GC(85) Pause Young (Concurrent Start) (G1 Humongous Allocation) 69M->68M(128M) 0.895ms
[2024-09-09T06:52:59.715+0800][info] GC(85) User=0.01s Sys=0.00s Real=0.00s
[2024-09-09T06:52:59.715+0800][info] GC(86) Concurrent Mark Cycle
[2024-09-09T06:52:59.715+0800][info] GC(86) Concurrent Clear Claimed Marks
[2024-09-09T06:52:59.715+0800][info] GC(86) Concurrent Clear Claimed Marks 0.007ms
[2024-09-09T06:52:59.715+0800][info] GC(86) Concurrent Scan Root Regions
[2024-09-09T06:52:59.715+0800][info] GC(86) Concurrent Scan Root Regions 0.127ms
[2024-09-09T06:52:59.715+0800][info] GC(86) Concurrent Mark
[2024-09-09T06:52:59.715+0800][info] GC(86) Concurrent Mark From Roots
[2024-09-09T06:52:59.715+0800][info] GC(86) Using 12 workers of 12 for marking
[2024-09-09T06:52:59.718+0800][info] GC(86) Concurrent Mark From Roots 2.708ms
[2024-09-09T06:52:59.718+0800][info] GC(86) Concurrent Preclean
[2024-09-09T06:52:59.718+0800][info] GC(86) Concurrent Preclean 0.665ms
[2024-09-09T06:52:59.718+0800][info] GC(86) Pause Remark
[2024-09-09T06:52:59.720+0800][info] GC(86) Pause Remark 85M->69M(128M) 1.208ms
[2024-09-09T06:52:59.720+0800][info] GC(86) User=0.00s Sys=0.00s Real=0.00s
[2024-09-09T06:52:59.720+0800][info] GC(86) Concurrent Mark 4.692ms
[2024-09-09T06:52:59.720+0800][info] GC(86) Concurrent Rebuild Remembered Sets
[2024-09-09T06:52:59.727+0800][info] GC(86) Concurrent Rebuild Remembered Sets 7.020ms
[2024-09-09T06:52:59.727+0800][info] GC(86) Pause Cleanup
[2024-09-09T06:52:59.728+0800][info] GC(86) Pause Cleanup 69M->69M(128M) 1.211ms
[2024-09-09T06:52:59.728+0800][info] GC(86) User=0.00s Sys=0.00s Real=0.00s
[2024-09-09T06:52:59.728+0800][info] GC(86) Concurrent Cleanup for Next Mark
[2024-09-09T06:52:59.728+0800][info] GC(86) Concurrent Cleanup for Next Mark 0.219ms
[2024-09-09T06:52:59.728+0800][info] GC(86) Concurrent Mark Cycle 13.436ms
[2024-09-09T06:53:00.333+0800][info] GC(87) Pause Young (Prepare Mixed) (G1 Humongous Allocation)
[2024-09-09T06:53:00.333+0800][info] GC(87) Using 3 workers of 48 for evacuation
[2024-09-09T06:53:00.333+0800][info] GC(87)   Pre Evacuate Collection Set: 0.1ms
[2024-09-09T06:53:00.334+0800][info] GC(87)   Merge Heap Roots: 0.1ms
[2024-09-09T06:53:00.334+0800][info] GC(87)   Evacuate Collection Set: 0.2ms
[2024-09-09T06:53:00.334+0800][info] GC(87)   Post Evacuate Collection Set: 0.2ms
[2024-09-09T06:53:00.334+0800][info] GC(87)   Other: 0.2ms
[2024-09-09T06:53:00.334+0800][info] GC(87) Eden regions: 1->0(1)
[2024-09-09T06:53:00.334+0800][info] GC(87) Survivor regions: 1->1(1)
[2024-09-09T06:53:00.334+0800][info] GC(87) Old regions: 1->1
[2024-09-09T06:53:00.334+0800][info] GC(87) Archive regions: 2->2
[2024-09-09T06:53:00.334+0800][info] GC(87) Humongous regions: 24->20
[2024-09-09T06:53:00.334+0800][info] GC(87) Metaspace: 902K(1088K)->902K(1088K) NonClass: 848K(960K)->848K(960K) Class: 53K(128K)->53K(128K)
[2024-09-09T06:53:00.334+0800][info] GC(87) Pause Young (Prepare Mixed) (G1 Humongous Allocation) 101M->84M(128M) 0.778ms
[2024-09-09T06:53:00.334+0800][info] GC(87) User=0.00s Sys=0.00s Real=0.00s
[2024-09-09T06:53:00.864+0800][info] GC(88) Pause Young (Mixed) (G1 Preventive Collection)
[2024-09-09T06:53:00.864+0800][info] GC(88) Using 3 workers of 48 for evacuation
[2024-09-09T06:53:00.866+0800][info] GC(88)   Pre Evacuate Collection Set: 0.0ms
[2024-09-09T06:53:00.866+0800][info] GC(88)   Merge Heap Roots: 0.0ms
[2024-09-09T06:53:00.866+0800][info] GC(88)   Evacuate Collection Set: 1.6ms
[2024-09-09T06:53:00.866+0800][info] GC(88)   Post Evacuate Collection Set: 0.2ms
[2024-09-09T06:53:00.866+0800][info] GC(88)   Other: 0.2ms
[2024-09-09T06:53:00.866+0800][info] GC(88) Eden regions: 1->0(1)
[2024-09-09T06:53:00.866+0800][info] GC(88) Survivor regions: 1->1(1)
[2024-09-09T06:53:00.866+0800][info] GC(88) Old regions: 1->1
[2024-09-09T06:53:00.866+0800][info] GC(88) Archive regions: 2->2
[2024-09-09T06:53:00.866+0800][info] GC(88) Humongous regions: 24->0
[2024-09-09T06:53:00.866+0800][info] GC(88) Metaspace: 902K(1088K)->902K(1088K) NonClass: 848K(960K)->848K(960K) Class: 53K(128K)->53K(128K)
[2024-09-09T06:53:00.866+0800][info] GC(88) Pause Young (Mixed) (G1 Preventive Collection) 104M->8M(128M) 2.205ms
[2024-09-09T06:53:00.866+0800][info] GC(88) User=0.00s Sys=0.00s Real=0.01s
[2024-09-09T06:53:01.366+0800][info] GC(89) Pause Young (Concurrent Start) (G1 Evacuation Pause)
[2024-09-09T06:53:01.366+0800][info] GC(89) Using 3 workers of 48 for evacuation
[2024-09-09T06:53:01.367+0800][info] GC(89)   Pre Evacuate Collection Set: 0.1ms
[2024-09-09T06:53:01.367+0800][info] GC(89)   Merge Heap Roots: 0.0ms
[2024-09-09T06:53:01.367+0800][info] GC(89)   Evacuate Collection Set: 1.0ms
[2024-09-09T06:53:01.367+0800][info] GC(89)   Post Evacuate Collection Set: 0.2ms
[2024-09-09T06:53:01.367+0800][info] GC(89)   Other: 0.3ms
[2024-09-09T06:53:01.367+0800][info] GC(89) Eden regions: 1->0(1)
[2024-09-09T06:53:01.367+0800][info] GC(89) Survivor regions: 1->1(1)
[2024-09-09T06:53:01.367+0800][info] GC(89) Old regions: 1->2
[2024-09-09T06:53:01.367+0800][info] GC(89) Archive regions: 2->2
[2024-09-09T06:53:01.367+0800][info] GC(89) Humongous regions: 0->0
[2024-09-09T06:53:01.367+0800][info] GC(89) Metaspace: 902K(1088K)->902K(1088K) NonClass: 848K(960K)->848K(960K) Class: 53K(128K)->53K(128K)
[2024-09-09T06:53:01.367+0800][info] GC(89) Pause Young (Concurrent Start) (G1 Evacuation Pause) 12M->12M(128M) 1.700ms
[2024-09-09T06:53:01.368+0800][info] GC(89) User=0.00s Sys=0.00s Real=0.00s
[2024-09-09T06:53:01.368+0800][info] GC(90) Concurrent Mark Cycle
[2024-09-09T06:53:01.368+0800][info] GC(90) Concurrent Clear Claimed Marks
[2024-09-09T06:53:01.368+0800][info] GC(90) Concurrent Clear Claimed Marks 0.009ms
[2024-09-09T06:53:01.368+0800][info] GC(90) Concurrent Scan Root Regions
[2024-09-09T06:53:01.368+0800][info] GC(90) Concurrent Scan Root Regions 0.096ms
[2024-09-09T06:53:01.368+0800][info] GC(90) Concurrent Mark
[2024-09-09T06:53:01.368+0800][info] GC(90) Concurrent Mark From Roots
[2024-09-09T06:53:01.368+0800][info] GC(90) Using 12 workers of 12 for marking
[2024-09-09T06:53:01.371+0800][info] GC(90) Concurrent Mark From Roots 2.895ms
[2024-09-09T06:53:01.371+0800][info] GC(90) Concurrent Preclean
[2024-09-09T06:53:01.371+0800][info] GC(90) Concurrent Preclean 0.661ms
[2024-09-09T06:53:01.371+0800][info] GC(90) Pause Remark
[2024-09-09T06:53:01.373+0800][info] GC(90) Pause Remark 13M->13M(128M) 1.395ms
[2024-09-09T06:53:01.373+0800][info] GC(90) User=0.00s Sys=0.00s Real=0.00s
[2024-09-09T06:53:01.373+0800][info] GC(90) Concurrent Mark 5.089ms
[2024-09-09T06:53:01.373+0800][info] GC(90) Concurrent Rebuild Remembered Sets
[2024-09-09T06:53:01.374+0800][info] GC(90) Concurrent Rebuild Remembered Sets 1.581ms
[2024-09-09T06:53:01.374+0800][info] GC(90) Pause Cleanup
[2024-09-09T06:53:01.375+0800][info] GC(90) Pause Cleanup 13M->13M(128M) 0.144ms
[2024-09-09T06:53:01.375+0800][info] GC(90) User=0.00s Sys=0.00s Real=0.00s
[2024-09-09T06:53:01.375+0800][info] GC(90) Concurrent Cleanup for Next Mark
[2024-09-09T06:53:01.375+0800][info] GC(90) Concurrent Cleanup for Next Mark 0.281ms
[2024-09-09T06:53:01.375+0800][info] GC(90) Concurrent Mark Cycle 7.351ms
[2024-09-09T06:53:02.017+0800][info] GC(91) Pause Young (Normal) (G1 Evacuation Pause)
[2024-09-09T06:53:02.017+0800][info] GC(91) Using 3 workers of 48 for evacuation
[2024-09-09T06:53:02.018+0800][info] GC(91)   Pre Evacuate Collection Set: 0.1ms
[2024-09-09T06:53:02.018+0800][info] GC(91)   Merge Heap Roots: 0.0ms
[2024-09-09T06:53:02.018+0800][info] GC(91)   Evacuate Collection Set: 1.0ms
[2024-09-09T06:53:02.018+0800][info] GC(91)   Post Evacuate Collection Set: 0.1ms
[2024-09-09T06:53:02.018+0800][info] GC(91)   Other: 0.2ms
[2024-09-09T06:53:02.018+0800][info] GC(91) Eden regions: 1->0(1)
[2024-09-09T06:53:02.018+0800][info] GC(91) Survivor regions: 1->1(1)
[2024-09-09T06:53:02.018+0800][info] GC(91) Old regions: 2->3
[2024-09-09T06:53:02.018+0800][info] GC(91) Archive regions: 2->2
[2024-09-09T06:53:02.018+0800][info] GC(91) Humongous regions: 0->0
[2024-09-09T06:53:02.019+0800][info] GC(91) Metaspace: 902K(1088K)->902K(1088K) NonClass: 848K(960K)->848K(960K) Class: 53K(128K)->53K(128K)
[2024-09-09T06:53:02.019+0800][info] GC(91) Pause Young (Normal) (G1 Evacuation Pause) 16M->16M(128M) 1.556ms
[2024-09-09T06:53:02.019+0800][info] GC(91) User=0.00s Sys=0.00s Real=0.00s
[2024-09-09T06:53:02.518+0800][info] GC(92) Pause Young (Concurrent Start) (G1 Evacuation Pause)
[2024-09-09T06:53:02.518+0800][info] GC(92) Using 3 workers of 48 for evacuation
[2024-09-09T06:53:02.520+0800][info] GC(92)   Pre Evacuate Collection Set: 0.0ms
[2024-09-09T06:53:02.520+0800][info] GC(92)   Merge Heap Roots: 0.0ms
[2024-09-09T06:53:02.520+0800][info] GC(92)   Evacuate Collection Set: 1.0ms
[2024-09-09T06:53:02.520+0800][info] GC(92)   Post Evacuate Collection Set: 0.2ms
[2024-09-09T06:53:02.520+0800][info] GC(92)   Other: 0.3ms
[2024-09-09T06:53:02.520+0800][info] GC(92) Eden regions: 1->0(1)
[2024-09-09T06:53:02.520+0800][info] GC(92) Survivor regions: 1->1(1)
[2024-09-09T06:53:02.520+0800][info] GC(92) Old regions: 3->4
[2024-09-09T06:53:02.520+0800][info] GC(92) Archive regions: 2->2
[2024-09-09T06:53:02.520+0800][info] GC(92) Humongous regions: 0->0
[2024-09-09T06:53:02.520+0800][info] GC(92) Metaspace: 902K(1088K)->902K(1088K) NonClass: 848K(960K)->848K(960K) Class: 53K(128K)->53K(128K)
[2024-09-09T06:53:02.520+0800][info] GC(92) Pause Young (Concurrent Start) (G1 Evacuation Pause) 20M->20M(128M) 1.626ms
[2024-09-09T06:53:02.520+0800][info] GC(92) User=0.00s Sys=0.00s Real=0.00s
[2024-09-09T06:53:02.520+0800][info] GC(93) Concurrent Mark Cycle
[2024-09-09T06:53:02.520+0800][info] GC(93) Concurrent Clear Claimed Marks
[2024-09-09T06:53:02.520+0800][info] GC(93) Concurrent Clear Claimed Marks 0.009ms
[2024-09-09T06:53:02.520+0800][info] GC(93) Concurrent Scan Root Regions
[2024-09-09T06:53:02.520+0800][info] GC(93) Concurrent Scan Root Regions 0.083ms
[2024-09-09T06:53:02.520+0800][info] GC(93) Concurrent Mark
[2024-09-09T06:53:02.520+0800][info] GC(93) Concurrent Mark From Roots
[2024-09-09T06:53:02.520+0800][info] GC(93) Using 12 workers of 12 for marking
[2024-09-09T06:53:02.523+0800][info] GC(93) Concurrent Mark From Roots 2.859ms
[2024-09-09T06:53:02.523+0800][info] GC(93) Concurrent Preclean
[2024-09-09T06:53:02.524+0800][info] GC(93) Concurrent Preclean 0.661ms
[2024-09-09T06:53:02.524+0800][info] GC(93) Pause Remark
[2024-09-09T06:53:02.525+0800][info] GC(93) Pause Remark 20M->20M(128M) 1.367ms
[2024-09-09T06:53:02.525+0800][info] GC(93) User=0.00s Sys=0.00s Real=0.01s
[2024-09-09T06:53:02.525+0800][info] GC(93) Concurrent Mark 5.002ms
[2024-09-09T06:53:02.525+0800][info] GC(93) Concurrent Rebuild Remembered Sets
[2024-09-09T06:53:02.526+0800][info] GC(93) Concurrent Rebuild Remembered Sets 1.234ms
[2024-09-09T06:53:02.526+0800][info] GC(93) Pause Cleanup
[2024-09-09T06:53:02.526+0800][info] GC(93) Pause Cleanup 20M->20M(128M) 0.171ms
[2024-09-09T06:53:02.526+0800][info] GC(93) User=0.00s Sys=0.00s Real=0.00s
[2024-09-09T06:53:02.526+0800][info] GC(93) Concurrent Cleanup for Next Mark
[2024-09-09T06:53:02.527+0800][info] GC(93) Concurrent Cleanup for Next Mark 0.433ms
[2024-09-09T06:53:02.527+0800][info] GC(93) Concurrent Mark Cycle 7.067ms
[2024-09-09T06:53:03.164+0800][info] GC(94) Pause Young (Normal) (G1 Evacuation Pause)
[2024-09-09T06:53:03.164+0800][info] GC(94) Using 3 workers of 48 for evacuation
[2024-09-09T06:53:03.165+0800][info] GC(94)   Pre Evacuate Collection Set: 0.1ms
[2024-09-09T06:53:03.165+0800][info] GC(94)   Merge Heap Roots: 0.0ms
[2024-09-09T06:53:03.165+0800][info] GC(94)   Evacuate Collection Set: 1.0ms
[2024-09-09T06:53:03.165+0800][info] GC(94)   Post Evacuate Collection Set: 0.2ms
[2024-09-09T06:53:03.165+0800][info] GC(94)   Other: 0.2ms
[2024-09-09T06:53:03.166+0800][info] GC(94) Eden regions: 1->0(1)
[2024-09-09T06:53:03.166+0800][info] GC(94) Survivor regions: 1->1(1)
[2024-09-09T06:53:03.166+0800][info] GC(94) Old regions: 4->5
[2024-09-09T06:53:03.166+0800][info] GC(94) Archive regions: 2->2
[2024-09-09T06:53:03.166+0800][info] GC(94) Humongous regions: 0->0
[2024-09-09T06:53:03.166+0800][info] GC(94) Metaspace: 902K(1088K)->902K(1088K) NonClass: 848K(960K)->848K(960K) Class: 53K(128K)->53K(128K)
[2024-09-09T06:53:03.166+0800][info] GC(94) Pause Young (Normal) (G1 Evacuation Pause) 24M->24M(128M) 1.596ms
[2024-09-09T06:53:03.166+0800][info] GC(94) User=0.00s Sys=0.00s Real=0.01s
[2024-09-09T06:53:03.663+0800][info] GC(95) Pause Young (Concurrent Start) (G1 Evacuation Pause)
[2024-09-09T06:53:03.663+0800][info] GC(95) Using 3 workers of 48 for evacuation
[2024-09-09T06:53:03.664+0800][info] GC(95)   Pre Evacuate Collection Set: 0.1ms
[2024-09-09T06:53:03.664+0800][info] GC(95)   Merge Heap Roots: 0.0ms
[2024-09-09T06:53:03.664+0800][info] GC(95)   Evacuate Collection Set: 1.1ms
[2024-09-09T06:53:03.664+0800][info] GC(95)   Post Evacuate Collection Set: 0.2ms
[2024-09-09T06:53:03.664+0800][info] GC(95)   Other: 0.3ms
[2024-09-09T06:53:03.664+0800][info] GC(95) Eden regions: 1->0(1)
[2024-09-09T06:53:03.664+0800][info] GC(95) Survivor regions: 1->1(1)
[2024-09-09T06:53:03.664+0800][info] GC(95) Old regions: 5->6
[2024-09-09T06:53:03.664+0800][info] GC(95) Archive regions: 2->2
[2024-09-09T06:53:03.664+0800][info] GC(95) Humongous regions: 0->0
[2024-09-09T06:53:03.664+0800][info] GC(95) Metaspace: 902K(1088K)->902K(1088K) NonClass: 848K(960K)->848K(960K) Class: 53K(128K)->53K(128K)
[2024-09-09T06:53:03.665+0800][info] GC(95) Pause Young (Concurrent Start) (G1 Evacuation Pause) 28M->28M(128M) 1.788ms
[2024-09-09T06:53:03.665+0800][info] GC(95) User=0.01s Sys=0.00s Real=0.00s
[2024-09-09T06:53:03.665+0800][info] GC(96) Concurrent Mark Cycle
[2024-09-09T06:53:03.665+0800][info] GC(96) Concurrent Clear Claimed Marks
[2024-09-09T06:53:03.665+0800][info] GC(96) Concurrent Clear Claimed Marks 0.009ms
[2024-09-09T06:53:03.665+0800][info] GC(96) Concurrent Scan Root Regions
[2024-09-09T06:53:03.665+0800][info] GC(96) Concurrent Scan Root Regions 0.172ms
[2024-09-09T06:53:03.665+0800][info] GC(96) Concurrent Mark
[2024-09-09T06:53:03.665+0800][info] GC(96) Concurrent Mark From Roots
[2024-09-09T06:53:03.665+0800][info] GC(96) Using 12 workers of 12 for marking
[2024-09-09T06:53:03.667+0800][info] GC(96) Concurrent Mark From Roots 2.667ms
[2024-09-09T06:53:03.667+0800][info] GC(96) Concurrent Preclean
[2024-09-09T06:53:03.668+0800][info] GC(96) Concurrent Preclean 0.674ms
[2024-09-09T06:53:03.668+0800][info] GC(96) Pause Remark
[2024-09-09T06:53:03.670+0800][info] GC(96) Pause Remark 28M->28M(128M) 1.355ms
[2024-09-09T06:53:03.670+0800][info] GC(96) User=0.00s Sys=0.00s Real=0.00s
[2024-09-09T06:53:03.670+0800][info] GC(96) Concurrent Mark 4.809ms
[2024-09-09T06:53:03.670+0800][info] GC(96) Concurrent Rebuild Remembered Sets
[2024-09-09T06:53:03.672+0800][info] GC(96) Concurrent Rebuild Remembered Sets 1.992ms
[2024-09-09T06:53:03.672+0800][info] GC(96) Pause Cleanup
[2024-09-09T06:53:03.672+0800][info] GC(96) Pause Cleanup 28M->28M(128M) 0.223ms
[2024-09-09T06:53:03.672+0800][info] GC(96) User=0.00s Sys=0.00s Real=0.00s
[2024-09-09T06:53:03.672+0800][info] GC(96) Concurrent Cleanup for Next Mark
[2024-09-09T06:53:03.672+0800][info] GC(96) Concurrent Cleanup for Next Mark 0.271ms
[2024-09-09T06:53:03.672+0800][info] GC(96) Concurrent Mark Cycle 7.648ms
[2024-09-09T06:53:04.308+0800][info] GC(97) Pause Young (Prepare Mixed) (G1 Evacuation Pause)
[2024-09-09T06:53:04.308+0800][info] GC(97) Using 3 workers of 48 for evacuation
[2024-09-09T06:53:04.309+0800][info] GC(97)   Pre Evacuate Collection Set: 0.0ms
[2024-09-09T06:53:04.309+0800][info] GC(97)   Merge Heap Roots: 0.0ms
[2024-09-09T06:53:04.309+0800][info] GC(97)   Evacuate Collection Set: 1.0ms
[2024-09-09T06:53:04.309+0800][info] GC(97)   Post Evacuate Collection Set: 0.2ms
[2024-09-09T06:53:04.310+0800][info] GC(97)   Other: 0.2ms
[2024-09-09T06:53:04.310+0800][info] GC(97) Eden regions: 1->0(1)
[2024-09-09T06:53:04.310+0800][info] GC(97) Survivor regions: 1->1(1)
[2024-09-09T06:53:04.310+0800][info] GC(97) Old regions: 6->7
[2024-09-09T06:53:04.310+0800][info] GC(97) Archive regions: 2->2
[2024-09-09T06:53:04.310+0800][info] GC(97) Humongous regions: 0->0
[2024-09-09T06:53:04.310+0800][info] GC(97) Metaspace: 902K(1088K)->902K(1088K) NonClass: 848K(960K)->848K(960K) Class: 53K(128K)->53K(128K)
[2024-09-09T06:53:04.310+0800][info] GC(97) Pause Young (Prepare Mixed) (G1 Evacuation Pause) 32M->32M(128M) 1.612ms
[2024-09-09T06:53:04.310+0800][info] GC(97) User=0.00s Sys=0.00s Real=0.00s
[2024-09-09T06:53:04.807+0800][info] GC(98) Pause Young (Mixed) (G1 Evacuation Pause)
[2024-09-09T06:53:04.808+0800][info] GC(98) Using 3 workers of 48 for evacuation
[2024-09-09T06:53:04.809+0800][info] GC(98)   Pre Evacuate Collection Set: 0.0ms
[2024-09-09T06:53:04.809+0800][info] GC(98)   Merge Heap Roots: 0.0ms
[2024-09-09T06:53:04.809+0800][info] GC(98)   Evacuate Collection Set: 1.5ms
[2024-09-09T06:53:04.809+0800][info] GC(98)   Post Evacuate Collection Set: 0.1ms
[2024-09-09T06:53:04.809+0800][info] GC(98)   Other: 0.2ms
[2024-09-09T06:53:04.809+0800][info] GC(98) Eden regions: 1->0(1)
[2024-09-09T06:53:04.809+0800][info] GC(98) Survivor regions: 1->1(1)
[2024-09-09T06:53:04.809+0800][info] GC(98) Old regions: 7->7
[2024-09-09T06:53:04.809+0800][info] GC(98) Archive regions: 2->2
[2024-09-09T06:53:04.809+0800][info] GC(98) Humongous regions: 0->0
[2024-09-09T06:53:04.809+0800][info] GC(98) Metaspace: 902K(1088K)->902K(1088K) NonClass: 848K(960K)->848K(960K) Class: 53K(128K)->53K(128K)
[2024-09-09T06:53:04.809+0800][info] GC(98) Pause Young (Mixed) (G1 Evacuation Pause) 36M->33M(128M) 1.911ms
[2024-09-09T06:53:04.809+0800][info] GC(98) User=0.00s Sys=0.00s Real=0.00s
[2024-09-09T06:53:05.308+0800][info] GC(99) Pause Young (Mixed) (G1 Evacuation Pause)
[2024-09-09T06:53:05.308+0800][info] GC(99) Using 3 workers of 48 for evacuation
[2024-09-09T06:53:05.310+0800][info] GC(99)   Pre Evacuate Collection Set: 0.0ms
[2024-09-09T06:53:05.310+0800][info] GC(99)   Merge Heap Roots: 0.0ms
[2024-09-09T06:53:05.310+0800][info] GC(99)   Evacuate Collection Set: 1.1ms
[2024-09-09T06:53:05.310+0800][info] GC(99)   Post Evacuate Collection Set: 0.1ms
[2024-09-09T06:53:05.310+0800][info] GC(99)   Other: 0.2ms
[2024-09-09T06:53:05.310+0800][info] GC(99) Eden regions: 1->0(1)
[2024-09-09T06:53:05.310+0800][info] GC(99) Survivor regions: 1->1(1)
[2024-09-09T06:53:05.310+0800][info] GC(99) Old regions: 7->7
[2024-09-09T06:53:05.310+0800][info] GC(99) Archive regions: 2->2
[2024-09-09T06:53:05.310+0800][info] GC(99) Humongous regions: 0->0
[2024-09-09T06:53:05.310+0800][info] GC(99) Metaspace: 902K(1088K)->902K(1088K) NonClass: 848K(960K)->848K(960K) Class: 53K(128K)->53K(128K)
[2024-09-09T06:53:05.310+0800][info] GC(99) Pause Young (Mixed) (G1 Evacuation Pause) 37M->35M(128M) 1.682ms
[2024-09-09T06:53:05.310+0800][info] GC(99) User=0.00s Sys=0.00s Real=0.00s
[2024-09-09T06:53:05.804+0800][info] GC(100) Pause Young (Concurrent Start) (G1 Evacuation Pause)
[2024-09-09T06:53:05.804+0800][info] GC(100) Using 3 workers of 48 for evacuation
[2024-09-09T06:53:05.806+0800][info] GC(100)   Pre Evacuate Collection Set: 0.1ms
[2024-09-09T06:53:05.806+0800][info] GC(100)   Merge Heap Roots: 0.0ms
[2024-09-09T06:53:05.806+0800][info] GC(100)   Evacuate Collection Set: 1.1ms
[2024-09-09T06:53:05.806+0800][info] GC(100)   Post Evacuate Collection Set: 0.2ms
[2024-09-09T06:53:05.806+0800][info] GC(100)   Other: 0.3ms
[2024-09-09T06:53:05.806+0800][info] GC(100) Eden regions: 1->0(1)
[2024-09-09T06:53:05.806+0800][info] GC(100) Survivor regions: 1->1(1)
[2024-09-09T06:53:05.806+0800][info] GC(100) Old regions: 7->8
[2024-09-09T06:53:05.806+0800][info] GC(100) Archive regions: 2->2
[2024-09-09T06:53:05.806+0800][info] GC(100) Humongous regions: 0->0
[2024-09-09T06:53:05.806+0800][info] GC(100) Metaspace: 902K(1088K)->902K(1088K) NonClass: 848K(960K)->848K(960K) Class: 53K(128K)->53K(128K)
[2024-09-09T06:53:05.806+0800][info] GC(100) Pause Young (Concurrent Start) (G1 Evacuation Pause) 39M->39M(128M) 1.888ms
[2024-09-09T06:53:05.806+0800][info] GC(100) User=0.00s Sys=0.00s Real=0.01s
[2024-09-09T06:53:05.806+0800][info] GC(101) Concurrent Mark Cycle
[2024-09-09T06:53:05.806+0800][info] GC(101) Concurrent Clear Claimed Marks
[2024-09-09T06:53:05.806+0800][info] GC(101) Concurrent Clear Claimed Marks 0.009ms
[2024-09-09T06:53:05.806+0800][info] GC(101) Concurrent Scan Root Regions
[2024-09-09T06:53:05.807+0800][info] GC(101) Concurrent Scan Root Regions 0.146ms
[2024-09-09T06:53:05.807+0800][info] GC(101) Concurrent Mark
[2024-09-09T06:53:05.807+0800][info] GC(101) Concurrent Mark From Roots
[2024-09-09T06:53:05.807+0800][info] GC(101) Using 12 workers of 12 for marking
[2024-09-09T06:53:05.809+0800][info] GC(101) Concurrent Mark From Roots 2.851ms
[2024-09-09T06:53:05.809+0800][info] GC(101) Concurrent Preclean
[2024-09-09T06:53:05.810+0800][info] GC(101) Concurrent Preclean 0.665ms
[2024-09-09T06:53:05.810+0800][info] GC(101) Pause Remark
[2024-09-09T06:53:05.811+0800][info] GC(101) Pause Remark 39M->35M(128M) 1.348ms
[2024-09-09T06:53:05.811+0800][info] GC(101) User=0.01s Sys=0.00s Real=0.00s
[2024-09-09T06:53:05.812+0800][info] GC(101) Concurrent Mark 4.998ms
[2024-09-09T06:53:05.812+0800][info] GC(101) Concurrent Rebuild Remembered Sets
[2024-09-09T06:53:05.814+0800][info] GC(101) Concurrent Rebuild Remembered Sets 2.516ms
[2024-09-09T06:53:05.814+0800][info] GC(101) Pause Cleanup
[2024-09-09T06:53:05.814+0800][info] GC(101) Pause Cleanup 35M->35M(128M) 0.243ms
[2024-09-09T06:53:05.814+0800][info] GC(101) User=0.00s Sys=0.00s Real=0.00s
[2024-09-09T06:53:05.814+0800][info] GC(101) Concurrent Cleanup for Next Mark
[2024-09-09T06:53:05.815+0800][info] GC(101) Concurrent Cleanup for Next Mark 0.369ms
[2024-09-09T06:53:05.815+0800][info] GC(101) Concurrent Mark Cycle 8.456ms
[2024-09-09T06:53:06.449+0800][info] GC(102) Pause Young (Prepare Mixed) (G1 Evacuation Pause)
[2024-09-09T06:53:06.449+0800][info] GC(102) Using 3 workers of 48 for evacuation
[2024-09-09T06:53:06.450+0800][info] GC(102)   Pre Evacuate Collection Set: 0.1ms
[2024-09-09T06:53:06.450+0800][info] GC(102)   Merge Heap Roots: 0.0ms
[2024-09-09T06:53:06.450+0800][info] GC(102)   Evacuate Collection Set: 1.0ms
[2024-09-09T06:53:06.450+0800][info] GC(102)   Post Evacuate Collection Set: 0.2ms
[2024-09-09T06:53:06.450+0800][info] GC(102)   Other: 0.2ms
[2024-09-09T06:53:06.450+0800][info] GC(102) Eden regions: 1->0(1)
[2024-09-09T06:53:06.450+0800][info] GC(102) Survivor regions: 1->1(1)
[2024-09-09T06:53:06.450+0800][info] GC(102) Old regions: 7->8
[2024-09-09T06:53:06.450+0800][info] GC(102) Archive regions: 2->2
[2024-09-09T06:53:06.450+0800][info] GC(102) Humongous regions: 0->0
[2024-09-09T06:53:06.450+0800][info] GC(102) Metaspace: 902K(1088K)->902K(1088K) NonClass: 848K(960K)->848K(960K) Class: 53K(128K)->53K(128K)
[2024-09-09T06:53:06.450+0800][info] GC(102) Pause Young (Prepare Mixed) (G1 Evacuation Pause) 39M->39M(128M) 1.671ms
[2024-09-09T06:53:06.450+0800][info] GC(102) User=0.01s Sys=0.00s Real=0.00s
[2024-09-09T06:53:06.948+0800][info] GC(103) Pause Young (Mixed) (G1 Evacuation Pause)
[2024-09-09T06:53:06.948+0800][info] GC(103) Using 3 workers of 48 for evacuation
[2024-09-09T06:53:06.949+0800][info] GC(103)   Pre Evacuate Collection Set: 0.0ms
[2024-09-09T06:53:06.949+0800][info] GC(103)   Merge Heap Roots: 0.0ms
[2024-09-09T06:53:06.949+0800][info] GC(103)   Evacuate Collection Set: 0.9ms
[2024-09-09T06:53:06.949+0800][info] GC(103)   Post Evacuate Collection Set: 0.1ms
[2024-09-09T06:53:06.949+0800][info] GC(103)   Other: 0.1ms
[2024-09-09T06:53:06.949+0800][info] GC(103) Eden regions: 1->0(1)
[2024-09-09T06:53:06.949+0800][info] GC(103) Survivor regions: 1->1(1)
[2024-09-09T06:53:06.949+0800][info] GC(103) Old regions: 8->8
[2024-09-09T06:53:06.949+0800][info] GC(103) Archive regions: 2->2
[2024-09-09T06:53:06.950+0800][info] GC(103) Humongous regions: 0->0
[2024-09-09T06:53:06.950+0800][info] GC(103) Metaspace: 902K(1088K)->902K(1088K) NonClass: 848K(960K)->848K(960K) Class: 53K(128K)->53K(128K)
[2024-09-09T06:53:06.950+0800][info] GC(103) Pause Young (Mixed) (G1 Evacuation Pause) 43M->39M(128M) 1.207ms
[2024-09-09T06:53:06.950+0800][info] GC(103) User=0.00s Sys=0.00s Real=0.00s
[2024-09-09T06:53:07.447+0800][info] GC(104) Pause Young (Mixed) (G1 Evacuation Pause)
[2024-09-09T06:53:07.447+0800][info] GC(104) Using 3 workers of 48 for evacuation
[2024-09-09T06:53:07.448+0800][info] GC(104)   Pre Evacuate Collection Set: 0.0ms
[2024-09-09T06:53:07.448+0800][info] GC(104)   Merge Heap Roots: 0.0ms
[2024-09-09T06:53:07.448+0800][info] GC(104)   Evacuate Collection Set: 0.8ms
[2024-09-09T06:53:07.448+0800][info] GC(104)   Post Evacuate Collection Set: 0.1ms
[2024-09-09T06:53:07.449+0800][info] GC(104)   Other: 0.2ms
[2024-09-09T06:53:07.449+0800][info] GC(104) Eden regions: 1->0(1)
[2024-09-09T06:53:07.449+0800][info] GC(104) Survivor regions: 1->1(1)
[2024-09-09T06:53:07.449+0800][info] GC(104) Old regions: 8->8
[2024-09-09T06:53:07.449+0800][info] GC(104) Archive regions: 2->2
[2024-09-09T06:53:07.449+0800][info] GC(104) Humongous regions: 0->0
[2024-09-09T06:53:07.449+0800][info] GC(104) Metaspace: 902K(1088K)->902K(1088K) NonClass: 848K(960K)->848K(960K) Class: 53K(128K)->53K(128K)
[2024-09-09T06:53:07.449+0800][info] GC(104) Pause Young (Mixed) (G1 Evacuation Pause) 43M->39M(128M) 1.347ms
[2024-09-09T06:53:07.449+0800][info] GC(104) User=0.00s Sys=0.00s Real=0.00s
[2024-09-09T06:53:07.945+0800][info] GC(105) Pause Young (Mixed) (G1 Evacuation Pause)
[2024-09-09T06:53:07.945+0800][info] GC(105) Using 3 workers of 48 for evacuation
[2024-09-09T06:53:07.946+0800][info] GC(105)   Pre Evacuate Collection Set: 0.0ms
[2024-09-09T06:53:07.946+0800][info] GC(105)   Merge Heap Roots: 0.0ms
[2024-09-09T06:53:07.946+0800][info] GC(105)   Evacuate Collection Set: 1.1ms
[2024-09-09T06:53:07.946+0800][info] GC(105)   Post Evacuate Collection Set: 0.1ms
[2024-09-09T06:53:07.946+0800][info] GC(105)   Other: 0.2ms
[2024-09-09T06:53:07.946+0800][info] GC(105) Eden regions: 1->0(1)
[2024-09-09T06:53:07.946+0800][info] GC(105) Survivor regions: 1->1(1)
[2024-09-09T06:53:07.946+0800][info] GC(105) Old regions: 8->9
[2024-09-09T06:53:07.946+0800][info] GC(105) Archive regions: 2->2
[2024-09-09T06:53:07.946+0800][info] GC(105) Humongous regions: 0->0
[2024-09-09T06:53:07.946+0800][info] GC(105) Metaspace: 902K(1088K)->902K(1088K) NonClass: 848K(960K)->848K(960K) Class: 53K(128K)->53K(128K)
[2024-09-09T06:53:07.946+0800][info] GC(105) Pause Young (Mixed) (G1 Evacuation Pause) 43M->42M(128M) 1.616ms
[2024-09-09T06:53:07.946+0800][info] GC(105) User=0.01s Sys=0.00s Real=0.00s
[2024-09-09T06:53:08.448+0800][info] GC(106) Pause Young (Mixed) (G1 Evacuation Pause)
[2024-09-09T06:53:08.448+0800][info] GC(106) Using 3 workers of 48 for evacuation
[2024-09-09T06:53:08.450+0800][info] GC(106)   Pre Evacuate Collection Set: 0.0ms
[2024-09-09T06:53:08.450+0800][info] GC(106)   Merge Heap Roots: 0.0ms
[2024-09-09T06:53:08.450+0800][info] GC(106)   Evacuate Collection Set: 1.7ms
[2024-09-09T06:53:08.450+0800][info] GC(106)   Post Evacuate Collection Set: 0.2ms
[2024-09-09T06:53:08.450+0800][info] GC(106)   Other: 0.2ms
[2024-09-09T06:53:08.450+0800][info] GC(106) Eden regions: 1->0(1)
[2024-09-09T06:53:08.450+0800][info] GC(106) Survivor regions: 1->1(1)
[2024-09-09T06:53:08.450+0800][info] GC(106) Old regions: 9->10
[2024-09-09T06:53:08.450+0800][info] GC(106) Archive regions: 2->2
[2024-09-09T06:53:08.450+0800][info] GC(106) Humongous regions: 0->0
[2024-09-09T06:53:08.450+0800][info] GC(106) Metaspace: 902K(1088K)->902K(1088K) NonClass: 848K(960K)->848K(960K) Class: 53K(128K)->53K(128K)
[2024-09-09T06:53:08.450+0800][info] GC(106) Pause Young (Mixed) (G1 Evacuation Pause) 46M->44M(128M) 2.317ms
[2024-09-09T06:53:08.450+0800][info] GC(106) User=0.01s Sys=0.00s Real=0.00s
[2024-09-09T06:53:08.946+0800][info] GC(107) Pause Young (Concurrent Start) (G1 Evacuation Pause)
[2024-09-09T06:53:08.946+0800][info] GC(107) Using 3 workers of 48 for evacuation
[2024-09-09T06:53:08.947+0800][info] GC(107)   Pre Evacuate Collection Set: 0.1ms
[2024-09-09T06:53:08.947+0800][info] GC(107)   Merge Heap Roots: 0.0ms
[2024-09-09T06:53:08.947+0800][info] GC(107)   Evacuate Collection Set: 0.9ms
[2024-09-09T06:53:08.947+0800][info] GC(107)   Post Evacuate Collection Set: 0.1ms
[2024-09-09T06:53:08.947+0800][info] GC(107)   Other: 0.3ms
[2024-09-09T06:53:08.947+0800][info] GC(107) Eden regions: 1->0(1)
[2024-09-09T06:53:08.947+0800][info] GC(107) Survivor regions: 1->1(1)
[2024-09-09T06:53:08.947+0800][info] GC(107) Old regions: 10->11
[2024-09-09T06:53:08.947+0800][info] GC(107) Archive regions: 2->2
[2024-09-09T06:53:08.947+0800][info] GC(107) Humongous regions: 0->0
[2024-09-09T06:53:08.947+0800][info] GC(107) Metaspace: 902K(1088K)->902K(1088K) NonClass: 848K(960K)->848K(960K) Class: 53K(128K)->53K(128K)
[2024-09-09T06:53:08.948+0800][info] GC(107) Pause Young (Concurrent Start) (G1 Evacuation Pause) 48M->48M(128M) 1.609ms
[2024-09-09T06:53:08.948+0800][info] GC(107) User=0.01s Sys=0.00s Real=0.00s
[2024-09-09T06:53:08.948+0800][info] GC(108) Concurrent Mark Cycle
[2024-09-09T06:53:08.948+0800][info] GC(108) Concurrent Clear Claimed Marks
[2024-09-09T06:53:08.948+0800][info] GC(108) Concurrent Clear Claimed Marks 0.008ms
[2024-09-09T06:53:08.948+0800][info] GC(108) Concurrent Scan Root Regions
[2024-09-09T06:53:08.948+0800][info] GC(108) Concurrent Scan Root Regions 0.107ms
[2024-09-09T06:53:08.948+0800][info] GC(108) Concurrent Mark
[2024-09-09T06:53:08.948+0800][info] GC(108) Concurrent Mark From Roots
[2024-09-09T06:53:08.948+0800][info] GC(108) Using 12 workers of 12 for marking
[2024-09-09T06:53:08.951+0800][info] GC(108) Concurrent Mark From Roots 3.245ms
[2024-09-09T06:53:08.951+0800][info] GC(108) Concurrent Preclean
[2024-09-09T06:53:08.952+0800][info] GC(108) Concurrent Preclean 0.656ms
[2024-09-09T06:53:08.952+0800][info] GC(108) Pause Remark
[2024-09-09T06:53:08.953+0800][info] GC(108) Pause Remark 49M->45M(128M) 1.154ms
[2024-09-09T06:53:08.953+0800][info] GC(108) User=0.00s Sys=0.00s Real=0.00s
[2024-09-09T06:53:08.953+0800][info] GC(108) Concurrent Mark 5.228ms
[2024-09-09T06:53:08.953+0800][info] GC(108) Concurrent Rebuild Remembered Sets
[2024-09-09T06:53:08.958+0800][info] GC(108) Concurrent Rebuild Remembered Sets 4.908ms
[2024-09-09T06:53:08.958+0800][info] GC(108) Pause Cleanup
[2024-09-09T06:53:08.958+0800][info] GC(108) Pause Cleanup 45M->45M(128M) 0.273ms
[2024-09-09T06:53:08.958+0800][info] GC(108) User=0.00s Sys=0.00s Real=0.00s
[2024-09-09T06:53:08.958+0800][info] GC(108) Concurrent Cleanup for Next Mark
[2024-09-09T06:53:08.959+0800][info] GC(108) Concurrent Cleanup for Next Mark 0.312ms
[2024-09-09T06:53:08.959+0800][info] GC(108) Concurrent Mark Cycle 11.065ms
[2024-09-09T06:53:09.591+0800][info] GC(109) Pause Young (Prepare Mixed) (G1 Evacuation Pause)
[2024-09-09T06:53:09.591+0800][info] GC(109) Using 3 workers of 48 for evacuation
[2024-09-09T06:53:09.592+0800][info] GC(109)   Pre Evacuate Collection Set: 0.0ms
[2024-09-09T06:53:09.592+0800][info] GC(109)   Merge Heap Roots: 0.0ms
[2024-09-09T06:53:09.592+0800][info] GC(109)   Evacuate Collection Set: 0.9ms
[2024-09-09T06:53:09.592+0800][info] GC(109)   Post Evacuate Collection Set: 0.1ms
[2024-09-09T06:53:09.592+0800][info] GC(109)   Other: 0.2ms
[2024-09-09T06:53:09.592+0800][info] GC(109) Eden regions: 1->0(1)
[2024-09-09T06:53:09.592+0800][info] GC(109) Survivor regions: 1->1(1)
[2024-09-09T06:53:09.592+0800][info] GC(109) Old regions: 10->11
[2024-09-09T06:53:09.592+0800][info] GC(109) Archive regions: 2->2
[2024-09-09T06:53:09.592+0800][info] GC(109) Humongous regions: 0->0
[2024-09-09T06:53:09.592+0800][info] GC(109) Metaspace: 902K(1088K)->902K(1088K) NonClass: 848K(960K)->848K(960K) Class: 53K(128K)->53K(128K)
[2024-09-09T06:53:09.593+0800][info] GC(109) Pause Young (Prepare Mixed) (G1 Evacuation Pause) 48M->48M(128M) 1.528ms
[2024-09-09T06:53:09.593+0800][info] GC(109) User=0.01s Sys=0.00s Real=0.00s
[2024-09-09T06:53:10.086+0800][info] GC(110) Pause Young (Mixed) (G1 Evacuation Pause)
[2024-09-09T06:53:10.086+0800][info] GC(110) Using 3 workers of 48 for evacuation
[2024-09-09T06:53:10.088+0800][info] GC(110)   Pre Evacuate Collection Set: 0.1ms
[2024-09-09T06:53:10.088+0800][info] GC(110)   Merge Heap Roots: 0.0ms
[2024-09-09T06:53:10.088+0800][info] GC(110)   Evacuate Collection Set: 1.6ms
[2024-09-09T06:53:10.088+0800][info] GC(110)   Post Evacuate Collection Set: 0.2ms
[2024-09-09T06:53:10.088+0800][info] GC(110)   Other: 0.2ms
[2024-09-09T06:53:10.088+0800][info] GC(110) Eden regions: 1->0(1)
[2024-09-09T06:53:10.088+0800][info] GC(110) Survivor regions: 1->1(1)
[2024-09-09T06:53:10.088+0800][info] GC(110) Old regions: 11->8
[2024-09-09T06:53:10.088+0800][info] GC(110) Archive regions: 2->2
[2024-09-09T06:53:10.088+0800][info] GC(110) Humongous regions: 0->0
[2024-09-09T06:53:10.088+0800][info] GC(110) Metaspace: 902K(1088K)->902K(1088K) NonClass: 848K(960K)->848K(960K) Class: 53K(128K)->53K(128K)
[2024-09-09T06:53:10.088+0800][info] GC(110) Pause Young (Mixed) (G1 Evacuation Pause) 52M->37M(128M) 2.214ms
[2024-09-09T06:53:10.088+0800][info] GC(110) User=0.01s Sys=0.00s Real=0.00s
[2024-09-09T06:53:10.585+0800][info] GC(111) Pause Young (Mixed) (G1 Evacuation Pause)
[2024-09-09T06:53:10.585+0800][info] GC(111) Using 3 workers of 48 for evacuation
[2024-09-09T06:53:10.587+0800][info] GC(111)   Pre Evacuate Collection Set: 0.0ms
[2024-09-09T06:53:10.587+0800][info] GC(111)   Merge Heap Roots: 0.0ms
[2024-09-09T06:53:10.587+0800][info] GC(111)   Evacuate Collection Set: 1.5ms
[2024-09-09T06:53:10.587+0800][info] GC(111)   Merge Optional Heap Roots: 0.0ms
[2024-09-09T06:53:10.587+0800][info] GC(111)   Evacuate Optional Collection Set: 0.4ms
[2024-09-09T06:53:10.587+0800][info] GC(111)   Post Evacuate Collection Set: 0.2ms
[2024-09-09T06:53:10.587+0800][info] GC(111)   Other: 0.2ms
[2024-09-09T06:53:10.587+0800][info] GC(111) Eden regions: 1->0(1)
[2024-09-09T06:53:10.587+0800][info] GC(111) Survivor regions: 1->1(1)
[2024-09-09T06:53:10.587+0800][info] GC(111) Old regions: 8->8
[2024-09-09T06:53:10.587+0800][info] GC(111) Archive regions: 2->2
[2024-09-09T06:53:10.587+0800][info] GC(111) Humongous regions: 0->0
[2024-09-09T06:53:10.587+0800][info] GC(111) Metaspace: 902K(1088K)->902K(1088K) NonClass: 848K(960K)->848K(960K) Class: 53K(128K)->53K(128K)
[2024-09-09T06:53:10.587+0800][info] GC(111) Pause Young (Mixed) (G1 Evacuation Pause) 41M->37M(128M) 2.531ms
[2024-09-09T06:53:10.587+0800][info] GC(111) User=0.00s Sys=0.01s Real=0.00s
[2024-09-09T06:53:11.082+0800][info] GC(112) Pause Young (Mixed) (G1 Evacuation Pause)
[2024-09-09T06:53:11.082+0800][info] GC(112) Using 3 workers of 48 for evacuation
[2024-09-09T06:53:11.084+0800][info] GC(112)   Pre Evacuate Collection Set: 0.0ms
[2024-09-09T06:53:11.084+0800][info] GC(112)   Merge Heap Roots: 0.0ms
[2024-09-09T06:53:11.084+0800][info] GC(112)   Evacuate Collection Set: 1.6ms
[2024-09-09T06:53:11.084+0800][info] GC(112)   Post Evacuate Collection Set: 0.1ms
[2024-09-09T06:53:11.084+0800][info] GC(112)   Other: 0.1ms
[2024-09-09T06:53:11.084+0800][info] GC(112) Eden regions: 1->0(4)
[2024-09-09T06:53:11.084+0800][info] GC(112) Survivor regions: 1->1(1)
[2024-09-09T06:53:11.084+0800][info] GC(112) Old regions: 8->9
[2024-09-09T06:53:11.084+0800][info] GC(112) Archive regions: 2->2
[2024-09-09T06:53:11.084+0800][info] GC(112) Humongous regions: 0->0
[2024-09-09T06:53:11.084+0800][info] GC(112) Metaspace: 902K(1088K)->902K(1088K) NonClass: 848K(960K)->848K(960K) Class: 53K(128K)->53K(128K)
[2024-09-09T06:53:11.084+0800][info] GC(112) Pause Young (Mixed) (G1 Evacuation Pause) 41M->40M(128M) 2.009ms
[2024-09-09T06:53:11.084+0800][info] GC(112) User=0.01s Sys=0.00s Real=0.00s
[2024-09-09T06:53:13.077+0800][info] GC(113) Pause Young (Concurrent Start) (G1 Evacuation Pause)
[2024-09-09T06:53:13.077+0800][info] GC(113) Using 3 workers of 48 for evacuation
[2024-09-09T06:53:13.080+0800][info] GC(113)   Pre Evacuate Collection Set: 0.1ms
[2024-09-09T06:53:13.080+0800][info] GC(113)   Merge Heap Roots: 0.0ms
[2024-09-09T06:53:13.080+0800][info] GC(113)   Evacuate Collection Set: 2.0ms
[2024-09-09T06:53:13.080+0800][info] GC(113)   Post Evacuate Collection Set: 0.2ms
[2024-09-09T06:53:13.080+0800][info] GC(113)   Other: 0.3ms
[2024-09-09T06:53:13.080+0800][info] GC(113) Eden regions: 4->0(4)
[2024-09-09T06:53:13.080+0800][info] GC(113) Survivor regions: 1->1(1)
[2024-09-09T06:53:13.080+0800][info] GC(113) Old regions: 9->13
[2024-09-09T06:53:13.080+0800][info] GC(113) Archive regions: 2->2
[2024-09-09T06:53:13.080+0800][info] GC(113) Humongous regions: 0->0
[2024-09-09T06:53:13.080+0800][info] GC(113) Metaspace: 902K(1088K)->902K(1088K) NonClass: 848K(960K)->848K(960K) Class: 53K(128K)->53K(128K)
[2024-09-09T06:53:13.080+0800][info] GC(113) Pause Young (Concurrent Start) (G1 Evacuation Pause) 56M->56M(128M) 2.796ms
[2024-09-09T06:53:13.080+0800][info] GC(113) User=0.01s Sys=0.00s Real=0.00s
[2024-09-09T06:53:13.080+0800][info] GC(114) Concurrent Mark Cycle
[2024-09-09T06:53:13.080+0800][info] GC(114) Concurrent Clear Claimed Marks
[2024-09-09T06:53:13.080+0800][info] GC(114) Concurrent Clear Claimed Marks 0.010ms
[2024-09-09T06:53:13.080+0800][info] GC(114) Concurrent Scan Root Regions
[2024-09-09T06:53:13.080+0800][info] GC(114) Concurrent Scan Root Regions 0.069ms
[2024-09-09T06:53:13.080+0800][info] GC(114) Concurrent Mark
[2024-09-09T06:53:13.080+0800][info] GC(114) Concurrent Mark From Roots
[2024-09-09T06:53:13.080+0800][info] GC(114) Using 12 workers of 12 for marking
[2024-09-09T06:53:13.084+0800][info] GC(114) Concurrent Mark From Roots 3.398ms
[2024-09-09T06:53:13.084+0800][info] GC(114) Concurrent Preclean
[2024-09-09T06:53:13.084+0800][info] GC(114) Concurrent Preclean 0.660ms
[2024-09-09T06:53:13.084+0800][info] GC(114) Pause Remark
[2024-09-09T06:53:13.085+0800][info] GC(114) Pause Remark 56M->44M(128M) 1.086ms
[2024-09-09T06:53:13.085+0800][info] GC(114) User=0.01s Sys=0.00s Real=0.01s
[2024-09-09T06:53:13.085+0800][info] GC(114) Concurrent Mark 5.263ms
[2024-09-09T06:53:13.085+0800][info] GC(114) Concurrent Rebuild Remembered Sets
[2024-09-09T06:53:13.089+0800][info] GC(114) Concurrent Rebuild Remembered Sets 3.389ms
[2024-09-09T06:53:13.089+0800][info] GC(114) Pause Cleanup
[2024-09-09T06:53:13.089+0800][info] GC(114) Pause Cleanup 44M->44M(128M) 0.282ms
[2024-09-09T06:53:13.089+0800][info] GC(114) User=0.00s Sys=0.00s Real=0.00s
[2024-09-09T06:53:13.089+0800][info] GC(114) Concurrent Cleanup for Next Mark
[2024-09-09T06:53:13.090+0800][info] GC(114) Concurrent Cleanup for Next Mark 0.617ms
[2024-09-09T06:53:13.090+0800][info] GC(114) Concurrent Mark Cycle 9.800ms
[2024-09-09T06:53:14.075+0800][info] GC(115) Pause Young (Prepare Mixed) (G1 Humongous Allocation)
[2024-09-09T06:53:14.075+0800][info] GC(115) Using 3 workers of 48 for evacuation
[2024-09-09T06:53:14.077+0800][info] GC(115)   Pre Evacuate Collection Set: 0.0ms
[2024-09-09T06:53:14.077+0800][info] GC(115)   Merge Heap Roots: 0.0ms
[2024-09-09T06:53:14.077+0800][info] GC(115)   Evacuate Collection Set: 1.1ms
[2024-09-09T06:53:14.077+0800][info] GC(115)   Post Evacuate Collection Set: 0.1ms
[2024-09-09T06:53:14.077+0800][info] GC(115)   Other: 0.2ms
[2024-09-09T06:53:14.077+0800][info] GC(115) Eden regions: 2->0(1)
[2024-09-09T06:53:14.077+0800][info] GC(115) Survivor regions: 1->1(1)
[2024-09-09T06:53:14.077+0800][info] GC(115) Old regions: 10->11
[2024-09-09T06:53:14.077+0800][info] GC(115) Archive regions: 2->2
[2024-09-09T06:53:14.077+0800][info] GC(115) Humongous regions: 8->8
[2024-09-09T06:53:14.077+0800][info] GC(115) Metaspace: 902K(1088K)->902K(1088K) NonClass: 848K(960K)->848K(960K) Class: 53K(128K)->53K(128K)
[2024-09-09T06:53:14.077+0800][info] GC(115) Pause Young (Prepare Mixed) (G1 Humongous Allocation) 82M->82M(128M) 1.712ms
[2024-09-09T06:53:14.077+0800][info] GC(115) User=0.00s Sys=0.00s Real=0.01s
[2024-09-09T06:53:14.099+0800][info] GC(116) Pause Young (Mixed) (G1 Preventive Collection)
[2024-09-09T06:53:14.099+0800][info] GC(116) Using 3 workers of 48 for evacuation
[2024-09-09T06:53:14.101+0800][info] GC(116)   Pre Evacuate Collection Set: 0.0ms
[2024-09-09T06:53:14.101+0800][info] GC(116)   Merge Heap Roots: 0.0ms
[2024-09-09T06:53:14.101+0800][info] GC(116)   Evacuate Collection Set: 1.4ms
[2024-09-09T06:53:14.101+0800][info] GC(116)   Post Evacuate Collection Set: 0.2ms
[2024-09-09T06:53:14.101+0800][info] GC(116)   Other: 0.1ms
[2024-09-09T06:53:14.101+0800][info] GC(116) Eden regions: 1->0(1)
[2024-09-09T06:53:14.101+0800][info] GC(116) Survivor regions: 1->1(1)
[2024-09-09T06:53:14.101+0800][info] GC(116) Old regions: 11->8
[2024-09-09T06:53:14.101+0800][info] GC(116) Archive regions: 2->2
[2024-09-09T06:53:14.101+0800][info] GC(116) Humongous regions: 12->12
[2024-09-09T06:53:14.101+0800][info] GC(116) Metaspace: 902K(1088K)->902K(1088K) NonClass: 848K(960K)->848K(960K) Class: 53K(128K)->53K(128K)
[2024-09-09T06:53:14.101+0800][info] GC(116) Pause Young (Mixed) (G1 Preventive Collection) 98M->83M(128M) 1.945ms
[2024-09-09T06:53:14.101+0800][info] GC(116) User=0.01s Sys=0.00s Real=0.00s
[2024-09-09T06:53:14.101+0800][info] Attempting full compaction
[2024-09-09T06:53:14.101+0800][info] GC(117) Using 1 workers of 48 for full compaction
[2024-09-09T06:53:14.101+0800][info] GC(117) Pause Full (G1 Compaction Pause)
[2024-09-09T06:53:14.101+0800][info] GC(117) Phase 1: Mark live objects
[2024-09-09T06:53:14.105+0800][info] GC(117) Phase 1: Mark live objects 3.552ms
[2024-09-09T06:53:14.105+0800][info] GC(117) Phase 2: Prepare for compaction
[2024-09-09T06:53:14.105+0800][info] GC(117) Phase 2: Prepare for compaction 0.550ms
[2024-09-09T06:53:14.105+0800][info] GC(117) Phase 3: Adjust pointers
[2024-09-09T06:53:14.107+0800][info] GC(117) Phase 3: Adjust pointers 1.754ms
[2024-09-09T06:53:14.107+0800][info] GC(117) Phase 4: Compact heap
[2024-09-09T06:53:14.108+0800][info] GC(117) Phase 4: Compact heap 0.808ms
[2024-09-09T06:53:14.109+0800][info] GC(117) Eden regions: 0->0(4)
[2024-09-09T06:53:14.109+0800][info] GC(117) Survivor regions: 1->0(1)
[2024-09-09T06:53:14.109+0800][info] GC(117) Old regions: 8->1
[2024-09-09T06:53:14.109+0800][info] GC(117) Archive regions: 2->2
[2024-09-09T06:53:14.109+0800][info] GC(117) Humongous regions: 12->12
[2024-09-09T06:53:14.109+0800][info] GC(117) Metaspace: 902K(1088K)->902K(1088K) NonClass: 848K(960K)->848K(960K) Class: 53K(128K)->53K(128K)
[2024-09-09T06:53:14.109+0800][info] GC(117) Pause Full (G1 Compaction Pause) 83M->52M(128M) 7.835ms
[2024-09-09T06:53:14.109+0800][info] GC(117) User=0.00s Sys=0.00s Real=0.01s
[2024-09-09T06:53:14.131+0800][info] GC(118) Pause Young (Concurrent Start) (G1 Humongous Allocation)
[2024-09-09T06:53:14.131+0800][info] GC(118) Using 3 workers of 48 for evacuation
[2024-09-09T06:53:14.131+0800][info] GC(118)   Pre Evacuate Collection Set: 0.0ms
[2024-09-09T06:53:14.131+0800][info] GC(118)   Merge Heap Roots: 0.0ms
[2024-09-09T06:53:14.131+0800][info] GC(118)   Evacuate Collection Set: 0.2ms
[2024-09-09T06:53:14.131+0800][info] GC(118)   Post Evacuate Collection Set: 0.1ms
[2024-09-09T06:53:14.131+0800][info] GC(118)   Other: 0.3ms
[2024-09-09T06:53:14.131+0800][info] GC(118) Eden regions: 1->0(1)
[2024-09-09T06:53:14.131+0800][info] GC(118) Survivor regions: 0->1(1)
[2024-09-09T06:53:14.131+0800][info] GC(118) Old regions: 1->1
[2024-09-09T06:53:14.131+0800][info] GC(118) Archive regions: 2->2
[2024-09-09T06:53:14.131+0800][info] GC(118) Humongous regions: 16->16
[2024-09-09T06:53:14.131+0800][info] GC(118) Metaspace: 902K(1088K)->902K(1088K) NonClass: 848K(960K)->848K(960K) Class: 53K(128K)->53K(128K)
[2024-09-09T06:53:14.131+0800][info] GC(118) Pause Young (Concurrent Start) (G1 Humongous Allocation) 69M->68M(128M) 0.792ms
[2024-09-09T06:53:14.131+0800][info] GC(118) User=0.01s Sys=0.00s Real=0.00s
[2024-09-09T06:53:14.132+0800][info] GC(119) Concurrent Mark Cycle
[2024-09-09T06:53:14.132+0800][info] GC(119) Concurrent Clear Claimed Marks
[2024-09-09T06:53:14.132+0800][info] GC(119) Concurrent Clear Claimed Marks 0.008ms
[2024-09-09T06:53:14.132+0800][info] GC(119) Concurrent Scan Root Regions
[2024-09-09T06:53:14.132+0800][info] GC(119) Concurrent Scan Root Regions 0.146ms
[2024-09-09T06:53:14.132+0800][info] GC(119) Concurrent Mark
[2024-09-09T06:53:14.132+0800][info] GC(119) Concurrent Mark From Roots
[2024-09-09T06:53:14.132+0800][info] GC(119) Using 12 workers of 12 for marking
[2024-09-09T06:53:14.135+0800][info] GC(119) Concurrent Mark From Roots 2.917ms
[2024-09-09T06:53:14.135+0800][info] GC(119) Concurrent Preclean
[2024-09-09T06:53:14.136+0800][info] GC(119) Concurrent Preclean 1.665ms
[2024-09-09T06:53:14.136+0800][info] GC(119) Pause Remark
[2024-09-09T06:53:14.138+0800][info] GC(119) Pause Remark 85M->69M(128M) 1.097ms
[2024-09-09T06:53:14.138+0800][info] GC(119) User=0.01s Sys=0.00s Real=0.01s
[2024-09-09T06:53:14.138+0800][info] GC(119) Concurrent Mark 5.917ms
[2024-09-09T06:53:14.138+0800][info] GC(119) Concurrent Rebuild Remembered Sets
[2024-09-09T06:53:14.143+0800][info] GC(119) Concurrent Rebuild Remembered Sets 4.955ms
[2024-09-09T06:53:14.143+0800][info] GC(119) Pause Cleanup
[2024-09-09T06:53:14.143+0800][info] GC(119) Pause Cleanup 69M->69M(128M) 0.285ms
[2024-09-09T06:53:14.143+0800][info] GC(119) User=0.00s Sys=0.00s Real=0.00s
[2024-09-09T06:53:14.143+0800][info] GC(119) Concurrent Cleanup for Next Mark
[2024-09-09T06:53:14.143+0800][info] GC(119) Concurrent Cleanup for Next Mark 0.264ms
[2024-09-09T06:53:14.143+0800][info] GC(119) Concurrent Mark Cycle 11.872ms
[2024-09-09T06:53:14.748+0800][info] GC(120) Pause Young (Prepare Mixed) (G1 Humongous Allocation)
[2024-09-09T06:53:14.748+0800][info] GC(120) Using 3 workers of 48 for evacuation
[2024-09-09T06:53:14.748+0800][info] GC(120)   Pre Evacuate Collection Set: 0.0ms
[2024-09-09T06:53:14.748+0800][info] GC(120)   Merge Heap Roots: 0.0ms
[2024-09-09T06:53:14.748+0800][info] GC(120)   Evacuate Collection Set: 0.1ms
[2024-09-09T06:53:14.748+0800][info] GC(120)   Post Evacuate Collection Set: 0.1ms
[2024-09-09T06:53:14.749+0800][info] GC(120)   Other: 0.2ms
[2024-09-09T06:53:14.749+0800][info] GC(120) Eden regions: 1->0(1)
[2024-09-09T06:53:14.749+0800][info] GC(120) Survivor regions: 1->1(1)
[2024-09-09T06:53:14.749+0800][info] GC(120) Old regions: 1->1
[2024-09-09T06:53:14.749+0800][info] GC(120) Archive regions: 2->2
[2024-09-09T06:53:14.749+0800][info] GC(120) Humongous regions: 24->20
[2024-09-09T06:53:14.749+0800][info] GC(120) Metaspace: 902K(1088K)->902K(1088K) NonClass: 848K(960K)->848K(960K) Class: 53K(128K)->53K(128K)
[2024-09-09T06:53:14.749+0800][info] GC(120) Pause Young (Prepare Mixed) (G1 Humongous Allocation) 101M->84M(128M) 0.641ms
[2024-09-09T06:53:14.749+0800][info] GC(120) User=0.00s Sys=0.00s Real=0.00s
[2024-09-09T06:53:14.771+0800][info] GC(121) Pause Young (Mixed) (G1 Humongous Allocation)
[2024-09-09T06:53:14.771+0800][info] GC(121) Using 3 workers of 48 for evacuation
[2024-09-09T06:53:14.772+0800][info] GC(121)   Pre Evacuate Collection Set: 0.0ms
[2024-09-09T06:53:14.772+0800][info] GC(121)   Merge Heap Roots: 0.0ms
[2024-09-09T06:53:14.772+0800][info] GC(121)   Evacuate Collection Set: 1.3ms
[2024-09-09T06:53:14.772+0800][info] GC(121)   Post Evacuate Collection Set: 0.2ms
[2024-09-09T06:53:14.773+0800][info] GC(121)   Other: 0.1ms
[2024-09-09T06:53:14.773+0800][info] GC(121) Eden regions: 1->0(1)
[2024-09-09T06:53:14.773+0800][info] GC(121) Survivor regions: 1->1(1)
[2024-09-09T06:53:14.773+0800][info] GC(121) Old regions: 1->1
[2024-09-09T06:53:14.773+0800][info] GC(121) Archive regions: 2->2
[2024-09-09T06:53:14.773+0800][info] GC(121) Humongous regions: 24->12
[2024-09-09T06:53:14.773+0800][info] GC(121) Metaspace: 902K(1088K)->902K(1088K) NonClass: 848K(960K)->848K(960K) Class: 53K(128K)->53K(128K)
[2024-09-09T06:53:14.773+0800][info] GC(121) Pause Young (Mixed) (G1 Humongous Allocation) 101M->52M(128M) 1.796ms
[2024-09-09T06:53:14.773+0800][info] GC(121) User=0.00s Sys=0.00s Real=0.00s
[2024-09-09T06:53:15.296+0800][info] GC(122) Pause Young (Concurrent Start) (G1 Evacuation Pause)
[2024-09-09T06:53:15.296+0800][info] GC(122) Using 3 workers of 48 for evacuation
[2024-09-09T06:53:15.297+0800][info] GC(122)   Pre Evacuate Collection Set: 0.0ms
[2024-09-09T06:53:15.297+0800][info] GC(122)   Merge Heap Roots: 0.0ms
[2024-09-09T06:53:15.297+0800][info] GC(122)   Evacuate Collection Set: 0.4ms
[2024-09-09T06:53:15.297+0800][info] GC(122)   Post Evacuate Collection Set: 0.1ms
[2024-09-09T06:53:15.297+0800][info] GC(122)   Other: 0.2ms
[2024-09-09T06:53:15.297+0800][info] GC(122) Eden regions: 1->0(1)
[2024-09-09T06:53:15.297+0800][info] GC(122) Survivor regions: 1->1(1)
[2024-09-09T06:53:15.297+0800][info] GC(122) Old regions: 1->1
[2024-09-09T06:53:15.297+0800][info] GC(122) Archive regions: 2->2
[2024-09-09T06:53:15.297+0800][info] GC(122) Humongous regions: 16->12
[2024-09-09T06:53:15.297+0800][info] GC(122) Metaspace: 902K(1088K)->902K(1088K) NonClass: 848K(960K)->848K(960K) Class: 53K(128K)->53K(128K)
[2024-09-09T06:53:15.297+0800][info] GC(122) Pause Young (Concurrent Start) (G1 Evacuation Pause) 72M->56M(128M) 0.892ms
[2024-09-09T06:53:15.297+0800][info] GC(122) User=0.00s Sys=0.00s Real=0.01s
[2024-09-09T06:53:15.297+0800][info] GC(123) Concurrent Mark Cycle
[2024-09-09T06:53:15.297+0800][info] GC(123) Concurrent Clear Claimed Marks
[2024-09-09T06:53:15.297+0800][info] GC(123) Concurrent Clear Claimed Marks 0.012ms
[2024-09-09T06:53:15.297+0800][info] GC(123) Concurrent Scan Root Regions
[2024-09-09T06:53:15.297+0800][info] GC(123) Concurrent Scan Root Regions 0.087ms
[2024-09-09T06:53:15.297+0800][info] GC(123) Concurrent Mark
[2024-09-09T06:53:15.297+0800][info] GC(123) Concurrent Mark From Roots
[2024-09-09T06:53:15.297+0800][info] GC(123) Using 12 workers of 12 for marking
[2024-09-09T06:53:15.301+0800][info] GC(123) Concurrent Mark From Roots 3.038ms
[2024-09-09T06:53:15.301+0800][info] GC(123) Concurrent Preclean
[2024-09-09T06:53:15.301+0800][info] GC(123) Concurrent Preclean 0.864ms
[2024-09-09T06:53:15.301+0800][info] GC(123) Pause Remark
[2024-09-09T06:53:15.302+0800][info] GC(123) Pause Remark 56M->56M(128M) 0.761ms
[2024-09-09T06:53:15.302+0800][info] GC(123) User=0.00s Sys=0.00s Real=0.00s
[2024-09-09T06:53:15.302+0800][info] GC(123) Concurrent Mark 4.747ms
[2024-09-09T06:53:15.302+0800][info] GC(123) Concurrent Rebuild Remembered Sets
[2024-09-09T06:53:15.306+0800][info] GC(123) Concurrent Rebuild Remembered Sets 3.543ms
[2024-09-09T06:53:15.306+0800][info] GC(123) Pause Cleanup
[2024-09-09T06:53:15.306+0800][info] GC(123) Pause Cleanup 56M->56M(128M) 0.137ms
[2024-09-09T06:53:15.306+0800][info] GC(123) User=0.00s Sys=0.00s Real=0.00s
[2024-09-09T06:53:15.306+0800][info] GC(123) Concurrent Cleanup for Next Mark
[2024-09-09T06:53:15.306+0800][info] GC(123) Concurrent Cleanup for Next Mark 0.248ms
[2024-09-09T06:53:15.306+0800][info] GC(123) Concurrent Mark Cycle 8.922ms
[2024-09-09T06:53:15.939+0800][info] GC(124) Pause Young (Normal) (G1 Evacuation Pause)
[2024-09-09T06:53:15.939+0800][info] GC(124) Using 3 workers of 48 for evacuation
[2024-09-09T06:53:15.940+0800][info] GC(124)   Pre Evacuate Collection Set: 0.0ms
[2024-09-09T06:53:15.940+0800][info] GC(124)   Merge Heap Roots: 0.0ms
[2024-09-09T06:53:15.940+0800][info] GC(124)   Evacuate Collection Set: 0.9ms
[2024-09-09T06:53:15.940+0800][info] GC(124)   Post Evacuate Collection Set: 0.1ms
[2024-09-09T06:53:15.940+0800][info] GC(124)   Other: 0.2ms
[2024-09-09T06:53:15.940+0800][info] GC(124) Eden regions: 1->0(1)
[2024-09-09T06:53:15.940+0800][info] GC(124) Survivor regions: 1->1(1)
[2024-09-09T06:53:15.940+0800][info] GC(124) Old regions: 1->2
[2024-09-09T06:53:15.940+0800][info] GC(124) Archive regions: 2->2
[2024-09-09T06:53:15.940+0800][info] GC(124) Humongous regions: 12->12
[2024-09-09T06:53:15.940+0800][info] GC(124) Metaspace: 902K(1088K)->902K(1088K) NonClass: 848K(960K)->848K(960K) Class: 53K(128K)->53K(128K)
[2024-09-09T06:53:15.940+0800][info] GC(124) Pause Young (Normal) (G1 Evacuation Pause) 60M->60M(128M) 1.425ms
[2024-09-09T06:53:15.940+0800][info] GC(124) User=0.00s Sys=0.00s Real=0.00s
[2024-09-09T06:53:16.432+0800][info] GC(125) Pause Young (Concurrent Start) (G1 Evacuation Pause)
[2024-09-09T06:53:16.432+0800][info] GC(125) Using 3 workers of 48 for evacuation
[2024-09-09T06:53:16.433+0800][info] GC(125)   Pre Evacuate Collection Set: 0.0ms
[2024-09-09T06:53:16.433+0800][info] GC(125)   Merge Heap Roots: 0.0ms
[2024-09-09T06:53:16.433+0800][info] GC(125)   Evacuate Collection Set: 0.9ms
[2024-09-09T06:53:16.433+0800][info] GC(125)   Post Evacuate Collection Set: 0.1ms
[2024-09-09T06:53:16.433+0800][info] GC(125)   Other: 0.3ms
[2024-09-09T06:53:16.433+0800][info] GC(125) Eden regions: 1->0(1)
[2024-09-09T06:53:16.433+0800][info] GC(125) Survivor regions: 1->1(1)
[2024-09-09T06:53:16.433+0800][info] GC(125) Old regions: 2->3
[2024-09-09T06:53:16.433+0800][info] GC(125) Archive regions: 2->2
[2024-09-09T06:53:16.433+0800][info] GC(125) Humongous regions: 12->12
[2024-09-09T06:53:16.433+0800][info] GC(125) Metaspace: 902K(1088K)->902K(1088K) NonClass: 848K(960K)->848K(960K) Class: 53K(128K)->53K(128K)
[2024-09-09T06:53:16.433+0800][info] GC(125) Pause Young (Concurrent Start) (G1 Evacuation Pause) 64M->64M(128M) 1.586ms
[2024-09-09T06:53:16.433+0800][info] GC(125) User=0.01s Sys=0.00s Real=0.00s
[2024-09-09T06:53:16.433+0800][info] GC(126) Concurrent Mark Cycle
[2024-09-09T06:53:16.434+0800][info] GC(126) Concurrent Clear Claimed Marks
[2024-09-09T06:53:16.434+0800][info] GC(126) Concurrent Clear Claimed Marks 0.020ms
[2024-09-09T06:53:16.434+0800][info] GC(126) Concurrent Scan Root Regions
[2024-09-09T06:53:16.434+0800][info] GC(126) Concurrent Scan Root Regions 0.099ms
[2024-09-09T06:53:16.434+0800][info] GC(126) Concurrent Mark
[2024-09-09T06:53:16.434+0800][info] GC(126) Concurrent Mark From Roots
[2024-09-09T06:53:16.434+0800][info] GC(126) Using 12 workers of 12 for marking
[2024-09-09T06:53:16.436+0800][info] GC(126) Concurrent Mark From Roots 2.739ms
[2024-09-09T06:53:16.436+0800][info] GC(126) Concurrent Preclean
[2024-09-09T06:53:16.438+0800][info] GC(126) Concurrent Preclean 1.718ms
[2024-09-09T06:53:16.438+0800][info] GC(126) Pause Remark
[2024-09-09T06:53:16.439+0800][info] GC(126) Pause Remark 64M->16M(128M) 1.075ms
[2024-09-09T06:53:16.439+0800][info] GC(126) User=0.00s Sys=0.00s Real=0.00s
[2024-09-09T06:53:16.439+0800][info] GC(126) Concurrent Mark 5.781ms
[2024-09-09T06:53:16.439+0800][info] GC(126) Concurrent Rebuild Remembered Sets
[2024-09-09T06:53:16.442+0800][info] GC(126) Concurrent Rebuild Remembered Sets 2.023ms
[2024-09-09T06:53:16.442+0800][info] GC(126) Pause Cleanup
[2024-09-09T06:53:16.442+0800][info] GC(126) Pause Cleanup 16M->16M(128M) 0.159ms
[2024-09-09T06:53:16.442+0800][info] GC(126) User=0.00s Sys=0.00s Real=0.00s
[2024-09-09T06:53:16.442+0800][info] GC(126) Concurrent Cleanup for Next Mark
[2024-09-09T06:53:16.442+0800][info] GC(126) Concurrent Cleanup for Next Mark 0.225ms
[2024-09-09T06:53:16.442+0800][info] GC(126) Concurrent Mark Cycle 8.629ms
[2024-09-09T06:53:17.080+0800][info] GC(127) Pause Young (Normal) (G1 Evacuation Pause)
[2024-09-09T06:53:17.080+0800][info] GC(127) Using 3 workers of 48 for evacuation
[2024-09-09T06:53:17.081+0800][info] GC(127)   Pre Evacuate Collection Set: 0.0ms
[2024-09-09T06:53:17.081+0800][info] GC(127)   Merge Heap Roots: 0.0ms
[2024-09-09T06:53:17.081+0800][info] GC(127)   Evacuate Collection Set: 0.9ms
[2024-09-09T06:53:17.081+0800][info] GC(127)   Post Evacuate Collection Set: 0.2ms
[2024-09-09T06:53:17.082+0800][info] GC(127)   Other: 0.2ms
[2024-09-09T06:53:17.082+0800][info] GC(127) Eden regions: 1->0(1)
[2024-09-09T06:53:17.082+0800][info] GC(127) Survivor regions: 1->1(1)
[2024-09-09T06:53:17.082+0800][info] GC(127) Old regions: 3->4
[2024-09-09T06:53:17.082+0800][info] GC(127) Archive regions: 2->2
[2024-09-09T06:53:17.082+0800][info] GC(127) Humongous regions: 0->0
[2024-09-09T06:53:17.082+0800][info] GC(127) Metaspace: 902K(1088K)->902K(1088K) NonClass: 848K(960K)->848K(960K) Class: 53K(128K)->53K(128K)
[2024-09-09T06:53:17.082+0800][info] GC(127) Pause Young (Normal) (G1 Evacuation Pause) 20M->20M(128M) 1.479ms
[2024-09-09T06:53:17.082+0800][info] GC(127) User=0.00s Sys=0.00s Real=0.00s
[2024-09-09T06:53:17.578+0800][info] GC(128) Pause Young (Concurrent Start) (G1 Evacuation Pause)
[2024-09-09T06:53:17.578+0800][info] GC(128) Using 3 workers of 48 for evacuation
[2024-09-09T06:53:17.580+0800][info] GC(128)   Pre Evacuate Collection Set: 0.1ms
[2024-09-09T06:53:17.580+0800][info] GC(128)   Merge Heap Roots: 0.0ms
[2024-09-09T06:53:17.580+0800][info] GC(128)   Evacuate Collection Set: 0.9ms
[2024-09-09T06:53:17.580+0800][info] GC(128)   Post Evacuate Collection Set: 0.1ms
[2024-09-09T06:53:17.580+0800][info] GC(128)   Other: 0.3ms
[2024-09-09T06:53:17.580+0800][info] GC(128) Eden regions: 1->0(1)
[2024-09-09T06:53:17.580+0800][info] GC(128) Survivor regions: 1->1(1)
[2024-09-09T06:53:17.580+0800][info] GC(128) Old regions: 4->5
[2024-09-09T06:53:17.580+0800][info] GC(128) Archive regions: 2->2
[2024-09-09T06:53:17.580+0800][info] GC(128) Humongous regions: 0->0
[2024-09-09T06:53:17.580+0800][info] GC(128) Metaspace: 902K(1088K)->902K(1088K) NonClass: 848K(960K)->848K(960K) Class: 53K(128K)->53K(128K)
[2024-09-09T06:53:17.580+0800][info] GC(128) Pause Young (Concurrent Start) (G1 Evacuation Pause) 24M->24M(128M) 1.704ms
[2024-09-09T06:53:17.580+0800][info] GC(128) User=0.00s Sys=0.00s Real=0.00s
[2024-09-09T06:53:17.580+0800][info] GC(129) Concurrent Mark Cycle
[2024-09-09T06:53:17.580+0800][info] GC(129) Concurrent Clear Claimed Marks
[2024-09-09T06:53:17.580+0800][info] GC(129) Concurrent Clear Claimed Marks 0.013ms
[2024-09-09T06:53:17.580+0800][info] GC(129) Concurrent Scan Root Regions
[2024-09-09T06:53:17.580+0800][info] GC(129) Concurrent Scan Root Regions 0.087ms
[2024-09-09T06:53:17.580+0800][info] GC(129) Concurrent Mark
[2024-09-09T06:53:17.580+0800][info] GC(129) Concurrent Mark From Roots
[2024-09-09T06:53:17.580+0800][info] GC(129) Using 12 workers of 12 for marking
[2024-09-09T06:53:17.583+0800][info] GC(129) Concurrent Mark From Roots 2.835ms
[2024-09-09T06:53:17.583+0800][info] GC(129) Concurrent Preclean
[2024-09-09T06:53:17.584+0800][info] GC(129) Concurrent Preclean 1.019ms
[2024-09-09T06:53:17.584+0800][info] GC(129) Pause Remark
[2024-09-09T06:53:17.585+0800][info] GC(129) Pause Remark 24M->24M(128M) 1.058ms
[2024-09-09T06:53:17.585+0800][info] GC(129) User=0.00s Sys=0.00s Real=0.01s
[2024-09-09T06:53:17.585+0800][info] GC(129) Concurrent Mark 5.118ms
[2024-09-09T06:53:17.585+0800][info] GC(129) Concurrent Rebuild Remembered Sets
[2024-09-09T06:53:17.587+0800][info] GC(129) Concurrent Rebuild Remembered Sets 1.227ms
[2024-09-09T06:53:17.587+0800][info] GC(129) Pause Cleanup
[2024-09-09T06:53:17.587+0800][info] GC(129) Pause Cleanup 24M->24M(128M) 0.147ms
[2024-09-09T06:53:17.587+0800][info] GC(129) User=0.00s Sys=0.00s Real=0.00s
[2024-09-09T06:53:17.587+0800][info] GC(129) Concurrent Cleanup for Next Mark
[2024-09-09T06:53:17.587+0800][info] GC(129) Concurrent Cleanup for Next Mark 0.321ms
[2024-09-09T06:53:17.587+0800][info] GC(129) Concurrent Mark Cycle 7.100ms
[2024-09-09T06:53:18.222+0800][info] GC(130) Pause Young (Normal) (G1 Evacuation Pause)
[2024-09-09T06:53:18.222+0800][info] GC(130) Using 3 workers of 48 for evacuation
[2024-09-09T06:53:18.223+0800][info] GC(130)   Pre Evacuate Collection Set: 0.1ms
[2024-09-09T06:53:18.223+0800][info] GC(130)   Merge Heap Roots: 0.0ms
[2024-09-09T06:53:18.223+0800][info] GC(130)   Evacuate Collection Set: 0.9ms
[2024-09-09T06:53:18.223+0800][info] GC(130)   Post Evacuate Collection Set: 0.2ms
[2024-09-09T06:53:18.223+0800][info] GC(130)   Other: 0.2ms
[2024-09-09T06:53:18.223+0800][info] GC(130) Eden regions: 1->0(1)
[2024-09-09T06:53:18.223+0800][info] GC(130) Survivor regions: 1->1(1)
[2024-09-09T06:53:18.223+0800][info] GC(130) Old regions: 5->6
[2024-09-09T06:53:18.223+0800][info] GC(130) Archive regions: 2->2
[2024-09-09T06:53:18.223+0800][info] GC(130) Humongous regions: 0->0
[2024-09-09T06:53:18.223+0800][info] GC(130) Metaspace: 902K(1088K)->902K(1088K) NonClass: 848K(960K)->848K(960K) Class: 53K(128K)->53K(128K)
[2024-09-09T06:53:18.223+0800][info] GC(130) Pause Young (Normal) (G1 Evacuation Pause) 28M->28M(128M) 1.575ms
[2024-09-09T06:53:18.223+0800][info] GC(130) User=0.01s Sys=0.00s Real=0.00s
[2024-09-09T06:53:18.715+0800][info] GC(131) Pause Young (Concurrent Start) (G1 Evacuation Pause)
[2024-09-09T06:53:18.715+0800][info] GC(131) Using 3 workers of 48 for evacuation
[2024-09-09T06:53:18.716+0800][info] GC(131)   Pre Evacuate Collection Set: 0.1ms
[2024-09-09T06:53:18.716+0800][info] GC(131)   Merge Heap Roots: 0.0ms
[2024-09-09T06:53:18.716+0800][info] GC(131)   Evacuate Collection Set: 0.9ms
[2024-09-09T06:53:18.716+0800][info] GC(131)   Post Evacuate Collection Set: 0.1ms
[2024-09-09T06:53:18.716+0800][info] GC(131)   Other: 0.3ms
[2024-09-09T06:53:18.717+0800][info] GC(131) Eden regions: 1->0(1)
[2024-09-09T06:53:18.717+0800][info] GC(131) Survivor regions: 1->1(1)
[2024-09-09T06:53:18.717+0800][info] GC(131) Old regions: 6->7
[2024-09-09T06:53:18.717+0800][info] GC(131) Archive regions: 2->2
[2024-09-09T06:53:18.717+0800][info] GC(131) Humongous regions: 0->0
[2024-09-09T06:53:18.717+0800][info] GC(131) Metaspace: 902K(1088K)->902K(1088K) NonClass: 848K(960K)->848K(960K) Class: 53K(128K)->53K(128K)
[2024-09-09T06:53:18.717+0800][info] GC(131) Pause Young (Concurrent Start) (G1 Evacuation Pause) 32M->32M(128M) 1.650ms
[2024-09-09T06:53:18.717+0800][info] GC(131) User=0.00s Sys=0.00s Real=0.00s
[2024-09-09T06:53:18.717+0800][info] GC(132) Concurrent Mark Cycle
[2024-09-09T06:53:18.717+0800][info] GC(132) Concurrent Clear Claimed Marks
[2024-09-09T06:53:18.717+0800][info] GC(132) Concurrent Clear Claimed Marks 0.020ms
[2024-09-09T06:53:18.717+0800][info] GC(132) Concurrent Scan Root Regions
[2024-09-09T06:53:18.717+0800][info] GC(132) Concurrent Scan Root Regions 0.144ms
[2024-09-09T06:53:18.717+0800][info] GC(132) Concurrent Mark
[2024-09-09T06:53:18.717+0800][info] GC(132) Concurrent Mark From Roots
[2024-09-09T06:53:18.717+0800][info] GC(132) Using 12 workers of 12 for marking
[2024-09-09T06:53:18.720+0800][info] GC(132) Concurrent Mark From Roots 2.938ms
[2024-09-09T06:53:18.720+0800][info] GC(132) Concurrent Preclean
[2024-09-09T06:53:18.722+0800][info] GC(132) Concurrent Preclean 1.876ms
[2024-09-09T06:53:18.722+0800][info] GC(132) Pause Remark
[2024-09-09T06:53:18.723+0800][info] GC(132) Pause Remark 32M->32M(128M) 1.020ms
[2024-09-09T06:53:18.723+0800][info] GC(132) User=0.00s Sys=0.00s Real=0.00s
[2024-09-09T06:53:18.723+0800][info] GC(132) Concurrent Mark 6.030ms
[2024-09-09T06:53:18.723+0800][info] GC(132) Concurrent Rebuild Remembered Sets
[2024-09-09T06:53:18.725+0800][info] GC(132) Concurrent Rebuild Remembered Sets 2.164ms
[2024-09-09T06:53:18.725+0800][info] GC(132) Pause Cleanup
[2024-09-09T06:53:18.726+0800][info] GC(132) Pause Cleanup 32M->32M(128M) 0.176ms
[2024-09-09T06:53:18.726+0800][info] GC(132) User=0.00s Sys=0.00s Real=0.00s
[2024-09-09T06:53:18.726+0800][info] GC(132) Concurrent Cleanup for Next Mark
[2024-09-09T06:53:18.726+0800][info] GC(132) Concurrent Cleanup for Next Mark 0.365ms
[2024-09-09T06:53:18.726+0800][info] GC(132) Concurrent Mark Cycle 9.170ms
[2024-09-09T06:53:19.364+0800][info] GC(133) Pause Young (Prepare Mixed) (G1 Evacuation Pause)
[2024-09-09T06:53:19.364+0800][info] GC(133) Using 3 workers of 48 for evacuation
[2024-09-09T06:53:19.365+0800][info] GC(133)   Pre Evacuate Collection Set: 0.1ms
[2024-09-09T06:53:19.365+0800][info] GC(133)   Merge Heap Roots: 0.0ms
[2024-09-09T06:53:19.365+0800][info] GC(133)   Evacuate Collection Set: 0.9ms
[2024-09-09T06:53:19.365+0800][info] GC(133)   Post Evacuate Collection Set: 0.2ms
[2024-09-09T06:53:19.365+0800][info] GC(133)   Other: 0.2ms
[2024-09-09T06:53:19.365+0800][info] GC(133) Eden regions: 1->0(1)
[2024-09-09T06:53:19.365+0800][info] GC(133) Survivor regions: 1->1(1)
[2024-09-09T06:53:19.365+0800][info] GC(133) Old regions: 7->8
[2024-09-09T06:53:19.365+0800][info] GC(133) Archive regions: 2->2
[2024-09-09T06:53:19.365+0800][info] GC(133) Humongous regions: 0->0
[2024-09-09T06:53:19.365+0800][info] GC(133) Metaspace: 902K(1088K)->902K(1088K) NonClass: 848K(960K)->848K(960K) Class: 53K(128K)->53K(128K)
[2024-09-09T06:53:19.365+0800][info] GC(133) Pause Young (Prepare Mixed) (G1 Evacuation Pause) 36M->36M(128M) 1.604ms
[2024-09-09T06:53:19.365+0800][info] GC(133) User=0.01s Sys=0.00s Real=0.01s
[2024-09-09T06:53:19.862+0800][info] GC(134) Pause Young (Mixed) (G1 Evacuation Pause)
[2024-09-09T06:53:19.862+0800][info] GC(134) Using 3 workers of 48 for evacuation
[2024-09-09T06:53:19.863+0800][info] GC(134)   Pre Evacuate Collection Set: 0.1ms
[2024-09-09T06:53:19.863+0800][info] GC(134)   Merge Heap Roots: 0.0ms
[2024-09-09T06:53:19.863+0800][info] GC(134)   Evacuate Collection Set: 0.9ms
[2024-09-09T06:53:19.863+0800][info] GC(134)   Post Evacuate Collection Set: 0.2ms
[2024-09-09T06:53:19.863+0800][info] GC(134)   Other: 0.2ms
[2024-09-09T06:53:19.864+0800][info] GC(134) Eden regions: 1->0(1)
[2024-09-09T06:53:19.864+0800][info] GC(134) Survivor regions: 1->1(1)
[2024-09-09T06:53:19.864+0800][info] GC(134) Old regions: 8->8
[2024-09-09T06:53:19.864+0800][info] GC(134) Archive regions: 2->2
[2024-09-09T06:53:19.864+0800][info] GC(134) Humongous regions: 0->0
[2024-09-09T06:53:19.864+0800][info] GC(134) Metaspace: 902K(1088K)->902K(1088K) NonClass: 848K(960K)->848K(960K) Class: 53K(128K)->53K(128K)
[2024-09-09T06:53:19.864+0800][info] GC(134) Pause Young (Mixed) (G1 Evacuation Pause) 40M->36M(128M) 1.556ms
[2024-09-09T06:53:19.864+0800][info] GC(134) User=0.00s Sys=0.00s Real=0.00s
[2024-09-09T06:53:20.355+0800][info] GC(135) Pause Young (Mixed) (G1 Evacuation Pause)
[2024-09-09T06:53:20.355+0800][info] GC(135) Using 3 workers of 48 for evacuation
[2024-09-09T06:53:20.358+0800][info] GC(135)   Pre Evacuate Collection Set: 0.0ms
[2024-09-09T06:53:20.358+0800][info] GC(135)   Merge Heap Roots: 0.0ms
[2024-09-09T06:53:20.358+0800][info] GC(135)   Evacuate Collection Set: 2.0ms
[2024-09-09T06:53:20.358+0800][info] GC(135)   Post Evacuate Collection Set: 0.2ms
[2024-09-09T06:53:20.358+0800][info] GC(135)   Other: 0.2ms
[2024-09-09T06:53:20.358+0800][info] GC(135) Eden regions: 1->0(1)
[2024-09-09T06:53:20.358+0800][info] GC(135) Survivor regions: 1->1(1)
[2024-09-09T06:53:20.358+0800][info] GC(135) Old regions: 8->8
[2024-09-09T06:53:20.358+0800][info] GC(135) Archive regions: 2->2
[2024-09-09T06:53:20.358+0800][info] GC(135) Humongous regions: 0->0
[2024-09-09T06:53:20.358+0800][info] GC(135) Metaspace: 902K(1088K)->902K(1088K) NonClass: 848K(960K)->848K(960K) Class: 53K(128K)->53K(128K)
[2024-09-09T06:53:20.358+0800][info] GC(135) Pause Young (Mixed) (G1 Evacuation Pause) 40M->37M(128M) 2.744ms
[2024-09-09T06:53:20.358+0800][info] GC(135) User=0.01s Sys=0.00s Real=0.01s
[2024-09-09T06:53:20.855+0800][info] GC(136) Pause Young (Mixed) (G1 Evacuation Pause)
[2024-09-09T06:53:20.855+0800][info] GC(136) Using 3 workers of 48 for evacuation
[2024-09-09T06:53:20.857+0800][info] GC(136)   Pre Evacuate Collection Set: 0.0ms
[2024-09-09T06:53:20.857+0800][info] GC(136)   Merge Heap Roots: 0.0ms
[2024-09-09T06:53:20.857+0800][info] GC(136)   Evacuate Collection Set: 1.2ms
[2024-09-09T06:53:20.857+0800][info] GC(136)   Post Evacuate Collection Set: 0.2ms
[2024-09-09T06:53:20.857+0800][info] GC(136)   Other: 0.2ms
[2024-09-09T06:53:20.857+0800][info] GC(136) Eden regions: 1->0(2)
[2024-09-09T06:53:20.857+0800][info] GC(136) Survivor regions: 1->1(1)
[2024-09-09T06:53:20.857+0800][info] GC(136) Old regions: 8->9
[2024-09-09T06:53:20.857+0800][info] GC(136) Archive regions: 2->2
[2024-09-09T06:53:20.857+0800][info] GC(136) Humongous regions: 0->0
[2024-09-09T06:53:20.857+0800][info] GC(136) Metaspace: 902K(1088K)->902K(1088K) NonClass: 848K(960K)->848K(960K) Class: 53K(128K)->53K(128K)
[2024-09-09T06:53:20.857+0800][info] GC(136) Pause Young (Mixed) (G1 Evacuation Pause) 41M->40M(128M) 1.863ms
[2024-09-09T06:53:20.857+0800][info] GC(136) User=0.01s Sys=0.00s Real=0.01s
[2024-09-09T06:53:21.851+0800][info] GC(137) Pause Young (Concurrent Start) (G1 Evacuation Pause)
[2024-09-09T06:53:21.851+0800][info] GC(137) Using 3 workers of 48 for evacuation
[2024-09-09T06:53:21.852+0800][info] GC(137)   Pre Evacuate Collection Set: 0.0ms
[2024-09-09T06:53:21.853+0800][info] GC(137)   Merge Heap Roots: 0.0ms
[2024-09-09T06:53:21.853+0800][info] GC(137)   Evacuate Collection Set: 1.2ms
[2024-09-09T06:53:21.853+0800][info] GC(137)   Post Evacuate Collection Set: 0.1ms
[2024-09-09T06:53:21.853+0800][info] GC(137)   Other: 0.3ms
[2024-09-09T06:53:21.853+0800][info] GC(137) Eden regions: 2->0(2)
[2024-09-09T06:53:21.853+0800][info] GC(137) Survivor regions: 1->1(1)
[2024-09-09T06:53:21.853+0800][info] GC(137) Old regions: 9->11
[2024-09-09T06:53:21.853+0800][info] GC(137) Archive regions: 2->2
[2024-09-09T06:53:21.853+0800][info] GC(137) Humongous regions: 0->0
[2024-09-09T06:53:21.853+0800][info] GC(137) Metaspace: 902K(1088K)->902K(1088K) NonClass: 848K(960K)->848K(960K) Class: 53K(128K)->53K(128K)
[2024-09-09T06:53:21.853+0800][info] GC(137) Pause Young (Concurrent Start) (G1 Evacuation Pause) 48M->48M(128M) 1.934ms
[2024-09-09T06:53:21.853+0800][info] GC(137) User=0.00s Sys=0.00s Real=0.00s
[2024-09-09T06:53:21.853+0800][info] GC(138) Concurrent Mark Cycle
[2024-09-09T06:53:21.853+0800][info] GC(138) Concurrent Clear Claimed Marks
[2024-09-09T06:53:21.853+0800][info] GC(138) Concurrent Clear Claimed Marks 0.021ms
[2024-09-09T06:53:21.853+0800][info] GC(138) Concurrent Scan Root Regions
[2024-09-09T06:53:21.853+0800][info] GC(138) Concurrent Scan Root Regions 0.111ms
[2024-09-09T06:53:21.853+0800][info] GC(138) Concurrent Mark
[2024-09-09T06:53:21.853+0800][info] GC(138) Concurrent Mark From Roots
[2024-09-09T06:53:21.853+0800][info] GC(138) Using 12 workers of 12 for marking
[2024-09-09T06:53:21.856+0800][info] GC(138) Concurrent Mark From Roots 2.877ms
[2024-09-09T06:53:21.856+0800][info] GC(138) Concurrent Preclean
[2024-09-09T06:53:21.858+0800][info] GC(138) Concurrent Preclean 1.920ms
[2024-09-09T06:53:21.858+0800][info] GC(138) Pause Remark
[2024-09-09T06:53:21.859+0800][info] GC(138) Pause Remark 49M->37M(128M) 0.957ms
[2024-09-09T06:53:21.859+0800][info] GC(138) User=0.00s Sys=0.00s Real=0.00s
[2024-09-09T06:53:21.859+0800][info] GC(138) Concurrent Mark 6.007ms
[2024-09-09T06:53:21.859+0800][info] GC(138) Concurrent Rebuild Remembered Sets
[2024-09-09T06:53:21.861+0800][info] GC(138) Concurrent Rebuild Remembered Sets 2.130ms
[2024-09-09T06:53:21.861+0800][info] GC(138) Pause Cleanup
[2024-09-09T06:53:21.862+0800][info] GC(138) Pause Cleanup 37M->37M(128M) 0.192ms
[2024-09-09T06:53:21.862+0800][info] GC(138) User=0.00s Sys=0.00s Real=0.00s
[2024-09-09T06:53:21.862+0800][info] GC(138) Concurrent Cleanup for Next Mark
[2024-09-09T06:53:21.862+0800][info] GC(138) Concurrent Cleanup for Next Mark 0.334ms
[2024-09-09T06:53:21.862+0800][info] GC(138) Concurrent Mark Cycle 9.112ms
[2024-09-09T06:53:23.493+0800][info] GC(139) Pause Young (Prepare Mixed) (G1 Evacuation Pause)
[2024-09-09T06:53:23.493+0800][info] GC(139) Using 3 workers of 48 for evacuation
[2024-09-09T06:53:23.495+0800][info] GC(139)   Pre Evacuate Collection Set: 0.0ms
[2024-09-09T06:53:23.495+0800][info] GC(139)   Merge Heap Roots: 0.0ms
[2024-09-09T06:53:23.495+0800][info] GC(139)   Evacuate Collection Set: 1.7ms
[2024-09-09T06:53:23.495+0800][info] GC(139)   Post Evacuate Collection Set: 0.1ms
[2024-09-09T06:53:23.495+0800][info] GC(139)   Other: 0.2ms
[2024-09-09T06:53:23.496+0800][info] GC(139) Eden regions: 3->0(1)
[2024-09-09T06:53:23.496+0800][info] GC(139) Survivor regions: 1->1(1)
[2024-09-09T06:53:23.496+0800][info] GC(139) Old regions: 8->11
[2024-09-09T06:53:23.496+0800][info] GC(139) Archive regions: 2->2
[2024-09-09T06:53:23.496+0800][info] GC(139) Humongous regions: 0->0
[2024-09-09T06:53:23.496+0800][info] GC(139) Metaspace: 902K(1088K)->902K(1088K) NonClass: 848K(960K)->848K(960K) Class: 53K(128K)->53K(128K)
[2024-09-09T06:53:23.496+0800][info] GC(139) Pause Young (Prepare Mixed) (G1 Evacuation Pause) 48M->48M(128M) 2.245ms
[2024-09-09T06:53:23.496+0800][info] GC(139) User=0.00s Sys=0.00s Real=0.00s
[2024-09-09T06:53:23.988+0800][info] GC(140) Pause Young (Mixed) (G1 Evacuation Pause)
[2024-09-09T06:53:23.988+0800][info] GC(140) Using 3 workers of 48 for evacuation
[2024-09-09T06:53:23.989+0800][info] GC(140)   Pre Evacuate Collection Set: 0.1ms
[2024-09-09T06:53:23.989+0800][info] GC(140)   Merge Heap Roots: 0.0ms
[2024-09-09T06:53:23.989+0800][info] GC(140)   Evacuate Collection Set: 1.3ms
[2024-09-09T06:53:23.989+0800][info] GC(140)   Post Evacuate Collection Set: 0.2ms
[2024-09-09T06:53:23.989+0800][info] GC(140)   Other: 0.2ms
[2024-09-09T06:53:23.989+0800][info] GC(140) Eden regions: 1->0(1)
[2024-09-09T06:53:23.989+0800][info] GC(140) Survivor regions: 1->1(1)
[2024-09-09T06:53:23.989+0800][info] GC(140) Old regions: 11->9
[2024-09-09T06:53:23.989+0800][info] GC(140) Archive regions: 2->2
[2024-09-09T06:53:23.989+0800][info] GC(140) Humongous regions: 0->0
[2024-09-09T06:53:23.989+0800][info] GC(140) Metaspace: 902K(1088K)->902K(1088K) NonClass: 848K(960K)->848K(960K) Class: 53K(128K)->53K(128K)
[2024-09-09T06:53:23.989+0800][info] GC(140) Pause Young (Mixed) (G1 Evacuation Pause) 52M->40M(128M) 1.884ms
[2024-09-09T06:53:23.989+0800][info] GC(140) User=0.01s Sys=0.00s Real=0.00s
[2024-09-09T06:53:24.481+0800][info] GC(141) Pause Young (Mixed) (G1 Evacuation Pause)
[2024-09-09T06:53:24.481+0800][info] GC(141) Using 3 workers of 48 for evacuation
[2024-09-09T06:53:24.483+0800][info] GC(141)   Pre Evacuate Collection Set: 0.0ms
[2024-09-09T06:53:24.483+0800][info] GC(141)   Merge Heap Roots: 0.0ms
[2024-09-09T06:53:24.483+0800][info] GC(141)   Evacuate Collection Set: 1.7ms
[2024-09-09T06:53:24.483+0800][info] GC(141)   Post Evacuate Collection Set: 0.2ms
[2024-09-09T06:53:24.483+0800][info] GC(141)   Other: 0.2ms
[2024-09-09T06:53:24.483+0800][info] GC(141) Eden regions: 1->0(5)
[2024-09-09T06:53:24.483+0800][info] GC(141) Survivor regions: 1->1(1)
[2024-09-09T06:53:24.484+0800][info] GC(141) Old regions: 9->9
[2024-09-09T06:53:24.484+0800][info] GC(141) Archive regions: 2->2
[2024-09-09T06:53:24.484+0800][info] GC(141) Humongous regions: 0->0
[2024-09-09T06:53:24.484+0800][info] GC(141) Metaspace: 902K(1088K)->902K(1088K) NonClass: 848K(960K)->848K(960K) Class: 53K(128K)->53K(128K)
[2024-09-09T06:53:24.484+0800][info] GC(141) Pause Young (Mixed) (G1 Evacuation Pause) 44M->40M(128M) 2.428ms
[2024-09-09T06:53:24.484+0800][info] GC(141) User=0.01s Sys=0.00s Real=0.00s
[2024-09-09T06:53:26.971+0800][info] GC(142) Pause Young (Concurrent Start) (G1 Evacuation Pause)
[2024-09-09T06:53:26.971+0800][info] GC(142) Using 3 workers of 48 for evacuation
[2024-09-09T06:53:26.974+0800][info] GC(142)   Pre Evacuate Collection Set: 0.1ms
[2024-09-09T06:53:26.974+0800][info] GC(142)   Merge Heap Roots: 0.0ms
[2024-09-09T06:53:26.974+0800][info] GC(142)   Evacuate Collection Set: 2.3ms
[2024-09-09T06:53:26.974+0800][info] GC(142)   Post Evacuate Collection Set: 0.2ms
[2024-09-09T06:53:26.974+0800][info] GC(142)   Other: 0.3ms
[2024-09-09T06:53:26.974+0800][info] GC(142) Eden regions: 5->0(4)
[2024-09-09T06:53:26.974+0800][info] GC(142) Survivor regions: 1->1(1)
[2024-09-09T06:53:26.974+0800][info] GC(142) Old regions: 9->14
[2024-09-09T06:53:26.974+0800][info] GC(142) Archive regions: 2->2
[2024-09-09T06:53:26.974+0800][info] GC(142) Humongous regions: 0->0
[2024-09-09T06:53:26.974+0800][info] GC(142) Metaspace: 902K(1088K)->902K(1088K) NonClass: 848K(960K)->848K(960K) Class: 53K(128K)->53K(128K)
[2024-09-09T06:53:26.974+0800][info] GC(142) Pause Young (Concurrent Start) (G1 Evacuation Pause) 60M->60M(128M) 3.029ms
[2024-09-09T06:53:26.974+0800][info] GC(142) User=0.01s Sys=0.00s Real=0.00s
[2024-09-09T06:53:26.974+0800][info] GC(143) Concurrent Mark Cycle
[2024-09-09T06:53:26.974+0800][info] GC(143) Concurrent Clear Claimed Marks
[2024-09-09T06:53:26.974+0800][info] GC(143) Concurrent Clear Claimed Marks 0.024ms
[2024-09-09T06:53:26.974+0800][info] GC(143) Concurrent Scan Root Regions
[2024-09-09T06:53:26.974+0800][info] GC(143) Concurrent Scan Root Regions 0.103ms
[2024-09-09T06:53:26.974+0800][info] GC(143) Concurrent Mark
[2024-09-09T06:53:26.974+0800][info] GC(143) Concurrent Mark From Roots
[2024-09-09T06:53:26.974+0800][info] GC(143) Using 12 workers of 12 for marking
[2024-09-09T06:53:26.978+0800][info] GC(143) Concurrent Mark From Roots 3.315ms
[2024-09-09T06:53:26.978+0800][info] GC(143) Concurrent Preclean
[2024-09-09T06:53:26.979+0800][info] GC(143) Concurrent Preclean 1.832ms
[2024-09-09T06:53:26.980+0800][info] GC(143) Pause Remark
[2024-09-09T06:53:26.981+0800][info] GC(143) Pause Remark 61M->41M(128M) 1.172ms
[2024-09-09T06:53:26.981+0800][info] GC(143) User=0.00s Sys=0.00s Real=0.00s
[2024-09-09T06:53:26.981+0800][info] GC(143) Concurrent Mark 6.594ms
[2024-09-09T06:53:26.981+0800][info] GC(143) Concurrent Rebuild Remembered Sets
[2024-09-09T06:53:26.984+0800][info] GC(143) Concurrent Rebuild Remembered Sets 3.158ms
[2024-09-09T06:53:26.984+0800][info] GC(143) Pause Cleanup
[2024-09-09T06:53:26.984+0800][info] GC(143) Pause Cleanup 41M->41M(128M) 0.244ms
[2024-09-09T06:53:26.984+0800][info] GC(143) User=0.00s Sys=0.00s Real=0.00s
[2024-09-09T06:53:26.984+0800][info] GC(143) Concurrent Cleanup for Next Mark
[2024-09-09T06:53:26.985+0800][info] GC(143) Concurrent Cleanup for Next Mark 0.642ms
[2024-09-09T06:53:26.985+0800][info] GC(143) Concurrent Mark Cycle 11.125ms
[2024-09-09T06:53:28.455+0800][info] GC(144) Pause Young (Prepare Mixed) (G1 Preventive Collection)
[2024-09-09T06:53:28.455+0800][info] GC(144) Using 3 workers of 48 for evacuation
[2024-09-09T06:53:28.457+0800][info] GC(144)   Pre Evacuate Collection Set: 0.1ms
[2024-09-09T06:53:28.457+0800][info] GC(144)   Merge Heap Roots: 0.0ms
[2024-09-09T06:53:28.457+0800][info] GC(144)   Evacuate Collection Set: 1.4ms
[2024-09-09T06:53:28.457+0800][info] GC(144)   Post Evacuate Collection Set: 0.2ms
[2024-09-09T06:53:28.457+0800][info] GC(144)   Other: 0.2ms
[2024-09-09T06:53:28.457+0800][info] GC(144) Eden regions: 3->0(1)
[2024-09-09T06:53:28.457+0800][info] GC(144) Survivor regions: 1->1(1)
[2024-09-09T06:53:28.457+0800][info] GC(144) Old regions: 9->11
[2024-09-09T06:53:28.457+0800][info] GC(144) Archive regions: 2->2
[2024-09-09T06:53:28.457+0800][info] GC(144) Humongous regions: 8->8
[2024-09-09T06:53:28.457+0800][info] GC(144) Metaspace: 902K(1088K)->902K(1088K) NonClass: 848K(960K)->848K(960K) Class: 53K(128K)->53K(128K)
[2024-09-09T06:53:28.457+0800][info] GC(144) Pause Young (Prepare Mixed) (G1 Preventive Collection) 83M->82M(128M) 2.133ms
[2024-09-09T06:53:28.457+0800][info] GC(144) User=0.00s Sys=0.00s Real=0.01s
[2024-09-09T06:53:28.479+0800][info] GC(145) Pause Young (Mixed) (G1 Preventive Collection)
[2024-09-09T06:53:28.479+0800][info] GC(145) Using 3 workers of 48 for evacuation
[2024-09-09T06:53:28.481+0800][info] GC(145)   Pre Evacuate Collection Set: 0.0ms
[2024-09-09T06:53:28.482+0800][info] GC(145)   Merge Heap Roots: 0.0ms
[2024-09-09T06:53:28.482+0800][info] GC(145)   Evacuate Collection Set: 1.7ms
[2024-09-09T06:53:28.482+0800][info] GC(145)   Post Evacuate Collection Set: 0.2ms
[2024-09-09T06:53:28.482+0800][info] GC(145)   Other: 0.2ms
[2024-09-09T06:53:28.482+0800][info] GC(145) Eden regions: 1->0(1)
[2024-09-09T06:53:28.482+0800][info] GC(145) Survivor regions: 1->1(1)
[2024-09-09T06:53:28.482+0800][info] GC(145) Old regions: 11->9
[2024-09-09T06:53:28.482+0800][info] GC(145) Archive regions: 2->2
[2024-09-09T06:53:28.482+0800][info] GC(145) Humongous regions: 12->12
[2024-09-09T06:53:28.482+0800][info] GC(145) Metaspace: 902K(1088K)->902K(1088K) NonClass: 848K(960K)->848K(960K) Class: 53K(128K)->53K(128K)
[2024-09-09T06:53:28.482+0800][info] GC(145) Pause Young (Mixed) (G1 Preventive Collection) 98M->84M(128M) 2.225ms
[2024-09-09T06:53:28.482+0800][info] GC(145) User=0.01s Sys=0.00s Real=0.00s
[2024-09-09T06:53:28.482+0800][info] Attempting full compaction
[2024-09-09T06:53:28.482+0800][info] GC(146) Using 1 workers of 48 for full compaction
[2024-09-09T06:53:28.482+0800][info] GC(146) Pause Full (G1 Compaction Pause)
[2024-09-09T06:53:28.482+0800][info] GC(146) Phase 1: Mark live objects
[2024-09-09T06:53:28.485+0800][info] GC(146) Phase 1: Mark live objects 3.669ms
[2024-09-09T06:53:28.486+0800][info] GC(146) Phase 2: Prepare for compaction
[2024-09-09T06:53:28.486+0800][info] GC(146) Phase 2: Prepare for compaction 0.548ms
[2024-09-09T06:53:28.486+0800][info] GC(146) Phase 3: Adjust pointers
[2024-09-09T06:53:28.488+0800][info] GC(146) Phase 3: Adjust pointers 1.583ms
[2024-09-09T06:53:28.488+0800][info] GC(146) Phase 4: Compact heap
[2024-09-09T06:53:28.489+0800][info] GC(146) Phase 4: Compact heap 0.797ms
[2024-09-09T06:53:28.490+0800][info] GC(146) Eden regions: 0->0(4)
[2024-09-09T06:53:28.490+0800][info] GC(146) Survivor regions: 1->0(1)
[2024-09-09T06:53:28.490+0800][info] GC(146) Old regions: 9->1
[2024-09-09T06:53:28.490+0800][info] GC(146) Archive regions: 2->2
[2024-09-09T06:53:28.490+0800][info] GC(146) Humongous regions: 12->12
[2024-09-09T06:53:28.490+0800][info] GC(146) Metaspace: 902K(1088K)->902K(1088K) NonClass: 848K(960K)->848K(960K) Class: 53K(128K)->53K(128K)
[2024-09-09T06:53:28.490+0800][info] GC(146) Pause Full (G1 Compaction Pause) 84M->52M(128M) 8.083ms
[2024-09-09T06:53:28.490+0800][info] GC(146) User=0.01s Sys=0.00s Real=0.01s
[2024-09-09T06:53:28.512+0800][info] GC(147) Pause Young (Concurrent Start) (G1 Humongous Allocation)
[2024-09-09T06:53:28.512+0800][info] GC(147) Using 3 workers of 48 for evacuation
[2024-09-09T06:53:28.513+0800][info] GC(147)   Pre Evacuate Collection Set: 0.0ms
[2024-09-09T06:53:28.513+0800][info] GC(147)   Merge Heap Roots: 0.0ms
[2024-09-09T06:53:28.513+0800][info] GC(147)   Evacuate Collection Set: 0.1ms
[2024-09-09T06:53:28.513+0800][info] GC(147)   Post Evacuate Collection Set: 0.1ms
[2024-09-09T06:53:28.513+0800][info] GC(147)   Other: 0.3ms
[2024-09-09T06:53:28.513+0800][info] GC(147) Eden regions: 1->0(1)
[2024-09-09T06:53:28.513+0800][info] GC(147) Survivor regions: 0->1(1)
[2024-09-09T06:53:28.513+0800][info] GC(147) Old regions: 1->1
[2024-09-09T06:53:28.513+0800][info] GC(147) Archive regions: 2->2
[2024-09-09T06:53:28.513+0800][info] GC(147) Humongous regions: 16->16
[2024-09-09T06:53:28.513+0800][info] GC(147) Metaspace: 902K(1088K)->902K(1088K) NonClass: 848K(960K)->848K(960K) Class: 53K(128K)->53K(128K)
[2024-09-09T06:53:28.513+0800][info] GC(147) Pause Young (Concurrent Start) (G1 Humongous Allocation) 69M->68M(128M) 0.817ms
[2024-09-09T06:53:28.513+0800][info] GC(147) User=0.00s Sys=0.00s Real=0.00s
[2024-09-09T06:53:28.513+0800][info] GC(148) Concurrent Mark Cycle
[2024-09-09T06:53:28.513+0800][info] GC(148) Concurrent Clear Claimed Marks
[2024-09-09T06:53:28.513+0800][info] GC(148) Concurrent Clear Claimed Marks 0.021ms
[2024-09-09T06:53:28.513+0800][info] GC(148) Concurrent Scan Root Regions
[2024-09-09T06:53:28.513+0800][info] GC(148) Concurrent Scan Root Regions 0.070ms
[2024-09-09T06:53:28.513+0800][info] GC(148) Concurrent Mark
[2024-09-09T06:53:28.513+0800][info] GC(148) Concurrent Mark From Roots
[2024-09-09T06:53:28.513+0800][info] GC(148) Using 12 workers of 12 for marking
[2024-09-09T06:53:28.515+0800][info] GC(148) Concurrent Mark From Roots 2.115ms
[2024-09-09T06:53:28.515+0800][info] GC(148) Concurrent Preclean
[2024-09-09T06:53:28.517+0800][info] GC(148) Concurrent Preclean 1.707ms
[2024-09-09T06:53:28.517+0800][info] GC(148) Pause Remark
[2024-09-09T06:53:28.518+0800][info] GC(148) Pause Remark 85M->69M(128M) 1.014ms
[2024-09-09T06:53:28.518+0800][info] GC(148) User=0.00s Sys=0.00s Real=0.00s
[2024-09-09T06:53:28.518+0800][info] GC(148) Concurrent Mark 5.084ms
[2024-09-09T06:53:28.518+0800][info] GC(148) Concurrent Rebuild Remembered Sets
[2024-09-09T06:53:28.524+0800][info] GC(148) Concurrent Rebuild Remembered Sets 5.578ms
[2024-09-09T06:53:28.524+0800][info] GC(148) Pause Cleanup
[2024-09-09T06:53:28.524+0800][info] GC(148) Pause Cleanup 69M->69M(128M) 0.441ms
[2024-09-09T06:53:28.524+0800][info] GC(148) User=0.00s Sys=0.00s Real=0.00s
[2024-09-09T06:53:28.524+0800][info] GC(148) Concurrent Cleanup for Next Mark
[2024-09-09T06:53:28.525+0800][info] GC(148) Concurrent Cleanup for Next Mark 0.302ms
[2024-09-09T06:53:28.525+0800][info] GC(148) Concurrent Mark Cycle 11.819ms
[2024-09-09T06:53:29.129+0800][info] GC(149) Pause Young (Prepare Mixed) (G1 Humongous Allocation)
[2024-09-09T06:53:29.130+0800][info] GC(149) Using 3 workers of 48 for evacuation
[2024-09-09T06:53:29.130+0800][info] GC(149)   Pre Evacuate Collection Set: 0.1ms
[2024-09-09T06:53:29.130+0800][info] GC(149)   Merge Heap Roots: 0.0ms
[2024-09-09T06:53:29.130+0800][info] GC(149)   Evacuate Collection Set: 0.1ms
[2024-09-09T06:53:29.130+0800][info] GC(149)   Post Evacuate Collection Set: 0.1ms
[2024-09-09T06:53:29.130+0800][info] GC(149)   Other: 0.2ms
[2024-09-09T06:53:29.130+0800][info] GC(149) Eden regions: 1->0(1)
[2024-09-09T06:53:29.130+0800][info] GC(149) Survivor regions: 1->1(1)
[2024-09-09T06:53:29.130+0800][info] GC(149) Old regions: 1->1
[2024-09-09T06:53:29.130+0800][info] GC(149) Archive regions: 2->2
[2024-09-09T06:53:29.130+0800][info] GC(149) Humongous regions: 24->20
[2024-09-09T06:53:29.130+0800][info] GC(149) Metaspace: 902K(1088K)->902K(1088K) NonClass: 848K(960K)->848K(960K) Class: 53K(128K)->53K(128K)
[2024-09-09T06:53:29.130+0800][info] GC(149) Pause Young (Prepare Mixed) (G1 Humongous Allocation) 101M->84M(128M) 0.696ms
[2024-09-09T06:53:29.130+0800][info] GC(149) User=0.00s Sys=0.00s Real=0.00s
[2024-09-09T06:53:29.152+0800][info] GC(150) Pause Young (Mixed) (G1 Humongous Allocation)
[2024-09-09T06:53:29.152+0800][info] GC(150) Using 3 workers of 48 for evacuation
[2024-09-09T06:53:29.154+0800][info] GC(150)   Pre Evacuate Collection Set: 0.0ms
[2024-09-09T06:53:29.154+0800][info] GC(150)   Merge Heap Roots: 0.0ms
[2024-09-09T06:53:29.154+0800][info] GC(150)   Evacuate Collection Set: 1.3ms
[2024-09-09T06:53:29.154+0800][info] GC(150)   Post Evacuate Collection Set: 0.2ms
[2024-09-09T06:53:29.154+0800][info] GC(150)   Other: 0.1ms
[2024-09-09T06:53:29.154+0800][info] GC(150) Eden regions: 1->0(1)
[2024-09-09T06:53:29.154+0800][info] GC(150) Survivor regions: 1->1(1)
[2024-09-09T06:53:29.154+0800][info] GC(150) Old regions: 1->1
[2024-09-09T06:53:29.154+0800][info] GC(150) Archive regions: 2->2
[2024-09-09T06:53:29.154+0800][info] GC(150) Humongous regions: 24->12
[2024-09-09T06:53:29.154+0800][info] GC(150) Metaspace: 902K(1088K)->902K(1088K) NonClass: 848K(960K)->848K(960K) Class: 53K(128K)->53K(128K)
[2024-09-09T06:53:29.154+0800][info] GC(150) Pause Young (Mixed) (G1 Humongous Allocation) 101M->52M(128M) 1.827ms
[2024-09-09T06:53:29.154+0800][info] GC(150) User=0.00s Sys=0.00s Real=0.00s
[2024-09-09T06:53:29.678+0800][info] GC(151) Pause Young (Concurrent Start) (G1 Evacuation Pause)
[2024-09-09T06:53:29.678+0800][info] GC(151) Using 3 workers of 48 for evacuation
[2024-09-09T06:53:29.679+0800][info] GC(151)   Pre Evacuate Collection Set: 0.0ms
[2024-09-09T06:53:29.679+0800][info] GC(151)   Merge Heap Roots: 0.0ms
[2024-09-09T06:53:29.679+0800][info] GC(151)   Evacuate Collection Set: 0.4ms
[2024-09-09T06:53:29.679+0800][info] GC(151)   Post Evacuate Collection Set: 0.2ms
[2024-09-09T06:53:29.679+0800][info] GC(151)   Other: 0.3ms
[2024-09-09T06:53:29.679+0800][info] GC(151) Eden regions: 1->0(1)
[2024-09-09T06:53:29.679+0800][info] GC(151) Survivor regions: 1->1(1)
[2024-09-09T06:53:29.679+0800][info] GC(151) Old regions: 1->1
[2024-09-09T06:53:29.679+0800][info] GC(151) Archive regions: 2->2
[2024-09-09T06:53:29.679+0800][info] GC(151) Humongous regions: 16->12
[2024-09-09T06:53:29.679+0800][info] GC(151) Metaspace: 902K(1088K)->902K(1088K) NonClass: 848K(960K)->848K(960K) Class: 53K(128K)->53K(128K)
[2024-09-09T06:53:29.679+0800][info] GC(151) Pause Young (Concurrent Start) (G1 Evacuation Pause) 72M->56M(128M) 1.214ms
[2024-09-09T06:53:29.679+0800][info] GC(151) User=0.00s Sys=0.00s Real=0.00s
[2024-09-09T06:53:29.679+0800][info] GC(152) Concurrent Mark Cycle
[2024-09-09T06:53:29.679+0800][info] GC(152) Concurrent Clear Claimed Marks
[2024-09-09T06:53:29.679+0800][info] GC(152) Concurrent Clear Claimed Marks 0.019ms
[2024-09-09T06:53:29.679+0800][info] GC(152) Concurrent Scan Root Regions
[2024-09-09T06:53:29.679+0800][info] GC(152) Concurrent Scan Root Regions 0.119ms
[2024-09-09T06:53:29.679+0800][info] GC(152) Concurrent Mark
[2024-09-09T06:53:29.679+0800][info] GC(152) Concurrent Mark From Roots
[2024-09-09T06:53:29.679+0800][info] GC(152) Using 12 workers of 12 for marking
[2024-09-09T06:53:29.681+0800][info] GC(152) Concurrent Mark From Roots 1.917ms
[2024-09-09T06:53:29.681+0800][info] GC(152) Concurrent Preclean
[2024-09-09T06:53:29.683+0800][info] GC(152) Concurrent Preclean 1.665ms
[2024-09-09T06:53:29.683+0800][info] GC(152) Pause Remark
[2024-09-09T06:53:29.684+0800][info] GC(152) Pause Remark 56M->56M(128M) 1.004ms
[2024-09-09T06:53:29.684+0800][info] GC(152) User=0.00s Sys=0.00s Real=0.00s
[2024-09-09T06:53:29.684+0800][info] GC(152) Concurrent Mark 4.889ms
[2024-09-09T06:53:29.684+0800][info] GC(152) Concurrent Rebuild Remembered Sets
[2024-09-09T06:53:29.690+0800][info] GC(152) Concurrent Rebuild Remembered Sets 5.159ms
[2024-09-09T06:53:29.690+0800][info] GC(152) Pause Cleanup
[2024-09-09T06:53:29.690+0800][info] GC(152) Pause Cleanup 56M->56M(128M) 0.278ms
[2024-09-09T06:53:29.690+0800][info] GC(152) User=0.00s Sys=0.00s Real=0.00s
[2024-09-09T06:53:29.690+0800][info] GC(152) Concurrent Cleanup for Next Mark
[2024-09-09T06:53:29.690+0800][info] GC(152) Concurrent Cleanup for Next Mark 0.288ms
[2024-09-09T06:53:29.690+0800][info] GC(152) Concurrent Mark Cycle 11.073ms
[2024-09-09T06:53:30.321+0800][info] GC(153) Pause Young (Normal) (G1 Evacuation Pause)
[2024-09-09T06:53:30.321+0800][info] GC(153) Using 3 workers of 48 for evacuation
[2024-09-09T06:53:30.322+0800][info] GC(153)   Pre Evacuate Collection Set: 0.0ms
[2024-09-09T06:53:30.322+0800][info] GC(153)   Merge Heap Roots: 0.0ms
[2024-09-09T06:53:30.322+0800][info] GC(153)   Evacuate Collection Set: 0.8ms
[2024-09-09T06:53:30.322+0800][info] GC(153)   Post Evacuate Collection Set: 0.2ms
[2024-09-09T06:53:30.322+0800][info] GC(153)   Other: 0.2ms
[2024-09-09T06:53:30.322+0800][info] GC(153) Eden regions: 1->0(1)
[2024-09-09T06:53:30.323+0800][info] GC(153) Survivor regions: 1->1(1)
[2024-09-09T06:53:30.323+0800][info] GC(153) Old regions: 1->2
[2024-09-09T06:53:30.323+0800][info] GC(153) Archive regions: 2->2
[2024-09-09T06:53:30.323+0800][info] GC(153) Humongous regions: 12->12
[2024-09-09T06:53:30.323+0800][info] GC(153) Metaspace: 902K(1088K)->902K(1088K) NonClass: 848K(960K)->848K(960K) Class: 53K(128K)->53K(128K)
[2024-09-09T06:53:30.323+0800][info] GC(153) Pause Young (Normal) (G1 Evacuation Pause) 60M->60M(128M) 1.436ms
[2024-09-09T06:53:30.323+0800][info] GC(153) User=0.00s Sys=0.00s Real=0.00s
[2024-09-09T06:53:30.814+0800][info] GC(154) Pause Young (Concurrent Start) (G1 Evacuation Pause)
[2024-09-09T06:53:30.814+0800][info] GC(154) Using 3 workers of 48 for evacuation
[2024-09-09T06:53:30.815+0800][info] GC(154)   Pre Evacuate Collection Set: 0.0ms
[2024-09-09T06:53:30.815+0800][info] GC(154)   Merge Heap Roots: 0.0ms
[2024-09-09T06:53:30.815+0800][info] GC(154)   Evacuate Collection Set: 0.8ms
[2024-09-09T06:53:30.815+0800][info] GC(154)   Post Evacuate Collection Set: 0.1ms
[2024-09-09T06:53:30.815+0800][info] GC(154)   Other: 0.3ms
[2024-09-09T06:53:30.815+0800][info] GC(154) Eden regions: 1->0(1)
[2024-09-09T06:53:30.815+0800][info] GC(154) Survivor regions: 1->1(1)
[2024-09-09T06:53:30.815+0800][info] GC(154) Old regions: 2->3
[2024-09-09T06:53:30.815+0800][info] GC(154) Archive regions: 2->2
[2024-09-09T06:53:30.815+0800][info] GC(154) Humongous regions: 12->12
[2024-09-09T06:53:30.815+0800][info] GC(154) Metaspace: 902K(1088K)->902K(1088K) NonClass: 848K(960K)->848K(960K) Class: 53K(128K)->53K(128K)
[2024-09-09T06:53:30.816+0800][info] GC(154) Pause Young (Concurrent Start) (G1 Evacuation Pause) 64M->64M(128M) 1.474ms
[2024-09-09T06:53:30.816+0800][info] GC(154) User=0.00s Sys=0.00s Real=0.00s
[2024-09-09T06:53:30.816+0800][info] GC(155) Concurrent Mark Cycle
[2024-09-09T06:53:30.816+0800][info] GC(155) Concurrent Clear Claimed Marks
[2024-09-09T06:53:30.816+0800][info] GC(155) Concurrent Clear Claimed Marks 0.011ms
[2024-09-09T06:53:30.816+0800][info] GC(155) Concurrent Scan Root Regions
[2024-09-09T06:53:30.816+0800][info] GC(155) Concurrent Scan Root Regions 0.069ms
[2024-09-09T06:53:30.816+0800][info] GC(155) Concurrent Mark
[2024-09-09T06:53:30.816+0800][info] GC(155) Concurrent Mark From Roots
[2024-09-09T06:53:30.816+0800][info] GC(155) Using 12 workers of 12 for marking
[2024-09-09T06:53:30.818+0800][info] GC(155) Concurrent Mark From Roots 2.368ms
[2024-09-09T06:53:30.818+0800][info] GC(155) Concurrent Preclean
[2024-09-09T06:53:30.819+0800][info] GC(155) Concurrent Preclean 0.654ms
[2024-09-09T06:53:30.819+0800][info] GC(155) Pause Remark
[2024-09-09T06:53:30.820+0800][info] GC(155) Pause Remark 64M->16M(128M) 1.050ms
[2024-09-09T06:53:30.820+0800][info] GC(155) User=0.00s Sys=0.00s Real=0.00s
[2024-09-09T06:53:30.820+0800][info] GC(155) Concurrent Mark 4.256ms
[2024-09-09T06:53:30.820+0800][info] GC(155) Concurrent Rebuild Remembered Sets
[2024-09-09T06:53:30.821+0800][info] GC(155) Concurrent Rebuild Remembered Sets 0.878ms
[2024-09-09T06:53:30.821+0800][info] GC(155) Pause Cleanup
[2024-09-09T06:53:30.821+0800][info] GC(155) Pause Cleanup 16M->16M(128M) 0.125ms
[2024-09-09T06:53:30.821+0800][info] GC(155) User=0.00s Sys=0.00s Real=0.00s
[2024-09-09T06:53:30.821+0800][info] GC(155) Concurrent Cleanup for Next Mark
[2024-09-09T06:53:30.821+0800][info] GC(155) Concurrent Cleanup for Next Mark 0.302ms
[2024-09-09T06:53:30.821+0800][info] GC(155) Concurrent Mark Cycle 5.812ms
[2024-09-09T06:53:31.462+0800][info] GC(156) Pause Young (Normal) (G1 Evacuation Pause)
[2024-09-09T06:53:31.462+0800][info] GC(156) Using 3 workers of 48 for evacuation
[2024-09-09T06:53:31.463+0800][info] GC(156)   Pre Evacuate Collection Set: 0.0ms
[2024-09-09T06:53:31.463+0800][info] GC(156)   Merge Heap Roots: 0.0ms
[2024-09-09T06:53:31.463+0800][info] GC(156)   Evacuate Collection Set: 0.8ms
[2024-09-09T06:53:31.463+0800][info] GC(156)   Post Evacuate Collection Set: 0.1ms
[2024-09-09T06:53:31.464+0800][info] GC(156)   Other: 0.2ms
[2024-09-09T06:53:31.464+0800][info] GC(156) Eden regions: 1->0(1)
[2024-09-09T06:53:31.464+0800][info] GC(156) Survivor regions: 1->1(1)
[2024-09-09T06:53:31.464+0800][info] GC(156) Old regions: 3->4
[2024-09-09T06:53:31.464+0800][info] GC(156) Archive regions: 2->2
[2024-09-09T06:53:31.464+0800][info] GC(156) Humongous regions: 0->0
[2024-09-09T06:53:31.464+0800][info] GC(156) Metaspace: 902K(1088K)->902K(1088K) NonClass: 848K(960K)->848K(960K) Class: 53K(128K)->53K(128K)
[2024-09-09T06:53:31.464+0800][info] GC(156) Pause Young (Normal) (G1 Evacuation Pause) 20M->20M(128M) 1.259ms
[2024-09-09T06:53:31.464+0800][info] GC(156) User=0.00s Sys=0.00s Real=0.00s
[2024-09-09T06:53:31.960+0800][info] GC(157) Pause Young (Concurrent Start) (G1 Evacuation Pause)
[2024-09-09T06:53:31.960+0800][info] GC(157) Using 3 workers of 48 for evacuation
[2024-09-09T06:53:31.961+0800][info] GC(157)   Pre Evacuate Collection Set: 0.0ms
[2024-09-09T06:53:31.961+0800][info] GC(157)   Merge Heap Roots: 0.0ms
[2024-09-09T06:53:31.961+0800][info] GC(157)   Evacuate Collection Set: 0.8ms
[2024-09-09T06:53:31.962+0800][info] GC(157)   Post Evacuate Collection Set: 0.1ms
[2024-09-09T06:53:31.962+0800][info] GC(157)   Other: 0.3ms
[2024-09-09T06:53:31.962+0800][info] GC(157) Eden regions: 1->0(1)
[2024-09-09T06:53:31.962+0800][info] GC(157) Survivor regions: 1->1(1)
[2024-09-09T06:53:31.962+0800][info] GC(157) Old regions: 4->5
[2024-09-09T06:53:31.962+0800][info] GC(157) Archive regions: 2->2
[2024-09-09T06:53:31.962+0800][info] GC(157) Humongous regions: 0->0
[2024-09-09T06:53:31.962+0800][info] GC(157) Metaspace: 902K(1088K)->902K(1088K) NonClass: 848K(960K)->848K(960K) Class: 53K(128K)->53K(128K)
[2024-09-09T06:53:31.962+0800][info] GC(157) Pause Young (Concurrent Start) (G1 Evacuation Pause) 24M->24M(128M) 1.445ms
[2024-09-09T06:53:31.962+0800][info] GC(157) User=0.00s Sys=0.00s Real=0.00s
[2024-09-09T06:53:31.962+0800][info] GC(158) Concurrent Mark Cycle
[2024-09-09T06:53:31.962+0800][info] GC(158) Concurrent Clear Claimed Marks
[2024-09-09T06:53:31.962+0800][info] GC(158) Concurrent Clear Claimed Marks 0.018ms
[2024-09-09T06:53:31.962+0800][info] GC(158) Concurrent Scan Root Regions
[2024-09-09T06:53:31.962+0800][info] GC(158) Concurrent Scan Root Regions 0.112ms
[2024-09-09T06:53:31.962+0800][info] GC(158) Concurrent Mark
[2024-09-09T06:53:31.962+0800][info] GC(158) Concurrent Mark From Roots
[2024-09-09T06:53:31.962+0800][info] GC(158) Using 12 workers of 12 for marking
[2024-09-09T06:53:31.964+0800][info] GC(158) Concurrent Mark From Roots 1.607ms
[2024-09-09T06:53:31.964+0800][info] GC(158) Concurrent Preclean
[2024-09-09T06:53:31.965+0800][info] GC(158) Concurrent Preclean 1.717ms
[2024-09-09T06:53:31.965+0800][info] GC(158) Pause Remark
[2024-09-09T06:53:31.966+0800][info] GC(158) Pause Remark 24M->24M(128M) 0.840ms
[2024-09-09T06:53:31.966+0800][info] GC(158) User=0.00s Sys=0.00s Real=0.00s
[2024-09-09T06:53:31.966+0800][info] GC(158) Concurrent Mark 4.319ms
[2024-09-09T06:53:31.966+0800][info] GC(158) Concurrent Rebuild Remembered Sets
[2024-09-09T06:53:31.967+0800][info] GC(158) Concurrent Rebuild Remembered Sets 1.146ms
[2024-09-09T06:53:31.967+0800][info] GC(158) Pause Cleanup
[2024-09-09T06:53:31.968+0800][info] GC(158) Pause Cleanup 24M->24M(128M) 0.167ms
[2024-09-09T06:53:31.968+0800][info] GC(158) User=0.00s Sys=0.00s Real=0.00s
[2024-09-09T06:53:31.968+0800][info] GC(158) Concurrent Cleanup for Next Mark
[2024-09-09T06:53:31.968+0800][info] GC(158) Concurrent Cleanup for Next Mark 0.271ms
[2024-09-09T06:53:31.968+0800][info] GC(158) Concurrent Mark Cycle 6.267ms
[2024-09-09T06:53:32.604+0800][info] GC(159) Pause Young (Normal) (G1 Evacuation Pause)
[2024-09-09T06:53:32.604+0800][info] GC(159) Using 3 workers of 48 for evacuation
[2024-09-09T06:53:32.605+0800][info] GC(159)   Pre Evacuate Collection Set: 0.0ms
[2024-09-09T06:53:32.605+0800][info] GC(159)   Merge Heap Roots: 0.0ms
[2024-09-09T06:53:32.605+0800][info] GC(159)   Evacuate Collection Set: 0.7ms
[2024-09-09T06:53:32.605+0800][info] GC(159)   Post Evacuate Collection Set: 0.1ms
[2024-09-09T06:53:32.605+0800][info] GC(159)   Other: 0.2ms
[2024-09-09T06:53:32.605+0800][info] GC(159) Eden regions: 1->0(1)
[2024-09-09T06:53:32.605+0800][info] GC(159) Survivor regions: 1->1(1)
[2024-09-09T06:53:32.605+0800][info] GC(159) Old regions: 5->6
[2024-09-09T06:53:32.605+0800][info] GC(159) Archive regions: 2->2
[2024-09-09T06:53:32.605+0800][info] GC(159) Humongous regions: 0->0
[2024-09-09T06:53:32.605+0800][info] GC(159) Metaspace: 902K(1088K)->902K(1088K) NonClass: 848K(960K)->848K(960K) Class: 53K(128K)->53K(128K)
[2024-09-09T06:53:32.605+0800][info] GC(159) Pause Young (Normal) (G1 Evacuation Pause) 28M->28M(128M) 1.259ms
[2024-09-09T06:53:32.605+0800][info] GC(159) User=0.00s Sys=0.00s Real=0.01s
[2024-09-09T06:53:33.096+0800][info] GC(160) Pause Young (Concurrent Start) (G1 Evacuation Pause)
[2024-09-09T06:53:33.096+0800][info] GC(160) Using 3 workers of 48 for evacuation
[2024-09-09T06:53:33.098+0800][info] GC(160)   Pre Evacuate Collection Set: 0.0ms
[2024-09-09T06:53:33.098+0800][info] GC(160)   Merge Heap Roots: 0.1ms
[2024-09-09T06:53:33.098+0800][info] GC(160)   Evacuate Collection Set: 0.7ms
[2024-09-09T06:53:33.098+0800][info] GC(160)   Post Evacuate Collection Set: 0.1ms
[2024-09-09T06:53:33.098+0800][info] GC(160)   Other: 0.3ms
[2024-09-09T06:53:33.098+0800][info] GC(160) Eden regions: 1->0(1)
[2024-09-09T06:53:33.098+0800][info] GC(160) Survivor regions: 1->1(1)
[2024-09-09T06:53:33.098+0800][info] GC(160) Old regions: 6->7
[2024-09-09T06:53:33.098+0800][info] GC(160) Archive regions: 2->2
[2024-09-09T06:53:33.098+0800][info] GC(160) Humongous regions: 0->0
[2024-09-09T06:53:33.098+0800][info] GC(160) Metaspace: 902K(1088K)->902K(1088K) NonClass: 848K(960K)->848K(960K) Class: 53K(128K)->53K(128K)
[2024-09-09T06:53:33.098+0800][info] GC(160) Pause Young (Concurrent Start) (G1 Evacuation Pause) 32M->32M(128M) 1.387ms
[2024-09-09T06:53:33.098+0800][info] GC(160) User=0.00s Sys=0.00s Real=0.01s
[2024-09-09T06:53:33.098+0800][info] GC(161) Concurrent Mark Cycle
[2024-09-09T06:53:33.098+0800][info] GC(161) Concurrent Clear Claimed Marks
[2024-09-09T06:53:33.098+0800][info] GC(161) Concurrent Clear Claimed Marks 0.020ms
[2024-09-09T06:53:33.098+0800][info] GC(161) Concurrent Scan Root Regions
[2024-09-09T06:53:33.098+0800][info] GC(161) Concurrent Scan Root Regions 0.156ms
[2024-09-09T06:53:33.098+0800][info] GC(161) Concurrent Mark
[2024-09-09T06:53:33.098+0800][info] GC(161) Concurrent Mark From Roots
[2024-09-09T06:53:33.098+0800][info] GC(161) Using 12 workers of 12 for marking
[2024-09-09T06:53:33.100+0800][info] GC(161) Concurrent Mark From Roots 1.754ms
[2024-09-09T06:53:33.100+0800][info] GC(161) Concurrent Preclean
[2024-09-09T06:53:33.102+0800][info] GC(161) Concurrent Preclean 1.801ms
[2024-09-09T06:53:33.102+0800][info] GC(161) Pause Remark
[2024-09-09T06:53:33.103+0800][info] GC(161) Pause Remark 32M->32M(128M) 0.860ms
[2024-09-09T06:53:33.103+0800][info] GC(161) User=0.00s Sys=0.00s Real=0.00s
[2024-09-09T06:53:33.103+0800][info] GC(161) Concurrent Mark 4.598ms
[2024-09-09T06:53:33.103+0800][info] GC(161) Concurrent Rebuild Remembered Sets
[2024-09-09T06:53:33.104+0800][info] GC(161) Concurrent Rebuild Remembered Sets 1.600ms
[2024-09-09T06:53:33.105+0800][info] GC(161) Pause Cleanup
[2024-09-09T06:53:33.105+0800][info] GC(161) Pause Cleanup 32M->32M(128M) 0.177ms
[2024-09-09T06:53:33.105+0800][info] GC(161) User=0.00s Sys=0.00s Real=0.00s
[2024-09-09T06:53:33.105+0800][info] GC(161) Concurrent Cleanup for Next Mark
[2024-09-09T06:53:33.105+0800][info] GC(161) Concurrent Cleanup for Next Mark 0.657ms
[2024-09-09T06:53:33.105+0800][info] GC(161) Concurrent Mark Cycle 7.538ms
[2024-09-09T06:53:33.745+0800][info] GC(162) Pause Young (Prepare Mixed) (G1 Evacuation Pause)
[2024-09-09T06:53:33.745+0800][info] GC(162) Using 3 workers of 48 for evacuation
[2024-09-09T06:53:33.746+0800][info] GC(162)   Pre Evacuate Collection Set: 0.0ms
[2024-09-09T06:53:33.746+0800][info] GC(162)   Merge Heap Roots: 0.0ms
[2024-09-09T06:53:33.746+0800][info] GC(162)   Evacuate Collection Set: 0.7ms
[2024-09-09T06:53:33.746+0800][info] GC(162)   Post Evacuate Collection Set: 0.1ms
[2024-09-09T06:53:33.746+0800][info] GC(162)   Other: 0.2ms
[2024-09-09T06:53:33.746+0800][info] GC(162) Eden regions: 1->0(1)
[2024-09-09T06:53:33.746+0800][info] GC(162) Survivor regions: 1->1(1)
[2024-09-09T06:53:33.746+0800][info] GC(162) Old regions: 7->8
[2024-09-09T06:53:33.746+0800][info] GC(162) Archive regions: 2->2
[2024-09-09T06:53:33.746+0800][info] GC(162) Humongous regions: 0->0
[2024-09-09T06:53:33.746+0800][info] GC(162) Metaspace: 902K(1088K)->902K(1088K) NonClass: 848K(960K)->848K(960K) Class: 53K(128K)->53K(128K)
[2024-09-09T06:53:33.746+0800][info] GC(162) Pause Young (Prepare Mixed) (G1 Evacuation Pause) 36M->36M(128M) 1.272ms
[2024-09-09T06:53:33.746+0800][info] GC(162) User=0.00s Sys=0.00s Real=0.01s
[2024-09-09T06:53:34.243+0800][info] GC(163) Pause Young (Mixed) (G1 Evacuation Pause)
[2024-09-09T06:53:34.243+0800][info] GC(163) Using 3 workers of 48 for evacuation
[2024-09-09T06:53:34.245+0800][info] GC(163)   Pre Evacuate Collection Set: 0.0ms
[2024-09-09T06:53:34.245+0800][info] GC(163)   Merge Heap Roots: 0.0ms
[2024-09-09T06:53:34.245+0800][info] GC(163)   Evacuate Collection Set: 1.8ms
[2024-09-09T06:53:34.245+0800][info] GC(163)   Post Evacuate Collection Set: 0.2ms
[2024-09-09T06:53:34.245+0800][info] GC(163)   Other: 0.1ms
[2024-09-09T06:53:34.245+0800][info] GC(163) Eden regions: 1->0(1)
[2024-09-09T06:53:34.245+0800][info] GC(163) Survivor regions: 1->1(1)
[2024-09-09T06:53:34.245+0800][info] GC(163) Old regions: 8->7
[2024-09-09T06:53:34.245+0800][info] GC(163) Archive regions: 2->2
[2024-09-09T06:53:34.245+0800][info] GC(163) Humongous regions: 0->0
[2024-09-09T06:53:34.245+0800][info] GC(163) Metaspace: 902K(1088K)->902K(1088K) NonClass: 848K(960K)->848K(960K) Class: 53K(128K)->53K(128K)
[2024-09-09T06:53:34.245+0800][info] GC(163) Pause Young (Mixed) (G1 Evacuation Pause) 40M->33M(128M) 2.259ms
[2024-09-09T06:53:34.245+0800][info] GC(163) User=0.00s Sys=0.01s Real=0.01s
[2024-09-09T06:53:34.737+0800][info] GC(164) Pause Young (Mixed) (G1 Evacuation Pause)
[2024-09-09T06:53:34.737+0800][info] GC(164) Using 3 workers of 48 for evacuation
[2024-09-09T06:53:34.738+0800][info] GC(164)   Pre Evacuate Collection Set: 0.0ms
[2024-09-09T06:53:34.738+0800][info] GC(164)   Merge Heap Roots: 0.0ms
[2024-09-09T06:53:34.738+0800][info] GC(164)   Evacuate Collection Set: 1.1ms
[2024-09-09T06:53:34.738+0800][info] GC(164)   Post Evacuate Collection Set: 0.1ms
[2024-09-09T06:53:34.738+0800][info] GC(164)   Other: 0.3ms
[2024-09-09T06:53:34.738+0800][info] GC(164) Eden regions: 1->0(2)
[2024-09-09T06:53:34.738+0800][info] GC(164) Survivor regions: 1->1(1)
[2024-09-09T06:53:34.738+0800][info] GC(164) Old regions: 7->8
[2024-09-09T06:53:34.738+0800][info] GC(164) Archive regions: 2->2
[2024-09-09T06:53:34.738+0800][info] GC(164) Humongous regions: 0->0
[2024-09-09T06:53:34.738+0800][info] GC(164) Metaspace: 902K(1088K)->902K(1088K) NonClass: 848K(960K)->848K(960K) Class: 53K(128K)->53K(128K)
[2024-09-09T06:53:34.738+0800][info] GC(164) Pause Young (Mixed) (G1 Evacuation Pause) 37M->36M(128M) 1.678ms
[2024-09-09T06:53:34.738+0800][info] GC(164) User=0.00s Sys=0.00s Real=0.01s
[2024-09-09T06:53:35.732+0800][info] GC(165) Pause Young (Concurrent Start) (G1 Evacuation Pause)
[2024-09-09T06:53:35.732+0800][info] GC(165) Using 3 workers of 48 for evacuation
[2024-09-09T06:53:35.733+0800][info] GC(165)   Pre Evacuate Collection Set: 0.0ms
[2024-09-09T06:53:35.733+0800][info] GC(165)   Merge Heap Roots: 0.0ms
[2024-09-09T06:53:35.733+0800][info] GC(165)   Evacuate Collection Set: 1.3ms
[2024-09-09T06:53:35.733+0800][info] GC(165)   Post Evacuate Collection Set: 0.1ms
[2024-09-09T06:53:35.733+0800][info] GC(165)   Other: 0.3ms
[2024-09-09T06:53:35.733+0800][info] GC(165) Eden regions: 2->0(2)
[2024-09-09T06:53:35.733+0800][info] GC(165) Survivor regions: 1->1(1)
[2024-09-09T06:53:35.733+0800][info] GC(165) Old regions: 8->10
[2024-09-09T06:53:35.733+0800][info] GC(165) Archive regions: 2->2
[2024-09-09T06:53:35.733+0800][info] GC(165) Humongous regions: 0->0
[2024-09-09T06:53:35.733+0800][info] GC(165) Metaspace: 902K(1088K)->902K(1088K) NonClass: 848K(960K)->848K(960K) Class: 53K(128K)->53K(128K)
[2024-09-09T06:53:35.733+0800][info] GC(165) Pause Young (Concurrent Start) (G1 Evacuation Pause) 44M->44M(128M) 1.919ms
[2024-09-09T06:53:35.733+0800][info] GC(165) User=0.01s Sys=0.00s Real=0.00s
[2024-09-09T06:53:35.734+0800][info] GC(166) Concurrent Mark Cycle
[2024-09-09T06:53:35.734+0800][info] GC(166) Concurrent Clear Claimed Marks
[2024-09-09T06:53:35.734+0800][info] GC(166) Concurrent Clear Claimed Marks 0.025ms
[2024-09-09T06:53:35.734+0800][info] GC(166) Concurrent Scan Root Regions
[2024-09-09T06:53:35.734+0800][info] GC(166) Concurrent Scan Root Regions 0.102ms
[2024-09-09T06:53:35.734+0800][info] GC(166) Concurrent Mark
[2024-09-09T06:53:35.734+0800][info] GC(166) Concurrent Mark From Roots
[2024-09-09T06:53:35.734+0800][info] GC(166) Using 12 workers of 12 for marking
[2024-09-09T06:53:35.736+0800][info] GC(166) Concurrent Mark From Roots 1.775ms
[2024-09-09T06:53:35.736+0800][info] GC(166) Concurrent Preclean
[2024-09-09T06:53:35.737+0800][info] GC(166) Concurrent Preclean 1.682ms
[2024-09-09T06:53:35.737+0800][info] GC(166) Pause Remark
[2024-09-09T06:53:35.738+0800][info] GC(166) Pause Remark 45M->37M(128M) 1.148ms
[2024-09-09T06:53:35.739+0800][info] GC(166) User=0.00s Sys=0.00s Real=0.00s
[2024-09-09T06:53:35.739+0800][info] GC(166) Concurrent Mark 4.838ms
[2024-09-09T06:53:35.739+0800][info] GC(166) Concurrent Rebuild Remembered Sets
[2024-09-09T06:53:35.740+0800][info] GC(166) Concurrent Rebuild Remembered Sets 1.834ms
[2024-09-09T06:53:35.741+0800][info] GC(166) Pause Cleanup
[2024-09-09T06:53:35.741+0800][info] GC(166) Pause Cleanup 37M->37M(128M) 0.210ms
[2024-09-09T06:53:35.741+0800][info] GC(166) User=0.00s Sys=0.00s Real=0.00s
[2024-09-09T06:53:35.741+0800][info] GC(166) Concurrent Cleanup for Next Mark
[2024-09-09T06:53:35.741+0800][info] GC(166) Concurrent Cleanup for Next Mark 0.487ms
[2024-09-09T06:53:35.741+0800][info] GC(166) Concurrent Mark Cycle 7.817ms
[2024-09-09T06:53:36.877+0800][info] GC(167) Pause Young (Prepare Mixed) (G1 Evacuation Pause)
[2024-09-09T06:53:36.877+0800][info] GC(167) Using 3 workers of 48 for evacuation
[2024-09-09T06:53:36.879+0800][info] GC(167)   Pre Evacuate Collection Set: 0.1ms
[2024-09-09T06:53:36.879+0800][info] GC(167)   Merge Heap Roots: 0.0ms
[2024-09-09T06:53:36.879+0800][info] GC(167)   Evacuate Collection Set: 1.3ms
[2024-09-09T06:53:36.879+0800][info] GC(167)   Post Evacuate Collection Set: 0.2ms
[2024-09-09T06:53:36.879+0800][info] GC(167)   Other: 0.2ms
[2024-09-09T06:53:36.879+0800][info] GC(167) Eden regions: 2->0(1)
[2024-09-09T06:53:36.879+0800][info] GC(167) Survivor regions: 1->1(1)
[2024-09-09T06:53:36.879+0800][info] GC(167) Old regions: 8->10
[2024-09-09T06:53:36.879+0800][info] GC(167) Archive regions: 2->2
[2024-09-09T06:53:36.879+0800][info] GC(167) Humongous regions: 0->0
[2024-09-09T06:53:36.879+0800][info] GC(167) Metaspace: 902K(1088K)->902K(1088K) NonClass: 848K(960K)->848K(960K) Class: 53K(128K)->53K(128K)
[2024-09-09T06:53:36.879+0800][info] GC(167) Pause Young (Prepare Mixed) (G1 Evacuation Pause) 44M->44M(128M) 1.974ms
[2024-09-09T06:53:36.879+0800][info] GC(167) User=0.01s Sys=0.00s Real=0.00s
[2024-09-09T06:53:37.371+0800][info] GC(168) Pause Young (Mixed) (G1 Evacuation Pause)
[2024-09-09T06:53:37.371+0800][info] GC(168) Using 3 workers of 48 for evacuation
[2024-09-09T06:53:37.373+0800][info] GC(168)   Pre Evacuate Collection Set: 0.0ms
[2024-09-09T06:53:37.373+0800][info] GC(168)   Merge Heap Roots: 0.0ms
[2024-09-09T06:53:37.373+0800][info] GC(168)   Evacuate Collection Set: 1.4ms
[2024-09-09T06:53:37.373+0800][info] GC(168)   Post Evacuate Collection Set: 0.2ms
[2024-09-09T06:53:37.373+0800][info] GC(168)   Other: 0.2ms
[2024-09-09T06:53:37.373+0800][info] GC(168) Eden regions: 1->0(5)
[2024-09-09T06:53:37.373+0800][info] GC(168) Survivor regions: 1->1(1)
[2024-09-09T06:53:37.373+0800][info] GC(168) Old regions: 10->8
[2024-09-09T06:53:37.373+0800][info] GC(168) Archive regions: 2->2
[2024-09-09T06:53:37.373+0800][info] GC(168) Humongous regions: 0->0
[2024-09-09T06:53:37.373+0800][info] GC(168) Metaspace: 902K(1088K)->902K(1088K) NonClass: 848K(960K)->848K(960K) Class: 53K(128K)->53K(128K)
[2024-09-09T06:53:37.373+0800][info] GC(168) Pause Young (Mixed) (G1 Evacuation Pause) 48M->37M(128M) 2.015ms
[2024-09-09T06:53:37.373+0800][info] GC(168) User=0.00s Sys=0.01s Real=0.00s
[2024-09-09T06:53:39.856+0800][info] GC(169) Pause Young (Concurrent Start) (G1 Evacuation Pause)
[2024-09-09T06:53:39.856+0800][info] GC(169) Using 3 workers of 48 for evacuation
[2024-09-09T06:53:39.860+0800][info] GC(169)   Pre Evacuate Collection Set: 0.1ms
[2024-09-09T06:53:39.860+0800][info] GC(169)   Merge Heap Roots: 0.1ms
[2024-09-09T06:53:39.860+0800][info] GC(169)   Evacuate Collection Set: 2.6ms
[2024-09-09T06:53:39.860+0800][info] GC(169)   Post Evacuate Collection Set: 0.2ms
[2024-09-09T06:53:39.860+0800][info] GC(169)   Other: 0.3ms
[2024-09-09T06:53:39.860+0800][info] GC(169) Eden regions: 5->0(4)
[2024-09-09T06:53:39.860+0800][info] GC(169) Survivor regions: 1->1(1)
[2024-09-09T06:53:39.860+0800][info] GC(169) Old regions: 8->13
[2024-09-09T06:53:39.860+0800][info] GC(169) Archive regions: 2->2
[2024-09-09T06:53:39.860+0800][info] GC(169) Humongous regions: 0->0
[2024-09-09T06:53:39.860+0800][info] GC(169) Metaspace: 902K(1088K)->902K(1088K) NonClass: 848K(960K)->848K(960K) Class: 53K(128K)->53K(128K)
[2024-09-09T06:53:39.860+0800][info] GC(169) Pause Young (Concurrent Start) (G1 Evacuation Pause) 57M->57M(128M) 3.478ms
[2024-09-09T06:53:39.860+0800][info] GC(169) User=0.00s Sys=0.00s Real=0.01s
[2024-09-09T06:53:39.860+0800][info] GC(170) Concurrent Mark Cycle
[2024-09-09T06:53:39.860+0800][info] GC(170) Concurrent Clear Claimed Marks
[2024-09-09T06:53:39.860+0800][info] GC(170) Concurrent Clear Claimed Marks 0.016ms
[2024-09-09T06:53:39.860+0800][info] GC(170) Concurrent Scan Root Regions
[2024-09-09T06:53:39.860+0800][info] GC(170) Concurrent Scan Root Regions 0.113ms
[2024-09-09T06:53:39.860+0800][info] GC(170) Concurrent Mark
[2024-09-09T06:53:39.860+0800][info] GC(170) Concurrent Mark From Roots
[2024-09-09T06:53:39.860+0800][info] GC(170) Using 12 workers of 12 for marking
[2024-09-09T06:53:39.863+0800][info] GC(170) Concurrent Mark From Roots 2.845ms
[2024-09-09T06:53:39.863+0800][info] GC(170) Concurrent Preclean
[2024-09-09T06:53:39.865+0800][info] GC(170) Concurrent Preclean 1.686ms
[2024-09-09T06:53:39.865+0800][info] GC(170) Pause Remark
[2024-09-09T06:53:39.866+0800][info] GC(170) Pause Remark 57M->41M(128M) 1.229ms
[2024-09-09T06:53:39.866+0800][info] GC(170) User=0.00s Sys=0.00s Real=0.00s
[2024-09-09T06:53:39.866+0800][info] GC(170) Concurrent Mark 5.957ms
[2024-09-09T06:53:39.866+0800][info] GC(170) Concurrent Rebuild Remembered Sets
[2024-09-09T06:53:39.868+0800][info] GC(170) Concurrent Rebuild Remembered Sets 1.999ms
[2024-09-09T06:53:39.868+0800][info] GC(170) Pause Cleanup
[2024-09-09T06:53:39.868+0800][info] GC(170) Pause Cleanup 41M->41M(128M) 0.195ms
[2024-09-09T06:53:39.868+0800][info] GC(170) User=0.00s Sys=0.00s Real=0.00s
[2024-09-09T06:53:39.868+0800][info] GC(170) Concurrent Cleanup for Next Mark
[2024-09-09T06:53:39.869+0800][info] GC(170) Concurrent Cleanup for Next Mark 0.338ms
[2024-09-09T06:53:39.869+0800][info] GC(170) Concurrent Mark Cycle 8.847ms
[2024-09-09T06:53:41.992+0800][info] GC(171) Pause Young (Prepare Mixed) (G1 Evacuation Pause)
[2024-09-09T06:53:41.992+0800][info] GC(171) Using 3 workers of 48 for evacuation
[2024-09-09T06:53:41.995+0800][info] GC(171)   Pre Evacuate Collection Set: 0.1ms
[2024-09-09T06:53:41.995+0800][info] GC(171)   Merge Heap Roots: 0.1ms
[2024-09-09T06:53:41.995+0800][info] GC(171)   Evacuate Collection Set: 2.4ms
[2024-09-09T06:53:41.995+0800][info] GC(171)   Post Evacuate Collection Set: 0.2ms
[2024-09-09T06:53:41.995+0800][info] GC(171)   Other: 0.2ms
[2024-09-09T06:53:41.995+0800][info] GC(171) Eden regions: 4->0(1)
[2024-09-09T06:53:41.995+0800][info] GC(171) Survivor regions: 1->1(1)
[2024-09-09T06:53:41.995+0800][info] GC(171) Old regions: 9->13
[2024-09-09T06:53:41.995+0800][info] GC(171) Archive regions: 2->2
[2024-09-09T06:53:41.995+0800][info] GC(171) Humongous regions: 0->0
[2024-09-09T06:53:41.995+0800][info] GC(171) Metaspace: 902K(1088K)->902K(1088K) NonClass: 848K(960K)->848K(960K) Class: 53K(128K)->53K(128K)
[2024-09-09T06:53:41.995+0800][info] GC(171) Pause Young (Prepare Mixed) (G1 Evacuation Pause) 57M->56M(128M) 3.047ms
[2024-09-09T06:53:41.995+0800][info] GC(171) User=0.01s Sys=0.00s Real=0.00s
[2024-09-09T06:53:42.487+0800][info] GC(172) Pause Young (Mixed) (G1 Evacuation Pause)
[2024-09-09T06:53:42.487+0800][info] GC(172) Using 3 workers of 48 for evacuation
[2024-09-09T06:53:42.490+0800][info] GC(172)   Pre Evacuate Collection Set: 0.1ms
[2024-09-09T06:53:42.490+0800][info] GC(172)   Merge Heap Roots: 0.0ms
[2024-09-09T06:53:42.490+0800][info] GC(172)   Evacuate Collection Set: 2.3ms
[2024-09-09T06:53:42.490+0800][info] GC(172)   Post Evacuate Collection Set: 0.2ms
[2024-09-09T06:53:42.490+0800][info] GC(172)   Other: 0.2ms
[2024-09-09T06:53:42.490+0800][info] GC(172) Eden regions: 1->0(5)
[2024-09-09T06:53:42.490+0800][info] GC(172) Survivor regions: 1->1(1)
[2024-09-09T06:53:42.490+0800][info] GC(172) Old regions: 13->10
[2024-09-09T06:53:42.490+0800][info] GC(172) Archive regions: 2->2
[2024-09-09T06:53:42.490+0800][info] GC(172) Humongous regions: 0->0
[2024-09-09T06:53:42.490+0800][info] GC(172) Metaspace: 902K(1088K)->902K(1088K) NonClass: 848K(960K)->848K(960K) Class: 53K(128K)->53K(128K)
[2024-09-09T06:53:42.490+0800][info] GC(172) Pause Young (Mixed) (G1 Evacuation Pause) 60M->46M(128M) 2.930ms
[2024-09-09T06:53:42.490+0800][info] GC(172) User=0.01s Sys=0.00s Real=0.00s
[2024-09-09T06:53:42.789+0800][info] GC(173) Pause Young (Concurrent Start) (G1 Humongous Allocation)
[2024-09-09T06:53:42.789+0800][info] GC(173) Using 3 workers of 48 for evacuation
[2024-09-09T06:53:42.791+0800][info] GC(173)   Pre Evacuate Collection Set: 0.0ms
[2024-09-09T06:53:42.791+0800][info] GC(173)   Merge Heap Roots: 0.0ms
[2024-09-09T06:53:42.791+0800][info] GC(173)   Evacuate Collection Set: 0.8ms
[2024-09-09T06:53:42.791+0800][info] GC(173)   Post Evacuate Collection Set: 0.1ms
[2024-09-09T06:53:42.791+0800][info] GC(173)   Other: 0.3ms
[2024-09-09T06:53:42.791+0800][info] GC(173) Eden regions: 1->0(5)
[2024-09-09T06:53:42.791+0800][info] GC(173) Survivor regions: 1->1(1)
[2024-09-09T06:53:42.791+0800][info] GC(173) Old regions: 10->11
[2024-09-09T06:53:42.791+0800][info] GC(173) Archive regions: 2->2
[2024-09-09T06:53:42.791+0800][info] GC(173) Humongous regions: 0->0
[2024-09-09T06:53:42.791+0800][info] GC(173) Metaspace: 902K(1088K)->902K(1088K) NonClass: 848K(960K)->848K(960K) Class: 53K(128K)->53K(128K)
[2024-09-09T06:53:42.791+0800][info] GC(173) Pause Young (Concurrent Start) (G1 Humongous Allocation) 48M->48M(128M) 1.529ms
[2024-09-09T06:53:42.791+0800][info] GC(173) User=0.00s Sys=0.00s Real=0.00s
[2024-09-09T06:53:42.791+0800][info] GC(174) Concurrent Mark Cycle
[2024-09-09T06:53:42.791+0800][info] GC(174) Concurrent Clear Claimed Marks
[2024-09-09T06:53:42.791+0800][info] GC(174) Concurrent Clear Claimed Marks 0.019ms
[2024-09-09T06:53:42.791+0800][info] GC(174) Concurrent Scan Root Regions
[2024-09-09T06:53:42.791+0800][info] GC(174) Concurrent Scan Root Regions 0.079ms
[2024-09-09T06:53:42.791+0800][info] GC(174) Concurrent Mark
[2024-09-09T06:53:42.791+0800][info] GC(174) Concurrent Mark From Roots
[2024-09-09T06:53:42.791+0800][info] GC(174) Using 12 workers of 12 for marking
[2024-09-09T06:53:42.793+0800][info] GC(174) Concurrent Mark From Roots 1.955ms
[2024-09-09T06:53:42.793+0800][info] GC(174) Concurrent Preclean
[2024-09-09T06:53:42.795+0800][info] GC(174) Concurrent Preclean 1.676ms
[2024-09-09T06:53:42.795+0800][info] GC(174) Pause Remark
[2024-09-09T06:53:42.796+0800][info] GC(174) Pause Remark 64M->48M(128M) 1.188ms
[2024-09-09T06:53:42.796+0800][info] GC(174) User=0.00s Sys=0.00s Real=0.00s
[2024-09-09T06:53:42.796+0800][info] GC(174) Concurrent Mark 5.035ms
[2024-09-09T06:53:42.796+0800][info] GC(174) Concurrent Rebuild Remembered Sets
[2024-09-09T06:53:42.799+0800][info] GC(174) Concurrent Rebuild Remembered Sets 3.245ms
[2024-09-09T06:53:42.799+0800][info] GC(174) Pause Cleanup
[2024-09-09T06:53:42.800+0800][info] GC(174) Pause Cleanup 48M->48M(128M) 0.315ms
[2024-09-09T06:53:42.800+0800][info] GC(174) User=0.00s Sys=0.00s Real=0.00s
[2024-09-09T06:53:42.800+0800][info] GC(174) Concurrent Cleanup for Next Mark
[2024-09-09T06:53:42.800+0800][info] GC(174) Concurrent Cleanup for Next Mark 0.266ms
[2024-09-09T06:53:42.800+0800][info] GC(174) Concurrent Mark Cycle 9.266ms
[2024-09-09T06:53:43.431+0800][info] GC(175) Pause Young (Prepare Mixed) (G1 Preventive Collection)
[2024-09-09T06:53:43.431+0800][info] GC(175) Using 3 workers of 48 for evacuation
[2024-09-09T06:53:43.432+0800][info] GC(175)   Pre Evacuate Collection Set: 0.0ms
[2024-09-09T06:53:43.432+0800][info] GC(175)   Merge Heap Roots: 0.0ms
[2024-09-09T06:53:43.432+0800][info] GC(175)   Evacuate Collection Set: 0.5ms
[2024-09-09T06:53:43.432+0800][info] GC(175)   Post Evacuate Collection Set: 0.2ms
[2024-09-09T06:53:43.432+0800][info] GC(175)   Other: 0.1ms
[2024-09-09T06:53:43.432+0800][info] GC(175) Eden regions: 1->0(1)
[2024-09-09T06:53:43.432+0800][info] GC(175) Survivor regions: 1->1(1)
[2024-09-09T06:53:43.432+0800][info] GC(175) Old regions: 7->8
[2024-09-09T06:53:43.432+0800][info] GC(175) Archive regions: 2->2
[2024-09-09T06:53:43.432+0800][info] GC(175) Humongous regions: 16->12
[2024-09-09T06:53:43.432+0800][info] GC(175) Metaspace: 902K(1088K)->902K(1088K) NonClass: 848K(960K)->848K(960K) Class: 53K(128K)->53K(128K)
[2024-09-09T06:53:43.432+0800][info] GC(175) Pause Young (Prepare Mixed) (G1 Preventive Collection) 96M->80M(128M) 0.995ms
[2024-09-09T06:53:43.432+0800][info] GC(175) User=0.00s Sys=0.00s Real=0.00s
[2024-09-09T06:53:43.455+0800][info] GC(176) Pause Young (Mixed) (G1 Preventive Collection)
[2024-09-09T06:53:43.455+0800][info] GC(176) Using 3 workers of 48 for evacuation
[2024-09-09T06:53:43.457+0800][info] GC(176)   Pre Evacuate Collection Set: 0.0ms
[2024-09-09T06:53:43.457+0800][info] GC(176)   Merge Heap Roots: 0.0ms
[2024-09-09T06:53:43.457+0800][info] GC(176)   Evacuate Collection Set: 2.0ms
[2024-09-09T06:53:43.457+0800][info] GC(176)   Post Evacuate Collection Set: 0.3ms
[2024-09-09T06:53:43.457+0800][info] GC(176)   Other: 0.1ms
[2024-09-09T06:53:43.457+0800][info] GC(176) Eden regions: 1->0(3)
[2024-09-09T06:53:43.457+0800][info] GC(176) Survivor regions: 1->1(1)
[2024-09-09T06:53:43.457+0800][info] GC(176) Old regions: 8->6
[2024-09-09T06:53:43.457+0800][info] GC(176) Archive regions: 2->2
[2024-09-09T06:53:43.457+0800][info] GC(176) Humongous regions: 16->12
[2024-09-09T06:53:43.457+0800][info] GC(176) Metaspace: 902K(1088K)->902K(1088K) NonClass: 848K(960K)->848K(960K) Class: 53K(128K)->53K(128K)
[2024-09-09T06:53:43.457+0800][info] GC(176) Pause Young (Mixed) (G1 Preventive Collection) 96M->73M(128M) 2.614ms
[2024-09-09T06:53:43.457+0800][info] GC(176) User=0.01s Sys=0.00s Real=0.01s
[2024-09-09T06:53:43.480+0800][info] GC(177) Pause Young (Concurrent Start) (G1 Humongous Allocation)
[2024-09-09T06:53:43.480+0800][info] GC(177) Using 3 workers of 48 for evacuation
[2024-09-09T06:53:43.481+0800][info] GC(177)   Pre Evacuate Collection Set: 0.0ms
[2024-09-09T06:53:43.481+0800][info] GC(177)   Merge Heap Roots: 0.0ms
[2024-09-09T06:53:43.481+0800][info] GC(177)   Evacuate Collection Set: 0.2ms
[2024-09-09T06:53:43.481+0800][info] GC(177)   Post Evacuate Collection Set: 0.2ms
[2024-09-09T06:53:43.481+0800][info] GC(177)   Other: 0.3ms
[2024-09-09T06:53:43.481+0800][info] GC(177) Eden regions: 1->0(1)
[2024-09-09T06:53:43.481+0800][info] GC(177) Survivor regions: 1->1(1)
[2024-09-09T06:53:43.481+0800][info] GC(177) Old regions: 6->6
[2024-09-09T06:53:43.481+0800][info] GC(177) Archive regions: 2->2
[2024-09-09T06:53:43.481+0800][info] GC(177) Humongous regions: 16->12
[2024-09-09T06:53:43.481+0800][info] GC(177) Metaspace: 902K(1088K)->902K(1088K) NonClass: 848K(960K)->848K(960K) Class: 53K(128K)->53K(128K)
[2024-09-09T06:53:43.481+0800][info] GC(177) Pause Young (Concurrent Start) (G1 Humongous Allocation) 89M->73M(128M) 0.880ms
[2024-09-09T06:53:43.481+0800][info] GC(177) User=0.00s Sys=0.00s Real=0.00s
[2024-09-09T06:53:43.481+0800][info] GC(178) Concurrent Mark Cycle
[2024-09-09T06:53:43.481+0800][info] GC(178) Concurrent Clear Claimed Marks
[2024-09-09T06:53:43.481+0800][info] GC(178) Concurrent Clear Claimed Marks 0.018ms
[2024-09-09T06:53:43.481+0800][info] GC(178) Concurrent Scan Root Regions
[2024-09-09T06:53:43.481+0800][info] GC(178) Concurrent Scan Root Regions 0.065ms
[2024-09-09T06:53:43.481+0800][info] GC(178) Concurrent Mark
[2024-09-09T06:53:43.481+0800][info] GC(178) Concurrent Mark From Roots
[2024-09-09T06:53:43.481+0800][info] GC(178) Using 12 workers of 12 for marking
[2024-09-09T06:53:43.483+0800][info] GC(178) Concurrent Mark From Roots 1.577ms
[2024-09-09T06:53:43.483+0800][info] GC(178) Concurrent Preclean
[2024-09-09T06:53:43.484+0800][info] GC(178) Concurrent Preclean 1.679ms
[2024-09-09T06:53:43.484+0800][info] GC(178) Pause Remark
[2024-09-09T06:53:43.486+0800][info] GC(178) Pause Remark 89M->81M(128M) 1.255ms
[2024-09-09T06:53:43.486+0800][info] GC(178) User=0.01s Sys=0.00s Real=0.01s
[2024-09-09T06:53:43.486+0800][info] GC(178) Concurrent Mark 4.657ms
[2024-09-09T06:53:43.486+0800][info] GC(178) Concurrent Rebuild Remembered Sets
[2024-09-09T06:53:43.490+0800][info] GC(178) Concurrent Rebuild Remembered Sets 4.325ms
[2024-09-09T06:53:43.490+0800][info] GC(178) Pause Cleanup
[2024-09-09T06:53:43.491+0800][info] GC(178) Pause Cleanup 81M->81M(128M) 0.477ms
[2024-09-09T06:53:43.491+0800][info] GC(178) User=0.00s Sys=0.00s Real=0.00s
[2024-09-09T06:53:43.491+0800][info] GC(178) Concurrent Cleanup for Next Mark
[2024-09-09T06:53:43.491+0800][info] GC(178) Concurrent Cleanup for Next Mark 0.303ms
[2024-09-09T06:53:43.491+0800][info] GC(178) Concurrent Mark Cycle 10.131ms
[2024-09-09T06:53:44.054+0800][info] GC(179) Pause Young (Prepare Mixed) (G1 Humongous Allocation)
[2024-09-09T06:53:44.054+0800][info] GC(179) Using 3 workers of 48 for evacuation
[2024-09-09T06:53:44.054+0800][info] GC(179)   Pre Evacuate Collection Set: 0.0ms
[2024-09-09T06:53:44.054+0800][info] GC(179)   Merge Heap Roots: 0.0ms
[2024-09-09T06:53:44.054+0800][info] GC(179)   Evacuate Collection Set: 0.2ms
[2024-09-09T06:53:44.054+0800][info] GC(179)   Post Evacuate Collection Set: 0.2ms
[2024-09-09T06:53:44.054+0800][info] GC(179)   Other: 0.1ms
[2024-09-09T06:53:44.054+0800][info] GC(179) Eden regions: 1->0(1)
[2024-09-09T06:53:44.054+0800][info] GC(179) Survivor regions: 1->1(1)
[2024-09-09T06:53:44.054+0800][info] GC(179) Old regions: 4->4
[2024-09-09T06:53:44.054+0800][info] GC(179) Archive regions: 2->2
[2024-09-09T06:53:44.054+0800][info] GC(179) Humongous regions: 16->8
[2024-09-09T06:53:44.054+0800][info] GC(179) Metaspace: 902K(1088K)->902K(1088K) NonClass: 848K(960K)->848K(960K) Class: 53K(128K)->53K(128K)
[2024-09-09T06:53:44.054+0800][info] GC(179) Pause Young (Prepare Mixed) (G1 Humongous Allocation) 81M->49M(128M) 0.714ms
[2024-09-09T06:53:44.055+0800][info] GC(179) User=0.00s Sys=0.00s Real=0.00s
[2024-09-09T06:53:44.110+0800][info] GC(180) Pause Young (Concurrent Start) (WhiteBox Initiated Concurrent Mark)
[2024-09-09T06:53:44.110+0800][info] GC(180) Using 3 workers of 48 for evacuation
[2024-09-09T06:53:44.111+0800][info] GC(180)   Pre Evacuate Collection Set: 0.1ms
[2024-09-09T06:53:44.111+0800][info] GC(180)   Merge Heap Roots: 0.0ms
[2024-09-09T06:53:44.111+0800][info] GC(180)   Evacuate Collection Set: 0.3ms
[2024-09-09T06:53:44.111+0800][info] GC(180)   Post Evacuate Collection Set: 0.2ms
[2024-09-09T06:53:44.111+0800][info] GC(180)   Other: 0.3ms
[2024-09-09T06:53:44.111+0800][info] GC(180) Eden regions: 1->0(1)
[2024-09-09T06:53:44.111+0800][info] GC(180) Survivor regions: 1->1(1)
[2024-09-09T06:53:44.111+0800][info] GC(180) Old regions: 4->4
[2024-09-09T06:53:44.111+0800][info] GC(180) Archive regions: 2->2
[2024-09-09T06:53:44.111+0800][info] GC(180) Humongous regions: 16->8
[2024-09-09T06:53:44.111+0800][info] GC(180) Metaspace: 902K(1088K)->902K(1088K) NonClass: 849K(960K)->849K(960K) Class: 53K(128K)->53K(128K)
[2024-09-09T06:53:44.111+0800][info] GC(180) Pause Young (Concurrent Start) (WhiteBox Initiated Concurrent Mark) 81M->49M(128M) 0.966ms
[2024-09-09T06:53:44.111+0800][info] GC(180) User=0.00s Sys=0.00s Real=0.00s
[2024-09-09T06:53:44.111+0800][info] GC(181) Concurrent Mark Cycle
[2024-09-09T06:53:44.111+0800][info] GC(181) Concurrent Clear Claimed Marks
[2024-09-09T06:53:44.111+0800][info] GC(181) Concurrent Clear Claimed Marks 0.018ms
[2024-09-09T06:53:44.111+0800][info] GC(181) Concurrent Scan Root Regions
[2024-09-09T06:53:44.111+0800][info] GC(181) Concurrent Scan Root Regions 0.090ms
[2024-09-09T06:53:44.111+0800][info] GC(181) Concurrent Mark
[2024-09-09T06:53:44.111+0800][info] GC(181) Concurrent Mark From Roots
[2024-09-09T06:53:44.111+0800][info] GC(181) Using 12 workers of 12 for marking
[2024-09-09T06:53:44.113+0800][info] GC(181) Concurrent Mark From Roots 1.671ms
[2024-09-09T06:53:44.113+0800][info] GC(181) Concurrent Preclean
[2024-09-09T06:53:44.114+0800][info] GC(181) Concurrent Preclean 1.711ms
[2024-09-09T06:53:44.115+0800][info] GC(181) Pause Remark
[2024-09-09T06:53:44.116+0800][info] GC(181) Pause Remark 49M->49M(128M) 1.280ms
[2024-09-09T06:53:44.116+0800][info] GC(181) User=0.00s Sys=0.00s Real=0.00s
[2024-09-09T06:53:44.116+0800][info] GC(181) Concurrent Mark 4.962ms
[2024-09-09T06:53:44.116+0800][info] GC(181) Concurrent Rebuild Remembered Sets
[2024-09-09T06:53:44.120+0800][info] GC(181) Concurrent Rebuild Remembered Sets 4.036ms
[2024-09-09T06:53:44.120+0800][info] GC(181) Pause Cleanup
[2024-09-09T06:53:44.120+0800][info] GC(181) Pause Cleanup 49M->49M(128M) 0.320ms
[2024-09-09T06:53:44.120+0800][info] GC(181) User=0.00s Sys=0.00s Real=0.00s
[2024-09-09T06:53:44.120+0800][info] GC(181) Concurrent Cleanup for Next Mark
[2024-09-09T06:53:44.121+0800][info] GC(181) Concurrent Cleanup for Next Mark 0.219ms
[2024-09-09T06:53:44.121+0800][info] GC(181) Concurrent Mark Cycle 9.931ms
[2024-09-09T06:53:45.166+0800][info] GC(182) Pause Young (Concurrent Start) (WhiteBox Initiated Concurrent Mark)
[2024-09-09T06:53:45.166+0800][info] GC(182) Using 3 workers of 48 for evacuation
[2024-09-09T06:53:45.168+0800][info] GC(182)   Pre Evacuate Collection Set: 0.1ms
[2024-09-09T06:53:45.168+0800][info] GC(182)   Merge Heap Roots: 0.1ms
[2024-09-09T06:53:45.168+0800][info] GC(182)   Evacuate Collection Set: 0.3ms
[2024-09-09T06:53:45.168+0800][info] GC(182)   Post Evacuate Collection Set: 0.7ms
[2024-09-09T06:53:45.168+0800][info] GC(182)   Other: 0.4ms
[2024-09-09T06:53:45.168+0800][info] GC(182) Eden regions: 1->0(1)
[2024-09-09T06:53:45.168+0800][info] GC(182) Survivor regions: 1->1(1)
[2024-09-09T06:53:45.168+0800][info] GC(182) Old regions: 4->4
[2024-09-09T06:53:45.168+0800][info] GC(182) Archive regions: 2->2
[2024-09-09T06:53:45.168+0800][info] GC(182) Humongous regions: 8->8
[2024-09-09T06:53:45.168+0800][info] GC(182) Metaspace: 929K(1088K)->929K(1088K) NonClass: 873K(960K)->873K(960K) Class: 55K(128K)->55K(128K)
[2024-09-09T06:53:45.168+0800][info] GC(182) Pause Young (Concurrent Start) (WhiteBox Initiated Concurrent Mark) 50M->49M(128M) 1.660ms
[2024-09-09T06:53:45.168+0800][info] GC(182) User=0.00s Sys=0.00s Real=0.00s
[2024-09-09T06:53:45.168+0800][info] GC(183) Concurrent Mark Cycle
[2024-09-09T06:53:45.168+0800][info] GC(183) Concurrent Clear Claimed Marks
[2024-09-09T06:53:45.168+0800][info] GC(183) Concurrent Clear Claimed Marks 0.018ms
[2024-09-09T06:53:45.168+0800][info] GC(183) Concurrent Scan Root Regions
[2024-09-09T06:53:45.168+0800][info] GC(183) Concurrent Scan Root Regions 0.090ms
[2024-09-09T06:53:45.168+0800][info] GC(183) Concurrent Mark
[2024-09-09T06:53:45.168+0800][info] GC(183) Concurrent Mark From Roots
[2024-09-09T06:53:45.168+0800][info] GC(183) Using 12 workers of 12 for marking
[2024-09-09T06:53:45.170+0800][info] GC(183) Concurrent Mark From Roots 1.899ms
[2024-09-09T06:53:45.170+0800][info] GC(183) Concurrent Preclean
[2024-09-09T06:53:45.172+0800][info] GC(183) Concurrent Preclean 1.672ms
[2024-09-09T06:53:45.172+0800][info] GC(183) Pause Remark
[2024-09-09T06:53:45.173+0800][info] GC(183) Pause Remark 49M->49M(128M) 1.308ms
[2024-09-09T06:53:45.173+0800][info] GC(183) User=0.00s Sys=0.00s Real=0.00s
[2024-09-09T06:53:45.173+0800][info] GC(183) Concurrent Mark 5.035ms
[2024-09-09T06:53:45.173+0800][info] GC(183) Concurrent Rebuild Remembered Sets
[2024-09-09T06:53:45.177+0800][info] GC(183) Concurrent Rebuild Remembered Sets 4.323ms
[2024-09-09T06:53:45.178+0800][info] GC(183) Pause Cleanup
[2024-09-09T06:53:45.178+0800][info] GC(183) Pause Cleanup 49M->49M(128M) 0.325ms
[2024-09-09T06:53:45.178+0800][info] GC(183) User=0.00s Sys=0.00s Real=0.00s
[2024-09-09T06:53:45.178+0800][info] GC(183) Concurrent Cleanup for Next Mark
[2024-09-09T06:53:45.178+0800][info] GC(183) Concurrent Cleanup for Next Mark 0.314ms
[2024-09-09T06:53:45.178+0800][info] GC(183) Concurrent Mark Cycle 10.355ms
[2024-09-09T06:53:46.170+0800][info] Heap
[2024-09-09T06:53:46.170+0800][info]  garbage-first heap   total 131072K, used 51099K [0x00000000f8000000, 0x0000000100000000)
[2024-09-09T06:53:46.170+0800][info]   region size 4096K, 2 young (8192K), 1 survivors (4096K)
[2024-09-09T06:53:46.170+0800][info]  Metaspace       used 937K, committed 1088K, reserved 1114112K
[2024-09-09T06:53:46.170+0800][info]   class space    used 55K, committed 128K, reserved 1048576K
