[2024-09-09T06:50:44.089+0800][info] Using G1
[2024-09-09T06:50:44.091+0800][info] Version: 17.0.11-internal+0-adhoc.cxl.TencentKona-17-TencentKona-17.0.11 (release)
[2024-09-09T06:50:44.091+0800][info] CPUs: 72 total, 72 available
[2024-09-09T06:50:44.091+0800][info] Memory: 125G
[2024-09-09T06:50:44.091+0800][info] Large Page Support: Disabled
[2024-09-09T06:50:44.091+0800][info] NUMA Support: Disabled
[2024-09-09T06:50:44.091+0800][info] Compressed Oops: Enabled (32-bit)
[2024-09-09T06:50:44.091+0800][info] Heap Region Size: 4M
[2024-09-09T06:50:44.091+0800][info] Heap Min Capacity: 128M
[2024-09-09T06:50:44.091+0800][info] Heap Initial Capacity: 128M
[2024-09-09T06:50:44.091+0800][info] Heap Max Capacity: 128M
[2024-09-09T06:50:44.091+0800][info] Pre-touch: Disabled
[2024-09-09T06:50:44.091+0800][info] Parallel Workers: 48
[2024-09-09T06:50:44.091+0800][info] Concurrent Workers: 12
[2024-09-09T06:50:44.091+0800][info] Concurrent Refinement Workers: 48
[2024-09-09T06:50:44.091+0800][info] Periodic GC: Disabled
[2024-09-09T06:50:44.100+0800][info] CDS archive(s) mapped at: [0x000079ce4b000000-0x000079ce4bbc7000-0x000079ce4bbc7000), size 12349440, SharedBaseAddress: 0x000079ce4b000000, ArchiveRelocationMode: 1.
[2024-09-09T06:50:44.100+0800][info] Compressed class space mapped at: 0x000079ce4c000000-0x000079ce8c000000, reserved size: 1073741824
[2024-09-09T06:50:44.100+0800][info] Narrow klass base: 0x000079ce4b000000, Narrow klass shift: 0, Narrow klass range: 0x100000000
[2024-09-09T06:50:44.422+0800][info] GC(0) Pause Young (Normal) (G1 Evacuation Pause)
[2024-09-09T06:50:44.423+0800][info] GC(0) Using 3 workers of 48 for evacuation
[2024-09-09T06:50:44.425+0800][info] GC(0)   Pre Evacuate Collection Set: 0.0ms
[2024-09-09T06:50:44.425+0800][info] GC(0)   Merge Heap Roots: 0.0ms
[2024-09-09T06:50:44.425+0800][info] GC(0)   Evacuate Collection Set: 1.8ms
[2024-09-09T06:50:44.425+0800][info] GC(0)   Post Evacuate Collection Set: 0.6ms
[2024-09-09T06:50:44.425+0800][info] GC(0)   Other: 0.6ms
[2024-09-09T06:50:44.425+0800][info] GC(0) Eden regions: 1->0(1)
[2024-09-09T06:50:44.425+0800][info] GC(0) Survivor regions: 0->1(1)
[2024-09-09T06:50:44.425+0800][info] GC(0) Old regions: 0->0
[2024-09-09T06:50:44.426+0800][info] GC(0) Archive regions: 2->2
[2024-09-09T06:50:44.426+0800][info] GC(0) Humongous regions: 0->0
[2024-09-09T06:50:44.426+0800][info] GC(0) Metaspace: 601K(704K)->601K(704K) NonClass: 547K(576K)->547K(576K) Class: 54K(128K)->54K(128K)
[2024-09-09T06:50:44.426+0800][info] GC(0) Pause Young (Normal) (G1 Evacuation Pause) 7M->7M(128M) 3.325ms
[2024-09-09T06:50:44.426+0800][info] GC(0) User=0.01s Sys=0.00s Real=0.01s
[2024-09-09T06:50:44.935+0800][info] GC(1) Pause Young (Normal) (G1 Evacuation Pause)
[2024-09-09T06:50:44.935+0800][info] GC(1) Using 3 workers of 48 for evacuation
[2024-09-09T06:50:44.940+0800][info] GC(1)   Pre Evacuate Collection Set: 0.0ms
[2024-09-09T06:50:44.940+0800][info] GC(1)   Merge Heap Roots: 0.0ms
[2024-09-09T06:50:44.940+0800][info] GC(1)   Evacuate Collection Set: 4.7ms
[2024-09-09T06:50:44.940+0800][info] GC(1)   Post Evacuate Collection Set: 0.2ms
[2024-09-09T06:50:44.940+0800][info] GC(1)   Other: 0.2ms
[2024-09-09T06:50:44.940+0800][info] GC(1) Eden regions: 1->0(1)
[2024-09-09T06:50:44.940+0800][info] GC(1) Survivor regions: 1->1(1)
[2024-09-09T06:50:44.940+0800][info] GC(1) Old regions: 0->1
[2024-09-09T06:50:44.940+0800][info] GC(1) Archive regions: 2->2
[2024-09-09T06:50:44.940+0800][info] GC(1) Humongous regions: 0->0
[2024-09-09T06:50:44.940+0800][info] GC(1) Metaspace: 607K(704K)->607K(704K) NonClass: 552K(576K)->552K(576K) Class: 54K(128K)->54K(128K)
[2024-09-09T06:50:44.940+0800][info] GC(1) Pause Young (Normal) (G1 Evacuation Pause) 11M->11M(128M) 5.248ms
[2024-09-09T06:50:44.940+0800][info] GC(1) User=0.01s Sys=0.01s Real=0.01s
[2024-09-09T06:50:45.420+0800][info] GC(2) Pause Young (Normal) (G1 Evacuation Pause)
[2024-09-09T06:50:45.420+0800][info] GC(2) Using 3 workers of 48 for evacuation
[2024-09-09T06:50:45.424+0800][info] GC(2)   Pre Evacuate Collection Set: 0.1ms
[2024-09-09T06:50:45.424+0800][info] GC(2)   Merge Heap Roots: 0.0ms
[2024-09-09T06:50:45.424+0800][info] GC(2)   Evacuate Collection Set: 3.3ms
[2024-09-09T06:50:45.424+0800][info] GC(2)   Post Evacuate Collection Set: 0.7ms
[2024-09-09T06:50:45.424+0800][info] GC(2)   Other: 0.2ms
[2024-09-09T06:50:45.424+0800][info] GC(2) Eden regions: 1->0(1)
[2024-09-09T06:50:45.424+0800][info] GC(2) Survivor regions: 1->1(1)
[2024-09-09T06:50:45.424+0800][info] GC(2) Old regions: 1->2
[2024-09-09T06:50:45.424+0800][info] GC(2) Archive regions: 2->2
[2024-09-09T06:50:45.424+0800][info] GC(2) Humongous regions: 0->0
[2024-09-09T06:50:45.424+0800][info] GC(2) Metaspace: 718K(896K)->718K(896K) NonClass: 653K(768K)->653K(768K) Class: 64K(128K)->64K(128K)
[2024-09-09T06:50:45.425+0800][info] GC(2) Pause Young (Normal) (G1 Evacuation Pause) 15M->14M(128M) 4.475ms
[2024-09-09T06:50:45.425+0800][info] GC(2) User=0.01s Sys=0.01s Real=0.00s
[2024-09-09T06:50:45.930+0800][info] GC(3) Pause Young (Normal) (G1 Evacuation Pause)
[2024-09-09T06:50:45.930+0800][info] GC(3) Using 3 workers of 48 for evacuation
[2024-09-09T06:50:45.933+0800][info] GC(3)   Pre Evacuate Collection Set: 0.1ms
[2024-09-09T06:50:45.933+0800][info] GC(3)   Merge Heap Roots: 0.0ms
[2024-09-09T06:50:45.933+0800][info] GC(3)   Evacuate Collection Set: 2.9ms
[2024-09-09T06:50:45.933+0800][info] GC(3)   Post Evacuate Collection Set: 0.2ms
[2024-09-09T06:50:45.933+0800][info] GC(3)   Other: 0.2ms
[2024-09-09T06:50:45.933+0800][info] GC(3) Eden regions: 1->0(1)
[2024-09-09T06:50:45.933+0800][info] GC(3) Survivor regions: 1->1(1)
[2024-09-09T06:50:45.933+0800][info] GC(3) Old regions: 2->3
[2024-09-09T06:50:45.933+0800][info] GC(3) Archive regions: 2->2
[2024-09-09T06:50:45.933+0800][info] GC(3) Humongous regions: 0->0
[2024-09-09T06:50:45.933+0800][info] GC(3) Metaspace: 734K(896K)->734K(896K) NonClass: 669K(768K)->669K(768K) Class: 64K(128K)->64K(128K)
[2024-09-09T06:50:45.933+0800][info] GC(3) Pause Young (Normal) (G1 Evacuation Pause) 18M->18M(128M) 3.478ms
[2024-09-09T06:50:45.933+0800][info] GC(3) User=0.00s Sys=0.01s Real=0.00s
[2024-09-09T06:50:46.437+0800][info] GC(4) Pause Young (Normal) (G1 Evacuation Pause)
[2024-09-09T06:50:46.437+0800][info] GC(4) Using 3 workers of 48 for evacuation
[2024-09-09T06:50:46.439+0800][info] GC(4)   Pre Evacuate Collection Set: 0.0ms
[2024-09-09T06:50:46.440+0800][info] GC(4)   Merge Heap Roots: 0.0ms
[2024-09-09T06:50:46.440+0800][info] GC(4)   Evacuate Collection Set: 2.1ms
[2024-09-09T06:50:46.440+0800][info] GC(4)   Post Evacuate Collection Set: 0.1ms
[2024-09-09T06:50:46.440+0800][info] GC(4)   Other: 0.1ms
[2024-09-09T06:50:46.440+0800][info] GC(4) Eden regions: 1->0(1)
[2024-09-09T06:50:46.440+0800][info] GC(4) Survivor regions: 1->1(1)
[2024-09-09T06:50:46.440+0800][info] GC(4) Old regions: 3->4
[2024-09-09T06:50:46.440+0800][info] GC(4) Archive regions: 2->2
[2024-09-09T06:50:46.440+0800][info] GC(4) Humongous regions: 0->0
[2024-09-09T06:50:46.440+0800][info] GC(4) Metaspace: 767K(896K)->767K(896K) NonClass: 703K(768K)->703K(768K) Class: 64K(128K)->64K(128K)
[2024-09-09T06:50:46.440+0800][info] GC(4) Pause Young (Normal) (G1 Evacuation Pause) 22M->22M(128M) 2.565ms
[2024-09-09T06:50:46.440+0800][info] GC(4) User=0.01s Sys=0.01s Real=0.00s
[2024-09-09T06:50:46.946+0800][info] GC(5) Pause Young (Normal) (G1 Evacuation Pause)
[2024-09-09T06:50:46.946+0800][info] GC(5) Using 3 workers of 48 for evacuation
[2024-09-09T06:50:46.949+0800][info] GC(5)   Pre Evacuate Collection Set: 0.1ms
[2024-09-09T06:50:46.949+0800][info] GC(5)   Merge Heap Roots: 0.0ms
[2024-09-09T06:50:46.949+0800][info] GC(5)   Evacuate Collection Set: 2.9ms
[2024-09-09T06:50:46.949+0800][info] GC(5)   Post Evacuate Collection Set: 0.2ms
[2024-09-09T06:50:46.949+0800][info] GC(5)   Other: 0.2ms
[2024-09-09T06:50:46.949+0800][info] GC(5) Eden regions: 1->0(2)
[2024-09-09T06:50:46.949+0800][info] GC(5) Survivor regions: 1->1(1)
[2024-09-09T06:50:46.949+0800][info] GC(5) Old regions: 4->5
[2024-09-09T06:50:46.949+0800][info] GC(5) Archive regions: 2->2
[2024-09-09T06:50:46.949+0800][info] GC(5) Humongous regions: 0->0
[2024-09-09T06:50:46.949+0800][info] GC(5) Metaspace: 797K(960K)->797K(960K) NonClass: 733K(832K)->733K(832K) Class: 64K(128K)->64K(128K)
[2024-09-09T06:50:46.949+0800][info] GC(5) Pause Young (Normal) (G1 Evacuation Pause) 26M->26M(128M) 3.699ms
[2024-09-09T06:50:46.950+0800][info] GC(5) User=0.01s Sys=0.00s Real=0.00s
[2024-09-09T06:50:47.965+0800][info] GC(6) Pause Young (Normal) (G1 Evacuation Pause)
[2024-09-09T06:50:47.965+0800][info] GC(6) Using 3 workers of 48 for evacuation
[2024-09-09T06:50:47.973+0800][info] GC(6)   Pre Evacuate Collection Set: 0.1ms
[2024-09-09T06:50:47.973+0800][info] GC(6)   Merge Heap Roots: 0.0ms
[2024-09-09T06:50:47.973+0800][info] GC(6)   Evacuate Collection Set: 7.2ms
[2024-09-09T06:50:47.973+0800][info] GC(6)   Post Evacuate Collection Set: 0.2ms
[2024-09-09T06:50:47.973+0800][info] GC(6)   Other: 0.2ms
[2024-09-09T06:50:47.973+0800][info] GC(6) Eden regions: 2->0(3)
[2024-09-09T06:50:47.973+0800][info] GC(6) Survivor regions: 1->1(1)
[2024-09-09T06:50:47.973+0800][info] GC(6) Old regions: 5->7
[2024-09-09T06:50:47.973+0800][info] GC(6) Archive regions: 2->2
[2024-09-09T06:50:47.973+0800][info] GC(6) Humongous regions: 0->0
[2024-09-09T06:50:47.973+0800][info] GC(6) Metaspace: 805K(960K)->805K(960K) NonClass: 741K(832K)->741K(832K) Class: 64K(128K)->64K(128K)
[2024-09-09T06:50:47.973+0800][info] GC(6) Pause Young (Normal) (G1 Evacuation Pause) 34M->34M(128M) 7.935ms
[2024-09-09T06:50:47.973+0800][info] GC(6) User=0.00s Sys=0.02s Real=0.00s
[2024-09-09T06:50:49.487+0800][info] GC(7) Pause Young (Concurrent Start) (G1 Evacuation Pause)
[2024-09-09T06:50:49.487+0800][info] GC(7) Using 3 workers of 48 for evacuation
[2024-09-09T06:50:49.496+0800][info] GC(7)   Pre Evacuate Collection Set: 0.1ms
[2024-09-09T06:50:49.496+0800][info] GC(7)   Merge Heap Roots: 0.0ms
[2024-09-09T06:50:49.496+0800][info] GC(7)   Evacuate Collection Set: 7.3ms
[2024-09-09T06:50:49.496+0800][info] GC(7)   Post Evacuate Collection Set: 0.2ms
[2024-09-09T06:50:49.496+0800][info] GC(7)   Other: 1.2ms
[2024-09-09T06:50:49.496+0800][info] GC(7) Eden regions: 3->0(3)
[2024-09-09T06:50:49.496+0800][info] GC(7) Survivor regions: 1->1(1)
[2024-09-09T06:50:49.496+0800][info] GC(7) Old regions: 7->10
[2024-09-09T06:50:49.496+0800][info] GC(7) Archive regions: 2->2
[2024-09-09T06:50:49.496+0800][info] GC(7) Humongous regions: 0->0
[2024-09-09T06:50:49.496+0800][info] GC(7) Metaspace: 840K(960K)->840K(960K) NonClass: 776K(832K)->776K(832K) Class: 64K(128K)->64K(128K)
[2024-09-09T06:50:49.496+0800][info] GC(7) Pause Young (Concurrent Start) (G1 Evacuation Pause) 46M->46M(128M) 8.885ms
[2024-09-09T06:50:49.496+0800][info] GC(7) User=0.01s Sys=0.02s Real=0.00s
[2024-09-09T06:50:49.496+0800][info] GC(8) Concurrent Mark Cycle
[2024-09-09T06:50:49.496+0800][info] GC(8) Concurrent Clear Claimed Marks
[2024-09-09T06:50:49.496+0800][info] GC(8) Concurrent Clear Claimed Marks 0.021ms
[2024-09-09T06:50:49.496+0800][info] GC(8) Concurrent Scan Root Regions
[2024-09-09T06:50:49.497+0800][info] GC(8) Concurrent Scan Root Regions 1.030ms
[2024-09-09T06:50:49.497+0800][info] GC(8) Concurrent Mark
[2024-09-09T06:50:49.497+0800][info] GC(8) Concurrent Mark From Roots
[2024-09-09T06:50:49.498+0800][info] GC(8) Using 12 workers of 12 for marking
[2024-09-09T06:50:49.501+0800][info] GC(8) Concurrent Mark From Roots 3.164ms
[2024-09-09T06:50:49.501+0800][info] GC(8) Concurrent Preclean
[2024-09-09T06:50:49.502+0800][info] GC(8) Concurrent Preclean 1.407ms
[2024-09-09T06:50:49.502+0800][info] GC(8) Pause Remark
[2024-09-09T06:50:49.503+0800][info] GC(8) Pause Remark 46M->38M(128M) 1.007ms
[2024-09-09T06:50:49.503+0800][info] GC(8) User=0.01s Sys=0.00s Real=0.00s
[2024-09-09T06:50:49.503+0800][info] GC(8) Concurrent Mark 5.738ms
[2024-09-09T06:50:49.503+0800][info] GC(8) Concurrent Rebuild Remembered Sets
[2024-09-09T06:50:49.505+0800][info] GC(8) Concurrent Rebuild Remembered Sets 2.012ms
[2024-09-09T06:50:49.505+0800][info] GC(8) Pause Cleanup
[2024-09-09T06:50:49.506+0800][info] GC(8) Pause Cleanup 38M->38M(128M) 0.231ms
[2024-09-09T06:50:49.506+0800][info] GC(8) User=0.00s Sys=0.00s Real=0.00s
[2024-09-09T06:50:49.506+0800][info] GC(8) Concurrent Cleanup for Next Mark
[2024-09-09T06:50:49.507+0800][info] GC(8) Concurrent Cleanup for Next Mark 1.606ms
[2024-09-09T06:50:49.507+0800][info] GC(8) Concurrent Mark Cycle 10.954ms
[2024-09-09T06:50:51.648+0800][info] GC(9) Pause Young (Prepare Mixed) (G1 Evacuation Pause)
[2024-09-09T06:50:51.648+0800][info] GC(9) Using 3 workers of 48 for evacuation
[2024-09-09T06:50:51.659+0800][info] GC(9)   Pre Evacuate Collection Set: 0.1ms
[2024-09-09T06:50:51.659+0800][info] GC(9)   Merge Heap Roots: 0.1ms
[2024-09-09T06:50:51.659+0800][info] GC(9)   Evacuate Collection Set: 10.1ms
[2024-09-09T06:50:51.659+0800][info] GC(9)   Post Evacuate Collection Set: 0.2ms
[2024-09-09T06:50:51.659+0800][info] GC(9)   Other: 0.2ms
[2024-09-09T06:50:51.659+0800][info] GC(9) Eden regions: 4->0(1)
[2024-09-09T06:50:51.659+0800][info] GC(9) Survivor regions: 1->1(1)
[2024-09-09T06:50:51.659+0800][info] GC(9) Old regions: 8->12
[2024-09-09T06:50:51.659+0800][info] GC(9) Archive regions: 2->2
[2024-09-09T06:50:51.659+0800][info] GC(9) Humongous regions: 0->0
[2024-09-09T06:50:51.659+0800][info] GC(9) Metaspace: 880K(1024K)->880K(1024K) NonClass: 816K(896K)->816K(896K) Class: 64K(128K)->64K(128K)
[2024-09-09T06:50:51.659+0800][info] GC(9) Pause Young (Prepare Mixed) (G1 Evacuation Pause) 54M->54M(128M) 10.759ms
[2024-09-09T06:50:51.659+0800][info] GC(9) User=0.01s Sys=0.02s Real=0.01s
[2024-09-09T06:50:52.158+0800][info] GC(10) Pause Young (Mixed) (G1 Evacuation Pause)
[2024-09-09T06:50:52.158+0800][info] GC(10) Using 3 workers of 48 for evacuation
[2024-09-09T06:50:52.162+0800][info] GC(10)   Pre Evacuate Collection Set: 0.1ms
[2024-09-09T06:50:52.162+0800][info] GC(10)   Merge Heap Roots: 0.0ms
[2024-09-09T06:50:52.162+0800][info] GC(10)   Evacuate Collection Set: 3.9ms
[2024-09-09T06:50:52.162+0800][info] GC(10)   Post Evacuate Collection Set: 0.2ms
[2024-09-09T06:50:52.162+0800][info] GC(10)   Other: 0.2ms
[2024-09-09T06:50:52.162+0800][info] GC(10) Eden regions: 1->0(4)
[2024-09-09T06:50:52.162+0800][info] GC(10) Survivor regions: 1->1(1)
[2024-09-09T06:50:52.162+0800][info] GC(10) Old regions: 12->11
[2024-09-09T06:50:52.163+0800][info] GC(10) Archive regions: 2->2
[2024-09-09T06:50:52.163+0800][info] GC(10) Humongous regions: 0->0
[2024-09-09T06:50:52.163+0800][info] GC(10) Metaspace: 880K(1024K)->880K(1024K) NonClass: 816K(896K)->816K(896K) Class: 64K(128K)->64K(128K)
[2024-09-09T06:50:52.163+0800][info] GC(10) Pause Young (Mixed) (G1 Evacuation Pause) 58M->50M(128M) 4.539ms
[2024-09-09T06:50:52.163+0800][info] GC(10) User=0.01s Sys=0.00s Real=0.00s
[2024-09-09T06:50:54.148+0800][info] GC(11) Pause Young (Concurrent Start) (G1 Evacuation Pause)
[2024-09-09T06:50:54.148+0800][info] GC(11) Using 3 workers of 48 for evacuation
[2024-09-09T06:50:54.157+0800][info] GC(11)   Pre Evacuate Collection Set: 0.1ms
[2024-09-09T06:50:54.157+0800][info] GC(11)   Merge Heap Roots: 0.0ms
[2024-09-09T06:50:54.157+0800][info] GC(11)   Evacuate Collection Set: 7.6ms
[2024-09-09T06:50:54.157+0800][info] GC(11)   Post Evacuate Collection Set: 0.2ms
[2024-09-09T06:50:54.157+0800][info] GC(11)   Other: 0.3ms
[2024-09-09T06:50:54.157+0800][info] GC(11) Eden regions: 4->0(3)
[2024-09-09T06:50:54.157+0800][info] GC(11) Survivor regions: 1->1(1)
[2024-09-09T06:50:54.157+0800][info] GC(11) Old regions: 11->15
[2024-09-09T06:50:54.157+0800][info] GC(11) Archive regions: 2->2
[2024-09-09T06:50:54.157+0800][info] GC(11) Humongous regions: 0->0
[2024-09-09T06:50:54.157+0800][info] GC(11) Metaspace: 883K(1024K)->883K(1024K) NonClass: 819K(896K)->819K(896K) Class: 64K(128K)->64K(128K)
[2024-09-09T06:50:54.157+0800][info] GC(11) Pause Young (Concurrent Start) (G1 Evacuation Pause) 66M->66M(128M) 8.428ms
[2024-09-09T06:50:54.157+0800][info] GC(11) User=0.02s Sys=0.01s Real=0.01s
[2024-09-09T06:50:54.157+0800][info] GC(12) Concurrent Mark Cycle
[2024-09-09T06:50:54.157+0800][info] GC(12) Concurrent Clear Claimed Marks
[2024-09-09T06:50:54.157+0800][info] GC(12) Concurrent Clear Claimed Marks 0.029ms
[2024-09-09T06:50:54.157+0800][info] GC(12) Concurrent Scan Root Regions
[2024-09-09T06:50:54.157+0800][info] GC(12) Concurrent Scan Root Regions 0.096ms
[2024-09-09T06:50:54.157+0800][info] GC(12) Concurrent Mark
[2024-09-09T06:50:54.157+0800][info] GC(12) Concurrent Mark From Roots
[2024-09-09T06:50:54.157+0800][info] GC(12) Using 12 workers of 12 for marking
[2024-09-09T06:50:54.159+0800][info] GC(12) Concurrent Mark From Roots 2.171ms
[2024-09-09T06:50:54.159+0800][info] GC(12) Concurrent Preclean
[2024-09-09T06:50:54.161+0800][info] GC(12) Concurrent Preclean 1.683ms
[2024-09-09T06:50:54.161+0800][info] GC(12) Pause Remark
[2024-09-09T06:50:54.162+0800][info] GC(12) Pause Remark 66M->34M(128M) 1.365ms
[2024-09-09T06:50:54.162+0800][info] GC(12) User=0.00s Sys=0.00s Real=0.00s
[2024-09-09T06:50:54.162+0800][info] GC(12) Concurrent Mark 5.391ms
[2024-09-09T06:50:54.162+0800][info] GC(12) Concurrent Rebuild Remembered Sets
[2024-09-09T06:50:54.165+0800][info] GC(12) Concurrent Rebuild Remembered Sets 2.238ms
[2024-09-09T06:50:54.165+0800][info] GC(12) Pause Cleanup
[2024-09-09T06:50:54.165+0800][info] GC(12) Pause Cleanup 34M->34M(128M) 0.260ms
[2024-09-09T06:50:54.165+0800][info] GC(12) User=0.00s Sys=0.00s Real=0.00s
[2024-09-09T06:50:54.165+0800][info] GC(12) Concurrent Cleanup for Next Mark
[2024-09-09T06:50:54.167+0800][info] GC(12) Concurrent Cleanup for Next Mark 1.402ms
[2024-09-09T06:50:54.167+0800][info] GC(12) Concurrent Mark Cycle 9.777ms
[2024-09-09T06:50:55.799+0800][info] GC(13) Pause Young (Prepare Mixed) (G1 Evacuation Pause)
[2024-09-09T06:50:55.799+0800][info] GC(13) Using 3 workers of 48 for evacuation
[2024-09-09T06:50:55.803+0800][info] GC(13)   Pre Evacuate Collection Set: 0.1ms
[2024-09-09T06:50:55.803+0800][info] GC(13)   Merge Heap Roots: 0.0ms
[2024-09-09T06:50:55.803+0800][info] GC(13)   Evacuate Collection Set: 3.5ms
[2024-09-09T06:50:55.803+0800][info] GC(13)   Post Evacuate Collection Set: 0.2ms
[2024-09-09T06:50:55.803+0800][info] GC(13)   Other: 0.2ms
[2024-09-09T06:50:55.803+0800][info] GC(13) Eden regions: 3->0(1)
[2024-09-09T06:50:55.803+0800][info] GC(13) Survivor regions: 1->1(1)
[2024-09-09T06:50:55.803+0800][info] GC(13) Old regions: 7->10
[2024-09-09T06:50:55.803+0800][info] GC(13) Archive regions: 2->2
[2024-09-09T06:50:55.803+0800][info] GC(13) Humongous regions: 0->0
[2024-09-09T06:50:55.803+0800][info] GC(13) Metaspace: 891K(1024K)->891K(1024K) NonClass: 826K(896K)->826K(896K) Class: 64K(128K)->64K(128K)
[2024-09-09T06:50:55.803+0800][info] GC(13) Pause Young (Prepare Mixed) (G1 Evacuation Pause) 46M->45M(128M) 4.080ms
[2024-09-09T06:50:55.803+0800][info] GC(13) User=0.00s Sys=0.01s Real=0.00s
[2024-09-09T06:50:56.295+0800][info] GC(14) Pause Young (Mixed) (G1 Evacuation Pause)
[2024-09-09T06:50:56.295+0800][info] GC(14) Using 3 workers of 48 for evacuation
[2024-09-09T06:50:56.297+0800][info] GC(14)   Pre Evacuate Collection Set: 0.1ms
[2024-09-09T06:50:56.297+0800][info] GC(14)   Merge Heap Roots: 0.0ms
[2024-09-09T06:50:56.297+0800][info] GC(14)   Evacuate Collection Set: 1.4ms
[2024-09-09T06:50:56.297+0800][info] GC(14)   Post Evacuate Collection Set: 0.2ms
[2024-09-09T06:50:56.297+0800][info] GC(14)   Other: 0.2ms
[2024-09-09T06:50:56.297+0800][info] GC(14) Eden regions: 1->0(5)
[2024-09-09T06:50:56.297+0800][info] GC(14) Survivor regions: 1->1(1)
[2024-09-09T06:50:56.297+0800][info] GC(14) Old regions: 10->10
[2024-09-09T06:50:56.297+0800][info] GC(14) Archive regions: 2->2
[2024-09-09T06:50:56.297+0800][info] GC(14) Humongous regions: 0->0
[2024-09-09T06:50:56.297+0800][info] GC(14) Metaspace: 892K(1024K)->892K(1024K) NonClass: 827K(896K)->827K(896K) Class: 64K(128K)->64K(128K)
[2024-09-09T06:50:56.297+0800][info] GC(14) Pause Young (Mixed) (G1 Evacuation Pause) 49M->45M(128M) 2.028ms
[2024-09-09T06:50:56.297+0800][info] GC(14) User=0.01s Sys=0.00s Real=0.01s
[2024-09-09T06:50:57.344+0800][info] GC(15) Pause Young (Concurrent Start) (G1 Humongous Allocation)
[2024-09-09T06:50:57.344+0800][info] GC(15) Using 3 workers of 48 for evacuation
[2024-09-09T06:50:57.347+0800][info] GC(15)   Pre Evacuate Collection Set: 0.1ms
[2024-09-09T06:50:57.347+0800][info] GC(15)   Merge Heap Roots: 0.0ms
[2024-09-09T06:50:57.347+0800][info] GC(15)   Evacuate Collection Set: 2.0ms
[2024-09-09T06:50:57.347+0800][info] GC(15)   Post Evacuate Collection Set: 0.7ms
[2024-09-09T06:50:57.347+0800][info] GC(15)   Other: 0.3ms
[2024-09-09T06:50:57.347+0800][info] GC(15) Eden regions: 3->0(4)
[2024-09-09T06:50:57.347+0800][info] GC(15) Survivor regions: 1->1(1)
[2024-09-09T06:50:57.347+0800][info] GC(15) Old regions: 10->12
[2024-09-09T06:50:57.347+0800][info] GC(15) Archive regions: 2->2
[2024-09-09T06:50:57.347+0800][info] GC(15) Humongous regions: 0->0
[2024-09-09T06:50:57.347+0800][info] GC(15) Metaspace: 908K(1024K)->908K(1024K) NonClass: 843K(896K)->843K(896K) Class: 65K(128K)->65K(128K)
[2024-09-09T06:50:57.347+0800][info] GC(15) Pause Young (Concurrent Start) (G1 Humongous Allocation) 54M->54M(128M) 3.268ms
[2024-09-09T06:50:57.347+0800][info] GC(15) User=0.01s Sys=0.00s Real=0.01s
[2024-09-09T06:50:57.347+0800][info] GC(16) Concurrent Mark Cycle
[2024-09-09T06:50:57.348+0800][info] GC(16) Concurrent Clear Claimed Marks
[2024-09-09T06:50:57.348+0800][info] GC(16) Concurrent Clear Claimed Marks 0.025ms
[2024-09-09T06:50:57.348+0800][info] GC(16) Concurrent Scan Root Regions
[2024-09-09T06:50:57.348+0800][info] GC(16) Concurrent Scan Root Regions 0.094ms
[2024-09-09T06:50:57.348+0800][info] GC(16) Concurrent Mark
[2024-09-09T06:50:57.348+0800][info] GC(16) Concurrent Mark From Roots
[2024-09-09T06:50:57.348+0800][info] GC(16) Using 12 workers of 12 for marking
[2024-09-09T06:50:57.350+0800][info] GC(16) Concurrent Mark From Roots 2.470ms
[2024-09-09T06:50:57.350+0800][info] GC(16) Concurrent Preclean
[2024-09-09T06:50:57.352+0800][info] GC(16) Concurrent Preclean 1.765ms
[2024-09-09T06:50:57.367+0800][info] GC(16) Pause Remark
[2024-09-09T06:50:57.368+0800][info] GC(16) Pause Remark 70M->58M(128M) 1.367ms
[2024-09-09T06:50:57.368+0800][info] GC(16) User=0.00s Sys=0.01s Real=0.00s
[2024-09-09T06:50:57.368+0800][info] GC(16) Concurrent Mark 20.633ms
[2024-09-09T06:50:57.368+0800][info] GC(16) Concurrent Rebuild Remembered Sets
[2024-09-09T06:50:57.372+0800][info] GC(16) Concurrent Rebuild Remembered Sets 3.982ms
[2024-09-09T06:50:57.372+0800][info] GC(16) Pause Cleanup
[2024-09-09T06:50:57.373+0800][info] GC(16) Pause Cleanup 58M->58M(128M) 0.387ms
[2024-09-09T06:50:57.373+0800][info] GC(16) User=0.00s Sys=0.00s Real=0.00s
[2024-09-09T06:50:57.373+0800][info] GC(16) Concurrent Cleanup for Next Mark
[2024-09-09T06:50:57.373+0800][info] GC(16) Concurrent Cleanup for Next Mark 0.224ms
[2024-09-09T06:50:57.373+0800][info] GC(16) Concurrent Mark Cycle 25.675ms
[2024-09-09T06:50:57.979+0800][info] GC(17) Pause Young (Prepare Mixed) (G1 Humongous Allocation)
[2024-09-09T06:50:57.979+0800][info] GC(17) Using 3 workers of 48 for evacuation
[2024-09-09T06:50:57.980+0800][info] GC(17)   Pre Evacuate Collection Set: 0.1ms
[2024-09-09T06:50:57.980+0800][info] GC(17)   Merge Heap Roots: 0.1ms
[2024-09-09T06:50:57.980+0800][info] GC(17)   Evacuate Collection Set: 0.6ms
[2024-09-09T06:50:57.980+0800][info] GC(17)   Post Evacuate Collection Set: 0.2ms
[2024-09-09T06:50:57.980+0800][info] GC(17)   Other: 0.2ms
[2024-09-09T06:50:57.980+0800][info] GC(17) Eden regions: 1->0(1)
[2024-09-09T06:50:57.980+0800][info] GC(17) Survivor regions: 1->1(1)
[2024-09-09T06:50:57.980+0800][info] GC(17) Old regions: 9->10
[2024-09-09T06:50:57.980+0800][info] GC(17) Archive regions: 2->2
[2024-09-09T06:50:57.980+0800][info] GC(17) Humongous regions: 8->4
[2024-09-09T06:50:57.980+0800][info] GC(17) Metaspace: 908K(1024K)->908K(1024K) NonClass: 843K(896K)->843K(896K) Class: 65K(128K)->65K(128K)
[2024-09-09T06:50:57.980+0800][info] GC(17) Pause Young (Prepare Mixed) (G1 Humongous Allocation) 74M->58M(128M) 1.381ms
[2024-09-09T06:50:57.980+0800][info] GC(17) User=0.01s Sys=0.00s Real=0.00s
[2024-09-09T06:50:58.030+0800][info] GC(18) Pause Young (Mixed) (G1 Preventive Collection)
[2024-09-09T06:50:58.030+0800][info] GC(18) Using 3 workers of 48 for evacuation
[2024-09-09T06:50:58.031+0800][info] GC(18)   Pre Evacuate Collection Set: 0.1ms
[2024-09-09T06:50:58.031+0800][info] GC(18)   Merge Heap Roots: 0.0ms
[2024-09-09T06:50:58.031+0800][info] GC(18)   Evacuate Collection Set: 0.2ms
[2024-09-09T06:50:58.031+0800][info] GC(18)   Post Evacuate Collection Set: 0.2ms
[2024-09-09T06:50:58.031+0800][info] GC(18)   Other: 0.2ms
[2024-09-09T06:50:58.031+0800][info] GC(18) Eden regions: 1->0(2)
[2024-09-09T06:50:58.031+0800][info] GC(18) Survivor regions: 1->1(1)
[2024-09-09T06:50:58.031+0800][info] GC(18) Old regions: 10->8
[2024-09-09T06:50:58.031+0800][info] GC(18) Archive regions: 2->2
[2024-09-09T06:50:58.031+0800][info] GC(18) Humongous regions: 12->12
[2024-09-09T06:50:58.031+0800][info] GC(18) Metaspace: 908K(1024K)->908K(1024K) NonClass: 843K(896K)->843K(896K) Class: 65K(128K)->65K(128K)
[2024-09-09T06:50:58.031+0800][info] GC(18) Pause Young (Mixed) (G1 Preventive Collection) 90M->82M(128M) 0.805ms
[2024-09-09T06:50:58.031+0800][info] GC(18) User=0.00s Sys=0.00s Real=0.00s
[2024-09-09T06:50:58.054+0800][info] GC(19) Pause Young (Concurrent Start) (G1 Humongous Allocation)
[2024-09-09T06:50:58.054+0800][info] GC(19) Using 3 workers of 48 for evacuation
[2024-09-09T06:50:58.054+0800][info] GC(19)   Pre Evacuate Collection Set: 0.1ms
[2024-09-09T06:50:58.054+0800][info] GC(19)   Merge Heap Roots: 0.0ms
[2024-09-09T06:50:58.054+0800][info] GC(19)   Evacuate Collection Set: 0.2ms
[2024-09-09T06:50:58.054+0800][info] GC(19)   Post Evacuate Collection Set: 0.2ms
[2024-09-09T06:50:58.054+0800][info] GC(19)   Other: 0.3ms
[2024-09-09T06:50:58.054+0800][info] GC(19) Eden regions: 1->0(1)
[2024-09-09T06:50:58.054+0800][info] GC(19) Survivor regions: 1->1(1)
[2024-09-09T06:50:58.054+0800][info] GC(19) Old regions: 8->8
[2024-09-09T06:50:58.054+0800][info] GC(19) Archive regions: 2->2
[2024-09-09T06:50:58.054+0800][info] GC(19) Humongous regions: 16->12
[2024-09-09T06:50:58.054+0800][info] GC(19) Metaspace: 908K(1024K)->908K(1024K) NonClass: 843K(896K)->843K(896K) Class: 65K(128K)->65K(128K)
[2024-09-09T06:50:58.055+0800][info] GC(19) Pause Young (Concurrent Start) (G1 Humongous Allocation) 98M->82M(128M) 0.974ms
[2024-09-09T06:50:58.055+0800][info] GC(19) User=0.00s Sys=0.00s Real=0.00s
[2024-09-09T06:50:58.055+0800][info] GC(20) Concurrent Undo Cycle
[2024-09-09T06:50:58.055+0800][info] GC(20) Concurrent Cleanup for Next Mark
[2024-09-09T06:50:58.055+0800][info] GC(20) Concurrent Cleanup for Next Mark 0.196ms
[2024-09-09T06:50:58.055+0800][info] GC(20) Concurrent Undo Cycle 0.276ms
[2024-09-09T06:50:58.077+0800][info] GC(21) Pause Young (Concurrent Start) (G1 Humongous Allocation)
[2024-09-09T06:50:58.077+0800][info] GC(21) Using 3 workers of 48 for evacuation
[2024-09-09T06:50:58.078+0800][info] GC(21)   Pre Evacuate Collection Set: 0.0ms
[2024-09-09T06:50:58.078+0800][info] GC(21)   Merge Heap Roots: 0.0ms
[2024-09-09T06:50:58.078+0800][info] GC(21)   Evacuate Collection Set: 0.2ms
[2024-09-09T06:50:58.078+0800][info] GC(21)   Post Evacuate Collection Set: 0.2ms
[2024-09-09T06:50:58.078+0800][info] GC(21)   Other: 0.3ms
[2024-09-09T06:50:58.078+0800][info] GC(21) Eden regions: 1->0(1)
[2024-09-09T06:50:58.078+0800][info] GC(21) Survivor regions: 1->1(1)
[2024-09-09T06:50:58.078+0800][info] GC(21) Old regions: 8->8
[2024-09-09T06:50:58.078+0800][info] GC(21) Archive regions: 2->2
[2024-09-09T06:50:58.078+0800][info] GC(21) Humongous regions: 16->12
[2024-09-09T06:50:58.078+0800][info] GC(21) Metaspace: 908K(1024K)->908K(1024K) NonClass: 843K(896K)->843K(896K) Class: 65K(128K)->65K(128K)
[2024-09-09T06:50:58.078+0800][info] GC(21) Pause Young (Concurrent Start) (G1 Humongous Allocation) 98M->82M(128M) 0.852ms
[2024-09-09T06:50:58.078+0800][info] GC(21) User=0.00s Sys=0.00s Real=0.00s
[2024-09-09T06:50:58.078+0800][info] GC(22) Concurrent Undo Cycle
[2024-09-09T06:50:58.078+0800][info] GC(22) Concurrent Cleanup for Next Mark
[2024-09-09T06:50:58.078+0800][info] GC(22) Concurrent Cleanup for Next Mark 0.202ms
[2024-09-09T06:50:58.078+0800][info] GC(22) Concurrent Undo Cycle 0.366ms
[2024-09-09T06:50:58.100+0800][info] GC(23) Pause Young (Concurrent Start) (G1 Humongous Allocation)
[2024-09-09T06:50:58.100+0800][info] GC(23) Using 3 workers of 48 for evacuation
[2024-09-09T06:50:58.101+0800][info] GC(23)   Pre Evacuate Collection Set: 0.0ms
[2024-09-09T06:50:58.101+0800][info] GC(23)   Merge Heap Roots: 0.0ms
[2024-09-09T06:50:58.101+0800][info] GC(23)   Evacuate Collection Set: 0.2ms
[2024-09-09T06:50:58.101+0800][info] GC(23)   Post Evacuate Collection Set: 0.2ms
[2024-09-09T06:50:58.101+0800][info] GC(23)   Other: 0.3ms
[2024-09-09T06:50:58.101+0800][info] GC(23) Eden regions: 1->0(1)
[2024-09-09T06:50:58.101+0800][info] GC(23) Survivor regions: 1->1(1)
[2024-09-09T06:50:58.101+0800][info] GC(23) Old regions: 8->8
[2024-09-09T06:50:58.101+0800][info] GC(23) Archive regions: 2->2
[2024-09-09T06:50:58.101+0800][info] GC(23) Humongous regions: 16->12
[2024-09-09T06:50:58.101+0800][info] GC(23) Metaspace: 908K(1024K)->908K(1024K) NonClass: 843K(896K)->843K(896K) Class: 65K(128K)->65K(128K)
[2024-09-09T06:50:58.101+0800][info] GC(23) Pause Young (Concurrent Start) (G1 Humongous Allocation) 98M->82M(128M) 0.899ms
[2024-09-09T06:50:58.101+0800][info] GC(23) User=0.01s Sys=0.00s Real=0.00s
[2024-09-09T06:50:58.101+0800][info] GC(24) Concurrent Undo Cycle
[2024-09-09T06:50:58.101+0800][info] GC(24) Concurrent Cleanup for Next Mark
[2024-09-09T06:50:58.102+0800][info] GC(24) Concurrent Cleanup for Next Mark 0.217ms
[2024-09-09T06:50:58.102+0800][info] GC(24) Concurrent Undo Cycle 0.311ms
[2024-09-09T06:50:58.124+0800][info] GC(25) Pause Young (Concurrent Start) (G1 Humongous Allocation)
[2024-09-09T06:50:58.124+0800][info] GC(25) Using 3 workers of 48 for evacuation
[2024-09-09T06:50:58.124+0800][info] GC(25)   Pre Evacuate Collection Set: 0.1ms
[2024-09-09T06:50:58.124+0800][info] GC(25)   Merge Heap Roots: 0.0ms
[2024-09-09T06:50:58.124+0800][info] GC(25)   Evacuate Collection Set: 0.2ms
[2024-09-09T06:50:58.124+0800][info] GC(25)   Post Evacuate Collection Set: 0.1ms
[2024-09-09T06:50:58.124+0800][info] GC(25)   Other: 0.3ms
[2024-09-09T06:50:58.124+0800][info] GC(25) Eden regions: 1->0(1)
[2024-09-09T06:50:58.124+0800][info] GC(25) Survivor regions: 1->1(1)
[2024-09-09T06:50:58.124+0800][info] GC(25) Old regions: 8->8
[2024-09-09T06:50:58.124+0800][info] GC(25) Archive regions: 2->2
[2024-09-09T06:50:58.124+0800][info] GC(25) Humongous regions: 16->12
[2024-09-09T06:50:58.124+0800][info] GC(25) Metaspace: 908K(1024K)->908K(1024K) NonClass: 843K(896K)->843K(896K) Class: 65K(128K)->65K(128K)
[2024-09-09T06:50:58.124+0800][info] GC(25) Pause Young (Concurrent Start) (G1 Humongous Allocation) 98M->82M(128M) 0.836ms
[2024-09-09T06:50:58.124+0800][info] GC(25) User=0.00s Sys=0.00s Real=0.00s
[2024-09-09T06:50:58.125+0800][info] GC(26) Concurrent Undo Cycle
[2024-09-09T06:50:58.125+0800][info] GC(26) Concurrent Cleanup for Next Mark
[2024-09-09T06:50:58.125+0800][info] GC(26) Concurrent Cleanup for Next Mark 0.354ms
[2024-09-09T06:50:58.125+0800][info] GC(26) Concurrent Undo Cycle 0.433ms
[2024-09-09T06:50:58.657+0800][info] GC(27) Pause Young (Normal) (G1 Evacuation Pause)
[2024-09-09T06:50:58.657+0800][info] GC(27) Using 3 workers of 48 for evacuation
[2024-09-09T06:50:58.658+0800][info] GC(27)   Pre Evacuate Collection Set: 0.1ms
[2024-09-09T06:50:58.658+0800][info] GC(27)   Merge Heap Roots: 0.0ms
[2024-09-09T06:50:58.658+0800][info] GC(27)   Evacuate Collection Set: 0.5ms
[2024-09-09T06:50:58.658+0800][info] GC(27)   Post Evacuate Collection Set: 0.2ms
[2024-09-09T06:50:58.658+0800][info] GC(27)   Other: 0.2ms
[2024-09-09T06:50:58.658+0800][info] GC(27) Eden regions: 1->0(1)
[2024-09-09T06:50:58.658+0800][info] GC(27) Survivor regions: 1->1(1)
[2024-09-09T06:50:58.658+0800][info] GC(27) Old regions: 8->8
[2024-09-09T06:50:58.658+0800][info] GC(27) Archive regions: 2->2
[2024-09-09T06:50:58.658+0800][info] GC(27) Humongous regions: 16->12
[2024-09-09T06:50:58.658+0800][info] GC(27) Metaspace: 908K(1024K)->908K(1024K) NonClass: 843K(896K)->843K(896K) Class: 65K(128K)->65K(128K)
[2024-09-09T06:50:58.658+0800][info] GC(27) Pause Young (Normal) (G1 Evacuation Pause) 102M->86M(128M) 1.050ms
[2024-09-09T06:50:58.658+0800][info] GC(27) User=0.00s Sys=0.00s Real=0.00s
[2024-09-09T06:50:59.159+0800][info] GC(28) Pause Young (Normal) (G1 Evacuation Pause)
[2024-09-09T06:50:59.159+0800][info] GC(28) Using 3 workers of 48 for evacuation
[2024-09-09T06:50:59.160+0800][info] GC(28)   Pre Evacuate Collection Set: 0.0ms
[2024-09-09T06:50:59.160+0800][info] GC(28)   Merge Heap Roots: 0.0ms
[2024-09-09T06:50:59.160+0800][info] GC(28)   Evacuate Collection Set: 0.9ms
[2024-09-09T06:50:59.160+0800][info] GC(28)   Post Evacuate Collection Set: 0.2ms
[2024-09-09T06:50:59.160+0800][info] GC(28)   Other: 0.2ms
[2024-09-09T06:50:59.160+0800][info] GC(28) Eden regions: 1->0(1)
[2024-09-09T06:50:59.160+0800][info] GC(28) Survivor regions: 1->1(1)
[2024-09-09T06:50:59.160+0800][info] GC(28) Old regions: 8->9
[2024-09-09T06:50:59.160+0800][info] GC(28) Archive regions: 2->2
[2024-09-09T06:50:59.160+0800][info] GC(28) Humongous regions: 12->12
[2024-09-09T06:50:59.160+0800][info] GC(28) Metaspace: 911K(1024K)->911K(1024K) NonClass: 845K(896K)->845K(896K) Class: 65K(128K)->65K(128K)
[2024-09-09T06:50:59.160+0800][info] GC(28) Pause Young (Normal) (G1 Evacuation Pause) 90M->90M(128M) 1.486ms
[2024-09-09T06:50:59.160+0800][info] GC(28) User=0.00s Sys=0.00s Real=0.00s
[2024-09-09T06:50:59.665+0800][info] GC(29) Pause Young (Normal) (G1 Evacuation Pause)
[2024-09-09T06:50:59.665+0800][info] GC(29) Using 3 workers of 48 for evacuation
[2024-09-09T06:50:59.666+0800][info] GC(29)   Pre Evacuate Collection Set: 0.1ms
[2024-09-09T06:50:59.666+0800][info] GC(29)   Merge Heap Roots: 0.1ms
[2024-09-09T06:50:59.666+0800][info] GC(29)   Evacuate Collection Set: 0.9ms
[2024-09-09T06:50:59.666+0800][info] GC(29)   Post Evacuate Collection Set: 0.2ms
[2024-09-09T06:50:59.666+0800][info] GC(29)   Other: 0.2ms
[2024-09-09T06:50:59.666+0800][info] GC(29) Eden regions: 1->0(1)
[2024-09-09T06:50:59.666+0800][info] GC(29) Survivor regions: 1->1(1)
[2024-09-09T06:50:59.666+0800][info] GC(29) Old regions: 9->10
[2024-09-09T06:50:59.666+0800][info] GC(29) Archive regions: 2->2
[2024-09-09T06:50:59.666+0800][info] GC(29) Humongous regions: 12->12
[2024-09-09T06:50:59.666+0800][info] GC(29) Metaspace: 911K(1024K)->911K(1024K) NonClass: 845K(896K)->845K(896K) Class: 65K(128K)->65K(128K)
[2024-09-09T06:50:59.666+0800][info] GC(29) Pause Young (Normal) (G1 Evacuation Pause) 94M->94M(128M) 1.477ms
[2024-09-09T06:50:59.666+0800][info] GC(29) User=0.00s Sys=0.01s Real=0.01s
[2024-09-09T06:51:00.163+0800][info] GC(30) Pause Young (Normal) (G1 Evacuation Pause)
[2024-09-09T06:51:00.163+0800][info] GC(30) Using 3 workers of 48 for evacuation
[2024-09-09T06:51:00.165+0800][info] GC(30)   Pre Evacuate Collection Set: 0.1ms
[2024-09-09T06:51:00.165+0800][info] GC(30)   Merge Heap Roots: 0.0ms
[2024-09-09T06:51:00.165+0800][info] GC(30)   Evacuate Collection Set: 2.3ms
[2024-09-09T06:51:00.165+0800][info] GC(30)   Post Evacuate Collection Set: 0.2ms
[2024-09-09T06:51:00.165+0800][info] GC(30)   Other: 0.2ms
[2024-09-09T06:51:00.165+0800][info] GC(30) Eden regions: 1->0(1)
[2024-09-09T06:51:00.165+0800][info] GC(30) Survivor regions: 1->1(1)
[2024-09-09T06:51:00.165+0800][info] GC(30) Old regions: 10->11
[2024-09-09T06:51:00.165+0800][info] GC(30) Archive regions: 2->2
[2024-09-09T06:51:00.165+0800][info] GC(30) Humongous regions: 12->12
[2024-09-09T06:51:00.165+0800][info] GC(30) Metaspace: 911K(1024K)->911K(1024K) NonClass: 845K(896K)->845K(896K) Class: 65K(128K)->65K(128K)
[2024-09-09T06:51:00.165+0800][info] GC(30) Pause Young (Normal) (G1 Evacuation Pause) 98M->98M(128M) 2.826ms
[2024-09-09T06:51:00.165+0800][info] GC(30) User=0.00s Sys=0.01s Real=0.01s
[2024-09-09T06:51:00.658+0800][info] GC(31) Pause Young (Normal) (G1 Evacuation Pause)
[2024-09-09T06:51:00.658+0800][info] GC(31) Using 3 workers of 48 for evacuation
[2024-09-09T06:51:00.660+0800][info] GC(31)   Pre Evacuate Collection Set: 0.1ms
[2024-09-09T06:51:00.660+0800][info] GC(31)   Merge Heap Roots: 0.0ms
[2024-09-09T06:51:00.660+0800][info] GC(31)   Evacuate Collection Set: 1.5ms
[2024-09-09T06:51:00.660+0800][info] GC(31)   Post Evacuate Collection Set: 0.2ms
[2024-09-09T06:51:00.660+0800][info] GC(31)   Other: 0.2ms
[2024-09-09T06:51:00.660+0800][info] GC(31) Eden regions: 1->0(1)
[2024-09-09T06:51:00.660+0800][info] GC(31) Survivor regions: 1->1(1)
[2024-09-09T06:51:00.660+0800][info] GC(31) Old regions: 11->12
[2024-09-09T06:51:00.660+0800][info] GC(31) Archive regions: 2->2
[2024-09-09T06:51:00.660+0800][info] GC(31) Humongous regions: 12->12
[2024-09-09T06:51:00.660+0800][info] GC(31) Metaspace: 911K(1024K)->911K(1024K) NonClass: 845K(896K)->845K(896K) Class: 65K(128K)->65K(128K)
[2024-09-09T06:51:00.660+0800][info] GC(31) Pause Young (Normal) (G1 Evacuation Pause) 102M->102M(128M) 2.126ms
[2024-09-09T06:51:00.660+0800][info] GC(31) User=0.01s Sys=0.00s Real=0.00s
[2024-09-09T06:51:01.154+0800][info] GC(32) Pause Young (Normal) (G1 Preventive Collection)
[2024-09-09T06:51:01.154+0800][info] GC(32) Using 3 workers of 48 for evacuation
[2024-09-09T06:51:01.155+0800][info] GC(32)   Pre Evacuate Collection Set: 0.0ms
[2024-09-09T06:51:01.155+0800][info] GC(32)   Merge Heap Roots: 0.0ms
[2024-09-09T06:51:01.155+0800][info] GC(32)   Evacuate Collection Set: 0.7ms
[2024-09-09T06:51:01.155+0800][info] GC(32)   Post Evacuate Collection Set: 0.1ms
[2024-09-09T06:51:01.155+0800][info] GC(32)   Other: 0.1ms
[2024-09-09T06:51:01.155+0800][info] GC(32) Eden regions: 1->0(1)
[2024-09-09T06:51:01.155+0800][info] GC(32) Survivor regions: 1->1(1)
[2024-09-09T06:51:01.155+0800][info] GC(32) Old regions: 12->13
[2024-09-09T06:51:01.155+0800][info] GC(32) Archive regions: 2->2
[2024-09-09T06:51:01.155+0800][info] GC(32) Humongous regions: 12->12
[2024-09-09T06:51:01.155+0800][info] GC(32) Metaspace: 911K(1024K)->911K(1024K) NonClass: 845K(896K)->845K(896K) Class: 65K(128K)->65K(128K)
[2024-09-09T06:51:01.155+0800][info] GC(32) Pause Young (Normal) (G1 Preventive Collection) 106M->106M(128M) 1.041ms
[2024-09-09T06:51:01.155+0800][info] GC(32) User=0.00s Sys=0.00s Real=0.00s
[2024-09-09T06:51:01.647+0800][info] GC(33) Pause Young (Normal) (G1 Preventive Collection)
[2024-09-09T06:51:01.647+0800][info] GC(33) Using 3 workers of 48 for evacuation
[2024-09-09T06:51:01.649+0800][info] GC(33)   Pre Evacuate Collection Set: 0.1ms
[2024-09-09T06:51:01.649+0800][info] GC(33)   Merge Heap Roots: 0.0ms
[2024-09-09T06:51:01.649+0800][info] GC(33)   Evacuate Collection Set: 0.9ms
[2024-09-09T06:51:01.649+0800][info] GC(33)   Post Evacuate Collection Set: 0.2ms
[2024-09-09T06:51:01.649+0800][info] GC(33)   Other: 0.2ms
[2024-09-09T06:51:01.649+0800][info] GC(33) Eden regions: 1->0(1)
[2024-09-09T06:51:01.649+0800][info] GC(33) Survivor regions: 1->1(1)
[2024-09-09T06:51:01.649+0800][info] GC(33) Old regions: 13->14
[2024-09-09T06:51:01.649+0800][info] GC(33) Archive regions: 2->2
[2024-09-09T06:51:01.649+0800][info] GC(33) Humongous regions: 12->12
[2024-09-09T06:51:01.649+0800][info] GC(33) Metaspace: 911K(1024K)->911K(1024K) NonClass: 845K(896K)->845K(896K) Class: 65K(128K)->65K(128K)
[2024-09-09T06:51:01.649+0800][info] GC(33) Pause Young (Normal) (G1 Preventive Collection) 110M->110M(128M) 1.578ms
[2024-09-09T06:51:01.649+0800][info] GC(33) User=0.00s Sys=0.00s Real=0.00s
[2024-09-09T06:51:02.141+0800][info] GC(34) Pause Young (Concurrent Start) (G1 Preventive Collection)
[2024-09-09T06:51:02.141+0800][info] GC(34) Using 3 workers of 48 for evacuation
[2024-09-09T06:51:02.143+0800][info] GC(34)   Pre Evacuate Collection Set: 0.1ms
[2024-09-09T06:51:02.144+0800][info] GC(34)   Merge Heap Roots: 0.0ms
[2024-09-09T06:51:02.144+0800][info] GC(34)   Evacuate Collection Set: 2.1ms
[2024-09-09T06:51:02.144+0800][info] GC(34)   Post Evacuate Collection Set: 0.2ms
[2024-09-09T06:51:02.144+0800][info] GC(34)   Other: 0.3ms
[2024-09-09T06:51:02.144+0800][info] GC(34) Eden regions: 1->0(1)
[2024-09-09T06:51:02.144+0800][info] GC(34) Survivor regions: 1->1(1)
[2024-09-09T06:51:02.144+0800][info] GC(34) Old regions: 14->15
[2024-09-09T06:51:02.144+0800][info] GC(34) Archive regions: 2->2
[2024-09-09T06:51:02.144+0800][info] GC(34) Humongous regions: 12->12
[2024-09-09T06:51:02.144+0800][info] GC(34) Metaspace: 911K(1024K)->911K(1024K) NonClass: 845K(896K)->845K(896K) Class: 65K(128K)->65K(128K)
[2024-09-09T06:51:02.144+0800][info] GC(34) Pause Young (Concurrent Start) (G1 Preventive Collection) 114M->114M(128M) 2.892ms
[2024-09-09T06:51:02.144+0800][info] GC(34) User=0.01s Sys=0.00s Real=0.00s
[2024-09-09T06:51:02.144+0800][info] GC(35) Concurrent Mark Cycle
[2024-09-09T06:51:02.144+0800][info] GC(35) Concurrent Clear Claimed Marks
[2024-09-09T06:51:02.144+0800][info] GC(35) Concurrent Clear Claimed Marks 0.020ms
[2024-09-09T06:51:02.144+0800][info] GC(35) Concurrent Scan Root Regions
[2024-09-09T06:51:02.144+0800][info] GC(35) Concurrent Scan Root Regions 0.099ms
[2024-09-09T06:51:02.144+0800][info] GC(35) Concurrent Mark
[2024-09-09T06:51:02.144+0800][info] GC(35) Concurrent Mark From Roots
[2024-09-09T06:51:02.144+0800][info] GC(35) Using 12 workers of 12 for marking
[2024-09-09T06:51:02.146+0800][info] GC(35) Concurrent Mark From Roots 2.440ms
[2024-09-09T06:51:02.146+0800][info] GC(35) Concurrent Preclean
[2024-09-09T06:51:02.148+0800][info] GC(35) Concurrent Preclean 1.673ms
[2024-09-09T06:51:02.148+0800][info] GC(35) Pause Remark
[2024-09-09T06:51:02.151+0800][info] GC(35) Pause Remark 114M->54M(128M) 3.225ms
[2024-09-09T06:51:02.151+0800][info] GC(35) User=0.00s Sys=0.01s Real=0.00s
[2024-09-09T06:51:02.151+0800][info] GC(35) Concurrent Mark 7.501ms
[2024-09-09T06:51:02.152+0800][info] GC(35) Concurrent Rebuild Remembered Sets
[2024-09-09T06:51:02.156+0800][info] GC(35) Concurrent Rebuild Remembered Sets 4.374ms
[2024-09-09T06:51:02.156+0800][info] GC(35) Pause Cleanup
[2024-09-09T06:51:02.156+0800][info] GC(35) Pause Cleanup 54M->54M(128M) 0.341ms
[2024-09-09T06:51:02.156+0800][info] GC(35) User=0.00s Sys=0.00s Real=0.00s
[2024-09-09T06:51:02.156+0800][info] GC(35) Concurrent Cleanup for Next Mark
[2024-09-09T06:51:02.157+0800][info] GC(35) Concurrent Cleanup for Next Mark 0.243ms
[2024-09-09T06:51:02.157+0800][info] GC(35) Concurrent Mark Cycle 12.860ms
[2024-09-09T06:51:02.786+0800][info] GC(36) Pause Young (Prepare Mixed) (G1 Evacuation Pause)
[2024-09-09T06:51:02.786+0800][info] GC(36) Using 3 workers of 48 for evacuation
[2024-09-09T06:51:02.788+0800][info] GC(36)   Pre Evacuate Collection Set: 0.1ms
[2024-09-09T06:51:02.789+0800][info] GC(36)   Merge Heap Roots: 0.0ms
[2024-09-09T06:51:02.789+0800][info] GC(36)   Evacuate Collection Set: 1.8ms
[2024-09-09T06:51:02.789+0800][info] GC(36)   Post Evacuate Collection Set: 0.2ms
[2024-09-09T06:51:02.789+0800][info] GC(36)   Other: 0.2ms
[2024-09-09T06:51:02.789+0800][info] GC(36) Eden regions: 1->0(1)
[2024-09-09T06:51:02.789+0800][info] GC(36) Survivor regions: 1->1(1)
[2024-09-09T06:51:02.789+0800][info] GC(36) Old regions: 12->13
[2024-09-09T06:51:02.789+0800][info] GC(36) Archive regions: 2->2
[2024-09-09T06:51:02.789+0800][info] GC(36) Humongous regions: 0->0
[2024-09-09T06:51:02.789+0800][info] GC(36) Metaspace: 869K(1024K)->869K(1024K) NonClass: 814K(896K)->814K(896K) Class: 55K(128K)->55K(128K)
[2024-09-09T06:51:02.789+0800][info] GC(36) Pause Young (Prepare Mixed) (G1 Evacuation Pause) 58M->58M(128M) 2.507ms
[2024-09-09T06:51:02.789+0800][info] GC(36) User=0.00s Sys=0.00s Real=0.00s
[2024-09-09T06:51:03.281+0800][info] GC(37) Pause Young (Mixed) (G1 Evacuation Pause)
[2024-09-09T06:51:03.281+0800][info] GC(37) Using 3 workers of 48 for evacuation
[2024-09-09T06:51:03.282+0800][info] GC(37)   Pre Evacuate Collection Set: 0.0ms
[2024-09-09T06:51:03.282+0800][info] GC(37)   Merge Heap Roots: 0.0ms
[2024-09-09T06:51:03.282+0800][info] GC(37)   Evacuate Collection Set: 0.9ms
[2024-09-09T06:51:03.282+0800][info] GC(37)   Post Evacuate Collection Set: 0.1ms
[2024-09-09T06:51:03.282+0800][info] GC(37)   Other: 0.1ms
[2024-09-09T06:51:03.282+0800][info] GC(37) Eden regions: 1->0(1)
[2024-09-09T06:51:03.282+0800][info] GC(37) Survivor regions: 1->1(1)
[2024-09-09T06:51:03.282+0800][info] GC(37) Old regions: 13->10
[2024-09-09T06:51:03.282+0800][info] GC(37) Archive regions: 2->2
[2024-09-09T06:51:03.282+0800][info] GC(37) Humongous regions: 0->0
[2024-09-09T06:51:03.282+0800][info] GC(37) Metaspace: 869K(1024K)->869K(1024K) NonClass: 814K(896K)->814K(896K) Class: 55K(128K)->55K(128K)
[2024-09-09T06:51:03.282+0800][info] GC(37) Pause Young (Mixed) (G1 Evacuation Pause) 62M->45M(128M) 1.343ms
[2024-09-09T06:51:03.282+0800][info] GC(37) User=0.00s Sys=0.00s Real=0.00s
[2024-09-09T06:51:03.779+0800][info] GC(38) Pause Young (Mixed) (G1 Evacuation Pause)
[2024-09-09T06:51:03.779+0800][info] GC(38) Using 3 workers of 48 for evacuation
[2024-09-09T06:51:03.781+0800][info] GC(38)   Pre Evacuate Collection Set: 0.1ms
[2024-09-09T06:51:03.781+0800][info] GC(38)   Merge Heap Roots: 0.0ms
[2024-09-09T06:51:03.781+0800][info] GC(38)   Evacuate Collection Set: 1.0ms
[2024-09-09T06:51:03.781+0800][info] GC(38)   Post Evacuate Collection Set: 0.2ms
[2024-09-09T06:51:03.781+0800][info] GC(38)   Other: 0.2ms
[2024-09-09T06:51:03.781+0800][info] GC(38) Eden regions: 1->0(5)
[2024-09-09T06:51:03.781+0800][info] GC(38) Survivor regions: 1->1(1)
[2024-09-09T06:51:03.781+0800][info] GC(38) Old regions: 10->9
[2024-09-09T06:51:03.781+0800][info] GC(38) Archive regions: 2->2
[2024-09-09T06:51:03.781+0800][info] GC(38) Humongous regions: 0->0
[2024-09-09T06:51:03.781+0800][info] GC(38) Metaspace: 869K(1024K)->869K(1024K) NonClass: 814K(896K)->814K(896K) Class: 55K(128K)->55K(128K)
[2024-09-09T06:51:03.781+0800][info] GC(38) Pause Young (Mixed) (G1 Evacuation Pause) 49M->41M(128M) 1.710ms
[2024-09-09T06:51:03.781+0800][info] GC(38) User=0.00s Sys=0.00s Real=0.00s
[2024-09-09T06:51:06.283+0800][info] GC(39) Pause Young (Normal) (G1 Evacuation Pause)
[2024-09-09T06:51:06.283+0800][info] GC(39) Using 3 workers of 48 for evacuation
[2024-09-09T06:51:06.286+0800][info] GC(39)   Pre Evacuate Collection Set: 0.1ms
[2024-09-09T06:51:06.286+0800][info] GC(39)   Merge Heap Roots: 0.0ms
[2024-09-09T06:51:06.286+0800][info] GC(39)   Evacuate Collection Set: 2.6ms
[2024-09-09T06:51:06.286+0800][info] GC(39)   Post Evacuate Collection Set: 0.2ms
[2024-09-09T06:51:06.286+0800][info] GC(39)   Other: 0.2ms
[2024-09-09T06:51:06.286+0800][info] GC(39) Eden regions: 5->0(4)
[2024-09-09T06:51:06.286+0800][info] GC(39) Survivor regions: 1->1(1)
[2024-09-09T06:51:06.286+0800][info] GC(39) Old regions: 9->14
[2024-09-09T06:51:06.286+0800][info] GC(39) Archive regions: 2->2
[2024-09-09T06:51:06.286+0800][info] GC(39) Humongous regions: 0->0
[2024-09-09T06:51:06.286+0800][info] GC(39) Metaspace: 907K(1088K)->907K(1088K) NonClass: 852K(960K)->852K(960K) Class: 55K(128K)->55K(128K)
[2024-09-09T06:51:06.286+0800][info] GC(39) Pause Young (Normal) (G1 Evacuation Pause) 61M->61M(128M) 3.322ms
[2024-09-09T06:51:06.286+0800][info] GC(39) User=0.01s Sys=0.00s Real=0.01s
[2024-09-09T06:51:08.280+0800][info] GC(40) Pause Young (Normal) (G1 Evacuation Pause)
[2024-09-09T06:51:08.280+0800][info] GC(40) Using 3 workers of 48 for evacuation
[2024-09-09T06:51:08.283+0800][info] GC(40)   Pre Evacuate Collection Set: 0.1ms
[2024-09-09T06:51:08.283+0800][info] GC(40)   Merge Heap Roots: 0.0ms
[2024-09-09T06:51:08.283+0800][info] GC(40)   Evacuate Collection Set: 2.2ms
[2024-09-09T06:51:08.283+0800][info] GC(40)   Post Evacuate Collection Set: 0.2ms
[2024-09-09T06:51:08.283+0800][info] GC(40)   Other: 0.2ms
[2024-09-09T06:51:08.283+0800][info] GC(40) Eden regions: 4->0(2)
[2024-09-09T06:51:08.283+0800][info] GC(40) Survivor regions: 1->1(1)
[2024-09-09T06:51:08.283+0800][info] GC(40) Old regions: 14->18
[2024-09-09T06:51:08.283+0800][info] GC(40) Archive regions: 2->2
[2024-09-09T06:51:08.283+0800][info] GC(40) Humongous regions: 0->0
[2024-09-09T06:51:08.283+0800][info] GC(40) Metaspace: 907K(1088K)->907K(1088K) NonClass: 852K(960K)->852K(960K) Class: 55K(128K)->55K(128K)
[2024-09-09T06:51:08.283+0800][info] GC(40) Pause Young (Normal) (G1 Evacuation Pause) 77M->77M(128M) 2.871ms
[2024-09-09T06:51:08.283+0800][info] GC(40) User=0.01s Sys=0.00s Real=0.00s
[2024-09-09T06:51:09.275+0800][info] GC(41) Pause Young (Normal) (G1 Evacuation Pause)
[2024-09-09T06:51:09.275+0800][info] GC(41) Using 3 workers of 48 for evacuation
[2024-09-09T06:51:09.277+0800][info] GC(41)   Pre Evacuate Collection Set: 0.1ms
[2024-09-09T06:51:09.277+0800][info] GC(41)   Merge Heap Roots: 0.0ms
[2024-09-09T06:51:09.277+0800][info] GC(41)   Evacuate Collection Set: 1.3ms
[2024-09-09T06:51:09.277+0800][info] GC(41)   Post Evacuate Collection Set: 0.2ms
[2024-09-09T06:51:09.277+0800][info] GC(41)   Other: 0.2ms
[2024-09-09T06:51:09.277+0800][info] GC(41) Eden regions: 2->0(2)
[2024-09-09T06:51:09.277+0800][info] GC(41) Survivor regions: 1->1(1)
[2024-09-09T06:51:09.277+0800][info] GC(41) Old regions: 18->20
[2024-09-09T06:51:09.277+0800][info] GC(41) Archive regions: 2->2
[2024-09-09T06:51:09.277+0800][info] GC(41) Humongous regions: 0->0
[2024-09-09T06:51:09.277+0800][info] GC(41) Metaspace: 907K(1088K)->907K(1088K) NonClass: 852K(960K)->852K(960K) Class: 55K(128K)->55K(128K)
[2024-09-09T06:51:09.277+0800][info] GC(41) Pause Young (Normal) (G1 Evacuation Pause) 85M->85M(128M) 2.039ms
[2024-09-09T06:51:09.277+0800][info] GC(41) User=0.01s Sys=0.00s Real=0.01s
[2024-09-09T06:51:10.268+0800][info] GC(42) Pause Young (Normal) (G1 Evacuation Pause)
[2024-09-09T06:51:10.268+0800][info] GC(42) Using 3 workers of 48 for evacuation
[2024-09-09T06:51:10.269+0800][info] GC(42)   Pre Evacuate Collection Set: 0.1ms
[2024-09-09T06:51:10.269+0800][info] GC(42)   Merge Heap Roots: 0.0ms
[2024-09-09T06:51:10.269+0800][info] GC(42)   Evacuate Collection Set: 1.4ms
[2024-09-09T06:51:10.269+0800][info] GC(42)   Post Evacuate Collection Set: 0.2ms
[2024-09-09T06:51:10.269+0800][info] GC(42)   Other: 0.2ms
[2024-09-09T06:51:10.269+0800][info] GC(42) Eden regions: 2->0(1)
[2024-09-09T06:51:10.269+0800][info] GC(42) Survivor regions: 1->1(1)
[2024-09-09T06:51:10.269+0800][info] GC(42) Old regions: 20->22
[2024-09-09T06:51:10.269+0800][info] GC(42) Archive regions: 2->2
[2024-09-09T06:51:10.269+0800][info] GC(42) Humongous regions: 0->0
[2024-09-09T06:51:10.269+0800][info] GC(42) Metaspace: 907K(1088K)->907K(1088K) NonClass: 852K(960K)->852K(960K) Class: 55K(128K)->55K(128K)
[2024-09-09T06:51:10.269+0800][info] GC(42) Pause Young (Normal) (G1 Evacuation Pause) 93M->93M(128M) 1.976ms
[2024-09-09T06:51:10.270+0800][info] GC(42) User=0.01s Sys=0.00s Real=0.00s
[2024-09-09T06:51:10.755+0800][info] GC(43) Pause Young (Normal) (G1 Evacuation Pause)
[2024-09-09T06:51:10.755+0800][info] GC(43) Using 3 workers of 48 for evacuation
[2024-09-09T06:51:10.756+0800][info] GC(43)   Pre Evacuate Collection Set: 0.1ms
[2024-09-09T06:51:10.756+0800][info] GC(43)   Merge Heap Roots: 0.0ms
[2024-09-09T06:51:10.756+0800][info] GC(43)   Evacuate Collection Set: 0.9ms
[2024-09-09T06:51:10.756+0800][info] GC(43)   Post Evacuate Collection Set: 0.2ms
[2024-09-09T06:51:10.756+0800][info] GC(43)   Other: 0.2ms
[2024-09-09T06:51:10.756+0800][info] GC(43) Eden regions: 1->0(1)
[2024-09-09T06:51:10.756+0800][info] GC(43) Survivor regions: 1->1(1)
[2024-09-09T06:51:10.756+0800][info] GC(43) Old regions: 22->23
[2024-09-09T06:51:10.756+0800][info] GC(43) Archive regions: 2->2
[2024-09-09T06:51:10.756+0800][info] GC(43) Humongous regions: 0->0
[2024-09-09T06:51:10.756+0800][info] GC(43) Metaspace: 907K(1088K)->907K(1088K) NonClass: 852K(960K)->852K(960K) Class: 55K(128K)->55K(128K)
[2024-09-09T06:51:10.756+0800][info] GC(43) Pause Young (Normal) (G1 Evacuation Pause) 97M->97M(128M) 1.532ms
[2024-09-09T06:51:10.756+0800][info] GC(43) User=0.01s Sys=0.00s Real=0.00s
[2024-09-09T06:51:11.093+0800][info] GC(44) Pause Young (Normal) (G1 Preventive Collection)
[2024-09-09T06:51:11.093+0800][info] GC(44) Using 3 workers of 48 for evacuation
[2024-09-09T06:51:11.095+0800][info] GC(44)   Pre Evacuate Collection Set: 0.1ms
[2024-09-09T06:51:11.095+0800][info] GC(44)   Merge Heap Roots: 0.0ms
[2024-09-09T06:51:11.095+0800][info] GC(44)   Evacuate Collection Set: 0.8ms
[2024-09-09T06:51:11.095+0800][info] GC(44)   Post Evacuate Collection Set: 0.2ms
[2024-09-09T06:51:11.095+0800][info] GC(44)   Other: 0.2ms
[2024-09-09T06:51:11.095+0800][info] GC(44) Eden regions: 1->0(1)
[2024-09-09T06:51:11.095+0800][info] GC(44) Survivor regions: 1->1(1)
[2024-09-09T06:51:11.095+0800][info] GC(44) Old regions: 23->24
[2024-09-09T06:51:11.095+0800][info] GC(44) Archive regions: 2->2
[2024-09-09T06:51:11.095+0800][info] GC(44) Humongous regions: 0->0
[2024-09-09T06:51:11.095+0800][info] GC(44) Metaspace: 907K(1088K)->907K(1088K) NonClass: 852K(960K)->852K(960K) Class: 55K(128K)->55K(128K)
[2024-09-09T06:51:11.095+0800][info] GC(44) Pause Young (Normal) (G1 Preventive Collection) 99M->99M(128M) 1.385ms
[2024-09-09T06:51:11.095+0800][info] GC(44) User=0.00s Sys=0.00s Real=0.00s
[2024-09-09T06:51:11.095+0800][info] Attempting full compaction
[2024-09-09T06:51:11.095+0800][info] GC(45) Using 1 workers of 48 for full compaction
[2024-09-09T06:51:11.095+0800][info] GC(45) Pause Full (G1 Compaction Pause)
[2024-09-09T06:51:11.095+0800][info] GC(45) Phase 1: Mark live objects
[2024-09-09T06:51:11.100+0800][info] GC(45) Phase 1: Mark live objects 5.256ms
[2024-09-09T06:51:11.100+0800][info] GC(45) Phase 2: Prepare for compaction
[2024-09-09T06:51:11.101+0800][info] GC(45) Phase 2: Prepare for compaction 1.188ms
[2024-09-09T06:51:11.101+0800][info] GC(45) Phase 3: Adjust pointers
[2024-09-09T06:51:11.105+0800][info] GC(45) Phase 3: Adjust pointers 3.197ms
[2024-09-09T06:51:11.105+0800][info] GC(45) Phase 4: Compact heap
[2024-09-09T06:51:11.106+0800][info] GC(45) Phase 4: Compact heap 0.947ms
[2024-09-09T06:51:11.107+0800][info] GC(45) Eden regions: 0->0(8)
[2024-09-09T06:51:11.107+0800][info] GC(45) Survivor regions: 1->0(1)
[2024-09-09T06:51:11.107+0800][info] GC(45) Old regions: 24->1
[2024-09-09T06:51:11.107+0800][info] GC(45) Archive regions: 2->2
[2024-09-09T06:51:11.107+0800][info] GC(45) Humongous regions: 0->0
[2024-09-09T06:51:11.107+0800][info] GC(45) Metaspace: 907K(1088K)->907K(1088K) NonClass: 852K(960K)->852K(960K) Class: 55K(128K)->55K(128K)
[2024-09-09T06:51:11.107+0800][info] GC(45) Pause Full (G1 Compaction Pause) 99M->4M(128M) 11.703ms
[2024-09-09T06:51:11.107+0800][info] GC(45) User=0.01s Sys=0.00s Real=0.02s
[2024-09-09T06:51:11.240+0800][info] GC(46) Pause Young (Concurrent Start) (G1 Humongous Allocation)
[2024-09-09T06:51:11.240+0800][info] GC(46) Using 3 workers of 48 for evacuation
[2024-09-09T06:51:11.241+0800][info] GC(46)   Pre Evacuate Collection Set: 0.1ms
[2024-09-09T06:51:11.241+0800][info] GC(46)   Merge Heap Roots: 0.0ms
[2024-09-09T06:51:11.241+0800][info] GC(46)   Evacuate Collection Set: 0.4ms
[2024-09-09T06:51:11.241+0800][info] GC(46)   Post Evacuate Collection Set: 0.2ms
[2024-09-09T06:51:11.241+0800][info] GC(46)   Other: 0.3ms
[2024-09-09T06:51:11.241+0800][info] GC(46) Eden regions: 1->0(1)
[2024-09-09T06:51:11.241+0800][info] GC(46) Survivor regions: 0->1(1)
[2024-09-09T06:51:11.241+0800][info] GC(46) Old regions: 1->1
[2024-09-09T06:51:11.241+0800][info] GC(46) Archive regions: 2->2
[2024-09-09T06:51:11.241+0800][info] GC(46) Humongous regions: 24->12
[2024-09-09T06:51:11.241+0800][info] GC(46) Metaspace: 907K(1088K)->907K(1088K) NonClass: 852K(960K)->852K(960K) Class: 55K(128K)->55K(128K)
[2024-09-09T06:51:11.242+0800][info] GC(46) Pause Young (Concurrent Start) (G1 Humongous Allocation) 101M->52M(128M) 1.169ms
[2024-09-09T06:51:11.242+0800][info] GC(46) User=0.01s Sys=0.00s Real=0.00s
[2024-09-09T06:51:11.242+0800][info] GC(47) Concurrent Undo Cycle
[2024-09-09T06:51:11.242+0800][info] GC(47) Concurrent Cleanup for Next Mark
[2024-09-09T06:51:11.242+0800][info] GC(47) Concurrent Cleanup for Next Mark 0.197ms
[2024-09-09T06:51:11.242+0800][info] GC(47) Concurrent Undo Cycle 0.281ms
[2024-09-09T06:51:11.264+0800][info] GC(48) Pause Young (Concurrent Start) (G1 Humongous Allocation)
[2024-09-09T06:51:11.264+0800][info] GC(48) Using 3 workers of 48 for evacuation
[2024-09-09T06:51:11.265+0800][info] GC(48)   Pre Evacuate Collection Set: 0.0ms
[2024-09-09T06:51:11.265+0800][info] GC(48)   Merge Heap Roots: 0.0ms
[2024-09-09T06:51:11.265+0800][info] GC(48)   Evacuate Collection Set: 0.2ms
[2024-09-09T06:51:11.265+0800][info] GC(48)   Post Evacuate Collection Set: 0.2ms
[2024-09-09T06:51:11.265+0800][info] GC(48)   Other: 0.3ms
[2024-09-09T06:51:11.265+0800][info] GC(48) Eden regions: 1->0(1)
[2024-09-09T06:51:11.265+0800][info] GC(48) Survivor regions: 1->1(1)
[2024-09-09T06:51:11.265+0800][info] GC(48) Old regions: 1->1
[2024-09-09T06:51:11.265+0800][info] GC(48) Archive regions: 2->2
[2024-09-09T06:51:11.265+0800][info] GC(48) Humongous regions: 16->12
[2024-09-09T06:51:11.265+0800][info] GC(48) Metaspace: 907K(1088K)->907K(1088K) NonClass: 852K(960K)->852K(960K) Class: 55K(128K)->55K(128K)
[2024-09-09T06:51:11.265+0800][info] GC(48) Pause Young (Concurrent Start) (G1 Humongous Allocation) 69M->52M(128M) 0.962ms
[2024-09-09T06:51:11.265+0800][info] GC(48) User=0.00s Sys=0.00s Real=0.01s
[2024-09-09T06:51:11.265+0800][info] GC(49) Concurrent Mark Cycle
[2024-09-09T06:51:11.265+0800][info] GC(49) Concurrent Clear Claimed Marks
[2024-09-09T06:51:11.265+0800][info] GC(49) Concurrent Clear Claimed Marks 0.020ms
[2024-09-09T06:51:11.265+0800][info] GC(49) Concurrent Scan Root Regions
[2024-09-09T06:51:11.265+0800][info] GC(49) Concurrent Scan Root Regions 0.069ms
[2024-09-09T06:51:11.265+0800][info] GC(49) Concurrent Mark
[2024-09-09T06:51:11.265+0800][info] GC(49) Concurrent Mark From Roots
[2024-09-09T06:51:11.265+0800][info] GC(49) Using 12 workers of 12 for marking
[2024-09-09T06:51:11.267+0800][info] GC(49) Concurrent Mark From Roots 2.241ms
[2024-09-09T06:51:11.267+0800][info] GC(49) Concurrent Preclean
[2024-09-09T06:51:11.269+0800][info] GC(49) Concurrent Preclean 1.680ms
[2024-09-09T06:51:11.269+0800][info] GC(49) Pause Remark
[2024-09-09T06:51:11.271+0800][info] GC(49) Pause Remark 69M->69M(128M) 1.718ms
[2024-09-09T06:51:11.271+0800][info] GC(49) User=0.00s Sys=0.00s Real=0.00s
[2024-09-09T06:51:11.271+0800][info] GC(49) Concurrent Mark 5.833ms
[2024-09-09T06:51:11.271+0800][info] GC(49) Concurrent Rebuild Remembered Sets
[2024-09-09T06:51:11.271+0800][info] GC(49) Concurrent Rebuild Remembered Sets 0.012ms
[2024-09-09T06:51:11.271+0800][info] GC(49) Pause Cleanup
[2024-09-09T06:51:11.271+0800][info] GC(49) Pause Cleanup 69M->69M(128M) 0.020ms
[2024-09-09T06:51:11.271+0800][info] GC(49) User=0.00s Sys=0.00s Real=0.00s
[2024-09-09T06:51:11.271+0800][info] GC(49) Concurrent Cleanup for Next Mark
[2024-09-09T06:51:11.271+0800][info] GC(49) Concurrent Cleanup for Next Mark 0.231ms
[2024-09-09T06:51:11.271+0800][info] GC(49) Concurrent Mark Cycle 6.390ms
[2024-09-09T06:51:11.838+0800][info] GC(50) Pause Young (Concurrent Start) (G1 Humongous Allocation)
[2024-09-09T06:51:11.838+0800][info] GC(50) Using 3 workers of 48 for evacuation
[2024-09-09T06:51:11.838+0800][info] GC(50)   Pre Evacuate Collection Set: 0.0ms
[2024-09-09T06:51:11.838+0800][info] GC(50)   Merge Heap Roots: 0.0ms
[2024-09-09T06:51:11.838+0800][info] GC(50)   Evacuate Collection Set: 0.2ms
[2024-09-09T06:51:11.838+0800][info] GC(50)   Post Evacuate Collection Set: 0.1ms
[2024-09-09T06:51:11.838+0800][info] GC(50)   Other: 0.2ms
[2024-09-09T06:51:11.838+0800][info] GC(50) Eden regions: 1->0(1)
[2024-09-09T06:51:11.838+0800][info] GC(50) Survivor regions: 1->1(1)
[2024-09-09T06:51:11.838+0800][info] GC(50) Old regions: 1->1
[2024-09-09T06:51:11.838+0800][info] GC(50) Archive regions: 2->2
[2024-09-09T06:51:11.838+0800][info] GC(50) Humongous regions: 16->8
[2024-09-09T06:51:11.838+0800][info] GC(50) Metaspace: 907K(1088K)->907K(1088K) NonClass: 852K(960K)->852K(960K) Class: 55K(128K)->55K(128K)
[2024-09-09T06:51:11.838+0800][info] GC(50) Pause Young (Concurrent Start) (G1 Humongous Allocation) 69M->36M(128M) 0.678ms
[2024-09-09T06:51:11.838+0800][info] GC(50) User=0.00s Sys=0.00s Real=0.00s
[2024-09-09T06:51:11.838+0800][info] GC(51) Concurrent Mark Cycle
[2024-09-09T06:51:11.839+0800][info] GC(51) Concurrent Clear Claimed Marks
[2024-09-09T06:51:11.839+0800][info] GC(51) Concurrent Clear Claimed Marks 0.019ms
[2024-09-09T06:51:11.839+0800][info] GC(51) Concurrent Scan Root Regions
[2024-09-09T06:51:11.839+0800][info] GC(51) Concurrent Scan Root Regions 0.098ms
[2024-09-09T06:51:11.839+0800][info] GC(51) Concurrent Mark
[2024-09-09T06:51:11.839+0800][info] GC(51) Concurrent Mark From Roots
[2024-09-09T06:51:11.839+0800][info] GC(51) Using 12 workers of 12 for marking
[2024-09-09T06:51:11.842+0800][info] GC(51) Concurrent Mark From Roots 3.012ms
[2024-09-09T06:51:11.842+0800][info] GC(51) Concurrent Preclean
[2024-09-09T06:51:11.843+0800][info] GC(51) Concurrent Preclean 1.671ms
[2024-09-09T06:51:11.843+0800][info] GC(51) Pause Remark
[2024-09-09T06:51:11.845+0800][info] GC(51) Pause Remark 53M->53M(128M) 1.654ms
[2024-09-09T06:51:11.845+0800][info] GC(51) User=0.00s Sys=0.00s Real=0.01s
[2024-09-09T06:51:11.845+0800][info] GC(51) Concurrent Mark 6.508ms
[2024-09-09T06:51:11.845+0800][info] GC(51) Concurrent Rebuild Remembered Sets
[2024-09-09T06:51:11.845+0800][info] GC(51) Concurrent Rebuild Remembered Sets 0.015ms
[2024-09-09T06:51:11.845+0800][info] GC(51) Pause Cleanup
[2024-09-09T06:51:11.845+0800][info] GC(51) Pause Cleanup 53M->53M(128M) 0.019ms
[2024-09-09T06:51:11.845+0800][info] GC(51) User=0.00s Sys=0.00s Real=0.00s
[2024-09-09T06:51:11.845+0800][info] GC(51) Concurrent Cleanup for Next Mark
[2024-09-09T06:51:11.846+0800][info] GC(51) Concurrent Cleanup for Next Mark 0.257ms
[2024-09-09T06:51:11.846+0800][info] GC(51) Concurrent Mark Cycle 7.183ms
[2024-09-09T06:51:12.924+0800][info] GC(52) Pause Young (Normal) (G1 Evacuation Pause)
[2024-09-09T06:51:12.924+0800][info] GC(52) Using 3 workers of 48 for evacuation
[2024-09-09T06:51:12.925+0800][info] GC(52)   Pre Evacuate Collection Set: 0.1ms
[2024-09-09T06:51:12.925+0800][info] GC(52)   Merge Heap Roots: 0.0ms
[2024-09-09T06:51:12.925+0800][info] GC(52)   Evacuate Collection Set: 0.5ms
[2024-09-09T06:51:12.925+0800][info] GC(52)   Post Evacuate Collection Set: 0.2ms
[2024-09-09T06:51:12.925+0800][info] GC(52)   Other: 0.2ms
[2024-09-09T06:51:12.925+0800][info] GC(52) Eden regions: 1->0(1)
[2024-09-09T06:51:12.925+0800][info] GC(52) Survivor regions: 1->1(1)
[2024-09-09T06:51:12.925+0800][info] GC(52) Old regions: 1->1
[2024-09-09T06:51:12.925+0800][info] GC(52) Archive regions: 2->2
[2024-09-09T06:51:12.925+0800][info] GC(52) Humongous regions: 12->4
[2024-09-09T06:51:12.925+0800][info] GC(52) Metaspace: 907K(1088K)->907K(1088K) NonClass: 852K(960K)->852K(960K) Class: 55K(128K)->55K(128K)
[2024-09-09T06:51:12.925+0800][info] GC(52) Pause Young (Normal) (G1 Evacuation Pause) 56M->24M(128M) 1.147ms
[2024-09-09T06:51:12.925+0800][info] GC(52) User=0.00s Sys=0.00s Real=0.01s
[2024-09-09T06:51:13.425+0800][info] GC(53) Pause Young (Concurrent Start) (G1 Evacuation Pause)
[2024-09-09T06:51:13.425+0800][info] GC(53) Using 3 workers of 48 for evacuation
[2024-09-09T06:51:13.426+0800][info] GC(53)   Pre Evacuate Collection Set: 0.1ms
[2024-09-09T06:51:13.426+0800][info] GC(53)   Merge Heap Roots: 0.0ms
[2024-09-09T06:51:13.426+0800][info] GC(53)   Evacuate Collection Set: 0.9ms
[2024-09-09T06:51:13.426+0800][info] GC(53)   Post Evacuate Collection Set: 0.2ms
[2024-09-09T06:51:13.426+0800][info] GC(53)   Other: 0.3ms
[2024-09-09T06:51:13.426+0800][info] GC(53) Eden regions: 1->0(1)
[2024-09-09T06:51:13.426+0800][info] GC(53) Survivor regions: 1->1(1)
[2024-09-09T06:51:13.426+0800][info] GC(53) Old regions: 1->2
[2024-09-09T06:51:13.427+0800][info] GC(53) Archive regions: 2->2
[2024-09-09T06:51:13.427+0800][info] GC(53) Humongous regions: 4->4
[2024-09-09T06:51:13.427+0800][info] GC(53) Metaspace: 907K(1088K)->907K(1088K) NonClass: 852K(960K)->852K(960K) Class: 55K(128K)->55K(128K)
[2024-09-09T06:51:13.427+0800][info] GC(53) Pause Young (Concurrent Start) (G1 Evacuation Pause) 28M->28M(128M) 1.614ms
[2024-09-09T06:51:13.427+0800][info] GC(53) User=0.00s Sys=0.00s Real=0.00s
[2024-09-09T06:51:13.427+0800][info] GC(54) Concurrent Mark Cycle
[2024-09-09T06:51:13.427+0800][info] GC(54) Concurrent Clear Claimed Marks
[2024-09-09T06:51:13.427+0800][info] GC(54) Concurrent Clear Claimed Marks 0.018ms
[2024-09-09T06:51:13.427+0800][info] GC(54) Concurrent Scan Root Regions
[2024-09-09T06:51:13.427+0800][info] GC(54) Concurrent Scan Root Regions 0.123ms
[2024-09-09T06:51:13.427+0800][info] GC(54) Concurrent Mark
[2024-09-09T06:51:13.427+0800][info] GC(54) Concurrent Mark From Roots
[2024-09-09T06:51:13.427+0800][info] GC(54) Using 12 workers of 12 for marking
[2024-09-09T06:51:13.430+0800][info] GC(54) Concurrent Mark From Roots 2.973ms
[2024-09-09T06:51:13.430+0800][info] GC(54) Concurrent Preclean
[2024-09-09T06:51:13.432+0800][info] GC(54) Concurrent Preclean 1.665ms
[2024-09-09T06:51:13.432+0800][info] GC(54) Pause Remark
[2024-09-09T06:51:13.433+0800][info] GC(54) Pause Remark 28M->28M(128M) 1.345ms
[2024-09-09T06:51:13.433+0800][info] GC(54) User=0.00s Sys=0.00s Real=0.00s
[2024-09-09T06:51:13.433+0800][info] GC(54) Concurrent Mark 6.144ms
[2024-09-09T06:51:13.433+0800][info] GC(54) Concurrent Rebuild Remembered Sets
[2024-09-09T06:51:13.433+0800][info] GC(54) Concurrent Rebuild Remembered Sets 0.013ms
[2024-09-09T06:51:13.433+0800][info] GC(54) Pause Cleanup
[2024-09-09T06:51:13.433+0800][info] GC(54) Pause Cleanup 28M->28M(128M) 0.019ms
[2024-09-09T06:51:13.433+0800][info] GC(54) User=0.00s Sys=0.00s Real=0.00s
[2024-09-09T06:51:13.433+0800][info] GC(54) Concurrent Cleanup for Next Mark
[2024-09-09T06:51:13.433+0800][info] GC(54) Concurrent Cleanup for Next Mark 0.238ms
[2024-09-09T06:51:13.433+0800][info] GC(54) Concurrent Mark Cycle 6.758ms
[2024-09-09T06:51:14.079+0800][info] GC(55) Pause Young (Normal) (G1 Evacuation Pause)
[2024-09-09T06:51:14.079+0800][info] GC(55) Using 3 workers of 48 for evacuation
[2024-09-09T06:51:14.080+0800][info] GC(55)   Pre Evacuate Collection Set: 0.0ms
[2024-09-09T06:51:14.080+0800][info] GC(55)   Merge Heap Roots: 0.0ms
[2024-09-09T06:51:14.080+0800][info] GC(55)   Evacuate Collection Set: 0.8ms
[2024-09-09T06:51:14.080+0800][info] GC(55)   Post Evacuate Collection Set: 0.1ms
[2024-09-09T06:51:14.080+0800][info] GC(55)   Other: 0.1ms
[2024-09-09T06:51:14.080+0800][info] GC(55) Eden regions: 1->0(1)
[2024-09-09T06:51:14.080+0800][info] GC(55) Survivor regions: 1->1(1)
[2024-09-09T06:51:14.080+0800][info] GC(55) Old regions: 2->3
[2024-09-09T06:51:14.080+0800][info] GC(55) Archive regions: 2->2
[2024-09-09T06:51:14.080+0800][info] GC(55) Humongous regions: 4->4
[2024-09-09T06:51:14.080+0800][info] GC(55) Metaspace: 907K(1088K)->907K(1088K) NonClass: 852K(960K)->852K(960K) Class: 55K(128K)->55K(128K)
[2024-09-09T06:51:14.080+0800][info] GC(55) Pause Young (Normal) (G1 Evacuation Pause) 32M->32M(128M) 1.179ms
[2024-09-09T06:51:14.080+0800][info] GC(55) User=0.00s Sys=0.00s Real=0.00s
[2024-09-09T06:51:14.580+0800][info] GC(56) Pause Young (Concurrent Start) (G1 Evacuation Pause)
[2024-09-09T06:51:14.580+0800][info] GC(56) Using 3 workers of 48 for evacuation
[2024-09-09T06:51:14.582+0800][info] GC(56)   Pre Evacuate Collection Set: 0.1ms
[2024-09-09T06:51:14.582+0800][info] GC(56)   Merge Heap Roots: 0.0ms
[2024-09-09T06:51:14.582+0800][info] GC(56)   Evacuate Collection Set: 1.0ms
[2024-09-09T06:51:14.582+0800][info] GC(56)   Post Evacuate Collection Set: 0.2ms
[2024-09-09T06:51:14.582+0800][info] GC(56)   Other: 0.3ms
[2024-09-09T06:51:14.582+0800][info] GC(56) Eden regions: 1->0(1)
[2024-09-09T06:51:14.582+0800][info] GC(56) Survivor regions: 1->1(1)
[2024-09-09T06:51:14.582+0800][info] GC(56) Old regions: 3->4
[2024-09-09T06:51:14.582+0800][info] GC(56) Archive regions: 2->2
[2024-09-09T06:51:14.582+0800][info] GC(56) Humongous regions: 4->4
[2024-09-09T06:51:14.582+0800][info] GC(56) Metaspace: 907K(1088K)->907K(1088K) NonClass: 852K(960K)->852K(960K) Class: 55K(128K)->55K(128K)
[2024-09-09T06:51:14.582+0800][info] GC(56) Pause Young (Concurrent Start) (G1 Evacuation Pause) 36M->36M(128M) 1.700ms
[2024-09-09T06:51:14.582+0800][info] GC(56) User=0.00s Sys=0.00s Real=0.00s
[2024-09-09T06:51:14.582+0800][info] GC(57) Concurrent Mark Cycle
[2024-09-09T06:51:14.582+0800][info] GC(57) Concurrent Clear Claimed Marks
[2024-09-09T06:51:14.582+0800][info] GC(57) Concurrent Clear Claimed Marks 0.018ms
[2024-09-09T06:51:14.582+0800][info] GC(57) Concurrent Scan Root Regions
[2024-09-09T06:51:14.582+0800][info] GC(57) Concurrent Scan Root Regions 0.114ms
[2024-09-09T06:51:14.582+0800][info] GC(57) Concurrent Mark
[2024-09-09T06:51:14.582+0800][info] GC(57) Concurrent Mark From Roots
[2024-09-09T06:51:14.582+0800][info] GC(57) Using 12 workers of 12 for marking
[2024-09-09T06:51:14.584+0800][info] GC(57) Concurrent Mark From Roots 2.086ms
[2024-09-09T06:51:14.584+0800][info] GC(57) Concurrent Preclean
[2024-09-09T06:51:14.586+0800][info] GC(57) Concurrent Preclean 1.675ms
[2024-09-09T06:51:14.586+0800][info] GC(57) Pause Remark
[2024-09-09T06:51:14.587+0800][info] GC(57) Pause Remark 36M->20M(128M) 1.183ms
[2024-09-09T06:51:14.587+0800][info] GC(57) User=0.00s Sys=0.00s Real=0.00s
[2024-09-09T06:51:14.587+0800][info] GC(57) Concurrent Mark 5.150ms
[2024-09-09T06:51:14.587+0800][info] GC(57) Concurrent Rebuild Remembered Sets
[2024-09-09T06:51:14.587+0800][info] GC(57) Concurrent Rebuild Remembered Sets 0.013ms
[2024-09-09T06:51:14.587+0800][info] GC(57) Pause Cleanup
[2024-09-09T06:51:14.588+0800][info] GC(57) Pause Cleanup 20M->20M(128M) 0.019ms
[2024-09-09T06:51:14.588+0800][info] GC(57) User=0.00s Sys=0.00s Real=0.00s
[2024-09-09T06:51:14.588+0800][info] GC(57) Concurrent Cleanup for Next Mark
[2024-09-09T06:51:14.588+0800][info] GC(57) Concurrent Cleanup for Next Mark 0.193ms
[2024-09-09T06:51:14.588+0800][info] GC(57) Concurrent Mark Cycle 5.717ms
[2024-09-09T06:51:15.231+0800][info] GC(58) Pause Young (Normal) (G1 Evacuation Pause)
[2024-09-09T06:51:15.231+0800][info] GC(58) Using 3 workers of 48 for evacuation
[2024-09-09T06:51:15.232+0800][info] GC(58)   Pre Evacuate Collection Set: 0.1ms
[2024-09-09T06:51:15.232+0800][info] GC(58)   Merge Heap Roots: 0.0ms
[2024-09-09T06:51:15.232+0800][info] GC(58)   Evacuate Collection Set: 0.9ms
[2024-09-09T06:51:15.232+0800][info] GC(58)   Post Evacuate Collection Set: 0.2ms
[2024-09-09T06:51:15.232+0800][info] GC(58)   Other: 0.2ms
[2024-09-09T06:51:15.232+0800][info] GC(58) Eden regions: 1->0(1)
[2024-09-09T06:51:15.232+0800][info] GC(58) Survivor regions: 1->1(1)
[2024-09-09T06:51:15.232+0800][info] GC(58) Old regions: 4->5
[2024-09-09T06:51:15.232+0800][info] GC(58) Archive regions: 2->2
[2024-09-09T06:51:15.232+0800][info] GC(58) Humongous regions: 0->0
[2024-09-09T06:51:15.232+0800][info] GC(58) Metaspace: 907K(1088K)->907K(1088K) NonClass: 852K(960K)->852K(960K) Class: 55K(128K)->55K(128K)
[2024-09-09T06:51:15.232+0800][info] GC(58) Pause Young (Normal) (G1 Evacuation Pause) 24M->24M(128M) 1.522ms
[2024-09-09T06:51:15.232+0800][info] GC(58) User=0.00s Sys=0.00s Real=0.00s
[2024-09-09T06:51:15.730+0800][info] GC(59) Pause Young (Concurrent Start) (G1 Evacuation Pause)
[2024-09-09T06:51:15.730+0800][info] GC(59) Using 3 workers of 48 for evacuation
[2024-09-09T06:51:15.731+0800][info] GC(59)   Pre Evacuate Collection Set: 0.0ms
[2024-09-09T06:51:15.731+0800][info] GC(59)   Merge Heap Roots: 0.0ms
[2024-09-09T06:51:15.731+0800][info] GC(59)   Evacuate Collection Set: 0.7ms
[2024-09-09T06:51:15.731+0800][info] GC(59)   Post Evacuate Collection Set: 0.1ms
[2024-09-09T06:51:15.731+0800][info] GC(59)   Other: 0.2ms
[2024-09-09T06:51:15.731+0800][info] GC(59) Eden regions: 1->0(1)
[2024-09-09T06:51:15.731+0800][info] GC(59) Survivor regions: 1->1(1)
[2024-09-09T06:51:15.731+0800][info] GC(59) Old regions: 5->6
[2024-09-09T06:51:15.731+0800][info] GC(59) Archive regions: 2->2
[2024-09-09T06:51:15.731+0800][info] GC(59) Humongous regions: 0->0
[2024-09-09T06:51:15.731+0800][info] GC(59) Metaspace: 907K(1088K)->907K(1088K) NonClass: 852K(960K)->852K(960K) Class: 55K(128K)->55K(128K)
[2024-09-09T06:51:15.731+0800][info] GC(59) Pause Young (Concurrent Start) (G1 Evacuation Pause) 28M->28M(128M) 1.185ms
[2024-09-09T06:51:15.731+0800][info] GC(59) User=0.01s Sys=0.00s Real=0.00s
[2024-09-09T06:51:15.731+0800][info] GC(60) Concurrent Mark Cycle
[2024-09-09T06:51:15.731+0800][info] GC(60) Concurrent Clear Claimed Marks
[2024-09-09T06:51:15.731+0800][info] GC(60) Concurrent Clear Claimed Marks 0.014ms
[2024-09-09T06:51:15.731+0800][info] GC(60) Concurrent Scan Root Regions
[2024-09-09T06:51:15.731+0800][info] GC(60) Concurrent Scan Root Regions 0.077ms
[2024-09-09T06:51:15.731+0800][info] GC(60) Concurrent Mark
[2024-09-09T06:51:15.731+0800][info] GC(60) Concurrent Mark From Roots
[2024-09-09T06:51:15.731+0800][info] GC(60) Using 12 workers of 12 for marking
[2024-09-09T06:51:15.733+0800][info] GC(60) Concurrent Mark From Roots 1.858ms
[2024-09-09T06:51:15.733+0800][info] GC(60) Concurrent Preclean
[2024-09-09T06:51:15.734+0800][info] GC(60) Concurrent Preclean 0.806ms
[2024-09-09T06:51:15.734+0800][info] GC(60) Pause Remark
[2024-09-09T06:51:15.735+0800][info] GC(60) Pause Remark 28M->28M(128M) 0.747ms
[2024-09-09T06:51:15.735+0800][info] GC(60) User=0.00s Sys=0.00s Real=0.00s
[2024-09-09T06:51:15.735+0800][info] GC(60) Concurrent Mark 3.499ms
[2024-09-09T06:51:15.735+0800][info] GC(60) Concurrent Rebuild Remembered Sets
[2024-09-09T06:51:15.736+0800][info] GC(60) Concurrent Rebuild Remembered Sets 1.396ms
[2024-09-09T06:51:15.736+0800][info] GC(60) Pause Cleanup
[2024-09-09T06:51:15.736+0800][info] GC(60) Pause Cleanup 28M->28M(128M) 0.079ms
[2024-09-09T06:51:15.736+0800][info] GC(60) User=0.00s Sys=0.00s Real=0.00s
[2024-09-09T06:51:15.736+0800][info] GC(60) Concurrent Cleanup for Next Mark
[2024-09-09T06:51:15.736+0800][info] GC(60) Concurrent Cleanup for Next Mark 0.212ms
[2024-09-09T06:51:15.736+0800][info] GC(60) Concurrent Mark Cycle 5.412ms
[2024-09-09T06:51:16.377+0800][info] GC(61) Pause Young (Prepare Mixed) (G1 Evacuation Pause)
[2024-09-09T06:51:16.377+0800][info] GC(61) Using 3 workers of 48 for evacuation
[2024-09-09T06:51:16.379+0800][info] GC(61)   Pre Evacuate Collection Set: 0.0ms
[2024-09-09T06:51:16.379+0800][info] GC(61)   Merge Heap Roots: 0.0ms
[2024-09-09T06:51:16.379+0800][info] GC(61)   Evacuate Collection Set: 1.2ms
[2024-09-09T06:51:16.379+0800][info] GC(61)   Post Evacuate Collection Set: 0.1ms
[2024-09-09T06:51:16.379+0800][info] GC(61)   Other: 0.1ms
[2024-09-09T06:51:16.379+0800][info] GC(61) Eden regions: 1->0(1)
[2024-09-09T06:51:16.379+0800][info] GC(61) Survivor regions: 1->1(1)
[2024-09-09T06:51:16.379+0800][info] GC(61) Old regions: 6->7
[2024-09-09T06:51:16.379+0800][info] GC(61) Archive regions: 2->2
[2024-09-09T06:51:16.379+0800][info] GC(61) Humongous regions: 0->0
[2024-09-09T06:51:16.379+0800][info] GC(61) Metaspace: 907K(1088K)->907K(1088K) NonClass: 852K(960K)->852K(960K) Class: 55K(128K)->55K(128K)
[2024-09-09T06:51:16.379+0800][info] GC(61) Pause Young (Prepare Mixed) (G1 Evacuation Pause) 32M->32M(128M) 1.572ms
[2024-09-09T06:51:16.379+0800][info] GC(61) User=0.00s Sys=0.01s Real=0.00s
[2024-09-09T06:51:16.875+0800][info] GC(62) Pause Young (Mixed) (G1 Evacuation Pause)
[2024-09-09T06:51:16.875+0800][info] GC(62) Using 3 workers of 48 for evacuation
[2024-09-09T06:51:16.876+0800][info] GC(62)   Pre Evacuate Collection Set: 0.0ms
[2024-09-09T06:51:16.876+0800][info] GC(62)   Merge Heap Roots: 0.0ms
[2024-09-09T06:51:16.876+0800][info] GC(62)   Evacuate Collection Set: 1.2ms
[2024-09-09T06:51:16.876+0800][info] GC(62)   Post Evacuate Collection Set: 0.1ms
[2024-09-09T06:51:16.876+0800][info] GC(62)   Other: 0.1ms
[2024-09-09T06:51:16.876+0800][info] GC(62) Eden regions: 1->0(1)
[2024-09-09T06:51:16.876+0800][info] GC(62) Survivor regions: 1->1(1)
[2024-09-09T06:51:16.876+0800][info] GC(62) Old regions: 7->7
[2024-09-09T06:51:16.876+0800][info] GC(62) Archive regions: 2->2
[2024-09-09T06:51:16.876+0800][info] GC(62) Humongous regions: 0->0
[2024-09-09T06:51:16.876+0800][info] GC(62) Metaspace: 907K(1088K)->907K(1088K) NonClass: 852K(960K)->852K(960K) Class: 55K(128K)->55K(128K)
[2024-09-09T06:51:16.876+0800][info] GC(62) Pause Young (Mixed) (G1 Evacuation Pause) 36M->32M(128M) 1.548ms
[2024-09-09T06:51:16.876+0800][info] GC(62) User=0.00s Sys=0.00s Real=0.00s
[2024-09-09T06:51:17.378+0800][info] GC(63) Pause Young (Normal) (G1 Evacuation Pause)
[2024-09-09T06:51:17.378+0800][info] GC(63) Using 3 workers of 48 for evacuation
[2024-09-09T06:51:17.379+0800][info] GC(63)   Pre Evacuate Collection Set: 0.0ms
[2024-09-09T06:51:17.379+0800][info] GC(63)   Merge Heap Roots: 0.0ms
[2024-09-09T06:51:17.379+0800][info] GC(63)   Evacuate Collection Set: 1.2ms
[2024-09-09T06:51:17.379+0800][info] GC(63)   Post Evacuate Collection Set: 0.1ms
[2024-09-09T06:51:17.379+0800][info] GC(63)   Other: 0.1ms
[2024-09-09T06:51:17.379+0800][info] GC(63) Eden regions: 1->0(1)
[2024-09-09T06:51:17.379+0800][info] GC(63) Survivor regions: 1->1(1)
[2024-09-09T06:51:17.379+0800][info] GC(63) Old regions: 7->8
[2024-09-09T06:51:17.379+0800][info] GC(63) Archive regions: 2->2
[2024-09-09T06:51:17.379+0800][info] GC(63) Humongous regions: 0->0
[2024-09-09T06:51:17.379+0800][info] GC(63) Metaspace: 907K(1088K)->907K(1088K) NonClass: 852K(960K)->852K(960K) Class: 55K(128K)->55K(128K)
[2024-09-09T06:51:17.379+0800][info] GC(63) Pause Young (Normal) (G1 Evacuation Pause) 36M->36M(128M) 1.533ms
[2024-09-09T06:51:17.379+0800][info] GC(63) User=0.00s Sys=0.00s Real=0.00s
[2024-09-09T06:51:17.879+0800][info] GC(64) Pause Young (Normal) (G1 Evacuation Pause)
[2024-09-09T06:51:17.879+0800][info] GC(64) Using 3 workers of 48 for evacuation
[2024-09-09T06:51:17.880+0800][info] GC(64)   Pre Evacuate Collection Set: 0.0ms
[2024-09-09T06:51:17.880+0800][info] GC(64)   Merge Heap Roots: 0.0ms
[2024-09-09T06:51:17.880+0800][info] GC(64)   Evacuate Collection Set: 0.9ms
[2024-09-09T06:51:17.880+0800][info] GC(64)   Post Evacuate Collection Set: 0.1ms
[2024-09-09T06:51:17.880+0800][info] GC(64)   Other: 0.1ms
[2024-09-09T06:51:17.880+0800][info] GC(64) Eden regions: 1->0(1)
[2024-09-09T06:51:17.880+0800][info] GC(64) Survivor regions: 1->1(1)
[2024-09-09T06:51:17.880+0800][info] GC(64) Old regions: 8->9
[2024-09-09T06:51:17.880+0800][info] GC(64) Archive regions: 2->2
[2024-09-09T06:51:17.880+0800][info] GC(64) Humongous regions: 0->0
[2024-09-09T06:51:17.880+0800][info] GC(64) Metaspace: 907K(1088K)->907K(1088K) NonClass: 852K(960K)->852K(960K) Class: 55K(128K)->55K(128K)
[2024-09-09T06:51:17.880+0800][info] GC(64) Pause Young (Normal) (G1 Evacuation Pause) 40M->40M(128M) 1.250ms
[2024-09-09T06:51:17.880+0800][info] GC(64) User=0.01s Sys=0.00s Real=0.00s
[2024-09-09T06:51:18.376+0800][info] GC(65) Pause Young (Normal) (G1 Evacuation Pause)
[2024-09-09T06:51:18.376+0800][info] GC(65) Using 3 workers of 48 for evacuation
[2024-09-09T06:51:18.378+0800][info] GC(65)   Pre Evacuate Collection Set: 0.0ms
[2024-09-09T06:51:18.378+0800][info] GC(65)   Merge Heap Roots: 0.0ms
[2024-09-09T06:51:18.378+0800][info] GC(65)   Evacuate Collection Set: 1.2ms
[2024-09-09T06:51:18.378+0800][info] GC(65)   Post Evacuate Collection Set: 0.1ms
[2024-09-09T06:51:18.378+0800][info] GC(65)   Other: 0.1ms
[2024-09-09T06:51:18.378+0800][info] GC(65) Eden regions: 1->0(2)
[2024-09-09T06:51:18.378+0800][info] GC(65) Survivor regions: 1->1(1)
[2024-09-09T06:51:18.378+0800][info] GC(65) Old regions: 9->10
[2024-09-09T06:51:18.378+0800][info] GC(65) Archive regions: 2->2
[2024-09-09T06:51:18.378+0800][info] GC(65) Humongous regions: 0->0
[2024-09-09T06:51:18.378+0800][info] GC(65) Metaspace: 907K(1088K)->907K(1088K) NonClass: 852K(960K)->852K(960K) Class: 55K(128K)->55K(128K)
[2024-09-09T06:51:18.378+0800][info] GC(65) Pause Young (Normal) (G1 Evacuation Pause) 44M->44M(128M) 1.568ms
[2024-09-09T06:51:18.378+0800][info] GC(65) User=0.01s Sys=0.00s Real=0.01s
[2024-09-09T06:51:19.377+0800][info] GC(66) Pause Young (Concurrent Start) (G1 Evacuation Pause)
[2024-09-09T06:51:19.377+0800][info] GC(66) Using 3 workers of 48 for evacuation
[2024-09-09T06:51:19.379+0800][info] GC(66)   Pre Evacuate Collection Set: 0.1ms
[2024-09-09T06:51:19.379+0800][info] GC(66)   Merge Heap Roots: 0.0ms
[2024-09-09T06:51:19.379+0800][info] GC(66)   Evacuate Collection Set: 1.5ms
[2024-09-09T06:51:19.379+0800][info] GC(66)   Post Evacuate Collection Set: 0.1ms
[2024-09-09T06:51:19.379+0800][info] GC(66)   Other: 0.2ms
[2024-09-09T06:51:19.379+0800][info] GC(66) Eden regions: 2->0(3)
[2024-09-09T06:51:19.379+0800][info] GC(66) Survivor regions: 1->1(1)
[2024-09-09T06:51:19.379+0800][info] GC(66) Old regions: 10->12
[2024-09-09T06:51:19.379+0800][info] GC(66) Archive regions: 2->2
[2024-09-09T06:51:19.379+0800][info] GC(66) Humongous regions: 0->0
[2024-09-09T06:51:19.379+0800][info] GC(66) Metaspace: 907K(1088K)->907K(1088K) NonClass: 852K(960K)->852K(960K) Class: 55K(128K)->55K(128K)
[2024-09-09T06:51:19.379+0800][info] GC(66) Pause Young (Concurrent Start) (G1 Evacuation Pause) 52M->52M(128M) 2.006ms
[2024-09-09T06:51:19.379+0800][info] GC(66) User=0.00s Sys=0.00s Real=0.00s
[2024-09-09T06:51:19.379+0800][info] GC(67) Concurrent Mark Cycle
[2024-09-09T06:51:19.379+0800][info] GC(67) Concurrent Clear Claimed Marks
[2024-09-09T06:51:19.379+0800][info] GC(67) Concurrent Clear Claimed Marks 0.025ms
[2024-09-09T06:51:19.379+0800][info] GC(67) Concurrent Scan Root Regions
[2024-09-09T06:51:19.379+0800][info] GC(67) Concurrent Scan Root Regions 0.174ms
[2024-09-09T06:51:19.379+0800][info] GC(67) Concurrent Mark
[2024-09-09T06:51:19.379+0800][info] GC(67) Concurrent Mark From Roots
[2024-09-09T06:51:19.380+0800][info] GC(67) Using 12 workers of 12 for marking
[2024-09-09T06:51:19.383+0800][info] GC(67) Concurrent Mark From Roots 3.185ms
[2024-09-09T06:51:19.383+0800][info] GC(67) Concurrent Preclean
[2024-09-09T06:51:19.384+0800][info] GC(67) Concurrent Preclean 1.668ms
[2024-09-09T06:51:19.384+0800][info] GC(67) Pause Remark
[2024-09-09T06:51:19.386+0800][info] GC(67) Pause Remark 52M->40M(128M) 1.327ms
[2024-09-09T06:51:19.386+0800][info] GC(67) User=0.00s Sys=0.00s Real=0.01s
[2024-09-09T06:51:19.386+0800][info] GC(67) Concurrent Mark 6.294ms
[2024-09-09T06:51:19.386+0800][info] GC(67) Concurrent Rebuild Remembered Sets
[2024-09-09T06:51:19.389+0800][info] GC(67) Concurrent Rebuild Remembered Sets 2.709ms
[2024-09-09T06:51:19.389+0800][info] GC(67) Pause Cleanup
[2024-09-09T06:51:19.389+0800][info] GC(67) Pause Cleanup 40M->40M(128M) 0.107ms
[2024-09-09T06:51:19.389+0800][info] GC(67) User=0.00s Sys=0.00s Real=0.00s
[2024-09-09T06:51:19.389+0800][info] GC(67) Concurrent Cleanup for Next Mark
[2024-09-09T06:51:19.389+0800][info] GC(67) Concurrent Cleanup for Next Mark 0.268ms
[2024-09-09T06:51:19.389+0800][info] GC(67) Concurrent Mark Cycle 9.852ms
[2024-09-09T06:51:21.032+0800][info] GC(68) Pause Young (Prepare Mixed) (G1 Evacuation Pause)
[2024-09-09T06:51:21.032+0800][info] GC(68) Using 3 workers of 48 for evacuation
[2024-09-09T06:51:21.034+0800][info] GC(68)   Pre Evacuate Collection Set: 0.1ms
[2024-09-09T06:51:21.034+0800][info] GC(68)   Merge Heap Roots: 0.0ms
[2024-09-09T06:51:21.034+0800][info] GC(68)   Evacuate Collection Set: 1.8ms
[2024-09-09T06:51:21.034+0800][info] GC(68)   Post Evacuate Collection Set: 0.1ms
[2024-09-09T06:51:21.034+0800][info] GC(68)   Other: 0.1ms
[2024-09-09T06:51:21.034+0800][info] GC(68) Eden regions: 3->0(1)
[2024-09-09T06:51:21.034+0800][info] GC(68) Survivor regions: 1->1(1)
[2024-09-09T06:51:21.034+0800][info] GC(68) Old regions: 9->12
[2024-09-09T06:51:21.034+0800][info] GC(68) Archive regions: 2->2
[2024-09-09T06:51:21.034+0800][info] GC(68) Humongous regions: 0->0
[2024-09-09T06:51:21.034+0800][info] GC(68) Metaspace: 907K(1088K)->907K(1088K) NonClass: 852K(960K)->852K(960K) Class: 55K(128K)->55K(128K)
[2024-09-09T06:51:21.034+0800][info] GC(68) Pause Young (Prepare Mixed) (G1 Evacuation Pause) 52M->51M(128M) 2.216ms
[2024-09-09T06:51:21.034+0800][info] GC(68) User=0.01s Sys=0.00s Real=0.00s
[2024-09-09T06:51:21.531+0800][info] GC(69) Pause Young (Mixed) (G1 Evacuation Pause)
[2024-09-09T06:51:21.531+0800][info] GC(69) Using 3 workers of 48 for evacuation
[2024-09-09T06:51:21.532+0800][info] GC(69)   Pre Evacuate Collection Set: 0.0ms
[2024-09-09T06:51:21.532+0800][info] GC(69)   Merge Heap Roots: 0.0ms
[2024-09-09T06:51:21.532+0800][info] GC(69)   Evacuate Collection Set: 1.0ms
[2024-09-09T06:51:21.532+0800][info] GC(69)   Post Evacuate Collection Set: 0.1ms
[2024-09-09T06:51:21.532+0800][info] GC(69)   Other: 0.1ms
[2024-09-09T06:51:21.532+0800][info] GC(69) Eden regions: 1->0(5)
[2024-09-09T06:51:21.532+0800][info] GC(69) Survivor regions: 1->1(1)
[2024-09-09T06:51:21.532+0800][info] GC(69) Old regions: 12->10
[2024-09-09T06:51:21.532+0800][info] GC(69) Archive regions: 2->2
[2024-09-09T06:51:21.532+0800][info] GC(69) Humongous regions: 0->0
[2024-09-09T06:51:21.532+0800][info] GC(69) Metaspace: 907K(1088K)->907K(1088K) NonClass: 852K(960K)->852K(960K) Class: 55K(128K)->55K(128K)
[2024-09-09T06:51:21.532+0800][info] GC(69) Pause Young (Mixed) (G1 Evacuation Pause) 55M->43M(128M) 1.367ms
[2024-09-09T06:51:21.532+0800][info] GC(69) User=0.00s Sys=0.00s Real=0.00s
[2024-09-09T06:51:24.023+0800][info] GC(70) Pause Young (Normal) (G1 Evacuation Pause)
[2024-09-09T06:51:24.023+0800][info] GC(70) Using 3 workers of 48 for evacuation
[2024-09-09T06:51:24.025+0800][info] GC(70)   Pre Evacuate Collection Set: 0.0ms
[2024-09-09T06:51:24.025+0800][info] GC(70)   Merge Heap Roots: 0.0ms
[2024-09-09T06:51:24.025+0800][info] GC(70)   Evacuate Collection Set: 2.0ms
[2024-09-09T06:51:24.025+0800][info] GC(70)   Post Evacuate Collection Set: 0.1ms
[2024-09-09T06:51:24.025+0800][info] GC(70)   Other: 0.1ms
[2024-09-09T06:51:24.025+0800][info] GC(70) Eden regions: 5->0(3)
[2024-09-09T06:51:24.025+0800][info] GC(70) Survivor regions: 1->1(1)
[2024-09-09T06:51:24.025+0800][info] GC(70) Old regions: 10->15
[2024-09-09T06:51:24.025+0800][info] GC(70) Archive regions: 2->2
[2024-09-09T06:51:24.025+0800][info] GC(70) Humongous regions: 0->0
[2024-09-09T06:51:24.025+0800][info] GC(70) Metaspace: 907K(1088K)->907K(1088K) NonClass: 852K(960K)->852K(960K) Class: 55K(128K)->55K(128K)
[2024-09-09T06:51:24.025+0800][info] GC(70) Pause Young (Normal) (G1 Evacuation Pause) 63M->63M(128M) 2.314ms
[2024-09-09T06:51:24.025+0800][info] GC(70) User=0.00s Sys=0.00s Real=0.01s
[2024-09-09T06:51:25.509+0800][info] GC(71) Pause Young (Concurrent Start) (G1 Evacuation Pause)
[2024-09-09T06:51:25.509+0800][info] GC(71) Using 3 workers of 48 for evacuation
[2024-09-09T06:51:25.512+0800][info] GC(71)   Pre Evacuate Collection Set: 0.1ms
[2024-09-09T06:51:25.512+0800][info] GC(71)   Merge Heap Roots: 0.0ms
[2024-09-09T06:51:25.512+0800][info] GC(71)   Evacuate Collection Set: 1.8ms
[2024-09-09T06:51:25.512+0800][info] GC(71)   Post Evacuate Collection Set: 0.1ms
[2024-09-09T06:51:25.512+0800][info] GC(71)   Other: 0.2ms
[2024-09-09T06:51:25.512+0800][info] GC(71) Eden regions: 3->0(2)
[2024-09-09T06:51:25.512+0800][info] GC(71) Survivor regions: 1->1(1)
[2024-09-09T06:51:25.512+0800][info] GC(71) Old regions: 15->18
[2024-09-09T06:51:25.512+0800][info] GC(71) Archive regions: 2->2
[2024-09-09T06:51:25.512+0800][info] GC(71) Humongous regions: 0->0
[2024-09-09T06:51:25.512+0800][info] GC(71) Metaspace: 907K(1088K)->907K(1088K) NonClass: 852K(960K)->852K(960K) Class: 55K(128K)->55K(128K)
[2024-09-09T06:51:25.512+0800][info] GC(71) Pause Young (Concurrent Start) (G1 Evacuation Pause) 75M->75M(128M) 2.301ms
[2024-09-09T06:51:25.512+0800][info] GC(71) User=0.00s Sys=0.00s Real=0.00s
[2024-09-09T06:51:25.512+0800][info] GC(72) Concurrent Mark Cycle
[2024-09-09T06:51:25.512+0800][info] GC(72) Concurrent Clear Claimed Marks
[2024-09-09T06:51:25.512+0800][info] GC(72) Concurrent Clear Claimed Marks 0.018ms
[2024-09-09T06:51:25.512+0800][info] GC(72) Concurrent Scan Root Regions
[2024-09-09T06:51:25.512+0800][info] GC(72) Concurrent Scan Root Regions 0.073ms
[2024-09-09T06:51:25.512+0800][info] GC(72) Concurrent Mark
[2024-09-09T06:51:25.512+0800][info] GC(72) Concurrent Mark From Roots
[2024-09-09T06:51:25.512+0800][info] GC(72) Using 12 workers of 12 for marking
[2024-09-09T06:51:25.514+0800][info] GC(72) Concurrent Mark From Roots 2.457ms
[2024-09-09T06:51:25.514+0800][info] GC(72) Concurrent Preclean
[2024-09-09T06:51:25.516+0800][info] GC(72) Concurrent Preclean 1.763ms
[2024-09-09T06:51:25.516+0800][info] GC(72) Pause Remark
[2024-09-09T06:51:25.518+0800][info] GC(72) Pause Remark 75M->43M(128M) 1.577ms
[2024-09-09T06:51:25.518+0800][info] GC(72) User=0.00s Sys=0.00s Real=0.01s
[2024-09-09T06:51:25.518+0800][info] GC(72) Concurrent Mark 5.910ms
[2024-09-09T06:51:25.518+0800][info] GC(72) Concurrent Rebuild Remembered Sets
[2024-09-09T06:51:25.521+0800][info] GC(72) Concurrent Rebuild Remembered Sets 3.113ms
[2024-09-09T06:51:25.521+0800][info] GC(72) Pause Cleanup
[2024-09-09T06:51:25.521+0800][info] GC(72) Pause Cleanup 43M->43M(128M) 0.113ms
[2024-09-09T06:51:25.521+0800][info] GC(72) User=0.00s Sys=0.00s Real=0.00s
[2024-09-09T06:51:25.521+0800][info] GC(72) Concurrent Cleanup for Next Mark
[2024-09-09T06:51:25.521+0800][info] GC(72) Concurrent Cleanup for Next Mark 0.267ms
[2024-09-09T06:51:25.521+0800][info] GC(72) Concurrent Mark Cycle 9.734ms
[2024-09-09T06:51:26.030+0800][info] GC(73) Pause Young (Prepare Mixed) (G1 Preventive Collection)
[2024-09-09T06:51:26.030+0800][info] GC(73) Using 3 workers of 48 for evacuation
[2024-09-09T06:51:26.031+0800][info] GC(73)   Pre Evacuate Collection Set: 0.0ms
[2024-09-09T06:51:26.031+0800][info] GC(73)   Merge Heap Roots: 0.0ms
[2024-09-09T06:51:26.031+0800][info] GC(73)   Evacuate Collection Set: 0.8ms
[2024-09-09T06:51:26.031+0800][info] GC(73)   Post Evacuate Collection Set: 0.1ms
[2024-09-09T06:51:26.031+0800][info] GC(73)   Other: 0.1ms
[2024-09-09T06:51:26.031+0800][info] GC(73) Eden regions: 1->0(1)
[2024-09-09T06:51:26.031+0800][info] GC(73) Survivor regions: 1->1(1)
[2024-09-09T06:51:26.031+0800][info] GC(73) Old regions: 10->11
[2024-09-09T06:51:26.031+0800][info] GC(73) Archive regions: 2->2
[2024-09-09T06:51:26.031+0800][info] GC(73) Humongous regions: 12->12
[2024-09-09T06:51:26.031+0800][info] GC(73) Metaspace: 907K(1088K)->907K(1088K) NonClass: 852K(960K)->852K(960K) Class: 55K(128K)->55K(128K)
[2024-09-09T06:51:26.031+0800][info] GC(73) Pause Young (Prepare Mixed) (G1 Preventive Collection) 94M->93M(128M) 1.175ms
[2024-09-09T06:51:26.031+0800][info] GC(73) User=0.01s Sys=0.00s Real=0.00s
[2024-09-09T06:51:26.031+0800][info] Attempting full compaction
[2024-09-09T06:51:26.031+0800][info] GC(74) Using 1 workers of 48 for full compaction
[2024-09-09T06:51:26.031+0800][info] GC(74) Pause Full (G1 Compaction Pause)
[2024-09-09T06:51:26.031+0800][info] GC(74) Phase 1: Mark live objects
[2024-09-09T06:51:26.036+0800][info] GC(74) Phase 1: Mark live objects 5.103ms
[2024-09-09T06:51:26.036+0800][info] GC(74) Phase 2: Prepare for compaction
[2024-09-09T06:51:26.037+0800][info] GC(74) Phase 2: Prepare for compaction 0.982ms
[2024-09-09T06:51:26.037+0800][info] GC(74) Phase 3: Adjust pointers
[2024-09-09T06:51:26.040+0800][info] GC(74) Phase 3: Adjust pointers 2.820ms
[2024-09-09T06:51:26.040+0800][info] GC(74) Phase 4: Compact heap
[2024-09-09T06:51:26.041+0800][info] GC(74) Phase 4: Compact heap 0.475ms
[2024-09-09T06:51:26.041+0800][info] GC(74) Eden regions: 0->0(4)
[2024-09-09T06:51:26.041+0800][info] GC(74) Survivor regions: 1->0(1)
[2024-09-09T06:51:26.041+0800][info] GC(74) Old regions: 11->1
[2024-09-09T06:51:26.041+0800][info] GC(74) Archive regions: 2->2
[2024-09-09T06:51:26.041+0800][info] GC(74) Humongous regions: 12->12
[2024-09-09T06:51:26.041+0800][info] GC(74) Metaspace: 907K(1088K)->907K(1088K) NonClass: 852K(960K)->852K(960K) Class: 55K(128K)->55K(128K)
[2024-09-09T06:51:26.041+0800][info] GC(74) Pause Full (G1 Compaction Pause) 93M->52M(128M) 10.127ms
[2024-09-09T06:51:26.041+0800][info] GC(74) User=0.01s Sys=0.00s Real=0.01s
[2024-09-09T06:51:26.063+0800][info] GC(75) Pause Young (Concurrent Start) (G1 Humongous Allocation)
[2024-09-09T06:51:26.063+0800][info] GC(75) Using 3 workers of 48 for evacuation
[2024-09-09T06:51:26.064+0800][info] GC(75)   Pre Evacuate Collection Set: 0.0ms
[2024-09-09T06:51:26.064+0800][info] GC(75)   Merge Heap Roots: 0.0ms
[2024-09-09T06:51:26.064+0800][info] GC(75)   Evacuate Collection Set: 0.2ms
[2024-09-09T06:51:26.064+0800][info] GC(75)   Post Evacuate Collection Set: 0.1ms
[2024-09-09T06:51:26.064+0800][info] GC(75)   Other: 0.1ms
[2024-09-09T06:51:26.064+0800][info] GC(75) Eden regions: 1->0(1)
[2024-09-09T06:51:26.064+0800][info] GC(75) Survivor regions: 0->1(1)
[2024-09-09T06:51:26.064+0800][info] GC(75) Old regions: 1->1
[2024-09-09T06:51:26.064+0800][info] GC(75) Archive regions: 2->2
[2024-09-09T06:51:26.064+0800][info] GC(75) Humongous regions: 16->16
[2024-09-09T06:51:26.064+0800][info] GC(75) Metaspace: 907K(1088K)->907K(1088K) NonClass: 852K(960K)->852K(960K) Class: 55K(128K)->55K(128K)
[2024-09-09T06:51:26.064+0800][info] GC(75) Pause Young (Concurrent Start) (G1 Humongous Allocation) 69M->68M(128M) 0.594ms
[2024-09-09T06:51:26.064+0800][info] GC(75) User=0.00s Sys=0.00s Real=0.00s
[2024-09-09T06:51:26.064+0800][info] GC(76) Concurrent Mark Cycle
[2024-09-09T06:51:26.064+0800][info] GC(76) Concurrent Clear Claimed Marks
[2024-09-09T06:51:26.064+0800][info] GC(76) Concurrent Clear Claimed Marks 0.017ms
[2024-09-09T06:51:26.064+0800][info] GC(76) Concurrent Scan Root Regions
[2024-09-09T06:51:26.064+0800][info] GC(76) Concurrent Scan Root Regions 0.056ms
[2024-09-09T06:51:26.064+0800][info] GC(76) Concurrent Mark
[2024-09-09T06:51:26.064+0800][info] GC(76) Concurrent Mark From Roots
[2024-09-09T06:51:26.064+0800][info] GC(76) Using 12 workers of 12 for marking
[2024-09-09T06:51:26.066+0800][info] GC(76) Concurrent Mark From Roots 2.065ms
[2024-09-09T06:51:26.066+0800][info] GC(76) Concurrent Preclean
[2024-09-09T06:51:26.068+0800][info] GC(76) Concurrent Preclean 1.689ms
[2024-09-09T06:51:26.068+0800][info] GC(76) Pause Remark
[2024-09-09T06:51:26.070+0800][info] GC(76) Pause Remark 85M->69M(128M) 1.395ms
[2024-09-09T06:51:26.070+0800][info] GC(76) User=0.00s Sys=0.00s Real=0.00s
[2024-09-09T06:51:26.070+0800][info] GC(76) Concurrent Mark 5.268ms
[2024-09-09T06:51:26.070+0800][info] GC(76) Concurrent Rebuild Remembered Sets
[2024-09-09T06:51:26.074+0800][info] GC(76) Concurrent Rebuild Remembered Sets 4.639ms
[2024-09-09T06:51:26.074+0800][info] GC(76) Pause Cleanup
[2024-09-09T06:51:26.074+0800][info] GC(76) Pause Cleanup 69M->69M(128M) 0.153ms
[2024-09-09T06:51:26.074+0800][info] GC(76) User=0.00s Sys=0.00s Real=0.00s
[2024-09-09T06:51:26.074+0800][info] GC(76) Concurrent Cleanup for Next Mark
[2024-09-09T06:51:26.075+0800][info] GC(76) Concurrent Cleanup for Next Mark 0.242ms
[2024-09-09T06:51:26.075+0800][info] GC(76) Concurrent Mark Cycle 10.588ms
[2024-09-09T06:51:26.637+0800][info] GC(77) Pause Young (Concurrent Start) (G1 Humongous Allocation)
[2024-09-09T06:51:26.637+0800][info] GC(77) Using 3 workers of 48 for evacuation
[2024-09-09T06:51:26.638+0800][info] GC(77)   Pre Evacuate Collection Set: 0.0ms
[2024-09-09T06:51:26.638+0800][info] GC(77)   Merge Heap Roots: 0.0ms
[2024-09-09T06:51:26.638+0800][info] GC(77)   Evacuate Collection Set: 0.3ms
[2024-09-09T06:51:26.638+0800][info] GC(77)   Post Evacuate Collection Set: 0.1ms
[2024-09-09T06:51:26.638+0800][info] GC(77)   Other: 0.2ms
[2024-09-09T06:51:26.638+0800][info] GC(77) Eden regions: 1->0(1)
[2024-09-09T06:51:26.638+0800][info] GC(77) Survivor regions: 1->1(1)
[2024-09-09T06:51:26.638+0800][info] GC(77) Old regions: 1->1
[2024-09-09T06:51:26.638+0800][info] GC(77) Archive regions: 2->2
[2024-09-09T06:51:26.638+0800][info] GC(77) Humongous regions: 16->12
[2024-09-09T06:51:26.638+0800][info] GC(77) Metaspace: 907K(1088K)->907K(1088K) NonClass: 852K(960K)->852K(960K) Class: 55K(128K)->55K(128K)
[2024-09-09T06:51:26.638+0800][info] GC(77) Pause Young (Concurrent Start) (G1 Humongous Allocation) 69M->52M(128M) 0.889ms
[2024-09-09T06:51:26.638+0800][info] GC(77) User=0.00s Sys=0.00s Real=0.00s
[2024-09-09T06:51:26.638+0800][info] GC(78) Concurrent Mark Cycle
[2024-09-09T06:51:26.638+0800][info] GC(78) Concurrent Clear Claimed Marks
[2024-09-09T06:51:26.638+0800][info] GC(78) Concurrent Clear Claimed Marks 0.017ms
[2024-09-09T06:51:26.638+0800][info] GC(78) Concurrent Scan Root Regions
[2024-09-09T06:51:26.638+0800][info] GC(78) Concurrent Scan Root Regions 0.066ms
[2024-09-09T06:51:26.638+0800][info] GC(78) Concurrent Mark
[2024-09-09T06:51:26.638+0800][info] GC(78) Concurrent Mark From Roots
[2024-09-09T06:51:26.638+0800][info] GC(78) Using 12 workers of 12 for marking
[2024-09-09T06:51:26.641+0800][info] GC(78) Concurrent Mark From Roots 3.300ms
[2024-09-09T06:51:26.641+0800][info] GC(78) Concurrent Preclean
[2024-09-09T06:51:26.643+0800][info] GC(78) Concurrent Preclean 1.779ms
[2024-09-09T06:51:26.643+0800][info] GC(78) Pause Remark
[2024-09-09T06:51:26.645+0800][info] GC(78) Pause Remark 69M->53M(128M) 1.819ms
[2024-09-09T06:51:26.645+0800][info] GC(78) User=0.00s Sys=0.00s Real=0.01s
[2024-09-09T06:51:26.645+0800][info] GC(78) Concurrent Mark 7.093ms
[2024-09-09T06:51:26.645+0800][info] GC(78) Concurrent Rebuild Remembered Sets
[2024-09-09T06:51:26.645+0800][info] GC(78) Concurrent Rebuild Remembered Sets 0.013ms
[2024-09-09T06:51:26.645+0800][info] GC(78) Pause Cleanup
[2024-09-09T06:51:26.645+0800][info] GC(78) Pause Cleanup 53M->53M(128M) 0.027ms
[2024-09-09T06:51:26.645+0800][info] GC(78) User=0.00s Sys=0.00s Real=0.00s
[2024-09-09T06:51:26.645+0800][info] GC(78) Concurrent Cleanup for Next Mark
[2024-09-09T06:51:26.645+0800][info] GC(78) Concurrent Cleanup for Next Mark 0.192ms
[2024-09-09T06:51:26.645+0800][info] GC(78) Concurrent Mark Cycle 7.646ms
[2024-09-09T06:51:27.211+0800][info] GC(79) Pause Young (Concurrent Start) (G1 Humongous Allocation)
[2024-09-09T06:51:27.211+0800][info] GC(79) Using 3 workers of 48 for evacuation
[2024-09-09T06:51:27.211+0800][info] GC(79)   Pre Evacuate Collection Set: 0.1ms
[2024-09-09T06:51:27.211+0800][info] GC(79)   Merge Heap Roots: 0.0ms
[2024-09-09T06:51:27.211+0800][info] GC(79)   Evacuate Collection Set: 0.3ms
[2024-09-09T06:51:27.211+0800][info] GC(79)   Post Evacuate Collection Set: 0.2ms
[2024-09-09T06:51:27.211+0800][info] GC(79)   Other: 0.3ms
[2024-09-09T06:51:27.211+0800][info] GC(79) Eden regions: 1->0(1)
[2024-09-09T06:51:27.212+0800][info] GC(79) Survivor regions: 1->1(1)
[2024-09-09T06:51:27.212+0800][info] GC(79) Old regions: 1->1
[2024-09-09T06:51:27.212+0800][info] GC(79) Archive regions: 2->2
[2024-09-09T06:51:27.212+0800][info] GC(79) Humongous regions: 12->8
[2024-09-09T06:51:27.212+0800][info] GC(79) Metaspace: 907K(1088K)->907K(1088K) NonClass: 852K(960K)->852K(960K) Class: 55K(128K)->55K(128K)
[2024-09-09T06:51:27.212+0800][info] GC(79) Pause Young (Concurrent Start) (G1 Humongous Allocation) 53M->36M(128M) 1.046ms
[2024-09-09T06:51:27.212+0800][info] GC(79) User=0.00s Sys=0.00s Real=0.00s
[2024-09-09T06:51:27.212+0800][info] GC(80) Concurrent Undo Cycle
[2024-09-09T06:51:27.212+0800][info] GC(80) Concurrent Cleanup for Next Mark
[2024-09-09T06:51:27.212+0800][info] GC(80) Concurrent Cleanup for Next Mark 0.201ms
[2024-09-09T06:51:27.212+0800][info] GC(80) Concurrent Undo Cycle 0.314ms
[2024-09-09T06:51:27.234+0800][info] GC(81) Pause Young (Concurrent Start) (G1 Humongous Allocation)
[2024-09-09T06:51:27.234+0800][info] GC(81) Using 3 workers of 48 for evacuation
[2024-09-09T06:51:27.235+0800][info] GC(81)   Pre Evacuate Collection Set: 0.0ms
[2024-09-09T06:51:27.235+0800][info] GC(81)   Merge Heap Roots: 0.0ms
[2024-09-09T06:51:27.235+0800][info] GC(81)   Evacuate Collection Set: 0.2ms
[2024-09-09T06:51:27.235+0800][info] GC(81)   Post Evacuate Collection Set: 0.1ms
[2024-09-09T06:51:27.235+0800][info] GC(81)   Other: 0.2ms
[2024-09-09T06:51:27.235+0800][info] GC(81) Eden regions: 1->0(1)
[2024-09-09T06:51:27.235+0800][info] GC(81) Survivor regions: 1->1(1)
[2024-09-09T06:51:27.235+0800][info] GC(81) Old regions: 1->1
[2024-09-09T06:51:27.235+0800][info] GC(81) Archive regions: 2->2
[2024-09-09T06:51:27.235+0800][info] GC(81) Humongous regions: 12->12
[2024-09-09T06:51:27.235+0800][info] GC(81) Metaspace: 907K(1088K)->907K(1088K) NonClass: 852K(960K)->852K(960K) Class: 55K(128K)->55K(128K)
[2024-09-09T06:51:27.235+0800][info] GC(81) Pause Young (Concurrent Start) (G1 Humongous Allocation) 53M->52M(128M) 0.826ms
[2024-09-09T06:51:27.235+0800][info] GC(81) User=0.00s Sys=0.00s Real=0.00s
[2024-09-09T06:51:27.235+0800][info] GC(82) Concurrent Mark Cycle
[2024-09-09T06:51:27.235+0800][info] GC(82) Concurrent Clear Claimed Marks
[2024-09-09T06:51:27.235+0800][info] GC(82) Concurrent Clear Claimed Marks 0.017ms
[2024-09-09T06:51:27.235+0800][info] GC(82) Concurrent Scan Root Regions
[2024-09-09T06:51:27.235+0800][info] GC(82) Concurrent Scan Root Regions 0.126ms
[2024-09-09T06:51:27.235+0800][info] GC(82) Concurrent Mark
[2024-09-09T06:51:27.235+0800][info] GC(82) Concurrent Mark From Roots
[2024-09-09T06:51:27.235+0800][info] GC(82) Using 12 workers of 12 for marking
[2024-09-09T06:51:27.237+0800][info] GC(82) Concurrent Mark From Roots 2.139ms
[2024-09-09T06:51:27.237+0800][info] GC(82) Concurrent Preclean
[2024-09-09T06:51:27.239+0800][info] GC(82) Concurrent Preclean 1.676ms
[2024-09-09T06:51:27.239+0800][info] GC(82) Pause Remark
[2024-09-09T06:51:27.240+0800][info] GC(82) Pause Remark 69M->53M(128M) 1.426ms
[2024-09-09T06:51:27.241+0800][info] GC(82) User=0.01s Sys=0.00s Real=0.00s
[2024-09-09T06:51:27.241+0800][info] GC(82) Concurrent Mark 5.412ms
[2024-09-09T06:51:27.241+0800][info] GC(82) Concurrent Rebuild Remembered Sets
[2024-09-09T06:51:27.241+0800][info] GC(82) Concurrent Rebuild Remembered Sets 0.012ms
[2024-09-09T06:51:27.241+0800][info] GC(82) Pause Cleanup
[2024-09-09T06:51:27.241+0800][info] GC(82) Pause Cleanup 53M->53M(128M) 0.025ms
[2024-09-09T06:51:27.241+0800][info] GC(82) User=0.00s Sys=0.00s Real=0.00s
[2024-09-09T06:51:27.241+0800][info] GC(82) Concurrent Cleanup for Next Mark
[2024-09-09T06:51:27.241+0800][info] GC(82) Concurrent Cleanup for Next Mark 0.296ms
[2024-09-09T06:51:27.241+0800][info] GC(82) Concurrent Mark Cycle 6.125ms
[2024-09-09T06:51:27.808+0800][info] GC(83) Pause Young (Concurrent Start) (G1 Humongous Allocation)
[2024-09-09T06:51:27.808+0800][info] GC(83) Using 3 workers of 48 for evacuation
[2024-09-09T06:51:27.808+0800][info] GC(83)   Pre Evacuate Collection Set: 0.1ms
[2024-09-09T06:51:27.808+0800][info] GC(83)   Merge Heap Roots: 0.0ms
[2024-09-09T06:51:27.808+0800][info] GC(83)   Evacuate Collection Set: 0.2ms
[2024-09-09T06:51:27.808+0800][info] GC(83)   Post Evacuate Collection Set: 0.2ms
[2024-09-09T06:51:27.809+0800][info] GC(83)   Other: 0.3ms
[2024-09-09T06:51:27.809+0800][info] GC(83) Eden regions: 1->0(1)
[2024-09-09T06:51:27.809+0800][info] GC(83) Survivor regions: 1->1(1)
[2024-09-09T06:51:27.809+0800][info] GC(83) Old regions: 1->1
[2024-09-09T06:51:27.809+0800][info] GC(83) Archive regions: 2->2
[2024-09-09T06:51:27.809+0800][info] GC(83) Humongous regions: 12->4
[2024-09-09T06:51:27.809+0800][info] GC(83) Metaspace: 907K(1088K)->907K(1088K) NonClass: 852K(960K)->852K(960K) Class: 55K(128K)->55K(128K)
[2024-09-09T06:51:27.809+0800][info] GC(83) Pause Young (Concurrent Start) (G1 Humongous Allocation) 53M->20M(128M) 0.942ms
[2024-09-09T06:51:27.809+0800][info] GC(83) User=0.00s Sys=0.00s Real=0.00s
[2024-09-09T06:51:27.809+0800][info] GC(84) Concurrent Mark Cycle
[2024-09-09T06:51:27.809+0800][info] GC(84) Concurrent Clear Claimed Marks
[2024-09-09T06:51:27.809+0800][info] GC(84) Concurrent Clear Claimed Marks 0.016ms
[2024-09-09T06:51:27.809+0800][info] GC(84) Concurrent Scan Root Regions
[2024-09-09T06:51:27.809+0800][info] GC(84) Concurrent Scan Root Regions 0.061ms
[2024-09-09T06:51:27.809+0800][info] GC(84) Concurrent Mark
[2024-09-09T06:51:27.809+0800][info] GC(84) Concurrent Mark From Roots
[2024-09-09T06:51:27.809+0800][info] GC(84) Using 12 workers of 12 for marking
[2024-09-09T06:51:27.811+0800][info] GC(84) Concurrent Mark From Roots 2.017ms
[2024-09-09T06:51:27.811+0800][info] GC(84) Concurrent Preclean
[2024-09-09T06:51:27.813+0800][info] GC(84) Concurrent Preclean 1.673ms
[2024-09-09T06:51:27.813+0800][info] GC(84) Pause Remark
[2024-09-09T06:51:27.814+0800][info] GC(84) Pause Remark 37M->37M(128M) 1.275ms
[2024-09-09T06:51:27.814+0800][info] GC(84) User=0.00s Sys=0.00s Real=0.00s
[2024-09-09T06:51:27.814+0800][info] GC(84) Concurrent Mark 5.102ms
[2024-09-09T06:51:27.814+0800][info] GC(84) Concurrent Rebuild Remembered Sets
[2024-09-09T06:51:27.814+0800][info] GC(84) Concurrent Rebuild Remembered Sets 0.012ms
[2024-09-09T06:51:27.814+0800][info] GC(84) Pause Cleanup
[2024-09-09T06:51:27.814+0800][info] GC(84) Pause Cleanup 37M->37M(128M) 0.010ms
[2024-09-09T06:51:27.814+0800][info] GC(84) User=0.00s Sys=0.00s Real=0.00s
[2024-09-09T06:51:27.814+0800][info] GC(84) Concurrent Cleanup for Next Mark
[2024-09-09T06:51:27.814+0800][info] GC(84) Concurrent Cleanup for Next Mark 0.213ms
[2024-09-09T06:51:27.814+0800][info] GC(84) Concurrent Mark Cycle 5.617ms
[2024-09-09T06:51:28.884+0800][info] GC(85) Pause Young (Normal) (G1 Evacuation Pause)
[2024-09-09T06:51:28.884+0800][info] GC(85) Using 3 workers of 48 for evacuation
[2024-09-09T06:51:28.884+0800][info] GC(85)   Pre Evacuate Collection Set: 0.0ms
[2024-09-09T06:51:28.884+0800][info] GC(85)   Merge Heap Roots: 0.0ms
[2024-09-09T06:51:28.884+0800][info] GC(85)   Evacuate Collection Set: 0.5ms
[2024-09-09T06:51:28.884+0800][info] GC(85)   Post Evacuate Collection Set: 0.1ms
[2024-09-09T06:51:28.884+0800][info] GC(85)   Other: 0.1ms
[2024-09-09T06:51:28.884+0800][info] GC(85) Eden regions: 1->0(1)
[2024-09-09T06:51:28.884+0800][info] GC(85) Survivor regions: 1->1(1)
[2024-09-09T06:51:28.884+0800][info] GC(85) Old regions: 1->1
[2024-09-09T06:51:28.884+0800][info] GC(85) Archive regions: 2->2
[2024-09-09T06:51:28.884+0800][info] GC(85) Humongous regions: 8->4
[2024-09-09T06:51:28.884+0800][info] GC(85) Metaspace: 907K(1088K)->907K(1088K) NonClass: 852K(960K)->852K(960K) Class: 55K(128K)->55K(128K)
[2024-09-09T06:51:28.884+0800][info] GC(85) Pause Young (Normal) (G1 Evacuation Pause) 40M->24M(128M) 0.921ms
[2024-09-09T06:51:28.884+0800][info] GC(85) User=0.00s Sys=0.00s Real=0.00s
[2024-09-09T06:51:29.376+0800][info] GC(86) Pause Young (Concurrent Start) (G1 Evacuation Pause)
[2024-09-09T06:51:29.376+0800][info] GC(86) Using 3 workers of 48 for evacuation
[2024-09-09T06:51:29.378+0800][info] GC(86)   Pre Evacuate Collection Set: 0.0ms
[2024-09-09T06:51:29.378+0800][info] GC(86)   Merge Heap Roots: 0.0ms
[2024-09-09T06:51:29.378+0800][info] GC(86)   Evacuate Collection Set: 1.0ms
[2024-09-09T06:51:29.378+0800][info] GC(86)   Post Evacuate Collection Set: 0.1ms
[2024-09-09T06:51:29.378+0800][info] GC(86)   Other: 0.2ms
[2024-09-09T06:51:29.378+0800][info] GC(86) Eden regions: 1->0(1)
[2024-09-09T06:51:29.378+0800][info] GC(86) Survivor regions: 1->1(1)
[2024-09-09T06:51:29.378+0800][info] GC(86) Old regions: 1->2
[2024-09-09T06:51:29.378+0800][info] GC(86) Archive regions: 2->2
[2024-09-09T06:51:29.378+0800][info] GC(86) Humongous regions: 4->4
[2024-09-09T06:51:29.378+0800][info] GC(86) Metaspace: 907K(1088K)->907K(1088K) NonClass: 852K(960K)->852K(960K) Class: 55K(128K)->55K(128K)
[2024-09-09T06:51:29.378+0800][info] GC(86) Pause Young (Concurrent Start) (G1 Evacuation Pause) 28M->28M(128M) 1.421ms
[2024-09-09T06:51:29.378+0800][info] GC(86) User=0.00s Sys=0.00s Real=0.01s
[2024-09-09T06:51:29.378+0800][info] GC(87) Concurrent Mark Cycle
[2024-09-09T06:51:29.378+0800][info] GC(87) Concurrent Clear Claimed Marks
[2024-09-09T06:51:29.378+0800][info] GC(87) Concurrent Clear Claimed Marks 0.018ms
[2024-09-09T06:51:29.378+0800][info] GC(87) Concurrent Scan Root Regions
[2024-09-09T06:51:29.378+0800][info] GC(87) Concurrent Scan Root Regions 0.091ms
[2024-09-09T06:51:29.378+0800][info] GC(87) Concurrent Mark
[2024-09-09T06:51:29.378+0800][info] GC(87) Concurrent Mark From Roots
[2024-09-09T06:51:29.378+0800][info] GC(87) Using 12 workers of 12 for marking
[2024-09-09T06:51:29.380+0800][info] GC(87) Concurrent Mark From Roots 1.925ms
[2024-09-09T06:51:29.380+0800][info] GC(87) Concurrent Preclean
[2024-09-09T06:51:29.382+0800][info] GC(87) Concurrent Preclean 1.695ms
[2024-09-09T06:51:29.382+0800][info] GC(87) Pause Remark
[2024-09-09T06:51:29.383+0800][info] GC(87) Pause Remark 28M->28M(128M) 1.130ms
[2024-09-09T06:51:29.383+0800][info] GC(87) User=0.00s Sys=0.00s Real=0.00s
[2024-09-09T06:51:29.383+0800][info] GC(87) Concurrent Mark 4.857ms
[2024-09-09T06:51:29.383+0800][info] GC(87) Concurrent Rebuild Remembered Sets
[2024-09-09T06:51:29.383+0800][info] GC(87) Concurrent Rebuild Remembered Sets 0.013ms
[2024-09-09T06:51:29.383+0800][info] GC(87) Pause Cleanup
[2024-09-09T06:51:29.383+0800][info] GC(87) Pause Cleanup 28M->28M(128M) 0.009ms
[2024-09-09T06:51:29.383+0800][info] GC(87) User=0.00s Sys=0.00s Real=0.00s
[2024-09-09T06:51:29.383+0800][info] GC(87) Concurrent Cleanup for Next Mark
[2024-09-09T06:51:29.383+0800][info] GC(87) Concurrent Cleanup for Next Mark 0.227ms
[2024-09-09T06:51:29.383+0800][info] GC(87) Concurrent Mark Cycle 5.399ms
[2024-09-09T06:51:30.022+0800][info] GC(88) Pause Young (Normal) (G1 Evacuation Pause)
[2024-09-09T06:51:30.022+0800][info] GC(88) Using 3 workers of 48 for evacuation
[2024-09-09T06:51:30.023+0800][info] GC(88)   Pre Evacuate Collection Set: 0.0ms
[2024-09-09T06:51:30.023+0800][info] GC(88)   Merge Heap Roots: 0.0ms
[2024-09-09T06:51:30.023+0800][info] GC(88)   Evacuate Collection Set: 0.8ms
[2024-09-09T06:51:30.023+0800][info] GC(88)   Post Evacuate Collection Set: 0.1ms
[2024-09-09T06:51:30.023+0800][info] GC(88)   Other: 0.1ms
[2024-09-09T06:51:30.023+0800][info] GC(88) Eden regions: 1->0(1)
[2024-09-09T06:51:30.023+0800][info] GC(88) Survivor regions: 1->1(1)
[2024-09-09T06:51:30.023+0800][info] GC(88) Old regions: 2->3
[2024-09-09T06:51:30.023+0800][info] GC(88) Archive regions: 2->2
[2024-09-09T06:51:30.023+0800][info] GC(88) Humongous regions: 4->4
[2024-09-09T06:51:30.023+0800][info] GC(88) Metaspace: 907K(1088K)->907K(1088K) NonClass: 852K(960K)->852K(960K) Class: 55K(128K)->55K(128K)
[2024-09-09T06:51:30.023+0800][info] GC(88) Pause Young (Normal) (G1 Evacuation Pause) 32M->32M(128M) 1.171ms
[2024-09-09T06:51:30.023+0800][info] GC(88) User=0.00s Sys=0.01s Real=0.00s
[2024-09-09T06:51:30.524+0800][info] GC(89) Pause Young (Concurrent Start) (G1 Evacuation Pause)
[2024-09-09T06:51:30.525+0800][info] GC(89) Using 3 workers of 48 for evacuation
[2024-09-09T06:51:30.526+0800][info] GC(89)   Pre Evacuate Collection Set: 0.0ms
[2024-09-09T06:51:30.526+0800][info] GC(89)   Merge Heap Roots: 0.0ms
[2024-09-09T06:51:30.526+0800][info] GC(89)   Evacuate Collection Set: 0.9ms
[2024-09-09T06:51:30.526+0800][info] GC(89)   Post Evacuate Collection Set: 0.1ms
[2024-09-09T06:51:30.526+0800][info] GC(89)   Other: 0.2ms
[2024-09-09T06:51:30.526+0800][info] GC(89) Eden regions: 1->0(1)
[2024-09-09T06:51:30.526+0800][info] GC(89) Survivor regions: 1->1(1)
[2024-09-09T06:51:30.526+0800][info] GC(89) Old regions: 3->4
[2024-09-09T06:51:30.526+0800][info] GC(89) Archive regions: 2->2
[2024-09-09T06:51:30.526+0800][info] GC(89) Humongous regions: 4->4
[2024-09-09T06:51:30.526+0800][info] GC(89) Metaspace: 907K(1088K)->907K(1088K) NonClass: 852K(960K)->852K(960K) Class: 55K(128K)->55K(128K)
[2024-09-09T06:51:30.526+0800][info] GC(89) Pause Young (Concurrent Start) (G1 Evacuation Pause) 36M->36M(128M) 1.375ms
[2024-09-09T06:51:30.526+0800][info] GC(89) User=0.00s Sys=0.00s Real=0.01s
[2024-09-09T06:51:30.526+0800][info] GC(90) Concurrent Mark Cycle
[2024-09-09T06:51:30.526+0800][info] GC(90) Concurrent Clear Claimed Marks
[2024-09-09T06:51:30.526+0800][info] GC(90) Concurrent Clear Claimed Marks 0.012ms
[2024-09-09T06:51:30.526+0800][info] GC(90) Concurrent Scan Root Regions
[2024-09-09T06:51:30.526+0800][info] GC(90) Concurrent Scan Root Regions 0.055ms
[2024-09-09T06:51:30.526+0800][info] GC(90) Concurrent Mark
[2024-09-09T06:51:30.526+0800][info] GC(90) Concurrent Mark From Roots
[2024-09-09T06:51:30.526+0800][info] GC(90) Using 12 workers of 12 for marking
[2024-09-09T06:51:30.528+0800][info] GC(90) Concurrent Mark From Roots 1.934ms
[2024-09-09T06:51:30.528+0800][info] GC(90) Concurrent Preclean
[2024-09-09T06:51:30.529+0800][info] GC(90) Concurrent Preclean 0.904ms
[2024-09-09T06:51:30.529+0800][info] GC(90) Pause Remark
[2024-09-09T06:51:30.530+0800][info] GC(90) Pause Remark 36M->20M(128M) 1.021ms
[2024-09-09T06:51:30.530+0800][info] GC(90) User=0.00s Sys=0.00s Real=0.00s
[2024-09-09T06:51:30.530+0800][info] GC(90) Concurrent Mark 3.943ms
[2024-09-09T06:51:30.530+0800][info] GC(90) Concurrent Rebuild Remembered Sets
[2024-09-09T06:51:30.530+0800][info] GC(90) Concurrent Rebuild Remembered Sets 0.006ms
[2024-09-09T06:51:30.530+0800][info] GC(90) Pause Cleanup
[2024-09-09T06:51:30.530+0800][info] GC(90) Pause Cleanup 20M->20M(128M) 0.008ms
[2024-09-09T06:51:30.530+0800][info] GC(90) User=0.00s Sys=0.00s Real=0.00s
[2024-09-09T06:51:30.530+0800][info] GC(90) Concurrent Cleanup for Next Mark
[2024-09-09T06:51:30.530+0800][info] GC(90) Concurrent Cleanup for Next Mark 0.231ms
[2024-09-09T06:51:30.530+0800][info] GC(90) Concurrent Mark Cycle 4.394ms
[2024-09-09T06:51:31.174+0800][info] GC(91) Pause Young (Normal) (G1 Evacuation Pause)
[2024-09-09T06:51:31.174+0800][info] GC(91) Using 3 workers of 48 for evacuation
[2024-09-09T06:51:31.176+0800][info] GC(91)   Pre Evacuate Collection Set: 0.1ms
[2024-09-09T06:51:31.176+0800][info] GC(91)   Merge Heap Roots: 0.0ms
[2024-09-09T06:51:31.176+0800][info] GC(91)   Evacuate Collection Set: 0.9ms
[2024-09-09T06:51:31.176+0800][info] GC(91)   Post Evacuate Collection Set: 0.1ms
[2024-09-09T06:51:31.176+0800][info] GC(91)   Other: 0.1ms
[2024-09-09T06:51:31.176+0800][info] GC(91) Eden regions: 1->0(1)
[2024-09-09T06:51:31.176+0800][info] GC(91) Survivor regions: 1->1(1)
[2024-09-09T06:51:31.176+0800][info] GC(91) Old regions: 4->5
[2024-09-09T06:51:31.176+0800][info] GC(91) Archive regions: 2->2
[2024-09-09T06:51:31.176+0800][info] GC(91) Humongous regions: 0->0
[2024-09-09T06:51:31.176+0800][info] GC(91) Metaspace: 907K(1088K)->907K(1088K) NonClass: 852K(960K)->852K(960K) Class: 55K(128K)->55K(128K)
[2024-09-09T06:51:31.176+0800][info] GC(91) Pause Young (Normal) (G1 Evacuation Pause) 24M->24M(128M) 1.330ms
[2024-09-09T06:51:31.176+0800][info] GC(91) User=0.01s Sys=0.00s Real=0.00s
[2024-09-09T06:51:31.673+0800][info] GC(92) Pause Young (Concurrent Start) (G1 Evacuation Pause)
[2024-09-09T06:51:31.673+0800][info] GC(92) Using 3 workers of 48 for evacuation
[2024-09-09T06:51:31.674+0800][info] GC(92)   Pre Evacuate Collection Set: 0.0ms
[2024-09-09T06:51:31.674+0800][info] GC(92)   Merge Heap Roots: 0.0ms
[2024-09-09T06:51:31.674+0800][info] GC(92)   Evacuate Collection Set: 1.0ms
[2024-09-09T06:51:31.674+0800][info] GC(92)   Post Evacuate Collection Set: 0.1ms
[2024-09-09T06:51:31.674+0800][info] GC(92)   Other: 0.2ms
[2024-09-09T06:51:31.674+0800][info] GC(92) Eden regions: 1->0(1)
[2024-09-09T06:51:31.674+0800][info] GC(92) Survivor regions: 1->1(1)
[2024-09-09T06:51:31.674+0800][info] GC(92) Old regions: 5->6
[2024-09-09T06:51:31.674+0800][info] GC(92) Archive regions: 2->2
[2024-09-09T06:51:31.674+0800][info] GC(92) Humongous regions: 0->0
[2024-09-09T06:51:31.674+0800][info] GC(92) Metaspace: 907K(1088K)->907K(1088K) NonClass: 852K(960K)->852K(960K) Class: 55K(128K)->55K(128K)
[2024-09-09T06:51:31.674+0800][info] GC(92) Pause Young (Concurrent Start) (G1 Evacuation Pause) 28M->28M(128M) 1.427ms
[2024-09-09T06:51:31.675+0800][info] GC(92) User=0.01s Sys=0.00s Real=0.00s
[2024-09-09T06:51:31.675+0800][info] GC(93) Concurrent Mark Cycle
[2024-09-09T06:51:31.675+0800][info] GC(93) Concurrent Clear Claimed Marks
[2024-09-09T06:51:31.675+0800][info] GC(93) Concurrent Clear Claimed Marks 0.017ms
[2024-09-09T06:51:31.675+0800][info] GC(93) Concurrent Scan Root Regions
[2024-09-09T06:51:31.675+0800][info] GC(93) Concurrent Scan Root Regions 0.085ms
[2024-09-09T06:51:31.675+0800][info] GC(93) Concurrent Mark
[2024-09-09T06:51:31.675+0800][info] GC(93) Concurrent Mark From Roots
[2024-09-09T06:51:31.675+0800][info] GC(93) Using 12 workers of 12 for marking
[2024-09-09T06:51:31.677+0800][info] GC(93) Concurrent Mark From Roots 1.972ms
[2024-09-09T06:51:31.677+0800][info] GC(93) Concurrent Preclean
[2024-09-09T06:51:31.678+0800][info] GC(93) Concurrent Preclean 1.754ms
[2024-09-09T06:51:31.679+0800][info] GC(93) Pause Remark
[2024-09-09T06:51:31.680+0800][info] GC(93) Pause Remark 28M->28M(128M) 1.009ms
[2024-09-09T06:51:31.680+0800][info] GC(93) User=0.01s Sys=0.00s Real=0.00s
[2024-09-09T06:51:31.680+0800][info] GC(93) Concurrent Mark 4.849ms
[2024-09-09T06:51:31.680+0800][info] GC(93) Concurrent Rebuild Remembered Sets
[2024-09-09T06:51:31.681+0800][info] GC(93) Concurrent Rebuild Remembered Sets 1.578ms
[2024-09-09T06:51:31.681+0800][info] GC(93) Pause Cleanup
[2024-09-09T06:51:31.681+0800][info] GC(93) Pause Cleanup 28M->28M(128M) 0.102ms
[2024-09-09T06:51:31.681+0800][info] GC(93) User=0.00s Sys=0.00s Real=0.00s
[2024-09-09T06:51:31.681+0800][info] GC(93) Concurrent Cleanup for Next Mark
[2024-09-09T06:51:31.682+0800][info] GC(93) Concurrent Cleanup for Next Mark 0.240ms
[2024-09-09T06:51:31.682+0800][info] GC(93) Concurrent Mark Cycle 7.118ms
[2024-09-09T06:51:32.328+0800][info] GC(94) Pause Young (Prepare Mixed) (G1 Evacuation Pause)
[2024-09-09T06:51:32.328+0800][info] GC(94) Using 3 workers of 48 for evacuation
[2024-09-09T06:51:32.329+0800][info] GC(94)   Pre Evacuate Collection Set: 0.0ms
[2024-09-09T06:51:32.329+0800][info] GC(94)   Merge Heap Roots: 0.0ms
[2024-09-09T06:51:32.329+0800][info] GC(94)   Evacuate Collection Set: 0.9ms
[2024-09-09T06:51:32.329+0800][info] GC(94)   Post Evacuate Collection Set: 0.2ms
[2024-09-09T06:51:32.329+0800][info] GC(94)   Other: 0.1ms
[2024-09-09T06:51:32.329+0800][info] GC(94) Eden regions: 1->0(1)
[2024-09-09T06:51:32.329+0800][info] GC(94) Survivor regions: 1->1(1)
[2024-09-09T06:51:32.329+0800][info] GC(94) Old regions: 6->7
[2024-09-09T06:51:32.329+0800][info] GC(94) Archive regions: 2->2
[2024-09-09T06:51:32.329+0800][info] GC(94) Humongous regions: 0->0
[2024-09-09T06:51:32.329+0800][info] GC(94) Metaspace: 907K(1088K)->907K(1088K) NonClass: 852K(960K)->852K(960K) Class: 55K(128K)->55K(128K)
[2024-09-09T06:51:32.329+0800][info] GC(94) Pause Young (Prepare Mixed) (G1 Evacuation Pause) 32M->32M(128M) 1.324ms
[2024-09-09T06:51:32.329+0800][info] GC(94) User=0.00s Sys=0.00s Real=0.00s
[2024-09-09T06:51:32.824+0800][info] GC(95) Pause Young (Mixed) (G1 Evacuation Pause)
[2024-09-09T06:51:32.824+0800][info] GC(95) Using 3 workers of 48 for evacuation
[2024-09-09T06:51:32.825+0800][info] GC(95)   Pre Evacuate Collection Set: 0.1ms
[2024-09-09T06:51:32.825+0800][info] GC(95)   Merge Heap Roots: 0.0ms
[2024-09-09T06:51:32.825+0800][info] GC(95)   Evacuate Collection Set: 1.3ms
[2024-09-09T06:51:32.825+0800][info] GC(95)   Post Evacuate Collection Set: 0.1ms
[2024-09-09T06:51:32.825+0800][info] GC(95)   Other: 0.1ms
[2024-09-09T06:51:32.825+0800][info] GC(95) Eden regions: 1->0(1)
[2024-09-09T06:51:32.825+0800][info] GC(95) Survivor regions: 1->1(1)
[2024-09-09T06:51:32.825+0800][info] GC(95) Old regions: 7->7
[2024-09-09T06:51:32.825+0800][info] GC(95) Archive regions: 2->2
[2024-09-09T06:51:32.825+0800][info] GC(95) Humongous regions: 0->0
[2024-09-09T06:51:32.825+0800][info] GC(95) Metaspace: 907K(1088K)->907K(1088K) NonClass: 852K(960K)->852K(960K) Class: 55K(128K)->55K(128K)
[2024-09-09T06:51:32.825+0800][info] GC(95) Pause Young (Mixed) (G1 Evacuation Pause) 36M->32M(128M) 1.652ms
[2024-09-09T06:51:32.825+0800][info] GC(95) User=0.00s Sys=0.00s Real=0.01s
[2024-09-09T06:51:33.325+0800][info] GC(96) Pause Young (Concurrent Start) (G1 Evacuation Pause)
[2024-09-09T06:51:33.325+0800][info] GC(96) Using 3 workers of 48 for evacuation
[2024-09-09T06:51:33.327+0800][info] GC(96)   Pre Evacuate Collection Set: 0.0ms
[2024-09-09T06:51:33.327+0800][info] GC(96)   Merge Heap Roots: 0.0ms
[2024-09-09T06:51:33.327+0800][info] GC(96)   Evacuate Collection Set: 1.2ms
[2024-09-09T06:51:33.327+0800][info] GC(96)   Post Evacuate Collection Set: 0.1ms
[2024-09-09T06:51:33.327+0800][info] GC(96)   Other: 0.2ms
[2024-09-09T06:51:33.327+0800][info] GC(96) Eden regions: 1->0(1)
[2024-09-09T06:51:33.327+0800][info] GC(96) Survivor regions: 1->1(1)
[2024-09-09T06:51:33.327+0800][info] GC(96) Old regions: 7->8
[2024-09-09T06:51:33.327+0800][info] GC(96) Archive regions: 2->2
[2024-09-09T06:51:33.327+0800][info] GC(96) Humongous regions: 0->0
[2024-09-09T06:51:33.327+0800][info] GC(96) Metaspace: 907K(1088K)->907K(1088K) NonClass: 852K(960K)->852K(960K) Class: 55K(128K)->55K(128K)
[2024-09-09T06:51:33.327+0800][info] GC(96) Pause Young (Concurrent Start) (G1 Evacuation Pause) 36M->36M(128M) 1.672ms
[2024-09-09T06:51:33.327+0800][info] GC(96) User=0.01s Sys=0.00s Real=0.00s
[2024-09-09T06:51:33.327+0800][info] GC(97) Concurrent Mark Cycle
[2024-09-09T06:51:33.327+0800][info] GC(97) Concurrent Clear Claimed Marks
[2024-09-09T06:51:33.327+0800][info] GC(97) Concurrent Clear Claimed Marks 0.018ms
[2024-09-09T06:51:33.327+0800][info] GC(97) Concurrent Scan Root Regions
[2024-09-09T06:51:33.327+0800][info] GC(97) Concurrent Scan Root Regions 0.090ms
[2024-09-09T06:51:33.327+0800][info] GC(97) Concurrent Mark
[2024-09-09T06:51:33.327+0800][info] GC(97) Concurrent Mark From Roots
[2024-09-09T06:51:33.327+0800][info] GC(97) Using 12 workers of 12 for marking
[2024-09-09T06:51:33.329+0800][info] GC(97) Concurrent Mark From Roots 1.911ms
[2024-09-09T06:51:33.329+0800][info] GC(97) Concurrent Preclean
[2024-09-09T06:51:33.331+0800][info] GC(97) Concurrent Preclean 1.687ms
[2024-09-09T06:51:33.331+0800][info] GC(97) Pause Remark
[2024-09-09T06:51:33.332+0800][info] GC(97) Pause Remark 36M->32M(128M) 1.264ms
[2024-09-09T06:51:33.332+0800][info] GC(97) User=0.00s Sys=0.00s Real=0.00s
[2024-09-09T06:51:33.332+0800][info] GC(97) Concurrent Mark 5.049ms
[2024-09-09T06:51:33.332+0800][info] GC(97) Concurrent Rebuild Remembered Sets
[2024-09-09T06:51:33.334+0800][info] GC(97) Concurrent Rebuild Remembered Sets 1.697ms
[2024-09-09T06:51:33.334+0800][info] GC(97) Pause Cleanup
[2024-09-09T06:51:33.334+0800][info] GC(97) Pause Cleanup 32M->32M(128M) 0.099ms
[2024-09-09T06:51:33.334+0800][info] GC(97) User=0.00s Sys=0.00s Real=0.00s
[2024-09-09T06:51:33.334+0800][info] GC(97) Concurrent Cleanup for Next Mark
[2024-09-09T06:51:33.334+0800][info] GC(97) Concurrent Cleanup for Next Mark 0.240ms
[2024-09-09T06:51:33.334+0800][info] GC(97) Concurrent Mark Cycle 7.437ms
[2024-09-09T06:51:33.972+0800][info] GC(98) Pause Young (Prepare Mixed) (G1 Evacuation Pause)
[2024-09-09T06:51:33.972+0800][info] GC(98) Using 3 workers of 48 for evacuation
[2024-09-09T06:51:33.973+0800][info] GC(98)   Pre Evacuate Collection Set: 0.1ms
[2024-09-09T06:51:33.973+0800][info] GC(98)   Merge Heap Roots: 0.0ms
[2024-09-09T06:51:33.973+0800][info] GC(98)   Evacuate Collection Set: 1.2ms
[2024-09-09T06:51:33.973+0800][info] GC(98)   Post Evacuate Collection Set: 0.1ms
[2024-09-09T06:51:33.973+0800][info] GC(98)   Other: 0.1ms
[2024-09-09T06:51:33.973+0800][info] GC(98) Eden regions: 1->0(1)
[2024-09-09T06:51:33.973+0800][info] GC(98) Survivor regions: 1->1(1)
[2024-09-09T06:51:33.973+0800][info] GC(98) Old regions: 7->8
[2024-09-09T06:51:33.973+0800][info] GC(98) Archive regions: 2->2
[2024-09-09T06:51:33.973+0800][info] GC(98) Humongous regions: 0->0
[2024-09-09T06:51:33.973+0800][info] GC(98) Metaspace: 907K(1088K)->907K(1088K) NonClass: 852K(960K)->852K(960K) Class: 55K(128K)->55K(128K)
[2024-09-09T06:51:33.973+0800][info] GC(98) Pause Young (Prepare Mixed) (G1 Evacuation Pause) 36M->36M(128M) 1.632ms
[2024-09-09T06:51:33.973+0800][info] GC(98) User=0.00s Sys=0.00s Real=0.00s
[2024-09-09T06:51:34.474+0800][info] GC(99) Pause Young (Mixed) (G1 Evacuation Pause)
[2024-09-09T06:51:34.474+0800][info] GC(99) Using 3 workers of 48 for evacuation
[2024-09-09T06:51:34.476+0800][info] GC(99)   Pre Evacuate Collection Set: 0.0ms
[2024-09-09T06:51:34.476+0800][info] GC(99)   Merge Heap Roots: 0.0ms
[2024-09-09T06:51:34.476+0800][info] GC(99)   Evacuate Collection Set: 1.1ms
[2024-09-09T06:51:34.476+0800][info] GC(99)   Post Evacuate Collection Set: 0.1ms
[2024-09-09T06:51:34.476+0800][info] GC(99)   Other: 0.1ms
[2024-09-09T06:51:34.476+0800][info] GC(99) Eden regions: 1->0(1)
[2024-09-09T06:51:34.476+0800][info] GC(99) Survivor regions: 1->1(1)
[2024-09-09T06:51:34.476+0800][info] GC(99) Old regions: 8->7
[2024-09-09T06:51:34.476+0800][info] GC(99) Archive regions: 2->2
[2024-09-09T06:51:34.476+0800][info] GC(99) Humongous regions: 0->0
[2024-09-09T06:51:34.476+0800][info] GC(99) Metaspace: 907K(1088K)->907K(1088K) NonClass: 852K(960K)->852K(960K) Class: 55K(128K)->55K(128K)
[2024-09-09T06:51:34.476+0800][info] GC(99) Pause Young (Mixed) (G1 Evacuation Pause) 40M->32M(128M) 1.466ms
[2024-09-09T06:51:34.476+0800][info] GC(99) User=0.00s Sys=0.00s Real=0.00s
[2024-09-09T06:51:34.976+0800][info] GC(100) Pause Young (Concurrent Start) (G1 Evacuation Pause)
[2024-09-09T06:51:34.976+0800][info] GC(100) Using 3 workers of 48 for evacuation
[2024-09-09T06:51:34.977+0800][info] GC(100)   Pre Evacuate Collection Set: 0.0ms
[2024-09-09T06:51:34.977+0800][info] GC(100)   Merge Heap Roots: 0.0ms
[2024-09-09T06:51:34.977+0800][info] GC(100)   Evacuate Collection Set: 1.2ms
[2024-09-09T06:51:34.977+0800][info] GC(100)   Post Evacuate Collection Set: 0.1ms
[2024-09-09T06:51:34.977+0800][info] GC(100)   Other: 0.2ms
[2024-09-09T06:51:34.977+0800][info] GC(100) Eden regions: 1->0(1)
[2024-09-09T06:51:34.977+0800][info] GC(100) Survivor regions: 1->1(1)
[2024-09-09T06:51:34.977+0800][info] GC(100) Old regions: 7->8
[2024-09-09T06:51:34.977+0800][info] GC(100) Archive regions: 2->2
[2024-09-09T06:51:34.977+0800][info] GC(100) Humongous regions: 0->0
[2024-09-09T06:51:34.977+0800][info] GC(100) Metaspace: 907K(1088K)->907K(1088K) NonClass: 852K(960K)->852K(960K) Class: 55K(128K)->55K(128K)
[2024-09-09T06:51:34.977+0800][info] GC(100) Pause Young (Concurrent Start) (G1 Evacuation Pause) 36M->36M(128M) 1.713ms
[2024-09-09T06:51:34.977+0800][info] GC(100) User=0.01s Sys=0.00s Real=0.01s
[2024-09-09T06:51:34.977+0800][info] GC(101) Concurrent Mark Cycle
[2024-09-09T06:51:34.978+0800][info] GC(101) Concurrent Clear Claimed Marks
[2024-09-09T06:51:34.978+0800][info] GC(101) Concurrent Clear Claimed Marks 0.020ms
[2024-09-09T06:51:34.978+0800][info] GC(101) Concurrent Scan Root Regions
[2024-09-09T06:51:34.978+0800][info] GC(101) Concurrent Scan Root Regions 0.158ms
[2024-09-09T06:51:34.978+0800][info] GC(101) Concurrent Mark
[2024-09-09T06:51:34.978+0800][info] GC(101) Concurrent Mark From Roots
[2024-09-09T06:51:34.978+0800][info] GC(101) Using 12 workers of 12 for marking
[2024-09-09T06:51:34.980+0800][info] GC(101) Concurrent Mark From Roots 2.058ms
[2024-09-09T06:51:34.980+0800][info] GC(101) Concurrent Preclean
[2024-09-09T06:51:34.982+0800][info] GC(101) Concurrent Preclean 1.699ms
[2024-09-09T06:51:34.982+0800][info] GC(101) Pause Remark
[2024-09-09T06:51:34.983+0800][info] GC(101) Pause Remark 36M->32M(128M) 1.251ms
[2024-09-09T06:51:34.983+0800][info] GC(101) User=0.00s Sys=0.00s Real=0.00s
[2024-09-09T06:51:34.983+0800][info] GC(101) Concurrent Mark 5.125ms
[2024-09-09T06:51:34.983+0800][info] GC(101) Concurrent Rebuild Remembered Sets
[2024-09-09T06:51:34.985+0800][info] GC(101) Concurrent Rebuild Remembered Sets 2.462ms
[2024-09-09T06:51:34.985+0800][info] GC(101) Pause Cleanup
[2024-09-09T06:51:34.985+0800][info] GC(101) Pause Cleanup 32M->32M(128M) 0.096ms
[2024-09-09T06:51:34.985+0800][info] GC(101) User=0.00s Sys=0.00s Real=0.00s
[2024-09-09T06:51:34.986+0800][info] GC(101) Concurrent Cleanup for Next Mark
[2024-09-09T06:51:34.986+0800][info] GC(101) Concurrent Cleanup for Next Mark 0.255ms
[2024-09-09T06:51:34.986+0800][info] GC(101) Concurrent Mark Cycle 8.340ms
[2024-09-09T06:51:35.624+0800][info] GC(102) Pause Young (Prepare Mixed) (G1 Evacuation Pause)
[2024-09-09T06:51:35.624+0800][info] GC(102) Using 3 workers of 48 for evacuation
[2024-09-09T06:51:35.625+0800][info] GC(102)   Pre Evacuate Collection Set: 0.1ms
[2024-09-09T06:51:35.625+0800][info] GC(102)   Merge Heap Roots: 0.0ms
[2024-09-09T06:51:35.625+0800][info] GC(102)   Evacuate Collection Set: 1.2ms
[2024-09-09T06:51:35.625+0800][info] GC(102)   Post Evacuate Collection Set: 0.1ms
[2024-09-09T06:51:35.625+0800][info] GC(102)   Other: 0.1ms
[2024-09-09T06:51:35.625+0800][info] GC(102) Eden regions: 1->0(1)
[2024-09-09T06:51:35.625+0800][info] GC(102) Survivor regions: 1->1(1)
[2024-09-09T06:51:35.625+0800][info] GC(102) Old regions: 7->8
[2024-09-09T06:51:35.625+0800][info] GC(102) Archive regions: 2->2
[2024-09-09T06:51:35.625+0800][info] GC(102) Humongous regions: 0->0
[2024-09-09T06:51:35.625+0800][info] GC(102) Metaspace: 907K(1088K)->907K(1088K) NonClass: 852K(960K)->852K(960K) Class: 55K(128K)->55K(128K)
[2024-09-09T06:51:35.625+0800][info] GC(102) Pause Young (Prepare Mixed) (G1 Evacuation Pause) 36M->35M(128M) 1.631ms
[2024-09-09T06:51:35.625+0800][info] GC(102) User=0.00s Sys=0.00s Real=0.01s
[2024-09-09T06:51:36.120+0800][info] GC(103) Pause Young (Mixed) (G1 Evacuation Pause)
[2024-09-09T06:51:36.120+0800][info] GC(103) Using 3 workers of 48 for evacuation
[2024-09-09T06:51:36.122+0800][info] GC(103)   Pre Evacuate Collection Set: 0.1ms
[2024-09-09T06:51:36.122+0800][info] GC(103)   Merge Heap Roots: 0.0ms
[2024-09-09T06:51:36.122+0800][info] GC(103)   Evacuate Collection Set: 1.2ms
[2024-09-09T06:51:36.122+0800][info] GC(103)   Post Evacuate Collection Set: 0.1ms
[2024-09-09T06:51:36.122+0800][info] GC(103)   Other: 0.1ms
[2024-09-09T06:51:36.122+0800][info] GC(103) Eden regions: 1->0(3)
[2024-09-09T06:51:36.122+0800][info] GC(103) Survivor regions: 1->1(1)
[2024-09-09T06:51:36.122+0800][info] GC(103) Old regions: 8->8
[2024-09-09T06:51:36.122+0800][info] GC(103) Archive regions: 2->2
[2024-09-09T06:51:36.122+0800][info] GC(103) Humongous regions: 0->0
[2024-09-09T06:51:36.122+0800][info] GC(103) Metaspace: 907K(1088K)->907K(1088K) NonClass: 852K(960K)->852K(960K) Class: 55K(128K)->55K(128K)
[2024-09-09T06:51:36.122+0800][info] GC(103) Pause Young (Mixed) (G1 Evacuation Pause) 39M->35M(128M) 1.572ms
[2024-09-09T06:51:36.122+0800][info] GC(103) User=0.00s Sys=0.00s Real=0.00s
[2024-09-09T06:51:37.622+0800][info] GC(104) Pause Young (Concurrent Start) (G1 Evacuation Pause)
[2024-09-09T06:51:37.622+0800][info] GC(104) Using 3 workers of 48 for evacuation
[2024-09-09T06:51:37.625+0800][info] GC(104)   Pre Evacuate Collection Set: 0.1ms
[2024-09-09T06:51:37.625+0800][info] GC(104)   Merge Heap Roots: 0.0ms
[2024-09-09T06:51:37.625+0800][info] GC(104)   Evacuate Collection Set: 2.3ms
[2024-09-09T06:51:37.625+0800][info] GC(104)   Post Evacuate Collection Set: 0.2ms
[2024-09-09T06:51:37.625+0800][info] GC(104)   Other: 0.3ms
[2024-09-09T06:51:37.625+0800][info] GC(104) Eden regions: 3->0(3)
[2024-09-09T06:51:37.625+0800][info] GC(104) Survivor regions: 1->1(1)
[2024-09-09T06:51:37.625+0800][info] GC(104) Old regions: 8->11
[2024-09-09T06:51:37.625+0800][info] GC(104) Archive regions: 2->2
[2024-09-09T06:51:37.625+0800][info] GC(104) Humongous regions: 0->0
[2024-09-09T06:51:37.625+0800][info] GC(104) Metaspace: 907K(1088K)->907K(1088K) NonClass: 852K(960K)->852K(960K) Class: 55K(128K)->55K(128K)
[2024-09-09T06:51:37.625+0800][info] GC(104) Pause Young (Concurrent Start) (G1 Evacuation Pause) 47M->47M(128M) 3.085ms
[2024-09-09T06:51:37.625+0800][info] GC(104) User=0.00s Sys=0.01s Real=0.01s
[2024-09-09T06:51:37.625+0800][info] GC(105) Concurrent Mark Cycle
[2024-09-09T06:51:37.625+0800][info] GC(105) Concurrent Clear Claimed Marks
[2024-09-09T06:51:37.625+0800][info] GC(105) Concurrent Clear Claimed Marks 0.018ms
[2024-09-09T06:51:37.625+0800][info] GC(105) Concurrent Scan Root Regions
[2024-09-09T06:51:37.625+0800][info] GC(105) Concurrent Scan Root Regions 0.073ms
[2024-09-09T06:51:37.625+0800][info] GC(105) Concurrent Mark
[2024-09-09T06:51:37.625+0800][info] GC(105) Concurrent Mark From Roots
[2024-09-09T06:51:37.625+0800][info] GC(105) Using 12 workers of 12 for marking
[2024-09-09T06:51:37.627+0800][info] GC(105) Concurrent Mark From Roots 1.861ms
[2024-09-09T06:51:37.627+0800][info] GC(105) Concurrent Preclean
[2024-09-09T06:51:37.629+0800][info] GC(105) Concurrent Preclean 1.662ms
[2024-09-09T06:51:37.629+0800][info] GC(105) Pause Remark
[2024-09-09T06:51:37.630+0800][info] GC(105) Pause Remark 48M->36M(128M) 1.429ms
[2024-09-09T06:51:37.630+0800][info] GC(105) User=0.00s Sys=0.00s Real=0.00s
[2024-09-09T06:51:37.630+0800][info] GC(105) Concurrent Mark 5.108ms
[2024-09-09T06:51:37.630+0800][info] GC(105) Concurrent Rebuild Remembered Sets
[2024-09-09T06:51:37.633+0800][info] GC(105) Concurrent Rebuild Remembered Sets 2.361ms
[2024-09-09T06:51:37.633+0800][info] GC(105) Pause Cleanup
[2024-09-09T06:51:37.633+0800][info] GC(105) Pause Cleanup 36M->36M(128M) 0.220ms
[2024-09-09T06:51:37.633+0800][info] GC(105) User=0.00s Sys=0.00s Real=0.00s
[2024-09-09T06:51:37.633+0800][info] GC(105) Concurrent Cleanup for Next Mark
[2024-09-09T06:51:37.633+0800][info] GC(105) Concurrent Cleanup for Next Mark 0.227ms
[2024-09-09T06:51:37.633+0800][info] GC(105) Concurrent Mark Cycle 8.261ms
[2024-09-09T06:51:39.772+0800][info] GC(106) Pause Young (Prepare Mixed) (G1 Evacuation Pause)
[2024-09-09T06:51:39.772+0800][info] GC(106) Using 3 workers of 48 for evacuation
[2024-09-09T06:51:39.776+0800][info] GC(106)   Pre Evacuate Collection Set: 0.1ms
[2024-09-09T06:51:39.776+0800][info] GC(106)   Merge Heap Roots: 0.1ms
[2024-09-09T06:51:39.776+0800][info] GC(106)   Evacuate Collection Set: 2.8ms
[2024-09-09T06:51:39.776+0800][info] GC(106)   Post Evacuate Collection Set: 0.2ms
[2024-09-09T06:51:39.776+0800][info] GC(106)   Other: 0.2ms
[2024-09-09T06:51:39.776+0800][info] GC(106) Eden regions: 4->0(1)
[2024-09-09T06:51:39.776+0800][info] GC(106) Survivor regions: 1->1(1)
[2024-09-09T06:51:39.776+0800][info] GC(106) Old regions: 8->12
[2024-09-09T06:51:39.776+0800][info] GC(106) Archive regions: 2->2
[2024-09-09T06:51:39.776+0800][info] GC(106) Humongous regions: 0->0
[2024-09-09T06:51:39.776+0800][info] GC(106) Metaspace: 907K(1088K)->907K(1088K) NonClass: 852K(960K)->852K(960K) Class: 55K(128K)->55K(128K)
[2024-09-09T06:51:39.776+0800][info] GC(106) Pause Young (Prepare Mixed) (G1 Evacuation Pause) 51M->51M(128M) 3.494ms
[2024-09-09T06:51:39.776+0800][info] GC(106) User=0.01s Sys=0.00s Real=0.00s
[2024-09-09T06:51:40.272+0800][info] GC(107) Pause Young (Mixed) (G1 Evacuation Pause)
[2024-09-09T06:51:40.272+0800][info] GC(107) Using 3 workers of 48 for evacuation
[2024-09-09T06:51:40.274+0800][info] GC(107)   Pre Evacuate Collection Set: 0.1ms
[2024-09-09T06:51:40.274+0800][info] GC(107)   Merge Heap Roots: 0.0ms
[2024-09-09T06:51:40.274+0800][info] GC(107)   Evacuate Collection Set: 1.2ms
[2024-09-09T06:51:40.274+0800][info] GC(107)   Post Evacuate Collection Set: 0.2ms
[2024-09-09T06:51:40.274+0800][info] GC(107)   Other: 0.2ms
[2024-09-09T06:51:40.274+0800][info] GC(107) Eden regions: 1->0(4)
[2024-09-09T06:51:40.274+0800][info] GC(107) Survivor regions: 1->1(1)
[2024-09-09T06:51:40.274+0800][info] GC(107) Old regions: 12->11
[2024-09-09T06:51:40.274+0800][info] GC(107) Archive regions: 2->2
[2024-09-09T06:51:40.274+0800][info] GC(107) Humongous regions: 0->0
[2024-09-09T06:51:40.274+0800][info] GC(107) Metaspace: 907K(1088K)->907K(1088K) NonClass: 852K(960K)->852K(960K) Class: 55K(128K)->55K(128K)
[2024-09-09T06:51:40.274+0800][info] GC(107) Pause Young (Mixed) (G1 Evacuation Pause) 55M->47M(128M) 1.770ms
[2024-09-09T06:51:40.274+0800][info] GC(107) User=0.00s Sys=0.00s Real=0.00s
[2024-09-09T06:51:42.091+0800][info] GC(108) Pause Young (Concurrent Start) (G1 Humongous Allocation)
[2024-09-09T06:51:42.091+0800][info] GC(108) Using 3 workers of 48 for evacuation
[2024-09-09T06:51:42.094+0800][info] GC(108)   Pre Evacuate Collection Set: 0.1ms
[2024-09-09T06:51:42.094+0800][info] GC(108)   Merge Heap Roots: 0.0ms
[2024-09-09T06:51:42.094+0800][info] GC(108)   Evacuate Collection Set: 2.8ms
[2024-09-09T06:51:42.094+0800][info] GC(108)   Post Evacuate Collection Set: 0.2ms
[2024-09-09T06:51:42.094+0800][info] GC(108)   Other: 0.3ms
[2024-09-09T06:51:42.095+0800][info] GC(108) Eden regions: 4->0(3)
[2024-09-09T06:51:42.095+0800][info] GC(108) Survivor regions: 1->1(1)
[2024-09-09T06:51:42.095+0800][info] GC(108) Old regions: 11->15
[2024-09-09T06:51:42.095+0800][info] GC(108) Archive regions: 2->2
[2024-09-09T06:51:42.095+0800][info] GC(108) Humongous regions: 0->0
[2024-09-09T06:51:42.095+0800][info] GC(108) Metaspace: 907K(1088K)->907K(1088K) NonClass: 852K(960K)->852K(960K) Class: 55K(128K)->55K(128K)
[2024-09-09T06:51:42.095+0800][info] GC(108) Pause Young (Concurrent Start) (G1 Humongous Allocation) 61M->61M(128M) 3.522ms
[2024-09-09T06:51:42.095+0800][info] GC(108) User=0.01s Sys=0.00s Real=0.00s
[2024-09-09T06:51:42.095+0800][info] GC(109) Concurrent Mark Cycle
[2024-09-09T06:51:42.095+0800][info] GC(109) Concurrent Clear Claimed Marks
[2024-09-09T06:51:42.095+0800][info] GC(109) Concurrent Clear Claimed Marks 0.019ms
[2024-09-09T06:51:42.095+0800][info] GC(109) Concurrent Scan Root Regions
[2024-09-09T06:51:42.095+0800][info] GC(109) Concurrent Scan Root Regions 0.106ms
[2024-09-09T06:51:42.095+0800][info] GC(109) Concurrent Mark
[2024-09-09T06:51:42.095+0800][info] GC(109) Concurrent Mark From Roots
[2024-09-09T06:51:42.095+0800][info] GC(109) Using 12 workers of 12 for marking
[2024-09-09T06:51:42.097+0800][info] GC(109) Concurrent Mark From Roots 2.045ms
[2024-09-09T06:51:42.097+0800][info] GC(109) Concurrent Preclean
[2024-09-09T06:51:42.099+0800][info] GC(109) Concurrent Preclean 1.659ms
[2024-09-09T06:51:42.099+0800][info] GC(109) Pause Remark
[2024-09-09T06:51:42.100+0800][info] GC(109) Pause Remark 78M->50M(128M) 1.555ms
[2024-09-09T06:51:42.100+0800][info] GC(109) User=0.01s Sys=0.00s Real=0.00s
[2024-09-09T06:51:42.100+0800][info] GC(109) Concurrent Mark 5.441ms
[2024-09-09T06:51:42.100+0800][info] GC(109) Concurrent Rebuild Remembered Sets
[2024-09-09T06:51:42.104+0800][info] GC(109) Concurrent Rebuild Remembered Sets 3.268ms
[2024-09-09T06:51:42.104+0800][info] GC(109) Pause Cleanup
[2024-09-09T06:51:42.104+0800][info] GC(109) Pause Cleanup 50M->50M(128M) 0.256ms
[2024-09-09T06:51:42.104+0800][info] GC(109) User=0.00s Sys=0.00s Real=0.00s
[2024-09-09T06:51:42.104+0800][info] GC(109) Concurrent Cleanup for Next Mark
[2024-09-09T06:51:42.104+0800][info] GC(109) Concurrent Cleanup for Next Mark 0.349ms
[2024-09-09T06:51:42.104+0800][info] GC(109) Concurrent Mark Cycle 9.708ms
[2024-09-09T06:51:42.712+0800][info] GC(110) Pause Young (Prepare Mixed) (G1 Humongous Allocation)
[2024-09-09T06:51:42.712+0800][info] GC(110) Using 3 workers of 48 for evacuation
[2024-09-09T06:51:42.713+0800][info] GC(110)   Pre Evacuate Collection Set: 0.0ms
[2024-09-09T06:51:42.713+0800][info] GC(110)   Merge Heap Roots: 0.0ms
[2024-09-09T06:51:42.713+0800][info] GC(110)   Evacuate Collection Set: 0.8ms
[2024-09-09T06:51:42.713+0800][info] GC(110)   Post Evacuate Collection Set: 0.1ms
[2024-09-09T06:51:42.713+0800][info] GC(110)   Other: 0.2ms
[2024-09-09T06:51:42.713+0800][info] GC(110) Eden regions: 1->0(1)
[2024-09-09T06:51:42.713+0800][info] GC(110) Survivor regions: 1->1(1)
[2024-09-09T06:51:42.713+0800][info] GC(110) Old regions: 8->9
[2024-09-09T06:51:42.713+0800][info] GC(110) Archive regions: 2->2
[2024-09-09T06:51:42.713+0800][info] GC(110) Humongous regions: 12->8
[2024-09-09T06:51:42.713+0800][info] GC(110) Metaspace: 907K(1088K)->907K(1088K) NonClass: 852K(960K)->852K(960K) Class: 55K(128K)->55K(128K)
[2024-09-09T06:51:42.713+0800][info] GC(110) Pause Young (Prepare Mixed) (G1 Humongous Allocation) 82M->65M(128M) 1.211ms
[2024-09-09T06:51:42.713+0800][info] GC(110) User=0.00s Sys=0.00s Real=0.00s
[2024-09-09T06:51:42.736+0800][info] GC(111) Pause Young (Mixed) (G1 Humongous Allocation)
[2024-09-09T06:51:42.736+0800][info] GC(111) Using 3 workers of 48 for evacuation
[2024-09-09T06:51:42.736+0800][info] GC(111)   Pre Evacuate Collection Set: 0.0ms
[2024-09-09T06:51:42.736+0800][info] GC(111)   Merge Heap Roots: 0.0ms
[2024-09-09T06:51:42.736+0800][info] GC(111)   Evacuate Collection Set: 0.1ms
[2024-09-09T06:51:42.736+0800][info] GC(111)   Post Evacuate Collection Set: 0.1ms
[2024-09-09T06:51:42.736+0800][info] GC(111)   Other: 0.1ms
[2024-09-09T06:51:42.736+0800][info] GC(111) Eden regions: 1->0(2)
[2024-09-09T06:51:42.736+0800][info] GC(111) Survivor regions: 1->1(1)
[2024-09-09T06:51:42.736+0800][info] GC(111) Old regions: 9->7
[2024-09-09T06:51:42.736+0800][info] GC(111) Archive regions: 2->2
[2024-09-09T06:51:42.736+0800][info] GC(111) Humongous regions: 12->12
[2024-09-09T06:51:42.736+0800][info] GC(111) Metaspace: 907K(1088K)->907K(1088K) NonClass: 852K(960K)->852K(960K) Class: 55K(128K)->55K(128K)
[2024-09-09T06:51:42.736+0800][info] GC(111) Pause Young (Mixed) (G1 Humongous Allocation) 81M->73M(128M) 0.434ms
[2024-09-09T06:51:42.736+0800][info] GC(111) User=0.00s Sys=0.00s Real=0.00s
[2024-09-09T06:51:42.759+0800][info] GC(112) Pause Young (Concurrent Start) (G1 Humongous Allocation)
[2024-09-09T06:51:42.759+0800][info] GC(112) Using 3 workers of 48 for evacuation
[2024-09-09T06:51:42.759+0800][info] GC(112)   Pre Evacuate Collection Set: 0.1ms
[2024-09-09T06:51:42.759+0800][info] GC(112)   Merge Heap Roots: 0.0ms
[2024-09-09T06:51:42.759+0800][info] GC(112)   Evacuate Collection Set: 0.3ms
[2024-09-09T06:51:42.759+0800][info] GC(112)   Post Evacuate Collection Set: 0.1ms
[2024-09-09T06:51:42.759+0800][info] GC(112)   Other: 0.1ms
[2024-09-09T06:51:42.759+0800][info] GC(112) Eden regions: 1->0(1)
[2024-09-09T06:51:42.759+0800][info] GC(112) Survivor regions: 1->1(1)
[2024-09-09T06:51:42.759+0800][info] GC(112) Old regions: 7->7
[2024-09-09T06:51:42.759+0800][info] GC(112) Archive regions: 2->2
[2024-09-09T06:51:42.759+0800][info] GC(112) Humongous regions: 16->12
[2024-09-09T06:51:42.759+0800][info] GC(112) Metaspace: 907K(1088K)->907K(1088K) NonClass: 852K(960K)->852K(960K) Class: 55K(128K)->55K(128K)
[2024-09-09T06:51:42.759+0800][info] GC(112) Pause Young (Concurrent Start) (G1 Humongous Allocation) 89M->73M(128M) 0.815ms
[2024-09-09T06:51:42.759+0800][info] GC(112) User=0.00s Sys=0.00s Real=0.00s
[2024-09-09T06:51:42.759+0800][info] GC(113) Concurrent Mark Cycle
[2024-09-09T06:51:42.759+0800][info] GC(113) Concurrent Clear Claimed Marks
[2024-09-09T06:51:42.759+0800][info] GC(113) Concurrent Clear Claimed Marks 0.017ms
[2024-09-09T06:51:42.759+0800][info] GC(113) Concurrent Scan Root Regions
[2024-09-09T06:51:42.760+0800][info] GC(113) Concurrent Scan Root Regions 0.063ms
[2024-09-09T06:51:42.760+0800][info] GC(113) Concurrent Mark
[2024-09-09T06:51:42.760+0800][info] GC(113) Concurrent Mark From Roots
[2024-09-09T06:51:42.760+0800][info] GC(113) Using 12 workers of 12 for marking
[2024-09-09T06:51:42.762+0800][info] GC(113) Concurrent Mark From Roots 2.095ms
[2024-09-09T06:51:42.762+0800][info] GC(113) Concurrent Preclean
[2024-09-09T06:51:42.763+0800][info] GC(113) Concurrent Preclean 1.698ms
[2024-09-09T06:51:42.763+0800][info] GC(113) Pause Remark
[2024-09-09T06:51:42.765+0800][info] GC(113) Pause Remark 89M->77M(128M) 1.530ms
[2024-09-09T06:51:42.765+0800][info] GC(113) User=0.00s Sys=0.00s Real=0.01s
[2024-09-09T06:51:42.765+0800][info] GC(113) Concurrent Mark 5.430ms
[2024-09-09T06:51:42.765+0800][info] GC(113) Concurrent Rebuild Remembered Sets
[2024-09-09T06:51:42.770+0800][info] GC(113) Concurrent Rebuild Remembered Sets 4.798ms
[2024-09-09T06:51:42.770+0800][info] GC(113) Pause Cleanup
[2024-09-09T06:51:42.770+0800][info] GC(113) Pause Cleanup 77M->77M(128M) 0.173ms
[2024-09-09T06:51:42.770+0800][info] GC(113) User=0.00s Sys=0.00s Real=0.00s
[2024-09-09T06:51:42.770+0800][info] GC(113) Concurrent Cleanup for Next Mark
[2024-09-09T06:51:42.770+0800][info] GC(113) Concurrent Cleanup for Next Mark 0.213ms
[2024-09-09T06:51:42.770+0800][info] GC(113) Concurrent Mark Cycle 10.893ms
[2024-09-09T06:51:43.355+0800][info] GC(114) Pause Young (Prepare Mixed) (G1 Preventive Collection)
[2024-09-09T06:51:43.355+0800][info] GC(114) Using 3 workers of 48 for evacuation
[2024-09-09T06:51:43.355+0800][info] GC(114)   Pre Evacuate Collection Set: 0.0ms
[2024-09-09T06:51:43.355+0800][info] GC(114)   Merge Heap Roots: 0.0ms
[2024-09-09T06:51:43.355+0800][info] GC(114)   Evacuate Collection Set: 0.1ms
[2024-09-09T06:51:43.355+0800][info] GC(114)   Post Evacuate Collection Set: 0.1ms
[2024-09-09T06:51:43.355+0800][info] GC(114)   Other: 0.1ms
[2024-09-09T06:51:43.355+0800][info] GC(114) Eden regions: 1->0(1)
[2024-09-09T06:51:43.355+0800][info] GC(114) Survivor regions: 1->1(1)
[2024-09-09T06:51:43.355+0800][info] GC(114) Old regions: 4->4
[2024-09-09T06:51:43.355+0800][info] GC(114) Archive regions: 2->2
[2024-09-09T06:51:43.355+0800][info] GC(114) Humongous regions: 20->8
[2024-09-09T06:51:43.355+0800][info] GC(114) Metaspace: 907K(1088K)->907K(1088K) NonClass: 852K(960K)->852K(960K) Class: 55K(128K)->55K(128K)
[2024-09-09T06:51:43.355+0800][info] GC(114) Pause Young (Prepare Mixed) (G1 Preventive Collection) 93M->45M(128M) 0.469ms
[2024-09-09T06:51:43.355+0800][info] GC(114) User=0.00s Sys=0.00s Real=0.00s
[2024-09-09T06:51:43.909+0800][info] GC(115) Pause Young (Mixed) (G1 Evacuation Pause)
[2024-09-09T06:51:43.909+0800][info] GC(115) Using 3 workers of 48 for evacuation
[2024-09-09T06:51:43.910+0800][info] GC(115)   Pre Evacuate Collection Set: 0.0ms
[2024-09-09T06:51:43.910+0800][info] GC(115)   Merge Heap Roots: 0.0ms
[2024-09-09T06:51:43.910+0800][info] GC(115)   Evacuate Collection Set: 0.5ms
[2024-09-09T06:51:43.910+0800][info] GC(115)   Post Evacuate Collection Set: 0.1ms
[2024-09-09T06:51:43.910+0800][info] GC(115)   Other: 0.1ms
[2024-09-09T06:51:43.910+0800][info] GC(115) Eden regions: 1->0(1)
[2024-09-09T06:51:43.910+0800][info] GC(115) Survivor regions: 1->1(1)
[2024-09-09T06:51:43.910+0800][info] GC(115) Old regions: 4->3
[2024-09-09T06:51:43.910+0800][info] GC(115) Archive regions: 2->2
[2024-09-09T06:51:43.910+0800][info] GC(115) Humongous regions: 16->0
[2024-09-09T06:51:43.910+0800][info] GC(115) Metaspace: 907K(1088K)->907K(1088K) NonClass: 852K(960K)->852K(960K) Class: 55K(128K)->55K(128K)
[2024-09-09T06:51:43.910+0800][info] GC(115) Pause Young (Mixed) (G1 Evacuation Pause) 81M->13M(128M) 0.859ms
[2024-09-09T06:51:43.910+0800][info] GC(115) User=0.00s Sys=0.00s Real=0.00s
[2024-09-09T06:51:44.408+0800][info] GC(116) Pause Young (Mixed) (G1 Evacuation Pause)
[2024-09-09T06:51:44.408+0800][info] GC(116) Using 3 workers of 48 for evacuation
[2024-09-09T06:51:44.409+0800][info] GC(116)   Pre Evacuate Collection Set: 0.0ms
[2024-09-09T06:51:44.409+0800][info] GC(116)   Merge Heap Roots: 0.0ms
[2024-09-09T06:51:44.409+0800][info] GC(116)   Evacuate Collection Set: 1.0ms
[2024-09-09T06:51:44.409+0800][info] GC(116)   Post Evacuate Collection Set: 0.1ms
[2024-09-09T06:51:44.409+0800][info] GC(116)   Other: 0.1ms
[2024-09-09T06:51:44.409+0800][info] GC(116) Eden regions: 1->0(1)
[2024-09-09T06:51:44.409+0800][info] GC(116) Survivor regions: 1->1(1)
[2024-09-09T06:51:44.409+0800][info] GC(116) Old regions: 3->3
[2024-09-09T06:51:44.409+0800][info] GC(116) Archive regions: 2->2
[2024-09-09T06:51:44.409+0800][info] GC(116) Humongous regions: 0->0
[2024-09-09T06:51:44.409+0800][info] GC(116) Metaspace: 907K(1088K)->907K(1088K) NonClass: 852K(960K)->852K(960K) Class: 55K(128K)->55K(128K)
[2024-09-09T06:51:44.409+0800][info] GC(116) Pause Young (Mixed) (G1 Evacuation Pause) 17M->13M(128M) 1.341ms
[2024-09-09T06:51:44.409+0800][info] GC(116) User=0.00s Sys=0.00s Real=0.00s
[2024-09-09T06:51:44.908+0800][info] GC(117) Pause Young (Concurrent Start) (G1 Evacuation Pause)
[2024-09-09T06:51:44.908+0800][info] GC(117) Using 3 workers of 48 for evacuation
[2024-09-09T06:51:44.909+0800][info] GC(117)   Pre Evacuate Collection Set: 0.0ms
[2024-09-09T06:51:44.909+0800][info] GC(117)   Merge Heap Roots: 0.0ms
[2024-09-09T06:51:44.909+0800][info] GC(117)   Evacuate Collection Set: 1.1ms
[2024-09-09T06:51:44.909+0800][info] GC(117)   Post Evacuate Collection Set: 0.1ms
[2024-09-09T06:51:44.909+0800][info] GC(117)   Other: 0.2ms
[2024-09-09T06:51:44.909+0800][info] GC(117) Eden regions: 1->0(1)
[2024-09-09T06:51:44.909+0800][info] GC(117) Survivor regions: 1->1(1)
[2024-09-09T06:51:44.909+0800][info] GC(117) Old regions: 3->4
[2024-09-09T06:51:44.909+0800][info] GC(117) Archive regions: 2->2
[2024-09-09T06:51:44.909+0800][info] GC(117) Humongous regions: 0->0
[2024-09-09T06:51:44.909+0800][info] GC(117) Metaspace: 907K(1088K)->907K(1088K) NonClass: 852K(960K)->852K(960K) Class: 55K(128K)->55K(128K)
[2024-09-09T06:51:44.909+0800][info] GC(117) Pause Young (Concurrent Start) (G1 Evacuation Pause) 17M->17M(128M) 1.454ms
[2024-09-09T06:51:44.909+0800][info] GC(117) User=0.00s Sys=0.00s Real=0.00s
[2024-09-09T06:51:44.909+0800][info] GC(118) Concurrent Mark Cycle
[2024-09-09T06:51:44.910+0800][info] GC(118) Concurrent Clear Claimed Marks
[2024-09-09T06:51:44.910+0800][info] GC(118) Concurrent Clear Claimed Marks 0.020ms
[2024-09-09T06:51:44.910+0800][info] GC(118) Concurrent Scan Root Regions
[2024-09-09T06:51:44.910+0800][info] GC(118) Concurrent Scan Root Regions 0.074ms
[2024-09-09T06:51:44.910+0800][info] GC(118) Concurrent Mark
[2024-09-09T06:51:44.910+0800][info] GC(118) Concurrent Mark From Roots
[2024-09-09T06:51:44.910+0800][info] GC(118) Using 12 workers of 12 for marking
[2024-09-09T06:51:44.912+0800][info] GC(118) Concurrent Mark From Roots 2.219ms
[2024-09-09T06:51:44.912+0800][info] GC(118) Concurrent Preclean
[2024-09-09T06:51:44.914+0800][info] GC(118) Concurrent Preclean 1.775ms
[2024-09-09T06:51:44.914+0800][info] GC(118) Pause Remark
[2024-09-09T06:51:44.915+0800][info] GC(118) Pause Remark 17M->17M(128M) 0.960ms
[2024-09-09T06:51:44.915+0800][info] GC(118) User=0.00s Sys=0.00s Real=0.00s
[2024-09-09T06:51:44.915+0800][info] GC(118) Concurrent Mark 5.081ms
[2024-09-09T06:51:44.915+0800][info] GC(118) Concurrent Rebuild Remembered Sets
[2024-09-09T06:51:44.916+0800][info] GC(118) Concurrent Rebuild Remembered Sets 0.968ms
[2024-09-09T06:51:44.916+0800][info] GC(118) Pause Cleanup
[2024-09-09T06:51:44.916+0800][info] GC(118) Pause Cleanup 17M->17M(128M) 0.070ms
[2024-09-09T06:51:44.916+0800][info] GC(118) User=0.00s Sys=0.00s Real=0.00s
[2024-09-09T06:51:44.916+0800][info] GC(118) Concurrent Cleanup for Next Mark
[2024-09-09T06:51:44.916+0800][info] GC(118) Concurrent Cleanup for Next Mark 0.276ms
[2024-09-09T06:51:44.916+0800][info] GC(118) Concurrent Mark Cycle 6.725ms
[2024-09-09T06:51:45.558+0800][info] GC(119) Pause Young (Normal) (G1 Evacuation Pause)
[2024-09-09T06:51:45.558+0800][info] GC(119) Using 3 workers of 48 for evacuation
[2024-09-09T06:51:45.559+0800][info] GC(119)   Pre Evacuate Collection Set: 0.0ms
[2024-09-09T06:51:45.559+0800][info] GC(119)   Merge Heap Roots: 0.0ms
[2024-09-09T06:51:45.559+0800][info] GC(119)   Evacuate Collection Set: 1.0ms
[2024-09-09T06:51:45.559+0800][info] GC(119)   Post Evacuate Collection Set: 0.1ms
[2024-09-09T06:51:45.559+0800][info] GC(119)   Other: 0.1ms
[2024-09-09T06:51:45.559+0800][info] GC(119) Eden regions: 1->0(1)
[2024-09-09T06:51:45.559+0800][info] GC(119) Survivor regions: 1->1(1)
[2024-09-09T06:51:45.559+0800][info] GC(119) Old regions: 4->5
[2024-09-09T06:51:45.559+0800][info] GC(119) Archive regions: 2->2
[2024-09-09T06:51:45.559+0800][info] GC(119) Humongous regions: 0->0
[2024-09-09T06:51:45.559+0800][info] GC(119) Metaspace: 907K(1088K)->907K(1088K) NonClass: 852K(960K)->852K(960K) Class: 55K(128K)->55K(128K)
[2024-09-09T06:51:45.559+0800][info] GC(119) Pause Young (Normal) (G1 Evacuation Pause) 21M->21M(128M) 1.347ms
[2024-09-09T06:51:45.559+0800][info] GC(119) User=0.00s Sys=0.00s Real=0.00s
[2024-09-09T06:51:46.052+0800][info] GC(120) Pause Young (Concurrent Start) (G1 Evacuation Pause)
[2024-09-09T06:51:46.052+0800][info] GC(120) Using 3 workers of 48 for evacuation
[2024-09-09T06:51:46.053+0800][info] GC(120)   Pre Evacuate Collection Set: 0.0ms
[2024-09-09T06:51:46.053+0800][info] GC(120)   Merge Heap Roots: 0.0ms
[2024-09-09T06:51:46.053+0800][info] GC(120)   Evacuate Collection Set: 0.9ms
[2024-09-09T06:51:46.053+0800][info] GC(120)   Post Evacuate Collection Set: 0.1ms
[2024-09-09T06:51:46.053+0800][info] GC(120)   Other: 0.2ms
[2024-09-09T06:51:46.053+0800][info] GC(120) Eden regions: 1->0(1)
[2024-09-09T06:51:46.053+0800][info] GC(120) Survivor regions: 1->1(1)
[2024-09-09T06:51:46.053+0800][info] GC(120) Old regions: 5->6
[2024-09-09T06:51:46.053+0800][info] GC(120) Archive regions: 2->2
[2024-09-09T06:51:46.053+0800][info] GC(120) Humongous regions: 0->0
[2024-09-09T06:51:46.053+0800][info] GC(120) Metaspace: 907K(1088K)->907K(1088K) NonClass: 852K(960K)->852K(960K) Class: 55K(128K)->55K(128K)
[2024-09-09T06:51:46.053+0800][info] GC(120) Pause Young (Concurrent Start) (G1 Evacuation Pause) 25M->25M(128M) 1.266ms
[2024-09-09T06:51:46.053+0800][info] GC(120) User=0.01s Sys=0.00s Real=0.00s
[2024-09-09T06:51:46.053+0800][info] GC(121) Concurrent Mark Cycle
[2024-09-09T06:51:46.053+0800][info] GC(121) Concurrent Clear Claimed Marks
[2024-09-09T06:51:46.053+0800][info] GC(121) Concurrent Clear Claimed Marks 0.018ms
[2024-09-09T06:51:46.053+0800][info] GC(121) Concurrent Scan Root Regions
[2024-09-09T06:51:46.053+0800][info] GC(121) Concurrent Scan Root Regions 0.085ms
[2024-09-09T06:51:46.053+0800][info] GC(121) Concurrent Mark
[2024-09-09T06:51:46.053+0800][info] GC(121) Concurrent Mark From Roots
[2024-09-09T06:51:46.053+0800][info] GC(121) Using 12 workers of 12 for marking
[2024-09-09T06:51:46.056+0800][info] GC(121) Concurrent Mark From Roots 2.287ms
[2024-09-09T06:51:46.056+0800][info] GC(121) Concurrent Preclean
[2024-09-09T06:51:46.057+0800][info] GC(121) Concurrent Preclean 1.685ms
[2024-09-09T06:51:46.057+0800][info] GC(121) Pause Remark
[2024-09-09T06:51:46.059+0800][info] GC(121) Pause Remark 25M->25M(128M) 1.674ms
[2024-09-09T06:51:46.059+0800][info] GC(121) User=0.00s Sys=0.00s Real=0.00s
[2024-09-09T06:51:46.059+0800][info] GC(121) Concurrent Mark 5.759ms
[2024-09-09T06:51:46.059+0800][info] GC(121) Concurrent Rebuild Remembered Sets
[2024-09-09T06:51:46.061+0800][info] GC(121) Concurrent Rebuild Remembered Sets 1.320ms
[2024-09-09T06:51:46.061+0800][info] GC(121) Pause Cleanup
[2024-09-09T06:51:46.061+0800][info] GC(121) Pause Cleanup 25M->25M(128M) 0.082ms
[2024-09-09T06:51:46.061+0800][info] GC(121) User=0.00s Sys=0.00s Real=0.00s
[2024-09-09T06:51:46.061+0800][info] GC(121) Concurrent Cleanup for Next Mark
[2024-09-09T06:51:46.061+0800][info] GC(121) Concurrent Cleanup for Next Mark 0.258ms
[2024-09-09T06:51:46.061+0800][info] GC(121) Concurrent Mark Cycle 7.743ms
[2024-09-09T06:51:46.698+0800][info] GC(122) Pause Young (Normal) (G1 Evacuation Pause)
[2024-09-09T06:51:46.698+0800][info] GC(122) Using 3 workers of 48 for evacuation
[2024-09-09T06:51:46.699+0800][info] GC(122)   Pre Evacuate Collection Set: 0.0ms
[2024-09-09T06:51:46.699+0800][info] GC(122)   Merge Heap Roots: 0.0ms
[2024-09-09T06:51:46.699+0800][info] GC(122)   Evacuate Collection Set: 0.8ms
[2024-09-09T06:51:46.699+0800][info] GC(122)   Post Evacuate Collection Set: 0.1ms
[2024-09-09T06:51:46.699+0800][info] GC(122)   Other: 0.1ms
[2024-09-09T06:51:46.699+0800][info] GC(122) Eden regions: 1->0(1)
[2024-09-09T06:51:46.699+0800][info] GC(122) Survivor regions: 1->1(1)
[2024-09-09T06:51:46.699+0800][info] GC(122) Old regions: 6->7
[2024-09-09T06:51:46.699+0800][info] GC(122) Archive regions: 2->2
[2024-09-09T06:51:46.699+0800][info] GC(122) Humongous regions: 0->0
[2024-09-09T06:51:46.699+0800][info] GC(122) Metaspace: 907K(1088K)->907K(1088K) NonClass: 852K(960K)->852K(960K) Class: 55K(128K)->55K(128K)
[2024-09-09T06:51:46.699+0800][info] GC(122) Pause Young (Normal) (G1 Evacuation Pause) 29M->29M(128M) 1.136ms
[2024-09-09T06:51:46.699+0800][info] GC(122) User=0.00s Sys=0.00s Real=0.00s
[2024-09-09T06:51:47.198+0800][info] GC(123) Pause Young (Concurrent Start) (G1 Evacuation Pause)
[2024-09-09T06:51:47.198+0800][info] GC(123) Using 3 workers of 48 for evacuation
[2024-09-09T06:51:47.199+0800][info] GC(123)   Pre Evacuate Collection Set: 0.0ms
[2024-09-09T06:51:47.199+0800][info] GC(123)   Merge Heap Roots: 0.0ms
[2024-09-09T06:51:47.199+0800][info] GC(123)   Evacuate Collection Set: 0.7ms
[2024-09-09T06:51:47.199+0800][info] GC(123)   Post Evacuate Collection Set: 0.1ms
[2024-09-09T06:51:47.199+0800][info] GC(123)   Other: 0.2ms
[2024-09-09T06:51:47.199+0800][info] GC(123) Eden regions: 1->0(1)
[2024-09-09T06:51:47.199+0800][info] GC(123) Survivor regions: 1->1(1)
[2024-09-09T06:51:47.199+0800][info] GC(123) Old regions: 7->8
[2024-09-09T06:51:47.199+0800][info] GC(123) Archive regions: 2->2
[2024-09-09T06:51:47.199+0800][info] GC(123) Humongous regions: 0->0
[2024-09-09T06:51:47.199+0800][info] GC(123) Metaspace: 907K(1088K)->907K(1088K) NonClass: 852K(960K)->852K(960K) Class: 55K(128K)->55K(128K)
[2024-09-09T06:51:47.199+0800][info] GC(123) Pause Young (Concurrent Start) (G1 Evacuation Pause) 33M->33M(128M) 1.098ms
[2024-09-09T06:51:47.199+0800][info] GC(123) User=0.00s Sys=0.00s Real=0.00s
[2024-09-09T06:51:47.199+0800][info] GC(124) Concurrent Mark Cycle
[2024-09-09T06:51:47.199+0800][info] GC(124) Concurrent Clear Claimed Marks
[2024-09-09T06:51:47.199+0800][info] GC(124) Concurrent Clear Claimed Marks 0.012ms
[2024-09-09T06:51:47.199+0800][info] GC(124) Concurrent Scan Root Regions
[2024-09-09T06:51:47.199+0800][info] GC(124) Concurrent Scan Root Regions 0.093ms
[2024-09-09T06:51:47.199+0800][info] GC(124) Concurrent Mark
[2024-09-09T06:51:47.199+0800][info] GC(124) Concurrent Mark From Roots
[2024-09-09T06:51:47.199+0800][info] GC(124) Using 12 workers of 12 for marking
[2024-09-09T06:51:47.202+0800][info] GC(124) Concurrent Mark From Roots 2.292ms
[2024-09-09T06:51:47.202+0800][info] GC(124) Concurrent Preclean
[2024-09-09T06:51:47.202+0800][info] GC(124) Concurrent Preclean 0.724ms
[2024-09-09T06:51:47.202+0800][info] GC(124) Pause Remark
[2024-09-09T06:51:47.203+0800][info] GC(124) Pause Remark 33M->33M(128M) 0.659ms
[2024-09-09T06:51:47.203+0800][info] GC(124) User=0.00s Sys=0.00s Real=0.00s
[2024-09-09T06:51:47.203+0800][info] GC(124) Concurrent Mark 3.760ms
[2024-09-09T06:51:47.203+0800][info] GC(124) Concurrent Rebuild Remembered Sets
[2024-09-09T06:51:47.205+0800][info] GC(124) Concurrent Rebuild Remembered Sets 1.688ms
[2024-09-09T06:51:47.205+0800][info] GC(124) Pause Cleanup
[2024-09-09T06:51:47.205+0800][info] GC(124) Pause Cleanup 33M->33M(128M) 0.091ms
[2024-09-09T06:51:47.205+0800][info] GC(124) User=0.00s Sys=0.00s Real=0.00s
[2024-09-09T06:51:47.205+0800][info] GC(124) Concurrent Cleanup for Next Mark
[2024-09-09T06:51:47.205+0800][info] GC(124) Concurrent Cleanup for Next Mark 0.224ms
[2024-09-09T06:51:47.205+0800][info] GC(124) Concurrent Mark Cycle 5.995ms
[2024-09-09T06:51:47.845+0800][info] GC(125) Pause Young (Prepare Mixed) (G1 Evacuation Pause)
[2024-09-09T06:51:47.845+0800][info] GC(125) Using 3 workers of 48 for evacuation
[2024-09-09T06:51:47.846+0800][info] GC(125)   Pre Evacuate Collection Set: 0.0ms
[2024-09-09T06:51:47.847+0800][info] GC(125)   Merge Heap Roots: 0.0ms
[2024-09-09T06:51:47.847+0800][info] GC(125)   Evacuate Collection Set: 0.8ms
[2024-09-09T06:51:47.847+0800][info] GC(125)   Post Evacuate Collection Set: 0.1ms
[2024-09-09T06:51:47.847+0800][info] GC(125)   Other: 0.1ms
[2024-09-09T06:51:47.847+0800][info] GC(125) Eden regions: 1->0(1)
[2024-09-09T06:51:47.847+0800][info] GC(125) Survivor regions: 1->1(1)
[2024-09-09T06:51:47.847+0800][info] GC(125) Old regions: 8->9
[2024-09-09T06:51:47.847+0800][info] GC(125) Archive regions: 2->2
[2024-09-09T06:51:47.847+0800][info] GC(125) Humongous regions: 0->0
[2024-09-09T06:51:47.847+0800][info] GC(125) Metaspace: 907K(1088K)->907K(1088K) NonClass: 852K(960K)->852K(960K) Class: 55K(128K)->55K(128K)
[2024-09-09T06:51:47.847+0800][info] GC(125) Pause Young (Prepare Mixed) (G1 Evacuation Pause) 37M->37M(128M) 1.172ms
[2024-09-09T06:51:47.847+0800][info] GC(125) User=0.00s Sys=0.00s Real=0.00s
[2024-09-09T06:51:48.346+0800][info] GC(126) Pause Young (Mixed) (G1 Evacuation Pause)
[2024-09-09T06:51:48.346+0800][info] GC(126) Using 3 workers of 48 for evacuation
[2024-09-09T06:51:48.347+0800][info] GC(126)   Pre Evacuate Collection Set: 0.0ms
[2024-09-09T06:51:48.347+0800][info] GC(126)   Merge Heap Roots: 0.0ms
[2024-09-09T06:51:48.347+0800][info] GC(126)   Evacuate Collection Set: 0.7ms
[2024-09-09T06:51:48.347+0800][info] GC(126)   Post Evacuate Collection Set: 0.1ms
[2024-09-09T06:51:48.347+0800][info] GC(126)   Other: 0.1ms
[2024-09-09T06:51:48.347+0800][info] GC(126) Eden regions: 1->0(1)
[2024-09-09T06:51:48.347+0800][info] GC(126) Survivor regions: 1->1(1)
[2024-09-09T06:51:48.347+0800][info] GC(126) Old regions: 9->8
[2024-09-09T06:51:48.347+0800][info] GC(126) Archive regions: 2->2
[2024-09-09T06:51:48.347+0800][info] GC(126) Humongous regions: 0->0
[2024-09-09T06:51:48.347+0800][info] GC(126) Metaspace: 907K(1088K)->907K(1088K) NonClass: 852K(960K)->852K(960K) Class: 55K(128K)->55K(128K)
[2024-09-09T06:51:48.347+0800][info] GC(126) Pause Young (Mixed) (G1 Evacuation Pause) 41M->33M(128M) 1.061ms
[2024-09-09T06:51:48.347+0800][info] GC(126) User=0.01s Sys=0.00s Real=0.00s
[2024-09-09T06:51:48.841+0800][info] GC(127) Pause Young (Concurrent Start) (G1 Evacuation Pause)
[2024-09-09T06:51:48.841+0800][info] GC(127) Using 3 workers of 48 for evacuation
[2024-09-09T06:51:48.843+0800][info] GC(127)   Pre Evacuate Collection Set: 0.0ms
[2024-09-09T06:51:48.843+0800][info] GC(127)   Merge Heap Roots: 0.0ms
[2024-09-09T06:51:48.843+0800][info] GC(127)   Evacuate Collection Set: 0.8ms
[2024-09-09T06:51:48.843+0800][info] GC(127)   Post Evacuate Collection Set: 0.1ms
[2024-09-09T06:51:48.843+0800][info] GC(127)   Other: 0.2ms
[2024-09-09T06:51:48.843+0800][info] GC(127) Eden regions: 1->0(1)
[2024-09-09T06:51:48.843+0800][info] GC(127) Survivor regions: 1->1(1)
[2024-09-09T06:51:48.843+0800][info] GC(127) Old regions: 8->9
[2024-09-09T06:51:48.843+0800][info] GC(127) Archive regions: 2->2
[2024-09-09T06:51:48.843+0800][info] GC(127) Humongous regions: 0->0
[2024-09-09T06:51:48.843+0800][info] GC(127) Metaspace: 907K(1088K)->907K(1088K) NonClass: 852K(960K)->852K(960K) Class: 55K(128K)->55K(128K)
[2024-09-09T06:51:48.843+0800][info] GC(127) Pause Young (Concurrent Start) (G1 Evacuation Pause) 37M->37M(128M) 1.247ms
[2024-09-09T06:51:48.843+0800][info] GC(127) User=0.00s Sys=0.00s Real=0.00s
[2024-09-09T06:51:48.843+0800][info] GC(128) Concurrent Mark Cycle
[2024-09-09T06:51:48.843+0800][info] GC(128) Concurrent Clear Claimed Marks
[2024-09-09T06:51:48.843+0800][info] GC(128) Concurrent Clear Claimed Marks 0.018ms
[2024-09-09T06:51:48.843+0800][info] GC(128) Concurrent Scan Root Regions
[2024-09-09T06:51:48.843+0800][info] GC(128) Concurrent Scan Root Regions 0.163ms
[2024-09-09T06:51:48.843+0800][info] GC(128) Concurrent Mark
[2024-09-09T06:51:48.843+0800][info] GC(128) Concurrent Mark From Roots
[2024-09-09T06:51:48.843+0800][info] GC(128) Using 12 workers of 12 for marking
[2024-09-09T06:51:48.845+0800][info] GC(128) Concurrent Mark From Roots 2.405ms
[2024-09-09T06:51:48.845+0800][info] GC(128) Concurrent Preclean
[2024-09-09T06:51:48.847+0800][info] GC(128) Concurrent Preclean 1.662ms
[2024-09-09T06:51:48.847+0800][info] GC(128) Pause Remark
[2024-09-09T06:51:48.848+0800][info] GC(128) Pause Remark 37M->33M(128M) 0.885ms
[2024-09-09T06:51:48.848+0800][info] GC(128) User=0.00s Sys=0.00s Real=0.00s
[2024-09-09T06:51:48.848+0800][info] GC(128) Concurrent Mark 5.063ms
[2024-09-09T06:51:48.848+0800][info] GC(128) Concurrent Rebuild Remembered Sets
[2024-09-09T06:51:48.850+0800][info] GC(128) Concurrent Rebuild Remembered Sets 1.800ms
[2024-09-09T06:51:48.850+0800][info] GC(128) Pause Cleanup
[2024-09-09T06:51:48.850+0800][info] GC(128) Pause Cleanup 33M->33M(128M) 0.100ms
[2024-09-09T06:51:48.850+0800][info] GC(128) User=0.00s Sys=0.00s Real=0.00s
[2024-09-09T06:51:48.850+0800][info] GC(128) Concurrent Cleanup for Next Mark
[2024-09-09T06:51:48.850+0800][info] GC(128) Concurrent Cleanup for Next Mark 0.319ms
[2024-09-09T06:51:48.850+0800][info] GC(128) Concurrent Mark Cycle 7.691ms
[2024-09-09T06:51:49.488+0800][info] GC(129) Pause Young (Prepare Mixed) (G1 Evacuation Pause)
[2024-09-09T06:51:49.488+0800][info] GC(129) Using 3 workers of 48 for evacuation
[2024-09-09T06:51:49.489+0800][info] GC(129)   Pre Evacuate Collection Set: 0.0ms
[2024-09-09T06:51:49.489+0800][info] GC(129)   Merge Heap Roots: 0.0ms
[2024-09-09T06:51:49.489+0800][info] GC(129)   Evacuate Collection Set: 0.7ms
[2024-09-09T06:51:49.489+0800][info] GC(129)   Post Evacuate Collection Set: 0.1ms
[2024-09-09T06:51:49.489+0800][info] GC(129)   Other: 0.1ms
[2024-09-09T06:51:49.489+0800][info] GC(129) Eden regions: 1->0(1)
[2024-09-09T06:51:49.489+0800][info] GC(129) Survivor regions: 1->1(1)
[2024-09-09T06:51:49.489+0800][info] GC(129) Old regions: 8->9
[2024-09-09T06:51:49.489+0800][info] GC(129) Archive regions: 2->2
[2024-09-09T06:51:49.489+0800][info] GC(129) Humongous regions: 0->0
[2024-09-09T06:51:49.489+0800][info] GC(129) Metaspace: 907K(1088K)->907K(1088K) NonClass: 852K(960K)->852K(960K) Class: 55K(128K)->55K(128K)
[2024-09-09T06:51:49.489+0800][info] GC(129) Pause Young (Prepare Mixed) (G1 Evacuation Pause) 37M->37M(128M) 1.040ms
[2024-09-09T06:51:49.489+0800][info] GC(129) User=0.00s Sys=0.00s Real=0.00s
[2024-09-09T06:51:49.988+0800][info] GC(130) Pause Young (Mixed) (G1 Evacuation Pause)
[2024-09-09T06:51:49.988+0800][info] GC(130) Using 3 workers of 48 for evacuation
[2024-09-09T06:51:49.989+0800][info] GC(130)   Pre Evacuate Collection Set: 0.0ms
[2024-09-09T06:51:49.989+0800][info] GC(130)   Merge Heap Roots: 0.0ms
[2024-09-09T06:51:49.989+0800][info] GC(130)   Evacuate Collection Set: 0.8ms
[2024-09-09T06:51:49.989+0800][info] GC(130)   Post Evacuate Collection Set: 0.1ms
[2024-09-09T06:51:49.989+0800][info] GC(130)   Other: 0.1ms
[2024-09-09T06:51:49.989+0800][info] GC(130) Eden regions: 1->0(2)
[2024-09-09T06:51:49.989+0800][info] GC(130) Survivor regions: 1->1(1)
[2024-09-09T06:51:49.990+0800][info] GC(130) Old regions: 9->8
[2024-09-09T06:51:49.990+0800][info] GC(130) Archive regions: 2->2
[2024-09-09T06:51:49.990+0800][info] GC(130) Humongous regions: 0->0
[2024-09-09T06:51:49.990+0800][info] GC(130) Metaspace: 907K(1088K)->907K(1088K) NonClass: 852K(960K)->852K(960K) Class: 55K(128K)->55K(128K)
[2024-09-09T06:51:49.990+0800][info] GC(130) Pause Young (Mixed) (G1 Evacuation Pause) 41M->32M(128M) 1.100ms
[2024-09-09T06:51:49.990+0800][info] GC(130) User=0.01s Sys=0.00s Real=0.00s
[2024-09-09T06:51:50.991+0800][info] GC(131) Pause Young (Concurrent Start) (G1 Evacuation Pause)
[2024-09-09T06:51:50.992+0800][info] GC(131) Using 3 workers of 48 for evacuation
[2024-09-09T06:51:50.993+0800][info] GC(131)   Pre Evacuate Collection Set: 0.0ms
[2024-09-09T06:51:50.993+0800][info] GC(131)   Merge Heap Roots: 0.0ms
[2024-09-09T06:51:50.993+0800][info] GC(131)   Evacuate Collection Set: 1.2ms
[2024-09-09T06:51:50.993+0800][info] GC(131)   Post Evacuate Collection Set: 0.1ms
[2024-09-09T06:51:50.993+0800][info] GC(131)   Other: 0.2ms
[2024-09-09T06:51:50.993+0800][info] GC(131) Eden regions: 2->0(3)
[2024-09-09T06:51:50.993+0800][info] GC(131) Survivor regions: 1->1(1)
[2024-09-09T06:51:50.993+0800][info] GC(131) Old regions: 8->9
[2024-09-09T06:51:50.993+0800][info] GC(131) Archive regions: 2->2
[2024-09-09T06:51:50.993+0800][info] GC(131) Humongous regions: 0->0
[2024-09-09T06:51:50.993+0800][info] GC(131) Metaspace: 907K(1088K)->907K(1088K) NonClass: 852K(960K)->852K(960K) Class: 55K(128K)->55K(128K)
[2024-09-09T06:51:50.993+0800][info] GC(131) Pause Young (Concurrent Start) (G1 Evacuation Pause) 40M->40M(128M) 1.674ms
[2024-09-09T06:51:50.993+0800][info] GC(131) User=0.01s Sys=0.00s Real=0.00s
[2024-09-09T06:51:50.993+0800][info] GC(132) Concurrent Mark Cycle
[2024-09-09T06:51:50.993+0800][info] GC(132) Concurrent Clear Claimed Marks
[2024-09-09T06:51:50.993+0800][info] GC(132) Concurrent Clear Claimed Marks 0.027ms
[2024-09-09T06:51:50.993+0800][info] GC(132) Concurrent Scan Root Regions
[2024-09-09T06:51:50.993+0800][info] GC(132) Concurrent Scan Root Regions 0.100ms
[2024-09-09T06:51:50.993+0800][info] GC(132) Concurrent Mark
[2024-09-09T06:51:50.993+0800][info] GC(132) Concurrent Mark From Roots
[2024-09-09T06:51:50.993+0800][info] GC(132) Using 12 workers of 12 for marking
[2024-09-09T06:51:50.996+0800][info] GC(132) Concurrent Mark From Roots 2.175ms
[2024-09-09T06:51:50.996+0800][info] GC(132) Concurrent Preclean
[2024-09-09T06:51:50.997+0800][info] GC(132) Concurrent Preclean 1.689ms
[2024-09-09T06:51:50.997+0800][info] GC(132) Pause Remark
[2024-09-09T06:51:50.998+0800][info] GC(132) Pause Remark 41M->33M(128M) 0.882ms
[2024-09-09T06:51:50.998+0800][info] GC(132) User=0.01s Sys=0.00s Real=0.00s
[2024-09-09T06:51:50.998+0800][info] GC(132) Concurrent Mark 4.856ms
[2024-09-09T06:51:50.998+0800][info] GC(132) Concurrent Rebuild Remembered Sets
[2024-09-09T06:51:51.000+0800][info] GC(132) Concurrent Rebuild Remembered Sets 1.548ms
[2024-09-09T06:51:51.000+0800][info] GC(132) Pause Cleanup
[2024-09-09T06:51:51.000+0800][info] GC(132) Pause Cleanup 33M->33M(128M) 0.090ms
[2024-09-09T06:51:51.000+0800][info] GC(132) User=0.00s Sys=0.01s Real=0.00s
[2024-09-09T06:51:51.000+0800][info] GC(132) Concurrent Cleanup for Next Mark
[2024-09-09T06:51:51.000+0800][info] GC(132) Concurrent Cleanup for Next Mark 0.289ms
[2024-09-09T06:51:51.000+0800][info] GC(132) Concurrent Mark Cycle 7.155ms
[2024-09-09T06:51:52.648+0800][info] GC(133) Pause Young (Prepare Mixed) (G1 Evacuation Pause)
[2024-09-09T06:51:52.648+0800][info] GC(133) Using 3 workers of 48 for evacuation
[2024-09-09T06:51:52.650+0800][info] GC(133)   Pre Evacuate Collection Set: 0.0ms
[2024-09-09T06:51:52.650+0800][info] GC(133)   Merge Heap Roots: 0.0ms
[2024-09-09T06:51:52.650+0800][info] GC(133)   Evacuate Collection Set: 1.6ms
[2024-09-09T06:51:52.650+0800][info] GC(133)   Post Evacuate Collection Set: 0.1ms
[2024-09-09T06:51:52.650+0800][info] GC(133)   Other: 0.1ms
[2024-09-09T06:51:52.650+0800][info] GC(133) Eden regions: 3->0(1)
[2024-09-09T06:51:52.650+0800][info] GC(133) Survivor regions: 1->1(1)
[2024-09-09T06:51:52.650+0800][info] GC(133) Old regions: 7->10
[2024-09-09T06:51:52.650+0800][info] GC(133) Archive regions: 2->2
[2024-09-09T06:51:52.650+0800][info] GC(133) Humongous regions: 0->0
[2024-09-09T06:51:52.650+0800][info] GC(133) Metaspace: 907K(1088K)->907K(1088K) NonClass: 852K(960K)->852K(960K) Class: 55K(128K)->55K(128K)
[2024-09-09T06:51:52.650+0800][info] GC(133) Pause Young (Prepare Mixed) (G1 Evacuation Pause) 44M->44M(128M) 1.928ms
[2024-09-09T06:51:52.650+0800][info] GC(133) User=0.00s Sys=0.00s Real=0.00s
[2024-09-09T06:51:53.153+0800][info] GC(134) Pause Young (Mixed) (G1 Evacuation Pause)
[2024-09-09T06:51:53.153+0800][info] GC(134) Using 3 workers of 48 for evacuation
[2024-09-09T06:51:53.154+0800][info] GC(134)   Pre Evacuate Collection Set: 0.0ms
[2024-09-09T06:51:53.154+0800][info] GC(134)   Merge Heap Roots: 0.0ms
[2024-09-09T06:51:53.154+0800][info] GC(134)   Evacuate Collection Set: 1.2ms
[2024-09-09T06:51:53.154+0800][info] GC(134)   Post Evacuate Collection Set: 0.1ms
[2024-09-09T06:51:53.154+0800][info] GC(134)   Other: 0.1ms
[2024-09-09T06:51:53.154+0800][info] GC(134) Eden regions: 1->0(5)
[2024-09-09T06:51:53.154+0800][info] GC(134) Survivor regions: 1->1(1)
[2024-09-09T06:51:53.154+0800][info] GC(134) Old regions: 10->9
[2024-09-09T06:51:53.154+0800][info] GC(134) Archive regions: 2->2
[2024-09-09T06:51:53.154+0800][info] GC(134) Humongous regions: 0->0
[2024-09-09T06:51:53.154+0800][info] GC(134) Metaspace: 907K(1088K)->907K(1088K) NonClass: 852K(960K)->852K(960K) Class: 55K(128K)->55K(128K)
[2024-09-09T06:51:53.154+0800][info] GC(134) Pause Young (Mixed) (G1 Evacuation Pause) 48M->40M(128M) 1.579ms
[2024-09-09T06:51:53.154+0800][info] GC(134) User=0.00s Sys=0.01s Real=0.00s
[2024-09-09T06:51:55.651+0800][info] GC(135) Pause Young (Concurrent Start) (G1 Evacuation Pause)
[2024-09-09T06:51:55.651+0800][info] GC(135) Using 3 workers of 48 for evacuation
[2024-09-09T06:51:55.654+0800][info] GC(135)   Pre Evacuate Collection Set: 0.0ms
[2024-09-09T06:51:55.654+0800][info] GC(135)   Merge Heap Roots: 0.0ms
[2024-09-09T06:51:55.654+0800][info] GC(135)   Evacuate Collection Set: 2.9ms
[2024-09-09T06:51:55.654+0800][info] GC(135)   Post Evacuate Collection Set: 0.1ms
[2024-09-09T06:51:55.654+0800][info] GC(135)   Other: 0.2ms
[2024-09-09T06:51:55.654+0800][info] GC(135) Eden regions: 5->0(4)
[2024-09-09T06:51:55.654+0800][info] GC(135) Survivor regions: 1->1(1)
[2024-09-09T06:51:55.654+0800][info] GC(135) Old regions: 9->14
[2024-09-09T06:51:55.654+0800][info] GC(135) Archive regions: 2->2
[2024-09-09T06:51:55.654+0800][info] GC(135) Humongous regions: 0->0
[2024-09-09T06:51:55.654+0800][info] GC(135) Metaspace: 907K(1088K)->907K(1088K) NonClass: 852K(960K)->852K(960K) Class: 55K(128K)->55K(128K)
[2024-09-09T06:51:55.654+0800][info] GC(135) Pause Young (Concurrent Start) (G1 Evacuation Pause) 60M->60M(128M) 3.389ms
[2024-09-09T06:51:55.654+0800][info] GC(135) User=0.01s Sys=0.00s Real=0.00s
[2024-09-09T06:51:55.654+0800][info] GC(136) Concurrent Mark Cycle
[2024-09-09T06:51:55.654+0800][info] GC(136) Concurrent Clear Claimed Marks
[2024-09-09T06:51:55.654+0800][info] GC(136) Concurrent Clear Claimed Marks 0.023ms
[2024-09-09T06:51:55.654+0800][info] GC(136) Concurrent Scan Root Regions
[2024-09-09T06:51:55.654+0800][info] GC(136) Concurrent Scan Root Regions 0.085ms
[2024-09-09T06:51:55.654+0800][info] GC(136) Concurrent Mark
[2024-09-09T06:51:55.654+0800][info] GC(136) Concurrent Mark From Roots
[2024-09-09T06:51:55.654+0800][info] GC(136) Using 12 workers of 12 for marking
[2024-09-09T06:51:55.656+0800][info] GC(136) Concurrent Mark From Roots 1.968ms
[2024-09-09T06:51:55.656+0800][info] GC(136) Concurrent Preclean
[2024-09-09T06:51:55.658+0800][info] GC(136) Concurrent Preclean 1.689ms
[2024-09-09T06:51:55.658+0800][info] GC(136) Pause Remark
[2024-09-09T06:51:55.659+0800][info] GC(136) Pause Remark 60M->40M(128M) 0.895ms
[2024-09-09T06:51:55.659+0800][info] GC(136) User=0.00s Sys=0.00s Real=0.00s
[2024-09-09T06:51:55.659+0800][info] GC(136) Concurrent Mark 4.679ms
[2024-09-09T06:51:55.659+0800][info] GC(136) Concurrent Rebuild Remembered Sets
[2024-09-09T06:51:55.661+0800][info] GC(136) Concurrent Rebuild Remembered Sets 1.984ms
[2024-09-09T06:51:55.661+0800][info] GC(136) Pause Cleanup
[2024-09-09T06:51:55.661+0800][info] GC(136) Pause Cleanup 40M->40M(128M) 0.108ms
[2024-09-09T06:51:55.661+0800][info] GC(136) User=0.00s Sys=0.00s Real=0.00s
[2024-09-09T06:51:55.661+0800][info] GC(136) Concurrent Cleanup for Next Mark
[2024-09-09T06:51:55.661+0800][info] GC(136) Concurrent Cleanup for Next Mark 0.318ms
[2024-09-09T06:51:55.661+0800][info] GC(136) Concurrent Mark Cycle 7.437ms
[2024-09-09T06:51:57.131+0800][info] GC(137) Pause Young (Prepare Mixed) (G1 Preventive Collection)
[2024-09-09T06:51:57.131+0800][info] GC(137) Using 3 workers of 48 for evacuation
[2024-09-09T06:51:57.133+0800][info] GC(137)   Pre Evacuate Collection Set: 0.0ms
[2024-09-09T06:51:57.133+0800][info] GC(137)   Merge Heap Roots: 0.1ms
[2024-09-09T06:51:57.133+0800][info] GC(137)   Evacuate Collection Set: 2.1ms
[2024-09-09T06:51:57.134+0800][info] GC(137)   Post Evacuate Collection Set: 0.1ms
[2024-09-09T06:51:57.134+0800][info] GC(137)   Other: 0.1ms
[2024-09-09T06:51:57.134+0800][info] GC(137) Eden regions: 3->0(1)
[2024-09-09T06:51:57.134+0800][info] GC(137) Survivor regions: 1->1(1)
[2024-09-09T06:51:57.134+0800][info] GC(137) Old regions: 9->12
[2024-09-09T06:51:57.134+0800][info] GC(137) Archive regions: 2->2
[2024-09-09T06:51:57.134+0800][info] GC(137) Humongous regions: 8->8
[2024-09-09T06:51:57.134+0800][info] GC(137) Metaspace: 907K(1088K)->907K(1088K) NonClass: 852K(960K)->852K(960K) Class: 55K(128K)->55K(128K)
[2024-09-09T06:51:57.134+0800][info] GC(137) Pause Young (Prepare Mixed) (G1 Preventive Collection) 82M->82M(128M) 2.538ms
[2024-09-09T06:51:57.134+0800][info] GC(137) User=0.00s Sys=0.00s Real=0.00s
[2024-09-09T06:51:57.156+0800][info] GC(138) Pause Young (Mixed) (G1 Preventive Collection)
[2024-09-09T06:51:57.156+0800][info] GC(138) Using 3 workers of 48 for evacuation
[2024-09-09T06:51:57.157+0800][info] GC(138)   Pre Evacuate Collection Set: 0.0ms
[2024-09-09T06:51:57.157+0800][info] GC(138)   Merge Heap Roots: 0.0ms
[2024-09-09T06:51:57.157+0800][info] GC(138)   Evacuate Collection Set: 0.7ms
[2024-09-09T06:51:57.157+0800][info] GC(138)   Post Evacuate Collection Set: 0.1ms
[2024-09-09T06:51:57.157+0800][info] GC(138)   Other: 0.1ms
[2024-09-09T06:51:57.157+0800][info] GC(138) Eden regions: 1->0(1)
[2024-09-09T06:51:57.157+0800][info] GC(138) Survivor regions: 1->1(1)
[2024-09-09T06:51:57.157+0800][info] GC(138) Old regions: 12->10
[2024-09-09T06:51:57.157+0800][info] GC(138) Archive regions: 2->2
[2024-09-09T06:51:57.157+0800][info] GC(138) Humongous regions: 12->12
[2024-09-09T06:51:57.157+0800][info] GC(138) Metaspace: 907K(1088K)->907K(1088K) NonClass: 852K(960K)->852K(960K) Class: 55K(128K)->55K(128K)
[2024-09-09T06:51:57.157+0800][info] GC(138) Pause Young (Mixed) (G1 Preventive Collection) 98M->86M(128M) 1.043ms
[2024-09-09T06:51:57.157+0800][info] GC(138) User=0.00s Sys=0.00s Real=0.01s
[2024-09-09T06:51:57.157+0800][info] Attempting full compaction
[2024-09-09T06:51:57.157+0800][info] GC(139) Using 1 workers of 48 for full compaction
[2024-09-09T06:51:57.157+0800][info] GC(139) Pause Full (G1 Compaction Pause)
[2024-09-09T06:51:57.157+0800][info] GC(139) Phase 1: Mark live objects
[2024-09-09T06:51:57.163+0800][info] GC(139) Phase 1: Mark live objects 5.854ms
[2024-09-09T06:51:57.163+0800][info] GC(139) Phase 2: Prepare for compaction
[2024-09-09T06:51:57.164+0800][info] GC(139) Phase 2: Prepare for compaction 0.857ms
[2024-09-09T06:51:57.164+0800][info] GC(139) Phase 3: Adjust pointers
[2024-09-09T06:51:57.166+0800][info] GC(139) Phase 3: Adjust pointers 2.858ms
[2024-09-09T06:51:57.167+0800][info] GC(139) Phase 4: Compact heap
[2024-09-09T06:51:57.167+0800][info] GC(139) Phase 4: Compact heap 0.746ms
[2024-09-09T06:51:57.168+0800][info] GC(139) Eden regions: 0->0(4)
[2024-09-09T06:51:57.168+0800][info] GC(139) Survivor regions: 1->0(1)
[2024-09-09T06:51:57.168+0800][info] GC(139) Old regions: 10->1
[2024-09-09T06:51:57.168+0800][info] GC(139) Archive regions: 2->2
[2024-09-09T06:51:57.168+0800][info] GC(139) Humongous regions: 12->12
[2024-09-09T06:51:57.168+0800][info] GC(139) Metaspace: 907K(1088K)->902K(1088K) NonClass: 852K(960K)->848K(960K) Class: 55K(128K)->53K(128K)
[2024-09-09T06:51:57.168+0800][info] GC(139) Pause Full (G1 Compaction Pause) 86M->52M(128M) 11.071ms
[2024-09-09T06:51:57.168+0800][info] GC(139) User=0.01s Sys=0.00s Real=0.01s
[2024-09-09T06:51:57.190+0800][info] GC(140) Pause Young (Concurrent Start) (G1 Humongous Allocation)
[2024-09-09T06:51:57.190+0800][info] GC(140) Using 3 workers of 48 for evacuation
[2024-09-09T06:51:57.191+0800][info] GC(140)   Pre Evacuate Collection Set: 0.0ms
[2024-09-09T06:51:57.191+0800][info] GC(140)   Merge Heap Roots: 0.0ms
[2024-09-09T06:51:57.191+0800][info] GC(140)   Evacuate Collection Set: 0.2ms
[2024-09-09T06:51:57.191+0800][info] GC(140)   Post Evacuate Collection Set: 0.1ms
[2024-09-09T06:51:57.191+0800][info] GC(140)   Other: 0.1ms
[2024-09-09T06:51:57.191+0800][info] GC(140) Eden regions: 1->0(1)
[2024-09-09T06:51:57.191+0800][info] GC(140) Survivor regions: 0->1(1)
[2024-09-09T06:51:57.191+0800][info] GC(140) Old regions: 1->1
[2024-09-09T06:51:57.191+0800][info] GC(140) Archive regions: 2->2
[2024-09-09T06:51:57.191+0800][info] GC(140) Humongous regions: 16->16
[2024-09-09T06:51:57.191+0800][info] GC(140) Metaspace: 902K(1088K)->902K(1088K) NonClass: 848K(960K)->848K(960K) Class: 53K(128K)->53K(128K)
[2024-09-09T06:51:57.191+0800][info] GC(140) Pause Young (Concurrent Start) (G1 Humongous Allocation) 69M->68M(128M) 0.580ms
[2024-09-09T06:51:57.191+0800][info] GC(140) User=0.00s Sys=0.00s Real=0.00s
[2024-09-09T06:51:57.191+0800][info] GC(141) Concurrent Mark Cycle
[2024-09-09T06:51:57.191+0800][info] GC(141) Concurrent Clear Claimed Marks
[2024-09-09T06:51:57.191+0800][info] GC(141) Concurrent Clear Claimed Marks 0.029ms
[2024-09-09T06:51:57.191+0800][info] GC(141) Concurrent Scan Root Regions
[2024-09-09T06:51:57.191+0800][info] GC(141) Concurrent Scan Root Regions 0.071ms
[2024-09-09T06:51:57.191+0800][info] GC(141) Concurrent Mark
[2024-09-09T06:51:57.191+0800][info] GC(141) Concurrent Mark From Roots
[2024-09-09T06:51:57.191+0800][info] GC(141) Using 12 workers of 12 for marking
[2024-09-09T06:51:57.193+0800][info] GC(141) Concurrent Mark From Roots 2.281ms
[2024-09-09T06:51:57.194+0800][info] GC(141) Concurrent Preclean
[2024-09-09T06:51:57.195+0800][info] GC(141) Concurrent Preclean 1.675ms
[2024-09-09T06:51:57.195+0800][info] GC(141) Pause Remark
[2024-09-09T06:51:57.196+0800][info] GC(141) Pause Remark 85M->69M(128M) 1.166ms
[2024-09-09T06:51:57.196+0800][info] GC(141) User=0.00s Sys=0.00s Real=0.00s
[2024-09-09T06:51:57.196+0800][info] GC(141) Concurrent Mark 5.240ms
[2024-09-09T06:51:57.196+0800][info] GC(141) Concurrent Rebuild Remembered Sets
[2024-09-09T06:51:57.201+0800][info] GC(141) Concurrent Rebuild Remembered Sets 4.547ms
[2024-09-09T06:51:57.201+0800][info] GC(141) Pause Cleanup
[2024-09-09T06:51:57.201+0800][info] GC(141) Pause Cleanup 69M->69M(128M) 0.165ms
[2024-09-09T06:51:57.201+0800][info] GC(141) User=0.00s Sys=0.00s Real=0.00s
[2024-09-09T06:51:57.201+0800][info] GC(141) Concurrent Cleanup for Next Mark
[2024-09-09T06:51:57.202+0800][info] GC(141) Concurrent Cleanup for Next Mark 0.280ms
[2024-09-09T06:51:57.202+0800][info] GC(141) Concurrent Mark Cycle 10.593ms
[2024-09-09T06:51:57.764+0800][info] GC(142) Pause Young (Concurrent Start) (G1 Humongous Allocation)
[2024-09-09T06:51:57.764+0800][info] GC(142) Using 3 workers of 48 for evacuation
[2024-09-09T06:51:57.764+0800][info] GC(142)   Pre Evacuate Collection Set: 0.1ms
[2024-09-09T06:51:57.764+0800][info] GC(142)   Merge Heap Roots: 0.0ms
[2024-09-09T06:51:57.764+0800][info] GC(142)   Evacuate Collection Set: 0.2ms
[2024-09-09T06:51:57.764+0800][info] GC(142)   Post Evacuate Collection Set: 0.1ms
[2024-09-09T06:51:57.764+0800][info] GC(142)   Other: 0.2ms
[2024-09-09T06:51:57.764+0800][info] GC(142) Eden regions: 1->0(1)
[2024-09-09T06:51:57.764+0800][info] GC(142) Survivor regions: 1->1(1)
[2024-09-09T06:51:57.764+0800][info] GC(142) Old regions: 1->1
[2024-09-09T06:51:57.764+0800][info] GC(142) Archive regions: 2->2
[2024-09-09T06:51:57.764+0800][info] GC(142) Humongous regions: 16->12
[2024-09-09T06:51:57.764+0800][info] GC(142) Metaspace: 902K(1088K)->902K(1088K) NonClass: 848K(960K)->848K(960K) Class: 53K(128K)->53K(128K)
[2024-09-09T06:51:57.764+0800][info] GC(142) Pause Young (Concurrent Start) (G1 Humongous Allocation) 69M->52M(128M) 0.658ms
[2024-09-09T06:51:57.764+0800][info] GC(142) User=0.00s Sys=0.00s Real=0.00s
[2024-09-09T06:51:57.765+0800][info] GC(143) Concurrent Mark Cycle
[2024-09-09T06:51:57.765+0800][info] GC(143) Concurrent Clear Claimed Marks
[2024-09-09T06:51:57.765+0800][info] GC(143) Concurrent Clear Claimed Marks 0.031ms
[2024-09-09T06:51:57.765+0800][info] GC(143) Concurrent Scan Root Regions
[2024-09-09T06:51:57.765+0800][info] GC(143) Concurrent Scan Root Regions 0.076ms
[2024-09-09T06:51:57.765+0800][info] GC(143) Concurrent Mark
[2024-09-09T06:51:57.765+0800][info] GC(143) Concurrent Mark From Roots
[2024-09-09T06:51:57.765+0800][info] GC(143) Using 12 workers of 12 for marking
[2024-09-09T06:51:57.767+0800][info] GC(143) Concurrent Mark From Roots 2.207ms
[2024-09-09T06:51:57.767+0800][info] GC(143) Concurrent Preclean
[2024-09-09T06:51:57.769+0800][info] GC(143) Concurrent Preclean 1.685ms
[2024-09-09T06:51:57.769+0800][info] GC(143) Pause Remark
[2024-09-09T06:51:57.770+0800][info] GC(143) Pause Remark 69M->53M(128M) 0.766ms
[2024-09-09T06:51:57.770+0800][info] GC(143) User=0.00s Sys=0.00s Real=0.00s
[2024-09-09T06:51:57.770+0800][info] GC(143) Concurrent Mark 4.875ms
[2024-09-09T06:51:57.770+0800][info] GC(143) Concurrent Rebuild Remembered Sets
[2024-09-09T06:51:57.770+0800][info] GC(143) Concurrent Rebuild Remembered Sets 0.012ms
[2024-09-09T06:51:57.770+0800][info] GC(143) Pause Cleanup
[2024-09-09T06:51:57.770+0800][info] GC(143) Pause Cleanup 53M->53M(128M) 0.009ms
[2024-09-09T06:51:57.770+0800][info] GC(143) User=0.00s Sys=0.00s Real=0.00s
[2024-09-09T06:51:57.770+0800][info] GC(143) Concurrent Cleanup for Next Mark
[2024-09-09T06:51:57.770+0800][info] GC(143) Concurrent Cleanup for Next Mark 0.231ms
[2024-09-09T06:51:57.770+0800][info] GC(143) Concurrent Mark Cycle 5.450ms
[2024-09-09T06:51:58.337+0800][info] GC(144) Pause Young (Concurrent Start) (G1 Humongous Allocation)
[2024-09-09T06:51:58.337+0800][info] GC(144) Using 3 workers of 48 for evacuation
[2024-09-09T06:51:58.338+0800][info] GC(144)   Pre Evacuate Collection Set: 0.0ms
[2024-09-09T06:51:58.338+0800][info] GC(144)   Merge Heap Roots: 0.0ms
[2024-09-09T06:51:58.338+0800][info] GC(144)   Evacuate Collection Set: 0.2ms
[2024-09-09T06:51:58.338+0800][info] GC(144)   Post Evacuate Collection Set: 0.1ms
[2024-09-09T06:51:58.338+0800][info] GC(144)   Other: 0.2ms
[2024-09-09T06:51:58.338+0800][info] GC(144) Eden regions: 1->0(1)
[2024-09-09T06:51:58.338+0800][info] GC(144) Survivor regions: 1->1(1)
[2024-09-09T06:51:58.338+0800][info] GC(144) Old regions: 1->1
[2024-09-09T06:51:58.338+0800][info] GC(144) Archive regions: 2->2
[2024-09-09T06:51:58.338+0800][info] GC(144) Humongous regions: 12->8
[2024-09-09T06:51:58.338+0800][info] GC(144) Metaspace: 902K(1088K)->902K(1088K) NonClass: 848K(960K)->848K(960K) Class: 53K(128K)->53K(128K)
[2024-09-09T06:51:58.338+0800][info] GC(144) Pause Young (Concurrent Start) (G1 Humongous Allocation) 53M->36M(128M) 0.630ms
[2024-09-09T06:51:58.338+0800][info] GC(144) User=0.01s Sys=0.00s Real=0.00s
[2024-09-09T06:51:58.338+0800][info] GC(145) Concurrent Mark Cycle
[2024-09-09T06:51:58.338+0800][info] GC(145) Concurrent Clear Claimed Marks
[2024-09-09T06:51:58.338+0800][info] GC(145) Concurrent Clear Claimed Marks 0.027ms
[2024-09-09T06:51:58.338+0800][info] GC(145) Concurrent Scan Root Regions
[2024-09-09T06:51:58.338+0800][info] GC(145) Concurrent Scan Root Regions 0.076ms
[2024-09-09T06:51:58.338+0800][info] GC(145) Concurrent Mark
[2024-09-09T06:51:58.338+0800][info] GC(145) Concurrent Mark From Roots
[2024-09-09T06:51:58.338+0800][info] GC(145) Using 12 workers of 12 for marking
[2024-09-09T06:51:58.340+0800][info] GC(145) Concurrent Mark From Roots 2.177ms
[2024-09-09T06:51:58.341+0800][info] GC(145) Concurrent Preclean
[2024-09-09T06:51:58.342+0800][info] GC(145) Concurrent Preclean 1.787ms
[2024-09-09T06:51:58.342+0800][info] GC(145) Pause Remark
[2024-09-09T06:51:58.343+0800][info] GC(145) Pause Remark 53M->37M(128M) 1.052ms
[2024-09-09T06:51:58.343+0800][info] GC(145) User=0.00s Sys=0.00s Real=0.00s
[2024-09-09T06:51:58.343+0800][info] GC(145) Concurrent Mark 5.189ms
[2024-09-09T06:51:58.343+0800][info] GC(145) Concurrent Rebuild Remembered Sets
[2024-09-09T06:51:58.343+0800][info] GC(145) Concurrent Rebuild Remembered Sets 0.012ms
[2024-09-09T06:51:58.343+0800][info] GC(145) Pause Cleanup
[2024-09-09T06:51:58.343+0800][info] GC(145) Pause Cleanup 37M->37M(128M) 0.009ms
[2024-09-09T06:51:58.344+0800][info] GC(145) User=0.00s Sys=0.00s Real=0.00s
[2024-09-09T06:51:58.344+0800][info] GC(145) Concurrent Cleanup for Next Mark
[2024-09-09T06:51:58.344+0800][info] GC(145) Concurrent Cleanup for Next Mark 0.192ms
[2024-09-09T06:51:58.344+0800][info] GC(145) Concurrent Mark Cycle 5.725ms
[2024-09-09T06:51:58.911+0800][info] GC(146) Pause Young (Concurrent Start) (G1 Humongous Allocation)
[2024-09-09T06:51:58.911+0800][info] GC(146) Using 3 workers of 48 for evacuation
[2024-09-09T06:51:58.911+0800][info] GC(146)   Pre Evacuate Collection Set: 0.0ms
[2024-09-09T06:51:58.911+0800][info] GC(146)   Merge Heap Roots: 0.0ms
[2024-09-09T06:51:58.912+0800][info] GC(146)   Evacuate Collection Set: 0.2ms
[2024-09-09T06:51:58.912+0800][info] GC(146)   Post Evacuate Collection Set: 0.1ms
[2024-09-09T06:51:58.912+0800][info] GC(146)   Other: 0.2ms
[2024-09-09T06:51:58.912+0800][info] GC(146) Eden regions: 1->0(1)
[2024-09-09T06:51:58.912+0800][info] GC(146) Survivor regions: 1->1(1)
[2024-09-09T06:51:58.912+0800][info] GC(146) Old regions: 1->1
[2024-09-09T06:51:58.912+0800][info] GC(146) Archive regions: 2->2
[2024-09-09T06:51:58.912+0800][info] GC(146) Humongous regions: 8->0
[2024-09-09T06:51:58.912+0800][info] GC(146) Metaspace: 902K(1088K)->902K(1088K) NonClass: 848K(960K)->848K(960K) Class: 53K(128K)->53K(128K)
[2024-09-09T06:51:58.912+0800][info] GC(146) Pause Young (Concurrent Start) (G1 Humongous Allocation) 37M->4M(128M) 0.653ms
[2024-09-09T06:51:58.912+0800][info] GC(146) User=0.00s Sys=0.00s Real=0.00s
[2024-09-09T06:51:58.912+0800][info] GC(147) Concurrent Undo Cycle
[2024-09-09T06:51:58.912+0800][info] GC(147) Concurrent Cleanup for Next Mark
[2024-09-09T06:51:58.912+0800][info] GC(147) Concurrent Cleanup for Next Mark 0.260ms
[2024-09-09T06:51:58.912+0800][info] GC(147) Concurrent Undo Cycle 0.362ms
[2024-09-09T06:51:58.934+0800][info] GC(148) Pause Young (Concurrent Start) (G1 Humongous Allocation)
[2024-09-09T06:51:58.934+0800][info] GC(148) Using 3 workers of 48 for evacuation
[2024-09-09T06:51:58.934+0800][info] GC(148)   Pre Evacuate Collection Set: 0.0ms
[2024-09-09T06:51:58.934+0800][info] GC(148)   Merge Heap Roots: 0.0ms
[2024-09-09T06:51:58.934+0800][info] GC(148)   Evacuate Collection Set: 0.1ms
[2024-09-09T06:51:58.934+0800][info] GC(148)   Post Evacuate Collection Set: 0.1ms
[2024-09-09T06:51:58.934+0800][info] GC(148)   Other: 0.1ms
[2024-09-09T06:51:58.934+0800][info] GC(148) Eden regions: 1->0(1)
[2024-09-09T06:51:58.934+0800][info] GC(148) Survivor regions: 1->1(1)
[2024-09-09T06:51:58.934+0800][info] GC(148) Old regions: 1->1
[2024-09-09T06:51:58.934+0800][info] GC(148) Archive regions: 2->2
[2024-09-09T06:51:58.934+0800][info] GC(148) Humongous regions: 4->4
[2024-09-09T06:51:58.934+0800][info] GC(148) Metaspace: 902K(1088K)->902K(1088K) NonClass: 848K(960K)->848K(960K) Class: 53K(128K)->53K(128K)
[2024-09-09T06:51:58.934+0800][info] GC(148) Pause Young (Concurrent Start) (G1 Humongous Allocation) 21M->20M(128M) 0.473ms
[2024-09-09T06:51:58.934+0800][info] GC(148) User=0.00s Sys=0.00s Real=0.00s
[2024-09-09T06:51:58.934+0800][info] GC(149) Concurrent Mark Cycle
[2024-09-09T06:51:58.935+0800][info] GC(149) Concurrent Clear Claimed Marks
[2024-09-09T06:51:58.935+0800][info] GC(149) Concurrent Clear Claimed Marks 0.031ms
[2024-09-09T06:51:58.935+0800][info] GC(149) Concurrent Scan Root Regions
[2024-09-09T06:51:58.935+0800][info] GC(149) Concurrent Scan Root Regions 0.074ms
[2024-09-09T06:51:58.935+0800][info] GC(149) Concurrent Mark
[2024-09-09T06:51:58.935+0800][info] GC(149) Concurrent Mark From Roots
[2024-09-09T06:51:58.935+0800][info] GC(149) Using 12 workers of 12 for marking
[2024-09-09T06:51:58.937+0800][info] GC(149) Concurrent Mark From Roots 2.219ms
[2024-09-09T06:51:58.937+0800][info] GC(149) Concurrent Preclean
[2024-09-09T06:51:58.939+0800][info] GC(149) Concurrent Preclean 1.661ms
[2024-09-09T06:51:58.939+0800][info] GC(149) Pause Remark
[2024-09-09T06:51:58.939+0800][info] GC(149) Pause Remark 37M->37M(128M) 0.867ms
[2024-09-09T06:51:58.940+0800][info] GC(149) User=0.00s Sys=0.00s Real=0.00s
[2024-09-09T06:51:58.940+0800][info] GC(149) Concurrent Mark 4.865ms
[2024-09-09T06:51:58.940+0800][info] GC(149) Concurrent Rebuild Remembered Sets
[2024-09-09T06:51:58.940+0800][info] GC(149) Concurrent Rebuild Remembered Sets 0.012ms
[2024-09-09T06:51:58.940+0800][info] GC(149) Pause Cleanup
[2024-09-09T06:51:58.940+0800][info] GC(149) Pause Cleanup 37M->37M(128M) 0.009ms
[2024-09-09T06:51:58.940+0800][info] GC(149) User=0.00s Sys=0.00s Real=0.00s
[2024-09-09T06:51:58.940+0800][info] GC(149) Concurrent Cleanup for Next Mark
[2024-09-09T06:51:58.940+0800][info] GC(149) Concurrent Cleanup for Next Mark 0.230ms
[2024-09-09T06:51:58.940+0800][info] GC(149) Concurrent Mark Cycle 5.458ms
[2024-09-09T06:52:00.010+0800][info] GC(150) Pause Young (Normal) (G1 Evacuation Pause)
[2024-09-09T06:52:00.010+0800][info] GC(150) Using 3 workers of 48 for evacuation
[2024-09-09T06:52:00.010+0800][info] GC(150)   Pre Evacuate Collection Set: 0.0ms
[2024-09-09T06:52:00.010+0800][info] GC(150)   Merge Heap Roots: 0.0ms
[2024-09-09T06:52:00.010+0800][info] GC(150)   Evacuate Collection Set: 0.4ms
[2024-09-09T06:52:00.010+0800][info] GC(150)   Post Evacuate Collection Set: 0.1ms
[2024-09-09T06:52:00.010+0800][info] GC(150)   Other: 0.1ms
[2024-09-09T06:52:00.011+0800][info] GC(150) Eden regions: 1->0(1)
[2024-09-09T06:52:00.011+0800][info] GC(150) Survivor regions: 1->1(1)
[2024-09-09T06:52:00.011+0800][info] GC(150) Old regions: 1->1
[2024-09-09T06:52:00.011+0800][info] GC(150) Archive regions: 2->2
[2024-09-09T06:52:00.011+0800][info] GC(150) Humongous regions: 8->4
[2024-09-09T06:52:00.011+0800][info] GC(150) Metaspace: 902K(1088K)->902K(1088K) NonClass: 848K(960K)->848K(960K) Class: 53K(128K)->53K(128K)
[2024-09-09T06:52:00.011+0800][info] GC(150) Pause Young (Normal) (G1 Evacuation Pause) 40M->24M(128M) 0.744ms
[2024-09-09T06:52:00.011+0800][info] GC(150) User=0.00s Sys=0.00s Real=0.00s
[2024-09-09T06:52:00.509+0800][info] GC(151) Pause Young (Concurrent Start) (G1 Evacuation Pause)
[2024-09-09T06:52:00.509+0800][info] GC(151) Using 3 workers of 48 for evacuation
[2024-09-09T06:52:00.510+0800][info] GC(151)   Pre Evacuate Collection Set: 0.0ms
[2024-09-09T06:52:00.510+0800][info] GC(151)   Merge Heap Roots: 0.0ms
[2024-09-09T06:52:00.510+0800][info] GC(151)   Evacuate Collection Set: 0.8ms
[2024-09-09T06:52:00.510+0800][info] GC(151)   Post Evacuate Collection Set: 0.1ms
[2024-09-09T06:52:00.510+0800][info] GC(151)   Other: 0.2ms
[2024-09-09T06:52:00.510+0800][info] GC(151) Eden regions: 1->0(1)
[2024-09-09T06:52:00.510+0800][info] GC(151) Survivor regions: 1->1(1)
[2024-09-09T06:52:00.510+0800][info] GC(151) Old regions: 1->2
[2024-09-09T06:52:00.510+0800][info] GC(151) Archive regions: 2->2
[2024-09-09T06:52:00.510+0800][info] GC(151) Humongous regions: 4->4
[2024-09-09T06:52:00.510+0800][info] GC(151) Metaspace: 902K(1088K)->902K(1088K) NonClass: 848K(960K)->848K(960K) Class: 53K(128K)->53K(128K)
[2024-09-09T06:52:00.510+0800][info] GC(151) Pause Young (Concurrent Start) (G1 Evacuation Pause) 28M->28M(128M) 1.214ms
[2024-09-09T06:52:00.510+0800][info] GC(151) User=0.00s Sys=0.01s Real=0.00s
[2024-09-09T06:52:00.510+0800][info] GC(152) Concurrent Mark Cycle
[2024-09-09T06:52:00.510+0800][info] GC(152) Concurrent Clear Claimed Marks
[2024-09-09T06:52:00.510+0800][info] GC(152) Concurrent Clear Claimed Marks 0.018ms
[2024-09-09T06:52:00.510+0800][info] GC(152) Concurrent Scan Root Regions
[2024-09-09T06:52:00.510+0800][info] GC(152) Concurrent Scan Root Regions 0.073ms
[2024-09-09T06:52:00.510+0800][info] GC(152) Concurrent Mark
[2024-09-09T06:52:00.510+0800][info] GC(152) Concurrent Mark From Roots
[2024-09-09T06:52:00.510+0800][info] GC(152) Using 12 workers of 12 for marking
[2024-09-09T06:52:00.513+0800][info] GC(152) Concurrent Mark From Roots 2.105ms
[2024-09-09T06:52:00.513+0800][info] GC(152) Concurrent Preclean
[2024-09-09T06:52:00.514+0800][info] GC(152) Concurrent Preclean 1.716ms
[2024-09-09T06:52:00.514+0800][info] GC(152) Pause Remark
[2024-09-09T06:52:00.515+0800][info] GC(152) Pause Remark 28M->28M(128M) 0.831ms
[2024-09-09T06:52:00.515+0800][info] GC(152) User=0.00s Sys=0.00s Real=0.00s
[2024-09-09T06:52:00.515+0800][info] GC(152) Concurrent Mark 4.758ms
[2024-09-09T06:52:00.515+0800][info] GC(152) Concurrent Rebuild Remembered Sets
[2024-09-09T06:52:00.515+0800][info] GC(152) Concurrent Rebuild Remembered Sets 0.013ms
[2024-09-09T06:52:00.515+0800][info] GC(152) Pause Cleanup
[2024-09-09T06:52:00.515+0800][info] GC(152) Pause Cleanup 28M->28M(128M) 0.009ms
[2024-09-09T06:52:00.515+0800][info] GC(152) User=0.00s Sys=0.00s Real=0.00s
[2024-09-09T06:52:00.515+0800][info] GC(152) Concurrent Cleanup for Next Mark
[2024-09-09T06:52:00.515+0800][info] GC(152) Concurrent Cleanup for Next Mark 0.188ms
[2024-09-09T06:52:00.515+0800][info] GC(152) Concurrent Mark Cycle 5.232ms
[2024-09-09T06:52:01.152+0800][info] GC(153) Pause Young (Normal) (G1 Evacuation Pause)
[2024-09-09T06:52:01.152+0800][info] GC(153) Using 3 workers of 48 for evacuation
[2024-09-09T06:52:01.153+0800][info] GC(153)   Pre Evacuate Collection Set: 0.0ms
[2024-09-09T06:52:01.153+0800][info] GC(153)   Merge Heap Roots: 0.0ms
[2024-09-09T06:52:01.153+0800][info] GC(153)   Evacuate Collection Set: 0.8ms
[2024-09-09T06:52:01.153+0800][info] GC(153)   Post Evacuate Collection Set: 0.1ms
[2024-09-09T06:52:01.153+0800][info] GC(153)   Other: 0.1ms
[2024-09-09T06:52:01.153+0800][info] GC(153) Eden regions: 1->0(1)
[2024-09-09T06:52:01.153+0800][info] GC(153) Survivor regions: 1->1(1)
[2024-09-09T06:52:01.153+0800][info] GC(153) Old regions: 2->3
[2024-09-09T06:52:01.153+0800][info] GC(153) Archive regions: 2->2
[2024-09-09T06:52:01.153+0800][info] GC(153) Humongous regions: 4->4
[2024-09-09T06:52:01.153+0800][info] GC(153) Metaspace: 902K(1088K)->902K(1088K) NonClass: 848K(960K)->848K(960K) Class: 53K(128K)->53K(128K)
[2024-09-09T06:52:01.153+0800][info] GC(153) Pause Young (Normal) (G1 Evacuation Pause) 32M->32M(128M) 1.147ms
[2024-09-09T06:52:01.153+0800][info] GC(153) User=0.00s Sys=0.00s Real=0.00s
[2024-09-09T06:52:01.645+0800][info] GC(154) Pause Young (Concurrent Start) (G1 Evacuation Pause)
[2024-09-09T06:52:01.645+0800][info] GC(154) Using 3 workers of 48 for evacuation
[2024-09-09T06:52:01.646+0800][info] GC(154)   Pre Evacuate Collection Set: 0.0ms
[2024-09-09T06:52:01.646+0800][info] GC(154)   Merge Heap Roots: 0.0ms
[2024-09-09T06:52:01.646+0800][info] GC(154)   Evacuate Collection Set: 0.8ms
[2024-09-09T06:52:01.646+0800][info] GC(154)   Post Evacuate Collection Set: 0.1ms
[2024-09-09T06:52:01.646+0800][info] GC(154)   Other: 0.2ms
[2024-09-09T06:52:01.646+0800][info] GC(154) Eden regions: 1->0(1)
[2024-09-09T06:52:01.646+0800][info] GC(154) Survivor regions: 1->1(1)
[2024-09-09T06:52:01.646+0800][info] GC(154) Old regions: 3->4
[2024-09-09T06:52:01.646+0800][info] GC(154) Archive regions: 2->2
[2024-09-09T06:52:01.646+0800][info] GC(154) Humongous regions: 4->4
[2024-09-09T06:52:01.646+0800][info] GC(154) Metaspace: 902K(1088K)->902K(1088K) NonClass: 848K(960K)->848K(960K) Class: 53K(128K)->53K(128K)
[2024-09-09T06:52:01.646+0800][info] GC(154) Pause Young (Concurrent Start) (G1 Evacuation Pause) 36M->36M(128M) 1.241ms
[2024-09-09T06:52:01.646+0800][info] GC(154) User=0.00s Sys=0.00s Real=0.01s
[2024-09-09T06:52:01.646+0800][info] GC(155) Concurrent Mark Cycle
[2024-09-09T06:52:01.646+0800][info] GC(155) Concurrent Clear Claimed Marks
[2024-09-09T06:52:01.646+0800][info] GC(155) Concurrent Clear Claimed Marks 0.017ms
[2024-09-09T06:52:01.646+0800][info] GC(155) Concurrent Scan Root Regions
[2024-09-09T06:52:01.646+0800][info] GC(155) Concurrent Scan Root Regions 0.081ms
[2024-09-09T06:52:01.646+0800][info] GC(155) Concurrent Mark
[2024-09-09T06:52:01.646+0800][info] GC(155) Concurrent Mark From Roots
[2024-09-09T06:52:01.646+0800][info] GC(155) Using 12 workers of 12 for marking
[2024-09-09T06:52:01.648+0800][info] GC(155) Concurrent Mark From Roots 2.091ms
[2024-09-09T06:52:01.648+0800][info] GC(155) Concurrent Preclean
[2024-09-09T06:52:01.650+0800][info] GC(155) Concurrent Preclean 1.711ms
[2024-09-09T06:52:01.650+0800][info] GC(155) Pause Remark
[2024-09-09T06:52:01.651+0800][info] GC(155) Pause Remark 36M->20M(128M) 0.937ms
[2024-09-09T06:52:01.651+0800][info] GC(155) User=0.00s Sys=0.00s Real=0.00s
[2024-09-09T06:52:01.651+0800][info] GC(155) Concurrent Mark 4.847ms
[2024-09-09T06:52:01.651+0800][info] GC(155) Concurrent Rebuild Remembered Sets
[2024-09-09T06:52:01.651+0800][info] GC(155) Concurrent Rebuild Remembered Sets 0.018ms
[2024-09-09T06:52:01.651+0800][info] GC(155) Pause Cleanup
[2024-09-09T06:52:01.651+0800][info] GC(155) Pause Cleanup 20M->20M(128M) 0.009ms
[2024-09-09T06:52:01.651+0800][info] GC(155) User=0.00s Sys=0.00s Real=0.00s
[2024-09-09T06:52:01.651+0800][info] GC(155) Concurrent Cleanup for Next Mark
[2024-09-09T06:52:01.651+0800][info] GC(155) Concurrent Cleanup for Next Mark 0.248ms
[2024-09-09T06:52:01.651+0800][info] GC(155) Concurrent Mark Cycle 5.406ms
[2024-09-09T06:52:02.293+0800][info] GC(156) Pause Young (Normal) (G1 Evacuation Pause)
[2024-09-09T06:52:02.293+0800][info] GC(156) Using 3 workers of 48 for evacuation
[2024-09-09T06:52:02.294+0800][info] GC(156)   Pre Evacuate Collection Set: 0.0ms
[2024-09-09T06:52:02.294+0800][info] GC(156)   Merge Heap Roots: 0.0ms
[2024-09-09T06:52:02.294+0800][info] GC(156)   Evacuate Collection Set: 0.7ms
[2024-09-09T06:52:02.294+0800][info] GC(156)   Post Evacuate Collection Set: 0.1ms
[2024-09-09T06:52:02.294+0800][info] GC(156)   Other: 0.1ms
[2024-09-09T06:52:02.294+0800][info] GC(156) Eden regions: 1->0(1)
[2024-09-09T06:52:02.294+0800][info] GC(156) Survivor regions: 1->1(1)
[2024-09-09T06:52:02.294+0800][info] GC(156) Old regions: 4->5
[2024-09-09T06:52:02.294+0800][info] GC(156) Archive regions: 2->2
[2024-09-09T06:52:02.294+0800][info] GC(156) Humongous regions: 0->0
[2024-09-09T06:52:02.294+0800][info] GC(156) Metaspace: 902K(1088K)->902K(1088K) NonClass: 848K(960K)->848K(960K) Class: 53K(128K)->53K(128K)
[2024-09-09T06:52:02.294+0800][info] GC(156) Pause Young (Normal) (G1 Evacuation Pause) 24M->24M(128M) 1.049ms
[2024-09-09T06:52:02.294+0800][info] GC(156) User=0.00s Sys=0.00s Real=0.00s
[2024-09-09T06:52:02.791+0800][info] GC(157) Pause Young (Concurrent Start) (G1 Evacuation Pause)
[2024-09-09T06:52:02.791+0800][info] GC(157) Using 3 workers of 48 for evacuation
[2024-09-09T06:52:02.792+0800][info] GC(157)   Pre Evacuate Collection Set: 0.0ms
[2024-09-09T06:52:02.792+0800][info] GC(157)   Merge Heap Roots: 0.0ms
[2024-09-09T06:52:02.792+0800][info] GC(157)   Evacuate Collection Set: 0.8ms
[2024-09-09T06:52:02.792+0800][info] GC(157)   Post Evacuate Collection Set: 0.1ms
[2024-09-09T06:52:02.792+0800][info] GC(157)   Other: 0.2ms
[2024-09-09T06:52:02.792+0800][info] GC(157) Eden regions: 1->0(1)
[2024-09-09T06:52:02.792+0800][info] GC(157) Survivor regions: 1->1(1)
[2024-09-09T06:52:02.792+0800][info] GC(157) Old regions: 5->6
[2024-09-09T06:52:02.792+0800][info] GC(157) Archive regions: 2->2
[2024-09-09T06:52:02.792+0800][info] GC(157) Humongous regions: 0->0
[2024-09-09T06:52:02.792+0800][info] GC(157) Metaspace: 902K(1088K)->902K(1088K) NonClass: 848K(960K)->848K(960K) Class: 53K(128K)->53K(128K)
[2024-09-09T06:52:02.792+0800][info] GC(157) Pause Young (Concurrent Start) (G1 Evacuation Pause) 28M->28M(128M) 1.258ms
[2024-09-09T06:52:02.792+0800][info] GC(157) User=0.00s Sys=0.00s Real=0.00s
[2024-09-09T06:52:02.792+0800][info] GC(158) Concurrent Mark Cycle
[2024-09-09T06:52:02.792+0800][info] GC(158) Concurrent Clear Claimed Marks
[2024-09-09T06:52:02.792+0800][info] GC(158) Concurrent Clear Claimed Marks 0.018ms
[2024-09-09T06:52:02.792+0800][info] GC(158) Concurrent Scan Root Regions
[2024-09-09T06:52:02.792+0800][info] GC(158) Concurrent Scan Root Regions 0.082ms
[2024-09-09T06:52:02.792+0800][info] GC(158) Concurrent Mark
[2024-09-09T06:52:02.792+0800][info] GC(158) Concurrent Mark From Roots
[2024-09-09T06:52:02.792+0800][info] GC(158) Using 12 workers of 12 for marking
[2024-09-09T06:52:02.795+0800][info] GC(158) Concurrent Mark From Roots 2.565ms
[2024-09-09T06:52:02.795+0800][info] GC(158) Concurrent Preclean
[2024-09-09T06:52:02.796+0800][info] GC(158) Concurrent Preclean 1.684ms
[2024-09-09T06:52:02.796+0800][info] GC(158) Pause Remark
[2024-09-09T06:52:02.797+0800][info] GC(158) Pause Remark 28M->28M(128M) 1.079ms
[2024-09-09T06:52:02.797+0800][info] GC(158) User=0.01s Sys=0.00s Real=0.01s
[2024-09-09T06:52:02.797+0800][info] GC(158) Concurrent Mark 5.436ms
[2024-09-09T06:52:02.797+0800][info] GC(158) Concurrent Rebuild Remembered Sets
[2024-09-09T06:52:02.799+0800][info] GC(158) Concurrent Rebuild Remembered Sets 1.406ms
[2024-09-09T06:52:02.799+0800][info] GC(158) Pause Cleanup
[2024-09-09T06:52:02.799+0800][info] GC(158) Pause Cleanup 28M->28M(128M) 0.081ms
[2024-09-09T06:52:02.799+0800][info] GC(158) User=0.00s Sys=0.00s Real=0.00s
[2024-09-09T06:52:02.799+0800][info] GC(158) Concurrent Cleanup for Next Mark
[2024-09-09T06:52:02.799+0800][info] GC(158) Concurrent Cleanup for Next Mark 0.207ms
[2024-09-09T06:52:02.799+0800][info] GC(158) Concurrent Mark Cycle 7.431ms
[2024-09-09T06:52:03.437+0800][info] GC(159) Pause Young (Prepare Mixed) (G1 Evacuation Pause)
[2024-09-09T06:52:03.437+0800][info] GC(159) Using 3 workers of 48 for evacuation
[2024-09-09T06:52:03.438+0800][info] GC(159)   Pre Evacuate Collection Set: 0.0ms
[2024-09-09T06:52:03.438+0800][info] GC(159)   Merge Heap Roots: 0.0ms
[2024-09-09T06:52:03.438+0800][info] GC(159)   Evacuate Collection Set: 0.8ms
[2024-09-09T06:52:03.438+0800][info] GC(159)   Post Evacuate Collection Set: 0.1ms
[2024-09-09T06:52:03.438+0800][info] GC(159)   Other: 0.1ms
[2024-09-09T06:52:03.438+0800][info] GC(159) Eden regions: 1->0(1)
[2024-09-09T06:52:03.438+0800][info] GC(159) Survivor regions: 1->1(1)
[2024-09-09T06:52:03.438+0800][info] GC(159) Old regions: 6->7
[2024-09-09T06:52:03.438+0800][info] GC(159) Archive regions: 2->2
[2024-09-09T06:52:03.438+0800][info] GC(159) Humongous regions: 0->0
[2024-09-09T06:52:03.438+0800][info] GC(159) Metaspace: 902K(1088K)->902K(1088K) NonClass: 848K(960K)->848K(960K) Class: 53K(128K)->53K(128K)
[2024-09-09T06:52:03.438+0800][info] GC(159) Pause Young (Prepare Mixed) (G1 Evacuation Pause) 32M->32M(128M) 1.150ms
[2024-09-09T06:52:03.438+0800][info] GC(159) User=0.01s Sys=0.00s Real=0.00s
[2024-09-09T06:52:03.936+0800][info] GC(160) Pause Young (Mixed) (G1 Evacuation Pause)
[2024-09-09T06:52:03.936+0800][info] GC(160) Using 3 workers of 48 for evacuation
[2024-09-09T06:52:03.937+0800][info] GC(160)   Pre Evacuate Collection Set: 0.0ms
[2024-09-09T06:52:03.937+0800][info] GC(160)   Merge Heap Roots: 0.0ms
[2024-09-09T06:52:03.937+0800][info] GC(160)   Evacuate Collection Set: 0.7ms
[2024-09-09T06:52:03.937+0800][info] GC(160)   Post Evacuate Collection Set: 0.1ms
[2024-09-09T06:52:03.937+0800][info] GC(160)   Other: 0.1ms
[2024-09-09T06:52:03.937+0800][info] GC(160) Eden regions: 1->0(1)
[2024-09-09T06:52:03.937+0800][info] GC(160) Survivor regions: 1->1(1)
[2024-09-09T06:52:03.937+0800][info] GC(160) Old regions: 7->7
[2024-09-09T06:52:03.937+0800][info] GC(160) Archive regions: 2->2
[2024-09-09T06:52:03.937+0800][info] GC(160) Humongous regions: 0->0
[2024-09-09T06:52:03.937+0800][info] GC(160) Metaspace: 902K(1088K)->902K(1088K) NonClass: 848K(960K)->848K(960K) Class: 53K(128K)->53K(128K)
[2024-09-09T06:52:03.937+0800][info] GC(160) Pause Young (Mixed) (G1 Evacuation Pause) 36M->32M(128M) 1.059ms
[2024-09-09T06:52:03.937+0800][info] GC(160) User=0.00s Sys=0.00s Real=0.01s
[2024-09-09T06:52:04.434+0800][info] GC(161) Pause Young (Concurrent Start) (G1 Evacuation Pause)
[2024-09-09T06:52:04.434+0800][info] GC(161) Using 3 workers of 48 for evacuation
[2024-09-09T06:52:04.435+0800][info] GC(161)   Pre Evacuate Collection Set: 0.0ms
[2024-09-09T06:52:04.435+0800][info] GC(161)   Merge Heap Roots: 0.0ms
[2024-09-09T06:52:04.435+0800][info] GC(161)   Evacuate Collection Set: 0.8ms
[2024-09-09T06:52:04.435+0800][info] GC(161)   Post Evacuate Collection Set: 0.1ms
[2024-09-09T06:52:04.435+0800][info] GC(161)   Other: 0.2ms
[2024-09-09T06:52:04.435+0800][info] GC(161) Eden regions: 1->0(1)
[2024-09-09T06:52:04.435+0800][info] GC(161) Survivor regions: 1->1(1)
[2024-09-09T06:52:04.435+0800][info] GC(161) Old regions: 7->8
[2024-09-09T06:52:04.435+0800][info] GC(161) Archive regions: 2->2
[2024-09-09T06:52:04.435+0800][info] GC(161) Humongous regions: 0->0
[2024-09-09T06:52:04.435+0800][info] GC(161) Metaspace: 902K(1088K)->902K(1088K) NonClass: 848K(960K)->848K(960K) Class: 53K(128K)->53K(128K)
[2024-09-09T06:52:04.435+0800][info] GC(161) Pause Young (Concurrent Start) (G1 Evacuation Pause) 36M->36M(128M) 1.183ms
[2024-09-09T06:52:04.435+0800][info] GC(161) User=0.01s Sys=0.00s Real=0.00s
[2024-09-09T06:52:04.435+0800][info] GC(162) Concurrent Mark Cycle
[2024-09-09T06:52:04.435+0800][info] GC(162) Concurrent Clear Claimed Marks
[2024-09-09T06:52:04.435+0800][info] GC(162) Concurrent Clear Claimed Marks 0.010ms
[2024-09-09T06:52:04.435+0800][info] GC(162) Concurrent Scan Root Regions
[2024-09-09T06:52:04.435+0800][info] GC(162) Concurrent Scan Root Regions 0.110ms
[2024-09-09T06:52:04.435+0800][info] GC(162) Concurrent Mark
[2024-09-09T06:52:04.435+0800][info] GC(162) Concurrent Mark From Roots
[2024-09-09T06:52:04.435+0800][info] GC(162) Using 12 workers of 12 for marking
[2024-09-09T06:52:04.437+0800][info] GC(162) Concurrent Mark From Roots 2.134ms
[2024-09-09T06:52:04.437+0800][info] GC(162) Concurrent Preclean
[2024-09-09T06:52:04.438+0800][info] GC(162) Concurrent Preclean 0.677ms
[2024-09-09T06:52:04.438+0800][info] GC(162) Pause Remark
[2024-09-09T06:52:04.439+0800][info] GC(162) Pause Remark 36M->32M(128M) 0.803ms
[2024-09-09T06:52:04.439+0800][info] GC(162) User=0.00s Sys=0.00s Real=0.00s
[2024-09-09T06:52:04.439+0800][info] GC(162) Concurrent Mark 3.690ms
[2024-09-09T06:52:04.439+0800][info] GC(162) Concurrent Rebuild Remembered Sets
[2024-09-09T06:52:04.441+0800][info] GC(162) Concurrent Rebuild Remembered Sets 1.785ms
[2024-09-09T06:52:04.441+0800][info] GC(162) Pause Cleanup
[2024-09-09T06:52:04.441+0800][info] GC(162) Pause Cleanup 32M->32M(128M) 0.087ms
[2024-09-09T06:52:04.441+0800][info] GC(162) User=0.00s Sys=0.00s Real=0.00s
[2024-09-09T06:52:04.441+0800][info] GC(162) Concurrent Cleanup for Next Mark
[2024-09-09T06:52:04.441+0800][info] GC(162) Concurrent Cleanup for Next Mark 0.230ms
[2024-09-09T06:52:04.441+0800][info] GC(162) Concurrent Mark Cycle 6.044ms
[2024-09-09T06:52:05.077+0800][info] GC(163) Pause Young (Prepare Mixed) (G1 Evacuation Pause)
[2024-09-09T06:52:05.077+0800][info] GC(163) Using 3 workers of 48 for evacuation
[2024-09-09T06:52:05.078+0800][info] GC(163)   Pre Evacuate Collection Set: 0.0ms
[2024-09-09T06:52:05.078+0800][info] GC(163)   Merge Heap Roots: 0.0ms
[2024-09-09T06:52:05.078+0800][info] GC(163)   Evacuate Collection Set: 0.8ms
[2024-09-09T06:52:05.078+0800][info] GC(163)   Post Evacuate Collection Set: 0.1ms
[2024-09-09T06:52:05.078+0800][info] GC(163)   Other: 0.1ms
[2024-09-09T06:52:05.078+0800][info] GC(163) Eden regions: 1->0(1)
[2024-09-09T06:52:05.078+0800][info] GC(163) Survivor regions: 1->1(1)
[2024-09-09T06:52:05.078+0800][info] GC(163) Old regions: 7->8
[2024-09-09T06:52:05.078+0800][info] GC(163) Archive regions: 2->2
[2024-09-09T06:52:05.078+0800][info] GC(163) Humongous regions: 0->0
[2024-09-09T06:52:05.078+0800][info] GC(163) Metaspace: 902K(1088K)->902K(1088K) NonClass: 848K(960K)->848K(960K) Class: 53K(128K)->53K(128K)
[2024-09-09T06:52:05.078+0800][info] GC(163) Pause Young (Prepare Mixed) (G1 Evacuation Pause) 36M->36M(128M) 1.190ms
[2024-09-09T06:52:05.078+0800][info] GC(163) User=0.01s Sys=0.00s Real=0.00s
[2024-09-09T06:52:05.575+0800][info] GC(164) Pause Young (Mixed) (G1 Evacuation Pause)
[2024-09-09T06:52:05.575+0800][info] GC(164) Using 3 workers of 48 for evacuation
[2024-09-09T06:52:05.576+0800][info] GC(164)   Pre Evacuate Collection Set: 0.0ms
[2024-09-09T06:52:05.576+0800][info] GC(164)   Merge Heap Roots: 0.0ms
[2024-09-09T06:52:05.576+0800][info] GC(164)   Evacuate Collection Set: 0.7ms
[2024-09-09T06:52:05.576+0800][info] GC(164)   Post Evacuate Collection Set: 0.1ms
[2024-09-09T06:52:05.576+0800][info] GC(164)   Other: 0.1ms
[2024-09-09T06:52:05.576+0800][info] GC(164) Eden regions: 1->0(1)
[2024-09-09T06:52:05.576+0800][info] GC(164) Survivor regions: 1->1(1)
[2024-09-09T06:52:05.576+0800][info] GC(164) Old regions: 8->7
[2024-09-09T06:52:05.576+0800][info] GC(164) Archive regions: 2->2
[2024-09-09T06:52:05.576+0800][info] GC(164) Humongous regions: 0->0
[2024-09-09T06:52:05.576+0800][info] GC(164) Metaspace: 902K(1088K)->902K(1088K) NonClass: 848K(960K)->848K(960K) Class: 53K(128K)->53K(128K)
[2024-09-09T06:52:05.576+0800][info] GC(164) Pause Young (Mixed) (G1 Evacuation Pause) 40M->32M(128M) 0.971ms
[2024-09-09T06:52:05.576+0800][info] GC(164) User=0.00s Sys=0.00s Real=0.00s
[2024-09-09T06:52:06.074+0800][info] GC(165) Pause Young (Concurrent Start) (G1 Evacuation Pause)
[2024-09-09T06:52:06.074+0800][info] GC(165) Using 3 workers of 48 for evacuation
[2024-09-09T06:52:06.075+0800][info] GC(165)   Pre Evacuate Collection Set: 0.0ms
[2024-09-09T06:52:06.075+0800][info] GC(165)   Merge Heap Roots: 0.0ms
[2024-09-09T06:52:06.075+0800][info] GC(165)   Evacuate Collection Set: 0.7ms
[2024-09-09T06:52:06.075+0800][info] GC(165)   Post Evacuate Collection Set: 0.1ms
[2024-09-09T06:52:06.075+0800][info] GC(165)   Other: 0.2ms
[2024-09-09T06:52:06.075+0800][info] GC(165) Eden regions: 1->0(1)
[2024-09-09T06:52:06.075+0800][info] GC(165) Survivor regions: 1->1(1)
[2024-09-09T06:52:06.075+0800][info] GC(165) Old regions: 7->8
[2024-09-09T06:52:06.075+0800][info] GC(165) Archive regions: 2->2
[2024-09-09T06:52:06.075+0800][info] GC(165) Humongous regions: 0->0
[2024-09-09T06:52:06.075+0800][info] GC(165) Metaspace: 902K(1088K)->902K(1088K) NonClass: 848K(960K)->848K(960K) Class: 53K(128K)->53K(128K)
[2024-09-09T06:52:06.075+0800][info] GC(165) Pause Young (Concurrent Start) (G1 Evacuation Pause) 36M->36M(128M) 1.078ms
[2024-09-09T06:52:06.075+0800][info] GC(165) User=0.00s Sys=0.00s Real=0.00s
[2024-09-09T06:52:06.075+0800][info] GC(166) Concurrent Mark Cycle
[2024-09-09T06:52:06.075+0800][info] GC(166) Concurrent Clear Claimed Marks
[2024-09-09T06:52:06.075+0800][info] GC(166) Concurrent Clear Claimed Marks 0.009ms
[2024-09-09T06:52:06.075+0800][info] GC(166) Concurrent Scan Root Regions
[2024-09-09T06:52:06.075+0800][info] GC(166) Concurrent Scan Root Regions 0.090ms
[2024-09-09T06:52:06.075+0800][info] GC(166) Concurrent Mark
[2024-09-09T06:52:06.075+0800][info] GC(166) Concurrent Mark From Roots
[2024-09-09T06:52:06.075+0800][info] GC(166) Using 12 workers of 12 for marking
[2024-09-09T06:52:06.077+0800][info] GC(166) Concurrent Mark From Roots 2.135ms
[2024-09-09T06:52:06.077+0800][info] GC(166) Concurrent Preclean
[2024-09-09T06:52:06.078+0800][info] GC(166) Concurrent Preclean 1.077ms
[2024-09-09T06:52:06.078+0800][info] GC(166) Pause Remark
[2024-09-09T06:52:06.079+0800][info] GC(166) Pause Remark 36M->32M(128M) 0.812ms
[2024-09-09T06:52:06.079+0800][info] GC(166) User=0.00s Sys=0.00s Real=0.00s
[2024-09-09T06:52:06.079+0800][info] GC(166) Concurrent Mark 4.116ms
[2024-09-09T06:52:06.079+0800][info] GC(166) Concurrent Rebuild Remembered Sets
[2024-09-09T06:52:06.081+0800][info] GC(166) Concurrent Rebuild Remembered Sets 1.555ms
[2024-09-09T06:52:06.081+0800][info] GC(166) Pause Cleanup
[2024-09-09T06:52:06.081+0800][info] GC(166) Pause Cleanup 32M->32M(128M) 0.112ms
[2024-09-09T06:52:06.081+0800][info] GC(166) User=0.00s Sys=0.00s Real=0.00s
[2024-09-09T06:52:06.081+0800][info] GC(166) Concurrent Cleanup for Next Mark
[2024-09-09T06:52:06.081+0800][info] GC(166) Concurrent Cleanup for Next Mark 0.257ms
[2024-09-09T06:52:06.081+0800][info] GC(166) Concurrent Mark Cycle 6.269ms
[2024-09-09T06:52:06.718+0800][info] GC(167) Pause Young (Prepare Mixed) (G1 Evacuation Pause)
[2024-09-09T06:52:06.718+0800][info] GC(167) Using 3 workers of 48 for evacuation
[2024-09-09T06:52:06.719+0800][info] GC(167)   Pre Evacuate Collection Set: 0.0ms
[2024-09-09T06:52:06.719+0800][info] GC(167)   Merge Heap Roots: 0.0ms
[2024-09-09T06:52:06.719+0800][info] GC(167)   Evacuate Collection Set: 0.8ms
[2024-09-09T06:52:06.719+0800][info] GC(167)   Post Evacuate Collection Set: 0.1ms
[2024-09-09T06:52:06.719+0800][info] GC(167)   Other: 0.1ms
[2024-09-09T06:52:06.719+0800][info] GC(167) Eden regions: 1->0(1)
[2024-09-09T06:52:06.719+0800][info] GC(167) Survivor regions: 1->1(1)
[2024-09-09T06:52:06.719+0800][info] GC(167) Old regions: 7->8
[2024-09-09T06:52:06.720+0800][info] GC(167) Archive regions: 2->2
[2024-09-09T06:52:06.720+0800][info] GC(167) Humongous regions: 0->0
[2024-09-09T06:52:06.720+0800][info] GC(167) Metaspace: 902K(1088K)->902K(1088K) NonClass: 848K(960K)->848K(960K) Class: 53K(128K)->53K(128K)
[2024-09-09T06:52:06.720+0800][info] GC(167) Pause Young (Prepare Mixed) (G1 Evacuation Pause) 36M->36M(128M) 1.133ms
[2024-09-09T06:52:06.720+0800][info] GC(167) User=0.00s Sys=0.00s Real=0.00s
[2024-09-09T06:52:07.219+0800][info] GC(168) Pause Young (Mixed) (G1 Evacuation Pause)
[2024-09-09T06:52:07.219+0800][info] GC(168) Using 3 workers of 48 for evacuation
[2024-09-09T06:52:07.220+0800][info] GC(168)   Pre Evacuate Collection Set: 0.0ms
[2024-09-09T06:52:07.220+0800][info] GC(168)   Merge Heap Roots: 0.0ms
[2024-09-09T06:52:07.220+0800][info] GC(168)   Evacuate Collection Set: 0.8ms
[2024-09-09T06:52:07.220+0800][info] GC(168)   Post Evacuate Collection Set: 0.1ms
[2024-09-09T06:52:07.220+0800][info] GC(168)   Other: 0.1ms
[2024-09-09T06:52:07.220+0800][info] GC(168) Eden regions: 1->0(3)
[2024-09-09T06:52:07.220+0800][info] GC(168) Survivor regions: 1->1(1)
[2024-09-09T06:52:07.220+0800][info] GC(168) Old regions: 8->7
[2024-09-09T06:52:07.220+0800][info] GC(168) Archive regions: 2->2
[2024-09-09T06:52:07.220+0800][info] GC(168) Humongous regions: 0->0
[2024-09-09T06:52:07.220+0800][info] GC(168) Metaspace: 902K(1088K)->902K(1088K) NonClass: 848K(960K)->848K(960K) Class: 53K(128K)->53K(128K)
[2024-09-09T06:52:07.220+0800][info] GC(168) Pause Young (Mixed) (G1 Evacuation Pause) 40M->31M(128M) 1.058ms
[2024-09-09T06:52:07.220+0800][info] GC(168) User=0.00s Sys=0.00s Real=0.00s
[2024-09-09T06:52:08.715+0800][info] GC(169) Pause Young (Concurrent Start) (G1 Evacuation Pause)
[2024-09-09T06:52:08.715+0800][info] GC(169) Using 3 workers of 48 for evacuation
[2024-09-09T06:52:08.717+0800][info] GC(169)   Pre Evacuate Collection Set: 0.0ms
[2024-09-09T06:52:08.717+0800][info] GC(169)   Merge Heap Roots: 0.0ms
[2024-09-09T06:52:08.717+0800][info] GC(169)   Evacuate Collection Set: 1.6ms
[2024-09-09T06:52:08.717+0800][info] GC(169)   Post Evacuate Collection Set: 0.1ms
[2024-09-09T06:52:08.717+0800][info] GC(169)   Other: 0.2ms
[2024-09-09T06:52:08.717+0800][info] GC(169) Eden regions: 3->0(3)
[2024-09-09T06:52:08.717+0800][info] GC(169) Survivor regions: 1->1(1)
[2024-09-09T06:52:08.717+0800][info] GC(169) Old regions: 7->10
[2024-09-09T06:52:08.717+0800][info] GC(169) Archive regions: 2->2
[2024-09-09T06:52:08.717+0800][info] GC(169) Humongous regions: 0->0
[2024-09-09T06:52:08.717+0800][info] GC(169) Metaspace: 902K(1088K)->902K(1088K) NonClass: 848K(960K)->848K(960K) Class: 53K(128K)->53K(128K)
[2024-09-09T06:52:08.717+0800][info] GC(169) Pause Young (Concurrent Start) (G1 Evacuation Pause) 43M->43M(128M) 2.082ms
[2024-09-09T06:52:08.718+0800][info] GC(169) User=0.01s Sys=0.00s Real=0.01s
[2024-09-09T06:52:08.718+0800][info] GC(170) Concurrent Mark Cycle
[2024-09-09T06:52:08.718+0800][info] GC(170) Concurrent Clear Claimed Marks
[2024-09-09T06:52:08.718+0800][info] GC(170) Concurrent Clear Claimed Marks 0.019ms
[2024-09-09T06:52:08.718+0800][info] GC(170) Concurrent Scan Root Regions
[2024-09-09T06:52:08.718+0800][info] GC(170) Concurrent Scan Root Regions 0.092ms
[2024-09-09T06:52:08.718+0800][info] GC(170) Concurrent Mark
[2024-09-09T06:52:08.718+0800][info] GC(170) Concurrent Mark From Roots
[2024-09-09T06:52:08.718+0800][info] GC(170) Using 12 workers of 12 for marking
[2024-09-09T06:52:08.720+0800][info] GC(170) Concurrent Mark From Roots 2.084ms
[2024-09-09T06:52:08.720+0800][info] GC(170) Concurrent Preclean
[2024-09-09T06:52:08.722+0800][info] GC(170) Concurrent Preclean 1.706ms
[2024-09-09T06:52:08.722+0800][info] GC(170) Pause Remark
[2024-09-09T06:52:08.723+0800][info] GC(170) Pause Remark 44M->32M(128M) 1.101ms
[2024-09-09T06:52:08.723+0800][info] GC(170) User=0.00s Sys=0.00s Real=0.00s
[2024-09-09T06:52:08.723+0800][info] GC(170) Concurrent Mark 5.001ms
[2024-09-09T06:52:08.723+0800][info] GC(170) Concurrent Rebuild Remembered Sets
[2024-09-09T06:52:08.724+0800][info] GC(170) Concurrent Rebuild Remembered Sets 1.618ms
[2024-09-09T06:52:08.724+0800][info] GC(170) Pause Cleanup
[2024-09-09T06:52:08.725+0800][info] GC(170) Pause Cleanup 32M->32M(128M) 0.086ms
[2024-09-09T06:52:08.725+0800][info] GC(170) User=0.00s Sys=0.00s Real=0.00s
[2024-09-09T06:52:08.725+0800][info] GC(170) Concurrent Cleanup for Next Mark
[2024-09-09T06:52:08.725+0800][info] GC(170) Concurrent Cleanup for Next Mark 0.315ms
[2024-09-09T06:52:08.725+0800][info] GC(170) Concurrent Mark Cycle 7.361ms
[2024-09-09T06:52:10.850+0800][info] GC(171) Pause Young (Prepare Mixed) (G1 Evacuation Pause)
[2024-09-09T06:52:10.851+0800][info] GC(171) Using 3 workers of 48 for evacuation
[2024-09-09T06:52:10.853+0800][info] GC(171)   Pre Evacuate Collection Set: 0.0ms
[2024-09-09T06:52:10.853+0800][info] GC(171)   Merge Heap Roots: 0.0ms
[2024-09-09T06:52:10.853+0800][info] GC(171)   Evacuate Collection Set: 1.9ms
[2024-09-09T06:52:10.853+0800][info] GC(171)   Post Evacuate Collection Set: 0.2ms
[2024-09-09T06:52:10.853+0800][info] GC(171)   Other: 0.1ms
[2024-09-09T06:52:10.853+0800][info] GC(171) Eden regions: 4->0(1)
[2024-09-09T06:52:10.853+0800][info] GC(171) Survivor regions: 1->1(1)
[2024-09-09T06:52:10.853+0800][info] GC(171) Old regions: 7->11
[2024-09-09T06:52:10.853+0800][info] GC(171) Archive regions: 2->2
[2024-09-09T06:52:10.853+0800][info] GC(171) Humongous regions: 0->0
[2024-09-09T06:52:10.853+0800][info] GC(171) Metaspace: 902K(1088K)->902K(1088K) NonClass: 848K(960K)->848K(960K) Class: 53K(128K)->53K(128K)
[2024-09-09T06:52:10.853+0800][info] GC(171) Pause Young (Prepare Mixed) (G1 Evacuation Pause) 47M->47M(128M) 2.518ms
[2024-09-09T06:52:10.853+0800][info] GC(171) User=0.00s Sys=0.00s Real=0.00s
[2024-09-09T06:52:11.345+0800][info] GC(172) Pause Young (Mixed) (G1 Evacuation Pause)
[2024-09-09T06:52:11.345+0800][info] GC(172) Using 3 workers of 48 for evacuation
[2024-09-09T06:52:11.346+0800][info] GC(172)   Pre Evacuate Collection Set: 0.0ms
[2024-09-09T06:52:11.346+0800][info] GC(172)   Merge Heap Roots: 0.0ms
[2024-09-09T06:52:11.346+0800][info] GC(172)   Evacuate Collection Set: 0.8ms
[2024-09-09T06:52:11.346+0800][info] GC(172)   Post Evacuate Collection Set: 0.1ms
[2024-09-09T06:52:11.346+0800][info] GC(172)   Other: 0.2ms
[2024-09-09T06:52:11.346+0800][info] GC(172) Eden regions: 1->0(4)
[2024-09-09T06:52:11.346+0800][info] GC(172) Survivor regions: 1->1(1)
[2024-09-09T06:52:11.346+0800][info] GC(172) Old regions: 11->11
[2024-09-09T06:52:11.346+0800][info] GC(172) Archive regions: 2->2
[2024-09-09T06:52:11.346+0800][info] GC(172) Humongous regions: 0->0
[2024-09-09T06:52:11.346+0800][info] GC(172) Metaspace: 902K(1088K)->902K(1088K) NonClass: 848K(960K)->848K(960K) Class: 53K(128K)->53K(128K)
[2024-09-09T06:52:11.346+0800][info] GC(172) Pause Young (Mixed) (G1 Evacuation Pause) 51M->47M(128M) 1.305ms
[2024-09-09T06:52:11.346+0800][info] GC(172) User=0.00s Sys=0.00s Real=0.01s
[2024-09-09T06:52:13.131+0800][info] GC(173) Pause Young (Concurrent Start) (G1 Humongous Allocation)
[2024-09-09T06:52:13.131+0800][info] GC(173) Using 3 workers of 48 for evacuation
[2024-09-09T06:52:13.133+0800][info] GC(173)   Pre Evacuate Collection Set: 0.0ms
[2024-09-09T06:52:13.133+0800][info] GC(173)   Merge Heap Roots: 0.0ms
[2024-09-09T06:52:13.133+0800][info] GC(173)   Evacuate Collection Set: 1.8ms
[2024-09-09T06:52:13.133+0800][info] GC(173)   Post Evacuate Collection Set: 0.1ms
[2024-09-09T06:52:13.134+0800][info] GC(173)   Other: 0.3ms
[2024-09-09T06:52:13.134+0800][info] GC(173) Eden regions: 4->0(3)
[2024-09-09T06:52:13.134+0800][info] GC(173) Survivor regions: 1->1(1)
[2024-09-09T06:52:13.134+0800][info] GC(173) Old regions: 11->15
[2024-09-09T06:52:13.134+0800][info] GC(173) Archive regions: 2->2
[2024-09-09T06:52:13.134+0800][info] GC(173) Humongous regions: 0->0
[2024-09-09T06:52:13.134+0800][info] GC(173) Metaspace: 902K(1088K)->902K(1088K) NonClass: 848K(960K)->848K(960K) Class: 53K(128K)->53K(128K)
[2024-09-09T06:52:13.134+0800][info] GC(173) Pause Young (Concurrent Start) (G1 Humongous Allocation) 61M->61M(128M) 2.399ms
[2024-09-09T06:52:13.134+0800][info] GC(173) User=0.00s Sys=0.00s Real=0.00s
[2024-09-09T06:52:13.134+0800][info] GC(174) Concurrent Mark Cycle
[2024-09-09T06:52:13.134+0800][info] GC(174) Concurrent Clear Claimed Marks
[2024-09-09T06:52:13.134+0800][info] GC(174) Concurrent Clear Claimed Marks 0.020ms
[2024-09-09T06:52:13.134+0800][info] GC(174) Concurrent Scan Root Regions
[2024-09-09T06:52:13.134+0800][info] GC(174) Concurrent Scan Root Regions 0.113ms
[2024-09-09T06:52:13.134+0800][info] GC(174) Concurrent Mark
[2024-09-09T06:52:13.134+0800][info] GC(174) Concurrent Mark From Roots
[2024-09-09T06:52:13.134+0800][info] GC(174) Using 12 workers of 12 for marking
[2024-09-09T06:52:13.136+0800][info] GC(174) Concurrent Mark From Roots 2.221ms
[2024-09-09T06:52:13.136+0800][info] GC(174) Concurrent Preclean
[2024-09-09T06:52:13.138+0800][info] GC(174) Concurrent Preclean 1.729ms
[2024-09-09T06:52:13.138+0800][info] GC(174) Pause Remark
[2024-09-09T06:52:13.139+0800][info] GC(174) Pause Remark 78M->50M(128M) 1.119ms
[2024-09-09T06:52:13.139+0800][info] GC(174) User=0.00s Sys=0.00s Real=0.00s
[2024-09-09T06:52:13.139+0800][info] GC(174) Concurrent Mark 5.194ms
[2024-09-09T06:52:13.139+0800][info] GC(174) Concurrent Rebuild Remembered Sets
[2024-09-09T06:52:13.143+0800][info] GC(174) Concurrent Rebuild Remembered Sets 3.963ms
[2024-09-09T06:52:13.143+0800][info] GC(174) Pause Cleanup
[2024-09-09T06:52:13.143+0800][info] GC(174) Pause Cleanup 50M->50M(128M) 0.133ms
[2024-09-09T06:52:13.143+0800][info] GC(174) User=0.00s Sys=0.00s Real=0.00s
[2024-09-09T06:52:13.143+0800][info] GC(174) Concurrent Cleanup for Next Mark
[2024-09-09T06:52:13.143+0800][info] GC(174) Concurrent Cleanup for Next Mark 0.197ms
[2024-09-09T06:52:13.143+0800][info] GC(174) Concurrent Mark Cycle 9.838ms
[2024-09-09T06:52:13.749+0800][info] GC(175) Pause Young (Prepare Mixed) (G1 Humongous Allocation)
[2024-09-09T06:52:13.749+0800][info] GC(175) Using 3 workers of 48 for evacuation
[2024-09-09T06:52:13.750+0800][info] GC(175)   Pre Evacuate Collection Set: 0.0ms
[2024-09-09T06:52:13.750+0800][info] GC(175)   Merge Heap Roots: 0.0ms
[2024-09-09T06:52:13.750+0800][info] GC(175)   Evacuate Collection Set: 0.5ms
[2024-09-09T06:52:13.750+0800][info] GC(175)   Post Evacuate Collection Set: 0.1ms
[2024-09-09T06:52:13.750+0800][info] GC(175)   Other: 0.1ms
[2024-09-09T06:52:13.750+0800][info] GC(175) Eden regions: 1->0(1)
[2024-09-09T06:52:13.750+0800][info] GC(175) Survivor regions: 1->1(1)
[2024-09-09T06:52:13.750+0800][info] GC(175) Old regions: 8->9
[2024-09-09T06:52:13.750+0800][info] GC(175) Archive regions: 2->2
[2024-09-09T06:52:13.750+0800][info] GC(175) Humongous regions: 12->8
[2024-09-09T06:52:13.750+0800][info] GC(175) Metaspace: 902K(1088K)->902K(1088K) NonClass: 848K(960K)->848K(960K) Class: 53K(128K)->53K(128K)
[2024-09-09T06:52:13.750+0800][info] GC(175) Pause Young (Prepare Mixed) (G1 Humongous Allocation) 82M->65M(128M) 0.849ms
[2024-09-09T06:52:13.750+0800][info] GC(175) User=0.00s Sys=0.00s Real=0.00s
[2024-09-09T06:52:13.772+0800][info] GC(176) Pause Young (Mixed) (G1 Humongous Allocation)
[2024-09-09T06:52:13.772+0800][info] GC(176) Using 3 workers of 48 for evacuation
[2024-09-09T06:52:13.772+0800][info] GC(176)   Pre Evacuate Collection Set: 0.0ms
[2024-09-09T06:52:13.772+0800][info] GC(176)   Merge Heap Roots: 0.0ms
[2024-09-09T06:52:13.772+0800][info] GC(176)   Evacuate Collection Set: 0.1ms
[2024-09-09T06:52:13.772+0800][info] GC(176)   Post Evacuate Collection Set: 0.1ms
[2024-09-09T06:52:13.772+0800][info] GC(176)   Other: 0.1ms
[2024-09-09T06:52:13.772+0800][info] GC(176) Eden regions: 1->0(2)
[2024-09-09T06:52:13.772+0800][info] GC(176) Survivor regions: 1->1(1)
[2024-09-09T06:52:13.772+0800][info] GC(176) Old regions: 9->7
[2024-09-09T06:52:13.772+0800][info] GC(176) Archive regions: 2->2
[2024-09-09T06:52:13.772+0800][info] GC(176) Humongous regions: 12->12
[2024-09-09T06:52:13.772+0800][info] GC(176) Metaspace: 902K(1088K)->902K(1088K) NonClass: 848K(960K)->848K(960K) Class: 53K(128K)->53K(128K)
[2024-09-09T06:52:13.772+0800][info] GC(176) Pause Young (Mixed) (G1 Humongous Allocation) 81M->74M(128M) 0.361ms
[2024-09-09T06:52:13.772+0800][info] GC(176) User=0.00s Sys=0.00s Real=0.00s
[2024-09-09T06:52:13.794+0800][info] GC(177) Pause Young (Concurrent Start) (G1 Humongous Allocation)
[2024-09-09T06:52:13.794+0800][info] GC(177) Using 3 workers of 48 for evacuation
[2024-09-09T06:52:13.795+0800][info] GC(177)   Pre Evacuate Collection Set: 0.0ms
[2024-09-09T06:52:13.795+0800][info] GC(177)   Merge Heap Roots: 0.0ms
[2024-09-09T06:52:13.795+0800][info] GC(177)   Evacuate Collection Set: 0.2ms
[2024-09-09T06:52:13.795+0800][info] GC(177)   Post Evacuate Collection Set: 0.1ms
[2024-09-09T06:52:13.795+0800][info] GC(177)   Other: 0.1ms
[2024-09-09T06:52:13.795+0800][info] GC(177) Eden regions: 1->0(1)
[2024-09-09T06:52:13.795+0800][info] GC(177) Survivor regions: 1->1(1)
[2024-09-09T06:52:13.795+0800][info] GC(177) Old regions: 7->7
[2024-09-09T06:52:13.795+0800][info] GC(177) Archive regions: 2->2
[2024-09-09T06:52:13.795+0800][info] GC(177) Humongous regions: 16->12
[2024-09-09T06:52:13.795+0800][info] GC(177) Metaspace: 902K(1088K)->902K(1088K) NonClass: 848K(960K)->848K(960K) Class: 53K(128K)->53K(128K)
[2024-09-09T06:52:13.795+0800][info] GC(177) Pause Young (Concurrent Start) (G1 Humongous Allocation) 90M->74M(128M) 0.541ms
[2024-09-09T06:52:13.795+0800][info] GC(177) User=0.00s Sys=0.00s Real=0.00s
[2024-09-09T06:52:13.795+0800][info] GC(178) Concurrent Mark Cycle
[2024-09-09T06:52:13.795+0800][info] GC(178) Concurrent Clear Claimed Marks
[2024-09-09T06:52:13.795+0800][info] GC(178) Concurrent Clear Claimed Marks 0.017ms
[2024-09-09T06:52:13.795+0800][info] GC(178) Concurrent Scan Root Regions
[2024-09-09T06:52:13.795+0800][info] GC(178) Concurrent Scan Root Regions 0.053ms
[2024-09-09T06:52:13.795+0800][info] GC(178) Concurrent Mark
[2024-09-09T06:52:13.795+0800][info] GC(178) Concurrent Mark From Roots
[2024-09-09T06:52:13.795+0800][info] GC(178) Using 12 workers of 12 for marking
[2024-09-09T06:52:13.797+0800][info] GC(178) Concurrent Mark From Roots 2.189ms
[2024-09-09T06:52:13.797+0800][info] GC(178) Concurrent Preclean
[2024-09-09T06:52:13.799+0800][info] GC(178) Concurrent Preclean 1.671ms
[2024-09-09T06:52:13.799+0800][info] GC(178) Pause Remark
[2024-09-09T06:52:13.800+0800][info] GC(178) Pause Remark 90M->74M(128M) 1.014ms
[2024-09-09T06:52:13.800+0800][info] GC(178) User=0.01s Sys=0.00s Real=0.00s
[2024-09-09T06:52:13.800+0800][info] GC(178) Concurrent Mark 4.980ms
[2024-09-09T06:52:13.800+0800][info] GC(178) Concurrent Rebuild Remembered Sets
[2024-09-09T06:52:13.804+0800][info] GC(178) Concurrent Rebuild Remembered Sets 4.217ms
[2024-09-09T06:52:13.804+0800][info] GC(178) Pause Cleanup
[2024-09-09T06:52:13.804+0800][info] GC(178) Pause Cleanup 74M->74M(128M) 0.153ms
[2024-09-09T06:52:13.804+0800][info] GC(178) User=0.00s Sys=0.00s Real=0.00s
[2024-09-09T06:52:13.804+0800][info] GC(178) Concurrent Cleanup for Next Mark
[2024-09-09T06:52:13.805+0800][info] GC(178) Concurrent Cleanup for Next Mark 0.268ms
[2024-09-09T06:52:13.805+0800][info] GC(178) Concurrent Mark Cycle 9.909ms
[2024-09-09T06:52:14.388+0800][info] GC(179) Pause Young (Prepare Mixed) (G1 Preventive Collection)
[2024-09-09T06:52:14.388+0800][info] GC(179) Using 3 workers of 48 for evacuation
[2024-09-09T06:52:14.389+0800][info] GC(179)   Pre Evacuate Collection Set: 0.0ms
[2024-09-09T06:52:14.389+0800][info] GC(179)   Merge Heap Roots: 0.0ms
[2024-09-09T06:52:14.389+0800][info] GC(179)   Evacuate Collection Set: 0.1ms
[2024-09-09T06:52:14.389+0800][info] GC(179)   Post Evacuate Collection Set: 0.2ms
[2024-09-09T06:52:14.389+0800][info] GC(179)   Other: 0.1ms
[2024-09-09T06:52:14.389+0800][info] GC(179) Eden regions: 1->0(1)
[2024-09-09T06:52:14.389+0800][info] GC(179) Survivor regions: 1->1(1)
[2024-09-09T06:52:14.389+0800][info] GC(179) Old regions: 3->3
[2024-09-09T06:52:14.389+0800][info] GC(179) Archive regions: 2->2
[2024-09-09T06:52:14.389+0800][info] GC(179) Humongous regions: 20->8
[2024-09-09T06:52:14.389+0800][info] GC(179) Metaspace: 902K(1088K)->902K(1088K) NonClass: 848K(960K)->848K(960K) Class: 53K(128K)->53K(128K)
[2024-09-09T06:52:14.389+0800][info] GC(179) Pause Young (Prepare Mixed) (G1 Preventive Collection) 90M->42M(128M) 0.494ms
[2024-09-09T06:52:14.389+0800][info] GC(179) User=0.00s Sys=0.00s Real=0.00s
[2024-09-09T06:52:14.443+0800][info] GC(180) Pause Young (Concurrent Start) (WhiteBox Initiated Concurrent Mark)
[2024-09-09T06:52:14.443+0800][info] GC(180) Using 3 workers of 48 for evacuation
[2024-09-09T06:52:14.443+0800][info] GC(180)   Pre Evacuate Collection Set: 0.0ms
[2024-09-09T06:52:14.443+0800][info] GC(180)   Merge Heap Roots: 0.0ms
[2024-09-09T06:52:14.443+0800][info] GC(180)   Evacuate Collection Set: 0.2ms
[2024-09-09T06:52:14.443+0800][info] GC(180)   Post Evacuate Collection Set: 0.1ms
[2024-09-09T06:52:14.443+0800][info] GC(180)   Other: 0.1ms
[2024-09-09T06:52:14.443+0800][info] GC(180) Eden regions: 1->0(1)
[2024-09-09T06:52:14.443+0800][info] GC(180) Survivor regions: 1->1(1)
[2024-09-09T06:52:14.443+0800][info] GC(180) Old regions: 3->3
[2024-09-09T06:52:14.443+0800][info] GC(180) Archive regions: 2->2
[2024-09-09T06:52:14.443+0800][info] GC(180) Humongous regions: 16->12
[2024-09-09T06:52:14.443+0800][info] GC(180) Metaspace: 902K(1088K)->902K(1088K) NonClass: 848K(960K)->848K(960K) Class: 53K(128K)->53K(128K)
[2024-09-09T06:52:14.443+0800][info] GC(180) Pause Young (Concurrent Start) (WhiteBox Initiated Concurrent Mark) 74M->58M(128M) 0.504ms
[2024-09-09T06:52:14.443+0800][info] GC(180) User=0.00s Sys=0.00s Real=0.00s
[2024-09-09T06:52:14.443+0800][info] GC(181) Concurrent Mark Cycle
[2024-09-09T06:52:14.443+0800][info] GC(181) Concurrent Clear Claimed Marks
[2024-09-09T06:52:14.443+0800][info] GC(181) Concurrent Clear Claimed Marks 0.017ms
[2024-09-09T06:52:14.443+0800][info] GC(181) Concurrent Scan Root Regions
[2024-09-09T06:52:14.443+0800][info] GC(181) Concurrent Scan Root Regions 0.071ms
[2024-09-09T06:52:14.443+0800][info] GC(181) Concurrent Mark
[2024-09-09T06:52:14.443+0800][info] GC(181) Concurrent Mark From Roots
[2024-09-09T06:52:14.443+0800][info] GC(181) Using 12 workers of 12 for marking
[2024-09-09T06:52:14.446+0800][info] GC(181) Concurrent Mark From Roots 2.076ms
[2024-09-09T06:52:14.446+0800][info] GC(181) Concurrent Preclean
[2024-09-09T06:52:14.446+0800][info] GC(181) Concurrent Preclean 0.866ms
[2024-09-09T06:52:14.446+0800][info] GC(181) Pause Remark
[2024-09-09T06:52:14.447+0800][info] GC(181) Pause Remark 58M->54M(128M) 0.762ms
[2024-09-09T06:52:14.447+0800][info] GC(181) User=0.00s Sys=0.00s Real=0.00s
[2024-09-09T06:52:14.447+0800][info] GC(181) Concurrent Mark 3.810ms
[2024-09-09T06:52:14.447+0800][info] GC(181) Concurrent Rebuild Remembered Sets
[2024-09-09T06:52:14.450+0800][info] GC(181) Concurrent Rebuild Remembered Sets 2.654ms
[2024-09-09T06:52:14.450+0800][info] GC(181) Pause Cleanup
[2024-09-09T06:52:14.450+0800][info] GC(181) Pause Cleanup 54M->54M(128M) 0.140ms
[2024-09-09T06:52:14.450+0800][info] GC(181) User=0.00s Sys=0.00s Real=0.00s
[2024-09-09T06:52:14.450+0800][info] GC(181) Concurrent Cleanup for Next Mark
[2024-09-09T06:52:14.450+0800][info] GC(181) Concurrent Cleanup for Next Mark 0.181ms
[2024-09-09T06:52:14.450+0800][info] GC(181) Concurrent Mark Cycle 7.058ms
[2024-09-09T06:52:15.496+0800][info] GC(182) Pause Young (Concurrent Start) (WhiteBox Initiated Concurrent Mark)
[2024-09-09T06:52:15.496+0800][info] GC(182) Using 3 workers of 48 for evacuation
[2024-09-09T06:52:15.497+0800][info] GC(182)   Pre Evacuate Collection Set: 0.0ms
[2024-09-09T06:52:15.497+0800][info] GC(182)   Merge Heap Roots: 0.0ms
[2024-09-09T06:52:15.497+0800][info] GC(182)   Evacuate Collection Set: 0.5ms
[2024-09-09T06:52:15.497+0800][info] GC(182)   Post Evacuate Collection Set: 0.3ms
[2024-09-09T06:52:15.497+0800][info] GC(182)   Other: 0.2ms
[2024-09-09T06:52:15.497+0800][info] GC(182) Eden regions: 1->0(2)
[2024-09-09T06:52:15.497+0800][info] GC(182) Survivor regions: 1->1(1)
[2024-09-09T06:52:15.497+0800][info] GC(182) Old regions: 2->2
[2024-09-09T06:52:15.497+0800][info] GC(182) Archive regions: 2->2
[2024-09-09T06:52:15.497+0800][info] GC(182) Humongous regions: 12->12
[2024-09-09T06:52:15.497+0800][info] GC(182) Metaspace: 929K(1088K)->929K(1088K) NonClass: 873K(960K)->873K(960K) Class: 55K(128K)->55K(128K)
[2024-09-09T06:52:15.497+0800][info] GC(182) Pause Young (Concurrent Start) (WhiteBox Initiated Concurrent Mark) 54M->54M(128M) 1.187ms
[2024-09-09T06:52:15.498+0800][info] GC(182) User=0.00s Sys=0.00s Real=0.01s
[2024-09-09T06:52:15.498+0800][info] GC(183) Concurrent Mark Cycle
[2024-09-09T06:52:15.498+0800][info] GC(183) Concurrent Clear Claimed Marks
[2024-09-09T06:52:15.498+0800][info] GC(183) Concurrent Clear Claimed Marks 0.018ms
[2024-09-09T06:52:15.498+0800][info] GC(183) Concurrent Scan Root Regions
[2024-09-09T06:52:15.498+0800][info] GC(183) Concurrent Scan Root Regions 0.133ms
[2024-09-09T06:52:15.498+0800][info] GC(183) Concurrent Mark
[2024-09-09T06:52:15.498+0800][info] GC(183) Concurrent Mark From Roots
[2024-09-09T06:52:15.498+0800][info] GC(183) Using 12 workers of 12 for marking
[2024-09-09T06:52:15.501+0800][info] GC(183) Concurrent Mark From Roots 3.034ms
[2024-09-09T06:52:15.501+0800][info] GC(183) Concurrent Preclean
[2024-09-09T06:52:15.503+0800][info] GC(183) Concurrent Preclean 1.676ms
[2024-09-09T06:52:15.503+0800][info] GC(183) Pause Remark
[2024-09-09T06:52:15.504+0800][info] GC(183) Pause Remark 54M->54M(128M) 0.983ms
[2024-09-09T06:52:15.504+0800][info] GC(183) User=0.00s Sys=0.00s Real=0.00s
[2024-09-09T06:52:15.504+0800][info] GC(183) Concurrent Mark 5.806ms
[2024-09-09T06:52:15.504+0800][info] GC(183) Concurrent Rebuild Remembered Sets
[2024-09-09T06:52:15.508+0800][info] GC(183) Concurrent Rebuild Remembered Sets 4.604ms
[2024-09-09T06:52:15.508+0800][info] GC(183) Pause Cleanup
[2024-09-09T06:52:15.508+0800][info] GC(183) Pause Cleanup 54M->54M(128M) 0.136ms
[2024-09-09T06:52:15.508+0800][info] GC(183) User=0.00s Sys=0.00s Real=0.00s
[2024-09-09T06:52:15.508+0800][info] GC(183) Concurrent Cleanup for Next Mark
[2024-09-09T06:52:15.509+0800][info] GC(183) Concurrent Cleanup for Next Mark 0.241ms
[2024-09-09T06:52:15.509+0800][info] GC(183) Concurrent Mark Cycle 11.180ms
[2024-09-09T06:52:16.499+0800][info] Heap
[2024-09-09T06:52:16.499+0800][info]  garbage-first heap   total 131072K, used 55581K [0x00000000f8000000, 0x0000000100000000)
[2024-09-09T06:52:16.499+0800][info]   region size 4096K, 2 young (8192K), 1 survivors (4096K)
[2024-09-09T06:52:16.499+0800][info]  Metaspace       used 937K, committed 1088K, reserved 1114112K
[2024-09-09T06:52:16.499+0800][info]   class space    used 55K, committed 128K, reserved 1048576K
